[2020-09-11T13:57:35.863+0000][1][gc] Using Concurrent Mark Sweep
[2020-09-11T13:57:35.863+0000][1][gc,heap,coops] Heap address: 0x0000000080000000, size: 2048 MB, Compressed Oops mode: 32-bit
[2020-09-11T13:57:36.063+0000][1][safepoint    ] Safepoint "EnableBiasedLocking", Time since last: 171263589 ns, Reaching safepoint: 763790 ns, At safepoint: 41213 ns, Total: 805003 ns
[2020-09-11T13:57:36.071+0000][1][safepoint    ] Safepoint "RevokeBias", Time since last: 6160600 ns, Reaching safepoint: 1788581 ns, At safepoint: 36637 ns, Total: 1825218 ns
[2020-09-11T13:57:36.119+0000][1][safepoint    ] Safepoint "Deoptimize", Time since last: 43362153 ns, Reaching safepoint: 4614249 ns, At safepoint: 21925 ns, Total: 4636174 ns
[2020-09-11T13:57:36.650+0000][1][safepoint    ] Safepoint "Deoptimize", Time since last: 530097177 ns, Reaching safepoint: 780312 ns, At safepoint: 31454 ns, Total: 811766 ns
[2020-09-11T13:57:36.659+0000][1][safepoint    ] Safepoint "Deoptimize", Time since last: 5878169 ns, Reaching safepoint: 2419142 ns, At safepoint: 34242 ns, Total: 2453384 ns
[2020-09-11T13:57:36.828+0000][1][safepoint    ] Safepoint "Deoptimize", Time since last: 168773453 ns, Reaching safepoint: 103177 ns, At safepoint: 40574 ns, Total: 143751 ns
[2020-09-11T13:57:37.843+0000][1][safepoint    ] Safepoint "Cleanup", Time since last: 1007518610 ns, Reaching safepoint: 8330297 ns, At safepoint: 7827 ns, Total: 8338124 ns
[2020-09-11T13:57:38.470+0000][1][safepoint    ] Safepoint "Deoptimize", Time since last: 626822506 ns, Reaching safepoint: 120831 ns, At safepoint: 60197 ns, Total: 181028 ns
[2020-09-11T13:57:38.686+0000][1][safepoint    ] Safepoint "Deoptimize", Time since last: 215515931 ns, Reaching safepoint: 93447 ns, At safepoint: 66785 ns, Total: 160232 ns
[2020-09-11T13:57:38.924+0000][1][safepoint    ] Safepoint "Deoptimize", Time since last: 232597655 ns, Reaching safepoint: 4687236 ns, At safepoint: 70255 ns, Total: 4757491 ns
[2020-09-11T13:57:39.924+0000][1][safepoint    ] Safepoint "Cleanup", Time since last: 1000109402 ns, Reaching safepoint: 127653 ns, At safepoint: 5665 ns, Total: 133318 ns
[2020-09-11T13:57:40.276+0000][1][safepoint    ] Safepoint "Deoptimize", Time since last: 351689692 ns, Reaching safepoint: 97908 ns, At safepoint: 89444 ns, Total: 187352 ns
[2020-09-11T13:57:41.291+0000][1][safepoint    ] Safepoint "Cleanup", Time since last: 1002496286 ns, Reaching safepoint: 13067310 ns, At safepoint: 6796 ns, Total: 13074106 ns
[2020-09-11T13:57:41.943+0000][1][safepoint    ] Safepoint "Deoptimize", Time since last: 646243242 ns, Reaching safepoint: 5853515 ns, At safepoint: 125512 ns, Total: 5979027 ns
[2020-09-11T13:57:42.944+0000][1][safepoint    ] Safepoint "Cleanup", Time since last: 1000109315 ns, Reaching safepoint: 316862 ns, At safepoint: 5393 ns, Total: 322255 ns
[2020-09-11T13:57:43.390+0000][1][safepoint    ] Safepoint "Deoptimize", Time since last: 445798171 ns, Reaching safepoint: 102796 ns, At safepoint: 101889 ns, Total: 204685 ns
[2020-09-11T13:57:43.391+0000][1][safepoint    ] Safepoint "Deoptimize", Time since last: 591848 ns, Reaching safepoint: 79526 ns, At safepoint: 47959 ns, Total: 127485 ns
[2020-09-11T13:57:43.584+0000][1][safepoint    ] Safepoint "Deoptimize", Time since last: 192858250 ns, Reaching safepoint: 437464 ns, At safepoint: 104505 ns, Total: 541969 ns
[2020-09-11T13:57:43.590+0000][1][safepoint    ] Safepoint "Deoptimize", Time since last: 3448396 ns, Reaching safepoint: 2174305 ns, At safepoint: 106092 ns, Total: 2280397 ns
[2020-09-11T13:57:43.659+0000][1][safepoint    ] Safepoint "RevokeBias", Time since last: 61454007 ns, Reaching safepoint: 7407927 ns, At safepoint: 52637 ns, Total: 7460564 ns
[2020-09-11T13:57:43.659+0000][1][safepoint    ] Safepoint "RevokeBias", Time since last: 194194 ns, Reaching safepoint: 88642 ns, At safepoint: 30079 ns, Total: 118721 ns
[2020-09-11T13:57:43.659+0000][1][safepoint    ] Safepoint "RevokeBias", Time since last: 122226 ns, Reaching safepoint: 84017 ns, At safepoint: 27883 ns, Total: 111900 ns
[2020-09-11T13:57:43.659+0000][1][safepoint    ] Safepoint "RevokeBias", Time since last: 40884 ns, Reaching safepoint: 81344 ns, At safepoint: 25459 ns, Total: 106803 ns
[2020-09-11T13:57:43.660+0000][1][safepoint    ] Safepoint "RevokeBias", Time since last: 112850 ns, Reaching safepoint: 81003 ns, At safepoint: 25209 ns, Total: 106212 ns
[2020-09-11T13:57:43.660+0000][1][safepoint    ] Safepoint "RevokeBias", Time since last: 158264 ns, Reaching safepoint: 77502 ns, At safepoint: 30197 ns, Total: 107699 ns
[2020-09-11T13:57:44.272+0000][1][safepoint    ] Safepoint "RevokeBias", Time since last: 611615221 ns, Reaching safepoint: 114261 ns, At safepoint: 15183 ns, Total: 129444 ns
[2020-09-11T13:57:45.279+0000][1][safepoint    ] Safepoint "Cleanup", Time since last: 1000109112 ns, Reaching safepoint: 7802939 ns, At safepoint: 12501 ns, Total: 7815440 ns
[2020-09-11T13:57:45.844+0000][1][gc,start     ] GC(0) Pause Young (Allocation Failure)
[2020-09-11T13:57:45.844+0000][1][gc,task      ] GC(0) Using 1 workers of 1 for evacuation
[2020-09-11T13:57:45.918+0000][1][gc,age       ] GC(0) Desired survivor size 4358144 bytes, new threshold 1 (max threshold 6)
[2020-09-11T13:57:45.918+0000][1][gc,age       ] GC(0) Age table with threshold 1 (max threshold 6)
[2020-09-11T13:57:45.918+0000][1][gc,age       ] GC(0) - age   1:    6399672 bytes,    6399672 total
[2020-09-11T13:57:45.919+0000][1][gc,heap      ] GC(0) ParNew: 68160K->6275K(76672K)
[2020-09-11T13:57:45.919+0000][1][gc,heap      ] GC(0) CMS: 0K->0K(2011968K)
[2020-09-11T13:57:45.919+0000][1][gc,metaspace ] GC(0) Metaspace: 13540K->13540K(1060864K)
[2020-09-11T13:57:45.919+0000][1][gc           ] GC(0) Pause Young (Allocation Failure) 66M->6M(2039M) 74.991ms
[2020-09-11T13:57:45.919+0000][1][gc,cpu       ] GC(0) User=0.03s Sys=0.00s Real=0.07s
[2020-09-11T13:57:45.919+0000][1][safepoint    ] Safepoint "GenCollectForAllocation", Time since last: 563960629 ns, Reaching safepoint: 119524 ns, At safepoint: 75335799 ns, Total: 75455323 ns
[2020-09-11T13:57:45.971+0000][1][safepoint    ] Safepoint "RevokeBias", Time since last: 30018372 ns, Reaching safepoint: 1240618 ns, At safepoint: 21295751 ns, Total: 22536369 ns
[2020-09-11T13:57:45.972+0000][1][safepoint    ] Safepoint "RevokeBias", Time since last: 144479 ns, Reaching safepoint: 439935 ns, At safepoint: 22389 ns, Total: 462324 ns
[2020-09-11T13:57:45.972+0000][1][safepoint    ] Safepoint "RevokeBias", Time since last: 65627 ns, Reaching safepoint: 154342 ns, At safepoint: 19142 ns, Total: 173484 ns
[2020-09-11T13:57:45.972+0000][1][safepoint    ] Safepoint "RevokeBias", Time since last: 36453 ns, Reaching safepoint: 83017 ns, At safepoint: 16680 ns, Total: 99697 ns
[2020-09-11T13:57:45.976+0000][1][safepoint    ] Safepoint "RevokeBias", Time since last: 49695 ns, Reaching safepoint: 3037677 ns, At safepoint: 48646 ns, Total: 3086323 ns
[2020-09-11T13:57:45.976+0000][1][safepoint    ] Safepoint "RevokeBias", Time since last: 70379 ns, Reaching safepoint: 820039 ns, At safepoint: 35186 ns, Total: 855225 ns
[2020-09-11T13:57:45.977+0000][1][safepoint    ] Safepoint "RevokeBias", Time since last: 51344 ns, Reaching safepoint: 84701 ns, At safepoint: 26943 ns, Total: 111644 ns
[2020-09-11T13:57:45.977+0000][1][safepoint    ] Safepoint "RevokeBias", Time since last: 27914 ns, Reaching safepoint: 82409 ns, At safepoint: 26494 ns, Total: 108903 ns
[2020-09-11T13:57:45.977+0000][1][safepoint    ] Safepoint "RevokeBias", Time since last: 37272 ns, Reaching safepoint: 81952 ns, At safepoint: 27033 ns, Total: 108985 ns
[2020-09-11T13:57:45.977+0000][1][safepoint    ] Safepoint "RevokeBias", Time since last: 24343 ns, Reaching safepoint: 81321 ns, At safepoint: 26089 ns, Total: 107410 ns
[2020-09-11T13:57:45.977+0000][1][safepoint    ] Safepoint "RevokeBias", Time since last: 34626 ns, Reaching safepoint: 86772 ns, At safepoint: 27550 ns, Total: 114322 ns
[2020-09-11T13:57:45.977+0000][1][safepoint    ] Safepoint "RevokeBias", Time since last: 26042 ns, Reaching safepoint: 230585 ns, At safepoint: 26818 ns, Total: 257403 ns
[2020-09-11T13:57:45.978+0000][1][safepoint    ] Safepoint "RevokeBias", Time since last: 63395 ns, Reaching safepoint: 81755 ns, At safepoint: 25385 ns, Total: 107140 ns
[2020-09-11T13:57:45.978+0000][1][safepoint    ] Safepoint "RevokeBias", Time since last: 36180 ns, Reaching safepoint: 80747 ns, At safepoint: 23534 ns, Total: 104281 ns
[2020-09-11T13:57:45.978+0000][1][safepoint    ] Safepoint "RevokeBias", Time since last: 48132 ns, Reaching safepoint: 80337 ns, At safepoint: 22199 ns, Total: 102536 ns
[2020-09-11T13:57:45.978+0000][1][safepoint    ] Safepoint "RevokeBias", Time since last: 24863 ns, Reaching safepoint: 81055 ns, At safepoint: 21919 ns, Total: 102974 ns
[2020-09-11T13:57:45.979+0000][1][safepoint    ] Safepoint "RevokeBias", Time since last: 184455 ns, Reaching safepoint: 1149482 ns, At safepoint: 28181 ns, Total: 1177663 ns
[2020-09-11T13:57:45.980+0000][1][safepoint    ] Safepoint "RevokeBias", Time since last: 31072 ns, Reaching safepoint: 80914 ns, At safepoint: 23705 ns, Total: 104619 ns
[2020-09-11T13:57:45.980+0000][1][safepoint    ] Safepoint "RevokeBias", Time since last: 38116 ns, Reaching safepoint: 80892 ns, At safepoint: 23522 ns, Total: 104414 ns
[2020-09-11T13:57:45.980+0000][1][safepoint    ] Safepoint "RevokeBias", Time since last: 24935 ns, Reaching safepoint: 81374 ns, At safepoint: 30537 ns, Total: 111911 ns
[2020-09-11T13:57:45.980+0000][1][safepoint    ] Safepoint "RevokeBias", Time since last: 49661 ns, Reaching safepoint: 80602 ns, At safepoint: 23364 ns, Total: 103966 ns
[2020-09-11T13:57:45.980+0000][1][safepoint    ] Safepoint "RevokeBias", Time since last: 24033 ns, Reaching safepoint: 79568 ns, At safepoint: 22246 ns, Total: 101814 ns
[2020-09-11T13:57:45.980+0000][1][safepoint    ] Safepoint "RevokeBias", Time since last: 108227 ns, Reaching safepoint: 80715 ns, At safepoint: 22611 ns, Total: 103326 ns
[2020-09-11T13:57:45.980+0000][1][safepoint    ] Safepoint "RevokeBias", Time since last: 24668 ns, Reaching safepoint: 79788 ns, At safepoint: 22181 ns, Total: 101969 ns
[2020-09-11T13:57:45.981+0000][1][safepoint    ] Safepoint "RevokeBias", Time since last: 35266 ns, Reaching safepoint: 80160 ns, At safepoint: 23316 ns, Total: 103476 ns
[2020-09-11T13:57:45.981+0000][1][safepoint    ] Safepoint "RevokeBias", Time since last: 24131 ns, Reaching safepoint: 79472 ns, At safepoint: 22747 ns, Total: 102219 ns
[2020-09-11T13:57:45.981+0000][1][safepoint    ] Safepoint "RevokeBias", Time since last: 38048 ns, Reaching safepoint: 80482 ns, At safepoint: 22705 ns, Total: 103187 ns
[2020-09-11T13:57:45.981+0000][1][safepoint    ] Safepoint "RevokeBias", Time since last: 23979 ns, Reaching safepoint: 80081 ns, At safepoint: 22959 ns, Total: 103040 ns
[2020-09-11T13:57:45.983+0000][1][safepoint    ] Safepoint "RevokeBias", Time since last: 114482 ns, Reaching safepoint: 2054688 ns, At safepoint: 30794 ns, Total: 2085482 ns
[2020-09-11T13:57:45.983+0000][1][safepoint    ] Safepoint "RevokeBias", Time since last: 32762 ns, Reaching safepoint: 161584 ns, At safepoint: 25263 ns, Total: 186847 ns
[2020-09-11T13:57:46.109+0000][1][safepoint    ] Safepoint "Deoptimize", Time since last: 125768211 ns, Reaching safepoint: 116932 ns, At safepoint: 156763 ns, Total: 273695 ns
[2020-09-11T13:57:47.116+0000][1][safepoint    ] Safepoint "Cleanup", Time since last: 1005919484 ns, Reaching safepoint: 196103 ns, At safepoint: 8053 ns, Total: 204156 ns
[2020-09-11T13:57:47.308+0000][1][safepoint    ] Safepoint "RevokeBias", Time since last: 191823431 ns, Reaching safepoint: 109972 ns, At safepoint: 35057 ns, Total: 145029 ns
[2020-09-11T13:57:48.313+0000][1][safepoint    ] Safepoint "Cleanup", Time since last: 1004412139 ns, Reaching safepoint: 748148 ns, At safepoint: 7676 ns, Total: 755824 ns
[2020-09-11T13:57:48.733+0000][1][safepoint    ] Safepoint "Deoptimize", Time since last: 418725857 ns, Reaching safepoint: 1076990 ns, At safepoint: 160026 ns, Total: 1237016 ns
[2020-09-11T13:57:49.173+0000][1][gc,start     ] GC(1) Pause Young (Allocation Failure)
[2020-09-11T13:57:49.173+0000][1][gc,task      ] GC(1) Using 1 workers of 1 for evacuation
[2020-09-11T13:57:49.324+0000][1][gc,age       ] GC(1) Desired survivor size 4358144 bytes, new threshold 6 (max threshold 6)
[2020-09-11T13:57:49.324+0000][1][gc,age       ] GC(1) Age table with threshold 6 (max threshold 6)
[2020-09-11T13:57:49.324+0000][1][gc,age       ] GC(1) - age   1:    3948160 bytes,    3948160 total
[2020-09-11T13:57:49.324+0000][1][gc,heap      ] GC(1) ParNew: 74435K->4198K(76672K)
[2020-09-11T13:57:49.324+0000][1][gc,heap      ] GC(1) CMS: 0K->6782K(2011968K)
[2020-09-11T13:57:49.324+0000][1][gc,metaspace ] GC(1) Metaspace: 18035K->18035K(1064960K)
[2020-09-11T13:57:49.324+0000][1][gc           ] GC(1) Pause Young (Allocation Failure) 72M->10M(2039M) 150.819ms
[2020-09-11T13:57:49.324+0000][1][gc,cpu       ] GC(1) User=0.05s Sys=0.00s Real=0.16s
[2020-09-11T13:57:49.324+0000][1][safepoint    ] Safepoint "GenCollectForAllocation", Time since last: 438788264 ns, Reaching safepoint: 1805369 ns, At safepoint: 150881742 ns, Total: 152687111 ns
[2020-09-11T13:57:49.358+0000][1][safepoint    ] Safepoint "BulkRevokeBias", Time since last: 27294051 ns, Reaching safepoint: 6576943 ns, At safepoint: 139150 ns, Total: 6716093 ns
[2020-09-11T13:57:49.359+0000][1][safepoint    ] Safepoint "RevokeBias", Time since last: 465499 ns, Reaching safepoint: 101891 ns, At safepoint: 54638 ns, Total: 156529 ns
[2020-09-11T13:57:49.359+0000][1][safepoint    ] Safepoint "RevokeBias", Time since last: 37799 ns, Reaching safepoint: 215173 ns, At safepoint: 37200 ns, Total: 252373 ns
[2020-09-11T13:57:49.359+0000][1][safepoint    ] Safepoint "RevokeBias", Time since last: 31882 ns, Reaching safepoint: 97719 ns, At safepoint: 56245 ns, Total: 153964 ns
[2020-09-11T13:57:49.371+0000][1][safepoint    ] Safepoint "RevokeBias", Time since last: 34382 ns, Reaching safepoint: 4123832 ns, At safepoint: 7982296 ns, Total: 12106128 ns
[2020-09-11T13:57:49.375+0000][1][safepoint    ] Safepoint "RevokeBias", Time since last: 81719 ns, Reaching safepoint: 3934463 ns, At safepoint: 47755 ns, Total: 3982218 ns
[2020-09-11T13:57:49.397+0000][1][safepoint    ] Safepoint "RevokeBias", Time since last: 14059926 ns, Reaching safepoint: 6951935 ns, At safepoint: 39545 ns, Total: 6991480 ns
[2020-09-11T13:57:49.397+0000][1][safepoint    ] Safepoint "BulkRevokeBias", Time since last: 80299 ns, Reaching safepoint: 80069 ns, At safepoint: 44231 ns, Total: 124300 ns
[2020-09-11T13:57:49.397+0000][1][safepoint    ] Safepoint "BulkRevokeBias", Time since last: 30015 ns, Reaching safepoint: 78661 ns, At safepoint: 39294 ns, Total: 117955 ns
[2020-09-11T13:57:49.561+0000][1][safepoint    ] Safepoint "Deoptimize", Time since last: 163489088 ns, Reaching safepoint: 102711 ns, At safepoint: 165807 ns, Total: 268518 ns
[2020-09-11T13:57:49.594+0000][1][safepoint    ] Safepoint "Deoptimize", Time since last: 30798646 ns, Reaching safepoint: 2511020 ns, At safepoint: 169011 ns, Total: 2680031 ns
[2020-09-11T13:57:50.340+0000][1][safepoint    ] Safepoint "Deoptimize", Time since last: 745295162 ns, Reaching safepoint: 508658 ns, At safepoint: 174112 ns, Total: 682770 ns
[2020-09-11T13:57:50.342+0000][1][safepoint    ] Safepoint "RevokeBias", Time since last: 518683 ns, Reaching safepoint: 959918 ns, At safepoint: 45523 ns, Total: 1005441 ns
[2020-09-11T13:57:50.344+0000][1][safepoint    ] Safepoint "Deoptimize", Time since last: 890435 ns, Reaching safepoint: 913570 ns, At safepoint: 171571 ns, Total: 1085141 ns
[2020-09-11T13:57:51.348+0000][1][safepoint    ] Safepoint "Cleanup", Time since last: 1003823983 ns, Reaching safepoint: 130948 ns, At safepoint: 6976 ns, Total: 137924 ns
[2020-09-11T13:57:51.614+0000][1][gc,start     ] GC(2) Pause Young (Allocation Failure)
[2020-09-11T13:57:51.615+0000][1][gc,task      ] GC(2) Using 1 workers of 1 for evacuation
[2020-09-11T13:57:51.669+0000][1][gc,age       ] GC(2) Desired survivor size 4358144 bytes, new threshold 6 (max threshold 6)
[2020-09-11T13:57:51.669+0000][1][gc,age       ] GC(2) Age table with threshold 6 (max threshold 6)
[2020-09-11T13:57:51.669+0000][1][gc,age       ] GC(2) - age   1:     725896 bytes,     725896 total
[2020-09-11T13:57:51.669+0000][1][gc,age       ] GC(2) - age   2:    3620848 bytes,    4346744 total
[2020-09-11T13:57:51.669+0000][1][gc,heap      ] GC(2) ParNew: 72358K->7895K(76672K)
[2020-09-11T13:57:51.669+0000][1][gc,heap      ] GC(2) CMS: 6782K->6782K(2011968K)
[2020-09-11T13:57:51.669+0000][1][gc,metaspace ] GC(2) Metaspace: 20035K->20035K(1067008K)
[2020-09-11T13:57:51.669+0000][1][gc           ] GC(2) Pause Young (Allocation Failure) 77M->14M(2039M) 54.247ms
[2020-09-11T13:57:51.669+0000][1][gc,cpu       ] GC(2) User=0.02s Sys=0.00s Real=0.06s
[2020-09-11T13:57:51.681+0000][1][safepoint    ] Safepoint "GenCollectForAllocation", Time since last: 266793345 ns, Reaching safepoint: 118663 ns, At safepoint: 66173915 ns, Total: 66292578 ns
[2020-09-11T13:57:51.697+0000][1][safepoint    ] Safepoint "RevokeBias", Time since last: 13346111 ns, Reaching safepoint: 1427168 ns, At safepoint: 1117604 ns, Total: 2544772 ns
[2020-09-11T13:57:51.703+0000][1][safepoint    ] Safepoint "RevokeBias", Time since last: 66801 ns, Reaching safepoint: 160074 ns, At safepoint: 6653718 ns, Total: 6813792 ns
[2020-09-11T13:57:51.707+0000][1][safepoint    ] Safepoint "RevokeBias", Time since last: 106338 ns, Reaching safepoint: 3828010 ns, At safepoint: 86032 ns, Total: 3914042 ns
[2020-09-11T13:57:51.708+0000][1][safepoint    ] Safepoint "RevokeBias", Time since last: 68232 ns, Reaching safepoint: 313237 ns, At safepoint: 33307 ns, Total: 346544 ns
[2020-09-11T13:57:51.708+0000][1][safepoint    ] Safepoint "RevokeBias", Time since last: 32052 ns, Reaching safepoint: 93304 ns, At safepoint: 37879 ns, Total: 131183 ns
[2020-09-11T13:57:51.711+0000][1][safepoint    ] Safepoint "RevokeBias", Time since last: 29760 ns, Reaching safepoint: 3356961 ns, At safepoint: 36864 ns, Total: 3393825 ns
[2020-09-11T13:57:51.712+0000][1][safepoint    ] Safepoint "RevokeBias", Time since last: 36532 ns, Reaching safepoint: 81299 ns, At safepoint: 34127 ns, Total: 115426 ns
[2020-09-11T13:57:51.712+0000][1][safepoint    ] Safepoint "RevokeBias", Time since last: 27722 ns, Reaching safepoint: 80317 ns, At safepoint: 39198 ns, Total: 119515 ns
[2020-09-11T13:57:51.731+0000][1][safepoint    ] Safepoint "RevokeBias", Time since last: 7675394 ns, Reaching safepoint: 121873 ns, At safepoint: 11885075 ns, Total: 12006948 ns
[2020-09-11T13:57:51.736+0000][1][safepoint    ] Safepoint "RevokeBias", Time since last: 118131 ns, Reaching safepoint: 3923909 ns, At safepoint: 39762 ns, Total: 3963671 ns
[2020-09-11T13:57:52.530+0000][1][gc,start     ] GC(3) Pause Young (Allocation Failure)
[2020-09-11T13:57:52.530+0000][1][gc,task      ] GC(3) Using 1 workers of 1 for evacuation
[2020-09-11T13:57:52.581+0000][1][gc,age       ] GC(3) Desired survivor size 4358144 bytes, new threshold 3 (max threshold 6)
[2020-09-11T13:57:52.581+0000][1][gc,age       ] GC(3) Age table with threshold 3 (max threshold 6)
[2020-09-11T13:57:52.581+0000][1][gc,age       ] GC(3) - age   1:    1779968 bytes,    1779968 total
[2020-09-11T13:57:52.581+0000][1][gc,age       ] GC(3) - age   2:     691720 bytes,    2471688 total
[2020-09-11T13:57:52.581+0000][1][gc,age       ] GC(3) - age   3:    3620848 bytes,    6092536 total
[2020-09-11T13:57:52.581+0000][1][gc,heap      ] GC(3) ParNew: 76055K->7716K(76672K)
[2020-09-11T13:57:52.581+0000][1][gc,heap      ] GC(3) CMS: 6782K->6782K(2011968K)
[2020-09-11T13:57:52.581+0000][1][gc,metaspace ] GC(3) Metaspace: 20288K->20288K(1067008K)
[2020-09-11T13:57:52.581+0000][1][gc           ] GC(3) Pause Young (Allocation Failure) 80M->14M(2039M) 51.378ms
[2020-09-11T13:57:52.581+0000][1][gc,cpu       ] GC(3) User=0.02s Sys=0.00s Real=0.05s
[2020-09-11T13:57:52.599+0000][1][safepoint    ] Safepoint "GenCollectForAllocation", Time since last: 787534818 ns, Reaching safepoint: 7013054 ns, At safepoint: 69108018 ns, Total: 76121072 ns
[2020-09-11T13:57:52.621+0000][1][safepoint    ] Safepoint "RevokeBias", Time since last: 16255901 ns, Reaching safepoint: 5075720 ns, At safepoint: 57144 ns, Total: 5132864 ns
[2020-09-11T13:57:52.621+0000][1][safepoint    ] Safepoint "RevokeBias", Time since last: 40689 ns, Reaching safepoint: 83198 ns, At safepoint: 34128 ns, Total: 117326 ns
[2020-09-11T13:57:52.621+0000][1][safepoint    ] Safepoint "RevokeBias", Time since last: 48147 ns, Reaching safepoint: 81287 ns, At safepoint: 31562 ns, Total: 112849 ns
[2020-09-11T13:57:52.621+0000][1][safepoint    ] Safepoint "RevokeBias", Time since last: 23657 ns, Reaching safepoint: 81132 ns, At safepoint: 31132 ns, Total: 112264 ns
[2020-09-11T13:57:52.623+0000][1][safepoint    ] Safepoint "RevokeBias", Time since last: 26911 ns, Reaching safepoint: 2399478 ns, At safepoint: 49425 ns, Total: 2448903 ns
[2020-09-11T13:57:52.626+0000][1][safepoint    ] Safepoint "RevokeBias", Time since last: 43418 ns, Reaching safepoint: 2353982 ns, At safepoint: 55087 ns, Total: 2409069 ns
[2020-09-11T13:57:52.626+0000][1][safepoint    ] Safepoint "RevokeBias", Time since last: 60885 ns, Reaching safepoint: 88590 ns, At safepoint: 35231 ns, Total: 123821 ns
[2020-09-11T13:57:52.626+0000][1][safepoint    ] Safepoint "RevokeBias", Time since last: 26849 ns, Reaching safepoint: 82444 ns, At safepoint: 33567 ns, Total: 116011 ns
[2020-09-11T13:57:53.214+0000][1][safepoint    ] Safepoint "CollectForMetadataAllocation", Time since last: 587933932 ns, Reaching safepoint: 101767 ns, At safepoint: 144050 ns, Total: 245817 ns
[2020-09-11T13:57:53.370+0000][1][safepoint    ] Safepoint "CollectForMetadataAllocation", Time since last: 154851045 ns, Reaching safepoint: 106272 ns, At safepoint: 134746 ns, Total: 241018 ns
[2020-09-11T13:57:53.497+0000][1][gc,start     ] GC(4) Pause Young (Allocation Failure)
[2020-09-11T13:57:53.497+0000][1][gc,task      ] GC(4) Using 1 workers of 1 for evacuation
[2020-09-11T13:57:53.592+0000][1][gc,age       ] GC(4) Desired survivor size 4358144 bytes, new threshold 6 (max threshold 6)
[2020-09-11T13:57:53.592+0000][1][gc,age       ] GC(4) Age table with threshold 6 (max threshold 6)
[2020-09-11T13:57:53.592+0000][1][gc,age       ] GC(4) - age   1:    1465616 bytes,    1465616 total
[2020-09-11T13:57:53.592+0000][1][gc,age       ] GC(4) - age   2:     349576 bytes,    1815192 total
[2020-09-11T13:57:53.592+0000][1][gc,age       ] GC(4) - age   3:     691624 bytes,    2506816 total
[2020-09-11T13:57:53.592+0000][1][gc,heap      ] GC(4) ParNew: 75876K->5105K(76672K)
[2020-09-11T13:57:53.592+0000][1][gc,heap      ] GC(4) CMS: 6782K->10345K(2011968K)
[2020-09-11T13:57:53.592+0000][1][gc,metaspace ] GC(4) Metaspace: 20816K->20816K(1069056K)
[2020-09-11T13:57:53.592+0000][1][gc           ] GC(4) Pause Young (Allocation Failure) 80M->15M(2039M) 94.784ms
[2020-09-11T13:57:53.592+0000][1][gc,cpu       ] GC(4) User=0.03s Sys=0.00s Real=0.09s
[2020-09-11T13:57:53.597+0000][1][safepoint    ] Safepoint "GenCollectForAllocation", Time since last: 127389156 ns, Reaching safepoint: 99705 ns, At safepoint: 100027653 ns, Total: 100127358 ns
[2020-09-11T13:57:53.614+0000][1][gc,start     ] GC(5) Pause Initial Mark
[2020-09-11T13:57:53.616+0000][1][gc           ] GC(5) Pause Initial Mark 20M->20M(2039M) 2.020ms
[2020-09-11T13:57:53.616+0000][1][gc,cpu       ] GC(5) User=0.00s Sys=0.00s Real=0.01s
[2020-09-11T13:57:53.636+0000][1][safepoint    ] Safepoint "BulkRevokeBias", Time since last: 11996665 ns, Reaching safepoint: 4486464 ns, At safepoint: 22609666 ns, Total: 27096130 ns
[2020-09-11T13:57:53.636+0000][1][gc           ] GC(5) Concurrent Mark
[2020-09-11T13:57:53.659+0000][1][safepoint    ] Safepoint "RevokeBias", Time since last: 11336430 ns, Reaching safepoint: 115348 ns, At safepoint: 11846055 ns, Total: 11961403 ns
[2020-09-11T13:57:53.660+0000][1][safepoint    ] Safepoint "RevokeBias", Time since last: 82044 ns, Reaching safepoint: 100777 ns, At safepoint: 28697 ns, Total: 129474 ns
[2020-09-11T13:57:53.699+0000][1][safepoint    ] Safepoint "RevokeBias", Time since last: 11794900 ns, Reaching safepoint: 27997989 ns, At safepoint: 45706 ns, Total: 28043695 ns
[2020-09-11T13:57:53.708+0000][1][safepoint    ] Safepoint "RevokeBias", Time since last: 8410649 ns, Reaching safepoint: 105212 ns, At safepoint: 30707 ns, Total: 135919 ns
[2020-09-11T13:57:53.770+0000][1][gc           ] GC(5) Concurrent Mark 133.660ms
[2020-09-11T13:57:53.770+0000][1][gc,cpu       ] GC(5) User=0.04s Sys=0.00s Real=0.13s
[2020-09-11T13:57:53.808+0000][1][safepoint    ] Safepoint "RevokeBias", Time since last: 11401274 ns, Reaching safepoint: 88119996 ns, At safepoint: 39955 ns, Total: 88159951 ns
[2020-09-11T13:57:53.808+0000][1][gc           ] GC(5) Concurrent Preclean
[2020-09-11T13:57:53.810+0000][1][gc           ] GC(5) Concurrent Preclean 2.521ms
[2020-09-11T13:57:53.811+0000][1][gc,cpu       ] GC(5) User=0.01s Sys=0.00s Real=0.00s
[2020-09-11T13:57:53.811+0000][1][gc           ] GC(5) Concurrent Abortable Preclean
[2020-09-11T13:57:54.148+0000][1][safepoint    ] Safepoint "RevokeBias", Time since last: 339861453 ns, Reaching safepoint: 75879 ns, At safepoint: 23989 ns, Total: 99868 ns
[2020-09-11T13:57:54.148+0000][1][safepoint    ] Safepoint "RevokeBias", Time since last: 69240 ns, Reaching safepoint: 79801 ns, At safepoint: 9257 ns, Total: 89058 ns
[2020-09-11T13:57:54.168+0000][1][safepoint    ] Safepoint "Deoptimize", Time since last: 19730282 ns, Reaching safepoint: 58012 ns, At safepoint: 194510 ns, Total: 252522 ns
[2020-09-11T13:57:54.216+0000][1][safepoint    ] Safepoint "CollectForMetadataAllocation", Time since last: 48388235 ns, Reaching safepoint: 100398 ns, At safepoint: 66752 ns, Total: 167150 ns
[2020-09-11T13:57:54.510+0000][1][safepoint    ] Safepoint "Deoptimize", Time since last: 293142407 ns, Reaching safepoint: 111729 ns, At safepoint: 202324 ns, Total: 314053 ns
[2020-09-11T13:57:54.755+0000][1][gc,start     ] GC(6) Pause Young (Allocation Failure)
[2020-09-11T13:57:54.756+0000][1][gc,task      ] GC(6) Using 1 workers of 1 for evacuation
[2020-09-11T13:57:54.819+0000][1][gc,age       ] GC(6) Desired survivor size 4358144 bytes, new threshold 4 (max threshold 6)
[2020-09-11T13:57:54.819+0000][1][gc,age       ] GC(6) Age table with threshold 4 (max threshold 6)
[2020-09-11T13:57:54.819+0000][1][gc,age       ] GC(6) - age   1:    2307168 bytes,    2307168 total
[2020-09-11T13:57:54.819+0000][1][gc,age       ] GC(6) - age   2:    1253168 bytes,    3560336 total
[2020-09-11T13:57:54.819+0000][1][gc,age       ] GC(6) - age   3:     349576 bytes,    3909912 total
[2020-09-11T13:57:54.819+0000][1][gc,age       ] GC(6) - age   4:     691624 bytes,    4601536 total
[2020-09-11T13:57:54.819+0000][1][gc,heap      ] GC(6) ParNew: 73265K->6583K(76672K)
[2020-09-11T13:57:54.819+0000][1][gc,heap      ] GC(6) CMS: 10345K->10345K(2011968K)
[2020-09-11T13:57:54.819+0000][1][gc,metaspace ] GC(6) Metaspace: 21135K->21135K(1069056K)
[2020-09-11T13:57:54.819+0000][1][gc           ] GC(6) Pause Young (Allocation Failure) 81M->16M(2039M) 63.243ms
[2020-09-11T13:57:54.819+0000][1][gc,cpu       ] GC(6) User=0.03s Sys=0.00s Real=0.06s
[2020-09-11T13:57:54.850+0000][1][safepoint    ] Safepoint "GenCollectForAllocation", Time since last: 210268473 ns, Reaching safepoint: 35500705 ns, At safepoint: 94023023 ns, Total: 129523728 ns
[2020-09-11T13:57:54.884+0000][1][safepoint    ] Safepoint "RevokeBias", Time since last: 12891195 ns, Reaching safepoint: 21167579 ns, At safepoint: 70172 ns, Total: 21237751 ns
[2020-09-11T13:57:54.927+0000][1][safepoint    ] Safepoint "RevokeBias", Time since last: 22691746 ns, Reaching safepoint: 21126384 ns, At safepoint: 37630 ns, Total: 21164014 ns
[2020-09-11T13:57:54.964+0000][1][safepoint    ] Safepoint "RevokeBias", Time since last: 11992477 ns, Reaching safepoint: 24055619 ns, At safepoint: 20094 ns, Total: 24075713 ns
[2020-09-11T13:57:54.996+0000][1][safepoint    ] Safepoint "RevokeBias", Time since last: 11908027 ns, Reaching safepoint: 20096005 ns, At safepoint: 69208 ns, Total: 20165213 ns
[2020-09-11T13:57:55.053+0000][1][safepoint    ] Safepoint "RevokeBias", Time since last: 15825956 ns, Reaching safepoint: 41034475 ns, At safepoint: 32933 ns, Total: 41067408 ns
[2020-09-11T13:57:55.053+0000][1][safepoint    ] Safepoint "RevokeBias", Time since last: 355451 ns, Reaching safepoint: 80255 ns, At safepoint: 19699 ns, Total: 99954 ns
[2020-09-11T13:57:55.629+0000][1][gc,start     ] GC(7) Pause Young (Allocation Failure)
[2020-09-11T13:57:55.629+0000][1][gc,task      ] GC(7) Using 1 workers of 1 for evacuation
[2020-09-11T13:57:55.655+0000][1][gc           ] GC(5) Concurrent Abortable Preclean 1844.894ms
[2020-09-11T13:57:55.655+0000][1][gc,cpu       ] GC(5) User=0.60s Sys=0.00s Real=1.85s
[2020-09-11T13:57:55.738+0000][1][gc,age       ] GC(7) Desired survivor size 4358144 bytes, new threshold 6 (max threshold 6)
[2020-09-11T13:57:55.738+0000][1][gc,age       ] GC(7) Age table with threshold 6 (max threshold 6)
[2020-09-11T13:57:55.738+0000][1][gc,age       ] GC(7) - age   1:     885264 bytes,     885264 total
[2020-09-11T13:57:55.738+0000][1][gc,age       ] GC(7) - age   2:    1525848 bytes,    2411112 total
[2020-09-11T13:57:55.738+0000][1][gc,age       ] GC(7) - age   3:    1252656 bytes,    3663768 total
[2020-09-11T13:57:55.738+0000][1][gc,age       ] GC(7) - age   4:     349576 bytes,    4013344 total
[2020-09-11T13:57:55.738+0000][1][gc,heap      ] GC(7) ParNew: 74743K->7837K(76672K)
[2020-09-11T13:57:55.738+0000][1][gc,heap      ] GC(7) CMS: 10345K->11027K(2011968K)
[2020-09-11T13:57:55.738+0000][1][gc,metaspace ] GC(7) Metaspace: 21233K->21233K(1069056K)
[2020-09-11T13:57:55.738+0000][1][gc           ] GC(7) Pause Young (Allocation Failure) 83M->18M(2039M) 109.259ms
[2020-09-11T13:57:55.738+0000][1][gc,cpu       ] GC(7) User=0.04s Sys=0.00s Real=0.11s
[2020-09-11T13:57:55.754+0000][1][safepoint    ] Safepoint "GenCollectForAllocation", Time since last: 575968608 ns, Reaching safepoint: 130086 ns, At safepoint: 124443625 ns, Total: 124573711 ns
[2020-09-11T13:57:55.772+0000][1][gc,start     ] GC(5) Pause Remark
[2020-09-11T13:57:55.829+0000][1][gc           ] GC(5) Pause Remark 23M->23M(2039M) 56.977ms
[2020-09-11T13:57:55.829+0000][1][gc,cpu       ] GC(5) User=0.02s Sys=0.00s Real=0.06s
[2020-09-11T13:57:55.847+0000][1][safepoint    ] Safepoint "CMS_Final_Remark", Time since last: 17919822 ns, Reaching safepoint: 98906 ns, At safepoint: 75868847 ns, Total: 75967753 ns
[2020-09-11T13:57:55.848+0000][1][gc           ] GC(5) Concurrent Sweep
[2020-09-11T13:57:55.850+0000][1][gc           ] GC(5) Concurrent Sweep 2.931ms
[2020-09-11T13:57:55.850+0000][1][gc,cpu       ] GC(5) User=0.01s Sys=0.00s Real=0.00s
[2020-09-11T13:57:55.851+0000][1][gc           ] GC(5) Concurrent Reset
[2020-09-11T13:57:55.872+0000][1][safepoint    ] Safepoint "RevokeBias", Time since last: 12016061 ns, Reaching safepoint: 12435263 ns, At safepoint: 51339 ns, Total: 12486602 ns
[2020-09-11T13:57:55.874+0000][1][gc           ] GC(5) Concurrent Reset 23.783ms
[2020-09-11T13:57:55.874+0000][1][gc,cpu       ] GC(5) User=0.00s Sys=0.00s Real=0.02s
[2020-09-11T13:57:55.874+0000][1][gc,heap      ] GC(5) Old: 10345K->11026K(2011968K)
[2020-09-11T13:57:55.884+0000][1][safepoint    ] Safepoint "RevokeBias", Time since last: 11560651 ns, Reaching safepoint: 107632 ns, At safepoint: 49449 ns, Total: 157081 ns
[2020-09-11T13:57:55.884+0000][1][safepoint    ] Safepoint "RevokeBias", Time since last: 54535 ns, Reaching safepoint: 81127 ns, At safepoint: 35065 ns, Total: 116192 ns
[2020-09-11T13:57:56.448+0000][1][gc,start     ] GC(8) Pause Young (Allocation Failure)
[2020-09-11T13:57:56.448+0000][1][gc,task      ] GC(8) Using 1 workers of 1 for evacuation
[2020-09-11T13:57:56.519+0000][1][gc,age       ] GC(8) Desired survivor size 4358144 bytes, new threshold 4 (max threshold 6)
[2020-09-11T13:57:56.519+0000][1][gc,age       ] GC(8) Age table with threshold 4 (max threshold 6)
[2020-09-11T13:57:56.519+0000][1][gc,age       ] GC(8) - age   1:    1684424 bytes,    1684424 total
[2020-09-11T13:57:56.519+0000][1][gc,age       ] GC(8) - age   2:     445912 bytes,    2130336 total
[2020-09-11T13:57:56.519+0000][1][gc,age       ] GC(8) - age   3:    1523912 bytes,    3654248 total
[2020-09-11T13:57:56.519+0000][1][gc,age       ] GC(8) - age   4:    1251968 bytes,    4906216 total
[2020-09-11T13:57:56.519+0000][1][gc,age       ] GC(8) - age   5:     349576 bytes,    5255792 total
[2020-09-11T13:57:56.519+0000][1][gc,heap      ] GC(8) ParNew: 75997K->7348K(76672K)
[2020-09-11T13:57:56.519+0000][1][gc,heap      ] GC(8) CMS: 11026K->11026K(2011968K)
[2020-09-11T13:57:56.519+0000][1][gc,metaspace ] GC(8) Metaspace: 21415K->21415K(1069056K)
[2020-09-11T13:57:56.519+0000][1][gc           ] GC(8) Pause Young (Allocation Failure) 84M->17M(2039M) 71.311ms
[2020-09-11T13:57:56.519+0000][1][gc,cpu       ] GC(8) User=0.03s Sys=0.01s Real=0.07s
[2020-09-11T13:57:56.539+0000][1][safepoint    ] Safepoint "GenCollectForAllocation", Time since last: 563617139 ns, Reaching safepoint: 118926 ns, At safepoint: 91934222 ns, Total: 92053148 ns
[2020-09-11T13:57:56.552+0000][1][safepoint    ] Safepoint "RevokeBias", Time since last: 12036597 ns, Reaching safepoint: 31141 ns, At safepoint: 40144 ns, Total: 71285 ns
[2020-09-11T13:57:56.552+0000][1][safepoint    ] Safepoint "RevokeBias", Time since last: 50404 ns, Reaching safepoint: 9340 ns, At safepoint: 22898 ns, Total: 32238 ns
[2020-09-11T13:57:56.552+0000][1][safepoint    ] Safepoint "RevokeBias", Time since last: 28252 ns, Reaching safepoint: 8110 ns, At safepoint: 21213 ns, Total: 29323 ns
[2020-09-11T13:57:56.552+0000][1][safepoint    ] Safepoint "RevokeBias", Time since last: 20884 ns, Reaching safepoint: 7324 ns, At safepoint: 20880 ns, Total: 28204 ns
[2020-09-11T13:57:57.100+0000][1][gc,start     ] GC(9) Pause Young (Allocation Failure)
[2020-09-11T13:57:57.100+0000][1][gc,task      ] GC(9) Using 1 workers of 1 for evacuation
[2020-09-11T13:57:57.203+0000][1][gc,age       ] GC(9) Desired survivor size 4358144 bytes, new threshold 6 (max threshold 6)
[2020-09-11T13:57:57.203+0000][1][gc,age       ] GC(9) Age table with threshold 6 (max threshold 6)
[2020-09-11T13:57:57.203+0000][1][gc,age       ] GC(9) - age   1:     156152 bytes,     156152 total
[2020-09-11T13:57:57.203+0000][1][gc,age       ] GC(9) - age   2:     829232 bytes,     985384 total
[2020-09-11T13:57:57.203+0000][1][gc,age       ] GC(9) - age   3:     445832 bytes,    1431216 total
[2020-09-11T13:57:57.203+0000][1][gc,age       ] GC(9) - age   4:    1523912 bytes,    2955128 total
[2020-09-11T13:57:57.203+0000][1][gc,heap      ] GC(9) ParNew: 75508K->4461K(76672K)
[2020-09-11T13:57:57.203+0000][1][gc,heap      ] GC(9) CMS: 11026K->12609K(2011968K)
[2020-09-11T13:57:57.203+0000][1][gc,metaspace ] GC(9) Metaspace: 21520K->21520K(1069056K)
[2020-09-11T13:57:57.203+0000][1][gc           ] GC(9) Pause Young (Allocation Failure) 84M->16M(2039M) 103.367ms
[2020-09-11T13:57:57.203+0000][1][gc,cpu       ] GC(9) User=0.03s Sys=0.00s Real=0.10s
[2020-09-11T13:57:57.218+0000][1][safepoint    ] Safepoint "GenCollectForAllocation", Time since last: 547647920 ns, Reaching safepoint: 109010 ns, At safepoint: 118000724 ns, Total: 118109734 ns
[2020-09-11T13:57:57.236+0000][1][safepoint    ] Safepoint "RevokeBias", Time since last: 18681872 ns, Reaching safepoint: 111419 ns, At safepoint: 42611 ns, Total: 154030 ns
[2020-09-11T13:57:57.237+0000][1][safepoint    ] Safepoint "RevokeBias", Time since last: 60328 ns, Reaching safepoint: 80641 ns, At safepoint: 28213 ns, Total: 108854 ns
[2020-09-11T13:57:57.237+0000][1][safepoint    ] Safepoint "RevokeBias", Time since last: 42095 ns, Reaching safepoint: 80099 ns, At safepoint: 26046 ns, Total: 106145 ns
[2020-09-11T13:57:57.237+0000][1][safepoint    ] Safepoint "RevokeBias", Time since last: 27984 ns, Reaching safepoint: 79260 ns, At safepoint: 24391 ns, Total: 103651 ns
[2020-09-11T13:57:57.388+0000][1][safepoint    ] Safepoint "RevokeBias", Time since last: 150853987 ns, Reaching safepoint: 105702 ns, At safepoint: 13455 ns, Total: 119157 ns
[2020-09-11T13:57:57.388+0000][1][safepoint    ] Safepoint "RevokeBias", Time since last: 403155 ns, Reaching safepoint: 82096 ns, At safepoint: 8930 ns, Total: 91026 ns
[2020-09-11T13:57:57.763+0000][1][gc,start     ] GC(10) Pause Young (Allocation Failure)
[2020-09-11T13:57:57.763+0000][1][gc,task      ] GC(10) Using 1 workers of 1 for evacuation
[2020-09-11T13:57:57.848+0000][1][gc,age       ] GC(10) Desired survivor size 4358144 bytes, new threshold 6 (max threshold 6)
[2020-09-11T13:57:57.848+0000][1][gc,age       ] GC(10) Age table with threshold 6 (max threshold 6)
[2020-09-11T13:57:57.848+0000][1][gc,age       ] GC(10) - age   1:     453424 bytes,     453424 total
[2020-09-11T13:57:57.848+0000][1][gc,age       ] GC(10) - age   2:     136808 bytes,     590232 total
[2020-09-11T13:57:57.848+0000][1][gc,age       ] GC(10) - age   3:     829232 bytes,    1419464 total
[2020-09-11T13:57:57.848+0000][1][gc,age       ] GC(10) - age   4:     445808 bytes,    1865272 total
[2020-09-11T13:57:57.848+0000][1][gc,age       ] GC(10) - age   5:    1523912 bytes,    3389184 total
[2020-09-11T13:57:57.848+0000][1][gc,heap      ] GC(10) ParNew: 72621K->6559K(76672K)
[2020-09-11T13:57:57.848+0000][1][gc,heap      ] GC(10) CMS: 12609K->12609K(2011968K)
[2020-09-11T13:57:57.848+0000][1][gc,metaspace ] GC(10) Metaspace: 21664K->21664K(1069056K)
[2020-09-11T13:57:57.848+0000][1][gc           ] GC(10) Pause Young (Allocation Failure) 83M->18M(2039M) 85.435ms
[2020-09-11T13:57:57.848+0000][1][gc,cpu       ] GC(10) User=0.02s Sys=0.00s Real=0.09s
[2020-09-11T13:57:57.875+0000][1][safepoint    ] Safepoint "GenCollectForAllocation", Time since last: 374548297 ns, Reaching safepoint: 99915 ns, At safepoint: 112500266 ns, Total: 112600181 ns
[2020-09-11T13:57:57.888+0000][1][safepoint    ] Safepoint "RevokeBias", Time since last: 12548561 ns, Reaching safepoint: 94996 ns, At safepoint: 24982 ns, Total: 119978 ns
[2020-09-11T13:57:57.900+0000][1][safepoint    ] Safepoint "RevokeBias", Time since last: 11325851 ns, Reaching safepoint: 444848 ns, At safepoint: 41131 ns, Total: 485979 ns
[2020-09-11T13:57:57.900+0000][1][safepoint    ] Safepoint "BulkRevokeBias", Time since last: 81694 ns, Reaching safepoint: 87540 ns, At safepoint: 51647 ns, Total: 139187 ns
[2020-09-11T13:57:57.900+0000][1][safepoint    ] Safepoint "BulkRevokeBias", Time since last: 38487 ns, Reaching safepoint: 81726 ns, At safepoint: 48404 ns, Total: 130130 ns
[2020-09-11T13:57:58.704+0000][1][gc,start     ] GC(11) Pause Young (Allocation Failure)
[2020-09-11T13:57:58.704+0000][1][gc,task      ] GC(11) Using 1 workers of 1 for evacuation
[2020-09-11T13:57:58.837+0000][1][gc,age       ] GC(11) Desired survivor size 4358144 bytes, new threshold 6 (max threshold 6)
[2020-09-11T13:57:58.837+0000][1][gc,age       ] GC(11) Age table with threshold 6 (max threshold 6)
[2020-09-11T13:57:58.837+0000][1][gc,age       ] GC(11) - age   1:    2356816 bytes,    2356816 total
[2020-09-11T13:57:58.837+0000][1][gc,age       ] GC(11) - age   2:     412720 bytes,    2769536 total
[2020-09-11T13:57:58.837+0000][1][gc,age       ] GC(11) - age   3:     136808 bytes,    2906344 total
[2020-09-11T13:57:58.837+0000][1][gc,age       ] GC(11) - age   4:     829232 bytes,    3735576 total
[2020-09-11T13:57:58.837+0000][1][gc,age       ] GC(11) - age   5:     445808 bytes,    4181384 total
[2020-09-11T13:57:58.837+0000][1][gc,age       ] GC(11) - age   6:    1523600 bytes,    5704984 total
[2020-09-11T13:57:58.837+0000][1][gc,heap      ] GC(11) ParNew: 74719K->6183K(76672K)
[2020-09-11T13:57:58.837+0000][1][gc,heap      ] GC(11) CMS: 12609K->12609K(2011968K)
[2020-09-11T13:57:58.837+0000][1][gc,metaspace ] GC(11) Metaspace: 22565K->22565K(1071104K)
[2020-09-11T13:57:58.837+0000][1][gc           ] GC(11) Pause Young (Allocation Failure) 85M->18M(2039M) 133.209ms
[2020-09-11T13:57:58.837+0000][1][gc,cpu       ] GC(11) User=0.05s Sys=0.00s Real=0.13s
[2020-09-11T13:57:58.839+0000][1][safepoint    ] Safepoint "GenCollectForAllocation", Time since last: 803133461 ns, Reaching safepoint: 166317 ns, At safepoint: 135826553 ns, Total: 135992870 ns
[2020-09-11T13:57:59.322+0000][1][gc,start     ] GC(12) Pause Young (Allocation Failure)
[2020-09-11T13:57:59.322+0000][1][gc,task      ] GC(12) Using 1 workers of 1 for evacuation
[2020-09-11T13:57:59.452+0000][1][gc,age       ] GC(12) Desired survivor size 4358144 bytes, new threshold 6 (max threshold 6)
[2020-09-11T13:57:59.452+0000][1][gc,age       ] GC(12) Age table with threshold 6 (max threshold 6)
[2020-09-11T13:57:59.452+0000][1][gc,age       ] GC(12) - age   1:     714944 bytes,     714944 total
[2020-09-11T13:57:59.452+0000][1][gc,age       ] GC(12) - age   2:     544560 bytes,    1259504 total
[2020-09-11T13:57:59.452+0000][1][gc,age       ] GC(12) - age   3:     412720 bytes,    1672224 total
[2020-09-11T13:57:59.452+0000][1][gc,age       ] GC(12) - age   4:     136704 bytes,    1808928 total
[2020-09-11T13:57:59.452+0000][1][gc,age       ] GC(12) - age   5:     829088 bytes,    2638016 total
[2020-09-11T13:57:59.452+0000][1][gc,age       ] GC(12) - age   6:     445664 bytes,    3083680 total
[2020-09-11T13:57:59.452+0000][1][gc,heap      ] GC(12) ParNew: 74343K->4693K(76672K)
[2020-09-11T13:57:59.452+0000][1][gc,heap      ] GC(12) CMS: 12609K->14108K(2011968K)
[2020-09-11T13:57:59.452+0000][1][gc,metaspace ] GC(12) Metaspace: 22590K->22590K(1071104K)
[2020-09-11T13:57:59.452+0000][1][gc           ] GC(12) Pause Young (Allocation Failure) 84M->18M(2039M) 129.268ms
[2020-09-11T13:57:59.452+0000][1][gc,cpu       ] GC(12) User=0.04s Sys=0.00s Real=0.13s
[2020-09-11T13:57:59.452+0000][1][safepoint    ] Safepoint "GenCollectForAllocation", Time since last: 482861559 ns, Reaching safepoint: 107522 ns, At safepoint: 129331515 ns, Total: 129439037 ns
[2020-09-11T13:57:59.936+0000][1][gc,start     ] GC(13) Pause Young (Allocation Failure)
[2020-09-11T13:57:59.936+0000][1][gc,task      ] GC(13) Using 1 workers of 1 for evacuation
[2020-09-11T13:58:00.028+0000][1][gc,age       ] GC(13) Desired survivor size 4358144 bytes, new threshold 6 (max threshold 6)
[2020-09-11T13:58:00.028+0000][1][gc,age       ] GC(13) Age table with threshold 6 (max threshold 6)
[2020-09-11T13:58:00.028+0000][1][gc,age       ] GC(13) - age   1:    2019744 bytes,    2019744 total
[2020-09-11T13:58:00.028+0000][1][gc,age       ] GC(13) - age   2:     203304 bytes,    2223048 total
[2020-09-11T13:58:00.028+0000][1][gc,age       ] GC(13) - age   3:     544448 bytes,    2767496 total
[2020-09-11T13:58:00.028+0000][1][gc,age       ] GC(13) - age   4:     412720 bytes,    3180216 total
[2020-09-11T13:58:00.028+0000][1][gc,age       ] GC(13) - age   5:     136704 bytes,    3316920 total
[2020-09-11T13:58:00.028+0000][1][gc,age       ] GC(13) - age   6:     829088 bytes,    4146008 total
[2020-09-11T13:58:00.028+0000][1][gc,heap      ] GC(13) ParNew: 72853K->6863K(76672K)
[2020-09-11T13:58:00.028+0000][1][gc,heap      ] GC(13) CMS: 14108K->14547K(2011968K)
[2020-09-11T13:58:00.028+0000][1][gc,metaspace ] GC(13) Metaspace: 22691K->22691K(1071104K)
[2020-09-11T13:58:00.028+0000][1][gc           ] GC(13) Pause Young (Allocation Failure) 84M->20M(2039M) 92.864ms
[2020-09-11T13:58:00.028+0000][1][gc,cpu       ] GC(13) User=0.03s Sys=0.00s Real=0.09s
[2020-09-11T13:58:00.044+0000][1][safepoint    ] Safepoint "GenCollectForAllocation", Time since last: 483701013 ns, Reaching safepoint: 115697 ns, At safepoint: 108567574 ns, Total: 108683271 ns
[2020-09-11T13:58:00.596+0000][1][gc,start     ] GC(14) Pause Young (Allocation Failure)
[2020-09-11T13:58:00.596+0000][1][gc,task      ] GC(14) Using 1 workers of 1 for evacuation
[2020-09-11T13:58:00.642+0000][1][gc,age       ] GC(14) Desired survivor size 4358144 bytes, new threshold 6 (max threshold 6)
[2020-09-11T13:58:00.642+0000][1][gc,age       ] GC(14) Age table with threshold 6 (max threshold 6)
[2020-09-11T13:58:00.642+0000][1][gc,age       ] GC(14) - age   1:    1064616 bytes,    1064616 total
[2020-09-11T13:58:00.642+0000][1][gc,age       ] GC(14) - age   2:     103416 bytes,    1168032 total
[2020-09-11T13:58:00.642+0000][1][gc,age       ] GC(14) - age   3:     203304 bytes,    1371336 total
[2020-09-11T13:58:00.642+0000][1][gc,age       ] GC(14) - age   4:     544448 bytes,    1915784 total
[2020-09-11T13:58:00.642+0000][1][gc,age       ] GC(14) - age   5:     412720 bytes,    2328504 total
[2020-09-11T13:58:00.642+0000][1][gc,age       ] GC(14) - age   6:     136704 bytes,    2465208 total
[2020-09-11T13:58:00.642+0000][1][gc,heap      ] GC(14) ParNew: 75023K->4752K(76672K)
[2020-09-11T13:58:00.642+0000][1][gc,heap      ] GC(14) CMS: 14547K->15363K(2011968K)
[2020-09-11T13:58:00.642+0000][1][gc,metaspace ] GC(14) Metaspace: 22780K->22780K(1071104K)
[2020-09-11T13:58:00.642+0000][1][gc           ] GC(14) Pause Young (Allocation Failure) 87M->19M(2039M) 46.926ms
[2020-09-11T13:58:00.643+0000][1][gc,cpu       ] GC(14) User=0.02s Sys=0.00s Real=0.04s
[2020-09-11T13:58:00.659+0000][1][safepoint    ] Safepoint "GenCollectForAllocation", Time since last: 551331869 ns, Reaching safepoint: 117467 ns, At safepoint: 63390789 ns, Total: 63508256 ns
[2020-09-11T13:58:01.169+0000][1][gc,start     ] GC(15) Pause Young (Allocation Failure)
[2020-09-11T13:58:01.169+0000][1][gc,task      ] GC(15) Using 1 workers of 1 for evacuation
[2020-09-11T13:58:01.215+0000][1][gc,age       ] GC(15) Desired survivor size 4358144 bytes, new threshold 6 (max threshold 6)
[2020-09-11T13:58:01.215+0000][1][gc,age       ] GC(15) Age table with threshold 6 (max threshold 6)
[2020-09-11T13:58:01.215+0000][1][gc,age       ] GC(15) - age   1:     398584 bytes,     398584 total
[2020-09-11T13:58:01.215+0000][1][gc,age       ] GC(15) - age   2:     315032 bytes,     713616 total
[2020-09-11T13:58:01.215+0000][1][gc,age       ] GC(15) - age   3:     103416 bytes,     817032 total
[2020-09-11T13:58:01.215+0000][1][gc,age       ] GC(15) - age   4:     203304 bytes,    1020336 total
[2020-09-11T13:58:01.215+0000][1][gc,age       ] GC(15) - age   5:     544448 bytes,    1564784 total
[2020-09-11T13:58:01.215+0000][1][gc,age       ] GC(15) - age   6:     412720 bytes,    1977504 total
[2020-09-11T13:58:01.215+0000][1][gc,heap      ] GC(15) ParNew: 72912K->2993K(76672K)
[2020-09-11T13:58:01.215+0000][1][gc,heap      ] GC(15) CMS: 15363K->15501K(2011968K)
[2020-09-11T13:58:01.215+0000][1][gc,metaspace ] GC(15) Metaspace: 22868K->22868K(1071104K)
[2020-09-11T13:58:01.215+0000][1][gc           ] GC(15) Pause Young (Allocation Failure) 86M->18M(2039M) 45.921ms
[2020-09-11T13:58:01.215+0000][1][gc,cpu       ] GC(15) User=0.01s Sys=0.00s Real=0.04s
[2020-09-11T13:58:01.236+0000][1][safepoint    ] Safepoint "GenCollectForAllocation", Time since last: 509671753 ns, Reaching safepoint: 104393 ns, At safepoint: 67220124 ns, Total: 67324517 ns
[2020-09-11T13:58:01.620+0000][1][gc,start     ] GC(16) Pause Young (Allocation Failure)
[2020-09-11T13:58:01.620+0000][1][gc,task      ] GC(16) Using 1 workers of 1 for evacuation
[2020-09-11T13:58:01.679+0000][1][gc,age       ] GC(16) Desired survivor size 4358144 bytes, new threshold 6 (max threshold 6)
[2020-09-11T13:58:01.679+0000][1][gc,age       ] GC(16) Age table with threshold 6 (max threshold 6)
[2020-09-11T13:58:01.679+0000][1][gc,age       ] GC(16) - age   1:    1874648 bytes,    1874648 total
[2020-09-11T13:58:01.679+0000][1][gc,age       ] GC(16) - age   2:     192048 bytes,    2066696 total
[2020-09-11T13:58:01.679+0000][1][gc,age       ] GC(16) - age   3:     315032 bytes,    2381728 total
[2020-09-11T13:58:01.679+0000][1][gc,age       ] GC(16) - age   4:     103416 bytes,    2485144 total
[2020-09-11T13:58:01.679+0000][1][gc,age       ] GC(16) - age   5:     203152 bytes,    2688296 total
[2020-09-11T13:58:01.679+0000][1][gc,age       ] GC(16) - age   6:     544448 bytes,    3232744 total
[2020-09-11T13:58:01.679+0000][1][gc,heap      ] GC(16) ParNew: 71153K->3645K(76672K)
[2020-09-11T13:58:01.679+0000][1][gc,heap      ] GC(16) CMS: 15501K->15909K(2011968K)
[2020-09-11T13:58:01.679+0000][1][gc,metaspace ] GC(16) Metaspace: 22885K->22885K(1071104K)
[2020-09-11T13:58:01.679+0000][1][gc           ] GC(16) Pause Young (Allocation Failure) 84M->19M(2039M) 59.560ms
[2020-09-11T13:58:01.679+0000][1][gc,cpu       ] GC(16) User=0.02s Sys=0.00s Real=0.06s
[2020-09-11T13:58:01.697+0000][1][safepoint    ] Safepoint "GenCollectForAllocation", Time since last: 383506352 ns, Reaching safepoint: 114281 ns, At safepoint: 77899737 ns, Total: 78014018 ns
[2020-09-11T13:58:01.776+0000][1][safepoint    ] Safepoint "Deoptimize", Time since last: 77974292 ns, Reaching safepoint: 111282 ns, At safepoint: 240364 ns, Total: 351646 ns
[2020-09-11T13:58:02.792+0000][1][safepoint    ] Safepoint "Cleanup", Time since last: 1007621502 ns, Reaching safepoint: 8181036 ns, At safepoint: 13922 ns, Total: 8194958 ns
[2020-09-11T13:58:02.980+0000][1][safepoint    ] Safepoint "RevokeBias", Time since last: 187828068 ns, Reaching safepoint: 112096 ns, At safepoint: 18530 ns, Total: 130626 ns
[2020-09-11T13:58:03.984+0000][1][safepoint    ] Safepoint "Cleanup", Time since last: 1003848055 ns, Reaching safepoint: 118080 ns, At safepoint: 6444 ns, Total: 124524 ns
[2020-09-11T13:58:04.182+0000][1][safepoint    ] Safepoint "Deoptimize", Time since last: 197897978 ns, Reaching safepoint: 101828 ns, At safepoint: 228738 ns, Total: 330566 ns
[2020-09-11T13:58:04.296+0000][1][safepoint    ] Safepoint "Deoptimize", Time since last: 114050314 ns, Reaching safepoint: 104376 ns, At safepoint: 232559 ns, Total: 336935 ns
[2020-09-11T13:58:05.304+0000][1][safepoint    ] Safepoint "Cleanup", Time since last: 1007247318 ns, Reaching safepoint: 244655 ns, At safepoint: 8146 ns, Total: 252801 ns
[2020-09-11T13:58:06.310+0000][1][safepoint    ] Safepoint "Cleanup", Time since last: 1005834796 ns, Reaching safepoint: 111593 ns, At safepoint: 5902 ns, Total: 117495 ns
[2020-09-11T13:58:07.324+0000][1][gc,start     ] GC(17) Pause Young (Allocation Failure)
[2020-09-11T13:58:07.324+0000][1][gc,task      ] GC(17) Using 1 workers of 1 for evacuation
[2020-09-11T13:58:07.443+0000][1][gc,age       ] GC(17) Desired survivor size 4358144 bytes, new threshold 1 (max threshold 6)
[2020-09-11T13:58:07.443+0000][1][gc,age       ] GC(17) Age table with threshold 1 (max threshold 6)
[2020-09-11T13:58:07.443+0000][1][gc,age       ] GC(17) - age   1:    7546288 bytes,    7546288 total
[2020-09-11T13:58:07.443+0000][1][gc,age       ] GC(17) - age   2:      72904 bytes,    7619192 total
[2020-09-11T13:58:07.443+0000][1][gc,age       ] GC(17) - age   3:     191680 bytes,    7810872 total
[2020-09-11T13:58:07.443+0000][1][gc,age       ] GC(17) - age   4:     314936 bytes,    8125808 total
[2020-09-11T13:58:07.443+0000][1][gc,age       ] GC(17) - age   5:     103200 bytes,    8229008 total
[2020-09-11T13:58:07.443+0000][1][gc,age       ] GC(17) - age   6:     203152 bytes,    8432160 total
[2020-09-11T13:58:07.443+0000][1][gc,heap      ] GC(17) ParNew: 71805K->8470K(76672K)
[2020-09-11T13:58:07.443+0000][1][gc,heap      ] GC(17) CMS: 15909K->16447K(2011968K)
[2020-09-11T13:58:07.443+0000][1][gc,metaspace ] GC(17) Metaspace: 29530K->29530K(1077248K)
[2020-09-11T13:58:07.443+0000][1][gc           ] GC(17) Pause Young (Allocation Failure) 85M->24M(2039M) 119.222ms
[2020-09-11T13:58:07.443+0000][1][gc,cpu       ] GC(17) User=0.04s Sys=0.00s Real=0.11s
[2020-09-11T13:58:07.463+0000][1][safepoint    ] Safepoint "GenCollectForAllocation", Time since last: 1013831783 ns, Reaching safepoint: 118901 ns, At safepoint: 139892025 ns, Total: 140010926 ns
[2020-09-11T13:58:08.488+0000][1][safepoint    ] Safepoint "Cleanup", Time since last: 1023974839 ns, Reaching safepoint: 528836 ns, At safepoint: 7520 ns, Total: 536356 ns
[2020-09-11T13:58:09.493+0000][1][safepoint    ] Safepoint "Cleanup", Time since last: 1005310244 ns, Reaching safepoint: 61875 ns, At safepoint: 5682 ns, Total: 67557 ns
[2020-09-11T13:58:10.503+0000][1][safepoint    ] Safepoint "Cleanup", Time since last: 1006062872 ns, Reaching safepoint: 4025660 ns, At safepoint: 9018 ns, Total: 4034678 ns
[2020-09-11T13:58:11.389+0000][1][gc,start     ] GC(18) Pause Young (Allocation Failure)
[2020-09-11T13:58:11.389+0000][1][gc,task      ] GC(18) Using 1 workers of 1 for evacuation
[2020-09-11T13:58:11.565+0000][1][gc,age       ] GC(18) Desired survivor size 4358144 bytes, new threshold 1 (max threshold 6)
[2020-09-11T13:58:11.565+0000][1][gc,age       ] GC(18) Age table with threshold 1 (max threshold 6)
[2020-09-11T13:58:11.565+0000][1][gc,age       ] GC(18) - age   1:    8158112 bytes,    8158112 total
[2020-09-11T13:58:11.565+0000][1][gc,heap      ] GC(18) ParNew: 76630K->8512K(76672K)
[2020-09-11T13:58:11.565+0000][1][gc,heap      ] GC(18) CMS: 16447K->25045K(2011968K)
[2020-09-11T13:58:11.565+0000][1][gc,metaspace ] GC(18) Metaspace: 29692K->29692K(1077248K)
[2020-09-11T13:58:11.565+0000][1][gc           ] GC(18) Pause Young (Allocation Failure) 90M->32M(2039M) 175.299ms
[2020-09-11T13:58:11.565+0000][1][gc,cpu       ] GC(18) User=0.06s Sys=0.00s Real=0.18s
[2020-09-11T13:58:11.587+0000][1][safepoint    ] Safepoint "GenCollectForAllocation", Time since last: 885810948 ns, Reaching safepoint: 106878 ns, At safepoint: 198082017 ns, Total: 198188895 ns
[2020-09-11T13:58:12.618+0000][1][safepoint    ] Safepoint "Cleanup", Time since last: 1023977308 ns, Reaching safepoint: 6100547 ns, At safepoint: 11815 ns, Total: 6112362 ns
[2020-09-11T13:58:13.708+0000][1][safepoint    ] Safepoint "RevokeBias", Time since last: 1089904343 ns, Reaching safepoint: 110596 ns, At safepoint: 43133 ns, Total: 153729 ns
[2020-09-11T13:58:15.008+0000][1][gc,start     ] GC(19) Pause Young (Allocation Failure)
[2020-09-11T13:58:15.008+0000][1][gc,task      ] GC(19) Using 1 workers of 1 for evacuation
[2020-09-11T13:58:15.275+0000][1][gc,age       ] GC(19) Desired survivor size 4358144 bytes, new threshold 1 (max threshold 6)
[2020-09-11T13:58:15.275+0000][1][gc,age       ] GC(19) Age table with threshold 1 (max threshold 6)
[2020-09-11T13:58:15.275+0000][1][gc,age       ] GC(19) - age   1:    8716216 bytes,    8716216 total
[2020-09-11T13:58:15.275+0000][1][gc,heap      ] GC(19) ParNew: 76672K->8512K(76672K)
[2020-09-11T13:58:15.275+0000][1][gc,heap      ] GC(19) CMS: 25045K->33694K(2011968K)
[2020-09-11T13:58:15.275+0000][1][gc,metaspace ] GC(19) Metaspace: 29903K->29903K(1077248K)
[2020-09-11T13:58:15.275+0000][1][gc           ] GC(19) Pause Young (Allocation Failure) 99M->41M(2039M) 267.362ms
[2020-09-11T13:58:15.275+0000][1][gc,cpu       ] GC(19) User=0.09s Sys=0.01s Real=0.26s
[2020-09-11T13:58:15.296+0000][1][safepoint    ] Safepoint "GenCollectForAllocation", Time since last: 1299830232 ns, Reaching safepoint: 154586 ns, At safepoint: 288142934 ns, Total: 288297520 ns
[2020-09-11T13:58:16.319+0000][1][safepoint    ] Safepoint "Cleanup", Time since last: 1022899681 ns, Reaching safepoint: 114346 ns, At safepoint: 6626 ns, Total: 120972 ns
[2020-09-11T13:58:17.322+0000][1][safepoint    ] Safepoint "Cleanup", Time since last: 1000511307 ns, Reaching safepoint: 125861 ns, At safepoint: 2449831 ns, Total: 2575692 ns
[2020-09-11T13:58:17.624+0000][1][safepoint    ] Safepoint "RevokeBias", Time since last: 302300269 ns, Reaching safepoint: 108798 ns, At safepoint: 31904 ns, Total: 140702 ns
[2020-09-11T13:58:18.484+0000][1][gc,start     ] GC(20) Pause Young (Allocation Failure)
[2020-09-11T13:58:18.484+0000][1][gc,task      ] GC(20) Using 1 workers of 1 for evacuation
[2020-09-11T13:58:18.630+0000][1][gc,age       ] GC(20) Desired survivor size 4358144 bytes, new threshold 6 (max threshold 6)
[2020-09-11T13:58:18.630+0000][1][gc,age       ] GC(20) Age table with threshold 6 (max threshold 6)
[2020-09-11T13:58:18.630+0000][1][gc,age       ] GC(20) - age   1:    3719800 bytes,    3719800 total
[2020-09-11T13:58:18.630+0000][1][gc,heap      ] GC(20) ParNew: 76672K->8307K(76672K)
[2020-09-11T13:58:18.630+0000][1][gc,heap      ] GC(20) CMS: 33694K->42008K(2011968K)
[2020-09-11T13:58:18.630+0000][1][gc,metaspace ] GC(20) Metaspace: 32126K->32126K(1079296K)
[2020-09-11T13:58:18.630+0000][1][gc           ] GC(20) Pause Young (Allocation Failure) 107M->49M(2039M) 145.827ms
[2020-09-11T13:58:18.630+0000][1][gc,cpu       ] GC(20) User=0.05s Sys=0.00s Real=0.14s
[2020-09-11T13:58:18.647+0000][1][safepoint    ] Safepoint "GenCollectForAllocation", Time since last: 859598639 ns, Reaching safepoint: 99309 ns, At safepoint: 163497979 ns, Total: 163597288 ns
[2020-09-11T13:58:19.115+0000][1][safepoint    ] Safepoint "Deoptimize", Time since last: 467291596 ns, Reaching safepoint: 113985 ns, At safepoint: 265538 ns, Total: 379523 ns
[2020-09-11T13:58:20.016+0000][1][safepoint    ] Safepoint "ICBufferFull", Time since last: 900423172 ns, Reaching safepoint: 148101 ns, At safepoint: 5648 ns, Total: 153749 ns
[2020-09-11T13:58:21.020+0000][1][safepoint    ] Safepoint "Cleanup", Time since last: 1003707768 ns, Reaching safepoint: 128819 ns, At safepoint: 5719 ns, Total: 134538 ns
[2020-09-11T13:58:21.244+0000][1][safepoint    ] Safepoint "Deoptimize", Time since last: 223871193 ns, Reaching safepoint: 110860 ns, At safepoint: 289025 ns, Total: 399885 ns
[2020-09-11T13:58:22.120+0000][1][gc,start     ] GC(21) Pause Young (Allocation Failure)
[2020-09-11T13:58:22.120+0000][1][gc,task      ] GC(21) Using 1 workers of 1 for evacuation
[2020-09-11T13:58:22.180+0000][1][gc,age       ] GC(21) Desired survivor size 4358144 bytes, new threshold 2 (max threshold 6)
[2020-09-11T13:58:22.180+0000][1][gc,age       ] GC(21) Age table with threshold 2 (max threshold 6)
[2020-09-11T13:58:22.180+0000][1][gc,age       ] GC(21) - age   1:     986096 bytes,     986096 total
[2020-09-11T13:58:22.180+0000][1][gc,age       ] GC(21) - age   2:    3626504 bytes,    4612600 total
[2020-09-11T13:58:22.180+0000][1][gc,heap      ] GC(21) ParNew: 76467K->6878K(76672K)
[2020-09-11T13:58:22.180+0000][1][gc,heap      ] GC(21) CMS: 42008K->42008K(2011968K)
[2020-09-11T13:58:22.180+0000][1][gc,metaspace ] GC(21) Metaspace: 32420K->32420K(1079296K)
[2020-09-11T13:58:22.181+0000][1][gc           ] GC(21) Pause Young (Allocation Failure) 115M->47M(2039M) 60.938ms
[2020-09-11T13:58:22.181+0000][1][gc,cpu       ] GC(21) User=0.02s Sys=0.00s Real=0.06s
[2020-09-11T13:58:22.203+0000][1][safepoint    ] Safepoint "GenCollectForAllocation", Time since last: 875619684 ns, Reaching safepoint: 130794 ns, At safepoint: 83869084 ns, Total: 83999878 ns
[2020-09-11T13:58:23.167+0000][1][gc,start     ] GC(22) Pause Young (Allocation Failure)
[2020-09-11T13:58:23.168+0000][1][gc,task      ] GC(22) Using 1 workers of 1 for evacuation
[2020-09-11T13:58:23.227+0000][1][gc,age       ] GC(22) Desired survivor size 4358144 bytes, new threshold 6 (max threshold 6)
[2020-09-11T13:58:23.227+0000][1][gc,age       ] GC(22) Age table with threshold 6 (max threshold 6)
[2020-09-11T13:58:23.227+0000][1][gc,age       ] GC(22) - age   1:     249648 bytes,     249648 total
[2020-09-11T13:58:23.227+0000][1][gc,age       ] GC(22) - age   2:     439704 bytes,     689352 total
[2020-09-11T13:58:23.227+0000][1][gc,heap      ] GC(22) ParNew: 75038K->4238K(76672K)
[2020-09-11T13:58:23.227+0000][1][gc,heap      ] GC(22) CMS: 42008K->45566K(2011968K)
[2020-09-11T13:58:23.227+0000][1][gc,metaspace ] GC(22) Metaspace: 32432K->32432K(1079296K)
[2020-09-11T13:58:23.227+0000][1][gc           ] GC(22) Pause Young (Allocation Failure) 114M->48M(2039M) 59.440ms
[2020-09-11T13:58:23.227+0000][1][gc,cpu       ] GC(22) User=0.03s Sys=0.00s Real=0.06s
[2020-09-11T13:58:23.239+0000][1][safepoint    ] Safepoint "GenCollectForAllocation", Time since last: 959983736 ns, Reaching safepoint: 4037421 ns, At safepoint: 71487519 ns, Total: 75524940 ns
[2020-09-11T13:58:23.692+0000][1][gc,start     ] GC(23) Pause Young (Allocation Failure)
[2020-09-11T13:58:23.692+0000][1][gc,task      ] GC(23) Using 1 workers of 1 for evacuation
[2020-09-11T13:58:23.741+0000][1][gc,age       ] GC(23) Desired survivor size 4358144 bytes, new threshold 6 (max threshold 6)
[2020-09-11T13:58:23.741+0000][1][gc,age       ] GC(23) Age table with threshold 6 (max threshold 6)
[2020-09-11T13:58:23.741+0000][1][gc,age       ] GC(23) - age   1:        160 bytes,        160 total
[2020-09-11T13:58:23.741+0000][1][gc,age       ] GC(23) - age   2:     249432 bytes,     249592 total
[2020-09-11T13:58:23.741+0000][1][gc,age       ] GC(23) - age   3:     439704 bytes,     689296 total
[2020-09-11T13:58:23.741+0000][1][gc,heap      ] GC(23) ParNew: 72398K->1185K(76672K)
[2020-09-11T13:58:23.741+0000][1][gc,heap      ] GC(23) CMS: 45566K->45566K(2011968K)
[2020-09-11T13:58:23.741+0000][1][gc,metaspace ] GC(23) Metaspace: 32433K->32433K(1079296K)
[2020-09-11T13:58:23.741+0000][1][gc           ] GC(23) Pause Young (Allocation Failure) 115M->45M(2039M) 49.356ms
[2020-09-11T13:58:23.741+0000][1][gc,cpu       ] GC(23) User=0.02s Sys=0.00s Real=0.05s
[2020-09-11T13:58:23.752+0000][1][safepoint    ] Safepoint "GenCollectForAllocation", Time since last: 452468625 ns, Reaching safepoint: 108582 ns, At safepoint: 60691899 ns, Total: 60800481 ns
[2020-09-11T13:58:24.181+0000][1][gc,start     ] GC(24) Pause Young (Allocation Failure)
[2020-09-11T13:58:24.181+0000][1][gc,task      ] GC(24) Using 1 workers of 1 for evacuation
[2020-09-11T13:58:24.257+0000][1][gc,age       ] GC(24) Desired survivor size 4358144 bytes, new threshold 6 (max threshold 6)
[2020-09-11T13:58:24.257+0000][1][gc,age       ] GC(24) Age table with threshold 6 (max threshold 6)
[2020-09-11T13:58:24.257+0000][1][gc,age       ] GC(24) - age   1:        152 bytes,        152 total
[2020-09-11T13:58:24.257+0000][1][gc,age       ] GC(24) - age   3:     249432 bytes,     249584 total
[2020-09-11T13:58:24.257+0000][1][gc,age       ] GC(24) - age   4:     439704 bytes,     689288 total
[2020-09-11T13:58:24.257+0000][1][gc,heap      ] GC(24) ParNew: 69345K->1097K(76672K)
[2020-09-11T13:58:24.257+0000][1][gc,heap      ] GC(24) CMS: 45566K->45566K(2011968K)
[2020-09-11T13:58:24.257+0000][1][gc,metaspace ] GC(24) Metaspace: 32436K->32436K(1079296K)
[2020-09-11T13:58:24.258+0000][1][gc           ] GC(24) Pause Young (Allocation Failure) 112M->45M(2039M) 76.154ms
[2020-09-11T13:58:24.258+0000][1][gc,cpu       ] GC(24) User=0.03s Sys=0.00s Real=0.08s
[2020-09-11T13:58:24.258+0000][1][safepoint    ] Safepoint "GenCollectForAllocation", Time since last: 429033290 ns, Reaching safepoint: 107469 ns, At safepoint: 76229046 ns, Total: 76336515 ns
[2020-09-11T13:58:24.656+0000][1][gc,start     ] GC(25) Pause Young (Allocation Failure)
[2020-09-11T13:58:24.656+0000][1][gc,task      ] GC(25) Using 1 workers of 1 for evacuation
[2020-09-11T13:58:24.729+0000][1][gc,age       ] GC(25) Desired survivor size 4358144 bytes, new threshold 6 (max threshold 6)
[2020-09-11T13:58:24.729+0000][1][gc,age       ] GC(25) Age table with threshold 6 (max threshold 6)
[2020-09-11T13:58:24.729+0000][1][gc,age       ] GC(25) - age   1:         64 bytes,         64 total
[2020-09-11T13:58:24.729+0000][1][gc,age       ] GC(25) - age   4:     249432 bytes,     249496 total
[2020-09-11T13:58:24.729+0000][1][gc,age       ] GC(25) - age   5:     439704 bytes,     689200 total
[2020-09-11T13:58:24.729+0000][1][gc,heap      ] GC(25) ParNew: 69257K->1284K(76672K)
[2020-09-11T13:58:24.730+0000][1][gc,heap      ] GC(25) CMS: 45566K->45566K(2011968K)
[2020-09-11T13:58:24.730+0000][1][gc,metaspace ] GC(25) Metaspace: 32436K->32436K(1079296K)
[2020-09-11T13:58:24.730+0000][1][gc           ] GC(25) Pause Young (Allocation Failure) 112M->45M(2039M) 73.193ms
[2020-09-11T13:58:24.730+0000][1][gc,cpu       ] GC(25) User=0.02s Sys=0.00s Real=0.07s
[2020-09-11T13:58:24.736+0000][1][safepoint    ] Safepoint "GenCollectForAllocation", Time since last: 398647049 ns, Reaching safepoint: 96211 ns, At safepoint: 79203363 ns, Total: 79299574 ns
[2020-09-11T13:58:24.889+0000][1][safepoint    ] Safepoint "RevokeBias", Time since last: 153053011 ns, Reaching safepoint: 97916 ns, At safepoint: 28607 ns, Total: 126523 ns
[2020-09-11T13:58:25.215+0000][1][gc,start     ] GC(26) Pause Young (Allocation Failure)
[2020-09-11T13:58:25.215+0000][1][gc,task      ] GC(26) Using 1 workers of 1 for evacuation
[2020-09-11T13:58:25.248+0000][1][gc,age       ] GC(26) Desired survivor size 4358144 bytes, new threshold 6 (max threshold 6)
[2020-09-11T13:58:25.248+0000][1][gc,age       ] GC(26) Age table with threshold 6 (max threshold 6)
[2020-09-11T13:58:25.248+0000][1][gc,age       ] GC(26) - age   1:         72 bytes,         72 total
[2020-09-11T13:58:25.248+0000][1][gc,age       ] GC(26) - age   5:     249432 bytes,     249504 total
[2020-09-11T13:58:25.248+0000][1][gc,age       ] GC(26) - age   6:     439704 bytes,     689208 total
[2020-09-11T13:58:25.248+0000][1][gc,heap      ] GC(26) ParNew: 69444K->825K(76672K)
[2020-09-11T13:58:25.248+0000][1][gc,heap      ] GC(26) CMS: 45566K->45566K(2011968K)
[2020-09-11T13:58:25.248+0000][1][gc,metaspace ] GC(26) Metaspace: 32436K->32436K(1079296K)
[2020-09-11T13:58:25.248+0000][1][gc           ] GC(26) Pause Young (Allocation Failure) 112M->45M(2039M) 32.930ms
[2020-09-11T13:58:25.248+0000][1][gc,cpu       ] GC(26) User=0.01s Sys=0.00s Real=0.03s
[2020-09-11T13:58:25.251+0000][1][safepoint    ] Safepoint "GenCollectForAllocation", Time since last: 322699653 ns, Reaching safepoint: 4020202 ns, At safepoint: 36007000 ns, Total: 40027202 ns
[2020-09-11T13:58:25.467+0000][1][gc,start     ] GC(27) Pause Young (Allocation Failure)
[2020-09-11T13:58:25.468+0000][1][gc,task      ] GC(27) Using 1 workers of 1 for evacuation
[2020-09-11T13:58:25.501+0000][1][gc,age       ] GC(27) Desired survivor size 4358144 bytes, new threshold 6 (max threshold 6)
[2020-09-11T13:58:25.501+0000][1][gc,age       ] GC(27) Age table with threshold 6 (max threshold 6)
[2020-09-11T13:58:25.501+0000][1][gc,age       ] GC(27) - age   1:         72 bytes,         72 total
[2020-09-11T13:58:25.501+0000][1][gc,age       ] GC(27) - age   6:     249432 bytes,     249504 total
[2020-09-11T13:58:25.501+0000][1][gc,heap      ] GC(27) ParNew: 68985K->608K(76672K)
[2020-09-11T13:58:25.501+0000][1][gc,heap      ] GC(27) CMS: 45566K->45996K(2011968K)
[2020-09-11T13:58:25.501+0000][1][gc,metaspace ] GC(27) Metaspace: 32436K->32436K(1079296K)
[2020-09-11T13:58:25.501+0000][1][gc           ] GC(27) Pause Young (Allocation Failure) 111M->45M(2039M) 33.221ms
[2020-09-11T13:58:25.501+0000][1][gc,cpu       ] GC(27) User=0.01s Sys=0.00s Real=0.03s
[2020-09-11T13:58:25.511+0000][1][safepoint    ] Safepoint "GenCollectForAllocation", Time since last: 211975579 ns, Reaching safepoint: 4009287 ns, At safepoint: 43999412 ns, Total: 48008699 ns
[2020-09-11T13:58:25.881+0000][1][gc,start     ] GC(28) Pause Young (Allocation Failure)
[2020-09-11T13:58:25.881+0000][1][gc,task      ] GC(28) Using 1 workers of 1 for evacuation
[2020-09-11T13:58:25.915+0000][1][gc,age       ] GC(28) Desired survivor size 4358144 bytes, new threshold 6 (max threshold 6)
[2020-09-11T13:58:25.915+0000][1][gc,age       ] GC(28) Age table with threshold 6 (max threshold 6)
[2020-09-11T13:58:25.915+0000][1][gc,age       ] GC(28) - age   1:        336 bytes,        336 total
[2020-09-11T13:58:25.915+0000][1][gc,heap      ] GC(28) ParNew: 68768K->243K(76672K)
[2020-09-11T13:58:25.915+0000][1][gc,heap      ] GC(28) CMS: 45996K->46240K(2011968K)
[2020-09-11T13:58:25.915+0000][1][gc,metaspace ] GC(28) Metaspace: 32436K->32436K(1079296K)
[2020-09-11T13:58:25.915+0000][1][gc           ] GC(28) Pause Young (Allocation Failure) 112M->45M(2039M) 33.645ms
[2020-09-11T13:58:25.915+0000][1][gc,cpu       ] GC(28) User=0.01s Sys=0.00s Real=0.03s
[2020-09-11T13:58:25.931+0000][1][safepoint    ] Safepoint "GenCollectForAllocation", Time since last: 369495274 ns, Reaching safepoint: 106887 ns, At safepoint: 49990166 ns, Total: 50097053 ns
[2020-09-11T13:58:26.268+0000][1][gc,start     ] GC(29) Pause Young (Allocation Failure)
[2020-09-11T13:58:26.268+0000][1][gc,task      ] GC(29) Using 1 workers of 1 for evacuation
[2020-09-11T13:58:26.333+0000][1][gc,age       ] GC(29) Desired survivor size 4358144 bytes, new threshold 6 (max threshold 6)
[2020-09-11T13:58:26.333+0000][1][gc,age       ] GC(29) Age table with threshold 6 (max threshold 6)
[2020-09-11T13:58:26.333+0000][1][gc,age       ] GC(29) - age   1:        232 bytes,        232 total
[2020-09-11T13:58:26.333+0000][1][gc,age       ] GC(29) - age   2:         72 bytes,        304 total
[2020-09-11T13:58:26.333+0000][1][gc,heap      ] GC(29) ParNew: 68403K->60K(76672K)
[2020-09-11T13:58:26.333+0000][1][gc,heap      ] GC(29) CMS: 46240K->46240K(2011968K)
[2020-09-11T13:58:26.333+0000][1][gc,metaspace ] GC(29) Metaspace: 32436K->32436K(1079296K)
[2020-09-11T13:58:26.333+0000][1][gc           ] GC(29) Pause Young (Allocation Failure) 111M->45M(2039M) 65.090ms
[2020-09-11T13:58:26.333+0000][1][gc,cpu       ] GC(29) User=0.02s Sys=0.00s Real=0.06s
[2020-09-11T13:58:26.333+0000][1][safepoint    ] Safepoint "GenCollectForAllocation", Time since last: 336429729 ns, Reaching safepoint: 111314 ns, At safepoint: 65153861 ns, Total: 65265175 ns
[2020-09-11T13:58:26.656+0000][1][gc,start     ] GC(30) Pause Young (Allocation Failure)
[2020-09-11T13:58:26.656+0000][1][gc,task      ] GC(30) Using 1 workers of 1 for evacuation
[2020-09-11T13:58:26.723+0000][1][gc,age       ] GC(30) Desired survivor size 4358144 bytes, new threshold 6 (max threshold 6)
[2020-09-11T13:58:26.723+0000][1][gc,age       ] GC(30) Age table with threshold 6 (max threshold 6)
[2020-09-11T13:58:26.723+0000][1][gc,age       ] GC(30) - age   1:         88 bytes,         88 total
[2020-09-11T13:58:26.723+0000][1][gc,age       ] GC(30) - age   3:         72 bytes,        160 total
[2020-09-11T13:58:26.723+0000][1][gc,heap      ] GC(30) ParNew: 68220K->15K(76672K)
[2020-09-11T13:58:26.723+0000][1][gc,heap      ] GC(30) CMS: 46240K->46240K(2011968K)
[2020-09-11T13:58:26.723+0000][1][gc,metaspace ] GC(30) Metaspace: 32436K->32436K(1079296K)
[2020-09-11T13:58:26.723+0000][1][gc           ] GC(30) Pause Young (Allocation Failure) 111M->45M(2039M) 66.992ms
[2020-09-11T13:58:26.723+0000][1][gc,cpu       ] GC(30) User=0.02s Sys=0.00s Real=0.06s
[2020-09-11T13:58:26.727+0000][1][safepoint    ] Safepoint "GenCollectForAllocation", Time since last: 323323132 ns, Reaching safepoint: 98047 ns, At safepoint: 71278605 ns, Total: 71376652 ns
[2020-09-11T13:58:27.055+0000][1][gc,start     ] GC(31) Pause Young (Allocation Failure)
[2020-09-11T13:58:27.056+0000][1][gc,task      ] GC(31) Using 1 workers of 1 for evacuation
[2020-09-11T13:58:27.092+0000][1][gc,age       ] GC(31) Desired survivor size 4358144 bytes, new threshold 6 (max threshold 6)
[2020-09-11T13:58:27.092+0000][1][gc,age       ] GC(31) Age table with threshold 6 (max threshold 6)
[2020-09-11T13:58:27.092+0000][1][gc,age       ] GC(31) - age   1:        200 bytes,        200 total
[2020-09-11T13:58:27.092+0000][1][gc,age       ] GC(31) - age   4:         72 bytes,        272 total
[2020-09-11T13:58:27.092+0000][1][gc,heap      ] GC(31) ParNew: 68175K->3K(76672K)
[2020-09-11T13:58:27.092+0000][1][gc,heap      ] GC(31) CMS: 46240K->46240K(2011968K)
[2020-09-11T13:58:27.092+0000][1][gc,metaspace ] GC(31) Metaspace: 32436K->32436K(1079296K)
[2020-09-11T13:58:27.092+0000][1][gc           ] GC(31) Pause Young (Allocation Failure) 111M->45M(2039M) 36.399ms
[2020-09-11T13:58:27.092+0000][1][gc,cpu       ] GC(31) User=0.01s Sys=0.00s Real=0.03s
[2020-09-11T13:58:27.093+0000][1][safepoint    ] Safepoint "GenCollectForAllocation", Time since last: 326138155 ns, Reaching safepoint: 1881424 ns, At safepoint: 37167927 ns, Total: 39049351 ns
[2020-09-11T13:58:27.263+0000][1][gc,start     ] GC(32) Pause Young (Allocation Failure)
[2020-09-11T13:58:27.264+0000][1][gc,task      ] GC(32) Using 1 workers of 1 for evacuation
[2020-09-11T13:58:27.300+0000][1][gc,age       ] GC(32) Desired survivor size 4358144 bytes, new threshold 6 (max threshold 6)
[2020-09-11T13:58:27.300+0000][1][gc,age       ] GC(32) Age table with threshold 6 (max threshold 6)
[2020-09-11T13:58:27.300+0000][1][gc,age       ] GC(32) - age   1:        224 bytes,        224 total
[2020-09-11T13:58:27.300+0000][1][gc,age       ] GC(32) - age   5:         72 bytes,        296 total
[2020-09-11T13:58:27.300+0000][1][gc,heap      ] GC(32) ParNew: 68163K->2K(76672K)
[2020-09-11T13:58:27.300+0000][1][gc,heap      ] GC(32) CMS: 46240K->46240K(2011968K)
[2020-09-11T13:58:27.300+0000][1][gc,metaspace ] GC(32) Metaspace: 32436K->32436K(1079296K)
[2020-09-11T13:58:27.300+0000][1][gc           ] GC(32) Pause Young (Allocation Failure) 111M->45M(2039M) 36.322ms
[2020-09-11T13:58:27.300+0000][1][gc,cpu       ] GC(32) User=0.01s Sys=0.00s Real=0.03s
[2020-09-11T13:58:27.300+0000][1][safepoint    ] Safepoint "GenCollectForAllocation", Time since last: 167144305 ns, Reaching safepoint: 3712229 ns, At safepoint: 36388884 ns, Total: 40101113 ns
[2020-09-11T13:58:27.467+0000][1][gc,start     ] GC(33) Pause Young (Allocation Failure)
[2020-09-11T13:58:27.467+0000][1][gc,task      ] GC(33) Using 1 workers of 1 for evacuation
[2020-09-11T13:58:27.499+0000][1][gc,age       ] GC(33) Desired survivor size 4358144 bytes, new threshold 6 (max threshold 6)
[2020-09-11T13:58:27.499+0000][1][gc,age       ] GC(33) Age table with threshold 6 (max threshold 6)
[2020-09-11T13:58:27.499+0000][1][gc,age       ] GC(33) - age   1:         32 bytes,         32 total
[2020-09-11T13:58:27.499+0000][1][gc,age       ] GC(33) - age   6:         72 bytes,        104 total
[2020-09-11T13:58:27.499+0000][1][gc,heap      ] GC(33) ParNew: 68162K->2K(76672K)
[2020-09-11T13:58:27.499+0000][1][gc,heap      ] GC(33) CMS: 46240K->46240K(2011968K)
[2020-09-11T13:58:27.499+0000][1][gc,metaspace ] GC(33) Metaspace: 32436K->32436K(1079296K)
[2020-09-11T13:58:27.499+0000][1][gc           ] GC(33) Pause Young (Allocation Failure) 111M->45M(2039M) 31.399ms
[2020-09-11T13:58:27.499+0000][1][gc,cpu       ] GC(33) User=0.01s Sys=0.00s Real=0.03s
[2020-09-11T13:58:27.507+0000][1][safepoint    ] Safepoint "GenCollectForAllocation", Time since last: 164977969 ns, Reaching safepoint: 2602976 ns, At safepoint: 40039221 ns, Total: 42642197 ns
[2020-09-11T13:58:28.524+0000][1][safepoint    ] Safepoint "Cleanup", Time since last: 1015941317 ns, Reaching safepoint: 392125 ns, At safepoint: 6612 ns, Total: 398737 ns
[2020-09-11T13:58:29.531+0000][1][safepoint    ] Safepoint "Cleanup", Time since last: 1000105456 ns, Reaching safepoint: 7534678 ns, At safepoint: 9634 ns, Total: 7544312 ns
[2020-09-11T13:58:32.540+0000][1][safepoint    ] Safepoint "Cleanup", Time since last: 3008028886 ns, Reaching safepoint: 120589 ns, At safepoint: 6179 ns, Total: 126768 ns
[2020-09-11T13:58:32.610+0000][1][gc,start     ] GC(34) Pause Young (Allocation Failure)
[2020-09-11T13:58:32.610+0000][1][gc,task      ] GC(34) Using 1 workers of 1 for evacuation
[2020-09-11T13:58:32.663+0000][1][gc,age       ] GC(34) Desired survivor size 4358144 bytes, new threshold 6 (max threshold 6)
[2020-09-11T13:58:32.663+0000][1][gc,age       ] GC(34) Age table with threshold 6 (max threshold 6)
[2020-09-11T13:58:32.663+0000][1][gc,age       ] GC(34) - age   1:     276520 bytes,     276520 total
[2020-09-11T13:58:32.663+0000][1][gc,heap      ] GC(34) ParNew: 68162K->271K(76672K)
[2020-09-11T13:58:32.663+0000][1][gc,heap      ] GC(34) CMS: 46240K->46240K(2011968K)
[2020-09-11T13:58:32.663+0000][1][gc,metaspace ] GC(34) Metaspace: 32457K->32457K(1079296K)
[2020-09-11T13:58:32.663+0000][1][gc           ] GC(34) Pause Young (Allocation Failure) 111M->45M(2039M) 52.714ms
[2020-09-11T13:58:32.663+0000][1][gc,cpu       ] GC(34) User=0.02s Sys=0.00s Real=0.05s
[2020-09-11T13:58:32.683+0000][1][safepoint    ] Safepoint "GenCollectForAllocation", Time since last: 70222774 ns, Reaching safepoint: 94996 ns, At safepoint: 73493455 ns, Total: 73588451 ns
[2020-09-11T13:58:33.691+0000][1][gc,start     ] GC(35) Pause Young (Allocation Failure)
[2020-09-11T13:58:33.691+0000][1][gc,task      ] GC(35) Using 1 workers of 1 for evacuation
[2020-09-11T13:58:33.764+0000][1][gc,age       ] GC(35) Desired survivor size 4358144 bytes, new threshold 6 (max threshold 6)
[2020-09-11T13:58:33.764+0000][1][gc,age       ] GC(35) Age table with threshold 6 (max threshold 6)
[2020-09-11T13:58:33.764+0000][1][gc,age       ] GC(35) - age   1:     511832 bytes,     511832 total
[2020-09-11T13:58:33.764+0000][1][gc,age       ] GC(35) - age   2:     183408 bytes,     695240 total
[2020-09-11T13:58:33.764+0000][1][gc,heap      ] GC(35) ParNew: 68431K->681K(76672K)
[2020-09-11T13:58:33.764+0000][1][gc,heap      ] GC(35) CMS: 46240K->46240K(2011968K)
[2020-09-11T13:58:33.764+0000][1][gc,metaspace ] GC(35) Metaspace: 32457K->32457K(1079296K)
[2020-09-11T13:58:33.764+0000][1][gc           ] GC(35) Pause Young (Allocation Failure) 111M->45M(2039M) 73.161ms
[2020-09-11T13:58:33.764+0000][1][gc,cpu       ] GC(35) User=0.03s Sys=0.00s Real=0.08s
[2020-09-11T13:58:33.767+0000][1][safepoint    ] Safepoint "GenCollectForAllocation", Time since last: 1007763363 ns, Reaching safepoint: 102174 ns, At safepoint: 76131508 ns, Total: 76233682 ns
[2020-09-11T13:58:34.556+0000][1][gc,start     ] GC(36) Pause Young (Allocation Failure)
[2020-09-11T13:58:34.556+0000][1][gc,task      ] GC(36) Using 1 workers of 1 for evacuation
[2020-09-11T13:58:34.614+0000][1][gc,age       ] GC(36) Desired survivor size 4358144 bytes, new threshold 6 (max threshold 6)
[2020-09-11T13:58:34.614+0000][1][gc,age       ] GC(36) Age table with threshold 6 (max threshold 6)
[2020-09-11T13:58:34.614+0000][1][gc,age       ] GC(36) - age   1:     642760 bytes,     642760 total
[2020-09-11T13:58:34.614+0000][1][gc,age       ] GC(36) - age   2:     339856 bytes,     982616 total
[2020-09-11T13:58:34.614+0000][1][gc,age       ] GC(36) - age   3:     182768 bytes,    1165384 total
[2020-09-11T13:58:34.614+0000][1][gc,heap      ] GC(36) ParNew: 68841K->1138K(76672K)
[2020-09-11T13:58:34.614+0000][1][gc,heap      ] GC(36) CMS: 46240K->46240K(2011968K)
[2020-09-11T13:58:34.614+0000][1][gc,metaspace ] GC(36) Metaspace: 32458K->32458K(1079296K)
[2020-09-11T13:58:34.614+0000][1][gc           ] GC(36) Pause Young (Allocation Failure) 112M->46M(2039M) 58.574ms
[2020-09-11T13:58:34.614+0000][1][gc,cpu       ] GC(36) User=0.03s Sys=0.00s Real=0.05s
[2020-09-11T13:58:34.635+0000][1][safepoint    ] Safepoint "GenCollectForAllocation", Time since last: 788000861 ns, Reaching safepoint: 116746 ns, At safepoint: 79908513 ns, Total: 80025259 ns
[2020-09-11T13:58:35.584+0000][1][gc,start     ] GC(37) Pause Young (Allocation Failure)
[2020-09-11T13:58:35.584+0000][1][gc,task      ] GC(37) Using 1 workers of 1 for evacuation
[2020-09-11T13:58:35.643+0000][1][gc,age       ] GC(37) Desired survivor size 4358144 bytes, new threshold 6 (max threshold 6)
[2020-09-11T13:58:35.643+0000][1][gc,age       ] GC(37) Age table with threshold 6 (max threshold 6)
[2020-09-11T13:58:35.643+0000][1][gc,age       ] GC(37) - age   1:     622176 bytes,     622176 total
[2020-09-11T13:58:35.643+0000][1][gc,age       ] GC(37) - age   2:     301408 bytes,     923584 total
[2020-09-11T13:58:35.643+0000][1][gc,age       ] GC(37) - age   3:     339672 bytes,    1263256 total
[2020-09-11T13:58:35.643+0000][1][gc,age       ] GC(37) - age   4:     182384 bytes,    1445640 total
[2020-09-11T13:58:35.643+0000][1][gc,heap      ] GC(37) ParNew: 69298K->1439K(76672K)
[2020-09-11T13:58:35.643+0000][1][gc,heap      ] GC(37) CMS: 46240K->46240K(2011968K)
[2020-09-11T13:58:35.643+0000][1][gc,metaspace ] GC(37) Metaspace: 32458K->32458K(1079296K)
[2020-09-11T13:58:35.643+0000][1][gc           ] GC(37) Pause Young (Allocation Failure) 112M->46M(2039M) 58.824ms
[2020-09-11T13:58:35.643+0000][1][gc,cpu       ] GC(37) User=0.02s Sys=0.00s Real=0.05s
[2020-09-11T13:58:35.652+0000][1][safepoint    ] Safepoint "GenCollectForAllocation", Time since last: 948494328 ns, Reaching safepoint: 99323 ns, At safepoint: 68245885 ns, Total: 68345208 ns
[2020-09-11T13:58:36.572+0000][1][gc,start     ] GC(38) Pause Young (Allocation Failure)
[2020-09-11T13:58:36.572+0000][1][gc,task      ] GC(38) Using 1 workers of 1 for evacuation
[2020-09-11T13:58:36.623+0000][1][gc,age       ] GC(38) Desired survivor size 4358144 bytes, new threshold 6 (max threshold 6)
[2020-09-11T13:58:36.623+0000][1][gc,age       ] GC(38) Age table with threshold 6 (max threshold 6)
[2020-09-11T13:58:36.623+0000][1][gc,age       ] GC(38) - age   1:     935232 bytes,     935232 total
[2020-09-11T13:58:36.623+0000][1][gc,age       ] GC(38) - age   2:     264672 bytes,    1199904 total
[2020-09-11T13:58:36.623+0000][1][gc,age       ] GC(38) - age   3:     297488 bytes,    1497392 total
[2020-09-11T13:58:36.623+0000][1][gc,age       ] GC(38) - age   4:     339592 bytes,    1836984 total
[2020-09-11T13:58:36.623+0000][1][gc,age       ] GC(38) - age   5:     182280 bytes,    2019264 total
[2020-09-11T13:58:36.623+0000][1][gc,heap      ] GC(38) ParNew: 69599K->2033K(76672K)
[2020-09-11T13:58:36.623+0000][1][gc,heap      ] GC(38) CMS: 46240K->46240K(2011968K)
[2020-09-11T13:58:36.623+0000][1][gc,metaspace ] GC(38) Metaspace: 32458K->32458K(1079296K)
[2020-09-11T13:58:36.623+0000][1][gc           ] GC(38) Pause Young (Allocation Failure) 113M->47M(2039M) 51.181ms
[2020-09-11T13:58:36.623+0000][1][gc,cpu       ] GC(38) User=0.02s Sys=0.00s Real=0.05s
[2020-09-11T13:58:36.644+0000][1][safepoint    ] Safepoint "GenCollectForAllocation", Time since last: 919227785 ns, Reaching safepoint: 96930 ns, At safepoint: 72032104 ns, Total: 72129034 ns
[2020-09-11T13:58:37.110+0000][1][gc,start     ] GC(39) Pause Young (Allocation Failure)
[2020-09-11T13:58:37.110+0000][1][gc,task      ] GC(39) Using 1 workers of 1 for evacuation
[2020-09-11T13:58:37.147+0000][1][gc,age       ] GC(39) Desired survivor size 4358144 bytes, new threshold 6 (max threshold 6)
[2020-09-11T13:58:37.147+0000][1][gc,age       ] GC(39) Age table with threshold 6 (max threshold 6)
[2020-09-11T13:58:37.147+0000][1][gc,age       ] GC(39) - age   1:     311488 bytes,     311488 total
[2020-09-11T13:58:37.147+0000][1][gc,age       ] GC(39) - age   2:     922856 bytes,    1234344 total
[2020-09-11T13:58:37.147+0000][1][gc,age       ] GC(39) - age   3:     263464 bytes,    1497808 total
[2020-09-11T13:58:37.147+0000][1][gc,age       ] GC(39) - age   4:     296976 bytes,    1794784 total
[2020-09-11T13:58:37.147+0000][1][gc,age       ] GC(39) - age   5:     339256 bytes,    2134040 total
[2020-09-11T13:58:37.147+0000][1][gc,age       ] GC(39) - age   6:     182240 bytes,    2316280 total
[2020-09-11T13:58:37.147+0000][1][gc,heap      ] GC(39) ParNew: 70193K->2353K(76672K)
[2020-09-11T13:58:37.147+0000][1][gc,heap      ] GC(39) CMS: 46240K->46240K(2011968K)
[2020-09-11T13:58:37.147+0000][1][gc,metaspace ] GC(39) Metaspace: 32458K->32458K(1079296K)
[2020-09-11T13:58:37.147+0000][1][gc           ] GC(39) Pause Young (Allocation Failure) 113M->47M(2039M) 37.115ms
[2020-09-11T13:58:37.147+0000][1][gc,cpu       ] GC(39) User=0.02s Sys=0.00s Real=0.04s
[2020-09-11T13:58:37.151+0000][1][safepoint    ] Safepoint "GenCollectForAllocation", Time since last: 465915397 ns, Reaching safepoint: 115867 ns, At safepoint: 41773975 ns, Total: 41889842 ns
[2020-09-11T13:58:37.193+0000][1][safepoint    ] Safepoint "RevokeBias", Time since last: 37167891 ns, Reaching safepoint: 4753165 ns, At safepoint: 36111 ns, Total: 4789276 ns
[2020-09-11T13:58:37.720+0000][1][gc,start     ] GC(40) Pause Young (Allocation Failure)
[2020-09-11T13:58:37.720+0000][1][gc,task      ] GC(40) Using 1 workers of 1 for evacuation
[2020-09-11T13:58:37.757+0000][1][gc,age       ] GC(40) Desired survivor size 4358144 bytes, new threshold 6 (max threshold 6)
[2020-09-11T13:58:37.757+0000][1][gc,age       ] GC(40) Age table with threshold 6 (max threshold 6)
[2020-09-11T13:58:37.757+0000][1][gc,age       ] GC(40) - age   1:     380912 bytes,     380912 total
[2020-09-11T13:58:37.757+0000][1][gc,age       ] GC(40) - age   2:     300864 bytes,     681776 total
[2020-09-11T13:58:37.757+0000][1][gc,age       ] GC(40) - age   3:     922288 bytes,    1604064 total
[2020-09-11T13:58:37.757+0000][1][gc,age       ] GC(40) - age   4:     263232 bytes,    1867296 total
[2020-09-11T13:58:37.757+0000][1][gc,age       ] GC(40) - age   5:     296856 bytes,    2164152 total
[2020-09-11T13:58:37.757+0000][1][gc,age       ] GC(40) - age   6:     339256 bytes,    2503408 total
[2020-09-11T13:58:37.757+0000][1][gc,heap      ] GC(40) ParNew: 70513K->2468K(76672K)
[2020-09-11T13:58:37.757+0000][1][gc,heap      ] GC(40) CMS: 46240K->46415K(2011968K)
[2020-09-11T13:58:37.757+0000][1][gc,metaspace ] GC(40) Metaspace: 32465K->32465K(1079296K)
[2020-09-11T13:58:37.757+0000][1][gc           ] GC(40) Pause Young (Allocation Failure) 114M->47M(2039M) 37.061ms
[2020-09-11T13:58:37.757+0000][1][gc,cpu       ] GC(40) User=0.01s Sys=0.00s Real=0.04s
[2020-09-11T13:58:37.763+0000][1][safepoint    ] Safepoint "GenCollectForAllocation", Time since last: 526034253 ns, Reaching safepoint: 378811 ns, At safepoint: 43612988 ns, Total: 43991799 ns
[2020-09-11T13:58:37.931+0000][1][gc,start     ] GC(41) Pause Young (Allocation Failure)
[2020-09-11T13:58:37.931+0000][1][gc,task      ] GC(41) Using 1 workers of 1 for evacuation
[2020-09-11T13:58:37.971+0000][1][gc,age       ] GC(41) Desired survivor size 4358144 bytes, new threshold 6 (max threshold 6)
[2020-09-11T13:58:37.971+0000][1][gc,age       ] GC(41) Age table with threshold 6 (max threshold 6)
[2020-09-11T13:58:37.971+0000][1][gc,age       ] GC(41) - age   1:        384 bytes,        384 total
[2020-09-11T13:58:37.971+0000][1][gc,age       ] GC(41) - age   2:     380824 bytes,     381208 total
[2020-09-11T13:58:37.971+0000][1][gc,age       ] GC(41) - age   3:     300864 bytes,     682072 total
[2020-09-11T13:58:37.971+0000][1][gc,age       ] GC(41) - age   4:     922288 bytes,    1604360 total
[2020-09-11T13:58:37.971+0000][1][gc,age       ] GC(41) - age   5:     263232 bytes,    1867592 total
[2020-09-11T13:58:37.971+0000][1][gc,age       ] GC(41) - age   6:     296856 bytes,    2164448 total
[2020-09-11T13:58:37.971+0000][1][gc,heap      ] GC(41) ParNew: 70628K->2373K(76672K)
[2020-09-11T13:58:37.971+0000][1][gc,heap      ] GC(41) CMS: 46415K->46747K(2011968K)
[2020-09-11T13:58:37.971+0000][1][gc,metaspace ] GC(41) Metaspace: 32465K->32465K(1079296K)
[2020-09-11T13:58:37.971+0000][1][gc           ] GC(41) Pause Young (Allocation Failure) 114M->47M(2039M) 39.915ms
[2020-09-11T13:58:37.971+0000][1][gc,cpu       ] GC(41) User=0.02s Sys=0.00s Real=0.04s
[2020-09-11T13:58:37.975+0000][1][safepoint    ] Safepoint "GenCollectForAllocation", Time since last: 167321820 ns, Reaching safepoint: 110756 ns, At safepoint: 44549689 ns, Total: 44660445 ns
[2020-09-11T13:58:38.143+0000][1][gc,start     ] GC(42) Pause Young (Allocation Failure)
[2020-09-11T13:58:38.144+0000][1][gc,task      ] GC(42) Using 1 workers of 1 for evacuation
[2020-09-11T13:58:38.187+0000][1][gc,age       ] GC(42) Desired survivor size 4358144 bytes, new threshold 6 (max threshold 6)
[2020-09-11T13:58:38.187+0000][1][gc,age       ] GC(42) Age table with threshold 6 (max threshold 6)
[2020-09-11T13:58:38.188+0000][1][gc,age       ] GC(42) - age   1:         88 bytes,         88 total
[2020-09-11T13:58:38.188+0000][1][gc,age       ] GC(42) - age   2:        160 bytes,        248 total
[2020-09-11T13:58:38.188+0000][1][gc,age       ] GC(42) - age   3:     380824 bytes,     381072 total
[2020-09-11T13:58:38.188+0000][1][gc,age       ] GC(42) - age   4:     300864 bytes,     681936 total
[2020-09-11T13:58:38.188+0000][1][gc,age       ] GC(42) - age   5:     922288 bytes,    1604224 total
[2020-09-11T13:58:38.188+0000][1][gc,age       ] GC(42) - age   6:     263232 bytes,    1867456 total
[2020-09-11T13:58:38.188+0000][1][gc,heap      ] GC(42) ParNew: 70533K->1831K(76672K)
[2020-09-11T13:58:38.188+0000][1][gc,heap      ] GC(42) CMS: 46747K->47037K(2011968K)
[2020-09-11T13:58:38.188+0000][1][gc,metaspace ] GC(42) Metaspace: 32465K->32465K(1079296K)
[2020-09-11T13:58:38.188+0000][1][gc           ] GC(42) Pause Young (Allocation Failure) 114M->47M(2039M) 44.163ms
[2020-09-11T13:58:38.188+0000][1][gc,cpu       ] GC(42) User=0.02s Sys=0.00s Real=0.04s
[2020-09-11T13:58:38.188+0000][1][safepoint    ] Safepoint "GenCollectForAllocation", Time since last: 162678746 ns, Reaching safepoint: 5342230 ns, At safepoint: 44235062 ns, Total: 49577292 ns
[2020-09-11T13:58:38.347+0000][1][gc,start     ] GC(43) Pause Young (Allocation Failure)
[2020-09-11T13:58:38.347+0000][1][gc,task      ] GC(43) Using 1 workers of 1 for evacuation
[2020-09-11T13:58:38.393+0000][1][gc,age       ] GC(43) Desired survivor size 4358144 bytes, new threshold 6 (max threshold 6)
[2020-09-11T13:58:38.393+0000][1][gc,age       ] GC(43) Age table with threshold 6 (max threshold 6)
[2020-09-11T13:58:38.393+0000][1][gc,age       ] GC(43) - age   1:        152 bytes,        152 total
[2020-09-11T13:58:38.393+0000][1][gc,age       ] GC(43) - age   3:        160 bytes,        312 total
[2020-09-11T13:58:38.393+0000][1][gc,age       ] GC(43) - age   4:     380824 bytes,     381136 total
[2020-09-11T13:58:38.393+0000][1][gc,age       ] GC(43) - age   5:     300864 bytes,     682000 total
[2020-09-11T13:58:38.393+0000][1][gc,age       ] GC(43) - age   6:     922288 bytes,    1604288 total
[2020-09-11T13:58:38.393+0000][1][gc,heap      ] GC(43) ParNew: 69991K->1619K(76672K)
[2020-09-11T13:58:38.393+0000][1][gc,heap      ] GC(43) CMS: 47037K->47294K(2011968K)
[2020-09-11T13:58:38.393+0000][1][gc,metaspace ] GC(43) Metaspace: 32465K->32465K(1079296K)
[2020-09-11T13:58:38.393+0000][1][gc           ] GC(43) Pause Young (Allocation Failure) 114M->47M(2039M) 45.791ms
[2020-09-11T13:58:38.393+0000][1][gc,cpu       ] GC(43) User=0.01s Sys=0.00s Real=0.04s
[2020-09-11T13:58:38.393+0000][1][safepoint    ] Safepoint "GenCollectForAllocation", Time since last: 158577553 ns, Reaching safepoint: 1175589 ns, At safepoint: 45850789 ns, Total: 47026378 ns
[2020-09-11T13:58:38.564+0000][1][gc,start     ] GC(44) Pause Young (Allocation Failure)
[2020-09-11T13:58:38.564+0000][1][gc,task      ] GC(44) Using 1 workers of 1 for evacuation
[2020-09-11T13:58:38.601+0000][1][gc,age       ] GC(44) Desired survivor size 4358144 bytes, new threshold 6 (max threshold 6)
[2020-09-11T13:58:38.601+0000][1][gc,age       ] GC(44) Age table with threshold 6 (max threshold 6)
[2020-09-11T13:58:38.601+0000][1][gc,age       ] GC(44) - age   1:        160 bytes,        160 total
[2020-09-11T13:58:38.601+0000][1][gc,age       ] GC(44) - age   4:        160 bytes,        320 total
[2020-09-11T13:58:38.601+0000][1][gc,age       ] GC(44) - age   5:     380824 bytes,     381144 total
[2020-09-11T13:58:38.601+0000][1][gc,age       ] GC(44) - age   6:     300864 bytes,     682008 total
[2020-09-11T13:58:38.601+0000][1][gc,heap      ] GC(44) ParNew: 69779K->1135K(76672K)
[2020-09-11T13:58:38.601+0000][1][gc,heap      ] GC(44) CMS: 47294K->48194K(2011968K)
[2020-09-11T13:58:38.601+0000][1][gc,metaspace ] GC(44) Metaspace: 32465K->32465K(1079296K)
[2020-09-11T13:58:38.601+0000][1][gc           ] GC(44) Pause Young (Allocation Failure) 114M->48M(2039M) 37.246ms
[2020-09-11T13:58:38.601+0000][1][gc,cpu       ] GC(44) User=0.01s Sys=0.00s Real=0.03s
[2020-09-11T13:58:38.601+0000][1][safepoint    ] Safepoint "GenCollectForAllocation", Time since last: 170160068 ns, Reaching safepoint: 110444 ns, At safepoint: 37306019 ns, Total: 37416463 ns
[2020-09-11T13:58:38.767+0000][1][gc,start     ] GC(45) Pause Young (Allocation Failure)
[2020-09-11T13:58:38.767+0000][1][gc,task      ] GC(45) Using 1 workers of 1 for evacuation
[2020-09-11T13:58:38.804+0000][1][gc,age       ] GC(45) Desired survivor size 4358144 bytes, new threshold 6 (max threshold 6)
[2020-09-11T13:58:38.805+0000][1][gc,age       ] GC(45) Age table with threshold 6 (max threshold 6)
[2020-09-11T13:58:38.805+0000][1][gc,age       ] GC(45) - age   1:         56 bytes,         56 total
[2020-09-11T13:58:38.805+0000][1][gc,age       ] GC(45) - age   5:        160 bytes,        216 total
[2020-09-11T13:58:38.805+0000][1][gc,age       ] GC(45) - age   6:     380824 bytes,     381040 total
[2020-09-11T13:58:38.805+0000][1][gc,heap      ] GC(45) ParNew: 69295K->666K(76672K)
[2020-09-11T13:58:38.805+0000][1][gc,heap      ] GC(45) CMS: 48194K->48488K(2011968K)
[2020-09-11T13:58:38.805+0000][1][gc,metaspace ] GC(45) Metaspace: 32465K->32465K(1079296K)
[2020-09-11T13:58:38.805+0000][1][gc           ] GC(45) Pause Young (Allocation Failure) 114M->48M(2039M) 37.146ms
[2020-09-11T13:58:38.805+0000][1][gc,cpu       ] GC(45) User=0.01s Sys=0.00s Real=0.04s
[2020-09-11T13:58:38.805+0000][1][safepoint    ] Safepoint "GenCollectForAllocation", Time since last: 164057818 ns, Reaching safepoint: 2521794 ns, At safepoint: 37208627 ns, Total: 39730421 ns
[2020-09-11T13:58:38.980+0000][1][gc,start     ] GC(46) Pause Young (Allocation Failure)
[2020-09-11T13:58:38.980+0000][1][gc,task      ] GC(46) Using 1 workers of 1 for evacuation
[2020-09-11T13:58:39.015+0000][1][gc,age       ] GC(46) Desired survivor size 4358144 bytes, new threshold 6 (max threshold 6)
[2020-09-11T13:58:39.015+0000][1][gc,age       ] GC(46) Age table with threshold 6 (max threshold 6)
[2020-09-11T13:58:39.015+0000][1][gc,age       ] GC(46) - age   1:        176 bytes,        176 total
[2020-09-11T13:58:39.015+0000][1][gc,age       ] GC(46) - age   6:        160 bytes,        336 total
[2020-09-11T13:58:39.015+0000][1][gc,heap      ] GC(46) ParNew: 68826K->222K(76672K)
[2020-09-11T13:58:39.015+0000][1][gc,heap      ] GC(46) CMS: 48488K->48860K(2011968K)
[2020-09-11T13:58:39.015+0000][1][gc,metaspace ] GC(46) Metaspace: 32465K->32465K(1079296K)
[2020-09-11T13:58:39.015+0000][1][gc           ] GC(46) Pause Young (Allocation Failure) 114M->47M(2039M) 34.820ms
[2020-09-11T13:58:39.015+0000][1][gc,cpu       ] GC(46) User=0.01s Sys=0.00s Real=0.03s
[2020-09-11T13:58:39.027+0000][1][safepoint    ] Safepoint "GenCollectForAllocation", Time since last: 174800594 ns, Reaching safepoint: 887539 ns, At safepoint: 47095683 ns, Total: 47983222 ns
[2020-09-11T13:58:39.191+0000][1][gc,start     ] GC(47) Pause Young (Allocation Failure)
[2020-09-11T13:58:39.192+0000][1][gc,task      ] GC(47) Using 1 workers of 1 for evacuation
[2020-09-11T13:58:39.232+0000][1][gc,age       ] GC(47) Desired survivor size 4358144 bytes, new threshold 6 (max threshold 6)
[2020-09-11T13:58:39.232+0000][1][gc,age       ] GC(47) Age table with threshold 6 (max threshold 6)
[2020-09-11T13:58:39.232+0000][1][gc,age       ] GC(47) - age   1:        232 bytes,        232 total
[2020-09-11T13:58:39.233+0000][1][gc,heap      ] GC(47) ParNew: 68382K->55K(76672K)
[2020-09-11T13:58:39.233+0000][1][gc,heap      ] GC(47) CMS: 48860K->48861K(2011968K)
[2020-09-11T13:58:39.233+0000][1][gc,metaspace ] GC(47) Metaspace: 32465K->32465K(1079296K)
[2020-09-11T13:58:39.233+0000][1][gc           ] GC(47) Pause Young (Allocation Failure) 114M->47M(2039M) 41.118ms
[2020-09-11T13:58:39.233+0000][1][gc,cpu       ] GC(47) User=0.01s Sys=0.00s Real=0.04s
[2020-09-11T13:58:39.233+0000][1][safepoint    ] Safepoint "GenCollectForAllocation", Time since last: 160271568 ns, Reaching safepoint: 3734391 ns, At safepoint: 41179799 ns, Total: 44914190 ns
[2020-09-11T13:58:39.432+0000][1][gc,start     ] GC(48) Pause Young (Allocation Failure)
[2020-09-11T13:58:39.432+0000][1][gc,task      ] GC(48) Using 1 workers of 1 for evacuation
[2020-09-11T13:58:39.482+0000][1][gc,age       ] GC(48) Desired survivor size 4358144 bytes, new threshold 6 (max threshold 6)
[2020-09-11T13:58:39.482+0000][1][gc,age       ] GC(48) Age table with threshold 6 (max threshold 6)
[2020-09-11T13:58:39.482+0000][1][gc,age       ] GC(48) - age   1:         48 bytes,         48 total
[2020-09-11T13:58:39.482+0000][1][gc,heap      ] GC(48) ParNew: 68215K->13K(76672K)
[2020-09-11T13:58:39.482+0000][1][gc,heap      ] GC(48) CMS: 48861K->48861K(2011968K)
[2020-09-11T13:58:39.482+0000][1][gc,metaspace ] GC(48) Metaspace: 32465K->32465K(1079296K)
[2020-09-11T13:58:39.482+0000][1][gc           ] GC(48) Pause Young (Allocation Failure) 114M->47M(2039M) 50.081ms
[2020-09-11T13:58:39.482+0000][1][gc,cpu       ] GC(48) User=0.01s Sys=0.00s Real=0.05s
[2020-09-11T13:58:39.482+0000][1][safepoint    ] Safepoint "GenCollectForAllocation", Time since last: 197448247 ns, Reaching safepoint: 1535978 ns, At safepoint: 50156933 ns, Total: 51692911 ns
[2020-09-11T13:58:39.691+0000][1][gc,start     ] GC(49) Pause Young (Allocation Failure)
[2020-09-11T13:58:39.692+0000][1][gc,task      ] GC(49) Using 1 workers of 1 for evacuation
[2020-09-11T13:58:39.725+0000][1][gc,age       ] GC(49) Desired survivor size 4358144 bytes, new threshold 6 (max threshold 6)
[2020-09-11T13:58:39.725+0000][1][gc,age       ] GC(49) Age table with threshold 6 (max threshold 6)
[2020-09-11T13:58:39.725+0000][1][gc,age       ] GC(49) - age   1:        184 bytes,        184 total
[2020-09-11T13:58:39.725+0000][1][gc,heap      ] GC(49) ParNew: 68173K->3K(76672K)
[2020-09-11T13:58:39.725+0000][1][gc,heap      ] GC(49) CMS: 48861K->48861K(2011968K)
[2020-09-11T13:58:39.725+0000][1][gc,metaspace ] GC(49) Metaspace: 32465K->32465K(1079296K)
[2020-09-11T13:58:39.725+0000][1][gc           ] GC(49) Pause Young (Allocation Failure) 114M->47M(2039M) 33.284ms
[2020-09-11T13:58:39.725+0000][1][gc,cpu       ] GC(49) User=0.01s Sys=0.00s Real=0.04s
[2020-09-11T13:58:39.725+0000][1][safepoint    ] Safepoint "GenCollectForAllocation", Time since last: 200286112 ns, Reaching safepoint: 9409773 ns, At safepoint: 33346637 ns, Total: 42756410 ns
[2020-09-11T13:58:40.748+0000][1][safepoint    ] Safepoint "Cleanup", Time since last: 1022682904 ns, Reaching safepoint: 109687 ns, At safepoint: 6101 ns, Total: 115788 ns
[2020-09-11T13:58:42.319+0000][1][gc,start     ] GC(50) Pause Young (Allocation Failure)
[2020-09-11T13:58:42.320+0000][1][gc,task      ] GC(50) Using 1 workers of 1 for evacuation
[2020-09-11T13:58:42.348+0000][1][gc,age       ] GC(50) Desired survivor size 4358144 bytes, new threshold 6 (max threshold 6)
[2020-09-11T13:58:42.348+0000][1][gc,age       ] GC(50) Age table with threshold 6 (max threshold 6)
[2020-09-11T13:58:42.348+0000][1][gc,age       ] GC(50) - age   1:     133512 bytes,     133512 total
[2020-09-11T13:58:42.348+0000][1][gc,heap      ] GC(50) ParNew: 68163K->132K(76672K)
[2020-09-11T13:58:42.348+0000][1][gc,heap      ] GC(50) CMS: 48861K->48861K(2011968K)
[2020-09-11T13:58:42.348+0000][1][gc,metaspace ] GC(50) Metaspace: 32467K->32467K(1079296K)
[2020-09-11T13:58:42.348+0000][1][gc           ] GC(50) Pause Young (Allocation Failure) 114M->47M(2039M) 28.816ms
[2020-09-11T13:58:42.348+0000][1][gc,cpu       ] GC(50) User=0.02s Sys=0.00s Real=0.03s
[2020-09-11T13:58:42.367+0000][1][safepoint    ] Safepoint "GenCollectForAllocation", Time since last: 1566926959 ns, Reaching safepoint: 4919271 ns, At safepoint: 47154102 ns, Total: 52073373 ns
[2020-09-11T13:58:42.834+0000][1][gc,start     ] GC(51) Pause Young (Allocation Failure)
[2020-09-11T13:58:42.834+0000][1][gc,task      ] GC(51) Using 1 workers of 1 for evacuation
[2020-09-11T13:58:42.877+0000][1][gc,age       ] GC(51) Desired survivor size 4358144 bytes, new threshold 6 (max threshold 6)
[2020-09-11T13:58:42.877+0000][1][gc,age       ] GC(51) Age table with threshold 6 (max threshold 6)
[2020-09-11T13:58:42.877+0000][1][gc,age       ] GC(51) - age   1:     512000 bytes,     512000 total
[2020-09-11T13:58:42.877+0000][1][gc,age       ] GC(51) - age   2:      83680 bytes,     595680 total
[2020-09-11T13:58:42.877+0000][1][gc,heap      ] GC(51) ParNew: 68292K->582K(76672K)
[2020-09-11T13:58:42.877+0000][1][gc,heap      ] GC(51) CMS: 48861K->48861K(2011968K)
[2020-09-11T13:58:42.877+0000][1][gc,metaspace ] GC(51) Metaspace: 32467K->32467K(1079296K)
[2020-09-11T13:58:42.877+0000][1][gc           ] GC(51) Pause Young (Allocation Failure) 114M->48M(2039M) 43.115ms
[2020-09-11T13:58:42.877+0000][1][gc,cpu       ] GC(51) User=0.01s Sys=0.00s Real=0.05s
[2020-09-11T13:58:42.877+0000][1][safepoint    ] Safepoint "GenCollectForAllocation", Time since last: 467583575 ns, Reaching safepoint: 120315 ns, At safepoint: 43178783 ns, Total: 43299098 ns
[2020-09-11T13:58:43.202+0000][1][gc,start     ] GC(52) Pause Young (Allocation Failure)
[2020-09-11T13:58:43.202+0000][1][gc,task      ] GC(52) Using 1 workers of 1 for evacuation
[2020-09-11T13:58:43.234+0000][1][gc,age       ] GC(52) Desired survivor size 4358144 bytes, new threshold 6 (max threshold 6)
[2020-09-11T13:58:43.234+0000][1][gc,age       ] GC(52) Age table with threshold 6 (max threshold 6)
[2020-09-11T13:58:43.234+0000][1][gc,age       ] GC(52) - age   1:     676160 bytes,     676160 total
[2020-09-11T13:58:43.235+0000][1][gc,age       ] GC(52) - age   2:     340304 bytes,    1016464 total
[2020-09-11T13:58:43.235+0000][1][gc,age       ] GC(52) - age   3:      82904 bytes,    1099368 total
[2020-09-11T13:58:43.235+0000][1][gc,heap      ] GC(52) ParNew: 68742K->1079K(76672K)
[2020-09-11T13:58:43.235+0000][1][gc,heap      ] GC(52) CMS: 48861K->48861K(2011968K)
[2020-09-11T13:58:43.235+0000][1][gc,metaspace ] GC(52) Metaspace: 32467K->32467K(1079296K)
[2020-09-11T13:58:43.235+0000][1][gc           ] GC(52) Pause Young (Allocation Failure) 114M->48M(2039M) 32.851ms
[2020-09-11T13:58:43.235+0000][1][gc,cpu       ] GC(52) User=0.01s Sys=0.00s Real=0.03s
[2020-09-11T13:58:43.239+0000][1][safepoint    ] Safepoint "GenCollectForAllocation", Time since last: 324135713 ns, Reaching safepoint: 108020 ns, At safepoint: 37716445 ns, Total: 37824465 ns
[2020-09-11T13:58:43.527+0000][1][gc,start     ] GC(53) Pause Young (Allocation Failure)
[2020-09-11T13:58:43.528+0000][1][gc,task      ] GC(53) Using 1 workers of 1 for evacuation
[2020-09-11T13:58:43.566+0000][1][gc,age       ] GC(53) Desired survivor size 4358144 bytes, new threshold 6 (max threshold 6)
[2020-09-11T13:58:43.566+0000][1][gc,age       ] GC(53) Age table with threshold 6 (max threshold 6)
[2020-09-11T13:58:43.566+0000][1][gc,age       ] GC(53) - age   1:     315120 bytes,     315120 total
[2020-09-11T13:58:43.566+0000][1][gc,age       ] GC(53) - age   2:     661000 bytes,     976120 total
[2020-09-11T13:58:43.566+0000][1][gc,age       ] GC(53) - age   3:     339816 bytes,    1315936 total
[2020-09-11T13:58:43.566+0000][1][gc,age       ] GC(53) - age   4:      82240 bytes,    1398176 total
[2020-09-11T13:58:43.566+0000][1][gc,heap      ] GC(53) ParNew: 69239K->1438K(76672K)
[2020-09-11T13:58:43.566+0000][1][gc,heap      ] GC(53) CMS: 48861K->48861K(2011968K)
[2020-09-11T13:58:43.566+0000][1][gc,metaspace ] GC(53) Metaspace: 32467K->32467K(1079296K)
[2020-09-11T13:58:43.566+0000][1][gc           ] GC(53) Pause Young (Allocation Failure) 115M->49M(2039M) 38.866ms
[2020-09-11T13:58:43.566+0000][1][gc,cpu       ] GC(53) User=0.02s Sys=0.00s Real=0.04s
[2020-09-11T13:58:43.567+0000][1][safepoint    ] Safepoint "GenCollectForAllocation", Time since last: 283997787 ns, Reaching safepoint: 4001670 ns, At safepoint: 39990219 ns, Total: 43991889 ns
[2020-09-11T13:58:43.664+0000][1][safepoint    ] Safepoint "RevokeBias", Time since last: 96057548 ns, Reaching safepoint: 111888 ns, At safepoint: 35586 ns, Total: 147474 ns
[2020-09-11T13:58:43.664+0000][1][safepoint    ] Safepoint "RevokeBias", Time since last: 58492 ns, Reaching safepoint: 152721 ns, At safepoint: 24344 ns, Total: 177065 ns
[2020-09-11T13:58:43.667+0000][1][safepoint    ] Safepoint "RevokeBias", Time since last: 31362 ns, Reaching safepoint: 3522907 ns, At safepoint: 33251 ns, Total: 3556158 ns
[2020-09-11T13:58:43.671+0000][1][safepoint    ] Safepoint "RevokeBias", Time since last: 240620 ns, Reaching safepoint: 3760861 ns, At safepoint: 40799 ns, Total: 3801660 ns
[2020-09-11T13:58:43.947+0000][1][gc,start     ] GC(54) Pause Young (Allocation Failure)
[2020-09-11T13:58:43.948+0000][1][gc,task      ] GC(54) Using 1 workers of 1 for evacuation
[2020-09-11T13:58:43.982+0000][1][gc,age       ] GC(54) Desired survivor size 4358144 bytes, new threshold 6 (max threshold 6)
[2020-09-11T13:58:43.982+0000][1][gc,age       ] GC(54) Age table with threshold 6 (max threshold 6)
[2020-09-11T13:58:43.982+0000][1][gc,age       ] GC(54) - age   1:     931200 bytes,     931200 total
[2020-09-11T13:58:43.982+0000][1][gc,age       ] GC(54) - age   2:     302720 bytes,    1233920 total
[2020-09-11T13:58:43.982+0000][1][gc,age       ] GC(54) - age   3:     332496 bytes,    1566416 total
[2020-09-11T13:58:43.982+0000][1][gc,age       ] GC(54) - age   4:     339816 bytes,    1906232 total
[2020-09-11T13:58:43.982+0000][1][gc,age       ] GC(54) - age   5:      82104 bytes,    1988336 total
[2020-09-11T13:58:43.982+0000][1][gc,heap      ] GC(54) ParNew: 69598K->2015K(76672K)
[2020-09-11T13:58:43.982+0000][1][gc,heap      ] GC(54) CMS: 48861K->48861K(2011968K)
[2020-09-11T13:58:43.982+0000][1][gc,metaspace ] GC(54) Metaspace: 32467K->32467K(1079296K)
[2020-09-11T13:58:43.982+0000][1][gc           ] GC(54) Pause Young (Allocation Failure) 115M->49M(2039M) 34.259ms
[2020-09-11T13:58:43.982+0000][1][gc,cpu       ] GC(54) User=0.02s Sys=0.00s Real=0.03s
[2020-09-11T13:58:43.991+0000][1][safepoint    ] Safepoint "GenCollectForAllocation", Time since last: 271926763 ns, Reaching safepoint: 4013452 ns, At safepoint: 44002594 ns, Total: 48016046 ns
[2020-09-11T13:58:44.276+0000][1][gc,start     ] GC(55) Pause Young (Allocation Failure)
[2020-09-11T13:58:44.276+0000][1][gc,task      ] GC(55) Using 1 workers of 1 for evacuation
[2020-09-11T13:58:44.313+0000][1][gc,age       ] GC(55) Desired survivor size 4358144 bytes, new threshold 6 (max threshold 6)
[2020-09-11T13:58:44.313+0000][1][gc,age       ] GC(55) Age table with threshold 6 (max threshold 6)
[2020-09-11T13:58:44.313+0000][1][gc,age       ] GC(55) - age   1:     347392 bytes,     347392 total
[2020-09-11T13:58:44.313+0000][1][gc,age       ] GC(55) - age   2:     919288 bytes,    1266680 total
[2020-09-11T13:58:44.313+0000][1][gc,age       ] GC(55) - age   3:     298416 bytes,    1565096 total
[2020-09-11T13:58:44.313+0000][1][gc,age       ] GC(55) - age   4:     331856 bytes,    1896952 total
[2020-09-11T13:58:44.313+0000][1][gc,age       ] GC(55) - age   5:     339688 bytes,    2236640 total
[2020-09-11T13:58:44.313+0000][1][gc,age       ] GC(55) - age   6:      82056 bytes,    2318696 total
[2020-09-11T13:58:44.313+0000][1][gc,heap      ] GC(55) ParNew: 70175K->2392K(76672K)
[2020-09-11T13:58:44.313+0000][1][gc,heap      ] GC(55) CMS: 48861K->48861K(2011968K)
[2020-09-11T13:58:44.313+0000][1][gc,metaspace ] GC(55) Metaspace: 32467K->32467K(1079296K)
[2020-09-11T13:58:44.313+0000][1][gc           ] GC(55) Pause Young (Allocation Failure) 116M->50M(2039M) 37.157ms
[2020-09-11T13:58:44.313+0000][1][gc,cpu       ] GC(55) User=0.01s Sys=0.00s Real=0.03s
[2020-09-11T13:58:44.313+0000][1][safepoint    ] Safepoint "GenCollectForAllocation", Time since last: 283980433 ns, Reaching safepoint: 99635 ns, At safepoint: 37214547 ns, Total: 37314182 ns
[2020-09-11T13:58:45.241+0000][1][safepoint    ] Safepoint "Deoptimize", Time since last: 927960901 ns, Reaching safepoint: 118571 ns, At safepoint: 288331 ns, Total: 406902 ns
[2020-09-11T13:58:45.560+0000][1][safepoint    ] Safepoint "CollectForMetadataAllocation", Time since last: 318307828 ns, Reaching safepoint: 114071 ns, At safepoint: 116921 ns, Total: 230992 ns
[2020-09-11T13:58:45.672+0000][1][safepoint    ] Safepoint "CollectForMetadataAllocation", Time since last: 111736000 ns, Reaching safepoint: 122767 ns, At safepoint: 120677 ns, Total: 243444 ns
[2020-09-11T13:58:45.800+0000][1][safepoint    ] Safepoint "CollectForMetadataAllocation", Time since last: 127802086 ns, Reaching safepoint: 110385 ns, At safepoint: 107376 ns, Total: 217761 ns
[2020-09-11T13:58:45.868+0000][1][safepoint    ] Safepoint "CollectForMetadataAllocation", Time since last: 67790186 ns, Reaching safepoint: 105717 ns, At safepoint: 141332 ns, Total: 247049 ns
[2020-09-11T13:58:45.960+0000][1][safepoint    ] Safepoint "CollectForMetadataAllocation", Time since last: 92508547 ns, Reaching safepoint: 98661 ns, At safepoint: 114046 ns, Total: 212707 ns
[2020-09-11T13:58:46.056+0000][1][gc,start     ] GC(56) Pause Young (Allocation Failure)
[2020-09-11T13:58:46.056+0000][1][gc,task      ] GC(56) Using 1 workers of 1 for evacuation
[2020-09-11T13:58:46.159+0000][1][gc,age       ] GC(56) Desired survivor size 4358144 bytes, new threshold 6 (max threshold 6)
[2020-09-11T13:58:46.159+0000][1][gc,age       ] GC(56) Age table with threshold 6 (max threshold 6)
[2020-09-11T13:58:46.159+0000][1][gc,age       ] GC(56) - age   1:    1296752 bytes,    1296752 total
[2020-09-11T13:58:46.159+0000][1][gc,age       ] GC(56) - age   2:     334328 bytes,    1631080 total
[2020-09-11T13:58:46.159+0000][1][gc,age       ] GC(56) - age   3:     918752 bytes,    2549832 total
[2020-09-11T13:58:46.159+0000][1][gc,age       ] GC(56) - age   4:     297792 bytes,    2847624 total
[2020-09-11T13:58:46.159+0000][1][gc,age       ] GC(56) - age   5:     331448 bytes,    3179072 total
[2020-09-11T13:58:46.159+0000][1][gc,age       ] GC(56) - age   6:     339688 bytes,    3518760 total
[2020-09-11T13:58:46.159+0000][1][gc,heap      ] GC(56) ParNew: 70552K->3493K(76672K)
[2020-09-11T13:58:46.159+0000][1][gc,heap      ] GC(56) CMS: 48861K->48938K(2011968K)
[2020-09-11T13:58:46.159+0000][1][gc,metaspace ] GC(56) Metaspace: 36003K->36003K(1083392K)
[2020-09-11T13:58:46.159+0000][1][gc           ] GC(56) Pause Young (Allocation Failure) 116M->51M(2039M) 103.718ms
[2020-09-11T13:58:46.159+0000][1][gc,cpu       ] GC(56) User=0.04s Sys=0.00s Real=0.10s
[2020-09-11T13:58:46.159+0000][1][safepoint    ] Safepoint "GenCollectForAllocation", Time since last: 95029608 ns, Reaching safepoint: 105630 ns, At safepoint: 103780773 ns, Total: 103886403 ns
[2020-09-11T13:58:46.172+0000][1][gc,start     ] GC(57) Pause Initial Mark
[2020-09-11T13:58:46.173+0000][1][gc           ] GC(57) Pause Initial Mark 52M->52M(2039M) 1.549ms
[2020-09-11T13:58:46.173+0000][1][gc,cpu       ] GC(57) User=0.00s Sys=0.00s Real=0.00s
[2020-09-11T13:58:46.173+0000][1][safepoint    ] Safepoint "CMS_Initial_Mark", Time since last: 12133193 ns, Reaching safepoint: 95922 ns, At safepoint: 1608439 ns, Total: 1704361 ns
[2020-09-11T13:58:46.187+0000][1][gc           ] GC(57) Concurrent Mark
[2020-09-11T13:58:46.227+0000][1][safepoint    ] Safepoint "CollectForMetadataAllocation", Time since last: 50292908 ns, Reaching safepoint: 3132343 ns, At safepoint: 128599 ns, Total: 3260942 ns
[2020-09-11T13:58:46.669+0000][1][gc           ] GC(57) Concurrent Mark 481.893ms
[2020-09-11T13:58:46.669+0000][1][gc,cpu       ] GC(57) User=0.16s Sys=0.00s Real=0.48s
[2020-09-11T13:58:46.669+0000][1][gc           ] GC(57) Concurrent Preclean
[2020-09-11T13:58:46.678+0000][1][gc           ] GC(57) Concurrent Preclean 8.464ms
[2020-09-11T13:58:46.678+0000][1][gc,cpu       ] GC(57) User=0.00s Sys=0.00s Real=0.01s
[2020-09-11T13:58:46.678+0000][1][gc           ] GC(57) Concurrent Abortable Preclean
[2020-09-11T13:58:46.992+0000][1][gc,start     ] GC(58) Pause Young (Allocation Failure)
[2020-09-11T13:58:46.992+0000][1][gc,task      ] GC(58) Using 1 workers of 1 for evacuation
[2020-09-11T13:58:47.039+0000][1][gc           ] GC(57) Concurrent Abortable Preclean 361.485ms
[2020-09-11T13:58:47.039+0000][1][gc,cpu       ] GC(57) User=0.12s Sys=0.00s Real=0.36s
[2020-09-11T13:58:47.046+0000][1][gc,age       ] GC(58) Desired survivor size 4358144 bytes, new threshold 6 (max threshold 6)
[2020-09-11T13:58:47.046+0000][1][gc,age       ] GC(58) Age table with threshold 6 (max threshold 6)
[2020-09-11T13:58:47.046+0000][1][gc,age       ] GC(58) - age   1:     257448 bytes,     257448 total
[2020-09-11T13:58:47.046+0000][1][gc,age       ] GC(58) - age   2:    1260432 bytes,    1517880 total
[2020-09-11T13:58:47.046+0000][1][gc,age       ] GC(58) - age   3:     334328 bytes,    1852208 total
[2020-09-11T13:58:47.046+0000][1][gc,age       ] GC(58) - age   4:     918752 bytes,    2770960 total
[2020-09-11T13:58:47.046+0000][1][gc,age       ] GC(58) - age   5:     297792 bytes,    3068752 total
[2020-09-11T13:58:47.046+0000][1][gc,age       ] GC(58) - age   6:     331448 bytes,    3400200 total
[2020-09-11T13:58:47.046+0000][1][gc,heap      ] GC(58) ParNew: 71653K->3502K(76672K)
[2020-09-11T13:58:47.046+0000][1][gc,heap      ] GC(58) CMS: 48938K->49270K(2011968K)
[2020-09-11T13:58:47.046+0000][1][gc,metaspace ] GC(58) Metaspace: 36249K->36249K(1083392K)
[2020-09-11T13:58:47.046+0000][1][gc           ] GC(58) Pause Young (Allocation Failure) 117M->51M(2039M) 53.690ms
[2020-09-11T13:58:47.046+0000][1][gc,cpu       ] GC(58) User=0.02s Sys=0.00s Real=0.06s
[2020-09-11T13:58:47.071+0000][1][safepoint    ] Safepoint "GenCollectForAllocation", Time since last: 765659831 ns, Reaching safepoint: 69239 ns, At safepoint: 79009026 ns, Total: 79078265 ns
[2020-09-11T13:58:47.085+0000][1][gc,start     ] GC(57) Pause Remark
[2020-09-11T13:58:47.115+0000][1][gc           ] GC(57) Pause Remark 52M->52M(2039M) 29.504ms
[2020-09-11T13:58:47.115+0000][1][gc,cpu       ] GC(57) User=0.01s Sys=0.00s Real=0.02s
[2020-09-11T13:58:47.153+0000][1][safepoint    ] Safepoint "CMS_Final_Remark", Time since last: 13464043 ns, Reaching safepoint: 103935 ns, At safepoint: 67506578 ns, Total: 67610513 ns
[2020-09-11T13:58:47.153+0000][1][gc           ] GC(57) Concurrent Sweep
[2020-09-11T13:58:47.264+0000][1][gc           ] GC(57) Concurrent Sweep 111.123ms
[2020-09-11T13:58:47.264+0000][1][gc,cpu       ] GC(57) User=0.04s Sys=0.00s Real=0.12s
[2020-09-11T13:58:47.264+0000][1][gc           ] GC(57) Concurrent Reset
[2020-09-11T13:58:47.276+0000][1][gc           ] GC(57) Concurrent Reset 11.217ms
[2020-09-11T13:58:47.276+0000][1][gc,cpu       ] GC(57) User=0.01s Sys=0.00s Real=0.01s
[2020-09-11T13:58:47.276+0000][1][gc,heap      ] GC(57) Old: 48938K->48184K(2011968K)
[2020-09-11T13:58:48.170+0000][1][safepoint    ] Safepoint "Cleanup", Time since last: 1014672648 ns, Reaching safepoint: 2448461 ns, At safepoint: 11233 ns, Total: 2459694 ns
[2020-09-11T13:58:48.483+0000][1][safepoint    ] Safepoint "RevokeBias", Time since last: 312840976 ns, Reaching safepoint: 950692 ns, At safepoint: 38912 ns, Total: 989604 ns
[2020-09-11T13:58:49.486+0000][1][safepoint    ] Safepoint "Cleanup", Time since last: 1000101723 ns, Reaching safepoint: 1975015 ns, At safepoint: 6366 ns, Total: 1981381 ns
[2020-09-11T13:58:50.420+0000][1][gc,start     ] GC(59) Pause Young (Allocation Failure)
[2020-09-11T13:58:50.420+0000][1][gc,task      ] GC(59) Using 1 workers of 1 for evacuation
[2020-09-11T13:58:50.489+0000][1][gc,age       ] GC(59) Desired survivor size 4358144 bytes, new threshold 4 (max threshold 6)
[2020-09-11T13:58:50.489+0000][1][gc,age       ] GC(59) Age table with threshold 4 (max threshold 6)
[2020-09-11T13:58:50.489+0000][1][gc,age       ] GC(59) - age   1:    2582928 bytes,    2582928 total
[2020-09-11T13:58:50.489+0000][1][gc,age       ] GC(59) - age   2:     213440 bytes,    2796368 total
[2020-09-11T13:58:50.489+0000][1][gc,age       ] GC(59) - age   3:    1256264 bytes,    4052632 total
[2020-09-11T13:58:50.489+0000][1][gc,age       ] GC(59) - age   4:     334328 bytes,    4386960 total
[2020-09-11T13:58:50.489+0000][1][gc,age       ] GC(59) - age   5:     918752 bytes,    5305712 total
[2020-09-11T13:58:50.489+0000][1][gc,age       ] GC(59) - age   6:     297792 bytes,    5603504 total
[2020-09-11T13:58:50.489+0000][1][gc,heap      ] GC(59) ParNew: 71662K->6666K(76672K)
[2020-09-11T13:58:50.489+0000][1][gc,heap      ] GC(59) CMS: 48184K->48508K(2011968K)
[2020-09-11T13:58:50.489+0000][1][gc,metaspace ] GC(59) Metaspace: 41671K->41671K(1087488K)
[2020-09-11T13:58:50.489+0000][1][gc           ] GC(59) Pause Young (Allocation Failure) 117M->53M(2039M) 69.201ms
[2020-09-11T13:58:50.489+0000][1][gc,cpu       ] GC(59) User=0.03s Sys=0.00s Real=0.07s
[2020-09-11T13:58:50.515+0000][1][safepoint    ] Safepoint "GenCollectForAllocation", Time since last: 933849478 ns, Reaching safepoint: 128170 ns, At safepoint: 95922729 ns, Total: 96050899 ns
[2020-09-11T13:58:51.539+0000][1][safepoint    ] Safepoint "Cleanup", Time since last: 1017532585 ns, Reaching safepoint: 6462590 ns, At safepoint: 12825 ns, Total: 6475415 ns
[2020-09-11T13:58:52.256+0000][1][safepoint    ] Safepoint "BulkRevokeBias", Time since last: 712301886 ns, Reaching safepoint: 3680632 ns, At safepoint: 72215 ns, Total: 3752847 ns
[2020-09-11T13:58:53.260+0000][1][safepoint    ] Safepoint "Cleanup", Time since last: 1003905843 ns, Reaching safepoint: 120350 ns, At safepoint: 5957 ns, Total: 126307 ns
[2020-09-11T13:58:57.264+0000][1][safepoint    ] Safepoint "RevokeBias", Time since last: 3990979022 ns, Reaching safepoint: 12925309 ns, At safepoint: 58208 ns, Total: 12983517 ns
[2020-09-11T13:58:57.264+0000][1][safepoint    ] Safepoint "RevokeBias", Time since last: 101040 ns, Reaching safepoint: 83739 ns, At safepoint: 24570 ns, Total: 108309 ns
[2020-09-11T13:58:57.264+0000][1][safepoint    ] Safepoint "RevokeBias", Time since last: 37095 ns, Reaching safepoint: 79937 ns, At safepoint: 33016 ns, Total: 112953 ns
[2020-09-11T13:58:57.264+0000][1][safepoint    ] Safepoint "RevokeBias", Time since last: 29093 ns, Reaching safepoint: 79330 ns, At safepoint: 31582 ns, Total: 110912 ns
[2020-09-11T13:58:57.264+0000][1][safepoint    ] Safepoint "RevokeBias", Time since last: 28189 ns, Reaching safepoint: 89855 ns, At safepoint: 42562 ns, Total: 132417 ns
[2020-09-11T13:58:57.264+0000][1][safepoint    ] Safepoint "RevokeBias", Time since last: 27745 ns, Reaching safepoint: 79220 ns, At safepoint: 31167 ns, Total: 110387 ns
[2020-09-11T13:58:57.264+0000][1][safepoint    ] Safepoint "RevokeBias", Time since last: 26999 ns, Reaching safepoint: 78172 ns, At safepoint: 20667 ns, Total: 98839 ns
[2020-09-11T13:58:57.267+0000][1][safepoint    ] Safepoint "RevokeBias", Time since last: 2481106 ns, Reaching safepoint: 95203 ns, At safepoint: 40787 ns, Total: 135990 ns
[2020-09-11T13:58:57.267+0000][1][safepoint    ] Safepoint "RevokeBias", Time since last: 44005 ns, Reaching safepoint: 88918 ns, At safepoint: 33120 ns, Total: 122038 ns
[2020-09-11T13:58:57.267+0000][1][safepoint    ] Safepoint "RevokeBias", Time since last: 41143 ns, Reaching safepoint: 79268 ns, At safepoint: 32608 ns, Total: 111876 ns
[2020-09-11T13:58:57.268+0000][1][safepoint    ] Safepoint "RevokeBias", Time since last: 49383 ns, Reaching safepoint: 78723 ns, At safepoint: 31773 ns, Total: 110496 ns
[2020-09-11T13:58:57.268+0000][1][safepoint    ] Safepoint "RevokeBias", Time since last: 29773 ns, Reaching safepoint: 77357 ns, At safepoint: 20426 ns, Total: 97783 ns
[2020-09-11T13:58:57.268+0000][1][safepoint    ] Safepoint "RevokeBias", Time since last: 26615 ns, Reaching safepoint: 78206 ns, At safepoint: 32384 ns, Total: 110590 ns
[2020-09-11T13:58:57.268+0000][1][safepoint    ] Safepoint "RevokeBias", Time since last: 65176 ns, Reaching safepoint: 80999 ns, At safepoint: 32344 ns, Total: 113343 ns
[2020-09-11T13:58:57.268+0000][1][safepoint    ] Safepoint "RevokeBias", Time since last: 34954 ns, Reaching safepoint: 79892 ns, At safepoint: 31083 ns, Total: 110975 ns
[2020-09-11T13:58:59.168+0000][1][safepoint    ] Safepoint "Cleanup", Time since last: 1899342532 ns, Reaching safepoint: 261180 ns, At safepoint: 8187 ns, Total: 269367 ns
[2020-09-11T13:59:00.172+0000][1][safepoint    ] Safepoint "Cleanup", Time since last: 1003682521 ns, Reaching safepoint: 1047247 ns, At safepoint: 7801 ns, Total: 1055048 ns
[2020-09-11T13:59:01.943+0000][1][safepoint    ] Safepoint "Cleanup", Time since last: 1769295731 ns, Reaching safepoint: 1045199 ns, At safepoint: 6678 ns, Total: 1051877 ns
[2020-09-11T13:59:01.968+0000][1][gc,start     ] GC(60) Pause Young (Allocation Failure)
[2020-09-11T13:59:01.968+0000][1][gc,task      ] GC(60) Using 1 workers of 1 for evacuation
[2020-09-11T13:59:02.127+0000][1][gc,age       ] GC(60) Desired survivor size 4358144 bytes, new threshold 2 (max threshold 6)
[2020-09-11T13:59:02.127+0000][1][gc,age       ] GC(60) Age table with threshold 2 (max threshold 6)
[2020-09-11T13:59:02.127+0000][1][gc,age       ] GC(60) - age   1:    2725288 bytes,    2725288 total
[2020-09-11T13:59:02.127+0000][1][gc,age       ] GC(60) - age   2:    2519176 bytes,    5244464 total
[2020-09-11T13:59:02.127+0000][1][gc,age       ] GC(60) - age   3:     213344 bytes,    5457808 total
[2020-09-11T13:59:02.127+0000][1][gc,age       ] GC(60) - age   4:    1255296 bytes,    6713104 total
[2020-09-11T13:59:02.127+0000][1][gc,heap      ] GC(60) ParNew: 74826K->8512K(76672K)
[2020-09-11T13:59:02.127+0000][1][gc,heap      ] GC(60) CMS: 48508K->50023K(2011968K)
[2020-09-11T13:59:02.127+0000][1][gc,metaspace ] GC(60) Metaspace: 47464K->47464K(1093632K)
[2020-09-11T13:59:02.127+0000][1][gc           ] GC(60) Pause Young (Allocation Failure) 120M->57M(2039M) 159.457ms
[2020-09-11T13:59:02.127+0000][1][gc,cpu       ] GC(60) User=0.05s Sys=0.00s Real=0.16s
[2020-09-11T13:59:02.134+0000][1][safepoint    ] Safepoint "GenCollectForAllocation", Time since last: 24603165 ns, Reaching safepoint: 104541 ns, At safepoint: 166709670 ns, Total: 166814211 ns
[2020-09-11T13:59:02.140+0000][1][safepoint    ] Safepoint "RevokeBias", Time since last: 5599976 ns, Reaching safepoint: 22456 ns, At safepoint: 23274 ns, Total: 45730 ns
[2020-09-11T13:59:02.155+0000][1][safepoint    ] Safepoint "RevokeBias", Time since last: 14880710 ns, Reaching safepoint: 36328 ns, At safepoint: 32296 ns, Total: 68624 ns
[2020-09-11T13:59:02.155+0000][1][safepoint    ] Safepoint "RevokeBias", Time since last: 64650 ns, Reaching safepoint: 9700 ns, At safepoint: 15538 ns, Total: 25238 ns
[2020-09-11T13:59:02.256+0000][1][safepoint    ] Safepoint "RevokeBias", Time since last: 100504467 ns, Reaching safepoint: 121874 ns, At safepoint: 44554 ns, Total: 166428 ns
[2020-09-11T13:59:02.264+0000][1][safepoint    ] Safepoint "RevokeBias", Time since last: 7833471 ns, Reaching safepoint: 100672 ns, At safepoint: 39874 ns, Total: 140546 ns
[2020-09-11T13:59:02.524+0000][1][safepoint    ] Safepoint "RevokeBias", Time since last: 260366123 ns, Reaching safepoint: 109861 ns, At safepoint: 31350 ns, Total: 141211 ns
[2020-09-11T13:59:02.657+0000][1][safepoint    ] Safepoint "RevokeBias", Time since last: 132828478 ns, Reaching safepoint: 95321 ns, At safepoint: 32115 ns, Total: 127436 ns
[2020-09-11T13:59:02.676+0000][1][safepoint    ] Safepoint "RevokeBias", Time since last: 18386474 ns, Reaching safepoint: 107622 ns, At safepoint: 41698 ns, Total: 149320 ns
[2020-09-11T13:59:03.540+0000][1][safepoint    ] Safepoint "RevokeBias", Time since last: 855883240 ns, Reaching safepoint: 8284158 ns, At safepoint: 58297 ns, Total: 8342455 ns
[2020-09-11T13:59:03.540+0000][1][safepoint    ] Safepoint "RevokeBias", Time since last: 216466 ns, Reaching safepoint: 88961 ns, At safepoint: 30394 ns, Total: 119355 ns
[2020-09-11T13:59:03.540+0000][1][safepoint    ] Safepoint "RevokeBias", Time since last: 44815 ns, Reaching safepoint: 81927 ns, At safepoint: 24290 ns, Total: 106217 ns
[2020-09-11T13:59:03.782+0000][1][safepoint    ] Safepoint "RevokeBias", Time since last: 239343683 ns, Reaching safepoint: 2118122 ns, At safepoint: 31150 ns, Total: 2149272 ns
[2020-09-11T13:59:03.786+0000][1][safepoint    ] Safepoint "RevokeBias", Time since last: 4057448 ns, Reaching safepoint: 106782 ns, At safepoint: 32160 ns, Total: 138942 ns
[2020-09-11T13:59:03.786+0000][1][safepoint    ] Safepoint "RevokeBias", Time since last: 144284 ns, Reaching safepoint: 81739 ns, At safepoint: 20691 ns, Total: 102430 ns
[2020-09-11T13:59:03.787+0000][1][safepoint    ] Safepoint "RevokeBias", Time since last: 412883 ns, Reaching safepoint: 83912 ns, At safepoint: 21350 ns, Total: 105262 ns
[2020-09-11T13:59:03.796+0000][1][safepoint    ] Safepoint "RevokeBias", Time since last: 8933517 ns, Reaching safepoint: 108316 ns, At safepoint: 40497 ns, Total: 148813 ns
[2020-09-11T13:59:03.797+0000][1][safepoint    ] Safepoint "RevokeBias", Time since last: 590242 ns, Reaching safepoint: 90232 ns, At safepoint: 26186 ns, Total: 116418 ns
[2020-09-11T13:59:03.797+0000][1][safepoint    ] Safepoint "RevokeBias", Time since last: 765891 ns, Reaching safepoint: 86839 ns, At safepoint: 23255 ns, Total: 110094 ns
[2020-09-11T13:59:03.798+0000][1][safepoint    ] Safepoint "RevokeBias", Time since last: 68585 ns, Reaching safepoint: 81923 ns, At safepoint: 19906 ns, Total: 101829 ns
[2020-09-11T13:59:03.798+0000][1][safepoint    ] Safepoint "RevokeBias", Time since last: 123762 ns, Reaching safepoint: 83734 ns, At safepoint: 19248 ns, Total: 102982 ns
[2020-09-11T13:59:03.798+0000][1][safepoint    ] Safepoint "RevokeBias", Time since last: 33621 ns, Reaching safepoint: 82038 ns, At safepoint: 26042 ns, Total: 108080 ns
[2020-09-11T13:59:03.798+0000][1][safepoint    ] Safepoint "RevokeBias", Time since last: 30373 ns, Reaching safepoint: 81007 ns, At safepoint: 23627 ns, Total: 104634 ns
[2020-09-11T13:59:03.798+0000][1][safepoint    ] Safepoint "RevokeBias", Time since last: 29456 ns, Reaching safepoint: 79899 ns, At safepoint: 19285 ns, Total: 99184 ns
[2020-09-11T13:59:03.798+0000][1][safepoint    ] Safepoint "RevokeBias", Time since last: 28344 ns, Reaching safepoint: 85706 ns, At safepoint: 20477 ns, Total: 106183 ns
[2020-09-11T13:59:03.798+0000][1][safepoint    ] Safepoint "RevokeBias", Time since last: 37752 ns, Reaching safepoint: 79956 ns, At safepoint: 19117 ns, Total: 99073 ns
[2020-09-11T13:59:03.799+0000][1][safepoint    ] Safepoint "RevokeBias", Time since last: 30989 ns, Reaching safepoint: 80053 ns, At safepoint: 19396 ns, Total: 99449 ns
[2020-09-11T13:59:03.799+0000][1][safepoint    ] Safepoint "BulkRevokeBias", Time since last: 28144 ns, Reaching safepoint: 80716 ns, At safepoint: 69600 ns, Total: 150316 ns
[2020-09-11T13:59:03.799+0000][1][safepoint    ] Safepoint "RevokeBias", Time since last: 48435 ns, Reaching safepoint: 81866 ns, At safepoint: 22124 ns, Total: 103990 ns
[2020-09-11T13:59:03.799+0000][1][safepoint    ] Safepoint "RevokeBias", Time since last: 33026 ns, Reaching safepoint: 82378 ns, At safepoint: 23798 ns, Total: 106176 ns
[2020-09-11T13:59:03.824+0000][1][safepoint    ] Safepoint "RevokeBias", Time since last: 24372897 ns, Reaching safepoint: 176166 ns, At safepoint: 14654 ns, Total: 190820 ns
[2020-09-11T13:59:03.825+0000][1][safepoint    ] Safepoint "RevokeBias", Time since last: 1006257 ns, Reaching safepoint: 86777 ns, At safepoint: 11264 ns, Total: 98041 ns
[2020-09-11T13:59:03.825+0000][1][safepoint    ] Safepoint "RevokeBias", Time since last: 32849 ns, Reaching safepoint: 80622 ns, At safepoint: 10015 ns, Total: 90637 ns
[2020-09-11T13:59:03.836+0000][1][safepoint    ] Safepoint "RevokeBias", Time since last: 10662025 ns, Reaching safepoint: 238732 ns, At safepoint: 37477 ns, Total: 276209 ns
[2020-09-11T13:59:03.836+0000][1][safepoint    ] Safepoint "RevokeBias", Time since last: 108426 ns, Reaching safepoint: 84848 ns, At safepoint: 24832 ns, Total: 109680 ns
[2020-09-11T13:59:03.839+0000][1][safepoint    ] Safepoint "RevokeBias", Time since last: 29510 ns, Reaching safepoint: 3078606 ns, At safepoint: 35606 ns, Total: 3114212 ns
[2020-09-11T13:59:03.839+0000][1][safepoint    ] Safepoint "RevokeBias", Time since last: 47388 ns, Reaching safepoint: 105768 ns, At safepoint: 33817 ns, Total: 139585 ns
[2020-09-11T13:59:03.840+0000][1][safepoint    ] Safepoint "RevokeBias", Time since last: 50002 ns, Reaching safepoint: 83103 ns, At safepoint: 22717 ns, Total: 105820 ns
[2020-09-11T13:59:03.840+0000][1][safepoint    ] Safepoint "RevokeBias", Time since last: 28844 ns, Reaching safepoint: 81179 ns, At safepoint: 22134 ns, Total: 103313 ns
[2020-09-11T13:59:03.840+0000][1][safepoint    ] Safepoint "RevokeBias", Time since last: 27076 ns, Reaching safepoint: 80362 ns, At safepoint: 20969 ns, Total: 101331 ns
[2020-09-11T13:59:03.840+0000][1][safepoint    ] Safepoint "RevokeBias", Time since last: 26653 ns, Reaching safepoint: 82037 ns, At safepoint: 26144 ns, Total: 108181 ns
[2020-09-11T13:59:03.840+0000][1][safepoint    ] Safepoint "RevokeBias", Time since last: 29214 ns, Reaching safepoint: 81368 ns, At safepoint: 20773 ns, Total: 102141 ns
[2020-09-11T13:59:03.840+0000][1][safepoint    ] Safepoint "RevokeBias", Time since last: 27005 ns, Reaching safepoint: 80577 ns, At safepoint: 20569 ns, Total: 101146 ns
[2020-09-11T13:59:03.840+0000][1][safepoint    ] Safepoint "RevokeBias", Time since last: 25999 ns, Reaching safepoint: 80480 ns, At safepoint: 29331 ns, Total: 109811 ns
[2020-09-11T13:59:03.840+0000][1][safepoint    ] Safepoint "RevokeBias", Time since last: 28200 ns, Reaching safepoint: 82171 ns, At safepoint: 24786 ns, Total: 106957 ns
[2020-09-11T13:59:03.841+0000][1][safepoint    ] Safepoint "RevokeBias", Time since last: 26972 ns, Reaching safepoint: 82277 ns, At safepoint: 26480 ns, Total: 108757 ns
[2020-09-11T13:59:03.841+0000][1][safepoint    ] Safepoint "RevokeBias", Time since last: 26232 ns, Reaching safepoint: 81404 ns, At safepoint: 24966 ns, Total: 106370 ns
[2020-09-11T13:59:03.841+0000][1][safepoint    ] Safepoint "RevokeBias", Time since last: 26084 ns, Reaching safepoint: 80877 ns, At safepoint: 24275 ns, Total: 105152 ns
[2020-09-11T13:59:03.841+0000][1][safepoint    ] Safepoint "RevokeBias", Time since last: 26366 ns, Reaching safepoint: 81176 ns, At safepoint: 24128 ns, Total: 105304 ns
[2020-09-11T13:59:03.841+0000][1][safepoint    ] Safepoint "RevokeBias", Time since last: 26173 ns, Reaching safepoint: 81142 ns, At safepoint: 23377 ns, Total: 104519 ns
[2020-09-11T13:59:03.841+0000][1][safepoint    ] Safepoint "BulkRevokeBias", Time since last: 26642 ns, Reaching safepoint: 80521 ns, At safepoint: 66390 ns, Total: 146911 ns
[2020-09-11T13:59:03.843+0000][1][safepoint    ] Safepoint "RevokeBias", Time since last: 187922 ns, Reaching safepoint: 1948081 ns, At safepoint: 29258 ns, Total: 1977339 ns
[2020-09-11T13:59:03.844+0000][1][safepoint    ] Safepoint "RevokeBias", Time since last: 49745 ns, Reaching safepoint: 80701 ns, At safepoint: 21142 ns, Total: 101843 ns
[2020-09-11T13:59:03.844+0000][1][safepoint    ] Safepoint "RevokeBias", Time since last: 73215 ns, Reaching safepoint: 82698 ns, At safepoint: 19171 ns, Total: 101869 ns
[2020-09-11T13:59:03.844+0000][1][safepoint    ] Safepoint "RevokeBias", Time since last: 50974 ns, Reaching safepoint: 82392 ns, At safepoint: 18848 ns, Total: 101240 ns
[2020-09-11T13:59:03.844+0000][1][safepoint    ] Safepoint "RevokeBias", Time since last: 107453 ns, Reaching safepoint: 82998 ns, At safepoint: 22567 ns, Total: 105565 ns
[2020-09-11T13:59:03.844+0000][1][safepoint    ] Safepoint "RevokeBias", Time since last: 224620 ns, Reaching safepoint: 83879 ns, At safepoint: 20578 ns, Total: 104457 ns
[2020-09-11T13:59:03.845+0000][1][safepoint    ] Safepoint "RevokeBias", Time since last: 64927 ns, Reaching safepoint: 81882 ns, At safepoint: 18758 ns, Total: 100640 ns
[2020-09-11T13:59:03.852+0000][1][safepoint    ] Safepoint "RevokeBias", Time since last: 6944290 ns, Reaching safepoint: 105792 ns, At safepoint: 31834 ns, Total: 137626 ns
[2020-09-11T13:59:03.852+0000][1][safepoint    ] Safepoint "RevokeBias", Time since last: 70246 ns, Reaching safepoint: 81998 ns, At safepoint: 24323 ns, Total: 106321 ns
[2020-09-11T13:59:03.852+0000][1][safepoint    ] Safepoint "RevokeBias", Time since last: 28959 ns, Reaching safepoint: 80220 ns, At safepoint: 20358 ns, Total: 100578 ns
[2020-09-11T13:59:03.853+0000][1][safepoint    ] Safepoint "RevokeBias", Time since last: 1187862 ns, Reaching safepoint: 85110 ns, At safepoint: 24775 ns, Total: 109885 ns
[2020-09-11T13:59:03.854+0000][1][safepoint    ] Safepoint "RevokeBias", Time since last: 197107 ns, Reaching safepoint: 83400 ns, At safepoint: 20986 ns, Total: 104386 ns
[2020-09-11T13:59:03.854+0000][1][safepoint    ] Safepoint "RevokeBias", Time since last: 101439 ns, Reaching safepoint: 82482 ns, At safepoint: 20113 ns, Total: 102595 ns
[2020-09-11T13:59:03.854+0000][1][safepoint    ] Safepoint "RevokeBias", Time since last: 99583 ns, Reaching safepoint: 82242 ns, At safepoint: 26445 ns, Total: 108687 ns
[2020-09-11T13:59:03.857+0000][1][safepoint    ] Safepoint "RevokeBias", Time since last: 2904850 ns, Reaching safepoint: 99245 ns, At safepoint: 30487 ns, Total: 129732 ns
[2020-09-11T13:59:03.858+0000][1][safepoint    ] Safepoint "RevokeBias", Time since last: 525650 ns, Reaching safepoint: 88105 ns, At safepoint: 29983 ns, Total: 118088 ns
[2020-09-11T13:59:03.858+0000][1][safepoint    ] Safepoint "BulkRevokeBias", Time since last: 79871 ns, Reaching safepoint: 82574 ns, At safepoint: 66036 ns, Total: 148610 ns
[2020-09-11T13:59:03.889+0000][1][safepoint    ] Safepoint "RevokeBias", Time since last: 30490796 ns, Reaching safepoint: 104078 ns, At safepoint: 30040 ns, Total: 134118 ns
[2020-09-11T13:59:03.892+0000][1][safepoint    ] Safepoint "RevokeBias", Time since last: 2880113 ns, Reaching safepoint: 109636 ns, At safepoint: 36221 ns, Total: 145857 ns
[2020-09-11T13:59:03.896+0000][1][safepoint    ] Safepoint "RevokeBias", Time since last: 4466846 ns, Reaching safepoint: 119646 ns, At safepoint: 32437 ns, Total: 152083 ns
[2020-09-11T13:59:03.896+0000][1][safepoint    ] Safepoint "RevokeBias", Time since last: 58981 ns, Reaching safepoint: 83996 ns, At safepoint: 21802 ns, Total: 105798 ns
[2020-09-11T13:59:04.024+0000][1][safepoint    ] Safepoint "RevokeBias", Time since last: 127113082 ns, Reaching safepoint: 110586 ns, At safepoint: 14406 ns, Total: 124992 ns
[2020-09-11T13:59:04.181+0000][1][safepoint    ] Safepoint "RevokeBias", Time since last: 157202618 ns, Reaching safepoint: 114113 ns, At safepoint: 14368 ns, Total: 128481 ns
[2020-09-11T13:59:04.256+0000][1][safepoint    ] Safepoint "RevokeBias", Time since last: 74508060 ns, Reaching safepoint: 120681 ns, At safepoint: 17376 ns, Total: 138057 ns
[2020-09-11T13:59:04.280+0000][1][safepoint    ] Safepoint "RevokeBias", Time since last: 23863545 ns, Reaching safepoint: 117113 ns, At safepoint: 16248 ns, Total: 133361 ns
[2020-09-11T13:59:04.280+0000][1][safepoint    ] Safepoint "RevokeBias", Time since last: 168365 ns, Reaching safepoint: 81644 ns, At safepoint: 8145 ns, Total: 89789 ns
[2020-09-11T13:59:04.288+0000][1][safepoint    ] Safepoint "RevokeBias", Time since last: 7579989 ns, Reaching safepoint: 102071 ns, At safepoint: 13150 ns, Total: 115221 ns
[2020-09-11T13:59:04.720+0000][1][gc,start     ] GC(61) Pause Young (Allocation Failure)
[2020-09-11T13:59:04.720+0000][1][gc,task      ] GC(61) Using 1 workers of 1 for evacuation
[2020-09-11T13:59:04.899+0000][1][gc,age       ] GC(61) Desired survivor size 4358144 bytes, new threshold 2 (max threshold 6)
[2020-09-11T13:59:04.899+0000][1][gc,age       ] GC(61) Age table with threshold 2 (max threshold 6)
[2020-09-11T13:59:04.899+0000][1][gc,age       ] GC(61) - age   1:    2279016 bytes,    2279016 total
[2020-09-11T13:59:04.899+0000][1][gc,age       ] GC(61) - age   2:    2646864 bytes,    4925880 total
[2020-09-11T13:59:04.899+0000][1][gc,heap      ] GC(61) ParNew: 76672K->6081K(76672K)
[2020-09-11T13:59:04.899+0000][1][gc,heap      ] GC(61) CMS: 50023K->53972K(2011968K)
[2020-09-11T13:59:04.899+0000][1][gc,metaspace ] GC(61) Metaspace: 52504K->52504K(1097728K)
[2020-09-11T13:59:04.899+0000][1][gc           ] GC(61) Pause Young (Allocation Failure) 123M->58M(2039M) 179.610ms
[2020-09-11T13:59:04.899+0000][1][gc,cpu       ] GC(61) User=0.09s Sys=0.00s Real=0.18s
[2020-09-11T13:59:04.911+0000][1][safepoint    ] Safepoint "GenCollectForAllocation", Time since last: 431984054 ns, Reaching safepoint: 120412 ns, At safepoint: 191795959 ns, Total: 191916371 ns
[2020-09-11T13:59:06.072+0000][1][safepoint    ] Safepoint "Cleanup", Time since last: 1160041934 ns, Reaching safepoint: 396135 ns, At safepoint: 9974 ns, Total: 406109 ns
[2020-09-11T13:59:07.074+0000][1][safepoint    ] Safepoint "Cleanup", Time since last: 1001902427 ns, Reaching safepoint: 139127 ns, At safepoint: 6524 ns, Total: 145651 ns
[2020-09-11T13:59:07.577+0000][1][gc,start     ] GC(62) Pause Young (Allocation Failure)
[2020-09-11T13:59:07.577+0000][1][gc,task      ] GC(62) Using 1 workers of 1 for evacuation
[2020-09-11T13:59:07.648+0000][1][gc,age       ] GC(62) Desired survivor size 4358144 bytes, new threshold 6 (max threshold 6)
[2020-09-11T13:59:07.648+0000][1][gc,age       ] GC(62) Age table with threshold 6 (max threshold 6)
[2020-09-11T13:59:07.648+0000][1][gc,age       ] GC(62) - age   1:    1508488 bytes,    1508488 total
[2020-09-11T13:59:07.648+0000][1][gc,age       ] GC(62) - age   2:    2244296 bytes,    3752784 total
[2020-09-11T13:59:07.648+0000][1][gc,heap      ] GC(62) ParNew: 74241K->5128K(76672K)
[2020-09-11T13:59:07.648+0000][1][gc,heap      ] GC(62) CMS: 53972K->56669K(2011968K)
[2020-09-11T13:59:07.648+0000][1][gc,metaspace ] GC(62) Metaspace: 60080K->60080K(1103872K)
[2020-09-11T13:59:07.648+0000][1][gc           ] GC(62) Pause Young (Allocation Failure) 125M->60M(2039M) 71.691ms
[2020-09-11T13:59:07.648+0000][1][gc,cpu       ] GC(62) User=0.04s Sys=0.00s Real=0.07s
[2020-09-11T13:59:07.649+0000][1][safepoint    ] Safepoint "GenCollectForAllocation", Time since last: 502392162 ns, Reaching safepoint: 445686 ns, At safepoint: 71985408 ns, Total: 72431094 ns
[2020-09-11T13:59:07.696+0000][1][safepoint    ] Safepoint "CollectForMetadataAllocation", Time since last: 44365077 ns, Reaching safepoint: 3144640 ns, At safepoint: 184479 ns, Total: 3329119 ns
[2020-09-11T13:59:07.718+0000][1][safepoint    ] Safepoint "CollectForMetadataAllocation", Time since last: 18160747 ns, Reaching safepoint: 3728149 ns, At safepoint: 134978 ns, Total: 3863127 ns
[2020-09-11T13:59:07.808+0000][1][safepoint    ] Safepoint "CollectForMetadataAllocation", Time since last: 88966569 ns, Reaching safepoint: 111333 ns, At safepoint: 260226 ns, Total: 371559 ns
[2020-09-11T13:59:08.015+0000][1][safepoint    ] Safepoint "CollectForMetadataAllocation", Time since last: 207049905 ns, Reaching safepoint: 128739 ns, At safepoint: 113472 ns, Total: 242211 ns
[2020-09-11T13:59:08.092+0000][1][safepoint    ] Safepoint "CollectForMetadataAllocation", Time since last: 76465795 ns, Reaching safepoint: 104878 ns, At safepoint: 107827 ns, Total: 212705 ns
[2020-09-11T13:59:08.266+0000][1][safepoint    ] Safepoint "RevokeBias", Time since last: 169457373 ns, Reaching safepoint: 4836859 ns, At safepoint: 35403 ns, Total: 4872262 ns
[2020-09-11T13:59:08.267+0000][1][safepoint    ] Safepoint "RevokeBias", Time since last: 551521 ns, Reaching safepoint: 707710 ns, At safepoint: 58511 ns, Total: 766221 ns
[2020-09-11T13:59:08.269+0000][1][safepoint    ] Safepoint "RevokeBias", Time since last: 157259 ns, Reaching safepoint: 1034575 ns, At safepoint: 32109 ns, Total: 1066684 ns
[2020-09-11T13:59:08.279+0000][1][safepoint    ] Safepoint "RevokeBias", Time since last: 9621809 ns, Reaching safepoint: 1180331 ns, At safepoint: 47633 ns, Total: 1227964 ns
[2020-09-11T13:59:08.424+0000][1][safepoint    ] Safepoint "CollectForMetadataAllocation", Time since last: 144667998 ns, Reaching safepoint: 113857 ns, At safepoint: 80361 ns, Total: 194218 ns
[2020-09-11T13:59:08.621+0000][1][safepoint    ] Safepoint "CollectForMetadataAllocation", Time since last: 195584640 ns, Reaching safepoint: 633470 ns, At safepoint: 106642 ns, Total: 740112 ns
[2020-09-11T13:59:08.924+0000][1][safepoint    ] Safepoint "CollectForMetadataAllocation", Time since last: 298473308 ns, Reaching safepoint: 4303605 ns, At safepoint: 150564 ns, Total: 4454169 ns
[2020-09-11T13:59:09.232+0000][1][safepoint    ] Safepoint "CollectForMetadataAllocation", Time since last: 307806152 ns, Reaching safepoint: 131256 ns, At safepoint: 203043 ns, Total: 334299 ns
[2020-09-11T13:59:09.238+0000][1][safepoint    ] Safepoint "RevokeBias", Time since last: 6152271 ns, Reaching safepoint: 109371 ns, At safepoint: 13879 ns, Total: 123250 ns
[2020-09-11T13:59:09.496+0000][1][safepoint    ] Safepoint "CollectForMetadataAllocation", Time since last: 257754803 ns, Reaching safepoint: 106669 ns, At safepoint: 107076 ns, Total: 213745 ns
[2020-09-11T13:59:09.636+0000][1][safepoint    ] Safepoint "Deoptimize", Time since last: 139423241 ns, Reaching safepoint: 122119 ns, At safepoint: 312432 ns, Total: 434551 ns
[2020-09-11T13:59:09.660+0000][1][gc,start     ] GC(63) Pause Initial Mark
[2020-09-11T13:59:09.719+0000][1][gc           ] GC(63) Pause Initial Mark 94M->94M(2039M) 59.427ms
[2020-09-11T13:59:09.719+0000][1][gc,cpu       ] GC(63) User=0.02s Sys=0.00s Real=0.06s
[2020-09-11T13:59:09.763+0000][1][safepoint    ] Safepoint "CMS_Initial_Mark", Time since last: 23590730 ns, Reaching safepoint: 80718 ns, At safepoint: 103891640 ns, Total: 103972358 ns
[2020-09-11T13:59:09.764+0000][1][gc           ] GC(63) Concurrent Mark
[2020-09-11T13:59:09.939+0000][1][safepoint    ] Safepoint "CollectForMetadataAllocation", Time since last: 164005567 ns, Reaching safepoint: 11594292 ns, At safepoint: 119178 ns, Total: 11713470 ns
[2020-09-11T13:59:10.300+0000][1][gc           ] GC(63) Concurrent Mark 536.127ms
[2020-09-11T13:59:10.300+0000][1][gc,cpu       ] GC(63) User=0.18s Sys=0.00s Real=0.53s
[2020-09-11T13:59:10.300+0000][1][gc           ] GC(63) Concurrent Preclean
[2020-09-11T13:59:10.303+0000][1][gc           ] GC(63) Concurrent Preclean 3.452ms
[2020-09-11T13:59:10.303+0000][1][gc,cpu       ] GC(63) User=0.00s Sys=0.00s Real=0.00s
[2020-09-11T13:59:10.303+0000][1][gc           ] GC(63) Concurrent Abortable Preclean
[2020-09-11T13:59:10.400+0000][1][safepoint    ] Safepoint "CollectForMetadataAllocation", Time since last: 460292712 ns, Reaching safepoint: 85275 ns, At safepoint: 118331 ns, Total: 203606 ns
[2020-09-11T13:59:10.707+0000][1][safepoint    ] Safepoint "RevokeBias", Time since last: 307010998 ns, Reaching safepoint: 66217 ns, At safepoint: 12522 ns, Total: 78739 ns
[2020-09-11T13:59:10.707+0000][1][safepoint    ] Safepoint "RevokeBias", Time since last: 76474 ns, Reaching safepoint: 88502 ns, At safepoint: 9088 ns, Total: 97590 ns
[2020-09-11T13:59:10.707+0000][1][safepoint    ] Safepoint "RevokeBias", Time since last: 33033 ns, Reaching safepoint: 82468 ns, At safepoint: 8281 ns, Total: 90749 ns
[2020-09-11T13:59:10.707+0000][1][safepoint    ] Safepoint "BulkRevokeBias", Time since last: 34835 ns, Reaching safepoint: 81488 ns, At safepoint: 75452 ns, Total: 156940 ns
[2020-09-11T13:59:10.792+0000][1][safepoint    ] Safepoint "CollectForMetadataAllocation", Time since last: 84220528 ns, Reaching safepoint: 67767 ns, At safepoint: 86100 ns, Total: 153867 ns
[2020-09-11T13:59:11.194+0000][1][safepoint    ] Safepoint "CollectForMetadataAllocation", Time since last: 402157959 ns, Reaching safepoint: 68378 ns, At safepoint: 118207 ns, Total: 186585 ns
[2020-09-11T13:59:11.507+0000][1][safepoint    ] Safepoint "CollectForMetadataAllocation", Time since last: 311493767 ns, Reaching safepoint: 1021055 ns, At safepoint: 59979 ns, Total: 1081034 ns
[2020-09-11T13:59:11.658+0000][1][safepoint    ] Safepoint "CollectForMetadataAllocation", Time since last: 151028240 ns, Reaching safepoint: 112925 ns, At safepoint: 132113 ns, Total: 245038 ns
[2020-09-11T13:59:11.846+0000][1][safepoint    ] Safepoint "CollectForMetadataAllocation", Time since last: 178367402 ns, Reaching safepoint: 9552316 ns, At safepoint: 107440 ns, Total: 9659756 ns
[2020-09-11T13:59:12.082+0000][1][safepoint    ] Safepoint "CollectForMetadataAllocation", Time since last: 226245507 ns, Reaching safepoint: 9398022 ns, At safepoint: 117371 ns, Total: 9515393 ns
[2020-09-11T13:59:12.171+0000][1][safepoint    ] Safepoint "RevokeBias", Time since last: 86339522 ns, Reaching safepoint: 3532200 ns, At safepoint: 16126 ns, Total: 3548326 ns
[2020-09-11T13:59:12.184+0000][1][safepoint    ] Safepoint "RevokeBias", Time since last: 12401644 ns, Reaching safepoint: 47587 ns, At safepoint: 11023 ns, Total: 58610 ns
[2020-09-11T13:59:12.402+0000][1][safepoint    ] Safepoint "CollectForMetadataAllocation", Time since last: 217731635 ns, Reaching safepoint: 103811 ns, At safepoint: 118776 ns, Total: 222587 ns
[2020-09-11T13:59:12.572+0000][1][safepoint    ] Safepoint "CollectForMetadataAllocation", Time since last: 168020678 ns, Reaching safepoint: 1527199 ns, At safepoint: 114477 ns, Total: 1641676 ns
[2020-09-11T13:59:12.673+0000][1][gc,start     ] GC(64) Pause Young (Allocation Failure)
[2020-09-11T13:59:12.673+0000][1][gc,task      ] GC(64) Using 1 workers of 1 for evacuation
[2020-09-11T13:59:12.775+0000][1][gc,age       ] GC(64) Desired survivor size 4358144 bytes, new threshold 2 (max threshold 6)
[2020-09-11T13:59:12.775+0000][1][gc,age       ] GC(64) Age table with threshold 2 (max threshold 6)
[2020-09-11T13:59:12.775+0000][1][gc,age       ] GC(64) - age   1:    3497064 bytes,    3497064 total
[2020-09-11T13:59:12.775+0000][1][gc,age       ] GC(64) - age   2:    1364520 bytes,    4861584 total
[2020-09-11T13:59:12.775+0000][1][gc,age       ] GC(64) - age   3:    2227752 bytes,    7089336 total
[2020-09-11T13:59:12.775+0000][1][gc,heap      ] GC(64) ParNew: 73288K->8061K(76672K)
[2020-09-11T13:59:12.775+0000][1][gc,heap      ] GC(64) CMS: 56669K->56669K(2011968K)
[2020-09-11T13:59:12.782+0000][1][gc,metaspace ] GC(64) Metaspace: 66265K->66265K(1110016K)
[2020-09-11T13:59:12.782+0000][1][gc           ] GC(64) Pause Young (Allocation Failure) 126M->63M(2039M) 109.370ms
[2020-09-11T13:59:12.782+0000][1][gc,cpu       ] GC(64) User=0.04s Sys=0.00s Real=0.11s
[2020-09-11T13:59:12.795+0000][1][safepoint    ] Safepoint "GenCollectForAllocation", Time since last: 101115184 ns, Reaching safepoint: 59955 ns, At safepoint: 122686080 ns, Total: 122746035 ns
[2020-09-11T13:59:12.861+0000][1][safepoint    ] Safepoint "CollectForMetadataAllocation", Time since last: 65861939 ns, Reaching safepoint: 58645 ns, At safepoint: 114871 ns, Total: 173516 ns
[2020-09-11T13:59:12.993+0000][1][safepoint    ] Safepoint "RevokeBias", Time since last: 122782842 ns, Reaching safepoint: 8472556 ns, At safepoint: 31907 ns, Total: 8504463 ns
[2020-09-11T13:59:12.993+0000][1][safepoint    ] Safepoint "RevokeBias", Time since last: 77325 ns, Reaching safepoint: 13518 ns, At safepoint: 19343 ns, Total: 32861 ns
[2020-09-11T13:59:12.993+0000][1][safepoint    ] Safepoint "RevokeBias", Time since last: 151395 ns, Reaching safepoint: 15782 ns, At safepoint: 29330 ns, Total: 45112 ns
[2020-09-11T13:59:13.207+0000][1][safepoint    ] Safepoint "CollectForMetadataAllocation", Time since last: 213086643 ns, Reaching safepoint: 1044868 ns, At safepoint: 109758 ns, Total: 1154626 ns
[2020-09-11T13:59:13.278+0000][1][safepoint    ] Safepoint "CollectForMetadataAllocation", Time since last: 68037361 ns, Reaching safepoint: 2143791 ns, At safepoint: 128696 ns, Total: 2272487 ns
[2020-09-11T13:59:13.479+0000][1][safepoint    ] Safepoint "CollectForMetadataAllocation", Time since last: 200767193 ns, Reaching safepoint: 68763 ns, At safepoint: 123104 ns, Total: 191867 ns
[2020-09-11T13:59:13.696+0000][1][safepoint    ] Safepoint "CollectForMetadataAllocation", Time since last: 204914179 ns, Reaching safepoint: 12149131 ns, At safepoint: 128159 ns, Total: 12277290 ns
[2020-09-11T13:59:13.820+0000][1][safepoint    ] Safepoint "CollectForMetadataAllocation", Time since last: 123710746 ns, Reaching safepoint: 66992 ns, At safepoint: 137040 ns, Total: 204032 ns
[2020-09-11T13:59:13.900+0000][1][safepoint    ] Safepoint "CollectForMetadataAllocation", Time since last: 67240820 ns, Reaching safepoint: 12747846 ns, At safepoint: 88715 ns, Total: 12836561 ns
[2020-09-11T13:59:13.938+0000][1][safepoint    ] Safepoint "Deoptimize", Time since last: 28461951 ns, Reaching safepoint: 9818458 ns, At safepoint: 318233 ns, Total: 10136691 ns
[2020-09-11T13:59:13.993+0000][1][safepoint    ] Safepoint "CollectForMetadataAllocation", Time since last: 54206088 ns, Reaching safepoint: 109187 ns, At safepoint: 129183 ns, Total: 238370 ns
[2020-09-11T13:59:14.004+0000][1][safepoint    ] Safepoint "Deoptimize", Time since last: 10918002 ns, Reaching safepoint: 54663 ns, At safepoint: 321507 ns, Total: 376170 ns
[2020-09-11T13:59:14.216+0000][1][safepoint    ] Safepoint "CollectForMetadataAllocation", Time since last: 199420648 ns, Reaching safepoint: 12023651 ns, At safepoint: 140221 ns, Total: 12163872 ns
[2020-09-11T13:59:14.422+0000][1][safepoint    ] Safepoint "RevokeBias", Time since last: 199576565 ns, Reaching safepoint: 7172736 ns, At safepoint: 32312 ns, Total: 7205048 ns
[2020-09-11T13:59:14.423+0000][1][safepoint    ] Safepoint "RevokeBias", Time since last: 476727 ns, Reaching safepoint: 85747 ns, At safepoint: 18480 ns, Total: 104227 ns
[2020-09-11T13:59:14.428+0000][1][safepoint    ] Safepoint "CollectForMetadataAllocation", Time since last: 4611113 ns, Reaching safepoint: 107688 ns, At safepoint: 84198 ns, Total: 191886 ns
[2020-09-11T13:59:14.431+0000][1][safepoint    ] Safepoint "RevokeBias", Time since last: 401556 ns, Reaching safepoint: 3233155 ns, At safepoint: 34453 ns, Total: 3267608 ns
[2020-09-11T13:59:14.432+0000][1][safepoint    ] Safepoint "RevokeBias", Time since last: 569951 ns, Reaching safepoint: 93718 ns, At safepoint: 21368 ns, Total: 115086 ns
[2020-09-11T13:59:14.432+0000][1][safepoint    ] Safepoint "RevokeBias", Time since last: 47441 ns, Reaching safepoint: 84059 ns, At safepoint: 15862 ns, Total: 99921 ns
[2020-09-11T13:59:14.433+0000][1][safepoint    ] Safepoint "RevokeBias", Time since last: 289268 ns, Reaching safepoint: 81591 ns, At safepoint: 22724 ns, Total: 104315 ns
[2020-09-11T13:59:14.433+0000][1][safepoint    ] Safepoint "RevokeBias", Time since last: 132406 ns, Reaching safepoint: 83617 ns, At safepoint: 17076 ns, Total: 100693 ns
[2020-09-11T13:59:14.436+0000][1][safepoint    ] Safepoint "RevokeBias", Time since last: 34478 ns, Reaching safepoint: 2507619 ns, At safepoint: 37828 ns, Total: 2545447 ns
[2020-09-11T13:59:14.455+0000][1][safepoint    ] Safepoint "RevokeBias", Time since last: 12635209 ns, Reaching safepoint: 7294528 ns, At safepoint: 42241 ns, Total: 7336769 ns
[2020-09-11T13:59:14.461+0000][1][safepoint    ] Safepoint "RevokeBias", Time since last: 5414258 ns, Reaching safepoint: 109853 ns, At safepoint: 37692 ns, Total: 147545 ns
[2020-09-11T13:59:14.463+0000][1][safepoint    ] Safepoint "RevokeBias", Time since last: 82726 ns, Reaching safepoint: 2326868 ns, At safepoint: 37458 ns, Total: 2364326 ns
[2020-09-11T13:59:14.468+0000][1][safepoint    ] Safepoint "RevokeBias", Time since last: 83134 ns, Reaching safepoint: 3904423 ns, At safepoint: 42107 ns, Total: 3946530 ns
[2020-09-11T13:59:14.468+0000][1][safepoint    ] Safepoint "RevokeBias", Time since last: 121838 ns, Reaching safepoint: 91732 ns, At safepoint: 17372 ns, Total: 109104 ns
[2020-09-11T13:59:14.468+0000][1][safepoint    ] Safepoint "RevokeBias", Time since last: 54122 ns, Reaching safepoint: 84560 ns, At safepoint: 19036 ns, Total: 103596 ns
[2020-09-11T13:59:14.468+0000][1][safepoint    ] Safepoint "RevokeBias", Time since last: 35286 ns, Reaching safepoint: 81751 ns, At safepoint: 17476 ns, Total: 99227 ns
[2020-09-11T13:59:14.468+0000][1][safepoint    ] Safepoint "RevokeBias", Time since last: 36400 ns, Reaching safepoint: 83766 ns, At safepoint: 16806 ns, Total: 100572 ns
[2020-09-11T13:59:14.471+0000][1][safepoint    ] Safepoint "RevokeBias", Time since last: 1233324 ns, Reaching safepoint: 2024141 ns, At safepoint: 30215 ns, Total: 2054356 ns
[2020-09-11T13:59:14.477+0000][1][safepoint    ] Safepoint "Deoptimize", Time since last: 3966151 ns, Reaching safepoint: 1589007 ns, At safepoint: 325540 ns, Total: 1914547 ns
[2020-09-11T13:59:14.502+0000][1][safepoint    ] Safepoint "Deoptimize", Time since last: 23696675 ns, Reaching safepoint: 750437 ns, At safepoint: 300873 ns, Total: 1051310 ns
[2020-09-11T13:59:14.720+0000][1][safepoint    ] Safepoint "CollectForMetadataAllocation", Time since last: 217833336 ns, Reaching safepoint: 65659 ns, At safepoint: 106738 ns, Total: 172397 ns
[2020-09-11T13:59:15.107+0000][1][safepoint    ] Safepoint "CollectForMetadataAllocation", Time since last: 387027419 ns, Reaching safepoint: 68104 ns, At safepoint: 102038 ns, Total: 170142 ns
[2020-09-11T13:59:15.341+0000][1][safepoint    ] Safepoint "CollectForMetadataAllocation", Time since last: 233993596 ns, Reaching safepoint: 59228 ns, At safepoint: 64053 ns, Total: 123281 ns
[2020-09-11T13:59:15.482+0000][1][safepoint    ] Safepoint "CollectForMetadataAllocation", Time since last: 140434692 ns, Reaching safepoint: 48323 ns, At safepoint: 120397 ns, Total: 168720 ns
[2020-09-11T13:59:15.529+0000][1][gc           ] GC(63) Concurrent Abortable Preclean 5226.187ms
[2020-09-11T13:59:15.529+0000][1][gc,cpu       ] GC(63) User=1.74s Sys=0.03s Real=5.23s
[2020-09-11T13:59:15.548+0000][1][gc,start     ] GC(63) Pause Remark
[2020-09-11T13:59:15.600+0000][1][gc           ] GC(63) Pause Remark 95M->95M(2039M) 52.210ms
[2020-09-11T13:59:15.600+0000][1][gc,cpu       ] GC(63) User=0.02s Sys=0.00s Real=0.05s
[2020-09-11T13:59:15.619+0000][1][safepoint    ] Safepoint "CMS_Final_Remark", Time since last: 65940789 ns, Reaching safepoint: 114151 ns, At safepoint: 71338633 ns, Total: 71452784 ns
[2020-09-11T13:59:15.619+0000][1][gc           ] GC(63) Concurrent Sweep
[2020-09-11T13:59:15.708+0000][1][gc           ] GC(63) Concurrent Sweep 88.194ms
[2020-09-11T13:59:15.708+0000][1][gc,cpu       ] GC(63) User=0.04s Sys=0.00s Real=0.09s
[2020-09-11T13:59:15.708+0000][1][gc           ] GC(63) Concurrent Reset
[2020-09-11T13:59:15.711+0000][1][gc           ] GC(63) Concurrent Reset 3.367ms
[2020-09-11T13:59:15.711+0000][1][gc,cpu       ] GC(63) User=0.01s Sys=0.00s Real=0.00s
[2020-09-11T13:59:15.711+0000][1][gc,heap      ] GC(63) Old: 56669K->55742K(2011968K)
[2020-09-11T13:59:15.885+0000][1][safepoint    ] Safepoint "RevokeBias", Time since last: 257889071 ns, Reaching safepoint: 7923215 ns, At safepoint: 45469 ns, Total: 7968684 ns
[2020-09-11T13:59:15.885+0000][1][safepoint    ] Safepoint "RevokeBias", Time since last: 79500 ns, Reaching safepoint: 88937 ns, At safepoint: 22339 ns, Total: 111276 ns
[2020-09-11T13:59:15.901+0000][1][safepoint    ] Safepoint "RevokeBias", Time since last: 15789462 ns, Reaching safepoint: 201327 ns, At safepoint: 21511 ns, Total: 222838 ns
[2020-09-11T13:59:15.908+0000][1][safepoint    ] Safepoint "RevokeBias", Time since last: 1319929 ns, Reaching safepoint: 5348843 ns, At safepoint: 34549 ns, Total: 5383392 ns
[2020-09-11T13:59:15.909+0000][1][safepoint    ] Safepoint "RevokeBias", Time since last: 350432 ns, Reaching safepoint: 91224 ns, At safepoint: 17595 ns, Total: 108819 ns
[2020-09-11T13:59:15.909+0000][1][safepoint    ] Safepoint "RevokeBias", Time since last: 39223 ns, Reaching safepoint: 87082 ns, At safepoint: 15874 ns, Total: 102956 ns
[2020-09-11T13:59:15.911+0000][1][safepoint    ] Safepoint "RevokeBias", Time since last: 1491088 ns, Reaching safepoint: 1142482 ns, At safepoint: 18991 ns, Total: 1161473 ns
[2020-09-11T13:59:15.912+0000][1][safepoint    ] Safepoint "RevokeBias", Time since last: 312829 ns, Reaching safepoint: 85837 ns, At safepoint: 18158 ns, Total: 103995 ns
[2020-09-11T13:59:15.919+0000][1][safepoint    ] Safepoint "RevokeBias", Time since last: 3916429 ns, Reaching safepoint: 3657673 ns, At safepoint: 24552 ns, Total: 3682225 ns
[2020-09-11T13:59:15.927+0000][1][safepoint    ] Safepoint "RevokeBias", Time since last: 4096277 ns, Reaching safepoint: 3903211 ns, At safepoint: 30797 ns, Total: 3934008 ns
[2020-09-11T13:59:15.928+0000][1][safepoint    ] Safepoint "RevokeBias", Time since last: 837607 ns, Reaching safepoint: 101948 ns, At safepoint: 18666 ns, Total: 120614 ns
[2020-09-11T13:59:15.929+0000][1][safepoint    ] Safepoint "RevokeBias", Time since last: 547393 ns, Reaching safepoint: 92391 ns, At safepoint: 30247 ns, Total: 122638 ns
[2020-09-11T13:59:15.929+0000][1][safepoint    ] Safepoint "RevokeBias", Time since last: 41548 ns, Reaching safepoint: 87535 ns, At safepoint: 12553 ns, Total: 100088 ns
[2020-09-11T13:59:15.930+0000][1][safepoint    ] Safepoint "RevokeBias", Time since last: 305307 ns, Reaching safepoint: 100737 ns, At safepoint: 35670 ns, Total: 136407 ns
[2020-09-11T13:59:15.930+0000][1][safepoint    ] Safepoint "RevokeBias", Time since last: 46884 ns, Reaching safepoint: 86762 ns, At safepoint: 10818 ns, Total: 97580 ns
[2020-09-11T13:59:15.931+0000][1][safepoint    ] Safepoint "RevokeBias", Time since last: 902616 ns, Reaching safepoint: 677455 ns, At safepoint: 12848 ns, Total: 690303 ns
[2020-09-11T13:59:15.932+0000][1][safepoint    ] Safepoint "RevokeBias", Time since last: 74085 ns, Reaching safepoint: 84613 ns, At safepoint: 10936 ns, Total: 95549 ns
[2020-09-11T13:59:15.932+0000][1][safepoint    ] Safepoint "RevokeBias", Time since last: 60318 ns, Reaching safepoint: 87412 ns, At safepoint: 10924 ns, Total: 98336 ns
[2020-09-11T13:59:15.978+0000][1][safepoint    ] Safepoint "RevokeBias", Time since last: 41285098 ns, Reaching safepoint: 5116350 ns, At safepoint: 28309 ns, Total: 5144659 ns
[2020-09-11T13:59:15.979+0000][1][safepoint    ] Safepoint "RevokeBias", Time since last: 623964 ns, Reaching safepoint: 91353 ns, At safepoint: 19557 ns, Total: 110910 ns
[2020-09-11T13:59:15.988+0000][1][safepoint    ] Safepoint "RevokeBias", Time since last: 8813025 ns, Reaching safepoint: 195101 ns, At safepoint: 20279 ns, Total: 215380 ns
[2020-09-11T13:59:15.988+0000][1][safepoint    ] Safepoint "RevokeBias", Time since last: 64302 ns, Reaching safepoint: 91155 ns, At safepoint: 13304 ns, Total: 104459 ns
[2020-09-11T13:59:15.988+0000][1][safepoint    ] Safepoint "RevokeBias", Time since last: 42854 ns, Reaching safepoint: 91118 ns, At safepoint: 12588 ns, Total: 103706 ns
[2020-09-11T13:59:15.991+0000][1][safepoint    ] Safepoint "RevokeBias", Time since last: 2236835 ns, Reaching safepoint: 930642 ns, At safepoint: 20803 ns, Total: 951445 ns
[2020-09-11T13:59:15.995+0000][1][safepoint    ] Safepoint "RevokeBias", Time since last: 94234 ns, Reaching safepoint: 3447506 ns, At safepoint: 23940 ns, Total: 3471446 ns
[2020-09-11T13:59:15.995+0000][1][safepoint    ] Safepoint "RevokeBias", Time since last: 111020 ns, Reaching safepoint: 91345 ns, At safepoint: 10915 ns, Total: 102260 ns
[2020-09-11T13:59:15.996+0000][1][safepoint    ] Safepoint "RevokeBias", Time since last: 318592 ns, Reaching safepoint: 100090 ns, At safepoint: 52645 ns, Total: 152735 ns
[2020-09-11T13:59:15.996+0000][1][safepoint    ] Safepoint "RevokeBias", Time since last: 74553 ns, Reaching safepoint: 91318 ns, At safepoint: 12606 ns, Total: 103924 ns
[2020-09-11T13:59:15.997+0000][1][safepoint    ] Safepoint "RevokeBias", Time since last: 675972 ns, Reaching safepoint: 91020 ns, At safepoint: 27385 ns, Total: 118405 ns
[2020-09-11T13:59:16.004+0000][1][safepoint    ] Safepoint "RevokeBias", Time since last: 5835003 ns, Reaching safepoint: 941427 ns, At safepoint: 62658 ns, Total: 1004085 ns
[2020-09-11T13:59:16.007+0000][1][safepoint    ] Safepoint "RevokeBias", Time since last: 1339906 ns, Reaching safepoint: 2594173 ns, At safepoint: 24831 ns, Total: 2619004 ns
[2020-09-11T13:59:16.008+0000][1][safepoint    ] Safepoint "RevokeBias", Time since last: 317658 ns, Reaching safepoint: 93008 ns, At safepoint: 15150 ns, Total: 108158 ns
[2020-09-11T13:59:16.008+0000][1][safepoint    ] Safepoint "RevokeBias", Time since last: 44492 ns, Reaching safepoint: 87154 ns, At safepoint: 12320 ns, Total: 99474 ns
[2020-09-11T13:59:16.017+0000][1][safepoint    ] Safepoint "RevokeBias", Time since last: 9207900 ns, Reaching safepoint: 106623 ns, At safepoint: 27081 ns, Total: 133704 ns
[2020-09-11T13:59:16.018+0000][1][safepoint    ] Safepoint "RevokeBias", Time since last: 88364 ns, Reaching safepoint: 86553 ns, At safepoint: 12720 ns, Total: 99273 ns
[2020-09-11T13:59:16.019+0000][1][safepoint    ] Safepoint "RevokeBias", Time since last: 568857 ns, Reaching safepoint: 1294989 ns, At safepoint: 23356 ns, Total: 1318345 ns
[2020-09-11T13:59:16.020+0000][1][safepoint    ] Safepoint "RevokeBias", Time since last: 58960 ns, Reaching safepoint: 87091 ns, At safepoint: 12556 ns, Total: 99647 ns
[2020-09-11T13:59:16.020+0000][1][safepoint    ] Safepoint "RevokeBias", Time since last: 57336 ns, Reaching safepoint: 86167 ns, At safepoint: 11886 ns, Total: 98053 ns
[2020-09-11T13:59:16.036+0000][1][safepoint    ] Safepoint "RevokeBias", Time since last: 15666496 ns, Reaching safepoint: 111935 ns, At safepoint: 32102 ns, Total: 144037 ns
[2020-09-11T13:59:16.044+0000][1][safepoint    ] Safepoint "BulkRevokeBias", Time since last: 4754907 ns, Reaching safepoint: 3087091 ns, At safepoint: 116645 ns, Total: 3203736 ns
[2020-09-11T13:59:16.045+0000][1][safepoint    ] Safepoint "RevokeBias", Time since last: 1087996 ns, Reaching safepoint: 21282 ns, At safepoint: 10631 ns, Total: 31913 ns
[2020-09-11T13:59:16.051+0000][1][safepoint    ] Safepoint "RevokeBias", Time since last: 2754521 ns, Reaching safepoint: 4041723 ns, At safepoint: 30186 ns, Total: 4071909 ns
[2020-09-11T13:59:16.053+0000][1][safepoint    ] Safepoint "RevokeBias", Time since last: 1734182 ns, Reaching safepoint: 110691 ns, At safepoint: 14366 ns, Total: 125057 ns
[2020-09-11T13:59:16.064+0000][1][safepoint    ] Safepoint "RevokeBias", Time since last: 10989114 ns, Reaching safepoint: 112872 ns, At safepoint: 15414 ns, Total: 128286 ns
[2020-09-11T13:59:16.065+0000][1][safepoint    ] Safepoint "RevokeBias", Time since last: 326365 ns, Reaching safepoint: 89428 ns, At safepoint: 40191 ns, Total: 129619 ns
[2020-09-11T13:59:16.072+0000][1][safepoint    ] Safepoint "RevokeBias", Time since last: 6815439 ns, Reaching safepoint: 113889 ns, At safepoint: 44089 ns, Total: 157978 ns
[2020-09-11T13:59:16.073+0000][1][safepoint    ] Safepoint "RevokeBias", Time since last: 550474 ns, Reaching safepoint: 91468 ns, At safepoint: 43432 ns, Total: 134900 ns
[2020-09-11T13:59:16.075+0000][1][safepoint    ] Safepoint "RevokeBias", Time since last: 1923722 ns, Reaching safepoint: 923239 ns, At safepoint: 16041 ns, Total: 939280 ns
[2020-09-11T13:59:16.076+0000][1][safepoint    ] Safepoint "RevokeBias", Time since last: 52634 ns, Reaching safepoint: 72487 ns, At safepoint: 11427 ns, Total: 83914 ns
[2020-09-11T13:59:16.120+0000][1][safepoint    ] Safepoint "RevokeBias", Time since last: 39504626 ns, Reaching safepoint: 4360931 ns, At safepoint: 55211 ns, Total: 4416142 ns
[2020-09-11T13:59:16.131+0000][1][safepoint    ] Safepoint "RevokeBias", Time since last: 9230459 ns, Reaching safepoint: 2721106 ns, At safepoint: 28835 ns, Total: 2749941 ns
[2020-09-11T13:59:16.154+0000][1][gc,start     ] GC(65) Pause Young (Allocation Failure)
[2020-09-11T13:59:16.154+0000][1][gc,task      ] GC(65) Using 1 workers of 1 for evacuation
[2020-09-11T13:59:16.289+0000][1][gc,age       ] GC(65) Desired survivor size 4358144 bytes, new threshold 2 (max threshold 6)
[2020-09-11T13:59:16.289+0000][1][gc,age       ] GC(65) Age table with threshold 2 (max threshold 6)
[2020-09-11T13:59:16.289+0000][1][gc,age       ] GC(65) - age   1:    1828808 bytes,    1828808 total
[2020-09-11T13:59:16.289+0000][1][gc,age       ] GC(65) - age   2:    3423136 bytes,    5251944 total
[2020-09-11T13:59:16.289+0000][1][gc,heap      ] GC(65) ParNew: 69306K->6200K(76672K)
[2020-09-11T13:59:16.289+0000][1][gc,heap      ] GC(65) CMS: 55742K->75639K(2011968K)
[2020-09-11T13:59:16.289+0000][1][gc,metaspace ] GC(65) Metaspace: 71854K->71854K(1116160K)
[2020-09-11T13:59:16.289+0000][1][gc           ] GC(65) Pause Young (Allocation Failure) 122M->79M(2039M) 135.738ms
[2020-09-11T13:59:16.289+0000][1][gc,cpu       ] GC(65) User=0.04s Sys=0.00s Real=0.14s
[2020-09-11T13:59:16.295+0000][1][safepoint    ] Safepoint "RevokeBias", Time since last: 22050591 ns, Reaching safepoint: 108856 ns, At safepoint: 140883903 ns, Total: 140992759 ns
[2020-09-11T13:59:16.308+0000][1][safepoint    ] Safepoint "RevokeBias", Time since last: 13742234 ns, Reaching safepoint: 47015 ns, At safepoint: 26663 ns, Total: 73678 ns
[2020-09-11T13:59:16.308+0000][1][safepoint    ] Safepoint "RevokeBias", Time since last: 52466 ns, Reaching safepoint: 17342 ns, At safepoint: 17228 ns, Total: 34570 ns
[2020-09-11T13:59:16.308+0000][1][safepoint    ] Safepoint "RevokeBias", Time since last: 27725 ns, Reaching safepoint: 15339 ns, At safepoint: 16539 ns, Total: 31878 ns
[2020-09-11T13:59:16.309+0000][1][safepoint    ] Safepoint "RevokeBias", Time since last: 21199 ns, Reaching safepoint: 14904 ns, At safepoint: 16374 ns, Total: 31278 ns
[2020-09-11T13:59:16.311+0000][1][safepoint    ] Safepoint "RevokeBias", Time since last: 2880049 ns, Reaching safepoint: 27366 ns, At safepoint: 27744 ns, Total: 55110 ns
[2020-09-11T13:59:16.312+0000][1][safepoint    ] Safepoint "RevokeBias", Time since last: 38164 ns, Reaching safepoint: 15939 ns, At safepoint: 17763 ns, Total: 33702 ns
[2020-09-11T13:59:16.312+0000][1][safepoint    ] Safepoint "RevokeBias", Time since last: 24636 ns, Reaching safepoint: 15543 ns, At safepoint: 16865 ns, Total: 32408 ns
[2020-09-11T13:59:16.359+0000][1][safepoint    ] Safepoint "RevokeBias", Time since last: 35732254 ns, Reaching safepoint: 277133 ns, At safepoint: 11809403 ns, Total: 12086536 ns
[2020-09-11T13:59:16.442+0000][1][safepoint    ] Safepoint "RevokeBias", Time since last: 78276450 ns, Reaching safepoint: 4742787 ns, At safepoint: 29509 ns, Total: 4772296 ns
[2020-09-11T13:59:16.443+0000][1][safepoint    ] Safepoint "RevokeBias", Time since last: 86415 ns, Reaching safepoint: 868732 ns, At safepoint: 14816 ns, Total: 883548 ns
[2020-09-11T13:59:16.444+0000][1][safepoint    ] Safepoint "RevokeBias", Time since last: 43289 ns, Reaching safepoint: 94062 ns, At safepoint: 12636 ns, Total: 106698 ns
[2020-09-11T13:59:16.444+0000][1][safepoint    ] Safepoint "RevokeBias", Time since last: 63695 ns, Reaching safepoint: 92836 ns, At safepoint: 13127 ns, Total: 105963 ns
[2020-09-11T13:59:16.686+0000][1][safepoint    ] Safepoint "RevokeBias", Time since last: 241760753 ns, Reaching safepoint: 133317 ns, At safepoint: 18022 ns, Total: 151339 ns
[2020-09-11T13:59:16.704+0000][1][safepoint    ] Safepoint "RevokeBias", Time since last: 18207131 ns, Reaching safepoint: 109533 ns, At safepoint: 18844 ns, Total: 128377 ns
[2020-09-11T13:59:16.736+0000][1][safepoint    ] Safepoint "RevokeBias", Time since last: 31400382 ns, Reaching safepoint: 402669 ns, At safepoint: 51005 ns, Total: 453674 ns
[2020-09-11T13:59:16.752+0000][1][safepoint    ] Safepoint "Deoptimize", Time since last: 15781752 ns, Reaching safepoint: 115696 ns, At safepoint: 380949 ns, Total: 496645 ns
[2020-09-11T13:59:16.855+0000][1][safepoint    ] Safepoint "RevokeBias", Time since last: 102593264 ns, Reaching safepoint: 113317 ns, At safepoint: 15336 ns, Total: 128653 ns
[2020-09-11T13:59:16.882+0000][1][safepoint    ] Safepoint "RevokeBias", Time since last: 21152065 ns, Reaching safepoint: 6399572 ns, At safepoint: 19312 ns, Total: 6418884 ns
[2020-09-11T13:59:16.992+0000][1][safepoint    ] Safepoint "RevokeBias", Time since last: 109339305 ns, Reaching safepoint: 118748 ns, At safepoint: 19840 ns, Total: 138588 ns
[2020-09-11T13:59:17.004+0000][1][safepoint    ] Safepoint "RevokeBias", Time since last: 11474844 ns, Reaching safepoint: 111551 ns, At safepoint: 21068 ns, Total: 132619 ns
[2020-09-11T13:59:17.004+0000][1][safepoint    ] Safepoint "RevokeBias", Time since last: 343200 ns, Reaching safepoint: 106474 ns, At safepoint: 44668 ns, Total: 151142 ns
[2020-09-11T13:59:17.005+0000][1][safepoint    ] Safepoint "RevokeBias", Time since last: 499241 ns, Reaching safepoint: 104206 ns, At safepoint: 18630 ns, Total: 122836 ns
[2020-09-11T13:59:17.005+0000][1][safepoint    ] Safepoint "RevokeBias", Time since last: 54035 ns, Reaching safepoint: 97736 ns, At safepoint: 15936 ns, Total: 113672 ns
[2020-09-11T13:59:17.005+0000][1][safepoint    ] Safepoint "RevokeBias", Time since last: 514166 ns, Reaching safepoint: 97359 ns, At safepoint: 16452 ns, Total: 113811 ns
[2020-09-11T13:59:17.043+0000][1][safepoint    ] Safepoint "RevokeBias", Time since last: 37460976 ns, Reaching safepoint: 315384 ns, At safepoint: 20971 ns, Total: 336355 ns
[2020-09-11T13:59:17.064+0000][1][safepoint    ] Safepoint "RevokeBias", Time since last: 20296771 ns, Reaching safepoint: 78860 ns, At safepoint: 29443 ns, Total: 108303 ns
[2020-09-11T13:59:17.075+0000][1][safepoint    ] Safepoint "RevokeBias", Time since last: 11571649 ns, Reaching safepoint: 122209 ns, At safepoint: 22565 ns, Total: 144774 ns
[2020-09-11T13:59:17.103+0000][1][safepoint    ] Safepoint "RevokeBias", Time since last: 23927756 ns, Reaching safepoint: 4043700 ns, At safepoint: 19109 ns, Total: 4062809 ns
[2020-09-11T13:59:17.107+0000][1][safepoint    ] Safepoint "RevokeBias", Time since last: 3137669 ns, Reaching safepoint: 104746 ns, At safepoint: 14344 ns, Total: 119090 ns
[2020-09-11T13:59:17.107+0000][1][safepoint    ] Safepoint "RevokeBias", Time since last: 59189 ns, Reaching safepoint: 85276 ns, At safepoint: 10940 ns, Total: 96216 ns
[2020-09-11T13:59:17.107+0000][1][safepoint    ] Safepoint "RevokeBias", Time since last: 109158 ns, Reaching safepoint: 84238 ns, At safepoint: 10355 ns, Total: 94593 ns
[2020-09-11T13:59:17.107+0000][1][safepoint    ] Safepoint "RevokeBias", Time since last: 234590 ns, Reaching safepoint: 84674 ns, At safepoint: 10817 ns, Total: 95491 ns
[2020-09-11T13:59:17.111+0000][1][safepoint    ] Safepoint "RevokeBias", Time since last: 3494937 ns, Reaching safepoint: 86327 ns, At safepoint: 12990 ns, Total: 99317 ns
[2020-09-11T13:59:17.112+0000][1][safepoint    ] Safepoint "RevokeBias", Time since last: 646736 ns, Reaching safepoint: 88450 ns, At safepoint: 11203 ns, Total: 99653 ns
[2020-09-11T13:59:17.112+0000][1][safepoint    ] Safepoint "RevokeBias", Time since last: 149779 ns, Reaching safepoint: 85195 ns, At safepoint: 10612 ns, Total: 95807 ns
[2020-09-11T13:59:17.112+0000][1][safepoint    ] Safepoint "RevokeBias", Time since last: 81026 ns, Reaching safepoint: 83875 ns, At safepoint: 11794 ns, Total: 95669 ns
[2020-09-11T13:59:17.112+0000][1][safepoint    ] Safepoint "RevokeBias", Time since last: 125438 ns, Reaching safepoint: 84264 ns, At safepoint: 10666 ns, Total: 94930 ns
[2020-09-11T13:59:17.112+0000][1][safepoint    ] Safepoint "RevokeBias", Time since last: 71433 ns, Reaching safepoint: 83674 ns, At safepoint: 10117 ns, Total: 93791 ns
[2020-09-11T13:59:17.113+0000][1][safepoint    ] Safepoint "RevokeBias", Time since last: 123577 ns, Reaching safepoint: 83774 ns, At safepoint: 10447 ns, Total: 94221 ns
[2020-09-11T13:59:17.113+0000][1][safepoint    ] Safepoint "RevokeBias", Time since last: 69322 ns, Reaching safepoint: 83380 ns, At safepoint: 10098 ns, Total: 93478 ns
[2020-09-11T13:59:17.113+0000][1][safepoint    ] Safepoint "RevokeBias", Time since last: 121548 ns, Reaching safepoint: 83230 ns, At safepoint: 10891 ns, Total: 94121 ns
[2020-09-11T13:59:17.113+0000][1][safepoint    ] Safepoint "RevokeBias", Time since last: 69563 ns, Reaching safepoint: 83369 ns, At safepoint: 10723 ns, Total: 94092 ns
[2020-09-11T13:59:17.113+0000][1][safepoint    ] Safepoint "RevokeBias", Time since last: 120104 ns, Reaching safepoint: 83258 ns, At safepoint: 10429 ns, Total: 93687 ns
[2020-09-11T13:59:17.114+0000][1][safepoint    ] Safepoint "RevokeBias", Time since last: 79567 ns, Reaching safepoint: 82871 ns, At safepoint: 9884 ns, Total: 92755 ns
[2020-09-11T13:59:17.114+0000][1][safepoint    ] Safepoint "RevokeBias", Time since last: 143293 ns, Reaching safepoint: 84687 ns, At safepoint: 10317 ns, Total: 95004 ns
[2020-09-11T13:59:17.114+0000][1][safepoint    ] Safepoint "RevokeBias", Time since last: 69683 ns, Reaching safepoint: 84628 ns, At safepoint: 10066 ns, Total: 94694 ns
[2020-09-11T13:59:17.117+0000][1][safepoint    ] Safepoint "RevokeBias", Time since last: 123068 ns, Reaching safepoint: 2417988 ns, At safepoint: 20922 ns, Total: 2438910 ns
[2020-09-11T13:59:17.126+0000][1][safepoint    ] Safepoint "RevokeBias", Time since last: 9532211 ns, Reaching safepoint: 110225 ns, At safepoint: 19451 ns, Total: 129676 ns
[2020-09-11T13:59:17.127+0000][1][safepoint    ] Safepoint "RevokeBias", Time since last: 794601 ns, Reaching safepoint: 87295 ns, At safepoint: 14521 ns, Total: 101816 ns
[2020-09-11T13:59:17.127+0000][1][safepoint    ] Safepoint "RevokeBias", Time since last: 114024 ns, Reaching safepoint: 83382 ns, At safepoint: 12396 ns, Total: 95778 ns
[2020-09-11T13:59:17.130+0000][1][safepoint    ] Safepoint "RevokeBias", Time since last: 2756534 ns, Reaching safepoint: 115169 ns, At safepoint: 15594 ns, Total: 130763 ns
[2020-09-11T13:59:17.130+0000][1][safepoint    ] Safepoint "RevokeBias", Time since last: 127149 ns, Reaching safepoint: 87070 ns, At safepoint: 11220 ns, Total: 98290 ns
[2020-09-11T13:59:17.131+0000][1][safepoint    ] Safepoint "RevokeBias", Time since last: 123103 ns, Reaching safepoint: 86620 ns, At safepoint: 11108 ns, Total: 97728 ns
[2020-09-11T13:59:17.131+0000][1][safepoint    ] Safepoint "RevokeBias", Time since last: 87782 ns, Reaching safepoint: 82559 ns, At safepoint: 10444 ns, Total: 93003 ns
[2020-09-11T13:59:17.131+0000][1][safepoint    ] Safepoint "RevokeBias", Time since last: 72957 ns, Reaching safepoint: 83382 ns, At safepoint: 9883 ns, Total: 93265 ns
[2020-09-11T13:59:17.131+0000][1][safepoint    ] Safepoint "BulkRevokeBias", Time since last: 161714 ns, Reaching safepoint: 82954 ns, At safepoint: 103371 ns, Total: 186325 ns
[2020-09-11T13:59:17.136+0000][1][safepoint    ] Safepoint "BulkRevokeBias", Time since last: 4405495 ns, Reaching safepoint: 102823 ns, At safepoint: 105120 ns, Total: 207943 ns
[2020-09-11T13:59:17.141+0000][1][safepoint    ] Safepoint "RevokeBias", Time since last: 4782942 ns, Reaching safepoint: 108955 ns, At safepoint: 13844 ns, Total: 122799 ns
[2020-09-11T13:59:17.143+0000][1][safepoint    ] Safepoint "RevokeBias", Time since last: 2301664 ns, Reaching safepoint: 109395 ns, At safepoint: 13300 ns, Total: 122695 ns
[2020-09-11T13:59:17.148+0000][1][safepoint    ] Safepoint "RevokeBias", Time since last: 4426206 ns, Reaching safepoint: 115663 ns, At safepoint: 14208 ns, Total: 129871 ns
[2020-09-11T13:59:17.151+0000][1][safepoint    ] Safepoint "RevokeBias", Time since last: 3037229 ns, Reaching safepoint: 111011 ns, At safepoint: 19362 ns, Total: 130373 ns
[2020-09-11T13:59:17.155+0000][1][safepoint    ] Safepoint "RevokeBias", Time since last: 3971908 ns, Reaching safepoint: 109360 ns, At safepoint: 18113 ns, Total: 127473 ns
[2020-09-11T13:59:17.165+0000][1][safepoint    ] Safepoint "RevokeBias", Time since last: 10226458 ns, Reaching safepoint: 111168 ns, At safepoint: 17867 ns, Total: 129035 ns
[2020-09-11T13:59:17.166+0000][1][safepoint    ] Safepoint "RevokeBias", Time since last: 593058 ns, Reaching safepoint: 17389 ns, At safepoint: 9174 ns, Total: 26563 ns
[2020-09-11T13:59:17.166+0000][1][safepoint    ] Safepoint "RevokeBias", Time since last: 330617 ns, Reaching safepoint: 16124 ns, At safepoint: 8887 ns, Total: 25011 ns
[2020-09-11T13:59:17.170+0000][1][safepoint    ] Safepoint "RevokeBias", Time since last: 3446139 ns, Reaching safepoint: 37694 ns, At safepoint: 14811 ns, Total: 52505 ns
[2020-09-11T13:59:17.171+0000][1][safepoint    ] Safepoint "RevokeBias", Time since last: 541008 ns, Reaching safepoint: 18897 ns, At safepoint: 9312 ns, Total: 28209 ns
[2020-09-11T13:59:17.176+0000][1][safepoint    ] Safepoint "RevokeBias", Time since last: 4945189 ns, Reaching safepoint: 117816 ns, At safepoint: 14308 ns, Total: 132124 ns
[2020-09-11T13:59:17.180+0000][1][safepoint    ] Safepoint "RevokeBias", Time since last: 4388968 ns, Reaching safepoint: 107469 ns, At safepoint: 12736 ns, Total: 120205 ns
[2020-09-11T13:59:17.185+0000][1][safepoint    ] Safepoint "RevokeBias", Time since last: 567335 ns, Reaching safepoint: 3895264 ns, At safepoint: 127494 ns, Total: 4022758 ns
[2020-09-11T13:59:17.704+0000][1][safepoint    ] Safepoint "RevokeBias", Time since last: 517819512 ns, Reaching safepoint: 957931 ns, At safepoint: 51905 ns, Total: 1009836 ns
[2020-09-11T13:59:18.573+0000][1][safepoint    ] Safepoint "RevokeBias", Time since last: 869368242 ns, Reaching safepoint: 125153 ns, At safepoint: 25896 ns, Total: 151049 ns
[2020-09-11T13:59:18.997+0000][1][safepoint    ] Safepoint "RevokeBias", Time since last: 424173507 ns, Reaching safepoint: 132694 ns, At safepoint: 17685 ns, Total: 150379 ns
[2020-09-11T13:59:19.010+0000][1][safepoint    ] Safepoint "RevokeBias", Time since last: 12421126 ns, Reaching safepoint: 117443 ns, At safepoint: 13231 ns, Total: 130674 ns
[2020-09-11T13:59:19.013+0000][1][safepoint    ] Safepoint "RevokeBias", Time since last: 2767265 ns, Reaching safepoint: 109170 ns, At safepoint: 15176 ns, Total: 124346 ns
[2020-09-11T13:59:19.024+0000][1][safepoint    ] Safepoint "RevokeBias", Time since last: 10738818 ns, Reaching safepoint: 387963 ns, At safepoint: 38123 ns, Total: 426086 ns
[2020-09-11T13:59:19.031+0000][1][safepoint    ] Safepoint "RevokeBias", Time since last: 4259567 ns, Reaching safepoint: 3207090 ns, At safepoint: 25892 ns, Total: 3232982 ns
[2020-09-11T13:59:19.040+0000][1][safepoint    ] Safepoint "RevokeBias", Time since last: 8695320 ns, Reaching safepoint: 119514 ns, At safepoint: 15920 ns, Total: 135434 ns
[2020-09-11T13:59:19.041+0000][1][safepoint    ] Safepoint "RevokeBias", Time since last: 1051396 ns, Reaching safepoint: 96579 ns, At safepoint: 17420 ns, Total: 113999 ns
[2020-09-11T13:59:19.042+0000][1][safepoint    ] Safepoint "RevokeBias", Time since last: 43209 ns, Reaching safepoint: 86015 ns, At safepoint: 16575 ns, Total: 102590 ns
[2020-09-11T13:59:19.055+0000][1][safepoint    ] Safepoint "RevokeBias", Time since last: 13587046 ns, Reaching safepoint: 125600 ns, At safepoint: 32683 ns, Total: 158283 ns
[2020-09-11T13:59:19.057+0000][1][safepoint    ] Safepoint "RevokeBias", Time since last: 1238932 ns, Reaching safepoint: 97941 ns, At safepoint: 21120 ns, Total: 119061 ns
[2020-09-11T13:59:19.063+0000][1][safepoint    ] Safepoint "RevokeBias", Time since last: 5901819 ns, Reaching safepoint: 104520 ns, At safepoint: 15265 ns, Total: 119785 ns
[2020-09-11T13:59:19.071+0000][1][safepoint    ] Safepoint "RevokeBias", Time since last: 8476605 ns, Reaching safepoint: 106033 ns, At safepoint: 21859 ns, Total: 127892 ns
[2020-09-11T13:59:19.073+0000][1][safepoint    ] Safepoint "RevokeBias", Time since last: 1459223 ns, Reaching safepoint: 98119 ns, At safepoint: 13432 ns, Total: 111551 ns
[2020-09-11T13:59:19.081+0000][1][safepoint    ] Safepoint "RevokeBias", Time since last: 5182631 ns, Reaching safepoint: 2924394 ns, At safepoint: 42641 ns, Total: 2967035 ns
[2020-09-11T13:59:19.083+0000][1][safepoint    ] Safepoint "RevokeBias", Time since last: 593034 ns, Reaching safepoint: 1791061 ns, At safepoint: 40834 ns, Total: 1831895 ns
[2020-09-11T13:59:19.149+0000][1][safepoint    ] Safepoint "RevokeBias", Time since last: 55960234 ns, Reaching safepoint: 9096042 ns, At safepoint: 57513 ns, Total: 9153555 ns
[2020-09-11T13:59:19.155+0000][1][safepoint    ] Safepoint "RevokeBias", Time since last: 6660936 ns, Reaching safepoint: 112298 ns, At safepoint: 59789 ns, Total: 172087 ns
[2020-09-11T13:59:19.156+0000][1][safepoint    ] Safepoint "RevokeBias", Time since last: 156074 ns, Reaching safepoint: 87567 ns, At safepoint: 35541 ns, Total: 123108 ns
[2020-09-11T13:59:19.156+0000][1][safepoint    ] Safepoint "RevokeBias", Time since last: 407515 ns, Reaching safepoint: 89662 ns, At safepoint: 38165 ns, Total: 127827 ns
[2020-09-11T13:59:19.189+0000][1][safepoint    ] Safepoint "RevokeBias", Time since last: 31809799 ns, Reaching safepoint: 591697 ns, At safepoint: 50002 ns, Total: 641699 ns
[2020-09-11T13:59:19.235+0000][1][safepoint    ] Safepoint "RevokeBias", Time since last: 46199147 ns, Reaching safepoint: 555401 ns, At safepoint: 17528 ns, Total: 572929 ns
[2020-09-11T13:59:19.238+0000][1][safepoint    ] Safepoint "RevokeBias", Time since last: 580390 ns, Reaching safepoint: 1812326 ns, At safepoint: 19184 ns, Total: 1831510 ns
[2020-09-11T13:59:19.536+0000][1][safepoint    ] Safepoint "RevokeBias", Time since last: 298161095 ns, Reaching safepoint: 124455 ns, At safepoint: 49716 ns, Total: 174171 ns
[2020-09-11T13:59:19.539+0000][1][safepoint    ] Safepoint "RevokeBias", Time since last: 2369968 ns, Reaching safepoint: 853369 ns, At safepoint: 29414 ns, Total: 882783 ns
[2020-09-11T13:59:19.547+0000][1][safepoint    ] Safepoint "RevokeBias", Time since last: 4624963 ns, Reaching safepoint: 3371629 ns, At safepoint: 32705 ns, Total: 3404334 ns
[2020-09-11T13:59:19.721+0000][1][safepoint    ] Safepoint "RevokeBias", Time since last: 173544014 ns, Reaching safepoint: 143180 ns, At safepoint: 17989 ns, Total: 161169 ns
[2020-09-11T13:59:19.726+0000][1][safepoint    ] Safepoint "RevokeBias", Time since last: 4527829 ns, Reaching safepoint: 124837 ns, At safepoint: 16975 ns, Total: 141812 ns
[2020-09-11T13:59:19.735+0000][1][safepoint    ] Safepoint "RevokeBias", Time since last: 9357524 ns, Reaching safepoint: 117957 ns, At safepoint: 23576 ns, Total: 141533 ns
[2020-09-11T13:59:19.752+0000][1][safepoint    ] Safepoint "RevokeBias", Time since last: 16060281 ns, Reaching safepoint: 122554 ns, At safepoint: 36346 ns, Total: 158900 ns
[2020-09-11T13:59:19.824+0000][1][safepoint    ] Safepoint "RevokeBias", Time since last: 71854284 ns, Reaching safepoint: 117992 ns, At safepoint: 18896 ns, Total: 136888 ns
[2020-09-11T13:59:19.824+0000][1][safepoint    ] Safepoint "RevokeBias", Time since last: 75376 ns, Reaching safepoint: 95351 ns, At safepoint: 13004 ns, Total: 108355 ns
[2020-09-11T13:59:19.869+0000][1][safepoint    ] Safepoint "RevokeBias", Time since last: 44767349 ns, Reaching safepoint: 120133 ns, At safepoint: 14232 ns, Total: 134365 ns
[2020-09-11T13:59:19.883+0000][1][safepoint    ] Safepoint "RevokeBias", Time since last: 14772042 ns, Reaching safepoint: 48989 ns, At safepoint: 14513 ns, Total: 63502 ns
[2020-09-11T13:59:19.884+0000][1][safepoint    ] Safepoint "BulkRevokeBias", Time since last: 477859 ns, Reaching safepoint: 20140 ns, At safepoint: 252210 ns, Total: 272350 ns
[2020-09-11T13:59:19.961+0000][1][safepoint    ] Safepoint "RevokeBias", Time since last: 67214940 ns, Reaching safepoint: 9080432 ns, At safepoint: 35656 ns, Total: 9116088 ns
[2020-09-11T13:59:19.971+0000][1][safepoint    ] Safepoint "RevokeBias", Time since last: 10613378 ns, Reaching safepoint: 117985 ns, At safepoint: 30367 ns, Total: 148352 ns
[2020-09-11T13:59:19.972+0000][1][safepoint    ] Safepoint "RevokeBias", Time since last: 563143 ns, Reaching safepoint: 91328 ns, At safepoint: 21237 ns, Total: 112565 ns
[2020-09-11T13:59:20.007+0000][1][safepoint    ] Safepoint "RevokeBias", Time since last: 17585930 ns, Reaching safepoint: 17853711 ns, At safepoint: 35134 ns, Total: 17888845 ns
[2020-09-11T13:59:20.129+0000][1][gc,start     ] GC(66) Pause Young (Allocation Failure)
[2020-09-11T13:59:20.129+0000][1][gc,task      ] GC(66) Using 1 workers of 1 for evacuation
[2020-09-11T13:59:20.226+0000][1][gc,age       ] GC(66) Desired survivor size 4358144 bytes, new threshold 6 (max threshold 6)
[2020-09-11T13:59:20.226+0000][1][gc,age       ] GC(66) Age table with threshold 6 (max threshold 6)
[2020-09-11T13:59:20.226+0000][1][gc,age       ] GC(66) - age   1:    1367240 bytes,    1367240 total
[2020-09-11T13:59:20.226+0000][1][gc,age       ] GC(66) - age   2:    1763320 bytes,    3130560 total
[2020-09-11T13:59:20.226+0000][1][gc,heap      ] GC(66) ParNew: 74360K->5396K(76672K)
[2020-09-11T13:59:20.226+0000][1][gc,heap      ] GC(66) CMS: 75639K->95496K(2011968K)
[2020-09-11T13:59:20.226+0000][1][gc,metaspace ] GC(66) Metaspace: 74443K->74443K(1118208K)
[2020-09-11T13:59:20.226+0000][1][gc           ] GC(66) Pause Young (Allocation Failure) 146M->98M(2039M) 97.441ms
[2020-09-11T13:59:20.226+0000][1][gc,cpu       ] GC(66) User=0.05s Sys=0.00s Real=0.10s
[2020-09-11T13:59:20.251+0000][1][safepoint    ] Safepoint "GenCollectForAllocation", Time since last: 117949575 ns, Reaching safepoint: 3067402 ns, At safepoint: 122931978 ns, Total: 125999380 ns
[2020-09-11T13:59:20.306+0000][1][safepoint    ] Safepoint "RevokeBias", Time since last: 54477884 ns, Reaching safepoint: 475427 ns, At safepoint: 20560 ns, Total: 495987 ns
[2020-09-11T13:59:20.307+0000][1][safepoint    ] Safepoint "RevokeBias", Time since last: 402096 ns, Reaching safepoint: 98063 ns, At safepoint: 15137 ns, Total: 113200 ns
[2020-09-11T13:59:20.307+0000][1][safepoint    ] Safepoint "RevokeBias", Time since last: 212812 ns, Reaching safepoint: 95010 ns, At safepoint: 13399 ns, Total: 108409 ns
[2020-09-11T13:59:20.508+0000][1][safepoint    ] Safepoint "RevokeBias", Time since last: 200683319 ns, Reaching safepoint: 119119 ns, At safepoint: 48133 ns, Total: 167252 ns
[2020-09-11T13:59:20.659+0000][1][safepoint    ] Safepoint "RevokeBias", Time since last: 145863133 ns, Reaching safepoint: 4645986 ns, At safepoint: 26019 ns, Total: 4672005 ns
[2020-09-11T13:59:20.724+0000][1][safepoint    ] Safepoint "RevokeBias", Time since last: 64795813 ns, Reaching safepoint: 468947 ns, At safepoint: 19441 ns, Total: 488388 ns
[2020-09-11T13:59:20.728+0000][1][safepoint    ] Safepoint "RevokeBias", Time since last: 3509512 ns, Reaching safepoint: 185283 ns, At safepoint: 18196 ns, Total: 203479 ns
[2020-09-11T13:59:20.728+0000][1][safepoint    ] Safepoint "RevokeBias", Time since last: 69719 ns, Reaching safepoint: 96734 ns, At safepoint: 13384 ns, Total: 110118 ns
[2020-09-11T13:59:20.728+0000][1][safepoint    ] Safepoint "RevokeBias", Time since last: 193459 ns, Reaching safepoint: 90475 ns, At safepoint: 13226 ns, Total: 103701 ns
[2020-09-11T13:59:20.729+0000][1][safepoint    ] Safepoint "RevokeBias", Time since last: 859163 ns, Reaching safepoint: 92562 ns, At safepoint: 13590 ns, Total: 106152 ns
[2020-09-11T13:59:20.729+0000][1][safepoint    ] Safepoint "RevokeBias", Time since last: 271324 ns, Reaching safepoint: 91598 ns, At safepoint: 13235 ns, Total: 104833 ns
[2020-09-11T13:59:20.759+0000][1][safepoint    ] Safepoint "RevokeBias", Time since last: 29480970 ns, Reaching safepoint: 119774 ns, At safepoint: 37661 ns, Total: 157435 ns
[2020-09-11T13:59:20.776+0000][1][safepoint    ] Safepoint "RevokeBias", Time since last: 13539649 ns, Reaching safepoint: 3194534 ns, At safepoint: 21409 ns, Total: 3215943 ns
[2020-09-11T13:59:20.935+0000][1][safepoint    ] Safepoint "RevokeBias", Time since last: 158875614 ns, Reaching safepoint: 66712 ns, At safepoint: 20940 ns, Total: 87652 ns
[2020-09-11T13:59:21.050+0000][1][safepoint    ] Safepoint "Deoptimize", Time since last: 115185677 ns, Reaching safepoint: 122666 ns, At safepoint: 371706 ns, Total: 494372 ns
[2020-09-11T13:59:21.158+0000][1][safepoint    ] Safepoint "RevokeBias", Time since last: 107691957 ns, Reaching safepoint: 143892 ns, At safepoint: 20732 ns, Total: 164624 ns
[2020-09-11T13:59:21.159+0000][1][safepoint    ] Safepoint "RevokeBias", Time since last: 69823 ns, Reaching safepoint: 96608 ns, At safepoint: 14544 ns, Total: 111152 ns
[2020-09-11T13:59:21.176+0000][1][safepoint    ] Safepoint "RevokeBias", Time since last: 16882235 ns, Reaching safepoint: 112402 ns, At safepoint: 18166 ns, Total: 130568 ns
[2020-09-11T13:59:21.176+0000][1][safepoint    ] Safepoint "RevokeBias", Time since last: 74239 ns, Reaching safepoint: 16841 ns, At safepoint: 12031 ns, Total: 28872 ns
[2020-09-11T13:59:21.176+0000][1][safepoint    ] Safepoint "RevokeBias", Time since last: 37316 ns, Reaching safepoint: 15362 ns, At safepoint: 10785 ns, Total: 26147 ns
[2020-09-11T13:59:21.176+0000][1][safepoint    ] Safepoint "RevokeBias", Time since last: 210154 ns, Reaching safepoint: 17997 ns, At safepoint: 11295 ns, Total: 29292 ns
[2020-09-11T13:59:21.187+0000][1][safepoint    ] Safepoint "RevokeBias", Time since last: 10720287 ns, Reaching safepoint: 121337 ns, At safepoint: 17753 ns, Total: 139090 ns
[2020-09-11T13:59:21.187+0000][1][safepoint    ] Safepoint "RevokeBias", Time since last: 113603 ns, Reaching safepoint: 22179 ns, At safepoint: 12130 ns, Total: 34309 ns
[2020-09-11T13:59:22.187+0000][1][safepoint    ] Safepoint "RevokeBias", Time since last: 999685683 ns, Reaching safepoint: 124805 ns, At safepoint: 17246 ns, Total: 142051 ns
[2020-09-11T13:59:22.187+0000][1][safepoint    ] Safepoint "BulkRevokeBias", Time since last: 88238 ns, Reaching safepoint: 88020 ns, At safepoint: 221349 ns, Total: 309369 ns
[2020-09-11T13:59:22.187+0000][1][safepoint    ] Safepoint "BulkRevokeBias", Time since last: 43665 ns, Reaching safepoint: 17516 ns, At safepoint: 72420 ns, Total: 89936 ns
[2020-09-11T13:59:22.188+0000][1][safepoint    ] Safepoint "RevokeBias", Time since last: 181327 ns, Reaching safepoint: 88357 ns, At safepoint: 11116 ns, Total: 99473 ns
[2020-09-11T13:59:22.300+0000][1][safepoint    ] Safepoint "RevokeBias", Time since last: 111861470 ns, Reaching safepoint: 134110 ns, At safepoint: 23296 ns, Total: 157406 ns
[2020-09-11T13:59:22.313+0000][1][safepoint    ] Safepoint "RevokeBias", Time since last: 13376030 ns, Reaching safepoint: 120064 ns, At safepoint: 17607 ns, Total: 137671 ns
[2020-09-11T13:59:22.313+0000][1][safepoint    ] Safepoint "RevokeBias", Time since last: 126478 ns, Reaching safepoint: 17710 ns, At safepoint: 11782 ns, Total: 29492 ns
[2020-09-11T13:59:22.327+0000][1][safepoint    ] Safepoint "RevokeBias", Time since last: 13223744 ns, Reaching safepoint: 118222 ns, At safepoint: 16381 ns, Total: 134603 ns
[2020-09-11T13:59:22.327+0000][1][safepoint    ] Safepoint "RevokeBias", Time since last: 673441 ns, Reaching safepoint: 106298 ns, At safepoint: 12251 ns, Total: 118549 ns
[2020-09-11T13:59:22.366+0000][1][safepoint    ] Safepoint "RevokeBias", Time since last: 38392083 ns, Reaching safepoint: 118982 ns, At safepoint: 16173 ns, Total: 135155 ns
[2020-09-11T13:59:22.370+0000][1][safepoint    ] Safepoint "RevokeBias", Time since last: 3858216 ns, Reaching safepoint: 141482 ns, At safepoint: 17357 ns, Total: 158839 ns
[2020-09-11T13:59:22.379+0000][1][safepoint    ] Safepoint "RevokeBias", Time since last: 9248952 ns, Reaching safepoint: 111927 ns, At safepoint: 18997 ns, Total: 130924 ns
[2020-09-11T13:59:23.381+0000][1][safepoint    ] Safepoint "Cleanup", Time since last: 1001648435 ns, Reaching safepoint: 110652 ns, At safepoint: 5614 ns, Total: 116266 ns
[2020-09-11T13:59:24.381+0000][1][safepoint    ] Safepoint "Cleanup", Time since last: 1000189401 ns, Reaching safepoint: 133139 ns, At safepoint: 18533 ns, Total: 151672 ns
[2020-09-11T13:59:25.382+0000][1][safepoint    ] Safepoint "Cleanup", Time since last: 1000185073 ns, Reaching safepoint: 105258 ns, At safepoint: 17055 ns, Total: 122313 ns
[2020-09-11T13:59:26.383+0000][1][safepoint    ] Safepoint "Cleanup", Time since last: 1001319575 ns, Reaching safepoint: 85708 ns, At safepoint: 7484 ns, Total: 93192 ns
[2020-09-11T13:59:27.383+0000][1][safepoint    ] Safepoint "Cleanup", Time since last: 1000175723 ns, Reaching safepoint: 99024 ns, At safepoint: 8199 ns, Total: 107223 ns
[2020-09-11T13:59:28.384+0000][1][safepoint    ] Safepoint "Cleanup", Time since last: 1000506985 ns, Reaching safepoint: 107727 ns, At safepoint: 19144 ns, Total: 126871 ns
[2020-09-11T13:59:29.384+0000][1][safepoint    ] Safepoint "Cleanup", Time since last: 1000169110 ns, Reaching safepoint: 111416 ns, At safepoint: 18893 ns, Total: 130309 ns
[2020-09-11T13:59:30.385+0000][1][safepoint    ] Safepoint "Cleanup", Time since last: 1000178659 ns, Reaching safepoint: 106839 ns, At safepoint: 18693 ns, Total: 125532 ns
[2020-09-11T13:59:31.386+0000][1][safepoint    ] Safepoint "Cleanup", Time since last: 1001036389 ns, Reaching safepoint: 61279 ns, At safepoint: 8859 ns, Total: 70138 ns
[2020-09-11T13:59:32.386+0000][1][safepoint    ] Safepoint "Cleanup", Time since last: 1000184174 ns, Reaching safepoint: 117806 ns, At safepoint: 19422 ns, Total: 137228 ns
[2020-09-11T13:59:33.387+0000][1][safepoint    ] Safepoint "Cleanup", Time since last: 1000476018 ns, Reaching safepoint: 113864 ns, At safepoint: 17290 ns, Total: 131154 ns
[2020-09-11T13:59:34.387+0000][1][safepoint    ] Safepoint "Cleanup", Time since last: 1000167312 ns, Reaching safepoint: 93352 ns, At safepoint: 6655 ns, Total: 100007 ns
[2020-09-11T13:59:35.387+0000][1][safepoint    ] Safepoint "Cleanup", Time since last: 1000138192 ns, Reaching safepoint: 105098 ns, At safepoint: 7090 ns, Total: 112188 ns
[2020-09-11T13:59:37.407+0000][1][safepoint    ] Safepoint "Cleanup", Time since last: 2019149361 ns, Reaching safepoint: 103587 ns, At safepoint: 17226 ns, Total: 120813 ns
[2020-09-11T13:59:39.407+0000][1][safepoint    ] Safepoint "Cleanup", Time since last: 2000286780 ns, Reaching safepoint: 108282 ns, At safepoint: 14981 ns, Total: 123263 ns
[2020-09-11T13:59:40.407+0000][1][safepoint    ] Safepoint "Cleanup", Time since last: 1000261776 ns, Reaching safepoint: 102556 ns, At safepoint: 14870 ns, Total: 117426 ns
[2020-09-11T13:59:42.409+0000][1][safepoint    ] Safepoint "Cleanup", Time since last: 2001198032 ns, Reaching safepoint: 117944 ns, At safepoint: 19769 ns, Total: 137713 ns
[2020-09-11T13:59:43.409+0000][1][safepoint    ] Safepoint "Cleanup", Time since last: 1000239378 ns, Reaching safepoint: 114516 ns, At safepoint: 18426 ns, Total: 132942 ns
[2020-09-11T13:59:44.409+0000][1][safepoint    ] Safepoint "Cleanup", Time since last: 1000203251 ns, Reaching safepoint: 121843 ns, At safepoint: 18623 ns, Total: 140466 ns
[2020-09-11T13:59:45.410+0000][1][safepoint    ] Safepoint "Cleanup", Time since last: 1000214711 ns, Reaching safepoint: 115616 ns, At safepoint: 18425 ns, Total: 134041 ns
[2020-09-11T13:59:46.411+0000][1][safepoint    ] Safepoint "Cleanup", Time since last: 1001217466 ns, Reaching safepoint: 78897 ns, At safepoint: 7107 ns, Total: 86004 ns
[2020-09-11T13:59:48.411+0000][1][safepoint    ] Safepoint "Cleanup", Time since last: 2000255737 ns, Reaching safepoint: 58239 ns, At safepoint: 7523 ns, Total: 65762 ns
[2020-09-11T13:59:49.415+0000][1][safepoint    ] Safepoint "Cleanup", Time since last: 1003844581 ns, Reaching safepoint: 108663 ns, At safepoint: 15893 ns, Total: 124556 ns
[2020-09-11T13:59:50.416+0000][1][safepoint    ] Safepoint "Cleanup", Time since last: 1000288739 ns, Reaching safepoint: 111115 ns, At safepoint: 18445 ns, Total: 129560 ns
[2020-09-11T13:59:51.417+0000][1][safepoint    ] Safepoint "Cleanup", Time since last: 1001025658 ns, Reaching safepoint: 56400 ns, At safepoint: 6529 ns, Total: 62929 ns
[2020-09-11T13:59:52.419+0000][1][safepoint    ] Safepoint "Cleanup", Time since last: 1002603808 ns, Reaching safepoint: 59083 ns, At safepoint: 6466 ns, Total: 65549 ns
[2020-09-11T13:59:53.595+0000][1][gc,start     ] GC(67) Pause Young (Allocation Failure)
[2020-09-11T13:59:53.596+0000][1][gc,task      ] GC(67) Using 1 workers of 1 for evacuation
[2020-09-11T13:59:53.617+0000][1][gc,age       ] GC(67) Desired survivor size 4358144 bytes, new threshold 6 (max threshold 6)
[2020-09-11T13:59:53.617+0000][1][gc,age       ] GC(67) Age table with threshold 6 (max threshold 6)
[2020-09-11T13:59:53.617+0000][1][gc,age       ] GC(67) - age   1:     987984 bytes,     987984 total
[2020-09-11T13:59:53.617+0000][1][gc,age       ] GC(67) - age   2:    1171360 bytes,    2159344 total
[2020-09-11T13:59:53.617+0000][1][gc,age       ] GC(67) - age   3:    1704808 bytes,    3864152 total
[2020-09-11T13:59:53.617+0000][1][gc,heap      ] GC(67) ParNew: 73556K->4991K(76672K)
[2020-09-11T13:59:53.617+0000][1][gc,heap      ] GC(67) CMS: 95496K->95496K(2011968K)
[2020-09-11T13:59:53.617+0000][1][gc,metaspace ] GC(67) Metaspace: 76866K->76866K(1120256K)
[2020-09-11T13:59:53.617+0000][1][gc           ] GC(67) Pause Young (Allocation Failure) 165M->98M(2039M) 21.686ms
[2020-09-11T13:59:53.617+0000][1][gc,cpu       ] GC(67) User=0.02s Sys=0.00s Real=0.02s
[2020-09-11T13:59:53.617+0000][1][safepoint    ] Safepoint "GenCollectForAllocation", Time since last: 1175797077 ns, Reaching safepoint: 176858 ns, At safepoint: 21759026 ns, Total: 21935884 ns
[2020-09-11T13:59:54.625+0000][1][safepoint    ] Safepoint "Cleanup", Time since last: 1007455754 ns, Reaching safepoint: 108269 ns, At safepoint: 17660 ns, Total: 125929 ns
[2020-09-11T13:59:56.625+0000][1][safepoint    ] Safepoint "Cleanup", Time since last: 2000357648 ns, Reaching safepoint: 85714 ns, At safepoint: 7483 ns, Total: 93197 ns
[2020-09-11T13:59:57.626+0000][1][safepoint    ] Safepoint "Cleanup", Time since last: 1000183416 ns, Reaching safepoint: 111121 ns, At safepoint: 16111 ns, Total: 127232 ns
[2020-09-11T13:59:58.626+0000][1][safepoint    ] Safepoint "Cleanup", Time since last: 1000168026 ns, Reaching safepoint: 190190 ns, At safepoint: 17203 ns, Total: 207393 ns
[2020-09-11T13:59:59.626+0000][1][safepoint    ] Safepoint "Cleanup", Time since last: 1000173972 ns, Reaching safepoint: 72097 ns, At safepoint: 7699 ns, Total: 79796 ns
[2020-09-11T14:00:01.627+0000][1][safepoint    ] Safepoint "Cleanup", Time since last: 2000281791 ns, Reaching safepoint: 121055 ns, At safepoint: 16959 ns, Total: 138014 ns
[2020-09-11T14:00:02.627+0000][1][safepoint    ] Safepoint "Cleanup", Time since last: 1000229491 ns, Reaching safepoint: 74351 ns, At safepoint: 7111 ns, Total: 81462 ns
[2020-09-11T14:00:05.628+0000][1][safepoint    ] Safepoint "Cleanup", Time since last: 3000490081 ns, Reaching safepoint: 114322 ns, At safepoint: 17109 ns, Total: 131431 ns
[2020-09-11T14:00:06.628+0000][1][safepoint    ] Safepoint "Cleanup", Time since last: 1000223987 ns, Reaching safepoint: 86073 ns, At safepoint: 15916 ns, Total: 101989 ns
[2020-09-11T14:00:08.628+0000][1][safepoint    ] Safepoint "Cleanup", Time since last: 2000314891 ns, Reaching safepoint: 107062 ns, At safepoint: 17557 ns, Total: 124619 ns
[2020-09-11T14:00:10.629+0000][1][safepoint    ] Safepoint "Cleanup", Time since last: 2000326464 ns, Reaching safepoint: 102063 ns, At safepoint: 7089 ns, Total: 109152 ns
[2020-09-11T14:00:11.630+0000][1][safepoint    ] Safepoint "Cleanup", Time since last: 1000768360 ns, Reaching safepoint: 118118 ns, At safepoint: 16250 ns, Total: 134368 ns
[2020-09-11T14:00:12.630+0000][1][safepoint    ] Safepoint "Cleanup", Time since last: 1000217415 ns, Reaching safepoint: 86204 ns, At safepoint: 6294 ns, Total: 92498 ns
[2020-09-11T14:00:13.630+0000][1][safepoint    ] Safepoint "Cleanup", Time since last: 1000139584 ns, Reaching safepoint: 116788 ns, At safepoint: 14904 ns, Total: 131692 ns
[2020-09-11T14:00:14.631+0000][1][safepoint    ] Safepoint "Cleanup", Time since last: 1000216771 ns, Reaching safepoint: 124486 ns, At safepoint: 18064 ns, Total: 142550 ns
[2020-09-11T14:00:17.631+0000][1][safepoint    ] Safepoint "Cleanup", Time since last: 3000467619 ns, Reaching safepoint: 113574 ns, At safepoint: 16515 ns, Total: 130089 ns
[2020-09-11T14:00:19.632+0000][1][safepoint    ] Safepoint "Cleanup", Time since last: 2000467505 ns, Reaching safepoint: 85873 ns, At safepoint: 7312 ns, Total: 93185 ns
[2020-09-11T14:00:21.632+0000][1][safepoint    ] Safepoint "Cleanup", Time since last: 2000324749 ns, Reaching safepoint: 128759 ns, At safepoint: 16150 ns, Total: 144909 ns
[2020-09-11T14:00:22.633+0000][1][safepoint    ] Safepoint "Cleanup", Time since last: 1000237766 ns, Reaching safepoint: 152069 ns, At safepoint: 17383 ns, Total: 169452 ns
[2020-09-11T14:00:23.633+0000][1][safepoint    ] Safepoint "Cleanup", Time since last: 1000199618 ns, Reaching safepoint: 87737 ns, At safepoint: 7214 ns, Total: 94951 ns
[2020-09-11T14:00:24.633+0000][1][safepoint    ] Safepoint "Cleanup", Time since last: 1000196919 ns, Reaching safepoint: 137559 ns, At safepoint: 18145 ns, Total: 155704 ns
[2020-09-11T14:00:25.634+0000][1][safepoint    ] Safepoint "Cleanup", Time since last: 1000216308 ns, Reaching safepoint: 91158 ns, At safepoint: 5884 ns, Total: 97042 ns
[2020-09-11T14:00:26.634+0000][1][safepoint    ] Safepoint "Cleanup", Time since last: 1000171617 ns, Reaching safepoint: 95871 ns, At safepoint: 6875 ns, Total: 102746 ns
[2020-09-11T14:00:29.634+0000][1][safepoint    ] Safepoint "Cleanup", Time since last: 3000466668 ns, Reaching safepoint: 129207 ns, At safepoint: 18569 ns, Total: 147776 ns
[2020-09-11T14:00:30.635+0000][1][safepoint    ] Safepoint "Cleanup", Time since last: 1000213849 ns, Reaching safepoint: 85880 ns, At safepoint: 7490 ns, Total: 93370 ns
[2020-09-11T14:00:31.635+0000][1][safepoint    ] Safepoint "Cleanup", Time since last: 1000176648 ns, Reaching safepoint: 86455 ns, At safepoint: 7833 ns, Total: 94288 ns
[2020-09-11T14:00:32.635+0000][1][safepoint    ] Safepoint "Cleanup", Time since last: 1000193934 ns, Reaching safepoint: 80152 ns, At safepoint: 7780 ns, Total: 87932 ns
[2020-09-11T14:00:33.636+0000][1][safepoint    ] Safepoint "Cleanup", Time since last: 1000164090 ns, Reaching safepoint: 80929 ns, At safepoint: 7758 ns, Total: 88687 ns
[2020-09-11T14:00:34.636+0000][1][safepoint    ] Safepoint "Cleanup", Time since last: 1000109365 ns, Reaching safepoint: 61924 ns, At safepoint: 6659 ns, Total: 68583 ns
[2020-09-11T14:00:35.637+0000][1][safepoint    ] Safepoint "Cleanup", Time since last: 1000796720 ns, Reaching safepoint: 115852 ns, At safepoint: 14998 ns, Total: 130850 ns
[2020-09-11T14:00:36.637+0000][1][safepoint    ] Safepoint "Cleanup", Time since last: 1000247209 ns, Reaching safepoint: 102150 ns, At safepoint: 7529 ns, Total: 109679 ns
[2020-09-11T14:00:37.637+0000][1][safepoint    ] Safepoint "Cleanup", Time since last: 1000200304 ns, Reaching safepoint: 91572 ns, At safepoint: 5997 ns, Total: 97569 ns
[2020-09-11T14:00:38.638+0000][1][safepoint    ] Safepoint "Cleanup", Time since last: 1000159056 ns, Reaching safepoint: 97113 ns, At safepoint: 7830 ns, Total: 104943 ns
[2020-09-11T14:00:39.638+0000][1][safepoint    ] Safepoint "Cleanup", Time since last: 1000187159 ns, Reaching safepoint: 97224 ns, At safepoint: 6707 ns, Total: 103931 ns
[2020-09-11T14:00:40.638+0000][1][safepoint    ] Safepoint "Cleanup", Time since last: 1000194512 ns, Reaching safepoint: 85318 ns, At safepoint: 6656 ns, Total: 91974 ns
[2020-09-11T14:00:41.639+0000][1][safepoint    ] Safepoint "Cleanup", Time since last: 1000176250 ns, Reaching safepoint: 119781 ns, At safepoint: 16385 ns, Total: 136166 ns
[2020-09-11T14:00:42.639+0000][1][safepoint    ] Safepoint "Cleanup", Time since last: 1000217244 ns, Reaching safepoint: 117343 ns, At safepoint: 16541 ns, Total: 133884 ns
[2020-09-11T14:00:43.639+0000][1][safepoint    ] Safepoint "Cleanup", Time since last: 1000195352 ns, Reaching safepoint: 81499 ns, At safepoint: 5505 ns, Total: 87004 ns
[2020-09-11T14:00:44.639+0000][1][safepoint    ] Safepoint "Cleanup", Time since last: 1000163307 ns, Reaching safepoint: 135781 ns, At safepoint: 15252 ns, Total: 151033 ns
[2020-09-11T14:00:45.640+0000][1][safepoint    ] Safepoint "Cleanup", Time since last: 1000189843 ns, Reaching safepoint: 79318 ns, At safepoint: 5762 ns, Total: 85080 ns
[2020-09-11T14:00:46.640+0000][1][safepoint    ] Safepoint "Cleanup", Time since last: 1000174069 ns, Reaching safepoint: 88519 ns, At safepoint: 7623 ns, Total: 96142 ns
[2020-09-11T14:00:47.640+0000][1][safepoint    ] Safepoint "Cleanup", Time since last: 1000189815 ns, Reaching safepoint: 89906 ns, At safepoint: 6087 ns, Total: 95993 ns
[2020-09-11T14:00:48.641+0000][1][safepoint    ] Safepoint "Cleanup", Time since last: 1000138845 ns, Reaching safepoint: 100393 ns, At safepoint: 17223 ns, Total: 117616 ns
[2020-09-11T14:00:49.641+0000][1][safepoint    ] Safepoint "Cleanup", Time since last: 1000187146 ns, Reaching safepoint: 118365 ns, At safepoint: 15559 ns, Total: 133924 ns
[2020-09-11T14:00:50.641+0000][1][safepoint    ] Safepoint "Cleanup", Time since last: 1000212387 ns, Reaching safepoint: 79584 ns, At safepoint: 6836 ns, Total: 86420 ns
[2020-09-11T14:00:51.641+0000][1][safepoint    ] Safepoint "Cleanup", Time since last: 1000183458 ns, Reaching safepoint: 83431 ns, At safepoint: 6717 ns, Total: 90148 ns
[2020-09-11T14:00:52.642+0000][1][safepoint    ] Safepoint "Cleanup", Time since last: 1000166481 ns, Reaching safepoint: 83961 ns, At safepoint: 6691 ns, Total: 90652 ns
[2020-09-11T14:00:53.642+0000][1][safepoint    ] Safepoint "Cleanup", Time since last: 1000157494 ns, Reaching safepoint: 80662 ns, At safepoint: 6112 ns, Total: 86774 ns
[2020-09-11T14:00:54.642+0000][1][safepoint    ] Safepoint "Cleanup", Time since last: 1000122639 ns, Reaching safepoint: 105479 ns, At safepoint: 6699 ns, Total: 112178 ns
[2020-09-11T14:00:55.642+0000][1][safepoint    ] Safepoint "Cleanup", Time since last: 1000177222 ns, Reaching safepoint: 111393 ns, At safepoint: 18292 ns, Total: 129685 ns
[2020-09-11T14:00:56.643+0000][1][safepoint    ] Safepoint "Cleanup", Time since last: 1000212475 ns, Reaching safepoint: 108158 ns, At safepoint: 17083 ns, Total: 125241 ns
[2020-09-11T14:00:57.644+0000][1][safepoint    ] Safepoint "Cleanup", Time since last: 1001020605 ns, Reaching safepoint: 105051 ns, At safepoint: 16050 ns, Total: 121101 ns
[2020-09-11T14:00:58.644+0000][1][safepoint    ] Safepoint "Cleanup", Time since last: 1000241586 ns, Reaching safepoint: 105923 ns, At safepoint: 16849 ns, Total: 122772 ns
[2020-09-11T14:00:59.645+0000][1][safepoint    ] Safepoint "Cleanup", Time since last: 1000197539 ns, Reaching safepoint: 112097 ns, At safepoint: 17300 ns, Total: 129397 ns
[2020-09-11T14:01:00.645+0000][1][safepoint    ] Safepoint "Cleanup", Time since last: 1000227193 ns, Reaching safepoint: 111513 ns, At safepoint: 16915 ns, Total: 128428 ns
[2020-09-11T14:01:01.645+0000][1][safepoint    ] Safepoint "Cleanup", Time since last: 1000164464 ns, Reaching safepoint: 118448 ns, At safepoint: 15315 ns, Total: 133763 ns
[2020-09-11T14:01:02.646+0000][1][safepoint    ] Safepoint "Cleanup", Time since last: 1000146817 ns, Reaching safepoint: 69799 ns, At safepoint: 7437 ns, Total: 77236 ns
[2020-09-11T14:01:03.646+0000][1][safepoint    ] Safepoint "Cleanup", Time since last: 1000126781 ns, Reaching safepoint: 85801 ns, At safepoint: 9370 ns, Total: 95171 ns
[2020-09-11T14:01:04.646+0000][1][safepoint    ] Safepoint "Cleanup", Time since last: 1000126780 ns, Reaching safepoint: 68464 ns, At safepoint: 9036 ns, Total: 77500 ns
[2020-09-11T14:01:05.303+0000][1][safepoint    ] Safepoint "RevokeBias", Time since last: 655884880 ns, Reaching safepoint: 659425 ns, At safepoint: 31633 ns, Total: 691058 ns
[2020-09-11T14:01:05.319+0000][1][safepoint    ] Safepoint "RevokeBias", Time since last: 14867422 ns, Reaching safepoint: 2052801 ns, At safepoint: 12132 ns, Total: 2064933 ns
[2020-09-11T14:01:05.320+0000][1][safepoint    ] Safepoint "RevokeBias", Time since last: 63311 ns, Reaching safepoint: 108739 ns, At safepoint: 7336 ns, Total: 116075 ns
[2020-09-11T14:01:05.320+0000][1][safepoint    ] Safepoint "RevokeBias", Time since last: 42641 ns, Reaching safepoint: 101425 ns, At safepoint: 6663 ns, Total: 108088 ns
[2020-09-11T14:01:05.415+0000][1][safepoint    ] Safepoint "Deoptimize", Time since last: 94509511 ns, Reaching safepoint: 155651 ns, At safepoint: 570452 ns, Total: 726103 ns
[2020-09-11T14:01:05.449+0000][1][safepoint    ] Safepoint "RevokeBias", Time since last: 33940904 ns, Reaching safepoint: 138546 ns, At safepoint: 23271 ns, Total: 161817 ns
[2020-09-11T14:01:05.498+0000][1][safepoint    ] Safepoint "RevokeBias", Time since last: 48455423 ns, Reaching safepoint: 134920 ns, At safepoint: 7641 ns, Total: 142561 ns
[2020-09-11T14:01:05.502+0000][1][safepoint    ] Safepoint "RevokeBias", Time since last: 4142148 ns, Reaching safepoint: 133607 ns, At safepoint: 24085 ns, Total: 157692 ns
[2020-09-11T14:01:05.510+0000][1][gc,start     ] GC(68) Pause Young (Allocation Failure)
[2020-09-11T14:01:05.510+0000][1][gc,task      ] GC(68) Using 1 workers of 1 for evacuation
[2020-09-11T14:01:05.556+0000][1][gc,age       ] GC(68) Desired survivor size 4358144 bytes, new threshold 6 (max threshold 6)
[2020-09-11T14:01:05.556+0000][1][gc,age       ] GC(68) Age table with threshold 6 (max threshold 6)
[2020-09-11T14:01:05.556+0000][1][gc,age       ] GC(68) - age   1:     228728 bytes,     228728 total
[2020-09-11T14:01:05.556+0000][1][gc,age       ] GC(68) - age   2:     968528 bytes,    1197256 total
[2020-09-11T14:01:05.556+0000][1][gc,age       ] GC(68) - age   3:    1168232 bytes,    2365488 total
[2020-09-11T14:01:05.556+0000][1][gc,age       ] GC(68) - age   4:    1702128 bytes,    4067616 total
[2020-09-11T14:01:05.556+0000][1][gc,heap      ] GC(68) ParNew: 73151K->6908K(76672K)
[2020-09-11T14:01:05.556+0000][1][gc,heap      ] GC(68) CMS: 95496K->95496K(2011968K)
[2020-09-11T14:01:05.556+0000][1][gc,metaspace ] GC(68) Metaspace: 77845K->77845K(1120256K)
[2020-09-11T14:01:05.556+0000][1][gc           ] GC(68) Pause Young (Allocation Failure) 164M->100M(2039M) 46.604ms
[2020-09-11T14:01:05.556+0000][1][gc,cpu       ] GC(68) User=0.02s Sys=0.00s Real=0.05s
[2020-09-11T14:01:05.564+0000][1][safepoint    ] Safepoint "GenCollectForAllocation", Time since last: 7064683 ns, Reaching safepoint: 557885 ns, At safepoint: 53876904 ns, Total: 54434789 ns
[2020-09-11T14:01:05.579+0000][1][safepoint    ] Safepoint "RevokeBias", Time since last: 8597624 ns, Reaching safepoint: 53072 ns, At safepoint: 7262747 ns, Total: 7315819 ns
[2020-09-11T14:01:05.582+0000][1][safepoint    ] Safepoint "RevokeBias", Time since last: 2423915 ns, Reaching safepoint: 126317 ns, At safepoint: 8025 ns, Total: 134342 ns
[2020-09-11T14:01:06.085+0000][1][safepoint    ] Safepoint "RevokeBias", Time since last: 502382229 ns, Reaching safepoint: 144098 ns, At safepoint: 14384 ns, Total: 158482 ns
[2020-09-11T14:01:07.085+0000][1][safepoint    ] Safepoint "Cleanup", Time since last: 1000106493 ns, Reaching safepoint: 84286 ns, At safepoint: 7791 ns, Total: 92077 ns
[2020-09-11T14:01:08.085+0000][1][safepoint    ] Safepoint "Cleanup", Time since last: 1000129675 ns, Reaching safepoint: 62193 ns, At safepoint: 7061 ns, Total: 69254 ns
[2020-09-11T14:01:09.086+0000][1][safepoint    ] Safepoint "Cleanup", Time since last: 1001048501 ns, Reaching safepoint: 70656 ns, At safepoint: 6313 ns, Total: 76969 ns
[2020-09-11T14:01:09.514+0000][1][safepoint    ] Safepoint "RevokeBias", Time since last: 427995242 ns, Reaching safepoint: 132040 ns, At safepoint: 20409 ns, Total: 152449 ns
[2020-09-11T14:01:09.515+0000][1][safepoint    ] Safepoint "RevokeBias", Time since last: 929825 ns, Reaching safepoint: 112013 ns, At safepoint: 6337 ns, Total: 118350 ns
[2020-09-11T14:01:09.535+0000][1][safepoint    ] Safepoint "RevokeBias", Time since last: 17326570 ns, Reaching safepoint: 2799188 ns, At safepoint: 32996 ns, Total: 2832184 ns
[2020-09-11T14:01:09.644+0000][1][safepoint    ] Safepoint "RevokeBias", Time since last: 104503792 ns, Reaching safepoint: 3576924 ns, At safepoint: 15368 ns, Total: 3592292 ns
[2020-09-11T14:01:09.851+0000][1][safepoint    ] Safepoint "Deoptimize", Time since last: 206410183 ns, Reaching safepoint: 151716 ns, At safepoint: 482808 ns, Total: 634524 ns
[2020-09-11T14:01:09.890+0000][1][safepoint    ] Safepoint "Deoptimize", Time since last: 39173497 ns, Reaching safepoint: 57663 ns, At safepoint: 450789 ns, Total: 508452 ns
[2020-09-11T14:01:09.909+0000][1][safepoint    ] Safepoint "Deoptimize", Time since last: 17888137 ns, Reaching safepoint: 156231 ns, At safepoint: 441638 ns, Total: 597869 ns
[2020-09-11T14:01:09.936+0000][1][safepoint    ] Safepoint "Deoptimize", Time since last: 16795372 ns, Reaching safepoint: 9709941 ns, At safepoint: 515237 ns, Total: 10225178 ns
[2020-09-11T14:01:11.025+0000][1][safepoint    ] Safepoint "Cleanup", Time since last: 1088943419 ns, Reaching safepoint: 88951 ns, At safepoint: 5940 ns, Total: 94891 ns
[2020-09-11T14:01:12.025+0000][1][safepoint    ] Safepoint "Cleanup", Time since last: 1000114036 ns, Reaching safepoint: 69154 ns, At safepoint: 7876 ns, Total: 77030 ns
[2020-09-11T14:01:13.025+0000][1][safepoint    ] Safepoint "Cleanup", Time since last: 1000107581 ns, Reaching safepoint: 58693 ns, At safepoint: 6925 ns, Total: 65618 ns
[2020-09-11T14:01:14.025+0000][1][safepoint    ] Safepoint "Cleanup", Time since last: 1000137254 ns, Reaching safepoint: 72330 ns, At safepoint: 7743 ns, Total: 80073 ns
[2020-09-11T14:01:14.584+0000][1][safepoint    ] Safepoint "RevokeBias", Time since last: 554018064 ns, Reaching safepoint: 4210673 ns, At safepoint: 28512 ns, Total: 4239185 ns
[2020-09-11T14:01:15.103+0000][1][safepoint    ] Safepoint "RevokeBias", Time since last: 516607825 ns, Reaching safepoint: 3242348 ns, At safepoint: 29319 ns, Total: 3271667 ns
[2020-09-11T14:01:16.104+0000][1][safepoint    ] Safepoint "Cleanup", Time since last: 1000115294 ns, Reaching safepoint: 71183 ns, At safepoint: 7304 ns, Total: 78487 ns
[2020-09-11T14:01:17.104+0000][1][safepoint    ] Safepoint "Cleanup", Time since last: 1000116565 ns, Reaching safepoint: 72216 ns, At safepoint: 7480 ns, Total: 79696 ns
[2020-09-11T14:01:18.104+0000][1][safepoint    ] Safepoint "Cleanup", Time since last: 1000113760 ns, Reaching safepoint: 68290 ns, At safepoint: 7801 ns, Total: 76091 ns
[2020-09-11T14:01:19.104+0000][1][safepoint    ] Safepoint "Cleanup", Time since last: 1000117949 ns, Reaching safepoint: 70956 ns, At safepoint: 7526 ns, Total: 78482 ns
[2020-09-11T14:01:20.104+0000][1][safepoint    ] Safepoint "Cleanup", Time since last: 1000116167 ns, Reaching safepoint: 62427 ns, At safepoint: 6737 ns, Total: 69164 ns
[2020-09-11T14:01:21.105+0000][1][safepoint    ] Safepoint "Cleanup", Time since last: 1000116846 ns, Reaching safepoint: 69734 ns, At safepoint: 7173 ns, Total: 76907 ns
[2020-09-11T14:01:22.105+0000][1][safepoint    ] Safepoint "Cleanup", Time since last: 1000117586 ns, Reaching safepoint: 68336 ns, At safepoint: 7306 ns, Total: 75642 ns
[2020-09-11T14:01:23.105+0000][1][safepoint    ] Safepoint "Cleanup", Time since last: 1000117825 ns, Reaching safepoint: 87110 ns, At safepoint: 7867 ns, Total: 94977 ns
[2020-09-11T14:01:24.105+0000][1][safepoint    ] Safepoint "Cleanup", Time since last: 1000109027 ns, Reaching safepoint: 90167 ns, At safepoint: 7626 ns, Total: 97793 ns
[2020-09-11T14:01:25.105+0000][1][safepoint    ] Safepoint "Cleanup", Time since last: 1000115686 ns, Reaching safepoint: 66001 ns, At safepoint: 7539 ns, Total: 73540 ns
[2020-09-11T14:01:26.106+0000][1][safepoint    ] Safepoint "Cleanup", Time since last: 1000104680 ns, Reaching safepoint: 59487 ns, At safepoint: 6584 ns, Total: 66071 ns
[2020-09-11T14:01:27.106+0000][1][safepoint    ] Safepoint "Cleanup", Time since last: 1000112470 ns, Reaching safepoint: 68161 ns, At safepoint: 7195 ns, Total: 75356 ns
[2020-09-11T14:01:28.106+0000][1][safepoint    ] Safepoint "Cleanup", Time since last: 1000127447 ns, Reaching safepoint: 63141 ns, At safepoint: 7750 ns, Total: 70891 ns
[2020-09-11T14:01:29.106+0000][1][safepoint    ] Safepoint "Cleanup", Time since last: 1000127953 ns, Reaching safepoint: 70371 ns, At safepoint: 8280 ns, Total: 78651 ns
[2020-09-11T14:01:30.106+0000][1][safepoint    ] Safepoint "Cleanup", Time since last: 1000126269 ns, Reaching safepoint: 75584 ns, At safepoint: 15236 ns, Total: 90820 ns
[2020-09-11T14:01:31.107+0000][1][safepoint    ] Safepoint "Cleanup", Time since last: 1000116221 ns, Reaching safepoint: 69295 ns, At safepoint: 7448 ns, Total: 76743 ns
[2020-09-11T14:01:32.107+0000][1][safepoint    ] Safepoint "Cleanup", Time since last: 1000130786 ns, Reaching safepoint: 68181 ns, At safepoint: 7627 ns, Total: 75808 ns
[2020-09-11T14:01:33.107+0000][1][safepoint    ] Safepoint "Cleanup", Time since last: 1000117554 ns, Reaching safepoint: 63335 ns, At safepoint: 8861 ns, Total: 72196 ns
[2020-09-11T14:01:33.452+0000][1][safepoint    ] Safepoint "RevokeBias", Time since last: 344855169 ns, Reaching safepoint: 52937 ns, At safepoint: 20468 ns, Total: 73405 ns
[2020-09-11T14:01:34.465+0000][1][safepoint    ] Safepoint "Cleanup", Time since last: 1012410300 ns, Reaching safepoint: 241872 ns, At safepoint: 20390 ns, Total: 262262 ns
[2020-09-11T14:01:35.465+0000][1][safepoint    ] Safepoint "Cleanup", Time since last: 1000213705 ns, Reaching safepoint: 126116 ns, At safepoint: 18072 ns, Total: 144188 ns
[2020-09-11T14:01:36.465+0000][1][safepoint    ] Safepoint "Cleanup", Time since last: 1000258549 ns, Reaching safepoint: 111131 ns, At safepoint: 17457 ns, Total: 128588 ns
[2020-09-11T14:01:37.466+0000][1][safepoint    ] Safepoint "Cleanup", Time since last: 1000255675 ns, Reaching safepoint: 86268 ns, At safepoint: 7736 ns, Total: 94004 ns
[2020-09-11T14:01:38.466+0000][1][safepoint    ] Safepoint "Cleanup", Time since last: 1000182098 ns, Reaching safepoint: 91512 ns, At safepoint: 7781 ns, Total: 99293 ns
[2020-09-11T14:01:39.466+0000][1][safepoint    ] Safepoint "Cleanup", Time since last: 1000184875 ns, Reaching safepoint: 118061 ns, At safepoint: 17764 ns, Total: 135825 ns
[2020-09-11T14:01:40.468+0000][1][safepoint    ] Safepoint "Cleanup", Time since last: 1001293033 ns, Reaching safepoint: 111115 ns, At safepoint: 16912 ns, Total: 128027 ns
[2020-09-11T14:01:41.468+0000][1][safepoint    ] Safepoint "Cleanup", Time since last: 1000350405 ns, Reaching safepoint: 113657 ns, At safepoint: 15686 ns, Total: 129343 ns
[2020-09-11T14:01:42.469+0000][1][safepoint    ] Safepoint "Cleanup", Time since last: 1000189925 ns, Reaching safepoint: 98915 ns, At safepoint: 8003 ns, Total: 106918 ns
[2020-09-11T14:01:43.469+0000][1][safepoint    ] Safepoint "Cleanup", Time since last: 1000141510 ns, Reaching safepoint: 107697 ns, At safepoint: 6176 ns, Total: 113873 ns
[2020-09-11T14:01:44.469+0000][1][safepoint    ] Safepoint "Cleanup", Time since last: 1000132436 ns, Reaching safepoint: 116928 ns, At safepoint: 17855 ns, Total: 134783 ns
[2020-09-11T14:01:45.470+0000][1][safepoint    ] Safepoint "Cleanup", Time since last: 1000908007 ns, Reaching safepoint: 108910 ns, At safepoint: 14897 ns, Total: 123807 ns
[2020-09-11T14:01:46.470+0000][1][safepoint    ] Safepoint "Cleanup", Time since last: 1000231706 ns, Reaching safepoint: 90180 ns, At safepoint: 6983 ns, Total: 97163 ns
[2020-09-11T14:01:47.471+0000][1][safepoint    ] Safepoint "Cleanup", Time since last: 1000171011 ns, Reaching safepoint: 109902 ns, At safepoint: 16384 ns, Total: 126286 ns
[2020-09-11T14:01:48.471+0000][1][safepoint    ] Safepoint "Cleanup", Time since last: 1000229709 ns, Reaching safepoint: 97273 ns, At safepoint: 6881 ns, Total: 104154 ns
[2020-09-11T14:01:49.471+0000][1][safepoint    ] Safepoint "Cleanup", Time since last: 1000129630 ns, Reaching safepoint: 111840 ns, At safepoint: 14931 ns, Total: 126771 ns
[2020-09-11T14:01:50.472+0000][1][safepoint    ] Safepoint "Cleanup", Time since last: 1000942964 ns, Reaching safepoint: 108018 ns, At safepoint: 17240 ns, Total: 125258 ns
[2020-09-11T14:01:51.473+0000][1][safepoint    ] Safepoint "Cleanup", Time since last: 1000218636 ns, Reaching safepoint: 104323 ns, At safepoint: 16932 ns, Total: 121255 ns
[2020-09-11T14:01:52.473+0000][1][safepoint    ] Safepoint "Cleanup", Time since last: 1000208891 ns, Reaching safepoint: 96796 ns, At safepoint: 8076 ns, Total: 104872 ns
[2020-09-11T14:01:53.473+0000][1][safepoint    ] Safepoint "Cleanup", Time since last: 1000241944 ns, Reaching safepoint: 132861 ns, At safepoint: 15295 ns, Total: 148156 ns
[2020-09-11T14:01:54.474+0000][1][safepoint    ] Safepoint "Cleanup", Time since last: 1000210763 ns, Reaching safepoint: 355966 ns, At safepoint: 21948 ns, Total: 377914 ns
[2020-09-11T14:01:55.475+0000][1][safepoint    ] Safepoint "Cleanup", Time since last: 1000513620 ns, Reaching safepoint: 110049 ns, At safepoint: 17066 ns, Total: 127115 ns
[2020-09-11T14:01:56.475+0000][1][safepoint    ] Safepoint "Cleanup", Time since last: 1000177403 ns, Reaching safepoint: 102781 ns, At safepoint: 7083 ns, Total: 109864 ns
[2020-09-11T14:01:57.475+0000][1][safepoint    ] Safepoint "Cleanup", Time since last: 1000169632 ns, Reaching safepoint: 84851 ns, At safepoint: 7587 ns, Total: 92438 ns
[2020-09-11T14:01:58.476+0000][1][safepoint    ] Safepoint "Cleanup", Time since last: 1000190780 ns, Reaching safepoint: 150080 ns, At safepoint: 16836 ns, Total: 166916 ns
[2020-09-11T14:01:59.476+0000][1][safepoint    ] Safepoint "Cleanup", Time since last: 1000174821 ns, Reaching safepoint: 104910 ns, At safepoint: 7004 ns, Total: 111914 ns
[2020-09-11T14:02:00.477+0000][1][safepoint    ] Safepoint "Cleanup", Time since last: 1000931105 ns, Reaching safepoint: 115722 ns, At safepoint: 17550 ns, Total: 133272 ns
[2020-09-11T14:02:01.477+0000][1][safepoint    ] Safepoint "Cleanup", Time since last: 1000211208 ns, Reaching safepoint: 95600 ns, At safepoint: 7291 ns, Total: 102891 ns
[2020-09-11T14:02:02.478+0000][1][safepoint    ] Safepoint "Cleanup", Time since last: 1000237039 ns, Reaching safepoint: 113454 ns, At safepoint: 18569 ns, Total: 132023 ns
[2020-09-11T14:02:03.478+0000][1][safepoint    ] Safepoint "Cleanup", Time since last: 1000206812 ns, Reaching safepoint: 95085 ns, At safepoint: 6624 ns, Total: 101709 ns
[2020-09-11T14:02:03.846+0000][1][gc,start     ] GC(69) Pause Young (Allocation Failure)
[2020-09-11T14:02:03.846+0000][1][gc,task      ] GC(69) Using 1 workers of 1 for evacuation
[2020-09-11T14:02:03.870+0000][1][gc,age       ] GC(69) Desired survivor size 4358144 bytes, new threshold 5 (max threshold 6)
[2020-09-11T14:02:03.870+0000][1][gc,age       ] GC(69) Age table with threshold 5 (max threshold 6)
[2020-09-11T14:02:03.870+0000][1][gc,age       ] GC(69) - age   1:     746640 bytes,     746640 total
[2020-09-11T14:02:03.870+0000][1][gc,age       ] GC(69) - age   2:     217448 bytes,     964088 total
[2020-09-11T14:02:03.870+0000][1][gc,age       ] GC(69) - age   3:     911888 bytes,    1875976 total
[2020-09-11T14:02:03.870+0000][1][gc,age       ] GC(69) - age   4:    1154640 bytes,    3030616 total
[2020-09-11T14:02:03.870+0000][1][gc,age       ] GC(69) - age   5:    1701832 bytes,    4732448 total
[2020-09-11T14:02:03.870+0000][1][gc,heap      ] GC(69) ParNew: 75068K->4706K(76672K)
[2020-09-11T14:02:03.870+0000][1][gc,heap      ] GC(69) CMS: 95496K->95496K(2011968K)
[2020-09-11T14:02:03.870+0000][1][gc,metaspace ] GC(69) Metaspace: 79147K->79147K(1122304K)
[2020-09-11T14:02:03.870+0000][1][gc           ] GC(69) Pause Young (Allocation Failure) 166M->97M(2039M) 24.393ms
[2020-09-11T14:02:03.870+0000][1][gc,cpu       ] GC(69) User=0.02s Sys=0.00s Real=0.02s
[2020-09-11T14:02:03.870+0000][1][safepoint    ] Safepoint "GenCollectForAllocation", Time since last: 367735951 ns, Reaching safepoint: 184961 ns, At safepoint: 24456506 ns, Total: 24641467 ns
[2020-09-11T14:02:04.872+0000][1][safepoint    ] Safepoint "Cleanup", Time since last: 1001374942 ns, Reaching safepoint: 70031 ns, At safepoint: 6123 ns, Total: 76154 ns
[2020-09-11T14:02:05.874+0000][1][safepoint    ] Safepoint "Cleanup", Time since last: 1001706057 ns, Reaching safepoint: 211101 ns, At safepoint: 16771 ns, Total: 227872 ns
[2020-09-11T14:02:06.097+0000][1][safepoint    ] Safepoint "RevokeBias", Time since last: 223064904 ns, Reaching safepoint: 216811 ns, At safepoint: 48484 ns, Total: 265295 ns
[2020-09-11T14:02:07.097+0000][1][safepoint    ] Safepoint "Cleanup", Time since last: 1000208949 ns, Reaching safepoint: 158307 ns, At safepoint: 18596 ns, Total: 176903 ns
[2020-09-11T14:02:08.098+0000][1][safepoint    ] Safepoint "Cleanup", Time since last: 1000188121 ns, Reaching safepoint: 135955 ns, At safepoint: 17958 ns, Total: 153913 ns
[2020-09-11T14:02:09.098+0000][1][safepoint    ] Safepoint "Cleanup", Time since last: 1000176866 ns, Reaching safepoint: 131418 ns, At safepoint: 17714 ns, Total: 149132 ns
[2020-09-11T14:02:10.098+0000][1][safepoint    ] Safepoint "Cleanup", Time since last: 1000249073 ns, Reaching safepoint: 128509 ns, At safepoint: 17319 ns, Total: 145828 ns
[2020-09-11T14:02:11.100+0000][1][safepoint    ] Safepoint "Cleanup", Time since last: 1000954692 ns, Reaching safepoint: 222387 ns, At safepoint: 18693 ns, Total: 241080 ns
[2020-09-11T14:02:12.100+0000][1][safepoint    ] Safepoint "Cleanup", Time since last: 1000230509 ns, Reaching safepoint: 115758 ns, At safepoint: 16505 ns, Total: 132263 ns
[2020-09-11T14:02:13.100+0000][1][safepoint    ] Safepoint "Cleanup", Time since last: 1000222742 ns, Reaching safepoint: 84135 ns, At safepoint: 7514 ns, Total: 91649 ns
[2020-09-11T14:02:14.101+0000][1][safepoint    ] Safepoint "Cleanup", Time since last: 1000163651 ns, Reaching safepoint: 122768 ns, At safepoint: 18429 ns, Total: 141197 ns
[2020-09-11T14:02:15.101+0000][1][safepoint    ] Safepoint "Cleanup", Time since last: 1000205515 ns, Reaching safepoint: 133062 ns, At safepoint: 18265 ns, Total: 151327 ns
[2020-09-11T14:02:16.102+0000][1][safepoint    ] Safepoint "Cleanup", Time since last: 1000930763 ns, Reaching safepoint: 115414 ns, At safepoint: 17988 ns, Total: 133402 ns
[2020-09-11T14:02:17.102+0000][1][safepoint    ] Safepoint "Cleanup", Time since last: 1000227928 ns, Reaching safepoint: 93161 ns, At safepoint: 6379 ns, Total: 99540 ns
[2020-09-11T14:02:19.103+0000][1][safepoint    ] Safepoint "Cleanup", Time since last: 2000295032 ns, Reaching safepoint: 135999 ns, At safepoint: 18492 ns, Total: 154491 ns
[2020-09-11T14:02:21.103+0000][1][safepoint    ] Safepoint "Cleanup", Time since last: 2000349442 ns, Reaching safepoint: 91644 ns, At safepoint: 7469 ns, Total: 99113 ns
[2020-09-11T14:02:22.104+0000][1][safepoint    ] Safepoint "Cleanup", Time since last: 1000186359 ns, Reaching safepoint: 88066 ns, At safepoint: 7514 ns, Total: 95580 ns
[2020-09-11T14:02:23.104+0000][1][safepoint    ] Safepoint "Cleanup", Time since last: 1000144050 ns, Reaching safepoint: 125248 ns, At safepoint: 17486 ns, Total: 142734 ns
[2020-09-11T14:02:24.104+0000][1][safepoint    ] Safepoint "Cleanup", Time since last: 1000216482 ns, Reaching safepoint: 86348 ns, At safepoint: 8268 ns, Total: 94616 ns
[2020-09-11T14:02:25.104+0000][1][safepoint    ] Safepoint "Cleanup", Time since last: 1000186312 ns, Reaching safepoint: 103549 ns, At safepoint: 6901 ns, Total: 110450 ns
[2020-09-11T14:02:26.105+0000][1][safepoint    ] Safepoint "Cleanup", Time since last: 1000171929 ns, Reaching safepoint: 130028 ns, At safepoint: 18336 ns, Total: 148364 ns
[2020-09-11T14:02:27.105+0000][1][safepoint    ] Safepoint "Cleanup", Time since last: 1000265640 ns, Reaching safepoint: 126641 ns, At safepoint: 17734 ns, Total: 144375 ns
[2020-09-11T14:02:27.447+0000][1][safepoint    ] Safepoint "RevokeBias", Time since last: 338768194 ns, Reaching safepoint: 2642465 ns, At safepoint: 29652 ns, Total: 2672117 ns
[2020-09-11T14:02:28.447+0000][1][safepoint    ] Safepoint "Cleanup", Time since last: 1000205000 ns, Reaching safepoint: 95144 ns, At safepoint: 7454 ns, Total: 102598 ns
[2020-09-11T14:02:29.447+0000][1][safepoint    ] Safepoint "Cleanup", Time since last: 1000206506 ns, Reaching safepoint: 89345 ns, At safepoint: 7715 ns, Total: 97060 ns
[2020-09-11T14:02:30.447+0000][1][safepoint    ] Safepoint "Cleanup", Time since last: 1000167476 ns, Reaching safepoint: 112625 ns, At safepoint: 7097 ns, Total: 119722 ns
[2020-09-11T14:02:30.481+0000][1][safepoint    ] Safepoint "RevokeBias", Time since last: 33207248 ns, Reaching safepoint: 148803 ns, At safepoint: 22828 ns, Total: 171631 ns
[2020-09-11T14:02:31.481+0000][1][safepoint    ] Safepoint "Cleanup", Time since last: 1000182785 ns, Reaching safepoint: 124439 ns, At safepoint: 16868 ns, Total: 141307 ns
[2020-09-11T14:02:32.482+0000][1][safepoint    ] Safepoint "Cleanup", Time since last: 1000191866 ns, Reaching safepoint: 114152 ns, At safepoint: 7380 ns, Total: 121532 ns
[2020-09-11T14:02:33.482+0000][1][safepoint    ] Safepoint "Cleanup", Time since last: 1000175826 ns, Reaching safepoint: 89464 ns, At safepoint: 7421 ns, Total: 96885 ns
[2020-09-11T14:02:34.482+0000][1][safepoint    ] Safepoint "Cleanup", Time since last: 1000159450 ns, Reaching safepoint: 111439 ns, At safepoint: 6894 ns, Total: 118333 ns
[2020-09-11T14:02:35.482+0000][1][safepoint    ] Safepoint "Cleanup", Time since last: 1000179161 ns, Reaching safepoint: 122621 ns, At safepoint: 17427 ns, Total: 140048 ns
[2020-09-11T14:02:36.483+0000][1][safepoint    ] Safepoint "Cleanup", Time since last: 1000209658 ns, Reaching safepoint: 94434 ns, At safepoint: 7057 ns, Total: 101491 ns
[2020-09-11T14:02:37.483+0000][1][safepoint    ] Safepoint "Cleanup", Time since last: 1000178505 ns, Reaching safepoint: 123166 ns, At safepoint: 18035 ns, Total: 141201 ns
[2020-09-11T14:02:40.484+0000][1][safepoint    ] Safepoint "Cleanup", Time since last: 3000554661 ns, Reaching safepoint: 88941 ns, At safepoint: 7540 ns, Total: 96481 ns
[2020-09-11T14:02:41.484+0000][1][safepoint    ] Safepoint "Cleanup", Time since last: 1000173134 ns, Reaching safepoint: 124044 ns, At safepoint: 17306 ns, Total: 141350 ns
[2020-09-11T14:02:42.484+0000][1][safepoint    ] Safepoint "Cleanup", Time since last: 1000221249 ns, Reaching safepoint: 127690 ns, At safepoint: 17981 ns, Total: 145671 ns
[2020-09-11T14:02:43.485+0000][1][safepoint    ] Safepoint "Cleanup", Time since last: 1000211414 ns, Reaching safepoint: 100617 ns, At safepoint: 6910 ns, Total: 107527 ns
[2020-09-11T14:02:44.154+0000][1][safepoint    ] Safepoint "RevokeBias", Time since last: 668834024 ns, Reaching safepoint: 58726 ns, At safepoint: 20293 ns, Total: 79019 ns
[2020-09-11T14:02:44.220+0000][1][safepoint    ] Safepoint "RevokeBias", Time since last: 65868603 ns, Reaching safepoint: 185321 ns, At safepoint: 10194 ns, Total: 195515 ns
[2020-09-11T14:02:45.220+0000][1][safepoint    ] Safepoint "Cleanup", Time since last: 1000147796 ns, Reaching safepoint: 127396 ns, At safepoint: 16952 ns, Total: 144348 ns
[2020-09-11T14:02:46.221+0000][1][safepoint    ] Safepoint "Cleanup", Time since last: 1000580276 ns, Reaching safepoint: 133416 ns, At safepoint: 18168 ns, Total: 151584 ns
[2020-09-11T14:02:47.221+0000][1][safepoint    ] Safepoint "Cleanup", Time since last: 1000228041 ns, Reaching safepoint: 98548 ns, At safepoint: 7321 ns, Total: 105869 ns
[2020-09-11T14:02:48.221+0000][1][safepoint    ] Safepoint "Cleanup", Time since last: 1000212310 ns, Reaching safepoint: 110754 ns, At safepoint: 16885 ns, Total: 127639 ns
[2020-09-11T14:02:49.222+0000][1][safepoint    ] Safepoint "Cleanup", Time since last: 1000228367 ns, Reaching safepoint: 144301 ns, At safepoint: 18389 ns, Total: 162690 ns
[2020-09-11T14:02:50.222+0000][1][safepoint    ] Safepoint "Cleanup", Time since last: 1000201654 ns, Reaching safepoint: 108335 ns, At safepoint: 17002 ns, Total: 125337 ns
[2020-09-11T14:02:51.222+0000][1][safepoint    ] Safepoint "Cleanup", Time since last: 1000214162 ns, Reaching safepoint: 111339 ns, At safepoint: 16594 ns, Total: 127933 ns
[2020-09-11T14:02:52.223+0000][1][safepoint    ] Safepoint "Cleanup", Time since last: 1000202323 ns, Reaching safepoint: 99935 ns, At safepoint: 7894 ns, Total: 107829 ns
[2020-09-11T14:02:53.224+0000][1][safepoint    ] Safepoint "Cleanup", Time since last: 1000753828 ns, Reaching safepoint: 86251 ns, At safepoint: 6123 ns, Total: 92374 ns
[2020-09-11T14:02:54.224+0000][1][safepoint    ] Safepoint "Cleanup", Time since last: 1000123584 ns, Reaching safepoint: 119811 ns, At safepoint: 15766 ns, Total: 135577 ns
[2020-09-11T14:02:55.224+0000][1][safepoint    ] Safepoint "Cleanup", Time since last: 1000210566 ns, Reaching safepoint: 131518 ns, At safepoint: 18135 ns, Total: 149653 ns
[2020-09-11T14:02:56.224+0000][1][safepoint    ] Safepoint "Cleanup", Time since last: 1000178571 ns, Reaching safepoint: 121509 ns, At safepoint: 17055 ns, Total: 138564 ns
[2020-09-11T14:02:57.225+0000][1][safepoint    ] Safepoint "Cleanup", Time since last: 1000218425 ns, Reaching safepoint: 65752 ns, At safepoint: 7291 ns, Total: 73043 ns
[2020-09-11T14:02:58.226+0000][1][safepoint    ] Safepoint "Cleanup", Time since last: 1000823994 ns, Reaching safepoint: 97511 ns, At safepoint: 7808 ns, Total: 105319 ns
[2020-09-11T14:02:59.226+0000][1][safepoint    ] Safepoint "Cleanup", Time since last: 1000234556 ns, Reaching safepoint: 65851 ns, At safepoint: 7726 ns, Total: 73577 ns
[2020-09-11T14:03:00.226+0000][1][safepoint    ] Safepoint "Cleanup", Time since last: 1000202544 ns, Reaching safepoint: 135384 ns, At safepoint: 17901 ns, Total: 153285 ns
[2020-09-11T14:03:01.227+0000][1][safepoint    ] Safepoint "Cleanup", Time since last: 1000213643 ns, Reaching safepoint: 137381 ns, At safepoint: 17671 ns, Total: 155052 ns
[2020-09-11T14:03:02.227+0000][1][safepoint    ] Safepoint "Cleanup", Time since last: 1000286069 ns, Reaching safepoint: 84992 ns, At safepoint: 7806 ns, Total: 92798 ns
[2020-09-11T14:03:03.228+0000][1][safepoint    ] Safepoint "Cleanup", Time since last: 1000804366 ns, Reaching safepoint: 128004 ns, At safepoint: 18142 ns, Total: 146146 ns
[2020-09-11T14:03:03.958+0000][1][gc,start     ] GC(70) Pause Young (Allocation Failure)
[2020-09-11T14:03:03.958+0000][1][gc,task      ] GC(70) Using 1 workers of 1 for evacuation
[2020-09-11T14:03:03.983+0000][1][gc,age       ] GC(70) Desired survivor size 4358144 bytes, new threshold 6 (max threshold 6)
[2020-09-11T14:03:03.983+0000][1][gc,age       ] GC(70) Age table with threshold 6 (max threshold 6)
[2020-09-11T14:03:03.983+0000][1][gc,age       ] GC(70) - age   1:      79080 bytes,      79080 total
[2020-09-11T14:03:03.983+0000][1][gc,age       ] GC(70) - age   2:     670480 bytes,     749560 total
[2020-09-11T14:03:03.983+0000][1][gc,age       ] GC(70) - age   3:     216032 bytes,     965592 total
[2020-09-11T14:03:03.983+0000][1][gc,age       ] GC(70) - age   4:     911856 bytes,    1877448 total
[2020-09-11T14:03:03.983+0000][1][gc,age       ] GC(70) - age   5:    1153088 bytes,    3030536 total
[2020-09-11T14:03:03.983+0000][1][gc,heap      ] GC(70) ParNew: 72866K->4054K(76672K)
[2020-09-11T14:03:03.983+0000][1][gc,heap      ] GC(70) CMS: 95496K->97196K(2011968K)
[2020-09-11T14:03:03.983+0000][1][gc,metaspace ] GC(70) Metaspace: 79641K->79641K(1122304K)
[2020-09-11T14:03:03.983+0000][1][gc           ] GC(70) Pause Young (Allocation Failure) 164M->98M(2039M) 25.548ms
[2020-09-11T14:03:03.983+0000][1][gc,cpu       ] GC(70) User=0.02s Sys=0.00s Real=0.02s
[2020-09-11T14:03:03.983+0000][1][safepoint    ] Safepoint "GenCollectForAllocation", Time since last: 729459778 ns, Reaching safepoint: 186882 ns, At safepoint: 25616306 ns, Total: 25803188 ns
[2020-09-11T14:03:04.986+0000][1][safepoint    ] Safepoint "Cleanup", Time since last: 1002304689 ns, Reaching safepoint: 55803 ns, At safepoint: 16396 ns, Total: 72199 ns
[2020-09-11T14:03:05.986+0000][1][safepoint    ] Safepoint "Cleanup", Time since last: 1000270874 ns, Reaching safepoint: 68390 ns, At safepoint: 5825 ns, Total: 74215 ns
[2020-09-11T14:03:06.986+0000][1][safepoint    ] Safepoint "Cleanup", Time since last: 1000333994 ns, Reaching safepoint: 52491 ns, At safepoint: 5332 ns, Total: 57823 ns
[2020-09-11T14:03:07.987+0000][1][safepoint    ] Safepoint "Cleanup", Time since last: 1000320678 ns, Reaching safepoint: 53052 ns, At safepoint: 4381 ns, Total: 57433 ns
[2020-09-11T14:03:08.987+0000][1][safepoint    ] Safepoint "Cleanup", Time since last: 1000110316 ns, Reaching safepoint: 177967 ns, At safepoint: 7267 ns, Total: 185234 ns
[2020-09-11T14:03:09.987+0000][1][safepoint    ] Safepoint "Cleanup", Time since last: 1000154478 ns, Reaching safepoint: 63152 ns, At safepoint: 5922 ns, Total: 69074 ns
[2020-09-11T14:03:10.988+0000][1][safepoint    ] Safepoint "Cleanup", Time since last: 1000165764 ns, Reaching safepoint: 84922 ns, At safepoint: 6781 ns, Total: 91703 ns
[2020-09-11T14:03:11.988+0000][1][safepoint    ] Safepoint "Cleanup", Time since last: 1000136051 ns, Reaching safepoint: 109010 ns, At safepoint: 16708 ns, Total: 125718 ns
[2020-09-11T14:03:12.988+0000][1][safepoint    ] Safepoint "Cleanup", Time since last: 1000178518 ns, Reaching safepoint: 106036 ns, At safepoint: 7284 ns, Total: 113320 ns
[2020-09-11T14:03:13.998+0000][1][safepoint    ] Safepoint "Cleanup", Time since last: 1009645143 ns, Reaching safepoint: 89325 ns, At safepoint: 6739 ns, Total: 96064 ns
[2020-09-11T14:03:14.998+0000][1][safepoint    ] Safepoint "Cleanup", Time since last: 1000211360 ns, Reaching safepoint: 72073 ns, At safepoint: 6483 ns, Total: 78556 ns
[2020-09-11T14:03:15.998+0000][1][safepoint    ] Safepoint "Cleanup", Time since last: 1000186045 ns, Reaching safepoint: 84018 ns, At safepoint: 6866 ns, Total: 90884 ns
[2020-09-11T14:03:16.999+0000][1][safepoint    ] Safepoint "Cleanup", Time since last: 1000156847 ns, Reaching safepoint: 82878 ns, At safepoint: 7933 ns, Total: 90811 ns
[2020-09-11T14:03:17.999+0000][1][safepoint    ] Safepoint "Cleanup", Time since last: 1000203944 ns, Reaching safepoint: 87295 ns, At safepoint: 7074 ns, Total: 94369 ns
[2020-09-11T14:03:19.000+0000][1][safepoint    ] Safepoint "Cleanup", Time since last: 1000760329 ns, Reaching safepoint: 179746 ns, At safepoint: 11352 ns, Total: 191098 ns
[2020-09-11T14:03:20.000+0000][1][safepoint    ] Safepoint "Cleanup", Time since last: 1000168529 ns, Reaching safepoint: 111325 ns, At safepoint: 16027 ns, Total: 127352 ns
[2020-09-11T14:03:21.002+0000][1][safepoint    ] Safepoint "Cleanup", Time since last: 1001987070 ns, Reaching safepoint: 110336 ns, At safepoint: 17193 ns, Total: 127529 ns
[2020-09-11T14:03:22.004+0000][1][safepoint    ] Safepoint "Cleanup", Time since last: 1001134604 ns, Reaching safepoint: 147684 ns, At safepoint: 7793 ns, Total: 155477 ns
[2020-09-11T14:03:23.004+0000][1][safepoint    ] Safepoint "Cleanup", Time since last: 1000171440 ns, Reaching safepoint: 91105 ns, At safepoint: 6782 ns, Total: 97887 ns
[2020-09-11T14:03:24.005+0000][1][safepoint    ] Safepoint "Cleanup", Time since last: 1000734406 ns, Reaching safepoint: 62929 ns, At safepoint: 6262 ns, Total: 69191 ns
[2020-09-11T14:03:25.005+0000][1][safepoint    ] Safepoint "Cleanup", Time since last: 1000156257 ns, Reaching safepoint: 121639 ns, At safepoint: 17086 ns, Total: 138725 ns
[2020-09-11T14:03:26.005+0000][1][safepoint    ] Safepoint "Cleanup", Time since last: 1000195889 ns, Reaching safepoint: 81585 ns, At safepoint: 6676 ns, Total: 88261 ns
[2020-09-11T14:03:27.006+0000][1][safepoint    ] Safepoint "Cleanup", Time since last: 1000180890 ns, Reaching safepoint: 108244 ns, At safepoint: 5110 ns, Total: 113354 ns
[2020-09-11T14:03:28.006+0000][1][safepoint    ] Safepoint "Cleanup", Time since last: 1000219578 ns, Reaching safepoint: 65963 ns, At safepoint: 5877 ns, Total: 71840 ns
[2020-09-11T14:03:29.008+0000][1][safepoint    ] Safepoint "Cleanup", Time since last: 1001551180 ns, Reaching safepoint: 218087 ns, At safepoint: 17561 ns, Total: 235648 ns
[2020-09-11T14:03:30.008+0000][1][safepoint    ] Safepoint "Cleanup", Time since last: 1000190809 ns, Reaching safepoint: 114943 ns, At safepoint: 15082 ns, Total: 130025 ns
[2020-09-11T14:03:31.008+0000][1][safepoint    ] Safepoint "Cleanup", Time since last: 1000214886 ns, Reaching safepoint: 114827 ns, At safepoint: 16862 ns, Total: 131689 ns
[2020-09-11T14:03:32.009+0000][1][safepoint    ] Safepoint "Cleanup", Time since last: 1000171264 ns, Reaching safepoint: 104762 ns, At safepoint: 5323 ns, Total: 110085 ns
[2020-09-11T14:03:33.009+0000][1][safepoint    ] Safepoint "Cleanup", Time since last: 1000206671 ns, Reaching safepoint: 89087 ns, At safepoint: 6600 ns, Total: 95687 ns
[2020-09-11T14:03:34.010+0000][1][safepoint    ] Safepoint "Cleanup", Time since last: 1000799248 ns, Reaching safepoint: 117770 ns, At safepoint: 17273 ns, Total: 135043 ns
[2020-09-11T14:03:35.010+0000][1][safepoint    ] Safepoint "Cleanup", Time since last: 1000186218 ns, Reaching safepoint: 116143 ns, At safepoint: 16675 ns, Total: 132818 ns
[2020-09-11T14:03:36.011+0000][1][safepoint    ] Safepoint "Cleanup", Time since last: 1000213840 ns, Reaching safepoint: 117794 ns, At safepoint: 15846 ns, Total: 133640 ns
[2020-09-11T14:03:37.011+0000][1][safepoint    ] Safepoint "Cleanup", Time since last: 1000203563 ns, Reaching safepoint: 152289 ns, At safepoint: 18352 ns, Total: 170641 ns
[2020-09-11T14:03:38.011+0000][1][safepoint    ] Safepoint "Cleanup", Time since last: 1000211882 ns, Reaching safepoint: 120867 ns, At safepoint: 15950 ns, Total: 136817 ns
[2020-09-11T14:03:39.012+0000][1][safepoint    ] Safepoint "Cleanup", Time since last: 1001058732 ns, Reaching safepoint: 124730 ns, At safepoint: 16842 ns, Total: 141572 ns
[2020-09-11T14:03:41.013+0000][1][safepoint    ] Safepoint "Cleanup", Time since last: 2000351808 ns, Reaching safepoint: 93285 ns, At safepoint: 6657 ns, Total: 99942 ns
[2020-09-11T14:03:42.013+0000][1][safepoint    ] Safepoint "Cleanup", Time since last: 1000171251 ns, Reaching safepoint: 128869 ns, At safepoint: 16742 ns, Total: 145611 ns
[2020-09-11T14:03:44.014+0000][1][safepoint    ] Safepoint "Cleanup", Time since last: 2000415219 ns, Reaching safepoint: 93387 ns, At safepoint: 5776 ns, Total: 99163 ns
[2020-09-11T14:03:45.014+0000][1][safepoint    ] Safepoint "Cleanup", Time since last: 1000195664 ns, Reaching safepoint: 93459 ns, At safepoint: 6136 ns, Total: 99595 ns
[2020-09-11T14:03:50.015+0000][1][safepoint    ] Safepoint "Cleanup", Time since last: 5000776543 ns, Reaching safepoint: 93732 ns, At safepoint: 6363 ns, Total: 100095 ns
[2020-09-11T14:03:51.015+0000][1][safepoint    ] Safepoint "Cleanup", Time since last: 1000183766 ns, Reaching safepoint: 121228 ns, At safepoint: 17036 ns, Total: 138264 ns
[2020-09-11T14:03:54.016+0000][1][safepoint    ] Safepoint "Cleanup", Time since last: 3000560259 ns, Reaching safepoint: 112906 ns, At safepoint: 16414 ns, Total: 129320 ns
[2020-09-11T14:03:56.016+0000][1][safepoint    ] Safepoint "Cleanup", Time since last: 2000359390 ns, Reaching safepoint: 91868 ns, At safepoint: 6720 ns, Total: 98588 ns
[2020-09-11T14:03:57.017+0000][1][safepoint    ] Safepoint "Cleanup", Time since last: 1000267332 ns, Reaching safepoint: 155627 ns, At safepoint: 17019 ns, Total: 172646 ns
[2020-09-11T14:03:58.017+0000][1][safepoint    ] Safepoint "Cleanup", Time since last: 1000201233 ns, Reaching safepoint: 89182 ns, At safepoint: 6132 ns, Total: 95314 ns
[2020-09-11T14:03:59.017+0000][1][safepoint    ] Safepoint "Cleanup", Time since last: 1000172687 ns, Reaching safepoint: 95712 ns, At safepoint: 6719 ns, Total: 102431 ns
[2020-09-11T14:04:00.018+0000][1][safepoint    ] Safepoint "Cleanup", Time since last: 1000187787 ns, Reaching safepoint: 128678 ns, At safepoint: 16328 ns, Total: 145006 ns
[2020-09-11T14:04:01.018+0000][1][safepoint    ] Safepoint "Cleanup", Time since last: 1000224502 ns, Reaching safepoint: 110056 ns, At safepoint: 16608 ns, Total: 126664 ns
[2020-09-11T14:04:02.018+0000][1][safepoint    ] Safepoint "Cleanup", Time since last: 1000244393 ns, Reaching safepoint: 85240 ns, At safepoint: 6186 ns, Total: 91426 ns
[2020-09-11T14:04:03.019+0000][1][safepoint    ] Safepoint "Cleanup", Time since last: 1000163235 ns, Reaching safepoint: 122908 ns, At safepoint: 16966 ns, Total: 139874 ns
[2020-09-11T14:04:04.019+0000][1][safepoint    ] Safepoint "Cleanup", Time since last: 1000228869 ns, Reaching safepoint: 90857 ns, At safepoint: 6202 ns, Total: 97059 ns
[2020-09-11T14:04:04.063+0000][1][safepoint    ] Safepoint "RevokeBias", Time since last: 44326110 ns, Reaching safepoint: 91798 ns, At safepoint: 28638 ns, Total: 120436 ns
[2020-09-11T14:04:04.066+0000][1][gc,start     ] GC(71) Pause Young (Allocation Failure)
[2020-09-11T14:04:04.066+0000][1][gc,task      ] GC(71) Using 1 workers of 1 for evacuation
[2020-09-11T14:04:04.086+0000][1][gc,age       ] GC(71) Desired survivor size 4358144 bytes, new threshold 6 (max threshold 6)
[2020-09-11T14:04:04.086+0000][1][gc,age       ] GC(71) Age table with threshold 6 (max threshold 6)
[2020-09-11T14:04:04.086+0000][1][gc,age       ] GC(71) - age   1:      27400 bytes,      27400 total
[2020-09-11T14:04:04.086+0000][1][gc,age       ] GC(71) - age   2:      60808 bytes,      88208 total
[2020-09-11T14:04:04.086+0000][1][gc,age       ] GC(71) - age   3:     667048 bytes,     755256 total
[2020-09-11T14:04:04.086+0000][1][gc,age       ] GC(71) - age   4:     214792 bytes,     970048 total
[2020-09-11T14:04:04.086+0000][1][gc,age       ] GC(71) - age   5:     910616 bytes,    1880664 total
[2020-09-11T14:04:04.086+0000][1][gc,age       ] GC(71) - age   6:    1153088 bytes,    3033752 total
[2020-09-11T14:04:04.086+0000][1][gc,heap      ] GC(71) ParNew: 72214K->3233K(76672K)
[2020-09-11T14:04:04.086+0000][1][gc,heap      ] GC(71) CMS: 97196K->97196K(2011968K)
[2020-09-11T14:04:04.086+0000][1][gc,metaspace ] GC(71) Metaspace: 79868K->79868K(1122304K)
[2020-09-11T14:04:04.086+0000][1][gc           ] GC(71) Pause Young (Allocation Failure) 165M->98M(2039M) 20.074ms
[2020-09-11T14:04:04.087+0000][1][gc,cpu       ] GC(71) User=0.02s Sys=0.00s Real=0.02s
[2020-09-11T14:04:04.087+0000][1][safepoint    ] Safepoint "GenCollectForAllocation", Time since last: 2733661 ns, Reaching safepoint: 159034 ns, At safepoint: 20158774 ns, Total: 20317808 ns
[2020-09-11T14:04:05.092+0000][1][safepoint    ] Safepoint "Cleanup", Time since last: 1005092461 ns, Reaching safepoint: 87435 ns, At safepoint: 18532 ns, Total: 105967 ns
[2020-09-11T14:04:06.092+0000][1][safepoint    ] Safepoint "Cleanup", Time since last: 1000271539 ns, Reaching safepoint: 62387 ns, At safepoint: 4721 ns, Total: 67108 ns
[2020-09-11T14:04:07.093+0000][1][safepoint    ] Safepoint "Cleanup", Time since last: 1000438200 ns, Reaching safepoint: 208167 ns, At safepoint: 19127 ns, Total: 227294 ns
[2020-09-11T14:04:08.093+0000][1][safepoint    ] Safepoint "Cleanup", Time since last: 1000208535 ns, Reaching safepoint: 127192 ns, At safepoint: 16431 ns, Total: 143623 ns
[2020-09-11T14:04:09.093+0000][1][safepoint    ] Safepoint "Cleanup", Time since last: 1000163649 ns, Reaching safepoint: 200312 ns, At safepoint: 15870 ns, Total: 216182 ns
[2020-09-11T14:04:10.094+0000][1][safepoint    ] Safepoint "Cleanup", Time since last: 1000222710 ns, Reaching safepoint: 84048 ns, At safepoint: 6305 ns, Total: 90353 ns
[2020-09-11T14:04:11.094+0000][1][safepoint    ] Safepoint "Cleanup", Time since last: 1000140704 ns, Reaching safepoint: 116965 ns, At safepoint: 7642 ns, Total: 124607 ns
[2020-09-11T14:04:12.094+0000][1][safepoint    ] Safepoint "Cleanup", Time since last: 1000158542 ns, Reaching safepoint: 116199 ns, At safepoint: 15616 ns, Total: 131815 ns
[2020-09-11T14:04:13.095+0000][1][safepoint    ] Safepoint "Cleanup", Time since last: 1000191449 ns, Reaching safepoint: 110129 ns, At safepoint: 16708 ns, Total: 126837 ns
[2020-09-11T14:04:14.095+0000][1][safepoint    ] Safepoint "Cleanup", Time since last: 1000186926 ns, Reaching safepoint: 100381 ns, At safepoint: 6134 ns, Total: 106515 ns
[2020-09-11T14:04:15.097+0000][1][safepoint    ] Safepoint "Cleanup", Time since last: 1002005290 ns, Reaching safepoint: 124379 ns, At safepoint: 6150 ns, Total: 130529 ns
[2020-09-11T14:04:16.097+0000][1][safepoint    ] Safepoint "Cleanup", Time since last: 1000165890 ns, Reaching safepoint: 113848 ns, At safepoint: 15665 ns, Total: 129513 ns
[2020-09-11T14:04:17.098+0000][1][safepoint    ] Safepoint "Cleanup", Time since last: 1000216067 ns, Reaching safepoint: 93533 ns, At safepoint: 7305 ns, Total: 100838 ns
[2020-09-11T14:04:18.098+0000][1][safepoint    ] Safepoint "Cleanup", Time since last: 1000139012 ns, Reaching safepoint: 111239 ns, At safepoint: 14887 ns, Total: 126126 ns
[2020-09-11T14:04:19.098+0000][1][safepoint    ] Safepoint "Cleanup", Time since last: 1000227997 ns, Reaching safepoint: 139553 ns, At safepoint: 17450 ns, Total: 157003 ns
[2020-09-11T14:04:20.099+0000][1][safepoint    ] Safepoint "Cleanup", Time since last: 1000237619 ns, Reaching safepoint: 79637 ns, At safepoint: 5950 ns, Total: 85587 ns
[2020-09-11T14:04:21.099+0000][1][safepoint    ] Safepoint "Cleanup", Time since last: 1000184421 ns, Reaching safepoint: 92934 ns, At safepoint: 7232 ns, Total: 100166 ns
[2020-09-11T14:04:22.099+0000][1][safepoint    ] Safepoint "Cleanup", Time since last: 1000207109 ns, Reaching safepoint: 96132 ns, At safepoint: 6688 ns, Total: 102820 ns
[2020-09-11T14:04:23.100+0000][1][safepoint    ] Safepoint "Cleanup", Time since last: 1000211776 ns, Reaching safepoint: 81784 ns, At safepoint: 6352 ns, Total: 88136 ns
[2020-09-11T14:04:24.100+0000][1][safepoint    ] Safepoint "Cleanup", Time since last: 1000207634 ns, Reaching safepoint: 93358 ns, At safepoint: 6331 ns, Total: 99689 ns
[2020-09-11T14:04:25.100+0000][1][safepoint    ] Safepoint "Cleanup", Time since last: 1000165710 ns, Reaching safepoint: 101585 ns, At safepoint: 7095 ns, Total: 108680 ns
[2020-09-11T14:04:26.101+0000][1][safepoint    ] Safepoint "Cleanup", Time since last: 1000215616 ns, Reaching safepoint: 112765 ns, At safepoint: 16548 ns, Total: 129313 ns
[2020-09-11T14:04:27.101+0000][1][safepoint    ] Safepoint "Cleanup", Time since last: 1000238260 ns, Reaching safepoint: 112642 ns, At safepoint: 17142 ns, Total: 129784 ns
[2020-09-11T14:04:28.101+0000][1][safepoint    ] Safepoint "Cleanup", Time since last: 1000207556 ns, Reaching safepoint: 110007 ns, At safepoint: 6611 ns, Total: 116618 ns
[2020-09-11T14:04:29.101+0000][1][safepoint    ] Safepoint "Cleanup", Time since last: 1000169495 ns, Reaching safepoint: 92486 ns, At safepoint: 6884 ns, Total: 99370 ns
[2020-09-11T14:04:30.102+0000][1][safepoint    ] Safepoint "Cleanup", Time since last: 1000175497 ns, Reaching safepoint: 83388 ns, At safepoint: 6868 ns, Total: 90256 ns
[2020-09-11T14:04:31.102+0000][1][safepoint    ] Safepoint "Cleanup", Time since last: 1000143519 ns, Reaching safepoint: 105687 ns, At safepoint: 7106 ns, Total: 112793 ns
[2020-09-11T14:04:32.102+0000][1][safepoint    ] Safepoint "Cleanup", Time since last: 1000183519 ns, Reaching safepoint: 84363 ns, At safepoint: 6675 ns, Total: 91038 ns
[2020-09-11T14:04:33.103+0000][1][safepoint    ] Safepoint "Cleanup", Time since last: 1000145027 ns, Reaching safepoint: 100414 ns, At safepoint: 6557 ns, Total: 106971 ns
[2020-09-11T14:04:34.103+0000][1][safepoint    ] Safepoint "Cleanup", Time since last: 1000172828 ns, Reaching safepoint: 133506 ns, At safepoint: 16491 ns, Total: 149997 ns
[2020-09-11T14:04:35.103+0000][1][safepoint    ] Safepoint "Cleanup", Time since last: 1000222888 ns, Reaching safepoint: 121546 ns, At safepoint: 17804 ns, Total: 139350 ns
[2020-09-11T14:04:36.104+0000][1][safepoint    ] Safepoint "Cleanup", Time since last: 1000225136 ns, Reaching safepoint: 131749 ns, At safepoint: 16501 ns, Total: 148250 ns
[2020-09-11T14:04:37.104+0000][1][safepoint    ] Safepoint "Cleanup", Time since last: 1000229685 ns, Reaching safepoint: 116026 ns, At safepoint: 16799 ns, Total: 132825 ns
[2020-09-11T14:04:38.104+0000][1][safepoint    ] Safepoint "Cleanup", Time since last: 1000229535 ns, Reaching safepoint: 122768 ns, At safepoint: 17056 ns, Total: 139824 ns
[2020-09-11T14:04:39.105+0000][1][safepoint    ] Safepoint "Cleanup", Time since last: 1000194188 ns, Reaching safepoint: 104974 ns, At safepoint: 7220 ns, Total: 112194 ns
[2020-09-11T14:04:40.105+0000][1][safepoint    ] Safepoint "Cleanup", Time since last: 1000181885 ns, Reaching safepoint: 92626 ns, At safepoint: 5818 ns, Total: 98444 ns
[2020-09-11T14:04:41.105+0000][1][safepoint    ] Safepoint "Cleanup", Time since last: 1000177776 ns, Reaching safepoint: 101735 ns, At safepoint: 6839 ns, Total: 108574 ns
[2020-09-11T14:04:42.105+0000][1][safepoint    ] Safepoint "Cleanup", Time since last: 1000190861 ns, Reaching safepoint: 111536 ns, At safepoint: 16425 ns, Total: 127961 ns
[2020-09-11T14:04:43.106+0000][1][safepoint    ] Safepoint "Cleanup", Time since last: 1000210621 ns, Reaching safepoint: 140312 ns, At safepoint: 17303 ns, Total: 157615 ns
[2020-09-11T14:04:44.106+0000][1][safepoint    ] Safepoint "Cleanup", Time since last: 1000178893 ns, Reaching safepoint: 130931 ns, At safepoint: 16438 ns, Total: 147369 ns
[2020-09-11T14:04:45.107+0000][1][safepoint    ] Safepoint "Cleanup", Time since last: 1001137515 ns, Reaching safepoint: 140900 ns, At safepoint: 16688 ns, Total: 157588 ns
[2020-09-11T14:04:46.108+0000][1][safepoint    ] Safepoint "Cleanup", Time since last: 1000177600 ns, Reaching safepoint: 101071 ns, At safepoint: 6374 ns, Total: 107445 ns
[2020-09-11T14:04:47.108+0000][1][safepoint    ] Safepoint "Cleanup", Time since last: 1000135260 ns, Reaching safepoint: 120914 ns, At safepoint: 17303 ns, Total: 138217 ns
[2020-09-11T14:04:48.108+0000][1][safepoint    ] Safepoint "Cleanup", Time since last: 1000240267 ns, Reaching safepoint: 87682 ns, At safepoint: 6443 ns, Total: 94125 ns
[2020-09-11T14:04:49.109+0000][1][safepoint    ] Safepoint "Cleanup", Time since last: 1000178985 ns, Reaching safepoint: 117810 ns, At safepoint: 17400 ns, Total: 135210 ns
[2020-09-11T14:04:50.109+0000][1][safepoint    ] Safepoint "Cleanup", Time since last: 1000190821 ns, Reaching safepoint: 135612 ns, At safepoint: 16264 ns, Total: 151876 ns
[2020-09-11T14:04:51.109+0000][1][safepoint    ] Safepoint "Cleanup", Time since last: 1000319240 ns, Reaching safepoint: 61115 ns, At safepoint: 6461 ns, Total: 67576 ns
[2020-09-11T14:04:52.110+0000][1][safepoint    ] Safepoint "Cleanup", Time since last: 1000873069 ns, Reaching safepoint: 92593 ns, At safepoint: 6881 ns, Total: 99474 ns
[2020-09-11T14:04:53.111+0000][1][safepoint    ] Safepoint "Cleanup", Time since last: 1000259806 ns, Reaching safepoint: 103234 ns, At safepoint: 15679 ns, Total: 118913 ns
[2020-09-11T14:04:54.111+0000][1][safepoint    ] Safepoint "Cleanup", Time since last: 1000214114 ns, Reaching safepoint: 87880 ns, At safepoint: 6014 ns, Total: 93894 ns
[2020-09-11T14:04:55.111+0000][1][safepoint    ] Safepoint "Cleanup", Time since last: 1000232146 ns, Reaching safepoint: 61219 ns, At safepoint: 5991 ns, Total: 67210 ns
[2020-09-11T14:04:56.112+0000][1][safepoint    ] Safepoint "Cleanup", Time since last: 1000322012 ns, Reaching safepoint: 120382 ns, At safepoint: 15737 ns, Total: 136119 ns
[2020-09-11T14:04:57.113+0000][1][safepoint    ] Safepoint "Cleanup", Time since last: 1000986912 ns, Reaching safepoint: 57674 ns, At safepoint: 5839 ns, Total: 63513 ns
[2020-09-11T14:04:58.113+0000][1][safepoint    ] Safepoint "Cleanup", Time since last: 1000181095 ns, Reaching safepoint: 88301 ns, At safepoint: 6177 ns, Total: 94478 ns
[2020-09-11T14:04:59.113+0000][1][safepoint    ] Safepoint "Cleanup", Time since last: 1000247249 ns, Reaching safepoint: 59469 ns, At safepoint: 5975 ns, Total: 65444 ns
[2020-09-11T14:05:00.114+0000][1][safepoint    ] Safepoint "Cleanup", Time since last: 1000253997 ns, Reaching safepoint: 57605 ns, At safepoint: 5892 ns, Total: 63497 ns
[2020-09-11T14:05:01.114+0000][1][safepoint    ] Safepoint "Cleanup", Time since last: 1000137319 ns, Reaching safepoint: 120624 ns, At safepoint: 6376 ns, Total: 127000 ns
[2020-09-11T14:05:02.123+0000][1][safepoint    ] Safepoint "Cleanup", Time since last: 1008585011 ns, Reaching safepoint: 86561 ns, At safepoint: 6759 ns, Total: 93320 ns
[2020-09-11T14:05:03.123+0000][1][safepoint    ] Safepoint "Cleanup", Time since last: 1000129340 ns, Reaching safepoint: 109641 ns, At safepoint: 15419 ns, Total: 125060 ns
[2020-09-11T14:05:04.123+0000][1][safepoint    ] Safepoint "Cleanup", Time since last: 1000186358 ns, Reaching safepoint: 125428 ns, At safepoint: 16705 ns, Total: 142133 ns
[2020-09-11T14:05:04.188+0000][1][gc,start     ] GC(72) Pause Young (Allocation Failure)
[2020-09-11T14:05:04.188+0000][1][gc,task      ] GC(72) Using 1 workers of 1 for evacuation
[2020-09-11T14:05:04.212+0000][1][gc,age       ] GC(72) Desired survivor size 4358144 bytes, new threshold 6 (max threshold 6)
[2020-09-11T14:05:04.212+0000][1][gc,age       ] GC(72) Age table with threshold 6 (max threshold 6)
[2020-09-11T14:05:04.212+0000][1][gc,age       ] GC(72) - age   1:      22848 bytes,      22848 total
[2020-09-11T14:05:04.212+0000][1][gc,age       ] GC(72) - age   2:      12632 bytes,      35480 total
[2020-09-11T14:05:04.212+0000][1][gc,age       ] GC(72) - age   3:      59536 bytes,      95016 total
[2020-09-11T14:05:04.212+0000][1][gc,age       ] GC(72) - age   4:     665808 bytes,     760824 total
[2020-09-11T14:05:04.212+0000][1][gc,age       ] GC(72) - age   5:     214792 bytes,     975616 total
[2020-09-11T14:05:04.212+0000][1][gc,age       ] GC(72) - age   6:     910616 bytes,    1886232 total
[2020-09-11T14:05:04.212+0000][1][gc,heap      ] GC(72) ParNew: 71393K->3030K(76672K)
[2020-09-11T14:05:04.212+0000][1][gc,heap      ] GC(72) CMS: 97196K->98345K(2011968K)
[2020-09-11T14:05:04.212+0000][1][gc,metaspace ] GC(72) Metaspace: 80081K->80081K(1122304K)
[2020-09-11T14:05:04.212+0000][1][gc           ] GC(72) Pause Young (Allocation Failure) 164M->98M(2039M) 24.064ms
[2020-09-11T14:05:04.212+0000][1][gc,cpu       ] GC(72) User=0.02s Sys=0.00s Real=0.02s
[2020-09-11T14:05:04.212+0000][1][safepoint    ] Safepoint "GenCollectForAllocation", Time since last: 64134067 ns, Reaching safepoint: 211138 ns, At safepoint: 24145814 ns, Total: 24356952 ns
[2020-09-11T14:05:05.214+0000][1][safepoint    ] Safepoint "Cleanup", Time since last: 1002252625 ns, Reaching safepoint: 61157 ns, At safepoint: 16749 ns, Total: 77906 ns
[2020-09-11T14:05:06.215+0000][1][safepoint    ] Safepoint "Cleanup", Time since last: 1000515129 ns, Reaching safepoint: 121395 ns, At safepoint: 13946 ns, Total: 135341 ns
[2020-09-11T14:05:07.216+0000][1][safepoint    ] Safepoint "Cleanup", Time since last: 1001015217 ns, Reaching safepoint: 93733 ns, At safepoint: 5740 ns, Total: 99473 ns
[2020-09-11T14:05:08.216+0000][1][safepoint    ] Safepoint "Cleanup", Time since last: 1000154160 ns, Reaching safepoint: 116781 ns, At safepoint: 13097 ns, Total: 129878 ns
[2020-09-11T14:05:09.217+0000][1][safepoint    ] Safepoint "Cleanup", Time since last: 1000150077 ns, Reaching safepoint: 177066 ns, At safepoint: 7441 ns, Total: 184507 ns
[2020-09-11T14:05:10.217+0000][1][safepoint    ] Safepoint "Cleanup", Time since last: 1000142116 ns, Reaching safepoint: 115014 ns, At safepoint: 6156 ns, Total: 121170 ns
[2020-09-11T14:05:11.217+0000][1][safepoint    ] Safepoint "Cleanup", Time since last: 1000167799 ns, Reaching safepoint: 125201 ns, At safepoint: 17456 ns, Total: 142657 ns
[2020-09-11T14:05:12.217+0000][1][safepoint    ] Safepoint "Cleanup", Time since last: 1000181678 ns, Reaching safepoint: 114466 ns, At safepoint: 6026 ns, Total: 120492 ns
[2020-09-11T14:05:13.218+0000][1][safepoint    ] Safepoint "Cleanup", Time since last: 1000138996 ns, Reaching safepoint: 121318 ns, At safepoint: 17103 ns, Total: 138421 ns
[2020-09-11T14:05:14.218+0000][1][safepoint    ] Safepoint "Cleanup", Time since last: 1000176235 ns, Reaching safepoint: 126159 ns, At safepoint: 4786 ns, Total: 130945 ns
[2020-09-11T14:05:16.218+0000][1][safepoint    ] Safepoint "Cleanup", Time since last: 2000279420 ns, Reaching safepoint: 124853 ns, At safepoint: 16074 ns, Total: 140927 ns
[2020-09-11T14:05:19.220+0000][1][safepoint    ] Safepoint "Cleanup", Time since last: 3001497842 ns, Reaching safepoint: 175961 ns, At safepoint: 18405 ns, Total: 194366 ns
[2020-09-11T14:05:22.221+0000][1][safepoint    ] Safepoint "Cleanup", Time since last: 3000583562 ns, Reaching safepoint: 96067 ns, At safepoint: 6307 ns, Total: 102374 ns
[2020-09-11T14:05:24.221+0000][1][safepoint    ] Safepoint "Cleanup", Time since last: 2000306547 ns, Reaching safepoint: 103360 ns, At safepoint: 6480 ns, Total: 109840 ns
[2020-09-11T14:05:25.222+0000][1][safepoint    ] Safepoint "Cleanup", Time since last: 1000201896 ns, Reaching safepoint: 119584 ns, At safepoint: 18282 ns, Total: 137866 ns
[2020-09-11T14:05:26.222+0000][1][safepoint    ] Safepoint "Cleanup", Time since last: 1000196959 ns, Reaching safepoint: 118402 ns, At safepoint: 16845 ns, Total: 135247 ns
[2020-09-11T14:05:27.222+0000][1][safepoint    ] Safepoint "Cleanup", Time since last: 1000289427 ns, Reaching safepoint: 120971 ns, At safepoint: 17624 ns, Total: 138595 ns
[2020-09-11T14:05:28.223+0000][1][safepoint    ] Safepoint "Cleanup", Time since last: 1000224365 ns, Reaching safepoint: 120286 ns, At safepoint: 18008 ns, Total: 138294 ns
[2020-09-11T14:05:29.223+0000][1][safepoint    ] Safepoint "Cleanup", Time since last: 1000179319 ns, Reaching safepoint: 119291 ns, At safepoint: 16808 ns, Total: 136099 ns
[2020-09-11T14:05:30.223+0000][1][safepoint    ] Safepoint "Cleanup", Time since last: 1000181610 ns, Reaching safepoint: 114082 ns, At safepoint: 5878 ns, Total: 119960 ns
[2020-09-11T14:05:31.224+0000][1][safepoint    ] Safepoint "Cleanup", Time since last: 1000196476 ns, Reaching safepoint: 121034 ns, At safepoint: 18423 ns, Total: 139457 ns
[2020-09-11T14:05:32.224+0000][1][safepoint    ] Safepoint "Cleanup", Time since last: 1000225961 ns, Reaching safepoint: 119681 ns, At safepoint: 16605 ns, Total: 136286 ns
[2020-09-11T14:05:33.224+0000][1][safepoint    ] Safepoint "Cleanup", Time since last: 1000243801 ns, Reaching safepoint: 130349 ns, At safepoint: 18358 ns, Total: 148707 ns
[2020-09-11T14:05:34.225+0000][1][safepoint    ] Safepoint "Cleanup", Time since last: 1000240394 ns, Reaching safepoint: 108520 ns, At safepoint: 7230 ns, Total: 115750 ns
[2020-09-11T14:05:35.132+0000][1][safepoint    ] Safepoint "RevokeBias", Time since last: 906815343 ns, Reaching safepoint: 126079 ns, At safepoint: 7801 ns, Total: 133880 ns
[2020-09-11T14:05:35.132+0000][1][safepoint    ] Safepoint "RevokeBias", Time since last: 99107 ns, Reaching safepoint: 90001 ns, At safepoint: 5132 ns, Total: 95133 ns
[2020-09-11T14:05:35.132+0000][1][safepoint    ] Safepoint "RevokeBias", Time since last: 245108 ns, Reaching safepoint: 144881 ns, At safepoint: 8281 ns, Total: 153162 ns
[2020-09-11T14:05:35.133+0000][1][safepoint    ] Safepoint "RevokeBias", Time since last: 401234 ns, Reaching safepoint: 119475 ns, At safepoint: 6893 ns, Total: 126368 ns
[2020-09-11T14:05:35.133+0000][1][safepoint    ] Safepoint "RevokeBias", Time since last: 116887 ns, Reaching safepoint: 259035 ns, At safepoint: 5959 ns, Total: 264994 ns
[2020-09-11T14:05:35.133+0000][1][safepoint    ] Safepoint "RevokeBias", Time since last: 175547 ns, Reaching safepoint: 101651 ns, At safepoint: 5597 ns, Total: 107248 ns
[2020-09-11T14:05:35.135+0000][1][safepoint    ] Safepoint "RevokeBias", Time since last: 1143626 ns, Reaching safepoint: 326038 ns, At safepoint: 6793 ns, Total: 332831 ns
[2020-09-11T14:05:35.135+0000][1][safepoint    ] Safepoint "RevokeBias", Time since last: 69625 ns, Reaching safepoint: 332605 ns, At safepoint: 5781 ns, Total: 338386 ns
[2020-09-11T14:05:35.136+0000][1][safepoint    ] Safepoint "RevokeBias", Time since last: 64072 ns, Reaching safepoint: 102325 ns, At safepoint: 5856 ns, Total: 108181 ns
[2020-09-11T14:05:35.136+0000][1][safepoint    ] Safepoint "RevokeBias", Time since last: 226254 ns, Reaching safepoint: 134949 ns, At safepoint: 6520 ns, Total: 141469 ns
[2020-09-11T14:05:35.136+0000][1][safepoint    ] Safepoint "RevokeBias", Time since last: 129492 ns, Reaching safepoint: 139692 ns, At safepoint: 17338 ns, Total: 157030 ns
[2020-09-11T14:05:35.139+0000][1][safepoint    ] Safepoint "RevokeBias", Time since last: 2770372 ns, Reaching safepoint: 158655 ns, At safepoint: 8466 ns, Total: 167121 ns
[2020-09-11T14:05:35.141+0000][1][safepoint    ] Safepoint "RevokeBias", Time since last: 1814710 ns, Reaching safepoint: 237262 ns, At safepoint: 9726 ns, Total: 246988 ns
[2020-09-11T14:05:35.142+0000][1][safepoint    ] Safepoint "RevokeBias", Time since last: 432255 ns, Reaching safepoint: 145076 ns, At safepoint: 7285 ns, Total: 152361 ns
[2020-09-11T14:05:35.142+0000][1][safepoint    ] Safepoint "RevokeBias", Time since last: 53609 ns, Reaching safepoint: 143906 ns, At safepoint: 5971 ns, Total: 149877 ns
[2020-09-11T14:05:35.142+0000][1][safepoint    ] Safepoint "RevokeBias", Time since last: 47706 ns, Reaching safepoint: 143140 ns, At safepoint: 6059 ns, Total: 149199 ns
[2020-09-11T14:05:35.143+0000][1][safepoint    ] Safepoint "RevokeBias", Time since last: 1083240 ns, Reaching safepoint: 189479 ns, At safepoint: 7292 ns, Total: 196771 ns
[2020-09-11T14:05:35.144+0000][1][safepoint    ] Safepoint "RevokeBias", Time since last: 47553 ns, Reaching safepoint: 136022 ns, At safepoint: 6623 ns, Total: 142645 ns
[2020-09-11T14:05:35.144+0000][1][safepoint    ] Safepoint "RevokeBias", Time since last: 198733 ns, Reaching safepoint: 141960 ns, At safepoint: 6868 ns, Total: 148828 ns
[2020-09-11T14:05:35.146+0000][1][safepoint    ] Safepoint "RevokeBias", Time since last: 1670413 ns, Reaching safepoint: 151756 ns, At safepoint: 9012 ns, Total: 160768 ns
[2020-09-11T14:05:35.148+0000][1][safepoint    ] Safepoint "RevokeBias", Time since last: 1867619 ns, Reaching safepoint: 162101 ns, At safepoint: 7349 ns, Total: 169450 ns
[2020-09-11T14:05:35.414+0000][1][safepoint    ] Safepoint "RevokeBias", Time since last: 265789122 ns, Reaching safepoint: 107924 ns, At safepoint: 21656 ns, Total: 129580 ns
[2020-09-11T14:05:35.419+0000][1][safepoint    ] Safepoint "RevokeBias", Time since last: 1779776 ns, Reaching safepoint: 3157110 ns, At safepoint: 31001 ns, Total: 3188111 ns
[2020-09-11T14:05:35.421+0000][1][safepoint    ] Safepoint "RevokeBias", Time since last: 2241752 ns, Reaching safepoint: 141467 ns, At safepoint: 9551 ns, Total: 151018 ns
[2020-09-11T14:05:35.424+0000][1][safepoint    ] Safepoint "RevokeBias", Time since last: 2473257 ns, Reaching safepoint: 82829 ns, At safepoint: 10502 ns, Total: 93331 ns
[2020-09-11T14:05:35.424+0000][1][safepoint    ] Safepoint "RevokeBias", Time since last: 74135 ns, Reaching safepoint: 51316 ns, At safepoint: 5293 ns, Total: 56609 ns
[2020-09-11T14:05:35.424+0000][1][safepoint    ] Safepoint "RevokeBias", Time since last: 305572 ns, Reaching safepoint: 33682 ns, At safepoint: 5250 ns, Total: 38932 ns
[2020-09-11T14:05:35.424+0000][1][safepoint    ] Safepoint "RevokeBias", Time since last: 55848 ns, Reaching safepoint: 24287 ns, At safepoint: 4491 ns, Total: 28778 ns
[2020-09-11T14:05:35.424+0000][1][safepoint    ] Safepoint "RevokeBias", Time since last: 114071 ns, Reaching safepoint: 25901 ns, At safepoint: 4547 ns, Total: 30448 ns
[2020-09-11T14:05:35.425+0000][1][safepoint    ] Safepoint "RevokeBias", Time since last: 424560 ns, Reaching safepoint: 22609 ns, At safepoint: 12480 ns, Total: 35089 ns
[2020-09-11T14:05:35.425+0000][1][safepoint    ] Safepoint "RevokeBias", Time since last: 30643 ns, Reaching safepoint: 17733 ns, At safepoint: 10903 ns, Total: 28636 ns
[2020-09-11T14:05:35.426+0000][1][safepoint    ] Safepoint "RevokeBias", Time since last: 717126 ns, Reaching safepoint: 22285 ns, At safepoint: 13228 ns, Total: 35513 ns
[2020-09-11T14:05:35.426+0000][1][safepoint    ] Safepoint "RevokeBias", Time since last: 111360 ns, Reaching safepoint: 18454 ns, At safepoint: 11695 ns, Total: 30149 ns
[2020-09-11T14:05:35.426+0000][1][safepoint    ] Safepoint "RevokeBias", Time since last: 31651 ns, Reaching safepoint: 16438 ns, At safepoint: 10875 ns, Total: 27313 ns
[2020-09-11T14:05:35.426+0000][1][safepoint    ] Safepoint "RevokeBias", Time since last: 65163 ns, Reaching safepoint: 17677 ns, At safepoint: 11095 ns, Total: 28772 ns
[2020-09-11T14:05:35.426+0000][1][safepoint    ] Safepoint "RevokeBias", Time since last: 50174 ns, Reaching safepoint: 16927 ns, At safepoint: 11169 ns, Total: 28096 ns
[2020-09-11T14:05:35.426+0000][1][safepoint    ] Safepoint "RevokeBias", Time since last: 57262 ns, Reaching safepoint: 16342 ns, At safepoint: 10974 ns, Total: 27316 ns
[2020-09-11T14:05:35.432+0000][1][safepoint    ] Safepoint "RevokeBias", Time since last: 5524638 ns, Reaching safepoint: 142457 ns, At safepoint: 31723 ns, Total: 174180 ns
[2020-09-11T14:05:35.433+0000][1][safepoint    ] Safepoint "RevokeBias", Time since last: 791621 ns, Reaching safepoint: 743330 ns, At safepoint: 28540 ns, Total: 771870 ns
[2020-09-11T14:05:35.472+0000][1][safepoint    ] Safepoint "RevokeBias", Time since last: 38655172 ns, Reaching safepoint: 144157 ns, At safepoint: 49431 ns, Total: 193588 ns
[2020-09-11T14:05:35.479+0000][1][safepoint    ] Safepoint "RevokeBias", Time since last: 1373853 ns, Reaching safepoint: 108454 ns, At safepoint: 5719840 ns, Total: 5828294 ns
[2020-09-11T14:05:35.483+0000][1][safepoint    ] Safepoint "RevokeBias", Time since last: 1530037 ns, Reaching safepoint: 1842682 ns, At safepoint: 152562 ns, Total: 1995244 ns
[2020-09-11T14:05:35.485+0000][1][safepoint    ] Safepoint "RevokeBias", Time since last: 617167 ns, Reaching safepoint: 1193473 ns, At safepoint: 41906 ns, Total: 1235379 ns
[2020-09-11T14:05:35.490+0000][1][safepoint    ] Safepoint "RevokeBias", Time since last: 4028880 ns, Reaching safepoint: 1607139 ns, At safepoint: 47151 ns, Total: 1654290 ns
[2020-09-11T14:05:35.491+0000][1][safepoint    ] Safepoint "RevokeBias", Time since last: 572656 ns, Reaching safepoint: 371338 ns, At safepoint: 32218 ns, Total: 403556 ns
[2020-09-11T14:05:35.496+0000][1][safepoint    ] Safepoint "RevokeBias", Time since last: 1572504 ns, Reaching safepoint: 2425643 ns, At safepoint: 49142 ns, Total: 2474785 ns
[2020-09-11T14:05:35.499+0000][1][safepoint    ] Safepoint "RevokeBias", Time since last: 2841634 ns, Reaching safepoint: 128392 ns, At safepoint: 48520 ns, Total: 176912 ns
[2020-09-11T14:05:35.501+0000][1][safepoint    ] Safepoint "BulkRevokeBias", Time since last: 2325679 ns, Reaching safepoint: 294413 ns, At safepoint: 191091 ns, Total: 485504 ns
[2020-09-11T14:05:35.536+0000][1][safepoint    ] Safepoint "RevokeBias", Time since last: 34086374 ns, Reaching safepoint: 293173 ns, At safepoint: 28075 ns, Total: 321248 ns
[2020-09-11T14:05:35.539+0000][1][safepoint    ] Safepoint "RevokeBias", Time since last: 885640 ns, Reaching safepoint: 2835548 ns, At safepoint: 24133 ns, Total: 2859681 ns
[2020-09-11T14:05:35.644+0000][1][safepoint    ] Safepoint "BulkRevokeBias", Time since last: 103536153 ns, Reaching safepoint: 492448 ns, At safepoint: 111595 ns, Total: 604043 ns
[2020-09-11T14:05:35.647+0000][1][safepoint    ] Safepoint "RevokeBias", Time since last: 406614 ns, Reaching safepoint: 3402806 ns, At safepoint: 15973 ns, Total: 3418779 ns
[2020-09-11T14:05:35.679+0000][1][safepoint    ] Safepoint "RevokeBias", Time since last: 27400722 ns, Reaching safepoint: 4369041 ns, At safepoint: 15954 ns, Total: 4384995 ns
[2020-09-11T14:05:35.680+0000][1][safepoint    ] Safepoint "RevokeBias", Time since last: 594464 ns, Reaching safepoint: 160724 ns, At safepoint: 7799 ns, Total: 168523 ns
[2020-09-11T14:05:35.681+0000][1][safepoint    ] Safepoint "RevokeBias", Time since last: 818922 ns, Reaching safepoint: 149204 ns, At safepoint: 8157 ns, Total: 157361 ns
[2020-09-11T14:05:35.684+0000][1][safepoint    ] Safepoint "BulkRevokeBias", Time since last: 2444799 ns, Reaching safepoint: 105251 ns, At safepoint: 94795 ns, Total: 200046 ns
[2020-09-11T14:05:35.685+0000][1][safepoint    ] Safepoint "RevokeBias", Time since last: 1546876 ns, Reaching safepoint: 174910 ns, At safepoint: 8117 ns, Total: 183027 ns
[2020-09-11T14:05:35.688+0000][1][safepoint    ] Safepoint "RevokeBias", Time since last: 2576136 ns, Reaching safepoint: 167664 ns, At safepoint: 9034 ns, Total: 176698 ns
[2020-09-11T14:05:35.688+0000][1][safepoint    ] Safepoint "RevokeBias", Time since last: 216170 ns, Reaching safepoint: 135915 ns, At safepoint: 6238 ns, Total: 142153 ns
[2020-09-11T14:05:35.692+0000][1][safepoint    ] Safepoint "RevokeBias", Time since last: 3445783 ns, Reaching safepoint: 142553 ns, At safepoint: 19585 ns, Total: 162138 ns
[2020-09-11T14:05:35.696+0000][1][safepoint    ] Safepoint "RevokeBias", Time since last: 3976582 ns, Reaching safepoint: 95841 ns, At safepoint: 6520 ns, Total: 102361 ns
[2020-09-11T14:05:35.700+0000][1][gc,heap,exit ] Heap
[2020-09-11T14:05:35.700+0000][1][gc,heap,exit ]  par new generation   total 76672K, used 45771K [0x0000000080000000, 0x0000000085330000, 0x0000000085330000)
[2020-09-11T14:05:35.700+0000][1][gc,heap,exit ]   eden space 68160K,  62% used [0x0000000080000000, 0x00000000829bd4f0, 0x0000000084290000)
[2020-09-11T14:05:35.700+0000][1][gc,heap,exit ]   from space 8512K,  35% used [0x0000000084290000, 0x0000000084585928, 0x0000000084ae0000)
[2020-09-11T14:05:35.700+0000][1][gc,heap,exit ]   to   space 8512K,   0% used [0x0000000084ae0000, 0x0000000084ae0000, 0x0000000085330000)
[2020-09-11T14:05:35.700+0000][1][gc,heap,exit ]  concurrent mark-sweep generation total 2011968K, used 98345K [0x0000000085330000, 0x0000000100000000, 0x0000000100000000)
[2020-09-11T14:05:35.700+0000][1][gc,heap,exit ]  Metaspace       used 80394K, capacity 86664K, committed 87032K, reserved 1124352K
[2020-09-11T14:05:35.700+0000][1][gc,heap,exit ]   class space    used 10708K, capacity 13275K, committed 13344K, reserved 1048576K
