[2020-09-11T14:22:32.045+0000][1][gc] Using Concurrent Mark Sweep
[2020-09-11T14:22:32.046+0000][1][gc,heap,coops] Heap address: 0x0000000080000000, size: 2048 MB, Compressed Oops mode: 32-bit
[2020-09-11T14:22:32.326+0000][1][safepoint    ] Safepoint "EnableBiasedLocking", Time since last: 250330628 ns, Reaching safepoint: 112087 ns, At safepoint: 40476 ns, Total: 152563 ns
[2020-09-11T14:22:32.343+0000][1][safepoint    ] Safepoint "RevokeBias", Time since last: 16817831 ns, Reaching safepoint: 475777 ns, At safepoint: 45736 ns, Total: 521513 ns
[2020-09-11T14:22:32.398+0000][1][safepoint    ] Safepoint "Deoptimize", Time since last: 51747736 ns, Reaching safepoint: 2876730 ns, At safepoint: 25337 ns, Total: 2902067 ns
[2020-09-11T14:22:33.063+0000][1][safepoint    ] Safepoint "RevokeBias", Time since last: 664010166 ns, Reaching safepoint: 1317523 ns, At safepoint: 42901 ns, Total: 1360424 ns
[2020-09-11T14:22:33.111+0000][1][safepoint    ] Safepoint "RevokeBias", Time since last: 43939975 ns, Reaching safepoint: 4012227 ns, At safepoint: 38295 ns, Total: 4050522 ns
[2020-09-11T14:22:33.115+0000][1][safepoint    ] Safepoint "Deoptimize", Time since last: 2046579 ns, Reaching safepoint: 1907976 ns, At safepoint: 30642 ns, Total: 1938618 ns
[2020-09-11T14:22:33.123+0000][1][safepoint    ] Safepoint "Deoptimize", Time since last: 5912592 ns, Reaching safepoint: 2045847 ns, At safepoint: 32303 ns, Total: 2078150 ns
[2020-09-11T14:22:33.351+0000][1][safepoint    ] Safepoint "Deoptimize", Time since last: 225372267 ns, Reaching safepoint: 2601248 ns, At safepoint: 48562 ns, Total: 2649810 ns
[2020-09-11T14:22:34.353+0000][1][safepoint    ] Safepoint "Cleanup", Time since last: 1001735544 ns, Reaching safepoint: 130961 ns, At safepoint: 5218 ns, Total: 136179 ns
[2020-09-11T14:22:35.356+0000][1][safepoint    ] Safepoint "Cleanup", Time since last: 1002051805 ns, Reaching safepoint: 117659 ns, At safepoint: 6177 ns, Total: 123836 ns
[2020-09-11T14:22:35.644+0000][1][safepoint    ] Safepoint "Deoptimize", Time since last: 287900623 ns, Reaching safepoint: 103923 ns, At safepoint: 62499 ns, Total: 166422 ns
[2020-09-11T14:22:35.960+0000][1][safepoint    ] Safepoint "Deoptimize", Time since last: 312211960 ns, Reaching safepoint: 3637958 ns, At safepoint: 65575 ns, Total: 3703533 ns
[2020-09-11T14:22:36.292+0000][1][safepoint    ] Safepoint "Deoptimize", Time since last: 327912612 ns, Reaching safepoint: 4032991 ns, At safepoint: 74936 ns, Total: 4107927 ns
[2020-09-11T14:22:37.292+0000][1][safepoint    ] Safepoint "Cleanup", Time since last: 1000118630 ns, Reaching safepoint: 131217 ns, At safepoint: 5299 ns, Total: 136516 ns
[2020-09-11T14:22:38.152+0000][1][safepoint    ] Safepoint "Deoptimize", Time since last: 859631164 ns, Reaching safepoint: 109498 ns, At safepoint: 78339 ns, Total: 187837 ns
[2020-09-11T14:22:39.159+0000][1][safepoint    ] Safepoint "Cleanup", Time since last: 1007400208 ns, Reaching safepoint: 40855 ns, At safepoint: 6235 ns, Total: 47090 ns
[2020-09-11T14:22:40.417+0000][1][safepoint    ] Safepoint "Deoptimize", Time since last: 1257477292 ns, Reaching safepoint: 97520 ns, At safepoint: 77197 ns, Total: 174717 ns
[2020-09-11T14:22:41.418+0000][1][safepoint    ] Safepoint "Cleanup", Time since last: 1000789580 ns, Reaching safepoint: 109611 ns, At safepoint: 6317 ns, Total: 115928 ns
[2020-09-11T14:22:42.336+0000][1][safepoint    ] Safepoint "Deoptimize", Time since last: 917865280 ns, Reaching safepoint: 113535 ns, At safepoint: 101569 ns, Total: 215104 ns
[2020-09-11T14:22:42.352+0000][1][safepoint    ] Safepoint "Deoptimize", Time since last: 15907849 ns, Reaching safepoint: 18403 ns, At safepoint: 99089 ns, Total: 117492 ns
[2020-09-11T14:22:42.612+0000][1][safepoint    ] Safepoint "Deoptimize", Time since last: 256416928 ns, Reaching safepoint: 3312578 ns, At safepoint: 109251 ns, Total: 3421829 ns
[2020-09-11T14:22:42.634+0000][1][safepoint    ] Safepoint "Deoptimize", Time since last: 22329370 ns, Reaching safepoint: 95399 ns, At safepoint: 102816 ns, Total: 198215 ns
[2020-09-11T14:22:42.698+0000][1][safepoint    ] Safepoint "RevokeBias", Time since last: 63312427 ns, Reaching safepoint: 93219 ns, At safepoint: 23661 ns, Total: 116880 ns
[2020-09-11T14:22:42.698+0000][1][safepoint    ] Safepoint "RevokeBias", Time since last: 417808 ns, Reaching safepoint: 78263 ns, At safepoint: 16291 ns, Total: 94554 ns
[2020-09-11T14:22:42.698+0000][1][safepoint    ] Safepoint "RevokeBias", Time since last: 60949 ns, Reaching safepoint: 76119 ns, At safepoint: 14077 ns, Total: 90196 ns
[2020-09-11T14:22:42.703+0000][1][safepoint    ] Safepoint "RevokeBias", Time since last: 4878947 ns, Reaching safepoint: 102335 ns, At safepoint: 25374 ns, Total: 127709 ns
[2020-09-11T14:22:43.547+0000][1][safepoint    ] Safepoint "RevokeBias", Time since last: 841390068 ns, Reaching safepoint: 2893013 ns, At safepoint: 18080 ns, Total: 2911093 ns
[2020-09-11T14:22:44.556+0000][1][safepoint    ] Safepoint "Cleanup", Time since last: 1007941176 ns, Reaching safepoint: 124690 ns, At safepoint: 6311 ns, Total: 131001 ns
[2020-09-11T14:22:45.566+0000][1][safepoint    ] Safepoint "Cleanup", Time since last: 1007868960 ns, Reaching safepoint: 2263181 ns, At safepoint: 7847 ns, Total: 2271028 ns
[2020-09-11T14:22:45.609+0000][1][gc,start     ] GC(0) Pause Young (Allocation Failure)
[2020-09-11T14:22:45.609+0000][1][gc,task      ] GC(0) Using 1 workers of 1 for evacuation
[2020-09-11T14:22:45.713+0000][1][gc,age       ] GC(0) Desired survivor size 4358144 bytes, new threshold 1 (max threshold 6)
[2020-09-11T14:22:45.713+0000][1][gc,age       ] GC(0) Age table with threshold 1 (max threshold 6)
[2020-09-11T14:22:45.713+0000][1][gc,age       ] GC(0) - age   1:    6443256 bytes,    6443256 total
[2020-09-11T14:22:45.713+0000][1][gc,heap      ] GC(0) ParNew: 68160K->6322K(76672K)
[2020-09-11T14:22:45.713+0000][1][gc,heap      ] GC(0) CMS: 0K->0K(2011968K)
[2020-09-11T14:22:45.713+0000][1][gc,metaspace ] GC(0) Metaspace: 13629K->13629K(1060864K)
[2020-09-11T14:22:45.713+0000][1][gc           ] GC(0) Pause Young (Allocation Failure) 66M->6M(2039M) 103.908ms
[2020-09-11T14:22:45.713+0000][1][gc,cpu       ] GC(0) User=0.02s Sys=0.00s Real=0.10s
[2020-09-11T14:22:45.713+0000][1][safepoint    ] Safepoint "GenCollectForAllocation", Time since last: 43037297 ns, Reaching safepoint: 132021 ns, At safepoint: 104418905 ns, Total: 104550926 ns
[2020-09-11T14:22:45.752+0000][1][safepoint    ] Safepoint "RevokeBias", Time since last: 35412254 ns, Reaching safepoint: 2736799 ns, At safepoint: 262937 ns, Total: 2999736 ns
[2020-09-11T14:22:45.761+0000][1][safepoint    ] Safepoint "RevokeBias", Time since last: 120619 ns, Reaching safepoint: 9427928 ns, At safepoint: 60950 ns, Total: 9488878 ns
[2020-09-11T14:22:45.763+0000][1][safepoint    ] Safepoint "RevokeBias", Time since last: 1191950 ns, Reaching safepoint: 89248 ns, At safepoint: 45564 ns, Total: 134812 ns
[2020-09-11T14:22:45.763+0000][1][safepoint    ] Safepoint "RevokeBias", Time since last: 32282 ns, Reaching safepoint: 77697 ns, At safepoint: 24384 ns, Total: 102081 ns
[2020-09-11T14:22:45.763+0000][1][safepoint    ] Safepoint "RevokeBias", Time since last: 32909 ns, Reaching safepoint: 607271 ns, At safepoint: 27054 ns, Total: 634325 ns
[2020-09-11T14:22:45.768+0000][1][safepoint    ] Safepoint "RevokeBias", Time since last: 29094 ns, Reaching safepoint: 4012031 ns, At safepoint: 39431 ns, Total: 4051462 ns
[2020-09-11T14:22:45.768+0000][1][safepoint    ] Safepoint "RevokeBias", Time since last: 44007 ns, Reaching safepoint: 78410 ns, At safepoint: 27502 ns, Total: 105912 ns
[2020-09-11T14:22:45.768+0000][1][safepoint    ] Safepoint "RevokeBias", Time since last: 25642 ns, Reaching safepoint: 77656 ns, At safepoint: 24772 ns, Total: 102428 ns
[2020-09-11T14:22:45.770+0000][1][safepoint    ] Safepoint "RevokeBias", Time since last: 32266 ns, Reaching safepoint: 1689092 ns, At safepoint: 36828 ns, Total: 1725920 ns
[2020-09-11T14:22:45.770+0000][1][safepoint    ] Safepoint "RevokeBias", Time since last: 35322 ns, Reaching safepoint: 80822 ns, At safepoint: 25552 ns, Total: 106374 ns
[2020-09-11T14:22:45.770+0000][1][safepoint    ] Safepoint "RevokeBias", Time since last: 37117 ns, Reaching safepoint: 78597 ns, At safepoint: 24463 ns, Total: 103060 ns
[2020-09-11T14:22:45.770+0000][1][safepoint    ] Safepoint "RevokeBias", Time since last: 46569 ns, Reaching safepoint: 86367 ns, At safepoint: 24921 ns, Total: 111288 ns
[2020-09-11T14:22:45.770+0000][1][safepoint    ] Safepoint "RevokeBias", Time since last: 54922 ns, Reaching safepoint: 78496 ns, At safepoint: 30586 ns, Total: 109082 ns
[2020-09-11T14:22:45.770+0000][1][safepoint    ] Safepoint "RevokeBias", Time since last: 24207 ns, Reaching safepoint: 77594 ns, At safepoint: 24537 ns, Total: 102131 ns
[2020-09-11T14:22:45.771+0000][1][safepoint    ] Safepoint "RevokeBias", Time since last: 41528 ns, Reaching safepoint: 1084791 ns, At safepoint: 29311 ns, Total: 1114102 ns
[2020-09-11T14:22:45.772+0000][1][safepoint    ] Safepoint "RevokeBias", Time since last: 27486 ns, Reaching safepoint: 218350 ns, At safepoint: 29863 ns, Total: 248213 ns
[2020-09-11T14:22:45.772+0000][1][safepoint    ] Safepoint "RevokeBias", Time since last: 171998 ns, Reaching safepoint: 81359 ns, At safepoint: 35193 ns, Total: 116552 ns
[2020-09-11T14:22:45.772+0000][1][safepoint    ] Safepoint "RevokeBias", Time since last: 25925 ns, Reaching safepoint: 78751 ns, At safepoint: 24913 ns, Total: 103664 ns
[2020-09-11T14:22:45.772+0000][1][safepoint    ] Safepoint "RevokeBias", Time since last: 46785 ns, Reaching safepoint: 79831 ns, At safepoint: 25040 ns, Total: 104871 ns
[2020-09-11T14:22:45.772+0000][1][safepoint    ] Safepoint "RevokeBias", Time since last: 25300 ns, Reaching safepoint: 79444 ns, At safepoint: 25065 ns, Total: 104509 ns
[2020-09-11T14:22:45.775+0000][1][safepoint    ] Safepoint "RevokeBias", Time since last: 44454 ns, Reaching safepoint: 2957310 ns, At safepoint: 34287 ns, Total: 2991597 ns
[2020-09-11T14:22:45.779+0000][1][safepoint    ] Safepoint "RevokeBias", Time since last: 309495 ns, Reaching safepoint: 3035900 ns, At safepoint: 505224 ns, Total: 3541124 ns
[2020-09-11T14:22:45.780+0000][1][safepoint    ] Safepoint "RevokeBias", Time since last: 160666 ns, Reaching safepoint: 87630 ns, At safepoint: 221033 ns, Total: 308663 ns
[2020-09-11T14:22:45.780+0000][1][safepoint    ] Safepoint "RevokeBias", Time since last: 30862 ns, Reaching safepoint: 278759 ns, At safepoint: 27575 ns, Total: 306334 ns
[2020-09-11T14:22:45.780+0000][1][safepoint    ] Safepoint "RevokeBias", Time since last: 41505 ns, Reaching safepoint: 81563 ns, At safepoint: 86664 ns, Total: 168227 ns
[2020-09-11T14:22:45.781+0000][1][safepoint    ] Safepoint "RevokeBias", Time since last: 27052 ns, Reaching safepoint: 80259 ns, At safepoint: 592741 ns, Total: 673000 ns
[2020-09-11T14:22:45.783+0000][1][safepoint    ] Safepoint "RevokeBias", Time since last: 44309 ns, Reaching safepoint: 1742956 ns, At safepoint: 360689 ns, Total: 2103645 ns
[2020-09-11T14:22:45.783+0000][1][safepoint    ] Safepoint "RevokeBias", Time since last: 39909 ns, Reaching safepoint: 86280 ns, At safepoint: 23619 ns, Total: 109899 ns
[2020-09-11T14:22:45.805+0000][1][safepoint    ] Safepoint "RevokeBias", Time since last: 1121650 ns, Reaching safepoint: 3005781 ns, At safepoint: 17306888 ns, Total: 20312669 ns
[2020-09-11T14:22:45.811+0000][1][safepoint    ] Safepoint "RevokeBias", Time since last: 58150 ns, Reaching safepoint: 6654891 ns, At safepoint: 36123 ns, Total: 6691014 ns
[2020-09-11T14:22:45.980+0000][1][safepoint    ] Safepoint "Deoptimize", Time since last: 163936487 ns, Reaching safepoint: 4032373 ns, At safepoint: 179713 ns, Total: 4212086 ns
[2020-09-11T14:22:46.988+0000][1][safepoint    ] Safepoint "Cleanup", Time since last: 1007786953 ns, Reaching safepoint: 141653 ns, At safepoint: 8561 ns, Total: 150214 ns
[2020-09-11T14:22:47.617+0000][1][safepoint    ] Safepoint "RevokeBias", Time since last: 629351439 ns, Reaching safepoint: 102593 ns, At safepoint: 26142 ns, Total: 128735 ns
[2020-09-11T14:22:48.623+0000][1][safepoint    ] Safepoint "Cleanup", Time since last: 1006364541 ns, Reaching safepoint: 54205 ns, At safepoint: 7730 ns, Total: 61935 ns
[2020-09-11T14:22:49.564+0000][1][safepoint    ] Safepoint "Deoptimize", Time since last: 935971014 ns, Reaching safepoint: 3999244 ns, At safepoint: 153012 ns, Total: 4152256 ns
[2020-09-11T14:22:50.132+0000][1][gc,start     ] GC(1) Pause Young (Allocation Failure)
[2020-09-11T14:22:50.132+0000][1][gc,task      ] GC(1) Using 1 workers of 1 for evacuation
[2020-09-11T14:22:50.353+0000][1][gc,age       ] GC(1) Desired survivor size 4358144 bytes, new threshold 6 (max threshold 6)
[2020-09-11T14:22:50.353+0000][1][gc,age       ] GC(1) Age table with threshold 6 (max threshold 6)
[2020-09-11T14:22:50.353+0000][1][gc,age       ] GC(1) - age   1:    3745656 bytes,    3745656 total
[2020-09-11T14:22:50.353+0000][1][gc,heap      ] GC(1) ParNew: 74482K->4242K(76672K)
[2020-09-11T14:22:50.353+0000][1][gc,heap      ] GC(1) CMS: 0K->6835K(2011968K)
[2020-09-11T14:22:50.353+0000][1][gc,metaspace ] GC(1) Metaspace: 18184K->18184K(1067008K)
[2020-09-11T14:22:50.353+0000][1][gc           ] GC(1) Pause Young (Allocation Failure) 72M->10M(2039M) 221.061ms
[2020-09-11T14:22:50.353+0000][1][gc,cpu       ] GC(1) User=0.06s Sys=0.00s Real=0.22s
[2020-09-11T14:22:50.353+0000][1][safepoint    ] Safepoint "GenCollectForAllocation", Time since last: 567825003 ns, Reaching safepoint: 116901 ns, At safepoint: 221920763 ns, Total: 222037664 ns
[2020-09-11T14:22:50.395+0000][1][safepoint    ] Safepoint "BulkRevokeBias", Time since last: 41228362 ns, Reaching safepoint: 489692 ns, At safepoint: 97455 ns, Total: 587147 ns
[2020-09-11T14:22:50.396+0000][1][safepoint    ] Safepoint "RevokeBias", Time since last: 136955 ns, Reaching safepoint: 82298 ns, At safepoint: 34324 ns, Total: 116622 ns
[2020-09-11T14:22:50.397+0000][1][safepoint    ] Safepoint "RevokeBias", Time since last: 42733 ns, Reaching safepoint: 1115928 ns, At safepoint: 40700 ns, Total: 1156628 ns
[2020-09-11T14:22:50.397+0000][1][safepoint    ] Safepoint "RevokeBias", Time since last: 38328 ns, Reaching safepoint: 83923 ns, At safepoint: 33181 ns, Total: 117104 ns
[2020-09-11T14:22:50.397+0000][1][safepoint    ] Safepoint "RevokeBias", Time since last: 27005 ns, Reaching safepoint: 409726 ns, At safepoint: 47089 ns, Total: 456815 ns
[2020-09-11T14:22:50.400+0000][1][safepoint    ] Safepoint "RevokeBias", Time since last: 37287 ns, Reaching safepoint: 2019876 ns, At safepoint: 64169 ns, Total: 2084045 ns
[2020-09-11T14:22:50.401+0000][1][safepoint    ] Safepoint "RevokeBias", Time since last: 50083 ns, Reaching safepoint: 1392952 ns, At safepoint: 60020 ns, Total: 1452972 ns
[2020-09-11T14:22:50.401+0000][1][safepoint    ] Safepoint "BulkRevokeBias", Time since last: 56778 ns, Reaching safepoint: 83642 ns, At safepoint: 64767 ns, Total: 148409 ns
[2020-09-11T14:22:50.401+0000][1][safepoint    ] Safepoint "BulkRevokeBias", Time since last: 27584 ns, Reaching safepoint: 82207 ns, At safepoint: 57547 ns, Total: 139754 ns
[2020-09-11T14:22:50.618+0000][1][safepoint    ] Safepoint "Deoptimize", Time since last: 215979039 ns, Reaching safepoint: 107816 ns, At safepoint: 160188 ns, Total: 268004 ns
[2020-09-11T14:22:50.696+0000][1][safepoint    ] Safepoint "Deoptimize", Time since last: 76136574 ns, Reaching safepoint: 1688621 ns, At safepoint: 169921 ns, Total: 1858542 ns
[2020-09-11T14:22:51.706+0000][1][safepoint    ] Safepoint "Cleanup", Time since last: 1009879565 ns, Reaching safepoint: 113356 ns, At safepoint: 6376 ns, Total: 119732 ns
[2020-09-11T14:22:51.864+0000][1][safepoint    ] Safepoint "Deoptimize", Time since last: 155912455 ns, Reaching safepoint: 1916945 ns, At safepoint: 180187 ns, Total: 2097132 ns
[2020-09-11T14:22:51.868+0000][1][safepoint    ] Safepoint "RevokeBias", Time since last: 566640 ns, Reaching safepoint: 3268718 ns, At safepoint: 54229 ns, Total: 3322947 ns
[2020-09-11T14:22:51.873+0000][1][safepoint    ] Safepoint "Deoptimize", Time since last: 1021125 ns, Reaching safepoint: 4631000 ns, At safepoint: 185506 ns, Total: 4816506 ns
[2020-09-11T14:22:52.884+0000][1][safepoint    ] Safepoint "Cleanup", Time since last: 1010065056 ns, Reaching safepoint: 119950 ns, At safepoint: 6898 ns, Total: 126848 ns
[2020-09-11T14:22:53.264+0000][1][safepoint    ] Safepoint "RevokeBias", Time since last: 379969690 ns, Reaching safepoint: 108667 ns, At safepoint: 33807 ns, Total: 142474 ns
[2020-09-11T14:22:53.292+0000][1][safepoint    ] Safepoint "RevokeBias", Time since last: 27777254 ns, Reaching safepoint: 107924 ns, At safepoint: 35467 ns, Total: 143391 ns
[2020-09-11T14:22:53.568+0000][1][gc,start     ] GC(2) Pause Young (Allocation Failure)
[2020-09-11T14:22:53.568+0000][1][gc,task      ] GC(2) Using 1 workers of 1 for evacuation
[2020-09-11T14:22:53.654+0000][1][gc,age       ] GC(2) Desired survivor size 4358144 bytes, new threshold 2 (max threshold 6)
[2020-09-11T14:22:53.654+0000][1][gc,age       ] GC(2) Age table with threshold 2 (max threshold 6)
[2020-09-11T14:22:53.654+0000][1][gc,age       ] GC(2) - age   1:    2701896 bytes,    2701896 total
[2020-09-11T14:22:53.654+0000][1][gc,age       ] GC(2) - age   2:    3553160 bytes,    6255056 total
[2020-09-11T14:22:53.654+0000][1][gc,heap      ] GC(2) ParNew: 72402K->7621K(76672K)
[2020-09-11T14:22:53.654+0000][1][gc,heap      ] GC(2) CMS: 6835K->6835K(2011968K)
[2020-09-11T14:22:53.654+0000][1][gc,metaspace ] GC(2) Metaspace: 20093K->20093K(1067008K)
[2020-09-11T14:22:53.654+0000][1][gc           ] GC(2) Pause Young (Allocation Failure) 77M->14M(2039M) 86.500ms
[2020-09-11T14:22:53.654+0000][1][gc,cpu       ] GC(2) User=0.02s Sys=0.00s Real=0.08s
[2020-09-11T14:22:53.683+0000][1][safepoint    ] Safepoint "GenCollectForAllocation", Time since last: 275865097 ns, Reaching safepoint: 120157 ns, At safepoint: 115866874 ns, Total: 115987031 ns
[2020-09-11T14:22:53.726+0000][1][safepoint    ] Safepoint "RevokeBias", Time since last: 42078426 ns, Reaching safepoint: 117336 ns, At safepoint: 38165 ns, Total: 155501 ns
[2020-09-11T14:22:53.726+0000][1][safepoint    ] Safepoint "RevokeBias", Time since last: 96202 ns, Reaching safepoint: 83046 ns, At safepoint: 34346 ns, Total: 117392 ns
[2020-09-11T14:22:53.726+0000][1][safepoint    ] Safepoint "RevokeBias", Time since last: 67241 ns, Reaching safepoint: 80837 ns, At safepoint: 19073 ns, Total: 99910 ns
[2020-09-11T14:22:53.726+0000][1][safepoint    ] Safepoint "RevokeBias", Time since last: 35582 ns, Reaching safepoint: 81726 ns, At safepoint: 22597 ns, Total: 104323 ns
[2020-09-11T14:22:53.726+0000][1][safepoint    ] Safepoint "RevokeBias", Time since last: 34938 ns, Reaching safepoint: 79662 ns, At safepoint: 19567 ns, Total: 99229 ns
[2020-09-11T14:22:53.726+0000][1][safepoint    ] Safepoint "RevokeBias", Time since last: 37792 ns, Reaching safepoint: 80855 ns, At safepoint: 19692 ns, Total: 100547 ns
[2020-09-11T14:22:53.727+0000][1][safepoint    ] Safepoint "RevokeBias", Time since last: 37571 ns, Reaching safepoint: 80294 ns, At safepoint: 19471 ns, Total: 99765 ns
[2020-09-11T14:22:53.752+0000][1][safepoint    ] Safepoint "RevokeBias", Time since last: 24814139 ns, Reaching safepoint: 106011 ns, At safepoint: 27185 ns, Total: 133196 ns
[2020-09-11T14:22:54.756+0000][1][safepoint    ] Safepoint "Cleanup", Time since last: 1003859410 ns, Reaching safepoint: 119579 ns, At safepoint: 7000 ns, Total: 126579 ns
[2020-09-11T14:22:54.820+0000][1][gc,start     ] GC(3) Pause Young (Allocation Failure)
[2020-09-11T14:22:54.820+0000][1][gc,task      ] GC(3) Using 1 workers of 1 for evacuation
[2020-09-11T14:22:54.911+0000][1][gc,age       ] GC(3) Desired survivor size 4358144 bytes, new threshold 6 (max threshold 6)
[2020-09-11T14:22:54.911+0000][1][gc,age       ] GC(3) Age table with threshold 6 (max threshold 6)
[2020-09-11T14:22:54.911+0000][1][gc,age       ] GC(3) - age   1:    1706800 bytes,    1706800 total
[2020-09-11T14:22:54.911+0000][1][gc,age       ] GC(3) - age   2:     689832 bytes,    2396632 total
[2020-09-11T14:22:54.911+0000][1][gc,heap      ] GC(3) ParNew: 75781K->5522K(76672K)
[2020-09-11T14:22:54.911+0000][1][gc,heap      ] GC(3) CMS: 6835K->10333K(2011968K)
[2020-09-11T14:22:54.911+0000][1][gc,metaspace ] GC(3) Metaspace: 20343K->20343K(1067008K)
[2020-09-11T14:22:54.911+0000][1][gc           ] GC(3) Pause Young (Allocation Failure) 80M->15M(2039M) 91.664ms
[2020-09-11T14:22:54.911+0000][1][gc,cpu       ] GC(3) User=0.02s Sys=0.00s Real=0.09s
[2020-09-11T14:22:54.935+0000][1][safepoint    ] Safepoint "GenCollectForAllocation", Time since last: 63897049 ns, Reaching safepoint: 98908 ns, At safepoint: 115888992 ns, Total: 115987900 ns
[2020-09-11T14:22:54.987+0000][1][safepoint    ] Safepoint "RevokeBias", Time since last: 32494153 ns, Reaching safepoint: 19390703 ns, At safepoint: 33391 ns, Total: 19424094 ns
[2020-09-11T14:22:54.988+0000][1][safepoint    ] Safepoint "RevokeBias", Time since last: 81872 ns, Reaching safepoint: 79753 ns, At safepoint: 17566 ns, Total: 97319 ns
[2020-09-11T14:22:54.988+0000][1][safepoint    ] Safepoint "RevokeBias", Time since last: 49145 ns, Reaching safepoint: 78956 ns, At safepoint: 17545 ns, Total: 96501 ns
[2020-09-11T14:22:54.988+0000][1][safepoint    ] Safepoint "RevokeBias", Time since last: 29425 ns, Reaching safepoint: 77578 ns, At safepoint: 17467 ns, Total: 95045 ns
[2020-09-11T14:22:54.988+0000][1][safepoint    ] Safepoint "RevokeBias", Time since last: 34936 ns, Reaching safepoint: 77710 ns, At safepoint: 16248 ns, Total: 93958 ns
[2020-09-11T14:22:54.988+0000][1][safepoint    ] Safepoint "RevokeBias", Time since last: 28449 ns, Reaching safepoint: 77895 ns, At safepoint: 25385 ns, Total: 103280 ns
[2020-09-11T14:22:54.992+0000][1][safepoint    ] Safepoint "RevokeBias", Time since last: 3362397 ns, Reaching safepoint: 91079 ns, At safepoint: 32823 ns, Total: 123902 ns
[2020-09-11T14:22:54.992+0000][1][safepoint    ] Safepoint "RevokeBias", Time since last: 48594 ns, Reaching safepoint: 78938 ns, At safepoint: 25049 ns, Total: 103987 ns
[2020-09-11T14:22:55.712+0000][1][safepoint    ] Safepoint "CollectForMetadataAllocation", Time since last: 720531380 ns, Reaching safepoint: 106387 ns, At safepoint: 91453 ns, Total: 197840 ns
[2020-09-11T14:22:55.985+0000][1][safepoint    ] Safepoint "CollectForMetadataAllocation", Time since last: 272705173 ns, Reaching safepoint: 106970 ns, At safepoint: 110429 ns, Total: 217399 ns
[2020-09-11T14:22:56.130+0000][1][gc,start     ] GC(4) Pause Young (Allocation Failure)
[2020-09-11T14:22:56.130+0000][1][gc,task      ] GC(4) Using 1 workers of 1 for evacuation
[2020-09-11T14:22:56.200+0000][1][gc,age       ] GC(4) Desired survivor size 4358144 bytes, new threshold 6 (max threshold 6)
[2020-09-11T14:22:56.200+0000][1][gc,age       ] GC(4) Age table with threshold 6 (max threshold 6)
[2020-09-11T14:22:56.200+0000][1][gc,age       ] GC(4) - age   1:    1444656 bytes,    1444656 total
[2020-09-11T14:22:56.200+0000][1][gc,age       ] GC(4) - age   2:     351360 bytes,    1796016 total
[2020-09-11T14:22:56.200+0000][1][gc,age       ] GC(4) - age   3:     689736 bytes,    2485752 total
[2020-09-11T14:22:56.200+0000][1][gc,heap      ] GC(4) ParNew: 73682K->4516K(76672K)
[2020-09-11T14:22:56.200+0000][1][gc,heap      ] GC(4) CMS: 10333K->10333K(2011968K)
[2020-09-11T14:22:56.200+0000][1][gc,metaspace ] GC(4) Metaspace: 20874K->20874K(1069056K)
[2020-09-11T14:22:56.200+0000][1][gc           ] GC(4) Pause Young (Allocation Failure) 82M->14M(2039M) 70.048ms
[2020-09-11T14:22:56.200+0000][1][gc,cpu       ] GC(4) User=0.02s Sys=0.00s Real=0.07s
[2020-09-11T14:22:56.211+0000][1][safepoint    ] Safepoint "GenCollectForAllocation", Time since last: 144240640 ns, Reaching safepoint: 54203 ns, At safepoint: 81806666 ns, Total: 81860869 ns
[2020-09-11T14:22:56.249+0000][1][gc,start     ] GC(5) Pause Initial Mark
[2020-09-11T14:22:56.251+0000][1][gc           ] GC(5) Pause Initial Mark 19M->19M(2039M) 2.012ms
[2020-09-11T14:22:56.251+0000][1][gc,cpu       ] GC(5) User=0.00s Sys=0.00s Real=0.00s
[2020-09-11T14:22:56.276+0000][1][safepoint    ] Safepoint "BulkRevokeBias", Time since last: 16091610 ns, Reaching safepoint: 20991332 ns, At safepoint: 27553494 ns, Total: 48544826 ns
[2020-09-11T14:22:56.276+0000][1][gc           ] GC(5) Concurrent Mark
[2020-09-11T14:22:56.316+0000][1][safepoint    ] Safepoint "RevokeBias", Time since last: 12835344 ns, Reaching safepoint: 27430847 ns, At safepoint: 29507 ns, Total: 27460354 ns
[2020-09-11T14:22:56.355+0000][1][safepoint    ] Safepoint "RevokeBias", Time since last: 14852071 ns, Reaching safepoint: 24223149 ns, At safepoint: 41115 ns, Total: 24264264 ns
[2020-09-11T14:22:56.358+0000][1][safepoint    ] Safepoint "RevokeBias", Time since last: 85532 ns, Reaching safepoint: 2667595 ns, At safepoint: 31931 ns, Total: 2699526 ns
[2020-09-11T14:22:56.359+0000][1][safepoint    ] Safepoint "RevokeBias", Time since last: 63732 ns, Reaching safepoint: 1083101 ns, At safepoint: 27169 ns, Total: 1110270 ns
[2020-09-11T14:22:56.360+0000][1][safepoint    ] Safepoint "RevokeBias", Time since last: 36782 ns, Reaching safepoint: 82835 ns, At safepoint: 24133 ns, Total: 106968 ns
[2020-09-11T14:22:56.435+0000][1][gc           ] GC(5) Concurrent Mark 158.847ms
[2020-09-11T14:22:56.435+0000][1][gc,cpu       ] GC(5) User=0.04s Sys=0.00s Real=0.15s
[2020-09-11T14:22:56.435+0000][1][gc           ] GC(5) Concurrent Preclean
[2020-09-11T14:22:56.481+0000][1][gc           ] GC(5) Concurrent Preclean 46.408ms
[2020-09-11T14:22:56.482+0000][1][gc,cpu       ] GC(5) User=0.01s Sys=0.00s Real=0.05s
[2020-09-11T14:22:56.482+0000][1][gc           ] GC(5) Concurrent Abortable Preclean
[2020-09-11T14:22:56.983+0000][1][safepoint    ] Safepoint "CollectForMetadataAllocation", Time since last: 623519314 ns, Reaching safepoint: 99530 ns, At safepoint: 113631 ns, Total: 213161 ns
[2020-09-11T14:22:56.984+0000][1][safepoint    ] Safepoint "RevokeBias", Time since last: 589992 ns, Reaching safepoint: 11896 ns, At safepoint: 10878 ns, Total: 22774 ns
[2020-09-11T14:22:57.024+0000][1][safepoint    ] Safepoint "RevokeBias", Time since last: 23519710 ns, Reaching safepoint: 16020810 ns, At safepoint: 85235 ns, Total: 16106045 ns
[2020-09-11T14:22:57.026+0000][1][safepoint    ] Safepoint "Deoptimize", Time since last: 1973414 ns, Reaching safepoint: 95065 ns, At safepoint: 179600 ns, Total: 274665 ns
[2020-09-11T14:22:57.508+0000][1][safepoint    ] Safepoint "Deoptimize", Time since last: 481633727 ns, Reaching safepoint: 116414 ns, At safepoint: 206553 ns, Total: 322967 ns
[2020-09-11T14:22:57.576+0000][1][safepoint    ] Safepoint "RevokeBias", Time since last: 67683509 ns, Reaching safepoint: 107358 ns, At safepoint: 37597 ns, Total: 144955 ns
[2020-09-11T14:22:57.604+0000][1][safepoint    ] Safepoint "RevokeBias", Time since last: 27852670 ns, Reaching safepoint: 104306 ns, At safepoint: 37333 ns, Total: 141639 ns
[2020-09-11T14:22:57.860+0000][1][gc,start     ] GC(6) Pause Young (Allocation Failure)
[2020-09-11T14:22:57.860+0000][1][gc,task      ] GC(6) Using 1 workers of 1 for evacuation
[2020-09-11T14:22:57.959+0000][1][gc,age       ] GC(6) Desired survivor size 4358144 bytes, new threshold 4 (max threshold 6)
[2020-09-11T14:22:57.959+0000][1][gc,age       ] GC(6) Age table with threshold 4 (max threshold 6)
[2020-09-11T14:22:57.959+0000][1][gc,age       ] GC(6) - age   1:    2305944 bytes,    2305944 total
[2020-09-11T14:22:57.959+0000][1][gc,age       ] GC(6) - age   2:    1252224 bytes,    3558168 total
[2020-09-11T14:22:57.959+0000][1][gc,age       ] GC(6) - age   3:     351360 bytes,    3909528 total
[2020-09-11T14:22:57.959+0000][1][gc,age       ] GC(6) - age   4:     689736 bytes,    4599264 total
[2020-09-11T14:22:57.983+0000][1][gc,heap      ] GC(6) ParNew: 72676K->5899K(76672K)
[2020-09-11T14:22:57.983+0000][1][gc,heap      ] GC(6) CMS: 10333K->10333K(2011968K)
[2020-09-11T14:22:57.983+0000][1][gc,metaspace ] GC(6) Metaspace: 21180K->21180K(1069056K)
[2020-09-11T14:22:57.984+0000][1][gc           ] GC(6) Pause Young (Allocation Failure) 81M->15M(2039M) 123.701ms
[2020-09-11T14:22:57.984+0000][1][gc,cpu       ] GC(6) User=0.04s Sys=0.00s Real=0.13s
[2020-09-11T14:22:57.995+0000][1][safepoint    ] Safepoint "GenCollectForAllocation", Time since last: 255830156 ns, Reaching safepoint: 375377 ns, At safepoint: 135621180 ns, Total: 135996557 ns
[2020-09-11T14:22:58.016+0000][1][safepoint    ] Safepoint "RevokeBias", Time since last: 11958795 ns, Reaching safepoint: 8162545 ns, At safepoint: 19588 ns, Total: 8182133 ns
[2020-09-11T14:22:58.016+0000][1][safepoint    ] Safepoint "RevokeBias", Time since last: 364172 ns, Reaching safepoint: 80191 ns, At safepoint: 12809 ns, Total: 93000 ns
[2020-09-11T14:22:58.016+0000][1][safepoint    ] Safepoint "RevokeBias", Time since last: 45052 ns, Reaching safepoint: 79239 ns, At safepoint: 19718 ns, Total: 98957 ns
[2020-09-11T14:22:58.016+0000][1][safepoint    ] Safepoint "RevokeBias", Time since last: 27292 ns, Reaching safepoint: 76858 ns, At safepoint: 17550 ns, Total: 94408 ns
[2020-09-11T14:22:58.016+0000][1][safepoint    ] Safepoint "RevokeBias", Time since last: 31305 ns, Reaching safepoint: 77111 ns, At safepoint: 15255 ns, Total: 92366 ns
[2020-09-11T14:22:58.017+0000][1][safepoint    ] Safepoint "RevokeBias", Time since last: 25527 ns, Reaching safepoint: 76121 ns, At safepoint: 15365 ns, Total: 91486 ns
[2020-09-11T14:22:58.172+0000][1][safepoint    ] Safepoint "RevokeBias", Time since last: 154907586 ns, Reaching safepoint: 50899 ns, At safepoint: 33077 ns, Total: 83976 ns
[2020-09-11T14:22:58.184+0000][1][safepoint    ] Safepoint "RevokeBias", Time since last: 11920351 ns, Reaching safepoint: 97327 ns, At safepoint: 33260 ns, Total: 130587 ns
[2020-09-11T14:22:58.262+0000][1][safepoint    ] Safepoint "RevokeBias", Time since last: 75882737 ns, Reaching safepoint: 2124039 ns, At safepoint: 109491 ns, Total: 2233530 ns
[2020-09-11T14:22:58.572+0000][1][safepoint    ] Safepoint "RevokeBias", Time since last: 309764500 ns, Reaching safepoint: 48931 ns, At safepoint: 33108 ns, Total: 82039 ns
[2020-09-11T14:22:58.592+0000][1][safepoint    ] Safepoint "RevokeBias", Time since last: 19898264 ns, Reaching safepoint: 100466 ns, At safepoint: 36720 ns, Total: 137186 ns
[2020-09-11T14:22:58.615+0000][1][gc           ] GC(5) Concurrent Abortable Preclean 2133.860ms
[2020-09-11T14:22:58.615+0000][1][gc,cpu       ] GC(5) User=0.60s Sys=0.01s Real=2.14s
[2020-09-11T14:22:58.616+0000][1][gc,start     ] GC(5) Pause Remark
[2020-09-11T14:22:58.741+0000][1][gc           ] GC(5) Pause Remark 68M->68M(2039M) 125.130ms
[2020-09-11T14:22:58.741+0000][1][gc,cpu       ] GC(5) User=0.04s Sys=0.00s Real=0.12s
[2020-09-11T14:22:58.763+0000][1][safepoint    ] Safepoint "CMS_Final_Remark", Time since last: 23928801 ns, Reaching safepoint: 104867 ns, At safepoint: 147815548 ns, Total: 147920415 ns
[2020-09-11T14:22:58.763+0000][1][gc           ] GC(5) Concurrent Sweep
[2020-09-11T14:22:58.774+0000][1][gc           ] GC(5) Concurrent Sweep 10.411ms
[2020-09-11T14:22:58.774+0000][1][gc,cpu       ] GC(5) User=0.00s Sys=0.00s Real=0.00s
[2020-09-11T14:22:58.774+0000][1][gc           ] GC(5) Concurrent Reset
[2020-09-11T14:22:58.808+0000][1][gc           ] GC(5) Concurrent Reset 34.342ms
[2020-09-11T14:22:58.808+0000][1][gc,cpu       ] GC(5) User=0.01s Sys=0.00s Real=0.04s
[2020-09-11T14:22:58.808+0000][1][gc,heap      ] GC(5) Old: 10333K->10331K(2011968K)
[2020-09-11T14:22:58.928+0000][1][gc,start     ] GC(7) Pause Young (Allocation Failure)
[2020-09-11T14:22:58.928+0000][1][gc,task      ] GC(7) Using 1 workers of 1 for evacuation
[2020-09-11T14:22:58.979+0000][1][gc,age       ] GC(7) Desired survivor size 4358144 bytes, new threshold 6 (max threshold 6)
[2020-09-11T14:22:58.979+0000][1][gc,age       ] GC(7) Age table with threshold 6 (max threshold 6)
[2020-09-11T14:22:58.979+0000][1][gc,age       ] GC(7) - age   1:     884872 bytes,     884872 total
[2020-09-11T14:22:58.979+0000][1][gc,age       ] GC(7) - age   2:    1526072 bytes,    2410944 total
[2020-09-11T14:22:58.979+0000][1][gc,age       ] GC(7) - age   3:    1251616 bytes,    3662560 total
[2020-09-11T14:22:58.979+0000][1][gc,age       ] GC(7) - age   4:     351360 bytes,    4013920 total
[2020-09-11T14:22:58.979+0000][1][gc,heap      ] GC(7) ParNew: 74059K->7474K(76672K)
[2020-09-11T14:22:58.979+0000][1][gc,heap      ] GC(7) CMS: 10331K->11011K(2011968K)
[2020-09-11T14:22:58.979+0000][1][gc,metaspace ] GC(7) Metaspace: 21282K->21282K(1069056K)
[2020-09-11T14:22:58.979+0000][1][gc           ] GC(7) Pause Young (Allocation Failure) 82M->18M(2039M) 51.426ms
[2020-09-11T14:22:58.979+0000][1][gc,cpu       ] GC(7) User=0.01s Sys=0.00s Real=0.05s
[2020-09-11T14:22:58.998+0000][1][safepoint    ] Safepoint "GenCollectForAllocation", Time since last: 160069413 ns, Reaching safepoint: 4305339 ns, At safepoint: 70155702 ns, Total: 74461041 ns
[2020-09-11T14:22:59.033+0000][1][safepoint    ] Safepoint "RevokeBias", Time since last: 9485663 ns, Reaching safepoint: 12019628 ns, At safepoint: 13994070 ns, Total: 26013698 ns
[2020-09-11T14:22:59.034+0000][1][safepoint    ] Safepoint "RevokeBias", Time since last: 64631 ns, Reaching safepoint: 100441 ns, At safepoint: 30789 ns, Total: 131230 ns
[2020-09-11T14:22:59.034+0000][1][safepoint    ] Safepoint "RevokeBias", Time since last: 52214 ns, Reaching safepoint: 79410 ns, At safepoint: 19613 ns, Total: 99023 ns
[2020-09-11T14:22:59.034+0000][1][safepoint    ] Safepoint "RevokeBias", Time since last: 30434 ns, Reaching safepoint: 77787 ns, At safepoint: 17804 ns, Total: 95591 ns
[2020-09-11T14:22:59.084+0000][1][safepoint    ] Safepoint "RevokeBias", Time since last: 49515994 ns, Reaching safepoint: 100662 ns, At safepoint: 34804 ns, Total: 135466 ns
[2020-09-11T14:22:59.090+0000][1][safepoint    ] Safepoint "RevokeBias", Time since last: 6286661 ns, Reaching safepoint: 101166 ns, At safepoint: 36204 ns, Total: 137370 ns
[2020-09-11T14:22:59.392+0000][1][safepoint    ] Safepoint "RevokeBias", Time since last: 301453378 ns, Reaching safepoint: 115604 ns, At safepoint: 39564 ns, Total: 155168 ns
[2020-09-11T14:22:59.419+0000][1][safepoint    ] Safepoint "RevokeBias", Time since last: 24763517 ns, Reaching safepoint: 3069447 ns, At safepoint: 36447 ns, Total: 3105894 ns
[2020-09-11T14:22:59.638+0000][1][gc,start     ] GC(8) Pause Young (Allocation Failure)
[2020-09-11T14:22:59.638+0000][1][gc,task      ] GC(8) Using 1 workers of 1 for evacuation
[2020-09-11T14:22:59.695+0000][1][gc,age       ] GC(8) Desired survivor size 4358144 bytes, new threshold 4 (max threshold 6)
[2020-09-11T14:22:59.695+0000][1][gc,age       ] GC(8) Age table with threshold 4 (max threshold 6)
[2020-09-11T14:22:59.695+0000][1][gc,age       ] GC(8) - age   1:    1674920 bytes,    1674920 total
[2020-09-11T14:22:59.695+0000][1][gc,age       ] GC(8) - age   2:     446176 bytes,    2121096 total
[2020-09-11T14:22:59.695+0000][1][gc,age       ] GC(8) - age   3:    1524136 bytes,    3645232 total
[2020-09-11T14:22:59.695+0000][1][gc,age       ] GC(8) - age   4:    1250960 bytes,    4896192 total
[2020-09-11T14:22:59.695+0000][1][gc,age       ] GC(8) - age   5:     351360 bytes,    5247552 total
[2020-09-11T14:22:59.695+0000][1][gc,heap      ] GC(8) ParNew: 75634K->7212K(76672K)
[2020-09-11T14:22:59.695+0000][1][gc,heap      ] GC(8) CMS: 11011K->11011K(2011968K)
[2020-09-11T14:22:59.695+0000][1][gc,metaspace ] GC(8) Metaspace: 21461K->21461K(1069056K)
[2020-09-11T14:22:59.695+0000][1][gc           ] GC(8) Pause Young (Allocation Failure) 84M->17M(2039M) 57.682ms
[2020-09-11T14:22:59.695+0000][1][gc,cpu       ] GC(8) User=0.02s Sys=0.00s Real=0.05s
[2020-09-11T14:22:59.715+0000][1][safepoint    ] Safepoint "GenCollectForAllocation", Time since last: 218048911 ns, Reaching safepoint: 107475 ns, At safepoint: 77832310 ns, Total: 77939785 ns
[2020-09-11T14:22:59.724+0000][1][safepoint    ] Safepoint "RevokeBias", Time since last: 8038863 ns, Reaching safepoint: 98356 ns, At safepoint: 42073 ns, Total: 140429 ns
[2020-09-11T14:22:59.724+0000][1][safepoint    ] Safepoint "RevokeBias", Time since last: 54696 ns, Reaching safepoint: 520102 ns, At safepoint: 36109 ns, Total: 556211 ns
[2020-09-11T14:22:59.725+0000][1][safepoint    ] Safepoint "RevokeBias", Time since last: 43048 ns, Reaching safepoint: 608690 ns, At safepoint: 36507 ns, Total: 645197 ns
[2020-09-11T14:22:59.727+0000][1][safepoint    ] Safepoint "RevokeBias", Time since last: 31888 ns, Reaching safepoint: 2462442 ns, At safepoint: 41983 ns, Total: 2504425 ns
[2020-09-11T14:22:59.744+0000][1][safepoint    ] Safepoint "RevokeBias", Time since last: 15987916 ns, Reaching safepoint: 102636 ns, At safepoint: 40922 ns, Total: 143558 ns
[2020-09-11T14:22:59.788+0000][1][safepoint    ] Safepoint "RevokeBias", Time since last: 43854491 ns, Reaching safepoint: 102223 ns, At safepoint: 38074 ns, Total: 140297 ns
[2020-09-11T14:22:59.808+0000][1][safepoint    ] Safepoint "RevokeBias", Time since last: 20486263 ns, Reaching safepoint: 93661 ns, At safepoint: 28573 ns, Total: 122234 ns
[2020-09-11T14:22:59.992+0000][1][safepoint    ] Safepoint "RevokeBias", Time since last: 183942296 ns, Reaching safepoint: 103990 ns, At safepoint: 33867 ns, Total: 137857 ns
[2020-09-11T14:23:00.004+0000][1][safepoint    ] Safepoint "RevokeBias", Time since last: 11154773 ns, Reaching safepoint: 101488 ns, At safepoint: 52809 ns, Total: 154297 ns
[2020-09-11T14:23:00.237+0000][1][safepoint    ] Safepoint "RevokeBias", Time since last: 233514407 ns, Reaching safepoint: 96362 ns, At safepoint: 29512 ns, Total: 125874 ns
[2020-09-11T14:23:00.244+0000][1][safepoint    ] Safepoint "RevokeBias", Time since last: 6191091 ns, Reaching safepoint: 96341 ns, At safepoint: 30062 ns, Total: 126403 ns
[2020-09-11T14:23:00.270+0000][1][gc,start     ] GC(9) Pause Young (Allocation Failure)
[2020-09-11T14:23:00.270+0000][1][gc,task      ] GC(9) Using 1 workers of 1 for evacuation
[2020-09-11T14:23:00.346+0000][1][gc,age       ] GC(9) Desired survivor size 4358144 bytes, new threshold 6 (max threshold 6)
[2020-09-11T14:23:00.346+0000][1][gc,age       ] GC(9) Age table with threshold 6 (max threshold 6)
[2020-09-11T14:23:00.346+0000][1][gc,age       ] GC(9) - age   1:     177456 bytes,     177456 total
[2020-09-11T14:23:00.346+0000][1][gc,age       ] GC(9) - age   2:     829240 bytes,    1006696 total
[2020-09-11T14:23:00.346+0000][1][gc,age       ] GC(9) - age   3:     446096 bytes,    1452792 total
[2020-09-11T14:23:00.346+0000][1][gc,age       ] GC(9) - age   4:    1524136 bytes,    2976928 total
[2020-09-11T14:23:00.346+0000][1][gc,heap      ] GC(9) ParNew: 75372K->4444K(76672K)
[2020-09-11T14:23:00.347+0000][1][gc,heap      ] GC(9) CMS: 11011K->12594K(2011968K)
[2020-09-11T14:23:00.347+0000][1][gc,metaspace ] GC(9) Metaspace: 21567K->21567K(1069056K)
[2020-09-11T14:23:00.347+0000][1][gc           ] GC(9) Pause Young (Allocation Failure) 84M->16M(2039M) 76.895ms
[2020-09-11T14:23:00.347+0000][1][gc,cpu       ] GC(9) User=0.02s Sys=0.00s Real=0.08s
[2020-09-11T14:23:00.364+0000][1][safepoint    ] Safepoint "GenCollectForAllocation", Time since last: 25972094 ns, Reaching safepoint: 108309 ns, At safepoint: 94349663 ns, Total: 94457972 ns
[2020-09-11T14:23:00.388+0000][1][safepoint    ] Safepoint "RevokeBias", Time since last: 11526046 ns, Reaching safepoint: 11977969 ns, At safepoint: 76460 ns, Total: 12054429 ns
[2020-09-11T14:23:00.388+0000][1][safepoint    ] Safepoint "RevokeBias", Time since last: 69674 ns, Reaching safepoint: 83277 ns, At safepoint: 38563 ns, Total: 121840 ns
[2020-09-11T14:23:00.400+0000][1][safepoint    ] Safepoint "RevokeBias", Time since last: 11825676 ns, Reaching safepoint: 842793 ns, At safepoint: 44420 ns, Total: 887213 ns
[2020-09-11T14:23:00.401+0000][1][safepoint    ] Safepoint "RevokeBias", Time since last: 61052 ns, Reaching safepoint: 80409 ns, At safepoint: 31367 ns, Total: 111776 ns
[2020-09-11T14:23:00.401+0000][1][safepoint    ] Safepoint "RevokeBias", Time since last: 36621 ns, Reaching safepoint: 80616 ns, At safepoint: 29643 ns, Total: 110259 ns
[2020-09-11T14:23:00.401+0000][1][safepoint    ] Safepoint "RevokeBias", Time since last: 30326 ns, Reaching safepoint: 78630 ns, At safepoint: 28137 ns, Total: 106767 ns
[2020-09-11T14:23:00.488+0000][1][safepoint    ] Safepoint "RevokeBias", Time since last: 86507081 ns, Reaching safepoint: 100513 ns, At safepoint: 37186 ns, Total: 137699 ns
[2020-09-11T14:23:00.492+0000][1][safepoint    ] Safepoint "RevokeBias", Time since last: 3871131 ns, Reaching safepoint: 95109 ns, At safepoint: 34060 ns, Total: 129169 ns
[2020-09-11T14:23:00.548+0000][1][safepoint    ] Safepoint "RevokeBias", Time since last: 55877699 ns, Reaching safepoint: 111898 ns, At safepoint: 21073 ns, Total: 132971 ns
[2020-09-11T14:23:00.548+0000][1][safepoint    ] Safepoint "RevokeBias", Time since last: 555006 ns, Reaching safepoint: 84122 ns, At safepoint: 10352 ns, Total: 94474 ns
[2020-09-11T14:23:00.695+0000][1][safepoint    ] Safepoint "RevokeBias", Time since last: 146921171 ns, Reaching safepoint: 96988 ns, At safepoint: 30124 ns, Total: 127112 ns
[2020-09-11T14:23:00.733+0000][1][safepoint    ] Safepoint "RevokeBias", Time since last: 37363221 ns, Reaching safepoint: 98904 ns, At safepoint: 30672 ns, Total: 129576 ns
[2020-09-11T14:23:00.736+0000][1][safepoint    ] Safepoint "RevokeBias", Time since last: 2765580 ns, Reaching safepoint: 86572 ns, At safepoint: 27391 ns, Total: 113963 ns
[2020-09-11T14:23:00.916+0000][1][safepoint    ] Safepoint "RevokeBias", Time since last: 179794996 ns, Reaching safepoint: 100715 ns, At safepoint: 44596 ns, Total: 145311 ns
[2020-09-11T14:23:00.917+0000][1][safepoint    ] Safepoint "RevokeBias", Time since last: 1372071 ns, Reaching safepoint: 83617 ns, At safepoint: 26413 ns, Total: 110030 ns
[2020-09-11T14:23:00.963+0000][1][gc,start     ] GC(10) Pause Young (Allocation Failure)
[2020-09-11T14:23:00.963+0000][1][gc,task      ] GC(10) Using 1 workers of 1 for evacuation
[2020-09-11T14:23:01.025+0000][1][gc,age       ] GC(10) Desired survivor size 4358144 bytes, new threshold 6 (max threshold 6)
[2020-09-11T14:23:01.025+0000][1][gc,age       ] GC(10) Age table with threshold 6 (max threshold 6)
[2020-09-11T14:23:01.025+0000][1][gc,age       ] GC(10) - age   1:     617776 bytes,     617776 total
[2020-09-11T14:23:01.025+0000][1][gc,age       ] GC(10) - age   2:     142504 bytes,     760280 total
[2020-09-11T14:23:01.025+0000][1][gc,age       ] GC(10) - age   3:     829240 bytes,    1589520 total
[2020-09-11T14:23:01.025+0000][1][gc,age       ] GC(10) - age   4:     446072 bytes,    2035592 total
[2020-09-11T14:23:01.025+0000][1][gc,age       ] GC(10) - age   5:    1524136 bytes,    3559728 total
[2020-09-11T14:23:01.025+0000][1][gc,heap      ] GC(10) ParNew: 72604K->6582K(76672K)
[2020-09-11T14:23:01.025+0000][1][gc,heap      ] GC(10) CMS: 12594K->12594K(2011968K)
[2020-09-11T14:23:01.025+0000][1][gc,metaspace ] GC(10) Metaspace: 21717K->21717K(1069056K)
[2020-09-11T14:23:01.025+0000][1][gc           ] GC(10) Pause Young (Allocation Failure) 83M->18M(2039M) 62.117ms
[2020-09-11T14:23:01.025+0000][1][gc,cpu       ] GC(10) User=0.02s Sys=0.00s Real=0.07s
[2020-09-11T14:23:01.047+0000][1][safepoint    ] Safepoint "GenCollectForAllocation", Time since last: 45555350 ns, Reaching safepoint: 102156 ns, At safepoint: 84712818 ns, Total: 84814974 ns
[2020-09-11T14:23:01.062+0000][1][safepoint    ] Safepoint "BulkRevokeBias", Time since last: 14110593 ns, Reaching safepoint: 106150 ns, At safepoint: 61349 ns, Total: 167499 ns
[2020-09-11T14:23:01.062+0000][1][safepoint    ] Safepoint "BulkRevokeBias", Time since last: 55492 ns, Reaching safepoint: 79826 ns, At safepoint: 47483 ns, Total: 127309 ns
[2020-09-11T14:23:01.152+0000][1][safepoint    ] Safepoint "RevokeBias", Time since last: 89531103 ns, Reaching safepoint: 100709 ns, At safepoint: 39326 ns, Total: 140035 ns
[2020-09-11T14:23:01.156+0000][1][safepoint    ] Safepoint "RevokeBias", Time since last: 3863557 ns, Reaching safepoint: 95281 ns, At safepoint: 34546 ns, Total: 129827 ns
[2020-09-11T14:23:01.572+0000][1][safepoint    ] Safepoint "RevokeBias", Time since last: 415874201 ns, Reaching safepoint: 110814 ns, At safepoint: 38666 ns, Total: 149480 ns
[2020-09-11T14:23:01.576+0000][1][safepoint    ] Safepoint "RevokeBias", Time since last: 3844391 ns, Reaching safepoint: 98592 ns, At safepoint: 36047 ns, Total: 134639 ns
[2020-09-11T14:23:01.600+0000][1][safepoint    ] Safepoint "RevokeBias", Time since last: 24044560 ns, Reaching safepoint: 102012 ns, At safepoint: 36074 ns, Total: 138086 ns
[2020-09-11T14:23:01.610+0000][1][safepoint    ] Safepoint "RevokeBias", Time since last: 10501755 ns, Reaching safepoint: 102478 ns, At safepoint: 39617 ns, Total: 142095 ns
[2020-09-11T14:23:01.644+0000][1][safepoint    ] Safepoint "RevokeBias", Time since last: 33784554 ns, Reaching safepoint: 93363 ns, At safepoint: 31325 ns, Total: 124688 ns
[2020-09-11T14:23:01.797+0000][1][safepoint    ] Safepoint "RevokeBias", Time since last: 152104666 ns, Reaching safepoint: 97826 ns, At safepoint: 30264 ns, Total: 128090 ns
[2020-09-11T14:23:01.816+0000][1][safepoint    ] Safepoint "RevokeBias", Time since last: 19712823 ns, Reaching safepoint: 95077 ns, At safepoint: 29278 ns, Total: 124355 ns
[2020-09-11T14:23:01.840+0000][1][safepoint    ] Safepoint "RevokeBias", Time since last: 23088841 ns, Reaching safepoint: 102603 ns, At safepoint: 34743 ns, Total: 137346 ns
[2020-09-11T14:23:01.924+0000][1][gc,start     ] GC(11) Pause Young (Allocation Failure)
[2020-09-11T14:23:01.924+0000][1][gc,task      ] GC(11) Using 1 workers of 1 for evacuation
[2020-09-11T14:23:02.052+0000][1][gc,age       ] GC(11) Desired survivor size 4358144 bytes, new threshold 6 (max threshold 6)
[2020-09-11T14:23:02.052+0000][1][gc,age       ] GC(11) Age table with threshold 6 (max threshold 6)
[2020-09-11T14:23:02.052+0000][1][gc,age       ] GC(11) - age   1:    2330536 bytes,    2330536 total
[2020-09-11T14:23:02.052+0000][1][gc,age       ] GC(11) - age   2:     406992 bytes,    2737528 total
[2020-09-11T14:23:02.052+0000][1][gc,age       ] GC(11) - age   3:     142504 bytes,    2880032 total
[2020-09-11T14:23:02.052+0000][1][gc,age       ] GC(11) - age   4:     829240 bytes,    3709272 total
[2020-09-11T14:23:02.052+0000][1][gc,age       ] GC(11) - age   5:     446072 bytes,    4155344 total
[2020-09-11T14:23:02.052+0000][1][gc,age       ] GC(11) - age   6:    1523824 bytes,    5679168 total
[2020-09-11T14:23:02.052+0000][1][gc,heap      ] GC(11) ParNew: 74742K->6379K(76672K)
[2020-09-11T14:23:02.052+0000][1][gc,heap      ] GC(11) CMS: 12594K->12594K(2011968K)
[2020-09-11T14:23:02.052+0000][1][gc,metaspace ] GC(11) Metaspace: 22621K->22621K(1071104K)
[2020-09-11T14:23:02.052+0000][1][gc           ] GC(11) Pause Young (Allocation Failure) 85M->18M(2039M) 128.185ms
[2020-09-11T14:23:02.052+0000][1][gc,cpu       ] GC(11) User=0.04s Sys=0.00s Real=0.12s
[2020-09-11T14:23:02.052+0000][1][safepoint    ] Safepoint "GenCollectForAllocation", Time since last: 84524427 ns, Reaching safepoint: 95602 ns, At safepoint: 128245280 ns, Total: 128340882 ns
[2020-09-11T14:23:02.097+0000][1][safepoint    ] Safepoint "RevokeBias", Time since last: 44106538 ns, Reaching safepoint: 92224 ns, At safepoint: 48797 ns, Total: 141021 ns
[2020-09-11T14:23:02.551+0000][1][gc,start     ] GC(12) Pause Young (Allocation Failure)
[2020-09-11T14:23:02.551+0000][1][gc,task      ] GC(12) Using 1 workers of 1 for evacuation
[2020-09-11T14:23:02.614+0000][1][gc,age       ] GC(12) Desired survivor size 4358144 bytes, new threshold 6 (max threshold 6)
[2020-09-11T14:23:02.615+0000][1][gc,age       ] GC(12) Age table with threshold 6 (max threshold 6)
[2020-09-11T14:23:02.615+0000][1][gc,age       ] GC(12) - age   1:     775152 bytes,     775152 total
[2020-09-11T14:23:02.615+0000][1][gc,age       ] GC(12) - age   2:     544344 bytes,    1319496 total
[2020-09-11T14:23:02.615+0000][1][gc,age       ] GC(12) - age   3:     406992 bytes,    1726488 total
[2020-09-11T14:23:02.615+0000][1][gc,age       ] GC(12) - age   4:     142400 bytes,    1868888 total
[2020-09-11T14:23:02.615+0000][1][gc,age       ] GC(12) - age   5:     829096 bytes,    2697984 total
[2020-09-11T14:23:02.615+0000][1][gc,age       ] GC(12) - age   6:     445928 bytes,    3143912 total
[2020-09-11T14:23:02.615+0000][1][gc,heap      ] GC(12) ParNew: 74539K->4691K(76672K)
[2020-09-11T14:23:02.615+0000][1][gc,heap      ] GC(12) CMS: 12594K->14094K(2011968K)
[2020-09-11T14:23:02.615+0000][1][gc,metaspace ] GC(12) Metaspace: 22647K->22647K(1071104K)
[2020-09-11T14:23:02.615+0000][1][gc           ] GC(12) Pause Young (Allocation Failure) 85M->18M(2039M) 64.035ms
[2020-09-11T14:23:02.615+0000][1][gc,cpu       ] GC(12) User=0.03s Sys=0.00s Real=0.06s
[2020-09-11T14:23:02.634+0000][1][safepoint    ] Safepoint "GenCollectForAllocation", Time since last: 453770714 ns, Reaching safepoint: 110192 ns, At safepoint: 82966925 ns, Total: 83077117 ns
[2020-09-11T14:23:03.087+0000][1][gc,start     ] GC(13) Pause Young (Allocation Failure)
[2020-09-11T14:23:03.089+0000][1][gc,task      ] GC(13) Using 1 workers of 1 for evacuation
[2020-09-11T14:23:03.178+0000][1][gc,age       ] GC(13) Desired survivor size 4358144 bytes, new threshold 6 (max threshold 6)
[2020-09-11T14:23:03.179+0000][1][gc,age       ] GC(13) Age table with threshold 6 (max threshold 6)
[2020-09-11T14:23:03.179+0000][1][gc,age       ] GC(13) - age   1:    2108144 bytes,    2108144 total
[2020-09-11T14:23:03.179+0000][1][gc,age       ] GC(13) - age   2:     203304 bytes,    2311448 total
[2020-09-11T14:23:03.179+0000][1][gc,age       ] GC(13) - age   3:     544232 bytes,    2855680 total
[2020-09-11T14:23:03.179+0000][1][gc,age       ] GC(13) - age   4:     406992 bytes,    3262672 total
[2020-09-11T14:23:03.179+0000][1][gc,age       ] GC(13) - age   5:     142400 bytes,    3405072 total
[2020-09-11T14:23:03.179+0000][1][gc,age       ] GC(13) - age   6:     829096 bytes,    4234168 total
[2020-09-11T14:23:03.179+0000][1][gc,heap      ] GC(13) ParNew: 72851K->6950K(76672K)
[2020-09-11T14:23:03.179+0000][1][gc,heap      ] GC(13) CMS: 14094K->14533K(2011968K)
[2020-09-11T14:23:03.179+0000][1][gc,metaspace ] GC(13) Metaspace: 22747K->22747K(1071104K)
[2020-09-11T14:23:03.179+0000][1][gc           ] GC(13) Pause Young (Allocation Failure) 84M->20M(2039M) 91.307ms
[2020-09-11T14:23:03.179+0000][1][gc,cpu       ] GC(13) User=0.03s Sys=0.00s Real=0.09s
[2020-09-11T14:23:03.199+0000][1][safepoint    ] Safepoint "GenCollectForAllocation", Time since last: 453646648 ns, Reaching safepoint: 106138 ns, At safepoint: 112182535 ns, Total: 112288673 ns
[2020-09-11T14:23:03.719+0000][1][gc,start     ] GC(14) Pause Young (Allocation Failure)
[2020-09-11T14:23:03.719+0000][1][gc,task      ] GC(14) Using 1 workers of 1 for evacuation
[2020-09-11T14:23:03.792+0000][1][gc,age       ] GC(14) Desired survivor size 4358144 bytes, new threshold 6 (max threshold 6)
[2020-09-11T14:23:03.792+0000][1][gc,age       ] GC(14) Age table with threshold 6 (max threshold 6)
[2020-09-11T14:23:03.792+0000][1][gc,age       ] GC(14) - age   1:    1072120 bytes,    1072120 total
[2020-09-11T14:23:03.792+0000][1][gc,age       ] GC(14) - age   2:     103768 bytes,    1175888 total
[2020-09-11T14:23:03.792+0000][1][gc,age       ] GC(14) - age   3:     203304 bytes,    1379192 total
[2020-09-11T14:23:03.792+0000][1][gc,age       ] GC(14) - age   4:     544232 bytes,    1923424 total
[2020-09-11T14:23:03.792+0000][1][gc,age       ] GC(14) - age   5:     406992 bytes,    2330416 total
[2020-09-11T14:23:03.792+0000][1][gc,age       ] GC(14) - age   6:     142400 bytes,    2472816 total
[2020-09-11T14:23:03.792+0000][1][gc,heap      ] GC(14) ParNew: 75110K->2419K(76672K)
[2020-09-11T14:23:03.792+0000][1][gc,heap      ] GC(14) CMS: 14533K->15349K(2011968K)
[2020-09-11T14:23:03.792+0000][1][gc,metaspace ] GC(14) Metaspace: 22826K->22826K(1071104K)
[2020-09-11T14:23:03.792+0000][1][gc           ] GC(14) Pause Young (Allocation Failure) 87M->17M(2039M) 73.176ms
[2020-09-11T14:23:03.792+0000][1][gc,cpu       ] GC(14) User=0.03s Sys=0.00s Real=0.07s
[2020-09-11T14:23:03.799+0000][1][safepoint    ] Safepoint "GenCollectForAllocation", Time since last: 519326974 ns, Reaching safepoint: 111348 ns, At safepoint: 80542048 ns, Total: 80653396 ns
[2020-09-11T14:23:04.319+0000][1][gc,start     ] GC(15) Pause Young (Allocation Failure)
[2020-09-11T14:23:04.319+0000][1][gc,task      ] GC(15) Using 1 workers of 1 for evacuation
[2020-09-11T14:23:04.420+0000][1][gc,age       ] GC(15) Desired survivor size 4358144 bytes, new threshold 6 (max threshold 6)
[2020-09-11T14:23:04.420+0000][1][gc,age       ] GC(15) Age table with threshold 6 (max threshold 6)
[2020-09-11T14:23:04.420+0000][1][gc,age       ] GC(15) - age   1:     616432 bytes,     616432 total
[2020-09-11T14:23:04.420+0000][1][gc,age       ] GC(15) - age   2:     314880 bytes,     931312 total
[2020-09-11T14:23:04.420+0000][1][gc,age       ] GC(15) - age   3:     103768 bytes,    1035080 total
[2020-09-11T14:23:04.420+0000][1][gc,age       ] GC(15) - age   4:     203304 bytes,    1238384 total
[2020-09-11T14:23:04.420+0000][1][gc,age       ] GC(15) - age   5:     544232 bytes,    1782616 total
[2020-09-11T14:23:04.420+0000][1][gc,age       ] GC(15) - age   6:     406992 bytes,    2189608 total
[2020-09-11T14:23:04.420+0000][1][gc,heap      ] GC(15) ParNew: 70579K->2416K(76672K)
[2020-09-11T14:23:04.420+0000][1][gc,heap      ] GC(15) CMS: 15349K->15493K(2011968K)
[2020-09-11T14:23:04.420+0000][1][gc,metaspace ] GC(15) Metaspace: 22915K->22915K(1071104K)
[2020-09-11T14:23:04.420+0000][1][gc           ] GC(15) Pause Young (Allocation Failure) 83M->17M(2039M) 101.427ms
[2020-09-11T14:23:04.420+0000][1][gc,cpu       ] GC(15) User=0.04s Sys=0.00s Real=0.10s
[2020-09-11T14:23:04.420+0000][1][safepoint    ] Safepoint "GenCollectForAllocation", Time since last: 519185482 ns, Reaching safepoint: 110270 ns, At safepoint: 101485272 ns, Total: 101595542 ns
[2020-09-11T14:23:04.799+0000][1][gc,start     ] GC(16) Pause Young (Allocation Failure)
[2020-09-11T14:23:04.799+0000][1][gc,task      ] GC(16) Using 1 workers of 1 for evacuation
[2020-09-11T14:23:04.855+0000][1][gc,age       ] GC(16) Desired survivor size 4358144 bytes, new threshold 6 (max threshold 6)
[2020-09-11T14:23:04.855+0000][1][gc,age       ] GC(16) Age table with threshold 6 (max threshold 6)
[2020-09-11T14:23:04.855+0000][1][gc,age       ] GC(16) - age   1:    1914744 bytes,    1914744 total
[2020-09-11T14:23:04.855+0000][1][gc,age       ] GC(16) - age   2:     192080 bytes,    2106824 total
[2020-09-11T14:23:04.855+0000][1][gc,age       ] GC(16) - age   3:     314880 bytes,    2421704 total
[2020-09-11T14:23:04.855+0000][1][gc,age       ] GC(16) - age   4:     103768 bytes,    2525472 total
[2020-09-11T14:23:04.855+0000][1][gc,age       ] GC(16) - age   5:     203152 bytes,    2728624 total
[2020-09-11T14:23:04.855+0000][1][gc,age       ] GC(16) - age   6:     544232 bytes,    3272856 total
[2020-09-11T14:23:04.855+0000][1][gc,heap      ] GC(16) ParNew: 70576K->4415K(76672K)
[2020-09-11T14:23:04.855+0000][1][gc,heap      ] GC(16) CMS: 15493K->15895K(2011968K)
[2020-09-11T14:23:04.855+0000][1][gc,metaspace ] GC(16) Metaspace: 22931K->22931K(1071104K)
[2020-09-11T14:23:04.855+0000][1][gc           ] GC(16) Pause Young (Allocation Failure) 84M->19M(2039M) 55.779ms
[2020-09-11T14:23:04.855+0000][1][gc,cpu       ] GC(16) User=0.02s Sys=0.00s Real=0.05s
[2020-09-11T14:23:04.867+0000][1][safepoint    ] Safepoint "GenCollectForAllocation", Time since last: 378979935 ns, Reaching safepoint: 111760 ns, At safepoint: 68082886 ns, Total: 68194646 ns
[2020-09-11T14:23:04.939+0000][1][safepoint    ] Safepoint "Deoptimize", Time since last: 71143406 ns, Reaching safepoint: 562210 ns, At safepoint: 209733 ns, Total: 771943 ns
[2020-09-11T14:23:05.948+0000][1][safepoint    ] Safepoint "Cleanup", Time since last: 1008068058 ns, Reaching safepoint: 272040 ns, At safepoint: 7506 ns, Total: 279546 ns
[2020-09-11T14:23:06.228+0000][1][safepoint    ] Safepoint "RevokeBias", Time since last: 279742828 ns, Reaching safepoint: 116821 ns, At safepoint: 25670 ns, Total: 142491 ns
[2020-09-11T14:23:06.228+0000][1][safepoint    ] Safepoint "RevokeBias", Time since last: 243541 ns, Reaching safepoint: 10241 ns, At safepoint: 7068 ns, Total: 17309 ns
[2020-09-11T14:23:07.421+0000][1][safepoint    ] Safepoint "Cleanup", Time since last: 1181106338 ns, Reaching safepoint: 11601485 ns, At safepoint: 10271 ns, Total: 11611756 ns
[2020-09-11T14:23:07.508+0000][1][safepoint    ] Safepoint "Deoptimize", Time since last: 86876251 ns, Reaching safepoint: 115964 ns, At safepoint: 223330 ns, Total: 339294 ns
[2020-09-11T14:23:07.601+0000][1][safepoint    ] Safepoint "Deoptimize", Time since last: 92704755 ns, Reaching safepoint: 103124 ns, At safepoint: 217687 ns, Total: 320811 ns
[2020-09-11T14:23:08.605+0000][1][safepoint    ] Safepoint "Cleanup", Time since last: 1000113262 ns, Reaching safepoint: 3738215 ns, At safepoint: 9964 ns, Total: 3748179 ns
[2020-09-11T14:23:09.605+0000][1][safepoint    ] Safepoint "Cleanup", Time since last: 1000123442 ns, Reaching safepoint: 110092 ns, At safepoint: 6078 ns, Total: 116170 ns
[2020-09-11T14:23:10.611+0000][1][safepoint    ] Safepoint "Cleanup", Time since last: 1002495679 ns, Reaching safepoint: 4063031 ns, At safepoint: 18114 ns, Total: 4081145 ns
[2020-09-11T14:23:10.816+0000][1][gc,start     ] GC(17) Pause Young (Allocation Failure)
[2020-09-11T14:23:10.816+0000][1][gc,task      ] GC(17) Using 1 workers of 1 for evacuation
[2020-09-11T14:23:10.927+0000][1][gc,age       ] GC(17) Desired survivor size 4358144 bytes, new threshold 1 (max threshold 6)
[2020-09-11T14:23:10.927+0000][1][gc,age       ] GC(17) Age table with threshold 1 (max threshold 6)
[2020-09-11T14:23:10.927+0000][1][gc,age       ] GC(17) - age   1:    7593216 bytes,    7593216 total
[2020-09-11T14:23:10.927+0000][1][gc,age       ] GC(17) - age   2:      72904 bytes,    7666120 total
[2020-09-11T14:23:10.928+0000][1][gc,age       ] GC(17) - age   3:     191712 bytes,    7857832 total
[2020-09-11T14:23:10.928+0000][1][gc,age       ] GC(17) - age   4:     314816 bytes,    8172648 total
[2020-09-11T14:23:10.928+0000][1][gc,age       ] GC(17) - age   5:     103552 bytes,    8276200 total
[2020-09-11T14:23:10.928+0000][1][gc,age       ] GC(17) - age   6:     203152 bytes,    8479352 total
[2020-09-11T14:23:10.928+0000][1][gc,heap      ] GC(17) ParNew: 72575K->8512K(76672K)
[2020-09-11T14:23:10.928+0000][1][gc,heap      ] GC(17) CMS: 15895K->16433K(2011968K)
[2020-09-11T14:23:10.928+0000][1][gc,metaspace ] GC(17) Metaspace: 29535K->29535K(1077248K)
[2020-09-11T14:23:10.928+0000][1][gc           ] GC(17) Pause Young (Allocation Failure) 86M->24M(2039M) 112.103ms
[2020-09-11T14:23:10.928+0000][1][gc,cpu       ] GC(17) User=0.04s Sys=0.00s Real=0.11s
[2020-09-11T14:23:10.943+0000][1][safepoint    ] Safepoint "GenCollectForAllocation", Time since last: 199951214 ns, Reaching safepoint: 4057512 ns, At safepoint: 127921946 ns, Total: 131979458 ns
[2020-09-11T14:23:11.960+0000][1][safepoint    ] Safepoint "Cleanup", Time since last: 1016608723 ns, Reaching safepoint: 117675 ns, At safepoint: 6215 ns, Total: 123890 ns
[2020-09-11T14:23:12.961+0000][1][safepoint    ] Safepoint "Cleanup", Time since last: 1000116409 ns, Reaching safepoint: 451468 ns, At safepoint: 6084 ns, Total: 457552 ns
[2020-09-11T14:23:13.971+0000][1][safepoint    ] Safepoint "Cleanup", Time since last: 1006359009 ns, Reaching safepoint: 3431339 ns, At safepoint: 9489 ns, Total: 3440828 ns
[2020-09-11T14:23:14.860+0000][1][gc,start     ] GC(18) Pause Young (Allocation Failure)
[2020-09-11T14:23:14.860+0000][1][gc,task      ] GC(18) Using 1 workers of 1 for evacuation
[2020-09-11T14:23:15.075+0000][1][gc,age       ] GC(18) Desired survivor size 4358144 bytes, new threshold 1 (max threshold 6)
[2020-09-11T14:23:15.075+0000][1][gc,age       ] GC(18) Age table with threshold 1 (max threshold 6)
[2020-09-11T14:23:15.075+0000][1][gc,age       ] GC(18) - age   1:    8716216 bytes,    8716216 total
[2020-09-11T14:23:15.076+0000][1][gc,heap      ] GC(18) ParNew: 76672K->8512K(76672K)
[2020-09-11T14:23:15.076+0000][1][gc,heap      ] GC(18) CMS: 16433K->25700K(2011968K)
[2020-09-11T14:23:15.076+0000][1][gc,metaspace ] GC(18) Metaspace: 29741K->29741K(1077248K)
[2020-09-11T14:23:15.076+0000][1][gc           ] GC(18) Pause Young (Allocation Failure) 90M->33M(2039M) 215.624ms
[2020-09-11T14:23:15.076+0000][1][gc,cpu       ] GC(18) User=0.07s Sys=0.00s Real=0.22s
[2020-09-11T14:23:15.103+0000][1][safepoint    ] Safepoint "GenCollectForAllocation", Time since last: 889312662 ns, Reaching safepoint: 112124 ns, At safepoint: 243457708 ns, Total: 243569832 ns
[2020-09-11T14:23:16.120+0000][1][safepoint    ] Safepoint "Cleanup", Time since last: 1016019050 ns, Reaching safepoint: 1041410 ns, At safepoint: 6451 ns, Total: 1047861 ns
[2020-09-11T14:23:18.132+0000][1][safepoint    ] Safepoint "Cleanup", Time since last: 2010960240 ns, Reaching safepoint: 105707 ns, At safepoint: 6043 ns, Total: 111750 ns
[2020-09-11T14:23:18.728+0000][1][gc,start     ] GC(19) Pause Young (Allocation Failure)
[2020-09-11T14:23:18.728+0000][1][gc,task      ] GC(19) Using 1 workers of 1 for evacuation
[2020-09-11T14:23:18.884+0000][1][gc,age       ] GC(19) Desired survivor size 4358144 bytes, new threshold 1 (max threshold 6)
[2020-09-11T14:23:18.884+0000][1][gc,age       ] GC(19) Age table with threshold 1 (max threshold 6)
[2020-09-11T14:23:18.884+0000][1][gc,age       ] GC(19) - age   1:    8103480 bytes,    8103480 total
[2020-09-11T14:23:18.884+0000][1][gc,heap      ] GC(19) ParNew: 76672K->8120K(76672K)
[2020-09-11T14:23:18.884+0000][1][gc,heap      ] GC(19) CMS: 25700K->34302K(2011968K)
[2020-09-11T14:23:18.884+0000][1][gc,metaspace ] GC(19) Metaspace: 29769K->29769K(1077248K)
[2020-09-11T14:23:18.884+0000][1][gc           ] GC(19) Pause Young (Allocation Failure) 99M->41M(2039M) 156.286ms
[2020-09-11T14:23:18.884+0000][1][gc,cpu       ] GC(19) User=0.05s Sys=0.00s Real=0.16s
[2020-09-11T14:23:18.891+0000][1][safepoint    ] Safepoint "GenCollectForAllocation", Time since last: 595875703 ns, Reaching safepoint: 106583 ns, At safepoint: 163917269 ns, Total: 164023852 ns
[2020-09-11T14:23:19.929+0000][1][safepoint    ] Safepoint "Cleanup", Time since last: 1020830000 ns, Reaching safepoint: 16429070 ns, At safepoint: 12098 ns, Total: 16441168 ns
[2020-09-11T14:23:20.264+0000][1][safepoint    ] Safepoint "RevokeBias", Time since last: 334723870 ns, Reaching safepoint: 139826 ns, At safepoint: 46233 ns, Total: 186059 ns
[2020-09-11T14:23:21.264+0000][1][safepoint    ] Safepoint "Cleanup", Time since last: 1000107387 ns, Reaching safepoint: 126433 ns, At safepoint: 5968 ns, Total: 132401 ns
[2020-09-11T14:23:21.869+0000][1][gc,start     ] GC(20) Pause Young (Allocation Failure)
[2020-09-11T14:23:21.869+0000][1][gc,task      ] GC(20) Using 1 workers of 1 for evacuation
[2020-09-11T14:23:21.993+0000][1][gc,age       ] GC(20) Desired survivor size 4358144 bytes, new threshold 6 (max threshold 6)
[2020-09-11T14:23:21.993+0000][1][gc,age       ] GC(20) Age table with threshold 6 (max threshold 6)
[2020-09-11T14:23:21.993+0000][1][gc,age       ] GC(20) - age   1:    3771584 bytes,    3771584 total
[2020-09-11T14:23:21.993+0000][1][gc,heap      ] GC(20) ParNew: 76280K->7965K(76672K)
[2020-09-11T14:23:21.993+0000][1][gc,heap      ] GC(20) CMS: 34302K->41917K(2011968K)
[2020-09-11T14:23:21.993+0000][1][gc,metaspace ] GC(20) Metaspace: 32104K->32104K(1079296K)
[2020-09-11T14:23:21.993+0000][1][gc           ] GC(20) Pause Young (Allocation Failure) 107M->48M(2039M) 124.059ms
[2020-09-11T14:23:21.993+0000][1][gc,cpu       ] GC(20) User=0.04s Sys=0.00s Real=0.12s
[2020-09-11T14:23:22.010+0000][1][safepoint    ] Safepoint "GenCollectForAllocation", Time since last: 604859356 ns, Reaching safepoint: 106585 ns, At safepoint: 140877798 ns, Total: 140984383 ns
[2020-09-11T14:23:22.420+0000][1][safepoint    ] Safepoint "Deoptimize", Time since last: 409589607 ns, Reaching safepoint: 150461 ns, At safepoint: 253134 ns, Total: 403595 ns
[2020-09-11T14:23:23.423+0000][1][safepoint    ] Safepoint "Cleanup", Time since last: 1000112022 ns, Reaching safepoint: 3664849 ns, At safepoint: 13367 ns, Total: 3678216 ns
[2020-09-11T14:23:24.330+0000][1][safepoint    ] Safepoint "RevokeBias", Time since last: 906500641 ns, Reaching safepoint: 129262 ns, At safepoint: 35027 ns, Total: 164289 ns
[2020-09-11T14:23:24.337+0000][1][safepoint    ] Safepoint "Deoptimize", Time since last: 6310361 ns, Reaching safepoint: 90961 ns, At safepoint: 262320 ns, Total: 353281 ns
[2020-09-11T14:23:25.096+0000][1][gc,start     ] GC(21) Pause Young (Allocation Failure)
[2020-09-11T14:23:25.096+0000][1][gc,task      ] GC(21) Using 1 workers of 1 for evacuation
[2020-09-11T14:23:25.207+0000][1][gc,age       ] GC(21) Desired survivor size 4358144 bytes, new threshold 2 (max threshold 6)
[2020-09-11T14:23:25.207+0000][1][gc,age       ] GC(21) Age table with threshold 2 (max threshold 6)
[2020-09-11T14:23:25.207+0000][1][gc,age       ] GC(21) - age   1:     995632 bytes,     995632 total
[2020-09-11T14:23:25.207+0000][1][gc,age       ] GC(21) - age   2:    3677840 bytes,    4673472 total
[2020-09-11T14:23:25.207+0000][1][gc,heap      ] GC(21) ParNew: 76125K->6745K(76672K)
[2020-09-11T14:23:25.207+0000][1][gc,heap      ] GC(21) CMS: 41917K->41917K(2011968K)
[2020-09-11T14:23:25.207+0000][1][gc,metaspace ] GC(21) Metaspace: 32408K->32408K(1079296K)
[2020-09-11T14:23:25.207+0000][1][gc           ] GC(21) Pause Young (Allocation Failure) 115M->47M(2039M) 110.800ms
[2020-09-11T14:23:25.207+0000][1][gc,cpu       ] GC(21) User=0.03s Sys=0.00s Real=0.11s
[2020-09-11T14:23:25.223+0000][1][safepoint    ] Safepoint "GenCollectForAllocation", Time since last: 759263520 ns, Reaching safepoint: 104740 ns, At safepoint: 127258448 ns, Total: 127363188 ns
[2020-09-11T14:23:26.140+0000][1][gc,start     ] GC(22) Pause Young (Allocation Failure)
[2020-09-11T14:23:26.140+0000][1][gc,task      ] GC(22) Using 1 workers of 1 for evacuation
[2020-09-11T14:23:26.208+0000][1][gc,age       ] GC(22) Desired survivor size 4358144 bytes, new threshold 6 (max threshold 6)
[2020-09-11T14:23:26.208+0000][1][gc,age       ] GC(22) Age table with threshold 6 (max threshold 6)
[2020-09-11T14:23:26.208+0000][1][gc,age       ] GC(22) - age   1:     249696 bytes,     249696 total
[2020-09-11T14:23:26.208+0000][1][gc,age       ] GC(22) - age   2:     439224 bytes,     688920 total
[2020-09-11T14:23:26.208+0000][1][gc,heap      ] GC(22) ParNew: 74905K->4266K(76672K)
[2020-09-11T14:23:26.208+0000][1][gc,heap      ] GC(22) CMS: 41917K->45527K(2011968K)
[2020-09-11T14:23:26.208+0000][1][gc,metaspace ] GC(22) Metaspace: 32421K->32421K(1079296K)
[2020-09-11T14:23:26.208+0000][1][gc           ] GC(22) Pause Young (Allocation Failure) 114M->48M(2039M) 68.586ms
[2020-09-11T14:23:26.208+0000][1][gc,cpu       ] GC(22) User=0.02s Sys=0.00s Real=0.07s
[2020-09-11T14:23:26.219+0000][1][safepoint    ] Safepoint "GenCollectForAllocation", Time since last: 916013313 ns, Reaching safepoint: 119734 ns, At safepoint: 79857774 ns, Total: 79977508 ns
[2020-09-11T14:23:26.656+0000][1][gc,start     ] GC(23) Pause Young (Allocation Failure)
[2020-09-11T14:23:26.656+0000][1][gc,task      ] GC(23) Using 1 workers of 1 for evacuation
[2020-09-11T14:23:26.700+0000][1][gc,age       ] GC(23) Desired survivor size 4358144 bytes, new threshold 6 (max threshold 6)
[2020-09-11T14:23:26.700+0000][1][gc,age       ] GC(23) Age table with threshold 6 (max threshold 6)
[2020-09-11T14:23:26.700+0000][1][gc,age       ] GC(23) - age   1:         40 bytes,         40 total
[2020-09-11T14:23:26.700+0000][1][gc,age       ] GC(23) - age   2:     249432 bytes,     249472 total
[2020-09-11T14:23:26.700+0000][1][gc,age       ] GC(23) - age   3:     439224 bytes,     688696 total
[2020-09-11T14:23:26.700+0000][1][gc,heap      ] GC(23) ParNew: 72426K->1192K(76672K)
[2020-09-11T14:23:26.700+0000][1][gc,heap      ] GC(23) CMS: 45527K->45527K(2011968K)
[2020-09-11T14:23:26.700+0000][1][gc,metaspace ] GC(23) Metaspace: 32424K->32424K(1079296K)
[2020-09-11T14:23:26.700+0000][1][gc           ] GC(23) Pause Young (Allocation Failure) 115M->45M(2039M) 43.947ms
[2020-09-11T14:23:26.700+0000][1][gc,cpu       ] GC(23) User=0.01s Sys=0.00s Real=0.04s
[2020-09-11T14:23:26.710+0000][1][safepoint    ] Safepoint "GenCollectForAllocation", Time since last: 436743500 ns, Reaching safepoint: 99294 ns, At safepoint: 53254629 ns, Total: 53353923 ns
[2020-09-11T14:23:27.088+0000][1][gc,start     ] GC(24) Pause Young (Allocation Failure)
[2020-09-11T14:23:27.088+0000][1][gc,task      ] GC(24) Using 1 workers of 1 for evacuation
[2020-09-11T14:23:27.160+0000][1][gc,age       ] GC(24) Desired survivor size 4358144 bytes, new threshold 6 (max threshold 6)
[2020-09-11T14:23:27.160+0000][1][gc,age       ] GC(24) Age table with threshold 6 (max threshold 6)
[2020-09-11T14:23:27.160+0000][1][gc,age       ] GC(24) - age   1:        224 bytes,        224 total
[2020-09-11T14:23:27.160+0000][1][gc,age       ] GC(24) - age   3:     249432 bytes,     249656 total
[2020-09-11T14:23:27.160+0000][1][gc,age       ] GC(24) - age   4:     439224 bytes,     688880 total
[2020-09-11T14:23:27.160+0000][1][gc,heap      ] GC(24) ParNew: 69352K->1100K(76672K)
[2020-09-11T14:23:27.160+0000][1][gc,heap      ] GC(24) CMS: 45527K->45527K(2011968K)
[2020-09-11T14:23:27.160+0000][1][gc,metaspace ] GC(24) Metaspace: 32427K->32427K(1079296K)
[2020-09-11T14:23:27.160+0000][1][gc           ] GC(24) Pause Young (Allocation Failure) 112M->45M(2039M) 72.667ms
[2020-09-11T14:23:27.160+0000][1][gc,cpu       ] GC(24) User=0.02s Sys=0.00s Real=0.07s
[2020-09-11T14:23:27.170+0000][1][safepoint    ] Safepoint "GenCollectForAllocation", Time since last: 377915192 ns, Reaching safepoint: 107767 ns, At safepoint: 81989244 ns, Total: 82097011 ns
[2020-09-11T14:23:27.551+0000][1][gc,start     ] GC(25) Pause Young (Allocation Failure)
[2020-09-11T14:23:27.551+0000][1][gc,task      ] GC(25) Using 1 workers of 1 for evacuation
[2020-09-11T14:23:27.595+0000][1][gc,age       ] GC(25) Desired survivor size 4358144 bytes, new threshold 6 (max threshold 6)
[2020-09-11T14:23:27.596+0000][1][gc,age       ] GC(25) Age table with threshold 6 (max threshold 6)
[2020-09-11T14:23:27.596+0000][1][gc,age       ] GC(25) - age   1:        168 bytes,        168 total
[2020-09-11T14:23:27.596+0000][1][gc,age       ] GC(25) - age   4:     249432 bytes,     249600 total
[2020-09-11T14:23:27.596+0000][1][gc,age       ] GC(25) - age   5:     439224 bytes,     688824 total
[2020-09-11T14:23:27.596+0000][1][gc,heap      ] GC(25) ParNew: 69260K->1284K(76672K)
[2020-09-11T14:23:27.596+0000][1][gc,heap      ] GC(25) CMS: 45527K->45527K(2011968K)
[2020-09-11T14:23:27.596+0000][1][gc,metaspace ] GC(25) Metaspace: 32427K->32427K(1079296K)
[2020-09-11T14:23:27.596+0000][1][gc           ] GC(25) Pause Young (Allocation Failure) 112M->45M(2039M) 44.851ms
[2020-09-11T14:23:27.596+0000][1][gc,cpu       ] GC(25) User=0.01s Sys=0.00s Real=0.05s
[2020-09-11T14:23:27.607+0000][1][safepoint    ] Safepoint "GenCollectForAllocation", Time since last: 381089285 ns, Reaching safepoint: 110976 ns, At safepoint: 56711284 ns, Total: 56822260 ns
[2020-09-11T14:23:27.948+0000][1][gc,start     ] GC(26) Pause Young (Allocation Failure)
[2020-09-11T14:23:27.948+0000][1][gc,task      ] GC(26) Using 1 workers of 1 for evacuation
[2020-09-11T14:23:28.007+0000][1][gc,age       ] GC(26) Desired survivor size 4358144 bytes, new threshold 6 (max threshold 6)
[2020-09-11T14:23:28.007+0000][1][gc,age       ] GC(26) Age table with threshold 6 (max threshold 6)
[2020-09-11T14:23:28.007+0000][1][gc,age       ] GC(26) - age   1:         24 bytes,         24 total
[2020-09-11T14:23:28.007+0000][1][gc,age       ] GC(26) - age   5:     249432 bytes,     249456 total
[2020-09-11T14:23:28.007+0000][1][gc,age       ] GC(26) - age   6:     439224 bytes,     688680 total
[2020-09-11T14:23:28.007+0000][1][gc,heap      ] GC(26) ParNew: 69444K->825K(76672K)
[2020-09-11T14:23:28.007+0000][1][gc,heap      ] GC(26) CMS: 45527K->45527K(2011968K)
[2020-09-11T14:23:28.007+0000][1][gc,metaspace ] GC(26) Metaspace: 32427K->32427K(1079296K)
[2020-09-11T14:23:28.007+0000][1][gc           ] GC(26) Pause Young (Allocation Failure) 112M->45M(2039M) 59.083ms
[2020-09-11T14:23:28.007+0000][1][gc,cpu       ] GC(26) User=0.03s Sys=0.00s Real=0.06s
[2020-09-11T14:23:28.023+0000][1][safepoint    ] Safepoint "GenCollectForAllocation", Time since last: 339980644 ns, Reaching safepoint: 100970 ns, At safepoint: 75892351 ns, Total: 75993321 ns
[2020-09-11T14:23:28.372+0000][1][gc,start     ] GC(27) Pause Young (Allocation Failure)
[2020-09-11T14:23:28.372+0000][1][gc,task      ] GC(27) Using 1 workers of 1 for evacuation
[2020-09-11T14:23:28.436+0000][1][gc,age       ] GC(27) Desired survivor size 4358144 bytes, new threshold 6 (max threshold 6)
[2020-09-11T14:23:28.436+0000][1][gc,age       ] GC(27) Age table with threshold 6 (max threshold 6)
[2020-09-11T14:23:28.436+0000][1][gc,age       ] GC(27) - age   1:        144 bytes,        144 total
[2020-09-11T14:23:28.436+0000][1][gc,age       ] GC(27) - age   6:     249432 bytes,     249576 total
[2020-09-11T14:23:28.436+0000][1][gc,heap      ] GC(27) ParNew: 68985K->607K(76672K)
[2020-09-11T14:23:28.436+0000][1][gc,heap      ] GC(27) CMS: 45527K->45957K(2011968K)
[2020-09-11T14:23:28.436+0000][1][gc,metaspace ] GC(27) Metaspace: 32427K->32427K(1079296K)
[2020-09-11T14:23:28.437+0000][1][gc           ] GC(27) Pause Young (Allocation Failure) 111M->45M(2039M) 64.947ms
[2020-09-11T14:23:28.437+0000][1][gc,cpu       ] GC(27) User=0.03s Sys=0.00s Real=0.07s
[2020-09-11T14:23:28.437+0000][1][safepoint    ] Safepoint "GenCollectForAllocation", Time since last: 348012535 ns, Reaching safepoint: 103758 ns, At safepoint: 65013579 ns, Total: 65117337 ns
[2020-09-11T14:23:28.792+0000][1][gc,start     ] GC(28) Pause Young (Allocation Failure)
[2020-09-11T14:23:28.792+0000][1][gc,task      ] GC(28) Using 1 workers of 1 for evacuation
[2020-09-11T14:23:28.870+0000][1][gc,age       ] GC(28) Desired survivor size 4358144 bytes, new threshold 6 (max threshold 6)
[2020-09-11T14:23:28.870+0000][1][gc,age       ] GC(28) Age table with threshold 6 (max threshold 6)
[2020-09-11T14:23:28.870+0000][1][gc,age       ] GC(28) - age   1:        280 bytes,        280 total
[2020-09-11T14:23:28.870+0000][1][gc,heap      ] GC(28) ParNew: 68767K->243K(76672K)
[2020-09-11T14:23:28.870+0000][1][gc,heap      ] GC(28) CMS: 45957K->46201K(2011968K)
[2020-09-11T14:23:28.870+0000][1][gc,metaspace ] GC(28) Metaspace: 32427K->32427K(1079296K)
[2020-09-11T14:23:28.870+0000][1][gc           ] GC(28) Pause Young (Allocation Failure) 112M->45M(2039M) 78.870ms
[2020-09-11T14:23:28.870+0000][1][gc,cpu       ] GC(28) User=0.03s Sys=0.00s Real=0.08s
[2020-09-11T14:23:28.870+0000][1][safepoint    ] Safepoint "GenCollectForAllocation", Time since last: 354886262 ns, Reaching safepoint: 103929 ns, At safepoint: 78929661 ns, Total: 79033590 ns
[2020-09-11T14:23:29.126+0000][1][gc,start     ] GC(29) Pause Young (Allocation Failure)
[2020-09-11T14:23:29.126+0000][1][gc,task      ] GC(29) Using 1 workers of 1 for evacuation
[2020-09-11T14:23:29.160+0000][1][gc,age       ] GC(29) Desired survivor size 4358144 bytes, new threshold 6 (max threshold 6)
[2020-09-11T14:23:29.160+0000][1][gc,age       ] GC(29) Age table with threshold 6 (max threshold 6)
[2020-09-11T14:23:29.160+0000][1][gc,age       ] GC(29) - age   1:        232 bytes,        232 total
[2020-09-11T14:23:29.160+0000][1][gc,age       ] GC(29) - age   2:         72 bytes,        304 total
[2020-09-11T14:23:29.160+0000][1][gc,heap      ] GC(29) ParNew: 68403K->60K(76672K)
[2020-09-11T14:23:29.160+0000][1][gc,heap      ] GC(29) CMS: 46201K->46201K(2011968K)
[2020-09-11T14:23:29.160+0000][1][gc,metaspace ] GC(29) Metaspace: 32427K->32427K(1079296K)
[2020-09-11T14:23:29.160+0000][1][gc           ] GC(29) Pause Young (Allocation Failure) 111M->45M(2039M) 34.467ms
[2020-09-11T14:23:29.161+0000][1][gc,cpu       ] GC(29) User=0.02s Sys=0.00s Real=0.03s
[2020-09-11T14:23:29.161+0000][1][safepoint    ] Safepoint "GenCollectForAllocation", Time since last: 252936057 ns, Reaching safepoint: 2604243 ns, At safepoint: 34539185 ns, Total: 37143428 ns
[2020-09-11T14:23:29.337+0000][1][gc,start     ] GC(30) Pause Young (Allocation Failure)
[2020-09-11T14:23:29.337+0000][1][gc,task      ] GC(30) Using 1 workers of 1 for evacuation
[2020-09-11T14:23:29.372+0000][1][gc,age       ] GC(30) Desired survivor size 4358144 bytes, new threshold 6 (max threshold 6)
[2020-09-11T14:23:29.372+0000][1][gc,age       ] GC(30) Age table with threshold 6 (max threshold 6)
[2020-09-11T14:23:29.372+0000][1][gc,age       ] GC(30) - age   1:         88 bytes,         88 total
[2020-09-11T14:23:29.372+0000][1][gc,age       ] GC(30) - age   3:         72 bytes,        160 total
[2020-09-11T14:23:29.372+0000][1][gc,heap      ] GC(30) ParNew: 68220K->15K(76672K)
[2020-09-11T14:23:29.372+0000][1][gc,heap      ] GC(30) CMS: 46201K->46201K(2011968K)
[2020-09-11T14:23:29.372+0000][1][gc,metaspace ] GC(30) Metaspace: 32427K->32427K(1079296K)
[2020-09-11T14:23:29.372+0000][1][gc           ] GC(30) Pause Young (Allocation Failure) 111M->45M(2039M) 35.245ms
[2020-09-11T14:23:29.372+0000][1][gc,cpu       ] GC(30) User=0.02s Sys=0.00s Real=0.03s
[2020-09-11T14:23:29.372+0000][1][safepoint    ] Safepoint "GenCollectForAllocation", Time since last: 174859961 ns, Reaching safepoint: 1632387 ns, At safepoint: 35322170 ns, Total: 36954557 ns
[2020-09-11T14:23:29.554+0000][1][gc,start     ] GC(31) Pause Young (Allocation Failure)
[2020-09-11T14:23:29.554+0000][1][gc,task      ] GC(31) Using 1 workers of 1 for evacuation
[2020-09-11T14:23:29.583+0000][1][gc,age       ] GC(31) Desired survivor size 4358144 bytes, new threshold 6 (max threshold 6)
[2020-09-11T14:23:29.583+0000][1][gc,age       ] GC(31) Age table with threshold 6 (max threshold 6)
[2020-09-11T14:23:29.583+0000][1][gc,age       ] GC(31) - age   1:        232 bytes,        232 total
[2020-09-11T14:23:29.583+0000][1][gc,age       ] GC(31) - age   4:         72 bytes,        304 total
[2020-09-11T14:23:29.584+0000][1][gc,heap      ] GC(31) ParNew: 68175K->3K(76672K)
[2020-09-11T14:23:29.584+0000][1][gc,heap      ] GC(31) CMS: 46201K->46201K(2011968K)
[2020-09-11T14:23:29.584+0000][1][gc,metaspace ] GC(31) Metaspace: 32427K->32427K(1079296K)
[2020-09-11T14:23:29.584+0000][1][gc           ] GC(31) Pause Young (Allocation Failure) 111M->45M(2039M) 29.760ms
[2020-09-11T14:23:29.584+0000][1][gc,cpu       ] GC(31) User=0.01s Sys=0.00s Real=0.04s
[2020-09-11T14:23:29.591+0000][1][safepoint    ] Safepoint "GenCollectForAllocation", Time since last: 179045916 ns, Reaching safepoint: 2365072 ns, At safepoint: 37656863 ns, Total: 40021935 ns
[2020-09-11T14:23:29.769+0000][1][gc,start     ] GC(32) Pause Young (Allocation Failure)
[2020-09-11T14:23:29.769+0000][1][gc,task      ] GC(32) Using 1 workers of 1 for evacuation
[2020-09-11T14:23:29.794+0000][1][gc,age       ] GC(32) Desired survivor size 4358144 bytes, new threshold 6 (max threshold 6)
[2020-09-11T14:23:29.794+0000][1][gc,age       ] GC(32) Age table with threshold 6 (max threshold 6)
[2020-09-11T14:23:29.794+0000][1][gc,age       ] GC(32) - age   1:        200 bytes,        200 total
[2020-09-11T14:23:29.794+0000][1][gc,age       ] GC(32) - age   5:         72 bytes,        272 total
[2020-09-11T14:23:29.794+0000][1][gc,heap      ] GC(32) ParNew: 68163K->2K(76672K)
[2020-09-11T14:23:29.794+0000][1][gc,heap      ] GC(32) CMS: 46201K->46201K(2011968K)
[2020-09-11T14:23:29.794+0000][1][gc,metaspace ] GC(32) Metaspace: 32427K->32427K(1079296K)
[2020-09-11T14:23:29.794+0000][1][gc           ] GC(32) Pause Young (Allocation Failure) 111M->45M(2039M) 25.944ms
[2020-09-11T14:23:29.794+0000][1][gc,cpu       ] GC(32) User=0.01s Sys=0.00s Real=0.02s
[2020-09-11T14:23:29.799+0000][1][safepoint    ] Safepoint "GenCollectForAllocation", Time since last: 171992918 ns, Reaching safepoint: 5085681 ns, At safepoint: 30902793 ns, Total: 35988474 ns
[2020-09-11T14:23:29.979+0000][1][gc,start     ] GC(33) Pause Young (Allocation Failure)
[2020-09-11T14:23:29.980+0000][1][gc,task      ] GC(33) Using 1 workers of 1 for evacuation
[2020-09-11T14:23:30.003+0000][1][gc,age       ] GC(33) Desired survivor size 4358144 bytes, new threshold 6 (max threshold 6)
[2020-09-11T14:23:30.003+0000][1][gc,age       ] GC(33) Age table with threshold 6 (max threshold 6)
[2020-09-11T14:23:30.003+0000][1][gc,age       ] GC(33) - age   1:         32 bytes,         32 total
[2020-09-11T14:23:30.003+0000][1][gc,age       ] GC(33) - age   6:         72 bytes,        104 total
[2020-09-11T14:23:30.003+0000][1][gc,heap      ] GC(33) ParNew: 68162K->2K(76672K)
[2020-09-11T14:23:30.003+0000][1][gc,heap      ] GC(33) CMS: 46201K->46201K(2011968K)
[2020-09-11T14:23:30.003+0000][1][gc,metaspace ] GC(33) Metaspace: 32427K->32427K(1079296K)
[2020-09-11T14:23:30.003+0000][1][gc           ] GC(33) Pause Young (Allocation Failure) 111M->45M(2039M) 23.480ms
[2020-09-11T14:23:30.003+0000][1][gc,cpu       ] GC(33) User=0.01s Sys=0.00s Real=0.02s
[2020-09-11T14:23:30.011+0000][1][safepoint    ] Safepoint "GenCollectForAllocation", Time since last: 175987075 ns, Reaching safepoint: 4034042 ns, At safepoint: 31972276 ns, Total: 36006318 ns
[2020-09-11T14:23:31.032+0000][1][safepoint    ] Safepoint "Cleanup", Time since last: 1020005539 ns, Reaching safepoint: 615048 ns, At safepoint: 5768 ns, Total: 620816 ns
[2020-09-11T14:23:32.036+0000][1][safepoint    ] Safepoint "Cleanup", Time since last: 1003370458 ns, Reaching safepoint: 727076 ns, At safepoint: 6577 ns, Total: 733653 ns
[2020-09-11T14:23:33.055+0000][1][safepoint    ] Safepoint "Cleanup", Time since last: 1003275771 ns, Reaching safepoint: 15530067 ns, At safepoint: 10705 ns, Total: 15540772 ns
[2020-09-11T14:23:33.508+0000][1][gc,start     ] GC(34) Pause Young (Allocation Failure)
[2020-09-11T14:23:33.508+0000][1][gc,task      ] GC(34) Using 1 workers of 1 for evacuation
[2020-09-11T14:23:33.571+0000][1][gc,age       ] GC(34) Desired survivor size 4358144 bytes, new threshold 6 (max threshold 6)
[2020-09-11T14:23:33.571+0000][1][gc,age       ] GC(34) Age table with threshold 6 (max threshold 6)
[2020-09-11T14:23:33.571+0000][1][gc,age       ] GC(34) - age   1:     277544 bytes,     277544 total
[2020-09-11T14:23:33.571+0000][1][gc,heap      ] GC(34) ParNew: 68162K->272K(76672K)
[2020-09-11T14:23:33.571+0000][1][gc,heap      ] GC(34) CMS: 46201K->46201K(2011968K)
[2020-09-11T14:23:33.571+0000][1][gc,metaspace ] GC(34) Metaspace: 32447K->32447K(1079296K)
[2020-09-11T14:23:33.571+0000][1][gc           ] GC(34) Pause Young (Allocation Failure) 111M->45M(2039M) 63.085ms
[2020-09-11T14:23:33.571+0000][1][gc,cpu       ] GC(34) User=0.02s Sys=0.00s Real=0.06s
[2020-09-11T14:23:33.579+0000][1][safepoint    ] Safepoint "GenCollectForAllocation", Time since last: 452472646 ns, Reaching safepoint: 107166 ns, At safepoint: 71922174 ns, Total: 72029340 ns
[2020-09-11T14:23:34.867+0000][1][gc,start     ] GC(35) Pause Young (Allocation Failure)
[2020-09-11T14:23:34.867+0000][1][gc,task      ] GC(35) Using 1 workers of 1 for evacuation
[2020-09-11T14:23:34.908+0000][1][gc,age       ] GC(35) Desired survivor size 4358144 bytes, new threshold 6 (max threshold 6)
[2020-09-11T14:23:34.908+0000][1][gc,age       ] GC(35) Age table with threshold 6 (max threshold 6)
[2020-09-11T14:23:34.908+0000][1][gc,age       ] GC(35) - age   1:     511792 bytes,     511792 total
[2020-09-11T14:23:34.908+0000][1][gc,age       ] GC(35) - age   2:     183544 bytes,     695336 total
[2020-09-11T14:23:34.908+0000][1][gc,heap      ] GC(35) ParNew: 68432K->680K(76672K)
[2020-09-11T14:23:34.908+0000][1][gc,heap      ] GC(35) CMS: 46201K->46201K(2011968K)
[2020-09-11T14:23:34.908+0000][1][gc,metaspace ] GC(35) Metaspace: 32447K->32447K(1079296K)
[2020-09-11T14:23:34.908+0000][1][gc           ] GC(35) Pause Young (Allocation Failure) 111M->45M(2039M) 40.592ms
[2020-09-11T14:23:34.908+0000][1][gc,cpu       ] GC(35) User=0.02s Sys=0.00s Real=0.04s
[2020-09-11T14:23:34.923+0000][1][safepoint    ] Safepoint "GenCollectForAllocation", Time since last: 1287845430 ns, Reaching safepoint: 100711 ns, At safepoint: 56021719 ns, Total: 56122430 ns
[2020-09-11T14:23:35.859+0000][1][gc,start     ] GC(36) Pause Young (Allocation Failure)
[2020-09-11T14:23:35.860+0000][1][gc,task      ] GC(36) Using 1 workers of 1 for evacuation
[2020-09-11T14:23:35.898+0000][1][gc,age       ] GC(36) Desired survivor size 4358144 bytes, new threshold 6 (max threshold 6)
[2020-09-11T14:23:35.898+0000][1][gc,age       ] GC(36) Age table with threshold 6 (max threshold 6)
[2020-09-11T14:23:35.898+0000][1][gc,age       ] GC(36) - age   1:     642440 bytes,     642440 total
[2020-09-11T14:23:35.898+0000][1][gc,age       ] GC(36) - age   2:     339856 bytes,     982296 total
[2020-09-11T14:23:35.898+0000][1][gc,age       ] GC(36) - age   3:     182904 bytes,    1165200 total
[2020-09-11T14:23:35.898+0000][1][gc,heap      ] GC(36) ParNew: 68840K->1138K(76672K)
[2020-09-11T14:23:35.899+0000][1][gc,heap      ] GC(36) CMS: 46201K->46201K(2011968K)
[2020-09-11T14:23:35.899+0000][1][gc,metaspace ] GC(36) Metaspace: 32448K->32448K(1079296K)
[2020-09-11T14:23:35.899+0000][1][gc           ] GC(36) Pause Young (Allocation Failure) 112M->46M(2039M) 39.094ms
[2020-09-11T14:23:35.899+0000][1][gc,cpu       ] GC(36) User=0.02s Sys=0.00s Real=0.04s
[2020-09-11T14:23:35.914+0000][1][safepoint    ] Safepoint "GenCollectForAllocation", Time since last: 931988331 ns, Reaching safepoint: 4017949 ns, At safepoint: 54774822 ns, Total: 58792771 ns
[2020-09-11T14:23:36.696+0000][1][gc,start     ] GC(37) Pause Young (Allocation Failure)
[2020-09-11T14:23:36.696+0000][1][gc,task      ] GC(37) Using 1 workers of 1 for evacuation
[2020-09-11T14:23:36.730+0000][1][gc,age       ] GC(37) Desired survivor size 4358144 bytes, new threshold 6 (max threshold 6)
[2020-09-11T14:23:36.730+0000][1][gc,age       ] GC(37) Age table with threshold 6 (max threshold 6)
[2020-09-11T14:23:36.730+0000][1][gc,age       ] GC(37) - age   1:     621624 bytes,     621624 total
[2020-09-11T14:23:36.730+0000][1][gc,age       ] GC(37) - age   2:     301408 bytes,     923032 total
[2020-09-11T14:23:36.730+0000][1][gc,age       ] GC(37) - age   3:     339672 bytes,    1262704 total
[2020-09-11T14:23:36.730+0000][1][gc,age       ] GC(37) - age   4:     182520 bytes,    1445224 total
[2020-09-11T14:23:36.730+0000][1][gc,heap      ] GC(37) ParNew: 69298K->1439K(76672K)
[2020-09-11T14:23:36.730+0000][1][gc,heap      ] GC(37) CMS: 46201K->46201K(2011968K)
[2020-09-11T14:23:36.730+0000][1][gc,metaspace ] GC(37) Metaspace: 32448K->32448K(1079296K)
[2020-09-11T14:23:36.730+0000][1][gc           ] GC(37) Pause Young (Allocation Failure) 112M->46M(2039M) 34.116ms
[2020-09-11T14:23:36.730+0000][1][gc,cpu       ] GC(37) User=0.02s Sys=0.00s Real=0.03s
[2020-09-11T14:23:36.749+0000][1][safepoint    ] Safepoint "GenCollectForAllocation", Time since last: 781210755 ns, Reaching safepoint: 103839 ns, At safepoint: 53046451 ns, Total: 53150290 ns
[2020-09-11T14:23:37.336+0000][1][gc,start     ] GC(38) Pause Young (Allocation Failure)
[2020-09-11T14:23:37.336+0000][1][gc,task      ] GC(38) Using 1 workers of 1 for evacuation
[2020-09-11T14:23:37.393+0000][1][gc,age       ] GC(38) Desired survivor size 4358144 bytes, new threshold 6 (max threshold 6)
[2020-09-11T14:23:37.393+0000][1][gc,age       ] GC(38) Age table with threshold 6 (max threshold 6)
[2020-09-11T14:23:37.393+0000][1][gc,age       ] GC(38) - age   1:     934856 bytes,     934856 total
[2020-09-11T14:23:37.393+0000][1][gc,age       ] GC(38) - age   2:     264672 bytes,    1199528 total
[2020-09-11T14:23:37.393+0000][1][gc,age       ] GC(38) - age   3:     297488 bytes,    1497016 total
[2020-09-11T14:23:37.393+0000][1][gc,age       ] GC(38) - age   4:     339592 bytes,    1836608 total
[2020-09-11T14:23:37.393+0000][1][gc,age       ] GC(38) - age   5:     182416 bytes,    2019024 total
[2020-09-11T14:23:37.393+0000][1][gc,heap      ] GC(38) ParNew: 69599K->2032K(76672K)
[2020-09-11T14:23:37.393+0000][1][gc,heap      ] GC(38) CMS: 46201K->46201K(2011968K)
[2020-09-11T14:23:37.393+0000][1][gc,metaspace ] GC(38) Metaspace: 32448K->32448K(1079296K)
[2020-09-11T14:23:37.393+0000][1][gc           ] GC(38) Pause Young (Allocation Failure) 113M->47M(2039M) 57.461ms
[2020-09-11T14:23:37.393+0000][1][gc,cpu       ] GC(38) User=0.02s Sys=0.00s Real=0.05s
[2020-09-11T14:23:37.397+0000][1][safepoint    ] Safepoint "GenCollectForAllocation", Time since last: 587290283 ns, Reaching safepoint: 112154 ns, At safepoint: 61176377 ns, Total: 61288531 ns
[2020-09-11T14:23:37.753+0000][1][gc,start     ] GC(39) Pause Young (Allocation Failure)
[2020-09-11T14:23:37.753+0000][1][gc,task      ] GC(39) Using 1 workers of 1 for evacuation
[2020-09-11T14:23:37.789+0000][1][gc,age       ] GC(39) Desired survivor size 4358144 bytes, new threshold 6 (max threshold 6)
[2020-09-11T14:23:37.789+0000][1][gc,age       ] GC(39) Age table with threshold 6 (max threshold 6)
[2020-09-11T14:23:37.789+0000][1][gc,age       ] GC(39) - age   1:     344280 bytes,     344280 total
[2020-09-11T14:23:37.789+0000][1][gc,age       ] GC(39) - age   2:     922840 bytes,    1267120 total
[2020-09-11T14:23:37.789+0000][1][gc,age       ] GC(39) - age   3:     263464 bytes,    1530584 total
[2020-09-11T14:23:37.789+0000][1][gc,age       ] GC(39) - age   4:     296976 bytes,    1827560 total
[2020-09-11T14:23:37.789+0000][1][gc,age       ] GC(39) - age   5:     339256 bytes,    2166816 total
[2020-09-11T14:23:37.789+0000][1][gc,age       ] GC(39) - age   6:     182376 bytes,    2349192 total
[2020-09-11T14:23:37.789+0000][1][gc,heap      ] GC(39) ParNew: 70192K->2385K(76672K)
[2020-09-11T14:23:37.789+0000][1][gc,heap      ] GC(39) CMS: 46201K->46201K(2011968K)
[2020-09-11T14:23:37.789+0000][1][gc,metaspace ] GC(39) Metaspace: 32448K->32448K(1079296K)
[2020-09-11T14:23:37.789+0000][1][gc           ] GC(39) Pause Young (Allocation Failure) 113M->47M(2039M) 35.589ms
[2020-09-11T14:23:37.789+0000][1][gc,cpu       ] GC(39) User=0.02s Sys=0.00s Real=0.04s
[2020-09-11T14:23:37.791+0000][1][safepoint    ] Safepoint "GenCollectForAllocation", Time since last: 355921645 ns, Reaching safepoint: 114982 ns, At safepoint: 38220402 ns, Total: 38335384 ns
[2020-09-11T14:23:38.209+0000][1][safepoint    ] Safepoint "RevokeBias", Time since last: 417638367 ns, Reaching safepoint: 124040 ns, At safepoint: 38145 ns, Total: 162185 ns
[2020-09-11T14:23:38.381+0000][1][gc,start     ] GC(40) Pause Young (Allocation Failure)
[2020-09-11T14:23:38.381+0000][1][gc,task      ] GC(40) Using 1 workers of 1 for evacuation
[2020-09-11T14:23:38.423+0000][1][gc,age       ] GC(40) Desired survivor size 4358144 bytes, new threshold 6 (max threshold 6)
[2020-09-11T14:23:38.423+0000][1][gc,age       ] GC(40) Age table with threshold 6 (max threshold 6)
[2020-09-11T14:23:38.423+0000][1][gc,age       ] GC(40) - age   1:     348056 bytes,     348056 total
[2020-09-11T14:23:38.423+0000][1][gc,age       ] GC(40) - age   2:     333824 bytes,     681880 total
[2020-09-11T14:23:38.423+0000][1][gc,age       ] GC(40) - age   3:     922488 bytes,    1604368 total
[2020-09-11T14:23:38.423+0000][1][gc,age       ] GC(40) - age   4:     263232 bytes,    1867600 total
[2020-09-11T14:23:38.423+0000][1][gc,age       ] GC(40) - age   5:     296856 bytes,    2164456 total
[2020-09-11T14:23:38.423+0000][1][gc,age       ] GC(40) - age   6:     339256 bytes,    2503712 total
[2020-09-11T14:23:38.423+0000][1][gc,heap      ] GC(40) ParNew: 70545K->2468K(76672K)
[2020-09-11T14:23:38.423+0000][1][gc,heap      ] GC(40) CMS: 46201K->46376K(2011968K)
[2020-09-11T14:23:38.423+0000][1][gc,metaspace ] GC(40) Metaspace: 32453K->32453K(1079296K)
[2020-09-11T14:23:38.423+0000][1][gc           ] GC(40) Pause Young (Allocation Failure) 114M->47M(2039M) 41.765ms
[2020-09-11T14:23:38.423+0000][1][gc,cpu       ] GC(40) User=0.02s Sys=0.00s Real=0.04s
[2020-09-11T14:23:38.423+0000][1][safepoint    ] Safepoint "GenCollectForAllocation", Time since last: 171626155 ns, Reaching safepoint: 123250 ns, At safepoint: 41821179 ns, Total: 41944429 ns
[2020-09-11T14:23:38.603+0000][1][gc,start     ] GC(41) Pause Young (Allocation Failure)
[2020-09-11T14:23:38.603+0000][1][gc,task      ] GC(41) Using 1 workers of 1 for evacuation
[2020-09-11T14:23:38.640+0000][1][gc,age       ] GC(41) Desired survivor size 4358144 bytes, new threshold 6 (max threshold 6)
[2020-09-11T14:23:38.640+0000][1][gc,age       ] GC(41) Age table with threshold 6 (max threshold 6)
[2020-09-11T14:23:38.640+0000][1][gc,age       ] GC(41) - age   1:        376 bytes,        376 total
[2020-09-11T14:23:38.640+0000][1][gc,age       ] GC(41) - age   2:     347792 bytes,     348168 total
[2020-09-11T14:23:38.640+0000][1][gc,age       ] GC(41) - age   3:     333824 bytes,     681992 total
[2020-09-11T14:23:38.640+0000][1][gc,age       ] GC(41) - age   4:     922488 bytes,    1604480 total
[2020-09-11T14:23:38.640+0000][1][gc,age       ] GC(41) - age   5:     263232 bytes,    1867712 total
[2020-09-11T14:23:38.640+0000][1][gc,age       ] GC(41) - age   6:     296856 bytes,    2164568 total
[2020-09-11T14:23:38.640+0000][1][gc,heap      ] GC(41) ParNew: 70628K->2128K(76672K)
[2020-09-11T14:23:38.640+0000][1][gc,heap      ] GC(41) CMS: 46376K->46708K(2011968K)
[2020-09-11T14:23:38.640+0000][1][gc,metaspace ] GC(41) Metaspace: 32453K->32453K(1079296K)
[2020-09-11T14:23:38.640+0000][1][gc           ] GC(41) Pause Young (Allocation Failure) 114M->47M(2039M) 36.620ms
[2020-09-11T14:23:38.640+0000][1][gc,cpu       ] GC(41) User=0.01s Sys=0.00s Real=0.03s
[2020-09-11T14:23:38.640+0000][1][safepoint    ] Safepoint "GenCollectForAllocation", Time since last: 178439557 ns, Reaching safepoint: 2206756 ns, At safepoint: 36701914 ns, Total: 38908670 ns
[2020-09-11T14:23:38.824+0000][1][gc,start     ] GC(42) Pause Young (Allocation Failure)
[2020-09-11T14:23:38.824+0000][1][gc,task      ] GC(42) Using 1 workers of 1 for evacuation
[2020-09-11T14:23:38.851+0000][1][gc,age       ] GC(42) Desired survivor size 4358144 bytes, new threshold 6 (max threshold 6)
[2020-09-11T14:23:38.851+0000][1][gc,age       ] GC(42) Age table with threshold 6 (max threshold 6)
[2020-09-11T14:23:38.851+0000][1][gc,age       ] GC(42) - age   1:         24 bytes,         24 total
[2020-09-11T14:23:38.851+0000][1][gc,age       ] GC(42) - age   2:        160 bytes,        184 total
[2020-09-11T14:23:38.851+0000][1][gc,age       ] GC(42) - age   3:     347792 bytes,     347976 total
[2020-09-11T14:23:38.851+0000][1][gc,age       ] GC(42) - age   4:     333824 bytes,     681800 total
[2020-09-11T14:23:38.851+0000][1][gc,age       ] GC(42) - age   5:     922488 bytes,    1604288 total
[2020-09-11T14:23:38.851+0000][1][gc,age       ] GC(42) - age   6:     263232 bytes,    1867520 total
[2020-09-11T14:23:38.851+0000][1][gc,heap      ] GC(42) ParNew: 70288K->2226K(76672K)
[2020-09-11T14:23:38.851+0000][1][gc,heap      ] GC(42) CMS: 46708K->46998K(2011968K)
[2020-09-11T14:23:38.851+0000][1][gc,metaspace ] GC(42) Metaspace: 32453K->32453K(1079296K)
[2020-09-11T14:23:38.851+0000][1][gc           ] GC(42) Pause Young (Allocation Failure) 114M->48M(2039M) 27.729ms
[2020-09-11T14:23:38.851+0000][1][gc,cpu       ] GC(42) User=0.01s Sys=0.00s Real=0.02s
[2020-09-11T14:23:38.862+0000][1][safepoint    ] Safepoint "GenCollectForAllocation", Time since last: 180759768 ns, Reaching safepoint: 2611288 ns, At safepoint: 38112670 ns, Total: 40723958 ns
[2020-09-11T14:23:39.036+0000][1][gc,start     ] GC(43) Pause Young (Allocation Failure)
[2020-09-11T14:23:39.036+0000][1][gc,task      ] GC(43) Using 1 workers of 1 for evacuation
[2020-09-11T14:23:39.073+0000][1][gc,age       ] GC(43) Desired survivor size 4358144 bytes, new threshold 6 (max threshold 6)
[2020-09-11T14:23:39.073+0000][1][gc,age       ] GC(43) Age table with threshold 6 (max threshold 6)
[2020-09-11T14:23:39.073+0000][1][gc,age       ] GC(43) - age   1:        208 bytes,        208 total
[2020-09-11T14:23:39.073+0000][1][gc,age       ] GC(43) - age   3:        160 bytes,        368 total
[2020-09-11T14:23:39.073+0000][1][gc,age       ] GC(43) - age   4:     347792 bytes,     348160 total
[2020-09-11T14:23:39.073+0000][1][gc,age       ] GC(43) - age   5:     333824 bytes,     681984 total
[2020-09-11T14:23:39.073+0000][1][gc,age       ] GC(43) - age   6:     922488 bytes,    1604472 total
[2020-09-11T14:23:39.073+0000][1][gc,heap      ] GC(43) ParNew: 70386K->1567K(76672K)
[2020-09-11T14:23:39.073+0000][1][gc,heap      ] GC(43) CMS: 46998K->47255K(2011968K)
[2020-09-11T14:23:39.073+0000][1][gc,metaspace ] GC(43) Metaspace: 32453K->32453K(1079296K)
[2020-09-11T14:23:39.073+0000][1][gc           ] GC(43) Pause Young (Allocation Failure) 114M->47M(2039M) 37.169ms
[2020-09-11T14:23:39.073+0000][1][gc,cpu       ] GC(43) User=0.01s Sys=0.00s Real=0.03s
[2020-09-11T14:23:39.073+0000][1][safepoint    ] Safepoint "GenCollectForAllocation", Time since last: 173817460 ns, Reaching safepoint: 105509 ns, At safepoint: 37231046 ns, Total: 37336555 ns
[2020-09-11T14:23:39.252+0000][1][gc,start     ] GC(44) Pause Young (Allocation Failure)
[2020-09-11T14:23:39.252+0000][1][gc,task      ] GC(44) Using 1 workers of 1 for evacuation
[2020-09-11T14:23:39.287+0000][1][gc,age       ] GC(44) Desired survivor size 4358144 bytes, new threshold 6 (max threshold 6)
[2020-09-11T14:23:39.287+0000][1][gc,age       ] GC(44) Age table with threshold 6 (max threshold 6)
[2020-09-11T14:23:39.287+0000][1][gc,age       ] GC(44) - age   1:        192 bytes,        192 total
[2020-09-11T14:23:39.287+0000][1][gc,age       ] GC(44) - age   4:        160 bytes,        352 total
[2020-09-11T14:23:39.288+0000][1][gc,age       ] GC(44) - age   5:     347792 bytes,     348144 total
[2020-09-11T14:23:39.288+0000][1][gc,age       ] GC(44) - age   6:     333824 bytes,     681968 total
[2020-09-11T14:23:39.288+0000][1][gc,heap      ] GC(44) ParNew: 69727K->895K(76672K)
[2020-09-11T14:23:39.288+0000][1][gc,heap      ] GC(44) CMS: 47255K->48155K(2011968K)
[2020-09-11T14:23:39.288+0000][1][gc,metaspace ] GC(44) Metaspace: 32453K->32453K(1079296K)
[2020-09-11T14:23:39.288+0000][1][gc           ] GC(44) Pause Young (Allocation Failure) 114M->47M(2039M) 36.048ms
[2020-09-11T14:23:39.288+0000][1][gc,cpu       ] GC(44) User=0.01s Sys=0.00s Real=0.04s
[2020-09-11T14:23:39.288+0000][1][safepoint    ] Safepoint "GenCollectForAllocation", Time since last: 178643247 ns, Reaching safepoint: 107227 ns, At safepoint: 36120610 ns, Total: 36227837 ns
[2020-09-11T14:23:39.462+0000][1][gc,start     ] GC(45) Pause Young (Allocation Failure)
[2020-09-11T14:23:39.462+0000][1][gc,task      ] GC(45) Using 1 workers of 1 for evacuation
[2020-09-11T14:23:39.483+0000][1][gc,age       ] GC(45) Desired survivor size 4358144 bytes, new threshold 6 (max threshold 6)
[2020-09-11T14:23:39.483+0000][1][gc,age       ] GC(45) Age table with threshold 6 (max threshold 6)
[2020-09-11T14:23:39.483+0000][1][gc,age       ] GC(45) - age   1:        200 bytes,        200 total
[2020-09-11T14:23:39.483+0000][1][gc,age       ] GC(45) - age   5:        160 bytes,        360 total
[2020-09-11T14:23:39.483+0000][1][gc,age       ] GC(45) - age   6:     347792 bytes,     348152 total
[2020-09-11T14:23:39.483+0000][1][gc,heap      ] GC(45) ParNew: 69055K->723K(76672K)
[2020-09-11T14:23:39.483+0000][1][gc,heap      ] GC(45) CMS: 48155K->48481K(2011968K)
[2020-09-11T14:23:39.483+0000][1][gc,metaspace ] GC(45) Metaspace: 32453K->32453K(1079296K)
[2020-09-11T14:23:39.483+0000][1][gc           ] GC(45) Pause Young (Allocation Failure) 114M->48M(2039M) 21.577ms
[2020-09-11T14:23:39.483+0000][1][gc,cpu       ] GC(45) User=0.01s Sys=0.00s Real=0.02s
[2020-09-11T14:23:39.499+0000][1][safepoint    ] Safepoint "GenCollectForAllocation", Time since last: 170722736 ns, Reaching safepoint: 3159275 ns, At safepoint: 37921526 ns, Total: 41080801 ns
[2020-09-11T14:23:39.669+0000][1][gc,start     ] GC(46) Pause Young (Allocation Failure)
[2020-09-11T14:23:39.669+0000][1][gc,task      ] GC(46) Using 1 workers of 1 for evacuation
[2020-09-11T14:23:39.699+0000][1][gc,age       ] GC(46) Desired survivor size 4358144 bytes, new threshold 6 (max threshold 6)
[2020-09-11T14:23:39.699+0000][1][gc,age       ] GC(46) Age table with threshold 6 (max threshold 6)
[2020-09-11T14:23:39.699+0000][1][gc,age       ] GC(46) - age   1:        208 bytes,        208 total
[2020-09-11T14:23:39.699+0000][1][gc,age       ] GC(46) - age   6:        160 bytes,        368 total
[2020-09-11T14:23:39.699+0000][1][gc,heap      ] GC(46) ParNew: 68883K->308K(76672K)
[2020-09-11T14:23:39.699+0000][1][gc,heap      ] GC(46) CMS: 48481K->48822K(2011968K)
[2020-09-11T14:23:39.699+0000][1][gc,metaspace ] GC(46) Metaspace: 32453K->32453K(1079296K)
[2020-09-11T14:23:39.699+0000][1][gc           ] GC(46) Pause Young (Allocation Failure) 114M->47M(2039M) 29.642ms
[2020-09-11T14:23:39.699+0000][1][gc,cpu       ] GC(46) User=0.01s Sys=0.00s Real=0.03s
[2020-09-11T14:23:39.706+0000][1][safepoint    ] Safepoint "GenCollectForAllocation", Time since last: 167967188 ns, Reaching safepoint: 1931706 ns, At safepoint: 36542839 ns, Total: 38474545 ns
[2020-09-11T14:23:39.880+0000][1][gc,start     ] GC(47) Pause Young (Allocation Failure)
[2020-09-11T14:23:39.880+0000][1][gc,task      ] GC(47) Using 1 workers of 1 for evacuation
[2020-09-11T14:23:39.919+0000][1][gc,age       ] GC(47) Desired survivor size 4358144 bytes, new threshold 6 (max threshold 6)
[2020-09-11T14:23:39.920+0000][1][gc,age       ] GC(47) Age table with threshold 6 (max threshold 6)
[2020-09-11T14:23:39.920+0000][1][gc,age       ] GC(47) - age   1:        160 bytes,        160 total
[2020-09-11T14:23:39.920+0000][1][gc,heap      ] GC(47) ParNew: 68468K->77K(76672K)
[2020-09-11T14:23:39.920+0000][1][gc,heap      ] GC(47) CMS: 48822K->48822K(2011968K)
[2020-09-11T14:23:39.920+0000][1][gc,metaspace ] GC(47) Metaspace: 32453K->32453K(1079296K)
[2020-09-11T14:23:39.920+0000][1][gc           ] GC(47) Pause Young (Allocation Failure) 114M->47M(2039M) 40.040ms
[2020-09-11T14:23:39.920+0000][1][gc,cpu       ] GC(47) User=0.01s Sys=0.00s Real=0.04s
[2020-09-11T14:23:39.920+0000][1][safepoint    ] Safepoint "GenCollectForAllocation", Time since last: 173551252 ns, Reaching safepoint: 119533 ns, At safepoint: 40114636 ns, Total: 40234169 ns
[2020-09-11T14:23:40.090+0000][1][gc,start     ] GC(48) Pause Young (Allocation Failure)
[2020-09-11T14:23:40.090+0000][1][gc,task      ] GC(48) Using 1 workers of 1 for evacuation
[2020-09-11T14:23:40.123+0000][1][gc,age       ] GC(48) Desired survivor size 4358144 bytes, new threshold 6 (max threshold 6)
[2020-09-11T14:23:40.123+0000][1][gc,age       ] GC(48) Age table with threshold 6 (max threshold 6)
[2020-09-11T14:23:40.123+0000][1][gc,heap      ] GC(48) ParNew: 68237K->0K(76672K)
[2020-09-11T14:23:40.123+0000][1][gc,heap      ] GC(48) CMS: 48822K->48822K(2011968K)
[2020-09-11T14:23:40.123+0000][1][gc,metaspace ] GC(48) Metaspace: 32453K->32453K(1079296K)
[2020-09-11T14:23:40.123+0000][1][gc           ] GC(48) Pause Young (Allocation Failure) 114M->47M(2039M) 33.165ms
[2020-09-11T14:23:40.123+0000][1][gc,cpu       ] GC(48) User=0.01s Sys=0.00s Real=0.03s
[2020-09-11T14:23:40.127+0000][1][safepoint    ] Safepoint "GenCollectForAllocation", Time since last: 167631043 ns, Reaching safepoint: 2707478 ns, At safepoint: 37435609 ns, Total: 40143087 ns
[2020-09-11T14:23:40.300+0000][1][gc,start     ] GC(49) Pause Young (Allocation Failure)
[2020-09-11T14:23:40.300+0000][1][gc,task      ] GC(49) Using 1 workers of 1 for evacuation
[2020-09-11T14:23:40.337+0000][1][gc,age       ] GC(49) Desired survivor size 4358144 bytes, new threshold 6 (max threshold 6)
[2020-09-11T14:23:40.337+0000][1][gc,age       ] GC(49) Age table with threshold 6 (max threshold 6)
[2020-09-11T14:23:40.337+0000][1][gc,age       ] GC(49) - age   1:        200 bytes,        200 total
[2020-09-11T14:23:40.337+0000][1][gc,heap      ] GC(49) ParNew: 68160K->4K(76672K)
[2020-09-11T14:23:40.337+0000][1][gc,heap      ] GC(49) CMS: 48822K->48822K(2011968K)
[2020-09-11T14:23:40.337+0000][1][gc,metaspace ] GC(49) Metaspace: 32453K->32453K(1079296K)
[2020-09-11T14:23:40.337+0000][1][gc           ] GC(49) Pause Young (Allocation Failure) 114M->47M(2039M) 37.401ms
[2020-09-11T14:23:40.337+0000][1][gc,cpu       ] GC(49) User=0.01s Sys=0.00s Real=0.04s
[2020-09-11T14:23:40.337+0000][1][safepoint    ] Safepoint "GenCollectForAllocation", Time since last: 172179295 ns, Reaching safepoint: 103035 ns, At safepoint: 37479160 ns, Total: 37582195 ns
[2020-09-11T14:23:41.358+0000][1][safepoint    ] Safepoint "Cleanup", Time since last: 1020545114 ns, Reaching safepoint: 109681 ns, At safepoint: 7074 ns, Total: 116755 ns
[2020-09-11T14:23:41.919+0000][1][gc,start     ] GC(50) Pause Young (Allocation Failure)
[2020-09-11T14:23:41.920+0000][1][gc,task      ] GC(50) Using 1 workers of 1 for evacuation
[2020-09-11T14:23:41.953+0000][1][gc,age       ] GC(50) Desired survivor size 4358144 bytes, new threshold 6 (max threshold 6)
[2020-09-11T14:23:41.953+0000][1][gc,age       ] GC(50) Age table with threshold 6 (max threshold 6)
[2020-09-11T14:23:41.953+0000][1][gc,age       ] GC(50) - age   1:     133256 bytes,     133256 total
[2020-09-11T14:23:41.953+0000][1][gc,heap      ] GC(50) ParNew: 68164K->132K(76672K)
[2020-09-11T14:23:41.953+0000][1][gc,heap      ] GC(50) CMS: 48822K->48822K(2011968K)
[2020-09-11T14:23:41.953+0000][1][gc,metaspace ] GC(50) Metaspace: 32454K->32454K(1079296K)
[2020-09-11T14:23:41.953+0000][1][gc           ] GC(50) Pause Young (Allocation Failure) 114M->47M(2039M) 33.477ms
[2020-09-11T14:23:41.953+0000][1][gc,cpu       ] GC(50) User=0.02s Sys=0.00s Real=0.03s
[2020-09-11T14:23:41.971+0000][1][safepoint    ] Safepoint "GenCollectForAllocation", Time since last: 556952748 ns, Reaching safepoint: 4612537 ns, At safepoint: 51994339 ns, Total: 56606876 ns
[2020-09-11T14:23:42.619+0000][1][gc,start     ] GC(51) Pause Young (Allocation Failure)
[2020-09-11T14:23:42.620+0000][1][gc,task      ] GC(51) Using 1 workers of 1 for evacuation
[2020-09-11T14:23:42.656+0000][1][gc,age       ] GC(51) Desired survivor size 4358144 bytes, new threshold 6 (max threshold 6)
[2020-09-11T14:23:42.656+0000][1][gc,age       ] GC(51) Age table with threshold 6 (max threshold 6)
[2020-09-11T14:23:42.656+0000][1][gc,age       ] GC(51) - age   1:     511800 bytes,     511800 total
[2020-09-11T14:23:42.656+0000][1][gc,age       ] GC(51) - age   2:      83504 bytes,     595304 total
[2020-09-11T14:23:42.656+0000][1][gc,heap      ] GC(51) ParNew: 68292K->581K(76672K)
[2020-09-11T14:23:42.656+0000][1][gc,heap      ] GC(51) CMS: 48822K->48822K(2011968K)
[2020-09-11T14:23:42.656+0000][1][gc,metaspace ] GC(51) Metaspace: 32454K->32454K(1079296K)
[2020-09-11T14:23:42.656+0000][1][gc           ] GC(51) Pause Young (Allocation Failure) 114M->48M(2039M) 36.177ms
[2020-09-11T14:23:42.656+0000][1][gc,cpu       ] GC(51) User=0.01s Sys=0.00s Real=0.04s
[2020-09-11T14:23:42.666+0000][1][safepoint    ] Safepoint "GenCollectForAllocation", Time since last: 644004990 ns, Reaching safepoint: 4006397 ns, At safepoint: 46662346 ns, Total: 50668743 ns
[2020-09-11T14:23:42.708+0000][1][safepoint    ] Safepoint "RevokeBias", Time since last: 42161499 ns, Reaching safepoint: 30687 ns, At safepoint: 37212 ns, Total: 67899 ns
[2020-09-11T14:23:42.708+0000][1][safepoint    ] Safepoint "RevokeBias", Time since last: 59576 ns, Reaching safepoint: 10266 ns, At safepoint: 19401 ns, Total: 29667 ns
[2020-09-11T14:23:42.708+0000][1][safepoint    ] Safepoint "RevokeBias", Time since last: 28649 ns, Reaching safepoint: 9978 ns, At safepoint: 17397 ns, Total: 27375 ns
[2020-09-11T14:23:42.712+0000][1][safepoint    ] Safepoint "RevokeBias", Time since last: 3116105 ns, Reaching safepoint: 14710 ns, At safepoint: 22674 ns, Total: 37384 ns
[2020-09-11T14:23:43.051+0000][1][gc,start     ] GC(52) Pause Young (Allocation Failure)
[2020-09-11T14:23:43.052+0000][1][gc,task      ] GC(52) Using 1 workers of 1 for evacuation
[2020-09-11T14:23:43.085+0000][1][gc,age       ] GC(52) Desired survivor size 4358144 bytes, new threshold 6 (max threshold 6)
[2020-09-11T14:23:43.085+0000][1][gc,age       ] GC(52) Age table with threshold 6 (max threshold 6)
[2020-09-11T14:23:43.085+0000][1][gc,age       ] GC(52) - age   1:     676480 bytes,     676480 total
[2020-09-11T14:23:43.085+0000][1][gc,age       ] GC(52) - age   2:     341152 bytes,    1017632 total
[2020-09-11T14:23:43.085+0000][1][gc,age       ] GC(52) - age   3:      82904 bytes,    1100536 total
[2020-09-11T14:23:43.085+0000][1][gc,heap      ] GC(52) ParNew: 68741K->1079K(76672K)
[2020-09-11T14:23:43.085+0000][1][gc,heap      ] GC(52) CMS: 48822K->48822K(2011968K)
[2020-09-11T14:23:43.085+0000][1][gc,metaspace ] GC(52) Metaspace: 32455K->32455K(1079296K)
[2020-09-11T14:23:43.085+0000][1][gc           ] GC(52) Pause Young (Allocation Failure) 114M->48M(2039M) 33.969ms
[2020-09-11T14:23:43.085+0000][1][gc,cpu       ] GC(52) User=0.01s Sys=0.00s Real=0.04s
[2020-09-11T14:23:43.087+0000][1][safepoint    ] Safepoint "GenCollectForAllocation", Time since last: 335791916 ns, Reaching safepoint: 4029250 ns, At safepoint: 35972922 ns, Total: 40002172 ns
[2020-09-11T14:23:43.384+0000][1][gc,start     ] GC(53) Pause Young (Allocation Failure)
[2020-09-11T14:23:43.384+0000][1][gc,task      ] GC(53) Using 1 workers of 1 for evacuation
[2020-09-11T14:23:43.424+0000][1][gc,age       ] GC(53) Desired survivor size 4358144 bytes, new threshold 6 (max threshold 6)
[2020-09-11T14:23:43.424+0000][1][gc,age       ] GC(53) Age table with threshold 6 (max threshold 6)
[2020-09-11T14:23:43.424+0000][1][gc,age       ] GC(53) - age   1:     314616 bytes,     314616 total
[2020-09-11T14:23:43.424+0000][1][gc,age       ] GC(53) - age   2:     660760 bytes,     975376 total
[2020-09-11T14:23:43.424+0000][1][gc,age       ] GC(53) - age   3:     340416 bytes,    1315792 total
[2020-09-11T14:23:43.424+0000][1][gc,age       ] GC(53) - age   4:      82240 bytes,    1398032 total
[2020-09-11T14:23:43.424+0000][1][gc,heap      ] GC(53) ParNew: 69239K->1379K(76672K)
[2020-09-11T14:23:43.424+0000][1][gc,heap      ] GC(53) CMS: 48822K->48822K(2011968K)
[2020-09-11T14:23:43.424+0000][1][gc,metaspace ] GC(53) Metaspace: 32455K->32455K(1079296K)
[2020-09-11T14:23:43.424+0000][1][gc           ] GC(53) Pause Young (Allocation Failure) 115M->49M(2039M) 39.612ms
[2020-09-11T14:23:43.424+0000][1][gc,cpu       ] GC(53) User=0.01s Sys=0.00s Real=0.04s
[2020-09-11T14:23:43.424+0000][1][safepoint    ] Safepoint "GenCollectForAllocation", Time since last: 295996000 ns, Reaching safepoint: 809029 ns, At safepoint: 39671108 ns, Total: 40480137 ns
[2020-09-11T14:23:43.807+0000][1][gc,start     ] GC(54) Pause Young (Allocation Failure)
[2020-09-11T14:23:43.808+0000][1][gc,task      ] GC(54) Using 1 workers of 1 for evacuation
[2020-09-11T14:23:43.849+0000][1][gc,age       ] GC(54) Desired survivor size 4358144 bytes, new threshold 6 (max threshold 6)
[2020-09-11T14:23:43.849+0000][1][gc,age       ] GC(54) Age table with threshold 6 (max threshold 6)
[2020-09-11T14:23:43.849+0000][1][gc,age       ] GC(54) - age   1:     931808 bytes,     931808 total
[2020-09-11T14:23:43.849+0000][1][gc,age       ] GC(54) - age   2:     302440 bytes,    1234248 total
[2020-09-11T14:23:43.849+0000][1][gc,age       ] GC(54) - age   3:     332096 bytes,    1566344 total
[2020-09-11T14:23:43.849+0000][1][gc,age       ] GC(54) - age   4:     340416 bytes,    1906760 total
[2020-09-11T14:23:43.849+0000][1][gc,age       ] GC(54) - age   5:      82080 bytes,    1988840 total
[2020-09-11T14:23:43.849+0000][1][gc,heap      ] GC(54) ParNew: 69539K->1960K(76672K)
[2020-09-11T14:23:43.849+0000][1][gc,heap      ] GC(54) CMS: 48822K->48822K(2011968K)
[2020-09-11T14:23:43.849+0000][1][gc,metaspace ] GC(54) Metaspace: 32455K->32455K(1079296K)
[2020-09-11T14:23:43.849+0000][1][gc           ] GC(54) Pause Young (Allocation Failure) 115M->49M(2039M) 41.824ms
[2020-09-11T14:23:43.849+0000][1][gc,cpu       ] GC(54) User=0.01s Sys=0.00s Real=0.04s
[2020-09-11T14:23:43.849+0000][1][safepoint    ] Safepoint "GenCollectForAllocation", Time since last: 381264408 ns, Reaching safepoint: 2278908 ns, At safepoint: 41886781 ns, Total: 44165689 ns
[2020-09-11T14:23:44.154+0000][1][gc,start     ] GC(55) Pause Young (Allocation Failure)
[2020-09-11T14:23:44.154+0000][1][gc,task      ] GC(55) Using 1 workers of 1 for evacuation
[2020-09-11T14:23:44.199+0000][1][gc,age       ] GC(55) Desired survivor size 4358144 bytes, new threshold 6 (max threshold 6)
[2020-09-11T14:23:44.199+0000][1][gc,age       ] GC(55) Age table with threshold 6 (max threshold 6)
[2020-09-11T14:23:44.199+0000][1][gc,age       ] GC(55) - age   1:     347040 bytes,     347040 total
[2020-09-11T14:23:44.199+0000][1][gc,age       ] GC(55) - age   2:     919504 bytes,    1266544 total
[2020-09-11T14:23:44.199+0000][1][gc,age       ] GC(55) - age   3:     298416 bytes,    1564960 total
[2020-09-11T14:23:44.199+0000][1][gc,age       ] GC(55) - age   4:     331616 bytes,    1896576 total
[2020-09-11T14:23:44.199+0000][1][gc,age       ] GC(55) - age   5:     340288 bytes,    2236864 total
[2020-09-11T14:23:44.199+0000][1][gc,age       ] GC(55) - age   6:      82056 bytes,    2318920 total
[2020-09-11T14:23:44.199+0000][1][gc,heap      ] GC(55) ParNew: 70120K->2266K(76672K)
[2020-09-11T14:23:44.199+0000][1][gc,heap      ] GC(55) CMS: 48822K->48822K(2011968K)
[2020-09-11T14:23:44.199+0000][1][gc,metaspace ] GC(55) Metaspace: 32455K->32455K(1079296K)
[2020-09-11T14:23:44.199+0000][1][gc           ] GC(55) Pause Young (Allocation Failure) 116M->49M(2039M) 45.027ms
[2020-09-11T14:23:44.199+0000][1][gc,cpu       ] GC(55) User=0.01s Sys=0.00s Real=0.05s
[2020-09-11T14:23:44.199+0000][1][safepoint    ] Safepoint "GenCollectForAllocation", Time since last: 304198023 ns, Reaching safepoint: 112675 ns, At safepoint: 45093244 ns, Total: 45205919 ns
[2020-09-11T14:23:45.141+0000][1][safepoint    ] Safepoint "Deoptimize", Time since last: 941924738 ns, Reaching safepoint: 125038 ns, At safepoint: 314083 ns, Total: 439121 ns
[2020-09-11T14:23:45.412+0000][1][safepoint    ] Safepoint "ICBufferFull", Time since last: 270328025 ns, Reaching safepoint: 205602 ns, At safepoint: 9100 ns, Total: 214702 ns
[2020-09-11T14:23:45.496+0000][1][safepoint    ] Safepoint "CollectForMetadataAllocation", Time since last: 83819640 ns, Reaching safepoint: 136769 ns, At safepoint: 127115 ns, Total: 263884 ns
[2020-09-11T14:23:45.611+0000][1][safepoint    ] Safepoint "CollectForMetadataAllocation", Time since last: 115386255 ns, Reaching safepoint: 113416 ns, At safepoint: 125032 ns, Total: 238448 ns
[2020-09-11T14:23:45.756+0000][1][safepoint    ] Safepoint "CollectForMetadataAllocation", Time since last: 144086086 ns, Reaching safepoint: 99784 ns, At safepoint: 116939 ns, Total: 216723 ns
[2020-09-11T14:23:45.837+0000][1][safepoint    ] Safepoint "CollectForMetadataAllocation", Time since last: 80977785 ns, Reaching safepoint: 94853 ns, At safepoint: 134984 ns, Total: 229837 ns
[2020-09-11T14:23:45.933+0000][1][safepoint    ] Safepoint "CollectForMetadataAllocation", Time since last: 96334387 ns, Reaching safepoint: 104243 ns, At safepoint: 117552 ns, Total: 221795 ns
[2020-09-11T14:23:46.032+0000][1][safepoint    ] Safepoint "CollectForMetadataAllocation", Time since last: 98073848 ns, Reaching safepoint: 107437 ns, At safepoint: 149853 ns, Total: 257290 ns
[2020-09-11T14:23:46.069+0000][1][gc,start     ] GC(56) Pause Young (Allocation Failure)
[2020-09-11T14:23:46.069+0000][1][gc,task      ] GC(56) Using 1 workers of 1 for evacuation
[2020-09-11T14:23:46.173+0000][1][gc,age       ] GC(56) Desired survivor size 4358144 bytes, new threshold 6 (max threshold 6)
[2020-09-11T14:23:46.173+0000][1][gc,age       ] GC(56) Age table with threshold 6 (max threshold 6)
[2020-09-11T14:23:46.173+0000][1][gc,age       ] GC(56) - age   1:    1330184 bytes,    1330184 total
[2020-09-11T14:23:46.173+0000][1][gc,age       ] GC(56) - age   2:     334104 bytes,    1664288 total
[2020-09-11T14:23:46.173+0000][1][gc,age       ] GC(56) - age   3:     918808 bytes,    2583096 total
[2020-09-11T14:23:46.173+0000][1][gc,age       ] GC(56) - age   4:     297792 bytes,    2880888 total
[2020-09-11T14:23:46.173+0000][1][gc,age       ] GC(56) - age   5:     331016 bytes,    3211904 total
[2020-09-11T14:23:46.173+0000][1][gc,age       ] GC(56) - age   6:     340288 bytes,    3552192 total
[2020-09-11T14:23:46.173+0000][1][gc,heap      ] GC(56) ParNew: 70426K->3498K(76672K)
[2020-09-11T14:23:46.173+0000][1][gc,heap      ] GC(56) CMS: 48822K->48899K(2011968K)
[2020-09-11T14:23:46.173+0000][1][gc,metaspace ] GC(56) Metaspace: 36172K->36172K(1083392K)
[2020-09-11T14:23:46.173+0000][1][gc           ] GC(56) Pause Young (Allocation Failure) 116M->51M(2039M) 103.600ms
[2020-09-11T14:23:46.173+0000][1][gc,cpu       ] GC(56) User=0.04s Sys=0.01s Real=0.10s
[2020-09-11T14:23:46.173+0000][1][safepoint    ] Safepoint "GenCollectForAllocation", Time since last: 37373258 ns, Reaching safepoint: 94992 ns, At safepoint: 103660479 ns, Total: 103755471 ns
[2020-09-11T14:23:46.217+0000][1][gc,start     ] GC(57) Pause Initial Mark
[2020-09-11T14:23:46.218+0000][1][gc           ] GC(57) Pause Initial Mark 52M->52M(2039M) 1.779ms
[2020-09-11T14:23:46.218+0000][1][gc,cpu       ] GC(57) User=0.00s Sys=0.00s Real=0.00s
[2020-09-11T14:23:46.247+0000][1][safepoint    ] Safepoint "CMS_Initial_Mark", Time since last: 30541563 ns, Reaching safepoint: 13103865 ns, At safepoint: 30895169 ns, Total: 43999034 ns
[2020-09-11T14:23:46.247+0000][1][gc           ] GC(57) Concurrent Mark
[2020-09-11T14:23:46.700+0000][1][gc           ] GC(57) Concurrent Mark 452.085ms
[2020-09-11T14:23:46.700+0000][1][gc,cpu       ] GC(57) User=0.15s Sys=0.00s Real=0.45s
[2020-09-11T14:23:46.700+0000][1][gc           ] GC(57) Concurrent Preclean
[2020-09-11T14:23:46.724+0000][1][gc           ] GC(57) Concurrent Preclean 24.798ms
[2020-09-11T14:23:46.724+0000][1][gc,cpu       ] GC(57) User=0.01s Sys=0.00s Real=0.03s
[2020-09-11T14:23:46.724+0000][1][gc           ] GC(57) Concurrent Abortable Preclean
[2020-09-11T14:23:47.012+0000][1][gc,start     ] GC(58) Pause Young (Allocation Failure)
[2020-09-11T14:23:47.012+0000][1][gc,task      ] GC(58) Using 1 workers of 1 for evacuation
[2020-09-11T14:23:47.059+0000][1][gc           ] GC(57) Concurrent Abortable Preclean 334.949ms
[2020-09-11T14:23:47.059+0000][1][gc,cpu       ] GC(57) User=0.11s Sys=0.00s Real=0.33s
[2020-09-11T14:23:47.093+0000][1][gc,age       ] GC(58) Desired survivor size 4358144 bytes, new threshold 6 (max threshold 6)
[2020-09-11T14:23:47.093+0000][1][gc,age       ] GC(58) Age table with threshold 6 (max threshold 6)
[2020-09-11T14:23:47.093+0000][1][gc,age       ] GC(58) - age   1:     238856 bytes,     238856 total
[2020-09-11T14:23:47.093+0000][1][gc,age       ] GC(58) - age   2:    1282624 bytes,    1521480 total
[2020-09-11T14:23:47.093+0000][1][gc,age       ] GC(58) - age   3:     334104 bytes,    1855584 total
[2020-09-11T14:23:47.093+0000][1][gc,age       ] GC(58) - age   4:     918808 bytes,    2774392 total
[2020-09-11T14:23:47.093+0000][1][gc,age       ] GC(58) - age   5:     297792 bytes,    3072184 total
[2020-09-11T14:23:47.093+0000][1][gc,age       ] GC(58) - age   6:     331016 bytes,    3403200 total
[2020-09-11T14:23:47.093+0000][1][gc,heap      ] GC(58) ParNew: 71658K->3712K(76672K)
[2020-09-11T14:23:47.093+0000][1][gc,heap      ] GC(58) CMS: 48899K->49231K(2011968K)
[2020-09-11T14:23:47.093+0000][1][gc,metaspace ] GC(58) Metaspace: 36235K->36235K(1083392K)
[2020-09-11T14:23:47.093+0000][1][gc           ] GC(58) Pause Young (Allocation Failure) 117M->51M(2039M) 81.600ms
[2020-09-11T14:23:47.093+0000][1][gc,cpu       ] GC(58) User=0.03s Sys=0.00s Real=0.08s
[2020-09-11T14:23:47.111+0000][1][safepoint    ] Safepoint "GenCollectForAllocation", Time since last: 764004175 ns, Reaching safepoint: 113118 ns, At safepoint: 99924845 ns, Total: 100037963 ns
[2020-09-11T14:23:47.124+0000][1][gc,start     ] GC(57) Pause Remark
[2020-09-11T14:23:47.150+0000][1][gc           ] GC(57) Pause Remark 58M->58M(2039M) 26.678ms
[2020-09-11T14:23:47.150+0000][1][gc,cpu       ] GC(57) User=0.01s Sys=0.00s Real=0.02s
[2020-09-11T14:23:47.191+0000][1][safepoint    ] Safepoint "CMS_Final_Remark", Time since last: 11972953 ns, Reaching safepoint: 99632 ns, At safepoint: 67194677 ns, Total: 67294309 ns
[2020-09-11T14:23:47.191+0000][1][gc           ] GC(57) Concurrent Sweep
[2020-09-11T14:23:47.273+0000][1][gc           ] GC(57) Concurrent Sweep 82.294ms
[2020-09-11T14:23:47.273+0000][1][gc,cpu       ] GC(57) User=0.03s Sys=0.00s Real=0.08s
[2020-09-11T14:23:47.273+0000][1][gc           ] GC(57) Concurrent Reset
[2020-09-11T14:23:47.304+0000][1][gc           ] GC(57) Concurrent Reset 31.092ms
[2020-09-11T14:23:47.304+0000][1][gc,cpu       ] GC(57) User=0.01s Sys=0.00s Real=0.04s
[2020-09-11T14:23:47.304+0000][1][gc,heap      ] GC(57) Old: 48899K->48149K(2011968K)
[2020-09-11T14:23:48.222+0000][1][safepoint    ] Safepoint "Cleanup", Time since last: 1026805125 ns, Reaching safepoint: 4479352 ns, At safepoint: 13274 ns, Total: 4492626 ns
[2020-09-11T14:23:49.228+0000][1][safepoint    ] Safepoint "Cleanup", Time since last: 1000107683 ns, Reaching safepoint: 5462171 ns, At safepoint: 9235 ns, Total: 5471406 ns
[2020-09-11T14:23:50.444+0000][1][gc,start     ] GC(59) Pause Young (Allocation Failure)
[2020-09-11T14:23:50.444+0000][1][gc,task      ] GC(59) Using 1 workers of 1 for evacuation
[2020-09-11T14:23:50.515+0000][1][gc,age       ] GC(59) Desired survivor size 4358144 bytes, new threshold 4 (max threshold 6)
[2020-09-11T14:23:50.515+0000][1][gc,age       ] GC(59) Age table with threshold 4 (max threshold 6)
[2020-09-11T14:23:50.515+0000][1][gc,age       ] GC(59) - age   1:    2635688 bytes,    2635688 total
[2020-09-11T14:23:50.515+0000][1][gc,age       ] GC(59) - age   2:     194792 bytes,    2830480 total
[2020-09-11T14:23:50.515+0000][1][gc,age       ] GC(59) - age   3:    1278456 bytes,    4108936 total
[2020-09-11T14:23:50.515+0000][1][gc,age       ] GC(59) - age   4:     334104 bytes,    4443040 total
[2020-09-11T14:23:50.515+0000][1][gc,age       ] GC(59) - age   5:     918808 bytes,    5361848 total
[2020-09-11T14:23:50.515+0000][1][gc,age       ] GC(59) - age   6:     297792 bytes,    5659640 total
[2020-09-11T14:23:50.515+0000][1][gc,heap      ] GC(59) ParNew: 71872K->8173K(76672K)
[2020-09-11T14:23:50.515+0000][1][gc,heap      ] GC(59) CMS: 48149K->48472K(2011968K)
[2020-09-11T14:23:50.515+0000][1][gc,metaspace ] GC(59) Metaspace: 41849K->41849K(1087488K)
[2020-09-11T14:23:50.515+0000][1][gc           ] GC(59) Pause Young (Allocation Failure) 117M->55M(2039M) 71.275ms
[2020-09-11T14:23:50.515+0000][1][gc,cpu       ] GC(59) User=0.03s Sys=0.01s Real=0.06s
[2020-09-11T14:23:50.535+0000][1][safepoint    ] Safepoint "GenCollectForAllocation", Time since last: 1215829845 ns, Reaching safepoint: 150070 ns, At safepoint: 91840927 ns, Total: 91990997 ns
[2020-09-11T14:23:51.548+0000][1][safepoint    ] Safepoint "Cleanup", Time since last: 1012229616 ns, Reaching safepoint: 107209 ns, At safepoint: 5809 ns, Total: 113018 ns
[2020-09-11T14:23:52.213+0000][1][safepoint    ] Safepoint "RevokeBias", Time since last: 656966110 ns, Reaching safepoint: 7787555 ns, At safepoint: 58871 ns, Total: 7846426 ns
[2020-09-11T14:23:52.213+0000][1][safepoint    ] Safepoint "RevokeBias", Time since last: 189075 ns, Reaching safepoint: 87696 ns, At safepoint: 44055 ns, Total: 131751 ns
[2020-09-11T14:23:53.229+0000][1][safepoint    ] Safepoint "Cleanup", Time since last: 1006532059 ns, Reaching safepoint: 9067179 ns, At safepoint: 9783 ns, Total: 9076962 ns
[2020-09-11T14:23:57.208+0000][1][safepoint    ] Safepoint "RevokeBias", Time since last: 3979107096 ns, Reaching safepoint: 98388 ns, At safepoint: 47100 ns, Total: 145488 ns
[2020-09-11T14:23:57.208+0000][1][safepoint    ] Safepoint "BulkRevokeBias", Time since last: 90289 ns, Reaching safepoint: 81127 ns, At safepoint: 59820 ns, Total: 140947 ns
[2020-09-11T14:23:57.208+0000][1][safepoint    ] Safepoint "RevokeBias", Time since last: 159150 ns, Reaching safepoint: 82094 ns, At safepoint: 32776 ns, Total: 114870 ns
[2020-09-11T14:23:57.208+0000][1][safepoint    ] Safepoint "RevokeBias", Time since last: 58780 ns, Reaching safepoint: 82082 ns, At safepoint: 30031 ns, Total: 112113 ns
[2020-09-11T14:23:57.209+0000][1][safepoint    ] Safepoint "RevokeBias", Time since last: 32903 ns, Reaching safepoint: 79172 ns, At safepoint: 30057 ns, Total: 109229 ns
[2020-09-11T14:23:57.209+0000][1][safepoint    ] Safepoint "RevokeBias", Time since last: 27315 ns, Reaching safepoint: 78644 ns, At safepoint: 27835 ns, Total: 106479 ns
[2020-09-11T14:23:57.209+0000][1][safepoint    ] Safepoint "RevokeBias", Time since last: 27288 ns, Reaching safepoint: 78421 ns, At safepoint: 29339 ns, Total: 107760 ns
[2020-09-11T14:23:57.209+0000][1][safepoint    ] Safepoint "RevokeBias", Time since last: 28021 ns, Reaching safepoint: 79740 ns, At safepoint: 31386 ns, Total: 111126 ns
[2020-09-11T14:23:57.209+0000][1][safepoint    ] Safepoint "RevokeBias", Time since last: 27340 ns, Reaching safepoint: 78232 ns, At safepoint: 30395 ns, Total: 108627 ns
[2020-09-11T14:23:57.209+0000][1][safepoint    ] Safepoint "RevokeBias", Time since last: 30094 ns, Reaching safepoint: 78388 ns, At safepoint: 30296 ns, Total: 108684 ns
[2020-09-11T14:23:57.209+0000][1][safepoint    ] Safepoint "RevokeBias", Time since last: 27007 ns, Reaching safepoint: 78532 ns, At safepoint: 32093 ns, Total: 110625 ns
[2020-09-11T14:23:57.210+0000][1][safepoint    ] Safepoint "RevokeBias", Time since last: 27190 ns, Reaching safepoint: 78525 ns, At safepoint: 32031 ns, Total: 110556 ns
[2020-09-11T14:23:57.212+0000][1][safepoint    ] Safepoint "RevokeBias", Time since last: 1886777 ns, Reaching safepoint: 85546 ns, At safepoint: 36365 ns, Total: 121911 ns
[2020-09-11T14:23:57.212+0000][1][safepoint    ] Safepoint "RevokeBias", Time since last: 41807 ns, Reaching safepoint: 80555 ns, At safepoint: 33651 ns, Total: 114206 ns
[2020-09-11T14:23:57.212+0000][1][safepoint    ] Safepoint "RevokeBias", Time since last: 45455 ns, Reaching safepoint: 79936 ns, At safepoint: 32437 ns, Total: 112373 ns
[2020-09-11T14:23:57.212+0000][1][safepoint    ] Safepoint "RevokeBias", Time since last: 69325 ns, Reaching safepoint: 81915 ns, At safepoint: 32780 ns, Total: 114695 ns
[2020-09-11T14:23:57.212+0000][1][safepoint    ] Safepoint "RevokeBias", Time since last: 38832 ns, Reaching safepoint: 81291 ns, At safepoint: 32081 ns, Total: 113372 ns
[2020-09-11T14:23:58.443+0000][1][safepoint    ] Safepoint "Cleanup", Time since last: 1219269911 ns, Reaching safepoint: 11964454 ns, At safepoint: 9088 ns, Total: 11973542 ns
[2020-09-11T14:24:00.445+0000][1][safepoint    ] Safepoint "Cleanup", Time since last: 2001294811 ns, Reaching safepoint: 119856 ns, At safepoint: 5527 ns, Total: 125383 ns
[2020-09-11T14:24:00.815+0000][1][gc,start     ] GC(60) Pause Young (Allocation Failure)
[2020-09-11T14:24:00.815+0000][1][gc,task      ] GC(60) Using 1 workers of 1 for evacuation
[2020-09-11T14:24:00.958+0000][1][gc,age       ] GC(60) Desired survivor size 4358144 bytes, new threshold 2 (max threshold 6)
[2020-09-11T14:24:00.959+0000][1][gc,age       ] GC(60) Age table with threshold 2 (max threshold 6)
[2020-09-11T14:24:00.959+0000][1][gc,age       ] GC(60) - age   1:    2742352 bytes,    2742352 total
[2020-09-11T14:24:00.959+0000][1][gc,age       ] GC(60) - age   2:    2567672 bytes,    5310024 total
[2020-09-11T14:24:00.959+0000][1][gc,age       ] GC(60) - age   3:     194664 bytes,    5504688 total
[2020-09-11T14:24:00.959+0000][1][gc,age       ] GC(60) - age   4:    1273344 bytes,    6778032 total
[2020-09-11T14:24:00.959+0000][1][gc,heap      ] GC(60) ParNew: 76333K->8512K(76672K)
[2020-09-11T14:24:00.959+0000][1][gc,heap      ] GC(60) CMS: 48472K->49987K(2011968K)
[2020-09-11T14:24:00.959+0000][1][gc,metaspace ] GC(60) Metaspace: 47638K->47638K(1093632K)
[2020-09-11T14:24:00.959+0000][1][gc           ] GC(60) Pause Young (Allocation Failure) 121M->57M(2039M) 143.297ms
[2020-09-11T14:24:00.959+0000][1][gc,cpu       ] GC(60) User=0.06s Sys=0.00s Real=0.15s
[2020-09-11T14:24:00.979+0000][1][safepoint    ] Safepoint "GenCollectForAllocation", Time since last: 370312903 ns, Reaching safepoint: 130024 ns, At safepoint: 164124544 ns, Total: 164254568 ns
[2020-09-11T14:24:01.042+0000][1][safepoint    ] Safepoint "RevokeBias", Time since last: 61985019 ns, Reaching safepoint: 100860 ns, At safepoint: 12101 ns, Total: 112961 ns
[2020-09-11T14:24:01.309+0000][1][safepoint    ] Safepoint "RevokeBias", Time since last: 267760172 ns, Reaching safepoint: 103371 ns, At safepoint: 27305 ns, Total: 130676 ns
[2020-09-11T14:24:02.199+0000][1][safepoint    ] Safepoint "RevokeBias", Time since last: 882140164 ns, Reaching safepoint: 7692122 ns, At safepoint: 29371 ns, Total: 7721493 ns
[2020-09-11T14:24:02.204+0000][1][safepoint    ] Safepoint "RevokeBias", Time since last: 4329858 ns, Reaching safepoint: 87456 ns, At safepoint: 18888 ns, Total: 106344 ns
[2020-09-11T14:24:02.204+0000][1][safepoint    ] Safepoint "RevokeBias", Time since last: 42447 ns, Reaching safepoint: 79426 ns, At safepoint: 15381 ns, Total: 94807 ns
[2020-09-11T14:24:02.436+0000][1][safepoint    ] Safepoint "RevokeBias", Time since last: 231579549 ns, Reaching safepoint: 106029 ns, At safepoint: 30384 ns, Total: 136413 ns
[2020-09-11T14:24:02.436+0000][1][safepoint    ] Safepoint "RevokeBias", Time since last: 644154 ns, Reaching safepoint: 89028 ns, At safepoint: 24471 ns, Total: 113499 ns
[2020-09-11T14:24:02.437+0000][1][safepoint    ] Safepoint "RevokeBias", Time since last: 106237 ns, Reaching safepoint: 82043 ns, At safepoint: 20322 ns, Total: 102365 ns
[2020-09-11T14:24:02.437+0000][1][safepoint    ] Safepoint "RevokeBias", Time since last: 392937 ns, Reaching safepoint: 83958 ns, At safepoint: 21774 ns, Total: 105732 ns
[2020-09-11T14:24:02.440+0000][1][safepoint    ] Safepoint "RevokeBias", Time since last: 2387235 ns, Reaching safepoint: 94616 ns, At safepoint: 32603 ns, Total: 127219 ns
[2020-09-11T14:24:02.441+0000][1][safepoint    ] Safepoint "RevokeBias", Time since last: 916815 ns, Reaching safepoint: 92116 ns, At safepoint: 25495 ns, Total: 117611 ns
[2020-09-11T14:24:02.444+0000][1][safepoint    ] Safepoint "RevokeBias", Time since last: 2838677 ns, Reaching safepoint: 90661 ns, At safepoint: 26033 ns, Total: 116694 ns
[2020-09-11T14:24:02.444+0000][1][safepoint    ] Safepoint "RevokeBias", Time since last: 76833 ns, Reaching safepoint: 80970 ns, At safepoint: 19871 ns, Total: 100841 ns
[2020-09-11T14:24:02.444+0000][1][safepoint    ] Safepoint "RevokeBias", Time since last: 128891 ns, Reaching safepoint: 84168 ns, At safepoint: 27117 ns, Total: 111285 ns
[2020-09-11T14:24:02.444+0000][1][safepoint    ] Safepoint "RevokeBias", Time since last: 33451 ns, Reaching safepoint: 80791 ns, At safepoint: 35834 ns, Total: 116625 ns
[2020-09-11T14:24:02.447+0000][1][safepoint    ] Safepoint "RevokeBias", Time since last: 31791 ns, Reaching safepoint: 3283179 ns, At safepoint: 24828 ns, Total: 3308007 ns
[2020-09-11T14:24:02.448+0000][1][safepoint    ] Safepoint "RevokeBias", Time since last: 36348 ns, Reaching safepoint: 80425 ns, At safepoint: 19828 ns, Total: 100253 ns
[2020-09-11T14:24:02.448+0000][1][safepoint    ] Safepoint "RevokeBias", Time since last: 29055 ns, Reaching safepoint: 79720 ns, At safepoint: 19204 ns, Total: 98924 ns
[2020-09-11T14:24:02.448+0000][1][safepoint    ] Safepoint "RevokeBias", Time since last: 28201 ns, Reaching safepoint: 80067 ns, At safepoint: 20464 ns, Total: 100531 ns
[2020-09-11T14:24:02.448+0000][1][safepoint    ] Safepoint "RevokeBias", Time since last: 31149 ns, Reaching safepoint: 80812 ns, At safepoint: 25572 ns, Total: 106384 ns
[2020-09-11T14:24:02.448+0000][1][safepoint    ] Safepoint "BulkRevokeBias", Time since last: 29069 ns, Reaching safepoint: 79268 ns, At safepoint: 66042 ns, Total: 145310 ns
[2020-09-11T14:24:02.448+0000][1][safepoint    ] Safepoint "RevokeBias", Time since last: 61807 ns, Reaching safepoint: 83031 ns, At safepoint: 25795 ns, Total: 108826 ns
[2020-09-11T14:24:02.448+0000][1][safepoint    ] Safepoint "RevokeBias", Time since last: 35677 ns, Reaching safepoint: 82387 ns, At safepoint: 22783 ns, Total: 105170 ns
[2020-09-11T14:24:02.476+0000][1][safepoint    ] Safepoint "RevokeBias", Time since last: 26975644 ns, Reaching safepoint: 113538 ns, At safepoint: 53433 ns, Total: 166971 ns
[2020-09-11T14:24:02.476+0000][1][safepoint    ] Safepoint "RevokeBias", Time since last: 67597 ns, Reaching safepoint: 12250 ns, At safepoint: 11140 ns, Total: 23390 ns
[2020-09-11T14:24:02.476+0000][1][safepoint    ] Safepoint "RevokeBias", Time since last: 27281 ns, Reaching safepoint: 10726 ns, At safepoint: 10320 ns, Total: 21046 ns
[2020-09-11T14:24:02.500+0000][1][safepoint    ] Safepoint "RevokeBias", Time since last: 23767934 ns, Reaching safepoint: 110635 ns, At safepoint: 26952 ns, Total: 137587 ns
[2020-09-11T14:24:02.500+0000][1][safepoint    ] Safepoint "RevokeBias", Time since last: 404522 ns, Reaching safepoint: 16306 ns, At safepoint: 24066 ns, Total: 40372 ns
[2020-09-11T14:24:02.500+0000][1][safepoint    ] Safepoint "RevokeBias", Time since last: 43348 ns, Reaching safepoint: 11620 ns, At safepoint: 17294 ns, Total: 28914 ns
[2020-09-11T14:24:02.500+0000][1][safepoint    ] Safepoint "RevokeBias", Time since last: 28044 ns, Reaching safepoint: 10555 ns, At safepoint: 15400 ns, Total: 25955 ns
[2020-09-11T14:24:02.500+0000][1][safepoint    ] Safepoint "RevokeBias", Time since last: 25943 ns, Reaching safepoint: 10263 ns, At safepoint: 15252 ns, Total: 25515 ns
[2020-09-11T14:24:02.500+0000][1][safepoint    ] Safepoint "RevokeBias", Time since last: 25306 ns, Reaching safepoint: 10331 ns, At safepoint: 15341 ns, Total: 25672 ns
[2020-09-11T14:24:02.500+0000][1][safepoint    ] Safepoint "RevokeBias", Time since last: 25156 ns, Reaching safepoint: 10210 ns, At safepoint: 15249 ns, Total: 25459 ns
[2020-09-11T14:24:02.500+0000][1][safepoint    ] Safepoint "RevokeBias", Time since last: 26649 ns, Reaching safepoint: 10197 ns, At safepoint: 15232 ns, Total: 25429 ns
[2020-09-11T14:24:02.500+0000][1][safepoint    ] Safepoint "RevokeBias", Time since last: 41146 ns, Reaching safepoint: 10329 ns, At safepoint: 15446 ns, Total: 25775 ns
[2020-09-11T14:24:02.501+0000][1][safepoint    ] Safepoint "RevokeBias", Time since last: 25051 ns, Reaching safepoint: 10141 ns, At safepoint: 15266 ns, Total: 25407 ns
[2020-09-11T14:24:02.501+0000][1][safepoint    ] Safepoint "RevokeBias", Time since last: 24446 ns, Reaching safepoint: 10066 ns, At safepoint: 15240 ns, Total: 25306 ns
[2020-09-11T14:24:02.501+0000][1][safepoint    ] Safepoint "RevokeBias", Time since last: 24552 ns, Reaching safepoint: 10114 ns, At safepoint: 15359 ns, Total: 25473 ns
[2020-09-11T14:24:02.501+0000][1][safepoint    ] Safepoint "RevokeBias", Time since last: 24382 ns, Reaching safepoint: 10099 ns, At safepoint: 15318 ns, Total: 25417 ns
[2020-09-11T14:24:02.501+0000][1][safepoint    ] Safepoint "RevokeBias", Time since last: 24603 ns, Reaching safepoint: 10107 ns, At safepoint: 15324 ns, Total: 25431 ns
[2020-09-11T14:24:02.501+0000][1][safepoint    ] Safepoint "RevokeBias", Time since last: 24638 ns, Reaching safepoint: 10058 ns, At safepoint: 15284 ns, Total: 25342 ns
[2020-09-11T14:24:02.501+0000][1][safepoint    ] Safepoint "RevokeBias", Time since last: 24613 ns, Reaching safepoint: 10093 ns, At safepoint: 15277 ns, Total: 25370 ns
[2020-09-11T14:24:02.501+0000][1][safepoint    ] Safepoint "BulkRevokeBias", Time since last: 24669 ns, Reaching safepoint: 9982 ns, At safepoint: 58863 ns, Total: 68845 ns
[2020-09-11T14:24:02.501+0000][1][safepoint    ] Safepoint "RevokeBias", Time since last: 207592 ns, Reaching safepoint: 22247 ns, At safepoint: 19347 ns, Total: 41594 ns
[2020-09-11T14:24:02.512+0000][1][safepoint    ] Safepoint "RevokeBias", Time since last: 10236930 ns, Reaching safepoint: 124970 ns, At safepoint: 54894 ns, Total: 179864 ns
[2020-09-11T14:24:02.512+0000][1][safepoint    ] Safepoint "RevokeBias", Time since last: 111129 ns, Reaching safepoint: 85082 ns, At safepoint: 33336 ns, Total: 118418 ns
[2020-09-11T14:24:02.512+0000][1][safepoint    ] Safepoint "RevokeBias", Time since last: 38738 ns, Reaching safepoint: 83741 ns, At safepoint: 34557 ns, Total: 118298 ns
[2020-09-11T14:24:02.512+0000][1][safepoint    ] Safepoint "RevokeBias", Time since last: 119407 ns, Reaching safepoint: 83574 ns, At safepoint: 34125 ns, Total: 117699 ns
[2020-09-11T14:24:02.513+0000][1][safepoint    ] Safepoint "RevokeBias", Time since last: 424194 ns, Reaching safepoint: 82808 ns, At safepoint: 27616 ns, Total: 110424 ns
[2020-09-11T14:24:02.513+0000][1][safepoint    ] Safepoint "RevokeBias", Time since last: 62139 ns, Reaching safepoint: 81185 ns, At safepoint: 25810 ns, Total: 106995 ns
[2020-09-11T14:24:02.513+0000][1][safepoint    ] Safepoint "RevokeBias", Time since last: 123482 ns, Reaching safepoint: 87777 ns, At safepoint: 26989 ns, Total: 114766 ns
[2020-09-11T14:24:02.513+0000][1][safepoint    ] Safepoint "RevokeBias", Time since last: 42451 ns, Reaching safepoint: 80971 ns, At safepoint: 28316 ns, Total: 109287 ns
[2020-09-11T14:24:02.513+0000][1][safepoint    ] Safepoint "RevokeBias", Time since last: 24328 ns, Reaching safepoint: 80036 ns, At safepoint: 25778 ns, Total: 105814 ns
[2020-09-11T14:24:02.514+0000][1][safepoint    ] Safepoint "RevokeBias", Time since last: 40432 ns, Reaching safepoint: 80630 ns, At safepoint: 29616 ns, Total: 110246 ns
[2020-09-11T14:24:02.514+0000][1][safepoint    ] Safepoint "RevokeBias", Time since last: 198878 ns, Reaching safepoint: 81780 ns, At safepoint: 31538 ns, Total: 113318 ns
[2020-09-11T14:24:02.514+0000][1][safepoint    ] Safepoint "RevokeBias", Time since last: 97356 ns, Reaching safepoint: 81193 ns, At safepoint: 30886 ns, Total: 112079 ns
[2020-09-11T14:24:02.519+0000][1][safepoint    ] Safepoint "RevokeBias", Time since last: 4667412 ns, Reaching safepoint: 109759 ns, At safepoint: 51123 ns, Total: 160882 ns
[2020-09-11T14:24:02.520+0000][1][safepoint    ] Safepoint "RevokeBias", Time since last: 572629 ns, Reaching safepoint: 84566 ns, At safepoint: 36502 ns, Total: 121068 ns
[2020-09-11T14:24:02.520+0000][1][safepoint    ] Safepoint "RevokeBias", Time since last: 88378 ns, Reaching safepoint: 82684 ns, At safepoint: 32829 ns, Total: 115513 ns
[2020-09-11T14:24:02.523+0000][1][safepoint    ] Safepoint "BulkRevokeBias", Time since last: 188251 ns, Reaching safepoint: 83834 ns, At safepoint: 2844080 ns, Total: 2927914 ns
[2020-09-11T14:24:02.552+0000][1][safepoint    ] Safepoint "RevokeBias", Time since last: 28460896 ns, Reaching safepoint: 114263 ns, At safepoint: 27095 ns, Total: 141358 ns
[2020-09-11T14:24:02.553+0000][1][safepoint    ] Safepoint "RevokeBias", Time since last: 869158 ns, Reaching safepoint: 85016 ns, At safepoint: 19235 ns, Total: 104251 ns
[2020-09-11T14:24:02.564+0000][1][safepoint    ] Safepoint "RevokeBias", Time since last: 11532817 ns, Reaching safepoint: 117816 ns, At safepoint: 48027 ns, Total: 165843 ns
[2020-09-11T14:24:02.564+0000][1][safepoint    ] Safepoint "RevokeBias", Time since last: 60789 ns, Reaching safepoint: 86883 ns, At safepoint: 32333 ns, Total: 119216 ns
[2020-09-11T14:24:03.033+0000][1][safepoint    ] Safepoint "RevokeBias", Time since last: 468093210 ns, Reaching safepoint: 114747 ns, At safepoint: 13109 ns, Total: 127856 ns
[2020-09-11T14:24:03.033+0000][1][safepoint    ] Safepoint "RevokeBias", Time since last: 375957 ns, Reaching safepoint: 92892 ns, At safepoint: 12576 ns, Total: 105468 ns
[2020-09-11T14:24:03.036+0000][1][safepoint    ] Safepoint "RevokeBias", Time since last: 2305634 ns, Reaching safepoint: 89447 ns, At safepoint: 9497 ns, Total: 98944 ns
[2020-09-11T14:24:03.688+0000][1][gc,start     ] GC(61) Pause Young (Allocation Failure)
[2020-09-11T14:24:03.688+0000][1][gc,task      ] GC(61) Using 1 workers of 1 for evacuation
[2020-09-11T14:24:03.968+0000][1][gc,age       ] GC(61) Desired survivor size 4358144 bytes, new threshold 2 (max threshold 6)
[2020-09-11T14:24:03.968+0000][1][gc,age       ] GC(61) Age table with threshold 2 (max threshold 6)
[2020-09-11T14:24:03.968+0000][1][gc,age       ] GC(61) - age   1:    2227464 bytes,    2227464 total
[2020-09-11T14:24:03.968+0000][1][gc,age       ] GC(61) - age   2:    2661992 bytes,    4889456 total
[2020-09-11T14:24:03.968+0000][1][gc,heap      ] GC(61) ParNew: 76672K->6170K(76672K)
[2020-09-11T14:24:03.968+0000][1][gc,heap      ] GC(61) CMS: 49987K->53988K(2011968K)
[2020-09-11T14:24:03.968+0000][1][gc,metaspace ] GC(61) Metaspace: 52539K->52539K(1097728K)
[2020-09-11T14:24:03.968+0000][1][gc           ] GC(61) Pause Young (Allocation Failure) 123M->58M(2039M) 280.134ms
[2020-09-11T14:24:03.968+0000][1][gc,cpu       ] GC(61) User=0.09s Sys=0.00s Real=0.28s
[2020-09-11T14:24:03.968+0000][1][safepoint    ] Safepoint "GenCollectForAllocation", Time since last: 651918729 ns, Reaching safepoint: 116508 ns, At safepoint: 280289178 ns, Total: 280405686 ns
[2020-09-11T14:24:04.100+0000][1][safepoint    ] Safepoint "RevokeBias", Time since last: 131582140 ns, Reaching safepoint: 407790 ns, At safepoint: 16455 ns, Total: 424245 ns
[2020-09-11T14:24:05.200+0000][1][safepoint    ] Safepoint "Cleanup", Time since last: 1099629135 ns, Reaching safepoint: 436757 ns, At safepoint: 9644 ns, Total: 446401 ns
[2020-09-11T14:24:05.219+0000][1][safepoint    ] Safepoint "RevokeBias", Time since last: 19012771 ns, Reaching safepoint: 113607 ns, At safepoint: 16455 ns, Total: 130062 ns
[2020-09-11T14:24:06.227+0000][1][safepoint    ] Safepoint "Cleanup", Time since last: 1004355074 ns, Reaching safepoint: 4039523 ns, At safepoint: 16706 ns, Total: 4056229 ns
[2020-09-11T14:24:07.228+0000][1][safepoint    ] Safepoint "Cleanup", Time since last: 1000109085 ns, Reaching safepoint: 780128 ns, At safepoint: 8457 ns, Total: 788585 ns
[2020-09-11T14:24:07.426+0000][1][safepoint    ] Safepoint "CollectForMetadataAllocation", Time since last: 195978824 ns, Reaching safepoint: 2058066 ns, At safepoint: 74953 ns, Total: 2133019 ns
[2020-09-11T14:24:07.640+0000][1][gc,start     ] GC(62) Pause Young (Allocation Failure)
[2020-09-11T14:24:07.640+0000][1][gc,task      ] GC(62) Using 1 workers of 1 for evacuation
[2020-09-11T14:24:07.731+0000][1][gc,age       ] GC(62) Desired survivor size 4358144 bytes, new threshold 6 (max threshold 6)
[2020-09-11T14:24:07.731+0000][1][gc,age       ] GC(62) Age table with threshold 6 (max threshold 6)
[2020-09-11T14:24:07.731+0000][1][gc,age       ] GC(62) - age   1:    1552392 bytes,    1552392 total
[2020-09-11T14:24:07.731+0000][1][gc,age       ] GC(62) - age   2:    2188360 bytes,    3740752 total
[2020-09-11T14:24:07.731+0000][1][gc,heap      ] GC(62) ParNew: 74330K->5123K(76672K)
[2020-09-11T14:24:07.731+0000][1][gc,heap      ] GC(62) CMS: 53988K->56699K(2011968K)
[2020-09-11T14:24:07.731+0000][1][gc,metaspace ] GC(62) Metaspace: 60178K->60178K(1103872K)
[2020-09-11T14:24:07.731+0000][1][gc           ] GC(62) Pause Young (Allocation Failure) 125M->60M(2039M) 91.701ms
[2020-09-11T14:24:07.731+0000][1][gc,cpu       ] GC(62) User=0.03s Sys=0.00s Real=0.09s
[2020-09-11T14:24:07.740+0000][1][safepoint    ] Safepoint "GenCollectForAllocation", Time since last: 209487303 ns, Reaching safepoint: 3513948 ns, At safepoint: 100080194 ns, Total: 103594142 ns
[2020-09-11T14:24:07.761+0000][1][gc,start     ] GC(63) Pause Initial Mark
[2020-09-11T14:24:07.771+0000][1][gc           ] GC(63) Pause Initial Mark 61M->61M(2039M) 10.332ms
[2020-09-11T14:24:07.771+0000][1][gc,cpu       ] GC(63) User=0.00s Sys=0.00s Real=0.01s
[2020-09-11T14:24:07.792+0000][1][safepoint    ] Safepoint "CMS_Initial_Mark", Time since last: 20191278 ns, Reaching safepoint: 893418 ns, At safepoint: 31482874 ns, Total: 32376292 ns
[2020-09-11T14:24:07.792+0000][1][gc           ] GC(63) Concurrent Mark
[2020-09-11T14:24:07.848+0000][1][safepoint    ] Safepoint "CollectForMetadataAllocation", Time since last: 55299104 ns, Reaching safepoint: 68249 ns, At safepoint: 134202 ns, Total: 202451 ns
[2020-09-11T14:24:07.913+0000][1][safepoint    ] Safepoint "CollectForMetadataAllocation", Time since last: 65401145 ns, Reaching safepoint: 71558 ns, At safepoint: 123203 ns, Total: 194761 ns
[2020-09-11T14:24:08.203+0000][1][gc           ] GC(63) Concurrent Mark 410.327ms
[2020-09-11T14:24:08.203+0000][1][gc,cpu       ] GC(63) User=0.13s Sys=0.01s Real=0.41s
[2020-09-11T14:24:08.203+0000][1][gc           ] GC(63) Concurrent Preclean
[2020-09-11T14:24:08.208+0000][1][safepoint    ] Safepoint "CollectForMetadataAllocation", Time since last: 294195230 ns, Reaching safepoint: 69768 ns, At safepoint: 108066 ns, Total: 177834 ns
[2020-09-11T14:24:08.222+0000][1][gc           ] GC(63) Concurrent Preclean 19.152ms
[2020-09-11T14:24:08.222+0000][1][gc,cpu       ] GC(63) User=0.00s Sys=0.00s Real=0.02s
[2020-09-11T14:24:08.222+0000][1][gc           ] GC(63) Concurrent Abortable Preclean
[2020-09-11T14:24:08.324+0000][1][safepoint    ] Safepoint "CollectForMetadataAllocation", Time since last: 103850096 ns, Reaching safepoint: 11745280 ns, At safepoint: 395565 ns, Total: 12140845 ns
[2020-09-11T14:24:08.568+0000][1][safepoint    ] Safepoint "RevokeBias", Time since last: 243965887 ns, Reaching safepoint: 63580 ns, At safepoint: 30246 ns, Total: 93826 ns
[2020-09-11T14:24:08.568+0000][1][safepoint    ] Safepoint "RevokeBias", Time since last: 91371 ns, Reaching safepoint: 90272 ns, At safepoint: 26860 ns, Total: 117132 ns
[2020-09-11T14:24:08.568+0000][1][safepoint    ] Safepoint "RevokeBias", Time since last: 108061 ns, Reaching safepoint: 16543 ns, At safepoint: 21435 ns, Total: 37978 ns
[2020-09-11T14:24:08.588+0000][1][safepoint    ] Safepoint "RevokeBias", Time since last: 19411061 ns, Reaching safepoint: 59653 ns, At safepoint: 35194 ns, Total: 94847 ns
[2020-09-11T14:24:08.685+0000][1][safepoint    ] Safepoint "CollectForMetadataAllocation", Time since last: 97785810 ns, Reaching safepoint: 52000 ns, At safepoint: 111786 ns, Total: 163786 ns
[2020-09-11T14:24:08.928+0000][1][safepoint    ] Safepoint "CollectForMetadataAllocation", Time since last: 237979764 ns, Reaching safepoint: 3989467 ns, At safepoint: 126721 ns, Total: 4116188 ns
[2020-09-11T14:24:09.440+0000][1][safepoint    ] Safepoint "CollectForMetadataAllocation", Time since last: 509159901 ns, Reaching safepoint: 2751229 ns, At safepoint: 100813 ns, Total: 2852042 ns
[2020-09-11T14:24:09.568+0000][1][safepoint    ] Safepoint "CollectForMetadataAllocation", Time since last: 127429397 ns, Reaching safepoint: 1055101 ns, At safepoint: 134201 ns, Total: 1189302 ns
[2020-09-11T14:24:09.950+0000][1][safepoint    ] Safepoint "RevokeBias", Time since last: 381309849 ns, Reaching safepoint: 116826 ns, At safepoint: 15552 ns, Total: 132378 ns
[2020-09-11T14:24:10.096+0000][1][safepoint    ] Safepoint "CollectForMetadataAllocation", Time since last: 146413435 ns, Reaching safepoint: 49543 ns, At safepoint: 111737 ns, Total: 161280 ns
[2020-09-11T14:24:10.487+0000][1][safepoint    ] Safepoint "Deoptimize", Time since last: 390650029 ns, Reaching safepoint: 59108 ns, At safepoint: 301474 ns, Total: 360582 ns
[2020-09-11T14:24:10.628+0000][1][safepoint    ] Safepoint "CollectForMetadataAllocation", Time since last: 140209603 ns, Reaching safepoint: 61962 ns, At safepoint: 87684 ns, Total: 149646 ns
[2020-09-11T14:24:11.015+0000][1][safepoint    ] Safepoint "CollectForMetadataAllocation", Time since last: 387495059 ns, Reaching safepoint: 126631 ns, At safepoint: 73907 ns, Total: 200538 ns
[2020-09-11T14:24:11.568+0000][1][safepoint    ] Safepoint "RevokeBias", Time since last: 534336251 ns, Reaching safepoint: 17984109 ns, At safepoint: 16396 ns, Total: 18000505 ns
[2020-09-11T14:24:11.568+0000][1][safepoint    ] Safepoint "RevokeBias", Time since last: 73096 ns, Reaching safepoint: 26460 ns, At safepoint: 8502 ns, Total: 34962 ns
[2020-09-11T14:24:11.568+0000][1][safepoint    ] Safepoint "RevokeBias", Time since last: 302275 ns, Reaching safepoint: 24841 ns, At safepoint: 7300 ns, Total: 32141 ns
[2020-09-11T14:24:11.568+0000][1][safepoint    ] Safepoint "RevokeBias", Time since last: 126186 ns, Reaching safepoint: 18897 ns, At safepoint: 6510 ns, Total: 25407 ns
[2020-09-11T14:24:11.568+0000][1][safepoint    ] Safepoint "RevokeBias", Time since last: 43623 ns, Reaching safepoint: 15892 ns, At safepoint: 5697 ns, Total: 21589 ns
[2020-09-11T14:24:11.568+0000][1][safepoint    ] Safepoint "RevokeBias", Time since last: 73414 ns, Reaching safepoint: 14989 ns, At safepoint: 6554 ns, Total: 21543 ns
[2020-09-11T14:24:11.569+0000][1][safepoint    ] Safepoint "BulkRevokeBias", Time since last: 115009 ns, Reaching safepoint: 14679 ns, At safepoint: 75261 ns, Total: 89940 ns
[2020-09-11T14:24:11.580+0000][1][safepoint    ] Safepoint "CollectForMetadataAllocation", Time since last: 10859785 ns, Reaching safepoint: 113477 ns, At safepoint: 82828 ns, Total: 196305 ns
[2020-09-11T14:24:11.679+0000][1][safepoint    ] Safepoint "RevokeBias", Time since last: 74991444 ns, Reaching safepoint: 24194955 ns, At safepoint: 57414 ns, Total: 24252369 ns
[2020-09-11T14:24:11.679+0000][1][safepoint    ] Safepoint "RevokeBias", Time since last: 68389 ns, Reaching safepoint: 168484 ns, At safepoint: 43723 ns, Total: 212207 ns
[2020-09-11T14:24:11.679+0000][1][safepoint    ] Safepoint "RevokeBias", Time since last: 172480 ns, Reaching safepoint: 98337 ns, At safepoint: 42141 ns, Total: 140478 ns
[2020-09-11T14:24:12.044+0000][1][safepoint    ] Safepoint "CollectForMetadataAllocation", Time since last: 364258160 ns, Reaching safepoint: 111482 ns, At safepoint: 106100 ns, Total: 217582 ns
[2020-09-11T14:24:12.593+0000][1][safepoint    ] Safepoint "CollectForMetadataAllocation", Time since last: 549284956 ns, Reaching safepoint: 119144 ns, At safepoint: 105551 ns, Total: 224695 ns
[2020-09-11T14:24:12.840+0000][1][safepoint    ] Safepoint "CollectForMetadataAllocation", Time since last: 245967024 ns, Reaching safepoint: 118724 ns, At safepoint: 129522 ns, Total: 248246 ns
[2020-09-11T14:24:13.069+0000][1][safepoint    ] Safepoint "CollectForMetadataAllocation", Time since last: 229206741 ns, Reaching safepoint: 108795 ns, At safepoint: 127797 ns, Total: 236592 ns
[2020-09-11T14:24:13.244+0000][1][safepoint    ] Safepoint "CollectForMetadataAllocation", Time since last: 162349533 ns, Reaching safepoint: 12030899 ns, At safepoint: 89028 ns, Total: 12119927 ns
[2020-09-11T14:24:13.287+0000][1][gc           ] GC(63) Concurrent Abortable Preclean 5064.816ms
[2020-09-11T14:24:13.287+0000][1][gc,cpu       ] GC(63) User=1.65s Sys=0.02s Real=5.07s
[2020-09-11T14:24:13.297+0000][1][gc,start     ] GC(63) Pause Remark
[2020-09-11T14:24:13.436+0000][1][gc           ] GC(63) Pause Remark 118M->118M(2039M) 139.154ms
[2020-09-11T14:24:13.436+0000][1][gc,cpu       ] GC(63) User=0.05s Sys=0.00s Real=0.14s
[2020-09-11T14:24:13.465+0000][1][safepoint    ] Safepoint "CMS_Final_Remark", Time since last: 43121136 ns, Reaching safepoint: 9806303 ns, At safepoint: 168962929 ns, Total: 178769232 ns
[2020-09-11T14:24:13.466+0000][1][gc           ] GC(63) Concurrent Sweep
[2020-09-11T14:24:13.564+0000][1][safepoint    ] Safepoint "RevokeBias", Time since last: 86567596 ns, Reaching safepoint: 11828087 ns, At safepoint: 16502 ns, Total: 11844589 ns
[2020-09-11T14:24:13.589+0000][1][gc           ] GC(63) Concurrent Sweep 123.746ms
[2020-09-11T14:24:13.589+0000][1][gc,cpu       ] GC(63) User=0.04s Sys=0.00s Real=0.12s
[2020-09-11T14:24:13.589+0000][1][gc           ] GC(63) Concurrent Reset
[2020-09-11T14:24:13.619+0000][1][gc           ] GC(63) Concurrent Reset 29.388ms
[2020-09-11T14:24:13.619+0000][1][gc,cpu       ] GC(63) User=0.01s Sys=0.00s Real=0.03s
[2020-09-11T14:24:13.619+0000][1][gc,heap      ] GC(63) Old: 56699K->55778K(2011968K)
[2020-09-11T14:24:14.049+0000][1][gc,start     ] GC(64) Pause Young (Allocation Failure)
[2020-09-11T14:24:14.049+0000][1][gc,task      ] GC(64) Using 1 workers of 1 for evacuation
[2020-09-11T14:24:14.213+0000][1][gc,age       ] GC(64) Desired survivor size 4358144 bytes, new threshold 2 (max threshold 6)
[2020-09-11T14:24:14.213+0000][1][gc,age       ] GC(64) Age table with threshold 2 (max threshold 6)
[2020-09-11T14:24:14.213+0000][1][gc,age       ] GC(64) - age   1:    3475232 bytes,    3475232 total
[2020-09-11T14:24:14.213+0000][1][gc,age       ] GC(64) - age   2:    1397008 bytes,    4872240 total
[2020-09-11T14:24:14.213+0000][1][gc,age       ] GC(64) - age   3:    2176056 bytes,    7048296 total
[2020-09-11T14:24:14.213+0000][1][gc,heap      ] GC(64) ParNew: 73283K->8041K(76672K)
[2020-09-11T14:24:14.213+0000][1][gc,heap      ] GC(64) CMS: 55778K->55778K(2011968K)
[2020-09-11T14:24:14.213+0000][1][gc,metaspace ] GC(64) Metaspace: 66281K->66281K(1110016K)
[2020-09-11T14:24:14.213+0000][1][gc           ] GC(64) Pause Young (Allocation Failure) 126M->62M(2039M) 164.732ms
[2020-09-11T14:24:14.213+0000][1][gc,cpu       ] GC(64) User=0.06s Sys=0.00s Real=0.16s
[2020-09-11T14:24:14.233+0000][1][safepoint    ] Safepoint "GenCollectForAllocation", Time since last: 484537911 ns, Reaching safepoint: 107007 ns, At safepoint: 184774272 ns, Total: 184881279 ns
[2020-09-11T14:24:15.065+0000][1][safepoint    ] Safepoint "Deoptimize", Time since last: 831266803 ns, Reaching safepoint: 115453 ns, At safepoint: 324620 ns, Total: 440073 ns
[2020-09-11T14:24:15.110+0000][1][safepoint    ] Safepoint "Deoptimize", Time since last: 44820103 ns, Reaching safepoint: 111677 ns, At safepoint: 311416 ns, Total: 423093 ns
[2020-09-11T14:24:15.392+0000][1][safepoint    ] Safepoint "RevokeBias", Time since last: 281169923 ns, Reaching safepoint: 107655 ns, At safepoint: 25466 ns, Total: 133121 ns
[2020-09-11T14:24:15.404+0000][1][safepoint    ] Safepoint "RevokeBias", Time since last: 11867508 ns, Reaching safepoint: 114240 ns, At safepoint: 31645 ns, Total: 145885 ns
[2020-09-11T14:24:15.404+0000][1][safepoint    ] Safepoint "RevokeBias", Time since last: 820515 ns, Reaching safepoint: 21185 ns, At safepoint: 24165 ns, Total: 45350 ns
[2020-09-11T14:24:15.405+0000][1][safepoint    ] Safepoint "RevokeBias", Time since last: 537802 ns, Reaching safepoint: 95647 ns, At safepoint: 21834 ns, Total: 117481 ns
[2020-09-11T14:24:15.405+0000][1][safepoint    ] Safepoint "RevokeBias", Time since last: 51146 ns, Reaching safepoint: 89107 ns, At safepoint: 19686 ns, Total: 108793 ns
[2020-09-11T14:24:15.411+0000][1][safepoint    ] Safepoint "RevokeBias", Time since last: 312671 ns, Reaching safepoint: 5027035 ns, At safepoint: 34091 ns, Total: 5061126 ns
[2020-09-11T14:24:15.411+0000][1][safepoint    ] Safepoint "RevokeBias", Time since last: 276504 ns, Reaching safepoint: 25366 ns, At safepoint: 23484 ns, Total: 48850 ns
[2020-09-11T14:24:15.411+0000][1][safepoint    ] Safepoint "RevokeBias", Time since last: 48963 ns, Reaching safepoint: 19219 ns, At safepoint: 19663 ns, Total: 38882 ns
[2020-09-11T14:24:15.417+0000][1][safepoint    ] Safepoint "RevokeBias", Time since last: 5654471 ns, Reaching safepoint: 31208 ns, At safepoint: 30736 ns, Total: 61944 ns
[2020-09-11T14:24:15.419+0000][1][safepoint    ] Safepoint "RevokeBias", Time since last: 1777155 ns, Reaching safepoint: 99634 ns, At safepoint: 24223 ns, Total: 123857 ns
[2020-09-11T14:24:15.422+0000][1][safepoint    ] Safepoint "RevokeBias", Time since last: 3032852 ns, Reaching safepoint: 99283 ns, At safepoint: 27975 ns, Total: 127258 ns
[2020-09-11T14:24:15.430+0000][1][safepoint    ] Safepoint "Deoptimize", Time since last: 7423027 ns, Reaching safepoint: 422931 ns, At safepoint: 313644 ns, Total: 736575 ns
[2020-09-11T14:24:15.716+0000][1][safepoint    ] Safepoint "RevokeBias", Time since last: 285843011 ns, Reaching safepoint: 185911 ns, At safepoint: 37856 ns, Total: 223767 ns
[2020-09-11T14:24:15.716+0000][1][safepoint    ] Safepoint "RevokeBias", Time since last: 71500 ns, Reaching safepoint: 80797 ns, At safepoint: 28610 ns, Total: 109407 ns
[2020-09-11T14:24:15.716+0000][1][safepoint    ] Safepoint "RevokeBias", Time since last: 38525 ns, Reaching safepoint: 80905 ns, At safepoint: 29000 ns, Total: 109905 ns
[2020-09-11T14:24:15.717+0000][1][safepoint    ] Safepoint "RevokeBias", Time since last: 36863 ns, Reaching safepoint: 82423 ns, At safepoint: 38078 ns, Total: 120501 ns
[2020-09-11T14:24:15.717+0000][1][safepoint    ] Safepoint "RevokeBias", Time since last: 36541 ns, Reaching safepoint: 81068 ns, At safepoint: 31134 ns, Total: 112202 ns
[2020-09-11T14:24:15.719+0000][1][safepoint    ] Safepoint "RevokeBias", Time since last: 2514437 ns, Reaching safepoint: 89497 ns, At safepoint: 35126 ns, Total: 124623 ns
[2020-09-11T14:24:15.720+0000][1][safepoint    ] Safepoint "RevokeBias", Time since last: 48377 ns, Reaching safepoint: 115003 ns, At safepoint: 40924 ns, Total: 155927 ns
[2020-09-11T14:24:15.720+0000][1][safepoint    ] Safepoint "RevokeBias", Time since last: 42356 ns, Reaching safepoint: 188351 ns, At safepoint: 29024 ns, Total: 217375 ns
[2020-09-11T14:24:16.111+0000][1][safepoint    ] Safepoint "RevokeBias", Time since last: 383656129 ns, Reaching safepoint: 7982884 ns, At safepoint: 64872 ns, Total: 8047756 ns
[2020-09-11T14:24:16.112+0000][1][safepoint    ] Safepoint "RevokeBias", Time since last: 151397 ns, Reaching safepoint: 461516 ns, At safepoint: 34425 ns, Total: 495941 ns
[2020-09-11T14:24:16.112+0000][1][safepoint    ] Safepoint "RevokeBias", Time since last: 84043 ns, Reaching safepoint: 91969 ns, At safepoint: 22773 ns, Total: 114742 ns
[2020-09-11T14:24:16.136+0000][1][safepoint    ] Safepoint "RevokeBias", Time since last: 23099494 ns, Reaching safepoint: 116308 ns, At safepoint: 37093 ns, Total: 153401 ns
[2020-09-11T14:24:16.136+0000][1][safepoint    ] Safepoint "RevokeBias", Time since last: 90110 ns, Reaching safepoint: 99080 ns, At safepoint: 25413 ns, Total: 124493 ns
[2020-09-11T14:24:16.166+0000][1][safepoint    ] Safepoint "RevokeBias", Time since last: 30565774 ns, Reaching safepoint: 113450 ns, At safepoint: 17729 ns, Total: 131179 ns
[2020-09-11T14:24:16.169+0000][1][safepoint    ] Safepoint "RevokeBias", Time since last: 2829658 ns, Reaching safepoint: 106007 ns, At safepoint: 16949 ns, Total: 122956 ns
[2020-09-11T14:24:16.170+0000][1][safepoint    ] Safepoint "RevokeBias", Time since last: 94944 ns, Reaching safepoint: 96203 ns, At safepoint: 12929 ns, Total: 109132 ns
[2020-09-11T14:24:16.170+0000][1][safepoint    ] Safepoint "RevokeBias", Time since last: 118902 ns, Reaching safepoint: 96028 ns, At safepoint: 35406 ns, Total: 131434 ns
[2020-09-11T14:24:16.170+0000][1][safepoint    ] Safepoint "RevokeBias", Time since last: 54268 ns, Reaching safepoint: 89215 ns, At safepoint: 26607 ns, Total: 115822 ns
[2020-09-11T14:24:16.170+0000][1][safepoint    ] Safepoint "RevokeBias", Time since last: 39468 ns, Reaching safepoint: 87905 ns, At safepoint: 29322 ns, Total: 117227 ns
[2020-09-11T14:24:16.197+0000][1][safepoint    ] Safepoint "RevokeBias", Time since last: 22450975 ns, Reaching safepoint: 3839341 ns, At safepoint: 27236 ns, Total: 3866577 ns
[2020-09-11T14:24:16.197+0000][1][safepoint    ] Safepoint "RevokeBias", Time since last: 72478 ns, Reaching safepoint: 94933 ns, At safepoint: 18577 ns, Total: 113510 ns
[2020-09-11T14:24:16.197+0000][1][safepoint    ] Safepoint "RevokeBias", Time since last: 56555 ns, Reaching safepoint: 91691 ns, At safepoint: 17662 ns, Total: 109353 ns
[2020-09-11T14:24:16.200+0000][1][safepoint    ] Safepoint "RevokeBias", Time since last: 2518254 ns, Reaching safepoint: 107094 ns, At safepoint: 19369 ns, Total: 126463 ns
[2020-09-11T14:24:16.200+0000][1][safepoint    ] Safepoint "RevokeBias", Time since last: 55025 ns, Reaching safepoint: 93730 ns, At safepoint: 16625 ns, Total: 110355 ns
[2020-09-11T14:24:16.320+0000][1][safepoint    ] Safepoint "RevokeBias", Time since last: 119709109 ns, Reaching safepoint: 121175 ns, At safepoint: 24913 ns, Total: 146088 ns
[2020-09-11T14:24:16.320+0000][1][safepoint    ] Safepoint "RevokeBias", Time since last: 70517 ns, Reaching safepoint: 84113 ns, At safepoint: 23464 ns, Total: 107577 ns
[2020-09-11T14:24:16.320+0000][1][safepoint    ] Safepoint "RevokeBias", Time since last: 124036 ns, Reaching safepoint: 83975 ns, At safepoint: 19273 ns, Total: 103248 ns
[2020-09-11T14:24:16.322+0000][1][safepoint    ] Safepoint "RevokeBias", Time since last: 1547070 ns, Reaching safepoint: 89773 ns, At safepoint: 31979 ns, Total: 121752 ns
[2020-09-11T14:24:16.324+0000][1][safepoint    ] Safepoint "RevokeBias", Time since last: 1851957 ns, Reaching safepoint: 101191 ns, At safepoint: 32033 ns, Total: 133224 ns
[2020-09-11T14:24:16.324+0000][1][safepoint    ] Safepoint "RevokeBias", Time since last: 57034 ns, Reaching safepoint: 88500 ns, At safepoint: 28398 ns, Total: 116898 ns
[2020-09-11T14:24:16.332+0000][1][safepoint    ] Safepoint "RevokeBias", Time since last: 7612118 ns, Reaching safepoint: 124040 ns, At safepoint: 31517 ns, Total: 155557 ns
[2020-09-11T14:24:16.332+0000][1][safepoint    ] Safepoint "RevokeBias", Time since last: 216899 ns, Reaching safepoint: 89182 ns, At safepoint: 24179 ns, Total: 113361 ns
[2020-09-11T14:24:16.332+0000][1][safepoint    ] Safepoint "RevokeBias", Time since last: 42034 ns, Reaching safepoint: 85326 ns, At safepoint: 21508 ns, Total: 106834 ns
[2020-09-11T14:24:16.332+0000][1][safepoint    ] Safepoint "RevokeBias", Time since last: 122198 ns, Reaching safepoint: 84817 ns, At safepoint: 20573 ns, Total: 105390 ns
[2020-09-11T14:24:16.333+0000][1][safepoint    ] Safepoint "RevokeBias", Time since last: 113385 ns, Reaching safepoint: 91004 ns, At safepoint: 27581 ns, Total: 118585 ns
[2020-09-11T14:24:16.333+0000][1][safepoint    ] Safepoint "RevokeBias", Time since last: 38333 ns, Reaching safepoint: 85809 ns, At safepoint: 16270 ns, Total: 102079 ns
[2020-09-11T14:24:16.333+0000][1][safepoint    ] Safepoint "RevokeBias", Time since last: 102493 ns, Reaching safepoint: 84559 ns, At safepoint: 14742 ns, Total: 99301 ns
[2020-09-11T14:24:16.333+0000][1][safepoint    ] Safepoint "RevokeBias", Time since last: 200415 ns, Reaching safepoint: 83349 ns, At safepoint: 10713 ns, Total: 94062 ns
[2020-09-11T14:24:16.333+0000][1][safepoint    ] Safepoint "RevokeBias", Time since last: 86043 ns, Reaching safepoint: 82685 ns, At safepoint: 10492 ns, Total: 93177 ns
[2020-09-11T14:24:16.341+0000][1][safepoint    ] Safepoint "RevokeBias", Time since last: 5370368 ns, Reaching safepoint: 2141551 ns, At safepoint: 27660 ns, Total: 2169211 ns
[2020-09-11T14:24:16.344+0000][1][safepoint    ] Safepoint "RevokeBias", Time since last: 2542894 ns, Reaching safepoint: 99187 ns, At safepoint: 32916 ns, Total: 132103 ns
[2020-09-11T14:24:16.344+0000][1][safepoint    ] Safepoint "RevokeBias", Time since last: 66506 ns, Reaching safepoint: 91184 ns, At safepoint: 19440 ns, Total: 110624 ns
[2020-09-11T14:24:16.367+0000][1][safepoint    ] Safepoint "RevokeBias", Time since last: 22765511 ns, Reaching safepoint: 106647 ns, At safepoint: 25532 ns, Total: 132179 ns
[2020-09-11T14:24:16.466+0000][1][safepoint    ] Safepoint "RevokeBias", Time since last: 99252374 ns, Reaching safepoint: 127018 ns, At safepoint: 24381 ns, Total: 151399 ns
[2020-09-11T14:24:16.512+0000][1][safepoint    ] Safepoint "RevokeBias", Time since last: 46245562 ns, Reaching safepoint: 110066 ns, At safepoint: 36280 ns, Total: 146346 ns
[2020-09-11T14:24:16.516+0000][1][safepoint    ] Safepoint "RevokeBias", Time since last: 3080400 ns, Reaching safepoint: 104241 ns, At safepoint: 36124 ns, Total: 140365 ns
[2020-09-11T14:24:16.516+0000][1][safepoint    ] Safepoint "RevokeBias", Time since last: 55577 ns, Reaching safepoint: 83590 ns, At safepoint: 24693 ns, Total: 108283 ns
[2020-09-11T14:24:16.516+0000][1][safepoint    ] Safepoint "RevokeBias", Time since last: 33443 ns, Reaching safepoint: 83893 ns, At safepoint: 37230 ns, Total: 121123 ns
[2020-09-11T14:24:16.516+0000][1][safepoint    ] Safepoint "RevokeBias", Time since last: 30681 ns, Reaching safepoint: 83127 ns, At safepoint: 36506 ns, Total: 119633 ns
[2020-09-11T14:24:16.517+0000][1][safepoint    ] Safepoint "RevokeBias", Time since last: 444626 ns, Reaching safepoint: 84978 ns, At safepoint: 20394 ns, Total: 105372 ns
[2020-09-11T14:24:16.517+0000][1][safepoint    ] Safepoint "RevokeBias", Time since last: 303441 ns, Reaching safepoint: 83838 ns, At safepoint: 20156 ns, Total: 103994 ns
[2020-09-11T14:24:16.517+0000][1][safepoint    ] Safepoint "RevokeBias", Time since last: 32693 ns, Reaching safepoint: 83283 ns, At safepoint: 30873 ns, Total: 114156 ns
[2020-09-11T14:24:16.564+0000][1][gc,start     ] GC(65) Pause Young (Allocation Failure)
[2020-09-11T14:24:16.564+0000][1][gc,task      ] GC(65) Using 1 workers of 1 for evacuation
[2020-09-11T14:24:16.788+0000][1][gc,age       ] GC(65) Desired survivor size 4358144 bytes, new threshold 2 (max threshold 6)
[2020-09-11T14:24:16.788+0000][1][gc,age       ] GC(65) Age table with threshold 2 (max threshold 6)
[2020-09-11T14:24:16.788+0000][1][gc,age       ] GC(65) - age   1:    1640608 bytes,    1640608 total
[2020-09-11T14:24:16.788+0000][1][gc,age       ] GC(65) - age   2:    3400192 bytes,    5040800 total
[2020-09-11T14:24:16.788+0000][1][gc,heap      ] GC(65) ParNew: 64422K->6167K(76672K)
[2020-09-11T14:24:16.788+0000][1][gc,heap      ] GC(65) CMS: 55778K->75661K(2011968K)
[2020-09-11T14:24:16.788+0000][1][gc,metaspace ] GC(65) Metaspace: 71117K->71117K(1114112K)
[2020-09-11T14:24:16.788+0000][1][gc           ] GC(65) Pause Young (Allocation Failure) 117M->79M(2039M) 224.007ms
[2020-09-11T14:24:16.788+0000][1][gc,cpu       ] GC(65) User=0.08s Sys=0.00s Real=0.22s
[2020-09-11T14:24:16.839+0000][1][safepoint    ] Safepoint "GenCollectForAllocation", Time since last: 46331508 ns, Reaching safepoint: 123308 ns, At safepoint: 275801337 ns, Total: 275924645 ns
[2020-09-11T14:24:16.916+0000][1][safepoint    ] Safepoint "RevokeBias", Time since last: 75959918 ns, Reaching safepoint: 193782 ns, At safepoint: 21821 ns, Total: 215603 ns
[2020-09-11T14:24:16.916+0000][1][safepoint    ] Safepoint "BulkRevokeBias", Time since last: 65279 ns, Reaching safepoint: 84402 ns, At safepoint: 93245 ns, Total: 177647 ns
[2020-09-11T14:24:16.951+0000][1][safepoint    ] Safepoint "RevokeBias", Time since last: 35255618 ns, Reaching safepoint: 121947 ns, At safepoint: 35585 ns, Total: 157532 ns
[2020-09-11T14:24:16.952+0000][1][safepoint    ] Safepoint "RevokeBias", Time since last: 116968 ns, Reaching safepoint: 115742 ns, At safepoint: 30168 ns, Total: 145910 ns
[2020-09-11T14:24:16.952+0000][1][safepoint    ] Safepoint "RevokeBias", Time since last: 40477 ns, Reaching safepoint: 86001 ns, At safepoint: 16621 ns, Total: 102622 ns
[2020-09-11T14:24:16.963+0000][1][safepoint    ] Safepoint "RevokeBias", Time since last: 10246593 ns, Reaching safepoint: 1227319 ns, At safepoint: 30456 ns, Total: 1257775 ns
[2020-09-11T14:24:17.221+0000][1][safepoint    ] Safepoint "RevokeBias", Time since last: 257415998 ns, Reaching safepoint: 125135 ns, At safepoint: 57574 ns, Total: 182709 ns
[2020-09-11T14:24:17.224+0000][1][safepoint    ] Safepoint "Deoptimize", Time since last: 683673 ns, Reaching safepoint: 1965061 ns, At safepoint: 390045 ns, Total: 2355106 ns
[2020-09-11T14:24:17.256+0000][1][safepoint    ] Safepoint "RevokeBias", Time since last: 7478730 ns, Reaching safepoint: 24256259 ns, At safepoint: 46570 ns, Total: 24302829 ns
[2020-09-11T14:24:17.306+0000][1][safepoint    ] Safepoint "RevokeBias", Time since last: 43924976 ns, Reaching safepoint: 6682908 ns, At safepoint: 27212 ns, Total: 6710120 ns
[2020-09-11T14:24:17.307+0000][1][safepoint    ] Safepoint "RevokeBias", Time since last: 1148354 ns, Reaching safepoint: 88475 ns, At safepoint: 15146 ns, Total: 103621 ns
[2020-09-11T14:24:17.371+0000][1][safepoint    ] Safepoint "RevokeBias", Time since last: 55264191 ns, Reaching safepoint: 8090865 ns, At safepoint: 36325 ns, Total: 8127190 ns
[2020-09-11T14:24:17.430+0000][1][safepoint    ] Safepoint "RevokeBias", Time since last: 8682088 ns, Reaching safepoint: 50400202 ns, At safepoint: 34069 ns, Total: 50434271 ns
[2020-09-11T14:24:17.432+0000][1][safepoint    ] Safepoint "RevokeBias", Time since last: 1703800 ns, Reaching safepoint: 103699 ns, At safepoint: 26696 ns, Total: 130395 ns
[2020-09-11T14:24:17.444+0000][1][safepoint    ] Safepoint "RevokeBias", Time since last: 11712149 ns, Reaching safepoint: 846682 ns, At safepoint: 26573 ns, Total: 873255 ns
[2020-09-11T14:24:17.492+0000][1][safepoint    ] Safepoint "RevokeBias", Time since last: 47268875 ns, Reaching safepoint: 340610 ns, At safepoint: 28230 ns, Total: 368840 ns
[2020-09-11T14:24:17.534+0000][1][safepoint    ] Safepoint "RevokeBias", Time since last: 37671734 ns, Reaching safepoint: 4260131 ns, At safepoint: 31366 ns, Total: 4291497 ns
[2020-09-11T14:24:17.540+0000][1][safepoint    ] Safepoint "RevokeBias", Time since last: 5863399 ns, Reaching safepoint: 119943 ns, At safepoint: 18763 ns, Total: 138706 ns
[2020-09-11T14:24:17.684+0000][1][safepoint    ] Safepoint "RevokeBias", Time since last: 143402725 ns, Reaching safepoint: 122312 ns, At safepoint: 22523 ns, Total: 144835 ns
[2020-09-11T14:24:17.685+0000][1][safepoint    ] Safepoint "RevokeBias", Time since last: 1461482 ns, Reaching safepoint: 102786 ns, At safepoint: 57308 ns, Total: 160094 ns
[2020-09-11T14:24:17.692+0000][1][safepoint    ] Safepoint "RevokeBias", Time since last: 6643762 ns, Reaching safepoint: 108447 ns, At safepoint: 34947 ns, Total: 143394 ns
[2020-09-11T14:24:17.700+0000][1][safepoint    ] Safepoint "RevokeBias", Time since last: 7442816 ns, Reaching safepoint: 126401 ns, At safepoint: 16396 ns, Total: 142797 ns
[2020-09-11T14:24:17.700+0000][1][safepoint    ] Safepoint "RevokeBias", Time since last: 320288 ns, Reaching safepoint: 92604 ns, At safepoint: 14788 ns, Total: 107392 ns
[2020-09-11T14:24:17.700+0000][1][safepoint    ] Safepoint "RevokeBias", Time since last: 35505 ns, Reaching safepoint: 87290 ns, At safepoint: 12488 ns, Total: 99778 ns
[2020-09-11T14:24:17.700+0000][1][safepoint    ] Safepoint "RevokeBias", Time since last: 41495 ns, Reaching safepoint: 87559 ns, At safepoint: 11918 ns, Total: 99477 ns
[2020-09-11T14:24:17.722+0000][1][safepoint    ] Safepoint "RevokeBias", Time since last: 21950064 ns, Reaching safepoint: 117127 ns, At safepoint: 25949 ns, Total: 143076 ns
[2020-09-11T14:24:17.732+0000][1][safepoint    ] Safepoint "RevokeBias", Time since last: 9052178 ns, Reaching safepoint: 129121 ns, At safepoint: 29595 ns, Total: 158716 ns
[2020-09-11T14:24:17.732+0000][1][safepoint    ] Safepoint "RevokeBias", Time since last: 446475 ns, Reaching safepoint: 87563 ns, At safepoint: 13251 ns, Total: 100814 ns
[2020-09-11T14:24:17.735+0000][1][safepoint    ] Safepoint "RevokeBias", Time since last: 608459 ns, Reaching safepoint: 2707441 ns, At safepoint: 22077 ns, Total: 2729518 ns
[2020-09-11T14:24:17.759+0000][1][safepoint    ] Safepoint "RevokeBias", Time since last: 20967618 ns, Reaching safepoint: 2125359 ns, At safepoint: 22933 ns, Total: 2148292 ns
[2020-09-11T14:24:17.760+0000][1][safepoint    ] Safepoint "RevokeBias", Time since last: 1136466 ns, Reaching safepoint: 554709 ns, At safepoint: 51382 ns, Total: 606091 ns
[2020-09-11T14:24:17.761+0000][1][safepoint    ] Safepoint "RevokeBias", Time since last: 775263 ns, Reaching safepoint: 262396 ns, At safepoint: 42674 ns, Total: 305070 ns
[2020-09-11T14:24:17.772+0000][1][safepoint    ] Safepoint "RevokeBias", Time since last: 7631905 ns, Reaching safepoint: 2420499 ns, At safepoint: 72473 ns, Total: 2492972 ns
[2020-09-11T14:24:17.773+0000][1][safepoint    ] Safepoint "RevokeBias", Time since last: 83659 ns, Reaching safepoint: 1078975 ns, At safepoint: 46322 ns, Total: 1125297 ns
[2020-09-11T14:24:17.896+0000][1][safepoint    ] Safepoint "RevokeBias", Time since last: 119583377 ns, Reaching safepoint: 3147036 ns, At safepoint: 29084 ns, Total: 3176120 ns
[2020-09-11T14:24:17.896+0000][1][safepoint    ] Safepoint "RevokeBias", Time since last: 81163 ns, Reaching safepoint: 89570 ns, At safepoint: 12319 ns, Total: 101889 ns
[2020-09-11T14:24:17.899+0000][1][safepoint    ] Safepoint "RevokeBias", Time since last: 1418097 ns, Reaching safepoint: 2346925 ns, At safepoint: 23686 ns, Total: 2370611 ns
[2020-09-11T14:24:17.900+0000][1][safepoint    ] Safepoint "RevokeBias", Time since last: 60946 ns, Reaching safepoint: 784466 ns, At safepoint: 17819 ns, Total: 802285 ns
[2020-09-11T14:24:17.936+0000][1][safepoint    ] Safepoint "RevokeBias", Time since last: 35121051 ns, Reaching safepoint: 126405 ns, At safepoint: 61785 ns, Total: 188190 ns
[2020-09-11T14:24:17.937+0000][1][safepoint    ] Safepoint "RevokeBias", Time since last: 1525131 ns, Reaching safepoint: 105452 ns, At safepoint: 15136 ns, Total: 120588 ns
[2020-09-11T14:24:18.067+0000][1][safepoint    ] Safepoint "RevokeBias", Time since last: 129061841 ns, Reaching safepoint: 130590 ns, At safepoint: 19930 ns, Total: 150520 ns
[2020-09-11T14:24:18.188+0000][1][safepoint    ] Safepoint "RevokeBias", Time since last: 121138501 ns, Reaching safepoint: 121239 ns, At safepoint: 18764 ns, Total: 140003 ns
[2020-09-11T14:24:18.210+0000][1][safepoint    ] Safepoint "RevokeBias", Time since last: 21821154 ns, Reaching safepoint: 118042 ns, At safepoint: 16390 ns, Total: 134432 ns
[2020-09-11T14:24:18.210+0000][1][safepoint    ] Safepoint "RevokeBias", Time since last: 648247 ns, Reaching safepoint: 17478 ns, At safepoint: 10082 ns, Total: 27560 ns
[2020-09-11T14:24:18.268+0000][1][safepoint    ] Safepoint "RevokeBias", Time since last: 57518201 ns, Reaching safepoint: 112546 ns, At safepoint: 16781 ns, Total: 129327 ns
[2020-09-11T14:24:18.364+0000][1][safepoint    ] Safepoint "RevokeBias", Time since last: 95377307 ns, Reaching safepoint: 139200 ns, At safepoint: 64920 ns, Total: 204120 ns
[2020-09-11T14:24:18.365+0000][1][safepoint    ] Safepoint "RevokeBias", Time since last: 1515305 ns, Reaching safepoint: 99605 ns, At safepoint: 41642 ns, Total: 141247 ns
[2020-09-11T14:24:18.880+0000][1][safepoint    ] Safepoint "RevokeBias", Time since last: 510013159 ns, Reaching safepoint: 4172442 ns, At safepoint: 28811 ns, Total: 4201253 ns
[2020-09-11T14:24:19.084+0000][1][safepoint    ] Safepoint "RevokeBias", Time since last: 203975167 ns, Reaching safepoint: 121835 ns, At safepoint: 14572 ns, Total: 136407 ns
[2020-09-11T14:24:19.280+0000][1][safepoint    ] Safepoint "RevokeBias", Time since last: 196245022 ns, Reaching safepoint: 113611 ns, At safepoint: 18815 ns, Total: 132426 ns
[2020-09-11T14:24:19.280+0000][1][safepoint    ] Safepoint "RevokeBias", Time since last: 248071 ns, Reaching safepoint: 16002 ns, At safepoint: 8085 ns, Total: 24087 ns
[2020-09-11T14:24:19.283+0000][1][safepoint    ] Safepoint "RevokeBias", Time since last: 3150862 ns, Reaching safepoint: 41751 ns, At safepoint: 15545 ns, Total: 57296 ns
[2020-09-11T14:24:19.312+0000][1][safepoint    ] Safepoint "RevokeBias", Time since last: 27936587 ns, Reaching safepoint: 115187 ns, At safepoint: 16065 ns, Total: 131252 ns
[2020-09-11T14:24:19.313+0000][1][safepoint    ] Safepoint "RevokeBias", Time since last: 953632 ns, Reaching safepoint: 27707 ns, At safepoint: 12152 ns, Total: 39859 ns
[2020-09-11T14:24:19.320+0000][1][safepoint    ] Safepoint "RevokeBias", Time since last: 7502379 ns, Reaching safepoint: 110793 ns, At safepoint: 15308 ns, Total: 126101 ns
[2020-09-11T14:24:19.722+0000][1][safepoint    ] Safepoint "RevokeBias", Time since last: 399106389 ns, Reaching safepoint: 2251411 ns, At safepoint: 36709 ns, Total: 2288120 ns
[2020-09-11T14:24:19.722+0000][1][safepoint    ] Safepoint "RevokeBias", Time since last: 679979 ns, Reaching safepoint: 120325 ns, At safepoint: 21107 ns, Total: 141432 ns
[2020-09-11T14:24:19.723+0000][1][safepoint    ] Safepoint "RevokeBias", Time since last: 169533 ns, Reaching safepoint: 89424 ns, At safepoint: 15827 ns, Total: 105251 ns
[2020-09-11T14:24:19.724+0000][1][safepoint    ] Safepoint "RevokeBias", Time since last: 751782 ns, Reaching safepoint: 89490 ns, At safepoint: 14992 ns, Total: 104482 ns
[2020-09-11T14:24:19.733+0000][1][safepoint    ] Safepoint "RevokeBias", Time since last: 9678511 ns, Reaching safepoint: 169390 ns, At safepoint: 23726 ns, Total: 193116 ns
[2020-09-11T14:24:19.734+0000][1][safepoint    ] Safepoint "RevokeBias", Time since last: 913577 ns, Reaching safepoint: 91241 ns, At safepoint: 11182 ns, Total: 102423 ns
[2020-09-11T14:24:19.761+0000][1][safepoint    ] Safepoint "RevokeBias", Time since last: 26508216 ns, Reaching safepoint: 109108 ns, At safepoint: 20554 ns, Total: 129662 ns
[2020-09-11T14:24:19.764+0000][1][safepoint    ] Safepoint "RevokeBias", Time since last: 2650572 ns, Reaching safepoint: 100085 ns, At safepoint: 13216 ns, Total: 113301 ns
[2020-09-11T14:24:20.001+0000][1][safepoint    ] Safepoint "RevokeBias", Time since last: 236919995 ns, Reaching safepoint: 125502 ns, At safepoint: 19511 ns, Total: 145013 ns
[2020-09-11T14:24:20.002+0000][1][safepoint    ] Safepoint "RevokeBias", Time since last: 873573 ns, Reaching safepoint: 89315 ns, At safepoint: 9949 ns, Total: 99264 ns
[2020-09-11T14:24:20.016+0000][1][safepoint    ] Safepoint "RevokeBias", Time since last: 14399027 ns, Reaching safepoint: 110397 ns, At safepoint: 22055 ns, Total: 132452 ns
[2020-09-11T14:24:20.017+0000][1][safepoint    ] Safepoint "RevokeBias", Time since last: 560296 ns, Reaching safepoint: 86782 ns, At safepoint: 9934 ns, Total: 96716 ns
[2020-09-11T14:24:20.041+0000][1][safepoint    ] Safepoint "RevokeBias", Time since last: 23475825 ns, Reaching safepoint: 105048 ns, At safepoint: 19333 ns, Total: 124381 ns
[2020-09-11T14:24:20.044+0000][1][safepoint    ] Safepoint "RevokeBias", Time since last: 3201256 ns, Reaching safepoint: 28742 ns, At safepoint: 11487 ns, Total: 40229 ns
[2020-09-11T14:24:20.368+0000][1][safepoint    ] Safepoint "RevokeBias", Time since last: 323547461 ns, Reaching safepoint: 125108 ns, At safepoint: 18198 ns, Total: 143306 ns
[2020-09-11T14:24:20.477+0000][1][safepoint    ] Safepoint "RevokeBias", Time since last: 109797927 ns, Reaching safepoint: 117308 ns, At safepoint: 16568 ns, Total: 133876 ns
[2020-09-11T14:24:21.286+0000][1][safepoint    ] Safepoint "RevokeBias", Time since last: 803852197 ns, Reaching safepoint: 381537 ns, At safepoint: 3987641 ns, Total: 4369178 ns
[2020-09-11T14:24:21.286+0000][1][safepoint    ] Safepoint "RevokeBias", Time since last: 298772 ns, Reaching safepoint: 107490 ns, At safepoint: 12500 ns, Total: 119990 ns
[2020-09-11T14:24:21.292+0000][1][safepoint    ] Safepoint "RevokeBias", Time since last: 5290592 ns, Reaching safepoint: 554995 ns, At safepoint: 17758 ns, Total: 572753 ns
[2020-09-11T14:24:21.352+0000][1][safepoint    ] Safepoint "RevokeBias", Time since last: 59700568 ns, Reaching safepoint: 79245 ns, At safepoint: 15744 ns, Total: 94989 ns
[2020-09-11T14:24:21.358+0000][1][safepoint    ] Safepoint "RevokeBias", Time since last: 5902356 ns, Reaching safepoint: 79020 ns, At safepoint: 16046 ns, Total: 95066 ns
[2020-09-11T14:24:21.359+0000][1][safepoint    ] Safepoint "RevokeBias", Time since last: 632047 ns, Reaching safepoint: 87767 ns, At safepoint: 10284 ns, Total: 98051 ns
[2020-09-11T14:24:21.584+0000][1][safepoint    ] Safepoint "RevokeBias", Time since last: 225473902 ns, Reaching safepoint: 40477 ns, At safepoint: 13701 ns, Total: 54178 ns
[2020-09-11T14:24:21.585+0000][1][safepoint    ] Safepoint "RevokeBias", Time since last: 546248 ns, Reaching safepoint: 16656 ns, At safepoint: 10229 ns, Total: 26885 ns
[2020-09-11T14:24:21.717+0000][1][safepoint    ] Safepoint "RevokeBias", Time since last: 122935304 ns, Reaching safepoint: 9559562 ns, At safepoint: 55785 ns, Total: 9615347 ns
[2020-09-11T14:24:21.718+0000][1][safepoint    ] Safepoint "RevokeBias", Time since last: 842996 ns, Reaching safepoint: 98870 ns, At safepoint: 39479 ns, Total: 138349 ns
[2020-09-11T14:24:21.725+0000][1][safepoint    ] Safepoint "RevokeBias", Time since last: 6392215 ns, Reaching safepoint: 117979 ns, At safepoint: 54395 ns, Total: 172374 ns
[2020-09-11T14:24:21.725+0000][1][safepoint    ] Safepoint "RevokeBias", Time since last: 612005 ns, Reaching safepoint: 92886 ns, At safepoint: 41601 ns, Total: 134487 ns
[2020-09-11T14:24:21.726+0000][1][safepoint    ] Safepoint "BulkRevokeBias", Time since last: 185713 ns, Reaching safepoint: 90863 ns, At safepoint: 121686 ns, Total: 212549 ns
[2020-09-11T14:24:21.736+0000][1][safepoint    ] Safepoint "BulkRevokeBias", Time since last: 10136641 ns, Reaching safepoint: 115847 ns, At safepoint: 142304 ns, Total: 258151 ns
[2020-09-11T14:24:22.107+0000][1][safepoint    ] Safepoint "RevokeBias", Time since last: 370365563 ns, Reaching safepoint: 115953 ns, At safepoint: 50424 ns, Total: 166377 ns
[2020-09-11T14:24:22.112+0000][1][safepoint    ] Safepoint "RevokeBias", Time since last: 4630712 ns, Reaching safepoint: 646904 ns, At safepoint: 22374 ns, Total: 669278 ns
[2020-09-11T14:24:22.318+0000][1][safepoint    ] Safepoint "RevokeBias", Time since last: 206022136 ns, Reaching safepoint: 123037 ns, At safepoint: 20913 ns, Total: 143950 ns
[2020-09-11T14:24:22.428+0000][1][safepoint    ] Safepoint "RevokeBias", Time since last: 109155816 ns, Reaching safepoint: 144242 ns, At safepoint: 22643 ns, Total: 166885 ns
[2020-09-11T14:24:22.464+0000][1][safepoint    ] Safepoint "RevokeBias", Time since last: 35837311 ns, Reaching safepoint: 393629 ns, At safepoint: 17893 ns, Total: 411522 ns
[2020-09-11T14:24:22.653+0000][1][safepoint    ] Safepoint "RevokeBias", Time since last: 188664579 ns, Reaching safepoint: 121220 ns, At safepoint: 17236 ns, Total: 138456 ns
[2020-09-11T14:24:22.653+0000][1][safepoint    ] Safepoint "RevokeBias", Time since last: 589443 ns, Reaching safepoint: 90945 ns, At safepoint: 11968 ns, Total: 102913 ns
[2020-09-11T14:24:22.656+0000][1][safepoint    ] Safepoint "RevokeBias", Time since last: 2712913 ns, Reaching safepoint: 115111 ns, At safepoint: 14105 ns, Total: 129216 ns
[2020-09-11T14:24:22.691+0000][1][safepoint    ] Safepoint "RevokeBias", Time since last: 23261191 ns, Reaching safepoint: 12027798 ns, At safepoint: 26260 ns, Total: 12054058 ns
[2020-09-11T14:24:22.741+0000][1][safepoint    ] Safepoint "RevokeBias", Time since last: 49648415 ns, Reaching safepoint: 120843 ns, At safepoint: 14411 ns, Total: 135254 ns
[2020-09-11T14:24:22.816+0000][1][gc,start     ] GC(66) Pause Young (Allocation Failure)
[2020-09-11T14:24:22.816+0000][1][gc,task      ] GC(66) Using 1 workers of 1 for evacuation
[2020-09-11T14:24:23.028+0000][1][gc,age       ] GC(66) Desired survivor size 4358144 bytes, new threshold 6 (max threshold 6)
[2020-09-11T14:24:23.028+0000][1][gc,age       ] GC(66) Age table with threshold 6 (max threshold 6)
[2020-09-11T14:24:23.028+0000][1][gc,age       ] GC(66) - age   1:    1261616 bytes,    1261616 total
[2020-09-11T14:24:23.028+0000][1][gc,age       ] GC(66) - age   2:    1566880 bytes,    2828496 total
[2020-09-11T14:24:23.028+0000][1][gc,heap      ] GC(66) ParNew: 74327K->5233K(76672K)
[2020-09-11T14:24:23.028+0000][1][gc,heap      ] GC(66) CMS: 75661K->95493K(2011968K)
[2020-09-11T14:24:23.028+0000][1][gc,metaspace ] GC(66) Metaspace: 74113K->74113K(1118208K)
[2020-09-11T14:24:23.028+0000][1][gc           ] GC(66) Pause Young (Allocation Failure) 146M->98M(2039M) 212.857ms
[2020-09-11T14:24:23.028+0000][1][gc,cpu       ] GC(66) User=0.07s Sys=0.00s Real=0.21s
[2020-09-11T14:24:23.046+0000][1][safepoint    ] Safepoint "GenCollectForAllocation", Time since last: 74153012 ns, Reaching safepoint: 131609 ns, At safepoint: 230854338 ns, Total: 230985947 ns
[2020-09-11T14:24:23.075+0000][1][safepoint    ] Safepoint "RevokeBias", Time since last: 19128620 ns, Reaching safepoint: 9216002 ns, At safepoint: 26011 ns, Total: 9242013 ns
[2020-09-11T14:24:23.106+0000][1][safepoint    ] Safepoint "RevokeBias", Time since last: 30658096 ns, Reaching safepoint: 129360 ns, At safepoint: 18494 ns, Total: 147854 ns
[2020-09-11T14:24:23.152+0000][1][safepoint    ] Safepoint "RevokeBias", Time since last: 32492643 ns, Reaching safepoint: 13404868 ns, At safepoint: 49522 ns, Total: 13454390 ns
[2020-09-11T14:24:23.164+0000][1][safepoint    ] Safepoint "RevokeBias", Time since last: 12297405 ns, Reaching safepoint: 109796 ns, At safepoint: 16278 ns, Total: 126074 ns
[2020-09-11T14:24:23.164+0000][1][safepoint    ] Safepoint "RevokeBias", Time since last: 145787 ns, Reaching safepoint: 93791 ns, At safepoint: 10659 ns, Total: 104450 ns
[2020-09-11T14:24:23.164+0000][1][safepoint    ] Safepoint "RevokeBias", Time since last: 109547 ns, Reaching safepoint: 85399 ns, At safepoint: 10097 ns, Total: 95496 ns
[2020-09-11T14:24:23.165+0000][1][safepoint    ] Safepoint "RevokeBias", Time since last: 69690 ns, Reaching safepoint: 84134 ns, At safepoint: 9800 ns, Total: 93934 ns
[2020-09-11T14:24:23.165+0000][1][safepoint    ] Safepoint "RevokeBias", Time since last: 109949 ns, Reaching safepoint: 85094 ns, At safepoint: 10201 ns, Total: 95295 ns
[2020-09-11T14:24:23.165+0000][1][safepoint    ] Safepoint "RevokeBias", Time since last: 62021 ns, Reaching safepoint: 85411 ns, At safepoint: 10405 ns, Total: 95816 ns
[2020-09-11T14:24:23.165+0000][1][safepoint    ] Safepoint "RevokeBias", Time since last: 103636 ns, Reaching safepoint: 86295 ns, At safepoint: 9699 ns, Total: 95994 ns
[2020-09-11T14:24:23.168+0000][1][safepoint    ] Safepoint "RevokeBias", Time since last: 2373616 ns, Reaching safepoint: 102075 ns, At safepoint: 13866 ns, Total: 115941 ns
[2020-09-11T14:24:23.168+0000][1][safepoint    ] Safepoint "RevokeBias", Time since last: 187039 ns, Reaching safepoint: 88619 ns, At safepoint: 11410 ns, Total: 100029 ns
[2020-09-11T14:24:23.168+0000][1][safepoint    ] Safepoint "RevokeBias", Time since last: 69726 ns, Reaching safepoint: 85988 ns, At safepoint: 10454 ns, Total: 96442 ns
[2020-09-11T14:24:23.168+0000][1][safepoint    ] Safepoint "RevokeBias", Time since last: 115587 ns, Reaching safepoint: 88291 ns, At safepoint: 10513 ns, Total: 98804 ns
[2020-09-11T14:24:23.169+0000][1][safepoint    ] Safepoint "RevokeBias", Time since last: 529808 ns, Reaching safepoint: 90537 ns, At safepoint: 10858 ns, Total: 101395 ns
[2020-09-11T14:24:23.174+0000][1][safepoint    ] Safepoint "RevokeBias", Time since last: 5178133 ns, Reaching safepoint: 112438 ns, At safepoint: 14501 ns, Total: 126939 ns
[2020-09-11T14:24:23.180+0000][1][safepoint    ] Safepoint "RevokeBias", Time since last: 5214725 ns, Reaching safepoint: 115276 ns, At safepoint: 17145 ns, Total: 132421 ns
[2020-09-11T14:24:23.184+0000][1][safepoint    ] Safepoint "RevokeBias", Time since last: 3834254 ns, Reaching safepoint: 108216 ns, At safepoint: 13469 ns, Total: 121685 ns
[2020-09-11T14:24:23.191+0000][1][safepoint    ] Safepoint "RevokeBias", Time since last: 6971021 ns, Reaching safepoint: 525760 ns, At safepoint: 20384 ns, Total: 546144 ns
[2020-09-11T14:24:23.212+0000][1][safepoint    ] Safepoint "RevokeBias", Time since last: 20422329 ns, Reaching safepoint: 121071 ns, At safepoint: 16979 ns, Total: 138050 ns
[2020-09-11T14:24:23.221+0000][1][safepoint    ] Safepoint "RevokeBias", Time since last: 8271165 ns, Reaching safepoint: 661988 ns, At safepoint: 17431 ns, Total: 679419 ns
[2020-09-11T14:24:23.228+0000][1][safepoint    ] Safepoint "RevokeBias", Time since last: 7094134 ns, Reaching safepoint: 114250 ns, At safepoint: 15751 ns, Total: 130001 ns
[2020-09-11T14:24:23.228+0000][1][safepoint    ] Safepoint "RevokeBias", Time since last: 142411 ns, Reaching safepoint: 89129 ns, At safepoint: 11837 ns, Total: 100966 ns
[2020-09-11T14:24:23.228+0000][1][safepoint    ] Safepoint "RevokeBias", Time since last: 127011 ns, Reaching safepoint: 89076 ns, At safepoint: 11527 ns, Total: 100603 ns
[2020-09-11T14:24:23.228+0000][1][safepoint    ] Safepoint "RevokeBias", Time since last: 69009 ns, Reaching safepoint: 88167 ns, At safepoint: 10982 ns, Total: 99149 ns
[2020-09-11T14:24:23.229+0000][1][safepoint    ] Safepoint "RevokeBias", Time since last: 115903 ns, Reaching safepoint: 88572 ns, At safepoint: 11060 ns, Total: 99632 ns
[2020-09-11T14:24:23.229+0000][1][safepoint    ] Safepoint "RevokeBias", Time since last: 67279 ns, Reaching safepoint: 87889 ns, At safepoint: 10990 ns, Total: 98879 ns
[2020-09-11T14:24:23.229+0000][1][safepoint    ] Safepoint "RevokeBias", Time since last: 112685 ns, Reaching safepoint: 88661 ns, At safepoint: 11010 ns, Total: 99671 ns
[2020-09-11T14:24:23.229+0000][1][safepoint    ] Safepoint "RevokeBias", Time since last: 69179 ns, Reaching safepoint: 87542 ns, At safepoint: 10250 ns, Total: 97792 ns
[2020-09-11T14:24:23.234+0000][1][safepoint    ] Safepoint "RevokeBias", Time since last: 4672430 ns, Reaching safepoint: 112033 ns, At safepoint: 16042 ns, Total: 128075 ns
[2020-09-11T14:24:23.234+0000][1][safepoint    ] Safepoint "RevokeBias", Time since last: 122375 ns, Reaching safepoint: 87863 ns, At safepoint: 12689 ns, Total: 100552 ns
[2020-09-11T14:24:23.234+0000][1][safepoint    ] Safepoint "RevokeBias", Time since last: 115292 ns, Reaching safepoint: 88308 ns, At safepoint: 11148 ns, Total: 99456 ns
[2020-09-11T14:24:23.235+0000][1][safepoint    ] Safepoint "RevokeBias", Time since last: 70180 ns, Reaching safepoint: 87275 ns, At safepoint: 10536 ns, Total: 97811 ns
[2020-09-11T14:24:23.235+0000][1][safepoint    ] Safepoint "RevokeBias", Time since last: 118881 ns, Reaching safepoint: 88751 ns, At safepoint: 10760 ns, Total: 99511 ns
[2020-09-11T14:24:23.239+0000][1][safepoint    ] Safepoint "RevokeBias", Time since last: 4144182 ns, Reaching safepoint: 114736 ns, At safepoint: 350397 ns, Total: 465133 ns
[2020-09-11T14:24:23.250+0000][1][safepoint    ] Safepoint "RevokeBias", Time since last: 10367120 ns, Reaching safepoint: 116657 ns, At safepoint: 20226 ns, Total: 136883 ns
[2020-09-11T14:24:23.251+0000][1][safepoint    ] Safepoint "RevokeBias", Time since last: 615687 ns, Reaching safepoint: 93654 ns, At safepoint: 12054 ns, Total: 105708 ns
[2020-09-11T14:24:23.258+0000][1][safepoint    ] Safepoint "RevokeBias", Time since last: 6822635 ns, Reaching safepoint: 122472 ns, At safepoint: 16507 ns, Total: 138979 ns
[2020-09-11T14:24:23.268+0000][1][safepoint    ] Safepoint "RevokeBias", Time since last: 9817800 ns, Reaching safepoint: 114088 ns, At safepoint: 17479 ns, Total: 131567 ns
[2020-09-11T14:24:23.269+0000][1][safepoint    ] Safepoint "BulkRevokeBias", Time since last: 1280506 ns, Reaching safepoint: 95730 ns, At safepoint: 115270 ns, Total: 211000 ns
[2020-09-11T14:24:23.281+0000][1][safepoint    ] Safepoint "RevokeBias", Time since last: 11780639 ns, Reaching safepoint: 600572 ns, At safepoint: 21749 ns, Total: 622321 ns
[2020-09-11T14:24:23.282+0000][1][safepoint    ] Safepoint "RevokeBias", Time since last: 64318 ns, Reaching safepoint: 89006 ns, At safepoint: 14098 ns, Total: 103104 ns
[2020-09-11T14:24:23.464+0000][1][safepoint    ] Safepoint "RevokeBias", Time since last: 181962465 ns, Reaching safepoint: 145842 ns, At safepoint: 18231 ns, Total: 164073 ns
[2020-09-11T14:24:23.466+0000][1][safepoint    ] Safepoint "BulkRevokeBias", Time since last: 2246910 ns, Reaching safepoint: 108966 ns, At safepoint: 157406 ns, Total: 266372 ns
[2020-09-11T14:24:23.535+0000][1][safepoint    ] Safepoint "RevokeBias", Time since last: 68784516 ns, Reaching safepoint: 253310 ns, At safepoint: 16100 ns, Total: 269410 ns
[2020-09-11T14:24:23.536+0000][1][safepoint    ] Safepoint "RevokeBias", Time since last: 342345 ns, Reaching safepoint: 91798 ns, At safepoint: 11483 ns, Total: 103281 ns
[2020-09-11T14:24:23.563+0000][1][safepoint    ] Safepoint "RevokeBias", Time since last: 12798194 ns, Reaching safepoint: 14899769 ns, At safepoint: 22290 ns, Total: 14922059 ns
[2020-09-11T14:24:23.564+0000][1][safepoint    ] Safepoint "RevokeBias", Time since last: 322354 ns, Reaching safepoint: 90154 ns, At safepoint: 10769 ns, Total: 100923 ns
[2020-09-11T14:24:23.564+0000][1][safepoint    ] Safepoint "BulkRevokeBias", Time since last: 128315 ns, Reaching safepoint: 86199 ns, At safepoint: 125187 ns, Total: 211386 ns
[2020-09-11T14:24:23.576+0000][1][safepoint    ] Safepoint "RevokeBias", Time since last: 11183988 ns, Reaching safepoint: 120836 ns, At safepoint: 17073 ns, Total: 137909 ns
[2020-09-11T14:24:23.576+0000][1][safepoint    ] Safepoint "RevokeBias", Time since last: 551950 ns, Reaching safepoint: 91626 ns, At safepoint: 10971 ns, Total: 102597 ns
[2020-09-11T14:24:23.582+0000][1][safepoint    ] Safepoint "RevokeBias", Time since last: 6012775 ns, Reaching safepoint: 112502 ns, At safepoint: 18095 ns, Total: 130597 ns
[2020-09-11T14:24:23.592+0000][1][safepoint    ] Safepoint "RevokeBias", Time since last: 9068681 ns, Reaching safepoint: 991877 ns, At safepoint: 20608 ns, Total: 1012485 ns
[2020-09-11T14:24:23.598+0000][1][safepoint    ] Safepoint "RevokeBias", Time since last: 5425252 ns, Reaching safepoint: 115120 ns, At safepoint: 16100 ns, Total: 131220 ns
[2020-09-11T14:24:23.599+0000][1][safepoint    ] Safepoint "RevokeBias", Time since last: 849368 ns, Reaching safepoint: 93482 ns, At safepoint: 11080 ns, Total: 104562 ns
[2020-09-11T14:24:23.616+0000][1][safepoint    ] Safepoint "RevokeBias", Time since last: 16908590 ns, Reaching safepoint: 123740 ns, At safepoint: 14743 ns, Total: 138483 ns
[2020-09-11T14:24:23.620+0000][1][safepoint    ] Safepoint "RevokeBias", Time since last: 3425476 ns, Reaching safepoint: 108157 ns, At safepoint: 14392 ns, Total: 122549 ns
[2020-09-11T14:24:23.632+0000][1][safepoint    ] Safepoint "RevokeBias", Time since last: 11882479 ns, Reaching safepoint: 120683 ns, At safepoint: 17762 ns, Total: 138445 ns
[2020-09-11T14:24:23.640+0000][1][safepoint    ] Safepoint "RevokeBias", Time since last: 7836600 ns, Reaching safepoint: 111264 ns, At safepoint: 13312 ns, Total: 124576 ns
[2020-09-11T14:24:23.664+0000][1][safepoint    ] Safepoint "RevokeBias", Time since last: 23915028 ns, Reaching safepoint: 126039 ns, At safepoint: 19103 ns, Total: 145142 ns
[2020-09-11T14:24:23.664+0000][1][safepoint    ] Safepoint "RevokeBias", Time since last: 634837 ns, Reaching safepoint: 89755 ns, At safepoint: 11552 ns, Total: 101307 ns
[2020-09-11T14:24:24.666+0000][1][safepoint    ] Safepoint "Cleanup", Time since last: 1001418550 ns, Reaching safepoint: 150554 ns, At safepoint: 7784 ns, Total: 158338 ns
[2020-09-11T14:24:25.369+0000][1][safepoint    ] Safepoint "RevokeBias", Time since last: 703133899 ns, Reaching safepoint: 128827 ns, At safepoint: 15141 ns, Total: 143968 ns
[2020-09-11T14:24:25.637+0000][1][safepoint    ] Safepoint "RevokeBias", Time since last: 267634244 ns, Reaching safepoint: 150096 ns, At safepoint: 22133 ns, Total: 172229 ns
[2020-09-11T14:24:25.637+0000][1][safepoint    ] Safepoint "RevokeBias", Time since last: 72572 ns, Reaching safepoint: 89042 ns, At safepoint: 12334 ns, Total: 101376 ns
[2020-09-11T14:24:26.140+0000][1][safepoint    ] Safepoint "RevokeBias", Time since last: 502998455 ns, Reaching safepoint: 131533 ns, At safepoint: 19897 ns, Total: 151430 ns
[2020-09-11T14:24:26.141+0000][1][safepoint    ] Safepoint "RevokeBias", Time since last: 388128 ns, Reaching safepoint: 93663 ns, At safepoint: 13085 ns, Total: 106748 ns
[2020-09-11T14:24:26.141+0000][1][safepoint    ] Safepoint "RevokeBias", Time since last: 210309 ns, Reaching safepoint: 89125 ns, At safepoint: 12076 ns, Total: 101201 ns
[2020-09-11T14:24:26.343+0000][1][safepoint    ] Safepoint "RevokeBias", Time since last: 199966453 ns, Reaching safepoint: 2377336 ns, At safepoint: 26025 ns, Total: 2403361 ns
[2020-09-11T14:24:26.344+0000][1][safepoint    ] Safepoint "RevokeBias", Time since last: 169795 ns, Reaching safepoint: 91945 ns, At safepoint: 13019 ns, Total: 104964 ns
[2020-09-11T14:24:26.344+0000][1][safepoint    ] Safepoint "RevokeBias", Time since last: 37134 ns, Reaching safepoint: 87128 ns, At safepoint: 11850 ns, Total: 98978 ns
[2020-09-11T14:24:26.385+0000][1][safepoint    ] Safepoint "RevokeBias", Time since last: 40743453 ns, Reaching safepoint: 124040 ns, At safepoint: 17266 ns, Total: 141306 ns
[2020-09-11T14:24:26.424+0000][1][safepoint    ] Safepoint "RevokeBias", Time since last: 39312080 ns, Reaching safepoint: 115602 ns, At safepoint: 15352 ns, Total: 130954 ns
[2020-09-11T14:24:26.447+0000][1][safepoint    ] Safepoint "RevokeBias", Time since last: 22598875 ns, Reaching safepoint: 49005 ns, At safepoint: 15605 ns, Total: 64610 ns
[2020-09-11T14:24:26.795+0000][1][safepoint    ] Safepoint "RevokeBias", Time since last: 341113327 ns, Reaching safepoint: 6973130 ns, At safepoint: 18210 ns, Total: 6991340 ns
[2020-09-11T14:24:26.823+0000][1][safepoint    ] Safepoint "RevokeBias", Time since last: 25288720 ns, Reaching safepoint: 3168136 ns, At safepoint: 12869 ns, Total: 3181005 ns
[2020-09-11T14:24:26.827+0000][1][safepoint    ] Safepoint "RevokeBias", Time since last: 72480 ns, Reaching safepoint: 3932717 ns, At safepoint: 18261 ns, Total: 3950978 ns
[2020-09-11T14:24:26.828+0000][1][safepoint    ] Safepoint "RevokeBias", Time since last: 783298 ns, Reaching safepoint: 97028 ns, At safepoint: 13344 ns, Total: 110372 ns
[2020-09-11T14:24:26.893+0000][1][safepoint    ] Safepoint "RevokeBias", Time since last: 63185524 ns, Reaching safepoint: 1818389 ns, At safepoint: 12171 ns, Total: 1830560 ns
[2020-09-11T14:24:26.998+0000][1][safepoint    ] Safepoint "RevokeBias", Time since last: 103972604 ns, Reaching safepoint: 128903 ns, At safepoint: 8085 ns, Total: 136988 ns
[2020-09-11T14:24:26.998+0000][1][safepoint    ] Safepoint "RevokeBias", Time since last: 67216 ns, Reaching safepoint: 88086 ns, At safepoint: 4992 ns, Total: 93078 ns
[2020-09-11T14:24:27.067+0000][1][safepoint    ] Safepoint "RevokeBias", Time since last: 65759620 ns, Reaching safepoint: 3884378 ns, At safepoint: 13975 ns, Total: 3898353 ns
[2020-09-11T14:24:27.294+0000][1][safepoint    ] Safepoint "RevokeBias", Time since last: 224108132 ns, Reaching safepoint: 2122842 ns, At safepoint: 17989 ns, Total: 2140831 ns
[2020-09-11T14:24:27.296+0000][1][safepoint    ] Safepoint "BulkRevokeBias", Time since last: 123740 ns, Reaching safepoint: 1748974 ns, At safepoint: 155996 ns, Total: 1904970 ns
[2020-09-11T14:24:27.296+0000][1][safepoint    ] Safepoint "RevokeBias", Time since last: 65752 ns, Reaching safepoint: 106966 ns, At safepoint: 6891 ns, Total: 113857 ns
[2020-09-11T14:24:27.296+0000][1][safepoint    ] Safepoint "RevokeBias", Time since last: 215995 ns, Reaching safepoint: 105224 ns, At safepoint: 7783 ns, Total: 113007 ns
[2020-09-11T14:24:27.376+0000][1][safepoint    ] Safepoint "RevokeBias", Time since last: 79417397 ns, Reaching safepoint: 127276 ns, At safepoint: 21047 ns, Total: 148323 ns
[2020-09-11T14:24:27.685+0000][1][safepoint    ] Safepoint "RevokeBias", Time since last: 308856725 ns, Reaching safepoint: 131260 ns, At safepoint: 11506 ns, Total: 142766 ns
[2020-09-11T14:24:27.706+0000][1][safepoint    ] Safepoint "BulkRevokeBias", Time since last: 13926661 ns, Reaching safepoint: 6940248 ns, At safepoint: 180806 ns, Total: 7121054 ns
[2020-09-11T14:24:27.706+0000][1][safepoint    ] Safepoint "RevokeBias", Time since last: 251036 ns, Reaching safepoint: 115384 ns, At safepoint: 10491 ns, Total: 125875 ns
[2020-09-11T14:24:27.717+0000][1][safepoint    ] Safepoint "RevokeBias", Time since last: 9766021 ns, Reaching safepoint: 815110 ns, At safepoint: 11412 ns, Total: 826522 ns
[2020-09-11T14:24:27.849+0000][1][safepoint    ] Safepoint "Deoptimize", Time since last: 131972741 ns, Reaching safepoint: 204162 ns, At safepoint: 409131 ns, Total: 613293 ns
[2020-09-11T14:24:27.864+0000][1][gc,start     ] GC(67) Pause Young (Allocation Failure)
[2020-09-11T14:24:27.864+0000][1][gc,task      ] GC(67) Using 1 workers of 1 for evacuation
[2020-09-11T14:24:27.982+0000][1][gc,age       ] GC(67) Desired survivor size 4358144 bytes, new threshold 6 (max threshold 6)
[2020-09-11T14:24:27.982+0000][1][gc,age       ] GC(67) Age table with threshold 6 (max threshold 6)
[2020-09-11T14:24:27.982+0000][1][gc,age       ] GC(67) - age   1:    1584992 bytes,    1584992 total
[2020-09-11T14:24:27.982+0000][1][gc,age       ] GC(67) - age   2:    1070296 bytes,    2655288 total
[2020-09-11T14:24:27.982+0000][1][gc,age       ] GC(67) - age   3:    1490120 bytes,    4145408 total
[2020-09-11T14:24:27.982+0000][1][gc,heap      ] GC(67) ParNew: 73393K->4688K(76672K)
[2020-09-11T14:24:27.982+0000][1][gc,heap      ] GC(67) CMS: 95493K->95493K(2011968K)
[2020-09-11T14:24:27.982+0000][1][gc,metaspace ] GC(67) Metaspace: 78044K->78044K(1120256K)
[2020-09-11T14:24:27.982+0000][1][gc           ] GC(67) Pause Young (Allocation Failure) 164M->97M(2039M) 117.824ms
[2020-09-11T14:24:27.982+0000][1][gc,cpu       ] GC(67) User=0.05s Sys=0.00s Real=0.11s
[2020-09-11T14:24:28.025+0000][1][safepoint    ] Safepoint "GenCollectForAllocation", Time since last: 14923657 ns, Reaching safepoint: 127095 ns, At safepoint: 160740314 ns, Total: 160867409 ns
[2020-09-11T14:24:28.044+0000][1][safepoint    ] Safepoint "RevokeBias", Time since last: 19059777 ns, Reaching safepoint: 232507 ns, At safepoint: 21082 ns, Total: 253589 ns
[2020-09-11T14:24:28.046+0000][1][safepoint    ] Safepoint "RevokeBias", Time since last: 1200043 ns, Reaching safepoint: 117338 ns, At safepoint: 62863 ns, Total: 180201 ns
[2020-09-11T14:24:28.053+0000][1][safepoint    ] Safepoint "RevokeBias", Time since last: 7199000 ns, Reaching safepoint: 128559 ns, At safepoint: 52656 ns, Total: 181215 ns
[2020-09-11T14:24:28.053+0000][1][safepoint    ] Safepoint "RevokeBias", Time since last: 56332 ns, Reaching safepoint: 97036 ns, At safepoint: 35076 ns, Total: 132112 ns
[2020-09-11T14:24:28.057+0000][1][safepoint    ] Safepoint "RevokeBias", Time since last: 3957460 ns, Reaching safepoint: 128897 ns, At safepoint: 83850 ns, Total: 212747 ns
[2020-09-11T14:24:28.085+0000][1][safepoint    ] Safepoint "RevokeBias", Time since last: 26922046 ns, Reaching safepoint: 139825 ns, At safepoint: 9991 ns, Total: 149816 ns
[2020-09-11T14:24:28.160+0000][1][safepoint    ] Safepoint "RevokeBias", Time since last: 75066799 ns, Reaching safepoint: 143660 ns, At safepoint: 16829 ns, Total: 160489 ns
[2020-09-11T14:24:28.160+0000][1][safepoint    ] Safepoint "RevokeBias", Time since last: 346404 ns, Reaching safepoint: 98346 ns, At safepoint: 42083 ns, Total: 140429 ns
[2020-09-11T14:24:28.255+0000][1][safepoint    ] Safepoint "Deoptimize", Time since last: 94133646 ns, Reaching safepoint: 193553 ns, At safepoint: 394626 ns, Total: 588179 ns
[2020-09-11T14:24:28.298+0000][1][safepoint    ] Safepoint "RevokeBias", Time since last: 37857428 ns, Reaching safepoint: 5504279 ns, At safepoint: 23784 ns, Total: 5528063 ns
[2020-09-11T14:24:28.318+0000][1][safepoint    ] Safepoint "RevokeBias", Time since last: 17815976 ns, Reaching safepoint: 2172410 ns, At safepoint: 20478 ns, Total: 2192888 ns
[2020-09-11T14:24:28.372+0000][1][safepoint    ] Safepoint "RevokeBias", Time since last: 53026411 ns, Reaching safepoint: 644934 ns, At safepoint: 12293 ns, Total: 657227 ns
[2020-09-11T14:24:28.379+0000][1][safepoint    ] Safepoint "RevokeBias", Time since last: 429010 ns, Reaching safepoint: 6893795 ns, At safepoint: 15769 ns, Total: 6909564 ns
[2020-09-11T14:24:28.387+0000][1][safepoint    ] Safepoint "RevokeBias", Time since last: 7632661 ns, Reaching safepoint: 143412 ns, At safepoint: 97728 ns, Total: 241140 ns
[2020-09-11T14:24:28.405+0000][1][safepoint    ] Safepoint "RevokeBias", Time since last: 17026740 ns, Reaching safepoint: 350616 ns, At safepoint: 11135 ns, Total: 361751 ns
[2020-09-11T14:24:28.440+0000][1][safepoint    ] Safepoint "RevokeBias", Time since last: 26855496 ns, Reaching safepoint: 8007012 ns, At safepoint: 73691 ns, Total: 8080703 ns
[2020-09-11T14:24:28.484+0000][1][safepoint    ] Safepoint "RevokeBias", Time since last: 43807844 ns, Reaching safepoint: 209744 ns, At safepoint: 13104 ns, Total: 222848 ns
[2020-09-11T14:24:28.486+0000][1][safepoint    ] Safepoint "Deoptimize", Time since last: 1722828 ns, Reaching safepoint: 120438 ns, At safepoint: 415103 ns, Total: 535541 ns
[2020-09-11T14:24:28.536+0000][1][safepoint    ] Safepoint "RevokeBias", Time since last: 46531255 ns, Reaching safepoint: 3014586 ns, At safepoint: 80379 ns, Total: 3094965 ns
[2020-09-11T14:24:28.537+0000][1][safepoint    ] Safepoint "RevokeBias", Time since last: 1516369 ns, Reaching safepoint: 124563 ns, At safepoint: 10642 ns, Total: 135205 ns
[2020-09-11T14:24:28.855+0000][1][safepoint    ] Safepoint "RevokeBias", Time since last: 318101441 ns, Reaching safepoint: 173113 ns, At safepoint: 12576 ns, Total: 185689 ns
[2020-09-11T14:24:28.856+0000][1][safepoint    ] Safepoint "RevokeBias", Time since last: 299293 ns, Reaching safepoint: 131212 ns, At safepoint: 8133 ns, Total: 139345 ns
[2020-09-11T14:24:28.871+0000][1][safepoint    ] Safepoint "RevokeBias", Time since last: 15369639 ns, Reaching safepoint: 148160 ns, At safepoint: 9812 ns, Total: 157972 ns
[2020-09-11T14:24:28.872+0000][1][safepoint    ] Safepoint "RevokeBias", Time since last: 233423 ns, Reaching safepoint: 115747 ns, At safepoint: 7243 ns, Total: 122990 ns
[2020-09-11T14:24:28.941+0000][1][safepoint    ] Safepoint "RevokeBias", Time since last: 69517928 ns, Reaching safepoint: 147015 ns, At safepoint: 19470 ns, Total: 166485 ns
[2020-09-11T14:24:29.052+0000][1][safepoint    ] Safepoint "RevokeBias", Time since last: 105922057 ns, Reaching safepoint: 4409895 ns, At safepoint: 21890 ns, Total: 4431785 ns
[2020-09-11T14:24:29.104+0000][1][safepoint    ] Safepoint "RevokeBias", Time since last: 52194427 ns, Reaching safepoint: 126918 ns, At safepoint: 8047 ns, Total: 134965 ns
[2020-09-11T14:24:29.177+0000][1][safepoint    ] Safepoint "RevokeBias", Time since last: 72997773 ns, Reaching safepoint: 90143 ns, At safepoint: 18266 ns, Total: 108409 ns
[2020-09-11T14:24:29.177+0000][1][safepoint    ] Safepoint "RevokeBias", Time since last: 95758 ns, Reaching safepoint: 19505 ns, At safepoint: 9087 ns, Total: 28592 ns
[2020-09-11T14:24:29.184+0000][1][safepoint    ] Safepoint "RevokeBias", Time since last: 6087780 ns, Reaching safepoint: 127191 ns, At safepoint: 8537 ns, Total: 135728 ns
[2020-09-11T14:24:29.392+0000][1][safepoint    ] Safepoint "RevokeBias", Time since last: 208021696 ns, Reaching safepoint: 60021 ns, At safepoint: 17475 ns, Total: 77496 ns
[2020-09-11T14:24:29.392+0000][1][safepoint    ] Safepoint "RevokeBias", Time since last: 86850 ns, Reaching safepoint: 16316 ns, At safepoint: 8833 ns, Total: 25149 ns
[2020-09-11T14:24:29.600+0000][1][safepoint    ] Safepoint "RevokeBias", Time since last: 207765398 ns, Reaching safepoint: 133830 ns, At safepoint: 17901 ns, Total: 151731 ns
[2020-09-11T14:24:30.600+0000][1][safepoint    ] Safepoint "Cleanup", Time since last: 1000117915 ns, Reaching safepoint: 83561 ns, At safepoint: 6963 ns, Total: 90524 ns
[2020-09-11T14:24:31.511+0000][1][safepoint    ] Safepoint "RevokeBias", Time since last: 903454076 ns, Reaching safepoint: 8063505 ns, At safepoint: 18383 ns, Total: 8081888 ns
[2020-09-11T14:24:31.515+0000][1][safepoint    ] Safepoint "RevokeBias", Time since last: 443217 ns, Reaching safepoint: 3490459 ns, At safepoint: 8391 ns, Total: 3498850 ns
[2020-09-11T14:24:32.239+0000][1][safepoint    ] Safepoint "RevokeBias", Time since last: 718819574 ns, Reaching safepoint: 5213637 ns, At safepoint: 29490 ns, Total: 5243127 ns
[2020-09-11T14:24:32.240+0000][1][safepoint    ] Safepoint "RevokeBias", Time since last: 106963 ns, Reaching safepoint: 112876 ns, At safepoint: 17352 ns, Total: 130228 ns
[2020-09-11T14:24:32.854+0000][1][safepoint    ] Safepoint "RevokeBias", Time since last: 612679538 ns, Reaching safepoint: 1597467 ns, At safepoint: 71351 ns, Total: 1668818 ns
[2020-09-11T14:24:32.860+0000][1][safepoint    ] Safepoint "RevokeBias", Time since last: 5519267 ns, Reaching safepoint: 120413 ns, At safepoint: 17055 ns, Total: 137468 ns
[2020-09-11T14:24:32.921+0000][1][safepoint    ] Safepoint "RevokeBias", Time since last: 59600619 ns, Reaching safepoint: 1618505 ns, At safepoint: 20589 ns, Total: 1639094 ns
[2020-09-11T14:24:32.923+0000][1][safepoint    ] Safepoint "RevokeBias", Time since last: 654946 ns, Reaching safepoint: 1777872 ns, At safepoint: 21038 ns, Total: 1798910 ns
[2020-09-11T14:24:32.939+0000][1][safepoint    ] Safepoint "RevokeBias", Time since last: 13444765 ns, Reaching safepoint: 2589459 ns, At safepoint: 24815 ns, Total: 2614274 ns
[2020-09-11T14:24:32.940+0000][1][safepoint    ] Safepoint "RevokeBias", Time since last: 442239 ns, Reaching safepoint: 106913 ns, At safepoint: 15465 ns, Total: 122378 ns
[2020-09-11T14:24:32.955+0000][1][safepoint    ] Safepoint "RevokeBias", Time since last: 10647648 ns, Reaching safepoint: 4749837 ns, At safepoint: 26200 ns, Total: 4776037 ns
[2020-09-11T14:24:32.968+0000][1][safepoint    ] Safepoint "RevokeBias", Time since last: 11941768 ns, Reaching safepoint: 145507 ns, At safepoint: 23242 ns, Total: 168749 ns
[2020-09-11T14:24:33.012+0000][1][safepoint    ] Safepoint "RevokeBias", Time since last: 43828664 ns, Reaching safepoint: 134801 ns, At safepoint: 19555 ns, Total: 154356 ns
[2020-09-11T14:24:33.028+0000][1][safepoint    ] Safepoint "RevokeBias", Time since last: 12622421 ns, Reaching safepoint: 3277173 ns, At safepoint: 37654 ns, Total: 3314827 ns
[2020-09-11T14:24:33.319+0000][1][safepoint    ] Safepoint "RevokeBias", Time since last: 291067831 ns, Reaching safepoint: 88274 ns, At safepoint: 17256 ns, Total: 105530 ns
[2020-09-11T14:24:33.320+0000][1][safepoint    ] Safepoint "RevokeBias", Time since last: 1063618 ns, Reaching safepoint: 27386 ns, At safepoint: 13055 ns, Total: 40441 ns
[2020-09-11T14:24:33.320+0000][1][safepoint    ] Safepoint "RevokeBias", Time since last: 69829 ns, Reaching safepoint: 20239 ns, At safepoint: 10423 ns, Total: 30662 ns
[2020-09-11T14:24:33.524+0000][1][safepoint    ] Safepoint "RevokeBias", Time since last: 204009786 ns, Reaching safepoint: 494768 ns, At safepoint: 10500 ns, Total: 505268 ns
[2020-09-11T14:24:33.535+0000][1][safepoint    ] Safepoint "RevokeBias", Time since last: 8723079 ns, Reaching safepoint: 1839845 ns, At safepoint: 26996 ns, Total: 1866841 ns
[2020-09-11T14:24:33.550+0000][1][safepoint    ] Safepoint "RevokeBias", Time since last: 13192552 ns, Reaching safepoint: 1326474 ns, At safepoint: 27700 ns, Total: 1354174 ns
[2020-09-11T14:24:33.696+0000][1][safepoint    ] Safepoint "RevokeBias", Time since last: 146697168 ns, Reaching safepoint: 146594 ns, At safepoint: 50719 ns, Total: 197313 ns
[2020-09-11T14:24:33.702+0000][1][safepoint    ] Safepoint "RevokeBias", Time since last: 4998881 ns, Reaching safepoint: 123080 ns, At safepoint: 21397 ns, Total: 144477 ns
[2020-09-11T14:24:33.704+0000][1][safepoint    ] Safepoint "RevokeBias", Time since last: 2000524 ns, Reaching safepoint: 120238 ns, At safepoint: 19595 ns, Total: 139833 ns
[2020-09-11T14:24:33.748+0000][1][safepoint    ] Safepoint "BulkRevokeBias", Time since last: 44291445 ns, Reaching safepoint: 143798 ns, At safepoint: 215127 ns, Total: 358925 ns
[2020-09-11T14:24:33.758+0000][1][safepoint    ] Safepoint "RevokeBias", Time since last: 9526138 ns, Reaching safepoint: 128665 ns, At safepoint: 53844 ns, Total: 182509 ns
[2020-09-11T14:24:33.766+0000][1][safepoint    ] Safepoint "RevokeBias", Time since last: 7875287 ns, Reaching safepoint: 264991 ns, At safepoint: 26725 ns, Total: 291716 ns
[2020-09-11T14:24:33.776+0000][1][safepoint    ] Safepoint "RevokeBias", Time since last: 9180835 ns, Reaching safepoint: 342864 ns, At safepoint: 62378 ns, Total: 405242 ns
[2020-09-11T14:24:33.782+0000][1][safepoint    ] Safepoint "RevokeBias", Time since last: 6395927 ns, Reaching safepoint: 134467 ns, At safepoint: 20314 ns, Total: 154781 ns
[2020-09-11T14:24:33.783+0000][1][safepoint    ] Safepoint "RevokeBias", Time since last: 69901 ns, Reaching safepoint: 94398 ns, At safepoint: 12755 ns, Total: 107153 ns
[2020-09-11T14:24:33.818+0000][1][safepoint    ] Safepoint "RevokeBias", Time since last: 34849109 ns, Reaching safepoint: 130008 ns, At safepoint: 22605 ns, Total: 152613 ns
[2020-09-11T14:24:33.818+0000][1][safepoint    ] Safepoint "RevokeBias", Time since last: 56150 ns, Reaching safepoint: 108521 ns, At safepoint: 16052 ns, Total: 124573 ns
[2020-09-11T14:24:33.827+0000][1][safepoint    ] Safepoint "RevokeBias", Time since last: 9477981 ns, Reaching safepoint: 130499 ns, At safepoint: 25093 ns, Total: 155592 ns
[2020-09-11T14:24:33.855+0000][1][safepoint    ] Safepoint "RevokeBias", Time since last: 27055552 ns, Reaching safepoint: 1028553 ns, At safepoint: 22016 ns, Total: 1050569 ns
[2020-09-11T14:24:33.856+0000][1][safepoint    ] Safepoint "RevokeBias", Time since last: 63945 ns, Reaching safepoint: 108344 ns, At safepoint: 14588 ns, Total: 122932 ns
[2020-09-11T14:24:33.878+0000][1][safepoint    ] Safepoint "RevokeBias", Time since last: 12372933 ns, Reaching safepoint: 9856091 ns, At safepoint: 29347 ns, Total: 9885438 ns
[2020-09-11T14:24:33.885+0000][1][safepoint    ] Safepoint "RevokeBias", Time since last: 6673481 ns, Reaching safepoint: 307816 ns, At safepoint: 27308 ns, Total: 335124 ns
[2020-09-11T14:24:33.898+0000][1][safepoint    ] Safepoint "RevokeBias", Time since last: 12936664 ns, Reaching safepoint: 207833 ns, At safepoint: 23523 ns, Total: 231356 ns
[2020-09-11T14:24:33.921+0000][1][safepoint    ] Safepoint "RevokeBias", Time since last: 22963394 ns, Reaching safepoint: 343253 ns, At safepoint: 21686 ns, Total: 364939 ns
[2020-09-11T14:24:33.937+0000][1][safepoint    ] Safepoint "RevokeBias", Time since last: 15188832 ns, Reaching safepoint: 262966 ns, At safepoint: 18840 ns, Total: 281806 ns
[2020-09-11T14:24:33.964+0000][1][gc,start     ] GC(68) Pause Young (Allocation Failure)
[2020-09-11T14:24:33.964+0000][1][gc,task      ] GC(68) Using 1 workers of 1 for evacuation
[2020-09-11T14:24:34.059+0000][1][gc,age       ] GC(68) Desired survivor size 4358144 bytes, new threshold 2 (max threshold 6)
[2020-09-11T14:24:34.059+0000][1][gc,age       ] GC(68) Age table with threshold 2 (max threshold 6)
[2020-09-11T14:24:34.059+0000][1][gc,age       ] GC(68) - age   1:    3213352 bytes,    3213352 total
[2020-09-11T14:24:34.059+0000][1][gc,age       ] GC(68) - age   2:    1397904 bytes,    4611256 total
[2020-09-11T14:24:34.059+0000][1][gc,age       ] GC(68) - age   3:    1065944 bytes,    5677200 total
[2020-09-11T14:24:34.059+0000][1][gc,age       ] GC(68) - age   4:    1440560 bytes,    7117760 total
[2020-09-11T14:24:34.059+0000][1][gc,heap      ] GC(68) ParNew: 72848K->7244K(76672K)
[2020-09-11T14:24:34.059+0000][1][gc,heap      ] GC(68) CMS: 95493K->95493K(2011968K)
[2020-09-11T14:24:34.059+0000][1][gc,metaspace ] GC(68) Metaspace: 82250K->82250K(1124352K)
[2020-09-11T14:24:34.059+0000][1][gc           ] GC(68) Pause Young (Allocation Failure) 164M->100M(2039M) 95.934ms
[2020-09-11T14:24:34.059+0000][1][gc,cpu       ] GC(68) User=0.03s Sys=0.00s Real=0.09s
[2020-09-11T14:24:34.121+0000][1][safepoint    ] Safepoint "GenCollectForAllocation", Time since last: 21678680 ns, Reaching safepoint: 4901298 ns, At safepoint: 157206853 ns, Total: 162108151 ns
[2020-09-11T14:24:34.125+0000][1][safepoint    ] Safepoint "RevokeBias", Time since last: 2947911 ns, Reaching safepoint: 1008152 ns, At safepoint: 46425 ns, Total: 1054577 ns
[2020-09-11T14:24:34.139+0000][1][safepoint    ] Safepoint "RevokeBias", Time since last: 10727675 ns, Reaching safepoint: 207228 ns, At safepoint: 3796178 ns, Total: 4003406 ns
[2020-09-11T14:24:34.177+0000][1][safepoint    ] Safepoint "RevokeBias", Time since last: 37780747 ns, Reaching safepoint: 135415 ns, At safepoint: 19829 ns, Total: 155244 ns
[2020-09-11T14:24:34.185+0000][1][safepoint    ] Safepoint "RevokeBias", Time since last: 7911365 ns, Reaching safepoint: 125321 ns, At safepoint: 42892 ns, Total: 168213 ns
[2020-09-11T14:24:34.187+0000][1][safepoint    ] Safepoint "RevokeBias", Time since last: 1454668 ns, Reaching safepoint: 115397 ns, At safepoint: 16886 ns, Total: 132283 ns
[2020-09-11T14:24:34.199+0000][1][safepoint    ] Safepoint "RevokeBias", Time since last: 12074914 ns, Reaching safepoint: 350093 ns, At safepoint: 21446 ns, Total: 371539 ns
[2020-09-11T14:24:34.216+0000][1][safepoint    ] Safepoint "RevokeBias", Time since last: 16594294 ns, Reaching safepoint: 126242 ns, At safepoint: 14773 ns, Total: 141015 ns
[2020-09-11T14:24:34.222+0000][1][safepoint    ] Safepoint "RevokeBias", Time since last: 5824648 ns, Reaching safepoint: 124644 ns, At safepoint: 19359 ns, Total: 144003 ns
[2020-09-11T14:24:34.249+0000][1][safepoint    ] Safepoint "RevokeBias", Time since last: 25234515 ns, Reaching safepoint: 1808433 ns, At safepoint: 23898 ns, Total: 1832331 ns
[2020-09-11T14:24:34.275+0000][1][safepoint    ] Safepoint "RevokeBias", Time since last: 23138237 ns, Reaching safepoint: 2697863 ns, At safepoint: 25642 ns, Total: 2723505 ns
[2020-09-11T14:24:34.366+0000][1][safepoint    ] Safepoint "RevokeBias", Time since last: 79065819 ns, Reaching safepoint: 11641397 ns, At safepoint: 55176 ns, Total: 11696573 ns
[2020-09-11T14:24:34.366+0000][1][safepoint    ] Safepoint "RevokeBias", Time since last: 171858 ns, Reaching safepoint: 99333 ns, At safepoint: 23696 ns, Total: 123029 ns
[2020-09-11T14:24:34.389+0000][1][safepoint    ] Safepoint "BulkRevokeBias", Time since last: 9998947 ns, Reaching safepoint: 12193019 ns, At safepoint: 250657 ns, Total: 12443676 ns
[2020-09-11T14:24:34.404+0000][1][safepoint    ] Safepoint "RevokeBias", Time since last: 14076000 ns, Reaching safepoint: 787319 ns, At safepoint: 54194 ns, Total: 841513 ns
[2020-09-11T14:24:34.446+0000][1][safepoint    ] Safepoint "RevokeBias", Time since last: 41050174 ns, Reaching safepoint: 1732753 ns, At safepoint: 27807 ns, Total: 1760560 ns
[2020-09-11T14:24:34.589+0000][1][safepoint    ] Safepoint "RevokeBias", Time since last: 142124535 ns, Reaching safepoint: 72955 ns, At safepoint: 16021 ns, Total: 88976 ns
[2020-09-11T14:24:34.604+0000][1][safepoint    ] Safepoint "RevokeBias", Time since last: 15529203 ns, Reaching safepoint: 53848 ns, At safepoint: 19897 ns, Total: 73745 ns
[2020-09-11T14:24:34.605+0000][1][safepoint    ] Safepoint "RevokeBias", Time since last: 497856 ns, Reaching safepoint: 29062 ns, At safepoint: 13102 ns, Total: 42164 ns
[2020-09-11T14:24:34.623+0000][1][safepoint    ] Safepoint "RevokeBias", Time since last: 17632910 ns, Reaching safepoint: 1144967 ns, At safepoint: 25730 ns, Total: 1170697 ns
[2020-09-11T14:24:34.648+0000][1][safepoint    ] Safepoint "RevokeBias", Time since last: 21047064 ns, Reaching safepoint: 3606636 ns, At safepoint: 29538 ns, Total: 3636174 ns
[2020-09-11T14:24:34.648+0000][1][safepoint    ] Safepoint "RevokeBias", Time since last: 197267 ns, Reaching safepoint: 30194 ns, At safepoint: 11628 ns, Total: 41822 ns
[2020-09-11T14:24:34.659+0000][1][safepoint    ] Safepoint "RevokeBias", Time since last: 10050936 ns, Reaching safepoint: 138239 ns, At safepoint: 22960 ns, Total: 161199 ns
[2020-09-11T14:24:34.659+0000][1][safepoint    ] Safepoint "RevokeBias", Time since last: 90848 ns, Reaching safepoint: 112895 ns, At safepoint: 15310 ns, Total: 128205 ns
[2020-09-11T14:24:34.661+0000][1][safepoint    ] Safepoint "RevokeBias", Time since last: 82049 ns, Reaching safepoint: 2041996 ns, At safepoint: 27098 ns, Total: 2069094 ns
[2020-09-11T14:24:34.667+0000][1][safepoint    ] Safepoint "RevokeBias", Time since last: 5305502 ns, Reaching safepoint: 817073 ns, At safepoint: 25464 ns, Total: 842537 ns
[2020-09-11T14:24:34.700+0000][1][safepoint    ] Safepoint "RevokeBias", Time since last: 33101306 ns, Reaching safepoint: 141561 ns, At safepoint: 23185 ns, Total: 164746 ns
[2020-09-11T14:24:34.708+0000][1][safepoint    ] Safepoint "RevokeBias", Time since last: 829747 ns, Reaching safepoint: 6237269 ns, At safepoint: 35079 ns, Total: 6272348 ns
[2020-09-11T14:24:34.748+0000][1][safepoint    ] Safepoint "RevokeBias", Time since last: 40473867 ns, Reaching safepoint: 61777 ns, At safepoint: 20375 ns, Total: 82152 ns
[2020-09-11T14:24:34.749+0000][1][safepoint    ] Safepoint "RevokeBias", Time since last: 527845 ns, Reaching safepoint: 27833 ns, At safepoint: 12462 ns, Total: 40295 ns
[2020-09-11T14:24:34.814+0000][1][safepoint    ] Safepoint "RevokeBias", Time since last: 65703693 ns, Reaching safepoint: 72069 ns, At safepoint: 17343 ns, Total: 89412 ns
[2020-09-11T14:24:34.830+0000][1][safepoint    ] Safepoint "RevokeBias", Time since last: 15724790 ns, Reaching safepoint: 134633 ns, At safepoint: 19902 ns, Total: 154535 ns
[2020-09-11T14:24:34.844+0000][1][safepoint    ] Safepoint "RevokeBias", Time since last: 13746171 ns, Reaching safepoint: 60114 ns, At safepoint: 19922 ns, Total: 80036 ns
[2020-09-11T14:24:34.844+0000][1][safepoint    ] Safepoint "RevokeBias", Time since last: 224671 ns, Reaching safepoint: 99691 ns, At safepoint: 12942 ns, Total: 112633 ns
[2020-09-11T14:24:34.845+0000][1][safepoint    ] Safepoint "RevokeBias", Time since last: 52225 ns, Reaching safepoint: 24705 ns, At safepoint: 10491 ns, Total: 35196 ns
[2020-09-11T14:24:34.845+0000][1][safepoint    ] Safepoint "RevokeBias", Time since last: 61851 ns, Reaching safepoint: 24223 ns, At safepoint: 9943 ns, Total: 34166 ns
[2020-09-11T14:24:34.850+0000][1][safepoint    ] Safepoint "RevokeBias", Time since last: 4815158 ns, Reaching safepoint: 131274 ns, At safepoint: 42987 ns, Total: 174261 ns
[2020-09-11T14:24:34.853+0000][1][safepoint    ] Safepoint "RevokeBias", Time since last: 2814413 ns, Reaching safepoint: 131389 ns, At safepoint: 18361 ns, Total: 149750 ns
[2020-09-11T14:24:34.853+0000][1][safepoint    ] Safepoint "RevokeBias", Time since last: 712278 ns, Reaching safepoint: 103066 ns, At safepoint: 37944 ns, Total: 141010 ns
[2020-09-11T14:24:34.896+0000][1][safepoint    ] Safepoint "RevokeBias", Time since last: 41977548 ns, Reaching safepoint: 128734 ns, At safepoint: 20557 ns, Total: 149291 ns
[2020-09-11T14:24:34.896+0000][1][safepoint    ] Safepoint "RevokeBias", Time since last: 234145 ns, Reaching safepoint: 97947 ns, At safepoint: 17633 ns, Total: 115580 ns
[2020-09-11T14:24:34.966+0000][1][safepoint    ] Safepoint "RevokeBias", Time since last: 69513254 ns, Reaching safepoint: 129594 ns, At safepoint: 20541 ns, Total: 150135 ns
[2020-09-11T14:24:34.966+0000][1][safepoint    ] Safepoint "RevokeBias", Time since last: 146604 ns, Reaching safepoint: 98063 ns, At safepoint: 13485 ns, Total: 111548 ns
[2020-09-11T14:24:35.038+0000][1][safepoint    ] Safepoint "RevokeBias", Time since last: 71751182 ns, Reaching safepoint: 148057 ns, At safepoint: 27301 ns, Total: 175358 ns
[2020-09-11T14:24:35.175+0000][1][safepoint    ] Safepoint "RevokeBias", Time since last: 137061648 ns, Reaching safepoint: 247882 ns, At safepoint: 21510 ns, Total: 269392 ns
[2020-09-11T14:24:35.898+0000][1][safepoint    ] Safepoint "RevokeBias", Time since last: 722280164 ns, Reaching safepoint: 187120 ns, At safepoint: 20986 ns, Total: 208106 ns
[2020-09-11T14:24:36.898+0000][1][safepoint    ] Safepoint "Cleanup", Time since last: 1000197198 ns, Reaching safepoint: 107114 ns, At safepoint: 6389 ns, Total: 113503 ns
[2020-09-11T14:24:37.240+0000][1][safepoint    ] Safepoint "RevokeBias", Time since last: 342239975 ns, Reaching safepoint: 59185 ns, At safepoint: 19409 ns, Total: 78594 ns
[2020-09-11T14:24:37.240+0000][1][safepoint    ] Safepoint "RevokeBias", Time since last: 70708 ns, Reaching safepoint: 22209 ns, At safepoint: 10743 ns, Total: 32952 ns
[2020-09-11T14:24:38.241+0000][1][safepoint    ] Safepoint "Cleanup", Time since last: 1000149113 ns, Reaching safepoint: 147926 ns, At safepoint: 19552 ns, Total: 167478 ns
[2020-09-11T14:24:39.241+0000][1][safepoint    ] Safepoint "Cleanup", Time since last: 1000212889 ns, Reaching safepoint: 153930 ns, At safepoint: 18339 ns, Total: 172269 ns
[2020-09-11T14:24:40.241+0000][1][safepoint    ] Safepoint "Cleanup", Time since last: 1000208220 ns, Reaching safepoint: 165720 ns, At safepoint: 18219 ns, Total: 183939 ns
[2020-09-11T14:24:41.243+0000][1][safepoint    ] Safepoint "Cleanup", Time since last: 1001514206 ns, Reaching safepoint: 147041 ns, At safepoint: 18105 ns, Total: 165146 ns
[2020-09-11T14:24:42.244+0000][1][safepoint    ] Safepoint "Cleanup", Time since last: 1000212650 ns, Reaching safepoint: 184426 ns, At safepoint: 17487 ns, Total: 201913 ns
[2020-09-11T14:24:43.244+0000][1][safepoint    ] Safepoint "Cleanup", Time since last: 1000188006 ns, Reaching safepoint: 145290 ns, At safepoint: 19875 ns, Total: 165165 ns
[2020-09-11T14:24:44.244+0000][1][safepoint    ] Safepoint "Cleanup", Time since last: 1000249651 ns, Reaching safepoint: 156853 ns, At safepoint: 20170 ns, Total: 177023 ns
[2020-09-11T14:24:45.245+0000][1][safepoint    ] Safepoint "Cleanup", Time since last: 1000214422 ns, Reaching safepoint: 139500 ns, At safepoint: 18981 ns, Total: 158481 ns
[2020-09-11T14:24:46.246+0000][1][safepoint    ] Safepoint "Cleanup", Time since last: 1001008008 ns, Reaching safepoint: 98983 ns, At safepoint: 8587 ns, Total: 107570 ns
[2020-09-11T14:24:47.246+0000][1][safepoint    ] Safepoint "Cleanup", Time since last: 1000201502 ns, Reaching safepoint: 141953 ns, At safepoint: 18589 ns, Total: 160542 ns
[2020-09-11T14:24:48.246+0000][1][safepoint    ] Safepoint "Cleanup", Time since last: 1000171732 ns, Reaching safepoint: 145738 ns, At safepoint: 17199 ns, Total: 162937 ns
[2020-09-11T14:24:49.247+0000][1][safepoint    ] Safepoint "Cleanup", Time since last: 1000230559 ns, Reaching safepoint: 92958 ns, At safepoint: 6702 ns, Total: 99660 ns
[2020-09-11T14:24:50.247+0000][1][safepoint    ] Safepoint "Cleanup", Time since last: 1000174569 ns, Reaching safepoint: 154802 ns, At safepoint: 18165 ns, Total: 172967 ns
[2020-09-11T14:24:51.248+0000][1][safepoint    ] Safepoint "Cleanup", Time since last: 1001131808 ns, Reaching safepoint: 148027 ns, At safepoint: 18602 ns, Total: 166629 ns
[2020-09-11T14:24:52.249+0000][1][safepoint    ] Safepoint "Cleanup", Time since last: 1000209992 ns, Reaching safepoint: 123851 ns, At safepoint: 9109 ns, Total: 132960 ns
[2020-09-11T14:24:53.249+0000][1][safepoint    ] Safepoint "Cleanup", Time since last: 1000196862 ns, Reaching safepoint: 144428 ns, At safepoint: 19802 ns, Total: 164230 ns
[2020-09-11T14:24:54.250+0000][1][safepoint    ] Safepoint "Cleanup", Time since last: 1000213211 ns, Reaching safepoint: 116237 ns, At safepoint: 7492 ns, Total: 123729 ns
[2020-09-11T14:24:55.250+0000][1][safepoint    ] Safepoint "Cleanup", Time since last: 1000181750 ns, Reaching safepoint: 100152 ns, At safepoint: 7139 ns, Total: 107291 ns
[2020-09-11T14:24:55.795+0000][1][safepoint    ] Safepoint "RevokeBias", Time since last: 544884356 ns, Reaching safepoint: 781279 ns, At safepoint: 22980 ns, Total: 804259 ns
[2020-09-11T14:24:55.799+0000][1][safepoint    ] Safepoint "RevokeBias", Time since last: 1500088 ns, Reaching safepoint: 2479261 ns, At safepoint: 24559 ns, Total: 2503820 ns
[2020-09-11T14:24:56.800+0000][1][safepoint    ] Safepoint "Cleanup", Time since last: 1000141053 ns, Reaching safepoint: 141932 ns, At safepoint: 17203 ns, Total: 159135 ns
[2020-09-11T14:24:57.147+0000][1][safepoint    ] Safepoint "RevokeBias", Time since last: 347209523 ns, Reaching safepoint: 188601 ns, At safepoint: 21466 ns, Total: 210067 ns
[2020-09-11T14:24:57.149+0000][1][safepoint    ] Safepoint "RevokeBias", Time since last: 1774439 ns, Reaching safepoint: 151343 ns, At safepoint: 17196 ns, Total: 168539 ns
[2020-09-11T14:24:57.388+0000][1][safepoint    ] Safepoint "RevokeBias", Time since last: 238199442 ns, Reaching safepoint: 169007 ns, At safepoint: 58374 ns, Total: 227381 ns
[2020-09-11T14:24:58.388+0000][1][safepoint    ] Safepoint "Cleanup", Time since last: 1000205065 ns, Reaching safepoint: 132657 ns, At safepoint: 35983 ns, Total: 168640 ns
[2020-09-11T14:24:59.388+0000][1][safepoint    ] Safepoint "Cleanup", Time since last: 1000203744 ns, Reaching safepoint: 150238 ns, At safepoint: 18342 ns, Total: 168580 ns
[2020-09-11T14:25:00.285+0000][1][safepoint    ] Safepoint "RevokeBias", Time since last: 896637325 ns, Reaching safepoint: 192916 ns, At safepoint: 51682 ns, Total: 244598 ns
[2020-09-11T14:25:01.286+0000][1][safepoint    ] Safepoint "Cleanup", Time since last: 1000762884 ns, Reaching safepoint: 138368 ns, At safepoint: 7197 ns, Total: 145565 ns
[2020-09-11T14:25:01.794+0000][1][safepoint    ] Safepoint "RevokeBias", Time since last: 508019409 ns, Reaching safepoint: 147085 ns, At safepoint: 22085 ns, Total: 169170 ns
[2020-09-11T14:25:02.795+0000][1][safepoint    ] Safepoint "Cleanup", Time since last: 1000176588 ns, Reaching safepoint: 197409 ns, At safepoint: 18533 ns, Total: 215942 ns
[2020-09-11T14:25:03.198+0000][1][safepoint    ] Safepoint "RevokeBias", Time since last: 402865872 ns, Reaching safepoint: 74255 ns, At safepoint: 28424 ns, Total: 102679 ns
[2020-09-11T14:25:03.647+0000][1][safepoint    ] Safepoint "RevokeBias", Time since last: 449204478 ns, Reaching safepoint: 144371 ns, At safepoint: 49711 ns, Total: 194082 ns
[2020-09-11T14:25:04.648+0000][1][safepoint    ] Safepoint "Cleanup", Time since last: 1000195887 ns, Reaching safepoint: 336625 ns, At safepoint: 16648 ns, Total: 353273 ns
[2020-09-11T14:25:05.648+0000][1][safepoint    ] Safepoint "Cleanup", Time since last: 1000188861 ns, Reaching safepoint: 111579 ns, At safepoint: 7514 ns, Total: 119093 ns
[2020-09-11T14:25:06.349+0000][1][gc,start     ] GC(69) Pause Young (Allocation Failure)
[2020-09-11T14:25:06.350+0000][1][gc,task      ] GC(69) Using 1 workers of 1 for evacuation
[2020-09-11T14:25:06.382+0000][1][gc,age       ] GC(69) Desired survivor size 4358144 bytes, new threshold 6 (max threshold 6)
[2020-09-11T14:25:06.382+0000][1][gc,age       ] GC(69) Age table with threshold 6 (max threshold 6)
[2020-09-11T14:25:06.382+0000][1][gc,age       ] GC(69) - age   1:     454696 bytes,     454696 total
[2020-09-11T14:25:06.382+0000][1][gc,age       ] GC(69) - age   2:    2028800 bytes,    2483496 total
[2020-09-11T14:25:06.382+0000][1][gc,heap      ] GC(69) ParNew: 75404K->6118K(76672K)
[2020-09-11T14:25:06.382+0000][1][gc,heap      ] GC(69) CMS: 95493K->99384K(2011968K)
[2020-09-11T14:25:06.382+0000][1][gc,metaspace ] GC(69) Metaspace: 83114K->83114K(1126400K)
[2020-09-11T14:25:06.382+0000][1][gc           ] GC(69) Pause Young (Allocation Failure) 166M->103M(2039M) 32.409ms
[2020-09-11T14:25:06.382+0000][1][gc,cpu       ] GC(69) User=0.03s Sys=0.00s Real=0.03s
[2020-09-11T14:25:06.388+0000][1][safepoint    ] Safepoint "GenCollectForAllocation", Time since last: 701343044 ns, Reaching safepoint: 184530 ns, At safepoint: 38354128 ns, Total: 38538658 ns
[2020-09-11T14:25:07.395+0000][1][safepoint    ] Safepoint "Cleanup", Time since last: 1006952252 ns, Reaching safepoint: 73609 ns, At safepoint: 6463 ns, Total: 80072 ns
[2020-09-11T14:25:08.395+0000][1][safepoint    ] Safepoint "Cleanup", Time since last: 1000182987 ns, Reaching safepoint: 154678 ns, At safepoint: 18423 ns, Total: 173101 ns
[2020-09-11T14:25:10.396+0000][1][safepoint    ] Safepoint "Cleanup", Time since last: 2000425749 ns, Reaching safepoint: 163274 ns, At safepoint: 17608 ns, Total: 180882 ns
[2020-09-11T14:25:11.396+0000][1][safepoint    ] Safepoint "Cleanup", Time since last: 1000226531 ns, Reaching safepoint: 172522 ns, At safepoint: 18469 ns, Total: 190991 ns
[2020-09-11T14:25:13.397+0000][1][safepoint    ] Safepoint "Cleanup", Time since last: 2000336800 ns, Reaching safepoint: 111067 ns, At safepoint: 7083 ns, Total: 118150 ns
[2020-09-11T14:25:14.397+0000][1][safepoint    ] Safepoint "Cleanup", Time since last: 1000177682 ns, Reaching safepoint: 108227 ns, At safepoint: 6204 ns, Total: 114431 ns
[2020-09-11T14:25:15.397+0000][1][safepoint    ] Safepoint "Cleanup", Time since last: 1000174781 ns, Reaching safepoint: 153241 ns, At safepoint: 18503 ns, Total: 171744 ns
[2020-09-11T14:25:16.398+0000][1][safepoint    ] Safepoint "Cleanup", Time since last: 1000232324 ns, Reaching safepoint: 146763 ns, At safepoint: 16645 ns, Total: 163408 ns
[2020-09-11T14:25:17.398+0000][1][safepoint    ] Safepoint "Cleanup", Time since last: 1000220278 ns, Reaching safepoint: 141728 ns, At safepoint: 18125 ns, Total: 159853 ns
[2020-09-11T14:25:19.399+0000][1][safepoint    ] Safepoint "Cleanup", Time since last: 2000317957 ns, Reaching safepoint: 144849 ns, At safepoint: 18198 ns, Total: 163047 ns
[2020-09-11T14:25:20.399+0000][1][safepoint    ] Safepoint "Cleanup", Time since last: 1000231511 ns, Reaching safepoint: 144598 ns, At safepoint: 17547 ns, Total: 162145 ns
[2020-09-11T14:25:21.399+0000][1][safepoint    ] Safepoint "Cleanup", Time since last: 1000228018 ns, Reaching safepoint: 104037 ns, At safepoint: 8047 ns, Total: 112084 ns
[2020-09-11T14:25:22.400+0000][1][safepoint    ] Safepoint "Cleanup", Time since last: 1000166141 ns, Reaching safepoint: 102655 ns, At safepoint: 6478 ns, Total: 109133 ns
[2020-09-11T14:25:23.400+0000][1][safepoint    ] Safepoint "Cleanup", Time since last: 1000165074 ns, Reaching safepoint: 109155 ns, At safepoint: 7240 ns, Total: 116395 ns
[2020-09-11T14:25:24.400+0000][1][safepoint    ] Safepoint "Cleanup", Time since last: 1000178776 ns, Reaching safepoint: 74387 ns, At safepoint: 6334 ns, Total: 80721 ns
[2020-09-11T14:25:25.400+0000][1][safepoint    ] Safepoint "Cleanup", Time since last: 1000170259 ns, Reaching safepoint: 108343 ns, At safepoint: 7250 ns, Total: 115593 ns
[2020-09-11T14:25:26.401+0000][1][safepoint    ] Safepoint "Cleanup", Time since last: 1000199375 ns, Reaching safepoint: 73711 ns, At safepoint: 6918 ns, Total: 80629 ns
[2020-09-11T14:25:27.297+0000][1][safepoint    ] Safepoint "RevokeBias", Time since last: 896580409 ns, Reaching safepoint: 68337 ns, At safepoint: 20826 ns, Total: 89163 ns
[2020-09-11T14:25:28.298+0000][1][safepoint    ] Safepoint "Cleanup", Time since last: 1000205619 ns, Reaching safepoint: 146826 ns, At safepoint: 18002 ns, Total: 164828 ns
[2020-09-11T14:25:29.298+0000][1][safepoint    ] Safepoint "Cleanup", Time since last: 1000222038 ns, Reaching safepoint: 101286 ns, At safepoint: 9271 ns, Total: 110557 ns
[2020-09-11T14:25:30.298+0000][1][safepoint    ] Safepoint "Cleanup", Time since last: 1000180896 ns, Reaching safepoint: 128853 ns, At safepoint: 18886 ns, Total: 147739 ns
[2020-09-11T14:25:31.299+0000][1][safepoint    ] Safepoint "Cleanup", Time since last: 1000240372 ns, Reaching safepoint: 141644 ns, At safepoint: 18406 ns, Total: 160050 ns
[2020-09-11T14:25:32.299+0000][1][safepoint    ] Safepoint "Cleanup", Time since last: 1000220166 ns, Reaching safepoint: 144992 ns, At safepoint: 19562 ns, Total: 164554 ns
[2020-09-11T14:25:33.300+0000][1][safepoint    ] Safepoint "Cleanup", Time since last: 1000188200 ns, Reaching safepoint: 154344 ns, At safepoint: 6439 ns, Total: 160783 ns
[2020-09-11T14:25:34.300+0000][1][safepoint    ] Safepoint "Cleanup", Time since last: 1000148760 ns, Reaching safepoint: 114043 ns, At safepoint: 8310 ns, Total: 122353 ns
[2020-09-11T14:25:35.300+0000][1][safepoint    ] Safepoint "Cleanup", Time since last: 1000154395 ns, Reaching safepoint: 124760 ns, At safepoint: 7600 ns, Total: 132360 ns
[2020-09-11T14:25:36.303+0000][1][safepoint    ] Safepoint "Cleanup", Time since last: 1002309634 ns, Reaching safepoint: 175706 ns, At safepoint: 16077 ns, Total: 191783 ns
[2020-09-11T14:25:37.305+0000][1][safepoint    ] Safepoint "Cleanup", Time since last: 1002342832 ns, Reaching safepoint: 135638 ns, At safepoint: 17273 ns, Total: 152911 ns
[2020-09-11T14:25:38.309+0000][1][safepoint    ] Safepoint "Cleanup", Time since last: 1003781950 ns, Reaching safepoint: 144789 ns, At safepoint: 17804 ns, Total: 162593 ns
[2020-09-11T14:25:41.310+0000][1][safepoint    ] Safepoint "Cleanup", Time since last: 3000839013 ns, Reaching safepoint: 201603 ns, At safepoint: 17617 ns, Total: 219220 ns
[2020-09-11T14:25:42.310+0000][1][safepoint    ] Safepoint "Cleanup", Time since last: 1000195533 ns, Reaching safepoint: 137933 ns, At safepoint: 17771 ns, Total: 155704 ns
[2020-09-11T14:25:43.311+0000][1][safepoint    ] Safepoint "Cleanup", Time since last: 1000217252 ns, Reaching safepoint: 147966 ns, At safepoint: 18022 ns, Total: 165988 ns
[2020-09-11T14:25:44.311+0000][1][safepoint    ] Safepoint "Cleanup", Time since last: 1000178176 ns, Reaching safepoint: 109310 ns, At safepoint: 7354 ns, Total: 116664 ns
[2020-09-11T14:25:45.311+0000][1][safepoint    ] Safepoint "Cleanup", Time since last: 1000176457 ns, Reaching safepoint: 116354 ns, At safepoint: 6865 ns, Total: 123219 ns
[2020-09-11T14:25:48.312+0000][1][safepoint    ] Safepoint "Cleanup", Time since last: 3000399043 ns, Reaching safepoint: 146557 ns, At safepoint: 18148 ns, Total: 164705 ns
[2020-09-11T14:25:49.312+0000][1][safepoint    ] Safepoint "Cleanup", Time since last: 1000197820 ns, Reaching safepoint: 142827 ns, At safepoint: 18232 ns, Total: 161059 ns
[2020-09-11T14:25:50.313+0000][1][safepoint    ] Safepoint "Cleanup", Time since last: 1000228531 ns, Reaching safepoint: 145320 ns, At safepoint: 17991 ns, Total: 163311 ns
[2020-09-11T14:25:51.292+0000][1][safepoint    ] Safepoint "RevokeBias", Time since last: 979517364 ns, Reaching safepoint: 73161 ns, At safepoint: 19314 ns, Total: 92475 ns
[2020-09-11T14:25:51.303+0000][1][safepoint    ] Safepoint "RevokeBias", Time since last: 10910222 ns, Reaching safepoint: 230920 ns, At safepoint: 21185 ns, Total: 252105 ns
[2020-09-11T14:25:51.589+0000][1][safepoint    ] Safepoint "RevokeBias", Time since last: 284521036 ns, Reaching safepoint: 591262 ns, At safepoint: 24110 ns, Total: 615372 ns
[2020-09-11T14:25:51.596+0000][1][safepoint    ] Safepoint "RevokeBias", Time since last: 1463779 ns, Reaching safepoint: 5374988 ns, At safepoint: 31960 ns, Total: 5406948 ns
[2020-09-11T14:25:51.600+0000][1][safepoint    ] Safepoint "RevokeBias", Time since last: 4409243 ns, Reaching safepoint: 176791 ns, At safepoint: 18958 ns, Total: 195749 ns
[2020-09-11T14:25:51.612+0000][1][safepoint    ] Safepoint "RevokeBias", Time since last: 11328713 ns, Reaching safepoint: 143087 ns, At safepoint: 23804 ns, Total: 166891 ns
[2020-09-11T14:25:51.615+0000][1][safepoint    ] Safepoint "RevokeBias", Time since last: 2034685 ns, Reaching safepoint: 1420371 ns, At safepoint: 24910 ns, Total: 1445281 ns
[2020-09-11T14:25:51.615+0000][1][safepoint    ] Safepoint "RevokeBias", Time since last: 98665 ns, Reaching safepoint: 102508 ns, At safepoint: 14112 ns, Total: 116620 ns
[2020-09-11T14:25:51.624+0000][1][safepoint    ] Safepoint "RevokeBias", Time since last: 8301810 ns, Reaching safepoint: 214391 ns, At safepoint: 24544 ns, Total: 238935 ns
[2020-09-11T14:25:51.624+0000][1][safepoint    ] Safepoint "RevokeBias", Time since last: 263648 ns, Reaching safepoint: 102258 ns, At safepoint: 15225 ns, Total: 117483 ns
[2020-09-11T14:25:51.795+0000][1][safepoint    ] Safepoint "RevokeBias", Time since last: 171013574 ns, Reaching safepoint: 71641 ns, At safepoint: 18257 ns, Total: 89898 ns
[2020-09-11T14:25:51.796+0000][1][safepoint    ] Safepoint "RevokeBias", Time since last: 490864 ns, Reaching safepoint: 33210 ns, At safepoint: 12793 ns, Total: 46003 ns
[2020-09-11T14:25:51.805+0000][1][safepoint    ] Safepoint "RevokeBias", Time since last: 8930777 ns, Reaching safepoint: 68517 ns, At safepoint: 18553 ns, Total: 87070 ns
[2020-09-11T14:25:51.805+0000][1][safepoint    ] Safepoint "RevokeBias", Time since last: 63325 ns, Reaching safepoint: 36856 ns, At safepoint: 12720 ns, Total: 49576 ns
[2020-09-11T14:25:51.805+0000][1][safepoint    ] Safepoint "BulkRevokeBias", Time since last: 47421 ns, Reaching safepoint: 32274 ns, At safepoint: 161083 ns, Total: 193357 ns
[2020-09-11T14:25:51.827+0000][1][safepoint    ] Safepoint "RevokeBias", Time since last: 21429041 ns, Reaching safepoint: 77703 ns, At safepoint: 23147 ns, Total: 100850 ns
[2020-09-11T14:25:51.827+0000][1][safepoint    ] Safepoint "RevokeBias", Time since last: 304772 ns, Reaching safepoint: 44215 ns, At safepoint: 15105 ns, Total: 59320 ns
[2020-09-11T14:25:51.925+0000][1][safepoint    ] Safepoint "RevokeBias", Time since last: 96839138 ns, Reaching safepoint: 1430963 ns, At safepoint: 25946 ns, Total: 1456909 ns
[2020-09-11T14:25:51.927+0000][1][safepoint    ] Safepoint "RevokeBias", Time since last: 112876 ns, Reaching safepoint: 1915938 ns, At safepoint: 20075 ns, Total: 1936013 ns
[2020-09-11T14:25:51.946+0000][1][safepoint    ] Safepoint "RevokeBias", Time since last: 18060826 ns, Reaching safepoint: 62704 ns, At safepoint: 17368 ns, Total: 80072 ns
[2020-09-11T14:25:51.968+0000][1][safepoint    ] Safepoint "RevokeBias", Time since last: 22488012 ns, Reaching safepoint: 84949 ns, At safepoint: 19393 ns, Total: 104342 ns
[2020-09-11T14:25:51.968+0000][1][gc,start     ] GC(70) Pause Young (Allocation Failure)
[2020-09-11T14:25:51.968+0000][1][gc,task      ] GC(70) Using 1 workers of 1 for evacuation
[2020-09-11T14:25:52.027+0000][1][gc,age       ] GC(70) Desired survivor size 4358144 bytes, new threshold 6 (max threshold 6)
[2020-09-11T14:25:52.027+0000][1][gc,age       ] GC(70) Age table with threshold 6 (max threshold 6)
[2020-09-11T14:25:52.027+0000][1][gc,age       ] GC(70) - age   1:     118568 bytes,     118568 total
[2020-09-11T14:25:52.027+0000][1][gc,age       ] GC(70) - age   2:     288904 bytes,     407472 total
[2020-09-11T14:25:52.027+0000][1][gc,age       ] GC(70) - age   3:    2007912 bytes,    2415384 total
[2020-09-11T14:25:52.027+0000][1][gc,heap      ] GC(70) ParNew: 73927K->4272K(76672K)
[2020-09-11T14:25:52.027+0000][1][gc,heap      ] GC(70) CMS: 99384K->99384K(2011968K)
[2020-09-11T14:25:52.027+0000][1][gc,metaspace ] GC(70) Metaspace: 83506K->83506K(1126400K)
[2020-09-11T14:25:52.027+0000][1][gc           ] GC(70) Pause Young (Allocation Failure) 169M->101M(2039M) 58.546ms
[2020-09-11T14:25:52.027+0000][1][gc,cpu       ] GC(70) User=0.02s Sys=0.00s Real=0.06s
[2020-09-11T14:25:52.053+0000][1][safepoint    ] Safepoint "GenCollectForAllocation", Time since last: 117003 ns, Reaching safepoint: 27726 ns, At safepoint: 84306629 ns, Total: 84334355 ns
[2020-09-11T14:25:52.065+0000][1][safepoint    ] Safepoint "RevokeBias", Time since last: 334740 ns, Reaching safepoint: 5168191 ns, At safepoint: 6775086 ns, Total: 11943277 ns
[2020-09-11T14:25:52.092+0000][1][safepoint    ] Safepoint "RevokeBias", Time since last: 23019822 ns, Reaching safepoint: 3545669 ns, At safepoint: 28484 ns, Total: 3574153 ns
[2020-09-11T14:25:52.092+0000][1][safepoint    ] Safepoint "RevokeBias", Time since last: 81213 ns, Reaching safepoint: 104277 ns, At safepoint: 13423 ns, Total: 117700 ns
[2020-09-11T14:25:52.092+0000][1][safepoint    ] Safepoint "RevokeBias", Time since last: 53567 ns, Reaching safepoint: 101156 ns, At safepoint: 12732 ns, Total: 113888 ns
[2020-09-11T14:25:52.107+0000][1][safepoint    ] Safepoint "RevokeBias", Time since last: 15088579 ns, Reaching safepoint: 77972 ns, At safepoint: 21290 ns, Total: 99262 ns
[2020-09-11T14:25:52.108+0000][1][safepoint    ] Safepoint "RevokeBias", Time since last: 285135 ns, Reaching safepoint: 592631 ns, At safepoint: 15882 ns, Total: 608513 ns
[2020-09-11T14:25:52.108+0000][1][safepoint    ] Safepoint "RevokeBias", Time since last: 50098 ns, Reaching safepoint: 28178 ns, At safepoint: 11173 ns, Total: 39351 ns
[2020-09-11T14:25:52.274+0000][1][safepoint    ] Safepoint "RevokeBias", Time since last: 165372408 ns, Reaching safepoint: 166515 ns, At safepoint: 25274 ns, Total: 191789 ns
[2020-09-11T14:25:52.274+0000][1][safepoint    ] Safepoint "RevokeBias", Time since last: 733291 ns, Reaching safepoint: 119679 ns, At safepoint: 16407 ns, Total: 136086 ns
[2020-09-11T14:25:52.282+0000][1][safepoint    ] Safepoint "RevokeBias", Time since last: 7543288 ns, Reaching safepoint: 61344 ns, At safepoint: 19435 ns, Total: 80779 ns
[2020-09-11T14:25:52.325+0000][1][safepoint    ] Safepoint "RevokeBias", Time since last: 42808837 ns, Reaching safepoint: 66721 ns, At safepoint: 19749 ns, Total: 86470 ns
[2020-09-11T14:25:52.531+0000][1][safepoint    ] Safepoint "RevokeBias", Time since last: 206066487 ns, Reaching safepoint: 66454 ns, At safepoint: 18547 ns, Total: 85001 ns
[2020-09-11T14:25:52.628+0000][1][safepoint    ] Safepoint "RevokeBias", Time since last: 96267593 ns, Reaching safepoint: 161320 ns, At safepoint: 11158 ns, Total: 172478 ns
[2020-09-11T14:25:52.628+0000][1][safepoint    ] Safepoint "RevokeBias", Time since last: 434256 ns, Reaching safepoint: 32329 ns, At safepoint: 5107 ns, Total: 37436 ns
[2020-09-11T14:25:52.844+0000][1][safepoint    ] Safepoint "RevokeBias", Time since last: 212031735 ns, Reaching safepoint: 3418577 ns, At safepoint: 38370 ns, Total: 3456947 ns
[2020-09-11T14:25:52.844+0000][1][safepoint    ] Safepoint "RevokeBias", Time since last: 100159 ns, Reaching safepoint: 102869 ns, At safepoint: 15871 ns, Total: 118740 ns
[2020-09-11T14:25:52.844+0000][1][safepoint    ] Safepoint "RevokeBias", Time since last: 236983 ns, Reaching safepoint: 101909 ns, At safepoint: 36563 ns, Total: 138472 ns
[2020-09-11T14:25:52.844+0000][1][safepoint    ] Safepoint "RevokeBias", Time since last: 82396 ns, Reaching safepoint: 101971 ns, At safepoint: 30088 ns, Total: 132059 ns
[2020-09-11T14:25:53.355+0000][1][safepoint    ] Safepoint "RevokeBias", Time since last: 507935257 ns, Reaching safepoint: 3160605 ns, At safepoint: 25885 ns, Total: 3186490 ns
[2020-09-11T14:25:53.360+0000][1][safepoint    ] Safepoint "RevokeBias", Time since last: 4214764 ns, Reaching safepoint: 65019 ns, At safepoint: 21616 ns, Total: 86635 ns
[2020-09-11T14:25:53.360+0000][1][safepoint    ] Safepoint "RevokeBias", Time since last: 59582 ns, Reaching safepoint: 24716 ns, At safepoint: 10726 ns, Total: 35442 ns
[2020-09-11T14:25:53.387+0000][1][safepoint    ] Safepoint "RevokeBias", Time since last: 26543135 ns, Reaching safepoint: 56543 ns, At safepoint: 18779 ns, Total: 75322 ns
[2020-09-11T14:25:53.424+0000][1][safepoint    ] Safepoint "RevokeBias", Time since last: 37154322 ns, Reaching safepoint: 142551 ns, At safepoint: 19046 ns, Total: 161597 ns
[2020-09-11T14:25:53.449+0000][1][safepoint    ] Safepoint "RevokeBias", Time since last: 25068418 ns, Reaching safepoint: 193813 ns, At safepoint: 20520 ns, Total: 214333 ns
[2020-09-11T14:25:53.463+0000][1][safepoint    ] Safepoint "RevokeBias", Time since last: 13247520 ns, Reaching safepoint: 183898 ns, At safepoint: 19677 ns, Total: 203575 ns
[2020-09-11T14:25:53.468+0000][1][safepoint    ] Safepoint "RevokeBias", Time since last: 5046480 ns, Reaching safepoint: 172098 ns, At safepoint: 17622 ns, Total: 189720 ns
[2020-09-11T14:25:53.468+0000][1][safepoint    ] Safepoint "RevokeBias", Time since last: 204091 ns, Reaching safepoint: 156023 ns, At safepoint: 12396 ns, Total: 168419 ns
[2020-09-11T14:25:53.468+0000][1][safepoint    ] Safepoint "RevokeBias", Time since last: 46183 ns, Reaching safepoint: 150598 ns, At safepoint: 11364 ns, Total: 161962 ns
[2020-09-11T14:25:53.469+0000][1][safepoint    ] Safepoint "RevokeBias", Time since last: 59384 ns, Reaching safepoint: 149911 ns, At safepoint: 10737 ns, Total: 160648 ns
[2020-09-11T14:25:53.476+0000][1][safepoint    ] Safepoint "RevokeBias", Time since last: 6870527 ns, Reaching safepoint: 295690 ns, At safepoint: 19648 ns, Total: 315338 ns
[2020-09-11T14:25:53.476+0000][1][safepoint    ] Safepoint "RevokeBias", Time since last: 138899 ns, Reaching safepoint: 144876 ns, At safepoint: 48824 ns, Total: 193700 ns
[2020-09-11T14:25:53.536+0000][1][safepoint    ] Safepoint "RevokeBias", Time since last: 59908103 ns, Reaching safepoint: 312662 ns, At safepoint: 32170 ns, Total: 344832 ns
[2020-09-11T14:25:54.537+0000][1][safepoint    ] Safepoint "Cleanup", Time since last: 1000154306 ns, Reaching safepoint: 101852 ns, At safepoint: 6619 ns, Total: 108471 ns
[2020-09-11T14:25:55.537+0000][1][safepoint    ] Safepoint "Cleanup", Time since last: 1000210145 ns, Reaching safepoint: 97986 ns, At safepoint: 7363 ns, Total: 105349 ns
[2020-09-11T14:25:56.427+0000][1][safepoint    ] Safepoint "RevokeBias", Time since last: 888004308 ns, Reaching safepoint: 2110922 ns, At safepoint: 32079 ns, Total: 2143001 ns
[2020-09-11T14:25:56.464+0000][1][safepoint    ] Safepoint "RevokeBias", Time since last: 32410256 ns, Reaching safepoint: 4003701 ns, At safepoint: 35895 ns, Total: 4039596 ns
[2020-09-11T14:25:56.467+0000][1][safepoint    ] Safepoint "RevokeBias", Time since last: 2722381 ns, Reaching safepoint: 586217 ns, At safepoint: 22633 ns, Total: 608850 ns
[2020-09-11T14:25:56.472+0000][1][safepoint    ] Safepoint "RevokeBias", Time since last: 925489 ns, Reaching safepoint: 3697827 ns, At safepoint: 28677 ns, Total: 3726504 ns
[2020-09-11T14:25:56.589+0000][1][safepoint    ] Safepoint "Deoptimize", Time since last: 116665671 ns, Reaching safepoint: 174625 ns, At safepoint: 676647 ns, Total: 851272 ns
[2020-09-11T14:25:56.606+0000][1][safepoint    ] Safepoint "Deoptimize", Time since last: 16309132 ns, Reaching safepoint: 149423 ns, At safepoint: 549449 ns, Total: 698872 ns
[2020-09-11T14:25:56.620+0000][1][safepoint    ] Safepoint "Deoptimize", Time since last: 13425884 ns, Reaching safepoint: 149795 ns, At safepoint: 580371 ns, Total: 730166 ns
[2020-09-11T14:25:56.624+0000][1][safepoint    ] Safepoint "Deoptimize", Time since last: 1933157 ns, Reaching safepoint: 1335321 ns, At safepoint: 625901 ns, Total: 1961222 ns
[2020-09-11T14:25:56.632+0000][1][safepoint    ] Safepoint "RevokeBias", Time since last: 7338560 ns, Reaching safepoint: 154575 ns, At safepoint: 23702 ns, Total: 178277 ns
[2020-09-11T14:25:57.632+0000][1][safepoint    ] Safepoint "Cleanup", Time since last: 1000113856 ns, Reaching safepoint: 105800 ns, At safepoint: 7569 ns, Total: 113369 ns
[2020-09-11T14:25:58.632+0000][1][safepoint    ] Safepoint "Cleanup", Time since last: 1000198691 ns, Reaching safepoint: 105004 ns, At safepoint: 8812 ns, Total: 113816 ns
[2020-09-11T14:25:59.633+0000][1][safepoint    ] Safepoint "Cleanup", Time since last: 1001060598 ns, Reaching safepoint: 118686 ns, At safepoint: 7365 ns, Total: 126051 ns
[2020-09-11T14:26:00.634+0000][1][safepoint    ] Safepoint "Cleanup", Time since last: 1000182892 ns, Reaching safepoint: 104950 ns, At safepoint: 7769 ns, Total: 112719 ns
[2020-09-11T14:26:01.634+0000][1][safepoint    ] Safepoint "Cleanup", Time since last: 1000215515 ns, Reaching safepoint: 88219 ns, At safepoint: 7937 ns, Total: 96156 ns
[2020-09-11T14:26:02.634+0000][1][safepoint    ] Safepoint "Cleanup", Time since last: 1000194367 ns, Reaching safepoint: 107989 ns, At safepoint: 8342 ns, Total: 116331 ns
[2020-09-11T14:26:03.635+0000][1][safepoint    ] Safepoint "Cleanup", Time since last: 1000254931 ns, Reaching safepoint: 98832 ns, At safepoint: 10448 ns, Total: 109280 ns
[2020-09-11T14:26:05.635+0000][1][safepoint    ] Safepoint "Cleanup", Time since last: 2000219759 ns, Reaching safepoint: 83560 ns, At safepoint: 6434 ns, Total: 89994 ns
[2020-09-11T14:26:06.635+0000][1][safepoint    ] Safepoint "Cleanup", Time since last: 1000195366 ns, Reaching safepoint: 99039 ns, At safepoint: 7599 ns, Total: 106638 ns
[2020-09-11T14:26:07.636+0000][1][safepoint    ] Safepoint "Cleanup", Time since last: 1000165449 ns, Reaching safepoint: 103955 ns, At safepoint: 11620 ns, Total: 115575 ns
[2020-09-11T14:26:08.636+0000][1][safepoint    ] Safepoint "Cleanup", Time since last: 1000161335 ns, Reaching safepoint: 153696 ns, At safepoint: 21690 ns, Total: 175386 ns
[2020-09-11T14:26:09.636+0000][1][safepoint    ] Safepoint "Cleanup", Time since last: 1000217659 ns, Reaching safepoint: 147712 ns, At safepoint: 18957 ns, Total: 166669 ns
[2020-09-11T14:26:10.637+0000][1][safepoint    ] Safepoint "Cleanup", Time since last: 1000214185 ns, Reaching safepoint: 113008 ns, At safepoint: 7586 ns, Total: 120594 ns
[2020-09-11T14:26:11.637+0000][1][safepoint    ] Safepoint "Cleanup", Time since last: 1000173174 ns, Reaching safepoint: 119356 ns, At safepoint: 9064 ns, Total: 128420 ns
[2020-09-11T14:26:16.638+0000][1][safepoint    ] Safepoint "Cleanup", Time since last: 5000720229 ns, Reaching safepoint: 145474 ns, At safepoint: 17891 ns, Total: 163365 ns
[2020-09-11T14:26:18.638+0000][1][safepoint    ] Safepoint "Cleanup", Time since last: 2000379542 ns, Reaching safepoint: 122070 ns, At safepoint: 7388 ns, Total: 129458 ns
[2020-09-11T14:26:20.743+0000][1][gc,start     ] GC(71) Pause Young (Allocation Failure)
[2020-09-11T14:26:20.743+0000][1][gc,task      ] GC(71) Using 1 workers of 1 for evacuation
[2020-09-11T14:26:20.775+0000][1][gc,age       ] GC(71) Desired survivor size 4358144 bytes, new threshold 6 (max threshold 6)
[2020-09-11T14:26:20.775+0000][1][gc,age       ] GC(71) Age table with threshold 6 (max threshold 6)
[2020-09-11T14:26:20.775+0000][1][gc,age       ] GC(71) - age   1:     761960 bytes,     761960 total
[2020-09-11T14:26:20.775+0000][1][gc,age       ] GC(71) - age   2:      52096 bytes,     814056 total
[2020-09-11T14:26:20.775+0000][1][gc,age       ] GC(71) - age   3:     276192 bytes,    1090248 total
[2020-09-11T14:26:20.775+0000][1][gc,age       ] GC(71) - age   4:    2006392 bytes,    3096640 total
[2020-09-11T14:26:20.775+0000][1][gc,heap      ] GC(71) ParNew: 72432K->4255K(76672K)
[2020-09-11T14:26:20.775+0000][1][gc,heap      ] GC(71) CMS: 99384K->99384K(2011968K)
[2020-09-11T14:26:20.775+0000][1][gc,metaspace ] GC(71) Metaspace: 84572K->84572K(1126400K)
[2020-09-11T14:26:20.776+0000][1][gc           ] GC(71) Pause Young (Allocation Failure) 167M->101M(2039M) 32.958ms
[2020-09-11T14:26:20.776+0000][1][gc,cpu       ] GC(71) User=0.01s Sys=0.00s Real=0.04s
[2020-09-11T14:26:20.776+0000][1][safepoint    ] Safepoint "GenCollectForAllocation", Time since last: 2104098748 ns, Reaching safepoint: 156146 ns, At safepoint: 33938159 ns, Total: 34094305 ns
[2020-09-11T14:26:21.778+0000][1][safepoint    ] Safepoint "Cleanup", Time since last: 1001807884 ns, Reaching safepoint: 135398 ns, At safepoint: 44609 ns, Total: 180007 ns
[2020-09-11T14:26:22.535+0000][1][safepoint    ] Safepoint "RevokeBias", Time since last: 756784039 ns, Reaching safepoint: 157704 ns, At safepoint: 31615 ns, Total: 189319 ns
[2020-09-11T14:26:22.536+0000][1][safepoint    ] Safepoint "RevokeBias", Time since last: 129502 ns, Reaching safepoint: 158924 ns, At safepoint: 21116 ns, Total: 180040 ns
[2020-09-11T14:26:23.536+0000][1][safepoint    ] Safepoint "Cleanup", Time since last: 1000222420 ns, Reaching safepoint: 91171 ns, At safepoint: 6826 ns, Total: 97997 ns
[2020-09-11T14:26:24.536+0000][1][safepoint    ] Safepoint "Cleanup", Time since last: 1000189204 ns, Reaching safepoint: 108953 ns, At safepoint: 6910 ns, Total: 115863 ns
[2020-09-11T14:26:26.537+0000][1][safepoint    ] Safepoint "Cleanup", Time since last: 2000305967 ns, Reaching safepoint: 145143 ns, At safepoint: 18399 ns, Total: 163542 ns
[2020-09-11T14:26:27.537+0000][1][safepoint    ] Safepoint "Cleanup", Time since last: 1000180709 ns, Reaching safepoint: 133772 ns, At safepoint: 8415 ns, Total: 142187 ns
[2020-09-11T14:26:28.537+0000][1][safepoint    ] Safepoint "Cleanup", Time since last: 1000175899 ns, Reaching safepoint: 105681 ns, At safepoint: 7296 ns, Total: 112977 ns
[2020-09-11T14:26:29.682+0000][1][safepoint    ] Safepoint "RevokeBias", Time since last: 1143883161 ns, Reaching safepoint: 157180 ns, At safepoint: 21036 ns, Total: 178216 ns
[2020-09-11T14:26:30.190+0000][1][safepoint    ] Safepoint "RevokeBias", Time since last: 508741722 ns, Reaching safepoint: 79906 ns, At safepoint: 23118 ns, Total: 103024 ns
[2020-09-11T14:26:30.568+0000][1][safepoint    ] Safepoint "RevokeBias", Time since last: 375007978 ns, Reaching safepoint: 2576321 ns, At safepoint: 34525 ns, Total: 2610846 ns
[2020-09-11T14:26:31.568+0000][1][safepoint    ] Safepoint "Cleanup", Time since last: 1000142978 ns, Reaching safepoint: 145581 ns, At safepoint: 16307 ns, Total: 161888 ns
[2020-09-11T14:26:34.569+0000][1][safepoint    ] Safepoint "Cleanup", Time since last: 3000490231 ns, Reaching safepoint: 141945 ns, At safepoint: 18493 ns, Total: 160438 ns
[2020-09-11T14:26:35.569+0000][1][safepoint    ] Safepoint "Cleanup", Time since last: 1000229038 ns, Reaching safepoint: 174420 ns, At safepoint: 18934 ns, Total: 193354 ns
[2020-09-11T14:26:36.570+0000][1][safepoint    ] Safepoint "Cleanup", Time since last: 1000223574 ns, Reaching safepoint: 106156 ns, At safepoint: 6958 ns, Total: 113114 ns
[2020-09-11T14:26:37.570+0000][1][safepoint    ] Safepoint "Cleanup", Time since last: 1000193406 ns, Reaching safepoint: 147595 ns, At safepoint: 18894 ns, Total: 166489 ns
[2020-09-11T14:26:39.571+0000][1][safepoint    ] Safepoint "Cleanup", Time since last: 2000325220 ns, Reaching safepoint: 153161 ns, At safepoint: 17063 ns, Total: 170224 ns
[2020-09-11T14:26:40.571+0000][1][safepoint    ] Safepoint "Cleanup", Time since last: 1000239963 ns, Reaching safepoint: 105366 ns, At safepoint: 7937 ns, Total: 113303 ns
[2020-09-11T14:26:42.571+0000][1][safepoint    ] Safepoint "Cleanup", Time since last: 2000353056 ns, Reaching safepoint: 182498 ns, At safepoint: 17156 ns, Total: 199654 ns
[2020-09-11T14:26:43.572+0000][1][safepoint    ] Safepoint "Cleanup", Time since last: 1000241846 ns, Reaching safepoint: 104735 ns, At safepoint: 6940 ns, Total: 111675 ns
[2020-09-11T14:26:44.572+0000][1][safepoint    ] Safepoint "Cleanup", Time since last: 1000168031 ns, Reaching safepoint: 143850 ns, At safepoint: 17373 ns, Total: 161223 ns
[2020-09-11T14:26:45.572+0000][1][safepoint    ] Safepoint "Cleanup", Time since last: 1000208561 ns, Reaching safepoint: 114897 ns, At safepoint: 6844 ns, Total: 121741 ns
[2020-09-11T14:26:46.573+0000][1][safepoint    ] Safepoint "Cleanup", Time since last: 1000220383 ns, Reaching safepoint: 150425 ns, At safepoint: 17090 ns, Total: 167515 ns
[2020-09-11T14:26:48.573+0000][1][safepoint    ] Safepoint "Cleanup", Time since last: 2000362370 ns, Reaching safepoint: 107280 ns, At safepoint: 7128 ns, Total: 114408 ns
[2020-09-11T14:26:49.574+0000][1][safepoint    ] Safepoint "Cleanup", Time since last: 1000165803 ns, Reaching safepoint: 146820 ns, At safepoint: 17747 ns, Total: 164567 ns
[2020-09-11T14:26:50.574+0000][1][safepoint    ] Safepoint "Cleanup", Time since last: 1000184222 ns, Reaching safepoint: 127265 ns, At safepoint: 6855 ns, Total: 134120 ns
[2020-09-11T14:26:51.574+0000][1][safepoint    ] Safepoint "Cleanup", Time since last: 1000151960 ns, Reaching safepoint: 120758 ns, At safepoint: 7329 ns, Total: 128087 ns
[2020-09-11T14:26:52.575+0000][1][safepoint    ] Safepoint "Cleanup", Time since last: 1000171225 ns, Reaching safepoint: 142897 ns, At safepoint: 19108 ns, Total: 162005 ns
[2020-09-11T14:26:53.575+0000][1][safepoint    ] Safepoint "Cleanup", Time since last: 1000220937 ns, Reaching safepoint: 104764 ns, At safepoint: 7679 ns, Total: 112443 ns
[2020-09-11T14:26:54.575+0000][1][safepoint    ] Safepoint "Cleanup", Time since last: 1000178445 ns, Reaching safepoint: 156028 ns, At safepoint: 19421 ns, Total: 175449 ns
[2020-09-11T14:26:55.576+0000][1][safepoint    ] Safepoint "Cleanup", Time since last: 1000211950 ns, Reaching safepoint: 88877 ns, At safepoint: 6786 ns, Total: 95663 ns
[2020-09-11T14:26:56.576+0000][1][safepoint    ] Safepoint "Cleanup", Time since last: 1000167996 ns, Reaching safepoint: 99287 ns, At safepoint: 8579 ns, Total: 107866 ns
[2020-09-11T14:26:57.576+0000][1][safepoint    ] Safepoint "Cleanup", Time since last: 1000193646 ns, Reaching safepoint: 158019 ns, At safepoint: 18399 ns, Total: 176418 ns
[2020-09-11T14:26:58.577+0000][1][safepoint    ] Safepoint "Cleanup", Time since last: 1000193965 ns, Reaching safepoint: 148871 ns, At safepoint: 17531 ns, Total: 166402 ns
[2020-09-11T14:26:59.577+0000][1][safepoint    ] Safepoint "Cleanup", Time since last: 1000191101 ns, Reaching safepoint: 111521 ns, At safepoint: 6381 ns, Total: 117902 ns
[2020-09-11T14:27:00.577+0000][1][safepoint    ] Safepoint "Cleanup", Time since last: 1000093589 ns, Reaching safepoint: 101170 ns, At safepoint: 6739 ns, Total: 107909 ns
[2020-09-11T14:27:01.577+0000][1][safepoint    ] Safepoint "Cleanup", Time since last: 1000178088 ns, Reaching safepoint: 147675 ns, At safepoint: 18272 ns, Total: 165947 ns
[2020-09-11T14:27:02.578+0000][1][safepoint    ] Safepoint "Cleanup", Time since last: 1000187590 ns, Reaching safepoint: 127032 ns, At safepoint: 16524 ns, Total: 143556 ns
[2020-09-11T14:27:03.578+0000][1][safepoint    ] Safepoint "Cleanup", Time since last: 1000215080 ns, Reaching safepoint: 134482 ns, At safepoint: 17169 ns, Total: 151651 ns
[2020-09-11T14:27:04.580+0000][1][safepoint    ] Safepoint "Cleanup", Time since last: 1001546675 ns, Reaching safepoint: 152660 ns, At safepoint: 17734 ns, Total: 170394 ns
[2020-09-11T14:27:05.580+0000][1][safepoint    ] Safepoint "Cleanup", Time since last: 1000271000 ns, Reaching safepoint: 96176 ns, At safepoint: 6704 ns, Total: 102880 ns
[2020-09-11T14:27:06.581+0000][1][safepoint    ] Safepoint "Cleanup", Time since last: 1000190501 ns, Reaching safepoint: 111679 ns, At safepoint: 7875 ns, Total: 119554 ns
[2020-09-11T14:27:07.582+0000][1][safepoint    ] Safepoint "Cleanup", Time since last: 1001013604 ns, Reaching safepoint: 90116 ns, At safepoint: 6983 ns, Total: 97099 ns
[2020-09-11T14:27:08.582+0000][1][safepoint    ] Safepoint "Cleanup", Time since last: 1000212992 ns, Reaching safepoint: 106321 ns, At safepoint: 7250 ns, Total: 113571 ns
[2020-09-11T14:27:09.582+0000][1][safepoint    ] Safepoint "Cleanup", Time since last: 1000201891 ns, Reaching safepoint: 95822 ns, At safepoint: 7394 ns, Total: 103216 ns
[2020-09-11T14:27:10.583+0000][1][safepoint    ] Safepoint "Cleanup", Time since last: 1000183159 ns, Reaching safepoint: 136777 ns, At safepoint: 17704 ns, Total: 154481 ns
[2020-09-11T14:27:11.583+0000][1][safepoint    ] Safepoint "Cleanup", Time since last: 1000181393 ns, Reaching safepoint: 113554 ns, At safepoint: 7819 ns, Total: 121373 ns
[2020-09-11T14:27:12.584+0000][1][safepoint    ] Safepoint "Cleanup", Time since last: 1000671663 ns, Reaching safepoint: 128502 ns, At safepoint: 16711 ns, Total: 145213 ns
[2020-09-11T14:27:13.584+0000][1][safepoint    ] Safepoint "Cleanup", Time since last: 1000222072 ns, Reaching safepoint: 102308 ns, At safepoint: 7247 ns, Total: 109555 ns
[2020-09-11T14:27:14.584+0000][1][safepoint    ] Safepoint "Cleanup", Time since last: 1000141070 ns, Reaching safepoint: 128932 ns, At safepoint: 16816 ns, Total: 145748 ns
[2020-09-11T14:27:15.585+0000][1][safepoint    ] Safepoint "Cleanup", Time since last: 1000189204 ns, Reaching safepoint: 106555 ns, At safepoint: 6977 ns, Total: 113532 ns
[2020-09-11T14:27:16.585+0000][1][safepoint    ] Safepoint "Cleanup", Time since last: 1000200689 ns, Reaching safepoint: 95824 ns, At safepoint: 6836 ns, Total: 102660 ns
[2020-09-11T14:27:17.586+0000][1][safepoint    ] Safepoint "Cleanup", Time since last: 1000802594 ns, Reaching safepoint: 103267 ns, At safepoint: 6990 ns, Total: 110257 ns
[2020-09-11T14:27:18.586+0000][1][safepoint    ] Safepoint "Cleanup", Time since last: 1000117185 ns, Reaching safepoint: 89004 ns, At safepoint: 10472 ns, Total: 99476 ns
[2020-09-11T14:27:19.586+0000][1][safepoint    ] Safepoint "Cleanup", Time since last: 1000190496 ns, Reaching safepoint: 143168 ns, At safepoint: 17671 ns, Total: 160839 ns
[2020-09-11T14:27:20.268+0000][1][gc,start     ] GC(72) Pause Young (Allocation Failure)
[2020-09-11T14:27:20.268+0000][1][gc,task      ] GC(72) Using 1 workers of 1 for evacuation
[2020-09-11T14:27:20.289+0000][1][gc,age       ] GC(72) Desired survivor size 4358144 bytes, new threshold 6 (max threshold 6)
[2020-09-11T14:27:20.289+0000][1][gc,age       ] GC(72) Age table with threshold 6 (max threshold 6)
[2020-09-11T14:27:20.289+0000][1][gc,age       ] GC(72) - age   1:      48248 bytes,      48248 total
[2020-09-11T14:27:20.289+0000][1][gc,age       ] GC(72) - age   2:     648192 bytes,     696440 total
[2020-09-11T14:27:20.289+0000][1][gc,age       ] GC(72) - age   3:      50792 bytes,     747232 total
[2020-09-11T14:27:20.289+0000][1][gc,age       ] GC(72) - age   4:     273680 bytes,    1020912 total
[2020-09-11T14:27:20.289+0000][1][gc,age       ] GC(72) - age   5:    2006360 bytes,    3027272 total
[2020-09-11T14:27:20.289+0000][1][gc,heap      ] GC(72) ParNew: 72415K->5245K(76672K)
[2020-09-11T14:27:20.289+0000][1][gc,heap      ] GC(72) CMS: 99384K->99384K(2011968K)
[2020-09-11T14:27:20.289+0000][1][gc,metaspace ] GC(72) Metaspace: 84821K->84821K(1126400K)
[2020-09-11T14:27:20.289+0000][1][gc           ] GC(72) Pause Young (Allocation Failure) 167M->102M(2039M) 21.326ms
[2020-09-11T14:27:20.289+0000][1][gc,cpu       ] GC(72) User=0.02s Sys=0.00s Real=0.02s
[2020-09-11T14:27:20.289+0000][1][safepoint    ] Safepoint "GenCollectForAllocation", Time since last: 681122221 ns, Reaching safepoint: 206778 ns, At safepoint: 21397325 ns, Total: 21604103 ns
[2020-09-11T14:27:21.291+0000][1][safepoint    ] Safepoint "Cleanup", Time since last: 1001397370 ns, Reaching safepoint: 141114 ns, At safepoint: 44512 ns, Total: 185626 ns
[2020-09-11T14:27:22.291+0000][1][safepoint    ] Safepoint "Cleanup", Time since last: 1000400168 ns, Reaching safepoint: 123042 ns, At safepoint: 13184 ns, Total: 136226 ns
[2020-09-11T14:27:23.292+0000][1][safepoint    ] Safepoint "Cleanup", Time since last: 1000215496 ns, Reaching safepoint: 70237 ns, At safepoint: 5582 ns, Total: 75819 ns
[2020-09-11T14:27:24.294+0000][1][safepoint    ] Safepoint "Cleanup", Time since last: 1002101336 ns, Reaching safepoint: 159117 ns, At safepoint: 7330 ns, Total: 166447 ns
[2020-09-11T14:27:25.294+0000][1][safepoint    ] Safepoint "Cleanup", Time since last: 1000250310 ns, Reaching safepoint: 71513 ns, At safepoint: 7557 ns, Total: 79070 ns
[2020-09-11T14:27:26.295+0000][1][safepoint    ] Safepoint "Cleanup", Time since last: 1000184739 ns, Reaching safepoint: 145307 ns, At safepoint: 16845 ns, Total: 162152 ns
[2020-09-11T14:27:27.295+0000][1][safepoint    ] Safepoint "Cleanup", Time since last: 1000231389 ns, Reaching safepoint: 110973 ns, At safepoint: 7473 ns, Total: 118446 ns
[2020-09-11T14:27:28.295+0000][1][safepoint    ] Safepoint "Cleanup", Time since last: 1000186713 ns, Reaching safepoint: 107880 ns, At safepoint: 6612 ns, Total: 114492 ns
[2020-09-11T14:27:29.295+0000][1][safepoint    ] Safepoint "Cleanup", Time since last: 1000171514 ns, Reaching safepoint: 116336 ns, At safepoint: 7007 ns, Total: 123343 ns
[2020-09-11T14:27:30.296+0000][1][safepoint    ] Safepoint "Cleanup", Time since last: 1000106646 ns, Reaching safepoint: 182733 ns, At safepoint: 7470 ns, Total: 190203 ns
[2020-09-11T14:27:31.296+0000][1][safepoint    ] Safepoint "Cleanup", Time since last: 1000171550 ns, Reaching safepoint: 167191 ns, At safepoint: 18365 ns, Total: 185556 ns
[2020-09-11T14:27:32.297+0000][1][safepoint    ] Safepoint "Cleanup", Time since last: 1000233065 ns, Reaching safepoint: 129407 ns, At safepoint: 16952 ns, Total: 146359 ns
[2020-09-11T14:27:33.298+0000][1][safepoint    ] Safepoint "Cleanup", Time since last: 1001087004 ns, Reaching safepoint: 134839 ns, At safepoint: 18155 ns, Total: 152994 ns
[2020-09-11T14:27:34.298+0000][1][safepoint    ] Safepoint "Cleanup", Time since last: 1000222587 ns, Reaching safepoint: 137305 ns, At safepoint: 17063 ns, Total: 154368 ns
[2020-09-11T14:27:35.300+0000][1][safepoint    ] Safepoint "Cleanup", Time since last: 1001312304 ns, Reaching safepoint: 246375 ns, At safepoint: 19164 ns, Total: 265539 ns
[2020-09-11T14:27:36.300+0000][1][safepoint    ] Safepoint "Cleanup", Time since last: 1000214132 ns, Reaching safepoint: 116650 ns, At safepoint: 6960 ns, Total: 123610 ns
[2020-09-11T14:27:37.300+0000][1][safepoint    ] Safepoint "Cleanup", Time since last: 1000183198 ns, Reaching safepoint: 89714 ns, At safepoint: 7598 ns, Total: 97312 ns
[2020-09-11T14:27:38.308+0000][1][safepoint    ] Safepoint "Cleanup", Time since last: 1007102239 ns, Reaching safepoint: 146890 ns, At safepoint: 15830 ns, Total: 162720 ns
[2020-09-11T14:27:39.308+0000][1][safepoint    ] Safepoint "Cleanup", Time since last: 1000225258 ns, Reaching safepoint: 154210 ns, At safepoint: 19334 ns, Total: 173544 ns
[2020-09-11T14:27:40.308+0000][1][safepoint    ] Safepoint "Cleanup", Time since last: 1000203606 ns, Reaching safepoint: 134332 ns, At safepoint: 15839 ns, Total: 150171 ns
[2020-09-11T14:27:41.309+0000][1][safepoint    ] Safepoint "Cleanup", Time since last: 1000238308 ns, Reaching safepoint: 96189 ns, At safepoint: 7682 ns, Total: 103871 ns
[2020-09-11T14:27:42.309+0000][1][safepoint    ] Safepoint "Cleanup", Time since last: 1000156218 ns, Reaching safepoint: 114836 ns, At safepoint: 6501 ns, Total: 121337 ns
[2020-09-11T14:27:43.310+0000][1][safepoint    ] Safepoint "Cleanup", Time since last: 1000775650 ns, Reaching safepoint: 146963 ns, At safepoint: 16281 ns, Total: 163244 ns
[2020-09-11T14:27:44.310+0000][1][safepoint    ] Safepoint "Cleanup", Time since last: 1000268306 ns, Reaching safepoint: 138694 ns, At safepoint: 16989 ns, Total: 155683 ns
[2020-09-11T14:27:46.311+0000][1][safepoint    ] Safepoint "Cleanup", Time since last: 2000324439 ns, Reaching safepoint: 82609 ns, At safepoint: 7970 ns, Total: 90579 ns
[2020-09-11T14:27:51.312+0000][1][safepoint    ] Safepoint "Cleanup", Time since last: 5000686160 ns, Reaching safepoint: 144354 ns, At safepoint: 33945 ns, Total: 178299 ns
[2020-09-11T14:27:52.312+0000][1][safepoint    ] Safepoint "Cleanup", Time since last: 1000224298 ns, Reaching safepoint: 102740 ns, At safepoint: 6954 ns, Total: 109694 ns
[2020-09-11T14:27:53.312+0000][1][safepoint    ] Safepoint "Cleanup", Time since last: 1000203238 ns, Reaching safepoint: 109463 ns, At safepoint: 8057 ns, Total: 117520 ns
[2020-09-11T14:27:55.313+0000][1][safepoint    ] Safepoint "Cleanup", Time since last: 2000288409 ns, Reaching safepoint: 105773 ns, At safepoint: 9365 ns, Total: 115138 ns
[2020-09-11T14:27:57.314+0000][1][safepoint    ] Safepoint "Cleanup", Time since last: 2001264962 ns, Reaching safepoint: 143540 ns, At safepoint: 14663 ns, Total: 158203 ns
[2020-09-11T14:27:58.314+0000][1][safepoint    ] Safepoint "Cleanup", Time since last: 1000264248 ns, Reaching safepoint: 79609 ns, At safepoint: 6102 ns, Total: 85711 ns
[2020-09-11T14:28:00.315+0000][1][safepoint    ] Safepoint "Cleanup", Time since last: 2000328811 ns, Reaching safepoint: 114594 ns, At safepoint: 6206 ns, Total: 120800 ns
[2020-09-11T14:28:01.315+0000][1][safepoint    ] Safepoint "Cleanup", Time since last: 1000149332 ns, Reaching safepoint: 147145 ns, At safepoint: 16521 ns, Total: 163666 ns
[2020-09-11T14:28:03.316+0000][1][safepoint    ] Safepoint "Cleanup", Time since last: 2000256085 ns, Reaching safepoint: 119354 ns, At safepoint: 6633 ns, Total: 125987 ns
[2020-09-11T14:28:05.316+0000][1][safepoint    ] Safepoint "Cleanup", Time since last: 2000237175 ns, Reaching safepoint: 120998 ns, At safepoint: 6807 ns, Total: 127805 ns
[2020-09-11T14:28:09.316+0000][1][safepoint    ] Safepoint "Cleanup", Time since last: 4000413289 ns, Reaching safepoint: 117698 ns, At safepoint: 7186 ns, Total: 124884 ns
[2020-09-11T14:28:10.317+0000][1][safepoint    ] Safepoint "Cleanup", Time since last: 1000146221 ns, Reaching safepoint: 142941 ns, At safepoint: 16505 ns, Total: 159446 ns
[2020-09-11T14:28:11.317+0000][1][safepoint    ] Safepoint "Cleanup", Time since last: 1000191508 ns, Reaching safepoint: 123936 ns, At safepoint: 7549 ns, Total: 131485 ns
[2020-09-11T14:28:12.317+0000][1][safepoint    ] Safepoint "Cleanup", Time since last: 1000144393 ns, Reaching safepoint: 138418 ns, At safepoint: 16194 ns, Total: 154612 ns
[2020-09-11T14:28:16.318+0000][1][safepoint    ] Safepoint "Cleanup", Time since last: 4000590721 ns, Reaching safepoint: 117623 ns, At safepoint: 5652 ns, Total: 123275 ns
[2020-09-11T14:28:17.318+0000][1][safepoint    ] Safepoint "Cleanup", Time since last: 1000123776 ns, Reaching safepoint: 100261 ns, At safepoint: 10045 ns, Total: 110306 ns
[2020-09-11T14:28:18.328+0000][1][safepoint    ] Safepoint "Cleanup", Time since last: 1009063176 ns, Reaching safepoint: 187550 ns, At safepoint: 19077 ns, Total: 206627 ns
[2020-09-11T14:28:19.786+0000][1][safepoint    ] Safepoint "Cleanup", Time since last: 1457973739 ns, Reaching safepoint: 167041 ns, At safepoint: 7465 ns, Total: 174506 ns
[2020-09-11T14:28:20.377+0000][1][gc,start     ] GC(73) Pause Young (Allocation Failure)
[2020-09-11T14:28:20.377+0000][1][gc,task      ] GC(73) Using 1 workers of 1 for evacuation
[2020-09-11T14:28:20.399+0000][1][gc,age       ] GC(73) Desired survivor size 4358144 bytes, new threshold 6 (max threshold 6)
[2020-09-11T14:28:20.399+0000][1][gc,age       ] GC(73) Age table with threshold 6 (max threshold 6)
[2020-09-11T14:28:20.399+0000][1][gc,age       ] GC(73) - age   1:      36744 bytes,      36744 total
[2020-09-11T14:28:20.399+0000][1][gc,age       ] GC(73) - age   2:      18632 bytes,      55376 total
[2020-09-11T14:28:20.399+0000][1][gc,age       ] GC(73) - age   3:     646952 bytes,     702328 total
[2020-09-11T14:28:20.399+0000][1][gc,age       ] GC(73) - age   4:      50792 bytes,     753120 total
[2020-09-11T14:28:20.399+0000][1][gc,age       ] GC(73) - age   5:     272376 bytes,    1025496 total
[2020-09-11T14:28:20.399+0000][1][gc,age       ] GC(73) - age   6:    2006360 bytes,    3031856 total
[2020-09-11T14:28:20.399+0000][1][gc,heap      ] GC(73) ParNew: 73405K->3528K(76672K)
[2020-09-11T14:28:20.399+0000][1][gc,heap      ] GC(73) CMS: 99384K->99384K(2011968K)
[2020-09-11T14:28:20.399+0000][1][gc,metaspace ] GC(73) Metaspace: 85024K->85024K(1128448K)
[2020-09-11T14:28:20.399+0000][1][gc           ] GC(73) Pause Young (Allocation Failure) 168M->100M(2039M) 21.416ms
[2020-09-11T14:28:20.399+0000][1][gc,cpu       ] GC(73) User=0.02s Sys=0.00s Real=0.02s
[2020-09-11T14:28:20.399+0000][1][safepoint    ] Safepoint "GenCollectForAllocation", Time since last: 591315308 ns, Reaching safepoint: 194553 ns, At safepoint: 21489354 ns, Total: 21683907 ns
[2020-09-11T14:28:25.403+0000][1][safepoint    ] Safepoint "Cleanup", Time since last: 5003837970 ns, Reaching safepoint: 226970 ns, At safepoint: 8831 ns, Total: 235801 ns
[2020-09-11T14:28:27.406+0000][1][safepoint    ] Safepoint "Cleanup", Time since last: 2003400614 ns, Reaching safepoint: 94965 ns, At safepoint: 6905 ns, Total: 101870 ns
[2020-09-11T14:28:28.407+0000][1][safepoint    ] Safepoint "Cleanup", Time since last: 1000191940 ns, Reaching safepoint: 145628 ns, At safepoint: 17891 ns, Total: 163519 ns
[2020-09-11T14:28:31.407+0000][1][safepoint    ] Safepoint "Cleanup", Time since last: 3000473541 ns, Reaching safepoint: 146252 ns, At safepoint: 18927 ns, Total: 165179 ns
[2020-09-11T14:28:33.408+0000][1][safepoint    ] Safepoint "Cleanup", Time since last: 2000309626 ns, Reaching safepoint: 185389 ns, At safepoint: 16835 ns, Total: 202224 ns
[2020-09-11T14:28:34.408+0000][1][safepoint    ] Safepoint "Cleanup", Time since last: 1000221476 ns, Reaching safepoint: 146636 ns, At safepoint: 17674 ns, Total: 164310 ns
[2020-09-11T14:28:36.409+0000][1][safepoint    ] Safepoint "Cleanup", Time since last: 2000343787 ns, Reaching safepoint: 102098 ns, At safepoint: 7530 ns, Total: 109628 ns
[2020-09-11T14:28:40.409+0000][1][safepoint    ] Safepoint "Cleanup", Time since last: 4000618852 ns, Reaching safepoint: 162697 ns, At safepoint: 18292 ns, Total: 180989 ns
[2020-09-11T14:28:42.410+0000][1][safepoint    ] Safepoint "Cleanup", Time since last: 2000397368 ns, Reaching safepoint: 148621 ns, At safepoint: 17741 ns, Total: 166362 ns
[2020-09-11T14:28:45.411+0000][1][safepoint    ] Safepoint "Cleanup", Time since last: 3000519465 ns, Reaching safepoint: 104365 ns, At safepoint: 7711 ns, Total: 112076 ns
[2020-09-11T14:28:46.411+0000][1][safepoint    ] Safepoint "Cleanup", Time since last: 1000204512 ns, Reaching safepoint: 104385 ns, At safepoint: 7255 ns, Total: 111640 ns
[2020-09-11T14:28:48.412+0000][1][safepoint    ] Safepoint "Cleanup", Time since last: 2000369099 ns, Reaching safepoint: 207500 ns, At safepoint: 17580 ns, Total: 225080 ns
[2020-09-11T14:28:49.412+0000][1][safepoint    ] Safepoint "Cleanup", Time since last: 1000214877 ns, Reaching safepoint: 144445 ns, At safepoint: 18472 ns, Total: 162917 ns
[2020-09-11T14:28:54.413+0000][1][safepoint    ] Safepoint "Cleanup", Time since last: 5000774612 ns, Reaching safepoint: 106510 ns, At safepoint: 6771 ns, Total: 113281 ns
[2020-09-11T14:28:55.413+0000][1][safepoint    ] Safepoint "Cleanup", Time since last: 1000178104 ns, Reaching safepoint: 148885 ns, At safepoint: 18683 ns, Total: 167568 ns
[2020-09-11T14:28:57.414+0000][1][safepoint    ] Safepoint "Cleanup", Time since last: 2000408368 ns, Reaching safepoint: 80117 ns, At safepoint: 6442 ns, Total: 86559 ns
[2020-09-11T14:29:01.414+0000][1][safepoint    ] Safepoint "Cleanup", Time since last: 4000622858 ns, Reaching safepoint: 145120 ns, At safepoint: 18338 ns, Total: 163458 ns
[2020-09-11T14:29:02.415+0000][1][safepoint    ] Safepoint "Cleanup", Time since last: 1000227984 ns, Reaching safepoint: 140552 ns, At safepoint: 16956 ns, Total: 157508 ns
[2020-09-11T14:29:04.415+0000][1][safepoint    ] Safepoint "Cleanup", Time since last: 2000394158 ns, Reaching safepoint: 125822 ns, At safepoint: 5856 ns, Total: 131678 ns
[2020-09-11T14:29:06.416+0000][1][safepoint    ] Safepoint "Cleanup", Time since last: 2000304905 ns, Reaching safepoint: 151564 ns, At safepoint: 17594 ns, Total: 169158 ns
[2020-09-11T14:29:07.416+0000][1][safepoint    ] Safepoint "Cleanup", Time since last: 1000235344 ns, Reaching safepoint: 149453 ns, At safepoint: 19321 ns, Total: 168774 ns
[2020-09-11T14:29:12.417+0000][1][safepoint    ] Safepoint "Cleanup", Time since last: 5000782771 ns, Reaching safepoint: 107448 ns, At safepoint: 6779 ns, Total: 114227 ns
[2020-09-11T14:29:15.418+0000][1][safepoint    ] Safepoint "Cleanup", Time since last: 3000411479 ns, Reaching safepoint: 145343 ns, At safepoint: 19251 ns, Total: 164594 ns
[2020-09-11T14:29:16.418+0000][1][safepoint    ] Safepoint "Cleanup", Time since last: 1000216015 ns, Reaching safepoint: 113172 ns, At safepoint: 6406 ns, Total: 119578 ns
[2020-09-11T14:29:18.419+0000][1][safepoint    ] Safepoint "Cleanup", Time since last: 2000316024 ns, Reaching safepoint: 143526 ns, At safepoint: 16762 ns, Total: 160288 ns
[2020-09-11T14:29:19.419+0000][1][safepoint    ] Safepoint "Cleanup", Time since last: 1000180424 ns, Reaching safepoint: 142962 ns, At safepoint: 16317 ns, Total: 159279 ns
[2020-09-11T14:29:20.485+0000][1][gc,start     ] GC(74) Pause Young (Allocation Failure)
[2020-09-11T14:29:20.485+0000][1][gc,task      ] GC(74) Using 1 workers of 1 for evacuation
[2020-09-11T14:29:20.507+0000][1][gc,age       ] GC(74) Desired survivor size 4358144 bytes, new threshold 6 (max threshold 6)
[2020-09-11T14:29:20.507+0000][1][gc,age       ] GC(74) Age table with threshold 6 (max threshold 6)
[2020-09-11T14:29:20.507+0000][1][gc,age       ] GC(74) - age   1:      40384 bytes,      40384 total
[2020-09-11T14:29:20.507+0000][1][gc,age       ] GC(74) - age   2:       5592 bytes,      45976 total
[2020-09-11T14:29:20.507+0000][1][gc,age       ] GC(74) - age   3:      18600 bytes,      64576 total
[2020-09-11T14:29:20.507+0000][1][gc,age       ] GC(74) - age   4:     643520 bytes,     708096 total
[2020-09-11T14:29:20.507+0000][1][gc,age       ] GC(74) - age   5:      50792 bytes,     758888 total
[2020-09-11T14:29:20.507+0000][1][gc,age       ] GC(74) - age   6:     272344 bytes,    1031232 total
[2020-09-11T14:29:20.507+0000][1][gc,heap      ] GC(74) ParNew: 71688K->2661K(76672K)
[2020-09-11T14:29:20.507+0000][1][gc,heap      ] GC(74) CMS: 99384K->101389K(2011968K)
[2020-09-11T14:29:20.507+0000][1][gc,metaspace ] GC(74) Metaspace: 85203K->85203K(1128448K)
[2020-09-11T14:29:20.507+0000][1][gc           ] GC(74) Pause Young (Allocation Failure) 167M->101M(2039M) 22.272ms
[2020-09-11T14:29:20.507+0000][1][gc,cpu       ] GC(74) User=0.02s Sys=0.00s Real=0.02s
[2020-09-11T14:29:20.507+0000][1][safepoint    ] Safepoint "GenCollectForAllocation", Time since last: 1066054680 ns, Reaching safepoint: 191866 ns, At safepoint: 22342597 ns, Total: 22534463 ns
[2020-09-11T14:29:21.509+0000][1][safepoint    ] Safepoint "Cleanup", Time since last: 1001203094 ns, Reaching safepoint: 139350 ns, At safepoint: 13725 ns, Total: 153075 ns
[2020-09-11T14:29:25.510+0000][1][safepoint    ] Safepoint "Cleanup", Time since last: 4000502632 ns, Reaching safepoint: 237184 ns, At safepoint: 17193 ns, Total: 254377 ns
[2020-09-11T14:29:26.510+0000][1][safepoint    ] Safepoint "Cleanup", Time since last: 1000232726 ns, Reaching safepoint: 142784 ns, At safepoint: 16996 ns, Total: 159780 ns
[2020-09-11T14:29:27.510+0000][1][safepoint    ] Safepoint "Cleanup", Time since last: 1000194350 ns, Reaching safepoint: 152035 ns, At safepoint: 16608 ns, Total: 168643 ns
[2020-09-11T14:29:30.840+0000][1][safepoint    ] Safepoint "RevokeBias", Time since last: 3329042565 ns, Reaching safepoint: 133329 ns, At safepoint: 22773 ns, Total: 156102 ns
[2020-09-11T14:29:30.865+0000][1][safepoint    ] Safepoint "RevokeBias", Time since last: 25169947 ns, Reaching safepoint: 148535 ns, At safepoint: 19870 ns, Total: 168405 ns
[2020-09-11T14:29:30.867+0000][1][safepoint    ] Safepoint "RevokeBias", Time since last: 181719 ns, Reaching safepoint: 1659609 ns, At safepoint: 28356 ns, Total: 1687965 ns
[2020-09-11T14:29:30.867+0000][1][safepoint    ] Safepoint "RevokeBias", Time since last: 68225 ns, Reaching safepoint: 115665 ns, At safepoint: 12920 ns, Total: 128585 ns
[2020-09-11T14:29:30.867+0000][1][safepoint    ] Safepoint "RevokeBias", Time since last: 43982 ns, Reaching safepoint: 98319 ns, At safepoint: 13948 ns, Total: 112267 ns
[2020-09-11T14:29:30.868+0000][1][safepoint    ] Safepoint "RevokeBias", Time since last: 874507 ns, Reaching safepoint: 109926 ns, At safepoint: 15329 ns, Total: 125255 ns
[2020-09-11T14:29:31.869+0000][1][safepoint    ] Safepoint "Cleanup", Time since last: 1000591227 ns, Reaching safepoint: 145678 ns, At safepoint: 16100 ns, Total: 161778 ns
[2020-09-11T14:29:32.282+0000][1][safepoint    ] Safepoint "RevokeBias", Time since last: 412141793 ns, Reaching safepoint: 951101 ns, At safepoint: 23698 ns, Total: 974799 ns
[2020-09-11T14:29:32.283+0000][1][safepoint    ] Safepoint "RevokeBias", Time since last: 784320 ns, Reaching safepoint: 701704 ns, At safepoint: 19083 ns, Total: 720787 ns
[2020-09-11T14:29:32.291+0000][1][safepoint    ] Safepoint "RevokeBias", Time since last: 7237724 ns, Reaching safepoint: 399138 ns, At safepoint: 23104 ns, Total: 422242 ns
[2020-09-11T14:29:32.291+0000][1][safepoint    ] Safepoint "RevokeBias", Time since last: 90238 ns, Reaching safepoint: 197186 ns, At safepoint: 14534 ns, Total: 211720 ns
[2020-09-11T14:29:32.292+0000][1][safepoint    ] Safepoint "RevokeBias", Time since last: 47737 ns, Reaching safepoint: 822392 ns, At safepoint: 26247 ns, Total: 848639 ns
[2020-09-11T14:29:32.294+0000][1][safepoint    ] Safepoint "RevokeBias", Time since last: 485817 ns, Reaching safepoint: 1484243 ns, At safepoint: 27793 ns, Total: 1512036 ns
[2020-09-11T14:29:32.295+0000][1][safepoint    ] Safepoint "RevokeBias", Time since last: 356457 ns, Reaching safepoint: 371148 ns, At safepoint: 14801 ns, Total: 385949 ns
[2020-09-11T14:29:32.303+0000][1][safepoint    ] Safepoint "RevokeBias", Time since last: 7877626 ns, Reaching safepoint: 220918 ns, At safepoint: 22182 ns, Total: 243100 ns
[2020-09-11T14:29:32.313+0000][1][safepoint    ] Safepoint "RevokeBias", Time since last: 8452093 ns, Reaching safepoint: 1293895 ns, At safepoint: 23853 ns, Total: 1317748 ns
[2020-09-11T14:29:32.316+0000][1][safepoint    ] Safepoint "RevokeBias", Time since last: 2867819 ns, Reaching safepoint: 223919 ns, At safepoint: 18858 ns, Total: 242777 ns
[2020-09-11T14:29:32.317+0000][1][safepoint    ] Safepoint "RevokeBias", Time since last: 68924 ns, Reaching safepoint: 650409 ns, At safepoint: 14636 ns, Total: 665045 ns
[2020-09-11T14:29:32.317+0000][1][safepoint    ] Safepoint "RevokeBias", Time since last: 53658 ns, Reaching safepoint: 240743 ns, At safepoint: 12954 ns, Total: 253697 ns
[2020-09-11T14:29:32.318+0000][1][safepoint    ] Safepoint "RevokeBias", Time since last: 45505 ns, Reaching safepoint: 1067107 ns, At safepoint: 20835 ns, Total: 1087942 ns
[2020-09-11T14:29:32.320+0000][1][safepoint    ] Safepoint "RevokeBias", Time since last: 844082 ns, Reaching safepoint: 392623 ns, At safepoint: 20170 ns, Total: 412793 ns
[2020-09-11T14:29:32.531+0000][1][safepoint    ] Safepoint "RevokeBias", Time since last: 208962064 ns, Reaching safepoint: 2795267 ns, At safepoint: 20619 ns, Total: 2815886 ns
[2020-09-11T14:29:32.532+0000][1][safepoint    ] Safepoint "RevokeBias", Time since last: 416831 ns, Reaching safepoint: 103612 ns, At safepoint: 12951 ns, Total: 116563 ns
[2020-09-11T14:29:32.544+0000][1][safepoint    ] Safepoint "RevokeBias", Time since last: 11947862 ns, Reaching safepoint: 604894 ns, At safepoint: 22780 ns, Total: 627674 ns
[2020-09-11T14:29:32.545+0000][1][safepoint    ] Safepoint "RevokeBias", Time since last: 257610 ns, Reaching safepoint: 107425 ns, At safepoint: 14056 ns, Total: 121481 ns
[2020-09-11T14:29:32.545+0000][1][safepoint    ] Safepoint "RevokeBias", Time since last: 64019 ns, Reaching safepoint: 103815 ns, At safepoint: 12269 ns, Total: 116084 ns
[2020-09-11T14:29:32.545+0000][1][safepoint    ] Safepoint "RevokeBias", Time since last: 41736 ns, Reaching safepoint: 100606 ns, At safepoint: 11152 ns, Total: 111758 ns
[2020-09-11T14:29:32.545+0000][1][safepoint    ] Safepoint "RevokeBias", Time since last: 187041 ns, Reaching safepoint: 104271 ns, At safepoint: 11954 ns, Total: 116225 ns
[2020-09-11T14:29:32.567+0000][1][safepoint    ] Safepoint "RevokeBias", Time since last: 21458350 ns, Reaching safepoint: 151951 ns, At safepoint: 21480 ns, Total: 173431 ns
[2020-09-11T14:29:32.567+0000][1][safepoint    ] Safepoint "RevokeBias", Time since last: 87676 ns, Reaching safepoint: 101802 ns, At safepoint: 12935 ns, Total: 114737 ns
[2020-09-11T14:29:32.567+0000][1][safepoint    ] Safepoint "RevokeBias", Time since last: 56532 ns, Reaching safepoint: 107868 ns, At safepoint: 11396 ns, Total: 119264 ns
[2020-09-11T14:29:32.568+0000][1][safepoint    ] Safepoint "RevokeBias", Time since last: 39242 ns, Reaching safepoint: 100525 ns, At safepoint: 11061 ns, Total: 111586 ns
[2020-09-11T14:29:32.568+0000][1][safepoint    ] Safepoint "RevokeBias", Time since last: 51483 ns, Reaching safepoint: 99176 ns, At safepoint: 10659 ns, Total: 109835 ns
[2020-09-11T14:29:32.568+0000][1][safepoint    ] Safepoint "RevokeBias", Time since last: 119400 ns, Reaching safepoint: 101748 ns, At safepoint: 11099 ns, Total: 112847 ns
[2020-09-11T14:29:32.573+0000][1][safepoint    ] Safepoint "RevokeBias", Time since last: 4801415 ns, Reaching safepoint: 143578 ns, At safepoint: 20725 ns, Total: 164303 ns
[2020-09-11T14:29:32.634+0000][1][safepoint    ] Safepoint "RevokeBias", Time since last: 61312054 ns, Reaching safepoint: 144855 ns, At safepoint: 42588 ns, Total: 187443 ns
[2020-09-11T14:29:33.635+0000][1][safepoint    ] Safepoint "Cleanup", Time since last: 1000230763 ns, Reaching safepoint: 100459 ns, At safepoint: 6946 ns, Total: 107405 ns
[2020-09-11T14:29:34.635+0000][1][safepoint    ] Safepoint "Cleanup", Time since last: 1000183716 ns, Reaching safepoint: 93334 ns, At safepoint: 6464 ns, Total: 99798 ns
[2020-09-11T14:29:35.635+0000][1][safepoint    ] Safepoint "Cleanup", Time since last: 1000182288 ns, Reaching safepoint: 90147 ns, At safepoint: 6968 ns, Total: 97115 ns
[2020-09-11T14:29:36.636+0000][1][safepoint    ] Safepoint "Cleanup", Time since last: 1000185077 ns, Reaching safepoint: 95694 ns, At safepoint: 6497 ns, Total: 102191 ns
[2020-09-11T14:29:37.636+0000][1][safepoint    ] Safepoint "Cleanup", Time since last: 1000200444 ns, Reaching safepoint: 131271 ns, At safepoint: 16815 ns, Total: 148086 ns
[2020-09-11T14:29:38.637+0000][1][safepoint    ] Safepoint "Cleanup", Time since last: 1001087534 ns, Reaching safepoint: 127656 ns, At safepoint: 13798 ns, Total: 141454 ns
[2020-09-11T14:29:39.638+0000][1][safepoint    ] Safepoint "Cleanup", Time since last: 1000190949 ns, Reaching safepoint: 141929 ns, At safepoint: 16715 ns, Total: 158644 ns
[2020-09-11T14:29:40.638+0000][1][safepoint    ] Safepoint "Cleanup", Time since last: 1000171412 ns, Reaching safepoint: 72051 ns, At safepoint: 6297 ns, Total: 78348 ns
[2020-09-11T14:29:41.638+0000][1][safepoint    ] Safepoint "Cleanup", Time since last: 1000137337 ns, Reaching safepoint: 85303 ns, At safepoint: 6804 ns, Total: 92107 ns
[2020-09-11T14:29:42.658+0000][1][safepoint    ] Safepoint "Cleanup", Time since last: 1019545781 ns, Reaching safepoint: 110484 ns, At safepoint: 7300 ns, Total: 117784 ns
[2020-09-11T14:29:43.658+0000][1][safepoint    ] Safepoint "Cleanup", Time since last: 1000180472 ns, Reaching safepoint: 94283 ns, At safepoint: 6636 ns, Total: 100919 ns
[2020-09-11T14:29:44.658+0000][1][safepoint    ] Safepoint "Cleanup", Time since last: 1000201873 ns, Reaching safepoint: 94789 ns, At safepoint: 7095 ns, Total: 101884 ns
[2020-09-11T14:29:45.659+0000][1][safepoint    ] Safepoint "Cleanup", Time since last: 1000207487 ns, Reaching safepoint: 96653 ns, At safepoint: 7074 ns, Total: 103727 ns
[2020-09-11T14:29:46.659+0000][1][safepoint    ] Safepoint "Cleanup", Time since last: 1000181403 ns, Reaching safepoint: 153702 ns, At safepoint: 18282 ns, Total: 171984 ns
[2020-09-11T14:29:47.659+0000][1][safepoint    ] Safepoint "Cleanup", Time since last: 1000210098 ns, Reaching safepoint: 100379 ns, At safepoint: 7841 ns, Total: 108220 ns
[2020-09-11T14:29:48.660+0000][1][safepoint    ] Safepoint "Cleanup", Time since last: 1000172628 ns, Reaching safepoint: 97651 ns, At safepoint: 6374 ns, Total: 104025 ns
[2020-09-11T14:29:49.660+0000][1][safepoint    ] Safepoint "Cleanup", Time since last: 1000141536 ns, Reaching safepoint: 208823 ns, At safepoint: 18048 ns, Total: 226871 ns
[2020-09-11T14:29:50.660+0000][1][safepoint    ] Safepoint "Cleanup", Time since last: 1000212512 ns, Reaching safepoint: 91976 ns, At safepoint: 7321 ns, Total: 99297 ns
[2020-09-11T14:29:51.661+0000][1][safepoint    ] Safepoint "Cleanup", Time since last: 1000191678 ns, Reaching safepoint: 148050 ns, At safepoint: 18051 ns, Total: 166101 ns
[2020-09-11T14:29:52.661+0000][1][safepoint    ] Safepoint "Cleanup", Time since last: 1000217148 ns, Reaching safepoint: 140225 ns, At safepoint: 9523 ns, Total: 149748 ns
[2020-09-11T14:29:53.661+0000][1][safepoint    ] Safepoint "Cleanup", Time since last: 1000143228 ns, Reaching safepoint: 137790 ns, At safepoint: 16564 ns, Total: 154354 ns
[2020-09-11T14:29:54.662+0000][1][safepoint    ] Safepoint "Cleanup", Time since last: 1000227475 ns, Reaching safepoint: 99688 ns, At safepoint: 6270 ns, Total: 105958 ns
[2020-09-11T14:29:55.662+0000][1][safepoint    ] Safepoint "Cleanup", Time since last: 1000184213 ns, Reaching safepoint: 126092 ns, At safepoint: 17136 ns, Total: 143228 ns
[2020-09-11T14:29:56.662+0000][1][safepoint    ] Safepoint "Cleanup", Time since last: 1000211070 ns, Reaching safepoint: 146703 ns, At safepoint: 16398 ns, Total: 163101 ns
[2020-09-11T14:29:57.663+0000][1][safepoint    ] Safepoint "Cleanup", Time since last: 1000193161 ns, Reaching safepoint: 147746 ns, At safepoint: 18318 ns, Total: 166064 ns
[2020-09-11T14:29:58.663+0000][1][safepoint    ] Safepoint "Cleanup", Time since last: 1000222740 ns, Reaching safepoint: 128128 ns, At safepoint: 16818 ns, Total: 144946 ns
[2020-09-11T14:29:59.663+0000][1][safepoint    ] Safepoint "Cleanup", Time since last: 1000221959 ns, Reaching safepoint: 166455 ns, At safepoint: 16291 ns, Total: 182746 ns
[2020-09-11T14:30:00.664+0000][1][safepoint    ] Safepoint "Cleanup", Time since last: 1000220270 ns, Reaching safepoint: 136193 ns, At safepoint: 17446 ns, Total: 153639 ns
[2020-09-11T14:30:01.664+0000][1][safepoint    ] Safepoint "Cleanup", Time since last: 1000220376 ns, Reaching safepoint: 127352 ns, At safepoint: 16565 ns, Total: 143917 ns
[2020-09-11T14:30:02.665+0000][1][safepoint    ] Safepoint "Cleanup", Time since last: 1000225087 ns, Reaching safepoint: 127627 ns, At safepoint: 17610 ns, Total: 145237 ns
[2020-09-11T14:30:03.666+0000][1][safepoint    ] Safepoint "Cleanup", Time since last: 1000961977 ns, Reaching safepoint: 137569 ns, At safepoint: 17985 ns, Total: 155554 ns
[2020-09-11T14:30:04.666+0000][1][safepoint    ] Safepoint "Cleanup", Time since last: 1000237669 ns, Reaching safepoint: 92063 ns, At safepoint: 6842 ns, Total: 98905 ns
[2020-09-11T14:30:05.666+0000][1][safepoint    ] Safepoint "Cleanup", Time since last: 1000182475 ns, Reaching safepoint: 125898 ns, At safepoint: 17614 ns, Total: 143512 ns
[2020-09-11T14:30:06.667+0000][1][safepoint    ] Safepoint "Cleanup", Time since last: 1000207554 ns, Reaching safepoint: 141010 ns, At safepoint: 17129 ns, Total: 158139 ns
[2020-09-11T14:30:07.667+0000][1][safepoint    ] Safepoint "Cleanup", Time since last: 1000211996 ns, Reaching safepoint: 138287 ns, At safepoint: 17747 ns, Total: 156034 ns
[2020-09-11T14:30:08.668+0000][1][safepoint    ] Safepoint "Cleanup", Time since last: 1000907382 ns, Reaching safepoint: 135969 ns, At safepoint: 16975 ns, Total: 152944 ns
[2020-09-11T14:30:09.668+0000][1][safepoint    ] Safepoint "Cleanup", Time since last: 1000215216 ns, Reaching safepoint: 128675 ns, At safepoint: 16401 ns, Total: 145076 ns
[2020-09-11T14:30:10.586+0000][1][gc,start     ] GC(75) Pause Young (Allocation Failure)
[2020-09-11T14:30:10.586+0000][1][gc,task      ] GC(75) Using 1 workers of 1 for evacuation
[2020-09-11T14:30:10.602+0000][1][gc,age       ] GC(75) Desired survivor size 4358144 bytes, new threshold 6 (max threshold 6)
[2020-09-11T14:30:10.602+0000][1][gc,age       ] GC(75) Age table with threshold 6 (max threshold 6)
[2020-09-11T14:30:10.602+0000][1][gc,age       ] GC(75) - age   1:     131840 bytes,     131840 total
[2020-09-11T14:30:10.602+0000][1][gc,age       ] GC(75) - age   2:       9752 bytes,     141592 total
[2020-09-11T14:30:10.602+0000][1][gc,age       ] GC(75) - age   3:       4352 bytes,     145944 total
[2020-09-11T14:30:10.602+0000][1][gc,age       ] GC(75) - age   4:      18536 bytes,     164480 total
[2020-09-11T14:30:10.602+0000][1][gc,age       ] GC(75) - age   5:     640200 bytes,     804680 total
[2020-09-11T14:30:10.602+0000][1][gc,age       ] GC(75) - age   6:      50624 bytes,     855304 total
[2020-09-11T14:30:10.602+0000][1][gc,heap      ] GC(75) ParNew: 70821K->917K(76672K)
[2020-09-11T14:30:10.602+0000][1][gc,heap      ] GC(75) CMS: 101389K->101647K(2011968K)
[2020-09-11T14:30:10.602+0000][1][gc,metaspace ] GC(75) Metaspace: 85327K->85327K(1128448K)
[2020-09-11T14:30:10.602+0000][1][gc           ] GC(75) Pause Young (Allocation Failure) 168M->100M(2039M) 16.950ms
[2020-09-11T14:30:10.602+0000][1][gc,cpu       ] GC(75) User=0.02s Sys=0.00s Real=0.01s
[2020-09-11T14:30:10.603+0000][1][safepoint    ] Safepoint "GenCollectForAllocation", Time since last: 916847968 ns, Reaching safepoint: 189661 ns, At safepoint: 17013484 ns, Total: 17203145 ns
[2020-09-11T14:30:11.606+0000][1][safepoint    ] Safepoint "Cleanup", Time since last: 1002970564 ns, Reaching safepoint: 193034 ns, At safepoint: 18181 ns, Total: 211215 ns
[2020-09-11T14:30:12.606+0000][1][safepoint    ] Safepoint "Cleanup", Time since last: 1000186617 ns, Reaching safepoint: 117451 ns, At safepoint: 6270 ns, Total: 123721 ns
[2020-09-11T14:30:13.606+0000][1][safepoint    ] Safepoint "Cleanup", Time since last: 1000181531 ns, Reaching safepoint: 128233 ns, At safepoint: 14702 ns, Total: 142935 ns
[2020-09-11T14:30:14.607+0000][1][safepoint    ] Safepoint "Cleanup", Time since last: 1000171464 ns, Reaching safepoint: 99722 ns, At safepoint: 6309 ns, Total: 106031 ns
[2020-09-11T14:30:15.607+0000][1][safepoint    ] Safepoint "Cleanup", Time since last: 1000142792 ns, Reaching safepoint: 232654 ns, At safepoint: 17317 ns, Total: 249971 ns
[2020-09-11T14:30:16.607+0000][1][safepoint    ] Safepoint "Cleanup", Time since last: 1000217669 ns, Reaching safepoint: 146349 ns, At safepoint: 76893 ns, Total: 223242 ns
[2020-09-11T14:30:17.608+0000][1][safepoint    ] Safepoint "Cleanup", Time since last: 1000196192 ns, Reaching safepoint: 110316 ns, At safepoint: 7269 ns, Total: 117585 ns
[2020-09-11T14:30:18.608+0000][1][safepoint    ] Safepoint "Cleanup", Time since last: 1000145476 ns, Reaching safepoint: 113425 ns, At safepoint: 5988 ns, Total: 119413 ns
[2020-09-11T14:30:19.608+0000][1][safepoint    ] Safepoint "Cleanup", Time since last: 1000168663 ns, Reaching safepoint: 141194 ns, At safepoint: 37292 ns, Total: 178486 ns
[2020-09-11T14:30:20.609+0000][1][safepoint    ] Safepoint "Cleanup", Time since last: 1000221767 ns, Reaching safepoint: 147445 ns, At safepoint: 17009 ns, Total: 164454 ns
[2020-09-11T14:30:21.609+0000][1][safepoint    ] Safepoint "Cleanup", Time since last: 1000218034 ns, Reaching safepoint: 142704 ns, At safepoint: 17323 ns, Total: 160027 ns
[2020-09-11T14:30:22.611+0000][1][safepoint    ] Safepoint "Cleanup", Time since last: 1001360487 ns, Reaching safepoint: 95044 ns, At safepoint: 6153 ns, Total: 101197 ns
[2020-09-11T14:30:23.611+0000][1][safepoint    ] Safepoint "Cleanup", Time since last: 1000111039 ns, Reaching safepoint: 76023 ns, At safepoint: 7058 ns, Total: 83081 ns
[2020-09-11T14:30:24.611+0000][1][safepoint    ] Safepoint "Cleanup", Time since last: 1000176619 ns, Reaching safepoint: 138525 ns, At safepoint: 15976 ns, Total: 154501 ns
[2020-09-11T14:30:25.612+0000][1][safepoint    ] Safepoint "Cleanup", Time since last: 1000243809 ns, Reaching safepoint: 178944 ns, At safepoint: 16274 ns, Total: 195218 ns
[2020-09-11T14:30:26.612+0000][1][safepoint    ] Safepoint "Cleanup", Time since last: 1000180438 ns, Reaching safepoint: 168570 ns, At safepoint: 18937 ns, Total: 187507 ns
[2020-09-11T14:30:27.613+0000][1][safepoint    ] Safepoint "Cleanup", Time since last: 1001120321 ns, Reaching safepoint: 101848 ns, At safepoint: 7784 ns, Total: 109632 ns
[2020-09-11T14:30:28.613+0000][1][safepoint    ] Safepoint "Cleanup", Time since last: 1000185222 ns, Reaching safepoint: 104684 ns, At safepoint: 6312 ns, Total: 110996 ns
[2020-09-11T14:30:29.614+0000][1][safepoint    ] Safepoint "Cleanup", Time since last: 1000194800 ns, Reaching safepoint: 140562 ns, At safepoint: 17738 ns, Total: 158300 ns
[2020-09-11T14:30:31.614+0000][1][safepoint    ] Safepoint "Cleanup", Time since last: 2000367682 ns, Reaching safepoint: 154368 ns, At safepoint: 18255 ns, Total: 172623 ns
[2020-09-11T14:30:32.616+0000][1][safepoint    ] Safepoint "Cleanup", Time since last: 1001093933 ns, Reaching safepoint: 141123 ns, At safepoint: 17554 ns, Total: 158677 ns
[2020-09-11T14:30:35.616+0000][1][safepoint    ] Safepoint "Cleanup", Time since last: 3000432706 ns, Reaching safepoint: 142828 ns, At safepoint: 16805 ns, Total: 159633 ns
[2020-09-11T14:30:36.617+0000][1][safepoint    ] Safepoint "Cleanup", Time since last: 1000197633 ns, Reaching safepoint: 142036 ns, At safepoint: 16976 ns, Total: 159012 ns
[2020-09-11T14:30:38.617+0000][1][safepoint    ] Safepoint "Cleanup", Time since last: 2000337640 ns, Reaching safepoint: 152480 ns, At safepoint: 17390 ns, Total: 169870 ns
[2020-09-11T14:30:39.617+0000][1][safepoint    ] Safepoint "Cleanup", Time since last: 1000189194 ns, Reaching safepoint: 184941 ns, At safepoint: 20735 ns, Total: 205676 ns
[2020-09-11T14:30:41.618+0000][1][safepoint    ] Safepoint "Cleanup", Time since last: 2000335782 ns, Reaching safepoint: 145701 ns, At safepoint: 18599 ns, Total: 164300 ns
[2020-09-11T14:30:42.618+0000][1][safepoint    ] Safepoint "Cleanup", Time since last: 1000206719 ns, Reaching safepoint: 113494 ns, At safepoint: 7663 ns, Total: 121157 ns
[2020-09-11T14:30:47.619+0000][1][safepoint    ] Safepoint "Cleanup", Time since last: 5000825812 ns, Reaching safepoint: 102502 ns, At safepoint: 7882 ns, Total: 110384 ns
[2020-09-11T14:30:49.620+0000][1][safepoint    ] Safepoint "Cleanup", Time since last: 2000352050 ns, Reaching safepoint: 147375 ns, At safepoint: 18038 ns, Total: 165413 ns
[2020-09-11T14:30:51.620+0000][1][safepoint    ] Safepoint "Cleanup", Time since last: 2000356193 ns, Reaching safepoint: 96462 ns, At safepoint: 7519 ns, Total: 103981 ns
[2020-09-11T14:30:52.620+0000][1][safepoint    ] Safepoint "Cleanup", Time since last: 1000191836 ns, Reaching safepoint: 91466 ns, At safepoint: 6764 ns, Total: 98230 ns
[2020-09-11T14:30:55.621+0000][1][safepoint    ] Safepoint "Cleanup", Time since last: 3000455669 ns, Reaching safepoint: 148087 ns, At safepoint: 18589 ns, Total: 166676 ns
[2020-09-11T14:30:57.201+0000][1][safepoint    ] Safepoint "Cleanup", Time since last: 1579886689 ns, Reaching safepoint: 182087 ns, At safepoint: 20397 ns, Total: 202484 ns
[2020-09-11T14:30:58.202+0000][1][safepoint    ] Safepoint "Cleanup", Time since last: 1000183719 ns, Reaching safepoint: 133854 ns, At safepoint: 17156 ns, Total: 151010 ns
[2020-09-11T14:31:00.202+0000][1][safepoint    ] Safepoint "Cleanup", Time since last: 2000309295 ns, Reaching safepoint: 79313 ns, At safepoint: 7783 ns, Total: 87096 ns
[2020-09-11T14:31:01.202+0000][1][safepoint    ] Safepoint "Cleanup", Time since last: 1000183496 ns, Reaching safepoint: 128575 ns, At safepoint: 16792 ns, Total: 145367 ns
[2020-09-11T14:31:02.203+0000][1][safepoint    ] Safepoint "Cleanup", Time since last: 1000197313 ns, Reaching safepoint: 101750 ns, At safepoint: 7163 ns, Total: 108913 ns
[2020-09-11T14:31:03.203+0000][1][safepoint    ] Safepoint "Cleanup", Time since last: 1000163182 ns, Reaching safepoint: 115030 ns, At safepoint: 7248 ns, Total: 122278 ns
[2020-09-11T14:31:04.203+0000][1][safepoint    ] Safepoint "Cleanup", Time since last: 1000092577 ns, Reaching safepoint: 74365 ns, At safepoint: 6671 ns, Total: 81036 ns
[2020-09-11T14:31:05.203+0000][1][safepoint    ] Safepoint "Cleanup", Time since last: 1000173877 ns, Reaching safepoint: 90842 ns, At safepoint: 6645 ns, Total: 97487 ns
[2020-09-11T14:31:06.204+0000][1][safepoint    ] Safepoint "Cleanup", Time since last: 1000175105 ns, Reaching safepoint: 87126 ns, At safepoint: 7960 ns, Total: 95086 ns
[2020-09-11T14:31:07.204+0000][1][safepoint    ] Safepoint "Cleanup", Time since last: 1000202879 ns, Reaching safepoint: 122795 ns, At safepoint: 17062 ns, Total: 139857 ns
[2020-09-11T14:31:08.204+0000][1][safepoint    ] Safepoint "Cleanup", Time since last: 1000133585 ns, Reaching safepoint: 77088 ns, At safepoint: 9142 ns, Total: 86230 ns
[2020-09-11T14:31:09.204+0000][1][safepoint    ] Safepoint "Cleanup", Time since last: 1000125330 ns, Reaching safepoint: 130963 ns, At safepoint: 12622 ns, Total: 143585 ns
[2020-09-11T14:31:10.205+0000][1][safepoint    ] Safepoint "Cleanup", Time since last: 1000126937 ns, Reaching safepoint: 74051 ns, At safepoint: 8844 ns, Total: 82895 ns
[2020-09-11T14:31:10.691+0000][1][gc,start     ] GC(76) Pause Young (Allocation Failure)
[2020-09-11T14:31:10.691+0000][1][gc,task      ] GC(76) Using 1 workers of 1 for evacuation
[2020-09-11T14:31:10.726+0000][1][gc,age       ] GC(76) Desired survivor size 4358144 bytes, new threshold 6 (max threshold 6)
[2020-09-11T14:31:10.726+0000][1][gc,age       ] GC(76) Age table with threshold 6 (max threshold 6)
[2020-09-11T14:31:10.726+0000][1][gc,age       ] GC(76) - age   1:      39224 bytes,      39224 total
[2020-09-11T14:31:10.726+0000][1][gc,age       ] GC(76) - age   2:      99152 bytes,     138376 total
[2020-09-11T14:31:10.726+0000][1][gc,age       ] GC(76) - age   3:       9560 bytes,     147936 total
[2020-09-11T14:31:10.726+0000][1][gc,age       ] GC(76) - age   4:       4352 bytes,     152288 total
[2020-09-11T14:31:10.726+0000][1][gc,age       ] GC(76) - age   5:      18536 bytes,     170824 total
[2020-09-11T14:31:10.726+0000][1][gc,age       ] GC(76) - age   6:     637840 bytes,     808664 total
[2020-09-11T14:31:10.726+0000][1][gc,heap      ] GC(76) ParNew: 69077K->855K(76672K)
[2020-09-11T14:31:10.726+0000][1][gc,heap      ] GC(76) CMS: 101647K->101697K(2011968K)
[2020-09-11T14:31:10.726+0000][1][gc,metaspace ] GC(76) Metaspace: 85630K->85630K(1128448K)
[2020-09-11T14:31:10.726+0000][1][gc           ] GC(76) Pause Young (Allocation Failure) 166M->100M(2039M) 34.704ms
[2020-09-11T14:31:10.726+0000][1][gc,cpu       ] GC(76) User=0.02s Sys=0.00s Real=0.04s
[2020-09-11T14:31:10.731+0000][1][safepoint    ] Safepoint "GenCollectForAllocation", Time since last: 486327969 ns, Reaching safepoint: 139967 ns, At safepoint: 40351693 ns, Total: 40491660 ns
[2020-09-11T14:31:11.738+0000][1][safepoint    ] Safepoint "Cleanup", Time since last: 1006107940 ns, Reaching safepoint: 66049 ns, At safepoint: 7157 ns, Total: 73206 ns
[2020-09-11T14:31:12.738+0000][1][safepoint    ] Safepoint "Cleanup", Time since last: 1000116624 ns, Reaching safepoint: 142461 ns, At safepoint: 8405 ns, Total: 150866 ns
[2020-09-11T14:31:13.738+0000][1][safepoint    ] Safepoint "Cleanup", Time since last: 1000104989 ns, Reaching safepoint: 63193 ns, At safepoint: 7452 ns, Total: 70645 ns
[2020-09-11T14:31:14.738+0000][1][safepoint    ] Safepoint "Cleanup", Time since last: 1000105232 ns, Reaching safepoint: 69561 ns, At safepoint: 7837 ns, Total: 77398 ns
[2020-09-11T14:31:15.744+0000][1][safepoint    ] Safepoint "Cleanup", Time since last: 1005232958 ns, Reaching safepoint: 143161 ns, At safepoint: 8693 ns, Total: 151854 ns
[2020-09-11T14:31:16.744+0000][1][safepoint    ] Safepoint "Cleanup", Time since last: 1000100681 ns, Reaching safepoint: 76582 ns, At safepoint: 5610 ns, Total: 82192 ns
[2020-09-11T14:31:17.744+0000][1][safepoint    ] Safepoint "Cleanup", Time since last: 1000130557 ns, Reaching safepoint: 78281 ns, At safepoint: 7056 ns, Total: 85337 ns
[2020-09-11T14:31:18.748+0000][1][safepoint    ] Safepoint "Cleanup", Time since last: 1003659024 ns, Reaching safepoint: 232637 ns, At safepoint: 7474 ns, Total: 240111 ns
[2020-09-11T14:31:19.748+0000][1][safepoint    ] Safepoint "Cleanup", Time since last: 1000109802 ns, Reaching safepoint: 102668 ns, At safepoint: 8804 ns, Total: 111472 ns
[2020-09-11T14:31:20.749+0000][1][safepoint    ] Safepoint "Cleanup", Time since last: 1001007194 ns, Reaching safepoint: 75696 ns, At safepoint: 7734 ns, Total: 83430 ns
[2020-09-11T14:31:21.749+0000][1][safepoint    ] Safepoint "Cleanup", Time since last: 1000116797 ns, Reaching safepoint: 77533 ns, At safepoint: 8745 ns, Total: 86278 ns
[2020-09-11T14:31:22.750+0000][1][safepoint    ] Safepoint "Cleanup", Time since last: 1000106355 ns, Reaching safepoint: 68431 ns, At safepoint: 5867 ns, Total: 74298 ns
[2020-09-11T14:31:23.750+0000][1][safepoint    ] Safepoint "Cleanup", Time since last: 1000107211 ns, Reaching safepoint: 61517 ns, At safepoint: 6211 ns, Total: 67728 ns
[2020-09-11T14:31:24.750+0000][1][safepoint    ] Safepoint "Cleanup", Time since last: 1000096548 ns, Reaching safepoint: 60671 ns, At safepoint: 5532 ns, Total: 66203 ns
[2020-09-11T14:31:25.750+0000][1][safepoint    ] Safepoint "Cleanup", Time since last: 1000106366 ns, Reaching safepoint: 61212 ns, At safepoint: 6380 ns, Total: 67592 ns
[2020-09-11T14:31:26.750+0000][1][safepoint    ] Safepoint "Cleanup", Time since last: 1000122913 ns, Reaching safepoint: 143631 ns, At safepoint: 7852 ns, Total: 151483 ns
[2020-09-11T14:31:27.751+0000][1][safepoint    ] Safepoint "Cleanup", Time since last: 1000157138 ns, Reaching safepoint: 68857 ns, At safepoint: 7035 ns, Total: 75892 ns
[2020-09-11T14:31:28.751+0000][1][safepoint    ] Safepoint "Cleanup", Time since last: 1000185526 ns, Reaching safepoint: 62165 ns, At safepoint: 5193 ns, Total: 67358 ns
[2020-09-11T14:31:29.751+0000][1][safepoint    ] Safepoint "Cleanup", Time since last: 1000192599 ns, Reaching safepoint: 61194 ns, At safepoint: 5712 ns, Total: 66906 ns
[2020-09-11T14:31:30.753+0000][1][safepoint    ] Safepoint "Cleanup", Time since last: 1000268754 ns, Reaching safepoint: 1594258 ns, At safepoint: 10787 ns, Total: 1605045 ns
[2020-09-11T14:31:31.753+0000][1][safepoint    ] Safepoint "Cleanup", Time since last: 1000113936 ns, Reaching safepoint: 74015 ns, At safepoint: 7324 ns, Total: 81339 ns
[2020-09-11T14:31:32.753+0000][1][safepoint    ] Safepoint "Cleanup", Time since last: 1000102820 ns, Reaching safepoint: 71422 ns, At safepoint: 7059 ns, Total: 78481 ns
[2020-09-11T14:31:33.754+0000][1][safepoint    ] Safepoint "Cleanup", Time since last: 1000114361 ns, Reaching safepoint: 78270 ns, At safepoint: 9423 ns, Total: 87693 ns
[2020-09-11T14:31:34.754+0000][1][safepoint    ] Safepoint "Cleanup", Time since last: 1000105749 ns, Reaching safepoint: 73876 ns, At safepoint: 9299 ns, Total: 83175 ns
[2020-09-11T14:31:35.755+0000][1][safepoint    ] Safepoint "Cleanup", Time since last: 1000104122 ns, Reaching safepoint: 1571145 ns, At safepoint: 8803 ns, Total: 1579948 ns
[2020-09-11T14:31:36.756+0000][1][safepoint    ] Safepoint "Cleanup", Time since last: 1000100872 ns, Reaching safepoint: 73703 ns, At safepoint: 6440 ns, Total: 80143 ns
[2020-09-11T14:31:37.756+0000][1][safepoint    ] Safepoint "Cleanup", Time since last: 1000107420 ns, Reaching safepoint: 71469 ns, At safepoint: 7222 ns, Total: 78691 ns
[2020-09-11T14:31:38.759+0000][1][safepoint    ] Safepoint "Cleanup", Time since last: 1002719144 ns, Reaching safepoint: 76831 ns, At safepoint: 9326 ns, Total: 86157 ns
[2020-09-11T14:31:39.759+0000][1][safepoint    ] Safepoint "Cleanup", Time since last: 1000111963 ns, Reaching safepoint: 93618 ns, At safepoint: 9521 ns, Total: 103139 ns
[2020-09-11T14:31:40.759+0000][1][safepoint    ] Safepoint "Cleanup", Time since last: 1000113667 ns, Reaching safepoint: 493599 ns, At safepoint: 10099 ns, Total: 503698 ns
[2020-09-11T14:31:41.760+0000][1][safepoint    ] Safepoint "Cleanup", Time since last: 1000128223 ns, Reaching safepoint: 73323 ns, At safepoint: 9508 ns, Total: 82831 ns
[2020-09-11T14:31:42.760+0000][1][safepoint    ] Safepoint "Cleanup", Time since last: 1000116702 ns, Reaching safepoint: 74715 ns, At safepoint: 10524 ns, Total: 85239 ns
[2020-09-11T14:31:43.760+0000][1][safepoint    ] Safepoint "Cleanup", Time since last: 1000115027 ns, Reaching safepoint: 72178 ns, At safepoint: 6652 ns, Total: 78830 ns
[2020-09-11T14:31:44.760+0000][1][safepoint    ] Safepoint "Cleanup", Time since last: 1000109140 ns, Reaching safepoint: 75480 ns, At safepoint: 9123 ns, Total: 84603 ns
[2020-09-11T14:31:45.760+0000][1][safepoint    ] Safepoint "Cleanup", Time since last: 1000117958 ns, Reaching safepoint: 75783 ns, At safepoint: 7817 ns, Total: 83600 ns
[2020-09-11T14:31:46.761+0000][1][safepoint    ] Safepoint "Cleanup", Time since last: 1000113862 ns, Reaching safepoint: 74604 ns, At safepoint: 8548 ns, Total: 83152 ns
[2020-09-11T14:31:47.761+0000][1][safepoint    ] Safepoint "Cleanup", Time since last: 1000073427 ns, Reaching safepoint: 78305 ns, At safepoint: 9832 ns, Total: 88137 ns
[2020-09-11T14:31:48.761+0000][1][safepoint    ] Safepoint "Cleanup", Time since last: 1000111990 ns, Reaching safepoint: 71077 ns, At safepoint: 7864 ns, Total: 78941 ns
[2020-09-11T14:31:49.761+0000][1][safepoint    ] Safepoint "Cleanup", Time since last: 1000187415 ns, Reaching safepoint: 150876 ns, At safepoint: 18843 ns, Total: 169719 ns
[2020-09-11T14:31:50.762+0000][1][safepoint    ] Safepoint "Cleanup", Time since last: 1000162456 ns, Reaching safepoint: 73027 ns, At safepoint: 6254 ns, Total: 79281 ns
[2020-09-11T14:31:51.762+0000][1][safepoint    ] Safepoint "Cleanup", Time since last: 1000201280 ns, Reaching safepoint: 147245 ns, At safepoint: 18435 ns, Total: 165680 ns
[2020-09-11T14:31:52.762+0000][1][safepoint    ] Safepoint "Cleanup", Time since last: 1000255201 ns, Reaching safepoint: 153098 ns, At safepoint: 19698 ns, Total: 172796 ns
[2020-09-11T14:31:53.763+0000][1][safepoint    ] Safepoint "Cleanup", Time since last: 1000224779 ns, Reaching safepoint: 107431 ns, At safepoint: 8576 ns, Total: 116007 ns
[2020-09-11T14:31:54.763+0000][1][safepoint    ] Safepoint "Cleanup", Time since last: 1000175706 ns, Reaching safepoint: 93874 ns, At safepoint: 6351 ns, Total: 100225 ns
[2020-09-11T14:31:55.763+0000][1][safepoint    ] Safepoint "Cleanup", Time since last: 1000175008 ns, Reaching safepoint: 89938 ns, At safepoint: 7199 ns, Total: 97137 ns
[2020-09-11T14:31:56.764+0000][1][safepoint    ] Safepoint "Cleanup", Time since last: 1000333354 ns, Reaching safepoint: 157859 ns, At safepoint: 17961 ns, Total: 175820 ns
[2020-09-11T14:31:57.764+0000][1][safepoint    ] Safepoint "Cleanup", Time since last: 1000216328 ns, Reaching safepoint: 128168 ns, At safepoint: 18813 ns, Total: 146981 ns
[2020-09-11T14:31:58.765+0000][1][safepoint    ] Safepoint "Cleanup", Time since last: 1000250142 ns, Reaching safepoint: 134125 ns, At safepoint: 16811 ns, Total: 150936 ns
[2020-09-11T14:31:59.765+0000][1][safepoint    ] Safepoint "Cleanup", Time since last: 1000238957 ns, Reaching safepoint: 129838 ns, At safepoint: 16915 ns, Total: 146753 ns
[2020-09-11T14:32:01.766+0000][1][safepoint    ] Safepoint "Cleanup", Time since last: 2000374549 ns, Reaching safepoint: 162098 ns, At safepoint: 18887 ns, Total: 180985 ns
[2020-09-11T14:32:02.766+0000][1][safepoint    ] Safepoint "Cleanup", Time since last: 1000248872 ns, Reaching safepoint: 95347 ns, At safepoint: 7014 ns, Total: 102361 ns
[2020-09-11T14:32:04.766+0000][1][safepoint    ] Safepoint "Cleanup", Time since last: 2000283440 ns, Reaching safepoint: 138551 ns, At safepoint: 15606 ns, Total: 154157 ns
[2020-09-11T14:32:07.767+0000][1][safepoint    ] Safepoint "Cleanup", Time since last: 3000463730 ns, Reaching safepoint: 109559 ns, At safepoint: 8354 ns, Total: 117913 ns
[2020-09-11T14:32:08.670+0000][1][gc,start     ] GC(77) Pause Young (Allocation Failure)
[2020-09-11T14:32:08.670+0000][1][gc,task      ] GC(77) Using 1 workers of 1 for evacuation
[2020-09-11T14:32:08.687+0000][1][gc,age       ] GC(77) Desired survivor size 4358144 bytes, new threshold 6 (max threshold 6)
[2020-09-11T14:32:08.687+0000][1][gc,age       ] GC(77) Age table with threshold 6 (max threshold 6)
[2020-09-11T14:32:08.687+0000][1][gc,age       ] GC(77) - age   1:     167168 bytes,     167168 total
[2020-09-11T14:32:08.687+0000][1][gc,age       ] GC(77) - age   2:      10720 bytes,     177888 total
[2020-09-11T14:32:08.687+0000][1][gc,age       ] GC(77) - age   3:      96816 bytes,     274704 total
[2020-09-11T14:32:08.687+0000][1][gc,age       ] GC(77) - age   4:       9560 bytes,     284264 total
[2020-09-11T14:32:08.687+0000][1][gc,age       ] GC(77) - age   5:       4352 bytes,     288616 total
[2020-09-11T14:32:08.687+0000][1][gc,age       ] GC(77) - age   6:      17296 bytes,     305912 total
[2020-09-11T14:32:08.687+0000][1][gc,heap      ] GC(77) ParNew: 69015K->806K(76672K)
[2020-09-11T14:32:08.687+0000][1][gc,heap      ] GC(77) CMS: 101697K->102341K(2011968K)
[2020-09-11T14:32:08.687+0000][1][gc,metaspace ] GC(77) Metaspace: 85738K->85738K(1128448K)
[2020-09-11T14:32:08.687+0000][1][gc           ] GC(77) Pause Young (Allocation Failure) 166M->100M(2039M) 16.828ms
[2020-09-11T14:32:08.687+0000][1][gc,cpu       ] GC(77) User=0.01s Sys=0.00s Real=0.02s
[2020-09-11T14:32:08.688+0000][1][safepoint    ] Safepoint "GenCollectForAllocation", Time since last: 902796901 ns, Reaching safepoint: 220680 ns, At safepoint: 18548446 ns, Total: 18769126 ns
[2020-09-11T14:32:10.690+0000][1][safepoint    ] Safepoint "Cleanup", Time since last: 2001101675 ns, Reaching safepoint: 162078 ns, At safepoint: 16869 ns, Total: 178947 ns
[2020-09-11T14:32:12.690+0000][1][safepoint    ] Safepoint "Cleanup", Time since last: 2000535731 ns, Reaching safepoint: 150134 ns, At safepoint: 15402 ns, Total: 165536 ns
[2020-09-11T14:32:13.691+0000][1][safepoint    ] Safepoint "Cleanup", Time since last: 1000240796 ns, Reaching safepoint: 162209 ns, At safepoint: 20610 ns, Total: 182819 ns
[2020-09-11T14:32:16.692+0000][1][safepoint    ] Safepoint "Cleanup", Time since last: 3000495916 ns, Reaching safepoint: 159322 ns, At safepoint: 15793 ns, Total: 175115 ns
[2020-09-11T14:32:19.692+0000][1][safepoint    ] Safepoint "Cleanup", Time since last: 3000472131 ns, Reaching safepoint: 108819 ns, At safepoint: 6804 ns, Total: 115623 ns
[2020-09-11T14:32:21.693+0000][1][safepoint    ] Safepoint "Cleanup", Time since last: 2000319997 ns, Reaching safepoint: 91236 ns, At safepoint: 7824 ns, Total: 99060 ns
[2020-09-11T14:32:22.693+0000][1][safepoint    ] Safepoint "Cleanup", Time since last: 1000172731 ns, Reaching safepoint: 110502 ns, At safepoint: 7528 ns, Total: 118030 ns
[2020-09-11T14:32:23.693+0000][1][safepoint    ] Safepoint "Cleanup", Time since last: 1000176796 ns, Reaching safepoint: 93515 ns, At safepoint: 7860 ns, Total: 101375 ns
[2020-09-11T14:32:24.693+0000][1][safepoint    ] Safepoint "Cleanup", Time since last: 1000141806 ns, Reaching safepoint: 166321 ns, At safepoint: 6313 ns, Total: 172634 ns
[2020-09-11T14:32:25.694+0000][1][safepoint    ] Safepoint "Cleanup", Time since last: 1000171591 ns, Reaching safepoint: 104832 ns, At safepoint: 8322 ns, Total: 113154 ns
[2020-09-11T14:32:26.694+0000][1][safepoint    ] Safepoint "Cleanup", Time since last: 1000205683 ns, Reaching safepoint: 97132 ns, At safepoint: 7122 ns, Total: 104254 ns
[2020-09-11T14:32:27.694+0000][1][safepoint    ] Safepoint "Cleanup", Time since last: 1000196655 ns, Reaching safepoint: 92891 ns, At safepoint: 8425 ns, Total: 101316 ns
[2020-09-11T14:32:28.695+0000][1][safepoint    ] Safepoint "Cleanup", Time since last: 1000178458 ns, Reaching safepoint: 98713 ns, At safepoint: 7501 ns, Total: 106214 ns
[2020-09-11T14:32:29.695+0000][1][safepoint    ] Safepoint "Cleanup", Time since last: 1000171169 ns, Reaching safepoint: 97930 ns, At safepoint: 6921 ns, Total: 104851 ns
[2020-09-11T14:32:30.695+0000][1][safepoint    ] Safepoint "Cleanup", Time since last: 1000183233 ns, Reaching safepoint: 93808 ns, At safepoint: 7859 ns, Total: 101667 ns
[2020-09-11T14:32:31.695+0000][1][safepoint    ] Safepoint "Cleanup", Time since last: 1000254937 ns, Reaching safepoint: 66821 ns, At safepoint: 6827 ns, Total: 73648 ns
[2020-09-11T14:32:32.696+0000][1][safepoint    ] Safepoint "Cleanup", Time since last: 1000108962 ns, Reaching safepoint: 207616 ns, At safepoint: 7653 ns, Total: 215269 ns
[2020-09-11T14:32:33.697+0000][1][safepoint    ] Safepoint "Cleanup", Time since last: 1000564636 ns, Reaching safepoint: 144729 ns, At safepoint: 17293 ns, Total: 162022 ns
[2020-09-11T14:32:34.697+0000][1][safepoint    ] Safepoint "Cleanup", Time since last: 1000209328 ns, Reaching safepoint: 107934 ns, At safepoint: 7278 ns, Total: 115212 ns
[2020-09-11T14:32:35.697+0000][1][safepoint    ] Safepoint "Cleanup", Time since last: 1000175530 ns, Reaching safepoint: 132858 ns, At safepoint: 17768 ns, Total: 150626 ns
[2020-09-11T14:32:36.698+0000][1][safepoint    ] Safepoint "Cleanup", Time since last: 1000237060 ns, Reaching safepoint: 115018 ns, At safepoint: 8459 ns, Total: 123477 ns
[2020-09-11T14:32:37.698+0000][1][safepoint    ] Safepoint "Cleanup", Time since last: 1000179689 ns, Reaching safepoint: 97770 ns, At safepoint: 8834 ns, Total: 106604 ns
[2020-09-11T14:32:38.698+0000][1][safepoint    ] Safepoint "Cleanup", Time since last: 1000197781 ns, Reaching safepoint: 98140 ns, At safepoint: 8480 ns, Total: 106620 ns
[2020-09-11T14:32:39.698+0000][1][safepoint    ] Safepoint "Cleanup", Time since last: 1000189248 ns, Reaching safepoint: 135637 ns, At safepoint: 18550 ns, Total: 154187 ns
[2020-09-11T14:32:40.699+0000][1][safepoint    ] Safepoint "Cleanup", Time since last: 1000238617 ns, Reaching safepoint: 90546 ns, At safepoint: 7819 ns, Total: 98365 ns
[2020-09-11T14:32:41.699+0000][1][safepoint    ] Safepoint "Cleanup", Time since last: 1000186803 ns, Reaching safepoint: 87350 ns, At safepoint: 7751 ns, Total: 95101 ns
[2020-09-11T14:32:42.699+0000][1][safepoint    ] Safepoint "Cleanup", Time since last: 1000156875 ns, Reaching safepoint: 108517 ns, At safepoint: 30847 ns, Total: 139364 ns
[2020-09-11T14:32:43.700+0000][1][safepoint    ] Safepoint "Cleanup", Time since last: 1000149074 ns, Reaching safepoint: 119286 ns, At safepoint: 7891 ns, Total: 127177 ns
[2020-09-11T14:32:44.700+0000][1][safepoint    ] Safepoint "Cleanup", Time since last: 1000112620 ns, Reaching safepoint: 77173 ns, At safepoint: 8289 ns, Total: 85462 ns
[2020-09-11T14:32:45.701+0000][1][safepoint    ] Safepoint "Cleanup", Time since last: 1000882094 ns, Reaching safepoint: 84891 ns, At safepoint: 9432 ns, Total: 94323 ns
[2020-09-11T14:32:46.701+0000][1][safepoint    ] Safepoint "Cleanup", Time since last: 1000170272 ns, Reaching safepoint: 141024 ns, At safepoint: 17734 ns, Total: 158758 ns
[2020-09-11T14:32:47.702+0000][1][safepoint    ] Safepoint "Cleanup", Time since last: 1000230916 ns, Reaching safepoint: 93430 ns, At safepoint: 7592 ns, Total: 101022 ns
[2020-09-11T14:32:48.702+0000][1][safepoint    ] Safepoint "Cleanup", Time since last: 1000184862 ns, Reaching safepoint: 98207 ns, At safepoint: 7421 ns, Total: 105628 ns
[2020-09-11T14:32:49.702+0000][1][safepoint    ] Safepoint "Cleanup", Time since last: 1000145815 ns, Reaching safepoint: 140062 ns, At safepoint: 18175 ns, Total: 158237 ns
[2020-09-11T14:32:50.702+0000][1][safepoint    ] Safepoint "Cleanup", Time since last: 1000235307 ns, Reaching safepoint: 100467 ns, At safepoint: 6629 ns, Total: 107096 ns
[2020-09-11T14:32:51.703+0000][1][safepoint    ] Safepoint "Cleanup", Time since last: 1000195975 ns, Reaching safepoint: 131378 ns, At safepoint: 18141 ns, Total: 149519 ns
[2020-09-11T14:32:52.703+0000][1][safepoint    ] Safepoint "Cleanup", Time since last: 1000216804 ns, Reaching safepoint: 132270 ns, At safepoint: 17083 ns, Total: 149353 ns
[2020-09-11T14:32:53.704+0000][1][safepoint    ] Safepoint "Cleanup", Time since last: 1000411511 ns, Reaching safepoint: 132160 ns, At safepoint: 16668 ns, Total: 148828 ns
[2020-09-11T14:32:54.704+0000][1][safepoint    ] Safepoint "Cleanup", Time since last: 1000157384 ns, Reaching safepoint: 101177 ns, At safepoint: 7639 ns, Total: 108816 ns
[2020-09-11T14:32:55.704+0000][1][safepoint    ] Safepoint "Cleanup", Time since last: 1000203578 ns, Reaching safepoint: 132858 ns, At safepoint: 18038 ns, Total: 150896 ns
[2020-09-11T14:32:56.705+0000][1][safepoint    ] Safepoint "Cleanup", Time since last: 1000217460 ns, Reaching safepoint: 166573 ns, At safepoint: 17560 ns, Total: 184133 ns
[2020-09-11T14:32:57.705+0000][1][safepoint    ] Safepoint "Cleanup", Time since last: 1000220633 ns, Reaching safepoint: 100187 ns, At safepoint: 8482 ns, Total: 108669 ns
[2020-09-11T14:32:58.705+0000][1][safepoint    ] Safepoint "Cleanup", Time since last: 1000174876 ns, Reaching safepoint: 141705 ns, At safepoint: 18061 ns, Total: 159766 ns
[2020-09-11T14:32:59.706+0000][1][safepoint    ] Safepoint "Cleanup", Time since last: 1000212508 ns, Reaching safepoint: 105967 ns, At safepoint: 7379 ns, Total: 113346 ns
[2020-09-11T14:33:00.706+0000][1][safepoint    ] Safepoint "Cleanup", Time since last: 1000185676 ns, Reaching safepoint: 143388 ns, At safepoint: 17698 ns, Total: 161086 ns
[2020-09-11T14:33:01.706+0000][1][safepoint    ] Safepoint "Cleanup", Time since last: 1000258354 ns, Reaching safepoint: 130716 ns, At safepoint: 17400 ns, Total: 148116 ns
[2020-09-11T14:33:02.707+0000][1][safepoint    ] Safepoint "Cleanup", Time since last: 1000215807 ns, Reaching safepoint: 131345 ns, At safepoint: 17741 ns, Total: 149086 ns
[2020-09-11T14:33:03.707+0000][1][safepoint    ] Safepoint "Cleanup", Time since last: 1000178021 ns, Reaching safepoint: 115573 ns, At safepoint: 8211 ns, Total: 123784 ns
[2020-09-11T14:33:04.707+0000][1][safepoint    ] Safepoint "Cleanup", Time since last: 1000122625 ns, Reaching safepoint: 74526 ns, At safepoint: 7059 ns, Total: 81585 ns
[2020-09-11T14:33:05.708+0000][1][safepoint    ] Safepoint "Cleanup", Time since last: 1000675948 ns, Reaching safepoint: 97257 ns, At safepoint: 8315 ns, Total: 105572 ns
[2020-09-11T14:33:05.849+0000][1][gc,start     ] GC(78) Pause Young (Allocation Failure)
[2020-09-11T14:33:05.849+0000][1][gc,task      ] GC(78) Using 1 workers of 1 for evacuation
[2020-09-11T14:33:05.862+0000][1][gc,age       ] GC(78) Desired survivor size 4358144 bytes, new threshold 6 (max threshold 6)
[2020-09-11T14:33:05.862+0000][1][gc,age       ] GC(78) Age table with threshold 6 (max threshold 6)
[2020-09-11T14:33:05.862+0000][1][gc,age       ] GC(78) - age   1:      36408 bytes,      36408 total
[2020-09-11T14:33:05.862+0000][1][gc,age       ] GC(78) - age   2:      30576 bytes,      66984 total
[2020-09-11T14:33:05.862+0000][1][gc,age       ] GC(78) - age   3:       9480 bytes,      76464 total
[2020-09-11T14:33:05.862+0000][1][gc,age       ] GC(78) - age   4:      96816 bytes,     173280 total
[2020-09-11T14:33:05.862+0000][1][gc,age       ] GC(78) - age   5:       9560 bytes,     182840 total
[2020-09-11T14:33:05.862+0000][1][gc,age       ] GC(78) - age   6:       4352 bytes,     187192 total
[2020-09-11T14:33:05.862+0000][1][gc,heap      ] GC(78) ParNew: 68966K->276K(76672K)
[2020-09-11T14:33:05.862+0000][1][gc,heap      ] GC(78) CMS: 102341K->102358K(2011968K)
[2020-09-11T14:33:05.862+0000][1][gc,metaspace ] GC(78) Metaspace: 85770K->85770K(1128448K)
[2020-09-11T14:33:05.862+0000][1][gc           ] GC(78) Pause Young (Allocation Failure) 167M->100M(2039M) 13.604ms
[2020-09-11T14:33:05.863+0000][1][gc,cpu       ] GC(78) User=0.01s Sys=0.00s Real=0.01s
[2020-09-11T14:33:05.863+0000][1][safepoint    ] Safepoint "GenCollectForAllocation", Time since last: 140563680 ns, Reaching safepoint: 179092 ns, At safepoint: 13664908 ns, Total: 13844000 ns
[2020-09-11T14:33:06.865+0000][1][safepoint    ] Safepoint "Cleanup", Time since last: 1002754192 ns, Reaching safepoint: 81655 ns, At safepoint: 5827 ns, Total: 87482 ns
[2020-09-11T14:33:07.866+0000][1][safepoint    ] Safepoint "Cleanup", Time since last: 1000288426 ns, Reaching safepoint: 62267 ns, At safepoint: 5048 ns, Total: 67315 ns
[2020-09-11T14:33:08.866+0000][1][safepoint    ] Safepoint "Cleanup", Time since last: 1000268775 ns, Reaching safepoint: 62389 ns, At safepoint: 4803 ns, Total: 67192 ns
[2020-09-11T14:33:09.866+0000][1][safepoint    ] Safepoint "Cleanup", Time since last: 1000259901 ns, Reaching safepoint: 85623 ns, At safepoint: 6160 ns, Total: 91783 ns
[2020-09-11T14:33:10.867+0000][1][safepoint    ] Safepoint "Cleanup", Time since last: 1000126791 ns, Reaching safepoint: 118045 ns, At safepoint: 14403 ns, Total: 132448 ns
[2020-09-11T14:33:11.867+0000][1][safepoint    ] Safepoint "Cleanup", Time since last: 1000184318 ns, Reaching safepoint: 120837 ns, At safepoint: 15392 ns, Total: 136229 ns
[2020-09-11T14:33:12.867+0000][1][safepoint    ] Safepoint "Cleanup", Time since last: 1000166896 ns, Reaching safepoint: 131338 ns, At safepoint: 15001 ns, Total: 146339 ns
[2020-09-11T14:33:13.868+0000][1][safepoint    ] Safepoint "Cleanup", Time since last: 1000218296 ns, Reaching safepoint: 117867 ns, At safepoint: 15686 ns, Total: 133553 ns
[2020-09-11T14:33:14.868+0000][1][safepoint    ] Safepoint "Cleanup", Time since last: 1000195011 ns, Reaching safepoint: 136125 ns, At safepoint: 18286 ns, Total: 154411 ns
[2020-09-11T14:33:15.869+0000][1][safepoint    ] Safepoint "Cleanup", Time since last: 1001299324 ns, Reaching safepoint: 123590 ns, At safepoint: 17139 ns, Total: 140729 ns
[2020-09-11T14:33:16.870+0000][1][safepoint    ] Safepoint "Cleanup", Time since last: 1000274414 ns, Reaching safepoint: 118753 ns, At safepoint: 17948 ns, Total: 136701 ns
[2020-09-11T14:33:17.870+0000][1][safepoint    ] Safepoint "Cleanup", Time since last: 1000178027 ns, Reaching safepoint: 127620 ns, At safepoint: 16514 ns, Total: 144134 ns
[2020-09-11T14:33:18.871+0000][1][safepoint    ] Safepoint "Cleanup", Time since last: 1000225101 ns, Reaching safepoint: 128428 ns, At safepoint: 18158 ns, Total: 146586 ns
[2020-09-11T14:33:19.871+0000][1][safepoint    ] Safepoint "Cleanup", Time since last: 1000221098 ns, Reaching safepoint: 130950 ns, At safepoint: 18048 ns, Total: 148998 ns
[2020-09-11T14:33:20.872+0000][1][safepoint    ] Safepoint "Cleanup", Time since last: 1001121294 ns, Reaching safepoint: 93782 ns, At safepoint: 7709 ns, Total: 101491 ns
[2020-09-11T14:33:21.872+0000][1][safepoint    ] Safepoint "Cleanup", Time since last: 1000179505 ns, Reaching safepoint: 95349 ns, At safepoint: 6704 ns, Total: 102053 ns
[2020-09-11T14:33:22.873+0000][1][safepoint    ] Safepoint "Cleanup", Time since last: 1000177898 ns, Reaching safepoint: 94921 ns, At safepoint: 8392 ns, Total: 103313 ns
[2020-09-11T14:33:24.873+0000][1][safepoint    ] Safepoint "Cleanup", Time since last: 2000252257 ns, Reaching safepoint: 141381 ns, At safepoint: 17490 ns, Total: 158871 ns
[2020-09-11T14:33:27.889+0000][1][safepoint    ] Safepoint "Cleanup", Time since last: 3016131257 ns, Reaching safepoint: 110761 ns, At safepoint: 7871 ns, Total: 118632 ns
[2020-09-11T14:33:29.890+0000][1][safepoint    ] Safepoint "Cleanup", Time since last: 2000356828 ns, Reaching safepoint: 131559 ns, At safepoint: 18730 ns, Total: 150289 ns
[2020-09-11T14:33:30.891+0000][1][safepoint    ] Safepoint "Cleanup", Time since last: 1000904821 ns, Reaching safepoint: 67462 ns, At safepoint: 6953 ns, Total: 74415 ns
[2020-09-11T14:33:31.891+0000][1][safepoint    ] Safepoint "Cleanup", Time since last: 1000190262 ns, Reaching safepoint: 137499 ns, At safepoint: 17841 ns, Total: 155340 ns
[2020-09-11T14:33:36.892+0000][1][safepoint    ] Safepoint "Cleanup", Time since last: 5000826745 ns, Reaching safepoint: 85434 ns, At safepoint: 7392 ns, Total: 92826 ns
[2020-09-11T14:33:39.893+0000][1][safepoint    ] Safepoint "Cleanup", Time since last: 3000346131 ns, Reaching safepoint: 116784 ns, At safepoint: 12870 ns, Total: 129654 ns
[2020-09-11T14:33:41.895+0000][1][safepoint    ] Safepoint "Cleanup", Time since last: 2002400401 ns, Reaching safepoint: 131227 ns, At safepoint: 17080 ns, Total: 148307 ns
[2020-09-11T14:33:42.896+0000][1][safepoint    ] Safepoint "Cleanup", Time since last: 1000194600 ns, Reaching safepoint: 187577 ns, At safepoint: 17200 ns, Total: 204777 ns
[2020-09-11T14:33:44.896+0000][1][safepoint    ] Safepoint "Cleanup", Time since last: 2000356630 ns, Reaching safepoint: 142227 ns, At safepoint: 18636 ns, Total: 160863 ns
[2020-09-11T14:33:45.896+0000][1][safepoint    ] Safepoint "Cleanup", Time since last: 1000219973 ns, Reaching safepoint: 131973 ns, At safepoint: 18302 ns, Total: 150275 ns
[2020-09-11T14:33:46.897+0000][1][safepoint    ] Safepoint "Cleanup", Time since last: 1000220551 ns, Reaching safepoint: 123563 ns, At safepoint: 17978 ns, Total: 141541 ns
[2020-09-11T14:33:47.897+0000][1][safepoint    ] Safepoint "Cleanup", Time since last: 1000211787 ns, Reaching safepoint: 92529 ns, At safepoint: 7227 ns, Total: 99756 ns
[2020-09-11T14:33:48.897+0000][1][safepoint    ] Safepoint "Cleanup", Time since last: 1000194300 ns, Reaching safepoint: 148203 ns, At safepoint: 18887 ns, Total: 167090 ns
[2020-09-11T14:33:49.898+0000][1][safepoint    ] Safepoint "Cleanup", Time since last: 1000179347 ns, Reaching safepoint: 124980 ns, At safepoint: 16554 ns, Total: 141534 ns
[2020-09-11T14:33:50.898+0000][1][safepoint    ] Safepoint "Cleanup", Time since last: 1000188995 ns, Reaching safepoint: 129734 ns, At safepoint: 18433 ns, Total: 148167 ns
[2020-09-11T14:33:51.898+0000][1][safepoint    ] Safepoint "Cleanup", Time since last: 1000245903 ns, Reaching safepoint: 87555 ns, At safepoint: 6852 ns, Total: 94407 ns
[2020-09-11T14:33:52.899+0000][1][safepoint    ] Safepoint "Cleanup", Time since last: 1000137104 ns, Reaching safepoint: 127138 ns, At safepoint: 16033 ns, Total: 143171 ns
[2020-09-11T14:33:53.899+0000][1][safepoint    ] Safepoint "Cleanup", Time since last: 1000212633 ns, Reaching safepoint: 125427 ns, At safepoint: 17664 ns, Total: 143091 ns
[2020-09-11T14:33:54.899+0000][1][safepoint    ] Safepoint "Cleanup", Time since last: 1000246749 ns, Reaching safepoint: 102763 ns, At safepoint: 7006 ns, Total: 109769 ns
[2020-09-11T14:33:55.900+0000][1][safepoint    ] Safepoint "Cleanup", Time since last: 1000146032 ns, Reaching safepoint: 80812 ns, At safepoint: 7241 ns, Total: 88053 ns
[2020-09-11T14:33:56.900+0000][1][safepoint    ] Safepoint "Cleanup", Time since last: 1000209349 ns, Reaching safepoint: 152476 ns, At safepoint: 21078 ns, Total: 173554 ns
[2020-09-11T14:33:57.900+0000][1][safepoint    ] Safepoint "Cleanup", Time since last: 1000225130 ns, Reaching safepoint: 88197 ns, At safepoint: 7287 ns, Total: 95484 ns
[2020-09-11T14:33:58.901+0000][1][safepoint    ] Safepoint "Cleanup", Time since last: 1000174683 ns, Reaching safepoint: 125140 ns, At safepoint: 18766 ns, Total: 143906 ns
[2020-09-11T14:33:59.901+0000][1][safepoint    ] Safepoint "Cleanup", Time since last: 1000214789 ns, Reaching safepoint: 100654 ns, At safepoint: 7921 ns, Total: 108575 ns
[2020-09-11T14:34:00.901+0000][1][safepoint    ] Safepoint "Cleanup", Time since last: 1000193985 ns, Reaching safepoint: 130680 ns, At safepoint: 18723 ns, Total: 149403 ns
[2020-09-11T14:34:00.944+0000][1][gc,start     ] GC(79) Pause Young (Allocation Failure)
[2020-09-11T14:34:00.944+0000][1][gc,task      ] GC(79) Using 1 workers of 1 for evacuation
[2020-09-11T14:34:00.959+0000][1][gc,age       ] GC(79) Desired survivor size 4358144 bytes, new threshold 6 (max threshold 6)
[2020-09-11T14:34:00.959+0000][1][gc,age       ] GC(79) Age table with threshold 6 (max threshold 6)
[2020-09-11T14:34:00.959+0000][1][gc,age       ] GC(79) - age   1:      47640 bytes,      47640 total
[2020-09-11T14:34:00.959+0000][1][gc,age       ] GC(79) - age   2:       5992 bytes,      53632 total
[2020-09-11T14:34:00.959+0000][1][gc,age       ] GC(79) - age   3:      30448 bytes,      84080 total
[2020-09-11T14:34:00.959+0000][1][gc,age       ] GC(79) - age   4:       9480 bytes,      93560 total
[2020-09-11T14:34:00.959+0000][1][gc,age       ] GC(79) - age   5:      96816 bytes,     190376 total
[2020-09-11T14:34:00.959+0000][1][gc,age       ] GC(79) - age   6:       9560 bytes,     199936 total
[2020-09-11T14:34:00.959+0000][1][gc,heap      ] GC(79) ParNew: 68436K->206K(76672K)
[2020-09-11T14:34:00.959+0000][1][gc,heap      ] GC(79) CMS: 102358K->102363K(2011968K)
[2020-09-11T14:34:00.959+0000][1][gc,metaspace ] GC(79) Metaspace: 85797K->85797K(1128448K)
[2020-09-11T14:34:00.959+0000][1][gc           ] GC(79) Pause Young (Allocation Failure) 166M->100M(2039M) 15.568ms
[2020-09-11T14:34:00.959+0000][1][gc,cpu       ] GC(79) User=0.01s Sys=0.00s Real=0.01s
[2020-09-11T14:34:00.959+0000][1][safepoint    ] Safepoint "GenCollectForAllocation", Time since last: 41883503 ns, Reaching safepoint: 253314 ns, At safepoint: 15662334 ns, Total: 15915648 ns
[2020-09-11T14:34:01.963+0000][1][safepoint    ] Safepoint "Cleanup", Time since last: 1003405560 ns, Reaching safepoint: 97354 ns, At safepoint: 20891 ns, Total: 118245 ns
[2020-09-11T14:34:02.963+0000][1][safepoint    ] Safepoint "Cleanup", Time since last: 1000179851 ns, Reaching safepoint: 161240 ns, At safepoint: 46126 ns, Total: 207366 ns
[2020-09-11T14:34:03.963+0000][1][safepoint    ] Safepoint "Cleanup", Time since last: 1000219660 ns, Reaching safepoint: 116951 ns, At safepoint: 6607 ns, Total: 123558 ns
[2020-09-11T14:34:04.964+0000][1][safepoint    ] Safepoint "Cleanup", Time since last: 1000192653 ns, Reaching safepoint: 126233 ns, At safepoint: 17457 ns, Total: 143690 ns
[2020-09-11T14:34:05.964+0000][1][safepoint    ] Safepoint "Cleanup", Time since last: 1000159549 ns, Reaching safepoint: 155720 ns, At safepoint: 7875 ns, Total: 163595 ns
[2020-09-11T14:34:06.964+0000][1][safepoint    ] Safepoint "Cleanup", Time since last: 1000179355 ns, Reaching safepoint: 93104 ns, At safepoint: 7208 ns, Total: 100312 ns
[2020-09-11T14:34:07.965+0000][1][safepoint    ] Safepoint "Cleanup", Time since last: 1000152358 ns, Reaching safepoint: 103818 ns, At safepoint: 8874 ns, Total: 112692 ns
[2020-09-11T14:34:08.965+0000][1][safepoint    ] Safepoint "Cleanup", Time since last: 1000180398 ns, Reaching safepoint: 126076 ns, At safepoint: 17420 ns, Total: 143496 ns
[2020-09-11T14:34:09.965+0000][1][safepoint    ] Safepoint "Cleanup", Time since last: 1000219501 ns, Reaching safepoint: 135311 ns, At safepoint: 18422 ns, Total: 153733 ns
[2020-09-11T14:34:10.966+0000][1][safepoint    ] Safepoint "Cleanup", Time since last: 1000231526 ns, Reaching safepoint: 132872 ns, At safepoint: 17934 ns, Total: 150806 ns
[2020-09-11T14:34:11.966+0000][1][safepoint    ] Safepoint "Cleanup", Time since last: 1000225136 ns, Reaching safepoint: 103392 ns, At safepoint: 7504 ns, Total: 110896 ns
[2020-09-11T14:34:12.966+0000][1][safepoint    ] Safepoint "Cleanup", Time since last: 1000243186 ns, Reaching safepoint: 126096 ns, At safepoint: 17998 ns, Total: 144094 ns
[2020-09-11T14:34:13.967+0000][1][safepoint    ] Safepoint "Cleanup", Time since last: 1000216099 ns, Reaching safepoint: 125745 ns, At safepoint: 17176 ns, Total: 142921 ns
[2020-09-11T14:34:14.967+0000][1][safepoint    ] Safepoint "Cleanup", Time since last: 1000216531 ns, Reaching safepoint: 93745 ns, At safepoint: 6793 ns, Total: 100538 ns
[2020-09-11T14:34:17.968+0000][1][safepoint    ] Safepoint "Cleanup", Time since last: 3000396240 ns, Reaching safepoint: 139534 ns, At safepoint: 18098 ns, Total: 157632 ns
[2020-09-11T14:34:26.969+0000][1][safepoint    ] Safepoint "Cleanup", Time since last: 9001408086 ns, Reaching safepoint: 150753 ns, At safepoint: 17510 ns, Total: 168263 ns
[2020-09-11T14:34:27.147+0000][1][safepoint    ] Safepoint "RevokeBias", Time since last: 177397779 ns, Reaching safepoint: 230646 ns, At safepoint: 46079 ns, Total: 276725 ns
[2020-09-11T14:34:27.148+0000][1][safepoint    ] Safepoint "RevokeBias", Time since last: 422934 ns, Reaching safepoint: 236750 ns, At safepoint: 34963 ns, Total: 271713 ns
[2020-09-11T14:34:27.148+0000][1][safepoint    ] Safepoint "RevokeBias", Time since last: 96976 ns, Reaching safepoint: 161657 ns, At safepoint: 29946 ns, Total: 191603 ns
[2020-09-11T14:34:27.148+0000][1][safepoint    ] Safepoint "RevokeBias", Time since last: 161610 ns, Reaching safepoint: 169643 ns, At safepoint: 31673 ns, Total: 201316 ns
[2020-09-11T14:34:27.149+0000][1][safepoint    ] Safepoint "RevokeBias", Time since last: 169549 ns, Reaching safepoint: 160855 ns, At safepoint: 30133 ns, Total: 190988 ns
[2020-09-11T14:34:27.387+0000][1][safepoint    ] Safepoint "RevokeBias", Time since last: 238463873 ns, Reaching safepoint: 262432 ns, At safepoint: 71901 ns, Total: 334333 ns
[2020-09-11T14:34:29.388+0000][1][safepoint    ] Safepoint "Cleanup", Time since last: 2000316934 ns, Reaching safepoint: 120562 ns, At safepoint: 7980 ns, Total: 128542 ns
[2020-09-11T14:34:30.388+0000][1][safepoint    ] Safepoint "Cleanup", Time since last: 1000174132 ns, Reaching safepoint: 96371 ns, At safepoint: 6927 ns, Total: 103298 ns
[2020-09-11T14:34:33.198+0000][1][safepoint    ] Safepoint "RevokeBias", Time since last: 2809201371 ns, Reaching safepoint: 189880 ns, At safepoint: 21395 ns, Total: 211275 ns
[2020-09-11T14:34:33.198+0000][1][safepoint    ] Safepoint "RevokeBias", Time since last: 145252 ns, Reaching safepoint: 150263 ns, At safepoint: 12713 ns, Total: 162976 ns
[2020-09-11T14:34:33.198+0000][1][safepoint    ] Safepoint "RevokeBias", Time since last: 31380 ns, Reaching safepoint: 133770 ns, At safepoint: 10794 ns, Total: 144564 ns
[2020-09-11T14:34:33.198+0000][1][safepoint    ] Safepoint "RevokeBias", Time since last: 65701 ns, Reaching safepoint: 140004 ns, At safepoint: 10748 ns, Total: 150752 ns
[2020-09-11T14:34:33.199+0000][1][safepoint    ] Safepoint "RevokeBias", Time since last: 918272 ns, Reaching safepoint: 29001 ns, At safepoint: 11394 ns, Total: 40395 ns
[2020-09-11T14:34:33.199+0000][1][safepoint    ] Safepoint "RevokeBias", Time since last: 34702 ns, Reaching safepoint: 22496 ns, At safepoint: 9239 ns, Total: 31735 ns
[2020-09-11T14:34:33.647+0000][1][safepoint    ] Safepoint "RevokeBias", Time since last: 447299433 ns, Reaching safepoint: 183148 ns, At safepoint: 18002 ns, Total: 201150 ns
[2020-09-11T14:34:33.647+0000][1][safepoint    ] Safepoint "RevokeBias", Time since last: 122405 ns, Reaching safepoint: 150552 ns, At safepoint: 13343 ns, Total: 163895 ns
[2020-09-11T14:34:33.647+0000][1][safepoint    ] Safepoint "RevokeBias", Time since last: 32345 ns, Reaching safepoint: 138815 ns, At safepoint: 12168 ns, Total: 150983 ns
[2020-09-11T14:34:33.647+0000][1][safepoint    ] Safepoint "RevokeBias", Time since last: 64019 ns, Reaching safepoint: 106944 ns, At safepoint: 11138 ns, Total: 118082 ns
[2020-09-11T14:34:33.648+0000][1][safepoint    ] Safepoint "RevokeBias", Time since last: 711086 ns, Reaching safepoint: 25564 ns, At safepoint: 10301 ns, Total: 35865 ns
[2020-09-11T14:34:33.648+0000][1][safepoint    ] Safepoint "RevokeBias", Time since last: 30521 ns, Reaching safepoint: 21940 ns, At safepoint: 16543 ns, Total: 38483 ns
[2020-09-11T14:34:36.649+0000][1][safepoint    ] Safepoint "Cleanup", Time since last: 3000342719 ns, Reaching safepoint: 155934 ns, At safepoint: 16902 ns, Total: 172836 ns
[2020-09-11T14:34:47.650+0000][1][safepoint    ] Safepoint "Cleanup", Time since last: 11001541918 ns, Reaching safepoint: 134482 ns, At safepoint: 17848 ns, Total: 152330 ns
[2020-09-11T14:34:51.651+0000][1][safepoint    ] Safepoint "Cleanup", Time since last: 4000627158 ns, Reaching safepoint: 138709 ns, At safepoint: 19110 ns, Total: 157819 ns
[2020-09-11T14:34:53.652+0000][1][safepoint    ] Safepoint "Cleanup", Time since last: 2000318581 ns, Reaching safepoint: 122007 ns, At safepoint: 16869 ns, Total: 138876 ns
[2020-09-11T14:34:58.653+0000][1][safepoint    ] Safepoint "Cleanup", Time since last: 5000663158 ns, Reaching safepoint: 114765 ns, At safepoint: 6203 ns, Total: 120968 ns
[2020-09-11T14:35:01.053+0000][1][gc,start     ] GC(80) Pause Young (Allocation Failure)
[2020-09-11T14:35:01.053+0000][1][gc,task      ] GC(80) Using 1 workers of 1 for evacuation
[2020-09-11T14:35:01.066+0000][1][gc,age       ] GC(80) Desired survivor size 4358144 bytes, new threshold 6 (max threshold 6)
[2020-09-11T14:35:01.066+0000][1][gc,age       ] GC(80) Age table with threshold 6 (max threshold 6)
[2020-09-11T14:35:01.066+0000][1][gc,age       ] GC(80) - age   1:      38072 bytes,      38072 total
[2020-09-11T14:35:01.066+0000][1][gc,age       ] GC(80) - age   2:      16432 bytes,      54504 total
[2020-09-11T14:35:01.066+0000][1][gc,age       ] GC(80) - age   3:       4720 bytes,      59224 total
[2020-09-11T14:35:01.066+0000][1][gc,age       ] GC(80) - age   4:      26536 bytes,      85760 total
[2020-09-11T14:35:01.066+0000][1][gc,age       ] GC(80) - age   5:       9480 bytes,      95240 total
[2020-09-11T14:35:01.066+0000][1][gc,age       ] GC(80) - age   6:      96816 bytes,     192056 total
[2020-09-11T14:35:01.066+0000][1][gc,heap      ] GC(80) ParNew: 68366K->197K(76672K)
[2020-09-11T14:35:01.066+0000][1][gc,heap      ] GC(80) CMS: 102363K->102372K(2011968K)
[2020-09-11T14:35:01.066+0000][1][gc,metaspace ] GC(80) Metaspace: 85809K->85809K(1128448K)
[2020-09-11T14:35:01.066+0000][1][gc           ] GC(80) Pause Young (Allocation Failure) 166M->100M(2039M) 13.247ms
[2020-09-11T14:35:01.066+0000][1][gc,cpu       ] GC(80) User=0.01s Sys=0.00s Real=0.02s
[2020-09-11T14:35:01.066+0000][1][safepoint    ] Safepoint "GenCollectForAllocation", Time since last: 2400102526 ns, Reaching safepoint: 62014 ns, At safepoint: 13333324 ns, Total: 13395338 ns
[2020-09-11T14:35:04.070+0000][1][safepoint    ] Safepoint "Cleanup", Time since last: 3003595264 ns, Reaching safepoint: 136162 ns, At safepoint: 17323 ns, Total: 153485 ns
[2020-09-11T14:35:06.072+0000][1][safepoint    ] Safepoint "Cleanup", Time since last: 2001708081 ns, Reaching safepoint: 329663 ns, At safepoint: 18746 ns, Total: 348409 ns
[2020-09-11T14:35:07.072+0000][1][safepoint    ] Safepoint "Cleanup", Time since last: 1000209755 ns, Reaching safepoint: 160295 ns, At safepoint: 15248 ns, Total: 175543 ns
[2020-09-11T14:35:09.073+0000][1][safepoint    ] Safepoint "Cleanup", Time since last: 2000349609 ns, Reaching safepoint: 103955 ns, At safepoint: 6358 ns, Total: 110313 ns
[2020-09-11T14:35:10.073+0000][1][safepoint    ] Safepoint "Cleanup", Time since last: 1000197572 ns, Reaching safepoint: 136680 ns, At safepoint: 17838 ns, Total: 154518 ns
[2020-09-11T14:35:15.074+0000][1][safepoint    ] Safepoint "Cleanup", Time since last: 5000720640 ns, Reaching safepoint: 101887 ns, At safepoint: 6254 ns, Total: 108141 ns
[2020-09-11T14:35:16.074+0000][1][safepoint    ] Safepoint "Cleanup", Time since last: 1000204361 ns, Reaching safepoint: 93618 ns, At safepoint: 7915 ns, Total: 101533 ns
[2020-09-11T14:35:20.075+0000][1][safepoint    ] Safepoint "Cleanup", Time since last: 4000574666 ns, Reaching safepoint: 141074 ns, At safepoint: 18770 ns, Total: 159844 ns
[2020-09-11T14:35:21.075+0000][1][safepoint    ] Safepoint "Cleanup", Time since last: 1000236886 ns, Reaching safepoint: 99886 ns, At safepoint: 6577 ns, Total: 106463 ns
[2020-09-11T14:35:23.076+0000][1][safepoint    ] Safepoint "Cleanup", Time since last: 2000327736 ns, Reaching safepoint: 136911 ns, At safepoint: 16819 ns, Total: 153730 ns
[2020-09-11T14:35:26.076+0000][1][safepoint    ] Safepoint "Cleanup", Time since last: 3000496717 ns, Reaching safepoint: 141037 ns, At safepoint: 18031 ns, Total: 159068 ns
[2020-09-11T14:35:27.077+0000][1][safepoint    ] Safepoint "Cleanup", Time since last: 1000231810 ns, Reaching safepoint: 96046 ns, At safepoint: 7483 ns, Total: 103529 ns
[2020-09-11T14:35:28.077+0000][1][safepoint    ] Safepoint "Cleanup", Time since last: 1000184380 ns, Reaching safepoint: 97179 ns, At safepoint: 7724 ns, Total: 104903 ns
[2020-09-11T14:35:30.077+0000][1][safepoint    ] Safepoint "Cleanup", Time since last: 2000272906 ns, Reaching safepoint: 140065 ns, At safepoint: 16815 ns, Total: 156880 ns
[2020-09-11T14:35:35.078+0000][1][safepoint    ] Safepoint "Cleanup", Time since last: 5000689504 ns, Reaching safepoint: 101836 ns, At safepoint: 8416 ns, Total: 110252 ns
[2020-09-11T14:35:36.080+0000][1][safepoint    ] Safepoint "Cleanup", Time since last: 1001412020 ns, Reaching safepoint: 141097 ns, At safepoint: 18366 ns, Total: 159463 ns
[2020-09-11T14:35:41.082+0000][1][safepoint    ] Safepoint "Cleanup", Time since last: 5002035507 ns, Reaching safepoint: 101672 ns, At safepoint: 8126 ns, Total: 109798 ns
[2020-09-11T14:35:48.084+0000][1][safepoint    ] Safepoint "Cleanup", Time since last: 7001553723 ns, Reaching safepoint: 91909 ns, At safepoint: 8380 ns, Total: 100289 ns
[2020-09-11T14:35:52.535+0000][1][safepoint    ] Safepoint "RevokeBias", Time since last: 4451672497 ns, Reaching safepoint: 198757 ns, At safepoint: 21112 ns, Total: 219869 ns
[2020-09-11T14:35:52.536+0000][1][safepoint    ] Safepoint "RevokeBias", Time since last: 176263 ns, Reaching safepoint: 149439 ns, At safepoint: 13044 ns, Total: 162483 ns
[2020-09-11T14:35:52.536+0000][1][safepoint    ] Safepoint "RevokeBias", Time since last: 33279 ns, Reaching safepoint: 134902 ns, At safepoint: 11313 ns, Total: 146215 ns
[2020-09-11T14:35:52.536+0000][1][safepoint    ] Safepoint "RevokeBias", Time since last: 66604 ns, Reaching safepoint: 139896 ns, At safepoint: 11441 ns, Total: 151337 ns
[2020-09-11T14:35:52.537+0000][1][safepoint    ] Safepoint "BulkRevokeBias", Time since last: 799717 ns, Reaching safepoint: 26397 ns, At safepoint: 148093 ns, Total: 174490 ns
[2020-09-11T14:35:52.537+0000][1][safepoint    ] Safepoint "RevokeBias", Time since last: 33900 ns, Reaching safepoint: 22943 ns, At safepoint: 8788 ns, Total: 31731 ns
[2020-09-11T14:35:55.538+0000][1][safepoint    ] Safepoint "Cleanup", Time since last: 3000344083 ns, Reaching safepoint: 119160 ns, At safepoint: 7440 ns, Total: 126600 ns
[2020-09-11T14:35:56.538+0000][1][safepoint    ] Safepoint "Cleanup", Time since last: 1000138721 ns, Reaching safepoint: 143637 ns, At safepoint: 15098 ns, Total: 158735 ns
[2020-09-11T14:35:57.538+0000][1][safepoint    ] Safepoint "Cleanup", Time since last: 1000208679 ns, Reaching safepoint: 129618 ns, At safepoint: 18241 ns, Total: 147859 ns
[2020-09-11T14:35:58.539+0000][1][safepoint    ] Safepoint "Cleanup", Time since last: 1000179319 ns, Reaching safepoint: 117407 ns, At safepoint: 7361 ns, Total: 124768 ns
[2020-09-11T14:35:59.539+0000][1][safepoint    ] Safepoint "Cleanup", Time since last: 1000141987 ns, Reaching safepoint: 122975 ns, At safepoint: 17784 ns, Total: 140759 ns
[2020-09-11T14:36:00.539+0000][1][safepoint    ] Safepoint "Cleanup", Time since last: 1000221946 ns, Reaching safepoint: 127830 ns, At safepoint: 17276 ns, Total: 145106 ns
[2020-09-11T14:36:01.139+0000][1][gc,start     ] GC(81) Pause Young (Allocation Failure)
[2020-09-11T14:36:01.139+0000][1][gc,task      ] GC(81) Using 1 workers of 1 for evacuation
[2020-09-11T14:36:01.155+0000][1][gc,age       ] GC(81) Desired survivor size 4358144 bytes, new threshold 6 (max threshold 6)
[2020-09-11T14:36:01.155+0000][1][gc,age       ] GC(81) Age table with threshold 6 (max threshold 6)
[2020-09-11T14:36:01.155+0000][1][gc,age       ] GC(81) - age   1:      35368 bytes,      35368 total
[2020-09-11T14:36:01.155+0000][1][gc,age       ] GC(81) - age   2:       5696 bytes,      41064 total
[2020-09-11T14:36:01.155+0000][1][gc,age       ] GC(81) - age   3:      16432 bytes,      57496 total
[2020-09-11T14:36:01.155+0000][1][gc,age       ] GC(81) - age   4:       4720 bytes,      62216 total
[2020-09-11T14:36:01.155+0000][1][gc,age       ] GC(81) - age   5:      26536 bytes,      88752 total
[2020-09-11T14:36:01.155+0000][1][gc,age       ] GC(81) - age   6:       9480 bytes,      98232 total
[2020-09-11T14:36:01.155+0000][1][gc,heap      ] GC(81) ParNew: 68357K->190K(76672K)
[2020-09-11T14:36:01.155+0000][1][gc,heap      ] GC(81) CMS: 102372K->102468K(2011968K)
[2020-09-11T14:36:01.155+0000][1][gc,metaspace ] GC(81) Metaspace: 85840K->85840K(1128448K)
[2020-09-11T14:36:01.155+0000][1][gc           ] GC(81) Pause Young (Allocation Failure) 166M->100M(2039M) 15.970ms
[2020-09-11T14:36:01.155+0000][1][gc,cpu       ] GC(81) User=0.01s Sys=0.00s Real=0.01s
[2020-09-11T14:36:01.156+0000][1][safepoint    ] Safepoint "GenCollectForAllocation", Time since last: 599637124 ns, Reaching safepoint: 219768 ns, At safepoint: 16387931 ns, Total: 16607699 ns
[2020-09-11T14:36:02.159+0000][1][safepoint    ] Safepoint "Cleanup", Time since last: 1003281439 ns, Reaching safepoint: 69346 ns, At safepoint: 5675 ns, Total: 75021 ns
[2020-09-11T14:36:03.159+0000][1][safepoint    ] Safepoint "Cleanup", Time since last: 1000325523 ns, Reaching safepoint: 66230 ns, At safepoint: 5010 ns, Total: 71240 ns
[2020-09-11T14:36:04.160+0000][1][safepoint    ] Safepoint "Cleanup", Time since last: 1000441943 ns, Reaching safepoint: 62529 ns, At safepoint: 5342 ns, Total: 67871 ns
[2020-09-11T14:36:05.160+0000][1][safepoint    ] Safepoint "Cleanup", Time since last: 1000369376 ns, Reaching safepoint: 132735 ns, At safepoint: 15011 ns, Total: 147746 ns
[2020-09-11T14:36:06.161+0000][1][safepoint    ] Safepoint "Cleanup", Time since last: 1000148343 ns, Reaching safepoint: 70311 ns, At safepoint: 6922 ns, Total: 77233 ns
[2020-09-11T14:36:07.161+0000][1][safepoint    ] Safepoint "Cleanup", Time since last: 1000175556 ns, Reaching safepoint: 128582 ns, At safepoint: 17744 ns, Total: 146326 ns
[2020-09-11T14:36:08.161+0000][1][safepoint    ] Safepoint "Cleanup", Time since last: 1000229223 ns, Reaching safepoint: 132441 ns, At safepoint: 19070 ns, Total: 151511 ns
[2020-09-11T14:36:09.162+0000][1][safepoint    ] Safepoint "Cleanup", Time since last: 1000196667 ns, Reaching safepoint: 138534 ns, At safepoint: 16344 ns, Total: 154878 ns
[2020-09-11T14:36:10.162+0000][1][safepoint    ] Safepoint "Cleanup", Time since last: 1000226528 ns, Reaching safepoint: 98396 ns, At safepoint: 7687 ns, Total: 106083 ns
[2020-09-11T14:36:11.162+0000][1][safepoint    ] Safepoint "Cleanup", Time since last: 1000185985 ns, Reaching safepoint: 105307 ns, At safepoint: 6957 ns, Total: 112264 ns
[2020-09-11T14:36:12.163+0000][1][safepoint    ] Safepoint "Cleanup", Time since last: 1000188822 ns, Reaching safepoint: 131134 ns, At safepoint: 17664 ns, Total: 148798 ns
[2020-09-11T14:36:13.163+0000][1][safepoint    ] Safepoint "Cleanup", Time since last: 1000228970 ns, Reaching safepoint: 127960 ns, At safepoint: 16982 ns, Total: 144942 ns
[2020-09-11T14:36:14.163+0000][1][safepoint    ] Safepoint "Cleanup", Time since last: 1000162977 ns, Reaching safepoint: 68987 ns, At safepoint: 7110 ns, Total: 76097 ns
[2020-09-11T14:36:15.164+0000][1][safepoint    ] Safepoint "Cleanup", Time since last: 1000307462 ns, Reaching safepoint: 126851 ns, At safepoint: 16170 ns, Total: 143021 ns
[2020-09-11T14:36:16.164+0000][1][safepoint    ] Safepoint "Cleanup", Time since last: 1000194867 ns, Reaching safepoint: 128939 ns, At safepoint: 17263 ns, Total: 146202 ns
[2020-09-11T14:36:17.165+0000][1][safepoint    ] Safepoint "Cleanup", Time since last: 1000898118 ns, Reaching safepoint: 69781 ns, At safepoint: 6276 ns, Total: 76057 ns
[2020-09-11T14:36:18.166+0000][1][safepoint    ] Safepoint "Cleanup", Time since last: 1001342058 ns, Reaching safepoint: 128692 ns, At safepoint: 15218 ns, Total: 143910 ns
[2020-09-11T14:36:19.167+0000][1][safepoint    ] Safepoint "Cleanup", Time since last: 1000229348 ns, Reaching safepoint: 90850 ns, At safepoint: 6701 ns, Total: 97551 ns
[2020-09-11T14:36:20.167+0000][1][safepoint    ] Safepoint "Cleanup", Time since last: 1000143538 ns, Reaching safepoint: 108486 ns, At safepoint: 6762 ns, Total: 115248 ns
[2020-09-11T14:36:21.167+0000][1][safepoint    ] Safepoint "Cleanup", Time since last: 1000198774 ns, Reaching safepoint: 90199 ns, At safepoint: 6868 ns, Total: 97067 ns
[2020-09-11T14:36:22.168+0000][1][safepoint    ] Safepoint "Cleanup", Time since last: 1000193724 ns, Reaching safepoint: 127238 ns, At safepoint: 17895 ns, Total: 145133 ns
[2020-09-11T14:36:23.168+0000][1][safepoint    ] Safepoint "Cleanup", Time since last: 1000178975 ns, Reaching safepoint: 137078 ns, At safepoint: 17507 ns, Total: 154585 ns
[2020-09-11T14:36:24.168+0000][1][safepoint    ] Safepoint "Cleanup", Time since last: 1000200195 ns, Reaching safepoint: 123688 ns, At safepoint: 7168 ns, Total: 130856 ns
[2020-09-11T14:36:25.169+0000][1][safepoint    ] Safepoint "Cleanup", Time since last: 1000145951 ns, Reaching safepoint: 125465 ns, At safepoint: 17076 ns, Total: 142541 ns
[2020-09-11T14:36:26.169+0000][1][safepoint    ] Safepoint "Cleanup", Time since last: 1000242924 ns, Reaching safepoint: 120537 ns, At safepoint: 18188 ns, Total: 138725 ns
[2020-09-11T14:36:27.169+0000][1][safepoint    ] Safepoint "Cleanup", Time since last: 1000261713 ns, Reaching safepoint: 116881 ns, At safepoint: 7105 ns, Total: 123986 ns
[2020-09-11T14:36:28.170+0000][1][safepoint    ] Safepoint "Cleanup", Time since last: 1000201276 ns, Reaching safepoint: 99206 ns, At safepoint: 8228 ns, Total: 107434 ns
[2020-09-11T14:36:29.170+0000][1][safepoint    ] Safepoint "Cleanup", Time since last: 1000170804 ns, Reaching safepoint: 112691 ns, At safepoint: 7647 ns, Total: 120338 ns
[2020-09-11T14:36:32.171+0000][1][safepoint    ] Safepoint "Cleanup", Time since last: 3000408609 ns, Reaching safepoint: 100251 ns, At safepoint: 8257 ns, Total: 108508 ns
[2020-09-11T14:36:33.171+0000][1][safepoint    ] Safepoint "Cleanup", Time since last: 1000180847 ns, Reaching safepoint: 102122 ns, At safepoint: 7977 ns, Total: 110099 ns
[2020-09-11T14:36:36.172+0000][1][safepoint    ] Safepoint "Cleanup", Time since last: 3000854651 ns, Reaching safepoint: 131041 ns, At safepoint: 17052 ns, Total: 148093 ns
[2020-09-11T14:36:50.174+0000][1][safepoint    ] Safepoint "Cleanup", Time since last: 14001908750 ns, Reaching safepoint: 113709 ns, At safepoint: 6620 ns, Total: 120329 ns
[2020-09-11T14:36:53.174+0000][1][safepoint    ] Safepoint "Cleanup", Time since last: 3000407010 ns, Reaching safepoint: 161661 ns, At safepoint: 13411 ns, Total: 175072 ns
[2020-09-11T14:36:55.175+0000][1][safepoint    ] Safepoint "Cleanup", Time since last: 2000392822 ns, Reaching safepoint: 134138 ns, At safepoint: 16972 ns, Total: 151110 ns
[2020-09-11T14:37:01.240+0000][1][gc,start     ] GC(82) Pause Young (Allocation Failure)
[2020-09-11T14:37:01.241+0000][1][gc,task      ] GC(82) Using 1 workers of 1 for evacuation
[2020-09-11T14:37:01.257+0000][1][gc,age       ] GC(82) Desired survivor size 4358144 bytes, new threshold 6 (max threshold 6)
[2020-09-11T14:37:01.257+0000][1][gc,age       ] GC(82) Age table with threshold 6 (max threshold 6)
[2020-09-11T14:37:01.257+0000][1][gc,age       ] GC(82) - age   1:      36080 bytes,      36080 total
[2020-09-11T14:37:01.257+0000][1][gc,age       ] GC(82) - age   2:       2816 bytes,      38896 total
[2020-09-11T14:37:01.257+0000][1][gc,age       ] GC(82) - age   3:       5696 bytes,      44592 total
[2020-09-11T14:37:01.257+0000][1][gc,age       ] GC(82) - age   4:      16432 bytes,      61024 total
[2020-09-11T14:37:01.257+0000][1][gc,age       ] GC(82) - age   5:       4720 bytes,      65744 total
[2020-09-11T14:37:01.257+0000][1][gc,age       ] GC(82) - age   6:      26536 bytes,      92280 total
[2020-09-11T14:37:01.257+0000][1][gc,heap      ] GC(82) ParNew: 68350K->167K(76672K)
[2020-09-11T14:37:01.257+0000][1][gc,heap      ] GC(82) CMS: 102468K->102477K(2011968K)
[2020-09-11T14:37:01.257+0000][1][gc,metaspace ] GC(82) Metaspace: 85846K->85846K(1128448K)
[2020-09-11T14:37:01.257+0000][1][gc           ] GC(82) Pause Young (Allocation Failure) 166M->100M(2039M) 16.623ms
[2020-09-11T14:37:01.257+0000][1][gc,cpu       ] GC(82) User=0.02s Sys=0.00s Real=0.02s
[2020-09-11T14:37:01.258+0000][1][safepoint    ] Safepoint "GenCollectForAllocation", Time since last: 6065142161 ns, Reaching safepoint: 232647 ns, At safepoint: 17397142 ns, Total: 17629789 ns
[2020-09-11T14:37:03.261+0000][1][safepoint    ] Safepoint "Cleanup", Time since last: 2003369845 ns, Reaching safepoint: 175267 ns, At safepoint: 17466 ns, Total: 192733 ns
[2020-09-11T14:37:16.267+0000][1][safepoint    ] Safepoint "Cleanup", Time since last: 13005240104 ns, Reaching safepoint: 128859 ns, At safepoint: 15923 ns, Total: 144782 ns
[2020-09-11T14:37:18.267+0000][1][safepoint    ] Safepoint "Cleanup", Time since last: 2000314306 ns, Reaching safepoint: 138624 ns, At safepoint: 18069 ns, Total: 156693 ns
[2020-09-11T14:37:27.269+0000][1][safepoint    ] Safepoint "Cleanup", Time since last: 9001181943 ns, Reaching safepoint: 133286 ns, At safepoint: 17597 ns, Total: 150883 ns
[2020-09-11T14:37:28.269+0000][1][safepoint    ] Safepoint "Cleanup", Time since last: 1000188907 ns, Reaching safepoint: 176659 ns, At safepoint: 17891 ns, Total: 194550 ns
[2020-09-11T14:37:29.269+0000][1][safepoint    ] Safepoint "Cleanup", Time since last: 1000197982 ns, Reaching safepoint: 140927 ns, At safepoint: 17069 ns, Total: 157996 ns
[2020-09-11T14:37:31.270+0000][1][safepoint    ] Safepoint "Cleanup", Time since last: 2000302401 ns, Reaching safepoint: 119267 ns, At safepoint: 6679 ns, Total: 125946 ns
[2020-09-11T14:37:32.270+0000][1][safepoint    ] Safepoint "Cleanup", Time since last: 1000158174 ns, Reaching safepoint: 117040 ns, At safepoint: 6564 ns, Total: 123604 ns
[2020-09-11T14:37:44.272+0000][1][safepoint    ] Safepoint "Cleanup", Time since last: 12001598680 ns, Reaching safepoint: 79232 ns, At safepoint: 7385 ns, Total: 86617 ns
[2020-09-11T14:37:46.272+0000][1][safepoint    ] Safepoint "Cleanup", Time since last: 2000360372 ns, Reaching safepoint: 100409 ns, At safepoint: 7340 ns, Total: 107749 ns
[2020-09-11T14:37:47.272+0000][1][safepoint    ] Safepoint "Cleanup", Time since last: 1000190621 ns, Reaching safepoint: 94425 ns, At safepoint: 7497 ns, Total: 101922 ns
[2020-09-11T14:37:48.273+0000][1][safepoint    ] Safepoint "Cleanup", Time since last: 1000174870 ns, Reaching safepoint: 99239 ns, At safepoint: 7034 ns, Total: 106273 ns
[2020-09-11T14:37:49.273+0000][1][safepoint    ] Safepoint "Cleanup", Time since last: 1000173762 ns, Reaching safepoint: 99204 ns, At safepoint: 6631 ns, Total: 105835 ns
[2020-09-11T14:37:50.273+0000][1][safepoint    ] Safepoint "Cleanup", Time since last: 1000158541 ns, Reaching safepoint: 147104 ns, At safepoint: 17871 ns, Total: 164975 ns
[2020-09-11T14:37:51.274+0000][1][safepoint    ] Safepoint "Cleanup", Time since last: 1000207320 ns, Reaching safepoint: 100055 ns, At safepoint: 6153 ns, Total: 106208 ns
[2020-09-11T14:37:52.274+0000][1][safepoint    ] Safepoint "Cleanup", Time since last: 1000144460 ns, Reaching safepoint: 126678 ns, At safepoint: 16334 ns, Total: 143012 ns
[2020-09-11T14:37:53.274+0000][1][safepoint    ] Safepoint "Cleanup", Time since last: 1000212522 ns, Reaching safepoint: 130476 ns, At safepoint: 34490 ns, Total: 164966 ns
[2020-09-11T14:37:54.275+0000][1][safepoint    ] Safepoint "Cleanup", Time since last: 1000253658 ns, Reaching safepoint: 110542 ns, At safepoint: 7770 ns, Total: 118312 ns
[2020-09-11T14:37:55.275+0000][1][safepoint    ] Safepoint "Cleanup", Time since last: 1000160157 ns, Reaching safepoint: 122588 ns, At safepoint: 15740 ns, Total: 138328 ns
[2020-09-11T14:37:56.275+0000][1][safepoint    ] Safepoint "Cleanup", Time since last: 1000203563 ns, Reaching safepoint: 111953 ns, At safepoint: 16341 ns, Total: 128294 ns
[2020-09-11T14:37:57.276+0000][1][safepoint    ] Safepoint "Cleanup", Time since last: 1000202881 ns, Reaching safepoint: 92265 ns, At safepoint: 6329 ns, Total: 98594 ns
[2020-09-11T14:37:58.276+0000][1][safepoint    ] Safepoint "Cleanup", Time since last: 1000141035 ns, Reaching safepoint: 73275 ns, At safepoint: 6485 ns, Total: 79760 ns
[2020-09-11T14:37:59.276+0000][1][safepoint    ] Safepoint "Cleanup", Time since last: 1000122847 ns, Reaching safepoint: 109694 ns, At safepoint: 5829 ns, Total: 115523 ns
[2020-09-11T14:38:00.276+0000][1][safepoint    ] Safepoint "Cleanup", Time since last: 1000158964 ns, Reaching safepoint: 127278 ns, At safepoint: 16702 ns, Total: 143980 ns
[2020-09-11T14:38:01.277+0000][1][safepoint    ] Safepoint "Cleanup", Time since last: 1000220704 ns, Reaching safepoint: 122721 ns, At safepoint: 15783 ns, Total: 138504 ns
[2020-09-11T14:38:01.355+0000][1][gc,start     ] GC(83) Pause Young (Allocation Failure)
[2020-09-11T14:38:01.355+0000][1][gc,task      ] GC(83) Using 1 workers of 1 for evacuation
[2020-09-11T14:38:01.375+0000][1][gc,age       ] GC(83) Desired survivor size 4358144 bytes, new threshold 6 (max threshold 6)
[2020-09-11T14:38:01.375+0000][1][gc,age       ] GC(83) Age table with threshold 6 (max threshold 6)
[2020-09-11T14:38:01.375+0000][1][gc,age       ] GC(83) - age   1:      47936 bytes,      47936 total
[2020-09-11T14:38:01.375+0000][1][gc,age       ] GC(83) - age   2:       5488 bytes,      53424 total
[2020-09-11T14:38:01.375+0000][1][gc,age       ] GC(83) - age   3:       2784 bytes,      56208 total
[2020-09-11T14:38:01.375+0000][1][gc,age       ] GC(83) - age   4:       5696 bytes,      61904 total
[2020-09-11T14:38:01.375+0000][1][gc,age       ] GC(83) - age   5:      16312 bytes,      78216 total
[2020-09-11T14:38:01.375+0000][1][gc,age       ] GC(83) - age   6:       4720 bytes,      82936 total
[2020-09-11T14:38:01.375+0000][1][gc,heap      ] GC(83) ParNew: 68327K->109K(76672K)
[2020-09-11T14:38:01.375+0000][1][gc,heap      ] GC(83) CMS: 102477K->102504K(2011968K)
[2020-09-11T14:38:01.375+0000][1][gc,metaspace ] GC(83) Metaspace: 85869K->85869K(1128448K)
[2020-09-11T14:38:01.375+0000][1][gc           ] GC(83) Pause Young (Allocation Failure) 166M->100M(2039M) 19.609ms
[2020-09-11T14:38:01.375+0000][1][gc,cpu       ] GC(83) User=0.02s Sys=0.00s Real=0.02s
[2020-09-11T14:38:01.375+0000][1][safepoint    ] Safepoint "GenCollectForAllocation", Time since last: 78338422 ns, Reaching safepoint: 233014 ns, At safepoint: 19692331 ns, Total: 19925345 ns
[2020-09-11T14:38:02.378+0000][1][safepoint    ] Safepoint "Cleanup", Time since last: 1003381681 ns, Reaching safepoint: 123500 ns, At safepoint: 13762 ns, Total: 137262 ns
[2020-09-11T14:38:03.379+0000][1][safepoint    ] Safepoint "Cleanup", Time since last: 1000149070 ns, Reaching safepoint: 175980 ns, At safepoint: 7685 ns, Total: 183665 ns
[2020-09-11T14:38:04.380+0000][1][safepoint    ] Safepoint "Cleanup", Time since last: 1000431724 ns, Reaching safepoint: 124115 ns, At safepoint: 13527 ns, Total: 137642 ns
[2020-09-11T14:38:05.380+0000][1][safepoint    ] Safepoint "Cleanup", Time since last: 1000684725 ns, Reaching safepoint: 129715 ns, At safepoint: 14219 ns, Total: 143934 ns
[2020-09-11T14:38:06.381+0000][1][safepoint    ] Safepoint "Cleanup", Time since last: 1000159534 ns, Reaching safepoint: 168644 ns, At safepoint: 7254 ns, Total: 175898 ns
[2020-09-11T14:38:07.381+0000][1][safepoint    ] Safepoint "Cleanup", Time since last: 1000163851 ns, Reaching safepoint: 131295 ns, At safepoint: 17149 ns, Total: 148444 ns
[2020-09-11T14:38:08.381+0000][1][safepoint    ] Safepoint "Cleanup", Time since last: 1000215194 ns, Reaching safepoint: 137913 ns, At safepoint: 18622 ns, Total: 156535 ns
[2020-09-11T14:38:09.382+0000][1][safepoint    ] Safepoint "Cleanup", Time since last: 1000220845 ns, Reaching safepoint: 132762 ns, At safepoint: 17436 ns, Total: 150198 ns
[2020-09-11T14:38:10.382+0000][1][safepoint    ] Safepoint "Cleanup", Time since last: 1000220595 ns, Reaching safepoint: 137004 ns, At safepoint: 18559 ns, Total: 155563 ns
[2020-09-11T14:38:11.384+0000][1][safepoint    ] Safepoint "Cleanup", Time since last: 1001466025 ns, Reaching safepoint: 238664 ns, At safepoint: 18108 ns, Total: 256772 ns
[2020-09-11T14:38:12.384+0000][1][safepoint    ] Safepoint "Cleanup", Time since last: 1000208309 ns, Reaching safepoint: 103155 ns, At safepoint: 7879 ns, Total: 111034 ns
[2020-09-11T14:38:13.384+0000][1][safepoint    ] Safepoint "Cleanup", Time since last: 1000142393 ns, Reaching safepoint: 129469 ns, At safepoint: 7361 ns, Total: 136830 ns
[2020-09-11T14:38:14.385+0000][1][safepoint    ] Safepoint "Cleanup", Time since last: 1000194067 ns, Reaching safepoint: 136045 ns, At safepoint: 18028 ns, Total: 154073 ns
[2020-09-11T14:38:15.385+0000][1][safepoint    ] Safepoint "Cleanup", Time since last: 1000263938 ns, Reaching safepoint: 132407 ns, At safepoint: 17504 ns, Total: 149911 ns
[2020-09-11T14:38:16.385+0000][1][safepoint    ] Safepoint "Cleanup", Time since last: 1000224277 ns, Reaching safepoint: 100854 ns, At safepoint: 7866 ns, Total: 108720 ns
[2020-09-11T14:38:19.386+0000][1][safepoint    ] Safepoint "Cleanup", Time since last: 3000544210 ns, Reaching safepoint: 106222 ns, At safepoint: 7557 ns, Total: 113779 ns
[2020-09-11T14:38:20.386+0000][1][safepoint    ] Safepoint "Cleanup", Time since last: 1000196633 ns, Reaching safepoint: 101431 ns, At safepoint: 7805 ns, Total: 109236 ns
[2020-09-11T14:38:27.387+0000][1][safepoint    ] Safepoint "Cleanup", Time since last: 7001009283 ns, Reaching safepoint: 105336 ns, At safepoint: 5637 ns, Total: 110973 ns
[2020-09-11T14:38:28.388+0000][1][safepoint    ] Safepoint "Cleanup", Time since last: 1000175794 ns, Reaching safepoint: 117434 ns, At safepoint: 7375 ns, Total: 124809 ns
[2020-09-11T14:38:32.389+0000][1][safepoint    ] Safepoint "Cleanup", Time since last: 4000791628 ns, Reaching safepoint: 68833 ns, At safepoint: 6170 ns, Total: 75003 ns
[2020-09-11T14:38:33.389+0000][1][safepoint    ] Safepoint "Cleanup", Time since last: 1000147693 ns, Reaching safepoint: 129915 ns, At safepoint: 15833 ns, Total: 145748 ns
[2020-09-11T14:38:34.389+0000][1][safepoint    ] Safepoint "Cleanup", Time since last: 1000172724 ns, Reaching safepoint: 74196 ns, At safepoint: 7449 ns, Total: 81645 ns
[2020-09-11T14:38:35.389+0000][1][safepoint    ] Safepoint "Cleanup", Time since last: 1000152900 ns, Reaching safepoint: 138281 ns, At safepoint: 17473 ns, Total: 155754 ns
[2020-09-11T14:38:36.390+0000][1][safepoint    ] Safepoint "Cleanup", Time since last: 1000223135 ns, Reaching safepoint: 99511 ns, At safepoint: 7998 ns, Total: 107509 ns
[2020-09-11T14:38:37.390+0000][1][safepoint    ] Safepoint "Cleanup", Time since last: 1000151875 ns, Reaching safepoint: 111052 ns, At safepoint: 7207 ns, Total: 118259 ns
[2020-09-11T14:38:38.390+0000][1][safepoint    ] Safepoint "Cleanup", Time since last: 1000146641 ns, Reaching safepoint: 135318 ns, At safepoint: 17272 ns, Total: 152590 ns
[2020-09-11T14:38:39.391+0000][1][safepoint    ] Safepoint "Cleanup", Time since last: 1000225627 ns, Reaching safepoint: 107444 ns, At safepoint: 6667 ns, Total: 114111 ns
[2020-09-11T14:38:40.391+0000][1][safepoint    ] Safepoint "Cleanup", Time since last: 1000172485 ns, Reaching safepoint: 178319 ns, At safepoint: 20888 ns, Total: 199207 ns
[2020-09-11T14:38:41.391+0000][1][safepoint    ] Safepoint "Cleanup", Time since last: 1000255879 ns, Reaching safepoint: 108508 ns, At safepoint: 6625 ns, Total: 115133 ns
[2020-09-11T14:38:42.392+0000][1][safepoint    ] Safepoint "Cleanup", Time since last: 1000189645 ns, Reaching safepoint: 95834 ns, At safepoint: 7791 ns, Total: 103625 ns
[2020-09-11T14:38:43.392+0000][1][safepoint    ] Safepoint "Cleanup", Time since last: 1000170017 ns, Reaching safepoint: 103494 ns, At safepoint: 7252 ns, Total: 110746 ns
[2020-09-11T14:38:44.392+0000][1][safepoint    ] Safepoint "Cleanup", Time since last: 1000127200 ns, Reaching safepoint: 76242 ns, At safepoint: 10548 ns, Total: 86790 ns
[2020-09-11T14:38:45.393+0000][1][safepoint    ] Safepoint "Cleanup", Time since last: 1000172574 ns, Reaching safepoint: 146148 ns, At safepoint: 18255 ns, Total: 164403 ns
[2020-09-11T14:38:46.393+0000][1][safepoint    ] Safepoint "Cleanup", Time since last: 1000225500 ns, Reaching safepoint: 136971 ns, At safepoint: 18576 ns, Total: 155547 ns
[2020-09-11T14:38:47.393+0000][1][safepoint    ] Safepoint "Cleanup", Time since last: 1000255554 ns, Reaching safepoint: 92038 ns, At safepoint: 7548 ns, Total: 99586 ns
[2020-09-11T14:38:48.394+0000][1][safepoint    ] Safepoint "Cleanup", Time since last: 1000193742 ns, Reaching safepoint: 95329 ns, At safepoint: 8165 ns, Total: 103494 ns
[2020-09-11T14:38:49.394+0000][1][safepoint    ] Safepoint "Cleanup", Time since last: 1000203954 ns, Reaching safepoint: 106062 ns, At safepoint: 7252 ns, Total: 113314 ns
[2020-09-11T14:38:50.394+0000][1][safepoint    ] Safepoint "Cleanup", Time since last: 1000184113 ns, Reaching safepoint: 98435 ns, At safepoint: 8087 ns, Total: 106522 ns
[2020-09-11T14:38:51.395+0000][1][safepoint    ] Safepoint "Cleanup", Time since last: 1000188701 ns, Reaching safepoint: 131355 ns, At safepoint: 18001 ns, Total: 149356 ns
[2020-09-11T14:38:52.395+0000][1][safepoint    ] Safepoint "Cleanup", Time since last: 1000221303 ns, Reaching safepoint: 130793 ns, At safepoint: 18523 ns, Total: 149316 ns
[2020-09-11T14:38:53.395+0000][1][safepoint    ] Safepoint "Cleanup", Time since last: 1000219994 ns, Reaching safepoint: 133660 ns, At safepoint: 17567 ns, Total: 151227 ns
[2020-09-11T14:38:54.396+0000][1][safepoint    ] Safepoint "Cleanup", Time since last: 1000312546 ns, Reaching safepoint: 105250 ns, At safepoint: 7773 ns, Total: 113023 ns
[2020-09-11T14:38:55.396+0000][1][safepoint    ] Safepoint "Cleanup", Time since last: 1000143794 ns, Reaching safepoint: 131128 ns, At safepoint: 7390 ns, Total: 138518 ns
[2020-09-11T14:38:56.396+0000][1][safepoint    ] Safepoint "Cleanup", Time since last: 1000147757 ns, Reaching safepoint: 94318 ns, At safepoint: 8625 ns, Total: 102943 ns
[2020-09-11T14:38:57.397+0000][1][safepoint    ] Safepoint "Cleanup", Time since last: 1000179394 ns, Reaching safepoint: 96422 ns, At safepoint: 6545 ns, Total: 102967 ns
[2020-09-11T14:38:58.397+0000][1][safepoint    ] Safepoint "Cleanup", Time since last: 1000188880 ns, Reaching safepoint: 133941 ns, At safepoint: 18051 ns, Total: 151992 ns
[2020-09-11T14:38:59.397+0000][1][safepoint    ] Safepoint "Cleanup", Time since last: 1000252704 ns, Reaching safepoint: 99995 ns, At safepoint: 6980 ns, Total: 106975 ns
[2020-09-11T14:39:00.398+0000][1][safepoint    ] Safepoint "Cleanup", Time since last: 1000245263 ns, Reaching safepoint: 82793 ns, At safepoint: 7664 ns, Total: 90457 ns
[2020-09-11T14:39:01.399+0000][1][safepoint    ] Safepoint "Cleanup", Time since last: 1000842163 ns, Reaching safepoint: 131606 ns, At safepoint: 17139 ns, Total: 148745 ns
[2020-09-11T14:39:01.445+0000][1][gc,start     ] GC(84) Pause Young (Allocation Failure)
[2020-09-11T14:39:01.445+0000][1][gc,task      ] GC(84) Using 1 workers of 1 for evacuation
[2020-09-11T14:39:01.465+0000][1][gc,age       ] GC(84) Desired survivor size 4358144 bytes, new threshold 6 (max threshold 6)
[2020-09-11T14:39:01.465+0000][1][gc,age       ] GC(84) Age table with threshold 6 (max threshold 6)
[2020-09-11T14:39:01.465+0000][1][gc,age       ] GC(84) - age   1:      33832 bytes,      33832 total
[2020-09-11T14:39:01.465+0000][1][gc,age       ] GC(84) - age   2:      17240 bytes,      51072 total
[2020-09-11T14:39:01.465+0000][1][gc,age       ] GC(84) - age   3:       4128 bytes,      55200 total
[2020-09-11T14:39:01.465+0000][1][gc,age       ] GC(84) - age   4:       2784 bytes,      57984 total
[2020-09-11T14:39:01.465+0000][1][gc,age       ] GC(84) - age   5:       5696 bytes,      63680 total
[2020-09-11T14:39:01.465+0000][1][gc,age       ] GC(84) - age   6:      16312 bytes,      79992 total
[2020-09-11T14:39:01.465+0000][1][gc,heap      ] GC(84) ParNew: 68269K->148K(76672K)
[2020-09-11T14:39:01.465+0000][1][gc,heap      ] GC(84) CMS: 102504K->102508K(2011968K)
[2020-09-11T14:39:01.465+0000][1][gc,metaspace ] GC(84) Metaspace: 85890K->85890K(1128448K)
[2020-09-11T14:39:01.465+0000][1][gc           ] GC(84) Pause Young (Allocation Failure) 166M->100M(2039M) 20.276ms
[2020-09-11T14:39:01.465+0000][1][gc,cpu       ] GC(84) User=0.02s Sys=0.00s Real=0.02s
[2020-09-11T14:39:01.465+0000][1][safepoint    ] Safepoint "GenCollectForAllocation", Time since last: 45750984 ns, Reaching safepoint: 208495 ns, At safepoint: 20393580 ns, Total: 20602075 ns
[2020-09-11T14:39:02.468+0000][1][safepoint    ] Safepoint "Cleanup", Time since last: 1003201627 ns, Reaching safepoint: 175225 ns, At safepoint: 17750 ns, Total: 192975 ns
[2020-09-11T14:39:03.469+0000][1][safepoint    ] Safepoint "Cleanup", Time since last: 1000379368 ns, Reaching safepoint: 224181 ns, At safepoint: 41502 ns, Total: 265683 ns
[2020-09-11T14:39:04.469+0000][1][safepoint    ] Safepoint "Cleanup", Time since last: 1000157576 ns, Reaching safepoint: 101782 ns, At safepoint: 5829 ns, Total: 107611 ns
[2020-09-11T14:39:05.470+0000][1][safepoint    ] Safepoint "Cleanup", Time since last: 1000352350 ns, Reaching safepoint: 224308 ns, At safepoint: 16668 ns, Total: 240976 ns
[2020-09-11T14:39:06.470+0000][1][safepoint    ] Safepoint "Cleanup", Time since last: 1000157437 ns, Reaching safepoint: 220138 ns, At safepoint: 17952 ns, Total: 238090 ns
[2020-09-11T14:39:07.470+0000][1][safepoint    ] Safepoint "Cleanup", Time since last: 1000178517 ns, Reaching safepoint: 81188 ns, At safepoint: 6231 ns, Total: 87419 ns
[2020-09-11T14:39:27.473+0000][1][safepoint    ] Safepoint "Cleanup", Time since last: 20002449043 ns, Reaching safepoint: 119479 ns, At safepoint: 6251 ns, Total: 125730 ns
[2020-09-11T14:39:28.473+0000][1][safepoint    ] Safepoint "Cleanup", Time since last: 1000195927 ns, Reaching safepoint: 103596 ns, At safepoint: 7522 ns, Total: 111118 ns
[2020-09-11T14:39:37.475+0000][1][safepoint    ] Safepoint "Cleanup", Time since last: 9001281748 ns, Reaching safepoint: 138993 ns, At safepoint: 16701 ns, Total: 155694 ns
[2020-09-11T14:39:43.476+0000][1][safepoint    ] Safepoint "Cleanup", Time since last: 6000872692 ns, Reaching safepoint: 140071 ns, At safepoint: 16080 ns, Total: 156151 ns
[2020-09-11T14:39:58.542+0000][1][gc,start     ] GC(85) Pause Young (Allocation Failure)
[2020-09-11T14:39:58.542+0000][1][gc,task      ] GC(85) Using 1 workers of 1 for evacuation
[2020-09-11T14:39:58.555+0000][1][gc,age       ] GC(85) Desired survivor size 4358144 bytes, new threshold 6 (max threshold 6)
[2020-09-11T14:39:58.555+0000][1][gc,age       ] GC(85) Age table with threshold 6 (max threshold 6)
[2020-09-11T14:39:58.555+0000][1][gc,age       ] GC(85) - age   1:      32640 bytes,      32640 total
[2020-09-11T14:39:58.555+0000][1][gc,age       ] GC(85) - age   2:       4360 bytes,      37000 total
[2020-09-11T14:39:58.555+0000][1][gc,age       ] GC(85) - age   3:      17240 bytes,      54240 total
[2020-09-11T14:39:58.555+0000][1][gc,age       ] GC(85) - age   4:       4128 bytes,      58368 total
[2020-09-11T14:39:58.555+0000][1][gc,age       ] GC(85) - age   5:       2784 bytes,      61152 total
[2020-09-11T14:39:58.555+0000][1][gc,age       ] GC(85) - age   6:       5696 bytes,      66848 total
[2020-09-11T14:39:58.555+0000][1][gc,heap      ] GC(85) ParNew: 68308K->95K(76672K)
[2020-09-11T14:39:58.555+0000][1][gc,heap      ] GC(85) CMS: 102508K->102524K(2011968K)
[2020-09-11T14:39:58.555+0000][1][gc,metaspace ] GC(85) Metaspace: 85906K->85906K(1128448K)
[2020-09-11T14:39:58.555+0000][1][gc           ] GC(85) Pause Young (Allocation Failure) 166M->100M(2039M) 13.116ms
[2020-09-11T14:39:58.555+0000][1][gc,cpu       ] GC(85) User=0.02s Sys=0.00s Real=0.01s
[2020-09-11T14:39:58.555+0000][1][safepoint    ] Safepoint "GenCollectForAllocation", Time since last: 15065524243 ns, Reaching safepoint: 181785 ns, At safepoint: 13238816 ns, Total: 13420601 ns
[2020-09-11T14:40:00.555+0000][1][safepoint    ] Safepoint "Cleanup", Time since last: 2000435133 ns, Reaching safepoint: 129180 ns, At safepoint: 16220 ns, Total: 145400 ns
[2020-09-11T14:40:01.556+0000][1][safepoint    ] Safepoint "Cleanup", Time since last: 1000209998 ns, Reaching safepoint: 93109 ns, At safepoint: 13485 ns, Total: 106594 ns
[2020-09-11T14:40:03.556+0000][1][safepoint    ] Safepoint "Cleanup", Time since last: 2000333550 ns, Reaching safepoint: 100679 ns, At safepoint: 7056 ns, Total: 107735 ns
[2020-09-11T14:40:06.557+0000][1][safepoint    ] Safepoint "Cleanup", Time since last: 3000346024 ns, Reaching safepoint: 148210 ns, At safepoint: 16097 ns, Total: 164307 ns
[2020-09-11T14:40:19.559+0000][1][safepoint    ] Safepoint "Cleanup", Time since last: 13001817819 ns, Reaching safepoint: 64500 ns, At safepoint: 5833 ns, Total: 70333 ns
[2020-09-11T14:40:30.560+0000][1][safepoint    ] Safepoint "Cleanup", Time since last: 11001708470 ns, Reaching safepoint: 140375 ns, At safepoint: 16705 ns, Total: 157080 ns
[2020-09-11T14:40:50.563+0000][1][safepoint    ] Safepoint "Cleanup", Time since last: 20002799849 ns, Reaching safepoint: 142854 ns, At safepoint: 17801 ns, Total: 160655 ns
[2020-09-11T14:40:51.564+0000][1][safepoint    ] Safepoint "Cleanup", Time since last: 1000294276 ns, Reaching safepoint: 137552 ns, At safepoint: 17337 ns, Total: 154889 ns
[2020-09-11T14:40:58.565+0000][1][safepoint    ] Safepoint "Cleanup", Time since last: 7001079233 ns, Reaching safepoint: 175165 ns, At safepoint: 18429 ns, Total: 193594 ns
[2020-09-11T14:40:58.800+0000][1][gc,start     ] GC(86) Pause Young (Allocation Failure)
[2020-09-11T14:40:58.800+0000][1][gc,task      ] GC(86) Using 1 workers of 1 for evacuation
[2020-09-11T14:40:58.813+0000][1][gc,age       ] GC(86) Desired survivor size 4358144 bytes, new threshold 6 (max threshold 6)
[2020-09-11T14:40:58.813+0000][1][gc,age       ] GC(86) Age table with threshold 6 (max threshold 6)
[2020-09-11T14:40:58.813+0000][1][gc,age       ] GC(86) - age   1:      90448 bytes,      90448 total
[2020-09-11T14:40:58.813+0000][1][gc,age       ] GC(86) - age   2:       4472 bytes,      94920 total
[2020-09-11T14:40:58.813+0000][1][gc,age       ] GC(86) - age   3:       1760 bytes,      96680 total
[2020-09-11T14:40:58.813+0000][1][gc,age       ] GC(86) - age   4:      17240 bytes,     113920 total
[2020-09-11T14:40:58.813+0000][1][gc,age       ] GC(86) - age   5:       4128 bytes,     118048 total
[2020-09-11T14:40:58.813+0000][1][gc,age       ] GC(86) - age   6:       2784 bytes,     120832 total
[2020-09-11T14:40:58.813+0000][1][gc,heap      ] GC(86) ParNew: 68255K->121K(76672K)
[2020-09-11T14:40:58.813+0000][1][gc,heap      ] GC(86) CMS: 102524K->102530K(2011968K)
[2020-09-11T14:40:58.813+0000][1][gc,metaspace ] GC(86) Metaspace: 85916K->85916K(1128448K)
[2020-09-11T14:40:58.813+0000][1][gc           ] GC(86) Pause Young (Allocation Failure) 166M->100M(2039M) 13.321ms
[2020-09-11T14:40:58.813+0000][1][gc,cpu       ] GC(86) User=0.02s Sys=0.00s Real=0.01s
[2020-09-11T14:40:58.813+0000][1][safepoint    ] Safepoint "GenCollectForAllocation", Time since last: 234643252 ns, Reaching safepoint: 196485 ns, At safepoint: 13384498 ns, Total: 13580983 ns
[2020-09-11T14:41:05.816+0000][1][safepoint    ] Safepoint "Cleanup", Time since last: 7002946047 ns, Reaching safepoint: 150011 ns, At safepoint: 17166 ns, Total: 167177 ns
[2020-09-11T14:41:11.817+0000][1][safepoint    ] Safepoint "Cleanup", Time since last: 6000855629 ns, Reaching safepoint: 75705 ns, At safepoint: 7733 ns, Total: 83438 ns
[2020-09-11T14:41:18.819+0000][1][safepoint    ] Safepoint "Cleanup", Time since last: 7001016958 ns, Reaching safepoint: 136212 ns, At safepoint: 17654 ns, Total: 153866 ns
[2020-09-11T14:41:21.820+0000][1][safepoint    ] Safepoint "Cleanup", Time since last: 3000841632 ns, Reaching safepoint: 175699 ns, At safepoint: 17126 ns, Total: 192825 ns
[2020-09-11T14:41:23.823+0000][1][safepoint    ] Safepoint "Cleanup", Time since last: 2002796607 ns, Reaching safepoint: 142507 ns, At safepoint: 17564 ns, Total: 160071 ns
[2020-09-11T14:41:35.824+0000][1][safepoint    ] Safepoint "Cleanup", Time since last: 12001521124 ns, Reaching safepoint: 128789 ns, At safepoint: 17821 ns, Total: 146610 ns
[2020-09-11T14:41:36.825+0000][1][safepoint    ] Safepoint "Cleanup", Time since last: 1000180987 ns, Reaching safepoint: 136994 ns, At safepoint: 15616 ns, Total: 152610 ns
[2020-09-11T14:41:37.825+0000][1][safepoint    ] Safepoint "Cleanup", Time since last: 1000172400 ns, Reaching safepoint: 120106 ns, At safepoint: 15238 ns, Total: 135344 ns
[2020-09-11T14:41:38.825+0000][1][safepoint    ] Safepoint "Cleanup", Time since last: 1000129798 ns, Reaching safepoint: 66599 ns, At safepoint: 5399 ns, Total: 71998 ns
[2020-09-11T14:41:39.825+0000][1][safepoint    ] Safepoint "Cleanup", Time since last: 1000099713 ns, Reaching safepoint: 76488 ns, At safepoint: 6864 ns, Total: 83352 ns
[2020-09-11T14:41:40.827+0000][1][safepoint    ] Safepoint "Cleanup", Time since last: 1001487072 ns, Reaching safepoint: 90250 ns, At safepoint: 7145 ns, Total: 97395 ns
[2020-09-11T14:41:41.827+0000][1][safepoint    ] Safepoint "Cleanup", Time since last: 1000426034 ns, Reaching safepoint: 72180 ns, At safepoint: 7805 ns, Total: 79985 ns
[2020-09-11T14:41:42.828+0000][1][safepoint    ] Safepoint "Cleanup", Time since last: 1000123804 ns, Reaching safepoint: 73773 ns, At safepoint: 7187 ns, Total: 80960 ns
[2020-09-11T14:41:43.830+0000][1][safepoint    ] Safepoint "Cleanup", Time since last: 1002150386 ns, Reaching safepoint: 78507 ns, At safepoint: 19604 ns, Total: 98111 ns
[2020-09-11T14:41:44.830+0000][1][safepoint    ] Safepoint "Cleanup", Time since last: 1000123308 ns, Reaching safepoint: 77366 ns, At safepoint: 8905 ns, Total: 86271 ns
[2020-09-11T14:41:45.830+0000][1][safepoint    ] Safepoint "Cleanup", Time since last: 1000119781 ns, Reaching safepoint: 79442 ns, At safepoint: 9257 ns, Total: 88699 ns
[2020-09-11T14:41:46.830+0000][1][safepoint    ] Safepoint "Cleanup", Time since last: 1000111943 ns, Reaching safepoint: 74908 ns, At safepoint: 9038 ns, Total: 83946 ns
[2020-09-11T14:41:47.831+0000][1][safepoint    ] Safepoint "Cleanup", Time since last: 1000106440 ns, Reaching safepoint: 70685 ns, At safepoint: 9090 ns, Total: 79775 ns
[2020-09-11T14:41:48.831+0000][1][safepoint    ] Safepoint "Cleanup", Time since last: 1000108027 ns, Reaching safepoint: 72345 ns, At safepoint: 8208 ns, Total: 80553 ns
[2020-09-11T14:41:49.831+0000][1][safepoint    ] Safepoint "Cleanup", Time since last: 1000115720 ns, Reaching safepoint: 69069 ns, At safepoint: 7363 ns, Total: 76432 ns
[2020-09-11T14:41:50.831+0000][1][safepoint    ] Safepoint "Cleanup", Time since last: 1000116018 ns, Reaching safepoint: 73781 ns, At safepoint: 6717 ns, Total: 80498 ns
[2020-09-11T14:41:51.831+0000][1][safepoint    ] Safepoint "Cleanup", Time since last: 1000114248 ns, Reaching safepoint: 79472 ns, At safepoint: 9075 ns, Total: 88547 ns
[2020-09-11T14:41:52.832+0000][1][safepoint    ] Safepoint "Cleanup", Time since last: 1000084777 ns, Reaching safepoint: 86030 ns, At safepoint: 10681 ns, Total: 96711 ns
[2020-09-11T14:41:53.832+0000][1][safepoint    ] Safepoint "Cleanup", Time since last: 1000113186 ns, Reaching safepoint: 74091 ns, At safepoint: 7341 ns, Total: 81432 ns
[2020-09-11T14:41:54.832+0000][1][safepoint    ] Safepoint "Cleanup", Time since last: 1000119440 ns, Reaching safepoint: 73213 ns, At safepoint: 8859 ns, Total: 82072 ns
[2020-09-11T14:41:55.832+0000][1][safepoint    ] Safepoint "Cleanup", Time since last: 1000109294 ns, Reaching safepoint: 72568 ns, At safepoint: 8709 ns, Total: 81277 ns
[2020-09-11T14:41:56.832+0000][1][safepoint    ] Safepoint "Cleanup", Time since last: 1000111189 ns, Reaching safepoint: 71082 ns, At safepoint: 8666 ns, Total: 79748 ns
[2020-09-11T14:41:57.497+0000][1][gc,start     ] GC(87) Pause Young (Allocation Failure)
[2020-09-11T14:41:57.497+0000][1][gc,task      ] GC(87) Using 1 workers of 1 for evacuation
[2020-09-11T14:41:57.519+0000][1][gc,age       ] GC(87) Desired survivor size 4358144 bytes, new threshold 6 (max threshold 6)
[2020-09-11T14:41:57.523+0000][1][gc,age       ] GC(87) Age table with threshold 6 (max threshold 6)
[2020-09-11T14:41:57.523+0000][1][gc,age       ] GC(87) - age   1:      32480 bytes,      32480 total
[2020-09-11T14:41:57.523+0000][1][gc,age       ] GC(87) - age   2:       1456 bytes,      33936 total
[2020-09-11T14:41:57.523+0000][1][gc,age       ] GC(87) - age   3:        920 bytes,      34856 total
[2020-09-11T14:41:57.523+0000][1][gc,age       ] GC(87) - age   4:       1728 bytes,      36584 total
[2020-09-11T14:41:57.523+0000][1][gc,age       ] GC(87) - age   5:      17240 bytes,      53824 total
[2020-09-11T14:41:57.523+0000][1][gc,age       ] GC(87) - age   6:       4128 bytes,      57952 total
[2020-09-11T14:41:57.523+0000][1][gc,heap      ] GC(87) ParNew: 68281K->103K(76672K)
[2020-09-11T14:41:57.523+0000][1][gc,heap      ] GC(87) CMS: 102530K->102533K(2011968K)
[2020-09-11T14:41:57.523+0000][1][gc,metaspace ] GC(87) Metaspace: 85932K->85932K(1128448K)
[2020-09-11T14:41:57.523+0000][1][gc           ] GC(87) Pause Young (Allocation Failure) 166M->100M(2039M) 26.222ms
[2020-09-11T14:41:57.523+0000][1][gc,cpu       ] GC(87) User=0.01s Sys=0.00s Real=0.02s
[2020-09-11T14:41:57.523+0000][1][safepoint    ] Safepoint "GenCollectForAllocation", Time since last: 664707359 ns, Reaching safepoint: 80354 ns, At safepoint: 26285193 ns, Total: 26365547 ns
[2020-09-11T14:41:58.524+0000][1][safepoint    ] Safepoint "Cleanup", Time since last: 1000188171 ns, Reaching safepoint: 67457 ns, At safepoint: 16322 ns, Total: 83779 ns
[2020-09-11T14:41:59.524+0000][1][safepoint    ] Safepoint "Cleanup", Time since last: 1000107371 ns, Reaching safepoint: 94307 ns, At safepoint: 14990 ns, Total: 109297 ns
[2020-09-11T14:42:00.524+0000][1][safepoint    ] Safepoint "Cleanup", Time since last: 1000112311 ns, Reaching safepoint: 67587 ns, At safepoint: 7016 ns, Total: 74603 ns
[2020-09-11T14:42:01.524+0000][1][safepoint    ] Safepoint "Cleanup", Time since last: 1000107443 ns, Reaching safepoint: 81909 ns, At safepoint: 9026 ns, Total: 90935 ns
[2020-09-11T14:42:02.524+0000][1][safepoint    ] Safepoint "Cleanup", Time since last: 1000106246 ns, Reaching safepoint: 67986 ns, At safepoint: 6771 ns, Total: 74757 ns
[2020-09-11T14:42:03.525+0000][1][safepoint    ] Safepoint "Cleanup", Time since last: 1000107732 ns, Reaching safepoint: 73172 ns, At safepoint: 7984 ns, Total: 81156 ns
[2020-09-11T14:42:04.525+0000][1][safepoint    ] Safepoint "Cleanup", Time since last: 1000102929 ns, Reaching safepoint: 70934 ns, At safepoint: 6654 ns, Total: 77588 ns
[2020-09-11T14:42:05.525+0000][1][safepoint    ] Safepoint "Cleanup", Time since last: 1000107246 ns, Reaching safepoint: 76976 ns, At safepoint: 7608 ns, Total: 84584 ns
[2020-09-11T14:42:06.525+0000][1][safepoint    ] Safepoint "Cleanup", Time since last: 1000110316 ns, Reaching safepoint: 74943 ns, At safepoint: 8054 ns, Total: 82997 ns
[2020-09-11T14:42:07.525+0000][1][safepoint    ] Safepoint "Cleanup", Time since last: 1000105084 ns, Reaching safepoint: 82099 ns, At safepoint: 8416 ns, Total: 90515 ns
[2020-09-11T14:42:08.526+0000][1][safepoint    ] Safepoint "Cleanup", Time since last: 1000106685 ns, Reaching safepoint: 72181 ns, At safepoint: 6568 ns, Total: 78749 ns
[2020-09-11T14:42:09.526+0000][1][safepoint    ] Safepoint "Cleanup", Time since last: 1000104085 ns, Reaching safepoint: 73330 ns, At safepoint: 6958 ns, Total: 80288 ns
[2020-09-11T14:42:10.526+0000][1][safepoint    ] Safepoint "Cleanup", Time since last: 1000115576 ns, Reaching safepoint: 63869 ns, At safepoint: 6347 ns, Total: 70216 ns
[2020-09-11T14:42:11.526+0000][1][safepoint    ] Safepoint "Cleanup", Time since last: 1000098033 ns, Reaching safepoint: 72486 ns, At safepoint: 7021 ns, Total: 79507 ns
[2020-09-11T14:42:12.526+0000][1][safepoint    ] Safepoint "Cleanup", Time since last: 1000114085 ns, Reaching safepoint: 75969 ns, At safepoint: 8542 ns, Total: 84511 ns
[2020-09-11T14:42:13.526+0000][1][safepoint    ] Safepoint "Cleanup", Time since last: 1000103954 ns, Reaching safepoint: 67438 ns, At safepoint: 5915 ns, Total: 73353 ns
[2020-09-11T14:42:14.527+0000][1][safepoint    ] Safepoint "Cleanup", Time since last: 1000115889 ns, Reaching safepoint: 70466 ns, At safepoint: 6751 ns, Total: 77217 ns
[2020-09-11T14:42:15.527+0000][1][safepoint    ] Safepoint "Cleanup", Time since last: 1000110779 ns, Reaching safepoint: 71872 ns, At safepoint: 7435 ns, Total: 79307 ns
[2020-09-11T14:42:16.527+0000][1][safepoint    ] Safepoint "Cleanup", Time since last: 1000113184 ns, Reaching safepoint: 73004 ns, At safepoint: 6500 ns, Total: 79504 ns
[2020-09-11T14:42:17.527+0000][1][safepoint    ] Safepoint "Cleanup", Time since last: 1000111918 ns, Reaching safepoint: 75941 ns, At safepoint: 8406 ns, Total: 84347 ns
[2020-09-11T14:42:18.527+0000][1][safepoint    ] Safepoint "Cleanup", Time since last: 1000117864 ns, Reaching safepoint: 92533 ns, At safepoint: 8724 ns, Total: 101257 ns
[2020-09-11T14:42:19.528+0000][1][safepoint    ] Safepoint "Cleanup", Time since last: 1000110906 ns, Reaching safepoint: 78790 ns, At safepoint: 8007 ns, Total: 86797 ns
[2020-09-11T14:42:20.528+0000][1][safepoint    ] Safepoint "Cleanup", Time since last: 1000178700 ns, Reaching safepoint: 133733 ns, At safepoint: 18169 ns, Total: 151902 ns
[2020-09-11T14:42:21.528+0000][1][safepoint    ] Safepoint "Cleanup", Time since last: 1000157139 ns, Reaching safepoint: 71531 ns, At safepoint: 6326 ns, Total: 77857 ns
[2020-09-11T14:42:22.528+0000][1][safepoint    ] Safepoint "Cleanup", Time since last: 1000109512 ns, Reaching safepoint: 69992 ns, At safepoint: 7169 ns, Total: 77161 ns
[2020-09-11T14:42:27.529+0000][1][safepoint    ] Safepoint "Cleanup", Time since last: 5000661827 ns, Reaching safepoint: 141043 ns, At safepoint: 17988 ns, Total: 159031 ns
[2020-09-11T14:42:36.531+0000][1][safepoint    ] Safepoint "Cleanup", Time since last: 9001416036 ns, Reaching safepoint: 104829 ns, At safepoint: 7404 ns, Total: 112233 ns
[2020-09-11T14:42:37.531+0000][1][safepoint    ] Safepoint "Cleanup", Time since last: 1000186752 ns, Reaching safepoint: 100552 ns, At safepoint: 6186 ns, Total: 106738 ns
[2020-09-11T14:42:41.532+0000][1][safepoint    ] Safepoint "Cleanup", Time since last: 4000619838 ns, Reaching safepoint: 128097 ns, At safepoint: 16752 ns, Total: 144849 ns
[2020-09-11T14:42:47.533+0000][1][safepoint    ] Safepoint "Cleanup", Time since last: 6000904962 ns, Reaching safepoint: 110571 ns, At safepoint: 7270 ns, Total: 117841 ns
[2020-09-11T14:42:49.533+0000][1][safepoint    ] Safepoint "Cleanup", Time since last: 2000337144 ns, Reaching safepoint: 98438 ns, At safepoint: 6669 ns, Total: 105107 ns
[2020-09-11T14:42:53.536+0000][1][safepoint    ] Safepoint "Cleanup", Time since last: 4002016001 ns, Reaching safepoint: 205315 ns, At safepoint: 17113 ns, Total: 222428 ns
[2020-09-11T14:42:54.536+0000][1][safepoint    ] Safepoint "Cleanup", Time since last: 1000193143 ns, Reaching safepoint: 114065 ns, At safepoint: 7186 ns, Total: 121251 ns
[2020-09-11T14:42:56.536+0000][1][safepoint    ] Safepoint "Cleanup", Time since last: 2000328399 ns, Reaching safepoint: 103255 ns, At safepoint: 7263 ns, Total: 110518 ns
[2020-09-11T14:42:56.732+0000][1][gc,start     ] GC(88) Pause Young (Allocation Failure)
[2020-09-11T14:42:56.732+0000][1][gc,task      ] GC(88) Using 1 workers of 1 for evacuation
[2020-09-11T14:42:56.745+0000][1][gc,age       ] GC(88) Desired survivor size 4358144 bytes, new threshold 6 (max threshold 6)
[2020-09-11T14:42:56.745+0000][1][gc,age       ] GC(88) Age table with threshold 6 (max threshold 6)
[2020-09-11T14:42:56.745+0000][1][gc,age       ] GC(88) - age   1:      29224 bytes,      29224 total
[2020-09-11T14:42:56.745+0000][1][gc,age       ] GC(88) - age   2:       6448 bytes,      35672 total
[2020-09-11T14:42:56.745+0000][1][gc,age       ] GC(88) - age   3:        184 bytes,      35856 total
[2020-09-11T14:42:56.745+0000][1][gc,age       ] GC(88) - age   4:        920 bytes,      36776 total
[2020-09-11T14:42:56.745+0000][1][gc,age       ] GC(88) - age   5:       1728 bytes,      38504 total
[2020-09-11T14:42:56.745+0000][1][gc,age       ] GC(88) - age   6:      17240 bytes,      55744 total
[2020-09-11T14:42:56.745+0000][1][gc,heap      ] GC(88) ParNew: 68263K->94K(76672K)
[2020-09-11T14:42:56.745+0000][1][gc,heap      ] GC(88) CMS: 102533K->102537K(2011968K)
[2020-09-11T14:42:56.745+0000][1][gc,metaspace ] GC(88) Metaspace: 85935K->85935K(1128448K)
[2020-09-11T14:42:56.745+0000][1][gc           ] GC(88) Pause Young (Allocation Failure) 166M->100M(2039M) 13.346ms
[2020-09-11T14:42:56.745+0000][1][gc,cpu       ] GC(88) User=0.02s Sys=0.00s Real=0.02s
[2020-09-11T14:42:56.745+0000][1][safepoint    ] Safepoint "GenCollectForAllocation", Time since last: 195166806 ns, Reaching safepoint: 178005 ns, At safepoint: 13462206 ns, Total: 13640211 ns
[2020-09-11T14:42:57.752+0000][1][safepoint    ] Safepoint "Cleanup", Time since last: 1006396742 ns, Reaching safepoint: 135367 ns, At safepoint: 48819 ns, Total: 184186 ns
[2020-09-11T14:43:06.753+0000][1][safepoint    ] Safepoint "Cleanup", Time since last: 9001163002 ns, Reaching safepoint: 92715 ns, At safepoint: 6772 ns, Total: 99487 ns
[2020-09-11T14:43:16.754+0000][1][safepoint    ] Safepoint "Cleanup", Time since last: 10001405450 ns, Reaching safepoint: 93899 ns, At safepoint: 7037 ns, Total: 100936 ns
[2020-09-11T14:43:26.759+0000][1][safepoint    ] Safepoint "Cleanup", Time since last: 10004666663 ns, Reaching safepoint: 180572 ns, At safepoint: 6853 ns, Total: 187425 ns
[2020-09-11T14:43:27.760+0000][1][safepoint    ] Safepoint "Cleanup", Time since last: 1000100361 ns, Reaching safepoint: 188849 ns, At safepoint: 7524 ns, Total: 196373 ns
[2020-09-11T14:43:36.761+0000][1][safepoint    ] Safepoint "Cleanup", Time since last: 9001131910 ns, Reaching safepoint: 101662 ns, At safepoint: 7751 ns, Total: 109413 ns
[2020-09-11T14:43:45.762+0000][1][safepoint    ] Safepoint "Cleanup", Time since last: 9001195792 ns, Reaching safepoint: 110113 ns, At safepoint: 8079 ns, Total: 118192 ns
[2020-09-11T14:43:47.763+0000][1][safepoint    ] Safepoint "Cleanup", Time since last: 2000383591 ns, Reaching safepoint: 93120 ns, At safepoint: 7657 ns, Total: 100777 ns
[2020-09-11T14:43:56.806+0000][1][gc,start     ] GC(89) Pause Young (Allocation Failure)
[2020-09-11T14:43:56.806+0000][1][gc,task      ] GC(89) Using 1 workers of 1 for evacuation
[2020-09-11T14:43:56.819+0000][1][gc,age       ] GC(89) Desired survivor size 4358144 bytes, new threshold 6 (max threshold 6)
[2020-09-11T14:43:56.819+0000][1][gc,age       ] GC(89) Age table with threshold 6 (max threshold 6)
[2020-09-11T14:43:56.819+0000][1][gc,age       ] GC(89) - age   1:      29752 bytes,      29752 total
[2020-09-11T14:43:56.819+0000][1][gc,age       ] GC(89) - age   2:       3416 bytes,      33168 total
[2020-09-11T14:43:56.819+0000][1][gc,age       ] GC(89) - age   3:       2728 bytes,      35896 total
[2020-09-11T14:43:56.819+0000][1][gc,age       ] GC(89) - age   4:        184 bytes,      36080 total
[2020-09-11T14:43:56.819+0000][1][gc,age       ] GC(89) - age   5:        920 bytes,      37000 total
[2020-09-11T14:43:56.819+0000][1][gc,age       ] GC(89) - age   6:       1728 bytes,      38728 total
[2020-09-11T14:43:56.819+0000][1][gc,heap      ] GC(89) ParNew: 68254K->64K(76672K)
[2020-09-11T14:43:56.819+0000][1][gc,heap      ] GC(89) CMS: 102537K->102553K(2011968K)
[2020-09-11T14:43:56.819+0000][1][gc,metaspace ] GC(89) Metaspace: 85946K->85946K(1128448K)
[2020-09-11T14:43:56.819+0000][1][gc           ] GC(89) Pause Young (Allocation Failure) 166M->100M(2039M) 13.134ms
[2020-09-11T14:43:56.819+0000][1][gc,cpu       ] GC(89) User=0.01s Sys=0.00s Real=0.01s
[2020-09-11T14:43:56.819+0000][1][safepoint    ] Safepoint "GenCollectForAllocation", Time since last: 9042940465 ns, Reaching safepoint: 185106 ns, At safepoint: 13239816 ns, Total: 13424922 ns
[2020-09-11T14:44:19.822+0000][1][safepoint    ] Safepoint "Cleanup", Time since last: 23003142007 ns, Reaching safepoint: 141726 ns, At safepoint: 18766 ns, Total: 160492 ns
[2020-09-11T14:44:22.823+0000][1][safepoint    ] Safepoint "Cleanup", Time since last: 3000490594 ns, Reaching safepoint: 134012 ns, At safepoint: 17727 ns, Total: 151739 ns
[2020-09-11T14:44:23.823+0000][1][safepoint    ] Safepoint "Cleanup", Time since last: 1000219291 ns, Reaching safepoint: 128602 ns, At safepoint: 17126 ns, Total: 145728 ns
[2020-09-11T14:44:27.824+0000][1][safepoint    ] Safepoint "Cleanup", Time since last: 4000665643 ns, Reaching safepoint: 104406 ns, At safepoint: 7661 ns, Total: 112067 ns
[2020-09-11T14:44:28.676+0000][1][safepoint    ] Safepoint "RevokeBias", Time since last: 851918085 ns, Reaching safepoint: 209103 ns, At safepoint: 68190 ns, Total: 277293 ns
[2020-09-11T14:44:29.677+0000][1][safepoint    ] Safepoint "Cleanup", Time since last: 1000210018 ns, Reaching safepoint: 100667 ns, At safepoint: 7397 ns, Total: 108064 ns
[2020-09-11T14:44:35.678+0000][1][safepoint    ] Safepoint "Cleanup", Time since last: 6000911385 ns, Reaching safepoint: 139016 ns, At safepoint: 17704 ns, Total: 156720 ns
[2020-09-11T14:44:46.679+0000][1][safepoint    ] Safepoint "Cleanup", Time since last: 11001503111 ns, Reaching safepoint: 168260 ns, At safepoint: 19258 ns, Total: 187518 ns
[2020-09-11T14:44:47.680+0000][1][safepoint    ] Safepoint "Cleanup", Time since last: 1000237959 ns, Reaching safepoint: 133176 ns, At safepoint: 17527 ns, Total: 150703 ns
[2020-09-11T14:44:56.898+0000][1][gc,start     ] GC(90) Pause Young (Allocation Failure)
[2020-09-11T14:44:56.898+0000][1][gc,task      ] GC(90) Using 1 workers of 1 for evacuation
[2020-09-11T14:44:56.911+0000][1][gc,age       ] GC(90) Desired survivor size 4358144 bytes, new threshold 6 (max threshold 6)
[2020-09-11T14:44:56.911+0000][1][gc,age       ] GC(90) Age table with threshold 6 (max threshold 6)
[2020-09-11T14:44:56.911+0000][1][gc,age       ] GC(90) - age   1:      35048 bytes,      35048 total
[2020-09-11T14:44:56.911+0000][1][gc,age       ] GC(90) - age   2:       1592 bytes,      36640 total
[2020-09-11T14:44:56.911+0000][1][gc,age       ] GC(90) - age   3:       2176 bytes,      38816 total
[2020-09-11T14:44:56.911+0000][1][gc,age       ] GC(90) - age   4:       2696 bytes,      41512 total
[2020-09-11T14:44:56.911+0000][1][gc,age       ] GC(90) - age   5:        184 bytes,      41696 total
[2020-09-11T14:44:56.911+0000][1][gc,age       ] GC(90) - age   6:        920 bytes,      42616 total
[2020-09-11T14:44:56.911+0000][1][gc,heap      ] GC(90) ParNew: 68224K->44K(76672K)
[2020-09-11T14:44:56.911+0000][1][gc,heap      ] GC(90) CMS: 102553K->102555K(2011968K)
[2020-09-11T14:44:56.911+0000][1][gc,metaspace ] GC(90) Metaspace: 85957K->85957K(1128448K)
[2020-09-11T14:44:56.911+0000][1][gc           ] GC(90) Pause Young (Allocation Failure) 166M->100M(2039M) 13.723ms
[2020-09-11T14:44:56.911+0000][1][gc,cpu       ] GC(90) User=0.02s Sys=0.00s Real=0.01s
[2020-09-11T14:44:56.911+0000][1][safepoint    ] Safepoint "GenCollectForAllocation", Time since last: 9217560275 ns, Reaching safepoint: 185429 ns, At safepoint: 13797516 ns, Total: 13982945 ns
[2020-09-11T14:45:07.915+0000][1][safepoint    ] Safepoint "Cleanup", Time since last: 11003089047 ns, Reaching safepoint: 125262 ns, At safepoint: 8285 ns, Total: 133547 ns
[2020-09-11T14:45:08.915+0000][1][safepoint    ] Safepoint "Cleanup", Time since last: 1000196768 ns, Reaching safepoint: 149163 ns, At safepoint: 17363 ns, Total: 166526 ns
[2020-09-11T14:45:17.916+0000][1][safepoint    ] Safepoint "Cleanup", Time since last: 9001200618 ns, Reaching safepoint: 113039 ns, At safepoint: 8285 ns, Total: 121324 ns
[2020-09-11T14:45:27.918+0000][1][safepoint    ] Safepoint "Cleanup", Time since last: 10001499436 ns, Reaching safepoint: 108483 ns, At safepoint: 8175 ns, Total: 116658 ns
[2020-09-11T14:45:36.920+0000][1][safepoint    ] Safepoint "Cleanup", Time since last: 9001760732 ns, Reaching safepoint: 101792 ns, At safepoint: 7165 ns, Total: 108957 ns
[2020-09-11T14:45:41.921+0000][1][safepoint    ] Safepoint "Cleanup", Time since last: 5000796786 ns, Reaching safepoint: 102055 ns, At safepoint: 7695 ns, Total: 109750 ns
[2020-09-11T14:45:42.921+0000][1][safepoint    ] Safepoint "Cleanup", Time since last: 1000198557 ns, Reaching safepoint: 107133 ns, At safepoint: 6978 ns, Total: 114111 ns
[2020-09-11T14:45:43.921+0000][1][safepoint    ] Safepoint "Cleanup", Time since last: 1000222285 ns, Reaching safepoint: 144453 ns, At safepoint: 15539 ns, Total: 159992 ns
[2020-09-11T14:45:44.922+0000][1][safepoint    ] Safepoint "Cleanup", Time since last: 1000187618 ns, Reaching safepoint: 109400 ns, At safepoint: 6912 ns, Total: 116312 ns
[2020-09-11T14:45:45.922+0000][1][safepoint    ] Safepoint "Cleanup", Time since last: 1000196110 ns, Reaching safepoint: 101907 ns, At safepoint: 7614 ns, Total: 109521 ns
[2020-09-11T14:45:46.922+0000][1][safepoint    ] Safepoint "Cleanup", Time since last: 1000182759 ns, Reaching safepoint: 95272 ns, At safepoint: 6919 ns, Total: 102191 ns
[2020-09-11T14:45:47.922+0000][1][safepoint    ] Safepoint "Cleanup", Time since last: 1000183696 ns, Reaching safepoint: 99620 ns, At safepoint: 8247 ns, Total: 107867 ns
[2020-09-11T14:45:48.923+0000][1][safepoint    ] Safepoint "Cleanup", Time since last: 1000175053 ns, Reaching safepoint: 137526 ns, At safepoint: 17433 ns, Total: 154959 ns
[2020-09-11T14:45:49.923+0000][1][safepoint    ] Safepoint "Cleanup", Time since last: 1000228278 ns, Reaching safepoint: 138044 ns, At safepoint: 18656 ns, Total: 156700 ns
[2020-09-11T14:45:50.924+0000][1][safepoint    ] Safepoint "Cleanup", Time since last: 1000231564 ns, Reaching safepoint: 135167 ns, At safepoint: 15439 ns, Total: 150606 ns
[2020-09-11T14:45:51.924+0000][1][safepoint    ] Safepoint "Cleanup", Time since last: 1000238828 ns, Reaching safepoint: 111697 ns, At safepoint: 8302 ns, Total: 119999 ns
[2020-09-11T14:45:52.924+0000][1][safepoint    ] Safepoint "Cleanup", Time since last: 1000238558 ns, Reaching safepoint: 136437 ns, At safepoint: 16153 ns, Total: 152590 ns
[2020-09-11T14:45:53.925+0000][1][safepoint    ] Safepoint "Cleanup", Time since last: 1000260912 ns, Reaching safepoint: 98580 ns, At safepoint: 8039 ns, Total: 106619 ns
[2020-09-11T14:45:54.925+0000][1][safepoint    ] Safepoint "Cleanup", Time since last: 1000222510 ns, Reaching safepoint: 143376 ns, At safepoint: 17761 ns, Total: 161137 ns
[2020-09-11T14:45:55.925+0000][1][safepoint    ] Safepoint "Cleanup", Time since last: 1000216020 ns, Reaching safepoint: 104565 ns, At safepoint: 8058 ns, Total: 112623 ns
[2020-09-11T14:45:56.926+0000][1][safepoint    ] Safepoint "Cleanup", Time since last: 1000146962 ns, Reaching safepoint: 138034 ns, At safepoint: 16742 ns, Total: 154776 ns
[2020-09-11T14:45:56.991+0000][1][gc,start     ] GC(91) Pause Young (Allocation Failure)
[2020-09-11T14:45:56.992+0000][1][gc,task      ] GC(91) Using 1 workers of 1 for evacuation
[2020-09-11T14:45:57.004+0000][1][gc,age       ] GC(91) Desired survivor size 4358144 bytes, new threshold 6 (max threshold 6)
[2020-09-11T14:45:57.005+0000][1][gc,age       ] GC(91) Age table with threshold 6 (max threshold 6)
[2020-09-11T14:45:57.005+0000][1][gc,age       ] GC(91) - age   1:      34216 bytes,      34216 total
[2020-09-11T14:45:57.005+0000][1][gc,age       ] GC(91) - age   2:       5616 bytes,      39832 total
[2020-09-11T14:45:57.005+0000][1][gc,age       ] GC(91) - age   3:        232 bytes,      40064 total
[2020-09-11T14:45:57.005+0000][1][gc,age       ] GC(91) - age   4:       2176 bytes,      42240 total
[2020-09-11T14:45:57.005+0000][1][gc,age       ] GC(91) - age   5:       2696 bytes,      44936 total
[2020-09-11T14:45:57.005+0000][1][gc,age       ] GC(91) - age   6:        184 bytes,      45120 total
[2020-09-11T14:45:57.005+0000][1][gc,heap      ] GC(91) ParNew: 68204K->73K(76672K)
[2020-09-11T14:45:57.005+0000][1][gc,heap      ] GC(91) CMS: 102555K->102556K(2011968K)
[2020-09-11T14:45:57.005+0000][1][gc,metaspace ] GC(91) Metaspace: 85975K->85975K(1128448K)
[2020-09-11T14:45:57.005+0000][1][gc           ] GC(91) Pause Young (Allocation Failure) 166M->100M(2039M) 13.127ms
[2020-09-11T14:45:57.005+0000][1][gc,cpu       ] GC(91) User=0.01s Sys=0.00s Real=0.02s
[2020-09-11T14:45:57.005+0000][1][safepoint    ] Safepoint "GenCollectForAllocation", Time since last: 65583462 ns, Reaching safepoint: 196850 ns, At safepoint: 13193344 ns, Total: 13390194 ns
[2020-09-11T14:45:58.005+0000][1][safepoint    ] Safepoint "Cleanup", Time since last: 1000572741 ns, Reaching safepoint: 64328 ns, At safepoint: 4725 ns, Total: 69053 ns
[2020-09-11T14:45:59.006+0000][1][safepoint    ] Safepoint "Cleanup", Time since last: 1000539505 ns, Reaching safepoint: 232975 ns, At safepoint: 17059 ns, Total: 250034 ns
[2020-09-11T14:46:00.007+0000][1][safepoint    ] Safepoint "Cleanup", Time since last: 1000278804 ns, Reaching safepoint: 146630 ns, At safepoint: 12281 ns, Total: 158911 ns
[2020-09-11T14:46:01.007+0000][1][safepoint    ] Safepoint "Cleanup", Time since last: 1000388400 ns, Reaching safepoint: 128301 ns, At safepoint: 12475 ns, Total: 140776 ns
[2020-09-11T14:46:02.007+0000][1][safepoint    ] Safepoint "Cleanup", Time since last: 1000193397 ns, Reaching safepoint: 69191 ns, At safepoint: 7537 ns, Total: 76728 ns
[2020-09-11T14:46:03.008+0000][1][safepoint    ] Safepoint "Cleanup", Time since last: 1000174636 ns, Reaching safepoint: 179759 ns, At safepoint: 6594 ns, Total: 186353 ns
[2020-09-11T14:46:04.008+0000][1][safepoint    ] Safepoint "Cleanup", Time since last: 1000145349 ns, Reaching safepoint: 109578 ns, At safepoint: 6609 ns, Total: 116187 ns
[2020-09-11T14:46:05.008+0000][1][safepoint    ] Safepoint "Cleanup", Time since last: 1000170324 ns, Reaching safepoint: 180087 ns, At safepoint: 14763 ns, Total: 194850 ns
[2020-09-11T14:46:06.009+0000][1][safepoint    ] Safepoint "Cleanup", Time since last: 1000217376 ns, Reaching safepoint: 138037 ns, At safepoint: 17824 ns, Total: 155861 ns
[2020-09-11T14:46:07.009+0000][1][safepoint    ] Safepoint "Cleanup", Time since last: 1000257625 ns, Reaching safepoint: 99012 ns, At safepoint: 7612 ns, Total: 106624 ns
[2020-09-11T14:46:08.009+0000][1][safepoint    ] Safepoint "Cleanup", Time since last: 1000188161 ns, Reaching safepoint: 131429 ns, At safepoint: 18863 ns, Total: 150292 ns
[2020-09-11T14:46:09.010+0000][1][safepoint    ] Safepoint "Cleanup", Time since last: 1000215998 ns, Reaching safepoint: 137636 ns, At safepoint: 17898 ns, Total: 155534 ns
[2020-09-11T14:46:10.010+0000][1][safepoint    ] Safepoint "Cleanup", Time since last: 1000216801 ns, Reaching safepoint: 128155 ns, At safepoint: 17750 ns, Total: 145905 ns
[2020-09-11T14:46:11.010+0000][1][safepoint    ] Safepoint "Cleanup", Time since last: 1000179945 ns, Reaching safepoint: 130523 ns, At safepoint: 17437 ns, Total: 147960 ns
[2020-09-11T14:46:12.011+0000][1][safepoint    ] Safepoint "Cleanup", Time since last: 1000214468 ns, Reaching safepoint: 90911 ns, At safepoint: 8531 ns, Total: 99442 ns
[2020-09-11T14:46:13.011+0000][1][safepoint    ] Safepoint "Cleanup", Time since last: 1000138560 ns, Reaching safepoint: 126306 ns, At safepoint: 14494 ns, Total: 140800 ns
[2020-09-11T14:46:14.011+0000][1][safepoint    ] Safepoint "Cleanup", Time since last: 1000298887 ns, Reaching safepoint: 112350 ns, At safepoint: 6657 ns, Total: 119007 ns
[2020-09-11T14:46:15.012+0000][1][safepoint    ] Safepoint "Cleanup", Time since last: 1000185768 ns, Reaching safepoint: 94295 ns, At safepoint: 6916 ns, Total: 101211 ns
[2020-09-11T14:46:16.012+0000][1][safepoint    ] Safepoint "Cleanup", Time since last: 1000169103 ns, Reaching safepoint: 127874 ns, At safepoint: 16995 ns, Total: 144869 ns
[2020-09-11T14:46:17.012+0000][1][safepoint    ] Safepoint "Cleanup", Time since last: 1000193572 ns, Reaching safepoint: 112954 ns, At safepoint: 8330 ns, Total: 121284 ns
[2020-09-11T14:46:18.013+0000][1][safepoint    ] Safepoint "Cleanup", Time since last: 1000175494 ns, Reaching safepoint: 101387 ns, At safepoint: 7718 ns, Total: 109105 ns
[2020-09-11T14:46:19.013+0000][1][safepoint    ] Safepoint "Cleanup", Time since last: 1000180665 ns, Reaching safepoint: 96595 ns, At safepoint: 6326 ns, Total: 102921 ns
[2020-09-11T14:46:20.013+0000][1][safepoint    ] Safepoint "Cleanup", Time since last: 1000190599 ns, Reaching safepoint: 98929 ns, At safepoint: 7141 ns, Total: 106070 ns
[2020-09-11T14:46:21.014+0000][1][safepoint    ] Safepoint "Cleanup", Time since last: 1000142507 ns, Reaching safepoint: 131573 ns, At safepoint: 15662 ns, Total: 147235 ns
[2020-09-11T14:46:22.014+0000][1][safepoint    ] Safepoint "Cleanup", Time since last: 1000215109 ns, Reaching safepoint: 94409 ns, At safepoint: 7294 ns, Total: 101703 ns
[2020-09-11T14:46:23.014+0000][1][safepoint    ] Safepoint "Cleanup", Time since last: 1000140239 ns, Reaching safepoint: 128041 ns, At safepoint: 16320 ns, Total: 144361 ns
[2020-09-11T14:46:24.015+0000][1][safepoint    ] Safepoint "Cleanup", Time since last: 1000232360 ns, Reaching safepoint: 136604 ns, At safepoint: 17620 ns, Total: 154224 ns
[2020-09-11T14:46:25.015+0000][1][safepoint    ] Safepoint "Cleanup", Time since last: 1000185028 ns, Reaching safepoint: 137145 ns, At safepoint: 16856 ns, Total: 154001 ns
[2020-09-11T14:46:26.015+0000][1][safepoint    ] Safepoint "Cleanup", Time since last: 1000236303 ns, Reaching safepoint: 127313 ns, At safepoint: 18195 ns, Total: 145508 ns
[2020-09-11T14:46:27.016+0000][1][safepoint    ] Safepoint "Cleanup", Time since last: 1000266716 ns, Reaching safepoint: 64198 ns, At safepoint: 7462 ns, Total: 71660 ns
[2020-09-11T14:46:28.017+0000][1][safepoint    ] Safepoint "Cleanup", Time since last: 1000812099 ns, Reaching safepoint: 104124 ns, At safepoint: 7801 ns, Total: 111925 ns
[2020-09-11T14:46:29.017+0000][1][safepoint    ] Safepoint "Cleanup", Time since last: 1000186442 ns, Reaching safepoint: 103849 ns, At safepoint: 6649 ns, Total: 110498 ns
[2020-09-11T14:46:30.017+0000][1][safepoint    ] Safepoint "Cleanup", Time since last: 1000202700 ns, Reaching safepoint: 148170 ns, At safepoint: 18262 ns, Total: 166432 ns
[2020-09-11T14:46:31.018+0000][1][safepoint    ] Safepoint "Cleanup", Time since last: 1000250414 ns, Reaching safepoint: 135872 ns, At safepoint: 16738 ns, Total: 152610 ns
[2020-09-11T14:46:32.018+0000][1][safepoint    ] Safepoint "Cleanup", Time since last: 1000167409 ns, Reaching safepoint: 268958 ns, At safepoint: 19004 ns, Total: 287962 ns
[2020-09-11T14:46:33.035+0000][1][safepoint    ] Safepoint "Cleanup", Time since last: 1016779767 ns, Reaching safepoint: 119718 ns, At safepoint: 15813 ns, Total: 135531 ns
[2020-09-11T14:46:34.035+0000][1][safepoint    ] Safepoint "Cleanup", Time since last: 1000214503 ns, Reaching safepoint: 126958 ns, At safepoint: 16698 ns, Total: 143656 ns
[2020-09-11T14:46:35.036+0000][1][safepoint    ] Safepoint "Cleanup", Time since last: 1000236976 ns, Reaching safepoint: 141983 ns, At safepoint: 18335 ns, Total: 160318 ns
[2020-09-11T14:46:36.036+0000][1][safepoint    ] Safepoint "Cleanup", Time since last: 1000189353 ns, Reaching safepoint: 165787 ns, At safepoint: 17661 ns, Total: 183448 ns
[2020-09-11T14:46:37.036+0000][1][safepoint    ] Safepoint "Cleanup", Time since last: 1000183128 ns, Reaching safepoint: 75988 ns, At safepoint: 7095 ns, Total: 83083 ns
[2020-09-11T14:46:38.037+0000][1][safepoint    ] Safepoint "Cleanup", Time since last: 1000187533 ns, Reaching safepoint: 127884 ns, At safepoint: 16832 ns, Total: 144716 ns
[2020-09-11T14:46:39.037+0000][1][safepoint    ] Safepoint "Cleanup", Time since last: 1000219270 ns, Reaching safepoint: 95623 ns, At safepoint: 5963 ns, Total: 101586 ns
[2020-09-11T14:46:40.037+0000][1][safepoint    ] Safepoint "Cleanup", Time since last: 1000181830 ns, Reaching safepoint: 125702 ns, At safepoint: 16595 ns, Total: 142297 ns
[2020-09-11T14:46:41.038+0000][1][safepoint    ] Safepoint "Cleanup", Time since last: 1000222187 ns, Reaching safepoint: 124766 ns, At safepoint: 15950 ns, Total: 140716 ns
[2020-09-11T14:46:42.038+0000][1][safepoint    ] Safepoint "Cleanup", Time since last: 1000227953 ns, Reaching safepoint: 101799 ns, At safepoint: 7176 ns, Total: 108975 ns
[2020-09-11T14:46:43.038+0000][1][safepoint    ] Safepoint "Cleanup", Time since last: 1000148810 ns, Reaching safepoint: 119457 ns, At safepoint: 5285 ns, Total: 124742 ns
[2020-09-11T14:46:44.039+0000][1][safepoint    ] Safepoint "Cleanup", Time since last: 1000190530 ns, Reaching safepoint: 84698 ns, At safepoint: 6743 ns, Total: 91441 ns
[2020-09-11T14:46:45.039+0000][1][safepoint    ] Safepoint "Cleanup", Time since last: 1000179847 ns, Reaching safepoint: 93764 ns, At safepoint: 6205 ns, Total: 99969 ns
[2020-09-11T14:46:46.039+0000][1][safepoint    ] Safepoint "Cleanup", Time since last: 1000139542 ns, Reaching safepoint: 124833 ns, At safepoint: 15041 ns, Total: 139874 ns
[2020-09-11T14:46:47.040+0000][1][safepoint    ] Safepoint "Cleanup", Time since last: 1000170483 ns, Reaching safepoint: 193334 ns, At safepoint: 18028 ns, Total: 211362 ns
[2020-09-11T14:46:48.040+0000][1][safepoint    ] Safepoint "Cleanup", Time since last: 1000229376 ns, Reaching safepoint: 135768 ns, At safepoint: 18763 ns, Total: 154531 ns
[2020-09-11T14:46:49.040+0000][1][safepoint    ] Safepoint "Cleanup", Time since last: 1000223800 ns, Reaching safepoint: 135358 ns, At safepoint: 17383 ns, Total: 152741 ns
[2020-09-11T14:46:50.041+0000][1][safepoint    ] Safepoint "Cleanup", Time since last: 1000225551 ns, Reaching safepoint: 148485 ns, At safepoint: 19180 ns, Total: 167665 ns
[2020-09-11T14:46:51.041+0000][1][safepoint    ] Safepoint "Cleanup", Time since last: 1000184648 ns, Reaching safepoint: 115350 ns, At safepoint: 7047 ns, Total: 122397 ns
[2020-09-11T14:46:52.041+0000][1][safepoint    ] Safepoint "Cleanup", Time since last: 1000186660 ns, Reaching safepoint: 100233 ns, At safepoint: 7035 ns, Total: 107268 ns
[2020-09-11T14:46:53.042+0000][1][safepoint    ] Safepoint "Cleanup", Time since last: 1000185248 ns, Reaching safepoint: 97419 ns, At safepoint: 6674 ns, Total: 104093 ns
[2020-09-11T14:46:54.042+0000][1][safepoint    ] Safepoint "Cleanup", Time since last: 1000176482 ns, Reaching safepoint: 137666 ns, At safepoint: 18309 ns, Total: 155975 ns
[2020-09-11T14:46:55.042+0000][1][safepoint    ] Safepoint "Cleanup", Time since last: 1000268136 ns, Reaching safepoint: 133239 ns, At safepoint: 17487 ns, Total: 150726 ns
[2020-09-11T14:46:56.044+0000][1][safepoint    ] Safepoint "Cleanup", Time since last: 1001089897 ns, Reaching safepoint: 136249 ns, At safepoint: 16852 ns, Total: 153101 ns
[2020-09-11T14:46:57.044+0000][1][safepoint    ] Safepoint "Cleanup", Time since last: 1000187074 ns, Reaching safepoint: 144137 ns, At safepoint: 17343 ns, Total: 161480 ns
[2020-09-11T14:46:57.052+0000][1][gc,start     ] GC(92) Pause Young (Allocation Failure)
[2020-09-11T14:46:57.053+0000][1][gc,task      ] GC(92) Using 1 workers of 1 for evacuation
[2020-09-11T14:46:57.066+0000][1][gc,age       ] GC(92) Desired survivor size 4358144 bytes, new threshold 6 (max threshold 6)
[2020-09-11T14:46:57.066+0000][1][gc,age       ] GC(92) Age table with threshold 6 (max threshold 6)
[2020-09-11T14:46:57.066+0000][1][gc,age       ] GC(92) - age   1:      32504 bytes,      32504 total
[2020-09-11T14:46:57.066+0000][1][gc,age       ] GC(92) - age   2:       3872 bytes,      36376 total
[2020-09-11T14:46:57.066+0000][1][gc,age       ] GC(92) - age   3:       4376 bytes,      40752 total
[2020-09-11T14:46:57.066+0000][1][gc,age       ] GC(92) - age   4:        232 bytes,      40984 total
[2020-09-11T14:46:57.066+0000][1][gc,age       ] GC(92) - age   5:       2176 bytes,      43160 total
[2020-09-11T14:46:57.066+0000][1][gc,age       ] GC(92) - age   6:       2696 bytes,      45856 total
[2020-09-11T14:46:57.066+0000][1][gc,heap      ] GC(92) ParNew: 68233K->51K(76672K)
[2020-09-11T14:46:57.066+0000][1][gc,heap      ] GC(92) CMS: 102556K->102556K(2011968K)
[2020-09-11T14:46:57.066+0000][1][gc,metaspace ] GC(92) Metaspace: 86014K->86014K(1128448K)
[2020-09-11T14:46:57.066+0000][1][gc           ] GC(92) Pause Young (Allocation Failure) 166M->100M(2039M) 13.321ms
[2020-09-11T14:46:57.066+0000][1][gc,cpu       ] GC(92) User=0.01s Sys=0.00s Real=0.02s
[2020-09-11T14:46:57.066+0000][1][safepoint    ] Safepoint "GenCollectForAllocation", Time since last: 8370786 ns, Reaching safepoint: 182543 ns, At safepoint: 13389942 ns, Total: 13572485 ns
[2020-09-11T14:46:58.067+0000][1][safepoint    ] Safepoint "Cleanup", Time since last: 1001251704 ns, Reaching safepoint: 125428 ns, At safepoint: 39387 ns, Total: 164815 ns
[2020-09-11T14:46:59.068+0000][1][safepoint    ] Safepoint "Cleanup", Time since last: 1000211017 ns, Reaching safepoint: 123985 ns, At safepoint: 26655 ns, Total: 150640 ns
[2020-09-11T14:47:00.068+0000][1][safepoint    ] Safepoint "Cleanup", Time since last: 1000221902 ns, Reaching safepoint: 125796 ns, At safepoint: 12703 ns, Total: 138499 ns
[2020-09-11T14:47:01.069+0000][1][safepoint    ] Safepoint "Cleanup", Time since last: 1001026213 ns, Reaching safepoint: 125275 ns, At safepoint: 13060 ns, Total: 138335 ns
[2020-09-11T14:47:02.070+0000][1][safepoint    ] Safepoint "Cleanup", Time since last: 1000175328 ns, Reaching safepoint: 229517 ns, At safepoint: 17597 ns, Total: 247114 ns
[2020-09-11T14:47:03.070+0000][1][safepoint    ] Safepoint "Cleanup", Time since last: 1000177416 ns, Reaching safepoint: 135642 ns, At safepoint: 15118 ns, Total: 150760 ns
[2020-09-11T14:47:04.070+0000][1][safepoint    ] Safepoint "Cleanup", Time since last: 1000227947 ns, Reaching safepoint: 136557 ns, At safepoint: 18279 ns, Total: 154836 ns
[2020-09-11T14:47:05.071+0000][1][safepoint    ] Safepoint "Cleanup", Time since last: 1000222260 ns, Reaching safepoint: 153729 ns, At safepoint: 18416 ns, Total: 172145 ns
[2020-09-11T14:47:08.072+0000][1][safepoint    ] Safepoint "Cleanup", Time since last: 3001249087 ns, Reaching safepoint: 94652 ns, At safepoint: 6980 ns, Total: 101632 ns
[2020-09-11T14:47:11.073+0000][1][safepoint    ] Safepoint "Cleanup", Time since last: 3000371309 ns, Reaching safepoint: 147396 ns, At safepoint: 18201 ns, Total: 165597 ns
[2020-09-11T14:47:14.073+0000][1][safepoint    ] Safepoint "Cleanup", Time since last: 3000493342 ns, Reaching safepoint: 113229 ns, At safepoint: 7395 ns, Total: 120624 ns
[2020-09-11T14:47:18.074+0000][1][safepoint    ] Safepoint "Cleanup", Time since last: 4000588611 ns, Reaching safepoint: 102308 ns, At safepoint: 7356 ns, Total: 109664 ns
[2020-09-11T14:47:27.075+0000][1][safepoint    ] Safepoint "Cleanup", Time since last: 9001224495 ns, Reaching safepoint: 147973 ns, At safepoint: 16825 ns, Total: 164798 ns
[2020-09-11T14:47:33.076+0000][1][safepoint    ] Safepoint "Cleanup", Time since last: 6000854623 ns, Reaching safepoint: 148815 ns, At safepoint: 17948 ns, Total: 166763 ns
[2020-09-11T14:47:35.077+0000][1][safepoint    ] Safepoint "Cleanup", Time since last: 2000358922 ns, Reaching safepoint: 101197 ns, At safepoint: 6899 ns, Total: 108096 ns
[2020-09-11T14:47:36.077+0000][1][safepoint    ] Safepoint "Cleanup", Time since last: 1000156763 ns, Reaching safepoint: 141959 ns, At safepoint: 17741 ns, Total: 159700 ns
[2020-09-11T14:47:38.078+0000][1][safepoint    ] Safepoint "Cleanup", Time since last: 2000384779 ns, Reaching safepoint: 152420 ns, At safepoint: 19555 ns, Total: 171975 ns
[2020-09-11T14:47:49.080+0000][1][safepoint    ] Safepoint "Cleanup", Time since last: 11002207356 ns, Reaching safepoint: 112303 ns, At safepoint: 5941 ns, Total: 118244 ns
[2020-09-11T14:47:57.148+0000][1][gc,start     ] GC(93) Pause Young (Allocation Failure)
[2020-09-11T14:47:57.148+0000][1][gc,task      ] GC(93) Using 1 workers of 1 for evacuation
[2020-09-11T14:47:57.160+0000][1][gc,age       ] GC(93) Desired survivor size 4358144 bytes, new threshold 6 (max threshold 6)
[2020-09-11T14:47:57.160+0000][1][gc,age       ] GC(93) Age table with threshold 6 (max threshold 6)
[2020-09-11T14:47:57.160+0000][1][gc,age       ] GC(93) - age   1:      30760 bytes,      30760 total
[2020-09-11T14:47:57.160+0000][1][gc,age       ] GC(93) - age   2:       1880 bytes,      32640 total
[2020-09-11T14:47:57.160+0000][1][gc,age       ] GC(93) - age   3:       3872 bytes,      36512 total
[2020-09-11T14:47:57.160+0000][1][gc,age       ] GC(93) - age   4:       4344 bytes,      40856 total
[2020-09-11T14:47:57.160+0000][1][gc,age       ] GC(93) - age   5:        232 bytes,      41088 total
[2020-09-11T14:47:57.160+0000][1][gc,age       ] GC(93) - age   6:       2176 bytes,      43264 total
[2020-09-11T14:47:57.160+0000][1][gc,heap      ] GC(93) ParNew: 68211K->80K(76672K)
[2020-09-11T14:47:57.160+0000][1][gc,heap      ] GC(93) CMS: 102556K->102559K(2011968K)
[2020-09-11T14:47:57.160+0000][1][gc,metaspace ] GC(93) Metaspace: 86018K->86018K(1128448K)
[2020-09-11T14:47:57.160+0000][1][gc           ] GC(93) Pause Young (Allocation Failure) 166M->100M(2039M) 12.053ms
[2020-09-11T14:47:57.160+0000][1][gc,cpu       ] GC(93) User=0.01s Sys=0.00s Real=0.01s
[2020-09-11T14:47:57.160+0000][1][safepoint    ] Safepoint "GenCollectForAllocation", Time since last: 8067816969 ns, Reaching safepoint: 181840 ns, At safepoint: 12122380 ns, Total: 12304220 ns
[2020-09-11T14:48:20.165+0000][1][safepoint    ] Safepoint "Cleanup", Time since last: 23004306933 ns, Reaching safepoint: 142958 ns, At safepoint: 17046 ns, Total: 160004 ns
[2020-09-11T14:48:24.165+0000][1][safepoint    ] Safepoint "Cleanup", Time since last: 4000604106 ns, Reaching safepoint: 129662 ns, At safepoint: 6842 ns, Total: 136504 ns
[2020-09-11T14:48:25.166+0000][1][safepoint    ] Safepoint "Cleanup", Time since last: 1000170448 ns, Reaching safepoint: 99335 ns, At safepoint: 6249 ns, Total: 105584 ns
[2020-09-11T14:48:26.166+0000][1][safepoint    ] Safepoint "Cleanup", Time since last: 1000183180 ns, Reaching safepoint: 102696 ns, At safepoint: 6584 ns, Total: 109280 ns
[2020-09-11T14:48:57.245+0000][1][gc,start     ] GC(94) Pause Young (Allocation Failure)
[2020-09-11T14:48:57.245+0000][1][gc,task      ] GC(94) Using 1 workers of 1 for evacuation
[2020-09-11T14:48:57.258+0000][1][gc,age       ] GC(94) Desired survivor size 4358144 bytes, new threshold 6 (max threshold 6)
[2020-09-11T14:48:57.258+0000][1][gc,age       ] GC(94) Age table with threshold 6 (max threshold 6)
[2020-09-11T14:48:57.258+0000][1][gc,age       ] GC(94) - age   1:      29832 bytes,      29832 total
[2020-09-11T14:48:57.258+0000][1][gc,age       ] GC(94) - age   2:       1400 bytes,      31232 total
[2020-09-11T14:48:57.258+0000][1][gc,age       ] GC(94) - age   3:        608 bytes,      31840 total
[2020-09-11T14:48:57.258+0000][1][gc,age       ] GC(94) - age   4:       3752 bytes,      35592 total
[2020-09-11T14:48:57.258+0000][1][gc,age       ] GC(94) - age   5:       4344 bytes,      39936 total
[2020-09-11T14:48:57.258+0000][1][gc,age       ] GC(94) - age   6:        232 bytes,      40168 total
[2020-09-11T14:48:57.258+0000][1][gc,heap      ] GC(94) ParNew: 68240K->51K(76672K)
[2020-09-11T14:48:57.258+0000][1][gc,heap      ] GC(94) CMS: 102559K->102561K(2011968K)
[2020-09-11T14:48:57.258+0000][1][gc,metaspace ] GC(94) Metaspace: 86018K->86018K(1128448K)
[2020-09-11T14:48:57.258+0000][1][gc           ] GC(94) Pause Young (Allocation Failure) 166M->100M(2039M) 12.685ms
[2020-09-11T14:48:57.258+0000][1][gc,cpu       ] GC(94) User=0.01s Sys=0.00s Real=0.01s
[2020-09-11T14:48:57.258+0000][1][safepoint    ] Safepoint "GenCollectForAllocation", Time since last: 31079045632 ns, Reaching safepoint: 196216 ns, At safepoint: 12778576 ns, Total: 12974792 ns
[2020-09-11T14:48:59.258+0000][1][safepoint    ] Safepoint "Cleanup", Time since last: 2000299503 ns, Reaching safepoint: 87575 ns, At safepoint: 9686 ns, Total: 97261 ns
[2020-09-11T14:49:00.258+0000][1][safepoint    ] Safepoint "Cleanup", Time since last: 1000116942 ns, Reaching safepoint: 81321 ns, At safepoint: 6762 ns, Total: 88083 ns
[2020-09-11T14:49:01.259+0000][1][safepoint    ] Safepoint "Cleanup", Time since last: 1000177251 ns, Reaching safepoint: 96692 ns, At safepoint: 6866 ns, Total: 103558 ns
[2020-09-11T14:49:02.259+0000][1][safepoint    ] Safepoint "Cleanup", Time since last: 1000170939 ns, Reaching safepoint: 90798 ns, At safepoint: 7696 ns, Total: 98494 ns
[2020-09-11T14:49:03.259+0000][1][safepoint    ] Safepoint "Cleanup", Time since last: 1000179612 ns, Reaching safepoint: 87231 ns, At safepoint: 6510 ns, Total: 93741 ns
[2020-09-11T14:49:04.260+0000][1][safepoint    ] Safepoint "Cleanup", Time since last: 1000168976 ns, Reaching safepoint: 92517 ns, At safepoint: 7954 ns, Total: 100471 ns
[2020-09-11T14:49:05.260+0000][1][safepoint    ] Safepoint "Cleanup", Time since last: 1000148960 ns, Reaching safepoint: 101074 ns, At safepoint: 6317 ns, Total: 107391 ns
[2020-09-11T14:49:06.260+0000][1][safepoint    ] Safepoint "Cleanup", Time since last: 1000176683 ns, Reaching safepoint: 119240 ns, At safepoint: 18162 ns, Total: 137402 ns
[2020-09-11T14:49:07.260+0000][1][safepoint    ] Safepoint "Cleanup", Time since last: 1000210061 ns, Reaching safepoint: 104317 ns, At safepoint: 6561 ns, Total: 110878 ns
[2020-09-11T14:49:08.261+0000][1][safepoint    ] Safepoint "Cleanup", Time since last: 1000149364 ns, Reaching safepoint: 103630 ns, At safepoint: 6606 ns, Total: 110236 ns
[2020-09-11T14:49:09.261+0000][1][safepoint    ] Safepoint "Cleanup", Time since last: 1000172321 ns, Reaching safepoint: 122551 ns, At safepoint: 16034 ns, Total: 138585 ns
[2020-09-11T14:49:10.261+0000][1][safepoint    ] Safepoint "Cleanup", Time since last: 1000176201 ns, Reaching safepoint: 118306 ns, At safepoint: 6221 ns, Total: 124527 ns
[2020-09-11T14:49:11.262+0000][1][safepoint    ] Safepoint "Cleanup", Time since last: 1000166834 ns, Reaching safepoint: 122505 ns, At safepoint: 15766 ns, Total: 138271 ns
[2020-09-11T14:49:12.262+0000][1][safepoint    ] Safepoint "Cleanup", Time since last: 1000145638 ns, Reaching safepoint: 66696 ns, At safepoint: 7346 ns, Total: 74042 ns
[2020-09-11T14:49:13.262+0000][1][safepoint    ] Safepoint "Cleanup", Time since last: 1000138411 ns, Reaching safepoint: 130797 ns, At safepoint: 14456 ns, Total: 145253 ns
[2020-09-11T14:49:14.262+0000][1][safepoint    ] Safepoint "Cleanup", Time since last: 1000167881 ns, Reaching safepoint: 111635 ns, At safepoint: 6611 ns, Total: 118246 ns
[2020-09-11T14:49:15.263+0000][1][safepoint    ] Safepoint "Cleanup", Time since last: 1000167601 ns, Reaching safepoint: 95654 ns, At safepoint: 6579 ns, Total: 102233 ns
[2020-09-11T14:49:16.263+0000][1][safepoint    ] Safepoint "Cleanup", Time since last: 1000167548 ns, Reaching safepoint: 121408 ns, At safepoint: 7827 ns, Total: 129235 ns
[2020-09-11T14:49:17.263+0000][1][safepoint    ] Safepoint "Cleanup", Time since last: 1000100972 ns, Reaching safepoint: 175061 ns, At safepoint: 7063 ns, Total: 182124 ns
[2020-09-11T14:49:18.264+0000][1][safepoint    ] Safepoint "Cleanup", Time since last: 1000133183 ns, Reaching safepoint: 110046 ns, At safepoint: 6856 ns, Total: 116902 ns
[2020-09-11T14:49:19.264+0000][1][safepoint    ] Safepoint "Cleanup", Time since last: 1000136009 ns, Reaching safepoint: 136022 ns, At safepoint: 17053 ns, Total: 153075 ns
[2020-09-11T14:49:20.264+0000][1][safepoint    ] Safepoint "Cleanup", Time since last: 1000184928 ns, Reaching safepoint: 141972 ns, At safepoint: 17744 ns, Total: 159716 ns
[2020-09-11T14:49:21.264+0000][1][safepoint    ] Safepoint "Cleanup", Time since last: 1000166533 ns, Reaching safepoint: 118573 ns, At safepoint: 14566 ns, Total: 133139 ns
[2020-09-11T14:49:22.265+0000][1][safepoint    ] Safepoint "Cleanup", Time since last: 1000142790 ns, Reaching safepoint: 66215 ns, At safepoint: 5936 ns, Total: 72151 ns
[2020-09-11T14:49:23.265+0000][1][safepoint    ] Safepoint "Cleanup", Time since last: 1000338983 ns, Reaching safepoint: 120620 ns, At safepoint: 15342 ns, Total: 135962 ns
[2020-09-11T14:49:24.265+0000][1][safepoint    ] Safepoint "Cleanup", Time since last: 1000195598 ns, Reaching safepoint: 126367 ns, At safepoint: 16221 ns, Total: 142588 ns
[2020-09-11T14:49:25.266+0000][1][safepoint    ] Safepoint "Cleanup", Time since last: 1000188903 ns, Reaching safepoint: 88626 ns, At safepoint: 5960 ns, Total: 94586 ns
[2020-09-11T14:49:26.266+0000][1][safepoint    ] Safepoint "Cleanup", Time since last: 1000215073 ns, Reaching safepoint: 63943 ns, At safepoint: 6145 ns, Total: 70088 ns
[2020-09-11T14:49:27.266+0000][1][safepoint    ] Safepoint "Cleanup", Time since last: 1000176053 ns, Reaching safepoint: 101844 ns, At safepoint: 6107 ns, Total: 107951 ns
[2020-09-11T14:49:28.267+0000][1][safepoint    ] Safepoint "Cleanup", Time since last: 1000132649 ns, Reaching safepoint: 154846 ns, At safepoint: 15823 ns, Total: 170669 ns
[2020-09-11T14:49:29.267+0000][1][safepoint    ] Safepoint "Cleanup", Time since last: 1000178749 ns, Reaching safepoint: 129284 ns, At safepoint: 16507 ns, Total: 145791 ns
[2020-09-11T14:49:30.267+0000][1][safepoint    ] Safepoint "Cleanup", Time since last: 1000219391 ns, Reaching safepoint: 87778 ns, At safepoint: 7563 ns, Total: 95341 ns
[2020-09-11T14:49:31.268+0000][1][safepoint    ] Safepoint "Cleanup", Time since last: 1000228935 ns, Reaching safepoint: 74634 ns, At safepoint: 5999 ns, Total: 80633 ns
[2020-09-11T14:49:32.268+0000][1][safepoint    ] Safepoint "Cleanup", Time since last: 1000181707 ns, Reaching safepoint: 90104 ns, At safepoint: 8023 ns, Total: 98127 ns
[2020-09-11T14:49:33.268+0000][1][safepoint    ] Safepoint "Cleanup", Time since last: 1000162203 ns, Reaching safepoint: 122785 ns, At safepoint: 16257 ns, Total: 139042 ns
[2020-09-11T14:49:34.269+0000][1][safepoint    ] Safepoint "Cleanup", Time since last: 1000233426 ns, Reaching safepoint: 139878 ns, At safepoint: 18265 ns, Total: 158143 ns
[2020-09-11T14:49:35.269+0000][1][safepoint    ] Safepoint "Cleanup", Time since last: 1000234855 ns, Reaching safepoint: 97424 ns, At safepoint: 6760 ns, Total: 104184 ns
[2020-09-11T14:49:36.269+0000][1][safepoint    ] Safepoint "Cleanup", Time since last: 1000171041 ns, Reaching safepoint: 142010 ns, At safepoint: 19808 ns, Total: 161818 ns
[2020-09-11T14:49:37.270+0000][1][safepoint    ] Safepoint "Cleanup", Time since last: 1000292091 ns, Reaching safepoint: 150236 ns, At safepoint: 14566 ns, Total: 164802 ns
[2020-09-11T14:49:38.270+0000][1][safepoint    ] Safepoint "Cleanup", Time since last: 1000360321 ns, Reaching safepoint: 75115 ns, At safepoint: 8298 ns, Total: 83413 ns
[2020-09-11T14:49:39.270+0000][1][safepoint    ] Safepoint "Cleanup", Time since last: 1000177985 ns, Reaching safepoint: 129319 ns, At safepoint: 8370 ns, Total: 137689 ns
[2020-09-11T14:49:40.271+0000][1][safepoint    ] Safepoint "Cleanup", Time since last: 1000170407 ns, Reaching safepoint: 118553 ns, At safepoint: 7813 ns, Total: 126366 ns
[2020-09-11T14:49:41.271+0000][1][safepoint    ] Safepoint "Cleanup", Time since last: 1000156595 ns, Reaching safepoint: 93752 ns, At safepoint: 6818 ns, Total: 100570 ns
[2020-09-11T14:49:42.271+0000][1][safepoint    ] Safepoint "Cleanup", Time since last: 1000176426 ns, Reaching safepoint: 93080 ns, At safepoint: 7012 ns, Total: 100092 ns
[2020-09-11T14:49:43.272+0000][1][safepoint    ] Safepoint "Cleanup", Time since last: 1000184038 ns, Reaching safepoint: 97156 ns, At safepoint: 6065 ns, Total: 103221 ns
[2020-09-11T14:49:44.272+0000][1][safepoint    ] Safepoint "Cleanup", Time since last: 1000174820 ns, Reaching safepoint: 119608 ns, At safepoint: 16702 ns, Total: 136310 ns
[2020-09-11T14:49:45.272+0000][1][safepoint    ] Safepoint "Cleanup", Time since last: 1000196723 ns, Reaching safepoint: 97187 ns, At safepoint: 6937 ns, Total: 104124 ns
[2020-09-11T14:49:46.272+0000][1][safepoint    ] Safepoint "Cleanup", Time since last: 1000188917 ns, Reaching safepoint: 103141 ns, At safepoint: 7335 ns, Total: 110476 ns
[2020-09-11T14:49:47.273+0000][1][safepoint    ] Safepoint "Cleanup", Time since last: 1000178858 ns, Reaching safepoint: 129498 ns, At safepoint: 17406 ns, Total: 146904 ns
[2020-09-11T14:49:48.273+0000][1][safepoint    ] Safepoint "Cleanup", Time since last: 1000234115 ns, Reaching safepoint: 125394 ns, At safepoint: 17708 ns, Total: 143102 ns
[2020-09-11T14:49:49.274+0000][1][safepoint    ] Safepoint "Cleanup", Time since last: 1000196160 ns, Reaching safepoint: 127853 ns, At safepoint: 16782 ns, Total: 144635 ns
[2020-09-11T14:49:50.274+0000][1][safepoint    ] Safepoint "Cleanup", Time since last: 1000213524 ns, Reaching safepoint: 129691 ns, At safepoint: 18569 ns, Total: 148260 ns
[2020-09-11T14:49:51.275+0000][1][safepoint    ] Safepoint "Cleanup", Time since last: 1000948818 ns, Reaching safepoint: 126059 ns, At safepoint: 16455 ns, Total: 142514 ns
[2020-09-11T14:49:52.275+0000][1][safepoint    ] Safepoint "Cleanup", Time since last: 1000149562 ns, Reaching safepoint: 65987 ns, At safepoint: 6744 ns, Total: 72731 ns
[2020-09-11T14:49:53.276+0000][1][safepoint    ] Safepoint "Cleanup", Time since last: 1000231815 ns, Reaching safepoint: 67545 ns, At safepoint: 7816 ns, Total: 75361 ns
[2020-09-11T14:49:54.276+0000][1][safepoint    ] Safepoint "Cleanup", Time since last: 1000232791 ns, Reaching safepoint: 76241 ns, At safepoint: 8255 ns, Total: 84496 ns
[2020-09-11T14:49:55.276+0000][1][safepoint    ] Safepoint "Cleanup", Time since last: 1000265537 ns, Reaching safepoint: 62379 ns, At safepoint: 6211 ns, Total: 68590 ns
[2020-09-11T14:49:56.280+0000][1][safepoint    ] Safepoint "Cleanup", Time since last: 1003951198 ns, Reaching safepoint: 193703 ns, At safepoint: 9007 ns, Total: 202710 ns
[2020-09-11T14:49:57.281+0000][1][safepoint    ] Safepoint "Cleanup", Time since last: 1000178832 ns, Reaching safepoint: 95686 ns, At safepoint: 6722 ns, Total: 102408 ns
[2020-09-11T14:49:57.304+0000][1][gc,start     ] GC(95) Pause Young (Allocation Failure)
[2020-09-11T14:49:57.304+0000][1][gc,task      ] GC(95) Using 1 workers of 1 for evacuation
[2020-09-11T14:49:57.318+0000][1][gc,age       ] GC(95) Desired survivor size 4358144 bytes, new threshold 6 (max threshold 6)
[2020-09-11T14:49:57.318+0000][1][gc,age       ] GC(95) Age table with threshold 6 (max threshold 6)
[2020-09-11T14:49:57.318+0000][1][gc,age       ] GC(95) - age   1:      31344 bytes,      31344 total
[2020-09-11T14:49:57.318+0000][1][gc,age       ] GC(95) - age   2:       2632 bytes,      33976 total
[2020-09-11T14:49:57.318+0000][1][gc,age       ] GC(95) - age   3:        160 bytes,      34136 total
[2020-09-11T14:49:57.318+0000][1][gc,age       ] GC(95) - age   4:        608 bytes,      34744 total
[2020-09-11T14:49:57.319+0000][1][gc,age       ] GC(95) - age   5:       3752 bytes,      38496 total
[2020-09-11T14:49:57.319+0000][1][gc,age       ] GC(95) - age   6:       4344 bytes,      42840 total
[2020-09-11T14:49:57.319+0000][1][gc,heap      ] GC(95) ParNew: 68211K->71K(76672K)
[2020-09-11T14:49:57.319+0000][1][gc,heap      ] GC(95) CMS: 102561K->102561K(2011968K)
[2020-09-11T14:49:57.319+0000][1][gc,metaspace ] GC(95) Metaspace: 86025K->86025K(1128448K)
[2020-09-11T14:49:57.319+0000][1][gc           ] GC(95) Pause Young (Allocation Failure) 166M->100M(2039M) 14.576ms
[2020-09-11T14:49:57.319+0000][1][gc,cpu       ] GC(95) User=0.01s Sys=0.00s Real=0.01s
[2020-09-11T14:49:57.319+0000][1][safepoint    ] Safepoint "GenCollectForAllocation", Time since last: 23224416 ns, Reaching safepoint: 180534 ns, At safepoint: 14646534 ns, Total: 14827068 ns
[2020-09-11T14:49:58.320+0000][1][safepoint    ] Safepoint "Cleanup", Time since last: 1001098281 ns, Reaching safepoint: 169817 ns, At safepoint: 44870 ns, Total: 214687 ns
[2020-09-11T14:49:59.320+0000][1][safepoint    ] Safepoint "Cleanup", Time since last: 1000138484 ns, Reaching safepoint: 66418 ns, At safepoint: 13323 ns, Total: 79741 ns
[2020-09-11T14:50:00.320+0000][1][safepoint    ] Safepoint "Cleanup", Time since last: 1000115387 ns, Reaching safepoint: 65661 ns, At safepoint: 18466 ns, Total: 84127 ns
[2020-09-11T14:50:01.321+0000][1][safepoint    ] Safepoint "Cleanup", Time since last: 1000107437 ns, Reaching safepoint: 64617 ns, At safepoint: 6782 ns, Total: 71399 ns
[2020-09-11T14:50:02.321+0000][1][safepoint    ] Safepoint "Cleanup", Time since last: 1000105033 ns, Reaching safepoint: 140722 ns, At safepoint: 9434 ns, Total: 150156 ns
[2020-09-11T14:50:03.321+0000][1][safepoint    ] Safepoint "Cleanup", Time since last: 1000107574 ns, Reaching safepoint: 91144 ns, At safepoint: 8919 ns, Total: 100063 ns
[2020-09-11T14:50:04.321+0000][1][safepoint    ] Safepoint "Cleanup", Time since last: 1000116406 ns, Reaching safepoint: 72987 ns, At safepoint: 9480 ns, Total: 82467 ns
[2020-09-11T14:50:05.321+0000][1][safepoint    ] Safepoint "Cleanup", Time since last: 1000107093 ns, Reaching safepoint: 79380 ns, At safepoint: 6172 ns, Total: 85552 ns
[2020-09-11T14:50:06.322+0000][1][safepoint    ] Safepoint "Cleanup", Time since last: 1000120306 ns, Reaching safepoint: 82423 ns, At safepoint: 9787 ns, Total: 92210 ns
[2020-09-11T14:50:07.322+0000][1][safepoint    ] Safepoint "Cleanup", Time since last: 1000120336 ns, Reaching safepoint: 75972 ns, At safepoint: 9316 ns, Total: 85288 ns
[2020-09-11T14:50:08.322+0000][1][safepoint    ] Safepoint "Cleanup", Time since last: 1000471915 ns, Reaching safepoint: 67111 ns, At safepoint: 6144 ns, Total: 73255 ns
[2020-09-11T14:50:09.323+0000][1][safepoint    ] Safepoint "Cleanup", Time since last: 1000108474 ns, Reaching safepoint: 71296 ns, At safepoint: 8375 ns, Total: 79671 ns
[2020-09-11T14:50:10.323+0000][1][safepoint    ] Safepoint "Cleanup", Time since last: 1000109701 ns, Reaching safepoint: 72834 ns, At safepoint: 8068 ns, Total: 80902 ns
[2020-09-11T14:50:11.323+0000][1][safepoint    ] Safepoint "Cleanup", Time since last: 1000099110 ns, Reaching safepoint: 74173 ns, At safepoint: 8493 ns, Total: 82666 ns
[2020-09-11T14:50:12.323+0000][1][safepoint    ] Safepoint "Cleanup", Time since last: 1000122708 ns, Reaching safepoint: 69881 ns, At safepoint: 7814 ns, Total: 77695 ns
[2020-09-11T14:50:13.323+0000][1][safepoint    ] Safepoint "Cleanup", Time since last: 1000135709 ns, Reaching safepoint: 75871 ns, At safepoint: 7397 ns, Total: 83268 ns
[2020-09-11T14:50:14.324+0000][1][safepoint    ] Safepoint "Cleanup", Time since last: 1000128533 ns, Reaching safepoint: 72349 ns, At safepoint: 7774 ns, Total: 80123 ns
[2020-09-11T14:50:15.324+0000][1][safepoint    ] Safepoint "Cleanup", Time since last: 1000113666 ns, Reaching safepoint: 73716 ns, At safepoint: 10173 ns, Total: 83889 ns
[2020-09-11T14:50:16.324+0000][1][safepoint    ] Safepoint "Cleanup", Time since last: 1000114930 ns, Reaching safepoint: 72964 ns, At safepoint: 7996 ns, Total: 80960 ns
[2020-09-11T14:50:17.324+0000][1][safepoint    ] Safepoint "Cleanup", Time since last: 1000129150 ns, Reaching safepoint: 72195 ns, At safepoint: 9814 ns, Total: 82009 ns
[2020-09-11T14:50:18.324+0000][1][safepoint    ] Safepoint "Cleanup", Time since last: 1000116887 ns, Reaching safepoint: 69094 ns, At safepoint: 7294 ns, Total: 76388 ns
[2020-09-11T14:50:19.325+0000][1][safepoint    ] Safepoint "Cleanup", Time since last: 1000113861 ns, Reaching safepoint: 70386 ns, At safepoint: 7567 ns, Total: 77953 ns
[2020-09-11T14:50:20.325+0000][1][safepoint    ] Safepoint "Cleanup", Time since last: 1000113039 ns, Reaching safepoint: 73470 ns, At safepoint: 8674 ns, Total: 82144 ns
[2020-09-11T14:50:21.325+0000][1][safepoint    ] Safepoint "Cleanup", Time since last: 1000116123 ns, Reaching safepoint: 76970 ns, At safepoint: 9386 ns, Total: 86356 ns
[2020-09-11T14:50:22.325+0000][1][safepoint    ] Safepoint "Cleanup", Time since last: 1000114448 ns, Reaching safepoint: 70818 ns, At safepoint: 7118 ns, Total: 77936 ns
[2020-09-11T14:50:23.325+0000][1][safepoint    ] Safepoint "Cleanup", Time since last: 1000103503 ns, Reaching safepoint: 73246 ns, At safepoint: 9703 ns, Total: 82949 ns
[2020-09-11T14:50:24.326+0000][1][safepoint    ] Safepoint "Cleanup", Time since last: 1000104662 ns, Reaching safepoint: 68257 ns, At safepoint: 8544 ns, Total: 76801 ns
[2020-09-11T14:50:25.326+0000][1][safepoint    ] Safepoint "Cleanup", Time since last: 1000138515 ns, Reaching safepoint: 72299 ns, At safepoint: 7322 ns, Total: 79621 ns
[2020-09-11T14:50:26.326+0000][1][safepoint    ] Safepoint "Cleanup", Time since last: 1000117802 ns, Reaching safepoint: 68568 ns, At safepoint: 7910 ns, Total: 76478 ns
[2020-09-11T14:50:27.326+0000][1][safepoint    ] Safepoint "Cleanup", Time since last: 1000098950 ns, Reaching safepoint: 69266 ns, At safepoint: 5731 ns, Total: 74997 ns
[2020-09-11T14:50:28.326+0000][1][safepoint    ] Safepoint "Cleanup", Time since last: 1000113829 ns, Reaching safepoint: 70289 ns, At safepoint: 7472 ns, Total: 77761 ns
[2020-09-11T14:50:29.326+0000][1][safepoint    ] Safepoint "Cleanup", Time since last: 1000114542 ns, Reaching safepoint: 69927 ns, At safepoint: 7236 ns, Total: 77163 ns
[2020-09-11T14:50:30.327+0000][1][safepoint    ] Safepoint "Cleanup", Time since last: 1000111728 ns, Reaching safepoint: 92322 ns, At safepoint: 8431 ns, Total: 100753 ns
[2020-09-11T14:50:31.327+0000][1][safepoint    ] Safepoint "Cleanup", Time since last: 1000134512 ns, Reaching safepoint: 81139 ns, At safepoint: 7905 ns, Total: 89044 ns
[2020-09-11T14:50:32.327+0000][1][safepoint    ] Safepoint "Cleanup", Time since last: 1000109243 ns, Reaching safepoint: 65891 ns, At safepoint: 6527 ns, Total: 72418 ns
[2020-09-11T14:50:33.327+0000][1][safepoint    ] Safepoint "Cleanup", Time since last: 1000106831 ns, Reaching safepoint: 71401 ns, At safepoint: 9394 ns, Total: 80795 ns
[2020-09-11T14:50:34.327+0000][1][safepoint    ] Safepoint "Cleanup", Time since last: 1000109575 ns, Reaching safepoint: 69960 ns, At safepoint: 8384 ns, Total: 78344 ns
[2020-09-11T14:50:35.328+0000][1][safepoint    ] Safepoint "Cleanup", Time since last: 1000112239 ns, Reaching safepoint: 68167 ns, At safepoint: 7512 ns, Total: 75679 ns
[2020-09-11T14:50:36.328+0000][1][safepoint    ] Safepoint "Cleanup", Time since last: 1000112166 ns, Reaching safepoint: 72001 ns, At safepoint: 7681 ns, Total: 79682 ns
[2020-09-11T14:50:37.328+0000][1][safepoint    ] Safepoint "Cleanup", Time since last: 1000121463 ns, Reaching safepoint: 70482 ns, At safepoint: 7782 ns, Total: 78264 ns
[2020-09-11T14:50:37.961+0000][1][safepoint    ] Safepoint "RevokeBias", Time since last: 632557552 ns, Reaching safepoint: 59071 ns, At safepoint: 33759 ns, Total: 92830 ns
[2020-09-11T14:50:38.961+0000][1][safepoint    ] Safepoint "Cleanup", Time since last: 1000095338 ns, Reaching safepoint: 396680 ns, At safepoint: 7672 ns, Total: 404352 ns
[2020-09-11T14:50:39.961+0000][1][safepoint    ] Safepoint "Cleanup", Time since last: 1000119075 ns, Reaching safepoint: 89107 ns, At safepoint: 8220 ns, Total: 97327 ns
[2020-09-11T14:50:40.962+0000][1][safepoint    ] Safepoint "Cleanup", Time since last: 1000134946 ns, Reaching safepoint: 71435 ns, At safepoint: 7792 ns, Total: 79227 ns
[2020-09-11T14:50:42.190+0000][1][safepoint    ] Safepoint "RevokeBias", Time since last: 1227718259 ns, Reaching safepoint: 152028 ns, At safepoint: 44876 ns, Total: 196904 ns
[2020-09-11T14:50:43.103+0000][1][safepoint    ] Safepoint "RevokeBias", Time since last: 911442299 ns, Reaching safepoint: 2042047 ns, At safepoint: 39494 ns, Total: 2081541 ns
[2020-09-11T14:50:43.108+0000][1][safepoint    ] Safepoint "RevokeBias", Time since last: 1004020 ns, Reaching safepoint: 3392407 ns, At safepoint: 37595 ns, Total: 3430002 ns
[2020-09-11T14:50:43.109+0000][1][safepoint    ] Safepoint "RevokeBias", Time since last: 857655 ns, Reaching safepoint: 1094364 ns, At safepoint: 32611 ns, Total: 1126975 ns
[2020-09-11T14:50:43.113+0000][1][safepoint    ] Safepoint "RevokeBias", Time since last: 691502 ns, Reaching safepoint: 2411055 ns, At safepoint: 38344 ns, Total: 2449399 ns
[2020-09-11T14:50:43.118+0000][1][safepoint    ] Safepoint "RevokeBias", Time since last: 1148691 ns, Reaching safepoint: 4335342 ns, At safepoint: 39287 ns, Total: 4374629 ns
[2020-09-11T14:50:43.126+0000][1][safepoint    ] Safepoint "RevokeBias", Time since last: 6094960 ns, Reaching safepoint: 1649105 ns, At safepoint: 33712 ns, Total: 1682817 ns
[2020-09-11T14:50:43.136+0000][1][safepoint    ] Safepoint "RevokeBias", Time since last: 5902105 ns, Reaching safepoint: 3663222 ns, At safepoint: 37579 ns, Total: 3700801 ns
[2020-09-11T14:50:43.168+0000][1][gc,start     ] GC(96) Pause Young (Allocation Failure)
[2020-09-11T14:50:43.168+0000][1][gc,task      ] GC(96) Using 1 workers of 1 for evacuation
[2020-09-11T14:50:43.220+0000][1][gc,age       ] GC(96) Desired survivor size 4358144 bytes, new threshold 6 (max threshold 6)
[2020-09-11T14:50:43.220+0000][1][gc,age       ] GC(96) Age table with threshold 6 (max threshold 6)
[2020-09-11T14:50:43.220+0000][1][gc,age       ] GC(96) - age   1:     252584 bytes,     252584 total
[2020-09-11T14:50:43.220+0000][1][gc,age       ] GC(96) - age   2:       4432 bytes,     257016 total
[2020-09-11T14:50:43.220+0000][1][gc,age       ] GC(96) - age   3:        152 bytes,     257168 total
[2020-09-11T14:50:43.220+0000][1][gc,age       ] GC(96) - age   4:        128 bytes,     257296 total
[2020-09-11T14:50:43.220+0000][1][gc,age       ] GC(96) - age   5:        608 bytes,     257904 total
[2020-09-11T14:50:43.220+0000][1][gc,age       ] GC(96) - age   6:       3752 bytes,     261656 total
[2020-09-11T14:50:43.220+0000][1][gc,heap      ] GC(96) ParNew: 68231K->271K(76672K)
[2020-09-11T14:50:43.220+0000][1][gc,heap      ] GC(96) CMS: 102561K->102565K(2011968K)
[2020-09-11T14:50:43.220+0000][1][gc,metaspace ] GC(96) Metaspace: 86096K->86096K(1128448K)
[2020-09-11T14:50:43.220+0000][1][gc           ] GC(96) Pause Young (Allocation Failure) 166M->100M(2039M) 52.127ms
[2020-09-11T14:50:43.220+0000][1][gc,cpu       ] GC(96) User=0.01s Sys=0.00s Real=0.05s
[2020-09-11T14:50:43.221+0000][1][safepoint    ] Safepoint "GenCollectForAllocation", Time since last: 31941762 ns, Reaching safepoint: 147349 ns, At safepoint: 53584136 ns, Total: 53731485 ns
[2020-09-11T14:50:44.308+0000][1][safepoint    ] Safepoint "RevokeBias", Time since last: 1087059437 ns, Reaching safepoint: 107790 ns, At safepoint: 23192 ns, Total: 130982 ns
[2020-09-11T14:50:44.309+0000][1][safepoint    ] Safepoint "RevokeBias", Time since last: 145100 ns, Reaching safepoint: 29407 ns, At safepoint: 13433 ns, Total: 42840 ns
[2020-09-11T14:50:45.309+0000][1][safepoint    ] Safepoint "Cleanup", Time since last: 1000084607 ns, Reaching safepoint: 91561 ns, At safepoint: 7435 ns, Total: 98996 ns
[2020-09-11T14:50:46.309+0000][1][safepoint    ] Safepoint "Cleanup", Time since last: 1000119516 ns, Reaching safepoint: 84082 ns, At safepoint: 7696 ns, Total: 91778 ns
[2020-09-11T14:50:46.457+0000][1][safepoint    ] Safepoint "RevokeBias", Time since last: 147514483 ns, Reaching safepoint: 75102 ns, At safepoint: 19268 ns, Total: 94370 ns
[2020-09-11T14:50:46.457+0000][1][safepoint    ] Safepoint "RevokeBias", Time since last: 357523 ns, Reaching safepoint: 27150 ns, At safepoint: 12096 ns, Total: 39246 ns
[2020-09-11T14:50:46.470+0000][1][safepoint    ] Safepoint "RevokeBias", Time since last: 13143198 ns, Reaching safepoint: 67030 ns, At safepoint: 15592 ns, Total: 82622 ns
[2020-09-11T14:50:46.470+0000][1][safepoint    ] Safepoint "RevokeBias", Time since last: 57851 ns, Reaching safepoint: 26163 ns, At safepoint: 9468 ns, Total: 35631 ns
[2020-09-11T14:50:46.470+0000][1][safepoint    ] Safepoint "RevokeBias", Time since last: 40554 ns, Reaching safepoint: 24556 ns, At safepoint: 9102 ns, Total: 33658 ns
[2020-09-11T14:50:46.487+0000][1][safepoint    ] Safepoint "RevokeBias", Time since last: 16302850 ns, Reaching safepoint: 79936 ns, At safepoint: 20666 ns, Total: 100602 ns
[2020-09-11T14:50:46.491+0000][1][safepoint    ] Safepoint "RevokeBias", Time since last: 215167 ns, Reaching safepoint: 3986042 ns, At safepoint: 26227 ns, Total: 4012269 ns
[2020-09-11T14:50:46.491+0000][1][safepoint    ] Safepoint "RevokeBias", Time since last: 65925 ns, Reaching safepoint: 109122 ns, At safepoint: 14368 ns, Total: 123490 ns
[2020-09-11T14:50:46.594+0000][1][safepoint    ] Safepoint "RevokeBias", Time since last: 102665404 ns, Reaching safepoint: 154299 ns, At safepoint: 24037 ns, Total: 178336 ns
[2020-09-11T14:50:46.594+0000][1][safepoint    ] Safepoint "RevokeBias", Time since last: 65116 ns, Reaching safepoint: 126496 ns, At safepoint: 27449 ns, Total: 153945 ns
[2020-09-11T14:50:46.763+0000][1][safepoint    ] Safepoint "RevokeBias", Time since last: 168214607 ns, Reaching safepoint: 70681 ns, At safepoint: 19919 ns, Total: 90600 ns
[2020-09-11T14:50:46.763+0000][1][safepoint    ] Safepoint "RevokeBias", Time since last: 76982 ns, Reaching safepoint: 26475 ns, At safepoint: 10386 ns, Total: 36861 ns
[2020-09-11T14:50:46.804+0000][1][safepoint    ] Safepoint "RevokeBias", Time since last: 41489211 ns, Reaching safepoint: 158836 ns, At safepoint: 20328 ns, Total: 179164 ns
[2020-09-11T14:50:46.824+0000][1][safepoint    ] Safepoint "RevokeBias", Time since last: 19065304 ns, Reaching safepoint: 147023 ns, At safepoint: 21587 ns, Total: 168610 ns
[2020-09-11T14:50:46.875+0000][1][safepoint    ] Safepoint "RevokeBias", Time since last: 51285191 ns, Reaching safepoint: 67600 ns, At safepoint: 16880 ns, Total: 84480 ns
[2020-09-11T14:50:46.876+0000][1][safepoint    ] Safepoint "RevokeBias", Time since last: 756209 ns, Reaching safepoint: 27823 ns, At safepoint: 11083 ns, Total: 38906 ns
[2020-09-11T14:50:46.876+0000][1][safepoint    ] Safepoint "RevokeBias", Time since last: 196686 ns, Reaching safepoint: 27956 ns, At safepoint: 9978 ns, Total: 37934 ns
[2020-09-11T14:50:46.879+0000][1][safepoint    ] Safepoint "RevokeBias", Time since last: 310486 ns, Reaching safepoint: 2834334 ns, At safepoint: 28915 ns, Total: 2863249 ns
[2020-09-11T14:50:46.879+0000][1][safepoint    ] Safepoint "RevokeBias", Time since last: 95460 ns, Reaching safepoint: 168590 ns, At safepoint: 12987 ns, Total: 181577 ns
[2020-09-11T14:50:46.881+0000][1][safepoint    ] Safepoint "RevokeBias", Time since last: 158429 ns, Reaching safepoint: 1758176 ns, At safepoint: 15399 ns, Total: 1773575 ns
[2020-09-11T14:50:46.882+0000][1][safepoint    ] Safepoint "RevokeBias", Time since last: 649858 ns, Reaching safepoint: 108759 ns, At safepoint: 13390 ns, Total: 122149 ns
[2020-09-11T14:50:46.900+0000][1][safepoint    ] Safepoint "RevokeBias", Time since last: 17866692 ns, Reaching safepoint: 150066 ns, At safepoint: 19960 ns, Total: 170026 ns
[2020-09-11T14:50:46.956+0000][1][safepoint    ] Safepoint "RevokeBias", Time since last: 55629786 ns, Reaching safepoint: 615239 ns, At safepoint: 22798 ns, Total: 638037 ns
[2020-09-11T14:50:46.957+0000][1][safepoint    ] Safepoint "RevokeBias", Time since last: 72890 ns, Reaching safepoint: 99794 ns, At safepoint: 13525 ns, Total: 113319 ns
[2020-09-11T14:50:47.455+0000][1][safepoint    ] Safepoint "RevokeBias", Time since last: 498615299 ns, Reaching safepoint: 80799 ns, At safepoint: 20273 ns, Total: 101072 ns
[2020-09-11T14:50:47.456+0000][1][safepoint    ] Safepoint "RevokeBias", Time since last: 461417 ns, Reaching safepoint: 33141 ns, At safepoint: 12638 ns, Total: 45779 ns
[2020-09-11T14:50:47.467+0000][1][safepoint    ] Safepoint "RevokeBias", Time since last: 9406961 ns, Reaching safepoint: 1968655 ns, At safepoint: 24672 ns, Total: 1993327 ns
[2020-09-11T14:50:47.467+0000][1][safepoint    ] Safepoint "RevokeBias", Time since last: 91044 ns, Reaching safepoint: 76807 ns, At safepoint: 11711 ns, Total: 88518 ns
[2020-09-11T14:50:47.468+0000][1][safepoint    ] Safepoint "RevokeBias", Time since last: 48390 ns, Reaching safepoint: 24675 ns, At safepoint: 9438 ns, Total: 34113 ns
[2020-09-11T14:50:47.487+0000][1][safepoint    ] Safepoint "RevokeBias", Time since last: 19214966 ns, Reaching safepoint: 75747 ns, At safepoint: 21256 ns, Total: 97003 ns
[2020-09-11T14:50:47.489+0000][1][safepoint    ] Safepoint "RevokeBias", Time since last: 2019232 ns, Reaching safepoint: 64814 ns, At safepoint: 18951 ns, Total: 83765 ns
[2020-09-11T14:50:47.489+0000][1][safepoint    ] Safepoint "RevokeBias", Time since last: 59851 ns, Reaching safepoint: 23911 ns, At safepoint: 10463 ns, Total: 34374 ns
[2020-09-11T14:50:47.526+0000][1][safepoint    ] Safepoint "BulkRevokeBias", Time since last: 36801115 ns, Reaching safepoint: 69714 ns, At safepoint: 179950 ns, Total: 249664 ns
[2020-09-11T14:50:47.560+0000][1][safepoint    ] Safepoint "RevokeBias", Time since last: 33942057 ns, Reaching safepoint: 152355 ns, At safepoint: 24747 ns, Total: 177102 ns
[2020-09-11T14:50:47.560+0000][1][safepoint    ] Safepoint "RevokeBias", Time since last: 86328 ns, Reaching safepoint: 133608 ns, At safepoint: 17623 ns, Total: 151231 ns
[2020-09-11T14:50:47.576+0000][1][safepoint    ] Safepoint "RevokeBias", Time since last: 14913692 ns, Reaching safepoint: 291685 ns, At safepoint: 24351 ns, Total: 316036 ns
[2020-09-11T14:50:48.576+0000][1][safepoint    ] Safepoint "Cleanup", Time since last: 1000156952 ns, Reaching safepoint: 108102 ns, At safepoint: 7921 ns, Total: 116023 ns
[2020-09-11T14:50:49.576+0000][1][safepoint    ] Safepoint "Cleanup", Time since last: 1000138363 ns, Reaching safepoint: 117497 ns, At safepoint: 7754 ns, Total: 125251 ns
[2020-09-11T14:50:50.576+0000][1][safepoint    ] Safepoint "Cleanup", Time since last: 1000177442 ns, Reaching safepoint: 102846 ns, At safepoint: 7389 ns, Total: 110235 ns
[2020-09-11T14:50:52.577+0000][1][safepoint    ] Safepoint "Cleanup", Time since last: 2000271546 ns, Reaching safepoint: 127082 ns, At safepoint: 17727 ns, Total: 144809 ns
[2020-09-11T14:50:55.578+0000][1][safepoint    ] Safepoint "Cleanup", Time since last: 3000512781 ns, Reaching safepoint: 155260 ns, At safepoint: 19658 ns, Total: 174918 ns
[2020-09-11T14:50:56.578+0000][1][safepoint    ] Safepoint "Cleanup", Time since last: 1000200039 ns, Reaching safepoint: 121329 ns, At safepoint: 18128 ns, Total: 139457 ns
[2020-09-11T14:50:57.273+0000][1][safepoint    ] Safepoint "RevokeBias", Time since last: 694769892 ns, Reaching safepoint: 166730 ns, At safepoint: 21631 ns, Total: 188361 ns
[2020-09-11T14:50:58.273+0000][1][safepoint    ] Safepoint "Cleanup", Time since last: 1000138108 ns, Reaching safepoint: 116470 ns, At safepoint: 6545 ns, Total: 123015 ns
[2020-09-11T14:50:59.273+0000][1][safepoint    ] Safepoint "Cleanup", Time since last: 1000154961 ns, Reaching safepoint: 91463 ns, At safepoint: 6785 ns, Total: 98248 ns
[2020-09-11T14:51:00.274+0000][1][safepoint    ] Safepoint "Cleanup", Time since last: 1000122277 ns, Reaching safepoint: 132742 ns, At safepoint: 12706 ns, Total: 145448 ns
[2020-09-11T14:51:01.274+0000][1][safepoint    ] Safepoint "Cleanup", Time since last: 1000203750 ns, Reaching safepoint: 101151 ns, At safepoint: 6167 ns, Total: 107318 ns
[2020-09-11T14:51:02.274+0000][1][safepoint    ] Safepoint "Cleanup", Time since last: 1000154441 ns, Reaching safepoint: 96887 ns, At safepoint: 7123 ns, Total: 104010 ns
[2020-09-11T14:51:03.274+0000][1][safepoint    ] Safepoint "Cleanup", Time since last: 1000126935 ns, Reaching safepoint: 112444 ns, At safepoint: 5089 ns, Total: 117533 ns
[2020-09-11T14:51:04.275+0000][1][safepoint    ] Safepoint "Cleanup", Time since last: 1000115052 ns, Reaching safepoint: 115045 ns, At safepoint: 5602 ns, Total: 120647 ns
[2020-09-11T14:51:05.275+0000][1][safepoint    ] Safepoint "Cleanup", Time since last: 1000115989 ns, Reaching safepoint: 112464 ns, At safepoint: 5711 ns, Total: 118175 ns
[2020-09-11T14:51:06.275+0000][1][safepoint    ] Safepoint "Cleanup", Time since last: 1000151045 ns, Reaching safepoint: 102378 ns, At safepoint: 7416 ns, Total: 109794 ns
[2020-09-11T14:51:07.275+0000][1][safepoint    ] Safepoint "Cleanup", Time since last: 1000088863 ns, Reaching safepoint: 60201 ns, At safepoint: 30427 ns, Total: 90628 ns
[2020-09-11T14:51:08.276+0000][1][safepoint    ] Safepoint "Cleanup", Time since last: 1000113379 ns, Reaching safepoint: 129146 ns, At safepoint: 16535 ns, Total: 145681 ns
[2020-09-11T14:51:09.276+0000][1][safepoint    ] Safepoint "Cleanup", Time since last: 1000151769 ns, Reaching safepoint: 110683 ns, At safepoint: 6164 ns, Total: 116847 ns
[2020-09-11T14:51:10.276+0000][1][safepoint    ] Safepoint "Cleanup", Time since last: 1000117967 ns, Reaching safepoint: 125905 ns, At safepoint: 15920 ns, Total: 141825 ns
[2020-09-11T14:51:11.276+0000][1][safepoint    ] Safepoint "Cleanup", Time since last: 1000148106 ns, Reaching safepoint: 112612 ns, At safepoint: 5669 ns, Total: 118281 ns
[2020-09-11T14:51:12.277+0000][1][safepoint    ] Safepoint "Cleanup", Time since last: 1000099877 ns, Reaching safepoint: 131151 ns, At safepoint: 15700 ns, Total: 146851 ns
[2020-09-11T14:51:13.277+0000][1][safepoint    ] Safepoint "Cleanup", Time since last: 1000125590 ns, Reaching safepoint: 65577 ns, At safepoint: 5500 ns, Total: 71077 ns
[2020-09-11T14:51:14.277+0000][1][safepoint    ] Safepoint "Cleanup", Time since last: 1000159229 ns, Reaching safepoint: 104850 ns, At safepoint: 6839 ns, Total: 111689 ns
[2020-09-11T14:51:15.277+0000][1][safepoint    ] Safepoint "Cleanup", Time since last: 1000121002 ns, Reaching safepoint: 109819 ns, At safepoint: 6898 ns, Total: 116717 ns
[2020-09-11T14:51:16.278+0000][1][safepoint    ] Safepoint "Cleanup", Time since last: 1000100664 ns, Reaching safepoint: 69724 ns, At safepoint: 6366 ns, Total: 76090 ns
[2020-09-11T14:51:17.227+0000][1][gc,start     ] GC(97) Pause Young (Allocation Failure)
[2020-09-11T14:51:17.227+0000][1][gc,task      ] GC(97) Using 1 workers of 1 for evacuation
[2020-09-11T14:51:17.260+0000][1][gc,age       ] GC(97) Desired survivor size 4358144 bytes, new threshold 6 (max threshold 6)
[2020-09-11T14:51:17.260+0000][1][gc,age       ] GC(97) Age table with threshold 6 (max threshold 6)
[2020-09-11T14:51:17.260+0000][1][gc,age       ] GC(97) - age   1:     360824 bytes,     360824 total
[2020-09-11T14:51:17.260+0000][1][gc,age       ] GC(97) - age   2:     182080 bytes,     542904 total
[2020-09-11T14:51:17.260+0000][1][gc,age       ] GC(97) - age   3:       1832 bytes,     544736 total
[2020-09-11T14:51:17.260+0000][1][gc,age       ] GC(97) - age   4:        152 bytes,     544888 total
[2020-09-11T14:51:17.260+0000][1][gc,age       ] GC(97) - age   5:        128 bytes,     545016 total
[2020-09-11T14:51:17.260+0000][1][gc,age       ] GC(97) - age   6:        608 bytes,     545624 total
[2020-09-11T14:51:17.260+0000][1][gc,heap      ] GC(97) ParNew: 68431K->593K(76672K)
[2020-09-11T14:51:17.260+0000][1][gc,heap      ] GC(97) CMS: 102565K->102569K(2011968K)
[2020-09-11T14:51:17.260+0000][1][gc,metaspace ] GC(97) Metaspace: 86229K->86229K(1128448K)
[2020-09-11T14:51:17.260+0000][1][gc           ] GC(97) Pause Young (Allocation Failure) 166M->100M(2039M) 33.762ms
[2020-09-11T14:51:17.260+0000][1][gc,cpu       ] GC(97) User=0.02s Sys=0.00s Real=0.03s
[2020-09-11T14:51:17.261+0000][1][safepoint    ] Safepoint "GenCollectForAllocation", Time since last: 948823417 ns, Reaching safepoint: 158724 ns, At safepoint: 34192242 ns, Total: 34350966 ns
[2020-09-11T14:51:18.264+0000][1][safepoint    ] Safepoint "Cleanup", Time since last: 1002705368 ns, Reaching safepoint: 139296 ns, At safepoint: 47152 ns, Total: 186448 ns
[2020-09-11T14:51:19.264+0000][1][safepoint    ] Safepoint "Cleanup", Time since last: 1000176049 ns, Reaching safepoint: 90514 ns, At safepoint: 15854 ns, Total: 106368 ns
[2020-09-11T14:51:20.264+0000][1][safepoint    ] Safepoint "Cleanup", Time since last: 1000183238 ns, Reaching safepoint: 94161 ns, At safepoint: 20309 ns, Total: 114470 ns
[2020-09-11T14:51:21.265+0000][1][safepoint    ] Safepoint "Cleanup", Time since last: 1000180600 ns, Reaching safepoint: 93682 ns, At safepoint: 7372 ns, Total: 101054 ns
[2020-09-11T14:51:22.265+0000][1][safepoint    ] Safepoint "Cleanup", Time since last: 1000184757 ns, Reaching safepoint: 96394 ns, At safepoint: 7693 ns, Total: 104087 ns
[2020-09-11T14:51:23.265+0000][1][safepoint    ] Safepoint "Cleanup", Time since last: 1000171277 ns, Reaching safepoint: 102636 ns, At safepoint: 7521 ns, Total: 110157 ns
[2020-09-11T14:51:24.265+0000][1][safepoint    ] Safepoint "Cleanup", Time since last: 1000189341 ns, Reaching safepoint: 96566 ns, At safepoint: 6482 ns, Total: 103048 ns
[2020-09-11T14:51:25.266+0000][1][safepoint    ] Safepoint "Cleanup", Time since last: 1000129380 ns, Reaching safepoint: 109556 ns, At safepoint: 6454 ns, Total: 116010 ns
[2020-09-11T14:51:26.266+0000][1][safepoint    ] Safepoint "Cleanup", Time since last: 1000192081 ns, Reaching safepoint: 84940 ns, At safepoint: 6847 ns, Total: 91787 ns
[2020-09-11T14:51:27.266+0000][1][safepoint    ] Safepoint "Cleanup", Time since last: 1000163040 ns, Reaching safepoint: 96549 ns, At safepoint: 6605 ns, Total: 103154 ns
[2020-09-11T14:51:28.266+0000][1][safepoint    ] Safepoint "Cleanup", Time since last: 1000180147 ns, Reaching safepoint: 100520 ns, At safepoint: 7692 ns, Total: 108212 ns
[2020-09-11T14:51:29.267+0000][1][safepoint    ] Safepoint "Cleanup", Time since last: 1000154281 ns, Reaching safepoint: 133109 ns, At safepoint: 16668 ns, Total: 149777 ns
[2020-09-11T14:51:30.267+0000][1][safepoint    ] Safepoint "Cleanup", Time since last: 1000218832 ns, Reaching safepoint: 138792 ns, At safepoint: 18295 ns, Total: 157087 ns
[2020-09-11T14:51:31.268+0000][1][safepoint    ] Safepoint "Cleanup", Time since last: 1000187010 ns, Reaching safepoint: 156258 ns, At safepoint: 16762 ns, Total: 173020 ns
[2020-09-11T14:51:32.268+0000][1][safepoint    ] Safepoint "Cleanup", Time since last: 1000239535 ns, Reaching safepoint: 142965 ns, At safepoint: 17958 ns, Total: 160923 ns
[2020-09-11T14:51:33.268+0000][1][safepoint    ] Safepoint "Cleanup", Time since last: 1000211754 ns, Reaching safepoint: 99710 ns, At safepoint: 6716 ns, Total: 106426 ns
[2020-09-11T14:51:34.269+0000][1][safepoint    ] Safepoint "Cleanup", Time since last: 1000178597 ns, Reaching safepoint: 97967 ns, At safepoint: 11991 ns, Total: 109958 ns
[2020-09-11T14:51:35.269+0000][1][safepoint    ] Safepoint "Cleanup", Time since last: 1000150787 ns, Reaching safepoint: 167401 ns, At safepoint: 19882 ns, Total: 187283 ns
[2020-09-11T14:51:36.269+0000][1][safepoint    ] Safepoint "Cleanup", Time since last: 1000193622 ns, Reaching safepoint: 142925 ns, At safepoint: 18699 ns, Total: 161624 ns
[2020-09-11T14:51:37.271+0000][1][safepoint    ] Safepoint "Cleanup", Time since last: 1001075659 ns, Reaching safepoint: 566605 ns, At safepoint: 8796 ns, Total: 575401 ns
[2020-09-11T14:51:38.273+0000][1][safepoint    ] Safepoint "Cleanup", Time since last: 1001828305 ns, Reaching safepoint: 76148 ns, At safepoint: 7535 ns, Total: 83683 ns
[2020-09-11T14:51:39.274+0000][1][safepoint    ] Safepoint "Cleanup", Time since last: 1001370377 ns, Reaching safepoint: 76056 ns, At safepoint: 6794 ns, Total: 82850 ns
[2020-09-11T14:51:40.275+0000][1][safepoint    ] Safepoint "Cleanup", Time since last: 1000186751 ns, Reaching safepoint: 111288 ns, At safepoint: 6246 ns, Total: 117534 ns
[2020-09-11T14:51:41.275+0000][1][safepoint    ] Safepoint "Cleanup", Time since last: 1000171756 ns, Reaching safepoint: 106382 ns, At safepoint: 7132 ns, Total: 113514 ns
[2020-09-11T14:51:42.275+0000][1][safepoint    ] Safepoint "Cleanup", Time since last: 1000196155 ns, Reaching safepoint: 95761 ns, At safepoint: 7772 ns, Total: 103533 ns
[2020-09-11T14:51:43.275+0000][1][safepoint    ] Safepoint "Cleanup", Time since last: 1000163521 ns, Reaching safepoint: 102651 ns, At safepoint: 15608 ns, Total: 118259 ns
[2020-09-11T14:51:44.276+0000][1][safepoint    ] Safepoint "Cleanup", Time since last: 1000132407 ns, Reaching safepoint: 118113 ns, At safepoint: 6721 ns, Total: 124834 ns
[2020-09-11T14:51:45.276+0000][1][safepoint    ] Safepoint "Cleanup", Time since last: 1000177292 ns, Reaching safepoint: 131862 ns, At safepoint: 16675 ns, Total: 148537 ns
[2020-09-11T14:51:46.276+0000][1][safepoint    ] Safepoint "Cleanup", Time since last: 1000222826 ns, Reaching safepoint: 101728 ns, At safepoint: 7190 ns, Total: 108918 ns
[2020-09-11T14:51:47.277+0000][1][safepoint    ] Safepoint "Cleanup", Time since last: 1000179873 ns, Reaching safepoint: 104356 ns, At safepoint: 7011 ns, Total: 111367 ns
[2020-09-11T14:51:48.277+0000][1][safepoint    ] Safepoint "Cleanup", Time since last: 1000156405 ns, Reaching safepoint: 73858 ns, At safepoint: 7455 ns, Total: 81313 ns
[2020-09-11T14:51:49.277+0000][1][safepoint    ] Safepoint "Cleanup", Time since last: 1000150930 ns, Reaching safepoint: 112281 ns, At safepoint: 6713 ns, Total: 118994 ns
[2020-09-11T14:51:50.278+0000][1][safepoint    ] Safepoint "Cleanup", Time since last: 1000251947 ns, Reaching safepoint: 132829 ns, At safepoint: 18846 ns, Total: 151675 ns
[2020-09-11T14:51:51.278+0000][1][safepoint    ] Safepoint "Cleanup", Time since last: 1000220477 ns, Reaching safepoint: 99153 ns, At safepoint: 6383 ns, Total: 105536 ns
[2020-09-11T14:51:54.278+0000][1][safepoint    ] Safepoint "Cleanup", Time since last: 3000466208 ns, Reaching safepoint: 113868 ns, At safepoint: 8366 ns, Total: 122234 ns
[2020-09-11T14:51:55.279+0000][1][safepoint    ] Safepoint "Cleanup", Time since last: 1000180684 ns, Reaching safepoint: 94186 ns, At safepoint: 7102 ns, Total: 101288 ns
[2020-09-11T14:51:58.279+0000][1][safepoint    ] Safepoint "Cleanup", Time since last: 3000419408 ns, Reaching safepoint: 119766 ns, At safepoint: 6967 ns, Total: 126733 ns
[2020-09-11T14:52:13.488+0000][1][gc,start     ] GC(98) Pause Young (Allocation Failure)
[2020-09-11T14:52:13.488+0000][1][gc,task      ] GC(98) Using 1 workers of 1 for evacuation
[2020-09-11T14:52:13.505+0000][1][gc,age       ] GC(98) Desired survivor size 4358144 bytes, new threshold 6 (max threshold 6)
[2020-09-11T14:52:13.505+0000][1][gc,age       ] GC(98) Age table with threshold 6 (max threshold 6)
[2020-09-11T14:52:13.505+0000][1][gc,age       ] GC(98) - age   1:      30168 bytes,      30168 total
[2020-09-11T14:52:13.505+0000][1][gc,age       ] GC(98) - age   2:     170304 bytes,     200472 total
[2020-09-11T14:52:13.505+0000][1][gc,age       ] GC(98) - age   3:     180808 bytes,     381280 total
[2020-09-11T14:52:13.505+0000][1][gc,age       ] GC(98) - age   4:       1800 bytes,     383080 total
[2020-09-11T14:52:13.505+0000][1][gc,age       ] GC(98) - age   5:        152 bytes,     383232 total
[2020-09-11T14:52:13.505+0000][1][gc,age       ] GC(98) - age   6:        128 bytes,     383360 total
[2020-09-11T14:52:13.505+0000][1][gc,heap      ] GC(98) ParNew: 68753K->449K(76672K)
[2020-09-11T14:52:13.505+0000][1][gc,heap      ] GC(98) CMS: 102569K->102570K(2011968K)
[2020-09-11T14:52:13.505+0000][1][gc,metaspace ] GC(98) Metaspace: 86230K->86230K(1128448K)
[2020-09-11T14:52:13.505+0000][1][gc           ] GC(98) Pause Young (Allocation Failure) 167M->100M(2039M) 17.031ms
[2020-09-11T14:52:13.505+0000][1][gc,cpu       ] GC(98) User=0.01s Sys=0.00s Real=0.02s
[2020-09-11T14:52:13.505+0000][1][safepoint    ] Safepoint "GenCollectForAllocation", Time since last: 15208694896 ns, Reaching safepoint: 59213 ns, At safepoint: 17094965 ns, Total: 17154178 ns
[2020-09-11T14:52:27.507+0000][1][safepoint    ] Safepoint "Cleanup", Time since last: 14002094030 ns, Reaching safepoint: 182242 ns, At safepoint: 41669 ns, Total: 223911 ns
[2020-09-11T14:52:30.508+0000][1][safepoint    ] Safepoint "Cleanup", Time since last: 3000529295 ns, Reaching safepoint: 144144 ns, At safepoint: 18122 ns, Total: 162266 ns
[2020-09-11T14:52:32.509+0000][1][safepoint    ] Safepoint "Cleanup", Time since last: 2000413132 ns, Reaching safepoint: 105043 ns, At safepoint: 7679 ns, Total: 112722 ns
[2020-09-11T14:52:39.510+0000][1][safepoint    ] Safepoint "Cleanup", Time since last: 7001087830 ns, Reaching safepoint: 141923 ns, At safepoint: 17450 ns, Total: 159373 ns
[2020-09-11T14:52:48.511+0000][1][safepoint    ] Safepoint "Cleanup", Time since last: 9001412982 ns, Reaching safepoint: 138502 ns, At safepoint: 7462 ns, Total: 145964 ns
[2020-09-11T14:52:53.512+0000][1][safepoint    ] Safepoint "Cleanup", Time since last: 5000834072 ns, Reaching safepoint: 92555 ns, At safepoint: 7227 ns, Total: 99782 ns
[2020-09-11T14:52:54.513+0000][1][safepoint    ] Safepoint "Cleanup", Time since last: 1000201025 ns, Reaching safepoint: 100212 ns, At safepoint: 7656 ns, Total: 107868 ns
[2020-09-11T14:53:03.514+0000][1][safepoint    ] Safepoint "Cleanup", Time since last: 9001221973 ns, Reaching safepoint: 143613 ns, At safepoint: 18893 ns, Total: 162506 ns
[2020-09-11T14:53:13.872+0000][1][gc,start     ] GC(99) Pause Young (Allocation Failure)
[2020-09-11T14:53:13.872+0000][1][gc,task      ] GC(99) Using 1 workers of 1 for evacuation
[2020-09-11T14:53:13.886+0000][1][gc,age       ] GC(99) Desired survivor size 4358144 bytes, new threshold 6 (max threshold 6)
[2020-09-11T14:53:13.886+0000][1][gc,age       ] GC(99) Age table with threshold 6 (max threshold 6)
[2020-09-11T14:53:13.886+0000][1][gc,age       ] GC(99) - age   1:     216312 bytes,     216312 total
[2020-09-11T14:53:13.886+0000][1][gc,age       ] GC(99) - age   2:       2648 bytes,     218960 total
[2020-09-11T14:53:13.886+0000][1][gc,age       ] GC(99) - age   3:     165152 bytes,     384112 total
[2020-09-11T14:53:13.886+0000][1][gc,age       ] GC(99) - age   4:     177312 bytes,     561424 total
[2020-09-11T14:53:13.886+0000][1][gc,age       ] GC(99) - age   5:       1800 bytes,     563224 total
[2020-09-11T14:53:13.886+0000][1][gc,age       ] GC(99) - age   6:        152 bytes,     563376 total
[2020-09-11T14:53:13.886+0000][1][gc,heap      ] GC(99) ParNew: 68609K->786K(76672K)
[2020-09-11T14:53:13.886+0000][1][gc,heap      ] GC(99) CMS: 102570K->102570K(2011968K)
[2020-09-11T14:53:13.886+0000][1][gc,metaspace ] GC(99) Metaspace: 86233K->86233K(1128448K)
[2020-09-11T14:53:13.886+0000][1][gc           ] GC(99) Pause Young (Allocation Failure) 167M->100M(2039M) 13.899ms
[2020-09-11T14:53:13.886+0000][1][gc,cpu       ] GC(99) User=0.02s Sys=0.00s Real=0.02s
[2020-09-11T14:53:13.887+0000][1][safepoint    ] Safepoint "GenCollectForAllocation", Time since last: 10358210440 ns, Reaching safepoint: 95996 ns, At safepoint: 14762755 ns, Total: 14858751 ns
[2020-09-11T14:53:57.894+0000][1][safepoint    ] Safepoint "Cleanup", Time since last: 44006661923 ns, Reaching safepoint: 166031 ns, At safepoint: 19194 ns, Total: 185225 ns
[2020-09-11T14:53:58.894+0000][1][safepoint    ] Safepoint "Cleanup", Time since last: 1000244408 ns, Reaching safepoint: 90586 ns, At safepoint: 7189 ns, Total: 97775 ns
[2020-09-11T14:53:59.895+0000][1][safepoint    ] Safepoint "Cleanup", Time since last: 1000187205 ns, Reaching safepoint: 127198 ns, At safepoint: 7030 ns, Total: 134228 ns
[2020-09-11T14:54:00.895+0000][1][safepoint    ] Safepoint "Cleanup", Time since last: 1000169073 ns, Reaching safepoint: 130453 ns, At safepoint: 17587 ns, Total: 148040 ns
[2020-09-11T14:54:01.895+0000][1][safepoint    ] Safepoint "Cleanup", Time since last: 1000240914 ns, Reaching safepoint: 127453 ns, At safepoint: 16815 ns, Total: 144268 ns
[2020-09-11T14:54:02.896+0000][1][safepoint    ] Safepoint "Cleanup", Time since last: 1000260008 ns, Reaching safepoint: 130302 ns, At safepoint: 17504 ns, Total: 147806 ns
[2020-09-11T14:54:03.896+0000][1][safepoint    ] Safepoint "Cleanup", Time since last: 1000213016 ns, Reaching safepoint: 96765 ns, At safepoint: 6243 ns, Total: 103008 ns
[2020-09-11T14:54:04.896+0000][1][safepoint    ] Safepoint "Cleanup", Time since last: 1000211597 ns, Reaching safepoint: 99598 ns, At safepoint: 6845 ns, Total: 106443 ns
[2020-09-11T14:54:05.897+0000][1][safepoint    ] Safepoint "Cleanup", Time since last: 1000173458 ns, Reaching safepoint: 129717 ns, At safepoint: 16248 ns, Total: 145965 ns
[2020-09-11T14:54:06.897+0000][1][safepoint    ] Safepoint "Cleanup", Time since last: 1000213115 ns, Reaching safepoint: 145668 ns, At safepoint: 18309 ns, Total: 163977 ns
[2020-09-11T14:54:07.897+0000][1][safepoint    ] Safepoint "Cleanup", Time since last: 1000221392 ns, Reaching safepoint: 131231 ns, At safepoint: 16922 ns, Total: 148153 ns
[2020-09-11T14:54:08.898+0000][1][safepoint    ] Safepoint "Cleanup", Time since last: 1000219573 ns, Reaching safepoint: 130700 ns, At safepoint: 17146 ns, Total: 147846 ns
[2020-09-11T14:54:09.898+0000][1][safepoint    ] Safepoint "Cleanup", Time since last: 1000187671 ns, Reaching safepoint: 129504 ns, At safepoint: 15058 ns, Total: 144562 ns
[2020-09-11T14:54:10.898+0000][1][safepoint    ] Safepoint "Cleanup", Time since last: 1000206786 ns, Reaching safepoint: 103511 ns, At safepoint: 7557 ns, Total: 111068 ns
[2020-09-11T14:54:11.899+0000][1][safepoint    ] Safepoint "Cleanup", Time since last: 1000145358 ns, Reaching safepoint: 126795 ns, At safepoint: 15321 ns, Total: 142116 ns
[2020-09-11T14:54:12.899+0000][1][safepoint    ] Safepoint "Cleanup", Time since last: 1000215266 ns, Reaching safepoint: 91490 ns, At safepoint: 7316 ns, Total: 98806 ns
[2020-09-11T14:54:13.899+0000][1][safepoint    ] Safepoint "Cleanup", Time since last: 1000199310 ns, Reaching safepoint: 89421 ns, At safepoint: 6997 ns, Total: 96418 ns
[2020-09-11T14:54:14.243+0000][1][gc,start     ] GC(100) Pause Young (Allocation Failure)
[2020-09-11T14:54:14.243+0000][1][gc,task      ] GC(100) Using 1 workers of 1 for evacuation
[2020-09-11T14:54:14.257+0000][1][gc,age       ] GC(100) Desired survivor size 4358144 bytes, new threshold 6 (max threshold 6)
[2020-09-11T14:54:14.257+0000][1][gc,age       ] GC(100) Age table with threshold 6 (max threshold 6)
[2020-09-11T14:54:14.257+0000][1][gc,age       ] GC(100) - age   1:      60184 bytes,      60184 total
[2020-09-11T14:54:14.257+0000][1][gc,age       ] GC(100) - age   2:       3720 bytes,      63904 total
[2020-09-11T14:54:14.257+0000][1][gc,age       ] GC(100) - age   3:       2528 bytes,      66432 total
[2020-09-11T14:54:14.257+0000][1][gc,age       ] GC(100) - age   4:     165152 bytes,     231584 total
[2020-09-11T14:54:14.257+0000][1][gc,age       ] GC(100) - age   5:     177312 bytes,     408896 total
[2020-09-11T14:54:14.257+0000][1][gc,age       ] GC(100) - age   6:       1800 bytes,     410696 total
[2020-09-11T14:54:14.257+0000][1][gc,heap      ] GC(100) ParNew: 68946K->510K(76672K)
[2020-09-11T14:54:14.257+0000][1][gc,heap      ] GC(100) CMS: 102570K->102570K(2011968K)
[2020-09-11T14:54:14.257+0000][1][gc,metaspace ] GC(100) Metaspace: 86235K->86235K(1128448K)
[2020-09-11T14:54:14.257+0000][1][gc           ] GC(100) Pause Young (Allocation Failure) 167M->100M(2039M) 14.061ms
[2020-09-11T14:54:14.257+0000][1][gc,cpu       ] GC(100) User=0.01s Sys=0.00s Real=0.02s
[2020-09-11T14:54:14.257+0000][1][safepoint    ] Safepoint "GenCollectForAllocation", Time since last: 343551970 ns, Reaching safepoint: 184214 ns, At safepoint: 14129975 ns, Total: 14314189 ns
[2020-09-11T14:54:15.259+0000][1][safepoint    ] Safepoint "Cleanup", Time since last: 1001306844 ns, Reaching safepoint: 126865 ns, At safepoint: 45655 ns, Total: 172520 ns
[2020-09-11T14:54:16.259+0000][1][safepoint    ] Safepoint "Cleanup", Time since last: 1000201418 ns, Reaching safepoint: 130182 ns, At safepoint: 46765 ns, Total: 176947 ns
[2020-09-11T14:54:17.260+0000][1][safepoint    ] Safepoint "Cleanup", Time since last: 1001035543 ns, Reaching safepoint: 143827 ns, At safepoint: 19598 ns, Total: 163425 ns
[2020-09-11T14:54:18.261+0000][1][safepoint    ] Safepoint "Cleanup", Time since last: 1000228052 ns, Reaching safepoint: 129327 ns, At safepoint: 17610 ns, Total: 146937 ns
[2020-09-11T14:54:19.261+0000][1][safepoint    ] Safepoint "Cleanup", Time since last: 1000222324 ns, Reaching safepoint: 128381 ns, At safepoint: 16441 ns, Total: 144822 ns
[2020-09-11T14:54:20.261+0000][1][safepoint    ] Safepoint "Cleanup", Time since last: 1000209269 ns, Reaching safepoint: 128826 ns, At safepoint: 16665 ns, Total: 145491 ns
[2020-09-11T14:54:21.262+0000][1][safepoint    ] Safepoint "Cleanup", Time since last: 1000228872 ns, Reaching safepoint: 98991 ns, At safepoint: 7455 ns, Total: 106446 ns
[2020-09-11T14:54:22.262+0000][1][safepoint    ] Safepoint "Cleanup", Time since last: 1000165890 ns, Reaching safepoint: 124566 ns, At safepoint: 6273 ns, Total: 130839 ns
[2020-09-11T14:54:23.262+0000][1][safepoint    ] Safepoint "Cleanup", Time since last: 1000176508 ns, Reaching safepoint: 131135 ns, At safepoint: 17884 ns, Total: 149019 ns
[2020-09-11T14:54:24.263+0000][1][safepoint    ] Safepoint "Cleanup", Time since last: 1000184169 ns, Reaching safepoint: 137719 ns, At safepoint: 16084 ns, Total: 153803 ns
[2020-09-11T14:54:25.263+0000][1][safepoint    ] Safepoint "Cleanup", Time since last: 1000215057 ns, Reaching safepoint: 128164 ns, At safepoint: 17396 ns, Total: 145560 ns
[2020-09-11T14:54:26.263+0000][1][safepoint    ] Safepoint "Cleanup", Time since last: 1000210628 ns, Reaching safepoint: 151672 ns, At safepoint: 15435 ns, Total: 167107 ns
[2020-09-11T14:54:27.264+0000][1][safepoint    ] Safepoint "Cleanup", Time since last: 1000229992 ns, Reaching safepoint: 148143 ns, At safepoint: 20237 ns, Total: 168380 ns
[2020-09-11T14:54:28.264+0000][1][safepoint    ] Safepoint "Cleanup", Time since last: 1000188754 ns, Reaching safepoint: 67217 ns, At safepoint: 6296 ns, Total: 73513 ns
[2020-09-11T14:54:29.264+0000][1][safepoint    ] Safepoint "Cleanup", Time since last: 1000166268 ns, Reaching safepoint: 100809 ns, At safepoint: 7465 ns, Total: 108274 ns
[2020-09-11T14:54:30.265+0000][1][safepoint    ] Safepoint "Cleanup", Time since last: 1000176479 ns, Reaching safepoint: 115182 ns, At safepoint: 6936 ns, Total: 122118 ns
[2020-09-11T14:54:31.265+0000][1][safepoint    ] Safepoint "Cleanup", Time since last: 1000167755 ns, Reaching safepoint: 131866 ns, At safepoint: 18362 ns, Total: 150228 ns
[2020-09-11T14:54:51.268+0000][1][safepoint    ] Safepoint "Cleanup", Time since last: 20002814658 ns, Reaching safepoint: 120161 ns, At safepoint: 7224 ns, Total: 127385 ns
[2020-09-11T14:54:52.268+0000][1][safepoint    ] Safepoint "Cleanup", Time since last: 1000201573 ns, Reaching safepoint: 138244 ns, At safepoint: 16742 ns, Total: 154986 ns
[2020-09-11T14:54:54.269+0000][1][safepoint    ] Safepoint "Cleanup", Time since last: 2000388030 ns, Reaching safepoint: 90409 ns, At safepoint: 6237 ns, Total: 96646 ns
[2020-09-11T14:54:55.269+0000][1][safepoint    ] Safepoint "Cleanup", Time since last: 1000137529 ns, Reaching safepoint: 120276 ns, At safepoint: 6389 ns, Total: 126665 ns
[2020-09-11T14:55:04.270+0000][1][safepoint    ] Safepoint "Cleanup", Time since last: 9001311129 ns, Reaching safepoint: 101577 ns, At safepoint: 7038 ns, Total: 108615 ns
[2020-09-11T14:55:13.780+0000][1][gc,start     ] GC(101) Pause Young (Allocation Failure)
[2020-09-11T14:55:13.780+0000][1][gc,task      ] GC(101) Using 1 workers of 1 for evacuation
[2020-09-11T14:55:13.793+0000][1][gc,age       ] GC(101) Desired survivor size 4358144 bytes, new threshold 6 (max threshold 6)
[2020-09-11T14:55:13.793+0000][1][gc,age       ] GC(101) Age table with threshold 6 (max threshold 6)
[2020-09-11T14:55:13.793+0000][1][gc,age       ] GC(101) - age   1:      29488 bytes,      29488 total
[2020-09-11T14:55:13.793+0000][1][gc,age       ] GC(101) - age   2:       1448 bytes,      30936 total
[2020-09-11T14:55:13.793+0000][1][gc,age       ] GC(101) - age   3:       2480 bytes,      33416 total
[2020-09-11T14:55:13.793+0000][1][gc,age       ] GC(101) - age   4:       2528 bytes,      35944 total
[2020-09-11T14:55:13.793+0000][1][gc,age       ] GC(101) - age   5:     165152 bytes,     201096 total
[2020-09-11T14:55:13.793+0000][1][gc,age       ] GC(101) - age   6:     177312 bytes,     378408 total
[2020-09-11T14:55:13.793+0000][1][gc,heap      ] GC(101) ParNew: 68670K->428K(76672K)
[2020-09-11T14:55:13.793+0000][1][gc,heap      ] GC(101) CMS: 102570K->102572K(2011968K)
[2020-09-11T14:55:13.793+0000][1][gc,metaspace ] GC(101) Metaspace: 86241K->86241K(1128448K)
[2020-09-11T14:55:13.793+0000][1][gc           ] GC(101) Pause Young (Allocation Failure) 167M->100M(2039M) 13.133ms
[2020-09-11T14:55:13.793+0000][1][gc,cpu       ] GC(101) User=0.02s Sys=0.00s Real=0.01s
[2020-09-11T14:55:13.793+0000][1][safepoint    ] Safepoint "GenCollectForAllocation", Time since last: 9509341567 ns, Reaching safepoint: 58622 ns, At safepoint: 13196304 ns, Total: 13254926 ns
[2020-09-11T14:55:27.795+0000][1][safepoint    ] Safepoint "Cleanup", Time since last: 14002071922 ns, Reaching safepoint: 106835 ns, At safepoint: 6259 ns, Total: 113094 ns
[2020-09-11T14:55:28.290+0000][1][safepoint    ] Safepoint "RevokeBias", Time since last: 494423071 ns, Reaching safepoint: 163909 ns, At safepoint: 24464 ns, Total: 188373 ns
[2020-09-11T14:55:28.374+0000][1][safepoint    ] Safepoint "RevokeBias", Time since last: 81474965 ns, Reaching safepoint: 2288440 ns, At safepoint: 74256 ns, Total: 2362696 ns
[2020-09-11T14:55:28.567+0000][1][safepoint    ] Safepoint "RevokeBias", Time since last: 193359987 ns, Reaching safepoint: 253001 ns, At safepoint: 50285 ns, Total: 303286 ns
[2020-09-11T14:55:29.568+0000][1][safepoint    ] Safepoint "Cleanup", Time since last: 1000313336 ns, Reaching safepoint: 100880 ns, At safepoint: 8395 ns, Total: 109275 ns
[2020-09-11T14:55:32.568+0000][1][safepoint    ] Safepoint "Cleanup", Time since last: 3000439000 ns, Reaching safepoint: 183855 ns, At safepoint: 18289 ns, Total: 202144 ns
[2020-09-11T14:55:39.570+0000][1][safepoint    ] Safepoint "Cleanup", Time since last: 7001008303 ns, Reaching safepoint: 107789 ns, At safepoint: 7651 ns, Total: 115440 ns
[2020-09-11T14:55:45.571+0000][1][safepoint    ] Safepoint "Cleanup", Time since last: 6000827826 ns, Reaching safepoint: 149192 ns, At safepoint: 7783 ns, Total: 156975 ns
[2020-09-11T14:55:46.571+0000][1][safepoint    ] Safepoint "Cleanup", Time since last: 1000187067 ns, Reaching safepoint: 99355 ns, At safepoint: 7724 ns, Total: 107079 ns
[2020-09-11T14:55:50.840+0000][1][safepoint    ] Safepoint "RevokeBias", Time since last: 4268679998 ns, Reaching safepoint: 75231 ns, At safepoint: 21676 ns, Total: 96907 ns
[2020-09-11T14:55:51.840+0000][1][safepoint    ] Safepoint "Cleanup", Time since last: 1000171301 ns, Reaching safepoint: 123871 ns, At safepoint: 16762 ns, Total: 140633 ns
[2020-09-11T14:55:57.841+0000][1][safepoint    ] Safepoint "Cleanup", Time since last: 6000832867 ns, Reaching safepoint: 111429 ns, At safepoint: 7465 ns, Total: 118894 ns
[2020-09-11T14:56:08.842+0000][1][safepoint    ] Safepoint "Cleanup", Time since last: 11001319201 ns, Reaching safepoint: 137145 ns, At safepoint: 17553 ns, Total: 154698 ns
[2020-09-11T14:56:09.843+0000][1][safepoint    ] Safepoint "Cleanup", Time since last: 1000209171 ns, Reaching safepoint: 135073 ns, At safepoint: 17016 ns, Total: 152089 ns
[2020-09-11T14:56:12.851+0000][1][gc,start     ] GC(102) Pause Young (Allocation Failure)
[2020-09-11T14:56:12.851+0000][1][gc,task      ] GC(102) Using 1 workers of 1 for evacuation
[2020-09-11T14:56:12.867+0000][1][gc,age       ] GC(102) Desired survivor size 4358144 bytes, new threshold 6 (max threshold 6)
[2020-09-11T14:56:12.867+0000][1][gc,age       ] GC(102) Age table with threshold 6 (max threshold 6)
[2020-09-11T14:56:12.867+0000][1][gc,age       ] GC(102) - age   1:      96752 bytes,      96752 total
[2020-09-11T14:56:12.867+0000][1][gc,age       ] GC(102) - age   2:       1744 bytes,      98496 total
[2020-09-11T14:56:12.867+0000][1][gc,age       ] GC(102) - age   3:         56 bytes,      98552 total
[2020-09-11T14:56:12.867+0000][1][gc,age       ] GC(102) - age   4:       2480 bytes,     101032 total
[2020-09-11T14:56:12.867+0000][1][gc,age       ] GC(102) - age   5:       2528 bytes,     103560 total
[2020-09-11T14:56:12.867+0000][1][gc,age       ] GC(102) - age   6:     162072 bytes,     265632 total
[2020-09-11T14:56:12.867+0000][1][gc,heap      ] GC(102) ParNew: 68588K->384K(76672K)
[2020-09-11T14:56:12.867+0000][1][gc,heap      ] GC(102) CMS: 102572K->102751K(2011968K)
[2020-09-11T14:56:12.867+0000][1][gc,metaspace ] GC(102) Metaspace: 86402K->86402K(1128448K)
[2020-09-11T14:56:12.867+0000][1][gc           ] GC(102) Pause Young (Allocation Failure) 167M->100M(2039M) 16.149ms
[2020-09-11T14:56:12.867+0000][1][gc,cpu       ] GC(102) User=0.01s Sys=0.00s Real=0.02s
[2020-09-11T14:56:12.867+0000][1][safepoint    ] Safepoint "GenCollectForAllocation", Time since last: 3007980584 ns, Reaching safepoint: 179493 ns, At safepoint: 16210087 ns, Total: 16389580 ns
[2020-09-11T14:56:20.846+0000][1][safepoint    ] Safepoint "RevokeBias", Time since last: 7978909440 ns, Reaching safepoint: 85793 ns, At safepoint: 20251 ns, Total: 106044 ns
[2020-09-11T14:56:20.846+0000][1][safepoint    ] Safepoint "RevokeBias", Time since last: 63955 ns, Reaching safepoint: 23799 ns, At safepoint: 10615 ns, Total: 34414 ns
[2020-09-11T14:56:20.846+0000][1][safepoint    ] Safepoint "RevokeBias", Time since last: 114277 ns, Reaching safepoint: 29068 ns, At safepoint: 10102 ns, Total: 39170 ns
[2020-09-11T14:56:20.847+0000][1][safepoint    ] Safepoint "RevokeBias", Time since last: 328475 ns, Reaching safepoint: 26507 ns, At safepoint: 10562 ns, Total: 37069 ns
[2020-09-11T14:56:20.847+0000][1][safepoint    ] Safepoint "RevokeBias", Time since last: 52827 ns, Reaching safepoint: 24963 ns, At safepoint: 9445 ns, Total: 34408 ns
[2020-09-11T14:56:20.847+0000][1][safepoint    ] Safepoint "RevokeBias", Time since last: 54884 ns, Reaching safepoint: 22534 ns, At safepoint: 9356 ns, Total: 31890 ns
[2020-09-11T14:56:20.878+0000][1][safepoint    ] Safepoint "RevokeBias", Time since last: 29195589 ns, Reaching safepoint: 2396536 ns, At safepoint: 34286 ns, Total: 2430822 ns
[2020-09-11T14:56:21.879+0000][1][safepoint    ] Safepoint "Cleanup", Time since last: 1000142504 ns, Reaching safepoint: 112257 ns, At safepoint: 5917 ns, Total: 118174 ns
[2020-09-11T14:56:25.879+0000][1][safepoint    ] Safepoint "Cleanup", Time since last: 4000594287 ns, Reaching safepoint: 123307 ns, At safepoint: 7225 ns, Total: 130532 ns
[2020-09-11T14:56:36.882+0000][1][safepoint    ] Safepoint "Cleanup", Time since last: 11002713966 ns, Reaching safepoint: 155099 ns, At safepoint: 17173 ns, Total: 172272 ns
[2020-09-11T14:56:43.884+0000][1][safepoint    ] Safepoint "Cleanup", Time since last: 7001092809 ns, Reaching safepoint: 175219 ns, At safepoint: 19458 ns, Total: 194677 ns
[2020-09-11T14:56:51.885+0000][1][safepoint    ] Safepoint "Cleanup", Time since last: 8001259692 ns, Reaching safepoint: 92765 ns, At safepoint: 7318 ns, Total: 100083 ns
[2020-09-11T14:56:52.885+0000][1][safepoint    ] Safepoint "Cleanup", Time since last: 1000174553 ns, Reaching safepoint: 126404 ns, At safepoint: 16548 ns, Total: 142952 ns
[2020-09-11T14:56:53.886+0000][1][safepoint    ] Safepoint "Cleanup", Time since last: 1000230598 ns, Reaching safepoint: 98035 ns, At safepoint: 7126 ns, Total: 105161 ns
[2020-09-11T14:56:54.886+0000][1][safepoint    ] Safepoint "Cleanup", Time since last: 1000204659 ns, Reaching safepoint: 120984 ns, At safepoint: 17069 ns, Total: 138053 ns
[2020-09-11T14:56:55.886+0000][1][safepoint    ] Safepoint "Cleanup", Time since last: 1000216889 ns, Reaching safepoint: 122972 ns, At safepoint: 18252 ns, Total: 141224 ns
[2020-09-11T14:56:56.887+0000][1][safepoint    ] Safepoint "Cleanup", Time since last: 1000211272 ns, Reaching safepoint: 98569 ns, At safepoint: 6344 ns, Total: 104913 ns
[2020-09-11T14:56:57.887+0000][1][safepoint    ] Safepoint "Cleanup", Time since last: 1000182792 ns, Reaching safepoint: 100868 ns, At safepoint: 7487 ns, Total: 108355 ns
[2020-09-11T14:56:58.887+0000][1][safepoint    ] Safepoint "Cleanup", Time since last: 1000181330 ns, Reaching safepoint: 92768 ns, At safepoint: 7661 ns, Total: 100429 ns
[2020-09-11T14:56:59.888+0000][1][safepoint    ] Safepoint "Cleanup", Time since last: 1000186002 ns, Reaching safepoint: 96001 ns, At safepoint: 7577 ns, Total: 103578 ns
[2020-09-11T14:57:00.888+0000][1][safepoint    ] Safepoint "Cleanup", Time since last: 1000134895 ns, Reaching safepoint: 116472 ns, At safepoint: 7010 ns, Total: 123482 ns
[2020-09-11T14:57:01.888+0000][1][safepoint    ] Safepoint "Cleanup", Time since last: 1000185656 ns, Reaching safepoint: 121549 ns, At safepoint: 17363 ns, Total: 138912 ns
[2020-09-11T14:57:02.888+0000][1][safepoint    ] Safepoint "Cleanup", Time since last: 1000233744 ns, Reaching safepoint: 125237 ns, At safepoint: 16709 ns, Total: 141946 ns
[2020-09-11T14:57:03.889+0000][1][safepoint    ] Safepoint "Cleanup", Time since last: 1000222175 ns, Reaching safepoint: 134255 ns, At safepoint: 18446 ns, Total: 152701 ns
[2020-09-11T14:57:04.889+0000][1][safepoint    ] Safepoint "Cleanup", Time since last: 1000232921 ns, Reaching safepoint: 121806 ns, At safepoint: 16418 ns, Total: 138224 ns
[2020-09-11T14:57:05.890+0000][1][safepoint    ] Safepoint "Cleanup", Time since last: 1000181743 ns, Reaching safepoint: 127102 ns, At safepoint: 17159 ns, Total: 144261 ns
[2020-09-11T14:57:06.890+0000][1][safepoint    ] Safepoint "Cleanup", Time since last: 1000223400 ns, Reaching safepoint: 141775 ns, At safepoint: 17160 ns, Total: 158935 ns
[2020-09-11T14:57:07.890+0000][1][safepoint    ] Safepoint "Cleanup", Time since last: 1000178558 ns, Reaching safepoint: 73910 ns, At safepoint: 8293 ns, Total: 82203 ns
[2020-09-11T14:57:07.956+0000][1][gc,start     ] GC(103) Pause Young (Allocation Failure)
[2020-09-11T14:57:07.956+0000][1][gc,task      ] GC(103) Using 1 workers of 1 for evacuation
[2020-09-11T14:57:07.982+0000][1][gc,age       ] GC(103) Desired survivor size 4358144 bytes, new threshold 6 (max threshold 6)
[2020-09-11T14:57:07.982+0000][1][gc,age       ] GC(103) Age table with threshold 6 (max threshold 6)
[2020-09-11T14:57:07.982+0000][1][gc,age       ] GC(103) - age   1:      63552 bytes,      63552 total
[2020-09-11T14:57:07.982+0000][1][gc,age       ] GC(103) - age   2:      67776 bytes,     131328 total
[2020-09-11T14:57:07.982+0000][1][gc,age       ] GC(103) - age   3:        504 bytes,     131832 total
[2020-09-11T14:57:07.982+0000][1][gc,age       ] GC(103) - age   4:         56 bytes,     131888 total
[2020-09-11T14:57:07.982+0000][1][gc,age       ] GC(103) - age   5:       2480 bytes,     134368 total
[2020-09-11T14:57:07.982+0000][1][gc,age       ] GC(103) - age   6:       2528 bytes,     136896 total
[2020-09-11T14:57:07.982+0000][1][gc,heap      ] GC(103) ParNew: 68544K->290K(76672K)
[2020-09-11T14:57:07.982+0000][1][gc,heap      ] GC(103) CMS: 102751K->102898K(2011968K)
[2020-09-11T14:57:07.982+0000][1][gc,metaspace ] GC(103) Metaspace: 86439K->86439K(1128448K)
[2020-09-11T14:57:07.982+0000][1][gc           ] GC(103) Pause Young (Allocation Failure) 167M->100M(2039M) 26.949ms
[2020-09-11T14:57:07.982+0000][1][gc,cpu       ] GC(103) User=0.02s Sys=0.00s Real=0.02s
[2020-09-11T14:57:07.983+0000][1][safepoint    ] Safepoint "GenCollectForAllocation", Time since last: 62799156 ns, Reaching safepoint: 2486789 ns, At safepoint: 27030515 ns, Total: 29517304 ns
[2020-09-11T14:57:08.988+0000][1][safepoint    ] Safepoint "Cleanup", Time since last: 1005428253 ns, Reaching safepoint: 60905 ns, At safepoint: 14733 ns, Total: 75638 ns
[2020-09-11T14:57:09.989+0000][1][safepoint    ] Safepoint "Cleanup", Time since last: 1000581655 ns, Reaching safepoint: 118378 ns, At safepoint: 60212 ns, Total: 178590 ns
[2020-09-11T14:57:11.001+0000][1][safepoint    ] Safepoint "Cleanup", Time since last: 1012229567 ns, Reaching safepoint: 103862 ns, At safepoint: 20355 ns, Total: 124217 ns
[2020-09-11T14:57:12.002+0000][1][safepoint    ] Safepoint "Cleanup", Time since last: 1000194688 ns, Reaching safepoint: 122030 ns, At safepoint: 47499 ns, Total: 169529 ns
[2020-09-11T14:57:13.002+0000][1][safepoint    ] Safepoint "Cleanup", Time since last: 1000178448 ns, Reaching safepoint: 126269 ns, At safepoint: 6532 ns, Total: 132801 ns
[2020-09-11T14:57:14.002+0000][1][safepoint    ] Safepoint "Cleanup", Time since last: 1000198476 ns, Reaching safepoint: 88070 ns, At safepoint: 6879 ns, Total: 94949 ns
[2020-09-11T14:57:15.002+0000][1][safepoint    ] Safepoint "Cleanup", Time since last: 1000141023 ns, Reaching safepoint: 120908 ns, At safepoint: 14169 ns, Total: 135077 ns
[2020-09-11T14:57:16.003+0000][1][safepoint    ] Safepoint "Cleanup", Time since last: 1000930942 ns, Reaching safepoint: 153525 ns, At safepoint: 14313 ns, Total: 167838 ns
[2020-09-11T14:57:17.004+0000][1][safepoint    ] Safepoint "Cleanup", Time since last: 1000169158 ns, Reaching safepoint: 110031 ns, At safepoint: 6579 ns, Total: 116610 ns
[2020-09-11T14:57:18.006+0000][1][safepoint    ] Safepoint "Cleanup", Time since last: 1001826983 ns, Reaching safepoint: 56570 ns, At safepoint: 5571 ns, Total: 62141 ns
[2020-09-11T14:57:19.006+0000][1][safepoint    ] Safepoint "Cleanup", Time since last: 1000322940 ns, Reaching safepoint: 112510 ns, At safepoint: 7798 ns, Total: 120308 ns
[2020-09-11T14:57:19.020+0000][1][safepoint    ] Safepoint "RevokeBias", Time since last: 13888216 ns, Reaching safepoint: 63537 ns, At safepoint: 19634 ns, Total: 83171 ns
[2020-09-11T14:57:19.044+0000][1][safepoint    ] Safepoint "RevokeBias", Time since last: 10889428 ns, Reaching safepoint: 12516193 ns, At safepoint: 31481 ns, Total: 12547674 ns
[2020-09-11T14:57:20.044+0000][1][safepoint    ] Safepoint "Cleanup", Time since last: 1000145130 ns, Reaching safepoint: 90575 ns, At safepoint: 8317 ns, Total: 98892 ns
[2020-09-11T14:57:21.044+0000][1][safepoint    ] Safepoint "Cleanup", Time since last: 1000162886 ns, Reaching safepoint: 113440 ns, At safepoint: 17093 ns, Total: 130533 ns
[2020-09-11T14:57:22.044+0000][1][safepoint    ] Safepoint "Cleanup", Time since last: 1000190839 ns, Reaching safepoint: 123156 ns, At safepoint: 39871 ns, Total: 163027 ns
[2020-09-11T14:57:23.045+0000][1][safepoint    ] Safepoint "Cleanup", Time since last: 1000219537 ns, Reaching safepoint: 117871 ns, At safepoint: 17600 ns, Total: 135471 ns
[2020-09-11T14:57:24.045+0000][1][safepoint    ] Safepoint "Cleanup", Time since last: 1000211758 ns, Reaching safepoint: 93133 ns, At safepoint: 6430 ns, Total: 99563 ns
[2020-09-11T14:57:25.047+0000][1][safepoint    ] Safepoint "Cleanup", Time since last: 1001364529 ns, Reaching safepoint: 96125 ns, At safepoint: 7306 ns, Total: 103431 ns
[2020-09-11T14:57:26.047+0000][1][safepoint    ] Safepoint "Cleanup", Time since last: 1000218187 ns, Reaching safepoint: 120072 ns, At safepoint: 15626 ns, Total: 135698 ns
[2020-09-11T14:57:27.048+0000][1][safepoint    ] Safepoint "Cleanup", Time since last: 1001161303 ns, Reaching safepoint: 121375 ns, At safepoint: 15091 ns, Total: 136466 ns
[2020-09-11T14:57:28.049+0000][1][safepoint    ] Safepoint "Cleanup", Time since last: 1000213925 ns, Reaching safepoint: 92412 ns, At safepoint: 7223 ns, Total: 99635 ns
[2020-09-11T14:57:29.049+0000][1][safepoint    ] Safepoint "Cleanup", Time since last: 1000173356 ns, Reaching safepoint: 118800 ns, At safepoint: 17527 ns, Total: 136327 ns
[2020-09-11T14:57:30.050+0000][1][safepoint    ] Safepoint "Cleanup", Time since last: 1001144853 ns, Reaching safepoint: 98030 ns, At safepoint: 6672 ns, Total: 104702 ns
[2020-09-11T14:57:31.050+0000][1][safepoint    ] Safepoint "Cleanup", Time since last: 1000144430 ns, Reaching safepoint: 123467 ns, At safepoint: 17574 ns, Total: 141041 ns
[2020-09-11T14:57:32.051+0000][1][safepoint    ] Safepoint "Cleanup", Time since last: 1000148007 ns, Reaching safepoint: 77753 ns, At safepoint: 9494 ns, Total: 87247 ns
[2020-09-11T14:57:33.051+0000][1][safepoint    ] Safepoint "Cleanup", Time since last: 1000149864 ns, Reaching safepoint: 195445 ns, At safepoint: 16976 ns, Total: 212421 ns
[2020-09-11T14:57:34.051+0000][1][safepoint    ] Safepoint "Cleanup", Time since last: 1000147502 ns, Reaching safepoint: 74927 ns, At safepoint: 9255 ns, Total: 84182 ns
[2020-09-11T14:57:35.051+0000][1][safepoint    ] Safepoint "Cleanup", Time since last: 1000139707 ns, Reaching safepoint: 86246 ns, At safepoint: 8859 ns, Total: 95105 ns
[2020-09-11T14:57:36.052+0000][1][safepoint    ] Safepoint "Cleanup", Time since last: 1000118669 ns, Reaching safepoint: 72011 ns, At safepoint: 7770 ns, Total: 79781 ns
[2020-09-11T14:57:43.979+0000][1][safepoint    ] Safepoint "Deoptimize", Time since last: 7915490838 ns, Reaching safepoint: 6670128 ns, At safepoint: 4896116 ns, Total: 11566244 ns
[2020-09-11T14:57:44.301+0000][1][safepoint    ] Safepoint "RevokeBias", Time since last: 321804993 ns, Reaching safepoint: 232991 ns, At safepoint: 22522 ns, Total: 255513 ns
[2020-09-11T14:57:44.612+0000][1][safepoint    ] Safepoint "RevokeBias", Time since last: 310753093 ns, Reaching safepoint: 249929 ns, At safepoint: 44210 ns, Total: 294139 ns
[2020-09-11T14:57:44.612+0000][1][safepoint    ] Safepoint "RevokeBias", Time since last: 312373 ns, Reaching safepoint: 96253 ns, At safepoint: 13871 ns, Total: 110124 ns
[2020-09-11T14:57:44.612+0000][1][safepoint    ] Safepoint "RevokeBias", Time since last: 50320 ns, Reaching safepoint: 92677 ns, At safepoint: 11161 ns, Total: 103838 ns
[2020-09-11T14:57:44.665+0000][1][safepoint    ] Safepoint "Deoptimize", Time since last: 52044947 ns, Reaching safepoint: 146073 ns, At safepoint: 700008 ns, Total: 846081 ns
[2020-09-11T14:57:44.816+0000][1][safepoint    ] Safepoint "Deoptimize", Time since last: 150179943 ns, Reaching safepoint: 189216 ns, At safepoint: 724733 ns, Total: 913949 ns
[2020-09-11T14:57:45.028+0000][1][safepoint    ] Safepoint "BulkRevokeBias", Time since last: 211104740 ns, Reaching safepoint: 76680 ns, At safepoint: 217805 ns, Total: 294485 ns
[2020-09-11T14:57:45.117+0000][1][safepoint    ] Safepoint "RevokeBias", Time since last: 88886870 ns, Reaching safepoint: 129240 ns, At safepoint: 18558 ns, Total: 147798 ns
[2020-09-11T14:57:45.130+0000][1][safepoint    ] Safepoint "RevokeBias", Time since last: 12912707 ns, Reaching safepoint: 65616 ns, At safepoint: 20060 ns, Total: 85676 ns
[2020-09-11T14:57:45.130+0000][1][safepoint    ] Safepoint "RevokeBias", Time since last: 57422 ns, Reaching safepoint: 23401 ns, At safepoint: 10557 ns, Total: 33958 ns
[2020-09-11T14:57:45.161+0000][1][safepoint    ] Safepoint "RevokeBias", Time since last: 30640341 ns, Reaching safepoint: 58402 ns, At safepoint: 18025 ns, Total: 76427 ns
[2020-09-11T14:57:45.194+0000][1][safepoint    ] Safepoint "RevokeBias", Time since last: 33443859 ns, Reaching safepoint: 134855 ns, At safepoint: 15806 ns, Total: 150661 ns
[2020-09-11T14:57:45.225+0000][1][gc,start     ] GC(104) Pause Young (Allocation Failure)
[2020-09-11T14:57:45.225+0000][1][gc,task      ] GC(104) Using 1 workers of 1 for evacuation
[2020-09-11T14:57:45.302+0000][1][gc,age       ] GC(104) Desired survivor size 4358144 bytes, new threshold 6 (max threshold 6)
[2020-09-11T14:57:45.302+0000][1][gc,age       ] GC(104) Age table with threshold 6 (max threshold 6)
[2020-09-11T14:57:45.302+0000][1][gc,age       ] GC(104) - age   1:     620680 bytes,     620680 total
[2020-09-11T14:57:45.302+0000][1][gc,age       ] GC(104) - age   2:      27120 bytes,     647800 total
[2020-09-11T14:57:45.302+0000][1][gc,age       ] GC(104) - age   3:      67000 bytes,     714800 total
[2020-09-11T14:57:45.302+0000][1][gc,age       ] GC(104) - age   4:        504 bytes,     715304 total
[2020-09-11T14:57:45.302+0000][1][gc,age       ] GC(104) - age   5:         56 bytes,     715360 total
[2020-09-11T14:57:45.302+0000][1][gc,age       ] GC(104) - age   6:       2480 bytes,     717840 total
[2020-09-11T14:57:45.302+0000][1][gc,heap      ] GC(104) ParNew: 68450K->808K(76672K)
[2020-09-11T14:57:45.302+0000][1][gc,heap      ] GC(104) CMS: 102898K->102900K(2011968K)
[2020-09-11T14:57:45.302+0000][1][gc,metaspace ] GC(104) Metaspace: 86640K->86640K(1128448K)
[2020-09-11T14:57:45.302+0000][1][gc           ] GC(104) Pause Young (Allocation Failure) 167M->101M(2039M) 77.311ms
[2020-09-11T14:57:45.302+0000][1][gc,cpu       ] GC(104) User=0.03s Sys=0.00s Real=0.07s
[2020-09-11T14:57:45.323+0000][1][safepoint    ] Safepoint "GenCollectForAllocation", Time since last: 30617319 ns, Reaching safepoint: 139947 ns, At safepoint: 98514158 ns, Total: 98654105 ns
[2020-09-11T14:57:45.356+0000][1][safepoint    ] Safepoint "RevokeBias", Time since last: 32082863 ns, Reaching safepoint: 79287 ns, At safepoint: 20214 ns, Total: 99501 ns
[2020-09-11T14:57:45.366+0000][1][safepoint    ] Safepoint "RevokeBias", Time since last: 10116054 ns, Reaching safepoint: 135444 ns, At safepoint: 19839 ns, Total: 155283 ns
[2020-09-11T14:57:45.409+0000][1][safepoint    ] Safepoint "RevokeBias", Time since last: 42761427 ns, Reaching safepoint: 139992 ns, At safepoint: 20215 ns, Total: 160207 ns
[2020-09-11T14:57:45.422+0000][1][safepoint    ] Safepoint "RevokeBias", Time since last: 12757146 ns, Reaching safepoint: 135124 ns, At safepoint: 18575 ns, Total: 153699 ns
[2020-09-11T14:57:45.422+0000][1][safepoint    ] Safepoint "RevokeBias", Time since last: 203843 ns, Reaching safepoint: 101178 ns, At safepoint: 11505 ns, Total: 112683 ns
[2020-09-11T14:57:45.422+0000][1][safepoint    ] Safepoint "RevokeBias", Time since last: 38068 ns, Reaching safepoint: 96638 ns, At safepoint: 10624 ns, Total: 107262 ns
[2020-09-11T14:57:45.422+0000][1][safepoint    ] Safepoint "RevokeBias", Time since last: 72748 ns, Reaching safepoint: 97765 ns, At safepoint: 10496 ns, Total: 108261 ns
[2020-09-11T14:57:45.436+0000][1][safepoint    ] Safepoint "RevokeBias", Time since last: 13684316 ns, Reaching safepoint: 61126 ns, At safepoint: 19670 ns, Total: 80796 ns
[2020-09-11T14:57:45.436+0000][1][safepoint    ] Safepoint "RevokeBias", Time since last: 140987 ns, Reaching safepoint: 24820 ns, At safepoint: 10932 ns, Total: 35752 ns
[2020-09-11T14:57:48.047+0000][1][safepoint    ] Safepoint "RevokeBias", Time since last: 2609036827 ns, Reaching safepoint: 2112473 ns, At safepoint: 27020 ns, Total: 2139493 ns
[2020-09-11T14:57:50.048+0000][1][safepoint    ] Safepoint "Cleanup", Time since last: 2000186152 ns, Reaching safepoint: 121802 ns, At safepoint: 7391 ns, Total: 129193 ns
[2020-09-11T14:57:50.196+0000][1][safepoint    ] Safepoint "RevokeBias", Time since last: 147626138 ns, Reaching safepoint: 151634 ns, At safepoint: 53272 ns, Total: 204906 ns
[2020-09-11T14:57:52.205+0000][1][safepoint    ] Safepoint "Cleanup", Time since last: 2000181401 ns, Reaching safepoint: 8882678 ns, At safepoint: 16033 ns, Total: 8898711 ns
[2020-09-11T14:57:52.305+0000][1][safepoint    ] Safepoint "RevokeBias", Time since last: 99206544 ns, Reaching safepoint: 583841 ns, At safepoint: 22070 ns, Total: 605911 ns
[2020-09-11T14:57:52.340+0000][1][safepoint    ] Safepoint "Deoptimize", Time since last: 29008490 ns, Reaching safepoint: 5484680 ns, At safepoint: 1065655 ns, Total: 6550335 ns
[2020-09-11T14:57:52.389+0000][1][safepoint    ] Safepoint "RevokeBias", Time since last: 48851764 ns, Reaching safepoint: 331514 ns, At safepoint: 26268 ns, Total: 357782 ns
[2020-09-11T14:57:52.389+0000][1][safepoint    ] Safepoint "RevokeBias", Time since last: 71184 ns, Reaching safepoint: 115760 ns, At safepoint: 14013 ns, Total: 129773 ns
[2020-09-11T14:57:52.548+0000][1][safepoint    ] Safepoint "RevokeBias", Time since last: 158612790 ns, Reaching safepoint: 144424 ns, At safepoint: 19293 ns, Total: 163717 ns
[2020-09-11T14:57:52.560+0000][1][safepoint    ] Safepoint "RevokeBias", Time since last: 11150018 ns, Reaching safepoint: 137409 ns, At safepoint: 22865 ns, Total: 160274 ns
[2020-09-11T14:57:52.724+0000][1][safepoint    ] Safepoint "RevokeBias", Time since last: 163960310 ns, Reaching safepoint: 208210 ns, At safepoint: 174505 ns, Total: 382715 ns
[2020-09-11T14:57:52.732+0000][1][safepoint    ] Safepoint "RevokeBias", Time since last: 8236057 ns, Reaching safepoint: 203846 ns, At safepoint: 20954 ns, Total: 224800 ns
[2020-09-11T14:57:53.646+0000][1][safepoint    ] Safepoint "RevokeBias", Time since last: 913889894 ns, Reaching safepoint: 166413 ns, At safepoint: 21913 ns, Total: 188326 ns
[2020-09-11T14:57:53.725+0000][1][safepoint    ] Safepoint "RevokeBias", Time since last: 77625336 ns, Reaching safepoint: 1316756 ns, At safepoint: 21119 ns, Total: 1337875 ns
[2020-09-11T14:57:53.803+0000][1][safepoint    ] Safepoint "RevokeBias", Time since last: 76258477 ns, Reaching safepoint: 1217333 ns, At safepoint: 20573 ns, Total: 1237906 ns
[2020-09-11T14:57:53.810+0000][1][safepoint    ] Safepoint "RevokeBias", Time since last: 6792593 ns, Reaching safepoint: 187420 ns, At safepoint: 20162 ns, Total: 207582 ns
[2020-09-11T14:57:53.824+0000][1][safepoint    ] Safepoint "RevokeBias", Time since last: 14455115 ns, Reaching safepoint: 71592 ns, At safepoint: 18162 ns, Total: 89754 ns
[2020-09-11T14:57:53.825+0000][1][safepoint    ] Safepoint "RevokeBias", Time since last: 63213 ns, Reaching safepoint: 29622 ns, At safepoint: 11473 ns, Total: 41095 ns
[2020-09-11T14:57:53.825+0000][1][safepoint    ] Safepoint "RevokeBias", Time since last: 106714 ns, Reaching safepoint: 30581 ns, At safepoint: 11209 ns, Total: 41790 ns
[2020-09-11T14:57:53.825+0000][1][safepoint    ] Safepoint "RevokeBias", Time since last: 31066 ns, Reaching safepoint: 27464 ns, At safepoint: 10305 ns, Total: 37769 ns
[2020-09-11T14:57:54.375+0000][1][safepoint    ] Safepoint "RevokeBias", Time since last: 549664963 ns, Reaching safepoint: 398406 ns, At safepoint: 22731 ns, Total: 421137 ns
[2020-09-11T14:57:54.375+0000][1][safepoint    ] Safepoint "RevokeBias", Time since last: 156698 ns, Reaching safepoint: 409782 ns, At safepoint: 16414 ns, Total: 426196 ns
[2020-09-11T14:57:54.393+0000][1][safepoint    ] Safepoint "RevokeBias", Time since last: 15635662 ns, Reaching safepoint: 2111381 ns, At safepoint: 24543 ns, Total: 2135924 ns
[2020-09-11T14:57:54.435+0000][1][safepoint    ] Safepoint "Deoptimize", Time since last: 40879867 ns, Reaching safepoint: 170973 ns, At safepoint: 717712 ns, Total: 888685 ns
[2020-09-11T14:57:54.443+0000][1][safepoint    ] Safepoint "Deoptimize", Time since last: 4899220 ns, Reaching safepoint: 136240 ns, At safepoint: 3025635 ns, Total: 3161875 ns
[2020-09-11T14:57:54.538+0000][1][safepoint    ] Safepoint "RevokeBias", Time since last: 95125933 ns, Reaching safepoint: 143078 ns, At safepoint: 20407 ns, Total: 163485 ns
[2020-09-11T14:57:54.541+0000][1][safepoint    ] Safepoint "RevokeBias", Time since last: 2954672 ns, Reaching safepoint: 57770 ns, At safepoint: 17468 ns, Total: 75238 ns
[2020-09-11T14:57:54.542+0000][1][safepoint    ] Safepoint "RevokeBias", Time since last: 313672 ns, Reaching safepoint: 33068 ns, At safepoint: 12133 ns, Total: 45201 ns
[2020-09-11T14:57:54.542+0000][1][safepoint    ] Safepoint "BulkRevokeBias", Time since last: 50557 ns, Reaching safepoint: 27650 ns, At safepoint: 191686 ns, Total: 219336 ns
[2020-09-11T14:57:54.565+0000][1][safepoint    ] Safepoint "Deoptimize", Time since last: 21921132 ns, Reaching safepoint: 141574 ns, At safepoint: 701071 ns, Total: 842645 ns
[2020-09-11T14:57:54.652+0000][1][safepoint    ] Safepoint "RevokeBias", Time since last: 84337963 ns, Reaching safepoint: 2363702 ns, At safepoint: 26837 ns, Total: 2390539 ns
[2020-09-11T14:57:54.652+0000][1][safepoint    ] Safepoint "RevokeBias", Time since last: 214015 ns, Reaching safepoint: 107269 ns, At safepoint: 63609 ns, Total: 170878 ns
[2020-09-11T14:57:54.676+0000][1][safepoint    ] Safepoint "Deoptimize", Time since last: 23541547 ns, Reaching safepoint: 151700 ns, At safepoint: 712645 ns, Total: 864345 ns
[2020-09-11T14:57:54.708+0000][1][safepoint    ] Safepoint "Deoptimize", Time since last: 31130900 ns, Reaching safepoint: 153799 ns, At safepoint: 727878 ns, Total: 881677 ns
[2020-09-11T14:57:54.784+0000][1][safepoint    ] Safepoint "RevokeBias", Time since last: 75617097 ns, Reaching safepoint: 203838 ns, At safepoint: 31438 ns, Total: 235276 ns
[2020-09-11T14:57:54.791+0000][1][safepoint    ] Safepoint "RevokeBias", Time since last: 6767493 ns, Reaching safepoint: 150551 ns, At safepoint: 35957 ns, Total: 186508 ns
[2020-09-11T14:57:54.803+0000][1][safepoint    ] Safepoint "RevokeBias", Time since last: 11270390 ns, Reaching safepoint: 143267 ns, At safepoint: 20119 ns, Total: 163386 ns
[2020-09-11T14:57:54.803+0000][1][safepoint    ] Safepoint "RevokeBias", Time since last: 139188 ns, Reaching safepoint: 97861 ns, At safepoint: 13037 ns, Total: 110898 ns
[2020-09-11T14:57:55.803+0000][1][safepoint    ] Safepoint "Cleanup", Time since last: 1000089714 ns, Reaching safepoint: 70950 ns, At safepoint: 6169 ns, Total: 77119 ns
[2020-09-11T14:57:56.612+0000][1][safepoint    ] Safepoint "RevokeBias", Time since last: 808469079 ns, Reaching safepoint: 650069 ns, At safepoint: 13635 ns, Total: 663704 ns
[2020-09-11T14:57:56.624+0000][1][safepoint    ] Safepoint "RevokeBias", Time since last: 10916013 ns, Reaching safepoint: 498306 ns, At safepoint: 12507 ns, Total: 510813 ns
[2020-09-11T14:57:56.785+0000][1][safepoint    ] Safepoint "RevokeBias", Time since last: 161057748 ns, Reaching safepoint: 201755 ns, At safepoint: 19749 ns, Total: 221504 ns
[2020-09-11T14:57:56.888+0000][1][safepoint    ] Safepoint "RevokeBias", Time since last: 102612002 ns, Reaching safepoint: 198934 ns, At safepoint: 129531 ns, Total: 328465 ns
[2020-09-11T14:57:56.889+0000][1][safepoint    ] Safepoint "RevokeBias", Time since last: 730251 ns, Reaching safepoint: 131900 ns, At safepoint: 17765 ns, Total: 149665 ns
[2020-09-11T14:57:56.907+0000][1][gc,start     ] GC(105) Pause Young (Allocation Failure)
[2020-09-11T14:57:56.907+0000][1][gc,task      ] GC(105) Using 1 workers of 1 for evacuation
[2020-09-11T14:57:56.957+0000][1][gc,age       ] GC(105) Desired survivor size 4358144 bytes, new threshold 6 (max threshold 6)
[2020-09-11T14:57:56.957+0000][1][gc,age       ] GC(105) Age table with threshold 6 (max threshold 6)
[2020-09-11T14:57:56.957+0000][1][gc,age       ] GC(105) - age   1:    3844536 bytes,    3844536 total
[2020-09-11T14:57:56.957+0000][1][gc,age       ] GC(105) - age   2:     361760 bytes,    4206296 total
[2020-09-11T14:57:56.957+0000][1][gc,age       ] GC(105) - age   3:      27120 bytes,    4233416 total
[2020-09-11T14:57:56.957+0000][1][gc,age       ] GC(105) - age   4:      64512 bytes,    4297928 total
[2020-09-11T14:57:56.957+0000][1][gc,age       ] GC(105) - age   5:        504 bytes,    4298432 total
[2020-09-11T14:57:56.957+0000][1][gc,age       ] GC(105) - age   6:         56 bytes,    4298488 total
[2020-09-11T14:57:56.957+0000][1][gc,heap      ] GC(105) ParNew: 68968K->4689K(76672K)
[2020-09-11T14:57:56.957+0000][1][gc,heap      ] GC(105) CMS: 102900K->102900K(2011968K)
[2020-09-11T14:57:56.957+0000][1][gc,metaspace ] GC(105) Metaspace: 89939K->89939K(1132544K)
[2020-09-11T14:57:56.957+0000][1][gc           ] GC(105) Pause Young (Allocation Failure) 167M->105M(2039M) 49.646ms
[2020-09-11T14:57:56.957+0000][1][gc,cpu       ] GC(105) User=0.02s Sys=0.00s Real=0.05s
[2020-09-11T14:57:56.974+0000][1][safepoint    ] Safepoint "GenCollectForAllocation", Time since last: 18426202 ns, Reaching safepoint: 177402 ns, At safepoint: 66518783 ns, Total: 66696185 ns
[2020-09-11T14:57:57.045+0000][1][safepoint    ] Safepoint "RevokeBias", Time since last: 71074014 ns, Reaching safepoint: 243943 ns, At safepoint: 26119 ns, Total: 270062 ns
[2020-09-11T14:57:57.875+0000][1][safepoint    ] Safepoint "RevokeBias", Time since last: 827335913 ns, Reaching safepoint: 3049288 ns, At safepoint: 23985 ns, Total: 3073273 ns
[2020-09-11T14:57:58.020+0000][1][safepoint    ] Safepoint "RevokeBias", Time since last: 143618071 ns, Reaching safepoint: 911051 ns, At safepoint: 22852 ns, Total: 933903 ns
[2020-09-11T14:57:58.020+0000][1][safepoint    ] Safepoint "RevokeBias", Time since last: 66716 ns, Reaching safepoint: 106887 ns, At safepoint: 15152 ns, Total: 122039 ns
[2020-09-11T14:57:58.024+0000][1][safepoint    ] Safepoint "RevokeBias", Time since last: 3401368 ns, Reaching safepoint: 141176 ns, At safepoint: 19738 ns, Total: 160914 ns
[2020-09-11T14:57:58.123+0000][1][safepoint    ] Safepoint "RevokeBias", Time since last: 99474787 ns, Reaching safepoint: 183275 ns, At safepoint: 19653 ns, Total: 202928 ns
[2020-09-11T14:57:58.124+0000][1][safepoint    ] Safepoint "RevokeBias", Time since last: 63801 ns, Reaching safepoint: 100649 ns, At safepoint: 18518 ns, Total: 119167 ns
[2020-09-11T14:57:58.128+0000][1][safepoint    ] Safepoint "RevokeBias", Time since last: 4288282 ns, Reaching safepoint: 81413 ns, At safepoint: 19437 ns, Total: 100850 ns
[2020-09-11T14:57:58.151+0000][1][safepoint    ] Safepoint "RevokeBias", Time since last: 22979565 ns, Reaching safepoint: 74423 ns, At safepoint: 21120 ns, Total: 95543 ns
[2020-09-11T14:57:58.205+0000][1][safepoint    ] Safepoint "RevokeBias", Time since last: 53679275 ns, Reaching safepoint: 86628 ns, At safepoint: 22453 ns, Total: 109081 ns
[2020-09-11T14:57:58.215+0000][1][safepoint    ] Safepoint "RevokeBias", Time since last: 9542067 ns, Reaching safepoint: 139471 ns, At safepoint: 19580 ns, Total: 159051 ns
[2020-09-11T14:57:58.284+0000][1][safepoint    ] Safepoint "RevokeBias", Time since last: 68802313 ns, Reaching safepoint: 165376 ns, At safepoint: 21846 ns, Total: 187222 ns
[2020-09-11T14:57:58.319+0000][1][safepoint    ] Safepoint "RevokeBias", Time since last: 35544446 ns, Reaching safepoint: 149293 ns, At safepoint: 20226 ns, Total: 169519 ns
[2020-09-11T14:57:58.332+0000][1][safepoint    ] Safepoint "RevokeBias", Time since last: 12188362 ns, Reaching safepoint: 149535 ns, At safepoint: 21509 ns, Total: 171044 ns
[2020-09-11T14:57:58.332+0000][1][safepoint    ] Safepoint "RevokeBias", Time since last: 217979 ns, Reaching safepoint: 105015 ns, At safepoint: 12367 ns, Total: 117382 ns
[2020-09-11T14:57:58.332+0000][1][safepoint    ] Safepoint "RevokeBias", Time since last: 48914 ns, Reaching safepoint: 98482 ns, At safepoint: 10461 ns, Total: 108943 ns
[2020-09-11T14:57:58.332+0000][1][safepoint    ] Safepoint "RevokeBias", Time since last: 52459 ns, Reaching safepoint: 96551 ns, At safepoint: 10571 ns, Total: 107122 ns
[2020-09-11T14:57:58.344+0000][1][safepoint    ] Safepoint "RevokeBias", Time since last: 11300817 ns, Reaching safepoint: 66212 ns, At safepoint: 16666 ns, Total: 82878 ns
[2020-09-11T14:57:58.344+0000][1][safepoint    ] Safepoint "RevokeBias", Time since last: 123938 ns, Reaching safepoint: 27826 ns, At safepoint: 11846 ns, Total: 39672 ns
[2020-09-11T14:57:58.468+0000][1][safepoint    ] Safepoint "RevokeBias", Time since last: 123606753 ns, Reaching safepoint: 76011 ns, At safepoint: 22125 ns, Total: 98136 ns
[2020-09-11T14:57:58.480+0000][1][safepoint    ] Safepoint "RevokeBias", Time since last: 11918912 ns, Reaching safepoint: 190672 ns, At safepoint: 21238 ns, Total: 211910 ns
[2020-09-11T14:57:59.011+0000][1][safepoint    ] Safepoint "RevokeBias", Time since last: 531249999 ns, Reaching safepoint: 75863 ns, At safepoint: 20092 ns, Total: 95955 ns
[2020-09-11T14:57:59.424+0000][1][safepoint    ] Safepoint "RevokeBias", Time since last: 411872824 ns, Reaching safepoint: 568720 ns, At safepoint: 18910 ns, Total: 587630 ns
[2020-09-11T14:57:59.425+0000][1][safepoint    ] Safepoint "RevokeBias", Time since last: 251921 ns, Reaching safepoint: 872667 ns, At safepoint: 14682 ns, Total: 887349 ns
[2020-09-11T14:57:59.462+0000][1][safepoint    ] Safepoint "RevokeBias", Time since last: 36942665 ns, Reaching safepoint: 148624 ns, At safepoint: 18430 ns, Total: 167054 ns
[2020-09-11T14:57:59.463+0000][1][safepoint    ] Safepoint "RevokeBias", Time since last: 967529 ns, Reaching safepoint: 127823 ns, At safepoint: 12619 ns, Total: 140442 ns
[2020-09-11T14:57:59.463+0000][1][safepoint    ] Safepoint "RevokeBias", Time since last: 85422 ns, Reaching safepoint: 107279 ns, At safepoint: 10305 ns, Total: 117584 ns
[2020-09-11T14:57:59.530+0000][1][safepoint    ] Safepoint "Deoptimize", Time since last: 66310102 ns, Reaching safepoint: 177691 ns, At safepoint: 755441 ns, Total: 933132 ns
[2020-09-11T14:57:59.664+0000][1][safepoint    ] Safepoint "RevokeBias", Time since last: 132104682 ns, Reaching safepoint: 1061082 ns, At safepoint: 24313 ns, Total: 1085395 ns
[2020-09-11T14:57:59.708+0000][1][safepoint    ] Safepoint "RevokeBias", Time since last: 43933895 ns, Reaching safepoint: 198779 ns, At safepoint: 22531 ns, Total: 221310 ns
[2020-09-11T14:57:59.867+0000][1][safepoint    ] Safepoint "RevokeBias", Time since last: 158917691 ns, Reaching safepoint: 99590 ns, At safepoint: 20021 ns, Total: 119611 ns
[2020-09-11T14:58:00.266+0000][1][gc,start     ] GC(106) Pause Young (Allocation Failure)
[2020-09-11T14:58:00.266+0000][1][gc,task      ] GC(106) Using 1 workers of 1 for evacuation
[2020-09-11T14:58:00.381+0000][1][gc,age       ] GC(106) Desired survivor size 4358144 bytes, new threshold 2 (max threshold 6)
[2020-09-11T14:58:00.381+0000][1][gc,age       ] GC(106) Age table with threshold 2 (max threshold 6)
[2020-09-11T14:58:00.381+0000][1][gc,age       ] GC(106) - age   1:    1068552 bytes,    1068552 total
[2020-09-11T14:58:00.381+0000][1][gc,age       ] GC(106) - age   2:    3646000 bytes,    4714552 total
[2020-09-11T14:58:00.381+0000][1][gc,age       ] GC(106) - age   3:     343976 bytes,    5058528 total
[2020-09-11T14:58:00.381+0000][1][gc,age       ] GC(106) - age   4:      25880 bytes,    5084408 total
[2020-09-11T14:58:00.381+0000][1][gc,age       ] GC(106) - age   5:      62624 bytes,    5147032 total
[2020-09-11T14:58:00.381+0000][1][gc,age       ] GC(106) - age   6:        504 bytes,    5147536 total
[2020-09-11T14:58:00.381+0000][1][gc,heap      ] GC(106) ParNew: 72849K->5459K(76672K)
[2020-09-11T14:58:00.381+0000][1][gc,heap      ] GC(106) CMS: 102900K->102900K(2011968K)
[2020-09-11T14:58:00.381+0000][1][gc,metaspace ] GC(106) Metaspace: 90421K->90421K(1132544K)
[2020-09-11T14:58:00.381+0000][1][gc           ] GC(106) Pause Young (Allocation Failure) 171M->105M(2039M) 114.593ms
[2020-09-11T14:58:00.381+0000][1][gc,cpu       ] GC(106) User=0.04s Sys=0.00s Real=0.11s
[2020-09-11T14:58:00.388+0000][1][safepoint    ] Safepoint "GenCollectForAllocation", Time since last: 399373372 ns, Reaching safepoint: 211937 ns, At safepoint: 121289486 ns, Total: 121501423 ns
[2020-09-11T14:58:01.060+0000][1][safepoint    ] Safepoint "RevokeBias", Time since last: 671761423 ns, Reaching safepoint: 887112 ns, At safepoint: 10329 ns, Total: 897441 ns
[2020-09-11T14:58:01.065+0000][1][safepoint    ] Safepoint "RevokeBias", Time since last: 4177379 ns, Reaching safepoint: 153895 ns, At safepoint: 18348 ns, Total: 172243 ns
[2020-09-11T14:58:01.065+0000][1][safepoint    ] Safepoint "RevokeBias", Time since last: 623708 ns, Reaching safepoint: 110284 ns, At safepoint: 13810 ns, Total: 124094 ns
[2020-09-11T14:58:01.066+0000][1][safepoint    ] Safepoint "RevokeBias", Time since last: 842368 ns, Reaching safepoint: 107607 ns, At safepoint: 13418 ns, Total: 121025 ns
[2020-09-11T14:58:01.066+0000][1][safepoint    ] Safepoint "RevokeBias", Time since last: 48346 ns, Reaching safepoint: 100994 ns, At safepoint: 11789 ns, Total: 112783 ns
[2020-09-11T14:58:01.097+0000][1][safepoint    ] Safepoint "RevokeBias", Time since last: 30493384 ns, Reaching safepoint: 179380 ns, At safepoint: 21233 ns, Total: 200613 ns
[2020-09-11T14:58:01.104+0000][1][safepoint    ] Safepoint "RevokeBias", Time since last: 6589773 ns, Reaching safepoint: 334939 ns, At safepoint: 21274 ns, Total: 356213 ns
[2020-09-11T14:58:01.104+0000][1][safepoint    ] Safepoint "RevokeBias", Time since last: 87394 ns, Reaching safepoint: 114579 ns, At safepoint: 12956 ns, Total: 127535 ns
[2020-09-11T14:58:01.105+0000][1][safepoint    ] Safepoint "RevokeBias", Time since last: 80916 ns, Reaching safepoint: 111211 ns, At safepoint: 12053 ns, Total: 123264 ns
[2020-09-11T14:58:01.105+0000][1][safepoint    ] Safepoint "RevokeBias", Time since last: 190619 ns, Reaching safepoint: 110963 ns, At safepoint: 12385 ns, Total: 123348 ns
[2020-09-11T14:58:01.105+0000][1][safepoint    ] Safepoint "RevokeBias", Time since last: 117049 ns, Reaching safepoint: 108621 ns, At safepoint: 11926 ns, Total: 120547 ns
[2020-09-11T14:58:01.105+0000][1][safepoint    ] Safepoint "RevokeBias", Time since last: 35611 ns, Reaching safepoint: 107548 ns, At safepoint: 12319 ns, Total: 119867 ns
[2020-09-11T14:58:01.105+0000][1][safepoint    ] Safepoint "RevokeBias", Time since last: 43124 ns, Reaching safepoint: 110010 ns, At safepoint: 11404 ns, Total: 121414 ns
[2020-09-11T14:58:01.108+0000][1][safepoint    ] Safepoint "RevokeBias", Time since last: 2176204 ns, Reaching safepoint: 139921 ns, At safepoint: 17273 ns, Total: 157194 ns
[2020-09-11T14:58:01.108+0000][1][safepoint    ] Safepoint "RevokeBias", Time since last: 207091 ns, Reaching safepoint: 126057 ns, At safepoint: 14069 ns, Total: 140126 ns
[2020-09-11T14:58:01.108+0000][1][safepoint    ] Safepoint "RevokeBias", Time since last: 39669 ns, Reaching safepoint: 110205 ns, At safepoint: 11658 ns, Total: 121863 ns
[2020-09-11T14:58:01.108+0000][1][safepoint    ] Safepoint "RevokeBias", Time since last: 69277 ns, Reaching safepoint: 109319 ns, At safepoint: 11929 ns, Total: 121248 ns
[2020-09-11T14:58:01.109+0000][1][safepoint    ] Safepoint "RevokeBias", Time since last: 38262 ns, Reaching safepoint: 108450 ns, At safepoint: 11419 ns, Total: 119869 ns
[2020-09-11T14:58:01.112+0000][1][safepoint    ] Safepoint "RevokeBias", Time since last: 59939 ns, Reaching safepoint: 2858198 ns, At safepoint: 28839 ns, Total: 2887037 ns
[2020-09-11T14:58:01.137+0000][1][gc,start     ] GC(107) Pause Young (Allocation Failure)
[2020-09-11T14:58:01.137+0000][1][gc,task      ] GC(107) Using 1 workers of 1 for evacuation
[2020-09-11T14:58:01.198+0000][1][gc,age       ] GC(107) Desired survivor size 4358144 bytes, new threshold 6 (max threshold 6)
[2020-09-11T14:58:01.198+0000][1][gc,age       ] GC(107) Age table with threshold 6 (max threshold 6)
[2020-09-11T14:58:01.198+0000][1][gc,age       ] GC(107) - age   1:     357184 bytes,     357184 total
[2020-09-11T14:58:01.198+0000][1][gc,age       ] GC(107) - age   2:     822856 bytes,    1180040 total
[2020-09-11T14:58:01.198+0000][1][gc,heap      ] GC(107) ParNew: 73619K->2548K(76672K)
[2020-09-11T14:58:01.198+0000][1][gc,heap      ] GC(107) CMS: 102900K->106923K(2011968K)
[2020-09-11T14:58:01.198+0000][1][gc,metaspace ] GC(107) Metaspace: 90630K->90630K(1132544K)
[2020-09-11T14:58:01.198+0000][1][gc           ] GC(107) Pause Young (Allocation Failure) 172M->106M(2039M) 60.631ms
[2020-09-11T14:58:01.198+0000][1][gc,cpu       ] GC(107) User=0.03s Sys=0.00s Real=0.06s
[2020-09-11T14:58:01.211+0000][1][safepoint    ] Safepoint "GenCollectForAllocation", Time since last: 25496451 ns, Reaching safepoint: 184313 ns, At safepoint: 74225219 ns, Total: 74409532 ns
[2020-09-11T14:58:01.232+0000][1][safepoint    ] Safepoint "RevokeBias", Time since last: 19993158 ns, Reaching safepoint: 227502 ns, At safepoint: 134383 ns, Total: 361885 ns
[2020-09-11T14:58:01.247+0000][1][safepoint    ] Safepoint "RevokeBias", Time since last: 11672131 ns, Reaching safepoint: 3261731 ns, At safepoint: 24405 ns, Total: 3286136 ns
[2020-09-11T14:58:01.254+0000][1][safepoint    ] Safepoint "RevokeBias", Time since last: 7402361 ns, Reaching safepoint: 187934 ns, At safepoint: 20319 ns, Total: 208253 ns
[2020-09-11T14:58:01.264+0000][1][safepoint    ] Safepoint "RevokeBias", Time since last: 9148545 ns, Reaching safepoint: 320423 ns, At safepoint: 10813 ns, Total: 331236 ns
[2020-09-11T14:58:01.265+0000][1][safepoint    ] Safepoint "RevokeBias", Time since last: 949931 ns, Reaching safepoint: 136487 ns, At safepoint: 8541 ns, Total: 145028 ns
[2020-09-11T14:58:01.290+0000][1][safepoint    ] Safepoint "RevokeBias", Time since last: 24844437 ns, Reaching safepoint: 198836 ns, At safepoint: 12576 ns, Total: 211412 ns
[2020-09-11T14:58:01.296+0000][1][safepoint    ] Safepoint "RevokeBias", Time since last: 5441238 ns, Reaching safepoint: 192095 ns, At safepoint: 10989 ns, Total: 203084 ns
[2020-09-11T14:58:01.320+0000][1][safepoint    ] Safepoint "RevokeBias", Time since last: 22936636 ns, Reaching safepoint: 933793 ns, At safepoint: 15106 ns, Total: 948899 ns
[2020-09-11T14:58:01.351+0000][1][safepoint    ] Safepoint "RevokeBias", Time since last: 30524480 ns, Reaching safepoint: 614830 ns, At safepoint: 21024 ns, Total: 635854 ns
[2020-09-11T14:58:01.711+0000][1][safepoint    ] Safepoint "RevokeBias", Time since last: 360037128 ns, Reaching safepoint: 181729 ns, At safepoint: 19832 ns, Total: 201561 ns
[2020-09-11T14:58:01.736+0000][1][safepoint    ] Safepoint "RevokeBias", Time since last: 21912253 ns, Reaching safepoint: 2716145 ns, At safepoint: 192284 ns, Total: 2908429 ns
[2020-09-11T14:58:01.740+0000][1][safepoint    ] Safepoint "RevokeBias", Time since last: 132912 ns, Reaching safepoint: 3601073 ns, At safepoint: 180079 ns, Total: 3781152 ns
[2020-09-11T14:58:01.740+0000][1][safepoint    ] Safepoint "RevokeBias", Time since last: 76265 ns, Reaching safepoint: 117179 ns, At safepoint: 91289 ns, Total: 208468 ns
[2020-09-11T14:58:01.764+0000][1][safepoint    ] Safepoint "RevokeBias", Time since last: 23513106 ns, Reaching safepoint: 197683 ns, At safepoint: 152694 ns, Total: 350377 ns
[2020-09-11T14:58:01.764+0000][1][safepoint    ] Safepoint "RevokeBias", Time since last: 67186 ns, Reaching safepoint: 112586 ns, At safepoint: 168605 ns, Total: 281191 ns
[2020-09-11T14:58:01.765+0000][1][safepoint    ] Safepoint "RevokeBias", Time since last: 174923 ns, Reaching safepoint: 112597 ns, At safepoint: 138300 ns, Total: 250897 ns
[2020-09-11T14:58:01.765+0000][1][safepoint    ] Safepoint "RevokeBias", Time since last: 72014 ns, Reaching safepoint: 111427 ns, At safepoint: 134941 ns, Total: 246368 ns
[2020-09-11T14:58:01.769+0000][1][safepoint    ] Safepoint "RevokeBias", Time since last: 3100659 ns, Reaching safepoint: 378213 ns, At safepoint: 184515 ns, Total: 562728 ns
[2020-09-11T14:58:01.780+0000][1][safepoint    ] Safepoint "RevokeBias", Time since last: 11168150 ns, Reaching safepoint: 177700 ns, At safepoint: 157255 ns, Total: 334955 ns
[2020-09-11T14:58:01.781+0000][1][safepoint    ] Safepoint "RevokeBias", Time since last: 646178 ns, Reaching safepoint: 122835 ns, At safepoint: 126061 ns, Total: 248896 ns
[2020-09-11T14:58:01.781+0000][1][safepoint    ] Safepoint "RevokeBias", Time since last: 186573 ns, Reaching safepoint: 112457 ns, At safepoint: 106996 ns, Total: 219453 ns
[2020-09-11T14:58:01.782+0000][1][safepoint    ] Safepoint "RevokeBias", Time since last: 70768 ns, Reaching safepoint: 109513 ns, At safepoint: 92096 ns, Total: 201609 ns
[2020-09-11T14:58:01.782+0000][1][safepoint    ] Safepoint "RevokeBias", Time since last: 64176 ns, Reaching safepoint: 108723 ns, At safepoint: 88584 ns, Total: 197307 ns
[2020-09-11T14:58:01.782+0000][1][safepoint    ] Safepoint "RevokeBias", Time since last: 63577 ns, Reaching safepoint: 117871 ns, At safepoint: 92751 ns, Total: 210622 ns
[2020-09-11T14:58:01.800+0000][1][safepoint    ] Safepoint "RevokeBias", Time since last: 13251045 ns, Reaching safepoint: 4087807 ns, At safepoint: 158840 ns, Total: 4246647 ns
[2020-09-11T14:58:01.994+0000][1][gc,start     ] GC(108) Pause Young (Allocation Failure)
[2020-09-11T14:58:01.994+0000][1][gc,task      ] GC(108) Using 1 workers of 1 for evacuation
[2020-09-11T14:58:02.036+0000][1][gc,age       ] GC(108) Desired survivor size 4358144 bytes, new threshold 6 (max threshold 6)
[2020-09-11T14:58:02.036+0000][1][gc,age       ] GC(108) Age table with threshold 6 (max threshold 6)
[2020-09-11T14:58:02.036+0000][1][gc,age       ] GC(108) - age   1:    1231360 bytes,    1231360 total
[2020-09-11T14:58:02.036+0000][1][gc,age       ] GC(108) - age   2:     159696 bytes,    1391056 total
[2020-09-11T14:58:02.036+0000][1][gc,age       ] GC(108) - age   3:     791136 bytes,    2182192 total
[2020-09-11T14:58:02.036+0000][1][gc,heap      ] GC(108) ParNew: 70375K->2138K(76672K)
[2020-09-11T14:58:02.036+0000][1][gc,heap      ] GC(108) CMS: 106923K->106923K(2011968K)
[2020-09-11T14:58:02.036+0000][1][gc,metaspace ] GC(108) Metaspace: 91073K->91073K(1132544K)
[2020-09-11T14:58:02.036+0000][1][gc           ] GC(108) Pause Young (Allocation Failure) 173M->106M(2039M) 42.274ms
[2020-09-11T14:58:02.036+0000][1][gc,cpu       ] GC(108) User=0.02s Sys=0.00s Real=0.05s
[2020-09-11T14:58:02.056+0000][1][safepoint    ] Safepoint "GenCollectForAllocation", Time since last: 194298131 ns, Reaching safepoint: 205935 ns, At safepoint: 61632941 ns, Total: 61838876 ns
[2020-09-11T14:58:02.452+0000][1][safepoint    ] Safepoint "RevokeBias", Time since last: 395447241 ns, Reaching safepoint: 356993 ns, At safepoint: 133421 ns, Total: 490414 ns
[2020-09-11T14:58:02.521+0000][1][safepoint    ] Safepoint "RevokeBias", Time since last: 68904616 ns, Reaching safepoint: 164505 ns, At safepoint: 9974 ns, Total: 174479 ns
[2020-09-11T14:58:02.653+0000][1][safepoint    ] Safepoint "RevokeBias", Time since last: 131692033 ns, Reaching safepoint: 236353 ns, At safepoint: 22798 ns, Total: 259151 ns
[2020-09-11T14:58:02.661+0000][1][safepoint    ] Safepoint "RevokeBias", Time since last: 7654313 ns, Reaching safepoint: 196282 ns, At safepoint: 21303 ns, Total: 217585 ns
[2020-09-11T14:58:02.756+0000][1][gc,start     ] GC(109) Pause Young (Allocation Failure)
[2020-09-11T14:58:02.756+0000][1][gc,task      ] GC(109) Using 1 workers of 1 for evacuation
[2020-09-11T14:58:02.822+0000][1][gc,age       ] GC(109) Desired survivor size 4358144 bytes, new threshold 6 (max threshold 6)
[2020-09-11T14:58:02.822+0000][1][gc,age       ] GC(109) Age table with threshold 6 (max threshold 6)
[2020-09-11T14:58:02.822+0000][1][gc,age       ] GC(109) - age   1:     485984 bytes,     485984 total
[2020-09-11T14:58:02.822+0000][1][gc,age       ] GC(109) - age   2:     108808 bytes,     594792 total
[2020-09-11T14:58:02.822+0000][1][gc,age       ] GC(109) - age   3:      74096 bytes,     668888 total
[2020-09-11T14:58:02.822+0000][1][gc,age       ] GC(109) - age   4:     628440 bytes,    1297328 total
[2020-09-11T14:58:02.823+0000][1][gc,heap      ] GC(109) ParNew: 70298K->1865K(76672K)
[2020-09-11T14:58:02.823+0000][1][gc,heap      ] GC(109) CMS: 106923K->106923K(2011968K)
[2020-09-11T14:58:02.823+0000][1][gc,metaspace ] GC(109) Metaspace: 91570K->91570K(1132544K)
[2020-09-11T14:58:02.823+0000][1][gc           ] GC(109) Pause Young (Allocation Failure) 173M->106M(2039M) 67.016ms
[2020-09-11T14:58:02.823+0000][1][gc,cpu       ] GC(109) User=0.04s Sys=0.00s Real=0.06s
[2020-09-11T14:58:02.843+0000][1][safepoint    ] Safepoint "GenCollectForAllocation", Time since last: 89155282 ns, Reaching safepoint: 5736432 ns, At safepoint: 87378423 ns, Total: 93114855 ns
[2020-09-11T14:58:02.943+0000][1][safepoint    ] Safepoint "Deoptimize", Time since last: 96455837 ns, Reaching safepoint: 2931331 ns, At safepoint: 811094 ns, Total: 3742425 ns
[2020-09-11T14:58:02.976+0000][1][safepoint    ] Safepoint "RevokeBias", Time since last: 32301687 ns, Reaching safepoint: 179376 ns, At safepoint: 23030 ns, Total: 202406 ns
[2020-09-11T14:58:03.256+0000][1][safepoint    ] Safepoint "RevokeBias", Time since last: 270407508 ns, Reaching safepoint: 10056815 ns, At safepoint: 33089 ns, Total: 10089904 ns
[2020-09-11T14:58:03.516+0000][1][safepoint    ] Safepoint "RevokeBias", Time since last: 259772593 ns, Reaching safepoint: 193572 ns, At safepoint: 27094 ns, Total: 220666 ns
[2020-09-11T14:58:03.672+0000][1][gc,start     ] GC(110) Pause Young (Allocation Failure)
[2020-09-11T14:58:03.672+0000][1][gc,task      ] GC(110) Using 1 workers of 1 for evacuation
[2020-09-11T14:58:03.721+0000][1][gc,age       ] GC(110) Desired survivor size 4358144 bytes, new threshold 6 (max threshold 6)
[2020-09-11T14:58:03.721+0000][1][gc,age       ] GC(110) Age table with threshold 6 (max threshold 6)
[2020-09-11T14:58:03.721+0000][1][gc,age       ] GC(110) - age   1:     303368 bytes,     303368 total
[2020-09-11T14:58:03.721+0000][1][gc,age       ] GC(110) - age   2:     156112 bytes,     459480 total
[2020-09-11T14:58:03.722+0000][1][gc,age       ] GC(110) - age   3:     108384 bytes,     567864 total
[2020-09-11T14:58:03.722+0000][1][gc,age       ] GC(110) - age   4:      74016 bytes,     641880 total
[2020-09-11T14:58:03.722+0000][1][gc,age       ] GC(110) - age   5:     589816 bytes,    1231696 total
[2020-09-11T14:58:03.722+0000][1][gc,heap      ] GC(110) ParNew: 70025K->1416K(76672K)
[2020-09-11T14:58:03.722+0000][1][gc,heap      ] GC(110) CMS: 106923K->106923K(2011968K)
[2020-09-11T14:58:03.722+0000][1][gc,metaspace ] GC(110) Metaspace: 91953K->91953K(1134592K)
[2020-09-11T14:58:03.722+0000][1][gc           ] GC(110) Pause Young (Allocation Failure) 172M->105M(2039M) 49.577ms
[2020-09-11T14:58:03.722+0000][1][gc,cpu       ] GC(110) User=0.02s Sys=0.00s Real=0.05s
[2020-09-11T14:58:03.743+0000][1][safepoint    ] Safepoint "BulkRevokeBias", Time since last: 155247678 ns, Reaching safepoint: 259521 ns, At safepoint: 71818924 ns, Total: 72078445 ns
[2020-09-11T14:58:03.762+0000][1][safepoint    ] Safepoint "RevokeBias", Time since last: 17991097 ns, Reaching safepoint: 109964 ns, At safepoint: 144934 ns, Total: 254898 ns
[2020-09-11T14:58:03.762+0000][1][safepoint    ] Safepoint "RevokeBias", Time since last: 363205 ns, Reaching safepoint: 51620 ns, At safepoint: 101348 ns, Total: 152968 ns
[2020-09-11T14:58:03.763+0000][1][safepoint    ] Safepoint "RevokeBias", Time since last: 309316 ns, Reaching safepoint: 44634 ns, At safepoint: 98943 ns, Total: 143577 ns
[2020-09-11T14:58:03.767+0000][1][safepoint    ] Safepoint "RevokeBias", Time since last: 67712 ns, Reaching safepoint: 40624 ns, At safepoint: 4058735 ns, Total: 4099359 ns
[2020-09-11T14:58:03.768+0000][1][safepoint    ] Safepoint "RevokeBias", Time since last: 532396 ns, Reaching safepoint: 138851 ns, At safepoint: 409099 ns, Total: 547950 ns
[2020-09-11T14:58:03.770+0000][1][safepoint    ] Safepoint "RevokeBias", Time since last: 72788 ns, Reaching safepoint: 944695 ns, At safepoint: 1436429 ns, Total: 2381124 ns
[2020-09-11T14:58:03.788+0000][1][safepoint    ] Safepoint "BulkRevokeBias", Time since last: 9088572 ns, Reaching safepoint: 943649 ns, At safepoint: 8037311 ns, Total: 8980960 ns
[2020-09-11T14:58:04.062+0000][1][safepoint    ] Safepoint "RevokeBias", Time since last: 273157814 ns, Reaching safepoint: 231712 ns, At safepoint: 135589 ns, Total: 367301 ns
[2020-09-11T14:58:04.109+0000][1][safepoint    ] Safepoint "RevokeBias", Time since last: 47278254 ns, Reaching safepoint: 215768 ns, At safepoint: 22976 ns, Total: 238744 ns
[2020-09-11T14:58:04.118+0000][1][safepoint    ] Safepoint "RevokeBias", Time since last: 7812061 ns, Reaching safepoint: 909153 ns, At safepoint: 22348 ns, Total: 931501 ns
[2020-09-11T14:58:04.224+0000][1][safepoint    ] Safepoint "RevokeBias", Time since last: 105248525 ns, Reaching safepoint: 188881 ns, At safepoint: 10031 ns, Total: 198912 ns
[2020-09-11T14:58:04.396+0000][1][gc,start     ] GC(111) Pause Young (Allocation Failure)
[2020-09-11T14:58:04.396+0000][1][gc,task      ] GC(111) Using 1 workers of 1 for evacuation
[2020-09-11T14:58:04.434+0000][1][gc,age       ] GC(111) Desired survivor size 4358144 bytes, new threshold 6 (max threshold 6)
[2020-09-11T14:58:04.435+0000][1][gc,age       ] GC(111) Age table with threshold 6 (max threshold 6)
[2020-09-11T14:58:04.435+0000][1][gc,age       ] GC(111) - age   1:    1070328 bytes,    1070328 total
[2020-09-11T14:58:04.435+0000][1][gc,age       ] GC(111) - age   2:      71176 bytes,    1141504 total
[2020-09-11T14:58:04.435+0000][1][gc,age       ] GC(111) - age   3:      92208 bytes,    1233712 total
[2020-09-11T14:58:04.435+0000][1][gc,age       ] GC(111) - age   4:      87072 bytes,    1320784 total
[2020-09-11T14:58:04.435+0000][1][gc,age       ] GC(111) - age   5:      53280 bytes,    1374064 total
[2020-09-11T14:58:04.435+0000][1][gc,age       ] GC(111) - age   6:     563592 bytes,    1937656 total
[2020-09-11T14:58:04.435+0000][1][gc,heap      ] GC(111) ParNew: 69072K->2512K(76672K)
[2020-09-11T14:58:04.435+0000][1][gc,heap      ] GC(111) CMS: 106923K->106923K(2011968K)
[2020-09-11T14:58:04.435+0000][1][gc,metaspace ] GC(111) Metaspace: 92081K->92081K(1134592K)
[2020-09-11T14:58:04.435+0000][1][gc           ] GC(111) Pause Young (Allocation Failure) 171M->106M(2039M) 39.088ms
[2020-09-11T14:58:04.435+0000][1][gc,cpu       ] GC(111) User=0.02s Sys=0.00s Real=0.03s
[2020-09-11T14:58:04.435+0000][1][safepoint    ] Safepoint "GenCollectForAllocation", Time since last: 171029975 ns, Reaching safepoint: 839023 ns, At safepoint: 39719768 ns, Total: 40558791 ns
[2020-09-11T14:58:04.908+0000][1][gc,start     ] GC(112) Pause Young (Allocation Failure)
[2020-09-11T14:58:04.908+0000][1][gc,task      ] GC(112) Using 1 workers of 1 for evacuation
[2020-09-11T14:58:04.946+0000][1][gc,age       ] GC(112) Desired survivor size 4358144 bytes, new threshold 6 (max threshold 6)
[2020-09-11T14:58:04.946+0000][1][gc,age       ] GC(112) Age table with threshold 6 (max threshold 6)
[2020-09-11T14:58:04.946+0000][1][gc,age       ] GC(112) - age   1:    1045040 bytes,    1045040 total
[2020-09-11T14:58:04.946+0000][1][gc,age       ] GC(112) - age   2:     225328 bytes,    1270368 total
[2020-09-11T14:58:04.946+0000][1][gc,age       ] GC(112) - age   3:      67088 bytes,    1337456 total
[2020-09-11T14:58:04.946+0000][1][gc,age       ] GC(112) - age   4:      92064 bytes,    1429520 total
[2020-09-11T14:58:04.946+0000][1][gc,age       ] GC(112) - age   5:      87040 bytes,    1516560 total
[2020-09-11T14:58:04.946+0000][1][gc,age       ] GC(112) - age   6:      52632 bytes,    1569192 total
[2020-09-11T14:58:04.946+0000][1][gc,heap      ] GC(112) ParNew: 70470K->1733K(76672K)
[2020-09-11T14:58:04.946+0000][1][gc,heap      ] GC(112) CMS: 106923K->107456K(2011968K)
[2020-09-11T14:58:04.946+0000][1][gc,metaspace ] GC(112) Metaspace: 92136K->92136K(1134592K)
[2020-09-11T14:58:04.946+0000][1][gc           ] GC(112) Pause Young (Allocation Failure) 173M->106M(2039M) 38.422ms
[2020-09-11T14:58:04.946+0000][1][gc,cpu       ] GC(112) User=0.02s Sys=0.00s Real=0.04s
[2020-09-11T14:58:04.958+0000][1][safepoint    ] Safepoint "GenCollectForAllocation", Time since last: 471409267 ns, Reaching safepoint: 951456 ns, At safepoint: 50773589 ns, Total: 51725045 ns
[2020-09-11T14:58:05.020+0000][1][safepoint    ] Safepoint "RevokeBias", Time since last: 60519876 ns, Reaching safepoint: 600074 ns, At safepoint: 134044 ns, Total: 734118 ns
[2020-09-11T14:58:05.021+0000][1][safepoint    ] Safepoint "RevokeBias", Time since last: 1022273 ns, Reaching safepoint: 210156 ns, At safepoint: 111001 ns, Total: 321157 ns
[2020-09-11T14:58:05.024+0000][1][safepoint    ] Safepoint "RevokeBias", Time since last: 318211 ns, Reaching safepoint: 2199388 ns, At safepoint: 125427 ns, Total: 2324815 ns
[2020-09-11T14:58:05.024+0000][1][safepoint    ] Safepoint "RevokeBias", Time since last: 302744 ns, Reaching safepoint: 124564 ns, At safepoint: 96819 ns, Total: 221383 ns
[2020-09-11T14:58:05.024+0000][1][safepoint    ] Safepoint "RevokeBias", Time since last: 69037 ns, Reaching safepoint: 116544 ns, At safepoint: 138159 ns, Total: 254703 ns
[2020-09-11T14:58:05.026+0000][1][safepoint    ] Safepoint "RevokeBias", Time since last: 306406 ns, Reaching safepoint: 799268 ns, At safepoint: 157979 ns, Total: 957247 ns
[2020-09-11T14:58:05.028+0000][1][safepoint    ] Safepoint "RevokeBias", Time since last: 645444 ns, Reaching safepoint: 1126279 ns, At safepoint: 177120 ns, Total: 1303399 ns
[2020-09-11T14:58:05.032+0000][1][safepoint    ] Safepoint "RevokeBias", Time since last: 951763 ns, Reaching safepoint: 2906238 ns, At safepoint: 208643 ns, Total: 3114881 ns
[2020-09-11T14:58:05.032+0000][1][safepoint    ] Safepoint "RevokeBias", Time since last: 138092 ns, Reaching safepoint: 117922 ns, At safepoint: 144852 ns, Total: 262774 ns
[2020-09-11T14:58:05.032+0000][1][safepoint    ] Safepoint "RevokeBias", Time since last: 61195 ns, Reaching safepoint: 113895 ns, At safepoint: 136685 ns, Total: 250580 ns
[2020-09-11T14:58:05.033+0000][1][safepoint    ] Safepoint "RevokeBias", Time since last: 58034 ns, Reaching safepoint: 113230 ns, At safepoint: 135767 ns, Total: 248997 ns
[2020-09-11T14:58:05.033+0000][1][safepoint    ] Safepoint "RevokeBias", Time since last: 57206 ns, Reaching safepoint: 112946 ns, At safepoint: 134632 ns, Total: 247578 ns
[2020-09-11T14:58:05.056+0000][1][safepoint    ] Safepoint "RevokeBias", Time since last: 21896529 ns, Reaching safepoint: 542588 ns, At safepoint: 144645 ns, Total: 687233 ns
[2020-09-11T14:58:05.100+0000][1][safepoint    ] Safepoint "RevokeBias", Time since last: 42586452 ns, Reaching safepoint: 1290035 ns, At safepoint: 149861 ns, Total: 1439896 ns
[2020-09-11T14:58:05.186+0000][1][safepoint    ] Safepoint "RevokeBias", Time since last: 86247256 ns, Reaching safepoint: 418585 ns, At safepoint: 130924 ns, Total: 549509 ns
[2020-09-11T14:58:05.221+0000][1][safepoint    ] Safepoint "RevokeBias", Time since last: 33841264 ns, Reaching safepoint: 193417 ns, At safepoint: 149120 ns, Total: 342537 ns
[2020-09-11T14:58:05.269+0000][1][safepoint    ] Safepoint "RevokeBias", Time since last: 48123966 ns, Reaching safepoint: 183867 ns, At safepoint: 21051 ns, Total: 204918 ns
[2020-09-11T14:58:05.288+0000][1][safepoint    ] Safepoint "RevokeBias", Time since last: 18450555 ns, Reaching safepoint: 397867 ns, At safepoint: 9816 ns, Total: 407683 ns
[2020-09-11T14:58:05.396+0000][1][gc,start     ] GC(113) Pause Young (Allocation Failure)
[2020-09-11T14:58:05.396+0000][1][gc,task      ] GC(113) Using 1 workers of 1 for evacuation
[2020-09-11T14:58:05.454+0000][1][gc,age       ] GC(113) Desired survivor size 4358144 bytes, new threshold 6 (max threshold 6)
[2020-09-11T14:58:05.454+0000][1][gc,age       ] GC(113) Age table with threshold 6 (max threshold 6)
[2020-09-11T14:58:05.454+0000][1][gc,age       ] GC(113) - age   1:     281296 bytes,     281296 total
[2020-09-11T14:58:05.454+0000][1][gc,age       ] GC(113) - age   2:      16952 bytes,     298248 total
[2020-09-11T14:58:05.454+0000][1][gc,age       ] GC(113) - age   3:     135440 bytes,     433688 total
[2020-09-11T14:58:05.454+0000][1][gc,age       ] GC(113) - age   4:      66968 bytes,     500656 total
[2020-09-11T14:58:05.454+0000][1][gc,age       ] GC(113) - age   5:      91984 bytes,     592640 total
[2020-09-11T14:58:05.454+0000][1][gc,age       ] GC(113) - age   6:      83264 bytes,     675904 total
[2020-09-11T14:58:05.454+0000][1][gc,heap      ] GC(113) ParNew: 69893K->1582K(76672K)
[2020-09-11T14:58:05.454+0000][1][gc,heap      ] GC(113) CMS: 107456K->107507K(2011968K)
[2020-09-11T14:58:05.454+0000][1][gc,metaspace ] GC(113) Metaspace: 92234K->92234K(1134592K)
[2020-09-11T14:58:05.454+0000][1][gc           ] GC(113) Pause Young (Allocation Failure) 173M->106M(2039M) 58.010ms
[2020-09-11T14:58:05.454+0000][1][gc,cpu       ] GC(113) User=0.03s Sys=0.00s Real=0.05s
[2020-09-11T14:58:05.455+0000][1][safepoint    ] Safepoint "GenCollectForAllocation", Time since last: 108152994 ns, Reaching safepoint: 188019 ns, At safepoint: 58766357 ns, Total: 58954376 ns
[2020-09-11T14:58:05.768+0000][1][safepoint    ] Safepoint "RevokeBias", Time since last: 313163985 ns, Reaching safepoint: 200141 ns, At safepoint: 21670 ns, Total: 221811 ns
[2020-09-11T14:58:05.769+0000][1][safepoint    ] Safepoint "RevokeBias", Time since last: 589736 ns, Reaching safepoint: 82310 ns, At safepoint: 16269 ns, Total: 98579 ns
[2020-09-11T14:58:05.769+0000][1][safepoint    ] Safepoint "RevokeBias", Time since last: 35451 ns, Reaching safepoint: 114039 ns, At safepoint: 22353 ns, Total: 136392 ns
[2020-09-11T14:58:06.072+0000][1][safepoint    ] Safepoint "RevokeBias", Time since last: 302630100 ns, Reaching safepoint: 72812 ns, At safepoint: 21220 ns, Total: 94032 ns
[2020-09-11T14:58:06.572+0000][1][safepoint    ] Safepoint "RevokeBias", Time since last: 496516856 ns, Reaching safepoint: 3068816 ns, At safepoint: 26861 ns, Total: 3095677 ns
[2020-09-11T14:58:07.572+0000][1][safepoint    ] Safepoint "Cleanup", Time since last: 1000112586 ns, Reaching safepoint: 82540 ns, At safepoint: 6952 ns, Total: 89492 ns
[2020-09-11T14:58:08.067+0000][1][safepoint    ] Safepoint "RevokeBias", Time since last: 495283417 ns, Reaching safepoint: 73650 ns, At safepoint: 22575 ns, Total: 96225 ns
[2020-09-11T14:58:08.077+0000][1][safepoint    ] Safepoint "RevokeBias", Time since last: 10112795 ns, Reaching safepoint: 233299 ns, At safepoint: 20994 ns, Total: 254293 ns
[2020-09-11T14:58:08.164+0000][1][safepoint    ] Safepoint "RevokeBias", Time since last: 84275613 ns, Reaching safepoint: 1730485 ns, At safepoint: 28246 ns, Total: 1758731 ns
[2020-09-11T14:58:08.168+0000][1][safepoint    ] Safepoint "RevokeBias", Time since last: 1630453 ns, Reaching safepoint: 2326475 ns, At safepoint: 27127 ns, Total: 2353602 ns
[2020-09-11T14:58:08.168+0000][1][safepoint    ] Safepoint "RevokeBias", Time since last: 338244 ns, Reaching safepoint: 133963 ns, At safepoint: 18183 ns, Total: 152146 ns
[2020-09-11T14:58:08.168+0000][1][safepoint    ] Safepoint "RevokeBias", Time since last: 347331 ns, Reaching safepoint: 112452 ns, At safepoint: 13741 ns, Total: 126193 ns
[2020-09-11T14:58:08.169+0000][1][safepoint    ] Safepoint "RevokeBias", Time since last: 232984 ns, Reaching safepoint: 110910 ns, At safepoint: 13580 ns, Total: 124490 ns
[2020-09-11T14:58:08.176+0000][1][safepoint    ] Safepoint "RevokeBias", Time since last: 6943490 ns, Reaching safepoint: 144275 ns, At safepoint: 19169 ns, Total: 163444 ns
[2020-09-11T14:58:08.184+0000][1][safepoint    ] Safepoint "RevokeBias", Time since last: 8006106 ns, Reaching safepoint: 142628 ns, At safepoint: 22501 ns, Total: 165129 ns
[2020-09-11T14:58:08.184+0000][1][safepoint    ] Safepoint "RevokeBias", Time since last: 137570 ns, Reaching safepoint: 100900 ns, At safepoint: 14704 ns, Total: 115604 ns
[2020-09-11T14:58:08.187+0000][1][safepoint    ] Safepoint "RevokeBias", Time since last: 1203581 ns, Reaching safepoint: 1893811 ns, At safepoint: 23695 ns, Total: 1917506 ns
[2020-09-11T14:58:08.188+0000][1][safepoint    ] Safepoint "RevokeBias", Time since last: 258539 ns, Reaching safepoint: 104935 ns, At safepoint: 13405 ns, Total: 118340 ns
[2020-09-11T14:58:08.196+0000][1][safepoint    ] Safepoint "RevokeBias", Time since last: 7576755 ns, Reaching safepoint: 147107 ns, At safepoint: 23619 ns, Total: 170726 ns
[2020-09-11T14:58:08.196+0000][1][safepoint    ] Safepoint "RevokeBias", Time since last: 224822 ns, Reaching safepoint: 104681 ns, At safepoint: 14014 ns, Total: 118695 ns
[2020-09-11T14:58:08.216+0000][1][safepoint    ] Safepoint "BulkRevokeBias", Time since last: 20004368 ns, Reaching safepoint: 148990 ns, At safepoint: 221962 ns, Total: 370952 ns
[2020-09-11T14:58:08.217+0000][1][safepoint    ] Safepoint "RevokeBias", Time since last: 269059 ns, Reaching safepoint: 101994 ns, At safepoint: 12032 ns, Total: 114026 ns
[2020-09-11T14:58:08.264+0000][1][gc,start     ] GC(114) Pause Young (Allocation Failure)
[2020-09-11T14:58:08.264+0000][1][gc,task      ] GC(114) Using 1 workers of 1 for evacuation
[2020-09-11T14:58:08.300+0000][1][gc,age       ] GC(114) Desired survivor size 4358144 bytes, new threshold 6 (max threshold 6)
[2020-09-11T14:58:08.300+0000][1][gc,age       ] GC(114) Age table with threshold 6 (max threshold 6)
[2020-09-11T14:58:08.300+0000][1][gc,age       ] GC(114) - age   1:     578048 bytes,     578048 total
[2020-09-11T14:58:08.300+0000][1][gc,age       ] GC(114) - age   2:      82680 bytes,     660728 total
[2020-09-11T14:58:08.300+0000][1][gc,age       ] GC(114) - age   3:       6728 bytes,     667456 total
[2020-09-11T14:58:08.300+0000][1][gc,age       ] GC(114) - age   4:      34824 bytes,     702280 total
[2020-09-11T14:58:08.300+0000][1][gc,age       ] GC(114) - age   5:      61016 bytes,     763296 total
[2020-09-11T14:58:08.300+0000][1][gc,age       ] GC(114) - age   6:      90680 bytes,     853976 total
[2020-09-11T14:58:08.300+0000][1][gc,heap      ] GC(114) ParNew: 69742K->1286K(76672K)
[2020-09-11T14:58:08.300+0000][1][gc,heap      ] GC(114) CMS: 107507K->107589K(2011968K)
[2020-09-11T14:58:08.300+0000][1][gc,metaspace ] GC(114) Metaspace: 92537K->92537K(1134592K)
[2020-09-11T14:58:08.300+0000][1][gc           ] GC(114) Pause Young (Allocation Failure) 173M->106M(2039M) 35.867ms
[2020-09-11T14:58:08.300+0000][1][gc,cpu       ] GC(114) User=0.02s Sys=0.00s Real=0.03s
[2020-09-11T14:58:08.308+0000][1][safepoint    ] Safepoint "GenCollectForAllocation", Time since last: 47027810 ns, Reaching safepoint: 159610 ns, At safepoint: 44199120 ns, Total: 44358730 ns
[2020-09-11T14:58:09.317+0000][1][safepoint    ] Safepoint "Cleanup", Time since last: 1009057843 ns, Reaching safepoint: 158183 ns, At safepoint: 20223 ns, Total: 178406 ns
[2020-09-11T14:58:10.173+0000][1][safepoint    ] Safepoint "ICBufferFull", Time since last: 855879505 ns, Reaching safepoint: 281613 ns, At safepoint: 8498 ns, Total: 290111 ns
[2020-09-11T14:58:12.116+0000][1][safepoint    ] Safepoint "Cleanup", Time since last: 1942048105 ns, Reaching safepoint: 119791 ns, At safepoint: 8123 ns, Total: 127914 ns
[2020-09-11T14:58:12.541+0000][1][safepoint    ] Safepoint "RevokeBias", Time since last: 424935100 ns, Reaching safepoint: 257743 ns, At safepoint: 20618 ns, Total: 278361 ns
[2020-09-11T14:58:13.541+0000][1][safepoint    ] Safepoint "Cleanup", Time since last: 1000173178 ns, Reaching safepoint: 205585 ns, At safepoint: 19455 ns, Total: 225040 ns
[2020-09-11T14:58:14.353+0000][1][safepoint    ] Safepoint "RevokeBias", Time since last: 811224498 ns, Reaching safepoint: 78476 ns, At safepoint: 24880 ns, Total: 103356 ns
[2020-09-11T14:58:15.353+0000][1][safepoint    ] Safepoint "Cleanup", Time since last: 1000177807 ns, Reaching safepoint: 126039 ns, At safepoint: 7343 ns, Total: 133382 ns
[2020-09-11T14:58:16.353+0000][1][safepoint    ] Safepoint "Cleanup", Time since last: 1000112796 ns, Reaching safepoint: 80886 ns, At safepoint: 7624 ns, Total: 88510 ns
[2020-09-11T14:58:17.354+0000][1][safepoint    ] Safepoint "Cleanup", Time since last: 1000557591 ns, Reaching safepoint: 195760 ns, At safepoint: 8133 ns, Total: 203893 ns
[2020-09-11T14:58:18.354+0000][1][safepoint    ] Safepoint "Cleanup", Time since last: 1000131464 ns, Reaching safepoint: 112038 ns, At safepoint: 5364 ns, Total: 117402 ns
[2020-09-11T14:58:19.354+0000][1][safepoint    ] Safepoint "Cleanup", Time since last: 1000156796 ns, Reaching safepoint: 110425 ns, At safepoint: 6777 ns, Total: 117202 ns
[2020-09-11T14:58:20.355+0000][1][safepoint    ] Safepoint "Cleanup", Time since last: 1000175546 ns, Reaching safepoint: 150349 ns, At safepoint: 17320 ns, Total: 167669 ns
[2020-09-11T14:58:21.355+0000][1][safepoint    ] Safepoint "Cleanup", Time since last: 1000208595 ns, Reaching safepoint: 134918 ns, At safepoint: 7721 ns, Total: 142639 ns
[2020-09-11T14:58:22.355+0000][1][safepoint    ] Safepoint "Cleanup", Time since last: 1000175513 ns, Reaching safepoint: 183996 ns, At safepoint: 16655 ns, Total: 200651 ns
[2020-09-11T14:58:22.738+0000][1][safepoint    ] Safepoint "RevokeBias", Time since last: 381838472 ns, Reaching safepoint: 602656 ns, At safepoint: 24789 ns, Total: 627445 ns
[2020-09-11T14:58:23.738+0000][1][safepoint    ] Safepoint "Cleanup", Time since last: 1000138413 ns, Reaching safepoint: 117663 ns, At safepoint: 7566 ns, Total: 125229 ns
[2020-09-11T14:58:24.739+0000][1][safepoint    ] Safepoint "Cleanup", Time since last: 1000178156 ns, Reaching safepoint: 106227 ns, At safepoint: 7904 ns, Total: 114131 ns
[2020-09-11T14:58:25.739+0000][1][safepoint    ] Safepoint "Cleanup", Time since last: 1000152115 ns, Reaching safepoint: 142784 ns, At safepoint: 7082 ns, Total: 149866 ns
[2020-09-11T14:58:26.739+0000][1][safepoint    ] Safepoint "Cleanup", Time since last: 1000142390 ns, Reaching safepoint: 118548 ns, At safepoint: 6656 ns, Total: 125204 ns
[2020-09-11T14:58:27.739+0000][1][safepoint    ] Safepoint "Cleanup", Time since last: 1000159786 ns, Reaching safepoint: 129295 ns, At safepoint: 8944 ns, Total: 138239 ns
[2020-09-11T14:58:28.011+0000][1][safepoint    ] Safepoint "RevokeBias", Time since last: 271760386 ns, Reaching safepoint: 75517 ns, At safepoint: 25742 ns, Total: 101259 ns
[2020-09-11T14:58:29.012+0000][1][safepoint    ] Safepoint "Cleanup", Time since last: 1000200643 ns, Reaching safepoint: 97467 ns, At safepoint: 7250 ns, Total: 104717 ns
[2020-09-11T14:58:30.012+0000][1][safepoint    ] Safepoint "Cleanup", Time since last: 1000146869 ns, Reaching safepoint: 146921 ns, At safepoint: 18071 ns, Total: 164992 ns
[2020-09-11T14:58:31.012+0000][1][safepoint    ] Safepoint "Cleanup", Time since last: 1000290825 ns, Reaching safepoint: 145237 ns, At safepoint: 18359 ns, Total: 163596 ns
[2020-09-11T14:58:32.013+0000][1][safepoint    ] Safepoint "Cleanup", Time since last: 1000226565 ns, Reaching safepoint: 116038 ns, At safepoint: 7418 ns, Total: 123456 ns
[2020-09-11T14:58:33.013+0000][1][safepoint    ] Safepoint "Cleanup", Time since last: 1000191479 ns, Reaching safepoint: 179930 ns, At safepoint: 19204 ns, Total: 199134 ns
[2020-09-11T14:58:34.015+0000][1][safepoint    ] Safepoint "Cleanup", Time since last: 1001428998 ns, Reaching safepoint: 157274 ns, At safepoint: 19000 ns, Total: 176274 ns
[2020-09-11T14:58:35.015+0000][1][safepoint    ] Safepoint "Cleanup", Time since last: 1000235677 ns, Reaching safepoint: 175449 ns, At safepoint: 20206 ns, Total: 195655 ns
[2020-09-11T14:58:36.015+0000][1][safepoint    ] Safepoint "Cleanup", Time since last: 1000167981 ns, Reaching safepoint: 84786 ns, At safepoint: 7803 ns, Total: 92589 ns
[2020-09-11T14:58:37.016+0000][1][safepoint    ] Safepoint "Cleanup", Time since last: 1000167363 ns, Reaching safepoint: 153459 ns, At safepoint: 17661 ns, Total: 171120 ns
[2020-09-11T14:58:38.016+0000][1][safepoint    ] Safepoint "Cleanup", Time since last: 1000246658 ns, Reaching safepoint: 167113 ns, At safepoint: 30336 ns, Total: 197449 ns
[2020-09-11T14:58:38.144+0000][1][gc,start     ] GC(115) Pause Young (Allocation Failure)
[2020-09-11T14:58:38.144+0000][1][gc,task      ] GC(115) Using 1 workers of 1 for evacuation
[2020-09-11T14:58:38.164+0000][1][gc,age       ] GC(115) Desired survivor size 4358144 bytes, new threshold 6 (max threshold 6)
[2020-09-11T14:58:38.164+0000][1][gc,age       ] GC(115) Age table with threshold 6 (max threshold 6)
[2020-09-11T14:58:38.164+0000][1][gc,age       ] GC(115) - age   1:     223800 bytes,     223800 total
[2020-09-11T14:58:38.164+0000][1][gc,age       ] GC(115) - age   2:     458880 bytes,     682680 total
[2020-09-11T14:58:38.164+0000][1][gc,age       ] GC(115) - age   3:      81928 bytes,     764608 total
[2020-09-11T14:58:38.164+0000][1][gc,age       ] GC(115) - age   4:       5368 bytes,     769976 total
[2020-09-11T14:58:38.164+0000][1][gc,age       ] GC(115) - age   5:      33152 bytes,     803128 total
[2020-09-11T14:58:38.164+0000][1][gc,age       ] GC(115) - age   6:      60480 bytes,     863608 total
[2020-09-11T14:58:38.164+0000][1][gc,heap      ] GC(115) ParNew: 69446K->1572K(76672K)
[2020-09-11T14:58:38.164+0000][1][gc,heap      ] GC(115) CMS: 107589K->107681K(2011968K)
[2020-09-11T14:58:38.164+0000][1][gc,metaspace ] GC(115) Metaspace: 92842K->92842K(1134592K)
[2020-09-11T14:58:38.164+0000][1][gc           ] GC(115) Pause Young (Allocation Failure) 172M->106M(2039M) 20.093ms
[2020-09-11T14:58:38.164+0000][1][gc,cpu       ] GC(115) User=0.02s Sys=0.00s Real=0.02s
[2020-09-11T14:58:38.164+0000][1][safepoint    ] Safepoint "GenCollectForAllocation", Time since last: 127842191 ns, Reaching safepoint: 245507 ns, At safepoint: 20169705 ns, Total: 20415212 ns
[2020-09-11T14:58:39.168+0000][1][safepoint    ] Safepoint "Cleanup", Time since last: 1003451988 ns, Reaching safepoint: 140599 ns, At safepoint: 14914 ns, Total: 155513 ns
[2020-09-11T14:58:40.168+0000][1][safepoint    ] Safepoint "Cleanup", Time since last: 1000151848 ns, Reaching safepoint: 143176 ns, At safepoint: 14069 ns, Total: 157245 ns
[2020-09-11T14:58:41.169+0000][1][safepoint    ] Safepoint "Cleanup", Time since last: 1000152052 ns, Reaching safepoint: 132979 ns, At safepoint: 5956 ns, Total: 138935 ns
[2020-09-11T14:58:43.172+0000][1][safepoint    ] Safepoint "Cleanup", Time since last: 2000266779 ns, Reaching safepoint: 2645501 ns, At safepoint: 11200 ns, Total: 2656701 ns
[2020-09-11T14:58:45.175+0000][1][safepoint    ] Safepoint "Cleanup", Time since last: 2002314159 ns, Reaching safepoint: 1659062 ns, At safepoint: 11170 ns, Total: 1670232 ns
[2020-09-11T14:58:47.176+0000][1][safepoint    ] Safepoint "Cleanup", Time since last: 2000297201 ns, Reaching safepoint: 120479 ns, At safepoint: 7829 ns, Total: 128308 ns
[2020-09-11T14:58:48.176+0000][1][safepoint    ] Safepoint "Cleanup", Time since last: 1000091086 ns, Reaching safepoint: 99793 ns, At safepoint: 7991 ns, Total: 107784 ns
[2020-09-11T14:58:49.176+0000][1][safepoint    ] Safepoint "Cleanup", Time since last: 1000132878 ns, Reaching safepoint: 121594 ns, At safepoint: 6548 ns, Total: 128142 ns
[2020-09-11T14:58:51.210+0000][1][safepoint    ] Safepoint "Cleanup", Time since last: 2033786259 ns, Reaching safepoint: 133408 ns, At safepoint: 7781 ns, Total: 141189 ns
[2020-09-11T14:58:52.733+0000][1][safepoint    ] Safepoint "Cleanup", Time since last: 1522885452 ns, Reaching safepoint: 105328 ns, At safepoint: 7195 ns, Total: 112523 ns
[2020-09-11T14:58:55.734+0000][1][safepoint    ] Safepoint "Cleanup", Time since last: 3000395640 ns, Reaching safepoint: 127087 ns, At safepoint: 8648 ns, Total: 135735 ns
[2020-09-11T14:58:56.734+0000][1][safepoint    ] Safepoint "Cleanup", Time since last: 1000185126 ns, Reaching safepoint: 107206 ns, At safepoint: 7585 ns, Total: 114791 ns
[2020-09-11T14:58:57.734+0000][1][safepoint    ] Safepoint "Cleanup", Time since last: 1000130521 ns, Reaching safepoint: 111846 ns, At safepoint: 7210 ns, Total: 119056 ns
[2020-09-11T14:58:58.735+0000][1][safepoint    ] Safepoint "Cleanup", Time since last: 1000704535 ns, Reaching safepoint: 150311 ns, At safepoint: 17170 ns, Total: 167481 ns
[2020-09-11T14:59:02.736+0000][1][safepoint    ] Safepoint "Cleanup", Time since last: 4000584269 ns, Reaching safepoint: 132336 ns, At safepoint: 7092 ns, Total: 139428 ns
[2020-09-11T14:59:04.736+0000][1][safepoint    ] Safepoint "Cleanup", Time since last: 2000337518 ns, Reaching safepoint: 108894 ns, At safepoint: 8224 ns, Total: 117118 ns
[2020-09-11T14:59:05.737+0000][1][safepoint    ] Safepoint "Cleanup", Time since last: 1000177411 ns, Reaching safepoint: 116975 ns, At safepoint: 8140 ns, Total: 125115 ns
[2020-09-11T14:59:07.737+0000][1][safepoint    ] Safepoint "Cleanup", Time since last: 2000217606 ns, Reaching safepoint: 162710 ns, At safepoint: 21844 ns, Total: 184554 ns
[2020-09-11T14:59:08.737+0000][1][safepoint    ] Safepoint "Cleanup", Time since last: 1000205322 ns, Reaching safepoint: 118137 ns, At safepoint: 8596 ns, Total: 126733 ns
[2020-09-11T14:59:12.738+0000][1][safepoint    ] Safepoint "Cleanup", Time since last: 4000528637 ns, Reaching safepoint: 85096 ns, At safepoint: 9399 ns, Total: 94495 ns
[2020-09-11T14:59:13.208+0000][1][gc,start     ] GC(116) Pause Young (Allocation Failure)
[2020-09-11T14:59:13.208+0000][1][gc,task      ] GC(116) Using 1 workers of 1 for evacuation
[2020-09-11T14:59:13.247+0000][1][gc,age       ] GC(116) Desired survivor size 4358144 bytes, new threshold 6 (max threshold 6)
[2020-09-11T14:59:13.247+0000][1][gc,age       ] GC(116) Age table with threshold 6 (max threshold 6)
[2020-09-11T14:59:13.247+0000][1][gc,age       ] GC(116) - age   1:      69408 bytes,      69408 total
[2020-09-11T14:59:13.247+0000][1][gc,age       ] GC(116) - age   2:     169984 bytes,     239392 total
[2020-09-11T14:59:13.247+0000][1][gc,age       ] GC(116) - age   3:     457416 bytes,     696808 total
[2020-09-11T14:59:13.247+0000][1][gc,age       ] GC(116) - age   4:      81928 bytes,     778736 total
[2020-09-11T14:59:13.247+0000][1][gc,age       ] GC(116) - age   5:       5368 bytes,     784104 total
[2020-09-11T14:59:13.247+0000][1][gc,age       ] GC(116) - age   6:      33152 bytes,     817256 total
[2020-09-11T14:59:13.247+0000][1][gc,heap      ] GC(116) ParNew: 69732K->1025K(76672K)
[2020-09-11T14:59:13.247+0000][1][gc,heap      ] GC(116) CMS: 107681K->107741K(2011968K)
[2020-09-11T14:59:13.247+0000][1][gc,metaspace ] GC(116) Metaspace: 92951K->92951K(1134592K)
[2020-09-11T14:59:13.255+0000][1][gc           ] GC(116) Pause Young (Allocation Failure) 173M->106M(2039M) 47.985ms
[2020-09-11T14:59:13.256+0000][1][gc,cpu       ] GC(116) User=0.01s Sys=0.00s Real=0.05s
[2020-09-11T14:59:13.256+0000][1][safepoint    ] Safepoint "GenCollectForAllocation", Time since last: 466134530 ns, Reaching safepoint: 3245717 ns, At safepoint: 48099348 ns, Total: 51345065 ns
[2020-09-11T14:59:15.258+0000][1][safepoint    ] Safepoint "Cleanup", Time since last: 2001632401 ns, Reaching safepoint: 251985 ns, At safepoint: 228882 ns, Total: 480867 ns
[2020-09-11T14:59:23.259+0000][1][safepoint    ] Safepoint "Cleanup", Time since last: 8001042206 ns, Reaching safepoint: 199163 ns, At safepoint: 18209 ns, Total: 217372 ns
[2020-09-11T14:59:24.259+0000][1][safepoint    ] Safepoint "Cleanup", Time since last: 1000199200 ns, Reaching safepoint: 147201 ns, At safepoint: 18045 ns, Total: 165246 ns
[2020-09-11T14:59:25.260+0000][1][safepoint    ] Safepoint "Cleanup", Time since last: 1000353289 ns, Reaching safepoint: 136222 ns, At safepoint: 17126 ns, Total: 153348 ns
[2020-09-11T14:59:26.260+0000][1][safepoint    ] Safepoint "Cleanup", Time since last: 1000211453 ns, Reaching safepoint: 141962 ns, At safepoint: 18306 ns, Total: 160268 ns
[2020-09-11T14:59:27.261+0000][1][safepoint    ] Safepoint "Cleanup", Time since last: 1000205996 ns, Reaching safepoint: 106787 ns, At safepoint: 10865 ns, Total: 117652 ns
[2020-09-11T14:59:28.261+0000][1][safepoint    ] Safepoint "Cleanup", Time since last: 1000217301 ns, Reaching safepoint: 158404 ns, At safepoint: 18740 ns, Total: 177144 ns
[2020-09-11T14:59:29.261+0000][1][safepoint    ] Safepoint "Cleanup", Time since last: 1000230099 ns, Reaching safepoint: 94457 ns, At safepoint: 6470 ns, Total: 100927 ns
[2020-09-11T14:59:30.262+0000][1][safepoint    ] Safepoint "Cleanup", Time since last: 1000567452 ns, Reaching safepoint: 242650 ns, At safepoint: 16060 ns, Total: 258710 ns
[2020-09-11T14:59:31.262+0000][1][safepoint    ] Safepoint "Cleanup", Time since last: 1000179349 ns, Reaching safepoint: 125956 ns, At safepoint: 6526 ns, Total: 132482 ns
[2020-09-11T14:59:32.263+0000][1][safepoint    ] Safepoint "Cleanup", Time since last: 1000143717 ns, Reaching safepoint: 133810 ns, At safepoint: 16348 ns, Total: 150158 ns
[2020-09-11T14:59:33.263+0000][1][safepoint    ] Safepoint "Cleanup", Time since last: 1000173123 ns, Reaching safepoint: 164040 ns, At safepoint: 18599 ns, Total: 182639 ns
[2020-09-11T14:59:34.263+0000][1][safepoint    ] Safepoint "Cleanup", Time since last: 1000216678 ns, Reaching safepoint: 162633 ns, At safepoint: 16819 ns, Total: 179452 ns
[2020-09-11T14:59:35.264+0000][1][safepoint    ] Safepoint "Cleanup", Time since last: 1000188746 ns, Reaching safepoint: 133623 ns, At safepoint: 17280 ns, Total: 150903 ns
[2020-09-11T14:59:36.264+0000][1][safepoint    ] Safepoint "Cleanup", Time since last: 1000177482 ns, Reaching safepoint: 117791 ns, At safepoint: 8070 ns, Total: 125861 ns
[2020-09-11T14:59:37.264+0000][1][safepoint    ] Safepoint "Cleanup", Time since last: 1000175145 ns, Reaching safepoint: 97736 ns, At safepoint: 6277 ns, Total: 104013 ns
[2020-09-11T14:59:38.265+0000][1][safepoint    ] Safepoint "Cleanup", Time since last: 1000193036 ns, Reaching safepoint: 102681 ns, At safepoint: 7142 ns, Total: 109823 ns
[2020-09-11T14:59:39.265+0000][1][safepoint    ] Safepoint "Cleanup", Time since last: 1000181357 ns, Reaching safepoint: 100293 ns, At safepoint: 6965 ns, Total: 107258 ns
[2020-09-11T14:59:40.265+0000][1][safepoint    ] Safepoint "Cleanup", Time since last: 1000193063 ns, Reaching safepoint: 91128 ns, At safepoint: 7232 ns, Total: 98360 ns
[2020-09-11T14:59:41.266+0000][1][safepoint    ] Safepoint "Cleanup", Time since last: 1000168948 ns, Reaching safepoint: 137495 ns, At safepoint: 16896 ns, Total: 154391 ns
[2020-09-11T14:59:42.266+0000][1][safepoint    ] Safepoint "Cleanup", Time since last: 1000207972 ns, Reaching safepoint: 138675 ns, At safepoint: 17992 ns, Total: 156667 ns
[2020-09-11T14:59:43.266+0000][1][safepoint    ] Safepoint "Cleanup", Time since last: 1000287742 ns, Reaching safepoint: 195669 ns, At safepoint: 19140 ns, Total: 214809 ns
[2020-09-11T14:59:44.267+0000][1][safepoint    ] Safepoint "Cleanup", Time since last: 1000182618 ns, Reaching safepoint: 120591 ns, At safepoint: 7298 ns, Total: 127889 ns
[2020-09-11T14:59:45.267+0000][1][safepoint    ] Safepoint "Cleanup", Time since last: 1000208512 ns, Reaching safepoint: 108494 ns, At safepoint: 6226 ns, Total: 114720 ns
[2020-09-11T14:59:46.267+0000][1][safepoint    ] Safepoint "Cleanup", Time since last: 1000161912 ns, Reaching safepoint: 109638 ns, At safepoint: 7672 ns, Total: 117310 ns
[2020-09-11T14:59:47.268+0000][1][safepoint    ] Safepoint "Cleanup", Time since last: 1000185933 ns, Reaching safepoint: 147368 ns, At safepoint: 16856 ns, Total: 164224 ns
[2020-09-11T14:59:48.268+0000][1][safepoint    ] Safepoint "Cleanup", Time since last: 1000249414 ns, Reaching safepoint: 151608 ns, At safepoint: 18365 ns, Total: 169973 ns
[2020-09-11T14:59:49.268+0000][1][safepoint    ] Safepoint "Cleanup", Time since last: 1000214405 ns, Reaching safepoint: 144128 ns, At safepoint: 16899 ns, Total: 161027 ns
[2020-09-11T14:59:51.269+0000][1][safepoint    ] Safepoint "Cleanup", Time since last: 2000347498 ns, Reaching safepoint: 160552 ns, At safepoint: 16889 ns, Total: 177441 ns
[2020-09-11T14:59:52.952+0000][1][gc,start     ] GC(117) Pause Young (Allocation Failure)
[2020-09-11T14:59:52.952+0000][1][gc,task      ] GC(117) Using 1 workers of 1 for evacuation
[2020-09-11T14:59:52.969+0000][1][gc,age       ] GC(117) Desired survivor size 4358144 bytes, new threshold 6 (max threshold 6)
[2020-09-11T14:59:52.969+0000][1][gc,age       ] GC(117) Age table with threshold 6 (max threshold 6)
[2020-09-11T14:59:52.969+0000][1][gc,age       ] GC(117) - age   1:      67688 bytes,      67688 total
[2020-09-11T14:59:52.969+0000][1][gc,age       ] GC(117) - age   2:      15224 bytes,      82912 total
[2020-09-11T14:59:52.969+0000][1][gc,age       ] GC(117) - age   3:     166992 bytes,     249904 total
[2020-09-11T14:59:52.969+0000][1][gc,age       ] GC(117) - age   4:     457416 bytes,     707320 total
[2020-09-11T14:59:52.969+0000][1][gc,age       ] GC(117) - age   5:      81928 bytes,     789248 total
[2020-09-11T14:59:52.969+0000][1][gc,age       ] GC(117) - age   6:       5368 bytes,     794616 total
[2020-09-11T14:59:52.969+0000][1][gc,heap      ] GC(117) ParNew: 69185K->1453K(76672K)
[2020-09-11T14:59:52.969+0000][1][gc,heap      ] GC(117) CMS: 107741K->107774K(2011968K)
[2020-09-11T14:59:52.969+0000][1][gc,metaspace ] GC(117) Metaspace: 93112K->93112K(1134592K)
[2020-09-11T14:59:52.969+0000][1][gc           ] GC(117) Pause Young (Allocation Failure) 172M->106M(2039M) 17.022ms
[2020-09-11T14:59:52.969+0000][1][gc,cpu       ] GC(117) User=0.02s Sys=0.00s Real=0.02s
[2020-09-11T14:59:52.969+0000][1][safepoint    ] Safepoint "GenCollectForAllocation", Time since last: 1682449529 ns, Reaching safepoint: 252022 ns, At safepoint: 17110290 ns, Total: 17362312 ns
[2020-09-11T14:59:53.976+0000][1][safepoint    ] Safepoint "Cleanup", Time since last: 1006716175 ns, Reaching safepoint: 127361 ns, At safepoint: 7883 ns, Total: 135244 ns
[2020-09-11T14:59:57.976+0000][1][safepoint    ] Safepoint "Cleanup", Time since last: 4000609322 ns, Reaching safepoint: 109381 ns, At safepoint: 7945 ns, Total: 117326 ns
[2020-09-11T14:59:59.977+0000][1][safepoint    ] Safepoint "Cleanup", Time since last: 2000286069 ns, Reaching safepoint: 152162 ns, At safepoint: 18369 ns, Total: 170531 ns
[2020-09-11T15:00:00.977+0000][1][safepoint    ] Safepoint "Cleanup", Time since last: 1000222548 ns, Reaching safepoint: 116490 ns, At safepoint: 6347 ns, Total: 122837 ns
[2020-09-11T15:00:02.978+0000][1][safepoint    ] Safepoint "Cleanup", Time since last: 2000329866 ns, Reaching safepoint: 174570 ns, At safepoint: 17133 ns, Total: 191703 ns
[2020-09-11T15:00:03.978+0000][1][safepoint    ] Safepoint "Cleanup", Time since last: 1000184654 ns, Reaching safepoint: 157214 ns, At safepoint: 18760 ns, Total: 175974 ns
[2020-09-11T15:00:07.518+0000][1][safepoint    ] Safepoint "RevokeBias", Time since last: 3540209437 ns, Reaching safepoint: 75391 ns, At safepoint: 21530 ns, Total: 96921 ns
[2020-09-11T15:00:11.519+0000][1][safepoint    ] Safepoint "Cleanup", Time since last: 4000535531 ns, Reaching safepoint: 106480 ns, At safepoint: 7819 ns, Total: 114299 ns
[2020-09-11T15:00:13.520+0000][1][safepoint    ] Safepoint "Cleanup", Time since last: 2000332896 ns, Reaching safepoint: 144935 ns, At safepoint: 7883 ns, Total: 152818 ns
[2020-09-11T15:00:16.520+0000][1][safepoint    ] Safepoint "Cleanup", Time since last: 3000428960 ns, Reaching safepoint: 150739 ns, At safepoint: 17053 ns, Total: 167792 ns
[2020-09-11T15:00:17.520+0000][1][safepoint    ] Safepoint "Cleanup", Time since last: 1000211762 ns, Reaching safepoint: 139330 ns, At safepoint: 17891 ns, Total: 157221 ns
[2020-09-11T15:00:18.521+0000][1][safepoint    ] Safepoint "Cleanup", Time since last: 1000244793 ns, Reaching safepoint: 149343 ns, At safepoint: 19618 ns, Total: 168961 ns
[2020-09-11T15:00:19.521+0000][1][safepoint    ] Safepoint "Cleanup", Time since last: 1000219216 ns, Reaching safepoint: 152553 ns, At safepoint: 19418 ns, Total: 171971 ns
[2020-09-11T15:00:20.522+0000][1][safepoint    ] Safepoint "Cleanup", Time since last: 1000218125 ns, Reaching safepoint: 140272 ns, At safepoint: 17901 ns, Total: 158173 ns
[2020-09-11T15:00:21.522+0000][1][safepoint    ] Safepoint "Cleanup", Time since last: 1000215281 ns, Reaching safepoint: 105483 ns, At safepoint: 8001 ns, Total: 113484 ns
[2020-09-11T15:00:22.522+0000][1][safepoint    ] Safepoint "Cleanup", Time since last: 1000170359 ns, Reaching safepoint: 152734 ns, At safepoint: 18860 ns, Total: 171594 ns
[2020-09-11T15:00:23.523+0000][1][safepoint    ] Safepoint "Cleanup", Time since last: 1000189924 ns, Reaching safepoint: 177431 ns, At safepoint: 20183 ns, Total: 197614 ns
[2020-09-11T15:00:24.523+0000][1][safepoint    ] Safepoint "Cleanup", Time since last: 1000236974 ns, Reaching safepoint: 150114 ns, At safepoint: 19318 ns, Total: 169432 ns
[2020-09-11T15:00:25.524+0000][1][safepoint    ] Safepoint "Cleanup", Time since last: 1000233272 ns, Reaching safepoint: 148007 ns, At safepoint: 6813 ns, Total: 154820 ns
[2020-09-11T15:00:26.524+0000][1][safepoint    ] Safepoint "Cleanup", Time since last: 1000139712 ns, Reaching safepoint: 122897 ns, At safepoint: 8778 ns, Total: 131675 ns
[2020-09-11T15:00:27.524+0000][1][safepoint    ] Safepoint "Cleanup", Time since last: 1000121029 ns, Reaching safepoint: 84063 ns, At safepoint: 8112 ns, Total: 92175 ns
[2020-09-11T15:00:28.524+0000][1][safepoint    ] Safepoint "Cleanup", Time since last: 1000184765 ns, Reaching safepoint: 136855 ns, At safepoint: 8241 ns, Total: 145096 ns
[2020-09-11T15:00:29.525+0000][1][safepoint    ] Safepoint "Cleanup", Time since last: 1000218946 ns, Reaching safepoint: 83440 ns, At safepoint: 7563 ns, Total: 91003 ns
[2020-09-11T15:00:30.525+0000][1][safepoint    ] Safepoint "Cleanup", Time since last: 1000189231 ns, Reaching safepoint: 93288 ns, At safepoint: 7222 ns, Total: 100510 ns
[2020-09-11T15:00:31.525+0000][1][safepoint    ] Safepoint "Cleanup", Time since last: 1000170299 ns, Reaching safepoint: 175001 ns, At safepoint: 15499 ns, Total: 190500 ns
[2020-09-11T15:00:32.243+0000][1][gc,start     ] GC(118) Pause Young (Allocation Failure)
[2020-09-11T15:00:32.243+0000][1][gc,task      ] GC(118) Using 1 workers of 1 for evacuation
[2020-09-11T15:00:32.258+0000][1][gc,age       ] GC(118) Desired survivor size 4358144 bytes, new threshold 6 (max threshold 6)
[2020-09-11T15:00:32.258+0000][1][gc,age       ] GC(118) Age table with threshold 6 (max threshold 6)
[2020-09-11T15:00:32.258+0000][1][gc,age       ] GC(118) - age   1:      83144 bytes,      83144 total
[2020-09-11T15:00:32.258+0000][1][gc,age       ] GC(118) - age   2:       2696 bytes,      85840 total
[2020-09-11T15:00:32.258+0000][1][gc,age       ] GC(118) - age   3:      11256 bytes,      97096 total
[2020-09-11T15:00:32.258+0000][1][gc,age       ] GC(118) - age   4:     166992 bytes,     264088 total
[2020-09-11T15:00:32.258+0000][1][gc,age       ] GC(118) - age   5:     457416 bytes,     721504 total
[2020-09-11T15:00:32.258+0000][1][gc,age       ] GC(118) - age   6:      81928 bytes,     803432 total
[2020-09-11T15:00:32.258+0000][1][gc,heap      ] GC(118) ParNew: 69613K->945K(76672K)
[2020-09-11T15:00:32.258+0000][1][gc,heap      ] GC(118) CMS: 107774K->107780K(2011968K)
[2020-09-11T15:00:32.258+0000][1][gc,metaspace ] GC(118) Metaspace: 93222K->93222K(1134592K)
[2020-09-11T15:00:32.258+0000][1][gc           ] GC(118) Pause Young (Allocation Failure) 173M->106M(2039M) 15.782ms
[2020-09-11T15:00:32.258+0000][1][gc,cpu       ] GC(118) User=0.01s Sys=0.00s Real=0.02s
[2020-09-11T15:00:32.259+0000][1][safepoint    ] Safepoint "GenCollectForAllocation", Time since last: 717150422 ns, Reaching safepoint: 207372 ns, At safepoint: 15857385 ns, Total: 16064757 ns
[2020-09-11T15:00:33.264+0000][1][safepoint    ] Safepoint "Cleanup", Time since last: 1005167282 ns, Reaching safepoint: 112123 ns, At safepoint: 8116 ns, Total: 120239 ns
[2020-09-11T15:00:34.264+0000][1][safepoint    ] Safepoint "Cleanup", Time since last: 1000179993 ns, Reaching safepoint: 108249 ns, At safepoint: 6304 ns, Total: 114553 ns
[2020-09-11T15:00:35.264+0000][1][safepoint    ] Safepoint "Cleanup", Time since last: 1000162565 ns, Reaching safepoint: 144448 ns, At safepoint: 17851 ns, Total: 162299 ns
[2020-09-11T15:00:36.265+0000][1][safepoint    ] Safepoint "Cleanup", Time since last: 1000188280 ns, Reaching safepoint: 92122 ns, At safepoint: 6498 ns, Total: 98620 ns
[2020-09-11T15:00:37.265+0000][1][safepoint    ] Safepoint "Cleanup", Time since last: 1000195270 ns, Reaching safepoint: 95455 ns, At safepoint: 6772 ns, Total: 102227 ns
[2020-09-11T15:00:38.265+0000][1][safepoint    ] Safepoint "Cleanup", Time since last: 1000177220 ns, Reaching safepoint: 103007 ns, At safepoint: 6803 ns, Total: 109810 ns
[2020-09-11T15:00:39.266+0000][1][safepoint    ] Safepoint "Cleanup", Time since last: 1000189953 ns, Reaching safepoint: 106625 ns, At safepoint: 7266 ns, Total: 113891 ns
[2020-09-11T15:00:40.266+0000][1][safepoint    ] Safepoint "Cleanup", Time since last: 1000174870 ns, Reaching safepoint: 91555 ns, At safepoint: 14840 ns, Total: 106395 ns
[2020-09-11T15:00:41.266+0000][1][safepoint    ] Safepoint "Cleanup", Time since last: 1000164215 ns, Reaching safepoint: 98404 ns, At safepoint: 7781 ns, Total: 106185 ns
[2020-09-11T15:00:42.266+0000][1][safepoint    ] Safepoint "Cleanup", Time since last: 1000176658 ns, Reaching safepoint: 103553 ns, At safepoint: 6480 ns, Total: 110033 ns
[2020-09-11T15:00:43.267+0000][1][safepoint    ] Safepoint "Cleanup", Time since last: 1000161543 ns, Reaching safepoint: 120977 ns, At safepoint: 8021 ns, Total: 128998 ns
[2020-09-11T15:00:44.267+0000][1][safepoint    ] Safepoint "Cleanup", Time since last: 1000165581 ns, Reaching safepoint: 145922 ns, At safepoint: 16501 ns, Total: 162423 ns
[2020-09-11T15:00:45.267+0000][1][safepoint    ] Safepoint "Cleanup", Time since last: 1000204384 ns, Reaching safepoint: 120837 ns, At safepoint: 15208 ns, Total: 136045 ns
[2020-09-11T15:00:46.268+0000][1][safepoint    ] Safepoint "Cleanup", Time since last: 1000127844 ns, Reaching safepoint: 88316 ns, At safepoint: 6288 ns, Total: 94604 ns
[2020-09-11T15:00:47.268+0000][1][safepoint    ] Safepoint "Cleanup", Time since last: 1000188489 ns, Reaching safepoint: 146085 ns, At safepoint: 18055 ns, Total: 164140 ns
[2020-09-11T15:00:48.268+0000][1][safepoint    ] Safepoint "Cleanup", Time since last: 1000223434 ns, Reaching safepoint: 146974 ns, At safepoint: 17069 ns, Total: 164043 ns
[2020-09-11T15:00:49.269+0000][1][safepoint    ] Safepoint "Cleanup", Time since last: 1000215115 ns, Reaching safepoint: 153953 ns, At safepoint: 17487 ns, Total: 171440 ns
[2020-09-11T15:00:53.270+0000][1][safepoint    ] Safepoint "Cleanup", Time since last: 4001444021 ns, Reaching safepoint: 167812 ns, At safepoint: 18579 ns, Total: 186391 ns
[2020-09-11T15:00:57.271+0000][1][safepoint    ] Safepoint "Cleanup", Time since last: 4000574209 ns, Reaching safepoint: 89593 ns, At safepoint: 7163 ns, Total: 96756 ns
[2020-09-11T15:01:03.272+0000][1][safepoint    ] Safepoint "Cleanup", Time since last: 6000880546 ns, Reaching safepoint: 110807 ns, At safepoint: 7866 ns, Total: 118673 ns
[2020-09-11T15:01:08.411+0000][1][gc,start     ] GC(119) Pause Young (Allocation Failure)
[2020-09-11T15:01:08.411+0000][1][gc,task      ] GC(119) Using 1 workers of 1 for evacuation
[2020-09-11T15:01:08.427+0000][1][gc,age       ] GC(119) Desired survivor size 4358144 bytes, new threshold 6 (max threshold 6)
[2020-09-11T15:01:08.427+0000][1][gc,age       ] GC(119) Age table with threshold 6 (max threshold 6)
[2020-09-11T15:01:08.427+0000][1][gc,age       ] GC(119) - age   1:      76672 bytes,      76672 total
[2020-09-11T15:01:08.427+0000][1][gc,age       ] GC(119) - age   2:      12496 bytes,      89168 total
[2020-09-11T15:01:08.427+0000][1][gc,age       ] GC(119) - age   3:       2600 bytes,      91768 total
[2020-09-11T15:01:08.427+0000][1][gc,age       ] GC(119) - age   4:      11224 bytes,     102992 total
[2020-09-11T15:01:08.427+0000][1][gc,age       ] GC(119) - age   5:     166632 bytes,     269624 total
[2020-09-11T15:01:08.427+0000][1][gc,age       ] GC(119) - age   6:     457376 bytes,     727000 total
[2020-09-11T15:01:08.427+0000][1][gc,heap      ] GC(119) ParNew: 69105K->1413K(76672K)
[2020-09-11T15:01:08.427+0000][1][gc,heap      ] GC(119) CMS: 107780K->107861K(2011968K)
[2020-09-11T15:01:08.427+0000][1][gc,metaspace ] GC(119) Metaspace: 93335K->93335K(1134592K)
[2020-09-11T15:01:08.427+0000][1][gc           ] GC(119) Pause Young (Allocation Failure) 172M->106M(2039M) 15.980ms
[2020-09-11T15:01:08.427+0000][1][gc,cpu       ] GC(119) User=0.01s Sys=0.00s Real=0.02s
[2020-09-11T15:01:08.427+0000][1][safepoint    ] Safepoint "GenCollectForAllocation", Time since last: 5138537017 ns, Reaching safepoint: 234557 ns, At safepoint: 16048108 ns, Total: 16282665 ns
[2020-09-11T15:01:09.433+0000][1][safepoint    ] Safepoint "Cleanup", Time since last: 1006415937 ns, Reaching safepoint: 72543 ns, At safepoint: 5475 ns, Total: 78018 ns
[2020-09-11T15:01:11.434+0000][1][safepoint    ] Safepoint "Cleanup", Time since last: 2000708854 ns, Reaching safepoint: 72405 ns, At safepoint: 5359 ns, Total: 77764 ns
[2020-09-11T15:01:13.435+0000][1][safepoint    ] Safepoint "Cleanup", Time since last: 2000349883 ns, Reaching safepoint: 201863 ns, At safepoint: 7937 ns, Total: 209800 ns
[2020-09-11T15:01:14.435+0000][1][safepoint    ] Safepoint "Cleanup", Time since last: 1000161313 ns, Reaching safepoint: 104117 ns, At safepoint: 6338 ns, Total: 110455 ns
[2020-09-11T15:01:15.435+0000][1][safepoint    ] Safepoint "Cleanup", Time since last: 1000161591 ns, Reaching safepoint: 106045 ns, At safepoint: 6927 ns, Total: 112972 ns
[2020-09-11T15:01:16.436+0000][1][safepoint    ] Safepoint "Cleanup", Time since last: 1000160911 ns, Reaching safepoint: 112647 ns, At safepoint: 6451 ns, Total: 119098 ns
[2020-09-11T15:01:17.436+0000][1][safepoint    ] Safepoint "Cleanup", Time since last: 1000206167 ns, Reaching safepoint: 94031 ns, At safepoint: 7217 ns, Total: 101248 ns
[2020-09-11T15:01:18.436+0000][1][safepoint    ] Safepoint "Cleanup", Time since last: 1000172346 ns, Reaching safepoint: 110725 ns, At safepoint: 6904 ns, Total: 117629 ns
[2020-09-11T15:01:19.436+0000][1][safepoint    ] Safepoint "Cleanup", Time since last: 1000172479 ns, Reaching safepoint: 108022 ns, At safepoint: 7113 ns, Total: 115135 ns
[2020-09-11T15:01:20.437+0000][1][safepoint    ] Safepoint "Cleanup", Time since last: 1000173742 ns, Reaching safepoint: 105880 ns, At safepoint: 6184 ns, Total: 112064 ns
[2020-09-11T15:01:21.437+0000][1][safepoint    ] Safepoint "Cleanup", Time since last: 1000122294 ns, Reaching safepoint: 125660 ns, At safepoint: 6438 ns, Total: 132098 ns
[2020-09-11T15:01:22.437+0000][1][safepoint    ] Safepoint "Cleanup", Time since last: 1000151861 ns, Reaching safepoint: 74564 ns, At safepoint: 5650 ns, Total: 80214 ns
[2020-09-11T15:01:23.438+0000][1][safepoint    ] Safepoint "Cleanup", Time since last: 1000154577 ns, Reaching safepoint: 175382 ns, At safepoint: 18312 ns, Total: 193694 ns
[2020-09-11T15:01:24.438+0000][1][safepoint    ] Safepoint "Cleanup", Time since last: 1000191487 ns, Reaching safepoint: 162082 ns, At safepoint: 21205 ns, Total: 183287 ns
[2020-09-11T15:01:25.438+0000][1][safepoint    ] Safepoint "Cleanup", Time since last: 1000170164 ns, Reaching safepoint: 146229 ns, At safepoint: 17136 ns, Total: 163365 ns
[2020-09-11T15:01:26.439+0000][1][safepoint    ] Safepoint "Cleanup", Time since last: 1000196458 ns, Reaching safepoint: 102873 ns, At safepoint: 6451 ns, Total: 109324 ns
[2020-09-11T15:01:27.439+0000][1][safepoint    ] Safepoint "Cleanup", Time since last: 1000159875 ns, Reaching safepoint: 147147 ns, At safepoint: 17126 ns, Total: 164273 ns
[2020-09-11T15:01:28.439+0000][1][safepoint    ] Safepoint "Cleanup", Time since last: 1000186030 ns, Reaching safepoint: 148705 ns, At safepoint: 17416 ns, Total: 166121 ns
[2020-09-11T15:01:29.440+0000][1][safepoint    ] Safepoint "Cleanup", Time since last: 1000251508 ns, Reaching safepoint: 153296 ns, At safepoint: 18495 ns, Total: 171791 ns
[2020-09-11T15:01:30.441+0000][1][safepoint    ] Safepoint "Cleanup", Time since last: 1001052461 ns, Reaching safepoint: 155020 ns, At safepoint: 17864 ns, Total: 172884 ns
[2020-09-11T15:01:31.441+0000][1][safepoint    ] Safepoint "Cleanup", Time since last: 1000203928 ns, Reaching safepoint: 139334 ns, At safepoint: 17603 ns, Total: 156937 ns
[2020-09-11T15:01:32.442+0000][1][safepoint    ] Safepoint "Cleanup", Time since last: 1000216293 ns, Reaching safepoint: 101445 ns, At safepoint: 8356 ns, Total: 109801 ns
[2020-09-11T15:01:33.442+0000][1][safepoint    ] Safepoint "Cleanup", Time since last: 1000197063 ns, Reaching safepoint: 152586 ns, At safepoint: 11007 ns, Total: 163593 ns
[2020-09-11T15:01:34.442+0000][1][safepoint    ] Safepoint "Cleanup", Time since last: 1000212270 ns, Reaching safepoint: 156078 ns, At safepoint: 18182 ns, Total: 174260 ns
[2020-09-11T15:01:35.443+0000][1][safepoint    ] Safepoint "Cleanup", Time since last: 1001018132 ns, Reaching safepoint: 124968 ns, At safepoint: 8169 ns, Total: 133137 ns
[2020-09-11T15:01:36.444+0000][1][safepoint    ] Safepoint "Cleanup", Time since last: 1000303792 ns, Reaching safepoint: 160835 ns, At safepoint: 8475 ns, Total: 169310 ns
[2020-09-11T15:01:37.444+0000][1][safepoint    ] Safepoint "Cleanup", Time since last: 1000162349 ns, Reaching safepoint: 111145 ns, At safepoint: 9537 ns, Total: 120682 ns
[2020-09-11T15:01:38.445+0000][1][safepoint    ] Safepoint "Cleanup", Time since last: 1000119384 ns, Reaching safepoint: 226858 ns, At safepoint: 6651 ns, Total: 233509 ns
[2020-09-11T15:01:39.445+0000][1][safepoint    ] Safepoint "Cleanup", Time since last: 1000149045 ns, Reaching safepoint: 165420 ns, At safepoint: 20430 ns, Total: 185850 ns
[2020-09-11T15:01:40.445+0000][1][safepoint    ] Safepoint "Cleanup", Time since last: 1000243083 ns, Reaching safepoint: 153663 ns, At safepoint: 18375 ns, Total: 172038 ns
[2020-09-11T15:01:41.446+0000][1][safepoint    ] Safepoint "Cleanup", Time since last: 1000259904 ns, Reaching safepoint: 109491 ns, At safepoint: 8499 ns, Total: 117990 ns
[2020-09-11T15:01:42.446+0000][1][safepoint    ] Safepoint "Cleanup", Time since last: 1000196029 ns, Reaching safepoint: 126418 ns, At safepoint: 7919 ns, Total: 134337 ns
[2020-09-11T15:01:43.446+0000][1][safepoint    ] Safepoint "Cleanup", Time since last: 1000192907 ns, Reaching safepoint: 128353 ns, At safepoint: 8788 ns, Total: 137141 ns
[2020-09-11T15:01:43.782+0000][1][gc,start     ] GC(120) Pause Young (Allocation Failure)
[2020-09-11T15:01:43.782+0000][1][gc,task      ] GC(120) Using 1 workers of 1 for evacuation
[2020-09-11T15:01:43.798+0000][1][gc,age       ] GC(120) Desired survivor size 4358144 bytes, new threshold 6 (max threshold 6)
[2020-09-11T15:01:43.798+0000][1][gc,age       ] GC(120) Age table with threshold 6 (max threshold 6)
[2020-09-11T15:01:43.798+0000][1][gc,age       ] GC(120) - age   1:      61856 bytes,      61856 total
[2020-09-11T15:01:43.799+0000][1][gc,age       ] GC(120) - age   2:      14760 bytes,      76616 total
[2020-09-11T15:01:43.799+0000][1][gc,age       ] GC(120) - age   3:       7280 bytes,      83896 total
[2020-09-11T15:01:43.799+0000][1][gc,age       ] GC(120) - age   4:       2600 bytes,      86496 total
[2020-09-11T15:01:43.799+0000][1][gc,age       ] GC(120) - age   5:      11224 bytes,      97720 total
[2020-09-11T15:01:43.799+0000][1][gc,age       ] GC(120) - age   6:     166608 bytes,     264328 total
[2020-09-11T15:01:43.799+0000][1][gc,heap      ] GC(120) ParNew: 69573K->442K(76672K)
[2020-09-11T15:01:43.799+0000][1][gc,heap      ] GC(120) CMS: 107861K->108312K(2011968K)
[2020-09-11T15:01:43.799+0000][1][gc,metaspace ] GC(120) Metaspace: 93468K->93468K(1134592K)
[2020-09-11T15:01:43.799+0000][1][gc           ] GC(120) Pause Young (Allocation Failure) 173M->106M(2039M) 16.342ms
[2020-09-11T15:01:43.799+0000][1][gc,cpu       ] GC(120) User=0.02s Sys=0.00s Real=0.02s
[2020-09-11T15:01:43.799+0000][1][safepoint    ] Safepoint "GenCollectForAllocation", Time since last: 335681074 ns, Reaching safepoint: 209237 ns, At safepoint: 16488079 ns, Total: 16697316 ns
[2020-09-11T15:01:44.800+0000][1][safepoint    ] Safepoint "Cleanup", Time since last: 1000847072 ns, Reaching safepoint: 96657 ns, At safepoint: 20628 ns, Total: 117285 ns
[2020-09-11T15:01:47.800+0000][1][safepoint    ] Safepoint "Cleanup", Time since last: 3000448392 ns, Reaching safepoint: 156072 ns, At safepoint: 18008 ns, Total: 174080 ns
[2020-09-11T15:01:52.801+0000][1][safepoint    ] Safepoint "Cleanup", Time since last: 5000694023 ns, Reaching safepoint: 166519 ns, At safepoint: 18950 ns, Total: 185469 ns
[2020-09-11T15:01:53.802+0000][1][safepoint    ] Safepoint "Cleanup", Time since last: 1000214587 ns, Reaching safepoint: 156700 ns, At safepoint: 18442 ns, Total: 175142 ns
[2020-09-11T15:01:54.802+0000][1][safepoint    ] Safepoint "Cleanup", Time since last: 1000240633 ns, Reaching safepoint: 105007 ns, At safepoint: 7076 ns, Total: 112083 ns
[2020-09-11T15:01:55.039+0000][1][safepoint    ] Safepoint "RevokeBias", Time since last: 237001682 ns, Reaching safepoint: 209503 ns, At safepoint: 22063 ns, Total: 231566 ns
[2020-09-11T15:01:57.040+0000][1][safepoint    ] Safepoint "Cleanup", Time since last: 2000334135 ns, Reaching safepoint: 159994 ns, At safepoint: 18118 ns, Total: 178112 ns
[2020-09-11T15:01:58.040+0000][1][safepoint    ] Safepoint "Cleanup", Time since last: 1000223876 ns, Reaching safepoint: 109980 ns, At safepoint: 9317 ns, Total: 119297 ns
[2020-09-11T15:02:03.041+0000][1][safepoint    ] Safepoint "Cleanup", Time since last: 5000681284 ns, Reaching safepoint: 155587 ns, At safepoint: 19158 ns, Total: 174745 ns
[2020-09-11T15:02:09.042+0000][1][safepoint    ] Safepoint "Cleanup", Time since last: 6000855647 ns, Reaching safepoint: 111066 ns, At safepoint: 7761 ns, Total: 118827 ns
[2020-09-11T15:02:12.042+0000][1][safepoint    ] Safepoint "Cleanup", Time since last: 3000454749 ns, Reaching safepoint: 148861 ns, At safepoint: 17454 ns, Total: 166315 ns
[2020-09-11T15:02:13.043+0000][1][safepoint    ] Safepoint "Cleanup", Time since last: 1000204713 ns, Reaching safepoint: 107937 ns, At safepoint: 7224 ns, Total: 115161 ns
[2020-09-11T15:02:22.737+0000][1][gc,start     ] GC(121) Pause Young (Allocation Failure)
[2020-09-11T15:02:22.737+0000][1][gc,task      ] GC(121) Using 1 workers of 1 for evacuation
[2020-09-11T15:02:22.752+0000][1][gc,age       ] GC(121) Desired survivor size 4358144 bytes, new threshold 6 (max threshold 6)
[2020-09-11T15:02:22.752+0000][1][gc,age       ] GC(121) Age table with threshold 6 (max threshold 6)
[2020-09-11T15:02:22.752+0000][1][gc,age       ] GC(121) - age   1:      87224 bytes,      87224 total
[2020-09-11T15:02:22.752+0000][1][gc,age       ] GC(121) - age   2:       6616 bytes,      93840 total
[2020-09-11T15:02:22.752+0000][1][gc,age       ] GC(121) - age   3:       9936 bytes,     103776 total
[2020-09-11T15:02:22.752+0000][1][gc,age       ] GC(121) - age   4:       5920 bytes,     109696 total
[2020-09-11T15:02:22.752+0000][1][gc,age       ] GC(121) - age   5:       2600 bytes,     112296 total
[2020-09-11T15:02:22.752+0000][1][gc,age       ] GC(121) - age   6:      11224 bytes,     123520 total
[2020-09-11T15:02:22.752+0000][1][gc,heap      ] GC(121) ParNew: 68602K->207K(76672K)
[2020-09-11T15:02:22.752+0000][1][gc,heap      ] GC(121) CMS: 108312K->108475K(2011968K)
[2020-09-11T15:02:22.752+0000][1][gc,metaspace ] GC(121) Metaspace: 93591K->93591K(1134592K)
[2020-09-11T15:02:22.752+0000][1][gc           ] GC(121) Pause Young (Allocation Failure) 172M->106M(2039M) 15.590ms
[2020-09-11T15:02:22.752+0000][1][gc,cpu       ] GC(121) User=0.01s Sys=0.00s Real=0.01s
[2020-09-11T15:02:22.753+0000][1][safepoint    ] Safepoint "GenCollectForAllocation", Time since last: 9693393532 ns, Reaching safepoint: 597628 ns, At safepoint: 15783959 ns, Total: 16381587 ns
[2020-09-11T15:02:27.757+0000][1][safepoint    ] Safepoint "Cleanup", Time since last: 5003962046 ns, Reaching safepoint: 105015 ns, At safepoint: 7418 ns, Total: 112433 ns
[2020-09-11T15:02:32.758+0000][1][safepoint    ] Safepoint "Cleanup", Time since last: 5000721853 ns, Reaching safepoint: 174634 ns, At safepoint: 17905 ns, Total: 192539 ns
[2020-09-11T15:02:36.758+0000][1][safepoint    ] Safepoint "Cleanup", Time since last: 4000738290 ns, Reaching safepoint: 154735 ns, At safepoint: 17440 ns, Total: 172175 ns
[2020-09-11T15:02:42.760+0000][1][safepoint    ] Safepoint "Cleanup", Time since last: 6000877428 ns, Reaching safepoint: 237100 ns, At safepoint: 19726 ns, Total: 256826 ns
[2020-09-11T15:02:46.401+0000][1][safepoint    ] Safepoint "RevokeBias", Time since last: 3638489708 ns, Reaching safepoint: 2620146 ns, At safepoint: 25707 ns, Total: 2645853 ns
[2020-09-11T15:02:46.406+0000][1][safepoint    ] Safepoint "RevokeBias", Time since last: 3038533 ns, Reaching safepoint: 1875713 ns, At safepoint: 23469 ns, Total: 1899182 ns
[2020-09-11T15:02:46.407+0000][1][safepoint    ] Safepoint "RevokeBias", Time since last: 944864 ns, Reaching safepoint: 186464 ns, At safepoint: 18886 ns, Total: 205350 ns
[2020-09-11T15:02:46.407+0000][1][safepoint    ] Safepoint "RevokeBias", Time since last: 93703 ns, Reaching safepoint: 187529 ns, At safepoint: 14898 ns, Total: 202427 ns
[2020-09-11T15:02:46.407+0000][1][safepoint    ] Safepoint "RevokeBias", Time since last: 80254 ns, Reaching safepoint: 269402 ns, At safepoint: 15138 ns, Total: 284540 ns
[2020-09-11T15:02:46.408+0000][1][safepoint    ] Safepoint "RevokeBias", Time since last: 74932 ns, Reaching safepoint: 177965 ns, At safepoint: 13369 ns, Total: 191334 ns
[2020-09-11T15:02:46.408+0000][1][safepoint    ] Safepoint "RevokeBias", Time since last: 71872 ns, Reaching safepoint: 174582 ns, At safepoint: 13787 ns, Total: 188369 ns
[2020-09-11T15:02:46.408+0000][1][safepoint    ] Safepoint "RevokeBias", Time since last: 68743 ns, Reaching safepoint: 196929 ns, At safepoint: 13502 ns, Total: 210431 ns
[2020-09-11T15:02:47.409+0000][1][safepoint    ] Safepoint "Cleanup", Time since last: 1000179672 ns, Reaching safepoint: 351520 ns, At safepoint: 18155 ns, Total: 369675 ns
[2020-09-11T15:02:51.412+0000][1][safepoint    ] Safepoint "Cleanup", Time since last: 4002874764 ns, Reaching safepoint: 98976 ns, At safepoint: 7716 ns, Total: 106692 ns
[2020-09-11T15:02:53.412+0000][1][safepoint    ] Safepoint "Cleanup", Time since last: 2000293752 ns, Reaching safepoint: 226694 ns, At safepoint: 13635 ns, Total: 240329 ns
[2020-09-11T15:02:53.558+0000][1][gc,start     ] GC(122) Pause Young (Allocation Failure)
[2020-09-11T15:02:53.558+0000][1][gc,task      ] GC(122) Using 1 workers of 1 for evacuation
[2020-09-11T15:02:53.571+0000][1][gc,age       ] GC(122) Desired survivor size 4358144 bytes, new threshold 6 (max threshold 6)
[2020-09-11T15:02:53.571+0000][1][gc,age       ] GC(122) Age table with threshold 6 (max threshold 6)
[2020-09-11T15:02:53.571+0000][1][gc,age       ] GC(122) - age   1:      66280 bytes,      66280 total
[2020-09-11T15:02:53.571+0000][1][gc,age       ] GC(122) - age   2:      13680 bytes,      79960 total
[2020-09-11T15:02:53.571+0000][1][gc,age       ] GC(122) - age   3:       1536 bytes,      81496 total
[2020-09-11T15:02:53.571+0000][1][gc,age       ] GC(122) - age   4:       9872 bytes,      91368 total
[2020-09-11T15:02:53.571+0000][1][gc,age       ] GC(122) - age   5:       5920 bytes,      97288 total
[2020-09-11T15:02:53.571+0000][1][gc,age       ] GC(122) - age   6:       2600 bytes,      99888 total
[2020-09-11T15:02:53.571+0000][1][gc,heap      ] GC(122) ParNew: 68367K->194K(76672K)
[2020-09-11T15:02:53.571+0000][1][gc,heap      ] GC(122) CMS: 108475K->108486K(2011968K)
[2020-09-11T15:02:53.571+0000][1][gc,metaspace ] GC(122) Metaspace: 93653K->93653K(1134592K)
[2020-09-11T15:02:53.571+0000][1][gc           ] GC(122) Pause Young (Allocation Failure) 172M->106M(2039M) 13.232ms
[2020-09-11T15:02:53.571+0000][1][gc,cpu       ] GC(122) User=0.01s Sys=0.00s Real=0.01s
[2020-09-11T15:02:53.571+0000][1][safepoint    ] Safepoint "GenCollectForAllocation", Time since last: 145077989 ns, Reaching safepoint: 257668 ns, At safepoint: 13335066 ns, Total: 13592734 ns
[2020-09-11T15:02:54.572+0000][1][safepoint    ] Safepoint "Cleanup", Time since last: 1001013600 ns, Reaching safepoint: 187156 ns, At safepoint: 14206 ns, Total: 201362 ns
[2020-09-11T15:02:57.573+0000][1][safepoint    ] Safepoint "Cleanup", Time since last: 3000343966 ns, Reaching safepoint: 135776 ns, At safepoint: 7043 ns, Total: 142819 ns
[2020-09-11T15:02:57.702+0000][1][safepoint    ] Safepoint "RevokeBias", Time since last: 128923280 ns, Reaching safepoint: 153317 ns, At safepoint: 21447 ns, Total: 174764 ns
[2020-09-11T15:02:57.702+0000][1][safepoint    ] Safepoint "RevokeBias", Time since last: 77623 ns, Reaching safepoint: 114561 ns, At safepoint: 13390 ns, Total: 127951 ns
[2020-09-11T15:02:57.702+0000][1][safepoint    ] Safepoint "RevokeBias", Time since last: 62383 ns, Reaching safepoint: 102858 ns, At safepoint: 11436 ns, Total: 114294 ns
[2020-09-11T15:02:57.707+0000][1][safepoint    ] Safepoint "RevokeBias", Time since last: 4397129 ns, Reaching safepoint: 509819 ns, At safepoint: 21942 ns, Total: 531761 ns
[2020-09-11T15:02:57.709+0000][1][safepoint    ] Safepoint "RevokeBias", Time since last: 1575983 ns, Reaching safepoint: 148226 ns, At safepoint: 18878 ns, Total: 167104 ns
[2020-09-11T15:02:57.710+0000][1][safepoint    ] Safepoint "RevokeBias", Time since last: 641928 ns, Reaching safepoint: 897316 ns, At safepoint: 16304 ns, Total: 913620 ns
[2020-09-11T15:02:57.711+0000][1][safepoint    ] Safepoint "RevokeBias", Time since last: 341953 ns, Reaching safepoint: 659686 ns, At safepoint: 15980 ns, Total: 675666 ns
[2020-09-11T15:02:57.714+0000][1][safepoint    ] Safepoint "RevokeBias", Time since last: 1967987 ns, Reaching safepoint: 773952 ns, At safepoint: 20223 ns, Total: 794175 ns
[2020-09-11T15:02:58.714+0000][1][safepoint    ] Safepoint "Cleanup", Time since last: 1000132959 ns, Reaching safepoint: 121054 ns, At safepoint: 8151 ns, Total: 129205 ns
[2020-09-11T15:02:59.715+0000][1][safepoint    ] Safepoint "Cleanup", Time since last: 1000149145 ns, Reaching safepoint: 152163 ns, At safepoint: 19856 ns, Total: 172019 ns
[2020-09-11T15:03:02.561+0000][1][safepoint    ] Safepoint "RevokeBias", Time since last: 2845077969 ns, Reaching safepoint: 1150841 ns, At safepoint: 25094 ns, Total: 1175935 ns
[2020-09-11T15:03:03.562+0000][1][safepoint    ] Safepoint "Cleanup", Time since last: 1000164023 ns, Reaching safepoint: 277095 ns, At safepoint: 13575 ns, Total: 290670 ns
[2020-09-11T15:03:06.562+0000][1][safepoint    ] Safepoint "Cleanup", Time since last: 3000460219 ns, Reaching safepoint: 107562 ns, At safepoint: 7235 ns, Total: 114797 ns
[2020-09-11T15:03:07.097+0000][1][safepoint    ] Safepoint "RevokeBias", Time since last: 534410647 ns, Reaching safepoint: 319448 ns, At safepoint: 22160 ns, Total: 341608 ns
[2020-09-11T15:03:07.107+0000][1][safepoint    ] Safepoint "RevokeBias", Time since last: 9642141 ns, Reaching safepoint: 244503 ns, At safepoint: 22212 ns, Total: 266715 ns
[2020-09-11T15:03:07.122+0000][1][safepoint    ] Safepoint "RevokeBias", Time since last: 15123964 ns, Reaching safepoint: 477567 ns, At safepoint: 27178 ns, Total: 504745 ns
[2020-09-11T15:03:07.123+0000][1][safepoint    ] Safepoint "RevokeBias", Time since last: 46350 ns, Reaching safepoint: 154054 ns, At safepoint: 11561 ns, Total: 165615 ns
[2020-09-11T15:03:07.123+0000][1][safepoint    ] Safepoint "RevokeBias", Time since last: 32649 ns, Reaching safepoint: 366514 ns, At safepoint: 11899 ns, Total: 378413 ns
[2020-09-11T15:03:07.123+0000][1][safepoint    ] Safepoint "RevokeBias", Time since last: 41277 ns, Reaching safepoint: 254625 ns, At safepoint: 14120 ns, Total: 268745 ns
[2020-09-11T15:03:07.123+0000][1][safepoint    ] Safepoint "RevokeBias", Time since last: 35770 ns, Reaching safepoint: 114846 ns, At safepoint: 11205 ns, Total: 126051 ns
[2020-09-11T15:03:07.126+0000][1][safepoint    ] Safepoint "RevokeBias", Time since last: 34081 ns, Reaching safepoint: 2337944 ns, At safepoint: 18944 ns, Total: 2356888 ns
[2020-09-11T15:03:07.126+0000][1][safepoint    ] Safepoint "RevokeBias", Time since last: 63083 ns, Reaching safepoint: 155283 ns, At safepoint: 12294 ns, Total: 167577 ns
[2020-09-11T15:03:07.126+0000][1][safepoint    ] Safepoint "RevokeBias", Time since last: 35697 ns, Reaching safepoint: 153826 ns, At safepoint: 11148 ns, Total: 164974 ns
[2020-09-11T15:03:07.126+0000][1][safepoint    ] Safepoint "RevokeBias", Time since last: 33283 ns, Reaching safepoint: 150905 ns, At safepoint: 10898 ns, Total: 161803 ns
[2020-09-11T15:03:07.127+0000][1][safepoint    ] Safepoint "RevokeBias", Time since last: 32319 ns, Reaching safepoint: 150886 ns, At safepoint: 10640 ns, Total: 161526 ns
[2020-09-11T15:03:07.127+0000][1][safepoint    ] Safepoint "RevokeBias", Time since last: 31461 ns, Reaching safepoint: 152319 ns, At safepoint: 10532 ns, Total: 162851 ns
[2020-09-11T15:03:07.128+0000][1][safepoint    ] Safepoint "RevokeBias", Time since last: 699742 ns, Reaching safepoint: 152547 ns, At safepoint: 12971 ns, Total: 165518 ns
[2020-09-11T15:03:07.128+0000][1][safepoint    ] Safepoint "RevokeBias", Time since last: 117952 ns, Reaching safepoint: 155703 ns, At safepoint: 11036 ns, Total: 166739 ns
[2020-09-11T15:03:07.128+0000][1][safepoint    ] Safepoint "RevokeBias", Time since last: 33288 ns, Reaching safepoint: 152689 ns, At safepoint: 17973 ns, Total: 170662 ns
[2020-09-11T15:03:07.129+0000][1][safepoint    ] Safepoint "RevokeBias", Time since last: 749299 ns, Reaching safepoint: 156025 ns, At safepoint: 11668 ns, Total: 167693 ns
[2020-09-11T15:03:07.129+0000][1][safepoint    ] Safepoint "RevokeBias", Time since last: 32962 ns, Reaching safepoint: 152721 ns, At safepoint: 10412 ns, Total: 163133 ns
[2020-09-11T15:03:07.130+0000][1][safepoint    ] Safepoint "RevokeBias", Time since last: 791032 ns, Reaching safepoint: 154264 ns, At safepoint: 11219 ns, Total: 165483 ns
[2020-09-11T15:03:07.159+0000][1][safepoint    ] Safepoint "RevokeBias", Time since last: 28498833 ns, Reaching safepoint: 103240 ns, At safepoint: 21465 ns, Total: 124705 ns
[2020-09-11T15:03:09.159+0000][1][safepoint    ] Safepoint "Cleanup", Time since last: 2000322517 ns, Reaching safepoint: 207001 ns, At safepoint: 16742 ns, Total: 223743 ns
[2020-09-11T15:03:13.160+0000][1][safepoint    ] Safepoint "Cleanup", Time since last: 4000573841 ns, Reaching safepoint: 170979 ns, At safepoint: 18442 ns, Total: 189421 ns
[2020-09-11T15:03:15.161+0000][1][safepoint    ] Safepoint "Cleanup", Time since last: 2000382416 ns, Reaching safepoint: 112285 ns, At safepoint: 7867 ns, Total: 120152 ns
[2020-09-11T15:03:16.161+0000][1][safepoint    ] Safepoint "Cleanup", Time since last: 1000191893 ns, Reaching safepoint: 155504 ns, At safepoint: 18946 ns, Total: 174450 ns
[2020-09-11T15:03:22.624+0000][1][gc,start     ] GC(123) Pause Young (Allocation Failure)
[2020-09-11T15:03:22.624+0000][1][gc,task      ] GC(123) Using 1 workers of 1 for evacuation
[2020-09-11T15:03:22.645+0000][1][gc,age       ] GC(123) Desired survivor size 4358144 bytes, new threshold 6 (max threshold 6)
[2020-09-11T15:03:22.645+0000][1][gc,age       ] GC(123) Age table with threshold 6 (max threshold 6)
[2020-09-11T15:03:22.645+0000][1][gc,age       ] GC(123) - age   1:     381984 bytes,     381984 total
[2020-09-11T15:03:22.645+0000][1][gc,age       ] GC(123) - age   2:      11184 bytes,     393168 total
[2020-09-11T15:03:22.645+0000][1][gc,age       ] GC(123) - age   3:       8216 bytes,     401384 total
[2020-09-11T15:03:22.645+0000][1][gc,age       ] GC(123) - age   4:       1512 bytes,     402896 total
[2020-09-11T15:03:22.645+0000][1][gc,age       ] GC(123) - age   5:       9872 bytes,     412768 total
[2020-09-11T15:03:22.645+0000][1][gc,age       ] GC(123) - age   6:       5920 bytes,     418688 total
[2020-09-11T15:03:22.645+0000][1][gc,heap      ] GC(123) ParNew: 68354K->425K(76672K)
[2020-09-11T15:03:22.645+0000][1][gc,heap      ] GC(123) CMS: 108486K->108489K(2011968K)
[2020-09-11T15:03:22.645+0000][1][gc,metaspace ] GC(123) Metaspace: 93828K->93828K(1136640K)
[2020-09-11T15:03:22.645+0000][1][gc           ] GC(123) Pause Young (Allocation Failure) 172M->106M(2039M) 21.082ms
[2020-09-11T15:03:22.645+0000][1][gc,cpu       ] GC(123) User=0.03s Sys=0.00s Real=0.02s
[2020-09-11T15:03:22.647+0000][1][safepoint    ] Safepoint "GenCollectForAllocation", Time since last: 6462314362 ns, Reaching safepoint: 167789 ns, At safepoint: 23024104 ns, Total: 23191893 ns
[2020-09-11T15:03:23.668+0000][1][safepoint    ] Safepoint "Cleanup", Time since last: 1020945153 ns, Reaching safepoint: 153846 ns, At safepoint: 18342 ns, Total: 172188 ns
[2020-09-11T15:03:24.668+0000][1][safepoint    ] Safepoint "Cleanup", Time since last: 1000175263 ns, Reaching safepoint: 154137 ns, At safepoint: 18061 ns, Total: 172198 ns
[2020-09-11T15:03:27.669+0000][1][safepoint    ] Safepoint "Cleanup", Time since last: 3000503824 ns, Reaching safepoint: 76185 ns, At safepoint: 6818 ns, Total: 83003 ns
[2020-09-11T15:03:32.670+0000][1][safepoint    ] Safepoint "Cleanup", Time since last: 5000772473 ns, Reaching safepoint: 329423 ns, At safepoint: 11390 ns, Total: 340813 ns
[2020-09-11T15:03:33.670+0000][1][safepoint    ] Safepoint "Cleanup", Time since last: 1000146102 ns, Reaching safepoint: 159222 ns, At safepoint: 19739 ns, Total: 178961 ns
[2020-09-11T15:03:35.671+0000][1][safepoint    ] Safepoint "Cleanup", Time since last: 2000339511 ns, Reaching safepoint: 139560 ns, At safepoint: 17838 ns, Total: 157398 ns
[2020-09-11T15:03:37.671+0000][1][safepoint    ] Safepoint "Cleanup", Time since last: 2000340137 ns, Reaching safepoint: 112685 ns, At safepoint: 7669 ns, Total: 120354 ns
[2020-09-11T15:03:42.676+0000][1][safepoint    ] Safepoint "Cleanup", Time since last: 5004240849 ns, Reaching safepoint: 243325 ns, At safepoint: 8065 ns, Total: 251390 ns
[2020-09-11T15:03:52.677+0000][1][safepoint    ] Safepoint "Cleanup", Time since last: 10001300759 ns, Reaching safepoint: 199382 ns, At safepoint: 7919 ns, Total: 207301 ns
[2020-09-11T15:03:53.677+0000][1][safepoint    ] Safepoint "Cleanup", Time since last: 1000125489 ns, Reaching safepoint: 136288 ns, At safepoint: 7941 ns, Total: 144229 ns
[2020-09-11T15:03:54.678+0000][1][safepoint    ] Safepoint "Cleanup", Time since last: 1000162431 ns, Reaching safepoint: 136275 ns, At safepoint: 6676 ns, Total: 142951 ns
[2020-09-11T15:03:57.678+0000][1][safepoint    ] Safepoint "Cleanup", Time since last: 3000431029 ns, Reaching safepoint: 149537 ns, At safepoint: 17761 ns, Total: 167298 ns
[2020-09-11T15:03:58.652+0000][1][gc,start     ] GC(124) Pause Young (Allocation Failure)
[2020-09-11T15:03:58.652+0000][1][gc,task      ] GC(124) Using 1 workers of 1 for evacuation
[2020-09-11T15:03:58.665+0000][1][gc,age       ] GC(124) Desired survivor size 4358144 bytes, new threshold 6 (max threshold 6)
[2020-09-11T15:03:58.665+0000][1][gc,age       ] GC(124) Age table with threshold 6 (max threshold 6)
[2020-09-11T15:03:58.665+0000][1][gc,age       ] GC(124) - age   1:      64168 bytes,      64168 total
[2020-09-11T15:03:58.665+0000][1][gc,age       ] GC(124) - age   2:      84480 bytes,     148648 total
[2020-09-11T15:03:58.665+0000][1][gc,age       ] GC(124) - age   3:       8640 bytes,     157288 total
[2020-09-11T15:03:58.665+0000][1][gc,age       ] GC(124) - age   4:       8152 bytes,     165440 total
[2020-09-11T15:03:58.665+0000][1][gc,age       ] GC(124) - age   5:       1512 bytes,     166952 total
[2020-09-11T15:03:58.665+0000][1][gc,age       ] GC(124) - age   6:       9872 bytes,     176824 total
[2020-09-11T15:03:58.665+0000][1][gc,heap      ] GC(124) ParNew: 68585K->321K(76672K)
[2020-09-11T15:03:58.665+0000][1][gc,heap      ] GC(124) CMS: 108489K->108495K(2011968K)
[2020-09-11T15:03:58.665+0000][1][gc,metaspace ] GC(124) Metaspace: 93872K->93872K(1136640K)
[2020-09-11T15:03:58.665+0000][1][gc           ] GC(124) Pause Young (Allocation Failure) 172M->106M(2039M) 13.031ms
[2020-09-11T15:03:58.665+0000][1][gc,cpu       ] GC(124) User=0.01s Sys=0.00s Real=0.02s
[2020-09-11T15:03:58.665+0000][1][safepoint    ] Safepoint "GenCollectForAllocation", Time since last: 973591882 ns, Reaching safepoint: 191625 ns, At safepoint: 13113207 ns, Total: 13304832 ns
[2020-09-11T15:03:59.670+0000][1][safepoint    ] Safepoint "Cleanup", Time since last: 1004251303 ns, Reaching safepoint: 253442 ns, At safepoint: 44990 ns, Total: 298432 ns
[2020-09-11T15:04:00.670+0000][1][safepoint    ] Safepoint "Cleanup", Time since last: 1000159319 ns, Reaching safepoint: 239062 ns, At safepoint: 17591 ns, Total: 256653 ns
[2020-09-11T15:04:01.671+0000][1][safepoint    ] Safepoint "Cleanup", Time since last: 1000191063 ns, Reaching safepoint: 266335 ns, At safepoint: 19742 ns, Total: 286077 ns
[2020-09-11T15:04:02.673+0000][1][safepoint    ] Safepoint "Cleanup", Time since last: 1001820938 ns, Reaching safepoint: 239736 ns, At safepoint: 8334 ns, Total: 248070 ns
[2020-09-11T15:04:03.674+0000][1][safepoint    ] Safepoint "Cleanup", Time since last: 1001461745 ns, Reaching safepoint: 263415 ns, At safepoint: 17086 ns, Total: 280501 ns
[2020-09-11T15:04:04.675+0000][1][safepoint    ] Safepoint "Cleanup", Time since last: 1000177522 ns, Reaching safepoint: 141963 ns, At safepoint: 16157 ns, Total: 158120 ns
[2020-09-11T15:04:05.675+0000][1][safepoint    ] Safepoint "Cleanup", Time since last: 1000171815 ns, Reaching safepoint: 143777 ns, At safepoint: 16688 ns, Total: 160465 ns
[2020-09-11T15:04:06.675+0000][1][safepoint    ] Safepoint "Cleanup", Time since last: 1000172950 ns, Reaching safepoint: 174681 ns, At safepoint: 16755 ns, Total: 191436 ns
[2020-09-11T15:04:07.676+0000][1][safepoint    ] Safepoint "Cleanup", Time since last: 1000187319 ns, Reaching safepoint: 164668 ns, At safepoint: 7758 ns, Total: 172426 ns
[2020-09-11T15:04:08.676+0000][1][safepoint    ] Safepoint "Cleanup", Time since last: 1000111901 ns, Reaching safepoint: 83778 ns, At safepoint: 6708 ns, Total: 90486 ns
[2020-09-11T15:04:09.676+0000][1][safepoint    ] Safepoint "Cleanup", Time since last: 1000168353 ns, Reaching safepoint: 154411 ns, At safepoint: 17400 ns, Total: 171811 ns
[2020-09-11T15:04:10.677+0000][1][safepoint    ] Safepoint "Cleanup", Time since last: 1000213653 ns, Reaching safepoint: 157184 ns, At safepoint: 35896 ns, Total: 193080 ns
[2020-09-11T15:04:11.677+0000][1][safepoint    ] Safepoint "Cleanup", Time since last: 1000213507 ns, Reaching safepoint: 149018 ns, At safepoint: 18302 ns, Total: 167320 ns
[2020-09-11T15:04:12.680+0000][1][safepoint    ] Safepoint "Cleanup", Time since last: 1002299635 ns, Reaching safepoint: 308180 ns, At safepoint: 10586 ns, Total: 318766 ns
[2020-09-11T15:04:13.680+0000][1][safepoint    ] Safepoint "Cleanup", Time since last: 1000140662 ns, Reaching safepoint: 152222 ns, At safepoint: 18690 ns, Total: 170912 ns
[2020-09-11T15:04:14.680+0000][1][safepoint    ] Safepoint "Cleanup", Time since last: 1000212707 ns, Reaching safepoint: 150204 ns, At safepoint: 16893 ns, Total: 167097 ns
[2020-09-11T15:04:15.681+0000][1][safepoint    ] Safepoint "Cleanup", Time since last: 1000173532 ns, Reaching safepoint: 146480 ns, At safepoint: 16535 ns, Total: 163015 ns
[2020-09-11T15:04:16.681+0000][1][safepoint    ] Safepoint "Cleanup", Time since last: 1000215452 ns, Reaching safepoint: 147699 ns, At safepoint: 17190 ns, Total: 164889 ns
[2020-09-11T15:04:17.682+0000][1][safepoint    ] Safepoint "Cleanup", Time since last: 1000197066 ns, Reaching safepoint: 150165 ns, At safepoint: 17517 ns, Total: 167682 ns
[2020-09-11T15:04:18.682+0000][1][safepoint    ] Safepoint "Cleanup", Time since last: 1000186566 ns, Reaching safepoint: 163552 ns, At safepoint: 17888 ns, Total: 181440 ns
[2020-09-11T15:04:19.682+0000][1][safepoint    ] Safepoint "Cleanup", Time since last: 1000206412 ns, Reaching safepoint: 146399 ns, At safepoint: 111703 ns, Total: 258102 ns
[2020-09-11T15:04:20.683+0000][1][safepoint    ] Safepoint "Cleanup", Time since last: 1000230615 ns, Reaching safepoint: 147235 ns, At safepoint: 16955 ns, Total: 164190 ns
[2020-09-11T15:04:21.683+0000][1][safepoint    ] Safepoint "Cleanup", Time since last: 1000208721 ns, Reaching safepoint: 155300 ns, At safepoint: 20113 ns, Total: 175413 ns
[2020-09-11T15:04:22.683+0000][1][safepoint    ] Safepoint "Cleanup", Time since last: 1000175938 ns, Reaching safepoint: 84998 ns, At safepoint: 35553 ns, Total: 120551 ns
[2020-09-11T15:04:23.684+0000][1][safepoint    ] Safepoint "Cleanup", Time since last: 1000141511 ns, Reaching safepoint: 163819 ns, At safepoint: 18867 ns, Total: 182686 ns
[2020-09-11T15:04:24.684+0000][1][safepoint    ] Safepoint "Cleanup", Time since last: 1000181728 ns, Reaching safepoint: 120346 ns, At safepoint: 15476 ns, Total: 135822 ns
[2020-09-11T15:04:25.684+0000][1][safepoint    ] Safepoint "Cleanup", Time since last: 1000192197 ns, Reaching safepoint: 123805 ns, At safepoint: 7302 ns, Total: 131107 ns
[2020-09-11T15:04:26.685+0000][1][safepoint    ] Safepoint "Cleanup", Time since last: 1000183429 ns, Reaching safepoint: 143319 ns, At safepoint: 17550 ns, Total: 160869 ns
[2020-09-11T15:04:27.685+0000][1][safepoint    ] Safepoint "Cleanup", Time since last: 1000222109 ns, Reaching safepoint: 155216 ns, At safepoint: 18212 ns, Total: 173428 ns
[2020-09-11T15:04:28.685+0000][1][safepoint    ] Safepoint "Cleanup", Time since last: 1000197261 ns, Reaching safepoint: 146059 ns, At safepoint: 17908 ns, Total: 163967 ns
[2020-09-11T15:04:29.686+0000][1][safepoint    ] Safepoint "Cleanup", Time since last: 1000178046 ns, Reaching safepoint: 147893 ns, At safepoint: 17794 ns, Total: 165687 ns
[2020-09-11T15:04:30.686+0000][1][safepoint    ] Safepoint "Cleanup", Time since last: 1000184808 ns, Reaching safepoint: 162379 ns, At safepoint: 17544 ns, Total: 179923 ns
[2020-09-11T15:04:31.687+0000][1][safepoint    ] Safepoint "Cleanup", Time since last: 1000180828 ns, Reaching safepoint: 146650 ns, At safepoint: 18539 ns, Total: 165189 ns
[2020-09-11T15:04:32.688+0000][1][safepoint    ] Safepoint "Cleanup", Time since last: 1000944694 ns, Reaching safepoint: 157437 ns, At safepoint: 6962 ns, Total: 164399 ns
[2020-09-11T15:04:33.688+0000][1][safepoint    ] Safepoint "Cleanup", Time since last: 1000189711 ns, Reaching safepoint: 113419 ns, At safepoint: 7725 ns, Total: 121144 ns
[2020-09-11T15:04:33.726+0000][1][gc,start     ] GC(125) Pause Young (Allocation Failure)
[2020-09-11T15:04:33.726+0000][1][gc,task      ] GC(125) Using 1 workers of 1 for evacuation
[2020-09-11T15:04:33.739+0000][1][gc,age       ] GC(125) Desired survivor size 4358144 bytes, new threshold 6 (max threshold 6)
[2020-09-11T15:04:33.739+0000][1][gc,age       ] GC(125) Age table with threshold 6 (max threshold 6)
[2020-09-11T15:04:33.739+0000][1][gc,age       ] GC(125) - age   1:      79328 bytes,      79328 total
[2020-09-11T15:04:33.740+0000][1][gc,age       ] GC(125) - age   2:       6944 bytes,      86272 total
[2020-09-11T15:04:33.740+0000][1][gc,age       ] GC(125) - age   3:      82856 bytes,     169128 total
[2020-09-11T15:04:33.740+0000][1][gc,age       ] GC(125) - age   4:       8640 bytes,     177768 total
[2020-09-11T15:04:33.740+0000][1][gc,age       ] GC(125) - age   5:       8120 bytes,     185888 total
[2020-09-11T15:04:33.740+0000][1][gc,age       ] GC(125) - age   6:       1512 bytes,     187400 total
[2020-09-11T15:04:33.740+0000][1][gc,heap      ] GC(125) ParNew: 68481K->290K(76672K)
[2020-09-11T15:04:33.740+0000][1][gc,heap      ] GC(125) CMS: 108495K->108505K(2011968K)
[2020-09-11T15:04:33.740+0000][1][gc,metaspace ] GC(125) Metaspace: 93964K->93964K(1136640K)
[2020-09-11T15:04:33.740+0000][1][gc           ] GC(125) Pause Young (Allocation Failure) 172M->106M(2039M) 13.639ms
[2020-09-11T15:04:33.740+0000][1][gc,cpu       ] GC(125) User=0.02s Sys=0.00s Real=0.01s
[2020-09-11T15:04:33.740+0000][1][safepoint    ] Safepoint "GenCollectForAllocation", Time since last: 37813267 ns, Reaching safepoint: 185227 ns, At safepoint: 13711345 ns, Total: 13896572 ns
[2020-09-11T15:04:34.741+0000][1][safepoint    ] Safepoint "Cleanup", Time since last: 1000942210 ns, Reaching safepoint: 71376 ns, At safepoint: 15253 ns, Total: 86629 ns
[2020-09-11T15:04:35.741+0000][1][safepoint    ] Safepoint "Cleanup", Time since last: 1000223856 ns, Reaching safepoint: 92786 ns, At safepoint: 14740 ns, Total: 107526 ns
[2020-09-11T15:04:36.741+0000][1][safepoint    ] Safepoint "Cleanup", Time since last: 1000184708 ns, Reaching safepoint: 67503 ns, At safepoint: 6048 ns, Total: 73551 ns
[2020-09-11T15:04:37.742+0000][1][safepoint    ] Safepoint "Cleanup", Time since last: 1000145514 ns, Reaching safepoint: 140939 ns, At safepoint: 16768 ns, Total: 157707 ns
[2020-09-11T15:04:38.742+0000][1][safepoint    ] Safepoint "Cleanup", Time since last: 1000183522 ns, Reaching safepoint: 233750 ns, At safepoint: 18071 ns, Total: 251821 ns
[2020-09-11T15:04:39.742+0000][1][safepoint    ] Safepoint "Cleanup", Time since last: 1000230344 ns, Reaching safepoint: 109095 ns, At safepoint: 6809 ns, Total: 115904 ns
[2020-09-11T15:04:40.743+0000][1][safepoint    ] Safepoint "Cleanup", Time since last: 1000183466 ns, Reaching safepoint: 150920 ns, At safepoint: 20767 ns, Total: 171687 ns
[2020-09-11T15:04:41.743+0000][1][safepoint    ] Safepoint "Cleanup", Time since last: 1000224503 ns, Reaching safepoint: 97944 ns, At safepoint: 6309 ns, Total: 104253 ns
[2020-09-11T15:04:42.743+0000][1][safepoint    ] Safepoint "Cleanup", Time since last: 1000186881 ns, Reaching safepoint: 226900 ns, At safepoint: 16705 ns, Total: 243605 ns
[2020-09-11T15:04:43.744+0000][1][safepoint    ] Safepoint "Cleanup", Time since last: 1000220731 ns, Reaching safepoint: 118383 ns, At safepoint: 7297 ns, Total: 125680 ns
[2020-09-11T15:04:44.744+0000][1][safepoint    ] Safepoint "Cleanup", Time since last: 1000144599 ns, Reaching safepoint: 113401 ns, At safepoint: 7324 ns, Total: 120725 ns
[2020-09-11T15:04:45.744+0000][1][safepoint    ] Safepoint "Cleanup", Time since last: 1000125415 ns, Reaching safepoint: 138327 ns, At safepoint: 5849 ns, Total: 144176 ns
[2020-09-11T15:04:46.745+0000][1][safepoint    ] Safepoint "Cleanup", Time since last: 1000175646 ns, Reaching safepoint: 100756 ns, At safepoint: 7178 ns, Total: 107934 ns
[2020-09-11T15:04:47.745+0000][1][safepoint    ] Safepoint "Cleanup", Time since last: 1000180378 ns, Reaching safepoint: 94775 ns, At safepoint: 6794 ns, Total: 101569 ns
[2020-09-11T15:04:48.745+0000][1][safepoint    ] Safepoint "Cleanup", Time since last: 1000132479 ns, Reaching safepoint: 124196 ns, At safepoint: 8484 ns, Total: 132680 ns
[2020-09-11T15:04:49.746+0000][1][safepoint    ] Safepoint "Cleanup", Time since last: 1000168319 ns, Reaching safepoint: 138488 ns, At safepoint: 16441 ns, Total: 154929 ns
[2020-09-11T15:04:50.746+0000][1][safepoint    ] Safepoint "Cleanup", Time since last: 1000156340 ns, Reaching safepoint: 147091 ns, At safepoint: 25321 ns, Total: 172412 ns
[2020-09-11T15:04:51.747+0000][1][safepoint    ] Safepoint "Cleanup", Time since last: 1001230656 ns, Reaching safepoint: 144365 ns, At safepoint: 15545 ns, Total: 159910 ns
[2020-09-11T15:04:52.749+0000][1][safepoint    ] Safepoint "Cleanup", Time since last: 1000936175 ns, Reaching safepoint: 374199 ns, At safepoint: 22395 ns, Total: 396594 ns
[2020-09-11T15:04:53.749+0000][1][safepoint    ] Safepoint "Cleanup", Time since last: 1000181132 ns, Reaching safepoint: 141906 ns, At safepoint: 21773 ns, Total: 163679 ns
[2020-09-11T15:04:54.749+0000][1][safepoint    ] Safepoint "Cleanup", Time since last: 1000228652 ns, Reaching safepoint: 141668 ns, At safepoint: 16157 ns, Total: 157825 ns
[2020-09-11T15:04:55.750+0000][1][safepoint    ] Safepoint "Cleanup", Time since last: 1000193150 ns, Reaching safepoint: 96193 ns, At safepoint: 6507 ns, Total: 102700 ns
[2020-09-11T15:04:56.750+0000][1][safepoint    ] Safepoint "Cleanup", Time since last: 1000131547 ns, Reaching safepoint: 130035 ns, At safepoint: 7079 ns, Total: 137114 ns
[2020-09-11T15:04:57.750+0000][1][safepoint    ] Safepoint "Cleanup", Time since last: 1000177357 ns, Reaching safepoint: 136860 ns, At safepoint: 17260 ns, Total: 154120 ns
[2020-09-11T15:04:58.751+0000][1][safepoint    ] Safepoint "Cleanup", Time since last: 1000201332 ns, Reaching safepoint: 144081 ns, At safepoint: 17286 ns, Total: 161367 ns
[2020-09-11T15:04:59.751+0000][1][safepoint    ] Safepoint "Cleanup", Time since last: 1000227260 ns, Reaching safepoint: 132805 ns, At safepoint: 16671 ns, Total: 149476 ns
[2020-09-11T15:05:00.751+0000][1][safepoint    ] Safepoint "Cleanup", Time since last: 1000213099 ns, Reaching safepoint: 101590 ns, At safepoint: 7175 ns, Total: 108765 ns
[2020-09-11T15:05:01.752+0000][1][safepoint    ] Safepoint "Cleanup", Time since last: 1000121293 ns, Reaching safepoint: 159981 ns, At safepoint: 16200 ns, Total: 176181 ns
[2020-09-11T15:05:02.752+0000][1][safepoint    ] Safepoint "Cleanup", Time since last: 1000161771 ns, Reaching safepoint: 157915 ns, At safepoint: 18787 ns, Total: 176702 ns
[2020-09-11T15:05:03.752+0000][1][safepoint    ] Safepoint "Cleanup", Time since last: 1000189150 ns, Reaching safepoint: 155423 ns, At safepoint: 19024 ns, Total: 174447 ns
[2020-09-11T15:05:04.753+0000][1][safepoint    ] Safepoint "Cleanup", Time since last: 1000226733 ns, Reaching safepoint: 95307 ns, At safepoint: 7081 ns, Total: 102388 ns
[2020-09-11T15:05:05.753+0000][1][safepoint    ] Safepoint "Cleanup", Time since last: 1000168490 ns, Reaching safepoint: 142744 ns, At safepoint: 16508 ns, Total: 159252 ns
[2020-09-11T15:05:06.753+0000][1][safepoint    ] Safepoint "Cleanup", Time since last: 1000190895 ns, Reaching safepoint: 119872 ns, At safepoint: 7389 ns, Total: 127261 ns
[2020-09-11T15:05:07.754+0000][1][safepoint    ] Safepoint "Cleanup", Time since last: 1000167488 ns, Reaching safepoint: 164063 ns, At safepoint: 14694 ns, Total: 178757 ns
[2020-09-11T15:05:08.754+0000][1][safepoint    ] Safepoint "Cleanup", Time since last: 1000202734 ns, Reaching safepoint: 101510 ns, At safepoint: 7425 ns, Total: 108935 ns
[2020-09-11T15:05:09.754+0000][1][safepoint    ] Safepoint "Cleanup", Time since last: 1000163165 ns, Reaching safepoint: 99861 ns, At safepoint: 6213 ns, Total: 106074 ns
[2020-09-11T15:05:10.754+0000][1][safepoint    ] Safepoint "Cleanup", Time since last: 1000127970 ns, Reaching safepoint: 112538 ns, At safepoint: 6839 ns, Total: 119377 ns
[2020-09-11T15:05:11.755+0000][1][safepoint    ] Safepoint "Cleanup", Time since last: 1000168347 ns, Reaching safepoint: 95526 ns, At safepoint: 6383 ns, Total: 101909 ns
[2020-09-11T15:05:12.755+0000][1][safepoint    ] Safepoint "Cleanup", Time since last: 1000166276 ns, Reaching safepoint: 114125 ns, At safepoint: 6768 ns, Total: 120893 ns
[2020-09-11T15:05:12.900+0000][1][gc,start     ] GC(126) Pause Young (Allocation Failure)
[2020-09-11T15:05:12.900+0000][1][gc,task      ] GC(126) Using 1 workers of 1 for evacuation
[2020-09-11T15:05:12.918+0000][1][gc,age       ] GC(126) Desired survivor size 4358144 bytes, new threshold 6 (max threshold 6)
[2020-09-11T15:05:12.918+0000][1][gc,age       ] GC(126) Age table with threshold 6 (max threshold 6)
[2020-09-11T15:05:12.918+0000][1][gc,age       ] GC(126) - age   1:     225912 bytes,     225912 total
[2020-09-11T15:05:12.918+0000][1][gc,age       ] GC(126) - age   2:      25488 bytes,     251400 total
[2020-09-11T15:05:12.918+0000][1][gc,age       ] GC(126) - age   3:       4408 bytes,     255808 total
[2020-09-11T15:05:12.918+0000][1][gc,age       ] GC(126) - age   4:      82784 bytes,     338592 total
[2020-09-11T15:05:12.918+0000][1][gc,age       ] GC(126) - age   5:       8640 bytes,     347232 total
[2020-09-11T15:05:12.918+0000][1][gc,age       ] GC(126) - age   6:       8120 bytes,     355352 total
[2020-09-11T15:05:12.918+0000][1][gc,heap      ] GC(126) ParNew: 68450K->347K(76672K)
[2020-09-11T15:05:12.918+0000][1][gc,heap      ] GC(126) CMS: 108505K->108506K(2011968K)
[2020-09-11T15:05:12.918+0000][1][gc,metaspace ] GC(126) Metaspace: 93991K->93991K(1136640K)
[2020-09-11T15:05:12.918+0000][1][gc           ] GC(126) Pause Young (Allocation Failure) 172M->106M(2039M) 18.307ms
[2020-09-11T15:05:12.918+0000][1][gc,cpu       ] GC(126) User=0.01s Sys=0.00s Real=0.02s
[2020-09-11T15:05:12.918+0000][1][safepoint    ] Safepoint "GenCollectForAllocation", Time since last: 142490170 ns, Reaching safepoint: 2072963 ns, At safepoint: 18430187 ns, Total: 20503150 ns
[2020-09-11T15:05:13.920+0000][1][safepoint    ] Safepoint "Cleanup", Time since last: 1002232791 ns, Reaching safepoint: 135267 ns, At safepoint: 16481 ns, Total: 151748 ns
[2020-09-11T15:05:14.921+0000][1][safepoint    ] Safepoint "Cleanup", Time since last: 1000237427 ns, Reaching safepoint: 143219 ns, At safepoint: 15890 ns, Total: 159109 ns
[2020-09-11T15:05:15.921+0000][1][safepoint    ] Safepoint "Cleanup", Time since last: 1000206513 ns, Reaching safepoint: 158657 ns, At safepoint: 20213 ns, Total: 178870 ns
[2020-09-11T15:05:16.921+0000][1][safepoint    ] Safepoint "Cleanup", Time since last: 1000205622 ns, Reaching safepoint: 109992 ns, At safepoint: 8506 ns, Total: 118498 ns
[2020-09-11T15:05:17.922+0000][1][safepoint    ] Safepoint "Cleanup", Time since last: 1000166113 ns, Reaching safepoint: 103078 ns, At safepoint: 9025 ns, Total: 112103 ns
[2020-09-11T15:05:18.922+0000][1][safepoint    ] Safepoint "Cleanup", Time since last: 1000169124 ns, Reaching safepoint: 110315 ns, At safepoint: 6898 ns, Total: 117213 ns
[2020-09-11T15:05:22.923+0000][1][safepoint    ] Safepoint "Cleanup", Time since last: 4000576194 ns, Reaching safepoint: 158817 ns, At safepoint: 18566 ns, Total: 177383 ns
[2020-09-11T15:05:27.924+0000][1][safepoint    ] Safepoint "Cleanup", Time since last: 5000818518 ns, Reaching safepoint: 104989 ns, At safepoint: 7612 ns, Total: 112601 ns
[2020-09-11T15:05:32.924+0000][1][safepoint    ] Safepoint "Cleanup", Time since last: 5000593668 ns, Reaching safepoint: 88870 ns, At safepoint: 10033 ns, Total: 98903 ns
[2020-09-11T15:05:33.928+0000][1][safepoint    ] Safepoint "Cleanup", Time since last: 1003031900 ns, Reaching safepoint: 248614 ns, At safepoint: 8562 ns, Total: 257176 ns
[2020-09-11T15:05:52.619+0000][1][gc,start     ] GC(127) Pause Young (Allocation Failure)
[2020-09-11T15:05:52.619+0000][1][gc,task      ] GC(127) Using 1 workers of 1 for evacuation
[2020-09-11T15:05:52.633+0000][1][gc,age       ] GC(127) Desired survivor size 4358144 bytes, new threshold 6 (max threshold 6)
[2020-09-11T15:05:52.633+0000][1][gc,age       ] GC(127) Age table with threshold 6 (max threshold 6)
[2020-09-11T15:05:52.633+0000][1][gc,age       ] GC(127) - age   1:     203168 bytes,     203168 total
[2020-09-11T15:05:52.633+0000][1][gc,age       ] GC(127) - age   2:       5680 bytes,     208848 total
[2020-09-11T15:05:52.633+0000][1][gc,age       ] GC(127) - age   3:      20304 bytes,     229152 total
[2020-09-11T15:05:52.633+0000][1][gc,age       ] GC(127) - age   4:       4288 bytes,     233440 total
[2020-09-11T15:05:52.633+0000][1][gc,age       ] GC(127) - age   5:      82784 bytes,     316224 total
[2020-09-11T15:05:52.633+0000][1][gc,age       ] GC(127) - age   6:       8640 bytes,     324864 total
[2020-09-11T15:05:52.633+0000][1][gc,heap      ] GC(127) ParNew: 68507K->607K(76672K)
[2020-09-11T15:05:52.633+0000][1][gc,heap      ] GC(127) CMS: 108506K->108514K(2011968K)
[2020-09-11T15:05:52.633+0000][1][gc,metaspace ] GC(127) Metaspace: 94013K->94013K(1136640K)
[2020-09-11T15:05:52.633+0000][1][gc           ] GC(127) Pause Young (Allocation Failure) 172M->106M(2039M) 14.278ms
[2020-09-11T15:05:52.633+0000][1][gc,cpu       ] GC(127) User=0.02s Sys=0.00s Real=0.01s
[2020-09-11T15:05:52.635+0000][1][safepoint    ] Safepoint "GenCollectForAllocation", Time since last: 18690835266 ns, Reaching safepoint: 174411 ns, At safepoint: 15952221 ns, Total: 16126632 ns
[2020-09-11T15:05:53.640+0000][1][safepoint    ] Safepoint "Cleanup", Time since last: 1004912394 ns, Reaching safepoint: 111191 ns, At safepoint: 7690 ns, Total: 118881 ns
[2020-09-11T15:06:02.641+0000][1][safepoint    ] Safepoint "Cleanup", Time since last: 9001143695 ns, Reaching safepoint: 174462 ns, At safepoint: 7801 ns, Total: 182263 ns
[2020-09-11T15:06:03.641+0000][1][safepoint    ] Safepoint "Cleanup", Time since last: 1000175155 ns, Reaching safepoint: 163759 ns, At safepoint: 19027 ns, Total: 182786 ns
[2020-09-11T15:06:08.642+0000][1][safepoint    ] Safepoint "Cleanup", Time since last: 5000786825 ns, Reaching safepoint: 107268 ns, At safepoint: 7837 ns, Total: 115105 ns
[2020-09-11T15:06:12.643+0000][1][safepoint    ] Safepoint "Cleanup", Time since last: 4000511808 ns, Reaching safepoint: 81743 ns, At safepoint: 6811 ns, Total: 88554 ns
[2020-09-11T15:06:13.643+0000][1][safepoint    ] Safepoint "Cleanup", Time since last: 1000169436 ns, Reaching safepoint: 164347 ns, At safepoint: 18105 ns, Total: 182452 ns
[2020-09-11T15:06:19.644+0000][1][safepoint    ] Safepoint "Cleanup", Time since last: 6000909315 ns, Reaching safepoint: 112925 ns, At safepoint: 8017 ns, Total: 120942 ns
[2020-09-11T15:06:22.645+0000][1][safepoint    ] Safepoint "Cleanup", Time since last: 3000403715 ns, Reaching safepoint: 199245 ns, At safepoint: 9172 ns, Total: 208417 ns
[2020-09-11T15:06:28.928+0000][1][gc,start     ] GC(128) Pause Young (Allocation Failure)
[2020-09-11T15:06:28.928+0000][1][gc,task      ] GC(128) Using 1 workers of 1 for evacuation
[2020-09-11T15:06:28.941+0000][1][gc,age       ] GC(128) Desired survivor size 4358144 bytes, new threshold 6 (max threshold 6)
[2020-09-11T15:06:28.941+0000][1][gc,age       ] GC(128) Age table with threshold 6 (max threshold 6)
[2020-09-11T15:06:28.941+0000][1][gc,age       ] GC(128) - age   1:      65176 bytes,      65176 total
[2020-09-11T15:06:28.941+0000][1][gc,age       ] GC(128) - age   2:       9752 bytes,      74928 total
[2020-09-11T15:06:28.941+0000][1][gc,age       ] GC(128) - age   3:       1680 bytes,      76608 total
[2020-09-11T15:06:28.941+0000][1][gc,age       ] GC(128) - age   4:      20304 bytes,      96912 total
[2020-09-11T15:06:28.941+0000][1][gc,age       ] GC(128) - age   5:       1808 bytes,      98720 total
[2020-09-11T15:06:28.941+0000][1][gc,age       ] GC(128) - age   6:      82784 bytes,     181504 total
[2020-09-11T15:06:28.941+0000][1][gc,heap      ] GC(128) ParNew: 68767K->194K(76672K)
[2020-09-11T15:06:28.941+0000][1][gc,heap      ] GC(128) CMS: 108514K->108523K(2011968K)
[2020-09-11T15:06:28.941+0000][1][gc,metaspace ] GC(128) Metaspace: 94045K->94045K(1136640K)
[2020-09-11T15:06:28.941+0000][1][gc           ] GC(128) Pause Young (Allocation Failure) 173M->106M(2039M) 13.259ms
[2020-09-11T15:06:28.941+0000][1][gc,cpu       ] GC(128) User=0.01s Sys=0.00s Real=0.01s
[2020-09-11T15:06:28.941+0000][1][safepoint    ] Safepoint "GenCollectForAllocation", Time since last: 6282489050 ns, Reaching safepoint: 157211 ns, At safepoint: 13369390 ns, Total: 13526601 ns
[2020-09-11T15:06:32.945+0000][1][safepoint    ] Safepoint "Cleanup", Time since last: 4003716709 ns, Reaching safepoint: 137341 ns, At safepoint: 35385 ns, Total: 172726 ns
[2020-09-11T15:06:33.945+0000][1][safepoint    ] Safepoint "Cleanup", Time since last: 1000132900 ns, Reaching safepoint: 70119 ns, At safepoint: 6923 ns, Total: 77042 ns
[2020-09-11T15:06:34.945+0000][1][safepoint    ] Safepoint "Cleanup", Time since last: 1000131614 ns, Reaching safepoint: 158119 ns, At safepoint: 17694 ns, Total: 175813 ns
[2020-09-11T15:06:35.946+0000][1][safepoint    ] Safepoint "Cleanup", Time since last: 1000210922 ns, Reaching safepoint: 132471 ns, At safepoint: 17804 ns, Total: 150275 ns
[2020-09-11T15:06:36.946+0000][1][safepoint    ] Safepoint "Cleanup", Time since last: 1000227628 ns, Reaching safepoint: 140469 ns, At safepoint: 17126 ns, Total: 157595 ns
[2020-09-11T15:06:37.946+0000][1][safepoint    ] Safepoint "Cleanup", Time since last: 1000233889 ns, Reaching safepoint: 103191 ns, At safepoint: 7457 ns, Total: 110648 ns
[2020-09-11T15:06:38.947+0000][1][safepoint    ] Safepoint "Cleanup", Time since last: 1000242134 ns, Reaching safepoint: 81025 ns, At safepoint: 6544 ns, Total: 87569 ns
[2020-09-11T15:06:39.947+0000][1][safepoint    ] Safepoint "Cleanup", Time since last: 1000186004 ns, Reaching safepoint: 114106 ns, At safepoint: 7414 ns, Total: 121520 ns
[2020-09-11T15:06:40.947+0000][1][safepoint    ] Safepoint "Cleanup", Time since last: 1000159010 ns, Reaching safepoint: 107894 ns, At safepoint: 6528 ns, Total: 114422 ns
[2020-09-11T15:06:41.948+0000][1][safepoint    ] Safepoint "Cleanup", Time since last: 1000167485 ns, Reaching safepoint: 105323 ns, At safepoint: 8519 ns, Total: 113842 ns
[2020-09-11T15:06:42.948+0000][1][safepoint    ] Safepoint "Cleanup", Time since last: 1000199449 ns, Reaching safepoint: 106201 ns, At safepoint: 6191 ns, Total: 112392 ns
[2020-09-11T15:06:43.948+0000][1][safepoint    ] Safepoint "Cleanup", Time since last: 1000157558 ns, Reaching safepoint: 151902 ns, At safepoint: 18743 ns, Total: 170645 ns
[2020-09-11T15:06:44.948+0000][1][safepoint    ] Safepoint "Cleanup", Time since last: 1000196966 ns, Reaching safepoint: 101311 ns, At safepoint: 6387 ns, Total: 107698 ns
[2020-09-11T15:06:45.949+0000][1][safepoint    ] Safepoint "Cleanup", Time since last: 1000780722 ns, Reaching safepoint: 102075 ns, At safepoint: 7694 ns, Total: 109769 ns
[2020-09-11T15:06:46.950+0000][1][safepoint    ] Safepoint "Cleanup", Time since last: 1000132119 ns, Reaching safepoint: 117282 ns, At safepoint: 6187 ns, Total: 123469 ns
[2020-09-11T15:06:47.950+0000][1][safepoint    ] Safepoint "Cleanup", Time since last: 1000190044 ns, Reaching safepoint: 104094 ns, At safepoint: 8157 ns, Total: 112251 ns
[2020-09-11T15:06:48.950+0000][1][safepoint    ] Safepoint "Cleanup", Time since last: 1000132475 ns, Reaching safepoint: 137483 ns, At safepoint: 14757 ns, Total: 152240 ns
[2020-09-11T15:06:49.951+0000][1][safepoint    ] Safepoint "Cleanup", Time since last: 1000186163 ns, Reaching safepoint: 144542 ns, At safepoint: 17280 ns, Total: 161822 ns
[2020-09-11T15:06:50.952+0000][1][safepoint    ] Safepoint "Cleanup", Time since last: 1001005239 ns, Reaching safepoint: 140189 ns, At safepoint: 16645 ns, Total: 156834 ns
[2020-09-11T15:06:51.952+0000][1][safepoint    ] Safepoint "Cleanup", Time since last: 1000219531 ns, Reaching safepoint: 152360 ns, At safepoint: 18255 ns, Total: 170615 ns
[2020-09-11T15:06:52.952+0000][1][safepoint    ] Safepoint "Cleanup", Time since last: 1000164933 ns, Reaching safepoint: 156159 ns, At safepoint: 15071 ns, Total: 171230 ns
[2020-09-11T15:06:53.953+0000][1][safepoint    ] Safepoint "Cleanup", Time since last: 1000161071 ns, Reaching safepoint: 139744 ns, At safepoint: 16173 ns, Total: 155917 ns
[2020-09-11T15:06:54.953+0000][1][safepoint    ] Safepoint "Cleanup", Time since last: 1000240641 ns, Reaching safepoint: 103791 ns, At safepoint: 6754 ns, Total: 110545 ns
[2020-09-11T15:06:55.970+0000][1][safepoint    ] Safepoint "Cleanup", Time since last: 1016451009 ns, Reaching safepoint: 144726 ns, At safepoint: 18068 ns, Total: 162794 ns
[2020-09-11T15:06:56.970+0000][1][safepoint    ] Safepoint "Cleanup", Time since last: 1000183345 ns, Reaching safepoint: 144819 ns, At safepoint: 17898 ns, Total: 162717 ns
[2020-09-11T15:06:57.970+0000][1][safepoint    ] Safepoint "Cleanup", Time since last: 1000177932 ns, Reaching safepoint: 142791 ns, At safepoint: 17123 ns, Total: 159914 ns
[2020-09-11T15:06:58.971+0000][1][safepoint    ] Safepoint "Cleanup", Time since last: 1000191072 ns, Reaching safepoint: 250588 ns, At safepoint: 20314 ns, Total: 270902 ns
[2020-09-11T15:06:59.971+0000][1][safepoint    ] Safepoint "Cleanup", Time since last: 1000198612 ns, Reaching safepoint: 139003 ns, At safepoint: 18318 ns, Total: 157321 ns
[2020-09-11T15:07:00.972+0000][1][safepoint    ] Safepoint "Cleanup", Time since last: 1001098492 ns, Reaching safepoint: 94473 ns, At safepoint: 6172 ns, Total: 100645 ns
[2020-09-11T15:07:01.973+0000][1][safepoint    ] Safepoint "Cleanup", Time since last: 1000135242 ns, Reaching safepoint: 164712 ns, At safepoint: 21105 ns, Total: 185817 ns
[2020-09-11T15:07:02.973+0000][1][safepoint    ] Safepoint "Cleanup", Time since last: 1000182443 ns, Reaching safepoint: 85242 ns, At safepoint: 8713 ns, Total: 93955 ns
[2020-09-11T15:07:03.973+0000][1][safepoint    ] Safepoint "Cleanup", Time since last: 1000175472 ns, Reaching safepoint: 106663 ns, At safepoint: 8882 ns, Total: 115545 ns
[2020-09-11T15:07:04.974+0000][1][safepoint    ] Safepoint "Cleanup", Time since last: 1000233324 ns, Reaching safepoint: 82856 ns, At safepoint: 7797 ns, Total: 90653 ns
[2020-09-11T15:07:05.975+0000][1][safepoint    ] Safepoint "Cleanup", Time since last: 1000837208 ns, Reaching safepoint: 97964 ns, At safepoint: 8318 ns, Total: 106282 ns
[2020-09-11T15:07:06.121+0000][1][gc,start     ] GC(129) Pause Young (Allocation Failure)
[2020-09-11T15:07:06.121+0000][1][gc,task      ] GC(129) Using 1 workers of 1 for evacuation
[2020-09-11T15:07:06.137+0000][1][gc,age       ] GC(129) Desired survivor size 4358144 bytes, new threshold 6 (max threshold 6)
[2020-09-11T15:07:06.137+0000][1][gc,age       ] GC(129) Age table with threshold 6 (max threshold 6)
[2020-09-11T15:07:06.137+0000][1][gc,age       ] GC(129) - age   1:     231032 bytes,     231032 total
[2020-09-11T15:07:06.137+0000][1][gc,age       ] GC(129) - age   2:       7624 bytes,     238656 total
[2020-09-11T15:07:06.137+0000][1][gc,age       ] GC(129) - age   3:       8512 bytes,     247168 total
[2020-09-11T15:07:06.137+0000][1][gc,age       ] GC(129) - age   4:       1680 bytes,     248848 total
[2020-09-11T15:07:06.137+0000][1][gc,age       ] GC(129) - age   5:      20304 bytes,     269152 total
[2020-09-11T15:07:06.137+0000][1][gc,age       ] GC(129) - age   6:       1808 bytes,     270960 total
[2020-09-11T15:07:06.137+0000][1][gc,heap      ] GC(129) ParNew: 68354K->363K(76672K)
[2020-09-11T15:07:06.137+0000][1][gc,heap      ] GC(129) CMS: 108523K->108605K(2011968K)
[2020-09-11T15:07:06.138+0000][1][gc,metaspace ] GC(129) Metaspace: 94088K->94088K(1136640K)
[2020-09-11T15:07:06.138+0000][1][gc           ] GC(129) Pause Young (Allocation Failure) 172M->106M(2039M) 16.551ms
[2020-09-11T15:07:06.138+0000][1][gc,cpu       ] GC(129) User=0.02s Sys=0.00s Real=0.02s
[2020-09-11T15:07:06.139+0000][1][safepoint    ] Safepoint "GenCollectForAllocation", Time since last: 145731947 ns, Reaching safepoint: 632889 ns, At safepoint: 18054402 ns, Total: 18687291 ns
[2020-09-11T15:07:07.141+0000][1][safepoint    ] Safepoint "Cleanup", Time since last: 1001869558 ns, Reaching safepoint: 66125 ns, At safepoint: 16263 ns, Total: 82388 ns
[2020-09-11T15:07:08.141+0000][1][safepoint    ] Safepoint "Cleanup", Time since last: 1000136070 ns, Reaching safepoint: 124843 ns, At safepoint: 14297 ns, Total: 139140 ns
[2020-09-11T15:07:09.142+0000][1][safepoint    ] Safepoint "Cleanup", Time since last: 1000115205 ns, Reaching safepoint: 238358 ns, At safepoint: 7781 ns, Total: 246139 ns
[2020-09-11T15:07:10.142+0000][1][safepoint    ] Safepoint "Cleanup", Time since last: 1000175523 ns, Reaching safepoint: 102491 ns, At safepoint: 6637 ns, Total: 109128 ns
[2020-09-11T15:07:11.142+0000][1][safepoint    ] Safepoint "Cleanup", Time since last: 1000194708 ns, Reaching safepoint: 92475 ns, At safepoint: 7362 ns, Total: 99837 ns
[2020-09-11T15:07:12.144+0000][1][safepoint    ] Safepoint "Cleanup", Time since last: 1002083126 ns, Reaching safepoint: 142072 ns, At safepoint: 7729 ns, Total: 149801 ns
[2020-09-11T15:07:13.145+0000][1][safepoint    ] Safepoint "Cleanup", Time since last: 1000179529 ns, Reaching safepoint: 140425 ns, At safepoint: 18336 ns, Total: 158761 ns
[2020-09-11T15:07:14.145+0000][1][safepoint    ] Safepoint "Cleanup", Time since last: 1000217923 ns, Reaching safepoint: 135040 ns, At safepoint: 16497 ns, Total: 151537 ns
[2020-09-11T15:07:15.146+0000][1][safepoint    ] Safepoint "Cleanup", Time since last: 1001047490 ns, Reaching safepoint: 75944 ns, At safepoint: 6446 ns, Total: 82390 ns
[2020-09-11T15:07:16.164+0000][1][safepoint    ] Safepoint "Cleanup", Time since last: 1018034620 ns, Reaching safepoint: 119549 ns, At safepoint: 6357 ns, Total: 125906 ns
[2020-09-11T15:07:17.165+0000][1][safepoint    ] Safepoint "Cleanup", Time since last: 1000149790 ns, Reaching safepoint: 139687 ns, At safepoint: 18051 ns, Total: 157738 ns
[2020-09-11T15:07:18.165+0000][1][safepoint    ] Safepoint "Cleanup", Time since last: 1000216975 ns, Reaching safepoint: 101032 ns, At safepoint: 8158 ns, Total: 109190 ns
[2020-09-11T15:07:19.165+0000][1][safepoint    ] Safepoint "Cleanup", Time since last: 1000177552 ns, Reaching safepoint: 134188 ns, At safepoint: 17327 ns, Total: 151515 ns
[2020-09-11T15:07:20.166+0000][1][safepoint    ] Safepoint "Cleanup", Time since last: 1000210888 ns, Reaching safepoint: 108182 ns, At safepoint: 6755 ns, Total: 114937 ns
[2020-09-11T15:07:23.167+0000][1][safepoint    ] Safepoint "Cleanup", Time since last: 3001144464 ns, Reaching safepoint: 156412 ns, At safepoint: 18128 ns, Total: 174540 ns
[2020-09-11T15:07:33.170+0000][1][safepoint    ] Safepoint "Cleanup", Time since last: 10003115191 ns, Reaching safepoint: 145604 ns, At safepoint: 18803 ns, Total: 164407 ns
[2020-09-11T15:07:38.171+0000][1][safepoint    ] Safepoint "Cleanup", Time since last: 5000744075 ns, Reaching safepoint: 106387 ns, At safepoint: 6330 ns, Total: 112717 ns
[2020-09-11T15:07:41.172+0000][1][safepoint    ] Safepoint "Cleanup", Time since last: 3000477271 ns, Reaching safepoint: 103531 ns, At safepoint: 8061 ns, Total: 111592 ns
[2020-09-11T15:07:42.172+0000][1][safepoint    ] Safepoint "Cleanup", Time since last: 1000154088 ns, Reaching safepoint: 110817 ns, At safepoint: 6174 ns, Total: 116991 ns
[2020-09-11T15:07:43.172+0000][1][safepoint    ] Safepoint "Cleanup", Time since last: 1000139360 ns, Reaching safepoint: 144658 ns, At safepoint: 17033 ns, Total: 161691 ns
[2020-09-11T15:07:44.040+0000][1][gc,start     ] GC(130) Pause Young (Allocation Failure)
[2020-09-11T15:07:44.040+0000][1][gc,task      ] GC(130) Using 1 workers of 1 for evacuation
[2020-09-11T15:07:44.057+0000][1][gc,age       ] GC(130) Desired survivor size 4358144 bytes, new threshold 6 (max threshold 6)
[2020-09-11T15:07:44.057+0000][1][gc,age       ] GC(130) Age table with threshold 6 (max threshold 6)
[2020-09-11T15:07:44.057+0000][1][gc,age       ] GC(130) - age   1:      58928 bytes,      58928 total
[2020-09-11T15:07:44.057+0000][1][gc,age       ] GC(130) - age   2:       7408 bytes,      66336 total
[2020-09-11T15:07:44.057+0000][1][gc,age       ] GC(130) - age   3:       3616 bytes,      69952 total
[2020-09-11T15:07:44.057+0000][1][gc,age       ] GC(130) - age   4:       8488 bytes,      78440 total
[2020-09-11T15:07:44.057+0000][1][gc,age       ] GC(130) - age   5:       1680 bytes,      80120 total
[2020-09-11T15:07:44.057+0000][1][gc,age       ] GC(130) - age   6:      20304 bytes,     100424 total
[2020-09-11T15:07:44.057+0000][1][gc,heap      ] GC(130) ParNew: 68523K->243K(76672K)
[2020-09-11T15:07:44.057+0000][1][gc,heap      ] GC(130) CMS: 108605K->108607K(2011968K)
[2020-09-11T15:07:44.057+0000][1][gc,metaspace ] GC(130) Metaspace: 94108K->94108K(1136640K)
[2020-09-11T15:07:44.057+0000][1][gc           ] GC(130) Pause Young (Allocation Failure) 172M->106M(2039M) 17.626ms
[2020-09-11T15:07:44.057+0000][1][gc,cpu       ] GC(130) User=0.02s Sys=0.00s Real=0.02s
[2020-09-11T15:07:44.057+0000][1][safepoint    ] Safepoint "GenCollectForAllocation", Time since last: 866966858 ns, Reaching safepoint: 263746 ns, At safepoint: 17703948 ns, Total: 17967694 ns
[2020-09-11T15:07:44.353+0000][1][safepoint    ] Safepoint "RevokeBias", Time since last: 295158597 ns, Reaching safepoint: 212176 ns, At safepoint: 32342 ns, Total: 244518 ns
[2020-09-11T15:07:45.353+0000][1][safepoint    ] Safepoint "Cleanup", Time since last: 1000281078 ns, Reaching safepoint: 100884 ns, At safepoint: 19453 ns, Total: 120337 ns
[2020-09-11T15:07:46.353+0000][1][safepoint    ] Safepoint "Cleanup", Time since last: 1000295954 ns, Reaching safepoint: 102843 ns, At safepoint: 20486 ns, Total: 123329 ns
[2020-09-11T15:07:47.354+0000][1][safepoint    ] Safepoint "Cleanup", Time since last: 1000177297 ns, Reaching safepoint: 145650 ns, At safepoint: 18366 ns, Total: 164016 ns
[2020-09-11T15:07:48.354+0000][1][safepoint    ] Safepoint "Cleanup", Time since last: 1000245046 ns, Reaching safepoint: 135892 ns, At safepoint: 17269 ns, Total: 153161 ns
[2020-09-11T15:07:49.355+0000][1][safepoint    ] Safepoint "Cleanup", Time since last: 1000223180 ns, Reaching safepoint: 97498 ns, At safepoint: 6815 ns, Total: 104313 ns
[2020-09-11T15:07:50.355+0000][1][safepoint    ] Safepoint "Cleanup", Time since last: 1000185775 ns, Reaching safepoint: 103423 ns, At safepoint: 7055 ns, Total: 110478 ns
[2020-09-11T15:07:51.355+0000][1][safepoint    ] Safepoint "Cleanup", Time since last: 1000213267 ns, Reaching safepoint: 140145 ns, At safepoint: 17386 ns, Total: 157531 ns
[2020-09-11T15:07:52.356+0000][1][safepoint    ] Safepoint "Cleanup", Time since last: 1000239382 ns, Reaching safepoint: 96351 ns, At safepoint: 7422 ns, Total: 103773 ns
[2020-09-11T15:07:53.356+0000][1][safepoint    ] Safepoint "Cleanup", Time since last: 1000155066 ns, Reaching safepoint: 153182 ns, At safepoint: 19257 ns, Total: 172439 ns
[2020-09-11T15:07:54.356+0000][1][safepoint    ] Safepoint "Cleanup", Time since last: 1000216364 ns, Reaching safepoint: 140148 ns, At safepoint: 18690 ns, Total: 158838 ns
[2020-09-11T15:07:55.357+0000][1][safepoint    ] Safepoint "Cleanup", Time since last: 1000237493 ns, Reaching safepoint: 99206 ns, At safepoint: 7546 ns, Total: 106752 ns
[2020-09-11T15:07:56.357+0000][1][safepoint    ] Safepoint "Cleanup", Time since last: 1000176712 ns, Reaching safepoint: 138702 ns, At safepoint: 18974 ns, Total: 157676 ns
[2020-09-11T15:07:57.358+0000][1][safepoint    ] Safepoint "Cleanup", Time since last: 1001011730 ns, Reaching safepoint: 81376 ns, At safepoint: 6518 ns, Total: 87894 ns
[2020-09-11T15:07:58.011+0000][1][safepoint    ] Safepoint "RevokeBias", Time since last: 653092025 ns, Reaching safepoint: 145026 ns, At safepoint: 43931 ns, Total: 188957 ns
[2020-09-11T15:07:59.012+0000][1][safepoint    ] Safepoint "Cleanup", Time since last: 1000299439 ns, Reaching safepoint: 159379 ns, At safepoint: 19568 ns, Total: 178947 ns
[2020-09-11T15:08:00.012+0000][1][safepoint    ] Safepoint "Cleanup", Time since last: 1000215804 ns, Reaching safepoint: 150365 ns, At safepoint: 17978 ns, Total: 168343 ns
[2020-09-11T15:08:01.013+0000][1][safepoint    ] Safepoint "Cleanup", Time since last: 1000182810 ns, Reaching safepoint: 152824 ns, At safepoint: 18396 ns, Total: 171220 ns
[2020-09-11T15:08:02.013+0000][1][safepoint    ] Safepoint "Cleanup", Time since last: 1000199197 ns, Reaching safepoint: 150896 ns, At safepoint: 17460 ns, Total: 168356 ns
[2020-09-11T15:08:03.013+0000][1][safepoint    ] Safepoint "Cleanup", Time since last: 1000232334 ns, Reaching safepoint: 163973 ns, At safepoint: 18690 ns, Total: 182663 ns
[2020-09-11T15:08:04.014+0000][1][safepoint    ] Safepoint "Cleanup", Time since last: 1000171354 ns, Reaching safepoint: 76029 ns, At safepoint: 7727 ns, Total: 83756 ns
[2020-09-11T15:08:12.015+0000][1][safepoint    ] Safepoint "Cleanup", Time since last: 8001181340 ns, Reaching safepoint: 156252 ns, At safepoint: 18342 ns, Total: 174594 ns
[2020-09-11T15:08:14.016+0000][1][safepoint    ] Safepoint "Cleanup", Time since last: 2000342976 ns, Reaching safepoint: 343071 ns, At safepoint: 22966 ns, Total: 366037 ns
[2020-09-11T15:08:17.016+0000][1][safepoint    ] Safepoint "Cleanup", Time since last: 3000503120 ns, Reaching safepoint: 153960 ns, At safepoint: 18105 ns, Total: 172065 ns
[2020-09-11T15:08:20.017+0000][1][safepoint    ] Safepoint "Cleanup", Time since last: 3000531532 ns, Reaching safepoint: 153967 ns, At safepoint: 18452 ns, Total: 172419 ns
[2020-09-11T15:08:22.635+0000][1][gc,start     ] GC(131) Pause Young (Allocation Failure)
[2020-09-11T15:08:22.635+0000][1][gc,task      ] GC(131) Using 1 workers of 1 for evacuation
[2020-09-11T15:08:22.649+0000][1][gc,age       ] GC(131) Desired survivor size 4358144 bytes, new threshold 6 (max threshold 6)
[2020-09-11T15:08:22.649+0000][1][gc,age       ] GC(131) Age table with threshold 6 (max threshold 6)
[2020-09-11T15:08:22.649+0000][1][gc,age       ] GC(131) - age   1:     197904 bytes,     197904 total
[2020-09-11T15:08:22.649+0000][1][gc,age       ] GC(131) - age   2:       5232 bytes,     203136 total
[2020-09-11T15:08:22.649+0000][1][gc,age       ] GC(131) - age   3:       3688 bytes,     206824 total
[2020-09-11T15:08:22.649+0000][1][gc,age       ] GC(131) - age   4:       3616 bytes,     210440 total
[2020-09-11T15:08:22.649+0000][1][gc,age       ] GC(131) - age   5:       8488 bytes,     218928 total
[2020-09-11T15:08:22.649+0000][1][gc,age       ] GC(131) - age   6:       1640 bytes,     220568 total
[2020-09-11T15:08:22.649+0000][1][gc,heap      ] GC(131) ParNew: 68403K->293K(76672K)
[2020-09-11T15:08:22.649+0000][1][gc,heap      ] GC(131) CMS: 108607K->108627K(2011968K)
[2020-09-11T15:08:22.649+0000][1][gc,metaspace ] GC(131) Metaspace: 94151K->94151K(1136640K)
[2020-09-11T15:08:22.649+0000][1][gc           ] GC(131) Pause Young (Allocation Failure) 172M->106M(2039M) 14.438ms
[2020-09-11T15:08:22.649+0000][1][gc,cpu       ] GC(131) User=0.02s Sys=0.00s Real=0.02s
[2020-09-11T15:08:22.651+0000][1][safepoint    ] Safepoint "GenCollectForAllocation", Time since last: 2617299368 ns, Reaching safepoint: 205198 ns, At safepoint: 16124166 ns, Total: 16329364 ns
[2020-09-11T15:08:23.659+0000][1][safepoint    ] Safepoint "Cleanup", Time since last: 1007772035 ns, Reaching safepoint: 99839 ns, At safepoint: 7330 ns, Total: 107169 ns
[2020-09-11T15:08:32.662+0000][1][safepoint    ] Safepoint "Cleanup", Time since last: 9002913285 ns, Reaching safepoint: 142158 ns, At safepoint: 7569 ns, Total: 149727 ns
[2020-09-11T15:08:42.667+0000][1][safepoint    ] Safepoint "Cleanup", Time since last: 10004749558 ns, Reaching safepoint: 243637 ns, At safepoint: 9665 ns, Total: 253302 ns
[2020-09-11T15:08:50.668+0000][1][safepoint    ] Safepoint "Cleanup", Time since last: 8001086150 ns, Reaching safepoint: 171053 ns, At safepoint: 18709 ns, Total: 189762 ns
[2020-09-11T15:08:59.195+0000][1][gc,start     ] GC(132) Pause Young (Allocation Failure)
[2020-09-11T15:08:59.195+0000][1][gc,task      ] GC(132) Using 1 workers of 1 for evacuation
[2020-09-11T15:08:59.210+0000][1][gc,age       ] GC(132) Desired survivor size 4358144 bytes, new threshold 6 (max threshold 6)
[2020-09-11T15:08:59.210+0000][1][gc,age       ] GC(132) Age table with threshold 6 (max threshold 6)
[2020-09-11T15:08:59.210+0000][1][gc,age       ] GC(132) - age   1:      59512 bytes,      59512 total
[2020-09-11T15:08:59.210+0000][1][gc,age       ] GC(132) - age   2:       1248 bytes,      60760 total
[2020-09-11T15:08:59.210+0000][1][gc,age       ] GC(132) - age   3:       1416 bytes,      62176 total
[2020-09-11T15:08:59.210+0000][1][gc,age       ] GC(132) - age   4:       3656 bytes,      65832 total
[2020-09-11T15:08:59.210+0000][1][gc,age       ] GC(132) - age   5:       3584 bytes,      69416 total
[2020-09-11T15:08:59.210+0000][1][gc,age       ] GC(132) - age   6:       8488 bytes,      77904 total
[2020-09-11T15:08:59.210+0000][1][gc,heap      ] GC(132) ParNew: 68453K->185K(76672K)
[2020-09-11T15:08:59.210+0000][1][gc,heap      ] GC(132) CMS: 108627K->108628K(2011968K)
[2020-09-11T15:08:59.210+0000][1][gc,metaspace ] GC(132) Metaspace: 94172K->94172K(1136640K)
[2020-09-11T15:08:59.210+0000][1][gc           ] GC(132) Pause Young (Allocation Failure) 172M->106M(2039M) 15.136ms
[2020-09-11T15:08:59.210+0000][1][gc,cpu       ] GC(132) User=0.01s Sys=0.00s Real=0.02s
[2020-09-11T15:08:59.210+0000][1][safepoint    ] Safepoint "GenCollectForAllocation", Time since last: 8527112071 ns, Reaching safepoint: 247715 ns, At safepoint: 15265874 ns, Total: 15513589 ns
[2020-09-11T15:09:03.211+0000][1][safepoint    ] Safepoint "Cleanup", Time since last: 4000731198 ns, Reaching safepoint: 216093 ns, At safepoint: 15118 ns, Total: 231211 ns
[2020-09-11T15:09:04.212+0000][1][safepoint    ] Safepoint "Cleanup", Time since last: 1000178652 ns, Reaching safepoint: 121575 ns, At safepoint: 6558 ns, Total: 128133 ns
[2020-09-11T15:09:05.212+0000][1][safepoint    ] Safepoint "Cleanup", Time since last: 1000181812 ns, Reaching safepoint: 94509 ns, At safepoint: 6286 ns, Total: 100795 ns
[2020-09-11T15:09:06.212+0000][1][safepoint    ] Safepoint "Cleanup", Time since last: 1000166949 ns, Reaching safepoint: 95040 ns, At safepoint: 7429 ns, Total: 102469 ns
[2020-09-11T15:09:07.213+0000][1][safepoint    ] Safepoint "Cleanup", Time since last: 1000175394 ns, Reaching safepoint: 96762 ns, At safepoint: 6439 ns, Total: 103201 ns
[2020-09-11T15:09:08.213+0000][1][safepoint    ] Safepoint "Cleanup", Time since last: 1000186971 ns, Reaching safepoint: 95185 ns, At safepoint: 7181 ns, Total: 102366 ns
[2020-09-11T15:09:09.213+0000][1][safepoint    ] Safepoint "Cleanup", Time since last: 1000183289 ns, Reaching safepoint: 95776 ns, At safepoint: 6156 ns, Total: 101932 ns
[2020-09-11T15:09:10.213+0000][1][safepoint    ] Safepoint "Cleanup", Time since last: 1000178297 ns, Reaching safepoint: 98468 ns, At safepoint: 7269 ns, Total: 105737 ns
[2020-09-11T15:09:11.214+0000][1][safepoint    ] Safepoint "Cleanup", Time since last: 1000169702 ns, Reaching safepoint: 106459 ns, At safepoint: 6314 ns, Total: 112773 ns
[2020-09-11T15:09:12.214+0000][1][safepoint    ] Safepoint "Cleanup", Time since last: 1000139498 ns, Reaching safepoint: 137883 ns, At safepoint: 16037 ns, Total: 153920 ns
[2020-09-11T15:09:13.214+0000][1][safepoint    ] Safepoint "Cleanup", Time since last: 1000275728 ns, Reaching safepoint: 71692 ns, At safepoint: 5412 ns, Total: 77104 ns
[2020-09-11T15:09:14.215+0000][1][safepoint    ] Safepoint "Cleanup", Time since last: 1000172718 ns, Reaching safepoint: 99679 ns, At safepoint: 7252 ns, Total: 106931 ns
[2020-09-11T15:09:15.215+0000][1][safepoint    ] Safepoint "Cleanup", Time since last: 1000181087 ns, Reaching safepoint: 137927 ns, At safepoint: 16137 ns, Total: 154064 ns
[2020-09-11T15:09:16.215+0000][1][safepoint    ] Safepoint "Cleanup", Time since last: 1000177175 ns, Reaching safepoint: 154110 ns, At safepoint: 13568 ns, Total: 167678 ns
[2020-09-11T15:09:17.216+0000][1][safepoint    ] Safepoint "Cleanup", Time since last: 1000220833 ns, Reaching safepoint: 163051 ns, At safepoint: 14680 ns, Total: 177731 ns
[2020-09-11T15:09:18.216+0000][1][safepoint    ] Safepoint "Cleanup", Time since last: 1000216788 ns, Reaching safepoint: 157993 ns, At safepoint: 15462 ns, Total: 173455 ns
[2020-09-11T15:09:19.217+0000][1][safepoint    ] Safepoint "Cleanup", Time since last: 1000159903 ns, Reaching safepoint: 232874 ns, At safepoint: 17798 ns, Total: 250672 ns
[2020-09-11T15:09:20.217+0000][1][safepoint    ] Safepoint "Cleanup", Time since last: 1000222543 ns, Reaching safepoint: 159763 ns, At safepoint: 14978 ns, Total: 174741 ns
[2020-09-11T15:09:21.217+0000][1][safepoint    ] Safepoint "Cleanup", Time since last: 1000232184 ns, Reaching safepoint: 136283 ns, At safepoint: 16133 ns, Total: 152416 ns
[2020-09-11T15:09:22.218+0000][1][safepoint    ] Safepoint "Cleanup", Time since last: 1000226212 ns, Reaching safepoint: 144963 ns, At safepoint: 18048 ns, Total: 163011 ns
[2020-09-11T15:09:23.218+0000][1][safepoint    ] Safepoint "Cleanup", Time since last: 1000219824 ns, Reaching safepoint: 144441 ns, At safepoint: 17237 ns, Total: 161678 ns
[2020-09-11T15:09:24.218+0000][1][safepoint    ] Safepoint "Cleanup", Time since last: 1000211413 ns, Reaching safepoint: 142430 ns, At safepoint: 17744 ns, Total: 160174 ns
[2020-09-11T15:09:25.219+0000][1][safepoint    ] Safepoint "Cleanup", Time since last: 1000242317 ns, Reaching safepoint: 141211 ns, At safepoint: 17129 ns, Total: 158340 ns
[2020-09-11T15:09:26.219+0000][1][safepoint    ] Safepoint "Cleanup", Time since last: 1000242504 ns, Reaching safepoint: 104867 ns, At safepoint: 7098 ns, Total: 111965 ns
[2020-09-11T15:09:27.220+0000][1][safepoint    ] Safepoint "Cleanup", Time since last: 1000184728 ns, Reaching safepoint: 104550 ns, At safepoint: 6762 ns, Total: 111312 ns
[2020-09-11T15:09:28.220+0000][1][safepoint    ] Safepoint "Cleanup", Time since last: 1000177059 ns, Reaching safepoint: 204857 ns, At safepoint: 18866 ns, Total: 223723 ns
[2020-09-11T15:09:29.220+0000][1][safepoint    ] Safepoint "Cleanup", Time since last: 1000230339 ns, Reaching safepoint: 106450 ns, At safepoint: 6539 ns, Total: 112989 ns
[2020-09-11T15:09:30.221+0000][1][safepoint    ] Safepoint "Cleanup", Time since last: 1000186326 ns, Reaching safepoint: 104504 ns, At safepoint: 7197 ns, Total: 111701 ns
[2020-09-11T15:09:31.221+0000][1][safepoint    ] Safepoint "Cleanup", Time since last: 1000145596 ns, Reaching safepoint: 146333 ns, At safepoint: 17837 ns, Total: 164170 ns
[2020-09-11T15:09:32.221+0000][1][safepoint    ] Safepoint "Cleanup", Time since last: 1000218349 ns, Reaching safepoint: 93972 ns, At safepoint: 8113 ns, Total: 102085 ns
[2020-09-11T15:09:33.222+0000][1][safepoint    ] Safepoint "Cleanup", Time since last: 1000150425 ns, Reaching safepoint: 155012 ns, At safepoint: 17066 ns, Total: 172078 ns
[2020-09-11T15:09:35.222+0000][1][safepoint    ] Safepoint "Cleanup", Time since last: 2000319301 ns, Reaching safepoint: 168591 ns, At safepoint: 15803 ns, Total: 184394 ns
[2020-09-11T15:09:38.477+0000][1][gc,start     ] GC(133) Pause Young (Allocation Failure)
[2020-09-11T15:09:38.477+0000][1][gc,task      ] GC(133) Using 1 workers of 1 for evacuation
[2020-09-11T15:09:38.490+0000][1][gc,age       ] GC(133) Desired survivor size 4358144 bytes, new threshold 6 (max threshold 6)
[2020-09-11T15:09:38.490+0000][1][gc,age       ] GC(133) Age table with threshold 6 (max threshold 6)
[2020-09-11T15:09:38.490+0000][1][gc,age       ] GC(133) - age   1:      66072 bytes,      66072 total
[2020-09-11T15:09:38.490+0000][1][gc,age       ] GC(133) - age   2:       3784 bytes,      69856 total
[2020-09-11T15:09:38.490+0000][1][gc,age       ] GC(133) - age   3:        928 bytes,      70784 total
[2020-09-11T15:09:38.490+0000][1][gc,age       ] GC(133) - age   4:       1392 bytes,      72176 total
[2020-09-11T15:09:38.490+0000][1][gc,age       ] GC(133) - age   5:       3656 bytes,      75832 total
[2020-09-11T15:09:38.490+0000][1][gc,age       ] GC(133) - age   6:       3584 bytes,      79416 total
[2020-09-11T15:09:38.490+0000][1][gc,heap      ] GC(133) ParNew: 68345K->150K(76672K)
[2020-09-11T15:09:38.490+0000][1][gc,heap      ] GC(133) CMS: 108628K->108637K(2011968K)
[2020-09-11T15:09:38.490+0000][1][gc,metaspace ] GC(133) Metaspace: 94190K->94190K(1136640K)
[2020-09-11T15:09:38.490+0000][1][gc           ] GC(133) Pause Young (Allocation Failure) 172M->106M(2039M) 12.635ms
[2020-09-11T15:09:38.490+0000][1][gc,cpu       ] GC(133) User=0.01s Sys=0.00s Real=0.01s
[2020-09-11T15:09:38.490+0000][1][safepoint    ] Safepoint "GenCollectForAllocation", Time since last: 3254850294 ns, Reaching safepoint: 260246 ns, At safepoint: 12709724 ns, Total: 12969970 ns
[2020-09-11T15:09:53.496+0000][1][safepoint    ] Safepoint "Cleanup", Time since last: 15006379185 ns, Reaching safepoint: 202592 ns, At safepoint: 21022 ns, Total: 223614 ns
[2020-09-11T15:10:03.498+0000][1][safepoint    ] Safepoint "Cleanup", Time since last: 10001433767 ns, Reaching safepoint: 131428 ns, At safepoint: 6957 ns, Total: 138385 ns
[2020-09-11T15:10:05.498+0000][1][safepoint    ] Safepoint "Cleanup", Time since last: 2000282528 ns, Reaching safepoint: 106819 ns, At safepoint: 8526 ns, Total: 115345 ns
[2020-09-11T15:10:13.500+0000][1][safepoint    ] Safepoint "Cleanup", Time since last: 8001016574 ns, Reaching safepoint: 153779 ns, At safepoint: 19231 ns, Total: 173010 ns
[2020-09-11T15:10:14.305+0000][1][gc,start     ] GC(134) Pause Young (Allocation Failure)
[2020-09-11T15:10:14.305+0000][1][gc,task      ] GC(134) Using 1 workers of 1 for evacuation
[2020-09-11T15:10:14.317+0000][1][gc,age       ] GC(134) Desired survivor size 4358144 bytes, new threshold 6 (max threshold 6)
[2020-09-11T15:10:14.317+0000][1][gc,age       ] GC(134) Age table with threshold 6 (max threshold 6)
[2020-09-11T15:10:14.317+0000][1][gc,age       ] GC(134) - age   1:      58032 bytes,      58032 total
[2020-09-11T15:10:14.317+0000][1][gc,age       ] GC(134) - age   2:       5384 bytes,      63416 total
[2020-09-11T15:10:14.317+0000][1][gc,age       ] GC(134) - age   3:         32 bytes,      63448 total
[2020-09-11T15:10:14.317+0000][1][gc,age       ] GC(134) - age   4:        896 bytes,      64344 total
[2020-09-11T15:10:14.317+0000][1][gc,age       ] GC(134) - age   5:       1392 bytes,      65736 total
[2020-09-11T15:10:14.317+0000][1][gc,age       ] GC(134) - age   6:       3656 bytes,      69392 total
[2020-09-11T15:10:14.317+0000][1][gc,heap      ] GC(134) ParNew: 68310K->95K(76672K)
[2020-09-11T15:10:14.317+0000][1][gc,heap      ] GC(134) CMS: 108637K->108640K(2011968K)
[2020-09-11T15:10:14.317+0000][1][gc,metaspace ] GC(134) Metaspace: 94253K->94253K(1136640K)
[2020-09-11T15:10:14.317+0000][1][gc           ] GC(134) Pause Young (Allocation Failure) 172M->106M(2039M) 12.986ms
[2020-09-11T15:10:14.318+0000][1][gc,cpu       ] GC(134) User=0.01s Sys=0.00s Real=0.01s
[2020-09-11T15:10:14.318+0000][1][safepoint    ] Safepoint "GenCollectForAllocation", Time since last: 804694269 ns, Reaching safepoint: 190600 ns, At safepoint: 13119376 ns, Total: 13309976 ns
[2020-09-11T15:10:23.322+0000][1][safepoint    ] Safepoint "Cleanup", Time since last: 9003567076 ns, Reaching safepoint: 351977 ns, At safepoint: 20377 ns, Total: 372354 ns
[2020-09-11T15:10:25.322+0000][1][safepoint    ] Safepoint "Cleanup", Time since last: 2000354388 ns, Reaching safepoint: 108689 ns, At safepoint: 7065 ns, Total: 115754 ns
[2020-09-11T15:10:33.323+0000][1][safepoint    ] Safepoint "Cleanup", Time since last: 8001106653 ns, Reaching safepoint: 148104 ns, At safepoint: 17767 ns, Total: 165871 ns
[2020-09-11T15:10:34.324+0000][1][safepoint    ] Safepoint "Cleanup", Time since last: 1000228173 ns, Reaching safepoint: 105161 ns, At safepoint: 6373 ns, Total: 111534 ns
[2020-09-11T15:10:43.325+0000][1][safepoint    ] Safepoint "Cleanup", Time since last: 9001130388 ns, Reaching safepoint: 150201 ns, At safepoint: 18152 ns, Total: 168353 ns
[2020-09-11T15:10:44.325+0000][1][safepoint    ] Safepoint "Cleanup", Time since last: 1000207762 ns, Reaching safepoint: 154589 ns, At safepoint: 17800 ns, Total: 172389 ns
[2020-09-11T15:10:49.372+0000][1][safepoint    ] Safepoint "Cleanup", Time since last: 5046101606 ns, Reaching safepoint: 215924 ns, At safepoint: 7955 ns, Total: 223879 ns
[2020-09-11T15:10:51.300+0000][1][safepoint    ] Safepoint "Cleanup", Time since last: 1927933223 ns, Reaching safepoint: 273788 ns, At safepoint: 19739 ns, Total: 293527 ns
[2020-09-11T15:10:52.652+0000][1][gc,start     ] GC(135) Pause Young (Allocation Failure)
[2020-09-11T15:10:52.652+0000][1][gc,task      ] GC(135) Using 1 workers of 1 for evacuation
[2020-09-11T15:10:52.675+0000][1][gc,age       ] GC(135) Desired survivor size 4358144 bytes, new threshold 6 (max threshold 6)
[2020-09-11T15:10:52.675+0000][1][gc,age       ] GC(135) Age table with threshold 6 (max threshold 6)
[2020-09-11T15:10:52.675+0000][1][gc,age       ] GC(135) - age   1:     295392 bytes,     295392 total
[2020-09-11T15:10:52.675+0000][1][gc,age       ] GC(135) - age   2:       5848 bytes,     301240 total
[2020-09-11T15:10:52.675+0000][1][gc,age       ] GC(135) - age   3:       1320 bytes,     302560 total
[2020-09-11T15:10:52.675+0000][1][gc,age       ] GC(135) - age   4:         32 bytes,     302592 total
[2020-09-11T15:10:52.675+0000][1][gc,age       ] GC(135) - age   5:        896 bytes,     303488 total
[2020-09-11T15:10:52.675+0000][1][gc,age       ] GC(135) - age   6:        152 bytes,     303640 total
[2020-09-11T15:10:52.676+0000][1][gc,heap      ] GC(135) ParNew: 68255K->313K(76672K)
[2020-09-11T15:10:52.676+0000][1][gc,heap      ] GC(135) CMS: 108640K->108644K(2011968K)
[2020-09-11T15:10:52.676+0000][1][gc,metaspace ] GC(135) Metaspace: 94286K->94286K(1136640K)
[2020-09-11T15:10:52.676+0000][1][gc           ] GC(135) Pause Young (Allocation Failure) 172M->106M(2039M) 24.063ms
[2020-09-11T15:10:52.676+0000][1][gc,cpu       ] GC(135) User=0.01s Sys=0.01s Real=0.03s
[2020-09-11T15:10:52.676+0000][1][safepoint    ] Safepoint "GenCollectForAllocation", Time since last: 1347565917 ns, Reaching safepoint: 4055299 ns, At safepoint: 24135575 ns, Total: 28190874 ns
[2020-09-11T15:10:53.683+0000][1][safepoint    ] Safepoint "Cleanup", Time since last: 1006832767 ns, Reaching safepoint: 128477 ns, At safepoint: 8378 ns, Total: 136855 ns
[2020-09-11T15:11:02.684+0000][1][safepoint    ] Safepoint "Cleanup", Time since last: 9001254643 ns, Reaching safepoint: 162400 ns, At safepoint: 18068 ns, Total: 180468 ns
[2020-09-11T15:11:03.684+0000][1][safepoint    ] Safepoint "Cleanup", Time since last: 1000277604 ns, Reaching safepoint: 98589 ns, At safepoint: 7597 ns, Total: 106186 ns
[2020-09-11T15:11:05.685+0000][1][safepoint    ] Safepoint "Cleanup", Time since last: 2000387520 ns, Reaching safepoint: 103530 ns, At safepoint: 8710 ns, Total: 112240 ns
[2020-09-11T15:11:12.686+0000][1][safepoint    ] Safepoint "Cleanup", Time since last: 7001119614 ns, Reaching safepoint: 108978 ns, At safepoint: 7231 ns, Total: 116209 ns
[2020-09-11T15:11:22.688+0000][1][safepoint    ] Safepoint "Cleanup", Time since last: 10001324973 ns, Reaching safepoint: 154648 ns, At safepoint: 17888 ns, Total: 172536 ns
[2020-09-11T15:11:32.535+0000][1][gc,start     ] GC(136) Pause Young (Allocation Failure)
[2020-09-11T15:11:32.536+0000][1][gc,task      ] GC(136) Using 1 workers of 1 for evacuation
[2020-09-11T15:11:32.561+0000][1][gc,age       ] GC(136) Desired survivor size 4358144 bytes, new threshold 6 (max threshold 6)
[2020-09-11T15:11:32.561+0000][1][gc,age       ] GC(136) Age table with threshold 6 (max threshold 6)
[2020-09-11T15:11:32.561+0000][1][gc,age       ] GC(136) - age   1:     225728 bytes,     225728 total
[2020-09-11T15:11:32.561+0000][1][gc,age       ] GC(136) - age   2:       1704 bytes,     227432 total
[2020-09-11T15:11:32.561+0000][1][gc,age       ] GC(136) - age   3:       1880 bytes,     229312 total
[2020-09-11T15:11:32.561+0000][1][gc,age       ] GC(136) - age   4:       1320 bytes,     230632 total
[2020-09-11T15:11:32.561+0000][1][gc,age       ] GC(136) - age   6:        856 bytes,     231488 total
[2020-09-11T15:11:32.561+0000][1][gc,heap      ] GC(136) ParNew: 68473K->238K(76672K)
[2020-09-11T15:11:32.561+0000][1][gc,heap      ] GC(136) CMS: 108644K->108644K(2011968K)
[2020-09-11T15:11:32.561+0000][1][gc,metaspace ] GC(136) Metaspace: 94298K->94298K(1136640K)
[2020-09-11T15:11:32.561+0000][1][gc           ] GC(136) Pause Young (Allocation Failure) 172M->106M(2039M) 25.368ms
[2020-09-11T15:11:32.561+0000][1][gc,cpu       ] GC(136) User=0.01s Sys=0.00s Real=0.02s
[2020-09-11T15:11:32.562+0000][1][safepoint    ] Safepoint "GenCollectForAllocation", Time since last: 9842928194 ns, Reaching safepoint: 4890339 ns, At safepoint: 26180367 ns, Total: 31070706 ns
[2020-09-11T15:11:33.591+0000][1][safepoint    ] Safepoint "Cleanup", Time since last: 1028945193 ns, Reaching safepoint: 138635 ns, At safepoint: 17808 ns, Total: 156443 ns
[2020-09-11T15:11:34.591+0000][1][safepoint    ] Safepoint "Cleanup", Time since last: 1000167034 ns, Reaching safepoint: 115176 ns, At safepoint: 6087 ns, Total: 121263 ns
[2020-09-11T15:11:35.591+0000][1][safepoint    ] Safepoint "Cleanup", Time since last: 1000158711 ns, Reaching safepoint: 137980 ns, At safepoint: 17016 ns, Total: 154996 ns
[2020-09-11T15:11:36.592+0000][1][safepoint    ] Safepoint "Cleanup", Time since last: 1000255749 ns, Reaching safepoint: 134993 ns, At safepoint: 15035 ns, Total: 150028 ns
[2020-09-11T15:11:37.594+0000][1][safepoint    ] Safepoint "Cleanup", Time since last: 1001785245 ns, Reaching safepoint: 91643 ns, At safepoint: 6747 ns, Total: 98390 ns
[2020-09-11T15:11:38.594+0000][1][safepoint    ] Safepoint "Cleanup", Time since last: 1000159479 ns, Reaching safepoint: 136978 ns, At safepoint: 16090 ns, Total: 153068 ns
[2020-09-11T15:11:39.594+0000][1][safepoint    ] Safepoint "Cleanup", Time since last: 1000161815 ns, Reaching safepoint: 132928 ns, At safepoint: 15930 ns, Total: 148858 ns
[2020-09-11T15:11:40.595+0000][1][safepoint    ] Safepoint "Cleanup", Time since last: 1000162821 ns, Reaching safepoint: 113899 ns, At safepoint: 6487 ns, Total: 120386 ns
[2020-09-11T15:11:41.595+0000][1][safepoint    ] Safepoint "Cleanup", Time since last: 1000092885 ns, Reaching safepoint: 71466 ns, At safepoint: 6736 ns, Total: 78202 ns
[2020-09-11T15:11:42.595+0000][1][safepoint    ] Safepoint "Cleanup", Time since last: 1000111812 ns, Reaching safepoint: 163772 ns, At safepoint: 6775 ns, Total: 170547 ns
[2020-09-11T15:11:43.595+0000][1][safepoint    ] Safepoint "Cleanup", Time since last: 1000145233 ns, Reaching safepoint: 141604 ns, At safepoint: 8310 ns, Total: 149914 ns
[2020-09-11T15:11:44.595+0000][1][safepoint    ] Safepoint "Cleanup", Time since last: 1000111165 ns, Reaching safepoint: 71898 ns, At safepoint: 7039 ns, Total: 78937 ns
[2020-09-11T15:11:45.596+0000][1][safepoint    ] Safepoint "Cleanup", Time since last: 1000167531 ns, Reaching safepoint: 111569 ns, At safepoint: 6925 ns, Total: 118494 ns
[2020-09-11T15:11:46.596+0000][1][safepoint    ] Safepoint "Cleanup", Time since last: 1000123828 ns, Reaching safepoint: 129036 ns, At safepoint: 15723 ns, Total: 144759 ns
[2020-09-11T15:11:47.596+0000][1][safepoint    ] Safepoint "Cleanup", Time since last: 1000182508 ns, Reaching safepoint: 141826 ns, At safepoint: 19044 ns, Total: 160870 ns
[2020-09-11T15:11:48.597+0000][1][safepoint    ] Safepoint "Cleanup", Time since last: 1000205000 ns, Reaching safepoint: 142500 ns, At safepoint: 16996 ns, Total: 159496 ns
[2020-09-11T15:11:49.597+0000][1][safepoint    ] Safepoint "Cleanup", Time since last: 1000203694 ns, Reaching safepoint: 143650 ns, At safepoint: 17764 ns, Total: 161414 ns
[2020-09-11T15:11:50.598+0000][1][safepoint    ] Safepoint "Cleanup", Time since last: 1000329123 ns, Reaching safepoint: 144451 ns, At safepoint: 17246 ns, Total: 161697 ns
[2020-09-11T15:11:51.598+0000][1][safepoint    ] Safepoint "Cleanup", Time since last: 1000212300 ns, Reaching safepoint: 174210 ns, At safepoint: 19023 ns, Total: 193233 ns
[2020-09-11T15:11:52.599+0000][1][safepoint    ] Safepoint "Cleanup", Time since last: 1000726440 ns, Reaching safepoint: 76346 ns, At safepoint: 6721 ns, Total: 83067 ns
[2020-09-11T15:11:53.599+0000][1][safepoint    ] Safepoint "Cleanup", Time since last: 1000168199 ns, Reaching safepoint: 105633 ns, At safepoint: 7681 ns, Total: 113314 ns
[2020-09-11T15:11:54.600+0000][1][safepoint    ] Safepoint "Cleanup", Time since last: 1000761475 ns, Reaching safepoint: 111015 ns, At safepoint: 8842 ns, Total: 119857 ns
[2020-09-11T15:11:55.600+0000][1][safepoint    ] Safepoint "Cleanup", Time since last: 1000175007 ns, Reaching safepoint: 106807 ns, At safepoint: 7857 ns, Total: 114664 ns
[2020-09-11T15:11:56.601+0000][1][safepoint    ] Safepoint "Cleanup", Time since last: 1000142842 ns, Reaching safepoint: 118431 ns, At safepoint: 6696 ns, Total: 125127 ns
[2020-09-11T15:11:57.601+0000][1][safepoint    ] Safepoint "Cleanup", Time since last: 1000138837 ns, Reaching safepoint: 140766 ns, At safepoint: 16996 ns, Total: 157762 ns
[2020-09-11T15:11:58.601+0000][1][safepoint    ] Safepoint "Cleanup", Time since last: 1000184862 ns, Reaching safepoint: 115986 ns, At safepoint: 7576 ns, Total: 123562 ns
[2020-09-11T15:11:59.604+0000][1][safepoint    ] Safepoint "Cleanup", Time since last: 1002279685 ns, Reaching safepoint: 838488 ns, At safepoint: 9903 ns, Total: 848391 ns
[2020-09-11T15:12:00.605+0000][1][safepoint    ] Safepoint "Cleanup", Time since last: 1000132546 ns, Reaching safepoint: 148467 ns, At safepoint: 18763 ns, Total: 167230 ns
[2020-09-11T15:12:02.605+0000][1][safepoint    ] Safepoint "Cleanup", Time since last: 2000338626 ns, Reaching safepoint: 239053 ns, At safepoint: 7552 ns, Total: 246605 ns
[2020-09-11T15:12:03.606+0000][1][safepoint    ] Safepoint "Cleanup", Time since last: 1000367827 ns, Reaching safepoint: 158050 ns, At safepoint: 22108 ns, Total: 180158 ns
[2020-09-11T15:12:09.450+0000][1][gc,start     ] GC(137) Pause Young (Allocation Failure)
[2020-09-11T15:12:09.450+0000][1][gc,task      ] GC(137) Using 1 workers of 1 for evacuation
[2020-09-11T15:12:09.464+0000][1][gc,age       ] GC(137) Desired survivor size 4358144 bytes, new threshold 6 (max threshold 6)
[2020-09-11T15:12:09.464+0000][1][gc,age       ] GC(137) Age table with threshold 6 (max threshold 6)
[2020-09-11T15:12:09.464+0000][1][gc,age       ] GC(137) - age   1:      75192 bytes,      75192 total
[2020-09-11T15:12:09.464+0000][1][gc,age       ] GC(137) - age   2:       8808 bytes,      84000 total
[2020-09-11T15:12:09.464+0000][1][gc,age       ] GC(137) - age   3:       1704 bytes,      85704 total
[2020-09-11T15:12:09.464+0000][1][gc,age       ] GC(137) - age   4:       1880 bytes,      87584 total
[2020-09-11T15:12:09.464+0000][1][gc,age       ] GC(137) - age   5:       1320 bytes,      88904 total
[2020-09-11T15:12:09.464+0000][1][gc,heap      ] GC(137) ParNew: 68398K->229K(76672K)
[2020-09-11T15:12:09.464+0000][1][gc,heap      ] GC(137) CMS: 108644K->108645K(2011968K)
[2020-09-11T15:12:09.464+0000][1][gc,metaspace ] GC(137) Metaspace: 94329K->94329K(1136640K)
[2020-09-11T15:12:09.464+0000][1][gc           ] GC(137) Pause Young (Allocation Failure) 172M->106M(2039M) 13.646ms
[2020-09-11T15:12:09.464+0000][1][gc,cpu       ] GC(137) User=0.01s Sys=0.00s Real=0.02s
[2020-09-11T15:12:09.464+0000][1][safepoint    ] Safepoint "GenCollectForAllocation", Time since last: 5844401358 ns, Reaching safepoint: 190671 ns, At safepoint: 13710837 ns, Total: 13901508 ns
[2020-09-11T15:12:10.467+0000][1][safepoint    ] Safepoint "Cleanup", Time since last: 1003094500 ns, Reaching safepoint: 133015 ns, At safepoint: 13274 ns, Total: 146289 ns
[2020-09-11T15:12:11.468+0000][1][safepoint    ] Safepoint "Cleanup", Time since last: 1000268510 ns, Reaching safepoint: 126774 ns, At safepoint: 13214 ns, Total: 139988 ns
[2020-09-11T15:12:12.468+0000][1][safepoint    ] Safepoint "Cleanup", Time since last: 1000316664 ns, Reaching safepoint: 136286 ns, At safepoint: 14460 ns, Total: 150746 ns
[2020-09-11T15:12:13.469+0000][1][safepoint    ] Safepoint "Cleanup", Time since last: 1000286870 ns, Reaching safepoint: 143062 ns, At safepoint: 13477 ns, Total: 156539 ns
[2020-09-11T15:12:14.469+0000][1][safepoint    ] Safepoint "Cleanup", Time since last: 1000166472 ns, Reaching safepoint: 141147 ns, At safepoint: 17226 ns, Total: 158373 ns
[2020-09-11T15:12:15.469+0000][1][safepoint    ] Safepoint "Cleanup", Time since last: 1000177157 ns, Reaching safepoint: 141825 ns, At safepoint: 15532 ns, Total: 157357 ns
[2020-09-11T15:12:16.470+0000][1][safepoint    ] Safepoint "Cleanup", Time since last: 1000215965 ns, Reaching safepoint: 102889 ns, At safepoint: 7733 ns, Total: 110622 ns
[2020-09-11T15:12:17.470+0000][1][safepoint    ] Safepoint "Cleanup", Time since last: 1000133773 ns, Reaching safepoint: 142892 ns, At safepoint: 16959 ns, Total: 159851 ns
[2020-09-11T15:12:18.470+0000][1][safepoint    ] Safepoint "Cleanup", Time since last: 1000209190 ns, Reaching safepoint: 134892 ns, At safepoint: 17213 ns, Total: 152105 ns
[2020-09-11T15:12:19.471+0000][1][safepoint    ] Safepoint "Cleanup", Time since last: 1000202719 ns, Reaching safepoint: 134038 ns, At safepoint: 16200 ns, Total: 150238 ns
[2020-09-11T15:12:20.471+0000][1][safepoint    ] Safepoint "Cleanup", Time since last: 1000209937 ns, Reaching safepoint: 141849 ns, At safepoint: 17647 ns, Total: 159496 ns
[2020-09-11T15:12:21.471+0000][1][safepoint    ] Safepoint "Cleanup", Time since last: 1000203369 ns, Reaching safepoint: 167928 ns, At safepoint: 17059 ns, Total: 184987 ns
[2020-09-11T15:12:22.472+0000][1][safepoint    ] Safepoint "Cleanup", Time since last: 1000214609 ns, Reaching safepoint: 145123 ns, At safepoint: 19482 ns, Total: 164605 ns
[2020-09-11T15:12:23.472+0000][1][safepoint    ] Safepoint "Cleanup", Time since last: 1000220001 ns, Reaching safepoint: 107710 ns, At safepoint: 6586 ns, Total: 114296 ns
[2020-09-11T15:12:24.472+0000][1][safepoint    ] Safepoint "Cleanup", Time since last: 1000178401 ns, Reaching safepoint: 106111 ns, At safepoint: 7126 ns, Total: 113237 ns
[2020-09-11T15:12:25.473+0000][1][safepoint    ] Safepoint "Cleanup", Time since last: 1000184322 ns, Reaching safepoint: 100408 ns, At safepoint: 6655 ns, Total: 107063 ns
[2020-09-11T15:12:26.473+0000][1][safepoint    ] Safepoint "Cleanup", Time since last: 1000185472 ns, Reaching safepoint: 216808 ns, At safepoint: 18479 ns, Total: 235287 ns
[2020-09-11T15:12:27.473+0000][1][safepoint    ] Safepoint "Cleanup", Time since last: 1000211269 ns, Reaching safepoint: 159226 ns, At safepoint: 17096 ns, Total: 176322 ns
[2020-09-11T15:12:28.474+0000][1][safepoint    ] Safepoint "Cleanup", Time since last: 1000211824 ns, Reaching safepoint: 143202 ns, At safepoint: 18148 ns, Total: 161350 ns
[2020-09-11T15:12:29.474+0000][1][safepoint    ] Safepoint "Cleanup", Time since last: 1000199243 ns, Reaching safepoint: 139891 ns, At safepoint: 16364 ns, Total: 156255 ns
[2020-09-11T15:12:30.475+0000][1][safepoint    ] Safepoint "Cleanup", Time since last: 1000248774 ns, Reaching safepoint: 140075 ns, At safepoint: 17437 ns, Total: 157512 ns
[2020-09-11T15:12:31.475+0000][1][safepoint    ] Safepoint "Cleanup", Time since last: 1000167508 ns, Reaching safepoint: 122195 ns, At safepoint: 6191 ns, Total: 128386 ns
[2020-09-11T15:12:32.475+0000][1][safepoint    ] Safepoint "Cleanup", Time since last: 1000150644 ns, Reaching safepoint: 144722 ns, At safepoint: 17176 ns, Total: 161898 ns
[2020-09-11T15:12:33.476+0000][1][safepoint    ] Safepoint "Cleanup", Time since last: 1000202229 ns, Reaching safepoint: 180558 ns, At safepoint: 15512 ns, Total: 196070 ns
[2020-09-11T15:12:34.476+0000][1][safepoint    ] Safepoint "Cleanup", Time since last: 1000211623 ns, Reaching safepoint: 138996 ns, At safepoint: 17841 ns, Total: 156837 ns
[2020-09-11T15:12:35.476+0000][1][safepoint    ] Safepoint "Cleanup", Time since last: 1000208032 ns, Reaching safepoint: 133115 ns, At safepoint: 16612 ns, Total: 149727 ns
[2020-09-11T15:12:36.477+0000][1][safepoint    ] Safepoint "Cleanup", Time since last: 1000220445 ns, Reaching safepoint: 140148 ns, At safepoint: 17968 ns, Total: 158116 ns
[2020-09-11T15:12:37.477+0000][1][safepoint    ] Safepoint "Cleanup", Time since last: 1000144102 ns, Reaching safepoint: 75408 ns, At safepoint: 6536 ns, Total: 81944 ns
[2020-09-11T15:12:38.477+0000][1][safepoint    ] Safepoint "Cleanup", Time since last: 1000081373 ns, Reaching safepoint: 238842 ns, At safepoint: 7736 ns, Total: 246578 ns
[2020-09-11T15:12:39.478+0000][1][safepoint    ] Safepoint "Cleanup", Time since last: 1000135093 ns, Reaching safepoint: 158931 ns, At safepoint: 13174 ns, Total: 172105 ns
[2020-09-11T15:12:40.478+0000][1][safepoint    ] Safepoint "Cleanup", Time since last: 1000191177 ns, Reaching safepoint: 125381 ns, At safepoint: 7717 ns, Total: 133098 ns
[2020-09-11T15:12:43.478+0000][1][safepoint    ] Safepoint "Cleanup", Time since last: 3000380480 ns, Reaching safepoint: 187630 ns, At safepoint: 19816 ns, Total: 207446 ns
[2020-09-11T15:12:45.449+0000][1][gc,start     ] GC(138) Pause Young (Allocation Failure)
[2020-09-11T15:12:45.449+0000][1][gc,task      ] GC(138) Using 1 workers of 1 for evacuation
[2020-09-11T15:12:45.463+0000][1][gc,age       ] GC(138) Desired survivor size 4358144 bytes, new threshold 6 (max threshold 6)
[2020-09-11T15:12:45.463+0000][1][gc,age       ] GC(138) Age table with threshold 6 (max threshold 6)
[2020-09-11T15:12:45.463+0000][1][gc,age       ] GC(138) - age   1:     218232 bytes,     218232 total
[2020-09-11T15:12:45.463+0000][1][gc,age       ] GC(138) - age   2:      22688 bytes,     240920 total
[2020-09-11T15:12:45.463+0000][1][gc,age       ] GC(138) - age   3:       3592 bytes,     244512 total
[2020-09-11T15:12:45.463+0000][1][gc,age       ] GC(138) - age   4:       1672 bytes,     246184 total
[2020-09-11T15:12:45.463+0000][1][gc,age       ] GC(138) - age   5:       1880 bytes,     248064 total
[2020-09-11T15:12:45.463+0000][1][gc,age       ] GC(138) - age   6:       1320 bytes,     249384 total
[2020-09-11T15:12:45.463+0000][1][gc,heap      ] GC(138) ParNew: 68389K->315K(76672K)
[2020-09-11T15:12:45.463+0000][1][gc,heap      ] GC(138) CMS: 108645K->108645K(2011968K)
[2020-09-11T15:12:45.463+0000][1][gc,metaspace ] GC(138) Metaspace: 94337K->94337K(1136640K)
[2020-09-11T15:12:45.463+0000][1][gc           ] GC(138) Pause Young (Allocation Failure) 172M->106M(2039M) 14.285ms
[2020-09-11T15:12:45.463+0000][1][gc,cpu       ] GC(138) User=0.01s Sys=0.00s Real=0.01s
[2020-09-11T15:12:45.463+0000][1][safepoint    ] Safepoint "GenCollectForAllocation", Time since last: 1970143596 ns, Reaching safepoint: 169254 ns, At safepoint: 14367348 ns, Total: 14536602 ns
[2020-09-11T15:12:53.466+0000][1][safepoint    ] Safepoint "Cleanup", Time since last: 8002790732 ns, Reaching safepoint: 120305 ns, At safepoint: 7479 ns, Total: 127784 ns
[2020-09-11T15:13:03.468+0000][1][safepoint    ] Safepoint "Cleanup", Time since last: 10001479707 ns, Reaching safepoint: 110083 ns, At safepoint: 7787 ns, Total: 117870 ns
[2020-09-11T15:13:13.469+0000][1][safepoint    ] Safepoint "Cleanup", Time since last: 10001439521 ns, Reaching safepoint: 165433 ns, At safepoint: 18094 ns, Total: 183527 ns
[2020-09-11T15:13:23.471+0000][1][safepoint    ] Safepoint "Cleanup", Time since last: 10001540350 ns, Reaching safepoint: 160138 ns, At safepoint: 17697 ns, Total: 177835 ns
[2020-09-11T15:13:24.353+0000][1][gc,start     ] GC(139) Pause Young (Allocation Failure)
[2020-09-11T15:13:24.353+0000][1][gc,task      ] GC(139) Using 1 workers of 1 for evacuation
[2020-09-11T15:13:24.366+0000][1][gc,age       ] GC(139) Desired survivor size 4358144 bytes, new threshold 6 (max threshold 6)
[2020-09-11T15:13:24.366+0000][1][gc,age       ] GC(139) Age table with threshold 6 (max threshold 6)
[2020-09-11T15:13:24.366+0000][1][gc,age       ] GC(139) - age   1:      66688 bytes,      66688 total
[2020-09-11T15:13:24.366+0000][1][gc,age       ] GC(139) - age   2:       3808 bytes,      70496 total
[2020-09-11T15:13:24.366+0000][1][gc,age       ] GC(139) - age   3:      18808 bytes,      89304 total
[2020-09-11T15:13:24.366+0000][1][gc,age       ] GC(139) - age   4:       2320 bytes,      91624 total
[2020-09-11T15:13:24.366+0000][1][gc,age       ] GC(139) - age   5:       1672 bytes,      93296 total
[2020-09-11T15:13:24.366+0000][1][gc,age       ] GC(139) - age   6:       1880 bytes,      95176 total
[2020-09-11T15:13:24.366+0000][1][gc,heap      ] GC(139) ParNew: 68475K->202K(76672K)
[2020-09-11T15:13:24.366+0000][1][gc,heap      ] GC(139) CMS: 108645K->108646K(2011968K)
[2020-09-11T15:13:24.366+0000][1][gc,metaspace ] GC(139) Metaspace: 94355K->94355K(1136640K)
[2020-09-11T15:13:24.366+0000][1][gc           ] GC(139) Pause Young (Allocation Failure) 172M->106M(2039M) 13.122ms
[2020-09-11T15:13:24.366+0000][1][gc,cpu       ] GC(139) User=0.02s Sys=0.00s Real=0.02s
[2020-09-11T15:13:24.366+0000][1][safepoint    ] Safepoint "GenCollectForAllocation", Time since last: 881989923 ns, Reaching safepoint: 191361 ns, At safepoint: 13195360 ns, Total: 13386721 ns
[2020-09-11T15:13:31.369+0000][1][safepoint    ] Safepoint "Cleanup", Time since last: 7002693844 ns, Reaching safepoint: 115929 ns, At safepoint: 7493 ns, Total: 123422 ns
[2020-09-11T15:13:38.370+0000][1][safepoint    ] Safepoint "Cleanup", Time since last: 7001069243 ns, Reaching safepoint: 107712 ns, At safepoint: 6870 ns, Total: 114582 ns
[2020-09-11T15:13:53.373+0000][1][safepoint    ] Safepoint "Cleanup", Time since last: 15002080092 ns, Reaching safepoint: 119179 ns, At safepoint: 5893 ns, Total: 125072 ns
[2020-09-11T15:13:57.373+0000][1][safepoint    ] Safepoint "Cleanup", Time since last: 4000709109 ns, Reaching safepoint: 107946 ns, At safepoint: 7489 ns, Total: 115435 ns
[2020-09-11T15:14:02.617+0000][1][gc,start     ] GC(140) Pause Young (Allocation Failure)
[2020-09-11T15:14:02.617+0000][1][gc,task      ] GC(140) Using 1 workers of 1 for evacuation
[2020-09-11T15:14:02.630+0000][1][gc,age       ] GC(140) Desired survivor size 4358144 bytes, new threshold 6 (max threshold 6)
[2020-09-11T15:14:02.630+0000][1][gc,age       ] GC(140) Age table with threshold 6 (max threshold 6)
[2020-09-11T15:14:02.630+0000][1][gc,age       ] GC(140) - age   1:     199672 bytes,     199672 total
[2020-09-11T15:14:02.630+0000][1][gc,age       ] GC(140) - age   2:       2432 bytes,     202104 total
[2020-09-11T15:14:02.630+0000][1][gc,age       ] GC(140) - age   3:         56 bytes,     202160 total
[2020-09-11T15:14:02.630+0000][1][gc,age       ] GC(140) - age   4:      18808 bytes,     220968 total
[2020-09-11T15:14:02.630+0000][1][gc,age       ] GC(140) - age   5:       2320 bytes,     223288 total
[2020-09-11T15:14:02.630+0000][1][gc,age       ] GC(140) - age   6:        432 bytes,     223720 total
[2020-09-11T15:14:02.630+0000][1][gc,heap      ] GC(140) ParNew: 68362K->256K(76672K)
[2020-09-11T15:14:02.630+0000][1][gc,heap      ] GC(140) CMS: 108646K->108648K(2011968K)
[2020-09-11T15:14:02.630+0000][1][gc,metaspace ] GC(140) Metaspace: 94395K->94395K(1136640K)
[2020-09-11T15:14:02.630+0000][1][gc           ] GC(140) Pause Young (Allocation Failure) 172M->106M(2039M) 13.421ms
[2020-09-11T15:14:02.630+0000][1][gc,cpu       ] GC(140) User=0.01s Sys=0.00s Real=0.01s
[2020-09-11T15:14:02.630+0000][1][safepoint    ] Safepoint "GenCollectForAllocation", Time since last: 5243389237 ns, Reaching safepoint: 205371 ns, At safepoint: 13491702 ns, Total: 13697073 ns
[2020-09-11T15:14:22.643+0000][1][safepoint    ] Safepoint "Cleanup", Time since last: 20011991390 ns, Reaching safepoint: 168929 ns, At safepoint: 7480 ns, Total: 176409 ns
[2020-09-11T15:14:39.686+0000][1][gc,start     ] GC(141) Pause Young (Allocation Failure)
[2020-09-11T15:14:39.686+0000][1][gc,task      ] GC(141) Using 1 workers of 1 for evacuation
[2020-09-11T15:14:39.700+0000][1][gc,age       ] GC(141) Desired survivor size 4358144 bytes, new threshold 6 (max threshold 6)
[2020-09-11T15:14:39.700+0000][1][gc,age       ] GC(141) Age table with threshold 6 (max threshold 6)
[2020-09-11T15:14:39.700+0000][1][gc,age       ] GC(141) - age   1:      57840 bytes,      57840 total
[2020-09-11T15:14:39.700+0000][1][gc,age       ] GC(141) - age   2:       5176 bytes,      63016 total
[2020-09-11T15:14:39.700+0000][1][gc,age       ] GC(141) - age   3:       2048 bytes,      65064 total
[2020-09-11T15:14:39.700+0000][1][gc,age       ] GC(141) - age   4:         56 bytes,      65120 total
[2020-09-11T15:14:39.700+0000][1][gc,age       ] GC(141) - age   5:      18808 bytes,      83928 total
[2020-09-11T15:14:39.700+0000][1][gc,age       ] GC(141) - age   6:       2320 bytes,      86248 total
[2020-09-11T15:14:39.700+0000][1][gc,heap      ] GC(141) ParNew: 68416K->185K(76672K)
[2020-09-11T15:14:39.700+0000][1][gc,heap      ] GC(141) CMS: 108648K->108648K(2011968K)
[2020-09-11T15:14:39.700+0000][1][gc,metaspace ] GC(141) Metaspace: 94419K->94419K(1136640K)
[2020-09-11T15:14:39.700+0000][1][gc           ] GC(141) Pause Young (Allocation Failure) 172M->106M(2039M) 14.310ms
[2020-09-11T15:14:39.700+0000][1][gc,cpu       ] GC(141) User=0.01s Sys=0.00s Real=0.01s
[2020-09-11T15:14:39.700+0000][1][safepoint    ] Safepoint "GenCollectForAllocation", Time since last: 17042775874 ns, Reaching safepoint: 250956 ns, At safepoint: 14394686 ns, Total: 14645642 ns
[2020-09-11T15:14:42.567+0000][1][safepoint    ] Safepoint "RevokeBias", Time since last: 2866112068 ns, Reaching safepoint: 388034 ns, At safepoint: 82228 ns, Total: 470262 ns
[2020-09-11T15:14:53.570+0000][1][safepoint    ] Safepoint "Cleanup", Time since last: 11002979424 ns, Reaching safepoint: 158444 ns, At safepoint: 18028 ns, Total: 176472 ns
[2020-09-11T15:14:57.571+0000][1][safepoint    ] Safepoint "Cleanup", Time since last: 4000618050 ns, Reaching safepoint: 114097 ns, At safepoint: 6894 ns, Total: 120991 ns
[2020-09-11T15:15:03.572+0000][1][safepoint    ] Safepoint "Cleanup", Time since last: 6000887661 ns, Reaching safepoint: 92568 ns, At safepoint: 7353 ns, Total: 99921 ns
[2020-09-11T15:15:09.572+0000][1][safepoint    ] Safepoint "Cleanup", Time since last: 6000791372 ns, Reaching safepoint: 111678 ns, At safepoint: 8161 ns, Total: 119839 ns
[2020-09-11T15:15:18.351+0000][1][gc,start     ] GC(142) Pause Young (Allocation Failure)
[2020-09-11T15:15:18.351+0000][1][gc,task      ] GC(142) Using 1 workers of 1 for evacuation
[2020-09-11T15:15:18.364+0000][1][gc,age       ] GC(142) Desired survivor size 4358144 bytes, new threshold 6 (max threshold 6)
[2020-09-11T15:15:18.364+0000][1][gc,age       ] GC(142) Age table with threshold 6 (max threshold 6)
[2020-09-11T15:15:18.364+0000][1][gc,age       ] GC(142) - age   1:      66976 bytes,      66976 total
[2020-09-11T15:15:18.364+0000][1][gc,age       ] GC(142) - age   2:      13544 bytes,      80520 total
[2020-09-11T15:15:18.364+0000][1][gc,age       ] GC(142) - age   3:        152 bytes,      80672 total
[2020-09-11T15:15:18.364+0000][1][gc,age       ] GC(142) - age   4:       2048 bytes,      82720 total
[2020-09-11T15:15:18.364+0000][1][gc,age       ] GC(142) - age   5:         56 bytes,      82776 total
[2020-09-11T15:15:18.364+0000][1][gc,age       ] GC(142) - age   6:      18808 bytes,     101584 total
[2020-09-11T15:15:18.364+0000][1][gc,heap      ] GC(142) ParNew: 68345K->163K(76672K)
[2020-09-11T15:15:18.364+0000][1][gc,heap      ] GC(142) CMS: 108648K->108651K(2011968K)
[2020-09-11T15:15:18.364+0000][1][gc,metaspace ] GC(142) Metaspace: 94430K->94430K(1136640K)
[2020-09-11T15:15:18.364+0000][1][gc           ] GC(142) Pause Young (Allocation Failure) 172M->106M(2039M) 13.104ms
[2020-09-11T15:15:18.364+0000][1][gc,cpu       ] GC(142) User=0.01s Sys=0.00s Real=0.02s
[2020-09-11T15:15:18.364+0000][1][safepoint    ] Safepoint "GenCollectForAllocation", Time since last: 8778092153 ns, Reaching safepoint: 160629 ns, At safepoint: 13258089 ns, Total: 13418718 ns
[2020-09-11T15:15:26.367+0000][1][safepoint    ] Safepoint "Cleanup", Time since last: 8002910492 ns, Reaching safepoint: 149543 ns, At safepoint: 17063 ns, Total: 166606 ns
[2020-09-11T15:15:31.292+0000][1][safepoint    ] Safepoint "Cleanup", Time since last: 4924532451 ns, Reaching safepoint: 105549 ns, At safepoint: 7954 ns, Total: 113503 ns
[2020-09-11T15:15:32.608+0000][1][safepoint    ] Safepoint "Cleanup", Time since last: 1314273288 ns, Reaching safepoint: 242882 ns, At safepoint: 1806110 ns, Total: 2048992 ns
[2020-09-11T15:15:42.610+0000][1][safepoint    ] Safepoint "Cleanup", Time since last: 10001351493 ns, Reaching safepoint: 271117 ns, At safepoint: 8652 ns, Total: 279769 ns
[2020-09-11T15:15:43.610+0000][1][safepoint    ] Safepoint "Cleanup", Time since last: 1000182334 ns, Reaching safepoint: 151301 ns, At safepoint: 19297 ns, Total: 170598 ns
[2020-09-11T15:15:54.799+0000][1][gc,start     ] GC(143) Pause Young (Allocation Failure)
[2020-09-11T15:15:54.799+0000][1][gc,task      ] GC(143) Using 1 workers of 1 for evacuation
[2020-09-11T15:15:54.813+0000][1][gc,age       ] GC(143) Desired survivor size 4358144 bytes, new threshold 6 (max threshold 6)
[2020-09-11T15:15:54.813+0000][1][gc,age       ] GC(143) Age table with threshold 6 (max threshold 6)
[2020-09-11T15:15:54.813+0000][1][gc,age       ] GC(143) - age   1:      57816 bytes,      57816 total
[2020-09-11T15:15:54.813+0000][1][gc,age       ] GC(143) - age   2:       4696 bytes,      62512 total
[2020-09-11T15:15:54.813+0000][1][gc,age       ] GC(143) - age   3:       1808 bytes,      64320 total
[2020-09-11T15:15:54.813+0000][1][gc,age       ] GC(143) - age   4:        152 bytes,      64472 total
[2020-09-11T15:15:54.813+0000][1][gc,age       ] GC(143) - age   5:       2016 bytes,      66488 total
[2020-09-11T15:15:54.813+0000][1][gc,age       ] GC(143) - age   6:         56 bytes,      66544 total
[2020-09-11T15:15:54.813+0000][1][gc,heap      ] GC(143) ParNew: 68323K->115K(76672K)
[2020-09-11T15:15:54.813+0000][1][gc,heap      ] GC(143) CMS: 108651K->108669K(2011968K)
[2020-09-11T15:15:54.813+0000][1][gc,metaspace ] GC(143) Metaspace: 94446K->94446K(1136640K)
[2020-09-11T15:15:54.813+0000][1][gc           ] GC(143) Pause Young (Allocation Failure) 172M->106M(2039M) 14.135ms
[2020-09-11T15:15:54.813+0000][1][gc,cpu       ] GC(143) User=0.02s Sys=0.00s Real=0.01s
[2020-09-11T15:15:54.813+0000][1][safepoint    ] Safepoint "GenCollectForAllocation", Time since last: 11188405841 ns, Reaching safepoint: 263913 ns, At safepoint: 14216264 ns, Total: 14480177 ns
[2020-09-11T15:16:02.820+0000][1][safepoint    ] Safepoint "Cleanup", Time since last: 8006963324 ns, Reaching safepoint: 151571 ns, At safepoint: 17530 ns, Total: 169101 ns
[2020-09-11T15:16:06.821+0000][1][safepoint    ] Safepoint "Cleanup", Time since last: 4000648564 ns, Reaching safepoint: 144211 ns, At safepoint: 16828 ns, Total: 161039 ns
[2020-09-11T15:16:07.821+0000][1][safepoint    ] Safepoint "Cleanup", Time since last: 1000181005 ns, Reaching safepoint: 139557 ns, At safepoint: 17840 ns, Total: 157397 ns
[2020-09-11T15:16:08.821+0000][1][safepoint    ] Safepoint "Cleanup", Time since last: 1000247537 ns, Reaching safepoint: 104539 ns, At safepoint: 6805 ns, Total: 111344 ns
[2020-09-11T15:16:09.822+0000][1][safepoint    ] Safepoint "Cleanup", Time since last: 1000217090 ns, Reaching safepoint: 110441 ns, At safepoint: 7769 ns, Total: 118210 ns
[2020-09-11T15:16:10.822+0000][1][safepoint    ] Safepoint "Cleanup", Time since last: 1000163454 ns, Reaching safepoint: 112107 ns, At safepoint: 6422 ns, Total: 118529 ns
[2020-09-11T15:16:11.822+0000][1][safepoint    ] Safepoint "Cleanup", Time since last: 1000131914 ns, Reaching safepoint: 144084 ns, At safepoint: 17885 ns, Total: 161969 ns
[2020-09-11T15:16:12.823+0000][1][safepoint    ] Safepoint "Cleanup", Time since last: 1000182100 ns, Reaching safepoint: 165145 ns, At safepoint: 17304 ns, Total: 182449 ns
[2020-09-11T15:16:13.823+0000][1][safepoint    ] Safepoint "Cleanup", Time since last: 1000204137 ns, Reaching safepoint: 110316 ns, At safepoint: 13749 ns, Total: 124065 ns
[2020-09-11T15:16:14.823+0000][1][safepoint    ] Safepoint "Cleanup", Time since last: 1000124886 ns, Reaching safepoint: 82001 ns, At safepoint: 6486 ns, Total: 88487 ns
[2020-09-11T15:16:15.824+0000][1][safepoint    ] Safepoint "Cleanup", Time since last: 1000181403 ns, Reaching safepoint: 133239 ns, At safepoint: 16815 ns, Total: 150054 ns
[2020-09-11T15:16:16.824+0000][1][safepoint    ] Safepoint "Cleanup", Time since last: 1000194245 ns, Reaching safepoint: 134558 ns, At safepoint: 16949 ns, Total: 151507 ns
[2020-09-11T15:16:17.824+0000][1][safepoint    ] Safepoint "Cleanup", Time since last: 1000221200 ns, Reaching safepoint: 100017 ns, At safepoint: 7529 ns, Total: 107546 ns
[2020-09-11T15:16:18.825+0000][1][safepoint    ] Safepoint "Cleanup", Time since last: 1000173538 ns, Reaching safepoint: 100061 ns, At safepoint: 6439 ns, Total: 106500 ns
[2020-09-11T15:16:19.825+0000][1][safepoint    ] Safepoint "Cleanup", Time since last: 1000166783 ns, Reaching safepoint: 156326 ns, At safepoint: 18095 ns, Total: 174421 ns
[2020-09-11T15:16:20.825+0000][1][safepoint    ] Safepoint "Cleanup", Time since last: 1000226060 ns, Reaching safepoint: 141806 ns, At safepoint: 16655 ns, Total: 158461 ns
[2020-09-11T15:16:21.826+0000][1][safepoint    ] Safepoint "Cleanup", Time since last: 1000204763 ns, Reaching safepoint: 100831 ns, At safepoint: 7163 ns, Total: 107994 ns
[2020-09-11T15:16:22.826+0000][1][safepoint    ] Safepoint "Cleanup", Time since last: 1000153977 ns, Reaching safepoint: 152868 ns, At safepoint: 17339 ns, Total: 170207 ns
[2020-09-11T15:16:23.826+0000][1][safepoint    ] Safepoint "Cleanup", Time since last: 1000243013 ns, Reaching safepoint: 143332 ns, At safepoint: 18302 ns, Total: 161634 ns
[2020-09-11T15:16:24.827+0000][1][safepoint    ] Safepoint "Cleanup", Time since last: 1000180837 ns, Reaching safepoint: 136540 ns, At safepoint: 16224 ns, Total: 152764 ns
[2020-09-11T15:16:25.827+0000][1][safepoint    ] Safepoint "Cleanup", Time since last: 1000242193 ns, Reaching safepoint: 134008 ns, At safepoint: 17513 ns, Total: 151521 ns
[2020-09-11T15:16:26.828+0000][1][safepoint    ] Safepoint "Cleanup", Time since last: 1000215019 ns, Reaching safepoint: 169993 ns, At safepoint: 15786 ns, Total: 185779 ns
[2020-09-11T15:16:27.828+0000][1][safepoint    ] Safepoint "Cleanup", Time since last: 1000180768 ns, Reaching safepoint: 100351 ns, At safepoint: 7244 ns, Total: 107595 ns
[2020-09-11T15:16:28.828+0000][1][safepoint    ] Safepoint "Cleanup", Time since last: 1000148618 ns, Reaching safepoint: 143897 ns, At safepoint: 17343 ns, Total: 161240 ns
[2020-09-11T15:16:29.828+0000][1][safepoint    ] Safepoint "Cleanup", Time since last: 1000185239 ns, Reaching safepoint: 153028 ns, At safepoint: 17984 ns, Total: 171012 ns
[2020-09-11T15:16:30.829+0000][1][safepoint    ] Safepoint "Cleanup", Time since last: 1000177159 ns, Reaching safepoint: 120924 ns, At safepoint: 7070 ns, Total: 127994 ns
[2020-09-11T15:16:31.829+0000][1][safepoint    ] Safepoint "Cleanup", Time since last: 1000140370 ns, Reaching safepoint: 121917 ns, At safepoint: 7146 ns, Total: 129063 ns
[2020-09-11T15:16:32.622+0000][1][gc,start     ] GC(144) Pause Young (Allocation Failure)
[2020-09-11T15:16:32.622+0000][1][gc,task      ] GC(144) Using 1 workers of 1 for evacuation
[2020-09-11T15:16:32.634+0000][1][gc,age       ] GC(144) Desired survivor size 4358144 bytes, new threshold 6 (max threshold 6)
[2020-09-11T15:16:32.634+0000][1][gc,age       ] GC(144) Age table with threshold 6 (max threshold 6)
[2020-09-11T15:16:32.634+0000][1][gc,age       ] GC(144) - age   1:     204264 bytes,     204264 total
[2020-09-11T15:16:32.634+0000][1][gc,age       ] GC(144) - age   2:        256 bytes,     204520 total
[2020-09-11T15:16:32.634+0000][1][gc,age       ] GC(144) - age   3:        624 bytes,     205144 total
[2020-09-11T15:16:32.634+0000][1][gc,age       ] GC(144) - age   4:        568 bytes,     205712 total
[2020-09-11T15:16:32.634+0000][1][gc,age       ] GC(144) - age   5:        152 bytes,     205864 total
[2020-09-11T15:16:32.634+0000][1][gc,age       ] GC(144) - age   6:        776 bytes,     206640 total
[2020-09-11T15:16:32.634+0000][1][gc,heap      ] GC(144) ParNew: 68275K->224K(76672K)
[2020-09-11T15:16:32.634+0000][1][gc,heap      ] GC(144) CMS: 108669K->108669K(2011968K)
[2020-09-11T15:16:32.634+0000][1][gc,metaspace ] GC(144) Metaspace: 94500K->94500K(1136640K)
[2020-09-11T15:16:32.634+0000][1][gc           ] GC(144) Pause Young (Allocation Failure) 172M->106M(2039M) 12.358ms
[2020-09-11T15:16:32.634+0000][1][gc,cpu       ] GC(144) User=0.02s Sys=0.00s Real=0.01s
[2020-09-11T15:16:32.634+0000][1][safepoint    ] Safepoint "GenCollectForAllocation", Time since last: 792798651 ns, Reaching safepoint: 219070 ns, At safepoint: 12428846 ns, Total: 12647916 ns
[2020-09-11T15:16:33.639+0000][1][safepoint    ] Safepoint "Cleanup", Time since last: 1003957310 ns, Reaching safepoint: 111547 ns, At safepoint: 7867 ns, Total: 119414 ns
[2020-09-11T15:16:34.639+0000][1][safepoint    ] Safepoint "Cleanup", Time since last: 1000153422 ns, Reaching safepoint: 135668 ns, At safepoint: 6613 ns, Total: 142281 ns
[2020-09-11T15:16:35.639+0000][1][safepoint    ] Safepoint "Cleanup", Time since last: 1000189234 ns, Reaching safepoint: 135196 ns, At safepoint: 6752 ns, Total: 141948 ns
[2020-09-11T15:16:36.640+0000][1][safepoint    ] Safepoint "Cleanup", Time since last: 1000199871 ns, Reaching safepoint: 118799 ns, At safepoint: 6570 ns, Total: 125369 ns
[2020-09-11T15:16:37.640+0000][1][safepoint    ] Safepoint "Cleanup", Time since last: 1000148304 ns, Reaching safepoint: 98728 ns, At safepoint: 7465 ns, Total: 106193 ns
[2020-09-11T15:16:38.640+0000][1][safepoint    ] Safepoint "Cleanup", Time since last: 1000128466 ns, Reaching safepoint: 143703 ns, At safepoint: 15405 ns, Total: 159108 ns
[2020-09-11T15:16:39.640+0000][1][safepoint    ] Safepoint "Cleanup", Time since last: 1000218241 ns, Reaching safepoint: 103591 ns, At safepoint: 8371 ns, Total: 111962 ns
[2020-09-11T15:16:40.641+0000][1][safepoint    ] Safepoint "Cleanup", Time since last: 1000182687 ns, Reaching safepoint: 106181 ns, At safepoint: 7226 ns, Total: 113407 ns
[2020-09-11T15:16:41.641+0000][1][safepoint    ] Safepoint "Cleanup", Time since last: 1000182065 ns, Reaching safepoint: 104513 ns, At safepoint: 8416 ns, Total: 112929 ns
[2020-09-11T15:16:42.642+0000][1][safepoint    ] Safepoint "Cleanup", Time since last: 1001328307 ns, Reaching safepoint: 167743 ns, At safepoint: 8172 ns, Total: 175915 ns
[2020-09-11T15:16:43.643+0000][1][safepoint    ] Safepoint "Cleanup", Time since last: 1000190648 ns, Reaching safepoint: 106683 ns, At safepoint: 8625 ns, Total: 115308 ns
[2020-09-11T15:16:44.643+0000][1][safepoint    ] Safepoint "Cleanup", Time since last: 1000232898 ns, Reaching safepoint: 260153 ns, At safepoint: 19033 ns, Total: 279186 ns
[2020-09-11T15:16:45.644+0000][1][safepoint    ] Safepoint "Cleanup", Time since last: 1000292881 ns, Reaching safepoint: 109395 ns, At safepoint: 7073 ns, Total: 116468 ns
[2020-09-11T15:16:46.645+0000][1][safepoint    ] Safepoint "Cleanup", Time since last: 1000797173 ns, Reaching safepoint: 107920 ns, At safepoint: 6549 ns, Total: 114469 ns
[2020-09-11T15:16:47.645+0000][1][safepoint    ] Safepoint "Cleanup", Time since last: 1000170085 ns, Reaching safepoint: 107110 ns, At safepoint: 8097 ns, Total: 115207 ns
[2020-09-11T15:16:48.645+0000][1][safepoint    ] Safepoint "Cleanup", Time since last: 1000192660 ns, Reaching safepoint: 141491 ns, At safepoint: 17396 ns, Total: 158887 ns
[2020-09-11T15:16:49.646+0000][1][safepoint    ] Safepoint "Cleanup", Time since last: 1000215058 ns, Reaching safepoint: 104329 ns, At safepoint: 7316 ns, Total: 111645 ns
[2020-09-11T15:16:50.646+0000][1][safepoint    ] Safepoint "Cleanup", Time since last: 1000111128 ns, Reaching safepoint: 74599 ns, At safepoint: 6324 ns, Total: 80923 ns
[2020-09-11T15:16:51.647+0000][1][safepoint    ] Safepoint "Cleanup", Time since last: 1000788273 ns, Reaching safepoint: 145229 ns, At safepoint: 17958 ns, Total: 163187 ns
[2020-09-11T15:16:52.647+0000][1][safepoint    ] Safepoint "Cleanup", Time since last: 1000413180 ns, Reaching safepoint: 158823 ns, At safepoint: 8029 ns, Total: 166852 ns
[2020-09-11T15:16:53.648+0000][1][safepoint    ] Safepoint "Cleanup", Time since last: 1000173599 ns, Reaching safepoint: 121211 ns, At safepoint: 7242 ns, Total: 128453 ns
[2020-09-11T15:16:54.648+0000][1][safepoint    ] Safepoint "Cleanup", Time since last: 1000179756 ns, Reaching safepoint: 107954 ns, At safepoint: 6326 ns, Total: 114280 ns
[2020-09-11T15:16:55.648+0000][1][safepoint    ] Safepoint "Cleanup", Time since last: 1000145729 ns, Reaching safepoint: 157203 ns, At safepoint: 18419 ns, Total: 175622 ns
[2020-09-11T15:16:56.649+0000][1][safepoint    ] Safepoint "Cleanup", Time since last: 1001123758 ns, Reaching safepoint: 137428 ns, At safepoint: 18128 ns, Total: 155556 ns
[2020-09-11T15:16:57.650+0000][1][safepoint    ] Safepoint "Cleanup", Time since last: 1000232563 ns, Reaching safepoint: 103363 ns, At safepoint: 7490 ns, Total: 110853 ns
[2020-09-11T15:16:58.650+0000][1][safepoint    ] Safepoint "Cleanup", Time since last: 1000199350 ns, Reaching safepoint: 103632 ns, At safepoint: 6863 ns, Total: 110495 ns
[2020-09-11T15:16:59.650+0000][1][safepoint    ] Safepoint "Cleanup", Time since last: 1000192345 ns, Reaching safepoint: 103440 ns, At safepoint: 7860 ns, Total: 111300 ns
[2020-09-11T15:17:00.651+0000][1][safepoint    ] Safepoint "Cleanup", Time since last: 1000186689 ns, Reaching safepoint: 138033 ns, At safepoint: 17453 ns, Total: 155486 ns
[2020-09-11T15:17:01.652+0000][1][safepoint    ] Safepoint "Cleanup", Time since last: 1001306903 ns, Reaching safepoint: 69643 ns, At safepoint: 6392 ns, Total: 76035 ns
[2020-09-11T15:17:02.652+0000][1][safepoint    ] Safepoint "Cleanup", Time since last: 1000106524 ns, Reaching safepoint: 201478 ns, At safepoint: 8186 ns, Total: 209664 ns
[2020-09-11T15:17:03.653+0000][1][safepoint    ] Safepoint "Cleanup", Time since last: 1000233134 ns, Reaching safepoint: 83864 ns, At safepoint: 8126 ns, Total: 91990 ns
[2020-09-11T15:17:04.653+0000][1][safepoint    ] Safepoint "Cleanup", Time since last: 1000163576 ns, Reaching safepoint: 123841 ns, At safepoint: 8083 ns, Total: 131924 ns
[2020-09-11T15:17:05.653+0000][1][safepoint    ] Safepoint "Cleanup", Time since last: 1000196127 ns, Reaching safepoint: 101383 ns, At safepoint: 7475 ns, Total: 108858 ns
[2020-09-11T15:17:06.655+0000][1][safepoint    ] Safepoint "Cleanup", Time since last: 1000938251 ns, Reaching safepoint: 146966 ns, At safepoint: 18987 ns, Total: 165953 ns
[2020-09-11T15:17:07.655+0000][1][safepoint    ] Safepoint "Cleanup", Time since last: 1000230570 ns, Reaching safepoint: 108052 ns, At safepoint: 8013 ns, Total: 116065 ns
[2020-09-11T15:17:09.918+0000][1][gc,start     ] GC(145) Pause Young (Allocation Failure)
[2020-09-11T15:17:09.919+0000][1][gc,task      ] GC(145) Using 1 workers of 1 for evacuation
[2020-09-11T15:17:09.934+0000][1][gc,age       ] GC(145) Desired survivor size 4358144 bytes, new threshold 6 (max threshold 6)
[2020-09-11T15:17:09.934+0000][1][gc,age       ] GC(145) Age table with threshold 6 (max threshold 6)
[2020-09-11T15:17:09.934+0000][1][gc,age       ] GC(145) - age   1:      54888 bytes,      54888 total
[2020-09-11T15:17:09.934+0000][1][gc,age       ] GC(145) - age   2:       7936 bytes,      62824 total
[2020-09-11T15:17:09.934+0000][1][gc,age       ] GC(145) - age   3:        256 bytes,      63080 total
[2020-09-11T15:17:09.934+0000][1][gc,age       ] GC(145) - age   4:        624 bytes,      63704 total
[2020-09-11T15:17:09.934+0000][1][gc,age       ] GC(145) - age   5:        568 bytes,      64272 total
[2020-09-11T15:17:09.934+0000][1][gc,age       ] GC(145) - age   6:        152 bytes,      64424 total
[2020-09-11T15:17:09.934+0000][1][gc,heap      ] GC(145) ParNew: 68384K->148K(76672K)
[2020-09-11T15:17:09.934+0000][1][gc,heap      ] GC(145) CMS: 108669K->108670K(2011968K)
[2020-09-11T15:17:09.934+0000][1][gc,metaspace ] GC(145) Metaspace: 94553K->94553K(1136640K)
[2020-09-11T15:17:09.934+0000][1][gc           ] GC(145) Pause Young (Allocation Failure) 172M->106M(2039M) 15.322ms
[2020-09-11T15:17:09.934+0000][1][gc,cpu       ] GC(145) User=0.02s Sys=0.00s Real=0.01s
[2020-09-11T15:17:09.934+0000][1][safepoint    ] Safepoint "GenCollectForAllocation", Time since last: 2263222578 ns, Reaching safepoint: 246007 ns, At safepoint: 15485963 ns, Total: 15731970 ns
[2020-09-11T15:17:12.935+0000][1][safepoint    ] Safepoint "Cleanup", Time since last: 3000652389 ns, Reaching safepoint: 105400 ns, At safepoint: 7158 ns, Total: 112558 ns
[2020-09-11T15:17:15.935+0000][1][safepoint    ] Safepoint "Cleanup", Time since last: 3000440153 ns, Reaching safepoint: 169017 ns, At safepoint: 14720 ns, Total: 183737 ns
[2020-09-11T15:17:24.937+0000][1][safepoint    ] Safepoint "Cleanup", Time since last: 9001307091 ns, Reaching safepoint: 99547 ns, At safepoint: 7432 ns, Total: 106979 ns
[2020-09-11T15:17:32.938+0000][1][safepoint    ] Safepoint "Cleanup", Time since last: 8000954676 ns, Reaching safepoint: 86146 ns, At safepoint: 7557 ns, Total: 93703 ns
[2020-09-11T15:17:33.938+0000][1][safepoint    ] Safepoint "Cleanup", Time since last: 1000179736 ns, Reaching safepoint: 108569 ns, At safepoint: 7150 ns, Total: 115719 ns
[2020-09-11T15:17:40.942+0000][1][safepoint    ] Safepoint "Cleanup", Time since last: 7004222000 ns, Reaching safepoint: 160798 ns, At safepoint: 19274 ns, Total: 180072 ns
[2020-09-11T15:17:41.943+0000][1][safepoint    ] Safepoint "Cleanup", Time since last: 1000226975 ns, Reaching safepoint: 148898 ns, At safepoint: 17774 ns, Total: 166672 ns
[2020-09-11T15:17:42.943+0000][1][safepoint    ] Safepoint "Cleanup", Time since last: 1000223102 ns, Reaching safepoint: 165964 ns, At safepoint: 21656 ns, Total: 187620 ns
[2020-09-11T15:17:43.943+0000][1][safepoint    ] Safepoint "Cleanup", Time since last: 1000164379 ns, Reaching safepoint: 91751 ns, At safepoint: 9507 ns, Total: 101258 ns
[2020-09-11T15:17:44.944+0000][1][safepoint    ] Safepoint "Cleanup", Time since last: 1000205897 ns, Reaching safepoint: 165312 ns, At safepoint: 19562 ns, Total: 184874 ns
[2020-09-11T15:17:45.944+0000][1][safepoint    ] Safepoint "Cleanup", Time since last: 1000249853 ns, Reaching safepoint: 107061 ns, At safepoint: 6901 ns, Total: 113962 ns
[2020-09-11T15:17:46.945+0000][1][safepoint    ] Safepoint "Cleanup", Time since last: 1000197077 ns, Reaching safepoint: 150438 ns, At safepoint: 18950 ns, Total: 169388 ns
[2020-09-11T15:17:47.945+0000][1][safepoint    ] Safepoint "Cleanup", Time since last: 1000213365 ns, Reaching safepoint: 109614 ns, At safepoint: 7237 ns, Total: 116851 ns
[2020-09-11T15:17:48.945+0000][1][safepoint    ] Safepoint "Cleanup", Time since last: 1000195249 ns, Reaching safepoint: 99131 ns, At safepoint: 7614 ns, Total: 106745 ns
[2020-09-11T15:17:49.945+0000][1][safepoint    ] Safepoint "Cleanup", Time since last: 1000177768 ns, Reaching safepoint: 106090 ns, At safepoint: 7326 ns, Total: 113416 ns
[2020-09-11T15:17:49.963+0000][1][gc,start     ] GC(146) Pause Young (Allocation Failure)
[2020-09-11T15:17:49.963+0000][1][gc,task      ] GC(146) Using 1 workers of 1 for evacuation
[2020-09-11T15:17:49.975+0000][1][gc,age       ] GC(146) Desired survivor size 4358144 bytes, new threshold 6 (max threshold 6)
[2020-09-11T15:17:49.975+0000][1][gc,age       ] GC(146) Age table with threshold 6 (max threshold 6)
[2020-09-11T15:17:49.975+0000][1][gc,age       ] GC(146) - age   1:      58248 bytes,      58248 total
[2020-09-11T15:17:49.975+0000][1][gc,age       ] GC(146) - age   2:       4128 bytes,      62376 total
[2020-09-11T15:17:49.975+0000][1][gc,age       ] GC(146) - age   3:       2728 bytes,      65104 total
[2020-09-11T15:17:49.975+0000][1][gc,age       ] GC(146) - age   4:        256 bytes,      65360 total
[2020-09-11T15:17:49.975+0000][1][gc,age       ] GC(146) - age   5:        624 bytes,      65984 total
[2020-09-11T15:17:49.975+0000][1][gc,age       ] GC(146) - age   6:        488 bytes,      66472 total
[2020-09-11T15:17:49.975+0000][1][gc,heap      ] GC(146) ParNew: 68308K->121K(76672K)
[2020-09-11T15:17:49.975+0000][1][gc,heap      ] GC(146) CMS: 108670K->108670K(2011968K)
[2020-09-11T15:17:49.975+0000][1][gc,metaspace ] GC(146) Metaspace: 94580K->94580K(1136640K)
[2020-09-11T15:17:49.975+0000][1][gc           ] GC(146) Pause Young (Allocation Failure) 172M->106M(2039M) 12.427ms
[2020-09-11T15:17:49.975+0000][1][gc,cpu       ] GC(146) User=0.01s Sys=0.00s Real=0.01s
[2020-09-11T15:17:49.975+0000][1][safepoint    ] Safepoint "GenCollectForAllocation", Time since last: 16874686 ns, Reaching safepoint: 158252 ns, At safepoint: 12506586 ns, Total: 12664838 ns
[2020-09-11T15:17:50.979+0000][1][safepoint    ] Safepoint "Cleanup", Time since last: 1003362301 ns, Reaching safepoint: 106742 ns, At safepoint: 207515 ns, Total: 314257 ns
[2020-09-11T15:17:51.980+0000][1][safepoint    ] Safepoint "Cleanup", Time since last: 1000496515 ns, Reaching safepoint: 298855 ns, At safepoint: 43373 ns, Total: 342228 ns
[2020-09-11T15:17:52.980+0000][1][safepoint    ] Safepoint "Cleanup", Time since last: 1000143442 ns, Reaching safepoint: 75760 ns, At safepoint: 5361 ns, Total: 81121 ns
[2020-09-11T15:17:53.980+0000][1][safepoint    ] Safepoint "Cleanup", Time since last: 1000142112 ns, Reaching safepoint: 107533 ns, At safepoint: 6016 ns, Total: 113549 ns
[2020-09-11T15:17:54.980+0000][1][safepoint    ] Safepoint "Cleanup", Time since last: 1000131536 ns, Reaching safepoint: 240669 ns, At safepoint: 18088 ns, Total: 258757 ns
[2020-09-11T15:17:55.981+0000][1][safepoint    ] Safepoint "Cleanup", Time since last: 1000170180 ns, Reaching safepoint: 145424 ns, At safepoint: 15204 ns, Total: 160628 ns
[2020-09-11T15:17:56.981+0000][1][safepoint    ] Safepoint "Cleanup", Time since last: 1000185513 ns, Reaching safepoint: 149268 ns, At safepoint: 18519 ns, Total: 167787 ns
[2020-09-11T15:17:57.981+0000][1][safepoint    ] Safepoint "Cleanup", Time since last: 1000241640 ns, Reaching safepoint: 110026 ns, At safepoint: 7472 ns, Total: 117498 ns
[2020-09-11T15:17:58.982+0000][1][safepoint    ] Safepoint "Cleanup", Time since last: 1000208480 ns, Reaching safepoint: 109708 ns, At safepoint: 8298 ns, Total: 118006 ns
[2020-09-11T15:17:59.982+0000][1][safepoint    ] Safepoint "Cleanup", Time since last: 1000168717 ns, Reaching safepoint: 165553 ns, At safepoint: 19164 ns, Total: 184717 ns
[2020-09-11T15:18:00.982+0000][1][safepoint    ] Safepoint "Cleanup", Time since last: 1000229104 ns, Reaching safepoint: 104418 ns, At safepoint: 8119 ns, Total: 112537 ns
[2020-09-11T15:18:01.983+0000][1][safepoint    ] Safepoint "Cleanup", Time since last: 1000192250 ns, Reaching safepoint: 134020 ns, At safepoint: 16899 ns, Total: 150919 ns
[2020-09-11T15:18:02.983+0000][1][safepoint    ] Safepoint "Cleanup", Time since last: 1000178761 ns, Reaching safepoint: 149844 ns, At safepoint: 18155 ns, Total: 167999 ns
[2020-09-11T15:18:03.984+0000][1][safepoint    ] Safepoint "Cleanup", Time since last: 1000243141 ns, Reaching safepoint: 136607 ns, At safepoint: 16504 ns, Total: 153111 ns
[2020-09-11T15:18:04.984+0000][1][safepoint    ] Safepoint "Cleanup", Time since last: 1000212342 ns, Reaching safepoint: 146375 ns, At safepoint: 18690 ns, Total: 165065 ns
[2020-09-11T15:18:05.984+0000][1][safepoint    ] Safepoint "Cleanup", Time since last: 1000219007 ns, Reaching safepoint: 147667 ns, At safepoint: 6679 ns, Total: 154346 ns
[2020-09-11T15:18:06.985+0000][1][safepoint    ] Safepoint "Cleanup", Time since last: 1000160352 ns, Reaching safepoint: 83387 ns, At safepoint: 7114 ns, Total: 90501 ns
[2020-09-11T15:18:07.985+0000][1][safepoint    ] Safepoint "Cleanup", Time since last: 1000177043 ns, Reaching safepoint: 143125 ns, At safepoint: 17413 ns, Total: 160538 ns
[2020-09-11T15:18:08.985+0000][1][safepoint    ] Safepoint "Cleanup", Time since last: 1000246139 ns, Reaching safepoint: 110001 ns, At safepoint: 8404 ns, Total: 118405 ns
[2020-09-11T15:18:09.986+0000][1][safepoint    ] Safepoint "Cleanup", Time since last: 1000194252 ns, Reaching safepoint: 106506 ns, At safepoint: 6826 ns, Total: 113332 ns
[2020-09-11T15:18:10.986+0000][1][safepoint    ] Safepoint "Cleanup", Time since last: 1000202953 ns, Reaching safepoint: 106026 ns, At safepoint: 7561 ns, Total: 113587 ns
[2020-09-11T15:18:11.986+0000][1][safepoint    ] Safepoint "Cleanup", Time since last: 1000174861 ns, Reaching safepoint: 95056 ns, At safepoint: 11615 ns, Total: 106671 ns
[2020-09-11T15:18:12.987+0000][1][safepoint    ] Safepoint "Cleanup", Time since last: 1000214215 ns, Reaching safepoint: 148958 ns, At safepoint: 19344 ns, Total: 168302 ns
[2020-09-11T15:18:13.987+0000][1][safepoint    ] Safepoint "Cleanup", Time since last: 1000206742 ns, Reaching safepoint: 109204 ns, At safepoint: 13108 ns, Total: 122312 ns
[2020-09-11T15:18:14.987+0000][1][safepoint    ] Safepoint "Cleanup", Time since last: 1000185171 ns, Reaching safepoint: 140198 ns, At safepoint: 17885 ns, Total: 158083 ns
[2020-09-11T15:18:15.988+0000][1][safepoint    ] Safepoint "Cleanup", Time since last: 1000243190 ns, Reaching safepoint: 101681 ns, At safepoint: 7099 ns, Total: 108780 ns
[2020-09-11T15:18:16.988+0000][1][safepoint    ] Safepoint "Cleanup", Time since last: 1000185914 ns, Reaching safepoint: 149917 ns, At safepoint: 18947 ns, Total: 168864 ns
[2020-09-11T15:18:17.988+0000][1][safepoint    ] Safepoint "Cleanup", Time since last: 1000230961 ns, Reaching safepoint: 142674 ns, At safepoint: 17233 ns, Total: 159907 ns
[2020-09-11T15:18:18.989+0000][1][safepoint    ] Safepoint "Cleanup", Time since last: 1000219589 ns, Reaching safepoint: 144264 ns, At safepoint: 18228 ns, Total: 162492 ns
[2020-09-11T15:18:19.989+0000][1][safepoint    ] Safepoint "Cleanup", Time since last: 1000210677 ns, Reaching safepoint: 139259 ns, At safepoint: 16645 ns, Total: 155904 ns
[2020-09-11T15:18:20.989+0000][1][safepoint    ] Safepoint "Cleanup", Time since last: 1000237361 ns, Reaching safepoint: 100116 ns, At safepoint: 8176 ns, Total: 108292 ns
[2020-09-11T15:18:22.990+0000][1][safepoint    ] Safepoint "Cleanup", Time since last: 2000314805 ns, Reaching safepoint: 153585 ns, At safepoint: 16020 ns, Total: 169605 ns
[2020-09-11T15:18:25.034+0000][1][gc,start     ] GC(147) Pause Young (Allocation Failure)
[2020-09-11T15:18:25.035+0000][1][gc,task      ] GC(147) Using 1 workers of 1 for evacuation
[2020-09-11T15:18:25.048+0000][1][gc,age       ] GC(147) Desired survivor size 4358144 bytes, new threshold 6 (max threshold 6)
[2020-09-11T15:18:25.048+0000][1][gc,age       ] GC(147) Age table with threshold 6 (max threshold 6)
[2020-09-11T15:18:25.048+0000][1][gc,age       ] GC(147) - age   1:      60624 bytes,      60624 total
[2020-09-11T15:18:25.048+0000][1][gc,age       ] GC(147) - age   2:       4280 bytes,      64904 total
[2020-09-11T15:18:25.048+0000][1][gc,age       ] GC(147) - age   3:        280 bytes,      65184 total
[2020-09-11T15:18:25.048+0000][1][gc,age       ] GC(147) - age   4:       1456 bytes,      66640 total
[2020-09-11T15:18:25.048+0000][1][gc,age       ] GC(147) - age   5:        256 bytes,      66896 total
[2020-09-11T15:18:25.048+0000][1][gc,age       ] GC(147) - age   6:        624 bytes,      67520 total
[2020-09-11T15:18:25.048+0000][1][gc,heap      ] GC(147) ParNew: 68281K->79K(76672K)
[2020-09-11T15:18:25.048+0000][1][gc,heap      ] GC(147) CMS: 108670K->108670K(2011968K)
[2020-09-11T15:18:25.048+0000][1][gc,metaspace ] GC(147) Metaspace: 94587K->94587K(1136640K)
[2020-09-11T15:18:25.048+0000][1][gc           ] GC(147) Pause Young (Allocation Failure) 172M->106M(2039M) 13.600ms
[2020-09-11T15:18:25.048+0000][1][gc,cpu       ] GC(147) User=0.01s Sys=0.00s Real=0.02s
[2020-09-11T15:18:25.050+0000][1][safepoint    ] Safepoint "GenCollectForAllocation", Time since last: 2044152813 ns, Reaching safepoint: 283864 ns, At safepoint: 16021524 ns, Total: 16305388 ns
[2020-09-11T15:18:33.057+0000][1][safepoint    ] Safepoint "Cleanup", Time since last: 8006034155 ns, Reaching safepoint: 110419 ns, At safepoint: 7053 ns, Total: 117472 ns
[2020-09-11T15:18:43.058+0000][1][safepoint    ] Safepoint "Cleanup", Time since last: 10001527209 ns, Reaching safepoint: 162362 ns, At safepoint: 17921 ns, Total: 180283 ns
[2020-09-11T15:18:44.059+0000][1][safepoint    ] Safepoint "Cleanup", Time since last: 1000193453 ns, Reaching safepoint: 102891 ns, At safepoint: 7715 ns, Total: 110606 ns
[2020-09-11T15:18:45.059+0000][1][safepoint    ] Safepoint "Cleanup", Time since last: 1000114113 ns, Reaching safepoint: 179652 ns, At safepoint: 18626 ns, Total: 198278 ns
[2020-09-11T15:18:46.059+0000][1][safepoint    ] Safepoint "Cleanup", Time since last: 1000183058 ns, Reaching safepoint: 122122 ns, At safepoint: 8208 ns, Total: 130330 ns
[2020-09-11T15:18:47.060+0000][1][safepoint    ] Safepoint "Cleanup", Time since last: 1000173673 ns, Reaching safepoint: 224615 ns, At safepoint: 16274 ns, Total: 240889 ns
[2020-09-11T15:18:48.060+0000][1][safepoint    ] Safepoint "Cleanup", Time since last: 1000252182 ns, Reaching safepoint: 98228 ns, At safepoint: 7241 ns, Total: 105469 ns
[2020-09-11T15:18:49.060+0000][1][safepoint    ] Safepoint "Cleanup", Time since last: 1000178636 ns, Reaching safepoint: 102205 ns, At safepoint: 6919 ns, Total: 109124 ns
[2020-09-11T15:18:50.061+0000][1][safepoint    ] Safepoint "Cleanup", Time since last: 1000174517 ns, Reaching safepoint: 124409 ns, At safepoint: 7253 ns, Total: 131662 ns
[2020-09-11T15:18:51.061+0000][1][safepoint    ] Safepoint "Cleanup", Time since last: 1000168438 ns, Reaching safepoint: 108302 ns, At safepoint: 6783 ns, Total: 115085 ns
[2020-09-11T15:18:52.061+0000][1][safepoint    ] Safepoint "Cleanup", Time since last: 1000203135 ns, Reaching safepoint: 104643 ns, At safepoint: 7421 ns, Total: 112064 ns
[2020-09-11T15:18:53.061+0000][1][safepoint    ] Safepoint "Cleanup", Time since last: 1000176121 ns, Reaching safepoint: 159322 ns, At safepoint: 18138 ns, Total: 177460 ns
[2020-09-11T15:18:54.062+0000][1][safepoint    ] Safepoint "Cleanup", Time since last: 1000215805 ns, Reaching safepoint: 142567 ns, At safepoint: 17731 ns, Total: 160298 ns
[2020-09-11T15:18:55.062+0000][1][safepoint    ] Safepoint "Cleanup", Time since last: 1000184643 ns, Reaching safepoint: 143555 ns, At safepoint: 17060 ns, Total: 160615 ns
[2020-09-11T15:18:56.063+0000][1][safepoint    ] Safepoint "Cleanup", Time since last: 1000216274 ns, Reaching safepoint: 130034 ns, At safepoint: 7653 ns, Total: 137687 ns
[2020-09-11T15:18:57.063+0000][1][safepoint    ] Safepoint "Cleanup", Time since last: 1000183779 ns, Reaching safepoint: 142513 ns, At safepoint: 17226 ns, Total: 159739 ns
[2020-09-11T15:18:58.063+0000][1][safepoint    ] Safepoint "Cleanup", Time since last: 1000216708 ns, Reaching safepoint: 144558 ns, At safepoint: 18930 ns, Total: 163488 ns
[2020-09-11T15:18:58.096+0000][1][safepoint    ] Safepoint "RevokeBias", Time since last: 32057754 ns, Reaching safepoint: 233388 ns, At safepoint: 30839 ns, Total: 264227 ns
[2020-09-11T15:18:59.096+0000][1][safepoint    ] Safepoint "Cleanup", Time since last: 1000145346 ns, Reaching safepoint: 166111 ns, At safepoint: 17186 ns, Total: 183297 ns
[2020-09-11T15:19:00.096+0000][1][safepoint    ] Safepoint "Cleanup", Time since last: 1000220257 ns, Reaching safepoint: 111722 ns, At safepoint: 9457 ns, Total: 121179 ns
[2020-09-11T15:19:01.097+0000][1][safepoint    ] Safepoint "Cleanup", Time since last: 1000193278 ns, Reaching safepoint: 98865 ns, At safepoint: 7439 ns, Total: 106304 ns
[2020-09-11T15:19:02.097+0000][1][safepoint    ] Safepoint "Cleanup", Time since last: 1000190278 ns, Reaching safepoint: 138461 ns, At safepoint: 17780 ns, Total: 156241 ns
[2020-09-11T15:19:03.097+0000][1][safepoint    ] Safepoint "Cleanup", Time since last: 1000230843 ns, Reaching safepoint: 155877 ns, At safepoint: 17239 ns, Total: 173116 ns
[2020-09-11T15:19:03.104+0000][1][gc,start     ] GC(148) Pause Young (Allocation Failure)
[2020-09-11T15:19:03.104+0000][1][gc,task      ] GC(148) Using 1 workers of 1 for evacuation
[2020-09-11T15:19:03.123+0000][1][gc,age       ] GC(148) Desired survivor size 4358144 bytes, new threshold 6 (max threshold 6)
[2020-09-11T15:19:03.123+0000][1][gc,age       ] GC(148) Age table with threshold 6 (max threshold 6)
[2020-09-11T15:19:03.123+0000][1][gc,age       ] GC(148) - age   1:      65048 bytes,      65048 total
[2020-09-11T15:19:03.123+0000][1][gc,age       ] GC(148) - age   2:       3344 bytes,      68392 total
[2020-09-11T15:19:03.123+0000][1][gc,age       ] GC(148) - age   3:        472 bytes,      68864 total
[2020-09-11T15:19:03.123+0000][1][gc,age       ] GC(148) - age   4:        280 bytes,      69144 total
[2020-09-11T15:19:03.123+0000][1][gc,age       ] GC(148) - age   5:       1456 bytes,      70600 total
[2020-09-11T15:19:03.123+0000][1][gc,age       ] GC(148) - age   6:        256 bytes,      70856 total
[2020-09-11T15:19:03.123+0000][1][gc,heap      ] GC(148) ParNew: 68239K->126K(76672K)
[2020-09-11T15:19:03.123+0000][1][gc,heap      ] GC(148) CMS: 108670K->108671K(2011968K)
[2020-09-11T15:19:03.123+0000][1][gc,metaspace ] GC(148) Metaspace: 94620K->94620K(1136640K)
[2020-09-11T15:19:03.123+0000][1][gc           ] GC(148) Pause Young (Allocation Failure) 172M->106M(2039M) 19.357ms
[2020-09-11T15:19:03.123+0000][1][gc,cpu       ] GC(148) User=0.02s Sys=0.00s Real=0.01s
[2020-09-11T15:19:03.123+0000][1][safepoint    ] Safepoint "GenCollectForAllocation", Time since last: 6428286 ns, Reaching safepoint: 95502 ns, At safepoint: 19436386 ns, Total: 19531888 ns
[2020-09-11T15:19:04.124+0000][1][safepoint    ] Safepoint "Cleanup", Time since last: 1000266333 ns, Reaching safepoint: 82189 ns, At safepoint: 20484 ns, Total: 102673 ns
[2020-09-11T15:19:05.124+0000][1][safepoint    ] Safepoint "Cleanup", Time since last: 1000106325 ns, Reaching safepoint: 79585 ns, At safepoint: 7941 ns, Total: 87526 ns
[2020-09-11T15:19:06.124+0000][1][safepoint    ] Safepoint "Cleanup", Time since last: 1000134458 ns, Reaching safepoint: 87328 ns, At safepoint: 7702 ns, Total: 95030 ns
[2020-09-11T15:19:07.124+0000][1][safepoint    ] Safepoint "Cleanup", Time since last: 1000131335 ns, Reaching safepoint: 112919 ns, At safepoint: 5645 ns, Total: 118564 ns
[2020-09-11T15:19:08.125+0000][1][safepoint    ] Safepoint "Cleanup", Time since last: 1000140690 ns, Reaching safepoint: 136567 ns, At safepoint: 14035 ns, Total: 150602 ns
[2020-09-11T15:19:09.125+0000][1][safepoint    ] Safepoint "Cleanup", Time since last: 1000174815 ns, Reaching safepoint: 146442 ns, At safepoint: 15836 ns, Total: 162278 ns
[2020-09-11T15:19:10.125+0000][1][safepoint    ] Safepoint "Cleanup", Time since last: 1000207207 ns, Reaching safepoint: 102095 ns, At safepoint: 7438 ns, Total: 109533 ns
[2020-09-11T15:19:11.126+0000][1][safepoint    ] Safepoint "Cleanup", Time since last: 1000183659 ns, Reaching safepoint: 88626 ns, At safepoint: 6569 ns, Total: 95195 ns
[2020-09-11T15:19:13.126+0000][1][safepoint    ] Safepoint "Cleanup", Time since last: 2000299874 ns, Reaching safepoint: 105962 ns, At safepoint: 6844 ns, Total: 112806 ns
[2020-09-11T15:19:16.581+0000][1][safepoint    ] Safepoint "RevokeBias", Time since last: 3454646862 ns, Reaching safepoint: 186084 ns, At safepoint: 19450 ns, Total: 205534 ns
[2020-09-11T15:19:16.581+0000][1][safepoint    ] Safepoint "RevokeBias", Time since last: 76487 ns, Reaching safepoint: 27185 ns, At safepoint: 10541 ns, Total: 37726 ns
[2020-09-11T15:19:16.581+0000][1][safepoint    ] Safepoint "RevokeBias", Time since last: 29959 ns, Reaching safepoint: 24575 ns, At safepoint: 8600 ns, Total: 33175 ns
[2020-09-11T15:19:16.581+0000][1][safepoint    ] Safepoint "BulkRevokeBias", Time since last: 37249 ns, Reaching safepoint: 24510 ns, At safepoint: 422892 ns, Total: 447402 ns
[2020-09-11T15:19:16.593+0000][1][safepoint    ] Safepoint "RevokeBias", Time since last: 11107915 ns, Reaching safepoint: 148299 ns, At safepoint: 18150 ns, Total: 166449 ns
[2020-09-11T15:19:16.594+0000][1][safepoint    ] Safepoint "RevokeBias", Time since last: 1100731 ns, Reaching safepoint: 128040 ns, At safepoint: 15887 ns, Total: 143927 ns
[2020-09-11T15:19:16.601+0000][1][safepoint    ] Safepoint "RevokeBias", Time since last: 6636699 ns, Reaching safepoint: 137432 ns, At safepoint: 16987 ns, Total: 154419 ns
[2020-09-11T15:19:16.601+0000][1][safepoint    ] Safepoint "RevokeBias", Time since last: 78577 ns, Reaching safepoint: 100263 ns, At safepoint: 12752 ns, Total: 113015 ns
[2020-09-11T15:19:16.616+0000][1][safepoint    ] Safepoint "RevokeBias", Time since last: 14537470 ns, Reaching safepoint: 144768 ns, At safepoint: 23082 ns, Total: 167850 ns
[2020-09-11T15:19:16.635+0000][1][safepoint    ] Safepoint "RevokeBias", Time since last: 19442351 ns, Reaching safepoint: 207480 ns, At safepoint: 21983 ns, Total: 229463 ns
[2020-09-11T15:19:16.654+0000][1][safepoint    ] Safepoint "RevokeBias", Time since last: 18853140 ns, Reaching safepoint: 165009 ns, At safepoint: 20725 ns, Total: 185734 ns
[2020-09-11T15:19:16.655+0000][1][safepoint    ] Safepoint "RevokeBias", Time since last: 74301 ns, Reaching safepoint: 113842 ns, At safepoint: 19742 ns, Total: 133584 ns
[2020-09-11T15:19:16.655+0000][1][safepoint    ] Safepoint "RevokeBias", Time since last: 275806 ns, Reaching safepoint: 114604 ns, At safepoint: 12084 ns, Total: 126688 ns
[2020-09-11T15:19:17.127+0000][1][safepoint    ] Safepoint "RevokeBias", Time since last: 471437900 ns, Reaching safepoint: 66416 ns, At safepoint: 20352 ns, Total: 86768 ns
[2020-09-11T15:19:17.129+0000][1][safepoint    ] Safepoint "RevokeBias", Time since last: 1844466 ns, Reaching safepoint: 134806 ns, At safepoint: 19183 ns, Total: 153989 ns
[2020-09-11T15:19:17.129+0000][1][safepoint    ] Safepoint "RevokeBias", Time since last: 92439 ns, Reaching safepoint: 97706 ns, At safepoint: 11309 ns, Total: 109015 ns
[2020-09-11T15:19:17.129+0000][1][safepoint    ] Safepoint "RevokeBias", Time since last: 85143 ns, Reaching safepoint: 103451 ns, At safepoint: 10539 ns, Total: 113990 ns
[2020-09-11T15:19:17.129+0000][1][safepoint    ] Safepoint "RevokeBias", Time since last: 41114 ns, Reaching safepoint: 97653 ns, At safepoint: 10397 ns, Total: 108050 ns
[2020-09-11T15:19:17.137+0000][1][safepoint    ] Safepoint "RevokeBias", Time since last: 7654005 ns, Reaching safepoint: 139068 ns, At safepoint: 21386 ns, Total: 160454 ns
[2020-09-11T15:19:17.140+0000][1][safepoint    ] Safepoint "RevokeBias", Time since last: 3295457 ns, Reaching safepoint: 135695 ns, At safepoint: 27293 ns, Total: 162988 ns
[2020-09-11T15:19:17.141+0000][1][safepoint    ] Safepoint "RevokeBias", Time since last: 335872 ns, Reaching safepoint: 102033 ns, At safepoint: 13734 ns, Total: 115767 ns
[2020-09-11T15:19:17.177+0000][1][safepoint    ] Safepoint "RevokeBias", Time since last: 35979826 ns, Reaching safepoint: 243957 ns, At safepoint: 23059 ns, Total: 267016 ns
[2020-09-11T15:19:17.177+0000][1][safepoint    ] Safepoint "RevokeBias", Time since last: 67787 ns, Reaching safepoint: 105078 ns, At safepoint: 14032 ns, Total: 119110 ns
[2020-09-11T15:19:17.178+0000][1][safepoint    ] Safepoint "RevokeBias", Time since last: 636357 ns, Reaching safepoint: 104982 ns, At safepoint: 13520 ns, Total: 118502 ns
[2020-09-11T15:19:17.182+0000][1][safepoint    ] Safepoint "RevokeBias", Time since last: 3659148 ns, Reaching safepoint: 150685 ns, At safepoint: 48917 ns, Total: 199602 ns
[2020-09-11T15:19:17.182+0000][1][safepoint    ] Safepoint "RevokeBias", Time since last: 59181 ns, Reaching safepoint: 100456 ns, At safepoint: 33233 ns, Total: 133689 ns
[2020-09-11T15:19:17.182+0000][1][safepoint    ] Safepoint "RevokeBias", Time since last: 34707 ns, Reaching safepoint: 101175 ns, At safepoint: 30682 ns, Total: 131857 ns
[2020-09-11T15:19:17.182+0000][1][safepoint    ] Safepoint "RevokeBias", Time since last: 46367 ns, Reaching safepoint: 98582 ns, At safepoint: 29316 ns, Total: 127898 ns
[2020-09-11T15:19:17.183+0000][1][safepoint    ] Safepoint "RevokeBias", Time since last: 30636 ns, Reaching safepoint: 97734 ns, At safepoint: 28002 ns, Total: 125736 ns
[2020-09-11T15:19:17.183+0000][1][safepoint    ] Safepoint "RevokeBias", Time since last: 49775 ns, Reaching safepoint: 26081 ns, At safepoint: 10945 ns, Total: 37026 ns
[2020-09-11T15:19:17.267+0000][1][safepoint    ] Safepoint "RevokeBias", Time since last: 83762710 ns, Reaching safepoint: 270620 ns, At safepoint: 23802 ns, Total: 294422 ns
[2020-09-11T15:19:17.572+0000][1][gc,start     ] GC(149) Pause Young (Allocation Failure)
[2020-09-11T15:19:17.572+0000][1][gc,task      ] GC(149) Using 1 workers of 1 for evacuation
[2020-09-11T15:19:17.599+0000][1][gc,age       ] GC(149) Desired survivor size 4358144 bytes, new threshold 6 (max threshold 6)
[2020-09-11T15:19:17.599+0000][1][gc,age       ] GC(149) Age table with threshold 6 (max threshold 6)
[2020-09-11T15:19:17.599+0000][1][gc,age       ] GC(149) - age   1:    1041240 bytes,    1041240 total
[2020-09-11T15:19:17.599+0000][1][gc,age       ] GC(149) - age   2:      15272 bytes,    1056512 total
[2020-09-11T15:19:17.599+0000][1][gc,age       ] GC(149) - age   3:       3056 bytes,    1059568 total
[2020-09-11T15:19:17.599+0000][1][gc,age       ] GC(149) - age   4:        448 bytes,    1060016 total
[2020-09-11T15:19:17.599+0000][1][gc,age       ] GC(149) - age   5:        280 bytes,    1060296 total
[2020-09-11T15:19:17.599+0000][1][gc,age       ] GC(149) - age   6:        216 bytes,    1060512 total
[2020-09-11T15:19:17.599+0000][1][gc,heap      ] GC(149) ParNew: 68286K->1046K(76672K)
[2020-09-11T15:19:17.599+0000][1][gc,heap      ] GC(149) CMS: 108671K->108671K(2011968K)
[2020-09-11T15:19:17.599+0000][1][gc,metaspace ] GC(149) Metaspace: 95047K->95047K(1136640K)
[2020-09-11T15:19:17.599+0000][1][gc           ] GC(149) Pause Young (Allocation Failure) 172M->107M(2039M) 27.473ms
[2020-09-11T15:19:17.599+0000][1][gc,cpu       ] GC(149) User=0.02s Sys=0.00s Real=0.03s
[2020-09-11T15:19:17.603+0000][1][safepoint    ] Safepoint "GenCollectForAllocation", Time since last: 304928849 ns, Reaching safepoint: 185986 ns, At safepoint: 31649149 ns, Total: 31835135 ns
[2020-09-11T15:19:18.607+0000][1][safepoint    ] Safepoint "Cleanup", Time since last: 1003526266 ns, Reaching safepoint: 175693 ns, At safepoint: 20173 ns, Total: 195866 ns
[2020-09-11T15:19:20.608+0000][1][safepoint    ] Safepoint "Cleanup", Time since last: 2000314893 ns, Reaching safepoint: 173177 ns, At safepoint: 21128 ns, Total: 194305 ns
[2020-09-11T15:19:21.612+0000][1][safepoint    ] Safepoint "Cleanup", Time since last: 1003758564 ns, Reaching safepoint: 108945 ns, At safepoint: 9277 ns, Total: 118222 ns
[2020-09-11T15:19:22.612+0000][1][safepoint    ] Safepoint "Cleanup", Time since last: 1000104501 ns, Reaching safepoint: 390887 ns, At safepoint: 9050 ns, Total: 399937 ns
[2020-09-11T15:19:23.612+0000][1][safepoint    ] Safepoint "Cleanup", Time since last: 1000164781 ns, Reaching safepoint: 117089 ns, At safepoint: 6715 ns, Total: 123804 ns
[2020-09-11T15:19:25.613+0000][1][safepoint    ] Safepoint "Cleanup", Time since last: 2000250038 ns, Reaching safepoint: 147586 ns, At safepoint: 8050 ns, Total: 155636 ns
[2020-09-11T15:19:27.613+0000][1][safepoint    ] Safepoint "Cleanup", Time since last: 2000295388 ns, Reaching safepoint: 177503 ns, At safepoint: 18894 ns, Total: 196397 ns
[2020-09-11T15:19:27.900+0000][1][gc,start     ] GC(150) Pause Young (Allocation Failure)
[2020-09-11T15:19:27.900+0000][1][gc,task      ] GC(150) Using 1 workers of 1 for evacuation
[2020-09-11T15:19:27.929+0000][1][gc,age       ] GC(150) Desired survivor size 4358144 bytes, new threshold 6 (max threshold 6)
[2020-09-11T15:19:27.929+0000][1][gc,age       ] GC(150) Age table with threshold 6 (max threshold 6)
[2020-09-11T15:19:27.929+0000][1][gc,age       ] GC(150) - age   1:     326176 bytes,     326176 total
[2020-09-11T15:19:27.929+0000][1][gc,age       ] GC(150) - age   2:     476576 bytes,     802752 total
[2020-09-11T15:19:27.929+0000][1][gc,age       ] GC(150) - age   3:      11712 bytes,     814464 total
[2020-09-11T15:19:27.929+0000][1][gc,age       ] GC(150) - age   4:       1816 bytes,     816280 total
[2020-09-11T15:19:27.929+0000][1][gc,age       ] GC(150) - age   5:        448 bytes,     816728 total
[2020-09-11T15:19:27.929+0000][1][gc,age       ] GC(150) - age   6:        280 bytes,     817008 total
[2020-09-11T15:19:27.929+0000][1][gc,heap      ] GC(150) ParNew: 69206K->1307K(76672K)
[2020-09-11T15:19:27.929+0000][1][gc,heap      ] GC(150) CMS: 108671K->108671K(2011968K)
[2020-09-11T15:19:27.929+0000][1][gc,metaspace ] GC(150) Metaspace: 95284K->95284K(1136640K)
[2020-09-11T15:19:27.929+0000][1][gc           ] GC(150) Pause Young (Allocation Failure) 173M->107M(2039M) 29.644ms
[2020-09-11T15:19:27.929+0000][1][gc,cpu       ] GC(150) User=0.01s Sys=0.00s Real=0.03s
[2020-09-11T15:19:27.930+0000][1][safepoint    ] Safepoint "GenCollectForAllocation", Time since last: 286201035 ns, Reaching safepoint: 180370 ns, At safepoint: 30110974 ns, Total: 30291344 ns
[2020-09-11T15:19:28.932+0000][1][safepoint    ] Safepoint "Cleanup", Time since last: 1002007974 ns, Reaching safepoint: 163351 ns, At safepoint: 54922 ns, Total: 218273 ns
[2020-09-11T15:19:31.933+0000][1][safepoint    ] Safepoint "Cleanup", Time since last: 3000524376 ns, Reaching safepoint: 159068 ns, At safepoint: 18269 ns, Total: 177337 ns
[2020-09-11T15:19:32.933+0000][1][safepoint    ] Safepoint "Cleanup", Time since last: 1000217014 ns, Reaching safepoint: 176685 ns, At safepoint: 18794 ns, Total: 195479 ns
[2020-09-11T15:19:37.934+0000][1][safepoint    ] Safepoint "Cleanup", Time since last: 5000650084 ns, Reaching safepoint: 179054 ns, At safepoint: 21005 ns, Total: 200059 ns
[2020-09-11T15:19:38.454+0000][1][safepoint    ] Safepoint "RevokeBias", Time since last: 519529537 ns, Reaching safepoint: 486451 ns, At safepoint: 23848 ns, Total: 510299 ns
[2020-09-11T15:19:38.454+0000][1][safepoint    ] Safepoint "RevokeBias", Time since last: 315396 ns, Reaching safepoint: 183851 ns, At safepoint: 14678 ns, Total: 198529 ns
[2020-09-11T15:19:38.455+0000][1][safepoint    ] Safepoint "RevokeBias", Time since last: 34526 ns, Reaching safepoint: 176263 ns, At safepoint: 14631 ns, Total: 190894 ns
[2020-09-11T15:19:38.455+0000][1][safepoint    ] Safepoint "RevokeBias", Time since last: 169825 ns, Reaching safepoint: 170890 ns, At safepoint: 13302 ns, Total: 184192 ns
[2020-09-11T15:19:38.456+0000][1][safepoint    ] Safepoint "RevokeBias", Time since last: 358316 ns, Reaching safepoint: 182255 ns, At safepoint: 13929 ns, Total: 196184 ns
[2020-09-11T15:19:38.456+0000][1][safepoint    ] Safepoint "RevokeBias", Time since last: 35754 ns, Reaching safepoint: 175172 ns, At safepoint: 12694 ns, Total: 187866 ns
[2020-09-11T15:19:38.456+0000][1][safepoint    ] Safepoint "RevokeBias", Time since last: 30477 ns, Reaching safepoint: 177899 ns, At safepoint: 12306 ns, Total: 190205 ns
[2020-09-11T15:19:38.457+0000][1][safepoint    ] Safepoint "RevokeBias", Time since last: 392338 ns, Reaching safepoint: 185535 ns, At safepoint: 22030 ns, Total: 207565 ns
[2020-09-11T15:19:38.457+0000][1][safepoint    ] Safepoint "RevokeBias", Time since last: 29227 ns, Reaching safepoint: 174145 ns, At safepoint: 19924 ns, Total: 194069 ns
[2020-09-11T15:19:39.051+0000][1][safepoint    ] Safepoint "ICBufferFull", Time since last: 593861624 ns, Reaching safepoint: 250308 ns, At safepoint: 8255 ns, Total: 258563 ns
[2020-09-11T15:19:40.051+0000][1][safepoint    ] Safepoint "Cleanup", Time since last: 1000143396 ns, Reaching safepoint: 168380 ns, At safepoint: 18248 ns, Total: 186628 ns
[2020-09-11T15:19:41.052+0000][1][safepoint    ] Safepoint "Cleanup", Time since last: 1000153830 ns, Reaching safepoint: 155008 ns, At safepoint: 18135 ns, Total: 173143 ns
[2020-09-11T15:19:42.052+0000][1][safepoint    ] Safepoint "Cleanup", Time since last: 1000175402 ns, Reaching safepoint: 113174 ns, At safepoint: 7010 ns, Total: 120184 ns
[2020-09-11T15:19:42.612+0000][1][gc,start     ] GC(151) Pause Young (Allocation Failure)
[2020-09-11T15:19:42.613+0000][1][gc,task      ] GC(151) Using 1 workers of 1 for evacuation
[2020-09-11T15:19:42.626+0000][1][gc,age       ] GC(151) Desired survivor size 4358144 bytes, new threshold 6 (max threshold 6)
[2020-09-11T15:19:42.626+0000][1][gc,age       ] GC(151) Age table with threshold 6 (max threshold 6)
[2020-09-11T15:19:42.626+0000][1][gc,age       ] GC(151) - age   1:     183744 bytes,     183744 total
[2020-09-11T15:19:42.626+0000][1][gc,age       ] GC(151) - age   2:     167112 bytes,     350856 total
[2020-09-11T15:19:42.626+0000][1][gc,age       ] GC(151) - age   3:     472824 bytes,     823680 total
[2020-09-11T15:19:42.626+0000][1][gc,age       ] GC(151) - age   4:      10168 bytes,     833848 total
[2020-09-11T15:19:42.626+0000][1][gc,age       ] GC(151) - age   5:       1816 bytes,     835664 total
[2020-09-11T15:19:42.626+0000][1][gc,age       ] GC(151) - age   6:        448 bytes,     836112 total
[2020-09-11T15:19:42.626+0000][1][gc,heap      ] GC(151) ParNew: 69467K->1523K(76672K)
[2020-09-11T15:19:42.626+0000][1][gc,heap      ] GC(151) CMS: 108671K->108672K(2011968K)
[2020-09-11T15:19:42.626+0000][1][gc,metaspace ] GC(151) Metaspace: 95326K->95326K(1136640K)
[2020-09-11T15:19:42.626+0000][1][gc           ] GC(151) Pause Young (Allocation Failure) 173M->107M(2039M) 13.835ms
[2020-09-11T15:19:42.626+0000][1][gc,cpu       ] GC(151) User=0.01s Sys=0.00s Real=0.02s
[2020-09-11T15:19:42.626+0000][1][safepoint    ] Safepoint "GenCollectForAllocation", Time since last: 560387985 ns, Reaching safepoint: 122925 ns, At safepoint: 13944264 ns, Total: 14067189 ns
[2020-09-11T15:19:42.634+0000][1][safepoint    ] Safepoint "RevokeBias", Time since last: 7170985 ns, Reaching safepoint: 73546 ns, At safepoint: 32168 ns, Total: 105714 ns
[2020-09-11T15:19:42.634+0000][1][safepoint    ] Safepoint "BulkRevokeBias", Time since last: 71611 ns, Reaching safepoint: 28168 ns, At safepoint: 195029 ns, Total: 223197 ns
[2020-09-11T15:19:43.654+0000][1][safepoint    ] Safepoint "Cleanup", Time since last: 1019911794 ns, Reaching safepoint: 102955 ns, At safepoint: 7850 ns, Total: 110805 ns
[2020-09-11T15:19:44.654+0000][1][safepoint    ] Safepoint "Cleanup", Time since last: 1000177674 ns, Reaching safepoint: 160668 ns, At safepoint: 18469 ns, Total: 179137 ns
[2020-09-11T15:19:45.655+0000][1][safepoint    ] Safepoint "Cleanup", Time since last: 1000159808 ns, Reaching safepoint: 131134 ns, At safepoint: 16400 ns, Total: 147534 ns
[2020-09-11T15:19:46.655+0000][1][safepoint    ] Safepoint "Cleanup", Time since last: 1000125819 ns, Reaching safepoint: 81423 ns, At safepoint: 7314 ns, Total: 88737 ns
[2020-09-11T15:19:47.655+0000][1][safepoint    ] Safepoint "Cleanup", Time since last: 1000193005 ns, Reaching safepoint: 89229 ns, At safepoint: 7493 ns, Total: 96722 ns
[2020-09-11T15:19:48.655+0000][1][safepoint    ] Safepoint "Cleanup", Time since last: 1000188902 ns, Reaching safepoint: 103214 ns, At safepoint: 6364 ns, Total: 109578 ns
[2020-09-11T15:19:49.656+0000][1][safepoint    ] Safepoint "Cleanup", Time since last: 1000116365 ns, Reaching safepoint: 85041 ns, At safepoint: 7905 ns, Total: 92946 ns
[2020-09-11T15:19:50.656+0000][1][safepoint    ] Safepoint "Cleanup", Time since last: 1000180771 ns, Reaching safepoint: 110642 ns, At safepoint: 6793 ns, Total: 117435 ns
[2020-09-11T15:19:51.656+0000][1][safepoint    ] Safepoint "Cleanup", Time since last: 1000138062 ns, Reaching safepoint: 136954 ns, At safepoint: 16852 ns, Total: 153806 ns
[2020-09-11T15:19:52.657+0000][1][safepoint    ] Safepoint "Cleanup", Time since last: 1000417745 ns, Reaching safepoint: 179024 ns, At safepoint: 9079 ns, Total: 188103 ns
[2020-09-11T15:19:53.657+0000][1][safepoint    ] Safepoint "Cleanup", Time since last: 1000230782 ns, Reaching safepoint: 124850 ns, At safepoint: 8221 ns, Total: 133071 ns
[2020-09-11T15:19:54.658+0000][1][safepoint    ] Safepoint "Cleanup", Time since last: 1000181063 ns, Reaching safepoint: 99756 ns, At safepoint: 6627 ns, Total: 106383 ns
[2020-09-11T15:19:55.658+0000][1][safepoint    ] Safepoint "Cleanup", Time since last: 1000160624 ns, Reaching safepoint: 142403 ns, At safepoint: 18372 ns, Total: 160775 ns
[2020-09-11T15:19:56.658+0000][1][safepoint    ] Safepoint "Cleanup", Time since last: 1000213995 ns, Reaching safepoint: 129213 ns, At safepoint: 16348 ns, Total: 145561 ns
[2020-09-11T15:19:57.659+0000][1][safepoint    ] Safepoint "Cleanup", Time since last: 1000203726 ns, Reaching safepoint: 136783 ns, At safepoint: 17918 ns, Total: 154701 ns
[2020-09-11T15:19:58.659+0000][1][safepoint    ] Safepoint "Cleanup", Time since last: 1000232388 ns, Reaching safepoint: 103262 ns, At safepoint: 7055 ns, Total: 110317 ns
[2020-09-11T15:19:59.659+0000][1][safepoint    ] Safepoint "Cleanup", Time since last: 1000192579 ns, Reaching safepoint: 104069 ns, At safepoint: 7039 ns, Total: 111108 ns
[2020-09-11T15:20:00.660+0000][1][safepoint    ] Safepoint "Cleanup", Time since last: 1000155813 ns, Reaching safepoint: 154270 ns, At safepoint: 15612 ns, Total: 169882 ns
[2020-09-11T15:20:01.660+0000][1][safepoint    ] Safepoint "Cleanup", Time since last: 1000167334 ns, Reaching safepoint: 86827 ns, At safepoint: 8037 ns, Total: 94864 ns
[2020-09-11T15:20:02.660+0000][1][safepoint    ] Safepoint "Cleanup", Time since last: 1000156802 ns, Reaching safepoint: 172958 ns, At safepoint: 8300 ns, Total: 181258 ns
[2020-09-11T15:20:03.660+0000][1][safepoint    ] Safepoint "Cleanup", Time since last: 1000263057 ns, Reaching safepoint: 86490 ns, At safepoint: 6284 ns, Total: 92774 ns
[2020-09-11T15:20:04.661+0000][1][safepoint    ] Safepoint "Cleanup", Time since last: 1000123099 ns, Reaching safepoint: 143121 ns, At safepoint: 16264 ns, Total: 159385 ns
[2020-09-11T15:20:05.661+0000][1][safepoint    ] Safepoint "Cleanup", Time since last: 1000215578 ns, Reaching safepoint: 99102 ns, At safepoint: 6796 ns, Total: 105898 ns
[2020-09-11T15:20:06.661+0000][1][safepoint    ] Safepoint "Cleanup", Time since last: 1000149332 ns, Reaching safepoint: 103217 ns, At safepoint: 6399 ns, Total: 109616 ns
[2020-09-11T15:20:07.662+0000][1][safepoint    ] Safepoint "Cleanup", Time since last: 1000167447 ns, Reaching safepoint: 81563 ns, At safepoint: 7048 ns, Total: 88611 ns
[2020-09-11T15:20:08.662+0000][1][safepoint    ] Safepoint "Cleanup", Time since last: 1000188048 ns, Reaching safepoint: 105182 ns, At safepoint: 6858 ns, Total: 112040 ns
[2020-09-11T15:20:09.186+0000][1][gc,start     ] GC(152) Pause Young (Allocation Failure)
[2020-09-11T15:20:09.186+0000][1][gc,task      ] GC(152) Using 1 workers of 1 for evacuation
[2020-09-11T15:20:09.218+0000][1][gc,age       ] GC(152) Desired survivor size 4358144 bytes, new threshold 6 (max threshold 6)
[2020-09-11T15:20:09.218+0000][1][gc,age       ] GC(152) Age table with threshold 6 (max threshold 6)
[2020-09-11T15:20:09.218+0000][1][gc,age       ] GC(152) - age   1:     348896 bytes,     348896 total
[2020-09-11T15:20:09.218+0000][1][gc,age       ] GC(152) - age   2:     121640 bytes,     470536 total
[2020-09-11T15:20:09.218+0000][1][gc,age       ] GC(152) - age   3:     164512 bytes,     635048 total
[2020-09-11T15:20:09.218+0000][1][gc,age       ] GC(152) - age   4:     470920 bytes,    1105968 total
[2020-09-11T15:20:09.218+0000][1][gc,age       ] GC(152) - age   5:       7656 bytes,    1113624 total
[2020-09-11T15:20:09.218+0000][1][gc,age       ] GC(152) - age   6:       1816 bytes,    1115440 total
[2020-09-11T15:20:09.218+0000][1][gc,heap      ] GC(152) ParNew: 69683K->1489K(76672K)
[2020-09-11T15:20:09.218+0000][1][gc,heap      ] GC(152) CMS: 108672K->108672K(2011968K)
[2020-09-11T15:20:09.218+0000][1][gc,metaspace ] GC(152) Metaspace: 95348K->95348K(1136640K)
[2020-09-11T15:20:09.218+0000][1][gc           ] GC(152) Pause Young (Allocation Failure) 174M->107M(2039M) 32.008ms
[2020-09-11T15:20:09.218+0000][1][gc,cpu       ] GC(152) User=0.02s Sys=0.00s Real=0.03s
[2020-09-11T15:20:09.218+0000][1][safepoint    ] Safepoint "GenCollectForAllocation", Time since last: 524149767 ns, Reaching safepoint: 161587 ns, At safepoint: 32164144 ns, Total: 32325731 ns
[2020-09-11T15:20:10.251+0000][1][safepoint    ] Safepoint "Cleanup", Time since last: 1032435917 ns, Reaching safepoint: 137492 ns, At safepoint: 17443 ns, Total: 154935 ns
[2020-09-11T15:20:11.251+0000][1][safepoint    ] Safepoint "Cleanup", Time since last: 1000179435 ns, Reaching safepoint: 124961 ns, At safepoint: 6641 ns, Total: 131602 ns
[2020-09-11T15:20:12.252+0000][1][safepoint    ] Safepoint "Cleanup", Time since last: 1000199316 ns, Reaching safepoint: 137401 ns, At safepoint: 18302 ns, Total: 155703 ns
[2020-09-11T15:20:12.576+0000][1][safepoint    ] Safepoint "RevokeBias", Time since last: 323295837 ns, Reaching safepoint: 660090 ns, At safepoint: 58617 ns, Total: 718707 ns
[2020-09-11T15:20:13.576+0000][1][safepoint    ] Safepoint "Cleanup", Time since last: 1000228145 ns, Reaching safepoint: 105076 ns, At safepoint: 7421 ns, Total: 112497 ns
[2020-09-11T15:20:14.576+0000][1][safepoint    ] Safepoint "Cleanup", Time since last: 1000163556 ns, Reaching safepoint: 99109 ns, At safepoint: 7586 ns, Total: 106695 ns
[2020-09-11T15:20:15.577+0000][1][safepoint    ] Safepoint "Cleanup", Time since last: 1000161480 ns, Reaching safepoint: 94537 ns, At safepoint: 6960 ns, Total: 101497 ns
[2020-09-11T15:20:16.577+0000][1][safepoint    ] Safepoint "Cleanup", Time since last: 1000165016 ns, Reaching safepoint: 95751 ns, At safepoint: 7240 ns, Total: 102991 ns
[2020-09-11T15:20:17.577+0000][1][safepoint    ] Safepoint "Cleanup", Time since last: 1000159139 ns, Reaching safepoint: 135995 ns, At safepoint: 17965 ns, Total: 153960 ns
[2020-09-11T15:20:18.577+0000][1][safepoint    ] Safepoint "Cleanup", Time since last: 1000202739 ns, Reaching safepoint: 138304 ns, At safepoint: 18352 ns, Total: 156656 ns
[2020-09-11T15:20:19.578+0000][1][safepoint    ] Safepoint "Cleanup", Time since last: 1000193544 ns, Reaching safepoint: 110691 ns, At safepoint: 8039 ns, Total: 118730 ns
[2020-09-11T15:20:20.578+0000][1][safepoint    ] Safepoint "Cleanup", Time since last: 1000194349 ns, Reaching safepoint: 166111 ns, At safepoint: 18964 ns, Total: 185075 ns
[2020-09-11T15:20:21.578+0000][1][safepoint    ] Safepoint "Cleanup", Time since last: 1000224485 ns, Reaching safepoint: 93805 ns, At safepoint: 7386 ns, Total: 101191 ns
[2020-09-11T15:20:22.579+0000][1][safepoint    ] Safepoint "Cleanup", Time since last: 1000092480 ns, Reaching safepoint: 155695 ns, At safepoint: 7093 ns, Total: 162788 ns
[2020-09-11T15:20:23.579+0000][1][safepoint    ] Safepoint "Cleanup", Time since last: 1000194260 ns, Reaching safepoint: 105798 ns, At safepoint: 7976 ns, Total: 113774 ns
[2020-09-11T15:20:29.580+0000][1][safepoint    ] Safepoint "Cleanup", Time since last: 6000917801 ns, Reaching safepoint: 109471 ns, At safepoint: 7942 ns, Total: 117413 ns
[2020-09-11T15:20:32.581+0000][1][safepoint    ] Safepoint "Cleanup", Time since last: 3000928587 ns, Reaching safepoint: 80990 ns, At safepoint: 6099 ns, Total: 87089 ns
[2020-09-11T15:20:32.750+0000][1][gc,start     ] GC(153) Pause Young (Allocation Failure)
[2020-09-11T15:20:32.750+0000][1][gc,task      ] GC(153) Using 1 workers of 1 for evacuation
[2020-09-11T15:20:32.777+0000][1][gc,age       ] GC(153) Desired survivor size 4358144 bytes, new threshold 6 (max threshold 6)
[2020-09-11T15:20:32.777+0000][1][gc,age       ] GC(153) Age table with threshold 6 (max threshold 6)
[2020-09-11T15:20:32.777+0000][1][gc,age       ] GC(153) - age   1:     226248 bytes,     226248 total
[2020-09-11T15:20:32.777+0000][1][gc,age       ] GC(153) - age   2:      14280 bytes,     240528 total
[2020-09-11T15:20:32.777+0000][1][gc,age       ] GC(153) - age   3:     119776 bytes,     360304 total
[2020-09-11T15:20:32.777+0000][1][gc,age       ] GC(153) - age   4:     161352 bytes,     521656 total
[2020-09-11T15:20:32.778+0000][1][gc,age       ] GC(153) - age   5:     470696 bytes,     992352 total
[2020-09-11T15:20:32.778+0000][1][gc,age       ] GC(153) - age   6:       7656 bytes,    1000008 total
[2020-09-11T15:20:32.778+0000][1][gc,heap      ] GC(153) ParNew: 69649K->1882K(76672K)
[2020-09-11T15:20:32.778+0000][1][gc,heap      ] GC(153) CMS: 108672K->108674K(2011968K)
[2020-09-11T15:20:32.778+0000][1][gc,metaspace ] GC(153) Metaspace: 95378K->95378K(1136640K)
[2020-09-11T15:20:32.778+0000][1][gc           ] GC(153) Pause Young (Allocation Failure) 174M->107M(2039M) 27.450ms
[2020-09-11T15:20:32.778+0000][1][gc,cpu       ] GC(153) User=0.03s Sys=0.00s Real=0.03s
[2020-09-11T15:20:32.778+0000][1][safepoint    ] Safepoint "GenCollectForAllocation", Time since last: 168869333 ns, Reaching safepoint: 172061 ns, At safepoint: 27519025 ns, Total: 27691086 ns
[2020-09-11T15:20:35.780+0000][1][safepoint    ] Safepoint "Cleanup", Time since last: 3002572164 ns, Reaching safepoint: 150586 ns, At safepoint: 17560 ns, Total: 168146 ns
[2020-09-11T15:20:41.781+0000][1][safepoint    ] Safepoint "Cleanup", Time since last: 6000682283 ns, Reaching safepoint: 125436 ns, At safepoint: 8555 ns, Total: 133991 ns
[2020-09-11T15:20:42.781+0000][1][safepoint    ] Safepoint "Cleanup", Time since last: 1000151575 ns, Reaching safepoint: 121463 ns, At safepoint: 7795 ns, Total: 129258 ns
[2020-09-11T15:20:43.782+0000][1][safepoint    ] Safepoint "Cleanup", Time since last: 1000158850 ns, Reaching safepoint: 126619 ns, At safepoint: 8531 ns, Total: 135150 ns
[2020-09-11T15:20:44.782+0000][1][safepoint    ] Safepoint "Cleanup", Time since last: 1000149235 ns, Reaching safepoint: 114265 ns, At safepoint: 7299 ns, Total: 121564 ns
[2020-09-11T15:20:45.782+0000][1][safepoint    ] Safepoint "Cleanup", Time since last: 1000237321 ns, Reaching safepoint: 77816 ns, At safepoint: 7232 ns, Total: 85048 ns
[2020-09-11T15:20:46.783+0000][1][safepoint    ] Safepoint "Cleanup", Time since last: 1000176879 ns, Reaching safepoint: 143261 ns, At safepoint: 18022 ns, Total: 161283 ns
[2020-09-11T15:20:47.783+0000][1][safepoint    ] Safepoint "Cleanup", Time since last: 1000232427 ns, Reaching safepoint: 95212 ns, At safepoint: 7132 ns, Total: 102344 ns
[2020-09-11T15:20:48.783+0000][1][safepoint    ] Safepoint "Cleanup", Time since last: 1000261734 ns, Reaching safepoint: 82621 ns, At safepoint: 5967 ns, Total: 88588 ns
[2020-09-11T15:20:49.784+0000][1][safepoint    ] Safepoint "Cleanup", Time since last: 1000194621 ns, Reaching safepoint: 140749 ns, At safepoint: 18138 ns, Total: 158887 ns
[2020-09-11T15:20:50.784+0000][1][safepoint    ] Safepoint "Cleanup", Time since last: 1000231501 ns, Reaching safepoint: 101349 ns, At safepoint: 6799 ns, Total: 108148 ns
[2020-09-11T15:20:51.784+0000][1][safepoint    ] Safepoint "Cleanup", Time since last: 1000167362 ns, Reaching safepoint: 105220 ns, At safepoint: 8332 ns, Total: 113552 ns
[2020-09-11T15:20:52.785+0000][1][safepoint    ] Safepoint "Cleanup", Time since last: 1000196950 ns, Reaching safepoint: 160756 ns, At safepoint: 17844 ns, Total: 178600 ns
[2020-09-11T15:20:53.785+0000][1][safepoint    ] Safepoint "Cleanup", Time since last: 1000211864 ns, Reaching safepoint: 146065 ns, At safepoint: 17897 ns, Total: 163962 ns
[2020-09-11T15:20:54.785+0000][1][safepoint    ] Safepoint "Cleanup", Time since last: 1000215598 ns, Reaching safepoint: 107539 ns, At safepoint: 7961 ns, Total: 115500 ns
[2020-09-11T15:20:55.786+0000][1][safepoint    ] Safepoint "Cleanup", Time since last: 1000180984 ns, Reaching safepoint: 148681 ns, At safepoint: 19865 ns, Total: 168546 ns
[2020-09-11T15:20:56.786+0000][1][safepoint    ] Safepoint "Cleanup", Time since last: 1000232293 ns, Reaching safepoint: 97645 ns, At safepoint: 6788 ns, Total: 104433 ns
[2020-09-11T15:20:57.786+0000][1][safepoint    ] Safepoint "Cleanup", Time since last: 1000174242 ns, Reaching safepoint: 146192 ns, At safepoint: 18021 ns, Total: 164213 ns
[2020-09-11T15:20:58.253+0000][1][safepoint    ] Safepoint "RevokeBias", Time since last: 466653058 ns, Reaching safepoint: 135039 ns, At safepoint: 43072 ns, Total: 178111 ns
[2020-09-11T15:20:58.259+0000][1][safepoint    ] Safepoint "RevokeBias", Time since last: 5603547 ns, Reaching safepoint: 177153 ns, At safepoint: 18065 ns, Total: 195218 ns
[2020-09-11T15:20:58.259+0000][1][safepoint    ] Safepoint "RevokeBias", Time since last: 100845 ns, Reaching safepoint: 149800 ns, At safepoint: 11291 ns, Total: 161091 ns
[2020-09-11T15:20:58.260+0000][1][safepoint    ] Safepoint "RevokeBias", Time since last: 137832 ns, Reaching safepoint: 158121 ns, At safepoint: 11486 ns, Total: 169607 ns
[2020-09-11T15:20:58.260+0000][1][safepoint    ] Safepoint "RevokeBias", Time since last: 43087 ns, Reaching safepoint: 150899 ns, At safepoint: 10785 ns, Total: 161684 ns
[2020-09-11T15:20:58.265+0000][1][safepoint    ] Safepoint "RevokeBias", Time since last: 5140078 ns, Reaching safepoint: 189438 ns, At safepoint: 22232 ns, Total: 211670 ns
[2020-09-11T15:20:58.276+0000][1][safepoint    ] Safepoint "RevokeBias", Time since last: 10493677 ns, Reaching safepoint: 144901 ns, At safepoint: 28828 ns, Total: 173729 ns
[2020-09-11T15:20:58.277+0000][1][safepoint    ] Safepoint "RevokeBias", Time since last: 856586 ns, Reaching safepoint: 39278 ns, At safepoint: 13828 ns, Total: 53106 ns
[2020-09-11T15:20:59.277+0000][1][safepoint    ] Safepoint "Cleanup", Time since last: 1000110707 ns, Reaching safepoint: 144882 ns, At safepoint: 14787 ns, Total: 159669 ns
[2020-09-11T15:21:00.250+0000][1][gc,start     ] GC(154) Pause Young (Allocation Failure)
[2020-09-11T15:21:00.250+0000][1][gc,task      ] GC(154) Using 1 workers of 1 for evacuation
[2020-09-11T15:21:00.271+0000][1][gc,age       ] GC(154) Desired survivor size 4358144 bytes, new threshold 6 (max threshold 6)
[2020-09-11T15:21:00.271+0000][1][gc,age       ] GC(154) Age table with threshold 6 (max threshold 6)
[2020-09-11T15:21:00.271+0000][1][gc,age       ] GC(154) - age   1:     180544 bytes,     180544 total
[2020-09-11T15:21:00.271+0000][1][gc,age       ] GC(154) - age   2:       5752 bytes,     186296 total
[2020-09-11T15:21:00.271+0000][1][gc,age       ] GC(154) - age   3:       8160 bytes,     194456 total
[2020-09-11T15:21:00.271+0000][1][gc,age       ] GC(154) - age   4:     116848 bytes,     311304 total
[2020-09-11T15:21:00.271+0000][1][gc,age       ] GC(154) - age   5:     161240 bytes,     472544 total
[2020-09-11T15:21:00.271+0000][1][gc,age       ] GC(154) - age   6:     452408 bytes,     924952 total
[2020-09-11T15:21:00.271+0000][1][gc,heap      ] GC(154) ParNew: 70042K->1202K(76672K)
[2020-09-11T15:21:00.271+0000][1][gc,heap      ] GC(154) CMS: 108674K->108677K(2011968K)
[2020-09-11T15:21:00.271+0000][1][gc,metaspace ] GC(154) Metaspace: 95390K->95390K(1136640K)
[2020-09-11T15:21:00.271+0000][1][gc           ] GC(154) Pause Young (Allocation Failure) 174M->107M(2039M) 21.738ms
[2020-09-11T15:21:00.271+0000][1][gc,cpu       ] GC(154) User=0.02s Sys=0.00s Real=0.02s
[2020-09-11T15:21:00.271+0000][1][safepoint    ] Safepoint "GenCollectForAllocation", Time since last: 972253142 ns, Reaching safepoint: 246074 ns, At safepoint: 21853222 ns, Total: 22099296 ns
[2020-09-11T15:21:01.275+0000][1][safepoint    ] Safepoint "Cleanup", Time since last: 1003765022 ns, Reaching safepoint: 68154 ns, At safepoint: 18479 ns, Total: 86633 ns
[2020-09-11T15:21:02.276+0000][1][safepoint    ] Safepoint "Cleanup", Time since last: 1000175191 ns, Reaching safepoint: 167842 ns, At safepoint: 43703 ns, Total: 211545 ns
[2020-09-11T15:21:02.577+0000][1][safepoint    ] Safepoint "RevokeBias", Time since last: 300734455 ns, Reaching safepoint: 231353 ns, At safepoint: 34806 ns, Total: 266159 ns
[2020-09-11T15:21:02.577+0000][1][safepoint    ] Safepoint "RevokeBias", Time since last: 102632 ns, Reaching safepoint: 37429 ns, At safepoint: 20926 ns, Total: 58355 ns
[2020-09-11T15:21:02.577+0000][1][safepoint    ] Safepoint "RevokeBias", Time since last: 36900 ns, Reaching safepoint: 25360 ns, At safepoint: 15960 ns, Total: 41320 ns
[2020-09-11T15:21:03.579+0000][1][safepoint    ] Safepoint "Cleanup", Time since last: 1002266758 ns, Reaching safepoint: 180170 ns, At safepoint: 78390 ns, Total: 258560 ns
[2020-09-11T15:21:04.580+0000][1][safepoint    ] Safepoint "Cleanup", Time since last: 1000155109 ns, Reaching safepoint: 81178 ns, At safepoint: 7708 ns, Total: 88886 ns
[2020-09-11T15:21:05.580+0000][1][safepoint    ] Safepoint "Cleanup", Time since last: 1000263506 ns, Reaching safepoint: 74205 ns, At safepoint: 6702 ns, Total: 80907 ns
[2020-09-11T15:21:06.580+0000][1][safepoint    ] Safepoint "Cleanup", Time since last: 1000214518 ns, Reaching safepoint: 78645 ns, At safepoint: 8019 ns, Total: 86664 ns
[2020-09-11T15:21:07.581+0000][1][safepoint    ] Safepoint "Cleanup", Time since last: 1000146785 ns, Reaching safepoint: 145126 ns, At safepoint: 15933 ns, Total: 161059 ns
[2020-09-11T15:21:08.582+0000][1][safepoint    ] Safepoint "Cleanup", Time since last: 1001020716 ns, Reaching safepoint: 115504 ns, At safepoint: 8567 ns, Total: 124071 ns
[2020-09-11T15:21:09.582+0000][1][safepoint    ] Safepoint "Cleanup", Time since last: 1000144168 ns, Reaching safepoint: 119229 ns, At safepoint: 8016 ns, Total: 127245 ns
[2020-09-11T15:21:10.582+0000][1][safepoint    ] Safepoint "Cleanup", Time since last: 1000146946 ns, Reaching safepoint: 138244 ns, At safepoint: 17196 ns, Total: 155440 ns
[2020-09-11T15:21:11.583+0000][1][safepoint    ] Safepoint "Cleanup", Time since last: 1000185252 ns, Reaching safepoint: 149870 ns, At safepoint: 17450 ns, Total: 167320 ns
[2020-09-11T15:21:12.583+0000][1][safepoint    ] Safepoint "Cleanup", Time since last: 1000148688 ns, Reaching safepoint: 606235 ns, At safepoint: 8256 ns, Total: 614491 ns
[2020-09-11T15:21:13.584+0000][1][safepoint    ] Safepoint "Cleanup", Time since last: 1000744050 ns, Reaching safepoint: 102193 ns, At safepoint: 7413 ns, Total: 109606 ns
[2020-09-11T15:21:14.585+0000][1][safepoint    ] Safepoint "Cleanup", Time since last: 1000175124 ns, Reaching safepoint: 159285 ns, At safepoint: 19308 ns, Total: 178593 ns
[2020-09-11T15:21:15.585+0000][1][safepoint    ] Safepoint "Cleanup", Time since last: 1000196047 ns, Reaching safepoint: 112306 ns, At safepoint: 7240 ns, Total: 119546 ns
[2020-09-11T15:21:16.585+0000][1][safepoint    ] Safepoint "Cleanup", Time since last: 1000179627 ns, Reaching safepoint: 135086 ns, At safepoint: 7222 ns, Total: 142308 ns
[2020-09-11T15:21:17.586+0000][1][safepoint    ] Safepoint "Cleanup", Time since last: 1000226226 ns, Reaching safepoint: 156255 ns, At safepoint: 19277 ns, Total: 175532 ns
[2020-09-11T15:21:18.586+0000][1][safepoint    ] Safepoint "Cleanup", Time since last: 1000144760 ns, Reaching safepoint: 81205 ns, At safepoint: 7744 ns, Total: 88949 ns
[2020-09-11T15:21:19.274+0000][1][gc,start     ] GC(155) Pause Young (Allocation Failure)
[2020-09-11T15:21:19.274+0000][1][gc,task      ] GC(155) Using 1 workers of 1 for evacuation
[2020-09-11T15:21:19.290+0000][1][gc,age       ] GC(155) Desired survivor size 4358144 bytes, new threshold 6 (max threshold 6)
[2020-09-11T15:21:19.290+0000][1][gc,age       ] GC(155) Age table with threshold 6 (max threshold 6)
[2020-09-11T15:21:19.290+0000][1][gc,age       ] GC(155) - age   1:     299672 bytes,     299672 total
[2020-09-11T15:21:19.290+0000][1][gc,age       ] GC(155) - age   2:     138488 bytes,     438160 total
[2020-09-11T15:21:19.291+0000][1][gc,age       ] GC(155) - age   3:       4224 bytes,     442384 total
[2020-09-11T15:21:19.291+0000][1][gc,age       ] GC(155) - age   4:       6192 bytes,     448576 total
[2020-09-11T15:21:19.291+0000][1][gc,age       ] GC(155) - age   5:     116848 bytes,     565424 total
[2020-09-11T15:21:19.291+0000][1][gc,age       ] GC(155) - age   6:     160024 bytes,     725448 total
[2020-09-11T15:21:19.291+0000][1][gc,heap      ] GC(155) ParNew: 69362K->827K(76672K)
[2020-09-11T15:21:19.291+0000][1][gc,heap      ] GC(155) CMS: 108677K->109127K(2011968K)
[2020-09-11T15:21:19.291+0000][1][gc,metaspace ] GC(155) Metaspace: 95459K->95459K(1136640K)
[2020-09-11T15:21:19.291+0000][1][gc           ] GC(155) Pause Young (Allocation Failure) 173M->107M(2039M) 17.044ms
[2020-09-11T15:21:19.291+0000][1][gc,cpu       ] GC(155) User=0.02s Sys=0.00s Real=0.02s
[2020-09-11T15:21:19.294+0000][1][safepoint    ] Safepoint "GenCollectForAllocation", Time since last: 687181950 ns, Reaching safepoint: 434345 ns, At safepoint: 20861184 ns, Total: 21295529 ns
[2020-09-11T15:21:20.298+0000][1][safepoint    ] Safepoint "Cleanup", Time since last: 1003312431 ns, Reaching safepoint: 329361 ns, At safepoint: 20965 ns, Total: 350326 ns
[2020-09-11T15:21:21.298+0000][1][safepoint    ] Safepoint "Cleanup", Time since last: 1000199594 ns, Reaching safepoint: 98612 ns, At safepoint: 7064 ns, Total: 105676 ns
[2020-09-11T15:21:22.299+0000][1][safepoint    ] Safepoint "Cleanup", Time since last: 1000122737 ns, Reaching safepoint: 85480 ns, At safepoint: 6746 ns, Total: 92226 ns
[2020-09-11T15:21:22.659+0000][1][safepoint    ] Safepoint "RevokeBias", Time since last: 359792238 ns, Reaching safepoint: 173195 ns, At safepoint: 20258 ns, Total: 193453 ns
[2020-09-11T15:21:23.659+0000][1][safepoint    ] Safepoint "Cleanup", Time since last: 1000176900 ns, Reaching safepoint: 203483 ns, At safepoint: 18172 ns, Total: 221655 ns
[2020-09-11T15:21:24.659+0000][1][safepoint    ] Safepoint "Cleanup", Time since last: 1000217696 ns, Reaching safepoint: 144071 ns, At safepoint: 43666 ns, Total: 187737 ns
[2020-09-11T15:21:25.660+0000][1][safepoint    ] Safepoint "Cleanup", Time since last: 1000286053 ns, Reaching safepoint: 140997 ns, At safepoint: 18736 ns, Total: 159733 ns
[2020-09-11T15:21:26.660+0000][1][safepoint    ] Safepoint "Cleanup", Time since last: 1000207565 ns, Reaching safepoint: 107017 ns, At safepoint: 7727 ns, Total: 114744 ns
[2020-09-11T15:21:27.661+0000][1][safepoint    ] Safepoint "Cleanup", Time since last: 1000193174 ns, Reaching safepoint: 181967 ns, At safepoint: 7736 ns, Total: 189703 ns
[2020-09-11T15:21:28.661+0000][1][safepoint    ] Safepoint "Cleanup", Time since last: 1000184095 ns, Reaching safepoint: 101425 ns, At safepoint: 7840 ns, Total: 109265 ns
[2020-09-11T15:21:29.014+0000][1][safepoint    ] Safepoint "RevokeBias", Time since last: 353210703 ns, Reaching safepoint: 369992 ns, At safepoint: 52925 ns, Total: 422917 ns
[2020-09-11T15:21:30.015+0000][1][safepoint    ] Safepoint "Cleanup", Time since last: 1000229850 ns, Reaching safepoint: 113091 ns, At safepoint: 8186 ns, Total: 121277 ns
[2020-09-11T15:21:32.683+0000][1][safepoint    ] Safepoint "RevokeBias", Time since last: 2667628080 ns, Reaching safepoint: 227062 ns, At safepoint: 18919 ns, Total: 245981 ns
[2020-09-11T15:21:32.941+0000][1][safepoint    ] Safepoint "RevokeBias", Time since last: 258572544 ns, Reaching safepoint: 186095 ns, At safepoint: 19908 ns, Total: 206003 ns
[2020-09-11T15:21:33.888+0000][1][safepoint    ] Safepoint "RevokeBias", Time since last: 944892158 ns, Reaching safepoint: 1123667 ns, At safepoint: 23792 ns, Total: 1147459 ns
[2020-09-11T15:21:34.888+0000][1][safepoint    ] Safepoint "Cleanup", Time since last: 1000202660 ns, Reaching safepoint: 150949 ns, At safepoint: 18262 ns, Total: 169211 ns
[2020-09-11T15:21:35.311+0000][1][gc,start     ] GC(156) Pause Young (Allocation Failure)
[2020-09-11T15:21:35.312+0000][1][gc,task      ] GC(156) Using 1 workers of 1 for evacuation
[2020-09-11T15:21:35.343+0000][1][gc,age       ] GC(156) Desired survivor size 4358144 bytes, new threshold 6 (max threshold 6)
[2020-09-11T15:21:35.343+0000][1][gc,age       ] GC(156) Age table with threshold 6 (max threshold 6)
[2020-09-11T15:21:35.343+0000][1][gc,age       ] GC(156) - age   1:     280824 bytes,     280824 total
[2020-09-11T15:21:35.343+0000][1][gc,age       ] GC(156) - age   2:      15944 bytes,     296768 total
[2020-09-11T15:21:35.343+0000][1][gc,age       ] GC(156) - age   3:     127688 bytes,     424456 total
[2020-09-11T15:21:35.343+0000][1][gc,age       ] GC(156) - age   4:        440 bytes,     424896 total
[2020-09-11T15:21:35.343+0000][1][gc,age       ] GC(156) - age   5:       6008 bytes,     430904 total
[2020-09-11T15:21:35.343+0000][1][gc,age       ] GC(156) - age   6:      18568 bytes,     449472 total
[2020-09-11T15:21:35.343+0000][1][gc,heap      ] GC(156) ParNew: 68987K->738K(76672K)
[2020-09-11T15:21:35.343+0000][1][gc,heap      ] GC(156) CMS: 109127K->109286K(2011968K)
[2020-09-11T15:21:35.343+0000][1][gc,metaspace ] GC(156) Metaspace: 95694K->95694K(1136640K)
[2020-09-11T15:21:35.343+0000][1][gc           ] GC(156) Pause Young (Allocation Failure) 173M->107M(2039M) 31.449ms
[2020-09-11T15:21:35.343+0000][1][gc,cpu       ] GC(156) User=0.02s Sys=0.00s Real=0.03s
[2020-09-11T15:21:35.347+0000][1][safepoint    ] Safepoint "GenCollectForAllocation", Time since last: 422884966 ns, Reaching safepoint: 686937 ns, At safepoint: 36027989 ns, Total: 36714926 ns
[2020-09-11T15:21:37.350+0000][1][safepoint    ] Safepoint "Cleanup", Time since last: 2002618578 ns, Reaching safepoint: 111508 ns, At safepoint: 5511 ns, Total: 117019 ns
[2020-09-11T15:21:37.358+0000][1][safepoint    ] Safepoint "RevokeBias", Time since last: 7709427 ns, Reaching safepoint: 70574 ns, At safepoint: 16118 ns, Total: 86692 ns
[2020-09-11T15:21:37.358+0000][1][safepoint    ] Safepoint "RevokeBias", Time since last: 100048 ns, Reaching safepoint: 28899 ns, At safepoint: 9766 ns, Total: 38665 ns
[2020-09-11T15:21:37.358+0000][1][safepoint    ] Safepoint "RevokeBias", Time since last: 46392 ns, Reaching safepoint: 26879 ns, At safepoint: 8996 ns, Total: 35875 ns
[2020-09-11T15:21:37.455+0000][1][safepoint    ] Safepoint "RevokeBias", Time since last: 96561617 ns, Reaching safepoint: 69853 ns, At safepoint: 18539 ns, Total: 88392 ns
[2020-09-11T15:21:37.455+0000][1][safepoint    ] Safepoint "RevokeBias", Time since last: 63796 ns, Reaching safepoint: 28093 ns, At safepoint: 10544 ns, Total: 38637 ns
[2020-09-11T15:21:37.837+0000][1][safepoint    ] Safepoint "RevokeBias", Time since last: 382064309 ns, Reaching safepoint: 104119 ns, At safepoint: 19942 ns, Total: 124061 ns
[2020-09-11T15:21:38.309+0000][1][safepoint    ] Safepoint "RevokeBias", Time since last: 471145356 ns, Reaching safepoint: 177084 ns, At safepoint: 20199 ns, Total: 197283 ns
[2020-09-11T15:21:38.309+0000][1][safepoint    ] Safepoint "RevokeBias", Time since last: 58539 ns, Reaching safepoint: 103633 ns, At safepoint: 12695 ns, Total: 116328 ns
[2020-09-11T15:21:38.312+0000][1][safepoint    ] Safepoint "RevokeBias", Time since last: 3140731 ns, Reaching safepoint: 68864 ns, At safepoint: 19576 ns, Total: 88440 ns
[2020-09-11T15:21:38.330+0000][1][safepoint    ] Safepoint "RevokeBias", Time since last: 17712127 ns, Reaching safepoint: 76438 ns, At safepoint: 17298 ns, Total: 93736 ns
[2020-09-11T15:21:38.344+0000][1][safepoint    ] Safepoint "RevokeBias", Time since last: 11729952 ns, Reaching safepoint: 2006010 ns, At safepoint: 21939 ns, Total: 2027949 ns
[2020-09-11T15:21:38.347+0000][1][safepoint    ] Safepoint "RevokeBias", Time since last: 3769582 ns, Reaching safepoint: 164072 ns, At safepoint: 20515 ns, Total: 184587 ns
[2020-09-11T15:21:38.396+0000][1][safepoint    ] Safepoint "RevokeBias", Time since last: 44423598 ns, Reaching safepoint: 3683598 ns, At safepoint: 31341 ns, Total: 3714939 ns
[2020-09-11T15:21:38.444+0000][1][safepoint    ] Safepoint "RevokeBias", Time since last: 48612482 ns, Reaching safepoint: 173588 ns, At safepoint: 20075 ns, Total: 193663 ns
[2020-09-11T15:21:38.446+0000][1][safepoint    ] Safepoint "RevokeBias", Time since last: 1461618 ns, Reaching safepoint: 126233 ns, At safepoint: 21042 ns, Total: 147275 ns
[2020-09-11T15:21:38.458+0000][1][safepoint    ] Safepoint "RevokeBias", Time since last: 11370379 ns, Reaching safepoint: 287449 ns, At safepoint: 19391 ns, Total: 306840 ns
[2020-09-11T15:21:38.507+0000][1][safepoint    ] Safepoint "RevokeBias", Time since last: 49345301 ns, Reaching safepoint: 267013 ns, At safepoint: 21154 ns, Total: 288167 ns
[2020-09-11T15:21:38.516+0000][1][safepoint    ] Safepoint "RevokeBias", Time since last: 8095065 ns, Reaching safepoint: 180712 ns, At safepoint: 20550 ns, Total: 201262 ns
[2020-09-11T15:21:38.567+0000][1][safepoint    ] Safepoint "BulkRevokeBias", Time since last: 50475217 ns, Reaching safepoint: 872010 ns, At safepoint: 384194 ns, Total: 1256204 ns
[2020-09-11T15:21:38.602+0000][1][safepoint    ] Safepoint "RevokeBias", Time since last: 34484037 ns, Reaching safepoint: 382429 ns, At safepoint: 20771 ns, Total: 403200 ns
[2020-09-11T15:21:38.608+0000][1][safepoint    ] Safepoint "RevokeBias", Time since last: 5182515 ns, Reaching safepoint: 187188 ns, At safepoint: 21931 ns, Total: 209119 ns
[2020-09-11T15:21:38.608+0000][1][safepoint    ] Safepoint "RevokeBias", Time since last: 80056 ns, Reaching safepoint: 118202 ns, At safepoint: 22280 ns, Total: 140482 ns
[2020-09-11T15:21:38.608+0000][1][safepoint    ] Safepoint "RevokeBias", Time since last: 83587 ns, Reaching safepoint: 111274 ns, At safepoint: 11388 ns, Total: 122662 ns
[2020-09-11T15:21:38.609+0000][1][safepoint    ] Safepoint "RevokeBias", Time since last: 633729 ns, Reaching safepoint: 117093 ns, At safepoint: 12489 ns, Total: 129582 ns
[2020-09-11T15:21:38.737+0000][1][safepoint    ] Safepoint "RevokeBias", Time since last: 126851305 ns, Reaching safepoint: 1320173 ns, At safepoint: 27131 ns, Total: 1347304 ns
[2020-09-11T15:21:38.744+0000][1][safepoint    ] Safepoint "RevokeBias", Time since last: 378260 ns, Reaching safepoint: 6134781 ns, At safepoint: 22356 ns, Total: 6157137 ns
[2020-09-11T15:21:38.746+0000][1][safepoint    ] Safepoint "RevokeBias", Time since last: 1465679 ns, Reaching safepoint: 1441447 ns, At safepoint: 24775 ns, Total: 1466222 ns
[2020-09-11T15:21:38.747+0000][1][safepoint    ] Safepoint "RevokeBias", Time since last: 144544 ns, Reaching safepoint: 856762 ns, At safepoint: 14882 ns, Total: 871644 ns
[2020-09-11T15:21:38.751+0000][1][safepoint    ] Safepoint "RevokeBias", Time since last: 52064 ns, Reaching safepoint: 3889902 ns, At safepoint: 13771 ns, Total: 3903673 ns
[2020-09-11T15:21:38.804+0000][1][safepoint    ] Safepoint "RevokeBias", Time since last: 52391206 ns, Reaching safepoint: 182307 ns, At safepoint: 50026 ns, Total: 232333 ns
[2020-09-11T15:21:38.805+0000][1][safepoint    ] Safepoint "RevokeBias", Time since last: 623278 ns, Reaching safepoint: 123478 ns, At safepoint: 14432 ns, Total: 137910 ns
[2020-09-11T15:21:38.805+0000][1][safepoint    ] Safepoint "RevokeBias", Time since last: 77449 ns, Reaching safepoint: 114115 ns, At safepoint: 12807 ns, Total: 126922 ns
[2020-09-11T15:21:38.837+0000][1][safepoint    ] Safepoint "RevokeBias", Time since last: 18304377 ns, Reaching safepoint: 13789743 ns, At safepoint: 31802 ns, Total: 13821545 ns
[2020-09-11T15:21:38.880+0000][1][safepoint    ] Safepoint "RevokeBias", Time since last: 38261703 ns, Reaching safepoint: 4110091 ns, At safepoint: 35889 ns, Total: 4145980 ns
[2020-09-11T15:21:38.894+0000][1][safepoint    ] Safepoint "RevokeBias", Time since last: 14291678 ns, Reaching safepoint: 195486 ns, At safepoint: 23018 ns, Total: 218504 ns
[2020-09-11T15:21:38.916+0000][1][safepoint    ] Safepoint "RevokeBias", Time since last: 19640910 ns, Reaching safepoint: 1785143 ns, At safepoint: 24086 ns, Total: 1809229 ns
[2020-09-11T15:21:38.944+0000][1][safepoint    ] Safepoint "RevokeBias", Time since last: 27937967 ns, Reaching safepoint: 71569 ns, At safepoint: 19901 ns, Total: 91470 ns
[2020-09-11T15:21:38.947+0000][1][safepoint    ] Safepoint "RevokeBias", Time since last: 3094503 ns, Reaching safepoint: 798254 ns, At safepoint: 17227 ns, Total: 815481 ns
[2020-09-11T15:21:38.953+0000][1][safepoint    ] Safepoint "RevokeBias", Time since last: 1241835 ns, Reaching safepoint: 3964231 ns, At safepoint: 24201 ns, Total: 3988432 ns
[2020-09-11T15:21:38.953+0000][1][safepoint    ] Safepoint "RevokeBias", Time since last: 58510 ns, Reaching safepoint: 386765 ns, At safepoint: 14712 ns, Total: 401477 ns
[2020-09-11T15:21:38.965+0000][1][safepoint    ] Safepoint "RevokeBias", Time since last: 11183386 ns, Reaching safepoint: 148807 ns, At safepoint: 46756 ns, Total: 195563 ns
[2020-09-11T15:21:38.972+0000][1][safepoint    ] Safepoint "RevokeBias", Time since last: 7112116 ns, Reaching safepoint: 68518 ns, At safepoint: 18567 ns, Total: 87085 ns
[2020-09-11T15:21:38.972+0000][1][safepoint    ] Safepoint "RevokeBias", Time since last: 123138 ns, Reaching safepoint: 27178 ns, At safepoint: 10709 ns, Total: 37887 ns
[2020-09-11T15:21:39.521+0000][1][safepoint    ] Safepoint "RevokeBias", Time since last: 548126062 ns, Reaching safepoint: 912833 ns, At safepoint: 60381 ns, Total: 973214 ns
[2020-09-11T15:21:39.524+0000][1][safepoint    ] Safepoint "RevokeBias", Time since last: 68119 ns, Reaching safepoint: 2416363 ns, At safepoint: 49435 ns, Total: 2465798 ns
[2020-09-11T15:21:39.528+0000][1][safepoint    ] Safepoint "RevokeBias", Time since last: 45512 ns, Reaching safepoint: 3950811 ns, At safepoint: 56911 ns, Total: 4007722 ns
[2020-09-11T15:21:39.560+0000][1][safepoint    ] Safepoint "RevokeBias", Time since last: 32682524 ns, Reaching safepoint: 148292 ns, At safepoint: 19531 ns, Total: 167823 ns
[2020-09-11T15:21:39.668+0000][1][safepoint    ] Safepoint "RevokeBias", Time since last: 107129478 ns, Reaching safepoint: 166576 ns, At safepoint: 34124 ns, Total: 200700 ns
[2020-09-11T15:21:39.686+0000][1][gc,start     ] GC(157) Pause Young (Allocation Failure)
[2020-09-11T15:21:39.686+0000][1][gc,task      ] GC(157) Using 1 workers of 1 for evacuation
[2020-09-11T15:21:39.779+0000][1][gc,age       ] GC(157) Desired survivor size 4358144 bytes, new threshold 6 (max threshold 6)
[2020-09-11T15:21:39.779+0000][1][gc,age       ] GC(157) Age table with threshold 6 (max threshold 6)
[2020-09-11T15:21:39.795+0000][1][gc,age       ] GC(157) - age   1:     891744 bytes,     891744 total
[2020-09-11T15:21:39.795+0000][1][gc,age       ] GC(157) - age   2:     220096 bytes,    1111840 total
[2020-09-11T15:21:39.795+0000][1][gc,age       ] GC(157) - age   3:      15944 bytes,    1127784 total
[2020-09-11T15:21:39.795+0000][1][gc,age       ] GC(157) - age   4:     125072 bytes,    1252856 total
[2020-09-11T15:21:39.795+0000][1][gc,age       ] GC(157) - age   5:        440 bytes,    1253296 total
[2020-09-11T15:21:39.795+0000][1][gc,age       ] GC(157) - age   6:       4768 bytes,    1258064 total
[2020-09-11T15:21:39.796+0000][1][gc,heap      ] GC(157) ParNew: 68898K->1396K(76672K)
[2020-09-11T15:21:39.796+0000][1][gc,heap      ] GC(157) CMS: 109286K->109305K(2011968K)
[2020-09-11T15:21:39.796+0000][1][gc,metaspace ] GC(157) Metaspace: 96261K->96261K(1138688K)
[2020-09-11T15:21:39.796+0000][1][gc           ] GC(157) Pause Young (Allocation Failure) 174M->108M(2039M) 109.423ms
[2020-09-11T15:21:39.796+0000][1][gc,cpu       ] GC(157) User=0.03s Sys=0.00s Real=0.11s
[2020-09-11T15:21:39.796+0000][1][safepoint    ] Safepoint "GenCollectForAllocation", Time since last: 18188219 ns, Reaching safepoint: 150273 ns, At safepoint: 109519708 ns, Total: 109669981 ns
[2020-09-11T15:21:39.815+0000][1][safepoint    ] Safepoint "RevokeBias", Time since last: 13057082 ns, Reaching safepoint: 6246759 ns, At safepoint: 46135 ns, Total: 6292894 ns
[2020-09-11T15:21:39.832+0000][1][safepoint    ] Safepoint "RevokeBias", Time since last: 16453492 ns, Reaching safepoint: 977081 ns, At safepoint: 27600 ns, Total: 1004681 ns
[2020-09-11T15:21:39.930+0000][1][safepoint    ] Safepoint "RevokeBias", Time since last: 97014089 ns, Reaching safepoint: 523997 ns, At safepoint: 23303 ns, Total: 547300 ns
[2020-09-11T15:21:39.956+0000][1][safepoint    ] Safepoint "RevokeBias", Time since last: 25438820 ns, Reaching safepoint: 217688 ns, At safepoint: 23149 ns, Total: 240837 ns
[2020-09-11T15:21:39.964+0000][1][safepoint    ] Safepoint "RevokeBias", Time since last: 8179938 ns, Reaching safepoint: 179107 ns, At safepoint: 22919 ns, Total: 202026 ns
[2020-09-11T15:21:39.976+0000][1][safepoint    ] Safepoint "RevokeBias", Time since last: 8935643 ns, Reaching safepoint: 2514444 ns, At safepoint: 22833 ns, Total: 2537277 ns
[2020-09-11T15:21:39.976+0000][1][safepoint    ] Safepoint "RevokeBias", Time since last: 65969 ns, Reaching safepoint: 118958 ns, At safepoint: 14425 ns, Total: 133383 ns
[2020-09-11T15:21:40.104+0000][1][safepoint    ] Safepoint "RevokeBias", Time since last: 128276445 ns, Reaching safepoint: 167099 ns, At safepoint: 19644 ns, Total: 186743 ns
[2020-09-11T15:21:40.272+0000][1][safepoint    ] Safepoint "RevokeBias", Time since last: 167349678 ns, Reaching safepoint: 87109 ns, At safepoint: 21325 ns, Total: 108434 ns
[2020-09-11T15:21:40.272+0000][1][safepoint    ] Safepoint "RevokeBias", Time since last: 90893 ns, Reaching safepoint: 33266 ns, At safepoint: 11209 ns, Total: 44475 ns
[2020-09-11T15:21:40.905+0000][1][safepoint    ] Safepoint "RevokeBias", Time since last: 632550116 ns, Reaching safepoint: 155622 ns, At safepoint: 25779 ns, Total: 181401 ns
[2020-09-11T15:21:41.046+0000][1][gc,start     ] GC(158) Pause Young (Allocation Failure)
[2020-09-11T15:21:41.046+0000][1][gc,task      ] GC(158) Using 1 workers of 1 for evacuation
[2020-09-11T15:21:41.081+0000][1][gc,age       ] GC(158) Desired survivor size 4358144 bytes, new threshold 6 (max threshold 6)
[2020-09-11T15:21:41.081+0000][1][gc,age       ] GC(158) Age table with threshold 6 (max threshold 6)
[2020-09-11T15:21:41.081+0000][1][gc,age       ] GC(158) - age   1:     915024 bytes,     915024 total
[2020-09-11T15:21:41.081+0000][1][gc,age       ] GC(158) - age   2:     776568 bytes,    1691592 total
[2020-09-11T15:21:41.081+0000][1][gc,age       ] GC(158) - age   3:     217592 bytes,    1909184 total
[2020-09-11T15:21:41.081+0000][1][gc,age       ] GC(158) - age   4:      15944 bytes,    1925128 total
[2020-09-11T15:21:41.081+0000][1][gc,age       ] GC(158) - age   5:     123288 bytes,    2048416 total
[2020-09-11T15:21:41.081+0000][1][gc,age       ] GC(158) - age   6:        440 bytes,    2048856 total
[2020-09-11T15:21:41.081+0000][1][gc,heap      ] GC(158) ParNew: 69538K->2017K(76672K)
[2020-09-11T15:21:41.081+0000][1][gc,heap      ] GC(158) CMS: 109305K->109309K(2011968K)
[2020-09-11T15:21:41.081+0000][1][gc,metaspace ] GC(158) Metaspace: 96463K->96463K(1138688K)
[2020-09-11T15:21:41.081+0000][1][gc           ] GC(158) Pause Young (Allocation Failure) 174M->108M(2039M) 35.026ms
[2020-09-11T15:21:41.081+0000][1][gc,cpu       ] GC(158) User=0.02s Sys=0.00s Real=0.03s
[2020-09-11T15:21:41.097+0000][1][safepoint    ] Safepoint "GenCollectForAllocation", Time since last: 141354555 ns, Reaching safepoint: 158979 ns, At safepoint: 50899687 ns, Total: 51058666 ns
[2020-09-11T15:21:41.102+0000][1][safepoint    ] Safepoint "RevokeBias", Time since last: 844758 ns, Reaching safepoint: 2834202 ns, At safepoint: 1079501 ns, Total: 3913703 ns
[2020-09-11T15:21:41.104+0000][1][safepoint    ] Safepoint "RevokeBias", Time since last: 676243 ns, Reaching safepoint: 1096541 ns, At safepoint: 44888 ns, Total: 1141429 ns
[2020-09-11T15:21:41.108+0000][1][safepoint    ] Safepoint "RevokeBias", Time since last: 389312 ns, Reaching safepoint: 3764606 ns, At safepoint: 773007 ns, Total: 4537613 ns
[2020-09-11T15:21:41.109+0000][1][safepoint    ] Safepoint "RevokeBias", Time since last: 89313 ns, Reaching safepoint: 114684 ns, At safepoint: 24857 ns, Total: 139541 ns
[2020-09-11T15:21:41.129+0000][1][safepoint    ] Safepoint "RevokeBias", Time since last: 20068528 ns, Reaching safepoint: 143646 ns, At safepoint: 36152 ns, Total: 179798 ns
[2020-09-11T15:21:41.140+0000][1][safepoint    ] Safepoint "RevokeBias", Time since last: 11071549 ns, Reaching safepoint: 145629 ns, At safepoint: 20348 ns, Total: 165977 ns
[2020-09-11T15:21:41.140+0000][1][safepoint    ] Safepoint "RevokeBias", Time since last: 96980 ns, Reaching safepoint: 26592 ns, At safepoint: 12007 ns, Total: 38599 ns
[2020-09-11T15:21:41.158+0000][1][safepoint    ] Safepoint "RevokeBias", Time since last: 17382148 ns, Reaching safepoint: 152363 ns, At safepoint: 31900 ns, Total: 184263 ns
[2020-09-11T15:21:41.163+0000][1][safepoint    ] Safepoint "RevokeBias", Time since last: 1409765 ns, Reaching safepoint: 4164930 ns, At safepoint: 29125 ns, Total: 4194055 ns
[2020-09-11T15:21:41.164+0000][1][safepoint    ] Safepoint "RevokeBias", Time since last: 366511 ns, Reaching safepoint: 131856 ns, At safepoint: 30004 ns, Total: 161860 ns
[2020-09-11T15:21:41.164+0000][1][safepoint    ] Safepoint "RevokeBias", Time since last: 192723 ns, Reaching safepoint: 98112 ns, At safepoint: 12205 ns, Total: 110317 ns
[2020-09-11T15:21:42.165+0000][1][safepoint    ] Safepoint "Cleanup", Time since last: 1000156389 ns, Reaching safepoint: 102007 ns, At safepoint: 8836 ns, Total: 110843 ns
[2020-09-11T15:21:43.165+0000][1][safepoint    ] Safepoint "Cleanup", Time since last: 1000195781 ns, Reaching safepoint: 110458 ns, At safepoint: 10307 ns, Total: 120765 ns
[2020-09-11T15:21:44.165+0000][1][safepoint    ] Safepoint "Cleanup", Time since last: 1000192891 ns, Reaching safepoint: 111395 ns, At safepoint: 6361 ns, Total: 117756 ns
[2020-09-11T15:21:45.165+0000][1][safepoint    ] Safepoint "Cleanup", Time since last: 1000184688 ns, Reaching safepoint: 112459 ns, At safepoint: 7246 ns, Total: 119705 ns
[2020-09-11T15:21:46.166+0000][1][safepoint    ] Safepoint "Cleanup", Time since last: 1000183087 ns, Reaching safepoint: 106932 ns, At safepoint: 7669 ns, Total: 114601 ns
[2020-09-11T15:21:46.926+0000][1][safepoint    ] Safepoint "RevokeBias", Time since last: 760035379 ns, Reaching safepoint: 216935 ns, At safepoint: 26517 ns, Total: 243452 ns
[2020-09-11T15:21:46.926+0000][1][safepoint    ] Safepoint "RevokeBias", Time since last: 115707 ns, Reaching safepoint: 151628 ns, At safepoint: 13447 ns, Total: 165075 ns
[2020-09-11T15:21:46.941+0000][1][safepoint    ] Safepoint "RevokeBias", Time since last: 14823629 ns, Reaching safepoint: 175692 ns, At safepoint: 19514 ns, Total: 195206 ns
[2020-09-11T15:21:47.168+0000][1][safepoint    ] Safepoint "RevokeBias", Time since last: 226569703 ns, Reaching safepoint: 82153 ns, At safepoint: 21980 ns, Total: 104133 ns
[2020-09-11T15:21:47.256+0000][1][safepoint    ] Safepoint "RevokeBias", Time since last: 87690229 ns, Reaching safepoint: 160912 ns, At safepoint: 24154 ns, Total: 185066 ns
[2020-09-11T15:21:47.257+0000][1][safepoint    ] Safepoint "RevokeBias", Time since last: 680834 ns, Reaching safepoint: 35455 ns, At safepoint: 13030 ns, Total: 48485 ns
[2020-09-11T15:21:47.257+0000][1][safepoint    ] Safepoint "RevokeBias", Time since last: 112702 ns, Reaching safepoint: 33923 ns, At safepoint: 11161 ns, Total: 45084 ns
[2020-09-11T15:21:47.258+0000][1][safepoint    ] Safepoint "RevokeBias", Time since last: 1558471 ns, Reaching safepoint: 39349 ns, At safepoint: 13290 ns, Total: 52639 ns
[2020-09-11T15:21:47.277+0000][1][safepoint    ] Safepoint "RevokeBias", Time since last: 18440381 ns, Reaching safepoint: 145152 ns, At safepoint: 22128 ns, Total: 167280 ns
[2020-09-11T15:21:47.295+0000][1][safepoint    ] Safepoint "RevokeBias", Time since last: 17990607 ns, Reaching safepoint: 140643 ns, At safepoint: 26781 ns, Total: 167424 ns
[2020-09-11T15:21:47.785+0000][1][safepoint    ] Safepoint "BulkRevokeBias", Time since last: 488986171 ns, Reaching safepoint: 149177 ns, At safepoint: 195158 ns, Total: 344335 ns
[2020-09-11T15:21:48.297+0000][1][safepoint    ] Safepoint "RevokeBias", Time since last: 512361837 ns, Reaching safepoint: 279254 ns, At safepoint: 47883 ns, Total: 327137 ns
[2020-09-11T15:21:48.314+0000][1][gc,start     ] GC(159) Pause Young (Allocation Failure)
[2020-09-11T15:21:48.314+0000][1][gc,task      ] GC(159) Using 1 workers of 1 for evacuation
[2020-09-11T15:21:48.336+0000][1][gc,age       ] GC(159) Desired survivor size 4358144 bytes, new threshold 1 (max threshold 6)
[2020-09-11T15:21:48.336+0000][1][gc,age       ] GC(159) Age table with threshold 1 (max threshold 6)
[2020-09-11T15:21:48.336+0000][1][gc,age       ] GC(159) - age   1:    8393168 bytes,    8393168 total
[2020-09-11T15:21:48.336+0000][1][gc,age       ] GC(159) - age   2:      28096 bytes,    8421264 total
[2020-09-11T15:21:48.336+0000][1][gc,age       ] GC(159) - age   3:     219776 bytes,    8641040 total
[2020-09-11T15:21:48.336+0000][1][gc,age       ] GC(159) - age   4:      40336 bytes,    8681376 total
[2020-09-11T15:21:48.336+0000][1][gc,age       ] GC(159) - age   6:        120 bytes,    8681496 total
[2020-09-11T15:21:48.336+0000][1][gc,heap      ] GC(159) ParNew: 70177K->8512K(76672K)
[2020-09-11T15:21:48.336+0000][1][gc,heap      ] GC(159) CMS: 109309K->110519K(2011968K)
[2020-09-11T15:21:48.336+0000][1][gc,metaspace ] GC(159) Metaspace: 96562K->96562K(1138688K)
[2020-09-11T15:21:48.336+0000][1][gc           ] GC(159) Pause Young (Allocation Failure) 175M->116M(2039M) 22.866ms
[2020-09-11T15:21:48.336+0000][1][gc,cpu       ] GC(159) User=0.02s Sys=0.00s Real=0.03s
[2020-09-11T15:21:48.337+0000][1][safepoint    ] Safepoint "GenCollectForAllocation", Time since last: 16113964 ns, Reaching safepoint: 186224 ns, At safepoint: 23687380 ns, Total: 23873604 ns
[2020-09-11T15:21:48.377+0000][1][safepoint    ] Safepoint "RevokeBias", Time since last: 39652708 ns, Reaching safepoint: 202458 ns, At safepoint: 23228 ns, Total: 225686 ns
[2020-09-11T15:21:48.379+0000][1][safepoint    ] Safepoint "RevokeBias", Time since last: 1727905 ns, Reaching safepoint: 169978 ns, At safepoint: 17238 ns, Total: 187216 ns
[2020-09-11T15:21:48.379+0000][1][safepoint    ] Safepoint "RevokeBias", Time since last: 128760 ns, Reaching safepoint: 145614 ns, At safepoint: 12302 ns, Total: 157916 ns
[2020-09-11T15:21:48.379+0000][1][safepoint    ] Safepoint "RevokeBias", Time since last: 46446 ns, Reaching safepoint: 159255 ns, At safepoint: 12612 ns, Total: 171867 ns
[2020-09-11T15:21:48.387+0000][1][safepoint    ] Safepoint "RevokeBias", Time since last: 7661825 ns, Reaching safepoint: 200970 ns, At safepoint: 20520 ns, Total: 221490 ns
[2020-09-11T15:21:48.392+0000][1][safepoint    ] Safepoint "RevokeBias", Time since last: 4794437 ns, Reaching safepoint: 185559 ns, At safepoint: 27583 ns, Total: 213142 ns
[2020-09-11T15:21:49.393+0000][1][safepoint    ] Safepoint "Cleanup", Time since last: 1000157241 ns, Reaching safepoint: 102823 ns, At safepoint: 7091 ns, Total: 109914 ns
[2020-09-11T15:21:50.395+0000][1][safepoint    ] Safepoint "RevokeBias", Time since last: 999728015 ns, Reaching safepoint: 2943914 ns, At safepoint: 29003 ns, Total: 2972917 ns
[2020-09-11T15:21:50.400+0000][1][safepoint    ] Safepoint "RevokeBias", Time since last: 4167409 ns, Reaching safepoint: 231502 ns, At safepoint: 22896 ns, Total: 254398 ns
[2020-09-11T15:21:50.400+0000][1][safepoint    ] Safepoint "RevokeBias", Time since last: 56999 ns, Reaching safepoint: 129440 ns, At safepoint: 14796 ns, Total: 144236 ns
[2020-09-11T15:21:50.400+0000][1][safepoint    ] Safepoint "RevokeBias", Time since last: 30499 ns, Reaching safepoint: 136303 ns, At safepoint: 15619 ns, Total: 151922 ns
[2020-09-11T15:21:50.406+0000][1][safepoint    ] Safepoint "RevokeBias", Time since last: 1340009 ns, Reaching safepoint: 4739776 ns, At safepoint: 32428 ns, Total: 4772204 ns
[2020-09-11T15:21:51.407+0000][1][safepoint    ] Safepoint "Cleanup", Time since last: 1000182608 ns, Reaching safepoint: 252021 ns, At safepoint: 21526 ns, Total: 273547 ns
[2020-09-11T15:21:51.689+0000][1][safepoint    ] Safepoint "RevokeBias", Time since last: 281689715 ns, Reaching safepoint: 298624 ns, At safepoint: 251545 ns, Total: 550169 ns
[2020-09-11T15:21:51.710+0000][1][gc,start     ] GC(160) Pause Young (Allocation Failure)
[2020-09-11T15:21:51.710+0000][1][gc,task      ] GC(160) Using 1 workers of 1 for evacuation
[2020-09-11T15:21:51.728+0000][1][gc,age       ] GC(160) Desired survivor size 4358144 bytes, new threshold 6 (max threshold 6)
[2020-09-11T15:21:51.728+0000][1][gc,age       ] GC(160) Age table with threshold 6 (max threshold 6)
[2020-09-11T15:21:51.728+0000][1][gc,age       ] GC(160) - age   1:     759888 bytes,     759888 total
[2020-09-11T15:21:51.728+0000][1][gc,heap      ] GC(160) ParNew: 76672K->6796K(76672K)
[2020-09-11T15:21:51.728+0000][1][gc,heap      ] GC(160) CMS: 110519K->111100K(2011968K)
[2020-09-11T15:21:51.728+0000][1][gc,metaspace ] GC(160) Metaspace: 96765K->96765K(1138688K)
[2020-09-11T15:21:51.728+0000][1][gc           ] GC(160) Pause Young (Allocation Failure) 182M->115M(2039M) 18.193ms
[2020-09-11T15:21:51.728+0000][1][gc,cpu       ] GC(160) User=0.02s Sys=0.00s Real=0.02s
[2020-09-11T15:21:51.730+0000][1][safepoint    ] Safepoint "GenCollectForAllocation", Time since last: 18408232 ns, Reaching safepoint: 2169124 ns, At safepoint: 20185323 ns, Total: 22354447 ns
[2020-09-11T15:21:52.736+0000][1][safepoint    ] Safepoint "Cleanup", Time since last: 1005863550 ns, Reaching safepoint: 95225 ns, At safepoint: 7540 ns, Total: 102765 ns
[2020-09-11T15:21:53.736+0000][1][safepoint    ] Safepoint "Cleanup", Time since last: 1000150475 ns, Reaching safepoint: 118143 ns, At safepoint: 6615 ns, Total: 124758 ns
[2020-09-11T15:21:54.736+0000][1][safepoint    ] Safepoint "Cleanup", Time since last: 1000131488 ns, Reaching safepoint: 124923 ns, At safepoint: 6610 ns, Total: 131533 ns
[2020-09-11T15:21:55.736+0000][1][safepoint    ] Safepoint "Cleanup", Time since last: 1000140827 ns, Reaching safepoint: 124872 ns, At safepoint: 6445 ns, Total: 131317 ns
[2020-09-11T15:21:56.737+0000][1][safepoint    ] Safepoint "Cleanup", Time since last: 1000139725 ns, Reaching safepoint: 119447 ns, At safepoint: 7371 ns, Total: 126818 ns
[2020-09-11T15:21:56.927+0000][1][safepoint    ] Safepoint "RevokeBias", Time since last: 189818317 ns, Reaching safepoint: 192298 ns, At safepoint: 18366 ns, Total: 210664 ns
[2020-09-11T15:21:57.424+0000][1][safepoint    ] Safepoint "BulkRevokeBias", Time since last: 497222738 ns, Reaching safepoint: 80828 ns, At safepoint: 215609 ns, Total: 296437 ns
[2020-09-11T15:21:57.481+0000][1][safepoint    ] Safepoint "RevokeBias", Time since last: 55883032 ns, Reaching safepoint: 483587 ns, At safepoint: 22276 ns, Total: 505863 ns
[2020-09-11T15:21:57.481+0000][1][safepoint    ] Safepoint "RevokeBias", Time since last: 267513 ns, Reaching safepoint: 100128 ns, At safepoint: 14240 ns, Total: 114368 ns
[2020-09-11T15:21:57.481+0000][1][safepoint    ] Safepoint "RevokeBias", Time since last: 111403 ns, Reaching safepoint: 105041 ns, At safepoint: 21835 ns, Total: 126876 ns
[2020-09-11T15:21:57.481+0000][1][safepoint    ] Safepoint "RevokeBias", Time since last: 47374 ns, Reaching safepoint: 99111 ns, At safepoint: 13010 ns, Total: 112121 ns
[2020-09-11T15:21:57.507+0000][1][safepoint    ] Safepoint "RevokeBias", Time since last: 25271053 ns, Reaching safepoint: 139334 ns, At safepoint: 21679 ns, Total: 161013 ns
[2020-09-11T15:21:57.526+0000][1][safepoint    ] Safepoint "RevokeBias", Time since last: 19197678 ns, Reaching safepoint: 146947 ns, At safepoint: 33239 ns, Total: 180186 ns
[2020-09-11T15:21:58.527+0000][1][safepoint    ] Safepoint "Cleanup", Time since last: 1000190611 ns, Reaching safepoint: 161547 ns, At safepoint: 21055 ns, Total: 182602 ns
[2020-09-11T15:21:58.532+0000][1][safepoint    ] Safepoint "RevokeBias", Time since last: 4822001 ns, Reaching safepoint: 184091 ns, At safepoint: 21533 ns, Total: 205624 ns
[2020-09-11T15:21:58.535+0000][1][gc,start     ] GC(161) Pause Young (Allocation Failure)
[2020-09-11T15:21:58.535+0000][1][gc,task      ] GC(161) Using 1 workers of 1 for evacuation
[2020-09-11T15:21:58.553+0000][1][gc,age       ] GC(161) Desired survivor size 4358144 bytes, new threshold 1 (max threshold 6)
[2020-09-11T15:21:58.553+0000][1][gc,age       ] GC(161) Age table with threshold 1 (max threshold 6)
[2020-09-11T15:21:58.553+0000][1][gc,age       ] GC(161) - age   1:    8657360 bytes,    8657360 total
[2020-09-11T15:21:58.553+0000][1][gc,age       ] GC(161) - age   2:      16344 bytes,    8673704 total
[2020-09-11T15:21:58.553+0000][1][gc,heap      ] GC(161) ParNew: 74694K->8512K(76672K)
[2020-09-11T15:21:58.553+0000][1][gc,heap      ] GC(161) CMS: 111100K->112354K(2011968K)
[2020-09-11T15:21:58.553+0000][1][gc,metaspace ] GC(161) Metaspace: 96975K->96975K(1138688K)
[2020-09-11T15:21:58.553+0000][1][gc           ] GC(161) Pause Young (Allocation Failure) 181M->118M(2039M) 17.854ms
[2020-09-11T15:21:58.553+0000][1][gc,cpu       ] GC(161) User=0.01s Sys=0.00s Real=0.02s
[2020-09-11T15:21:58.553+0000][1][safepoint    ] Safepoint "GenCollectForAllocation", Time since last: 3079555 ns, Reaching safepoint: 192584 ns, At safepoint: 17930467 ns, Total: 18123051 ns
[2020-09-11T15:21:58.590+0000][1][safepoint    ] Safepoint "BulkRevokeBias", Time since last: 36276423 ns, Reaching safepoint: 284964 ns, At safepoint: 196305 ns, Total: 481269 ns
[2020-09-11T15:21:58.592+0000][1][safepoint    ] Safepoint "BulkRevokeBias", Time since last: 2239656 ns, Reaching safepoint: 138709 ns, At safepoint: 214188 ns, Total: 352897 ns
[2020-09-11T15:21:58.605+0000][1][safepoint    ] Safepoint "RevokeBias", Time since last: 12468629 ns, Reaching safepoint: 135822 ns, At safepoint: 19981 ns, Total: 155803 ns
[2020-09-11T15:21:58.616+0000][1][safepoint    ] Safepoint "Deoptimize", Time since last: 9206826 ns, Reaching safepoint: 139859 ns, At safepoint: 1285401 ns, Total: 1425260 ns
[2020-09-11T15:21:58.654+0000][1][safepoint    ] Safepoint "RevokeBias", Time since last: 38579063 ns, Reaching safepoint: 201323 ns, At safepoint: 28337 ns, Total: 229660 ns
[2020-09-11T15:22:01.585+0000][1][safepoint    ] Safepoint "RevokeBias", Time since last: 2928766525 ns, Reaching safepoint: 1774985 ns, At safepoint: 26773 ns, Total: 1801758 ns
[2020-09-11T15:22:01.586+0000][1][safepoint    ] Safepoint "RevokeBias", Time since last: 745198 ns, Reaching safepoint: 217061 ns, At safepoint: 18456 ns, Total: 235517 ns
[2020-09-11T15:22:01.586+0000][1][safepoint    ] Safepoint "RevokeBias", Time since last: 41639 ns, Reaching safepoint: 140584 ns, At safepoint: 14065 ns, Total: 154649 ns
[2020-09-11T15:22:01.588+0000][1][safepoint    ] Safepoint "RevokeBias", Time since last: 1356651 ns, Reaching safepoint: 804832 ns, At safepoint: 20990 ns, Total: 825822 ns
[2020-09-11T15:22:01.589+0000][1][safepoint    ] Safepoint "RevokeBias", Time since last: 107247 ns, Reaching safepoint: 221654 ns, At safepoint: 14891 ns, Total: 236545 ns
[2020-09-11T15:22:01.590+0000][1][safepoint    ] Safepoint "RevokeBias", Time since last: 33503 ns, Reaching safepoint: 985302 ns, At safepoint: 16315 ns, Total: 1001617 ns
[2020-09-11T15:22:01.592+0000][1][safepoint    ] Safepoint "RevokeBias", Time since last: 2120284 ns, Reaching safepoint: 253885 ns, At safepoint: 31603 ns, Total: 285488 ns
[2020-09-11T15:22:02.596+0000][1][safepoint    ] Safepoint "Cleanup", Time since last: 1003409766 ns, Reaching safepoint: 199243 ns, At safepoint: 9307 ns, Total: 208550 ns
[2020-09-11T15:22:06.927+0000][1][safepoint    ] Safepoint "RevokeBias", Time since last: 4330916638 ns, Reaching safepoint: 193241 ns, At safepoint: 20059 ns, Total: 213300 ns
[2020-09-11T15:22:06.932+0000][1][gc,start     ] GC(162) Pause Young (Allocation Failure)
[2020-09-11T15:22:06.932+0000][1][gc,task      ] GC(162) Using 1 workers of 1 for evacuation
[2020-09-11T15:22:06.946+0000][1][gc,age       ] GC(162) Desired survivor size 4358144 bytes, new threshold 6 (max threshold 6)
[2020-09-11T15:22:06.946+0000][1][gc,age       ] GC(162) Age table with threshold 6 (max threshold 6)
[2020-09-11T15:22:06.946+0000][1][gc,age       ] GC(162) - age   1:     667856 bytes,     667856 total
[2020-09-11T15:22:06.946+0000][1][gc,heap      ] GC(162) ParNew: 76627K->6812K(76672K)
[2020-09-11T15:22:06.946+0000][1][gc,heap      ] GC(162) CMS: 112354K->112793K(2011968K)
[2020-09-11T15:22:06.946+0000][1][gc,metaspace ] GC(162) Metaspace: 97139K->97139K(1138688K)
[2020-09-11T15:22:06.946+0000][1][gc           ] GC(162) Pause Young (Allocation Failure) 184M->116M(2039M) 14.443ms
[2020-09-11T15:22:06.946+0000][1][gc,cpu       ] GC(162) User=0.01s Sys=0.01s Real=0.02s
[2020-09-11T15:22:06.946+0000][1][safepoint    ] Safepoint "GenCollectForAllocation", Time since last: 4538174 ns, Reaching safepoint: 221148 ns, At safepoint: 14549220 ns, Total: 14770368 ns
[2020-09-11T15:22:07.666+0000][1][safepoint    ] Safepoint "RevokeBias", Time since last: 719610956 ns, Reaching safepoint: 86980 ns, At safepoint: 17484 ns, Total: 104464 ns
[2020-09-11T15:22:07.708+0000][1][safepoint    ] Safepoint "RevokeBias", Time since last: 41639924 ns, Reaching safepoint: 197930 ns, At safepoint: 22933 ns, Total: 220863 ns
[2020-09-11T15:22:07.708+0000][1][safepoint    ] Safepoint "RevokeBias", Time since last: 270308 ns, Reaching safepoint: 99203 ns, At safepoint: 14142 ns, Total: 113345 ns
[2020-09-11T15:22:07.708+0000][1][safepoint    ] Safepoint "RevokeBias", Time since last: 109559 ns, Reaching safepoint: 103739 ns, At safepoint: 13896 ns, Total: 117635 ns
[2020-09-11T15:22:07.708+0000][1][safepoint    ] Safepoint "RevokeBias", Time since last: 45164 ns, Reaching safepoint: 97898 ns, At safepoint: 12973 ns, Total: 110871 ns
[2020-09-11T15:22:07.733+0000][1][safepoint    ] Safepoint "RevokeBias", Time since last: 23962024 ns, Reaching safepoint: 824731 ns, At safepoint: 24057 ns, Total: 848788 ns
[2020-09-11T15:22:07.765+0000][1][safepoint    ] Safepoint "RevokeBias", Time since last: 31792249 ns, Reaching safepoint: 222882 ns, At safepoint: 37046 ns, Total: 259928 ns
[2020-09-11T15:22:07.904+0000][1][safepoint    ] Safepoint "RevokeBias", Time since last: 130222112 ns, Reaching safepoint: 8353891 ns, At safepoint: 36160 ns, Total: 8390051 ns
[2020-09-11T15:22:08.767+0000][1][safepoint    ] Safepoint "RevokeBias", Time since last: 863047847 ns, Reaching safepoint: 279915 ns, At safepoint: 48327 ns, Total: 328242 ns
[2020-09-11T15:22:08.788+0000][1][gc,start     ] GC(163) Pause Young (Allocation Failure)
[2020-09-11T15:22:08.788+0000][1][gc,task      ] GC(163) Using 1 workers of 1 for evacuation
[2020-09-11T15:22:08.804+0000][1][gc,age       ] GC(163) Desired survivor size 4358144 bytes, new threshold 1 (max threshold 6)
[2020-09-11T15:22:08.804+0000][1][gc,age       ] GC(163) Age table with threshold 1 (max threshold 6)
[2020-09-11T15:22:08.804+0000][1][gc,age       ] GC(163) - age   1:    7813536 bytes,    7813536 total
[2020-09-11T15:22:08.804+0000][1][gc,age       ] GC(163) - age   2:     452968 bytes,    8266504 total
[2020-09-11T15:22:08.804+0000][1][gc,heap      ] GC(163) ParNew: 74532K->8512K(76672K)
[2020-09-11T15:22:08.804+0000][1][gc,heap      ] GC(163) CMS: 112793K->112793K(2011968K)
[2020-09-11T15:22:08.804+0000][1][gc,metaspace ] GC(163) Metaspace: 97215K->97215K(1138688K)
[2020-09-11T15:22:08.804+0000][1][gc           ] GC(163) Pause Young (Allocation Failure) 182M->118M(2039M) 16.664ms
[2020-09-11T15:22:08.804+0000][1][gc,cpu       ] GC(163) User=0.02s Sys=0.00s Real=0.02s
[2020-09-11T15:22:08.805+0000][1][safepoint    ] Safepoint "GenCollectForAllocation", Time since last: 20144855 ns, Reaching safepoint: 159451 ns, At safepoint: 17773216 ns, Total: 17932667 ns
[2020-09-11T15:22:08.821+0000][1][safepoint    ] Safepoint "RevokeBias", Time since last: 15669968 ns, Reaching safepoint: 148846 ns, At safepoint: 21673 ns, Total: 170519 ns
[2020-09-11T15:22:08.824+0000][1][safepoint    ] Safepoint "RevokeBias", Time since last: 2220167 ns, Reaching safepoint: 178866 ns, At safepoint: 20448 ns, Total: 199314 ns
[2020-09-11T15:22:08.824+0000][1][safepoint    ] Safepoint "RevokeBias", Time since last: 135180 ns, Reaching safepoint: 162728 ns, At safepoint: 15271 ns, Total: 177999 ns
[2020-09-11T15:22:08.824+0000][1][safepoint    ] Safepoint "RevokeBias", Time since last: 49410 ns, Reaching safepoint: 151674 ns, At safepoint: 13938 ns, Total: 165612 ns
[2020-09-11T15:22:08.835+0000][1][safepoint    ] Safepoint "RevokeBias", Time since last: 11040342 ns, Reaching safepoint: 141346 ns, At safepoint: 21833 ns, Total: 163179 ns
[2020-09-11T15:22:08.864+0000][1][safepoint    ] Safepoint "RevokeBias", Time since last: 28254302 ns, Reaching safepoint: 154284 ns, At safepoint: 34195 ns, Total: 188479 ns
[2020-09-11T15:22:09.864+0000][1][safepoint    ] Safepoint "Cleanup", Time since last: 1000173430 ns, Reaching safepoint: 113135 ns, At safepoint: 7662 ns, Total: 120797 ns
[2020-09-11T15:22:12.187+0000][1][safepoint    ] Safepoint "RevokeBias", Time since last: 2322510145 ns, Reaching safepoint: 261101 ns, At safepoint: 23258 ns, Total: 284359 ns
[2020-09-11T15:22:12.187+0000][1][safepoint    ] Safepoint "RevokeBias", Time since last: 74413 ns, Reaching safepoint: 194389 ns, At safepoint: 13699 ns, Total: 208088 ns
[2020-09-11T15:22:12.187+0000][1][safepoint    ] Safepoint "RevokeBias", Time since last: 33567 ns, Reaching safepoint: 169817 ns, At safepoint: 12904 ns, Total: 182721 ns
[2020-09-11T15:22:12.188+0000][1][safepoint    ] Safepoint "RevokeBias", Time since last: 53750 ns, Reaching safepoint: 159202 ns, At safepoint: 13159 ns, Total: 172361 ns
[2020-09-11T15:22:12.188+0000][1][safepoint    ] Safepoint "RevokeBias", Time since last: 36121 ns, Reaching safepoint: 121330 ns, At safepoint: 11854 ns, Total: 133184 ns
[2020-09-11T15:22:12.188+0000][1][safepoint    ] Safepoint "RevokeBias", Time since last: 44318 ns, Reaching safepoint: 121042 ns, At safepoint: 13613 ns, Total: 134655 ns
[2020-09-11T15:22:12.189+0000][1][safepoint    ] Safepoint "BulkRevokeBias", Time since last: 29542 ns, Reaching safepoint: 119745 ns, At safepoint: 768458 ns, Total: 888203 ns
[2020-09-11T15:22:12.191+0000][1][safepoint    ] Safepoint "RevokeBias", Time since last: 2249805 ns, Reaching safepoint: 211249 ns, At safepoint: 28709 ns, Total: 239958 ns
[2020-09-11T15:22:13.192+0000][1][safepoint    ] Safepoint "Cleanup", Time since last: 1000123977 ns, Reaching safepoint: 90058 ns, At safepoint: 7706 ns, Total: 97764 ns
[2020-09-11T15:22:15.192+0000][1][safepoint    ] Safepoint "Cleanup", Time since last: 2000260204 ns, Reaching safepoint: 108235 ns, At safepoint: 8102 ns, Total: 116337 ns
[2020-09-11T15:22:16.933+0000][1][safepoint    ] Safepoint "BulkRevokeBias", Time since last: 1740254766 ns, Reaching safepoint: 198482 ns, At safepoint: 217694 ns, Total: 416176 ns
[2020-09-11T15:22:17.232+0000][1][gc,start     ] GC(164) Pause Young (Allocation Failure)
[2020-09-11T15:22:17.232+0000][1][gc,task      ] GC(164) Using 1 workers of 1 for evacuation
[2020-09-11T15:22:17.265+0000][1][gc,age       ] GC(164) Desired survivor size 4358144 bytes, new threshold 1 (max threshold 6)
[2020-09-11T15:22:17.265+0000][1][gc,age       ] GC(164) Age table with threshold 1 (max threshold 6)
[2020-09-11T15:22:17.265+0000][1][gc,age       ] GC(164) - age   1:    5370728 bytes,    5370728 total
[2020-09-11T15:22:17.265+0000][1][gc,heap      ] GC(164) ParNew: 76672K->6510K(76672K)
[2020-09-11T15:22:17.265+0000][1][gc,heap      ] GC(164) CMS: 112793K->113521K(2011968K)
[2020-09-11T15:22:17.265+0000][1][gc,metaspace ] GC(164) Metaspace: 97266K->97266K(1138688K)
[2020-09-11T15:22:17.265+0000][1][gc           ] GC(164) Pause Young (Allocation Failure) 185M->117M(2039M) 33.733ms
[2020-09-11T15:22:17.265+0000][1][gc,cpu       ] GC(164) User=0.02s Sys=0.00s Real=0.04s
[2020-09-11T15:22:17.286+0000][1][safepoint    ] Safepoint "GenCollectForAllocation", Time since last: 298809667 ns, Reaching safepoint: 172175 ns, At safepoint: 54508597 ns, Total: 54680772 ns
[2020-09-11T15:22:17.916+0000][1][safepoint    ] Safepoint "RevokeBias", Time since last: 625317976 ns, Reaching safepoint: 4135501 ns, At safepoint: 139383 ns, Total: 4274884 ns
[2020-09-11T15:22:17.926+0000][1][safepoint    ] Safepoint "RevokeBias", Time since last: 9540673 ns, Reaching safepoint: 828445 ns, At safepoint: 173928 ns, Total: 1002373 ns
[2020-09-11T15:22:17.927+0000][1][safepoint    ] Safepoint "RevokeBias", Time since last: 178445 ns, Reaching safepoint: 570528 ns, At safepoint: 142215 ns, Total: 712743 ns
[2020-09-11T15:22:17.928+0000][1][safepoint    ] Safepoint "RevokeBias", Time since last: 63008 ns, Reaching safepoint: 615971 ns, At safepoint: 146364 ns, Total: 762335 ns
[2020-09-11T15:22:17.961+0000][1][safepoint    ] Safepoint "RevokeBias", Time since last: 32266920 ns, Reaching safepoint: 185825 ns, At safepoint: 174918 ns, Total: 360743 ns
[2020-09-11T15:22:18.961+0000][1][safepoint    ] Safepoint "Cleanup", Time since last: 1000134357 ns, Reaching safepoint: 146899 ns, At safepoint: 10625 ns, Total: 157524 ns
[2020-09-11T15:22:19.051+0000][1][gc,start     ] GC(165) Pause Young (Allocation Failure)
[2020-09-11T15:22:19.051+0000][1][gc,task      ] GC(165) Using 1 workers of 1 for evacuation
[2020-09-11T15:22:19.069+0000][1][gc,age       ] GC(165) Desired survivor size 4358144 bytes, new threshold 6 (max threshold 6)
[2020-09-11T15:22:19.069+0000][1][gc,age       ] GC(165) Age table with threshold 6 (max threshold 6)
[2020-09-11T15:22:19.069+0000][1][gc,age       ] GC(165) - age   1:    1480392 bytes,    1480392 total
[2020-09-11T15:22:19.069+0000][1][gc,heap      ] GC(165) ParNew: 74670K->5561K(76672K)
[2020-09-11T15:22:19.069+0000][1][gc,heap      ] GC(165) CMS: 113521K->114031K(2011968K)
[2020-09-11T15:22:19.069+0000][1][gc,metaspace ] GC(165) Metaspace: 97331K->97331K(1138688K)
[2020-09-11T15:22:19.069+0000][1][gc           ] GC(165) Pause Young (Allocation Failure) 183M->116M(2039M) 18.201ms
[2020-09-11T15:22:19.069+0000][1][gc,cpu       ] GC(165) User=0.02s Sys=0.00s Real=0.02s
[2020-09-11T15:22:19.069+0000][1][safepoint    ] Safepoint "GenCollectForAllocation", Time since last: 89919612 ns, Reaching safepoint: 206171 ns, At safepoint: 18278465 ns, Total: 18484636 ns
[2020-09-11T15:22:19.070+0000][1][safepoint    ] Safepoint "RevokeBias", Time since last: 788811 ns, Reaching safepoint: 68345 ns, At safepoint: 29561 ns, Total: 97906 ns
[2020-09-11T15:22:19.071+0000][1][safepoint    ] Safepoint "RevokeBias", Time since last: 638554 ns, Reaching safepoint: 30185 ns, At safepoint: 39865 ns, Total: 70050 ns
[2020-09-11T15:22:19.071+0000][1][safepoint    ] Safepoint "RevokeBias", Time since last: 101021 ns, Reaching safepoint: 34442 ns, At safepoint: 19208 ns, Total: 53650 ns
[2020-09-11T15:22:19.071+0000][1][safepoint    ] Safepoint "RevokeBias", Time since last: 35281 ns, Reaching safepoint: 27463 ns, At safepoint: 17496 ns, Total: 44959 ns
[2020-09-11T15:22:19.078+0000][1][safepoint    ] Safepoint "RevokeBias", Time since last: 6353961 ns, Reaching safepoint: 188860 ns, At safepoint: 33507 ns, Total: 222367 ns
[2020-09-11T15:22:20.078+0000][1][safepoint    ] Safepoint "Cleanup", Time since last: 1000163635 ns, Reaching safepoint: 114214 ns, At safepoint: 7901 ns, Total: 122115 ns
[2020-09-11T15:22:21.078+0000][1][safepoint    ] Safepoint "Cleanup", Time since last: 1000186994 ns, Reaching safepoint: 114534 ns, At safepoint: 8307 ns, Total: 122841 ns
[2020-09-11T15:22:22.079+0000][1][safepoint    ] Safepoint "Cleanup", Time since last: 1000186272 ns, Reaching safepoint: 98479 ns, At safepoint: 7450 ns, Total: 105929 ns
[2020-09-11T15:22:22.463+0000][1][safepoint    ] Safepoint "RevokeBias", Time since last: 383872496 ns, Reaching safepoint: 282609 ns, At safepoint: 22601 ns, Total: 305210 ns
[2020-09-11T15:22:23.463+0000][1][safepoint    ] Safepoint "Cleanup", Time since last: 1000191853 ns, Reaching safepoint: 175249 ns, At safepoint: 18545 ns, Total: 193794 ns
[2020-09-11T15:22:24.464+0000][1][safepoint    ] Safepoint "Cleanup", Time since last: 1000261839 ns, Reaching safepoint: 97559 ns, At safepoint: 8677 ns, Total: 106236 ns
[2020-09-11T15:22:25.464+0000][1][safepoint    ] Safepoint "Cleanup", Time since last: 1000155346 ns, Reaching safepoint: 143683 ns, At safepoint: 18115 ns, Total: 161798 ns
[2020-09-11T15:22:26.464+0000][1][safepoint    ] Safepoint "Cleanup", Time since last: 1000175278 ns, Reaching safepoint: 129580 ns, At safepoint: 8935 ns, Total: 138515 ns
[2020-09-11T15:22:26.932+0000][1][safepoint    ] Safepoint "RevokeBias", Time since last: 467571827 ns, Reaching safepoint: 209452 ns, At safepoint: 18865 ns, Total: 228317 ns
[2020-09-11T15:22:27.124+0000][1][safepoint    ] Safepoint "RevokeBias", Time since last: 191800362 ns, Reaching safepoint: 198398 ns, At safepoint: 21296 ns, Total: 219694 ns
[2020-09-11T15:22:27.124+0000][1][safepoint    ] Safepoint "RevokeBias", Time since last: 242339 ns, Reaching safepoint: 151392 ns, At safepoint: 11913 ns, Total: 163305 ns
[2020-09-11T15:22:27.125+0000][1][safepoint    ] Safepoint "RevokeBias", Time since last: 107872 ns, Reaching safepoint: 159351 ns, At safepoint: 11995 ns, Total: 171346 ns
[2020-09-11T15:22:27.125+0000][1][safepoint    ] Safepoint "RevokeBias", Time since last: 46244 ns, Reaching safepoint: 152579 ns, At safepoint: 10896 ns, Total: 163475 ns
[2020-09-11T15:22:27.154+0000][1][gc,start     ] GC(166) Pause Young (Allocation Failure)
[2020-09-11T15:22:27.154+0000][1][gc,task      ] GC(166) Using 1 workers of 1 for evacuation
[2020-09-11T15:22:27.187+0000][1][gc,age       ] GC(166) Desired survivor size 4358144 bytes, new threshold 6 (max threshold 6)
[2020-09-11T15:22:27.187+0000][1][gc,age       ] GC(166) Age table with threshold 6 (max threshold 6)
[2020-09-11T15:22:27.187+0000][1][gc,age       ] GC(166) - age   1:     829488 bytes,     829488 total
[2020-09-11T15:22:27.187+0000][1][gc,age       ] GC(166) - age   2:     213360 bytes,    1042848 total
[2020-09-11T15:22:27.187+0000][1][gc,heap      ] GC(166) ParNew: 73721K->1751K(76672K)
[2020-09-11T15:22:27.187+0000][1][gc,heap      ] GC(166) CMS: 114031K->114031K(2011968K)
[2020-09-11T15:22:27.187+0000][1][gc,metaspace ] GC(166) Metaspace: 97431K->97431K(1138688K)
[2020-09-11T15:22:27.187+0000][1][gc           ] GC(166) Pause Young (Allocation Failure) 183M->113M(2039M) 32.865ms
[2020-09-11T15:22:27.187+0000][1][gc,cpu       ] GC(166) User=0.02s Sys=0.00s Real=0.04s
[2020-09-11T15:22:27.206+0000][1][safepoint    ] Safepoint "GenCollectForAllocation", Time since last: 20748078 ns, Reaching safepoint: 8144794 ns, At safepoint: 51778366 ns, Total: 59923160 ns
[2020-09-11T15:22:27.237+0000][1][safepoint    ] Safepoint "RevokeBias", Time since last: 31080130 ns, Reaching safepoint: 74491 ns, At safepoint: 36962 ns, Total: 111453 ns
[2020-09-11T15:22:27.299+0000][1][safepoint    ] Safepoint "RevokeBias", Time since last: 62244363 ns, Reaching safepoint: 143063 ns, At safepoint: 19862 ns, Total: 162925 ns
[2020-09-11T15:22:27.304+0000][1][safepoint    ] Safepoint "RevokeBias", Time since last: 1792511 ns, Reaching safepoint: 3048493 ns, At safepoint: 41439 ns, Total: 3089932 ns
[2020-09-11T15:22:27.318+0000][1][safepoint    ] Safepoint "RevokeBias", Time since last: 12044902 ns, Reaching safepoint: 2004419 ns, At safepoint: 23651 ns, Total: 2028070 ns
[2020-09-11T15:22:27.329+0000][1][safepoint    ] Safepoint "RevokeBias", Time since last: 10674812 ns, Reaching safepoint: 145750 ns, At safepoint: 21552 ns, Total: 167302 ns
[2020-09-11T15:22:27.329+0000][1][safepoint    ] Safepoint "RevokeBias", Time since last: 307221 ns, Reaching safepoint: 120535 ns, At safepoint: 13354 ns, Total: 133889 ns
[2020-09-11T15:22:27.652+0000][1][safepoint    ] Safepoint "ICBufferFull", Time since last: 318064482 ns, Reaching safepoint: 4149234 ns, At safepoint: 16486 ns, Total: 4165720 ns
[2020-09-11T15:22:27.821+0000][1][safepoint    ] Safepoint "ICBufferFull", Time since last: 169236294 ns, Reaching safepoint: 273206 ns, At safepoint: 10786 ns, Total: 283992 ns
[2020-09-11T15:22:27.833+0000][1][safepoint    ] Safepoint "RevokeBias", Time since last: 10879430 ns, Reaching safepoint: 1157588 ns, At safepoint: 22300 ns, Total: 1179888 ns
[2020-09-11T15:22:27.836+0000][1][safepoint    ] Safepoint "RevokeBias", Time since last: 2351858 ns, Reaching safepoint: 130286 ns, At safepoint: 17237 ns, Total: 147523 ns
[2020-09-11T15:22:27.933+0000][1][gc,start     ] GC(167) Pause Young (Allocation Failure)
[2020-09-11T15:22:27.933+0000][1][gc,task      ] GC(167) Using 1 workers of 1 for evacuation
[2020-09-11T15:22:27.990+0000][1][gc,age       ] GC(167) Desired survivor size 4358144 bytes, new threshold 2 (max threshold 6)
[2020-09-11T15:22:27.990+0000][1][gc,age       ] GC(167) Age table with threshold 2 (max threshold 6)
[2020-09-11T15:22:27.990+0000][1][gc,age       ] GC(167) - age   1:    4190024 bytes,    4190024 total
[2020-09-11T15:22:27.990+0000][1][gc,age       ] GC(167) - age   2:     348032 bytes,    4538056 total
[2020-09-11T15:22:27.990+0000][1][gc,age       ] GC(167) - age   3:     208024 bytes,    4746080 total
[2020-09-11T15:22:27.990+0000][1][gc,heap      ] GC(167) ParNew: 69911K->4919K(76672K)
[2020-09-11T15:22:27.990+0000][1][gc,heap      ] GC(167) CMS: 114031K->114031K(2011968K)
[2020-09-11T15:22:27.990+0000][1][gc,metaspace ] GC(167) Metaspace: 97625K->97625K(1138688K)
[2020-09-11T15:22:27.990+0000][1][gc           ] GC(167) Pause Young (Allocation Failure) 179M->116M(2039M) 56.645ms
[2020-09-11T15:22:27.990+0000][1][gc,cpu       ] GC(167) User=0.04s Sys=0.00s Real=0.06s
[2020-09-11T15:22:27.994+0000][1][safepoint    ] Safepoint "GenCollectForAllocation", Time since last: 97055140 ns, Reaching safepoint: 258358 ns, At safepoint: 60935251 ns, Total: 61193609 ns
[2020-09-11T15:22:28.328+0000][1][safepoint    ] Safepoint "RevokeBias", Time since last: 333992471 ns, Reaching safepoint: 173906 ns, At safepoint: 22596 ns, Total: 196502 ns
[2020-09-11T15:22:28.336+0000][1][safepoint    ] Safepoint "RevokeBias", Time since last: 7442780 ns, Reaching safepoint: 143384 ns, At safepoint: 21635 ns, Total: 165019 ns
[2020-09-11T15:22:28.337+0000][1][safepoint    ] Safepoint "RevokeBias", Time since last: 903982 ns, Reaching safepoint: 112374 ns, At safepoint: 13055 ns, Total: 125429 ns
[2020-09-11T15:22:28.337+0000][1][safepoint    ] Safepoint "RevokeBias", Time since last: 55793 ns, Reaching safepoint: 100761 ns, At safepoint: 11872 ns, Total: 112633 ns
[2020-09-11T15:22:28.369+0000][1][safepoint    ] Safepoint "RevokeBias", Time since last: 31702135 ns, Reaching safepoint: 146213 ns, At safepoint: 20454 ns, Total: 166667 ns
[2020-09-11T15:22:28.370+0000][1][safepoint    ] Safepoint "RevokeBias", Time since last: 913433 ns, Reaching safepoint: 28841 ns, At safepoint: 4901 ns, Total: 33742 ns
[2020-09-11T15:22:28.398+0000][1][safepoint    ] Safepoint "RevokeBias", Time since last: 27692992 ns, Reaching safepoint: 138652 ns, At safepoint: 8519 ns, Total: 147171 ns
[2020-09-11T15:22:28.417+0000][1][safepoint    ] Safepoint "RevokeBias", Time since last: 17613625 ns, Reaching safepoint: 1913752 ns, At safepoint: 15799 ns, Total: 1929551 ns
[2020-09-11T15:22:28.436+0000][1][safepoint    ] Safepoint "RevokeBias", Time since last: 16687467 ns, Reaching safepoint: 1741804 ns, At safepoint: 25910 ns, Total: 1767714 ns
[2020-09-11T15:22:29.436+0000][1][safepoint    ] Safepoint "Cleanup", Time since last: 1000188553 ns, Reaching safepoint: 124158 ns, At safepoint: 8781 ns, Total: 132939 ns
[2020-09-11T15:22:30.436+0000][1][safepoint    ] Safepoint "Cleanup", Time since last: 1000179822 ns, Reaching safepoint: 155377 ns, At safepoint: 18733 ns, Total: 174110 ns
[2020-09-11T15:22:31.437+0000][1][safepoint    ] Safepoint "Cleanup", Time since last: 1000181641 ns, Reaching safepoint: 157357 ns, At safepoint: 18075 ns, Total: 175432 ns
[2020-09-11T15:22:32.437+0000][1][safepoint    ] Safepoint "Cleanup", Time since last: 1000685276 ns, Reaching safepoint: 152232 ns, At safepoint: 15298 ns, Total: 167530 ns
[2020-09-11T15:22:32.586+0000][1][gc,start     ] GC(168) Pause Young (Allocation Failure)
[2020-09-11T15:22:32.586+0000][1][gc,task      ] GC(168) Using 1 workers of 1 for evacuation
[2020-09-11T15:22:32.602+0000][1][gc,age       ] GC(168) Desired survivor size 4358144 bytes, new threshold 6 (max threshold 6)
[2020-09-11T15:22:32.602+0000][1][gc,age       ] GC(168) Age table with threshold 6 (max threshold 6)
[2020-09-11T15:22:32.602+0000][1][gc,age       ] GC(168) - age   1:     608920 bytes,     608920 total
[2020-09-11T15:22:32.602+0000][1][gc,age       ] GC(168) - age   2:     190944 bytes,     799864 total
[2020-09-11T15:22:32.602+0000][1][gc,heap      ] GC(168) ParNew: 73079K->3681K(76672K)
[2020-09-11T15:22:32.602+0000][1][gc,heap      ] GC(168) CMS: 114031K->114238K(2011968K)
[2020-09-11T15:22:32.602+0000][1][gc,metaspace ] GC(168) Metaspace: 97682K->97682K(1138688K)
[2020-09-11T15:22:32.602+0000][1][gc           ] GC(168) Pause Young (Allocation Failure) 182M->115M(2039M) 15.729ms
[2020-09-11T15:22:32.602+0000][1][gc,cpu       ] GC(168) User=0.02s Sys=0.00s Real=0.01s
[2020-09-11T15:22:32.602+0000][1][safepoint    ] Safepoint "GenCollectForAllocation", Time since last: 148702197 ns, Reaching safepoint: 236888 ns, At safepoint: 15863476 ns, Total: 16100364 ns
[2020-09-11T15:22:32.907+0000][1][safepoint    ] Safepoint "RevokeBias", Time since last: 304431616 ns, Reaching safepoint: 432584 ns, At safepoint: 8903 ns, Total: 441487 ns
[2020-09-11T15:22:33.908+0000][1][safepoint    ] Safepoint "Cleanup", Time since last: 1000170099 ns, Reaching safepoint: 235573 ns, At safepoint: 19475 ns, Total: 255048 ns
[2020-09-11T15:22:34.908+0000][1][safepoint    ] Safepoint "Cleanup", Time since last: 1000231060 ns, Reaching safepoint: 109093 ns, At safepoint: 7979 ns, Total: 117072 ns
[2020-09-11T15:22:35.908+0000][1][safepoint    ] Safepoint "Cleanup", Time since last: 1000146737 ns, Reaching safepoint: 155717 ns, At safepoint: 17831 ns, Total: 173548 ns
[2020-09-11T15:22:36.909+0000][1][safepoint    ] Safepoint "Cleanup", Time since last: 1000236370 ns, Reaching safepoint: 109538 ns, At safepoint: 8381 ns, Total: 117919 ns
[2020-09-11T15:22:36.929+0000][1][safepoint    ] Safepoint "RevokeBias", Time since last: 19917433 ns, Reaching safepoint: 193233 ns, At safepoint: 20595 ns, Total: 213828 ns
[2020-09-11T15:22:36.929+0000][1][safepoint    ] Safepoint "RevokeBias", Time since last: 134290 ns, Reaching safepoint: 154608 ns, At safepoint: 12951 ns, Total: 167559 ns
[2020-09-11T15:22:37.496+0000][1][safepoint    ] Safepoint "RevokeBias", Time since last: 566345319 ns, Reaching safepoint: 182772 ns, At safepoint: 21793 ns, Total: 204565 ns
[2020-09-11T15:22:37.496+0000][1][safepoint    ] Safepoint "RevokeBias", Time since last: 224263 ns, Reaching safepoint: 28528 ns, At safepoint: 13076 ns, Total: 41604 ns
[2020-09-11T15:22:37.496+0000][1][safepoint    ] Safepoint "RevokeBias", Time since last: 79830 ns, Reaching safepoint: 33316 ns, At safepoint: 10230 ns, Total: 43546 ns
[2020-09-11T15:22:37.496+0000][1][safepoint    ] Safepoint "RevokeBias", Time since last: 39937 ns, Reaching safepoint: 27359 ns, At safepoint: 9454 ns, Total: 36813 ns
[2020-09-11T15:22:37.516+0000][1][safepoint    ] Safepoint "RevokeBias", Time since last: 19463936 ns, Reaching safepoint: 134309 ns, At safepoint: 21075 ns, Total: 155384 ns
[2020-09-11T15:22:38.348+0000][1][gc,start     ] GC(169) Pause Young (Allocation Failure)
[2020-09-11T15:22:38.348+0000][1][gc,task      ] GC(169) Using 1 workers of 1 for evacuation
[2020-09-11T15:22:38.372+0000][1][gc,age       ] GC(169) Desired survivor size 4358144 bytes, new threshold 1 (max threshold 6)
[2020-09-11T15:22:38.372+0000][1][gc,age       ] GC(169) Age table with threshold 1 (max threshold 6)
[2020-09-11T15:22:38.372+0000][1][gc,age       ] GC(169) - age   1:    8046512 bytes,    8046512 total
[2020-09-11T15:22:38.372+0000][1][gc,age       ] GC(169) - age   2:     405712 bytes,    8452224 total
[2020-09-11T15:22:38.372+0000][1][gc,age       ] GC(169) - age   3:     179224 bytes,    8631448 total
[2020-09-11T15:22:38.372+0000][1][gc,heap      ] GC(169) ParNew: 71841K->8512K(76672K)
[2020-09-11T15:22:38.372+0000][1][gc,heap      ] GC(169) CMS: 114238K->115934K(2011968K)
[2020-09-11T15:22:38.372+0000][1][gc,metaspace ] GC(169) Metaspace: 97737K->97737K(1138688K)
[2020-09-11T15:22:38.372+0000][1][gc           ] GC(169) Pause Young (Allocation Failure) 181M->121M(2039M) 24.080ms
[2020-09-11T15:22:38.372+0000][1][gc,cpu       ] GC(169) User=0.02s Sys=0.00s Real=0.02s
[2020-09-11T15:22:38.372+0000][1][safepoint    ] Safepoint "GenCollectForAllocation", Time since last: 830905605 ns, Reaching safepoint: 1469506 ns, At safepoint: 24192988 ns, Total: 25662494 ns
[2020-09-11T15:22:38.600+0000][1][safepoint    ] Safepoint "RevokeBias", Time since last: 227516609 ns, Reaching safepoint: 139349 ns, At safepoint: 18957 ns, Total: 158306 ns
[2020-09-11T15:22:38.601+0000][1][safepoint    ] Safepoint "RevokeBias", Time since last: 672193 ns, Reaching safepoint: 98814 ns, At safepoint: 12701 ns, Total: 111515 ns
[2020-09-11T15:22:38.601+0000][1][safepoint    ] Safepoint "RevokeBias", Time since last: 86103 ns, Reaching safepoint: 102913 ns, At safepoint: 11581 ns, Total: 114494 ns
[2020-09-11T15:22:38.601+0000][1][safepoint    ] Safepoint "RevokeBias", Time since last: 42759 ns, Reaching safepoint: 97630 ns, At safepoint: 10562 ns, Total: 108192 ns
[2020-09-11T15:22:38.638+0000][1][safepoint    ] Safepoint "RevokeBias", Time since last: 36443142 ns, Reaching safepoint: 136121 ns, At safepoint: 19290 ns, Total: 155411 ns
[2020-09-11T15:22:39.638+0000][1][safepoint    ] Safepoint "Cleanup", Time since last: 1000162135 ns, Reaching safepoint: 148100 ns, At safepoint: 17964 ns, Total: 166064 ns
[2020-09-11T15:22:40.638+0000][1][safepoint    ] Safepoint "Cleanup", Time since last: 1000185635 ns, Reaching safepoint: 106840 ns, At safepoint: 7324 ns, Total: 114164 ns
[2020-09-11T15:22:41.639+0000][1][safepoint    ] Safepoint "Cleanup", Time since last: 1000171524 ns, Reaching safepoint: 98284 ns, At safepoint: 7143 ns, Total: 105427 ns
[2020-09-11T15:22:42.639+0000][1][safepoint    ] Safepoint "Cleanup", Time since last: 1000188606 ns, Reaching safepoint: 149186 ns, At safepoint: 17851 ns, Total: 167037 ns
[2020-09-11T15:22:43.524+0000][1][safepoint    ] Safepoint "RevokeBias", Time since last: 883311143 ns, Reaching safepoint: 1380583 ns, At safepoint: 22342 ns, Total: 1402925 ns
[2020-09-11T15:22:43.537+0000][1][gc,start     ] GC(170) Pause Young (Allocation Failure)
[2020-09-11T15:22:43.537+0000][1][gc,task      ] GC(170) Using 1 workers of 1 for evacuation
[2020-09-11T15:22:43.570+0000][1][gc,age       ] GC(170) Desired survivor size 4358144 bytes, new threshold 6 (max threshold 6)
[2020-09-11T15:22:43.570+0000][1][gc,age       ] GC(170) Age table with threshold 6 (max threshold 6)
[2020-09-11T15:22:43.570+0000][1][gc,age       ] GC(170) - age   1:     724208 bytes,     724208 total
[2020-09-11T15:22:43.570+0000][1][gc,heap      ] GC(170) ParNew: 76672K->6600K(76672K)
[2020-09-11T15:22:43.570+0000][1][gc,heap      ] GC(170) CMS: 115934K->117266K(2011968K)
[2020-09-11T15:22:43.570+0000][1][gc,metaspace ] GC(170) Metaspace: 97772K->97772K(1138688K)
[2020-09-11T15:22:43.570+0000][1][gc           ] GC(170) Pause Young (Allocation Failure) 188M->120M(2039M) 33.524ms
[2020-09-11T15:22:43.570+0000][1][gc,cpu       ] GC(170) User=0.01s Sys=0.00s Real=0.03s
[2020-09-11T15:22:43.587+0000][1][safepoint    ] Safepoint "GenCollectForAllocation", Time since last: 12731551 ns, Reaching safepoint: 249586 ns, At safepoint: 50039495 ns, Total: 50289081 ns
[2020-09-11T15:22:44.596+0000][1][safepoint    ] Safepoint "Cleanup", Time since last: 1008870116 ns, Reaching safepoint: 146633 ns, At safepoint: 17142 ns, Total: 163775 ns
[2020-09-11T15:22:45.596+0000][1][safepoint    ] Safepoint "Cleanup", Time since last: 1000242951 ns, Reaching safepoint: 117420 ns, At safepoint: 7282 ns, Total: 124702 ns
[2020-09-11T15:22:46.596+0000][1][safepoint    ] Safepoint "Cleanup", Time since last: 1000152395 ns, Reaching safepoint: 116094 ns, At safepoint: 7932 ns, Total: 124026 ns
[2020-09-11T15:22:46.937+0000][1][safepoint    ] Safepoint "RevokeBias", Time since last: 340804455 ns, Reaching safepoint: 197074 ns, At safepoint: 21480 ns, Total: 218554 ns
[2020-09-11T15:22:47.700+0000][1][gc,start     ] GC(171) Pause Young (Allocation Failure)
[2020-09-11T15:22:47.700+0000][1][gc,task      ] GC(171) Using 1 workers of 1 for evacuation
[2020-09-11T15:22:47.733+0000][1][gc,age       ] GC(171) Desired survivor size 4358144 bytes, new threshold 6 (max threshold 6)
[2020-09-11T15:22:47.733+0000][1][gc,age       ] GC(171) Age table with threshold 6 (max threshold 6)
[2020-09-11T15:22:47.733+0000][1][gc,age       ] GC(171) - age   1:    3050640 bytes,    3050640 total
[2020-09-11T15:22:47.733+0000][1][gc,age       ] GC(171) - age   2:     600400 bytes,    3651040 total
[2020-09-11T15:22:47.733+0000][1][gc,heap      ] GC(171) ParNew: 74760K->5348K(76672K)
[2020-09-11T15:22:47.733+0000][1][gc,heap      ] GC(171) CMS: 117266K->117266K(2011968K)
[2020-09-11T15:22:47.733+0000][1][gc,metaspace ] GC(171) Metaspace: 97811K->97811K(1138688K)
[2020-09-11T15:22:47.733+0000][1][gc           ] GC(171) Pause Young (Allocation Failure) 187M->119M(2039M) 33.191ms
[2020-09-11T15:22:47.733+0000][1][gc,cpu       ] GC(171) User=0.02s Sys=0.00s Real=0.03s
[2020-09-11T15:22:47.746+0000][1][safepoint    ] Safepoint "GenCollectForAllocation", Time since last: 762370364 ns, Reaching safepoint: 453932 ns, At safepoint: 45360055 ns, Total: 45813987 ns
[2020-09-11T15:22:47.750+0000][1][safepoint    ] Safepoint "RevokeBias", Time since last: 4364362 ns, Reaching safepoint: 71214 ns, At safepoint: 33562 ns, Total: 104776 ns
[2020-09-11T15:22:47.751+0000][1][safepoint    ] Safepoint "RevokeBias", Time since last: 760416 ns, Reaching safepoint: 46386 ns, At safepoint: 24374 ns, Total: 70760 ns
[2020-09-11T15:22:47.751+0000][1][safepoint    ] Safepoint "RevokeBias", Time since last: 106087 ns, Reaching safepoint: 45631 ns, At safepoint: 19922 ns, Total: 65553 ns
[2020-09-11T15:22:47.751+0000][1][safepoint    ] Safepoint "RevokeBias", Time since last: 43013 ns, Reaching safepoint: 27489 ns, At safepoint: 16858 ns, Total: 44347 ns
[2020-09-11T15:22:47.774+0000][1][safepoint    ] Safepoint "RevokeBias", Time since last: 22880687 ns, Reaching safepoint: 141634 ns, At safepoint: 21796 ns, Total: 163430 ns
[2020-09-11T15:22:48.774+0000][1][safepoint    ] Safepoint "Cleanup", Time since last: 1000164599 ns, Reaching safepoint: 165406 ns, At safepoint: 19267 ns, Total: 184673 ns
[2020-09-11T15:22:54.776+0000][1][safepoint    ] Safepoint "Cleanup", Time since last: 6000968137 ns, Reaching safepoint: 86841 ns, At safepoint: 6928 ns, Total: 93769 ns
[2020-09-11T15:22:56.776+0000][1][safepoint    ] Safepoint "Cleanup", Time since last: 2000246082 ns, Reaching safepoint: 132856 ns, At safepoint: 6977 ns, Total: 139833 ns
[2020-09-11T15:22:56.931+0000][1][safepoint    ] Safepoint "RevokeBias", Time since last: 154489615 ns, Reaching safepoint: 196882 ns, At safepoint: 19364 ns, Total: 216246 ns
[2020-09-11T15:22:57.809+0000][1][gc,start     ] GC(172) Pause Young (Allocation Failure)
[2020-09-11T15:22:57.809+0000][1][gc,task      ] GC(172) Using 1 workers of 1 for evacuation
[2020-09-11T15:22:57.848+0000][1][gc,age       ] GC(172) Desired survivor size 4358144 bytes, new threshold 1 (max threshold 6)
[2020-09-11T15:22:57.848+0000][1][gc,age       ] GC(172) Age table with threshold 1 (max threshold 6)
[2020-09-11T15:22:57.848+0000][1][gc,age       ] GC(172) - age   1:    8714424 bytes,    8714424 total
[2020-09-11T15:22:57.848+0000][1][gc,age       ] GC(172) - age   2:        824 bytes,    8715248 total
[2020-09-11T15:22:57.848+0000][1][gc,age       ] GC(172) - age   3:        192 bytes,    8715440 total
[2020-09-11T15:22:57.848+0000][1][gc,heap      ] GC(172) ParNew: 73508K->8512K(76672K)
[2020-09-11T15:22:57.848+0000][1][gc,heap      ] GC(172) CMS: 117266K->118493K(2011968K)
[2020-09-11T15:22:57.848+0000][1][gc,metaspace ] GC(172) Metaspace: 97846K->97846K(1138688K)
[2020-09-11T15:22:57.848+0000][1][gc           ] GC(172) Pause Young (Allocation Failure) 186M->124M(2039M) 38.269ms
[2020-09-11T15:22:57.848+0000][1][gc,cpu       ] GC(172) User=0.02s Sys=0.00s Real=0.04s
[2020-09-11T15:22:57.848+0000][1][safepoint    ] Safepoint "GenCollectForAllocation", Time since last: 878613386 ns, Reaching safepoint: 168180 ns, At safepoint: 38337164 ns, Total: 38505344 ns
[2020-09-11T15:22:57.887+0000][1][safepoint    ] Safepoint "RevokeBias", Time since last: 39314058 ns, Reaching safepoint: 158538 ns, At safepoint: 21550 ns, Total: 180088 ns
[2020-09-11T15:22:57.888+0000][1][safepoint    ] Safepoint "RevokeBias", Time since last: 847841 ns, Reaching safepoint: 101283 ns, At safepoint: 13280 ns, Total: 114563 ns
[2020-09-11T15:22:57.888+0000][1][safepoint    ] Safepoint "RevokeBias", Time since last: 123854 ns, Reaching safepoint: 104078 ns, At safepoint: 11812 ns, Total: 115890 ns
[2020-09-11T15:22:57.889+0000][1][safepoint    ] Safepoint "RevokeBias", Time since last: 47183 ns, Reaching safepoint: 97653 ns, At safepoint: 11400 ns, Total: 109053 ns
[2020-09-11T15:22:57.915+0000][1][safepoint    ] Safepoint "RevokeBias", Time since last: 26514353 ns, Reaching safepoint: 141934 ns, At safepoint: 21865 ns, Total: 163799 ns
[2020-09-11T15:22:58.916+0000][1][safepoint    ] Safepoint "Cleanup", Time since last: 1000104417 ns, Reaching safepoint: 125994 ns, At safepoint: 6816 ns, Total: 132810 ns
[2020-09-11T15:23:02.631+0000][1][safepoint    ] Safepoint "Cleanup", Time since last: 3714464349 ns, Reaching safepoint: 946526 ns, At safepoint: 9250 ns, Total: 955776 ns
[2020-09-11T15:23:03.631+0000][1][safepoint    ] Safepoint "Cleanup", Time since last: 1000140672 ns, Reaching safepoint: 103878 ns, At safepoint: 8506 ns, Total: 112384 ns
[2020-09-11T15:23:04.635+0000][1][safepoint    ] Safepoint "Cleanup", Time since last: 1001489291 ns, Reaching safepoint: 213140 ns, At safepoint: 2604462 ns, Total: 2817602 ns
[2020-09-11T15:23:05.447+0000][1][gc,start     ] GC(173) Pause Young (Allocation Failure)
[2020-09-11T15:23:05.447+0000][1][gc,task      ] GC(173) Using 1 workers of 1 for evacuation
[2020-09-11T15:23:05.461+0000][1][gc,age       ] GC(173) Desired survivor size 4358144 bytes, new threshold 6 (max threshold 6)
[2020-09-11T15:23:05.461+0000][1][gc,age       ] GC(173) Age table with threshold 6 (max threshold 6)
[2020-09-11T15:23:05.461+0000][1][gc,age       ] GC(173) - age   1:     664976 bytes,     664976 total
[2020-09-11T15:23:05.461+0000][1][gc,heap      ] GC(173) ParNew: 76672K->7163K(76672K)
[2020-09-11T15:23:05.461+0000][1][gc,heap      ] GC(173) CMS: 118493K->118536K(2011968K)
[2020-09-11T15:23:05.461+0000][1][gc,metaspace ] GC(173) Metaspace: 97866K->97866K(1138688K)
[2020-09-11T15:23:05.461+0000][1][gc           ] GC(173) Pause Young (Allocation Failure) 190M->122M(2039M) 14.755ms
[2020-09-11T15:23:05.461+0000][1][gc,cpu       ] GC(173) User=0.02s Sys=0.00s Real=0.01s
[2020-09-11T15:23:05.461+0000][1][safepoint    ] Safepoint "GenCollectForAllocation", Time since last: 810806284 ns, Reaching safepoint: 213924 ns, At safepoint: 14826216 ns, Total: 15040140 ns
[2020-09-11T15:23:06.931+0000][1][safepoint    ] Safepoint "RevokeBias", Time since last: 1469472035 ns, Reaching safepoint: 202558 ns, At safepoint: 29378 ns, Total: 231936 ns
[2020-09-11T15:23:06.991+0000][1][safepoint    ] Safepoint "RevokeBias", Time since last: 59295999 ns, Reaching safepoint: 153117 ns, At safepoint: 26317 ns, Total: 179434 ns
[2020-09-11T15:23:06.991+0000][1][safepoint    ] Safepoint "RevokeBias", Time since last: 170304 ns, Reaching safepoint: 100503 ns, At safepoint: 15148 ns, Total: 115651 ns
[2020-09-11T15:23:06.991+0000][1][safepoint    ] Safepoint "RevokeBias", Time since last: 88266 ns, Reaching safepoint: 105584 ns, At safepoint: 14060 ns, Total: 119644 ns
[2020-09-11T15:23:06.991+0000][1][safepoint    ] Safepoint "RevokeBias", Time since last: 45102 ns, Reaching safepoint: 98431 ns, At safepoint: 12173 ns, Total: 110604 ns
[2020-09-11T15:23:07.020+0000][1][safepoint    ] Safepoint "BulkRevokeBias", Time since last: 28780306 ns, Reaching safepoint: 141904 ns, At safepoint: 196171 ns, Total: 338075 ns
[2020-09-11T15:23:07.176+0000][1][safepoint    ] Safepoint "RevokeBias", Time since last: 152005929 ns, Reaching safepoint: 3208973 ns, At safepoint: 26198 ns, Total: 3235171 ns
[2020-09-11T15:23:07.480+0000][1][gc,start     ] GC(174) Pause Young (Allocation Failure)
[2020-09-11T15:23:07.480+0000][1][gc,task      ] GC(174) Using 1 workers of 1 for evacuation
[2020-09-11T15:23:07.508+0000][1][gc,age       ] GC(174) Desired survivor size 4358144 bytes, new threshold 6 (max threshold 6)
[2020-09-11T15:23:07.508+0000][1][gc,age       ] GC(174) Age table with threshold 6 (max threshold 6)
[2020-09-11T15:23:07.508+0000][1][gc,age       ] GC(174) - age   1:    3178896 bytes,    3178896 total
[2020-09-11T15:23:07.508+0000][1][gc,age       ] GC(174) - age   2:     348544 bytes,    3527440 total
[2020-09-11T15:23:07.508+0000][1][gc,heap      ] GC(174) ParNew: 75323K->3825K(76672K)
[2020-09-11T15:23:07.508+0000][1][gc,heap      ] GC(174) CMS: 118536K->118536K(2011968K)
[2020-09-11T15:23:07.508+0000][1][gc,metaspace ] GC(174) Metaspace: 97892K->97892K(1138688K)
[2020-09-11T15:23:07.508+0000][1][gc           ] GC(174) Pause Young (Allocation Failure) 189M->119M(2039M) 28.618ms
[2020-09-11T15:23:07.508+0000][1][gc,cpu       ] GC(174) User=0.02s Sys=0.00s Real=0.03s
[2020-09-11T15:23:07.509+0000][1][safepoint    ] Safepoint "GenCollectForAllocation", Time since last: 304054276 ns, Reaching safepoint: 178675 ns, At safepoint: 29182212 ns, Total: 29360887 ns
[2020-09-11T15:23:07.540+0000][1][safepoint    ] Safepoint "BulkRevokeBias", Time since last: 30493531 ns, Reaching safepoint: 167241 ns, At safepoint: 298170 ns, Total: 465411 ns
[2020-09-11T15:23:07.550+0000][1][safepoint    ] Safepoint "RevokeBias", Time since last: 9791507 ns, Reaching safepoint: 186064 ns, At safepoint: 21677 ns, Total: 207741 ns
[2020-09-11T15:23:07.551+0000][1][safepoint    ] Safepoint "RevokeBias", Time since last: 904612 ns, Reaching safepoint: 162417 ns, At safepoint: 14951 ns, Total: 177368 ns
[2020-09-11T15:23:07.553+0000][1][safepoint    ] Safepoint "RevokeBias", Time since last: 1497816 ns, Reaching safepoint: 181368 ns, At safepoint: 16391 ns, Total: 197759 ns
[2020-09-11T15:23:07.554+0000][1][safepoint    ] Safepoint "RevokeBias", Time since last: 1572052 ns, Reaching safepoint: 184006 ns, At safepoint: 15982 ns, Total: 199988 ns
[2020-09-11T15:23:08.053+0000][1][safepoint    ] Safepoint "RevokeBias", Time since last: 498243724 ns, Reaching safepoint: 188774 ns, At safepoint: 21620 ns, Total: 210394 ns
[2020-09-11T15:23:08.054+0000][1][safepoint    ] Safepoint "RevokeBias", Time since last: 675968 ns, Reaching safepoint: 149387 ns, At safepoint: 12555 ns, Total: 161942 ns
[2020-09-11T15:23:08.054+0000][1][safepoint    ] Safepoint "RevokeBias", Time since last: 86484 ns, Reaching safepoint: 156387 ns, At safepoint: 11315 ns, Total: 167702 ns
[2020-09-11T15:23:08.054+0000][1][safepoint    ] Safepoint "RevokeBias", Time since last: 43527 ns, Reaching safepoint: 150006 ns, At safepoint: 11134 ns, Total: 161140 ns
[2020-09-11T15:23:08.066+0000][1][safepoint    ] Safepoint "RevokeBias", Time since last: 11995427 ns, Reaching safepoint: 189037 ns, At safepoint: 20776 ns, Total: 209813 ns
[2020-09-11T15:23:08.068+0000][1][safepoint    ] Safepoint "RevokeBias", Time since last: 1251880 ns, Reaching safepoint: 154775 ns, At safepoint: 13691 ns, Total: 168466 ns
[2020-09-11T15:23:08.072+0000][1][gc,start     ] GC(175) Pause Young (Allocation Failure)
[2020-09-11T15:23:08.072+0000][1][gc,task      ] GC(175) Using 1 workers of 1 for evacuation
[2020-09-11T15:23:08.086+0000][1][gc,age       ] GC(175) Desired survivor size 4358144 bytes, new threshold 6 (max threshold 6)
[2020-09-11T15:23:08.086+0000][1][gc,age       ] GC(175) Age table with threshold 6 (max threshold 6)
[2020-09-11T15:23:08.086+0000][1][gc,age       ] GC(175) - age   1:     535616 bytes,     535616 total
[2020-09-11T15:23:08.086+0000][1][gc,age       ] GC(175) - age   2:     512344 bytes,    1047960 total
[2020-09-11T15:23:08.086+0000][1][gc,age       ] GC(175) - age   3:     348352 bytes,    1396312 total
[2020-09-11T15:23:08.086+0000][1][gc,heap      ] GC(175) ParNew: 71985K->3061K(76672K)
[2020-09-11T15:23:08.086+0000][1][gc,heap      ] GC(175) CMS: 118536K->118536K(2011968K)
[2020-09-11T15:23:08.086+0000][1][gc,metaspace ] GC(175) Metaspace: 97899K->97899K(1138688K)
[2020-09-11T15:23:08.086+0000][1][gc           ] GC(175) Pause Young (Allocation Failure) 186M->118M(2039M) 14.527ms
[2020-09-11T15:23:08.086+0000][1][gc,cpu       ] GC(175) User=0.01s Sys=0.00s Real=0.02s
[2020-09-11T15:23:08.091+0000][1][safepoint    ] Safepoint "GenCollectForAllocation", Time since last: 3602000 ns, Reaching safepoint: 183224 ns, At safepoint: 19834069 ns, Total: 20017293 ns
[2020-09-11T15:23:09.096+0000][1][safepoint    ] Safepoint "Cleanup", Time since last: 1004816306 ns, Reaching safepoint: 151106 ns, At safepoint: 18757 ns, Total: 169863 ns
[2020-09-11T15:23:10.097+0000][1][safepoint    ] Safepoint "Cleanup", Time since last: 1000202789 ns, Reaching safepoint: 108525 ns, At safepoint: 7164 ns, Total: 115689 ns
[2020-09-11T15:23:11.097+0000][1][safepoint    ] Safepoint "Cleanup", Time since last: 1000185852 ns, Reaching safepoint: 115874 ns, At safepoint: 7443 ns, Total: 123317 ns
[2020-09-11T15:23:12.097+0000][1][safepoint    ] Safepoint "Cleanup", Time since last: 1000169642 ns, Reaching safepoint: 156192 ns, At safepoint: 17847 ns, Total: 174039 ns
[2020-09-11T15:23:13.098+0000][1][safepoint    ] Safepoint "Cleanup", Time since last: 1000226044 ns, Reaching safepoint: 156960 ns, At safepoint: 18797 ns, Total: 175757 ns
[2020-09-11T15:23:15.098+0000][1][safepoint    ] Safepoint "Cleanup", Time since last: 2000283565 ns, Reaching safepoint: 77168 ns, At safepoint: 5744 ns, Total: 82912 ns
[2020-09-11T15:23:16.098+0000][1][safepoint    ] Safepoint "Cleanup", Time since last: 1000191948 ns, Reaching safepoint: 130731 ns, At safepoint: 6877 ns, Total: 137608 ns
[2020-09-11T15:23:16.936+0000][1][safepoint    ] Safepoint "RevokeBias", Time since last: 837030517 ns, Reaching safepoint: 159085 ns, At safepoint: 20343 ns, Total: 179428 ns
[2020-09-11T15:23:16.936+0000][1][safepoint    ] Safepoint "RevokeBias", Time since last: 106367 ns, Reaching safepoint: 102639 ns, At safepoint: 12179 ns, Total: 114818 ns
[2020-09-11T15:23:17.127+0000][1][safepoint    ] Safepoint "RevokeBias", Time since last: 191291614 ns, Reaching safepoint: 257091 ns, At safepoint: 23439 ns, Total: 280530 ns
[2020-09-11T15:23:17.131+0000][1][safepoint    ] Safepoint "RevokeBias", Time since last: 3517362 ns, Reaching safepoint: 145954 ns, At safepoint: 21619 ns, Total: 167573 ns
[2020-09-11T15:23:17.131+0000][1][safepoint    ] Safepoint "RevokeBias", Time since last: 146900 ns, Reaching safepoint: 127592 ns, At safepoint: 13590 ns, Total: 141182 ns
[2020-09-11T15:23:17.132+0000][1][safepoint    ] Safepoint "RevokeBias", Time since last: 51689 ns, Reaching safepoint: 281446 ns, At safepoint: 13153 ns, Total: 294599 ns
[2020-09-11T15:23:17.144+0000][1][gc,start     ] GC(176) Pause Young (Allocation Failure)
[2020-09-11T15:23:17.144+0000][1][gc,task      ] GC(176) Using 1 workers of 1 for evacuation
[2020-09-11T15:23:17.201+0000][1][gc,age       ] GC(176) Desired survivor size 4358144 bytes, new threshold 6 (max threshold 6)
[2020-09-11T15:23:17.201+0000][1][gc,age       ] GC(176) Age table with threshold 6 (max threshold 6)
[2020-09-11T15:23:17.201+0000][1][gc,age       ] GC(176) - age   1:    1096528 bytes,    1096528 total
[2020-09-11T15:23:17.201+0000][1][gc,age       ] GC(176) - age   2:     151408 bytes,    1247936 total
[2020-09-11T15:23:17.201+0000][1][gc,age       ] GC(176) - age   3:     195344 bytes,    1443280 total
[2020-09-11T15:23:17.201+0000][1][gc,age       ] GC(176) - age   4:     324600 bytes,    1767880 total
[2020-09-11T15:23:17.201+0000][1][gc,heap      ] GC(176) ParNew: 71221K->2553K(76672K)
[2020-09-11T15:23:17.201+0000][1][gc,heap      ] GC(176) CMS: 118536K->118536K(2011968K)
[2020-09-11T15:23:17.201+0000][1][gc,metaspace ] GC(176) Metaspace: 97920K->97920K(1138688K)
[2020-09-11T15:23:17.201+0000][1][gc           ] GC(176) Pause Young (Allocation Failure) 185M->118M(2039M) 57.760ms
[2020-09-11T15:23:17.201+0000][1][gc,cpu       ] GC(176) User=0.01s Sys=0.00s Real=0.05s
[2020-09-11T15:23:17.210+0000][1][safepoint    ] Safepoint "GenCollectForAllocation", Time since last: 1685981 ns, Reaching safepoint: 9997874 ns, At safepoint: 66270199 ns, Total: 76268073 ns
[2020-09-11T15:23:17.238+0000][1][safepoint    ] Safepoint "RevokeBias", Time since last: 24911320 ns, Reaching safepoint: 3049280 ns, At safepoint: 33136 ns, Total: 3082416 ns
[2020-09-11T15:23:17.259+0000][1][safepoint    ] Safepoint "RevokeBias", Time since last: 19919707 ns, Reaching safepoint: 1503059 ns, At safepoint: 26502 ns, Total: 1529561 ns
[2020-09-11T15:23:17.299+0000][1][safepoint    ] Safepoint "RevokeBias", Time since last: 36973943 ns, Reaching safepoint: 3282386 ns, At safepoint: 23993 ns, Total: 3306379 ns
[2020-09-11T15:23:17.301+0000][1][safepoint    ] Safepoint "RevokeBias", Time since last: 1488255 ns, Reaching safepoint: 127465 ns, At safepoint: 16334 ns, Total: 143799 ns
[2020-09-11T15:23:17.303+0000][1][safepoint    ] Safepoint "RevokeBias", Time since last: 301171 ns, Reaching safepoint: 1871037 ns, At safepoint: 17207 ns, Total: 1888244 ns
[2020-09-11T15:23:17.709+0000][1][gc,start     ] GC(177) Pause Young (Allocation Failure)
[2020-09-11T15:23:17.709+0000][1][gc,task      ] GC(177) Using 1 workers of 1 for evacuation
[2020-09-11T15:23:17.766+0000][1][gc,age       ] GC(177) Desired survivor size 4358144 bytes, new threshold 6 (max threshold 6)
[2020-09-11T15:23:17.766+0000][1][gc,age       ] GC(177) Age table with threshold 6 (max threshold 6)
[2020-09-11T15:23:17.766+0000][1][gc,age       ] GC(177) - age   1:    1098136 bytes,    1098136 total
[2020-09-11T15:23:17.766+0000][1][gc,age       ] GC(177) - age   2:     386040 bytes,    1484176 total
[2020-09-11T15:23:17.766+0000][1][gc,age       ] GC(177) - age   3:     150456 bytes,    1634632 total
[2020-09-11T15:23:17.766+0000][1][gc,age       ] GC(177) - age   4:     192672 bytes,    1827304 total
[2020-09-11T15:23:17.766+0000][1][gc,age       ] GC(177) - age   5:     324568 bytes,    2151872 total
[2020-09-11T15:23:17.766+0000][1][gc,heap      ] GC(177) ParNew: 70713K->3228K(76672K)
[2020-09-11T15:23:17.766+0000][1][gc,heap      ] GC(177) CMS: 118536K->118536K(2011968K)
[2020-09-11T15:23:17.766+0000][1][gc,metaspace ] GC(177) Metaspace: 97957K->97957K(1140736K)
[2020-09-11T15:23:17.766+0000][1][gc           ] GC(177) Pause Young (Allocation Failure) 184M->118M(2039M) 57.842ms
[2020-09-11T15:23:17.766+0000][1][gc,cpu       ] GC(177) User=0.02s Sys=0.00s Real=0.06s
[2020-09-11T15:23:17.787+0000][1][safepoint    ] Safepoint "GenCollectForAllocation", Time since last: 405009452 ns, Reaching safepoint: 170246 ns, At safepoint: 78948142 ns, Total: 79118388 ns
[2020-09-11T15:23:17.865+0000][1][safepoint    ] Safepoint "RevokeBias", Time since last: 76259003 ns, Reaching safepoint: 795367 ns, At safepoint: 24824 ns, Total: 820191 ns
[2020-09-11T15:23:18.328+0000][1][safepoint    ] Safepoint "RevokeBias", Time since last: 459014066 ns, Reaching safepoint: 3997055 ns, At safepoint: 33974 ns, Total: 4031029 ns
[2020-09-11T15:23:18.329+0000][1][safepoint    ] Safepoint "BulkRevokeBias", Time since last: 700492 ns, Reaching safepoint: 106317 ns, At safepoint: 209554 ns, Total: 315871 ns
[2020-09-11T15:23:18.329+0000][1][safepoint    ] Safepoint "RevokeBias", Time since last: 129281 ns, Reaching safepoint: 108544 ns, At safepoint: 12856 ns, Total: 121400 ns
[2020-09-11T15:23:18.329+0000][1][safepoint    ] Safepoint "BulkRevokeBias", Time since last: 49768 ns, Reaching safepoint: 100203 ns, At safepoint: 147744 ns, Total: 247947 ns
[2020-09-11T15:23:18.344+0000][1][safepoint    ] Safepoint "RevokeBias", Time since last: 11591315 ns, Reaching safepoint: 2765760 ns, At safepoint: 29190 ns, Total: 2794950 ns
[2020-09-11T15:23:18.345+0000][1][safepoint    ] Safepoint "RevokeBias", Time since last: 1057811 ns, Reaching safepoint: 108197 ns, At safepoint: 6305 ns, Total: 114502 ns
[2020-09-11T15:23:18.354+0000][1][safepoint    ] Safepoint "RevokeBias", Time since last: 9477198 ns, Reaching safepoint: 148095 ns, At safepoint: 9405 ns, Total: 157500 ns
[2020-09-11T15:23:18.375+0000][1][gc,start     ] GC(178) Pause Young (Allocation Failure)
[2020-09-11T15:23:18.376+0000][1][gc,task      ] GC(178) Using 1 workers of 1 for evacuation
[2020-09-11T15:23:18.402+0000][1][gc,age       ] GC(178) Desired survivor size 4358144 bytes, new threshold 6 (max threshold 6)
[2020-09-11T15:23:18.402+0000][1][gc,age       ] GC(178) Age table with threshold 6 (max threshold 6)
[2020-09-11T15:23:18.402+0000][1][gc,age       ] GC(178) - age   1:     550464 bytes,     550464 total
[2020-09-11T15:23:18.402+0000][1][gc,age       ] GC(178) - age   2:     564440 bytes,    1114904 total
[2020-09-11T15:23:18.402+0000][1][gc,age       ] GC(178) - age   3:     325640 bytes,    1440544 total
[2020-09-11T15:23:18.402+0000][1][gc,age       ] GC(178) - age   4:     147904 bytes,    1588448 total
[2020-09-11T15:23:18.402+0000][1][gc,age       ] GC(178) - age   5:     191096 bytes,    1779544 total
[2020-09-11T15:23:18.402+0000][1][gc,age       ] GC(178) - age   6:     268928 bytes,    2048472 total
[2020-09-11T15:23:18.402+0000][1][gc,heap      ] GC(178) ParNew: 71388K->3959K(76672K)
[2020-09-11T15:23:18.402+0000][1][gc,heap      ] GC(178) CMS: 118536K->118536K(2011968K)
[2020-09-11T15:23:18.402+0000][1][gc,metaspace ] GC(178) Metaspace: 98092K->98092K(1140736K)
[2020-09-11T15:23:18.402+0000][1][gc           ] GC(178) Pause Young (Allocation Failure) 185M->119M(2039M) 26.999ms
[2020-09-11T15:23:18.403+0000][1][gc,cpu       ] GC(178) User=0.02s Sys=0.00s Real=0.02s
[2020-09-11T15:23:18.416+0000][1][safepoint    ] Safepoint "GenCollectForAllocation", Time since last: 18979738 ns, Reaching safepoint: 2159700 ns, At safepoint: 40271480 ns, Total: 42431180 ns
[2020-09-11T15:23:18.418+0000][1][safepoint    ] Safepoint "RevokeBias", Time since last: 2488377 ns, Reaching safepoint: 79095 ns, At safepoint: 33876 ns, Total: 112971 ns
[2020-09-11T15:23:21.428+0000][1][safepoint    ] Safepoint "Cleanup", Time since last: 3009541882 ns, Reaching safepoint: 121026 ns, At safepoint: 7385 ns, Total: 128411 ns
[2020-09-11T15:23:23.428+0000][1][safepoint    ] Safepoint "Cleanup", Time since last: 2000321219 ns, Reaching safepoint: 117085 ns, At safepoint: 8839 ns, Total: 125924 ns
[2020-09-11T15:23:26.429+0000][1][safepoint    ] Safepoint "Cleanup", Time since last: 3000596117 ns, Reaching safepoint: 78380 ns, At safepoint: 7049 ns, Total: 85429 ns
[2020-09-11T15:23:26.933+0000][1][safepoint    ] Safepoint "RevokeBias", Time since last: 503888224 ns, Reaching safepoint: 207505 ns, At safepoint: 21262 ns, Total: 228767 ns
[2020-09-11T15:23:26.934+0000][1][safepoint    ] Safepoint "RevokeBias", Time since last: 1041362 ns, Reaching safepoint: 162530 ns, At safepoint: 13953 ns, Total: 176483 ns
[2020-09-11T15:23:27.444+0000][1][safepoint    ] Safepoint "RevokeBias", Time since last: 507509785 ns, Reaching safepoint: 1512904 ns, At safepoint: 25420 ns, Total: 1538324 ns
[2020-09-11T15:23:27.445+0000][1][safepoint    ] Safepoint "RevokeBias", Time since last: 685995 ns, Reaching safepoint: 627145 ns, At safepoint: 24682 ns, Total: 651827 ns
[2020-09-11T15:23:27.447+0000][1][safepoint    ] Safepoint "RevokeBias", Time since last: 143515 ns, Reaching safepoint: 2468803 ns, At safepoint: 22804 ns, Total: 2491607 ns
[2020-09-11T15:23:27.448+0000][1][safepoint    ] Safepoint "RevokeBias", Time since last: 76587 ns, Reaching safepoint: 101381 ns, At safepoint: 13729 ns, Total: 115110 ns
[2020-09-11T15:23:27.470+0000][1][safepoint    ] Safepoint "RevokeBias", Time since last: 22118844 ns, Reaching safepoint: 145533 ns, At safepoint: 23292 ns, Total: 168825 ns
[2020-09-11T15:23:27.533+0000][1][gc,start     ] GC(179) Pause Young (Allocation Failure)
[2020-09-11T15:23:27.533+0000][1][gc,task      ] GC(179) Using 1 workers of 1 for evacuation
[2020-09-11T15:23:27.554+0000][1][gc,age       ] GC(179) Desired survivor size 4358144 bytes, new threshold 6 (max threshold 6)
[2020-09-11T15:23:27.554+0000][1][gc,age       ] GC(179) Age table with threshold 6 (max threshold 6)
[2020-09-11T15:23:27.554+0000][1][gc,age       ] GC(179) - age   1:    3290992 bytes,    3290992 total
[2020-09-11T15:23:27.554+0000][1][gc,age       ] GC(179) - age   2:     370984 bytes,    3661976 total
[2020-09-11T15:23:27.554+0000][1][gc,age       ] GC(179) - age   3:      16912 bytes,    3678888 total
[2020-09-11T15:23:27.554+0000][1][gc,age       ] GC(179) - age   4:       5512 bytes,    3684400 total
[2020-09-11T15:23:27.554+0000][1][gc,age       ] GC(179) - age   5:       2824 bytes,    3687224 total
[2020-09-11T15:23:27.554+0000][1][gc,age       ] GC(179) - age   6:       8416 bytes,    3695640 total
[2020-09-11T15:23:27.554+0000][1][gc,heap      ] GC(179) ParNew: 72119K->3735K(76672K)
[2020-09-11T15:23:27.554+0000][1][gc,heap      ] GC(179) CMS: 118536K->118559K(2011968K)
[2020-09-11T15:23:27.554+0000][1][gc,metaspace ] GC(179) Metaspace: 98182K->98182K(1140736K)
[2020-09-11T15:23:27.554+0000][1][gc           ] GC(179) Pause Young (Allocation Failure) 186M->119M(2039M) 21.550ms
[2020-09-11T15:23:27.554+0000][1][gc,cpu       ] GC(179) User=0.01s Sys=0.00s Real=0.02s
[2020-09-11T15:23:27.554+0000][1][safepoint    ] Safepoint "GenCollectForAllocation", Time since last: 62370699 ns, Reaching safepoint: 188159 ns, At safepoint: 21622192 ns, Total: 21810351 ns
[2020-09-11T15:23:28.504+0000][1][safepoint    ] Safepoint "RevokeBias", Time since last: 949941287 ns, Reaching safepoint: 140701 ns, At safepoint: 20388 ns, Total: 161089 ns
[2020-09-11T15:23:28.505+0000][1][safepoint    ] Safepoint "RevokeBias", Time since last: 715042 ns, Reaching safepoint: 101389 ns, At safepoint: 12720 ns, Total: 114109 ns
[2020-09-11T15:23:28.505+0000][1][safepoint    ] Safepoint "RevokeBias", Time since last: 94426 ns, Reaching safepoint: 104785 ns, At safepoint: 12836 ns, Total: 117621 ns
[2020-09-11T15:23:28.505+0000][1][safepoint    ] Safepoint "RevokeBias", Time since last: 43466 ns, Reaching safepoint: 96852 ns, At safepoint: 11052 ns, Total: 107904 ns
[2020-09-11T15:23:28.516+0000][1][safepoint    ] Safepoint "RevokeBias", Time since last: 10428688 ns, Reaching safepoint: 181562 ns, At safepoint: 18794 ns, Total: 200356 ns
[2020-09-11T15:23:29.516+0000][1][safepoint    ] Safepoint "Cleanup", Time since last: 1000147215 ns, Reaching safepoint: 112923 ns, At safepoint: 7160 ns, Total: 120083 ns
[2020-09-11T15:23:32.609+0000][1][gc,start     ] GC(180) Pause Young (Allocation Failure)
[2020-09-11T15:23:32.609+0000][1][gc,task      ] GC(180) Using 1 workers of 1 for evacuation
[2020-09-11T15:23:32.632+0000][1][gc,age       ] GC(180) Desired survivor size 4358144 bytes, new threshold 6 (max threshold 6)
[2020-09-11T15:23:32.632+0000][1][gc,age       ] GC(180) Age table with threshold 6 (max threshold 6)
[2020-09-11T15:23:32.632+0000][1][gc,age       ] GC(180) - age   1:     600336 bytes,     600336 total
[2020-09-11T15:23:32.632+0000][1][gc,age       ] GC(180) - age   2:     416624 bytes,    1016960 total
[2020-09-11T15:23:32.632+0000][1][gc,age       ] GC(180) - age   3:     368384 bytes,    1385344 total
[2020-09-11T15:23:32.632+0000][1][gc,age       ] GC(180) - age   4:       8864 bytes,    1394208 total
[2020-09-11T15:23:32.632+0000][1][gc,age       ] GC(180) - age   5:       5480 bytes,    1399688 total
[2020-09-11T15:23:32.632+0000][1][gc,age       ] GC(180) - age   6:       2824 bytes,    1402512 total
[2020-09-11T15:23:32.632+0000][1][gc,heap      ] GC(180) ParNew: 71888K->3018K(76672K)
[2020-09-11T15:23:32.632+0000][1][gc,heap      ] GC(180) CMS: 118559K->118567K(2011968K)
[2020-09-11T15:23:32.632+0000][1][gc,metaspace ] GC(180) Metaspace: 98194K->98194K(1140736K)
[2020-09-11T15:23:32.632+0000][1][gc           ] GC(180) Pause Young (Allocation Failure) 185M->118M(2039M) 22.907ms
[2020-09-11T15:23:32.632+0000][1][gc,cpu       ] GC(180) User=0.02s Sys=0.00s Real=0.02s
[2020-09-11T15:23:32.637+0000][1][safepoint    ] Safepoint "GenCollectForAllocation", Time since last: 3091600834 ns, Reaching safepoint: 915634 ns, At safepoint: 28494981 ns, Total: 29410615 ns
[2020-09-11T15:23:33.649+0000][1][safepoint    ] Safepoint "Cleanup", Time since last: 1011430426 ns, Reaching safepoint: 154020 ns, At safepoint: 46166 ns, Total: 200186 ns
[2020-09-11T15:23:35.809+0000][1][safepoint    ] Safepoint "RevokeBias", Time since last: 2159000645 ns, Reaching safepoint: 909404 ns, At safepoint: 14375 ns, Total: 923779 ns
[2020-09-11T15:23:35.824+0000][1][safepoint    ] Safepoint "RevokeBias", Time since last: 14580237 ns, Reaching safepoint: 225651 ns, At safepoint: 28261 ns, Total: 253912 ns
[2020-09-11T15:23:36.824+0000][1][safepoint    ] Safepoint "Cleanup", Time since last: 1000142620 ns, Reaching safepoint: 127176 ns, At safepoint: 7391 ns, Total: 134567 ns
[2020-09-11T15:23:36.933+0000][1][safepoint    ] Safepoint "RevokeBias", Time since last: 108668882 ns, Reaching safepoint: 263644 ns, At safepoint: 19629 ns, Total: 283273 ns
[2020-09-11T15:23:37.552+0000][1][safepoint    ] Safepoint "RevokeBias", Time since last: 618571853 ns, Reaching safepoint: 900832 ns, At safepoint: 23902 ns, Total: 924734 ns
[2020-09-11T15:23:37.553+0000][1][safepoint    ] Safepoint "RevokeBias", Time since last: 232970 ns, Reaching safepoint: 103064 ns, At safepoint: 12840 ns, Total: 115904 ns
[2020-09-11T15:23:37.556+0000][1][safepoint    ] Safepoint "RevokeBias", Time since last: 189517 ns, Reaching safepoint: 2500541 ns, At safepoint: 31415 ns, Total: 2531956 ns
[2020-09-11T15:23:37.556+0000][1][safepoint    ] Safepoint "RevokeBias", Time since last: 90329 ns, Reaching safepoint: 103387 ns, At safepoint: 12870 ns, Total: 116257 ns
[2020-09-11T15:23:37.581+0000][1][safepoint    ] Safepoint "RevokeBias", Time since last: 24804208 ns, Reaching safepoint: 146056 ns, At safepoint: 19983 ns, Total: 166039 ns
[2020-09-11T15:23:38.514+0000][1][gc,start     ] GC(181) Pause Young (Allocation Failure)
[2020-09-11T15:23:38.514+0000][1][gc,task      ] GC(181) Using 1 workers of 1 for evacuation
[2020-09-11T15:23:38.549+0000][1][gc,age       ] GC(181) Desired survivor size 4358144 bytes, new threshold 1 (max threshold 6)
[2020-09-11T15:23:38.549+0000][1][gc,age       ] GC(181) Age table with threshold 1 (max threshold 6)
[2020-09-11T15:23:38.549+0000][1][gc,age       ] GC(181) - age   1:    7532240 bytes,    7532240 total
[2020-09-11T15:23:38.549+0000][1][gc,age       ] GC(181) - age   2:     308160 bytes,    7840400 total
[2020-09-11T15:23:38.549+0000][1][gc,age       ] GC(181) - age   3:     384144 bytes,    8224544 total
[2020-09-11T15:23:38.549+0000][1][gc,age       ] GC(181) - age   4:     367520 bytes,    8592064 total
[2020-09-11T15:23:38.549+0000][1][gc,age       ] GC(181) - age   5:       5208 bytes,    8597272 total
[2020-09-11T15:23:38.549+0000][1][gc,age       ] GC(181) - age   6:       4136 bytes,    8601408 total
[2020-09-11T15:23:38.549+0000][1][gc,heap      ] GC(181) ParNew: 71178K->8512K(76672K)
[2020-09-11T15:23:38.549+0000][1][gc,heap      ] GC(181) CMS: 118567K->120931K(2011968K)
[2020-09-11T15:23:38.549+0000][1][gc,metaspace ] GC(181) Metaspace: 98279K->98279K(1140736K)
[2020-09-11T15:23:38.549+0000][1][gc           ] GC(181) Pause Young (Allocation Failure) 185M->126M(2039M) 35.269ms
[2020-09-11T15:23:38.549+0000][1][gc,cpu       ] GC(181) User=0.02s Sys=0.00s Real=0.04s
[2020-09-11T15:23:38.552+0000][1][safepoint    ] Safepoint "GenCollectForAllocation", Time since last: 933005479 ns, Reaching safepoint: 191744 ns, At safepoint: 37720541 ns, Total: 37912285 ns
[2020-09-11T15:23:38.661+0000][1][safepoint    ] Safepoint "RevokeBias", Time since last: 108963110 ns, Reaching safepoint: 149740 ns, At safepoint: 22500 ns, Total: 172240 ns
[2020-09-11T15:23:38.668+0000][1][safepoint    ] Safepoint "RevokeBias", Time since last: 6717945 ns, Reaching safepoint: 140561 ns, At safepoint: 20266 ns, Total: 160827 ns
[2020-09-11T15:23:38.668+0000][1][safepoint    ] Safepoint "RevokeBias", Time since last: 157968 ns, Reaching safepoint: 66572 ns, At safepoint: 13167 ns, Total: 79739 ns
[2020-09-11T15:23:38.668+0000][1][safepoint    ] Safepoint "RevokeBias", Time since last: 50112 ns, Reaching safepoint: 99991 ns, At safepoint: 11838 ns, Total: 111829 ns
[2020-09-11T15:23:38.713+0000][1][safepoint    ] Safepoint "RevokeBias", Time since last: 44541818 ns, Reaching safepoint: 142173 ns, At safepoint: 22161 ns, Total: 164334 ns
[2020-09-11T15:23:39.713+0000][1][safepoint    ] Safepoint "Cleanup", Time since last: 1000120747 ns, Reaching safepoint: 285351 ns, At safepoint: 18058 ns, Total: 303409 ns
[2020-09-11T15:23:42.714+0000][1][safepoint    ] Safepoint "Cleanup", Time since last: 3000343939 ns, Reaching safepoint: 83875 ns, At safepoint: 8142 ns, Total: 92017 ns
[2020-09-11T15:23:45.714+0000][1][safepoint    ] Safepoint "Cleanup", Time since last: 3000443967 ns, Reaching safepoint: 199657 ns, At safepoint: 20815 ns, Total: 220472 ns
[2020-09-11T15:23:46.389+0000][1][gc,start     ] GC(182) Pause Young (Allocation Failure)
[2020-09-11T15:23:46.389+0000][1][gc,task      ] GC(182) Using 1 workers of 1 for evacuation
[2020-09-11T15:23:46.435+0000][1][gc,age       ] GC(182) Desired survivor size 4358144 bytes, new threshold 6 (max threshold 6)
[2020-09-11T15:23:46.435+0000][1][gc,age       ] GC(182) Age table with threshold 6 (max threshold 6)
[2020-09-11T15:23:46.435+0000][1][gc,age       ] GC(182) - age   1:    1164632 bytes,    1164632 total
[2020-09-11T15:23:46.435+0000][1][gc,heap      ] GC(182) ParNew: 76672K->6616K(76672K)
[2020-09-11T15:23:46.435+0000][1][gc,heap      ] GC(182) CMS: 120931K->122900K(2011968K)
[2020-09-11T15:23:46.435+0000][1][gc,metaspace ] GC(182) Metaspace: 98353K->98353K(1140736K)
[2020-09-11T15:23:46.435+0000][1][gc           ] GC(182) Pause Young (Allocation Failure) 192M->126M(2039M) 45.602ms
[2020-09-11T15:23:46.435+0000][1][gc,cpu       ] GC(182) User=0.05s Sys=0.00s Real=0.04s
[2020-09-11T15:23:46.441+0000][1][safepoint    ] Safepoint "GenCollectForAllocation", Time since last: 674426460 ns, Reaching safepoint: 548212 ns, At safepoint: 52185391 ns, Total: 52733603 ns
[2020-09-11T15:23:46.934+0000][1][safepoint    ] Safepoint "RevokeBias", Time since last: 492590336 ns, Reaching safepoint: 205878 ns, At safepoint: 21183 ns, Total: 227061 ns
[2020-09-11T15:23:46.935+0000][1][safepoint    ] Safepoint "RevokeBias", Time since last: 100184 ns, Reaching safepoint: 153917 ns, At safepoint: 11685 ns, Total: 165602 ns
[2020-09-11T15:23:47.784+0000][1][safepoint    ] Safepoint "RevokeBias", Time since last: 848896905 ns, Reaching safepoint: 186523 ns, At safepoint: 22745 ns, Total: 209268 ns
[2020-09-11T15:23:47.784+0000][1][safepoint    ] Safepoint "RevokeBias", Time since last: 721684 ns, Reaching safepoint: 99074 ns, At safepoint: 12340 ns, Total: 111414 ns
[2020-09-11T15:23:47.785+0000][1][safepoint    ] Safepoint "RevokeBias", Time since last: 85253 ns, Reaching safepoint: 103941 ns, At safepoint: 10949 ns, Total: 114890 ns
[2020-09-11T15:23:47.785+0000][1][safepoint    ] Safepoint "RevokeBias", Time since last: 42254 ns, Reaching safepoint: 97930 ns, At safepoint: 10266 ns, Total: 108196 ns
[2020-09-11T15:23:47.788+0000][1][gc,start     ] GC(183) Pause Young (Allocation Failure)
[2020-09-11T15:23:47.788+0000][1][gc,task      ] GC(183) Using 1 workers of 1 for evacuation
[2020-09-11T15:23:47.814+0000][1][gc,age       ] GC(183) Desired survivor size 4358144 bytes, new threshold 6 (max threshold 6)
[2020-09-11T15:23:47.814+0000][1][gc,age       ] GC(183) Age table with threshold 6 (max threshold 6)
[2020-09-11T15:23:47.814+0000][1][gc,age       ] GC(183) - age   1:     654392 bytes,     654392 total
[2020-09-11T15:23:47.814+0000][1][gc,age       ] GC(183) - age   2:     616472 bytes,    1270864 total
[2020-09-11T15:23:47.814+0000][1][gc,heap      ] GC(183) ParNew: 74776K->1867K(76672K)
[2020-09-11T15:23:47.814+0000][1][gc,heap      ] GC(183) CMS: 122900K->122900K(2011968K)
[2020-09-11T15:23:47.814+0000][1][gc,metaspace ] GC(183) Metaspace: 98412K->98412K(1140736K)
[2020-09-11T15:23:47.814+0000][1][gc           ] GC(183) Pause Young (Allocation Failure) 193M->121M(2039M) 25.454ms
[2020-09-11T15:23:47.814+0000][1][gc,cpu       ] GC(183) User=0.03s Sys=0.00s Real=0.02s
[2020-09-11T15:23:47.819+0000][1][safepoint    ] Safepoint "GenCollectForAllocation", Time since last: 3231088 ns, Reaching safepoint: 124068 ns, At safepoint: 31257079 ns, Total: 31381147 ns
[2020-09-11T15:23:47.826+0000][1][safepoint    ] Safepoint "RevokeBias", Time since last: 6001800 ns, Reaching safepoint: 64991 ns, At safepoint: 30139 ns, Total: 95130 ns
[2020-09-11T15:23:48.826+0000][1][safepoint    ] Safepoint "Cleanup", Time since last: 1000174273 ns, Reaching safepoint: 141789 ns, At safepoint: 18292 ns, Total: 160081 ns
[2020-09-11T15:23:49.826+0000][1][safepoint    ] Safepoint "Cleanup", Time since last: 1000217416 ns, Reaching safepoint: 96301 ns, At safepoint: 7601 ns, Total: 103902 ns
[2020-09-11T15:23:50.827+0000][1][safepoint    ] Safepoint "Cleanup", Time since last: 1000177066 ns, Reaching safepoint: 153543 ns, At safepoint: 17530 ns, Total: 171073 ns
[2020-09-11T15:23:51.827+0000][1][safepoint    ] Safepoint "Cleanup", Time since last: 1000247447 ns, Reaching safepoint: 147305 ns, At safepoint: 17550 ns, Total: 164855 ns
[2020-09-11T15:23:52.827+0000][1][safepoint    ] Safepoint "Cleanup", Time since last: 1000219814 ns, Reaching safepoint: 145139 ns, At safepoint: 18062 ns, Total: 163201 ns
[2020-09-11T15:23:53.828+0000][1][safepoint    ] Safepoint "Cleanup", Time since last: 1000243903 ns, Reaching safepoint: 152653 ns, At safepoint: 17156 ns, Total: 169809 ns
[2020-09-11T15:23:54.828+0000][1][safepoint    ] Safepoint "Cleanup", Time since last: 1000208084 ns, Reaching safepoint: 105172 ns, At safepoint: 7305 ns, Total: 112477 ns
[2020-09-11T15:23:55.828+0000][1][safepoint    ] Safepoint "Cleanup", Time since last: 1000176828 ns, Reaching safepoint: 108031 ns, At safepoint: 7755 ns, Total: 115786 ns
[2020-09-11T15:23:56.833+0000][1][safepoint    ] Safepoint "Cleanup", Time since last: 1002894896 ns, Reaching safepoint: 1673572 ns, At safepoint: 13466 ns, Total: 1687038 ns
[2020-09-11T15:23:56.904+0000][1][safepoint    ] Safepoint "RevokeBias", Time since last: 70864900 ns, Reaching safepoint: 573533 ns, At safepoint: 21346 ns, Total: 594879 ns
[2020-09-11T15:23:57.856+0000][1][gc,start     ] GC(184) Pause Young (Allocation Failure)
[2020-09-11T15:23:57.856+0000][1][gc,task      ] GC(184) Using 1 workers of 1 for evacuation
[2020-09-11T15:23:57.877+0000][1][gc,age       ] GC(184) Desired survivor size 4358144 bytes, new threshold 1 (max threshold 6)
[2020-09-11T15:23:57.877+0000][1][gc,age       ] GC(184) Age table with threshold 1 (max threshold 6)
[2020-09-11T15:23:57.877+0000][1][gc,age       ] GC(184) - age   1:    8500672 bytes,    8500672 total
[2020-09-11T15:23:57.877+0000][1][gc,age       ] GC(184) - age   2:       8368 bytes,    8509040 total
[2020-09-11T15:23:57.877+0000][1][gc,age       ] GC(184) - age   3:     148928 bytes,    8657968 total
[2020-09-11T15:23:57.877+0000][1][gc,heap      ] GC(184) ParNew: 70027K->8512K(76672K)
[2020-09-11T15:23:57.877+0000][1][gc,heap      ] GC(184) CMS: 122900K->123670K(2011968K)
[2020-09-11T15:23:57.877+0000][1][gc,metaspace ] GC(184) Metaspace: 98446K->98446K(1140736K)
[2020-09-11T15:23:57.877+0000][1][gc           ] GC(184) Pause Young (Allocation Failure) 188M->129M(2039M) 21.021ms
[2020-09-11T15:23:57.877+0000][1][gc,cpu       ] GC(184) User=0.03s Sys=0.00s Real=0.02s
[2020-09-11T15:23:57.880+0000][1][safepoint    ] Safepoint "GenCollectForAllocation", Time since last: 951444607 ns, Reaching safepoint: 157726 ns, At safepoint: 24348304 ns, Total: 24506030 ns
[2020-09-11T15:23:57.893+0000][1][safepoint    ] Safepoint "RevokeBias", Time since last: 12810501 ns, Reaching safepoint: 161101 ns, At safepoint: 22197 ns, Total: 183298 ns
[2020-09-11T15:23:57.894+0000][1][safepoint    ] Safepoint "RevokeBias", Time since last: 728033 ns, Reaching safepoint: 142738 ns, At safepoint: 13224 ns, Total: 155962 ns
[2020-09-11T15:23:57.894+0000][1][safepoint    ] Safepoint "RevokeBias", Time since last: 87335 ns, Reaching safepoint: 154213 ns, At safepoint: 12076 ns, Total: 166289 ns
[2020-09-11T15:23:57.895+0000][1][safepoint    ] Safepoint "RevokeBias", Time since last: 54260 ns, Reaching safepoint: 147009 ns, At safepoint: 11595 ns, Total: 158604 ns
[2020-09-11T15:23:57.903+0000][1][safepoint    ] Safepoint "RevokeBias", Time since last: 8236919 ns, Reaching safepoint: 147068 ns, At safepoint: 20670 ns, Total: 167738 ns
[2020-09-11T15:23:58.903+0000][1][safepoint    ] Safepoint "Cleanup", Time since last: 1000166000 ns, Reaching safepoint: 180731 ns, At safepoint: 17500 ns, Total: 198231 ns
[2020-09-11T15:23:59.904+0000][1][safepoint    ] Safepoint "Cleanup", Time since last: 1000225587 ns, Reaching safepoint: 108196 ns, At safepoint: 7455 ns, Total: 115651 ns
[2020-09-11T15:24:00.904+0000][1][safepoint    ] Safepoint "Cleanup", Time since last: 1000221530 ns, Reaching safepoint: 117478 ns, At safepoint: 8879 ns, Total: 126357 ns
[2020-09-11T15:24:01.904+0000][1][safepoint    ] Safepoint "Cleanup", Time since last: 1000179578 ns, Reaching safepoint: 99221 ns, At safepoint: 6556 ns, Total: 105777 ns
[2020-09-11T15:24:02.905+0000][1][safepoint    ] Safepoint "Cleanup", Time since last: 1000173307 ns, Reaching safepoint: 124824 ns, At safepoint: 8006 ns, Total: 132830 ns
[2020-09-11T15:24:03.905+0000][1][safepoint    ] Safepoint "Cleanup", Time since last: 1000179040 ns, Reaching safepoint: 100677 ns, At safepoint: 7057 ns, Total: 107734 ns
[2020-09-11T15:24:04.905+0000][1][safepoint    ] Safepoint "Cleanup", Time since last: 1000198250 ns, Reaching safepoint: 99140 ns, At safepoint: 7506 ns, Total: 106646 ns
[2020-09-11T15:24:05.906+0000][1][safepoint    ] Safepoint "Cleanup", Time since last: 1000192187 ns, Reaching safepoint: 101132 ns, At safepoint: 6532 ns, Total: 107664 ns
[2020-09-11T15:24:06.906+0000][1][safepoint    ] Safepoint "Cleanup", Time since last: 1000170169 ns, Reaching safepoint: 97954 ns, At safepoint: 7231 ns, Total: 105185 ns
[2020-09-11T15:24:06.940+0000][1][safepoint    ] Safepoint "RevokeBias", Time since last: 33704856 ns, Reaching safepoint: 191981 ns, At safepoint: 25402 ns, Total: 217383 ns
[2020-09-11T15:24:07.133+0000][1][gc,start     ] GC(185) Pause Young (Allocation Failure)
[2020-09-11T15:24:07.133+0000][1][gc,task      ] GC(185) Using 1 workers of 1 for evacuation
[2020-09-11T15:24:07.150+0000][1][gc,age       ] GC(185) Desired survivor size 4358144 bytes, new threshold 1 (max threshold 6)
[2020-09-11T15:24:07.150+0000][1][gc,age       ] GC(185) Age table with threshold 1 (max threshold 6)
[2020-09-11T15:24:07.150+0000][1][gc,age       ] GC(185) - age   1:    5540784 bytes,    5540784 total
[2020-09-11T15:24:07.150+0000][1][gc,heap      ] GC(185) ParNew: 76672K->6690K(76672K)
[2020-09-11T15:24:07.150+0000][1][gc,heap      ] GC(185) CMS: 123670K->124321K(2011968K)
[2020-09-11T15:24:07.150+0000][1][gc,metaspace ] GC(185) Metaspace: 98460K->98460K(1140736K)
[2020-09-11T15:24:07.150+0000][1][gc           ] GC(185) Pause Young (Allocation Failure) 195M->127M(2039M) 17.183ms
[2020-09-11T15:24:07.150+0000][1][gc,cpu       ] GC(185) User=0.02s Sys=0.00s Real=0.02s
[2020-09-11T15:24:07.155+0000][1][safepoint    ] Safepoint "GenCollectForAllocation", Time since last: 188876757 ns, Reaching safepoint: 3916045 ns, At safepoint: 22626107 ns, Total: 26542152 ns
[2020-09-11T15:24:07.943+0000][1][gc,start     ] GC(186) Pause Young (Allocation Failure)
[2020-09-11T15:24:07.943+0000][1][gc,task      ] GC(186) Using 1 workers of 1 for evacuation
[2020-09-11T15:24:07.970+0000][1][gc,age       ] GC(186) Desired survivor size 4358144 bytes, new threshold 6 (max threshold 6)
[2020-09-11T15:24:07.970+0000][1][gc,age       ] GC(186) Age table with threshold 6 (max threshold 6)
[2020-09-11T15:24:07.970+0000][1][gc,age       ] GC(186) - age   1:     988640 bytes,     988640 total
[2020-09-11T15:24:07.970+0000][1][gc,heap      ] GC(186) ParNew: 74850K->5730K(76672K)
[2020-09-11T15:24:07.970+0000][1][gc,heap      ] GC(186) CMS: 124321K->125649K(2011968K)
[2020-09-11T15:24:07.970+0000][1][gc,metaspace ] GC(186) Metaspace: 98481K->98481K(1140736K)
[2020-09-11T15:24:07.971+0000][1][gc           ] GC(186) Pause Young (Allocation Failure) 194M->128M(2039M) 27.766ms
[2020-09-11T15:24:07.971+0000][1][gc,cpu       ] GC(186) User=0.03s Sys=0.00s Real=0.03s
[2020-09-11T15:24:07.975+0000][1][safepoint    ] Safepoint "GenCollectForAllocation", Time since last: 787325554 ns, Reaching safepoint: 183534 ns, At safepoint: 32659265 ns, Total: 32842799 ns
[2020-09-11T15:24:07.976+0000][1][safepoint    ] Safepoint "RevokeBias", Time since last: 906052 ns, Reaching safepoint: 66825 ns, At safepoint: 32695 ns, Total: 99520 ns
[2020-09-11T15:24:07.977+0000][1][safepoint    ] Safepoint "RevokeBias", Time since last: 692237 ns, Reaching safepoint: 29548 ns, At safepoint: 20690 ns, Total: 50238 ns
[2020-09-11T15:24:07.977+0000][1][safepoint    ] Safepoint "RevokeBias", Time since last: 77674 ns, Reaching safepoint: 33521 ns, At safepoint: 18486 ns, Total: 52007 ns
[2020-09-11T15:24:07.977+0000][1][safepoint    ] Safepoint "RevokeBias", Time since last: 34837 ns, Reaching safepoint: 27696 ns, At safepoint: 16899 ns, Total: 44595 ns
[2020-09-11T15:24:07.982+0000][1][safepoint    ] Safepoint "RevokeBias", Time since last: 4697533 ns, Reaching safepoint: 133871 ns, At safepoint: 18903 ns, Total: 152774 ns
[2020-09-11T15:24:08.983+0000][1][safepoint    ] Safepoint "Cleanup", Time since last: 1000166854 ns, Reaching safepoint: 123098 ns, At safepoint: 8648 ns, Total: 131746 ns
[2020-09-11T15:24:09.983+0000][1][safepoint    ] Safepoint "Cleanup", Time since last: 1000191879 ns, Reaching safepoint: 154251 ns, At safepoint: 16778 ns, Total: 171029 ns
[2020-09-11T15:24:10.983+0000][1][safepoint    ] Safepoint "Cleanup", Time since last: 1000233036 ns, Reaching safepoint: 96543 ns, At safepoint: 7638 ns, Total: 104181 ns
[2020-09-11T15:24:11.984+0000][1][safepoint    ] Safepoint "Cleanup", Time since last: 1000196951 ns, Reaching safepoint: 145788 ns, At safepoint: 16000 ns, Total: 161788 ns
[2020-09-11T15:24:12.984+0000][1][safepoint    ] Safepoint "Cleanup", Time since last: 1000247272 ns, Reaching safepoint: 121650 ns, At safepoint: 7753 ns, Total: 129403 ns
[2020-09-11T15:24:13.984+0000][1][safepoint    ] Safepoint "Cleanup", Time since last: 1000193950 ns, Reaching safepoint: 98952 ns, At safepoint: 6963 ns, Total: 105915 ns
[2020-09-11T15:24:14.985+0000][1][safepoint    ] Safepoint "Cleanup", Time since last: 1000187930 ns, Reaching safepoint: 150068 ns, At safepoint: 18572 ns, Total: 168640 ns
[2020-09-11T15:24:15.985+0000][1][safepoint    ] Safepoint "Cleanup", Time since last: 1000222417 ns, Reaching safepoint: 152320 ns, At safepoint: 17356 ns, Total: 169676 ns
[2020-09-11T15:24:16.932+0000][1][safepoint    ] Safepoint "RevokeBias", Time since last: 946452681 ns, Reaching safepoint: 191323 ns, At safepoint: 21227 ns, Total: 212550 ns
[2020-09-11T15:24:17.020+0000][1][safepoint    ] Safepoint "RevokeBias", Time since last: 87757859 ns, Reaching safepoint: 155073 ns, At safepoint: 21015 ns, Total: 176088 ns
[2020-09-11T15:24:17.020+0000][1][safepoint    ] Safepoint "RevokeBias", Time since last: 230843 ns, Reaching safepoint: 28182 ns, At safepoint: 10904 ns, Total: 39086 ns
[2020-09-11T15:24:17.020+0000][1][safepoint    ] Safepoint "RevokeBias", Time since last: 106186 ns, Reaching safepoint: 44067 ns, At safepoint: 11682 ns, Total: 55749 ns
[2020-09-11T15:24:17.020+0000][1][safepoint    ] Safepoint "RevokeBias", Time since last: 53154 ns, Reaching safepoint: 28464 ns, At safepoint: 9841 ns, Total: 38305 ns
[2020-09-11T15:24:17.027+0000][1][safepoint    ] Safepoint "RevokeBias", Time since last: 6268411 ns, Reaching safepoint: 179671 ns, At safepoint: 21025 ns, Total: 200696 ns
[2020-09-11T15:24:17.057+0000][1][safepoint    ] Safepoint "RevokeBias", Time since last: 30399832 ns, Reaching safepoint: 138033 ns, At safepoint: 20503 ns, Total: 158536 ns
[2020-09-11T15:24:17.062+0000][1][safepoint    ] Safepoint "RevokeBias", Time since last: 2958988 ns, Reaching safepoint: 2232466 ns, At safepoint: 27037 ns, Total: 2259503 ns
[2020-09-11T15:24:17.063+0000][1][safepoint    ] Safepoint "RevokeBias", Time since last: 486451 ns, Reaching safepoint: 103808 ns, At safepoint: 12523 ns, Total: 116331 ns
[2020-09-11T15:24:17.075+0000][1][gc,start     ] GC(187) Pause Young (Allocation Failure)
[2020-09-11T15:24:17.075+0000][1][gc,task      ] GC(187) Using 1 workers of 1 for evacuation
[2020-09-11T15:24:17.090+0000][1][gc,age       ] GC(187) Desired survivor size 4358144 bytes, new threshold 1 (max threshold 6)
[2020-09-11T15:24:17.090+0000][1][gc,age       ] GC(187) Age table with threshold 1 (max threshold 6)
[2020-09-11T15:24:17.090+0000][1][gc,age       ] GC(187) - age   1:    5886808 bytes,    5886808 total
[2020-09-11T15:24:17.090+0000][1][gc,age       ] GC(187) - age   2:     229672 bytes,    6116480 total
[2020-09-11T15:24:17.091+0000][1][gc,heap      ] GC(187) ParNew: 73886K->6454K(76672K)
[2020-09-11T15:24:17.091+0000][1][gc,heap      ] GC(187) CMS: 125649K->125649K(2011968K)
[2020-09-11T15:24:17.091+0000][1][gc,metaspace ] GC(187) Metaspace: 98520K->98520K(1140736K)
[2020-09-11T15:24:17.091+0000][1][gc           ] GC(187) Pause Young (Allocation Failure) 194M->129M(2039M) 15.512ms
[2020-09-11T15:24:17.091+0000][1][gc,cpu       ] GC(187) User=0.02s Sys=0.00s Real=0.02s
[2020-09-11T15:24:17.094+0000][1][safepoint    ] Safepoint "GenCollectForAllocation", Time since last: 11919524 ns, Reaching safepoint: 154429 ns, At safepoint: 18803706 ns, Total: 18958135 ns
[2020-09-11T15:24:17.095+0000][1][safepoint    ] Safepoint "RevokeBias", Time since last: 1016532 ns, Reaching safepoint: 74567 ns, At safepoint: 466415 ns, Total: 540982 ns
[2020-09-11T15:24:17.322+0000][1][gc,start     ] GC(188) Pause Young (Allocation Failure)
[2020-09-11T15:24:17.322+0000][1][gc,task      ] GC(188) Using 1 workers of 1 for evacuation
[2020-09-11T15:24:17.360+0000][1][gc,age       ] GC(188) Desired survivor size 4358144 bytes, new threshold 6 (max threshold 6)
[2020-09-11T15:24:17.360+0000][1][gc,age       ] GC(188) Age table with threshold 6 (max threshold 6)
[2020-09-11T15:24:17.360+0000][1][gc,age       ] GC(188) - age   1:     536184 bytes,     536184 total
[2020-09-11T15:24:17.360+0000][1][gc,heap      ] GC(188) ParNew: 74614K->4883K(76672K)
[2020-09-11T15:24:17.360+0000][1][gc,heap      ] GC(188) CMS: 125649K->131635K(2011968K)
[2020-09-11T15:24:17.360+0000][1][gc,metaspace ] GC(188) Metaspace: 98536K->98536K(1140736K)
[2020-09-11T15:24:17.360+0000][1][gc           ] GC(188) Pause Young (Allocation Failure) 195M->133M(2039M) 37.775ms
[2020-09-11T15:24:17.360+0000][1][gc,cpu       ] GC(188) User=0.03s Sys=0.00s Real=0.04s
[2020-09-11T15:24:17.362+0000][1][safepoint    ] Safepoint "GenCollectForAllocation", Time since last: 226438353 ns, Reaching safepoint: 184946 ns, At safepoint: 39630173 ns, Total: 39815119 ns
[2020-09-11T15:24:17.372+0000][1][safepoint    ] Safepoint "RevokeBias", Time since last: 10550615 ns, Reaching safepoint: 71316 ns, At safepoint: 32481 ns, Total: 103797 ns
[2020-09-11T15:24:17.372+0000][1][safepoint    ] Safepoint "RevokeBias", Time since last: 70410 ns, Reaching safepoint: 28212 ns, At safepoint: 18876 ns, Total: 47088 ns
[2020-09-11T15:24:17.373+0000][1][safepoint    ] Safepoint "RevokeBias", Time since last: 46204 ns, Reaching safepoint: 27109 ns, At safepoint: 16874 ns, Total: 43983 ns
[2020-09-11T15:24:17.373+0000][1][safepoint    ] Safepoint "RevokeBias", Time since last: 44651 ns, Reaching safepoint: 26957 ns, At safepoint: 16609 ns, Total: 43566 ns
[2020-09-11T15:24:17.373+0000][1][safepoint    ] Safepoint "RevokeBias", Time since last: 43896 ns, Reaching safepoint: 26722 ns, At safepoint: 16656 ns, Total: 43378 ns
[2020-09-11T15:24:17.540+0000][1][safepoint    ] Safepoint "RevokeBias", Time since last: 166597861 ns, Reaching safepoint: 229633 ns, At safepoint: 9217 ns, Total: 238850 ns
[2020-09-11T15:24:17.540+0000][1][safepoint    ] Safepoint "RevokeBias", Time since last: 119659 ns, Reaching safepoint: 163299 ns, At safepoint: 6027 ns, Total: 169326 ns
[2020-09-11T15:24:17.542+0000][1][safepoint    ] Safepoint "RevokeBias", Time since last: 1888043 ns, Reaching safepoint: 186345 ns, At safepoint: 7561 ns, Total: 193906 ns
[2020-09-11T15:24:18.068+0000][1][gc,start     ] GC(189) Pause Young (Allocation Failure)
[2020-09-11T15:24:18.068+0000][1][gc,task      ] GC(189) Using 1 workers of 1 for evacuation
[2020-09-11T15:24:18.096+0000][1][gc,age       ] GC(189) Desired survivor size 4358144 bytes, new threshold 1 (max threshold 6)
[2020-09-11T15:24:18.096+0000][1][gc,age       ] GC(189) Age table with threshold 1 (max threshold 6)
[2020-09-11T15:24:18.096+0000][1][gc,age       ] GC(189) - age   1:    8202896 bytes,    8202896 total
[2020-09-11T15:24:18.096+0000][1][gc,age       ] GC(189) - age   2:     450936 bytes,    8653832 total
[2020-09-11T15:24:18.096+0000][1][gc,heap      ] GC(189) ParNew: 73012K->8512K(76672K)
[2020-09-11T15:24:18.096+0000][1][gc,heap      ] GC(189) CMS: 131635K->131714K(2011968K)
[2020-09-11T15:24:18.096+0000][1][gc,metaspace ] GC(189) Metaspace: 98567K->98567K(1140736K)
[2020-09-11T15:24:18.096+0000][1][gc           ] GC(189) Pause Young (Allocation Failure) 199M->136M(2039M) 28.027ms
[2020-09-11T15:24:18.096+0000][1][gc,cpu       ] GC(189) User=0.02s Sys=0.00s Real=0.03s
[2020-09-11T15:24:18.099+0000][1][safepoint    ] Safepoint "GenCollectForAllocation", Time since last: 526014858 ns, Reaching safepoint: 204106 ns, At safepoint: 31302485 ns, Total: 31506591 ns
[2020-09-11T15:24:18.109+0000][1][safepoint    ] Safepoint "RevokeBias", Time since last: 9209346 ns, Reaching safepoint: 140600 ns, At safepoint: 19998 ns, Total: 160598 ns
[2020-09-11T15:24:18.111+0000][1][safepoint    ] Safepoint "RevokeBias", Time since last: 2202263 ns, Reaching safepoint: 126061 ns, At safepoint: 15536 ns, Total: 141597 ns
[2020-09-11T15:24:18.111+0000][1][safepoint    ] Safepoint "RevokeBias", Time since last: 106812 ns, Reaching safepoint: 105094 ns, At safepoint: 12414 ns, Total: 117508 ns
[2020-09-11T15:24:18.112+0000][1][safepoint    ] Safepoint "RevokeBias", Time since last: 65073 ns, Reaching safepoint: 102405 ns, At safepoint: 11707 ns, Total: 114112 ns
[2020-09-11T15:24:18.118+0000][1][safepoint    ] Safepoint "RevokeBias", Time since last: 6598525 ns, Reaching safepoint: 187330 ns, At safepoint: 19680 ns, Total: 207010 ns
[2020-09-11T15:24:18.119+0000][1][safepoint    ] Safepoint "RevokeBias", Time since last: 893069 ns, Reaching safepoint: 173580 ns, At safepoint: 12992 ns, Total: 186572 ns
[2020-09-11T15:24:19.121+0000][1][safepoint    ] Safepoint "Cleanup", Time since last: 1001178135 ns, Reaching safepoint: 201175 ns, At safepoint: 19000 ns, Total: 220175 ns
[2020-09-11T15:24:20.121+0000][1][safepoint    ] Safepoint "Cleanup", Time since last: 1000211016 ns, Reaching safepoint: 141414 ns, At safepoint: 17410 ns, Total: 158824 ns
[2020-09-11T15:24:21.122+0000][1][safepoint    ] Safepoint "Cleanup", Time since last: 1000178007 ns, Reaching safepoint: 149907 ns, At safepoint: 16595 ns, Total: 166502 ns
[2020-09-11T15:24:22.122+0000][1][safepoint    ] Safepoint "Cleanup", Time since last: 1000189615 ns, Reaching safepoint: 149039 ns, At safepoint: 15204 ns, Total: 164243 ns
[2020-09-11T15:24:23.122+0000][1][safepoint    ] Safepoint "Cleanup", Time since last: 1000180815 ns, Reaching safepoint: 150157 ns, At safepoint: 15496 ns, Total: 165653 ns
[2020-09-11T15:24:24.123+0000][1][safepoint    ] Safepoint "Cleanup", Time since last: 1000232813 ns, Reaching safepoint: 150870 ns, At safepoint: 17460 ns, Total: 168330 ns
[2020-09-11T15:24:25.123+0000][1][safepoint    ] Safepoint "Cleanup", Time since last: 1000221730 ns, Reaching safepoint: 105028 ns, At safepoint: 7403 ns, Total: 112431 ns
[2020-09-11T15:24:26.123+0000][1][safepoint    ] Safepoint "Cleanup", Time since last: 1000183485 ns, Reaching safepoint: 101841 ns, At safepoint: 6659 ns, Total: 108500 ns
[2020-09-11T15:24:26.936+0000][1][safepoint    ] Safepoint "RevokeBias", Time since last: 812400270 ns, Reaching safepoint: 204492 ns, At safepoint: 22083 ns, Total: 226575 ns
[2020-09-11T15:24:26.936+0000][1][safepoint    ] Safepoint "BulkRevokeBias", Time since last: 110015 ns, Reaching safepoint: 156744 ns, At safepoint: 239421 ns, Total: 396165 ns
[2020-09-11T15:24:26.965+0000][1][gc,start     ] GC(190) Pause Young (Allocation Failure)
[2020-09-11T15:24:26.965+0000][1][gc,task      ] GC(190) Using 1 workers of 1 for evacuation
[2020-09-11T15:24:27.014+0000][1][gc,age       ] GC(190) Desired survivor size 4358144 bytes, new threshold 6 (max threshold 6)
[2020-09-11T15:24:27.014+0000][1][gc,age       ] GC(190) Age table with threshold 6 (max threshold 6)
[2020-09-11T15:24:27.014+0000][1][gc,age       ] GC(190) - age   1:    4240824 bytes,    4240824 total
[2020-09-11T15:24:27.014+0000][1][gc,heap      ] GC(190) ParNew: 76667K->6668K(76672K)
[2020-09-11T15:24:27.014+0000][1][gc,heap      ] GC(190) CMS: 131714K->132527K(2011968K)
[2020-09-11T15:24:27.014+0000][1][gc,metaspace ] GC(190) Metaspace: 98574K->98574K(1140736K)
[2020-09-11T15:24:27.014+0000][1][gc           ] GC(190) Pause Young (Allocation Failure) 203M->135M(2039M) 49.738ms
[2020-09-11T15:24:27.014+0000][1][gc,cpu       ] GC(190) User=0.02s Sys=0.00s Real=0.04s
[2020-09-11T15:24:27.017+0000][1][safepoint    ] Safepoint "GenCollectForAllocation", Time since last: 28072219 ns, Reaching safepoint: 176702 ns, At safepoint: 52582872 ns, Total: 52759574 ns
[2020-09-11T15:24:27.191+0000][1][safepoint    ] Safepoint "RevokeBias", Time since last: 173217379 ns, Reaching safepoint: 145331 ns, At safepoint: 20874 ns, Total: 166205 ns
[2020-09-11T15:24:27.208+0000][1][safepoint    ] Safepoint "RevokeBias", Time since last: 16792746 ns, Reaching safepoint: 147085 ns, At safepoint: 22441 ns, Total: 169526 ns
[2020-09-11T15:24:27.208+0000][1][safepoint    ] Safepoint "RevokeBias", Time since last: 158848 ns, Reaching safepoint: 35341 ns, At safepoint: 11473 ns, Total: 46814 ns
[2020-09-11T15:24:27.208+0000][1][safepoint    ] Safepoint "RevokeBias", Time since last: 43842 ns, Reaching safepoint: 27982 ns, At safepoint: 9394 ns, Total: 37376 ns
[2020-09-11T15:24:27.227+0000][1][safepoint    ] Safepoint "RevokeBias", Time since last: 19169281 ns, Reaching safepoint: 426651 ns, At safepoint: 23056 ns, Total: 449707 ns
[2020-09-11T15:24:28.068+0000][1][safepoint    ] Safepoint "RevokeBias", Time since last: 840355302 ns, Reaching safepoint: 516676 ns, At safepoint: 12692 ns, Total: 529368 ns
[2020-09-11T15:24:28.224+0000][1][safepoint    ] Safepoint "RevokeBias", Time since last: 154326473 ns, Reaching safepoint: 789299 ns, At safepoint: 22008 ns, Total: 811307 ns
[2020-09-11T15:24:28.249+0000][1][gc,start     ] GC(191) Pause Young (Allocation Failure)
[2020-09-11T15:24:28.249+0000][1][gc,task      ] GC(191) Using 1 workers of 1 for evacuation
[2020-09-11T15:24:28.266+0000][1][gc,age       ] GC(191) Desired survivor size 4358144 bytes, new threshold 1 (max threshold 6)
[2020-09-11T15:24:28.266+0000][1][gc,age       ] GC(191) Age table with threshold 1 (max threshold 6)
[2020-09-11T15:24:28.266+0000][1][gc,age       ] GC(191) - age   1:    8005064 bytes,    8005064 total
[2020-09-11T15:24:28.266+0000][1][gc,age       ] GC(191) - age   2:     524280 bytes,    8529344 total
[2020-09-11T15:24:28.266+0000][1][gc,heap      ] GC(191) ParNew: 74828K->8512K(76672K)
[2020-09-11T15:24:28.266+0000][1][gc,heap      ] GC(191) CMS: 132527K->132527K(2011968K)
[2020-09-11T15:24:28.266+0000][1][gc,metaspace ] GC(191) Metaspace: 98587K->98587K(1140736K)
[2020-09-11T15:24:28.266+0000][1][gc           ] GC(191) Pause Young (Allocation Failure) 202M->137M(2039M) 17.610ms
[2020-09-11T15:24:28.266+0000][1][gc,cpu       ] GC(191) User=0.02s Sys=0.00s Real=0.02s
[2020-09-11T15:24:28.266+0000][1][safepoint    ] Safepoint "GenCollectForAllocation", Time since last: 24984916 ns, Reaching safepoint: 199470 ns, At safepoint: 17685084 ns, Total: 17884554 ns
[2020-09-11T15:24:28.280+0000][1][safepoint    ] Safepoint "RevokeBias", Time since last: 13037872 ns, Reaching safepoint: 141155 ns, At safepoint: 18840 ns, Total: 159995 ns
[2020-09-11T15:24:28.280+0000][1][safepoint    ] Safepoint "RevokeBias", Time since last: 857433 ns, Reaching safepoint: 33114 ns, At safepoint: 12570 ns, Total: 45684 ns
[2020-09-11T15:24:28.281+0000][1][safepoint    ] Safepoint "RevokeBias", Time since last: 251270 ns, Reaching safepoint: 35853 ns, At safepoint: 10898 ns, Total: 46751 ns
[2020-09-11T15:24:28.281+0000][1][safepoint    ] Safepoint "RevokeBias", Time since last: 45529 ns, Reaching safepoint: 28442 ns, At safepoint: 9558 ns, Total: 38000 ns
[2020-09-11T15:24:28.289+0000][1][safepoint    ] Safepoint "RevokeBias", Time since last: 7971974 ns, Reaching safepoint: 138795 ns, At safepoint: 19754 ns, Total: 158549 ns
[2020-09-11T15:24:29.289+0000][1][safepoint    ] Safepoint "Cleanup", Time since last: 1000174666 ns, Reaching safepoint: 154444 ns, At safepoint: 18797 ns, Total: 173241 ns
[2020-09-11T15:24:30.290+0000][1][safepoint    ] Safepoint "Cleanup", Time since last: 1000131252 ns, Reaching safepoint: 78929 ns, At safepoint: 7374 ns, Total: 86303 ns
[2020-09-11T15:24:31.290+0000][1][safepoint    ] Safepoint "Cleanup", Time since last: 1000172427 ns, Reaching safepoint: 101954 ns, At safepoint: 6981 ns, Total: 108935 ns
[2020-09-11T15:24:32.290+0000][1][safepoint    ] Safepoint "Cleanup", Time since last: 1000156107 ns, Reaching safepoint: 102616 ns, At safepoint: 6798 ns, Total: 109414 ns
[2020-09-11T15:24:33.290+0000][1][safepoint    ] Safepoint "Cleanup", Time since last: 1000092459 ns, Reaching safepoint: 143001 ns, At safepoint: 16087 ns, Total: 159088 ns
[2020-09-11T15:24:34.291+0000][1][safepoint    ] Safepoint "Cleanup", Time since last: 1000217211 ns, Reaching safepoint: 138280 ns, At safepoint: 16629 ns, Total: 154909 ns
[2020-09-11T15:24:35.291+0000][1][safepoint    ] Safepoint "Cleanup", Time since last: 1000191421 ns, Reaching safepoint: 140980 ns, At safepoint: 17357 ns, Total: 158337 ns
[2020-09-11T15:24:36.291+0000][1][safepoint    ] Safepoint "Cleanup", Time since last: 1000205751 ns, Reaching safepoint: 111282 ns, At safepoint: 5847 ns, Total: 117129 ns
[2020-09-11T15:24:36.933+0000][1][safepoint    ] Safepoint "RevokeBias", Time since last: 641620373 ns, Reaching safepoint: 196682 ns, At safepoint: 20029 ns, Total: 216711 ns
[2020-09-11T15:24:36.933+0000][1][safepoint    ] Safepoint "RevokeBias", Time since last: 96968 ns, Reaching safepoint: 147323 ns, At safepoint: 12300 ns, Total: 159623 ns
[2020-09-11T15:24:37.170+0000][1][safepoint    ] Safepoint "RevokeBias", Time since last: 234918556 ns, Reaching safepoint: 1537537 ns, At safepoint: 54873 ns, Total: 1592410 ns
[2020-09-11T15:24:37.320+0000][1][gc,start     ] GC(192) Pause Young (Allocation Failure)
[2020-09-11T15:24:37.320+0000][1][gc,task      ] GC(192) Using 1 workers of 1 for evacuation
[2020-09-11T15:24:37.372+0000][1][gc,age       ] GC(192) Desired survivor size 4358144 bytes, new threshold 1 (max threshold 6)
[2020-09-11T15:24:37.372+0000][1][gc,age       ] GC(192) Age table with threshold 1 (max threshold 6)
[2020-09-11T15:24:37.372+0000][1][gc,age       ] GC(192) - age   1:    4968224 bytes,    4968224 total
[2020-09-11T15:24:37.372+0000][1][gc,heap      ] GC(192) ParNew: 76672K->7440K(76672K)
[2020-09-11T15:24:37.372+0000][1][gc,heap      ] GC(192) CMS: 132527K->133427K(2011968K)
[2020-09-11T15:24:37.372+0000][1][gc,metaspace ] GC(192) Metaspace: 98613K->98613K(1140736K)
[2020-09-11T15:24:37.372+0000][1][gc           ] GC(192) Pause Young (Allocation Failure) 204M->137M(2039M) 52.639ms
[2020-09-11T15:24:37.372+0000][1][gc,cpu       ] GC(192) User=0.02s Sys=0.00s Real=0.05s
[2020-09-11T15:24:37.381+0000][1][safepoint    ] Safepoint "GenCollectForAllocation", Time since last: 149412349 ns, Reaching safepoint: 87391 ns, At safepoint: 61875045 ns, Total: 61962436 ns
[2020-09-11T15:24:37.392+0000][1][safepoint    ] Safepoint "RevokeBias", Time since last: 10042518 ns, Reaching safepoint: 70658 ns, At safepoint: 35697 ns, Total: 106355 ns
[2020-09-11T15:24:37.393+0000][1][safepoint    ] Safepoint "RevokeBias", Time since last: 1024629 ns, Reaching safepoint: 59354 ns, At safepoint: 25140 ns, Total: 84494 ns
[2020-09-11T15:24:37.393+0000][1][safepoint    ] Safepoint "RevokeBias", Time since last: 93230 ns, Reaching safepoint: 33954 ns, At safepoint: 19092 ns, Total: 53046 ns
[2020-09-11T15:24:37.393+0000][1][safepoint    ] Safepoint "RevokeBias", Time since last: 37063 ns, Reaching safepoint: 27884 ns, At safepoint: 17160 ns, Total: 45044 ns
[2020-09-11T15:24:37.409+0000][1][safepoint    ] Safepoint "RevokeBias", Time since last: 15644683 ns, Reaching safepoint: 150639 ns, At safepoint: 20877 ns, Total: 171516 ns
[2020-09-11T15:24:38.412+0000][1][safepoint    ] Safepoint "Cleanup", Time since last: 1000582316 ns, Reaching safepoint: 2250557 ns, At safepoint: 14852 ns, Total: 2265409 ns
[2020-09-11T15:24:38.466+0000][1][gc,start     ] GC(193) Pause Young (Allocation Failure)
[2020-09-11T15:24:38.466+0000][1][gc,task      ] GC(193) Using 1 workers of 1 for evacuation
[2020-09-11T15:24:38.508+0000][1][gc,age       ] GC(193) Desired survivor size 4358144 bytes, new threshold 1 (max threshold 6)
[2020-09-11T15:24:38.508+0000][1][gc,age       ] GC(193) Age table with threshold 1 (max threshold 6)
[2020-09-11T15:24:38.508+0000][1][gc,age       ] GC(193) - age   1:    6283936 bytes,    6283936 total
[2020-09-11T15:24:38.508+0000][1][gc,heap      ] GC(193) ParNew: 75414K->8512K(76672K)
[2020-09-11T15:24:38.508+0000][1][gc,heap      ] GC(193) CMS: 133427K->133975K(2011968K)
[2020-09-11T15:24:38.508+0000][1][gc,metaspace ] GC(193) Metaspace: 98616K->98616K(1140736K)
[2020-09-11T15:24:38.508+0000][1][gc           ] GC(193) Pause Young (Allocation Failure) 203M->139M(2039M) 41.646ms
[2020-09-11T15:24:38.508+0000][1][gc,cpu       ] GC(193) User=0.02s Sys=0.00s Real=0.04s
[2020-09-11T15:24:38.519+0000][1][safepoint    ] Safepoint "GenCollectForAllocation", Time since last: 54448100 ns, Reaching safepoint: 208519 ns, At safepoint: 52944797 ns, Total: 53153316 ns
[2020-09-11T15:24:38.526+0000][1][safepoint    ] Safepoint "RevokeBias", Time since last: 5233907 ns, Reaching safepoint: 1573310 ns, At safepoint: 37709 ns, Total: 1611019 ns
[2020-09-11T15:24:38.535+0000][1][safepoint    ] Safepoint "RevokeBias", Time since last: 676547 ns, Reaching safepoint: 808859 ns, At safepoint: 7974589 ns, Total: 8783448 ns
[2020-09-11T15:24:38.536+0000][1][safepoint    ] Safepoint "RevokeBias", Time since last: 180164 ns, Reaching safepoint: 190728 ns, At safepoint: 31231 ns, Total: 221959 ns
[2020-09-11T15:24:38.536+0000][1][safepoint    ] Safepoint "RevokeBias", Time since last: 49663 ns, Reaching safepoint: 117279 ns, At safepoint: 20849 ns, Total: 138128 ns
[2020-09-11T15:24:38.554+0000][1][safepoint    ] Safepoint "RevokeBias", Time since last: 17194107 ns, Reaching safepoint: 362071 ns, At safepoint: 21818 ns, Total: 383889 ns
[2020-09-11T15:24:39.554+0000][1][safepoint    ] Safepoint "Cleanup", Time since last: 1000119692 ns, Reaching safepoint: 160722 ns, At safepoint: 17139 ns, Total: 177861 ns
[2020-09-11T15:24:40.554+0000][1][safepoint    ] Safepoint "Cleanup", Time since last: 1000219722 ns, Reaching safepoint: 136791 ns, At safepoint: 17794 ns, Total: 154585 ns
[2020-09-11T15:24:41.555+0000][1][safepoint    ] Safepoint "Cleanup", Time since last: 1000230474 ns, Reaching safepoint: 148537 ns, At safepoint: 36965 ns, Total: 185502 ns
[2020-09-11T15:24:42.555+0000][1][safepoint    ] Safepoint "Cleanup", Time since last: 1000243735 ns, Reaching safepoint: 105107 ns, At safepoint: 6950 ns, Total: 112057 ns
[2020-09-11T15:24:43.555+0000][1][safepoint    ] Safepoint "Cleanup", Time since last: 1000155213 ns, Reaching safepoint: 133901 ns, At safepoint: 7454 ns, Total: 141355 ns
[2020-09-11T15:24:44.556+0000][1][safepoint    ] Safepoint "Cleanup", Time since last: 1000197818 ns, Reaching safepoint: 107683 ns, At safepoint: 7377 ns, Total: 115060 ns
[2020-09-11T15:24:46.934+0000][1][safepoint    ] Safepoint "RevokeBias", Time since last: 2377956437 ns, Reaching safepoint: 218615 ns, At safepoint: 23790 ns, Total: 242405 ns
[2020-09-11T15:24:46.934+0000][1][safepoint    ] Safepoint "RevokeBias", Time since last: 102965 ns, Reaching safepoint: 157277 ns, At safepoint: 13326 ns, Total: 170603 ns
[2020-09-11T15:24:47.359+0000][1][gc,start     ] GC(194) Pause Young (Allocation Failure)
[2020-09-11T15:24:47.359+0000][1][gc,task      ] GC(194) Using 1 workers of 1 for evacuation
[2020-09-11T15:24:47.378+0000][1][gc,age       ] GC(194) Desired survivor size 4358144 bytes, new threshold 1 (max threshold 6)
[2020-09-11T15:24:47.378+0000][1][gc,age       ] GC(194) Age table with threshold 1 (max threshold 6)
[2020-09-11T15:24:47.378+0000][1][gc,age       ] GC(194) - age   1:    8639632 bytes,    8639632 total
[2020-09-11T15:24:47.378+0000][1][gc,heap      ] GC(194) ParNew: 76672K->8512K(76672K)
[2020-09-11T15:24:47.378+0000][1][gc,heap      ] GC(194) CMS: 133975K->134371K(2011968K)
[2020-09-11T15:24:47.378+0000][1][gc,metaspace ] GC(194) Metaspace: 98643K->98643K(1140736K)
[2020-09-11T15:24:47.378+0000][1][gc           ] GC(194) Pause Young (Allocation Failure) 205M->139M(2039M) 18.958ms
[2020-09-11T15:24:47.378+0000][1][gc,cpu       ] GC(194) User=0.01s Sys=0.00s Real=0.02s
[2020-09-11T15:24:47.386+0000][1][safepoint    ] Safepoint "GenCollectForAllocation", Time since last: 424614545 ns, Reaching safepoint: 205131 ns, At safepoint: 26977236 ns, Total: 27182367 ns
[2020-09-11T15:24:47.652+0000][1][safepoint    ] Safepoint "RevokeBias", Time since last: 265731092 ns, Reaching safepoint: 144177 ns, At safepoint: 24628 ns, Total: 168805 ns
[2020-09-11T15:24:47.653+0000][1][safepoint    ] Safepoint "BulkRevokeBias", Time since last: 738593 ns, Reaching safepoint: 116546 ns, At safepoint: 318690 ns, Total: 435236 ns
[2020-09-11T15:24:47.653+0000][1][safepoint    ] Safepoint "RevokeBias", Time since last: 102496 ns, Reaching safepoint: 112210 ns, At safepoint: 12763 ns, Total: 124973 ns
[2020-09-11T15:24:47.654+0000][1][safepoint    ] Safepoint "BulkRevokeBias", Time since last: 45535 ns, Reaching safepoint: 99469 ns, At safepoint: 162086 ns, Total: 261555 ns
[2020-09-11T15:24:47.662+0000][1][safepoint    ] Safepoint "RevokeBias", Time since last: 7962136 ns, Reaching safepoint: 139315 ns, At safepoint: 21128 ns, Total: 160443 ns
[2020-09-11T15:24:48.662+0000][1][safepoint    ] Safepoint "Cleanup", Time since last: 1000124787 ns, Reaching safepoint: 75276 ns, At safepoint: 7665 ns, Total: 82941 ns
[2020-09-11T15:24:49.662+0000][1][safepoint    ] Safepoint "Cleanup", Time since last: 1000120067 ns, Reaching safepoint: 174135 ns, At safepoint: 7892 ns, Total: 182027 ns
[2020-09-11T15:24:51.800+0000][1][gc,start     ] GC(195) Pause Young (Allocation Failure)
[2020-09-11T15:24:51.800+0000][1][gc,task      ] GC(195) Using 1 workers of 1 for evacuation
[2020-09-11T15:24:51.820+0000][1][gc,age       ] GC(195) Desired survivor size 4358144 bytes, new threshold 6 (max threshold 6)
[2020-09-11T15:24:51.820+0000][1][gc,age       ] GC(195) Age table with threshold 6 (max threshold 6)
[2020-09-11T15:24:51.820+0000][1][gc,age       ] GC(195) - age   1:     714184 bytes,     714184 total
[2020-09-11T15:24:51.820+0000][1][gc,heap      ] GC(195) ParNew: 76672K->7822K(76672K)
[2020-09-11T15:24:51.820+0000][1][gc,heap      ] GC(195) CMS: 134371K->135015K(2011968K)
[2020-09-11T15:24:51.820+0000][1][gc,metaspace ] GC(195) Metaspace: 98677K->98677K(1140736K)
[2020-09-11T15:24:51.820+0000][1][gc           ] GC(195) Pause Young (Allocation Failure) 206M->139M(2039M) 19.875ms
[2020-09-11T15:24:51.820+0000][1][gc,cpu       ] GC(195) User=0.02s Sys=0.00s Real=0.02s
[2020-09-11T15:24:51.822+0000][1][safepoint    ] Safepoint "GenCollectForAllocation", Time since last: 2137773920 ns, Reaching safepoint: 173434 ns, At safepoint: 22195020 ns, Total: 22368454 ns
[2020-09-11T15:24:52.828+0000][1][safepoint    ] Safepoint "Cleanup", Time since last: 1004912853 ns, Reaching safepoint: 154721 ns, At safepoint: 153231 ns, Total: 307952 ns
[2020-09-11T15:24:53.828+0000][1][safepoint    ] Safepoint "Cleanup", Time since last: 1000225642 ns, Reaching safepoint: 160665 ns, At safepoint: 57191 ns, Total: 217856 ns
[2020-09-11T15:24:56.940+0000][1][safepoint    ] Safepoint "RevokeBias", Time since last: 3111384672 ns, Reaching safepoint: 124160 ns, At safepoint: 23533 ns, Total: 147693 ns
[2020-09-11T15:24:57.697+0000][1][gc,start     ] GC(196) Pause Young (Allocation Failure)
[2020-09-11T15:24:57.697+0000][1][gc,task      ] GC(196) Using 1 workers of 1 for evacuation
[2020-09-11T15:24:57.715+0000][1][gc,age       ] GC(196) Desired survivor size 4358144 bytes, new threshold 1 (max threshold 6)
[2020-09-11T15:24:57.715+0000][1][gc,age       ] GC(196) Age table with threshold 1 (max threshold 6)
[2020-09-11T15:24:57.715+0000][1][gc,age       ] GC(196) - age   1:    6426080 bytes,    6426080 total
[2020-09-11T15:24:57.715+0000][1][gc,age       ] GC(196) - age   2:     666896 bytes,    7092976 total
[2020-09-11T15:24:57.715+0000][1][gc,heap      ] GC(196) ParNew: 75929K->8345K(76672K)
[2020-09-11T15:24:57.715+0000][1][gc,heap      ] GC(196) CMS: 135015K->135015K(2011968K)
[2020-09-11T15:24:57.715+0000][1][gc,metaspace ] GC(196) Metaspace: 98681K->98681K(1140736K)
[2020-09-11T15:24:57.715+0000][1][gc           ] GC(196) Pause Young (Allocation Failure) 206M->140M(2039M) 18.810ms
[2020-09-11T15:24:57.715+0000][1][gc,cpu       ] GC(196) User=0.02s Sys=0.00s Real=0.02s
[2020-09-11T15:24:57.716+0000][1][safepoint    ] Safepoint "GenCollectForAllocation", Time since last: 756932240 ns, Reaching safepoint: 203227 ns, At safepoint: 19552547 ns, Total: 19755774 ns
[2020-09-11T15:24:57.723+0000][1][safepoint    ] Safepoint "RevokeBias", Time since last: 6729610 ns, Reaching safepoint: 69148 ns, At safepoint: 36585 ns, Total: 105733 ns
[2020-09-11T15:24:57.728+0000][1][safepoint    ] Safepoint "RevokeBias", Time since last: 5086567 ns, Reaching safepoint: 180331 ns, At safepoint: 21923 ns, Total: 202254 ns
[2020-09-11T15:24:57.729+0000][1][safepoint    ] Safepoint "RevokeBias", Time since last: 135532 ns, Reaching safepoint: 156803 ns, At safepoint: 14669 ns, Total: 171472 ns
[2020-09-11T15:24:57.729+0000][1][safepoint    ] Safepoint "RevokeBias", Time since last: 49549 ns, Reaching safepoint: 146860 ns, At safepoint: 12754 ns, Total: 159614 ns
[2020-09-11T15:24:57.737+0000][1][safepoint    ] Safepoint "RevokeBias", Time since last: 8050865 ns, Reaching safepoint: 189610 ns, At safepoint: 23363 ns, Total: 212973 ns
[2020-09-11T15:24:58.737+0000][1][safepoint    ] Safepoint "Cleanup", Time since last: 1000137812 ns, Reaching safepoint: 120795 ns, At safepoint: 7974 ns, Total: 128769 ns
[2020-09-11T15:24:59.903+0000][1][safepoint    ] Safepoint "RevokeBias", Time since last: 1162992935 ns, Reaching safepoint: 2312031 ns, At safepoint: 33127 ns, Total: 2345158 ns
[2020-09-11T15:25:00.903+0000][1][safepoint    ] Safepoint "Cleanup", Time since last: 1000168055 ns, Reaching safepoint: 121368 ns, At safepoint: 8689 ns, Total: 130057 ns
[2020-09-11T15:25:04.904+0000][1][safepoint    ] Safepoint "Cleanup", Time since last: 4000636390 ns, Reaching safepoint: 157093 ns, At safepoint: 21189 ns, Total: 178282 ns
[2020-09-11T15:25:06.904+0000][1][safepoint    ] Safepoint "Cleanup", Time since last: 2000375541 ns, Reaching safepoint: 106359 ns, At safepoint: 8762 ns, Total: 115121 ns
[2020-09-11T15:25:07.537+0000][1][gc,start     ] GC(197) Pause Young (Allocation Failure)
[2020-09-11T15:25:07.537+0000][1][gc,task      ] GC(197) Using 1 workers of 1 for evacuation
[2020-09-11T15:25:07.574+0000][1][gc,age       ] GC(197) Desired survivor size 4358144 bytes, new threshold 1 (max threshold 6)
[2020-09-11T15:25:07.574+0000][1][gc,age       ] GC(197) Age table with threshold 1 (max threshold 6)
[2020-09-11T15:25:07.574+0000][1][gc,age       ] GC(197) - age   1:    8706456 bytes,    8706456 total
[2020-09-11T15:25:07.574+0000][1][gc,heap      ] GC(197) ParNew: 76505K->8512K(76672K)
[2020-09-11T15:25:07.574+0000][1][gc,heap      ] GC(197) CMS: 135015K->137140K(2011968K)
[2020-09-11T15:25:07.574+0000][1][gc,metaspace ] GC(197) Metaspace: 98720K->98720K(1140736K)
[2020-09-11T15:25:07.574+0000][1][gc           ] GC(197) Pause Young (Allocation Failure) 206M->142M(2039M) 37.120ms
[2020-09-11T15:25:07.574+0000][1][gc,cpu       ] GC(197) User=0.02s Sys=0.00s Real=0.03s
[2020-09-11T15:25:07.574+0000][1][safepoint    ] Safepoint "GenCollectForAllocation", Time since last: 632112989 ns, Reaching safepoint: 96605 ns, At safepoint: 37204339 ns, Total: 37300944 ns
[2020-09-11T15:25:07.800+0000][1][safepoint    ] Safepoint "RevokeBias", Time since last: 222149447 ns, Reaching safepoint: 3642903 ns, At safepoint: 40147 ns, Total: 3683050 ns
[2020-09-11T15:25:07.800+0000][1][safepoint    ] Safepoint "RevokeBias", Time since last: 749179 ns, Reaching safepoint: 106515 ns, At safepoint: 14653 ns, Total: 121168 ns
[2020-09-11T15:25:07.801+0000][1][safepoint    ] Safepoint "RevokeBias", Time since last: 125796 ns, Reaching safepoint: 109904 ns, At safepoint: 13950 ns, Total: 123854 ns
[2020-09-11T15:25:07.801+0000][1][safepoint    ] Safepoint "RevokeBias", Time since last: 52109 ns, Reaching safepoint: 103691 ns, At safepoint: 12999 ns, Total: 116690 ns
[2020-09-11T15:25:07.824+0000][1][safepoint    ] Safepoint "RevokeBias", Time since last: 23182335 ns, Reaching safepoint: 144652 ns, At safepoint: 21836 ns, Total: 166488 ns
[2020-09-11T15:25:07.886+0000][1][safepoint    ] Safepoint "RevokeBias", Time since last: 61602934 ns, Reaching safepoint: 151463 ns, At safepoint: 21798 ns, Total: 173261 ns
[2020-09-11T15:25:07.886+0000][1][safepoint    ] Safepoint "RevokeBias", Time since last: 278531 ns, Reaching safepoint: 104662 ns, At safepoint: 13986 ns, Total: 118648 ns
[2020-09-11T15:25:07.901+0000][1][safepoint    ] Safepoint "RevokeBias", Time since last: 14458123 ns, Reaching safepoint: 143447 ns, At safepoint: 8850 ns, Total: 152297 ns
[2020-09-11T15:25:08.026+0000][1][gc,start     ] GC(198) Pause Young (Allocation Failure)
[2020-09-11T15:25:08.026+0000][1][gc,task      ] GC(198) Using 1 workers of 1 for evacuation
[2020-09-11T15:25:08.066+0000][1][gc,age       ] GC(198) Desired survivor size 4358144 bytes, new threshold 6 (max threshold 6)
[2020-09-11T15:25:08.066+0000][1][gc,age       ] GC(198) Age table with threshold 6 (max threshold 6)
[2020-09-11T15:25:08.066+0000][1][gc,age       ] GC(198) - age   1:    1565248 bytes,    1565248 total
[2020-09-11T15:25:08.066+0000][1][gc,heap      ] GC(198) ParNew: 76672K->7805K(76672K)
[2020-09-11T15:25:08.067+0000][1][gc,heap      ] GC(198) CMS: 137140K->138339K(2011968K)
[2020-09-11T15:25:08.067+0000][1][gc,metaspace ] GC(198) Metaspace: 98734K->98734K(1140736K)
[2020-09-11T15:25:08.067+0000][1][gc           ] GC(198) Pause Young (Allocation Failure) 208M->142M(2039M) 40.325ms
[2020-09-11T15:25:08.067+0000][1][gc,cpu       ] GC(198) User=0.02s Sys=0.00s Real=0.04s
[2020-09-11T15:25:08.074+0000][1][safepoint    ] Safepoint "GenCollectForAllocation", Time since last: 125080902 ns, Reaching safepoint: 163854 ns, At safepoint: 47712944 ns, Total: 47876798 ns
[2020-09-11T15:25:08.119+0000][1][safepoint    ] Safepoint "RevokeBias", Time since last: 44849479 ns, Reaching safepoint: 162551 ns, At safepoint: 9554 ns, Total: 172105 ns
[2020-09-11T15:25:08.192+0000][1][safepoint    ] Safepoint "RevokeBias", Time since last: 73084158 ns, Reaching safepoint: 153802 ns, At safepoint: 21528 ns, Total: 175330 ns
[2020-09-11T15:25:08.192+0000][1][safepoint    ] Safepoint "RevokeBias", Time since last: 83091 ns, Reaching safepoint: 112346 ns, At safepoint: 15431 ns, Total: 127777 ns
[2020-09-11T15:25:08.193+0000][1][safepoint    ] Safepoint "BulkRevokeBias", Time since last: 67615 ns, Reaching safepoint: 99205 ns, At safepoint: 175669 ns, Total: 274874 ns
[2020-09-11T15:25:08.886+0000][1][safepoint    ] Safepoint "RevokeBias", Time since last: 693219414 ns, Reaching safepoint: 81264 ns, At safepoint: 8353 ns, Total: 89617 ns
[2020-09-11T15:25:08.892+0000][1][safepoint    ] Safepoint "RevokeBias", Time since last: 5637216 ns, Reaching safepoint: 186044 ns, At safepoint: 9928 ns, Total: 195972 ns
[2020-09-11T15:25:08.892+0000][1][safepoint    ] Safepoint "RevokeBias", Time since last: 272083 ns, Reaching safepoint: 103155 ns, At safepoint: 5963 ns, Total: 109118 ns
[2020-09-11T15:25:08.893+0000][1][safepoint    ] Safepoint "RevokeBias", Time since last: 198204 ns, Reaching safepoint: 28833 ns, At safepoint: 5188 ns, Total: 34021 ns
[2020-09-11T15:25:10.425+0000][1][safepoint    ] Safepoint "RevokeBias", Time since last: 1532268125 ns, Reaching safepoint: 233222 ns, At safepoint: 9586 ns, Total: 242808 ns
[2020-09-11T15:25:10.425+0000][1][safepoint    ] Safepoint "RevokeBias", Time since last: 241822 ns, Reaching safepoint: 130274 ns, At safepoint: 7326 ns, Total: 137600 ns
[2020-09-11T15:25:10.499+0000][1][safepoint    ] Safepoint "RevokeBias", Time since last: 73652161 ns, Reaching safepoint: 237064 ns, At safepoint: 24712 ns, Total: 261776 ns
[2020-09-11T15:25:10.500+0000][1][safepoint    ] Safepoint "RevokeBias", Time since last: 79370 ns, Reaching safepoint: 142364 ns, At safepoint: 9837 ns, Total: 152201 ns
[2020-09-11T15:25:11.500+0000][1][safepoint    ] Safepoint "Cleanup", Time since last: 1000166445 ns, Reaching safepoint: 108282 ns, At safepoint: 8668 ns, Total: 116950 ns
[2020-09-11T15:25:12.500+0000][1][safepoint    ] Safepoint "Cleanup", Time since last: 1000192880 ns, Reaching safepoint: 103781 ns, At safepoint: 8674 ns, Total: 112455 ns
[2020-09-11T15:25:12.578+0000][1][gc,start     ] GC(199) Pause Young (Allocation Failure)
[2020-09-11T15:25:12.578+0000][1][gc,task      ] GC(199) Using 1 workers of 1 for evacuation
[2020-09-11T15:25:12.593+0000][1][gc,age       ] GC(199) Desired survivor size 4358144 bytes, new threshold 6 (max threshold 6)
[2020-09-11T15:25:12.593+0000][1][gc,age       ] GC(199) Age table with threshold 6 (max threshold 6)
[2020-09-11T15:25:12.593+0000][1][gc,age       ] GC(199) - age   1:     421024 bytes,     421024 total
[2020-09-11T15:25:12.593+0000][1][gc,age       ] GC(199) - age   2:      67896 bytes,     488920 total
[2020-09-11T15:25:12.594+0000][1][gc,heap      ] GC(199) ParNew: 75965K->2238K(76672K)
[2020-09-11T15:25:12.594+0000][1][gc,heap      ] GC(199) CMS: 138339K->138339K(2011968K)
[2020-09-11T15:25:12.594+0000][1][gc,metaspace ] GC(199) Metaspace: 98756K->98756K(1140736K)
[2020-09-11T15:25:12.594+0000][1][gc           ] GC(199) Pause Young (Allocation Failure) 209M->137M(2039M) 15.254ms
[2020-09-11T15:25:12.594+0000][1][gc,cpu       ] GC(199) User=0.01s Sys=0.00s Real=0.01s
[2020-09-11T15:25:12.594+0000][1][safepoint    ] Safepoint "GenCollectForAllocation", Time since last: 77987206 ns, Reaching safepoint: 159047 ns, At safepoint: 15329308 ns, Total: 15488355 ns
[2020-09-11T15:25:13.600+0000][1][safepoint    ] Safepoint "Cleanup", Time since last: 1006038279 ns, Reaching safepoint: 145029 ns, At safepoint: 48485 ns, Total: 193514 ns
[2020-09-11T15:25:14.600+0000][1][safepoint    ] Safepoint "Cleanup", Time since last: 1000241709 ns, Reaching safepoint: 151006 ns, At safepoint: 17690 ns, Total: 168696 ns
[2020-09-11T15:25:15.601+0000][1][safepoint    ] Safepoint "Cleanup", Time since last: 1000220768 ns, Reaching safepoint: 100900 ns, At safepoint: 8618 ns, Total: 109518 ns
[2020-09-11T15:25:16.601+0000][1][safepoint    ] Safepoint "Cleanup", Time since last: 1000173142 ns, Reaching safepoint: 105723 ns, At safepoint: 7304 ns, Total: 113027 ns
[2020-09-11T15:25:17.601+0000][1][safepoint    ] Safepoint "Cleanup", Time since last: 1000180900 ns, Reaching safepoint: 124786 ns, At safepoint: 8424 ns, Total: 133210 ns
[2020-09-11T15:25:17.920+0000][1][safepoint    ] Safepoint "RevokeBias", Time since last: 318226189 ns, Reaching safepoint: 151311 ns, At safepoint: 24651 ns, Total: 175962 ns
[2020-09-11T15:25:17.920+0000][1][safepoint    ] Safepoint "RevokeBias", Time since last: 759366 ns, Reaching safepoint: 59750 ns, At safepoint: 17065 ns, Total: 76815 ns
[2020-09-11T15:25:17.921+0000][1][safepoint    ] Safepoint "RevokeBias", Time since last: 126608 ns, Reaching safepoint: 56915 ns, At safepoint: 15123 ns, Total: 72038 ns
[2020-09-11T15:25:17.921+0000][1][safepoint    ] Safepoint "RevokeBias", Time since last: 58938 ns, Reaching safepoint: 43388 ns, At safepoint: 12001 ns, Total: 55389 ns
[2020-09-11T15:25:17.922+0000][1][gc,start     ] GC(200) Pause Young (Allocation Failure)
[2020-09-11T15:25:17.922+0000][1][gc,task      ] GC(200) Using 1 workers of 1 for evacuation
[2020-09-11T15:25:17.939+0000][1][gc,age       ] GC(200) Desired survivor size 4358144 bytes, new threshold 6 (max threshold 6)
[2020-09-11T15:25:17.939+0000][1][gc,age       ] GC(200) Age table with threshold 6 (max threshold 6)
[2020-09-11T15:25:17.939+0000][1][gc,age       ] GC(200) - age   1:     632496 bytes,     632496 total
[2020-09-11T15:25:17.939+0000][1][gc,age       ] GC(200) - age   2:     400864 bytes,    1033360 total
[2020-09-11T15:25:17.939+0000][1][gc,age       ] GC(200) - age   3:      67824 bytes,    1101184 total
[2020-09-11T15:25:17.939+0000][1][gc,heap      ] GC(200) ParNew: 70398K->1357K(76672K)
[2020-09-11T15:25:17.940+0000][1][gc,heap      ] GC(200) CMS: 138339K->138339K(2011968K)
[2020-09-11T15:25:17.940+0000][1][gc,metaspace ] GC(200) Metaspace: 98769K->98769K(1140736K)
[2020-09-11T15:25:17.940+0000][1][gc           ] GC(200) Pause Young (Allocation Failure) 203M->136M(2039M) 17.538ms
[2020-09-11T15:25:17.940+0000][1][gc,cpu       ] GC(200) User=0.01s Sys=0.00s Real=0.02s
[2020-09-11T15:25:17.947+0000][1][safepoint    ] Safepoint "GenCollectForAllocation", Time since last: 1125125 ns, Reaching safepoint: 121262 ns, At safepoint: 25471591 ns, Total: 25592853 ns
[2020-09-11T15:25:17.950+0000][1][safepoint    ] Safepoint "RevokeBias", Time since last: 2848015 ns, Reaching safepoint: 66296 ns, At safepoint: 29322 ns, Total: 95618 ns
[2020-09-11T15:25:18.951+0000][1][safepoint    ] Safepoint "Cleanup", Time since last: 1000177963 ns, Reaching safepoint: 120021 ns, At safepoint: 8374 ns, Total: 128395 ns
[2020-09-11T15:25:19.951+0000][1][safepoint    ] Safepoint "Cleanup", Time since last: 1000196975 ns, Reaching safepoint: 101867 ns, At safepoint: 7762 ns, Total: 109629 ns
[2020-09-11T15:25:20.951+0000][1][safepoint    ] Safepoint "Cleanup", Time since last: 1000130629 ns, Reaching safepoint: 93502 ns, At safepoint: 11471 ns, Total: 104973 ns
[2020-09-11T15:25:21.952+0000][1][safepoint    ] Safepoint "Cleanup", Time since last: 1000903659 ns, Reaching safepoint: 233193 ns, At safepoint: 9133 ns, Total: 242326 ns
[2020-09-11T15:25:22.953+0000][1][safepoint    ] Safepoint "Cleanup", Time since last: 1000242720 ns, Reaching safepoint: 90941 ns, At safepoint: 10120 ns, Total: 101061 ns
[2020-09-11T15:25:23.953+0000][1][safepoint    ] Safepoint "Cleanup", Time since last: 1000242189 ns, Reaching safepoint: 83870 ns, At safepoint: 7125 ns, Total: 90995 ns
[2020-09-11T15:25:24.954+0000][1][safepoint    ] Safepoint "Cleanup", Time since last: 1000280917 ns, Reaching safepoint: 158394 ns, At safepoint: 18719 ns, Total: 177113 ns
[2020-09-11T15:25:25.954+0000][1][safepoint    ] Safepoint "Cleanup", Time since last: 1000299619 ns, Reaching safepoint: 167502 ns, At safepoint: 8317 ns, Total: 175819 ns
[2020-09-11T15:25:26.939+0000][1][safepoint    ] Safepoint "RevokeBias", Time since last: 984388374 ns, Reaching safepoint: 137570 ns, At safepoint: 22225 ns, Total: 159795 ns
[2020-09-11T15:25:26.984+0000][1][safepoint    ] Safepoint "RevokeBias", Time since last: 45169635 ns, Reaching safepoint: 549215 ns, At safepoint: 24446 ns, Total: 573661 ns
[2020-09-11T15:25:26.985+0000][1][safepoint    ] Safepoint "RevokeBias", Time since last: 183485 ns, Reaching safepoint: 955193 ns, At safepoint: 16214 ns, Total: 971407 ns
[2020-09-11T15:25:26.986+0000][1][safepoint    ] Safepoint "RevokeBias", Time since last: 121379 ns, Reaching safepoint: 110160 ns, At safepoint: 13413 ns, Total: 123573 ns
[2020-09-11T15:25:26.986+0000][1][safepoint    ] Safepoint "RevokeBias", Time since last: 50144 ns, Reaching safepoint: 102180 ns, At safepoint: 12315 ns, Total: 114495 ns
[2020-09-11T15:25:26.997+0000][1][safepoint    ] Safepoint "RevokeBias", Time since last: 10719414 ns, Reaching safepoint: 804444 ns, At safepoint: 24120 ns, Total: 828564 ns
[2020-09-11T15:25:27.004+0000][1][gc,start     ] GC(201) Pause Young (Allocation Failure)
[2020-09-11T15:25:27.004+0000][1][gc,task      ] GC(201) Using 1 workers of 1 for evacuation
[2020-09-11T15:25:27.021+0000][1][gc,age       ] GC(201) Desired survivor size 4358144 bytes, new threshold 6 (max threshold 6)
[2020-09-11T15:25:27.021+0000][1][gc,age       ] GC(201) Age table with threshold 6 (max threshold 6)
[2020-09-11T15:25:27.021+0000][1][gc,age       ] GC(201) - age   1:     721616 bytes,     721616 total
[2020-09-11T15:25:27.021+0000][1][gc,age       ] GC(201) - age   2:      23992 bytes,     745608 total
[2020-09-11T15:25:27.021+0000][1][gc,age       ] GC(201) - age   3:     317144 bytes,    1062752 total
[2020-09-11T15:25:27.021+0000][1][gc,age       ] GC(201) - age   4:      67800 bytes,    1130552 total
[2020-09-11T15:25:27.021+0000][1][gc,heap      ] GC(201) ParNew: 69517K->1952K(76672K)
[2020-09-11T15:25:27.021+0000][1][gc,heap      ] GC(201) CMS: 138339K->138339K(2011968K)
[2020-09-11T15:25:27.021+0000][1][gc,metaspace ] GC(201) Metaspace: 98777K->98777K(1140736K)
[2020-09-11T15:25:27.021+0000][1][gc           ] GC(201) Pause Young (Allocation Failure) 202M->137M(2039M) 16.816ms
[2020-09-11T15:25:27.021+0000][1][gc,cpu       ] GC(201) User=0.01s Sys=0.00s Real=0.01s
[2020-09-11T15:25:27.028+0000][1][safepoint    ] Safepoint "GenCollectForAllocation", Time since last: 6207402 ns, Reaching safepoint: 651686 ns, At safepoint: 23666362 ns, Total: 24318048 ns
[2020-09-11T15:25:27.170+0000][1][safepoint    ] Safepoint "RevokeBias", Time since last: 139805907 ns, Reaching safepoint: 2108622 ns, At safepoint: 25079 ns, Total: 2133701 ns
[2020-09-11T15:25:27.391+0000][1][safepoint    ] Safepoint "RevokeBias", Time since last: 220530406 ns, Reaching safepoint: 159258 ns, At safepoint: 26452 ns, Total: 185710 ns
[2020-09-11T15:25:27.396+0000][1][safepoint    ] Safepoint "RevokeBias", Time since last: 4839261 ns, Reaching safepoint: 166585 ns, At safepoint: 20376 ns, Total: 186961 ns
[2020-09-11T15:25:28.034+0000][1][gc,start     ] GC(202) Pause Young (Allocation Failure)
[2020-09-11T15:25:28.034+0000][1][gc,task      ] GC(202) Using 1 workers of 1 for evacuation
[2020-09-11T15:25:28.053+0000][1][gc,age       ] GC(202) Desired survivor size 4358144 bytes, new threshold 1 (max threshold 6)
[2020-09-11T15:25:28.053+0000][1][gc,age       ] GC(202) Age table with threshold 1 (max threshold 6)
[2020-09-11T15:25:28.053+0000][1][gc,age       ] GC(202) - age   1:    8080200 bytes,    8080200 total
[2020-09-11T15:25:28.053+0000][1][gc,age       ] GC(202) - age   2:     299352 bytes,    8379552 total
[2020-09-11T15:25:28.053+0000][1][gc,age       ] GC(202) - age   3:       3168 bytes,    8382720 total
[2020-09-11T15:25:28.053+0000][1][gc,age       ] GC(202) - age   4:     219176 bytes,    8601896 total
[2020-09-11T15:25:28.053+0000][1][gc,age       ] GC(202) - age   5:       1688 bytes,    8603584 total
[2020-09-11T15:25:28.053+0000][1][gc,heap      ] GC(202) ParNew: 69698K->8512K(76672K)
[2020-09-11T15:25:28.053+0000][1][gc,heap      ] GC(202) CMS: 138339K->138839K(2011968K)
[2020-09-11T15:25:28.053+0000][1][gc,metaspace ] GC(202) Metaspace: 98781K->98781K(1140736K)
[2020-09-11T15:25:28.053+0000][1][gc           ] GC(202) Pause Young (Allocation Failure) 203M->143M(2039M) 19.180ms
[2020-09-11T15:25:28.053+0000][1][gc,cpu       ] GC(202) User=0.02s Sys=0.00s Real=0.02s
[2020-09-11T15:25:28.053+0000][1][safepoint    ] Safepoint "GenCollectForAllocation", Time since last: 638235387 ns, Reaching safepoint: 310552 ns, At safepoint: 19292560 ns, Total: 19603112 ns
[2020-09-11T15:25:28.062+0000][1][safepoint    ] Safepoint "RevokeBias", Time since last: 8906971 ns, Reaching safepoint: 70761 ns, At safepoint: 39740 ns, Total: 110501 ns
[2020-09-11T15:25:28.066+0000][1][safepoint    ] Safepoint "RevokeBias", Time since last: 3291387 ns, Reaching safepoint: 122529 ns, At safepoint: 15135 ns, Total: 137664 ns
[2020-09-11T15:25:28.066+0000][1][safepoint    ] Safepoint "RevokeBias", Time since last: 147168 ns, Reaching safepoint: 107006 ns, At safepoint: 12870 ns, Total: 119876 ns
[2020-09-11T15:25:28.066+0000][1][safepoint    ] Safepoint "RevokeBias", Time since last: 47968 ns, Reaching safepoint: 99700 ns, At safepoint: 11907 ns, Total: 111607 ns
[2020-09-11T15:25:28.077+0000][1][safepoint    ] Safepoint "RevokeBias", Time since last: 10081884 ns, Reaching safepoint: 141042 ns, At safepoint: 20467 ns, Total: 161509 ns
[2020-09-11T15:25:28.078+0000][1][safepoint    ] Safepoint "BulkRevokeBias", Time since last: 886393 ns, Reaching safepoint: 100636 ns, At safepoint: 187975 ns, Total: 288611 ns
[2020-09-11T15:25:29.078+0000][1][safepoint    ] Safepoint "Cleanup", Time since last: 1000164229 ns, Reaching safepoint: 174694 ns, At safepoint: 22041 ns, Total: 196735 ns
[2020-09-11T15:25:30.078+0000][1][safepoint    ] Safepoint "Cleanup", Time since last: 1000192628 ns, Reaching safepoint: 105185 ns, At safepoint: 7225 ns, Total: 112410 ns
[2020-09-11T15:25:31.083+0000][1][safepoint    ] Safepoint "Cleanup", Time since last: 1000092132 ns, Reaching safepoint: 4614325 ns, At safepoint: 16360 ns, Total: 4630685 ns
[2020-09-11T15:25:32.084+0000][1][safepoint    ] Safepoint "Cleanup", Time since last: 1000186181 ns, Reaching safepoint: 216877 ns, At safepoint: 15659 ns, Total: 232536 ns
[2020-09-11T15:25:33.084+0000][1][safepoint    ] Safepoint "Cleanup", Time since last: 1000206605 ns, Reaching safepoint: 183497 ns, At safepoint: 16899 ns, Total: 200396 ns
[2020-09-11T15:25:34.084+0000][1][safepoint    ] Safepoint "Cleanup", Time since last: 1000222637 ns, Reaching safepoint: 95328 ns, At safepoint: 7164 ns, Total: 102492 ns
[2020-09-11T15:25:35.085+0000][1][safepoint    ] Safepoint "Cleanup", Time since last: 1000178794 ns, Reaching safepoint: 130031 ns, At safepoint: 7359 ns, Total: 137390 ns
[2020-09-11T15:25:36.085+0000][1][safepoint    ] Safepoint "Cleanup", Time since last: 1000184686 ns, Reaching safepoint: 109569 ns, At safepoint: 14167 ns, Total: 123736 ns
[2020-09-11T15:25:36.936+0000][1][safepoint    ] Safepoint "RevokeBias", Time since last: 851074274 ns, Reaching safepoint: 219150 ns, At safepoint: 47592 ns, Total: 266742 ns
[2020-09-11T15:25:36.937+0000][1][safepoint    ] Safepoint "RevokeBias", Time since last: 83272 ns, Reaching safepoint: 154495 ns, At safepoint: 14914 ns, Total: 169409 ns
[2020-09-11T15:25:37.017+0000][1][gc,start     ] GC(203) Pause Young (Allocation Failure)
[2020-09-11T15:25:37.017+0000][1][gc,task      ] GC(203) Using 1 workers of 1 for evacuation
[2020-09-11T15:25:37.037+0000][1][gc,age       ] GC(203) Desired survivor size 4358144 bytes, new threshold 1 (max threshold 6)
[2020-09-11T15:25:37.037+0000][1][gc,age       ] GC(203) Age table with threshold 1 (max threshold 6)
[2020-09-11T15:25:37.037+0000][1][gc,age       ] GC(203) - age   1:    5584272 bytes,    5584272 total
[2020-09-11T15:25:37.037+0000][1][gc,heap      ] GC(203) ParNew: 76667K->6465K(76672K)
[2020-09-11T15:25:37.037+0000][1][gc,heap      ] GC(203) CMS: 138839K->139623K(2011968K)
[2020-09-11T15:25:37.037+0000][1][gc,metaspace ] GC(203) Metaspace: 98797K->98797K(1140736K)
[2020-09-11T15:25:37.037+0000][1][gc           ] GC(203) Pause Young (Allocation Failure) 210M->142M(2039M) 19.507ms
[2020-09-11T15:25:37.037+0000][1][gc,cpu       ] GC(203) User=0.02s Sys=0.00s Real=0.02s
[2020-09-11T15:25:37.039+0000][1][safepoint    ] Safepoint "GenCollectForAllocation", Time since last: 80661671 ns, Reaching safepoint: 193075 ns, At safepoint: 21877985 ns, Total: 22071060 ns
[2020-09-11T15:25:37.110+0000][1][safepoint    ] Safepoint "RevokeBias", Time since last: 70978526 ns, Reaching safepoint: 152148 ns, At safepoint: 22241 ns, Total: 174389 ns
[2020-09-11T15:25:37.111+0000][1][safepoint    ] Safepoint "RevokeBias", Time since last: 217569 ns, Reaching safepoint: 99678 ns, At safepoint: 12853 ns, Total: 112531 ns
[2020-09-11T15:25:37.111+0000][1][safepoint    ] Safepoint "RevokeBias", Time since last: 84313 ns, Reaching safepoint: 104711 ns, At safepoint: 12656 ns, Total: 117367 ns
[2020-09-11T15:25:37.111+0000][1][safepoint    ] Safepoint "RevokeBias", Time since last: 44426 ns, Reaching safepoint: 112275 ns, At safepoint: 12957 ns, Total: 125232 ns
[2020-09-11T15:25:37.120+0000][1][safepoint    ] Safepoint "RevokeBias", Time since last: 8934124 ns, Reaching safepoint: 151486 ns, At safepoint: 21702 ns, Total: 173188 ns
[2020-09-11T15:25:37.155+0000][1][safepoint    ] Safepoint "RevokeBias", Time since last: 34220811 ns, Reaching safepoint: 545818 ns, At safepoint: 23063 ns, Total: 568881 ns
[2020-09-11T15:25:38.135+0000][1][gc,start     ] GC(204) Pause Young (Allocation Failure)
[2020-09-11T15:25:38.136+0000][1][gc,task      ] GC(204) Using 1 workers of 1 for evacuation
[2020-09-11T15:25:38.152+0000][1][gc,age       ] GC(204) Desired survivor size 4358144 bytes, new threshold 1 (max threshold 6)
[2020-09-11T15:25:38.152+0000][1][gc,age       ] GC(204) Age table with threshold 1 (max threshold 6)
[2020-09-11T15:25:38.152+0000][1][gc,age       ] GC(204) - age   1:    7730312 bytes,    7730312 total
[2020-09-11T15:25:38.152+0000][1][gc,heap      ] GC(204) ParNew: 74251K->8512K(76672K)
[2020-09-11T15:25:38.152+0000][1][gc,heap      ] GC(204) CMS: 139623K->140246K(2011968K)
[2020-09-11T15:25:38.152+0000][1][gc,metaspace ] GC(204) Metaspace: 98803K->98803K(1140736K)
[2020-09-11T15:25:38.152+0000][1][gc           ] GC(204) Pause Young (Allocation Failure) 208M->145M(2039M) 16.421ms
[2020-09-11T15:25:38.152+0000][1][gc,cpu       ] GC(204) User=0.02s Sys=0.00s Real=0.01s
[2020-09-11T15:25:38.152+0000][1][safepoint    ] Safepoint "GenCollectForAllocation", Time since last: 980254146 ns, Reaching safepoint: 180766 ns, At safepoint: 16653226 ns, Total: 16833992 ns
[2020-09-11T15:25:38.159+0000][1][safepoint    ] Safepoint "RevokeBias", Time since last: 6575844 ns, Reaching safepoint: 71143 ns, At safepoint: 30489 ns, Total: 101632 ns
[2020-09-11T15:25:38.160+0000][1][safepoint    ] Safepoint "RevokeBias", Time since last: 682152 ns, Reaching safepoint: 146992 ns, At safepoint: 21696 ns, Total: 168688 ns
[2020-09-11T15:25:38.160+0000][1][safepoint    ] Safepoint "RevokeBias", Time since last: 132653 ns, Reaching safepoint: 161854 ns, At safepoint: 20930 ns, Total: 182784 ns
[2020-09-11T15:25:38.160+0000][1][safepoint    ] Safepoint "RevokeBias", Time since last: 50052 ns, Reaching safepoint: 151853 ns, At safepoint: 20058 ns, Total: 171911 ns
[2020-09-11T15:25:38.164+0000][1][safepoint    ] Safepoint "RevokeBias", Time since last: 3587468 ns, Reaching safepoint: 179623 ns, At safepoint: 21305 ns, Total: 200928 ns
[2020-09-11T15:25:39.164+0000][1][safepoint    ] Safepoint "Cleanup", Time since last: 1000193934 ns, Reaching safepoint: 102239 ns, At safepoint: 8565 ns, Total: 110804 ns
[2020-09-11T15:25:40.165+0000][1][safepoint    ] Safepoint "Cleanup", Time since last: 1000189737 ns, Reaching safepoint: 139684 ns, At safepoint: 18378 ns, Total: 158062 ns
[2020-09-11T15:25:41.165+0000][1][safepoint    ] Safepoint "Cleanup", Time since last: 1000191002 ns, Reaching safepoint: 105750 ns, At safepoint: 8928 ns, Total: 114678 ns
[2020-09-11T15:25:41.428+0000][1][safepoint    ] Safepoint "RevokeBias", Time since last: 262876751 ns, Reaching safepoint: 220374 ns, At safepoint: 22829 ns, Total: 243203 ns
[2020-09-11T15:25:42.428+0000][1][safepoint    ] Safepoint "Cleanup", Time since last: 1000178314 ns, Reaching safepoint: 179382 ns, At safepoint: 22932 ns, Total: 202314 ns
[2020-09-11T15:25:43.430+0000][1][safepoint    ] Safepoint "Cleanup", Time since last: 1001549327 ns, Reaching safepoint: 120385 ns, At safepoint: 10771 ns, Total: 131156 ns
[2020-09-11T15:25:44.430+0000][1][safepoint    ] Safepoint "Cleanup", Time since last: 1000210718 ns, Reaching safepoint: 103495 ns, At safepoint: 9856 ns, Total: 113351 ns
[2020-09-11T15:25:45.432+0000][1][safepoint    ] Safepoint "Cleanup", Time since last: 1001154362 ns, Reaching safepoint: 230778 ns, At safepoint: 20993 ns, Total: 251771 ns
[2020-09-11T15:25:46.432+0000][1][safepoint    ] Safepoint "Cleanup", Time since last: 1000154436 ns, Reaching safepoint: 121563 ns, At safepoint: 13135 ns, Total: 134698 ns
[2020-09-11T15:25:47.173+0000][1][gc,start     ] GC(205) Pause Young (Allocation Failure)
[2020-09-11T15:25:47.173+0000][1][gc,task      ] GC(205) Using 1 workers of 1 for evacuation
[2020-09-11T15:25:47.219+0000][1][gc,age       ] GC(205) Desired survivor size 4358144 bytes, new threshold 1 (max threshold 6)
[2020-09-11T15:25:47.219+0000][1][gc,age       ] GC(205) Age table with threshold 1 (max threshold 6)
[2020-09-11T15:25:47.219+0000][1][gc,age       ] GC(205) - age   1:    5485728 bytes,    5485728 total
[2020-09-11T15:25:47.219+0000][1][gc,heap      ] GC(205) ParNew: 76672K->7088K(76672K)
[2020-09-11T15:25:47.219+0000][1][gc,heap      ] GC(205) CMS: 140246K->140650K(2011968K)
[2020-09-11T15:25:47.219+0000][1][gc,metaspace ] GC(205) Metaspace: 98826K->98826K(1140736K)
[2020-09-11T15:25:47.219+0000][1][gc           ] GC(205) Pause Young (Allocation Failure) 211M->144M(2039M) 45.799ms
[2020-09-11T15:25:47.219+0000][1][gc,cpu       ] GC(205) User=0.03s Sys=0.00s Real=0.05s
[2020-09-11T15:25:47.227+0000][1][safepoint    ] Safepoint "GenCollectForAllocation", Time since last: 740794942 ns, Reaching safepoint: 164881 ns, At safepoint: 53757010 ns, Total: 53921891 ns
[2020-09-11T15:25:47.227+0000][1][safepoint    ] Safepoint "RevokeBias", Time since last: 45988 ns, Reaching safepoint: 87233 ns, At safepoint: 18395 ns, Total: 105628 ns
[2020-09-11T15:25:47.231+0000][1][safepoint    ] Safepoint "RevokeBias", Time since last: 3612505 ns, Reaching safepoint: 142851 ns, At safepoint: 21656 ns, Total: 164507 ns
[2020-09-11T15:25:47.236+0000][1][safepoint    ] Safepoint "RevokeBias", Time since last: 5243162 ns, Reaching safepoint: 74080 ns, At safepoint: 19692 ns, Total: 93772 ns
[2020-09-11T15:25:47.236+0000][1][safepoint    ] Safepoint "RevokeBias", Time since last: 61160 ns, Reaching safepoint: 29347 ns, At safepoint: 11738 ns, Total: 41085 ns
[2020-09-11T15:25:47.249+0000][1][safepoint    ] Safepoint "BulkRevokeBias", Time since last: 12366322 ns, Reaching safepoint: 136982 ns, At safepoint: 227339 ns, Total: 364321 ns
[2020-09-11T15:25:48.249+0000][1][safepoint    ] Safepoint "Cleanup", Time since last: 1000167170 ns, Reaching safepoint: 170110 ns, At safepoint: 19451 ns, Total: 189561 ns
[2020-09-11T15:25:48.277+0000][1][gc,start     ] GC(206) Pause Young (Allocation Failure)
[2020-09-11T15:25:48.277+0000][1][gc,task      ] GC(206) Using 1 workers of 1 for evacuation
[2020-09-11T15:25:48.294+0000][1][gc,age       ] GC(206) Desired survivor size 4358144 bytes, new threshold 1 (max threshold 6)
[2020-09-11T15:25:48.294+0000][1][gc,age       ] GC(206) Age table with threshold 1 (max threshold 6)
[2020-09-11T15:25:48.294+0000][1][gc,age       ] GC(206) - age   1:    6604024 bytes,    6604024 total
[2020-09-11T15:25:48.294+0000][1][gc,heap      ] GC(206) ParNew: 75248K->8512K(76672K)
[2020-09-11T15:25:48.294+0000][1][gc,heap      ] GC(206) CMS: 140650K->141270K(2011968K)
[2020-09-11T15:25:48.294+0000][1][gc,metaspace ] GC(206) Metaspace: 98835K->98835K(1140736K)
[2020-09-11T15:25:48.294+0000][1][gc           ] GC(206) Pause Young (Allocation Failure) 210M->146M(2039M) 16.729ms
[2020-09-11T15:25:48.294+0000][1][gc,cpu       ] GC(206) User=0.02s Sys=0.00s Real=0.01s
[2020-09-11T15:25:48.294+0000][1][safepoint    ] Safepoint "GenCollectForAllocation", Time since last: 27572307 ns, Reaching safepoint: 195651 ns, At safepoint: 16806121 ns, Total: 17001772 ns
[2020-09-11T15:25:48.297+0000][1][safepoint    ] Safepoint "RevokeBias", Time since last: 2665569 ns, Reaching safepoint: 145901 ns, At safepoint: 35651 ns, Total: 181552 ns
[2020-09-11T15:25:48.297+0000][1][safepoint    ] Safepoint "RevokeBias", Time since last: 653331 ns, Reaching safepoint: 29346 ns, At safepoint: 20493 ns, Total: 49839 ns
[2020-09-11T15:25:48.298+0000][1][safepoint    ] Safepoint "RevokeBias", Time since last: 78319 ns, Reaching safepoint: 33620 ns, At safepoint: 18997 ns, Total: 52617 ns
[2020-09-11T15:25:48.298+0000][1][safepoint    ] Safepoint "RevokeBias", Time since last: 36153 ns, Reaching safepoint: 28073 ns, At safepoint: 17827 ns, Total: 45900 ns
[2020-09-11T15:25:48.310+0000][1][safepoint    ] Safepoint "RevokeBias", Time since last: 11920789 ns, Reaching safepoint: 183969 ns, At safepoint: 21862 ns, Total: 205831 ns
[2020-09-11T15:25:49.310+0000][1][safepoint    ] Safepoint "Cleanup", Time since last: 1000178871 ns, Reaching safepoint: 156429 ns, At safepoint: 19896 ns, Total: 176325 ns
[2020-09-11T15:25:50.310+0000][1][safepoint    ] Safepoint "Cleanup", Time since last: 1000207707 ns, Reaching safepoint: 102854 ns, At safepoint: 7233 ns, Total: 110087 ns
[2020-09-11T15:25:51.311+0000][1][safepoint    ] Safepoint "Cleanup", Time since last: 1000197214 ns, Reaching safepoint: 99411 ns, At safepoint: 7844 ns, Total: 107255 ns
[2020-09-11T15:25:52.311+0000][1][safepoint    ] Safepoint "Cleanup", Time since last: 1000201349 ns, Reaching safepoint: 176037 ns, At safepoint: 19779 ns, Total: 195816 ns
[2020-09-11T15:25:53.311+0000][1][safepoint    ] Safepoint "Cleanup", Time since last: 1000226147 ns, Reaching safepoint: 114145 ns, At safepoint: 6964 ns, Total: 121109 ns
[2020-09-11T15:25:54.312+0000][1][safepoint    ] Safepoint "Cleanup", Time since last: 1000145038 ns, Reaching safepoint: 120903 ns, At safepoint: 7887 ns, Total: 128790 ns
[2020-09-11T15:25:55.312+0000][1][safepoint    ] Safepoint "Cleanup", Time since last: 1000196746 ns, Reaching safepoint: 99293 ns, At safepoint: 7424 ns, Total: 106717 ns
[2020-09-11T15:25:56.312+0000][1][safepoint    ] Safepoint "Cleanup", Time since last: 1000151621 ns, Reaching safepoint: 148564 ns, At safepoint: 19097 ns, Total: 167661 ns
[2020-09-11T15:25:56.947+0000][1][safepoint    ] Safepoint "RevokeBias", Time since last: 634804961 ns, Reaching safepoint: 202872 ns, At safepoint: 30802 ns, Total: 233674 ns
[2020-09-11T15:25:56.948+0000][1][safepoint    ] Safepoint "RevokeBias", Time since last: 93849 ns, Reaching safepoint: 156539 ns, At safepoint: 12697 ns, Total: 169236 ns
[2020-09-11T15:25:57.336+0000][1][gc,start     ] GC(207) Pause Young (Allocation Failure)
[2020-09-11T15:25:57.336+0000][1][gc,task      ] GC(207) Using 1 workers of 1 for evacuation
[2020-09-11T15:25:57.372+0000][1][gc,age       ] GC(207) Desired survivor size 4358144 bytes, new threshold 1 (max threshold 6)
[2020-09-11T15:25:57.372+0000][1][gc,age       ] GC(207) Age table with threshold 1 (max threshold 6)
[2020-09-11T15:25:57.372+0000][1][gc,age       ] GC(207) - age   1:    4422696 bytes,    4422696 total
[2020-09-11T15:25:57.372+0000][1][gc,heap      ] GC(207) ParNew: 76672K->6284K(76672K)
[2020-09-11T15:25:57.372+0000][1][gc,heap      ] GC(207) CMS: 141270K->141733K(2011968K)
[2020-09-11T15:25:57.372+0000][1][gc,metaspace ] GC(207) Metaspace: 98851K->98851K(1140736K)
[2020-09-11T15:25:57.372+0000][1][gc           ] GC(207) Pause Young (Allocation Failure) 212M->144M(2039M) 36.701ms
[2020-09-11T15:25:57.372+0000][1][gc,cpu       ] GC(207) User=0.02s Sys=0.00s Real=0.03s
[2020-09-11T15:25:57.387+0000][1][safepoint    ] Safepoint "GenCollectForAllocation", Time since last: 384470534 ns, Reaching safepoint: 3387345 ns, At safepoint: 51933033 ns, Total: 55320378 ns
[2020-09-11T15:25:57.392+0000][1][safepoint    ] Safepoint "RevokeBias", Time since last: 2822304 ns, Reaching safepoint: 1235205 ns, At safepoint: 173479 ns, Total: 1408684 ns
[2020-09-11T15:25:57.393+0000][1][safepoint    ] Safepoint "RevokeBias", Time since last: 209583 ns, Reaching safepoint: 897506 ns, At safepoint: 133120 ns, Total: 1030626 ns
[2020-09-11T15:25:57.395+0000][1][safepoint    ] Safepoint "RevokeBias", Time since last: 92199 ns, Reaching safepoint: 2151377 ns, At safepoint: 148399 ns, Total: 2299776 ns
[2020-09-11T15:25:57.396+0000][1][safepoint    ] Safepoint "RevokeBias", Time since last: 68786 ns, Reaching safepoint: 139793 ns, At safepoint: 126335 ns, Total: 266128 ns
[2020-09-11T15:25:57.407+0000][1][safepoint    ] Safepoint "RevokeBias", Time since last: 11181380 ns, Reaching safepoint: 185392 ns, At safepoint: 154152 ns, Total: 339544 ns
[2020-09-11T15:25:57.437+0000][1][safepoint    ] Safepoint "RevokeBias", Time since last: 29236513 ns, Reaching safepoint: 144626 ns, At safepoint: 20620 ns, Total: 165246 ns
[2020-09-11T15:25:57.438+0000][1][safepoint    ] Safepoint "RevokeBias", Time since last: 1609880 ns, Reaching safepoint: 147492 ns, At safepoint: 20546 ns, Total: 168038 ns
[2020-09-11T15:25:57.439+0000][1][safepoint    ] Safepoint "RevokeBias", Time since last: 319842 ns, Reaching safepoint: 116244 ns, At safepoint: 13987 ns, Total: 130231 ns
[2020-09-11T15:25:57.444+0000][1][safepoint    ] Safepoint "RevokeBias", Time since last: 4632784 ns, Reaching safepoint: 147805 ns, At safepoint: 8663 ns, Total: 156468 ns
[2020-09-11T15:25:57.528+0000][1][gc,start     ] GC(208) Pause Young (Allocation Failure)
[2020-09-11T15:25:57.528+0000][1][gc,task      ] GC(208) Using 1 workers of 1 for evacuation
[2020-09-11T15:25:57.548+0000][1][gc,age       ] GC(208) Desired survivor size 4358144 bytes, new threshold 1 (max threshold 6)
[2020-09-11T15:25:57.548+0000][1][gc,age       ] GC(208) Age table with threshold 1 (max threshold 6)
[2020-09-11T15:25:57.548+0000][1][gc,age       ] GC(208) - age   1:    8679080 bytes,    8679080 total
[2020-09-11T15:25:57.548+0000][1][gc,heap      ] GC(208) ParNew: 74436K->8512K(76672K)
[2020-09-11T15:25:57.548+0000][1][gc,heap      ] GC(208) CMS: 141733K->144188K(2011968K)
[2020-09-11T15:25:57.548+0000][1][gc,metaspace ] GC(208) Metaspace: 98867K->98867K(1140736K)
[2020-09-11T15:25:57.548+0000][1][gc           ] GC(208) Pause Young (Allocation Failure) 211M->149M(2039M) 19.836ms
[2020-09-11T15:25:57.548+0000][1][gc,cpu       ] GC(208) User=0.02s Sys=0.00s Real=0.02s
[2020-09-11T15:25:57.551+0000][1][safepoint    ] Safepoint "GenCollectForAllocation", Time since last: 83847964 ns, Reaching safepoint: 889787 ns, At safepoint: 23107753 ns, Total: 23997540 ns
[2020-09-11T15:25:57.581+0000][1][safepoint    ] Safepoint "RevokeBias", Time since last: 29144027 ns, Reaching safepoint: 152806 ns, At safepoint: 19669 ns, Total: 172475 ns
[2020-09-11T15:25:57.581+0000][1][safepoint    ] Safepoint "RevokeBias", Time since last: 76715 ns, Reaching safepoint: 99130 ns, At safepoint: 12715 ns, Total: 111845 ns
[2020-09-11T15:25:57.581+0000][1][safepoint    ] Safepoint "RevokeBias", Time since last: 55315 ns, Reaching safepoint: 97836 ns, At safepoint: 11330 ns, Total: 109166 ns
[2020-09-11T15:25:58.460+0000][1][gc,start     ] GC(209) Pause Young (Allocation Failure)
[2020-09-11T15:25:58.460+0000][1][gc,task      ] GC(209) Using 1 workers of 1 for evacuation
[2020-09-11T15:25:58.486+0000][1][gc,age       ] GC(209) Desired survivor size 4358144 bytes, new threshold 6 (max threshold 6)
[2020-09-11T15:25:58.486+0000][1][gc,age       ] GC(209) Age table with threshold 6 (max threshold 6)
[2020-09-11T15:25:58.486+0000][1][gc,age       ] GC(209) - age   1:     261144 bytes,     261144 total
[2020-09-11T15:25:58.486+0000][1][gc,heap      ] GC(209) ParNew: 76565K->7559K(76672K)
[2020-09-11T15:25:58.486+0000][1][gc,heap      ] GC(209) CMS: 144188K->148996K(2011968K)
[2020-09-11T15:25:58.486+0000][1][gc,metaspace ] GC(209) Metaspace: 98875K->98875K(1140736K)
[2020-09-11T15:25:58.486+0000][1][gc           ] GC(209) Pause Young (Allocation Failure) 215M->152M(2039M) 26.766ms
[2020-09-11T15:25:58.486+0000][1][gc,cpu       ] GC(209) User=0.03s Sys=0.00s Real=0.03s
[2020-09-11T15:25:58.492+0000][1][safepoint    ] Safepoint "GenCollectForAllocation", Time since last: 878332987 ns, Reaching safepoint: 150180 ns, At safepoint: 31977809 ns, Total: 32127989 ns
[2020-09-11T15:25:58.494+0000][1][safepoint    ] Safepoint "RevokeBias", Time since last: 2416411 ns, Reaching safepoint: 74651 ns, At safepoint: 32524 ns, Total: 107175 ns
[2020-09-11T15:25:58.495+0000][1][safepoint    ] Safepoint "RevokeBias", Time since last: 691284 ns, Reaching safepoint: 38656 ns, At safepoint: 22341 ns, Total: 60997 ns
[2020-09-11T15:25:58.495+0000][1][safepoint    ] Safepoint "RevokeBias", Time since last: 78973 ns, Reaching safepoint: 34404 ns, At safepoint: 20069 ns, Total: 54473 ns
[2020-09-11T15:25:58.495+0000][1][safepoint    ] Safepoint "RevokeBias", Time since last: 37426 ns, Reaching safepoint: 28669 ns, At safepoint: 18305 ns, Total: 46974 ns
[2020-09-11T15:25:58.501+0000][1][safepoint    ] Safepoint "RevokeBias", Time since last: 5562244 ns, Reaching safepoint: 182138 ns, At safepoint: 22933 ns, Total: 205071 ns
[2020-09-11T15:25:58.503+0000][1][safepoint    ] Safepoint "RevokeBias", Time since last: 1985949 ns, Reaching safepoint: 128453 ns, At safepoint: 8758 ns, Total: 137211 ns
[2020-09-11T15:25:58.511+0000][1][safepoint    ] Safepoint "RevokeBias", Time since last: 7630534 ns, Reaching safepoint: 145709 ns, At safepoint: 10203 ns, Total: 155912 ns
[2020-09-11T15:25:58.520+0000][1][safepoint    ] Safepoint "RevokeBias", Time since last: 8698265 ns, Reaching safepoint: 156392 ns, At safepoint: 9977 ns, Total: 166369 ns
[2020-09-11T15:25:58.522+0000][1][safepoint    ] Safepoint "RevokeBias", Time since last: 2243277 ns, Reaching safepoint: 144541 ns, At safepoint: 20899 ns, Total: 165440 ns
[2020-09-11T15:25:58.646+0000][1][safepoint    ] Safepoint "RevokeBias", Time since last: 124213845 ns, Reaching safepoint: 182078 ns, At safepoint: 24163 ns, Total: 206241 ns
[2020-09-11T15:25:59.647+0000][1][safepoint    ] Safepoint "Cleanup", Time since last: 1000614338 ns, Reaching safepoint: 218280 ns, At safepoint: 19793 ns, Total: 238073 ns
[2020-09-11T15:26:00.648+0000][1][safepoint    ] Safepoint "Cleanup", Time since last: 1000247629 ns, Reaching safepoint: 94737 ns, At safepoint: 7768 ns, Total: 102505 ns
[2020-09-11T15:26:01.648+0000][1][safepoint    ] Safepoint "Cleanup", Time since last: 1000195500 ns, Reaching safepoint: 103165 ns, At safepoint: 8641 ns, Total: 111806 ns
[2020-09-11T15:26:02.084+0000][1][safepoint    ] Safepoint "RevokeBias", Time since last: 434191444 ns, Reaching safepoint: 1436370 ns, At safepoint: 13607 ns, Total: 1449977 ns
[2020-09-11T15:26:02.086+0000][1][safepoint    ] Safepoint "RevokeBias", Time since last: 539610 ns, Reaching safepoint: 1646875 ns, At safepoint: 29224 ns, Total: 1676099 ns
[2020-09-11T15:26:03.086+0000][1][safepoint    ] Safepoint "Cleanup", Time since last: 1000076598 ns, Reaching safepoint: 96923 ns, At safepoint: 8703 ns, Total: 105626 ns
[2020-09-11T15:26:04.086+0000][1][safepoint    ] Safepoint "Cleanup", Time since last: 1000199555 ns, Reaching safepoint: 105038 ns, At safepoint: 8361 ns, Total: 113399 ns
[2020-09-11T15:26:05.087+0000][1][safepoint    ] Safepoint "Cleanup", Time since last: 1000189134 ns, Reaching safepoint: 101481 ns, At safepoint: 9009 ns, Total: 110490 ns
[2020-09-11T15:26:06.087+0000][1][safepoint    ] Safepoint "Cleanup", Time since last: 1000151317 ns, Reaching safepoint: 186033 ns, At safepoint: 19775 ns, Total: 205808 ns
[2020-09-11T15:26:06.940+0000][1][safepoint    ] Safepoint "RevokeBias", Time since last: 853247034 ns, Reaching safepoint: 228997 ns, At safepoint: 22648 ns, Total: 251645 ns
[2020-09-11T15:26:07.295+0000][1][gc,start     ] GC(210) Pause Young (Allocation Failure)
[2020-09-11T15:26:07.295+0000][1][gc,task      ] GC(210) Using 1 workers of 1 for evacuation
[2020-09-11T15:26:07.328+0000][1][gc,age       ] GC(210) Desired survivor size 4358144 bytes, new threshold 1 (max threshold 6)
[2020-09-11T15:26:07.328+0000][1][gc,age       ] GC(210) Age table with threshold 1 (max threshold 6)
[2020-09-11T15:26:07.328+0000][1][gc,age       ] GC(210) - age   1:    5513184 bytes,    5513184 total
[2020-09-11T15:26:07.328+0000][1][gc,age       ] GC(210) - age   2:     208288 bytes,    5721472 total
[2020-09-11T15:26:07.328+0000][1][gc,heap      ] GC(210) ParNew: 75719K->5812K(76672K)
[2020-09-11T15:26:07.328+0000][1][gc,heap      ] GC(210) CMS: 148996K->148996K(2011968K)
[2020-09-11T15:26:07.328+0000][1][gc,metaspace ] GC(210) Metaspace: 98887K->98887K(1140736K)
[2020-09-11T15:26:07.328+0000][1][gc           ] GC(210) Pause Young (Allocation Failure) 219M->151M(2039M) 33.176ms
[2020-09-11T15:26:07.328+0000][1][gc,cpu       ] GC(210) User=0.02s Sys=0.00s Real=0.04s
[2020-09-11T15:26:07.339+0000][1][safepoint    ] Safepoint "GenCollectForAllocation", Time since last: 354117153 ns, Reaching safepoint: 164995 ns, At safepoint: 44739128 ns, Total: 44904123 ns
[2020-09-11T15:26:07.544+0000][1][gc,start     ] GC(211) Pause Young (Allocation Failure)
[2020-09-11T15:26:07.545+0000][1][gc,task      ] GC(211) Using 1 workers of 1 for evacuation
[2020-09-11T15:26:07.562+0000][1][gc,age       ] GC(211) Desired survivor size 4358144 bytes, new threshold 1 (max threshold 6)
[2020-09-11T15:26:07.562+0000][1][gc,age       ] GC(211) Age table with threshold 1 (max threshold 6)
[2020-09-11T15:26:07.562+0000][1][gc,age       ] GC(211) - age   1:    6398456 bytes,    6398456 total
[2020-09-11T15:26:07.562+0000][1][gc,heap      ] GC(211) ParNew: 73712K->8512K(76672K)
[2020-09-11T15:26:07.562+0000][1][gc,heap      ] GC(211) CMS: 148996K->149888K(2011968K)
[2020-09-11T15:26:07.562+0000][1][gc,metaspace ] GC(211) Metaspace: 98887K->98887K(1140736K)
[2020-09-11T15:26:07.562+0000][1][gc           ] GC(211) Pause Young (Allocation Failure) 217M->154M(2039M) 18.012ms
[2020-09-11T15:26:07.562+0000][1][gc,cpu       ] GC(211) User=0.01s Sys=0.00s Real=0.01s
[2020-09-11T15:26:07.567+0000][1][safepoint    ] Safepoint "GenCollectForAllocation", Time since last: 204809543 ns, Reaching safepoint: 170108 ns, At safepoint: 22976443 ns, Total: 23146551 ns
[2020-09-11T15:26:07.570+0000][1][safepoint    ] Safepoint "RevokeBias", Time since last: 2696131 ns, Reaching safepoint: 72518 ns, At safepoint: 38216 ns, Total: 110734 ns
[2020-09-11T15:26:07.571+0000][1][safepoint    ] Safepoint "BulkRevokeBias", Time since last: 652220 ns, Reaching safepoint: 30330 ns, At safepoint: 238062 ns, Total: 268392 ns
[2020-09-11T15:26:07.572+0000][1][safepoint    ] Safepoint "RevokeBias", Time since last: 1232677 ns, Reaching safepoint: 42136 ns, At safepoint: 29886 ns, Total: 72022 ns
[2020-09-11T15:26:07.573+0000][1][safepoint    ] Safepoint "BulkRevokeBias", Time since last: 41931 ns, Reaching safepoint: 29377 ns, At safepoint: 212108 ns, Total: 241485 ns
[2020-09-11T15:26:07.580+0000][1][safepoint    ] Safepoint "RevokeBias", Time since last: 7545035 ns, Reaching safepoint: 185785 ns, At safepoint: 22639 ns, Total: 208424 ns
[2020-09-11T15:26:07.584+0000][1][safepoint    ] Safepoint "RevokeBias", Time since last: 2942387 ns, Reaching safepoint: 171854 ns, At safepoint: 20984 ns, Total: 192838 ns
[2020-09-11T15:26:08.584+0000][1][safepoint    ] Safepoint "Cleanup", Time since last: 1000144973 ns, Reaching safepoint: 118522 ns, At safepoint: 10992 ns, Total: 129514 ns
[2020-09-11T15:26:09.584+0000][1][safepoint    ] Safepoint "Cleanup", Time since last: 1000178733 ns, Reaching safepoint: 104341 ns, At safepoint: 7084 ns, Total: 111425 ns
[2020-09-11T15:26:10.584+0000][1][safepoint    ] Safepoint "Cleanup", Time since last: 1000177619 ns, Reaching safepoint: 108502 ns, At safepoint: 7878 ns, Total: 116380 ns
[2020-09-11T15:26:11.585+0000][1][safepoint    ] Safepoint "Cleanup", Time since last: 1000203780 ns, Reaching safepoint: 103700 ns, At safepoint: 7082 ns, Total: 110782 ns
[2020-09-11T15:26:12.479+0000][1][safepoint    ] Safepoint "RevokeBias", Time since last: 893951021 ns, Reaching safepoint: 275033 ns, At safepoint: 23465 ns, Total: 298498 ns
[2020-09-11T15:26:13.494+0000][1][safepoint    ] Safepoint "Cleanup", Time since last: 1014852940 ns, Reaching safepoint: 118480 ns, At safepoint: 8962 ns, Total: 127442 ns
[2020-09-11T15:26:14.494+0000][1][safepoint    ] Safepoint "Cleanup", Time since last: 1000185797 ns, Reaching safepoint: 158233 ns, At safepoint: 19324 ns, Total: 177557 ns
[2020-09-11T15:26:15.495+0000][1][safepoint    ] Safepoint "Cleanup", Time since last: 1000230310 ns, Reaching safepoint: 115907 ns, At safepoint: 8998 ns, Total: 124905 ns
[2020-09-11T15:26:16.495+0000][1][safepoint    ] Safepoint "Cleanup", Time since last: 1000150582 ns, Reaching safepoint: 164270 ns, At safepoint: 18887 ns, Total: 183157 ns
[2020-09-11T15:26:16.943+0000][1][safepoint    ] Safepoint "RevokeBias", Time since last: 447951250 ns, Reaching safepoint: 199768 ns, At safepoint: 24664 ns, Total: 224432 ns
[2020-09-11T15:26:17.153+0000][1][gc,start     ] GC(212) Pause Young (Allocation Failure)
[2020-09-11T15:26:17.153+0000][1][gc,task      ] GC(212) Using 1 workers of 1 for evacuation
[2020-09-11T15:26:17.174+0000][1][gc,age       ] GC(212) Desired survivor size 4358144 bytes, new threshold 1 (max threshold 6)
[2020-09-11T15:26:17.174+0000][1][gc,age       ] GC(212) Age table with threshold 1 (max threshold 6)
[2020-09-11T15:26:17.174+0000][1][gc,age       ] GC(212) - age   1:    5526376 bytes,    5526376 total
[2020-09-11T15:26:17.174+0000][1][gc,heap      ] GC(212) ParNew: 76672K->5855K(76672K)
[2020-09-11T15:26:17.174+0000][1][gc,heap      ] GC(212) CMS: 149888K->150113K(2011968K)
[2020-09-11T15:26:17.174+0000][1][gc,metaspace ] GC(212) Metaspace: 98902K->98902K(1140736K)
[2020-09-11T15:26:17.174+0000][1][gc           ] GC(212) Pause Young (Allocation Failure) 221M->152M(2039M) 21.454ms
[2020-09-11T15:26:17.174+0000][1][gc,cpu       ] GC(212) User=0.02s Sys=0.00s Real=0.02s
[2020-09-11T15:26:17.175+0000][1][safepoint    ] Safepoint "GenCollectForAllocation", Time since last: 209517051 ns, Reaching safepoint: 163701 ns, At safepoint: 21568404 ns, Total: 21732105 ns
[2020-09-11T15:26:17.613+0000][1][safepoint    ] Safepoint "RevokeBias", Time since last: 437890154 ns, Reaching safepoint: 203390 ns, At safepoint: 23952 ns, Total: 227342 ns
[2020-09-11T15:26:17.614+0000][1][safepoint    ] Safepoint "RevokeBias", Time since last: 739540 ns, Reaching safepoint: 180452 ns, At safepoint: 17063 ns, Total: 197515 ns
[2020-09-11T15:26:17.614+0000][1][safepoint    ] Safepoint "RevokeBias", Time since last: 101984 ns, Reaching safepoint: 170161 ns, At safepoint: 14022 ns, Total: 184183 ns
[2020-09-11T15:26:17.614+0000][1][safepoint    ] Safepoint "RevokeBias", Time since last: 48933 ns, Reaching safepoint: 160223 ns, At safepoint: 12812 ns, Total: 173035 ns
[2020-09-11T15:26:17.619+0000][1][safepoint    ] Safepoint "RevokeBias", Time since last: 4945003 ns, Reaching safepoint: 184914 ns, At safepoint: 20724 ns, Total: 205638 ns
[2020-09-11T15:26:22.851+0000][1][safepoint    ] Safepoint "RevokeBias", Time since last: 5231688231 ns, Reaching safepoint: 168139 ns, At safepoint: 23690 ns, Total: 191829 ns
[2020-09-11T15:26:22.920+0000][1][gc,start     ] GC(213) Pause Young (Allocation Failure)
[2020-09-11T15:26:22.920+0000][1][gc,task      ] GC(213) Using 1 workers of 1 for evacuation
[2020-09-11T15:26:22.953+0000][1][gc,age       ] GC(213) Desired survivor size 4358144 bytes, new threshold 6 (max threshold 6)
[2020-09-11T15:26:22.953+0000][1][gc,age       ] GC(213) Age table with threshold 6 (max threshold 6)
[2020-09-11T15:26:22.953+0000][1][gc,age       ] GC(213) - age   1:     693840 bytes,     693840 total
[2020-09-11T15:26:22.953+0000][1][gc,heap      ] GC(213) ParNew: 74015K->5511K(76672K)
[2020-09-11T15:26:22.953+0000][1][gc,heap      ] GC(213) CMS: 150113K->150760K(2011968K)
[2020-09-11T15:26:22.953+0000][1][gc,metaspace ] GC(213) Metaspace: 98914K->98914K(1140736K)
[2020-09-11T15:26:22.953+0000][1][gc           ] GC(213) Pause Young (Allocation Failure) 218M->152M(2039M) 33.568ms
[2020-09-11T15:26:22.953+0000][1][gc,cpu       ] GC(213) User=0.02s Sys=0.00s Real=0.03s
[2020-09-11T15:26:22.969+0000][1][safepoint    ] Safepoint "GenCollectForAllocation", Time since last: 64334803 ns, Reaching safepoint: 4199783 ns, At safepoint: 49388477 ns, Total: 53588260 ns
[2020-09-11T15:26:27.637+0000][1][gc,start     ] GC(214) Pause Young (Allocation Failure)
[2020-09-11T15:26:27.637+0000][1][gc,task      ] GC(214) Using 1 workers of 1 for evacuation
[2020-09-11T15:26:27.653+0000][1][gc,age       ] GC(214) Desired survivor size 4358144 bytes, new threshold 1 (max threshold 6)
[2020-09-11T15:26:27.653+0000][1][gc,age       ] GC(214) Age table with threshold 1 (max threshold 6)
[2020-09-11T15:26:27.653+0000][1][gc,age       ] GC(214) - age   1:    6432912 bytes,    6432912 total
[2020-09-11T15:26:27.653+0000][1][gc,age       ] GC(214) - age   2:     626376 bytes,    7059288 total
[2020-09-11T15:26:27.653+0000][1][gc,heap      ] GC(214) ParNew: 73671K->7524K(76672K)
[2020-09-11T15:26:27.653+0000][1][gc,heap      ] GC(214) CMS: 150760K->150760K(2011968K)
[2020-09-11T15:26:27.653+0000][1][gc,metaspace ] GC(214) Metaspace: 98932K->98932K(1140736K)
[2020-09-11T15:26:27.653+0000][1][gc           ] GC(214) Pause Young (Allocation Failure) 219M->154M(2039M) 16.466ms
[2020-09-11T15:26:27.653+0000][1][gc,cpu       ] GC(214) User=0.02s Sys=0.00s Real=0.01s
[2020-09-11T15:26:27.653+0000][1][safepoint    ] Safepoint "GenCollectForAllocation", Time since last: 4667665822 ns, Reaching safepoint: 186537 ns, At safepoint: 16533254 ns, Total: 16719791 ns
[2020-09-11T15:26:27.657+0000][1][safepoint    ] Safepoint "RevokeBias", Time since last: 3085102 ns, Reaching safepoint: 93140 ns, At safepoint: 38960 ns, Total: 132100 ns
[2020-09-11T15:26:27.660+0000][1][safepoint    ] Safepoint "RevokeBias", Time since last: 3712727 ns, Reaching safepoint: 62563 ns, At safepoint: 24798 ns, Total: 87361 ns
[2020-09-11T15:26:27.661+0000][1][safepoint    ] Safepoint "RevokeBias", Time since last: 111473 ns, Reaching safepoint: 48731 ns, At safepoint: 20604 ns, Total: 69335 ns
[2020-09-11T15:26:27.661+0000][1][safepoint    ] Safepoint "RevokeBias", Time since last: 39316 ns, Reaching safepoint: 28681 ns, At safepoint: 17775 ns, Total: 46456 ns
[2020-09-11T15:26:27.665+0000][1][safepoint    ] Safepoint "RevokeBias", Time since last: 4131905 ns, Reaching safepoint: 187583 ns, At safepoint: 22129 ns, Total: 209712 ns
[2020-09-11T15:26:33.208+0000][1][safepoint    ] Safepoint "RevokeBias", Time since last: 5542421469 ns, Reaching safepoint: 814058 ns, At safepoint: 25688 ns, Total: 839746 ns
[2020-09-11T15:26:34.209+0000][1][safepoint    ] Safepoint "Cleanup", Time since last: 1000187342 ns, Reaching safepoint: 166850 ns, At safepoint: 20139 ns, Total: 186989 ns
[2020-09-11T15:26:37.209+0000][1][safepoint    ] Safepoint "Cleanup", Time since last: 3000423539 ns, Reaching safepoint: 82770 ns, At safepoint: 7566 ns, Total: 90336 ns
[2020-09-11T15:26:37.390+0000][1][gc,start     ] GC(215) Pause Young (Allocation Failure)
[2020-09-11T15:26:37.391+0000][1][gc,task      ] GC(215) Using 1 workers of 1 for evacuation
[2020-09-11T15:26:37.425+0000][1][gc,age       ] GC(215) Desired survivor size 4358144 bytes, new threshold 1 (max threshold 6)
[2020-09-11T15:26:37.425+0000][1][gc,age       ] GC(215) Age table with threshold 1 (max threshold 6)
[2020-09-11T15:26:37.425+0000][1][gc,age       ] GC(215) - age   1:    6025784 bytes,    6025784 total
[2020-09-11T15:26:37.425+0000][1][gc,heap      ] GC(215) ParNew: 75684K->8512K(76672K)
[2020-09-11T15:26:37.425+0000][1][gc,heap      ] GC(215) CMS: 150760K->151422K(2011968K)
[2020-09-11T15:26:37.425+0000][1][gc,metaspace ] GC(215) Metaspace: 98955K->98955K(1140736K)
[2020-09-11T15:26:37.425+0000][1][gc           ] GC(215) Pause Young (Allocation Failure) 221M->156M(2039M) 34.841ms
[2020-09-11T15:26:37.425+0000][1][gc,cpu       ] GC(215) User=0.02s Sys=0.00s Real=0.04s
[2020-09-11T15:26:37.425+0000][1][safepoint    ] Safepoint "GenCollectForAllocation", Time since last: 180764284 ns, Reaching safepoint: 472823 ns, At safepoint: 34975679 ns, Total: 35448502 ns
[2020-09-11T15:26:37.691+0000][1][safepoint    ] Safepoint "RevokeBias", Time since last: 265637301 ns, Reaching safepoint: 196999 ns, At safepoint: 22970 ns, Total: 219969 ns
[2020-09-11T15:26:37.692+0000][1][safepoint    ] Safepoint "RevokeBias", Time since last: 776433 ns, Reaching safepoint: 153760 ns, At safepoint: 13282 ns, Total: 167042 ns
[2020-09-11T15:26:37.692+0000][1][safepoint    ] Safepoint "RevokeBias", Time since last: 86727 ns, Reaching safepoint: 160970 ns, At safepoint: 12048 ns, Total: 173018 ns
[2020-09-11T15:26:37.693+0000][1][safepoint    ] Safepoint "RevokeBias", Time since last: 45117 ns, Reaching safepoint: 154148 ns, At safepoint: 11386 ns, Total: 165534 ns
[2020-09-11T15:26:37.705+0000][1][safepoint    ] Safepoint "RevokeBias", Time since last: 11854925 ns, Reaching safepoint: 139856 ns, At safepoint: 20324 ns, Total: 160180 ns
[2020-09-11T15:26:41.705+0000][1][safepoint    ] Safepoint "Cleanup", Time since last: 4000572387 ns, Reaching safepoint: 119754 ns, At safepoint: 8779 ns, Total: 128533 ns
[2020-09-11T15:26:43.569+0000][1][safepoint    ] Safepoint "BulkRevokeBias", Time since last: 1862848330 ns, Reaching safepoint: 216155 ns, At safepoint: 442076 ns, Total: 658231 ns
[2020-09-11T15:26:43.620+0000][1][gc,start     ] GC(216) Pause Young (Allocation Failure)
[2020-09-11T15:26:43.620+0000][1][gc,task      ] GC(216) Using 1 workers of 1 for evacuation
[2020-09-11T15:26:43.650+0000][1][gc,age       ] GC(216) Desired survivor size 4358144 bytes, new threshold 6 (max threshold 6)
[2020-09-11T15:26:43.650+0000][1][gc,age       ] GC(216) Age table with threshold 6 (max threshold 6)
[2020-09-11T15:26:43.650+0000][1][gc,age       ] GC(216) - age   1:     838592 bytes,     838592 total
[2020-09-11T15:26:43.650+0000][1][gc,heap      ] GC(216) ParNew: 76672K->5800K(76672K)
[2020-09-11T15:26:43.650+0000][1][gc,heap      ] GC(216) CMS: 151422K->152204K(2011968K)
[2020-09-11T15:26:43.650+0000][1][gc,metaspace ] GC(216) Metaspace: 98958K->98958K(1140736K)
[2020-09-11T15:26:43.650+0000][1][gc           ] GC(216) Pause Young (Allocation Failure) 222M->154M(2039M) 30.621ms
[2020-09-11T15:26:43.650+0000][1][gc,cpu       ] GC(216) User=0.02s Sys=0.00s Real=0.03s
[2020-09-11T15:26:43.656+0000][1][safepoint    ] Safepoint "GenCollectForAllocation", Time since last: 49380253 ns, Reaching safepoint: 1282603 ns, At safepoint: 36528574 ns, Total: 37811177 ns
[2020-09-11T15:26:46.939+0000][1][safepoint    ] Safepoint "RevokeBias", Time since last: 3282453866 ns, Reaching safepoint: 213737 ns, At safepoint: 24249 ns, Total: 237986 ns
[2020-09-11T15:26:47.739+0000][1][gc,start     ] GC(217) Pause Young (Allocation Failure)
[2020-09-11T15:26:47.739+0000][1][gc,task      ] GC(217) Using 1 workers of 1 for evacuation
[2020-09-11T15:26:47.755+0000][1][gc,age       ] GC(217) Desired survivor size 4358144 bytes, new threshold 1 (max threshold 6)
[2020-09-11T15:26:47.755+0000][1][gc,age       ] GC(217) Age table with threshold 1 (max threshold 6)
[2020-09-11T15:26:47.755+0000][1][gc,age       ] GC(217) - age   1:    5966632 bytes,    5966632 total
[2020-09-11T15:26:47.755+0000][1][gc,age       ] GC(217) - age   2:     735160 bytes,    6701792 total
[2020-09-11T15:26:47.755+0000][1][gc,heap      ] GC(217) ParNew: 73528K->8017K(76672K)
[2020-09-11T15:26:47.755+0000][1][gc,heap      ] GC(217) CMS: 152204K->152204K(2011968K)
[2020-09-11T15:26:47.755+0000][1][gc,metaspace ] GC(217) Metaspace: 98969K->98969K(1140736K)
[2020-09-11T15:26:47.755+0000][1][gc           ] GC(217) Pause Young (Allocation Failure) 220M->156M(2039M) 16.478ms
[2020-09-11T15:26:47.755+0000][1][gc,cpu       ] GC(217) User=0.01s Sys=0.00s Real=0.01s
[2020-09-11T15:26:47.755+0000][1][safepoint    ] Safepoint "GenCollectForAllocation", Time since last: 799781104 ns, Reaching safepoint: 221191 ns, At safepoint: 16564217 ns, Total: 16785408 ns
[2020-09-11T15:26:47.760+0000][1][safepoint    ] Safepoint "RevokeBias", Time since last: 4888069 ns, Reaching safepoint: 76036 ns, At safepoint: 35875 ns, Total: 111911 ns
[2020-09-11T15:26:47.761+0000][1][safepoint    ] Safepoint "RevokeBias", Time since last: 720262 ns, Reaching safepoint: 64495 ns, At safepoint: 27936 ns, Total: 92431 ns
[2020-09-11T15:26:47.761+0000][1][safepoint    ] Safepoint "RevokeBias", Time since last: 100523 ns, Reaching safepoint: 63166 ns, At safepoint: 24657 ns, Total: 87823 ns
[2020-09-11T15:26:47.761+0000][1][safepoint    ] Safepoint "RevokeBias", Time since last: 46888 ns, Reaching safepoint: 43486 ns, At safepoint: 20386 ns, Total: 63872 ns
[2020-09-11T15:26:47.765+0000][1][safepoint    ] Safepoint "RevokeBias", Time since last: 3770505 ns, Reaching safepoint: 184553 ns, At safepoint: 20836 ns, Total: 205389 ns
[2020-09-11T15:26:47.791+0000][1][safepoint    ] Safepoint "RevokeBias", Time since last: 25332483 ns, Reaching safepoint: 186242 ns, At safepoint: 20249 ns, Total: 206491 ns
[2020-09-11T15:26:47.791+0000][1][safepoint    ] Safepoint "RevokeBias", Time since last: 104682 ns, Reaching safepoint: 100484 ns, At safepoint: 11797 ns, Total: 112281 ns
[2020-09-11T15:26:47.791+0000][1][safepoint    ] Safepoint "RevokeBias", Time since last: 47655 ns, Reaching safepoint: 27765 ns, At safepoint: 10210 ns, Total: 37975 ns
[2020-09-11T15:26:47.791+0000][1][safepoint    ] Safepoint "RevokeBias", Time since last: 43725 ns, Reaching safepoint: 27291 ns, At safepoint: 9836 ns, Total: 37127 ns
[2020-09-11T15:26:47.791+0000][1][safepoint    ] Safepoint "RevokeBias", Time since last: 61508 ns, Reaching safepoint: 27962 ns, At safepoint: 10126 ns, Total: 38088 ns
[2020-09-11T15:26:47.792+0000][1][safepoint    ] Safepoint "RevokeBias", Time since last: 43507 ns, Reaching safepoint: 27194 ns, At safepoint: 9735 ns, Total: 36929 ns
[2020-09-11T15:26:47.792+0000][1][safepoint    ] Safepoint "RevokeBias", Time since last: 47799 ns, Reaching safepoint: 27196 ns, At safepoint: 9915 ns, Total: 37111 ns
[2020-09-11T15:26:48.792+0000][1][safepoint    ] Safepoint "Cleanup", Time since last: 1000171212 ns, Reaching safepoint: 164681 ns, At safepoint: 17614 ns, Total: 182295 ns
[2020-09-11T15:26:49.792+0000][1][safepoint    ] Safepoint "Cleanup", Time since last: 1000256163 ns, Reaching safepoint: 113047 ns, At safepoint: 6457 ns, Total: 119504 ns
[2020-09-11T15:26:50.793+0000][1][safepoint    ] Safepoint "Cleanup", Time since last: 1000180001 ns, Reaching safepoint: 117907 ns, At safepoint: 8099 ns, Total: 126006 ns
[2020-09-11T15:26:51.793+0000][1][safepoint    ] Safepoint "Cleanup", Time since last: 1000171607 ns, Reaching safepoint: 107734 ns, At safepoint: 7429 ns, Total: 115163 ns
[2020-09-11T15:26:52.793+0000][1][safepoint    ] Safepoint "Cleanup", Time since last: 1000147362 ns, Reaching safepoint: 151267 ns, At safepoint: 17507 ns, Total: 168774 ns
[2020-09-11T15:26:53.794+0000][1][safepoint    ] Safepoint "Cleanup", Time since last: 1000209775 ns, Reaching safepoint: 156736 ns, At safepoint: 16424 ns, Total: 173160 ns
[2020-09-11T15:26:53.926+0000][1][safepoint    ] Safepoint "RevokeBias", Time since last: 132162859 ns, Reaching safepoint: 230017 ns, At safepoint: 21643 ns, Total: 251660 ns
[2020-09-11T15:26:54.926+0000][1][safepoint    ] Safepoint "Cleanup", Time since last: 1000170317 ns, Reaching safepoint: 122822 ns, At safepoint: 8178 ns, Total: 131000 ns
[2020-09-11T15:26:55.927+0000][1][safepoint    ] Safepoint "Cleanup", Time since last: 1000157302 ns, Reaching safepoint: 128393 ns, At safepoint: 8424 ns, Total: 136817 ns
[2020-09-11T15:26:56.927+0000][1][safepoint    ] Safepoint "Cleanup", Time since last: 1000145803 ns, Reaching safepoint: 220736 ns, At safepoint: 19719 ns, Total: 240455 ns
[2020-09-11T15:26:57.798+0000][1][gc,start     ] GC(218) Pause Young (Allocation Failure)
[2020-09-11T15:26:57.798+0000][1][gc,task      ] GC(218) Using 1 workers of 1 for evacuation
[2020-09-11T15:26:57.823+0000][1][gc,age       ] GC(218) Desired survivor size 4358144 bytes, new threshold 1 (max threshold 6)
[2020-09-11T15:26:57.823+0000][1][gc,age       ] GC(218) Age table with threshold 1 (max threshold 6)
[2020-09-11T15:26:57.823+0000][1][gc,age       ] GC(218) - age   1:    8692336 bytes,    8692336 total
[2020-09-11T15:26:57.823+0000][1][gc,heap      ] GC(218) ParNew: 76150K->8512K(76672K)
[2020-09-11T15:26:57.823+0000][1][gc,heap      ] GC(218) CMS: 152204K->153859K(2011968K)
[2020-09-11T15:26:57.823+0000][1][gc,metaspace ] GC(218) Metaspace: 98988K->98988K(1140736K)
[2020-09-11T15:26:57.823+0000][1][gc           ] GC(218) Pause Young (Allocation Failure) 223M->158M(2039M) 25.189ms
[2020-09-11T15:26:57.823+0000][1][gc,cpu       ] GC(218) User=0.02s Sys=0.00s Real=0.02s
[2020-09-11T15:26:57.823+0000][1][safepoint    ] Safepoint "GenCollectForAllocation", Time since last: 870738915 ns, Reaching safepoint: 304846 ns, At safepoint: 25305713 ns, Total: 25610559 ns
[2020-09-11T15:26:57.833+0000][1][safepoint    ] Safepoint "RevokeBias", Time since last: 9354434 ns, Reaching safepoint: 189235 ns, At safepoint: 21786 ns, Total: 211021 ns
[2020-09-11T15:26:57.834+0000][1][safepoint    ] Safepoint "RevokeBias", Time since last: 767090 ns, Reaching safepoint: 153591 ns, At safepoint: 13374 ns, Total: 166965 ns
[2020-09-11T15:26:57.834+0000][1][safepoint    ] Safepoint "RevokeBias", Time since last: 90240 ns, Reaching safepoint: 157758 ns, At safepoint: 12097 ns, Total: 169855 ns
[2020-09-11T15:26:57.834+0000][1][safepoint    ] Safepoint "RevokeBias", Time since last: 47428 ns, Reaching safepoint: 152982 ns, At safepoint: 11335 ns, Total: 164317 ns
[2020-09-11T15:26:57.839+0000][1][safepoint    ] Safepoint "RevokeBias", Time since last: 4117510 ns, Reaching safepoint: 190185 ns, At safepoint: 22683 ns, Total: 212868 ns
[2020-09-11T15:26:58.839+0000][1][safepoint    ] Safepoint "Cleanup", Time since last: 1000200283 ns, Reaching safepoint: 93795 ns, At safepoint: 9056 ns, Total: 102851 ns
[2020-09-11T15:26:59.839+0000][1][safepoint    ] Safepoint "Cleanup", Time since last: 1000213044 ns, Reaching safepoint: 92227 ns, At safepoint: 7182 ns, Total: 99409 ns
[2020-09-11T15:27:00.840+0000][1][safepoint    ] Safepoint "Cleanup", Time since last: 1000171491 ns, Reaching safepoint: 98608 ns, At safepoint: 8308 ns, Total: 106916 ns
[2020-09-11T15:27:01.840+0000][1][safepoint    ] Safepoint "Cleanup", Time since last: 1000155294 ns, Reaching safepoint: 116566 ns, At safepoint: 7310 ns, Total: 123876 ns
[2020-09-11T15:27:02.840+0000][1][safepoint    ] Safepoint "Cleanup", Time since last: 1000187551 ns, Reaching safepoint: 161280 ns, At safepoint: 20150 ns, Total: 181430 ns
[2020-09-11T15:27:03.841+0000][1][safepoint    ] Safepoint "Cleanup", Time since last: 1000184710 ns, Reaching safepoint: 151752 ns, At safepoint: 30436 ns, Total: 182188 ns
[2020-09-11T15:27:04.428+0000][1][gc,start     ] GC(219) Pause Young (Allocation Failure)
[2020-09-11T15:27:04.428+0000][1][gc,task      ] GC(219) Using 1 workers of 1 for evacuation
[2020-09-11T15:27:04.455+0000][1][gc,age       ] GC(219) Desired survivor size 4358144 bytes, new threshold 6 (max threshold 6)
[2020-09-11T15:27:04.455+0000][1][gc,age       ] GC(219) Age table with threshold 6 (max threshold 6)
[2020-09-11T15:27:04.455+0000][1][gc,age       ] GC(219) - age   1:     958824 bytes,     958824 total
[2020-09-11T15:27:04.455+0000][1][gc,heap      ] GC(219) ParNew: 76672K->7693K(76672K)
[2020-09-11T15:27:04.455+0000][1][gc,heap      ] GC(219) CMS: 153859K->153880K(2011968K)
[2020-09-11T15:27:04.455+0000][1][gc,metaspace ] GC(219) Metaspace: 98997K->98997K(1140736K)
[2020-09-11T15:27:04.455+0000][1][gc           ] GC(219) Pause Young (Allocation Failure) 225M->157M(2039M) 27.016ms
[2020-09-11T15:27:04.455+0000][1][gc,cpu       ] GC(219) User=0.03s Sys=0.00s Real=0.02s
[2020-09-11T15:27:04.459+0000][1][safepoint    ] Safepoint "GenCollectForAllocation", Time since last: 586975945 ns, Reaching safepoint: 156394 ns, At safepoint: 31765588 ns, Total: 31921982 ns
[2020-09-11T15:27:05.465+0000][1][safepoint    ] Safepoint "Cleanup", Time since last: 1005633681 ns, Reaching safepoint: 153375 ns, At safepoint: 17644 ns, Total: 171019 ns
[2020-09-11T15:27:06.466+0000][1][safepoint    ] Safepoint "Cleanup", Time since last: 1000639893 ns, Reaching safepoint: 82525 ns, At safepoint: 7298 ns, Total: 89823 ns
[2020-09-11T15:27:06.940+0000][1][safepoint    ] Safepoint "RevokeBias", Time since last: 473312236 ns, Reaching safepoint: 203527 ns, At safepoint: 21983 ns, Total: 225510 ns
[2020-09-11T15:27:07.880+0000][1][gc,start     ] GC(220) Pause Young (Allocation Failure)
[2020-09-11T15:27:07.880+0000][1][gc,task      ] GC(220) Using 1 workers of 1 for evacuation
[2020-09-11T15:27:07.895+0000][1][gc,age       ] GC(220) Desired survivor size 4358144 bytes, new threshold 6 (max threshold 6)
[2020-09-11T15:27:07.895+0000][1][gc,age       ] GC(220) Age table with threshold 6 (max threshold 6)
[2020-09-11T15:27:07.895+0000][1][gc,age       ] GC(220) - age   1:    1003592 bytes,    1003592 total
[2020-09-11T15:27:07.895+0000][1][gc,age       ] GC(220) - age   2:     779880 bytes,    1783472 total
[2020-09-11T15:27:07.895+0000][1][gc,heap      ] GC(220) ParNew: 75853K->2099K(76672K)
[2020-09-11T15:27:07.895+0000][1][gc,heap      ] GC(220) CMS: 153880K->153880K(2011968K)
[2020-09-11T15:27:07.895+0000][1][gc,metaspace ] GC(220) Metaspace: 99009K->99009K(1140736K)
[2020-09-11T15:27:07.895+0000][1][gc           ] GC(220) Pause Young (Allocation Failure) 224M->152M(2039M) 15.387ms
[2020-09-11T15:27:07.895+0000][1][gc,cpu       ] GC(220) User=0.01s Sys=0.00s Real=0.01s
[2020-09-11T15:27:07.899+0000][1][safepoint    ] Safepoint "GenCollectForAllocation", Time since last: 939879087 ns, Reaching safepoint: 223281 ns, At safepoint: 19140173 ns, Total: 19363454 ns
[2020-09-11T15:27:07.900+0000][1][safepoint    ] Safepoint "RevokeBias", Time since last: 605830 ns, Reaching safepoint: 72109 ns, At safepoint: 31007 ns, Total: 103116 ns
[2020-09-11T15:27:07.900+0000][1][safepoint    ] Safepoint "RevokeBias", Time since last: 701031 ns, Reaching safepoint: 57011 ns, At safepoint: 26310 ns, Total: 83321 ns
[2020-09-11T15:27:07.900+0000][1][safepoint    ] Safepoint "RevokeBias", Time since last: 103316 ns, Reaching safepoint: 52781 ns, At safepoint: 22239 ns, Total: 75020 ns
[2020-09-11T15:27:07.901+0000][1][safepoint    ] Safepoint "RevokeBias", Time since last: 43984 ns, Reaching safepoint: 42727 ns, At safepoint: 20605 ns, Total: 63332 ns
[2020-09-11T15:27:07.908+0000][1][safepoint    ] Safepoint "RevokeBias", Time since last: 7365905 ns, Reaching safepoint: 183038 ns, At safepoint: 26214 ns, Total: 209252 ns
[2020-09-11T15:27:07.934+0000][1][safepoint    ] Safepoint "RevokeBias", Time since last: 25489722 ns, Reaching safepoint: 151449 ns, At safepoint: 21339 ns, Total: 172788 ns
[2020-09-11T15:27:07.934+0000][1][safepoint    ] Safepoint "RevokeBias", Time since last: 231493 ns, Reaching safepoint: 100228 ns, At safepoint: 12774 ns, Total: 113002 ns
[2020-09-11T15:27:08.065+0000][1][gc,start     ] GC(221) Pause Young (Allocation Failure)
[2020-09-11T15:27:08.065+0000][1][gc,task      ] GC(221) Using 1 workers of 1 for evacuation
[2020-09-11T15:27:08.094+0000][1][gc,age       ] GC(221) Desired survivor size 4358144 bytes, new threshold 6 (max threshold 6)
[2020-09-11T15:27:08.094+0000][1][gc,age       ] GC(221) Age table with threshold 6 (max threshold 6)
[2020-09-11T15:27:08.094+0000][1][gc,age       ] GC(221) - age   1:    1665992 bytes,    1665992 total
[2020-09-11T15:27:08.094+0000][1][gc,age       ] GC(221) - age   2:      57824 bytes,    1723816 total
[2020-09-11T15:27:08.094+0000][1][gc,age       ] GC(221) - age   3:     319096 bytes,    2042912 total
[2020-09-11T15:27:08.094+0000][1][gc,heap      ] GC(221) ParNew: 70255K->3662K(76672K)
[2020-09-11T15:27:08.094+0000][1][gc,heap      ] GC(221) CMS: 153880K->153880K(2011968K)
[2020-09-11T15:27:08.094+0000][1][gc,metaspace ] GC(221) Metaspace: 99023K->99023K(1140736K)
[2020-09-11T15:27:08.094+0000][1][gc           ] GC(221) Pause Young (Allocation Failure) 218M->153M(2039M) 29.355ms
[2020-09-11T15:27:08.094+0000][1][gc,cpu       ] GC(221) User=0.03s Sys=0.00s Real=0.02s
[2020-09-11T15:27:08.098+0000][1][safepoint    ] Safepoint "GenCollectForAllocation", Time since last: 130457642 ns, Reaching safepoint: 171081 ns, At safepoint: 33237957 ns, Total: 33409038 ns
[2020-09-11T15:27:08.112+0000][1][safepoint    ] Safepoint "RevokeBias", Time since last: 13382692 ns, Reaching safepoint: 152490 ns, At safepoint: 20345 ns, Total: 172835 ns
[2020-09-11T15:27:08.112+0000][1][safepoint    ] Safepoint "RevokeBias", Time since last: 97575 ns, Reaching safepoint: 28991 ns, At safepoint: 11487 ns, Total: 40478 ns
[2020-09-11T15:27:08.112+0000][1][safepoint    ] Safepoint "RevokeBias", Time since last: 55271 ns, Reaching safepoint: 27822 ns, At safepoint: 10490 ns, Total: 38312 ns
[2020-09-11T15:27:08.112+0000][1][safepoint    ] Safepoint "RevokeBias", Time since last: 52509 ns, Reaching safepoint: 27586 ns, At safepoint: 10052 ns, Total: 37638 ns
[2020-09-11T15:27:08.112+0000][1][safepoint    ] Safepoint "RevokeBias", Time since last: 48674 ns, Reaching safepoint: 27408 ns, At safepoint: 9916 ns, Total: 37324 ns
[2020-09-11T15:27:08.112+0000][1][safepoint    ] Safepoint "RevokeBias", Time since last: 48523 ns, Reaching safepoint: 27280 ns, At safepoint: 9917 ns, Total: 37197 ns
[2020-09-11T15:27:08.112+0000][1][safepoint    ] Safepoint "RevokeBias", Time since last: 48857 ns, Reaching safepoint: 27431 ns, At safepoint: 9900 ns, Total: 37331 ns
[2020-09-11T15:27:08.934+0000][1][safepoint    ] Safepoint "RevokeBias", Time since last: 821177038 ns, Reaching safepoint: 139721 ns, At safepoint: 22144 ns, Total: 161865 ns
[2020-09-11T15:27:08.935+0000][1][safepoint    ] Safepoint "RevokeBias", Time since last: 1509806 ns, Reaching safepoint: 238637 ns, At safepoint: 21346 ns, Total: 259983 ns
[2020-09-11T15:27:08.938+0000][1][safepoint    ] Safepoint "RevokeBias", Time since last: 2399039 ns, Reaching safepoint: 241981 ns, At safepoint: 48729 ns, Total: 290710 ns
[2020-09-11T15:27:08.938+0000][1][safepoint    ] Safepoint "RevokeBias", Time since last: 209574 ns, Reaching safepoint: 200236 ns, At safepoint: 39430 ns, Total: 239666 ns
[2020-09-11T15:27:09.939+0000][1][safepoint    ] Safepoint "Cleanup", Time since last: 1000243307 ns, Reaching safepoint: 117938 ns, At safepoint: 8823 ns, Total: 126761 ns
[2020-09-11T15:27:10.939+0000][1][safepoint    ] Safepoint "Cleanup", Time since last: 1000194519 ns, Reaching safepoint: 101867 ns, At safepoint: 8566 ns, Total: 110433 ns
[2020-09-11T15:27:11.939+0000][1][safepoint    ] Safepoint "Cleanup", Time since last: 1000187818 ns, Reaching safepoint: 94310 ns, At safepoint: 8336 ns, Total: 102646 ns
[2020-09-11T15:27:12.940+0000][1][safepoint    ] Safepoint "Cleanup", Time since last: 1000230565 ns, Reaching safepoint: 100376 ns, At safepoint: 8140 ns, Total: 108516 ns
[2020-09-11T15:27:13.940+0000][1][safepoint    ] Safepoint "Cleanup", Time since last: 1000194058 ns, Reaching safepoint: 149363 ns, At safepoint: 21205 ns, Total: 170568 ns
[2020-09-11T15:27:14.940+0000][1][safepoint    ] Safepoint "Cleanup", Time since last: 1000234244 ns, Reaching safepoint: 143128 ns, At safepoint: 20367 ns, Total: 163495 ns
[2020-09-11T15:27:15.941+0000][1][safepoint    ] Safepoint "Cleanup", Time since last: 1000245987 ns, Reaching safepoint: 173026 ns, At safepoint: 20885 ns, Total: 193911 ns
[2020-09-11T15:27:16.939+0000][1][safepoint    ] Safepoint "RevokeBias", Time since last: 998050885 ns, Reaching safepoint: 198474 ns, At safepoint: 22310 ns, Total: 220784 ns
[2020-09-11T15:27:17.940+0000][1][safepoint    ] Safepoint "Cleanup", Time since last: 1000237829 ns, Reaching safepoint: 91646 ns, At safepoint: 7558 ns, Total: 99204 ns
[2020-09-11T15:27:17.951+0000][1][gc,start     ] GC(222) Pause Young (Allocation Failure)
[2020-09-11T15:27:17.951+0000][1][gc,task      ] GC(222) Using 1 workers of 1 for evacuation
[2020-09-11T15:27:17.969+0000][1][gc,age       ] GC(222) Desired survivor size 4358144 bytes, new threshold 1 (max threshold 6)
[2020-09-11T15:27:17.969+0000][1][gc,age       ] GC(222) Age table with threshold 1 (max threshold 6)
[2020-09-11T15:27:17.969+0000][1][gc,age       ] GC(222) - age   1:    8624600 bytes,    8624600 total
[2020-09-11T15:27:17.969+0000][1][gc,age       ] GC(222) - age   2:       1496 bytes,    8626096 total
[2020-09-11T15:27:17.969+0000][1][gc,age       ] GC(222) - age   3:       3232 bytes,    8629328 total
[2020-09-11T15:27:17.969+0000][1][gc,age       ] GC(222) - age   4:        352 bytes,    8629680 total
[2020-09-11T15:27:17.969+0000][1][gc,heap      ] GC(222) ParNew: 71650K->8512K(76672K)
[2020-09-11T15:27:17.969+0000][1][gc,heap      ] GC(222) CMS: 153880K->154706K(2011968K)
[2020-09-11T15:27:17.969+0000][1][gc,metaspace ] GC(222) Metaspace: 99027K->99027K(1140736K)
[2020-09-11T15:27:17.969+0000][1][gc           ] GC(222) Pause Young (Allocation Failure) 220M->159M(2039M) 18.884ms
[2020-09-11T15:27:17.969+0000][1][gc,cpu       ] GC(222) User=0.02s Sys=0.00s Real=0.02s
[2020-09-11T15:27:17.970+0000][1][safepoint    ] Safepoint "GenCollectForAllocation", Time since last: 10813297 ns, Reaching safepoint: 222299 ns, At safepoint: 18962844 ns, Total: 19185143 ns
[2020-09-11T15:27:17.978+0000][1][safepoint    ] Safepoint "RevokeBias", Time since last: 8641134 ns, Reaching safepoint: 71829 ns, At safepoint: 32459 ns, Total: 104288 ns
[2020-09-11T15:27:17.979+0000][1][safepoint    ] Safepoint "RevokeBias", Time since last: 780653 ns, Reaching safepoint: 149303 ns, At safepoint: 13390 ns, Total: 162693 ns
[2020-09-11T15:27:17.979+0000][1][safepoint    ] Safepoint "RevokeBias", Time since last: 95442 ns, Reaching safepoint: 167598 ns, At safepoint: 12112 ns, Total: 179710 ns
[2020-09-11T15:27:17.980+0000][1][safepoint    ] Safepoint "RevokeBias", Time since last: 48884 ns, Reaching safepoint: 153740 ns, At safepoint: 11306 ns, Total: 165046 ns
[2020-09-11T15:27:17.994+0000][1][safepoint    ] Safepoint "RevokeBias", Time since last: 13643977 ns, Reaching safepoint: 195357 ns, At safepoint: 31927 ns, Total: 227284 ns
[2020-09-11T15:27:18.994+0000][1][safepoint    ] Safepoint "Cleanup", Time since last: 1000170548 ns, Reaching safepoint: 212932 ns, At safepoint: 22311 ns, Total: 235243 ns
[2020-09-11T15:27:26.617+0000][1][safepoint    ] Safepoint "Cleanup", Time since last: 7623350108 ns, Reaching safepoint: 108994 ns, At safepoint: 9808 ns, Total: 118802 ns
[2020-09-11T15:27:26.938+0000][1][safepoint    ] Safepoint "RevokeBias", Time since last: 320296146 ns, Reaching safepoint: 204357 ns, At safepoint: 23114 ns, Total: 227471 ns
[2020-09-11T15:27:26.945+0000][1][gc,start     ] GC(223) Pause Young (Allocation Failure)
[2020-09-11T15:27:26.945+0000][1][gc,task      ] GC(223) Using 1 workers of 1 for evacuation
[2020-09-11T15:27:26.960+0000][1][gc,age       ] GC(223) Desired survivor size 4358144 bytes, new threshold 6 (max threshold 6)
[2020-09-11T15:27:26.960+0000][1][gc,age       ] GC(223) Age table with threshold 6 (max threshold 6)
[2020-09-11T15:27:26.960+0000][1][gc,age       ] GC(223) - age   1:     595648 bytes,     595648 total
[2020-09-11T15:27:26.960+0000][1][gc,heap      ] GC(223) ParNew: 76659K->6622K(76672K)
[2020-09-11T15:27:26.960+0000][1][gc,heap      ] GC(223) CMS: 154706K->154987K(2011968K)
[2020-09-11T15:27:26.960+0000][1][gc,metaspace ] GC(223) Metaspace: 99039K->99039K(1140736K)
[2020-09-11T15:27:26.960+0000][1][gc           ] GC(223) Pause Young (Allocation Failure) 225M->157M(2039M) 15.612ms
[2020-09-11T15:27:26.960+0000][1][gc,cpu       ] GC(223) User=0.01s Sys=0.00s Real=0.01s
[2020-09-11T15:27:26.961+0000][1][safepoint    ] Safepoint "GenCollectForAllocation", Time since last: 6570720 ns, Reaching safepoint: 167074 ns, At safepoint: 16119349 ns, Total: 16286423 ns
[2020-09-11T15:27:27.966+0000][1][safepoint    ] Safepoint "Cleanup", Time since last: 1004734151 ns, Reaching safepoint: 172288 ns, At safepoint: 19762 ns, Total: 192050 ns
[2020-09-11T15:27:35.967+0000][1][safepoint    ] Safepoint "Cleanup", Time since last: 8001077731 ns, Reaching safepoint: 170681 ns, At safepoint: 20384 ns, Total: 191065 ns
[2020-09-11T15:27:36.967+0000][1][safepoint    ] Safepoint "Cleanup", Time since last: 1000211875 ns, Reaching safepoint: 94241 ns, At safepoint: 8514 ns, Total: 102755 ns
[2020-09-11T15:27:37.968+0000][1][safepoint    ] Safepoint "Cleanup", Time since last: 1000231927 ns, Reaching safepoint: 202836 ns, At safepoint: 24446 ns, Total: 227282 ns
[2020-09-11T15:27:45.839+0000][1][gc,start     ] GC(224) Pause Young (Allocation Failure)
[2020-09-11T15:27:45.839+0000][1][gc,task      ] GC(224) Using 1 workers of 1 for evacuation
[2020-09-11T15:27:45.857+0000][1][gc,age       ] GC(224) Desired survivor size 4358144 bytes, new threshold 1 (max threshold 6)
[2020-09-11T15:27:45.857+0000][1][gc,age       ] GC(224) Age table with threshold 1 (max threshold 6)
[2020-09-11T15:27:45.857+0000][1][gc,age       ] GC(224) - age   1:    8251232 bytes,    8251232 total
[2020-09-11T15:27:45.857+0000][1][gc,age       ] GC(224) - age   2:     369296 bytes,    8620528 total
[2020-09-11T15:27:45.857+0000][1][gc,heap      ] GC(224) ParNew: 74782K->8512K(76672K)
[2020-09-11T15:27:45.857+0000][1][gc,heap      ] GC(224) CMS: 154987K->156256K(2011968K)
[2020-09-11T15:27:45.857+0000][1][gc,metaspace ] GC(224) Metaspace: 99068K->99068K(1140736K)
[2020-09-11T15:27:45.857+0000][1][gc           ] GC(224) Pause Young (Allocation Failure) 224M->160M(2039M) 18.307ms
[2020-09-11T15:27:45.857+0000][1][gc,cpu       ] GC(224) User=0.02s Sys=0.00s Real=0.02s
[2020-09-11T15:27:45.857+0000][1][safepoint    ] Safepoint "GenCollectForAllocation", Time since last: 7870408774 ns, Reaching safepoint: 260598 ns, At safepoint: 18396003 ns, Total: 18656601 ns
[2020-09-11T15:27:46.860+0000][1][safepoint    ] Safepoint "Cleanup", Time since last: 1002717536 ns, Reaching safepoint: 154063 ns, At safepoint: 8675 ns, Total: 162738 ns
[2020-09-11T15:27:47.043+0000][1][safepoint    ] Safepoint "RevokeBias", Time since last: 182947187 ns, Reaching safepoint: 152171 ns, At safepoint: 22584 ns, Total: 174755 ns
[2020-09-11T15:27:47.043+0000][1][safepoint    ] Safepoint "RevokeBias", Time since last: 126103 ns, Reaching safepoint: 103497 ns, At safepoint: 13611 ns, Total: 117108 ns
[2020-09-11T15:27:47.050+0000][1][safepoint    ] Safepoint "RevokeBias", Time since last: 4185340 ns, Reaching safepoint: 2341604 ns, At safepoint: 27486 ns, Total: 2369090 ns
[2020-09-11T15:27:47.050+0000][1][safepoint    ] Safepoint "RevokeBias", Time since last: 174044 ns, Reaching safepoint: 125076 ns, At safepoint: 13848 ns, Total: 138924 ns
[2020-09-11T15:27:47.050+0000][1][safepoint    ] Safepoint "RevokeBias", Time since last: 36792 ns, Reaching safepoint: 98934 ns, At safepoint: 11663 ns, Total: 110597 ns
[2020-09-11T15:27:47.050+0000][1][safepoint    ] Safepoint "RevokeBias", Time since last: 77210 ns, Reaching safepoint: 104654 ns, At safepoint: 11421 ns, Total: 116075 ns
[2020-09-11T15:27:47.050+0000][1][safepoint    ] Safepoint "RevokeBias", Time since last: 51811 ns, Reaching safepoint: 99261 ns, At safepoint: 11466 ns, Total: 110727 ns
[2020-09-11T15:27:47.092+0000][1][safepoint    ] Safepoint "RevokeBias", Time since last: 40847207 ns, Reaching safepoint: 219998 ns, At safepoint: 125283 ns, Total: 345281 ns
[2020-09-11T15:27:47.128+0000][1][safepoint    ] Safepoint "RevokeBias", Time since last: 35965910 ns, Reaching safepoint: 152575 ns, At safepoint: 9573 ns, Total: 162148 ns
[2020-09-11T15:27:47.158+0000][1][gc,start     ] GC(225) Pause Young (Allocation Failure)
[2020-09-11T15:27:47.158+0000][1][gc,task      ] GC(225) Using 1 workers of 1 for evacuation
[2020-09-11T15:27:47.191+0000][1][gc,age       ] GC(225) Desired survivor size 4358144 bytes, new threshold 1 (max threshold 6)
[2020-09-11T15:27:47.191+0000][1][gc,age       ] GC(225) Age table with threshold 1 (max threshold 6)
[2020-09-11T15:27:47.191+0000][1][gc,age       ] GC(225) - age   1:    5670840 bytes,    5670840 total
[2020-09-11T15:27:47.191+0000][1][gc,heap      ] GC(225) ParNew: 76672K->6755K(76672K)
[2020-09-11T15:27:47.191+0000][1][gc,heap      ] GC(225) CMS: 156256K->156961K(2011968K)
[2020-09-11T15:27:47.191+0000][1][gc,metaspace ] GC(225) Metaspace: 99079K->99079K(1140736K)
[2020-09-11T15:27:47.191+0000][1][gc           ] GC(225) Pause Young (Allocation Failure) 227M->159M(2039M) 33.580ms
[2020-09-11T15:27:47.191+0000][1][gc,cpu       ] GC(225) User=0.03s Sys=0.00s Real=0.03s
[2020-09-11T15:27:47.203+0000][1][safepoint    ] Safepoint "GenCollectForAllocation", Time since last: 29620441 ns, Reaching safepoint: 160220 ns, At safepoint: 45858333 ns, Total: 46018553 ns
[2020-09-11T15:27:47.214+0000][1][safepoint    ] Safepoint "RevokeBias", Time since last: 9878847 ns, Reaching safepoint: 161573 ns, At safepoint: 22166 ns, Total: 183739 ns
[2020-09-11T15:27:48.140+0000][1][safepoint    ] Safepoint "RevokeBias", Time since last: 926399589 ns, Reaching safepoint: 200967 ns, At safepoint: 24375 ns, Total: 225342 ns
[2020-09-11T15:27:48.141+0000][1][safepoint    ] Safepoint "RevokeBias", Time since last: 721135 ns, Reaching safepoint: 177963 ns, At safepoint: 17808 ns, Total: 195771 ns
[2020-09-11T15:27:48.141+0000][1][safepoint    ] Safepoint "RevokeBias", Time since last: 108390 ns, Reaching safepoint: 173135 ns, At safepoint: 14110 ns, Total: 187245 ns
[2020-09-11T15:27:48.142+0000][1][safepoint    ] Safepoint "RevokeBias", Time since last: 53954 ns, Reaching safepoint: 163779 ns, At safepoint: 12937 ns, Total: 176716 ns
[2020-09-11T15:27:48.152+0000][1][safepoint    ] Safepoint "RevokeBias", Time since last: 10428017 ns, Reaching safepoint: 140851 ns, At safepoint: 19565 ns, Total: 160416 ns
[2020-09-11T15:27:48.164+0000][1][gc,start     ] GC(226) Pause Young (Allocation Failure)
[2020-09-11T15:27:48.164+0000][1][gc,task      ] GC(226) Using 1 workers of 1 for evacuation
[2020-09-11T15:27:48.188+0000][1][gc,age       ] GC(226) Desired survivor size 4358144 bytes, new threshold 6 (max threshold 6)
[2020-09-11T15:27:48.188+0000][1][gc,age       ] GC(226) Age table with threshold 6 (max threshold 6)
[2020-09-11T15:27:48.188+0000][1][gc,age       ] GC(226) - age   1:     361104 bytes,     361104 total
[2020-09-11T15:27:48.188+0000][1][gc,heap      ] GC(226) ParNew: 74915K->5842K(76672K)
[2020-09-11T15:27:48.188+0000][1][gc,heap      ] GC(226) CMS: 156961K->157575K(2011968K)
[2020-09-11T15:27:48.188+0000][1][gc,metaspace ] GC(226) Metaspace: 99079K->99079K(1140736K)
[2020-09-11T15:27:48.188+0000][1][gc           ] GC(226) Pause Young (Allocation Failure) 226M->159M(2039M) 24.684ms
[2020-09-11T15:27:48.188+0000][1][gc,cpu       ] GC(226) User=0.02s Sys=0.00s Real=0.02s
[2020-09-11T15:27:48.191+0000][1][safepoint    ] Safepoint "GenCollectForAllocation", Time since last: 11279251 ns, Reaching safepoint: 156254 ns, At safepoint: 27844602 ns, Total: 28000856 ns
[2020-09-11T15:27:49.199+0000][1][safepoint    ] Safepoint "Cleanup", Time since last: 1007130685 ns, Reaching safepoint: 102914 ns, At safepoint: 8779 ns, Total: 111693 ns
[2020-09-11T15:27:50.199+0000][1][safepoint    ] Safepoint "Cleanup", Time since last: 1000138160 ns, Reaching safepoint: 121409 ns, At safepoint: 6508 ns, Total: 127917 ns
[2020-09-11T15:27:51.199+0000][1][safepoint    ] Safepoint "Cleanup", Time since last: 1000191382 ns, Reaching safepoint: 99000 ns, At safepoint: 8043 ns, Total: 107043 ns
[2020-09-11T15:27:52.200+0000][1][safepoint    ] Safepoint "Cleanup", Time since last: 1000181416 ns, Reaching safepoint: 102463 ns, At safepoint: 7351 ns, Total: 109814 ns
[2020-09-11T15:27:53.200+0000][1][safepoint    ] Safepoint "Cleanup", Time since last: 1000181143 ns, Reaching safepoint: 139206 ns, At safepoint: 57101 ns, Total: 196307 ns
[2020-09-11T15:27:54.200+0000][1][safepoint    ] Safepoint "Cleanup", Time since last: 1000213983 ns, Reaching safepoint: 125371 ns, At safepoint: 6902 ns, Total: 132273 ns
[2020-09-11T15:27:55.201+0000][1][safepoint    ] Safepoint "Cleanup", Time since last: 1000202379 ns, Reaching safepoint: 141895 ns, At safepoint: 18182 ns, Total: 160077 ns
[2020-09-11T15:27:56.201+0000][1][safepoint    ] Safepoint "Cleanup", Time since last: 1000223211 ns, Reaching safepoint: 171373 ns, At safepoint: 16003 ns, Total: 187376 ns
[2020-09-11T15:27:56.939+0000][1][safepoint    ] Safepoint "RevokeBias", Time since last: 738114379 ns, Reaching safepoint: 200976 ns, At safepoint: 23359 ns, Total: 224335 ns
[2020-09-11T15:27:57.211+0000][1][safepoint    ] Safepoint "RevokeBias", Time since last: 266541320 ns, Reaching safepoint: 4655602 ns, At safepoint: 31347 ns, Total: 4686949 ns
[2020-09-11T15:27:57.213+0000][1][safepoint    ] Safepoint "RevokeBias", Time since last: 1467008 ns, Reaching safepoint: 991630 ns, At safepoint: 24601 ns, Total: 1016231 ns
[2020-09-11T15:27:57.213+0000][1][safepoint    ] Safepoint "RevokeBias", Time since last: 144563 ns, Reaching safepoint: 151303 ns, At safepoint: 13515 ns, Total: 164818 ns
[2020-09-11T15:27:57.214+0000][1][safepoint    ] Safepoint "RevokeBias", Time since last: 54160 ns, Reaching safepoint: 418543 ns, At safepoint: 13592 ns, Total: 432135 ns
[2020-09-11T15:27:57.233+0000][1][safepoint    ] Safepoint "RevokeBias", Time since last: 18539502 ns, Reaching safepoint: 141544 ns, At safepoint: 21273 ns, Total: 162817 ns
[2020-09-11T15:27:57.525+0000][1][gc,start     ] GC(227) Pause Young (Allocation Failure)
[2020-09-11T15:27:57.525+0000][1][gc,task      ] GC(227) Using 1 workers of 1 for evacuation
[2020-09-11T15:27:57.544+0000][1][gc,age       ] GC(227) Desired survivor size 4358144 bytes, new threshold 1 (max threshold 6)
[2020-09-11T15:27:57.544+0000][1][gc,age       ] GC(227) Age table with threshold 1 (max threshold 6)
[2020-09-11T15:27:57.544+0000][1][gc,age       ] GC(227) - age   1:    8471776 bytes,    8471776 total
[2020-09-11T15:27:57.544+0000][1][gc,age       ] GC(227) - age   2:     215216 bytes,    8686992 total
[2020-09-11T15:27:57.544+0000][1][gc,heap      ] GC(227) ParNew: 74002K->8512K(76672K)
[2020-09-11T15:27:57.544+0000][1][gc,heap      ] GC(227) CMS: 157575K->159221K(2011968K)
[2020-09-11T15:27:57.544+0000][1][gc,metaspace ] GC(227) Metaspace: 99084K->99084K(1140736K)
[2020-09-11T15:27:57.544+0000][1][gc           ] GC(227) Pause Young (Allocation Failure) 226M->163M(2039M) 18.771ms
[2020-09-11T15:27:57.544+0000][1][gc,cpu       ] GC(227) User=0.02s Sys=0.00s Real=0.02s
[2020-09-11T15:27:57.551+0000][1][safepoint    ] Safepoint "GenCollectForAllocation", Time since last: 292487736 ns, Reaching safepoint: 82553 ns, At safepoint: 25474230 ns, Total: 25556783 ns
[2020-09-11T15:27:58.262+0000][1][safepoint    ] Safepoint "RevokeBias", Time since last: 711055146 ns, Reaching safepoint: 208860 ns, At safepoint: 24023 ns, Total: 232883 ns
[2020-09-11T15:27:58.263+0000][1][safepoint    ] Safepoint "RevokeBias", Time since last: 687637 ns, Reaching safepoint: 155321 ns, At safepoint: 14127 ns, Total: 169448 ns
[2020-09-11T15:27:58.263+0000][1][safepoint    ] Safepoint "RevokeBias", Time since last: 94429 ns, Reaching safepoint: 164861 ns, At safepoint: 12665 ns, Total: 177526 ns
[2020-09-11T15:27:58.263+0000][1][safepoint    ] Safepoint "RevokeBias", Time since last: 50530 ns, Reaching safepoint: 153807 ns, At safepoint: 11978 ns, Total: 165785 ns
[2020-09-11T15:27:58.276+0000][1][safepoint    ] Safepoint "RevokeBias", Time since last: 12500154 ns, Reaching safepoint: 183302 ns, At safepoint: 27416 ns, Total: 210718 ns
[2020-09-11T15:27:59.276+0000][1][safepoint    ] Safepoint "Cleanup", Time since last: 1000152998 ns, Reaching safepoint: 132808 ns, At safepoint: 18171 ns, Total: 150979 ns
[2020-09-11T15:28:00.277+0000][1][safepoint    ] Safepoint "Cleanup", Time since last: 1000227279 ns, Reaching safepoint: 111413 ns, At safepoint: 8071 ns, Total: 119484 ns
[2020-09-11T15:28:00.875+0000][1][gc,start     ] GC(228) Pause Young (Allocation Failure)
[2020-09-11T15:28:00.875+0000][1][gc,task      ] GC(228) Using 1 workers of 1 for evacuation
[2020-09-11T15:28:00.894+0000][1][gc,age       ] GC(228) Desired survivor size 4358144 bytes, new threshold 6 (max threshold 6)
[2020-09-11T15:28:00.894+0000][1][gc,age       ] GC(228) Age table with threshold 6 (max threshold 6)
[2020-09-11T15:28:00.894+0000][1][gc,age       ] GC(228) - age   1:     685888 bytes,     685888 total
[2020-09-11T15:28:00.894+0000][1][gc,heap      ] GC(228) ParNew: 76672K->6744K(76672K)
[2020-09-11T15:28:00.894+0000][1][gc,heap      ] GC(228) CMS: 159221K->160391K(2011968K)
[2020-09-11T15:28:00.894+0000][1][gc,metaspace ] GC(228) Metaspace: 99087K->99087K(1140736K)
[2020-09-11T15:28:00.894+0000][1][gc           ] GC(228) Pause Young (Allocation Failure) 230M->163M(2039M) 18.616ms
[2020-09-11T15:28:00.894+0000][1][gc,cpu       ] GC(228) User=0.01s Sys=0.00s Real=0.02s
[2020-09-11T15:28:00.894+0000][1][safepoint    ] Safepoint "GenCollectForAllocation", Time since last: 598316561 ns, Reaching safepoint: 192148 ns, At safepoint: 18691995 ns, Total: 18884143 ns
[2020-09-11T15:28:01.895+0000][1][safepoint    ] Safepoint "Cleanup", Time since last: 1001118990 ns, Reaching safepoint: 72267 ns, At safepoint: 17135 ns, Total: 89402 ns
[2020-09-11T15:28:02.896+0000][1][safepoint    ] Safepoint "Cleanup", Time since last: 1000421446 ns, Reaching safepoint: 138511 ns, At safepoint: 40052 ns, Total: 178563 ns
[2020-09-11T15:28:03.896+0000][1][safepoint    ] Safepoint "Cleanup", Time since last: 1000187909 ns, Reaching safepoint: 114478 ns, At safepoint: 19739 ns, Total: 134217 ns
[2020-09-11T15:28:04.896+0000][1][safepoint    ] Safepoint "Cleanup", Time since last: 1000143551 ns, Reaching safepoint: 141114 ns, At safepoint: 41378 ns, Total: 182492 ns
[2020-09-11T15:28:05.897+0000][1][safepoint    ] Safepoint "Cleanup", Time since last: 1000151495 ns, Reaching safepoint: 75248 ns, At safepoint: 6917 ns, Total: 82165 ns
[2020-09-11T15:28:06.897+0000][1][safepoint    ] Safepoint "Cleanup", Time since last: 1000180570 ns, Reaching safepoint: 101556 ns, At safepoint: 6976 ns, Total: 108532 ns
[2020-09-11T15:28:06.940+0000][1][safepoint    ] Safepoint "RevokeBias", Time since last: 43042450 ns, Reaching safepoint: 198500 ns, At safepoint: 23107 ns, Total: 221607 ns
[2020-09-11T15:28:06.940+0000][1][safepoint    ] Safepoint "RevokeBias", Time since last: 83871 ns, Reaching safepoint: 218214 ns, At safepoint: 37192 ns, Total: 255406 ns
[2020-09-11T15:28:07.310+0000][1][safepoint    ] Safepoint "RevokeBias", Time since last: 368726857 ns, Reaching safepoint: 459085 ns, At safepoint: 200337 ns, Total: 659422 ns
[2020-09-11T15:28:07.313+0000][1][safepoint    ] Safepoint "BulkRevokeBias", Time since last: 2740894 ns, Reaching safepoint: 230314 ns, At safepoint: 460979 ns, Total: 691293 ns
[2020-09-11T15:28:07.314+0000][1][safepoint    ] Safepoint "RevokeBias", Time since last: 463399 ns, Reaching safepoint: 214788 ns, At safepoint: 137720 ns, Total: 352508 ns
[2020-09-11T15:28:07.315+0000][1][safepoint    ] Safepoint "BulkRevokeBias", Time since last: 51852 ns, Reaching safepoint: 123945 ns, At safepoint: 329170 ns, Total: 453115 ns
[2020-09-11T15:28:07.334+0000][1][safepoint    ] Safepoint "RevokeBias", Time since last: 18129771 ns, Reaching safepoint: 711184 ns, At safepoint: 151347 ns, Total: 862531 ns
[2020-09-11T15:28:08.088+0000][1][gc,start     ] GC(229) Pause Young (Allocation Failure)
[2020-09-11T15:28:08.088+0000][1][gc,task      ] GC(229) Using 1 workers of 1 for evacuation
[2020-09-11T15:28:08.117+0000][1][gc,age       ] GC(229) Desired survivor size 4358144 bytes, new threshold 1 (max threshold 6)
[2020-09-11T15:28:08.117+0000][1][gc,age       ] GC(229) Age table with threshold 1 (max threshold 6)
[2020-09-11T15:28:08.117+0000][1][gc,age       ] GC(229) - age   1:    8357608 bytes,    8357608 total
[2020-09-11T15:28:08.117+0000][1][gc,age       ] GC(229) - age   2:     306840 bytes,    8664448 total
[2020-09-11T15:28:08.117+0000][1][gc,heap      ] GC(229) ParNew: 74904K->8512K(76672K)
[2020-09-11T15:28:08.117+0000][1][gc,heap      ] GC(229) CMS: 160391K->161982K(2011968K)
[2020-09-11T15:28:08.117+0000][1][gc,metaspace ] GC(229) Metaspace: 99145K->99145K(1140736K)
[2020-09-11T15:28:08.117+0000][1][gc           ] GC(229) Pause Young (Allocation Failure) 229M->166M(2039M) 28.945ms
[2020-09-11T15:28:08.117+0000][1][gc,cpu       ] GC(229) User=0.03s Sys=0.00s Real=0.03s
[2020-09-11T15:28:08.121+0000][1][safepoint    ] Safepoint "GenCollectForAllocation", Time since last: 754307125 ns, Reaching safepoint: 84993 ns, At safepoint: 32702816 ns, Total: 32787809 ns
[2020-09-11T15:28:08.374+0000][1][safepoint    ] Safepoint "RevokeBias", Time since last: 253487170 ns, Reaching safepoint: 190072 ns, At safepoint: 21171 ns, Total: 211243 ns
[2020-09-11T15:28:08.377+0000][1][safepoint    ] Safepoint "BulkRevokeBias", Time since last: 2783625 ns, Reaching safepoint: 177339 ns, At safepoint: 187715 ns, Total: 365054 ns
[2020-09-11T15:28:09.378+0000][1][safepoint    ] Safepoint "Cleanup", Time since last: 1000142991 ns, Reaching safepoint: 194005 ns, At safepoint: 20807 ns, Total: 214812 ns
[2020-09-11T15:28:10.378+0000][1][safepoint    ] Safepoint "Cleanup", Time since last: 1000188176 ns, Reaching safepoint: 117966 ns, At safepoint: 9362 ns, Total: 127328 ns
[2020-09-11T15:28:11.379+0000][1][safepoint    ] Safepoint "Cleanup", Time since last: 1000197581 ns, Reaching safepoint: 150482 ns, At safepoint: 19445 ns, Total: 169927 ns
[2020-09-11T15:28:12.379+0000][1][safepoint    ] Safepoint "Cleanup", Time since last: 1000224878 ns, Reaching safepoint: 104686 ns, At safepoint: 7837 ns, Total: 112523 ns
[2020-09-11T15:28:13.380+0000][1][safepoint    ] Safepoint "Cleanup", Time since last: 1001072043 ns, Reaching safepoint: 156947 ns, At safepoint: 22619 ns, Total: 179566 ns
[2020-09-11T15:28:14.380+0000][1][safepoint    ] Safepoint "Cleanup", Time since last: 1000240496 ns, Reaching safepoint: 95164 ns, At safepoint: 19073 ns, Total: 114237 ns
[2020-09-11T15:28:15.381+0000][1][safepoint    ] Safepoint "Cleanup", Time since last: 1000158281 ns, Reaching safepoint: 145734 ns, At safepoint: 18957 ns, Total: 164691 ns
[2020-09-11T15:28:16.382+0000][1][safepoint    ] Safepoint "Cleanup", Time since last: 1001594667 ns, Reaching safepoint: 84824 ns, At safepoint: 8501 ns, Total: 93325 ns
[2020-09-11T15:28:16.948+0000][1][gc,start     ] GC(230) Pause Young (Allocation Failure)
[2020-09-11T15:28:16.948+0000][1][gc,task      ] GC(230) Using 1 workers of 1 for evacuation
[2020-09-11T15:28:16.967+0000][1][gc,age       ] GC(230) Desired survivor size 4358144 bytes, new threshold 6 (max threshold 6)
[2020-09-11T15:28:16.967+0000][1][gc,age       ] GC(230) Age table with threshold 6 (max threshold 6)
[2020-09-11T15:28:16.967+0000][1][gc,age       ] GC(230) - age   1:     760720 bytes,     760720 total
[2020-09-11T15:28:16.967+0000][1][gc,heap      ] GC(230) ParNew: 76672K->6798K(76672K)
[2020-09-11T15:28:16.967+0000][1][gc,heap      ] GC(230) CMS: 161982K->163180K(2011968K)
[2020-09-11T15:28:16.967+0000][1][gc,metaspace ] GC(230) Metaspace: 99146K->99146K(1140736K)
[2020-09-11T15:28:16.967+0000][1][gc           ] GC(230) Pause Young (Allocation Failure) 233M->165M(2039M) 19.470ms
[2020-09-11T15:28:16.967+0000][1][gc,cpu       ] GC(230) User=0.02s Sys=0.00s Real=0.02s
[2020-09-11T15:28:16.967+0000][1][safepoint    ] Safepoint "GenCollectForAllocation", Time since last: 565039892 ns, Reaching safepoint: 287710 ns, At safepoint: 19567948 ns, Total: 19855658 ns
[2020-09-11T15:28:16.972+0000][1][safepoint    ] Safepoint "RevokeBias", Time since last: 4809488 ns, Reaching safepoint: 193099 ns, At safepoint: 30408 ns, Total: 223507 ns
[2020-09-11T15:28:16.973+0000][1][safepoint    ] Safepoint "RevokeBias", Time since last: 72395 ns, Reaching safepoint: 154977 ns, At safepoint: 22852 ns, Total: 177829 ns
[2020-09-11T15:28:17.418+0000][1][safepoint    ] Safepoint "RevokeBias", Time since last: 445388676 ns, Reaching safepoint: 174732 ns, At safepoint: 25567 ns, Total: 200299 ns
[2020-09-11T15:28:17.419+0000][1][safepoint    ] Safepoint "RevokeBias", Time since last: 390092 ns, Reaching safepoint: 100801 ns, At safepoint: 15419 ns, Total: 116220 ns
[2020-09-11T15:28:17.419+0000][1][safepoint    ] Safepoint "RevokeBias", Time since last: 273884 ns, Reaching safepoint: 107162 ns, At safepoint: 13860 ns, Total: 121022 ns
[2020-09-11T15:28:17.423+0000][1][safepoint    ] Safepoint "RevokeBias", Time since last: 54567 ns, Reaching safepoint: 3489990 ns, At safepoint: 41161 ns, Total: 3531151 ns
[2020-09-11T15:28:17.444+0000][1][safepoint    ] Safepoint "RevokeBias", Time since last: 21418626 ns, Reaching safepoint: 181226 ns, At safepoint: 118026 ns, Total: 299252 ns
[2020-09-11T15:28:17.470+0000][1][safepoint    ] Safepoint "RevokeBias", Time since last: 25069572 ns, Reaching safepoint: 185678 ns, At safepoint: 27093 ns, Total: 212771 ns
[2020-09-11T15:28:18.475+0000][1][safepoint    ] Safepoint "Cleanup", Time since last: 1001684762 ns, Reaching safepoint: 3852035 ns, At safepoint: 15003 ns, Total: 3867038 ns
[2020-09-11T15:28:18.497+0000][1][gc,start     ] GC(231) Pause Young (Allocation Failure)
[2020-09-11T15:28:18.497+0000][1][gc,task      ] GC(231) Using 1 workers of 1 for evacuation
[2020-09-11T15:28:18.521+0000][1][gc,age       ] GC(231) Desired survivor size 4358144 bytes, new threshold 1 (max threshold 6)
[2020-09-11T15:28:18.521+0000][1][gc,age       ] GC(231) Age table with threshold 1 (max threshold 6)
[2020-09-11T15:28:18.521+0000][1][gc,age       ] GC(231) - age   1:    8642304 bytes,    8642304 total
[2020-09-11T15:28:18.521+0000][1][gc,age       ] GC(231) - age   2:         32 bytes,    8642336 total
[2020-09-11T15:28:18.521+0000][1][gc,heap      ] GC(231) ParNew: 74868K->8512K(76672K)
[2020-09-11T15:28:18.521+0000][1][gc,heap      ] GC(231) CMS: 163180K->164725K(2011968K)
[2020-09-11T15:28:18.521+0000][1][gc,metaspace ] GC(231) Metaspace: 99164K->99164K(1140736K)
[2020-09-11T15:28:18.521+0000][1][gc           ] GC(231) Pause Young (Allocation Failure) 232M->169M(2039M) 24.137ms
[2020-09-11T15:28:18.521+0000][1][gc,cpu       ] GC(231) User=0.02s Sys=0.00s Real=0.02s
[2020-09-11T15:28:18.521+0000][1][safepoint    ] Safepoint "GenCollectForAllocation", Time since last: 21541726 ns, Reaching safepoint: 168920 ns, At safepoint: 24297430 ns, Total: 24466350 ns
[2020-09-11T15:28:18.536+0000][1][safepoint    ] Safepoint "RevokeBias", Time since last: 14124723 ns, Reaching safepoint: 152578 ns, At safepoint: 23727 ns, Total: 176305 ns
[2020-09-11T15:28:18.536+0000][1][safepoint    ] Safepoint "RevokeBias", Time since last: 674232 ns, Reaching safepoint: 31946 ns, At safepoint: 13096 ns, Total: 45042 ns
[2020-09-11T15:28:18.536+0000][1][safepoint    ] Safepoint "RevokeBias", Time since last: 117441 ns, Reaching safepoint: 35236 ns, At safepoint: 11470 ns, Total: 46706 ns
[2020-09-11T15:28:18.537+0000][1][safepoint    ] Safepoint "RevokeBias", Time since last: 50373 ns, Reaching safepoint: 29310 ns, At safepoint: 10204 ns, Total: 39514 ns
[2020-09-11T15:28:18.545+0000][1][safepoint    ] Safepoint "RevokeBias", Time since last: 8162910 ns, Reaching safepoint: 140524 ns, At safepoint: 22521 ns, Total: 163045 ns
[2020-09-11T15:28:18.568+0000][1][safepoint    ] Safepoint "RevokeBias", Time since last: 22531340 ns, Reaching safepoint: 147603 ns, At safepoint: 21123 ns, Total: 168726 ns
[2020-09-11T15:28:18.568+0000][1][safepoint    ] Safepoint "RevokeBias", Time since last: 233789 ns, Reaching safepoint: 111811 ns, At safepoint: 14452 ns, Total: 126263 ns
[2020-09-11T15:28:18.568+0000][1][safepoint    ] Safepoint "RevokeBias", Time since last: 112165 ns, Reaching safepoint: 150298 ns, At safepoint: 13259 ns, Total: 163557 ns
[2020-09-11T15:28:18.572+0000][1][safepoint    ] Safepoint "RevokeBias", Time since last: 4007704 ns, Reaching safepoint: 145188 ns, At safepoint: 9863 ns, Total: 155051 ns
[2020-09-11T15:28:18.656+0000][1][gc,start     ] GC(232) Pause Young (Allocation Failure)
[2020-09-11T15:28:18.656+0000][1][gc,task      ] GC(232) Using 1 workers of 1 for evacuation
[2020-09-11T15:28:18.677+0000][1][gc,age       ] GC(232) Desired survivor size 4358144 bytes, new threshold 6 (max threshold 6)
[2020-09-11T15:28:18.677+0000][1][gc,age       ] GC(232) Age table with threshold 6 (max threshold 6)
[2020-09-11T15:28:18.677+0000][1][gc,age       ] GC(232) - age   1:    1521208 bytes,    1521208 total
[2020-09-11T15:28:18.677+0000][1][gc,heap      ] GC(232) ParNew: 76672K->6789K(76672K)
[2020-09-11T15:28:18.677+0000][1][gc,heap      ] GC(232) CMS: 164725K->164728K(2011968K)
[2020-09-11T15:28:18.677+0000][1][gc,metaspace ] GC(232) Metaspace: 99189K->99189K(1140736K)
[2020-09-11T15:28:18.677+0000][1][gc           ] GC(232) Pause Young (Allocation Failure) 235M->167M(2039M) 21.132ms
[2020-09-11T15:28:18.677+0000][1][gc,cpu       ] GC(232) User=0.02s Sys=0.00s Real=0.02s
[2020-09-11T15:28:18.683+0000][1][safepoint    ] Safepoint "GenCollectForAllocation", Time since last: 83301014 ns, Reaching safepoint: 163495 ns, At safepoint: 27578435 ns, Total: 27741930 ns
[2020-09-11T15:28:18.729+0000][1][safepoint    ] Safepoint "RevokeBias", Time since last: 45629744 ns, Reaching safepoint: 152584 ns, At safepoint: 21450 ns, Total: 174034 ns
[2020-09-11T15:28:18.729+0000][1][safepoint    ] Safepoint "RevokeBias", Time since last: 79014 ns, Reaching safepoint: 100056 ns, At safepoint: 12558 ns, Total: 112614 ns
[2020-09-11T15:28:18.730+0000][1][safepoint    ] Safepoint "RevokeBias", Time since last: 54103 ns, Reaching safepoint: 108828 ns, At safepoint: 12456 ns, Total: 121284 ns
[2020-09-11T15:28:18.730+0000][1][safepoint    ] Safepoint "RevokeBias", Time since last: 61592 ns, Reaching safepoint: 97802 ns, At safepoint: 10927 ns, Total: 108729 ns
[2020-09-11T15:28:18.732+0000][1][safepoint    ] Safepoint "RevokeBias", Time since last: 1863070 ns, Reaching safepoint: 114198 ns, At safepoint: 16560 ns, Total: 130758 ns
[2020-09-11T15:28:19.565+0000][1][safepoint    ] Safepoint "RevokeBias", Time since last: 833430677 ns, Reaching safepoint: 90818 ns, At safepoint: 9233 ns, Total: 100051 ns
[2020-09-11T15:28:19.566+0000][1][safepoint    ] Safepoint "BulkRevokeBias", Time since last: 133818 ns, Reaching safepoint: 33735 ns, At safepoint: 189706 ns, Total: 223441 ns
[2020-09-11T15:28:20.566+0000][1][safepoint    ] Safepoint "Cleanup", Time since last: 1000121894 ns, Reaching safepoint: 99124 ns, At safepoint: 9055 ns, Total: 108179 ns
[2020-09-11T15:28:26.939+0000][1][safepoint    ] Safepoint "RevokeBias", Time since last: 6372945689 ns, Reaching safepoint: 204338 ns, At safepoint: 22950 ns, Total: 227288 ns
[2020-09-11T15:28:26.957+0000][1][gc,start     ] GC(233) Pause Young (Allocation Failure)
[2020-09-11T15:28:26.957+0000][1][gc,task      ] GC(233) Using 1 workers of 1 for evacuation
[2020-09-11T15:28:26.973+0000][1][gc,age       ] GC(233) Desired survivor size 4358144 bytes, new threshold 1 (max threshold 6)
[2020-09-11T15:28:26.973+0000][1][gc,age       ] GC(233) Age table with threshold 1 (max threshold 6)
[2020-09-11T15:28:26.973+0000][1][gc,age       ] GC(233) - age   1:    4876240 bytes,    4876240 total
[2020-09-11T15:28:26.973+0000][1][gc,age       ] GC(233) - age   2:      14192 bytes,    4890432 total
[2020-09-11T15:28:26.973+0000][1][gc,heap      ] GC(233) ParNew: 74949K->6206K(76672K)
[2020-09-11T15:28:26.973+0000][1][gc,heap      ] GC(233) CMS: 164728K->164728K(2011968K)
[2020-09-11T15:28:26.973+0000][1][gc,metaspace ] GC(233) Metaspace: 99196K->99196K(1140736K)
[2020-09-11T15:28:26.973+0000][1][gc           ] GC(233) Pause Young (Allocation Failure) 234M->166M(2039M) 15.936ms
[2020-09-11T15:28:26.973+0000][1][gc,cpu       ] GC(233) User=0.01s Sys=0.00s Real=0.01s
[2020-09-11T15:28:26.973+0000][1][safepoint    ] Safepoint "GenCollectForAllocation", Time since last: 18130864 ns, Reaching safepoint: 222522 ns, At safepoint: 16002780 ns, Total: 16225302 ns
[2020-09-11T15:28:27.592+0000][1][safepoint    ] Safepoint "RevokeBias", Time since last: 618868185 ns, Reaching safepoint: 163218 ns, At safepoint: 26354 ns, Total: 189572 ns
[2020-09-11T15:28:27.596+0000][1][safepoint    ] Safepoint "RevokeBias", Time since last: 2946428 ns, Reaching safepoint: 169722 ns, At safepoint: 20291 ns, Total: 190013 ns
[2020-09-11T15:28:27.596+0000][1][safepoint    ] Safepoint "RevokeBias", Time since last: 120419 ns, Reaching safepoint: 157308 ns, At safepoint: 13972 ns, Total: 171280 ns
[2020-09-11T15:28:27.596+0000][1][safepoint    ] Safepoint "RevokeBias", Time since last: 51264 ns, Reaching safepoint: 148583 ns, At safepoint: 12642 ns, Total: 161225 ns
[2020-09-11T15:28:27.604+0000][1][safepoint    ] Safepoint "RevokeBias", Time since last: 7252377 ns, Reaching safepoint: 145720 ns, At safepoint: 23867 ns, Total: 169587 ns
[2020-09-11T15:28:27.620+0000][1][safepoint    ] Safepoint "RevokeBias", Time since last: 16251674 ns, Reaching safepoint: 161283 ns, At safepoint: 9207 ns, Total: 170490 ns
[2020-09-11T15:28:28.620+0000][1][safepoint    ] Safepoint "Cleanup", Time since last: 1000202459 ns, Reaching safepoint: 108303 ns, At safepoint: 8338 ns, Total: 116641 ns
[2020-09-11T15:28:28.754+0000][1][safepoint    ] Safepoint "RevokeBias", Time since last: 131174976 ns, Reaching safepoint: 2306976 ns, At safepoint: 14325 ns, Total: 2321301 ns
[2020-09-11T15:28:28.815+0000][1][gc,start     ] GC(234) Pause Young (Allocation Failure)
[2020-09-11T15:28:28.815+0000][1][gc,task      ] GC(234) Using 1 workers of 1 for evacuation
[2020-09-11T15:28:28.830+0000][1][gc,age       ] GC(234) Desired survivor size 4358144 bytes, new threshold 6 (max threshold 6)
[2020-09-11T15:28:28.831+0000][1][gc,age       ] GC(234) Age table with threshold 6 (max threshold 6)
[2020-09-11T15:28:28.831+0000][1][gc,age       ] GC(234) - age   1:     634000 bytes,     634000 total
[2020-09-11T15:28:28.831+0000][1][gc,heap      ] GC(234) ParNew: 74366K->4099K(76672K)
[2020-09-11T15:28:28.831+0000][1][gc,heap      ] GC(234) CMS: 164728K->165037K(2011968K)
[2020-09-11T15:28:28.831+0000][1][gc,metaspace ] GC(234) Metaspace: 99211K->99211K(1140736K)
[2020-09-11T15:28:28.831+0000][1][gc           ] GC(234) Pause Young (Allocation Failure) 233M->165M(2039M) 15.250ms
[2020-09-11T15:28:28.831+0000][1][gc,cpu       ] GC(234) User=0.01s Sys=0.01s Real=0.02s
[2020-09-11T15:28:28.839+0000][1][safepoint    ] Safepoint "GenCollectForAllocation", Time since last: 61362738 ns, Reaching safepoint: 207791 ns, At safepoint: 24130453 ns, Total: 24338244 ns
[2020-09-11T15:28:29.844+0000][1][safepoint    ] Safepoint "Cleanup", Time since last: 1004178895 ns, Reaching safepoint: 153863 ns, At safepoint: 18158 ns, Total: 172021 ns
[2020-09-11T15:28:30.844+0000][1][safepoint    ] Safepoint "Cleanup", Time since last: 1000226083 ns, Reaching safepoint: 111223 ns, At safepoint: 7225 ns, Total: 118448 ns
[2020-09-11T15:28:31.845+0000][1][safepoint    ] Safepoint "Cleanup", Time since last: 1000193594 ns, Reaching safepoint: 225111 ns, At safepoint: 18095 ns, Total: 243206 ns
[2020-09-11T15:28:32.845+0000][1][safepoint    ] Safepoint "Cleanup", Time since last: 1000199185 ns, Reaching safepoint: 111831 ns, At safepoint: 7095 ns, Total: 118926 ns
[2020-09-11T15:28:33.845+0000][1][safepoint    ] Safepoint "Cleanup", Time since last: 1000169839 ns, Reaching safepoint: 101813 ns, At safepoint: 11724 ns, Total: 113537 ns
[2020-09-11T15:28:34.846+0000][1][safepoint    ] Safepoint "Cleanup", Time since last: 1000171944 ns, Reaching safepoint: 143666 ns, At safepoint: 18496 ns, Total: 162162 ns
[2020-09-11T15:28:35.846+0000][1][safepoint    ] Safepoint "Cleanup", Time since last: 1000221363 ns, Reaching safepoint: 103022 ns, At safepoint: 8520 ns, Total: 111542 ns
[2020-09-11T15:28:36.846+0000][1][safepoint    ] Safepoint "Cleanup", Time since last: 1000122575 ns, Reaching safepoint: 87808 ns, At safepoint: 7668 ns, Total: 95476 ns
[2020-09-11T15:28:36.950+0000][1][safepoint    ] Safepoint "RevokeBias", Time since last: 103308128 ns, Reaching safepoint: 273718 ns, At safepoint: 48355 ns, Total: 322073 ns
[2020-09-11T15:28:37.629+0000][1][gc,start     ] GC(235) Pause Young (Allocation Failure)
[2020-09-11T15:28:37.629+0000][1][gc,task      ] GC(235) Using 1 workers of 1 for evacuation
[2020-09-11T15:28:37.644+0000][1][gc,age       ] GC(235) Desired survivor size 4358144 bytes, new threshold 1 (max threshold 6)
[2020-09-11T15:28:37.644+0000][1][gc,age       ] GC(235) Age table with threshold 1 (max threshold 6)
[2020-09-11T15:28:37.644+0000][1][gc,age       ] GC(235) - age   1:    5936456 bytes,    5936456 total
[2020-09-11T15:28:37.644+0000][1][gc,age       ] GC(235) - age   2:     437584 bytes,    6374040 total
[2020-09-11T15:28:37.644+0000][1][gc,heap      ] GC(235) ParNew: 71874K->6845K(76672K)
[2020-09-11T15:28:37.644+0000][1][gc,heap      ] GC(235) CMS: 165037K->165037K(2011968K)
[2020-09-11T15:28:37.644+0000][1][gc,metaspace ] GC(235) Metaspace: 99216K->99216K(1140736K)
[2020-09-11T15:28:37.644+0000][1][gc           ] GC(235) Pause Young (Allocation Failure) 231M->167M(2039M) 15.702ms
[2020-09-11T15:28:37.644+0000][1][gc,cpu       ] GC(235) User=0.02s Sys=0.00s Real=0.02s
[2020-09-11T15:28:37.644+0000][1][safepoint    ] Safepoint "GenCollectForAllocation", Time since last: 678575268 ns, Reaching safepoint: 210447 ns, At safepoint: 15780140 ns, Total: 15990587 ns
[2020-09-11T15:28:37.647+0000][1][safepoint    ] Safepoint "RevokeBias", Time since last: 2223106 ns, Reaching safepoint: 74658 ns, At safepoint: 34508 ns, Total: 109166 ns
[2020-09-11T15:28:37.648+0000][1][safepoint    ] Safepoint "RevokeBias", Time since last: 735754 ns, Reaching safepoint: 150577 ns, At safepoint: 23788 ns, Total: 174365 ns
[2020-09-11T15:28:37.648+0000][1][safepoint    ] Safepoint "RevokeBias", Time since last: 101700 ns, Reaching safepoint: 36653 ns, At safepoint: 20142 ns, Total: 56795 ns
[2020-09-11T15:28:37.648+0000][1][safepoint    ] Safepoint "RevokeBias", Time since last: 42866 ns, Reaching safepoint: 30407 ns, At safepoint: 19073 ns, Total: 49480 ns
[2020-09-11T15:28:37.654+0000][1][safepoint    ] Safepoint "RevokeBias", Time since last: 5729887 ns, Reaching safepoint: 163734 ns, At safepoint: 25596 ns, Total: 189330 ns
[2020-09-11T15:28:38.654+0000][1][safepoint    ] Safepoint "Cleanup", Time since last: 1000187815 ns, Reaching safepoint: 108784 ns, At safepoint: 11087 ns, Total: 119871 ns
[2020-09-11T15:28:39.654+0000][1][safepoint    ] Safepoint "Cleanup", Time since last: 1000192601 ns, Reaching safepoint: 186578 ns, At safepoint: 19354 ns, Total: 205932 ns
[2020-09-11T15:28:40.655+0000][1][safepoint    ] Safepoint "Cleanup", Time since last: 1000220007 ns, Reaching safepoint: 153355 ns, At safepoint: 20112 ns, Total: 173467 ns
[2020-09-11T15:28:41.655+0000][1][safepoint    ] Safepoint "Cleanup", Time since last: 1000268852 ns, Reaching safepoint: 83413 ns, At safepoint: 8042 ns, Total: 91455 ns
[2020-09-11T15:28:42.656+0000][1][safepoint    ] Safepoint "Cleanup", Time since last: 1000180141 ns, Reaching safepoint: 192064 ns, At safepoint: 21366 ns, Total: 213430 ns
[2020-09-11T15:28:43.656+0000][1][safepoint    ] Safepoint "Cleanup", Time since last: 1000229945 ns, Reaching safepoint: 142871 ns, At safepoint: 18757 ns, Total: 161628 ns
[2020-09-11T15:28:44.656+0000][1][safepoint    ] Safepoint "Cleanup", Time since last: 1000217251 ns, Reaching safepoint: 149770 ns, At safepoint: 19304 ns, Total: 169074 ns
[2020-09-11T15:28:45.657+0000][1][safepoint    ] Safepoint "Cleanup", Time since last: 1000197850 ns, Reaching safepoint: 179284 ns, At safepoint: 18533 ns, Total: 197817 ns
[2020-09-11T15:29:39.843+0000][1][safepoint    ] Safepoint "Cleanup", Time since last: 20496508198 ns, Reaching safepoint: 30644583436 ns, At safepoint: 3048251393 ns, Total: 33692834829 ns
[2020-09-11T15:29:53.885+0000][1][safepoint    ] Safepoint "Cleanup", Time since last: 7327127416 ns, Reaching safepoint: 2731003255 ns, At safepoint: 3983261276 ns, Total: 6714264531 ns
[2020-09-11T15:30:00.003+0000][1][safepoint    ] Safepoint "Cleanup", Time since last: 1125424420 ns, Reaching safepoint: 3181807219 ns, At safepoint: 1810951463 ns, Total: 4992758682 ns
[2020-09-11T15:30:02.595+0000][1][safepoint    ] Safepoint "Cleanup", Time since last: 1014597677 ns, Reaching safepoint: 608976851 ns, At safepoint: 968124338 ns, Total: 1577101189 ns
[2020-09-11T15:30:06.458+0000][1][safepoint    ] Safepoint "Cleanup", Time since last: 1025953190 ns, Reaching safepoint: 1988653855 ns, At safepoint: 848945914 ns, Total: 2837599769 ns
[2020-09-11T15:30:09.082+0000][1][safepoint    ] Safepoint "Cleanup", Time since last: 1087891633 ns, Reaching safepoint: 1053421475 ns, At safepoint: 482733892 ns, Total: 1536155367 ns
[2020-09-11T15:30:11.078+0000][1][safepoint    ] Safepoint "Cleanup", Time since last: 1151265745 ns, Reaching safepoint: 391244747 ns, At safepoint: 453403101 ns, Total: 844647848 ns
[2020-09-11T15:30:13.757+0000][1][safepoint    ] Safepoint "Cleanup", Time since last: 1107967666 ns, Reaching safepoint: 1096092469 ns, At safepoint: 474894600 ns, Total: 1570987069 ns
[2020-09-11T15:30:27.600+0000][1][safepoint    ] Safepoint "Cleanup", Time since last: 12698694221 ns, Reaching safepoint: 964825731 ns, At safepoint: 179747563 ns, Total: 1144573294 ns
[2020-09-11T15:30:53.545+0000][1][safepoint    ] Safepoint "Cleanup", Time since last: 22401234211 ns, Reaching safepoint: 2982961686 ns, At safepoint: 560596105 ns, Total: 3543557791 ns
[2020-09-11T15:30:57.168+0000][1][safepoint    ] Safepoint "Cleanup", Time since last: 2184419649 ns, Reaching safepoint: 987960816 ns, At safepoint: 450578059 ns, Total: 1438538875 ns
[2020-09-11T15:30:59.369+0000][1][safepoint    ] Safepoint "Cleanup", Time since last: 1228245586 ns, Reaching safepoint: 636687840 ns, At safepoint: 335394456 ns, Total: 972082296 ns
[2020-09-11T15:31:00.337+0000][1][safepoint    ] Safepoint "RevokeBias", Time since last: 159843533 ns, Reaching safepoint: 453048814 ns, At safepoint: 356047663 ns, Total: 809096477 ns
[2020-09-11T15:31:01.255+0000][1][safepoint    ] Safepoint "RevokeBias", Time since last: 192265323 ns, Reaching safepoint: 263194347 ns, At safepoint: 461916885 ns, Total: 725111232 ns
[2020-09-11T15:31:03.644+0000][1][safepoint    ] Safepoint "RevokeBias", Time since last: 703565907 ns, Reaching safepoint: 1097485156 ns, At safepoint: 588163361 ns, Total: 1685648517 ns
[2020-09-11T15:31:05.322+0000][1][safepoint    ] Safepoint "RevokeBias", Time since last: 509786711 ns, Reaching safepoint: 470939747 ns, At safepoint: 697017578 ns, Total: 1167957325 ns
[2020-09-11T15:31:08.602+0000][1][safepoint    ] Safepoint "Cleanup", Time since last: 1322708414 ns, Reaching safepoint: 691675086 ns, At safepoint: 1265667675 ns, Total: 1957342761 ns
[2020-09-11T15:31:12.618+0000][1][safepoint    ] Safepoint "Cleanup", Time since last: 1004572861 ns, Reaching safepoint: 2452241195 ns, At safepoint: 559508419 ns, Total: 3011749614 ns
[2020-09-11T15:31:15.903+0000][1][safepoint    ] Safepoint "Cleanup", Time since last: 1030471611 ns, Reaching safepoint: 955256884 ns, At safepoint: 1298634644 ns, Total: 2253891528 ns
[2020-09-11T15:31:18.051+0000][1][safepoint    ] Safepoint "Cleanup", Time since last: 1048615498 ns, Reaching safepoint: 345364890 ns, At safepoint: 754871388 ns, Total: 1100236278 ns
[2020-09-11T15:31:21.202+0000][1][safepoint    ] Safepoint "Cleanup", Time since last: 1102750365 ns, Reaching safepoint: 845231879 ns, At safepoint: 1202729274 ns, Total: 2047961153 ns
[2020-09-11T15:31:23.578+0000][1][safepoint    ] Safepoint "Cleanup", Time since last: 1299559147 ns, Reaching safepoint: 304855556 ns, At safepoint: 771257589 ns, Total: 1076113145 ns
[2020-09-11T15:31:25.979+0000][1][safepoint    ] Safepoint "Cleanup", Time since last: 1091158779 ns, Reaching safepoint: 674615233 ns, At safepoint: 635833673 ns, Total: 1310448906 ns
[2020-09-11T15:31:27.837+0000][1][safepoint    ] Safepoint "Cleanup", Time since last: 1061357219 ns, Reaching safepoint: 198099305 ns, At safepoint: 598450613 ns, Total: 796549918 ns
[2020-09-11T15:31:30.156+0000][1][safepoint    ] Safepoint "Cleanup", Time since last: 1046360943 ns, Reaching safepoint: 558791863 ns, At safepoint: 713704178 ns, Total: 1272496041 ns
[2020-09-11T15:31:33.336+0000][1][safepoint    ] Safepoint "Cleanup", Time since last: 1041466226 ns, Reaching safepoint: 1486266620 ns, At safepoint: 651835791 ns, Total: 2138102411 ns
[2020-09-11T15:31:35.643+0000][1][safepoint    ] Safepoint "Cleanup", Time since last: 1062690839 ns, Reaching safepoint: 802104285 ns, At safepoint: 442812706 ns, Total: 1244916991 ns
[2020-09-11T15:31:37.732+0000][1][safepoint    ] Safepoint "Cleanup", Time since last: 1020582453 ns, Reaching safepoint: 298594049 ns, At safepoint: 769632748 ns, Total: 1068226797 ns
[2020-09-11T15:31:38.865+0000][1][safepoint    ] Safepoint "RevokeBias", Time since last: 262084900 ns, Reaching safepoint: 625995470 ns, At safepoint: 244794402 ns, Total: 870789872 ns
[2020-09-11T15:31:39.594+0000][1][safepoint    ] Safepoint "RevokeBias", Time since last: 63941987 ns, Reaching safepoint: 125758932 ns, At safepoint: 539782626 ns, Total: 665541558 ns
[2020-09-11T15:31:41.031+0000][1][safepoint    ] Safepoint "Cleanup", Time since last: 1207860468 ns, Reaching safepoint: 228644471 ns, At safepoint: 58680 ns, Total: 228703151 ns
[2020-09-11T15:31:42.105+0000][1][safepoint    ] Safepoint "Cleanup", Time since last: 1073760858 ns, Reaching safepoint: 408021 ns, At safepoint: 22073 ns, Total: 430094 ns
[2020-09-11T15:31:43.967+0000][1][safepoint    ] Safepoint "Cleanup", Time since last: 1018064092 ns, Reaching safepoint: 320694345 ns, At safepoint: 522698265 ns, Total: 843392610 ns
[2020-09-11T15:31:45.062+0000][1][safepoint    ] Safepoint "Cleanup", Time since last: 1002648533 ns, Reaching safepoint: 92465939 ns, At safepoint: 46198 ns, Total: 92512137 ns
[2020-09-11T15:31:46.091+0000][1][safepoint    ] Safepoint "Cleanup", Time since last: 1008645843 ns, Reaching safepoint: 20405986 ns, At safepoint: 20100 ns, Total: 20426086 ns
[2020-09-11T15:31:47.921+0000][1][safepoint    ] Safepoint "Cleanup", Time since last: 1417889868 ns, Reaching safepoint: 60072325 ns, At safepoint: 352016056 ns, Total: 412088381 ns
[2020-09-11T15:31:49.277+0000][1][safepoint    ] Safepoint "Cleanup", Time since last: 1132004171 ns, Reaching safepoint: 128149751 ns, At safepoint: 95787399 ns, Total: 223937150 ns
[2020-09-11T15:31:50.285+0000][1][safepoint    ] Safepoint "Cleanup", Time since last: 1002347381 ns, Reaching safepoint: 5900812 ns, At safepoint: 39764 ns, Total: 5940576 ns
[2020-09-11T15:31:51.629+0000][1][safepoint    ] Safepoint "Cleanup", Time since last: 1071284627 ns, Reaching safepoint: 184021315 ns, At safepoint: 88996577 ns, Total: 273017892 ns
[2020-09-11T15:31:53.062+0000][1][safepoint    ] Safepoint "Cleanup", Time since last: 1052114801 ns, Reaching safepoint: 37833674 ns, At safepoint: 342512005 ns, Total: 380345679 ns
[2020-09-11T15:31:55.638+0000][1][safepoint    ] Safepoint "Cleanup", Time since last: 1046675490 ns, Reaching safepoint: 480264230 ns, At safepoint: 1048914678 ns, Total: 1529178908 ns
[2020-09-11T15:31:57.581+0000][1][safepoint    ] Safepoint "Cleanup", Time since last: 1517849402 ns, Reaching safepoint: 204861788 ns, At safepoint: 220728663 ns, Total: 425590451 ns
[2020-09-11T15:31:59.356+0000][1][safepoint    ] Safepoint "Cleanup", Time since last: 1305785200 ns, Reaching safepoint: 77227595 ns, At safepoint: 391739148 ns, Total: 468966743 ns
[2020-09-11T15:32:00.966+0000][1][safepoint    ] Safepoint "Cleanup", Time since last: 1235049519 ns, Reaching safepoint: 113053878 ns, At safepoint: 261550990 ns, Total: 374604868 ns
[2020-09-11T15:32:02.740+0000][1][safepoint    ] Safepoint "Cleanup", Time since last: 1400654294 ns, Reaching safepoint: 48868325 ns, At safepoint: 324930084 ns, Total: 373798409 ns
[2020-09-11T15:32:03.850+0000][1][safepoint    ] Safepoint "Cleanup", Time since last: 1075274968 ns, Reaching safepoint: 34300852 ns, At safepoint: 17311 ns, Total: 34318163 ns
[2020-09-11T15:32:05.005+0000][1][safepoint    ] Safepoint "Cleanup", Time since last: 1155239062 ns, Reaching safepoint: 377831 ns, At safepoint: 12197 ns, Total: 390028 ns
[2020-09-11T15:32:07.120+0000][1][safepoint    ] Safepoint "Cleanup", Time since last: 1436351963 ns, Reaching safepoint: 128518263 ns, At safepoint: 549992841 ns, Total: 678511104 ns
[2020-09-11T15:32:08.143+0000][1][safepoint    ] Safepoint "Cleanup", Time since last: 1021048173 ns, Reaching safepoint: 2059490 ns, At safepoint: 43023 ns, Total: 2102513 ns
[2020-09-11T15:32:09.269+0000][1][safepoint    ] Safepoint "Cleanup", Time since last: 1094562163 ns, Reaching safepoint: 30886033 ns, At safepoint: 67184 ns, Total: 30953217 ns
[2020-09-11T15:32:10.299+0000][1][safepoint    ] Safepoint "Cleanup", Time since last: 1029668026 ns, Reaching safepoint: 635379 ns, At safepoint: 34918 ns, Total: 670297 ns
[2020-09-11T15:32:11.431+0000][1][safepoint    ] Safepoint "Cleanup", Time since last: 1131537055 ns, Reaching safepoint: 540700 ns, At safepoint: 29636 ns, Total: 570336 ns
[2020-09-11T15:32:12.609+0000][1][safepoint    ] Safepoint "Cleanup", Time since last: 1173709856 ns, Reaching safepoint: 3654331 ns, At safepoint: 13437 ns, Total: 3667768 ns
[2020-09-11T15:32:13.842+0000][1][safepoint    ] Safepoint "Cleanup", Time since last: 1196844594 ns, Reaching safepoint: 36859571 ns, At safepoint: 77994 ns, Total: 36937565 ns
[2020-09-11T15:32:14.959+0000][1][safepoint    ] Safepoint "Cleanup", Time since last: 1115736935 ns, Reaching safepoint: 566684 ns, At safepoint: 33885 ns, Total: 600569 ns
[2020-09-11T15:32:16.376+0000][1][safepoint    ] Safepoint "Cleanup", Time since last: 1262893799 ns, Reaching safepoint: 154447244 ns, At safepoint: 45896 ns, Total: 154493140 ns
[2020-09-11T15:32:18.189+0000][1][safepoint    ] Safepoint "Cleanup", Time since last: 1811786334 ns, Reaching safepoint: 640344 ns, At safepoint: 37313 ns, Total: 677657 ns
[2020-09-11T15:32:19.253+0000][1][safepoint    ] Safepoint "Cleanup", Time since last: 1054428977 ns, Reaching safepoint: 10271874 ns, At safepoint: 38163 ns, Total: 10310037 ns
[2020-09-11T15:32:19.617+0000][1][gc,start     ] GC(236) Pause Young (Allocation Failure)
[2020-09-11T15:32:20.065+0000][1][gc,task      ] GC(236) Using 1 workers of 1 for evacuation
[2020-09-11T15:32:22.304+0000][1][gc,age       ] GC(236) Desired survivor size 4358144 bytes, new threshold 6 (max threshold 6)
[2020-09-11T15:32:22.305+0000][1][gc,age       ] GC(236) Age table with threshold 6 (max threshold 6)
[2020-09-11T15:32:22.305+0000][1][gc,age       ] GC(236) - age   1:     869280 bytes,     869280 total
[2020-09-11T15:32:22.305+0000][1][gc,heap      ] GC(236) ParNew: 74984K->4953K(76672K)
[2020-09-11T15:32:22.305+0000][1][gc,heap      ] GC(236) CMS: 165037K->165381K(2011968K)
[2020-09-11T15:32:22.305+0000][1][gc,metaspace ] GC(236) Metaspace: 99236K->99236K(1140736K)
[2020-09-11T15:32:22.305+0000][1][gc           ] GC(236) Pause Young (Allocation Failure) 234M->166M(2039M) 2688.161ms
[2020-09-11T15:32:22.305+0000][1][gc,cpu       ] GC(236) User=0.62s Sys=0.03s Real=2.69s
[2020-09-11T15:32:22.472+0000][1][safepoint    ] Safepoint "GenCollectForAllocation", Time since last: 361297078 ns, Reaching safepoint: 2023434 ns, At safepoint: 2855721444 ns, Total: 2857744878 ns
[2020-09-11T15:32:24.048+0000][1][safepoint    ] Safepoint "Cleanup", Time since last: 1575532130 ns, Reaching safepoint: 484072 ns, At safepoint: 39124 ns, Total: 523196 ns
[2020-09-11T15:32:25.164+0000][1][safepoint    ] Safepoint "Cleanup", Time since last: 1114953662 ns, Reaching safepoint: 371117 ns, At safepoint: 29066 ns, Total: 400183 ns
[2020-09-11T15:32:26.694+0000][1][safepoint    ] Safepoint "Cleanup", Time since last: 1098013355 ns, Reaching safepoint: 252761455 ns, At safepoint: 179373609 ns, Total: 432135064 ns
[2020-09-11T15:32:27.915+0000][1][safepoint    ] Safepoint "Cleanup", Time since last: 1221204066 ns, Reaching safepoint: 256200 ns, At safepoint: 9932 ns, Total: 266132 ns
[2020-09-11T15:32:29.026+0000][1][safepoint    ] Safepoint "Cleanup", Time since last: 1090305868 ns, Reaching safepoint: 20483835 ns, At safepoint: 16383 ns, Total: 20500218 ns
[2020-09-11T15:32:30.040+0000][1][safepoint    ] Safepoint "Cleanup", Time since last: 1004807776 ns, Reaching safepoint: 8793578 ns, At safepoint: 33252 ns, Total: 8826830 ns
[2020-09-11T15:32:31.078+0000][1][safepoint    ] Safepoint "Cleanup", Time since last: 1036743238 ns, Reaching safepoint: 1024082 ns, At safepoint: 34241 ns, Total: 1058323 ns
[2020-09-11T15:32:32.406+0000][1][safepoint    ] Safepoint "Cleanup", Time since last: 1005811777 ns, Reaching safepoint: 187627620 ns, At safepoint: 134562692 ns, Total: 322190312 ns
[2020-09-11T15:32:33.459+0000][1][safepoint    ] Safepoint "Cleanup", Time since last: 1052443155 ns, Reaching safepoint: 425198 ns, At safepoint: 27121 ns, Total: 452319 ns
[2020-09-11T15:32:34.472+0000][1][safepoint    ] Safepoint "Cleanup", Time since last: 1012860183 ns, Reaching safepoint: 710240 ns, At safepoint: 29707 ns, Total: 739947 ns
[2020-09-11T15:32:35.651+0000][1][safepoint    ] Safepoint "Cleanup", Time since last: 1167747656 ns, Reaching safepoint: 11471481 ns, At safepoint: 32991 ns, Total: 11504472 ns
[2020-09-11T15:32:35.879+0000][1][safepoint    ] Safepoint "RevokeBias", Time since last: 227194720 ns, Reaching safepoint: 393886 ns, At safepoint: 31299 ns, Total: 425185 ns
[2020-09-11T15:32:36.991+0000][1][safepoint    ] Safepoint "Cleanup", Time since last: 1111384391 ns, Reaching safepoint: 378533 ns, At safepoint: 31104 ns, Total: 409637 ns
[2020-09-11T15:32:38.103+0000][1][safepoint    ] Safepoint "Cleanup", Time since last: 1111796150 ns, Reaching safepoint: 418667 ns, At safepoint: 31167 ns, Total: 449834 ns
[2020-09-11T15:32:39.367+0000][1][safepoint    ] Safepoint "Cleanup", Time since last: 1202117608 ns, Reaching safepoint: 62071636 ns, At safepoint: 9640 ns, Total: 62081276 ns
[2020-09-11T15:32:40.479+0000][1][safepoint    ] Safepoint "Cleanup", Time since last: 1111194323 ns, Reaching safepoint: 298087 ns, At safepoint: 11833 ns, Total: 309920 ns
[2020-09-11T15:32:41.552+0000][1][safepoint    ] Safepoint "Cleanup", Time since last: 1073345130 ns, Reaching safepoint: 249612 ns, At safepoint: 9213 ns, Total: 258825 ns
[2020-09-11T15:32:42.668+0000][1][safepoint    ] Safepoint "Cleanup", Time since last: 1115130623 ns, Reaching safepoint: 482802 ns, At safepoint: 30252 ns, Total: 513054 ns
[2020-09-11T15:32:44.122+0000][1][safepoint    ] Safepoint "Cleanup", Time since last: 1453088418 ns, Reaching safepoint: 420075 ns, At safepoint: 32546 ns, Total: 452621 ns
[2020-09-11T15:32:45.306+0000][1][safepoint    ] Safepoint "Cleanup", Time since last: 1156257319 ns, Reaching safepoint: 27818541 ns, At safepoint: 20144 ns, Total: 27838685 ns
[2020-09-11T15:32:46.310+0000][1][safepoint    ] Safepoint "Cleanup", Time since last: 1000908091 ns, Reaching safepoint: 3623495 ns, At safepoint: 31912 ns, Total: 3655407 ns
[2020-09-11T15:32:47.322+0000][1][safepoint    ] Safepoint "Cleanup", Time since last: 1011453822 ns, Reaching safepoint: 117076 ns, At safepoint: 8901 ns, Total: 125977 ns
[2020-09-11T15:32:48.369+0000][1][safepoint    ] Safepoint "Cleanup", Time since last: 1047338104 ns, Reaching safepoint: 185272 ns, At safepoint: 21675 ns, Total: 206947 ns
[2020-09-11T15:32:49.406+0000][1][safepoint    ] Safepoint "Cleanup", Time since last: 1036517605 ns, Reaching safepoint: 94877 ns, At safepoint: 7390 ns, Total: 102267 ns
[2020-09-11T15:32:50.415+0000][1][safepoint    ] Safepoint "Cleanup", Time since last: 1008562781 ns, Reaching safepoint: 113200 ns, At safepoint: 9726 ns, Total: 122926 ns
[2020-09-11T15:32:51.429+0000][1][safepoint    ] Safepoint "Cleanup", Time since last: 1014629333 ns, Reaching safepoint: 110308 ns, At safepoint: 13673 ns, Total: 123981 ns
[2020-09-11T15:32:52.430+0000][1][safepoint    ] Safepoint "Cleanup", Time since last: 1000121693 ns, Reaching safepoint: 216156 ns, At safepoint: 16419 ns, Total: 232575 ns
[2020-09-11T15:32:53.443+0000][1][safepoint    ] Safepoint "Cleanup", Time since last: 1013208791 ns, Reaching safepoint: 198582 ns, At safepoint: 30525 ns, Total: 229107 ns
[2020-09-11T15:32:54.455+0000][1][safepoint    ] Safepoint "Cleanup", Time since last: 1011220973 ns, Reaching safepoint: 101871 ns, At safepoint: 11494 ns, Total: 113365 ns
[2020-09-11T15:32:55.510+0000][1][safepoint    ] Safepoint "Cleanup", Time since last: 1054257045 ns, Reaching safepoint: 1225917 ns, At safepoint: 15625 ns, Total: 1241542 ns
[2020-09-11T15:32:56.576+0000][1][safepoint    ] Safepoint "Cleanup", Time since last: 1066262014 ns, Reaching safepoint: 180033 ns, At safepoint: 23784 ns, Total: 203817 ns
[2020-09-11T15:32:57.577+0000][1][safepoint    ] Safepoint "Cleanup", Time since last: 1000191277 ns, Reaching safepoint: 217756 ns, At safepoint: 41290 ns, Total: 259046 ns
[2020-09-11T15:32:58.577+0000][1][safepoint    ] Safepoint "Cleanup", Time since last: 1000258779 ns, Reaching safepoint: 138089 ns, At safepoint: 8812 ns, Total: 146901 ns
[2020-09-11T15:32:59.582+0000][1][safepoint    ] Safepoint "Cleanup", Time since last: 1005036716 ns, Reaching safepoint: 101372 ns, At safepoint: 9377 ns, Total: 110749 ns
[2020-09-11T15:33:00.583+0000][1][safepoint    ] Safepoint "Cleanup", Time since last: 1000198471 ns, Reaching safepoint: 131346 ns, At safepoint: 8432 ns, Total: 139778 ns
[2020-09-11T15:33:01.583+0000][1][safepoint    ] Safepoint "Cleanup", Time since last: 1000213267 ns, Reaching safepoint: 212995 ns, At safepoint: 20840 ns, Total: 233835 ns
[2020-09-11T15:33:02.587+0000][1][safepoint    ] Safepoint "Cleanup", Time since last: 1003648306 ns, Reaching safepoint: 177885 ns, At safepoint: 22384 ns, Total: 200269 ns
[2020-09-11T15:33:03.512+0000][1][gc,start     ] GC(237) Pause Young (Allocation Failure)
[2020-09-11T15:33:03.512+0000][1][gc,task      ] GC(237) Using 1 workers of 1 for evacuation
[2020-09-11T15:33:03.817+0000][1][gc,age       ] GC(237) Desired survivor size 4358144 bytes, new threshold 1 (max threshold 6)
[2020-09-11T15:33:03.817+0000][1][gc,age       ] GC(237) Age table with threshold 1 (max threshold 6)
[2020-09-11T15:33:03.817+0000][1][gc,age       ] GC(237) - age   1:    6133224 bytes,    6133224 total
[2020-09-11T15:33:03.817+0000][1][gc,age       ] GC(237) - age   2:     597512 bytes,    6730736 total
[2020-09-11T15:33:03.817+0000][1][gc,heap      ] GC(237) ParNew: 73113K->6987K(76672K)
[2020-09-11T15:33:03.817+0000][1][gc,heap      ] GC(237) CMS: 165381K->165381K(2011968K)
[2020-09-11T15:33:03.817+0000][1][gc,metaspace ] GC(237) Metaspace: 99249K->99249K(1140736K)
[2020-09-11T15:33:03.817+0000][1][gc           ] GC(237) Pause Young (Allocation Failure) 232M->168M(2039M) 304.972ms
[2020-09-11T15:33:03.817+0000][1][gc,cpu       ] GC(237) User=0.15s Sys=0.00s Real=0.31s
[2020-09-11T15:33:03.817+0000][1][safepoint    ] Safepoint "GenCollectForAllocation", Time since last: 924507508 ns, Reaching safepoint: 221107 ns, At safepoint: 305467490 ns, Total: 305688597 ns
[2020-09-11T15:33:04.821+0000][1][safepoint    ] Safepoint "Cleanup", Time since last: 1003583402 ns, Reaching safepoint: 87451 ns, At safepoint: 26082 ns, Total: 113533 ns
[2020-09-11T15:33:05.843+0000][1][safepoint    ] Safepoint "Cleanup", Time since last: 1021484250 ns, Reaching safepoint: 94619 ns, At safepoint: 19533 ns, Total: 114152 ns
[2020-09-11T15:33:05.891+0000][1][safepoint    ] Safepoint "RevokeBias", Time since last: 48376746 ns, Reaching safepoint: 94679 ns, At safepoint: 36829 ns, Total: 131508 ns
[2020-09-11T15:33:05.891+0000][1][safepoint    ] Safepoint "RevokeBias", Time since last: 67732 ns, Reaching safepoint: 32775 ns, At safepoint: 21863 ns, Total: 54638 ns
[2020-09-11T15:33:05.891+0000][1][safepoint    ] Safepoint "RevokeBias", Time since last: 33048 ns, Reaching safepoint: 31608 ns, At safepoint: 20258 ns, Total: 51866 ns
[2020-09-11T15:33:05.892+0000][1][safepoint    ] Safepoint "RevokeBias", Time since last: 789857 ns, Reaching safepoint: 43022 ns, At safepoint: 28508 ns, Total: 71530 ns
[2020-09-11T15:33:06.893+0000][1][safepoint    ] Safepoint "Cleanup", Time since last: 1000955369 ns, Reaching safepoint: 167255 ns, At safepoint: 21565 ns, Total: 188820 ns
[2020-09-11T15:33:07.894+0000][1][safepoint    ] Safepoint "Cleanup", Time since last: 1000252462 ns, Reaching safepoint: 108497 ns, At safepoint: 8745 ns, Total: 117242 ns
[2020-09-11T15:33:08.894+0000][1][safepoint    ] Safepoint "Cleanup", Time since last: 1000169502 ns, Reaching safepoint: 131055 ns, At safepoint: 9144 ns, Total: 140199 ns
[2020-09-11T15:33:09.902+0000][1][safepoint    ] Safepoint "Cleanup", Time since last: 1007738936 ns, Reaching safepoint: 181380 ns, At safepoint: 21392 ns, Total: 202772 ns
[2020-09-11T15:33:10.932+0000][1][safepoint    ] Safepoint "Cleanup", Time since last: 1029368084 ns, Reaching safepoint: 227522 ns, At safepoint: 20650 ns, Total: 248172 ns
[2020-09-11T15:33:11.955+0000][1][safepoint    ] Safepoint "Cleanup", Time since last: 1022117465 ns, Reaching safepoint: 964640 ns, At safepoint: 14581 ns, Total: 979221 ns
[2020-09-11T15:33:13.112+0000][1][safepoint    ] Safepoint "Cleanup", Time since last: 1157098617 ns, Reaching safepoint: 130429 ns, At safepoint: 9681 ns, Total: 140110 ns
[2020-09-11T15:33:14.143+0000][1][safepoint    ] Safepoint "Cleanup", Time since last: 1031172522 ns, Reaching safepoint: 78232 ns, At safepoint: 7378 ns, Total: 85610 ns
[2020-09-11T15:33:15.163+0000][1][safepoint    ] Safepoint "Cleanup", Time since last: 1019549489 ns, Reaching safepoint: 185671 ns, At safepoint: 11282 ns, Total: 196953 ns
[2020-09-11T15:33:16.283+0000][1][safepoint    ] Safepoint "Cleanup", Time since last: 1119912152 ns, Reaching safepoint: 142424 ns, At safepoint: 10267 ns, Total: 152691 ns
[2020-09-11T15:33:17.284+0000][1][safepoint    ] Safepoint "Cleanup", Time since last: 1000931740 ns, Reaching safepoint: 97030 ns, At safepoint: 10520 ns, Total: 107550 ns
[2020-09-11T15:33:19.467+0000][1][safepoint    ] Safepoint "Cleanup", Time since last: 2181667833 ns, Reaching safepoint: 794687 ns, At safepoint: 41772 ns, Total: 836459 ns
[2020-09-11T15:33:22.782+0000][1][safepoint    ] Safepoint "Cleanup", Time since last: 3314898669 ns, Reaching safepoint: 432196 ns, At safepoint: 26057 ns, Total: 458253 ns
[2020-09-11T15:33:23.782+0000][1][safepoint    ] Safepoint "Cleanup", Time since last: 1000182945 ns, Reaching safepoint: 100269 ns, At safepoint: 8717 ns, Total: 108986 ns
[2020-09-11T15:33:24.830+0000][1][safepoint    ] Safepoint "Cleanup", Time since last: 1047220723 ns, Reaching safepoint: 179724 ns, At safepoint: 9379 ns, Total: 189103 ns
[2020-09-11T15:33:25.830+0000][1][safepoint    ] Safepoint "Cleanup", Time since last: 1000154782 ns, Reaching safepoint: 228940 ns, At safepoint: 19641 ns, Total: 248581 ns
[2020-09-11T15:33:26.832+0000][1][safepoint    ] Safepoint "Cleanup", Time since last: 1001748845 ns, Reaching safepoint: 101064 ns, At safepoint: 10259 ns, Total: 111323 ns
[2020-09-11T15:33:27.832+0000][1][safepoint    ] Safepoint "Cleanup", Time since last: 1000168587 ns, Reaching safepoint: 137630 ns, At safepoint: 16346 ns, Total: 153976 ns
[2020-09-11T15:33:28.864+0000][1][safepoint    ] Safepoint "Cleanup", Time since last: 1032025119 ns, Reaching safepoint: 104007 ns, At safepoint: 9002 ns, Total: 113009 ns
[2020-09-11T15:33:29.938+0000][1][safepoint    ] Safepoint "Cleanup", Time since last: 1073829105 ns, Reaching safepoint: 189079 ns, At safepoint: 24633 ns, Total: 213712 ns
[2020-09-11T15:33:30.971+0000][1][safepoint    ] Safepoint "Cleanup", Time since last: 1031993274 ns, Reaching safepoint: 184460 ns, At safepoint: 28616 ns, Total: 213076 ns
[2020-09-11T15:33:31.201+0000][1][gc,start     ] GC(238) Pause Young (Allocation Failure)
[2020-09-11T15:33:31.201+0000][1][gc,task      ] GC(238) Using 1 workers of 1 for evacuation
[2020-09-11T15:33:31.660+0000][1][gc,age       ] GC(238) Desired survivor size 4358144 bytes, new threshold 6 (max threshold 6)
[2020-09-11T15:33:31.660+0000][1][gc,age       ] GC(238) Age table with threshold 6 (max threshold 6)
[2020-09-11T15:33:31.660+0000][1][gc,age       ] GC(238) - age   1:    3735368 bytes,    3735368 total
[2020-09-11T15:33:31.660+0000][1][gc,heap      ] GC(238) ParNew: 75147K->5279K(76672K)
[2020-09-11T15:33:31.660+0000][1][gc,heap      ] GC(238) CMS: 165381K->171760K(2011968K)
[2020-09-11T15:33:31.660+0000][1][gc,metaspace ] GC(238) Metaspace: 99260K->99260K(1140736K)
[2020-09-11T15:33:31.660+0000][1][gc           ] GC(238) Pause Young (Allocation Failure) 234M->172M(2039M) 458.809ms
[2020-09-11T15:33:31.660+0000][1][gc,cpu       ] GC(238) User=0.21s Sys=0.01s Real=0.45s
[2020-09-11T15:33:31.661+0000][1][safepoint    ] Safepoint "GenCollectForAllocation", Time since last: 230420299 ns, Reaching safepoint: 163361 ns, At safepoint: 459672259 ns, Total: 459835620 ns
[2020-09-11T15:33:32.664+0000][1][safepoint    ] Safepoint "Cleanup", Time since last: 1003527558 ns, Reaching safepoint: 93585 ns, At safepoint: 21106 ns, Total: 114691 ns
[2020-09-11T15:33:33.855+0000][1][safepoint    ] Safepoint "Cleanup", Time since last: 1190658499 ns, Reaching safepoint: 293687 ns, At safepoint: 12171 ns, Total: 305858 ns
[2020-09-11T15:33:37.993+0000][1][safepoint    ] Safepoint "Cleanup", Time since last: 4137874291 ns, Reaching safepoint: 121772 ns, At safepoint: 5362 ns, Total: 127134 ns
[2020-09-11T15:33:38.994+0000][1][safepoint    ] Safepoint "Cleanup", Time since last: 1000141236 ns, Reaching safepoint: 666791 ns, At safepoint: 28508 ns, Total: 695299 ns
[2020-09-11T15:33:39.453+0000][1][safepoint    ] Safepoint "RevokeBias", Time since last: 458892244 ns, Reaching safepoint: 256426 ns, At safepoint: 55386 ns, Total: 311812 ns
[2020-09-11T15:33:40.486+0000][1][safepoint    ] Safepoint "Cleanup", Time since last: 1032102471 ns, Reaching safepoint: 184254 ns, At safepoint: 21825 ns, Total: 206079 ns
[2020-09-11T15:33:41.499+0000][1][safepoint    ] Safepoint "Cleanup", Time since last: 1013128688 ns, Reaching safepoint: 186505 ns, At safepoint: 20917 ns, Total: 207422 ns
[2020-09-11T15:33:42.524+0000][1][safepoint    ] Safepoint "Cleanup", Time since last: 1024444679 ns, Reaching safepoint: 189893 ns, At safepoint: 21659 ns, Total: 211552 ns
[2020-09-11T15:33:43.524+0000][1][safepoint    ] Safepoint "Cleanup", Time since last: 1000252483 ns, Reaching safepoint: 91218 ns, At safepoint: 8624 ns, Total: 99842 ns
[2020-09-11T15:33:44.766+0000][1][safepoint    ] Safepoint "Cleanup", Time since last: 1242037257 ns, Reaching safepoint: 147598 ns, At safepoint: 9808 ns, Total: 157406 ns
[2020-09-11T15:33:45.902+0000][1][safepoint    ] Safepoint "Cleanup", Time since last: 1135466356 ns, Reaching safepoint: 133168 ns, At safepoint: 9139 ns, Total: 142307 ns
[2020-09-11T15:33:47.273+0000][1][safepoint    ] Safepoint "Cleanup", Time since last: 1371306869 ns, Reaching safepoint: 127887 ns, At safepoint: 8663 ns, Total: 136550 ns
[2020-09-11T15:33:48.286+0000][1][safepoint    ] Safepoint "Cleanup", Time since last: 1012772015 ns, Reaching safepoint: 93214 ns, At safepoint: 7823 ns, Total: 101037 ns
[2020-09-11T15:33:49.287+0000][1][safepoint    ] Safepoint "Cleanup", Time since last: 1000230535 ns, Reaching safepoint: 192124 ns, At safepoint: 9978 ns, Total: 202102 ns
[2020-09-11T15:33:50.291+0000][1][safepoint    ] Safepoint "Cleanup", Time since last: 1003905854 ns, Reaching safepoint: 168453 ns, At safepoint: 19747 ns, Total: 188200 ns
[2020-09-11T15:33:51.316+0000][1][safepoint    ] Safepoint "Cleanup", Time since last: 1024877248 ns, Reaching safepoint: 200354 ns, At safepoint: 12148 ns, Total: 212502 ns
[2020-09-11T15:33:52.324+0000][1][safepoint    ] Safepoint "Cleanup", Time since last: 1007433494 ns, Reaching safepoint: 212023 ns, At safepoint: 12148 ns, Total: 224171 ns
[2020-09-11T15:33:53.325+0000][1][safepoint    ] Safepoint "Cleanup", Time since last: 1000154617 ns, Reaching safepoint: 928543 ns, At safepoint: 10797 ns, Total: 939340 ns
[2020-09-11T15:33:54.351+0000][1][safepoint    ] Safepoint "Cleanup", Time since last: 1026176245 ns, Reaching safepoint: 184697 ns, At safepoint: 21972 ns, Total: 206669 ns
[2020-09-11T15:33:55.372+0000][1][safepoint    ] Safepoint "Cleanup", Time since last: 1020520831 ns, Reaching safepoint: 185372 ns, At safepoint: 20622 ns, Total: 205994 ns
[2020-09-11T15:33:56.376+0000][1][safepoint    ] Safepoint "Cleanup", Time since last: 1003623315 ns, Reaching safepoint: 184724 ns, At safepoint: 21284 ns, Total: 206008 ns
[2020-09-11T15:33:57.381+0000][1][safepoint    ] Safepoint "Cleanup", Time since last: 1005357274 ns, Reaching safepoint: 174846 ns, At safepoint: 20930 ns, Total: 195776 ns
[2020-09-11T15:33:58.384+0000][1][safepoint    ] Safepoint "Cleanup", Time since last: 1002595724 ns, Reaching safepoint: 89061 ns, At safepoint: 8732 ns, Total: 97793 ns
[2020-09-11T15:33:59.389+0000][1][safepoint    ] Safepoint "Cleanup", Time since last: 1005259503 ns, Reaching safepoint: 187252 ns, At safepoint: 23893 ns, Total: 211145 ns
[2020-09-11T15:34:00.394+0000][1][safepoint    ] Safepoint "Cleanup", Time since last: 1004918367 ns, Reaching safepoint: 109100 ns, At safepoint: 14420 ns, Total: 123520 ns
[2020-09-11T15:34:01.395+0000][1][safepoint    ] Safepoint "Cleanup", Time since last: 1000175911 ns, Reaching safepoint: 235539 ns, At safepoint: 23595 ns, Total: 259134 ns
[2020-09-11T15:34:02.395+0000][1][safepoint    ] Safepoint "Cleanup", Time since last: 1000190259 ns, Reaching safepoint: 178731 ns, At safepoint: 19917 ns, Total: 198648 ns
[2020-09-11T15:34:05.385+0000][1][safepoint    ] Safepoint "Cleanup", Time since last: 1000223826 ns, Reaching safepoint: 1989907206 ns, At safepoint: 24367 ns, Total: 1989931573 ns
[2020-09-11T15:34:06.439+0000][1][safepoint    ] Safepoint "Cleanup", Time since last: 1052315922 ns, Reaching safepoint: 1211829 ns, At safepoint: 26864 ns, Total: 1238693 ns
[2020-09-11T15:34:07.518+0000][1][safepoint    ] Safepoint "Cleanup", Time since last: 1015190843 ns, Reaching safepoint: 64197542 ns, At safepoint: 17967 ns, Total: 64215509 ns
[2020-09-11T15:34:07.752+0000][1][safepoint    ] Safepoint "RevokeBias", Time since last: 233935496 ns, Reaching safepoint: 164422 ns, At safepoint: 13628 ns, Total: 178050 ns
[2020-09-11T15:34:07.753+0000][1][safepoint    ] Safepoint "RevokeBias", Time since last: 114582 ns, Reaching safepoint: 140014 ns, At safepoint: 9683 ns, Total: 149697 ns
[2020-09-11T15:34:07.781+0000][1][safepoint    ] Safepoint "RevokeBias", Time since last: 27852119 ns, Reaching safepoint: 405765 ns, At safepoint: 28537 ns, Total: 434302 ns
[2020-09-11T15:34:07.801+0000][1][safepoint    ] Safepoint "RevokeBias", Time since last: 20064598 ns, Reaching safepoint: 241278 ns, At safepoint: 30665 ns, Total: 271943 ns
[2020-09-11T15:34:07.802+0000][1][safepoint    ] Safepoint "RevokeBias", Time since last: 265268 ns, Reaching safepoint: 737632 ns, At safepoint: 52306 ns, Total: 789938 ns
[2020-09-11T15:34:07.907+0000][1][safepoint    ] Safepoint "RevokeBias", Time since last: 104285411 ns, Reaching safepoint: 236931 ns, At safepoint: 24698 ns, Total: 261629 ns
[2020-09-11T15:34:07.948+0000][1][safepoint    ] Safepoint "RevokeBias", Time since last: 41010265 ns, Reaching safepoint: 234472 ns, At safepoint: 25734 ns, Total: 260206 ns
[2020-09-11T15:34:08.096+0000][1][safepoint    ] Safepoint "RevokeBias", Time since last: 144736265 ns, Reaching safepoint: 2804158 ns, At safepoint: 48561 ns, Total: 2852719 ns
[2020-09-11T15:34:08.108+0000][1][safepoint    ] Safepoint "RevokeBias", Time since last: 416055 ns, Reaching safepoint: 12144452 ns, At safepoint: 68642 ns, Total: 12213094 ns
[2020-09-11T15:34:08.177+0000][1][safepoint    ] Safepoint "RevokeBias", Time since last: 68311779 ns, Reaching safepoint: 327570 ns, At safepoint: 59901 ns, Total: 387471 ns
[2020-09-11T15:34:08.179+0000][1][safepoint    ] Safepoint "RevokeBias", Time since last: 482248 ns, Reaching safepoint: 1114070 ns, At safepoint: 11079 ns, Total: 1125149 ns
[2020-09-11T15:34:08.213+0000][1][safepoint    ] Safepoint "RevokeBias", Time since last: 32968394 ns, Reaching safepoint: 1339280 ns, At safepoint: 55888 ns, Total: 1395168 ns
[2020-09-11T15:34:08.217+0000][1][safepoint    ] Safepoint "RevokeBias", Time since last: 167668 ns, Reaching safepoint: 3762816 ns, At safepoint: 51251 ns, Total: 3814067 ns
[2020-09-11T15:34:08.217+0000][1][safepoint    ] Safepoint "RevokeBias", Time since last: 165071 ns, Reaching safepoint: 215324 ns, At safepoint: 44421 ns, Total: 259745 ns
[2020-09-11T15:34:08.218+0000][1][safepoint    ] Safepoint "RevokeBias", Time since last: 252330 ns, Reaching safepoint: 239601 ns, At safepoint: 8325 ns, Total: 247926 ns
[2020-09-11T15:34:08.485+0000][1][safepoint    ] Safepoint "RevokeBias", Time since last: 267244890 ns, Reaching safepoint: 252026 ns, At safepoint: 27113 ns, Total: 279139 ns
[2020-09-11T15:34:08.486+0000][1][safepoint    ] Safepoint "RevokeBias", Time since last: 195143 ns, Reaching safepoint: 190077 ns, At safepoint: 23208 ns, Total: 213285 ns
[2020-09-11T15:34:08.504+0000][1][safepoint    ] Safepoint "RevokeBias", Time since last: 13481610 ns, Reaching safepoint: 4470801 ns, At safepoint: 32380 ns, Total: 4503181 ns
[2020-09-11T15:34:08.505+0000][1][safepoint    ] Safepoint "RevokeBias", Time since last: 575814 ns, Reaching safepoint: 194364 ns, At safepoint: 22743 ns, Total: 217107 ns
[2020-09-11T15:34:08.505+0000][1][safepoint    ] Safepoint "RevokeBias", Time since last: 196182 ns, Reaching safepoint: 186094 ns, At safepoint: 22690 ns, Total: 208784 ns
[2020-09-11T15:34:08.506+0000][1][safepoint    ] Safepoint "RevokeBias", Time since last: 535884 ns, Reaching safepoint: 197247 ns, At safepoint: 22670 ns, Total: 219917 ns
[2020-09-11T15:34:08.601+0000][1][safepoint    ] Safepoint "RevokeBias", Time since last: 94356705 ns, Reaching safepoint: 810578 ns, At safepoint: 29306 ns, Total: 839884 ns
[2020-09-11T15:34:09.357+0000][1][safepoint    ] Safepoint "RevokeBias", Time since last: 755869385 ns, Reaching safepoint: 566224 ns, At safepoint: 43309 ns, Total: 609533 ns
[2020-09-11T15:34:09.446+0000][1][safepoint    ] Safepoint "RevokeBias", Time since last: 88184817 ns, Reaching safepoint: 329448 ns, At safepoint: 34157 ns, Total: 363605 ns
[2020-09-11T15:34:09.451+0000][1][safepoint    ] Safepoint "RevokeBias", Time since last: 4507448 ns, Reaching safepoint: 167222 ns, At safepoint: 12317 ns, Total: 179539 ns
[2020-09-11T15:34:09.453+0000][1][safepoint    ] Safepoint "RevokeBias", Time since last: 772130 ns, Reaching safepoint: 1097632 ns, At safepoint: 137422 ns, Total: 1235054 ns
[2020-09-11T15:34:09.454+0000][1][safepoint    ] Safepoint "RevokeBias", Time since last: 522316 ns, Reaching safepoint: 1040913 ns, At safepoint: 24065 ns, Total: 1064978 ns
[2020-09-11T15:34:09.457+0000][1][safepoint    ] Safepoint "RevokeBias", Time since last: 1598446 ns, Reaching safepoint: 1069536 ns, At safepoint: 37354 ns, Total: 1106890 ns
[2020-09-11T15:34:09.461+0000][1][safepoint    ] Safepoint "RevokeBias", Time since last: 249928 ns, Reaching safepoint: 3765933 ns, At safepoint: 34947 ns, Total: 3800880 ns
[2020-09-11T15:34:09.821+0000][1][safepoint    ] Safepoint "RevokeBias", Time since last: 6322847 ns, Reaching safepoint: 1559515 ns, At safepoint: 351907877 ns, Total: 353467392 ns
[2020-09-11T15:34:11.219+0000][1][safepoint    ] Safepoint "Cleanup", Time since last: 1397386618 ns, Reaching safepoint: 942371 ns, At safepoint: 34431 ns, Total: 976802 ns
[2020-09-11T15:34:11.430+0000][1][safepoint    ] Safepoint "RevokeBias", Time since last: 204397823 ns, Reaching safepoint: 6304954 ns, At safepoint: 23512 ns, Total: 6328466 ns
[2020-09-11T15:34:11.505+0000][1][safepoint    ] Safepoint "RevokeBias", Time since last: 74648067 ns, Reaching safepoint: 577590 ns, At safepoint: 37000 ns, Total: 614590 ns
[2020-09-11T15:34:11.760+0000][1][safepoint    ] Safepoint "RevokeBias", Time since last: 254918161 ns, Reaching safepoint: 334874 ns, At safepoint: 14513 ns, Total: 349387 ns
[2020-09-11T15:34:11.829+0000][1][safepoint    ] Safepoint "RevokeBias", Time since last: 68361482 ns, Reaching safepoint: 495260 ns, At safepoint: 30936 ns, Total: 526196 ns
[2020-09-11T15:34:11.852+0000][1][safepoint    ] Safepoint "RevokeBias", Time since last: 22336733 ns, Reaching safepoint: 270146 ns, At safepoint: 15999 ns, Total: 286145 ns
[2020-09-11T15:34:12.213+0000][1][safepoint    ] Safepoint "RevokeBias", Time since last: 359835901 ns, Reaching safepoint: 867991 ns, At safepoint: 13085 ns, Total: 881076 ns
[2020-09-11T15:34:12.225+0000][1][safepoint    ] Safepoint "RevokeBias", Time since last: 11785094 ns, Reaching safepoint: 409462 ns, At safepoint: 13851 ns, Total: 423313 ns
[2020-09-11T15:34:12.226+0000][1][safepoint    ] Safepoint "RevokeBias", Time since last: 94255 ns, Reaching safepoint: 1069512 ns, At safepoint: 13355 ns, Total: 1082867 ns
[2020-09-11T15:34:12.228+0000][1][safepoint    ] Safepoint "RevokeBias", Time since last: 104502 ns, Reaching safepoint: 2024094 ns, At safepoint: 12933 ns, Total: 2037027 ns
[2020-09-11T15:34:12.229+0000][1][safepoint    ] Safepoint "RevokeBias", Time since last: 100047 ns, Reaching safepoint: 515299 ns, At safepoint: 11424 ns, Total: 526723 ns
[2020-09-11T15:34:12.229+0000][1][safepoint    ] Safepoint "RevokeBias", Time since last: 72804 ns, Reaching safepoint: 218092 ns, At safepoint: 9659 ns, Total: 227751 ns
[2020-09-11T15:34:12.281+0000][1][safepoint    ] Safepoint "RevokeBias", Time since last: 49996465 ns, Reaching safepoint: 1737806 ns, At safepoint: 14535 ns, Total: 1752341 ns
[2020-09-11T15:34:12.282+0000][1][safepoint    ] Safepoint "RevokeBias", Time since last: 532993 ns, Reaching safepoint: 491812 ns, At safepoint: 9598 ns, Total: 501410 ns
[2020-09-11T15:34:12.298+0000][1][safepoint    ] Safepoint "RevokeBias", Time since last: 15459345 ns, Reaching safepoint: 186722 ns, At safepoint: 24735 ns, Total: 211457 ns
[2020-09-11T15:34:12.299+0000][1][safepoint    ] Safepoint "RevokeBias", Time since last: 552122 ns, Reaching safepoint: 639839 ns, At safepoint: 21228 ns, Total: 661067 ns
[2020-09-11T15:34:12.531+0000][1][safepoint    ] Safepoint "RevokeBias", Time since last: 232138326 ns, Reaching safepoint: 347845 ns, At safepoint: 14855 ns, Total: 362700 ns
[2020-09-11T15:34:12.549+0000][1][safepoint    ] Safepoint "RevokeBias", Time since last: 16794778 ns, Reaching safepoint: 1167213 ns, At safepoint: 12036 ns, Total: 1179249 ns
[2020-09-11T15:34:12.552+0000][1][safepoint    ] Safepoint "BulkRevokeBias", Time since last: 589575 ns, Reaching safepoint: 861549 ns, At safepoint: 1702970 ns, Total: 2564519 ns
[2020-09-11T15:34:12.807+0000][1][safepoint    ] Safepoint "RevokeBias", Time since last: 252433214 ns, Reaching safepoint: 2320552 ns, At safepoint: 34788 ns, Total: 2355340 ns
[2020-09-11T15:34:12.845+0000][1][safepoint    ] Safepoint "RevokeBias", Time since last: 1916265 ns, Reaching safepoint: 36136916 ns, At safepoint: 37304 ns, Total: 36174220 ns
[2020-09-11T15:34:12.847+0000][1][safepoint    ] Safepoint "RevokeBias", Time since last: 1032428 ns, Reaching safepoint: 308517 ns, At safepoint: 23001 ns, Total: 331518 ns
[2020-09-11T15:34:12.847+0000][1][safepoint    ] Safepoint "RevokeBias", Time since last: 433224 ns, Reaching safepoint: 210698 ns, At safepoint: 22152 ns, Total: 232850 ns
[2020-09-11T15:34:12.848+0000][1][safepoint    ] Safepoint "RevokeBias", Time since last: 390456 ns, Reaching safepoint: 207665 ns, At safepoint: 21871 ns, Total: 229536 ns
[2020-09-11T15:34:12.849+0000][1][safepoint    ] Safepoint "RevokeBias", Time since last: 374021 ns, Reaching safepoint: 207718 ns, At safepoint: 48708 ns, Total: 256426 ns
[2020-09-11T15:34:12.857+0000][1][safepoint    ] Safepoint "RevokeBias", Time since last: 7616273 ns, Reaching safepoint: 401926 ns, At safepoint: 26607 ns, Total: 428533 ns
[2020-09-11T15:34:12.970+0000][1][safepoint    ] Safepoint "RevokeBias", Time since last: 108787228 ns, Reaching safepoint: 431192 ns, At safepoint: 4284911 ns, Total: 4716103 ns
[2020-09-11T15:34:12.981+0000][1][safepoint    ] Safepoint "RevokeBias", Time since last: 10180866 ns, Reaching safepoint: 561252 ns, At safepoint: 58470 ns, Total: 619722 ns
[2020-09-11T15:34:13.513+0000][1][safepoint    ] Safepoint "RevokeBias", Time since last: 89445257 ns, Reaching safepoint: 442589378 ns, At safepoint: 59866 ns, Total: 442649244 ns
[2020-09-11T15:34:13.683+0000][1][safepoint    ] Safepoint "RevokeBias", Time since last: 152449296 ns, Reaching safepoint: 17596811 ns, At safepoint: 74854 ns, Total: 17671665 ns
[2020-09-11T15:34:13.688+0000][1][safepoint    ] Safepoint "RevokeBias", Time since last: 4375845 ns, Reaching safepoint: 276858 ns, At safepoint: 15777 ns, Total: 292635 ns
[2020-09-11T15:34:13.689+0000][1][safepoint    ] Safepoint "RevokeBias", Time since last: 1032322 ns, Reaching safepoint: 155789 ns, At safepoint: 11220 ns, Total: 167009 ns
[2020-09-11T15:34:13.689+0000][1][safepoint    ] Safepoint "RevokeBias", Time since last: 134730 ns, Reaching safepoint: 139185 ns, At safepoint: 9605 ns, Total: 148790 ns
[2020-09-11T15:34:13.690+0000][1][safepoint    ] Safepoint "RevokeBias", Time since last: 104167 ns, Reaching safepoint: 128982 ns, At safepoint: 9641 ns, Total: 138623 ns
[2020-09-11T15:34:13.690+0000][1][safepoint    ] Safepoint "RevokeBias", Time since last: 97472 ns, Reaching safepoint: 130855 ns, At safepoint: 9657 ns, Total: 140512 ns
[2020-09-11T15:34:13.690+0000][1][safepoint    ] Safepoint "RevokeBias", Time since last: 95317 ns, Reaching safepoint: 305256 ns, At safepoint: 10087 ns, Total: 315343 ns
[2020-09-11T15:34:13.833+0000][1][safepoint    ] Safepoint "RevokeBias", Time since last: 136084089 ns, Reaching safepoint: 6629665 ns, At safepoint: 42211 ns, Total: 6671876 ns
[2020-09-11T15:34:13.855+0000][1][safepoint    ] Safepoint "RevokeBias", Time since last: 21975106 ns, Reaching safepoint: 173626 ns, At safepoint: 20675 ns, Total: 194301 ns
[2020-09-11T15:34:14.177+0000][1][safepoint    ] Safepoint "RevokeBias", Time since last: 322039805 ns, Reaching safepoint: 174471 ns, At safepoint: 21227 ns, Total: 195698 ns
[2020-09-11T15:34:14.421+0000][1][safepoint    ] Safepoint "RevokeBias", Time since last: 243448566 ns, Reaching safepoint: 165842 ns, At safepoint: 24037 ns, Total: 189879 ns
[2020-09-11T15:34:14.557+0000][1][safepoint    ] Safepoint "RevokeBias", Time since last: 9547303 ns, Reaching safepoint: 125945395 ns, At safepoint: 74999 ns, Total: 126020394 ns
[2020-09-11T15:34:14.869+0000][1][safepoint    ] Safepoint "RevokeBias", Time since last: 10010596 ns, Reaching safepoint: 302776542 ns, At safepoint: 38014 ns, Total: 302814556 ns
[2020-09-11T15:34:14.875+0000][1][safepoint    ] Safepoint "RevokeBias", Time since last: 4983069 ns, Reaching safepoint: 858411 ns, At safepoint: 15248 ns, Total: 873659 ns
[2020-09-11T15:34:14.876+0000][1][safepoint    ] Safepoint "RevokeBias", Time since last: 247559 ns, Reaching safepoint: 58178 ns, At safepoint: 203603 ns, Total: 261781 ns
[2020-09-11T15:34:15.131+0000][1][safepoint    ] Safepoint "RevokeBias", Time since last: 254988147 ns, Reaching safepoint: 181853 ns, At safepoint: 23381 ns, Total: 205234 ns
[2020-09-11T15:34:15.133+0000][1][safepoint    ] Safepoint "RevokeBias", Time since last: 211687 ns, Reaching safepoint: 1779135 ns, At safepoint: 26851 ns, Total: 1805986 ns
[2020-09-11T15:34:15.364+0000][1][safepoint    ] Safepoint "RevokeBias", Time since last: 80458817 ns, Reaching safepoint: 150613122 ns, At safepoint: 78871 ns, Total: 150691993 ns
[2020-09-11T15:34:15.384+0000][1][safepoint    ] Safepoint "RevokeBias", Time since last: 1033948 ns, Reaching safepoint: 19259328 ns, At safepoint: 34788 ns, Total: 19294116 ns
[2020-09-11T15:34:15.387+0000][1][safepoint    ] Safepoint "RevokeBias", Time since last: 2288983 ns, Reaching safepoint: 160735 ns, At safepoint: 31483 ns, Total: 192218 ns
[2020-09-11T15:34:15.388+0000][1][safepoint    ] Safepoint "RevokeBias", Time since last: 278531 ns, Reaching safepoint: 113931 ns, At safepoint: 256932 ns, Total: 370863 ns
[2020-09-11T15:34:15.388+0000][1][safepoint    ] Safepoint "RevokeBias", Time since last: 640374 ns, Reaching safepoint: 135464 ns, At safepoint: 22614 ns, Total: 158078 ns
[2020-09-11T15:34:15.389+0000][1][safepoint    ] Safepoint "RevokeBias", Time since last: 436488 ns, Reaching safepoint: 114886 ns, At safepoint: 22286 ns, Total: 137172 ns
[2020-09-11T15:34:15.519+0000][1][safepoint    ] Safepoint "RevokeBias", Time since last: 75578431 ns, Reaching safepoint: 54706159 ns, At safepoint: 41444 ns, Total: 54747603 ns
[2020-09-11T15:34:15.521+0000][1][safepoint    ] Safepoint "RevokeBias", Time since last: 1127356 ns, Reaching safepoint: 134301 ns, At safepoint: 18842 ns, Total: 153143 ns
[2020-09-11T15:34:15.596+0000][1][safepoint    ] Safepoint "RevokeBias", Time since last: 75144556 ns, Reaching safepoint: 164314 ns, At safepoint: 23945 ns, Total: 188259 ns
[2020-09-11T15:34:15.696+0000][1][safepoint    ] Safepoint "RevokeBias", Time since last: 99871233 ns, Reaching safepoint: 116760 ns, At safepoint: 28749 ns, Total: 145509 ns
[2020-09-11T15:34:15.713+0000][1][safepoint    ] Safepoint "RevokeBias", Time since last: 17027845 ns, Reaching safepoint: 254223 ns, At safepoint: 65420 ns, Total: 319643 ns
[2020-09-11T15:34:15.715+0000][1][safepoint    ] Safepoint "RevokeBias", Time since last: 1374958 ns, Reaching safepoint: 151234 ns, At safepoint: 44488 ns, Total: 195722 ns
[2020-09-11T15:34:15.999+0000][1][safepoint    ] Safepoint "RevokeBias", Time since last: 283765059 ns, Reaching safepoint: 171356 ns, At safepoint: 51510 ns, Total: 222866 ns
[2020-09-11T15:34:16.000+0000][1][gc,start     ] GC(239) Pause Young (Allocation Failure)
[2020-09-11T15:34:16.000+0000][1][gc,task      ] GC(239) Using 1 workers of 1 for evacuation
[2020-09-11T15:34:16.056+0000][1][gc,age       ] GC(239) Desired survivor size 4358144 bytes, new threshold 6 (max threshold 6)
[2020-09-11T15:34:16.056+0000][1][gc,age       ] GC(239) Age table with threshold 6 (max threshold 6)
[2020-09-11T15:34:16.056+0000][1][gc,age       ] GC(239) - age   1:     500904 bytes,     500904 total
[2020-09-11T15:34:16.056+0000][1][gc,age       ] GC(239) - age   2:    3619416 bytes,    4120320 total
[2020-09-11T15:34:16.056+0000][1][gc,heap      ] GC(239) ParNew: 73439K->4055K(76672K)
[2020-09-11T15:34:16.056+0000][1][gc,heap      ] GC(239) CMS: 171760K->171760K(2011968K)
[2020-09-11T15:34:16.056+0000][1][gc,metaspace ] GC(239) Metaspace: 99434K->99434K(1140736K)
[2020-09-11T15:34:16.056+0000][1][gc           ] GC(239) Pause Young (Allocation Failure) 239M->171M(2039M) 56.144ms
[2020-09-11T15:34:16.056+0000][1][gc,cpu       ] GC(239) User=0.03s Sys=0.00s Real=0.06s
[2020-09-11T15:34:16.073+0000][1][safepoint    ] Safepoint "GenCollectForAllocation", Time since last: 938003 ns, Reaching safepoint: 119841 ns, At safepoint: 72964609 ns, Total: 73084450 ns
[2020-09-11T15:34:16.077+0000][1][safepoint    ] Safepoint "RevokeBias", Time since last: 4229678 ns, Reaching safepoint: 294761 ns, At safepoint: 82821 ns, Total: 377582 ns
[2020-09-11T15:34:16.078+0000][1][safepoint    ] Safepoint "RevokeBias", Time since last: 314985 ns, Reaching safepoint: 212648 ns, At safepoint: 63716 ns, Total: 276364 ns
[2020-09-11T15:34:16.425+0000][1][safepoint    ] Safepoint "RevokeBias", Time since last: 290585532 ns, Reaching safepoint: 56268863 ns, At safepoint: 37637 ns, Total: 56306500 ns
[2020-09-11T15:34:16.482+0000][1][safepoint    ] Safepoint "RevokeBias", Time since last: 56969325 ns, Reaching safepoint: 276498 ns, At safepoint: 61150 ns, Total: 337648 ns
[2020-09-11T15:34:16.484+0000][1][safepoint    ] Safepoint "RevokeBias", Time since last: 1429394 ns, Reaching safepoint: 242879 ns, At safepoint: 48337 ns, Total: 291216 ns
[2020-09-11T15:34:16.485+0000][1][safepoint    ] Safepoint "RevokeBias", Time since last: 320227 ns, Reaching safepoint: 254788 ns, At safepoint: 49442 ns, Total: 304230 ns
[2020-09-11T15:34:16.673+0000][1][safepoint    ] Safepoint "RevokeBias", Time since last: 188416463 ns, Reaching safepoint: 178555 ns, At safepoint: 29273 ns, Total: 207828 ns
[2020-09-11T15:34:16.673+0000][1][safepoint    ] Safepoint "RevokeBias", Time since last: 115940 ns, Reaching safepoint: 71031 ns, At safepoint: 17894 ns, Total: 88925 ns
[2020-09-11T15:34:17.720+0000][1][safepoint    ] Safepoint "Cleanup", Time since last: 1046617516 ns, Reaching safepoint: 141333 ns, At safepoint: 21546 ns, Total: 162879 ns
[2020-09-11T15:34:17.759+0000][1][safepoint    ] Safepoint "RevokeBias", Time since last: 38661472 ns, Reaching safepoint: 301327 ns, At safepoint: 26465 ns, Total: 327792 ns
[2020-09-11T15:34:17.781+0000][1][safepoint    ] Safepoint "RevokeBias", Time since last: 21632329 ns, Reaching safepoint: 187278 ns, At safepoint: 33830 ns, Total: 221108 ns
[2020-09-11T15:34:19.510+0000][1][safepoint    ] Safepoint "RevokeBias", Time since last: 1729037861 ns, Reaching safepoint: 289321 ns, At safepoint: 48557 ns, Total: 337878 ns
[2020-09-11T15:34:19.705+0000][1][safepoint    ] Safepoint "RevokeBias", Time since last: 194853305 ns, Reaching safepoint: 166216 ns, At safepoint: 22836 ns, Total: 189052 ns
[2020-09-11T15:34:19.709+0000][1][safepoint    ] Safepoint "RevokeBias", Time since last: 2310354 ns, Reaching safepoint: 1098387 ns, At safepoint: 30762 ns, Total: 1129149 ns
[2020-09-11T15:34:19.736+0000][1][safepoint    ] Safepoint "RevokeBias", Time since last: 26436090 ns, Reaching safepoint: 169908 ns, At safepoint: 25932 ns, Total: 195840 ns
[2020-09-11T15:34:19.736+0000][1][safepoint    ] Safepoint "RevokeBias", Time since last: 79954 ns, Reaching safepoint: 108740 ns, At safepoint: 17037 ns, Total: 125777 ns
[2020-09-11T15:34:19.856+0000][1][safepoint    ] Safepoint "RevokeBias", Time since last: 120191876 ns, Reaching safepoint: 166443 ns, At safepoint: 24644 ns, Total: 191087 ns
