[2020-09-11T12:56:15.375+0000][101][gc] Using Concurrent Mark Sweep
[2020-09-11T12:56:15.375+0000][101][gc,heap,coops] Heap address: 0x0000000080000000, size: 2048 MB, Compressed Oops mode: 32-bit
[2020-09-11T12:56:15.524+0000][101][safepoint    ] Safepoint "EnableBiasedLocking", Time since last: 77622270 ns, Reaching safepoint: 98391 ns, At safepoint: 37581 ns, Total: 135972 ns
[2020-09-11T12:56:15.526+0000][101][gc,heap,exit ] Heap
[2020-09-11T12:56:15.526+0000][101][gc,heap,exit ]  par new generation   total 76672K, used 4089K [0x0000000080000000, 0x0000000085330000, 0x0000000085330000)
[2020-09-11T12:56:15.526+0000][101][gc,heap,exit ]   eden space 68160K,   6% used [0x0000000080000000, 0x00000000803fe7f0, 0x0000000084290000)
[2020-09-11T12:56:15.526+0000][101][gc,heap,exit ]   from space 8512K,   0% used [0x0000000084290000, 0x0000000084290000, 0x0000000084ae0000)
[2020-09-11T12:56:15.526+0000][101][gc,heap,exit ]   to   space 8512K,   0% used [0x0000000084ae0000, 0x0000000084ae0000, 0x0000000085330000)
[2020-09-11T12:56:15.526+0000][101][gc,heap,exit ]  concurrent mark-sweep generation total 2011968K, used 0K [0x0000000085330000, 0x0000000100000000, 0x0000000100000000)
[2020-09-11T12:56:15.526+0000][101][gc,heap,exit ]  Metaspace       used 176K, capacity 4480K, committed 4480K, reserved 1056768K
[2020-09-11T12:56:15.526+0000][101][gc,heap,exit ]   class space    used 8K, capacity 384K, committed 384K, reserved 1048576K
