[2020-09-11T16:52:42.333+0000][1][gc] Using Concurrent Mark Sweep
[2020-09-11T16:52:42.333+0000][1][gc,heap,coops] Heap address: 0x0000000080000000, size: 2048 MB, Compressed Oops mode: 32-bit
[2020-09-11T16:52:42.653+0000][1][safepoint    ] Safepoint "EnableBiasedLocking", Time since last: 283470424 ns, Reaching safepoint: 1619310 ns, At safepoint: 42444 ns, Total: 1661754 ns
[2020-09-11T16:52:42.668+0000][1][safepoint    ] Safepoint "RevokeBias", Time since last: 7453071 ns, Reaching safepoint: 7793854 ns, At safepoint: 42216 ns, Total: 7836070 ns
[2020-09-11T16:52:42.753+0000][1][safepoint    ] Safepoint "Deoptimize", Time since last: 84373415 ns, Reaching safepoint: 284583 ns, At safepoint: 24629 ns, Total: 309212 ns
[2020-09-11T16:52:43.538+0000][1][safepoint    ] Safepoint "RevokeBias", Time since last: 785412816 ns, Reaching safepoint: 191712 ns, At safepoint: 37707 ns, Total: 229419 ns
[2020-09-11T16:52:43.605+0000][1][safepoint    ] Safepoint "RevokeBias", Time since last: 65293173 ns, Reaching safepoint: 955479 ns, At safepoint: 28461 ns, Total: 983940 ns
[2020-09-11T16:52:43.614+0000][1][safepoint    ] Safepoint "Deoptimize", Time since last: 1509171 ns, Reaching safepoint: 7927819 ns, At safepoint: 38459 ns, Total: 7966278 ns
[2020-09-11T16:52:43.629+0000][1][safepoint    ] Safepoint "Deoptimize", Time since last: 13734421 ns, Reaching safepoint: 841029 ns, At safepoint: 33198 ns, Total: 874227 ns
[2020-09-11T16:52:43.909+0000][1][safepoint    ] Safepoint "Deoptimize", Time since last: 278937910 ns, Reaching safepoint: 1044646 ns, At safepoint: 37374 ns, Total: 1082020 ns
[2020-09-11T16:52:44.914+0000][1][safepoint    ] Safepoint "Cleanup", Time since last: 1004296852 ns, Reaching safepoint: 1003272 ns, At safepoint: 4448 ns, Total: 1007720 ns
[2020-09-11T16:52:45.922+0000][1][safepoint    ] Safepoint "Cleanup", Time since last: 1007420132 ns, Reaching safepoint: 761121 ns, At safepoint: 6100 ns, Total: 767221 ns
[2020-09-11T16:52:46.785+0000][1][safepoint    ] Safepoint "Deoptimize", Time since last: 862467659 ns, Reaching safepoint: 112153 ns, At safepoint: 61607 ns, Total: 173760 ns
[2020-09-11T16:52:47.179+0000][1][safepoint    ] Safepoint "Deoptimize", Time since last: 391819368 ns, Reaching safepoint: 2301739 ns, At safepoint: 69273 ns, Total: 2371012 ns
[2020-09-11T16:52:47.629+0000][1][safepoint    ] Safepoint "Deoptimize", Time since last: 442393387 ns, Reaching safepoint: 7279563 ns, At safepoint: 77317 ns, Total: 7356880 ns
[2020-09-11T16:52:48.509+0000][1][safepoint    ] Safepoint "Deoptimize", Time since last: 879870249 ns, Reaching safepoint: 108619 ns, At safepoint: 80537 ns, Total: 189156 ns
[2020-09-11T16:52:49.532+0000][1][safepoint    ] Safepoint "Cleanup", Time since last: 1003810566 ns, Reaching safepoint: 19082132 ns, At safepoint: 7406 ns, Total: 19089538 ns
[2020-09-11T16:52:49.966+0000][1][safepoint    ] Safepoint "Deoptimize", Time since last: 433156272 ns, Reaching safepoint: 1000124 ns, At safepoint: 86198 ns, Total: 1086322 ns
[2020-09-11T16:52:51.005+0000][1][safepoint    ] Safepoint "Cleanup", Time since last: 1038672031 ns, Reaching safepoint: 52419 ns, At safepoint: 4857 ns, Total: 57276 ns
[2020-09-11T16:52:51.892+0000][1][safepoint    ] Safepoint "Deoptimize", Time since last: 887416308 ns, Reaching safepoint: 106098 ns, At safepoint: 83279 ns, Total: 189377 ns
[2020-09-11T16:52:52.893+0000][1][safepoint    ] Safepoint "Cleanup", Time since last: 1000118370 ns, Reaching safepoint: 122087 ns, At safepoint: 6446 ns, Total: 128533 ns
[2020-09-11T16:52:53.849+0000][1][safepoint    ] Safepoint "Deoptimize", Time since last: 956438530 ns, Reaching safepoint: 131649 ns, At safepoint: 111306 ns, Total: 242955 ns
[2020-09-11T16:52:53.850+0000][1][safepoint    ] Safepoint "Deoptimize", Time since last: 207469 ns, Reaching safepoint: 6300 ns, At safepoint: 41299 ns, Total: 47599 ns
[2020-09-11T16:52:54.257+0000][1][safepoint    ] Safepoint "Deoptimize", Time since last: 407189244 ns, Reaching safepoint: 110316 ns, At safepoint: 113076 ns, Total: 223392 ns
[2020-09-11T16:52:54.279+0000][1][safepoint    ] Safepoint "Deoptimize", Time since last: 21745713 ns, Reaching safepoint: 286898 ns, At safepoint: 115181 ns, Total: 402079 ns
[2020-09-11T16:52:54.358+0000][1][safepoint    ] Safepoint "RevokeBias", Time since last: 78899335 ns, Reaching safepoint: 93009 ns, At safepoint: 19374 ns, Total: 112383 ns
[2020-09-11T16:52:54.359+0000][1][safepoint    ] Safepoint "RevokeBias", Time since last: 376217 ns, Reaching safepoint: 77489 ns, At safepoint: 14058 ns, Total: 91547 ns
[2020-09-11T16:52:54.359+0000][1][safepoint    ] Safepoint "RevokeBias", Time since last: 65975 ns, Reaching safepoint: 77135 ns, At safepoint: 15160 ns, Total: 92295 ns
[2020-09-11T16:52:54.359+0000][1][safepoint    ] Safepoint "RevokeBias", Time since last: 149474 ns, Reaching safepoint: 78920 ns, At safepoint: 18519 ns, Total: 97439 ns
[2020-09-11T16:52:55.375+0000][1][safepoint    ] Safepoint "Cleanup", Time since last: 1013716145 ns, Reaching safepoint: 1726862 ns, At safepoint: 8528 ns, Total: 1735390 ns
[2020-09-11T16:52:56.389+0000][1][safepoint    ] Safepoint "Cleanup", Time since last: 1014254828 ns, Reaching safepoint: 121714 ns, At safepoint: 5559 ns, Total: 127273 ns
[2020-09-11T16:52:57.399+0000][1][safepoint    ] Safepoint "Cleanup", Time since last: 1000110146 ns, Reaching safepoint: 9930352 ns, At safepoint: 8820 ns, Total: 9939172 ns
[2020-09-11T16:52:57.929+0000][1][gc,start     ] GC(0) Pause Young (Allocation Failure)
[2020-09-11T16:52:57.929+0000][1][gc,task      ] GC(0) Using 1 workers of 1 for evacuation
[2020-09-11T16:52:58.063+0000][1][gc,age       ] GC(0) Desired survivor size 4358144 bytes, new threshold 1 (max threshold 6)
[2020-09-11T16:52:58.063+0000][1][gc,age       ] GC(0) Age table with threshold 1 (max threshold 6)
[2020-09-11T16:52:58.063+0000][1][gc,age       ] GC(0) - age   1:    6421616 bytes,    6421616 total
[2020-09-11T16:52:58.063+0000][1][gc,heap      ] GC(0) ParNew: 68160K->6295K(76672K)
[2020-09-11T16:52:58.063+0000][1][gc,heap      ] GC(0) CMS: 0K->0K(2011968K)
[2020-09-11T16:52:58.063+0000][1][gc,metaspace ] GC(0) Metaspace: 13571K->13571K(1060864K)
[2020-09-11T16:52:58.063+0000][1][gc           ] GC(0) Pause Young (Allocation Failure) 66M->6M(2039M) 133.571ms
[2020-09-11T16:52:58.063+0000][1][gc,cpu       ] GC(0) User=0.03s Sys=0.00s Real=0.14s
[2020-09-11T16:52:58.079+0000][1][safepoint    ] Safepoint "GenCollectForAllocation", Time since last: 530098158 ns, Reaching safepoint: 148118 ns, At safepoint: 150210989 ns, Total: 150359107 ns
[2020-09-11T16:52:58.118+0000][1][safepoint    ] Safepoint "RevokeBias", Time since last: 21565882 ns, Reaching safepoint: 11819292 ns, At safepoint: 5228243 ns, Total: 17047535 ns
[2020-09-11T16:52:58.125+0000][1][safepoint    ] Safepoint "RevokeBias", Time since last: 107211 ns, Reaching safepoint: 6667713 ns, At safepoint: 441890 ns, Total: 7109603 ns
[2020-09-11T16:52:58.127+0000][1][safepoint    ] Safepoint "RevokeBias", Time since last: 74791 ns, Reaching safepoint: 1527645 ns, At safepoint: 346087 ns, Total: 1873732 ns
[2020-09-11T16:52:58.129+0000][1][safepoint    ] Safepoint "RevokeBias", Time since last: 39877 ns, Reaching safepoint: 1557133 ns, At safepoint: 42009 ns, Total: 1599142 ns
[2020-09-11T16:52:58.133+0000][1][safepoint    ] Safepoint "RevokeBias", Time since last: 63356 ns, Reaching safepoint: 3909162 ns, At safepoint: 47871 ns, Total: 3957033 ns
[2020-09-11T16:52:58.134+0000][1][safepoint    ] Safepoint "RevokeBias", Time since last: 52672 ns, Reaching safepoint: 840940 ns, At safepoint: 32799 ns, Total: 873739 ns
[2020-09-11T16:52:58.137+0000][1][safepoint    ] Safepoint "RevokeBias", Time since last: 53216 ns, Reaching safepoint: 2955566 ns, At safepoint: 39695 ns, Total: 2995261 ns
[2020-09-11T16:52:58.137+0000][1][safepoint    ] Safepoint "RevokeBias", Time since last: 39890 ns, Reaching safepoint: 82569 ns, At safepoint: 31586 ns, Total: 114155 ns
[2020-09-11T16:52:58.137+0000][1][safepoint    ] Safepoint "RevokeBias", Time since last: 40129 ns, Reaching safepoint: 81293 ns, At safepoint: 25886 ns, Total: 107179 ns
[2020-09-11T16:52:58.149+0000][1][safepoint    ] Safepoint "RevokeBias", Time since last: 11679920 ns, Reaching safepoint: 98592 ns, At safepoint: 28362 ns, Total: 126954 ns
[2020-09-11T16:52:58.190+0000][1][safepoint    ] Safepoint "RevokeBias", Time since last: 39237854 ns, Reaching safepoint: 2139233 ns, At safepoint: 19006 ns, Total: 2158239 ns
[2020-09-11T16:52:58.193+0000][1][safepoint    ] Safepoint "RevokeBias", Time since last: 2475446 ns, Reaching safepoint: 92001 ns, At safepoint: 21215 ns, Total: 113216 ns
[2020-09-11T16:52:58.193+0000][1][safepoint    ] Safepoint "RevokeBias", Time since last: 95396 ns, Reaching safepoint: 78578 ns, At safepoint: 15487 ns, Total: 94065 ns
[2020-09-11T16:52:58.193+0000][1][safepoint    ] Safepoint "RevokeBias", Time since last: 30113 ns, Reaching safepoint: 76620 ns, At safepoint: 12674 ns, Total: 89294 ns
[2020-09-11T16:52:58.193+0000][1][safepoint    ] Safepoint "RevokeBias", Time since last: 47013 ns, Reaching safepoint: 77513 ns, At safepoint: 15158 ns, Total: 92671 ns
[2020-09-11T16:52:58.193+0000][1][safepoint    ] Safepoint "RevokeBias", Time since last: 27767 ns, Reaching safepoint: 77716 ns, At safepoint: 13501 ns, Total: 91217 ns
[2020-09-11T16:52:58.194+0000][1][safepoint    ] Safepoint "RevokeBias", Time since last: 180651 ns, Reaching safepoint: 77505 ns, At safepoint: 14035 ns, Total: 91540 ns
[2020-09-11T16:52:58.194+0000][1][safepoint    ] Safepoint "RevokeBias", Time since last: 28321 ns, Reaching safepoint: 75523 ns, At safepoint: 13208 ns, Total: 88731 ns
[2020-09-11T16:52:58.194+0000][1][safepoint    ] Safepoint "RevokeBias", Time since last: 35187 ns, Reaching safepoint: 76228 ns, At safepoint: 13162 ns, Total: 89390 ns
[2020-09-11T16:52:58.194+0000][1][safepoint    ] Safepoint "RevokeBias", Time since last: 27105 ns, Reaching safepoint: 75855 ns, At safepoint: 12883 ns, Total: 88738 ns
[2020-09-11T16:52:58.199+0000][1][safepoint    ] Safepoint "RevokeBias", Time since last: 4761053 ns, Reaching safepoint: 97222 ns, At safepoint: 23217 ns, Total: 120439 ns
[2020-09-11T16:52:58.199+0000][1][safepoint    ] Safepoint "RevokeBias", Time since last: 60974 ns, Reaching safepoint: 76330 ns, At safepoint: 13444 ns, Total: 89774 ns
[2020-09-11T16:52:58.199+0000][1][safepoint    ] Safepoint "RevokeBias", Time since last: 111929 ns, Reaching safepoint: 76992 ns, At safepoint: 13272 ns, Total: 90264 ns
[2020-09-11T16:52:58.213+0000][1][safepoint    ] Safepoint "RevokeBias", Time since last: 28082 ns, Reaching safepoint: 13401920 ns, At safepoint: 37375 ns, Total: 13439295 ns
[2020-09-11T16:52:58.213+0000][1][safepoint    ] Safepoint "RevokeBias", Time since last: 583283 ns, Reaching safepoint: 88186 ns, At safepoint: 14234 ns, Total: 102420 ns
[2020-09-11T16:52:58.214+0000][1][safepoint    ] Safepoint "RevokeBias", Time since last: 32535 ns, Reaching safepoint: 76400 ns, At safepoint: 12049 ns, Total: 88449 ns
[2020-09-11T16:52:58.214+0000][1][safepoint    ] Safepoint "RevokeBias", Time since last: 39878 ns, Reaching safepoint: 75674 ns, At safepoint: 12012 ns, Total: 87686 ns
[2020-09-11T16:52:58.214+0000][1][safepoint    ] Safepoint "RevokeBias", Time since last: 26735 ns, Reaching safepoint: 76359 ns, At safepoint: 15027 ns, Total: 91386 ns
[2020-09-11T16:52:58.214+0000][1][safepoint    ] Safepoint "RevokeBias", Time since last: 96505 ns, Reaching safepoint: 77827 ns, At safepoint: 20697 ns, Total: 98524 ns
[2020-09-11T16:52:58.218+0000][1][safepoint    ] Safepoint "RevokeBias", Time since last: 27567 ns, Reaching safepoint: 4329345 ns, At safepoint: 31219 ns, Total: 4360564 ns
[2020-09-11T16:52:58.429+0000][1][safepoint    ] Safepoint "Deoptimize", Time since last: 209040055 ns, Reaching safepoint: 1321031 ns, At safepoint: 180471 ns, Total: 1501502 ns
[2020-09-11T16:52:59.431+0000][1][safepoint    ] Safepoint "Cleanup", Time since last: 1001579438 ns, Reaching safepoint: 127971 ns, At safepoint: 6648 ns, Total: 134619 ns
[2020-09-11T16:53:00.448+0000][1][safepoint    ] Safepoint "Cleanup", Time since last: 1017091186 ns, Reaching safepoint: 123527 ns, At safepoint: 5937 ns, Total: 129464 ns
[2020-09-11T16:53:00.689+0000][1][safepoint    ] Safepoint "RevokeBias", Time since last: 240866356 ns, Reaching safepoint: 108104 ns, At safepoint: 36177 ns, Total: 144281 ns
[2020-09-11T16:53:01.693+0000][1][safepoint    ] Safepoint "Cleanup", Time since last: 1000106697 ns, Reaching safepoint: 3782173 ns, At safepoint: 12884 ns, Total: 3795057 ns
[2020-09-11T16:53:02.697+0000][1][safepoint    ] Safepoint "Cleanup", Time since last: 1002987284 ns, Reaching safepoint: 995008 ns, At safepoint: 9320 ns, Total: 1004328 ns
[2020-09-11T16:53:03.157+0000][1][safepoint    ] Safepoint "Deoptimize", Time since last: 459338628 ns, Reaching safepoint: 634250 ns, At safepoint: 161927 ns, Total: 796177 ns
[2020-09-11T16:53:03.390+0000][1][gc,start     ] GC(1) Pause Young (Allocation Failure)
[2020-09-11T16:53:03.390+0000][1][gc,task      ] GC(1) Using 1 workers of 1 for evacuation
[2020-09-11T16:53:03.631+0000][1][gc,age       ] GC(1) Desired survivor size 4358144 bytes, new threshold 6 (max threshold 6)
[2020-09-11T16:53:03.645+0000][1][gc,age       ] GC(1) Age table with threshold 6 (max threshold 6)
[2020-09-11T16:53:03.645+0000][1][gc,age       ] GC(1) - age   1:    3016800 bytes,    3016800 total
[2020-09-11T16:53:03.645+0000][1][gc,heap      ] GC(1) ParNew: 74455K->4207K(76672K)
[2020-09-11T16:53:03.645+0000][1][gc,heap      ] GC(1) CMS: 0K->6810K(2011968K)
[2020-09-11T16:53:03.645+0000][1][gc,metaspace ] GC(1) Metaspace: 18028K->18028K(1064960K)
[2020-09-11T16:53:03.645+0000][1][gc           ] GC(1) Pause Young (Allocation Failure) 72M->10M(2039M) 254.543ms
[2020-09-11T16:53:03.645+0000][1][gc,cpu       ] GC(1) User=0.05s Sys=0.00s Real=0.26s
[2020-09-11T16:53:03.645+0000][1][safepoint    ] Safepoint "GenCollectForAllocation", Time since last: 230195716 ns, Reaching safepoint: 3158716 ns, At safepoint: 254606489 ns, Total: 257765205 ns
[2020-09-11T16:53:03.709+0000][1][safepoint    ] Safepoint "BulkRevokeBias", Time since last: 54588750 ns, Reaching safepoint: 121506 ns, At safepoint: 9155282 ns, Total: 9276788 ns
[2020-09-11T16:53:03.710+0000][1][safepoint    ] Safepoint "RevokeBias", Time since last: 131240 ns, Reaching safepoint: 1031986 ns, At safepoint: 50509 ns, Total: 1082495 ns
[2020-09-11T16:53:03.715+0000][1][safepoint    ] Safepoint "RevokeBias", Time since last: 42742 ns, Reaching safepoint: 4826572 ns, At safepoint: 65363 ns, Total: 4891935 ns
[2020-09-11T16:53:03.715+0000][1][safepoint    ] Safepoint "RevokeBias", Time since last: 63905 ns, Reaching safepoint: 81072 ns, At safepoint: 44133 ns, Total: 125205 ns
[2020-09-11T16:53:03.715+0000][1][safepoint    ] Safepoint "RevokeBias", Time since last: 25597 ns, Reaching safepoint: 78739 ns, At safepoint: 32045 ns, Total: 110784 ns
[2020-09-11T16:53:03.717+0000][1][safepoint    ] Safepoint "RevokeBias", Time since last: 29136 ns, Reaching safepoint: 1492270 ns, At safepoint: 44697 ns, Total: 1536967 ns
[2020-09-11T16:53:03.721+0000][1][safepoint    ] Safepoint "RevokeBias", Time since last: 36570 ns, Reaching safepoint: 3903736 ns, At safepoint: 55525 ns, Total: 3959261 ns
[2020-09-11T16:53:03.721+0000][1][safepoint    ] Safepoint "BulkRevokeBias", Time since last: 37970 ns, Reaching safepoint: 78264 ns, At safepoint: 56508 ns, Total: 134772 ns
[2020-09-11T16:53:03.721+0000][1][safepoint    ] Safepoint "BulkRevokeBias", Time since last: 23547 ns, Reaching safepoint: 79119 ns, At safepoint: 46385 ns, Total: 125504 ns
[2020-09-11T16:53:04.426+0000][1][safepoint    ] Safepoint "Deoptimize", Time since last: 704523116 ns, Reaching safepoint: 111583 ns, At safepoint: 169408 ns, Total: 280991 ns
[2020-09-11T16:53:04.493+0000][1][safepoint    ] Safepoint "Deoptimize", Time since last: 66845794 ns, Reaching safepoint: 106690 ns, At safepoint: 175293 ns, Total: 281983 ns
[2020-09-11T16:53:05.512+0000][1][safepoint    ] Safepoint "Cleanup", Time since last: 1015692565 ns, Reaching safepoint: 3607471 ns, At safepoint: 12116 ns, Total: 3619587 ns
[2020-09-11T16:53:05.806+0000][1][safepoint    ] Safepoint "Deoptimize", Time since last: 292415763 ns, Reaching safepoint: 1477184 ns, At safepoint: 205765 ns, Total: 1682949 ns
[2020-09-11T16:53:05.809+0000][1][safepoint    ] Safepoint "RevokeBias", Time since last: 579552 ns, Reaching safepoint: 1708954 ns, At safepoint: 49909 ns, Total: 1758863 ns
[2020-09-11T16:53:05.813+0000][1][safepoint    ] Safepoint "Deoptimize", Time since last: 940683 ns, Reaching safepoint: 3042244 ns, At safepoint: 195919 ns, Total: 3238163 ns
[2020-09-11T16:53:06.815+0000][1][safepoint    ] Safepoint "Cleanup", Time since last: 1000115575 ns, Reaching safepoint: 1466108 ns, At safepoint: 7214 ns, Total: 1473322 ns
[2020-09-11T16:53:07.816+0000][1][safepoint    ] Safepoint "Cleanup", Time since last: 1001477650 ns, Reaching safepoint: 111253 ns, At safepoint: 5894 ns, Total: 117147 ns
[2020-09-11T16:53:07.934+0000][1][gc,start     ] GC(2) Pause Young (Allocation Failure)
[2020-09-11T16:53:07.935+0000][1][gc,task      ] GC(2) Using 1 workers of 1 for evacuation
[2020-09-11T16:53:08.040+0000][1][gc,age       ] GC(2) Desired survivor size 4358144 bytes, new threshold 2 (max threshold 6)
[2020-09-11T16:53:08.040+0000][1][gc,age       ] GC(2) Age table with threshold 2 (max threshold 6)
[2020-09-11T16:53:08.040+0000][1][gc,age       ] GC(2) - age   1:    3090880 bytes,    3090880 total
[2020-09-11T16:53:08.040+0000][1][gc,age       ] GC(2) - age   2:    2933584 bytes,    6024464 total
[2020-09-11T16:53:08.040+0000][1][gc,heap      ] GC(2) ParNew: 72367K->6536K(76672K)
[2020-09-11T16:53:08.040+0000][1][gc,heap      ] GC(2) CMS: 6810K->6810K(2011968K)
[2020-09-11T16:53:08.040+0000][1][gc,metaspace ] GC(2) Metaspace: 20092K->20092K(1067008K)
[2020-09-11T16:53:08.040+0000][1][gc           ] GC(2) Pause Young (Allocation Failure) 77M->13M(2039M) 105.884ms
[2020-09-11T16:53:08.040+0000][1][gc,cpu       ] GC(2) User=0.02s Sys=0.00s Real=0.10s
[2020-09-11T16:53:08.077+0000][1][safepoint    ] Safepoint "GenCollectForAllocation", Time since last: 118140234 ns, Reaching safepoint: 114598 ns, At safepoint: 142360110 ns, Total: 142474708 ns
[2020-09-11T16:53:08.122+0000][1][safepoint    ] Safepoint "RevokeBias", Time since last: 37892209 ns, Reaching safepoint: 7278002 ns, At safepoint: 475401 ns, Total: 7753403 ns
[2020-09-11T16:53:08.125+0000][1][safepoint    ] Safepoint "RevokeBias", Time since last: 78801 ns, Reaching safepoint: 2261190 ns, At safepoint: 63853 ns, Total: 2325043 ns
[2020-09-11T16:53:08.126+0000][1][safepoint    ] Safepoint "RevokeBias", Time since last: 89092 ns, Reaching safepoint: 1074629 ns, At safepoint: 38315 ns, Total: 1112944 ns
[2020-09-11T16:53:08.126+0000][1][safepoint    ] Safepoint "RevokeBias", Time since last: 37678 ns, Reaching safepoint: 84184 ns, At safepoint: 28123 ns, Total: 112307 ns
[2020-09-11T16:53:08.126+0000][1][safepoint    ] Safepoint "RevokeBias", Time since last: 29470 ns, Reaching safepoint: 78065 ns, At safepoint: 20235 ns, Total: 98300 ns
[2020-09-11T16:53:08.126+0000][1][safepoint    ] Safepoint "RevokeBias", Time since last: 32124 ns, Reaching safepoint: 78911 ns, At safepoint: 26573 ns, Total: 105484 ns
[2020-09-11T16:53:08.127+0000][1][safepoint    ] Safepoint "RevokeBias", Time since last: 31440 ns, Reaching safepoint: 80581 ns, At safepoint: 30407 ns, Total: 110988 ns
[2020-09-11T16:53:08.177+0000][1][safepoint    ] Safepoint "RevokeBias", Time since last: 30166741 ns, Reaching safepoint: 110251 ns, At safepoint: 19888856 ns, Total: 19999107 ns
[2020-09-11T16:53:09.203+0000][1][safepoint    ] Safepoint "Cleanup", Time since last: 1010083341 ns, Reaching safepoint: 15790109 ns, At safepoint: 11217 ns, Total: 15801326 ns
[2020-09-11T16:53:09.529+0000][1][gc,start     ] GC(3) Pause Young (Allocation Failure)
[2020-09-11T16:53:09.529+0000][1][gc,task      ] GC(3) Using 1 workers of 1 for evacuation
[2020-09-11T16:53:09.666+0000][1][gc,age       ] GC(3) Desired survivor size 4358144 bytes, new threshold 6 (max threshold 6)
[2020-09-11T16:53:09.666+0000][1][gc,age       ] GC(3) Age table with threshold 6 (max threshold 6)
[2020-09-11T16:53:09.666+0000][1][gc,age       ] GC(3) - age   1:    1017480 bytes,    1017480 total
[2020-09-11T16:53:09.666+0000][1][gc,age       ] GC(3) - age   2:    1346792 bytes,    2364272 total
[2020-09-11T16:53:09.666+0000][1][gc,heap      ] GC(3) ParNew: 74696K->5217K(76672K)
[2020-09-11T16:53:09.666+0000][1][gc,heap      ] GC(3) CMS: 6810K->9697K(2011968K)
[2020-09-11T16:53:09.666+0000][1][gc,metaspace ] GC(3) Metaspace: 20361K->20361K(1067008K)
[2020-09-11T16:53:09.666+0000][1][gc           ] GC(3) Pause Young (Allocation Failure) 79M->14M(2039M) 137.205ms
[2020-09-11T16:53:09.666+0000][1][gc,cpu       ] GC(3) User=0.03s Sys=0.00s Real=0.14s
[2020-09-11T16:53:09.694+0000][1][safepoint    ] Safepoint "GenCollectForAllocation", Time since last: 326337918 ns, Reaching safepoint: 102744 ns, At safepoint: 165145255 ns, Total: 165247999 ns
[2020-09-11T16:53:09.725+0000][1][safepoint    ] Safepoint "RevokeBias", Time since last: 26540852 ns, Reaching safepoint: 4027715 ns, At safepoint: 40048 ns, Total: 4067763 ns
[2020-09-11T16:53:09.737+0000][1][safepoint    ] Safepoint "RevokeBias", Time since last: 7952367 ns, Reaching safepoint: 3982545 ns, At safepoint: 38790 ns, Total: 4021335 ns
[2020-09-11T16:53:09.751+0000][1][safepoint    ] Safepoint "RevokeBias", Time since last: 78014 ns, Reaching safepoint: 14084979 ns, At safepoint: 34403 ns, Total: 14119382 ns
[2020-09-11T16:53:09.751+0000][1][safepoint    ] Safepoint "RevokeBias", Time since last: 80034 ns, Reaching safepoint: 82126 ns, At safepoint: 23123 ns, Total: 105249 ns
[2020-09-11T16:53:09.751+0000][1][safepoint    ] Safepoint "RevokeBias", Time since last: 44626 ns, Reaching safepoint: 79244 ns, At safepoint: 21080 ns, Total: 100324 ns
[2020-09-11T16:53:09.751+0000][1][safepoint    ] Safepoint "RevokeBias", Time since last: 30338 ns, Reaching safepoint: 78415 ns, At safepoint: 22459 ns, Total: 100874 ns
[2020-09-11T16:53:09.752+0000][1][safepoint    ] Safepoint "RevokeBias", Time since last: 34210 ns, Reaching safepoint: 79167 ns, At safepoint: 23723 ns, Total: 102890 ns
[2020-09-11T16:53:09.752+0000][1][safepoint    ] Safepoint "RevokeBias", Time since last: 29767 ns, Reaching safepoint: 78647 ns, At safepoint: 23376 ns, Total: 102023 ns
[2020-09-11T16:53:09.752+0000][1][safepoint    ] Safepoint "RevokeBias", Time since last: 161904 ns, Reaching safepoint: 81790 ns, At safepoint: 24168 ns, Total: 105958 ns
[2020-09-11T16:53:10.761+0000][1][safepoint    ] Safepoint "CollectForMetadataAllocation", Time since last: 1008785944 ns, Reaching safepoint: 120778 ns, At safepoint: 93173 ns, Total: 213951 ns
[2020-09-11T16:53:11.173+0000][1][safepoint    ] Safepoint "CollectForMetadataAllocation", Time since last: 411443018 ns, Reaching safepoint: 125458 ns, At safepoint: 129778 ns, Total: 255236 ns
[2020-09-11T16:53:11.313+0000][1][gc,start     ] GC(4) Pause Young (Allocation Failure)
[2020-09-11T16:53:11.313+0000][1][gc,task      ] GC(4) Using 1 workers of 1 for evacuation
[2020-09-11T16:53:11.421+0000][1][gc,age       ] GC(4) Desired survivor size 4358144 bytes, new threshold 6 (max threshold 6)
[2020-09-11T16:53:11.421+0000][1][gc,age       ] GC(4) Age table with threshold 6 (max threshold 6)
[2020-09-11T16:53:11.421+0000][1][gc,age       ] GC(4) - age   1:    2007168 bytes,    2007168 total
[2020-09-11T16:53:11.421+0000][1][gc,age       ] GC(4) - age   2:     351728 bytes,    2358896 total
[2020-09-11T16:53:11.421+0000][1][gc,age       ] GC(4) - age   3:    1346696 bytes,    3705592 total
[2020-09-11T16:53:11.421+0000][1][gc,heap      ] GC(4) ParNew: 73377K->4340K(76672K)
[2020-09-11T16:53:11.421+0000][1][gc,heap      ] GC(4) CMS: 9697K->9697K(2011968K)
[2020-09-11T16:53:11.421+0000][1][gc,metaspace ] GC(4) Metaspace: 20894K->20894K(1069056K)
[2020-09-11T16:53:11.421+0000][1][gc           ] GC(4) Pause Young (Allocation Failure) 81M->13M(2039M) 107.524ms
[2020-09-11T16:53:11.421+0000][1][gc,cpu       ] GC(4) User=0.02s Sys=0.00s Real=0.11s
[2020-09-11T16:53:11.447+0000][1][safepoint    ] Safepoint "GenCollectForAllocation", Time since last: 140560788 ns, Reaching safepoint: 103313 ns, At safepoint: 133493084 ns, Total: 133596397 ns
[2020-09-11T16:53:11.473+0000][1][gc,start     ] GC(5) Pause Initial Mark
[2020-09-11T16:53:11.475+0000][1][gc           ] GC(5) Pause Initial Mark 17M->17M(2039M) 2.203ms
[2020-09-11T16:53:11.475+0000][1][gc,cpu       ] GC(5) User=0.00s Sys=0.00s Real=0.00s
[2020-09-11T16:53:11.501+0000][1][safepoint    ] Safepoint "BulkRevokeBias", Time since last: 25909926 ns, Reaching safepoint: 107730 ns, At safepoint: 27910392 ns, Total: 28018122 ns
[2020-09-11T16:53:11.501+0000][1][gc           ] GC(5) Concurrent Mark
[2020-09-11T16:53:11.541+0000][1][safepoint    ] Safepoint "RevokeBias", Time since last: 23917903 ns, Reaching safepoint: 16169248 ns, At safepoint: 26817 ns, Total: 16196065 ns
[2020-09-11T16:53:11.594+0000][1][safepoint    ] Safepoint "RevokeBias", Time since last: 23915837 ns, Reaching safepoint: 29047146 ns, At safepoint: 37722 ns, Total: 29084868 ns
[2020-09-11T16:53:11.743+0000][1][gc           ] GC(5) Concurrent Mark 241.771ms
[2020-09-11T16:53:11.743+0000][1][gc,cpu       ] GC(5) User=0.04s Sys=0.01s Real=0.24s
[2020-09-11T16:53:11.758+0000][1][safepoint    ] Safepoint "RevokeBias", Time since last: 30911643 ns, Reaching safepoint: 132666347 ns, At safepoint: 51251 ns, Total: 132717598 ns
[2020-09-11T16:53:11.758+0000][1][safepoint    ] Safepoint "RevokeBias", Time since last: 69155 ns, Reaching safepoint: 80957 ns, At safepoint: 36005 ns, Total: 116962 ns
[2020-09-11T16:53:11.758+0000][1][safepoint    ] Safepoint "RevokeBias", Time since last: 27464 ns, Reaching safepoint: 79725 ns, At safepoint: 33911 ns, Total: 113636 ns
[2020-09-11T16:53:11.758+0000][1][gc           ] GC(5) Concurrent Preclean
[2020-09-11T16:53:11.760+0000][1][gc           ] GC(5) Concurrent Preclean 2.410ms
[2020-09-11T16:53:11.760+0000][1][gc,cpu       ] GC(5) User=0.00s Sys=0.00s Real=0.00s
[2020-09-11T16:53:11.760+0000][1][gc           ] GC(5) Concurrent Abortable Preclean
[2020-09-11T16:53:12.453+0000][1][safepoint    ] Safepoint "CollectForMetadataAllocation", Time since last: 681731006 ns, Reaching safepoint: 13221142 ns, At safepoint: 121009 ns, Total: 13342151 ns
[2020-09-11T16:53:12.454+0000][1][safepoint    ] Safepoint "RevokeBias", Time since last: 806283 ns, Reaching safepoint: 89907 ns, At safepoint: 16105 ns, Total: 106012 ns
[2020-09-11T16:53:12.532+0000][1][safepoint    ] Safepoint "Deoptimize", Time since last: 46561693 ns, Reaching safepoint: 31107067 ns, At safepoint: 208381 ns, Total: 31315448 ns
[2020-09-11T16:53:13.125+0000][1][safepoint    ] Safepoint "Deoptimize", Time since last: 593065296 ns, Reaching safepoint: 119430 ns, At safepoint: 214929 ns, Total: 334359 ns
[2020-09-11T16:53:13.250+0000][1][safepoint    ] Safepoint "RevokeBias", Time since last: 95637734 ns, Reaching safepoint: 29544384 ns, At safepoint: 31146 ns, Total: 29575530 ns
[2020-09-11T16:53:13.289+0000][1][safepoint    ] Safepoint "RevokeBias", Time since last: 38429759 ns, Reaching safepoint: 102176 ns, At safepoint: 42312 ns, Total: 144488 ns
[2020-09-11T16:53:13.560+0000][1][gc,start     ] GC(6) Pause Young (Allocation Failure)
[2020-09-11T16:53:13.560+0000][1][gc,task      ] GC(6) Using 1 workers of 1 for evacuation
[2020-09-11T16:53:13.593+0000][1][gc           ] GC(5) Concurrent Abortable Preclean 1832.395ms
[2020-09-11T16:53:13.593+0000][1][gc,cpu       ] GC(5) User=0.34s Sys=0.02s Real=1.84s
[2020-09-11T16:53:13.740+0000][1][gc,age       ] GC(6) Desired survivor size 4358144 bytes, new threshold 4 (max threshold 6)
[2020-09-11T16:53:13.740+0000][1][gc,age       ] GC(6) Age table with threshold 4 (max threshold 6)
[2020-09-11T16:53:13.740+0000][1][gc,age       ] GC(6) - age   1:    2538608 bytes,    2538608 total
[2020-09-11T16:53:13.740+0000][1][gc,age       ] GC(6) - age   2:    1253592 bytes,    3792200 total
[2020-09-11T16:53:13.740+0000][1][gc,age       ] GC(6) - age   3:     351728 bytes,    4143928 total
[2020-09-11T16:53:13.740+0000][1][gc,age       ] GC(6) - age   4:    1346696 bytes,    5490624 total
[2020-09-11T16:53:13.740+0000][1][gc,heap      ] GC(6) ParNew: 72500K->6513K(76672K)
[2020-09-11T16:53:13.740+0000][1][gc,heap      ] GC(6) CMS: 9697K->9697K(2011968K)
[2020-09-11T16:53:13.740+0000][1][gc,metaspace ] GC(6) Metaspace: 21200K->21200K(1069056K)
[2020-09-11T16:53:13.740+0000][1][gc           ] GC(6) Pause Young (Allocation Failure) 80M->15M(2039M) 180.767ms
[2020-09-11T16:53:13.740+0000][1][gc,cpu       ] GC(6) User=0.04s Sys=0.00s Real=0.18s
[2020-09-11T16:53:13.773+0000][1][safepoint    ] Safepoint "GenCollectForAllocation", Time since last: 270464202 ns, Reaching safepoint: 107874 ns, At safepoint: 213289782 ns, Total: 213397656 ns
[2020-09-11T16:53:13.824+0000][1][gc,start     ] GC(5) Pause Remark
[2020-09-11T16:53:13.892+0000][1][gc           ] GC(5) Pause Remark 22M->22M(2039M) 68.295ms
[2020-09-11T16:53:13.892+0000][1][gc,cpu       ] GC(5) User=0.01s Sys=0.00s Real=0.06s
[2020-09-11T16:53:13.985+0000][1][safepoint    ] Safepoint "CMS_Final_Remark", Time since last: 31988204 ns, Reaching safepoint: 19187090 ns, At safepoint: 160829935 ns, Total: 180017025 ns
[2020-09-11T16:53:13.985+0000][1][gc           ] GC(5) Concurrent Sweep
[2020-09-11T16:53:13.987+0000][1][gc           ] GC(5) Concurrent Sweep 2.284ms
[2020-09-11T16:53:13.987+0000][1][gc,cpu       ] GC(5) User=0.00s Sys=0.00s Real=0.00s
[2020-09-11T16:53:13.987+0000][1][gc           ] GC(5) Concurrent Reset
[2020-09-11T16:53:14.010+0000][1][safepoint    ] Safepoint "RevokeBias", Time since last: 19350929 ns, Reaching safepoint: 6270541 ns, At safepoint: 35722 ns, Total: 6306263 ns
[2020-09-11T16:53:14.012+0000][1][gc           ] GC(5) Concurrent Reset 24.924ms
[2020-09-11T16:53:14.012+0000][1][gc,cpu       ] GC(5) User=0.01s Sys=0.00s Real=0.02s
[2020-09-11T16:53:14.012+0000][1][gc,heap      ] GC(5) Old: 9697K->9695K(2011968K)
[2020-09-11T16:53:14.025+0000][1][safepoint    ] Safepoint "RevokeBias", Time since last: 14218151 ns, Reaching safepoint: 111652 ns, At safepoint: 27215 ns, Total: 138867 ns
[2020-09-11T16:53:14.025+0000][1][safepoint    ] Safepoint "RevokeBias", Time since last: 50547 ns, Reaching safepoint: 63421 ns, At safepoint: 22236 ns, Total: 85657 ns
[2020-09-11T16:53:14.025+0000][1][safepoint    ] Safepoint "RevokeBias", Time since last: 31259 ns, Reaching safepoint: 77207 ns, At safepoint: 14399 ns, Total: 91606 ns
[2020-09-11T16:53:14.025+0000][1][safepoint    ] Safepoint "RevokeBias", Time since last: 25646 ns, Reaching safepoint: 76193 ns, At safepoint: 13444 ns, Total: 89637 ns
[2020-09-11T16:53:14.122+0000][1][safepoint    ] Safepoint "RevokeBias", Time since last: 96898568 ns, Reaching safepoint: 96313 ns, At safepoint: 65495 ns, Total: 161808 ns
[2020-09-11T16:53:14.207+0000][1][safepoint    ] Safepoint "RevokeBias", Time since last: 84410165 ns, Reaching safepoint: 99988 ns, At safepoint: 49912 ns, Total: 149900 ns
[2020-09-11T16:53:14.669+0000][1][safepoint    ] Safepoint "RevokeBias", Time since last: 451177473 ns, Reaching safepoint: 10821484 ns, At safepoint: 46504 ns, Total: 10867988 ns
[2020-09-11T16:53:14.716+0000][1][safepoint    ] Safepoint "RevokeBias", Time since last: 46546658 ns, Reaching safepoint: 96961 ns, At safepoint: 73603 ns, Total: 170564 ns
[2020-09-11T16:53:14.757+0000][1][safepoint    ] Safepoint "RevokeBias", Time since last: 41215282 ns, Reaching safepoint: 114714 ns, At safepoint: 81913 ns, Total: 196627 ns
[2020-09-11T16:53:15.009+0000][1][gc,start     ] GC(7) Pause Young (Allocation Failure)
[2020-09-11T16:53:15.009+0000][1][gc,task      ] GC(7) Using 1 workers of 1 for evacuation
[2020-09-11T16:53:15.137+0000][1][gc,age       ] GC(7) Desired survivor size 4358144 bytes, new threshold 6 (max threshold 6)
[2020-09-11T16:53:15.137+0000][1][gc,age       ] GC(7) Age table with threshold 6 (max threshold 6)
[2020-09-11T16:53:15.137+0000][1][gc,age       ] GC(7) - age   1:    1205952 bytes,    1205952 total
[2020-09-11T16:53:15.137+0000][1][gc,age       ] GC(7) - age   2:    1525952 bytes,    2731904 total
[2020-09-11T16:53:15.137+0000][1][gc,age       ] GC(7) - age   3:    1252928 bytes,    3984832 total
[2020-09-11T16:53:15.137+0000][1][gc,age       ] GC(7) - age   4:     351728 bytes,    4336560 total
[2020-09-11T16:53:15.137+0000][1][gc,heap      ] GC(7) ParNew: 74673K->4835K(76672K)
[2020-09-11T16:53:15.137+0000][1][gc,heap      ] GC(7) CMS: 9695K->11022K(2011968K)
[2020-09-11T16:53:15.137+0000][1][gc,metaspace ] GC(7) Metaspace: 21281K->21281K(1069056K)
[2020-09-11T16:53:15.137+0000][1][gc           ] GC(7) Pause Young (Allocation Failure) 82M->15M(2039M) 128.150ms
[2020-09-11T16:53:15.137+0000][1][gc,cpu       ] GC(7) User=0.03s Sys=0.00s Real=0.13s
[2020-09-11T16:53:15.156+0000][1][safepoint    ] Safepoint "GenCollectForAllocation", Time since last: 251805444 ns, Reaching safepoint: 111011 ns, At safepoint: 146805330 ns, Total: 146916341 ns
[2020-09-11T16:53:15.189+0000][1][safepoint    ] Safepoint "RevokeBias", Time since last: 27808579 ns, Reaching safepoint: 5285955 ns, At safepoint: 44136 ns, Total: 5330091 ns
[2020-09-11T16:53:15.189+0000][1][safepoint    ] Safepoint "RevokeBias", Time since last: 74312 ns, Reaching safepoint: 79974 ns, At safepoint: 21836 ns, Total: 101810 ns
[2020-09-11T16:53:15.200+0000][1][safepoint    ] Safepoint "RevokeBias", Time since last: 10554127 ns, Reaching safepoint: 111036 ns, At safepoint: 35380 ns, Total: 146416 ns
[2020-09-11T16:53:15.200+0000][1][safepoint    ] Safepoint "RevokeBias", Time since last: 60799 ns, Reaching safepoint: 79464 ns, At safepoint: 21700 ns, Total: 101164 ns
[2020-09-11T16:53:15.363+0000][1][safepoint    ] Safepoint "RevokeBias", Time since last: 156091857 ns, Reaching safepoint: 6913675 ns, At safepoint: 46391 ns, Total: 6960066 ns
[2020-09-11T16:53:15.364+0000][1][safepoint    ] Safepoint "RevokeBias", Time since last: 1306136 ns, Reaching safepoint: 85494 ns, At safepoint: 26830 ns, Total: 112324 ns
[2020-09-11T16:53:15.911+0000][1][safepoint    ] Safepoint "RevokeBias", Time since last: 546626846 ns, Reaching safepoint: 113133 ns, At safepoint: 37299 ns, Total: 150432 ns
[2020-09-11T16:53:15.937+0000][1][safepoint    ] Safepoint "RevokeBias", Time since last: 25591645 ns, Reaching safepoint: 57235 ns, At safepoint: 30918 ns, Total: 88153 ns
[2020-09-11T16:53:16.285+0000][1][gc,start     ] GC(8) Pause Young (Allocation Failure)
[2020-09-11T16:53:16.285+0000][1][gc,task      ] GC(8) Using 1 workers of 1 for evacuation
[2020-09-11T16:53:16.368+0000][1][gc,age       ] GC(8) Desired survivor size 4358144 bytes, new threshold 4 (max threshold 6)
[2020-09-11T16:53:16.368+0000][1][gc,age       ] GC(8) Age table with threshold 4 (max threshold 6)
[2020-09-11T16:53:16.368+0000][1][gc,age       ] GC(8) - age   1:    1336912 bytes,    1336912 total
[2020-09-11T16:53:16.368+0000][1][gc,age       ] GC(8) - age   2:     445576 bytes,    1782488 total
[2020-09-11T16:53:16.368+0000][1][gc,age       ] GC(8) - age   3:    1524016 bytes,    3306504 total
[2020-09-11T16:53:16.368+0000][1][gc,age       ] GC(8) - age   4:    1252216 bytes,    4558720 total
[2020-09-11T16:53:16.368+0000][1][gc,age       ] GC(8) - age   5:     351728 bytes,    4910448 total
[2020-09-11T16:53:16.368+0000][1][gc,heap      ] GC(8) ParNew: 72995K->8512K(76672K)
[2020-09-11T16:53:16.368+0000][1][gc,heap      ] GC(8) CMS: 11022K->11022K(2011968K)
[2020-09-11T16:53:16.368+0000][1][gc,metaspace ] GC(8) Metaspace: 21468K->21468K(1069056K)
[2020-09-11T16:53:16.368+0000][1][gc           ] GC(8) Pause Young (Allocation Failure) 82M->19M(2039M) 83.007ms
[2020-09-11T16:53:16.368+0000][1][gc,cpu       ] GC(8) User=0.02s Sys=0.00s Real=0.08s
[2020-09-11T16:53:16.401+0000][1][safepoint    ] Safepoint "GenCollectForAllocation", Time since last: 348029607 ns, Reaching safepoint: 105357 ns, At safepoint: 115873496 ns, Total: 115978853 ns
[2020-09-11T16:53:16.442+0000][1][safepoint    ] Safepoint "RevokeBias", Time since last: 26115622 ns, Reaching safepoint: 14931563 ns, At safepoint: 32324 ns, Total: 14963887 ns
[2020-09-11T16:53:16.442+0000][1][safepoint    ] Safepoint "RevokeBias", Time since last: 87894 ns, Reaching safepoint: 80954 ns, At safepoint: 18833 ns, Total: 99787 ns
[2020-09-11T16:53:16.445+0000][1][safepoint    ] Safepoint "RevokeBias", Time since last: 2714700 ns, Reaching safepoint: 84858 ns, At safepoint: 21797 ns, Total: 106655 ns
[2020-09-11T16:53:16.445+0000][1][safepoint    ] Safepoint "RevokeBias", Time since last: 38676 ns, Reaching safepoint: 77960 ns, At safepoint: 17943 ns, Total: 95903 ns
[2020-09-11T16:53:16.526+0000][1][safepoint    ] Safepoint "RevokeBias", Time since last: 80938120 ns, Reaching safepoint: 95274 ns, At safepoint: 30454 ns, Total: 125728 ns
[2020-09-11T16:53:16.570+0000][1][safepoint    ] Safepoint "RevokeBias", Time since last: 43855020 ns, Reaching safepoint: 94458 ns, At safepoint: 27550 ns, Total: 122008 ns
[2020-09-11T16:53:16.885+0000][1][safepoint    ] Safepoint "RevokeBias", Time since last: 314622790 ns, Reaching safepoint: 62867 ns, At safepoint: 33359 ns, Total: 96226 ns
[2020-09-11T16:53:16.909+0000][1][safepoint    ] Safepoint "RevokeBias", Time since last: 23978473 ns, Reaching safepoint: 98919 ns, At safepoint: 36961 ns, Total: 135880 ns
[2020-09-11T16:53:17.249+0000][1][gc,start     ] GC(9) Pause Young (Allocation Failure)
[2020-09-11T16:53:17.249+0000][1][gc,task      ] GC(9) Using 1 workers of 1 for evacuation
[2020-09-11T16:53:17.364+0000][1][gc,age       ] GC(9) Desired survivor size 4358144 bytes, new threshold 4 (max threshold 6)
[2020-09-11T16:53:17.364+0000][1][gc,age       ] GC(9) Age table with threshold 4 (max threshold 6)
[2020-09-11T16:53:17.364+0000][1][gc,age       ] GC(9) - age   1:    2020304 bytes,    2020304 total
[2020-09-11T16:53:17.364+0000][1][gc,age       ] GC(9) - age   2:     829440 bytes,    2849744 total
[2020-09-11T16:53:17.364+0000][1][gc,age       ] GC(9) - age   3:     445496 bytes,    3295240 total
[2020-09-11T16:53:17.364+0000][1][gc,age       ] GC(9) - age   4:    1524016 bytes,    4819256 total
[2020-09-11T16:53:17.364+0000][1][gc,heap      ] GC(9) ParNew: 76672K->5789K(76672K)
[2020-09-11T16:53:17.364+0000][1][gc,heap      ] GC(9) CMS: 11022K->12607K(2011968K)
[2020-09-11T16:53:17.364+0000][1][gc,metaspace ] GC(9) Metaspace: 21571K->21571K(1069056K)
[2020-09-11T16:53:17.364+0000][1][gc           ] GC(9) Pause Young (Allocation Failure) 85M->17M(2039M) 115.218ms
[2020-09-11T16:53:17.364+0000][1][gc,cpu       ] GC(9) User=0.02s Sys=0.00s Real=0.12s
[2020-09-11T16:53:17.393+0000][1][safepoint    ] Safepoint "GenCollectForAllocation", Time since last: 339870129 ns, Reaching safepoint: 102679 ns, At safepoint: 143888552 ns, Total: 143991231 ns
[2020-09-11T16:53:17.402+0000][1][safepoint    ] Safepoint "RevokeBias", Time since last: 9059748 ns, Reaching safepoint: 36637 ns, At safepoint: 70629 ns, Total: 107266 ns
[2020-09-11T16:53:17.417+0000][1][safepoint    ] Safepoint "RevokeBias", Time since last: 13528835 ns, Reaching safepoint: 97941 ns, At safepoint: 1208783 ns, Total: 1306724 ns
[2020-09-11T16:53:17.417+0000][1][safepoint    ] Safepoint "RevokeBias", Time since last: 61986 ns, Reaching safepoint: 90151 ns, At safepoint: 40322 ns, Total: 130473 ns
[2020-09-11T16:53:17.421+0000][1][safepoint    ] Safepoint "RevokeBias", Time since last: 3825629 ns, Reaching safepoint: 98195 ns, At safepoint: 60535 ns, Total: 158730 ns
[2020-09-11T16:53:17.453+0000][1][safepoint    ] Safepoint "RevokeBias", Time since last: 28862624 ns, Reaching safepoint: 2970463 ns, At safepoint: 38726 ns, Total: 3009189 ns
[2020-09-11T16:53:17.496+0000][1][safepoint    ] Safepoint "RevokeBias", Time since last: 43024586 ns, Reaching safepoint: 107554 ns, At safepoint: 64807 ns, Total: 172361 ns
[2020-09-11T16:53:17.705+0000][1][safepoint    ] Safepoint "RevokeBias", Time since last: 208749198 ns, Reaching safepoint: 108714 ns, At safepoint: 37943 ns, Total: 146657 ns
[2020-09-11T16:53:17.706+0000][1][safepoint    ] Safepoint "RevokeBias", Time since last: 1262702 ns, Reaching safepoint: 85176 ns, At safepoint: 25934 ns, Total: 111110 ns
[2020-09-11T16:53:17.792+0000][1][safepoint    ] Safepoint "RevokeBias", Time since last: 85765401 ns, Reaching safepoint: 102260 ns, At safepoint: 16104 ns, Total: 118364 ns
[2020-09-11T16:53:17.793+0000][1][safepoint    ] Safepoint "RevokeBias", Time since last: 342882 ns, Reaching safepoint: 247374 ns, At safepoint: 12089 ns, Total: 259463 ns
[2020-09-11T16:53:18.057+0000][1][safepoint    ] Safepoint "RevokeBias", Time since last: 264533899 ns, Reaching safepoint: 107178 ns, At safepoint: 52684 ns, Total: 159862 ns
[2020-09-11T16:53:18.107+0000][1][safepoint    ] Safepoint "RevokeBias", Time since last: 49535375 ns, Reaching safepoint: 105397 ns, At safepoint: 39389 ns, Total: 144786 ns
[2020-09-11T16:53:18.385+0000][1][gc,start     ] GC(10) Pause Young (Allocation Failure)
[2020-09-11T16:53:18.385+0000][1][gc,task      ] GC(10) Using 1 workers of 1 for evacuation
[2020-09-11T16:53:18.596+0000][1][gc,age       ] GC(10) Desired survivor size 4358144 bytes, new threshold 6 (max threshold 6)
[2020-09-11T16:53:18.596+0000][1][gc,age       ] GC(10) Age table with threshold 6 (max threshold 6)
[2020-09-11T16:53:18.596+0000][1][gc,age       ] GC(10) - age   1:    2379824 bytes,    2379824 total
[2020-09-11T16:53:18.596+0000][1][gc,age       ] GC(10) - age   2:     112576 bytes,    2492400 total
[2020-09-11T16:53:18.596+0000][1][gc,age       ] GC(10) - age   3:     829440 bytes,    3321840 total
[2020-09-11T16:53:18.596+0000][1][gc,age       ] GC(10) - age   4:     445472 bytes,    3767312 total
[2020-09-11T16:53:18.596+0000][1][gc,heap      ] GC(10) ParNew: 73949K->4253K(76672K)
[2020-09-11T16:53:18.596+0000][1][gc,heap      ] GC(10) CMS: 12607K->14107K(2011968K)
[2020-09-11T16:53:18.596+0000][1][gc,metaspace ] GC(10) Metaspace: 21723K->21723K(1069056K)
[2020-09-11T16:53:18.596+0000][1][gc           ] GC(10) Pause Young (Allocation Failure) 84M->17M(2039M) 211.502ms
[2020-09-11T16:53:18.596+0000][1][gc,cpu       ] GC(10) User=0.04s Sys=0.00s Real=0.21s
[2020-09-11T16:53:18.613+0000][1][safepoint    ] Safepoint "GenCollectForAllocation", Time since last: 277645469 ns, Reaching safepoint: 104767 ns, At safepoint: 227886638 ns, Total: 227991405 ns
[2020-09-11T16:53:18.617+0000][1][safepoint    ] Safepoint "RevokeBias", Time since last: 4053608 ns, Reaching safepoint: 26765 ns, At safepoint: 56500 ns, Total: 83265 ns
[2020-09-11T16:53:18.637+0000][1][safepoint    ] Safepoint "RevokeBias", Time since last: 19831802 ns, Reaching safepoint: 33145 ns, At safepoint: 70787 ns, Total: 103932 ns
[2020-09-11T16:53:18.637+0000][1][safepoint    ] Safepoint "BulkRevokeBias", Time since last: 79800 ns, Reaching safepoint: 82198 ns, At safepoint: 59582 ns, Total: 141780 ns
[2020-09-11T16:53:18.637+0000][1][safepoint    ] Safepoint "BulkRevokeBias", Time since last: 25702 ns, Reaching safepoint: 76468 ns, At safepoint: 35417 ns, Total: 111885 ns
[2020-09-11T16:53:18.662+0000][1][safepoint    ] Safepoint "RevokeBias", Time since last: 24360946 ns, Reaching safepoint: 93046 ns, At safepoint: 28899 ns, Total: 121945 ns
[2020-09-11T16:53:18.905+0000][1][safepoint    ] Safepoint "RevokeBias", Time since last: 243109791 ns, Reaching safepoint: 102757 ns, At safepoint: 37564 ns, Total: 140321 ns
[2020-09-11T16:53:18.913+0000][1][safepoint    ] Safepoint "RevokeBias", Time since last: 7835756 ns, Reaching safepoint: 100611 ns, At safepoint: 35096 ns, Total: 135707 ns
[2020-09-11T16:53:19.648+0000][1][safepoint    ] Safepoint "RevokeBias", Time since last: 734603222 ns, Reaching safepoint: 105697 ns, At safepoint: 40954 ns, Total: 146651 ns
[2020-09-11T16:53:19.665+0000][1][safepoint    ] Safepoint "RevokeBias", Time since last: 17138820 ns, Reaching safepoint: 102877 ns, At safepoint: 39357 ns, Total: 142234 ns
[2020-09-11T16:53:19.709+0000][1][safepoint    ] Safepoint "RevokeBias", Time since last: 43825158 ns, Reaching safepoint: 105729 ns, At safepoint: 40871 ns, Total: 146600 ns
[2020-09-11T16:53:19.714+0000][1][safepoint    ] Safepoint "RevokeBias", Time since last: 4639633 ns, Reaching safepoint: 93735 ns, At safepoint: 30880 ns, Total: 124615 ns
[2020-09-11T16:53:19.763+0000][1][safepoint    ] Safepoint "RevokeBias", Time since last: 49094218 ns, Reaching safepoint: 106202 ns, At safepoint: 36640 ns, Total: 142842 ns
[2020-09-11T16:53:20.033+0000][1][safepoint    ] Safepoint "RevokeBias", Time since last: 269868730 ns, Reaching safepoint: 103298 ns, At safepoint: 35399 ns, Total: 138697 ns
[2020-09-11T16:53:20.089+0000][1][safepoint    ] Safepoint "RevokeBias", Time since last: 54076554 ns, Reaching safepoint: 1770991 ns, At safepoint: 32287 ns, Total: 1803278 ns
[2020-09-11T16:53:20.244+0000][1][gc,start     ] GC(11) Pause Young (Allocation Failure)
[2020-09-11T16:53:20.244+0000][1][gc,task      ] GC(11) Using 1 workers of 1 for evacuation
[2020-09-11T16:53:20.348+0000][1][gc,age       ] GC(11) Desired survivor size 4358144 bytes, new threshold 6 (max threshold 6)
[2020-09-11T16:53:20.348+0000][1][gc,age       ] GC(11) Age table with threshold 6 (max threshold 6)
[2020-09-11T16:53:20.348+0000][1][gc,age       ] GC(11) - age   1:    1603600 bytes,    1603600 total
[2020-09-11T16:53:20.348+0000][1][gc,age       ] GC(11) - age   2:     403832 bytes,    2007432 total
[2020-09-11T16:53:20.348+0000][1][gc,age       ] GC(11) - age   3:     112472 bytes,    2119904 total
[2020-09-11T16:53:20.348+0000][1][gc,age       ] GC(11) - age   4:     829440 bytes,    2949344 total
[2020-09-11T16:53:20.348+0000][1][gc,age       ] GC(11) - age   5:     445472 bytes,    3394816 total
[2020-09-11T16:53:20.348+0000][1][gc,heap      ] GC(11) ParNew: 72413K->3822K(76672K)
[2020-09-11T16:53:20.348+0000][1][gc,heap      ] GC(11) CMS: 14107K->14107K(2011968K)
[2020-09-11T16:53:20.348+0000][1][gc,metaspace ] GC(11) Metaspace: 22638K->22638K(1071104K)
[2020-09-11T16:53:20.348+0000][1][gc           ] GC(11) Pause Young (Allocation Failure) 84M->17M(2039M) 104.219ms
[2020-09-11T16:53:20.348+0000][1][gc,cpu       ] GC(11) User=0.02s Sys=0.00s Real=0.10s
[2020-09-11T16:53:20.379+0000][1][safepoint    ] Safepoint "GenCollectForAllocation", Time since last: 154732037 ns, Reaching safepoint: 107838 ns, At safepoint: 135346001 ns, Total: 135453839 ns
[2020-09-11T16:53:20.445+0000][1][safepoint    ] Safepoint "RevokeBias", Time since last: 65790139 ns, Reaching safepoint: 103487 ns, At safepoint: 36889 ns, Total: 140376 ns
[2020-09-11T16:53:20.494+0000][1][safepoint    ] Safepoint "RevokeBias", Time since last: 49039004 ns, Reaching safepoint: 95068 ns, At safepoint: 31925 ns, Total: 126993 ns
[2020-09-11T16:53:20.521+0000][1][safepoint    ] Safepoint "RevokeBias", Time since last: 26660873 ns, Reaching safepoint: 104507 ns, At safepoint: 38673 ns, Total: 143180 ns
[2020-09-11T16:53:20.818+0000][1][safepoint    ] Safepoint "RevokeBias", Time since last: 297127832 ns, Reaching safepoint: 93824 ns, At safepoint: 48103 ns, Total: 141927 ns
[2020-09-11T16:53:21.196+0000][1][gc,start     ] GC(12) Pause Young (Allocation Failure)
[2020-09-11T16:53:21.196+0000][1][gc,task      ] GC(12) Using 1 workers of 1 for evacuation
[2020-09-11T16:53:21.320+0000][1][gc,age       ] GC(12) Desired survivor size 4358144 bytes, new threshold 6 (max threshold 6)
[2020-09-11T16:53:21.320+0000][1][gc,age       ] GC(12) Age table with threshold 6 (max threshold 6)
[2020-09-11T16:53:21.320+0000][1][gc,age       ] GC(12) - age   1:     446144 bytes,     446144 total
[2020-09-11T16:53:21.320+0000][1][gc,age       ] GC(12) - age   2:     577976 bytes,    1024120 total
[2020-09-11T16:53:21.320+0000][1][gc,age       ] GC(12) - age   3:     403832 bytes,    1427952 total
[2020-09-11T16:53:21.320+0000][1][gc,age       ] GC(12) - age   4:     112368 bytes,    1540320 total
[2020-09-11T16:53:21.320+0000][1][gc,age       ] GC(12) - age   5:     829152 bytes,    2369472 total
[2020-09-11T16:53:21.320+0000][1][gc,age       ] GC(12) - age   6:     445472 bytes,    2814944 total
[2020-09-11T16:53:21.321+0000][1][gc,heap      ] GC(12) ParNew: 71982K->3442K(76672K)
[2020-09-11T16:53:21.321+0000][1][gc,heap      ] GC(12) CMS: 14107K->14107K(2011968K)
[2020-09-11T16:53:21.321+0000][1][gc,metaspace ] GC(12) Metaspace: 22665K->22665K(1071104K)
[2020-09-11T16:53:21.321+0000][1][gc           ] GC(12) Pause Young (Allocation Failure) 84M->17M(2039M) 124.669ms
[2020-09-11T16:53:21.321+0000][1][gc,cpu       ] GC(12) User=0.02s Sys=0.00s Real=0.12s
[2020-09-11T16:53:21.357+0000][1][safepoint    ] Safepoint "GenCollectForAllocation", Time since last: 377604670 ns, Reaching safepoint: 99398 ns, At safepoint: 160912356 ns, Total: 161011754 ns
[2020-09-11T16:53:22.177+0000][1][gc,start     ] GC(13) Pause Young (Allocation Failure)
[2020-09-11T16:53:22.177+0000][1][gc,task      ] GC(13) Using 1 workers of 1 for evacuation
[2020-09-11T16:53:22.309+0000][1][gc,age       ] GC(13) Desired survivor size 4358144 bytes, new threshold 6 (max threshold 6)
[2020-09-11T16:53:22.309+0000][1][gc,age       ] GC(13) Age table with threshold 6 (max threshold 6)
[2020-09-11T16:53:22.309+0000][1][gc,age       ] GC(13) - age   1:    1851720 bytes,    1851720 total
[2020-09-11T16:53:22.309+0000][1][gc,age       ] GC(13) - age   2:     203304 bytes,    2055024 total
[2020-09-11T16:53:22.309+0000][1][gc,age       ] GC(13) - age   3:     577864 bytes,    2632888 total
[2020-09-11T16:53:22.309+0000][1][gc,age       ] GC(13) - age   4:     403832 bytes,    3036720 total
[2020-09-11T16:53:22.309+0000][1][gc,age       ] GC(13) - age   5:     112368 bytes,    3149088 total
[2020-09-11T16:53:22.309+0000][1][gc,age       ] GC(13) - age   6:     829152 bytes,    3978240 total
[2020-09-11T16:53:22.309+0000][1][gc,heap      ] GC(13) ParNew: 71602K->5844K(76672K)
[2020-09-11T16:53:22.309+0000][1][gc,heap      ] GC(13) CMS: 14107K->14546K(2011968K)
[2020-09-11T16:53:22.309+0000][1][gc,metaspace ] GC(13) Metaspace: 22765K->22765K(1071104K)
[2020-09-11T16:53:22.309+0000][1][gc           ] GC(13) Pause Young (Allocation Failure) 83M->19M(2039M) 132.240ms
[2020-09-11T16:53:22.309+0000][1][gc,cpu       ] GC(13) User=0.03s Sys=0.00s Real=0.13s
[2020-09-11T16:53:22.329+0000][1][safepoint    ] Safepoint "GenCollectForAllocation", Time since last: 820013580 ns, Reaching safepoint: 102759 ns, At safepoint: 151895892 ns, Total: 151998651 ns
[2020-09-11T16:53:23.198+0000][1][gc,start     ] GC(14) Pause Young (Allocation Failure)
[2020-09-11T16:53:23.198+0000][1][gc,task      ] GC(14) Using 1 workers of 1 for evacuation
[2020-09-11T16:53:23.290+0000][1][gc,age       ] GC(14) Desired survivor size 4358144 bytes, new threshold 6 (max threshold 6)
[2020-09-11T16:53:23.290+0000][1][gc,age       ] GC(14) Age table with threshold 6 (max threshold 6)
[2020-09-11T16:53:23.290+0000][1][gc,age       ] GC(14) - age   1:     518464 bytes,     518464 total
[2020-09-11T16:53:23.290+0000][1][gc,age       ] GC(14) - age   2:     103416 bytes,     621880 total
[2020-09-11T16:53:23.290+0000][1][gc,age       ] GC(14) - age   3:     203304 bytes,     825184 total
[2020-09-11T16:53:23.290+0000][1][gc,age       ] GC(14) - age   4:     577864 bytes,    1403048 total
[2020-09-11T16:53:23.290+0000][1][gc,age       ] GC(14) - age   5:     403832 bytes,    1806880 total
[2020-09-11T16:53:23.290+0000][1][gc,age       ] GC(14) - age   6:     112368 bytes,    1919248 total
[2020-09-11T16:53:23.290+0000][1][gc,heap      ] GC(14) ParNew: 74004K->3644K(76672K)
[2020-09-11T16:53:23.290+0000][1][gc,heap      ] GC(14) CMS: 14546K->15361K(2011968K)
[2020-09-11T16:53:23.290+0000][1][gc,metaspace ] GC(14) Metaspace: 22845K->22845K(1071104K)
[2020-09-11T16:53:23.290+0000][1][gc           ] GC(14) Pause Young (Allocation Failure) 86M->18M(2039M) 91.938ms
[2020-09-11T16:53:23.290+0000][1][gc,cpu       ] GC(14) User=0.01s Sys=0.00s Real=0.09s
[2020-09-11T16:53:23.325+0000][1][safepoint    ] Safepoint "GenCollectForAllocation", Time since last: 869155938 ns, Reaching safepoint: 122987 ns, At safepoint: 126720248 ns, Total: 126843235 ns
[2020-09-11T16:53:24.145+0000][1][gc,start     ] GC(15) Pause Young (Allocation Failure)
[2020-09-11T16:53:24.145+0000][1][gc,task      ] GC(15) Using 1 workers of 1 for evacuation
[2020-09-11T16:53:24.215+0000][1][gc,age       ] GC(15) Desired survivor size 4358144 bytes, new threshold 6 (max threshold 6)
[2020-09-11T16:53:24.215+0000][1][gc,age       ] GC(15) Age table with threshold 6 (max threshold 6)
[2020-09-11T16:53:24.215+0000][1][gc,age       ] GC(15) - age   1:     135912 bytes,     135912 total
[2020-09-11T16:53:24.215+0000][1][gc,age       ] GC(15) - age   2:     314832 bytes,     450744 total
[2020-09-11T16:53:24.215+0000][1][gc,age       ] GC(15) - age   3:     103416 bytes,     554160 total
[2020-09-11T16:53:24.215+0000][1][gc,age       ] GC(15) - age   4:     203304 bytes,     757464 total
[2020-09-11T16:53:24.215+0000][1][gc,age       ] GC(15) - age   5:     577864 bytes,    1335328 total
[2020-09-11T16:53:24.215+0000][1][gc,age       ] GC(15) - age   6:     403832 bytes,    1739160 total
[2020-09-11T16:53:24.215+0000][1][gc,heap      ] GC(15) ParNew: 71804K->3227K(76672K)
[2020-09-11T16:53:24.215+0000][1][gc,heap      ] GC(15) CMS: 15361K->15475K(2011968K)
[2020-09-11T16:53:24.215+0000][1][gc,metaspace ] GC(15) Metaspace: 22932K->22932K(1071104K)
[2020-09-11T16:53:24.215+0000][1][gc           ] GC(15) Pause Young (Allocation Failure) 85M->18M(2039M) 69.658ms
[2020-09-11T16:53:24.215+0000][1][gc,cpu       ] GC(15) User=0.02s Sys=0.00s Real=0.07s
[2020-09-11T16:53:24.225+0000][1][safepoint    ] Safepoint "GenCollectForAllocation", Time since last: 820008660 ns, Reaching safepoint: 578558 ns, At safepoint: 79858151 ns, Total: 80436709 ns
[2020-09-11T16:53:24.971+0000][1][gc,start     ] GC(16) Pause Young (Allocation Failure)
[2020-09-11T16:53:24.971+0000][1][gc,task      ] GC(16) Using 1 workers of 1 for evacuation
[2020-09-11T16:53:25.066+0000][1][gc,age       ] GC(16) Desired survivor size 4358144 bytes, new threshold 6 (max threshold 6)
[2020-09-11T16:53:25.066+0000][1][gc,age       ] GC(16) Age table with threshold 6 (max threshold 6)
[2020-09-11T16:53:25.066+0000][1][gc,age       ] GC(16) - age   1:    1787328 bytes,    1787328 total
[2020-09-11T16:53:25.066+0000][1][gc,age       ] GC(16) - age   2:     118456 bytes,    1905784 total
[2020-09-11T16:53:25.066+0000][1][gc,age       ] GC(16) - age   3:     314832 bytes,    2220616 total
[2020-09-11T16:53:25.066+0000][1][gc,age       ] GC(16) - age   4:     103416 bytes,    2324032 total
[2020-09-11T16:53:25.066+0000][1][gc,age       ] GC(16) - age   5:     203152 bytes,    2527184 total
[2020-09-11T16:53:25.066+0000][1][gc,age       ] GC(16) - age   6:     577864 bytes,    3105048 total
[2020-09-11T16:53:25.066+0000][1][gc,heap      ] GC(16) ParNew: 71387K->3121K(76672K)
[2020-09-11T16:53:25.066+0000][1][gc,heap      ] GC(16) CMS: 15475K->15874K(2011968K)
[2020-09-11T16:53:25.066+0000][1][gc,metaspace ] GC(16) Metaspace: 22952K->22952K(1071104K)
[2020-09-11T16:53:25.066+0000][1][gc           ] GC(16) Pause Young (Allocation Failure) 84M->18M(2039M) 95.372ms
[2020-09-11T16:53:25.066+0000][1][gc,cpu       ] GC(16) User=0.02s Sys=0.00s Real=0.10s
[2020-09-11T16:53:25.090+0000][1][safepoint    ] Safepoint "GenCollectForAllocation", Time since last: 739546126 ns, Reaching safepoint: 5948720 ns, At safepoint: 119510719 ns, Total: 125459439 ns
[2020-09-11T16:53:25.247+0000][1][safepoint    ] Safepoint "Deoptimize", Time since last: 156205117 ns, Reaching safepoint: 117927 ns, At safepoint: 210277 ns, Total: 328204 ns
[2020-09-11T16:53:26.250+0000][1][safepoint    ] Safepoint "Cleanup", Time since last: 1003393475 ns, Reaching safepoint: 141183 ns, At safepoint: 6526 ns, Total: 147709 ns
[2020-09-11T16:53:27.257+0000][1][safepoint    ] Safepoint "Cleanup", Time since last: 1006450976 ns, Reaching safepoint: 645291 ns, At safepoint: 7382 ns, Total: 652673 ns
[2020-09-11T16:53:27.338+0000][1][safepoint    ] Safepoint "RevokeBias", Time since last: 79369637 ns, Reaching safepoint: 1103255 ns, At safepoint: 21818 ns, Total: 1125073 ns
[2020-09-11T16:53:27.338+0000][1][safepoint    ] Safepoint "RevokeBias", Time since last: 204740 ns, Reaching safepoint: 82746 ns, At safepoint: 9561 ns, Total: 92307 ns
[2020-09-11T16:53:27.338+0000][1][safepoint    ] Safepoint "RevokeBias", Time since last: 82521 ns, Reaching safepoint: 10428 ns, At safepoint: 7370 ns, Total: 17798 ns
[2020-09-11T16:53:28.341+0000][1][safepoint    ] Safepoint "Cleanup", Time since last: 1002172279 ns, Reaching safepoint: 191230 ns, At safepoint: 5291 ns, Total: 196521 ns
[2020-09-11T16:53:29.352+0000][1][safepoint    ] Safepoint "Cleanup", Time since last: 1010973671 ns, Reaching safepoint: 121799 ns, At safepoint: 6907 ns, Total: 128706 ns
[2020-09-11T16:53:29.422+0000][1][safepoint    ] Safepoint "Deoptimize", Time since last: 69508812 ns, Reaching safepoint: 100819 ns, At safepoint: 202092 ns, Total: 302911 ns
[2020-09-11T16:53:29.614+0000][1][safepoint    ] Safepoint "Deoptimize", Time since last: 191591668 ns, Reaching safepoint: 112335 ns, At safepoint: 218125 ns, Total: 330460 ns
[2020-09-11T16:53:30.616+0000][1][safepoint    ] Safepoint "Cleanup", Time since last: 1001951612 ns, Reaching safepoint: 245807 ns, At safepoint: 7253 ns, Total: 253060 ns
[2020-09-11T16:53:31.633+0000][1][safepoint    ] Safepoint "Cleanup", Time since last: 1017035639 ns, Reaching safepoint: 113021 ns, At safepoint: 6900 ns, Total: 119921 ns
[2020-09-11T16:53:32.633+0000][1][safepoint    ] Safepoint "Cleanup", Time since last: 1000362277 ns, Reaching safepoint: 107947 ns, At safepoint: 6652 ns, Total: 114599 ns
[2020-09-11T16:53:33.634+0000][1][safepoint    ] Safepoint "Cleanup", Time since last: 1000123593 ns, Reaching safepoint: 107005 ns, At safepoint: 6689 ns, Total: 113694 ns
[2020-09-11T16:53:34.549+0000][1][gc,start     ] GC(17) Pause Young (Allocation Failure)
[2020-09-11T16:53:34.549+0000][1][gc,task      ] GC(17) Using 1 workers of 1 for evacuation
[2020-09-11T16:53:34.738+0000][1][gc,age       ] GC(17) Desired survivor size 4358144 bytes, new threshold 1 (max threshold 6)
[2020-09-11T16:53:34.738+0000][1][gc,age       ] GC(17) Age table with threshold 1 (max threshold 6)
[2020-09-11T16:53:34.738+0000][1][gc,age       ] GC(17) - age   1:    7810232 bytes,    7810232 total
[2020-09-11T16:53:34.738+0000][1][gc,age       ] GC(17) - age   2:     143672 bytes,    7953904 total
[2020-09-11T16:53:34.738+0000][1][gc,age       ] GC(17) - age   3:     117960 bytes,    8071864 total
[2020-09-11T16:53:34.738+0000][1][gc,age       ] GC(17) - age   4:     312568 bytes,    8384432 total
[2020-09-11T16:53:34.738+0000][1][gc,age       ] GC(17) - age   5:     103136 bytes,    8487568 total
[2020-09-11T16:53:34.738+0000][1][gc,age       ] GC(17) - age   6:     203152 bytes,    8690720 total
[2020-09-11T16:53:34.738+0000][1][gc,heap      ] GC(17) ParNew: 71281K->8512K(76672K)
[2020-09-11T16:53:34.738+0000][1][gc,heap      ] GC(17) CMS: 15874K->16446K(2011968K)
[2020-09-11T16:53:34.738+0000][1][gc,metaspace ] GC(17) Metaspace: 29695K->29695K(1077248K)
[2020-09-11T16:53:34.738+0000][1][gc           ] GC(17) Pause Young (Allocation Failure) 85M->24M(2039M) 189.308ms
[2020-09-11T16:53:34.738+0000][1][gc,cpu       ] GC(17) User=0.03s Sys=0.00s Real=0.19s
[2020-09-11T16:53:34.777+0000][1][safepoint    ] Safepoint "GenCollectForAllocation", Time since last: 911166966 ns, Reaching safepoint: 4050169 ns, At safepoint: 227949353 ns, Total: 231999522 ns
[2020-09-11T16:53:35.825+0000][1][safepoint    ] Safepoint "Cleanup", Time since last: 1040004932 ns, Reaching safepoint: 8025255 ns, At safepoint: 11767 ns, Total: 8037022 ns
[2020-09-11T16:53:36.843+0000][1][safepoint    ] Safepoint "Cleanup", Time since last: 1017861139 ns, Reaching safepoint: 112879 ns, At safepoint: 6339 ns, Total: 119218 ns
[2020-09-11T16:53:37.853+0000][1][safepoint    ] Safepoint "Cleanup", Time since last: 1005966766 ns, Reaching safepoint: 4054946 ns, At safepoint: 16000 ns, Total: 4070946 ns
[2020-09-11T16:53:38.869+0000][1][safepoint    ] Safepoint "Cleanup", Time since last: 1015931786 ns, Reaching safepoint: 117620 ns, At safepoint: 6177 ns, Total: 123797 ns
[2020-09-11T16:53:39.902+0000][1][safepoint    ] Safepoint "Cleanup", Time since last: 1012933842 ns, Reaching safepoint: 20058083 ns, At safepoint: 8940 ns, Total: 20067023 ns
[2020-09-11T16:53:41.909+0000][1][safepoint    ] Safepoint "Cleanup", Time since last: 2006907611 ns, Reaching safepoint: 123455 ns, At safepoint: 6476 ns, Total: 129931 ns
[2020-09-11T16:53:42.519+0000][1][gc,start     ] GC(18) Pause Young (Allocation Failure)
[2020-09-11T16:53:42.519+0000][1][gc,task      ] GC(18) Using 1 workers of 1 for evacuation
[2020-09-11T16:53:42.805+0000][1][gc,age       ] GC(18) Desired survivor size 4358144 bytes, new threshold 1 (max threshold 6)
[2020-09-11T16:53:42.805+0000][1][gc,age       ] GC(18) Age table with threshold 1 (max threshold 6)
[2020-09-11T16:53:42.805+0000][1][gc,age       ] GC(18) - age   1:    8242224 bytes,    8242224 total
[2020-09-11T16:53:42.805+0000][1][gc,heap      ] GC(18) ParNew: 76672K->8512K(76672K)
[2020-09-11T16:53:42.805+0000][1][gc,heap      ] GC(18) CMS: 16446K->24740K(2011968K)
[2020-09-11T16:53:42.805+0000][1][gc,metaspace ] GC(18) Metaspace: 29842K->29842K(1077248K)
[2020-09-11T16:53:42.805+0000][1][gc           ] GC(18) Pause Young (Allocation Failure) 90M->32M(2039M) 285.932ms
[2020-09-11T16:53:42.805+0000][1][gc,cpu       ] GC(18) User=0.05s Sys=0.00s Real=0.29s
[2020-09-11T16:53:42.830+0000][1][safepoint    ] Safepoint "GenCollectForAllocation", Time since last: 610298770 ns, Reaching safepoint: 102467 ns, At safepoint: 310356482 ns, Total: 310458949 ns
[2020-09-11T16:53:43.853+0000][1][safepoint    ] Safepoint "Cleanup", Time since last: 1023094857 ns, Reaching safepoint: 131767 ns, At safepoint: 6006 ns, Total: 137773 ns
[2020-09-11T16:53:44.869+0000][1][safepoint    ] Safepoint "Cleanup", Time since last: 1015868837 ns, Reaching safepoint: 100318 ns, At safepoint: 5936 ns, Total: 106254 ns
[2020-09-11T16:53:47.889+0000][1][safepoint    ] Safepoint "Cleanup", Time since last: 3017484220 ns, Reaching safepoint: 2438753 ns, At safepoint: 13551 ns, Total: 2452304 ns
[2020-09-11T16:53:49.133+0000][1][gc,start     ] GC(19) Pause Young (Allocation Failure)
[2020-09-11T16:53:49.133+0000][1][gc,task      ] GC(19) Using 1 workers of 1 for evacuation
[2020-09-11T16:53:49.398+0000][1][gc,age       ] GC(19) Desired survivor size 4358144 bytes, new threshold 1 (max threshold 6)
[2020-09-11T16:53:49.398+0000][1][gc,age       ] GC(19) Age table with threshold 1 (max threshold 6)
[2020-09-11T16:53:49.398+0000][1][gc,age       ] GC(19) - age   1:    8716224 bytes,    8716224 total
[2020-09-11T16:53:49.398+0000][1][gc,heap      ] GC(19) ParNew: 76672K->8512K(76672K)
[2020-09-11T16:53:49.398+0000][1][gc,heap      ] GC(19) CMS: 24740K->32392K(2011968K)
[2020-09-11T16:53:49.398+0000][1][gc,metaspace ] GC(19) Metaspace: 29883K->29883K(1077248K)
[2020-09-11T16:53:49.398+0000][1][gc           ] GC(19) Pause Young (Allocation Failure) 99M->39M(2039M) 264.864ms
[2020-09-11T16:53:49.398+0000][1][gc,cpu       ] GC(19) User=0.06s Sys=0.00s Real=0.26s
[2020-09-11T16:53:49.434+0000][1][safepoint    ] Safepoint "GenCollectForAllocation", Time since last: 1244363532 ns, Reaching safepoint: 96637 ns, At safepoint: 300948589 ns, Total: 301045226 ns
[2020-09-11T16:53:51.489+0000][1][safepoint    ] Safepoint "Cleanup", Time since last: 2033848087 ns, Reaching safepoint: 20731578 ns, At safepoint: 13863 ns, Total: 20745441 ns
[2020-09-11T16:53:52.184+0000][1][safepoint    ] Safepoint "RevokeBias", Time since last: 695416474 ns, Reaching safepoint: 124405 ns, At safepoint: 43070 ns, Total: 167475 ns
[2020-09-11T16:53:53.193+0000][1][safepoint    ] Safepoint "Cleanup", Time since last: 1008357009 ns, Reaching safepoint: 138844 ns, At safepoint: 7011 ns, Total: 145855 ns
[2020-09-11T16:53:54.213+0000][1][safepoint    ] Safepoint "Cleanup", Time since last: 1017028284 ns, Reaching safepoint: 2863822 ns, At safepoint: 12401 ns, Total: 2876223 ns
[2020-09-11T16:53:54.386+0000][1][safepoint    ] Safepoint "RevokeBias", Time since last: 152079599 ns, Reaching safepoint: 20900816 ns, At safepoint: 49451 ns, Total: 20950267 ns
[2020-09-11T16:53:54.388+0000][1][safepoint    ] Safepoint "RevokeBias", Time since last: 266993 ns, Reaching safepoint: 2078996 ns, At safepoint: 46078 ns, Total: 2125074 ns
[2020-09-11T16:53:54.981+0000][1][gc,start     ] GC(20) Pause Young (Allocation Failure)
[2020-09-11T16:53:54.981+0000][1][gc,task      ] GC(20) Using 1 workers of 1 for evacuation
[2020-09-11T16:53:55.210+0000][1][gc,age       ] GC(20) Desired survivor size 4358144 bytes, new threshold 1 (max threshold 6)
[2020-09-11T16:53:55.210+0000][1][gc,age       ] GC(20) Age table with threshold 1 (max threshold 6)
[2020-09-11T16:53:55.210+0000][1][gc,age       ] GC(20) - age   1:    4883664 bytes,    4883664 total
[2020-09-11T16:53:55.210+0000][1][gc,heap      ] GC(20) ParNew: 76672K->8330K(76672K)
[2020-09-11T16:53:55.210+0000][1][gc,heap      ] GC(20) CMS: 32392K->40881K(2011968K)
[2020-09-11T16:53:55.210+0000][1][gc,metaspace ] GC(20) Metaspace: 32118K->32118K(1079296K)
[2020-09-11T16:53:55.210+0000][1][gc           ] GC(20) Pause Young (Allocation Failure) 106M->48M(2039M) 228.961ms
[2020-09-11T16:53:55.210+0000][1][gc,cpu       ] GC(20) User=0.05s Sys=0.00s Real=0.22s
[2020-09-11T16:53:55.249+0000][1][safepoint    ] Safepoint "GenCollectForAllocation", Time since last: 592525710 ns, Reaching safepoint: 93527 ns, At safepoint: 268297952 ns, Total: 268391479 ns
[2020-09-11T16:53:56.274+0000][1][safepoint    ] Safepoint "Cleanup", Time since last: 1023603257 ns, Reaching safepoint: 738555 ns, At safepoint: 6464 ns, Total: 745019 ns
[2020-09-11T16:53:56.317+0000][1][safepoint    ] Safepoint "Deoptimize", Time since last: 43284291 ns, Reaching safepoint: 102463 ns, At safepoint: 252806 ns, Total: 355269 ns
[2020-09-11T16:53:57.353+0000][1][safepoint    ] Safepoint "Cleanup", Time since last: 1012826640 ns, Reaching safepoint: 22846483 ns, At safepoint: 14152 ns, Total: 22860635 ns
[2020-09-11T16:53:58.353+0000][1][safepoint    ] Safepoint "Cleanup", Time since last: 1000113726 ns, Reaching safepoint: 118621 ns, At safepoint: 6060 ns, Total: 124681 ns
[2020-09-11T16:53:59.353+0000][1][safepoint    ] Safepoint "Cleanup", Time since last: 1000113912 ns, Reaching safepoint: 108737 ns, At safepoint: 5797 ns, Total: 114534 ns
[2020-09-11T16:54:00.145+0000][1][safepoint    ] Safepoint "Deoptimize", Time since last: 781725521 ns, Reaching safepoint: 9793169 ns, At safepoint: 279272 ns, Total: 10072441 ns
[2020-09-11T16:54:01.157+0000][1][safepoint    ] Safepoint "Cleanup", Time since last: 1000127707 ns, Reaching safepoint: 11596452 ns, At safepoint: 15606 ns, Total: 11612058 ns
[2020-09-11T16:54:01.373+0000][1][gc,start     ] GC(21) Pause Young (Allocation Failure)
[2020-09-11T16:54:01.373+0000][1][gc,task      ] GC(21) Using 1 workers of 1 for evacuation
[2020-09-11T16:54:01.510+0000][1][gc,age       ] GC(21) Desired survivor size 4358144 bytes, new threshold 6 (max threshold 6)
[2020-09-11T16:54:01.510+0000][1][gc,age       ] GC(21) Age table with threshold 6 (max threshold 6)
[2020-09-11T16:54:01.510+0000][1][gc,age       ] GC(21) - age   1:     909480 bytes,     909480 total
[2020-09-11T16:54:01.510+0000][1][gc,heap      ] GC(21) ParNew: 76490K->3871K(76672K)
[2020-09-11T16:54:01.510+0000][1][gc,heap      ] GC(21) CMS: 40881K->45576K(2011968K)
[2020-09-11T16:54:01.510+0000][1][gc,metaspace ] GC(21) Metaspace: 32423K->32423K(1079296K)
[2020-09-11T16:54:01.510+0000][1][gc           ] GC(21) Pause Young (Allocation Failure) 114M->48M(2039M) 137.299ms
[2020-09-11T16:54:01.510+0000][1][gc,cpu       ] GC(21) User=0.03s Sys=0.00s Real=0.13s
[2020-09-11T16:54:01.537+0000][1][safepoint    ] Safepoint "GenCollectForAllocation", Time since last: 212244929 ns, Reaching safepoint: 3701665 ns, At safepoint: 164026660 ns, Total: 167728325 ns
[2020-09-11T16:54:02.561+0000][1][safepoint    ] Safepoint "Cleanup", Time since last: 1023972111 ns, Reaching safepoint: 114612 ns, At safepoint: 5735 ns, Total: 120347 ns
[2020-09-11T16:54:03.082+0000][1][gc,start     ] GC(22) Pause Young (Allocation Failure)
[2020-09-11T16:54:03.082+0000][1][gc,task      ] GC(22) Using 1 workers of 1 for evacuation
[2020-09-11T16:54:03.139+0000][1][gc,age       ] GC(22) Desired survivor size 4358144 bytes, new threshold 6 (max threshold 6)
[2020-09-11T16:54:03.139+0000][1][gc,age       ] GC(22) Age table with threshold 6 (max threshold 6)
[2020-09-11T16:54:03.139+0000][1][gc,age       ] GC(22) - age   1:     249664 bytes,     249664 total
[2020-09-11T16:54:03.139+0000][1][gc,age       ] GC(22) - age   2:     438256 bytes,     687920 total
[2020-09-11T16:54:03.139+0000][1][gc,heap      ] GC(22) ParNew: 72031K->1189K(76672K)
[2020-09-11T16:54:03.139+0000][1][gc,heap      ] GC(22) CMS: 45576K->45576K(2011968K)
[2020-09-11T16:54:03.139+0000][1][gc,metaspace ] GC(22) Metaspace: 32435K->32435K(1079296K)
[2020-09-11T16:54:03.139+0000][1][gc           ] GC(22) Pause Young (Allocation Failure) 114M->45M(2039M) 57.554ms
[2020-09-11T16:54:03.139+0000][1][gc,cpu       ] GC(22) User=0.02s Sys=0.00s Real=0.05s
[2020-09-11T16:54:03.167+0000][1][safepoint    ] Safepoint "GenCollectForAllocation", Time since last: 513072611 ns, Reaching safepoint: 7893719 ns, At safepoint: 85000356 ns, Total: 92894075 ns
[2020-09-11T16:54:04.005+0000][1][gc,start     ] GC(23) Pause Young (Allocation Failure)
[2020-09-11T16:54:04.005+0000][1][gc,task      ] GC(23) Using 1 workers of 1 for evacuation
[2020-09-11T16:54:04.087+0000][1][gc,age       ] GC(23) Desired survivor size 4358144 bytes, new threshold 6 (max threshold 6)
[2020-09-11T16:54:04.087+0000][1][gc,age       ] GC(23) Age table with threshold 6 (max threshold 6)
[2020-09-11T16:54:04.087+0000][1][gc,age       ] GC(23) - age   1:         72 bytes,         72 total
[2020-09-11T16:54:04.087+0000][1][gc,age       ] GC(23) - age   2:     249432 bytes,     249504 total
[2020-09-11T16:54:04.087+0000][1][gc,age       ] GC(23) - age   3:     438256 bytes,     687760 total
[2020-09-11T16:54:04.087+0000][1][gc,heap      ] GC(23) ParNew: 69349K->1098K(76672K)
[2020-09-11T16:54:04.087+0000][1][gc,heap      ] GC(23) CMS: 45576K->45576K(2011968K)
[2020-09-11T16:54:04.087+0000][1][gc,metaspace ] GC(23) Metaspace: 32436K->32436K(1079296K)
[2020-09-11T16:54:04.087+0000][1][gc           ] GC(23) Pause Young (Allocation Failure) 112M->45M(2039M) 81.930ms
[2020-09-11T16:54:04.087+0000][1][gc,cpu       ] GC(23) User=0.02s Sys=0.00s Real=0.08s
[2020-09-11T16:54:04.109+0000][1][safepoint    ] Safepoint "GenCollectForAllocation", Time since last: 837929903 ns, Reaching safepoint: 114978 ns, At safepoint: 103863167 ns, Total: 103978145 ns
[2020-09-11T16:54:04.837+0000][1][gc,start     ] GC(24) Pause Young (Allocation Failure)
[2020-09-11T16:54:04.837+0000][1][gc,task      ] GC(24) Using 1 workers of 1 for evacuation
[2020-09-11T16:54:04.959+0000][1][gc,age       ] GC(24) Desired survivor size 4358144 bytes, new threshold 6 (max threshold 6)
[2020-09-11T16:54:04.959+0000][1][gc,age       ] GC(24) Age table with threshold 6 (max threshold 6)
[2020-09-11T16:54:04.959+0000][1][gc,age       ] GC(24) - age   1:         48 bytes,         48 total
[2020-09-11T16:54:04.959+0000][1][gc,age       ] GC(24) - age   3:     249432 bytes,     249480 total
[2020-09-11T16:54:04.959+0000][1][gc,age       ] GC(24) - age   4:     438256 bytes,     687736 total
[2020-09-11T16:54:04.959+0000][1][gc,heap      ] GC(24) ParNew: 69258K->1282K(76672K)
[2020-09-11T16:54:04.959+0000][1][gc,heap      ] GC(24) CMS: 45576K->45576K(2011968K)
[2020-09-11T16:54:04.959+0000][1][gc,metaspace ] GC(24) Metaspace: 32440K->32440K(1079296K)
[2020-09-11T16:54:04.959+0000][1][gc           ] GC(24) Pause Young (Allocation Failure) 112M->45M(2039M) 122.160ms
[2020-09-11T16:54:04.959+0000][1][gc,cpu       ] GC(24) User=0.02s Sys=0.00s Real=0.12s
[2020-09-11T16:54:04.971+0000][1][safepoint    ] Safepoint "GenCollectForAllocation", Time since last: 728017270 ns, Reaching safepoint: 103418 ns, At safepoint: 133998847 ns, Total: 134102265 ns
[2020-09-11T16:54:05.680+0000][1][gc,start     ] GC(25) Pause Young (Allocation Failure)
[2020-09-11T16:54:05.680+0000][1][gc,task      ] GC(25) Using 1 workers of 1 for evacuation
[2020-09-11T16:54:05.745+0000][1][gc,age       ] GC(25) Desired survivor size 4358144 bytes, new threshold 6 (max threshold 6)
[2020-09-11T16:54:05.751+0000][1][gc,age       ] GC(25) Age table with threshold 6 (max threshold 6)
[2020-09-11T16:54:05.751+0000][1][gc,age       ] GC(25) - age   1:        192 bytes,        192 total
[2020-09-11T16:54:05.751+0000][1][gc,age       ] GC(25) - age   4:     249432 bytes,     249624 total
[2020-09-11T16:54:05.751+0000][1][gc,age       ] GC(25) - age   5:     438256 bytes,     687880 total
[2020-09-11T16:54:05.751+0000][1][gc,heap      ] GC(25) ParNew: 69442K->824K(76672K)
[2020-09-11T16:54:05.751+0000][1][gc,heap      ] GC(25) CMS: 45576K->45576K(2011968K)
[2020-09-11T16:54:05.751+0000][1][gc,metaspace ] GC(25) Metaspace: 32440K->32440K(1079296K)
[2020-09-11T16:54:05.751+0000][1][gc           ] GC(25) Pause Young (Allocation Failure) 112M->45M(2039M) 71.260ms
[2020-09-11T16:54:05.751+0000][1][gc,cpu       ] GC(25) User=0.01s Sys=0.00s Real=0.07s
[2020-09-11T16:54:05.769+0000][1][safepoint    ] Safepoint "GenCollectForAllocation", Time since last: 703297271 ns, Reaching safepoint: 5825821 ns, At safepoint: 88765766 ns, Total: 94591587 ns
[2020-09-11T16:54:06.377+0000][1][gc,start     ] GC(26) Pause Young (Allocation Failure)
[2020-09-11T16:54:06.377+0000][1][gc,task      ] GC(26) Using 1 workers of 1 for evacuation
[2020-09-11T16:54:06.447+0000][1][gc,age       ] GC(26) Desired survivor size 4358144 bytes, new threshold 6 (max threshold 6)
[2020-09-11T16:54:06.447+0000][1][gc,age       ] GC(26) Age table with threshold 6 (max threshold 6)
[2020-09-11T16:54:06.447+0000][1][gc,age       ] GC(26) - age   1:        176 bytes,        176 total
[2020-09-11T16:54:06.447+0000][1][gc,age       ] GC(26) - age   5:     249432 bytes,     249608 total
[2020-09-11T16:54:06.447+0000][1][gc,age       ] GC(26) - age   6:     438256 bytes,     687864 total
[2020-09-11T16:54:06.447+0000][1][gc,heap      ] GC(26) ParNew: 68984K->1213K(76672K)
[2020-09-11T16:54:06.447+0000][1][gc,heap      ] GC(26) CMS: 45576K->45576K(2011968K)
[2020-09-11T16:54:06.447+0000][1][gc,metaspace ] GC(26) Metaspace: 32440K->32440K(1079296K)
[2020-09-11T16:54:06.448+0000][1][gc           ] GC(26) Pause Young (Allocation Failure) 111M->45M(2039M) 70.372ms
[2020-09-11T16:54:06.448+0000][1][gc,cpu       ] GC(26) User=0.02s Sys=0.00s Real=0.07s
[2020-09-11T16:54:06.477+0000][1][safepoint    ] Safepoint "GenCollectForAllocation", Time since last: 608224953 ns, Reaching safepoint: 105174 ns, At safepoint: 99670887 ns, Total: 99776061 ns
[2020-09-11T16:54:07.061+0000][1][gc,start     ] GC(27) Pause Young (Allocation Failure)
[2020-09-11T16:54:07.061+0000][1][gc,task      ] GC(27) Using 1 workers of 1 for evacuation
[2020-09-11T16:54:07.141+0000][1][gc,age       ] GC(27) Desired survivor size 4358144 bytes, new threshold 6 (max threshold 6)
[2020-09-11T16:54:07.141+0000][1][gc,age       ] GC(27) Age table with threshold 6 (max threshold 6)
[2020-09-11T16:54:07.141+0000][1][gc,age       ] GC(27) - age   1:         96 bytes,         96 total
[2020-09-11T16:54:07.141+0000][1][gc,age       ] GC(27) - age   6:     249432 bytes,     249528 total
[2020-09-11T16:54:07.141+0000][1][gc,heap      ] GC(27) ParNew: 69373K->403K(76672K)
[2020-09-11T16:54:07.141+0000][1][gc,heap      ] GC(27) CMS: 45576K->46004K(2011968K)
[2020-09-11T16:54:07.141+0000][1][gc,metaspace ] GC(27) Metaspace: 32440K->32440K(1079296K)
[2020-09-11T16:54:07.141+0000][1][gc           ] GC(27) Pause Young (Allocation Failure) 112M->45M(2039M) 80.164ms
[2020-09-11T16:54:07.141+0000][1][gc,cpu       ] GC(27) User=0.02s Sys=0.00s Real=0.08s
[2020-09-11T16:54:07.161+0000][1][safepoint    ] Safepoint "GenCollectForAllocation", Time since last: 584003089 ns, Reaching safepoint: 98404 ns, At safepoint: 99915129 ns, Total: 100013533 ns
[2020-09-11T16:54:07.725+0000][1][gc,start     ] GC(28) Pause Young (Allocation Failure)
[2020-09-11T16:54:07.725+0000][1][gc,task      ] GC(28) Using 1 workers of 1 for evacuation
[2020-09-11T16:54:07.820+0000][1][gc,age       ] GC(28) Desired survivor size 4358144 bytes, new threshold 6 (max threshold 6)
[2020-09-11T16:54:07.820+0000][1][gc,age       ] GC(28) Age table with threshold 6 (max threshold 6)
[2020-09-11T16:54:07.820+0000][1][gc,age       ] GC(28) - age   1:        272 bytes,        272 total
[2020-09-11T16:54:07.820+0000][1][gc,heap      ] GC(28) ParNew: 68563K->283K(76672K)
[2020-09-11T16:54:07.820+0000][1][gc,heap      ] GC(28) CMS: 46004K->46248K(2011968K)
[2020-09-11T16:54:07.820+0000][1][gc,metaspace ] GC(28) Metaspace: 32440K->32440K(1079296K)
[2020-09-11T16:54:07.820+0000][1][gc           ] GC(28) Pause Young (Allocation Failure) 111M->45M(2039M) 94.970ms
[2020-09-11T16:54:07.820+0000][1][gc,cpu       ] GC(28) User=0.02s Sys=0.00s Real=0.09s
[2020-09-11T16:54:07.857+0000][1][safepoint    ] Safepoint "GenCollectForAllocation", Time since last: 564123832 ns, Reaching safepoint: 101291 ns, At safepoint: 131764110 ns, Total: 131865401 ns
[2020-09-11T16:54:08.416+0000][1][gc,start     ] GC(29) Pause Young (Allocation Failure)
[2020-09-11T16:54:08.416+0000][1][gc,task      ] GC(29) Using 1 workers of 1 for evacuation
[2020-09-11T16:54:08.539+0000][1][gc,age       ] GC(29) Desired survivor size 4358144 bytes, new threshold 6 (max threshold 6)
[2020-09-11T16:54:08.539+0000][1][gc,age       ] GC(29) Age table with threshold 6 (max threshold 6)
[2020-09-11T16:54:08.539+0000][1][gc,age       ] GC(29) - age   1:        240 bytes,        240 total
[2020-09-11T16:54:08.539+0000][1][gc,age       ] GC(29) - age   2:         72 bytes,        312 total
[2020-09-11T16:54:08.539+0000][1][gc,heap      ] GC(29) ParNew: 68443K->70K(76672K)
[2020-09-11T16:54:08.539+0000][1][gc,heap      ] GC(29) CMS: 46248K->46248K(2011968K)
[2020-09-11T16:54:08.539+0000][1][gc,metaspace ] GC(29) Metaspace: 32440K->32440K(1079296K)
[2020-09-11T16:54:08.539+0000][1][gc           ] GC(29) Pause Young (Allocation Failure) 112M->45M(2039M) 122.678ms
[2020-09-11T16:54:08.539+0000][1][gc,cpu       ] GC(29) User=0.03s Sys=0.00s Real=0.12s
[2020-09-11T16:54:08.555+0000][1][safepoint    ] Safepoint "GenCollectForAllocation", Time since last: 559294606 ns, Reaching safepoint: 103852 ns, At safepoint: 139069822 ns, Total: 139173674 ns
[2020-09-11T16:54:09.033+0000][1][gc,start     ] GC(30) Pause Young (Allocation Failure)
[2020-09-11T16:54:09.033+0000][1][gc,task      ] GC(30) Using 1 workers of 1 for evacuation
[2020-09-11T16:54:09.098+0000][1][gc,age       ] GC(30) Desired survivor size 4358144 bytes, new threshold 6 (max threshold 6)
[2020-09-11T16:54:09.098+0000][1][gc,age       ] GC(30) Age table with threshold 6 (max threshold 6)
[2020-09-11T16:54:09.098+0000][1][gc,age       ] GC(30) - age   1:        408 bytes,        408 total
[2020-09-11T16:54:09.098+0000][1][gc,age       ] GC(30) - age   3:         72 bytes,        480 total
[2020-09-11T16:54:09.098+0000][1][gc,heap      ] GC(30) ParNew: 68230K->17K(76672K)
[2020-09-11T16:54:09.098+0000][1][gc,heap      ] GC(30) CMS: 46248K->46248K(2011968K)
[2020-09-11T16:54:09.098+0000][1][gc,metaspace ] GC(30) Metaspace: 32440K->32440K(1079296K)
[2020-09-11T16:54:09.099+0000][1][gc           ] GC(30) Pause Young (Allocation Failure) 111M->45M(2039M) 65.718ms
[2020-09-11T16:54:09.099+0000][1][gc,cpu       ] GC(30) User=0.01s Sys=0.00s Real=0.06s
[2020-09-11T16:54:09.099+0000][1][safepoint    ] Safepoint "GenCollectForAllocation", Time since last: 475589894 ns, Reaching safepoint: 1936231 ns, At safepoint: 65778804 ns, Total: 67715035 ns
[2020-09-11T16:54:09.410+0000][1][gc,start     ] GC(31) Pause Young (Allocation Failure)
[2020-09-11T16:54:09.410+0000][1][gc,task      ] GC(31) Using 1 workers of 1 for evacuation
[2020-09-11T16:54:09.471+0000][1][gc,age       ] GC(31) Desired survivor size 4358144 bytes, new threshold 6 (max threshold 6)
[2020-09-11T16:54:09.471+0000][1][gc,age       ] GC(31) Age table with threshold 6 (max threshold 6)
[2020-09-11T16:54:09.471+0000][1][gc,age       ] GC(31) - age   2:        208 bytes,        208 total
[2020-09-11T16:54:09.471+0000][1][gc,age       ] GC(31) - age   4:         72 bytes,        280 total
[2020-09-11T16:54:09.471+0000][1][gc,heap      ] GC(31) ParNew: 68177K->4K(76672K)
[2020-09-11T16:54:09.471+0000][1][gc,heap      ] GC(31) CMS: 46248K->46248K(2011968K)
[2020-09-11T16:54:09.471+0000][1][gc,metaspace ] GC(31) Metaspace: 32440K->32440K(1079296K)
[2020-09-11T16:54:09.471+0000][1][gc           ] GC(31) Pause Young (Allocation Failure) 111M->45M(2039M) 61.408ms
[2020-09-11T16:54:09.471+0000][1][gc,cpu       ] GC(31) User=0.02s Sys=0.00s Real=0.06s
[2020-09-11T16:54:09.481+0000][1][safepoint    ] Safepoint "GenCollectForAllocation", Time since last: 310245330 ns, Reaching safepoint: 826286 ns, At safepoint: 71138829 ns, Total: 71965115 ns
[2020-09-11T16:54:09.785+0000][1][gc,start     ] GC(32) Pause Young (Allocation Failure)
[2020-09-11T16:54:09.785+0000][1][gc,task      ] GC(32) Using 1 workers of 1 for evacuation
[2020-09-11T16:54:09.850+0000][1][gc,age       ] GC(32) Desired survivor size 4358144 bytes, new threshold 6 (max threshold 6)
[2020-09-11T16:54:09.850+0000][1][gc,age       ] GC(32) Age table with threshold 6 (max threshold 6)
[2020-09-11T16:54:09.850+0000][1][gc,age       ] GC(32) - age   1:         24 bytes,         24 total
[2020-09-11T16:54:09.850+0000][1][gc,age       ] GC(32) - age   3:        208 bytes,        232 total
[2020-09-11T16:54:09.850+0000][1][gc,age       ] GC(32) - age   5:         72 bytes,        304 total
[2020-09-11T16:54:09.850+0000][1][gc,heap      ] GC(32) ParNew: 68164K->2K(76672K)
[2020-09-11T16:54:09.850+0000][1][gc,heap      ] GC(32) CMS: 46248K->46248K(2011968K)
[2020-09-11T16:54:09.850+0000][1][gc,metaspace ] GC(32) Metaspace: 32440K->32440K(1079296K)
[2020-09-11T16:54:09.850+0000][1][gc           ] GC(32) Pause Young (Allocation Failure) 111M->45M(2039M) 65.489ms
[2020-09-11T16:54:09.850+0000][1][gc,cpu       ] GC(32) User=0.01s Sys=0.00s Real=0.06s
[2020-09-11T16:54:09.850+0000][1][safepoint    ] Safepoint "GenCollectForAllocation", Time since last: 300020719 ns, Reaching safepoint: 4004711 ns, At safepoint: 65554717 ns, Total: 69559428 ns
[2020-09-11T16:54:10.157+0000][1][gc,start     ] GC(33) Pause Young (Allocation Failure)
[2020-09-11T16:54:10.157+0000][1][gc,task      ] GC(33) Using 1 workers of 1 for evacuation
[2020-09-11T16:54:10.222+0000][1][gc,age       ] GC(33) Desired survivor size 4358144 bytes, new threshold 6 (max threshold 6)
[2020-09-11T16:54:10.222+0000][1][gc,age       ] GC(33) Age table with threshold 6 (max threshold 6)
[2020-09-11T16:54:10.222+0000][1][gc,age       ] GC(33) - age   1:        200 bytes,        200 total
[2020-09-11T16:54:10.222+0000][1][gc,age       ] GC(33) - age   4:        208 bytes,        408 total
[2020-09-11T16:54:10.222+0000][1][gc,age       ] GC(33) - age   6:         72 bytes,        480 total
[2020-09-11T16:54:10.222+0000][1][gc,heap      ] GC(33) ParNew: 68162K->2K(76672K)
[2020-09-11T16:54:10.222+0000][1][gc,heap      ] GC(33) CMS: 46248K->46248K(2011968K)
[2020-09-11T16:54:10.222+0000][1][gc,metaspace ] GC(33) Metaspace: 32440K->32440K(1079296K)
[2020-09-11T16:54:10.222+0000][1][gc           ] GC(33) Pause Young (Allocation Failure) 111M->45M(2039M) 64.819ms
[2020-09-11T16:54:10.222+0000][1][gc,cpu       ] GC(33) User=0.01s Sys=0.00s Real=0.07s
[2020-09-11T16:54:10.222+0000][1][safepoint    ] Safepoint "GenCollectForAllocation", Time since last: 306426669 ns, Reaching safepoint: 112764 ns, At safepoint: 64901366 ns, Total: 65014130 ns
[2020-09-11T16:54:11.265+0000][1][safepoint    ] Safepoint "Cleanup", Time since last: 1038992066 ns, Reaching safepoint: 4028778 ns, At safepoint: 18421 ns, Total: 4047199 ns
[2020-09-11T16:54:12.277+0000][1][safepoint    ] Safepoint "Cleanup", Time since last: 1001996376 ns, Reaching safepoint: 10001415 ns, At safepoint: 23940 ns, Total: 10025355 ns
[2020-09-11T16:54:15.329+0000][1][safepoint    ] Safepoint "Cleanup", Time since last: 3028222506 ns, Reaching safepoint: 23750925 ns, At safepoint: 15043 ns, Total: 23765968 ns
[2020-09-11T16:54:16.181+0000][1][gc,start     ] GC(34) Pause Young (Allocation Failure)
[2020-09-11T16:54:16.181+0000][1][gc,task      ] GC(34) Using 1 workers of 1 for evacuation
[2020-09-11T16:54:16.306+0000][1][gc,age       ] GC(34) Desired survivor size 4358144 bytes, new threshold 6 (max threshold 6)
[2020-09-11T16:54:16.330+0000][1][gc,age       ] GC(34) Age table with threshold 6 (max threshold 6)
[2020-09-11T16:54:16.330+0000][1][gc,age       ] GC(34) - age   1:     242064 bytes,     242064 total
[2020-09-11T16:54:16.330+0000][1][gc,age       ] GC(34) - age   5:        208 bytes,     242272 total
[2020-09-11T16:54:16.330+0000][1][gc,heap      ] GC(34) ParNew: 68162K->238K(76672K)
[2020-09-11T16:54:16.330+0000][1][gc,heap      ] GC(34) CMS: 46248K->46248K(2011968K)
[2020-09-11T16:54:16.330+0000][1][gc,metaspace ] GC(34) Metaspace: 32460K->32460K(1079296K)
[2020-09-11T16:54:16.330+0000][1][gc           ] GC(34) Pause Young (Allocation Failure) 111M->45M(2039M) 148.766ms
[2020-09-11T16:54:16.330+0000][1][gc,cpu       ] GC(34) User=0.03s Sys=0.00s Real=0.14s
[2020-09-11T16:54:16.330+0000][1][safepoint    ] Safepoint "GenCollectForAllocation", Time since last: 851950373 ns, Reaching safepoint: 110785 ns, At safepoint: 148827228 ns, Total: 148938013 ns
[2020-09-11T16:54:18.973+0000][1][gc,start     ] GC(35) Pause Young (Allocation Failure)
[2020-09-11T16:54:18.973+0000][1][gc,task      ] GC(35) Using 1 workers of 1 for evacuation
[2020-09-11T16:54:19.113+0000][1][gc,age       ] GC(35) Desired survivor size 4358144 bytes, new threshold 6 (max threshold 6)
[2020-09-11T16:54:19.113+0000][1][gc,age       ] GC(35) Age table with threshold 6 (max threshold 6)
[2020-09-11T16:54:19.113+0000][1][gc,age       ] GC(35) - age   1:     512384 bytes,     512384 total
[2020-09-11T16:54:19.113+0000][1][gc,age       ] GC(35) - age   2:     150016 bytes,     662400 total
[2020-09-11T16:54:19.113+0000][1][gc,age       ] GC(35) - age   6:        208 bytes,     662608 total
[2020-09-11T16:54:19.113+0000][1][gc,heap      ] GC(35) ParNew: 68398K->668K(76672K)
[2020-09-11T16:54:19.113+0000][1][gc,heap      ] GC(35) CMS: 46248K->46248K(2011968K)
[2020-09-11T16:54:19.113+0000][1][gc,metaspace ] GC(35) Metaspace: 32460K->32460K(1079296K)
[2020-09-11T16:54:19.113+0000][1][gc           ] GC(35) Pause Young (Allocation Failure) 111M->45M(2039M) 140.078ms
[2020-09-11T16:54:19.113+0000][1][gc,cpu       ] GC(35) User=0.03s Sys=0.00s Real=0.14s
[2020-09-11T16:54:19.113+0000][1][safepoint    ] Safepoint "GenCollectForAllocation", Time since last: 2643030327 ns, Reaching safepoint: 106094 ns, At safepoint: 140156860 ns, Total: 140262954 ns
[2020-09-11T16:54:20.941+0000][1][gc,start     ] GC(36) Pause Young (Allocation Failure)
[2020-09-11T16:54:20.941+0000][1][gc,task      ] GC(36) Using 1 workers of 1 for evacuation
[2020-09-11T16:54:21.026+0000][1][gc,age       ] GC(36) Desired survivor size 4358144 bytes, new threshold 6 (max threshold 6)
[2020-09-11T16:54:21.026+0000][1][gc,age       ] GC(36) Age table with threshold 6 (max threshold 6)
[2020-09-11T16:54:21.026+0000][1][gc,age       ] GC(36) - age   1:     642416 bytes,     642416 total
[2020-09-11T16:54:21.026+0000][1][gc,age       ] GC(36) - age   2:     340840 bytes,     983256 total
[2020-09-11T16:54:21.026+0000][1][gc,age       ] GC(36) - age   3:     149432 bytes,    1132688 total
[2020-09-11T16:54:21.026+0000][1][gc,heap      ] GC(36) ParNew: 68828K->1113K(76672K)
[2020-09-11T16:54:21.026+0000][1][gc,heap      ] GC(36) CMS: 46248K->46248K(2011968K)
[2020-09-11T16:54:21.026+0000][1][gc,metaspace ] GC(36) Metaspace: 32461K->32461K(1079296K)
[2020-09-11T16:54:21.026+0000][1][gc           ] GC(36) Pause Young (Allocation Failure) 112M->46M(2039M) 84.818ms
[2020-09-11T16:54:21.026+0000][1][gc,cpu       ] GC(36) User=0.01s Sys=0.00s Real=0.08s
[2020-09-11T16:54:21.041+0000][1][safepoint    ] Safepoint "GenCollectForAllocation", Time since last: 1827917376 ns, Reaching safepoint: 95680 ns, At safepoint: 100105861 ns, Total: 100201541 ns
[2020-09-11T16:54:22.499+0000][1][gc,start     ] GC(37) Pause Young (Allocation Failure)
[2020-09-11T16:54:22.499+0000][1][gc,task      ] GC(37) Using 1 workers of 1 for evacuation
[2020-09-11T16:54:22.629+0000][1][gc,age       ] GC(37) Desired survivor size 4358144 bytes, new threshold 6 (max threshold 6)
[2020-09-11T16:54:22.629+0000][1][gc,age       ] GC(37) Age table with threshold 6 (max threshold 6)
[2020-09-11T16:54:22.629+0000][1][gc,age       ] GC(37) - age   1:     654592 bytes,     654592 total
[2020-09-11T16:54:22.629+0000][1][gc,age       ] GC(37) - age   2:     301560 bytes,     956152 total
[2020-09-11T16:54:22.629+0000][1][gc,age       ] GC(37) - age   3:     340712 bytes,    1296864 total
[2020-09-11T16:54:22.629+0000][1][gc,age       ] GC(37) - age   4:     149048 bytes,    1445912 total
[2020-09-11T16:54:22.629+0000][1][gc,heap      ] GC(37) ParNew: 69273K->1459K(76672K)
[2020-09-11T16:54:22.629+0000][1][gc,heap      ] GC(37) CMS: 46248K->46248K(2011968K)
[2020-09-11T16:54:22.629+0000][1][gc,metaspace ] GC(37) Metaspace: 32462K->32462K(1079296K)
[2020-09-11T16:54:22.629+0000][1][gc           ] GC(37) Pause Young (Allocation Failure) 112M->46M(2039M) 129.871ms
[2020-09-11T16:54:22.645+0000][1][gc,cpu       ] GC(37) User=0.03s Sys=0.00s Real=0.15s
[2020-09-11T16:54:22.645+0000][1][safepoint    ] Safepoint "GenCollectForAllocation", Time since last: 1457591767 ns, Reaching safepoint: 103774 ns, At safepoint: 146061510 ns, Total: 146165284 ns
[2020-09-11T16:54:24.658+0000][1][gc,start     ] GC(38) Pause Young (Allocation Failure)
[2020-09-11T16:54:24.658+0000][1][gc,task      ] GC(38) Using 1 workers of 1 for evacuation
[2020-09-11T16:54:24.763+0000][1][gc,age       ] GC(38) Desired survivor size 4358144 bytes, new threshold 6 (max threshold 6)
[2020-09-11T16:54:24.763+0000][1][gc,age       ] GC(38) Age table with threshold 6 (max threshold 6)
[2020-09-11T16:54:24.763+0000][1][gc,age       ] GC(38) - age   1:     934584 bytes,     934584 total
[2020-09-11T16:54:24.763+0000][1][gc,age       ] GC(38) - age   2:     297480 bytes,    1232064 total
[2020-09-11T16:54:24.763+0000][1][gc,age       ] GC(38) - age   3:     297400 bytes,    1529464 total
[2020-09-11T16:54:24.763+0000][1][gc,age       ] GC(38) - age   4:     340712 bytes,    1870176 total
[2020-09-11T16:54:24.763+0000][1][gc,age       ] GC(38) - age   5:     148944 bytes,    2019120 total
[2020-09-11T16:54:24.763+0000][1][gc,heap      ] GC(38) ParNew: 69619K->2014K(76672K)
[2020-09-11T16:54:24.763+0000][1][gc,heap      ] GC(38) CMS: 46248K->46248K(2011968K)
[2020-09-11T16:54:24.763+0000][1][gc,metaspace ] GC(38) Metaspace: 32462K->32462K(1079296K)
[2020-09-11T16:54:24.765+0000][1][gc           ] GC(38) Pause Young (Allocation Failure) 113M->47M(2039M) 106.998ms
[2020-09-11T16:54:24.765+0000][1][gc,cpu       ] GC(38) User=0.03s Sys=0.00s Real=0.11s
[2020-09-11T16:54:24.797+0000][1][safepoint    ] Safepoint "GenCollectForAllocation", Time since last: 2012767573 ns, Reaching safepoint: 100747 ns, At safepoint: 138985983 ns, Total: 139086730 ns
[2020-09-11T16:54:25.845+0000][1][safepoint    ] Safepoint "Cleanup", Time since last: 1043996751 ns, Reaching safepoint: 4022779 ns, At safepoint: 11246 ns, Total: 4034025 ns
[2020-09-11T16:54:26.076+0000][1][gc,start     ] GC(39) Pause Young (Allocation Failure)
[2020-09-11T16:54:26.076+0000][1][gc,task      ] GC(39) Using 1 workers of 1 for evacuation
[2020-09-11T16:54:26.149+0000][1][gc,age       ] GC(39) Desired survivor size 4358144 bytes, new threshold 6 (max threshold 6)
[2020-09-11T16:54:26.149+0000][1][gc,age       ] GC(39) Age table with threshold 6 (max threshold 6)
[2020-09-11T16:54:26.149+0000][1][gc,age       ] GC(39) - age   1:     310432 bytes,     310432 total
[2020-09-11T16:54:26.149+0000][1][gc,age       ] GC(39) - age   2:     922552 bytes,    1232984 total
[2020-09-11T16:54:26.149+0000][1][gc,age       ] GC(39) - age   3:     296328 bytes,    1529312 total
[2020-09-11T16:54:26.149+0000][1][gc,age       ] GC(39) - age   4:     296896 bytes,    1826208 total
[2020-09-11T16:54:26.149+0000][1][gc,age       ] GC(39) - age   5:     340296 bytes,    2166504 total
[2020-09-11T16:54:26.149+0000][1][gc,age       ] GC(39) - age   6:     148904 bytes,    2315408 total
[2020-09-11T16:54:26.149+0000][1][gc,heap      ] GC(39) ParNew: 70174K->2325K(76672K)
[2020-09-11T16:54:26.149+0000][1][gc,heap      ] GC(39) CMS: 46248K->46248K(2011968K)
[2020-09-11T16:54:26.149+0000][1][gc,metaspace ] GC(39) Metaspace: 32462K->32462K(1079296K)
[2020-09-11T16:54:26.149+0000][1][gc           ] GC(39) Pause Young (Allocation Failure) 113M->47M(2039M) 73.418ms
[2020-09-11T16:54:26.149+0000][1][gc,cpu       ] GC(39) User=0.01s Sys=0.00s Real=0.07s
[2020-09-11T16:54:26.169+0000][1][safepoint    ] Safepoint "GenCollectForAllocation", Time since last: 230776581 ns, Reaching safepoint: 108717 ns, At safepoint: 92840957 ns, Total: 92949674 ns
[2020-09-11T16:54:26.361+0000][1][safepoint    ] Safepoint "RevokeBias", Time since last: 192843744 ns, Reaching safepoint: 95262 ns, At safepoint: 24778 ns, Total: 120040 ns
[2020-09-11T16:54:27.159+0000][1][gc,start     ] GC(40) Pause Young (Allocation Failure)
[2020-09-11T16:54:27.159+0000][1][gc,task      ] GC(40) Using 1 workers of 1 for evacuation
[2020-09-11T16:54:27.220+0000][1][gc,age       ] GC(40) Desired survivor size 4358144 bytes, new threshold 6 (max threshold 6)
[2020-09-11T16:54:27.220+0000][1][gc,age       ] GC(40) Age table with threshold 6 (max threshold 6)
[2020-09-11T16:54:27.220+0000][1][gc,age       ] GC(40) - age   1:     381328 bytes,     381328 total
[2020-09-11T16:54:27.220+0000][1][gc,age       ] GC(40) - age   2:     300848 bytes,     682176 total
[2020-09-11T16:54:27.220+0000][1][gc,age       ] GC(40) - age   3:     921984 bytes,    1604160 total
[2020-09-11T16:54:27.220+0000][1][gc,age       ] GC(40) - age   4:     296096 bytes,    1900256 total
[2020-09-11T16:54:27.220+0000][1][gc,age       ] GC(40) - age   5:     296776 bytes,    2197032 total
[2020-09-11T16:54:27.220+0000][1][gc,age       ] GC(40) - age   6:     340296 bytes,    2537328 total
[2020-09-11T16:54:27.220+0000][1][gc,heap      ] GC(40) ParNew: 70485K->2499K(76672K)
[2020-09-11T16:54:27.220+0000][1][gc,heap      ] GC(40) CMS: 46248K->46391K(2011968K)
[2020-09-11T16:54:27.220+0000][1][gc,metaspace ] GC(40) Metaspace: 32464K->32464K(1079296K)
[2020-09-11T16:54:27.220+0000][1][gc           ] GC(40) Pause Young (Allocation Failure) 113M->47M(2039M) 61.197ms
[2020-09-11T16:54:27.220+0000][1][gc,cpu       ] GC(40) User=0.01s Sys=0.00s Real=0.06s
[2020-09-11T16:54:27.243+0000][1][safepoint    ] Safepoint "GenCollectForAllocation", Time since last: 793953399 ns, Reaching safepoint: 3453513 ns, At safepoint: 84126649 ns, Total: 87580162 ns
[2020-09-11T16:54:27.545+0000][1][gc,start     ] GC(41) Pause Young (Allocation Failure)
[2020-09-11T16:54:27.545+0000][1][gc,task      ] GC(41) Using 1 workers of 1 for evacuation
[2020-09-11T16:54:27.610+0000][1][gc,age       ] GC(41) Desired survivor size 4358144 bytes, new threshold 6 (max threshold 6)
[2020-09-11T16:54:27.610+0000][1][gc,age       ] GC(41) Age table with threshold 6 (max threshold 6)
[2020-09-11T16:54:27.610+0000][1][gc,age       ] GC(41) - age   1:        248 bytes,        248 total
[2020-09-11T16:54:27.610+0000][1][gc,age       ] GC(41) - age   2:     381008 bytes,     381256 total
[2020-09-11T16:54:27.610+0000][1][gc,age       ] GC(41) - age   3:     300848 bytes,     682104 total
[2020-09-11T16:54:27.610+0000][1][gc,age       ] GC(41) - age   4:     921984 bytes,    1604088 total
[2020-09-11T16:54:27.610+0000][1][gc,age       ] GC(41) - age   5:     296096 bytes,    1900184 total
[2020-09-11T16:54:27.610+0000][1][gc,age       ] GC(41) - age   6:     296776 bytes,    2196960 total
[2020-09-11T16:54:27.610+0000][1][gc,heap      ] GC(41) ParNew: 70659K->2146K(76672K)
[2020-09-11T16:54:27.610+0000][1][gc,heap      ] GC(41) CMS: 46391K->46724K(2011968K)
[2020-09-11T16:54:27.610+0000][1][gc,metaspace ] GC(41) Metaspace: 32464K->32464K(1079296K)
[2020-09-11T16:54:27.610+0000][1][gc           ] GC(41) Pause Young (Allocation Failure) 114M->47M(2039M) 65.237ms
[2020-09-11T16:54:27.610+0000][1][gc,cpu       ] GC(41) User=0.01s Sys=0.00s Real=0.06s
[2020-09-11T16:54:27.619+0000][1][safepoint    ] Safepoint "GenCollectForAllocation", Time since last: 298773983 ns, Reaching safepoint: 3024351 ns, At safepoint: 74245292 ns, Total: 77269643 ns
[2020-09-11T16:54:27.897+0000][1][gc,start     ] GC(42) Pause Young (Allocation Failure)
[2020-09-11T16:54:27.897+0000][1][gc,task      ] GC(42) Using 1 workers of 1 for evacuation
[2020-09-11T16:54:27.953+0000][1][gc,age       ] GC(42) Desired survivor size 4358144 bytes, new threshold 6 (max threshold 6)
[2020-09-11T16:54:27.953+0000][1][gc,age       ] GC(42) Age table with threshold 6 (max threshold 6)
[2020-09-11T16:54:27.953+0000][1][gc,age       ] GC(42) - age   1:         88 bytes,         88 total
[2020-09-11T16:54:27.953+0000][1][gc,age       ] GC(42) - age   2:        160 bytes,        248 total
[2020-09-11T16:54:27.953+0000][1][gc,age       ] GC(42) - age   3:     381008 bytes,     381256 total
[2020-09-11T16:54:27.953+0000][1][gc,age       ] GC(42) - age   4:     300848 bytes,     682104 total
[2020-09-11T16:54:27.953+0000][1][gc,age       ] GC(42) - age   5:     921984 bytes,    1604088 total
[2020-09-11T16:54:27.953+0000][1][gc,age       ] GC(42) - age   6:     296096 bytes,    1900184 total
[2020-09-11T16:54:27.953+0000][1][gc,heap      ] GC(42) ParNew: 70306K->2243K(76672K)
[2020-09-11T16:54:27.953+0000][1][gc,heap      ] GC(42) CMS: 46724K->47013K(2011968K)
[2020-09-11T16:54:27.953+0000][1][gc,metaspace ] GC(42) Metaspace: 32464K->32464K(1079296K)
[2020-09-11T16:54:27.953+0000][1][gc           ] GC(42) Pause Young (Allocation Failure) 114M->48M(2039M) 55.926ms
[2020-09-11T16:54:27.973+0000][1][gc,cpu       ] GC(42) User=0.01s Sys=0.00s Real=0.06s
[2020-09-11T16:54:27.973+0000][1][safepoint    ] Safepoint "GenCollectForAllocation", Time since last: 276846261 ns, Reaching safepoint: 878161 ns, At safepoint: 76065701 ns, Total: 76943862 ns
[2020-09-11T16:54:28.256+0000][1][gc,start     ] GC(43) Pause Young (Allocation Failure)
[2020-09-11T16:54:28.256+0000][1][gc,task      ] GC(43) Using 1 workers of 1 for evacuation
[2020-09-11T16:54:28.312+0000][1][gc,age       ] GC(43) Desired survivor size 4358144 bytes, new threshold 6 (max threshold 6)
[2020-09-11T16:54:28.312+0000][1][gc,age       ] GC(43) Age table with threshold 6 (max threshold 6)
[2020-09-11T16:54:28.312+0000][1][gc,age       ] GC(43) - age   3:        160 bytes,        160 total
[2020-09-11T16:54:28.312+0000][1][gc,age       ] GC(43) - age   4:     381008 bytes,     381168 total
[2020-09-11T16:54:28.312+0000][1][gc,age       ] GC(43) - age   5:     300848 bytes,     682016 total
[2020-09-11T16:54:28.312+0000][1][gc,age       ] GC(43) - age   6:     921984 bytes,    1604000 total
[2020-09-11T16:54:28.312+0000][1][gc,heap      ] GC(43) ParNew: 70403K->1657K(76672K)
[2020-09-11T16:54:28.312+0000][1][gc,heap      ] GC(43) CMS: 47013K->47303K(2011968K)
[2020-09-11T16:54:28.312+0000][1][gc,metaspace ] GC(43) Metaspace: 32464K->32464K(1079296K)
[2020-09-11T16:54:28.312+0000][1][gc           ] GC(43) Pause Young (Allocation Failure) 114M->47M(2039M) 55.824ms
[2020-09-11T16:54:28.312+0000][1][gc,cpu       ] GC(43) User=0.02s Sys=0.00s Real=0.05s
[2020-09-11T16:54:28.333+0000][1][safepoint    ] Safepoint "GenCollectForAllocation", Time since last: 283293699 ns, Reaching safepoint: 141716 ns, At safepoint: 76532250 ns, Total: 76673966 ns
[2020-09-11T16:54:28.693+0000][1][gc,start     ] GC(44) Pause Young (Allocation Failure)
[2020-09-11T16:54:28.693+0000][1][gc,task      ] GC(44) Using 1 workers of 1 for evacuation
[2020-09-11T16:54:28.750+0000][1][gc,age       ] GC(44) Desired survivor size 4358144 bytes, new threshold 6 (max threshold 6)
[2020-09-11T16:54:28.750+0000][1][gc,age       ] GC(44) Age table with threshold 6 (max threshold 6)
[2020-09-11T16:54:28.750+0000][1][gc,age       ] GC(44) - age   1:        712 bytes,        712 total
[2020-09-11T16:54:28.750+0000][1][gc,age       ] GC(44) - age   4:        160 bytes,        872 total
[2020-09-11T16:54:28.750+0000][1][gc,age       ] GC(44) - age   5:     381008 bytes,     381880 total
[2020-09-11T16:54:28.750+0000][1][gc,age       ] GC(44) - age   6:     300848 bytes,     682728 total
[2020-09-11T16:54:28.750+0000][1][gc,heap      ] GC(44) ParNew: 69817K->917K(76672K)
[2020-09-11T16:54:28.750+0000][1][gc,heap      ] GC(44) CMS: 47303K->48203K(2011968K)
[2020-09-11T16:54:28.750+0000][1][gc,metaspace ] GC(44) Metaspace: 32464K->32464K(1079296K)
[2020-09-11T16:54:28.750+0000][1][gc           ] GC(44) Pause Young (Allocation Failure) 114M->47M(2039M) 57.565ms
[2020-09-11T16:54:28.750+0000][1][gc,cpu       ] GC(44) User=0.01s Sys=0.00s Real=0.05s
[2020-09-11T16:54:28.757+0000][1][safepoint    ] Safepoint "GenCollectForAllocation", Time since last: 355975810 ns, Reaching safepoint: 4008062 ns, At safepoint: 63980487 ns, Total: 67988549 ns
[2020-09-11T16:54:29.049+0000][1][gc,start     ] GC(45) Pause Young (Allocation Failure)
[2020-09-11T16:54:29.049+0000][1][gc,task      ] GC(45) Using 1 workers of 1 for evacuation
[2020-09-11T16:54:29.108+0000][1][gc,age       ] GC(45) Desired survivor size 4358144 bytes, new threshold 6 (max threshold 6)
[2020-09-11T16:54:29.108+0000][1][gc,age       ] GC(45) Age table with threshold 6 (max threshold 6)
[2020-09-11T16:54:29.108+0000][1][gc,age       ] GC(45) - age   1:        240 bytes,        240 total
[2020-09-11T16:54:29.108+0000][1][gc,age       ] GC(45) - age   2:        480 bytes,        720 total
[2020-09-11T16:54:29.108+0000][1][gc,age       ] GC(45) - age   5:        160 bytes,        880 total
[2020-09-11T16:54:29.108+0000][1][gc,age       ] GC(45) - age   6:     381008 bytes,     381888 total
[2020-09-11T16:54:29.108+0000][1][gc,heap      ] GC(45) ParNew: 69077K->729K(76672K)
[2020-09-11T16:54:29.108+0000][1][gc,heap      ] GC(45) CMS: 48203K->48497K(2011968K)
[2020-09-11T16:54:29.108+0000][1][gc,metaspace ] GC(45) Metaspace: 32464K->32464K(1079296K)
[2020-09-11T16:54:29.108+0000][1][gc           ] GC(45) Pause Young (Allocation Failure) 114M->48M(2039M) 59.102ms
[2020-09-11T16:54:29.108+0000][1][gc,cpu       ] GC(45) User=0.01s Sys=0.00s Real=0.06s
[2020-09-11T16:54:29.108+0000][1][safepoint    ] Safepoint "GenCollectForAllocation", Time since last: 288013599 ns, Reaching safepoint: 3994508 ns, At safepoint: 59199678 ns, Total: 63194186 ns
[2020-09-11T16:54:29.401+0000][1][gc,start     ] GC(46) Pause Young (Allocation Failure)
[2020-09-11T16:54:29.401+0000][1][gc,task      ] GC(46) Using 1 workers of 1 for evacuation
[2020-09-11T16:54:29.463+0000][1][gc,age       ] GC(46) Desired survivor size 4358144 bytes, new threshold 6 (max threshold 6)
[2020-09-11T16:54:29.463+0000][1][gc,age       ] GC(46) Age table with threshold 6 (max threshold 6)
[2020-09-11T16:54:29.463+0000][1][gc,age       ] GC(46) - age   1:         88 bytes,         88 total
[2020-09-11T16:54:29.463+0000][1][gc,age       ] GC(46) - age   3:        480 bytes,        568 total
[2020-09-11T16:54:29.463+0000][1][gc,age       ] GC(46) - age   6:        160 bytes,        728 total
[2020-09-11T16:54:29.463+0000][1][gc,heap      ] GC(46) ParNew: 68889K->322K(76672K)
[2020-09-11T16:54:29.463+0000][1][gc,heap      ] GC(46) CMS: 48497K->48869K(2011968K)
[2020-09-11T16:54:29.463+0000][1][gc,metaspace ] GC(46) Metaspace: 32464K->32464K(1079296K)
[2020-09-11T16:54:29.463+0000][1][gc           ] GC(46) Pause Young (Allocation Failure) 114M->48M(2039M) 61.827ms
[2020-09-11T16:54:29.463+0000][1][gc,cpu       ] GC(46) User=0.01s Sys=0.00s Real=0.06s
[2020-09-11T16:54:29.463+0000][1][safepoint    ] Safepoint "GenCollectForAllocation", Time since last: 288879628 ns, Reaching safepoint: 3939765 ns, At safepoint: 61887925 ns, Total: 65827690 ns
[2020-09-11T16:54:29.753+0000][1][gc,start     ] GC(47) Pause Young (Allocation Failure)
[2020-09-11T16:54:29.753+0000][1][gc,task      ] GC(47) Using 1 workers of 1 for evacuation
[2020-09-11T16:54:29.812+0000][1][gc,age       ] GC(47) Desired survivor size 4358144 bytes, new threshold 6 (max threshold 6)
[2020-09-11T16:54:29.812+0000][1][gc,age       ] GC(47) Age table with threshold 6 (max threshold 6)
[2020-09-11T16:54:29.812+0000][1][gc,age       ] GC(47) - age   1:         48 bytes,         48 total
[2020-09-11T16:54:29.812+0000][1][gc,age       ] GC(47) - age   4:        480 bytes,        528 total
[2020-09-11T16:54:29.812+0000][1][gc,heap      ] GC(47) ParNew: 68482K->80K(76672K)
[2020-09-11T16:54:29.812+0000][1][gc,heap      ] GC(47) CMS: 48869K->48869K(2011968K)
[2020-09-11T16:54:29.812+0000][1][gc,metaspace ] GC(47) Metaspace: 32464K->32464K(1079296K)
[2020-09-11T16:54:29.812+0000][1][gc           ] GC(47) Pause Young (Allocation Failure) 114M->47M(2039M) 59.472ms
[2020-09-11T16:54:29.812+0000][1][gc,cpu       ] GC(47) User=0.01s Sys=0.00s Real=0.05s
[2020-09-11T16:54:29.812+0000][1][safepoint    ] Safepoint "GenCollectForAllocation", Time since last: 286778405 ns, Reaching safepoint: 3316217 ns, At safepoint: 59533595 ns, Total: 62849812 ns
[2020-09-11T16:54:30.106+0000][1][gc,start     ] GC(48) Pause Young (Allocation Failure)
[2020-09-11T16:54:30.106+0000][1][gc,task      ] GC(48) Using 1 workers of 1 for evacuation
[2020-09-11T16:54:30.153+0000][1][gc,age       ] GC(48) Desired survivor size 4358144 bytes, new threshold 6 (max threshold 6)
[2020-09-11T16:54:30.153+0000][1][gc,age       ] GC(48) Age table with threshold 6 (max threshold 6)
[2020-09-11T16:54:30.153+0000][1][gc,age       ] GC(48) - age   1:        168 bytes,        168 total
[2020-09-11T16:54:30.166+0000][1][gc,age       ] GC(48) - age   5:        480 bytes,        648 total
[2020-09-11T16:54:30.166+0000][1][gc,heap      ] GC(48) ParNew: 68240K->20K(76672K)
[2020-09-11T16:54:30.166+0000][1][gc,heap      ] GC(48) CMS: 48869K->48869K(2011968K)
[2020-09-11T16:54:30.166+0000][1][gc,metaspace ] GC(48) Metaspace: 32464K->32464K(1079296K)
[2020-09-11T16:54:30.166+0000][1][gc           ] GC(48) Pause Young (Allocation Failure) 114M->47M(2039M) 59.901ms
[2020-09-11T16:54:30.166+0000][1][gc,cpu       ] GC(48) User=0.01s Sys=0.00s Real=0.06s
[2020-09-11T16:54:30.166+0000][1][safepoint    ] Safepoint "GenCollectForAllocation", Time since last: 293747269 ns, Reaching safepoint: 102250 ns, At safepoint: 59976721 ns, Total: 60078971 ns
[2020-09-11T16:54:30.465+0000][1][gc,start     ] GC(49) Pause Young (Allocation Failure)
[2020-09-11T16:54:30.465+0000][1][gc,task      ] GC(49) Using 1 workers of 1 for evacuation
[2020-09-11T16:54:30.523+0000][1][gc,age       ] GC(49) Desired survivor size 4358144 bytes, new threshold 6 (max threshold 6)
[2020-09-11T16:54:30.523+0000][1][gc,age       ] GC(49) Age table with threshold 6 (max threshold 6)
[2020-09-11T16:54:30.523+0000][1][gc,age       ] GC(49) - age   1:        232 bytes,        232 total
[2020-09-11T16:54:30.523+0000][1][gc,age       ] GC(49) - age   6:        480 bytes,        712 total
[2020-09-11T16:54:30.523+0000][1][gc,heap      ] GC(49) ParNew: 68180K->5K(76672K)
[2020-09-11T16:54:30.523+0000][1][gc,heap      ] GC(49) CMS: 48869K->48869K(2011968K)
[2020-09-11T16:54:30.523+0000][1][gc,metaspace ] GC(49) Metaspace: 32464K->32464K(1079296K)
[2020-09-11T16:54:30.523+0000][1][gc           ] GC(49) Pause Young (Allocation Failure) 114M->47M(2039M) 58.510ms
[2020-09-11T16:54:30.523+0000][1][gc,cpu       ] GC(49) User=0.01s Sys=0.00s Real=0.06s
[2020-09-11T16:54:30.536+0000][1][safepoint    ] Safepoint "GenCollectForAllocation", Time since last: 296327119 ns, Reaching safepoint: 2304005 ns, At safepoint: 71234967 ns, Total: 73538972 ns
[2020-09-11T16:54:31.568+0000][1][safepoint    ] Safepoint "Cleanup", Time since last: 1028761574 ns, Reaching safepoint: 3350334 ns, At safepoint: 13253 ns, Total: 3363587 ns
[2020-09-11T16:54:33.316+0000][1][gc,start     ] GC(50) Pause Young (Allocation Failure)
[2020-09-11T16:54:33.316+0000][1][gc,task      ] GC(50) Using 1 workers of 1 for evacuation
[2020-09-11T16:54:33.372+0000][1][gc,age       ] GC(50) Desired survivor size 4358144 bytes, new threshold 6 (max threshold 6)
[2020-09-11T16:54:33.372+0000][1][gc,age       ] GC(50) Age table with threshold 6 (max threshold 6)
[2020-09-11T16:54:33.372+0000][1][gc,age       ] GC(50) - age   1:      97312 bytes,      97312 total
[2020-09-11T16:54:33.372+0000][1][gc,heap      ] GC(50) ParNew: 68165K->97K(76672K)
[2020-09-11T16:54:33.372+0000][1][gc,heap      ] GC(50) CMS: 48869K->48870K(2011968K)
[2020-09-11T16:54:33.372+0000][1][gc,metaspace ] GC(50) Metaspace: 32465K->32465K(1079296K)
[2020-09-11T16:54:33.372+0000][1][gc           ] GC(50) Pause Young (Allocation Failure) 114M->47M(2039M) 55.985ms
[2020-09-11T16:54:33.372+0000][1][gc,cpu       ] GC(50) User=0.01s Sys=0.00s Real=0.05s
[2020-09-11T16:54:33.405+0000][1][safepoint    ] Safepoint "GenCollectForAllocation", Time since last: 1747704448 ns, Reaching safepoint: 115915 ns, At safepoint: 88825638 ns, Total: 88941553 ns
[2020-09-11T16:54:34.348+0000][1][gc,start     ] GC(51) Pause Young (Allocation Failure)
[2020-09-11T16:54:34.348+0000][1][gc,task      ] GC(51) Using 1 workers of 1 for evacuation
[2020-09-11T16:54:34.414+0000][1][gc,age       ] GC(51) Desired survivor size 4358144 bytes, new threshold 6 (max threshold 6)
[2020-09-11T16:54:34.414+0000][1][gc,age       ] GC(51) Age table with threshold 6 (max threshold 6)
[2020-09-11T16:54:34.414+0000][1][gc,age       ] GC(51) - age   1:     545688 bytes,     545688 total
[2020-09-11T16:54:34.414+0000][1][gc,age       ] GC(51) - age   2:      49984 bytes,     595672 total
[2020-09-11T16:54:34.414+0000][1][gc,heap      ] GC(51) ParNew: 68257K->600K(76672K)
[2020-09-11T16:54:34.414+0000][1][gc,heap      ] GC(51) CMS: 48870K->48870K(2011968K)
[2020-09-11T16:54:34.414+0000][1][gc,metaspace ] GC(51) Metaspace: 32465K->32465K(1079296K)
[2020-09-11T16:54:34.414+0000][1][gc           ] GC(51) Pause Young (Allocation Failure) 114M->48M(2039M) 65.535ms
[2020-09-11T16:54:34.414+0000][1][gc,cpu       ] GC(51) User=0.01s Sys=0.00s Real=0.07s
[2020-09-11T16:54:34.414+0000][1][safepoint    ] Safepoint "GenCollectForAllocation", Time since last: 942439984 ns, Reaching safepoint: 934966 ns, At safepoint: 65593628 ns, Total: 66528594 ns
[2020-09-11T16:54:35.037+0000][1][gc,start     ] GC(52) Pause Young (Allocation Failure)
[2020-09-11T16:54:35.037+0000][1][gc,task      ] GC(52) Using 1 workers of 1 for evacuation
[2020-09-11T16:54:35.109+0000][1][gc,age       ] GC(52) Desired survivor size 4358144 bytes, new threshold 6 (max threshold 6)
[2020-09-11T16:54:35.109+0000][1][gc,age       ] GC(52) Age table with threshold 6 (max threshold 6)
[2020-09-11T16:54:35.109+0000][1][gc,age       ] GC(52) - age   1:     677880 bytes,     677880 total
[2020-09-11T16:54:35.109+0000][1][gc,age       ] GC(52) - age   2:     374256 bytes,    1052136 total
[2020-09-11T16:54:35.109+0000][1][gc,age       ] GC(52) - age   3:      49232 bytes,    1101368 total
[2020-09-11T16:54:35.109+0000][1][gc,heap      ] GC(52) ParNew: 68760K->1079K(76672K)
[2020-09-11T16:54:35.109+0000][1][gc,heap      ] GC(52) CMS: 48870K->48870K(2011968K)
[2020-09-11T16:54:35.109+0000][1][gc,metaspace ] GC(52) Metaspace: 32465K->32465K(1079296K)
[2020-09-11T16:54:35.109+0000][1][gc           ] GC(52) Pause Young (Allocation Failure) 114M->48M(2039M) 72.135ms
[2020-09-11T16:54:35.109+0000][1][gc,cpu       ] GC(52) User=0.01s Sys=0.00s Real=0.07s
[2020-09-11T16:54:35.109+0000][1][safepoint    ] Safepoint "GenCollectForAllocation", Time since last: 620123188 ns, Reaching safepoint: 2919432 ns, At safepoint: 72192104 ns, Total: 75111536 ns
[2020-09-11T16:54:35.589+0000][1][gc,start     ] GC(53) Pause Young (Allocation Failure)
[2020-09-11T16:54:35.589+0000][1][gc,task      ] GC(53) Using 1 workers of 1 for evacuation
[2020-09-11T16:54:35.632+0000][1][gc,age       ] GC(53) Desired survivor size 4358144 bytes, new threshold 6 (max threshold 6)
[2020-09-11T16:54:35.632+0000][1][gc,age       ] GC(53) Age table with threshold 6 (max threshold 6)
[2020-09-11T16:54:35.632+0000][1][gc,age       ] GC(53) - age   1:     315200 bytes,     315200 total
[2020-09-11T16:54:35.632+0000][1][gc,age       ] GC(53) - age   2:     661080 bytes,     976280 total
[2020-09-11T16:54:35.632+0000][1][gc,age       ] GC(53) - age   3:     373584 bytes,    1349864 total
[2020-09-11T16:54:35.632+0000][1][gc,age       ] GC(53) - age   4:      48752 bytes,    1398616 total
[2020-09-11T16:54:35.632+0000][1][gc,heap      ] GC(53) ParNew: 69239K->1415K(76672K)
[2020-09-11T16:54:35.632+0000][1][gc,heap      ] GC(53) CMS: 48870K->48870K(2011968K)
[2020-09-11T16:54:35.632+0000][1][gc,metaspace ] GC(53) Metaspace: 32465K->32465K(1079296K)
[2020-09-11T16:54:35.632+0000][1][gc           ] GC(53) Pause Young (Allocation Failure) 115M->49M(2039M) 43.214ms
[2020-09-11T16:54:35.632+0000][1][gc,cpu       ] GC(53) User=0.01s Sys=0.00s Real=0.04s
[2020-09-11T16:54:35.645+0000][1][safepoint    ] Safepoint "GenCollectForAllocation", Time since last: 477989388 ns, Reaching safepoint: 1824484 ns, At safepoint: 55974773 ns, Total: 57799257 ns
[2020-09-11T16:54:36.189+0000][1][gc,start     ] GC(54) Pause Young (Allocation Failure)
[2020-09-11T16:54:36.189+0000][1][gc,task      ] GC(54) Using 1 workers of 1 for evacuation
[2020-09-11T16:54:36.237+0000][1][gc,age       ] GC(54) Desired survivor size 4358144 bytes, new threshold 6 (max threshold 6)
[2020-09-11T16:54:36.237+0000][1][gc,age       ] GC(54) Age table with threshold 6 (max threshold 6)
[2020-09-11T16:54:36.237+0000][1][gc,age       ] GC(54) - age   1:     931280 bytes,     931280 total
[2020-09-11T16:54:36.237+0000][1][gc,age       ] GC(54) - age   2:     302936 bytes,    1234216 total
[2020-09-11T16:54:36.237+0000][1][gc,age       ] GC(54) - age   3:     332576 bytes,    1566792 total
[2020-09-11T16:54:36.237+0000][1][gc,age       ] GC(54) - age   4:     373448 bytes,    1940240 total
[2020-09-11T16:54:36.237+0000][1][gc,age       ] GC(54) - age   5:      48752 bytes,    1988992 total
[2020-09-11T16:54:36.237+0000][1][gc,heap      ] GC(54) ParNew: 69575K->2049K(76672K)
[2020-09-11T16:54:36.237+0000][1][gc,heap      ] GC(54) CMS: 48870K->48870K(2011968K)
[2020-09-11T16:54:36.237+0000][1][gc,metaspace ] GC(54) Metaspace: 32465K->32465K(1079296K)
[2020-09-11T16:54:36.237+0000][1][gc           ] GC(54) Pause Young (Allocation Failure) 115M->49M(2039M) 47.857ms
[2020-09-11T16:54:36.237+0000][1][gc,cpu       ] GC(54) User=0.01s Sys=0.00s Real=0.05s
[2020-09-11T16:54:36.241+0000][1][safepoint    ] Safepoint "GenCollectForAllocation", Time since last: 540007518 ns, Reaching safepoint: 4009456 ns, At safepoint: 52010887 ns, Total: 56020343 ns
[2020-09-11T16:54:36.655+0000][1][gc,start     ] GC(55) Pause Young (Allocation Failure)
[2020-09-11T16:54:36.691+0000][1][gc,task      ] GC(55) Using 1 workers of 1 for evacuation
[2020-09-11T16:54:36.728+0000][1][gc,age       ] GC(55) Desired survivor size 4358144 bytes, new threshold 6 (max threshold 6)
[2020-09-11T16:54:36.728+0000][1][gc,age       ] GC(55) Age table with threshold 6 (max threshold 6)
[2020-09-11T16:54:36.728+0000][1][gc,age       ] GC(55) - age   1:     347248 bytes,     347248 total
[2020-09-11T16:54:36.728+0000][1][gc,age       ] GC(55) - age   2:     918848 bytes,    1266096 total
[2020-09-11T16:54:36.728+0000][1][gc,age       ] GC(55) - age   3:     298416 bytes,    1564512 total
[2020-09-11T16:54:36.728+0000][1][gc,age       ] GC(55) - age   4:     331936 bytes,    1896448 total
[2020-09-11T16:54:36.728+0000][1][gc,age       ] GC(55) - age   5:     373296 bytes,    2269744 total
[2020-09-11T16:54:36.728+0000][1][gc,age       ] GC(55) - age   6:      48728 bytes,    2318472 total
[2020-09-11T16:54:36.728+0000][1][gc,heap      ] GC(55) ParNew: 70209K->2321K(76672K)
[2020-09-11T16:54:36.728+0000][1][gc,heap      ] GC(55) CMS: 48870K->48870K(2011968K)
[2020-09-11T16:54:36.728+0000][1][gc,metaspace ] GC(55) Metaspace: 32465K->32465K(1079296K)
[2020-09-11T16:54:36.728+0000][1][gc           ] GC(55) Pause Young (Allocation Failure) 116M->49M(2039M) 72.761ms
[2020-09-11T16:54:36.728+0000][1][gc,cpu       ] GC(55) User=0.02s Sys=0.00s Real=0.07s
[2020-09-11T16:54:36.737+0000][1][safepoint    ] Safepoint "GenCollectForAllocation", Time since last: 411985982 ns, Reaching safepoint: 2125887 ns, At safepoint: 81873088 ns, Total: 83998975 ns
[2020-09-11T16:54:37.774+0000][1][safepoint    ] Safepoint "Cleanup", Time since last: 1023992779 ns, Reaching safepoint: 13103937 ns, At safepoint: 10492 ns, Total: 13114429 ns
[2020-09-11T16:54:38.097+0000][1][safepoint    ] Safepoint "Deoptimize", Time since last: 322906105 ns, Reaching safepoint: 125521 ns, At safepoint: 334277 ns, Total: 459798 ns
[2020-09-11T16:54:38.514+0000][1][safepoint    ] Safepoint "CollectForMetadataAllocation", Time since last: 416267501 ns, Reaching safepoint: 118022 ns, At safepoint: 107440 ns, Total: 225462 ns
[2020-09-11T16:54:38.694+0000][1][safepoint    ] Safepoint "CollectForMetadataAllocation", Time since last: 180289492 ns, Reaching safepoint: 114285 ns, At safepoint: 143102 ns, Total: 257387 ns
[2020-09-11T16:54:38.757+0000][1][gc,start     ] GC(56) Pause Initial Mark
[2020-09-11T16:54:38.929+0000][1][gc           ] GC(56) Pause Initial Mark 113M->113M(2039M) 172.692ms
[2020-09-11T16:54:38.929+0000][1][gc,cpu       ] GC(56) User=0.05s Sys=0.00s Real=0.17s
[2020-09-11T16:54:38.947+0000][1][safepoint    ] Safepoint "CMS_Initial_Mark", Time since last: 62186179 ns, Reaching safepoint: 170355 ns, At safepoint: 190244240 ns, Total: 190414595 ns
[2020-09-11T16:54:38.947+0000][1][gc           ] GC(56) Concurrent Mark
[2020-09-11T16:54:39.117+0000][1][safepoint    ] Safepoint "CollectForMetadataAllocation", Time since last: 153885099 ns, Reaching safepoint: 16024158 ns, At safepoint: 118795 ns, Total: 16142953 ns
[2020-09-11T16:54:39.222+0000][1][safepoint    ] Safepoint "CollectForMetadataAllocation", Time since last: 104599221 ns, Reaching safepoint: 38932 ns, At safepoint: 180147 ns, Total: 219079 ns
[2020-09-11T16:54:39.487+0000][1][gc           ] GC(56) Concurrent Mark 539.657ms
[2020-09-11T16:54:39.487+0000][1][gc,cpu       ] GC(56) User=0.13s Sys=0.00s Real=0.54s
[2020-09-11T16:54:39.511+0000][1][safepoint    ] Safepoint "CollectForMetadataAllocation", Time since last: 200296410 ns, Reaching safepoint: 88512998 ns, At safepoint: 250316 ns, Total: 88763314 ns
[2020-09-11T16:54:39.521+0000][1][gc           ] GC(56) Concurrent Preclean
[2020-09-11T16:54:39.561+0000][1][gc,start     ] GC(57) Pause Young (Allocation Failure)
[2020-09-11T16:54:39.561+0000][1][gc,task      ] GC(57) Using 1 workers of 1 for evacuation
[2020-09-11T16:54:39.573+0000][1][gc           ] GC(56) Concurrent Preclean 51.970ms
[2020-09-11T16:54:39.573+0000][1][gc,cpu       ] GC(56) User=0.02s Sys=0.00s Real=0.05s
[2020-09-11T16:54:39.650+0000][1][gc,age       ] GC(57) Desired survivor size 4358144 bytes, new threshold 6 (max threshold 6)
[2020-09-11T16:54:39.650+0000][1][gc,age       ] GC(57) Age table with threshold 6 (max threshold 6)
[2020-09-11T16:54:39.650+0000][1][gc,age       ] GC(57) - age   1:    1224608 bytes,    1224608 total
[2020-09-11T16:54:39.650+0000][1][gc,age       ] GC(57) - age   2:     334408 bytes,    1559016 total
[2020-09-11T16:54:39.650+0000][1][gc,age       ] GC(57) - age   3:     918504 bytes,    2477520 total
[2020-09-11T16:54:39.650+0000][1][gc,age       ] GC(57) - age   4:     297792 bytes,    2775312 total
[2020-09-11T16:54:39.650+0000][1][gc,age       ] GC(57) - age   5:     331528 bytes,    3106840 total
[2020-09-11T16:54:39.650+0000][1][gc,age       ] GC(57) - age   6:     373296 bytes,    3480136 total
[2020-09-11T16:54:39.650+0000][1][gc,heap      ] GC(57) ParNew: 70481K->3468K(76672K)
[2020-09-11T16:54:39.650+0000][1][gc,heap      ] GC(57) CMS: 48870K->48915K(2011968K)
[2020-09-11T16:54:39.650+0000][1][gc,metaspace ] GC(57) Metaspace: 35741K->35741K(1083392K)
[2020-09-11T16:54:39.650+0000][1][gc           ] GC(57) Pause Young (Allocation Failure) 116M->51M(2039M) 89.115ms
[2020-09-11T16:54:39.650+0000][1][gc,cpu       ] GC(57) User=0.02s Sys=0.00s Real=0.08s
[2020-09-11T16:54:39.677+0000][1][safepoint    ] Safepoint "GenCollectForAllocation", Time since last: 21959544 ns, Reaching safepoint: 28092654 ns, At safepoint: 115766647 ns, Total: 143859301 ns
[2020-09-11T16:54:39.697+0000][1][gc,start     ] GC(56) Pause Remark
[2020-09-11T16:54:39.770+0000][1][gc           ] GC(56) Pause Remark 52M->52M(2039M) 72.989ms
[2020-09-11T16:54:39.770+0000][1][gc,cpu       ] GC(56) User=0.02s Sys=0.00s Real=0.07s
[2020-09-11T16:54:39.818+0000][1][safepoint    ] Safepoint "CMS_Final_Remark", Time since last: 20137742 ns, Reaching safepoint: 238265 ns, At safepoint: 121290059 ns, Total: 121528324 ns
[2020-09-11T16:54:39.818+0000][1][gc           ] GC(56) Concurrent Sweep
[2020-09-11T16:54:39.961+0000][1][safepoint    ] Safepoint "CollectForMetadataAllocation", Time since last: 117144770 ns, Reaching safepoint: 25654706 ns, At safepoint: 10219 ns, Total: 25664925 ns
[2020-09-11T16:54:39.977+0000][1][safepoint    ] Safepoint "CollectForMetadataAllocation", Time since last: 4197171 ns, Reaching safepoint: 11511055 ns, At safepoint: 129578 ns, Total: 11640633 ns
[2020-09-11T16:54:39.982+0000][1][gc           ] GC(56) Concurrent Sweep 163.278ms
[2020-09-11T16:54:39.982+0000][1][gc,cpu       ] GC(56) User=0.03s Sys=0.00s Real=0.17s
[2020-09-11T16:54:39.982+0000][1][gc           ] GC(56) Concurrent Reset
[2020-09-11T16:54:40.045+0000][1][gc           ] GC(56) Concurrent Reset 63.401ms
[2020-09-11T16:54:40.045+0000][1][gc,cpu       ] GC(56) User=0.01s Sys=0.00s Real=0.06s
[2020-09-11T16:54:40.045+0000][1][gc,heap      ] GC(56) Old: 48870K->47858K(2011968K)
[2020-09-11T16:54:40.937+0000][1][gc,start     ] GC(58) Pause Young (Allocation Failure)
[2020-09-11T16:54:40.937+0000][1][gc,task      ] GC(58) Using 1 workers of 1 for evacuation
[2020-09-11T16:54:41.059+0000][1][gc,age       ] GC(58) Desired survivor size 4358144 bytes, new threshold 6 (max threshold 6)
[2020-09-11T16:54:41.059+0000][1][gc,age       ] GC(58) Age table with threshold 6 (max threshold 6)
[2020-09-11T16:54:41.059+0000][1][gc,age       ] GC(58) - age   1:     328776 bytes,     328776 total
[2020-09-11T16:54:41.059+0000][1][gc,age       ] GC(58) - age   2:    1191192 bytes,    1519968 total
[2020-09-11T16:54:41.059+0000][1][gc,age       ] GC(58) - age   3:     334408 bytes,    1854376 total
[2020-09-11T16:54:41.059+0000][1][gc,age       ] GC(58) - age   4:     918504 bytes,    2772880 total
[2020-09-11T16:54:41.059+0000][1][gc,age       ] GC(58) - age   5:     297792 bytes,    3070672 total
[2020-09-11T16:54:41.059+0000][1][gc,age       ] GC(58) - age   6:     331360 bytes,    3402032 total
[2020-09-11T16:54:41.059+0000][1][gc,heap      ] GC(58) ParNew: 71628K->3360K(76672K)
[2020-09-11T16:54:41.059+0000][1][gc,heap      ] GC(58) CMS: 47858K->48223K(2011968K)
[2020-09-11T16:54:41.059+0000][1][gc,metaspace ] GC(58) Metaspace: 36211K->36211K(1083392K)
[2020-09-11T16:54:41.059+0000][1][gc           ] GC(58) Pause Young (Allocation Failure) 116M->50M(2039M) 122.502ms
[2020-09-11T16:54:41.059+0000][1][gc,cpu       ] GC(58) User=0.03s Sys=0.00s Real=0.12s
[2020-09-11T16:54:41.060+0000][1][safepoint    ] Safepoint "GenCollectForAllocation", Time since last: 959839593 ns, Reaching safepoint: 122072 ns, At safepoint: 123007512 ns, Total: 123129584 ns
[2020-09-11T16:54:42.109+0000][1][safepoint    ] Safepoint "Cleanup", Time since last: 1030299494 ns, Reaching safepoint: 18619166 ns, At safepoint: 8541 ns, Total: 18627707 ns
[2020-09-11T16:54:43.653+0000][1][safepoint    ] Safepoint "Cleanup", Time since last: 1543981408 ns, Reaching safepoint: 147899 ns, At safepoint: 4672 ns, Total: 152571 ns
[2020-09-11T16:54:44.661+0000][1][safepoint    ] Safepoint "Cleanup", Time since last: 1007795779 ns, Reaching safepoint: 144734 ns, At safepoint: 6673 ns, Total: 151407 ns
[2020-09-11T16:54:45.411+0000][1][gc,start     ] GC(59) Pause Young (Allocation Failure)
[2020-09-11T16:54:45.411+0000][1][gc,task      ] GC(59) Using 1 workers of 1 for evacuation
[2020-09-11T16:54:45.532+0000][1][gc,age       ] GC(59) Desired survivor size 4358144 bytes, new threshold 5 (max threshold 6)
[2020-09-11T16:54:45.532+0000][1][gc,age       ] GC(59) Age table with threshold 5 (max threshold 6)
[2020-09-11T16:54:45.532+0000][1][gc,age       ] GC(59) - age   1:    2549936 bytes,    2549936 total
[2020-09-11T16:54:45.532+0000][1][gc,age       ] GC(59) - age   2:     283432 bytes,    2833368 total
[2020-09-11T16:54:45.532+0000][1][gc,age       ] GC(59) - age   3:    1188736 bytes,    4022104 total
[2020-09-11T16:54:45.532+0000][1][gc,age       ] GC(59) - age   4:     334408 bytes,    4356512 total
[2020-09-11T16:54:45.532+0000][1][gc,age       ] GC(59) - age   5:     918504 bytes,    5275016 total
[2020-09-11T16:54:45.532+0000][1][gc,age       ] GC(59) - age   6:     297792 bytes,    5572808 total
[2020-09-11T16:54:45.532+0000][1][gc,heap      ] GC(59) ParNew: 71520K->7307K(76672K)
[2020-09-11T16:54:45.532+0000][1][gc,heap      ] GC(59) CMS: 48223K->48547K(2011968K)
[2020-09-11T16:54:45.532+0000][1][gc,metaspace ] GC(59) Metaspace: 41524K->41524K(1087488K)
[2020-09-11T16:54:45.532+0000][1][gc           ] GC(59) Pause Young (Allocation Failure) 116M->54M(2039M) 121.417ms
[2020-09-11T16:54:45.532+0000][1][gc,cpu       ] GC(59) User=0.03s Sys=0.00s Real=0.12s
[2020-09-11T16:54:45.569+0000][1][safepoint    ] Safepoint "GenCollectForAllocation", Time since last: 749975881 ns, Reaching safepoint: 113849 ns, At safepoint: 157816955 ns, Total: 157930804 ns
[2020-09-11T16:54:46.581+0000][1][safepoint    ] Safepoint "Cleanup", Time since last: 1011682878 ns, Reaching safepoint: 108627 ns, At safepoint: 6436 ns, Total: 115063 ns
[2020-09-11T16:54:47.581+0000][1][safepoint    ] Safepoint "Cleanup", Time since last: 1000126875 ns, Reaching safepoint: 112939 ns, At safepoint: 6265 ns, Total: 119204 ns
[2020-09-11T16:54:48.002+0000][1][safepoint    ] Safepoint "RevokeBias", Time since last: 420427223 ns, Reaching safepoint: 576044 ns, At safepoint: 36416 ns, Total: 612460 ns
[2020-09-11T16:54:48.005+0000][1][safepoint    ] Safepoint "RevokeBias", Time since last: 2945106 ns, Reaching safepoint: 83088 ns, At safepoint: 25845 ns, Total: 108933 ns
[2020-09-11T16:54:48.005+0000][1][safepoint    ] Safepoint "RevokeBias", Time since last: 45196 ns, Reaching safepoint: 81870 ns, At safepoint: 22516 ns, Total: 104386 ns
[2020-09-11T16:54:49.026+0000][1][safepoint    ] Safepoint "Cleanup", Time since last: 1002857719 ns, Reaching safepoint: 18340702 ns, At safepoint: 9263 ns, Total: 18349965 ns
[2020-09-11T16:54:52.997+0000][1][safepoint    ] Safepoint "RevokeBias", Time since last: 3970551597 ns, Reaching safepoint: 105725 ns, At safepoint: 38420 ns, Total: 144145 ns
[2020-09-11T16:54:52.997+0000][1][safepoint    ] Safepoint "RevokeBias", Time since last: 65836 ns, Reaching safepoint: 83045 ns, At safepoint: 27517 ns, Total: 110562 ns
[2020-09-11T16:54:52.997+0000][1][safepoint    ] Safepoint "BulkRevokeBias", Time since last: 95573 ns, Reaching safepoint: 83906 ns, At safepoint: 51965 ns, Total: 135871 ns
[2020-09-11T16:54:52.998+0000][1][safepoint    ] Safepoint "RevokeBias", Time since last: 247336 ns, Reaching safepoint: 84776 ns, At safepoint: 27915 ns, Total: 112691 ns
[2020-09-11T16:54:52.998+0000][1][safepoint    ] Safepoint "RevokeBias", Time since last: 64622 ns, Reaching safepoint: 85045 ns, At safepoint: 25540 ns, Total: 110585 ns
[2020-09-11T16:54:52.998+0000][1][safepoint    ] Safepoint "RevokeBias", Time since last: 36054 ns, Reaching safepoint: 82762 ns, At safepoint: 25362 ns, Total: 108124 ns
[2020-09-11T16:54:52.998+0000][1][safepoint    ] Safepoint "RevokeBias", Time since last: 28719 ns, Reaching safepoint: 81962 ns, At safepoint: 25011 ns, Total: 106973 ns
[2020-09-11T16:54:52.998+0000][1][safepoint    ] Safepoint "RevokeBias", Time since last: 28911 ns, Reaching safepoint: 82252 ns, At safepoint: 25041 ns, Total: 107293 ns
[2020-09-11T16:54:52.999+0000][1][safepoint    ] Safepoint "RevokeBias", Time since last: 27928 ns, Reaching safepoint: 82132 ns, At safepoint: 25080 ns, Total: 107212 ns
[2020-09-11T16:54:52.999+0000][1][safepoint    ] Safepoint "RevokeBias", Time since last: 28127 ns, Reaching safepoint: 83670 ns, At safepoint: 34248 ns, Total: 117918 ns
[2020-09-11T16:54:52.999+0000][1][safepoint    ] Safepoint "RevokeBias", Time since last: 30918 ns, Reaching safepoint: 81420 ns, At safepoint: 24862 ns, Total: 106282 ns
[2020-09-11T16:54:52.999+0000][1][safepoint    ] Safepoint "RevokeBias", Time since last: 28063 ns, Reaching safepoint: 82323 ns, At safepoint: 25093 ns, Total: 107416 ns
[2020-09-11T16:54:52.999+0000][1][safepoint    ] Safepoint "RevokeBias", Time since last: 27887 ns, Reaching safepoint: 81349 ns, At safepoint: 24803 ns, Total: 106152 ns
[2020-09-11T16:54:52.999+0000][1][safepoint    ] Safepoint "RevokeBias", Time since last: 28364 ns, Reaching safepoint: 82206 ns, At safepoint: 25154 ns, Total: 107360 ns
[2020-09-11T16:54:52.999+0000][1][safepoint    ] Safepoint "RevokeBias", Time since last: 29889 ns, Reaching safepoint: 81421 ns, At safepoint: 24975 ns, Total: 106396 ns
[2020-09-11T16:54:52.999+0000][1][safepoint    ] Safepoint "RevokeBias", Time since last: 28077 ns, Reaching safepoint: 82281 ns, At safepoint: 25023 ns, Total: 107304 ns
[2020-09-11T16:54:53.000+0000][1][safepoint    ] Safepoint "RevokeBias", Time since last: 66216 ns, Reaching safepoint: 84429 ns, At safepoint: 24927 ns, Total: 109356 ns
[2020-09-11T16:54:53.000+0000][1][safepoint    ] Safepoint "RevokeBias", Time since last: 37902 ns, Reaching safepoint: 84483 ns, At safepoint: 33133 ns, Total: 117616 ns
[2020-09-11T16:54:54.521+0000][1][safepoint    ] Safepoint "Cleanup", Time since last: 1521456389 ns, Reaching safepoint: 141384 ns, At safepoint: 6489 ns, Total: 147873 ns
[2020-09-11T16:54:54.671+0000][1][gc,start     ] GC(60) Pause Young (Allocation Failure)
[2020-09-11T16:54:54.671+0000][1][gc,task      ] GC(60) Using 1 workers of 1 for evacuation
[2020-09-11T16:54:54.846+0000][1][gc,age       ] GC(60) Desired survivor size 4358144 bytes, new threshold 2 (max threshold 6)
[2020-09-11T16:54:54.846+0000][1][gc,age       ] GC(60) Age table with threshold 2 (max threshold 6)
[2020-09-11T16:54:54.846+0000][1][gc,age       ] GC(60) - age   1:    2746424 bytes,    2746424 total
[2020-09-11T16:54:54.846+0000][1][gc,age       ] GC(60) - age   2:    2487408 bytes,    5233832 total
[2020-09-11T16:54:54.846+0000][1][gc,age       ] GC(60) - age   3:     283304 bytes,    5517136 total
[2020-09-11T16:54:54.846+0000][1][gc,age       ] GC(60) - age   4:    1188056 bytes,    6705192 total
[2020-09-11T16:54:54.846+0000][1][gc,age       ] GC(60) - age   5:     334408 bytes,    7039600 total
[2020-09-11T16:54:54.846+0000][1][gc,heap      ] GC(60) ParNew: 75467K->8261K(76672K)
[2020-09-11T16:54:54.846+0000][1][gc,heap      ] GC(60) CMS: 48547K->49734K(2011968K)
[2020-09-11T16:54:54.846+0000][1][gc,metaspace ] GC(60) Metaspace: 47211K->47211K(1093632K)
[2020-09-11T16:54:54.846+0000][1][gc           ] GC(60) Pause Young (Allocation Failure) 121M->56M(2039M) 174.911ms
[2020-09-11T16:54:54.846+0000][1][gc,cpu       ] GC(60) User=0.06s Sys=0.00s Real=0.18s
[2020-09-11T16:54:54.849+0000][1][safepoint    ] Safepoint "GenCollectForAllocation", Time since last: 149449485 ns, Reaching safepoint: 113426 ns, At safepoint: 177840920 ns, Total: 177954346 ns
[2020-09-11T16:54:54.962+0000][1][safepoint    ] Safepoint "RevokeBias", Time since last: 113185128 ns, Reaching safepoint: 97370 ns, At safepoint: 14113 ns, Total: 111483 ns
[2020-09-11T16:54:54.962+0000][1][safepoint    ] Safepoint "RevokeBias", Time since last: 62539 ns, Reaching safepoint: 79596 ns, At safepoint: 9322 ns, Total: 88918 ns
[2020-09-11T16:54:54.962+0000][1][safepoint    ] Safepoint "RevokeBias", Time since last: 35246 ns, Reaching safepoint: 79039 ns, At safepoint: 8088 ns, Total: 87127 ns
[2020-09-11T16:54:55.454+0000][1][safepoint    ] Safepoint "RevokeBias", Time since last: 491629534 ns, Reaching safepoint: 110453 ns, At safepoint: 31567 ns, Total: 142020 ns
[2020-09-11T16:54:55.479+0000][1][safepoint    ] Safepoint "RevokeBias", Time since last: 25050871 ns, Reaching safepoint: 110569 ns, At safepoint: 41598 ns, Total: 152167 ns
[2020-09-11T16:54:56.425+0000][1][safepoint    ] Safepoint "RevokeBias", Time since last: 932123796 ns, Reaching safepoint: 13600856 ns, At safepoint: 32263 ns, Total: 13633119 ns
[2020-09-11T16:54:56.425+0000][1][safepoint    ] Safepoint "RevokeBias", Time since last: 233031 ns, Reaching safepoint: 84483 ns, At safepoint: 17805 ns, Total: 102288 ns
[2020-09-11T16:54:56.426+0000][1][safepoint    ] Safepoint "RevokeBias", Time since last: 47180 ns, Reaching safepoint: 80168 ns, At safepoint: 15219 ns, Total: 95387 ns
[2020-09-11T16:54:56.667+0000][1][safepoint    ] Safepoint "RevokeBias", Time since last: 231333557 ns, Reaching safepoint: 10108988 ns, At safepoint: 44175 ns, Total: 10153163 ns
[2020-09-11T16:54:56.668+0000][1][safepoint    ] Safepoint "RevokeBias", Time since last: 545681 ns, Reaching safepoint: 91315 ns, At safepoint: 24300 ns, Total: 115615 ns
[2020-09-11T16:54:56.668+0000][1][safepoint    ] Safepoint "RevokeBias", Time since last: 104768 ns, Reaching safepoint: 82654 ns, At safepoint: 20524 ns, Total: 103178 ns
[2020-09-11T16:54:56.668+0000][1][safepoint    ] Safepoint "RevokeBias", Time since last: 416661 ns, Reaching safepoint: 84249 ns, At safepoint: 21356 ns, Total: 105605 ns
[2020-09-11T16:54:56.673+0000][1][safepoint    ] Safepoint "RevokeBias", Time since last: 4744921 ns, Reaching safepoint: 103215 ns, At safepoint: 36513 ns, Total: 139728 ns
[2020-09-11T16:54:56.674+0000][1][safepoint    ] Safepoint "RevokeBias", Time since last: 832192 ns, Reaching safepoint: 96312 ns, At safepoint: 28961 ns, Total: 125273 ns
[2020-09-11T16:54:56.685+0000][1][safepoint    ] Safepoint "RevokeBias", Time since last: 10478166 ns, Reaching safepoint: 116511 ns, At safepoint: 42064 ns, Total: 158575 ns
[2020-09-11T16:54:56.685+0000][1][safepoint    ] Safepoint "RevokeBias", Time since last: 140799 ns, Reaching safepoint: 98377 ns, At safepoint: 33118 ns, Total: 131495 ns
[2020-09-11T16:54:56.686+0000][1][safepoint    ] Safepoint "RevokeBias", Time since last: 180530 ns, Reaching safepoint: 95570 ns, At safepoint: 28974 ns, Total: 124544 ns
[2020-09-11T16:54:56.686+0000][1][safepoint    ] Safepoint "RevokeBias", Time since last: 41771 ns, Reaching safepoint: 89565 ns, At safepoint: 29604 ns, Total: 119169 ns
[2020-09-11T16:54:56.686+0000][1][safepoint    ] Safepoint "RevokeBias", Time since last: 36402 ns, Reaching safepoint: 86040 ns, At safepoint: 25903 ns, Total: 111943 ns
[2020-09-11T16:54:56.686+0000][1][safepoint    ] Safepoint "RevokeBias", Time since last: 33751 ns, Reaching safepoint: 84524 ns, At safepoint: 22869 ns, Total: 107393 ns
[2020-09-11T16:54:56.686+0000][1][safepoint    ] Safepoint "RevokeBias", Time since last: 32866 ns, Reaching safepoint: 83763 ns, At safepoint: 22002 ns, Total: 105765 ns
[2020-09-11T16:54:56.686+0000][1][safepoint    ] Safepoint "RevokeBias", Time since last: 32437 ns, Reaching safepoint: 82997 ns, At safepoint: 20755 ns, Total: 103752 ns
[2020-09-11T16:54:56.686+0000][1][safepoint    ] Safepoint "RevokeBias", Time since last: 34437 ns, Reaching safepoint: 84878 ns, At safepoint: 26770 ns, Total: 111648 ns
[2020-09-11T16:54:56.687+0000][1][safepoint    ] Safepoint "BulkRevokeBias", Time since last: 31883 ns, Reaching safepoint: 84871 ns, At safepoint: 74899 ns, Total: 159770 ns
[2020-09-11T16:54:56.687+0000][1][safepoint    ] Safepoint "RevokeBias", Time since last: 74367 ns, Reaching safepoint: 86524 ns, At safepoint: 29494 ns, Total: 116018 ns
[2020-09-11T16:54:56.687+0000][1][safepoint    ] Safepoint "RevokeBias", Time since last: 42939 ns, Reaching safepoint: 83904 ns, At safepoint: 20593 ns, Total: 104497 ns
[2020-09-11T16:54:56.698+0000][1][safepoint    ] Safepoint "RevokeBias", Time since last: 10065916 ns, Reaching safepoint: 1105189 ns, At safepoint: 14320 ns, Total: 1119509 ns
[2020-09-11T16:54:56.698+0000][1][safepoint    ] Safepoint "RevokeBias", Time since last: 65498 ns, Reaching safepoint: 81421 ns, At safepoint: 9496 ns, Total: 90917 ns
[2020-09-11T16:54:56.698+0000][1][safepoint    ] Safepoint "RevokeBias", Time since last: 32897 ns, Reaching safepoint: 80540 ns, At safepoint: 9097 ns, Total: 89637 ns
[2020-09-11T16:54:56.734+0000][1][safepoint    ] Safepoint "RevokeBias", Time since last: 28373300 ns, Reaching safepoint: 7114374 ns, At safepoint: 42007 ns, Total: 7156381 ns
[2020-09-11T16:54:56.734+0000][1][safepoint    ] Safepoint "RevokeBias", Time since last: 154610 ns, Reaching safepoint: 87420 ns, At safepoint: 22948 ns, Total: 110368 ns
[2020-09-11T16:54:56.738+0000][1][safepoint    ] Safepoint "RevokeBias", Time since last: 3259989 ns, Reaching safepoint: 109836 ns, At safepoint: 38033 ns, Total: 147869 ns
[2020-09-11T16:54:56.738+0000][1][safepoint    ] Safepoint "RevokeBias", Time since last: 52514 ns, Reaching safepoint: 82657 ns, At safepoint: 27043 ns, Total: 109700 ns
[2020-09-11T16:54:56.738+0000][1][safepoint    ] Safepoint "RevokeBias", Time since last: 30212 ns, Reaching safepoint: 81455 ns, At safepoint: 21053 ns, Total: 102508 ns
[2020-09-11T16:54:56.738+0000][1][safepoint    ] Safepoint "RevokeBias", Time since last: 28234 ns, Reaching safepoint: 80957 ns, At safepoint: 19851 ns, Total: 100808 ns
[2020-09-11T16:54:56.738+0000][1][safepoint    ] Safepoint "RevokeBias", Time since last: 27946 ns, Reaching safepoint: 80662 ns, At safepoint: 19919 ns, Total: 100581 ns
[2020-09-11T16:54:56.738+0000][1][safepoint    ] Safepoint "RevokeBias", Time since last: 27895 ns, Reaching safepoint: 80939 ns, At safepoint: 19798 ns, Total: 100737 ns
[2020-09-11T16:54:56.738+0000][1][safepoint    ] Safepoint "RevokeBias", Time since last: 30214 ns, Reaching safepoint: 81313 ns, At safepoint: 20365 ns, Total: 101678 ns
[2020-09-11T16:54:56.739+0000][1][safepoint    ] Safepoint "RevokeBias", Time since last: 42016 ns, Reaching safepoint: 81178 ns, At safepoint: 19912 ns, Total: 101090 ns
[2020-09-11T16:54:56.739+0000][1][safepoint    ] Safepoint "RevokeBias", Time since last: 27811 ns, Reaching safepoint: 81008 ns, At safepoint: 33403 ns, Total: 114411 ns
[2020-09-11T16:54:56.741+0000][1][safepoint    ] Safepoint "RevokeBias", Time since last: 29690 ns, Reaching safepoint: 2067904 ns, At safepoint: 31241 ns, Total: 2099145 ns
[2020-09-11T16:54:56.741+0000][1][safepoint    ] Safepoint "RevokeBias", Time since last: 45126 ns, Reaching safepoint: 83083 ns, At safepoint: 21668 ns, Total: 104751 ns
[2020-09-11T16:54:56.741+0000][1][safepoint    ] Safepoint "RevokeBias", Time since last: 31138 ns, Reaching safepoint: 80881 ns, At safepoint: 20186 ns, Total: 101067 ns
[2020-09-11T16:54:56.741+0000][1][safepoint    ] Safepoint "RevokeBias", Time since last: 29015 ns, Reaching safepoint: 128566 ns, At safepoint: 69837 ns, Total: 198403 ns
[2020-09-11T16:54:56.742+0000][1][safepoint    ] Safepoint "RevokeBias", Time since last: 43394 ns, Reaching safepoint: 86752 ns, At safepoint: 47223 ns, Total: 133975 ns
[2020-09-11T16:54:56.742+0000][1][safepoint    ] Safepoint "RevokeBias", Time since last: 38019 ns, Reaching safepoint: 95856 ns, At safepoint: 46097 ns, Total: 141953 ns
[2020-09-11T16:54:56.742+0000][1][safepoint    ] Safepoint "BulkRevokeBias", Time since last: 32321 ns, Reaching safepoint: 84777 ns, At safepoint: 94474 ns, Total: 179251 ns
[2020-09-11T16:54:56.745+0000][1][safepoint    ] Safepoint "RevokeBias", Time since last: 3145068 ns, Reaching safepoint: 104891 ns, At safepoint: 38671 ns, Total: 143562 ns
[2020-09-11T16:54:56.763+0000][1][safepoint    ] Safepoint "RevokeBias", Time since last: 15602677 ns, Reaching safepoint: 2103630 ns, At safepoint: 27158 ns, Total: 2130788 ns
[2020-09-11T16:54:56.763+0000][1][safepoint    ] Safepoint "RevokeBias", Time since last: 116602 ns, Reaching safepoint: 85458 ns, At safepoint: 16543 ns, Total: 102001 ns
[2020-09-11T16:54:56.763+0000][1][safepoint    ] Safepoint "RevokeBias", Time since last: 42832 ns, Reaching safepoint: 82426 ns, At safepoint: 15110 ns, Total: 97536 ns
[2020-09-11T16:54:56.763+0000][1][safepoint    ] Safepoint "RevokeBias", Time since last: 110813 ns, Reaching safepoint: 81432 ns, At safepoint: 15103 ns, Total: 96535 ns
[2020-09-11T16:54:56.769+0000][1][safepoint    ] Safepoint "RevokeBias", Time since last: 5280843 ns, Reaching safepoint: 106997 ns, At safepoint: 29536 ns, Total: 136533 ns
[2020-09-11T16:54:56.769+0000][1][safepoint    ] Safepoint "RevokeBias", Time since last: 120629 ns, Reaching safepoint: 82779 ns, At safepoint: 18808 ns, Total: 101587 ns
[2020-09-11T16:54:56.769+0000][1][safepoint    ] Safepoint "RevokeBias", Time since last: 142331 ns, Reaching safepoint: 83630 ns, At safepoint: 17396 ns, Total: 101026 ns
[2020-09-11T16:54:56.770+0000][1][safepoint    ] Safepoint "RevokeBias", Time since last: 49285 ns, Reaching safepoint: 81686 ns, At safepoint: 19604 ns, Total: 101290 ns
[2020-09-11T16:54:56.770+0000][1][safepoint    ] Safepoint "RevokeBias", Time since last: 29458 ns, Reaching safepoint: 82275 ns, At safepoint: 19198 ns, Total: 101473 ns
[2020-09-11T16:54:56.770+0000][1][safepoint    ] Safepoint "RevokeBias", Time since last: 28257 ns, Reaching safepoint: 82299 ns, At safepoint: 24861 ns, Total: 107160 ns
[2020-09-11T16:54:56.770+0000][1][safepoint    ] Safepoint "RevokeBias", Time since last: 222670 ns, Reaching safepoint: 83406 ns, At safepoint: 25116 ns, Total: 108522 ns
[2020-09-11T16:54:56.770+0000][1][safepoint    ] Safepoint "RevokeBias", Time since last: 107207 ns, Reaching safepoint: 83465 ns, At safepoint: 24509 ns, Total: 107974 ns
[2020-09-11T16:54:56.773+0000][1][safepoint    ] Safepoint "RevokeBias", Time since last: 2529443 ns, Reaching safepoint: 98700 ns, At safepoint: 34648 ns, Total: 133348 ns
[2020-09-11T16:54:56.774+0000][1][safepoint    ] Safepoint "RevokeBias", Time since last: 514716 ns, Reaching safepoint: 87326 ns, At safepoint: 28643 ns, Total: 115969 ns
[2020-09-11T16:54:56.774+0000][1][safepoint    ] Safepoint "RevokeBias", Time since last: 98401 ns, Reaching safepoint: 84207 ns, At safepoint: 26035 ns, Total: 110242 ns
[2020-09-11T16:54:56.774+0000][1][safepoint    ] Safepoint "RevokeBias", Time since last: 182298 ns, Reaching safepoint: 88098 ns, At safepoint: 25429 ns, Total: 113527 ns
[2020-09-11T16:54:56.774+0000][1][safepoint    ] Safepoint "RevokeBias", Time since last: 61182 ns, Reaching safepoint: 83454 ns, At safepoint: 24595 ns, Total: 108049 ns
[2020-09-11T16:54:56.805+0000][1][safepoint    ] Safepoint "RevokeBias", Time since last: 30481437 ns, Reaching safepoint: 118034 ns, At safepoint: 39326 ns, Total: 157360 ns
[2020-09-11T16:54:56.807+0000][1][safepoint    ] Safepoint "RevokeBias", Time since last: 1502019 ns, Reaching safepoint: 95755 ns, At safepoint: 30946 ns, Total: 126701 ns
[2020-09-11T16:54:56.809+0000][1][safepoint    ] Safepoint "RevokeBias", Time since last: 2208312 ns, Reaching safepoint: 105326 ns, At safepoint: 38137 ns, Total: 143463 ns
[2020-09-11T16:54:56.815+0000][1][safepoint    ] Safepoint "RevokeBias", Time since last: 6258997 ns, Reaching safepoint: 254237 ns, At safepoint: 37194 ns, Total: 291431 ns
[2020-09-11T16:54:57.293+0000][1][safepoint    ] Safepoint "RevokeBias", Time since last: 477343764 ns, Reaching safepoint: 77366 ns, At safepoint: 15582 ns, Total: 92948 ns
[2020-09-11T16:54:57.293+0000][1][safepoint    ] Safepoint "RevokeBias", Time since last: 170005 ns, Reaching safepoint: 80929 ns, At safepoint: 7878 ns, Total: 88807 ns
[2020-09-11T16:54:57.293+0000][1][safepoint    ] Safepoint "RevokeBias", Time since last: 202287 ns, Reaching safepoint: 80891 ns, At safepoint: 7587 ns, Total: 88478 ns
[2020-09-11T16:54:57.877+0000][1][gc,start     ] GC(61) Pause Young (Allocation Failure)
[2020-09-11T16:54:57.878+0000][1][gc,task      ] GC(61) Using 1 workers of 1 for evacuation
[2020-09-11T16:54:58.167+0000][1][gc,age       ] GC(61) Desired survivor size 4358144 bytes, new threshold 2 (max threshold 6)
[2020-09-11T16:54:58.167+0000][1][gc,age       ] GC(61) Age table with threshold 2 (max threshold 6)
[2020-09-11T16:54:58.168+0000][1][gc,age       ] GC(61) - age   1:    2282536 bytes,    2282536 total
[2020-09-11T16:54:58.168+0000][1][gc,age       ] GC(61) - age   2:    2646520 bytes,    4929056 total
[2020-09-11T16:54:58.168+0000][1][gc,heap      ] GC(61) ParNew: 76421K->6188K(76672K)
[2020-09-11T16:54:58.168+0000][1][gc,heap      ] GC(61) CMS: 49734K->53982K(2011968K)
[2020-09-11T16:54:58.168+0000][1][gc,metaspace ] GC(61) Metaspace: 52415K->52415K(1097728K)
[2020-09-11T16:54:58.168+0000][1][gc           ] GC(61) Pause Young (Allocation Failure) 123M->58M(2039M) 290.103ms
[2020-09-11T16:54:58.168+0000][1][gc,cpu       ] GC(61) User=0.10s Sys=0.00s Real=0.29s
[2020-09-11T16:54:58.189+0000][1][safepoint    ] Safepoint "GenCollectForAllocation", Time since last: 583892276 ns, Reaching safepoint: 105929 ns, At safepoint: 311313804 ns, Total: 311419733 ns
[2020-09-11T16:54:59.526+0000][1][safepoint    ] Safepoint "Cleanup", Time since last: 1327992064 ns, Reaching safepoint: 9459518 ns, At safepoint: 10470 ns, Total: 9469988 ns
[2020-09-11T16:55:00.534+0000][1][safepoint    ] Safepoint "Cleanup", Time since last: 1006541878 ns, Reaching safepoint: 943067 ns, At safepoint: 6555 ns, Total: 949622 ns
[2020-09-11T16:55:01.535+0000][1][safepoint    ] Safepoint "Cleanup", Time since last: 1000105757 ns, Reaching safepoint: 862161 ns, At safepoint: 9631 ns, Total: 871792 ns
[2020-09-11T16:55:02.055+0000][1][gc,start     ] GC(62) Pause Young (Allocation Failure)
[2020-09-11T16:55:02.055+0000][1][gc,task      ] GC(62) Using 1 workers of 1 for evacuation
[2020-09-11T16:55:02.238+0000][1][gc,age       ] GC(62) Desired survivor size 4358144 bytes, new threshold 6 (max threshold 6)
[2020-09-11T16:55:02.249+0000][1][gc,age       ] GC(62) Age table with threshold 6 (max threshold 6)
[2020-09-11T16:55:02.249+0000][1][gc,age       ] GC(62) - age   1:    1336128 bytes,    1336128 total
[2020-09-11T16:55:02.249+0000][1][gc,age       ] GC(62) - age   2:    2248336 bytes,    3584464 total
[2020-09-11T16:55:02.249+0000][1][gc,heap      ] GC(62) ParNew: 74348K->5157K(76672K)
[2020-09-11T16:55:02.249+0000][1][gc,heap      ] GC(62) CMS: 53982K->56677K(2011968K)
[2020-09-11T16:55:02.249+0000][1][gc,metaspace ] GC(62) Metaspace: 59867K->59867K(1103872K)
[2020-09-11T16:55:02.249+0000][1][gc           ] GC(62) Pause Young (Allocation Failure) 125M->60M(2039M) 193.530ms
[2020-09-11T16:55:02.249+0000][1][gc,cpu       ] GC(62) User=0.06s Sys=0.00s Real=0.19s
[2020-09-11T16:55:02.249+0000][1][safepoint    ] Safepoint "GenCollectForAllocation", Time since last: 520236273 ns, Reaching safepoint: 463370 ns, At safepoint: 193672211 ns, Total: 194135581 ns
[2020-09-11T16:55:02.261+0000][1][safepoint    ] Safepoint "CollectForMetadataAllocation", Time since last: 12108217 ns, Reaching safepoint: 34000 ns, At safepoint: 62973 ns, Total: 96973 ns
[2020-09-11T16:55:02.565+0000][1][safepoint    ] Safepoint "CollectForMetadataAllocation", Time since last: 297881993 ns, Reaching safepoint: 1456779 ns, At safepoint: 4190880 ns, Total: 5647659 ns
[2020-09-11T16:55:02.623+0000][1][safepoint    ] Safepoint "CollectForMetadataAllocation", Time since last: 57078304 ns, Reaching safepoint: 1403352 ns, At safepoint: 110103 ns, Total: 1513455 ns
[2020-09-11T16:55:02.851+0000][1][safepoint    ] Safepoint "CollectForMetadataAllocation", Time since last: 225516037 ns, Reaching safepoint: 2068115 ns, At safepoint: 122642 ns, Total: 2190757 ns
[2020-09-11T16:55:02.949+0000][1][safepoint    ] Safepoint "CollectForMetadataAllocation", Time since last: 97698484 ns, Reaching safepoint: 119818 ns, At safepoint: 365967 ns, Total: 485785 ns
[2020-09-11T16:55:03.216+0000][1][safepoint    ] Safepoint "CollectForMetadataAllocation", Time since last: 266518339 ns, Reaching safepoint: 120809 ns, At safepoint: 108951 ns, Total: 229760 ns
[2020-09-11T16:55:03.390+0000][1][safepoint    ] Safepoint "CollectForMetadataAllocation", Time since last: 174050693 ns, Reaching safepoint: 125745 ns, At safepoint: 109076 ns, Total: 234821 ns
[2020-09-11T16:55:03.752+0000][1][safepoint    ] Safepoint "CollectForMetadataAllocation", Time since last: 360630962 ns, Reaching safepoint: 1124419 ns, At safepoint: 72278 ns, Total: 1196697 ns
[2020-09-11T16:55:03.852+0000][1][safepoint    ] Safepoint "CollectForMetadataAllocation", Time since last: 99240282 ns, Reaching safepoint: 124183 ns, At safepoint: 122530 ns, Total: 246713 ns
[2020-09-11T16:55:04.141+0000][1][safepoint    ] Safepoint "RevokeBias", Time since last: 289133437 ns, Reaching safepoint: 133838 ns, At safepoint: 19234 ns, Total: 153072 ns
[2020-09-11T16:55:04.248+0000][1][gc,start     ] GC(63) Pause Initial Mark
[2020-09-11T16:55:04.291+0000][1][gc           ] GC(63) Pause Initial Mark 92M->92M(2039M) 43.136ms
[2020-09-11T16:55:04.291+0000][1][gc,cpu       ] GC(63) User=0.02s Sys=0.00s Real=0.04s
[2020-09-11T16:55:04.337+0000][1][safepoint    ] Safepoint "CMS_Initial_Mark", Time since last: 107185163 ns, Reaching safepoint: 105983 ns, At safepoint: 88547761 ns, Total: 88653744 ns
[2020-09-11T16:55:04.337+0000][1][gc           ] GC(63) Concurrent Mark
[2020-09-11T16:55:04.369+0000][1][safepoint    ] Safepoint "CollectForMetadataAllocation", Time since last: 22600063 ns, Reaching safepoint: 9466809 ns, At safepoint: 128270 ns, Total: 9595079 ns
[2020-09-11T16:55:04.728+0000][1][safepoint    ] Safepoint "Deoptimize", Time since last: 355392846 ns, Reaching safepoint: 242816 ns, At safepoint: 2999044 ns, Total: 3241860 ns
[2020-09-11T16:55:04.881+0000][1][gc           ] GC(63) Concurrent Mark 543.982ms
[2020-09-11T16:55:04.881+0000][1][gc,cpu       ] GC(63) User=0.18s Sys=0.00s Real=0.55s
[2020-09-11T16:55:04.881+0000][1][safepoint    ] Safepoint "CollectForMetadataAllocation", Time since last: 148591582 ns, Reaching safepoint: 4746693 ns, At safepoint: 95628 ns, Total: 4842321 ns
[2020-09-11T16:55:04.887+0000][1][gc           ] GC(63) Concurrent Preclean
[2020-09-11T16:55:04.903+0000][1][gc           ] GC(63) Concurrent Preclean 15.471ms
[2020-09-11T16:55:04.903+0000][1][gc,cpu       ] GC(63) User=0.01s Sys=0.00s Real=0.02s
[2020-09-11T16:55:04.903+0000][1][gc           ] GC(63) Concurrent Abortable Preclean
[2020-09-11T16:55:05.417+0000][1][safepoint    ] Safepoint "CollectForMetadataAllocation", Time since last: 523755134 ns, Reaching safepoint: 12061441 ns, At safepoint: 95226 ns, Total: 12156667 ns
[2020-09-11T16:55:05.846+0000][1][safepoint    ] Safepoint "RevokeBias", Time since last: 416016426 ns, Reaching safepoint: 12647078 ns, At safepoint: 40104 ns, Total: 12687182 ns
[2020-09-11T16:55:05.846+0000][1][safepoint    ] Safepoint "RevokeBias", Time since last: 208254 ns, Reaching safepoint: 98703 ns, At safepoint: 41552 ns, Total: 140255 ns
[2020-09-11T16:55:05.846+0000][1][safepoint    ] Safepoint "RevokeBias", Time since last: 39936 ns, Reaching safepoint: 86069 ns, At safepoint: 27098 ns, Total: 113167 ns
[2020-09-11T16:55:05.846+0000][1][safepoint    ] Safepoint "RevokeBias", Time since last: 74824 ns, Reaching safepoint: 85620 ns, At safepoint: 25955 ns, Total: 111575 ns
[2020-09-11T16:55:05.847+0000][1][safepoint    ] Safepoint "RevokeBias", Time since last: 117384 ns, Reaching safepoint: 85242 ns, At safepoint: 24744 ns, Total: 109986 ns
[2020-09-11T16:55:06.087+0000][1][safepoint    ] Safepoint "RevokeBias", Time since last: 223207814 ns, Reaching safepoint: 17060123 ns, At safepoint: 14118 ns, Total: 17074241 ns
[2020-09-11T16:55:06.087+0000][1][safepoint    ] Safepoint "RevokeBias", Time since last: 122699 ns, Reaching safepoint: 86967 ns, At safepoint: 9433 ns, Total: 96400 ns
[2020-09-11T16:55:06.087+0000][1][safepoint    ] Safepoint "RevokeBias", Time since last: 144675 ns, Reaching safepoint: 13374 ns, At safepoint: 5774 ns, Total: 19148 ns
[2020-09-11T16:55:06.088+0000][1][safepoint    ] Safepoint "BulkRevokeBias", Time since last: 316609 ns, Reaching safepoint: 13239 ns, At safepoint: 69488 ns, Total: 82727 ns
[2020-09-11T16:55:06.137+0000][1][safepoint    ] Safepoint "CollectForMetadataAllocation", Time since last: 23713049 ns, Reaching safepoint: 25521780 ns, At safepoint: 97590 ns, Total: 25619370 ns
[2020-09-11T16:55:06.721+0000][1][safepoint    ] Safepoint "CollectForMetadataAllocation", Time since last: 571817819 ns, Reaching safepoint: 12066281 ns, At safepoint: 112954 ns, Total: 12179235 ns
[2020-09-11T16:55:07.219+0000][1][safepoint    ] Safepoint "CollectForMetadataAllocation", Time since last: 497430791 ns, Reaching safepoint: 115645 ns, At safepoint: 73193 ns, Total: 188838 ns
[2020-09-11T16:55:07.461+0000][1][safepoint    ] Safepoint "CollectForMetadataAllocation", Time since last: 242225712 ns, Reaching safepoint: 121282 ns, At safepoint: 129027 ns, Total: 250309 ns
[2020-09-11T16:55:07.691+0000][1][safepoint    ] Safepoint "CollectForMetadataAllocation", Time since last: 229486282 ns, Reaching safepoint: 109180 ns, At safepoint: 152793 ns, Total: 261973 ns
[2020-09-11T16:55:07.861+0000][1][safepoint    ] Safepoint "CollectForMetadataAllocation", Time since last: 158835528 ns, Reaching safepoint: 11398595 ns, At safepoint: 127815 ns, Total: 11526410 ns
[2020-09-11T16:55:08.041+0000][1][safepoint    ] Safepoint "CollectForMetadataAllocation", Time since last: 179640803 ns, Reaching safepoint: 65832 ns, At safepoint: 130987 ns, Total: 196819 ns
[2020-09-11T16:55:08.317+0000][1][safepoint    ] Safepoint "CollectForMetadataAllocation", Time since last: 265900737 ns, Reaching safepoint: 9993884 ns, At safepoint: 240921 ns, Total: 10234805 ns
[2020-09-11T16:55:08.377+0000][1][gc,start     ] GC(64) Pause Young (Allocation Failure)
[2020-09-11T16:55:08.377+0000][1][gc,task      ] GC(64) Using 1 workers of 1 for evacuation
[2020-09-11T16:55:08.443+0000][1][gc,age       ] GC(64) Desired survivor size 4358144 bytes, new threshold 2 (max threshold 6)
[2020-09-11T16:55:08.443+0000][1][gc,age       ] GC(64) Age table with threshold 2 (max threshold 6)
[2020-09-11T16:55:08.443+0000][1][gc,age       ] GC(64) - age   1:    3556064 bytes,    3556064 total
[2020-09-11T16:55:08.443+0000][1][gc,age       ] GC(64) - age   2:    1259416 bytes,    4815480 total
[2020-09-11T16:55:08.443+0000][1][gc,age       ] GC(64) - age   3:    2234208 bytes,    7049688 total
[2020-09-11T16:55:08.444+0000][1][gc,heap      ] GC(64) ParNew: 73317K->7829K(76672K)
[2020-09-11T16:55:08.444+0000][1][gc,heap      ] GC(64) CMS: 56677K->56677K(2011968K)
[2020-09-11T16:55:08.444+0000][1][gc,metaspace ] GC(64) Metaspace: 66136K->66136K(1110016K)
[2020-09-11T16:55:08.444+0000][1][gc           ] GC(64) Pause Young (Allocation Failure) 126M->62M(2039M) 66.670ms
[2020-09-11T16:55:08.444+0000][1][gc,cpu       ] GC(64) User=0.03s Sys=0.00s Real=0.07s
[2020-09-11T16:55:08.461+0000][1][safepoint    ] Safepoint "GenCollectForAllocation", Time since last: 59684992 ns, Reaching safepoint: 54074 ns, At safepoint: 83889548 ns, Total: 83943622 ns
[2020-09-11T16:55:08.581+0000][1][safepoint    ] Safepoint "CollectForMetadataAllocation", Time since last: 114094130 ns, Reaching safepoint: 5929192 ns, At safepoint: 137431 ns, Total: 6066623 ns
[2020-09-11T16:55:08.758+0000][1][safepoint    ] Safepoint "CollectForMetadataAllocation", Time since last: 175869570 ns, Reaching safepoint: 859832 ns, At safepoint: 142103 ns, Total: 1001935 ns
[2020-09-11T16:55:08.809+0000][1][safepoint    ] Safepoint "CollectForMetadataAllocation", Time since last: 51281145 ns, Reaching safepoint: 58777 ns, At safepoint: 110844 ns, Total: 169621 ns
[2020-09-11T16:55:09.095+0000][1][safepoint    ] Safepoint "CollectForMetadataAllocation", Time since last: 281603644 ns, Reaching safepoint: 3892488 ns, At safepoint: 74886 ns, Total: 3967374 ns
[2020-09-11T16:55:09.150+0000][1][safepoint    ] Safepoint "BulkRevokeBias", Time since last: 54602216 ns, Reaching safepoint: 53130 ns, At safepoint: 56929 ns, Total: 110059 ns
[2020-09-11T16:55:09.201+0000][1][safepoint    ] Safepoint "CollectForMetadataAllocation", Time since last: 43689124 ns, Reaching safepoint: 7623694 ns, At safepoint: 117321 ns, Total: 7741015 ns
[2020-09-11T16:55:09.317+0000][1][safepoint    ] Safepoint "CollectForMetadataAllocation", Time since last: 109312411 ns, Reaching safepoint: 6537486 ns, At safepoint: 113157 ns, Total: 6650643 ns
[2020-09-11T16:55:09.369+0000][1][safepoint    ] Safepoint "CollectForMetadataAllocation", Time since last: 43431403 ns, Reaching safepoint: 8486748 ns, At safepoint: 115107 ns, Total: 8601855 ns
[2020-09-11T16:55:09.424+0000][1][safepoint    ] Safepoint "CollectForMetadataAllocation", Time since last: 49644215 ns, Reaching safepoint: 4991132 ns, At safepoint: 116116 ns, Total: 5107248 ns
[2020-09-11T16:55:09.425+0000][1][safepoint    ] Safepoint "Deoptimize", Time since last: 1232416 ns, Reaching safepoint: 91217 ns, At safepoint: 358346 ns, Total: 449563 ns
[2020-09-11T16:55:09.478+0000][1][safepoint    ] Safepoint "Deoptimize", Time since last: 52316618 ns, Reaching safepoint: 47138 ns, At safepoint: 311572 ns, Total: 358710 ns
[2020-09-11T16:55:09.586+0000][1][safepoint    ] Safepoint "CollectForMetadataAllocation", Time since last: 107706390 ns, Reaching safepoint: 108144 ns, At safepoint: 128413 ns, Total: 236557 ns
[2020-09-11T16:55:09.669+0000][1][safepoint    ] Safepoint "CollectForMetadataAllocation", Time since last: 82774908 ns, Reaching safepoint: 574682 ns, At safepoint: 97055 ns, Total: 671737 ns
[2020-09-11T16:55:09.744+0000][1][safepoint    ] Safepoint "RevokeBias", Time since last: 68496708 ns, Reaching safepoint: 6225835 ns, At safepoint: 62755 ns, Total: 6288590 ns
[2020-09-11T16:55:09.745+0000][1][safepoint    ] Safepoint "RevokeBias", Time since last: 538518 ns, Reaching safepoint: 12327 ns, At safepoint: 18496 ns, Total: 30823 ns
[2020-09-11T16:55:09.746+0000][1][safepoint    ] Safepoint "RevokeBias", Time since last: 725966 ns, Reaching safepoint: 12089 ns, At safepoint: 15114 ns, Total: 27203 ns
[2020-09-11T16:55:09.746+0000][1][safepoint    ] Safepoint "RevokeBias", Time since last: 492372 ns, Reaching safepoint: 90507 ns, At safepoint: 17901 ns, Total: 108408 ns
[2020-09-11T16:55:09.746+0000][1][safepoint    ] Safepoint "RevokeBias", Time since last: 41766 ns, Reaching safepoint: 14206 ns, At safepoint: 13379 ns, Total: 27585 ns
[2020-09-11T16:55:09.747+0000][1][safepoint    ] Safepoint "RevokeBias", Time since last: 290630 ns, Reaching safepoint: 11305 ns, At safepoint: 14096 ns, Total: 25401 ns
[2020-09-11T16:55:09.747+0000][1][safepoint    ] Safepoint "RevokeBias", Time since last: 139392 ns, Reaching safepoint: 13828 ns, At safepoint: 13739 ns, Total: 27567 ns
[2020-09-11T16:55:09.747+0000][1][safepoint    ] Safepoint "RevokeBias", Time since last: 34113 ns, Reaching safepoint: 12068 ns, At safepoint: 13169 ns, Total: 25237 ns
[2020-09-11T16:55:09.756+0000][1][safepoint    ] Safepoint "RevokeBias", Time since last: 9591869 ns, Reaching safepoint: 26831 ns, At safepoint: 24078 ns, Total: 50909 ns
[2020-09-11T16:55:09.769+0000][1][safepoint    ] Safepoint "RevokeBias", Time since last: 5109060 ns, Reaching safepoint: 7285233 ns, At safepoint: 22166 ns, Total: 7307399 ns
[2020-09-11T16:55:09.769+0000][1][safepoint    ] Safepoint "RevokeBias", Time since last: 136491 ns, Reaching safepoint: 82574 ns, At safepoint: 16050 ns, Total: 98624 ns
[2020-09-11T16:55:09.795+0000][1][safepoint    ] Safepoint "Deoptimize", Time since last: 12664505 ns, Reaching safepoint: 12206412 ns, At safepoint: 1426560 ns, Total: 13632972 ns
[2020-09-11T16:55:09.834+0000][1][safepoint    ] Safepoint "RevokeBias", Time since last: 25743313 ns, Reaching safepoint: 12902071 ns, At safepoint: 22845 ns, Total: 12924916 ns
[2020-09-11T16:55:09.845+0000][1][safepoint    ] Safepoint "RevokeBias", Time since last: 10808249 ns, Reaching safepoint: 121292 ns, At safepoint: 42706 ns, Total: 163998 ns
[2020-09-11T16:55:09.845+0000][1][safepoint    ] Safepoint "RevokeBias", Time since last: 87303 ns, Reaching safepoint: 83033 ns, At safepoint: 27842 ns, Total: 110875 ns
[2020-09-11T16:55:09.889+0000][1][safepoint    ] Safepoint "RevokeBias", Time since last: 31591450 ns, Reaching safepoint: 12125401 ns, At safepoint: 161063 ns, Total: 12286464 ns
[2020-09-11T16:55:09.889+0000][1][safepoint    ] Safepoint "RevokeBias", Time since last: 84821 ns, Reaching safepoint: 85706 ns, At safepoint: 21603 ns, Total: 107309 ns
[2020-09-11T16:55:09.912+0000][1][gc           ] GC(63) Concurrent Abortable Preclean 5009.230ms
[2020-09-11T16:55:09.912+0000][1][gc,cpu       ] GC(63) User=1.74s Sys=0.02s Real=5.00s
[2020-09-11T16:55:09.965+0000][1][gc,start     ] GC(63) Pause Remark
[2020-09-11T16:55:10.038+0000][1][gc           ] GC(63) Pause Remark 89M->89M(2039M) 72.912ms
[2020-09-11T16:55:10.038+0000][1][gc,cpu       ] GC(63) User=0.03s Sys=0.00s Real=0.07s
[2020-09-11T16:55:10.088+0000][1][safepoint    ] Safepoint "CMS_Final_Remark", Time since last: 59543935 ns, Reaching safepoint: 15989279 ns, At safepoint: 123412680 ns, Total: 139401959 ns
[2020-09-11T16:55:10.088+0000][1][gc           ] GC(63) Concurrent Sweep
[2020-09-11T16:55:10.108+0000][1][safepoint    ] Safepoint "RevokeBias", Time since last: 17616753 ns, Reaching safepoint: 1625073 ns, At safepoint: 39777 ns, Total: 1664850 ns
[2020-09-11T16:55:10.108+0000][1][safepoint    ] Safepoint "RevokeBias", Time since last: 470532 ns, Reaching safepoint: 88753 ns, At safepoint: 22376 ns, Total: 111129 ns
[2020-09-11T16:55:10.108+0000][1][safepoint    ] Safepoint "RevokeBias", Time since last: 72228 ns, Reaching safepoint: 80507 ns, At safepoint: 19869 ns, Total: 100376 ns
[2020-09-11T16:55:10.113+0000][1][safepoint    ] Safepoint "RevokeBias", Time since last: 4592412 ns, Reaching safepoint: 87912 ns, At safepoint: 49578 ns, Total: 137490 ns
[2020-09-11T16:55:10.113+0000][1][safepoint    ] Safepoint "RevokeBias", Time since last: 56360 ns, Reaching safepoint: 81016 ns, At safepoint: 26792 ns, Total: 107808 ns
[2020-09-11T16:55:10.113+0000][1][safepoint    ] Safepoint "RevokeBias", Time since last: 47697 ns, Reaching safepoint: 80326 ns, At safepoint: 26299 ns, Total: 106625 ns
[2020-09-11T16:55:10.117+0000][1][safepoint    ] Safepoint "RevokeBias", Time since last: 1200963 ns, Reaching safepoint: 2294419 ns, At safepoint: 35468 ns, Total: 2329887 ns
[2020-09-11T16:55:10.117+0000][1][safepoint    ] Safepoint "RevokeBias", Time since last: 86305 ns, Reaching safepoint: 83442 ns, At safepoint: 18710 ns, Total: 102152 ns
[2020-09-11T16:55:10.118+0000][1][safepoint    ] Safepoint "RevokeBias", Time since last: 1244233 ns, Reaching safepoint: 93677 ns, At safepoint: 20343 ns, Total: 114020 ns
[2020-09-11T16:55:10.134+0000][1][safepoint    ] Safepoint "RevokeBias", Time since last: 9776948 ns, Reaching safepoint: 5570703 ns, At safepoint: 46834 ns, Total: 5617537 ns
[2020-09-11T16:55:10.137+0000][1][safepoint    ] Safepoint "RevokeBias", Time since last: 3033215 ns, Reaching safepoint: 104041 ns, At safepoint: 40783 ns, Total: 144824 ns
[2020-09-11T16:55:10.217+0000][1][safepoint    ] Safepoint "RevokeBias", Time since last: 38010524 ns, Reaching safepoint: 41844913 ns, At safepoint: 28220 ns, Total: 41873133 ns
[2020-09-11T16:55:10.245+0000][1][safepoint    ] Safepoint "RevokeBias", Time since last: 20027484 ns, Reaching safepoint: 7937216 ns, At safepoint: 38192 ns, Total: 7975408 ns
[2020-09-11T16:55:10.280+0000][1][gc           ] GC(63) Concurrent Sweep 191.702ms
[2020-09-11T16:55:10.280+0000][1][gc,cpu       ] GC(63) User=0.07s Sys=0.01s Real=0.19s
[2020-09-11T16:55:10.284+0000][1][safepoint    ] Safepoint "CollectForMetadataAllocation", Time since last: 38267166 ns, Reaching safepoint: 426302 ns, At safepoint: 119173 ns, Total: 545475 ns
[2020-09-11T16:55:10.291+0000][1][gc           ] GC(63) Concurrent Reset
[2020-09-11T16:55:10.311+0000][1][gc           ] GC(63) Concurrent Reset 19.541ms
[2020-09-11T16:55:10.311+0000][1][gc,cpu       ] GC(63) User=0.01s Sys=0.00s Real=0.02s
[2020-09-11T16:55:10.311+0000][1][gc,heap      ] GC(63) Old: 56677K->55724K(2011968K)
[2020-09-11T16:55:10.401+0000][1][safepoint    ] Safepoint "RevokeBias", Time since last: 114558182 ns, Reaching safepoint: 2599549 ns, At safepoint: 45540 ns, Total: 2645089 ns
[2020-09-11T16:55:10.401+0000][1][safepoint    ] Safepoint "RevokeBias", Time since last: 81615 ns, Reaching safepoint: 276458 ns, At safepoint: 36196 ns, Total: 312654 ns
[2020-09-11T16:55:10.405+0000][1][safepoint    ] Safepoint "RevokeBias", Time since last: 161633 ns, Reaching safepoint: 3394573 ns, At safepoint: 41766 ns, Total: 3436339 ns
[2020-09-11T16:55:10.405+0000][1][safepoint    ] Safepoint "RevokeBias", Time since last: 323891 ns, Reaching safepoint: 99500 ns, At safepoint: 34712 ns, Total: 134212 ns
[2020-09-11T16:55:10.406+0000][1][safepoint    ] Safepoint "RevokeBias", Time since last: 85420 ns, Reaching safepoint: 166502 ns, At safepoint: 32659 ns, Total: 199161 ns
[2020-09-11T16:55:10.406+0000][1][safepoint    ] Safepoint "RevokeBias", Time since last: 50273 ns, Reaching safepoint: 92480 ns, At safepoint: 27003 ns, Total: 119483 ns
[2020-09-11T16:55:10.406+0000][1][safepoint    ] Safepoint "RevokeBias", Time since last: 537300 ns, Reaching safepoint: 133518 ns, At safepoint: 25658 ns, Total: 159176 ns
[2020-09-11T16:55:10.407+0000][1][safepoint    ] Safepoint "RevokeBias", Time since last: 165350 ns, Reaching safepoint: 89153 ns, At safepoint: 22173 ns, Total: 111326 ns
[2020-09-11T16:55:10.407+0000][1][safepoint    ] Safepoint "RevokeBias", Time since last: 39589 ns, Reaching safepoint: 87276 ns, At safepoint: 29109 ns, Total: 116385 ns
[2020-09-11T16:55:10.407+0000][1][safepoint    ] Safepoint "RevokeBias", Time since last: 91407 ns, Reaching safepoint: 97236 ns, At safepoint: 33287 ns, Total: 130523 ns
[2020-09-11T16:55:10.407+0000][1][safepoint    ] Safepoint "RevokeBias", Time since last: 115589 ns, Reaching safepoint: 95219 ns, At safepoint: 31113 ns, Total: 126332 ns
[2020-09-11T16:55:10.408+0000][1][safepoint    ] Safepoint "RevokeBias", Time since last: 37332 ns, Reaching safepoint: 230718 ns, At safepoint: 40112 ns, Total: 270830 ns
[2020-09-11T16:55:10.408+0000][1][safepoint    ] Safepoint "RevokeBias", Time since last: 94822 ns, Reaching safepoint: 91613 ns, At safepoint: 36872 ns, Total: 128485 ns
[2020-09-11T16:55:10.409+0000][1][safepoint    ] Safepoint "RevokeBias", Time since last: 246218 ns, Reaching safepoint: 646912 ns, At safepoint: 21297 ns, Total: 668209 ns
[2020-09-11T16:55:10.409+0000][1][safepoint    ] Safepoint "RevokeBias", Time since last: 107729 ns, Reaching safepoint: 85814 ns, At safepoint: 18843 ns, Total: 104657 ns
[2020-09-11T16:55:10.409+0000][1][safepoint    ] Safepoint "RevokeBias", Time since last: 79089 ns, Reaching safepoint: 86437 ns, At safepoint: 38538 ns, Total: 124975 ns
[2020-09-11T16:55:10.413+0000][1][safepoint    ] Safepoint "RevokeBias", Time since last: 750377 ns, Reaching safepoint: 2807543 ns, At safepoint: 40727 ns, Total: 2848270 ns
[2020-09-11T16:55:10.413+0000][1][safepoint    ] Safepoint "RevokeBias", Time since last: 38154 ns, Reaching safepoint: 89618 ns, At safepoint: 35367 ns, Total: 124985 ns
[2020-09-11T16:55:10.455+0000][1][safepoint    ] Safepoint "RevokeBias", Time since last: 41819232 ns, Reaching safepoint: 116591 ns, At safepoint: 47353 ns, Total: 163944 ns
[2020-09-11T16:55:10.573+0000][1][safepoint    ] Safepoint "RevokeBias", Time since last: 117820943 ns, Reaching safepoint: 132008 ns, At safepoint: 59029 ns, Total: 191037 ns
[2020-09-11T16:55:10.573+0000][1][safepoint    ] Safepoint "RevokeBias", Time since last: 96391 ns, Reaching safepoint: 91829 ns, At safepoint: 41410 ns, Total: 133239 ns
[2020-09-11T16:55:10.573+0000][1][safepoint    ] Safepoint "RevokeBias", Time since last: 34510 ns, Reaching safepoint: 86125 ns, At safepoint: 39353 ns, Total: 125478 ns
[2020-09-11T16:55:10.574+0000][1][safepoint    ] Safepoint "RevokeBias", Time since last: 32891 ns, Reaching safepoint: 86409 ns, At safepoint: 38685 ns, Total: 125094 ns
[2020-09-11T16:55:10.574+0000][1][safepoint    ] Safepoint "RevokeBias", Time since last: 30903 ns, Reaching safepoint: 85477 ns, At safepoint: 37057 ns, Total: 122534 ns
[2020-09-11T16:55:10.574+0000][1][safepoint    ] Safepoint "RevokeBias", Time since last: 231395 ns, Reaching safepoint: 87009 ns, At safepoint: 36682 ns, Total: 123691 ns
[2020-09-11T16:55:10.577+0000][1][safepoint    ] Safepoint "RevokeBias", Time since last: 32655 ns, Reaching safepoint: 2699607 ns, At safepoint: 37071 ns, Total: 2736678 ns
[2020-09-11T16:55:10.577+0000][1][safepoint    ] Safepoint "RevokeBias", Time since last: 33844 ns, Reaching safepoint: 85983 ns, At safepoint: 36870 ns, Total: 122853 ns
[2020-09-11T16:55:10.680+0000][1][safepoint    ] Safepoint "RevokeBias", Time since last: 99840239 ns, Reaching safepoint: 2937636 ns, At safepoint: 33921 ns, Total: 2971557 ns
[2020-09-11T16:55:10.681+0000][1][safepoint    ] Safepoint "RevokeBias", Time since last: 1016430 ns, Reaching safepoint: 276879 ns, At safepoint: 26258 ns, Total: 303137 ns
[2020-09-11T16:55:10.730+0000][1][safepoint    ] Safepoint "RevokeBias", Time since last: 48695891 ns, Reaching safepoint: 119508 ns, At safepoint: 31045 ns, Total: 150553 ns
[2020-09-11T16:55:10.730+0000][1][safepoint    ] Safepoint "RevokeBias", Time since last: 70682 ns, Reaching safepoint: 93365 ns, At safepoint: 19715 ns, Total: 113080 ns
[2020-09-11T16:55:10.730+0000][1][safepoint    ] Safepoint "RevokeBias", Time since last: 56616 ns, Reaching safepoint: 85498 ns, At safepoint: 20132 ns, Total: 105630 ns
[2020-09-11T16:55:10.730+0000][1][safepoint    ] Safepoint "RevokeBias", Time since last: 54839 ns, Reaching safepoint: 85406 ns, At safepoint: 19006 ns, Total: 104412 ns
[2020-09-11T16:55:10.944+0000][1][safepoint    ] Safepoint "RevokeBias", Time since last: 213385140 ns, Reaching safepoint: 130646 ns, At safepoint: 41665 ns, Total: 172311 ns
[2020-09-11T16:55:11.325+0000][1][safepoint    ] Safepoint "RevokeBias", Time since last: 380780276 ns, Reaching safepoint: 275859 ns, At safepoint: 43427 ns, Total: 319286 ns
[2020-09-11T16:55:11.362+0000][1][safepoint    ] Safepoint "RevokeBias", Time since last: 36671928 ns, Reaching safepoint: 44982 ns, At safepoint: 24623 ns, Total: 69605 ns
[2020-09-11T16:55:11.363+0000][1][safepoint    ] Safepoint "RevokeBias", Time since last: 943920 ns, Reaching safepoint: 19226 ns, At safepoint: 19391 ns, Total: 38617 ns
[2020-09-11T16:55:11.415+0000][1][safepoint    ] Safepoint "BulkRevokeBias", Time since last: 52400902 ns, Reaching safepoint: 37756 ns, At safepoint: 91666 ns, Total: 129422 ns
[2020-09-11T16:55:11.418+0000][1][safepoint    ] Safepoint "RevokeBias", Time since last: 1655743 ns, Reaching safepoint: 565725 ns, At safepoint: 34006 ns, Total: 599731 ns
[2020-09-11T16:55:11.418+0000][1][safepoint    ] Safepoint "RevokeBias", Time since last: 60523 ns, Reaching safepoint: 90732 ns, At safepoint: 26650 ns, Total: 117382 ns
[2020-09-11T16:55:11.436+0000][1][safepoint    ] Safepoint "RevokeBias", Time since last: 16971466 ns, Reaching safepoint: 1133011 ns, At safepoint: 26289 ns, Total: 1159300 ns
[2020-09-11T16:55:11.436+0000][1][safepoint    ] Safepoint "RevokeBias", Time since last: 62186 ns, Reaching safepoint: 93699 ns, At safepoint: 17803 ns, Total: 111502 ns
[2020-09-11T16:55:11.464+0000][1][safepoint    ] Safepoint "RevokeBias", Time since last: 27682969 ns, Reaching safepoint: 126555 ns, At safepoint: 66211 ns, Total: 192766 ns
[2020-09-11T16:55:11.657+0000][1][gc,start     ] GC(65) Pause Young (Allocation Failure)
[2020-09-11T16:55:11.657+0000][1][gc,task      ] GC(65) Using 1 workers of 1 for evacuation
[2020-09-11T16:55:11.738+0000][1][gc,age       ] GC(65) Desired survivor size 4358144 bytes, new threshold 2 (max threshold 6)
[2020-09-11T16:55:11.738+0000][1][gc,age       ] GC(65) Age table with threshold 2 (max threshold 6)
[2020-09-11T16:55:11.738+0000][1][gc,age       ] GC(65) - age   1:    1904392 bytes,    1904392 total
[2020-09-11T16:55:11.738+0000][1][gc,age       ] GC(65) - age   2:    3483584 bytes,    5387976 total
[2020-09-11T16:55:11.738+0000][1][gc,heap      ] GC(65) ParNew: 75989K->6142K(76672K)
[2020-09-11T16:55:11.738+0000][1][gc,heap      ] GC(65) CMS: 55724K->75515K(2011968K)
[2020-09-11T16:55:11.738+0000][1][gc,metaspace ] GC(65) Metaspace: 72748K->72748K(1116160K)
[2020-09-11T16:55:11.738+0000][1][gc           ] GC(65) Pause Young (Allocation Failure) 128M->79M(2039M) 81.199ms
[2020-09-11T16:55:11.738+0000][1][gc,cpu       ] GC(65) User=0.04s Sys=0.00s Real=0.08s
[2020-09-11T16:55:11.746+0000][1][safepoint    ] Safepoint "GenCollectForAllocation", Time since last: 191810189 ns, Reaching safepoint: 1029782 ns, At safepoint: 88889820 ns, Total: 89919602 ns
[2020-09-11T16:55:11.824+0000][1][safepoint    ] Safepoint "RevokeBias", Time since last: 75293021 ns, Reaching safepoint: 3324374 ns, At safepoint: 36930 ns, Total: 3361304 ns
[2020-09-11T16:55:11.825+0000][1][safepoint    ] Safepoint "RevokeBias", Time since last: 67239 ns, Reaching safepoint: 87309 ns, At safepoint: 20068 ns, Total: 107377 ns
[2020-09-11T16:55:11.841+0000][1][safepoint    ] Safepoint "RevokeBias", Time since last: 16749882 ns, Reaching safepoint: 138871 ns, At safepoint: 25088 ns, Total: 163959 ns
[2020-09-11T16:55:11.853+0000][1][safepoint    ] Safepoint "RevokeBias", Time since last: 10081766 ns, Reaching safepoint: 1273735 ns, At safepoint: 33153 ns, Total: 1306888 ns
[2020-09-11T16:55:11.855+0000][1][safepoint    ] Safepoint "RevokeBias", Time since last: 325198 ns, Reaching safepoint: 1527790 ns, At safepoint: 26242 ns, Total: 1554032 ns
[2020-09-11T16:55:11.857+0000][1][safepoint    ] Safepoint "RevokeBias", Time since last: 66562 ns, Reaching safepoint: 2032071 ns, At safepoint: 27926 ns, Total: 2059997 ns
[2020-09-11T16:55:11.861+0000][1][safepoint    ] Safepoint "RevokeBias", Time since last: 1731922 ns, Reaching safepoint: 2221219 ns, At safepoint: 22669 ns, Total: 2243888 ns
[2020-09-11T16:55:11.905+0000][1][safepoint    ] Safepoint "RevokeBias", Time since last: 22186611 ns, Reaching safepoint: 22060881 ns, At safepoint: 33822 ns, Total: 22094703 ns
[2020-09-11T16:55:11.911+0000][1][safepoint    ] Safepoint "RevokeBias", Time since last: 6053184 ns, Reaching safepoint: 252256 ns, At safepoint: 21350 ns, Total: 273606 ns
[2020-09-11T16:55:11.913+0000][1][safepoint    ] Safepoint "RevokeBias", Time since last: 687069 ns, Reaching safepoint: 683633 ns, At safepoint: 15725 ns, Total: 699358 ns
[2020-09-11T16:55:11.933+0000][1][safepoint    ] Safepoint "RevokeBias", Time since last: 16093261 ns, Reaching safepoint: 3819768 ns, At safepoint: 51418 ns, Total: 3871186 ns
[2020-09-11T16:55:11.935+0000][1][safepoint    ] Safepoint "RevokeBias", Time since last: 1986408 ns, Reaching safepoint: 139662 ns, At safepoint: 21045 ns, Total: 160707 ns
[2020-09-11T16:55:11.935+0000][1][safepoint    ] Safepoint "RevokeBias", Time since last: 53044 ns, Reaching safepoint: 95547 ns, At safepoint: 15053 ns, Total: 110600 ns
[2020-09-11T16:55:11.935+0000][1][safepoint    ] Safepoint "RevokeBias", Time since last: 60799 ns, Reaching safepoint: 91311 ns, At safepoint: 13858 ns, Total: 105169 ns
[2020-09-11T16:55:11.962+0000][1][safepoint    ] Safepoint "RevokeBias", Time since last: 26724972 ns, Reaching safepoint: 84865 ns, At safepoint: 19461 ns, Total: 104326 ns
[2020-09-11T16:55:11.985+0000][1][safepoint    ] Safepoint "RevokeBias", Time since last: 22748053 ns, Reaching safepoint: 123730 ns, At safepoint: 24319 ns, Total: 148049 ns
[2020-09-11T16:55:12.013+0000][1][safepoint    ] Safepoint "RevokeBias", Time since last: 27826924 ns, Reaching safepoint: 130078 ns, At safepoint: 37553 ns, Total: 167631 ns
[2020-09-11T16:55:12.014+0000][1][safepoint    ] Safepoint "RevokeBias", Time since last: 473128 ns, Reaching safepoint: 88382 ns, At safepoint: 23642 ns, Total: 112024 ns
[2020-09-11T16:55:12.014+0000][1][safepoint    ] Safepoint "RevokeBias", Time since last: 42986 ns, Reaching safepoint: 83261 ns, At safepoint: 26108 ns, Total: 109369 ns
[2020-09-11T16:55:12.064+0000][1][safepoint    ] Safepoint "RevokeBias", Time since last: 49575197 ns, Reaching safepoint: 385428 ns, At safepoint: 51026 ns, Total: 436454 ns
[2020-09-11T16:55:12.193+0000][1][safepoint    ] Safepoint "RevokeBias", Time since last: 129057557 ns, Reaching safepoint: 117609 ns, At safepoint: 16914 ns, Total: 134523 ns
[2020-09-11T16:55:12.193+0000][1][safepoint    ] Safepoint "RevokeBias", Time since last: 374086 ns, Reaching safepoint: 14481 ns, At safepoint: 9700 ns, Total: 24181 ns
[2020-09-11T16:55:12.193+0000][1][safepoint    ] Safepoint "RevokeBias", Time since last: 68494 ns, Reaching safepoint: 13062 ns, At safepoint: 8140 ns, Total: 21202 ns
[2020-09-11T16:55:12.193+0000][1][safepoint    ] Safepoint "RevokeBias", Time since last: 48391 ns, Reaching safepoint: 12590 ns, At safepoint: 10842 ns, Total: 23432 ns
[2020-09-11T16:55:12.197+0000][1][safepoint    ] Safepoint "RevokeBias", Time since last: 3016327 ns, Reaching safepoint: 33081 ns, At safepoint: 13093 ns, Total: 46174 ns
[2020-09-11T16:55:12.197+0000][1][safepoint    ] Safepoint "RevokeBias", Time since last: 326617 ns, Reaching safepoint: 86171 ns, At safepoint: 13530 ns, Total: 99701 ns
[2020-09-11T16:55:12.388+0000][1][safepoint    ] Safepoint "RevokeBias", Time since last: 190583461 ns, Reaching safepoint: 124531 ns, At safepoint: 19880 ns, Total: 144411 ns
[2020-09-11T16:55:12.613+0000][1][safepoint    ] Safepoint "RevokeBias", Time since last: 224260485 ns, Reaching safepoint: 749476 ns, At safepoint: 22091 ns, Total: 771567 ns
[2020-09-11T16:55:12.633+0000][1][safepoint    ] Safepoint "RevokeBias", Time since last: 15896688 ns, Reaching safepoint: 4191628 ns, At safepoint: 22839 ns, Total: 4214467 ns
[2020-09-11T16:55:12.829+0000][1][safepoint    ] Safepoint "RevokeBias", Time since last: 184283428 ns, Reaching safepoint: 11695209 ns, At safepoint: 25457 ns, Total: 11720666 ns
[2020-09-11T16:55:12.858+0000][1][safepoint    ] Safepoint "RevokeBias", Time since last: 29055621 ns, Reaching safepoint: 115753 ns, At safepoint: 19528 ns, Total: 135281 ns
[2020-09-11T16:55:12.884+0000][1][safepoint    ] Safepoint "RevokeBias", Time since last: 25740158 ns, Reaching safepoint: 111255 ns, At safepoint: 26821 ns, Total: 138076 ns
[2020-09-11T16:55:13.007+0000][1][safepoint    ] Safepoint "RevokeBias", Time since last: 122469609 ns, Reaching safepoint: 598651 ns, At safepoint: 24133 ns, Total: 622784 ns
[2020-09-11T16:55:13.038+0000][1][safepoint    ] Safepoint "RevokeBias", Time since last: 30557973 ns, Reaching safepoint: 108068 ns, At safepoint: 27805 ns, Total: 135873 ns
[2020-09-11T16:55:13.049+0000][1][safepoint    ] Safepoint "RevokeBias", Time since last: 11577689 ns, Reaching safepoint: 115448 ns, At safepoint: 16787 ns, Total: 132235 ns
[2020-09-11T16:55:13.050+0000][1][safepoint    ] Safepoint "RevokeBias", Time since last: 326785 ns, Reaching safepoint: 85609 ns, At safepoint: 10654 ns, Total: 96263 ns
[2020-09-11T16:55:13.050+0000][1][safepoint    ] Safepoint "RevokeBias", Time since last: 223736 ns, Reaching safepoint: 84674 ns, At safepoint: 9888 ns, Total: 94562 ns
[2020-09-11T16:55:13.050+0000][1][safepoint    ] Safepoint "RevokeBias", Time since last: 75124 ns, Reaching safepoint: 85067 ns, At safepoint: 9780 ns, Total: 94847 ns
[2020-09-11T16:55:13.051+0000][1][safepoint    ] Safepoint "RevokeBias", Time since last: 127110 ns, Reaching safepoint: 84564 ns, At safepoint: 9943 ns, Total: 94507 ns
[2020-09-11T16:55:13.051+0000][1][safepoint    ] Safepoint "RevokeBias", Time since last: 73172 ns, Reaching safepoint: 84000 ns, At safepoint: 9179 ns, Total: 93179 ns
[2020-09-11T16:55:13.051+0000][1][safepoint    ] Safepoint "RevokeBias", Time since last: 420233 ns, Reaching safepoint: 89710 ns, At safepoint: 12455 ns, Total: 102165 ns
[2020-09-11T16:55:13.051+0000][1][safepoint    ] Safepoint "RevokeBias", Time since last: 93190 ns, Reaching safepoint: 84402 ns, At safepoint: 9661 ns, Total: 94063 ns
[2020-09-11T16:55:13.052+0000][1][safepoint    ] Safepoint "RevokeBias", Time since last: 133097 ns, Reaching safepoint: 83834 ns, At safepoint: 9409 ns, Total: 93243 ns
[2020-09-11T16:55:13.052+0000][1][safepoint    ] Safepoint "RevokeBias", Time since last: 73155 ns, Reaching safepoint: 83848 ns, At safepoint: 9247 ns, Total: 93095 ns
[2020-09-11T16:55:13.052+0000][1][safepoint    ] Safepoint "RevokeBias", Time since last: 122336 ns, Reaching safepoint: 84192 ns, At safepoint: 9443 ns, Total: 93635 ns
[2020-09-11T16:55:13.052+0000][1][safepoint    ] Safepoint "RevokeBias", Time since last: 307425 ns, Reaching safepoint: 85188 ns, At safepoint: 10324 ns, Total: 95512 ns
[2020-09-11T16:55:13.053+0000][1][safepoint    ] Safepoint "RevokeBias", Time since last: 139525 ns, Reaching safepoint: 84080 ns, At safepoint: 10597 ns, Total: 94677 ns
[2020-09-11T16:55:13.068+0000][1][safepoint    ] Safepoint "RevokeBias", Time since last: 15322234 ns, Reaching safepoint: 122385 ns, At safepoint: 15932 ns, Total: 138317 ns
[2020-09-11T16:55:13.069+0000][1][safepoint    ] Safepoint "RevokeBias", Time since last: 1057054 ns, Reaching safepoint: 96876 ns, At safepoint: 11551 ns, Total: 108427 ns
[2020-09-11T16:55:13.070+0000][1][safepoint    ] Safepoint "RevokeBias", Time since last: 553417 ns, Reaching safepoint: 90077 ns, At safepoint: 11197 ns, Total: 101274 ns
[2020-09-11T16:55:13.079+0000][1][safepoint    ] Safepoint "RevokeBias", Time since last: 9086019 ns, Reaching safepoint: 107521 ns, At safepoint: 12509 ns, Total: 120030 ns
[2020-09-11T16:55:13.083+0000][1][safepoint    ] Safepoint "RevokeBias", Time since last: 3703959 ns, Reaching safepoint: 113657 ns, At safepoint: 15486 ns, Total: 129143 ns
[2020-09-11T16:55:13.084+0000][1][safepoint    ] Safepoint "RevokeBias", Time since last: 616783 ns, Reaching safepoint: 89491 ns, At safepoint: 10550 ns, Total: 100041 ns
[2020-09-11T16:55:13.098+0000][1][safepoint    ] Safepoint "RevokeBias", Time since last: 14416135 ns, Reaching safepoint: 122849 ns, At safepoint: 16400 ns, Total: 139249 ns
[2020-09-11T16:55:13.112+0000][1][safepoint    ] Safepoint "RevokeBias", Time since last: 13785951 ns, Reaching safepoint: 111447 ns, At safepoint: 14411 ns, Total: 125858 ns
[2020-09-11T16:55:13.116+0000][1][safepoint    ] Safepoint "RevokeBias", Time since last: 4093177 ns, Reaching safepoint: 113854 ns, At safepoint: 15298 ns, Total: 129152 ns
[2020-09-11T16:55:13.120+0000][1][safepoint    ] Safepoint "RevokeBias", Time since last: 3932390 ns, Reaching safepoint: 116125 ns, At safepoint: 16352 ns, Total: 132477 ns
[2020-09-11T16:55:13.161+0000][1][safepoint    ] Safepoint "RevokeBias", Time since last: 28375263 ns, Reaching safepoint: 11995585 ns, At safepoint: 34217 ns, Total: 12029802 ns
[2020-09-11T16:55:13.161+0000][1][safepoint    ] Safepoint "RevokeBias", Time since last: 220073 ns, Reaching safepoint: 98554 ns, At safepoint: 11394 ns, Total: 109948 ns
[2020-09-11T16:55:13.162+0000][1][safepoint    ] Safepoint "RevokeBias", Time since last: 814263 ns, Reaching safepoint: 89563 ns, At safepoint: 10655 ns, Total: 100218 ns
[2020-09-11T16:55:13.162+0000][1][safepoint    ] Safepoint "RevokeBias", Time since last: 95509 ns, Reaching safepoint: 85222 ns, At safepoint: 9746 ns, Total: 94968 ns
[2020-09-11T16:55:13.163+0000][1][safepoint    ] Safepoint "RevokeBias", Time since last: 156225 ns, Reaching safepoint: 86562 ns, At safepoint: 9553 ns, Total: 96115 ns
[2020-09-11T16:55:13.163+0000][1][safepoint    ] Safepoint "RevokeBias", Time since last: 73409 ns, Reaching safepoint: 84209 ns, At safepoint: 9334 ns, Total: 93543 ns
[2020-09-11T16:55:13.163+0000][1][safepoint    ] Safepoint "RevokeBias", Time since last: 127053 ns, Reaching safepoint: 83948 ns, At safepoint: 9309 ns, Total: 93257 ns
[2020-09-11T16:55:13.163+0000][1][safepoint    ] Safepoint "RevokeBias", Time since last: 72380 ns, Reaching safepoint: 83877 ns, At safepoint: 9268 ns, Total: 93145 ns
[2020-09-11T16:55:13.163+0000][1][safepoint    ] Safepoint "RevokeBias", Time since last: 130061 ns, Reaching safepoint: 84331 ns, At safepoint: 9418 ns, Total: 93749 ns
[2020-09-11T16:55:13.164+0000][1][safepoint    ] Safepoint "RevokeBias", Time since last: 746897 ns, Reaching safepoint: 97718 ns, At safepoint: 12244 ns, Total: 109962 ns
[2020-09-11T16:55:13.165+0000][1][safepoint    ] Safepoint "RevokeBias", Time since last: 370212 ns, Reaching safepoint: 85992 ns, At safepoint: 10334 ns, Total: 96326 ns
[2020-09-11T16:55:13.188+0000][1][safepoint    ] Safepoint "RevokeBias", Time since last: 17081690 ns, Reaching safepoint: 6552996 ns, At safepoint: 24560 ns, Total: 6577556 ns
[2020-09-11T16:55:13.191+0000][1][safepoint    ] Safepoint "RevokeBias", Time since last: 2230537 ns, Reaching safepoint: 98368 ns, At safepoint: 13921 ns, Total: 112289 ns
[2020-09-11T16:55:13.195+0000][1][safepoint    ] Safepoint "RevokeBias", Time since last: 4016573 ns, Reaching safepoint: 114386 ns, At safepoint: 16723 ns, Total: 131109 ns
[2020-09-11T16:55:13.196+0000][1][safepoint    ] Safepoint "RevokeBias", Time since last: 627074 ns, Reaching safepoint: 90680 ns, At safepoint: 11915 ns, Total: 102595 ns
[2020-09-11T16:55:13.427+0000][1][safepoint    ] Safepoint "RevokeBias", Time since last: 231619839 ns, Reaching safepoint: 125966 ns, At safepoint: 49756 ns, Total: 175722 ns
[2020-09-11T16:55:13.585+0000][1][safepoint    ] Safepoint "RevokeBias", Time since last: 157476750 ns, Reaching safepoint: 134456 ns, At safepoint: 19794 ns, Total: 154250 ns
[2020-09-11T16:55:13.681+0000][1][safepoint    ] Safepoint "RevokeBias", Time since last: 96203964 ns, Reaching safepoint: 114657 ns, At safepoint: 39203 ns, Total: 153860 ns
[2020-09-11T16:55:13.685+0000][1][safepoint    ] Safepoint "RevokeBias", Time since last: 566101 ns, Reaching safepoint: 2946036 ns, At safepoint: 52184 ns, Total: 2998220 ns
[2020-09-11T16:55:13.898+0000][1][safepoint    ] Safepoint "RevokeBias", Time since last: 212904909 ns, Reaching safepoint: 586378 ns, At safepoint: 14695 ns, Total: 601073 ns
[2020-09-11T16:55:13.909+0000][1][safepoint    ] Safepoint "BulkRevokeBias", Time since last: 10507242 ns, Reaching safepoint: 160782 ns, At safepoint: 144562 ns, Total: 305344 ns
[2020-09-11T16:55:13.910+0000][1][safepoint    ] Safepoint "RevokeBias", Time since last: 672814 ns, Reaching safepoint: 91760 ns, At safepoint: 11212 ns, Total: 102972 ns
[2020-09-11T16:55:13.982+0000][1][safepoint    ] Safepoint "BulkRevokeBias", Time since last: 58747353 ns, Reaching safepoint: 13367727 ns, At safepoint: 175183 ns, Total: 13542910 ns
[2020-09-11T16:55:13.984+0000][1][safepoint    ] Safepoint "RevokeBias", Time since last: 1490164 ns, Reaching safepoint: 106256 ns, At safepoint: 41593 ns, Total: 147849 ns
[2020-09-11T16:55:13.993+0000][1][safepoint    ] Safepoint "RevokeBias", Time since last: 8904696 ns, Reaching safepoint: 110590 ns, At safepoint: 36628 ns, Total: 147218 ns
[2020-09-11T16:55:14.573+0000][1][safepoint    ] Safepoint "RevokeBias", Time since last: 580327868 ns, Reaching safepoint: 124012 ns, At safepoint: 33266 ns, Total: 157278 ns
[2020-09-11T16:55:14.581+0000][1][safepoint    ] Safepoint "RevokeBias", Time since last: 7345628 ns, Reaching safepoint: 107153 ns, At safepoint: 19524 ns, Total: 126677 ns
[2020-09-11T16:55:14.581+0000][1][safepoint    ] Safepoint "RevokeBias", Time since last: 195817 ns, Reaching safepoint: 85988 ns, At safepoint: 16987 ns, Total: 102975 ns
[2020-09-11T16:55:14.589+0000][1][safepoint    ] Safepoint "RevokeBias", Time since last: 4142884 ns, Reaching safepoint: 3459234 ns, At safepoint: 48719 ns, Total: 3507953 ns
[2020-09-11T16:55:14.621+0000][1][safepoint    ] Safepoint "RevokeBias", Time since last: 32046502 ns, Reaching safepoint: 116357 ns, At safepoint: 14977 ns, Total: 131334 ns
[2020-09-11T16:55:14.997+0000][1][safepoint    ] Safepoint "RevokeBias", Time since last: 368964674 ns, Reaching safepoint: 6822939 ns, At safepoint: 46762 ns, Total: 6869701 ns
[2020-09-11T16:55:15.005+0000][1][safepoint    ] Safepoint "RevokeBias", Time since last: 8095308 ns, Reaching safepoint: 108686 ns, At safepoint: 20392 ns, Total: 129078 ns
[2020-09-11T16:55:15.006+0000][1][safepoint    ] Safepoint "RevokeBias", Time since last: 822262 ns, Reaching safepoint: 91504 ns, At safepoint: 14899 ns, Total: 106403 ns
[2020-09-11T16:55:15.006+0000][1][safepoint    ] Safepoint "RevokeBias", Time since last: 123055 ns, Reaching safepoint: 86793 ns, At safepoint: 10398 ns, Total: 97191 ns
[2020-09-11T16:55:15.006+0000][1][safepoint    ] Safepoint "RevokeBias", Time since last: 85639 ns, Reaching safepoint: 83141 ns, At safepoint: 9600 ns, Total: 92741 ns
[2020-09-11T16:55:15.007+0000][1][safepoint    ] Safepoint "RevokeBias", Time since last: 120184 ns, Reaching safepoint: 85310 ns, At safepoint: 10169 ns, Total: 95479 ns
[2020-09-11T16:55:15.013+0000][1][safepoint    ] Safepoint "RevokeBias", Time since last: 67088 ns, Reaching safepoint: 6131596 ns, At safepoint: 28192 ns, Total: 6159788 ns
[2020-09-11T16:55:15.013+0000][1][safepoint    ] Safepoint "RevokeBias", Time since last: 302808 ns, Reaching safepoint: 89478 ns, At safepoint: 11481 ns, Total: 100959 ns
[2020-09-11T16:55:15.013+0000][1][safepoint    ] Safepoint "RevokeBias", Time since last: 114626 ns, Reaching safepoint: 86411 ns, At safepoint: 10795 ns, Total: 97206 ns
[2020-09-11T16:55:15.014+0000][1][safepoint    ] Safepoint "RevokeBias", Time since last: 129723 ns, Reaching safepoint: 85340 ns, At safepoint: 10093 ns, Total: 95433 ns
[2020-09-11T16:55:15.014+0000][1][safepoint    ] Safepoint "RevokeBias", Time since last: 67206 ns, Reaching safepoint: 84585 ns, At safepoint: 9804 ns, Total: 94389 ns
[2020-09-11T16:55:15.014+0000][1][safepoint    ] Safepoint "RevokeBias", Time since last: 117008 ns, Reaching safepoint: 85134 ns, At safepoint: 9900 ns, Total: 95034 ns
[2020-09-11T16:55:15.014+0000][1][safepoint    ] Safepoint "RevokeBias", Time since last: 70882 ns, Reaching safepoint: 83767 ns, At safepoint: 9745 ns, Total: 93512 ns
[2020-09-11T16:55:15.014+0000][1][safepoint    ] Safepoint "RevokeBias", Time since last: 116962 ns, Reaching safepoint: 85091 ns, At safepoint: 10003 ns, Total: 95094 ns
[2020-09-11T16:55:15.022+0000][1][safepoint    ] Safepoint "RevokeBias", Time since last: 7113572 ns, Reaching safepoint: 110292 ns, At safepoint: 15324 ns, Total: 125616 ns
[2020-09-11T16:55:15.022+0000][1][safepoint    ] Safepoint "RevokeBias", Time since last: 138154 ns, Reaching safepoint: 85219 ns, At safepoint: 10667 ns, Total: 95886 ns
[2020-09-11T16:55:15.022+0000][1][safepoint    ] Safepoint "RevokeBias", Time since last: 124037 ns, Reaching safepoint: 95900 ns, At safepoint: 10966 ns, Total: 106866 ns
[2020-09-11T16:55:15.022+0000][1][safepoint    ] Safepoint "RevokeBias", Time since last: 79824 ns, Reaching safepoint: 84417 ns, At safepoint: 11040 ns, Total: 95457 ns
[2020-09-11T16:55:15.023+0000][1][safepoint    ] Safepoint "RevokeBias", Time since last: 116224 ns, Reaching safepoint: 84554 ns, At safepoint: 10205 ns, Total: 94759 ns
[2020-09-11T16:55:15.023+0000][1][safepoint    ] Safepoint "RevokeBias", Time since last: 76614 ns, Reaching safepoint: 84413 ns, At safepoint: 9749 ns, Total: 94162 ns
[2020-09-11T16:55:15.023+0000][1][safepoint    ] Safepoint "RevokeBias", Time since last: 68105 ns, Reaching safepoint: 83487 ns, At safepoint: 9538 ns, Total: 93025 ns
[2020-09-11T16:55:15.023+0000][1][safepoint    ] Safepoint "RevokeBias", Time since last: 499461 ns, Reaching safepoint: 84013 ns, At safepoint: 10694 ns, Total: 94707 ns
[2020-09-11T16:55:15.029+0000][1][safepoint    ] Safepoint "RevokeBias", Time since last: 5313534 ns, Reaching safepoint: 115369 ns, At safepoint: 16959 ns, Total: 132328 ns
[2020-09-11T16:55:15.029+0000][1][safepoint    ] Safepoint "RevokeBias", Time since last: 174988 ns, Reaching safepoint: 83657 ns, At safepoint: 10834 ns, Total: 94491 ns
[2020-09-11T16:55:15.029+0000][1][safepoint    ] Safepoint "RevokeBias", Time since last: 219736 ns, Reaching safepoint: 85239 ns, At safepoint: 10785 ns, Total: 96024 ns
[2020-09-11T16:55:15.030+0000][1][safepoint    ] Safepoint "RevokeBias", Time since last: 70684 ns, Reaching safepoint: 84122 ns, At safepoint: 10581 ns, Total: 94703 ns
[2020-09-11T16:55:15.030+0000][1][safepoint    ] Safepoint "RevokeBias", Time since last: 124819 ns, Reaching safepoint: 86068 ns, At safepoint: 10194 ns, Total: 96262 ns
[2020-09-11T16:55:15.037+0000][1][safepoint    ] Safepoint "RevokeBias", Time since last: 7055368 ns, Reaching safepoint: 117836 ns, At safepoint: 17783 ns, Total: 135619 ns
[2020-09-11T16:55:15.038+0000][1][safepoint    ] Safepoint "BulkRevokeBias", Time since last: 266609 ns, Reaching safepoint: 88877 ns, At safepoint: 114765 ns, Total: 203642 ns
[2020-09-11T16:55:15.044+0000][1][safepoint    ] Safepoint "RevokeBias", Time since last: 6140590 ns, Reaching safepoint: 111225 ns, At safepoint: 136898 ns, Total: 248123 ns
[2020-09-11T16:55:15.153+0000][1][safepoint    ] Safepoint "RevokeBias", Time since last: 108862357 ns, Reaching safepoint: 115073 ns, At safepoint: 34969 ns, Total: 150042 ns
[2020-09-11T16:55:15.890+0000][1][safepoint    ] Safepoint "RevokeBias", Time since last: 736557662 ns, Reaching safepoint: 123699 ns, At safepoint: 17440 ns, Total: 141139 ns
[2020-09-11T16:55:16.713+0000][1][gc,start     ] GC(66) Pause Young (Allocation Failure)
[2020-09-11T16:55:16.713+0000][1][gc,task      ] GC(66) Using 1 workers of 1 for evacuation
[2020-09-11T16:55:16.918+0000][1][gc,age       ] GC(66) Desired survivor size 4358144 bytes, new threshold 6 (max threshold 6)
[2020-09-11T16:55:16.918+0000][1][gc,age       ] GC(66) Age table with threshold 6 (max threshold 6)
[2020-09-11T16:55:16.918+0000][1][gc,age       ] GC(66) - age   1:    1292920 bytes,    1292920 total
[2020-09-11T16:55:16.918+0000][1][gc,age       ] GC(66) - age   2:    1824848 bytes,    3117768 total
[2020-09-11T16:55:16.918+0000][1][gc,heap      ] GC(66) ParNew: 74302K->5481K(76672K)
[2020-09-11T16:55:16.918+0000][1][gc,heap      ] GC(66) CMS: 75515K->95437K(2011968K)
[2020-09-11T16:55:16.918+0000][1][gc,metaspace ] GC(66) Metaspace: 74312K->74312K(1118208K)
[2020-09-11T16:55:16.918+0000][1][gc           ] GC(66) Pause Young (Allocation Failure) 146M->98M(2039M) 204.798ms
[2020-09-11T16:55:16.918+0000][1][gc,cpu       ] GC(66) User=0.05s Sys=0.00s Real=0.20s
[2020-09-11T16:55:16.984+0000][1][safepoint    ] Safepoint "GenCollectForAllocation", Time since last: 823165496 ns, Reaching safepoint: 142802 ns, At safepoint: 270637792 ns, Total: 270780594 ns
[2020-09-11T16:55:17.164+0000][1][safepoint    ] Safepoint "RevokeBias", Time since last: 180733642 ns, Reaching safepoint: 130682 ns, At safepoint: 18830 ns, Total: 149512 ns
[2020-09-11T16:55:17.190+0000][1][safepoint    ] Safepoint "RevokeBias", Time since last: 24855516 ns, Reaching safepoint: 257054 ns, At safepoint: 22524 ns, Total: 279578 ns
[2020-09-11T16:55:17.190+0000][1][safepoint    ] Safepoint "RevokeBias", Time since last: 66779 ns, Reaching safepoint: 90206 ns, At safepoint: 14190 ns, Total: 104396 ns
[2020-09-11T16:55:17.277+0000][1][safepoint    ] Safepoint "RevokeBias", Time since last: 87139320 ns, Reaching safepoint: 46387 ns, At safepoint: 15944 ns, Total: 62331 ns
[2020-09-11T16:55:17.289+0000][1][safepoint    ] Safepoint "RevokeBias", Time since last: 11925963 ns, Reaching safepoint: 38952 ns, At safepoint: 15942 ns, Total: 54894 ns
[2020-09-11T16:55:17.304+0000][1][safepoint    ] Safepoint "RevokeBias", Time since last: 14824499 ns, Reaching safepoint: 108070 ns, At safepoint: 23944 ns, Total: 132014 ns
[2020-09-11T16:55:17.339+0000][1][safepoint    ] Safepoint "BulkRevokeBias", Time since last: 35064837 ns, Reaching safepoint: 116244 ns, At safepoint: 113040 ns, Total: 229284 ns
[2020-09-11T16:55:17.741+0000][1][safepoint    ] Safepoint "RevokeBias", Time since last: 401582890 ns, Reaching safepoint: 125746 ns, At safepoint: 17180 ns, Total: 142926 ns
[2020-09-11T16:55:18.544+0000][1][safepoint    ] Safepoint "RevokeBias", Time since last: 802243509 ns, Reaching safepoint: 344469 ns, At safepoint: 32950 ns, Total: 377419 ns
[2020-09-11T16:55:18.544+0000][1][safepoint    ] Safepoint "RevokeBias", Time since last: 114846 ns, Reaching safepoint: 87489 ns, At safepoint: 22338 ns, Total: 109827 ns
[2020-09-11T16:55:18.586+0000][1][safepoint    ] Safepoint "RevokeBias", Time since last: 11950300 ns, Reaching safepoint: 30710598 ns, At safepoint: 20402 ns, Total: 30731000 ns
[2020-09-11T16:55:18.609+0000][1][safepoint    ] Safepoint "RevokeBias", Time since last: 22441077 ns, Reaching safepoint: 123379 ns, At safepoint: 17813 ns, Total: 141192 ns
[2020-09-11T16:55:18.641+0000][1][safepoint    ] Safepoint "RevokeBias", Time since last: 31788621 ns, Reaching safepoint: 192094 ns, At safepoint: 18093 ns, Total: 210187 ns
[2020-09-11T16:55:18.685+0000][1][safepoint    ] Safepoint "RevokeBias", Time since last: 43771604 ns, Reaching safepoint: 129599 ns, At safepoint: 21887 ns, Total: 151486 ns
[2020-09-11T16:55:18.710+0000][1][safepoint    ] Safepoint "RevokeBias", Time since last: 24949811 ns, Reaching safepoint: 124344 ns, At safepoint: 20956 ns, Total: 145300 ns
[2020-09-11T16:55:18.801+0000][1][safepoint    ] Safepoint "RevokeBias", Time since last: 91083198 ns, Reaching safepoint: 117525 ns, At safepoint: 16480 ns, Total: 134005 ns
[2020-09-11T16:55:19.025+0000][1][safepoint    ] Safepoint "RevokeBias", Time since last: 223519346 ns, Reaching safepoint: 123231 ns, At safepoint: 17325 ns, Total: 140556 ns
[2020-09-11T16:55:19.658+0000][1][safepoint    ] Safepoint "RevokeBias", Time since last: 632774850 ns, Reaching safepoint: 132304 ns, At safepoint: 48851 ns, Total: 181155 ns
[2020-09-11T16:55:19.693+0000][1][safepoint    ] Safepoint "RevokeBias", Time since last: 34945586 ns, Reaching safepoint: 125839 ns, At safepoint: 20929 ns, Total: 146768 ns
[2020-09-11T16:55:19.734+0000][1][safepoint    ] Safepoint "RevokeBias", Time since last: 41144460 ns, Reaching safepoint: 53614 ns, At safepoint: 19799 ns, Total: 73413 ns
[2020-09-11T16:55:20.026+0000][1][safepoint    ] Safepoint "RevokeBias", Time since last: 291298146 ns, Reaching safepoint: 59415 ns, At safepoint: 19201 ns, Total: 78616 ns
[2020-09-11T16:55:20.029+0000][1][safepoint    ] Safepoint "RevokeBias", Time since last: 3280887 ns, Reaching safepoint: 27084 ns, At safepoint: 13823 ns, Total: 40907 ns
[2020-09-11T16:55:20.029+0000][1][safepoint    ] Safepoint "RevokeBias", Time since last: 259464 ns, Reaching safepoint: 88890 ns, At safepoint: 11833 ns, Total: 100723 ns
[2020-09-11T16:55:20.179+0000][1][safepoint    ] Safepoint "RevokeBias", Time since last: 149579817 ns, Reaching safepoint: 44227 ns, At safepoint: 18193 ns, Total: 62420 ns
[2020-09-11T16:55:21.193+0000][1][safepoint    ] Safepoint "Cleanup", Time since last: 1010058854 ns, Reaching safepoint: 3880908 ns, At safepoint: 13179 ns, Total: 3894087 ns
[2020-09-11T16:55:22.199+0000][1][safepoint    ] Safepoint "Cleanup", Time since last: 1005532153 ns, Reaching safepoint: 141073 ns, At safepoint: 6504 ns, Total: 147577 ns
[2020-09-11T16:55:22.573+0000][1][safepoint    ] Safepoint "RevokeBias", Time since last: 374249008 ns, Reaching safepoint: 129930 ns, At safepoint: 19052 ns, Total: 148982 ns
[2020-09-11T16:55:22.573+0000][1][safepoint    ] Safepoint "RevokeBias", Time since last: 135196 ns, Reaching safepoint: 90369 ns, At safepoint: 12246 ns, Total: 102615 ns
[2020-09-11T16:55:22.573+0000][1][safepoint    ] Safepoint "RevokeBias", Time since last: 39473 ns, Reaching safepoint: 87239 ns, At safepoint: 11198 ns, Total: 98437 ns
[2020-09-11T16:55:22.654+0000][1][safepoint    ] Safepoint "RevokeBias", Time since last: 80911249 ns, Reaching safepoint: 133059 ns, At safepoint: 16816 ns, Total: 149875 ns
[2020-09-11T16:55:23.413+0000][1][safepoint    ] Safepoint "RevokeBias", Time since last: 756749557 ns, Reaching safepoint: 1796113 ns, At safepoint: 23784 ns, Total: 1819897 ns
[2020-09-11T16:55:23.579+0000][1][safepoint    ] Safepoint "RevokeBias", Time since last: 166398805 ns, Reaching safepoint: 124340 ns, At safepoint: 15159 ns, Total: 139499 ns
[2020-09-11T16:55:23.650+0000][1][safepoint    ] Safepoint "RevokeBias", Time since last: 70077953 ns, Reaching safepoint: 128061 ns, At safepoint: 14899 ns, Total: 142960 ns
[2020-09-11T16:55:23.660+0000][1][safepoint    ] Safepoint "RevokeBias", Time since last: 9759347 ns, Reaching safepoint: 134707 ns, At safepoint: 8167 ns, Total: 142874 ns
[2020-09-11T16:55:23.718+0000][1][safepoint    ] Safepoint "RevokeBias", Time since last: 52117182 ns, Reaching safepoint: 6201365 ns, At safepoint: 18182 ns, Total: 6219547 ns
[2020-09-11T16:55:23.719+0000][1][safepoint    ] Safepoint "RevokeBias", Time since last: 89181 ns, Reaching safepoint: 939699 ns, At safepoint: 10050 ns, Total: 949749 ns
[2020-09-11T16:55:23.854+0000][1][safepoint    ] Safepoint "RevokeBias", Time since last: 133802630 ns, Reaching safepoint: 1145881 ns, At safepoint: 35083 ns, Total: 1180964 ns
[2020-09-11T16:55:24.084+0000][1][safepoint    ] Safepoint "Deoptimize", Time since last: 223016840 ns, Reaching safepoint: 6235055 ns, At safepoint: 447435 ns, Total: 6682490 ns
[2020-09-11T16:55:24.245+0000][1][safepoint    ] Safepoint "RevokeBias", Time since last: 154434914 ns, Reaching safepoint: 6854958 ns, At safepoint: 27415 ns, Total: 6882373 ns
[2020-09-11T16:55:24.377+0000][1][gc,start     ] GC(67) Pause Young (Allocation Failure)
[2020-09-11T16:55:24.377+0000][1][gc,task      ] GC(67) Using 1 workers of 1 for evacuation
[2020-09-11T16:55:24.473+0000][1][gc,age       ] GC(67) Desired survivor size 4358144 bytes, new threshold 6 (max threshold 6)
[2020-09-11T16:55:24.485+0000][1][gc,age       ] GC(67) Age table with threshold 6 (max threshold 6)
[2020-09-11T16:55:24.485+0000][1][gc,age       ] GC(67) - age   1:    1470520 bytes,    1470520 total
[2020-09-11T16:55:24.485+0000][1][gc,age       ] GC(67) - age   2:    1158984 bytes,    2629504 total
[2020-09-11T16:55:24.485+0000][1][gc,age       ] GC(67) - age   3:    1627008 bytes,    4256512 total
[2020-09-11T16:55:24.485+0000][1][gc,heap      ] GC(67) ParNew: 73641K->5024K(76672K)
[2020-09-11T16:55:24.485+0000][1][gc,heap      ] GC(67) CMS: 95437K->95437K(2011968K)
[2020-09-11T16:55:24.485+0000][1][gc,metaspace ] GC(67) Metaspace: 76662K->76662K(1120256K)
[2020-09-11T16:55:24.485+0000][1][gc           ] GC(67) Pause Young (Allocation Failure) 165M->98M(2039M) 107.898ms
[2020-09-11T16:55:24.485+0000][1][gc,cpu       ] GC(67) User=0.02s Sys=0.00s Real=0.11s
[2020-09-11T16:55:24.526+0000][1][safepoint    ] Safepoint "GenCollectForAllocation", Time since last: 131820278 ns, Reaching safepoint: 224589 ns, At safepoint: 148484079 ns, Total: 148708668 ns
[2020-09-11T16:55:24.566+0000][1][safepoint    ] Safepoint "RevokeBias", Time since last: 19284218 ns, Reaching safepoint: 21149964 ns, At safepoint: 15767 ns, Total: 21165731 ns
[2020-09-11T16:55:24.604+0000][1][safepoint    ] Safepoint "RevokeBias", Time since last: 38134269 ns, Reaching safepoint: 143563 ns, At safepoint: 51031 ns, Total: 194594 ns
[2020-09-11T16:55:24.613+0000][1][safepoint    ] Safepoint "RevokeBias", Time since last: 8523953 ns, Reaching safepoint: 206265 ns, At safepoint: 10397 ns, Total: 216662 ns
[2020-09-11T16:55:24.630+0000][1][safepoint    ] Safepoint "RevokeBias", Time since last: 16372143 ns, Reaching safepoint: 133969 ns, At safepoint: 10865 ns, Total: 144834 ns
[2020-09-11T16:55:24.691+0000][1][safepoint    ] Safepoint "RevokeBias", Time since last: 46897586 ns, Reaching safepoint: 14540493 ns, At safepoint: 18564 ns, Total: 14559057 ns
[2020-09-11T16:55:24.757+0000][1][safepoint    ] Safepoint "RevokeBias", Time since last: 57876674 ns, Reaching safepoint: 8002469 ns, At safepoint: 102935 ns, Total: 8105404 ns
[2020-09-11T16:55:24.941+0000][1][safepoint    ] Safepoint "RevokeBias", Time since last: 183829637 ns, Reaching safepoint: 152384 ns, At safepoint: 10868 ns, Total: 163252 ns
[2020-09-11T16:55:24.942+0000][1][safepoint    ] Safepoint "BulkRevokeBias", Time since last: 325018 ns, Reaching safepoint: 103805 ns, At safepoint: 410780 ns, Total: 514585 ns
[2020-09-11T16:55:24.942+0000][1][safepoint    ] Safepoint "RevokeBias", Time since last: 50027 ns, Reaching safepoint: 103362 ns, At safepoint: 6685 ns, Total: 110047 ns
[2020-09-11T16:55:24.945+0000][1][safepoint    ] Safepoint "RevokeBias", Time since last: 2997995 ns, Reaching safepoint: 132586 ns, At safepoint: 8488 ns, Total: 141074 ns
[2020-09-11T16:55:24.965+0000][1][safepoint    ] Safepoint "RevokeBias", Time since last: 19898252 ns, Reaching safepoint: 135956 ns, At safepoint: 8798 ns, Total: 144754 ns
[2020-09-11T16:55:25.088+0000][1][safepoint    ] Safepoint "BulkRevokeBias", Time since last: 111655589 ns, Reaching safepoint: 10753774 ns, At safepoint: 563456 ns, Total: 11317230 ns
[2020-09-11T16:55:25.613+0000][1][safepoint    ] Safepoint "Deoptimize", Time since last: 524659399 ns, Reaching safepoint: 151595 ns, At safepoint: 417824 ns, Total: 569419 ns
[2020-09-11T16:55:25.794+0000][1][safepoint    ] Safepoint "RevokeBias", Time since last: 180457051 ns, Reaching safepoint: 346038 ns, At safepoint: 17368 ns, Total: 363406 ns
[2020-09-11T16:55:25.971+0000][1][safepoint    ] Safepoint "RevokeBias", Time since last: 176738700 ns, Reaching safepoint: 473955 ns, At safepoint: 10473 ns, Total: 484428 ns
[2020-09-11T16:55:26.024+0000][1][safepoint    ] Safepoint "RevokeBias", Time since last: 52437727 ns, Reaching safepoint: 143207 ns, At safepoint: 9257 ns, Total: 152464 ns
[2020-09-11T16:55:26.089+0000][1][safepoint    ] Safepoint "RevokeBias", Time since last: 62557977 ns, Reaching safepoint: 2278946 ns, At safepoint: 12942 ns, Total: 2291888 ns
[2020-09-11T16:55:26.151+0000][1][safepoint    ] Safepoint "RevokeBias", Time since last: 61865839 ns, Reaching safepoint: 132968 ns, At safepoint: 9503 ns, Total: 142471 ns
[2020-09-11T16:55:26.151+0000][1][safepoint    ] Safepoint "RevokeBias", Time since last: 312007 ns, Reaching safepoint: 96211 ns, At safepoint: 5631 ns, Total: 101842 ns
[2020-09-11T16:55:26.252+0000][1][safepoint    ] Safepoint "RevokeBias", Time since last: 100379829 ns, Reaching safepoint: 136760 ns, At safepoint: 8388 ns, Total: 145148 ns
[2020-09-11T16:55:26.252+0000][1][safepoint    ] Safepoint "RevokeBias", Time since last: 236360 ns, Reaching safepoint: 96318 ns, At safepoint: 5630 ns, Total: 101948 ns
[2020-09-11T16:55:26.473+0000][1][safepoint    ] Safepoint "RevokeBias", Time since last: 220722668 ns, Reaching safepoint: 144167 ns, At safepoint: 15064 ns, Total: 159231 ns
[2020-09-11T16:55:26.569+0000][1][safepoint    ] Safepoint "RevokeBias", Time since last: 86577217 ns, Reaching safepoint: 9571459 ns, At safepoint: 66480 ns, Total: 9637939 ns
[2020-09-11T16:55:26.773+0000][1][safepoint    ] Safepoint "RevokeBias", Time since last: 203565995 ns, Reaching safepoint: 143432 ns, At safepoint: 8498 ns, Total: 151930 ns
[2020-09-11T16:55:26.857+0000][1][safepoint    ] Safepoint "RevokeBias", Time since last: 79834904 ns, Reaching safepoint: 4078983 ns, At safepoint: 24657 ns, Total: 4103640 ns
[2020-09-11T16:55:26.858+0000][1][safepoint    ] Safepoint "RevokeBias", Time since last: 885833 ns, Reaching safepoint: 107487 ns, At safepoint: 5903 ns, Total: 113390 ns
[2020-09-11T16:55:27.858+0000][1][safepoint    ] Safepoint "Cleanup", Time since last: 1000119069 ns, Reaching safepoint: 76871 ns, At safepoint: 5052 ns, Total: 81923 ns
[2020-09-11T16:55:28.858+0000][1][safepoint    ] Safepoint "Cleanup", Time since last: 1000116166 ns, Reaching safepoint: 77370 ns, At safepoint: 7237 ns, Total: 84607 ns
[2020-09-11T16:55:29.858+0000][1][safepoint    ] Safepoint "Cleanup", Time since last: 1000129520 ns, Reaching safepoint: 67869 ns, At safepoint: 6710 ns, Total: 74579 ns
[2020-09-11T16:55:30.723+0000][1][safepoint    ] Safepoint "RevokeBias", Time since last: 864746460 ns, Reaching safepoint: 139218 ns, At safepoint: 8817 ns, Total: 148035 ns
[2020-09-11T16:55:30.724+0000][1][safepoint    ] Safepoint "RevokeBias", Time since last: 142466 ns, Reaching safepoint: 21914 ns, At safepoint: 4544 ns, Total: 26458 ns
[2020-09-11T16:55:30.799+0000][1][gc,start     ] GC(68) Pause Young (Allocation Failure)
[2020-09-11T16:55:30.799+0000][1][gc,task      ] GC(68) Using 1 workers of 1 for evacuation
[2020-09-11T16:55:30.906+0000][1][gc,age       ] GC(68) Desired survivor size 4358144 bytes, new threshold 4 (max threshold 6)
[2020-09-11T16:55:30.906+0000][1][gc,age       ] GC(68) Age table with threshold 4 (max threshold 6)
[2020-09-11T16:55:30.906+0000][1][gc,age       ] GC(68) - age   1:    1166400 bytes,    1166400 total
[2020-09-11T16:55:30.906+0000][1][gc,age       ] GC(68) - age   2:    1149488 bytes,    2315888 total
[2020-09-11T16:55:30.906+0000][1][gc,age       ] GC(68) - age   3:    1156272 bytes,    3472160 total
[2020-09-11T16:55:30.906+0000][1][gc,age       ] GC(68) - age   4:    1626360 bytes,    5098520 total
[2020-09-11T16:55:30.906+0000][1][gc,heap      ] GC(68) ParNew: 73184K->7491K(76672K)
[2020-09-11T16:55:30.906+0000][1][gc,heap      ] GC(68) CMS: 95437K->95437K(2011968K)
[2020-09-11T16:55:30.906+0000][1][gc,metaspace ] GC(68) Metaspace: 79200K->79200K(1122304K)
[2020-09-11T16:55:30.906+0000][1][gc           ] GC(68) Pause Young (Allocation Failure) 164M->100M(2039M) 107.040ms
[2020-09-11T16:55:30.906+0000][1][gc,cpu       ] GC(68) User=0.02s Sys=0.00s Real=0.11s
[2020-09-11T16:55:30.933+0000][1][safepoint    ] Safepoint "GenCollectForAllocation", Time since last: 75683625 ns, Reaching safepoint: 133460 ns, At safepoint: 133448800 ns, Total: 133582260 ns
[2020-09-11T16:55:31.953+0000][1][safepoint    ] Safepoint "Cleanup", Time since last: 1017346216 ns, Reaching safepoint: 2658439 ns, At safepoint: 8980 ns, Total: 2667419 ns
[2020-09-11T16:55:32.910+0000][1][safepoint    ] Safepoint "RevokeBias", Time since last: 957471880 ns, Reaching safepoint: 59978 ns, At safepoint: 18062 ns, Total: 78040 ns
[2020-09-11T16:55:33.040+0000][1][safepoint    ] Safepoint "RevokeBias", Time since last: 118821632 ns, Reaching safepoint: 10753545 ns, At safepoint: 52588 ns, Total: 10806133 ns
[2020-09-11T16:55:33.066+0000][1][safepoint    ] Safepoint "RevokeBias", Time since last: 25362130 ns, Reaching safepoint: 129618 ns, At safepoint: 8143 ns, Total: 137761 ns
[2020-09-11T16:55:33.066+0000][1][safepoint    ] Safepoint "RevokeBias", Time since last: 66025 ns, Reaching safepoint: 96966 ns, At safepoint: 5659 ns, Total: 102625 ns
[2020-09-11T16:55:33.193+0000][1][safepoint    ] Safepoint "BulkRevokeBias", Time since last: 123347534 ns, Reaching safepoint: 3822227 ns, At safepoint: 198555 ns, Total: 4020782 ns
[2020-09-11T16:55:33.226+0000][1][safepoint    ] Safepoint "RevokeBias", Time since last: 32593189 ns, Reaching safepoint: 142120 ns, At safepoint: 17619 ns, Total: 159739 ns
[2020-09-11T16:55:33.272+0000][1][safepoint    ] Safepoint "RevokeBias", Time since last: 46165658 ns, Reaching safepoint: 143679 ns, At safepoint: 18351 ns, Total: 162030 ns
[2020-09-11T16:55:33.889+0000][1][safepoint    ] Safepoint "RevokeBias", Time since last: 616657466 ns, Reaching safepoint: 149250 ns, At safepoint: 22276 ns, Total: 171526 ns
[2020-09-11T16:55:34.210+0000][1][safepoint    ] Safepoint "RevokeBias", Time since last: 315614969 ns, Reaching safepoint: 5343809 ns, At safepoint: 16231 ns, Total: 5360040 ns
[2020-09-11T16:55:34.489+0000][1][safepoint    ] Safepoint "RevokeBias", Time since last: 274380026 ns, Reaching safepoint: 4540816 ns, At safepoint: 19691 ns, Total: 4560507 ns
[2020-09-11T16:55:34.493+0000][1][safepoint    ] Safepoint "RevokeBias", Time since last: 293013 ns, Reaching safepoint: 3574713 ns, At safepoint: 25766 ns, Total: 3600479 ns
[2020-09-11T16:55:34.673+0000][1][safepoint    ] Safepoint "RevokeBias", Time since last: 177290583 ns, Reaching safepoint: 2790794 ns, At safepoint: 36986 ns, Total: 2827780 ns
[2020-09-11T16:55:34.674+0000][1][safepoint    ] Safepoint "RevokeBias", Time since last: 76859 ns, Reaching safepoint: 624004 ns, At safepoint: 25859 ns, Total: 649863 ns
[2020-09-11T16:55:34.736+0000][1][safepoint    ] Safepoint "RevokeBias", Time since last: 59001181 ns, Reaching safepoint: 3479736 ns, At safepoint: 31216 ns, Total: 3510952 ns
[2020-09-11T16:55:34.737+0000][1][safepoint    ] Safepoint "RevokeBias", Time since last: 157285 ns, Reaching safepoint: 1208965 ns, At safepoint: 17087 ns, Total: 1226052 ns
[2020-09-11T16:55:34.777+0000][1][safepoint    ] Safepoint "RevokeBias", Time since last: 39394646 ns, Reaching safepoint: 210378 ns, At safepoint: 19347 ns, Total: 229725 ns
[2020-09-11T16:55:34.844+0000][1][safepoint    ] Safepoint "RevokeBias", Time since last: 67095290 ns, Reaching safepoint: 144141 ns, At safepoint: 9008 ns, Total: 153149 ns
[2020-09-11T16:55:34.909+0000][1][safepoint    ] Safepoint "Deoptimize", Time since last: 63506666 ns, Reaching safepoint: 135352 ns, At safepoint: 816298 ns, Total: 951650 ns
[2020-09-11T16:55:34.946+0000][1][safepoint    ] Safepoint "RevokeBias", Time since last: 36916061 ns, Reaching safepoint: 145835 ns, At safepoint: 17251 ns, Total: 163086 ns
[2020-09-11T16:55:34.966+0000][1][safepoint    ] Safepoint "RevokeBias", Time since last: 18685965 ns, Reaching safepoint: 1799265 ns, At safepoint: 25366 ns, Total: 1824631 ns
[2020-09-11T16:55:35.241+0000][1][safepoint    ] Safepoint "RevokeBias", Time since last: 274368501 ns, Reaching safepoint: 171316 ns, At safepoint: 42976 ns, Total: 214292 ns
[2020-09-11T16:55:35.304+0000][1][safepoint    ] Safepoint "RevokeBias", Time since last: 62789762 ns, Reaching safepoint: 150587 ns, At safepoint: 21020 ns, Total: 171607 ns
[2020-09-11T16:55:35.360+0000][1][safepoint    ] Safepoint "RevokeBias", Time since last: 51928653 ns, Reaching safepoint: 4091191 ns, At safepoint: 34837 ns, Total: 4126028 ns
[2020-09-11T16:55:35.361+0000][1][safepoint    ] Safepoint "RevokeBias", Time since last: 457533 ns, Reaching safepoint: 106758 ns, At safepoint: 13031 ns, Total: 119789 ns
[2020-09-11T16:55:35.398+0000][1][safepoint    ] Safepoint "RevokeBias", Time since last: 36305943 ns, Reaching safepoint: 714131 ns, At safepoint: 11458 ns, Total: 725589 ns
[2020-09-11T16:55:36.192+0000][1][gc,start     ] GC(69) Pause Young (Allocation Failure)
[2020-09-11T16:55:36.192+0000][1][gc,task      ] GC(69) Using 1 workers of 1 for evacuation
[2020-09-11T16:55:36.255+0000][1][gc,age       ] GC(69) Desired survivor size 4358144 bytes, new threshold 4 (max threshold 6)
[2020-09-11T16:55:36.299+0000][1][gc,age       ] GC(69) Age table with threshold 4 (max threshold 6)
[2020-09-11T16:55:36.299+0000][1][gc,age       ] GC(69) - age   1:    1183088 bytes,    1183088 total
[2020-09-11T16:55:36.299+0000][1][gc,age       ] GC(69) - age   2:     979272 bytes,    2162360 total
[2020-09-11T16:55:36.299+0000][1][gc,age       ] GC(69) - age   3:    1083064 bytes,    3245424 total
[2020-09-11T16:55:36.299+0000][1][gc,age       ] GC(69) - age   4:    1156072 bytes,    4401496 total
[2020-09-11T16:55:36.299+0000][1][gc,heap      ] GC(69) ParNew: 75651K->4670K(76672K)
[2020-09-11T16:55:36.299+0000][1][gc,heap      ] GC(69) CMS: 95437K->97056K(2011968K)
[2020-09-11T16:55:36.299+0000][1][gc,metaspace ] GC(69) Metaspace: 82025K->82025K(1124352K)
[2020-09-11T16:55:36.299+0000][1][gc           ] GC(69) Pause Young (Allocation Failure) 167M->99M(2039M) 106.832ms
[2020-09-11T16:55:36.299+0000][1][gc,cpu       ] GC(69) User=0.03s Sys=0.00s Real=0.11s
[2020-09-11T16:55:36.301+0000][1][safepoint    ] Safepoint "GenCollectForAllocation", Time since last: 794344694 ns, Reaching safepoint: 289048 ns, At safepoint: 108943611 ns, Total: 109232659 ns
[2020-09-11T16:55:36.466+0000][1][safepoint    ] Safepoint "BulkRevokeBias", Time since last: 164298156 ns, Reaching safepoint: 667942 ns, At safepoint: 211962 ns, Total: 879904 ns
[2020-09-11T16:55:36.725+0000][1][safepoint    ] Safepoint "Deoptimize", Time since last: 255194858 ns, Reaching safepoint: 3262382 ns, At safepoint: 469637 ns, Total: 3732019 ns
[2020-09-11T16:55:36.799+0000][1][safepoint    ] Safepoint "RevokeBias", Time since last: 73152775 ns, Reaching safepoint: 217344 ns, At safepoint: 41919 ns, Total: 259263 ns
[2020-09-11T16:55:36.860+0000][1][safepoint    ] Safepoint "RevokeBias", Time since last: 60758721 ns, Reaching safepoint: 148400 ns, At safepoint: 22131 ns, Total: 170531 ns
[2020-09-11T16:55:36.948+0000][1][safepoint    ] Safepoint "RevokeBias", Time since last: 77499608 ns, Reaching safepoint: 11154948 ns, At safepoint: 33092 ns, Total: 11188040 ns
[2020-09-11T16:55:37.101+0000][1][safepoint    ] Safepoint "RevokeBias", Time since last: 152453626 ns, Reaching safepoint: 167140 ns, At safepoint: 33180 ns, Total: 200320 ns
[2020-09-11T16:55:37.158+0000][1][safepoint    ] Safepoint "RevokeBias", Time since last: 55794014 ns, Reaching safepoint: 1671742 ns, At safepoint: 36526 ns, Total: 1708268 ns
[2020-09-11T16:55:37.259+0000][1][safepoint    ] Safepoint "RevokeBias", Time since last: 100130061 ns, Reaching safepoint: 287539 ns, At safepoint: 30591 ns, Total: 318130 ns
[2020-09-11T16:55:37.259+0000][1][safepoint    ] Safepoint "RevokeBias", Time since last: 274300 ns, Reaching safepoint: 101373 ns, At safepoint: 26536 ns, Total: 127909 ns
[2020-09-11T16:55:37.265+0000][1][safepoint    ] Safepoint "RevokeBias", Time since last: 5638350 ns, Reaching safepoint: 136268 ns, At safepoint: 34533 ns, Total: 170801 ns
[2020-09-11T16:55:37.265+0000][1][safepoint    ] Safepoint "RevokeBias", Time since last: 88448 ns, Reaching safepoint: 101959 ns, At safepoint: 29130 ns, Total: 131089 ns
[2020-09-11T16:55:37.285+0000][1][safepoint    ] Safepoint "RevokeBias", Time since last: 19435832 ns, Reaching safepoint: 273716 ns, At safepoint: 33674 ns, Total: 307390 ns
[2020-09-11T16:55:37.586+0000][1][safepoint    ] Safepoint "RevokeBias", Time since last: 291805511 ns, Reaching safepoint: 9006147 ns, At safepoint: 40209 ns, Total: 9046356 ns
[2020-09-11T16:55:37.661+0000][1][safepoint    ] Safepoint "RevokeBias", Time since last: 70825749 ns, Reaching safepoint: 4058278 ns, At safepoint: 44629 ns, Total: 4102907 ns
[2020-09-11T16:55:37.829+0000][1][safepoint    ] Safepoint "RevokeBias", Time since last: 168236976 ns, Reaching safepoint: 225969 ns, At safepoint: 20945 ns, Total: 246914 ns
[2020-09-11T16:55:37.839+0000][1][safepoint    ] Safepoint "RevokeBias", Time since last: 9250832 ns, Reaching safepoint: 140546 ns, At safepoint: 22825 ns, Total: 163371 ns
[2020-09-11T16:55:37.839+0000][1][safepoint    ] Safepoint "RevokeBias", Time since last: 113851 ns, Reaching safepoint: 96062 ns, At safepoint: 13211 ns, Total: 109273 ns
[2020-09-11T16:55:37.892+0000][1][safepoint    ] Safepoint "RevokeBias", Time since last: 52660866 ns, Reaching safepoint: 63181 ns, At safepoint: 20078 ns, Total: 83259 ns
[2020-09-11T16:55:37.892+0000][1][safepoint    ] Safepoint "RevokeBias", Time since last: 124343 ns, Reaching safepoint: 24862 ns, At safepoint: 11490 ns, Total: 36352 ns
[2020-09-11T16:55:37.892+0000][1][safepoint    ] Safepoint "RevokeBias", Time since last: 55476 ns, Reaching safepoint: 23455 ns, At safepoint: 10063 ns, Total: 33518 ns
[2020-09-11T16:55:37.959+0000][1][safepoint    ] Safepoint "RevokeBias", Time since last: 67164170 ns, Reaching safepoint: 57628 ns, At safepoint: 18251 ns, Total: 75879 ns
[2020-09-11T16:55:37.961+0000][1][safepoint    ] Safepoint "RevokeBias", Time since last: 1992214 ns, Reaching safepoint: 41605 ns, At safepoint: 15681 ns, Total: 57286 ns
[2020-09-11T16:55:37.962+0000][1][safepoint    ] Safepoint "RevokeBias", Time since last: 197151 ns, Reaching safepoint: 24787 ns, At safepoint: 11278 ns, Total: 36065 ns
[2020-09-11T16:55:38.202+0000][1][safepoint    ] Safepoint "RevokeBias", Time since last: 240066181 ns, Reaching safepoint: 59418 ns, At safepoint: 19039 ns, Total: 78457 ns
[2020-09-11T16:55:38.202+0000][1][safepoint    ] Safepoint "RevokeBias", Time since last: 90238 ns, Reaching safepoint: 23635 ns, At safepoint: 11016 ns, Total: 34651 ns
[2020-09-11T16:55:38.202+0000][1][safepoint    ] Safepoint "RevokeBias", Time since last: 40301 ns, Reaching safepoint: 22229 ns, At safepoint: 10017 ns, Total: 32246 ns
[2020-09-11T16:55:38.202+0000][1][safepoint    ] Safepoint "RevokeBias", Time since last: 37449 ns, Reaching safepoint: 22105 ns, At safepoint: 9671 ns, Total: 31776 ns
[2020-09-11T16:55:38.374+0000][1][safepoint    ] Safepoint "RevokeBias", Time since last: 171447231 ns, Reaching safepoint: 153532 ns, At safepoint: 21986 ns, Total: 175518 ns
[2020-09-11T16:55:38.389+0000][1][safepoint    ] Safepoint "RevokeBias", Time since last: 15423414 ns, Reaching safepoint: 114362 ns, At safepoint: 19146 ns, Total: 133508 ns
[2020-09-11T16:55:38.389+0000][1][safepoint    ] Safepoint "RevokeBias", Time since last: 63882 ns, Reaching safepoint: 106800 ns, At safepoint: 12705 ns, Total: 119505 ns
[2020-09-11T16:55:38.390+0000][1][safepoint    ] Safepoint "RevokeBias", Time since last: 514361 ns, Reaching safepoint: 109361 ns, At safepoint: 12559 ns, Total: 121920 ns
[2020-09-11T16:55:38.390+0000][1][safepoint    ] Safepoint "RevokeBias", Time since last: 36579 ns, Reaching safepoint: 106618 ns, At safepoint: 11519 ns, Total: 118137 ns
[2020-09-11T16:55:38.393+0000][1][safepoint    ] Safepoint "RevokeBias", Time since last: 33801 ns, Reaching safepoint: 2695895 ns, At safepoint: 25276 ns, Total: 2721171 ns
[2020-09-11T16:55:38.393+0000][1][safepoint    ] Safepoint "RevokeBias", Time since last: 58545 ns, Reaching safepoint: 106952 ns, At safepoint: 12327 ns, Total: 119279 ns
[2020-09-11T16:55:38.393+0000][1][safepoint    ] Safepoint "RevokeBias", Time since last: 157595 ns, Reaching safepoint: 24098 ns, At safepoint: 9986 ns, Total: 34084 ns
[2020-09-11T16:55:38.393+0000][1][safepoint    ] Safepoint "RevokeBias", Time since last: 33032 ns, Reaching safepoint: 21870 ns, At safepoint: 9000 ns, Total: 30870 ns
[2020-09-11T16:55:38.393+0000][1][safepoint    ] Safepoint "RevokeBias", Time since last: 30034 ns, Reaching safepoint: 21478 ns, At safepoint: 8969 ns, Total: 30447 ns
[2020-09-11T16:55:38.393+0000][1][safepoint    ] Safepoint "RevokeBias", Time since last: 29392 ns, Reaching safepoint: 21257 ns, At safepoint: 8877 ns, Total: 30134 ns
[2020-09-11T16:55:38.393+0000][1][safepoint    ] Safepoint "RevokeBias", Time since last: 29314 ns, Reaching safepoint: 21045 ns, At safepoint: 8869 ns, Total: 29914 ns
[2020-09-11T16:55:38.703+0000][1][safepoint    ] Safepoint "RevokeBias", Time since last: 303174724 ns, Reaching safepoint: 6416607 ns, At safepoint: 31106 ns, Total: 6447713 ns
[2020-09-11T16:55:38.727+0000][1][safepoint    ] Safepoint "RevokeBias", Time since last: 21621244 ns, Reaching safepoint: 1816059 ns, At safepoint: 26719 ns, Total: 1842778 ns
[2020-09-11T16:55:38.729+0000][1][safepoint    ] Safepoint "RevokeBias", Time since last: 252199 ns, Reaching safepoint: 2011563 ns, At safepoint: 20781 ns, Total: 2032344 ns
[2020-09-11T16:55:38.733+0000][1][safepoint    ] Safepoint "RevokeBias", Time since last: 844453 ns, Reaching safepoint: 3140283 ns, At safepoint: 25416 ns, Total: 3165699 ns
[2020-09-11T16:55:38.735+0000][1][safepoint    ] Safepoint "RevokeBias", Time since last: 177049 ns, Reaching safepoint: 2037770 ns, At safepoint: 16761 ns, Total: 2054531 ns
[2020-09-11T16:55:38.737+0000][1][safepoint    ] Safepoint "RevokeBias", Time since last: 521398 ns, Reaching safepoint: 1198760 ns, At safepoint: 17526 ns, Total: 1216286 ns
[2020-09-11T16:55:38.737+0000][1][safepoint    ] Safepoint "RevokeBias", Time since last: 128714 ns, Reaching safepoint: 100535 ns, At safepoint: 12610 ns, Total: 113145 ns
[2020-09-11T16:55:38.737+0000][1][safepoint    ] Safepoint "RevokeBias", Time since last: 110335 ns, Reaching safepoint: 102022 ns, At safepoint: 11231 ns, Total: 113253 ns
[2020-09-11T16:55:38.739+0000][1][safepoint    ] Safepoint "RevokeBias", Time since last: 562385 ns, Reaching safepoint: 913055 ns, At safepoint: 15443 ns, Total: 928498 ns
[2020-09-11T16:55:38.741+0000][1][safepoint    ] Safepoint "RevokeBias", Time since last: 114174 ns, Reaching safepoint: 1925797 ns, At safepoint: 20677 ns, Total: 1946474 ns
[2020-09-11T16:55:38.742+0000][1][safepoint    ] Safepoint "RevokeBias", Time since last: 516857 ns, Reaching safepoint: 490017 ns, At safepoint: 17726 ns, Total: 507743 ns
[2020-09-11T16:55:39.748+0000][1][safepoint    ] Safepoint "Cleanup", Time since last: 1005993967 ns, Reaching safepoint: 90716 ns, At safepoint: 9298 ns, Total: 100014 ns
[2020-09-11T16:55:40.699+0000][1][gc,start     ] GC(70) Pause Young (Allocation Failure)
[2020-09-11T16:55:40.699+0000][1][gc,task      ] GC(70) Using 1 workers of 1 for evacuation
[2020-09-11T16:55:40.908+0000][1][gc,age       ] GC(70) Desired survivor size 4358144 bytes, new threshold 4 (max threshold 6)
[2020-09-11T16:55:40.908+0000][1][gc,age       ] GC(70) Age table with threshold 4 (max threshold 6)
[2020-09-11T16:55:40.908+0000][1][gc,age       ] GC(70) - age   1:    1704384 bytes,    1704384 total
[2020-09-11T16:55:40.908+0000][1][gc,age       ] GC(70) - age   2:    1078168 bytes,    2782552 total
[2020-09-11T16:55:40.908+0000][1][gc,age       ] GC(70) - age   3:     971912 bytes,    3754464 total
[2020-09-11T16:55:40.908+0000][1][gc,age       ] GC(70) - age   4:    1079888 bytes,    4834352 total
[2020-09-11T16:55:40.908+0000][1][gc,heap      ] GC(70) ParNew: 72830K->8512K(76672K)
[2020-09-11T16:55:40.908+0000][1][gc,heap      ] GC(70) CMS: 97056K->98203K(2011968K)
[2020-09-11T16:55:40.908+0000][1][gc,metaspace ] GC(70) Metaspace: 83606K->83606K(1126400K)
[2020-09-11T16:55:40.908+0000][1][gc           ] GC(70) Pause Young (Allocation Failure) 165M->104M(2039M) 208.985ms
[2020-09-11T16:55:40.908+0000][1][gc,cpu       ] GC(70) User=0.06s Sys=0.00s Real=0.21s
[2020-09-11T16:55:40.949+0000][1][safepoint    ] Safepoint "GenCollectForAllocation", Time since last: 950850127 ns, Reaching safepoint: 73031 ns, At safepoint: 249949535 ns, Total: 250022566 ns
[2020-09-11T16:55:41.961+0000][1][safepoint    ] Safepoint "Cleanup", Time since last: 1009356224 ns, Reaching safepoint: 2535744 ns, At safepoint: 13456 ns, Total: 2549200 ns
[2020-09-11T16:55:42.962+0000][1][safepoint    ] Safepoint "Cleanup", Time since last: 1001570201 ns, Reaching safepoint: 107420 ns, At safepoint: 7347 ns, Total: 114767 ns
[2020-09-11T16:55:43.529+0000][1][safepoint    ] Safepoint "RevokeBias", Time since last: 565194586 ns, Reaching safepoint: 1171369 ns, At safepoint: 28458 ns, Total: 1199827 ns
[2020-09-11T16:55:43.534+0000][1][safepoint    ] Safepoint "RevokeBias", Time since last: 1344195 ns, Reaching safepoint: 3711160 ns, At safepoint: 25466 ns, Total: 3736626 ns
[2020-09-11T16:55:43.593+0000][1][safepoint    ] Safepoint "RevokeBias", Time since last: 59181687 ns, Reaching safepoint: 371500 ns, At safepoint: 26030 ns, Total: 397530 ns
[2020-09-11T16:55:43.604+0000][1][safepoint    ] Safepoint "RevokeBias", Time since last: 9345796 ns, Reaching safepoint: 754117 ns, At safepoint: 22004 ns, Total: 776121 ns
[2020-09-11T16:55:43.764+0000][1][safepoint    ] Safepoint "RevokeBias", Time since last: 159676498 ns, Reaching safepoint: 951109 ns, At safepoint: 23338 ns, Total: 974447 ns
[2020-09-11T16:55:43.913+0000][1][safepoint    ] Safepoint "RevokeBias", Time since last: 148151245 ns, Reaching safepoint: 448252 ns, At safepoint: 23757 ns, Total: 472009 ns
[2020-09-11T16:55:44.039+0000][1][safepoint    ] Safepoint "RevokeBias", Time since last: 122926782 ns, Reaching safepoint: 3015719 ns, At safepoint: 31679 ns, Total: 3047398 ns
[2020-09-11T16:55:44.114+0000][1][safepoint    ] Safepoint "RevokeBias", Time since last: 74559422 ns, Reaching safepoint: 89627 ns, At safepoint: 24644 ns, Total: 114271 ns
[2020-09-11T16:55:44.125+0000][1][safepoint    ] Safepoint "RevokeBias", Time since last: 8768979 ns, Reaching safepoint: 2603976 ns, At safepoint: 32554 ns, Total: 2636530 ns
[2020-09-11T16:55:44.128+0000][1][safepoint    ] Safepoint "RevokeBias", Time since last: 2921474 ns, Reaching safepoint: 72996 ns, At safepoint: 19387 ns, Total: 92383 ns
[2020-09-11T16:55:44.181+0000][1][safepoint    ] Safepoint "RevokeBias", Time since last: 45790003 ns, Reaching safepoint: 6796614 ns, At safepoint: 36191 ns, Total: 6832805 ns
[2020-09-11T16:55:44.225+0000][1][safepoint    ] Safepoint "RevokeBias", Time since last: 41029356 ns, Reaching safepoint: 3275189 ns, At safepoint: 57652 ns, Total: 3332841 ns
[2020-09-11T16:55:44.269+0000][1][safepoint    ] Safepoint "RevokeBias", Time since last: 39883501 ns, Reaching safepoint: 4061275 ns, At safepoint: 32719 ns, Total: 4093994 ns
[2020-09-11T16:55:44.294+0000][1][safepoint    ] Safepoint "RevokeBias", Time since last: 24202681 ns, Reaching safepoint: 1351136 ns, At safepoint: 25585 ns, Total: 1376721 ns
[2020-09-11T16:55:44.310+0000][1][gc,start     ] GC(71) Pause Young (Allocation Failure)
[2020-09-11T16:55:44.310+0000][1][gc,task      ] GC(71) Using 1 workers of 1 for evacuation
[2020-09-11T16:55:44.418+0000][1][gc,age       ] GC(71) Desired survivor size 4358144 bytes, new threshold 6 (max threshold 6)
[2020-09-11T16:55:44.418+0000][1][gc,age       ] GC(71) Age table with threshold 6 (max threshold 6)
[2020-09-11T16:55:44.418+0000][1][gc,age       ] GC(71) - age   1:     293720 bytes,     293720 total
[2020-09-11T16:55:44.418+0000][1][gc,age       ] GC(71) - age   2:    1641840 bytes,    1935560 total
[2020-09-11T16:55:44.418+0000][1][gc,age       ] GC(71) - age   3:    1034344 bytes,    2969904 total
[2020-09-11T16:55:44.418+0000][1][gc,age       ] GC(71) - age   4:     935016 bytes,    3904920 total
[2020-09-11T16:55:44.418+0000][1][gc,heap      ] GC(71) ParNew: 76672K->5736K(76672K)
[2020-09-11T16:55:44.418+0000][1][gc,heap      ] GC(71) CMS: 98203K->99275K(2011968K)
[2020-09-11T16:55:44.418+0000][1][gc,metaspace ] GC(71) Metaspace: 83781K->83781K(1126400K)
[2020-09-11T16:55:44.418+0000][1][gc           ] GC(71) Pause Young (Allocation Failure) 170M->102M(2039M) 107.863ms
[2020-09-11T16:55:44.418+0000][1][gc,cpu       ] GC(71) User=0.02s Sys=0.00s Real=0.11s
[2020-09-11T16:55:44.471+0000][1][safepoint    ] Safepoint "GenCollectForAllocation", Time since last: 11847707 ns, Reaching safepoint: 3581395 ns, At safepoint: 160984420 ns, Total: 164565815 ns
[2020-09-11T16:55:45.488+0000][1][safepoint    ] Safepoint "Cleanup", Time since last: 1005880734 ns, Reaching safepoint: 11677161 ns, At safepoint: 14155 ns, Total: 11691316 ns
[2020-09-11T16:55:46.098+0000][1][safepoint    ] Safepoint "RevokeBias", Time since last: 592510325 ns, Reaching safepoint: 16966263 ns, At safepoint: 29308 ns, Total: 16995571 ns
[2020-09-11T16:55:46.134+0000][1][safepoint    ] Safepoint "RevokeBias", Time since last: 35547963 ns, Reaching safepoint: 286204 ns, At safepoint: 28522 ns, Total: 314726 ns
[2020-09-11T16:55:46.153+0000][1][safepoint    ] Safepoint "RevokeBias", Time since last: 18963894 ns, Reaching safepoint: 156213 ns, At safepoint: 18509 ns, Total: 174722 ns
[2020-09-11T16:55:46.197+0000][1][safepoint    ] Safepoint "RevokeBias", Time since last: 43941743 ns, Reaching safepoint: 228238 ns, At safepoint: 21963 ns, Total: 250201 ns
[2020-09-11T16:55:46.273+0000][1][safepoint    ] Safepoint "RevokeBias", Time since last: 75650757 ns, Reaching safepoint: 160394 ns, At safepoint: 24087 ns, Total: 184481 ns
[2020-09-11T16:55:46.317+0000][1][safepoint    ] Safepoint "RevokeBias", Time since last: 27259067 ns, Reaching safepoint: 16599428 ns, At safepoint: 59332 ns, Total: 16658760 ns
[2020-09-11T16:55:46.354+0000][1][safepoint    ] Safepoint "RevokeBias", Time since last: 35906921 ns, Reaching safepoint: 1024566 ns, At safepoint: 24334 ns, Total: 1048900 ns
[2020-09-11T16:55:46.360+0000][1][safepoint    ] Safepoint "RevokeBias", Time since last: 5848694 ns, Reaching safepoint: 152644 ns, At safepoint: 23162 ns, Total: 175806 ns
[2020-09-11T16:55:46.360+0000][1][safepoint    ] Safepoint "RevokeBias", Time since last: 113506 ns, Reaching safepoint: 113737 ns, At safepoint: 13896 ns, Total: 127633 ns
[2020-09-11T16:55:46.360+0000][1][safepoint    ] Safepoint "RevokeBias", Time since last: 50734 ns, Reaching safepoint: 107819 ns, At safepoint: 12622 ns, Total: 120441 ns
[2020-09-11T16:55:46.360+0000][1][safepoint    ] Safepoint "RevokeBias", Time since last: 47270 ns, Reaching safepoint: 107019 ns, At safepoint: 13517 ns, Total: 120536 ns
[2020-09-11T16:55:46.361+0000][1][safepoint    ] Safepoint "RevokeBias", Time since last: 47437 ns, Reaching safepoint: 107586 ns, At safepoint: 12062 ns, Total: 119648 ns
[2020-09-11T16:55:46.361+0000][1][safepoint    ] Safepoint "RevokeBias", Time since last: 46694 ns, Reaching safepoint: 110225 ns, At safepoint: 12182 ns, Total: 122407 ns
[2020-09-11T16:55:46.361+0000][1][safepoint    ] Safepoint "RevokeBias", Time since last: 47547 ns, Reaching safepoint: 107573 ns, At safepoint: 12055 ns, Total: 119628 ns
[2020-09-11T16:55:46.365+0000][1][safepoint    ] Safepoint "RevokeBias", Time since last: 46229 ns, Reaching safepoint: 3840413 ns, At safepoint: 33106 ns, Total: 3873519 ns
[2020-09-11T16:55:46.365+0000][1][safepoint    ] Safepoint "RevokeBias", Time since last: 115870 ns, Reaching safepoint: 110320 ns, At safepoint: 13377 ns, Total: 123697 ns
[2020-09-11T16:55:46.964+0000][1][safepoint    ] Safepoint "RevokeBias", Time since last: 596194499 ns, Reaching safepoint: 3036444 ns, At safepoint: 26628 ns, Total: 3063072 ns
[2020-09-11T16:55:46.971+0000][1][safepoint    ] Safepoint "RevokeBias", Time since last: 5097078 ns, Reaching safepoint: 1090267 ns, At safepoint: 47755 ns, Total: 1138022 ns
[2020-09-11T16:55:46.971+0000][1][safepoint    ] Safepoint "RevokeBias", Time since last: 88561 ns, Reaching safepoint: 310884 ns, At safepoint: 54145 ns, Total: 365029 ns
[2020-09-11T16:55:46.971+0000][1][safepoint    ] Safepoint "RevokeBias", Time since last: 55619 ns, Reaching safepoint: 291433 ns, At safepoint: 28861 ns, Total: 320294 ns
[2020-09-11T16:55:46.973+0000][1][safepoint    ] Safepoint "RevokeBias", Time since last: 134543 ns, Reaching safepoint: 1273390 ns, At safepoint: 45243 ns, Total: 1318633 ns
[2020-09-11T16:55:46.983+0000][1][safepoint    ] Safepoint "RevokeBias", Time since last: 7781475 ns, Reaching safepoint: 2399701 ns, At safepoint: 52576 ns, Total: 2452277 ns
[2020-09-11T16:55:46.983+0000][1][safepoint    ] Safepoint "RevokeBias", Time since last: 104443 ns, Reaching safepoint: 113403 ns, At safepoint: 29115 ns, Total: 142518 ns
[2020-09-11T16:55:46.984+0000][1][safepoint    ] Safepoint "RevokeBias", Time since last: 96764 ns, Reaching safepoint: 213734 ns, At safepoint: 29870 ns, Total: 243604 ns
[2020-09-11T16:55:46.985+0000][1][safepoint    ] Safepoint "RevokeBias", Time since last: 59733 ns, Reaching safepoint: 1006567 ns, At safepoint: 52736 ns, Total: 1059303 ns
[2020-09-11T16:55:46.987+0000][1][safepoint    ] Safepoint "RevokeBias", Time since last: 46551 ns, Reaching safepoint: 2347262 ns, At safepoint: 57142 ns, Total: 2404404 ns
[2020-09-11T16:55:46.988+0000][1][safepoint    ] Safepoint "RevokeBias", Time since last: 64303 ns, Reaching safepoint: 112300 ns, At safepoint: 23274 ns, Total: 135574 ns
[2020-09-11T16:55:46.988+0000][1][safepoint    ] Safepoint "RevokeBias", Time since last: 88527 ns, Reaching safepoint: 110545 ns, At safepoint: 23842 ns, Total: 134387 ns
[2020-09-11T16:55:46.988+0000][1][safepoint    ] Safepoint "RevokeBias", Time since last: 52651 ns, Reaching safepoint: 108247 ns, At safepoint: 21930 ns, Total: 130177 ns
[2020-09-11T16:55:46.988+0000][1][safepoint    ] Safepoint "RevokeBias", Time since last: 53771 ns, Reaching safepoint: 111271 ns, At safepoint: 29038 ns, Total: 140309 ns
[2020-09-11T16:55:46.989+0000][1][safepoint    ] Safepoint "RevokeBias", Time since last: 56286 ns, Reaching safepoint: 351277 ns, At safepoint: 22340 ns, Total: 373617 ns
[2020-09-11T16:55:46.989+0000][1][safepoint    ] Safepoint "RevokeBias", Time since last: 34318 ns, Reaching safepoint: 226785 ns, At safepoint: 21828 ns, Total: 248613 ns
[2020-09-11T16:55:47.193+0000][1][safepoint    ] Safepoint "RevokeBias", Time since last: 193522817 ns, Reaching safepoint: 10518816 ns, At safepoint: 33989 ns, Total: 10552805 ns
[2020-09-11T16:55:47.201+0000][1][safepoint    ] Safepoint "RevokeBias", Time since last: 8137202 ns, Reaching safepoint: 211156 ns, At safepoint: 49502 ns, Total: 260658 ns
[2020-09-11T16:55:47.202+0000][1][safepoint    ] Safepoint "RevokeBias", Time since last: 181646 ns, Reaching safepoint: 103600 ns, At safepoint: 29501 ns, Total: 133101 ns
[2020-09-11T16:55:47.431+0000][1][gc,start     ] GC(72) Pause Young (Allocation Failure)
[2020-09-11T16:55:47.431+0000][1][gc,task      ] GC(72) Using 1 workers of 1 for evacuation
[2020-09-11T16:55:47.572+0000][1][gc,age       ] GC(72) Desired survivor size 4358144 bytes, new threshold 5 (max threshold 6)
[2020-09-11T16:55:47.572+0000][1][gc,age       ] GC(72) Age table with threshold 5 (max threshold 6)
[2020-09-11T16:55:47.572+0000][1][gc,age       ] GC(72) - age   1:    1480160 bytes,    1480160 total
[2020-09-11T16:55:47.572+0000][1][gc,age       ] GC(72) - age   2:     190232 bytes,    1670392 total
[2020-09-11T16:55:47.572+0000][1][gc,age       ] GC(72) - age   3:    1624872 bytes,    3295264 total
[2020-09-11T16:55:47.572+0000][1][gc,age       ] GC(72) - age   4:    1006792 bytes,    4302056 total
[2020-09-11T16:55:47.572+0000][1][gc,age       ] GC(72) - age   5:     932248 bytes,    5234304 total
[2020-09-11T16:55:47.572+0000][1][gc,heap      ] GC(72) ParNew: 73896K->7154K(76672K)
[2020-09-11T16:55:47.572+0000][1][gc,heap      ] GC(72) CMS: 99275K->99275K(2011968K)
[2020-09-11T16:55:47.572+0000][1][gc,metaspace ] GC(72) Metaspace: 84593K->84593K(1126400K)
[2020-09-11T16:55:47.572+0000][1][gc           ] GC(72) Pause Young (Allocation Failure) 169M->103M(2039M) 141.085ms
[2020-09-11T16:55:47.572+0000][1][gc,cpu       ] GC(72) User=0.03s Sys=0.00s Real=0.14s
[2020-09-11T16:55:47.650+0000][1][safepoint    ] Safepoint "GenCollectForAllocation", Time since last: 229125859 ns, Reaching safepoint: 173482 ns, At safepoint: 218924730 ns, Total: 219098212 ns
[2020-09-11T16:55:47.673+0000][1][safepoint    ] Safepoint "RevokeBias", Time since last: 11898074 ns, Reaching safepoint: 2036955 ns, At safepoint: 9582206 ns, Total: 11619161 ns
[2020-09-11T16:55:47.686+0000][1][safepoint    ] Safepoint "RevokeBias", Time since last: 426983 ns, Reaching safepoint: 3062290 ns, At safepoint: 9598824 ns, Total: 12661114 ns
[2020-09-11T16:55:47.689+0000][1][safepoint    ] Safepoint "RevokeBias", Time since last: 126708 ns, Reaching safepoint: 2294004 ns, At safepoint: 77263 ns, Total: 2371267 ns
[2020-09-11T16:55:47.705+0000][1][safepoint    ] Safepoint "RevokeBias", Time since last: 12934817 ns, Reaching safepoint: 2403756 ns, At safepoint: 491263 ns, Total: 2895019 ns
[2020-09-11T16:55:47.706+0000][1][safepoint    ] Safepoint "RevokeBias", Time since last: 169700 ns, Reaching safepoint: 332573 ns, At safepoint: 699949 ns, Total: 1032522 ns
[2020-09-11T16:55:47.727+0000][1][safepoint    ] Safepoint "RevokeBias", Time since last: 20313382 ns, Reaching safepoint: 165078 ns, At safepoint: 61989 ns, Total: 227067 ns
[2020-09-11T16:55:47.785+0000][1][safepoint    ] Safepoint "RevokeBias", Time since last: 57127042 ns, Reaching safepoint: 992398 ns, At safepoint: 93774 ns, Total: 1086172 ns
[2020-09-11T16:55:47.862+0000][1][safepoint    ] Safepoint "RevokeBias", Time since last: 76885944 ns, Reaching safepoint: 304145 ns, At safepoint: 553153 ns, Total: 857298 ns
[2020-09-11T16:55:47.944+0000][1][safepoint    ] Safepoint "RevokeBias", Time since last: 81650692 ns, Reaching safepoint: 306153 ns, At safepoint: 33094 ns, Total: 339247 ns
[2020-09-11T16:55:47.946+0000][1][safepoint    ] Safepoint "RevokeBias", Time since last: 1610872 ns, Reaching safepoint: 294534 ns, At safepoint: 20111 ns, Total: 314645 ns
[2020-09-11T16:55:47.951+0000][1][safepoint    ] Safepoint "RevokeBias", Time since last: 4221263 ns, Reaching safepoint: 162760 ns, At safepoint: 25281 ns, Total: 188041 ns
[2020-09-11T16:55:47.969+0000][1][safepoint    ] Safepoint "RevokeBias", Time since last: 18244407 ns, Reaching safepoint: 77261 ns, At safepoint: 21278 ns, Total: 98539 ns
[2020-09-11T16:55:47.978+0000][1][safepoint    ] Safepoint "RevokeBias", Time since last: 8456271 ns, Reaching safepoint: 72024 ns, At safepoint: 19781 ns, Total: 91805 ns
[2020-09-11T16:55:47.978+0000][1][safepoint    ] Safepoint "RevokeBias", Time since last: 62740 ns, Reaching safepoint: 30515 ns, At safepoint: 10846 ns, Total: 41361 ns
[2020-09-11T16:55:47.978+0000][1][safepoint    ] Safepoint "RevokeBias", Time since last: 32762 ns, Reaching safepoint: 29640 ns, At safepoint: 10453 ns, Total: 40093 ns
[2020-09-11T16:55:47.978+0000][1][safepoint    ] Safepoint "RevokeBias", Time since last: 31939 ns, Reaching safepoint: 29240 ns, At safepoint: 9892 ns, Total: 39132 ns
[2020-09-11T16:55:47.978+0000][1][safepoint    ] Safepoint "RevokeBias", Time since last: 31753 ns, Reaching safepoint: 29222 ns, At safepoint: 9965 ns, Total: 39187 ns
[2020-09-11T16:55:47.978+0000][1][safepoint    ] Safepoint "RevokeBias", Time since last: 31179 ns, Reaching safepoint: 29226 ns, At safepoint: 9904 ns, Total: 39130 ns
[2020-09-11T16:55:47.978+0000][1][safepoint    ] Safepoint "RevokeBias", Time since last: 31270 ns, Reaching safepoint: 29168 ns, At safepoint: 9900 ns, Total: 39068 ns
[2020-09-11T16:55:47.983+0000][1][safepoint    ] Safepoint "RevokeBias", Time since last: 4754811 ns, Reaching safepoint: 73384 ns, At safepoint: 22002 ns, Total: 95386 ns
[2020-09-11T16:55:47.983+0000][1][safepoint    ] Safepoint "RevokeBias", Time since last: 100261 ns, Reaching safepoint: 30887 ns, At safepoint: 12074 ns, Total: 42961 ns
[2020-09-11T16:55:48.101+0000][1][safepoint    ] Safepoint "RevokeBias", Time since last: 118242546 ns, Reaching safepoint: 88949 ns, At safepoint: 23959 ns, Total: 112908 ns
[2020-09-11T16:55:48.102+0000][1][safepoint    ] Safepoint "RevokeBias", Time since last: 306898 ns, Reaching safepoint: 34558 ns, At safepoint: 12554 ns, Total: 47112 ns
[2020-09-11T16:55:48.102+0000][1][safepoint    ] Safepoint "RevokeBias", Time since last: 51230 ns, Reaching safepoint: 30996 ns, At safepoint: 12666 ns, Total: 43662 ns
[2020-09-11T16:55:48.102+0000][1][safepoint    ] Safepoint "BulkRevokeBias", Time since last: 63203 ns, Reaching safepoint: 31010 ns, At safepoint: 223036 ns, Total: 254046 ns
[2020-09-11T16:55:48.102+0000][1][safepoint    ] Safepoint "RevokeBias", Time since last: 74187 ns, Reaching safepoint: 32869 ns, At safepoint: 13118 ns, Total: 45987 ns
[2020-09-11T16:55:48.114+0000][1][safepoint    ] Safepoint "RevokeBias", Time since last: 11328369 ns, Reaching safepoint: 78541 ns, At safepoint: 20507 ns, Total: 99048 ns
[2020-09-11T16:55:48.114+0000][1][safepoint    ] Safepoint "RevokeBias", Time since last: 114376 ns, Reaching safepoint: 31891 ns, At safepoint: 11798 ns, Total: 43689 ns
[2020-09-11T16:55:48.119+0000][1][safepoint    ] Safepoint "RevokeBias", Time since last: 4807273 ns, Reaching safepoint: 66866 ns, At safepoint: 18203 ns, Total: 85069 ns
[2020-09-11T16:55:48.119+0000][1][safepoint    ] Safepoint "RevokeBias", Time since last: 60944 ns, Reaching safepoint: 29618 ns, At safepoint: 18550 ns, Total: 48168 ns
[2020-09-11T16:55:48.119+0000][1][safepoint    ] Safepoint "RevokeBias", Time since last: 52144 ns, Reaching safepoint: 29606 ns, At safepoint: 27516 ns, Total: 57122 ns
[2020-09-11T16:55:48.119+0000][1][safepoint    ] Safepoint "RevokeBias", Time since last: 50759 ns, Reaching safepoint: 29580 ns, At safepoint: 17292 ns, Total: 46872 ns
[2020-09-11T16:55:48.119+0000][1][safepoint    ] Safepoint "RevokeBias", Time since last: 35342 ns, Reaching safepoint: 28831 ns, At safepoint: 16725 ns, Total: 45556 ns
[2020-09-11T16:55:48.120+0000][1][safepoint    ] Safepoint "BulkRevokeBias", Time since last: 34862 ns, Reaching safepoint: 28612 ns, At safepoint: 218869 ns, Total: 247481 ns
[2020-09-11T16:55:48.133+0000][1][safepoint    ] Safepoint "RevokeBias", Time since last: 1336171 ns, Reaching safepoint: 132998 ns, At safepoint: 12302031 ns, Total: 12435029 ns
[2020-09-11T16:55:48.163+0000][1][safepoint    ] Safepoint "RevokeBias", Time since last: 29743028 ns, Reaching safepoint: 142070 ns, At safepoint: 22960 ns, Total: 165030 ns
[2020-09-11T16:55:48.170+0000][1][safepoint    ] Safepoint "RevokeBias", Time since last: 1596413 ns, Reaching safepoint: 5067511 ns, At safepoint: 34235 ns, Total: 5101746 ns
[2020-09-11T16:55:48.170+0000][1][safepoint    ] Safepoint "RevokeBias", Time since last: 93469 ns, Reaching safepoint: 103313 ns, At safepoint: 14184 ns, Total: 117497 ns
[2020-09-11T16:55:48.173+0000][1][safepoint    ] Safepoint "RevokeBias", Time since last: 36262 ns, Reaching safepoint: 2619877 ns, At safepoint: 20206 ns, Total: 2640083 ns
[2020-09-11T16:55:48.173+0000][1][safepoint    ] Safepoint "RevokeBias", Time since last: 51145 ns, Reaching safepoint: 107143 ns, At safepoint: 14628 ns, Total: 121771 ns
[2020-09-11T16:55:48.173+0000][1][safepoint    ] Safepoint "RevokeBias", Time since last: 36194 ns, Reaching safepoint: 99993 ns, At safepoint: 13385 ns, Total: 113378 ns
[2020-09-11T16:55:48.173+0000][1][safepoint    ] Safepoint "RevokeBias", Time since last: 34877 ns, Reaching safepoint: 100006 ns, At safepoint: 13268 ns, Total: 113274 ns
[2020-09-11T16:55:48.173+0000][1][safepoint    ] Safepoint "RevokeBias", Time since last: 34610 ns, Reaching safepoint: 178355 ns, At safepoint: 12661 ns, Total: 191016 ns
[2020-09-11T16:55:48.174+0000][1][safepoint    ] Safepoint "RevokeBias", Time since last: 36043 ns, Reaching safepoint: 28356 ns, At safepoint: 10044 ns, Total: 38400 ns
[2020-09-11T16:55:48.174+0000][1][safepoint    ] Safepoint "RevokeBias", Time since last: 72854 ns, Reaching safepoint: 28836 ns, At safepoint: 10136 ns, Total: 38972 ns
[2020-09-11T16:55:48.207+0000][1][safepoint    ] Safepoint "RevokeBias", Time since last: 33187884 ns, Reaching safepoint: 74873 ns, At safepoint: 19069 ns, Total: 93942 ns
[2020-09-11T16:55:48.207+0000][1][safepoint    ] Safepoint "RevokeBias", Time since last: 86447 ns, Reaching safepoint: 30360 ns, At safepoint: 11663 ns, Total: 42023 ns
[2020-09-11T16:55:48.326+0000][1][safepoint    ] Safepoint "RevokeBias", Time since last: 119004946 ns, Reaching safepoint: 83734 ns, At safepoint: 21712 ns, Total: 105446 ns
[2020-09-11T16:55:48.327+0000][1][safepoint    ] Safepoint "RevokeBias", Time since last: 545019 ns, Reaching safepoint: 34602 ns, At safepoint: 33712 ns, Total: 68314 ns
[2020-09-11T16:55:48.550+0000][1][safepoint    ] Safepoint "RevokeBias", Time since last: 223308736 ns, Reaching safepoint: 84200 ns, At safepoint: 17657 ns, Total: 101857 ns
[2020-09-11T16:55:48.550+0000][1][safepoint    ] Safepoint "RevokeBias", Time since last: 140793 ns, Reaching safepoint: 32605 ns, At safepoint: 11478 ns, Total: 44083 ns
[2020-09-11T16:55:49.315+0000][1][safepoint    ] Safepoint "RevokeBias", Time since last: 764527805 ns, Reaching safepoint: 176663 ns, At safepoint: 20590 ns, Total: 197253 ns
[2020-09-11T16:55:49.315+0000][1][safepoint    ] Safepoint "RevokeBias", Time since last: 78309 ns, Reaching safepoint: 108860 ns, At safepoint: 13579 ns, Total: 122439 ns
[2020-09-11T16:55:49.857+0000][1][safepoint    ] Safepoint "RevokeBias", Time since last: 541481558 ns, Reaching safepoint: 171157 ns, At safepoint: 20523 ns, Total: 191680 ns
[2020-09-11T16:55:49.948+0000][1][safepoint    ] Safepoint "RevokeBias", Time since last: 89685079 ns, Reaching safepoint: 820592 ns, At safepoint: 23363 ns, Total: 843955 ns
[2020-09-11T16:55:50.025+0000][1][safepoint    ] Safepoint "RevokeBias", Time since last: 73393190 ns, Reaching safepoint: 3918977 ns, At safepoint: 19113 ns, Total: 3938090 ns
[2020-09-11T16:55:50.025+0000][1][safepoint    ] Safepoint "RevokeBias", Time since last: 341893 ns, Reaching safepoint: 110008 ns, At safepoint: 6133 ns, Total: 116141 ns
[2020-09-11T16:55:50.227+0000][1][safepoint    ] Safepoint "RevokeBias", Time since last: 200371150 ns, Reaching safepoint: 1532328 ns, At safepoint: 21615 ns, Total: 1553943 ns
[2020-09-11T16:55:50.229+0000][1][safepoint    ] Safepoint "RevokeBias", Time since last: 131486 ns, Reaching safepoint: 1422592 ns, At safepoint: 15536 ns, Total: 1438128 ns
[2020-09-11T16:55:50.245+0000][1][safepoint    ] Safepoint "RevokeBias", Time since last: 10088959 ns, Reaching safepoint: 5958637 ns, At safepoint: 26620 ns, Total: 5985257 ns
[2020-09-11T16:55:50.247+0000][1][safepoint    ] Safepoint "RevokeBias", Time since last: 178503 ns, Reaching safepoint: 1657543 ns, At safepoint: 21962 ns, Total: 1679505 ns
[2020-09-11T16:55:50.249+0000][1][safepoint    ] Safepoint "BulkRevokeBias", Time since last: 734537 ns, Reaching safepoint: 1335706 ns, At safepoint: 213449 ns, Total: 1549155 ns
[2020-09-11T16:55:50.277+0000][1][safepoint    ] Safepoint "RevokeBias", Time since last: 25517746 ns, Reaching safepoint: 2308089 ns, At safepoint: 32259 ns, Total: 2340348 ns
[2020-09-11T16:55:50.290+0000][1][safepoint    ] Safepoint "RevokeBias", Time since last: 9199426 ns, Reaching safepoint: 3864332 ns, At safepoint: 35041 ns, Total: 3899373 ns
[2020-09-11T16:55:50.350+0000][1][safepoint    ] Safepoint "RevokeBias", Time since last: 59341816 ns, Reaching safepoint: 794828 ns, At safepoint: 22615 ns, Total: 817443 ns
[2020-09-11T16:55:50.474+0000][1][safepoint    ] Safepoint "RevokeBias", Time since last: 123471220 ns, Reaching safepoint: 74439 ns, At safepoint: 20038 ns, Total: 94477 ns
[2020-09-11T16:55:50.602+0000][1][safepoint    ] Safepoint "BulkRevokeBias", Time since last: 127930562 ns, Reaching safepoint: 147846 ns, At safepoint: 234365 ns, Total: 382211 ns
[2020-09-11T16:55:51.192+0000][1][safepoint    ] Safepoint "RevokeBias", Time since last: 589574315 ns, Reaching safepoint: 161522 ns, At safepoint: 44019 ns, Total: 205541 ns
[2020-09-11T16:55:51.195+0000][1][safepoint    ] Safepoint "RevokeBias", Time since last: 3166828 ns, Reaching safepoint: 142830 ns, At safepoint: 21838 ns, Total: 164668 ns
[2020-09-11T16:55:51.195+0000][1][safepoint    ] Safepoint "RevokeBias", Time since last: 225773 ns, Reaching safepoint: 103390 ns, At safepoint: 14018 ns, Total: 117408 ns
[2020-09-11T16:55:51.196+0000][1][safepoint    ] Safepoint "RevokeBias", Time since last: 49620 ns, Reaching safepoint: 99440 ns, At safepoint: 15303 ns, Total: 114743 ns
[2020-09-11T16:55:51.196+0000][1][safepoint    ] Safepoint "RevokeBias", Time since last: 38567 ns, Reaching safepoint: 98728 ns, At safepoint: 12556 ns, Total: 111284 ns
[2020-09-11T16:55:51.279+0000][1][gc,start     ] GC(73) Pause Young (Allocation Failure)
[2020-09-11T16:55:51.279+0000][1][gc,task      ] GC(73) Using 1 workers of 1 for evacuation
[2020-09-11T16:55:51.484+0000][1][gc,age       ] GC(73) Desired survivor size 4358144 bytes, new threshold 5 (max threshold 6)
[2020-09-11T16:55:51.484+0000][1][gc,age       ] GC(73) Age table with threshold 5 (max threshold 6)
[2020-09-11T16:55:51.484+0000][1][gc,age       ] GC(73) - age   1:     844392 bytes,     844392 total
[2020-09-11T16:55:51.484+0000][1][gc,age       ] GC(73) - age   2:    1341280 bytes,    2185672 total
[2020-09-11T16:55:51.484+0000][1][gc,age       ] GC(73) - age   3:     178520 bytes,    2364192 total
[2020-09-11T16:55:51.484+0000][1][gc,age       ] GC(73) - age   4:    1606096 bytes,    3970288 total
[2020-09-11T16:55:51.484+0000][1][gc,age       ] GC(73) - age   5:    1005368 bytes,    4975656 total
[2020-09-11T16:55:51.484+0000][1][gc,heap      ] GC(73) ParNew: 75314K->8512K(76672K)
[2020-09-11T16:55:51.484+0000][1][gc,heap      ] GC(73) CMS: 99275K->100201K(2011968K)
[2020-09-11T16:55:51.484+0000][1][gc,metaspace ] GC(73) Metaspace: 85078K->85078K(1128448K)
[2020-09-11T16:55:51.484+0000][1][gc           ] GC(73) Pause Young (Allocation Failure) 170M->106M(2039M) 205.560ms
[2020-09-11T16:55:51.484+0000][1][gc,cpu       ] GC(73) User=0.05s Sys=0.00s Real=0.21s
[2020-09-11T16:55:51.510+0000][1][safepoint    ] Safepoint "GenCollectForAllocation", Time since last: 82920811 ns, Reaching safepoint: 151749 ns, At safepoint: 231174636 ns, Total: 231326385 ns
[2020-09-11T16:55:51.527+0000][1][safepoint    ] Safepoint "RevokeBias", Time since last: 12353189 ns, Reaching safepoint: 1196801 ns, At safepoint: 3119439 ns, Total: 4316240 ns
[2020-09-11T16:55:51.540+0000][1][safepoint    ] Safepoint "RevokeBias", Time since last: 13526965 ns, Reaching safepoint: 87610 ns, At safepoint: 33942 ns, Total: 121552 ns
[2020-09-11T16:55:51.650+0000][1][safepoint    ] Safepoint "RevokeBias", Time since last: 109200592 ns, Reaching safepoint: 76087 ns, At safepoint: 22685 ns, Total: 98772 ns
[2020-09-11T16:55:51.712+0000][1][safepoint    ] Safepoint "RevokeBias", Time since last: 61693203 ns, Reaching safepoint: 147971 ns, At safepoint: 18963 ns, Total: 166934 ns
[2020-09-11T16:55:51.731+0000][1][safepoint    ] Safepoint "RevokeBias", Time since last: 19305939 ns, Reaching safepoint: 139637 ns, At safepoint: 16988 ns, Total: 156625 ns
[2020-09-11T16:55:51.927+0000][1][safepoint    ] Safepoint "RevokeBias", Time since last: 196058572 ns, Reaching safepoint: 82604 ns, At safepoint: 18917 ns, Total: 101521 ns
[2020-09-11T16:55:51.984+0000][1][safepoint    ] Safepoint "RevokeBias", Time since last: 56423051 ns, Reaching safepoint: 143917 ns, At safepoint: 20598 ns, Total: 164515 ns
[2020-09-11T16:55:51.990+0000][1][safepoint    ] Safepoint "RevokeBias", Time since last: 2061400 ns, Reaching safepoint: 4609626 ns, At safepoint: 27840 ns, Total: 4637466 ns
[2020-09-11T16:55:51.991+0000][1][safepoint    ] Safepoint "RevokeBias", Time since last: 197901 ns, Reaching safepoint: 108191 ns, At safepoint: 13611 ns, Total: 121802 ns
[2020-09-11T16:55:52.002+0000][1][safepoint    ] Safepoint "RevokeBias", Time since last: 8600607 ns, Reaching safepoint: 2934140 ns, At safepoint: 48821 ns, Total: 2982961 ns
[2020-09-11T16:55:52.043+0000][1][safepoint    ] Safepoint "RevokeBias", Time since last: 40136940 ns, Reaching safepoint: 154131 ns, At safepoint: 21901 ns, Total: 176032 ns
[2020-09-11T16:55:52.043+0000][1][safepoint    ] Safepoint "RevokeBias", Time since last: 84808 ns, Reaching safepoint: 107046 ns, At safepoint: 14578 ns, Total: 121624 ns
[2020-09-11T16:55:52.043+0000][1][safepoint    ] Safepoint "RevokeBias", Time since last: 59886 ns, Reaching safepoint: 106795 ns, At safepoint: 14401 ns, Total: 121196 ns
[2020-09-11T16:55:52.240+0000][1][safepoint    ] Safepoint "RevokeBias", Time since last: 196932349 ns, Reaching safepoint: 158944 ns, At safepoint: 42524 ns, Total: 201468 ns
[2020-09-11T16:55:52.469+0000][1][safepoint    ] Safepoint "RevokeBias", Time since last: 228984380 ns, Reaching safepoint: 150391 ns, At safepoint: 23863 ns, Total: 174254 ns
[2020-09-11T16:55:52.478+0000][1][safepoint    ] Safepoint "RevokeBias", Time since last: 8148948 ns, Reaching safepoint: 154476 ns, At safepoint: 23887 ns, Total: 178363 ns
[2020-09-11T16:55:52.482+0000][1][safepoint    ] Safepoint "RevokeBias", Time since last: 3784005 ns, Reaching safepoint: 143604 ns, At safepoint: 20108 ns, Total: 163712 ns
[2020-09-11T16:55:52.584+0000][1][safepoint    ] Safepoint "RevokeBias", Time since last: 102734798 ns, Reaching safepoint: 74839 ns, At safepoint: 44796 ns, Total: 119635 ns
[2020-09-11T16:55:53.208+0000][1][safepoint    ] Safepoint "RevokeBias", Time since last: 623010902 ns, Reaching safepoint: 91507 ns, At safepoint: 20903 ns, Total: 112410 ns
[2020-09-11T16:55:53.303+0000][1][safepoint    ] Safepoint "RevokeBias", Time since last: 94482108 ns, Reaching safepoint: 1201408 ns, At safepoint: 24250 ns, Total: 1225658 ns
[2020-09-11T16:55:53.310+0000][1][safepoint    ] Safepoint "RevokeBias", Time since last: 5687301 ns, Reaching safepoint: 844993 ns, At safepoint: 20004 ns, Total: 864997 ns
[2020-09-11T16:55:53.310+0000][1][safepoint    ] Safepoint "RevokeBias", Time since last: 317706 ns, Reaching safepoint: 37746 ns, At safepoint: 12498 ns, Total: 50244 ns
[2020-09-11T16:55:53.310+0000][1][safepoint    ] Safepoint "RevokeBias", Time since last: 66067 ns, Reaching safepoint: 32709 ns, At safepoint: 10686 ns, Total: 43395 ns
[2020-09-11T16:55:53.328+0000][1][safepoint    ] Safepoint "RevokeBias", Time since last: 17065237 ns, Reaching safepoint: 148140 ns, At safepoint: 19504 ns, Total: 167644 ns
[2020-09-11T16:55:53.330+0000][1][safepoint    ] Safepoint "RevokeBias", Time since last: 165086 ns, Reaching safepoint: 1772614 ns, At safepoint: 20008 ns, Total: 1792622 ns
[2020-09-11T16:55:53.885+0000][1][safepoint    ] Safepoint "RevokeBias", Time since last: 555258258 ns, Reaching safepoint: 168830 ns, At safepoint: 21239 ns, Total: 190069 ns
[2020-09-11T16:55:54.265+0000][1][safepoint    ] Safepoint "RevokeBias", Time since last: 376156554 ns, Reaching safepoint: 3845426 ns, At safepoint: 17889 ns, Total: 3863315 ns
[2020-09-11T16:55:54.269+0000][1][safepoint    ] Safepoint "RevokeBias", Time since last: 4147036 ns, Reaching safepoint: 146935 ns, At safepoint: 11550 ns, Total: 158485 ns
[2020-09-11T16:55:54.398+0000][1][safepoint    ] Safepoint "RevokeBias", Time since last: 128835662 ns, Reaching safepoint: 159258 ns, At safepoint: 23712 ns, Total: 182970 ns
[2020-09-11T16:55:54.565+0000][1][safepoint    ] Safepoint "RevokeBias", Time since last: 162577659 ns, Reaching safepoint: 3964262 ns, At safepoint: 32621 ns, Total: 3996883 ns
[2020-09-11T16:55:54.582+0000][1][safepoint    ] Safepoint "RevokeBias", Time since last: 12673602 ns, Reaching safepoint: 4367119 ns, At safepoint: 32365 ns, Total: 4399484 ns
[2020-09-11T16:55:54.617+0000][1][safepoint    ] Safepoint "RevokeBias", Time since last: 35293438 ns, Reaching safepoint: 217570 ns, At safepoint: 22264 ns, Total: 239834 ns
[2020-09-11T16:55:54.821+0000][1][gc,start     ] GC(74) Pause Young (Allocation Failure)
[2020-09-11T16:55:54.821+0000][1][gc,task      ] GC(74) Using 1 workers of 1 for evacuation
[2020-09-11T16:55:54.977+0000][1][gc,age       ] GC(74) Desired survivor size 4358144 bytes, new threshold 2 (max threshold 6)
[2020-09-11T16:55:54.977+0000][1][gc,age       ] GC(74) Age table with threshold 2 (max threshold 6)
[2020-09-11T16:55:54.977+0000][1][gc,age       ] GC(74) - age   1:    3616992 bytes,    3616992 total
[2020-09-11T16:55:54.977+0000][1][gc,age       ] GC(74) - age   2:     775768 bytes,    4392760 total
[2020-09-11T16:55:54.977+0000][1][gc,age       ] GC(74) - age   3:    1337152 bytes,    5729912 total
[2020-09-11T16:55:54.977+0000][1][gc,age       ] GC(74) - age   4:     175232 bytes,    5905144 total
[2020-09-11T16:55:54.977+0000][1][gc,age       ] GC(74) - age   5:    1598328 bytes,    7503472 total
[2020-09-11T16:55:54.977+0000][1][gc,heap      ] GC(74) ParNew: 76672K->8512K(76672K)
[2020-09-11T16:55:54.977+0000][1][gc,heap      ] GC(74) CMS: 100201K->101204K(2011968K)
[2020-09-11T16:55:54.977+0000][1][gc,metaspace ] GC(74) Metaspace: 85970K->85970K(1128448K)
[2020-09-11T16:55:54.977+0000][1][gc           ] GC(74) Pause Young (Allocation Failure) 172M->107M(2039M) 156.220ms
[2020-09-11T16:55:54.977+0000][1][gc,cpu       ] GC(74) User=0.03s Sys=0.00s Real=0.15s
[2020-09-11T16:55:55.030+0000][1][safepoint    ] Safepoint "GenCollectForAllocation", Time since last: 200130637 ns, Reaching safepoint: 3251526 ns, At safepoint: 208841961 ns, Total: 212093487 ns
[2020-09-11T16:55:55.118+0000][1][safepoint    ] Safepoint "RevokeBias", Time since last: 87176576 ns, Reaching safepoint: 1556614 ns, At safepoint: 52457 ns, Total: 1609071 ns
[2020-09-11T16:55:55.130+0000][1][safepoint    ] Safepoint "RevokeBias", Time since last: 11755199 ns, Reaching safepoint: 189275 ns, At safepoint: 24695 ns, Total: 213970 ns
[2020-09-11T16:55:55.139+0000][1][safepoint    ] Safepoint "RevokeBias", Time since last: 6728874 ns, Reaching safepoint: 1888108 ns, At safepoint: 51199 ns, Total: 1939307 ns
[2020-09-11T16:55:55.221+0000][1][safepoint    ] Safepoint "RevokeBias", Time since last: 81526580 ns, Reaching safepoint: 167142 ns, At safepoint: 23528 ns, Total: 190670 ns
[2020-09-11T16:55:55.307+0000][1][safepoint    ] Safepoint "RevokeBias", Time since last: 72610916 ns, Reaching safepoint: 13239235 ns, At safepoint: 30319 ns, Total: 13269554 ns
[2020-09-11T16:55:55.362+0000][1][safepoint    ] Safepoint "RevokeBias", Time since last: 55136299 ns, Reaching safepoint: 251173 ns, At safepoint: 46030 ns, Total: 297203 ns
[2020-09-11T16:55:55.362+0000][1][safepoint    ] Safepoint "RevokeBias", Time since last: 111494 ns, Reaching safepoint: 115124 ns, At safepoint: 24784 ns, Total: 139908 ns
[2020-09-11T16:55:55.392+0000][1][safepoint    ] Safepoint "RevokeBias", Time since last: 28465154 ns, Reaching safepoint: 989290 ns, At safepoint: 49150 ns, Total: 1038440 ns
[2020-09-11T16:55:55.421+0000][1][safepoint    ] Safepoint "RevokeBias", Time since last: 28949487 ns, Reaching safepoint: 525246 ns, At safepoint: 65640 ns, Total: 590886 ns
[2020-09-11T16:55:55.422+0000][1][safepoint    ] Safepoint "RevokeBias", Time since last: 564122 ns, Reaching safepoint: 120380 ns, At safepoint: 15771 ns, Total: 136151 ns
[2020-09-11T16:55:55.422+0000][1][safepoint    ] Safepoint "RevokeBias", Time since last: 43234 ns, Reaching safepoint: 123110 ns, At safepoint: 14829 ns, Total: 137939 ns
[2020-09-11T16:55:55.427+0000][1][safepoint    ] Safepoint "RevokeBias", Time since last: 4051035 ns, Reaching safepoint: 173344 ns, At safepoint: 23179 ns, Total: 196523 ns
[2020-09-11T16:55:55.438+0000][1][safepoint    ] Safepoint "RevokeBias", Time since last: 11200086 ns, Reaching safepoint: 251623 ns, At safepoint: 43738 ns, Total: 295361 ns
[2020-09-11T16:55:55.509+0000][1][safepoint    ] Safepoint "RevokeBias", Time since last: 70546455 ns, Reaching safepoint: 347564 ns, At safepoint: 47819 ns, Total: 395383 ns
[2020-09-11T16:55:55.509+0000][1][safepoint    ] Safepoint "RevokeBias", Time since last: 200789 ns, Reaching safepoint: 129543 ns, At safepoint: 39639 ns, Total: 169182 ns
[2020-09-11T16:55:55.510+0000][1][safepoint    ] Safepoint "RevokeBias", Time since last: 55554 ns, Reaching safepoint: 449118 ns, At safepoint: 16130 ns, Total: 465248 ns
[2020-09-11T16:55:55.806+0000][1][safepoint    ] Safepoint "RevokeBias", Time since last: 295655887 ns, Reaching safepoint: 173899 ns, At safepoint: 126632 ns, Total: 300531 ns
[2020-09-11T16:55:56.179+0000][1][safepoint    ] Safepoint "BulkRevokeBias", Time since last: 367447561 ns, Reaching safepoint: 5362432 ns, At safepoint: 296863 ns, Total: 5659295 ns
[2020-09-11T16:55:56.289+0000][1][safepoint    ] Safepoint "RevokeBias", Time since last: 105817261 ns, Reaching safepoint: 4063592 ns, At safepoint: 32850 ns, Total: 4096442 ns
[2020-09-11T16:55:57.011+0000][1][safepoint    ] Safepoint "RevokeBias", Time since last: 721968673 ns, Reaching safepoint: 194116 ns, At safepoint: 18196 ns, Total: 212312 ns
[2020-09-11T16:55:57.012+0000][1][safepoint    ] Safepoint "RevokeBias", Time since last: 815044 ns, Reaching safepoint: 114647 ns, At safepoint: 16465 ns, Total: 131112 ns
[2020-09-11T16:55:57.013+0000][1][safepoint    ] Safepoint "RevokeBias", Time since last: 786180 ns, Reaching safepoint: 111272 ns, At safepoint: 15080 ns, Total: 126352 ns
[2020-09-11T16:55:57.013+0000][1][safepoint    ] Safepoint "RevokeBias", Time since last: 84679 ns, Reaching safepoint: 106201 ns, At safepoint: 12582 ns, Total: 118783 ns
[2020-09-11T16:55:57.027+0000][1][safepoint    ] Safepoint "RevokeBias", Time since last: 13372300 ns, Reaching safepoint: 146237 ns, At safepoint: 78408 ns, Total: 224645 ns
[2020-09-11T16:55:57.027+0000][1][safepoint    ] Safepoint "RevokeBias", Time since last: 82425 ns, Reaching safepoint: 104444 ns, At safepoint: 30209 ns, Total: 134653 ns
[2020-09-11T16:55:57.158+0000][1][safepoint    ] Safepoint "RevokeBias", Time since last: 130693194 ns, Reaching safepoint: 89661 ns, At safepoint: 21975 ns, Total: 111636 ns
[2020-09-11T16:55:57.162+0000][1][safepoint    ] Safepoint "RevokeBias", Time since last: 4554384 ns, Reaching safepoint: 85794 ns, At safepoint: 30983 ns, Total: 116777 ns
[2020-09-11T16:55:57.163+0000][1][safepoint    ] Safepoint "RevokeBias", Time since last: 78033 ns, Reaching safepoint: 37361 ns, At safepoint: 11536 ns, Total: 48897 ns
[2020-09-11T16:55:57.163+0000][1][safepoint    ] Safepoint "RevokeBias", Time since last: 32927 ns, Reaching safepoint: 36289 ns, At safepoint: 9703 ns, Total: 45992 ns
[2020-09-11T16:55:57.163+0000][1][safepoint    ] Safepoint "RevokeBias", Time since last: 30757 ns, Reaching safepoint: 34824 ns, At safepoint: 9502 ns, Total: 44326 ns
[2020-09-11T16:55:57.163+0000][1][safepoint    ] Safepoint "RevokeBias", Time since last: 46351 ns, Reaching safepoint: 34792 ns, At safepoint: 9433 ns, Total: 44225 ns
[2020-09-11T16:55:57.163+0000][1][safepoint    ] Safepoint "RevokeBias", Time since last: 29251 ns, Reaching safepoint: 34191 ns, At safepoint: 9327 ns, Total: 43518 ns
[2020-09-11T16:55:57.163+0000][1][safepoint    ] Safepoint "RevokeBias", Time since last: 29044 ns, Reaching safepoint: 34208 ns, At safepoint: 9134 ns, Total: 43342 ns
[2020-09-11T16:55:57.163+0000][1][safepoint    ] Safepoint "RevokeBias", Time since last: 28839 ns, Reaching safepoint: 33908 ns, At safepoint: 9205 ns, Total: 43113 ns
[2020-09-11T16:55:57.168+0000][1][safepoint    ] Safepoint "RevokeBias", Time since last: 4999023 ns, Reaching safepoint: 83514 ns, At safepoint: 17665 ns, Total: 101179 ns
[2020-09-11T16:55:57.168+0000][1][safepoint    ] Safepoint "RevokeBias", Time since last: 121279 ns, Reaching safepoint: 37763 ns, At safepoint: 11426 ns, Total: 49189 ns
[2020-09-11T16:55:57.168+0000][1][safepoint    ] Safepoint "RevokeBias", Time since last: 46591 ns, Reaching safepoint: 49934 ns, At safepoint: 30552 ns, Total: 80486 ns
[2020-09-11T16:55:57.169+0000][1][safepoint    ] Safepoint "RevokeBias", Time since last: 48354 ns, Reaching safepoint: 35449 ns, At safepoint: 17576 ns, Total: 53025 ns
[2020-09-11T16:55:57.169+0000][1][safepoint    ] Safepoint "RevokeBias", Time since last: 35727 ns, Reaching safepoint: 34959 ns, At safepoint: 16859 ns, Total: 51818 ns
[2020-09-11T16:55:57.169+0000][1][safepoint    ] Safepoint "RevokeBias", Time since last: 35302 ns, Reaching safepoint: 34823 ns, At safepoint: 16737 ns, Total: 51560 ns
[2020-09-11T16:55:57.177+0000][1][safepoint    ] Safepoint "RevokeBias", Time since last: 34561 ns, Reaching safepoint: 8107723 ns, At safepoint: 54025 ns, Total: 8161748 ns
[2020-09-11T16:55:57.177+0000][1][safepoint    ] Safepoint "RevokeBias", Time since last: 494568 ns, Reaching safepoint: 65598 ns, At safepoint: 21982 ns, Total: 87580 ns
[2020-09-11T16:55:57.318+0000][1][safepoint    ] Safepoint "RevokeBias", Time since last: 129256916 ns, Reaching safepoint: 11238104 ns, At safepoint: 48172 ns, Total: 11286276 ns
[2020-09-11T16:55:57.355+0000][1][safepoint    ] Safepoint "RevokeBias", Time since last: 36081726 ns, Reaching safepoint: 1313542 ns, At safepoint: 28026 ns, Total: 1341568 ns
[2020-09-11T16:55:57.378+0000][1][safepoint    ] Safepoint "RevokeBias", Time since last: 21678678 ns, Reaching safepoint: 425511 ns, At safepoint: 47353 ns, Total: 472864 ns
[2020-09-11T16:55:57.411+0000][1][safepoint    ] Safepoint "RevokeBias", Time since last: 33302137 ns, Reaching safepoint: 317765 ns, At safepoint: 40213 ns, Total: 357978 ns
[2020-09-11T16:55:57.412+0000][1][safepoint    ] Safepoint "RevokeBias", Time since last: 302946 ns, Reaching safepoint: 111251 ns, At safepoint: 29313 ns, Total: 140564 ns
[2020-09-11T16:55:57.412+0000][1][safepoint    ] Safepoint "RevokeBias", Time since last: 630412 ns, Reaching safepoint: 110094 ns, At safepoint: 28824 ns, Total: 138918 ns
[2020-09-11T16:55:57.425+0000][1][safepoint    ] Safepoint "RevokeBias", Time since last: 12786574 ns, Reaching safepoint: 161912 ns, At safepoint: 46574 ns, Total: 208486 ns
[2020-09-11T16:55:57.427+0000][1][safepoint    ] Safepoint "RevokeBias", Time since last: 988870 ns, Reaching safepoint: 590898 ns, At safepoint: 32762 ns, Total: 623660 ns
[2020-09-11T16:55:57.509+0000][1][safepoint    ] Safepoint "RevokeBias", Time since last: 82178602 ns, Reaching safepoint: 181109 ns, At safepoint: 21384 ns, Total: 202493 ns
[2020-09-11T16:55:57.917+0000][1][safepoint    ] Safepoint "Deoptimize", Time since last: 392437075 ns, Reaching safepoint: 10618888 ns, At safepoint: 4708234 ns, Total: 15327122 ns
[2020-09-11T16:55:57.925+0000][1][safepoint    ] Safepoint "RevokeBias", Time since last: 7669535 ns, Reaching safepoint: 260342 ns, At safepoint: 47498 ns, Total: 307840 ns
[2020-09-11T16:55:57.926+0000][1][safepoint    ] Safepoint "RevokeBias", Time since last: 423473 ns, Reaching safepoint: 126884 ns, At safepoint: 42950 ns, Total: 169834 ns
[2020-09-11T16:55:57.931+0000][1][safepoint    ] Safepoint "RevokeBias", Time since last: 65188 ns, Reaching safepoint: 119587 ns, At safepoint: 5226583 ns, Total: 5346170 ns
[2020-09-11T16:55:58.249+0000][1][safepoint    ] Safepoint "RevokeBias", Time since last: 312270036 ns, Reaching safepoint: 5388680 ns, At safepoint: 78414 ns, Total: 5467094 ns
[2020-09-11T16:55:58.250+0000][1][safepoint    ] Safepoint "RevokeBias", Time since last: 487234 ns, Reaching safepoint: 72616 ns, At safepoint: 45078 ns, Total: 117694 ns
[2020-09-11T16:55:58.265+0000][1][safepoint    ] Safepoint "RevokeBias", Time since last: 15512974 ns, Reaching safepoint: 299611 ns, At safepoint: 38605 ns, Total: 338216 ns
[2020-09-11T16:55:58.286+0000][1][safepoint    ] Safepoint "RevokeBias", Time since last: 19886788 ns, Reaching safepoint: 298445 ns, At safepoint: 46008 ns, Total: 344453 ns
[2020-09-11T16:55:58.293+0000][1][safepoint    ] Safepoint "RevokeBias", Time since last: 7179859 ns, Reaching safepoint: 236593 ns, At safepoint: 41869 ns, Total: 278462 ns
[2020-09-11T16:55:58.300+0000][1][safepoint    ] Safepoint "RevokeBias", Time since last: 6948978 ns, Reaching safepoint: 272236 ns, At safepoint: 42523 ns, Total: 314759 ns
[2020-09-11T16:55:58.308+0000][1][safepoint    ] Safepoint "RevokeBias", Time since last: 6918818 ns, Reaching safepoint: 245268 ns, At safepoint: 34751 ns, Total: 280019 ns
[2020-09-11T16:55:58.314+0000][1][safepoint    ] Safepoint "BulkRevokeBias", Time since last: 359115 ns, Reaching safepoint: 112681 ns, At safepoint: 6180206 ns, Total: 6292887 ns
[2020-09-11T16:55:58.413+0000][1][safepoint    ] Safepoint "RevokeBias", Time since last: 98361202 ns, Reaching safepoint: 251423 ns, At safepoint: 23773 ns, Total: 275196 ns
[2020-09-11T16:55:58.413+0000][1][safepoint    ] Safepoint "RevokeBias", Time since last: 176087 ns, Reaching safepoint: 110180 ns, At safepoint: 15059 ns, Total: 125239 ns
[2020-09-11T16:55:58.477+0000][1][safepoint    ] Safepoint "Deoptimize", Time since last: 58980488 ns, Reaching safepoint: 163669 ns, At safepoint: 4578634 ns, Total: 4742303 ns
[2020-09-11T16:55:58.485+0000][1][safepoint    ] Safepoint "Deoptimize", Time since last: 998906 ns, Reaching safepoint: 78072 ns, At safepoint: 6881411 ns, Total: 6959483 ns
[2020-09-11T16:55:58.733+0000][1][safepoint    ] Safepoint "RevokeBias", Time since last: 248090954 ns, Reaching safepoint: 384010 ns, At safepoint: 42584 ns, Total: 426594 ns
[2020-09-11T16:55:58.757+0000][1][safepoint    ] Safepoint "RevokeBias", Time since last: 23719215 ns, Reaching safepoint: 177775 ns, At safepoint: 126743 ns, Total: 304518 ns
[2020-09-11T16:55:58.785+0000][1][safepoint    ] Safepoint "RevokeBias", Time since last: 27633363 ns, Reaching safepoint: 160259 ns, At safepoint: 65635 ns, Total: 225894 ns
[2020-09-11T16:55:58.785+0000][1][safepoint    ] Safepoint "RevokeBias", Time since last: 82529 ns, Reaching safepoint: 109463 ns, At safepoint: 51065 ns, Total: 160528 ns
[2020-09-11T16:55:58.787+0000][1][safepoint    ] Safepoint "RevokeBias", Time since last: 1180628 ns, Reaching safepoint: 120043 ns, At safepoint: 42460 ns, Total: 162503 ns
[2020-09-11T16:55:58.787+0000][1][safepoint    ] Safepoint "RevokeBias", Time since last: 94591 ns, Reaching safepoint: 111600 ns, At safepoint: 31169 ns, Total: 142769 ns
[2020-09-11T16:55:58.787+0000][1][safepoint    ] Safepoint "RevokeBias", Time since last: 69133 ns, Reaching safepoint: 108562 ns, At safepoint: 38753 ns, Total: 147315 ns
[2020-09-11T16:55:58.788+0000][1][safepoint    ] Safepoint "RevokeBias", Time since last: 317783 ns, Reaching safepoint: 108174 ns, At safepoint: 22680 ns, Total: 130854 ns
[2020-09-11T16:55:58.971+0000][1][gc,start     ] GC(75) Pause Young (Allocation Failure)
[2020-09-11T16:55:58.971+0000][1][gc,task      ] GC(75) Using 1 workers of 1 for evacuation
[2020-09-11T16:55:59.134+0000][1][gc,age       ] GC(75) Desired survivor size 4358144 bytes, new threshold 1 (max threshold 6)
[2020-09-11T16:55:59.223+0000][1][gc,age       ] GC(75) Age table with threshold 1 (max threshold 6)
[2020-09-11T16:55:59.223+0000][1][gc,age       ] GC(75) - age   1:    6101848 bytes,    6101848 total
[2020-09-11T16:55:59.223+0000][1][gc,age       ] GC(75) - age   2:    2562480 bytes,    8664328 total
[2020-09-11T16:55:59.223+0000][1][gc,heap      ] GC(75) ParNew: 76672K->8512K(76672K)
[2020-09-11T16:55:59.223+0000][1][gc,heap      ] GC(75) CMS: 101204K->108393K(2011968K)
[2020-09-11T16:55:59.223+0000][1][gc,metaspace ] GC(75) Metaspace: 87341K->87341K(1130496K)
[2020-09-11T16:55:59.223+0000][1][gc           ] GC(75) Pause Young (Allocation Failure) 173M->114M(2039M) 252.728ms
[2020-09-11T16:55:59.223+0000][1][gc,cpu       ] GC(75) User=0.04s Sys=0.00s Real=0.26s
[2020-09-11T16:55:59.258+0000][1][safepoint    ] Safepoint "GenCollectForAllocation", Time since last: 179171335 ns, Reaching safepoint: 3736569 ns, At safepoint: 287822643 ns, Total: 291559212 ns
[2020-09-11T16:55:59.620+0000][1][safepoint    ] Safepoint "RevokeBias", Time since last: 361227503 ns, Reaching safepoint: 164778 ns, At safepoint: 21026 ns, Total: 185804 ns
[2020-09-11T16:55:59.631+0000][1][safepoint    ] Safepoint "RevokeBias", Time since last: 11038896 ns, Reaching safepoint: 159395 ns, At safepoint: 20932 ns, Total: 180327 ns
[2020-09-11T16:55:59.704+0000][1][safepoint    ] Safepoint "RevokeBias", Time since last: 60035162 ns, Reaching safepoint: 13335957 ns, At safepoint: 33299 ns, Total: 13369256 ns
[2020-09-11T16:55:59.775+0000][1][safepoint    ] Safepoint "RevokeBias", Time since last: 64347008 ns, Reaching safepoint: 5734726 ns, At safepoint: 65235 ns, Total: 5799961 ns
[2020-09-11T16:55:59.901+0000][1][safepoint    ] Safepoint "RevokeBias", Time since last: 122291654 ns, Reaching safepoint: 3971999 ns, At safepoint: 34573 ns, Total: 4006572 ns
[2020-09-11T16:56:00.099+0000][1][safepoint    ] Safepoint "RevokeBias", Time since last: 197935711 ns, Reaching safepoint: 168453 ns, At safepoint: 35373 ns, Total: 203826 ns
[2020-09-11T16:56:00.099+0000][1][safepoint    ] Safepoint "RevokeBias", Time since last: 77139 ns, Reaching safepoint: 36602 ns, At safepoint: 10973 ns, Total: 47575 ns
[2020-09-11T16:56:00.100+0000][1][safepoint    ] Safepoint "RevokeBias", Time since last: 549537 ns, Reaching safepoint: 111815 ns, At safepoint: 12504 ns, Total: 124319 ns
[2020-09-11T16:56:00.116+0000][1][safepoint    ] Safepoint "RevokeBias", Time since last: 15781603 ns, Reaching safepoint: 156235 ns, At safepoint: 21769 ns, Total: 178004 ns
[2020-09-11T16:56:00.116+0000][1][safepoint    ] Safepoint "RevokeBias", Time since last: 55984 ns, Reaching safepoint: 36918 ns, At safepoint: 11165 ns, Total: 48083 ns
[2020-09-11T16:56:00.116+0000][1][safepoint    ] Safepoint "RevokeBias", Time since last: 96187 ns, Reaching safepoint: 39359 ns, At safepoint: 10285 ns, Total: 49644 ns
[2020-09-11T16:56:00.116+0000][1][safepoint    ] Safepoint "RevokeBias", Time since last: 65971 ns, Reaching safepoint: 36164 ns, At safepoint: 10164 ns, Total: 46328 ns
[2020-09-11T16:56:00.182+0000][1][safepoint    ] Safepoint "Deoptimize", Time since last: 64644631 ns, Reaching safepoint: 172707 ns, At safepoint: 646064 ns, Total: 818771 ns
[2020-09-11T16:56:00.813+0000][1][safepoint    ] Safepoint "RevokeBias", Time since last: 630611156 ns, Reaching safepoint: 247315 ns, At safepoint: 21211 ns, Total: 268526 ns
[2020-09-11T16:56:01.394+0000][1][safepoint    ] Safepoint "RevokeBias", Time since last: 581382496 ns, Reaching safepoint: 186516 ns, At safepoint: 53240 ns, Total: 239756 ns
[2020-09-11T16:56:01.408+0000][1][safepoint    ] Safepoint "RevokeBias", Time since last: 13436783 ns, Reaching safepoint: 162246 ns, At safepoint: 22698 ns, Total: 184944 ns
[2020-09-11T16:56:01.410+0000][1][safepoint    ] Safepoint "RevokeBias", Time since last: 811268 ns, Reaching safepoint: 1736445 ns, At safepoint: 28613 ns, Total: 1765058 ns
[2020-09-11T16:56:01.411+0000][1][safepoint    ] Safepoint "RevokeBias", Time since last: 109635 ns, Reaching safepoint: 113431 ns, At safepoint: 14977 ns, Total: 128408 ns
[2020-09-11T16:56:01.413+0000][1][safepoint    ] Safepoint "RevokeBias", Time since last: 2331444 ns, Reaching safepoint: 142306 ns, At safepoint: 19937 ns, Total: 162243 ns
[2020-09-11T16:56:01.414+0000][1][safepoint    ] Safepoint "RevokeBias", Time since last: 575749 ns, Reaching safepoint: 120500 ns, At safepoint: 16903 ns, Total: 137403 ns
[2020-09-11T16:56:01.425+0000][1][safepoint    ] Safepoint "RevokeBias", Time since last: 9587258 ns, Reaching safepoint: 1569442 ns, At safepoint: 25551 ns, Total: 1594993 ns
[2020-09-11T16:56:01.440+0000][1][safepoint    ] Safepoint "RevokeBias", Time since last: 15092135 ns, Reaching safepoint: 88339 ns, At safepoint: 21298 ns, Total: 109637 ns
[2020-09-11T16:56:01.471+0000][1][safepoint    ] Safepoint "RevokeBias", Time since last: 24686118 ns, Reaching safepoint: 6107970 ns, At safepoint: 31663 ns, Total: 6139633 ns
[2020-09-11T16:56:01.472+0000][1][safepoint    ] Safepoint "RevokeBias", Time since last: 488426 ns, Reaching safepoint: 108272 ns, At safepoint: 13004 ns, Total: 121276 ns
[2020-09-11T16:56:01.472+0000][1][safepoint    ] Safepoint "RevokeBias", Time since last: 80027 ns, Reaching safepoint: 101387 ns, At safepoint: 11352 ns, Total: 112739 ns
[2020-09-11T16:56:01.472+0000][1][safepoint    ] Safepoint "RevokeBias", Time since last: 43909 ns, Reaching safepoint: 100943 ns, At safepoint: 11683 ns, Total: 112626 ns
[2020-09-11T16:56:01.472+0000][1][safepoint    ] Safepoint "RevokeBias", Time since last: 42052 ns, Reaching safepoint: 101474 ns, At safepoint: 11366 ns, Total: 112840 ns
[2020-09-11T16:56:01.620+0000][1][safepoint    ] Safepoint "Deoptimize", Time since last: 146733353 ns, Reaching safepoint: 174324 ns, At safepoint: 571094 ns, Total: 745418 ns
[2020-09-11T16:56:01.668+0000][1][safepoint    ] Safepoint "BulkRevokeBias", Time since last: 47777956 ns, Reaching safepoint: 153432 ns, At safepoint: 279085 ns, Total: 432517 ns
[2020-09-11T16:56:01.801+0000][1][safepoint    ] Safepoint "RevokeBias", Time since last: 131606568 ns, Reaching safepoint: 1518301 ns, At safepoint: 23198 ns, Total: 1541499 ns
[2020-09-11T16:56:01.825+0000][1][safepoint    ] Safepoint "RevokeBias", Time since last: 22880663 ns, Reaching safepoint: 1040164 ns, At safepoint: 27977 ns, Total: 1068141 ns
[2020-09-11T16:56:01.849+0000][1][safepoint    ] Safepoint "RevokeBias", Time since last: 22029420 ns, Reaching safepoint: 2106949 ns, At safepoint: 29247 ns, Total: 2136196 ns
[2020-09-11T16:56:02.189+0000][1][gc,start     ] GC(76) Pause Young (Allocation Failure)
[2020-09-11T16:56:02.189+0000][1][gc,task      ] GC(76) Using 1 workers of 1 for evacuation
[2020-09-11T16:56:02.296+0000][1][gc,age       ] GC(76) Desired survivor size 4358144 bytes, new threshold 1 (max threshold 6)
[2020-09-11T16:56:02.296+0000][1][gc,age       ] GC(76) Age table with threshold 1 (max threshold 6)
[2020-09-11T16:56:02.296+0000][1][gc,age       ] GC(76) - age   1:    5491648 bytes,    5491648 total
[2020-09-11T16:56:02.296+0000][1][gc,heap      ] GC(76) ParNew: 76672K->7907K(76672K)
[2020-09-11T16:56:02.296+0000][1][gc,heap      ] GC(76) CMS: 108393K->110042K(2011968K)
[2020-09-11T16:56:02.296+0000][1][gc,metaspace ] GC(76) Metaspace: 87793K->87793K(1130496K)
[2020-09-11T16:56:02.296+0000][1][gc           ] GC(76) Pause Young (Allocation Failure) 180M->115M(2039M) 107.781ms
[2020-09-11T16:56:02.296+0000][1][gc,cpu       ] GC(76) User=0.02s Sys=0.00s Real=0.11s
[2020-09-11T16:56:02.367+0000][1][safepoint    ] Safepoint "GenCollectForAllocation", Time since last: 339408005 ns, Reaching safepoint: 163374 ns, At safepoint: 178529510 ns, Total: 178692884 ns
[2020-09-11T16:56:02.401+0000][1][safepoint    ] Safepoint "RevokeBias", Time since last: 25680007 ns, Reaching safepoint: 1252787 ns, At safepoint: 6791248 ns, Total: 8044035 ns
[2020-09-11T16:56:02.851+0000][1][safepoint    ] Safepoint "RevokeBias", Time since last: 450258926 ns, Reaching safepoint: 189659 ns, At safepoint: 119124 ns, Total: 308783 ns
[2020-09-11T16:56:02.989+0000][1][safepoint    ] Safepoint "RevokeBias", Time since last: 134111464 ns, Reaching safepoint: 3296071 ns, At safepoint: 53874 ns, Total: 3349945 ns
[2020-09-11T16:56:03.177+0000][1][safepoint    ] Safepoint "RevokeBias", Time since last: 185546794 ns, Reaching safepoint: 2421140 ns, At safepoint: 174299 ns, Total: 2595439 ns
[2020-09-11T16:56:03.180+0000][1][safepoint    ] Safepoint "RevokeBias", Time since last: 860266 ns, Reaching safepoint: 2223640 ns, At safepoint: 185287 ns, Total: 2408927 ns
[2020-09-11T16:56:03.182+0000][1][safepoint    ] Safepoint "RevokeBias", Time since last: 903286 ns, Reaching safepoint: 416984 ns, At safepoint: 153448 ns, Total: 570432 ns
[2020-09-11T16:56:03.182+0000][1][safepoint    ] Safepoint "RevokeBias", Time since last: 91115 ns, Reaching safepoint: 116893 ns, At safepoint: 133537 ns, Total: 250430 ns
[2020-09-11T16:56:03.253+0000][1][safepoint    ] Safepoint "RevokeBias", Time since last: 67179870 ns, Reaching safepoint: 3567562 ns, At safepoint: 34512 ns, Total: 3602074 ns
[2020-09-11T16:56:03.333+0000][1][safepoint    ] Safepoint "RevokeBias", Time since last: 80212734 ns, Reaching safepoint: 147976 ns, At safepoint: 21677 ns, Total: 169653 ns
[2020-09-11T16:56:03.370+0000][1][safepoint    ] Safepoint "RevokeBias", Time since last: 36298286 ns, Reaching safepoint: 166386 ns, At safepoint: 22023 ns, Total: 188409 ns
[2020-09-11T16:56:03.370+0000][1][safepoint    ] Safepoint "RevokeBias", Time since last: 153229 ns, Reaching safepoint: 105714 ns, At safepoint: 12929 ns, Total: 118643 ns
[2020-09-11T16:56:03.562+0000][1][safepoint    ] Safepoint "RevokeBias", Time since last: 190886038 ns, Reaching safepoint: 706638 ns, At safepoint: 22680 ns, Total: 729318 ns
[2020-09-11T16:56:03.730+0000][1][gc,start     ] GC(77) Pause Young (Allocation Failure)
[2020-09-11T16:56:03.730+0000][1][gc,task      ] GC(77) Using 1 workers of 1 for evacuation
[2020-09-11T16:56:03.806+0000][1][gc,age       ] GC(77) Desired survivor size 4358144 bytes, new threshold 1 (max threshold 6)
[2020-09-11T16:56:03.806+0000][1][gc,age       ] GC(77) Age table with threshold 1 (max threshold 6)
[2020-09-11T16:56:03.806+0000][1][gc,age       ] GC(77) - age   1:    7400456 bytes,    7400456 total
[2020-09-11T16:56:03.806+0000][1][gc,heap      ] GC(77) ParNew: 75964K->8512K(76672K)
[2020-09-11T16:56:03.806+0000][1][gc,heap      ] GC(77) CMS: 110042K->110662K(2011968K)
[2020-09-11T16:56:03.806+0000][1][gc,metaspace ] GC(77) Metaspace: 88068K->88068K(1130496K)
[2020-09-11T16:56:03.806+0000][1][gc           ] GC(77) Pause Young (Allocation Failure) 181M->116M(2039M) 76.428ms
[2020-09-11T16:56:03.806+0000][1][gc,cpu       ] GC(77) User=0.02s Sys=0.00s Real=0.08s
[2020-09-11T16:56:03.826+0000][1][safepoint    ] Safepoint "GenCollectForAllocation", Time since last: 167707662 ns, Reaching safepoint: 160719 ns, At safepoint: 96115176 ns, Total: 96275895 ns
[2020-09-11T16:56:03.982+0000][1][safepoint    ] Safepoint "RevokeBias", Time since last: 156584458 ns, Reaching safepoint: 162199 ns, At safepoint: 18572 ns, Total: 180771 ns
[2020-09-11T16:56:03.987+0000][1][safepoint    ] Safepoint "RevokeBias", Time since last: 4327519 ns, Reaching safepoint: 143793 ns, At safepoint: 18477 ns, Total: 162270 ns
[2020-09-11T16:56:03.987+0000][1][safepoint    ] Safepoint "RevokeBias", Time since last: 166917 ns, Reaching safepoint: 109152 ns, At safepoint: 11825 ns, Total: 120977 ns
[2020-09-11T16:56:03.989+0000][1][safepoint    ] Safepoint "RevokeBias", Time since last: 1580349 ns, Reaching safepoint: 120406 ns, At safepoint: 14959 ns, Total: 135365 ns
[2020-09-11T16:56:04.074+0000][1][safepoint    ] Safepoint "RevokeBias", Time since last: 85259971 ns, Reaching safepoint: 153953 ns, At safepoint: 18278 ns, Total: 172231 ns
[2020-09-11T16:56:04.209+0000][1][safepoint    ] Safepoint "RevokeBias", Time since last: 133896228 ns, Reaching safepoint: 607896 ns, At safepoint: 23261 ns, Total: 631157 ns
[2020-09-11T16:56:04.213+0000][1][safepoint    ] Safepoint "RevokeBias", Time since last: 72318 ns, Reaching safepoint: 3593587 ns, At safepoint: 20802 ns, Total: 3614389 ns
[2020-09-11T16:56:04.225+0000][1][safepoint    ] Safepoint "RevokeBias", Time since last: 12612348 ns, Reaching safepoint: 158799 ns, At safepoint: 20487 ns, Total: 179286 ns
[2020-09-11T16:56:04.265+0000][1][safepoint    ] Safepoint "RevokeBias", Time since last: 38721963 ns, Reaching safepoint: 436494 ns, At safepoint: 21498 ns, Total: 457992 ns
[2020-09-11T16:56:04.333+0000][1][safepoint    ] Safepoint "RevokeBias", Time since last: 61681138 ns, Reaching safepoint: 7139485 ns, At safepoint: 30752 ns, Total: 7170237 ns
[2020-09-11T16:56:04.353+0000][1][safepoint    ] Safepoint "RevokeBias", Time since last: 16894628 ns, Reaching safepoint: 2587058 ns, At safepoint: 29276 ns, Total: 2616334 ns
[2020-09-11T16:56:04.497+0000][1][safepoint    ] Safepoint "RevokeBias", Time since last: 129216797 ns, Reaching safepoint: 14785278 ns, At safepoint: 34684 ns, Total: 14819962 ns
[2020-09-11T16:56:04.537+0000][1][safepoint    ] Safepoint "RevokeBias", Time since last: 40164609 ns, Reaching safepoint: 249729 ns, At safepoint: 55572 ns, Total: 305301 ns
[2020-09-11T16:56:04.547+0000][1][safepoint    ] Safepoint "RevokeBias", Time since last: 8980331 ns, Reaching safepoint: 294471 ns, At safepoint: 24984 ns, Total: 319455 ns
[2020-09-11T16:56:04.690+0000][1][safepoint    ] Safepoint "RevokeBias", Time since last: 142937394 ns, Reaching safepoint: 207038 ns, At safepoint: 276663 ns, Total: 483701 ns
[2020-09-11T16:56:04.693+0000][1][safepoint    ] Safepoint "RevokeBias", Time since last: 2692554 ns, Reaching safepoint: 198881 ns, At safepoint: 275673 ns, Total: 474554 ns
[2020-09-11T16:56:04.774+0000][1][safepoint    ] Safepoint "RevokeBias", Time since last: 66616792 ns, Reaching safepoint: 13885035 ns, At safepoint: 34997 ns, Total: 13920032 ns
[2020-09-11T16:56:04.790+0000][1][safepoint    ] Safepoint "RevokeBias", Time since last: 15457477 ns, Reaching safepoint: 952421 ns, At safepoint: 27157 ns, Total: 979578 ns
[2020-09-11T16:56:04.810+0000][1][safepoint    ] Safepoint "RevokeBias", Time since last: 19928854 ns, Reaching safepoint: 251675 ns, At safepoint: 25401 ns, Total: 277076 ns
[2020-09-11T16:56:04.818+0000][1][safepoint    ] Safepoint "RevokeBias", Time since last: 4343900 ns, Reaching safepoint: 3107675 ns, At safepoint: 30305 ns, Total: 3137980 ns
[2020-09-11T16:56:04.835+0000][1][safepoint    ] Safepoint "RevokeBias", Time since last: 16550731 ns, Reaching safepoint: 284070 ns, At safepoint: 25571 ns, Total: 309641 ns
[2020-09-11T16:56:04.835+0000][1][safepoint    ] Safepoint "RevokeBias", Time since last: 193055 ns, Reaching safepoint: 131758 ns, At safepoint: 26846 ns, Total: 158604 ns
[2020-09-11T16:56:04.836+0000][1][safepoint    ] Safepoint "RevokeBias", Time since last: 517237 ns, Reaching safepoint: 131577 ns, At safepoint: 25142 ns, Total: 156719 ns
[2020-09-11T16:56:04.841+0000][1][safepoint    ] Safepoint "RevokeBias", Time since last: 4671618 ns, Reaching safepoint: 298016 ns, At safepoint: 34649 ns, Total: 332665 ns
[2020-09-11T16:56:04.855+0000][1][safepoint    ] Safepoint "RevokeBias", Time since last: 13221524 ns, Reaching safepoint: 532225 ns, At safepoint: 37225 ns, Total: 569450 ns
[2020-09-11T16:56:04.883+0000][1][safepoint    ] Safepoint "RevokeBias", Time since last: 20717680 ns, Reaching safepoint: 8040548 ns, At safepoint: 31818 ns, Total: 8072366 ns
[2020-09-11T16:56:04.896+0000][1][safepoint    ] Safepoint "RevokeBias", Time since last: 12458903 ns, Reaching safepoint: 259073 ns, At safepoint: 26099 ns, Total: 285172 ns
[2020-09-11T16:56:04.897+0000][1][safepoint    ] Safepoint "RevokeBias", Time since last: 281496 ns, Reaching safepoint: 122434 ns, At safepoint: 27892 ns, Total: 150326 ns
[2020-09-11T16:56:04.902+0000][1][safepoint    ] Safepoint "RevokeBias", Time since last: 68087 ns, Reaching safepoint: 5458524 ns, At safepoint: 29713 ns, Total: 5488237 ns
[2020-09-11T16:56:04.902+0000][1][safepoint    ] Safepoint "RevokeBias", Time since last: 148261 ns, Reaching safepoint: 119971 ns, At safepoint: 14218 ns, Total: 134189 ns
[2020-09-11T16:56:04.903+0000][1][safepoint    ] Safepoint "RevokeBias", Time since last: 775543 ns, Reaching safepoint: 109861 ns, At safepoint: 14996 ns, Total: 124857 ns
[2020-09-11T16:56:04.917+0000][1][safepoint    ] Safepoint "RevokeBias", Time since last: 12837801 ns, Reaching safepoint: 558263 ns, At safepoint: 411489 ns, Total: 969752 ns
[2020-09-11T16:56:04.920+0000][1][safepoint    ] Safepoint "RevokeBias", Time since last: 2651888 ns, Reaching safepoint: 435231 ns, At safepoint: 19929 ns, Total: 455160 ns
[2020-09-11T16:56:04.969+0000][1][safepoint    ] Safepoint "RevokeBias", Time since last: 32780791 ns, Reaching safepoint: 15521661 ns, At safepoint: 32548 ns, Total: 15554209 ns
[2020-09-11T16:56:05.006+0000][1][safepoint    ] Safepoint "RevokeBias", Time since last: 30541928 ns, Reaching safepoint: 7242056 ns, At safepoint: 31259 ns, Total: 7273315 ns
[2020-09-11T16:56:05.007+0000][1][safepoint    ] Safepoint "RevokeBias", Time since last: 170003 ns, Reaching safepoint: 206746 ns, At safepoint: 16719 ns, Total: 223465 ns
[2020-09-11T16:56:05.007+0000][1][safepoint    ] Safepoint "RevokeBias", Time since last: 81097 ns, Reaching safepoint: 121413 ns, At safepoint: 14890 ns, Total: 136303 ns
[2020-09-11T16:56:05.008+0000][1][safepoint    ] Safepoint "BulkRevokeBias", Time since last: 73845 ns, Reaching safepoint: 121222 ns, At safepoint: 436684 ns, Total: 557906 ns
[2020-09-11T16:56:05.012+0000][1][safepoint    ] Safepoint "RevokeBias", Time since last: 4376036 ns, Reaching safepoint: 177984 ns, At safepoint: 23164 ns, Total: 201148 ns
[2020-09-11T16:56:05.012+0000][1][safepoint    ] Safepoint "RevokeBias", Time since last: 107547 ns, Reaching safepoint: 133092 ns, At safepoint: 23904 ns, Total: 156996 ns
[2020-09-11T16:56:05.020+0000][1][safepoint    ] Safepoint "RevokeBias", Time since last: 6891993 ns, Reaching safepoint: 244825 ns, At safepoint: 46174 ns, Total: 290999 ns
[2020-09-11T16:56:05.133+0000][1][safepoint    ] Safepoint "RevokeBias", Time since last: 113113868 ns, Reaching safepoint: 190100 ns, At safepoint: 24447 ns, Total: 214547 ns
[2020-09-11T16:56:05.212+0000][1][safepoint    ] Safepoint "RevokeBias", Time since last: 78974264 ns, Reaching safepoint: 166087 ns, At safepoint: 21148 ns, Total: 187235 ns
[2020-09-11T16:56:05.332+0000][1][safepoint    ] Safepoint "RevokeBias", Time since last: 119522879 ns, Reaching safepoint: 171515 ns, At safepoint: 21684 ns, Total: 193199 ns
[2020-09-11T16:56:05.459+0000][1][safepoint    ] Safepoint "RevokeBias", Time since last: 127051208 ns, Reaching safepoint: 169867 ns, At safepoint: 22471 ns, Total: 192338 ns
[2020-09-11T16:56:05.498+0000][1][safepoint    ] Safepoint "RevokeBias", Time since last: 38349323 ns, Reaching safepoint: 192361 ns, At safepoint: 20348 ns, Total: 212709 ns
[2020-09-11T16:56:05.859+0000][1][gc,start     ] GC(78) Pause Young (Allocation Failure)
[2020-09-11T16:56:05.859+0000][1][gc,task      ] GC(78) Using 1 workers of 1 for evacuation
[2020-09-11T16:56:05.938+0000][1][gc,age       ] GC(78) Desired survivor size 4358144 bytes, new threshold 1 (max threshold 6)
[2020-09-11T16:56:05.938+0000][1][gc,age       ] GC(78) Age table with threshold 1 (max threshold 6)
[2020-09-11T16:56:05.938+0000][1][gc,age       ] GC(78) - age   1:    5263216 bytes,    5263216 total
[2020-09-11T16:56:05.938+0000][1][gc,heap      ] GC(78) ParNew: 76647K->6920K(76672K)
[2020-09-11T16:56:05.938+0000][1][gc,heap      ] GC(78) CMS: 110662K->111060K(2011968K)
[2020-09-11T16:56:05.938+0000][1][gc,metaspace ] GC(78) Metaspace: 88719K->88719K(1130496K)
[2020-09-11T16:56:05.938+0000][1][gc           ] GC(78) Pause Young (Allocation Failure) 182M->115M(2039M) 79.090ms
[2020-09-11T16:56:05.938+0000][1][gc,cpu       ] GC(78) User=0.02s Sys=0.00s Real=0.08s
[2020-09-11T16:56:05.979+0000][1][safepoint    ] Safepoint "GenCollectForAllocation", Time since last: 353159906 ns, Reaching safepoint: 8499997 ns, At safepoint: 119340762 ns, Total: 127840759 ns
[2020-09-11T16:56:06.054+0000][1][safepoint    ] Safepoint "RevokeBias", Time since last: 75463895 ns, Reaching safepoint: 176220 ns, At safepoint: 22885 ns, Total: 199105 ns
[2020-09-11T16:56:06.055+0000][1][safepoint    ] Safepoint "RevokeBias", Time since last: 591828 ns, Reaching safepoint: 124305 ns, At safepoint: 15311 ns, Total: 139616 ns
[2020-09-11T16:56:06.055+0000][1][safepoint    ] Safepoint "RevokeBias", Time since last: 136767 ns, Reaching safepoint: 118864 ns, At safepoint: 13179 ns, Total: 132043 ns
[2020-09-11T16:56:06.056+0000][1][safepoint    ] Safepoint "RevokeBias", Time since last: 54635 ns, Reaching safepoint: 113433 ns, At safepoint: 11866 ns, Total: 125299 ns
[2020-09-11T16:56:06.129+0000][1][safepoint    ] Safepoint "RevokeBias", Time since last: 73662747 ns, Reaching safepoint: 155351 ns, At safepoint: 20835 ns, Total: 176186 ns
[2020-09-11T16:56:06.130+0000][1][safepoint    ] Safepoint "RevokeBias", Time since last: 254490 ns, Reaching safepoint: 33355 ns, At safepoint: 12846 ns, Total: 46201 ns
[2020-09-11T16:56:06.173+0000][1][safepoint    ] Safepoint "RevokeBias", Time since last: 43126949 ns, Reaching safepoint: 152896 ns, At safepoint: 20528 ns, Total: 173424 ns
[2020-09-11T16:56:06.183+0000][1][safepoint    ] Safepoint "RevokeBias", Time since last: 9928851 ns, Reaching safepoint: 157100 ns, At safepoint: 21828 ns, Total: 178928 ns
[2020-09-11T16:56:06.260+0000][1][safepoint    ] Safepoint "RevokeBias", Time since last: 77064428 ns, Reaching safepoint: 151945 ns, At safepoint: 17676 ns, Total: 169621 ns
[2020-09-11T16:56:06.269+0000][1][safepoint    ] Safepoint "RevokeBias", Time since last: 8252529 ns, Reaching safepoint: 98363 ns, At safepoint: 30640 ns, Total: 129003 ns
[2020-09-11T16:56:06.843+0000][1][safepoint    ] Safepoint "RevokeBias", Time since last: 570634559 ns, Reaching safepoint: 3677041 ns, At safepoint: 34794 ns, Total: 3711835 ns
[2020-09-11T16:56:06.892+0000][1][safepoint    ] Safepoint "RevokeBias", Time since last: 48687870 ns, Reaching safepoint: 230024 ns, At safepoint: 24752 ns, Total: 254776 ns
[2020-09-11T16:56:06.953+0000][1][safepoint    ] Safepoint "RevokeBias", Time since last: 60904553 ns, Reaching safepoint: 493237 ns, At safepoint: 22175 ns, Total: 515412 ns
[2020-09-11T16:56:06.955+0000][1][safepoint    ] Safepoint "RevokeBias", Time since last: 1166895 ns, Reaching safepoint: 133489 ns, At safepoint: 19065 ns, Total: 152554 ns
[2020-09-11T16:56:07.030+0000][1][safepoint    ] Safepoint "RevokeBias", Time since last: 75494188 ns, Reaching safepoint: 172558 ns, At safepoint: 21837 ns, Total: 194395 ns
[2020-09-11T16:56:07.031+0000][1][safepoint    ] Safepoint "RevokeBias", Time since last: 75279 ns, Reaching safepoint: 112840 ns, At safepoint: 13787 ns, Total: 126627 ns
[2020-09-11T16:56:07.202+0000][1][safepoint    ] Safepoint "RevokeBias", Time since last: 171404466 ns, Reaching safepoint: 168760 ns, At safepoint: 20426 ns, Total: 189186 ns
[2020-09-11T16:56:08.202+0000][1][safepoint    ] Safepoint "Cleanup", Time since last: 1000108935 ns, Reaching safepoint: 114982 ns, At safepoint: 7223 ns, Total: 122205 ns
[2020-09-11T16:56:09.054+0000][1][safepoint    ] Safepoint "RevokeBias", Time since last: 851382576 ns, Reaching safepoint: 179441 ns, At safepoint: 22145 ns, Total: 201586 ns
[2020-09-11T16:56:09.120+0000][1][safepoint    ] Safepoint "RevokeBias", Time since last: 52897043 ns, Reaching safepoint: 12925147 ns, At safepoint: 29624 ns, Total: 12954771 ns
[2020-09-11T16:56:09.378+0000][1][gc,start     ] GC(79) Pause Young (Allocation Failure)
[2020-09-11T16:56:09.378+0000][1][gc,task      ] GC(79) Using 1 workers of 1 for evacuation
[2020-09-11T16:56:09.521+0000][1][gc,age       ] GC(79) Desired survivor size 4358144 bytes, new threshold 1 (max threshold 6)
[2020-09-11T16:56:09.521+0000][1][gc,age       ] GC(79) Age table with threshold 1 (max threshold 6)
[2020-09-11T16:56:09.521+0000][1][gc,age       ] GC(79) - age   1:    8695232 bytes,    8695232 total
[2020-09-11T16:56:09.521+0000][1][gc,heap      ] GC(79) ParNew: 74904K->8512K(76672K)
[2020-09-11T16:56:09.521+0000][1][gc,heap      ] GC(79) CMS: 111060K->115316K(2011968K)
[2020-09-11T16:56:09.521+0000][1][gc,metaspace ] GC(79) Metaspace: 88882K->88882K(1130496K)
[2020-09-11T16:56:09.521+0000][1][gc           ] GC(79) Pause Young (Allocation Failure) 181M->120M(2039M) 143.170ms
[2020-09-11T16:56:09.521+0000][1][gc,cpu       ] GC(79) User=0.04s Sys=0.00s Real=0.15s
[2020-09-11T16:56:09.624+0000][1][safepoint    ] Safepoint "GenCollectForAllocation", Time since last: 257956942 ns, Reaching safepoint: 184463 ns, At safepoint: 246414361 ns, Total: 246598824 ns
[2020-09-11T16:56:09.789+0000][1][safepoint    ] Safepoint "RevokeBias", Time since last: 160360166 ns, Reaching safepoint: 4169508 ns, At safepoint: 33633 ns, Total: 4203141 ns
[2020-09-11T16:56:09.793+0000][1][safepoint    ] Safepoint "RevokeBias", Time since last: 1180684 ns, Reaching safepoint: 2680968 ns, At safepoint: 26593 ns, Total: 2707561 ns
[2020-09-11T16:56:09.794+0000][1][safepoint    ] Safepoint "RevokeBias", Time since last: 193211 ns, Reaching safepoint: 1322499 ns, At safepoint: 15739 ns, Total: 1338238 ns
[2020-09-11T16:56:09.795+0000][1][safepoint    ] Safepoint "RevokeBias", Time since last: 73127 ns, Reaching safepoint: 108243 ns, At safepoint: 13955 ns, Total: 122198 ns
[2020-09-11T16:56:09.902+0000][1][safepoint    ] Safepoint "RevokeBias", Time since last: 106976200 ns, Reaching safepoint: 162568 ns, At safepoint: 20697 ns, Total: 183265 ns
[2020-09-11T16:56:10.902+0000][1][safepoint    ] Safepoint "Cleanup", Time since last: 1000104774 ns, Reaching safepoint: 110008 ns, At safepoint: 9038 ns, Total: 119046 ns
[2020-09-11T16:56:11.139+0000][1][safepoint    ] Safepoint "RevokeBias", Time since last: 231901353 ns, Reaching safepoint: 5513142 ns, At safepoint: 33859 ns, Total: 5547001 ns
[2020-09-11T16:56:11.141+0000][1][safepoint    ] Safepoint "RevokeBias", Time since last: 1339447 ns, Reaching safepoint: 149434 ns, At safepoint: 21442 ns, Total: 170876 ns
[2020-09-11T16:56:11.150+0000][1][safepoint    ] Safepoint "RevokeBias", Time since last: 1187682 ns, Reaching safepoint: 7790696 ns, At safepoint: 31926 ns, Total: 7822622 ns
[2020-09-11T16:56:11.150+0000][1][safepoint    ] Safepoint "RevokeBias", Time since last: 175046 ns, Reaching safepoint: 170790 ns, At safepoint: 19892 ns, Total: 190682 ns
[2020-09-11T16:56:11.227+0000][1][gc,start     ] GC(80) Pause Young (Allocation Failure)
[2020-09-11T16:56:11.227+0000][1][gc,task      ] GC(80) Using 1 workers of 1 for evacuation
[2020-09-11T16:56:11.287+0000][1][gc,age       ] GC(80) Desired survivor size 4358144 bytes, new threshold 6 (max threshold 6)
[2020-09-11T16:56:11.287+0000][1][gc,age       ] GC(80) Age table with threshold 6 (max threshold 6)
[2020-09-11T16:56:11.287+0000][1][gc,age       ] GC(80) - age   1:     691968 bytes,     691968 total
[2020-09-11T16:56:11.287+0000][1][gc,heap      ] GC(80) ParNew: 76672K->7764K(76672K)
[2020-09-11T16:56:11.287+0000][1][gc,heap      ] GC(80) CMS: 115316K->116030K(2011968K)
[2020-09-11T16:56:11.287+0000][1][gc,metaspace ] GC(80) Metaspace: 88954K->88954K(1130496K)
[2020-09-11T16:56:11.287+0000][1][gc           ] GC(80) Pause Young (Allocation Failure) 187M->120M(2039M) 60.281ms
[2020-09-11T16:56:11.287+0000][1][gc,cpu       ] GC(80) User=0.02s Sys=0.00s Real=0.06s
[2020-09-11T16:56:11.293+0000][1][safepoint    ] Safepoint "GenCollectForAllocation", Time since last: 76207909 ns, Reaching safepoint: 161129 ns, At safepoint: 66701411 ns, Total: 66862540 ns
[2020-09-11T16:56:11.298+0000][1][safepoint    ] Safepoint "RevokeBias", Time since last: 1063643 ns, Reaching safepoint: 81252 ns, At safepoint: 3597309 ns, Total: 3678561 ns
[2020-09-11T16:56:12.324+0000][1][safepoint    ] Safepoint "Cleanup", Time since last: 1026147421 ns, Reaching safepoint: 181227 ns, At safepoint: 8123 ns, Total: 189350 ns
[2020-09-11T16:56:12.959+0000][1][safepoint    ] Safepoint "RevokeBias", Time since last: 634381266 ns, Reaching safepoint: 204775 ns, At safepoint: 12729 ns, Total: 217504 ns
[2020-09-11T16:56:12.963+0000][1][safepoint    ] Safepoint "RevokeBias", Time since last: 4031276 ns, Reaching safepoint: 247137 ns, At safepoint: 10663 ns, Total: 257800 ns
[2020-09-11T16:56:13.197+0000][1][safepoint    ] Safepoint "RevokeBias", Time since last: 229197546 ns, Reaching safepoint: 3902984 ns, At safepoint: 343469 ns, Total: 4246453 ns
[2020-09-11T16:56:13.211+0000][1][safepoint    ] Safepoint "RevokeBias", Time since last: 14205547 ns, Reaching safepoint: 168666 ns, At safepoint: 23630 ns, Total: 192296 ns
[2020-09-11T16:56:13.226+0000][1][safepoint    ] Safepoint "RevokeBias", Time since last: 14910842 ns, Reaching safepoint: 169932 ns, At safepoint: 24999 ns, Total: 194931 ns
[2020-09-11T16:56:13.639+0000][1][safepoint    ] Safepoint "RevokeBias", Time since last: 412922342 ns, Reaching safepoint: 151343 ns, At safepoint: 27698 ns, Total: 179041 ns
[2020-09-11T16:56:13.640+0000][1][safepoint    ] Safepoint "RevokeBias", Time since last: 79963 ns, Reaching safepoint: 61347 ns, At safepoint: 15996 ns, Total: 77343 ns
[2020-09-11T16:56:13.643+0000][1][safepoint    ] Safepoint "RevokeBias", Time since last: 2828591 ns, Reaching safepoint: 208726 ns, At safepoint: 47641 ns, Total: 256367 ns
[2020-09-11T16:56:14.643+0000][1][safepoint    ] Safepoint "Cleanup", Time since last: 1000148360 ns, Reaching safepoint: 137600 ns, At safepoint: 7353 ns, Total: 144953 ns
[2020-09-11T16:56:14.831+0000][1][safepoint    ] Safepoint "RevokeBias", Time since last: 186244872 ns, Reaching safepoint: 1534648 ns, At safepoint: 80635 ns, Total: 1615283 ns
[2020-09-11T16:56:15.074+0000][1][safepoint    ] Safepoint "RevokeBias", Time since last: 243166346 ns, Reaching safepoint: 81473 ns, At safepoint: 20567 ns, Total: 102040 ns
[2020-09-11T16:56:15.195+0000][1][safepoint    ] Safepoint "RevokeBias", Time since last: 120644244 ns, Reaching safepoint: 234634 ns, At safepoint: 28123 ns, Total: 262757 ns
[2020-09-11T16:56:15.256+0000][1][safepoint    ] Safepoint "RevokeBias", Time since last: 60918548 ns, Reaching safepoint: 206288 ns, At safepoint: 20964 ns, Total: 227252 ns
[2020-09-11T16:56:15.338+0000][1][safepoint    ] Safepoint "Deoptimize", Time since last: 80653935 ns, Reaching safepoint: 204511 ns, At safepoint: 627558 ns, Total: 832069 ns
[2020-09-11T16:56:15.353+0000][1][safepoint    ] Safepoint "Deoptimize", Time since last: 14503960 ns, Reaching safepoint: 154283 ns, At safepoint: 668796 ns, Total: 823079 ns
[2020-09-11T16:56:15.378+0000][1][safepoint    ] Safepoint "RevokeBias", Time since last: 25003656 ns, Reaching safepoint: 201730 ns, At safepoint: 22558 ns, Total: 224288 ns
[2020-09-11T16:56:15.394+0000][1][safepoint    ] Safepoint "RevokeBias", Time since last: 15608858 ns, Reaching safepoint: 330886 ns, At safepoint: 48868 ns, Total: 379754 ns
[2020-09-11T16:56:15.427+0000][1][safepoint    ] Safepoint "RevokeBias", Time since last: 32675892 ns, Reaching safepoint: 375100 ns, At safepoint: 28827 ns, Total: 403927 ns
[2020-09-11T16:56:15.757+0000][1][safepoint    ] Safepoint "RevokeBias", Time since last: 329606518 ns, Reaching safepoint: 224344 ns, At safepoint: 23063 ns, Total: 247407 ns
[2020-09-11T16:56:15.910+0000][1][safepoint    ] Safepoint "RevokeBias", Time since last: 153152207 ns, Reaching safepoint: 183939 ns, At safepoint: 33633 ns, Total: 217572 ns
[2020-09-11T16:56:15.950+0000][1][safepoint    ] Safepoint "RevokeBias", Time since last: 39415908 ns, Reaching safepoint: 202976 ns, At safepoint: 22248 ns, Total: 225224 ns
[2020-09-11T16:56:16.030+0000][1][safepoint    ] Safepoint "RevokeBias", Time since last: 69616433 ns, Reaching safepoint: 10252763 ns, At safepoint: 31418 ns, Total: 10284181 ns
[2020-09-11T16:56:16.989+0000][1][safepoint    ] Safepoint "RevokeBias", Time since last: 958034796 ns, Reaching safepoint: 842931 ns, At safepoint: 30291 ns, Total: 873222 ns
[2020-09-11T16:56:17.354+0000][1][safepoint    ] Safepoint "RevokeBias", Time since last: 364858943 ns, Reaching safepoint: 263172 ns, At safepoint: 22980 ns, Total: 286152 ns
[2020-09-11T16:56:18.393+0000][1][safepoint    ] Safepoint "Cleanup", Time since last: 1000163009 ns, Reaching safepoint: 38661917 ns, At safepoint: 10222 ns, Total: 38672139 ns
[2020-09-11T16:56:18.419+0000][1][gc,start     ] GC(81) Pause Young (Allocation Failure)
[2020-09-11T16:56:18.419+0000][1][gc,task      ] GC(81) Using 1 workers of 1 for evacuation
[2020-09-11T16:56:18.460+0000][1][gc,age       ] GC(81) Desired survivor size 4358144 bytes, new threshold 1 (max threshold 6)
[2020-09-11T16:56:18.460+0000][1][gc,age       ] GC(81) Age table with threshold 1 (max threshold 6)
[2020-09-11T16:56:18.460+0000][1][gc,age       ] GC(81) - age   1:    6039184 bytes,    6039184 total
[2020-09-11T16:56:18.460+0000][1][gc,age       ] GC(81) - age   2:     397584 bytes,    6436768 total
[2020-09-11T16:56:18.460+0000][1][gc,heap      ] GC(81) ParNew: 75637K->8271K(76672K)
[2020-09-11T16:56:18.460+0000][1][gc,heap      ] GC(81) CMS: 116030K->116030K(2011968K)
[2020-09-11T16:56:18.460+0000][1][gc,metaspace ] GC(81) Metaspace: 90656K->90656K(1132544K)
[2020-09-11T16:56:18.460+0000][1][gc           ] GC(81) Pause Young (Allocation Failure) 187M->121M(2039M) 41.165ms
[2020-09-11T16:56:18.460+0000][1][gc,cpu       ] GC(81) User=0.01s Sys=0.01s Real=0.04s
[2020-09-11T16:56:18.463+0000][1][safepoint    ] Safepoint "GenCollectForAllocation", Time since last: 21858725 ns, Reaching safepoint: 4297968 ns, At safepoint: 43944530 ns, Total: 48242498 ns
[2020-09-11T16:56:18.474+0000][1][safepoint    ] Safepoint "RevokeBias", Time since last: 10626423 ns, Reaching safepoint: 178002 ns, At safepoint: 132756 ns, Total: 310758 ns
[2020-09-11T16:56:18.475+0000][1][safepoint    ] Safepoint "RevokeBias", Time since last: 552272 ns, Reaching safepoint: 167783 ns, At safepoint: 106174 ns, Total: 273957 ns
[2020-09-11T16:56:18.475+0000][1][safepoint    ] Safepoint "RevokeBias", Time since last: 171593 ns, Reaching safepoint: 198883 ns, At safepoint: 96570 ns, Total: 295453 ns
[2020-09-11T16:56:18.476+0000][1][safepoint    ] Safepoint "RevokeBias", Time since last: 75712 ns, Reaching safepoint: 187579 ns, At safepoint: 100566 ns, Total: 288145 ns
[2020-09-11T16:56:18.488+0000][1][safepoint    ] Safepoint "RevokeBias", Time since last: 12436564 ns, Reaching safepoint: 222323 ns, At safepoint: 151710 ns, Total: 374033 ns
[2020-09-11T16:56:18.509+0000][1][safepoint    ] Safepoint "RevokeBias", Time since last: 20700680 ns, Reaching safepoint: 227747 ns, At safepoint: 20363 ns, Total: 248110 ns
[2020-09-11T16:56:18.527+0000][1][safepoint    ] Safepoint "RevokeBias", Time since last: 17511832 ns, Reaching safepoint: 235251 ns, At safepoint: 25153 ns, Total: 260404 ns
[2020-09-11T16:56:18.756+0000][1][safepoint    ] Safepoint "Deoptimize", Time since last: 228292398 ns, Reaching safepoint: 235834 ns, At safepoint: 646103 ns, Total: 881937 ns
[2020-09-11T16:56:19.126+0000][1][safepoint    ] Safepoint "ICBufferFull", Time since last: 369103262 ns, Reaching safepoint: 256012 ns, At safepoint: 9449 ns, Total: 265461 ns
[2020-09-11T16:56:19.154+0000][1][safepoint    ] Safepoint "Deoptimize", Time since last: 27132918 ns, Reaching safepoint: 180328 ns, At safepoint: 715817 ns, Total: 896145 ns
[2020-09-11T16:56:19.181+0000][1][safepoint    ] Safepoint "RevokeBias", Time since last: 27372816 ns, Reaching safepoint: 178950 ns, At safepoint: 24314 ns, Total: 203264 ns
[2020-09-11T16:56:19.546+0000][1][gc,start     ] GC(82) Pause Young (Allocation Failure)
[2020-09-11T16:56:19.546+0000][1][gc,task      ] GC(82) Using 1 workers of 1 for evacuation
[2020-09-11T16:56:19.599+0000][1][gc,age       ] GC(82) Desired survivor size 4358144 bytes, new threshold 6 (max threshold 6)
[2020-09-11T16:56:19.710+0000][1][gc,age       ] GC(82) Age table with threshold 6 (max threshold 6)
[2020-09-11T16:56:19.710+0000][1][gc,age       ] GC(82) - age   1:    1321688 bytes,    1321688 total
[2020-09-11T16:56:19.711+0000][1][gc,heap      ] GC(82) ParNew: 76063K->5231K(76672K)
[2020-09-11T16:56:19.711+0000][1][gc,heap      ] GC(82) CMS: 116030K->117961K(2011968K)
[2020-09-11T16:56:19.711+0000][1][gc,metaspace ] GC(82) Metaspace: 91285K->91285K(1132544K)
[2020-09-11T16:56:19.711+0000][1][gc           ] GC(82) Pause Young (Allocation Failure) 187M->120M(2039M) 164.316ms
[2020-09-11T16:56:19.711+0000][1][gc,cpu       ] GC(82) User=0.03s Sys=0.00s Real=0.16s
[2020-09-11T16:56:19.747+0000][1][safepoint    ] Safepoint "GenCollectForAllocation", Time since last: 364865553 ns, Reaching safepoint: 197169 ns, At safepoint: 201070336 ns, Total: 201267505 ns
[2020-09-11T16:56:20.769+0000][1][safepoint    ] Safepoint "RevokeBias", Time since last: 896795260 ns, Reaching safepoint: 124826085 ns, At safepoint: 25536 ns, Total: 124851621 ns
[2020-09-11T16:56:20.789+0000][1][gc,start     ] GC(83) Pause Young (Allocation Failure)
[2020-09-11T16:56:20.789+0000][1][gc,task      ] GC(83) Using 1 workers of 1 for evacuation
[2020-09-11T16:56:20.810+0000][1][gc,age       ] GC(83) Desired survivor size 4358144 bytes, new threshold 1 (max threshold 6)
[2020-09-11T16:56:20.810+0000][1][gc,age       ] GC(83) Age table with threshold 1 (max threshold 6)
[2020-09-11T16:56:20.810+0000][1][gc,age       ] GC(83) - age   1:    7679704 bytes,    7679704 total
[2020-09-11T16:56:20.810+0000][1][gc,age       ] GC(83) - age   2:     511296 bytes,    8191000 total
[2020-09-11T16:56:20.810+0000][1][gc,heap      ] GC(83) ParNew: 73119K->8152K(76672K)
[2020-09-11T16:56:20.810+0000][1][gc,heap      ] GC(83) CMS: 117961K->117961K(2011968K)
[2020-09-11T16:56:20.810+0000][1][gc,metaspace ] GC(83) Metaspace: 91442K->91442K(1132544K)
[2020-09-11T16:56:20.810+0000][1][gc           ] GC(83) Pause Young (Allocation Failure) 186M->123M(2039M) 20.822ms
[2020-09-11T16:56:20.810+0000][1][gc,cpu       ] GC(83) User=0.02s Sys=0.00s Real=0.02s
[2020-09-11T16:56:20.837+0000][1][safepoint    ] Safepoint "GenCollectForAllocation", Time since last: 19742599 ns, Reaching safepoint: 324701 ns, At safepoint: 47670961 ns, Total: 47995662 ns
[2020-09-11T16:56:20.855+0000][1][safepoint    ] Safepoint "RevokeBias", Time since last: 17475106 ns, Reaching safepoint: 330021 ns, At safepoint: 154937 ns, Total: 484958 ns
[2020-09-11T16:56:20.857+0000][1][safepoint    ] Safepoint "RevokeBias", Time since last: 1818631 ns, Reaching safepoint: 317993 ns, At safepoint: 160414 ns, Total: 478407 ns
[2020-09-11T16:56:20.917+0000][1][safepoint    ] Safepoint "RevokeBias", Time since last: 59460806 ns, Reaching safepoint: 195616 ns, At safepoint: 24829 ns, Total: 220445 ns
[2020-09-11T16:56:21.551+0000][1][safepoint    ] Safepoint "RevokeBias", Time since last: 633548159 ns, Reaching safepoint: 113234 ns, At safepoint: 129606 ns, Total: 242840 ns
[2020-09-11T16:56:21.551+0000][1][safepoint    ] Safepoint "BulkRevokeBias", Time since last: 93544 ns, Reaching safepoint: 49296 ns, At safepoint: 321405 ns, Total: 370701 ns
[2020-09-11T16:56:21.568+0000][1][safepoint    ] Safepoint "RevokeBias", Time since last: 16423614 ns, Reaching safepoint: 185800 ns, At safepoint: 155799 ns, Total: 341599 ns
[2020-09-11T16:56:21.590+0000][1][safepoint    ] Safepoint "RevokeBias", Time since last: 21735862 ns, Reaching safepoint: 173140 ns, At safepoint: 10086 ns, Total: 183226 ns
[2020-09-11T16:56:21.597+0000][1][safepoint    ] Safepoint "RevokeBias", Time since last: 7116707 ns, Reaching safepoint: 171031 ns, At safepoint: 8947 ns, Total: 179978 ns
[2020-09-11T16:56:21.606+0000][1][safepoint    ] Safepoint "RevokeBias", Time since last: 8702537 ns, Reaching safepoint: 219930 ns, At safepoint: 22120 ns, Total: 242050 ns
[2020-09-11T16:56:21.607+0000][1][safepoint    ] Safepoint "RevokeBias", Time since last: 1256029 ns, Reaching safepoint: 154784 ns, At safepoint: 18197 ns, Total: 172981 ns
[2020-09-11T16:56:22.608+0000][1][safepoint    ] Safepoint "Cleanup", Time since last: 1000590754 ns, Reaching safepoint: 243722 ns, At safepoint: 9112 ns, Total: 252834 ns
[2020-09-11T16:56:23.609+0000][1][safepoint    ] Safepoint "Cleanup", Time since last: 1000748912 ns, Reaching safepoint: 101925 ns, At safepoint: 7134 ns, Total: 109059 ns
[2020-09-11T16:56:24.221+0000][1][safepoint    ] Safepoint "RevokeBias", Time since last: 611756380 ns, Reaching safepoint: 160511 ns, At safepoint: 56637 ns, Total: 217148 ns
[2020-09-11T16:56:25.221+0000][1][safepoint    ] Safepoint "Cleanup", Time since last: 1000158133 ns, Reaching safepoint: 130889 ns, At safepoint: 10472 ns, Total: 141361 ns
[2020-09-11T16:56:26.222+0000][1][safepoint    ] Safepoint "Cleanup", Time since last: 1000122441 ns, Reaching safepoint: 111056 ns, At safepoint: 10005 ns, Total: 121061 ns
[2020-09-11T16:56:27.222+0000][1][safepoint    ] Safepoint "Cleanup", Time since last: 1000316217 ns, Reaching safepoint: 92739 ns, At safepoint: 5983 ns, Total: 98722 ns
[2020-09-11T16:56:28.223+0000][1][safepoint    ] Safepoint "Cleanup", Time since last: 1000117354 ns, Reaching safepoint: 1168790 ns, At safepoint: 9131 ns, Total: 1177921 ns
[2020-09-11T16:56:28.886+0000][1][safepoint    ] Safepoint "RevokeBias", Time since last: 662463980 ns, Reaching safepoint: 90550 ns, At safepoint: 28159 ns, Total: 118709 ns
[2020-09-11T16:56:29.886+0000][1][safepoint    ] Safepoint "Cleanup", Time since last: 1000123397 ns, Reaching safepoint: 121002 ns, At safepoint: 10758 ns, Total: 131760 ns
[2020-09-11T16:56:30.886+0000][1][safepoint    ] Safepoint "Cleanup", Time since last: 1000121926 ns, Reaching safepoint: 109740 ns, At safepoint: 9038 ns, Total: 118778 ns
[2020-09-11T16:56:31.887+0000][1][safepoint    ] Safepoint "Cleanup", Time since last: 1000119261 ns, Reaching safepoint: 94784 ns, At safepoint: 7711 ns, Total: 102495 ns
[2020-09-11T16:56:32.887+0000][1][safepoint    ] Safepoint "Cleanup", Time since last: 1000119176 ns, Reaching safepoint: 108148 ns, At safepoint: 10097 ns, Total: 118245 ns
[2020-09-11T16:56:33.887+0000][1][safepoint    ] Safepoint "Cleanup", Time since last: 1000124791 ns, Reaching safepoint: 101129 ns, At safepoint: 9590 ns, Total: 110719 ns
[2020-09-11T16:56:34.662+0000][1][safepoint    ] Safepoint "RevokeBias", Time since last: 775350532 ns, Reaching safepoint: 96914 ns, At safepoint: 24057 ns, Total: 120971 ns
[2020-09-11T16:56:34.770+0000][1][gc,start     ] GC(84) Pause Young (Allocation Failure)
[2020-09-11T16:56:34.770+0000][1][gc,task      ] GC(84) Using 1 workers of 1 for evacuation
[2020-09-11T16:56:34.812+0000][1][gc,age       ] GC(84) Desired survivor size 4358144 bytes, new threshold 1 (max threshold 6)
[2020-09-11T16:56:34.812+0000][1][gc,age       ] GC(84) Age table with threshold 1 (max threshold 6)
[2020-09-11T16:56:34.812+0000][1][gc,age       ] GC(84) - age   1:    8706408 bytes,    8706408 total
[2020-09-11T16:56:34.812+0000][1][gc,heap      ] GC(84) ParNew: 76312K->8512K(76672K)
[2020-09-11T16:56:34.812+0000][1][gc,heap      ] GC(84) CMS: 117961K->119839K(2011968K)
[2020-09-11T16:56:34.812+0000][1][gc,metaspace ] GC(84) Metaspace: 91773K->91773K(1134592K)
[2020-09-11T16:56:34.812+0000][1][gc           ] GC(84) Pause Young (Allocation Failure) 189M->125M(2039M) 41.867ms
[2020-09-11T16:56:34.812+0000][1][gc,cpu       ] GC(84) User=0.02s Sys=0.00s Real=0.04s
[2020-09-11T16:56:34.817+0000][1][safepoint    ] Safepoint "GenCollectForAllocation", Time since last: 105903264 ns, Reaching safepoint: 1725607 ns, At safepoint: 47345815 ns, Total: 49071422 ns
[2020-09-11T16:56:35.029+0000][1][safepoint    ] Safepoint "RevokeBias", Time since last: 208808970 ns, Reaching safepoint: 2531803 ns, At safepoint: 29909 ns, Total: 2561712 ns
[2020-09-11T16:56:35.037+0000][1][safepoint    ] Safepoint "RevokeBias", Time since last: 7978819 ns, Reaching safepoint: 210596 ns, At safepoint: 26284 ns, Total: 236880 ns
[2020-09-11T16:56:35.037+0000][1][safepoint    ] Safepoint "RevokeBias", Time since last: 75952 ns, Reaching safepoint: 179001 ns, At safepoint: 18189 ns, Total: 197190 ns
[2020-09-11T16:56:35.038+0000][1][safepoint    ] Safepoint "RevokeBias", Time since last: 48364 ns, Reaching safepoint: 162386 ns, At safepoint: 16729 ns, Total: 179115 ns
[2020-09-11T16:56:35.038+0000][1][safepoint    ] Safepoint "RevokeBias", Time since last: 43008 ns, Reaching safepoint: 154216 ns, At safepoint: 16272 ns, Total: 170488 ns
[2020-09-11T16:56:35.038+0000][1][safepoint    ] Safepoint "RevokeBias", Time since last: 41694 ns, Reaching safepoint: 151073 ns, At safepoint: 15876 ns, Total: 166949 ns
[2020-09-11T16:56:35.343+0000][1][safepoint    ] Safepoint "RevokeBias", Time since last: 305074604 ns, Reaching safepoint: 193077 ns, At safepoint: 24805 ns, Total: 217882 ns
[2020-09-11T16:56:35.437+0000][1][safepoint    ] Safepoint "RevokeBias", Time since last: 90373962 ns, Reaching safepoint: 3294962 ns, At safepoint: 32814 ns, Total: 3327776 ns
[2020-09-11T16:56:35.438+0000][1][safepoint    ] Safepoint "RevokeBias", Time since last: 407271 ns, Reaching safepoint: 154168 ns, At safepoint: 15641 ns, Total: 169809 ns
[2020-09-11T16:56:35.441+0000][1][safepoint    ] Safepoint "RevokeBias", Time since last: 2091163 ns, Reaching safepoint: 1245094 ns, At safepoint: 23648 ns, Total: 1268742 ns
[2020-09-11T16:56:35.453+0000][1][safepoint    ] Safepoint "RevokeBias", Time since last: 11659145 ns, Reaching safepoint: 191851 ns, At safepoint: 21638 ns, Total: 213489 ns
[2020-09-11T16:56:36.458+0000][1][safepoint    ] Safepoint "Cleanup", Time since last: 1000109512 ns, Reaching safepoint: 5045184 ns, At safepoint: 9228 ns, Total: 5054412 ns
[2020-09-11T16:56:37.458+0000][1][safepoint    ] Safepoint "Cleanup", Time since last: 1000113369 ns, Reaching safepoint: 169161 ns, At safepoint: 6421 ns, Total: 175582 ns
[2020-09-11T16:56:38.459+0000][1][safepoint    ] Safepoint "Cleanup", Time since last: 1000113946 ns, Reaching safepoint: 526006 ns, At safepoint: 8863 ns, Total: 534869 ns
[2020-09-11T16:56:39.463+0000][1][safepoint    ] Safepoint "Cleanup", Time since last: 1003935367 ns, Reaching safepoint: 122214 ns, At safepoint: 7717 ns, Total: 129931 ns
[2020-09-11T16:56:40.465+0000][1][safepoint    ] Safepoint "Cleanup", Time since last: 1001828878 ns, Reaching safepoint: 102028 ns, At safepoint: 7713 ns, Total: 109741 ns
[2020-09-11T16:56:41.793+0000][1][gc,start     ] GC(85) Pause Young (Allocation Failure)
[2020-09-11T16:56:41.793+0000][1][gc,task      ] GC(85) Using 1 workers of 1 for evacuation
[2020-09-11T16:56:41.830+0000][1][gc,age       ] GC(85) Desired survivor size 4358144 bytes, new threshold 6 (max threshold 6)
[2020-09-11T16:56:41.830+0000][1][gc,age       ] GC(85) Age table with threshold 6 (max threshold 6)
[2020-09-11T16:56:41.830+0000][1][gc,age       ] GC(85) - age   1:     928784 bytes,     928784 total
[2020-09-11T16:56:41.830+0000][1][gc,heap      ] GC(85) ParNew: 76672K->7978K(76672K)
[2020-09-11T16:56:41.830+0000][1][gc,heap      ] GC(85) CMS: 119839K->128272K(2011968K)
[2020-09-11T16:56:41.830+0000][1][gc,metaspace ] GC(85) Metaspace: 92145K->92145K(1134592K)
[2020-09-11T16:56:41.830+0000][1][gc           ] GC(85) Pause Young (Allocation Failure) 191M->133M(2039M) 37.005ms
[2020-09-11T16:56:41.830+0000][1][gc,cpu       ] GC(85) User=0.02s Sys=0.00s Real=0.03s
[2020-09-11T16:56:41.848+0000][1][safepoint    ] Safepoint "GenCollectForAllocation", Time since last: 1326050077 ns, Reaching safepoint: 1907313 ns, At safepoint: 55537253 ns, Total: 57444566 ns
[2020-09-11T16:56:42.854+0000][1][safepoint    ] Safepoint "Cleanup", Time since last: 1005637822 ns, Reaching safepoint: 97190 ns, At safepoint: 7509 ns, Total: 104699 ns
[2020-09-11T16:56:44.253+0000][1][safepoint    ] Safepoint "RevokeBias", Time since last: 1398792227 ns, Reaching safepoint: 219385 ns, At safepoint: 26681 ns, Total: 246066 ns
[2020-09-11T16:56:44.254+0000][1][safepoint    ] Safepoint "RevokeBias", Time since last: 441421 ns, Reaching safepoint: 169015 ns, At safepoint: 17830 ns, Total: 186845 ns
[2020-09-11T16:56:44.257+0000][1][safepoint    ] Safepoint "RevokeBias", Time since last: 3045509 ns, Reaching safepoint: 164722 ns, At safepoint: 17919 ns, Total: 182641 ns
[2020-09-11T16:56:44.261+0000][1][safepoint    ] Safepoint "RevokeBias", Time since last: 3897633 ns, Reaching safepoint: 218089 ns, At safepoint: 25283 ns, Total: 243372 ns
[2020-09-11T16:56:44.261+0000][1][safepoint    ] Safepoint "RevokeBias", Time since last: 76482 ns, Reaching safepoint: 162790 ns, At safepoint: 16034 ns, Total: 178824 ns
[2020-09-11T16:56:44.262+0000][1][safepoint    ] Safepoint "RevokeBias", Time since last: 45112 ns, Reaching safepoint: 154882 ns, At safepoint: 15434 ns, Total: 170316 ns
[2020-09-11T16:56:44.262+0000][1][safepoint    ] Safepoint "RevokeBias", Time since last: 41291 ns, Reaching safepoint: 154238 ns, At safepoint: 15123 ns, Total: 169361 ns
[2020-09-11T16:56:44.262+0000][1][safepoint    ] Safepoint "RevokeBias", Time since last: 41728 ns, Reaching safepoint: 149649 ns, At safepoint: 14552 ns, Total: 164201 ns
[2020-09-11T16:56:44.267+0000][1][safepoint    ] Safepoint "BulkRevokeBias", Time since last: 56976 ns, Reaching safepoint: 1762967 ns, At safepoint: 3441054 ns, Total: 5204021 ns
[2020-09-11T16:56:45.285+0000][1][safepoint    ] Safepoint "Cleanup", Time since last: 1016897932 ns, Reaching safepoint: 339322 ns, At safepoint: 7337 ns, Total: 346659 ns
[2020-09-11T16:56:46.290+0000][1][safepoint    ] Safepoint "Cleanup", Time since last: 1005312509 ns, Reaching safepoint: 107604 ns, At safepoint: 8567 ns, Total: 116171 ns
[2020-09-11T16:56:47.301+0000][1][safepoint    ] Safepoint "Cleanup", Time since last: 1010786001 ns, Reaching safepoint: 174334 ns, At safepoint: 9962 ns, Total: 184296 ns
[2020-09-11T16:56:48.310+0000][1][safepoint    ] Safepoint "Cleanup", Time since last: 1007844437 ns, Reaching safepoint: 988448 ns, At safepoint: 8978 ns, Total: 997426 ns
[2020-09-11T16:56:49.313+0000][1][safepoint    ] Safepoint "Cleanup", Time since last: 1000120754 ns, Reaching safepoint: 3011856 ns, At safepoint: 10618 ns, Total: 3022474 ns
[2020-09-11T16:56:50.317+0000][1][safepoint    ] Safepoint "Cleanup", Time since last: 1003841231 ns, Reaching safepoint: 119123 ns, At safepoint: 5882 ns, Total: 125005 ns
[2020-09-11T16:56:51.320+0000][1][safepoint    ] Safepoint "Cleanup", Time since last: 1003291513 ns, Reaching safepoint: 124397 ns, At safepoint: 8279 ns, Total: 132676 ns
[2020-09-11T16:56:52.321+0000][1][safepoint    ] Safepoint "Cleanup", Time since last: 1000127065 ns, Reaching safepoint: 97786 ns, At safepoint: 8840 ns, Total: 106626 ns
[2020-09-11T16:56:52.885+0000][1][safepoint    ] Safepoint "RevokeBias", Time since last: 562124987 ns, Reaching safepoint: 2210602 ns, At safepoint: 25544 ns, Total: 2236146 ns
[2020-09-11T16:56:52.896+0000][1][safepoint    ] Safepoint "RevokeBias", Time since last: 10389315 ns, Reaching safepoint: 206058 ns, At safepoint: 21845 ns, Total: 227903 ns
[2020-09-11T16:56:52.942+0000][1][safepoint    ] Safepoint "RevokeBias", Time since last: 45708113 ns, Reaching safepoint: 332017 ns, At safepoint: 21979 ns, Total: 353996 ns
[2020-09-11T16:56:52.989+0000][1][safepoint    ] Safepoint "RevokeBias", Time since last: 47489601 ns, Reaching safepoint: 267811 ns, At safepoint: 23361 ns, Total: 291172 ns
[2020-09-11T16:56:53.001+0000][1][safepoint    ] Safepoint "RevokeBias", Time since last: 11401288 ns, Reaching safepoint: 288119 ns, At safepoint: 22833 ns, Total: 310952 ns
[2020-09-11T16:56:53.087+0000][1][gc,start     ] GC(86) Pause Young (Allocation Failure)
[2020-09-11T16:56:53.087+0000][1][gc,task      ] GC(86) Using 1 workers of 1 for evacuation
[2020-09-11T16:56:53.119+0000][1][gc,age       ] GC(86) Desired survivor size 4358144 bytes, new threshold 6 (max threshold 6)
[2020-09-11T16:56:53.119+0000][1][gc,age       ] GC(86) Age table with threshold 6 (max threshold 6)
[2020-09-11T16:56:53.119+0000][1][gc,age       ] GC(86) - age   1:     320504 bytes,     320504 total
[2020-09-11T16:56:53.119+0000][1][gc,age       ] GC(86) - age   2:     498480 bytes,     818984 total
[2020-09-11T16:56:53.119+0000][1][gc,heap      ] GC(86) ParNew: 76138K->2164K(76672K)
[2020-09-11T16:56:53.119+0000][1][gc,heap      ] GC(86) CMS: 128272K->128272K(2011968K)
[2020-09-11T16:56:53.119+0000][1][gc,metaspace ] GC(86) Metaspace: 92719K->92719K(1134592K)
[2020-09-11T16:56:53.119+0000][1][gc           ] GC(86) Pause Young (Allocation Failure) 199M->127M(2039M) 32.035ms
[2020-09-11T16:56:53.119+0000][1][gc,cpu       ] GC(86) User=0.01s Sys=0.00s Real=0.03s
[2020-09-11T16:56:53.137+0000][1][safepoint    ] Safepoint "GenCollectForAllocation", Time since last: 83028223 ns, Reaching safepoint: 2986989 ns, At safepoint: 49673516 ns, Total: 52660505 ns
[2020-09-11T16:56:53.159+0000][1][safepoint    ] Safepoint "RevokeBias", Time since last: 21592163 ns, Reaching safepoint: 239014 ns, At safepoint: 101874 ns, Total: 340888 ns
[2020-09-11T16:56:53.165+0000][1][safepoint    ] Safepoint "RevokeBias", Time since last: 2385368 ns, Reaching safepoint: 3787694 ns, At safepoint: 31183 ns, Total: 3818877 ns
[2020-09-11T16:56:54.165+0000][1][safepoint    ] Safepoint "Cleanup", Time since last: 1000130736 ns, Reaching safepoint: 118930 ns, At safepoint: 7917 ns, Total: 126847 ns
[2020-09-11T16:56:55.165+0000][1][safepoint    ] Safepoint "Cleanup", Time since last: 1000113547 ns, Reaching safepoint: 106529 ns, At safepoint: 7121 ns, Total: 113650 ns
[2020-09-11T16:56:56.166+0000][1][safepoint    ] Safepoint "Cleanup", Time since last: 1000122194 ns, Reaching safepoint: 108114 ns, At safepoint: 9967 ns, Total: 118081 ns
[2020-09-11T16:56:57.159+0000][1][safepoint    ] Safepoint "RevokeBias", Time since last: 993519972 ns, Reaching safepoint: 94650 ns, At safepoint: 23099 ns, Total: 117749 ns
[2020-09-11T16:56:58.161+0000][1][safepoint    ] Safepoint "Cleanup", Time since last: 1001281110 ns, Reaching safepoint: 111807 ns, At safepoint: 6465 ns, Total: 118272 ns
[2020-09-11T16:56:59.161+0000][1][safepoint    ] Safepoint "Cleanup", Time since last: 1000143588 ns, Reaching safepoint: 100225 ns, At safepoint: 6241 ns, Total: 106466 ns
[2020-09-11T16:57:00.161+0000][1][safepoint    ] Safepoint "Cleanup", Time since last: 1000113942 ns, Reaching safepoint: 103312 ns, At safepoint: 9881 ns, Total: 113193 ns
[2020-09-11T16:57:01.161+0000][1][safepoint    ] Safepoint "Cleanup", Time since last: 1000115769 ns, Reaching safepoint: 98714 ns, At safepoint: 8170 ns, Total: 106884 ns
[2020-09-11T16:57:02.162+0000][1][safepoint    ] Safepoint "Cleanup", Time since last: 1000111497 ns, Reaching safepoint: 89254 ns, At safepoint: 6720 ns, Total: 95974 ns
[2020-09-11T16:57:03.162+0000][1][safepoint    ] Safepoint "Cleanup", Time since last: 1000116769 ns, Reaching safepoint: 95421 ns, At safepoint: 7455 ns, Total: 102876 ns
[2020-09-11T16:57:04.162+0000][1][safepoint    ] Safepoint "Cleanup", Time since last: 1000129959 ns, Reaching safepoint: 96633 ns, At safepoint: 8472 ns, Total: 105105 ns
[2020-09-11T16:57:05.162+0000][1][safepoint    ] Safepoint "Cleanup", Time since last: 1000121608 ns, Reaching safepoint: 107597 ns, At safepoint: 10036 ns, Total: 117633 ns
[2020-09-11T16:57:06.163+0000][1][safepoint    ] Safepoint "Cleanup", Time since last: 1000128074 ns, Reaching safepoint: 111296 ns, At safepoint: 7801 ns, Total: 119097 ns
[2020-09-11T16:57:07.163+0000][1][safepoint    ] Safepoint "Cleanup", Time since last: 1000122468 ns, Reaching safepoint: 109106 ns, At safepoint: 7408 ns, Total: 116514 ns
[2020-09-11T16:57:08.163+0000][1][safepoint    ] Safepoint "Cleanup", Time since last: 1000133759 ns, Reaching safepoint: 114591 ns, At safepoint: 9381 ns, Total: 123972 ns
[2020-09-11T16:57:09.163+0000][1][safepoint    ] Safepoint "Cleanup", Time since last: 1000131545 ns, Reaching safepoint: 103155 ns, At safepoint: 7318 ns, Total: 110473 ns
[2020-09-11T16:57:10.164+0000][1][safepoint    ] Safepoint "Cleanup", Time since last: 1000193456 ns, Reaching safepoint: 706504 ns, At safepoint: 19167 ns, Total: 725671 ns
[2020-09-11T16:57:11.165+0000][1][safepoint    ] Safepoint "Cleanup", Time since last: 1000201994 ns, Reaching safepoint: 132679 ns, At safepoint: 6288 ns, Total: 138967 ns
[2020-09-11T16:57:12.165+0000][1][safepoint    ] Safepoint "Cleanup", Time since last: 1000151502 ns, Reaching safepoint: 158813 ns, At safepoint: 6619 ns, Total: 165432 ns
[2020-09-11T16:57:13.165+0000][1][safepoint    ] Safepoint "Cleanup", Time since last: 1000113834 ns, Reaching safepoint: 93965 ns, At safepoint: 6412 ns, Total: 100377 ns
[2020-09-11T16:57:14.166+0000][1][safepoint    ] Safepoint "Cleanup", Time since last: 1000373891 ns, Reaching safepoint: 97746 ns, At safepoint: 6540 ns, Total: 104286 ns
[2020-09-11T16:57:14.974+0000][1][gc,start     ] GC(87) Pause Young (Allocation Failure)
[2020-09-11T16:57:14.974+0000][1][gc,task      ] GC(87) Using 1 workers of 1 for evacuation
[2020-09-11T16:57:14.990+0000][1][gc,age       ] GC(87) Desired survivor size 4358144 bytes, new threshold 6 (max threshold 6)
[2020-09-11T16:57:14.990+0000][1][gc,age       ] GC(87) Age table with threshold 6 (max threshold 6)
[2020-09-11T16:57:14.990+0000][1][gc,age       ] GC(87) - age   1:     187672 bytes,     187672 total
[2020-09-11T16:57:14.990+0000][1][gc,age       ] GC(87) - age   2:     143008 bytes,     330680 total
[2020-09-11T16:57:14.990+0000][1][gc,age       ] GC(87) - age   3:     476576 bytes,     807256 total
[2020-09-11T16:57:14.990+0000][1][gc,heap      ] GC(87) ParNew: 70324K->1482K(76672K)
[2020-09-11T16:57:14.990+0000][1][gc,heap      ] GC(87) CMS: 128272K->128272K(2011968K)
[2020-09-11T16:57:14.990+0000][1][gc,metaspace ] GC(87) Metaspace: 93144K->93144K(1134592K)
[2020-09-11T16:57:14.990+0000][1][gc           ] GC(87) Pause Young (Allocation Failure) 193M->126M(2039M) 15.928ms
[2020-09-11T16:57:14.990+0000][1][gc,cpu       ] GC(87) User=0.01s Sys=0.00s Real=0.01s
[2020-09-11T16:57:14.990+0000][1][safepoint    ] Safepoint "GenCollectForAllocation", Time since last: 808618946 ns, Reaching safepoint: 204419 ns, At safepoint: 16014726 ns, Total: 16219145 ns
[2020-09-11T16:57:15.994+0000][1][safepoint    ] Safepoint "Cleanup", Time since last: 1003180035 ns, Reaching safepoint: 188425 ns, At safepoint: 15947 ns, Total: 204372 ns
[2020-09-11T16:57:16.994+0000][1][safepoint    ] Safepoint "Cleanup", Time since last: 1000158103 ns, Reaching safepoint: 87118 ns, At safepoint: 5723 ns, Total: 92841 ns
[2020-09-11T16:57:17.994+0000][1][safepoint    ] Safepoint "Cleanup", Time since last: 1000340341 ns, Reaching safepoint: 91865 ns, At safepoint: 6893 ns, Total: 98758 ns
[2020-09-11T16:57:18.996+0000][1][safepoint    ] Safepoint "Cleanup", Time since last: 1000879179 ns, Reaching safepoint: 168233 ns, At safepoint: 14757 ns, Total: 182990 ns
[2020-09-11T16:57:19.996+0000][1][safepoint    ] Safepoint "Cleanup", Time since last: 1000149539 ns, Reaching safepoint: 211568 ns, At safepoint: 7264 ns, Total: 218832 ns
[2020-09-11T16:57:20.996+0000][1][safepoint    ] Safepoint "Cleanup", Time since last: 1000167892 ns, Reaching safepoint: 163976 ns, At safepoint: 37296 ns, Total: 201272 ns
[2020-09-11T16:57:22.997+0000][1][safepoint    ] Safepoint "Cleanup", Time since last: 2000323581 ns, Reaching safepoint: 289000 ns, At safepoint: 17573 ns, Total: 306573 ns
[2020-09-11T16:57:23.997+0000][1][safepoint    ] Safepoint "Cleanup", Time since last: 1000228819 ns, Reaching safepoint: 134037 ns, At safepoint: 7091 ns, Total: 141128 ns
[2020-09-11T16:57:25.001+0000][1][safepoint    ] Safepoint "Cleanup", Time since last: 1003224063 ns, Reaching safepoint: 209373 ns, At safepoint: 7271 ns, Total: 216644 ns
[2020-09-11T16:57:26.001+0000][1][safepoint    ] Safepoint "Cleanup", Time since last: 1000165551 ns, Reaching safepoint: 85919 ns, At safepoint: 5590 ns, Total: 91509 ns
[2020-09-11T16:57:27.001+0000][1][safepoint    ] Safepoint "Cleanup", Time since last: 1000089620 ns, Reaching safepoint: 92551 ns, At safepoint: 5451 ns, Total: 98002 ns
[2020-09-11T16:57:28.001+0000][1][safepoint    ] Safepoint "Cleanup", Time since last: 1000134814 ns, Reaching safepoint: 161456 ns, At safepoint: 6883 ns, Total: 168339 ns
[2020-09-11T16:57:29.002+0000][1][safepoint    ] Safepoint "Cleanup", Time since last: 1000128463 ns, Reaching safepoint: 174737 ns, At safepoint: 15576 ns, Total: 190313 ns
[2020-09-11T16:57:30.002+0000][1][safepoint    ] Safepoint "Cleanup", Time since last: 1000178684 ns, Reaching safepoint: 369992 ns, At safepoint: 19989 ns, Total: 389981 ns
[2020-09-11T16:57:31.003+0000][1][safepoint    ] Safepoint "Cleanup", Time since last: 1000193171 ns, Reaching safepoint: 168841 ns, At safepoint: 16909 ns, Total: 185750 ns
[2020-09-11T16:57:32.003+0000][1][safepoint    ] Safepoint "Cleanup", Time since last: 1000217961 ns, Reaching safepoint: 180798 ns, At safepoint: 18773 ns, Total: 199571 ns
[2020-09-11T16:57:33.004+0000][1][safepoint    ] Safepoint "Cleanup", Time since last: 1000240969 ns, Reaching safepoint: 178329 ns, At safepoint: 18088 ns, Total: 196417 ns
[2020-09-11T16:57:34.004+0000][1][safepoint    ] Safepoint "Cleanup", Time since last: 1000220690 ns, Reaching safepoint: 171287 ns, At safepoint: 18245 ns, Total: 189532 ns
[2020-09-11T16:57:35.004+0000][1][safepoint    ] Safepoint "Cleanup", Time since last: 1000250365 ns, Reaching safepoint: 124081 ns, At safepoint: 6454 ns, Total: 130535 ns
[2020-09-11T16:57:36.005+0000][1][safepoint    ] Safepoint "Cleanup", Time since last: 1000186988 ns, Reaching safepoint: 117370 ns, At safepoint: 7325 ns, Total: 124695 ns
[2020-09-11T16:57:37.005+0000][1][safepoint    ] Safepoint "Cleanup", Time since last: 1000091405 ns, Reaching safepoint: 99244 ns, At safepoint: 6784 ns, Total: 106028 ns
[2020-09-11T16:57:37.141+0000][1][gc,start     ] GC(88) Pause Young (Allocation Failure)
[2020-09-11T16:57:37.141+0000][1][gc,task      ] GC(88) Using 1 workers of 1 for evacuation
[2020-09-11T16:57:37.167+0000][1][gc,age       ] GC(88) Desired survivor size 4358144 bytes, new threshold 6 (max threshold 6)
[2020-09-11T16:57:37.167+0000][1][gc,age       ] GC(88) Age table with threshold 6 (max threshold 6)
[2020-09-11T16:57:37.167+0000][1][gc,age       ] GC(88) - age   1:     189904 bytes,     189904 total
[2020-09-11T16:57:37.167+0000][1][gc,age       ] GC(88) - age   2:      75280 bytes,     265184 total
[2020-09-11T16:57:37.167+0000][1][gc,age       ] GC(88) - age   3:     138856 bytes,     404040 total
[2020-09-11T16:57:37.167+0000][1][gc,age       ] GC(88) - age   4:     470224 bytes,     874264 total
[2020-09-11T16:57:37.167+0000][1][gc,heap      ] GC(88) ParNew: 69642K->961K(76672K)
[2020-09-11T16:57:37.167+0000][1][gc,heap      ] GC(88) CMS: 128272K->128272K(2011968K)
[2020-09-11T16:57:37.167+0000][1][gc,metaspace ] GC(88) Metaspace: 93493K->93493K(1134592K)
[2020-09-11T16:57:37.167+0000][1][gc           ] GC(88) Pause Young (Allocation Failure) 193M->126M(2039M) 26.010ms
[2020-09-11T16:57:37.167+0000][1][gc,cpu       ] GC(88) User=0.01s Sys=0.00s Real=0.02s
[2020-09-11T16:57:37.168+0000][1][safepoint    ] Safepoint "GenCollectForAllocation", Time since last: 132835732 ns, Reaching safepoint: 3170867 ns, At safepoint: 27138186 ns, Total: 30309053 ns
[2020-09-11T16:57:37.526+0000][1][safepoint    ] Safepoint "ICBufferFull", Time since last: 357644587 ns, Reaching safepoint: 257023 ns, At safepoint: 8471 ns, Total: 265494 ns
[2020-09-11T16:57:38.526+0000][1][safepoint    ] Safepoint "Cleanup", Time since last: 1000116666 ns, Reaching safepoint: 137702 ns, At safepoint: 7267 ns, Total: 144969 ns
[2020-09-11T16:57:39.642+0000][1][safepoint    ] Safepoint "Cleanup", Time since last: 1115309735 ns, Reaching safepoint: 225480 ns, At safepoint: 18994 ns, Total: 244474 ns
[2020-09-11T16:57:40.642+0000][1][safepoint    ] Safepoint "Cleanup", Time since last: 1000226307 ns, Reaching safepoint: 186060 ns, At safepoint: 19715 ns, Total: 205775 ns
[2020-09-11T16:57:41.643+0000][1][safepoint    ] Safepoint "Cleanup", Time since last: 1000230766 ns, Reaching safepoint: 123341 ns, At safepoint: 7811 ns, Total: 131152 ns
[2020-09-11T16:57:42.645+0000][1][safepoint    ] Safepoint "Cleanup", Time since last: 1002250136 ns, Reaching safepoint: 153488 ns, At safepoint: 7646 ns, Total: 161134 ns
[2020-09-11T16:57:43.645+0000][1][safepoint    ] Safepoint "Cleanup", Time since last: 1000130615 ns, Reaching safepoint: 179204 ns, At safepoint: 17627 ns, Total: 196831 ns
[2020-09-11T16:57:44.646+0000][1][safepoint    ] Safepoint "Cleanup", Time since last: 1000209997 ns, Reaching safepoint: 107646 ns, At safepoint: 7156 ns, Total: 114802 ns
[2020-09-11T16:57:45.648+0000][1][safepoint    ] Safepoint "Cleanup", Time since last: 1002667842 ns, Reaching safepoint: 196099 ns, At safepoint: 18510 ns, Total: 214609 ns
[2020-09-11T16:57:46.649+0000][1][safepoint    ] Safepoint "Cleanup", Time since last: 1000224189 ns, Reaching safepoint: 250874 ns, At safepoint: 16897 ns, Total: 267771 ns
[2020-09-11T16:57:47.649+0000][1][safepoint    ] Safepoint "Cleanup", Time since last: 1000183753 ns, Reaching safepoint: 206747 ns, At safepoint: 19171 ns, Total: 225918 ns
[2020-09-11T16:57:48.650+0000][1][safepoint    ] Safepoint "Cleanup", Time since last: 1000286453 ns, Reaching safepoint: 131497 ns, At safepoint: 7922 ns, Total: 139419 ns
[2020-09-11T16:57:49.650+0000][1][safepoint    ] Safepoint "Cleanup", Time since last: 1000146517 ns, Reaching safepoint: 108484 ns, At safepoint: 7464 ns, Total: 115948 ns
[2020-09-11T16:57:49.991+0000][1][safepoint    ] Safepoint "RevokeBias", Time since last: 341004827 ns, Reaching safepoint: 170547 ns, At safepoint: 21078 ns, Total: 191625 ns
[2020-09-11T16:57:50.849+0000][1][gc,start     ] GC(89) Pause Young (Allocation Failure)
[2020-09-11T16:57:50.849+0000][1][gc,task      ] GC(89) Using 1 workers of 1 for evacuation
[2020-09-11T16:57:50.933+0000][1][gc,age       ] GC(89) Desired survivor size 4358144 bytes, new threshold 6 (max threshold 6)
[2020-09-11T16:57:50.933+0000][1][gc,age       ] GC(89) Age table with threshold 6 (max threshold 6)
[2020-09-11T16:57:50.933+0000][1][gc,age       ] GC(89) - age   1:     930888 bytes,     930888 total
[2020-09-11T16:57:50.933+0000][1][gc,age       ] GC(89) - age   2:      57080 bytes,     987968 total
[2020-09-11T16:57:50.933+0000][1][gc,age       ] GC(89) - age   3:      73128 bytes,    1061096 total
[2020-09-11T16:57:50.933+0000][1][gc,age       ] GC(89) - age   4:     136640 bytes,    1197736 total
[2020-09-11T16:57:50.933+0000][1][gc,age       ] GC(89) - age   5:     371880 bytes,    1569616 total
[2020-09-11T16:57:50.933+0000][1][gc,heap      ] GC(89) ParNew: 68611K->2281K(76672K)
[2020-09-11T16:57:50.933+0000][1][gc,heap      ] GC(89) CMS: 128272K->128272K(2011968K)
[2020-09-11T16:57:50.933+0000][1][gc,metaspace ] GC(89) Metaspace: 93674K->93674K(1134592K)
[2020-09-11T16:57:50.933+0000][1][gc           ] GC(89) Pause Young (Allocation Failure) 192M->127M(2039M) 84.575ms
[2020-09-11T16:57:50.933+0000][1][gc,cpu       ] GC(89) User=0.01s Sys=0.00s Real=0.09s
[2020-09-11T16:57:50.953+0000][1][safepoint    ] Safepoint "GenCollectForAllocation", Time since last: 853685774 ns, Reaching safepoint: 3906542 ns, At safepoint: 104111486 ns, Total: 108018028 ns
[2020-09-11T16:57:51.162+0000][1][safepoint    ] Safepoint "RevokeBias", Time since last: 208443483 ns, Reaching safepoint: 175788 ns, At safepoint: 22146 ns, Total: 197934 ns
[2020-09-11T16:57:51.162+0000][1][safepoint    ] Safepoint "RevokeBias", Time since last: 68931 ns, Reaching safepoint: 31476 ns, At safepoint: 10964 ns, Total: 42440 ns
[2020-09-11T16:57:51.165+0000][1][safepoint    ] Safepoint "RevokeBias", Time since last: 3046618 ns, Reaching safepoint: 48654 ns, At safepoint: 16644 ns, Total: 65298 ns
[2020-09-11T16:57:51.165+0000][1][safepoint    ] Safepoint "RevokeBias", Time since last: 105236 ns, Reaching safepoint: 35997 ns, At safepoint: 11175 ns, Total: 47172 ns
[2020-09-11T16:57:51.165+0000][1][safepoint    ] Safepoint "RevokeBias", Time since last: 31284 ns, Reaching safepoint: 31750 ns, At safepoint: 9903 ns, Total: 41653 ns
[2020-09-11T16:57:51.306+0000][1][safepoint    ] Safepoint "RevokeBias", Time since last: 140597079 ns, Reaching safepoint: 166902 ns, At safepoint: 20175 ns, Total: 187077 ns
[2020-09-11T16:57:51.557+0000][1][safepoint    ] Safepoint "RevokeBias", Time since last: 251374019 ns, Reaching safepoint: 168787 ns, At safepoint: 24120 ns, Total: 192907 ns
[2020-09-11T16:57:51.629+0000][1][safepoint    ] Safepoint "RevokeBias", Time since last: 71777751 ns, Reaching safepoint: 166354 ns, At safepoint: 22857 ns, Total: 189211 ns
[2020-09-11T16:57:51.661+0000][1][safepoint    ] Safepoint "RevokeBias", Time since last: 31436181 ns, Reaching safepoint: 175037 ns, At safepoint: 9565 ns, Total: 184602 ns
[2020-09-11T16:57:51.705+0000][1][safepoint    ] Safepoint "RevokeBias", Time since last: 43929788 ns, Reaching safepoint: 257638 ns, At safepoint: 24941 ns, Total: 282579 ns
[2020-09-11T16:57:51.966+0000][1][safepoint    ] Safepoint "RevokeBias", Time since last: 259798824 ns, Reaching safepoint: 175731 ns, At safepoint: 640150 ns, Total: 815881 ns
[2020-09-11T16:57:53.973+0000][1][safepoint    ] Safepoint "Cleanup", Time since last: 2007013508 ns, Reaching safepoint: 113376 ns, At safepoint: 5530 ns, Total: 118906 ns
[2020-09-11T16:57:54.973+0000][1][safepoint    ] Safepoint "Cleanup", Time since last: 1000116283 ns, Reaching safepoint: 101362 ns, At safepoint: 4265 ns, Total: 105627 ns
[2020-09-11T16:57:55.577+0000][1][gc,start     ] GC(90) Pause Young (Allocation Failure)
[2020-09-11T16:57:55.577+0000][1][gc,task      ] GC(90) Using 1 workers of 1 for evacuation
[2020-09-11T16:57:55.633+0000][1][gc,age       ] GC(90) Desired survivor size 4358144 bytes, new threshold 2 (max threshold 6)
[2020-09-11T16:57:55.641+0000][1][gc,age       ] GC(90) Age table with threshold 2 (max threshold 6)
[2020-09-11T16:57:55.641+0000][1][gc,age       ] GC(90) - age   1:    4282512 bytes,    4282512 total
[2020-09-11T16:57:55.641+0000][1][gc,age       ] GC(90) - age   2:     294192 bytes,    4576704 total
[2020-09-11T16:57:55.641+0000][1][gc,age       ] GC(90) - age   3:      50936 bytes,    4627640 total
[2020-09-11T16:57:55.641+0000][1][gc,age       ] GC(90) - age   4:      73128 bytes,    4700768 total
[2020-09-11T16:57:55.641+0000][1][gc,age       ] GC(90) - age   5:     136608 bytes,    4837376 total
[2020-09-11T16:57:55.641+0000][1][gc,age       ] GC(90) - age   6:     371784 bytes,    5209160 total
[2020-09-11T16:57:55.641+0000][1][gc,heap      ] GC(90) ParNew: 70191K->5359K(76672K)
[2020-09-11T16:57:55.641+0000][1][gc,heap      ] GC(90) CMS: 128272K->128272K(2011968K)
[2020-09-11T16:57:55.641+0000][1][gc,metaspace ] GC(90) Metaspace: 93960K->93960K(1136640K)
[2020-09-11T16:57:55.641+0000][1][gc           ] GC(90) Pause Young (Allocation Failure) 193M->130M(2039M) 63.568ms
[2020-09-11T16:57:55.641+0000][1][gc,cpu       ] GC(90) User=0.02s Sys=0.00s Real=0.07s
[2020-09-11T16:57:55.653+0000][1][safepoint    ] Safepoint "GenCollectForAllocation", Time since last: 604011364 ns, Reaching safepoint: 197971 ns, At safepoint: 75413390 ns, Total: 75611361 ns
[2020-09-11T16:57:55.667+0000][1][safepoint    ] Safepoint "BulkRevokeBias", Time since last: 11705237 ns, Reaching safepoint: 89617 ns, At safepoint: 2393788 ns, Total: 2483405 ns
[2020-09-11T16:57:55.667+0000][1][safepoint    ] Safepoint "RevokeBias", Time since last: 311114 ns, Reaching safepoint: 64076 ns, At safepoint: 20062 ns, Total: 84138 ns
[2020-09-11T16:57:55.667+0000][1][safepoint    ] Safepoint "RevokeBias", Time since last: 50024 ns, Reaching safepoint: 34752 ns, At safepoint: 18078 ns, Total: 52830 ns
[2020-09-11T16:57:55.738+0000][1][safepoint    ] Safepoint "RevokeBias", Time since last: 70198170 ns, Reaching safepoint: 151444 ns, At safepoint: 21202 ns, Total: 172646 ns
[2020-09-11T16:57:56.738+0000][1][safepoint    ] Safepoint "Cleanup", Time since last: 1000102703 ns, Reaching safepoint: 100486 ns, At safepoint: 7504 ns, Total: 107990 ns
[2020-09-11T16:57:57.742+0000][1][safepoint    ] Safepoint "Cleanup", Time since last: 1002713531 ns, Reaching safepoint: 1148426 ns, At safepoint: 9219 ns, Total: 1157645 ns
[2020-09-11T16:57:57.824+0000][1][safepoint    ] Safepoint "RevokeBias", Time since last: 82018208 ns, Reaching safepoint: 280521 ns, At safepoint: 195132 ns, Total: 475653 ns
[2020-09-11T16:57:57.827+0000][1][safepoint    ] Safepoint "RevokeBias", Time since last: 549401 ns, Reaching safepoint: 2131239 ns, At safepoint: 161313 ns, Total: 2292552 ns
[2020-09-11T16:57:57.828+0000][1][safepoint    ] Safepoint "RevokeBias", Time since last: 491339 ns, Reaching safepoint: 140436 ns, At safepoint: 159447 ns, Total: 299883 ns
[2020-09-11T16:57:57.829+0000][1][safepoint    ] Safepoint "RevokeBias", Time since last: 737361 ns, Reaching safepoint: 137316 ns, At safepoint: 160924 ns, Total: 298240 ns
[2020-09-11T16:57:57.870+0000][1][safepoint    ] Safepoint "RevokeBias", Time since last: 34566832 ns, Reaching safepoint: 6291525 ns, At safepoint: 196119 ns, Total: 6487644 ns
[2020-09-11T16:57:58.870+0000][1][safepoint    ] Safepoint "Cleanup", Time since last: 1000130220 ns, Reaching safepoint: 113344 ns, At safepoint: 7584 ns, Total: 120928 ns
[2020-09-11T16:57:59.034+0000][1][gc,start     ] GC(91) Pause Young (Allocation Failure)
[2020-09-11T16:57:59.034+0000][1][gc,task      ] GC(91) Using 1 workers of 1 for evacuation
[2020-09-11T16:57:59.074+0000][1][gc,age       ] GC(91) Desired survivor size 4358144 bytes, new threshold 1 (max threshold 6)
[2020-09-11T16:57:59.074+0000][1][gc,age       ] GC(91) Age table with threshold 1 (max threshold 6)
[2020-09-11T16:57:59.074+0000][1][gc,age       ] GC(91) - age   1:    8482056 bytes,    8482056 total
[2020-09-11T16:57:59.074+0000][1][gc,age       ] GC(91) - age   2:     227440 bytes,    8709496 total
[2020-09-11T16:57:59.074+0000][1][gc,heap      ] GC(91) ParNew: 73244K->8512K(76672K)
[2020-09-11T16:57:59.074+0000][1][gc,heap      ] GC(91) CMS: 128272K->129795K(2011968K)
[2020-09-11T16:57:59.074+0000][1][gc,metaspace ] GC(91) Metaspace: 94004K->94004K(1136640K)
[2020-09-11T16:57:59.074+0000][1][gc           ] GC(91) Pause Young (Allocation Failure) 196M->135M(2039M) 40.382ms
[2020-09-11T16:57:59.074+0000][1][gc,cpu       ] GC(91) User=0.02s Sys=0.00s Real=0.04s
[2020-09-11T16:57:59.089+0000][1][safepoint    ] Safepoint "GenCollectForAllocation", Time since last: 163329285 ns, Reaching safepoint: 176369 ns, At safepoint: 54672782 ns, Total: 54849151 ns
[2020-09-11T16:57:59.110+0000][1][safepoint    ] Safepoint "RevokeBias", Time since last: 21043658 ns, Reaching safepoint: 168023 ns, At safepoint: 24574 ns, Total: 192597 ns
[2020-09-11T16:57:59.111+0000][1][safepoint    ] Safepoint "RevokeBias", Time since last: 1055019 ns, Reaching safepoint: 109186 ns, At safepoint: 17980 ns, Total: 127166 ns
[2020-09-11T16:57:59.111+0000][1][safepoint    ] Safepoint "RevokeBias", Time since last: 131755 ns, Reaching safepoint: 132029 ns, At safepoint: 15796 ns, Total: 147825 ns
[2020-09-11T16:57:59.111+0000][1][safepoint    ] Safepoint "RevokeBias", Time since last: 61301 ns, Reaching safepoint: 122010 ns, At safepoint: 14112 ns, Total: 136122 ns
[2020-09-11T16:57:59.151+0000][1][safepoint    ] Safepoint "RevokeBias", Time since last: 39049835 ns, Reaching safepoint: 167040 ns, At safepoint: 36624 ns, Total: 203664 ns
[2020-09-11T16:58:00.151+0000][1][safepoint    ] Safepoint "Cleanup", Time since last: 1000128660 ns, Reaching safepoint: 99065 ns, At safepoint: 8012 ns, Total: 107077 ns
[2020-09-11T16:58:00.222+0000][1][safepoint    ] Safepoint "RevokeBias", Time since last: 70450038 ns, Reaching safepoint: 1037425 ns, At safepoint: 18164 ns, Total: 1055589 ns
[2020-09-11T16:58:00.223+0000][1][safepoint    ] Safepoint "RevokeBias", Time since last: 151933 ns, Reaching safepoint: 220140 ns, At safepoint: 12435 ns, Total: 232575 ns
[2020-09-11T16:58:00.225+0000][1][safepoint    ] Safepoint "RevokeBias", Time since last: 103920 ns, Reaching safepoint: 1865352 ns, At safepoint: 21730 ns, Total: 1887082 ns
[2020-09-11T16:58:00.225+0000][1][safepoint    ] Safepoint "RevokeBias", Time since last: 84024 ns, Reaching safepoint: 110721 ns, At safepoint: 12542 ns, Total: 123263 ns
[2020-09-11T16:58:00.253+0000][1][safepoint    ] Safepoint "RevokeBias", Time since last: 27299125 ns, Reaching safepoint: 171039 ns, At safepoint: 24935 ns, Total: 195974 ns
[2020-09-11T16:58:01.253+0000][1][safepoint    ] Safepoint "Cleanup", Time since last: 1000110448 ns, Reaching safepoint: 112906 ns, At safepoint: 6775 ns, Total: 119681 ns
[2020-09-11T16:58:02.253+0000][1][safepoint    ] Safepoint "Cleanup", Time since last: 1000114067 ns, Reaching safepoint: 100856 ns, At safepoint: 9364 ns, Total: 110220 ns
[2020-09-11T16:58:03.253+0000][1][safepoint    ] Safepoint "Cleanup", Time since last: 1000115628 ns, Reaching safepoint: 91566 ns, At safepoint: 8383 ns, Total: 99949 ns
[2020-09-11T16:58:04.254+0000][1][safepoint    ] Safepoint "Cleanup", Time since last: 1000143740 ns, Reaching safepoint: 147438 ns, At safepoint: 9759 ns, Total: 157197 ns
[2020-09-11T16:58:04.776+0000][1][gc,start     ] GC(92) Pause Young (Allocation Failure)
[2020-09-11T16:58:04.829+0000][1][gc,task      ] GC(92) Using 1 workers of 1 for evacuation
[2020-09-11T16:58:04.846+0000][1][gc,age       ] GC(92) Desired survivor size 4358144 bytes, new threshold 6 (max threshold 6)
[2020-09-11T16:58:04.846+0000][1][gc,age       ] GC(92) Age table with threshold 6 (max threshold 6)
[2020-09-11T16:58:04.846+0000][1][gc,age       ] GC(92) - age   1:     710992 bytes,     710992 total
[2020-09-11T16:58:04.846+0000][1][gc,heap      ] GC(92) ParNew: 76672K->7416K(76672K)
[2020-09-11T16:58:04.846+0000][1][gc,heap      ] GC(92) CMS: 129795K->130373K(2011968K)
[2020-09-11T16:58:04.846+0000][1][gc,metaspace ] GC(92) Metaspace: 94055K->94055K(1136640K)
[2020-09-11T16:58:04.846+0000][1][gc           ] GC(92) Pause Young (Allocation Failure) 201M->134M(2039M) 70.289ms
[2020-09-11T16:58:04.846+0000][1][gc,cpu       ] GC(92) User=0.02s Sys=0.00s Real=0.07s
[2020-09-11T16:58:04.846+0000][1][safepoint    ] Safepoint "GenCollectForAllocation", Time since last: 521863938 ns, Reaching safepoint: 290947 ns, At safepoint: 70520351 ns, Total: 70811298 ns
[2020-09-11T16:58:05.337+0000][1][safepoint    ] Safepoint "RevokeBias", Time since last: 488409030 ns, Reaching safepoint: 2319518 ns, At safepoint: 32768 ns, Total: 2352286 ns
[2020-09-11T16:58:05.338+0000][1][safepoint    ] Safepoint "RevokeBias", Time since last: 232553 ns, Reaching safepoint: 326951 ns, At safepoint: 14490 ns, Total: 341441 ns
[2020-09-11T16:58:05.339+0000][1][safepoint    ] Safepoint "RevokeBias", Time since last: 851115 ns, Reaching safepoint: 233178 ns, At safepoint: 17743 ns, Total: 250921 ns
[2020-09-11T16:58:05.339+0000][1][safepoint    ] Safepoint "RevokeBias", Time since last: 70927 ns, Reaching safepoint: 111486 ns, At safepoint: 14414 ns, Total: 125900 ns
[2020-09-11T16:58:05.350+0000][1][safepoint    ] Safepoint "RevokeBias", Time since last: 10722787 ns, Reaching safepoint: 629295 ns, At safepoint: 22909 ns, Total: 652204 ns
[2020-09-11T16:58:06.351+0000][1][safepoint    ] Safepoint "Cleanup", Time since last: 1000167539 ns, Reaching safepoint: 195268 ns, At safepoint: 18820 ns, Total: 214088 ns
[2020-09-11T16:58:07.294+0000][1][gc,start     ] GC(93) Pause Young (Allocation Failure)
[2020-09-11T16:58:07.294+0000][1][gc,task      ] GC(93) Using 1 workers of 1 for evacuation
[2020-09-11T16:58:07.313+0000][1][gc,age       ] GC(93) Desired survivor size 4358144 bytes, new threshold 6 (max threshold 6)
[2020-09-11T16:58:07.313+0000][1][gc,age       ] GC(93) Age table with threshold 6 (max threshold 6)
[2020-09-11T16:58:07.313+0000][1][gc,age       ] GC(93) - age   1:    2748656 bytes,    2748656 total
[2020-09-11T16:58:07.313+0000][1][gc,age       ] GC(93) - age   2:     435120 bytes,    3183776 total
[2020-09-11T16:58:07.313+0000][1][gc,heap      ] GC(93) ParNew: 75558K->3968K(76672K)
[2020-09-11T16:58:07.313+0000][1][gc,heap      ] GC(93) CMS: 130373K->130373K(2011968K)
[2020-09-11T16:58:07.313+0000][1][gc,metaspace ] GC(93) Metaspace: 94090K->94090K(1136640K)
[2020-09-11T16:58:07.313+0000][1][gc           ] GC(93) Pause Young (Allocation Failure) 201M->131M(2039M) 19.280ms
[2020-09-11T16:58:07.313+0000][1][gc,cpu       ] GC(93) User=0.02s Sys=0.00s Real=0.02s
[2020-09-11T16:58:07.314+0000][1][safepoint    ] Safepoint "GenCollectForAllocation", Time since last: 942938990 ns, Reaching safepoint: 227775 ns, At safepoint: 19817965 ns, Total: 20045740 ns
[2020-09-11T16:58:07.412+0000][1][safepoint    ] Safepoint "RevokeBias", Time since last: 98701321 ns, Reaching safepoint: 166687 ns, At safepoint: 21366 ns, Total: 188053 ns
[2020-09-11T16:58:07.425+0000][1][safepoint    ] Safepoint "RevokeBias", Time since last: 11992791 ns, Reaching safepoint: 171266 ns, At safepoint: 29518 ns, Total: 200784 ns
[2020-09-11T16:58:07.425+0000][1][safepoint    ] Safepoint "RevokeBias", Time since last: 217976 ns, Reaching safepoint: 39950 ns, At safepoint: 12382 ns, Total: 52332 ns
[2020-09-11T16:58:07.425+0000][1][safepoint    ] Safepoint "RevokeBias", Time since last: 65711 ns, Reaching safepoint: 35913 ns, At safepoint: 19821 ns, Total: 55734 ns
[2020-09-11T16:58:07.449+0000][1][safepoint    ] Safepoint "RevokeBias", Time since last: 23627216 ns, Reaching safepoint: 163305 ns, At safepoint: 24006 ns, Total: 187311 ns
[2020-09-11T16:58:08.449+0000][1][safepoint    ] Safepoint "Cleanup", Time since last: 1000166114 ns, Reaching safepoint: 124414 ns, At safepoint: 6970 ns, Total: 131384 ns
[2020-09-11T16:58:09.449+0000][1][safepoint    ] Safepoint "Cleanup", Time since last: 1000204204 ns, Reaching safepoint: 122738 ns, At safepoint: 6959 ns, Total: 129697 ns
[2020-09-11T16:58:10.450+0000][1][safepoint    ] Safepoint "Cleanup", Time since last: 1000113056 ns, Reaching safepoint: 93007 ns, At safepoint: 6698 ns, Total: 99705 ns
[2020-09-11T16:58:10.515+0000][1][gc,start     ] GC(94) Pause Young (Allocation Failure)
[2020-09-11T16:58:10.515+0000][1][gc,task      ] GC(94) Using 1 workers of 1 for evacuation
[2020-09-11T16:58:10.551+0000][1][gc,age       ] GC(94) Desired survivor size 4358144 bytes, new threshold 1 (max threshold 6)
[2020-09-11T16:58:10.551+0000][1][gc,age       ] GC(94) Age table with threshold 1 (max threshold 6)
[2020-09-11T16:58:10.551+0000][1][gc,age       ] GC(94) - age   1:    4690504 bytes,    4690504 total
[2020-09-11T16:58:10.551+0000][1][gc,age       ] GC(94) - age   2:     211168 bytes,    4901672 total
[2020-09-11T16:58:10.551+0000][1][gc,age       ] GC(94) - age   3:     429528 bytes,    5331200 total
[2020-09-11T16:58:10.551+0000][1][gc,heap      ] GC(94) ParNew: 71633K->5655K(76672K)
[2020-09-11T16:58:10.551+0000][1][gc,heap      ] GC(94) CMS: 130373K->130373K(2011968K)
[2020-09-11T16:58:10.551+0000][1][gc,metaspace ] GC(94) Metaspace: 94122K->94122K(1136640K)
[2020-09-11T16:58:10.551+0000][1][gc           ] GC(94) Pause Young (Allocation Failure) 197M->132M(2039M) 36.798ms
[2020-09-11T16:58:10.551+0000][1][gc,cpu       ] GC(94) User=0.02s Sys=0.00s Real=0.03s
[2020-09-11T16:58:10.558+0000][1][safepoint    ] Safepoint "GenCollectForAllocation", Time since last: 64690920 ns, Reaching safepoint: 182075 ns, At safepoint: 43120710 ns, Total: 43302785 ns
[2020-09-11T16:58:10.575+0000][1][safepoint    ] Safepoint "RevokeBias", Time since last: 16752502 ns, Reaching safepoint: 86759 ns, At safepoint: 39032 ns, Total: 125791 ns
[2020-09-11T16:58:10.575+0000][1][safepoint    ] Safepoint "RevokeBias", Time since last: 164565 ns, Reaching safepoint: 35253 ns, At safepoint: 20350 ns, Total: 55603 ns
[2020-09-11T16:58:10.575+0000][1][safepoint    ] Safepoint "RevokeBias", Time since last: 97557 ns, Reaching safepoint: 40169 ns, At safepoint: 19390 ns, Total: 59559 ns
[2020-09-11T16:58:10.575+0000][1][safepoint    ] Safepoint "RevokeBias", Time since last: 45589 ns, Reaching safepoint: 35335 ns, At safepoint: 18792 ns, Total: 54127 ns
[2020-09-11T16:58:10.603+0000][1][safepoint    ] Safepoint "RevokeBias", Time since last: 27449145 ns, Reaching safepoint: 154128 ns, At safepoint: 21783 ns, Total: 175911 ns
[2020-09-11T16:58:10.657+0000][1][safepoint    ] Safepoint "RevokeBias", Time since last: 54177542 ns, Reaching safepoint: 159534 ns, At safepoint: 21385 ns, Total: 180919 ns
[2020-09-11T16:58:10.669+0000][1][safepoint    ] Safepoint "RevokeBias", Time since last: 11920991 ns, Reaching safepoint: 176717 ns, At safepoint: 8977 ns, Total: 185694 ns
[2020-09-11T16:58:11.161+0000][1][gc,start     ] GC(95) Pause Young (Allocation Failure)
[2020-09-11T16:58:11.161+0000][1][gc,task      ] GC(95) Using 1 workers of 1 for evacuation
[2020-09-11T16:58:11.186+0000][1][gc,age       ] GC(95) Desired survivor size 4358144 bytes, new threshold 6 (max threshold 6)
[2020-09-11T16:58:11.186+0000][1][gc,age       ] GC(95) Age table with threshold 6 (max threshold 6)
[2020-09-11T16:58:11.186+0000][1][gc,age       ] GC(95) - age   1:     996736 bytes,     996736 total
[2020-09-11T16:58:11.186+0000][1][gc,heap      ] GC(95) ParNew: 73815K->4611K(76672K)
[2020-09-11T16:58:11.186+0000][1][gc,heap      ] GC(95) CMS: 130373K->131563K(2011968K)
[2020-09-11T16:58:11.186+0000][1][gc,metaspace ] GC(95) Metaspace: 94182K->94182K(1136640K)
[2020-09-11T16:58:11.186+0000][1][gc           ] GC(95) Pause Young (Allocation Failure) 199M->132M(2039M) 24.737ms
[2020-09-11T16:58:11.186+0000][1][gc,cpu       ] GC(95) User=0.02s Sys=0.00s Real=0.02s
[2020-09-11T16:58:11.192+0000][1][safepoint    ] Safepoint "GenCollectForAllocation", Time since last: 491626227 ns, Reaching safepoint: 227590 ns, At safepoint: 30639491 ns, Total: 30867081 ns
[2020-09-11T16:58:11.364+0000][1][safepoint    ] Safepoint "RevokeBias", Time since last: 172324210 ns, Reaching safepoint: 174632 ns, At safepoint: 22002 ns, Total: 196634 ns
[2020-09-11T16:58:11.364+0000][1][safepoint    ] Safepoint "RevokeBias", Time since last: 101696 ns, Reaching safepoint: 106602 ns, At safepoint: 12922 ns, Total: 119524 ns
[2020-09-11T16:58:11.365+0000][1][safepoint    ] Safepoint "RevokeBias", Time since last: 80281 ns, Reaching safepoint: 104715 ns, At safepoint: 11545 ns, Total: 116260 ns
[2020-09-11T16:58:11.655+0000][1][safepoint    ] Safepoint "RevokeBias", Time since last: 290574812 ns, Reaching safepoint: 87401 ns, At safepoint: 7943 ns, Total: 95344 ns
[2020-09-11T16:58:11.661+0000][1][safepoint    ] Safepoint "RevokeBias", Time since last: 5795809 ns, Reaching safepoint: 172996 ns, At safepoint: 21394 ns, Total: 194390 ns
[2020-09-11T16:58:12.662+0000][1][safepoint    ] Safepoint "Cleanup", Time since last: 1000181669 ns, Reaching safepoint: 177617 ns, At safepoint: 11914 ns, Total: 189531 ns
[2020-09-11T16:58:13.662+0000][1][safepoint    ] Safepoint "Cleanup", Time since last: 1000133567 ns, Reaching safepoint: 107562 ns, At safepoint: 8776 ns, Total: 116338 ns
[2020-09-11T16:58:14.662+0000][1][safepoint    ] Safepoint "Cleanup", Time since last: 1000112443 ns, Reaching safepoint: 92228 ns, At safepoint: 8550 ns, Total: 100778 ns
[2020-09-11T16:58:15.662+0000][1][safepoint    ] Safepoint "Cleanup", Time since last: 1000112450 ns, Reaching safepoint: 107611 ns, At safepoint: 9440 ns, Total: 117051 ns
[2020-09-11T16:58:15.720+0000][1][safepoint    ] Safepoint "RevokeBias", Time since last: 57080832 ns, Reaching safepoint: 167425 ns, At safepoint: 24002 ns, Total: 191427 ns
[2020-09-11T16:58:15.720+0000][1][safepoint    ] Safepoint "RevokeBias", Time since last: 178312 ns, Reaching safepoint: 74699 ns, At safepoint: 15298 ns, Total: 89997 ns
[2020-09-11T16:58:15.720+0000][1][safepoint    ] Safepoint "RevokeBias", Time since last: 155117 ns, Reaching safepoint: 58858 ns, At safepoint: 14043 ns, Total: 72901 ns
[2020-09-11T16:58:15.727+0000][1][safepoint    ] Safepoint "RevokeBias", Time since last: 6324080 ns, Reaching safepoint: 94513 ns, At safepoint: 24074 ns, Total: 118587 ns
[2020-09-11T16:58:15.763+0000][1][safepoint    ] Safepoint "RevokeBias", Time since last: 35951012 ns, Reaching safepoint: 156215 ns, At safepoint: 23088 ns, Total: 179303 ns
[2020-09-11T16:58:15.772+0000][1][gc,start     ] GC(96) Pause Young (Allocation Failure)
[2020-09-11T16:58:15.772+0000][1][gc,task      ] GC(96) Using 1 workers of 1 for evacuation
[2020-09-11T16:58:15.803+0000][1][gc,age       ] GC(96) Desired survivor size 4358144 bytes, new threshold 6 (max threshold 6)
[2020-09-11T16:58:15.803+0000][1][gc,age       ] GC(96) Age table with threshold 6 (max threshold 6)
[2020-09-11T16:58:15.803+0000][1][gc,age       ] GC(96) - age   1:     483208 bytes,     483208 total
[2020-09-11T16:58:15.803+0000][1][gc,age       ] GC(96) - age   2:      15248 bytes,     498456 total
[2020-09-11T16:58:15.803+0000][1][gc,heap      ] GC(96) ParNew: 72771K->1396K(76672K)
[2020-09-11T16:58:15.803+0000][1][gc,heap      ] GC(96) CMS: 131563K->131563K(2011968K)
[2020-09-11T16:58:15.803+0000][1][gc,metaspace ] GC(96) Metaspace: 94218K->94218K(1136640K)
[2020-09-11T16:58:15.803+0000][1][gc           ] GC(96) Pause Young (Allocation Failure) 199M->129M(2039M) 31.045ms
[2020-09-11T16:58:15.803+0000][1][gc,cpu       ] GC(96) User=0.01s Sys=0.00s Real=0.04s
[2020-09-11T16:58:15.807+0000][1][safepoint    ] Safepoint "GenCollectForAllocation", Time since last: 9054758 ns, Reaching safepoint: 160039 ns, At safepoint: 35390960 ns, Total: 35550999 ns
[2020-09-11T16:58:15.820+0000][1][safepoint    ] Safepoint "RevokeBias", Time since last: 12279834 ns, Reaching safepoint: 164126 ns, At safepoint: 23738 ns, Total: 187864 ns
[2020-09-11T16:58:16.830+0000][1][safepoint    ] Safepoint "Cleanup", Time since last: 1009967093 ns, Reaching safepoint: 103244 ns, At safepoint: 6619 ns, Total: 109863 ns
[2020-09-11T16:58:17.836+0000][1][safepoint    ] Safepoint "Cleanup", Time since last: 1004563815 ns, Reaching safepoint: 1217516 ns, At safepoint: 14917 ns, Total: 1232433 ns
[2020-09-11T16:58:17.904+0000][1][safepoint    ] Safepoint "RevokeBias", Time since last: 66793438 ns, Reaching safepoint: 2047210 ns, At safepoint: 26706 ns, Total: 2073916 ns
[2020-09-11T16:58:17.909+0000][1][safepoint    ] Safepoint "RevokeBias", Time since last: 3176328 ns, Reaching safepoint: 1211377 ns, At safepoint: 27348 ns, Total: 1238725 ns
[2020-09-11T16:58:17.909+0000][1][safepoint    ] Safepoint "RevokeBias", Time since last: 193726 ns, Reaching safepoint: 157325 ns, At safepoint: 18337 ns, Total: 175662 ns
[2020-09-11T16:58:17.913+0000][1][safepoint    ] Safepoint "RevokeBias", Time since last: 73030 ns, Reaching safepoint: 3546268 ns, At safepoint: 26316 ns, Total: 3572584 ns
[2020-09-11T16:58:17.947+0000][1][gc,start     ] GC(97) Pause Young (Allocation Failure)
[2020-09-11T16:58:17.947+0000][1][gc,task      ] GC(97) Using 1 workers of 1 for evacuation
[2020-09-11T16:58:17.995+0000][1][gc,age       ] GC(97) Desired survivor size 4358144 bytes, new threshold 6 (max threshold 6)
[2020-09-11T16:58:17.995+0000][1][gc,age       ] GC(97) Age table with threshold 6 (max threshold 6)
[2020-09-11T16:58:17.995+0000][1][gc,age       ] GC(97) - age   1:     709088 bytes,     709088 total
[2020-09-11T16:58:17.995+0000][1][gc,age       ] GC(97) - age   2:     398656 bytes,    1107744 total
[2020-09-11T16:58:17.995+0000][1][gc,age       ] GC(97) - age   3:      15248 bytes,    1122992 total
[2020-09-11T16:58:17.995+0000][1][gc,heap      ] GC(97) ParNew: 69556K->1412K(76672K)
[2020-09-11T16:58:17.995+0000][1][gc,heap      ] GC(97) CMS: 131563K->131563K(2011968K)
[2020-09-11T16:58:17.995+0000][1][gc,metaspace ] GC(97) Metaspace: 94241K->94241K(1136640K)
[2020-09-11T16:58:17.995+0000][1][gc           ] GC(97) Pause Young (Allocation Failure) 196M->129M(2039M) 47.732ms
[2020-09-11T16:58:17.995+0000][1][gc,cpu       ] GC(97) User=0.02s Sys=0.00s Real=0.05s
[2020-09-11T16:58:18.013+0000][1][safepoint    ] Safepoint "GenCollectForAllocation", Time since last: 34020082 ns, Reaching safepoint: 205963 ns, At safepoint: 65704071 ns, Total: 65910034 ns
[2020-09-11T16:58:18.018+0000][1][safepoint    ] Safepoint "RevokeBias", Time since last: 4900598 ns, Reaching safepoint: 73181 ns, At safepoint: 31653 ns, Total: 104834 ns
[2020-09-11T16:58:19.018+0000][1][safepoint    ] Safepoint "Cleanup", Time since last: 1000102037 ns, Reaching safepoint: 111501 ns, At safepoint: 7188 ns, Total: 118689 ns
[2020-09-11T16:58:19.083+0000][1][safepoint    ] Safepoint "RevokeBias", Time since last: 63408703 ns, Reaching safepoint: 1723827 ns, At safepoint: 21440 ns, Total: 1745267 ns
[2020-09-11T16:58:19.210+0000][1][safepoint    ] Safepoint "RevokeBias", Time since last: 126751770 ns, Reaching safepoint: 251383 ns, At safepoint: 21815 ns, Total: 273198 ns
[2020-09-11T16:58:19.212+0000][1][safepoint    ] Safepoint "BulkRevokeBias", Time since last: 1315700 ns, Reaching safepoint: 180665 ns, At safepoint: 357464 ns, Total: 538129 ns
[2020-09-11T16:58:19.217+0000][1][safepoint    ] Safepoint "RevokeBias", Time since last: 4977778 ns, Reaching safepoint: 236452 ns, At safepoint: 22843 ns, Total: 259295 ns
[2020-09-11T16:58:20.117+0000][1][safepoint    ] Safepoint "RevokeBias", Time since last: 899457665 ns, Reaching safepoint: 173171 ns, At safepoint: 25280 ns, Total: 198451 ns
[2020-09-11T16:58:20.117+0000][1][safepoint    ] Safepoint "RevokeBias", Time since last: 192282 ns, Reaching safepoint: 135093 ns, At safepoint: 17922 ns, Total: 153015 ns
[2020-09-11T16:58:20.118+0000][1][safepoint    ] Safepoint "RevokeBias", Time since last: 138541 ns, Reaching safepoint: 132617 ns, At safepoint: 15751 ns, Total: 148368 ns
[2020-09-11T16:58:20.118+0000][1][safepoint    ] Safepoint "BulkRevokeBias", Time since last: 61915 ns, Reaching safepoint: 122580 ns, At safepoint: 239765 ns, Total: 362345 ns
[2020-09-11T16:58:20.127+0000][1][safepoint    ] Safepoint "RevokeBias", Time since last: 8391087 ns, Reaching safepoint: 203098 ns, At safepoint: 22929 ns, Total: 226027 ns
[2020-09-11T16:58:20.143+0000][1][safepoint    ] Safepoint "RevokeBias", Time since last: 16566485 ns, Reaching safepoint: 158566 ns, At safepoint: 20084 ns, Total: 178650 ns
[2020-09-11T16:58:20.144+0000][1][safepoint    ] Safepoint "RevokeBias", Time since last: 111942 ns, Reaching safepoint: 57656 ns, At safepoint: 13205 ns, Total: 70861 ns
[2020-09-11T16:58:20.144+0000][1][safepoint    ] Safepoint "RevokeBias", Time since last: 350219 ns, Reaching safepoint: 60982 ns, At safepoint: 13890 ns, Total: 74872 ns
[2020-09-11T16:58:20.146+0000][1][safepoint    ] Safepoint "RevokeBias", Time since last: 1381660 ns, Reaching safepoint: 136940 ns, At safepoint: 16098 ns, Total: 153038 ns
[2020-09-11T16:58:20.147+0000][1][safepoint    ] Safepoint "BulkRevokeBias", Time since last: 695697 ns, Reaching safepoint: 139157 ns, At safepoint: 231771 ns, Total: 370928 ns
[2020-09-11T16:58:20.158+0000][1][safepoint    ] Safepoint "RevokeBias", Time since last: 10936428 ns, Reaching safepoint: 160042 ns, At safepoint: 23355 ns, Total: 183397 ns
[2020-09-11T16:58:20.158+0000][1][safepoint    ] Safepoint "BulkRevokeBias", Time since last: 165658 ns, Reaching safepoint: 59927 ns, At safepoint: 228627 ns, Total: 288554 ns
[2020-09-11T16:58:20.163+0000][1][safepoint    ] Safepoint "RevokeBias", Time since last: 4831041 ns, Reaching safepoint: 159100 ns, At safepoint: 21149 ns, Total: 180249 ns
[2020-09-11T16:58:20.170+0000][1][safepoint    ] Safepoint "RevokeBias", Time since last: 7028719 ns, Reaching safepoint: 182829 ns, At safepoint: 22740 ns, Total: 205569 ns
[2020-09-11T16:58:20.175+0000][1][safepoint    ] Safepoint "RevokeBias", Time since last: 4689932 ns, Reaching safepoint: 155367 ns, At safepoint: 31515 ns, Total: 186882 ns
[2020-09-11T16:58:20.179+0000][1][safepoint    ] Safepoint "RevokeBias", Time since last: 3439525 ns, Reaching safepoint: 154140 ns, At safepoint: 24300 ns, Total: 178440 ns
[2020-09-11T16:58:20.190+0000][1][safepoint    ] Safepoint "RevokeBias", Time since last: 10650961 ns, Reaching safepoint: 180817 ns, At safepoint: 25389 ns, Total: 206206 ns
[2020-09-11T16:58:20.190+0000][1][safepoint    ] Safepoint "RevokeBias", Time since last: 125064 ns, Reaching safepoint: 154489 ns, At safepoint: 18481 ns, Total: 172970 ns
[2020-09-11T16:58:20.190+0000][1][safepoint    ] Safepoint "RevokeBias", Time since last: 46978 ns, Reaching safepoint: 141718 ns, At safepoint: 16306 ns, Total: 158024 ns
[2020-09-11T16:58:20.190+0000][1][safepoint    ] Safepoint "RevokeBias", Time since last: 76335 ns, Reaching safepoint: 131176 ns, At safepoint: 15192 ns, Total: 146368 ns
[2020-09-11T16:58:22.191+0000][1][safepoint    ] Safepoint "Cleanup", Time since last: 2000236434 ns, Reaching safepoint: 101838 ns, At safepoint: 8661 ns, Total: 110499 ns
[2020-09-11T16:58:23.193+0000][1][safepoint    ] Safepoint "Cleanup", Time since last: 1000122347 ns, Reaching safepoint: 1948594 ns, At safepoint: 13072 ns, Total: 1961666 ns
[2020-09-11T16:58:24.193+0000][1][safepoint    ] Safepoint "Cleanup", Time since last: 1000186538 ns, Reaching safepoint: 209821 ns, At safepoint: 18182 ns, Total: 228003 ns
[2020-09-11T16:58:24.771+0000][1][gc,start     ] GC(98) Pause Young (Allocation Failure)
[2020-09-11T16:58:24.771+0000][1][gc,task      ] GC(98) Using 1 workers of 1 for evacuation
[2020-09-11T16:58:24.788+0000][1][gc,age       ] GC(98) Desired survivor size 4358144 bytes, new threshold 6 (max threshold 6)
[2020-09-11T16:58:24.788+0000][1][gc,age       ] GC(98) Age table with threshold 6 (max threshold 6)
[2020-09-11T16:58:24.788+0000][1][gc,age       ] GC(98) - age   1:    1092568 bytes,    1092568 total
[2020-09-11T16:58:24.788+0000][1][gc,age       ] GC(98) - age   2:     158472 bytes,    1251040 total
[2020-09-11T16:58:24.788+0000][1][gc,age       ] GC(98) - age   3:     330176 bytes,    1581216 total
[2020-09-11T16:58:24.788+0000][1][gc,age       ] GC(98) - age   4:      15160 bytes,    1596376 total
[2020-09-11T16:58:24.788+0000][1][gc,heap      ] GC(98) ParNew: 69572K->1880K(76672K)
[2020-09-11T16:58:24.788+0000][1][gc,heap      ] GC(98) CMS: 131563K->131563K(2011968K)
[2020-09-11T16:58:24.788+0000][1][gc,metaspace ] GC(98) Metaspace: 94369K->94369K(1136640K)
[2020-09-11T16:58:24.788+0000][1][gc           ] GC(98) Pause Young (Allocation Failure) 196M->130M(2039M) 16.712ms
[2020-09-11T16:58:24.788+0000][1][gc,cpu       ] GC(98) User=0.02s Sys=0.00s Real=0.02s
[2020-09-11T16:58:24.788+0000][1][safepoint    ] Safepoint "GenCollectForAllocation", Time since last: 577758336 ns, Reaching safepoint: 220029 ns, At safepoint: 16779307 ns, Total: 16999336 ns
[2020-09-11T16:58:25.793+0000][1][safepoint    ] Safepoint "Cleanup", Time since last: 1004835906 ns, Reaching safepoint: 145622 ns, At safepoint: 7630 ns, Total: 153252 ns
[2020-09-11T16:58:26.793+0000][1][safepoint    ] Safepoint "Cleanup", Time since last: 1000126828 ns, Reaching safepoint: 101261 ns, At safepoint: 8041 ns, Total: 109302 ns
[2020-09-11T16:58:27.794+0000][1][safepoint    ] Safepoint "Cleanup", Time since last: 1000141131 ns, Reaching safepoint: 233945 ns, At safepoint: 7510 ns, Total: 241455 ns
[2020-09-11T16:58:28.122+0000][1][gc,start     ] GC(99) Pause Young (Allocation Failure)
[2020-09-11T16:58:28.122+0000][1][gc,task      ] GC(99) Using 1 workers of 1 for evacuation
[2020-09-11T16:58:28.146+0000][1][gc,age       ] GC(99) Desired survivor size 4358144 bytes, new threshold 1 (max threshold 6)
[2020-09-11T16:58:28.146+0000][1][gc,age       ] GC(99) Age table with threshold 1 (max threshold 6)
[2020-09-11T16:58:28.146+0000][1][gc,age       ] GC(99) - age   1:    7264368 bytes,    7264368 total
[2020-09-11T16:58:28.146+0000][1][gc,age       ] GC(99) - age   2:     905216 bytes,    8169584 total
[2020-09-11T16:58:28.146+0000][1][gc,age       ] GC(99) - age   3:     149088 bytes,    8318672 total
[2020-09-11T16:58:28.146+0000][1][gc,age       ] GC(99) - age   4:     324912 bytes,    8643584 total
[2020-09-11T16:58:28.146+0000][1][gc,age       ] GC(99) - age   5:      10384 bytes,    8653968 total
[2020-09-11T16:58:28.146+0000][1][gc,heap      ] GC(99) ParNew: 70040K->8512K(76672K)
[2020-09-11T16:58:28.146+0000][1][gc,heap      ] GC(99) CMS: 131563K->134015K(2011968K)
[2020-09-11T16:58:28.146+0000][1][gc,metaspace ] GC(99) Metaspace: 94433K->94433K(1136640K)
[2020-09-11T16:58:28.146+0000][1][gc           ] GC(99) Pause Young (Allocation Failure) 196M->139M(2039M) 24.314ms
[2020-09-11T16:58:28.146+0000][1][gc,cpu       ] GC(99) User=0.02s Sys=0.00s Real=0.02s
[2020-09-11T16:58:28.146+0000][1][safepoint    ] Safepoint "GenCollectForAllocation", Time since last: 327695321 ns, Reaching safepoint: 188723 ns, At safepoint: 24391827 ns, Total: 24580550 ns
[2020-09-11T16:58:29.148+0000][1][safepoint    ] Safepoint "Cleanup", Time since last: 1001541102 ns, Reaching safepoint: 129382 ns, At safepoint: 7791 ns, Total: 137173 ns
[2020-09-11T16:58:30.148+0000][1][safepoint    ] Safepoint "Cleanup", Time since last: 1000136244 ns, Reaching safepoint: 287576 ns, At safepoint: 18633 ns, Total: 306209 ns
[2020-09-11T16:58:32.149+0000][1][safepoint    ] Safepoint "Cleanup", Time since last: 2001149648 ns, Reaching safepoint: 192662 ns, At safepoint: 17995 ns, Total: 210657 ns
[2020-09-11T16:58:35.150+0000][1][safepoint    ] Safepoint "Cleanup", Time since last: 3000452305 ns, Reaching safepoint: 158432 ns, At safepoint: 7933 ns, Total: 166365 ns
[2020-09-11T16:58:36.150+0000][1][safepoint    ] Safepoint "Cleanup", Time since last: 1000183721 ns, Reaching safepoint: 120177 ns, At safepoint: 7671 ns, Total: 127848 ns
[2020-09-11T16:58:37.151+0000][1][safepoint    ] Safepoint "Cleanup", Time since last: 1000128633 ns, Reaching safepoint: 106532 ns, At safepoint: 6381 ns, Total: 112913 ns
[2020-09-11T16:58:38.151+0000][1][safepoint    ] Safepoint "Cleanup", Time since last: 1000219259 ns, Reaching safepoint: 209467 ns, At safepoint: 18506 ns, Total: 227973 ns
[2020-09-11T16:58:39.151+0000][1][safepoint    ] Safepoint "Cleanup", Time since last: 1000290487 ns, Reaching safepoint: 112888 ns, At safepoint: 7292 ns, Total: 120180 ns
[2020-09-11T16:58:40.152+0000][1][safepoint    ] Safepoint "Cleanup", Time since last: 1000210366 ns, Reaching safepoint: 121820 ns, At safepoint: 6794 ns, Total: 128614 ns
[2020-09-11T16:58:41.152+0000][1][safepoint    ] Safepoint "Cleanup", Time since last: 1000141118 ns, Reaching safepoint: 182248 ns, At safepoint: 16471 ns, Total: 198719 ns
[2020-09-11T16:58:45.153+0000][1][safepoint    ] Safepoint "Cleanup", Time since last: 4000612330 ns, Reaching safepoint: 130025 ns, At safepoint: 7054 ns, Total: 137079 ns
[2020-09-11T16:58:46.153+0000][1][safepoint    ] Safepoint "Cleanup", Time since last: 1000155467 ns, Reaching safepoint: 190166 ns, At safepoint: 15747 ns, Total: 205913 ns
[2020-09-11T16:58:47.154+0000][1][safepoint    ] Safepoint "Cleanup", Time since last: 1000162254 ns, Reaching safepoint: 101939 ns, At safepoint: 7061 ns, Total: 109000 ns
[2020-09-11T16:58:48.154+0000][1][safepoint    ] Safepoint "Cleanup", Time since last: 1000182302 ns, Reaching safepoint: 220840 ns, At safepoint: 14697 ns, Total: 235537 ns
[2020-09-11T16:58:49.154+0000][1][safepoint    ] Safepoint "Cleanup", Time since last: 1000230329 ns, Reaching safepoint: 116050 ns, At safepoint: 7346 ns, Total: 123396 ns
[2020-09-11T16:58:50.155+0000][1][safepoint    ] Safepoint "Cleanup", Time since last: 1000198864 ns, Reaching safepoint: 132669 ns, At safepoint: 7729 ns, Total: 140398 ns
[2020-09-11T16:58:52.855+0000][1][gc,start     ] GC(100) Pause Young (Allocation Failure)
[2020-09-11T16:58:52.855+0000][1][gc,task      ] GC(100) Using 1 workers of 1 for evacuation
[2020-09-11T16:58:52.900+0000][1][gc,age       ] GC(100) Desired survivor size 4358144 bytes, new threshold 6 (max threshold 6)
[2020-09-11T16:58:52.900+0000][1][gc,age       ] GC(100) Age table with threshold 6 (max threshold 6)
[2020-09-11T16:58:52.900+0000][1][gc,age       ] GC(100) - age   1:     160600 bytes,     160600 total
[2020-09-11T16:58:52.900+0000][1][gc,heap      ] GC(100) ParNew: 76672K->6689K(76672K)
[2020-09-11T16:58:52.900+0000][1][gc,heap      ] GC(100) CMS: 134015K->142435K(2011968K)
[2020-09-11T16:58:52.900+0000][1][gc,metaspace ] GC(100) Metaspace: 94596K->94596K(1136640K)
[2020-09-11T16:58:52.900+0000][1][gc           ] GC(100) Pause Young (Allocation Failure) 205M->145M(2039M) 44.641ms
[2020-09-11T16:58:52.900+0000][1][gc,cpu       ] GC(100) User=0.03s Sys=0.00s Real=0.04s
[2020-09-11T16:58:52.922+0000][1][safepoint    ] Safepoint "GenCollectForAllocation", Time since last: 2700344924 ns, Reaching safepoint: 358552 ns, At safepoint: 66494008 ns, Total: 66852560 ns
[2020-09-11T16:58:53.936+0000][1][safepoint    ] Safepoint "Cleanup", Time since last: 1013505994 ns, Reaching safepoint: 201004 ns, At safepoint: 20277 ns, Total: 221281 ns
[2020-09-11T16:58:54.936+0000][1][safepoint    ] Safepoint "Cleanup", Time since last: 1000245910 ns, Reaching safepoint: 199748 ns, At safepoint: 18015 ns, Total: 217763 ns
[2020-09-11T16:58:55.936+0000][1][safepoint    ] Safepoint "Cleanup", Time since last: 1000181176 ns, Reaching safepoint: 113491 ns, At safepoint: 7052 ns, Total: 120543 ns
[2020-09-11T16:58:57.937+0000][1][safepoint    ] Safepoint "Cleanup", Time since last: 2000513985 ns, Reaching safepoint: 246164 ns, At safepoint: 11379 ns, Total: 257543 ns
[2020-09-11T16:58:58.938+0000][1][safepoint    ] Safepoint "Cleanup", Time since last: 1000233834 ns, Reaching safepoint: 193203 ns, At safepoint: 19204 ns, Total: 212407 ns
[2020-09-11T16:59:00.938+0000][1][safepoint    ] Safepoint "Cleanup", Time since last: 2000291910 ns, Reaching safepoint: 150759 ns, At safepoint: 6894 ns, Total: 157653 ns
[2020-09-11T16:59:01.938+0000][1][safepoint    ] Safepoint "Cleanup", Time since last: 1000109749 ns, Reaching safepoint: 103011 ns, At safepoint: 7562 ns, Total: 110573 ns
[2020-09-11T16:59:02.939+0000][1][safepoint    ] Safepoint "Cleanup", Time since last: 1000191520 ns, Reaching safepoint: 240228 ns, At safepoint: 18596 ns, Total: 258824 ns
[2020-09-11T16:59:03.939+0000][1][safepoint    ] Safepoint "Cleanup", Time since last: 1000144795 ns, Reaching safepoint: 107100 ns, At safepoint: 7702 ns, Total: 114802 ns
[2020-09-11T16:59:04.939+0000][1][safepoint    ] Safepoint "Cleanup", Time since last: 1000188993 ns, Reaching safepoint: 265950 ns, At safepoint: 18880 ns, Total: 284830 ns
[2020-09-11T16:59:05.940+0000][1][safepoint    ] Safepoint "Cleanup", Time since last: 1000159681 ns, Reaching safepoint: 123072 ns, At safepoint: 7767 ns, Total: 130839 ns
[2020-09-11T16:59:07.940+0000][1][safepoint    ] Safepoint "Cleanup", Time since last: 2000221498 ns, Reaching safepoint: 157583 ns, At safepoint: 11761 ns, Total: 169344 ns
[2020-09-11T16:59:08.940+0000][1][safepoint    ] Safepoint "Cleanup", Time since last: 1000120105 ns, Reaching safepoint: 98466 ns, At safepoint: 9014 ns, Total: 107480 ns
[2020-09-11T16:59:09.941+0000][1][safepoint    ] Safepoint "Cleanup", Time since last: 1000137417 ns, Reaching safepoint: 113821 ns, At safepoint: 7046 ns, Total: 120867 ns
[2020-09-11T16:59:10.941+0000][1][safepoint    ] Safepoint "Cleanup", Time since last: 1000121788 ns, Reaching safepoint: 107584 ns, At safepoint: 7071 ns, Total: 114655 ns
[2020-09-11T16:59:11.941+0000][1][safepoint    ] Safepoint "Cleanup", Time since last: 1000117240 ns, Reaching safepoint: 101110 ns, At safepoint: 10258 ns, Total: 111368 ns
[2020-09-11T16:59:12.941+0000][1][safepoint    ] Safepoint "Cleanup", Time since last: 1000116818 ns, Reaching safepoint: 107450 ns, At safepoint: 8058 ns, Total: 115508 ns
[2020-09-11T16:59:13.942+0000][1][safepoint    ] Safepoint "Cleanup", Time since last: 1000104423 ns, Reaching safepoint: 92556 ns, At safepoint: 7109 ns, Total: 99665 ns
[2020-09-11T16:59:14.697+0000][1][gc,start     ] GC(101) Pause Young (Allocation Failure)
[2020-09-11T16:59:14.699+0000][1][gc,task      ] GC(101) Using 1 workers of 1 for evacuation
[2020-09-11T16:59:14.736+0000][1][gc,age       ] GC(101) Desired survivor size 4358144 bytes, new threshold 6 (max threshold 6)
[2020-09-11T16:59:14.736+0000][1][gc,age       ] GC(101) Age table with threshold 6 (max threshold 6)
[2020-09-11T16:59:14.736+0000][1][gc,age       ] GC(101) - age   1:     239424 bytes,     239424 total
[2020-09-11T16:59:14.736+0000][1][gc,age       ] GC(101) - age   2:      31056 bytes,     270480 total
[2020-09-11T16:59:14.736+0000][1][gc,heap      ] GC(101) ParNew: 74849K->1701K(76672K)
[2020-09-11T16:59:14.736+0000][1][gc,heap      ] GC(101) CMS: 142435K->142435K(2011968K)
[2020-09-11T16:59:14.736+0000][1][gc,metaspace ] GC(101) Metaspace: 94656K->94656K(1136640K)
[2020-09-11T16:59:14.736+0000][1][gc           ] GC(101) Pause Young (Allocation Failure) 212M->140M(2039M) 38.758ms
[2020-09-11T16:59:14.736+0000][1][gc,cpu       ] GC(101) User=0.02s Sys=0.00s Real=0.04s
[2020-09-11T16:59:14.741+0000][1][safepoint    ] Safepoint "GenCollectForAllocation", Time since last: 755375433 ns, Reaching safepoint: 213952 ns, At safepoint: 43818888 ns, Total: 44032840 ns
[2020-09-11T16:59:15.743+0000][1][safepoint    ] Safepoint "Cleanup", Time since last: 1002391450 ns, Reaching safepoint: 102635 ns, At safepoint: 8532 ns, Total: 111167 ns
[2020-09-11T16:59:16.744+0000][1][safepoint    ] Safepoint "Cleanup", Time since last: 1000193432 ns, Reaching safepoint: 92634 ns, At safepoint: 7629 ns, Total: 100263 ns
[2020-09-11T16:59:17.744+0000][1][safepoint    ] Safepoint "Cleanup", Time since last: 1000118374 ns, Reaching safepoint: 124843 ns, At safepoint: 7113 ns, Total: 131956 ns
[2020-09-11T16:59:18.744+0000][1][safepoint    ] Safepoint "Cleanup", Time since last: 1000116023 ns, Reaching safepoint: 95094 ns, At safepoint: 7683 ns, Total: 102777 ns
[2020-09-11T16:59:19.744+0000][1][safepoint    ] Safepoint "Cleanup", Time since last: 1000113828 ns, Reaching safepoint: 103417 ns, At safepoint: 9786 ns, Total: 113203 ns
[2020-09-11T16:59:20.745+0000][1][safepoint    ] Safepoint "Cleanup", Time since last: 1000116465 ns, Reaching safepoint: 99092 ns, At safepoint: 8492 ns, Total: 107584 ns
[2020-09-11T16:59:21.745+0000][1][safepoint    ] Safepoint "Cleanup", Time since last: 1000132195 ns, Reaching safepoint: 90455 ns, At safepoint: 7922 ns, Total: 98377 ns
[2020-09-11T16:59:22.745+0000][1][safepoint    ] Safepoint "Cleanup", Time since last: 1000126768 ns, Reaching safepoint: 98564 ns, At safepoint: 7609 ns, Total: 106173 ns
[2020-09-11T16:59:23.745+0000][1][safepoint    ] Safepoint "Cleanup", Time since last: 1000114203 ns, Reaching safepoint: 108441 ns, At safepoint: 9139 ns, Total: 117580 ns
[2020-09-11T16:59:24.746+0000][1][safepoint    ] Safepoint "Cleanup", Time since last: 1000113640 ns, Reaching safepoint: 93142 ns, At safepoint: 8058 ns, Total: 101200 ns
[2020-09-11T16:59:25.746+0000][1][safepoint    ] Safepoint "Cleanup", Time since last: 1000116224 ns, Reaching safepoint: 107851 ns, At safepoint: 9937 ns, Total: 117788 ns
[2020-09-11T16:59:26.746+0000][1][safepoint    ] Safepoint "Cleanup", Time since last: 1000121100 ns, Reaching safepoint: 99446 ns, At safepoint: 8716 ns, Total: 108162 ns
[2020-09-11T16:59:27.746+0000][1][safepoint    ] Safepoint "Cleanup", Time since last: 1000113165 ns, Reaching safepoint: 112966 ns, At safepoint: 7849 ns, Total: 120815 ns
[2020-09-11T16:59:28.746+0000][1][safepoint    ] Safepoint "Cleanup", Time since last: 1000117420 ns, Reaching safepoint: 98488 ns, At safepoint: 8641 ns, Total: 107129 ns
[2020-09-11T16:59:29.747+0000][1][safepoint    ] Safepoint "Cleanup", Time since last: 1000113368 ns, Reaching safepoint: 92909 ns, At safepoint: 9320 ns, Total: 102229 ns
[2020-09-11T16:59:30.747+0000][1][safepoint    ] Safepoint "Cleanup", Time since last: 1000117893 ns, Reaching safepoint: 95627 ns, At safepoint: 8705 ns, Total: 104332 ns
[2020-09-11T16:59:31.747+0000][1][safepoint    ] Safepoint "Cleanup", Time since last: 1000114596 ns, Reaching safepoint: 91011 ns, At safepoint: 6699 ns, Total: 97710 ns
[2020-09-11T16:59:32.747+0000][1][safepoint    ] Safepoint "Cleanup", Time since last: 1000117414 ns, Reaching safepoint: 99359 ns, At safepoint: 6985 ns, Total: 106344 ns
[2020-09-11T16:59:33.748+0000][1][safepoint    ] Safepoint "Cleanup", Time since last: 1000128980 ns, Reaching safepoint: 92464 ns, At safepoint: 7678 ns, Total: 100142 ns
[2020-09-11T16:59:34.748+0000][1][safepoint    ] Safepoint "Cleanup", Time since last: 1000129181 ns, Reaching safepoint: 92486 ns, At safepoint: 10216 ns, Total: 102702 ns
[2020-09-11T16:59:34.789+0000][1][gc,start     ] GC(102) Pause Young (Allocation Failure)
[2020-09-11T16:59:34.789+0000][1][gc,task      ] GC(102) Using 1 workers of 1 for evacuation
[2020-09-11T16:59:34.812+0000][1][gc,age       ] GC(102) Desired survivor size 4358144 bytes, new threshold 6 (max threshold 6)
[2020-09-11T16:59:34.812+0000][1][gc,age       ] GC(102) Age table with threshold 6 (max threshold 6)
[2020-09-11T16:59:34.812+0000][1][gc,age       ] GC(102) - age   1:     169192 bytes,     169192 total
[2020-09-11T16:59:34.812+0000][1][gc,age       ] GC(102) - age   2:      35032 bytes,     204224 total
[2020-09-11T16:59:34.812+0000][1][gc,age       ] GC(102) - age   3:      20160 bytes,     224384 total
[2020-09-11T16:59:34.812+0000][1][gc,heap      ] GC(102) ParNew: 69861K->474K(76672K)
[2020-09-11T16:59:34.812+0000][1][gc,heap      ] GC(102) CMS: 142435K->142435K(2011968K)
[2020-09-11T16:59:34.812+0000][1][gc,metaspace ] GC(102) Metaspace: 94775K->94775K(1136640K)
[2020-09-11T16:59:34.812+0000][1][gc           ] GC(102) Pause Young (Allocation Failure) 207M->139M(2039M) 22.897ms
[2020-09-11T16:59:34.812+0000][1][gc,cpu       ] GC(102) User=0.02s Sys=0.00s Real=0.02s
[2020-09-11T16:59:34.817+0000][1][safepoint    ] Safepoint "GenCollectForAllocation", Time since last: 40905173 ns, Reaching safepoint: 164870 ns, At safepoint: 27945521 ns, Total: 28110391 ns
[2020-09-11T16:59:35.842+0000][1][safepoint    ] Safepoint "Cleanup", Time since last: 1025149344 ns, Reaching safepoint: 95848 ns, At safepoint: 8989 ns, Total: 104837 ns
[2020-09-11T16:59:36.842+0000][1][safepoint    ] Safepoint "Cleanup", Time since last: 1000113989 ns, Reaching safepoint: 90175 ns, At safepoint: 8627 ns, Total: 98802 ns
[2020-09-11T16:59:37.843+0000][1][safepoint    ] Safepoint "Cleanup", Time since last: 1000117495 ns, Reaching safepoint: 134173 ns, At safepoint: 8763 ns, Total: 142936 ns
[2020-09-11T16:59:39.843+0000][1][safepoint    ] Safepoint "Cleanup", Time since last: 2000260068 ns, Reaching safepoint: 145656 ns, At safepoint: 12625 ns, Total: 158281 ns
[2020-09-11T16:59:40.843+0000][1][safepoint    ] Safepoint "Cleanup", Time since last: 1000207010 ns, Reaching safepoint: 178005 ns, At safepoint: 18773 ns, Total: 196778 ns
[2020-09-11T16:59:41.844+0000][1][safepoint    ] Safepoint "Cleanup", Time since last: 1000220759 ns, Reaching safepoint: 167647 ns, At safepoint: 18586 ns, Total: 186233 ns
[2020-09-11T16:59:43.844+0000][1][safepoint    ] Safepoint "Cleanup", Time since last: 2000605180 ns, Reaching safepoint: 99051 ns, At safepoint: 7651 ns, Total: 106702 ns
[2020-09-11T16:59:44.845+0000][1][safepoint    ] Safepoint "Cleanup", Time since last: 1000129830 ns, Reaching safepoint: 210897 ns, At safepoint: 17390 ns, Total: 228287 ns
[2020-09-11T16:59:45.845+0000][1][safepoint    ] Safepoint "Cleanup", Time since last: 1000181406 ns, Reaching safepoint: 172866 ns, At safepoint: 18643 ns, Total: 191509 ns
[2020-09-11T16:59:46.846+0000][1][safepoint    ] Safepoint "Cleanup", Time since last: 1000190461 ns, Reaching safepoint: 159723 ns, At safepoint: 15903 ns, Total: 175626 ns
[2020-09-11T16:59:47.846+0000][1][safepoint    ] Safepoint "Cleanup", Time since last: 1000218346 ns, Reaching safepoint: 175981 ns, At safepoint: 19949 ns, Total: 195930 ns
[2020-09-11T16:59:48.846+0000][1][safepoint    ] Safepoint "Cleanup", Time since last: 1000183701 ns, Reaching safepoint: 126888 ns, At safepoint: 6028 ns, Total: 132916 ns
[2020-09-11T16:59:49.847+0000][1][safepoint    ] Safepoint "Cleanup", Time since last: 1000127595 ns, Reaching safepoint: 163204 ns, At safepoint: 16631 ns, Total: 179835 ns
[2020-09-11T16:59:50.847+0000][1][safepoint    ] Safepoint "Cleanup", Time since last: 1000242236 ns, Reaching safepoint: 122763 ns, At safepoint: 6978 ns, Total: 129741 ns
[2020-09-11T16:59:51.847+0000][1][safepoint    ] Safepoint "Cleanup", Time since last: 1000147719 ns, Reaching safepoint: 159756 ns, At safepoint: 16271 ns, Total: 176027 ns
[2020-09-11T16:59:52.849+0000][1][safepoint    ] Safepoint "Cleanup", Time since last: 1001871042 ns, Reaching safepoint: 147630 ns, At safepoint: 7584 ns, Total: 155214 ns
[2020-09-11T16:59:53.850+0000][1][safepoint    ] Safepoint "Cleanup", Time since last: 1000132152 ns, Reaching safepoint: 113496 ns, At safepoint: 7813 ns, Total: 121309 ns
[2020-09-11T16:59:54.850+0000][1][safepoint    ] Safepoint "Cleanup", Time since last: 1000146980 ns, Reaching safepoint: 125636 ns, At safepoint: 7386 ns, Total: 133022 ns
[2020-09-11T16:59:55.258+0000][1][gc,start     ] GC(103) Pause Young (Allocation Failure)
[2020-09-11T16:59:55.259+0000][1][gc,task      ] GC(103) Using 1 workers of 1 for evacuation
[2020-09-11T16:59:55.273+0000][1][gc,age       ] GC(103) Desired survivor size 4358144 bytes, new threshold 6 (max threshold 6)
[2020-09-11T16:59:55.273+0000][1][gc,age       ] GC(103) Age table with threshold 6 (max threshold 6)
[2020-09-11T16:59:55.273+0000][1][gc,age       ] GC(103) - age   1:     164256 bytes,     164256 total
[2020-09-11T16:59:55.273+0000][1][gc,age       ] GC(103) - age   2:      32688 bytes,     196944 total
[2020-09-11T16:59:55.273+0000][1][gc,age       ] GC(103) - age   3:      25720 bytes,     222664 total
[2020-09-11T16:59:55.273+0000][1][gc,age       ] GC(103) - age   4:      18776 bytes,     241440 total
[2020-09-11T16:59:55.273+0000][1][gc,heap      ] GC(103) ParNew: 68634K->401K(76672K)
[2020-09-11T16:59:55.273+0000][1][gc,heap      ] GC(103) CMS: 142435K->142435K(2011968K)
[2020-09-11T16:59:55.273+0000][1][gc,metaspace ] GC(103) Metaspace: 95006K->95006K(1136640K)
[2020-09-11T16:59:55.273+0000][1][gc           ] GC(103) Pause Young (Allocation Failure) 206M->139M(2039M) 14.573ms
[2020-09-11T16:59:55.273+0000][1][gc,cpu       ] GC(103) User=0.01s Sys=0.00s Real=0.02s
[2020-09-11T16:59:55.273+0000][1][safepoint    ] Safepoint "GenCollectForAllocation", Time since last: 408441865 ns, Reaching safepoint: 141246 ns, At safepoint: 14637954 ns, Total: 14779200 ns
[2020-09-11T16:59:56.281+0000][1][safepoint    ] Safepoint "Cleanup", Time since last: 1007816783 ns, Reaching safepoint: 93958 ns, At safepoint: 6915 ns, Total: 100873 ns
[2020-09-11T16:59:57.281+0000][1][safepoint    ] Safepoint "Cleanup", Time since last: 1000133353 ns, Reaching safepoint: 190490 ns, At safepoint: 18760 ns, Total: 209250 ns
[2020-09-11T16:59:58.282+0000][1][safepoint    ] Safepoint "Cleanup", Time since last: 1000215388 ns, Reaching safepoint: 146984 ns, At safepoint: 17727 ns, Total: 164711 ns
[2020-09-11T16:59:59.282+0000][1][safepoint    ] Safepoint "Cleanup", Time since last: 1000204384 ns, Reaching safepoint: 170852 ns, At safepoint: 18235 ns, Total: 189087 ns
[2020-09-11T17:00:00.282+0000][1][safepoint    ] Safepoint "Cleanup", Time since last: 1000196462 ns, Reaching safepoint: 108863 ns, At safepoint: 6638 ns, Total: 115501 ns
[2020-09-11T17:00:01.283+0000][1][safepoint    ] Safepoint "Cleanup", Time since last: 1000167625 ns, Reaching safepoint: 108890 ns, At safepoint: 6069 ns, Total: 114959 ns
[2020-09-11T17:00:02.283+0000][1][safepoint    ] Safepoint "Cleanup", Time since last: 1000174267 ns, Reaching safepoint: 119141 ns, At safepoint: 7451 ns, Total: 126592 ns
[2020-09-11T17:00:03.283+0000][1][safepoint    ] Safepoint "Cleanup", Time since last: 1000146927 ns, Reaching safepoint: 163562 ns, At safepoint: 17316 ns, Total: 180878 ns
[2020-09-11T17:00:04.284+0000][1][safepoint    ] Safepoint "Cleanup", Time since last: 1000200276 ns, Reaching safepoint: 111586 ns, At safepoint: 6552 ns, Total: 118138 ns
[2020-09-11T17:00:05.284+0000][1][safepoint    ] Safepoint "Cleanup", Time since last: 1000533030 ns, Reaching safepoint: 163529 ns, At safepoint: 6560 ns, Total: 170089 ns
[2020-09-11T17:00:06.285+0000][1][safepoint    ] Safepoint "Cleanup", Time since last: 1000194687 ns, Reaching safepoint: 100926 ns, At safepoint: 6563 ns, Total: 107489 ns
[2020-09-11T17:00:07.285+0000][1][safepoint    ] Safepoint "Cleanup", Time since last: 1000168990 ns, Reaching safepoint: 221421 ns, At safepoint: 19077 ns, Total: 240498 ns
[2020-09-11T17:00:08.286+0000][1][safepoint    ] Safepoint "Cleanup", Time since last: 1000551076 ns, Reaching safepoint: 88663 ns, At safepoint: 6338 ns, Total: 95001 ns
[2020-09-11T17:00:11.286+0000][1][safepoint    ] Safepoint "Cleanup", Time since last: 3000450556 ns, Reaching safepoint: 110068 ns, At safepoint: 6786 ns, Total: 116854 ns
[2020-09-11T17:00:12.287+0000][1][safepoint    ] Safepoint "Cleanup", Time since last: 1000183865 ns, Reaching safepoint: 107314 ns, At safepoint: 8013 ns, Total: 115327 ns
[2020-09-11T17:00:13.287+0000][1][safepoint    ] Safepoint "Cleanup", Time since last: 1000172441 ns, Reaching safepoint: 173886 ns, At safepoint: 19093 ns, Total: 192979 ns
[2020-09-11T17:00:15.288+0000][1][safepoint    ] Safepoint "Cleanup", Time since last: 2000287310 ns, Reaching safepoint: 681220 ns, At safepoint: 11053 ns, Total: 692273 ns
[2020-09-11T17:00:17.288+0000][1][safepoint    ] Safepoint "Cleanup", Time since last: 2000220746 ns, Reaching safepoint: 169923 ns, At safepoint: 17390 ns, Total: 187313 ns
[2020-09-11T17:00:18.289+0000][1][safepoint    ] Safepoint "Cleanup", Time since last: 1000215304 ns, Reaching safepoint: 111270 ns, At safepoint: 7353 ns, Total: 118623 ns
[2020-09-11T17:00:19.297+0000][1][safepoint    ] Safepoint "Cleanup", Time since last: 1004079374 ns, Reaching safepoint: 4242107 ns, At safepoint: 8772 ns, Total: 4250879 ns
[2020-09-11T17:00:19.570+0000][1][gc,start     ] GC(104) Pause Young (Allocation Failure)
[2020-09-11T17:00:19.570+0000][1][gc,task      ] GC(104) Using 1 workers of 1 for evacuation
[2020-09-11T17:00:19.597+0000][1][gc,age       ] GC(104) Desired survivor size 4358144 bytes, new threshold 6 (max threshold 6)
[2020-09-11T17:00:19.597+0000][1][gc,age       ] GC(104) Age table with threshold 6 (max threshold 6)
[2020-09-11T17:00:19.597+0000][1][gc,age       ] GC(104) - age   1:     192896 bytes,     192896 total
[2020-09-11T17:00:19.597+0000][1][gc,age       ] GC(104) - age   2:      20776 bytes,     213672 total
[2020-09-11T17:00:19.598+0000][1][gc,age       ] GC(104) - age   3:      29624 bytes,     243296 total
[2020-09-11T17:00:19.598+0000][1][gc,age       ] GC(104) - age   4:      23328 bytes,     266624 total
[2020-09-11T17:00:19.598+0000][1][gc,age       ] GC(104) - age   5:      18736 bytes,     285360 total
[2020-09-11T17:00:19.598+0000][1][gc,heap      ] GC(104) ParNew: 68561K->415K(76672K)
[2020-09-11T17:00:19.598+0000][1][gc,heap      ] GC(104) CMS: 142435K->142435K(2011968K)
[2020-09-11T17:00:19.598+0000][1][gc,metaspace ] GC(104) Metaspace: 95046K->95046K(1136640K)
[2020-09-11T17:00:19.598+0000][1][gc           ] GC(104) Pause Young (Allocation Failure) 206M->139M(2039M) 27.786ms
[2020-09-11T17:00:19.598+0000][1][gc,cpu       ] GC(104) User=0.02s Sys=0.00s Real=0.03s
[2020-09-11T17:00:19.598+0000][1][safepoint    ] Safepoint "GenCollectForAllocation", Time since last: 272693634 ns, Reaching safepoint: 110072 ns, At safepoint: 27848974 ns, Total: 27959046 ns
[2020-09-11T17:00:20.602+0000][1][safepoint    ] Safepoint "Cleanup", Time since last: 1004028688 ns, Reaching safepoint: 93774 ns, At safepoint: 19739 ns, Total: 113513 ns
[2020-09-11T17:00:21.602+0000][1][safepoint    ] Safepoint "Cleanup", Time since last: 1000111748 ns, Reaching safepoint: 89962 ns, At safepoint: 5936 ns, Total: 95898 ns
[2020-09-11T17:00:23.603+0000][1][safepoint    ] Safepoint "Cleanup", Time since last: 2000831111 ns, Reaching safepoint: 106209 ns, At safepoint: 9651 ns, Total: 115860 ns
[2020-09-11T17:00:24.603+0000][1][safepoint    ] Safepoint "Cleanup", Time since last: 1000125867 ns, Reaching safepoint: 96588 ns, At safepoint: 7455 ns, Total: 104043 ns
[2020-09-11T17:00:25.603+0000][1][safepoint    ] Safepoint "Cleanup", Time since last: 1000119233 ns, Reaching safepoint: 95624 ns, At safepoint: 8399 ns, Total: 104023 ns
[2020-09-11T17:00:26.604+0000][1][safepoint    ] Safepoint "Cleanup", Time since last: 1000107097 ns, Reaching safepoint: 158048 ns, At safepoint: 7707 ns, Total: 165755 ns
[2020-09-11T17:00:26.709+0000][1][safepoint    ] Safepoint "RevokeBias", Time since last: 101495351 ns, Reaching safepoint: 3766416 ns, At safepoint: 392851 ns, Total: 4159267 ns
[2020-09-11T17:00:27.353+0000][1][safepoint    ] Safepoint "RevokeBias", Time since last: 642643872 ns, Reaching safepoint: 975360 ns, At safepoint: 23978 ns, Total: 999338 ns
[2020-09-11T17:00:28.353+0000][1][safepoint    ] Safepoint "Cleanup", Time since last: 1000105948 ns, Reaching safepoint: 99198 ns, At safepoint: 9086 ns, Total: 108284 ns
[2020-09-11T17:00:29.353+0000][1][safepoint    ] Safepoint "Cleanup", Time since last: 1000107409 ns, Reaching safepoint: 87723 ns, At safepoint: 7825 ns, Total: 95548 ns
[2020-09-11T17:00:30.354+0000][1][safepoint    ] Safepoint "Cleanup", Time since last: 1000230157 ns, Reaching safepoint: 81396 ns, At safepoint: 7773 ns, Total: 89169 ns
[2020-09-11T17:00:32.227+0000][1][safepoint    ] Safepoint "RevokeBias", Time since last: 1872404868 ns, Reaching safepoint: 248349 ns, At safepoint: 371531 ns, Total: 619880 ns
[2020-09-11T17:00:32.903+0000][1][safepoint    ] Safepoint "RevokeBias", Time since last: 675963584 ns, Reaching safepoint: 96732 ns, At safepoint: 18028 ns, Total: 114760 ns
[2020-09-11T17:00:33.903+0000][1][safepoint    ] Safepoint "Cleanup", Time since last: 1000113413 ns, Reaching safepoint: 96889 ns, At safepoint: 8230 ns, Total: 105119 ns
[2020-09-11T17:00:34.906+0000][1][safepoint    ] Safepoint "Cleanup", Time since last: 1000193621 ns, Reaching safepoint: 3066227 ns, At safepoint: 28526 ns, Total: 3094753 ns
[2020-09-11T17:00:37.226+0000][1][safepoint    ] Safepoint "RevokeBias", Time since last: 2319489864 ns, Reaching safepoint: 97626 ns, At safepoint: 22424 ns, Total: 120050 ns
[2020-09-11T17:00:37.227+0000][1][safepoint    ] Safepoint "RevokeBias", Time since last: 664042 ns, Reaching safepoint: 118234 ns, At safepoint: 15186 ns, Total: 133420 ns
[2020-09-11T17:00:37.233+0000][1][safepoint    ] Safepoint "RevokeBias", Time since last: 6599357 ns, Reaching safepoint: 91724 ns, At safepoint: 23151 ns, Total: 114875 ns
[2020-09-11T17:00:37.268+0000][1][safepoint    ] Safepoint "RevokeBias", Time since last: 34869712 ns, Reaching safepoint: 80881 ns, At safepoint: 21549 ns, Total: 102430 ns
[2020-09-11T17:00:37.297+0000][1][gc,start     ] GC(105) Pause Young (Allocation Failure)
[2020-09-11T17:00:37.297+0000][1][gc,task      ] GC(105) Using 1 workers of 1 for evacuation
[2020-09-11T17:00:37.341+0000][1][gc,age       ] GC(105) Desired survivor size 4358144 bytes, new threshold 6 (max threshold 6)
[2020-09-11T17:00:37.341+0000][1][gc,age       ] GC(105) Age table with threshold 6 (max threshold 6)
[2020-09-11T17:00:37.341+0000][1][gc,age       ] GC(105) - age   1:     229128 bytes,     229128 total
[2020-09-11T17:00:37.341+0000][1][gc,age       ] GC(105) - age   2:      51184 bytes,     280312 total
[2020-09-11T17:00:37.341+0000][1][gc,age       ] GC(105) - age   3:      18160 bytes,     298472 total
[2020-09-11T17:00:37.341+0000][1][gc,age       ] GC(105) - age   4:      12160 bytes,     310632 total
[2020-09-11T17:00:37.341+0000][1][gc,age       ] GC(105) - age   5:      23264 bytes,     333896 total
[2020-09-11T17:00:37.341+0000][1][gc,age       ] GC(105) - age   6:      18704 bytes,     352600 total
[2020-09-11T17:00:37.341+0000][1][gc,heap      ] GC(105) ParNew: 68566K->487K(76672K)
[2020-09-11T17:00:37.341+0000][1][gc,heap      ] GC(105) CMS: 142435K->142435K(2011968K)
[2020-09-11T17:00:37.341+0000][1][gc,metaspace ] GC(105) Metaspace: 95135K->95135K(1136640K)
[2020-09-11T17:00:37.345+0000][1][gc           ] GC(105) Pause Young (Allocation Failure) 206M->139M(2039M) 47.743ms
[2020-09-11T17:00:37.345+0000][1][gc,cpu       ] GC(105) User=0.01s Sys=0.00s Real=0.05s
[2020-09-11T17:00:37.345+0000][1][safepoint    ] Safepoint "GenCollectForAllocation", Time since last: 28508524 ns, Reaching safepoint: 105531 ns, At safepoint: 48177202 ns, Total: 48282733 ns
[2020-09-11T17:00:37.947+0000][1][safepoint    ] Safepoint "RevokeBias", Time since last: 601726978 ns, Reaching safepoint: 260816 ns, At safepoint: 277358 ns, Total: 538174 ns
[2020-09-11T17:00:38.285+0000][1][safepoint    ] Safepoint "RevokeBias", Time since last: 337331871 ns, Reaching safepoint: 194064 ns, At safepoint: 28398 ns, Total: 222462 ns
[2020-09-11T17:00:39.285+0000][1][safepoint    ] Safepoint "Cleanup", Time since last: 1000147727 ns, Reaching safepoint: 133055 ns, At safepoint: 8426 ns, Total: 141481 ns
[2020-09-11T17:00:42.409+0000][1][safepoint    ] Safepoint "RevokeBias", Time since last: 3122628826 ns, Reaching safepoint: 240452 ns, At safepoint: 318226 ns, Total: 558678 ns
[2020-09-11T17:00:42.979+0000][1][safepoint    ] Safepoint "RevokeBias", Time since last: 569460168 ns, Reaching safepoint: 221738 ns, At safepoint: 486150 ns, Total: 707888 ns
[2020-09-11T17:00:43.979+0000][1][safepoint    ] Safepoint "Cleanup", Time since last: 1000113205 ns, Reaching safepoint: 94025 ns, At safepoint: 6973 ns, Total: 100998 ns
[2020-09-11T17:00:44.979+0000][1][safepoint    ] Safepoint "Cleanup", Time since last: 1000146821 ns, Reaching safepoint: 192264 ns, At safepoint: 21770 ns, Total: 214034 ns
[2020-09-11T17:00:45.980+0000][1][safepoint    ] Safepoint "Cleanup", Time since last: 1000205013 ns, Reaching safepoint: 135113 ns, At safepoint: 7451 ns, Total: 142564 ns
[2020-09-11T17:00:47.451+0000][1][safepoint    ] Safepoint "RevokeBias", Time since last: 1470705937 ns, Reaching safepoint: 251201 ns, At safepoint: 317273 ns, Total: 568474 ns
[2020-09-11T17:00:47.517+0000][1][safepoint    ] Safepoint "RevokeBias", Time since last: 66023425 ns, Reaching safepoint: 88561 ns, At safepoint: 24913 ns, Total: 113474 ns
[2020-09-11T17:00:48.021+0000][1][safepoint    ] Safepoint "RevokeBias", Time since last: 501950096 ns, Reaching safepoint: 2209393 ns, At safepoint: 321775 ns, Total: 2531168 ns
[2020-09-11T17:00:50.022+0000][1][safepoint    ] Safepoint "Cleanup", Time since last: 2000257774 ns, Reaching safepoint: 179382 ns, At safepoint: 19304 ns, Total: 198686 ns
[2020-09-11T17:00:51.022+0000][1][safepoint    ] Safepoint "Cleanup", Time since last: 1000191125 ns, Reaching safepoint: 167153 ns, At safepoint: 17684 ns, Total: 184837 ns
[2020-09-11T17:00:52.521+0000][1][safepoint    ] Safepoint "RevokeBias", Time since last: 1498537972 ns, Reaching safepoint: 241388 ns, At safepoint: 330723 ns, Total: 572111 ns
[2020-09-11T17:00:53.070+0000][1][safepoint    ] Safepoint "RevokeBias", Time since last: 547652579 ns, Reaching safepoint: 765232 ns, At safepoint: 321203 ns, Total: 1086435 ns
[2020-09-11T17:00:54.071+0000][1][safepoint    ] Safepoint "Cleanup", Time since last: 1000193226 ns, Reaching safepoint: 177966 ns, At safepoint: 14401 ns, Total: 192367 ns
[2020-09-11T17:00:55.071+0000][1][safepoint    ] Safepoint "Cleanup", Time since last: 1000181048 ns, Reaching safepoint: 151668 ns, At safepoint: 8363 ns, Total: 160031 ns
[2020-09-11T17:00:56.071+0000][1][safepoint    ] Safepoint "Cleanup", Time since last: 1000189720 ns, Reaching safepoint: 120798 ns, At safepoint: 8549 ns, Total: 129347 ns
[2020-09-11T17:00:57.071+0000][1][safepoint    ] Safepoint "Cleanup", Time since last: 1000125683 ns, Reaching safepoint: 92979 ns, At safepoint: 7283 ns, Total: 100262 ns
[2020-09-11T17:00:57.563+0000][1][safepoint    ] Safepoint "RevokeBias", Time since last: 491510043 ns, Reaching safepoint: 177392 ns, At safepoint: 24059 ns, Total: 201451 ns
[2020-09-11T17:00:58.105+0000][1][safepoint    ] Safepoint "RevokeBias", Time since last: 541630415 ns, Reaching safepoint: 161172 ns, At safepoint: 22164 ns, Total: 183336 ns
[2020-09-11T17:00:59.105+0000][1][safepoint    ] Safepoint "Cleanup", Time since last: 1000106197 ns, Reaching safepoint: 85332 ns, At safepoint: 8391 ns, Total: 93723 ns
[2020-09-11T17:01:00.106+0000][1][safepoint    ] Safepoint "Cleanup", Time since last: 1000171017 ns, Reaching safepoint: 170915 ns, At safepoint: 19742 ns, Total: 190657 ns
[2020-09-11T17:01:01.106+0000][1][safepoint    ] Safepoint "Cleanup", Time since last: 1000220065 ns, Reaching safepoint: 175756 ns, At safepoint: 20798 ns, Total: 196554 ns
[2020-09-11T17:01:02.106+0000][1][safepoint    ] Safepoint "Cleanup", Time since last: 1000225033 ns, Reaching safepoint: 176973 ns, At safepoint: 21015 ns, Total: 197988 ns
[2020-09-11T17:01:02.616+0000][1][safepoint    ] Safepoint "RevokeBias", Time since last: 507409042 ns, Reaching safepoint: 1914780 ns, At safepoint: 337656 ns, Total: 2252436 ns
[2020-09-11T17:01:03.075+0000][1][gc,start     ] GC(106) Pause Young (Allocation Failure)
[2020-09-11T17:01:03.075+0000][1][gc,task      ] GC(106) Using 1 workers of 1 for evacuation
[2020-09-11T17:01:03.104+0000][1][gc,age       ] GC(106) Desired survivor size 4358144 bytes, new threshold 6 (max threshold 6)
[2020-09-11T17:01:03.104+0000][1][gc,age       ] GC(106) Age table with threshold 6 (max threshold 6)
[2020-09-11T17:01:03.104+0000][1][gc,age       ] GC(106) - age   1:     335336 bytes,     335336 total
[2020-09-11T17:01:03.104+0000][1][gc,age       ] GC(106) - age   2:      67832 bytes,     403168 total
[2020-09-11T17:01:03.104+0000][1][gc,age       ] GC(106) - age   3:      33848 bytes,     437016 total
[2020-09-11T17:01:03.104+0000][1][gc,age       ] GC(106) - age   4:      16168 bytes,     453184 total
[2020-09-11T17:01:03.104+0000][1][gc,age       ] GC(106) - age   5:      12088 bytes,     465272 total
[2020-09-11T17:01:03.104+0000][1][gc,age       ] GC(106) - age   6:      23264 bytes,     488536 total
[2020-09-11T17:01:03.104+0000][1][gc,heap      ] GC(106) ParNew: 68647K->638K(76672K)
[2020-09-11T17:01:03.104+0000][1][gc,heap      ] GC(106) CMS: 142435K->142454K(2011968K)
[2020-09-11T17:01:03.104+0000][1][gc,metaspace ] GC(106) Metaspace: 95246K->95246K(1136640K)
[2020-09-11T17:01:03.104+0000][1][gc           ] GC(106) Pause Young (Allocation Failure) 206M->139M(2039M) 28.987ms
[2020-09-11T17:01:03.104+0000][1][gc,cpu       ] GC(106) User=0.01s Sys=0.00s Real=0.03s
[2020-09-11T17:01:03.104+0000][1][safepoint    ] Safepoint "GenCollectForAllocation", Time since last: 459023529 ns, Reaching safepoint: 173477 ns, At safepoint: 29258318 ns, Total: 29431795 ns
[2020-09-11T17:01:03.137+0000][1][safepoint    ] Safepoint "BulkRevokeBias", Time since last: 31924541 ns, Reaching safepoint: 88592 ns, At safepoint: 226424 ns, Total: 315016 ns
[2020-09-11T17:01:04.138+0000][1][safepoint    ] Safepoint "Cleanup", Time since last: 1000910784 ns, Reaching safepoint: 154929 ns, At safepoint: 48554 ns, Total: 203483 ns
[2020-09-11T17:01:05.138+0000][1][safepoint    ] Safepoint "Cleanup", Time since last: 1000201171 ns, Reaching safepoint: 156031 ns, At safepoint: 18139 ns, Total: 174170 ns
[2020-09-11T17:01:06.139+0000][1][safepoint    ] Safepoint "Cleanup", Time since last: 1000159495 ns, Reaching safepoint: 169065 ns, At safepoint: 19862 ns, Total: 188927 ns
[2020-09-11T17:01:07.139+0000][1][safepoint    ] Safepoint "Cleanup", Time since last: 1000162263 ns, Reaching safepoint: 99019 ns, At safepoint: 8793 ns, Total: 107812 ns
[2020-09-11T17:01:07.658+0000][1][safepoint    ] Safepoint "RevokeBias", Time since last: 518532482 ns, Reaching safepoint: 253446 ns, At safepoint: 354949 ns, Total: 608395 ns
[2020-09-11T17:01:08.181+0000][1][safepoint    ] Safepoint "RevokeBias", Time since last: 522687440 ns, Reaching safepoint: 256135 ns, At safepoint: 306064 ns, Total: 562199 ns
[2020-09-11T17:01:09.182+0000][1][safepoint    ] Safepoint "Cleanup", Time since last: 1000135604 ns, Reaching safepoint: 160665 ns, At safepoint: 16732 ns, Total: 177397 ns
[2020-09-11T17:01:10.182+0000][1][safepoint    ] Safepoint "Cleanup", Time since last: 1000183022 ns, Reaching safepoint: 158838 ns, At safepoint: 18679 ns, Total: 177517 ns
[2020-09-11T17:01:11.182+0000][1][safepoint    ] Safepoint "Cleanup", Time since last: 1000158060 ns, Reaching safepoint: 124501 ns, At safepoint: 6577 ns, Total: 131078 ns
[2020-09-11T17:01:12.183+0000][1][safepoint    ] Safepoint "Cleanup", Time since last: 1000169688 ns, Reaching safepoint: 153302 ns, At safepoint: 18359 ns, Total: 171661 ns
[2020-09-11T17:01:12.699+0000][1][safepoint    ] Safepoint "RevokeBias", Time since last: 516511978 ns, Reaching safepoint: 169980 ns, At safepoint: 25992 ns, Total: 195972 ns
[2020-09-11T17:01:13.218+0000][1][safepoint    ] Safepoint "RevokeBias", Time since last: 513006554 ns, Reaching safepoint: 846839 ns, At safepoint: 4564217 ns, Total: 5411056 ns
[2020-09-11T17:01:14.219+0000][1][safepoint    ] Safepoint "Cleanup", Time since last: 1000726533 ns, Reaching safepoint: 163101 ns, At safepoint: 18432 ns, Total: 181533 ns
[2020-09-11T17:01:15.295+0000][1][safepoint    ] Safepoint "Cleanup", Time since last: 1075624702 ns, Reaching safepoint: 469428 ns, At safepoint: 23527 ns, Total: 492955 ns
[2020-09-11T17:01:16.295+0000][1][safepoint    ] Safepoint "Cleanup", Time since last: 1000164549 ns, Reaching safepoint: 216056 ns, At safepoint: 18462 ns, Total: 234518 ns
[2020-09-11T17:01:17.298+0000][1][safepoint    ] Safepoint "Cleanup", Time since last: 1003228682 ns, Reaching safepoint: 94788 ns, At safepoint: 7724 ns, Total: 102512 ns
[2020-09-11T17:01:17.745+0000][1][safepoint    ] Safepoint "RevokeBias", Time since last: 446382250 ns, Reaching safepoint: 95942 ns, At safepoint: 22345 ns, Total: 118287 ns
[2020-09-11T17:01:18.248+0000][1][safepoint    ] Safepoint "RevokeBias", Time since last: 502389828 ns, Reaching safepoint: 230789 ns, At safepoint: 289406 ns, Total: 520195 ns
[2020-09-11T17:01:20.248+0000][1][safepoint    ] Safepoint "Cleanup", Time since last: 2000317026 ns, Reaching safepoint: 102950 ns, At safepoint: 9000 ns, Total: 111950 ns
[2020-09-11T17:01:21.249+0000][1][safepoint    ] Safepoint "Cleanup", Time since last: 1000164384 ns, Reaching safepoint: 160471 ns, At safepoint: 18392 ns, Total: 178863 ns
[2020-09-11T17:01:22.797+0000][1][safepoint    ] Safepoint "RevokeBias", Time since last: 1547888716 ns, Reaching safepoint: 170591 ns, At safepoint: 23011 ns, Total: 193602 ns
[2020-09-11T17:01:22.901+0000][1][gc,start     ] GC(107) Pause Young (Allocation Failure)
[2020-09-11T17:01:22.901+0000][1][gc,task      ] GC(107) Using 1 workers of 1 for evacuation
[2020-09-11T17:01:22.930+0000][1][gc,age       ] GC(107) Desired survivor size 4358144 bytes, new threshold 6 (max threshold 6)
[2020-09-11T17:01:22.930+0000][1][gc,age       ] GC(107) Age table with threshold 6 (max threshold 6)
[2020-09-11T17:01:22.930+0000][1][gc,age       ] GC(107) - age   1:     391744 bytes,     391744 total
[2020-09-11T17:01:22.930+0000][1][gc,age       ] GC(107) - age   2:      39808 bytes,     431552 total
[2020-09-11T17:01:22.930+0000][1][gc,age       ] GC(107) - age   3:      63472 bytes,     495024 total
[2020-09-11T17:01:22.930+0000][1][gc,age       ] GC(107) - age   4:      32632 bytes,     527656 total
[2020-09-11T17:01:22.930+0000][1][gc,age       ] GC(107) - age   5:      15672 bytes,     543328 total
[2020-09-11T17:01:22.930+0000][1][gc,age       ] GC(107) - age   6:      11832 bytes,     555160 total
[2020-09-11T17:01:22.930+0000][1][gc,heap      ] GC(107) ParNew: 68798K->875K(76672K)
[2020-09-11T17:01:22.930+0000][1][gc,heap      ] GC(107) CMS: 142454K->142476K(2011968K)
[2020-09-11T17:01:22.930+0000][1][gc,metaspace ] GC(107) Metaspace: 95289K->95289K(1136640K)
[2020-09-11T17:01:22.931+0000][1][gc           ] GC(107) Pause Young (Allocation Failure) 206M->139M(2039M) 29.092ms
[2020-09-11T17:01:22.931+0000][1][gc,cpu       ] GC(107) User=0.02s Sys=0.00s Real=0.02s
[2020-09-11T17:01:22.931+0000][1][safepoint    ] Safepoint "GenCollectForAllocation", Time since last: 104503658 ns, Reaching safepoint: 216350 ns, At safepoint: 29157431 ns, Total: 29373781 ns
[2020-09-11T17:01:23.277+0000][1][safepoint    ] Safepoint "RevokeBias", Time since last: 346749477 ns, Reaching safepoint: 95968 ns, At safepoint: 22323 ns, Total: 118291 ns
[2020-09-11T17:01:25.278+0000][1][safepoint    ] Safepoint "Cleanup", Time since last: 2000208692 ns, Reaching safepoint: 91859 ns, At safepoint: 6908 ns, Total: 98767 ns
[2020-09-11T17:01:26.278+0000][1][safepoint    ] Safepoint "Cleanup", Time since last: 1000177058 ns, Reaching safepoint: 126594 ns, At safepoint: 7649 ns, Total: 134243 ns
[2020-09-11T17:01:27.833+0000][1][safepoint    ] Safepoint "RevokeBias", Time since last: 1554948297 ns, Reaching safepoint: 79692 ns, At safepoint: 21031 ns, Total: 100723 ns
[2020-09-11T17:01:28.349+0000][1][safepoint    ] Safepoint "RevokeBias", Time since last: 515585914 ns, Reaching safepoint: 115058 ns, At safepoint: 23789 ns, Total: 138847 ns
[2020-09-11T17:01:29.349+0000][1][safepoint    ] Safepoint "Cleanup", Time since last: 1000177314 ns, Reaching safepoint: 171083 ns, At safepoint: 21108 ns, Total: 192191 ns
[2020-09-11T17:01:30.350+0000][1][safepoint    ] Safepoint "Cleanup", Time since last: 1000206636 ns, Reaching safepoint: 167608 ns, At safepoint: 18780 ns, Total: 186388 ns
[2020-09-11T17:01:32.854+0000][1][safepoint    ] Safepoint "RevokeBias", Time since last: 2504264041 ns, Reaching safepoint: 221668 ns, At safepoint: 293618 ns, Total: 515286 ns
[2020-09-11T17:01:33.389+0000][1][safepoint    ] Safepoint "RevokeBias", Time since last: 534127572 ns, Reaching safepoint: 103420 ns, At safepoint: 23998 ns, Total: 127418 ns
[2020-09-11T17:01:35.389+0000][1][safepoint    ] Safepoint "Cleanup", Time since last: 2000319760 ns, Reaching safepoint: 93252 ns, At safepoint: 7160 ns, Total: 100412 ns
[2020-09-11T17:01:36.389+0000][1][safepoint    ] Safepoint "Cleanup", Time since last: 1000173829 ns, Reaching safepoint: 109691 ns, At safepoint: 7638 ns, Total: 117329 ns
[2020-09-11T17:01:37.390+0000][1][safepoint    ] Safepoint "Cleanup", Time since last: 1000164938 ns, Reaching safepoint: 180241 ns, At safepoint: 18856 ns, Total: 199097 ns
[2020-09-11T17:01:37.927+0000][1][safepoint    ] Safepoint "RevokeBias", Time since last: 537257494 ns, Reaching safepoint: 223080 ns, At safepoint: 296370 ns, Total: 519450 ns
[2020-09-11T17:01:38.404+0000][1][safepoint    ] Safepoint "RevokeBias", Time since last: 476818388 ns, Reaching safepoint: 94271 ns, At safepoint: 23562 ns, Total: 117833 ns
[2020-09-11T17:01:41.405+0000][1][safepoint    ] Safepoint "Cleanup", Time since last: 3000392123 ns, Reaching safepoint: 162513 ns, At safepoint: 19234 ns, Total: 181747 ns
[2020-09-11T17:01:42.405+0000][1][safepoint    ] Safepoint "Cleanup", Time since last: 1000228467 ns, Reaching safepoint: 106869 ns, At safepoint: 7391 ns, Total: 114260 ns
[2020-09-11T17:01:42.949+0000][1][safepoint    ] Safepoint "RevokeBias", Time since last: 542719037 ns, Reaching safepoint: 678666 ns, At safepoint: 459979 ns, Total: 1138645 ns
[2020-09-11T17:01:43.427+0000][1][safepoint    ] Safepoint "RevokeBias", Time since last: 477292441 ns, Reaching safepoint: 749443 ns, At safepoint: 273723 ns, Total: 1023166 ns
[2020-09-11T17:01:44.428+0000][1][safepoint    ] Safepoint "Cleanup", Time since last: 1000142100 ns, Reaching safepoint: 168467 ns, At safepoint: 18395 ns, Total: 186862 ns
[2020-09-11T17:01:44.787+0000][1][gc,start     ] GC(108) Pause Young (Allocation Failure)
[2020-09-11T17:01:44.821+0000][1][gc,task      ] GC(108) Using 1 workers of 1 for evacuation
[2020-09-11T17:01:44.836+0000][1][gc,age       ] GC(108) Desired survivor size 4358144 bytes, new threshold 6 (max threshold 6)
[2020-09-11T17:01:44.836+0000][1][gc,age       ] GC(108) Age table with threshold 6 (max threshold 6)
[2020-09-11T17:01:44.836+0000][1][gc,age       ] GC(108) - age   1:     288872 bytes,     288872 total
[2020-09-11T17:01:44.836+0000][1][gc,age       ] GC(108) - age   2:      86152 bytes,     375024 total
[2020-09-11T17:01:44.836+0000][1][gc,age       ] GC(108) - age   3:      35056 bytes,     410080 total
[2020-09-11T17:01:44.836+0000][1][gc,age       ] GC(108) - age   4:      40200 bytes,     450280 total
[2020-09-11T17:01:44.836+0000][1][gc,age       ] GC(108) - age   5:      32360 bytes,     482640 total
[2020-09-11T17:01:44.836+0000][1][gc,age       ] GC(108) - age   6:      15672 bytes,     498312 total
[2020-09-11T17:01:44.836+0000][1][gc,heap      ] GC(108) ParNew: 69035K->516K(76672K)
[2020-09-11T17:01:44.836+0000][1][gc,heap      ] GC(108) CMS: 142476K->142488K(2011968K)
[2020-09-11T17:01:44.836+0000][1][gc,metaspace ] GC(108) Metaspace: 95381K->95381K(1136640K)
[2020-09-11T17:01:44.836+0000][1][gc           ] GC(108) Pause Young (Allocation Failure) 206M->139M(2039M) 49.229ms
[2020-09-11T17:01:44.836+0000][1][gc,cpu       ] GC(108) User=0.02s Sys=0.00s Real=0.05s
[2020-09-11T17:01:44.837+0000][1][safepoint    ] Safepoint "GenCollectForAllocation", Time since last: 358521335 ns, Reaching safepoint: 199248 ns, At safepoint: 50163744 ns, Total: 50362992 ns
[2020-09-11T17:01:45.842+0000][1][safepoint    ] Safepoint "Cleanup", Time since last: 1004650967 ns, Reaching safepoint: 250374 ns, At safepoint: 21119 ns, Total: 271493 ns
[2020-09-11T17:01:46.843+0000][1][safepoint    ] Safepoint "Cleanup", Time since last: 1000808190 ns, Reaching safepoint: 79477 ns, At safepoint: 6145 ns, Total: 85622 ns
[2020-09-11T17:01:47.843+0000][1][safepoint    ] Safepoint "Cleanup", Time since last: 1000143005 ns, Reaching safepoint: 134004 ns, At safepoint: 8050 ns, Total: 142054 ns
[2020-09-11T17:01:47.976+0000][1][safepoint    ] Safepoint "RevokeBias", Time since last: 131796578 ns, Reaching safepoint: 523772 ns, At safepoint: 698081 ns, Total: 1221853 ns
[2020-09-11T17:01:48.465+0000][1][safepoint    ] Safepoint "RevokeBias", Time since last: 489311106 ns, Reaching safepoint: 168575 ns, At safepoint: 23634 ns, Total: 192209 ns
[2020-09-11T17:01:49.466+0000][1][safepoint    ] Safepoint "Cleanup", Time since last: 1000113443 ns, Reaching safepoint: 165423 ns, At safepoint: 19869 ns, Total: 185292 ns
[2020-09-11T17:01:50.466+0000][1][safepoint    ] Safepoint "Cleanup", Time since last: 1000153189 ns, Reaching safepoint: 153936 ns, At safepoint: 8142 ns, Total: 162078 ns
[2020-09-11T17:01:51.466+0000][1][safepoint    ] Safepoint "Cleanup", Time since last: 1000166829 ns, Reaching safepoint: 233670 ns, At safepoint: 18916 ns, Total: 252586 ns
[2020-09-11T17:01:52.467+0000][1][safepoint    ] Safepoint "Cleanup", Time since last: 1000216964 ns, Reaching safepoint: 154735 ns, At safepoint: 18155 ns, Total: 172890 ns
[2020-09-11T17:01:53.017+0000][1][safepoint    ] Safepoint "RevokeBias", Time since last: 549532023 ns, Reaching safepoint: 259749 ns, At safepoint: 386219 ns, Total: 645968 ns
[2020-09-11T17:01:53.499+0000][1][safepoint    ] Safepoint "RevokeBias", Time since last: 481095899 ns, Reaching safepoint: 239627 ns, At safepoint: 307533 ns, Total: 547160 ns
[2020-09-11T17:01:54.499+0000][1][safepoint    ] Safepoint "Cleanup", Time since last: 1000201799 ns, Reaching safepoint: 163288 ns, At safepoint: 18439 ns, Total: 181727 ns
[2020-09-11T17:01:55.502+0000][1][safepoint    ] Safepoint "Cleanup", Time since last: 1002427529 ns, Reaching safepoint: 156288 ns, At safepoint: 19121 ns, Total: 175409 ns
[2020-09-11T17:01:56.502+0000][1][safepoint    ] Safepoint "Cleanup", Time since last: 1000182122 ns, Reaching safepoint: 122152 ns, At safepoint: 7795 ns, Total: 129947 ns
[2020-09-11T17:01:57.502+0000][1][safepoint    ] Safepoint "Cleanup", Time since last: 1000168040 ns, Reaching safepoint: 126287 ns, At safepoint: 7591 ns, Total: 133878 ns
[2020-09-11T17:01:58.048+0000][1][safepoint    ] Safepoint "RevokeBias", Time since last: 545555384 ns, Reaching safepoint: 175867 ns, At safepoint: 23860 ns, Total: 199727 ns
[2020-09-11T17:01:58.523+0000][1][safepoint    ] Safepoint "RevokeBias", Time since last: 475033718 ns, Reaching safepoint: 224488 ns, At safepoint: 294581 ns, Total: 519069 ns
[2020-09-11T17:01:59.524+0000][1][safepoint    ] Safepoint "Cleanup", Time since last: 1000176494 ns, Reaching safepoint: 163412 ns, At safepoint: 19241 ns, Total: 182653 ns
[2020-09-11T17:02:00.524+0000][1][safepoint    ] Safepoint "Cleanup", Time since last: 1000227203 ns, Reaching safepoint: 147655 ns, At safepoint: 18890 ns, Total: 166545 ns
[2020-09-11T17:02:01.525+0000][1][safepoint    ] Safepoint "Cleanup", Time since last: 1000219457 ns, Reaching safepoint: 156399 ns, At safepoint: 18917 ns, Total: 175316 ns
[2020-09-11T17:02:02.525+0000][1][safepoint    ] Safepoint "Cleanup", Time since last: 1000174901 ns, Reaching safepoint: 166121 ns, At safepoint: 20674 ns, Total: 186795 ns
[2020-09-11T17:02:03.076+0000][1][safepoint    ] Safepoint "RevokeBias", Time since last: 550826100 ns, Reaching safepoint: 170320 ns, At safepoint: 21569 ns, Total: 191889 ns
[2020-09-11T17:02:03.545+0000][1][safepoint    ] Safepoint "RevokeBias", Time since last: 467828437 ns, Reaching safepoint: 726439 ns, At safepoint: 325528 ns, Total: 1051967 ns
[2020-09-11T17:02:04.545+0000][1][safepoint    ] Safepoint "Cleanup", Time since last: 1000199607 ns, Reaching safepoint: 113486 ns, At safepoint: 7601 ns, Total: 121087 ns
[2020-09-11T17:02:05.551+0000][1][safepoint    ] Safepoint "Cleanup", Time since last: 1005551063 ns, Reaching safepoint: 114368 ns, At safepoint: 7824 ns, Total: 122192 ns
[2020-09-11T17:02:06.551+0000][1][safepoint    ] Safepoint "Cleanup", Time since last: 1000172597 ns, Reaching safepoint: 118065 ns, At safepoint: 7640 ns, Total: 125705 ns
[2020-09-11T17:02:06.964+0000][1][gc,start     ] GC(109) Pause Young (Allocation Failure)
[2020-09-11T17:02:06.964+0000][1][gc,task      ] GC(109) Using 1 workers of 1 for evacuation
[2020-09-11T17:02:07.006+0000][1][gc,age       ] GC(109) Desired survivor size 4358144 bytes, new threshold 6 (max threshold 6)
[2020-09-11T17:02:07.006+0000][1][gc,age       ] GC(109) Age table with threshold 6 (max threshold 6)
[2020-09-11T17:02:07.006+0000][1][gc,age       ] GC(109) - age   1:     207424 bytes,     207424 total
[2020-09-11T17:02:07.006+0000][1][gc,age       ] GC(109) - age   2:      99872 bytes,     307296 total
[2020-09-11T17:02:07.006+0000][1][gc,age       ] GC(109) - age   3:      80168 bytes,     387464 total
[2020-09-11T17:02:07.006+0000][1][gc,age       ] GC(109) - age   4:      32136 bytes,     419600 total
[2020-09-11T17:02:07.006+0000][1][gc,age       ] GC(109) - age   5:      40104 bytes,     459704 total
[2020-09-11T17:02:07.006+0000][1][gc,age       ] GC(109) - age   6:      27192 bytes,     486896 total
[2020-09-11T17:02:07.006+0000][1][gc,heap      ] GC(109) ParNew: 68676K->493K(76672K)
[2020-09-11T17:02:07.006+0000][1][gc,heap      ] GC(109) CMS: 142488K->142503K(2011968K)
[2020-09-11T17:02:07.006+0000][1][gc,metaspace ] GC(109) Metaspace: 95430K->95430K(1136640K)
[2020-09-11T17:02:07.006+0000][1][gc           ] GC(109) Pause Young (Allocation Failure) 206M->139M(2039M) 42.407ms
[2020-09-11T17:02:07.006+0000][1][gc,cpu       ] GC(109) User=0.02s Sys=0.00s Real=0.04s
[2020-09-11T17:02:07.017+0000][1][safepoint    ] Safepoint "GenCollectForAllocation", Time since last: 412342200 ns, Reaching safepoint: 436389 ns, At safepoint: 53238098 ns, Total: 53674487 ns
[2020-09-11T17:02:08.025+0000][1][safepoint    ] Safepoint "Cleanup", Time since last: 1007369181 ns, Reaching safepoint: 116722 ns, At safepoint: 24263 ns, Total: 140985 ns
[2020-09-11T17:02:08.100+0000][1][safepoint    ] Safepoint "RevokeBias", Time since last: 75578415 ns, Reaching safepoint: 86663 ns, At safepoint: 22815 ns, Total: 109478 ns
[2020-09-11T17:02:08.577+0000][1][safepoint    ] Safepoint "RevokeBias", Time since last: 475750882 ns, Reaching safepoint: 228380 ns, At safepoint: 342341 ns, Total: 570721 ns
[2020-09-11T17:02:09.577+0000][1][safepoint    ] Safepoint "Cleanup", Time since last: 1000173781 ns, Reaching safepoint: 115455 ns, At safepoint: 9933 ns, Total: 125388 ns
[2020-09-11T17:02:13.131+0000][1][safepoint    ] Safepoint "RevokeBias", Time since last: 3553022201 ns, Reaching safepoint: 242140 ns, At safepoint: 332834 ns, Total: 574974 ns
[2020-09-11T17:02:13.634+0000][1][safepoint    ] Safepoint "RevokeBias", Time since last: 502721400 ns, Reaching safepoint: 224742 ns, At safepoint: 287636 ns, Total: 512378 ns
[2020-09-11T17:02:15.634+0000][1][safepoint    ] Safepoint "Cleanup", Time since last: 2000188742 ns, Reaching safepoint: 90663 ns, At safepoint: 7646 ns, Total: 98309 ns
[2020-09-11T17:02:16.634+0000][1][safepoint    ] Safepoint "Cleanup", Time since last: 1000118398 ns, Reaching safepoint: 92099 ns, At safepoint: 7811 ns, Total: 99910 ns
[2020-09-11T17:02:17.635+0000][1][safepoint    ] Safepoint "Cleanup", Time since last: 1000112572 ns, Reaching safepoint: 99583 ns, At safepoint: 5630 ns, Total: 105213 ns
[2020-09-11T17:02:18.190+0000][1][safepoint    ] Safepoint "BulkRevokeBias", Time since last: 554147589 ns, Reaching safepoint: 1070194 ns, At safepoint: 585436 ns, Total: 1655630 ns
[2020-09-11T17:02:18.672+0000][1][safepoint    ] Safepoint "RevokeBias", Time since last: 480623835 ns, Reaching safepoint: 246966 ns, At safepoint: 370819 ns, Total: 617785 ns
[2020-09-11T17:02:19.672+0000][1][safepoint    ] Safepoint "Cleanup", Time since last: 1000120688 ns, Reaching safepoint: 90665 ns, At safepoint: 8268 ns, Total: 98933 ns
[2020-09-11T17:02:20.672+0000][1][safepoint    ] Safepoint "Cleanup", Time since last: 1000120506 ns, Reaching safepoint: 97880 ns, At safepoint: 8561 ns, Total: 106441 ns
[2020-09-11T17:02:21.672+0000][1][safepoint    ] Safepoint "Cleanup", Time since last: 1000125359 ns, Reaching safepoint: 92114 ns, At safepoint: 9811 ns, Total: 101925 ns
[2020-09-11T17:02:23.224+0000][1][safepoint    ] Safepoint "RevokeBias", Time since last: 1550910547 ns, Reaching safepoint: 244638 ns, At safepoint: 304874 ns, Total: 549512 ns
[2020-09-11T17:02:23.734+0000][1][safepoint    ] Safepoint "RevokeBias", Time since last: 509492368 ns, Reaching safepoint: 795127 ns, At safepoint: 24995 ns, Total: 820122 ns
[2020-09-11T17:02:25.734+0000][1][safepoint    ] Safepoint "Cleanup", Time since last: 2000201979 ns, Reaching safepoint: 87932 ns, At safepoint: 8416 ns, Total: 96348 ns
[2020-09-11T17:02:26.101+0000][1][gc,start     ] GC(110) Pause Young (Allocation Failure)
[2020-09-11T17:02:26.101+0000][1][gc,task      ] GC(110) Using 1 workers of 1 for evacuation
[2020-09-11T17:02:26.133+0000][1][gc,age       ] GC(110) Desired survivor size 4358144 bytes, new threshold 6 (max threshold 6)
[2020-09-11T17:02:26.133+0000][1][gc,age       ] GC(110) Age table with threshold 6 (max threshold 6)
[2020-09-11T17:02:26.133+0000][1][gc,age       ] GC(110) - age   1:     394128 bytes,     394128 total
[2020-09-11T17:02:26.133+0000][1][gc,age       ] GC(110) - age   2:      28512 bytes,     422640 total
[2020-09-11T17:02:26.133+0000][1][gc,age       ] GC(110) - age   3:      47664 bytes,     470304 total
[2020-09-11T17:02:26.133+0000][1][gc,age       ] GC(110) - age   4:      79608 bytes,     549912 total
[2020-09-11T17:02:26.133+0000][1][gc,age       ] GC(110) - age   5:      32064 bytes,     581976 total
[2020-09-11T17:02:26.133+0000][1][gc,age       ] GC(110) - age   6:      40104 bytes,     622080 total
[2020-09-11T17:02:26.136+0000][1][gc,heap      ] GC(110) ParNew: 68653K->960K(76672K)
[2020-09-11T17:02:26.136+0000][1][gc,heap      ] GC(110) CMS: 142503K->142530K(2011968K)
[2020-09-11T17:02:26.136+0000][1][gc,metaspace ] GC(110) Metaspace: 95471K->95471K(1136640K)
[2020-09-11T17:02:26.136+0000][1][gc           ] GC(110) Pause Young (Allocation Failure) 206M->140M(2039M) 35.520ms
[2020-09-11T17:02:26.136+0000][1][gc,cpu       ] GC(110) User=0.02s Sys=0.00s Real=0.03s
[2020-09-11T17:02:26.137+0000][1][safepoint    ] Safepoint "GenCollectForAllocation", Time since last: 363542200 ns, Reaching safepoint: 2994597 ns, At safepoint: 35698770 ns, Total: 38693367 ns
[2020-09-11T17:02:27.140+0000][1][safepoint    ] Safepoint "Cleanup", Time since last: 1003573297 ns, Reaching safepoint: 86779 ns, At safepoint: 17913 ns, Total: 104692 ns
[2020-09-11T17:02:28.140+0000][1][safepoint    ] Safepoint "Cleanup", Time since last: 1000105919 ns, Reaching safepoint: 90549 ns, At safepoint: 7388 ns, Total: 97937 ns
[2020-09-11T17:02:28.267+0000][1][safepoint    ] Safepoint "RevokeBias", Time since last: 126378352 ns, Reaching safepoint: 84721 ns, At safepoint: 22574 ns, Total: 107295 ns
[2020-09-11T17:02:28.780+0000][1][safepoint    ] Safepoint "RevokeBias", Time since last: 513349296 ns, Reaching safepoint: 93614 ns, At safepoint: 25420 ns, Total: 119034 ns
[2020-09-11T17:02:29.781+0000][1][safepoint    ] Safepoint "Cleanup", Time since last: 1000123871 ns, Reaching safepoint: 100434 ns, At safepoint: 10903 ns, Total: 111337 ns
[2020-09-11T17:02:30.781+0000][1][safepoint    ] Safepoint "Cleanup", Time since last: 1000125448 ns, Reaching safepoint: 92147 ns, At safepoint: 11015 ns, Total: 103162 ns
[2020-09-11T17:02:31.781+0000][1][safepoint    ] Safepoint "Cleanup", Time since last: 1000116464 ns, Reaching safepoint: 91382 ns, At safepoint: 9843 ns, Total: 101225 ns
[2020-09-11T17:02:32.781+0000][1][safepoint    ] Safepoint "Cleanup", Time since last: 1000118732 ns, Reaching safepoint: 96337 ns, At safepoint: 8863 ns, Total: 105200 ns
[2020-09-11T17:02:33.285+0000][1][safepoint    ] Safepoint "RevokeBias", Time since last: 503161406 ns, Reaching safepoint: 423537 ns, At safepoint: 350219 ns, Total: 773756 ns
[2020-09-11T17:02:33.800+0000][1][safepoint    ] Safepoint "RevokeBias", Time since last: 513742706 ns, Reaching safepoint: 235601 ns, At safepoint: 382071 ns, Total: 617672 ns
[2020-09-11T17:02:34.801+0000][1][safepoint    ] Safepoint "Cleanup", Time since last: 1000107875 ns, Reaching safepoint: 959206 ns, At safepoint: 9367 ns, Total: 968573 ns
[2020-09-11T17:02:35.803+0000][1][safepoint    ] Safepoint "Cleanup", Time since last: 1002389113 ns, Reaching safepoint: 95073 ns, At safepoint: 9527 ns, Total: 104600 ns
[2020-09-11T17:02:37.804+0000][1][safepoint    ] Safepoint "Cleanup", Time since last: 2000185249 ns, Reaching safepoint: 113040 ns, At safepoint: 10517 ns, Total: 123557 ns
[2020-09-11T17:02:38.319+0000][1][safepoint    ] Safepoint "RevokeBias", Time since last: 515342999 ns, Reaching safepoint: 82177 ns, At safepoint: 21235 ns, Total: 103412 ns
[2020-09-11T17:02:38.836+0000][1][safepoint    ] Safepoint "RevokeBias", Time since last: 517288571 ns, Reaching safepoint: 181235 ns, At safepoint: 25304 ns, Total: 206539 ns
[2020-09-11T17:02:41.837+0000][1][safepoint    ] Safepoint "Cleanup", Time since last: 3000280511 ns, Reaching safepoint: 108071 ns, At safepoint: 6637 ns, Total: 114708 ns
[2020-09-11T17:02:43.358+0000][1][safepoint    ] Safepoint "RevokeBias", Time since last: 1520214534 ns, Reaching safepoint: 231439 ns, At safepoint: 318299 ns, Total: 549738 ns
[2020-09-11T17:02:43.877+0000][1][safepoint    ] Safepoint "RevokeBias", Time since last: 517910129 ns, Reaching safepoint: 1336548 ns, At safepoint: 30251 ns, Total: 1366799 ns
[2020-09-11T17:02:45.821+0000][1][safepoint    ] Safepoint "Cleanup", Time since last: 1943993467 ns, Reaching safepoint: 96228 ns, At safepoint: 10138 ns, Total: 106366 ns
[2020-09-11T17:02:46.821+0000][1][safepoint    ] Safepoint "Cleanup", Time since last: 1000116094 ns, Reaching safepoint: 93609 ns, At safepoint: 11239 ns, Total: 104848 ns
[2020-09-11T17:02:47.821+0000][1][safepoint    ] Safepoint "Cleanup", Time since last: 1000113335 ns, Reaching safepoint: 93026 ns, At safepoint: 7867 ns, Total: 100893 ns
[2020-09-11T17:02:48.421+0000][1][safepoint    ] Safepoint "RevokeBias", Time since last: 599636987 ns, Reaching safepoint: 157351 ns, At safepoint: 24653 ns, Total: 182004 ns
[2020-09-11T17:02:48.917+0000][1][safepoint    ] Safepoint "RevokeBias", Time since last: 495081888 ns, Reaching safepoint: 230002 ns, At safepoint: 293551 ns, Total: 523553 ns
[2020-09-11T17:02:49.917+0000][1][safepoint    ] Safepoint "Cleanup", Time since last: 1000111991 ns, Reaching safepoint: 94456 ns, At safepoint: 10573 ns, Total: 105029 ns
[2020-09-11T17:02:50.533+0000][1][gc,start     ] GC(111) Pause Young (Allocation Failure)
[2020-09-11T17:02:50.533+0000][1][gc,task      ] GC(111) Using 1 workers of 1 for evacuation
[2020-09-11T17:02:50.560+0000][1][gc,age       ] GC(111) Desired survivor size 4358144 bytes, new threshold 6 (max threshold 6)
[2020-09-11T17:02:50.560+0000][1][gc,age       ] GC(111) Age table with threshold 6 (max threshold 6)
[2020-09-11T17:02:50.560+0000][1][gc,age       ] GC(111) - age   1:     306632 bytes,     306632 total
[2020-09-11T17:02:50.560+0000][1][gc,age       ] GC(111) - age   2:      47848 bytes,     354480 total
[2020-09-11T17:02:50.560+0000][1][gc,age       ] GC(111) - age   3:      20424 bytes,     374904 total
[2020-09-11T17:02:50.560+0000][1][gc,age       ] GC(111) - age   4:      18600 bytes,     393504 total
[2020-09-11T17:02:50.560+0000][1][gc,age       ] GC(111) - age   5:      79568 bytes,     473072 total
[2020-09-11T17:02:50.560+0000][1][gc,age       ] GC(111) - age   6:      32064 bytes,     505136 total
[2020-09-11T17:02:50.560+0000][1][gc,heap      ] GC(111) ParNew: 69120K->575K(76672K)
[2020-09-11T17:02:50.560+0000][1][gc,heap      ] GC(111) CMS: 142530K->142569K(2011968K)
[2020-09-11T17:02:50.560+0000][1][gc,metaspace ] GC(111) Metaspace: 95517K->95517K(1136640K)
[2020-09-11T17:02:50.560+0000][1][gc           ] GC(111) Pause Young (Allocation Failure) 206M->139M(2039M) 27.141ms
[2020-09-11T17:02:50.560+0000][1][gc,cpu       ] GC(111) User=0.01s Sys=0.00s Real=0.03s
[2020-09-11T17:02:50.565+0000][1][safepoint    ] Safepoint "GenCollectForAllocation", Time since last: 615308751 ns, Reaching safepoint: 153685 ns, At safepoint: 32292312 ns, Total: 32445997 ns
[2020-09-11T17:02:51.569+0000][1][safepoint    ] Safepoint "Cleanup", Time since last: 1004199095 ns, Reaching safepoint: 157185 ns, At safepoint: 21014 ns, Total: 178199 ns
[2020-09-11T17:02:53.458+0000][1][safepoint    ] Safepoint "RevokeBias", Time since last: 1888226504 ns, Reaching safepoint: 96244 ns, At safepoint: 24818 ns, Total: 121062 ns
[2020-09-11T17:02:53.943+0000][1][safepoint    ] Safepoint "RevokeBias", Time since last: 485260214 ns, Reaching safepoint: 83016 ns, At safepoint: 21637 ns, Total: 104653 ns
[2020-09-11T17:02:54.943+0000][1][safepoint    ] Safepoint "Cleanup", Time since last: 1000116271 ns, Reaching safepoint: 96106 ns, At safepoint: 10652 ns, Total: 106758 ns
[2020-09-11T17:02:57.944+0000][1][safepoint    ] Safepoint "Cleanup", Time since last: 3000553890 ns, Reaching safepoint: 95857 ns, At safepoint: 10149 ns, Total: 106006 ns
[2020-09-11T17:02:58.476+0000][1][safepoint    ] Safepoint "RevokeBias", Time since last: 531126166 ns, Reaching safepoint: 655095 ns, At safepoint: 319865 ns, Total: 974960 ns
[2020-09-11T17:02:58.983+0000][1][safepoint    ] Safepoint "RevokeBias", Time since last: 506888079 ns, Reaching safepoint: 243810 ns, At safepoint: 354023 ns, Total: 597833 ns
[2020-09-11T17:03:03.504+0000][1][safepoint    ] Safepoint "RevokeBias", Time since last: 4520391696 ns, Reaching safepoint: 231553 ns, At safepoint: 269407 ns, Total: 500960 ns
[2020-09-11T17:03:04.008+0000][1][safepoint    ] Safepoint "RevokeBias", Time since last: 503243541 ns, Reaching safepoint: 246761 ns, At safepoint: 341330 ns, Total: 588091 ns
[2020-09-11T17:03:05.008+0000][1][safepoint    ] Safepoint "Cleanup", Time since last: 1000142683 ns, Reaching safepoint: 94024 ns, At safepoint: 10766 ns, Total: 104790 ns
[2020-09-11T17:03:06.009+0000][1][safepoint    ] Safepoint "Cleanup", Time since last: 1000120315 ns, Reaching safepoint: 92469 ns, At safepoint: 11158 ns, Total: 103627 ns
[2020-09-11T17:03:07.009+0000][1][safepoint    ] Safepoint "Cleanup", Time since last: 1000112081 ns, Reaching safepoint: 106154 ns, At safepoint: 6009 ns, Total: 112163 ns
[2020-09-11T17:03:07.337+0000][1][gc,start     ] GC(112) Pause Young (Allocation Failure)
[2020-09-11T17:03:07.337+0000][1][gc,task      ] GC(112) Using 1 workers of 1 for evacuation
[2020-09-11T17:03:07.364+0000][1][gc,age       ] GC(112) Desired survivor size 4358144 bytes, new threshold 6 (max threshold 6)
[2020-09-11T17:03:07.364+0000][1][gc,age       ] GC(112) Age table with threshold 6 (max threshold 6)
[2020-09-11T17:03:07.365+0000][1][gc,age       ] GC(112) - age   1:     235872 bytes,     235872 total
[2020-09-11T17:03:07.365+0000][1][gc,age       ] GC(112) - age   2:     190920 bytes,     426792 total
[2020-09-11T17:03:07.365+0000][1][gc,age       ] GC(112) - age   3:      44072 bytes,     470864 total
[2020-09-11T17:03:07.365+0000][1][gc,age       ] GC(112) - age   4:      17856 bytes,     488720 total
[2020-09-11T17:03:07.365+0000][1][gc,age       ] GC(112) - age   5:      18600 bytes,     507320 total
[2020-09-11T17:03:07.365+0000][1][gc,age       ] GC(112) - age   6:      79568 bytes,     586888 total
[2020-09-11T17:03:07.365+0000][1][gc,heap      ] GC(112) ParNew: 68735K->1027K(76672K)
[2020-09-11T17:03:07.365+0000][1][gc,heap      ] GC(112) CMS: 142569K->142601K(2011968K)
[2020-09-11T17:03:07.365+0000][1][gc,metaspace ] GC(112) Metaspace: 95571K->95571K(1136640K)
[2020-09-11T17:03:07.365+0000][1][gc           ] GC(112) Pause Young (Allocation Failure) 206M->140M(2039M) 27.715ms
[2020-09-11T17:03:07.365+0000][1][gc,cpu       ] GC(112) User=0.02s Sys=0.00s Real=0.03s
[2020-09-11T17:03:07.365+0000][1][safepoint    ] Safepoint "GenCollectForAllocation", Time since last: 325749141 ns, Reaching safepoint: 2333057 ns, At safepoint: 27794465 ns, Total: 30127522 ns
[2020-09-11T17:03:08.535+0000][1][safepoint    ] Safepoint "RevokeBias", Time since last: 1169888590 ns, Reaching safepoint: 195347 ns, At safepoint: 29039 ns, Total: 224386 ns
[2020-09-11T17:03:09.060+0000][1][safepoint    ] Safepoint "RevokeBias", Time since last: 524269142 ns, Reaching safepoint: 245788 ns, At safepoint: 349690 ns, Total: 595478 ns
[2020-09-11T17:03:10.060+0000][1][safepoint    ] Safepoint "Cleanup", Time since last: 1000126770 ns, Reaching safepoint: 94183 ns, At safepoint: 11881 ns, Total: 106064 ns
[2020-09-11T17:03:13.564+0000][1][safepoint    ] Safepoint "RevokeBias", Time since last: 3504350786 ns, Reaching safepoint: 189140 ns, At safepoint: 59025 ns, Total: 248165 ns
[2020-09-11T17:03:14.088+0000][1][safepoint    ] Safepoint "RevokeBias", Time since last: 522649711 ns, Reaching safepoint: 245150 ns, At safepoint: 357585 ns, Total: 602735 ns
[2020-09-11T17:03:15.088+0000][1][safepoint    ] Safepoint "Cleanup", Time since last: 1000126303 ns, Reaching safepoint: 91968 ns, At safepoint: 10611 ns, Total: 102579 ns
[2020-09-11T17:03:16.088+0000][1][safepoint    ] Safepoint "Cleanup", Time since last: 1000123658 ns, Reaching safepoint: 94928 ns, At safepoint: 11986 ns, Total: 106914 ns
[2020-09-11T17:03:17.088+0000][1][safepoint    ] Safepoint "Cleanup", Time since last: 1000121230 ns, Reaching safepoint: 90879 ns, At safepoint: 8711 ns, Total: 99590 ns
[2020-09-11T17:03:18.089+0000][1][safepoint    ] Safepoint "Cleanup", Time since last: 1000144503 ns, Reaching safepoint: 106498 ns, At safepoint: 13055 ns, Total: 119553 ns
[2020-09-11T17:03:18.594+0000][1][safepoint    ] Safepoint "RevokeBias", Time since last: 504660590 ns, Reaching safepoint: 308743 ns, At safepoint: 29972 ns, Total: 338715 ns
[2020-09-11T17:03:19.123+0000][1][safepoint    ] Safepoint "RevokeBias", Time since last: 529194443 ns, Reaching safepoint: 248872 ns, At safepoint: 344654 ns, Total: 593526 ns
[2020-09-11T17:03:20.124+0000][1][safepoint    ] Safepoint "Cleanup", Time since last: 1000125675 ns, Reaching safepoint: 100184 ns, At safepoint: 12018 ns, Total: 112202 ns
[2020-09-11T17:03:21.124+0000][1][safepoint    ] Safepoint "Cleanup", Time since last: 1000117979 ns, Reaching safepoint: 90731 ns, At safepoint: 11427 ns, Total: 102158 ns
[2020-09-11T17:03:22.124+0000][1][safepoint    ] Safepoint "Cleanup", Time since last: 1000117451 ns, Reaching safepoint: 93735 ns, At safepoint: 11542 ns, Total: 105277 ns
[2020-09-11T17:03:22.621+0000][1][safepoint    ] Safepoint "RevokeBias", Time since last: 497039118 ns, Reaching safepoint: 167005 ns, At safepoint: 21229 ns, Total: 188234 ns
[2020-09-11T17:03:22.639+0000][1][safepoint    ] Safepoint "RevokeBias", Time since last: 16456328 ns, Reaching safepoint: 665985 ns, At safepoint: 23840 ns, Total: 689825 ns
[2020-09-11T17:03:22.652+0000][1][safepoint    ] Safepoint "RevokeBias", Time since last: 9665431 ns, Reaching safepoint: 3822489 ns, At safepoint: 30230 ns, Total: 3852719 ns
[2020-09-11T17:03:23.650+0000][1][safepoint    ] Safepoint "RevokeBias", Time since last: 997579591 ns, Reaching safepoint: 263523 ns, At safepoint: 350317 ns, Total: 613840 ns
[2020-09-11T17:03:24.153+0000][1][safepoint    ] Safepoint "RevokeBias", Time since last: 502373084 ns, Reaching safepoint: 205831 ns, At safepoint: 26945 ns, Total: 232776 ns
[2020-09-11T17:03:24.784+0000][1][gc,start     ] GC(113) Pause Young (Allocation Failure)
[2020-09-11T17:03:24.784+0000][1][gc,task      ] GC(113) Using 1 workers of 1 for evacuation
[2020-09-11T17:03:24.814+0000][1][gc,age       ] GC(113) Desired survivor size 4358144 bytes, new threshold 6 (max threshold 6)
[2020-09-11T17:03:24.815+0000][1][gc,age       ] GC(113) Age table with threshold 6 (max threshold 6)
[2020-09-11T17:03:24.815+0000][1][gc,age       ] GC(113) - age   1:     360200 bytes,     360200 total
[2020-09-11T17:03:24.815+0000][1][gc,age       ] GC(113) - age   2:      60888 bytes,     421088 total
[2020-09-11T17:03:24.815+0000][1][gc,age       ] GC(113) - age   3:     157384 bytes,     578472 total
[2020-09-11T17:03:24.815+0000][1][gc,age       ] GC(113) - age   4:      43496 bytes,     621968 total
[2020-09-11T17:03:24.815+0000][1][gc,age       ] GC(113) - age   5:      17856 bytes,     639824 total
[2020-09-11T17:03:24.815+0000][1][gc,age       ] GC(113) - age   6:      18568 bytes,     658392 total
[2020-09-11T17:03:24.815+0000][1][gc,heap      ] GC(113) ParNew: 69187K->686K(76672K)
[2020-09-11T17:03:24.815+0000][1][gc,heap      ] GC(113) CMS: 142601K->142678K(2011968K)
[2020-09-11T17:03:24.815+0000][1][gc,metaspace ] GC(113) Metaspace: 95666K->95666K(1136640K)
[2020-09-11T17:03:24.815+0000][1][gc           ] GC(113) Pause Young (Allocation Failure) 206M->140M(2039M) 31.111ms
[2020-09-11T17:03:24.815+0000][1][gc,cpu       ] GC(113) User=0.02s Sys=0.00s Real=0.03s
[2020-09-11T17:03:24.815+0000][1][safepoint    ] Safepoint "GenCollectForAllocation", Time since last: 627642045 ns, Reaching safepoint: 3006544 ns, At safepoint: 31255453 ns, Total: 34261997 ns
[2020-09-11T17:03:25.824+0000][1][safepoint    ] Safepoint "Cleanup", Time since last: 1009282748 ns, Reaching safepoint: 92206 ns, At safepoint: 26719 ns, Total: 118925 ns
[2020-09-11T17:03:26.824+0000][1][safepoint    ] Safepoint "Cleanup", Time since last: 1000120338 ns, Reaching safepoint: 91814 ns, At safepoint: 10429 ns, Total: 102243 ns
[2020-09-11T17:03:27.825+0000][1][safepoint    ] Safepoint "Cleanup", Time since last: 1000118069 ns, Reaching safepoint: 97478 ns, At safepoint: 11600 ns, Total: 109078 ns
[2020-09-11T17:03:28.673+0000][1][safepoint    ] Safepoint "RevokeBias", Time since last: 847428605 ns, Reaching safepoint: 243835 ns, At safepoint: 354329 ns, Total: 598164 ns
[2020-09-11T17:03:29.167+0000][1][safepoint    ] Safepoint "BulkRevokeBias", Time since last: 493466420 ns, Reaching safepoint: 247209 ns, At safepoint: 584693 ns, Total: 831902 ns
[2020-09-11T17:03:30.167+0000][1][safepoint    ] Safepoint "Cleanup", Time since last: 1000134176 ns, Reaching safepoint: 93498 ns, At safepoint: 11148 ns, Total: 104646 ns
[2020-09-11T17:03:31.167+0000][1][safepoint    ] Safepoint "Cleanup", Time since last: 1000120064 ns, Reaching safepoint: 96743 ns, At safepoint: 11569 ns, Total: 108312 ns
[2020-09-11T17:03:32.168+0000][1][safepoint    ] Safepoint "Cleanup", Time since last: 1000116312 ns, Reaching safepoint: 89502 ns, At safepoint: 11055 ns, Total: 100557 ns
[2020-09-11T17:03:33.168+0000][1][safepoint    ] Safepoint "Cleanup", Time since last: 1000118801 ns, Reaching safepoint: 88142 ns, At safepoint: 10487 ns, Total: 98629 ns
[2020-09-11T17:03:33.715+0000][1][safepoint    ] Safepoint "RevokeBias", Time since last: 546908818 ns, Reaching safepoint: 233401 ns, At safepoint: 324350 ns, Total: 557751 ns
[2020-09-11T17:03:34.204+0000][1][safepoint    ] Safepoint "RevokeBias", Time since last: 488800543 ns, Reaching safepoint: 172498 ns, At safepoint: 28833 ns, Total: 201331 ns
[2020-09-11T17:03:35.205+0000][1][safepoint    ] Safepoint "Cleanup", Time since last: 1000160204 ns, Reaching safepoint: 100741 ns, At safepoint: 10311 ns, Total: 111052 ns
[2020-09-11T17:03:36.205+0000][1][safepoint    ] Safepoint "Cleanup", Time since last: 1000120648 ns, Reaching safepoint: 111543 ns, At safepoint: 10566 ns, Total: 122109 ns
[2020-09-11T17:03:37.205+0000][1][safepoint    ] Safepoint "Cleanup", Time since last: 1000126150 ns, Reaching safepoint: 98993 ns, At safepoint: 17059 ns, Total: 116052 ns
[2020-09-11T17:03:38.205+0000][1][safepoint    ] Safepoint "Cleanup", Time since last: 1000116412 ns, Reaching safepoint: 97600 ns, At safepoint: 11954 ns, Total: 109554 ns
[2020-09-11T17:03:38.727+0000][1][safepoint    ] Safepoint "RevokeBias", Time since last: 521390908 ns, Reaching safepoint: 232947 ns, At safepoint: 324625 ns, Total: 557572 ns
[2020-09-11T17:03:39.235+0000][1][safepoint    ] Safepoint "RevokeBias", Time since last: 505986890 ns, Reaching safepoint: 1333971 ns, At safepoint: 316335 ns, Total: 1650306 ns
[2020-09-11T17:03:40.235+0000][1][safepoint    ] Safepoint "Cleanup", Time since last: 1000124208 ns, Reaching safepoint: 87596 ns, At safepoint: 11852 ns, Total: 99448 ns
[2020-09-11T17:03:41.235+0000][1][safepoint    ] Safepoint "Cleanup", Time since last: 1000128694 ns, Reaching safepoint: 88296 ns, At safepoint: 10962 ns, Total: 99258 ns
[2020-09-11T17:03:42.236+0000][1][safepoint    ] Safepoint "Cleanup", Time since last: 1000119123 ns, Reaching safepoint: 112186 ns, At safepoint: 12135 ns, Total: 124321 ns
[2020-09-11T17:03:43.236+0000][1][safepoint    ] Safepoint "Cleanup", Time since last: 1000115803 ns, Reaching safepoint: 87895 ns, At safepoint: 10963 ns, Total: 98858 ns
[2020-09-11T17:03:43.757+0000][1][safepoint    ] Safepoint "RevokeBias", Time since last: 521082196 ns, Reaching safepoint: 230110 ns, At safepoint: 352348 ns, Total: 582458 ns
[2020-09-11T17:03:44.259+0000][1][safepoint    ] Safepoint "RevokeBias", Time since last: 501027876 ns, Reaching safepoint: 176478 ns, At safepoint: 27700 ns, Total: 204178 ns
[2020-09-11T17:03:45.259+0000][1][safepoint    ] Safepoint "Cleanup", Time since last: 1000116566 ns, Reaching safepoint: 85608 ns, At safepoint: 10142 ns, Total: 95750 ns
[2020-09-11T17:03:46.259+0000][1][safepoint    ] Safepoint "Cleanup", Time since last: 1000118243 ns, Reaching safepoint: 96012 ns, At safepoint: 9179 ns, Total: 105191 ns
[2020-09-11T17:03:46.985+0000][1][gc,start     ] GC(114) Pause Young (Allocation Failure)
[2020-09-11T17:03:46.985+0000][1][gc,task      ] GC(114) Using 1 workers of 1 for evacuation
[2020-09-11T17:03:47.025+0000][1][gc,age       ] GC(114) Desired survivor size 4358144 bytes, new threshold 6 (max threshold 6)
[2020-09-11T17:03:47.025+0000][1][gc,age       ] GC(114) Age table with threshold 6 (max threshold 6)
[2020-09-11T17:03:47.025+0000][1][gc,age       ] GC(114) - age   1:     314584 bytes,     314584 total
[2020-09-11T17:03:47.025+0000][1][gc,age       ] GC(114) - age   2:     144672 bytes,     459256 total
[2020-09-11T17:03:47.025+0000][1][gc,age       ] GC(114) - age   3:      27160 bytes,     486416 total
[2020-09-11T17:03:47.025+0000][1][gc,age       ] GC(114) - age   4:      13848 bytes,     500264 total
[2020-09-11T17:03:47.025+0000][1][gc,age       ] GC(114) - age   5:      43496 bytes,     543760 total
[2020-09-11T17:03:47.025+0000][1][gc,age       ] GC(114) - age   6:      17856 bytes,     561616 total
[2020-09-11T17:03:47.025+0000][1][gc,heap      ] GC(114) ParNew: 68846K->568K(76672K)
[2020-09-11T17:03:47.025+0000][1][gc,heap      ] GC(114) CMS: 142678K->142697K(2011968K)
[2020-09-11T17:03:47.025+0000][1][gc,metaspace ] GC(114) Metaspace: 95713K->95713K(1136640K)
[2020-09-11T17:03:47.026+0000][1][gc           ] GC(114) Pause Young (Allocation Failure) 206M->139M(2039M) 40.608ms
[2020-09-11T17:03:47.026+0000][1][gc,cpu       ] GC(114) User=0.02s Sys=0.00s Real=0.04s
[2020-09-11T17:03:47.026+0000][1][safepoint    ] Safepoint "GenCollectForAllocation", Time since last: 721686006 ns, Reaching safepoint: 4094295 ns, At safepoint: 40688932 ns, Total: 44783227 ns
[2020-09-11T17:03:48.049+0000][1][safepoint    ] Safepoint "Cleanup", Time since last: 1023411664 ns, Reaching safepoint: 98370 ns, At safepoint: 11562 ns, Total: 109932 ns
[2020-09-11T17:03:48.789+0000][1][safepoint    ] Safepoint "RevokeBias", Time since last: 735904861 ns, Reaching safepoint: 3859183 ns, At safepoint: 43350 ns, Total: 3902533 ns
[2020-09-11T17:03:49.375+0000][1][safepoint    ] Safepoint "RevokeBias", Time since last: 584862667 ns, Reaching safepoint: 1208949 ns, At safepoint: 281491 ns, Total: 1490440 ns
[2020-09-11T17:03:50.375+0000][1][safepoint    ] Safepoint "Cleanup", Time since last: 1000121651 ns, Reaching safepoint: 93220 ns, At safepoint: 11233 ns, Total: 104453 ns
[2020-09-11T17:03:52.376+0000][1][safepoint    ] Safepoint "Cleanup", Time since last: 2000196017 ns, Reaching safepoint: 90646 ns, At safepoint: 8584 ns, Total: 99230 ns
[2020-09-11T17:03:52.857+0000][1][safepoint    ] Safepoint "RevokeBias", Time since last: 480849984 ns, Reaching safepoint: 75892 ns, At safepoint: 19162 ns, Total: 95054 ns
[2020-09-11T17:03:53.819+0000][1][safepoint    ] Safepoint "RevokeBias", Time since last: 961846300 ns, Reaching safepoint: 244009 ns, At safepoint: 317475 ns, Total: 561484 ns
[2020-09-11T17:03:54.399+0000][1][safepoint    ] Safepoint "RevokeBias", Time since last: 579904870 ns, Reaching safepoint: 94914 ns, At safepoint: 29281 ns, Total: 124195 ns
[2020-09-11T17:03:55.399+0000][1][safepoint    ] Safepoint "Cleanup", Time since last: 1000125239 ns, Reaching safepoint: 95184 ns, At safepoint: 12040 ns, Total: 107224 ns
[2020-09-11T17:03:58.400+0000][1][safepoint    ] Safepoint "Cleanup", Time since last: 3000305535 ns, Reaching safepoint: 98460 ns, At safepoint: 11670 ns, Total: 110130 ns
[2020-09-11T17:03:58.854+0000][1][safepoint    ] Safepoint "RevokeBias", Time since last: 453056986 ns, Reaching safepoint: 937749 ns, At safepoint: 25810 ns, Total: 963559 ns
[2020-09-11T17:03:59.441+0000][1][safepoint    ] Safepoint "RevokeBias", Time since last: 586906173 ns, Reaching safepoint: 261157 ns, At safepoint: 307030 ns, Total: 568187 ns
[2020-09-11T17:04:00.445+0000][1][safepoint    ] Safepoint "Cleanup", Time since last: 1003185927 ns, Reaching safepoint: 103610 ns, At safepoint: 13686 ns, Total: 117296 ns
[2020-09-11T17:04:03.877+0000][1][safepoint    ] Safepoint "RevokeBias", Time since last: 3432379669 ns, Reaching safepoint: 168386 ns, At safepoint: 26753 ns, Total: 195139 ns
[2020-09-11T17:04:04.480+0000][1][safepoint    ] Safepoint "RevokeBias", Time since last: 601792041 ns, Reaching safepoint: 252704 ns, At safepoint: 354676 ns, Total: 607380 ns
[2020-09-11T17:04:05.480+0000][1][safepoint    ] Safepoint "Cleanup", Time since last: 1000117609 ns, Reaching safepoint: 96818 ns, At safepoint: 10833 ns, Total: 107651 ns
[2020-09-11T17:04:07.220+0000][1][gc,start     ] GC(115) Pause Young (Allocation Failure)
[2020-09-11T17:04:07.220+0000][1][gc,task      ] GC(115) Using 1 workers of 1 for evacuation
[2020-09-11T17:04:07.257+0000][1][gc,age       ] GC(115) Desired survivor size 4358144 bytes, new threshold 6 (max threshold 6)
[2020-09-11T17:04:07.257+0000][1][gc,age       ] GC(115) Age table with threshold 6 (max threshold 6)
[2020-09-11T17:04:07.257+0000][1][gc,age       ] GC(115) - age   1:     249192 bytes,     249192 total
[2020-09-11T17:04:07.257+0000][1][gc,age       ] GC(115) - age   2:     216880 bytes,     466072 total
[2020-09-11T17:04:07.257+0000][1][gc,age       ] GC(115) - age   3:     110368 bytes,     576440 total
[2020-09-11T17:04:07.257+0000][1][gc,age       ] GC(115) - age   4:       7096 bytes,     583536 total
[2020-09-11T17:04:07.257+0000][1][gc,age       ] GC(115) - age   5:      11240 bytes,     594776 total
[2020-09-11T17:04:07.257+0000][1][gc,age       ] GC(115) - age   6:      43336 bytes,     638112 total
[2020-09-11T17:04:07.257+0000][1][gc,heap      ] GC(115) ParNew: 68728K->1106K(76672K)
[2020-09-11T17:04:07.257+0000][1][gc,heap      ] GC(115) CMS: 142697K->142714K(2011968K)
[2020-09-11T17:04:07.257+0000][1][gc,metaspace ] GC(115) Metaspace: 95739K->95739K(1136640K)
[2020-09-11T17:04:07.257+0000][1][gc           ] GC(115) Pause Young (Allocation Failure) 206M->140M(2039M) 37.589ms
[2020-09-11T17:04:07.257+0000][1][gc,cpu       ] GC(115) User=0.01s Sys=0.00s Real=0.04s
[2020-09-11T17:04:07.257+0000][1][safepoint    ] Safepoint "GenCollectForAllocation", Time since last: 1739505716 ns, Reaching safepoint: 217183 ns, At safepoint: 37718786 ns, Total: 37935969 ns
[2020-09-11T17:04:08.265+0000][1][safepoint    ] Safepoint "Cleanup", Time since last: 1007689562 ns, Reaching safepoint: 121061 ns, At safepoint: 12045 ns, Total: 133106 ns
[2020-09-11T17:04:08.933+0000][1][safepoint    ] Safepoint "RevokeBias", Time since last: 667941457 ns, Reaching safepoint: 180252 ns, At safepoint: 29268 ns, Total: 209520 ns
[2020-09-11T17:04:09.523+0000][1][safepoint    ] Safepoint "RevokeBias", Time since last: 589484297 ns, Reaching safepoint: 235111 ns, At safepoint: 297214 ns, Total: 532325 ns
[2020-09-11T17:04:12.524+0000][1][safepoint    ] Safepoint "Cleanup", Time since last: 3000391388 ns, Reaching safepoint: 111399 ns, At safepoint: 7494 ns, Total: 118893 ns
[2020-09-11T17:04:13.524+0000][1][safepoint    ] Safepoint "Cleanup", Time since last: 1000640039 ns, Reaching safepoint: 95138 ns, At safepoint: 9307 ns, Total: 104445 ns
[2020-09-11T17:04:13.954+0000][1][safepoint    ] Safepoint "RevokeBias", Time since last: 428693359 ns, Reaching safepoint: 241995 ns, At safepoint: 338365 ns, Total: 580360 ns
[2020-09-11T17:04:14.560+0000][1][safepoint    ] Safepoint "RevokeBias", Time since last: 605392808 ns, Reaching safepoint: 253806 ns, At safepoint: 363374 ns, Total: 617180 ns
[2020-09-11T17:04:15.565+0000][1][safepoint    ] Safepoint "Cleanup", Time since last: 1005252715 ns, Reaching safepoint: 96381 ns, At safepoint: 11626 ns, Total: 108007 ns
[2020-09-11T17:04:16.565+0000][1][safepoint    ] Safepoint "Cleanup", Time since last: 1000120248 ns, Reaching safepoint: 93140 ns, At safepoint: 11601 ns, Total: 104741 ns
[2020-09-11T17:04:17.566+0000][1][safepoint    ] Safepoint "Cleanup", Time since last: 1000113537 ns, Reaching safepoint: 121453 ns, At safepoint: 15298 ns, Total: 136751 ns
[2020-09-11T17:04:18.988+0000][1][safepoint    ] Safepoint "RevokeBias", Time since last: 1422152209 ns, Reaching safepoint: 244818 ns, At safepoint: 322799 ns, Total: 567617 ns
[2020-09-11T17:04:19.596+0000][1][safepoint    ] Safepoint "RevokeBias", Time since last: 607020975 ns, Reaching safepoint: 235607 ns, At safepoint: 288431 ns, Total: 524038 ns
[2020-09-11T17:04:22.596+0000][1][safepoint    ] Safepoint "Cleanup", Time since last: 3000287844 ns, Reaching safepoint: 95215 ns, At safepoint: 12274 ns, Total: 107489 ns
[2020-09-11T17:04:23.597+0000][1][safepoint    ] Safepoint "Cleanup", Time since last: 1000144551 ns, Reaching safepoint: 94076 ns, At safepoint: 9362 ns, Total: 103438 ns
[2020-09-11T17:04:24.093+0000][1][safepoint    ] Safepoint "RevokeBias", Time since last: 493420215 ns, Reaching safepoint: 3029898 ns, At safepoint: 364225 ns, Total: 3394123 ns
[2020-09-11T17:04:24.630+0000][1][safepoint    ] Safepoint "RevokeBias", Time since last: 536670908 ns, Reaching safepoint: 171208 ns, At safepoint: 30572 ns, Total: 201780 ns
[2020-09-11T17:04:25.636+0000][1][safepoint    ] Safepoint "Cleanup", Time since last: 1005398760 ns, Reaching safepoint: 89203 ns, At safepoint: 10761 ns, Total: 99964 ns
[2020-09-11T17:04:27.636+0000][1][safepoint    ] Safepoint "Cleanup", Time since last: 2000195496 ns, Reaching safepoint: 91840 ns, At safepoint: 10127 ns, Total: 101967 ns
[2020-09-11T17:04:29.132+0000][1][safepoint    ] Safepoint "RevokeBias", Time since last: 1494949951 ns, Reaching safepoint: 259209 ns, At safepoint: 347701 ns, Total: 606910 ns
[2020-09-11T17:04:29.673+0000][1][safepoint    ] Safepoint "RevokeBias", Time since last: 541433526 ns, Reaching safepoint: 172323 ns, At safepoint: 28430 ns, Total: 200753 ns
[2020-09-11T17:04:30.656+0000][1][gc,start     ] GC(116) Pause Young (Allocation Failure)
[2020-09-11T17:04:30.656+0000][1][gc,task      ] GC(116) Using 1 workers of 1 for evacuation
[2020-09-11T17:04:30.685+0000][1][gc,age       ] GC(116) Desired survivor size 4358144 bytes, new threshold 6 (max threshold 6)
[2020-09-11T17:04:30.685+0000][1][gc,age       ] GC(116) Age table with threshold 6 (max threshold 6)
[2020-09-11T17:04:30.685+0000][1][gc,age       ] GC(116) - age   1:     304176 bytes,     304176 total
[2020-09-11T17:04:30.685+0000][1][gc,age       ] GC(116) - age   2:     137488 bytes,     441664 total
[2020-09-11T17:04:30.685+0000][1][gc,age       ] GC(116) - age   3:      44112 bytes,     485776 total
[2020-09-11T17:04:30.685+0000][1][gc,age       ] GC(116) - age   4:     108744 bytes,     594520 total
[2020-09-11T17:04:30.685+0000][1][gc,age       ] GC(116) - age   5:       7032 bytes,     601552 total
[2020-09-11T17:04:30.685+0000][1][gc,age       ] GC(116) - age   6:      11208 bytes,     612760 total
[2020-09-11T17:04:30.685+0000][1][gc,heap      ] GC(116) ParNew: 69266K->744K(76672K)
[2020-09-11T17:04:30.685+0000][1][gc,heap      ] GC(116) CMS: 142714K->142756K(2011968K)
[2020-09-11T17:04:30.685+0000][1][gc,metaspace ] GC(116) Metaspace: 95785K->95785K(1138688K)
[2020-09-11T17:04:30.685+0000][1][gc           ] GC(116) Pause Young (Allocation Failure) 207M->140M(2039M) 29.284ms
[2020-09-11T17:04:30.685+0000][1][gc,cpu       ] GC(116) User=0.01s Sys=0.00s Real=0.03s
[2020-09-11T17:04:30.685+0000][1][safepoint    ] Safepoint "GenCollectForAllocation", Time since last: 982457274 ns, Reaching safepoint: 175538 ns, At safepoint: 29409438 ns, Total: 29584976 ns
[2020-09-11T17:04:31.693+0000][1][safepoint    ] Safepoint "Cleanup", Time since last: 1007655284 ns, Reaching safepoint: 96015 ns, At safepoint: 27989 ns, Total: 124004 ns
[2020-09-11T17:04:34.175+0000][1][safepoint    ] Safepoint "RevokeBias", Time since last: 2481826156 ns, Reaching safepoint: 87106 ns, At safepoint: 28567 ns, Total: 115673 ns
[2020-09-11T17:04:34.711+0000][1][safepoint    ] Safepoint "RevokeBias", Time since last: 535618882 ns, Reaching safepoint: 201973 ns, At safepoint: 30636 ns, Total: 232609 ns
[2020-09-11T17:04:35.716+0000][1][safepoint    ] Safepoint "Cleanup", Time since last: 1005140890 ns, Reaching safepoint: 92355 ns, At safepoint: 11444 ns, Total: 103799 ns
[2020-09-11T17:04:37.721+0000][1][safepoint    ] Safepoint "Cleanup", Time since last: 2004745622 ns, Reaching safepoint: 94496 ns, At safepoint: 9572 ns, Total: 104068 ns
[2020-09-11T17:04:39.212+0000][1][safepoint    ] Safepoint "RevokeBias", Time since last: 1491113846 ns, Reaching safepoint: 86984 ns, At safepoint: 27500 ns, Total: 114484 ns
[2020-09-11T17:04:39.740+0000][1][safepoint    ] Safepoint "RevokeBias", Time since last: 527893006 ns, Reaching safepoint: 176829 ns, At safepoint: 29896 ns, Total: 206725 ns
[2020-09-11T17:04:40.740+0000][1][safepoint    ] Safepoint "Cleanup", Time since last: 1000124884 ns, Reaching safepoint: 92497 ns, At safepoint: 10963 ns, Total: 103460 ns
[2020-09-11T17:04:41.741+0000][1][safepoint    ] Safepoint "Cleanup", Time since last: 1000133609 ns, Reaching safepoint: 87446 ns, At safepoint: 11041 ns, Total: 98487 ns
[2020-09-11T17:04:42.741+0000][1][safepoint    ] Safepoint "Cleanup", Time since last: 1000084870 ns, Reaching safepoint: 87686 ns, At safepoint: 19772 ns, Total: 107458 ns
[2020-09-11T17:04:43.741+0000][1][safepoint    ] Safepoint "Cleanup", Time since last: 1000114623 ns, Reaching safepoint: 85756 ns, At safepoint: 10073 ns, Total: 95829 ns
[2020-09-11T17:04:44.236+0000][1][safepoint    ] Safepoint "BulkRevokeBias", Time since last: 494454163 ns, Reaching safepoint: 84874 ns, At safepoint: 228722 ns, Total: 313596 ns
[2020-09-11T17:04:44.789+0000][1][safepoint    ] Safepoint "RevokeBias", Time since last: 553207963 ns, Reaching safepoint: 226868 ns, At safepoint: 28450 ns, Total: 255318 ns
[2020-09-11T17:04:45.790+0000][1][safepoint    ] Safepoint "Cleanup", Time since last: 1000111811 ns, Reaching safepoint: 86854 ns, At safepoint: 11558 ns, Total: 98412 ns
[2020-09-11T17:04:46.790+0000][1][safepoint    ] Safepoint "Cleanup", Time since last: 1000111040 ns, Reaching safepoint: 86540 ns, At safepoint: 10258 ns, Total: 96798 ns
[2020-09-11T17:04:47.790+0000][1][safepoint    ] Safepoint "Cleanup", Time since last: 1000114690 ns, Reaching safepoint: 85618 ns, At safepoint: 10641 ns, Total: 96259 ns
[2020-09-11T17:04:48.790+0000][1][safepoint    ] Safepoint "Cleanup", Time since last: 1000131511 ns, Reaching safepoint: 89183 ns, At safepoint: 11437 ns, Total: 100620 ns
[2020-09-11T17:04:49.263+0000][1][safepoint    ] Safepoint "RevokeBias", Time since last: 472646480 ns, Reaching safepoint: 90806 ns, At safepoint: 27921 ns, Total: 118727 ns
[2020-09-11T17:04:49.816+0000][1][safepoint    ] Safepoint "RevokeBias", Time since last: 552967273 ns, Reaching safepoint: 250775 ns, At safepoint: 323466 ns, Total: 574241 ns
[2020-09-11T17:04:50.817+0000][1][safepoint    ] Safepoint "Cleanup", Time since last: 1000121625 ns, Reaching safepoint: 85038 ns, At safepoint: 11509 ns, Total: 96547 ns
[2020-09-11T17:04:51.817+0000][1][safepoint    ] Safepoint "Cleanup", Time since last: 1000138055 ns, Reaching safepoint: 90079 ns, At safepoint: 11479 ns, Total: 101558 ns
[2020-09-11T17:04:52.817+0000][1][safepoint    ] Safepoint "Cleanup", Time since last: 1000113167 ns, Reaching safepoint: 95865 ns, At safepoint: 11982 ns, Total: 107847 ns
[2020-09-11T17:04:52.898+0000][1][gc,start     ] GC(117) Pause Young (Allocation Failure)
[2020-09-11T17:04:52.898+0000][1][gc,task      ] GC(117) Using 1 workers of 1 for evacuation
[2020-09-11T17:04:52.927+0000][1][gc,age       ] GC(117) Desired survivor size 4358144 bytes, new threshold 6 (max threshold 6)
[2020-09-11T17:04:52.927+0000][1][gc,age       ] GC(117) Age table with threshold 6 (max threshold 6)
[2020-09-11T17:04:52.927+0000][1][gc,age       ] GC(117) - age   1:     573952 bytes,     573952 total
[2020-09-11T17:04:52.927+0000][1][gc,age       ] GC(117) - age   2:      89456 bytes,     663408 total
[2020-09-11T17:04:52.927+0000][1][gc,age       ] GC(117) - age   3:      91744 bytes,     755152 total
[2020-09-11T17:04:52.927+0000][1][gc,age       ] GC(117) - age   4:      21960 bytes,     777112 total
[2020-09-11T17:04:52.927+0000][1][gc,age       ] GC(117) - age   5:     108744 bytes,     885856 total
[2020-09-11T17:04:52.927+0000][1][gc,age       ] GC(117) - age   6:       6720 bytes,     892576 total
[2020-09-11T17:04:52.927+0000][1][gc,heap      ] GC(117) ParNew: 68903K->1083K(76672K)
[2020-09-11T17:04:52.927+0000][1][gc,heap      ] GC(117) CMS: 142756K->142767K(2011968K)
[2020-09-11T17:04:52.927+0000][1][gc,metaspace ] GC(117) Metaspace: 95836K->95836K(1138688K)
[2020-09-11T17:04:52.927+0000][1][gc           ] GC(117) Pause Young (Allocation Failure) 206M->140M(2039M) 28.891ms
[2020-09-11T17:04:52.927+0000][1][gc,cpu       ] GC(117) User=0.02s Sys=0.00s Real=0.03s
[2020-09-11T17:04:52.933+0000][1][safepoint    ] Safepoint "GenCollectForAllocation", Time since last: 79618688 ns, Reaching safepoint: 1041955 ns, At safepoint: 35175103 ns, Total: 36217058 ns
[2020-09-11T17:04:53.986+0000][1][safepoint    ] Safepoint "Cleanup", Time since last: 1053071037 ns, Reaching safepoint: 102243 ns, At safepoint: 12489 ns, Total: 114732 ns
[2020-09-11T17:04:54.289+0000][1][safepoint    ] Safepoint "RevokeBias", Time since last: 300958453 ns, Reaching safepoint: 1874427 ns, At safepoint: 336201 ns, Total: 2210628 ns
[2020-09-11T17:04:54.854+0000][1][safepoint    ] Safepoint "RevokeBias", Time since last: 564444307 ns, Reaching safepoint: 181717 ns, At safepoint: 26097 ns, Total: 207814 ns
[2020-09-11T17:04:55.854+0000][1][safepoint    ] Safepoint "Cleanup", Time since last: 1000117059 ns, Reaching safepoint: 94496 ns, At safepoint: 11264 ns, Total: 105760 ns
[2020-09-11T17:04:56.854+0000][1][safepoint    ] Safepoint "Cleanup", Time since last: 1000113901 ns, Reaching safepoint: 88280 ns, At safepoint: 11171 ns, Total: 99451 ns
[2020-09-11T17:04:57.855+0000][1][safepoint    ] Safepoint "Cleanup", Time since last: 1000116471 ns, Reaching safepoint: 96929 ns, At safepoint: 11811 ns, Total: 108740 ns
[2020-09-11T17:04:58.855+0000][1][safepoint    ] Safepoint "Cleanup", Time since last: 1000119378 ns, Reaching safepoint: 92688 ns, At safepoint: 12403 ns, Total: 105091 ns
[2020-09-11T17:04:59.316+0000][1][safepoint    ] Safepoint "RevokeBias", Time since last: 460447400 ns, Reaching safepoint: 234563 ns, At safepoint: 313627 ns, Total: 548190 ns
[2020-09-11T17:04:59.879+0000][1][safepoint    ] Safepoint "RevokeBias", Time since last: 562978878 ns, Reaching safepoint: 247513 ns, At safepoint: 358001 ns, Total: 605514 ns
[2020-09-11T17:05:00.880+0000][1][safepoint    ] Safepoint "Cleanup", Time since last: 1000121717 ns, Reaching safepoint: 86354 ns, At safepoint: 11068 ns, Total: 97422 ns
[2020-09-11T17:05:01.880+0000][1][safepoint    ] Safepoint "Cleanup", Time since last: 1000110291 ns, Reaching safepoint: 87459 ns, At safepoint: 10575 ns, Total: 98034 ns
[2020-09-11T17:05:02.880+0000][1][safepoint    ] Safepoint "Cleanup", Time since last: 1000118082 ns, Reaching safepoint: 88208 ns, At safepoint: 10363 ns, Total: 98571 ns
[2020-09-11T17:05:03.880+0000][1][safepoint    ] Safepoint "Cleanup", Time since last: 1000150605 ns, Reaching safepoint: 88239 ns, At safepoint: 11784 ns, Total: 100023 ns
[2020-09-11T17:05:04.383+0000][1][safepoint    ] Safepoint "RevokeBias", Time since last: 501126583 ns, Reaching safepoint: 1219688 ns, At safepoint: 293996 ns, Total: 1513684 ns
[2020-09-11T17:05:04.900+0000][1][safepoint    ] Safepoint "RevokeBias", Time since last: 516865994 ns, Reaching safepoint: 98296 ns, At safepoint: 25505 ns, Total: 123801 ns
[2020-09-11T17:05:05.900+0000][1][safepoint    ] Safepoint "Cleanup", Time since last: 1000122015 ns, Reaching safepoint: 93155 ns, At safepoint: 11357 ns, Total: 104512 ns
[2020-09-11T17:05:06.900+0000][1][safepoint    ] Safepoint "Cleanup", Time since last: 1000118342 ns, Reaching safepoint: 88128 ns, At safepoint: 10756 ns, Total: 98884 ns
[2020-09-11T17:05:07.901+0000][1][safepoint    ] Safepoint "Cleanup", Time since last: 1000129823 ns, Reaching safepoint: 101332 ns, At safepoint: 12265 ns, Total: 113597 ns
[2020-09-11T17:05:08.901+0000][1][safepoint    ] Safepoint "Cleanup", Time since last: 1000085921 ns, Reaching safepoint: 84778 ns, At safepoint: 10783 ns, Total: 95561 ns
[2020-09-11T17:05:09.434+0000][1][safepoint    ] Safepoint "RevokeBias", Time since last: 533204336 ns, Reaching safepoint: 100196 ns, At safepoint: 30550 ns, Total: 130746 ns
[2020-09-11T17:05:09.923+0000][1][safepoint    ] Safepoint "RevokeBias", Time since last: 488715934 ns, Reaching safepoint: 92057 ns, At safepoint: 27538 ns, Total: 119595 ns
[2020-09-11T17:05:10.923+0000][1][safepoint    ] Safepoint "Cleanup", Time since last: 1000123394 ns, Reaching safepoint: 93358 ns, At safepoint: 12230 ns, Total: 105588 ns
[2020-09-11T17:05:11.923+0000][1][safepoint    ] Safepoint "Cleanup", Time since last: 1000120890 ns, Reaching safepoint: 85281 ns, At safepoint: 11415 ns, Total: 96696 ns
[2020-09-11T17:05:12.924+0000][1][safepoint    ] Safepoint "Cleanup", Time since last: 1000130887 ns, Reaching safepoint: 92903 ns, At safepoint: 10871 ns, Total: 103774 ns
[2020-09-11T17:05:13.924+0000][1][safepoint    ] Safepoint "Cleanup", Time since last: 1000113300 ns, Reaching safepoint: 112055 ns, At safepoint: 20801 ns, Total: 132856 ns
[2020-09-11T17:05:14.492+0000][1][safepoint    ] Safepoint "RevokeBias", Time since last: 567416963 ns, Reaching safepoint: 172691 ns, At safepoint: 47940 ns, Total: 220631 ns
[2020-09-11T17:05:14.786+0000][1][gc,start     ] GC(118) Pause Young (Allocation Failure)
[2020-09-11T17:05:14.786+0000][1][gc,task      ] GC(118) Using 1 workers of 1 for evacuation
[2020-09-11T17:05:14.814+0000][1][gc,age       ] GC(118) Desired survivor size 4358144 bytes, new threshold 6 (max threshold 6)
[2020-09-11T17:05:14.814+0000][1][gc,age       ] GC(118) Age table with threshold 6 (max threshold 6)
[2020-09-11T17:05:14.814+0000][1][gc,age       ] GC(118) - age   1:     183000 bytes,     183000 total
[2020-09-11T17:05:14.814+0000][1][gc,age       ] GC(118) - age   2:     241992 bytes,     424992 total
[2020-09-11T17:05:14.814+0000][1][gc,age       ] GC(118) - age   3:      33272 bytes,     458264 total
[2020-09-11T17:05:14.814+0000][1][gc,age       ] GC(118) - age   4:      87328 bytes,     545592 total
[2020-09-11T17:05:14.814+0000][1][gc,age       ] GC(118) - age   5:      21648 bytes,     567240 total
[2020-09-11T17:05:14.814+0000][1][gc,age       ] GC(118) - age   6:     108640 bytes,     675880 total
[2020-09-11T17:05:14.814+0000][1][gc,heap      ] GC(118) ParNew: 69243K->789K(76672K)
[2020-09-11T17:05:14.814+0000][1][gc,heap      ] GC(118) CMS: 142767K->142773K(2011968K)
[2020-09-11T17:05:14.814+0000][1][gc,metaspace ] GC(118) Metaspace: 95879K->95879K(1138688K)
[2020-09-11T17:05:14.814+0000][1][gc           ] GC(118) Pause Young (Allocation Failure) 207M->140M(2039M) 28.618ms
[2020-09-11T17:05:14.815+0000][1][gc,cpu       ] GC(118) User=0.01s Sys=0.00s Real=0.03s
[2020-09-11T17:05:14.817+0000][1][safepoint    ] Safepoint "GenCollectForAllocation", Time since last: 294063373 ns, Reaching safepoint: 181428 ns, At safepoint: 30989518 ns, Total: 31170946 ns
[2020-09-11T17:05:14.940+0000][1][safepoint    ] Safepoint "RevokeBias", Time since last: 122932738 ns, Reaching safepoint: 104808 ns, At safepoint: 45067 ns, Total: 149875 ns
[2020-09-11T17:05:15.941+0000][1][safepoint    ] Safepoint "Cleanup", Time since last: 1000764657 ns, Reaching safepoint: 147179 ns, At safepoint: 10731 ns, Total: 157910 ns
[2020-09-11T17:05:16.941+0000][1][safepoint    ] Safepoint "Cleanup", Time since last: 1000119198 ns, Reaching safepoint: 85699 ns, At safepoint: 8686 ns, Total: 94385 ns
[2020-09-11T17:05:17.941+0000][1][safepoint    ] Safepoint "Cleanup", Time since last: 1000112446 ns, Reaching safepoint: 92333 ns, At safepoint: 11358 ns, Total: 103691 ns
[2020-09-11T17:05:18.941+0000][1][safepoint    ] Safepoint "Cleanup", Time since last: 1000118332 ns, Reaching safepoint: 87326 ns, At safepoint: 10208 ns, Total: 97534 ns
[2020-09-11T17:05:19.526+0000][1][safepoint    ] Safepoint "RevokeBias", Time since last: 584679335 ns, Reaching safepoint: 180113 ns, At safepoint: 30941 ns, Total: 211054 ns
[2020-09-11T17:05:19.971+0000][1][safepoint    ] Safepoint "RevokeBias", Time since last: 444503908 ns, Reaching safepoint: 251641 ns, At safepoint: 353565 ns, Total: 605206 ns
[2020-09-11T17:05:20.972+0000][1][safepoint    ] Safepoint "Cleanup", Time since last: 1000124905 ns, Reaching safepoint: 87918 ns, At safepoint: 10634 ns, Total: 98552 ns
[2020-09-11T17:05:21.972+0000][1][safepoint    ] Safepoint "Cleanup", Time since last: 1000119163 ns, Reaching safepoint: 85275 ns, At safepoint: 10923 ns, Total: 96198 ns
[2020-09-11T17:05:22.972+0000][1][safepoint    ] Safepoint "Cleanup", Time since last: 1000156649 ns, Reaching safepoint: 349512 ns, At safepoint: 10624 ns, Total: 360136 ns
[2020-09-11T17:05:23.973+0000][1][safepoint    ] Safepoint "Cleanup", Time since last: 1000110790 ns, Reaching safepoint: 96905 ns, At safepoint: 11866 ns, Total: 108771 ns
[2020-09-11T17:05:24.553+0000][1][safepoint    ] Safepoint "RevokeBias", Time since last: 579131657 ns, Reaching safepoint: 1128694 ns, At safepoint: 341587 ns, Total: 1470281 ns
[2020-09-11T17:05:25.000+0000][1][safepoint    ] Safepoint "RevokeBias", Time since last: 446646958 ns, Reaching safepoint: 183055 ns, At safepoint: 30411 ns, Total: 213466 ns
[2020-09-11T17:05:26.000+0000][1][safepoint    ] Safepoint "Cleanup", Time since last: 1000123649 ns, Reaching safepoint: 98999 ns, At safepoint: 11845 ns, Total: 110844 ns
[2020-09-11T17:05:27.001+0000][1][safepoint    ] Safepoint "Cleanup", Time since last: 1000120929 ns, Reaching safepoint: 84765 ns, At safepoint: 8420 ns, Total: 93185 ns
[2020-09-11T17:05:28.001+0000][1][safepoint    ] Safepoint "Cleanup", Time since last: 1000111208 ns, Reaching safepoint: 123002 ns, At safepoint: 10716 ns, Total: 133718 ns
[2020-09-11T17:05:29.001+0000][1][safepoint    ] Safepoint "Cleanup", Time since last: 1000112789 ns, Reaching safepoint: 93615 ns, At safepoint: 10654 ns, Total: 104269 ns
[2020-09-11T17:05:29.617+0000][1][safepoint    ] Safepoint "RevokeBias", Time since last: 615750730 ns, Reaching safepoint: 86551 ns, At safepoint: 26385 ns, Total: 112936 ns
[2020-09-11T17:05:30.020+0000][1][safepoint    ] Safepoint "RevokeBias", Time since last: 403089903 ns, Reaching safepoint: 193739 ns, At safepoint: 30827 ns, Total: 224566 ns
[2020-09-11T17:05:31.020+0000][1][safepoint    ] Safepoint "Cleanup", Time since last: 1000126074 ns, Reaching safepoint: 85736 ns, At safepoint: 10960 ns, Total: 96696 ns
[2020-09-11T17:05:32.021+0000][1][safepoint    ] Safepoint "Cleanup", Time since last: 1000116119 ns, Reaching safepoint: 88234 ns, At safepoint: 11176 ns, Total: 99410 ns
[2020-09-11T17:05:33.021+0000][1][safepoint    ] Safepoint "Cleanup", Time since last: 1000115149 ns, Reaching safepoint: 87616 ns, At safepoint: 10480 ns, Total: 98096 ns
[2020-09-11T17:05:34.021+0000][1][safepoint    ] Safepoint "Cleanup", Time since last: 1000112721 ns, Reaching safepoint: 85034 ns, At safepoint: 10853 ns, Total: 95887 ns
[2020-09-11T17:05:34.326+0000][1][safepoint    ] Safepoint "RevokeBias", Time since last: 304942007 ns, Reaching safepoint: 79051 ns, At safepoint: 22486 ns, Total: 101537 ns
[2020-09-11T17:05:34.639+0000][1][safepoint    ] Safepoint "RevokeBias", Time since last: 312754268 ns, Reaching safepoint: 89591 ns, At safepoint: 29671 ns, Total: 119262 ns
[2020-09-11T17:05:35.045+0000][1][safepoint    ] Safepoint "RevokeBias", Time since last: 406043587 ns, Reaching safepoint: 98287 ns, At safepoint: 28284 ns, Total: 126571 ns
[2020-09-11T17:05:35.753+0000][1][gc,start     ] GC(119) Pause Young (Allocation Failure)
[2020-09-11T17:05:35.753+0000][1][gc,task      ] GC(119) Using 1 workers of 1 for evacuation
[2020-09-11T17:05:35.788+0000][1][gc,age       ] GC(119) Desired survivor size 4358144 bytes, new threshold 6 (max threshold 6)
[2020-09-11T17:05:35.788+0000][1][gc,age       ] GC(119) Age table with threshold 6 (max threshold 6)
[2020-09-11T17:05:35.788+0000][1][gc,age       ] GC(119) - age   1:     163632 bytes,     163632 total
[2020-09-11T17:05:35.788+0000][1][gc,age       ] GC(119) - age   2:      84472 bytes,     248104 total
[2020-09-11T17:05:35.788+0000][1][gc,age       ] GC(119) - age   3:     196088 bytes,     444192 total
[2020-09-11T17:05:35.788+0000][1][gc,age       ] GC(119) - age   4:      12560 bytes,     456752 total
[2020-09-11T17:05:35.788+0000][1][gc,age       ] GC(119) - age   5:      87328 bytes,     544080 total
[2020-09-11T17:05:35.788+0000][1][gc,age       ] GC(119) - age   6:      21616 bytes,     565696 total
[2020-09-11T17:05:35.788+0000][1][gc,heap      ] GC(119) ParNew: 68949K->692K(76672K)
[2020-09-11T17:05:35.788+0000][1][gc,heap      ] GC(119) CMS: 142773K->142880K(2011968K)
[2020-09-11T17:05:35.788+0000][1][gc,metaspace ] GC(119) Metaspace: 95904K->95904K(1138688K)
[2020-09-11T17:05:35.788+0000][1][gc           ] GC(119) Pause Young (Allocation Failure) 206M->140M(2039M) 35.233ms
[2020-09-11T17:05:35.788+0000][1][gc,cpu       ] GC(119) User=0.01s Sys=0.00s Real=0.03s
[2020-09-11T17:05:35.788+0000][1][safepoint    ] Safepoint "GenCollectForAllocation", Time since last: 707526250 ns, Reaching safepoint: 151386 ns, At safepoint: 35347470 ns, Total: 35498856 ns
[2020-09-11T17:05:36.795+0000][1][safepoint    ] Safepoint "Cleanup", Time since last: 1006390816 ns, Reaching safepoint: 75275 ns, At safepoint: 18963 ns, Total: 94238 ns
[2020-09-11T17:05:36.828+0000][1][safepoint    ] Safepoint "RevokeBias", Time since last: 32962059 ns, Reaching safepoint: 88737 ns, At safepoint: 42808 ns, Total: 131545 ns
[2020-09-11T17:05:36.892+0000][1][safepoint    ] Safepoint "RevokeBias", Time since last: 63855478 ns, Reaching safepoint: 77896 ns, At safepoint: 32397 ns, Total: 110293 ns
[2020-09-11T17:05:36.953+0000][1][safepoint    ] Safepoint "RevokeBias", Time since last: 61174236 ns, Reaching safepoint: 86628 ns, At safepoint: 34388 ns, Total: 121016 ns
[2020-09-11T17:05:37.953+0000][1][safepoint    ] Safepoint "Cleanup", Time since last: 1000194773 ns, Reaching safepoint: 102657 ns, At safepoint: 12486 ns, Total: 115143 ns
[2020-09-11T17:05:39.679+0000][1][safepoint    ] Safepoint "RevokeBias", Time since last: 1725427589 ns, Reaching safepoint: 247556 ns, At safepoint: 396114 ns, Total: 643670 ns
[2020-09-11T17:05:40.083+0000][1][safepoint    ] Safepoint "RevokeBias", Time since last: 403719299 ns, Reaching safepoint: 178694 ns, At safepoint: 28023 ns, Total: 206717 ns
[2020-09-11T17:05:44.084+0000][1][safepoint    ] Safepoint "Cleanup", Time since last: 4000341796 ns, Reaching safepoint: 93275 ns, At safepoint: 11227 ns, Total: 104502 ns
[2020-09-11T17:05:44.710+0000][1][safepoint    ] Safepoint "RevokeBias", Time since last: 625240906 ns, Reaching safepoint: 262853 ns, At safepoint: 350002 ns, Total: 612855 ns
[2020-09-11T17:05:45.074+0000][1][safepoint    ] Safepoint "RevokeBias", Time since last: 364141505 ns, Reaching safepoint: 78015 ns, At safepoint: 20705 ns, Total: 98720 ns
[2020-09-11T17:05:45.118+0000][1][safepoint    ] Safepoint "RevokeBias", Time since last: 43981664 ns, Reaching safepoint: 165918 ns, At safepoint: 29937 ns, Total: 195855 ns
[2020-09-11T17:05:45.193+0000][1][safepoint    ] Safepoint "RevokeBias", Time since last: 74522414 ns, Reaching safepoint: 96808 ns, At safepoint: 26600 ns, Total: 123408 ns
[2020-09-11T17:05:47.193+0000][1][safepoint    ] Safepoint "Cleanup", Time since last: 2000408186 ns, Reaching safepoint: 166486 ns, At safepoint: 9298 ns, Total: 175784 ns
[2020-09-11T17:05:48.194+0000][1][safepoint    ] Safepoint "Cleanup", Time since last: 1000118822 ns, Reaching safepoint: 92816 ns, At safepoint: 11669 ns, Total: 104485 ns
[2020-09-11T17:05:49.754+0000][1][safepoint    ] Safepoint "RevokeBias", Time since last: 1559963826 ns, Reaching safepoint: 231630 ns, At safepoint: 292948 ns, Total: 524578 ns
[2020-09-11T17:05:50.172+0000][1][safepoint    ] Safepoint "RevokeBias", Time since last: 418275335 ns, Reaching safepoint: 171029 ns, At safepoint: 25809 ns, Total: 196838 ns
[2020-09-11T17:05:50.644+0000][1][safepoint    ] Safepoint "RevokeBias", Time since last: 471393066 ns, Reaching safepoint: 91929 ns, At safepoint: 23810 ns, Total: 115739 ns
[2020-09-11T17:05:50.917+0000][1][safepoint    ] Safepoint "RevokeBias", Time since last: 272471350 ns, Reaching safepoint: 157112 ns, At safepoint: 20622 ns, Total: 177734 ns
[2020-09-11T17:05:53.917+0000][1][safepoint    ] Safepoint "Cleanup", Time since last: 3000236374 ns, Reaching safepoint: 95636 ns, At safepoint: 11634 ns, Total: 107270 ns
[2020-09-11T17:05:54.221+0000][1][safepoint    ] Safepoint "RevokeBias", Time since last: 303560039 ns, Reaching safepoint: 83683 ns, At safepoint: 23937 ns, Total: 107620 ns
[2020-09-11T17:05:54.801+0000][1][safepoint    ] Safepoint "RevokeBias", Time since last: 579710074 ns, Reaching safepoint: 245330 ns, At safepoint: 291839 ns, Total: 537169 ns
[2020-09-11T17:05:55.211+0000][1][safepoint    ] Safepoint "BulkRevokeBias", Time since last: 409937472 ns, Reaching safepoint: 103123 ns, At safepoint: 247916 ns, Total: 351039 ns
[2020-09-11T17:05:55.807+0000][1][gc,start     ] GC(120) Pause Young (Allocation Failure)
[2020-09-11T17:05:55.807+0000][1][gc,task      ] GC(120) Using 1 workers of 1 for evacuation
[2020-09-11T17:05:55.838+0000][1][gc,age       ] GC(120) Desired survivor size 4358144 bytes, new threshold 6 (max threshold 6)
[2020-09-11T17:05:55.838+0000][1][gc,age       ] GC(120) Age table with threshold 6 (max threshold 6)
[2020-09-11T17:05:55.838+0000][1][gc,age       ] GC(120) - age   1:     343240 bytes,     343240 total
[2020-09-11T17:05:55.838+0000][1][gc,age       ] GC(120) - age   2:      87336 bytes,     430576 total
[2020-09-11T17:05:55.838+0000][1][gc,age       ] GC(120) - age   3:      45024 bytes,     475600 total
[2020-09-11T17:05:55.838+0000][1][gc,age       ] GC(120) - age   4:       8736 bytes,     484336 total
[2020-09-11T17:05:55.838+0000][1][gc,age       ] GC(120) - age   5:      12560 bytes,     496896 total
[2020-09-11T17:05:55.838+0000][1][gc,age       ] GC(120) - age   6:      87296 bytes,     584192 total
[2020-09-11T17:05:55.838+0000][1][gc,heap      ] GC(120) ParNew: 68852K->587K(76672K)
[2020-09-11T17:05:55.838+0000][1][gc,heap      ] GC(120) CMS: 142880K->142902K(2011968K)
[2020-09-11T17:05:55.838+0000][1][gc,metaspace ] GC(120) Metaspace: 95920K->95920K(1138688K)
[2020-09-11T17:05:55.838+0000][1][gc           ] GC(120) Pause Young (Allocation Failure) 206M->140M(2039M) 31.331ms
[2020-09-11T17:05:55.838+0000][1][gc,cpu       ] GC(120) User=0.02s Sys=0.00s Real=0.03s
[2020-09-11T17:05:55.838+0000][1][safepoint    ] Safepoint "GenCollectForAllocation", Time since last: 595354859 ns, Reaching safepoint: 85670 ns, At safepoint: 31452040 ns, Total: 31537710 ns
[2020-09-11T17:05:58.886+0000][1][safepoint    ] Safepoint "RevokeBias", Time since last: 3047604169 ns, Reaching safepoint: 82008 ns, At safepoint: 23886 ns, Total: 105894 ns
[2020-09-11T17:05:59.878+0000][1][safepoint    ] Safepoint "RevokeBias", Time since last: 992006201 ns, Reaching safepoint: 93772 ns, At safepoint: 24803 ns, Total: 118575 ns
[2020-09-11T17:06:00.247+0000][1][safepoint    ] Safepoint "RevokeBias", Time since last: 369018498 ns, Reaching safepoint: 89918 ns, At safepoint: 29700 ns, Total: 119618 ns
[2020-09-11T17:06:03.247+0000][1][safepoint    ] Safepoint "Cleanup", Time since last: 3000285490 ns, Reaching safepoint: 92648 ns, At safepoint: 11197 ns, Total: 103845 ns
[2020-09-11T17:06:04.924+0000][1][safepoint    ] Safepoint "RevokeBias", Time since last: 1676419851 ns, Reaching safepoint: 176073 ns, At safepoint: 25237 ns, Total: 201310 ns
[2020-09-11T17:06:05.260+0000][1][safepoint    ] Safepoint "RevokeBias", Time since last: 335782420 ns, Reaching safepoint: 239437 ns, At safepoint: 331777 ns, Total: 571214 ns
[2020-09-11T17:06:06.261+0000][1][safepoint    ] Safepoint "Cleanup", Time since last: 1000127510 ns, Reaching safepoint: 97260 ns, At safepoint: 11899 ns, Total: 109159 ns
[2020-09-11T17:06:07.261+0000][1][safepoint    ] Safepoint "Cleanup", Time since last: 1000154455 ns, Reaching safepoint: 90068 ns, At safepoint: 8985 ns, Total: 99053 ns
[2020-09-11T17:06:08.261+0000][1][safepoint    ] Safepoint "Cleanup", Time since last: 1000119344 ns, Reaching safepoint: 110017 ns, At safepoint: 11927 ns, Total: 121944 ns
[2020-09-11T17:06:09.261+0000][1][safepoint    ] Safepoint "Cleanup", Time since last: 1000127356 ns, Reaching safepoint: 107084 ns, At safepoint: 12693 ns, Total: 119777 ns
[2020-09-11T17:06:09.953+0000][1][safepoint    ] Safepoint "RevokeBias", Time since last: 691190733 ns, Reaching safepoint: 93845 ns, At safepoint: 27400 ns, Total: 121245 ns
[2020-09-11T17:06:10.290+0000][1][safepoint    ] Safepoint "RevokeBias", Time since last: 336708499 ns, Reaching safepoint: 89025 ns, At safepoint: 28827 ns, Total: 117852 ns
[2020-09-11T17:06:11.290+0000][1][safepoint    ] Safepoint "Cleanup", Time since last: 1000113470 ns, Reaching safepoint: 90816 ns, At safepoint: 11024 ns, Total: 101840 ns
[2020-09-11T17:06:14.290+0000][1][safepoint    ] Safepoint "Cleanup", Time since last: 3000281393 ns, Reaching safepoint: 94325 ns, At safepoint: 13323 ns, Total: 107648 ns
[2020-09-11T17:06:14.993+0000][1][safepoint    ] Safepoint "RevokeBias", Time since last: 702471519 ns, Reaching safepoint: 95936 ns, At safepoint: 28008 ns, Total: 123944 ns
[2020-09-11T17:06:15.335+0000][1][safepoint    ] Safepoint "RevokeBias", Time since last: 342071736 ns, Reaching safepoint: 93045 ns, At safepoint: 22414 ns, Total: 115459 ns
[2020-09-11T17:06:16.347+0000][1][safepoint    ] Safepoint "Cleanup", Time since last: 1012429236 ns, Reaching safepoint: 90997 ns, At safepoint: 12305 ns, Total: 103302 ns
[2020-09-11T17:06:17.264+0000][1][gc,start     ] GC(121) Pause Young (Allocation Failure)
[2020-09-11T17:06:17.264+0000][1][gc,task      ] GC(121) Using 1 workers of 1 for evacuation
[2020-09-11T17:06:17.291+0000][1][gc,age       ] GC(121) Desired survivor size 4358144 bytes, new threshold 6 (max threshold 6)
[2020-09-11T17:06:17.291+0000][1][gc,age       ] GC(121) Age table with threshold 6 (max threshold 6)
[2020-09-11T17:06:17.291+0000][1][gc,age       ] GC(121) - age   1:     216912 bytes,     216912 total
[2020-09-11T17:06:17.291+0000][1][gc,age       ] GC(121) - age   2:     268472 bytes,     485384 total
[2020-09-11T17:06:17.291+0000][1][gc,age       ] GC(121) - age   3:      81312 bytes,     566696 total
[2020-09-11T17:06:17.291+0000][1][gc,age       ] GC(121) - age   4:      39696 bytes,     606392 total
[2020-09-11T17:06:17.291+0000][1][gc,age       ] GC(121) - age   5:       8736 bytes,     615128 total
[2020-09-11T17:06:17.291+0000][1][gc,age       ] GC(121) - age   6:      12560 bytes,     627688 total
[2020-09-11T17:06:17.291+0000][1][gc,heap      ] GC(121) ParNew: 68747K->1149K(76672K)
[2020-09-11T17:06:17.291+0000][1][gc,heap      ] GC(121) CMS: 142902K->142987K(2011968K)
[2020-09-11T17:06:17.291+0000][1][gc,metaspace ] GC(121) Metaspace: 95963K->95963K(1138688K)
[2020-09-11T17:06:17.291+0000][1][gc           ] GC(121) Pause Young (Allocation Failure) 206M->140M(2039M) 26.880ms
[2020-09-11T17:06:17.291+0000][1][gc,cpu       ] GC(121) User=0.01s Sys=0.00s Real=0.02s
[2020-09-11T17:06:17.293+0000][1][safepoint    ] Safepoint "GenCollectForAllocation", Time since last: 916138834 ns, Reaching safepoint: 204751 ns, At safepoint: 28998519 ns, Total: 29203270 ns
[2020-09-11T17:06:18.317+0000][1][safepoint    ] Safepoint "Cleanup", Time since last: 1024246226 ns, Reaching safepoint: 84788 ns, At safepoint: 9946 ns, Total: 94734 ns
[2020-09-11T17:06:19.321+0000][1][safepoint    ] Safepoint "Cleanup", Time since last: 1003653754 ns, Reaching safepoint: 204099 ns, At safepoint: 10026 ns, Total: 214125 ns
[2020-09-11T17:06:20.024+0000][1][safepoint    ] Safepoint "RevokeBias", Time since last: 702732337 ns, Reaching safepoint: 175840 ns, At safepoint: 30019 ns, Total: 205859 ns
[2020-09-11T17:06:20.387+0000][1][safepoint    ] Safepoint "RevokeBias", Time since last: 362928207 ns, Reaching safepoint: 92692 ns, At safepoint: 28975 ns, Total: 121667 ns
[2020-09-11T17:06:21.387+0000][1][safepoint    ] Safepoint "Cleanup", Time since last: 1000123491 ns, Reaching safepoint: 86077 ns, At safepoint: 11727 ns, Total: 97804 ns
[2020-09-11T17:06:22.387+0000][1][safepoint    ] Safepoint "Cleanup", Time since last: 1000115122 ns, Reaching safepoint: 88507 ns, At safepoint: 10743 ns, Total: 99250 ns
[2020-09-11T17:06:23.388+0000][1][safepoint    ] Safepoint "Cleanup", Time since last: 1000121557 ns, Reaching safepoint: 97429 ns, At safepoint: 21084 ns, Total: 118513 ns
[2020-09-11T17:06:24.389+0000][1][safepoint    ] Safepoint "Cleanup", Time since last: 1001118933 ns, Reaching safepoint: 203575 ns, At safepoint: 8681 ns, Total: 212256 ns
[2020-09-11T17:06:25.043+0000][1][safepoint    ] Safepoint "RevokeBias", Time since last: 653694813 ns, Reaching safepoint: 250627 ns, At safepoint: 340682 ns, Total: 591309 ns
[2020-09-11T17:06:25.408+0000][1][safepoint    ] Safepoint "RevokeBias", Time since last: 364471343 ns, Reaching safepoint: 175577 ns, At safepoint: 29296 ns, Total: 204873 ns
[2020-09-11T17:06:26.408+0000][1][safepoint    ] Safepoint "Cleanup", Time since last: 1000123351 ns, Reaching safepoint: 88302 ns, At safepoint: 11511 ns, Total: 99813 ns
[2020-09-11T17:06:27.408+0000][1][safepoint    ] Safepoint "Cleanup", Time since last: 1000135186 ns, Reaching safepoint: 95379 ns, At safepoint: 12256 ns, Total: 107635 ns
[2020-09-11T17:06:28.409+0000][1][safepoint    ] Safepoint "Cleanup", Time since last: 1000118510 ns, Reaching safepoint: 87495 ns, At safepoint: 10582 ns, Total: 98077 ns
[2020-09-11T17:06:29.409+0000][1][safepoint    ] Safepoint "Cleanup", Time since last: 1000130632 ns, Reaching safepoint: 93345 ns, At safepoint: 10060 ns, Total: 103405 ns
[2020-09-11T17:06:30.055+0000][1][safepoint    ] Safepoint "RevokeBias", Time since last: 646251207 ns, Reaching safepoint: 86189 ns, At safepoint: 26387 ns, Total: 112576 ns
[2020-09-11T17:06:30.421+0000][1][safepoint    ] Safepoint "RevokeBias", Time since last: 365856780 ns, Reaching safepoint: 93320 ns, At safepoint: 25163 ns, Total: 118483 ns
[2020-09-11T17:06:31.421+0000][1][safepoint    ] Safepoint "Cleanup", Time since last: 1000113356 ns, Reaching safepoint: 83524 ns, At safepoint: 10116 ns, Total: 93640 ns
[2020-09-11T17:06:32.422+0000][1][safepoint    ] Safepoint "Cleanup", Time since last: 1000110062 ns, Reaching safepoint: 99887 ns, At safepoint: 10234 ns, Total: 110121 ns
[2020-09-11T17:06:33.422+0000][1][safepoint    ] Safepoint "Cleanup", Time since last: 1000117977 ns, Reaching safepoint: 82412 ns, At safepoint: 9521 ns, Total: 91933 ns
[2020-09-11T17:06:34.422+0000][1][safepoint    ] Safepoint "Cleanup", Time since last: 1000254567 ns, Reaching safepoint: 82831 ns, At safepoint: 8858 ns, Total: 91689 ns
[2020-09-11T17:06:35.069+0000][1][safepoint    ] Safepoint "RevokeBias", Time since last: 646386043 ns, Reaching safepoint: 90115 ns, At safepoint: 29972 ns, Total: 120087 ns
[2020-09-11T17:06:35.450+0000][1][safepoint    ] Safepoint "RevokeBias", Time since last: 380343926 ns, Reaching safepoint: 244976 ns, At safepoint: 326058 ns, Total: 571034 ns
[2020-09-11T17:06:36.450+0000][1][safepoint    ] Safepoint "Cleanup", Time since last: 1000122115 ns, Reaching safepoint: 88087 ns, At safepoint: 12033 ns, Total: 100120 ns
[2020-09-11T17:06:37.450+0000][1][safepoint    ] Safepoint "Cleanup", Time since last: 1000119108 ns, Reaching safepoint: 109085 ns, At safepoint: 13524 ns, Total: 122609 ns
[2020-09-11T17:06:38.450+0000][1][safepoint    ] Safepoint "Cleanup", Time since last: 1000129640 ns, Reaching safepoint: 86391 ns, At safepoint: 12067 ns, Total: 98458 ns
[2020-09-11T17:06:39.451+0000][1][safepoint    ] Safepoint "Cleanup", Time since last: 1000116169 ns, Reaching safepoint: 85479 ns, At safepoint: 9335 ns, Total: 94814 ns
[2020-09-11T17:06:40.095+0000][1][safepoint    ] Safepoint "RevokeBias", Time since last: 644329745 ns, Reaching safepoint: 254665 ns, At safepoint: 348403 ns, Total: 603068 ns
[2020-09-11T17:06:40.467+0000][1][safepoint    ] Safepoint "RevokeBias", Time since last: 371624374 ns, Reaching safepoint: 96701 ns, At safepoint: 29737 ns, Total: 126438 ns
[2020-09-11T17:06:41.467+0000][1][safepoint    ] Safepoint "Cleanup", Time since last: 1000113687 ns, Reaching safepoint: 84095 ns, At safepoint: 10805 ns, Total: 94900 ns
[2020-09-11T17:06:42.468+0000][1][safepoint    ] Safepoint "Cleanup", Time since last: 1000118255 ns, Reaching safepoint: 89648 ns, At safepoint: 11827 ns, Total: 101475 ns
[2020-09-11T17:06:42.898+0000][1][gc,start     ] GC(122) Pause Young (Allocation Failure)
[2020-09-11T17:06:42.898+0000][1][gc,task      ] GC(122) Using 1 workers of 1 for evacuation
[2020-09-11T17:06:42.927+0000][1][gc,age       ] GC(122) Desired survivor size 4358144 bytes, new threshold 6 (max threshold 6)
[2020-09-11T17:06:42.927+0000][1][gc,age       ] GC(122) Age table with threshold 6 (max threshold 6)
[2020-09-11T17:06:42.927+0000][1][gc,age       ] GC(122) - age   1:     458088 bytes,     458088 total
[2020-09-11T17:06:42.927+0000][1][gc,age       ] GC(122) - age   2:      35784 bytes,     493872 total
[2020-09-11T17:06:42.927+0000][1][gc,age       ] GC(122) - age   3:      86200 bytes,     580072 total
[2020-09-11T17:06:42.927+0000][1][gc,age       ] GC(122) - age   4:      13064 bytes,     593136 total
[2020-09-11T17:06:42.927+0000][1][gc,age       ] GC(122) - age   5:      18224 bytes,     611360 total
[2020-09-11T17:06:42.927+0000][1][gc,age       ] GC(122) - age   6:       8424 bytes,     619784 total
[2020-09-11T17:06:42.927+0000][1][gc,heap      ] GC(122) ParNew: 69309K->747K(76672K)
[2020-09-11T17:06:42.927+0000][1][gc,heap      ] GC(122) CMS: 142987K->142999K(2011968K)
[2020-09-11T17:06:42.927+0000][1][gc,metaspace ] GC(122) Metaspace: 96048K->96048K(1138688K)
[2020-09-11T17:06:42.927+0000][1][gc           ] GC(122) Pause Young (Allocation Failure) 207M->140M(2039M) 28.503ms
[2020-09-11T17:06:42.927+0000][1][gc,cpu       ] GC(122) User=0.02s Sys=0.00s Real=0.03s
[2020-09-11T17:06:42.929+0000][1][safepoint    ] Safepoint "GenCollectForAllocation", Time since last: 430372003 ns, Reaching safepoint: 160221 ns, At safepoint: 30689349 ns, Total: 30849570 ns
[2020-09-11T17:06:43.929+0000][1][safepoint    ] Safepoint "Cleanup", Time since last: 1000288091 ns, Reaching safepoint: 91410 ns, At safepoint: 20306 ns, Total: 111716 ns
[2020-09-11T17:06:44.929+0000][1][safepoint    ] Safepoint "Cleanup", Time since last: 1000106446 ns, Reaching safepoint: 82731 ns, At safepoint: 6743 ns, Total: 89474 ns
[2020-09-11T17:06:45.112+0000][1][safepoint    ] Safepoint "RevokeBias", Time since last: 181972965 ns, Reaching safepoint: 231773 ns, At safepoint: 295608 ns, Total: 527381 ns
[2020-09-11T17:06:45.485+0000][1][safepoint    ] Safepoint "RevokeBias", Time since last: 372666795 ns, Reaching safepoint: 201399 ns, At safepoint: 30282 ns, Total: 231681 ns
[2020-09-11T17:06:47.487+0000][1][safepoint    ] Safepoint "Cleanup", Time since last: 2002015722 ns, Reaching safepoint: 88529 ns, At safepoint: 8928 ns, Total: 97457 ns
[2020-09-11T17:06:50.139+0000][1][safepoint    ] Safepoint "RevokeBias", Time since last: 2651115775 ns, Reaching safepoint: 229786 ns, At safepoint: 282807 ns, Total: 512593 ns
[2020-09-11T17:06:50.514+0000][1][safepoint    ] Safepoint "RevokeBias", Time since last: 374447742 ns, Reaching safepoint: 242102 ns, At safepoint: 335853 ns, Total: 577955 ns
[2020-09-11T17:06:53.514+0000][1][safepoint    ] Safepoint "Cleanup", Time since last: 3000271730 ns, Reaching safepoint: 96870 ns, At safepoint: 11566 ns, Total: 108436 ns
[2020-09-11T17:06:55.160+0000][1][safepoint    ] Safepoint "RevokeBias", Time since last: 1643877646 ns, Reaching safepoint: 2072029 ns, At safepoint: 30939 ns, Total: 2102968 ns
[2020-09-11T17:06:55.532+0000][1][safepoint    ] Safepoint "RevokeBias", Time since last: 371616085 ns, Reaching safepoint: 91598 ns, At safepoint: 29211 ns, Total: 120809 ns
[2020-09-11T17:06:56.532+0000][1][safepoint    ] Safepoint "Cleanup", Time since last: 1000129579 ns, Reaching safepoint: 95526 ns, At safepoint: 11796 ns, Total: 107322 ns
[2020-09-11T17:06:57.537+0000][1][safepoint    ] Safepoint "Cleanup", Time since last: 1004835116 ns, Reaching safepoint: 123791 ns, At safepoint: 10493 ns, Total: 134284 ns
[2020-09-11T17:06:59.537+0000][1][safepoint    ] Safepoint "Cleanup", Time since last: 2000195500 ns, Reaching safepoint: 94409 ns, At safepoint: 10787 ns, Total: 105196 ns
[2020-09-11T17:07:00.182+0000][1][safepoint    ] Safepoint "RevokeBias", Time since last: 644623897 ns, Reaching safepoint: 96166 ns, At safepoint: 28512 ns, Total: 124678 ns
[2020-09-11T17:07:00.548+0000][1][safepoint    ] Safepoint "RevokeBias", Time since last: 365821714 ns, Reaching safepoint: 249627 ns, At safepoint: 334845 ns, Total: 584472 ns
[2020-09-11T17:07:00.941+0000][1][gc,start     ] GC(123) Pause Young (Allocation Failure)
[2020-09-11T17:07:00.942+0000][1][gc,task      ] GC(123) Using 1 workers of 1 for evacuation
[2020-09-11T17:07:00.971+0000][1][gc,age       ] GC(123) Desired survivor size 4358144 bytes, new threshold 6 (max threshold 6)
[2020-09-11T17:07:00.971+0000][1][gc,age       ] GC(123) Age table with threshold 6 (max threshold 6)
[2020-09-11T17:07:00.971+0000][1][gc,age       ] GC(123) - age   1:     138736 bytes,     138736 total
[2020-09-11T17:07:00.971+0000][1][gc,age       ] GC(123) - age   2:     382272 bytes,     521008 total
[2020-09-11T17:07:00.971+0000][1][gc,age       ] GC(123) - age   3:      32720 bytes,     553728 total
[2020-09-11T17:07:00.971+0000][1][gc,age       ] GC(123) - age   4:      39248 bytes,     592976 total
[2020-09-11T17:07:00.971+0000][1][gc,age       ] GC(123) - age   5:      13064 bytes,     606040 total
[2020-09-11T17:07:00.971+0000][1][gc,age       ] GC(123) - age   6:      18224 bytes,     624264 total
[2020-09-11T17:07:00.971+0000][1][gc,heap      ] GC(123) ParNew: 68907K->1094K(76672K)
[2020-09-11T17:07:00.971+0000][1][gc,heap      ] GC(123) CMS: 142999K->143007K(2011968K)
[2020-09-11T17:07:00.971+0000][1][gc,metaspace ] GC(123) Metaspace: 96095K->96095K(1138688K)
[2020-09-11T17:07:00.971+0000][1][gc           ] GC(123) Pause Young (Allocation Failure) 206M->140M(2039M) 29.746ms
[2020-09-11T17:07:00.971+0000][1][gc,cpu       ] GC(123) User=0.01s Sys=0.00s Real=0.02s
[2020-09-11T17:07:00.971+0000][1][safepoint    ] Safepoint "GenCollectForAllocation", Time since last: 392924101 ns, Reaching safepoint: 159226 ns, At safepoint: 29895640 ns, Total: 30054866 ns
[2020-09-11T17:07:04.972+0000][1][safepoint    ] Safepoint "Cleanup", Time since last: 4000808876 ns, Reaching safepoint: 87855 ns, At safepoint: 7914 ns, Total: 95769 ns
[2020-09-11T17:07:05.225+0000][1][safepoint    ] Safepoint "RevokeBias", Time since last: 248787116 ns, Reaching safepoint: 3839975 ns, At safepoint: 33929 ns, Total: 3873904 ns
[2020-09-11T17:07:05.560+0000][1][safepoint    ] Safepoint "RevokeBias", Time since last: 334727817 ns, Reaching safepoint: 101053 ns, At safepoint: 30641 ns, Total: 131694 ns
[2020-09-11T17:07:10.237+0000][1][safepoint    ] Safepoint "BulkRevokeBias", Time since last: 4677336805 ns, Reaching safepoint: 101990 ns, At safepoint: 227812 ns, Total: 329802 ns
[2020-09-11T17:07:10.575+0000][1][safepoint    ] Safepoint "RevokeBias", Time since last: 337617814 ns, Reaching safepoint: 88181 ns, At safepoint: 26722 ns, Total: 114903 ns
[2020-09-11T17:07:15.256+0000][1][safepoint    ] Safepoint "RevokeBias", Time since last: 4680389772 ns, Reaching safepoint: 239701 ns, At safepoint: 319225 ns, Total: 558926 ns
[2020-09-11T17:07:15.591+0000][1][safepoint    ] Safepoint "RevokeBias", Time since last: 333874526 ns, Reaching safepoint: 269076 ns, At safepoint: 340655 ns, Total: 609731 ns
[2020-09-11T17:07:17.591+0000][1][safepoint    ] Safepoint "Cleanup", Time since last: 2000216505 ns, Reaching safepoint: 101555 ns, At safepoint: 9773 ns, Total: 111328 ns
[2020-09-11T17:07:20.292+0000][1][safepoint    ] Safepoint "RevokeBias", Time since last: 2700474557 ns, Reaching safepoint: 238777 ns, At safepoint: 315007 ns, Total: 553784 ns
[2020-09-11T17:07:20.617+0000][1][safepoint    ] Safepoint "RevokeBias", Time since last: 324299065 ns, Reaching safepoint: 248864 ns, At safepoint: 384001 ns, Total: 632865 ns
[2020-09-11T17:07:22.617+0000][1][safepoint    ] Safepoint "Cleanup", Time since last: 2000197038 ns, Reaching safepoint: 93349 ns, At safepoint: 11539 ns, Total: 104888 ns
[2020-09-11T17:07:23.617+0000][1][safepoint    ] Safepoint "Cleanup", Time since last: 1000146247 ns, Reaching safepoint: 95433 ns, At safepoint: 12079 ns, Total: 107512 ns
[2020-09-11T17:07:23.933+0000][1][gc,start     ] GC(124) Pause Young (Allocation Failure)
[2020-09-11T17:07:23.933+0000][1][gc,task      ] GC(124) Using 1 workers of 1 for evacuation
[2020-09-11T17:07:23.965+0000][1][gc,age       ] GC(124) Desired survivor size 4358144 bytes, new threshold 6 (max threshold 6)
[2020-09-11T17:07:23.965+0000][1][gc,age       ] GC(124) Age table with threshold 6 (max threshold 6)
[2020-09-11T17:07:23.965+0000][1][gc,age       ] GC(124) - age   1:     204720 bytes,     204720 total
[2020-09-11T17:07:23.965+0000][1][gc,age       ] GC(124) - age   2:      64920 bytes,     269640 total
[2020-09-11T17:07:23.965+0000][1][gc,age       ] GC(124) - age   3:     353632 bytes,     623272 total
[2020-09-11T17:07:23.965+0000][1][gc,age       ] GC(124) - age   4:      25304 bytes,     648576 total
[2020-09-11T17:07:23.965+0000][1][gc,age       ] GC(124) - age   5:       9232 bytes,     657808 total
[2020-09-11T17:07:23.965+0000][1][gc,age       ] GC(124) - age   6:      13032 bytes,     670840 total
[2020-09-11T17:07:23.965+0000][1][gc,heap      ] GC(124) ParNew: 69254K->730K(76672K)
[2020-09-11T17:07:23.965+0000][1][gc,heap      ] GC(124) CMS: 143007K->143025K(2011968K)
[2020-09-11T17:07:23.965+0000][1][gc,metaspace ] GC(124) Metaspace: 96112K->96112K(1138688K)
[2020-09-11T17:07:23.966+0000][1][gc           ] GC(124) Pause Young (Allocation Failure) 207M->140M(2039M) 32.483ms
[2020-09-11T17:07:23.966+0000][1][gc,cpu       ] GC(124) User=0.02s Sys=0.00s Real=0.03s
[2020-09-11T17:07:23.966+0000][1][safepoint    ] Safepoint "GenCollectForAllocation", Time since last: 315378494 ns, Reaching safepoint: 195857 ns, At safepoint: 32856437 ns, Total: 33052294 ns
[2020-09-11T17:07:25.332+0000][1][safepoint    ] Safepoint "RevokeBias", Time since last: 1365129476 ns, Reaching safepoint: 231897 ns, At safepoint: 290020 ns, Total: 521917 ns
[2020-09-11T17:07:25.642+0000][1][safepoint    ] Safepoint "RevokeBias", Time since last: 310287205 ns, Reaching safepoint: 97177 ns, At safepoint: 27789 ns, Total: 124966 ns
[2020-09-11T17:07:26.642+0000][1][safepoint    ] Safepoint "Cleanup", Time since last: 1000115594 ns, Reaching safepoint: 91908 ns, At safepoint: 10885 ns, Total: 102793 ns
[2020-09-11T17:07:27.642+0000][1][safepoint    ] Safepoint "Cleanup", Time since last: 1000116476 ns, Reaching safepoint: 91931 ns, At safepoint: 11458 ns, Total: 103389 ns
[2020-09-11T17:07:30.353+0000][1][safepoint    ] Safepoint "RevokeBias", Time since last: 2708602489 ns, Reaching safepoint: 1938563 ns, At safepoint: 304855 ns, Total: 2243418 ns
[2020-09-11T17:07:30.662+0000][1][safepoint    ] Safepoint "RevokeBias", Time since last: 308241865 ns, Reaching safepoint: 116325 ns, At safepoint: 30501 ns, Total: 146826 ns
[2020-09-11T17:07:32.662+0000][1][safepoint    ] Safepoint "Cleanup", Time since last: 2000188746 ns, Reaching safepoint: 91344 ns, At safepoint: 9593 ns, Total: 100937 ns
[2020-09-11T17:07:33.662+0000][1][safepoint    ] Safepoint "Cleanup", Time since last: 1000117989 ns, Reaching safepoint: 93577 ns, At safepoint: 11123 ns, Total: 104700 ns
[2020-09-11T17:07:34.662+0000][1][safepoint    ] Safepoint "Cleanup", Time since last: 1000115980 ns, Reaching safepoint: 93417 ns, At safepoint: 11504 ns, Total: 104921 ns
[2020-09-11T17:07:35.374+0000][1][safepoint    ] Safepoint "RevokeBias", Time since last: 710726831 ns, Reaching safepoint: 226710 ns, At safepoint: 284817 ns, Total: 511527 ns
[2020-09-11T17:07:35.676+0000][1][safepoint    ] Safepoint "RevokeBias", Time since last: 302212559 ns, Reaching safepoint: 93503 ns, At safepoint: 25445 ns, Total: 118948 ns
[2020-09-11T17:07:37.676+0000][1][safepoint    ] Safepoint "Cleanup", Time since last: 2000197218 ns, Reaching safepoint: 87128 ns, At safepoint: 9156 ns, Total: 96284 ns
[2020-09-11T17:07:38.676+0000][1][safepoint    ] Safepoint "Cleanup", Time since last: 1000116247 ns, Reaching safepoint: 84940 ns, At safepoint: 8998 ns, Total: 93938 ns
[2020-09-11T17:07:39.677+0000][1][safepoint    ] Safepoint "Cleanup", Time since last: 1000120727 ns, Reaching safepoint: 93337 ns, At safepoint: 10676 ns, Total: 104013 ns
[2020-09-11T17:07:40.441+0000][1][safepoint    ] Safepoint "RevokeBias", Time since last: 763767180 ns, Reaching safepoint: 85693 ns, At safepoint: 25780 ns, Total: 111473 ns
[2020-09-11T17:07:40.721+0000][1][safepoint    ] Safepoint "RevokeBias", Time since last: 280332844 ns, Reaching safepoint: 177526 ns, At safepoint: 30424 ns, Total: 207950 ns
[2020-09-11T17:07:41.721+0000][1][safepoint    ] Safepoint "Cleanup", Time since last: 1000119128 ns, Reaching safepoint: 89196 ns, At safepoint: 11286 ns, Total: 100482 ns
[2020-09-11T17:07:42.721+0000][1][safepoint    ] Safepoint "Cleanup", Time since last: 1000116529 ns, Reaching safepoint: 88068 ns, At safepoint: 11018 ns, Total: 99086 ns
[2020-09-11T17:07:43.722+0000][1][safepoint    ] Safepoint "Cleanup", Time since last: 1000117536 ns, Reaching safepoint: 88432 ns, At safepoint: 10768 ns, Total: 99200 ns
[2020-09-11T17:07:44.722+0000][1][safepoint    ] Safepoint "Cleanup", Time since last: 1000129602 ns, Reaching safepoint: 104670 ns, At safepoint: 11096 ns, Total: 115766 ns
[2020-09-11T17:07:45.456+0000][1][safepoint    ] Safepoint "RevokeBias", Time since last: 733479958 ns, Reaching safepoint: 241559 ns, At safepoint: 386054 ns, Total: 627613 ns
[2020-09-11T17:07:45.737+0000][1][safepoint    ] Safepoint "RevokeBias", Time since last: 280282133 ns, Reaching safepoint: 237401 ns, At safepoint: 340641 ns, Total: 578042 ns
[2020-09-11T17:07:46.737+0000][1][safepoint    ] Safepoint "Cleanup", Time since last: 1000120822 ns, Reaching safepoint: 88810 ns, At safepoint: 13944 ns, Total: 102754 ns
[2020-09-11T17:07:46.972+0000][1][gc,start     ] GC(125) Pause Young (Allocation Failure)
[2020-09-11T17:07:46.972+0000][1][gc,task      ] GC(125) Using 1 workers of 1 for evacuation
[2020-09-11T17:07:47.000+0000][1][gc,age       ] GC(125) Desired survivor size 4358144 bytes, new threshold 6 (max threshold 6)
[2020-09-11T17:07:47.000+0000][1][gc,age       ] GC(125) Age table with threshold 6 (max threshold 6)
[2020-09-11T17:07:47.000+0000][1][gc,age       ] GC(125) - age   1:     396576 bytes,     396576 total
[2020-09-11T17:07:47.000+0000][1][gc,age       ] GC(125) - age   2:     110320 bytes,     506896 total
[2020-09-11T17:07:47.000+0000][1][gc,age       ] GC(125) - age   3:      61552 bytes,     568448 total
[2020-09-11T17:07:47.000+0000][1][gc,age       ] GC(125) - age   4:     103304 bytes,     671752 total
[2020-09-11T17:07:47.000+0000][1][gc,age       ] GC(125) - age   5:      23072 bytes,     694824 total
[2020-09-11T17:07:47.000+0000][1][gc,age       ] GC(125) - age   6:       8960 bytes,     703784 total
[2020-09-11T17:07:47.000+0000][1][gc,heap      ] GC(125) ParNew: 68890K->1165K(76672K)
[2020-09-11T17:07:47.000+0000][1][gc,heap      ] GC(125) CMS: 143025K->143038K(2011968K)
[2020-09-11T17:07:47.000+0000][1][gc,metaspace ] GC(125) Metaspace: 96123K->96123K(1138688K)
[2020-09-11T17:07:47.000+0000][1][gc           ] GC(125) Pause Young (Allocation Failure) 206M->140M(2039M) 27.415ms
[2020-09-11T17:07:47.000+0000][1][gc,cpu       ] GC(125) User=0.02s Sys=0.00s Real=0.03s
[2020-09-11T17:07:47.005+0000][1][safepoint    ] Safepoint "GenCollectForAllocation", Time since last: 235092527 ns, Reaching safepoint: 153581 ns, At safepoint: 32489994 ns, Total: 32643575 ns
[2020-09-11T17:07:48.013+0000][1][safepoint    ] Safepoint "Cleanup", Time since last: 1008061587 ns, Reaching safepoint: 83742 ns, At safepoint: 10490 ns, Total: 94232 ns
[2020-09-11T17:07:49.013+0000][1][safepoint    ] Safepoint "Cleanup", Time since last: 1000111209 ns, Reaching safepoint: 81221 ns, At safepoint: 9413 ns, Total: 90634 ns
[2020-09-11T17:07:50.013+0000][1][safepoint    ] Safepoint "Cleanup", Time since last: 1000109007 ns, Reaching safepoint: 81973 ns, At safepoint: 10418 ns, Total: 92391 ns
[2020-09-11T17:07:50.477+0000][1][safepoint    ] Safepoint "RevokeBias", Time since last: 463626954 ns, Reaching safepoint: 102200 ns, At safepoint: 28005 ns, Total: 130205 ns
[2020-09-11T17:07:50.752+0000][1][safepoint    ] Safepoint "RevokeBias", Time since last: 274668586 ns, Reaching safepoint: 173858 ns, At safepoint: 37810 ns, Total: 211668 ns
[2020-09-11T17:07:51.752+0000][1][safepoint    ] Safepoint "Cleanup", Time since last: 1000124340 ns, Reaching safepoint: 80506 ns, At safepoint: 9815 ns, Total: 90321 ns
[2020-09-11T17:07:52.753+0000][1][safepoint    ] Safepoint "Cleanup", Time since last: 1000113750 ns, Reaching safepoint: 86004 ns, At safepoint: 10042 ns, Total: 96046 ns
[2020-09-11T17:07:53.753+0000][1][safepoint    ] Safepoint "Cleanup", Time since last: 1000116263 ns, Reaching safepoint: 94725 ns, At safepoint: 9950 ns, Total: 104675 ns
[2020-09-11T17:07:54.753+0000][1][safepoint    ] Safepoint "Cleanup", Time since last: 1000356538 ns, Reaching safepoint: 86456 ns, At safepoint: 9675 ns, Total: 96131 ns
[2020-09-11T17:07:55.493+0000][1][safepoint    ] Safepoint "RevokeBias", Time since last: 739716666 ns, Reaching safepoint: 234681 ns, At safepoint: 277715 ns, Total: 512396 ns
[2020-09-11T17:07:55.773+0000][1][safepoint    ] Safepoint "RevokeBias", Time since last: 279211366 ns, Reaching safepoint: 88167 ns, At safepoint: 60668 ns, Total: 148835 ns
[2020-09-11T17:07:56.773+0000][1][safepoint    ] Safepoint "Cleanup", Time since last: 1000117005 ns, Reaching safepoint: 89708 ns, At safepoint: 11087 ns, Total: 100795 ns
[2020-09-11T17:07:57.773+0000][1][safepoint    ] Safepoint "Cleanup", Time since last: 1000113688 ns, Reaching safepoint: 86014 ns, At safepoint: 10724 ns, Total: 96738 ns
[2020-09-11T17:07:58.773+0000][1][safepoint    ] Safepoint "Cleanup", Time since last: 1000119640 ns, Reaching safepoint: 90021 ns, At safepoint: 11374 ns, Total: 101395 ns
[2020-09-11T17:07:59.774+0000][1][safepoint    ] Safepoint "Cleanup", Time since last: 1000114899 ns, Reaching safepoint: 87311 ns, At safepoint: 11159 ns, Total: 98470 ns
[2020-09-11T17:08:00.513+0000][1][safepoint    ] Safepoint "RevokeBias", Time since last: 738526904 ns, Reaching safepoint: 240886 ns, At safepoint: 294548 ns, Total: 535434 ns
[2020-09-11T17:08:00.789+0000][1][safepoint    ] Safepoint "RevokeBias", Time since last: 276361250 ns, Reaching safepoint: 89305 ns, At safepoint: 28029 ns, Total: 117334 ns
[2020-09-11T17:08:01.789+0000][1][safepoint    ] Safepoint "Cleanup", Time since last: 1000119550 ns, Reaching safepoint: 83840 ns, At safepoint: 10783 ns, Total: 94623 ns
[2020-09-11T17:08:02.790+0000][1][safepoint    ] Safepoint "Cleanup", Time since last: 1000117012 ns, Reaching safepoint: 87968 ns, At safepoint: 10308 ns, Total: 98276 ns
[2020-09-11T17:08:03.790+0000][1][safepoint    ] Safepoint "Cleanup", Time since last: 1000110146 ns, Reaching safepoint: 80760 ns, At safepoint: 7364 ns, Total: 88124 ns
[2020-09-11T17:08:04.793+0000][1][safepoint    ] Safepoint "Cleanup", Time since last: 1002974731 ns, Reaching safepoint: 197346 ns, At safepoint: 9366 ns, Total: 206712 ns
[2020-09-11T17:08:05.537+0000][1][safepoint    ] Safepoint "RevokeBias", Time since last: 744035501 ns, Reaching safepoint: 105673 ns, At safepoint: 30999 ns, Total: 136672 ns
[2020-09-11T17:08:05.802+0000][1][safepoint    ] Safepoint "RevokeBias", Time since last: 263792452 ns, Reaching safepoint: 243114 ns, At safepoint: 362233 ns, Total: 605347 ns
[2020-09-11T17:08:07.167+0000][1][gc,start     ] GC(126) Pause Young (Allocation Failure)
[2020-09-11T17:08:07.167+0000][1][gc,task      ] GC(126) Using 1 workers of 1 for evacuation
[2020-09-11T17:08:07.208+0000][1][gc,age       ] GC(126) Desired survivor size 4358144 bytes, new threshold 6 (max threshold 6)
[2020-09-11T17:08:07.208+0000][1][gc,age       ] GC(126) Age table with threshold 6 (max threshold 6)
[2020-09-11T17:08:07.208+0000][1][gc,age       ] GC(126) - age   1:     187016 bytes,     187016 total
[2020-09-11T17:08:07.208+0000][1][gc,age       ] GC(126) - age   2:     297664 bytes,     484680 total
[2020-09-11T17:08:07.208+0000][1][gc,age       ] GC(126) - age   3:     109088 bytes,     593768 total
[2020-09-11T17:08:07.208+0000][1][gc,age       ] GC(126) - age   4:      14128 bytes,     607896 total
[2020-09-11T17:08:07.208+0000][1][gc,age       ] GC(126) - age   5:      78104 bytes,     686000 total
[2020-09-11T17:08:07.208+0000][1][gc,age       ] GC(126) - age   6:      23072 bytes,     709072 total
[2020-09-11T17:08:07.209+0000][1][gc,heap      ] GC(126) ParNew: 69325K->806K(76672K)
[2020-09-11T17:08:07.209+0000][1][gc,heap      ] GC(126) CMS: 143038K->143046K(2011968K)
[2020-09-11T17:08:07.209+0000][1][gc,metaspace ] GC(126) Metaspace: 96146K->96146K(1138688K)
[2020-09-11T17:08:07.209+0000][1][gc           ] GC(126) Pause Young (Allocation Failure) 207M->140M(2039M) 41.365ms
[2020-09-11T17:08:07.209+0000][1][gc,cpu       ] GC(126) User=0.02s Sys=0.00s Real=0.04s
[2020-09-11T17:08:07.218+0000][1][safepoint    ] Safepoint "GenCollectForAllocation", Time since last: 1365472322 ns, Reaching safepoint: 182969 ns, At safepoint: 50988498 ns, Total: 51171467 ns
[2020-09-11T17:08:10.562+0000][1][safepoint    ] Safepoint "RevokeBias", Time since last: 3343850008 ns, Reaching safepoint: 184384 ns, At safepoint: 28664 ns, Total: 213048 ns
[2020-09-11T17:08:10.823+0000][1][safepoint    ] Safepoint "RevokeBias", Time since last: 260389001 ns, Reaching safepoint: 86575 ns, At safepoint: 27623 ns, Total: 114198 ns
[2020-09-11T17:08:14.823+0000][1][safepoint    ] Safepoint "Cleanup", Time since last: 4000388911 ns, Reaching safepoint: 89602 ns, At safepoint: 8767 ns, Total: 98369 ns
[2020-09-11T17:08:15.591+0000][1][safepoint    ] Safepoint "RevokeBias", Time since last: 767169908 ns, Reaching safepoint: 238591 ns, At safepoint: 330110 ns, Total: 568701 ns
[2020-09-11T17:08:15.848+0000][1][safepoint    ] Safepoint "RevokeBias", Time since last: 256957987 ns, Reaching safepoint: 83976 ns, At safepoint: 27585 ns, Total: 111561 ns
[2020-09-11T17:08:17.848+0000][1][safepoint    ] Safepoint "Cleanup", Time since last: 2000206755 ns, Reaching safepoint: 89204 ns, At safepoint: 11687 ns, Total: 100891 ns
[2020-09-11T17:08:20.606+0000][1][safepoint    ] Safepoint "RevokeBias", Time since last: 2757720853 ns, Reaching safepoint: 181165 ns, At safepoint: 31001 ns, Total: 212166 ns
[2020-09-11T17:08:20.866+0000][1][safepoint    ] Safepoint "BulkRevokeBias", Time since last: 259448902 ns, Reaching safepoint: 92377 ns, At safepoint: 262637 ns, Total: 355014 ns
[2020-09-11T17:08:23.867+0000][1][safepoint    ] Safepoint "Cleanup", Time since last: 3000286081 ns, Reaching safepoint: 100738 ns, At safepoint: 12064 ns, Total: 112802 ns
[2020-09-11T17:08:24.867+0000][1][safepoint    ] Safepoint "Cleanup", Time since last: 1000118527 ns, Reaching safepoint: 94655 ns, At safepoint: 11898 ns, Total: 106553 ns
[2020-09-11T17:08:25.635+0000][1][safepoint    ] Safepoint "RevokeBias", Time since last: 767791363 ns, Reaching safepoint: 84336 ns, At safepoint: 23968 ns, Total: 108304 ns
[2020-09-11T17:08:25.910+0000][1][safepoint    ] Safepoint "RevokeBias", Time since last: 275495079 ns, Reaching safepoint: 180139 ns, At safepoint: 29842 ns, Total: 209981 ns
[2020-09-11T17:08:26.026+0000][1][gc,start     ] GC(127) Pause Young (Allocation Failure)
[2020-09-11T17:08:26.026+0000][1][gc,task      ] GC(127) Using 1 workers of 1 for evacuation
[2020-09-11T17:08:26.056+0000][1][gc,age       ] GC(127) Desired survivor size 4358144 bytes, new threshold 6 (max threshold 6)
[2020-09-11T17:08:26.056+0000][1][gc,age       ] GC(127) Age table with threshold 6 (max threshold 6)
[2020-09-11T17:08:26.056+0000][1][gc,age       ] GC(127) - age   1:     104896 bytes,     104896 total
[2020-09-11T17:08:26.056+0000][1][gc,age       ] GC(127) - age   2:      95376 bytes,     200272 total
[2020-09-11T17:08:26.056+0000][1][gc,age       ] GC(127) - age   3:     294448 bytes,     494720 total
[2020-09-11T17:08:26.056+0000][1][gc,age       ] GC(127) - age   4:     105168 bytes,     599888 total
[2020-09-11T17:08:26.056+0000][1][gc,age       ] GC(127) - age   5:       8520 bytes,     608408 total
[2020-09-11T17:08:26.056+0000][1][gc,age       ] GC(127) - age   6:      75992 bytes,     684400 total
[2020-09-11T17:08:26.056+0000][1][gc,heap      ] GC(127) ParNew: 68966K->1240K(76672K)
[2020-09-11T17:08:26.056+0000][1][gc,heap      ] GC(127) CMS: 143046K->143069K(2011968K)
[2020-09-11T17:08:26.056+0000][1][gc,metaspace ] GC(127) Metaspace: 96169K->96169K(1138688K)
[2020-09-11T17:08:26.056+0000][1][gc           ] GC(127) Pause Young (Allocation Failure) 207M->140M(2039M) 30.235ms
[2020-09-11T17:08:26.056+0000][1][gc,cpu       ] GC(127) User=0.01s Sys=0.00s Real=0.03s
[2020-09-11T17:08:26.056+0000][1][safepoint    ] Safepoint "GenCollectForAllocation", Time since last: 115553932 ns, Reaching safepoint: 157603 ns, At safepoint: 30352567 ns, Total: 30510170 ns
[2020-09-11T17:08:27.057+0000][1][safepoint    ] Safepoint "Cleanup", Time since last: 1000266838 ns, Reaching safepoint: 92960 ns, At safepoint: 20156 ns, Total: 113116 ns
[2020-09-11T17:08:28.057+0000][1][safepoint    ] Safepoint "Cleanup", Time since last: 1000105432 ns, Reaching safepoint: 88233 ns, At safepoint: 8808 ns, Total: 97041 ns
[2020-09-11T17:08:30.057+0000][1][safepoint    ] Safepoint "Cleanup", Time since last: 2000211722 ns, Reaching safepoint: 96182 ns, At safepoint: 9635 ns, Total: 105817 ns
[2020-09-11T17:08:30.651+0000][1][safepoint    ] Safepoint "RevokeBias", Time since last: 593142445 ns, Reaching safepoint: 89346 ns, At safepoint: 27054 ns, Total: 116400 ns
[2020-09-11T17:08:30.936+0000][1][safepoint    ] Safepoint "RevokeBias", Time since last: 285298539 ns, Reaching safepoint: 174158 ns, At safepoint: 29049 ns, Total: 203207 ns
[2020-09-11T17:08:34.937+0000][1][safepoint    ] Safepoint "Cleanup", Time since last: 4000352381 ns, Reaching safepoint: 85959 ns, At safepoint: 8768 ns, Total: 94727 ns
[2020-09-11T17:08:35.667+0000][1][safepoint    ] Safepoint "RevokeBias", Time since last: 730088581 ns, Reaching safepoint: 254404 ns, At safepoint: 356128 ns, Total: 610532 ns
[2020-09-11T17:08:35.957+0000][1][safepoint    ] Safepoint "RevokeBias", Time since last: 288980578 ns, Reaching safepoint: 234408 ns, At safepoint: 302924 ns, Total: 537332 ns
[2020-09-11T17:08:36.957+0000][1][safepoint    ] Safepoint "Cleanup", Time since last: 1000150745 ns, Reaching safepoint: 79232 ns, At safepoint: 9769 ns, Total: 89001 ns
[2020-09-11T17:08:37.957+0000][1][safepoint    ] Safepoint "Cleanup", Time since last: 1000117127 ns, Reaching safepoint: 102344 ns, At safepoint: 11982 ns, Total: 114326 ns
[2020-09-11T17:08:38.957+0000][1][safepoint    ] Safepoint "Cleanup", Time since last: 1000115758 ns, Reaching safepoint: 86030 ns, At safepoint: 32763 ns, Total: 118793 ns
[2020-09-11T17:08:39.958+0000][1][safepoint    ] Safepoint "Cleanup", Time since last: 1000129008 ns, Reaching safepoint: 83514 ns, At safepoint: 10138 ns, Total: 93652 ns
[2020-09-11T17:08:40.688+0000][1][safepoint    ] Safepoint "RevokeBias", Time since last: 730024130 ns, Reaching safepoint: 84049 ns, At safepoint: 28241 ns, Total: 112290 ns
[2020-09-11T17:08:40.986+0000][1][safepoint    ] Safepoint "RevokeBias", Time since last: 297972156 ns, Reaching safepoint: 174358 ns, At safepoint: 28019 ns, Total: 202377 ns
[2020-09-11T17:08:41.986+0000][1][safepoint    ] Safepoint "Cleanup", Time since last: 1000115955 ns, Reaching safepoint: 93292 ns, At safepoint: 10699 ns, Total: 103991 ns
[2020-09-11T17:08:42.986+0000][1][safepoint    ] Safepoint "Cleanup", Time since last: 1000117036 ns, Reaching safepoint: 83753 ns, At safepoint: 11639 ns, Total: 95392 ns
[2020-09-11T17:08:43.987+0000][1][safepoint    ] Safepoint "Cleanup", Time since last: 1000117526 ns, Reaching safepoint: 105763 ns, At safepoint: 12039 ns, Total: 117802 ns
[2020-09-11T17:08:44.987+0000][1][safepoint    ] Safepoint "Cleanup", Time since last: 1000120614 ns, Reaching safepoint: 93490 ns, At safepoint: 12472 ns, Total: 105962 ns
[2020-09-11T17:08:45.705+0000][1][safepoint    ] Safepoint "RevokeBias", Time since last: 717826121 ns, Reaching safepoint: 247708 ns, At safepoint: 339444 ns, Total: 587152 ns
[2020-09-11T17:08:46.002+0000][1][safepoint    ] Safepoint "RevokeBias", Time since last: 296495042 ns, Reaching safepoint: 95194 ns, At safepoint: 27210 ns, Total: 122404 ns
[2020-09-11T17:08:47.002+0000][1][safepoint    ] Safepoint "Cleanup", Time since last: 1000118580 ns, Reaching safepoint: 164585 ns, At safepoint: 8796 ns, Total: 173381 ns
[2020-09-11T17:08:48.002+0000][1][safepoint    ] Safepoint "Cleanup", Time since last: 1000117962 ns, Reaching safepoint: 93460 ns, At safepoint: 8572 ns, Total: 102032 ns
[2020-09-11T17:08:49.003+0000][1][safepoint    ] Safepoint "Cleanup", Time since last: 1000121780 ns, Reaching safepoint: 106880 ns, At safepoint: 11014 ns, Total: 117894 ns
[2020-09-11T17:08:50.003+0000][1][safepoint    ] Safepoint "Cleanup", Time since last: 1000112636 ns, Reaching safepoint: 84268 ns, At safepoint: 10215 ns, Total: 94483 ns
[2020-09-11T17:08:50.730+0000][1][safepoint    ] Safepoint "RevokeBias", Time since last: 726786512 ns, Reaching safepoint: 308745 ns, At safepoint: 299199 ns, Total: 607944 ns
[2020-09-11T17:08:51.014+0000][1][gc,start     ] GC(128) Pause Young (Allocation Failure)
[2020-09-11T17:08:51.015+0000][1][gc,task      ] GC(128) Using 1 workers of 1 for evacuation
[2020-09-11T17:08:51.040+0000][1][gc,age       ] GC(128) Desired survivor size 4358144 bytes, new threshold 6 (max threshold 6)
[2020-09-11T17:08:51.040+0000][1][gc,age       ] GC(128) Age table with threshold 6 (max threshold 6)
[2020-09-11T17:08:51.040+0000][1][gc,age       ] GC(128) - age   1:     423320 bytes,     423320 total
[2020-09-11T17:08:51.040+0000][1][gc,age       ] GC(128) - age   2:      32392 bytes,     455712 total
[2020-09-11T17:08:51.040+0000][1][gc,age       ] GC(128) - age   3:      90456 bytes,     546168 total
[2020-09-11T17:08:51.040+0000][1][gc,age       ] GC(128) - age   4:      65560 bytes,     611728 total
[2020-09-11T17:08:51.040+0000][1][gc,age       ] GC(128) - age   5:      39160 bytes,     650888 total
[2020-09-11T17:08:51.040+0000][1][gc,age       ] GC(128) - age   6:       8520 bytes,     659408 total
[2020-09-11T17:08:51.040+0000][1][gc,heap      ] GC(128) ParNew: 69400K->811K(76672K)
[2020-09-11T17:08:51.040+0000][1][gc,heap      ] GC(128) CMS: 143069K->143143K(2011968K)
[2020-09-11T17:08:51.040+0000][1][gc,metaspace ] GC(128) Metaspace: 96196K->96196K(1138688K)
[2020-09-11T17:08:51.040+0000][1][gc           ] GC(128) Pause Young (Allocation Failure) 207M->140M(2039M) 26.005ms
[2020-09-11T17:08:51.040+0000][1][gc,cpu       ] GC(128) User=0.02s Sys=0.00s Real=0.02s
[2020-09-11T17:08:51.049+0000][1][safepoint    ] Safepoint "GenCollectForAllocation", Time since last: 284126057 ns, Reaching safepoint: 77542 ns, At safepoint: 34562321 ns, Total: 34639863 ns
[2020-09-11T17:08:51.057+0000][1][safepoint    ] Safepoint "RevokeBias", Time since last: 7926939 ns, Reaching safepoint: 170923 ns, At safepoint: 41127 ns, Total: 212050 ns
[2020-09-11T17:08:52.058+0000][1][safepoint    ] Safepoint "Cleanup", Time since last: 1000815121 ns, Reaching safepoint: 80187 ns, At safepoint: 19566 ns, Total: 99753 ns
[2020-09-11T17:08:53.058+0000][1][safepoint    ] Safepoint "Cleanup", Time since last: 1000107109 ns, Reaching safepoint: 167689 ns, At safepoint: 7351 ns, Total: 175040 ns
[2020-09-11T17:08:54.059+0000][1][safepoint    ] Safepoint "Cleanup", Time since last: 1000106245 ns, Reaching safepoint: 80265 ns, At safepoint: 8057 ns, Total: 88322 ns
[2020-09-11T17:08:55.059+0000][1][safepoint    ] Safepoint "Cleanup", Time since last: 1000102279 ns, Reaching safepoint: 75719 ns, At safepoint: 6724 ns, Total: 82443 ns
[2020-09-11T17:08:55.764+0000][1][safepoint    ] Safepoint "RevokeBias", Time since last: 704600677 ns, Reaching safepoint: 231778 ns, At safepoint: 272189 ns, Total: 503967 ns
[2020-09-11T17:08:56.088+0000][1][safepoint    ] Safepoint "RevokeBias", Time since last: 323662919 ns, Reaching safepoint: 89439 ns, At safepoint: 26874 ns, Total: 116313 ns
[2020-09-11T17:08:57.088+0000][1][safepoint    ] Safepoint "Cleanup", Time since last: 1000122790 ns, Reaching safepoint: 94599 ns, At safepoint: 11599 ns, Total: 106198 ns
[2020-09-11T17:08:58.088+0000][1][safepoint    ] Safepoint "Cleanup", Time since last: 1000148148 ns, Reaching safepoint: 97414 ns, At safepoint: 11986 ns, Total: 109400 ns
[2020-09-11T17:08:59.088+0000][1][safepoint    ] Safepoint "Cleanup", Time since last: 1000124191 ns, Reaching safepoint: 92893 ns, At safepoint: 11156 ns, Total: 104049 ns
[2020-09-11T17:09:00.089+0000][1][safepoint    ] Safepoint "Cleanup", Time since last: 1000120092 ns, Reaching safepoint: 85003 ns, At safepoint: 10729 ns, Total: 95732 ns
[2020-09-11T17:09:00.796+0000][1][safepoint    ] Safepoint "RevokeBias", Time since last: 707836461 ns, Reaching safepoint: 92500 ns, At safepoint: 28525 ns, Total: 121025 ns
[2020-09-11T17:09:01.109+0000][1][safepoint    ] Safepoint "RevokeBias", Time since last: 312346873 ns, Reaching safepoint: 89006 ns, At safepoint: 28017 ns, Total: 117023 ns
[2020-09-11T17:09:02.109+0000][1][safepoint    ] Safepoint "Cleanup", Time since last: 1000114824 ns, Reaching safepoint: 84243 ns, At safepoint: 10690 ns, Total: 94933 ns
[2020-09-11T17:09:03.109+0000][1][safepoint    ] Safepoint "Cleanup", Time since last: 1000141344 ns, Reaching safepoint: 82708 ns, At safepoint: 9968 ns, Total: 92676 ns
[2020-09-11T17:09:04.110+0000][1][safepoint    ] Safepoint "Cleanup", Time since last: 1000112387 ns, Reaching safepoint: 85972 ns, At safepoint: 10318 ns, Total: 96290 ns
[2020-09-11T17:09:05.110+0000][1][safepoint    ] Safepoint "Cleanup", Time since last: 1000114191 ns, Reaching safepoint: 83141 ns, At safepoint: 10603 ns, Total: 93744 ns
[2020-09-11T17:09:05.828+0000][1][safepoint    ] Safepoint "RevokeBias", Time since last: 717804584 ns, Reaching safepoint: 100085 ns, At safepoint: 27664 ns, Total: 127749 ns
[2020-09-11T17:09:06.136+0000][1][safepoint    ] Safepoint "RevokeBias", Time since last: 308106606 ns, Reaching safepoint: 92586 ns, At safepoint: 27053 ns, Total: 119639 ns
[2020-09-11T17:09:07.136+0000][1][safepoint    ] Safepoint "Cleanup", Time since last: 1000123701 ns, Reaching safepoint: 90487 ns, At safepoint: 11386 ns, Total: 101873 ns
[2020-09-11T17:09:08.136+0000][1][safepoint    ] Safepoint "Cleanup", Time since last: 1000124890 ns, Reaching safepoint: 91769 ns, At safepoint: 11327 ns, Total: 103096 ns
[2020-09-11T17:09:09.137+0000][1][safepoint    ] Safepoint "Cleanup", Time since last: 1000116943 ns, Reaching safepoint: 89887 ns, At safepoint: 10850 ns, Total: 100737 ns
[2020-09-11T17:09:10.137+0000][1][safepoint    ] Safepoint "Cleanup", Time since last: 1000128781 ns, Reaching safepoint: 83495 ns, At safepoint: 10654 ns, Total: 94149 ns
[2020-09-11T17:09:10.870+0000][1][safepoint    ] Safepoint "RevokeBias", Time since last: 732695735 ns, Reaching safepoint: 180387 ns, At safepoint: 28296 ns, Total: 208683 ns
[2020-09-11T17:09:11.157+0000][1][safepoint    ] Safepoint "RevokeBias", Time since last: 285705056 ns, Reaching safepoint: 1374319 ns, At safepoint: 30561 ns, Total: 1404880 ns
[2020-09-11T17:09:12.157+0000][1][safepoint    ] Safepoint "Cleanup", Time since last: 1000117804 ns, Reaching safepoint: 85642 ns, At safepoint: 11014 ns, Total: 96656 ns
[2020-09-11T17:09:13.157+0000][1][safepoint    ] Safepoint "Cleanup", Time since last: 1000117311 ns, Reaching safepoint: 83455 ns, At safepoint: 10811 ns, Total: 94266 ns
[2020-09-11T17:09:14.158+0000][1][safepoint    ] Safepoint "Cleanup", Time since last: 1000126279 ns, Reaching safepoint: 81679 ns, At safepoint: 10588 ns, Total: 92267 ns
[2020-09-11T17:09:14.782+0000][1][gc,start     ] GC(129) Pause Young (Allocation Failure)
[2020-09-11T17:09:14.787+0000][1][gc,task      ] GC(129) Using 1 workers of 1 for evacuation
[2020-09-11T17:09:14.816+0000][1][gc,age       ] GC(129) Desired survivor size 4358144 bytes, new threshold 6 (max threshold 6)
[2020-09-11T17:09:14.816+0000][1][gc,age       ] GC(129) Age table with threshold 6 (max threshold 6)
[2020-09-11T17:09:14.816+0000][1][gc,age       ] GC(129) - age   1:     230904 bytes,     230904 total
[2020-09-11T17:09:14.816+0000][1][gc,age       ] GC(129) - age   2:     346080 bytes,     576984 total
[2020-09-11T17:09:14.816+0000][1][gc,age       ] GC(129) - age   3:      28616 bytes,     605600 total
[2020-09-11T17:09:14.816+0000][1][gc,age       ] GC(129) - age   4:      37008 bytes,     642608 total
[2020-09-11T17:09:14.816+0000][1][gc,age       ] GC(129) - age   5:       9952 bytes,     652560 total
[2020-09-11T17:09:14.816+0000][1][gc,age       ] GC(129) - age   6:      39160 bytes,     691720 total
[2020-09-11T17:09:14.816+0000][1][gc,heap      ] GC(129) ParNew: 68971K->1168K(76672K)
[2020-09-11T17:09:14.816+0000][1][gc,heap      ] GC(129) CMS: 143143K->143152K(2011968K)
[2020-09-11T17:09:14.816+0000][1][gc,metaspace ] GC(129) Metaspace: 96239K->96239K(1138688K)
[2020-09-11T17:09:14.816+0000][1][gc           ] GC(129) Pause Young (Allocation Failure) 207M->140M(2039M) 34.260ms
[2020-09-11T17:09:14.816+0000][1][gc,cpu       ] GC(129) User=0.02s Sys=0.00s Real=0.03s
[2020-09-11T17:09:14.821+0000][1][safepoint    ] Safepoint "GenCollectForAllocation", Time since last: 623281005 ns, Reaching safepoint: 1004680 ns, At safepoint: 38968306 ns, Total: 39972986 ns
[2020-09-11T17:09:15.827+0000][1][safepoint    ] Safepoint "Cleanup", Time since last: 1006079750 ns, Reaching safepoint: 85450 ns, At safepoint: 10145 ns, Total: 95595 ns
[2020-09-11T17:09:15.887+0000][1][safepoint    ] Safepoint "RevokeBias", Time since last: 59505714 ns, Reaching safepoint: 98442 ns, At safepoint: 27420 ns, Total: 125862 ns
[2020-09-11T17:09:16.169+0000][1][safepoint    ] Safepoint "RevokeBias", Time since last: 282273103 ns, Reaching safepoint: 93631 ns, At safepoint: 25991 ns, Total: 119622 ns
[2020-09-11T17:09:17.169+0000][1][safepoint    ] Safepoint "Cleanup", Time since last: 1000119596 ns, Reaching safepoint: 81246 ns, At safepoint: 8409 ns, Total: 89655 ns
[2020-09-11T17:09:18.169+0000][1][safepoint    ] Safepoint "Cleanup", Time since last: 1000115496 ns, Reaching safepoint: 87973 ns, At safepoint: 11306 ns, Total: 99279 ns
[2020-09-11T17:09:19.170+0000][1][safepoint    ] Safepoint "Cleanup", Time since last: 1000120952 ns, Reaching safepoint: 87728 ns, At safepoint: 12553 ns, Total: 100281 ns
[2020-09-11T17:09:20.170+0000][1][safepoint    ] Safepoint "Cleanup", Time since last: 1000118153 ns, Reaching safepoint: 105323 ns, At safepoint: 11438 ns, Total: 116761 ns
[2020-09-11T17:09:20.917+0000][1][safepoint    ] Safepoint "RevokeBias", Time since last: 743691648 ns, Reaching safepoint: 3414419 ns, At safepoint: 53244 ns, Total: 3467663 ns
[2020-09-11T17:09:21.191+0000][1][safepoint    ] Safepoint "RevokeBias", Time since last: 272889009 ns, Reaching safepoint: 243381 ns, At safepoint: 356586 ns, Total: 599967 ns
[2020-09-11T17:09:23.191+0000][1][safepoint    ] Safepoint "Cleanup", Time since last: 2000202107 ns, Reaching safepoint: 95730 ns, At safepoint: 11164 ns, Total: 106894 ns
[2020-09-11T17:09:25.933+0000][1][safepoint    ] Safepoint "RevokeBias", Time since last: 2739055237 ns, Reaching safepoint: 3065408 ns, At safepoint: 349096 ns, Total: 3414504 ns
[2020-09-11T17:09:26.229+0000][1][safepoint    ] Safepoint "RevokeBias", Time since last: 295483208 ns, Reaching safepoint: 92841 ns, At safepoint: 28579 ns, Total: 121420 ns
[2020-09-11T17:09:27.229+0000][1][safepoint    ] Safepoint "Cleanup", Time since last: 1000093634 ns, Reaching safepoint: 87983 ns, At safepoint: 9021 ns, Total: 97004 ns
[2020-09-11T17:09:28.245+0000][1][safepoint    ] Safepoint "Cleanup", Time since last: 1016031552 ns, Reaching safepoint: 86112 ns, At safepoint: 10031 ns, Total: 96143 ns
[2020-09-11T17:09:29.245+0000][1][safepoint    ] Safepoint "Cleanup", Time since last: 1000117900 ns, Reaching safepoint: 86656 ns, At safepoint: 10978 ns, Total: 97634 ns
[2020-09-11T17:09:30.246+0000][1][safepoint    ] Safepoint "Cleanup", Time since last: 1000113208 ns, Reaching safepoint: 83564 ns, At safepoint: 10065 ns, Total: 93629 ns
[2020-09-11T17:09:30.953+0000][1][safepoint    ] Safepoint "RevokeBias", Time since last: 705997218 ns, Reaching safepoint: 1304063 ns, At safepoint: 342304 ns, Total: 1646367 ns
[2020-09-11T17:09:31.244+0000][1][safepoint    ] Safepoint "RevokeBias", Time since last: 290849216 ns, Reaching safepoint: 93966 ns, At safepoint: 28532 ns, Total: 122498 ns
[2020-09-11T17:09:32.244+0000][1][safepoint    ] Safepoint "Cleanup", Time since last: 1000115036 ns, Reaching safepoint: 83493 ns, At safepoint: 11196 ns, Total: 94689 ns
[2020-09-11T17:09:33.245+0000][1][safepoint    ] Safepoint "Cleanup", Time since last: 1000113519 ns, Reaching safepoint: 85727 ns, At safepoint: 10651 ns, Total: 96378 ns
[2020-09-11T17:09:34.245+0000][1][safepoint    ] Safepoint "Cleanup", Time since last: 1000109940 ns, Reaching safepoint: 87107 ns, At safepoint: 11452 ns, Total: 98559 ns
[2020-09-11T17:09:35.245+0000][1][safepoint    ] Safepoint "Cleanup", Time since last: 1000112567 ns, Reaching safepoint: 90458 ns, At safepoint: 11076 ns, Total: 101534 ns
[2020-09-11T17:09:35.315+0000][1][gc,start     ] GC(130) Pause Young (Allocation Failure)
[2020-09-11T17:09:35.315+0000][1][gc,task      ] GC(130) Using 1 workers of 1 for evacuation
[2020-09-11T17:09:35.347+0000][1][gc,age       ] GC(130) Desired survivor size 4358144 bytes, new threshold 6 (max threshold 6)
[2020-09-11T17:09:35.347+0000][1][gc,age       ] GC(130) Age table with threshold 6 (max threshold 6)
[2020-09-11T17:09:35.347+0000][1][gc,age       ] GC(130) - age   1:     233776 bytes,     233776 total
[2020-09-11T17:09:35.347+0000][1][gc,age       ] GC(130) - age   2:     133856 bytes,     367632 total
[2020-09-11T17:09:35.347+0000][1][gc,age       ] GC(130) - age   3:     342344 bytes,     709976 total
[2020-09-11T17:09:35.347+0000][1][gc,age       ] GC(130) - age   4:      25224 bytes,     735200 total
[2020-09-11T17:09:35.347+0000][1][gc,age       ] GC(130) - age   5:       8176 bytes,     743376 total
[2020-09-11T17:09:35.347+0000][1][gc,age       ] GC(130) - age   6:       9952 bytes,     753328 total
[2020-09-11T17:09:35.350+0000][1][gc,heap      ] GC(130) ParNew: 69274K->798K(76672K)
[2020-09-11T17:09:35.350+0000][1][gc,heap      ] GC(130) CMS: 143152K->143190K(2011968K)
[2020-09-11T17:09:35.350+0000][1][gc,metaspace ] GC(130) Metaspace: 96257K->96257K(1138688K)
[2020-09-11T17:09:35.350+0000][1][gc           ] GC(130) Pause Young (Allocation Failure) 207M->140M(2039M) 34.947ms
[2020-09-11T17:09:35.350+0000][1][gc,cpu       ] GC(130) User=0.02s Sys=0.00s Real=0.03s
[2020-09-11T17:09:35.365+0000][1][safepoint    ] Safepoint "GenCollectForAllocation", Time since last: 70038511 ns, Reaching safepoint: 194448 ns, At safepoint: 49479229 ns, Total: 49673677 ns
[2020-09-11T17:09:35.973+0000][1][safepoint    ] Safepoint "BulkRevokeBias", Time since last: 607712735 ns, Reaching safepoint: 216853 ns, At safepoint: 425342 ns, Total: 642195 ns
[2020-09-11T17:09:36.263+0000][1][safepoint    ] Safepoint "RevokeBias", Time since last: 289407763 ns, Reaching safepoint: 93220 ns, At safepoint: 27426 ns, Total: 120646 ns
[2020-09-11T17:09:37.264+0000][1][safepoint    ] Safepoint "Cleanup", Time since last: 1000115901 ns, Reaching safepoint: 1597473 ns, At safepoint: 12039 ns, Total: 1609512 ns
[2020-09-11T17:09:38.265+0000][1][safepoint    ] Safepoint "Cleanup", Time since last: 1000111115 ns, Reaching safepoint: 86706 ns, At safepoint: 10667 ns, Total: 97373 ns
[2020-09-11T17:09:39.265+0000][1][safepoint    ] Safepoint "Cleanup", Time since last: 1000146108 ns, Reaching safepoint: 88267 ns, At safepoint: 10559 ns, Total: 98826 ns
[2020-09-11T17:09:40.265+0000][1][safepoint    ] Safepoint "Cleanup", Time since last: 1000114773 ns, Reaching safepoint: 84098 ns, At safepoint: 10591 ns, Total: 94689 ns
[2020-09-11T17:09:41.016+0000][1][safepoint    ] Safepoint "RevokeBias", Time since last: 750371277 ns, Reaching safepoint: 86924 ns, At safepoint: 26413 ns, Total: 113337 ns
[2020-09-11T17:09:41.275+0000][1][safepoint    ] Safepoint "RevokeBias", Time since last: 259500697 ns, Reaching safepoint: 93764 ns, At safepoint: 28571 ns, Total: 122335 ns
[2020-09-11T17:09:42.275+0000][1][safepoint    ] Safepoint "Cleanup", Time since last: 1000116440 ns, Reaching safepoint: 86035 ns, At safepoint: 10144 ns, Total: 96179 ns
[2020-09-11T17:09:43.276+0000][1][safepoint    ] Safepoint "Cleanup", Time since last: 1000116862 ns, Reaching safepoint: 87306 ns, At safepoint: 9880 ns, Total: 97186 ns
[2020-09-11T17:09:44.276+0000][1][safepoint    ] Safepoint "Cleanup", Time since last: 1000113123 ns, Reaching safepoint: 85044 ns, At safepoint: 9727 ns, Total: 94771 ns
[2020-09-11T17:09:45.276+0000][1][safepoint    ] Safepoint "Cleanup", Time since last: 1000114321 ns, Reaching safepoint: 89951 ns, At safepoint: 10318 ns, Total: 100269 ns
[2020-09-11T17:09:46.032+0000][1][safepoint    ] Safepoint "RevokeBias", Time since last: 755601552 ns, Reaching safepoint: 232652 ns, At safepoint: 315277 ns, Total: 547929 ns
[2020-09-11T17:09:46.296+0000][1][safepoint    ] Safepoint "RevokeBias", Time since last: 264058312 ns, Reaching safepoint: 188138 ns, At safepoint: 28290 ns, Total: 216428 ns
[2020-09-11T17:09:47.297+0000][1][safepoint    ] Safepoint "Cleanup", Time since last: 1000123601 ns, Reaching safepoint: 88764 ns, At safepoint: 13182 ns, Total: 101946 ns
[2020-09-11T17:09:48.299+0000][1][safepoint    ] Safepoint "Cleanup", Time since last: 1002674418 ns, Reaching safepoint: 105572 ns, At safepoint: 13106 ns, Total: 118678 ns
[2020-09-11T17:09:49.300+0000][1][safepoint    ] Safepoint "Cleanup", Time since last: 1000138189 ns, Reaching safepoint: 90090 ns, At safepoint: 12196 ns, Total: 102286 ns
[2020-09-11T17:09:50.300+0000][1][safepoint    ] Safepoint "Cleanup", Time since last: 1000113206 ns, Reaching safepoint: 84766 ns, At safepoint: 10477 ns, Total: 95243 ns
[2020-09-11T17:09:51.049+0000][1][safepoint    ] Safepoint "RevokeBias", Time since last: 747917723 ns, Reaching safepoint: 1056977 ns, At safepoint: 35344 ns, Total: 1092321 ns
[2020-09-11T17:09:51.314+0000][1][safepoint    ] Safepoint "RevokeBias", Time since last: 264656182 ns, Reaching safepoint: 89528 ns, At safepoint: 26129 ns, Total: 115657 ns
[2020-09-11T17:09:52.314+0000][1][safepoint    ] Safepoint "Cleanup", Time since last: 1000114811 ns, Reaching safepoint: 85133 ns, At safepoint: 11064 ns, Total: 96197 ns
[2020-09-11T17:09:53.314+0000][1][safepoint    ] Safepoint "Cleanup", Time since last: 1000113830 ns, Reaching safepoint: 93187 ns, At safepoint: 10729 ns, Total: 103916 ns
[2020-09-11T17:09:54.314+0000][1][safepoint    ] Safepoint "Cleanup", Time since last: 1000113431 ns, Reaching safepoint: 86132 ns, At safepoint: 10483 ns, Total: 96615 ns
[2020-09-11T17:09:54.785+0000][1][gc,start     ] GC(131) Pause Young (Allocation Failure)
[2020-09-11T17:09:54.790+0000][1][gc,task      ] GC(131) Using 1 workers of 1 for evacuation
[2020-09-11T17:09:54.818+0000][1][gc,age       ] GC(131) Desired survivor size 4358144 bytes, new threshold 6 (max threshold 6)
[2020-09-11T17:09:54.818+0000][1][gc,age       ] GC(131) Age table with threshold 6 (max threshold 6)
[2020-09-11T17:09:54.818+0000][1][gc,age       ] GC(131) - age   1:     235472 bytes,     235472 total
[2020-09-11T17:09:54.818+0000][1][gc,age       ] GC(131) - age   2:     114488 bytes,     349960 total
[2020-09-11T17:09:54.818+0000][1][gc,age       ] GC(131) - age   3:     130992 bytes,     480952 total
[2020-09-11T17:09:54.818+0000][1][gc,age       ] GC(131) - age   4:     311368 bytes,     792320 total
[2020-09-11T17:09:54.818+0000][1][gc,age       ] GC(131) - age   5:      15680 bytes,     808000 total
[2020-09-11T17:09:54.818+0000][1][gc,age       ] GC(131) - age   6:       8144 bytes,     816144 total
[2020-09-11T17:09:54.818+0000][1][gc,heap      ] GC(131) ParNew: 68958K->1303K(76672K)
[2020-09-11T17:09:54.818+0000][1][gc,heap      ] GC(131) CMS: 143190K->143199K(2011968K)
[2020-09-11T17:09:54.818+0000][1][gc,metaspace ] GC(131) Metaspace: 96299K->96299K(1138688K)
[2020-09-11T17:09:54.818+0000][1][gc           ] GC(131) Pause Young (Allocation Failure) 207M->141M(2039M) 33.172ms
[2020-09-11T17:09:54.818+0000][1][gc,cpu       ] GC(131) User=0.02s Sys=0.00s Real=0.03s
[2020-09-11T17:09:54.818+0000][1][safepoint    ] Safepoint "GenCollectForAllocation", Time since last: 470573880 ns, Reaching safepoint: 179804 ns, At safepoint: 33297462 ns, Total: 33477266 ns
[2020-09-11T17:09:55.829+0000][1][safepoint    ] Safepoint "Cleanup", Time since last: 1010268716 ns, Reaching safepoint: 113996 ns, At safepoint: 10025 ns, Total: 124021 ns
[2020-09-11T17:09:56.072+0000][1][safepoint    ] Safepoint "RevokeBias", Time since last: 242719838 ns, Reaching safepoint: 115697 ns, At safepoint: 30095 ns, Total: 145792 ns
[2020-09-11T17:09:56.328+0000][1][safepoint    ] Safepoint "RevokeBias", Time since last: 256421655 ns, Reaching safepoint: 89264 ns, At safepoint: 27427 ns, Total: 116691 ns
[2020-09-11T17:09:57.328+0000][1][safepoint    ] Safepoint "Cleanup", Time since last: 1000116170 ns, Reaching safepoint: 91218 ns, At safepoint: 8598 ns, Total: 99816 ns
[2020-09-11T17:10:01.095+0000][1][safepoint    ] Safepoint "RevokeBias", Time since last: 3765905583 ns, Reaching safepoint: 171336 ns, At safepoint: 28869 ns, Total: 200205 ns
[2020-09-11T17:10:01.344+0000][1][safepoint    ] Safepoint "RevokeBias", Time since last: 249253392 ns, Reaching safepoint: 104148 ns, At safepoint: 30235 ns, Total: 134383 ns
[2020-09-11T17:10:05.345+0000][1][safepoint    ] Safepoint "Cleanup", Time since last: 4000871116 ns, Reaching safepoint: 85748 ns, At safepoint: 8204 ns, Total: 93952 ns
[2020-09-11T17:10:06.144+0000][1][safepoint    ] Safepoint "RevokeBias", Time since last: 799254922 ns, Reaching safepoint: 160214 ns, At safepoint: 23230 ns, Total: 183444 ns
[2020-09-11T17:10:06.357+0000][1][safepoint    ] Safepoint "RevokeBias", Time since last: 212233116 ns, Reaching safepoint: 87338 ns, At safepoint: 26794 ns, Total: 114132 ns
[2020-09-11T17:10:11.170+0000][1][safepoint    ] Safepoint "RevokeBias", Time since last: 4813300805 ns, Reaching safepoint: 190459 ns, At safepoint: 25800 ns, Total: 216259 ns
[2020-09-11T17:10:11.375+0000][1][safepoint    ] Safepoint "RevokeBias", Time since last: 205208952 ns, Reaching safepoint: 85714 ns, At safepoint: 27275 ns, Total: 112989 ns
[2020-09-11T17:10:12.376+0000][1][safepoint    ] Safepoint "Cleanup", Time since last: 1000122456 ns, Reaching safepoint: 95007 ns, At safepoint: 11096 ns, Total: 106103 ns
[2020-09-11T17:10:16.199+0000][1][safepoint    ] Safepoint "RevokeBias", Time since last: 3822931158 ns, Reaching safepoint: 166099 ns, At safepoint: 28802 ns, Total: 194901 ns
[2020-09-11T17:10:16.394+0000][1][safepoint    ] Safepoint "RevokeBias", Time since last: 194090830 ns, Reaching safepoint: 245239 ns, At safepoint: 359302 ns, Total: 604541 ns
[2020-09-11T17:10:16.985+0000][1][gc,start     ] GC(132) Pause Young (Allocation Failure)
[2020-09-11T17:10:16.986+0000][1][gc,task      ] GC(132) Using 1 workers of 1 for evacuation
[2020-09-11T17:10:17.013+0000][1][gc,age       ] GC(132) Desired survivor size 4358144 bytes, new threshold 6 (max threshold 6)
[2020-09-11T17:10:17.013+0000][1][gc,age       ] GC(132) Age table with threshold 6 (max threshold 6)
[2020-09-11T17:10:17.013+0000][1][gc,age       ] GC(132) - age   1:     511712 bytes,     511712 total
[2020-09-11T17:10:17.013+0000][1][gc,age       ] GC(132) - age   2:      80136 bytes,     591848 total
[2020-09-11T17:10:17.013+0000][1][gc,age       ] GC(132) - age   3:     109920 bytes,     701768 total
[2020-09-11T17:10:17.013+0000][1][gc,age       ] GC(132) - age   4:      69008 bytes,     770776 total
[2020-09-11T17:10:17.013+0000][1][gc,age       ] GC(132) - age   5:      16960 bytes,     787736 total
[2020-09-11T17:10:17.013+0000][1][gc,age       ] GC(132) - age   6:      15680 bytes,     803416 total
[2020-09-11T17:10:17.013+0000][1][gc,heap      ] GC(132) ParNew: 69463K->1521K(76672K)
[2020-09-11T17:10:17.013+0000][1][gc,heap      ] GC(132) CMS: 143199K->143207K(2011968K)
[2020-09-11T17:10:17.013+0000][1][gc,metaspace ] GC(132) Metaspace: 96345K->96345K(1138688K)
[2020-09-11T17:10:17.013+0000][1][gc           ] GC(132) Pause Young (Allocation Failure) 207M->141M(2039M) 27.227ms
[2020-09-11T17:10:17.013+0000][1][gc,cpu       ] GC(132) User=0.02s Sys=0.00s Real=0.02s
[2020-09-11T17:10:17.017+0000][1][safepoint    ] Safepoint "GenCollectForAllocation", Time since last: 591758580 ns, Reaching safepoint: 159063 ns, At safepoint: 31442435 ns, Total: 31601498 ns
[2020-09-11T17:10:18.021+0000][1][safepoint    ] Safepoint "Cleanup", Time since last: 1003642620 ns, Reaching safepoint: 91875 ns, At safepoint: 12469 ns, Total: 104344 ns
[2020-09-11T17:10:21.221+0000][1][safepoint    ] Safepoint "RevokeBias", Time since last: 3197320999 ns, Reaching safepoint: 2885724 ns, At safepoint: 50955 ns, Total: 2936679 ns
[2020-09-11T17:10:21.412+0000][1][safepoint    ] Safepoint "RevokeBias", Time since last: 190865535 ns, Reaching safepoint: 245616 ns, At safepoint: 381808 ns, Total: 627424 ns
[2020-09-11T17:10:25.413+0000][1][safepoint    ] Safepoint "Cleanup", Time since last: 4000371929 ns, Reaching safepoint: 92006 ns, At safepoint: 11116 ns, Total: 103122 ns
[2020-09-11T17:10:26.237+0000][1][safepoint    ] Safepoint "RevokeBias", Time since last: 822682071 ns, Reaching safepoint: 1372357 ns, At safepoint: 343938 ns, Total: 1716295 ns
[2020-09-11T17:10:26.426+0000][1][safepoint    ] Safepoint "RevokeBias", Time since last: 188305911 ns, Reaching safepoint: 91843 ns, At safepoint: 27653 ns, Total: 119496 ns
[2020-09-11T17:10:27.426+0000][1][safepoint    ] Safepoint "Cleanup", Time since last: 1000139841 ns, Reaching safepoint: 89041 ns, At safepoint: 9709 ns, Total: 98750 ns
[2020-09-11T17:10:31.255+0000][1][safepoint    ] Safepoint "RevokeBias", Time since last: 3828718865 ns, Reaching safepoint: 91990 ns, At safepoint: 27194 ns, Total: 119184 ns
[2020-09-11T17:10:31.439+0000][1][safepoint    ] Safepoint "RevokeBias", Time since last: 183777520 ns, Reaching safepoint: 172278 ns, At safepoint: 28716 ns, Total: 200994 ns
[2020-09-11T17:10:35.439+0000][1][safepoint    ] Safepoint "Cleanup", Time since last: 4000351912 ns, Reaching safepoint: 92978 ns, At safepoint: 10525 ns, Total: 103503 ns
[2020-09-11T17:10:36.275+0000][1][safepoint    ] Safepoint "RevokeBias", Time since last: 834792216 ns, Reaching safepoint: 243554 ns, At safepoint: 345184 ns, Total: 588738 ns
[2020-09-11T17:10:36.452+0000][1][safepoint    ] Safepoint "RevokeBias", Time since last: 177315647 ns, Reaching safepoint: 172146 ns, At safepoint: 29042 ns, Total: 201188 ns
[2020-09-11T17:10:37.452+0000][1][safepoint    ] Safepoint "Cleanup", Time since last: 1000124869 ns, Reaching safepoint: 91688 ns, At safepoint: 11103 ns, Total: 102791 ns
[2020-09-11T17:10:41.158+0000][1][gc,start     ] GC(133) Pause Young (Allocation Failure)
[2020-09-11T17:10:41.158+0000][1][gc,task      ] GC(133) Using 1 workers of 1 for evacuation
[2020-09-11T17:10:41.194+0000][1][gc,age       ] GC(133) Desired survivor size 4358144 bytes, new threshold 6 (max threshold 6)
[2020-09-11T17:10:41.194+0000][1][gc,age       ] GC(133) Age table with threshold 6 (max threshold 6)
[2020-09-11T17:10:41.194+0000][1][gc,age       ] GC(133) - age   1:     167480 bytes,     167480 total
[2020-09-11T17:10:41.194+0000][1][gc,age       ] GC(133) - age   2:     411320 bytes,     578800 total
[2020-09-11T17:10:41.194+0000][1][gc,age       ] GC(133) - age   3:      78800 bytes,     657600 total
[2020-09-11T17:10:41.194+0000][1][gc,age       ] GC(133) - age   4:     109776 bytes,     767376 total
[2020-09-11T17:10:41.194+0000][1][gc,age       ] GC(133) - age   5:       8208 bytes,     775584 total
[2020-09-11T17:10:41.194+0000][1][gc,age       ] GC(133) - age   6:       9368 bytes,     784952 total
[2020-09-11T17:10:41.194+0000][1][gc,heap      ] GC(133) ParNew: 69681K->968K(76672K)
[2020-09-11T17:10:41.194+0000][1][gc,heap      ] GC(133) CMS: 143207K->143223K(2011968K)
[2020-09-11T17:10:41.194+0000][1][gc,metaspace ] GC(133) Metaspace: 96349K->96349K(1138688K)
[2020-09-11T17:10:41.194+0000][1][gc           ] GC(133) Pause Young (Allocation Failure) 207M->140M(2039M) 35.510ms
[2020-09-11T17:10:41.194+0000][1][gc,cpu       ] GC(133) User=0.02s Sys=0.00s Real=0.04s
[2020-09-11T17:10:41.194+0000][1][safepoint    ] Safepoint "GenCollectForAllocation", Time since last: 3705829025 ns, Reaching safepoint: 159358 ns, At safepoint: 35585703 ns, Total: 35745061 ns
[2020-09-11T17:10:41.298+0000][1][safepoint    ] Safepoint "RevokeBias", Time since last: 103871345 ns, Reaching safepoint: 91390 ns, At safepoint: 28170 ns, Total: 119560 ns
[2020-09-11T17:10:41.464+0000][1][safepoint    ] Safepoint "RevokeBias", Time since last: 166478243 ns, Reaching safepoint: 91981 ns, At safepoint: 26997 ns, Total: 118978 ns
[2020-09-11T17:10:45.465+0000][1][safepoint    ] Safepoint "Cleanup", Time since last: 4000371400 ns, Reaching safepoint: 112515 ns, At safepoint: 11218 ns, Total: 123733 ns
[2020-09-11T17:10:46.323+0000][1][safepoint    ] Safepoint "RevokeBias", Time since last: 857230862 ns, Reaching safepoint: 245389 ns, At safepoint: 345792 ns, Total: 591181 ns
[2020-09-11T17:10:46.483+0000][1][safepoint    ] Safepoint "BulkRevokeBias", Time since last: 160202122 ns, Reaching safepoint: 92355 ns, At safepoint: 253284 ns, Total: 345639 ns
[2020-09-11T17:10:51.361+0000][1][safepoint    ] Safepoint "RevokeBias", Time since last: 4873423185 ns, Reaching safepoint: 4089571 ns, At safepoint: 33965 ns, Total: 4123536 ns
[2020-09-11T17:10:51.497+0000][1][safepoint    ] Safepoint "RevokeBias", Time since last: 135539428 ns, Reaching safepoint: 91930 ns, At safepoint: 27620 ns, Total: 119550 ns
[2020-09-11T17:10:52.497+0000][1][safepoint    ] Safepoint "Cleanup", Time since last: 1000133164 ns, Reaching safepoint: 132433 ns, At safepoint: 9990 ns, Total: 142423 ns
[2020-09-11T17:10:53.005+0000][1][safepoint    ] Safepoint "RevokeBias", Time since last: 507393896 ns, Reaching safepoint: 122318 ns, At safepoint: 166314 ns, Total: 288632 ns
[2020-09-11T17:10:53.006+0000][1][safepoint    ] Safepoint "RevokeBias", Time since last: 583656 ns, Reaching safepoint: 185955 ns, At safepoint: 258213 ns, Total: 444168 ns
[2020-09-11T17:10:53.017+0000][1][safepoint    ] Safepoint "RevokeBias", Time since last: 11158858 ns, Reaching safepoint: 164116 ns, At safepoint: 129621 ns, Total: 293737 ns
[2020-09-11T17:10:53.025+0000][1][safepoint    ] Safepoint "RevokeBias", Time since last: 6796974 ns, Reaching safepoint: 1070737 ns, At safepoint: 140439 ns, Total: 1211176 ns
[2020-09-11T17:10:54.861+0000][1][safepoint    ] Safepoint "Cleanup", Time since last: 1835829251 ns, Reaching safepoint: 142172 ns, At safepoint: 13208 ns, Total: 155380 ns
[2020-09-11T17:10:56.397+0000][1][safepoint    ] Safepoint "RevokeBias", Time since last: 1535966820 ns, Reaching safepoint: 170282 ns, At safepoint: 28061 ns, Total: 198343 ns
[2020-09-11T17:10:56.517+0000][1][safepoint    ] Safepoint "RevokeBias", Time since last: 119264070 ns, Reaching safepoint: 82686 ns, At safepoint: 25363 ns, Total: 108049 ns
[2020-09-11T17:10:57.517+0000][1][safepoint    ] Safepoint "Cleanup", Time since last: 1000121076 ns, Reaching safepoint: 132186 ns, At safepoint: 10259 ns, Total: 142445 ns
[2020-09-11T17:11:01.223+0000][1][gc,start     ] GC(134) Pause Young (Allocation Failure)
[2020-09-11T17:11:01.223+0000][1][gc,task      ] GC(134) Using 1 workers of 1 for evacuation
[2020-09-11T17:11:01.252+0000][1][gc,age       ] GC(134) Desired survivor size 4358144 bytes, new threshold 6 (max threshold 6)
[2020-09-11T17:11:01.252+0000][1][gc,age       ] GC(134) Age table with threshold 6 (max threshold 6)
[2020-09-11T17:11:01.252+0000][1][gc,age       ] GC(134) - age   1:      85080 bytes,      85080 total
[2020-09-11T17:11:01.252+0000][1][gc,age       ] GC(134) - age   2:      91000 bytes,     176080 total
[2020-09-11T17:11:01.252+0000][1][gc,age       ] GC(134) - age   3:     408192 bytes,     584272 total
[2020-09-11T17:11:01.252+0000][1][gc,age       ] GC(134) - age   4:      78800 bytes,     663072 total
[2020-09-11T17:11:01.252+0000][1][gc,age       ] GC(134) - age   5:     109776 bytes,     772848 total
[2020-09-11T17:11:01.252+0000][1][gc,age       ] GC(134) - age   6:       8168 bytes,     781016 total
[2020-09-11T17:11:01.252+0000][1][gc,heap      ] GC(134) ParNew: 69128K->1392K(76672K)
[2020-09-11T17:11:01.252+0000][1][gc,heap      ] GC(134) CMS: 143223K->143232K(2011968K)
[2020-09-11T17:11:01.252+0000][1][gc,metaspace ] GC(134) Metaspace: 96380K->96380K(1138688K)
[2020-09-11T17:11:01.252+0000][1][gc           ] GC(134) Pause Young (Allocation Failure) 207M->141M(2039M) 29.575ms
[2020-09-11T17:11:01.252+0000][1][gc,cpu       ] GC(134) User=0.02s Sys=0.00s Real=0.02s
[2020-09-11T17:11:01.252+0000][1][safepoint    ] Safepoint "GenCollectForAllocation", Time since last: 3705831300 ns, Reaching safepoint: 159476 ns, At safepoint: 29649923 ns, Total: 29809399 ns
[2020-09-11T17:11:01.413+0000][1][safepoint    ] Safepoint "RevokeBias", Time since last: 160495963 ns, Reaching safepoint: 96058 ns, At safepoint: 40808 ns, Total: 136866 ns
[2020-09-11T17:11:01.530+0000][1][safepoint    ] Safepoint "RevokeBias", Time since last: 116887383 ns, Reaching safepoint: 78571 ns, At safepoint: 32565 ns, Total: 111136 ns
[2020-09-11T17:11:06.449+0000][1][safepoint    ] Safepoint "RevokeBias", Time since last: 4917044814 ns, Reaching safepoint: 1806745 ns, At safepoint: 322200 ns, Total: 2128945 ns
[2020-09-11T17:11:06.551+0000][1][safepoint    ] Safepoint "RevokeBias", Time since last: 100846027 ns, Reaching safepoint: 239878 ns, At safepoint: 349016 ns, Total: 588894 ns
[2020-09-11T17:11:07.551+0000][1][safepoint    ] Safepoint "Cleanup", Time since last: 1000137172 ns, Reaching safepoint: 91391 ns, At safepoint: 11195 ns, Total: 102586 ns
[2020-09-11T17:11:11.472+0000][1][safepoint    ] Safepoint "RevokeBias", Time since last: 3920577647 ns, Reaching safepoint: 207081 ns, At safepoint: 28091 ns, Total: 235172 ns
[2020-09-11T17:11:11.589+0000][1][safepoint    ] Safepoint "RevokeBias", Time since last: 115397667 ns, Reaching safepoint: 1792402 ns, At safepoint: 352058 ns, Total: 2144460 ns
[2020-09-11T17:11:12.589+0000][1][safepoint    ] Safepoint "Cleanup", Time since last: 1000113263 ns, Reaching safepoint: 91973 ns, At safepoint: 8480 ns, Total: 100453 ns
[2020-09-11T17:11:15.590+0000][1][safepoint    ] Safepoint "Cleanup", Time since last: 3000270835 ns, Reaching safepoint: 91334 ns, At safepoint: 10302 ns, Total: 101636 ns
[2020-09-11T17:11:16.493+0000][1][safepoint    ] Safepoint "RevokeBias", Time since last: 903174436 ns, Reaching safepoint: 162419 ns, At safepoint: 24133 ns, Total: 186552 ns
[2020-09-11T17:11:16.608+0000][1][safepoint    ] Safepoint "RevokeBias", Time since last: 113964859 ns, Reaching safepoint: 230817 ns, At safepoint: 274857 ns, Total: 505674 ns
[2020-09-11T17:11:17.608+0000][1][safepoint    ] Safepoint "Cleanup", Time since last: 1000143257 ns, Reaching safepoint: 92378 ns, At safepoint: 10552 ns, Total: 102930 ns
[2020-09-11T17:11:18.608+0000][1][safepoint    ] Safepoint "Cleanup", Time since last: 1000126276 ns, Reaching safepoint: 91786 ns, At safepoint: 9923 ns, Total: 101709 ns
[2020-09-11T17:11:19.608+0000][1][safepoint    ] Safepoint "Cleanup", Time since last: 1000118696 ns, Reaching safepoint: 91118 ns, At safepoint: 11090 ns, Total: 102208 ns
[2020-09-11T17:11:21.508+0000][1][safepoint    ] Safepoint "RevokeBias", Time since last: 1899692628 ns, Reaching safepoint: 90030 ns, At safepoint: 24342 ns, Total: 114372 ns
[2020-09-11T17:11:21.625+0000][1][safepoint    ] Safepoint "RevokeBias", Time since last: 116637361 ns, Reaching safepoint: 96061 ns, At safepoint: 27199 ns, Total: 123260 ns
[2020-09-11T17:11:23.625+0000][1][safepoint    ] Safepoint "Cleanup", Time since last: 2000193603 ns, Reaching safepoint: 85741 ns, At safepoint: 9195 ns, Total: 94936 ns
[2020-09-11T17:11:24.133+0000][1][gc,start     ] GC(135) Pause Young (Allocation Failure)
[2020-09-11T17:11:24.133+0000][1][gc,task      ] GC(135) Using 1 workers of 1 for evacuation
[2020-09-11T17:11:24.162+0000][1][gc,age       ] GC(135) Desired survivor size 4358144 bytes, new threshold 6 (max threshold 6)
[2020-09-11T17:11:24.162+0000][1][gc,age       ] GC(135) Age table with threshold 6 (max threshold 6)
[2020-09-11T17:11:24.162+0000][1][gc,age       ] GC(135) - age   1:     231080 bytes,     231080 total
[2020-09-11T17:11:24.162+0000][1][gc,age       ] GC(135) - age   2:      10000 bytes,     241080 total
[2020-09-11T17:11:24.162+0000][1][gc,age       ] GC(135) - age   3:      86384 bytes,     327464 total
[2020-09-11T17:11:24.162+0000][1][gc,age       ] GC(135) - age   4:     370448 bytes,     697912 total
[2020-09-11T17:11:24.162+0000][1][gc,age       ] GC(135) - age   5:      39744 bytes,     737656 total
[2020-09-11T17:11:24.162+0000][1][gc,age       ] GC(135) - age   6:      72720 bytes,     810376 total
[2020-09-11T17:11:24.162+0000][1][gc,heap      ] GC(135) ParNew: 69552K->920K(76672K)
[2020-09-11T17:11:24.162+0000][1][gc,heap      ] GC(135) CMS: 143232K->143240K(2011968K)
[2020-09-11T17:11:24.162+0000][1][gc,metaspace ] GC(135) Metaspace: 96398K->96398K(1138688K)
[2020-09-11T17:11:24.162+0000][1][gc           ] GC(135) Pause Young (Allocation Failure) 207M->140M(2039M) 29.068ms
[2020-09-11T17:11:24.162+0000][1][gc,cpu       ] GC(135) User=0.02s Sys=0.00s Real=0.03s
[2020-09-11T17:11:24.162+0000][1][safepoint    ] Safepoint "GenCollectForAllocation", Time since last: 504450048 ns, Reaching safepoint: 3270105 ns, At safepoint: 29171517 ns, Total: 32441622 ns
[2020-09-11T17:11:25.171+0000][1][safepoint    ] Safepoint "Cleanup", Time since last: 1008419789 ns, Reaching safepoint: 84123 ns, At safepoint: 8602 ns, Total: 92725 ns
[2020-09-11T17:11:26.171+0000][1][safepoint    ] Safepoint "Cleanup", Time since last: 1000127639 ns, Reaching safepoint: 83488 ns, At safepoint: 8318 ns, Total: 91806 ns
[2020-09-11T17:11:26.533+0000][1][safepoint    ] Safepoint "RevokeBias", Time since last: 361580214 ns, Reaching safepoint: 240671 ns, At safepoint: 360042 ns, Total: 600713 ns
[2020-09-11T17:11:26.638+0000][1][safepoint    ] Safepoint "RevokeBias", Time since last: 104275090 ns, Reaching safepoint: 167343 ns, At safepoint: 26030 ns, Total: 193373 ns
[2020-09-11T17:11:27.638+0000][1][safepoint    ] Safepoint "Cleanup", Time since last: 1000114572 ns, Reaching safepoint: 88247 ns, At safepoint: 9552 ns, Total: 97799 ns
[2020-09-11T17:11:28.638+0000][1][safepoint    ] Safepoint "Cleanup", Time since last: 1000117474 ns, Reaching safepoint: 90610 ns, At safepoint: 10423 ns, Total: 101033 ns
[2020-09-11T17:11:29.638+0000][1][safepoint    ] Safepoint "Cleanup", Time since last: 1000115241 ns, Reaching safepoint: 94348 ns, At safepoint: 10718 ns, Total: 105066 ns
[2020-09-11T17:11:30.638+0000][1][safepoint    ] Safepoint "Cleanup", Time since last: 1000126355 ns, Reaching safepoint: 87372 ns, At safepoint: 9530 ns, Total: 96902 ns
[2020-09-11T17:11:31.548+0000][1][safepoint    ] Safepoint "RevokeBias", Time since last: 909421538 ns, Reaching safepoint: 244867 ns, At safepoint: 336382 ns, Total: 581249 ns
[2020-09-11T17:11:31.668+0000][1][safepoint    ] Safepoint "RevokeBias", Time since last: 119613953 ns, Reaching safepoint: 97854 ns, At safepoint: 26832 ns, Total: 124686 ns
[2020-09-11T17:11:32.668+0000][1][safepoint    ] Safepoint "Cleanup", Time since last: 1000112422 ns, Reaching safepoint: 87573 ns, At safepoint: 9888 ns, Total: 97461 ns
[2020-09-11T17:11:33.669+0000][1][safepoint    ] Safepoint "Cleanup", Time since last: 1000114167 ns, Reaching safepoint: 86086 ns, At safepoint: 9734 ns, Total: 95820 ns
[2020-09-11T17:11:34.669+0000][1][safepoint    ] Safepoint "Cleanup", Time since last: 1000115383 ns, Reaching safepoint: 112528 ns, At safepoint: 8755 ns, Total: 121283 ns
[2020-09-11T17:11:35.699+0000][1][safepoint    ] Safepoint "Cleanup", Time since last: 1030349026 ns, Reaching safepoint: 88555 ns, At safepoint: 10512 ns, Total: 99067 ns
[2020-09-11T17:11:36.582+0000][1][safepoint    ] Safepoint "RevokeBias", Time since last: 882442549 ns, Reaching safepoint: 83860 ns, At safepoint: 23407 ns, Total: 107267 ns
[2020-09-11T17:11:36.689+0000][1][safepoint    ] Safepoint "RevokeBias", Time since last: 107339933 ns, Reaching safepoint: 91753 ns, At safepoint: 26841 ns, Total: 118594 ns
[2020-09-11T17:11:37.689+0000][1][safepoint    ] Safepoint "Cleanup", Time since last: 1000112559 ns, Reaching safepoint: 98113 ns, At safepoint: 9979 ns, Total: 108092 ns
[2020-09-11T17:11:38.690+0000][1][safepoint    ] Safepoint "Cleanup", Time since last: 1000110261 ns, Reaching safepoint: 82121 ns, At safepoint: 7073 ns, Total: 89194 ns
[2020-09-11T17:11:39.690+0000][1][safepoint    ] Safepoint "Cleanup", Time since last: 1000111908 ns, Reaching safepoint: 92148 ns, At safepoint: 9172 ns, Total: 101320 ns
[2020-09-11T17:11:40.690+0000][1][safepoint    ] Safepoint "Cleanup", Time since last: 1000108318 ns, Reaching safepoint: 83580 ns, At safepoint: 9224 ns, Total: 92804 ns
[2020-09-11T17:11:41.597+0000][1][safepoint    ] Safepoint "RevokeBias", Time since last: 906566955 ns, Reaching safepoint: 144977 ns, At safepoint: 27460 ns, Total: 172437 ns
[2020-09-11T17:11:41.717+0000][1][safepoint    ] Safepoint "RevokeBias", Time since last: 120333378 ns, Reaching safepoint: 167820 ns, At safepoint: 27715 ns, Total: 195535 ns
[2020-09-11T17:11:42.718+0000][1][safepoint    ] Safepoint "Cleanup", Time since last: 1000116778 ns, Reaching safepoint: 86106 ns, At safepoint: 10295 ns, Total: 96401 ns
[2020-09-11T17:11:43.718+0000][1][safepoint    ] Safepoint "Cleanup", Time since last: 1000139670 ns, Reaching safepoint: 84256 ns, At safepoint: 9526 ns, Total: 93782 ns
[2020-09-11T17:11:44.718+0000][1][safepoint    ] Safepoint "Cleanup", Time since last: 1000112128 ns, Reaching safepoint: 86229 ns, At safepoint: 9145 ns, Total: 95374 ns
[2020-09-11T17:11:45.725+0000][1][safepoint    ] Safepoint "Cleanup", Time since last: 1007201581 ns, Reaching safepoint: 85246 ns, At safepoint: 9425 ns, Total: 94671 ns
[2020-09-11T17:11:46.301+0000][1][gc,start     ] GC(136) Pause Young (Allocation Failure)
[2020-09-11T17:11:46.301+0000][1][gc,task      ] GC(136) Using 1 workers of 1 for evacuation
[2020-09-11T17:11:46.332+0000][1][gc,age       ] GC(136) Desired survivor size 4358144 bytes, new threshold 6 (max threshold 6)
[2020-09-11T17:11:46.332+0000][1][gc,age       ] GC(136) Age table with threshold 6 (max threshold 6)
[2020-09-11T17:11:46.332+0000][1][gc,age       ] GC(136) - age   1:     626528 bytes,     626528 total
[2020-09-11T17:11:46.332+0000][1][gc,age       ] GC(136) - age   2:     137032 bytes,     763560 total
[2020-09-11T17:11:46.332+0000][1][gc,age       ] GC(136) - age   3:       6664 bytes,     770224 total
[2020-09-11T17:11:46.332+0000][1][gc,age       ] GC(136) - age   4:      86352 bytes,     856576 total
[2020-09-11T17:11:46.332+0000][1][gc,age       ] GC(136) - age   5:     124688 bytes,     981264 total
[2020-09-11T17:11:46.332+0000][1][gc,age       ] GC(136) - age   6:      33640 bytes,    1014904 total
[2020-09-11T17:11:46.332+0000][1][gc,heap      ] GC(136) ParNew: 69080K->1417K(76672K)
[2020-09-11T17:11:46.332+0000][1][gc,heap      ] GC(136) CMS: 143240K->143311K(2011968K)
[2020-09-11T17:11:46.332+0000][1][gc,metaspace ] GC(136) Metaspace: 96423K->96423K(1138688K)
[2020-09-11T17:11:46.332+0000][1][gc           ] GC(136) Pause Young (Allocation Failure) 207M->141M(2039M) 31.013ms
[2020-09-11T17:11:46.332+0000][1][gc,cpu       ] GC(136) User=0.02s Sys=0.00s Real=0.02s
[2020-09-11T17:11:46.332+0000][1][safepoint    ] Safepoint "GenCollectForAllocation", Time since last: 575132356 ns, Reaching safepoint: 356325 ns, At safepoint: 31125969 ns, Total: 31482294 ns
[2020-09-11T17:11:46.614+0000][1][safepoint    ] Safepoint "RevokeBias", Time since last: 282120764 ns, Reaching safepoint: 92498 ns, At safepoint: 40117 ns, Total: 132615 ns
[2020-09-11T17:11:46.731+0000][1][safepoint    ] Safepoint "RevokeBias", Time since last: 117058905 ns, Reaching safepoint: 86888 ns, At safepoint: 33930 ns, Total: 120818 ns
[2020-09-11T17:11:47.732+0000][1][safepoint    ] Safepoint "Cleanup", Time since last: 1000104710 ns, Reaching safepoint: 86407 ns, At safepoint: 9270 ns, Total: 95677 ns
[2020-09-11T17:11:48.732+0000][1][safepoint    ] Safepoint "Cleanup", Time since last: 1000117929 ns, Reaching safepoint: 84713 ns, At safepoint: 9183 ns, Total: 93896 ns
[2020-09-11T17:11:49.732+0000][1][safepoint    ] Safepoint "Cleanup", Time since last: 1000119850 ns, Reaching safepoint: 90591 ns, At safepoint: 9956 ns, Total: 100547 ns
[2020-09-11T17:11:50.732+0000][1][safepoint    ] Safepoint "Cleanup", Time since last: 1000119937 ns, Reaching safepoint: 85689 ns, At safepoint: 9740 ns, Total: 95429 ns
[2020-09-11T17:11:51.627+0000][1][safepoint    ] Safepoint "RevokeBias", Time since last: 893811396 ns, Reaching safepoint: 238870 ns, At safepoint: 337971 ns, Total: 576841 ns
[2020-09-11T17:11:51.753+0000][1][safepoint    ] Safepoint "RevokeBias", Time since last: 125865614 ns, Reaching safepoint: 229540 ns, At safepoint: 342308 ns, Total: 571848 ns
[2020-09-11T17:11:52.753+0000][1][safepoint    ] Safepoint "Cleanup", Time since last: 1000114058 ns, Reaching safepoint: 86566 ns, At safepoint: 9696 ns, Total: 96262 ns
[2020-09-11T17:11:53.753+0000][1][safepoint    ] Safepoint "Cleanup", Time since last: 1000112857 ns, Reaching safepoint: 118253 ns, At safepoint: 10566 ns, Total: 128819 ns
[2020-09-11T17:11:55.754+0000][1][safepoint    ] Safepoint "Cleanup", Time since last: 2000186731 ns, Reaching safepoint: 91402 ns, At safepoint: 10365 ns, Total: 101767 ns
[2020-09-11T17:11:56.652+0000][1][safepoint    ] Safepoint "RevokeBias", Time since last: 898426269 ns, Reaching safepoint: 91607 ns, At safepoint: 21789 ns, Total: 113396 ns
[2020-09-11T17:11:56.769+0000][1][safepoint    ] Safepoint "RevokeBias", Time since last: 116180490 ns, Reaching safepoint: 88981 ns, At safepoint: 26087 ns, Total: 115068 ns
[2020-09-11T17:11:57.769+0000][1][safepoint    ] Safepoint "Cleanup", Time since last: 1000135673 ns, Reaching safepoint: 108373 ns, At safepoint: 9368 ns, Total: 117741 ns
[2020-09-11T17:11:59.769+0000][1][safepoint    ] Safepoint "Cleanup", Time since last: 2000191623 ns, Reaching safepoint: 91154 ns, At safepoint: 10657 ns, Total: 101811 ns
[2020-09-11T17:12:01.677+0000][1][safepoint    ] Safepoint "BulkRevokeBias", Time since last: 1904165594 ns, Reaching safepoint: 3545563 ns, At safepoint: 273370 ns, Total: 3818933 ns
[2020-09-11T17:12:01.796+0000][1][safepoint    ] Safepoint "RevokeBias", Time since last: 118648277 ns, Reaching safepoint: 241687 ns, At safepoint: 325371 ns, Total: 567058 ns
[2020-09-11T17:12:04.797+0000][1][safepoint    ] Safepoint "Cleanup", Time since last: 3000261570 ns, Reaching safepoint: 83456 ns, At safepoint: 7152 ns, Total: 90608 ns
[2020-09-11T17:12:06.321+0000][1][gc,start     ] GC(137) Pause Young (Allocation Failure)
[2020-09-11T17:12:06.321+0000][1][gc,task      ] GC(137) Using 1 workers of 1 for evacuation
[2020-09-11T17:12:06.347+0000][1][gc,age       ] GC(137) Desired survivor size 4358144 bytes, new threshold 6 (max threshold 6)
[2020-09-11T17:12:06.347+0000][1][gc,age       ] GC(137) Age table with threshold 6 (max threshold 6)
[2020-09-11T17:12:06.347+0000][1][gc,age       ] GC(137) - age   1:     330464 bytes,     330464 total
[2020-09-11T17:12:06.347+0000][1][gc,age       ] GC(137) - age   2:     552248 bytes,     882712 total
[2020-09-11T17:12:06.347+0000][1][gc,age       ] GC(137) - age   3:     135736 bytes,    1018448 total
[2020-09-11T17:12:06.347+0000][1][gc,age       ] GC(137) - age   4:       6600 bytes,    1025048 total
[2020-09-11T17:12:06.347+0000][1][gc,age       ] GC(137) - age   5:      17952 bytes,    1043000 total
[2020-09-11T17:12:06.347+0000][1][gc,age       ] GC(137) - age   6:       6616 bytes,    1049616 total
[2020-09-11T17:12:06.347+0000][1][gc,heap      ] GC(137) ParNew: 69577K->1840K(76672K)
[2020-09-11T17:12:06.347+0000][1][gc,heap      ] GC(137) CMS: 143311K->143344K(2011968K)
[2020-09-11T17:12:06.347+0000][1][gc,metaspace ] GC(137) Metaspace: 96426K->96426K(1138688K)
[2020-09-11T17:12:06.349+0000][1][gc           ] GC(137) Pause Young (Allocation Failure) 207M->141M(2039M) 27.624ms
[2020-09-11T17:12:06.349+0000][1][gc,cpu       ] GC(137) User=0.01s Sys=0.00s Real=0.02s
[2020-09-11T17:12:06.349+0000][1][safepoint    ] Safepoint "GenCollectForAllocation", Time since last: 1524312794 ns, Reaching safepoint: 156279 ns, At safepoint: 27692877 ns, Total: 27849156 ns
[2020-09-11T17:12:06.690+0000][1][safepoint    ] Safepoint "RevokeBias", Time since last: 341274786 ns, Reaching safepoint: 91677 ns, At safepoint: 38619 ns, Total: 130296 ns
[2020-09-11T17:12:06.816+0000][1][safepoint    ] Safepoint "RevokeBias", Time since last: 126081173 ns, Reaching safepoint: 84671 ns, At safepoint: 33289 ns, Total: 117960 ns
[2020-09-11T17:12:07.817+0000][1][safepoint    ] Safepoint "Cleanup", Time since last: 1000553863 ns, Reaching safepoint: 108782 ns, At safepoint: 9079 ns, Total: 117861 ns
[2020-09-11T17:12:08.817+0000][1][safepoint    ] Safepoint "Cleanup", Time since last: 1000116525 ns, Reaching safepoint: 117157 ns, At safepoint: 9296 ns, Total: 126453 ns
[2020-09-11T17:12:11.702+0000][1][safepoint    ] Safepoint "RevokeBias", Time since last: 2884813619 ns, Reaching safepoint: 168126 ns, At safepoint: 27519 ns, Total: 195645 ns
[2020-09-11T17:12:11.825+0000][1][safepoint    ] Safepoint "RevokeBias", Time since last: 122103415 ns, Reaching safepoint: 240819 ns, At safepoint: 399279 ns, Total: 640098 ns
[2020-09-11T17:12:16.720+0000][1][safepoint    ] Safepoint "RevokeBias", Time since last: 4895156797 ns, Reaching safepoint: 90114 ns, At safepoint: 24926 ns, Total: 115040 ns
[2020-09-11T17:12:16.845+0000][1][safepoint    ] Safepoint "RevokeBias", Time since last: 123563407 ns, Reaching safepoint: 243377 ns, At safepoint: 341960 ns, Total: 585337 ns
[2020-09-11T17:12:17.845+0000][1][safepoint    ] Safepoint "Cleanup", Time since last: 1000136883 ns, Reaching safepoint: 113317 ns, At safepoint: 10862 ns, Total: 124179 ns
[2020-09-11T17:12:21.733+0000][1][safepoint    ] Safepoint "RevokeBias", Time since last: 3888341314 ns, Reaching safepoint: 173908 ns, At safepoint: 26656 ns, Total: 200564 ns
[2020-09-11T17:12:21.866+0000][1][safepoint    ] Safepoint "RevokeBias", Time since last: 131819407 ns, Reaching safepoint: 244452 ns, At safepoint: 344458 ns, Total: 588910 ns
[2020-09-11T17:12:23.866+0000][1][safepoint    ] Safepoint "Cleanup", Time since last: 2000204755 ns, Reaching safepoint: 93026 ns, At safepoint: 10161 ns, Total: 103187 ns
[2020-09-11T17:12:24.866+0000][1][safepoint    ] Safepoint "Cleanup", Time since last: 1000115702 ns, Reaching safepoint: 88960 ns, At safepoint: 8388 ns, Total: 97348 ns
[2020-09-11T17:12:26.745+0000][1][safepoint    ] Safepoint "RevokeBias", Time since last: 1878382496 ns, Reaching safepoint: 186206 ns, At safepoint: 39634 ns, Total: 225840 ns
[2020-09-11T17:12:26.882+0000][1][safepoint    ] Safepoint "RevokeBias", Time since last: 137176336 ns, Reaching safepoint: 90356 ns, At safepoint: 25385 ns, Total: 115741 ns
[2020-09-11T17:12:26.989+0000][1][gc,start     ] GC(138) Pause Young (Allocation Failure)
[2020-09-11T17:12:26.989+0000][1][gc,task      ] GC(138) Using 1 workers of 1 for evacuation
[2020-09-11T17:12:27.019+0000][1][gc,age       ] GC(138) Desired survivor size 4358144 bytes, new threshold 6 (max threshold 6)
[2020-09-11T17:12:27.019+0000][1][gc,age       ] GC(138) Age table with threshold 6 (max threshold 6)
[2020-09-11T17:12:27.019+0000][1][gc,age       ] GC(138) - age   1:     152352 bytes,     152352 total
[2020-09-11T17:12:27.019+0000][1][gc,age       ] GC(138) - age   2:     254648 bytes,     407000 total
[2020-09-11T17:12:27.019+0000][1][gc,age       ] GC(138) - age   3:     547176 bytes,     954176 total
[2020-09-11T17:12:27.019+0000][1][gc,age       ] GC(138) - age   4:     135544 bytes,    1089720 total
[2020-09-11T17:12:27.019+0000][1][gc,age       ] GC(138) - age   5:       6600 bytes,    1096320 total
[2020-09-11T17:12:27.019+0000][1][gc,age       ] GC(138) - age   6:       9312 bytes,    1105632 total
[2020-09-11T17:12:27.019+0000][1][gc,heap      ] GC(138) ParNew: 70000K->1228K(76672K)
[2020-09-11T17:12:27.019+0000][1][gc,heap      ] GC(138) CMS: 143344K->143350K(2011968K)
[2020-09-11T17:12:27.019+0000][1][gc,metaspace ] GC(138) Metaspace: 96460K->96460K(1138688K)
[2020-09-11T17:12:27.019+0000][1][gc           ] GC(138) Pause Young (Allocation Failure) 208M->141M(2039M) 30.338ms
[2020-09-11T17:12:27.019+0000][1][gc,cpu       ] GC(138) User=0.01s Sys=0.00s Real=0.03s
[2020-09-11T17:12:27.019+0000][1][safepoint    ] Safepoint "GenCollectForAllocation", Time since last: 102618398 ns, Reaching safepoint: 4051882 ns, At safepoint: 30435208 ns, Total: 34487090 ns
[2020-09-11T17:12:28.028+0000][1][safepoint    ] Safepoint "Cleanup", Time since last: 1008765711 ns, Reaching safepoint: 91232 ns, At safepoint: 8909 ns, Total: 100141 ns
[2020-09-11T17:12:30.028+0000][1][safepoint    ] Safepoint "Cleanup", Time since last: 2000183149 ns, Reaching safepoint: 88348 ns, At safepoint: 9708 ns, Total: 98056 ns
[2020-09-11T17:12:31.757+0000][1][safepoint    ] Safepoint "RevokeBias", Time since last: 1728125977 ns, Reaching safepoint: 265888 ns, At safepoint: 333180 ns, Total: 599068 ns
[2020-09-11T17:12:31.898+0000][1][safepoint    ] Safepoint "RevokeBias", Time since last: 140243313 ns, Reaching safepoint: 168410 ns, At safepoint: 28558 ns, Total: 196968 ns
[2020-09-11T17:12:35.898+0000][1][safepoint    ] Safepoint "Cleanup", Time since last: 4000328421 ns, Reaching safepoint: 88583 ns, At safepoint: 9193 ns, Total: 97776 ns
[2020-09-11T17:12:36.769+0000][1][safepoint    ] Safepoint "RevokeBias", Time since last: 870479864 ns, Reaching safepoint: 262788 ns, At safepoint: 350386 ns, Total: 613174 ns
[2020-09-11T17:12:36.909+0000][1][safepoint    ] Safepoint "RevokeBias", Time since last: 140231869 ns, Reaching safepoint: 91775 ns, At safepoint: 26853 ns, Total: 118628 ns
[2020-09-11T17:12:38.910+0000][1][safepoint    ] Safepoint "Cleanup", Time since last: 2000200380 ns, Reaching safepoint: 96952 ns, At safepoint: 10176 ns, Total: 107128 ns
[2020-09-11T17:12:39.910+0000][1][safepoint    ] Safepoint "Cleanup", Time since last: 1000111017 ns, Reaching safepoint: 90010 ns, At safepoint: 9097 ns, Total: 99107 ns
[2020-09-11T17:12:41.781+0000][1][safepoint    ] Safepoint "RevokeBias", Time since last: 1870571164 ns, Reaching safepoint: 258475 ns, At safepoint: 333201 ns, Total: 591676 ns
[2020-09-11T17:12:41.920+0000][1][safepoint    ] Safepoint "RevokeBias", Time since last: 138361142 ns, Reaching safepoint: 169393 ns, At safepoint: 27087 ns, Total: 196480 ns
[2020-09-11T17:12:45.920+0000][1][safepoint    ] Safepoint "Cleanup", Time since last: 4000308493 ns, Reaching safepoint: 84996 ns, At safepoint: 8927 ns, Total: 93923 ns
[2020-09-11T17:12:46.796+0000][1][safepoint    ] Safepoint "RevokeBias", Time since last: 875473664 ns, Reaching safepoint: 89081 ns, At safepoint: 26256 ns, Total: 115337 ns
[2020-09-11T17:12:46.938+0000][1][safepoint    ] Safepoint "RevokeBias", Time since last: 141708312 ns, Reaching safepoint: 167048 ns, At safepoint: 27993 ns, Total: 195041 ns
[2020-09-11T17:12:47.938+0000][1][safepoint    ] Safepoint "Cleanup", Time since last: 1000112110 ns, Reaching safepoint: 85625 ns, At safepoint: 10078 ns, Total: 95703 ns
[2020-09-11T17:12:48.938+0000][1][safepoint    ] Safepoint "Cleanup", Time since last: 1000114071 ns, Reaching safepoint: 86463 ns, At safepoint: 9143 ns, Total: 95606 ns
[2020-09-11T17:12:49.938+0000][1][safepoint    ] Safepoint "Cleanup", Time since last: 1000112940 ns, Reaching safepoint: 86871 ns, At safepoint: 9830 ns, Total: 96701 ns
[2020-09-11T17:12:50.938+0000][1][safepoint    ] Safepoint "Cleanup", Time since last: 1000111339 ns, Reaching safepoint: 84787 ns, At safepoint: 8778 ns, Total: 93565 ns
[2020-09-11T17:12:51.809+0000][1][safepoint    ] Safepoint "RevokeBias", Time since last: 870254877 ns, Reaching safepoint: 231162 ns, At safepoint: 338872 ns, Total: 570034 ns
[2020-09-11T17:12:51.952+0000][1][safepoint    ] Safepoint "RevokeBias", Time since last: 142413309 ns, Reaching safepoint: 94469 ns, At safepoint: 28062 ns, Total: 122531 ns
[2020-09-11T17:12:52.952+0000][1][safepoint    ] Safepoint "Cleanup", Time since last: 1000117284 ns, Reaching safepoint: 85298 ns, At safepoint: 9462 ns, Total: 94760 ns
[2020-09-11T17:12:53.102+0000][1][gc,start     ] GC(139) Pause Young (Allocation Failure)
[2020-09-11T17:12:53.102+0000][1][gc,task      ] GC(139) Using 1 workers of 1 for evacuation
[2020-09-11T17:12:53.139+0000][1][gc,age       ] GC(139) Desired survivor size 4358144 bytes, new threshold 6 (max threshold 6)
[2020-09-11T17:12:53.139+0000][1][gc,age       ] GC(139) Age table with threshold 6 (max threshold 6)
[2020-09-11T17:12:53.139+0000][1][gc,age       ] GC(139) - age   1:     217472 bytes,     217472 total
[2020-09-11T17:12:53.139+0000][1][gc,age       ] GC(139) - age   2:      53752 bytes,     271224 total
[2020-09-11T17:12:53.139+0000][1][gc,age       ] GC(139) - age   3:     251512 bytes,     522736 total
[2020-09-11T17:12:53.139+0000][1][gc,age       ] GC(139) - age   4:     546864 bytes,    1069600 total
[2020-09-11T17:12:53.139+0000][1][gc,age       ] GC(139) - age   5:      87288 bytes,    1156888 total
[2020-09-11T17:12:53.139+0000][1][gc,age       ] GC(139) - age   6:       6600 bytes,    1163488 total
[2020-09-11T17:12:53.139+0000][1][gc,heap      ] GC(139) ParNew: 69388K->1926K(76672K)
[2020-09-11T17:12:53.139+0000][1][gc,heap      ] GC(139) CMS: 143350K->143359K(2011968K)
[2020-09-11T17:12:53.139+0000][1][gc,metaspace ] GC(139) Metaspace: 96482K->96482K(1138688K)
[2020-09-11T17:12:53.139+0000][1][gc           ] GC(139) Pause Young (Allocation Failure) 207M->141M(2039M) 37.067ms
[2020-09-11T17:12:53.139+0000][1][gc,cpu       ] GC(139) User=0.02s Sys=0.00s Real=0.03s
[2020-09-11T17:12:53.140+0000][1][safepoint    ] Safepoint "GenCollectForAllocation", Time since last: 149575809 ns, Reaching safepoint: 186698 ns, At safepoint: 38513959 ns, Total: 38700657 ns
[2020-09-11T17:12:54.159+0000][1][safepoint    ] Safepoint "Cleanup", Time since last: 1018455565 ns, Reaching safepoint: 90445 ns, At safepoint: 26342 ns, Total: 116787 ns
[2020-09-11T17:12:55.159+0000][1][safepoint    ] Safepoint "Cleanup", Time since last: 1000115692 ns, Reaching safepoint: 86834 ns, At safepoint: 8819 ns, Total: 95653 ns
[2020-09-11T17:12:56.159+0000][1][safepoint    ] Safepoint "Cleanup", Time since last: 1000119544 ns, Reaching safepoint: 84746 ns, At safepoint: 10130 ns, Total: 94876 ns
[2020-09-11T17:12:56.825+0000][1][safepoint    ] Safepoint "RevokeBias", Time since last: 665145655 ns, Reaching safepoint: 89118 ns, At safepoint: 26091 ns, Total: 115209 ns
[2020-09-11T17:12:56.979+0000][1][safepoint    ] Safepoint "RevokeBias", Time since last: 153883246 ns, Reaching safepoint: 89643 ns, At safepoint: 25319 ns, Total: 114962 ns
[2020-09-11T17:12:57.979+0000][1][safepoint    ] Safepoint "Cleanup", Time since last: 1000114145 ns, Reaching safepoint: 94481 ns, At safepoint: 8848 ns, Total: 103329 ns
[2020-09-11T17:12:58.979+0000][1][safepoint    ] Safepoint "Cleanup", Time since last: 1000126251 ns, Reaching safepoint: 84678 ns, At safepoint: 9782 ns, Total: 94460 ns
[2020-09-11T17:12:59.979+0000][1][safepoint    ] Safepoint "Cleanup", Time since last: 1000115512 ns, Reaching safepoint: 87169 ns, At safepoint: 9799 ns, Total: 96968 ns
[2020-09-11T17:13:00.979+0000][1][safepoint    ] Safepoint "Cleanup", Time since last: 1000115412 ns, Reaching safepoint: 79136 ns, At safepoint: 7957 ns, Total: 87093 ns
[2020-09-11T17:13:01.843+0000][1][safepoint    ] Safepoint "RevokeBias", Time since last: 863308999 ns, Reaching safepoint: 178235 ns, At safepoint: 36669 ns, Total: 214904 ns
[2020-09-11T17:13:02.072+0000][1][safepoint    ] Safepoint "RevokeBias", Time since last: 229407115 ns, Reaching safepoint: 87350 ns, At safepoint: 25362 ns, Total: 112712 ns
[2020-09-11T17:13:03.073+0000][1][safepoint    ] Safepoint "Cleanup", Time since last: 1000118611 ns, Reaching safepoint: 85966 ns, At safepoint: 9259 ns, Total: 95225 ns
[2020-09-11T17:13:04.073+0000][1][safepoint    ] Safepoint "Cleanup", Time since last: 1000119863 ns, Reaching safepoint: 91285 ns, At safepoint: 9988 ns, Total: 101273 ns
[2020-09-11T17:13:05.073+0000][1][safepoint    ] Safepoint "Cleanup", Time since last: 1000116729 ns, Reaching safepoint: 94880 ns, At safepoint: 9467 ns, Total: 104347 ns
[2020-09-11T17:13:06.073+0000][1][safepoint    ] Safepoint "Cleanup", Time since last: 1000114123 ns, Reaching safepoint: 83793 ns, At safepoint: 9555 ns, Total: 93348 ns
[2020-09-11T17:13:06.870+0000][1][safepoint    ] Safepoint "RevokeBias", Time since last: 796279339 ns, Reaching safepoint: 166928 ns, At safepoint: 24717 ns, Total: 191645 ns
[2020-09-11T17:13:07.087+0000][1][safepoint    ] Safepoint "RevokeBias", Time since last: 217176395 ns, Reaching safepoint: 90868 ns, At safepoint: 23985 ns, Total: 114853 ns
[2020-09-11T17:13:08.087+0000][1][safepoint    ] Safepoint "Cleanup", Time since last: 1000137245 ns, Reaching safepoint: 100502 ns, At safepoint: 12710 ns, Total: 113212 ns
[2020-09-11T17:13:09.088+0000][1][safepoint    ] Safepoint "Cleanup", Time since last: 1000116052 ns, Reaching safepoint: 95424 ns, At safepoint: 10347 ns, Total: 105771 ns
[2020-09-11T17:13:10.088+0000][1][safepoint    ] Safepoint "Cleanup", Time since last: 1000116159 ns, Reaching safepoint: 84232 ns, At safepoint: 6976 ns, Total: 91208 ns
[2020-09-11T17:13:11.088+0000][1][safepoint    ] Safepoint "Cleanup", Time since last: 1000118629 ns, Reaching safepoint: 88115 ns, At safepoint: 9821 ns, Total: 97936 ns
[2020-09-11T17:13:11.889+0000][1][safepoint    ] Safepoint "RevokeBias", Time since last: 801007962 ns, Reaching safepoint: 87718 ns, At safepoint: 22790 ns, Total: 110508 ns
[2020-09-11T17:13:12.125+0000][1][safepoint    ] Safepoint "BulkRevokeBias", Time since last: 235501276 ns, Reaching safepoint: 105731 ns, At safepoint: 278268 ns, Total: 383999 ns
[2020-09-11T17:13:13.125+0000][1][safepoint    ] Safepoint "Cleanup", Time since last: 1000139726 ns, Reaching safepoint: 86068 ns, At safepoint: 9293 ns, Total: 95361 ns
[2020-09-11T17:13:14.125+0000][1][safepoint    ] Safepoint "Cleanup", Time since last: 1000122742 ns, Reaching safepoint: 84419 ns, At safepoint: 10082 ns, Total: 94501 ns
[2020-09-11T17:13:14.797+0000][1][gc,start     ] GC(140) Pause Young (Allocation Failure)
[2020-09-11T17:13:14.832+0000][1][gc,task      ] GC(140) Using 1 workers of 1 for evacuation
[2020-09-11T17:13:14.857+0000][1][gc,age       ] GC(140) Desired survivor size 4358144 bytes, new threshold 6 (max threshold 6)
[2020-09-11T17:13:14.857+0000][1][gc,age       ] GC(140) Age table with threshold 6 (max threshold 6)
[2020-09-11T17:13:14.857+0000][1][gc,age       ] GC(140) - age   1:     540048 bytes,     540048 total
[2020-09-11T17:13:14.857+0000][1][gc,age       ] GC(140) - age   2:      77784 bytes,     617832 total
[2020-09-11T17:13:14.857+0000][1][gc,age       ] GC(140) - age   3:      50360 bytes,     668192 total
[2020-09-11T17:13:14.857+0000][1][gc,age       ] GC(140) - age   4:     251416 bytes,     919608 total
[2020-09-11T17:13:14.857+0000][1][gc,age       ] GC(140) - age   5:     270352 bytes,    1189960 total
[2020-09-11T17:13:14.857+0000][1][gc,age       ] GC(140) - age   6:      45136 bytes,    1235096 total
[2020-09-11T17:13:14.857+0000][1][gc,heap      ] GC(140) ParNew: 70086K->1333K(76672K)
[2020-09-11T17:13:14.857+0000][1][gc,heap      ] GC(140) CMS: 143359K->143366K(2011968K)
[2020-09-11T17:13:14.857+0000][1][gc,metaspace ] GC(140) Metaspace: 96512K->96512K(1138688K)
[2020-09-11T17:13:14.857+0000][1][gc           ] GC(140) Pause Young (Allocation Failure) 208M->141M(2039M) 60.504ms
[2020-09-11T17:13:14.857+0000][1][gc,cpu       ] GC(140) User=0.02s Sys=0.00s Real=0.06s
[2020-09-11T17:13:14.869+0000][1][safepoint    ] Safepoint "GenCollectForAllocation", Time since last: 668419573 ns, Reaching safepoint: 3031697 ns, At safepoint: 71940584 ns, Total: 74972281 ns
[2020-09-11T17:13:15.875+0000][1][safepoint    ] Safepoint "Cleanup", Time since last: 1006143367 ns, Reaching safepoint: 85215 ns, At safepoint: 8896 ns, Total: 94111 ns
[2020-09-11T17:13:16.877+0000][1][safepoint    ] Safepoint "Cleanup", Time since last: 1001727344 ns, Reaching safepoint: 168512 ns, At safepoint: 10534 ns, Total: 179046 ns
[2020-09-11T17:13:16.907+0000][1][safepoint    ] Safepoint "RevokeBias", Time since last: 29904225 ns, Reaching safepoint: 169096 ns, At safepoint: 27608 ns, Total: 196704 ns
[2020-09-11T17:13:17.155+0000][1][safepoint    ] Safepoint "RevokeBias", Time since last: 248120978 ns, Reaching safepoint: 89032 ns, At safepoint: 23028 ns, Total: 112060 ns
[2020-09-11T17:13:18.156+0000][1][safepoint    ] Safepoint "Cleanup", Time since last: 1000126627 ns, Reaching safepoint: 92021 ns, At safepoint: 9581 ns, Total: 101602 ns
[2020-09-11T17:13:19.156+0000][1][safepoint    ] Safepoint "Cleanup", Time since last: 1000116872 ns, Reaching safepoint: 85267 ns, At safepoint: 9460 ns, Total: 94727 ns
[2020-09-11T17:13:20.156+0000][1][safepoint    ] Safepoint "Cleanup", Time since last: 1000117001 ns, Reaching safepoint: 87313 ns, At safepoint: 9884 ns, Total: 97197 ns
[2020-09-11T17:13:21.156+0000][1][safepoint    ] Safepoint "Cleanup", Time since last: 1000117622 ns, Reaching safepoint: 85843 ns, At safepoint: 9532 ns, Total: 95375 ns
[2020-09-11T17:13:21.921+0000][1][safepoint    ] Safepoint "RevokeBias", Time since last: 764987642 ns, Reaching safepoint: 92962 ns, At safepoint: 25543 ns, Total: 118505 ns
[2020-09-11T17:13:22.169+0000][1][safepoint    ] Safepoint "RevokeBias", Time since last: 247072859 ns, Reaching safepoint: 286213 ns, At safepoint: 371337 ns, Total: 657550 ns
[2020-09-11T17:13:23.177+0000][1][safepoint    ] Safepoint "Cleanup", Time since last: 1007777682 ns, Reaching safepoint: 81512 ns, At safepoint: 6673 ns, Total: 88185 ns
[2020-09-11T17:13:24.177+0000][1][safepoint    ] Safepoint "Cleanup", Time since last: 1000093633 ns, Reaching safepoint: 77910 ns, At safepoint: 8687 ns, Total: 86597 ns
[2020-09-11T17:13:25.177+0000][1][safepoint    ] Safepoint "Cleanup", Time since last: 1000111849 ns, Reaching safepoint: 92049 ns, At safepoint: 9572 ns, Total: 101621 ns
[2020-09-11T17:13:26.177+0000][1][safepoint    ] Safepoint "Cleanup", Time since last: 1000114039 ns, Reaching safepoint: 106377 ns, At safepoint: 10255 ns, Total: 116632 ns
[2020-09-11T17:13:26.942+0000][1][safepoint    ] Safepoint "RevokeBias", Time since last: 763628343 ns, Reaching safepoint: 287154 ns, At safepoint: 368046 ns, Total: 655200 ns
[2020-09-11T17:13:27.194+0000][1][safepoint    ] Safepoint "RevokeBias", Time since last: 251799474 ns, Reaching safepoint: 92988 ns, At safepoint: 23153 ns, Total: 116141 ns
[2020-09-11T17:13:28.194+0000][1][safepoint    ] Safepoint "Cleanup", Time since last: 1000110399 ns, Reaching safepoint: 95051 ns, At safepoint: 9725 ns, Total: 104776 ns
[2020-09-11T17:13:29.194+0000][1][safepoint    ] Safepoint "Cleanup", Time since last: 1000113580 ns, Reaching safepoint: 86369 ns, At safepoint: 9237 ns, Total: 95606 ns
[2020-09-11T17:13:30.194+0000][1][safepoint    ] Safepoint "Cleanup", Time since last: 1000114962 ns, Reaching safepoint: 85069 ns, At safepoint: 9798 ns, Total: 94867 ns
[2020-09-11T17:13:31.195+0000][1][safepoint    ] Safepoint "Cleanup", Time since last: 1000111603 ns, Reaching safepoint: 83461 ns, At safepoint: 8441 ns, Total: 91902 ns
[2020-09-11T17:13:31.957+0000][1][safepoint    ] Safepoint "RevokeBias", Time since last: 762169226 ns, Reaching safepoint: 117733 ns, At safepoint: 26959 ns, Total: 144692 ns
[2020-09-11T17:13:31.962+0000][1][safepoint    ] Safepoint "RevokeBias", Time since last: 4741935 ns, Reaching safepoint: 68910 ns, At safepoint: 22039 ns, Total: 90949 ns
[2020-09-11T17:13:32.246+0000][1][safepoint    ] Safepoint "RevokeBias", Time since last: 283852896 ns, Reaching safepoint: 168753 ns, At safepoint: 23539 ns, Total: 192292 ns
[2020-09-11T17:13:33.246+0000][1][safepoint    ] Safepoint "Cleanup", Time since last: 1000146012 ns, Reaching safepoint: 85670 ns, At safepoint: 10146 ns, Total: 95816 ns
[2020-09-11T17:13:34.246+0000][1][safepoint    ] Safepoint "Cleanup", Time since last: 1000105361 ns, Reaching safepoint: 86918 ns, At safepoint: 9641 ns, Total: 96559 ns
[2020-09-11T17:13:34.785+0000][1][gc,start     ] GC(141) Pause Young (Allocation Failure)
[2020-09-11T17:13:34.790+0000][1][gc,task      ] GC(141) Using 1 workers of 1 for evacuation
[2020-09-11T17:13:34.821+0000][1][gc,age       ] GC(141) Desired survivor size 4358144 bytes, new threshold 6 (max threshold 6)
[2020-09-11T17:13:34.821+0000][1][gc,age       ] GC(141) Age table with threshold 6 (max threshold 6)
[2020-09-11T17:13:34.821+0000][1][gc,age       ] GC(141) - age   1:     163224 bytes,     163224 total
[2020-09-11T17:13:34.821+0000][1][gc,age       ] GC(141) - age   2:     369896 bytes,     533120 total
[2020-09-11T17:13:34.821+0000][1][gc,age       ] GC(141) - age   3:      74040 bytes,     607160 total
[2020-09-11T17:13:34.821+0000][1][gc,age       ] GC(141) - age   4:      50320 bytes,     657480 total
[2020-09-11T17:13:34.821+0000][1][gc,age       ] GC(141) - age   5:     247000 bytes,     904480 total
[2020-09-11T17:13:34.821+0000][1][gc,age       ] GC(141) - age   6:     270320 bytes,    1174800 total
[2020-09-11T17:13:34.821+0000][1][gc,heap      ] GC(141) ParNew: 69493K->2142K(76672K)
[2020-09-11T17:13:34.821+0000][1][gc,heap      ] GC(141) CMS: 143366K->143373K(2011968K)
[2020-09-11T17:13:34.821+0000][1][gc,metaspace ] GC(141) Metaspace: 96540K->96540K(1138688K)
[2020-09-11T17:13:34.821+0000][1][gc           ] GC(141) Pause Young (Allocation Failure) 207M->142M(2039M) 36.820ms
[2020-09-11T17:13:34.822+0000][1][gc,cpu       ] GC(141) User=0.02s Sys=0.00s Real=0.04s
[2020-09-11T17:13:34.822+0000][1][safepoint    ] Safepoint "GenCollectForAllocation", Time since last: 535067635 ns, Reaching safepoint: 3436096 ns, At safepoint: 36920788 ns, Total: 40356884 ns
[2020-09-11T17:13:35.834+0000][1][safepoint    ] Safepoint "Cleanup", Time since last: 1012651782 ns, Reaching safepoint: 91701 ns, At safepoint: 23366 ns, Total: 115067 ns
[2020-09-11T17:13:36.835+0000][1][safepoint    ] Safepoint "Cleanup", Time since last: 1000129691 ns, Reaching safepoint: 104682 ns, At safepoint: 23230 ns, Total: 127912 ns
[2020-09-11T17:13:36.974+0000][1][safepoint    ] Safepoint "RevokeBias", Time since last: 139034093 ns, Reaching safepoint: 90137 ns, At safepoint: 20812 ns, Total: 110949 ns
[2020-09-11T17:13:37.265+0000][1][safepoint    ] Safepoint "RevokeBias", Time since last: 291158773 ns, Reaching safepoint: 94792 ns, At safepoint: 22813 ns, Total: 117605 ns
[2020-09-11T17:13:38.265+0000][1][safepoint    ] Safepoint "Cleanup", Time since last: 1000112441 ns, Reaching safepoint: 89803 ns, At safepoint: 9155 ns, Total: 98958 ns
[2020-09-11T17:13:39.265+0000][1][safepoint    ] Safepoint "Cleanup", Time since last: 1000111293 ns, Reaching safepoint: 88481 ns, At safepoint: 8416 ns, Total: 96897 ns
[2020-09-11T17:13:40.266+0000][1][safepoint    ] Safepoint "Cleanup", Time since last: 1000117775 ns, Reaching safepoint: 90456 ns, At safepoint: 10335 ns, Total: 100791 ns
[2020-09-11T17:13:41.266+0000][1][safepoint    ] Safepoint "Cleanup", Time since last: 1000114682 ns, Reaching safepoint: 89916 ns, At safepoint: 9135 ns, Total: 99051 ns
[2020-09-11T17:13:41.987+0000][1][safepoint    ] Safepoint "RevokeBias", Time since last: 721022872 ns, Reaching safepoint: 222585 ns, At safepoint: 271041 ns, Total: 493626 ns
[2020-09-11T17:13:42.280+0000][1][safepoint    ] Safepoint "RevokeBias", Time since last: 292108456 ns, Reaching safepoint: 169717 ns, At safepoint: 28234 ns, Total: 197951 ns
[2020-09-11T17:13:43.280+0000][1][safepoint    ] Safepoint "Cleanup", Time since last: 1000116175 ns, Reaching safepoint: 87659 ns, At safepoint: 10065 ns, Total: 97724 ns
[2020-09-11T17:13:44.280+0000][1][safepoint    ] Safepoint "Cleanup", Time since last: 1000114659 ns, Reaching safepoint: 87589 ns, At safepoint: 9880 ns, Total: 97469 ns
[2020-09-11T17:13:45.280+0000][1][safepoint    ] Safepoint "Cleanup", Time since last: 1000109054 ns, Reaching safepoint: 87397 ns, At safepoint: 9348 ns, Total: 96745 ns
[2020-09-11T17:13:46.281+0000][1][safepoint    ] Safepoint "Cleanup", Time since last: 1000118526 ns, Reaching safepoint: 87721 ns, At safepoint: 10059 ns, Total: 97780 ns
[2020-09-11T17:13:47.000+0000][1][safepoint    ] Safepoint "RevokeBias", Time since last: 719486513 ns, Reaching safepoint: 87832 ns, At safepoint: 23214 ns, Total: 111046 ns
[2020-09-11T17:13:47.301+0000][1][safepoint    ] Safepoint "RevokeBias", Time since last: 300787822 ns, Reaching safepoint: 130531 ns, At safepoint: 24392 ns, Total: 154923 ns
[2020-09-11T17:13:50.301+0000][1][safepoint    ] Safepoint "Cleanup", Time since last: 3000263216 ns, Reaching safepoint: 95338 ns, At safepoint: 11581 ns, Total: 106919 ns
[2020-09-11T17:13:52.021+0000][1][safepoint    ] Safepoint "RevokeBias", Time since last: 1718708036 ns, Reaching safepoint: 248287 ns, At safepoint: 365138 ns, Total: 613425 ns
[2020-09-11T17:13:52.346+0000][1][safepoint    ] Safepoint "RevokeBias", Time since last: 324628490 ns, Reaching safepoint: 167051 ns, At safepoint: 29736 ns, Total: 196787 ns
[2020-09-11T17:13:53.150+0000][1][gc,start     ] GC(142) Pause Young (Allocation Failure)
[2020-09-11T17:13:53.150+0000][1][gc,task      ] GC(142) Using 1 workers of 1 for evacuation
[2020-09-11T17:13:53.188+0000][1][gc,age       ] GC(142) Desired survivor size 4358144 bytes, new threshold 6 (max threshold 6)
[2020-09-11T17:13:53.188+0000][1][gc,age       ] GC(142) Age table with threshold 6 (max threshold 6)
[2020-09-11T17:13:53.188+0000][1][gc,age       ] GC(142) - age   1:     310720 bytes,     310720 total
[2020-09-11T17:13:53.188+0000][1][gc,age       ] GC(142) - age   2:      66968 bytes,     377688 total
[2020-09-11T17:13:53.188+0000][1][gc,age       ] GC(142) - age   3:     365712 bytes,     743400 total
[2020-09-11T17:13:53.188+0000][1][gc,age       ] GC(142) - age   4:      73728 bytes,     817128 total
[2020-09-11T17:13:53.188+0000][1][gc,age       ] GC(142) - age   5:      50320 bytes,     867448 total
[2020-09-11T17:13:53.188+0000][1][gc,age       ] GC(142) - age   6:      91640 bytes,     959088 total
[2020-09-11T17:13:53.188+0000][1][gc,heap      ] GC(142) ParNew: 70302K->1396K(76672K)
[2020-09-11T17:13:53.188+0000][1][gc,heap      ] GC(142) CMS: 143373K->143631K(2011968K)
[2020-09-11T17:13:53.188+0000][1][gc,metaspace ] GC(142) Metaspace: 96564K->96564K(1138688K)
[2020-09-11T17:13:53.188+0000][1][gc           ] GC(142) Pause Young (Allocation Failure) 208M->141M(2039M) 38.542ms
[2020-09-11T17:13:53.188+0000][1][gc,cpu       ] GC(142) User=0.02s Sys=0.00s Real=0.04s
[2020-09-11T17:13:53.197+0000][1][safepoint    ] Safepoint "GenCollectForAllocation", Time since last: 803851988 ns, Reaching safepoint: 221652 ns, At safepoint: 47120974 ns, Total: 47342626 ns
[2020-09-11T17:13:54.209+0000][1][safepoint    ] Safepoint "Cleanup", Time since last: 1012083098 ns, Reaching safepoint: 92127 ns, At safepoint: 9634 ns, Total: 101761 ns
[2020-09-11T17:13:56.209+0000][1][safepoint    ] Safepoint "Cleanup", Time since last: 2000185102 ns, Reaching safepoint: 112384 ns, At safepoint: 11035 ns, Total: 123419 ns
[2020-09-11T17:13:57.040+0000][1][safepoint    ] Safepoint "RevokeBias", Time since last: 830245378 ns, Reaching safepoint: 90017 ns, At safepoint: 44295 ns, Total: 134312 ns
[2020-09-11T17:13:57.380+0000][1][safepoint    ] Safepoint "RevokeBias", Time since last: 340044699 ns, Reaching safepoint: 85737 ns, At safepoint: 24518 ns, Total: 110255 ns
[2020-09-11T17:14:02.053+0000][1][safepoint    ] Safepoint "RevokeBias", Time since last: 4672947297 ns, Reaching safepoint: 86187 ns, At safepoint: 28674 ns, Total: 114861 ns
[2020-09-11T17:14:02.402+0000][1][safepoint    ] Safepoint "RevokeBias", Time since last: 348843915 ns, Reaching safepoint: 248414 ns, At safepoint: 335712 ns, Total: 584126 ns
[2020-09-11T17:14:06.403+0000][1][safepoint    ] Safepoint "Cleanup", Time since last: 4000339341 ns, Reaching safepoint: 93548 ns, At safepoint: 10668 ns, Total: 104216 ns
[2020-09-11T17:14:07.069+0000][1][safepoint    ] Safepoint "RevokeBias", Time since last: 663399886 ns, Reaching safepoint: 2706559 ns, At safepoint: 29823 ns, Total: 2736382 ns
[2020-09-11T17:14:07.413+0000][1][safepoint    ] Safepoint "RevokeBias", Time since last: 343490662 ns, Reaching safepoint: 91085 ns, At safepoint: 27925 ns, Total: 119010 ns
[2020-09-11T17:14:12.085+0000][1][safepoint    ] Safepoint "RevokeBias", Time since last: 4672516503 ns, Reaching safepoint: 97816 ns, At safepoint: 23232 ns, Total: 121048 ns
[2020-09-11T17:14:12.432+0000][1][safepoint    ] Safepoint "RevokeBias", Time since last: 346029761 ns, Reaching safepoint: 242230 ns, At safepoint: 328589 ns, Total: 570819 ns
[2020-09-11T17:14:13.432+0000][1][safepoint    ] Safepoint "Cleanup", Time since last: 1000119412 ns, Reaching safepoint: 91332 ns, At safepoint: 10398 ns, Total: 101730 ns
[2020-09-11T17:14:15.432+0000][1][safepoint    ] Safepoint "Cleanup", Time since last: 2000191977 ns, Reaching safepoint: 88887 ns, At safepoint: 7490 ns, Total: 96377 ns
[2020-09-11T17:14:16.988+0000][1][gc,start     ] GC(143) Pause Young (Allocation Failure)
[2020-09-11T17:14:16.988+0000][1][gc,task      ] GC(143) Using 1 workers of 1 for evacuation
[2020-09-11T17:14:17.022+0000][1][gc,age       ] GC(143) Desired survivor size 4358144 bytes, new threshold 6 (max threshold 6)
[2020-09-11T17:14:17.022+0000][1][gc,age       ] GC(143) Age table with threshold 6 (max threshold 6)
[2020-09-11T17:14:17.022+0000][1][gc,age       ] GC(143) - age   1:     167928 bytes,     167928 total
[2020-09-11T17:14:17.022+0000][1][gc,age       ] GC(143) - age   2:     223872 bytes,     391800 total
[2020-09-11T17:14:17.022+0000][1][gc,age       ] GC(143) - age   3:      63528 bytes,     455328 total
[2020-09-11T17:14:17.022+0000][1][gc,age       ] GC(143) - age   4:     365392 bytes,     820720 total
[2020-09-11T17:14:17.022+0000][1][gc,age       ] GC(143) - age   5:      73696 bytes,     894416 total
[2020-09-11T17:14:17.022+0000][1][gc,age       ] GC(143) - age   6:      50320 bytes,     944736 total
[2020-09-11T17:14:17.022+0000][1][gc,heap      ] GC(143) ParNew: 69556K->1753K(76672K)
[2020-09-11T17:14:17.022+0000][1][gc,heap      ] GC(143) CMS: 143631K->143670K(2011968K)
[2020-09-11T17:14:17.022+0000][1][gc,metaspace ] GC(143) Metaspace: 96577K->96577K(1138688K)
[2020-09-11T17:14:17.022+0000][1][gc           ] GC(143) Pause Young (Allocation Failure) 208M->142M(2039M) 33.995ms
[2020-09-11T17:14:17.022+0000][1][gc,cpu       ] GC(143) User=0.02s Sys=0.00s Real=0.04s
[2020-09-11T17:14:17.022+0000][1][safepoint    ] Safepoint "GenCollectForAllocation", Time since last: 1554350338 ns, Reaching safepoint: 1571212 ns, At safepoint: 34087635 ns, Total: 35658847 ns
[2020-09-11T17:14:17.105+0000][1][safepoint    ] Safepoint "RevokeBias", Time since last: 78649501 ns, Reaching safepoint: 3944105 ns, At safepoint: 421712 ns, Total: 4365817 ns
[2020-09-11T17:14:17.445+0000][1][safepoint    ] Safepoint "RevokeBias", Time since last: 339222529 ns, Reaching safepoint: 87273 ns, At safepoint: 26449 ns, Total: 113722 ns
[2020-09-11T17:14:22.126+0000][1][safepoint    ] Safepoint "RevokeBias", Time since last: 4681183283 ns, Reaching safepoint: 90042 ns, At safepoint: 81245 ns, Total: 171287 ns
[2020-09-11T17:14:22.454+0000][1][safepoint    ] Safepoint "RevokeBias", Time since last: 327529477 ns, Reaching safepoint: 244935 ns, At safepoint: 342011 ns, Total: 586946 ns
[2020-09-11T17:14:24.091+0000][1][safepoint    ] Safepoint "Cleanup", Time since last: 1636920486 ns, Reaching safepoint: 103877 ns, At safepoint: 9800 ns, Total: 113677 ns
[2020-09-11T17:14:26.091+0000][1][safepoint    ] Safepoint "Cleanup", Time since last: 2000191986 ns, Reaching safepoint: 96912 ns, At safepoint: 11513 ns, Total: 108425 ns
[2020-09-11T17:14:27.167+0000][1][safepoint    ] Safepoint "BulkRevokeBias", Time since last: 1075335945 ns, Reaching safepoint: 163729 ns, At safepoint: 257468 ns, Total: 421197 ns
[2020-09-11T17:14:27.481+0000][1][safepoint    ] Safepoint "RevokeBias", Time since last: 313780984 ns, Reaching safepoint: 208392 ns, At safepoint: 25547 ns, Total: 233939 ns
[2020-09-11T17:14:32.213+0000][1][safepoint    ] Safepoint "RevokeBias", Time since last: 4731210307 ns, Reaching safepoint: 93743 ns, At safepoint: 29125 ns, Total: 122868 ns
[2020-09-11T17:14:32.515+0000][1][safepoint    ] Safepoint "RevokeBias", Time since last: 302196075 ns, Reaching safepoint: 176282 ns, At safepoint: 28085 ns, Total: 204367 ns
[2020-09-11T17:14:37.233+0000][1][safepoint    ] Safepoint "RevokeBias", Time since last: 4717928095 ns, Reaching safepoint: 89861 ns, At safepoint: 23491 ns, Total: 113352 ns
[2020-09-11T17:14:37.525+0000][1][safepoint    ] Safepoint "RevokeBias", Time since last: 292312444 ns, Reaching safepoint: 90127 ns, At safepoint: 27572 ns, Total: 117699 ns
[2020-09-11T17:14:39.516+0000][1][gc,start     ] GC(144) Pause Young (Allocation Failure)
[2020-09-11T17:14:39.516+0000][1][gc,task      ] GC(144) Using 1 workers of 1 for evacuation
[2020-09-11T17:14:39.555+0000][1][gc,age       ] GC(144) Desired survivor size 4358144 bytes, new threshold 6 (max threshold 6)
[2020-09-11T17:14:39.555+0000][1][gc,age       ] GC(144) Age table with threshold 6 (max threshold 6)
[2020-09-11T17:14:39.555+0000][1][gc,age       ] GC(144) - age   1:     184424 bytes,     184424 total
[2020-09-11T17:14:39.555+0000][1][gc,age       ] GC(144) - age   2:      68176 bytes,     252600 total
[2020-09-11T17:14:39.555+0000][1][gc,age       ] GC(144) - age   3:     222744 bytes,     475344 total
[2020-09-11T17:14:39.555+0000][1][gc,age       ] GC(144) - age   4:      63432 bytes,     538776 total
[2020-09-11T17:14:39.555+0000][1][gc,age       ] GC(144) - age   5:     365360 bytes,     904136 total
[2020-09-11T17:14:39.555+0000][1][gc,age       ] GC(144) - age   6:      24248 bytes,     928384 total
[2020-09-11T17:14:39.555+0000][1][gc,heap      ] GC(144) ParNew: 69913K->1130K(76672K)
[2020-09-11T17:14:39.555+0000][1][gc,heap      ] GC(144) CMS: 143670K->143710K(2011968K)
[2020-09-11T17:14:39.555+0000][1][gc,metaspace ] GC(144) Metaspace: 96652K->96652K(1138688K)
[2020-09-11T17:14:39.555+0000][1][gc           ] GC(144) Pause Young (Allocation Failure) 208M->141M(2039M) 38.334ms
[2020-09-11T17:14:39.555+0000][1][gc,cpu       ] GC(144) User=0.02s Sys=0.00s Real=0.04s
[2020-09-11T17:14:39.555+0000][1][safepoint    ] Safepoint "GenCollectForAllocation", Time since last: 1990769213 ns, Reaching safepoint: 202822 ns, At safepoint: 38448751 ns, Total: 38651573 ns
[2020-09-11T17:14:42.266+0000][1][safepoint    ] Safepoint "RevokeBias", Time since last: 2711064506 ns, Reaching safepoint: 243724 ns, At safepoint: 372663 ns, Total: 616387 ns
[2020-09-11T17:14:42.535+0000][1][safepoint    ] Safepoint "RevokeBias", Time since last: 268766667 ns, Reaching safepoint: 106209 ns, At safepoint: 40951 ns, Total: 147160 ns
[2020-09-11T17:14:47.276+0000][1][safepoint    ] Safepoint "RevokeBias", Time since last: 4740041928 ns, Reaching safepoint: 95941 ns, At safepoint: 24224 ns, Total: 120165 ns
[2020-09-11T17:14:47.558+0000][1][safepoint    ] Safepoint "RevokeBias", Time since last: 281962014 ns, Reaching safepoint: 93370 ns, At safepoint: 26222 ns, Total: 119592 ns
[2020-09-11T17:14:52.285+0000][1][safepoint    ] Safepoint "RevokeBias", Time since last: 4727277528 ns, Reaching safepoint: 201824 ns, At safepoint: 21776 ns, Total: 223600 ns
[2020-09-11T17:14:52.571+0000][1][safepoint    ] Safepoint "RevokeBias", Time since last: 285441808 ns, Reaching safepoint: 176580 ns, At safepoint: 28333 ns, Total: 204913 ns
[2020-09-11T17:14:55.571+0000][1][safepoint    ] Safepoint "Cleanup", Time since last: 3000250332 ns, Reaching safepoint: 87646 ns, At safepoint: 8849 ns, Total: 96495 ns
[2020-09-11T17:14:57.309+0000][1][gc,start     ] GC(145) Pause Young (Allocation Failure)
[2020-09-11T17:14:57.309+0000][1][gc,task      ] GC(145) Using 1 workers of 1 for evacuation
[2020-09-11T17:14:57.339+0000][1][gc,age       ] GC(145) Desired survivor size 4358144 bytes, new threshold 6 (max threshold 6)
[2020-09-11T17:14:57.339+0000][1][gc,age       ] GC(145) Age table with threshold 6 (max threshold 6)
[2020-09-11T17:14:57.339+0000][1][gc,age       ] GC(145) - age   1:     322120 bytes,     322120 total
[2020-09-11T17:14:57.339+0000][1][gc,age       ] GC(145) - age   2:      84896 bytes,     407016 total
[2020-09-11T17:14:57.339+0000][1][gc,age       ] GC(145) - age   3:      65080 bytes,     472096 total
[2020-09-11T17:14:57.339+0000][1][gc,age       ] GC(145) - age   4:     222712 bytes,     694808 total
[2020-09-11T17:14:57.339+0000][1][gc,age       ] GC(145) - age   5:      63432 bytes,     758240 total
[2020-09-11T17:14:57.339+0000][1][gc,age       ] GC(145) - age   6:     317928 bytes,    1076168 total
[2020-09-11T17:14:57.339+0000][1][gc,heap      ] GC(145) ParNew: 69290K->1642K(76672K)
[2020-09-11T17:14:57.339+0000][1][gc,heap      ] GC(145) CMS: 143710K->143729K(2011968K)
[2020-09-11T17:14:57.339+0000][1][gc,metaspace ] GC(145) Metaspace: 96669K->96669K(1138688K)
[2020-09-11T17:14:57.339+0000][1][gc           ] GC(145) Pause Young (Allocation Failure) 208M->141M(2039M) 29.850ms
[2020-09-11T17:14:57.339+0000][1][gc,cpu       ] GC(145) User=0.02s Sys=0.00s Real=0.03s
[2020-09-11T17:14:57.349+0000][1][safepoint    ] Safepoint "GenCollectForAllocation", Time since last: 1737647203 ns, Reaching safepoint: 213088 ns, At safepoint: 39776878 ns, Total: 39989966 ns
[2020-09-11T17:14:57.364+0000][1][safepoint    ] Safepoint "RevokeBias", Time since last: 12093987 ns, Reaching safepoint: 3050026 ns, At safepoint: 55651 ns, Total: 3105677 ns
[2020-09-11T17:14:57.581+0000][1][safepoint    ] Safepoint "RevokeBias", Time since last: 216538208 ns, Reaching safepoint: 113636 ns, At safepoint: 31377 ns, Total: 145013 ns
[2020-09-11T17:14:58.581+0000][1][safepoint    ] Safepoint "Cleanup", Time since last: 1000107093 ns, Reaching safepoint: 94893 ns, At safepoint: 9915 ns, Total: 104808 ns
[2020-09-11T17:15:02.377+0000][1][safepoint    ] Safepoint "RevokeBias", Time since last: 3795602454 ns, Reaching safepoint: 94379 ns, At safepoint: 26051 ns, Total: 120430 ns
[2020-09-11T17:15:02.592+0000][1][safepoint    ] Safepoint "RevokeBias", Time since last: 215640231 ns, Reaching safepoint: 104780 ns, At safepoint: 26316 ns, Total: 131096 ns
[2020-09-11T17:15:05.593+0000][1][safepoint    ] Safepoint "Cleanup", Time since last: 3000278010 ns, Reaching safepoint: 208088 ns, At safepoint: 15376 ns, Total: 223464 ns
[2020-09-11T17:15:07.389+0000][1][safepoint    ] Safepoint "RevokeBias", Time since last: 1796246010 ns, Reaching safepoint: 179242 ns, At safepoint: 28477 ns, Total: 207719 ns
[2020-09-11T17:15:07.604+0000][1][safepoint    ] Safepoint "RevokeBias", Time since last: 213614895 ns, Reaching safepoint: 250393 ns, At safepoint: 333689 ns, Total: 584082 ns
[2020-09-11T17:15:12.399+0000][1][safepoint    ] Safepoint "RevokeBias", Time since last: 4795690788 ns, Reaching safepoint: 106334 ns, At safepoint: 28580 ns, Total: 134914 ns
[2020-09-11T17:15:12.613+0000][1][safepoint    ] Safepoint "RevokeBias", Time since last: 213082254 ns, Reaching safepoint: 275895 ns, At safepoint: 521279 ns, Total: 797174 ns
[2020-09-11T17:15:13.613+0000][1][safepoint    ] Safepoint "Cleanup", Time since last: 1000116726 ns, Reaching safepoint: 93895 ns, At safepoint: 10000 ns, Total: 103895 ns
[2020-09-11T17:15:17.411+0000][1][safepoint    ] Safepoint "RevokeBias", Time since last: 3797366709 ns, Reaching safepoint: 175838 ns, At safepoint: 27568 ns, Total: 203406 ns
[2020-09-11T17:15:17.624+0000][1][safepoint    ] Safepoint "RevokeBias", Time since last: 212055569 ns, Reaching safepoint: 227444 ns, At safepoint: 269930 ns, Total: 497374 ns
[2020-09-11T17:15:22.428+0000][1][safepoint    ] Safepoint "RevokeBias", Time since last: 4804000123 ns, Reaching safepoint: 94446 ns, At safepoint: 26139 ns, Total: 120585 ns
[2020-09-11T17:15:22.633+0000][1][safepoint    ] Safepoint "RevokeBias", Time since last: 205619613 ns, Reaching safepoint: 90029 ns, At safepoint: 27134 ns, Total: 117163 ns
[2020-09-11T17:15:23.634+0000][1][safepoint    ] Safepoint "Cleanup", Time since last: 1000114003 ns, Reaching safepoint: 96532 ns, At safepoint: 9807 ns, Total: 106339 ns
[2020-09-11T17:15:24.355+0000][1][gc,start     ] GC(146) Pause Young (Allocation Failure)
[2020-09-11T17:15:24.355+0000][1][gc,task      ] GC(146) Using 1 workers of 1 for evacuation
[2020-09-11T17:15:24.386+0000][1][gc,age       ] GC(146) Desired survivor size 4358144 bytes, new threshold 6 (max threshold 6)
[2020-09-11T17:15:24.386+0000][1][gc,age       ] GC(146) Age table with threshold 6 (max threshold 6)
[2020-09-11T17:15:24.386+0000][1][gc,age       ] GC(146) - age   1:     457712 bytes,     457712 total
[2020-09-11T17:15:24.386+0000][1][gc,age       ] GC(146) - age   2:     140680 bytes,     598392 total
[2020-09-11T17:15:24.386+0000][1][gc,age       ] GC(146) - age   3:      79792 bytes,     678184 total
[2020-09-11T17:15:24.386+0000][1][gc,age       ] GC(146) - age   4:      64792 bytes,     742976 total
[2020-09-11T17:15:24.386+0000][1][gc,age       ] GC(146) - age   5:     222672 bytes,     965648 total
[2020-09-11T17:15:24.386+0000][1][gc,age       ] GC(146) - age   6:      63432 bytes,    1029080 total
[2020-09-11T17:15:24.386+0000][1][gc,heap      ] GC(146) ParNew: 69802K->1987K(76672K)
[2020-09-11T17:15:24.386+0000][1][gc,heap      ] GC(146) CMS: 143729K->143735K(2011968K)
[2020-09-11T17:15:24.386+0000][1][gc,metaspace ] GC(146) Metaspace: 96750K->96750K(1138688K)
[2020-09-11T17:15:24.386+0000][1][gc           ] GC(146) Pause Young (Allocation Failure) 208M->142M(2039M) 31.279ms
[2020-09-11T17:15:24.386+0000][1][gc,cpu       ] GC(146) User=0.01s Sys=0.00s Real=0.03s
[2020-09-11T17:15:24.386+0000][1][safepoint    ] Safepoint "GenCollectForAllocation", Time since last: 720740394 ns, Reaching safepoint: 287035 ns, At safepoint: 31366967 ns, Total: 31654002 ns
[2020-09-11T17:15:25.393+0000][1][safepoint    ] Safepoint "Cleanup", Time since last: 1006838060 ns, Reaching safepoint: 89052 ns, At safepoint: 6795 ns, Total: 95847 ns
[2020-09-11T17:15:27.396+0000][1][safepoint    ] Safepoint "Cleanup", Time since last: 2002863906 ns, Reaching safepoint: 88366 ns, At safepoint: 7051 ns, Total: 95417 ns
[2020-09-11T17:15:27.440+0000][1][safepoint    ] Safepoint "RevokeBias", Time since last: 43934893 ns, Reaching safepoint: 89216 ns, At safepoint: 22883 ns, Total: 112099 ns
[2020-09-11T17:15:27.651+0000][1][safepoint    ] Safepoint "RevokeBias", Time since last: 211011570 ns, Reaching safepoint: 87748 ns, At safepoint: 33011 ns, Total: 120759 ns
[2020-09-11T17:15:28.651+0000][1][safepoint    ] Safepoint "Cleanup", Time since last: 1000119728 ns, Reaching safepoint: 93298 ns, At safepoint: 10733 ns, Total: 104031 ns
[2020-09-11T17:15:32.449+0000][1][safepoint    ] Safepoint "RevokeBias", Time since last: 3797666771 ns, Reaching safepoint: 93653 ns, At safepoint: 26731 ns, Total: 120384 ns
[2020-09-11T17:15:32.666+0000][1][safepoint    ] Safepoint "RevokeBias", Time since last: 216710107 ns, Reaching safepoint: 89714 ns, At safepoint: 29221 ns, Total: 118935 ns
[2020-09-11T17:15:34.666+0000][1][safepoint    ] Safepoint "Cleanup", Time since last: 2000190818 ns, Reaching safepoint: 98677 ns, At safepoint: 10451 ns, Total: 109128 ns
[2020-09-11T17:15:35.703+0000][1][safepoint    ] Safepoint "Cleanup", Time since last: 1036917622 ns, Reaching safepoint: 102046 ns, At safepoint: 9041 ns, Total: 111087 ns
[2020-09-11T17:15:37.468+0000][1][safepoint    ] Safepoint "RevokeBias", Time since last: 1764913335 ns, Reaching safepoint: 92382 ns, At safepoint: 26136 ns, Total: 118518 ns
[2020-09-11T17:15:37.681+0000][1][safepoint    ] Safepoint "BulkRevokeBias", Time since last: 211980121 ns, Reaching safepoint: 243558 ns, At safepoint: 611268 ns, Total: 854826 ns
[2020-09-11T17:15:42.485+0000][1][safepoint    ] Safepoint "RevokeBias", Time since last: 4804031753 ns, Reaching safepoint: 95079 ns, At safepoint: 27933 ns, Total: 123012 ns
[2020-09-11T17:15:42.698+0000][1][safepoint    ] Safepoint "RevokeBias", Time since last: 212406003 ns, Reaching safepoint: 249127 ns, At safepoint: 317455 ns, Total: 566582 ns
[2020-09-11T17:15:43.699+0000][1][safepoint    ] Safepoint "Cleanup", Time since last: 1000120656 ns, Reaching safepoint: 96022 ns, At safepoint: 10610 ns, Total: 106632 ns
[2020-09-11T17:15:46.576+0000][1][gc,start     ] GC(147) Pause Young (Allocation Failure)
[2020-09-11T17:15:46.576+0000][1][gc,task      ] GC(147) Using 1 workers of 1 for evacuation
[2020-09-11T17:15:46.610+0000][1][gc,age       ] GC(147) Desired survivor size 4358144 bytes, new threshold 6 (max threshold 6)
[2020-09-11T17:15:46.610+0000][1][gc,age       ] GC(147) Age table with threshold 6 (max threshold 6)
[2020-09-11T17:15:46.610+0000][1][gc,age       ] GC(147) - age   1:     350728 bytes,     350728 total
[2020-09-11T17:15:46.610+0000][1][gc,age       ] GC(147) - age   2:     362520 bytes,     713248 total
[2020-09-11T17:15:46.610+0000][1][gc,age       ] GC(147) - age   3:     138120 bytes,     851368 total
[2020-09-11T17:15:46.610+0000][1][gc,age       ] GC(147) - age   4:      79792 bytes,     931160 total
[2020-09-11T17:15:46.610+0000][1][gc,age       ] GC(147) - age   5:      64696 bytes,     995856 total
[2020-09-11T17:15:46.610+0000][1][gc,age       ] GC(147) - age   6:      43168 bytes,    1039024 total
[2020-09-11T17:15:46.610+0000][1][gc,heap      ] GC(147) ParNew: 70147K->1250K(76672K)
[2020-09-11T17:15:46.610+0000][1][gc,heap      ] GC(147) CMS: 143735K->143750K(2011968K)
[2020-09-11T17:15:46.610+0000][1][gc,metaspace ] GC(147) Metaspace: 96795K->96795K(1138688K)
[2020-09-11T17:15:46.610+0000][1][gc           ] GC(147) Pause Young (Allocation Failure) 208M->141M(2039M) 34.514ms
[2020-09-11T17:15:46.610+0000][1][gc,cpu       ] GC(147) User=0.02s Sys=0.00s Real=0.03s
[2020-09-11T17:15:46.610+0000][1][safepoint    ] Safepoint "GenCollectForAllocation", Time since last: 2876925524 ns, Reaching safepoint: 159389 ns, At safepoint: 34642450 ns, Total: 34801839 ns
[2020-09-11T17:15:47.499+0000][1][safepoint    ] Safepoint "RevokeBias", Time since last: 888996748 ns, Reaching safepoint: 100529 ns, At safepoint: 27503 ns, Total: 128032 ns
[2020-09-11T17:15:47.708+0000][1][safepoint    ] Safepoint "RevokeBias", Time since last: 208422063 ns, Reaching safepoint: 93105 ns, At safepoint: 27572 ns, Total: 120677 ns
[2020-09-11T17:15:49.708+0000][1][safepoint    ] Safepoint "Cleanup", Time since last: 2000214203 ns, Reaching safepoint: 93264 ns, At safepoint: 8921 ns, Total: 102185 ns
[2020-09-11T17:15:52.532+0000][1][safepoint    ] Safepoint "RevokeBias", Time since last: 2824096678 ns, Reaching safepoint: 89744 ns, At safepoint: 22562 ns, Total: 112306 ns
[2020-09-11T17:15:52.720+0000][1][safepoint    ] Safepoint "RevokeBias", Time since last: 187519021 ns, Reaching safepoint: 85821 ns, At safepoint: 22218 ns, Total: 108039 ns
[2020-09-11T17:15:53.720+0000][1][safepoint    ] Safepoint "Cleanup", Time since last: 1000108246 ns, Reaching safepoint: 105097 ns, At safepoint: 9723 ns, Total: 114820 ns
[2020-09-11T17:15:54.721+0000][1][safepoint    ] Safepoint "Cleanup", Time since last: 1000111633 ns, Reaching safepoint: 93231 ns, At safepoint: 10341 ns, Total: 103572 ns
[2020-09-11T17:15:56.726+0000][1][safepoint    ] Safepoint "Cleanup", Time since last: 2005381797 ns, Reaching safepoint: 96038 ns, At safepoint: 9937 ns, Total: 105975 ns
[2020-09-11T17:15:57.556+0000][1][safepoint    ] Safepoint "RevokeBias", Time since last: 830340495 ns, Reaching safepoint: 98203 ns, At safepoint: 28370 ns, Total: 126573 ns
[2020-09-11T17:15:57.739+0000][1][safepoint    ] Safepoint "RevokeBias", Time since last: 182190317 ns, Reaching safepoint: 162989 ns, At safepoint: 23434 ns, Total: 186423 ns
[2020-09-11T17:16:02.566+0000][1][safepoint    ] Safepoint "RevokeBias", Time since last: 4826659803 ns, Reaching safepoint: 247243 ns, At safepoint: 328469 ns, Total: 575712 ns
[2020-09-11T17:16:02.766+0000][1][safepoint    ] Safepoint "RevokeBias", Time since last: 199479214 ns, Reaching safepoint: 97384 ns, At safepoint: 27788 ns, Total: 125172 ns
[2020-09-11T17:16:06.628+0000][1][gc,start     ] GC(148) Pause Young (Allocation Failure)
[2020-09-11T17:16:06.628+0000][1][gc,task      ] GC(148) Using 1 workers of 1 for evacuation
[2020-09-11T17:16:06.655+0000][1][gc,age       ] GC(148) Desired survivor size 4358144 bytes, new threshold 6 (max threshold 6)
[2020-09-11T17:16:06.655+0000][1][gc,age       ] GC(148) Age table with threshold 6 (max threshold 6)
[2020-09-11T17:16:06.655+0000][1][gc,age       ] GC(148) - age   1:      91160 bytes,      91160 total
[2020-09-11T17:16:06.655+0000][1][gc,age       ] GC(148) - age   2:     276000 bytes,     367160 total
[2020-09-11T17:16:06.655+0000][1][gc,age       ] GC(148) - age   3:     361096 bytes,     728256 total
[2020-09-11T17:16:06.655+0000][1][gc,age       ] GC(148) - age   4:     138024 bytes,     866280 total
[2020-09-11T17:16:06.655+0000][1][gc,age       ] GC(148) - age   5:      79792 bytes,     946072 total
[2020-09-11T17:16:06.655+0000][1][gc,age       ] GC(148) - age   6:      64696 bytes,    1010768 total
[2020-09-11T17:16:06.655+0000][1][gc,heap      ] GC(148) ParNew: 69410K->1834K(76672K)
[2020-09-11T17:16:06.655+0000][1][gc,heap      ] GC(148) CMS: 143750K->143789K(2011968K)
[2020-09-11T17:16:06.655+0000][1][gc,metaspace ] GC(148) Metaspace: 96802K->96802K(1138688K)
[2020-09-11T17:16:06.655+0000][1][gc           ] GC(148) Pause Young (Allocation Failure) 208M->142M(2039M) 27.283ms
[2020-09-11T17:16:06.655+0000][1][gc,cpu       ] GC(148) User=0.02s Sys=0.00s Real=0.03s
[2020-09-11T17:16:06.660+0000][1][safepoint    ] Safepoint "GenCollectForAllocation", Time since last: 3862180790 ns, Reaching safepoint: 85224 ns, At safepoint: 32365567 ns, Total: 32450791 ns
[2020-09-11T17:16:07.581+0000][1][safepoint    ] Safepoint "RevokeBias", Time since last: 919777459 ns, Reaching safepoint: 259700 ns, At safepoint: 316093 ns, Total: 575793 ns
[2020-09-11T17:16:07.782+0000][1][safepoint    ] Safepoint "RevokeBias", Time since last: 201380815 ns, Reaching safepoint: 168734 ns, At safepoint: 25861 ns, Total: 194595 ns
[2020-09-11T17:16:12.596+0000][1][safepoint    ] Safepoint "RevokeBias", Time since last: 4813810309 ns, Reaching safepoint: 104163 ns, At safepoint: 27574 ns, Total: 131737 ns
[2020-09-11T17:16:12.793+0000][1][safepoint    ] Safepoint "RevokeBias", Time since last: 196760592 ns, Reaching safepoint: 96694 ns, At safepoint: 28062 ns, Total: 124756 ns
[2020-09-11T17:16:13.793+0000][1][safepoint    ] Safepoint "Cleanup", Time since last: 1000127897 ns, Reaching safepoint: 96024 ns, At safepoint: 11325 ns, Total: 107349 ns
[2020-09-11T17:16:15.794+0000][1][safepoint    ] Safepoint "Cleanup", Time since last: 2000368722 ns, Reaching safepoint: 90762 ns, At safepoint: 10291 ns, Total: 101053 ns
[2020-09-11T17:16:16.794+0000][1][safepoint    ] Safepoint "Cleanup", Time since last: 1000118547 ns, Reaching safepoint: 86632 ns, At safepoint: 7743 ns, Total: 94375 ns
[2020-09-11T17:16:17.611+0000][1][safepoint    ] Safepoint "RevokeBias", Time since last: 817190423 ns, Reaching safepoint: 90127 ns, At safepoint: 27061 ns, Total: 117188 ns
[2020-09-11T17:16:17.813+0000][1][safepoint    ] Safepoint "RevokeBias", Time since last: 197957159 ns, Reaching safepoint: 3617301 ns, At safepoint: 31618 ns, Total: 3648919 ns
[2020-09-11T17:16:18.813+0000][1][safepoint    ] Safepoint "Cleanup", Time since last: 1000108797 ns, Reaching safepoint: 87126 ns, At safepoint: 9305 ns, Total: 96431 ns
[2020-09-11T17:16:19.813+0000][1][safepoint    ] Safepoint "Cleanup", Time since last: 1000103357 ns, Reaching safepoint: 87332 ns, At safepoint: 8280 ns, Total: 95612 ns
[2020-09-11T17:16:20.814+0000][1][safepoint    ] Safepoint "Cleanup", Time since last: 1000111127 ns, Reaching safepoint: 91466 ns, At safepoint: 9530 ns, Total: 100996 ns
[2020-09-11T17:16:21.814+0000][1][safepoint    ] Safepoint "Cleanup", Time since last: 1000111811 ns, Reaching safepoint: 87023 ns, At safepoint: 9089 ns, Total: 96112 ns
[2020-09-11T17:16:22.631+0000][1][safepoint    ] Safepoint "RevokeBias", Time since last: 817401963 ns, Reaching safepoint: 87999 ns, At safepoint: 24498 ns, Total: 112497 ns
[2020-09-11T17:16:22.824+0000][1][safepoint    ] Safepoint "RevokeBias", Time since last: 192649215 ns, Reaching safepoint: 94587 ns, At safepoint: 26108 ns, Total: 120695 ns
[2020-09-11T17:16:23.824+0000][1][safepoint    ] Safepoint "Cleanup", Time since last: 1000112377 ns, Reaching safepoint: 98665 ns, At safepoint: 10041 ns, Total: 108706 ns
[2020-09-11T17:16:24.828+0000][1][safepoint    ] Safepoint "Cleanup", Time since last: 1003532030 ns, Reaching safepoint: 194868 ns, At safepoint: 7465 ns, Total: 202333 ns
[2020-09-11T17:16:25.321+0000][1][gc,start     ] GC(149) Pause Young (Allocation Failure)
[2020-09-11T17:16:25.321+0000][1][gc,task      ] GC(149) Using 1 workers of 1 for evacuation
[2020-09-11T17:16:25.348+0000][1][gc,age       ] GC(149) Desired survivor size 4358144 bytes, new threshold 6 (max threshold 6)
[2020-09-11T17:16:25.348+0000][1][gc,age       ] GC(149) Age table with threshold 6 (max threshold 6)
[2020-09-11T17:16:25.348+0000][1][gc,age       ] GC(149) - age   1:     220664 bytes,     220664 total
[2020-09-11T17:16:25.348+0000][1][gc,age       ] GC(149) - age   2:      17000 bytes,     237664 total
[2020-09-11T17:16:25.348+0000][1][gc,age       ] GC(149) - age   3:     271008 bytes,     508672 total
[2020-09-11T17:16:25.348+0000][1][gc,age       ] GC(149) - age   4:     360864 bytes,     869536 total
[2020-09-11T17:16:25.348+0000][1][gc,age       ] GC(149) - age   5:     138024 bytes,    1007560 total
[2020-09-11T17:16:25.348+0000][1][gc,age       ] GC(149) - age   6:      79728 bytes,    1087288 total
[2020-09-11T17:16:25.348+0000][1][gc,heap      ] GC(149) ParNew: 69994K->1198K(76672K)
[2020-09-11T17:16:25.348+0000][1][gc,heap      ] GC(149) CMS: 143789K->143795K(2011968K)
[2020-09-11T17:16:25.348+0000][1][gc,metaspace ] GC(149) Metaspace: 96824K->96824K(1138688K)
[2020-09-11T17:16:25.348+0000][1][gc           ] GC(149) Pause Young (Allocation Failure) 208M->141M(2039M) 27.605ms
[2020-09-11T17:16:25.349+0000][1][gc,cpu       ] GC(149) User=0.02s Sys=0.00s Real=0.02s
[2020-09-11T17:16:25.349+0000][1][safepoint    ] Safepoint "GenCollectForAllocation", Time since last: 490993860 ns, Reaching safepoint: 1916605 ns, At safepoint: 27680973 ns, Total: 29597578 ns
[2020-09-11T17:16:26.358+0000][1][safepoint    ] Safepoint "Cleanup", Time since last: 1008860282 ns, Reaching safepoint: 87758 ns, At safepoint: 8992 ns, Total: 96750 ns
[2020-09-11T17:16:27.358+0000][1][safepoint    ] Safepoint "Cleanup", Time since last: 1000123178 ns, Reaching safepoint: 81721 ns, At safepoint: 6128 ns, Total: 87849 ns
[2020-09-11T17:16:27.650+0000][1][safepoint    ] Safepoint "RevokeBias", Time since last: 291984436 ns, Reaching safepoint: 90163 ns, At safepoint: 21913 ns, Total: 112076 ns
[2020-09-11T17:16:27.841+0000][1][safepoint    ] Safepoint "RevokeBias", Time since last: 191291342 ns, Reaching safepoint: 157041 ns, At safepoint: 23183 ns, Total: 180224 ns
[2020-09-11T17:16:28.841+0000][1][safepoint    ] Safepoint "Cleanup", Time since last: 1000110469 ns, Reaching safepoint: 89519 ns, At safepoint: 9925 ns, Total: 99444 ns
[2020-09-11T17:16:29.842+0000][1][safepoint    ] Safepoint "Cleanup", Time since last: 1000112222 ns, Reaching safepoint: 115167 ns, At safepoint: 10922 ns, Total: 126089 ns
[2020-09-11T17:16:30.842+0000][1][safepoint    ] Safepoint "Cleanup", Time since last: 1000110963 ns, Reaching safepoint: 90218 ns, At safepoint: 8769 ns, Total: 98987 ns
[2020-09-11T17:16:31.842+0000][1][safepoint    ] Safepoint "Cleanup", Time since last: 1000113711 ns, Reaching safepoint: 93654 ns, At safepoint: 10341 ns, Total: 103995 ns
[2020-09-11T17:16:32.668+0000][1][safepoint    ] Safepoint "RevokeBias", Time since last: 825759478 ns, Reaching safepoint: 87629 ns, At safepoint: 45293 ns, Total: 132922 ns
[2020-09-11T17:16:32.906+0000][1][safepoint    ] Safepoint "RevokeBias", Time since last: 237881122 ns, Reaching safepoint: 101337 ns, At safepoint: 36002 ns, Total: 137339 ns
[2020-09-11T17:16:33.906+0000][1][safepoint    ] Safepoint "Cleanup", Time since last: 1000118786 ns, Reaching safepoint: 90644 ns, At safepoint: 10176 ns, Total: 100820 ns
[2020-09-11T17:16:34.907+0000][1][safepoint    ] Safepoint "Cleanup", Time since last: 1000684108 ns, Reaching safepoint: 84343 ns, At safepoint: 9108 ns, Total: 93451 ns
[2020-09-11T17:16:35.907+0000][1][safepoint    ] Safepoint "Cleanup", Time since last: 1000118234 ns, Reaching safepoint: 93403 ns, At safepoint: 7482 ns, Total: 100885 ns
[2020-09-11T17:16:36.908+0000][1][safepoint    ] Safepoint "Cleanup", Time since last: 1000115466 ns, Reaching safepoint: 113178 ns, At safepoint: 11573 ns, Total: 124751 ns
[2020-09-11T17:16:37.681+0000][1][safepoint    ] Safepoint "RevokeBias", Time since last: 773522732 ns, Reaching safepoint: 160055 ns, At safepoint: 28110 ns, Total: 188165 ns
[2020-09-11T17:16:37.927+0000][1][safepoint    ] Safepoint "RevokeBias", Time since last: 245994112 ns, Reaching safepoint: 93536 ns, At safepoint: 27000 ns, Total: 120536 ns
[2020-09-11T17:16:38.928+0000][1][safepoint    ] Safepoint "Cleanup", Time since last: 1000121451 ns, Reaching safepoint: 88618 ns, At safepoint: 10144 ns, Total: 98762 ns
[2020-09-11T17:16:39.928+0000][1][safepoint    ] Safepoint "Cleanup", Time since last: 1000119660 ns, Reaching safepoint: 86845 ns, At safepoint: 10194 ns, Total: 97039 ns
[2020-09-11T17:16:40.928+0000][1][safepoint    ] Safepoint "Cleanup", Time since last: 1000114907 ns, Reaching safepoint: 88239 ns, At safepoint: 9786 ns, Total: 98025 ns
[2020-09-11T17:16:41.928+0000][1][safepoint    ] Safepoint "Cleanup", Time since last: 1000113724 ns, Reaching safepoint: 89524 ns, At safepoint: 8645 ns, Total: 98169 ns
[2020-09-11T17:16:42.704+0000][1][safepoint    ] Safepoint "RevokeBias", Time since last: 775891844 ns, Reaching safepoint: 92724 ns, At safepoint: 26972 ns, Total: 119696 ns
[2020-09-11T17:16:42.941+0000][1][safepoint    ] Safepoint "RevokeBias", Time since last: 236072015 ns, Reaching safepoint: 256083 ns, At safepoint: 356659 ns, Total: 612742 ns
[2020-09-11T17:16:43.941+0000][1][safepoint    ] Safepoint "Cleanup", Time since last: 1000112567 ns, Reaching safepoint: 86312 ns, At safepoint: 9438 ns, Total: 95750 ns
[2020-09-11T17:16:44.941+0000][1][safepoint    ] Safepoint "Cleanup", Time since last: 1000113395 ns, Reaching safepoint: 89921 ns, At safepoint: 10088 ns, Total: 100009 ns
[2020-09-11T17:16:45.942+0000][1][safepoint    ] Safepoint "Cleanup", Time since last: 1000139916 ns, Reaching safepoint: 87969 ns, At safepoint: 9576 ns, Total: 97545 ns
[2020-09-11T17:16:46.942+0000][1][safepoint    ] Safepoint "Cleanup", Time since last: 1000116056 ns, Reaching safepoint: 87833 ns, At safepoint: 9897 ns, Total: 97730 ns
[2020-09-11T17:16:47.019+0000][1][gc,start     ] GC(150) Pause Young (Allocation Failure)
[2020-09-11T17:16:47.019+0000][1][gc,task      ] GC(150) Using 1 workers of 1 for evacuation
[2020-09-11T17:16:47.044+0000][1][gc,age       ] GC(150) Desired survivor size 4358144 bytes, new threshold 6 (max threshold 6)
[2020-09-11T17:16:47.044+0000][1][gc,age       ] GC(150) Age table with threshold 6 (max threshold 6)
[2020-09-11T17:16:47.044+0000][1][gc,age       ] GC(150) - age   1:     209760 bytes,     209760 total
[2020-09-11T17:16:47.044+0000][1][gc,age       ] GC(150) - age   2:      76240 bytes,     286000 total
[2020-09-11T17:16:47.044+0000][1][gc,age       ] GC(150) - age   3:      12280 bytes,     298280 total
[2020-09-11T17:16:47.045+0000][1][gc,age       ] GC(150) - age   4:     271008 bytes,     569288 total
[2020-09-11T17:16:47.045+0000][1][gc,age       ] GC(150) - age   5:     360864 bytes,     930152 total
[2020-09-11T17:16:47.045+0000][1][gc,age       ] GC(150) - age   6:     138024 bytes,    1068176 total
[2020-09-11T17:16:47.045+0000][1][gc,heap      ] GC(150) ParNew: 69358K->1892K(76672K)
[2020-09-11T17:16:47.045+0000][1][gc,heap      ] GC(150) CMS: 143795K->143814K(2011968K)
[2020-09-11T17:16:47.045+0000][1][gc,metaspace ] GC(150) Metaspace: 96880K->96880K(1138688K)
[2020-09-11T17:16:47.045+0000][1][gc           ] GC(150) Pause Young (Allocation Failure) 208M->142M(2039M) 25.670ms
[2020-09-11T17:16:47.045+0000][1][gc,cpu       ] GC(150) User=0.02s Sys=0.00s Real=0.03s
[2020-09-11T17:16:47.049+0000][1][safepoint    ] Safepoint "GenCollectForAllocation", Time since last: 76942913 ns, Reaching safepoint: 178733 ns, At safepoint: 29874956 ns, Total: 30053689 ns
[2020-09-11T17:16:47.719+0000][1][safepoint    ] Safepoint "RevokeBias", Time since last: 670189741 ns, Reaching safepoint: 97469 ns, At safepoint: 26137 ns, Total: 123606 ns
[2020-09-11T17:16:47.957+0000][1][safepoint    ] Safepoint "RevokeBias", Time since last: 237476635 ns, Reaching safepoint: 273035 ns, At safepoint: 319859 ns, Total: 592894 ns
[2020-09-11T17:16:48.957+0000][1][safepoint    ] Safepoint "Cleanup", Time since last: 1000116093 ns, Reaching safepoint: 87837 ns, At safepoint: 10288 ns, Total: 98125 ns
[2020-09-11T17:16:49.958+0000][1][safepoint    ] Safepoint "Cleanup", Time since last: 1000179809 ns, Reaching safepoint: 86359 ns, At safepoint: 10511 ns, Total: 96870 ns
[2020-09-11T17:16:50.958+0000][1][safepoint    ] Safepoint "Cleanup", Time since last: 1000114418 ns, Reaching safepoint: 88504 ns, At safepoint: 9186 ns, Total: 97690 ns
[2020-09-11T17:16:51.958+0000][1][safepoint    ] Safepoint "Cleanup", Time since last: 1000116282 ns, Reaching safepoint: 87283 ns, At safepoint: 10769 ns, Total: 98052 ns
[2020-09-11T17:16:52.736+0000][1][safepoint    ] Safepoint "BulkRevokeBias", Time since last: 778028527 ns, Reaching safepoint: 91207 ns, At safepoint: 250776 ns, Total: 341983 ns
[2020-09-11T17:16:52.968+0000][1][safepoint    ] Safepoint "RevokeBias", Time since last: 231234229 ns, Reaching safepoint: 241393 ns, At safepoint: 319675 ns, Total: 561068 ns
[2020-09-11T17:16:53.968+0000][1][safepoint    ] Safepoint "Cleanup", Time since last: 1000120693 ns, Reaching safepoint: 99095 ns, At safepoint: 10408 ns, Total: 109503 ns
[2020-09-11T17:16:54.969+0000][1][safepoint    ] Safepoint "Cleanup", Time since last: 1000116912 ns, Reaching safepoint: 104813 ns, At safepoint: 7658 ns, Total: 112471 ns
[2020-09-11T17:16:55.969+0000][1][safepoint    ] Safepoint "Cleanup", Time since last: 1000158682 ns, Reaching safepoint: 88771 ns, At safepoint: 9687 ns, Total: 98458 ns
[2020-09-11T17:16:56.969+0000][1][safepoint    ] Safepoint "Cleanup", Time since last: 1000112465 ns, Reaching safepoint: 84482 ns, At safepoint: 8597 ns, Total: 93079 ns
[2020-09-11T17:16:57.754+0000][1][safepoint    ] Safepoint "RevokeBias", Time since last: 784747069 ns, Reaching safepoint: 94454 ns, At safepoint: 22270 ns, Total: 116724 ns
[2020-09-11T17:16:57.990+0000][1][safepoint    ] Safepoint "RevokeBias", Time since last: 235320522 ns, Reaching safepoint: 163001 ns, At safepoint: 24570 ns, Total: 187571 ns
[2020-09-11T17:16:58.990+0000][1][safepoint    ] Safepoint "Cleanup", Time since last: 1000110503 ns, Reaching safepoint: 87633 ns, At safepoint: 9318 ns, Total: 96951 ns
[2020-09-11T17:16:59.991+0000][1][safepoint    ] Safepoint "Cleanup", Time since last: 1000896937 ns, Reaching safepoint: 109017 ns, At safepoint: 9288 ns, Total: 118305 ns
[2020-09-11T17:17:00.991+0000][1][safepoint    ] Safepoint "Cleanup", Time since last: 1000121902 ns, Reaching safepoint: 110846 ns, At safepoint: 9842 ns, Total: 120688 ns
[2020-09-11T17:17:01.991+0000][1][safepoint    ] Safepoint "Cleanup", Time since last: 1000108262 ns, Reaching safepoint: 91097 ns, At safepoint: 10303 ns, Total: 101400 ns
[2020-09-11T17:17:02.775+0000][1][safepoint    ] Safepoint "RevokeBias", Time since last: 783976107 ns, Reaching safepoint: 93617 ns, At safepoint: 48671 ns, Total: 142288 ns
[2020-09-11T17:17:03.004+0000][1][safepoint    ] Safepoint "RevokeBias", Time since last: 228543478 ns, Reaching safepoint: 168438 ns, At safepoint: 24585 ns, Total: 193023 ns
[2020-09-11T17:17:04.004+0000][1][safepoint    ] Safepoint "Cleanup", Time since last: 1000109466 ns, Reaching safepoint: 86546 ns, At safepoint: 8683 ns, Total: 95229 ns
[2020-09-11T17:17:05.004+0000][1][safepoint    ] Safepoint "Cleanup", Time since last: 1000113289 ns, Reaching safepoint: 97193 ns, At safepoint: 9917 ns, Total: 107110 ns
[2020-09-11T17:17:06.005+0000][1][safepoint    ] Safepoint "Cleanup", Time since last: 1000116972 ns, Reaching safepoint: 89039 ns, At safepoint: 8620 ns, Total: 97659 ns
[2020-09-11T17:17:07.005+0000][1][safepoint    ] Safepoint "Cleanup", Time since last: 1000138433 ns, Reaching safepoint: 93803 ns, At safepoint: 7862 ns, Total: 101665 ns
[2020-09-11T17:17:07.815+0000][1][safepoint    ] Safepoint "RevokeBias", Time since last: 809889508 ns, Reaching safepoint: 105329 ns, At safepoint: 27877 ns, Total: 133206 ns
[2020-09-11T17:17:08.021+0000][1][safepoint    ] Safepoint "RevokeBias", Time since last: 206033903 ns, Reaching safepoint: 175908 ns, At safepoint: 27921 ns, Total: 203829 ns
[2020-09-11T17:17:09.021+0000][1][safepoint    ] Safepoint "Cleanup", Time since last: 1000107329 ns, Reaching safepoint: 91965 ns, At safepoint: 7268 ns, Total: 99233 ns
[2020-09-11T17:17:10.022+0000][1][safepoint    ] Safepoint "Cleanup", Time since last: 1000105881 ns, Reaching safepoint: 88178 ns, At safepoint: 8604 ns, Total: 96782 ns
[2020-09-11T17:17:11.022+0000][1][safepoint    ] Safepoint "Cleanup", Time since last: 1000109741 ns, Reaching safepoint: 95318 ns, At safepoint: 9281 ns, Total: 104599 ns
[2020-09-11T17:17:11.716+0000][1][gc,start     ] GC(151) Pause Young (Allocation Failure)
[2020-09-11T17:17:11.716+0000][1][gc,task      ] GC(151) Using 1 workers of 1 for evacuation
[2020-09-11T17:17:11.746+0000][1][gc,age       ] GC(151) Desired survivor size 4358144 bytes, new threshold 6 (max threshold 6)
[2020-09-11T17:17:11.746+0000][1][gc,age       ] GC(151) Age table with threshold 6 (max threshold 6)
[2020-09-11T17:17:11.746+0000][1][gc,age       ] GC(151) - age   1:     561416 bytes,     561416 total
[2020-09-11T17:17:11.746+0000][1][gc,age       ] GC(151) - age   2:     112336 bytes,     673752 total
[2020-09-11T17:17:11.746+0000][1][gc,age       ] GC(151) - age   3:      73376 bytes,     747128 total
[2020-09-11T17:17:11.746+0000][1][gc,age       ] GC(151) - age   4:      12152 bytes,     759280 total
[2020-09-11T17:17:11.746+0000][1][gc,age       ] GC(151) - age   5:     270976 bytes,    1030256 total
[2020-09-11T17:17:11.746+0000][1][gc,age       ] GC(151) - age   6:      10912 bytes,    1041168 total
[2020-09-11T17:17:11.746+0000][1][gc,heap      ] GC(151) ParNew: 70052K->1255K(76672K)
[2020-09-11T17:17:11.746+0000][1][gc,heap      ] GC(151) CMS: 143814K->143892K(2011968K)
[2020-09-11T17:17:11.746+0000][1][gc,metaspace ] GC(151) Metaspace: 96923K->96923K(1138688K)
[2020-09-11T17:17:11.746+0000][1][gc           ] GC(151) Pause Young (Allocation Failure) 208M->141M(2039M) 30.239ms
[2020-09-11T17:17:11.746+0000][1][gc,cpu       ] GC(151) User=0.01s Sys=0.00s Real=0.03s
[2020-09-11T17:17:11.749+0000][1][safepoint    ] Safepoint "GenCollectForAllocation", Time since last: 694075446 ns, Reaching safepoint: 159823 ns, At safepoint: 32837772 ns, Total: 32997595 ns
[2020-09-11T17:17:12.751+0000][1][safepoint    ] Safepoint "Cleanup", Time since last: 1001722603 ns, Reaching safepoint: 84155 ns, At safepoint: 18425 ns, Total: 102580 ns
[2020-09-11T17:17:12.827+0000][1][safepoint    ] Safepoint "RevokeBias", Time since last: 75861306 ns, Reaching safepoint: 93022 ns, At safepoint: 39771 ns, Total: 132793 ns
[2020-09-11T17:17:13.034+0000][1][safepoint    ] Safepoint "RevokeBias", Time since last: 206969834 ns, Reaching safepoint: 95737 ns, At safepoint: 40797 ns, Total: 136534 ns
[2020-09-11T17:17:14.034+0000][1][safepoint    ] Safepoint "Cleanup", Time since last: 1000110417 ns, Reaching safepoint: 87695 ns, At safepoint: 9270 ns, Total: 96965 ns
[2020-09-11T17:17:15.034+0000][1][safepoint    ] Safepoint "Cleanup", Time since last: 1000111064 ns, Reaching safepoint: 88414 ns, At safepoint: 9794 ns, Total: 98208 ns
[2020-09-11T17:17:16.034+0000][1][safepoint    ] Safepoint "Cleanup", Time since last: 1000109795 ns, Reaching safepoint: 86538 ns, At safepoint: 8407 ns, Total: 94945 ns
[2020-09-11T17:17:17.035+0000][1][safepoint    ] Safepoint "Cleanup", Time since last: 1000117712 ns, Reaching safepoint: 86456 ns, At safepoint: 7561 ns, Total: 94017 ns
[2020-09-11T17:17:17.840+0000][1][safepoint    ] Safepoint "RevokeBias", Time since last: 805474043 ns, Reaching safepoint: 98723 ns, At safepoint: 27297 ns, Total: 126020 ns
[2020-09-11T17:17:18.057+0000][1][safepoint    ] Safepoint "RevokeBias", Time since last: 217066782 ns, Reaching safepoint: 97106 ns, At safepoint: 27136 ns, Total: 124242 ns
[2020-09-11T17:17:19.058+0000][1][safepoint    ] Safepoint "Cleanup", Time since last: 1000113989 ns, Reaching safepoint: 94148 ns, At safepoint: 10431 ns, Total: 104579 ns
[2020-09-11T17:17:20.058+0000][1][safepoint    ] Safepoint "Cleanup", Time since last: 1000110578 ns, Reaching safepoint: 87346 ns, At safepoint: 9916 ns, Total: 97262 ns
[2020-09-11T17:17:21.058+0000][1][safepoint    ] Safepoint "Cleanup", Time since last: 1000112976 ns, Reaching safepoint: 90127 ns, At safepoint: 9427 ns, Total: 99554 ns
[2020-09-11T17:17:22.058+0000][1][safepoint    ] Safepoint "Cleanup", Time since last: 1000110403 ns, Reaching safepoint: 87651 ns, At safepoint: 8817 ns, Total: 96468 ns
[2020-09-11T17:17:22.888+0000][1][safepoint    ] Safepoint "RevokeBias", Time since last: 829174218 ns, Reaching safepoint: 100248 ns, At safepoint: 27965 ns, Total: 128213 ns
[2020-09-11T17:17:23.077+0000][1][safepoint    ] Safepoint "RevokeBias", Time since last: 189075079 ns, Reaching safepoint: 134621 ns, At safepoint: 29318 ns, Total: 163939 ns
[2020-09-11T17:17:24.077+0000][1][safepoint    ] Safepoint "Cleanup", Time since last: 1000110874 ns, Reaching safepoint: 94665 ns, At safepoint: 10314 ns, Total: 104979 ns
[2020-09-11T17:17:25.077+0000][1][safepoint    ] Safepoint "Cleanup", Time since last: 1000112275 ns, Reaching safepoint: 99359 ns, At safepoint: 10070 ns, Total: 109429 ns
[2020-09-11T17:17:26.077+0000][1][safepoint    ] Safepoint "Cleanup", Time since last: 1000115012 ns, Reaching safepoint: 89623 ns, At safepoint: 9441 ns, Total: 99064 ns
[2020-09-11T17:17:27.078+0000][1][safepoint    ] Safepoint "Cleanup", Time since last: 1000131132 ns, Reaching safepoint: 84672 ns, At safepoint: 7303 ns, Total: 91975 ns
[2020-09-11T17:17:27.902+0000][1][safepoint    ] Safepoint "RevokeBias", Time since last: 824012864 ns, Reaching safepoint: 95921 ns, At safepoint: 26541 ns, Total: 122462 ns
[2020-09-11T17:17:28.108+0000][1][safepoint    ] Safepoint "RevokeBias", Time since last: 205079830 ns, Reaching safepoint: 239578 ns, At safepoint: 336603 ns, Total: 576181 ns
[2020-09-11T17:17:29.108+0000][1][safepoint    ] Safepoint "Cleanup", Time since last: 1000138492 ns, Reaching safepoint: 86396 ns, At safepoint: 10035 ns, Total: 96431 ns
[2020-09-11T17:17:30.108+0000][1][safepoint    ] Safepoint "Cleanup", Time since last: 1000113839 ns, Reaching safepoint: 88370 ns, At safepoint: 9682 ns, Total: 98052 ns
[2020-09-11T17:17:31.108+0000][1][safepoint    ] Safepoint "Cleanup", Time since last: 1000115849 ns, Reaching safepoint: 86776 ns, At safepoint: 9163 ns, Total: 95939 ns
[2020-09-11T17:17:31.765+0000][1][gc,start     ] GC(152) Pause Young (Allocation Failure)
[2020-09-11T17:17:31.765+0000][1][gc,task      ] GC(152) Using 1 workers of 1 for evacuation
[2020-09-11T17:17:31.793+0000][1][gc,age       ] GC(152) Desired survivor size 4358144 bytes, new threshold 6 (max threshold 6)
[2020-09-11T17:17:31.793+0000][1][gc,age       ] GC(152) Age table with threshold 6 (max threshold 6)
[2020-09-11T17:17:31.793+0000][1][gc,age       ] GC(152) - age   1:     148640 bytes,     148640 total
[2020-09-11T17:17:31.793+0000][1][gc,age       ] GC(152) - age   2:     484776 bytes,     633416 total
[2020-09-11T17:17:31.793+0000][1][gc,age       ] GC(152) - age   3:     109240 bytes,     742656 total
[2020-09-11T17:17:31.793+0000][1][gc,age       ] GC(152) - age   4:      73376 bytes,     816032 total
[2020-09-11T17:17:31.793+0000][1][gc,age       ] GC(152) - age   5:      12152 bytes,     828184 total
[2020-09-11T17:17:31.793+0000][1][gc,age       ] GC(152) - age   6:     270976 bytes,    1099160 total
[2020-09-11T17:17:31.793+0000][1][gc,heap      ] GC(152) ParNew: 69415K->1839K(76672K)
[2020-09-11T17:17:31.793+0000][1][gc,heap      ] GC(152) CMS: 143892K->143902K(2011968K)
[2020-09-11T17:17:31.793+0000][1][gc,metaspace ] GC(152) Metaspace: 96980K->96980K(1138688K)
[2020-09-11T17:17:31.793+0000][1][gc           ] GC(152) Pause Young (Allocation Failure) 208M->142M(2039M) 28.175ms
[2020-09-11T17:17:31.793+0000][1][gc,cpu       ] GC(152) User=0.01s Sys=0.00s Real=0.03s
[2020-09-11T17:17:31.794+0000][1][safepoint    ] Safepoint "GenCollectForAllocation", Time since last: 656730397 ns, Reaching safepoint: 364297 ns, At safepoint: 28245285 ns, Total: 28609582 ns
[2020-09-11T17:17:32.797+0000][1][safepoint    ] Safepoint "Cleanup", Time since last: 1003610935 ns, Reaching safepoint: 78574 ns, At safepoint: 18968 ns, Total: 97542 ns
[2020-09-11T17:17:32.922+0000][1][safepoint    ] Safepoint "RevokeBias", Time since last: 124920251 ns, Reaching safepoint: 93436 ns, At safepoint: 39186 ns, Total: 132622 ns
[2020-09-11T17:17:33.117+0000][1][safepoint    ] Safepoint "RevokeBias", Time since last: 194293463 ns, Reaching safepoint: 87790 ns, At safepoint: 23954 ns, Total: 111744 ns
[2020-09-11T17:17:34.117+0000][1][safepoint    ] Safepoint "Cleanup", Time since last: 1000106915 ns, Reaching safepoint: 89680 ns, At safepoint: 9577 ns, Total: 99257 ns
[2020-09-11T17:17:35.117+0000][1][safepoint    ] Safepoint "Cleanup", Time since last: 1000115103 ns, Reaching safepoint: 101131 ns, At safepoint: 10260 ns, Total: 111391 ns
[2020-09-11T17:17:36.117+0000][1][safepoint    ] Safepoint "Cleanup", Time since last: 1000113139 ns, Reaching safepoint: 96067 ns, At safepoint: 9800 ns, Total: 105867 ns
[2020-09-11T17:17:37.118+0000][1][safepoint    ] Safepoint "Cleanup", Time since last: 1000107853 ns, Reaching safepoint: 80987 ns, At safepoint: 6226 ns, Total: 87213 ns
[2020-09-11T17:17:37.944+0000][1][safepoint    ] Safepoint "RevokeBias", Time since last: 826548159 ns, Reaching safepoint: 173774 ns, At safepoint: 27862 ns, Total: 201636 ns
[2020-09-11T17:17:38.126+0000][1][safepoint    ] Safepoint "RevokeBias", Time since last: 181224534 ns, Reaching safepoint: 237302 ns, At safepoint: 338397 ns, Total: 575699 ns
[2020-09-11T17:17:39.126+0000][1][safepoint    ] Safepoint "Cleanup", Time since last: 1000111717 ns, Reaching safepoint: 89122 ns, At safepoint: 8095 ns, Total: 97217 ns
[2020-09-11T17:17:40.126+0000][1][safepoint    ] Safepoint "Cleanup", Time since last: 1000112034 ns, Reaching safepoint: 88848 ns, At safepoint: 9910 ns, Total: 98758 ns
[2020-09-11T17:17:41.127+0000][1][safepoint    ] Safepoint "Cleanup", Time since last: 1000131484 ns, Reaching safepoint: 90422 ns, At safepoint: 10134 ns, Total: 100556 ns
[2020-09-11T17:17:42.127+0000][1][safepoint    ] Safepoint "Cleanup", Time since last: 1000111416 ns, Reaching safepoint: 87739 ns, At safepoint: 8810 ns, Total: 96549 ns
[2020-09-11T17:17:42.954+0000][1][safepoint    ] Safepoint "RevokeBias", Time since last: 826730891 ns, Reaching safepoint: 94978 ns, At safepoint: 27468 ns, Total: 122446 ns
[2020-09-11T17:17:43.136+0000][1][safepoint    ] Safepoint "RevokeBias", Time since last: 182322240 ns, Reaching safepoint: 94509 ns, At safepoint: 25603 ns, Total: 120112 ns
[2020-09-11T17:17:44.136+0000][1][safepoint    ] Safepoint "Cleanup", Time since last: 1000121216 ns, Reaching safepoint: 88850 ns, At safepoint: 9740 ns, Total: 98590 ns
[2020-09-11T17:17:45.137+0000][1][safepoint    ] Safepoint "Cleanup", Time since last: 1000118539 ns, Reaching safepoint: 88539 ns, At safepoint: 9667 ns, Total: 98206 ns
[2020-09-11T17:17:46.137+0000][1][safepoint    ] Safepoint "Cleanup", Time since last: 1000147021 ns, Reaching safepoint: 109844 ns, At safepoint: 13045 ns, Total: 122889 ns
[2020-09-11T17:17:47.137+0000][1][safepoint    ] Safepoint "Cleanup", Time since last: 1000112876 ns, Reaching safepoint: 84223 ns, At safepoint: 7624 ns, Total: 91847 ns
[2020-09-11T17:17:48.137+0000][1][safepoint    ] Safepoint "Cleanup", Time since last: 1000115536 ns, Reaching safepoint: 89769 ns, At safepoint: 7223 ns, Total: 96992 ns
[2020-09-11T17:17:48.177+0000][1][safepoint    ] Safepoint "RevokeBias", Time since last: 39831271 ns, Reaching safepoint: 165017 ns, At safepoint: 24311 ns, Total: 189328 ns
[2020-09-11T17:17:48.180+0000][1][safepoint    ] Safepoint "RevokeBias", Time since last: 2603213 ns, Reaching safepoint: 222564 ns, At safepoint: 299461 ns, Total: 522025 ns
[2020-09-11T17:17:49.181+0000][1][safepoint    ] Safepoint "Cleanup", Time since last: 1000109480 ns, Reaching safepoint: 88765 ns, At safepoint: 9621 ns, Total: 98386 ns
[2020-09-11T17:17:50.957+0000][1][safepoint    ] Safepoint "Cleanup", Time since last: 1776146253 ns, Reaching safepoint: 99334 ns, At safepoint: 10605 ns, Total: 109939 ns
[2020-09-11T17:17:51.957+0000][1][safepoint    ] Safepoint "Cleanup", Time since last: 1000114490 ns, Reaching safepoint: 88286 ns, At safepoint: 9240 ns, Total: 97526 ns
[2020-09-11T17:17:52.957+0000][1][safepoint    ] Safepoint "Cleanup", Time since last: 1000135133 ns, Reaching safepoint: 87995 ns, At safepoint: 8813 ns, Total: 96808 ns
[2020-09-11T17:17:53.210+0000][1][safepoint    ] Safepoint "RevokeBias", Time since last: 252250224 ns, Reaching safepoint: 230233 ns, At safepoint: 24994 ns, Total: 255227 ns
[2020-09-11T17:17:53.221+0000][1][safepoint    ] Safepoint "RevokeBias", Time since last: 10269423 ns, Reaching safepoint: 290181 ns, At safepoint: 254511 ns, Total: 544692 ns
[2020-09-11T17:17:54.226+0000][1][safepoint    ] Safepoint "Cleanup", Time since last: 1005257429 ns, Reaching safepoint: 87939 ns, At safepoint: 8648 ns, Total: 96587 ns
[2020-09-11T17:17:54.492+0000][1][gc,start     ] GC(153) Pause Young (Allocation Failure)
[2020-09-11T17:17:54.492+0000][1][gc,task      ] GC(153) Using 1 workers of 1 for evacuation
[2020-09-11T17:17:54.525+0000][1][gc,age       ] GC(153) Desired survivor size 4358144 bytes, new threshold 6 (max threshold 6)
[2020-09-11T17:17:54.530+0000][1][gc,age       ] GC(153) Age table with threshold 6 (max threshold 6)
[2020-09-11T17:17:54.530+0000][1][gc,age       ] GC(153) - age   1:     330328 bytes,     330328 total
[2020-09-11T17:17:54.530+0000][1][gc,age       ] GC(153) - age   2:      74728 bytes,     405056 total
[2020-09-11T17:17:54.530+0000][1][gc,age       ] GC(153) - age   3:     479056 bytes,     884112 total
[2020-09-11T17:17:54.530+0000][1][gc,age       ] GC(153) - age   4:     109200 bytes,     993312 total
[2020-09-11T17:17:54.530+0000][1][gc,age       ] GC(153) - age   5:      73376 bytes,    1066688 total
[2020-09-11T17:17:54.530+0000][1][gc,age       ] GC(153) - age   6:      11848 bytes,    1078536 total
[2020-09-11T17:17:54.530+0000][1][gc,heap      ] GC(153) ParNew: 69999K->1264K(76672K)
[2020-09-11T17:17:54.530+0000][1][gc,heap      ] GC(153) CMS: 143902K->143970K(2011968K)
[2020-09-11T17:17:54.530+0000][1][gc,metaspace ] GC(153) Metaspace: 97008K->97008K(1138688K)
[2020-09-11T17:17:54.530+0000][1][gc           ] GC(153) Pause Young (Allocation Failure) 208M->141M(2039M) 37.999ms
[2020-09-11T17:17:54.530+0000][1][gc,cpu       ] GC(153) User=0.02s Sys=0.00s Real=0.04s
[2020-09-11T17:17:54.530+0000][1][safepoint    ] Safepoint "GenCollectForAllocation", Time since last: 264818286 ns, Reaching safepoint: 1457182 ns, At safepoint: 38074753 ns, Total: 39531935 ns
[2020-09-11T17:17:55.537+0000][1][safepoint    ] Safepoint "Cleanup", Time since last: 1006436525 ns, Reaching safepoint: 87166 ns, At safepoint: 9358 ns, Total: 96524 ns
[2020-09-11T17:17:56.537+0000][1][safepoint    ] Safepoint "Cleanup", Time since last: 1000115106 ns, Reaching safepoint: 88637 ns, At safepoint: 9263 ns, Total: 97900 ns
[2020-09-11T17:17:57.537+0000][1][safepoint    ] Safepoint "Cleanup", Time since last: 1000109748 ns, Reaching safepoint: 88840 ns, At safepoint: 9946 ns, Total: 98786 ns
[2020-09-11T17:17:58.237+0000][1][safepoint    ] Safepoint "RevokeBias", Time since last: 698701737 ns, Reaching safepoint: 222063 ns, At safepoint: 257507 ns, Total: 479570 ns
[2020-09-11T17:17:58.244+0000][1][safepoint    ] Safepoint "RevokeBias", Time since last: 7331457 ns, Reaching safepoint: 88465 ns, At safepoint: 23483 ns, Total: 111948 ns
[2020-09-11T17:17:59.244+0000][1][safepoint    ] Safepoint "Cleanup", Time since last: 1000108139 ns, Reaching safepoint: 87655 ns, At safepoint: 9956 ns, Total: 97611 ns
[2020-09-11T17:18:00.244+0000][1][safepoint    ] Safepoint "Cleanup", Time since last: 1000109111 ns, Reaching safepoint: 86297 ns, At safepoint: 7280 ns, Total: 93577 ns
[2020-09-11T17:18:01.245+0000][1][safepoint    ] Safepoint "Cleanup", Time since last: 1000111858 ns, Reaching safepoint: 91022 ns, At safepoint: 10105 ns, Total: 101127 ns
[2020-09-11T17:18:02.245+0000][1][safepoint    ] Safepoint "Cleanup", Time since last: 1000125654 ns, Reaching safepoint: 104447 ns, At safepoint: 6725 ns, Total: 111172 ns
[2020-09-11T17:18:03.245+0000][1][safepoint    ] Safepoint "Cleanup", Time since last: 1000104971 ns, Reaching safepoint: 89418 ns, At safepoint: 9542 ns, Total: 98960 ns
[2020-09-11T17:18:03.257+0000][1][safepoint    ] Safepoint "RevokeBias", Time since last: 10895071 ns, Reaching safepoint: 239404 ns, At safepoint: 317976 ns, Total: 557380 ns
[2020-09-11T17:18:03.260+0000][1][safepoint    ] Safepoint "BulkRevokeBias", Time since last: 3513747 ns, Reaching safepoint: 171172 ns, At safepoint: 257079 ns, Total: 428251 ns
[2020-09-11T17:18:04.261+0000][1][safepoint    ] Safepoint "Cleanup", Time since last: 1000116449 ns, Reaching safepoint: 83701 ns, At safepoint: 20979 ns, Total: 104680 ns
[2020-09-11T17:18:05.261+0000][1][safepoint    ] Safepoint "Cleanup", Time since last: 1000086949 ns, Reaching safepoint: 85978 ns, At safepoint: 8839 ns, Total: 94817 ns
[2020-09-11T17:18:06.261+0000][1][safepoint    ] Safepoint "Cleanup", Time since last: 1000113180 ns, Reaching safepoint: 94862 ns, At safepoint: 9265 ns, Total: 104127 ns
[2020-09-11T17:18:07.261+0000][1][safepoint    ] Safepoint "Cleanup", Time since last: 1000111918 ns, Reaching safepoint: 90891 ns, At safepoint: 8152 ns, Total: 99043 ns
[2020-09-11T17:18:08.262+0000][1][safepoint    ] Safepoint "Cleanup", Time since last: 1000114048 ns, Reaching safepoint: 92550 ns, At safepoint: 10262 ns, Total: 102812 ns
[2020-09-11T17:18:08.274+0000][1][safepoint    ] Safepoint "RevokeBias", Time since last: 11836904 ns, Reaching safepoint: 240443 ns, At safepoint: 330049 ns, Total: 570492 ns
[2020-09-11T17:18:08.277+0000][1][safepoint    ] Safepoint "RevokeBias", Time since last: 3240960 ns, Reaching safepoint: 91099 ns, At safepoint: 24977 ns, Total: 116076 ns
[2020-09-11T17:18:13.291+0000][1][safepoint    ] Safepoint "RevokeBias", Time since last: 5012867655 ns, Reaching safepoint: 258383 ns, At safepoint: 320164 ns, Total: 578547 ns
[2020-09-11T17:18:13.302+0000][1][safepoint    ] Safepoint "RevokeBias", Time since last: 11085519 ns, Reaching safepoint: 181449 ns, At safepoint: 28578 ns, Total: 210027 ns
[2020-09-11T17:18:16.302+0000][1][safepoint    ] Safepoint "Cleanup", Time since last: 3000260834 ns, Reaching safepoint: 92388 ns, At safepoint: 7195 ns, Total: 99583 ns
[2020-09-11T17:18:16.981+0000][1][gc,start     ] GC(154) Pause Young (Allocation Failure)
[2020-09-11T17:18:16.981+0000][1][gc,task      ] GC(154) Using 1 workers of 1 for evacuation
[2020-09-11T17:18:17.018+0000][1][gc,age       ] GC(154) Desired survivor size 4358144 bytes, new threshold 6 (max threshold 6)
[2020-09-11T17:18:17.018+0000][1][gc,age       ] GC(154) Age table with threshold 6 (max threshold 6)
[2020-09-11T17:18:17.018+0000][1][gc,age       ] GC(154) - age   1:     187808 bytes,     187808 total
[2020-09-11T17:18:17.018+0000][1][gc,age       ] GC(154) - age   2:     235048 bytes,     422856 total
[2020-09-11T17:18:17.018+0000][1][gc,age       ] GC(154) - age   3:      71904 bytes,     494760 total
[2020-09-11T17:18:17.018+0000][1][gc,age       ] GC(154) - age   4:     478456 bytes,     973216 total
[2020-09-11T17:18:17.018+0000][1][gc,age       ] GC(154) - age   5:     108928 bytes,    1082144 total
[2020-09-11T17:18:17.018+0000][1][gc,age       ] GC(154) - age   6:      73376 bytes,    1155520 total
[2020-09-11T17:18:17.019+0000][1][gc,heap      ] GC(154) ParNew: 69424K->1896K(76672K)
[2020-09-11T17:18:17.019+0000][1][gc,heap      ] GC(154) CMS: 143970K->143978K(2011968K)
[2020-09-11T17:18:17.019+0000][1][gc,metaspace ] GC(154) Metaspace: 97065K->97065K(1138688K)
[2020-09-11T17:18:17.019+0000][1][gc           ] GC(154) Pause Young (Allocation Failure) 208M->142M(2039M) 37.676ms
[2020-09-11T17:18:17.019+0000][1][gc,cpu       ] GC(154) User=0.02s Sys=0.00s Real=0.03s
[2020-09-11T17:18:17.019+0000][1][safepoint    ] Safepoint "GenCollectForAllocation", Time since last: 674902673 ns, Reaching safepoint: 3578750 ns, At safepoint: 37767768 ns, Total: 41346518 ns
[2020-09-11T17:18:18.328+0000][1][safepoint    ] Safepoint "RevokeBias", Time since last: 1308731236 ns, Reaching safepoint: 237877 ns, At safepoint: 322076 ns, Total: 559953 ns
[2020-09-11T17:18:18.331+0000][1][safepoint    ] Safepoint "RevokeBias", Time since last: 3268873 ns, Reaching safepoint: 172418 ns, At safepoint: 28104 ns, Total: 200522 ns
[2020-09-11T17:18:23.332+0000][1][safepoint    ] Safepoint "Cleanup", Time since last: 5000482977 ns, Reaching safepoint: 94847 ns, At safepoint: 10144 ns, Total: 104991 ns
[2020-09-11T17:18:23.345+0000][1][safepoint    ] Safepoint "RevokeBias", Time since last: 12587268 ns, Reaching safepoint: 95824 ns, At safepoint: 27311 ns, Total: 123135 ns
[2020-09-11T17:18:23.353+0000][1][safepoint    ] Safepoint "RevokeBias", Time since last: 7089364 ns, Reaching safepoint: 458220 ns, At safepoint: 320882 ns, Total: 779102 ns
[2020-09-11T17:18:24.353+0000][1][safepoint    ] Safepoint "Cleanup", Time since last: 1000111697 ns, Reaching safepoint: 106578 ns, At safepoint: 8954 ns, Total: 115532 ns
[2020-09-11T17:18:25.353+0000][1][safepoint    ] Safepoint "Cleanup", Time since last: 1000110619 ns, Reaching safepoint: 85642 ns, At safepoint: 7428 ns, Total: 93070 ns
[2020-09-11T17:18:26.353+0000][1][safepoint    ] Safepoint "Cleanup", Time since last: 1000105905 ns, Reaching safepoint: 86972 ns, At safepoint: 9003 ns, Total: 95975 ns
[2020-09-11T17:18:27.353+0000][1][safepoint    ] Safepoint "Cleanup", Time since last: 1000115818 ns, Reaching safepoint: 95630 ns, At safepoint: 10176 ns, Total: 105806 ns
[2020-09-11T17:18:28.354+0000][1][safepoint    ] Safepoint "Cleanup", Time since last: 1000112765 ns, Reaching safepoint: 84489 ns, At safepoint: 8943 ns, Total: 93432 ns
[2020-09-11T17:18:28.363+0000][1][safepoint    ] Safepoint "RevokeBias", Time since last: 9441038 ns, Reaching safepoint: 91551 ns, At safepoint: 25220 ns, Total: 116771 ns
[2020-09-11T17:18:28.368+0000][1][safepoint    ] Safepoint "RevokeBias", Time since last: 3702148 ns, Reaching safepoint: 422337 ns, At safepoint: 320679 ns, Total: 743016 ns
[2020-09-11T17:18:29.368+0000][1][safepoint    ] Safepoint "Cleanup", Time since last: 1000113456 ns, Reaching safepoint: 84052 ns, At safepoint: 9002 ns, Total: 93054 ns
[2020-09-11T17:18:30.368+0000][1][safepoint    ] Safepoint "Cleanup", Time since last: 1000110045 ns, Reaching safepoint: 91104 ns, At safepoint: 9376 ns, Total: 100480 ns
[2020-09-11T17:18:31.368+0000][1][safepoint    ] Safepoint "Cleanup", Time since last: 1000113103 ns, Reaching safepoint: 86323 ns, At safepoint: 9893 ns, Total: 96216 ns
[2020-09-11T17:18:32.368+0000][1][safepoint    ] Safepoint "Cleanup", Time since last: 1000108804 ns, Reaching safepoint: 93728 ns, At safepoint: 9980 ns, Total: 103708 ns
[2020-09-11T17:18:33.369+0000][1][safepoint    ] Safepoint "Cleanup", Time since last: 1000115194 ns, Reaching safepoint: 82699 ns, At safepoint: 6922 ns, Total: 89621 ns
[2020-09-11T17:18:33.389+0000][1][safepoint    ] Safepoint "RevokeBias", Time since last: 19871311 ns, Reaching safepoint: 163675 ns, At safepoint: 69865 ns, Total: 233540 ns
[2020-09-11T17:18:33.391+0000][1][safepoint    ] Safepoint "RevokeBias", Time since last: 2549409 ns, Reaching safepoint: 84806 ns, At safepoint: 23298 ns, Total: 108104 ns
[2020-09-11T17:18:34.392+0000][1][safepoint    ] Safepoint "Cleanup", Time since last: 1000110257 ns, Reaching safepoint: 86163 ns, At safepoint: 9191 ns, Total: 95354 ns
[2020-09-11T17:18:35.392+0000][1][safepoint    ] Safepoint "Cleanup", Time since last: 1000139687 ns, Reaching safepoint: 90559 ns, At safepoint: 7640 ns, Total: 98199 ns
[2020-09-11T17:18:36.392+0000][1][safepoint    ] Safepoint "Cleanup", Time since last: 1000116795 ns, Reaching safepoint: 92651 ns, At safepoint: 10333 ns, Total: 102984 ns
[2020-09-11T17:18:36.858+0000][1][gc,start     ] GC(155) Pause Young (Allocation Failure)
[2020-09-11T17:18:36.858+0000][1][gc,task      ] GC(155) Using 1 workers of 1 for evacuation
[2020-09-11T17:18:36.888+0000][1][gc,age       ] GC(155) Desired survivor size 4358144 bytes, new threshold 6 (max threshold 6)
[2020-09-11T17:18:36.888+0000][1][gc,age       ] GC(155) Age table with threshold 6 (max threshold 6)
[2020-09-11T17:18:36.888+0000][1][gc,age       ] GC(155) - age   1:      98544 bytes,      98544 total
[2020-09-11T17:18:36.888+0000][1][gc,age       ] GC(155) - age   2:      89448 bytes,     187992 total
[2020-09-11T17:18:36.888+0000][1][gc,age       ] GC(155) - age   3:     233640 bytes,     421632 total
[2020-09-11T17:18:36.888+0000][1][gc,age       ] GC(155) - age   4:      71840 bytes,     493472 total
[2020-09-11T17:18:36.888+0000][1][gc,age       ] GC(155) - age   5:     478456 bytes,     971928 total
[2020-09-11T17:18:36.888+0000][1][gc,age       ] GC(155) - age   6:     108928 bytes,    1080856 total
[2020-09-11T17:18:36.888+0000][1][gc,heap      ] GC(155) ParNew: 70056K->1320K(76672K)
[2020-09-11T17:18:36.888+0000][1][gc,heap      ] GC(155) CMS: 143978K->144049K(2011968K)
[2020-09-11T17:18:36.888+0000][1][gc,metaspace ] GC(155) Metaspace: 97071K->97071K(1138688K)
[2020-09-11T17:18:36.888+0000][1][gc           ] GC(155) Pause Young (Allocation Failure) 209M->141M(2039M) 30.854ms
[2020-09-11T17:18:36.888+0000][1][gc,cpu       ] GC(155) User=0.02s Sys=0.00s Real=0.03s
[2020-09-11T17:18:36.893+0000][1][safepoint    ] Safepoint "GenCollectForAllocation", Time since last: 465262643 ns, Reaching safepoint: 174158 ns, At safepoint: 35526544 ns, Total: 35700702 ns
[2020-09-11T17:18:37.898+0000][1][safepoint    ] Safepoint "Cleanup", Time since last: 1004964111 ns, Reaching safepoint: 83948 ns, At safepoint: 8307 ns, Total: 92255 ns
[2020-09-11T17:18:38.404+0000][1][safepoint    ] Safepoint "RevokeBias", Time since last: 505856766 ns, Reaching safepoint: 95483 ns, At safepoint: 26564 ns, Total: 122047 ns
[2020-09-11T17:18:38.411+0000][1][safepoint    ] Safepoint "RevokeBias", Time since last: 7253531 ns, Reaching safepoint: 90190 ns, At safepoint: 25624 ns, Total: 115814 ns
[2020-09-11T17:18:39.412+0000][1][safepoint    ] Safepoint "Cleanup", Time since last: 1000129539 ns, Reaching safepoint: 87667 ns, At safepoint: 9611 ns, Total: 97278 ns
[2020-09-11T17:18:40.412+0000][1][safepoint    ] Safepoint "Cleanup", Time since last: 1000111553 ns, Reaching safepoint: 89043 ns, At safepoint: 10213 ns, Total: 99256 ns
[2020-09-11T17:18:41.412+0000][1][safepoint    ] Safepoint "Cleanup", Time since last: 1000120712 ns, Reaching safepoint: 87627 ns, At safepoint: 9111 ns, Total: 96738 ns
[2020-09-11T17:18:42.412+0000][1][safepoint    ] Safepoint "Cleanup", Time since last: 1000114285 ns, Reaching safepoint: 85404 ns, At safepoint: 10142 ns, Total: 95546 ns
[2020-09-11T17:18:43.413+0000][1][safepoint    ] Safepoint "Cleanup", Time since last: 1000115758 ns, Reaching safepoint: 90695 ns, At safepoint: 10132 ns, Total: 100827 ns
[2020-09-11T17:18:43.424+0000][1][safepoint    ] Safepoint "RevokeBias", Time since last: 11476798 ns, Reaching safepoint: 92014 ns, At safepoint: 25584 ns, Total: 117598 ns
[2020-09-11T17:18:43.433+0000][1][safepoint    ] Safepoint "RevokeBias", Time since last: 8573719 ns, Reaching safepoint: 127233 ns, At safepoint: 29213 ns, Total: 156446 ns
[2020-09-11T17:18:44.433+0000][1][safepoint    ] Safepoint "Cleanup", Time since last: 1000120992 ns, Reaching safepoint: 87969 ns, At safepoint: 9530 ns, Total: 97499 ns
[2020-09-11T17:18:45.433+0000][1][safepoint    ] Safepoint "Cleanup", Time since last: 1000115531 ns, Reaching safepoint: 84896 ns, At safepoint: 7259 ns, Total: 92155 ns
[2020-09-11T17:18:46.433+0000][1][safepoint    ] Safepoint "Cleanup", Time since last: 1000115071 ns, Reaching safepoint: 84500 ns, At safepoint: 9322 ns, Total: 93822 ns
[2020-09-11T17:18:47.434+0000][1][safepoint    ] Safepoint "Cleanup", Time since last: 1000112138 ns, Reaching safepoint: 88789 ns, At safepoint: 10324 ns, Total: 99113 ns
[2020-09-11T17:18:48.434+0000][1][safepoint    ] Safepoint "Cleanup", Time since last: 1000115683 ns, Reaching safepoint: 88569 ns, At safepoint: 9619 ns, Total: 98188 ns
[2020-09-11T17:18:48.453+0000][1][safepoint    ] Safepoint "RevokeBias", Time since last: 19326031 ns, Reaching safepoint: 91022 ns, At safepoint: 26509 ns, Total: 117531 ns
[2020-09-11T17:18:48.457+0000][1][safepoint    ] Safepoint "RevokeBias", Time since last: 2612180 ns, Reaching safepoint: 239406 ns, At safepoint: 316324 ns, Total: 555730 ns
[2020-09-11T17:18:49.461+0000][1][safepoint    ] Safepoint "Cleanup", Time since last: 1000253700 ns, Reaching safepoint: 4134871 ns, At safepoint: 23488 ns, Total: 4158359 ns
[2020-09-11T17:18:50.461+0000][1][safepoint    ] Safepoint "Cleanup", Time since last: 1000112218 ns, Reaching safepoint: 87680 ns, At safepoint: 9236 ns, Total: 96916 ns
[2020-09-11T17:18:51.461+0000][1][safepoint    ] Safepoint "Cleanup", Time since last: 1000112851 ns, Reaching safepoint: 89034 ns, At safepoint: 9304 ns, Total: 98338 ns
[2020-09-11T17:18:52.462+0000][1][safepoint    ] Safepoint "Cleanup", Time since last: 1000112748 ns, Reaching safepoint: 88102 ns, At safepoint: 11031 ns, Total: 99133 ns
[2020-09-11T17:18:53.462+0000][1][safepoint    ] Safepoint "Cleanup", Time since last: 1000111800 ns, Reaching safepoint: 96199 ns, At safepoint: 10124 ns, Total: 106323 ns
[2020-09-11T17:18:53.471+0000][1][safepoint    ] Safepoint "RevokeBias", Time since last: 8682232 ns, Reaching safepoint: 90053 ns, At safepoint: 26177 ns, Total: 116230 ns
[2020-09-11T17:18:53.473+0000][1][safepoint    ] Safepoint "RevokeBias", Time since last: 2210148 ns, Reaching safepoint: 159655 ns, At safepoint: 24511 ns, Total: 184166 ns
[2020-09-11T17:18:54.473+0000][1][safepoint    ] Safepoint "Cleanup", Time since last: 1000099985 ns, Reaching safepoint: 103342 ns, At safepoint: 9423 ns, Total: 112765 ns
[2020-09-11T17:18:55.478+0000][1][safepoint    ] Safepoint "Cleanup", Time since last: 1005127665 ns, Reaching safepoint: 85010 ns, At safepoint: 9397 ns, Total: 94407 ns
[2020-09-11T17:18:56.479+0000][1][safepoint    ] Safepoint "Cleanup", Time since last: 1000113861 ns, Reaching safepoint: 88841 ns, At safepoint: 8939 ns, Total: 97780 ns
[2020-09-11T17:18:56.985+0000][1][gc,start     ] GC(156) Pause Young (Allocation Failure)
[2020-09-11T17:18:56.985+0000][1][gc,task      ] GC(156) Using 1 workers of 1 for evacuation
[2020-09-11T17:18:57.012+0000][1][gc,age       ] GC(156) Desired survivor size 4358144 bytes, new threshold 6 (max threshold 6)
[2020-09-11T17:18:57.012+0000][1][gc,age       ] GC(156) Age table with threshold 6 (max threshold 6)
[2020-09-11T17:18:57.012+0000][1][gc,age       ] GC(156) - age   1:     107464 bytes,     107464 total
[2020-09-11T17:18:57.012+0000][1][gc,age       ] GC(156) - age   2:      10296 bytes,     117760 total
[2020-09-11T17:18:57.012+0000][1][gc,age       ] GC(156) - age   3:      85064 bytes,     202824 total
[2020-09-11T17:18:57.012+0000][1][gc,age       ] GC(156) - age   4:     233600 bytes,     436424 total
[2020-09-11T17:18:57.012+0000][1][gc,age       ] GC(156) - age   5:      71800 bytes,     508224 total
[2020-09-11T17:18:57.012+0000][1][gc,age       ] GC(156) - age   6:     478456 bytes,     986680 total
[2020-09-11T17:18:57.012+0000][1][gc,heap      ] GC(156) ParNew: 69480K->1913K(76672K)
[2020-09-11T17:18:57.012+0000][1][gc,heap      ] GC(156) CMS: 144049K->144156K(2011968K)
[2020-09-11T17:18:57.012+0000][1][gc,metaspace ] GC(156) Metaspace: 97072K->97072K(1138688K)
[2020-09-11T17:18:57.012+0000][1][gc           ] GC(156) Pause Young (Allocation Failure) 208M->142M(2039M) 27.234ms
[2020-09-11T17:18:57.012+0000][1][gc,cpu       ] GC(156) User=0.02s Sys=0.00s Real=0.02s
[2020-09-11T17:18:57.013+0000][1][safepoint    ] Safepoint "GenCollectForAllocation", Time since last: 506376852 ns, Reaching safepoint: 190432 ns, At safepoint: 27310547 ns, Total: 27500979 ns
[2020-09-11T17:18:58.027+0000][1][safepoint    ] Safepoint "Cleanup", Time since last: 1014543731 ns, Reaching safepoint: 87434 ns, At safepoint: 9336 ns, Total: 96770 ns
[2020-09-11T17:18:58.501+0000][1][safepoint    ] Safepoint "RevokeBias", Time since last: 473349474 ns, Reaching safepoint: 90578 ns, At safepoint: 26173 ns, Total: 116751 ns
[2020-09-11T17:18:58.504+0000][1][safepoint    ] Safepoint "RevokeBias", Time since last: 3290787 ns, Reaching safepoint: 169525 ns, At safepoint: 25854 ns, Total: 195379 ns
[2020-09-11T17:18:59.504+0000][1][safepoint    ] Safepoint "Cleanup", Time since last: 1000127556 ns, Reaching safepoint: 92519 ns, At safepoint: 7824 ns, Total: 100343 ns
[2020-09-11T17:19:00.505+0000][1][safepoint    ] Safepoint "Cleanup", Time since last: 1000119851 ns, Reaching safepoint: 86726 ns, At safepoint: 9676 ns, Total: 96402 ns
[2020-09-11T17:19:01.505+0000][1][safepoint    ] Safepoint "Cleanup", Time since last: 1000117078 ns, Reaching safepoint: 100455 ns, At safepoint: 6726 ns, Total: 107181 ns
[2020-09-11T17:19:02.505+0000][1][safepoint    ] Safepoint "Cleanup", Time since last: 1000109477 ns, Reaching safepoint: 85842 ns, At safepoint: 9743 ns, Total: 95585 ns
[2020-09-11T17:19:03.505+0000][1][safepoint    ] Safepoint "Cleanup", Time since last: 1000110016 ns, Reaching safepoint: 107723 ns, At safepoint: 9455 ns, Total: 117178 ns
[2020-09-11T17:19:03.520+0000][1][safepoint    ] Safepoint "RevokeBias", Time since last: 13875393 ns, Reaching safepoint: 222306 ns, At safepoint: 308973 ns, Total: 531279 ns
[2020-09-11T17:19:03.527+0000][1][safepoint    ] Safepoint "RevokeBias", Time since last: 7758652 ns, Reaching safepoint: 87163 ns, At safepoint: 23157 ns, Total: 110320 ns
[2020-09-11T17:19:04.528+0000][1][safepoint    ] Safepoint "Cleanup", Time since last: 1000113686 ns, Reaching safepoint: 87364 ns, At safepoint: 10619 ns, Total: 97983 ns
[2020-09-11T17:19:05.530+0000][1][safepoint    ] Safepoint "Cleanup", Time since last: 1001846402 ns, Reaching safepoint: 109757 ns, At safepoint: 9782 ns, Total: 119539 ns
[2020-09-11T17:19:06.530+0000][1][safepoint    ] Safepoint "Cleanup", Time since last: 1000117248 ns, Reaching safepoint: 90068 ns, At safepoint: 9944 ns, Total: 100012 ns
[2020-09-11T17:19:08.530+0000][1][safepoint    ] Safepoint "Cleanup", Time since last: 2000206803 ns, Reaching safepoint: 95325 ns, At safepoint: 10307 ns, Total: 105632 ns
[2020-09-11T17:19:08.543+0000][1][safepoint    ] Safepoint "RevokeBias", Time since last: 12376615 ns, Reaching safepoint: 241720 ns, At safepoint: 328130 ns, Total: 569850 ns
[2020-09-11T17:19:08.547+0000][1][safepoint    ] Safepoint "RevokeBias", Time since last: 3370986 ns, Reaching safepoint: 172604 ns, At safepoint: 27577 ns, Total: 200181 ns
[2020-09-11T17:19:12.547+0000][1][safepoint    ] Safepoint "Cleanup", Time since last: 4000331742 ns, Reaching safepoint: 92995 ns, At safepoint: 9487 ns, Total: 102482 ns
[2020-09-11T17:19:13.570+0000][1][safepoint    ] Safepoint "RevokeBias", Time since last: 1022731938 ns, Reaching safepoint: 90096 ns, At safepoint: 25422 ns, Total: 115518 ns
[2020-09-11T17:19:13.575+0000][1][safepoint    ] Safepoint "BulkRevokeBias", Time since last: 4519089 ns, Reaching safepoint: 177512 ns, At safepoint: 288778 ns, Total: 466290 ns
[2020-09-11T17:19:18.604+0000][1][safepoint    ] Safepoint "RevokeBias", Time since last: 5028055409 ns, Reaching safepoint: 243089 ns, At safepoint: 358021 ns, Total: 601110 ns
[2020-09-11T17:19:18.608+0000][1][safepoint    ] Safepoint "RevokeBias", Time since last: 3903280 ns, Reaching safepoint: 181801 ns, At safepoint: 27480 ns, Total: 209281 ns
[2020-09-11T17:19:21.608+0000][1][safepoint    ] Safepoint "Cleanup", Time since last: 3000320981 ns, Reaching safepoint: 132250 ns, At safepoint: 19150 ns, Total: 151400 ns
[2020-09-11T17:19:22.609+0000][1][safepoint    ] Safepoint "Cleanup", Time since last: 1000154584 ns, Reaching safepoint: 117712 ns, At safepoint: 16593 ns, Total: 134305 ns
[2020-09-11T17:19:23.198+0000][1][gc,start     ] GC(157) Pause Young (Allocation Failure)
[2020-09-11T17:19:23.198+0000][1][gc,task      ] GC(157) Using 1 workers of 1 for evacuation
[2020-09-11T17:19:23.256+0000][1][gc,age       ] GC(157) Desired survivor size 4358144 bytes, new threshold 6 (max threshold 6)
[2020-09-11T17:19:23.256+0000][1][gc,age       ] GC(157) Age table with threshold 6 (max threshold 6)
[2020-09-11T17:19:23.256+0000][1][gc,age       ] GC(157) - age   1:     821448 bytes,     821448 total
[2020-09-11T17:19:23.256+0000][1][gc,age       ] GC(157) - age   2:      11000 bytes,     832448 total
[2020-09-11T17:19:23.256+0000][1][gc,age       ] GC(157) - age   3:       6528 bytes,     838976 total
[2020-09-11T17:19:23.256+0000][1][gc,age       ] GC(157) - age   4:      84672 bytes,     923648 total
[2020-09-11T17:19:23.256+0000][1][gc,age       ] GC(157) - age   5:     233568 bytes,    1157216 total
[2020-09-11T17:19:23.256+0000][1][gc,age       ] GC(157) - age   6:      71768 bytes,    1228984 total
[2020-09-11T17:19:23.256+0000][1][gc,heap      ] GC(157) ParNew: 70073K->1801K(76672K)
[2020-09-11T17:19:23.256+0000][1][gc,heap      ] GC(157) CMS: 144156K->144173K(2011968K)
[2020-09-11T17:19:23.256+0000][1][gc,metaspace ] GC(157) Metaspace: 97074K->97074K(1138688K)
[2020-09-11T17:19:23.256+0000][1][gc           ] GC(157) Pause Young (Allocation Failure) 209M->142M(2039M) 57.929ms
[2020-09-11T17:19:23.256+0000][1][gc,cpu       ] GC(157) User=0.03s Sys=0.00s Real=0.06s
[2020-09-11T17:19:23.269+0000][1][safepoint    ] Safepoint "GenCollectForAllocation", Time since last: 588941517 ns, Reaching safepoint: 355260 ns, At safepoint: 70997268 ns, Total: 71352528 ns
[2020-09-11T17:19:23.622+0000][1][safepoint    ] Safepoint "RevokeBias", Time since last: 352615012 ns, Reaching safepoint: 178221 ns, At safepoint: 28667 ns, Total: 206888 ns
[2020-09-11T17:19:23.628+0000][1][safepoint    ] Safepoint "RevokeBias", Time since last: 6541569 ns, Reaching safepoint: 86667 ns, At safepoint: 23929 ns, Total: 110596 ns
[2020-09-11T17:19:24.628+0000][1][safepoint    ] Safepoint "Cleanup", Time since last: 1000113176 ns, Reaching safepoint: 90464 ns, At safepoint: 9111 ns, Total: 99575 ns
[2020-09-11T17:19:25.634+0000][1][safepoint    ] Safepoint "Cleanup", Time since last: 1005277995 ns, Reaching safepoint: 88321 ns, At safepoint: 9091 ns, Total: 97412 ns
[2020-09-11T17:19:26.637+0000][1][safepoint    ] Safepoint "Cleanup", Time since last: 1002910437 ns, Reaching safepoint: 207370 ns, At safepoint: 9970 ns, Total: 217340 ns
[2020-09-11T17:19:27.637+0000][1][safepoint    ] Safepoint "Cleanup", Time since last: 1000111821 ns, Reaching safepoint: 94490 ns, At safepoint: 10260 ns, Total: 104750 ns
[2020-09-11T17:19:28.637+0000][1][safepoint    ] Safepoint "Cleanup", Time since last: 1000117207 ns, Reaching safepoint: 87744 ns, At safepoint: 9903 ns, Total: 97647 ns
[2020-09-11T17:19:28.648+0000][1][safepoint    ] Safepoint "RevokeBias", Time since last: 10097864 ns, Reaching safepoint: 91477 ns, At safepoint: 25143 ns, Total: 116620 ns
[2020-09-11T17:19:28.651+0000][1][safepoint    ] Safepoint "RevokeBias", Time since last: 2666730 ns, Reaching safepoint: 227050 ns, At safepoint: 290513 ns, Total: 517563 ns
[2020-09-11T17:19:29.651+0000][1][safepoint    ] Safepoint "Cleanup", Time since last: 1000116357 ns, Reaching safepoint: 86602 ns, At safepoint: 9547 ns, Total: 96149 ns
[2020-09-11T17:19:30.651+0000][1][safepoint    ] Safepoint "Cleanup", Time since last: 1000122441 ns, Reaching safepoint: 88498 ns, At safepoint: 8768 ns, Total: 97266 ns
[2020-09-11T17:19:31.651+0000][1][safepoint    ] Safepoint "Cleanup", Time since last: 1000107532 ns, Reaching safepoint: 84889 ns, At safepoint: 8733 ns, Total: 93622 ns
[2020-09-11T17:19:32.652+0000][1][safepoint    ] Safepoint "Cleanup", Time since last: 1000113144 ns, Reaching safepoint: 85622 ns, At safepoint: 9247 ns, Total: 94869 ns
[2020-09-11T17:19:33.652+0000][1][safepoint    ] Safepoint "Cleanup", Time since last: 1000113793 ns, Reaching safepoint: 96522 ns, At safepoint: 9165 ns, Total: 105687 ns
[2020-09-11T17:19:33.663+0000][1][safepoint    ] Safepoint "RevokeBias", Time since last: 11416033 ns, Reaching safepoint: 173092 ns, At safepoint: 27160 ns, Total: 200252 ns
[2020-09-11T17:19:33.666+0000][1][safepoint    ] Safepoint "RevokeBias", Time since last: 2312073 ns, Reaching safepoint: 229471 ns, At safepoint: 348546 ns, Total: 578017 ns
[2020-09-11T17:19:34.667+0000][1][safepoint    ] Safepoint "Cleanup", Time since last: 1000110632 ns, Reaching safepoint: 110046 ns, At safepoint: 8863 ns, Total: 118909 ns
[2020-09-11T17:19:35.667+0000][1][safepoint    ] Safepoint "Cleanup", Time since last: 1000107928 ns, Reaching safepoint: 92667 ns, At safepoint: 10306 ns, Total: 102973 ns
[2020-09-11T17:19:36.667+0000][1][safepoint    ] Safepoint "Cleanup", Time since last: 1000113983 ns, Reaching safepoint: 84269 ns, At safepoint: 7205 ns, Total: 91474 ns
[2020-09-11T17:19:37.667+0000][1][safepoint    ] Safepoint "Cleanup", Time since last: 1000130714 ns, Reaching safepoint: 91753 ns, At safepoint: 8068 ns, Total: 99821 ns
[2020-09-11T17:19:38.667+0000][1][safepoint    ] Safepoint "Cleanup", Time since last: 1000118598 ns, Reaching safepoint: 88980 ns, At safepoint: 7650 ns, Total: 96630 ns
[2020-09-11T17:19:38.712+0000][1][safepoint    ] Safepoint "RevokeBias", Time since last: 44482994 ns, Reaching safepoint: 110248 ns, At safepoint: 43024 ns, Total: 153272 ns
[2020-09-11T17:19:39.712+0000][1][safepoint    ] Safepoint "Cleanup", Time since last: 1000112478 ns, Reaching safepoint: 90700 ns, At safepoint: 10096 ns, Total: 100796 ns
[2020-09-11T17:19:40.713+0000][1][safepoint    ] Safepoint "Cleanup", Time since last: 1000128005 ns, Reaching safepoint: 85752 ns, At safepoint: 9278 ns, Total: 95030 ns
[2020-09-11T17:19:41.713+0000][1][safepoint    ] Safepoint "Cleanup", Time since last: 1000116021 ns, Reaching safepoint: 111313 ns, At safepoint: 9466 ns, Total: 120779 ns
[2020-09-11T17:19:42.713+0000][1][safepoint    ] Safepoint "Cleanup", Time since last: 1000110186 ns, Reaching safepoint: 85596 ns, At safepoint: 9779 ns, Total: 95375 ns
[2020-09-11T17:19:43.713+0000][1][safepoint    ] Safepoint "Cleanup", Time since last: 1000108862 ns, Reaching safepoint: 84962 ns, At safepoint: 8666 ns, Total: 93628 ns
[2020-09-11T17:19:43.727+0000][1][safepoint    ] Safepoint "RevokeBias", Time since last: 13524910 ns, Reaching safepoint: 172099 ns, At safepoint: 26526 ns, Total: 198625 ns
[2020-09-11T17:19:43.730+0000][1][safepoint    ] Safepoint "RevokeBias", Time since last: 2742763 ns, Reaching safepoint: 90053 ns, At safepoint: 25394 ns, Total: 115447 ns
[2020-09-11T17:19:44.730+0000][1][safepoint    ] Safepoint "Cleanup", Time since last: 1000108670 ns, Reaching safepoint: 85900 ns, At safepoint: 9928 ns, Total: 95828 ns
[2020-09-11T17:19:44.794+0000][1][gc,start     ] GC(158) Pause Young (Allocation Failure)
[2020-09-11T17:19:44.794+0000][1][gc,task      ] GC(158) Using 1 workers of 1 for evacuation
[2020-09-11T17:19:44.821+0000][1][gc,age       ] GC(158) Desired survivor size 4358144 bytes, new threshold 6 (max threshold 6)
[2020-09-11T17:19:44.821+0000][1][gc,age       ] GC(158) Age table with threshold 6 (max threshold 6)
[2020-09-11T17:19:44.821+0000][1][gc,age       ] GC(158) - age   1:     168216 bytes,     168216 total
[2020-09-11T17:19:44.821+0000][1][gc,age       ] GC(158) - age   2:     685864 bytes,     854080 total
[2020-09-11T17:19:44.821+0000][1][gc,age       ] GC(158) - age   3:       7456 bytes,     861536 total
[2020-09-11T17:19:44.821+0000][1][gc,age       ] GC(158) - age   4:       6488 bytes,     868024 total
[2020-09-11T17:19:44.821+0000][1][gc,age       ] GC(158) - age   5:      84672 bytes,     952696 total
[2020-09-11T17:19:44.821+0000][1][gc,age       ] GC(158) - age   6:     233256 bytes,    1185952 total
[2020-09-11T17:19:44.821+0000][1][gc,heap      ] GC(158) ParNew: 69958K->2100K(76672K)
[2020-09-11T17:19:44.821+0000][1][gc,heap      ] GC(158) CMS: 144173K->144243K(2011968K)
[2020-09-11T17:19:44.821+0000][1][gc,metaspace ] GC(158) Metaspace: 97078K->97078K(1138688K)
[2020-09-11T17:19:44.821+0000][1][gc           ] GC(158) Pause Young (Allocation Failure) 209M->142M(2039M) 27.044ms
[2020-09-11T17:19:44.821+0000][1][gc,cpu       ] GC(158) User=0.02s Sys=0.00s Real=0.02s
[2020-09-11T17:19:44.825+0000][1][safepoint    ] Safepoint "GenCollectForAllocation", Time since last: 63478759 ns, Reaching safepoint: 178519 ns, At safepoint: 31183760 ns, Total: 31362279 ns
[2020-09-11T17:19:45.834+0000][1][safepoint    ] Safepoint "Cleanup", Time since last: 1009510353 ns, Reaching safepoint: 91618 ns, At safepoint: 23722 ns, Total: 115340 ns
[2020-09-11T17:19:46.835+0000][1][safepoint    ] Safepoint "Cleanup", Time since last: 1000113738 ns, Reaching safepoint: 92330 ns, At safepoint: 7282 ns, Total: 99612 ns
[2020-09-11T17:19:47.835+0000][1][safepoint    ] Safepoint "Cleanup", Time since last: 1000114186 ns, Reaching safepoint: 93020 ns, At safepoint: 11672 ns, Total: 104692 ns
[2020-09-11T17:19:48.744+0000][1][safepoint    ] Safepoint "RevokeBias", Time since last: 909049801 ns, Reaching safepoint: 140814 ns, At safepoint: 26873 ns, Total: 167687 ns
[2020-09-11T17:19:48.748+0000][1][safepoint    ] Safepoint "RevokeBias", Time since last: 3376465 ns, Reaching safepoint: 238626 ns, At safepoint: 320754 ns, Total: 559380 ns
[2020-09-11T17:19:49.748+0000][1][safepoint    ] Safepoint "Cleanup", Time since last: 1000115435 ns, Reaching safepoint: 89362 ns, At safepoint: 9334 ns, Total: 98696 ns
[2020-09-11T17:19:50.748+0000][1][safepoint    ] Safepoint "Cleanup", Time since last: 1000111890 ns, Reaching safepoint: 87460 ns, At safepoint: 9254 ns, Total: 96714 ns
[2020-09-11T17:19:51.749+0000][1][safepoint    ] Safepoint "Cleanup", Time since last: 1000113693 ns, Reaching safepoint: 86326 ns, At safepoint: 10556 ns, Total: 96882 ns
[2020-09-11T17:19:52.749+0000][1][safepoint    ] Safepoint "Cleanup", Time since last: 1000111927 ns, Reaching safepoint: 87967 ns, At safepoint: 9117 ns, Total: 97084 ns
[2020-09-11T17:19:53.749+0000][1][safepoint    ] Safepoint "Cleanup", Time since last: 1000112712 ns, Reaching safepoint: 99132 ns, At safepoint: 10050 ns, Total: 109182 ns
[2020-09-11T17:19:53.770+0000][1][safepoint    ] Safepoint "RevokeBias", Time since last: 20481862 ns, Reaching safepoint: 248910 ns, At safepoint: 315574 ns, Total: 564484 ns
[2020-09-11T17:19:53.773+0000][1][safepoint    ] Safepoint "RevokeBias", Time since last: 2538465 ns, Reaching safepoint: 225402 ns, At safepoint: 293687 ns, Total: 519089 ns
[2020-09-11T17:19:54.773+0000][1][safepoint    ] Safepoint "Cleanup", Time since last: 1000124556 ns, Reaching safepoint: 87206 ns, At safepoint: 8631 ns, Total: 95837 ns
[2020-09-11T17:19:55.774+0000][1][safepoint    ] Safepoint "Cleanup", Time since last: 1000112833 ns, Reaching safepoint: 85050 ns, At safepoint: 8777 ns, Total: 93827 ns
[2020-09-11T17:19:56.774+0000][1][safepoint    ] Safepoint "Cleanup", Time since last: 1000113423 ns, Reaching safepoint: 87217 ns, At safepoint: 9630 ns, Total: 96847 ns
[2020-09-11T17:19:57.774+0000][1][safepoint    ] Safepoint "Cleanup", Time since last: 1000108005 ns, Reaching safepoint: 90611 ns, At safepoint: 9045 ns, Total: 99656 ns
[2020-09-11T17:19:58.774+0000][1][safepoint    ] Safepoint "Cleanup", Time since last: 1000117478 ns, Reaching safepoint: 86540 ns, At safepoint: 9386 ns, Total: 95926 ns
[2020-09-11T17:19:58.789+0000][1][safepoint    ] Safepoint "RevokeBias", Time since last: 14546160 ns, Reaching safepoint: 91605 ns, At safepoint: 26210 ns, Total: 117815 ns
[2020-09-11T17:19:58.792+0000][1][safepoint    ] Safepoint "RevokeBias", Time since last: 2512249 ns, Reaching safepoint: 167095 ns, At safepoint: 27126 ns, Total: 194221 ns
[2020-09-11T17:19:59.792+0000][1][safepoint    ] Safepoint "Cleanup", Time since last: 1000106596 ns, Reaching safepoint: 84191 ns, At safepoint: 7369 ns, Total: 91560 ns
[2020-09-11T17:20:00.792+0000][1][safepoint    ] Safepoint "Cleanup", Time since last: 1000110333 ns, Reaching safepoint: 87509 ns, At safepoint: 9300 ns, Total: 96809 ns
[2020-09-11T17:20:01.792+0000][1][safepoint    ] Safepoint "Cleanup", Time since last: 1000106280 ns, Reaching safepoint: 84596 ns, At safepoint: 9235 ns, Total: 93831 ns
[2020-09-11T17:20:02.792+0000][1][safepoint    ] Safepoint "Cleanup", Time since last: 1000112304 ns, Reaching safepoint: 89434 ns, At safepoint: 9217 ns, Total: 98651 ns
[2020-09-11T17:20:03.541+0000][1][gc,start     ] GC(159) Pause Young (Allocation Failure)
[2020-09-11T17:20:03.541+0000][1][gc,task      ] GC(159) Using 1 workers of 1 for evacuation
[2020-09-11T17:20:03.574+0000][1][gc,age       ] GC(159) Desired survivor size 4358144 bytes, new threshold 6 (max threshold 6)
[2020-09-11T17:20:03.574+0000][1][gc,age       ] GC(159) Age table with threshold 6 (max threshold 6)
[2020-09-11T17:20:03.574+0000][1][gc,age       ] GC(159) - age   1:     337072 bytes,     337072 total
[2020-09-11T17:20:03.574+0000][1][gc,age       ] GC(159) - age   2:      19472 bytes,     356544 total
[2020-09-11T17:20:03.574+0000][1][gc,age       ] GC(159) - age   3:     682064 bytes,    1038608 total
[2020-09-11T17:20:03.574+0000][1][gc,age       ] GC(159) - age   4:       7416 bytes,    1046024 total
[2020-09-11T17:20:03.574+0000][1][gc,age       ] GC(159) - age   5:       6488 bytes,    1052512 total
[2020-09-11T17:20:03.574+0000][1][gc,age       ] GC(159) - age   6:      84672 bytes,    1137184 total
[2020-09-11T17:20:03.574+0000][1][gc,heap      ] GC(159) ParNew: 70260K->1393K(76672K)
[2020-09-11T17:20:03.574+0000][1][gc,heap      ] GC(159) CMS: 144243K->144365K(2011968K)
[2020-09-11T17:20:03.574+0000][1][gc,metaspace ] GC(159) Metaspace: 97079K->97079K(1138688K)
[2020-09-11T17:20:03.574+0000][1][gc           ] GC(159) Pause Young (Allocation Failure) 209M->142M(2039M) 33.638ms
[2020-09-11T17:20:03.575+0000][1][gc,cpu       ] GC(159) User=0.02s Sys=0.00s Real=0.03s
[2020-09-11T17:20:03.575+0000][1][safepoint    ] Safepoint "GenCollectForAllocation", Time since last: 748052636 ns, Reaching safepoint: 341092 ns, At safepoint: 33712324 ns, Total: 34053416 ns
[2020-09-11T17:20:03.803+0000][1][safepoint    ] Safepoint "RevokeBias", Time since last: 228448724 ns, Reaching safepoint: 102569 ns, At safepoint: 38298 ns, Total: 140867 ns
[2020-09-11T17:20:03.807+0000][1][safepoint    ] Safepoint "RevokeBias", Time since last: 3939723 ns, Reaching safepoint: 103261 ns, At safepoint: 37109 ns, Total: 140370 ns
[2020-09-11T17:20:04.809+0000][1][safepoint    ] Safepoint "Cleanup", Time since last: 1001463166 ns, Reaching safepoint: 160980 ns, At safepoint: 21645 ns, Total: 182625 ns
[2020-09-11T17:20:05.563+0000][1][safepoint    ] Safepoint "RevokeBias", Time since last: 753505305 ns, Reaching safepoint: 92504 ns, At safepoint: 37611 ns, Total: 130115 ns
[2020-09-11T17:20:05.563+0000][1][safepoint    ] Safepoint "RevokeBias", Time since last: 65101 ns, Reaching safepoint: 57853 ns, At safepoint: 25693 ns, Total: 83546 ns
[2020-09-11T17:20:05.563+0000][1][safepoint    ] Safepoint "RevokeBias", Time since last: 33229 ns, Reaching safepoint: 45160 ns, At safepoint: 22081 ns, Total: 67241 ns
[2020-09-11T17:20:05.563+0000][1][safepoint    ] Safepoint "RevokeBias", Time since last: 28431 ns, Reaching safepoint: 42686 ns, At safepoint: 21002 ns, Total: 63688 ns
[2020-09-11T17:20:05.563+0000][1][safepoint    ] Safepoint "RevokeBias", Time since last: 26982 ns, Reaching safepoint: 40452 ns, At safepoint: 19829 ns, Total: 60281 ns
[2020-09-11T17:20:05.563+0000][1][safepoint    ] Safepoint "RevokeBias", Time since last: 26463 ns, Reaching safepoint: 38172 ns, At safepoint: 122027 ns, Total: 160199 ns
[2020-09-11T17:20:05.563+0000][1][safepoint    ] Safepoint "RevokeBias", Time since last: 31748 ns, Reaching safepoint: 43819 ns, At safepoint: 21049 ns, Total: 64868 ns
[2020-09-11T17:20:06.571+0000][1][safepoint    ] Safepoint "Cleanup", Time since last: 1007417568 ns, Reaching safepoint: 89939 ns, At safepoint: 23873 ns, Total: 113812 ns
[2020-09-11T17:20:07.571+0000][1][safepoint    ] Safepoint "Cleanup", Time since last: 1000112609 ns, Reaching safepoint: 92223 ns, At safepoint: 9555 ns, Total: 101778 ns
[2020-09-11T17:20:08.571+0000][1][safepoint    ] Safepoint "Cleanup", Time since last: 1000114849 ns, Reaching safepoint: 84428 ns, At safepoint: 7382 ns, Total: 91810 ns
[2020-09-11T17:20:08.822+0000][1][safepoint    ] Safepoint "RevokeBias", Time since last: 249810709 ns, Reaching safepoint: 234324 ns, At safepoint: 312998 ns, Total: 547322 ns
[2020-09-11T17:20:08.829+0000][1][safepoint    ] Safepoint "RevokeBias", Time since last: 7650773 ns, Reaching safepoint: 182879 ns, At safepoint: 26142 ns, Total: 209021 ns
[2020-09-11T17:20:09.830+0000][1][safepoint    ] Safepoint "Cleanup", Time since last: 1000110446 ns, Reaching safepoint: 99862 ns, At safepoint: 9859 ns, Total: 109721 ns
[2020-09-11T17:20:10.830+0000][1][safepoint    ] Safepoint "Cleanup", Time since last: 1000120447 ns, Reaching safepoint: 84381 ns, At safepoint: 9344 ns, Total: 93725 ns
[2020-09-11T17:20:11.830+0000][1][safepoint    ] Safepoint "Cleanup", Time since last: 1000114222 ns, Reaching safepoint: 85255 ns, At safepoint: 9538 ns, Total: 94793 ns
[2020-09-11T17:20:12.830+0000][1][safepoint    ] Safepoint "Cleanup", Time since last: 1000109312 ns, Reaching safepoint: 86141 ns, At safepoint: 9317 ns, Total: 95458 ns
[2020-09-11T17:20:13.830+0000][1][safepoint    ] Safepoint "Cleanup", Time since last: 1000110872 ns, Reaching safepoint: 88548 ns, At safepoint: 8830 ns, Total: 97378 ns
[2020-09-11T17:20:13.839+0000][1][safepoint    ] Safepoint "RevokeBias", Time since last: 8139403 ns, Reaching safepoint: 92571 ns, At safepoint: 26323 ns, Total: 118894 ns
[2020-09-11T17:20:13.843+0000][1][safepoint    ] Safepoint "RevokeBias", Time since last: 3729175 ns, Reaching safepoint: 91862 ns, At safepoint: 25326 ns, Total: 117188 ns
[2020-09-11T17:20:14.843+0000][1][safepoint    ] Safepoint "Cleanup", Time since last: 1000112667 ns, Reaching safepoint: 85912 ns, At safepoint: 9849 ns, Total: 95761 ns
[2020-09-11T17:20:15.848+0000][1][safepoint    ] Safepoint "Cleanup", Time since last: 1005393406 ns, Reaching safepoint: 83304 ns, At safepoint: 6734 ns, Total: 90038 ns
[2020-09-11T17:20:16.848+0000][1][safepoint    ] Safepoint "Cleanup", Time since last: 1000113821 ns, Reaching safepoint: 104336 ns, At safepoint: 12258 ns, Total: 116594 ns
[2020-09-11T17:20:17.849+0000][1][safepoint    ] Safepoint "Cleanup", Time since last: 1000124263 ns, Reaching safepoint: 93393 ns, At safepoint: 10494 ns, Total: 103887 ns
[2020-09-11T17:20:18.849+0000][1][safepoint    ] Safepoint "Cleanup", Time since last: 1000152107 ns, Reaching safepoint: 91273 ns, At safepoint: 10019 ns, Total: 101292 ns
[2020-09-11T17:20:18.857+0000][1][safepoint    ] Safepoint "RevokeBias", Time since last: 7950808 ns, Reaching safepoint: 233444 ns, At safepoint: 314398 ns, Total: 547842 ns
[2020-09-11T17:20:18.861+0000][1][safepoint    ] Safepoint "RevokeBias", Time since last: 3234315 ns, Reaching safepoint: 121807 ns, At safepoint: 25996 ns, Total: 147803 ns
[2020-09-11T17:20:23.874+0000][1][safepoint    ] Safepoint "RevokeBias", Time since last: 5012921724 ns, Reaching safepoint: 173959 ns, At safepoint: 27454 ns, Total: 201413 ns
[2020-09-11T17:20:23.877+0000][1][safepoint    ] Safepoint "BulkRevokeBias", Time since last: 1968111 ns, Reaching safepoint: 229942 ns, At safepoint: 532790 ns, Total: 762732 ns
[2020-09-11T17:20:24.877+0000][1][safepoint    ] Safepoint "Cleanup", Time since last: 1000078997 ns, Reaching safepoint: 90340 ns, At safepoint: 8777 ns, Total: 99117 ns
[2020-09-11T17:20:25.877+0000][1][safepoint    ] Safepoint "Cleanup", Time since last: 1000108700 ns, Reaching safepoint: 84959 ns, At safepoint: 7614 ns, Total: 92573 ns
[2020-09-11T17:20:26.984+0000][1][gc,start     ] GC(160) Pause Young (Allocation Failure)
[2020-09-11T17:20:26.984+0000][1][gc,task      ] GC(160) Using 1 workers of 1 for evacuation
[2020-09-11T17:20:27.013+0000][1][gc,age       ] GC(160) Desired survivor size 4358144 bytes, new threshold 6 (max threshold 6)
[2020-09-11T17:20:27.013+0000][1][gc,age       ] GC(160) Age table with threshold 6 (max threshold 6)
[2020-09-11T17:20:27.013+0000][1][gc,age       ] GC(160) - age   1:     312216 bytes,     312216 total
[2020-09-11T17:20:27.013+0000][1][gc,age       ] GC(160) - age   2:     139768 bytes,     451984 total
[2020-09-11T17:20:27.013+0000][1][gc,age       ] GC(160) - age   3:      14656 bytes,     466640 total
[2020-09-11T17:20:27.013+0000][1][gc,age       ] GC(160) - age   4:     681800 bytes,    1148440 total
[2020-09-11T17:20:27.013+0000][1][gc,age       ] GC(160) - age   5:       7416 bytes,    1155856 total
[2020-09-11T17:20:27.013+0000][1][gc,age       ] GC(160) - age   6:       6424 bytes,    1162280 total
[2020-09-11T17:20:27.013+0000][1][gc,heap      ] GC(160) ParNew: 69553K->2014K(76672K)
[2020-09-11T17:20:27.013+0000][1][gc,heap      ] GC(160) CMS: 144365K->144448K(2011968K)
[2020-09-11T17:20:27.013+0000][1][gc,metaspace ] GC(160) Metaspace: 97086K->97086K(1138688K)
[2020-09-11T17:20:27.013+0000][1][gc           ] GC(160) Pause Young (Allocation Failure) 208M->143M(2039M) 29.332ms
[2020-09-11T17:20:27.013+0000][1][gc,cpu       ] GC(160) User=0.01s Sys=0.00s Real=0.03s
[2020-09-11T17:20:27.021+0000][1][safepoint    ] Safepoint "GenCollectForAllocation", Time since last: 1105398647 ns, Reaching safepoint: 1649146 ns, At safepoint: 36731655 ns, Total: 38380801 ns
[2020-09-11T17:20:28.890+0000][1][safepoint    ] Safepoint "RevokeBias", Time since last: 1868730968 ns, Reaching safepoint: 170563 ns, At safepoint: 40474 ns, Total: 211037 ns
[2020-09-11T17:20:28.893+0000][1][safepoint    ] Safepoint "RevokeBias", Time since last: 2661355 ns, Reaching safepoint: 231436 ns, At safepoint: 362952 ns, Total: 594388 ns
[2020-09-11T17:20:29.893+0000][1][safepoint    ] Safepoint "Cleanup", Time since last: 1000109095 ns, Reaching safepoint: 90463 ns, At safepoint: 6966 ns, Total: 97429 ns
[2020-09-11T17:20:33.905+0000][1][safepoint    ] Safepoint "RevokeBias", Time since last: 4011572335 ns, Reaching safepoint: 185460 ns, At safepoint: 27332 ns, Total: 212792 ns
[2020-09-11T17:20:33.908+0000][1][safepoint    ] Safepoint "RevokeBias", Time since last: 2590377 ns, Reaching safepoint: 232679 ns, At safepoint: 363530 ns, Total: 596209 ns
[2020-09-11T17:20:36.909+0000][1][safepoint    ] Safepoint "Cleanup", Time since last: 3000615250 ns, Reaching safepoint: 83237 ns, At safepoint: 8153 ns, Total: 91390 ns
[2020-09-11T17:20:38.921+0000][1][safepoint    ] Safepoint "RevokeBias", Time since last: 2012109959 ns, Reaching safepoint: 173482 ns, At safepoint: 26841 ns, Total: 200323 ns
[2020-09-11T17:20:38.924+0000][1][safepoint    ] Safepoint "RevokeBias", Time since last: 2054263 ns, Reaching safepoint: 234015 ns, At safepoint: 318773 ns, Total: 552788 ns
[2020-09-11T17:20:43.939+0000][1][safepoint    ] Safepoint "RevokeBias", Time since last: 5015377520 ns, Reaching safepoint: 164156 ns, At safepoint: 23002 ns, Total: 187158 ns
[2020-09-11T17:20:43.942+0000][1][safepoint    ] Safepoint "RevokeBias", Time since last: 1873401 ns, Reaching safepoint: 219375 ns, At safepoint: 260243 ns, Total: 479618 ns
[2020-09-11T17:20:47.942+0000][1][safepoint    ] Safepoint "Cleanup", Time since last: 4000333004 ns, Reaching safepoint: 92597 ns, At safepoint: 9977 ns, Total: 102574 ns
[2020-09-11T17:20:48.966+0000][1][safepoint    ] Safepoint "RevokeBias", Time since last: 1023266640 ns, Reaching safepoint: 169804 ns, At safepoint: 79375 ns, Total: 249179 ns
[2020-09-11T17:20:48.967+0000][1][safepoint    ] Safepoint "RevokeBias", Time since last: 878361 ns, Reaching safepoint: 59604 ns, At safepoint: 16290 ns, Total: 75894 ns
[2020-09-11T17:20:48.967+0000][1][safepoint    ] Safepoint "RevokeBias", Time since last: 203585 ns, Reaching safepoint: 109076 ns, At safepoint: 12841 ns, Total: 121917 ns
[2020-09-11T17:20:49.433+0000][1][gc,start     ] GC(161) Pause Young (Allocation Failure)
[2020-09-11T17:20:49.433+0000][1][gc,task      ] GC(161) Using 1 workers of 1 for evacuation
[2020-09-11T17:20:49.472+0000][1][gc,age       ] GC(161) Desired survivor size 4358144 bytes, new threshold 6 (max threshold 6)
[2020-09-11T17:20:49.472+0000][1][gc,age       ] GC(161) Age table with threshold 6 (max threshold 6)
[2020-09-11T17:20:49.472+0000][1][gc,age       ] GC(161) - age   1:     167072 bytes,     167072 total
[2020-09-11T17:20:49.472+0000][1][gc,age       ] GC(161) - age   2:     212160 bytes,     379232 total
[2020-09-11T17:20:49.472+0000][1][gc,age       ] GC(161) - age   3:     139464 bytes,     518696 total
[2020-09-11T17:20:49.472+0000][1][gc,age       ] GC(161) - age   4:      14624 bytes,     533320 total
[2020-09-11T17:20:49.472+0000][1][gc,age       ] GC(161) - age   5:     681448 bytes,    1214768 total
[2020-09-11T17:20:49.472+0000][1][gc,age       ] GC(161) - age   6:       7416 bytes,    1222184 total
[2020-09-11T17:20:49.472+0000][1][gc,heap      ] GC(161) ParNew: 70174K->1354K(76672K)
[2020-09-11T17:20:49.472+0000][1][gc,heap      ] GC(161) CMS: 144448K->144454K(2011968K)
[2020-09-11T17:20:49.472+0000][1][gc,metaspace ] GC(161) Metaspace: 97097K->97097K(1138688K)
[2020-09-11T17:20:49.472+0000][1][gc           ] GC(161) Pause Young (Allocation Failure) 209M->142M(2039M) 39.356ms
[2020-09-11T17:20:49.472+0000][1][gc,cpu       ] GC(161) User=0.02s Sys=0.00s Real=0.03s
[2020-09-11T17:20:49.476+0000][1][safepoint    ] Safepoint "GenCollectForAllocation", Time since last: 462931581 ns, Reaching safepoint: 2865566 ns, At safepoint: 43510160 ns, Total: 46375726 ns
[2020-09-11T17:20:53.488+0000][1][safepoint    ] Safepoint "Cleanup", Time since last: 4011645383 ns, Reaching safepoint: 88280 ns, At safepoint: 8845 ns, Total: 97125 ns
[2020-09-11T17:20:53.982+0000][1][safepoint    ] Safepoint "RevokeBias", Time since last: 494240453 ns, Reaching safepoint: 88069 ns, At safepoint: 23268 ns, Total: 111337 ns
[2020-09-11T17:20:54.000+0000][1][safepoint    ] Safepoint "RevokeBias", Time since last: 17242426 ns, Reaching safepoint: 91652 ns, At safepoint: 24080 ns, Total: 115732 ns
[2020-09-11T17:20:55.001+0000][1][safepoint    ] Safepoint "Cleanup", Time since last: 1001016242 ns, Reaching safepoint: 94071 ns, At safepoint: 7611 ns, Total: 101682 ns
[2020-09-11T17:20:58.001+0000][1][safepoint    ] Safepoint "Cleanup", Time since last: 3000263794 ns, Reaching safepoint: 95040 ns, At safepoint: 9700 ns, Total: 104740 ns
[2020-09-11T17:20:59.016+0000][1][safepoint    ] Safepoint "RevokeBias", Time since last: 1014873698 ns, Reaching safepoint: 92019 ns, At safepoint: 23375 ns, Total: 115394 ns
[2020-09-11T17:20:59.028+0000][1][safepoint    ] Safepoint "RevokeBias", Time since last: 10841575 ns, Reaching safepoint: 282580 ns, At safepoint: 310376 ns, Total: 592956 ns
[2020-09-11T17:21:04.026+0000][1][safepoint    ] Safepoint "RevokeBias", Time since last: 4998248580 ns, Reaching safepoint: 168307 ns, At safepoint: 26988 ns, Total: 195295 ns
[2020-09-11T17:21:04.042+0000][1][safepoint    ] Safepoint "RevokeBias", Time since last: 15303618 ns, Reaching safepoint: 89947 ns, At safepoint: 21923 ns, Total: 111870 ns
[2020-09-11T17:21:07.242+0000][1][gc,start     ] GC(162) Pause Young (Allocation Failure)
[2020-09-11T17:21:07.242+0000][1][gc,task      ] GC(162) Using 1 workers of 1 for evacuation
[2020-09-11T17:21:07.275+0000][1][gc,age       ] GC(162) Desired survivor size 4358144 bytes, new threshold 6 (max threshold 6)
[2020-09-11T17:21:07.275+0000][1][gc,age       ] GC(162) Age table with threshold 6 (max threshold 6)
[2020-09-11T17:21:07.275+0000][1][gc,age       ] GC(162) - age   1:     231952 bytes,     231952 total
[2020-09-11T17:21:07.275+0000][1][gc,age       ] GC(162) - age   2:      83376 bytes,     315328 total
[2020-09-11T17:21:07.275+0000][1][gc,age       ] GC(162) - age   3:     208312 bytes,     523640 total
[2020-09-11T17:21:07.275+0000][1][gc,age       ] GC(162) - age   4:     139328 bytes,     662968 total
[2020-09-11T17:21:07.275+0000][1][gc,age       ] GC(162) - age   5:      14312 bytes,     677280 total
[2020-09-11T17:21:07.275+0000][1][gc,age       ] GC(162) - age   6:     681408 bytes,    1358688 total
[2020-09-11T17:21:07.275+0000][1][gc,heap      ] GC(162) ParNew: 69514K->2129K(76672K)
[2020-09-11T17:21:07.275+0000][1][gc,heap      ] GC(162) CMS: 144454K->144461K(2011968K)
[2020-09-11T17:21:07.275+0000][1][gc,metaspace ] GC(162) Metaspace: 97107K->97107K(1138688K)
[2020-09-11T17:21:07.275+0000][1][gc           ] GC(162) Pause Young (Allocation Failure) 208M->143M(2039M) 32.899ms
[2020-09-11T17:21:07.275+0000][1][gc,cpu       ] GC(162) User=0.01s Sys=0.00s Real=0.03s
[2020-09-11T17:21:07.277+0000][1][safepoint    ] Safepoint "GenCollectForAllocation", Time since last: 3200631571 ns, Reaching safepoint: 186446 ns, At safepoint: 34473591 ns, Total: 34660037 ns
[2020-09-11T17:21:09.036+0000][1][safepoint    ] Safepoint "RevokeBias", Time since last: 1758847170 ns, Reaching safepoint: 94714 ns, At safepoint: 39358 ns, Total: 134072 ns
[2020-09-11T17:21:09.049+0000][1][safepoint    ] Safepoint "RevokeBias", Time since last: 13580725 ns, Reaching safepoint: 87424 ns, At safepoint: 36813 ns, Total: 124237 ns
[2020-09-11T17:21:10.050+0000][1][safepoint    ] Safepoint "Cleanup", Time since last: 1000585999 ns, Reaching safepoint: 85630 ns, At safepoint: 23902 ns, Total: 109532 ns
[2020-09-11T17:21:11.050+0000][1][safepoint    ] Safepoint "Cleanup", Time since last: 1000125349 ns, Reaching safepoint: 85631 ns, At safepoint: 21880 ns, Total: 107511 ns
[2020-09-11T17:21:12.051+0000][1][safepoint    ] Safepoint "Cleanup", Time since last: 1000112060 ns, Reaching safepoint: 86149 ns, At safepoint: 9355 ns, Total: 95504 ns
[2020-09-11T17:21:13.051+0000][1][safepoint    ] Safepoint "Cleanup", Time since last: 1000116381 ns, Reaching safepoint: 83069 ns, At safepoint: 7395 ns, Total: 90464 ns
[2020-09-11T17:21:14.051+0000][1][safepoint    ] Safepoint "Cleanup", Time since last: 1000114848 ns, Reaching safepoint: 85737 ns, At safepoint: 9442 ns, Total: 95179 ns
[2020-09-11T17:21:14.061+0000][1][safepoint    ] Safepoint "RevokeBias", Time since last: 9725411 ns, Reaching safepoint: 175510 ns, At safepoint: 27797 ns, Total: 203307 ns
[2020-09-11T17:21:14.064+0000][1][safepoint    ] Safepoint "RevokeBias", Time since last: 2798878 ns, Reaching safepoint: 85731 ns, At safepoint: 25257 ns, Total: 110988 ns
[2020-09-11T17:21:15.064+0000][1][safepoint    ] Safepoint "Cleanup", Time since last: 1000113334 ns, Reaching safepoint: 96499 ns, At safepoint: 10499 ns, Total: 106998 ns
[2020-09-11T17:21:16.064+0000][1][safepoint    ] Safepoint "Cleanup", Time since last: 1000131570 ns, Reaching safepoint: 85021 ns, At safepoint: 9863 ns, Total: 94884 ns
[2020-09-11T17:21:17.065+0000][1][safepoint    ] Safepoint "Cleanup", Time since last: 1000116206 ns, Reaching safepoint: 81045 ns, At safepoint: 7123 ns, Total: 88168 ns
[2020-09-11T17:21:18.065+0000][1][safepoint    ] Safepoint "Cleanup", Time since last: 1000124528 ns, Reaching safepoint: 121291 ns, At safepoint: 10413 ns, Total: 131704 ns
[2020-09-11T17:21:19.065+0000][1][safepoint    ] Safepoint "Cleanup", Time since last: 1000115141 ns, Reaching safepoint: 86970 ns, At safepoint: 9034 ns, Total: 96004 ns
[2020-09-11T17:21:19.080+0000][1][safepoint    ] Safepoint "RevokeBias", Time since last: 15136534 ns, Reaching safepoint: 186469 ns, At safepoint: 28545 ns, Total: 215014 ns
[2020-09-11T17:21:19.083+0000][1][safepoint    ] Safepoint "RevokeBias", Time since last: 1804736 ns, Reaching safepoint: 244555 ns, At safepoint: 300959 ns, Total: 545514 ns
[2020-09-11T17:21:20.083+0000][1][safepoint    ] Safepoint "Cleanup", Time since last: 1000110954 ns, Reaching safepoint: 86528 ns, At safepoint: 9175 ns, Total: 95703 ns
[2020-09-11T17:21:21.083+0000][1][safepoint    ] Safepoint "Cleanup", Time since last: 1000115961 ns, Reaching safepoint: 84702 ns, At safepoint: 9531 ns, Total: 94233 ns
[2020-09-11T17:21:22.083+0000][1][safepoint    ] Safepoint "Cleanup", Time since last: 1000116615 ns, Reaching safepoint: 88177 ns, At safepoint: 9969 ns, Total: 98146 ns
[2020-09-11T17:21:23.084+0000][1][safepoint    ] Safepoint "Cleanup", Time since last: 1000120904 ns, Reaching safepoint: 86487 ns, At safepoint: 9440 ns, Total: 95927 ns
[2020-09-11T17:21:24.084+0000][1][safepoint    ] Safepoint "Cleanup", Time since last: 1000122009 ns, Reaching safepoint: 91408 ns, At safepoint: 9895 ns, Total: 101303 ns
[2020-09-11T17:21:24.092+0000][1][safepoint    ] Safepoint "RevokeBias", Time since last: 7353585 ns, Reaching safepoint: 244301 ns, At safepoint: 329519 ns, Total: 573820 ns
[2020-09-11T17:21:24.095+0000][1][safepoint    ] Safepoint "RevokeBias", Time since last: 3205079 ns, Reaching safepoint: 224429 ns, At safepoint: 313174 ns, Total: 537603 ns
[2020-09-11T17:21:25.096+0000][1][safepoint    ] Safepoint "Cleanup", Time since last: 1000116868 ns, Reaching safepoint: 85954 ns, At safepoint: 9534 ns, Total: 95488 ns
[2020-09-11T17:21:26.096+0000][1][safepoint    ] Safepoint "Cleanup", Time since last: 1000117721 ns, Reaching safepoint: 88350 ns, At safepoint: 10017 ns, Total: 98367 ns
[2020-09-11T17:21:27.096+0000][1][safepoint    ] Safepoint "Cleanup", Time since last: 1000120964 ns, Reaching safepoint: 90562 ns, At safepoint: 9591 ns, Total: 100153 ns
[2020-09-11T17:21:27.256+0000][1][gc,start     ] GC(163) Pause Young (Allocation Failure)
[2020-09-11T17:21:27.256+0000][1][gc,task      ] GC(163) Using 1 workers of 1 for evacuation
[2020-09-11T17:21:27.292+0000][1][gc,age       ] GC(163) Desired survivor size 4358144 bytes, new threshold 6 (max threshold 6)
[2020-09-11T17:21:27.292+0000][1][gc,age       ] GC(163) Age table with threshold 6 (max threshold 6)
[2020-09-11T17:21:27.292+0000][1][gc,age       ] GC(163) - age   1:     278224 bytes,     278224 total
[2020-09-11T17:21:27.292+0000][1][gc,age       ] GC(163) - age   2:      49504 bytes,     327728 total
[2020-09-11T17:21:27.292+0000][1][gc,age       ] GC(163) - age   3:      79992 bytes,     407720 total
[2020-09-11T17:21:27.292+0000][1][gc,age       ] GC(163) - age   4:     207984 bytes,     615704 total
[2020-09-11T17:21:27.292+0000][1][gc,age       ] GC(163) - age   5:     139264 bytes,     754968 total
[2020-09-11T17:21:27.292+0000][1][gc,age       ] GC(163) - age   6:      14280 bytes,     769248 total
[2020-09-11T17:21:27.292+0000][1][gc,heap      ] GC(163) ParNew: 70289K->1261K(76672K)
[2020-09-11T17:21:27.292+0000][1][gc,heap      ] GC(163) CMS: 144461K->145127K(2011968K)
[2020-09-11T17:21:27.292+0000][1][gc,metaspace ] GC(163) Metaspace: 97111K->97111K(1138688K)
[2020-09-11T17:21:27.292+0000][1][gc           ] GC(163) Pause Young (Allocation Failure) 209M->142M(2039M) 36.226ms
[2020-09-11T17:21:27.292+0000][1][gc,cpu       ] GC(163) User=0.01s Sys=0.00s Real=0.03s
[2020-09-11T17:21:27.305+0000][1][safepoint    ] Safepoint "GenCollectForAllocation", Time since last: 159297769 ns, Reaching safepoint: 204036 ns, At safepoint: 48932065 ns, Total: 49136101 ns
[2020-09-11T17:21:28.307+0000][1][safepoint    ] Safepoint "Cleanup", Time since last: 1002081877 ns, Reaching safepoint: 85484 ns, At safepoint: 8716 ns, Total: 94200 ns
[2020-09-11T17:21:29.112+0000][1][safepoint    ] Safepoint "RevokeBias", Time since last: 804823410 ns, Reaching safepoint: 226391 ns, At safepoint: 276423 ns, Total: 502814 ns
[2020-09-11T17:21:29.116+0000][1][safepoint    ] Safepoint "RevokeBias", Time since last: 3764159 ns, Reaching safepoint: 166551 ns, At safepoint: 26178 ns, Total: 192729 ns
[2020-09-11T17:21:30.116+0000][1][safepoint    ] Safepoint "Cleanup", Time since last: 1000113427 ns, Reaching safepoint: 82200 ns, At safepoint: 8674 ns, Total: 90874 ns
[2020-09-11T17:21:31.116+0000][1][safepoint    ] Safepoint "Cleanup", Time since last: 1000114039 ns, Reaching safepoint: 87070 ns, At safepoint: 9598 ns, Total: 96668 ns
[2020-09-11T17:21:32.117+0000][1][safepoint    ] Safepoint "Cleanup", Time since last: 1000111374 ns, Reaching safepoint: 81038 ns, At safepoint: 8894 ns, Total: 89932 ns
[2020-09-11T17:21:33.117+0000][1][safepoint    ] Safepoint "Cleanup", Time since last: 1000109823 ns, Reaching safepoint: 98419 ns, At safepoint: 7509 ns, Total: 105928 ns
[2020-09-11T17:21:34.117+0000][1][safepoint    ] Safepoint "Cleanup", Time since last: 1000107376 ns, Reaching safepoint: 81782 ns, At safepoint: 8527 ns, Total: 90309 ns
[2020-09-11T17:21:34.131+0000][1][safepoint    ] Safepoint "RevokeBias", Time since last: 13526901 ns, Reaching safepoint: 233216 ns, At safepoint: 315926 ns, Total: 549142 ns
[2020-09-11T17:21:34.135+0000][1][safepoint    ] Safepoint "BulkRevokeBias", Time since last: 3396203 ns, Reaching safepoint: 87453 ns, At safepoint: 253748 ns, Total: 341201 ns
[2020-09-11T17:21:35.135+0000][1][safepoint    ] Safepoint "Cleanup", Time since last: 1000109754 ns, Reaching safepoint: 89923 ns, At safepoint: 9363 ns, Total: 99286 ns
[2020-09-11T17:21:36.135+0000][1][safepoint    ] Safepoint "Cleanup", Time since last: 1000118937 ns, Reaching safepoint: 88846 ns, At safepoint: 9166 ns, Total: 98012 ns
[2020-09-11T17:21:37.135+0000][1][safepoint    ] Safepoint "Cleanup", Time since last: 1000118786 ns, Reaching safepoint: 88122 ns, At safepoint: 6860 ns, Total: 94982 ns
[2020-09-11T17:21:38.136+0000][1][safepoint    ] Safepoint "Cleanup", Time since last: 1000122217 ns, Reaching safepoint: 92679 ns, At safepoint: 9061 ns, Total: 101740 ns
[2020-09-11T17:21:39.136+0000][1][safepoint    ] Safepoint "Cleanup", Time since last: 1000123568 ns, Reaching safepoint: 89662 ns, At safepoint: 9343 ns, Total: 99005 ns
[2020-09-11T17:21:39.146+0000][1][safepoint    ] Safepoint "RevokeBias", Time since last: 9477832 ns, Reaching safepoint: 235395 ns, At safepoint: 338618 ns, Total: 574013 ns
[2020-09-11T17:21:39.149+0000][1][safepoint    ] Safepoint "RevokeBias", Time since last: 3207144 ns, Reaching safepoint: 90127 ns, At safepoint: 25484 ns, Total: 115611 ns
[2020-09-11T17:21:40.150+0000][1][safepoint    ] Safepoint "Cleanup", Time since last: 1000115619 ns, Reaching safepoint: 83341 ns, At safepoint: 7552 ns, Total: 90893 ns
[2020-09-11T17:21:41.150+0000][1][safepoint    ] Safepoint "Cleanup", Time since last: 1000116399 ns, Reaching safepoint: 84614 ns, At safepoint: 9424 ns, Total: 94038 ns
[2020-09-11T17:21:42.150+0000][1][safepoint    ] Safepoint "Cleanup", Time since last: 1000114824 ns, Reaching safepoint: 95603 ns, At safepoint: 10289 ns, Total: 105892 ns
[2020-09-11T17:21:43.150+0000][1][safepoint    ] Safepoint "Cleanup", Time since last: 1000119627 ns, Reaching safepoint: 86849 ns, At safepoint: 9868 ns, Total: 96717 ns
[2020-09-11T17:21:44.150+0000][1][safepoint    ] Safepoint "Cleanup", Time since last: 1000115270 ns, Reaching safepoint: 87795 ns, At safepoint: 9652 ns, Total: 97447 ns
[2020-09-11T17:21:44.168+0000][1][safepoint    ] Safepoint "RevokeBias", Time since last: 17734815 ns, Reaching safepoint: 87717 ns, At safepoint: 25106 ns, Total: 112823 ns
[2020-09-11T17:21:44.172+0000][1][safepoint    ] Safepoint "RevokeBias", Time since last: 3946724 ns, Reaching safepoint: 168729 ns, At safepoint: 25858 ns, Total: 194587 ns
[2020-09-11T17:21:45.173+0000][1][safepoint    ] Safepoint "Cleanup", Time since last: 1000121654 ns, Reaching safepoint: 84968 ns, At safepoint: 6765 ns, Total: 91733 ns
[2020-09-11T17:21:46.173+0000][1][safepoint    ] Safepoint "Cleanup", Time since last: 1000113637 ns, Reaching safepoint: 111348 ns, At safepoint: 9277 ns, Total: 120625 ns
[2020-09-11T17:21:47.177+0000][1][safepoint    ] Safepoint "Cleanup", Time since last: 1003974038 ns, Reaching safepoint: 82763 ns, At safepoint: 7538 ns, Total: 90301 ns
[2020-09-11T17:21:48.177+0000][1][safepoint    ] Safepoint "Cleanup", Time since last: 1000108712 ns, Reaching safepoint: 87492 ns, At safepoint: 9418 ns, Total: 96910 ns
[2020-09-11T17:21:49.177+0000][1][safepoint    ] Safepoint "Cleanup", Time since last: 1000117338 ns, Reaching safepoint: 87478 ns, At safepoint: 9664 ns, Total: 97142 ns
[2020-09-11T17:21:49.186+0000][1][safepoint    ] Safepoint "RevokeBias", Time since last: 8205141 ns, Reaching safepoint: 237015 ns, At safepoint: 312057 ns, Total: 549072 ns
[2020-09-11T17:21:49.192+0000][1][safepoint    ] Safepoint "RevokeBias", Time since last: 5386159 ns, Reaching safepoint: 169801 ns, At safepoint: 25070 ns, Total: 194871 ns
[2020-09-11T17:21:50.192+0000][1][safepoint    ] Safepoint "Cleanup", Time since last: 1000116782 ns, Reaching safepoint: 87244 ns, At safepoint: 10060 ns, Total: 97304 ns
[2020-09-11T17:21:51.192+0000][1][safepoint    ] Safepoint "Cleanup", Time since last: 1000118464 ns, Reaching safepoint: 85240 ns, At safepoint: 9477 ns, Total: 94717 ns
[2020-09-11T17:21:52.192+0000][1][safepoint    ] Safepoint "Cleanup", Time since last: 1000131787 ns, Reaching safepoint: 86313 ns, At safepoint: 10146 ns, Total: 96459 ns
[2020-09-11T17:21:53.196+0000][1][safepoint    ] Safepoint "Cleanup", Time since last: 1003607482 ns, Reaching safepoint: 243882 ns, At safepoint: 10770 ns, Total: 254652 ns
[2020-09-11T17:21:54.213+0000][1][safepoint    ] Safepoint "RevokeBias", Time since last: 1016265480 ns, Reaching safepoint: 440160 ns, At safepoint: 30044 ns, Total: 470204 ns
[2020-09-11T17:21:54.259+0000][1][safepoint    ] Safepoint "RevokeBias", Time since last: 46052834 ns, Reaching safepoint: 91970 ns, At safepoint: 25464 ns, Total: 117434 ns
[2020-09-11T17:21:54.797+0000][1][gc,start     ] GC(164) Pause Young (Allocation Failure)
[2020-09-11T17:21:54.829+0000][1][gc,task      ] GC(164) Using 1 workers of 1 for evacuation
[2020-09-11T17:21:54.859+0000][1][gc,age       ] GC(164) Desired survivor size 4358144 bytes, new threshold 6 (max threshold 6)
[2020-09-11T17:21:54.859+0000][1][gc,age       ] GC(164) Age table with threshold 6 (max threshold 6)
[2020-09-11T17:21:54.859+0000][1][gc,age       ] GC(164) - age   1:     380416 bytes,     380416 total
[2020-09-11T17:21:54.859+0000][1][gc,age       ] GC(164) - age   2:     100264 bytes,     480680 total
[2020-09-11T17:21:54.859+0000][1][gc,age       ] GC(164) - age   3:      44544 bytes,     525224 total
[2020-09-11T17:21:54.859+0000][1][gc,age       ] GC(164) - age   4:      79640 bytes,     604864 total
[2020-09-11T17:21:54.859+0000][1][gc,age       ] GC(164) - age   5:     207984 bytes,     812848 total
[2020-09-11T17:21:54.859+0000][1][gc,age       ] GC(164) - age   6:     139264 bytes,     952112 total
[2020-09-11T17:21:54.859+0000][1][gc,heap      ] GC(164) ParNew: 69415K->1194K(76672K)
[2020-09-11T17:21:54.859+0000][1][gc,heap      ] GC(164) CMS: 145127K->145141K(2011968K)
[2020-09-11T17:21:54.859+0000][1][gc,metaspace ] GC(164) Metaspace: 97137K->97137K(1138688K)
[2020-09-11T17:21:54.859+0000][1][gc           ] GC(164) Pause Young (Allocation Failure) 209M->142M(2039M) 62.398ms
[2020-09-11T17:21:54.859+0000][1][gc,cpu       ] GC(164) User=0.01s Sys=0.00s Real=0.06s
[2020-09-11T17:21:54.859+0000][1][safepoint    ] Safepoint "GenCollectForAllocation", Time since last: 535628239 ns, Reaching safepoint: 2187195 ns, At safepoint: 62527720 ns, Total: 64714915 ns
[2020-09-11T17:21:57.867+0000][1][safepoint    ] Safepoint "Cleanup", Time since last: 3007144262 ns, Reaching safepoint: 107848 ns, At safepoint: 9684 ns, Total: 117532 ns
[2020-09-11T17:21:59.226+0000][1][safepoint    ] Safepoint "RevokeBias", Time since last: 1359385688 ns, Reaching safepoint: 90973 ns, At safepoint: 24373 ns, Total: 115346 ns
[2020-09-11T17:21:59.287+0000][1][safepoint    ] Safepoint "RevokeBias", Time since last: 60555722 ns, Reaching safepoint: 80857 ns, At safepoint: 22355 ns, Total: 103212 ns
[2020-09-11T17:22:00.287+0000][1][safepoint    ] Safepoint "Cleanup", Time since last: 1000112913 ns, Reaching safepoint: 91517 ns, At safepoint: 10150 ns, Total: 101667 ns
[2020-09-11T17:22:04.243+0000][1][safepoint    ] Safepoint "RevokeBias", Time since last: 3955747064 ns, Reaching safepoint: 165923 ns, At safepoint: 24634 ns, Total: 190557 ns
[2020-09-11T17:22:04.295+0000][1][safepoint    ] Safepoint "RevokeBias", Time since last: 52189177 ns, Reaching safepoint: 90234 ns, At safepoint: 27179 ns, Total: 117413 ns
[2020-09-11T17:22:09.251+0000][1][safepoint    ] Safepoint "RevokeBias", Time since last: 4955952552 ns, Reaching safepoint: 170603 ns, At safepoint: 46046 ns, Total: 216649 ns
[2020-09-11T17:22:09.313+0000][1][safepoint    ] Safepoint "RevokeBias", Time since last: 61345697 ns, Reaching safepoint: 90305 ns, At safepoint: 26846 ns, Total: 117151 ns
[2020-09-11T17:22:14.276+0000][1][safepoint    ] Safepoint "RevokeBias", Time since last: 4963268481 ns, Reaching safepoint: 170317 ns, At safepoint: 26175 ns, Total: 196492 ns
[2020-09-11T17:22:14.326+0000][1][safepoint    ] Safepoint "RevokeBias", Time since last: 49291568 ns, Reaching safepoint: 86821 ns, At safepoint: 36096 ns, Total: 122917 ns
[2020-09-11T17:22:15.326+0000][1][safepoint    ] Safepoint "Cleanup", Time since last: 1000180749 ns, Reaching safepoint: 87547 ns, At safepoint: 8452 ns, Total: 95999 ns
[2020-09-11T17:22:16.984+0000][1][gc,start     ] GC(165) Pause Young (Allocation Failure)
[2020-09-11T17:22:16.984+0000][1][gc,task      ] GC(165) Using 1 workers of 1 for evacuation
[2020-09-11T17:22:17.017+0000][1][gc,age       ] GC(165) Desired survivor size 4358144 bytes, new threshold 6 (max threshold 6)
[2020-09-11T17:22:17.017+0000][1][gc,age       ] GC(165) Age table with threshold 6 (max threshold 6)
[2020-09-11T17:22:17.017+0000][1][gc,age       ] GC(165) - age   1:     620264 bytes,     620264 total
[2020-09-11T17:22:17.017+0000][1][gc,age       ] GC(165) - age   2:     241808 bytes,     862072 total
[2020-09-11T17:22:17.017+0000][1][gc,age       ] GC(165) - age   3:      97248 bytes,     959320 total
[2020-09-11T17:22:17.017+0000][1][gc,age       ] GC(165) - age   4:      44448 bytes,    1003768 total
[2020-09-11T17:22:17.017+0000][1][gc,age       ] GC(165) - age   5:      79608 bytes,    1083376 total
[2020-09-11T17:22:17.017+0000][1][gc,age       ] GC(165) - age   6:     207360 bytes,    1290736 total
[2020-09-11T17:22:17.017+0000][1][gc,heap      ] GC(165) ParNew: 69354K->1693K(76672K)
[2020-09-11T17:22:17.017+0000][1][gc,heap      ] GC(165) CMS: 145141K->145277K(2011968K)
[2020-09-11T17:22:17.017+0000][1][gc,metaspace ] GC(165) Metaspace: 97264K->97264K(1138688K)
[2020-09-11T17:22:17.017+0000][1][gc           ] GC(165) Pause Young (Allocation Failure) 209M->143M(2039M) 32.595ms
[2020-09-11T17:22:17.017+0000][1][gc,cpu       ] GC(165) User=0.02s Sys=0.00s Real=0.03s
[2020-09-11T17:22:17.020+0000][1][safepoint    ] Safepoint "GenCollectForAllocation", Time since last: 1657270601 ns, Reaching safepoint: 741949 ns, At safepoint: 36310591 ns, Total: 37052540 ns
[2020-09-11T17:22:18.029+0000][1][safepoint    ] Safepoint "Cleanup", Time since last: 1008517472 ns, Reaching safepoint: 94943 ns, At safepoint: 9211 ns, Total: 104154 ns
[2020-09-11T17:22:19.295+0000][1][safepoint    ] Safepoint "RevokeBias", Time since last: 1265717659 ns, Reaching safepoint: 169329 ns, At safepoint: 37118 ns, Total: 206447 ns
[2020-09-11T17:22:19.340+0000][1][safepoint    ] Safepoint "RevokeBias", Time since last: 44239960 ns, Reaching safepoint: 242869 ns, At safepoint: 339546 ns, Total: 582415 ns
[2020-09-11T17:22:21.340+0000][1][safepoint    ] Safepoint "Cleanup", Time since last: 2000208694 ns, Reaching safepoint: 87877 ns, At safepoint: 9771 ns, Total: 97648 ns
[2020-09-11T17:22:22.340+0000][1][safepoint    ] Safepoint "Cleanup", Time since last: 1000113862 ns, Reaching safepoint: 87911 ns, At safepoint: 9746 ns, Total: 97657 ns
[2020-09-11T17:22:23.340+0000][1][safepoint    ] Safepoint "Cleanup", Time since last: 1000113994 ns, Reaching safepoint: 96433 ns, At safepoint: 9960 ns, Total: 106393 ns
[2020-09-11T17:22:24.303+0000][1][safepoint    ] Safepoint "RevokeBias", Time since last: 961777990 ns, Reaching safepoint: 236285 ns, At safepoint: 319698 ns, Total: 555983 ns
[2020-09-11T17:22:24.368+0000][1][safepoint    ] Safepoint "RevokeBias", Time since last: 65182623 ns, Reaching safepoint: 91074 ns, At safepoint: 24583 ns, Total: 115657 ns
[2020-09-11T17:22:25.368+0000][1][safepoint    ] Safepoint "Cleanup", Time since last: 1000108699 ns, Reaching safepoint: 86844 ns, At safepoint: 6561 ns, Total: 93405 ns
[2020-09-11T17:22:26.369+0000][1][safepoint    ] Safepoint "Cleanup", Time since last: 1000107105 ns, Reaching safepoint: 78266 ns, At safepoint: 7443 ns, Total: 85709 ns
[2020-09-11T17:22:27.369+0000][1][safepoint    ] Safepoint "Cleanup", Time since last: 1000100447 ns, Reaching safepoint: 86294 ns, At safepoint: 10195 ns, Total: 96489 ns
[2020-09-11T17:22:28.369+0000][1][safepoint    ] Safepoint "Cleanup", Time since last: 1000142658 ns, Reaching safepoint: 88620 ns, At safepoint: 9311 ns, Total: 97931 ns
[2020-09-11T17:22:29.312+0000][1][safepoint    ] Safepoint "RevokeBias", Time since last: 942117189 ns, Reaching safepoint: 256190 ns, At safepoint: 325930 ns, Total: 582120 ns
[2020-09-11T17:22:29.379+0000][1][safepoint    ] Safepoint "RevokeBias", Time since last: 67685822 ns, Reaching safepoint: 91729 ns, At safepoint: 24822 ns, Total: 116551 ns
[2020-09-11T17:22:30.380+0000][1][safepoint    ] Safepoint "Cleanup", Time since last: 1000112464 ns, Reaching safepoint: 83727 ns, At safepoint: 8669 ns, Total: 92396 ns
[2020-09-11T17:22:31.380+0000][1][safepoint    ] Safepoint "Cleanup", Time since last: 1000112831 ns, Reaching safepoint: 85350 ns, At safepoint: 8703 ns, Total: 94053 ns
[2020-09-11T17:22:32.380+0000][1][safepoint    ] Safepoint "Cleanup", Time since last: 1000115628 ns, Reaching safepoint: 84646 ns, At safepoint: 9807 ns, Total: 94453 ns
[2020-09-11T17:22:33.380+0000][1][safepoint    ] Safepoint "Cleanup", Time since last: 1000110108 ns, Reaching safepoint: 82908 ns, At safepoint: 7621 ns, Total: 90529 ns
[2020-09-11T17:22:34.321+0000][1][safepoint    ] Safepoint "RevokeBias", Time since last: 940229830 ns, Reaching safepoint: 260114 ns, At safepoint: 340794 ns, Total: 600908 ns
[2020-09-11T17:22:34.392+0000][1][safepoint    ] Safepoint "RevokeBias", Time since last: 71157066 ns, Reaching safepoint: 177087 ns, At safepoint: 28399 ns, Total: 205486 ns
[2020-09-11T17:22:35.393+0000][1][safepoint    ] Safepoint "Cleanup", Time since last: 1000124274 ns, Reaching safepoint: 88103 ns, At safepoint: 7845 ns, Total: 95948 ns
[2020-09-11T17:22:36.393+0000][1][safepoint    ] Safepoint "Cleanup", Time since last: 1000085978 ns, Reaching safepoint: 88011 ns, At safepoint: 9972 ns, Total: 97983 ns
[2020-09-11T17:22:36.813+0000][1][gc,start     ] GC(166) Pause Young (Allocation Failure)
[2020-09-11T17:22:36.813+0000][1][gc,task      ] GC(166) Using 1 workers of 1 for evacuation
[2020-09-11T17:22:36.844+0000][1][gc,age       ] GC(166) Desired survivor size 4358144 bytes, new threshold 6 (max threshold 6)
[2020-09-11T17:22:36.844+0000][1][gc,age       ] GC(166) Age table with threshold 6 (max threshold 6)
[2020-09-11T17:22:36.844+0000][1][gc,age       ] GC(166) - age   1:      91632 bytes,      91632 total
[2020-09-11T17:22:36.845+0000][1][gc,age       ] GC(166) - age   2:     535584 bytes,     627216 total
[2020-09-11T17:22:36.845+0000][1][gc,age       ] GC(166) - age   3:     240272 bytes,     867488 total
[2020-09-11T17:22:36.845+0000][1][gc,age       ] GC(166) - age   4:      97248 bytes,     964736 total
[2020-09-11T17:22:36.845+0000][1][gc,age       ] GC(166) - age   5:      44448 bytes,    1009184 total
[2020-09-11T17:22:36.845+0000][1][gc,age       ] GC(166) - age   6:      79576 bytes,    1088760 total
[2020-09-11T17:22:36.845+0000][1][gc,heap      ] GC(166) ParNew: 69853K->1157K(76672K)
[2020-09-11T17:22:36.845+0000][1][gc,heap      ] GC(166) CMS: 145277K->145479K(2011968K)
[2020-09-11T17:22:36.845+0000][1][gc,metaspace ] GC(166) Metaspace: 97277K->97277K(1138688K)
[2020-09-11T17:22:36.845+0000][1][gc           ] GC(166) Pause Young (Allocation Failure) 210M->143M(2039M) 31.653ms
[2020-09-11T17:22:36.845+0000][1][gc,cpu       ] GC(166) User=0.02s Sys=0.00s Real=0.03s
[2020-09-11T17:22:36.849+0000][1][safepoint    ] Safepoint "GenCollectForAllocation", Time since last: 419922906 ns, Reaching safepoint: 165245 ns, At safepoint: 35838547 ns, Total: 36003792 ns
[2020-09-11T17:22:37.850+0000][1][safepoint    ] Safepoint "Cleanup", Time since last: 1001097680 ns, Reaching safepoint: 84540 ns, At safepoint: 9232 ns, Total: 93772 ns
[2020-09-11T17:22:38.850+0000][1][safepoint    ] Safepoint "Cleanup", Time since last: 1000112850 ns, Reaching safepoint: 103378 ns, At safepoint: 9498 ns, Total: 112876 ns
[2020-09-11T17:22:39.336+0000][1][safepoint    ] Safepoint "RevokeBias", Time since last: 484904763 ns, Reaching safepoint: 236975 ns, At safepoint: 327992 ns, Total: 564967 ns
[2020-09-11T17:22:39.403+0000][1][safepoint    ] Safepoint "RevokeBias", Time since last: 67228059 ns, Reaching safepoint: 171032 ns, At safepoint: 27473 ns, Total: 198505 ns
[2020-09-11T17:22:40.403+0000][1][safepoint    ] Safepoint "Cleanup", Time since last: 1000115040 ns, Reaching safepoint: 85570 ns, At safepoint: 9144 ns, Total: 94714 ns
[2020-09-11T17:22:41.404+0000][1][safepoint    ] Safepoint "Cleanup", Time since last: 1000116967 ns, Reaching safepoint: 86264 ns, At safepoint: 8976 ns, Total: 95240 ns
[2020-09-11T17:22:42.404+0000][1][safepoint    ] Safepoint "Cleanup", Time since last: 1000114044 ns, Reaching safepoint: 82219 ns, At safepoint: 7575 ns, Total: 89794 ns
[2020-09-11T17:22:43.404+0000][1][safepoint    ] Safepoint "Cleanup", Time since last: 1000112422 ns, Reaching safepoint: 86183 ns, At safepoint: 8939 ns, Total: 95122 ns
[2020-09-11T17:22:44.343+0000][1][safepoint    ] Safepoint "RevokeBias", Time since last: 938977143 ns, Reaching safepoint: 88527 ns, At safepoint: 21853 ns, Total: 110380 ns
[2020-09-11T17:22:44.412+0000][1][safepoint    ] Safepoint "BulkRevokeBias", Time since last: 68660144 ns, Reaching safepoint: 101717 ns, At safepoint: 254451 ns, Total: 356168 ns
[2020-09-11T17:22:49.437+0000][1][safepoint    ] Safepoint "RevokeBias", Time since last: 5022532232 ns, Reaching safepoint: 2330823 ns, At safepoint: 267917 ns, Total: 2598740 ns
[2020-09-11T17:22:49.437+0000][1][safepoint    ] Safepoint "RevokeBias", Time since last: 122264 ns, Reaching safepoint: 139721 ns, At safepoint: 15239 ns, Total: 154960 ns
[2020-09-11T17:22:49.439+0000][1][safepoint    ] Safepoint "RevokeBias", Time since last: 354883 ns, Reaching safepoint: 1175871 ns, At safepoint: 33546 ns, Total: 1209417 ns
[2020-09-11T17:22:50.439+0000][1][safepoint    ] Safepoint "Cleanup", Time since last: 1000101538 ns, Reaching safepoint: 87336 ns, At safepoint: 9937 ns, Total: 97273 ns
[2020-09-11T17:22:51.439+0000][1][safepoint    ] Safepoint "Cleanup", Time since last: 1000118280 ns, Reaching safepoint: 85928 ns, At safepoint: 10301 ns, Total: 96229 ns
[2020-09-11T17:22:52.440+0000][1][safepoint    ] Safepoint "Cleanup", Time since last: 1000116224 ns, Reaching safepoint: 86460 ns, At safepoint: 9454 ns, Total: 95914 ns
[2020-09-11T17:22:53.440+0000][1][safepoint    ] Safepoint "Cleanup", Time since last: 1000118116 ns, Reaching safepoint: 86833 ns, At safepoint: 9772 ns, Total: 96605 ns
[2020-09-11T17:22:54.440+0000][1][safepoint    ] Safepoint "Cleanup", Time since last: 1000118523 ns, Reaching safepoint: 87404 ns, At safepoint: 9561 ns, Total: 96965 ns
[2020-09-11T17:22:54.453+0000][1][safepoint    ] Safepoint "RevokeBias", Time since last: 12479371 ns, Reaching safepoint: 243120 ns, At safepoint: 257998 ns, Total: 501118 ns
[2020-09-11T17:22:54.456+0000][1][safepoint    ] Safepoint "RevokeBias", Time since last: 2706382 ns, Reaching safepoint: 89120 ns, At safepoint: 23140 ns, Total: 112260 ns
[2020-09-11T17:22:55.456+0000][1][safepoint    ] Safepoint "Cleanup", Time since last: 1000120919 ns, Reaching safepoint: 87893 ns, At safepoint: 10375 ns, Total: 98268 ns
[2020-09-11T17:22:56.456+0000][1][safepoint    ] Safepoint "Cleanup", Time since last: 1000118435 ns, Reaching safepoint: 85230 ns, At safepoint: 9730 ns, Total: 94960 ns
[2020-09-11T17:22:57.157+0000][1][gc,start     ] GC(167) Pause Young (Allocation Failure)
[2020-09-11T17:22:57.157+0000][1][gc,task      ] GC(167) Using 1 workers of 1 for evacuation
[2020-09-11T17:22:57.186+0000][1][gc,age       ] GC(167) Desired survivor size 4358144 bytes, new threshold 6 (max threshold 6)
[2020-09-11T17:22:57.186+0000][1][gc,age       ] GC(167) Age table with threshold 6 (max threshold 6)
[2020-09-11T17:22:57.186+0000][1][gc,age       ] GC(167) - age   1:     250312 bytes,     250312 total
[2020-09-11T17:22:57.186+0000][1][gc,age       ] GC(167) - age   2:      14104 bytes,     264416 total
[2020-09-11T17:22:57.186+0000][1][gc,age       ] GC(167) - age   3:     531584 bytes,     796000 total
[2020-09-11T17:22:57.186+0000][1][gc,age       ] GC(167) - age   4:     240232 bytes,    1036232 total
[2020-09-11T17:22:57.186+0000][1][gc,age       ] GC(167) - age   5:      97112 bytes,    1133344 total
[2020-09-11T17:22:57.186+0000][1][gc,age       ] GC(167) - age   6:      44104 bytes,    1177448 total
[2020-09-11T17:22:57.186+0000][1][gc,heap      ] GC(167) ParNew: 69317K->2173K(76672K)
[2020-09-11T17:22:57.186+0000][1][gc,heap      ] GC(167) CMS: 145479K->145557K(2011968K)
[2020-09-11T17:22:57.186+0000][1][gc,metaspace ] GC(167) Metaspace: 97285K->97285K(1138688K)
[2020-09-11T17:22:57.186+0000][1][gc           ] GC(167) Pause Young (Allocation Failure) 209M->144M(2039M) 29.028ms
[2020-09-11T17:22:57.186+0000][1][gc,cpu       ] GC(167) User=0.01s Sys=0.00s Real=0.03s
[2020-09-11T17:22:57.186+0000][1][safepoint    ] Safepoint "GenCollectForAllocation", Time since last: 700820981 ns, Reaching safepoint: 174209 ns, At safepoint: 29097348 ns, Total: 29271557 ns
[2020-09-11T17:22:58.209+0000][1][safepoint    ] Safepoint "Cleanup", Time since last: 1022575635 ns, Reaching safepoint: 90879 ns, At safepoint: 8285 ns, Total: 99164 ns
[2020-09-11T17:22:59.209+0000][1][safepoint    ] Safepoint "Cleanup", Time since last: 1000194721 ns, Reaching safepoint: 81470 ns, At safepoint: 7236 ns, Total: 88706 ns
[2020-09-11T17:22:59.470+0000][1][safepoint    ] Safepoint "RevokeBias", Time since last: 259870061 ns, Reaching safepoint: 220876 ns, At safepoint: 257874 ns, Total: 478750 ns
[2020-09-11T17:22:59.473+0000][1][safepoint    ] Safepoint "RevokeBias", Time since last: 2972492 ns, Reaching safepoint: 162368 ns, At safepoint: 23366 ns, Total: 185734 ns
[2020-09-11T17:23:00.473+0000][1][safepoint    ] Safepoint "Cleanup", Time since last: 1000106048 ns, Reaching safepoint: 82797 ns, At safepoint: 8278 ns, Total: 91075 ns
[2020-09-11T17:23:01.473+0000][1][safepoint    ] Safepoint "Cleanup", Time since last: 1000115375 ns, Reaching safepoint: 85702 ns, At safepoint: 8972 ns, Total: 94674 ns
[2020-09-11T17:23:02.473+0000][1][safepoint    ] Safepoint "Cleanup", Time since last: 1000113111 ns, Reaching safepoint: 87223 ns, At safepoint: 9415 ns, Total: 96638 ns
[2020-09-11T17:23:03.474+0000][1][safepoint    ] Safepoint "Cleanup", Time since last: 1000111397 ns, Reaching safepoint: 92814 ns, At safepoint: 10403 ns, Total: 103217 ns
[2020-09-11T17:23:04.474+0000][1][safepoint    ] Safepoint "Cleanup", Time since last: 1000114177 ns, Reaching safepoint: 85244 ns, At safepoint: 7940 ns, Total: 93184 ns
[2020-09-11T17:23:04.491+0000][1][safepoint    ] Safepoint "RevokeBias", Time since last: 16330531 ns, Reaching safepoint: 219658 ns, At safepoint: 262662 ns, Total: 482320 ns
[2020-09-11T17:23:04.494+0000][1][safepoint    ] Safepoint "RevokeBias", Time since last: 3482516 ns, Reaching safepoint: 101734 ns, At safepoint: 22181 ns, Total: 123915 ns
[2020-09-11T17:23:05.495+0000][1][safepoint    ] Safepoint "Cleanup", Time since last: 1000112456 ns, Reaching safepoint: 79732 ns, At safepoint: 6563 ns, Total: 86295 ns
[2020-09-11T17:23:06.495+0000][1][safepoint    ] Safepoint "Cleanup", Time since last: 1000121199 ns, Reaching safepoint: 88386 ns, At safepoint: 9397 ns, Total: 97783 ns
[2020-09-11T17:23:07.495+0000][1][safepoint    ] Safepoint "Cleanup", Time since last: 1000111882 ns, Reaching safepoint: 90141 ns, At safepoint: 9727 ns, Total: 99868 ns
[2020-09-11T17:23:08.495+0000][1][safepoint    ] Safepoint "Cleanup", Time since last: 1000115730 ns, Reaching safepoint: 84792 ns, At safepoint: 7042 ns, Total: 91834 ns
[2020-09-11T17:23:09.495+0000][1][safepoint    ] Safepoint "Cleanup", Time since last: 1000113380 ns, Reaching safepoint: 80130 ns, At safepoint: 7469 ns, Total: 87599 ns
[2020-09-11T17:23:09.512+0000][1][safepoint    ] Safepoint "RevokeBias", Time since last: 16160534 ns, Reaching safepoint: 218490 ns, At safepoint: 278839 ns, Total: 497329 ns
[2020-09-11T17:23:09.528+0000][1][safepoint    ] Safepoint "RevokeBias", Time since last: 12938713 ns, Reaching safepoint: 2939239 ns, At safepoint: 295064 ns, Total: 3234303 ns
[2020-09-11T17:23:12.529+0000][1][safepoint    ] Safepoint "Cleanup", Time since last: 3000271285 ns, Reaching safepoint: 92372 ns, At safepoint: 10748 ns, Total: 103120 ns
[2020-09-11T17:23:13.529+0000][1][safepoint    ] Safepoint "Cleanup", Time since last: 1000117322 ns, Reaching safepoint: 114152 ns, At safepoint: 8830 ns, Total: 122982 ns
[2020-09-11T17:23:14.529+0000][1][safepoint    ] Safepoint "Cleanup", Time since last: 1000111857 ns, Reaching safepoint: 84963 ns, At safepoint: 8843 ns, Total: 93806 ns
[2020-09-11T17:23:14.570+0000][1][safepoint    ] Safepoint "RevokeBias", Time since last: 41130115 ns, Reaching safepoint: 119270 ns, At safepoint: 40955 ns, Total: 160225 ns
[2020-09-11T17:23:15.571+0000][1][safepoint    ] Safepoint "Cleanup", Time since last: 1000114450 ns, Reaching safepoint: 88757 ns, At safepoint: 9162 ns, Total: 97919 ns
[2020-09-11T17:23:16.571+0000][1][safepoint    ] Safepoint "Cleanup", Time since last: 1000120826 ns, Reaching safepoint: 87725 ns, At safepoint: 9957 ns, Total: 97682 ns
[2020-09-11T17:23:17.571+0000][1][safepoint    ] Safepoint "Cleanup", Time since last: 1000114385 ns, Reaching safepoint: 86547 ns, At safepoint: 9818 ns, Total: 96365 ns
[2020-09-11T17:23:18.571+0000][1][safepoint    ] Safepoint "Cleanup", Time since last: 1000117526 ns, Reaching safepoint: 83549 ns, At safepoint: 6482 ns, Total: 90031 ns
[2020-09-11T17:23:19.571+0000][1][safepoint    ] Safepoint "Cleanup", Time since last: 1000111874 ns, Reaching safepoint: 86302 ns, At safepoint: 9484 ns, Total: 95786 ns
[2020-09-11T17:23:19.585+0000][1][safepoint    ] Safepoint "RevokeBias", Time since last: 13414095 ns, Reaching safepoint: 88813 ns, At safepoint: 26102 ns, Total: 114915 ns
[2020-09-11T17:23:19.589+0000][1][safepoint    ] Safepoint "RevokeBias", Time since last: 3684579 ns, Reaching safepoint: 331773 ns, At safepoint: 293058 ns, Total: 624831 ns
[2020-09-11T17:23:20.589+0000][1][safepoint    ] Safepoint "Cleanup", Time since last: 1000113777 ns, Reaching safepoint: 87082 ns, At safepoint: 9345 ns, Total: 96427 ns
[2020-09-11T17:23:21.590+0000][1][safepoint    ] Safepoint "Cleanup", Time since last: 1000116841 ns, Reaching safepoint: 85796 ns, At safepoint: 9806 ns, Total: 95602 ns
[2020-09-11T17:23:22.590+0000][1][safepoint    ] Safepoint "Cleanup", Time since last: 1000117388 ns, Reaching safepoint: 87163 ns, At safepoint: 10433 ns, Total: 97596 ns
[2020-09-11T17:23:23.258+0000][1][gc,start     ] GC(168) Pause Young (Allocation Failure)
[2020-09-11T17:23:23.258+0000][1][gc,task      ] GC(168) Using 1 workers of 1 for evacuation
[2020-09-11T17:23:23.298+0000][1][gc,age       ] GC(168) Desired survivor size 4358144 bytes, new threshold 6 (max threshold 6)
[2020-09-11T17:23:23.298+0000][1][gc,age       ] GC(168) Age table with threshold 6 (max threshold 6)
[2020-09-11T17:23:23.298+0000][1][gc,age       ] GC(168) - age   1:     352760 bytes,     352760 total
[2020-09-11T17:23:23.298+0000][1][gc,age       ] GC(168) - age   2:     155120 bytes,     507880 total
[2020-09-11T17:23:23.298+0000][1][gc,age       ] GC(168) - age   3:      10224 bytes,     518104 total
[2020-09-11T17:23:23.298+0000][1][gc,age       ] GC(168) - age   4:     531296 bytes,    1049400 total
[2020-09-11T17:23:23.298+0000][1][gc,age       ] GC(168) - age   5:     240232 bytes,    1289632 total
[2020-09-11T17:23:23.298+0000][1][gc,age       ] GC(168) - age   6:      97080 bytes,    1386712 total
[2020-09-11T17:23:23.298+0000][1][gc,heap      ] GC(168) ParNew: 70333K->1405K(76672K)
[2020-09-11T17:23:23.298+0000][1][gc,heap      ] GC(168) CMS: 145557K->145600K(2011968K)
[2020-09-11T17:23:23.298+0000][1][gc,metaspace ] GC(168) Metaspace: 97295K->97295K(1138688K)
[2020-09-11T17:23:23.298+0000][1][gc           ] GC(168) Pause Young (Allocation Failure) 210M->143M(2039M) 40.160ms
[2020-09-11T17:23:23.298+0000][1][gc,cpu       ] GC(168) User=0.02s Sys=0.00s Real=0.04s
[2020-09-11T17:23:23.307+0000][1][safepoint    ] Safepoint "GenCollectForAllocation", Time since last: 667463051 ns, Reaching safepoint: 201141 ns, At safepoint: 49569916 ns, Total: 49771057 ns
[2020-09-11T17:23:24.313+0000][1][safepoint    ] Safepoint "Cleanup", Time since last: 1005770981 ns, Reaching safepoint: 115645 ns, At safepoint: 10606 ns, Total: 126251 ns
[2020-09-11T17:23:24.602+0000][1][safepoint    ] Safepoint "RevokeBias", Time since last: 288537355 ns, Reaching safepoint: 167109 ns, At safepoint: 42659 ns, Total: 209768 ns
[2020-09-11T17:23:24.613+0000][1][safepoint    ] Safepoint "RevokeBias", Time since last: 10742216 ns, Reaching safepoint: 105313 ns, At safepoint: 28281 ns, Total: 133594 ns
[2020-09-11T17:23:25.613+0000][1][safepoint    ] Safepoint "Cleanup", Time since last: 1000114632 ns, Reaching safepoint: 153696 ns, At safepoint: 10799 ns, Total: 164495 ns
[2020-09-11T17:23:26.613+0000][1][safepoint    ] Safepoint "Cleanup", Time since last: 1000137567 ns, Reaching safepoint: 140816 ns, At safepoint: 18739 ns, Total: 159555 ns
[2020-09-11T17:23:27.613+0000][1][safepoint    ] Safepoint "Cleanup", Time since last: 1000130577 ns, Reaching safepoint: 85262 ns, At safepoint: 9285 ns, Total: 94547 ns
[2020-09-11T17:23:28.614+0000][1][safepoint    ] Safepoint "Cleanup", Time since last: 1000135064 ns, Reaching safepoint: 117147 ns, At safepoint: 16909 ns, Total: 134056 ns
[2020-09-11T17:23:29.614+0000][1][safepoint    ] Safepoint "Cleanup", Time since last: 1000130252 ns, Reaching safepoint: 85680 ns, At safepoint: 9306 ns, Total: 94986 ns
[2020-09-11T17:23:29.629+0000][1][safepoint    ] Safepoint "RevokeBias", Time since last: 15257209 ns, Reaching safepoint: 90495 ns, At safepoint: 26460 ns, Total: 116955 ns
[2020-09-11T17:23:29.632+0000][1][safepoint    ] Safepoint "RevokeBias", Time since last: 2418455 ns, Reaching safepoint: 103800 ns, At safepoint: 25653 ns, Total: 129453 ns
[2020-09-11T17:23:30.632+0000][1][safepoint    ] Safepoint "Cleanup", Time since last: 1000288989 ns, Reaching safepoint: 84819 ns, At safepoint: 9096 ns, Total: 93915 ns
[2020-09-11T17:23:31.632+0000][1][safepoint    ] Safepoint "Cleanup", Time since last: 1000117807 ns, Reaching safepoint: 85081 ns, At safepoint: 9921 ns, Total: 95002 ns
[2020-09-11T17:23:32.633+0000][1][safepoint    ] Safepoint "Cleanup", Time since last: 1000115545 ns, Reaching safepoint: 86003 ns, At safepoint: 9040 ns, Total: 95043 ns
[2020-09-11T17:23:33.633+0000][1][safepoint    ] Safepoint "Cleanup", Time since last: 1000112733 ns, Reaching safepoint: 110896 ns, At safepoint: 8589 ns, Total: 119485 ns
[2020-09-11T17:23:34.633+0000][1][safepoint    ] Safepoint "Cleanup", Time since last: 1000109792 ns, Reaching safepoint: 87037 ns, At safepoint: 20175 ns, Total: 107212 ns
[2020-09-11T17:23:34.646+0000][1][safepoint    ] Safepoint "RevokeBias", Time since last: 12417196 ns, Reaching safepoint: 92790 ns, At safepoint: 25740 ns, Total: 118530 ns
[2020-09-11T17:23:34.648+0000][1][safepoint    ] Safepoint "RevokeBias", Time since last: 2507738 ns, Reaching safepoint: 89359 ns, At safepoint: 24333 ns, Total: 113692 ns
[2020-09-11T17:23:35.648+0000][1][safepoint    ] Safepoint "Cleanup", Time since last: 1000117310 ns, Reaching safepoint: 95168 ns, At safepoint: 10811 ns, Total: 105979 ns
[2020-09-11T17:23:37.649+0000][1][safepoint    ] Safepoint "Cleanup", Time since last: 2000199657 ns, Reaching safepoint: 115905 ns, At safepoint: 9511 ns, Total: 125416 ns
[2020-09-11T17:23:39.669+0000][1][safepoint    ] Safepoint "RevokeBias", Time since last: 2019684897 ns, Reaching safepoint: 90426 ns, At safepoint: 25491 ns, Total: 115917 ns
[2020-09-11T17:23:39.678+0000][1][safepoint    ] Safepoint "RevokeBias", Time since last: 8827236 ns, Reaching safepoint: 235467 ns, At safepoint: 316147 ns, Total: 551614 ns
[2020-09-11T17:23:42.251+0000][1][gc,start     ] GC(169) Pause Young (Allocation Failure)
[2020-09-11T17:23:42.251+0000][1][gc,task      ] GC(169) Using 1 workers of 1 for evacuation
[2020-09-11T17:23:42.282+0000][1][gc,age       ] GC(169) Desired survivor size 4358144 bytes, new threshold 6 (max threshold 6)
[2020-09-11T17:23:42.282+0000][1][gc,age       ] GC(169) Age table with threshold 6 (max threshold 6)
[2020-09-11T17:23:42.282+0000][1][gc,age       ] GC(169) - age   1:     163568 bytes,     163568 total
[2020-09-11T17:23:42.282+0000][1][gc,age       ] GC(169) - age   2:     230696 bytes,     394264 total
[2020-09-11T17:23:42.282+0000][1][gc,age       ] GC(169) - age   3:     151608 bytes,     545872 total
[2020-09-11T17:23:42.282+0000][1][gc,age       ] GC(169) - age   4:      10192 bytes,     556064 total
[2020-09-11T17:23:42.282+0000][1][gc,age       ] GC(169) - age   5:     531296 bytes,    1087360 total
[2020-09-11T17:23:42.282+0000][1][gc,age       ] GC(169) - age   6:     239888 bytes,    1327248 total
[2020-09-11T17:23:42.282+0000][1][gc,heap      ] GC(169) ParNew: 69565K->2382K(76672K)
[2020-09-11T17:23:42.282+0000][1][gc,heap      ] GC(169) CMS: 145600K->145695K(2011968K)
[2020-09-11T17:23:42.282+0000][1][gc,metaspace ] GC(169) Metaspace: 97298K->97298K(1138688K)
[2020-09-11T17:23:42.282+0000][1][gc           ] GC(169) Pause Young (Allocation Failure) 210M->144M(2039M) 31.540ms
[2020-09-11T17:23:42.282+0000][1][gc,cpu       ] GC(169) User=0.02s Sys=0.00s Real=0.04s
[2020-09-11T17:23:42.285+0000][1][safepoint    ] Safepoint "GenCollectForAllocation", Time since last: 2570435158 ns, Reaching safepoint: 2300536 ns, At safepoint: 34089161 ns, Total: 36389697 ns
[2020-09-11T17:23:44.677+0000][1][safepoint    ] Safepoint "RevokeBias", Time since last: 2392517270 ns, Reaching safepoint: 89181 ns, At safepoint: 25272 ns, Total: 114453 ns
[2020-09-11T17:23:44.687+0000][1][safepoint    ] Safepoint "RevokeBias", Time since last: 9070706 ns, Reaching safepoint: 89326 ns, At safepoint: 26206 ns, Total: 115532 ns
[2020-09-11T17:23:49.687+0000][1][safepoint    ] Safepoint "Cleanup", Time since last: 5000413389 ns, Reaching safepoint: 91113 ns, At safepoint: 10439 ns, Total: 101552 ns
[2020-09-11T17:23:49.698+0000][1][safepoint    ] Safepoint "RevokeBias", Time since last: 10348921 ns, Reaching safepoint: 95582 ns, At safepoint: 27375 ns, Total: 122957 ns
[2020-09-11T17:23:49.700+0000][1][safepoint    ] Safepoint "RevokeBias", Time since last: 2514921 ns, Reaching safepoint: 84632 ns, At safepoint: 23035 ns, Total: 107667 ns
[2020-09-11T17:23:54.701+0000][1][safepoint    ] Safepoint "Cleanup", Time since last: 5000425486 ns, Reaching safepoint: 91524 ns, At safepoint: 9907 ns, Total: 101431 ns
[2020-09-11T17:23:54.713+0000][1][safepoint    ] Safepoint "RevokeBias", Time since last: 11983428 ns, Reaching safepoint: 196107 ns, At safepoint: 337948 ns, Total: 534055 ns
[2020-09-11T17:23:54.717+0000][1][safepoint    ] Safepoint "BulkRevokeBias", Time since last: 3126746 ns, Reaching safepoint: 92574 ns, At safepoint: 258365 ns, Total: 350939 ns
[2020-09-11T17:23:57.717+0000][1][safepoint    ] Safepoint "Cleanup", Time since last: 3000253311 ns, Reaching safepoint: 100192 ns, At safepoint: 7418 ns, Total: 107610 ns
[2020-09-11T17:23:59.729+0000][1][safepoint    ] Safepoint "RevokeBias", Time since last: 2011675740 ns, Reaching safepoint: 223640 ns, At safepoint: 300600 ns, Total: 524240 ns
[2020-09-11T17:23:59.734+0000][1][safepoint    ] Safepoint "RevokeBias", Time since last: 5077679 ns, Reaching safepoint: 92148 ns, At safepoint: 22693 ns, Total: 114841 ns
[2020-09-11T17:24:04.745+0000][1][safepoint    ] Safepoint "RevokeBias", Time since last: 5010301044 ns, Reaching safepoint: 253349 ns, At safepoint: 318107 ns, Total: 571456 ns
[2020-09-11T17:24:04.780+0000][1][safepoint    ] Safepoint "RevokeBias", Time since last: 34715651 ns, Reaching safepoint: 108305 ns, At safepoint: 29535 ns, Total: 137840 ns
[2020-09-11T17:24:04.805+0000][1][gc,start     ] GC(170) Pause Young (Allocation Failure)
[2020-09-11T17:24:04.805+0000][1][gc,task      ] GC(170) Using 1 workers of 1 for evacuation
[2020-09-11T17:24:04.832+0000][1][gc,age       ] GC(170) Desired survivor size 4358144 bytes, new threshold 6 (max threshold 6)
[2020-09-11T17:24:04.832+0000][1][gc,age       ] GC(170) Age table with threshold 6 (max threshold 6)
[2020-09-11T17:24:04.832+0000][1][gc,age       ] GC(170) - age   1:     110376 bytes,     110376 total
[2020-09-11T17:24:04.832+0000][1][gc,age       ] GC(170) - age   2:      89448 bytes,     199824 total
[2020-09-11T17:24:04.832+0000][1][gc,age       ] GC(170) - age   3:     226920 bytes,     426744 total
[2020-09-11T17:24:04.832+0000][1][gc,age       ] GC(170) - age   4:     151608 bytes,     578352 total
[2020-09-11T17:24:04.832+0000][1][gc,age       ] GC(170) - age   5:       9856 bytes,     588208 total
[2020-09-11T17:24:04.832+0000][1][gc,age       ] GC(170) - age   6:     531296 bytes,    1119504 total
[2020-09-11T17:24:04.832+0000][1][gc,heap      ] GC(170) ParNew: 70542K->1567K(76672K)
[2020-09-11T17:24:04.832+0000][1][gc,heap      ] GC(170) CMS: 145695K->145929K(2011968K)
[2020-09-11T17:24:04.832+0000][1][gc,metaspace ] GC(170) Metaspace: 97308K->97308K(1138688K)
[2020-09-11T17:24:04.832+0000][1][gc           ] GC(170) Pause Young (Allocation Failure) 211M->144M(2039M) 26.964ms
[2020-09-11T17:24:04.832+0000][1][gc,cpu       ] GC(170) User=0.01s Sys=0.00s Real=0.02s
[2020-09-11T17:24:04.832+0000][1][safepoint    ] Safepoint "GenCollectForAllocation", Time since last: 21376947 ns, Reaching safepoint: 3266404 ns, At safepoint: 27081868 ns, Total: 30348272 ns
[2020-09-11T17:24:05.860+0000][1][safepoint    ] Safepoint "Cleanup", Time since last: 1028058209 ns, Reaching safepoint: 87808 ns, At safepoint: 10602 ns, Total: 98410 ns
[2020-09-11T17:24:07.860+0000][1][safepoint    ] Safepoint "Cleanup", Time since last: 2000201699 ns, Reaching safepoint: 88062 ns, At safepoint: 8035 ns, Total: 96097 ns
[2020-09-11T17:24:09.794+0000][1][safepoint    ] Safepoint "RevokeBias", Time since last: 1932731296 ns, Reaching safepoint: 262707 ns, At safepoint: 305104 ns, Total: 567811 ns
[2020-09-11T17:24:09.802+0000][1][safepoint    ] Safepoint "RevokeBias", Time since last: 8482985 ns, Reaching safepoint: 88752 ns, At safepoint: 23795 ns, Total: 112547 ns
[2020-09-11T17:24:14.825+0000][1][safepoint    ] Safepoint "RevokeBias", Time since last: 5004585090 ns, Reaching safepoint: 221274 ns, At safepoint: 17891753 ns, Total: 18113027 ns
[2020-09-11T17:24:14.838+0000][1][safepoint    ] Safepoint "RevokeBias", Time since last: 12881764 ns, Reaching safepoint: 164710 ns, At safepoint: 24801 ns, Total: 189511 ns
[2020-09-11T17:24:15.838+0000][1][safepoint    ] Safepoint "Cleanup", Time since last: 1000111478 ns, Reaching safepoint: 111156 ns, At safepoint: 10131 ns, Total: 121287 ns
[2020-09-11T17:24:16.838+0000][1][safepoint    ] Safepoint "Cleanup", Time since last: 1000109670 ns, Reaching safepoint: 82296 ns, At safepoint: 6733 ns, Total: 89029 ns
[2020-09-11T17:24:17.839+0000][1][safepoint    ] Safepoint "Cleanup", Time since last: 1000111038 ns, Reaching safepoint: 84877 ns, At safepoint: 9870 ns, Total: 94747 ns
[2020-09-11T17:24:18.839+0000][1][safepoint    ] Safepoint "Cleanup", Time since last: 1000114779 ns, Reaching safepoint: 185858 ns, At safepoint: 10480 ns, Total: 196338 ns
[2020-09-11T17:24:19.839+0000][1][safepoint    ] Safepoint "Cleanup", Time since last: 1000127547 ns, Reaching safepoint: 90629 ns, At safepoint: 10154 ns, Total: 100783 ns
[2020-09-11T17:24:19.851+0000][1][safepoint    ] Safepoint "RevokeBias", Time since last: 10995430 ns, Reaching safepoint: 220265 ns, At safepoint: 289482 ns, Total: 509747 ns
[2020-09-11T17:24:19.854+0000][1][safepoint    ] Safepoint "RevokeBias", Time since last: 2705824 ns, Reaching safepoint: 91828 ns, At safepoint: 22434 ns, Total: 114262 ns
[2020-09-11T17:24:20.854+0000][1][safepoint    ] Safepoint "Cleanup", Time since last: 1000106932 ns, Reaching safepoint: 85260 ns, At safepoint: 9381 ns, Total: 94641 ns
[2020-09-11T17:24:21.854+0000][1][safepoint    ] Safepoint "Cleanup", Time since last: 1000113654 ns, Reaching safepoint: 86936 ns, At safepoint: 9274 ns, Total: 96210 ns
[2020-09-11T17:24:22.854+0000][1][safepoint    ] Safepoint "Cleanup", Time since last: 1000111392 ns, Reaching safepoint: 85297 ns, At safepoint: 9262 ns, Total: 94559 ns
[2020-09-11T17:24:23.854+0000][1][safepoint    ] Safepoint "Cleanup", Time since last: 1000111223 ns, Reaching safepoint: 93536 ns, At safepoint: 9462 ns, Total: 102998 ns
[2020-09-11T17:24:24.855+0000][1][safepoint    ] Safepoint "Cleanup", Time since last: 1000115497 ns, Reaching safepoint: 86241 ns, At safepoint: 8651 ns, Total: 94892 ns
[2020-09-11T17:24:24.877+0000][1][safepoint    ] Safepoint "RevokeBias", Time since last: 21806977 ns, Reaching safepoint: 128237 ns, At safepoint: 25587 ns, Total: 153824 ns
[2020-09-11T17:24:24.879+0000][1][safepoint    ] Safepoint "RevokeBias", Time since last: 2369047 ns, Reaching safepoint: 120028 ns, At safepoint: 24284 ns, Total: 144312 ns
[2020-09-11T17:24:25.879+0000][1][safepoint    ] Safepoint "Cleanup", Time since last: 1000109112 ns, Reaching safepoint: 85489 ns, At safepoint: 8596 ns, Total: 94085 ns
[2020-09-11T17:24:26.879+0000][1][safepoint    ] Safepoint "Cleanup", Time since last: 1000110130 ns, Reaching safepoint: 85250 ns, At safepoint: 8403 ns, Total: 93653 ns
[2020-09-11T17:24:27.127+0000][1][gc,start     ] GC(171) Pause Young (Allocation Failure)
[2020-09-11T17:24:27.127+0000][1][gc,task      ] GC(171) Using 1 workers of 1 for evacuation
[2020-09-11T17:24:27.168+0000][1][gc,age       ] GC(171) Desired survivor size 4358144 bytes, new threshold 6 (max threshold 6)
[2020-09-11T17:24:27.168+0000][1][gc,age       ] GC(171) Age table with threshold 6 (max threshold 6)
[2020-09-11T17:24:27.168+0000][1][gc,age       ] GC(171) - age   1:     106488 bytes,     106488 total
[2020-09-11T17:24:27.168+0000][1][gc,age       ] GC(171) - age   2:      21056 bytes,     127544 total
[2020-09-11T17:24:27.168+0000][1][gc,age       ] GC(171) - age   3:      83968 bytes,     211512 total
[2020-09-11T17:24:27.168+0000][1][gc,age       ] GC(171) - age   4:     226376 bytes,     437888 total
[2020-09-11T17:24:27.168+0000][1][gc,age       ] GC(171) - age   5:     151544 bytes,     589432 total
[2020-09-11T17:24:27.168+0000][1][gc,age       ] GC(171) - age   6:       9824 bytes,     599256 total
[2020-09-11T17:24:27.168+0000][1][gc,heap      ] GC(171) ParNew: 69727K->1015K(76672K)
[2020-09-11T17:24:27.168+0000][1][gc,heap      ] GC(171) CMS: 145929K->146448K(2011968K)
[2020-09-11T17:24:27.168+0000][1][gc,metaspace ] GC(171) Metaspace: 97333K->97333K(1138688K)
[2020-09-11T17:24:27.168+0000][1][gc           ] GC(171) Pause Young (Allocation Failure) 210M->144M(2039M) 41.387ms
[2020-09-11T17:24:27.168+0000][1][gc,cpu       ] GC(171) User=0.01s Sys=0.00s Real=0.04s
[2020-09-11T17:24:27.173+0000][1][safepoint    ] Safepoint "GenCollectForAllocation", Time since last: 247068899 ns, Reaching safepoint: 200421 ns, At safepoint: 46156387 ns, Total: 46356808 ns
[2020-09-11T17:24:28.185+0000][1][safepoint    ] Safepoint "Cleanup", Time since last: 1012062685 ns, Reaching safepoint: 86295 ns, At safepoint: 9138 ns, Total: 95433 ns
[2020-09-11T17:24:29.185+0000][1][safepoint    ] Safepoint "Cleanup", Time since last: 1000126607 ns, Reaching safepoint: 84226 ns, At safepoint: 9560 ns, Total: 93786 ns
[2020-09-11T17:24:29.909+0000][1][safepoint    ] Safepoint "RevokeBias", Time since last: 723831576 ns, Reaching safepoint: 159264 ns, At safepoint: 22880 ns, Total: 182144 ns
[2020-09-11T17:24:29.913+0000][1][safepoint    ] Safepoint "RevokeBias", Time since last: 2955581 ns, Reaching safepoint: 219080 ns, At safepoint: 295461 ns, Total: 514541 ns
[2020-09-11T17:24:30.913+0000][1][safepoint    ] Safepoint "Cleanup", Time since last: 1000114232 ns, Reaching safepoint: 88847 ns, At safepoint: 9929 ns, Total: 98776 ns
[2020-09-11T17:24:31.913+0000][1][safepoint    ] Safepoint "Cleanup", Time since last: 1000112274 ns, Reaching safepoint: 86904 ns, At safepoint: 7704 ns, Total: 94608 ns
[2020-09-11T17:24:32.913+0000][1][safepoint    ] Safepoint "Cleanup", Time since last: 1000117829 ns, Reaching safepoint: 86843 ns, At safepoint: 9985 ns, Total: 96828 ns
[2020-09-11T17:24:33.914+0000][1][safepoint    ] Safepoint "Cleanup", Time since last: 1000112332 ns, Reaching safepoint: 86556 ns, At safepoint: 7380 ns, Total: 93936 ns
[2020-09-11T17:24:34.914+0000][1][safepoint    ] Safepoint "Cleanup", Time since last: 1000114600 ns, Reaching safepoint: 99347 ns, At safepoint: 8242 ns, Total: 107589 ns
[2020-09-11T17:24:34.924+0000][1][safepoint    ] Safepoint "RevokeBias", Time since last: 10311951 ns, Reaching safepoint: 166058 ns, At safepoint: 26064 ns, Total: 192122 ns
[2020-09-11T17:24:34.927+0000][1][safepoint    ] Safepoint "RevokeBias", Time since last: 2464877 ns, Reaching safepoint: 86849 ns, At safepoint: 24121 ns, Total: 110970 ns
[2020-09-11T17:24:35.927+0000][1][safepoint    ] Safepoint "Cleanup", Time since last: 1000114612 ns, Reaching safepoint: 92899 ns, At safepoint: 10484 ns, Total: 103383 ns
[2020-09-11T17:24:36.927+0000][1][safepoint    ] Safepoint "Cleanup", Time since last: 1000108379 ns, Reaching safepoint: 82148 ns, At safepoint: 7075 ns, Total: 89223 ns
[2020-09-11T17:24:37.928+0000][1][safepoint    ] Safepoint "Cleanup", Time since last: 1000116499 ns, Reaching safepoint: 86543 ns, At safepoint: 8745 ns, Total: 95288 ns
[2020-09-11T17:24:38.928+0000][1][safepoint    ] Safepoint "Cleanup", Time since last: 1000121698 ns, Reaching safepoint: 88220 ns, At safepoint: 10372 ns, Total: 98592 ns
[2020-09-11T17:24:39.928+0000][1][safepoint    ] Safepoint "Cleanup", Time since last: 1000122752 ns, Reaching safepoint: 86335 ns, At safepoint: 9945 ns, Total: 96280 ns
[2020-09-11T17:24:39.939+0000][1][safepoint    ] Safepoint "RevokeBias", Time since last: 10511732 ns, Reaching safepoint: 172022 ns, At safepoint: 28291 ns, Total: 200313 ns
[2020-09-11T17:24:39.942+0000][1][safepoint    ] Safepoint "RevokeBias", Time since last: 2405853 ns, Reaching safepoint: 234269 ns, At safepoint: 319516 ns, Total: 553785 ns
[2020-09-11T17:24:40.942+0000][1][safepoint    ] Safepoint "Cleanup", Time since last: 1000116157 ns, Reaching safepoint: 84396 ns, At safepoint: 9636 ns, Total: 94032 ns
[2020-09-11T17:24:42.942+0000][1][safepoint    ] Safepoint "Cleanup", Time since last: 2000192181 ns, Reaching safepoint: 89434 ns, At safepoint: 10176 ns, Total: 99610 ns
[2020-09-11T17:24:44.954+0000][1][safepoint    ] Safepoint "RevokeBias", Time since last: 2011605636 ns, Reaching safepoint: 93251 ns, At safepoint: 25583 ns, Total: 118834 ns
[2020-09-11T17:24:44.961+0000][1][safepoint    ] Safepoint "RevokeBias", Time since last: 2978918 ns, Reaching safepoint: 3676864 ns, At safepoint: 28830 ns, Total: 3705694 ns
[2020-09-11T17:24:47.961+0000][1][safepoint    ] Safepoint "Cleanup", Time since last: 3000275402 ns, Reaching safepoint: 95327 ns, At safepoint: 8092 ns, Total: 103419 ns
[2020-09-11T17:24:48.961+0000][1][safepoint    ] Safepoint "Cleanup", Time since last: 1000112896 ns, Reaching safepoint: 97177 ns, At safepoint: 10452 ns, Total: 107629 ns
[2020-09-11T17:24:49.350+0000][1][gc,start     ] GC(172) Pause Young (Allocation Failure)
[2020-09-11T17:24:49.350+0000][1][gc,task      ] GC(172) Using 1 workers of 1 for evacuation
[2020-09-11T17:24:49.380+0000][1][gc,age       ] GC(172) Desired survivor size 4358144 bytes, new threshold 6 (max threshold 6)
[2020-09-11T17:24:49.380+0000][1][gc,age       ] GC(172) Age table with threshold 6 (max threshold 6)
[2020-09-11T17:24:49.380+0000][1][gc,age       ] GC(172) - age   1:     483592 bytes,     483592 total
[2020-09-11T17:24:49.380+0000][1][gc,age       ] GC(172) - age   2:      17112 bytes,     500704 total
[2020-09-11T17:24:49.380+0000][1][gc,age       ] GC(172) - age   3:      11144 bytes,     511848 total
[2020-09-11T17:24:49.380+0000][1][gc,age       ] GC(172) - age   4:      83936 bytes,     595784 total
[2020-09-11T17:24:49.380+0000][1][gc,age       ] GC(172) - age   5:     226376 bytes,     822160 total
[2020-09-11T17:24:49.380+0000][1][gc,age       ] GC(172) - age   6:     151544 bytes,     973704 total
[2020-09-11T17:24:49.380+0000][1][gc,heap      ] GC(172) ParNew: 69175K->1420K(76672K)
[2020-09-11T17:24:49.380+0000][1][gc,heap      ] GC(172) CMS: 146448K->146457K(2011968K)
[2020-09-11T17:24:49.380+0000][1][gc,metaspace ] GC(172) Metaspace: 97337K->97337K(1138688K)
[2020-09-11T17:24:49.380+0000][1][gc           ] GC(172) Pause Young (Allocation Failure) 210M->144M(2039M) 29.931ms
[2020-09-11T17:24:49.380+0000][1][gc,cpu       ] GC(172) User=0.02s Sys=0.00s Real=0.03s
[2020-09-11T17:24:49.385+0000][1][safepoint    ] Safepoint "GenCollectForAllocation", Time since last: 388733351 ns, Reaching safepoint: 339761 ns, At safepoint: 34642199 ns, Total: 34981960 ns
[2020-09-11T17:24:49.972+0000][1][safepoint    ] Safepoint "RevokeBias", Time since last: 586650765 ns, Reaching safepoint: 168328 ns, At safepoint: 24636 ns, Total: 192964 ns
[2020-09-11T17:24:49.979+0000][1][safepoint    ] Safepoint "RevokeBias", Time since last: 7148463 ns, Reaching safepoint: 220546 ns, At safepoint: 251363 ns, Total: 471909 ns
[2020-09-11T17:24:53.980+0000][1][safepoint    ] Safepoint "Cleanup", Time since last: 4000325210 ns, Reaching safepoint: 95989 ns, At safepoint: 10277 ns, Total: 106266 ns
[2020-09-11T17:24:54.985+0000][1][safepoint    ] Safepoint "RevokeBias", Time since last: 1004391624 ns, Reaching safepoint: 256600 ns, At safepoint: 382569 ns, Total: 639169 ns
[2020-09-11T17:24:54.988+0000][1][safepoint    ] Safepoint "RevokeBias", Time since last: 3132499 ns, Reaching safepoint: 85365 ns, At safepoint: 24309 ns, Total: 109674 ns
[2020-09-11T17:24:55.988+0000][1][safepoint    ] Safepoint "Cleanup", Time since last: 1000108580 ns, Reaching safepoint: 93080 ns, At safepoint: 9925 ns, Total: 103005 ns
[2020-09-11T17:24:57.989+0000][1][safepoint    ] Safepoint "Cleanup", Time since last: 2000608786 ns, Reaching safepoint: 91188 ns, At safepoint: 7222 ns, Total: 98410 ns
[2020-09-11T17:25:00.006+0000][1][safepoint    ] Safepoint "RevokeBias", Time since last: 2016580947 ns, Reaching safepoint: 220235 ns, At safepoint: 254045 ns, Total: 474280 ns
[2020-09-11T17:25:00.010+0000][1][safepoint    ] Safepoint "RevokeBias", Time since last: 3868464 ns, Reaching safepoint: 100627 ns, At safepoint: 21796 ns, Total: 122423 ns
[2020-09-11T17:25:05.021+0000][1][safepoint    ] Safepoint "RevokeBias", Time since last: 5011128132 ns, Reaching safepoint: 87385 ns, At safepoint: 24704 ns, Total: 112089 ns
[2020-09-11T17:25:05.024+0000][1][safepoint    ] Safepoint "BulkRevokeBias", Time since last: 2742258 ns, Reaching safepoint: 169347 ns, At safepoint: 246151 ns, Total: 415498 ns
[2020-09-11T17:25:06.025+0000][1][safepoint    ] Safepoint "Cleanup", Time since last: 1000122134 ns, Reaching safepoint: 91287 ns, At safepoint: 10209 ns, Total: 101496 ns
[2020-09-11T17:25:07.025+0000][1][safepoint    ] Safepoint "Cleanup", Time since last: 1000110871 ns, Reaching safepoint: 97014 ns, At safepoint: 6276 ns, Total: 103290 ns
[2020-09-11T17:25:07.357+0000][1][gc,start     ] GC(173) Pause Young (Allocation Failure)
[2020-09-11T17:25:07.357+0000][1][gc,task      ] GC(173) Using 1 workers of 1 for evacuation
[2020-09-11T17:25:07.389+0000][1][gc,age       ] GC(173) Desired survivor size 4358144 bytes, new threshold 6 (max threshold 6)
[2020-09-11T17:25:07.389+0000][1][gc,age       ] GC(173) Age table with threshold 6 (max threshold 6)
[2020-09-11T17:25:07.389+0000][1][gc,age       ] GC(173) - age   1:     648232 bytes,     648232 total
[2020-09-11T17:25:07.389+0000][1][gc,age       ] GC(173) - age   2:     401784 bytes,    1050016 total
[2020-09-11T17:25:07.389+0000][1][gc,age       ] GC(173) - age   3:      12936 bytes,    1062952 total
[2020-09-11T17:25:07.389+0000][1][gc,age       ] GC(173) - age   4:      11008 bytes,    1073960 total
[2020-09-11T17:25:07.389+0000][1][gc,age       ] GC(173) - age   5:      83592 bytes,    1157552 total
[2020-09-11T17:25:07.389+0000][1][gc,age       ] GC(173) - age   6:     226376 bytes,    1383928 total
[2020-09-11T17:25:07.389+0000][1][gc,heap      ] GC(173) ParNew: 69580K->1663K(76672K)
[2020-09-11T17:25:07.389+0000][1][gc,heap      ] GC(173) CMS: 146457K->146605K(2011968K)
[2020-09-11T17:25:07.389+0000][1][gc,metaspace ] GC(173) Metaspace: 97342K->97342K(1138688K)
[2020-09-11T17:25:07.389+0000][1][gc           ] GC(173) Pause Young (Allocation Failure) 210M->144M(2039M) 31.995ms
[2020-09-11T17:25:07.389+0000][1][gc,cpu       ] GC(173) User=0.02s Sys=0.00s Real=0.03s
[2020-09-11T17:25:07.389+0000][1][safepoint    ] Safepoint "GenCollectForAllocation", Time since last: 331798518 ns, Reaching safepoint: 203911 ns, At safepoint: 32048193 ns, Total: 32252104 ns
[2020-09-11T17:25:10.038+0000][1][safepoint    ] Safepoint "RevokeBias", Time since last: 2648094564 ns, Reaching safepoint: 251302 ns, At safepoint: 343534 ns, Total: 594836 ns
[2020-09-11T17:25:10.048+0000][1][safepoint    ] Safepoint "RevokeBias", Time since last: 9983587 ns, Reaching safepoint: 92037 ns, At safepoint: 70987 ns, Total: 163024 ns
[2020-09-11T17:25:15.060+0000][1][safepoint    ] Safepoint "RevokeBias", Time since last: 5012186691 ns, Reaching safepoint: 234115 ns, At safepoint: 316632 ns, Total: 550747 ns
[2020-09-11T17:25:15.064+0000][1][safepoint    ] Safepoint "RevokeBias", Time since last: 3130140 ns, Reaching safepoint: 90123 ns, At safepoint: 25868 ns, Total: 115991 ns
[2020-09-11T17:25:16.064+0000][1][safepoint    ] Safepoint "Cleanup", Time since last: 1000116121 ns, Reaching safepoint: 91348 ns, At safepoint: 7913 ns, Total: 99261 ns
[2020-09-11T17:25:20.076+0000][1][safepoint    ] Safepoint "RevokeBias", Time since last: 4011144873 ns, Reaching safepoint: 234475 ns, At safepoint: 421790 ns, Total: 656265 ns
[2020-09-11T17:25:20.079+0000][1][safepoint    ] Safepoint "RevokeBias", Time since last: 2668981 ns, Reaching safepoint: 88539 ns, At safepoint: 58910 ns, Total: 147449 ns
[2020-09-11T17:25:24.079+0000][1][safepoint    ] Safepoint "Cleanup", Time since last: 4000333826 ns, Reaching safepoint: 92178 ns, At safepoint: 10504 ns, Total: 102682 ns
[2020-09-11T17:25:25.090+0000][1][safepoint    ] Safepoint "RevokeBias", Time since last: 1011315545 ns, Reaching safepoint: 92383 ns, At safepoint: 25049 ns, Total: 117432 ns
[2020-09-11T17:25:25.093+0000][1][safepoint    ] Safepoint "RevokeBias", Time since last: 2443648 ns, Reaching safepoint: 128788 ns, At safepoint: 26393 ns, Total: 155181 ns
[2020-09-11T17:25:26.093+0000][1][safepoint    ] Safepoint "Cleanup", Time since last: 1000110395 ns, Reaching safepoint: 89643 ns, At safepoint: 10134 ns, Total: 99777 ns
[2020-09-11T17:25:28.094+0000][1][safepoint    ] Safepoint "Cleanup", Time since last: 2000185079 ns, Reaching safepoint: 91439 ns, At safepoint: 9586 ns, Total: 101025 ns
[2020-09-11T17:25:30.120+0000][1][safepoint    ] Safepoint "RevokeBias", Time since last: 2026337426 ns, Reaching safepoint: 169578 ns, At safepoint: 27064 ns, Total: 196642 ns
[2020-09-11T17:25:30.124+0000][1][safepoint    ] Safepoint "RevokeBias", Time since last: 3635318 ns, Reaching safepoint: 236131 ns, At safepoint: 325217 ns, Total: 561348 ns
[2020-09-11T17:25:31.124+0000][1][safepoint    ] Safepoint "Cleanup", Time since last: 1000113996 ns, Reaching safepoint: 84830 ns, At safepoint: 8683 ns, Total: 93513 ns
[2020-09-11T17:25:32.125+0000][1][safepoint    ] Safepoint "Cleanup", Time since last: 1000117223 ns, Reaching safepoint: 84963 ns, At safepoint: 9820 ns, Total: 94783 ns
[2020-09-11T17:25:33.125+0000][1][safepoint    ] Safepoint "Cleanup", Time since last: 1000116744 ns, Reaching safepoint: 85674 ns, At safepoint: 9845 ns, Total: 95519 ns
[2020-09-11T17:25:34.125+0000][1][safepoint    ] Safepoint "Cleanup", Time since last: 1000110514 ns, Reaching safepoint: 87474 ns, At safepoint: 9125 ns, Total: 96599 ns
[2020-09-11T17:25:34.733+0000][1][gc,start     ] GC(174) Pause Young (Allocation Failure)
[2020-09-11T17:25:34.734+0000][1][gc,task      ] GC(174) Using 1 workers of 1 for evacuation
[2020-09-11T17:25:34.774+0000][1][gc,age       ] GC(174) Desired survivor size 4358144 bytes, new threshold 6 (max threshold 6)
[2020-09-11T17:25:34.774+0000][1][gc,age       ] GC(174) Age table with threshold 6 (max threshold 6)
[2020-09-11T17:25:34.774+0000][1][gc,age       ] GC(174) - age   1:     342456 bytes,     342456 total
[2020-09-11T17:25:34.774+0000][1][gc,age       ] GC(174) - age   2:     571760 bytes,     914216 total
[2020-09-11T17:25:34.774+0000][1][gc,age       ] GC(174) - age   3:     398456 bytes,    1312672 total
[2020-09-11T17:25:34.774+0000][1][gc,age       ] GC(174) - age   4:      12664 bytes,    1325336 total
[2020-09-11T17:25:34.774+0000][1][gc,age       ] GC(174) - age   5:      10976 bytes,    1336312 total
[2020-09-11T17:25:34.774+0000][1][gc,age       ] GC(174) - age   6:      83560 bytes,    1419872 total
[2020-09-11T17:25:34.774+0000][1][gc,heap      ] GC(174) ParNew: 69823K->2442K(76672K)
[2020-09-11T17:25:34.774+0000][1][gc,heap      ] GC(174) CMS: 146605K->146827K(2011968K)
[2020-09-11T17:25:34.774+0000][1][gc,metaspace ] GC(174) Metaspace: 97344K->97344K(1138688K)
[2020-09-11T17:25:34.774+0000][1][gc           ] GC(174) Pause Young (Allocation Failure) 211M->145M(2039M) 40.671ms
[2020-09-11T17:25:34.774+0000][1][gc,cpu       ] GC(174) User=0.01s Sys=0.00s Real=0.04s
[2020-09-11T17:25:34.777+0000][1][safepoint    ] Safepoint "GenCollectForAllocation", Time since last: 608275015 ns, Reaching safepoint: 88122 ns, At safepoint: 43350543 ns, Total: 43438665 ns
[2020-09-11T17:25:35.133+0000][1][safepoint    ] Safepoint "RevokeBias", Time since last: 355692067 ns, Reaching safepoint: 91588 ns, At safepoint: 22336 ns, Total: 113924 ns
[2020-09-11T17:25:35.135+0000][1][safepoint    ] Safepoint "RevokeBias", Time since last: 2353155 ns, Reaching safepoint: 98491 ns, At safepoint: 25015 ns, Total: 123506 ns
[2020-09-11T17:25:36.135+0000][1][safepoint    ] Safepoint "Cleanup", Time since last: 1000116575 ns, Reaching safepoint: 88478 ns, At safepoint: 9786 ns, Total: 98264 ns
[2020-09-11T17:25:37.135+0000][1][safepoint    ] Safepoint "Cleanup", Time since last: 1000115626 ns, Reaching safepoint: 78437 ns, At safepoint: 6021 ns, Total: 84458 ns
[2020-09-11T17:25:38.136+0000][1][safepoint    ] Safepoint "Cleanup", Time since last: 1000110966 ns, Reaching safepoint: 84817 ns, At safepoint: 7945 ns, Total: 92762 ns
[2020-09-11T17:25:39.136+0000][1][safepoint    ] Safepoint "Cleanup", Time since last: 1000109926 ns, Reaching safepoint: 79801 ns, At safepoint: 7514 ns, Total: 87315 ns
[2020-09-11T17:25:40.136+0000][1][safepoint    ] Safepoint "Cleanup", Time since last: 1000110138 ns, Reaching safepoint: 89323 ns, At safepoint: 9496 ns, Total: 98819 ns
[2020-09-11T17:25:40.148+0000][1][safepoint    ] Safepoint "RevokeBias", Time since last: 11571703 ns, Reaching safepoint: 169901 ns, At safepoint: 27143 ns, Total: 197044 ns
[2020-09-11T17:25:40.156+0000][1][safepoint    ] Safepoint "RevokeBias", Time since last: 7134881 ns, Reaching safepoint: 235559 ns, At safepoint: 310493 ns, Total: 546052 ns
[2020-09-11T17:25:41.156+0000][1][safepoint    ] Safepoint "Cleanup", Time since last: 1000123089 ns, Reaching safepoint: 82734 ns, At safepoint: 8135 ns, Total: 90869 ns
[2020-09-11T17:25:42.156+0000][1][safepoint    ] Safepoint "Cleanup", Time since last: 1000109774 ns, Reaching safepoint: 85119 ns, At safepoint: 9656 ns, Total: 94775 ns
[2020-09-11T17:25:43.156+0000][1][safepoint    ] Safepoint "Cleanup", Time since last: 1000110988 ns, Reaching safepoint: 122482 ns, At safepoint: 14825 ns, Total: 137307 ns
[2020-09-11T17:25:44.156+0000][1][safepoint    ] Safepoint "Cleanup", Time since last: 1000128830 ns, Reaching safepoint: 86330 ns, At safepoint: 8798 ns, Total: 95128 ns
[2020-09-11T17:25:45.156+0000][1][safepoint    ] Safepoint "RevokeBias", Time since last: 999282070 ns, Reaching safepoint: 169321 ns, At safepoint: 47256 ns, Total: 216577 ns
[2020-09-11T17:25:45.164+0000][1][safepoint    ] Safepoint "RevokeBias", Time since last: 7531018 ns, Reaching safepoint: 306572 ns, At safepoint: 318880 ns, Total: 625452 ns
[2020-09-11T17:25:46.164+0000][1][safepoint    ] Safepoint "Cleanup", Time since last: 1000119533 ns, Reaching safepoint: 86438 ns, At safepoint: 9029 ns, Total: 95467 ns
[2020-09-11T17:25:47.165+0000][1][safepoint    ] Safepoint "Cleanup", Time since last: 1000111699 ns, Reaching safepoint: 85984 ns, At safepoint: 9703 ns, Total: 95687 ns
[2020-09-11T17:25:48.165+0000][1][safepoint    ] Safepoint "Cleanup", Time since last: 1000158174 ns, Reaching safepoint: 101323 ns, At safepoint: 6835 ns, Total: 108158 ns
[2020-09-11T17:25:49.165+0000][1][safepoint    ] Safepoint "Cleanup", Time since last: 1000112269 ns, Reaching safepoint: 105119 ns, At safepoint: 9706 ns, Total: 114825 ns
[2020-09-11T17:25:50.164+0000][1][safepoint    ] Safepoint "RevokeBias", Time since last: 998538475 ns, Reaching safepoint: 88201 ns, At safepoint: 22132 ns, Total: 110333 ns
[2020-09-11T17:25:50.175+0000][1][safepoint    ] Safepoint "RevokeBias", Time since last: 10939271 ns, Reaching safepoint: 218284 ns, At safepoint: 281340 ns, Total: 499624 ns
[2020-09-11T17:25:51.175+0000][1][safepoint    ] Safepoint "Cleanup", Time since last: 1000115091 ns, Reaching safepoint: 84825 ns, At safepoint: 8597 ns, Total: 93422 ns
[2020-09-11T17:25:52.176+0000][1][safepoint    ] Safepoint "Cleanup", Time since last: 1000106977 ns, Reaching safepoint: 84613 ns, At safepoint: 9059 ns, Total: 93672 ns
[2020-09-11T17:25:53.176+0000][1][safepoint    ] Safepoint "Cleanup", Time since last: 1000143222 ns, Reaching safepoint: 85942 ns, At safepoint: 9471 ns, Total: 95413 ns
[2020-09-11T17:25:53.313+0000][1][gc,start     ] GC(175) Pause Young (Allocation Failure)
[2020-09-11T17:25:53.313+0000][1][gc,task      ] GC(175) Using 1 workers of 1 for evacuation
[2020-09-11T17:25:53.340+0000][1][gc,age       ] GC(175) Desired survivor size 4358144 bytes, new threshold 6 (max threshold 6)
[2020-09-11T17:25:53.340+0000][1][gc,age       ] GC(175) Age table with threshold 6 (max threshold 6)
[2020-09-11T17:25:53.340+0000][1][gc,age       ] GC(175) - age   1:     496776 bytes,     496776 total
[2020-09-11T17:25:53.340+0000][1][gc,age       ] GC(175) - age   2:     136680 bytes,     633456 total
[2020-09-11T17:25:53.340+0000][1][gc,age       ] GC(175) - age   3:     567272 bytes,    1200728 total
[2020-09-11T17:25:53.340+0000][1][gc,age       ] GC(175) - age   4:     398424 bytes,    1599152 total
[2020-09-11T17:25:53.340+0000][1][gc,age       ] GC(175) - age   5:      12664 bytes,    1611816 total
[2020-09-11T17:25:53.340+0000][1][gc,age       ] GC(175) - age   6:      10976 bytes,    1622792 total
[2020-09-11T17:25:53.340+0000][1][gc,heap      ] GC(175) ParNew: 70602K->1650K(76672K)
[2020-09-11T17:25:53.340+0000][1][gc,heap      ] GC(175) CMS: 146827K->146908K(2011968K)
[2020-09-11T17:25:53.340+0000][1][gc,metaspace ] GC(175) Metaspace: 97466K->97466K(1138688K)
[2020-09-11T17:25:53.340+0000][1][gc           ] GC(175) Pause Young (Allocation Failure) 212M->145M(2039M) 26.970ms
[2020-09-11T17:25:53.340+0000][1][gc,cpu       ] GC(175) User=0.01s Sys=0.00s Real=0.02s
[2020-09-11T17:25:53.340+0000][1][safepoint    ] Safepoint "GenCollectForAllocation", Time since last: 134790963 ns, Reaching safepoint: 2307708 ns, At safepoint: 27194498 ns, Total: 29502206 ns
[2020-09-11T17:25:54.356+0000][1][safepoint    ] Safepoint "Cleanup", Time since last: 1016298052 ns, Reaching safepoint: 86538 ns, At safepoint: 23963 ns, Total: 110501 ns
[2020-09-11T17:25:55.171+0000][1][safepoint    ] Safepoint "RevokeBias", Time since last: 814117425 ns, Reaching safepoint: 203825 ns, At safepoint: 378421 ns, Total: 582246 ns
[2020-09-11T17:25:55.183+0000][1][safepoint    ] Safepoint "RevokeBias", Time since last: 11970419 ns, Reaching safepoint: 179613 ns, At safepoint: 36621 ns, Total: 216234 ns
[2020-09-11T17:25:56.184+0000][1][safepoint    ] Safepoint "Cleanup", Time since last: 1000107495 ns, Reaching safepoint: 85755 ns, At safepoint: 21306 ns, Total: 107061 ns
[2020-09-11T17:25:57.184+0000][1][safepoint    ] Safepoint "Cleanup", Time since last: 1000110125 ns, Reaching safepoint: 90043 ns, At safepoint: 7986 ns, Total: 98029 ns
[2020-09-11T17:25:58.206+0000][1][safepoint    ] Safepoint "Cleanup", Time since last: 1021667872 ns, Reaching safepoint: 92956 ns, At safepoint: 10294 ns, Total: 103250 ns
[2020-09-11T17:26:00.193+0000][1][safepoint    ] Safepoint "RevokeBias", Time since last: 1987502043 ns, Reaching safepoint: 97987 ns, At safepoint: 25192 ns, Total: 123179 ns
[2020-09-11T17:26:00.199+0000][1][safepoint    ] Safepoint "RevokeBias", Time since last: 5091858 ns, Reaching safepoint: 221494 ns, At safepoint: 294261 ns, Total: 515755 ns
[2020-09-11T17:26:04.199+0000][1][safepoint    ] Safepoint "Cleanup", Time since last: 4000326080 ns, Reaching safepoint: 91704 ns, At safepoint: 9817 ns, Total: 101521 ns
[2020-09-11T17:26:05.207+0000][1][safepoint    ] Safepoint "RevokeBias", Time since last: 1007816164 ns, Reaching safepoint: 89237 ns, At safepoint: 26856 ns, Total: 116093 ns
[2020-09-11T17:26:05.232+0000][1][safepoint    ] Safepoint "RevokeBias", Time since last: 24953147 ns, Reaching safepoint: 173135 ns, At safepoint: 27452 ns, Total: 200587 ns
[2020-09-11T17:26:10.235+0000][1][safepoint    ] Safepoint "RevokeBias", Time since last: 5002466521 ns, Reaching safepoint: 237614 ns, At safepoint: 313839 ns, Total: 551453 ns
[2020-09-11T17:26:10.248+0000][1][safepoint    ] Safepoint "RevokeBias", Time since last: 12916547 ns, Reaching safepoint: 92007 ns, At safepoint: 25340 ns, Total: 117347 ns
[2020-09-11T17:26:15.243+0000][1][safepoint    ] Safepoint "RevokeBias", Time since last: 4994207098 ns, Reaching safepoint: 99728 ns, At safepoint: 26762 ns, Total: 126490 ns
[2020-09-11T17:26:15.259+0000][1][safepoint    ] Safepoint "BulkRevokeBias", Time since last: 16055578 ns, Reaching safepoint: 93241 ns, At safepoint: 253079 ns, Total: 346320 ns
[2020-09-11T17:26:15.356+0000][1][gc,start     ] GC(176) Pause Young (Allocation Failure)
[2020-09-11T17:26:15.356+0000][1][gc,task      ] GC(176) Using 1 workers of 1 for evacuation
[2020-09-11T17:26:15.388+0000][1][gc,age       ] GC(176) Desired survivor size 4358144 bytes, new threshold 6 (max threshold 6)
[2020-09-11T17:26:15.388+0000][1][gc,age       ] GC(176) Age table with threshold 6 (max threshold 6)
[2020-09-11T17:26:15.388+0000][1][gc,age       ] GC(176) - age   1:     412584 bytes,     412584 total
[2020-09-11T17:26:15.388+0000][1][gc,age       ] GC(176) - age   2:     229760 bytes,     642344 total
[2020-09-11T17:26:15.388+0000][1][gc,age       ] GC(176) - age   3:     132376 bytes,     774720 total
[2020-09-11T17:26:15.388+0000][1][gc,age       ] GC(176) - age   4:     567144 bytes,    1341864 total
[2020-09-11T17:26:15.388+0000][1][gc,age       ] GC(176) - age   5:     398424 bytes,    1740288 total
[2020-09-11T17:26:15.388+0000][1][gc,age       ] GC(176) - age   6:      12352 bytes,    1752640 total
[2020-09-11T17:26:15.388+0000][1][gc,heap      ] GC(176) ParNew: 69810K->2789K(76672K)
[2020-09-11T17:26:15.388+0000][1][gc,heap      ] GC(176) CMS: 146908K->146919K(2011968K)
[2020-09-11T17:26:15.388+0000][1][gc,metaspace ] GC(176) Metaspace: 97474K->97474K(1138688K)
[2020-09-11T17:26:15.388+0000][1][gc           ] GC(176) Pause Young (Allocation Failure) 211M->146M(2039M) 32.152ms
[2020-09-11T17:26:15.388+0000][1][gc,cpu       ] GC(176) User=0.01s Sys=0.00s Real=0.03s
[2020-09-11T17:26:15.394+0000][1][safepoint    ] Safepoint "GenCollectForAllocation", Time since last: 96920087 ns, Reaching safepoint: 82102 ns, At safepoint: 37644238 ns, Total: 37726340 ns
[2020-09-11T17:26:17.401+0000][1][safepoint    ] Safepoint "Cleanup", Time since last: 2007311126 ns, Reaching safepoint: 86653 ns, At safepoint: 8866 ns, Total: 95519 ns
[2020-09-11T17:26:20.256+0000][1][safepoint    ] Safepoint "RevokeBias", Time since last: 2854668149 ns, Reaching safepoint: 98219 ns, At safepoint: 26525 ns, Total: 124744 ns
[2020-09-11T17:26:20.276+0000][1][safepoint    ] Safepoint "RevokeBias", Time since last: 19478123 ns, Reaching safepoint: 171740 ns, At safepoint: 28972 ns, Total: 200712 ns
[2020-09-11T17:26:24.277+0000][1][safepoint    ] Safepoint "Cleanup", Time since last: 4001252041 ns, Reaching safepoint: 91802 ns, At safepoint: 9026 ns, Total: 100828 ns
[2020-09-11T17:26:25.275+0000][1][safepoint    ] Safepoint "RevokeBias", Time since last: 998167620 ns, Reaching safepoint: 168839 ns, At safepoint: 27293 ns, Total: 196132 ns
[2020-09-11T17:26:25.285+0000][1][safepoint    ] Safepoint "RevokeBias", Time since last: 8740248 ns, Reaching safepoint: 232093 ns, At safepoint: 318685 ns, Total: 550778 ns
[2020-09-11T17:26:27.285+0000][1][safepoint    ] Safepoint "Cleanup", Time since last: 2000181073 ns, Reaching safepoint: 92676 ns, At safepoint: 10448 ns, Total: 103124 ns
[2020-09-11T17:26:30.294+0000][1][safepoint    ] Safepoint "RevokeBias", Time since last: 3009140885 ns, Reaching safepoint: 172644 ns, At safepoint: 29311 ns, Total: 201955 ns
[2020-09-11T17:26:30.297+0000][1][safepoint    ] Safepoint "RevokeBias", Time since last: 2300294 ns, Reaching safepoint: 83062 ns, At safepoint: 24233 ns, Total: 107295 ns
[2020-09-11T17:26:35.297+0000][1][safepoint    ] Safepoint "Cleanup", Time since last: 5000421068 ns, Reaching safepoint: 88898 ns, At safepoint: 8956 ns, Total: 97854 ns
[2020-09-11T17:26:35.309+0000][1][safepoint    ] Safepoint "RevokeBias", Time since last: 11739076 ns, Reaching safepoint: 167657 ns, At safepoint: 25874 ns, Total: 193531 ns
[2020-09-11T17:26:35.311+0000][1][safepoint    ] Safepoint "RevokeBias", Time since last: 1835975 ns, Reaching safepoint: 218763 ns, At safepoint: 302023 ns, Total: 520786 ns
[2020-09-11T17:26:36.312+0000][1][safepoint    ] Safepoint "Cleanup", Time since last: 1000110360 ns, Reaching safepoint: 86112 ns, At safepoint: 10088 ns, Total: 96200 ns
[2020-09-11T17:26:37.005+0000][1][gc,start     ] GC(177) Pause Young (Allocation Failure)
[2020-09-11T17:26:37.005+0000][1][gc,task      ] GC(177) Using 1 workers of 1 for evacuation
[2020-09-11T17:26:37.035+0000][1][gc,age       ] GC(177) Desired survivor size 4358144 bytes, new threshold 6 (max threshold 6)
[2020-09-11T17:26:37.035+0000][1][gc,age       ] GC(177) Age table with threshold 6 (max threshold 6)
[2020-09-11T17:26:37.035+0000][1][gc,age       ] GC(177) - age   1:     142856 bytes,     142856 total
[2020-09-11T17:26:37.035+0000][1][gc,age       ] GC(177) - age   2:     189192 bytes,     332048 total
[2020-09-11T17:26:37.035+0000][1][gc,age       ] GC(177) - age   3:     227840 bytes,     559888 total
[2020-09-11T17:26:37.035+0000][1][gc,age       ] GC(177) - age   4:     132272 bytes,     692160 total
[2020-09-11T17:26:37.035+0000][1][gc,age       ] GC(177) - age   5:     567104 bytes,    1259264 total
[2020-09-11T17:26:37.035+0000][1][gc,age       ] GC(177) - age   6:     397840 bytes,    1657104 total
[2020-09-11T17:26:37.035+0000][1][gc,heap      ] GC(177) ParNew: 70949K->1632K(76672K)
[2020-09-11T17:26:37.035+0000][1][gc,heap      ] GC(177) CMS: 146919K->146931K(2011968K)
[2020-09-11T17:26:37.035+0000][1][gc,metaspace ] GC(177) Metaspace: 97484K->97484K(1138688K)
[2020-09-11T17:26:37.035+0000][1][gc           ] GC(177) Pause Young (Allocation Failure) 212M->145M(2039M) 30.249ms
[2020-09-11T17:26:37.035+0000][1][gc,cpu       ] GC(177) User=0.02s Sys=0.00s Real=0.03s
[2020-09-11T17:26:37.037+0000][1][safepoint    ] Safepoint "GenCollectForAllocation", Time since last: 688707229 ns, Reaching safepoint: 4507113 ns, At safepoint: 32076149 ns, Total: 36583262 ns
[2020-09-11T17:26:38.047+0000][1][safepoint    ] Safepoint "Cleanup", Time since last: 1009708160 ns, Reaching safepoint: 86860 ns, At safepoint: 9235 ns, Total: 96095 ns
[2020-09-11T17:26:39.047+0000][1][safepoint    ] Safepoint "Cleanup", Time since last: 1000127656 ns, Reaching safepoint: 88077 ns, At safepoint: 9305 ns, Total: 97382 ns
[2020-09-11T17:26:40.047+0000][1][safepoint    ] Safepoint "Cleanup", Time since last: 1000114478 ns, Reaching safepoint: 88104 ns, At safepoint: 9792 ns, Total: 97896 ns
[2020-09-11T17:26:40.324+0000][1][safepoint    ] Safepoint "RevokeBias", Time since last: 276937601 ns, Reaching safepoint: 169684 ns, At safepoint: 41771 ns, Total: 211455 ns
[2020-09-11T17:26:40.327+0000][1][safepoint    ] Safepoint "RevokeBias", Time since last: 3044631 ns, Reaching safepoint: 93269 ns, At safepoint: 24892 ns, Total: 118161 ns
[2020-09-11T17:26:41.328+0000][1][safepoint    ] Safepoint "Cleanup", Time since last: 1000110838 ns, Reaching safepoint: 84565 ns, At safepoint: 9545 ns, Total: 94110 ns
[2020-09-11T17:26:42.328+0000][1][safepoint    ] Safepoint "Cleanup", Time since last: 1000105491 ns, Reaching safepoint: 81373 ns, At safepoint: 6825 ns, Total: 88198 ns
[2020-09-11T17:26:43.328+0000][1][safepoint    ] Safepoint "Cleanup", Time since last: 1000112524 ns, Reaching safepoint: 86625 ns, At safepoint: 9210 ns, Total: 95835 ns
[2020-09-11T17:26:44.328+0000][1][safepoint    ] Safepoint "Cleanup", Time since last: 1000113078 ns, Reaching safepoint: 87729 ns, At safepoint: 9018 ns, Total: 96747 ns
[2020-09-11T17:26:45.329+0000][1][safepoint    ] Safepoint "Cleanup", Time since last: 1000467679 ns, Reaching safepoint: 78971 ns, At safepoint: 7495 ns, Total: 86466 ns
[2020-09-11T17:26:45.351+0000][1][safepoint    ] Safepoint "RevokeBias", Time since last: 21924659 ns, Reaching safepoint: 310481 ns, At safepoint: 24482 ns, Total: 334963 ns
[2020-09-11T17:26:45.356+0000][1][safepoint    ] Safepoint "RevokeBias", Time since last: 1187647 ns, Reaching safepoint: 2185511 ns, At safepoint: 1154211 ns, Total: 3339722 ns
[2020-09-11T17:26:46.356+0000][1][safepoint    ] Safepoint "Cleanup", Time since last: 1000118332 ns, Reaching safepoint: 85827 ns, At safepoint: 9278 ns, Total: 95105 ns
[2020-09-11T17:26:47.361+0000][1][safepoint    ] Safepoint "Cleanup", Time since last: 1004924579 ns, Reaching safepoint: 82749 ns, At safepoint: 8516 ns, Total: 91265 ns
[2020-09-11T17:26:48.361+0000][1][safepoint    ] Safepoint "Cleanup", Time since last: 1000124430 ns, Reaching safepoint: 89082 ns, At safepoint: 9398 ns, Total: 98480 ns
[2020-09-11T17:26:49.361+0000][1][safepoint    ] Safepoint "Cleanup", Time since last: 1000104121 ns, Reaching safepoint: 204004 ns, At safepoint: 10552 ns, Total: 214556 ns
[2020-09-11T17:26:50.362+0000][1][safepoint    ] Safepoint "Cleanup", Time since last: 1000113558 ns, Reaching safepoint: 83247 ns, At safepoint: 7435 ns, Total: 90682 ns
[2020-09-11T17:26:50.372+0000][1][safepoint    ] Safepoint "RevokeBias", Time since last: 9901837 ns, Reaching safepoint: 91022 ns, At safepoint: 23996 ns, Total: 115018 ns
[2020-09-11T17:26:50.374+0000][1][safepoint    ] Safepoint "RevokeBias", Time since last: 2291315 ns, Reaching safepoint: 86380 ns, At safepoint: 22325 ns, Total: 108705 ns
[2020-09-11T17:26:51.374+0000][1][safepoint    ] Safepoint "Cleanup", Time since last: 1000111800 ns, Reaching safepoint: 85679 ns, At safepoint: 9690 ns, Total: 95369 ns
[2020-09-11T17:26:52.374+0000][1][safepoint    ] Safepoint "Cleanup", Time since last: 1000103792 ns, Reaching safepoint: 83988 ns, At safepoint: 6975 ns, Total: 90963 ns
[2020-09-11T17:26:53.375+0000][1][safepoint    ] Safepoint "Cleanup", Time since last: 1000107973 ns, Reaching safepoint: 85962 ns, At safepoint: 7799 ns, Total: 93761 ns
[2020-09-11T17:26:54.375+0000][1][safepoint    ] Safepoint "Cleanup", Time since last: 1000145213 ns, Reaching safepoint: 85310 ns, At safepoint: 9569 ns, Total: 94879 ns
[2020-09-11T17:26:55.375+0000][1][safepoint    ] Safepoint "Cleanup", Time since last: 1000115302 ns, Reaching safepoint: 90832 ns, At safepoint: 6883 ns, Total: 97715 ns
[2020-09-11T17:26:55.383+0000][1][safepoint    ] Safepoint "RevokeBias", Time since last: 7501294 ns, Reaching safepoint: 238253 ns, At safepoint: 252124 ns, Total: 490377 ns
[2020-09-11T17:26:55.391+0000][1][safepoint    ] Safepoint "RevokeBias", Time since last: 7667997 ns, Reaching safepoint: 85425 ns, At safepoint: 21188 ns, Total: 106613 ns
[2020-09-11T17:26:56.391+0000][1][safepoint    ] Safepoint "Cleanup", Time since last: 1000109941 ns, Reaching safepoint: 84839 ns, At safepoint: 8915 ns, Total: 93754 ns
[2020-09-11T17:26:57.391+0000][1][safepoint    ] Safepoint "Cleanup", Time since last: 1000113761 ns, Reaching safepoint: 84608 ns, At safepoint: 7595 ns, Total: 92203 ns
[2020-09-11T17:26:57.505+0000][1][gc,start     ] GC(178) Pause Young (Allocation Failure)
[2020-09-11T17:26:57.505+0000][1][gc,task      ] GC(178) Using 1 workers of 1 for evacuation
[2020-09-11T17:26:57.545+0000][1][gc,age       ] GC(178) Desired survivor size 4358144 bytes, new threshold 6 (max threshold 6)
[2020-09-11T17:26:57.545+0000][1][gc,age       ] GC(178) Age table with threshold 6 (max threshold 6)
[2020-09-11T17:26:57.545+0000][1][gc,age       ] GC(178) - age   1:     176744 bytes,     176744 total
[2020-09-11T17:26:57.545+0000][1][gc,age       ] GC(178) - age   2:      45312 bytes,     222056 total
[2020-09-11T17:26:57.545+0000][1][gc,age       ] GC(178) - age   3:     186968 bytes,     409024 total
[2020-09-11T17:26:57.545+0000][1][gc,age       ] GC(178) - age   4:     227464 bytes,     636488 total
[2020-09-11T17:26:57.545+0000][1][gc,age       ] GC(178) - age   5:     132272 bytes,     768760 total
[2020-09-11T17:26:57.545+0000][1][gc,age       ] GC(178) - age   6:     567104 bytes,    1335864 total
[2020-09-11T17:26:57.545+0000][1][gc,heap      ] GC(178) ParNew: 69792K->1621K(76672K)
[2020-09-11T17:26:57.545+0000][1][gc,heap      ] GC(178) CMS: 146931K->147320K(2011968K)
[2020-09-11T17:26:57.545+0000][1][gc,metaspace ] GC(178) Metaspace: 97487K->97487K(1138688K)
[2020-09-11T17:26:57.553+0000][1][gc           ] GC(178) Pause Young (Allocation Failure) 211M->145M(2039M) 47.979ms
[2020-09-11T17:26:57.553+0000][1][gc,cpu       ] GC(178) User=0.02s Sys=0.00s Real=0.05s
[2020-09-11T17:26:57.555+0000][1][safepoint    ] Safepoint "GenCollectForAllocation", Time since last: 111331758 ns, Reaching safepoint: 2224848 ns, At safepoint: 49958795 ns, Total: 52183643 ns
[2020-09-11T17:26:58.566+0000][1][safepoint    ] Safepoint "Cleanup", Time since last: 1011498588 ns, Reaching safepoint: 94845 ns, At safepoint: 7381 ns, Total: 102226 ns
[2020-09-11T17:26:59.567+0000][1][safepoint    ] Safepoint "Cleanup", Time since last: 1000107479 ns, Reaching safepoint: 83140 ns, At safepoint: 8469 ns, Total: 91609 ns
[2020-09-11T17:27:00.416+0000][1][safepoint    ] Safepoint "RevokeBias", Time since last: 848527071 ns, Reaching safepoint: 231619 ns, At safepoint: 304474 ns, Total: 536093 ns
[2020-09-11T17:27:00.419+0000][1][safepoint    ] Safepoint "RevokeBias", Time since last: 2989476 ns, Reaching safepoint: 89823 ns, At safepoint: 24552 ns, Total: 114375 ns
[2020-09-11T17:27:01.419+0000][1][safepoint    ] Safepoint "Cleanup", Time since last: 1000111060 ns, Reaching safepoint: 101060 ns, At safepoint: 10296 ns, Total: 111356 ns
[2020-09-11T17:27:02.419+0000][1][safepoint    ] Safepoint "Cleanup", Time since last: 1000113164 ns, Reaching safepoint: 84886 ns, At safepoint: 9692 ns, Total: 94578 ns
[2020-09-11T17:27:03.419+0000][1][safepoint    ] Safepoint "Cleanup", Time since last: 1000110343 ns, Reaching safepoint: 86227 ns, At safepoint: 8982 ns, Total: 95209 ns
[2020-09-11T17:27:04.420+0000][1][safepoint    ] Safepoint "Cleanup", Time since last: 1000111921 ns, Reaching safepoint: 88185 ns, At safepoint: 9003 ns, Total: 97188 ns
[2020-09-11T17:27:05.420+0000][1][safepoint    ] Safepoint "Cleanup", Time since last: 1000116686 ns, Reaching safepoint: 84837 ns, At safepoint: 8187 ns, Total: 93024 ns
[2020-09-11T17:27:05.432+0000][1][safepoint    ] Safepoint "RevokeBias", Time since last: 11525879 ns, Reaching safepoint: 231288 ns, At safepoint: 306233 ns, Total: 537521 ns
[2020-09-11T17:27:05.435+0000][1][safepoint    ] Safepoint "RevokeBias", Time since last: 2972320 ns, Reaching safepoint: 217681 ns, At safepoint: 291985 ns, Total: 509666 ns
[2020-09-11T17:27:06.436+0000][1][safepoint    ] Safepoint "Cleanup", Time since last: 1000123560 ns, Reaching safepoint: 87940 ns, At safepoint: 7476 ns, Total: 95416 ns
[2020-09-11T17:27:07.436+0000][1][safepoint    ] Safepoint "Cleanup", Time since last: 1000112440 ns, Reaching safepoint: 93555 ns, At safepoint: 9873 ns, Total: 103428 ns
[2020-09-11T17:27:08.436+0000][1][safepoint    ] Safepoint "Cleanup", Time since last: 1000115834 ns, Reaching safepoint: 85856 ns, At safepoint: 9661 ns, Total: 95517 ns
[2020-09-11T17:27:09.436+0000][1][safepoint    ] Safepoint "Cleanup", Time since last: 1000111277 ns, Reaching safepoint: 84447 ns, At safepoint: 9272 ns, Total: 93719 ns
[2020-09-11T17:27:10.436+0000][1][safepoint    ] Safepoint "Cleanup", Time since last: 1000117042 ns, Reaching safepoint: 92660 ns, At safepoint: 18846 ns, Total: 111506 ns
[2020-09-11T17:27:10.451+0000][1][safepoint    ] Safepoint "RevokeBias", Time since last: 14546553 ns, Reaching safepoint: 88961 ns, At safepoint: 25835 ns, Total: 114796 ns
[2020-09-11T17:27:10.458+0000][1][safepoint    ] Safepoint "RevokeBias", Time since last: 7121418 ns, Reaching safepoint: 97185 ns, At safepoint: 28599 ns, Total: 125784 ns
[2020-09-11T17:27:11.459+0000][1][safepoint    ] Safepoint "Cleanup", Time since last: 1000112572 ns, Reaching safepoint: 109286 ns, At safepoint: 11164 ns, Total: 120450 ns
[2020-09-11T17:27:12.459+0000][1][safepoint    ] Safepoint "Cleanup", Time since last: 1000126801 ns, Reaching safepoint: 86037 ns, At safepoint: 9294 ns, Total: 95331 ns
[2020-09-11T17:27:13.459+0000][1][safepoint    ] Safepoint "Cleanup", Time since last: 1000111791 ns, Reaching safepoint: 92257 ns, At safepoint: 10087 ns, Total: 102344 ns
[2020-09-11T17:27:14.459+0000][1][safepoint    ] Safepoint "Cleanup", Time since last: 1000111734 ns, Reaching safepoint: 83419 ns, At safepoint: 7721 ns, Total: 91140 ns
[2020-09-11T17:27:15.459+0000][1][safepoint    ] Safepoint "Cleanup", Time since last: 1000114741 ns, Reaching safepoint: 93952 ns, At safepoint: 9908 ns, Total: 103860 ns
[2020-09-11T17:27:15.476+0000][1][safepoint    ] Safepoint "RevokeBias", Time since last: 16505000 ns, Reaching safepoint: 237373 ns, At safepoint: 319975 ns, Total: 557348 ns
[2020-09-11T17:27:15.491+0000][1][safepoint    ] Safepoint "RevokeBias", Time since last: 14387185 ns, Reaching safepoint: 307908 ns, At safepoint: 27982 ns, Total: 335890 ns
[2020-09-11T17:27:16.491+0000][1][safepoint    ] Safepoint "Cleanup", Time since last: 1000122722 ns, Reaching safepoint: 100189 ns, At safepoint: 10007 ns, Total: 110196 ns
[2020-09-11T17:27:17.492+0000][1][safepoint    ] Safepoint "Cleanup", Time since last: 1000112998 ns, Reaching safepoint: 89471 ns, At safepoint: 7891 ns, Total: 97362 ns
[2020-09-11T17:27:18.492+0000][1][safepoint    ] Safepoint "Cleanup", Time since last: 1000115446 ns, Reaching safepoint: 87148 ns, At safepoint: 10315 ns, Total: 97463 ns
[2020-09-11T17:27:19.492+0000][1][safepoint    ] Safepoint "Cleanup", Time since last: 1000113832 ns, Reaching safepoint: 90197 ns, At safepoint: 8208 ns, Total: 98405 ns
[2020-09-11T17:27:20.492+0000][1][safepoint    ] Safepoint "Cleanup", Time since last: 1000111281 ns, Reaching safepoint: 94320 ns, At safepoint: 9316 ns, Total: 103636 ns
[2020-09-11T17:27:20.504+0000][1][safepoint    ] Safepoint "RevokeBias", Time since last: 11955368 ns, Reaching safepoint: 84246 ns, At safepoint: 24954 ns, Total: 109200 ns
[2020-09-11T17:27:20.512+0000][1][safepoint    ] Safepoint "RevokeBias", Time since last: 7177814 ns, Reaching safepoint: 96146 ns, At safepoint: 26515 ns, Total: 122661 ns
[2020-09-11T17:27:21.512+0000][1][safepoint    ] Safepoint "Cleanup", Time since last: 1000112496 ns, Reaching safepoint: 87791 ns, At safepoint: 9488 ns, Total: 97279 ns
[2020-09-11T17:27:22.512+0000][1][safepoint    ] Safepoint "Cleanup", Time since last: 1000111787 ns, Reaching safepoint: 92616 ns, At safepoint: 10326 ns, Total: 102942 ns
[2020-09-11T17:27:22.576+0000][1][gc,start     ] GC(179) Pause Young (Allocation Failure)
[2020-09-11T17:27:22.576+0000][1][gc,task      ] GC(179) Using 1 workers of 1 for evacuation
[2020-09-11T17:27:22.609+0000][1][gc,age       ] GC(179) Desired survivor size 4358144 bytes, new threshold 6 (max threshold 6)
[2020-09-11T17:27:22.609+0000][1][gc,age       ] GC(179) Age table with threshold 6 (max threshold 6)
[2020-09-11T17:27:22.609+0000][1][gc,age       ] GC(179) - age   1:      89296 bytes,      89296 total
[2020-09-11T17:27:22.609+0000][1][gc,age       ] GC(179) - age   2:     101360 bytes,     190656 total
[2020-09-11T17:27:22.609+0000][1][gc,age       ] GC(179) - age   3:      40952 bytes,     231608 total
[2020-09-11T17:27:22.609+0000][1][gc,age       ] GC(179) - age   4:     186648 bytes,     418256 total
[2020-09-11T17:27:22.609+0000][1][gc,age       ] GC(179) - age   5:     227120 bytes,     645376 total
[2020-09-11T17:27:22.609+0000][1][gc,age       ] GC(179) - age   6:     132272 bytes,     777648 total
[2020-09-11T17:27:22.609+0000][1][gc,heap      ] GC(179) ParNew: 69781K->1383K(76672K)
[2020-09-11T17:27:22.609+0000][1][gc,heap      ] GC(179) CMS: 147320K->147874K(2011968K)
[2020-09-11T17:27:22.609+0000][1][gc,metaspace ] GC(179) Metaspace: 97514K->97514K(1138688K)
[2020-09-11T17:27:22.609+0000][1][gc           ] GC(179) Pause Young (Allocation Failure) 212M->145M(2039M) 33.696ms
[2020-09-11T17:27:22.609+0000][1][gc,cpu       ] GC(179) User=0.02s Sys=0.00s Real=0.03s
[2020-09-11T17:27:22.609+0000][1][safepoint    ] Safepoint "GenCollectForAllocation", Time since last: 63446672 ns, Reaching safepoint: 157950 ns, At safepoint: 33769686 ns, Total: 33927636 ns
[2020-09-11T17:27:23.617+0000][1][safepoint    ] Safepoint "Cleanup", Time since last: 1007415149 ns, Reaching safepoint: 90736 ns, At safepoint: 8348 ns, Total: 99084 ns
[2020-09-11T17:27:24.617+0000][1][safepoint    ] Safepoint "Cleanup", Time since last: 1000108264 ns, Reaching safepoint: 92706 ns, At safepoint: 8031 ns, Total: 100737 ns
[2020-09-11T17:27:25.521+0000][1][safepoint    ] Safepoint "RevokeBias", Time since last: 903182533 ns, Reaching safepoint: 113914 ns, At safepoint: 25724 ns, Total: 139638 ns
[2020-09-11T17:27:25.526+0000][1][safepoint    ] Safepoint "BulkRevokeBias", Time since last: 5501543 ns, Reaching safepoint: 86282 ns, At safepoint: 238341 ns, Total: 324623 ns
[2020-09-11T17:27:26.527+0000][1][safepoint    ] Safepoint "Cleanup", Time since last: 1000104863 ns, Reaching safepoint: 88991 ns, At safepoint: 8926 ns, Total: 97917 ns
[2020-09-11T17:27:27.527+0000][1][safepoint    ] Safepoint "Cleanup", Time since last: 1000116883 ns, Reaching safepoint: 86876 ns, At safepoint: 9098 ns, Total: 95974 ns
[2020-09-11T17:27:28.527+0000][1][safepoint    ] Safepoint "Cleanup", Time since last: 1000112287 ns, Reaching safepoint: 86147 ns, At safepoint: 8660 ns, Total: 94807 ns
[2020-09-11T17:27:29.527+0000][1][safepoint    ] Safepoint "Cleanup", Time since last: 1000110392 ns, Reaching safepoint: 83321 ns, At safepoint: 6737 ns, Total: 90058 ns
[2020-09-11T17:27:30.527+0000][1][safepoint    ] Safepoint "Cleanup", Time since last: 1000113047 ns, Reaching safepoint: 87251 ns, At safepoint: 8640 ns, Total: 95891 ns
[2020-09-11T17:27:30.535+0000][1][safepoint    ] Safepoint "RevokeBias", Time since last: 7887388 ns, Reaching safepoint: 172432 ns, At safepoint: 26219 ns, Total: 198651 ns
[2020-09-11T17:27:30.538+0000][1][safepoint    ] Safepoint "RevokeBias", Time since last: 1927122 ns, Reaching safepoint: 254496 ns, At safepoint: 323190 ns, Total: 577686 ns
[2020-09-11T17:27:31.538+0000][1][safepoint    ] Safepoint "Cleanup", Time since last: 1000112461 ns, Reaching safepoint: 85267 ns, At safepoint: 9579 ns, Total: 94846 ns
[2020-09-11T17:27:32.538+0000][1][safepoint    ] Safepoint "Cleanup", Time since last: 1000108777 ns, Reaching safepoint: 85441 ns, At safepoint: 8365 ns, Total: 93806 ns
[2020-09-11T17:27:33.539+0000][1][safepoint    ] Safepoint "Cleanup", Time since last: 1000107590 ns, Reaching safepoint: 89017 ns, At safepoint: 9210 ns, Total: 98227 ns
[2020-09-11T17:27:34.539+0000][1][safepoint    ] Safepoint "Cleanup", Time since last: 1000131370 ns, Reaching safepoint: 84535 ns, At safepoint: 7412 ns, Total: 91947 ns
[2020-09-11T17:27:35.544+0000][1][safepoint    ] Safepoint "Cleanup", Time since last: 1005271950 ns, Reaching safepoint: 94620 ns, At safepoint: 10426 ns, Total: 105046 ns
[2020-09-11T17:27:35.558+0000][1][safepoint    ] Safepoint "RevokeBias", Time since last: 14066614 ns, Reaching safepoint: 95040 ns, At safepoint: 25974 ns, Total: 121014 ns
[2020-09-11T17:27:35.560+0000][1][safepoint    ] Safepoint "RevokeBias", Time since last: 1434514 ns, Reaching safepoint: 93386 ns, At safepoint: 21255 ns, Total: 114641 ns
[2020-09-11T17:27:36.560+0000][1][safepoint    ] Safepoint "Cleanup", Time since last: 1000097625 ns, Reaching safepoint: 83081 ns, At safepoint: 7006 ns, Total: 90087 ns
[2020-09-11T17:27:37.560+0000][1][safepoint    ] Safepoint "Cleanup", Time since last: 1000114134 ns, Reaching safepoint: 90130 ns, At safepoint: 9753 ns, Total: 99883 ns
[2020-09-11T17:27:38.561+0000][1][safepoint    ] Safepoint "Cleanup", Time since last: 1000119817 ns, Reaching safepoint: 87163 ns, At safepoint: 9562 ns, Total: 96725 ns
[2020-09-11T17:27:39.561+0000][1][safepoint    ] Safepoint "Cleanup", Time since last: 1000128151 ns, Reaching safepoint: 108367 ns, At safepoint: 7177 ns, Total: 115544 ns
[2020-09-11T17:27:40.561+0000][1][safepoint    ] Safepoint "Cleanup", Time since last: 1000119477 ns, Reaching safepoint: 89880 ns, At safepoint: 9599 ns, Total: 99479 ns
[2020-09-11T17:27:40.572+0000][1][safepoint    ] Safepoint "RevokeBias", Time since last: 10495310 ns, Reaching safepoint: 176916 ns, At safepoint: 27602 ns, Total: 204518 ns
[2020-09-11T17:27:40.574+0000][1][safepoint    ] Safepoint "RevokeBias", Time since last: 2505483 ns, Reaching safepoint: 84276 ns, At safepoint: 24548 ns, Total: 108824 ns
[2020-09-11T17:27:42.626+0000][1][gc,start     ] GC(180) Pause Young (Allocation Failure)
[2020-09-11T17:27:42.626+0000][1][gc,task      ] GC(180) Using 1 workers of 1 for evacuation
[2020-09-11T17:27:42.659+0000][1][gc,age       ] GC(180) Desired survivor size 4358144 bytes, new threshold 6 (max threshold 6)
[2020-09-11T17:27:42.659+0000][1][gc,age       ] GC(180) Age table with threshold 6 (max threshold 6)
[2020-09-11T17:27:42.659+0000][1][gc,age       ] GC(180) - age   1:      86048 bytes,      86048 total
[2020-09-11T17:27:42.659+0000][1][gc,age       ] GC(180) - age   2:      13240 bytes,      99288 total
[2020-09-11T17:27:42.659+0000][1][gc,age       ] GC(180) - age   3:      98128 bytes,     197416 total
[2020-09-11T17:27:42.659+0000][1][gc,age       ] GC(180) - age   4:      40640 bytes,     238056 total
[2020-09-11T17:27:42.659+0000][1][gc,age       ] GC(180) - age   5:     186648 bytes,     424704 total
[2020-09-11T17:27:42.659+0000][1][gc,age       ] GC(180) - age   6:     227048 bytes,     651752 total
[2020-09-11T17:27:42.659+0000][1][gc,heap      ] GC(180) ParNew: 69543K->1261K(76672K)
[2020-09-11T17:27:42.659+0000][1][gc,heap      ] GC(180) CMS: 147874K->148003K(2011968K)
[2020-09-11T17:27:42.659+0000][1][gc,metaspace ] GC(180) Metaspace: 97577K->97577K(1138688K)
[2020-09-11T17:27:42.659+0000][1][gc           ] GC(180) Pause Young (Allocation Failure) 212M->145M(2039M) 32.680ms
[2020-09-11T17:27:42.659+0000][1][gc,cpu       ] GC(180) User=0.01s Sys=0.00s Real=0.03s
[2020-09-11T17:27:42.659+0000][1][safepoint    ] Safepoint "GenCollectForAllocation", Time since last: 2051534071 ns, Reaching safepoint: 161745 ns, At safepoint: 32749055 ns, Total: 32910800 ns
[2020-09-11T17:27:45.588+0000][1][safepoint    ] Safepoint "RevokeBias", Time since last: 2928808248 ns, Reaching safepoint: 116172 ns, At safepoint: 30577 ns, Total: 146749 ns
[2020-09-11T17:27:45.593+0000][1][safepoint    ] Safepoint "RevokeBias", Time since last: 5352525 ns, Reaching safepoint: 84457 ns, At safepoint: 21799 ns, Total: 106256 ns
[2020-09-11T17:27:48.594+0000][1][safepoint    ] Safepoint "Cleanup", Time since last: 3000250145 ns, Reaching safepoint: 87727 ns, At safepoint: 9212 ns, Total: 96939 ns
[2020-09-11T17:27:49.594+0000][1][safepoint    ] Safepoint "Cleanup", Time since last: 1000127131 ns, Reaching safepoint: 85699 ns, At safepoint: 9025 ns, Total: 94724 ns
[2020-09-11T17:27:50.594+0000][1][safepoint    ] Safepoint "Cleanup", Time since last: 1000118767 ns, Reaching safepoint: 88633 ns, At safepoint: 9576 ns, Total: 98209 ns
[2020-09-11T17:27:50.602+0000][1][safepoint    ] Safepoint "RevokeBias", Time since last: 7670125 ns, Reaching safepoint: 95724 ns, At safepoint: 26856 ns, Total: 122580 ns
[2020-09-11T17:27:50.604+0000][1][safepoint    ] Safepoint "RevokeBias", Time since last: 2368528 ns, Reaching safepoint: 87757 ns, At safepoint: 23861 ns, Total: 111618 ns
[2020-09-11T17:27:51.604+0000][1][safepoint    ] Safepoint "Cleanup", Time since last: 1000106262 ns, Reaching safepoint: 86171 ns, At safepoint: 8841 ns, Total: 95012 ns
[2020-09-11T17:27:52.605+0000][1][safepoint    ] Safepoint "Cleanup", Time since last: 1000113464 ns, Reaching safepoint: 84276 ns, At safepoint: 9295 ns, Total: 93571 ns
[2020-09-11T17:27:53.605+0000][1][safepoint    ] Safepoint "Cleanup", Time since last: 1000125805 ns, Reaching safepoint: 91324 ns, At safepoint: 8857 ns, Total: 100181 ns
[2020-09-11T17:27:54.605+0000][1][safepoint    ] Safepoint "Cleanup", Time since last: 1000113694 ns, Reaching safepoint: 86720 ns, At safepoint: 8325 ns, Total: 95045 ns
[2020-09-11T17:27:55.613+0000][1][safepoint    ] Safepoint "Cleanup", Time since last: 1008127454 ns, Reaching safepoint: 108417 ns, At safepoint: 9952 ns, Total: 118369 ns
[2020-09-11T17:27:55.619+0000][1][safepoint    ] Safepoint "RevokeBias", Time since last: 5531748 ns, Reaching safepoint: 231147 ns, At safepoint: 306788 ns, Total: 537935 ns
[2020-09-11T17:27:55.623+0000][1][safepoint    ] Safepoint "RevokeBias", Time since last: 3655702 ns, Reaching safepoint: 175856 ns, At safepoint: 28076 ns, Total: 203932 ns
[2020-09-11T17:27:56.624+0000][1][safepoint    ] Safepoint "Cleanup", Time since last: 1000136421 ns, Reaching safepoint: 154286 ns, At safepoint: 18956 ns, Total: 173242 ns
[2020-09-11T17:27:57.624+0000][1][safepoint    ] Safepoint "Cleanup", Time since last: 1000132121 ns, Reaching safepoint: 83371 ns, At safepoint: 6970 ns, Total: 90341 ns
[2020-09-11T17:27:58.624+0000][1][safepoint    ] Safepoint "Cleanup", Time since last: 1000131043 ns, Reaching safepoint: 88783 ns, At safepoint: 11004 ns, Total: 99787 ns
[2020-09-11T17:27:59.624+0000][1][safepoint    ] Safepoint "Cleanup", Time since last: 1000137913 ns, Reaching safepoint: 89207 ns, At safepoint: 11104 ns, Total: 100311 ns
[2020-09-11T17:28:00.624+0000][1][safepoint    ] Safepoint "Cleanup", Time since last: 1000134625 ns, Reaching safepoint: 89409 ns, At safepoint: 9480 ns, Total: 98889 ns
[2020-09-11T17:28:00.639+0000][1][safepoint    ] Safepoint "RevokeBias", Time since last: 14348337 ns, Reaching safepoint: 84468 ns, At safepoint: 21537 ns, Total: 106005 ns
[2020-09-11T17:28:00.642+0000][1][safepoint    ] Safepoint "RevokeBias", Time since last: 2856684 ns, Reaching safepoint: 91107 ns, At safepoint: 26616 ns, Total: 117723 ns
[2020-09-11T17:28:01.642+0000][1][safepoint    ] Safepoint "Cleanup", Time since last: 1000113397 ns, Reaching safepoint: 87265 ns, At safepoint: 9912 ns, Total: 97177 ns
[2020-09-11T17:28:02.642+0000][1][safepoint    ] Safepoint "Cleanup", Time since last: 1000115601 ns, Reaching safepoint: 85252 ns, At safepoint: 7350 ns, Total: 92602 ns
[2020-09-11T17:28:03.643+0000][1][safepoint    ] Safepoint "Cleanup", Time since last: 1000112876 ns, Reaching safepoint: 87927 ns, At safepoint: 9392 ns, Total: 97319 ns
[2020-09-11T17:28:04.643+0000][1][safepoint    ] Safepoint "Cleanup", Time since last: 1000114428 ns, Reaching safepoint: 120197 ns, At safepoint: 8528 ns, Total: 128725 ns
[2020-09-11T17:28:05.653+0000][1][safepoint    ] Safepoint "RevokeBias", Time since last: 1010061307 ns, Reaching safepoint: 90336 ns, At safepoint: 25065 ns, Total: 115401 ns
[2020-09-11T17:28:05.656+0000][1][safepoint    ] Safepoint "RevokeBias", Time since last: 2681144 ns, Reaching safepoint: 100722 ns, At safepoint: 35106 ns, Total: 135828 ns
[2020-09-11T17:28:06.656+0000][1][safepoint    ] Safepoint "Cleanup", Time since last: 1000119604 ns, Reaching safepoint: 83916 ns, At safepoint: 6299 ns, Total: 90215 ns
[2020-09-11T17:28:06.831+0000][1][gc,start     ] GC(181) Pause Young (Allocation Failure)
[2020-09-11T17:28:06.831+0000][1][gc,task      ] GC(181) Using 1 workers of 1 for evacuation
[2020-09-11T17:28:06.855+0000][1][gc,age       ] GC(181) Desired survivor size 4358144 bytes, new threshold 6 (max threshold 6)
[2020-09-11T17:28:06.855+0000][1][gc,age       ] GC(181) Age table with threshold 6 (max threshold 6)
[2020-09-11T17:28:06.855+0000][1][gc,age       ] GC(181) - age   1:     236744 bytes,     236744 total
[2020-09-11T17:28:06.855+0000][1][gc,age       ] GC(181) - age   2:       8168 bytes,     244912 total
[2020-09-11T17:28:06.855+0000][1][gc,age       ] GC(181) - age   3:       9512 bytes,     254424 total
[2020-09-11T17:28:06.855+0000][1][gc,age       ] GC(181) - age   4:      98048 bytes,     352472 total
[2020-09-11T17:28:06.855+0000][1][gc,age       ] GC(181) - age   5:      40336 bytes,     392808 total
[2020-09-11T17:28:06.855+0000][1][gc,age       ] GC(181) - age   6:     186648 bytes,     579456 total
[2020-09-11T17:28:06.855+0000][1][gc,heap      ] GC(181) ParNew: 69421K->792K(76672K)
[2020-09-11T17:28:06.855+0000][1][gc,heap      ] GC(181) CMS: 148003K->148225K(2011968K)
[2020-09-11T17:28:06.855+0000][1][gc,metaspace ] GC(181) Metaspace: 97596K->97596K(1138688K)
[2020-09-11T17:28:06.855+0000][1][gc           ] GC(181) Pause Young (Allocation Failure) 212M->145M(2039M) 24.485ms
[2020-09-11T17:28:06.855+0000][1][gc,cpu       ] GC(181) User=0.01s Sys=0.00s Real=0.03s
[2020-09-11T17:28:06.857+0000][1][safepoint    ] Safepoint "GenCollectForAllocation", Time since last: 174430566 ns, Reaching safepoint: 167628 ns, At safepoint: 26268922 ns, Total: 26436550 ns
[2020-09-11T17:28:07.862+0000][1][safepoint    ] Safepoint "Cleanup", Time since last: 1004725301 ns, Reaching safepoint: 90033 ns, At safepoint: 8792 ns, Total: 98825 ns
[2020-09-11T17:28:08.862+0000][1][safepoint    ] Safepoint "Cleanup", Time since last: 1000106240 ns, Reaching safepoint: 87804 ns, At safepoint: 6852 ns, Total: 94656 ns
[2020-09-11T17:28:09.862+0000][1][safepoint    ] Safepoint "Cleanup", Time since last: 1000113875 ns, Reaching safepoint: 87093 ns, At safepoint: 9433 ns, Total: 96526 ns
[2020-09-11T17:28:10.668+0000][1][safepoint    ] Safepoint "RevokeBias", Time since last: 805268895 ns, Reaching safepoint: 229683 ns, At safepoint: 320620 ns, Total: 550303 ns
[2020-09-11T17:28:10.671+0000][1][safepoint    ] Safepoint "RevokeBias", Time since last: 3030531 ns, Reaching safepoint: 170791 ns, At safepoint: 26818 ns, Total: 197609 ns
[2020-09-11T17:28:11.671+0000][1][safepoint    ] Safepoint "Cleanup", Time since last: 1000116497 ns, Reaching safepoint: 87346 ns, At safepoint: 9746 ns, Total: 97092 ns
[2020-09-11T17:28:12.672+0000][1][safepoint    ] Safepoint "Cleanup", Time since last: 1000115899 ns, Reaching safepoint: 82956 ns, At safepoint: 9933 ns, Total: 92889 ns
[2020-09-11T17:28:13.672+0000][1][safepoint    ] Safepoint "Cleanup", Time since last: 1000116048 ns, Reaching safepoint: 92720 ns, At safepoint: 10215 ns, Total: 102935 ns
[2020-09-11T17:28:14.672+0000][1][safepoint    ] Safepoint "Cleanup", Time since last: 1000117831 ns, Reaching safepoint: 97140 ns, At safepoint: 14451 ns, Total: 111591 ns
[2020-09-11T17:28:15.677+0000][1][safepoint    ] Safepoint "Cleanup", Time since last: 1005356238 ns, Reaching safepoint: 88469 ns, At safepoint: 9516 ns, Total: 97985 ns
[2020-09-11T17:28:15.684+0000][1][safepoint    ] Safepoint "RevokeBias", Time since last: 6920309 ns, Reaching safepoint: 89376 ns, At safepoint: 25530 ns, Total: 114906 ns
[2020-09-11T17:28:15.687+0000][1][safepoint    ] Safepoint "RevokeBias", Time since last: 2326337 ns, Reaching safepoint: 176468 ns, At safepoint: 28193 ns, Total: 204661 ns
[2020-09-11T17:28:16.687+0000][1][safepoint    ] Safepoint "Cleanup", Time since last: 1000119312 ns, Reaching safepoint: 105185 ns, At safepoint: 10253 ns, Total: 115438 ns
[2020-09-11T17:28:17.687+0000][1][safepoint    ] Safepoint "Cleanup", Time since last: 1000124682 ns, Reaching safepoint: 94654 ns, At safepoint: 10071 ns, Total: 104725 ns
[2020-09-11T17:28:19.688+0000][1][safepoint    ] Safepoint "Cleanup", Time since last: 2000204315 ns, Reaching safepoint: 90961 ns, At safepoint: 9803 ns, Total: 100764 ns
[2020-09-11T17:28:20.688+0000][1][safepoint    ] Safepoint "Cleanup", Time since last: 1000119669 ns, Reaching safepoint: 89824 ns, At safepoint: 10295 ns, Total: 100119 ns
[2020-09-11T17:28:20.696+0000][1][safepoint    ] Safepoint "RevokeBias", Time since last: 7402260 ns, Reaching safepoint: 236473 ns, At safepoint: 309735 ns, Total: 546208 ns
[2020-09-11T17:28:20.705+0000][1][safepoint    ] Safepoint "RevokeBias", Time since last: 9088450 ns, Reaching safepoint: 98025 ns, At safepoint: 27531 ns, Total: 125556 ns
[2020-09-11T17:28:23.708+0000][1][safepoint    ] Safepoint "Cleanup", Time since last: 3002739981 ns, Reaching safepoint: 93997 ns, At safepoint: 10491 ns, Total: 104488 ns
[2020-09-11T17:28:25.352+0000][1][gc,start     ] GC(182) Pause Young (Allocation Failure)
[2020-09-11T17:28:25.352+0000][1][gc,task      ] GC(182) Using 1 workers of 1 for evacuation
[2020-09-11T17:28:25.379+0000][1][gc,age       ] GC(182) Desired survivor size 4358144 bytes, new threshold 6 (max threshold 6)
[2020-09-11T17:28:25.379+0000][1][gc,age       ] GC(182) Age table with threshold 6 (max threshold 6)
[2020-09-11T17:28:25.379+0000][1][gc,age       ] GC(182) - age   1:     794152 bytes,     794152 total
[2020-09-11T17:28:25.379+0000][1][gc,age       ] GC(182) - age   2:     156144 bytes,     950296 total
[2020-09-11T17:28:25.379+0000][1][gc,age       ] GC(182) - age   3:       7144 bytes,     957440 total
[2020-09-11T17:28:25.379+0000][1][gc,age       ] GC(182) - age   4:       9248 bytes,     966688 total
[2020-09-11T17:28:25.379+0000][1][gc,age       ] GC(182) - age   5:      98048 bytes,    1064736 total
[2020-09-11T17:28:25.379+0000][1][gc,age       ] GC(182) - age   6:      40304 bytes,    1105040 total
[2020-09-11T17:28:25.379+0000][1][gc,heap      ] GC(182) ParNew: 68952K->1570K(76672K)
[2020-09-11T17:28:25.379+0000][1][gc,heap      ] GC(182) CMS: 148225K->148407K(2011968K)
[2020-09-11T17:28:25.379+0000][1][gc,metaspace ] GC(182) Metaspace: 97604K->97604K(1138688K)
[2020-09-11T17:28:25.379+0000][1][gc           ] GC(182) Pause Young (Allocation Failure) 212M->146M(2039M) 27.009ms
[2020-09-11T17:28:25.379+0000][1][gc,cpu       ] GC(182) User=0.02s Sys=0.00s Real=0.03s
[2020-09-11T17:28:25.381+0000][1][safepoint    ] Safepoint "GenCollectForAllocation", Time since last: 1643600637 ns, Reaching safepoint: 193203 ns, At safepoint: 29639888 ns, Total: 29833091 ns
[2020-09-11T17:28:25.713+0000][1][safepoint    ] Safepoint "RevokeBias", Time since last: 331824691 ns, Reaching safepoint: 101870 ns, At safepoint: 33790 ns, Total: 135660 ns
[2020-09-11T17:28:25.716+0000][1][safepoint    ] Safepoint "RevokeBias", Time since last: 2171959 ns, Reaching safepoint: 82070 ns, At safepoint: 32145 ns, Total: 114215 ns
[2020-09-11T17:28:28.716+0000][1][safepoint    ] Safepoint "Cleanup", Time since last: 3000601879 ns, Reaching safepoint: 88709 ns, At safepoint: 9587 ns, Total: 98296 ns
[2020-09-11T17:28:30.727+0000][1][safepoint    ] Safepoint "RevokeBias", Time since last: 2010341791 ns, Reaching safepoint: 101998 ns, At safepoint: 22347 ns, Total: 124345 ns
[2020-09-11T17:28:30.729+0000][1][safepoint    ] Safepoint "RevokeBias", Time since last: 1967097 ns, Reaching safepoint: 80357 ns, At safepoint: 21077 ns, Total: 101434 ns
[2020-09-11T17:28:35.745+0000][1][safepoint    ] Safepoint "RevokeBias", Time since last: 5015795760 ns, Reaching safepoint: 136113 ns, At safepoint: 28067 ns, Total: 164180 ns
[2020-09-11T17:28:35.753+0000][1][safepoint    ] Safepoint "BulkRevokeBias", Time since last: 6771657 ns, Reaching safepoint: 237154 ns, At safepoint: 657064 ns, Total: 894218 ns
[2020-09-11T17:28:40.762+0000][1][safepoint    ] Safepoint "RevokeBias", Time since last: 5008908218 ns, Reaching safepoint: 171637 ns, At safepoint: 27236 ns, Total: 198873 ns
[2020-09-11T17:28:40.764+0000][1][safepoint    ] Safepoint "RevokeBias", Time since last: 2308931 ns, Reaching safepoint: 85258 ns, At safepoint: 24598 ns, Total: 109856 ns
[2020-09-11T17:28:45.765+0000][1][safepoint    ] Safepoint "Cleanup", Time since last: 5000412456 ns, Reaching safepoint: 92522 ns, At safepoint: 7906 ns, Total: 100428 ns
[2020-09-11T17:28:45.775+0000][1][safepoint    ] Safepoint "RevokeBias", Time since last: 10689457 ns, Reaching safepoint: 166583 ns, At safepoint: 22734 ns, Total: 189317 ns
[2020-09-11T17:28:45.777+0000][1][safepoint    ] Safepoint "RevokeBias", Time since last: 1762204 ns, Reaching safepoint: 81286 ns, At safepoint: 20855 ns, Total: 102141 ns
[2020-09-11T17:28:47.726+0000][1][gc,start     ] GC(183) Pause Young (Allocation Failure)
[2020-09-11T17:28:47.726+0000][1][gc,task      ] GC(183) Using 1 workers of 1 for evacuation
[2020-09-11T17:28:47.757+0000][1][gc,age       ] GC(183) Desired survivor size 4358144 bytes, new threshold 6 (max threshold 6)
[2020-09-11T17:28:47.757+0000][1][gc,age       ] GC(183) Age table with threshold 6 (max threshold 6)
[2020-09-11T17:28:47.757+0000][1][gc,age       ] GC(183) - age   1:     168144 bytes,     168144 total
[2020-09-11T17:28:47.757+0000][1][gc,age       ] GC(183) - age   2:     712984 bytes,     881128 total
[2020-09-11T17:28:47.757+0000][1][gc,age       ] GC(183) - age   3:     151088 bytes,    1032216 total
[2020-09-11T17:28:47.757+0000][1][gc,age       ] GC(183) - age   4:       7112 bytes,    1039328 total
[2020-09-11T17:28:47.757+0000][1][gc,age       ] GC(183) - age   5:       8936 bytes,    1048264 total
[2020-09-11T17:28:47.757+0000][1][gc,age       ] GC(183) - age   6:      98048 bytes,    1146312 total
[2020-09-11T17:28:47.757+0000][1][gc,heap      ] GC(183) ParNew: 69730K->1880K(76672K)
[2020-09-11T17:28:47.757+0000][1][gc,heap      ] GC(183) CMS: 148407K->148446K(2011968K)
[2020-09-11T17:28:47.757+0000][1][gc,metaspace ] GC(183) Metaspace: 97606K->97606K(1138688K)
[2020-09-11T17:28:47.757+0000][1][gc           ] GC(183) Pause Young (Allocation Failure) 213M->146M(2039M) 31.445ms
[2020-09-11T17:28:47.757+0000][1][gc,cpu       ] GC(183) User=0.02s Sys=0.00s Real=0.03s
[2020-09-11T17:28:47.757+0000][1][safepoint    ] Safepoint "GenCollectForAllocation", Time since last: 1948477628 ns, Reaching safepoint: 92567 ns, At safepoint: 31516393 ns, Total: 31608960 ns
[2020-09-11T17:28:48.765+0000][1][safepoint    ] Safepoint "Cleanup", Time since last: 1007526539 ns, Reaching safepoint: 91039 ns, At safepoint: 18193 ns, Total: 109232 ns
[2020-09-11T17:28:50.790+0000][1][safepoint    ] Safepoint "RevokeBias", Time since last: 2024755476 ns, Reaching safepoint: 177940 ns, At safepoint: 26624 ns, Total: 204564 ns
[2020-09-11T17:28:50.792+0000][1][safepoint    ] Safepoint "RevokeBias", Time since last: 1705272 ns, Reaching safepoint: 219777 ns, At safepoint: 328111 ns, Total: 547888 ns
[2020-09-11T17:28:55.805+0000][1][safepoint    ] Safepoint "RevokeBias", Time since last: 5012815864 ns, Reaching safepoint: 87089 ns, At safepoint: 22479 ns, Total: 109568 ns
[2020-09-11T17:28:55.808+0000][1][safepoint    ] Safepoint "RevokeBias", Time since last: 2690115 ns, Reaching safepoint: 87685 ns, At safepoint: 22498 ns, Total: 110183 ns
[2020-09-11T17:28:58.808+0000][1][safepoint    ] Safepoint "Cleanup", Time since last: 3000269486 ns, Reaching safepoint: 89436 ns, At safepoint: 7699 ns, Total: 97135 ns
[2020-09-11T17:29:00.825+0000][1][safepoint    ] Safepoint "RevokeBias", Time since last: 2016368668 ns, Reaching safepoint: 347912 ns, At safepoint: 269324 ns, Total: 617236 ns
[2020-09-11T17:29:00.835+0000][1][safepoint    ] Safepoint "RevokeBias", Time since last: 9881401 ns, Reaching safepoint: 90635 ns, At safepoint: 22474 ns, Total: 113109 ns
[2020-09-11T17:29:03.836+0000][1][safepoint    ] Safepoint "Cleanup", Time since last: 3000261433 ns, Reaching safepoint: 88279 ns, At safepoint: 10518 ns, Total: 98797 ns
[2020-09-11T17:29:04.836+0000][1][safepoint    ] Safepoint "Cleanup", Time since last: 1000127234 ns, Reaching safepoint: 89209 ns, At safepoint: 7524 ns, Total: 96733 ns
[2020-09-11T17:29:05.833+0000][1][safepoint    ] Safepoint "RevokeBias", Time since last: 996340353 ns, Reaching safepoint: 245725 ns, At safepoint: 369462 ns, Total: 615187 ns
[2020-09-11T17:29:05.844+0000][1][safepoint    ] Safepoint "RevokeBias", Time since last: 11245897 ns, Reaching safepoint: 92656 ns, At safepoint: 26443 ns, Total: 119099 ns
[2020-09-11T17:29:10.841+0000][1][safepoint    ] Safepoint "RevokeBias", Time since last: 4995885472 ns, Reaching safepoint: 251054 ns, At safepoint: 458668 ns, Total: 709722 ns
[2020-09-11T17:29:10.857+0000][1][safepoint    ] Safepoint "RevokeBias", Time since last: 15514189 ns, Reaching safepoint: 174313 ns, At safepoint: 51443 ns, Total: 225756 ns
[2020-09-11T17:29:11.857+0000][1][safepoint    ] Safepoint "Cleanup", Time since last: 1000125098 ns, Reaching safepoint: 110970 ns, At safepoint: 8788 ns, Total: 119758 ns
[2020-09-11T17:29:12.782+0000][1][gc,start     ] GC(184) Pause Young (Allocation Failure)
[2020-09-11T17:29:12.782+0000][1][gc,task      ] GC(184) Using 1 workers of 1 for evacuation
[2020-09-11T17:29:12.809+0000][1][gc,age       ] GC(184) Desired survivor size 4358144 bytes, new threshold 6 (max threshold 6)
[2020-09-11T17:29:12.809+0000][1][gc,age       ] GC(184) Age table with threshold 6 (max threshold 6)
[2020-09-11T17:29:12.809+0000][1][gc,age       ] GC(184) - age   1:     455752 bytes,     455752 total
[2020-09-11T17:29:12.809+0000][1][gc,age       ] GC(184) - age   2:      90448 bytes,     546200 total
[2020-09-11T17:29:12.809+0000][1][gc,age       ] GC(184) - age   3:     710048 bytes,    1256248 total
[2020-09-11T17:29:12.809+0000][1][gc,age       ] GC(184) - age   4:     150960 bytes,    1407208 total
[2020-09-11T17:29:12.809+0000][1][gc,age       ] GC(184) - age   5:       6768 bytes,    1413976 total
[2020-09-11T17:29:12.809+0000][1][gc,age       ] GC(184) - age   6:       8936 bytes,    1422912 total
[2020-09-11T17:29:12.809+0000][1][gc,heap      ] GC(184) ParNew: 70040K->1964K(76672K)
[2020-09-11T17:29:12.809+0000][1][gc,heap      ] GC(184) CMS: 148446K->148542K(2011968K)
[2020-09-11T17:29:12.809+0000][1][gc,metaspace ] GC(184) Metaspace: 97608K->97608K(1138688K)
[2020-09-11T17:29:12.809+0000][1][gc           ] GC(184) Pause Young (Allocation Failure) 213M->146M(2039M) 26.382ms
[2020-09-11T17:29:12.813+0000][1][gc,cpu       ] GC(184) User=0.01s Sys=0.00s Real=0.02s
[2020-09-11T17:29:12.821+0000][1][safepoint    ] Safepoint "GenCollectForAllocation", Time since last: 925333657 ns, Reaching safepoint: 158604 ns, At safepoint: 38493613 ns, Total: 38652217 ns
[2020-09-11T17:29:13.825+0000][1][safepoint    ] Safepoint "Cleanup", Time since last: 1004026828 ns, Reaching safepoint: 80538 ns, At safepoint: 7454 ns, Total: 87992 ns
[2020-09-11T17:29:14.829+0000][1][safepoint    ] Safepoint "Cleanup", Time since last: 1000942503 ns, Reaching safepoint: 3013510 ns, At safepoint: 16454 ns, Total: 3029964 ns
[2020-09-11T17:29:15.849+0000][1][safepoint    ] Safepoint "RevokeBias", Time since last: 1019395669 ns, Reaching safepoint: 232975 ns, At safepoint: 358690 ns, Total: 591665 ns
[2020-09-11T17:29:15.870+0000][1][safepoint    ] Safepoint "RevokeBias", Time since last: 20585015 ns, Reaching safepoint: 93084 ns, At safepoint: 26475 ns, Total: 119559 ns
[2020-09-11T17:29:16.870+0000][1][safepoint    ] Safepoint "Cleanup", Time since last: 1000111906 ns, Reaching safepoint: 85276 ns, At safepoint: 8772 ns, Total: 94048 ns
[2020-09-11T17:29:17.870+0000][1][safepoint    ] Safepoint "Cleanup", Time since last: 1000112630 ns, Reaching safepoint: 103005 ns, At safepoint: 7393 ns, Total: 110398 ns
[2020-09-11T17:29:18.870+0000][1][safepoint    ] Safepoint "Cleanup", Time since last: 1000108334 ns, Reaching safepoint: 90386 ns, At safepoint: 9442 ns, Total: 99828 ns
[2020-09-11T17:29:19.870+0000][1][safepoint    ] Safepoint "Cleanup", Time since last: 1000114966 ns, Reaching safepoint: 87215 ns, At safepoint: 9290 ns, Total: 96505 ns
[2020-09-11T17:29:20.861+0000][1][safepoint    ] Safepoint "RevokeBias", Time since last: 990048735 ns, Reaching safepoint: 89227 ns, At safepoint: 48069 ns, Total: 137296 ns
[2020-09-11T17:29:20.878+0000][1][safepoint    ] Safepoint "RevokeBias", Time since last: 17313545 ns, Reaching safepoint: 173166 ns, At safepoint: 27593 ns, Total: 200759 ns
[2020-09-11T17:29:21.878+0000][1][safepoint    ] Safepoint "Cleanup", Time since last: 1000110539 ns, Reaching safepoint: 84356 ns, At safepoint: 8198 ns, Total: 92554 ns
[2020-09-11T17:29:22.879+0000][1][safepoint    ] Safepoint "Cleanup", Time since last: 1000109430 ns, Reaching safepoint: 88590 ns, At safepoint: 9319 ns, Total: 97909 ns
[2020-09-11T17:29:23.879+0000][1][safepoint    ] Safepoint "Cleanup", Time since last: 1000109569 ns, Reaching safepoint: 97112 ns, At safepoint: 9630 ns, Total: 106742 ns
[2020-09-11T17:29:24.879+0000][1][safepoint    ] Safepoint "Cleanup", Time since last: 1000111550 ns, Reaching safepoint: 86136 ns, At safepoint: 7304 ns, Total: 93440 ns
[2020-09-11T17:29:25.868+0000][1][safepoint    ] Safepoint "RevokeBias", Time since last: 989309894 ns, Reaching safepoint: 177844 ns, At safepoint: 28395 ns, Total: 206239 ns
[2020-09-11T17:29:25.886+0000][1][safepoint    ] Safepoint "RevokeBias", Time since last: 17323132 ns, Reaching safepoint: 245899 ns, At safepoint: 326915 ns, Total: 572814 ns
[2020-09-11T17:29:26.887+0000][1][safepoint    ] Safepoint "Cleanup", Time since last: 1000171176 ns, Reaching safepoint: 85412 ns, At safepoint: 7494 ns, Total: 92906 ns
[2020-09-11T17:29:27.887+0000][1][safepoint    ] Safepoint "Cleanup", Time since last: 1000113747 ns, Reaching safepoint: 90751 ns, At safepoint: 12081 ns, Total: 102832 ns
[2020-09-11T17:29:28.887+0000][1][safepoint    ] Safepoint "Cleanup", Time since last: 1000122832 ns, Reaching safepoint: 89628 ns, At safepoint: 9319 ns, Total: 98947 ns
[2020-09-11T17:29:29.887+0000][1][safepoint    ] Safepoint "Cleanup", Time since last: 1000111784 ns, Reaching safepoint: 85183 ns, At safepoint: 6654 ns, Total: 91837 ns
[2020-09-11T17:29:30.883+0000][1][safepoint    ] Safepoint "RevokeBias", Time since last: 995497675 ns, Reaching safepoint: 173639 ns, At safepoint: 27715 ns, Total: 201354 ns
[2020-09-11T17:29:30.896+0000][1][safepoint    ] Safepoint "RevokeBias", Time since last: 12756380 ns, Reaching safepoint: 238740 ns, At safepoint: 318389 ns, Total: 557129 ns
[2020-09-11T17:29:31.897+0000][1][safepoint    ] Safepoint "Cleanup", Time since last: 1000120830 ns, Reaching safepoint: 87996 ns, At safepoint: 9854 ns, Total: 97850 ns
[2020-09-11T17:29:32.841+0000][1][gc,start     ] GC(185) Pause Young (Allocation Failure)
[2020-09-11T17:29:32.841+0000][1][gc,task      ] GC(185) Using 1 workers of 1 for evacuation
[2020-09-11T17:29:32.867+0000][1][gc,age       ] GC(185) Desired survivor size 4358144 bytes, new threshold 6 (max threshold 6)
[2020-09-11T17:29:32.867+0000][1][gc,age       ] GC(185) Age table with threshold 6 (max threshold 6)
[2020-09-11T17:29:32.867+0000][1][gc,age       ] GC(185) - age   1:      87888 bytes,      87888 total
[2020-09-11T17:29:32.867+0000][1][gc,age       ] GC(185) - age   2:     380752 bytes,     468640 total
[2020-09-11T17:29:32.867+0000][1][gc,age       ] GC(185) - age   3:      87360 bytes,     556000 total
[2020-09-11T17:29:32.867+0000][1][gc,age       ] GC(185) - age   4:     710008 bytes,    1266008 total
[2020-09-11T17:29:32.867+0000][1][gc,age       ] GC(185) - age   5:     150960 bytes,    1416968 total
[2020-09-11T17:29:32.867+0000][1][gc,age       ] GC(185) - age   6:       6704 bytes,    1423672 total
[2020-09-11T17:29:32.867+0000][1][gc,heap      ] GC(185) ParNew: 70124K->2411K(76672K)
[2020-09-11T17:29:32.867+0000][1][gc,heap      ] GC(185) CMS: 148542K->148551K(2011968K)
[2020-09-11T17:29:32.867+0000][1][gc,metaspace ] GC(185) Metaspace: 97608K->97608K(1138688K)
[2020-09-11T17:29:32.867+0000][1][gc           ] GC(185) Pause Young (Allocation Failure) 213M->147M(2039M) 25.912ms
[2020-09-11T17:29:32.867+0000][1][gc,cpu       ] GC(185) User=0.02s Sys=0.00s Real=0.02s
[2020-09-11T17:29:32.867+0000][1][safepoint    ] Safepoint "GenCollectForAllocation", Time since last: 941782879 ns, Reaching safepoint: 2517903 ns, At safepoint: 26019211 ns, Total: 28537114 ns
[2020-09-11T17:29:33.872+0000][1][safepoint    ] Safepoint "Cleanup", Time since last: 1004958344 ns, Reaching safepoint: 79814 ns, At safepoint: 19827 ns, Total: 99641 ns
[2020-09-11T17:29:34.872+0000][1][safepoint    ] Safepoint "Cleanup", Time since last: 1000109556 ns, Reaching safepoint: 79670 ns, At safepoint: 6277 ns, Total: 85947 ns
[2020-09-11T17:29:35.872+0000][1][safepoint    ] Safepoint "Cleanup", Time since last: 1000108468 ns, Reaching safepoint: 101289 ns, At safepoint: 7496 ns, Total: 108785 ns
[2020-09-11T17:29:35.895+0000][1][safepoint    ] Safepoint "RevokeBias", Time since last: 22416629 ns, Reaching safepoint: 166548 ns, At safepoint: 25525 ns, Total: 192073 ns
[2020-09-11T17:29:35.916+0000][1][safepoint    ] Safepoint "RevokeBias", Time since last: 20955813 ns, Reaching safepoint: 225739 ns, At safepoint: 278894 ns, Total: 504633 ns
[2020-09-11T17:29:36.917+0000][1][safepoint    ] Safepoint "Cleanup", Time since last: 1000114006 ns, Reaching safepoint: 81265 ns, At safepoint: 7841 ns, Total: 89106 ns
[2020-09-11T17:29:37.920+0000][1][safepoint    ] Safepoint "Cleanup", Time since last: 1000120150 ns, Reaching safepoint: 3706933 ns, At safepoint: 14565 ns, Total: 3721498 ns
[2020-09-11T17:29:38.921+0000][1][safepoint    ] Safepoint "Cleanup", Time since last: 1000126865 ns, Reaching safepoint: 85959 ns, At safepoint: 7953 ns, Total: 93912 ns
[2020-09-11T17:29:39.921+0000][1][safepoint    ] Safepoint "Cleanup", Time since last: 1000123594 ns, Reaching safepoint: 87405 ns, At safepoint: 9085 ns, Total: 96490 ns
[2020-09-11T17:29:40.903+0000][1][safepoint    ] Safepoint "RevokeBias", Time since last: 981585174 ns, Reaching safepoint: 176313 ns, At safepoint: 26627 ns, Total: 202940 ns
[2020-09-11T17:29:40.924+0000][1][safepoint    ] Safepoint "RevokeBias", Time since last: 21186231 ns, Reaching safepoint: 91718 ns, At safepoint: 25810 ns, Total: 117528 ns
[2020-09-11T17:29:41.924+0000][1][safepoint    ] Safepoint "Cleanup", Time since last: 1000118661 ns, Reaching safepoint: 88899 ns, At safepoint: 10965 ns, Total: 99864 ns
[2020-09-11T17:29:42.924+0000][1][safepoint    ] Safepoint "Cleanup", Time since last: 1000115098 ns, Reaching safepoint: 87498 ns, At safepoint: 9144 ns, Total: 96642 ns
[2020-09-11T17:29:43.925+0000][1][safepoint    ] Safepoint "Cleanup", Time since last: 1000115896 ns, Reaching safepoint: 96534 ns, At safepoint: 8711 ns, Total: 105245 ns
[2020-09-11T17:29:44.925+0000][1][safepoint    ] Safepoint "Cleanup", Time since last: 1000118653 ns, Reaching safepoint: 118801 ns, At safepoint: 10179 ns, Total: 128980 ns
[2020-09-11T17:29:45.912+0000][1][safepoint    ] Safepoint "RevokeBias", Time since last: 986928006 ns, Reaching safepoint: 92058 ns, At safepoint: 22491 ns, Total: 114549 ns
[2020-09-11T17:29:45.932+0000][1][safepoint    ] Safepoint "BulkRevokeBias", Time since last: 19694674 ns, Reaching safepoint: 84416 ns, At safepoint: 210383 ns, Total: 294799 ns
[2020-09-11T17:29:46.932+0000][1][safepoint    ] Safepoint "Cleanup", Time since last: 1000114852 ns, Reaching safepoint: 91287 ns, At safepoint: 9717 ns, Total: 101004 ns
[2020-09-11T17:29:47.932+0000][1][safepoint    ] Safepoint "Cleanup", Time since last: 1000110284 ns, Reaching safepoint: 93865 ns, At safepoint: 9679 ns, Total: 103544 ns
[2020-09-11T17:29:48.933+0000][1][safepoint    ] Safepoint "Cleanup", Time since last: 1000110343 ns, Reaching safepoint: 106491 ns, At safepoint: 9429 ns, Total: 115920 ns
[2020-09-11T17:29:49.933+0000][1][safepoint    ] Safepoint "Cleanup", Time since last: 1000113686 ns, Reaching safepoint: 125625 ns, At safepoint: 10343 ns, Total: 135968 ns
[2020-09-11T17:29:50.919+0000][1][safepoint    ] Safepoint "RevokeBias", Time since last: 986484190 ns, Reaching safepoint: 94171 ns, At safepoint: 45538 ns, Total: 139709 ns
[2020-09-11T17:29:50.942+0000][1][safepoint    ] Safepoint "RevokeBias", Time since last: 21954828 ns, Reaching safepoint: 235189 ns, At safepoint: 299310 ns, Total: 534499 ns
[2020-09-11T17:29:51.942+0000][1][safepoint    ] Safepoint "Cleanup", Time since last: 1000114351 ns, Reaching safepoint: 86142 ns, At safepoint: 8685 ns, Total: 94827 ns
[2020-09-11T17:29:52.942+0000][1][safepoint    ] Safepoint "Cleanup", Time since last: 1000111748 ns, Reaching safepoint: 84871 ns, At safepoint: 9496 ns, Total: 94367 ns
[2020-09-11T17:29:53.409+0000][1][gc,start     ] GC(186) Pause Young (Allocation Failure)
[2020-09-11T17:29:53.409+0000][1][gc,task      ] GC(186) Using 1 workers of 1 for evacuation
[2020-09-11T17:29:53.436+0000][1][gc,age       ] GC(186) Desired survivor size 4358144 bytes, new threshold 6 (max threshold 6)
[2020-09-11T17:29:53.436+0000][1][gc,age       ] GC(186) Age table with threshold 6 (max threshold 6)
[2020-09-11T17:29:53.436+0000][1][gc,age       ] GC(186) - age   1:     400928 bytes,     400928 total
[2020-09-11T17:29:53.436+0000][1][gc,age       ] GC(186) - age   2:      12792 bytes,     413720 total
[2020-09-11T17:29:53.436+0000][1][gc,age       ] GC(186) - age   3:     376264 bytes,     789984 total
[2020-09-11T17:29:53.436+0000][1][gc,age       ] GC(186) - age   4:      87360 bytes,     877344 total
[2020-09-11T17:29:53.436+0000][1][gc,age       ] GC(186) - age   5:     709696 bytes,    1587040 total
[2020-09-11T17:29:53.436+0000][1][gc,age       ] GC(186) - age   6:     150960 bytes,    1738000 total
[2020-09-11T17:29:53.436+0000][1][gc,heap      ] GC(186) ParNew: 70571K->2468K(76672K)
[2020-09-11T17:29:53.436+0000][1][gc,heap      ] GC(186) CMS: 148551K->148557K(2011968K)
[2020-09-11T17:29:53.436+0000][1][gc,metaspace ] GC(186) Metaspace: 97611K->97611K(1138688K)
[2020-09-11T17:29:53.436+0000][1][gc           ] GC(186) Pause Young (Allocation Failure) 213M->147M(2039M) 27.806ms
[2020-09-11T17:29:53.436+0000][1][gc,cpu       ] GC(186) User=0.02s Sys=0.00s Real=0.03s
[2020-09-11T17:29:53.451+0000][1][safepoint    ] Safepoint "GenCollectForAllocation", Time since last: 466072005 ns, Reaching safepoint: 168170 ns, At safepoint: 42151869 ns, Total: 42320039 ns
[2020-09-11T17:29:54.473+0000][1][safepoint    ] Safepoint "Cleanup", Time since last: 1022181226 ns, Reaching safepoint: 88385 ns, At safepoint: 9391 ns, Total: 97776 ns
[2020-09-11T17:29:55.473+0000][1][safepoint    ] Safepoint "Cleanup", Time since last: 1000111710 ns, Reaching safepoint: 87978 ns, At safepoint: 8594 ns, Total: 96572 ns
[2020-09-11T17:29:55.931+0000][1][safepoint    ] Safepoint "RevokeBias", Time since last: 457327355 ns, Reaching safepoint: 216491 ns, At safepoint: 249100 ns, Total: 465591 ns
[2020-09-11T17:29:55.951+0000][1][safepoint    ] Safepoint "RevokeBias", Time since last: 19661543 ns, Reaching safepoint: 176055 ns, At safepoint: 31616 ns, Total: 207671 ns
[2020-09-11T17:29:56.951+0000][1][safepoint    ] Safepoint "Cleanup", Time since last: 1000110553 ns, Reaching safepoint: 84095 ns, At safepoint: 9303 ns, Total: 93398 ns
[2020-09-11T17:29:57.951+0000][1][safepoint    ] Safepoint "Cleanup", Time since last: 1000109310 ns, Reaching safepoint: 86515 ns, At safepoint: 9264 ns, Total: 95779 ns
[2020-09-11T17:29:58.951+0000][1][safepoint    ] Safepoint "Cleanup", Time since last: 1000114936 ns, Reaching safepoint: 83686 ns, At safepoint: 8040 ns, Total: 91726 ns
[2020-09-11T17:29:59.952+0000][1][safepoint    ] Safepoint "Cleanup", Time since last: 1000110563 ns, Reaching safepoint: 84721 ns, At safepoint: 8238 ns, Total: 92959 ns
[2020-09-11T17:30:00.938+0000][1][safepoint    ] Safepoint "RevokeBias", Time since last: 986180361 ns, Reaching safepoint: 248233 ns, At safepoint: 305819 ns, Total: 554052 ns
[2020-09-11T17:30:00.959+0000][1][safepoint    ] Safepoint "RevokeBias", Time since last: 20271019 ns, Reaching safepoint: 93220 ns, At safepoint: 26939 ns, Total: 120159 ns
[2020-09-11T17:30:01.959+0000][1][safepoint    ] Safepoint "Cleanup", Time since last: 1000123841 ns, Reaching safepoint: 90318 ns, At safepoint: 10674 ns, Total: 100992 ns
[2020-09-11T17:30:02.959+0000][1][safepoint    ] Safepoint "Cleanup", Time since last: 1000126584 ns, Reaching safepoint: 87176 ns, At safepoint: 9278 ns, Total: 96454 ns
[2020-09-11T17:30:03.959+0000][1][safepoint    ] Safepoint "Cleanup", Time since last: 1000109991 ns, Reaching safepoint: 84812 ns, At safepoint: 8918 ns, Total: 93730 ns
[2020-09-11T17:30:04.960+0000][1][safepoint    ] Safepoint "Cleanup", Time since last: 1000112715 ns, Reaching safepoint: 92632 ns, At safepoint: 10139 ns, Total: 102771 ns
[2020-09-11T17:30:05.946+0000][1][safepoint    ] Safepoint "RevokeBias", Time since last: 985776843 ns, Reaching safepoint: 214748 ns, At safepoint: 250581 ns, Total: 465329 ns
[2020-09-11T17:30:05.967+0000][1][safepoint    ] Safepoint "RevokeBias", Time since last: 20962257 ns, Reaching safepoint: 86514 ns, At safepoint: 21902 ns, Total: 108416 ns
[2020-09-11T17:30:06.967+0000][1][safepoint    ] Safepoint "Cleanup", Time since last: 1000107656 ns, Reaching safepoint: 85025 ns, At safepoint: 9775 ns, Total: 94800 ns
[2020-09-11T17:30:07.967+0000][1][safepoint    ] Safepoint "Cleanup", Time since last: 1000111996 ns, Reaching safepoint: 86211 ns, At safepoint: 9387 ns, Total: 95598 ns
[2020-09-11T17:30:08.968+0000][1][safepoint    ] Safepoint "Cleanup", Time since last: 1000113957 ns, Reaching safepoint: 81192 ns, At safepoint: 7572 ns, Total: 88764 ns
[2020-09-11T17:30:09.968+0000][1][safepoint    ] Safepoint "Cleanup", Time since last: 1000110202 ns, Reaching safepoint: 83101 ns, At safepoint: 9378 ns, Total: 92479 ns
[2020-09-11T17:30:10.956+0000][1][safepoint    ] Safepoint "RevokeBias", Time since last: 987725060 ns, Reaching safepoint: 94809 ns, At safepoint: 23296 ns, Total: 118105 ns
[2020-09-11T17:30:10.980+0000][1][safepoint    ] Safepoint "RevokeBias", Time since last: 24071050 ns, Reaching safepoint: 166064 ns, At safepoint: 24244 ns, Total: 190308 ns
[2020-09-11T17:30:11.980+0000][1][safepoint    ] Safepoint "Cleanup", Time since last: 1000111292 ns, Reaching safepoint: 87935 ns, At safepoint: 9465 ns, Total: 97400 ns
[2020-09-11T17:30:12.980+0000][1][safepoint    ] Safepoint "Cleanup", Time since last: 1000114676 ns, Reaching safepoint: 104061 ns, At safepoint: 9743 ns, Total: 113804 ns
[2020-09-11T17:30:13.981+0000][1][safepoint    ] Safepoint "Cleanup", Time since last: 1000112254 ns, Reaching safepoint: 88276 ns, At safepoint: 9617 ns, Total: 97893 ns
[2020-09-11T17:30:15.965+0000][1][safepoint    ] Safepoint "RevokeBias", Time since last: 1984701187 ns, Reaching safepoint: 90609 ns, At safepoint: 26224 ns, Total: 116833 ns
[2020-09-11T17:30:15.989+0000][1][safepoint    ] Safepoint "RevokeBias", Time since last: 23473094 ns, Reaching safepoint: 171005 ns, At safepoint: 27829 ns, Total: 198834 ns
[2020-09-11T17:30:16.996+0000][1][gc,start     ] GC(187) Pause Young (Allocation Failure)
[2020-09-11T17:30:16.996+0000][1][gc,task      ] GC(187) Using 1 workers of 1 for evacuation
[2020-09-11T17:30:17.024+0000][1][gc,age       ] GC(187) Desired survivor size 4358144 bytes, new threshold 6 (max threshold 6)
[2020-09-11T17:30:17.024+0000][1][gc,age       ] GC(187) Age table with threshold 6 (max threshold 6)
[2020-09-11T17:30:17.024+0000][1][gc,age       ] GC(187) - age   1:     111624 bytes,     111624 total
[2020-09-11T17:30:17.024+0000][1][gc,age       ] GC(187) - age   2:     209776 bytes,     321400 total
[2020-09-11T17:30:17.024+0000][1][gc,age       ] GC(187) - age   3:       9280 bytes,     330680 total
[2020-09-11T17:30:17.024+0000][1][gc,age       ] GC(187) - age   4:     375976 bytes,     706656 total
[2020-09-11T17:30:17.024+0000][1][gc,age       ] GC(187) - age   5:      87016 bytes,     793672 total
[2020-09-11T17:30:17.024+0000][1][gc,age       ] GC(187) - age   6:     709696 bytes,    1503368 total
[2020-09-11T17:30:17.024+0000][1][gc,heap      ] GC(187) ParNew: 70628K->1478K(76672K)
[2020-09-11T17:30:17.024+0000][1][gc,heap      ] GC(187) CMS: 148557K->148705K(2011968K)
[2020-09-11T17:30:17.024+0000][1][gc,metaspace ] GC(187) Metaspace: 97613K->97613K(1138688K)
[2020-09-11T17:30:17.024+0000][1][gc           ] GC(187) Pause Young (Allocation Failure) 214M->146M(2039M) 27.743ms
[2020-09-11T17:30:17.024+0000][1][gc,cpu       ] GC(187) User=0.02s Sys=0.00s Real=0.03s
[2020-09-11T17:30:17.025+0000][1][safepoint    ] Safepoint "GenCollectForAllocation", Time since last: 1005179564 ns, Reaching safepoint: 1901225 ns, At safepoint: 29323049 ns, Total: 31224274 ns
[2020-09-11T17:30:20.037+0000][1][safepoint    ] Safepoint "Cleanup", Time since last: 3011571553 ns, Reaching safepoint: 92735 ns, At safepoint: 10636 ns, Total: 103371 ns
[2020-09-11T17:30:20.990+0000][1][safepoint    ] Safepoint "RevokeBias", Time since last: 952126437 ns, Reaching safepoint: 226356 ns, At safepoint: 320835 ns, Total: 547191 ns
[2020-09-11T17:30:21.004+0000][1][safepoint    ] Safepoint "RevokeBias", Time since last: 13990287 ns, Reaching safepoint: 91376 ns, At safepoint: 26735 ns, Total: 118111 ns
[2020-09-11T17:30:26.004+0000][1][safepoint    ] Safepoint "RevokeBias", Time since last: 5000141011 ns, Reaching safepoint: 176983 ns, At safepoint: 26927 ns, Total: 203910 ns
[2020-09-11T17:30:26.019+0000][1][safepoint    ] Safepoint "RevokeBias", Time since last: 14083855 ns, Reaching safepoint: 222783 ns, At safepoint: 249803 ns, Total: 472586 ns
[2020-09-11T17:30:31.020+0000][1][safepoint    ] Safepoint "RevokeBias", Time since last: 5000898419 ns, Reaching safepoint: 94704 ns, At safepoint: 26083 ns, Total: 120787 ns
[2020-09-11T17:30:31.032+0000][1][safepoint    ] Safepoint "RevokeBias", Time since last: 12202900 ns, Reaching safepoint: 89305 ns, At safepoint: 25654 ns, Total: 114959 ns
[2020-09-11T17:30:35.033+0000][1][safepoint    ] Safepoint "Cleanup", Time since last: 4000353100 ns, Reaching safepoint: 91806 ns, At safepoint: 10469 ns, Total: 102275 ns
[2020-09-11T17:30:36.028+0000][1][safepoint    ] Safepoint "RevokeBias", Time since last: 994832481 ns, Reaching safepoint: 92480 ns, At safepoint: 24594 ns, Total: 117074 ns
[2020-09-11T17:30:36.040+0000][1][safepoint    ] Safepoint "RevokeBias", Time since last: 12180258 ns, Reaching safepoint: 232477 ns, At safepoint: 282278 ns, Total: 514755 ns
[2020-09-11T17:30:37.931+0000][1][gc,start     ] GC(188) Pause Young (Allocation Failure)
[2020-09-11T17:30:37.931+0000][1][gc,task      ] GC(188) Using 1 workers of 1 for evacuation
[2020-09-11T17:30:37.962+0000][1][gc,age       ] GC(188) Desired survivor size 4358144 bytes, new threshold 6 (max threshold 6)
[2020-09-11T17:30:37.962+0000][1][gc,age       ] GC(188) Age table with threshold 6 (max threshold 6)
[2020-09-11T17:30:37.962+0000][1][gc,age       ] GC(188) - age   1:      98152 bytes,      98152 total
[2020-09-11T17:30:37.962+0000][1][gc,age       ] GC(188) - age   2:      10752 bytes,     108904 total
[2020-09-11T17:30:37.962+0000][1][gc,age       ] GC(188) - age   3:     209024 bytes,     317928 total
[2020-09-11T17:30:37.962+0000][1][gc,age       ] GC(188) - age   4:       9176 bytes,     327104 total
[2020-09-11T17:30:37.962+0000][1][gc,age       ] GC(188) - age   5:     375976 bytes,     703080 total
[2020-09-11T17:30:37.962+0000][1][gc,age       ] GC(188) - age   6:      87016 bytes,     790096 total
[2020-09-11T17:30:37.962+0000][1][gc,heap      ] GC(188) ParNew: 69638K->1470K(76672K)
[2020-09-11T17:30:37.962+0000][1][gc,heap      ] GC(188) CMS: 148705K->149398K(2011968K)
[2020-09-11T17:30:37.962+0000][1][gc,metaspace ] GC(188) Metaspace: 97615K->97615K(1138688K)
[2020-09-11T17:30:37.962+0000][1][gc           ] GC(188) Pause Young (Allocation Failure) 213M->147M(2039M) 31.029ms
[2020-09-11T17:30:37.962+0000][1][gc,cpu       ] GC(188) User=0.02s Sys=0.00s Real=0.04s
[2020-09-11T17:30:37.962+0000][1][safepoint    ] Safepoint "GenCollectForAllocation", Time since last: 1890404992 ns, Reaching safepoint: 168314 ns, At safepoint: 31104744 ns, Total: 31273058 ns
[2020-09-11T17:30:41.040+0000][1][safepoint    ] Safepoint "RevokeBias", Time since last: 3077636503 ns, Reaching safepoint: 167766 ns, At safepoint: 24233 ns, Total: 191999 ns
[2020-09-11T17:30:41.049+0000][1][safepoint    ] Safepoint "RevokeBias", Time since last: 8869890 ns, Reaching safepoint: 89514 ns, At safepoint: 37975 ns, Total: 127489 ns
[2020-09-11T17:30:46.056+0000][1][safepoint    ] Safepoint "RevokeBias", Time since last: 5007268325 ns, Reaching safepoint: 174039 ns, At safepoint: 27386 ns, Total: 201425 ns
[2020-09-11T17:30:46.062+0000][1][safepoint    ] Safepoint "RevokeBias", Time since last: 5666543 ns, Reaching safepoint: 229631 ns, At safepoint: 296065 ns, Total: 525696 ns
[2020-09-11T17:30:47.063+0000][1][safepoint    ] Safepoint "Cleanup", Time since last: 1000109908 ns, Reaching safepoint: 82707 ns, At safepoint: 7054 ns, Total: 89761 ns
[2020-09-11T17:30:48.063+0000][1][safepoint    ] Safepoint "Cleanup", Time since last: 1000105829 ns, Reaching safepoint: 96857 ns, At safepoint: 10159 ns, Total: 107016 ns
[2020-09-11T17:30:49.063+0000][1][safepoint    ] Safepoint "Cleanup", Time since last: 1000113284 ns, Reaching safepoint: 88241 ns, At safepoint: 8984 ns, Total: 97225 ns
[2020-09-11T17:30:50.063+0000][1][safepoint    ] Safepoint "Cleanup", Time since last: 1000117283 ns, Reaching safepoint: 108902 ns, At safepoint: 8954 ns, Total: 117856 ns
[2020-09-11T17:30:51.063+0000][1][safepoint    ] Safepoint "Cleanup", Time since last: 1000109302 ns, Reaching safepoint: 96688 ns, At safepoint: 9742 ns, Total: 106430 ns
[2020-09-11T17:30:51.071+0000][1][safepoint    ] Safepoint "RevokeBias", Time since last: 7564006 ns, Reaching safepoint: 170186 ns, At safepoint: 46393 ns, Total: 216579 ns
[2020-09-11T17:30:51.073+0000][1][safepoint    ] Safepoint "RevokeBias", Time since last: 1458677 ns, Reaching safepoint: 236564 ns, At safepoint: 291156 ns, Total: 527720 ns
[2020-09-11T17:30:52.073+0000][1][safepoint    ] Safepoint "Cleanup", Time since last: 1000104422 ns, Reaching safepoint: 86299 ns, At safepoint: 8712 ns, Total: 95011 ns
[2020-09-11T17:30:53.074+0000][1][safepoint    ] Safepoint "Cleanup", Time since last: 1000110548 ns, Reaching safepoint: 87413 ns, At safepoint: 9627 ns, Total: 97040 ns
[2020-09-11T17:30:54.074+0000][1][safepoint    ] Safepoint "Cleanup", Time since last: 1000133160 ns, Reaching safepoint: 91564 ns, At safepoint: 7716 ns, Total: 99280 ns
[2020-09-11T17:30:55.074+0000][1][safepoint    ] Safepoint "Cleanup", Time since last: 1000107605 ns, Reaching safepoint: 85562 ns, At safepoint: 7557 ns, Total: 93119 ns
[2020-09-11T17:30:56.074+0000][1][safepoint    ] Safepoint "Cleanup", Time since last: 1000112227 ns, Reaching safepoint: 91786 ns, At safepoint: 9923 ns, Total: 101709 ns
[2020-09-11T17:30:56.089+0000][1][safepoint    ] Safepoint "RevokeBias", Time since last: 13827817 ns, Reaching safepoint: 229624 ns, At safepoint: 322567 ns, Total: 552191 ns
[2020-09-11T17:30:56.092+0000][1][safepoint    ] Safepoint "BulkRevokeBias", Time since last: 2883850 ns, Reaching safepoint: 87571 ns, At safepoint: 261742 ns, Total: 349313 ns
[2020-09-11T17:30:57.092+0000][1][safepoint    ] Safepoint "Cleanup", Time since last: 1000111631 ns, Reaching safepoint: 79454 ns, At safepoint: 6664 ns, Total: 86118 ns
[2020-09-11T17:30:57.979+0000][1][gc,start     ] GC(189) Pause Young (Allocation Failure)
[2020-09-11T17:30:57.979+0000][1][gc,task      ] GC(189) Using 1 workers of 1 for evacuation
[2020-09-11T17:30:58.007+0000][1][gc,age       ] GC(189) Desired survivor size 4358144 bytes, new threshold 6 (max threshold 6)
[2020-09-11T17:30:58.007+0000][1][gc,age       ] GC(189) Age table with threshold 6 (max threshold 6)
[2020-09-11T17:30:58.007+0000][1][gc,age       ] GC(189) - age   1:     177216 bytes,     177216 total
[2020-09-11T17:30:58.007+0000][1][gc,age       ] GC(189) - age   2:      24128 bytes,     201344 total
[2020-09-11T17:30:58.007+0000][1][gc,age       ] GC(189) - age   3:       7528 bytes,     208872 total
[2020-09-11T17:30:58.007+0000][1][gc,age       ] GC(189) - age   4:     209024 bytes,     417896 total
[2020-09-11T17:30:58.007+0000][1][gc,age       ] GC(189) - age   5:       9176 bytes,     427072 total
[2020-09-11T17:30:58.007+0000][1][gc,age       ] GC(189) - age   6:     375976 bytes,     803048 total
[2020-09-11T17:30:58.007+0000][1][gc,heap      ] GC(189) ParNew: 69630K->1314K(76672K)
[2020-09-11T17:30:58.007+0000][1][gc,heap      ] GC(189) CMS: 149398K->149483K(2011968K)
[2020-09-11T17:30:58.007+0000][1][gc,metaspace ] GC(189) Metaspace: 97615K->97615K(1138688K)
[2020-09-11T17:30:58.007+0000][1][gc           ] GC(189) Pause Young (Allocation Failure) 213M->147M(2039M) 27.779ms
[2020-09-11T17:30:58.007+0000][1][gc,cpu       ] GC(189) User=0.02s Sys=0.00s Real=0.03s
[2020-09-11T17:30:58.009+0000][1][safepoint    ] Safepoint "GenCollectForAllocation", Time since last: 885509391 ns, Reaching safepoint: 1587249 ns, At safepoint: 29560443 ns, Total: 31147692 ns
[2020-09-11T17:30:59.013+0000][1][safepoint    ] Safepoint "Cleanup", Time since last: 1004293992 ns, Reaching safepoint: 77010 ns, At safepoint: 5541 ns, Total: 82551 ns
[2020-09-11T17:31:00.013+0000][1][safepoint    ] Safepoint "Cleanup", Time since last: 1000106598 ns, Reaching safepoint: 78887 ns, At safepoint: 6469 ns, Total: 85356 ns
[2020-09-11T17:31:01.014+0000][1][safepoint    ] Safepoint "Cleanup", Time since last: 1000107572 ns, Reaching safepoint: 82135 ns, At safepoint: 7712 ns, Total: 89847 ns
[2020-09-11T17:31:01.106+0000][1][safepoint    ] Safepoint "RevokeBias", Time since last: 91530082 ns, Reaching safepoint: 230036 ns, At safepoint: 302782 ns, Total: 532818 ns
[2020-09-11T17:31:01.112+0000][1][safepoint    ] Safepoint "RevokeBias", Time since last: 6296202 ns, Reaching safepoint: 89375 ns, At safepoint: 24341 ns, Total: 113716 ns
[2020-09-11T17:31:02.112+0000][1][safepoint    ] Safepoint "Cleanup", Time since last: 1000111740 ns, Reaching safepoint: 92365 ns, At safepoint: 10033 ns, Total: 102398 ns
[2020-09-11T17:31:03.112+0000][1][safepoint    ] Safepoint "Cleanup", Time since last: 1000110350 ns, Reaching safepoint: 85771 ns, At safepoint: 9495 ns, Total: 95266 ns
[2020-09-11T17:31:04.113+0000][1][safepoint    ] Safepoint "Cleanup", Time since last: 1000126400 ns, Reaching safepoint: 90249 ns, At safepoint: 9091 ns, Total: 99340 ns
[2020-09-11T17:31:05.830+0000][1][safepoint    ] Safepoint "Cleanup", Time since last: 1717293060 ns, Reaching safepoint: 133449 ns, At safepoint: 11637 ns, Total: 145086 ns
[2020-09-11T17:31:06.121+0000][1][safepoint    ] Safepoint "RevokeBias", Time since last: 290020416 ns, Reaching safepoint: 227548 ns, At safepoint: 296805 ns, Total: 524353 ns
[2020-09-11T17:31:06.123+0000][1][safepoint    ] Safepoint "RevokeBias", Time since last: 2288951 ns, Reaching safepoint: 86848 ns, At safepoint: 23010 ns, Total: 109858 ns
[2020-09-11T17:31:07.124+0000][1][safepoint    ] Safepoint "Cleanup", Time since last: 1000549343 ns, Reaching safepoint: 85956 ns, At safepoint: 7386 ns, Total: 93342 ns
[2020-09-11T17:31:08.124+0000][1][safepoint    ] Safepoint "Cleanup", Time since last: 1000109215 ns, Reaching safepoint: 95535 ns, At safepoint: 10384 ns, Total: 105919 ns
[2020-09-11T17:31:09.124+0000][1][safepoint    ] Safepoint "Cleanup", Time since last: 1000120019 ns, Reaching safepoint: 85558 ns, At safepoint: 9534 ns, Total: 95092 ns
[2020-09-11T17:31:10.124+0000][1][safepoint    ] Safepoint "Cleanup", Time since last: 1000120415 ns, Reaching safepoint: 86623 ns, At safepoint: 6533 ns, Total: 93156 ns
[2020-09-11T17:31:11.125+0000][1][safepoint    ] Safepoint "Cleanup", Time since last: 1000131118 ns, Reaching safepoint: 88304 ns, At safepoint: 9245 ns, Total: 97549 ns
[2020-09-11T17:31:11.139+0000][1][safepoint    ] Safepoint "RevokeBias", Time since last: 14552953 ns, Reaching safepoint: 88273 ns, At safepoint: 26892 ns, Total: 115165 ns
[2020-09-11T17:31:11.142+0000][1][safepoint    ] Safepoint "RevokeBias", Time since last: 2962531 ns, Reaching safepoint: 211355 ns, At safepoint: 26889 ns, Total: 238244 ns
[2020-09-11T17:31:12.143+0000][1][safepoint    ] Safepoint "Cleanup", Time since last: 1000108181 ns, Reaching safepoint: 84057 ns, At safepoint: 7166 ns, Total: 91223 ns
[2020-09-11T17:31:13.143+0000][1][safepoint    ] Safepoint "Cleanup", Time since last: 1000118205 ns, Reaching safepoint: 88878 ns, At safepoint: 10531 ns, Total: 99409 ns
[2020-09-11T17:31:14.143+0000][1][safepoint    ] Safepoint "Cleanup", Time since last: 1000130072 ns, Reaching safepoint: 87709 ns, At safepoint: 9651 ns, Total: 97360 ns
[2020-09-11T17:31:15.143+0000][1][safepoint    ] Safepoint "Cleanup", Time since last: 1000147993 ns, Reaching safepoint: 85887 ns, At safepoint: 9604 ns, Total: 95491 ns
[2020-09-11T17:31:16.144+0000][1][safepoint    ] Safepoint "Cleanup", Time since last: 1000113400 ns, Reaching safepoint: 87974 ns, At safepoint: 9783 ns, Total: 97757 ns
[2020-09-11T17:31:16.155+0000][1][safepoint    ] Safepoint "RevokeBias", Time since last: 10919947 ns, Reaching safepoint: 91500 ns, At safepoint: 26832 ns, Total: 118332 ns
[2020-09-11T17:31:16.165+0000][1][safepoint    ] Safepoint "RevokeBias", Time since last: 10347297 ns, Reaching safepoint: 90713 ns, At safepoint: 25575 ns, Total: 116288 ns
[2020-09-11T17:31:17.167+0000][1][safepoint    ] Safepoint "Cleanup", Time since last: 1000098991 ns, Reaching safepoint: 1624494 ns, At safepoint: 10115 ns, Total: 1634609 ns
[2020-09-11T17:31:18.167+0000][1][safepoint    ] Safepoint "Cleanup", Time since last: 1000109557 ns, Reaching safepoint: 88783 ns, At safepoint: 9148 ns, Total: 97931 ns
[2020-09-11T17:31:19.167+0000][1][safepoint    ] Safepoint "Cleanup", Time since last: 1000117655 ns, Reaching safepoint: 90325 ns, At safepoint: 9113 ns, Total: 99438 ns
[2020-09-11T17:31:20.167+0000][1][safepoint    ] Safepoint "Cleanup", Time since last: 1000113597 ns, Reaching safepoint: 90375 ns, At safepoint: 9417 ns, Total: 99792 ns
[2020-09-11T17:31:21.167+0000][1][safepoint    ] Safepoint "RevokeBias", Time since last: 998872439 ns, Reaching safepoint: 231583 ns, At safepoint: 353530 ns, Total: 585113 ns
[2020-09-11T17:31:21.190+0000][1][safepoint    ] Safepoint "RevokeBias", Time since last: 23289818 ns, Reaching safepoint: 167526 ns, At safepoint: 25288 ns, Total: 192814 ns
[2020-09-11T17:31:22.191+0000][1][safepoint    ] Safepoint "Cleanup", Time since last: 1000114238 ns, Reaching safepoint: 87830 ns, At safepoint: 9486 ns, Total: 97316 ns
[2020-09-11T17:31:23.031+0000][1][gc,start     ] GC(190) Pause Young (Allocation Failure)
[2020-09-11T17:31:23.031+0000][1][gc,task      ] GC(190) Using 1 workers of 1 for evacuation
[2020-09-11T17:31:23.060+0000][1][gc,age       ] GC(190) Desired survivor size 4358144 bytes, new threshold 6 (max threshold 6)
[2020-09-11T17:31:23.060+0000][1][gc,age       ] GC(190) Age table with threshold 6 (max threshold 6)
[2020-09-11T17:31:23.060+0000][1][gc,age       ] GC(190) - age   1:     165376 bytes,     165376 total
[2020-09-11T17:31:23.060+0000][1][gc,age       ] GC(190) - age   2:     103320 bytes,     268696 total
[2020-09-11T17:31:23.060+0000][1][gc,age       ] GC(190) - age   3:      18264 bytes,     286960 total
[2020-09-11T17:31:23.060+0000][1][gc,age       ] GC(190) - age   4:       7168 bytes,     294128 total
[2020-09-11T17:31:23.060+0000][1][gc,age       ] GC(190) - age   5:     209024 bytes,     503152 total
[2020-09-11T17:31:23.060+0000][1][gc,age       ] GC(190) - age   6:       9144 bytes,     512296 total
[2020-09-11T17:31:23.060+0000][1][gc,heap      ] GC(190) ParNew: 69474K->916K(76672K)
[2020-09-11T17:31:23.060+0000][1][gc,heap      ] GC(190) CMS: 149483K->149850K(2011968K)
[2020-09-11T17:31:23.060+0000][1][gc,metaspace ] GC(190) Metaspace: 97628K->97628K(1138688K)
[2020-09-11T17:31:23.060+0000][1][gc           ] GC(190) Pause Young (Allocation Failure) 213M->147M(2039M) 29.387ms
[2020-09-11T17:31:23.060+0000][1][gc,cpu       ] GC(190) User=0.01s Sys=0.00s Real=0.03s
[2020-09-11T17:31:23.065+0000][1][safepoint    ] Safepoint "GenCollectForAllocation", Time since last: 840198420 ns, Reaching safepoint: 83344 ns, At safepoint: 34532661 ns, Total: 34616005 ns
[2020-09-11T17:31:24.069+0000][1][safepoint    ] Safepoint "Cleanup", Time since last: 1003311769 ns, Reaching safepoint: 115477 ns, At safepoint: 8557 ns, Total: 124034 ns
[2020-09-11T17:31:25.069+0000][1][safepoint    ] Safepoint "Cleanup", Time since last: 1000122444 ns, Reaching safepoint: 79457 ns, At safepoint: 7217 ns, Total: 86674 ns
[2020-09-11T17:31:26.069+0000][1][safepoint    ] Safepoint "Cleanup", Time since last: 1000132589 ns, Reaching safepoint: 78531 ns, At safepoint: 5622 ns, Total: 84153 ns
[2020-09-11T17:31:26.176+0000][1][safepoint    ] Safepoint "RevokeBias", Time since last: 106360213 ns, Reaching safepoint: 89026 ns, At safepoint: 25858 ns, Total: 114884 ns
[2020-09-11T17:31:26.215+0000][1][safepoint    ] Safepoint "RevokeBias", Time since last: 39027455 ns, Reaching safepoint: 224844 ns, At safepoint: 295563 ns, Total: 520407 ns
[2020-09-11T17:31:27.215+0000][1][safepoint    ] Safepoint "Cleanup", Time since last: 1000112615 ns, Reaching safepoint: 119084 ns, At safepoint: 8011 ns, Total: 127095 ns
[2020-09-11T17:31:28.216+0000][1][safepoint    ] Safepoint "Cleanup", Time since last: 1000108355 ns, Reaching safepoint: 84810 ns, At safepoint: 7785 ns, Total: 92595 ns
[2020-09-11T17:31:29.216+0000][1][safepoint    ] Safepoint "Cleanup", Time since last: 1000116078 ns, Reaching safepoint: 93438 ns, At safepoint: 10373 ns, Total: 103811 ns
[2020-09-11T17:31:30.216+0000][1][safepoint    ] Safepoint "Cleanup", Time since last: 1000118151 ns, Reaching safepoint: 87059 ns, At safepoint: 10184 ns, Total: 97243 ns
[2020-09-11T17:31:31.187+0000][1][safepoint    ] Safepoint "RevokeBias", Time since last: 970482690 ns, Reaching safepoint: 107946 ns, At safepoint: 22591 ns, Total: 130537 ns
[2020-09-11T17:31:31.223+0000][1][safepoint    ] Safepoint "RevokeBias", Time since last: 36469112 ns, Reaching safepoint: 80397 ns, At safepoint: 22040 ns, Total: 102437 ns
[2020-09-11T17:31:34.224+0000][1][safepoint    ] Safepoint "Cleanup", Time since last: 3000290216 ns, Reaching safepoint: 92314 ns, At safepoint: 10460 ns, Total: 102774 ns
[2020-09-11T17:31:35.224+0000][1][safepoint    ] Safepoint "Cleanup", Time since last: 1000114694 ns, Reaching safepoint: 91706 ns, At safepoint: 9675 ns, Total: 101381 ns
[2020-09-11T17:31:36.197+0000][1][safepoint    ] Safepoint "RevokeBias", Time since last: 972566727 ns, Reaching safepoint: 203375 ns, At safepoint: 28748 ns, Total: 232123 ns
[2020-09-11T17:31:36.244+0000][1][safepoint    ] Safepoint "RevokeBias", Time since last: 47047804 ns, Reaching safepoint: 224797 ns, At safepoint: 288638 ns, Total: 513435 ns
[2020-09-11T17:31:38.245+0000][1][safepoint    ] Safepoint "Cleanup", Time since last: 2000192521 ns, Reaching safepoint: 89288 ns, At safepoint: 7449 ns, Total: 96737 ns
[2020-09-11T17:31:41.205+0000][1][safepoint    ] Safepoint "RevokeBias", Time since last: 2959820468 ns, Reaching safepoint: 168963 ns, At safepoint: 26772 ns, Total: 195735 ns
[2020-09-11T17:31:41.252+0000][1][safepoint    ] Safepoint "RevokeBias", Time since last: 47397049 ns, Reaching safepoint: 91502 ns, At safepoint: 25785 ns, Total: 117287 ns
[2020-09-11T17:31:45.909+0000][1][gc,start     ] GC(191) Pause Young (Allocation Failure)
[2020-09-11T17:31:45.909+0000][1][gc,task      ] GC(191) Using 1 workers of 1 for evacuation
[2020-09-11T17:31:45.935+0000][1][gc,age       ] GC(191) Desired survivor size 4358144 bytes, new threshold 6 (max threshold 6)
[2020-09-11T17:31:45.935+0000][1][gc,age       ] GC(191) Age table with threshold 6 (max threshold 6)
[2020-09-11T17:31:45.935+0000][1][gc,age       ] GC(191) - age   1:     342712 bytes,     342712 total
[2020-09-11T17:31:45.935+0000][1][gc,age       ] GC(191) - age   2:      86176 bytes,     428888 total
[2020-09-11T17:31:45.936+0000][1][gc,age       ] GC(191) - age   3:      99936 bytes,     528824 total
[2020-09-11T17:31:45.936+0000][1][gc,age       ] GC(191) - age   4:      18192 bytes,     547016 total
[2020-09-11T17:31:45.936+0000][1][gc,age       ] GC(191) - age   5:       7168 bytes,     554184 total
[2020-09-11T17:31:45.936+0000][1][gc,age       ] GC(191) - age   6:     208712 bytes,     762896 total
[2020-09-11T17:31:45.936+0000][1][gc,heap      ] GC(191) ParNew: 69076K->906K(76672K)
[2020-09-11T17:31:45.936+0000][1][gc,heap      ] GC(191) CMS: 149850K->149859K(2011968K)
[2020-09-11T17:31:45.936+0000][1][gc,metaspace ] GC(191) Metaspace: 97628K->97628K(1138688K)
[2020-09-11T17:31:45.936+0000][1][gc           ] GC(191) Pause Young (Allocation Failure) 213M->147M(2039M) 26.282ms
[2020-09-11T17:31:45.936+0000][1][gc,cpu       ] GC(191) User=0.01s Sys=0.00s Real=0.03s
[2020-09-11T17:31:45.943+0000][1][safepoint    ] Safepoint "GenCollectForAllocation", Time since last: 4656999765 ns, Reaching safepoint: 208355 ns, At safepoint: 33523787 ns, Total: 33732142 ns
[2020-09-11T17:31:46.212+0000][1][safepoint    ] Safepoint "RevokeBias", Time since last: 269242437 ns, Reaching safepoint: 92725 ns, At safepoint: 37009 ns, Total: 129734 ns
[2020-09-11T17:31:46.266+0000][1][safepoint    ] Safepoint "RevokeBias", Time since last: 54051706 ns, Reaching safepoint: 89238 ns, At safepoint: 34372 ns, Total: 123610 ns
[2020-09-11T17:31:47.267+0000][1][safepoint    ] Safepoint "Cleanup", Time since last: 1000657307 ns, Reaching safepoint: 88223 ns, At safepoint: 7706 ns, Total: 95929 ns
[2020-09-11T17:31:51.236+0000][1][safepoint    ] Safepoint "RevokeBias", Time since last: 3968396843 ns, Reaching safepoint: 172335 ns, At safepoint: 28475 ns, Total: 200810 ns
[2020-09-11T17:31:51.275+0000][1][safepoint    ] Safepoint "RevokeBias", Time since last: 38493843 ns, Reaching safepoint: 226759 ns, At safepoint: 294677 ns, Total: 521436 ns
[2020-09-11T17:31:56.243+0000][1][safepoint    ] Safepoint "RevokeBias", Time since last: 4967913315 ns, Reaching safepoint: 92325 ns, At safepoint: 25402 ns, Total: 117727 ns
[2020-09-11T17:31:56.283+0000][1][safepoint    ] Safepoint "RevokeBias", Time since last: 40018089 ns, Reaching safepoint: 87042 ns, At safepoint: 22227 ns, Total: 109269 ns
[2020-09-11T17:31:59.283+0000][1][safepoint    ] Safepoint "Cleanup", Time since last: 3000265843 ns, Reaching safepoint: 92767 ns, At safepoint: 9323 ns, Total: 102090 ns
[2020-09-11T17:32:00.283+0000][1][safepoint    ] Safepoint "Cleanup", Time since last: 1000119594 ns, Reaching safepoint: 87788 ns, At safepoint: 9255 ns, Total: 97043 ns
[2020-09-11T17:32:01.250+0000][1][safepoint    ] Safepoint "RevokeBias", Time since last: 966392291 ns, Reaching safepoint: 100556 ns, At safepoint: 25251 ns, Total: 125807 ns
[2020-09-11T17:32:01.293+0000][1][safepoint    ] Safepoint "RevokeBias", Time since last: 42535342 ns, Reaching safepoint: 171208 ns, At safepoint: 49872 ns, Total: 221080 ns
[2020-09-11T17:32:02.293+0000][1][safepoint    ] Safepoint "Cleanup", Time since last: 1000110325 ns, Reaching safepoint: 97029 ns, At safepoint: 11062 ns, Total: 108091 ns
[2020-09-11T17:32:03.293+0000][1][safepoint    ] Safepoint "Cleanup", Time since last: 1000112662 ns, Reaching safepoint: 88913 ns, At safepoint: 9812 ns, Total: 98725 ns
[2020-09-11T17:32:04.293+0000][1][safepoint    ] Safepoint "Cleanup", Time since last: 1000113731 ns, Reaching safepoint: 88159 ns, At safepoint: 8663 ns, Total: 96822 ns
[2020-09-11T17:32:05.294+0000][1][safepoint    ] Safepoint "Cleanup", Time since last: 1000191686 ns, Reaching safepoint: 110974 ns, At safepoint: 9388 ns, Total: 120362 ns
[2020-09-11T17:32:05.365+0000][1][gc,start     ] GC(192) Pause Young (Allocation Failure)
[2020-09-11T17:32:05.365+0000][1][gc,task      ] GC(192) Using 1 workers of 1 for evacuation
[2020-09-11T17:32:05.391+0000][1][gc,age       ] GC(192) Desired survivor size 4358144 bytes, new threshold 6 (max threshold 6)
[2020-09-11T17:32:05.391+0000][1][gc,age       ] GC(192) Age table with threshold 6 (max threshold 6)
[2020-09-11T17:32:05.391+0000][1][gc,age       ] GC(192) - age   1:     233456 bytes,     233456 total
[2020-09-11T17:32:05.391+0000][1][gc,age       ] GC(192) - age   2:     145992 bytes,     379448 total
[2020-09-11T17:32:05.391+0000][1][gc,age       ] GC(192) - age   3:      85464 bytes,     464912 total
[2020-09-11T17:32:05.391+0000][1][gc,age       ] GC(192) - age   4:      99936 bytes,     564848 total
[2020-09-11T17:32:05.391+0000][1][gc,age       ] GC(192) - age   5:      18160 bytes,     583008 total
[2020-09-11T17:32:05.391+0000][1][gc,age       ] GC(192) - age   6:       7136 bytes,     590144 total
[2020-09-11T17:32:05.391+0000][1][gc,heap      ] GC(192) ParNew: 69056K->634K(76672K)
[2020-09-11T17:32:05.391+0000][1][gc,heap      ] GC(192) CMS: 149859K->150062K(2011968K)
[2020-09-11T17:32:05.391+0000][1][gc,metaspace ] GC(192) Metaspace: 97628K->97628K(1138688K)
[2020-09-11T17:32:05.391+0000][1][gc           ] GC(192) Pause Young (Allocation Failure) 213M->147M(2039M) 25.986ms
[2020-09-11T17:32:05.391+0000][1][gc,cpu       ] GC(192) User=0.02s Sys=0.00s Real=0.02s
[2020-09-11T17:32:05.391+0000][1][safepoint    ] Safepoint "GenCollectForAllocation", Time since last: 70981409 ns, Reaching safepoint: 164569 ns, At safepoint: 26137322 ns, Total: 26301891 ns
[2020-09-11T17:32:06.257+0000][1][safepoint    ] Safepoint "RevokeBias", Time since last: 866319430 ns, Reaching safepoint: 87237 ns, At safepoint: 31875 ns, Total: 119112 ns
[2020-09-11T17:32:06.309+0000][1][safepoint    ] Safepoint "BulkRevokeBias", Time since last: 51492157 ns, Reaching safepoint: 91616 ns, At safepoint: 271064 ns, Total: 362680 ns
[2020-09-11T17:32:07.310+0000][1][safepoint    ] Safepoint "Cleanup", Time since last: 1000592200 ns, Reaching safepoint: 89604 ns, At safepoint: 7454 ns, Total: 97058 ns
[2020-09-11T17:32:08.310+0000][1][safepoint    ] Safepoint "Cleanup", Time since last: 1000117262 ns, Reaching safepoint: 87821 ns, At safepoint: 10000 ns, Total: 97821 ns
[2020-09-11T17:32:09.310+0000][1][safepoint    ] Safepoint "Cleanup", Time since last: 1000114439 ns, Reaching safepoint: 84357 ns, At safepoint: 7644 ns, Total: 92001 ns
[2020-09-11T17:32:10.311+0000][1][safepoint    ] Safepoint "Cleanup", Time since last: 1000117353 ns, Reaching safepoint: 89693 ns, At safepoint: 10199 ns, Total: 99892 ns
[2020-09-11T17:32:11.267+0000][1][safepoint    ] Safepoint "RevokeBias", Time since last: 955580123 ns, Reaching safepoint: 247191 ns, At safepoint: 308941 ns, Total: 556132 ns
[2020-09-11T17:32:11.321+0000][1][safepoint    ] Safepoint "RevokeBias", Time since last: 54285808 ns, Reaching safepoint: 90730 ns, At safepoint: 23524 ns, Total: 114254 ns
[2020-09-11T17:32:12.321+0000][1][safepoint    ] Safepoint "Cleanup", Time since last: 1000110769 ns, Reaching safepoint: 88302 ns, At safepoint: 10487 ns, Total: 98789 ns
[2020-09-11T17:32:13.322+0000][1][safepoint    ] Safepoint "Cleanup", Time since last: 1000109353 ns, Reaching safepoint: 85799 ns, At safepoint: 6788 ns, Total: 92587 ns
[2020-09-11T17:32:14.322+0000][1][safepoint    ] Safepoint "Cleanup", Time since last: 1000111271 ns, Reaching safepoint: 105150 ns, At safepoint: 9953 ns, Total: 115103 ns
[2020-09-11T17:32:15.322+0000][1][safepoint    ] Safepoint "Cleanup", Time since last: 1000114331 ns, Reaching safepoint: 88582 ns, At safepoint: 13985 ns, Total: 102567 ns
[2020-09-11T17:32:16.275+0000][1][safepoint    ] Safepoint "RevokeBias", Time since last: 952018363 ns, Reaching safepoint: 227157 ns, At safepoint: 292060 ns, Total: 519217 ns
[2020-09-11T17:32:16.329+0000][1][safepoint    ] Safepoint "RevokeBias", Time since last: 54586153 ns, Reaching safepoint: 167819 ns, At safepoint: 26740 ns, Total: 194559 ns
[2020-09-11T17:32:17.330+0000][1][safepoint    ] Safepoint "Cleanup", Time since last: 1000113439 ns, Reaching safepoint: 85291 ns, At safepoint: 8974 ns, Total: 94265 ns
[2020-09-11T17:32:18.330+0000][1][safepoint    ] Safepoint "Cleanup", Time since last: 1000114968 ns, Reaching safepoint: 83797 ns, At safepoint: 7219 ns, Total: 91016 ns
[2020-09-11T17:32:19.330+0000][1][safepoint    ] Safepoint "Cleanup", Time since last: 1000118901 ns, Reaching safepoint: 100507 ns, At safepoint: 10294 ns, Total: 110801 ns
[2020-09-11T17:32:20.330+0000][1][safepoint    ] Safepoint "Cleanup", Time since last: 1000116343 ns, Reaching safepoint: 93200 ns, At safepoint: 10094 ns, Total: 103294 ns
[2020-09-11T17:32:21.282+0000][1][safepoint    ] Safepoint "RevokeBias", Time since last: 951479898 ns, Reaching safepoint: 227417 ns, At safepoint: 287974 ns, Total: 515391 ns
[2020-09-11T17:32:21.350+0000][1][safepoint    ] Safepoint "RevokeBias", Time since last: 67390410 ns, Reaching safepoint: 88964 ns, At safepoint: 22676 ns, Total: 111640 ns
[2020-09-11T17:32:22.350+0000][1][safepoint    ] Safepoint "Cleanup", Time since last: 1000122216 ns, Reaching safepoint: 116203 ns, At safepoint: 11670 ns, Total: 127873 ns
[2020-09-11T17:32:23.350+0000][1][safepoint    ] Safepoint "Cleanup", Time since last: 1000122329 ns, Reaching safepoint: 83101 ns, At safepoint: 7459 ns, Total: 90560 ns
[2020-09-11T17:32:24.350+0000][1][safepoint    ] Safepoint "Cleanup", Time since last: 1000111703 ns, Reaching safepoint: 97872 ns, At safepoint: 10341 ns, Total: 108213 ns
[2020-09-11T17:32:24.969+0000][1][gc,start     ] GC(193) Pause Young (Allocation Failure)
[2020-09-11T17:32:24.969+0000][1][gc,task      ] GC(193) Using 1 workers of 1 for evacuation
[2020-09-11T17:32:24.997+0000][1][gc,age       ] GC(193) Desired survivor size 4358144 bytes, new threshold 6 (max threshold 6)
[2020-09-11T17:32:24.997+0000][1][gc,age       ] GC(193) Age table with threshold 6 (max threshold 6)
[2020-09-11T17:32:24.997+0000][1][gc,age       ] GC(193) - age   1:     818768 bytes,     818768 total
[2020-09-11T17:32:24.997+0000][1][gc,age       ] GC(193) - age   2:     117776 bytes,     936544 total
[2020-09-11T17:32:24.997+0000][1][gc,age       ] GC(193) - age   3:     138728 bytes,    1075272 total
[2020-09-11T17:32:24.997+0000][1][gc,age       ] GC(193) - age   4:      85272 bytes,    1160544 total
[2020-09-11T17:32:24.997+0000][1][gc,age       ] GC(193) - age   5:      99936 bytes,    1260480 total
[2020-09-11T17:32:24.997+0000][1][gc,age       ] GC(193) - age   6:      17816 bytes,    1278296 total
[2020-09-11T17:32:24.997+0000][1][gc,heap      ] GC(193) ParNew: 68794K->1772K(76672K)
[2020-09-11T17:32:24.997+0000][1][gc,heap      ] GC(193) CMS: 150062K->150069K(2011968K)
[2020-09-11T17:32:24.997+0000][1][gc,metaspace ] GC(193) Metaspace: 97628K->97628K(1138688K)
[2020-09-11T17:32:24.997+0000][1][gc           ] GC(193) Pause Young (Allocation Failure) 213M->148M(2039M) 28.835ms
[2020-09-11T17:32:24.998+0000][1][gc,cpu       ] GC(193) User=0.01s Sys=0.00s Real=0.03s
[2020-09-11T17:32:25.001+0000][1][safepoint    ] Safepoint "GenCollectForAllocation", Time since last: 618110559 ns, Reaching safepoint: 156946 ns, At safepoint: 32262224 ns, Total: 32419170 ns
[2020-09-11T17:32:26.005+0000][1][safepoint    ] Safepoint "Cleanup", Time since last: 1003569792 ns, Reaching safepoint: 87798 ns, At safepoint: 22597 ns, Total: 110395 ns
[2020-09-11T17:32:26.290+0000][1][safepoint    ] Safepoint "RevokeBias", Time since last: 285106191 ns, Reaching safepoint: 90780 ns, At safepoint: 33189 ns, Total: 123969 ns
[2020-09-11T17:32:26.364+0000][1][safepoint    ] Safepoint "RevokeBias", Time since last: 73981427 ns, Reaching safepoint: 90936 ns, At safepoint: 39327 ns, Total: 130263 ns
[2020-09-11T17:32:31.298+0000][1][safepoint    ] Safepoint "RevokeBias", Time since last: 4933878330 ns, Reaching safepoint: 175481 ns, At safepoint: 27566 ns, Total: 203047 ns
[2020-09-11T17:32:31.373+0000][1][safepoint    ] Safepoint "RevokeBias", Time since last: 74323790 ns, Reaching safepoint: 222617 ns, At safepoint: 316998 ns, Total: 539615 ns
[2020-09-11T17:32:36.308+0000][1][safepoint    ] Safepoint "RevokeBias", Time since last: 4934647419 ns, Reaching safepoint: 178906 ns, At safepoint: 26721 ns, Total: 205627 ns
[2020-09-11T17:32:36.387+0000][1][safepoint    ] Safepoint "RevokeBias", Time since last: 79460381 ns, Reaching safepoint: 91941 ns, At safepoint: 26778 ns, Total: 118719 ns
[2020-09-11T17:32:37.388+0000][1][safepoint    ] Safepoint "Cleanup", Time since last: 1000116989 ns, Reaching safepoint: 89221 ns, At safepoint: 7726 ns, Total: 96947 ns
[2020-09-11T17:32:41.317+0000][1][safepoint    ] Safepoint "RevokeBias", Time since last: 3928980784 ns, Reaching safepoint: 103638 ns, At safepoint: 34060 ns, Total: 137698 ns
[2020-09-11T17:32:41.403+0000][1][safepoint    ] Safepoint "RevokeBias", Time since last: 86695465 ns, Reaching safepoint: 88541 ns, At safepoint: 26297 ns, Total: 114838 ns
[2020-09-11T17:32:44.404+0000][1][safepoint    ] Safepoint "Cleanup", Time since last: 3000256251 ns, Reaching safepoint: 94540 ns, At safepoint: 9185 ns, Total: 103725 ns
[2020-09-11T17:32:46.325+0000][1][safepoint    ] Safepoint "RevokeBias", Time since last: 1920600506 ns, Reaching safepoint: 170351 ns, At safepoint: 27173 ns, Total: 197524 ns
[2020-09-11T17:32:46.411+0000][1][safepoint    ] Safepoint "RevokeBias", Time since last: 86203227 ns, Reaching safepoint: 85672 ns, At safepoint: 22634 ns, Total: 108306 ns
[2020-09-11T17:32:47.144+0000][1][gc,start     ] GC(194) Pause Young (Allocation Failure)
[2020-09-11T17:32:47.144+0000][1][gc,task      ] GC(194) Using 1 workers of 1 for evacuation
[2020-09-11T17:32:47.186+0000][1][gc,age       ] GC(194) Desired survivor size 4358144 bytes, new threshold 6 (max threshold 6)
[2020-09-11T17:32:47.186+0000][1][gc,age       ] GC(194) Age table with threshold 6 (max threshold 6)
[2020-09-11T17:32:47.186+0000][1][gc,age       ] GC(194) - age   1:     121848 bytes,     121848 total
[2020-09-11T17:32:47.186+0000][1][gc,age       ] GC(194) - age   2:     727248 bytes,     849096 total
[2020-09-11T17:32:47.186+0000][1][gc,age       ] GC(194) - age   3:     114752 bytes,     963848 total
[2020-09-11T17:32:47.186+0000][1][gc,age       ] GC(194) - age   4:     138688 bytes,    1102536 total
[2020-09-11T17:32:47.186+0000][1][gc,age       ] GC(194) - age   5:      84920 bytes,    1187456 total
[2020-09-11T17:32:47.186+0000][1][gc,age       ] GC(194) - age   6:      99936 bytes,    1287392 total
[2020-09-11T17:32:47.186+0000][1][gc,heap      ] GC(194) ParNew: 69932K->2167K(76672K)
[2020-09-11T17:32:47.186+0000][1][gc,heap      ] GC(194) CMS: 150069K->150087K(2011968K)
[2020-09-11T17:32:47.186+0000][1][gc,metaspace ] GC(194) Metaspace: 97634K->97634K(1138688K)
[2020-09-11T17:32:47.186+0000][1][gc           ] GC(194) Pause Young (Allocation Failure) 214M->148M(2039M) 41.734ms
[2020-09-11T17:32:47.186+0000][1][gc,cpu       ] GC(194) User=0.02s Sys=0.00s Real=0.04s
[2020-09-11T17:32:47.186+0000][1][safepoint    ] Safepoint "GenCollectForAllocation", Time since last: 730161183 ns, Reaching safepoint: 2887979 ns, At safepoint: 41805270 ns, Total: 44693249 ns
[2020-09-11T17:32:49.189+0000][1][safepoint    ] Safepoint "Cleanup", Time since last: 2003389323 ns, Reaching safepoint: 94235 ns, At safepoint: 8635 ns, Total: 102870 ns
[2020-09-11T17:32:51.340+0000][1][safepoint    ] Safepoint "RevokeBias", Time since last: 2150450077 ns, Reaching safepoint: 151756 ns, At safepoint: 26677 ns, Total: 178433 ns
[2020-09-11T17:32:51.418+0000][1][safepoint    ] Safepoint "RevokeBias", Time since last: 78204670 ns, Reaching safepoint: 88278 ns, At safepoint: 25540 ns, Total: 113818 ns
[2020-09-11T17:32:56.350+0000][1][safepoint    ] Safepoint "RevokeBias", Time since last: 4930693422 ns, Reaching safepoint: 230658 ns, At safepoint: 387243 ns, Total: 617901 ns
[2020-09-11T17:32:56.432+0000][1][safepoint    ] Safepoint "RevokeBias", Time since last: 82360265 ns, Reaching safepoint: 93156 ns, At safepoint: 25371 ns, Total: 118527 ns
[2020-09-11T17:32:59.432+0000][1][safepoint    ] Safepoint "Cleanup", Time since last: 3000266295 ns, Reaching safepoint: 93370 ns, At safepoint: 10135 ns, Total: 103505 ns
[2020-09-11T17:33:01.357+0000][1][safepoint    ] Safepoint "RevokeBias", Time since last: 1924108954 ns, Reaching safepoint: 222743 ns, At safepoint: 320801 ns, Total: 543544 ns
[2020-09-11T17:33:01.447+0000][1][safepoint    ] Safepoint "RevokeBias", Time since last: 90237389 ns, Reaching safepoint: 85572 ns, At safepoint: 21608 ns, Total: 107180 ns
[2020-09-11T17:33:06.365+0000][1][safepoint    ] Safepoint "RevokeBias", Time since last: 4917124517 ns, Reaching safepoint: 230457 ns, At safepoint: 319593 ns, Total: 550050 ns
[2020-09-11T17:33:06.455+0000][1][safepoint    ] Safepoint "RevokeBias", Time since last: 90099103 ns, Reaching safepoint: 175125 ns, At safepoint: 27085 ns, Total: 202210 ns
[2020-09-11T17:33:11.153+0000][1][gc,start     ] GC(195) Pause Young (Allocation Failure)
[2020-09-11T17:33:11.153+0000][1][gc,task      ] GC(195) Using 1 workers of 1 for evacuation
[2020-09-11T17:33:11.182+0000][1][gc,age       ] GC(195) Desired survivor size 4358144 bytes, new threshold 6 (max threshold 6)
[2020-09-11T17:33:11.182+0000][1][gc,age       ] GC(195) Age table with threshold 6 (max threshold 6)
[2020-09-11T17:33:11.182+0000][1][gc,age       ] GC(195) - age   1:     530776 bytes,     530776 total
[2020-09-11T17:33:11.182+0000][1][gc,age       ] GC(195) - age   2:      24280 bytes,     555056 total
[2020-09-11T17:33:11.182+0000][1][gc,age       ] GC(195) - age   3:     724480 bytes,    1279536 total
[2020-09-11T17:33:11.182+0000][1][gc,age       ] GC(195) - age   4:     114520 bytes,    1394056 total
[2020-09-11T17:33:11.182+0000][1][gc,age       ] GC(195) - age   5:     138656 bytes,    1532712 total
[2020-09-11T17:33:11.182+0000][1][gc,age       ] GC(195) - age   6:      84920 bytes,    1617632 total
[2020-09-11T17:33:11.182+0000][1][gc,heap      ] GC(195) ParNew: 70327K->2227K(76672K)
[2020-09-11T17:33:11.182+0000][1][gc,heap      ] GC(195) CMS: 150087K->150184K(2011968K)
[2020-09-11T17:33:11.182+0000][1][gc,metaspace ] GC(195) Metaspace: 97634K->97634K(1138688K)
[2020-09-11T17:33:11.182+0000][1][gc           ] GC(195) Pause Young (Allocation Failure) 215M->148M(2039M) 29.548ms
[2020-09-11T17:33:11.182+0000][1][gc,cpu       ] GC(195) User=0.02s Sys=0.00s Real=0.03s
[2020-09-11T17:33:11.183+0000][1][safepoint    ] Safepoint "GenCollectForAllocation", Time since last: 4695942111 ns, Reaching safepoint: 1571553 ns, At safepoint: 30041726 ns, Total: 31613279 ns
[2020-09-11T17:33:11.374+0000][1][safepoint    ] Safepoint "RevokeBias", Time since last: 190939674 ns, Reaching safepoint: 101830 ns, At safepoint: 38559 ns, Total: 140389 ns
[2020-09-11T17:33:11.464+0000][1][safepoint    ] Safepoint "RevokeBias", Time since last: 89959358 ns, Reaching safepoint: 94346 ns, At safepoint: 37632 ns, Total: 131978 ns
[2020-09-11T17:33:15.465+0000][1][safepoint    ] Safepoint "Cleanup", Time since last: 4000764966 ns, Reaching safepoint: 91574 ns, At safepoint: 7489 ns, Total: 99063 ns
[2020-09-11T17:33:16.383+0000][1][safepoint    ] Safepoint "RevokeBias", Time since last: 918193301 ns, Reaching safepoint: 92516 ns, At safepoint: 24668 ns, Total: 117184 ns
[2020-09-11T17:33:16.488+0000][1][safepoint    ] Safepoint "RevokeBias", Time since last: 104451254 ns, Reaching safepoint: 170838 ns, At safepoint: 26864 ns, Total: 197702 ns
[2020-09-11T17:33:21.392+0000][1][safepoint    ] Safepoint "BulkRevokeBias", Time since last: 4902993430 ns, Reaching safepoint: 244491 ns, At safepoint: 549583 ns, Total: 794074 ns
[2020-09-11T17:33:21.500+0000][1][safepoint    ] Safepoint "RevokeBias", Time since last: 108265795 ns, Reaching safepoint: 93119 ns, At safepoint: 25629 ns, Total: 118748 ns
[2020-09-11T17:33:23.500+0000][1][safepoint    ] Safepoint "Cleanup", Time since last: 2000181922 ns, Reaching safepoint: 156687 ns, At safepoint: 6528 ns, Total: 163215 ns
[2020-09-11T17:33:25.501+0000][1][safepoint    ] Safepoint "Cleanup", Time since last: 2000185308 ns, Reaching safepoint: 94532 ns, At safepoint: 10448 ns, Total: 104980 ns
[2020-09-11T17:33:26.401+0000][1][safepoint    ] Safepoint "RevokeBias", Time since last: 900369917 ns, Reaching safepoint: 162971 ns, At safepoint: 22915 ns, Total: 185886 ns
[2020-09-11T17:33:26.508+0000][1][safepoint    ] Safepoint "RevokeBias", Time since last: 106487961 ns, Reaching safepoint: 104132 ns, At safepoint: 27261 ns, Total: 131393 ns
[2020-09-11T17:33:27.508+0000][1][safepoint    ] Safepoint "Cleanup", Time since last: 1000116038 ns, Reaching safepoint: 96420 ns, At safepoint: 10012 ns, Total: 106432 ns
[2020-09-11T17:33:29.035+0000][1][gc,start     ] GC(196) Pause Young (Allocation Failure)
[2020-09-11T17:33:29.035+0000][1][gc,task      ] GC(196) Using 1 workers of 1 for evacuation
[2020-09-11T17:33:29.064+0000][1][gc,age       ] GC(196) Desired survivor size 4358144 bytes, new threshold 6 (max threshold 6)
[2020-09-11T17:33:29.064+0000][1][gc,age       ] GC(196) Age table with threshold 6 (max threshold 6)
[2020-09-11T17:33:29.064+0000][1][gc,age       ] GC(196) - age   1:     129832 bytes,     129832 total
[2020-09-11T17:33:29.064+0000][1][gc,age       ] GC(196) - age   2:     333816 bytes,     463648 total
[2020-09-11T17:33:29.064+0000][1][gc,age       ] GC(196) - age   3:      21152 bytes,     484800 total
[2020-09-11T17:33:29.064+0000][1][gc,age       ] GC(196) - age   4:     724440 bytes,    1209240 total
[2020-09-11T17:33:29.064+0000][1][gc,age       ] GC(196) - age   5:     114520 bytes,    1323760 total
[2020-09-11T17:33:29.064+0000][1][gc,age       ] GC(196) - age   6:     138656 bytes,    1462416 total
[2020-09-11T17:33:29.064+0000][1][gc,heap      ] GC(196) ParNew: 70387K->2740K(76672K)
[2020-09-11T17:33:29.064+0000][1][gc,heap      ] GC(196) CMS: 150184K->150267K(2011968K)
[2020-09-11T17:33:29.064+0000][1][gc,metaspace ] GC(196) Metaspace: 97638K->97638K(1138688K)
[2020-09-11T17:33:29.064+0000][1][gc           ] GC(196) Pause Young (Allocation Failure) 215M->149M(2039M) 29.721ms
[2020-09-11T17:33:29.064+0000][1][gc,cpu       ] GC(196) User=0.01s Sys=0.00s Real=0.03s
[2020-09-11T17:33:29.077+0000][1][safepoint    ] Safepoint "GenCollectForAllocation", Time since last: 1526306610 ns, Reaching safepoint: 237956 ns, At safepoint: 42210375 ns, Total: 42448331 ns
[2020-09-11T17:33:31.418+0000][1][safepoint    ] Safepoint "RevokeBias", Time since last: 2340778823 ns, Reaching safepoint: 169673 ns, At safepoint: 26242 ns, Total: 195915 ns
[2020-09-11T17:33:31.522+0000][1][safepoint    ] Safepoint "RevokeBias", Time since last: 103390897 ns, Reaching safepoint: 211371 ns, At safepoint: 242254 ns, Total: 453625 ns
[2020-09-11T17:33:36.426+0000][1][safepoint    ] Safepoint "RevokeBias", Time since last: 4903790299 ns, Reaching safepoint: 184389 ns, At safepoint: 27752 ns, Total: 212141 ns
[2020-09-11T17:33:36.538+0000][1][safepoint    ] Safepoint "RevokeBias", Time since last: 112595680 ns, Reaching safepoint: 90551 ns, At safepoint: 26050 ns, Total: 116601 ns
[2020-09-11T17:33:37.539+0000][1][safepoint    ] Safepoint "Cleanup", Time since last: 1000121776 ns, Reaching safepoint: 89995 ns, At safepoint: 9503 ns, Total: 99498 ns
[2020-09-11T17:33:38.539+0000][1][safepoint    ] Safepoint "Cleanup", Time since last: 1000114018 ns, Reaching safepoint: 83956 ns, At safepoint: 6816 ns, Total: 90772 ns
[2020-09-11T17:33:39.539+0000][1][safepoint    ] Safepoint "Cleanup", Time since last: 1000117290 ns, Reaching safepoint: 84606 ns, At safepoint: 7163 ns, Total: 91769 ns
[2020-09-11T17:33:40.539+0000][1][safepoint    ] Safepoint "Cleanup", Time since last: 1000112414 ns, Reaching safepoint: 89139 ns, At safepoint: 6487 ns, Total: 95626 ns
[2020-09-11T17:33:41.433+0000][1][safepoint    ] Safepoint "RevokeBias", Time since last: 894016747 ns, Reaching safepoint: 94144 ns, At safepoint: 26282 ns, Total: 120426 ns
[2020-09-11T17:33:41.548+0000][1][safepoint    ] Safepoint "RevokeBias", Time since last: 114498694 ns, Reaching safepoint: 95226 ns, At safepoint: 27608 ns, Total: 122834 ns
[2020-09-11T17:33:42.548+0000][1][safepoint    ] Safepoint "Cleanup", Time since last: 1000125030 ns, Reaching safepoint: 84779 ns, At safepoint: 7735 ns, Total: 92514 ns
[2020-09-11T17:33:43.548+0000][1][safepoint    ] Safepoint "Cleanup", Time since last: 1000119412 ns, Reaching safepoint: 89908 ns, At safepoint: 9582 ns, Total: 99490 ns
[2020-09-11T17:33:44.549+0000][1][safepoint    ] Safepoint "Cleanup", Time since last: 1000120607 ns, Reaching safepoint: 85776 ns, At safepoint: 6724 ns, Total: 92500 ns
[2020-09-11T17:33:45.554+0000][1][safepoint    ] Safepoint "Cleanup", Time since last: 1005382885 ns, Reaching safepoint: 89642 ns, At safepoint: 8747 ns, Total: 98389 ns
[2020-09-11T17:33:46.441+0000][1][safepoint    ] Safepoint "RevokeBias", Time since last: 886990429 ns, Reaching safepoint: 100008 ns, At safepoint: 26046 ns, Total: 126054 ns
[2020-09-11T17:33:46.556+0000][1][safepoint    ] Safepoint "RevokeBias", Time since last: 114260541 ns, Reaching safepoint: 92747 ns, At safepoint: 26138 ns, Total: 118885 ns
[2020-09-11T17:33:47.556+0000][1][safepoint    ] Safepoint "Cleanup", Time since last: 1000121177 ns, Reaching safepoint: 87350 ns, At safepoint: 7884 ns, Total: 95234 ns
[2020-09-11T17:33:48.556+0000][1][safepoint    ] Safepoint "Cleanup", Time since last: 1000132785 ns, Reaching safepoint: 89603 ns, At safepoint: 9438 ns, Total: 99041 ns
[2020-09-11T17:33:49.556+0000][1][safepoint    ] Safepoint "Cleanup", Time since last: 1000110705 ns, Reaching safepoint: 90142 ns, At safepoint: 8005 ns, Total: 98147 ns
[2020-09-11T17:33:50.556+0000][1][safepoint    ] Safepoint "Cleanup", Time since last: 1000112906 ns, Reaching safepoint: 91626 ns, At safepoint: 10110 ns, Total: 101736 ns
[2020-09-11T17:33:51.463+0000][1][safepoint    ] Safepoint "RevokeBias", Time since last: 906012117 ns, Reaching safepoint: 95275 ns, At safepoint: 26099 ns, Total: 121374 ns
[2020-09-11T17:33:51.563+0000][1][safepoint    ] Safepoint "RevokeBias", Time since last: 100612656 ns, Reaching safepoint: 89766 ns, At safepoint: 25901 ns, Total: 115667 ns
[2020-09-11T17:33:52.564+0000][1][safepoint    ] Safepoint "Cleanup", Time since last: 1000115392 ns, Reaching safepoint: 87406 ns, At safepoint: 10095 ns, Total: 97501 ns
[2020-09-11T17:33:53.564+0000][1][safepoint    ] Safepoint "Cleanup", Time since last: 1000110580 ns, Reaching safepoint: 97739 ns, At safepoint: 9788 ns, Total: 107527 ns
[2020-09-11T17:33:54.564+0000][1][safepoint    ] Safepoint "Cleanup", Time since last: 1000111729 ns, Reaching safepoint: 236337 ns, At safepoint: 10081 ns, Total: 246418 ns
[2020-09-11T17:33:54.813+0000][1][gc,start     ] GC(197) Pause Young (Allocation Failure)
[2020-09-11T17:33:54.813+0000][1][gc,task      ] GC(197) Using 1 workers of 1 for evacuation
[2020-09-11T17:33:54.843+0000][1][gc,age       ] GC(197) Desired survivor size 4358144 bytes, new threshold 6 (max threshold 6)
[2020-09-11T17:33:54.843+0000][1][gc,age       ] GC(197) Age table with threshold 6 (max threshold 6)
[2020-09-11T17:33:54.843+0000][1][gc,age       ] GC(197) - age   1:     379896 bytes,     379896 total
[2020-09-11T17:33:54.843+0000][1][gc,age       ] GC(197) - age   2:      32616 bytes,     412512 total
[2020-09-11T17:33:54.843+0000][1][gc,age       ] GC(197) - age   3:     329064 bytes,     741576 total
[2020-09-11T17:33:54.843+0000][1][gc,age       ] GC(197) - age   4:      21112 bytes,     762688 total
[2020-09-11T17:33:54.843+0000][1][gc,age       ] GC(197) - age   5:     724440 bytes,    1487128 total
[2020-09-11T17:33:54.843+0000][1][gc,age       ] GC(197) - age   6:     114248 bytes,    1601376 total
[2020-09-11T17:33:54.843+0000][1][gc,heap      ] GC(197) ParNew: 70900K->1756K(76672K)
[2020-09-11T17:33:54.843+0000][1][gc,heap      ] GC(197) CMS: 150267K->150403K(2011968K)
[2020-09-11T17:33:54.843+0000][1][gc,metaspace ] GC(197) Metaspace: 97640K->97640K(1138688K)
[2020-09-11T17:33:54.843+0000][1][gc           ] GC(197) Pause Young (Allocation Failure) 215M->148M(2039M) 30.384ms
[2020-09-11T17:33:54.843+0000][1][gc,cpu       ] GC(197) User=0.01s Sys=0.00s Real=0.03s
[2020-09-11T17:33:54.843+0000][1][safepoint    ] Safepoint "GenCollectForAllocation", Time since last: 248644860 ns, Reaching safepoint: 190575 ns, At safepoint: 30492301 ns, Total: 30682876 ns
[2020-09-11T17:33:55.851+0000][1][safepoint    ] Safepoint "Cleanup", Time since last: 1007834840 ns, Reaching safepoint: 92290 ns, At safepoint: 9959 ns, Total: 102249 ns
[2020-09-11T17:33:56.475+0000][1][safepoint    ] Safepoint "RevokeBias", Time since last: 623409023 ns, Reaching safepoint: 225913 ns, At safepoint: 290133 ns, Total: 516046 ns
[2020-09-11T17:33:56.587+0000][1][safepoint    ] Safepoint "RevokeBias", Time since last: 111689162 ns, Reaching safepoint: 90142 ns, At safepoint: 22111 ns, Total: 112253 ns
[2020-09-11T17:33:57.587+0000][1][safepoint    ] Safepoint "Cleanup", Time since last: 1000112733 ns, Reaching safepoint: 90147 ns, At safepoint: 9584 ns, Total: 99731 ns
[2020-09-11T17:33:58.588+0000][1][safepoint    ] Safepoint "Cleanup", Time since last: 1000118932 ns, Reaching safepoint: 88532 ns, At safepoint: 9680 ns, Total: 98212 ns
[2020-09-11T17:33:59.588+0000][1][safepoint    ] Safepoint "Cleanup", Time since last: 1000115908 ns, Reaching safepoint: 89814 ns, At safepoint: 9128 ns, Total: 98942 ns
[2020-09-11T17:34:00.588+0000][1][safepoint    ] Safepoint "Cleanup", Time since last: 1000132254 ns, Reaching safepoint: 86721 ns, At safepoint: 9225 ns, Total: 95946 ns
[2020-09-11T17:34:01.484+0000][1][safepoint    ] Safepoint "RevokeBias", Time since last: 895704064 ns, Reaching safepoint: 90060 ns, At safepoint: 25671 ns, Total: 115731 ns
[2020-09-11T17:34:01.596+0000][1][safepoint    ] Safepoint "RevokeBias", Time since last: 111628797 ns, Reaching safepoint: 95098 ns, At safepoint: 27628 ns, Total: 122726 ns
[2020-09-11T17:34:02.596+0000][1][safepoint    ] Safepoint "Cleanup", Time since last: 1000114597 ns, Reaching safepoint: 92425 ns, At safepoint: 10486 ns, Total: 102911 ns
[2020-09-11T17:34:03.596+0000][1][safepoint    ] Safepoint "Cleanup", Time since last: 1000115029 ns, Reaching safepoint: 88821 ns, At safepoint: 9679 ns, Total: 98500 ns
[2020-09-11T17:34:04.596+0000][1][safepoint    ] Safepoint "Cleanup", Time since last: 1000121613 ns, Reaching safepoint: 87944 ns, At safepoint: 9434 ns, Total: 97378 ns
[2020-09-11T17:34:05.602+0000][1][safepoint    ] Safepoint "Cleanup", Time since last: 1005345257 ns, Reaching safepoint: 87802 ns, At safepoint: 8814 ns, Total: 96616 ns
[2020-09-11T17:34:06.490+0000][1][safepoint    ] Safepoint "RevokeBias", Time since last: 888689359 ns, Reaching safepoint: 91451 ns, At safepoint: 25842 ns, Total: 117293 ns
[2020-09-11T17:34:06.608+0000][1][safepoint    ] Safepoint "RevokeBias", Time since last: 117189779 ns, Reaching safepoint: 172386 ns, At safepoint: 36940 ns, Total: 209326 ns
[2020-09-11T17:34:07.608+0000][1][safepoint    ] Safepoint "Cleanup", Time since last: 1000112866 ns, Reaching safepoint: 93362 ns, At safepoint: 9101 ns, Total: 102463 ns
[2020-09-11T17:34:08.608+0000][1][safepoint    ] Safepoint "Cleanup", Time since last: 1000115534 ns, Reaching safepoint: 85104 ns, At safepoint: 7352 ns, Total: 92456 ns
[2020-09-11T17:34:09.609+0000][1][safepoint    ] Safepoint "Cleanup", Time since last: 1000111979 ns, Reaching safepoint: 84152 ns, At safepoint: 7400 ns, Total: 91552 ns
[2020-09-11T17:34:10.609+0000][1][safepoint    ] Safepoint "Cleanup", Time since last: 1000118525 ns, Reaching safepoint: 88113 ns, At safepoint: 8951 ns, Total: 97064 ns
[2020-09-11T17:34:11.498+0000][1][safepoint    ] Safepoint "RevokeBias", Time since last: 888699288 ns, Reaching safepoint: 249013 ns, At safepoint: 291973 ns, Total: 540986 ns
[2020-09-11T17:34:11.620+0000][1][safepoint    ] Safepoint "RevokeBias", Time since last: 122143499 ns, Reaching safepoint: 172714 ns, At safepoint: 27530 ns, Total: 200244 ns
[2020-09-11T17:34:12.621+0000][1][safepoint    ] Safepoint "Cleanup", Time since last: 1000117959 ns, Reaching safepoint: 89312 ns, At safepoint: 9842 ns, Total: 99154 ns
[2020-09-11T17:34:13.621+0000][1][safepoint    ] Safepoint "Cleanup", Time since last: 1000116765 ns, Reaching safepoint: 85172 ns, At safepoint: 9451 ns, Total: 94623 ns
[2020-09-11T17:34:14.621+0000][1][safepoint    ] Safepoint "Cleanup", Time since last: 1000208491 ns, Reaching safepoint: 89154 ns, At safepoint: 10013 ns, Total: 99167 ns
[2020-09-11T17:34:15.655+0000][1][safepoint    ] Safepoint "Cleanup", Time since last: 1033506153 ns, Reaching safepoint: 87744 ns, At safepoint: 9650 ns, Total: 97394 ns
[2020-09-11T17:34:16.521+0000][1][safepoint    ] Safepoint "RevokeBias", Time since last: 865422287 ns, Reaching safepoint: 226071 ns, At safepoint: 292035 ns, Total: 518106 ns
[2020-09-11T17:34:16.629+0000][1][safepoint    ] Safepoint "RevokeBias", Time since last: 108155529 ns, Reaching safepoint: 121908 ns, At safepoint: 26155 ns, Total: 148063 ns
[2020-09-11T17:34:17.170+0000][1][gc,start     ] GC(198) Pause Young (Allocation Failure)
[2020-09-11T17:34:17.170+0000][1][gc,task      ] GC(198) Using 1 workers of 1 for evacuation
[2020-09-11T17:34:17.207+0000][1][gc,age       ] GC(198) Desired survivor size 4358144 bytes, new threshold 6 (max threshold 6)
[2020-09-11T17:34:17.207+0000][1][gc,age       ] GC(198) Age table with threshold 6 (max threshold 6)
[2020-09-11T17:34:17.207+0000][1][gc,age       ] GC(198) - age   1:     175048 bytes,     175048 total
[2020-09-11T17:34:17.207+0000][1][gc,age       ] GC(198) - age   2:     235472 bytes,     410520 total
[2020-09-11T17:34:17.207+0000][1][gc,age       ] GC(198) - age   3:      29552 bytes,     440072 total
[2020-09-11T17:34:17.207+0000][1][gc,age       ] GC(198) - age   4:     328672 bytes,     768744 total
[2020-09-11T17:34:17.207+0000][1][gc,age       ] GC(198) - age   5:      21080 bytes,     789824 total
[2020-09-11T17:34:17.207+0000][1][gc,age       ] GC(198) - age   6:     724440 bytes,    1514264 total
[2020-09-11T17:34:17.207+0000][1][gc,heap      ] GC(198) ParNew: 69916K->2784K(76672K)
[2020-09-11T17:34:17.207+0000][1][gc,heap      ] GC(198) CMS: 150403K->150514K(2011968K)
[2020-09-11T17:34:17.207+0000][1][gc,metaspace ] GC(198) Metaspace: 97647K->97647K(1138688K)
[2020-09-11T17:34:17.207+0000][1][gc           ] GC(198) Pause Young (Allocation Failure) 215M->149M(2039M) 37.264ms
[2020-09-11T17:34:17.207+0000][1][gc,cpu       ] GC(198) User=0.02s Sys=0.00s Real=0.04s
[2020-09-11T17:34:17.220+0000][1][safepoint    ] Safepoint "GenCollectForAllocation", Time since last: 540865647 ns, Reaching safepoint: 87722 ns, At safepoint: 50480712 ns, Total: 50568434 ns
[2020-09-11T17:34:18.228+0000][1][safepoint    ] Safepoint "Cleanup", Time since last: 1008053909 ns, Reaching safepoint: 89468 ns, At safepoint: 9437 ns, Total: 98905 ns
[2020-09-11T17:34:19.229+0000][1][safepoint    ] Safepoint "Cleanup", Time since last: 1000115972 ns, Reaching safepoint: 86999 ns, At safepoint: 9385 ns, Total: 96384 ns
[2020-09-11T17:34:20.229+0000][1][safepoint    ] Safepoint "Cleanup", Time since last: 1000091301 ns, Reaching safepoint: 84617 ns, At safepoint: 9297 ns, Total: 93914 ns
[2020-09-11T17:34:21.229+0000][1][safepoint    ] Safepoint "Cleanup", Time since last: 1000109702 ns, Reaching safepoint: 86907 ns, At safepoint: 8052 ns, Total: 94959 ns
[2020-09-11T17:34:21.545+0000][1][safepoint    ] Safepoint "RevokeBias", Time since last: 312578912 ns, Reaching safepoint: 3258868 ns, At safepoint: 296494 ns, Total: 3555362 ns
[2020-09-11T17:34:21.641+0000][1][safepoint    ] Safepoint "RevokeBias", Time since last: 95920091 ns, Reaching safepoint: 88816 ns, At safepoint: 21287 ns, Total: 110103 ns
[2020-09-11T17:34:22.641+0000][1][safepoint    ] Safepoint "Cleanup", Time since last: 1000118269 ns, Reaching safepoint: 89828 ns, At safepoint: 9707 ns, Total: 99535 ns
[2020-09-11T17:34:23.642+0000][1][safepoint    ] Safepoint "Cleanup", Time since last: 1000115021 ns, Reaching safepoint: 96194 ns, At safepoint: 10082 ns, Total: 106276 ns
[2020-09-11T17:34:24.642+0000][1][safepoint    ] Safepoint "Cleanup", Time since last: 1000120159 ns, Reaching safepoint: 89613 ns, At safepoint: 10013 ns, Total: 99626 ns
[2020-09-11T17:34:25.670+0000][1][safepoint    ] Safepoint "Cleanup", Time since last: 1027677995 ns, Reaching safepoint: 112825 ns, At safepoint: 9515 ns, Total: 122340 ns
[2020-09-11T17:34:26.559+0000][1][safepoint    ] Safepoint "RevokeBias", Time since last: 888645554 ns, Reaching safepoint: 105055 ns, At safepoint: 55076 ns, Total: 160131 ns
[2020-09-11T17:34:26.660+0000][1][safepoint    ] Safepoint "RevokeBias", Time since last: 101393165 ns, Reaching safepoint: 222456 ns, At safepoint: 280844 ns, Total: 503300 ns
[2020-09-11T17:34:27.661+0000][1][safepoint    ] Safepoint "Cleanup", Time since last: 1000115697 ns, Reaching safepoint: 99102 ns, At safepoint: 10097 ns, Total: 109199 ns
[2020-09-11T17:34:28.661+0000][1][safepoint    ] Safepoint "Cleanup", Time since last: 1000112355 ns, Reaching safepoint: 101097 ns, At safepoint: 6816 ns, Total: 107913 ns
[2020-09-11T17:34:29.661+0000][1][safepoint    ] Safepoint "Cleanup", Time since last: 1000108458 ns, Reaching safepoint: 91896 ns, At safepoint: 7675 ns, Total: 99571 ns
[2020-09-11T17:34:30.661+0000][1][safepoint    ] Safepoint "Cleanup", Time since last: 1000111991 ns, Reaching safepoint: 87488 ns, At safepoint: 8877 ns, Total: 96365 ns
[2020-09-11T17:34:31.566+0000][1][safepoint    ] Safepoint "RevokeBias", Time since last: 904809781 ns, Reaching safepoint: 175661 ns, At safepoint: 27940 ns, Total: 203601 ns
[2020-09-11T17:34:31.669+0000][1][safepoint    ] Safepoint "BulkRevokeBias", Time since last: 101672461 ns, Reaching safepoint: 212720 ns, At safepoint: 434880 ns, Total: 647600 ns
[2020-09-11T17:34:32.669+0000][1][safepoint    ] Safepoint "Cleanup", Time since last: 1000117678 ns, Reaching safepoint: 105998 ns, At safepoint: 8331 ns, Total: 114329 ns
[2020-09-11T17:34:33.669+0000][1][safepoint    ] Safepoint "Cleanup", Time since last: 1000112571 ns, Reaching safepoint: 85968 ns, At safepoint: 7528 ns, Total: 93496 ns
[2020-09-11T17:34:34.669+0000][1][safepoint    ] Safepoint "Cleanup", Time since last: 1000110930 ns, Reaching safepoint: 86733 ns, At safepoint: 9331 ns, Total: 96064 ns
[2020-09-11T17:34:35.675+0000][1][safepoint    ] Safepoint "Cleanup", Time since last: 1005299902 ns, Reaching safepoint: 89744 ns, At safepoint: 10106 ns, Total: 99850 ns
[2020-09-11T17:34:36.574+0000][1][safepoint    ] Safepoint "RevokeBias", Time since last: 899271280 ns, Reaching safepoint: 101524 ns, At safepoint: 26473 ns, Total: 127997 ns
[2020-09-11T17:34:36.680+0000][1][safepoint    ] Safepoint "RevokeBias", Time since last: 105255775 ns, Reaching safepoint: 221669 ns, At safepoint: 287638 ns, Total: 509307 ns
[2020-09-11T17:34:36.887+0000][1][gc,start     ] GC(199) Pause Young (Allocation Failure)
[2020-09-11T17:34:36.887+0000][1][gc,task      ] GC(199) Using 1 workers of 1 for evacuation
[2020-09-11T17:34:36.912+0000][1][gc,age       ] GC(199) Desired survivor size 4358144 bytes, new threshold 6 (max threshold 6)
[2020-09-11T17:34:36.912+0000][1][gc,age       ] GC(199) Age table with threshold 6 (max threshold 6)
[2020-09-11T17:34:36.912+0000][1][gc,age       ] GC(199) - age   1:      97128 bytes,      97128 total
[2020-09-11T17:34:36.912+0000][1][gc,age       ] GC(199) - age   2:      76568 bytes,     173696 total
[2020-09-11T17:34:36.912+0000][1][gc,age       ] GC(199) - age   3:     234032 bytes,     407728 total
[2020-09-11T17:34:36.912+0000][1][gc,age       ] GC(199) - age   4:      29552 bytes,     437280 total
[2020-09-11T17:34:36.912+0000][1][gc,age       ] GC(199) - age   5:     328672 bytes,     765952 total
[2020-09-11T17:34:36.912+0000][1][gc,age       ] GC(199) - age   6:      21080 bytes,     787032 total
[2020-09-11T17:34:36.912+0000][1][gc,heap      ] GC(199) ParNew: 70944K->902K(76672K)
[2020-09-11T17:34:36.912+0000][1][gc,heap      ] GC(199) CMS: 150514K->151221K(2011968K)
[2020-09-11T17:34:36.912+0000][1][gc,metaspace ] GC(199) Metaspace: 97648K->97648K(1138688K)
[2020-09-11T17:34:36.912+0000][1][gc           ] GC(199) Pause Young (Allocation Failure) 216M->148M(2039M) 24.989ms
[2020-09-11T17:34:36.912+0000][1][gc,cpu       ] GC(199) User=0.02s Sys=0.00s Real=0.02s
[2020-09-11T17:34:36.918+0000][1][safepoint    ] Safepoint "GenCollectForAllocation", Time since last: 206988315 ns, Reaching safepoint: 161072 ns, At safepoint: 30683859 ns, Total: 30844931 ns
[2020-09-11T17:34:37.919+0000][1][safepoint    ] Safepoint "Cleanup", Time since last: 1000924979 ns, Reaching safepoint: 88884 ns, At safepoint: 8807 ns, Total: 97691 ns
[2020-09-11T17:34:38.919+0000][1][safepoint    ] Safepoint "Cleanup", Time since last: 1000125442 ns, Reaching safepoint: 176300 ns, At safepoint: 10377 ns, Total: 186677 ns
[2020-09-11T17:34:39.919+0000][1][safepoint    ] Safepoint "Cleanup", Time since last: 1000113583 ns, Reaching safepoint: 84935 ns, At safepoint: 7183 ns, Total: 92118 ns
[2020-09-11T17:34:40.919+0000][1][safepoint    ] Safepoint "Cleanup", Time since last: 1000115021 ns, Reaching safepoint: 87345 ns, At safepoint: 8465 ns, Total: 95810 ns
[2020-09-11T17:34:41.586+0000][1][safepoint    ] Safepoint "RevokeBias", Time since last: 666229857 ns, Reaching safepoint: 89881 ns, At safepoint: 21554 ns, Total: 111435 ns
[2020-09-11T17:34:41.691+0000][1][safepoint    ] Safepoint "RevokeBias", Time since last: 105307719 ns, Reaching safepoint: 86765 ns, At safepoint: 23372 ns, Total: 110137 ns
[2020-09-11T17:34:45.692+0000][1][safepoint    ] Safepoint "Cleanup", Time since last: 4000353467 ns, Reaching safepoint: 94168 ns, At safepoint: 8795 ns, Total: 102963 ns
[2020-09-11T17:34:46.597+0000][1][safepoint    ] Safepoint "RevokeBias", Time since last: 905087336 ns, Reaching safepoint: 172856 ns, At safepoint: 28454 ns, Total: 201310 ns
[2020-09-11T17:34:46.699+0000][1][safepoint    ] Safepoint "RevokeBias", Time since last: 101522091 ns, Reaching safepoint: 224936 ns, At safepoint: 288179 ns, Total: 513115 ns
[2020-09-11T17:34:49.699+0000][1][safepoint    ] Safepoint "Cleanup", Time since last: 3000274153 ns, Reaching safepoint: 94301 ns, At safepoint: 10702 ns, Total: 105003 ns
[2020-09-11T17:34:50.700+0000][1][safepoint    ] Safepoint "Cleanup", Time since last: 1000125819 ns, Reaching safepoint: 91960 ns, At safepoint: 8471 ns, Total: 100431 ns
[2020-09-11T17:34:51.605+0000][1][safepoint    ] Safepoint "RevokeBias", Time since last: 905006202 ns, Reaching safepoint: 93134 ns, At safepoint: 25392 ns, Total: 118526 ns
[2020-09-11T17:34:51.707+0000][1][safepoint    ] Safepoint "RevokeBias", Time since last: 101797442 ns, Reaching safepoint: 88580 ns, At safepoint: 25737 ns, Total: 114317 ns
[2020-09-11T17:34:53.707+0000][1][safepoint    ] Safepoint "Cleanup", Time since last: 2000191347 ns, Reaching safepoint: 94738 ns, At safepoint: 10298 ns, Total: 105036 ns
[2020-09-11T17:34:55.707+0000][1][safepoint    ] Safepoint "Cleanup", Time since last: 2000185838 ns, Reaching safepoint: 110975 ns, At safepoint: 9471 ns, Total: 120446 ns
[2020-09-11T17:34:56.616+0000][1][safepoint    ] Safepoint "RevokeBias", Time since last: 908171693 ns, Reaching safepoint: 224961 ns, At safepoint: 302401 ns, Total: 527362 ns
[2020-09-11T17:34:56.715+0000][1][safepoint    ] Safepoint "RevokeBias", Time since last: 98794688 ns, Reaching safepoint: 174968 ns, At safepoint: 28032 ns, Total: 203000 ns
[2020-09-11T17:34:57.157+0000][1][gc,start     ] GC(200) Pause Young (Allocation Failure)
[2020-09-11T17:34:57.157+0000][1][gc,task      ] GC(200) Using 1 workers of 1 for evacuation
[2020-09-11T17:34:57.186+0000][1][gc,age       ] GC(200) Desired survivor size 4358144 bytes, new threshold 6 (max threshold 6)
[2020-09-11T17:34:57.186+0000][1][gc,age       ] GC(200) Age table with threshold 6 (max threshold 6)
[2020-09-11T17:34:57.186+0000][1][gc,age       ] GC(200) - age   1:     116280 bytes,     116280 total
[2020-09-11T17:34:57.186+0000][1][gc,age       ] GC(200) - age   2:      20064 bytes,     136344 total
[2020-09-11T17:34:57.186+0000][1][gc,age       ] GC(200) - age   3:      72360 bytes,     208704 total
[2020-09-11T17:34:57.186+0000][1][gc,age       ] GC(200) - age   4:     233992 bytes,     442696 total
[2020-09-11T17:34:57.186+0000][1][gc,age       ] GC(200) - age   5:      29520 bytes,     472216 total
[2020-09-11T17:34:57.186+0000][1][gc,age       ] GC(200) - age   6:     328672 bytes,     800888 total
[2020-09-11T17:34:57.186+0000][1][gc,heap      ] GC(200) ParNew: 69062K->802K(76672K)
[2020-09-11T17:34:57.186+0000][1][gc,heap      ] GC(200) CMS: 151221K->151242K(2011968K)
[2020-09-11T17:34:57.186+0000][1][gc,metaspace ] GC(200) Metaspace: 97653K->97653K(1138688K)
[2020-09-11T17:34:57.186+0000][1][gc           ] GC(200) Pause Young (Allocation Failure) 215M->148M(2039M) 28.803ms
[2020-09-11T17:34:57.186+0000][1][gc,cpu       ] GC(200) User=0.02s Sys=0.00s Real=0.03s
[2020-09-11T17:34:57.186+0000][1][safepoint    ] Safepoint "GenCollectForAllocation", Time since last: 441242875 ns, Reaching safepoint: 726544 ns, At safepoint: 29534992 ns, Total: 30261536 ns
[2020-09-11T17:34:58.197+0000][1][safepoint    ] Safepoint "Cleanup", Time since last: 1010554287 ns, Reaching safepoint: 84669 ns, At safepoint: 7119 ns, Total: 91788 ns
[2020-09-11T17:34:59.197+0000][1][safepoint    ] Safepoint "Cleanup", Time since last: 1000114403 ns, Reaching safepoint: 87728 ns, At safepoint: 8876 ns, Total: 96604 ns
[2020-09-11T17:35:00.197+0000][1][safepoint    ] Safepoint "Cleanup", Time since last: 1000114409 ns, Reaching safepoint: 88435 ns, At safepoint: 9586 ns, Total: 98021 ns
[2020-09-11T17:35:01.198+0000][1][safepoint    ] Safepoint "Cleanup", Time since last: 1000129111 ns, Reaching safepoint: 87018 ns, At safepoint: 9354 ns, Total: 96372 ns
[2020-09-11T17:35:01.623+0000][1][safepoint    ] Safepoint "RevokeBias", Time since last: 424962678 ns, Reaching safepoint: 228294 ns, At safepoint: 278535 ns, Total: 506829 ns
[2020-09-11T17:35:01.723+0000][1][safepoint    ] Safepoint "RevokeBias", Time since last: 99752643 ns, Reaching safepoint: 93318 ns, At safepoint: 25548 ns, Total: 118866 ns
[2020-09-11T17:35:02.723+0000][1][safepoint    ] Safepoint "Cleanup", Time since last: 1000113206 ns, Reaching safepoint: 90293 ns, At safepoint: 9015 ns, Total: 99308 ns
[2020-09-11T17:35:03.723+0000][1][safepoint    ] Safepoint "Cleanup", Time since last: 1000108304 ns, Reaching safepoint: 88024 ns, At safepoint: 9149 ns, Total: 97173 ns
[2020-09-11T17:35:04.724+0000][1][safepoint    ] Safepoint "Cleanup", Time since last: 1000124220 ns, Reaching safepoint: 92944 ns, At safepoint: 9403 ns, Total: 102347 ns
[2020-09-11T17:35:05.732+0000][1][safepoint    ] Safepoint "Cleanup", Time since last: 1007887785 ns, Reaching safepoint: 87349 ns, At safepoint: 9333 ns, Total: 96682 ns
[2020-09-11T17:35:06.631+0000][1][safepoint    ] Safepoint "RevokeBias", Time since last: 898564194 ns, Reaching safepoint: 229028 ns, At safepoint: 306987 ns, Total: 536015 ns
[2020-09-11T17:35:06.731+0000][1][safepoint    ] Safepoint "RevokeBias", Time since last: 99970612 ns, Reaching safepoint: 166672 ns, At safepoint: 23551 ns, Total: 190223 ns
[2020-09-11T17:35:07.731+0000][1][safepoint    ] Safepoint "Cleanup", Time since last: 1000111854 ns, Reaching safepoint: 88020 ns, At safepoint: 9205 ns, Total: 97225 ns
[2020-09-11T17:35:08.731+0000][1][safepoint    ] Safepoint "Cleanup", Time since last: 1000115760 ns, Reaching safepoint: 88055 ns, At safepoint: 9271 ns, Total: 97326 ns
[2020-09-11T17:35:09.732+0000][1][safepoint    ] Safepoint "Cleanup", Time since last: 1000114326 ns, Reaching safepoint: 89815 ns, At safepoint: 9065 ns, Total: 98880 ns
[2020-09-11T17:35:10.732+0000][1][safepoint    ] Safepoint "Cleanup", Time since last: 1000108692 ns, Reaching safepoint: 88286 ns, At safepoint: 9940 ns, Total: 98226 ns
[2020-09-11T17:35:11.643+0000][1][safepoint    ] Safepoint "RevokeBias", Time since last: 911122242 ns, Reaching safepoint: 238950 ns, At safepoint: 306126 ns, Total: 545076 ns
[2020-09-11T17:35:11.739+0000][1][safepoint    ] Safepoint "RevokeBias", Time since last: 95159839 ns, Reaching safepoint: 97645 ns, At safepoint: 35047 ns, Total: 132692 ns
[2020-09-11T17:35:12.739+0000][1][safepoint    ] Safepoint "Cleanup", Time since last: 1000121981 ns, Reaching safepoint: 86806 ns, At safepoint: 9209 ns, Total: 96015 ns
[2020-09-11T17:35:13.739+0000][1][safepoint    ] Safepoint "Cleanup", Time since last: 1000113336 ns, Reaching safepoint: 86570 ns, At safepoint: 8700 ns, Total: 95270 ns
[2020-09-11T17:35:14.739+0000][1][safepoint    ] Safepoint "Cleanup", Time since last: 1000110474 ns, Reaching safepoint: 89834 ns, At safepoint: 9173 ns, Total: 99007 ns
[2020-09-11T17:35:15.747+0000][1][safepoint    ] Safepoint "Cleanup", Time since last: 1007910990 ns, Reaching safepoint: 105463 ns, At safepoint: 10283 ns, Total: 115746 ns
[2020-09-11T17:35:16.652+0000][1][safepoint    ] Safepoint "RevokeBias", Time since last: 904553416 ns, Reaching safepoint: 225247 ns, At safepoint: 308478 ns, Total: 533725 ns
[2020-09-11T17:35:16.747+0000][1][safepoint    ] Safepoint "RevokeBias", Time since last: 94344796 ns, Reaching safepoint: 190651 ns, At safepoint: 37855 ns, Total: 228506 ns
[2020-09-11T17:35:17.747+0000][1][safepoint    ] Safepoint "Cleanup", Time since last: 1000115286 ns, Reaching safepoint: 93356 ns, At safepoint: 10125 ns, Total: 103481 ns
[2020-09-11T17:35:18.747+0000][1][safepoint    ] Safepoint "Cleanup", Time since last: 1000115811 ns, Reaching safepoint: 89233 ns, At safepoint: 9373 ns, Total: 98606 ns
[2020-09-11T17:35:19.748+0000][1][safepoint    ] Safepoint "Cleanup", Time since last: 1000113315 ns, Reaching safepoint: 90958 ns, At safepoint: 9547 ns, Total: 100505 ns
[2020-09-11T17:35:20.748+0000][1][safepoint    ] Safepoint "Cleanup", Time since last: 1000134461 ns, Reaching safepoint: 88377 ns, At safepoint: 9721 ns, Total: 98098 ns
[2020-09-11T17:35:21.664+0000][1][safepoint    ] Safepoint "RevokeBias", Time since last: 915529493 ns, Reaching safepoint: 211440 ns, At safepoint: 238162 ns, Total: 449602 ns
[2020-09-11T17:35:21.755+0000][1][safepoint    ] Safepoint "RevokeBias", Time since last: 91329699 ns, Reaching safepoint: 174832 ns, At safepoint: 27431 ns, Total: 202263 ns
[2020-09-11T17:35:22.756+0000][1][safepoint    ] Safepoint "Cleanup", Time since last: 1000119187 ns, Reaching safepoint: 90134 ns, At safepoint: 10250 ns, Total: 100384 ns
[2020-09-11T17:35:23.451+0000][1][gc,start     ] GC(201) Pause Young (Allocation Failure)
[2020-09-11T17:35:23.451+0000][1][gc,task      ] GC(201) Using 1 workers of 1 for evacuation
[2020-09-11T17:35:23.484+0000][1][gc,age       ] GC(201) Desired survivor size 4358144 bytes, new threshold 6 (max threshold 6)
[2020-09-11T17:35:23.484+0000][1][gc,age       ] GC(201) Age table with threshold 6 (max threshold 6)
[2020-09-11T17:35:23.484+0000][1][gc,age       ] GC(201) - age   1:     492104 bytes,     492104 total
[2020-09-11T17:35:23.484+0000][1][gc,age       ] GC(201) - age   2:      21296 bytes,     513400 total
[2020-09-11T17:35:23.484+0000][1][gc,age       ] GC(201) - age   3:      15648 bytes,     529048 total
[2020-09-11T17:35:23.484+0000][1][gc,age       ] GC(201) - age   4:      72000 bytes,     601048 total
[2020-09-11T17:35:23.484+0000][1][gc,age       ] GC(201) - age   5:     233992 bytes,     835040 total
[2020-09-11T17:35:23.484+0000][1][gc,age       ] GC(201) - age   6:      29488 bytes,     864528 total
[2020-09-11T17:35:23.484+0000][1][gc,heap      ] GC(201) ParNew: 68961K->1574K(76672K)
[2020-09-11T17:35:23.484+0000][1][gc,heap      ] GC(201) CMS: 151242K->151563K(2011968K)
[2020-09-11T17:35:23.484+0000][1][gc,metaspace ] GC(201) Metaspace: 97654K->97654K(1138688K)
[2020-09-11T17:35:23.484+0000][1][gc           ] GC(201) Pause Young (Allocation Failure) 215M->149M(2039M) 33.216ms
[2020-09-11T17:35:23.484+0000][1][gc,cpu       ] GC(201) User=0.02s Sys=0.00s Real=0.04s
[2020-09-11T17:35:23.484+0000][1][safepoint    ] Safepoint "GenCollectForAllocation", Time since last: 694841639 ns, Reaching safepoint: 308271 ns, At safepoint: 33419730 ns, Total: 33728001 ns
[2020-09-11T17:35:24.541+0000][1][safepoint    ] Safepoint "Cleanup", Time since last: 1056926311 ns, Reaching safepoint: 138710 ns, At safepoint: 7001 ns, Total: 145711 ns
[2020-09-11T17:35:25.585+0000][1][safepoint    ] Safepoint "Cleanup", Time since last: 1043685610 ns, Reaching safepoint: 93133 ns, At safepoint: 10029 ns, Total: 103162 ns
[2020-09-11T17:35:26.585+0000][1][safepoint    ] Safepoint "Cleanup", Time since last: 1000112184 ns, Reaching safepoint: 90418 ns, At safepoint: 6906 ns, Total: 97324 ns
[2020-09-11T17:35:26.670+0000][1][safepoint    ] Safepoint "RevokeBias", Time since last: 85092260 ns, Reaching safepoint: 85532 ns, At safepoint: 43926 ns, Total: 129458 ns
[2020-09-11T17:35:26.764+0000][1][safepoint    ] Safepoint "RevokeBias", Time since last: 92927578 ns, Reaching safepoint: 92873 ns, At safepoint: 25914 ns, Total: 118787 ns
[2020-09-11T17:35:27.764+0000][1][safepoint    ] Safepoint "Cleanup", Time since last: 1000110566 ns, Reaching safepoint: 88290 ns, At safepoint: 9457 ns, Total: 97747 ns
[2020-09-11T17:35:28.764+0000][1][safepoint    ] Safepoint "Cleanup", Time since last: 1000117388 ns, Reaching safepoint: 90009 ns, At safepoint: 9262 ns, Total: 99271 ns
[2020-09-11T17:35:29.764+0000][1][safepoint    ] Safepoint "Cleanup", Time since last: 1000112021 ns, Reaching safepoint: 89605 ns, At safepoint: 9622 ns, Total: 99227 ns
[2020-09-11T17:35:30.764+0000][1][safepoint    ] Safepoint "Cleanup", Time since last: 1000112542 ns, Reaching safepoint: 82698 ns, At safepoint: 6677 ns, Total: 89375 ns
[2020-09-11T17:35:31.677+0000][1][safepoint    ] Safepoint "RevokeBias", Time since last: 912855453 ns, Reaching safepoint: 89788 ns, At safepoint: 24108 ns, Total: 113896 ns
[2020-09-11T17:35:31.773+0000][1][safepoint    ] Safepoint "RevokeBias", Time since last: 94999481 ns, Reaching safepoint: 176333 ns, At safepoint: 27532 ns, Total: 203865 ns
[2020-09-11T17:35:32.773+0000][1][safepoint    ] Safepoint "Cleanup", Time since last: 1000113300 ns, Reaching safepoint: 120654 ns, At safepoint: 9903 ns, Total: 130557 ns
[2020-09-11T17:35:33.773+0000][1][safepoint    ] Safepoint "Cleanup", Time since last: 1000109050 ns, Reaching safepoint: 89486 ns, At safepoint: 9508 ns, Total: 98994 ns
[2020-09-11T17:35:34.773+0000][1][safepoint    ] Safepoint "Cleanup", Time since last: 1000110898 ns, Reaching safepoint: 87474 ns, At safepoint: 9890 ns, Total: 97364 ns
[2020-09-11T17:35:35.779+0000][1][safepoint    ] Safepoint "Cleanup", Time since last: 1005297907 ns, Reaching safepoint: 85466 ns, At safepoint: 7452 ns, Total: 92918 ns
[2020-09-11T17:35:36.684+0000][1][safepoint    ] Safepoint "RevokeBias", Time since last: 905277701 ns, Reaching safepoint: 227517 ns, At safepoint: 283846 ns, Total: 511363 ns
[2020-09-11T17:35:36.781+0000][1][safepoint    ] Safepoint "RevokeBias", Time since last: 96273150 ns, Reaching safepoint: 201213 ns, At safepoint: 28845 ns, Total: 230058 ns
[2020-09-11T17:35:37.781+0000][1][safepoint    ] Safepoint "Cleanup", Time since last: 1000120869 ns, Reaching safepoint: 90022 ns, At safepoint: 9775 ns, Total: 99797 ns
[2020-09-11T17:35:38.781+0000][1][safepoint    ] Safepoint "Cleanup", Time since last: 1000113177 ns, Reaching safepoint: 86651 ns, At safepoint: 14280 ns, Total: 100931 ns
[2020-09-11T17:35:39.782+0000][1][safepoint    ] Safepoint "Cleanup", Time since last: 1000115328 ns, Reaching safepoint: 89263 ns, At safepoint: 9216 ns, Total: 98479 ns
[2020-09-11T17:35:40.782+0000][1][safepoint    ] Safepoint "Cleanup", Time since last: 1000113905 ns, Reaching safepoint: 88850 ns, At safepoint: 8828 ns, Total: 97678 ns
[2020-09-11T17:35:41.696+0000][1][safepoint    ] Safepoint "RevokeBias", Time since last: 913334697 ns, Reaching safepoint: 224872 ns, At safepoint: 312433 ns, Total: 537305 ns
[2020-09-11T17:35:41.789+0000][1][safepoint    ] Safepoint "RevokeBias", Time since last: 93417513 ns, Reaching safepoint: 93705 ns, At safepoint: 25815 ns, Total: 119520 ns
[2020-09-11T17:35:43.297+0000][1][gc,start     ] GC(202) Pause Young (Allocation Failure)
[2020-09-11T17:35:43.297+0000][1][gc,task      ] GC(202) Using 1 workers of 1 for evacuation
[2020-09-11T17:35:43.330+0000][1][gc,age       ] GC(202) Desired survivor size 4358144 bytes, new threshold 6 (max threshold 6)
[2020-09-11T17:35:43.330+0000][1][gc,age       ] GC(202) Age table with threshold 6 (max threshold 6)
[2020-09-11T17:35:43.330+0000][1][gc,age       ] GC(202) - age   1:     197800 bytes,     197800 total
[2020-09-11T17:35:43.330+0000][1][gc,age       ] GC(202) - age   2:     118280 bytes,     316080 total
[2020-09-11T17:35:43.330+0000][1][gc,age       ] GC(202) - age   3:      17720 bytes,     333800 total
[2020-09-11T17:35:43.330+0000][1][gc,age       ] GC(202) - age   4:      15568 bytes,     349368 total
[2020-09-11T17:35:43.330+0000][1][gc,age       ] GC(202) - age   5:      72000 bytes,     421368 total
[2020-09-11T17:35:43.330+0000][1][gc,age       ] GC(202) - age   6:     233680 bytes,     655048 total
[2020-09-11T17:35:43.330+0000][1][gc,heap      ] GC(202) ParNew: 69734K->1026K(76672K)
[2020-09-11T17:35:43.330+0000][1][gc,heap      ] GC(202) CMS: 151563K->151592K(2011968K)
[2020-09-11T17:35:43.330+0000][1][gc,metaspace ] GC(202) Metaspace: 97654K->97654K(1138688K)
[2020-09-11T17:35:43.330+0000][1][gc           ] GC(202) Pause Young (Allocation Failure) 216M->149M(2039M) 33.214ms
[2020-09-11T17:35:43.330+0000][1][gc,cpu       ] GC(202) User=0.02s Sys=0.00s Real=0.03s
[2020-09-11T17:35:43.330+0000][1][safepoint    ] Safepoint "GenCollectForAllocation", Time since last: 1507111303 ns, Reaching safepoint: 562582 ns, At safepoint: 33286630 ns, Total: 33849212 ns
[2020-09-11T17:35:46.709+0000][1][safepoint    ] Safepoint "BulkRevokeBias", Time since last: 3377791230 ns, Reaching safepoint: 213033 ns, At safepoint: 434326 ns, Total: 647359 ns
[2020-09-11T17:35:46.798+0000][1][safepoint    ] Safepoint "RevokeBias", Time since last: 88820387 ns, Reaching safepoint: 94412 ns, At safepoint: 25640 ns, Total: 120052 ns
[2020-09-11T17:35:51.716+0000][1][safepoint    ] Safepoint "RevokeBias", Time since last: 4918091787 ns, Reaching safepoint: 240507 ns, At safepoint: 298237 ns, Total: 538744 ns
[2020-09-11T17:35:51.806+0000][1][safepoint    ] Safepoint "RevokeBias", Time since last: 89552649 ns, Reaching safepoint: 93818 ns, At safepoint: 23538 ns, Total: 117356 ns
[2020-09-11T17:35:56.724+0000][1][safepoint    ] Safepoint "RevokeBias", Time since last: 4917674328 ns, Reaching safepoint: 171275 ns, At safepoint: 27185 ns, Total: 198460 ns
[2020-09-11T17:35:56.819+0000][1][safepoint    ] Safepoint "RevokeBias", Time since last: 95028592 ns, Reaching safepoint: 87961 ns, At safepoint: 23322 ns, Total: 111283 ns
[2020-09-11T17:35:57.819+0000][1][safepoint    ] Safepoint "Cleanup", Time since last: 1000109817 ns, Reaching safepoint: 91213 ns, At safepoint: 9357 ns, Total: 100570 ns
[2020-09-11T17:36:01.731+0000][1][safepoint    ] Safepoint "RevokeBias", Time since last: 3912040195 ns, Reaching safepoint: 177274 ns, At safepoint: 28244 ns, Total: 205518 ns
[2020-09-11T17:36:01.826+0000][1][safepoint    ] Safepoint "RevokeBias", Time since last: 94588841 ns, Reaching safepoint: 219659 ns, At safepoint: 306826 ns, Total: 526485 ns
[2020-09-11T17:36:04.824+0000][1][gc,start     ] GC(203) Pause Young (Allocation Failure)
[2020-09-11T17:36:04.830+0000][1][gc,task      ] GC(203) Using 1 workers of 1 for evacuation
[2020-09-11T17:36:04.855+0000][1][gc,age       ] GC(203) Desired survivor size 4358144 bytes, new threshold 6 (max threshold 6)
[2020-09-11T17:36:04.855+0000][1][gc,age       ] GC(203) Age table with threshold 6 (max threshold 6)
[2020-09-11T17:36:04.855+0000][1][gc,age       ] GC(203) - age   1:     262040 bytes,     262040 total
[2020-09-11T17:36:04.855+0000][1][gc,age       ] GC(203) - age   2:     123544 bytes,     385584 total
[2020-09-11T17:36:04.856+0000][1][gc,age       ] GC(203) - age   3:     114480 bytes,     500064 total
[2020-09-11T17:36:04.856+0000][1][gc,age       ] GC(203) - age   4:      17688 bytes,     517752 total
[2020-09-11T17:36:04.856+0000][1][gc,age       ] GC(203) - age   5:      15536 bytes,     533288 total
[2020-09-11T17:36:04.856+0000][1][gc,age       ] GC(203) - age   6:      72000 bytes,     605288 total
[2020-09-11T17:36:04.856+0000][1][gc,heap      ] GC(203) ParNew: 69186K->608K(76672K)
[2020-09-11T17:36:04.856+0000][1][gc,heap      ] GC(203) CMS: 151592K->151820K(2011968K)
[2020-09-11T17:36:04.856+0000][1][gc,metaspace ] GC(203) Metaspace: 97655K->97655K(1138688K)
[2020-09-11T17:36:04.856+0000][1][gc           ] GC(203) Pause Young (Allocation Failure) 215M->148M(2039M) 31.187ms
[2020-09-11T17:36:04.856+0000][1][gc,cpu       ] GC(203) User=0.01s Sys=0.00s Real=0.03s
[2020-09-11T17:36:04.861+0000][1][safepoint    ] Safepoint "GenCollectForAllocation", Time since last: 2997839072 ns, Reaching safepoint: 172179 ns, At safepoint: 36957610 ns, Total: 37129789 ns
[2020-09-11T17:36:05.879+0000][1][safepoint    ] Safepoint "Cleanup", Time since last: 1017043908 ns, Reaching safepoint: 84904 ns, At safepoint: 21054 ns, Total: 105958 ns
[2020-09-11T17:36:06.739+0000][1][safepoint    ] Safepoint "RevokeBias", Time since last: 860401817 ns, Reaching safepoint: 174897 ns, At safepoint: 40462 ns, Total: 215359 ns
[2020-09-11T17:36:06.837+0000][1][safepoint    ] Safepoint "RevokeBias", Time since last: 97763772 ns, Reaching safepoint: 220462 ns, At safepoint: 269796 ns, Total: 490258 ns
[2020-09-11T17:36:07.838+0000][1][safepoint    ] Safepoint "Cleanup", Time since last: 1000300729 ns, Reaching safepoint: 88124 ns, At safepoint: 8316 ns, Total: 96440 ns
[2020-09-11T17:36:08.838+0000][1][safepoint    ] Safepoint "Cleanup", Time since last: 1000112720 ns, Reaching safepoint: 88267 ns, At safepoint: 9038 ns, Total: 97305 ns
[2020-09-11T17:36:09.838+0000][1][safepoint    ] Safepoint "Cleanup", Time since last: 1000111467 ns, Reaching safepoint: 92722 ns, At safepoint: 9423 ns, Total: 102145 ns
[2020-09-11T17:36:10.838+0000][1][safepoint    ] Safepoint "Cleanup", Time since last: 1000143573 ns, Reaching safepoint: 98803 ns, At safepoint: 10099 ns, Total: 108902 ns
[2020-09-11T17:36:11.747+0000][1][safepoint    ] Safepoint "RevokeBias", Time since last: 908420904 ns, Reaching safepoint: 94691 ns, At safepoint: 26709 ns, Total: 121400 ns
[2020-09-11T17:36:11.845+0000][1][safepoint    ] Safepoint "RevokeBias", Time since last: 97692356 ns, Reaching safepoint: 225367 ns, At safepoint: 300993 ns, Total: 526360 ns
[2020-09-11T17:36:12.845+0000][1][safepoint    ] Safepoint "Cleanup", Time since last: 1000117241 ns, Reaching safepoint: 85781 ns, At safepoint: 7251 ns, Total: 93032 ns
[2020-09-11T17:36:13.846+0000][1][safepoint    ] Safepoint "Cleanup", Time since last: 1000114984 ns, Reaching safepoint: 88103 ns, At safepoint: 8638 ns, Total: 96741 ns
[2020-09-11T17:36:14.846+0000][1][safepoint    ] Safepoint "Cleanup", Time since last: 1000116261 ns, Reaching safepoint: 90582 ns, At safepoint: 9569 ns, Total: 100151 ns
[2020-09-11T17:36:15.846+0000][1][safepoint    ] Safepoint "Cleanup", Time since last: 1000114607 ns, Reaching safepoint: 85954 ns, At safepoint: 9189 ns, Total: 95143 ns
[2020-09-11T17:36:16.767+0000][1][safepoint    ] Safepoint "RevokeBias", Time since last: 921197121 ns, Reaching safepoint: 170771 ns, At safepoint: 27098 ns, Total: 197869 ns
[2020-09-11T17:36:16.856+0000][1][safepoint    ] Safepoint "RevokeBias", Time since last: 88304772 ns, Reaching safepoint: 225332 ns, At safepoint: 284381 ns, Total: 509713 ns
[2020-09-11T17:36:17.856+0000][1][safepoint    ] Safepoint "Cleanup", Time since last: 1000116223 ns, Reaching safepoint: 84929 ns, At safepoint: 7693 ns, Total: 92622 ns
[2020-09-11T17:36:18.857+0000][1][safepoint    ] Safepoint "Cleanup", Time since last: 1000122494 ns, Reaching safepoint: 94761 ns, At safepoint: 10357 ns, Total: 105118 ns
[2020-09-11T17:36:19.857+0000][1][safepoint    ] Safepoint "Cleanup", Time since last: 1000137793 ns, Reaching safepoint: 88451 ns, At safepoint: 9158 ns, Total: 97609 ns
[2020-09-11T17:36:20.857+0000][1][safepoint    ] Safepoint "Cleanup", Time since last: 1000113353 ns, Reaching safepoint: 84290 ns, At safepoint: 6936 ns, Total: 91226 ns
[2020-09-11T17:36:21.775+0000][1][safepoint    ] Safepoint "RevokeBias", Time since last: 917554943 ns, Reaching safepoint: 168708 ns, At safepoint: 23594 ns, Total: 192302 ns
[2020-09-11T17:36:21.864+0000][1][safepoint    ] Safepoint "RevokeBias", Time since last: 88982901 ns, Reaching safepoint: 90319 ns, At safepoint: 25127 ns, Total: 115446 ns
[2020-09-11T17:36:22.864+0000][1][safepoint    ] Safepoint "Cleanup", Time since last: 1000119369 ns, Reaching safepoint: 84047 ns, At safepoint: 6730 ns, Total: 90777 ns
[2020-09-11T17:36:23.864+0000][1][safepoint    ] Safepoint "Cleanup", Time since last: 1000105541 ns, Reaching safepoint: 92974 ns, At safepoint: 10509 ns, Total: 103483 ns
[2020-09-11T17:36:24.865+0000][1][safepoint    ] Safepoint "Cleanup", Time since last: 1000110720 ns, Reaching safepoint: 86997 ns, At safepoint: 9117 ns, Total: 96114 ns
[2020-09-11T17:36:25.865+0000][1][safepoint    ] Safepoint "Cleanup", Time since last: 1000115081 ns, Reaching safepoint: 121187 ns, At safepoint: 9431 ns, Total: 130618 ns
[2020-09-11T17:36:26.782+0000][1][safepoint    ] Safepoint "RevokeBias", Time since last: 916670747 ns, Reaching safepoint: 224759 ns, At safepoint: 302637 ns, Total: 527396 ns
[2020-09-11T17:36:26.872+0000][1][safepoint    ] Safepoint "RevokeBias", Time since last: 90106858 ns, Reaching safepoint: 93432 ns, At safepoint: 25444 ns, Total: 118876 ns
[2020-09-11T17:36:26.987+0000][1][gc,start     ] GC(204) Pause Young (Allocation Failure)
[2020-09-11T17:36:26.987+0000][1][gc,task      ] GC(204) Using 1 workers of 1 for evacuation
[2020-09-11T17:36:27.015+0000][1][gc,age       ] GC(204) Desired survivor size 4358144 bytes, new threshold 6 (max threshold 6)
[2020-09-11T17:36:27.015+0000][1][gc,age       ] GC(204) Age table with threshold 6 (max threshold 6)
[2020-09-11T17:36:27.015+0000][1][gc,age       ] GC(204) - age   1:     895696 bytes,     895696 total
[2020-09-11T17:36:27.015+0000][1][gc,age       ] GC(204) - age   2:     162536 bytes,    1058232 total
[2020-09-11T17:36:27.015+0000][1][gc,age       ] GC(204) - age   3:     119072 bytes,    1177304 total
[2020-09-11T17:36:27.015+0000][1][gc,age       ] GC(204) - age   4:     114016 bytes,    1291320 total
[2020-09-11T17:36:27.015+0000][1][gc,age       ] GC(204) - age   5:      17688 bytes,    1309008 total
[2020-09-11T17:36:27.015+0000][1][gc,age       ] GC(204) - age   6:      15504 bytes,    1324512 total
[2020-09-11T17:36:27.015+0000][1][gc,heap      ] GC(204) ParNew: 68768K->1786K(76672K)
[2020-09-11T17:36:27.015+0000][1][gc,heap      ] GC(204) CMS: 151820K->151890K(2011968K)
[2020-09-11T17:36:27.015+0000][1][gc,metaspace ] GC(204) Metaspace: 97660K->97660K(1138688K)
[2020-09-11T17:36:27.015+0000][1][gc           ] GC(204) Pause Young (Allocation Failure) 215M->150M(2039M) 28.385ms
[2020-09-11T17:36:27.015+0000][1][gc,cpu       ] GC(204) User=0.02s Sys=0.00s Real=0.03s
[2020-09-11T17:36:27.015+0000][1][safepoint    ] Safepoint "GenCollectForAllocation", Time since last: 114285058 ns, Reaching safepoint: 178610 ns, At safepoint: 28502357 ns, Total: 28680967 ns
[2020-09-11T17:36:28.029+0000][1][safepoint    ] Safepoint "Cleanup", Time since last: 1013683543 ns, Reaching safepoint: 108594 ns, At safepoint: 9620 ns, Total: 118214 ns
[2020-09-11T17:36:29.029+0000][1][safepoint    ] Safepoint "Cleanup", Time since last: 1000108741 ns, Reaching safepoint: 88242 ns, At safepoint: 8832 ns, Total: 97074 ns
[2020-09-11T17:36:30.029+0000][1][safepoint    ] Safepoint "Cleanup", Time since last: 1000114799 ns, Reaching safepoint: 89951 ns, At safepoint: 10230 ns, Total: 100181 ns
[2020-09-11T17:36:31.789+0000][1][safepoint    ] Safepoint "RevokeBias", Time since last: 1759353629 ns, Reaching safepoint: 88243 ns, At safepoint: 42614 ns, Total: 130857 ns
[2020-09-11T17:36:31.880+0000][1][safepoint    ] Safepoint "RevokeBias", Time since last: 91351205 ns, Reaching safepoint: 92341 ns, At safepoint: 24701 ns, Total: 117042 ns
[2020-09-11T17:36:36.796+0000][1][safepoint    ] Safepoint "RevokeBias", Time since last: 4915023721 ns, Reaching safepoint: 228319 ns, At safepoint: 297319 ns, Total: 525638 ns
[2020-09-11T17:36:36.889+0000][1][safepoint    ] Safepoint "RevokeBias", Time since last: 92591109 ns, Reaching safepoint: 96571 ns, At safepoint: 27564 ns, Total: 124135 ns
[2020-09-11T17:36:37.893+0000][1][safepoint    ] Safepoint "Cleanup", Time since last: 1004070051 ns, Reaching safepoint: 94620 ns, At safepoint: 8052 ns, Total: 102672 ns
[2020-09-11T17:36:39.893+0000][1][safepoint    ] Safepoint "Cleanup", Time since last: 2000188183 ns, Reaching safepoint: 92569 ns, At safepoint: 9867 ns, Total: 102436 ns
[2020-09-11T17:36:41.803+0000][1][safepoint    ] Safepoint "RevokeBias", Time since last: 1909579732 ns, Reaching safepoint: 209642 ns, At safepoint: 239012 ns, Total: 448654 ns
[2020-09-11T17:36:41.904+0000][1][safepoint    ] Safepoint "RevokeBias", Time since last: 100911812 ns, Reaching safepoint: 172643 ns, At safepoint: 26747 ns, Total: 199390 ns
[2020-09-11T17:36:46.815+0000][1][safepoint    ] Safepoint "RevokeBias", Time since last: 4910041482 ns, Reaching safepoint: 236211 ns, At safepoint: 285293 ns, Total: 521504 ns
[2020-09-11T17:36:46.913+0000][1][safepoint    ] Safepoint "RevokeBias", Time since last: 98371442 ns, Reaching safepoint: 91453 ns, At safepoint: 22762 ns, Total: 114215 ns
[2020-09-11T17:36:47.914+0000][1][safepoint    ] Safepoint "Cleanup", Time since last: 1000133730 ns, Reaching safepoint: 104173 ns, At safepoint: 9947 ns, Total: 114120 ns
[2020-09-11T17:36:48.389+0000][1][gc,start     ] GC(205) Pause Young (Allocation Failure)
[2020-09-11T17:36:48.389+0000][1][gc,task      ] GC(205) Using 1 workers of 1 for evacuation
[2020-09-11T17:36:48.419+0000][1][gc,age       ] GC(205) Desired survivor size 4358144 bytes, new threshold 6 (max threshold 6)
[2020-09-11T17:36:48.419+0000][1][gc,age       ] GC(205) Age table with threshold 6 (max threshold 6)
[2020-09-11T17:36:48.419+0000][1][gc,age       ] GC(205) - age   1:     162720 bytes,     162720 total
[2020-09-11T17:36:48.419+0000][1][gc,age       ] GC(205) - age   2:     810576 bytes,     973296 total
[2020-09-11T17:36:48.419+0000][1][gc,age       ] GC(205) - age   3:     161992 bytes,    1135288 total
[2020-09-11T17:36:48.419+0000][1][gc,age       ] GC(205) - age   4:     119072 bytes,    1254360 total
[2020-09-11T17:36:48.419+0000][1][gc,age       ] GC(205) - age   5:     113704 bytes,    1368064 total
[2020-09-11T17:36:48.419+0000][1][gc,age       ] GC(205) - age   6:      17616 bytes,    1385680 total
[2020-09-11T17:36:48.419+0000][1][gc,heap      ] GC(205) ParNew: 69946K->2237K(76672K)
[2020-09-11T17:36:48.419+0000][1][gc,heap      ] GC(205) CMS: 151890K->151905K(2011968K)
[2020-09-11T17:36:48.419+0000][1][gc,metaspace ] GC(205) Metaspace: 97667K->97667K(1138688K)
[2020-09-11T17:36:48.419+0000][1][gc           ] GC(205) Pause Young (Allocation Failure) 216M->150M(2039M) 30.236ms
[2020-09-11T17:36:48.419+0000][1][gc,cpu       ] GC(205) User=0.02s Sys=0.00s Real=0.03s
[2020-09-11T17:36:48.421+0000][1][safepoint    ] Safepoint "GenCollectForAllocation", Time since last: 474498714 ns, Reaching safepoint: 745431 ns, At safepoint: 32116481 ns, Total: 32861912 ns
[2020-09-11T17:36:51.822+0000][1][safepoint    ] Safepoint "RevokeBias", Time since last: 3400621022 ns, Reaching safepoint: 214154 ns, At safepoint: 234888 ns, Total: 449042 ns
[2020-09-11T17:36:51.921+0000][1][safepoint    ] Safepoint "RevokeBias", Time since last: 98884392 ns, Reaching safepoint: 89072 ns, At safepoint: 22282 ns, Total: 111354 ns
[2020-09-11T17:36:53.921+0000][1][safepoint    ] Safepoint "Cleanup", Time since last: 2000181139 ns, Reaching safepoint: 91066 ns, At safepoint: 9364 ns, Total: 100430 ns
[2020-09-11T17:36:54.922+0000][1][safepoint    ] Safepoint "Cleanup", Time since last: 1000113949 ns, Reaching safepoint: 95525 ns, At safepoint: 10166 ns, Total: 105691 ns
[2020-09-11T17:36:56.834+0000][1][safepoint    ] Safepoint "RevokeBias", Time since last: 1912660483 ns, Reaching safepoint: 166777 ns, At safepoint: 23516 ns, Total: 190293 ns
[2020-09-11T17:36:56.929+0000][1][safepoint    ] Safepoint "BulkRevokeBias", Time since last: 93755533 ns, Reaching safepoint: 222908 ns, At safepoint: 525208 ns, Total: 748116 ns
[2020-09-11T17:37:01.841+0000][1][safepoint    ] Safepoint "RevokeBias", Time since last: 4912408315 ns, Reaching safepoint: 167235 ns, At safepoint: 22373 ns, Total: 189608 ns
[2020-09-11T17:37:01.939+0000][1][safepoint    ] Safepoint "RevokeBias", Time since last: 96762153 ns, Reaching safepoint: 220629 ns, At safepoint: 283322 ns, Total: 503951 ns
[2020-09-11T17:37:04.939+0000][1][safepoint    ] Safepoint "Cleanup", Time since last: 3000265674 ns, Reaching safepoint: 95117 ns, At safepoint: 10267 ns, Total: 105384 ns
[2020-09-11T17:37:06.852+0000][1][safepoint    ] Safepoint "RevokeBias", Time since last: 1912286435 ns, Reaching safepoint: 165473 ns, At safepoint: 23219 ns, Total: 188692 ns
[2020-09-11T17:37:06.947+0000][1][safepoint    ] Safepoint "RevokeBias", Time since last: 94546115 ns, Reaching safepoint: 224450 ns, At safepoint: 287788 ns, Total: 512238 ns
[2020-09-11T17:37:08.436+0000][1][gc,start     ] GC(206) Pause Young (Allocation Failure)
[2020-09-11T17:37:08.436+0000][1][gc,task      ] GC(206) Using 1 workers of 1 for evacuation
[2020-09-11T17:37:08.461+0000][1][gc,age       ] GC(206) Desired survivor size 4358144 bytes, new threshold 6 (max threshold 6)
[2020-09-11T17:37:08.461+0000][1][gc,age       ] GC(206) Age table with threshold 6 (max threshold 6)
[2020-09-11T17:37:08.461+0000][1][gc,age       ] GC(206) - age   1:      86000 bytes,      86000 total
[2020-09-11T17:37:08.461+0000][1][gc,age       ] GC(206) - age   2:      87192 bytes,     173192 total
[2020-09-11T17:37:08.461+0000][1][gc,age       ] GC(206) - age   3:     806080 bytes,     979272 total
[2020-09-11T17:37:08.465+0000][1][gc,age       ] GC(206) - age   4:     161856 bytes,    1141128 total
[2020-09-11T17:37:08.465+0000][1][gc,age       ] GC(206) - age   5:     119040 bytes,    1260168 total
[2020-09-11T17:37:08.465+0000][1][gc,age       ] GC(206) - age   6:     113704 bytes,    1373872 total
[2020-09-11T17:37:08.465+0000][1][gc,heap      ] GC(206) ParNew: 70397K->2589K(76672K)
[2020-09-11T17:37:08.465+0000][1][gc,heap      ] GC(206) CMS: 151905K->151923K(2011968K)
[2020-09-11T17:37:08.465+0000][1][gc,metaspace ] GC(206) Metaspace: 97668K->97668K(1138688K)
[2020-09-11T17:37:08.465+0000][1][gc           ] GC(206) Pause Young (Allocation Failure) 217M->150M(2039M) 29.372ms
[2020-09-11T17:37:08.465+0000][1][gc,cpu       ] GC(206) User=0.02s Sys=0.00s Real=0.03s
[2020-09-11T17:37:08.469+0000][1][safepoint    ] Safepoint "GenCollectForAllocation", Time since last: 1488769470 ns, Reaching safepoint: 79909 ns, At safepoint: 33349062 ns, Total: 33428971 ns
[2020-09-11T17:37:11.872+0000][1][safepoint    ] Safepoint "RevokeBias", Time since last: 3402533268 ns, Reaching safepoint: 166506 ns, At safepoint: 23541 ns, Total: 190047 ns
[2020-09-11T17:37:11.966+0000][1][safepoint    ] Safepoint "RevokeBias", Time since last: 93481984 ns, Reaching safepoint: 232539 ns, At safepoint: 264420 ns, Total: 496959 ns
[2020-09-11T17:37:13.966+0000][1][safepoint    ] Safepoint "Cleanup", Time since last: 2000191816 ns, Reaching safepoint: 89300 ns, At safepoint: 7911 ns, Total: 97211 ns
[2020-09-11T17:37:16.879+0000][1][safepoint    ] Safepoint "RevokeBias", Time since last: 2913146657 ns, Reaching safepoint: 96003 ns, At safepoint: 25015 ns, Total: 121018 ns
[2020-09-11T17:37:16.982+0000][1][safepoint    ] Safepoint "RevokeBias", Time since last: 102734703 ns, Reaching safepoint: 92185 ns, At safepoint: 26022 ns, Total: 118207 ns
[2020-09-11T17:37:21.888+0000][1][safepoint    ] Safepoint "RevokeBias", Time since last: 4906111091 ns, Reaching safepoint: 95225 ns, At safepoint: 25929 ns, Total: 121154 ns
[2020-09-11T17:37:21.992+0000][1][safepoint    ] Safepoint "RevokeBias", Time since last: 103708271 ns, Reaching safepoint: 92606 ns, At safepoint: 27087 ns, Total: 119693 ns
[2020-09-11T17:37:24.992+0000][1][safepoint    ] Safepoint "Cleanup", Time since last: 3000288558 ns, Reaching safepoint: 87429 ns, At safepoint: 9491 ns, Total: 96920 ns
[2020-09-11T17:37:25.993+0000][1][safepoint    ] Safepoint "Cleanup", Time since last: 1000129608 ns, Reaching safepoint: 86671 ns, At safepoint: 9487 ns, Total: 96158 ns
[2020-09-11T17:37:26.895+0000][1][safepoint    ] Safepoint "RevokeBias", Time since last: 902237207 ns, Reaching safepoint: 229850 ns, At safepoint: 288293 ns, Total: 518143 ns
[2020-09-11T17:37:27.007+0000][1][safepoint    ] Safepoint "RevokeBias", Time since last: 111573209 ns, Reaching safepoint: 90530 ns, At safepoint: 22112 ns, Total: 112642 ns
[2020-09-11T17:37:28.007+0000][1][safepoint    ] Safepoint "Cleanup", Time since last: 1000113404 ns, Reaching safepoint: 87609 ns, At safepoint: 9487 ns, Total: 97096 ns
[2020-09-11T17:37:29.007+0000][1][safepoint    ] Safepoint "Cleanup", Time since last: 1000115213 ns, Reaching safepoint: 86513 ns, At safepoint: 9826 ns, Total: 96339 ns
[2020-09-11T17:37:30.008+0000][1][safepoint    ] Safepoint "Cleanup", Time since last: 1000117149 ns, Reaching safepoint: 96891 ns, At safepoint: 10282 ns, Total: 107173 ns
[2020-09-11T17:37:31.008+0000][1][safepoint    ] Safepoint "Cleanup", Time since last: 1000116170 ns, Reaching safepoint: 87402 ns, At safepoint: 8881 ns, Total: 96283 ns
[2020-09-11T17:37:31.902+0000][1][safepoint    ] Safepoint "RevokeBias", Time since last: 894256512 ns, Reaching safepoint: 92420 ns, At safepoint: 25456 ns, Total: 117876 ns
[2020-09-11T17:37:32.015+0000][1][safepoint    ] Safepoint "RevokeBias", Time since last: 112354691 ns, Reaching safepoint: 171731 ns, At safepoint: 26814 ns, Total: 198545 ns
[2020-09-11T17:37:33.015+0000][1][safepoint    ] Safepoint "Cleanup", Time since last: 1000118125 ns, Reaching safepoint: 88204 ns, At safepoint: 9157 ns, Total: 97361 ns
[2020-09-11T17:37:33.525+0000][1][gc,start     ] GC(207) Pause Young (Allocation Failure)
[2020-09-11T17:37:33.525+0000][1][gc,task      ] GC(207) Using 1 workers of 1 for evacuation
[2020-09-11T17:37:33.557+0000][1][gc,age       ] GC(207) Desired survivor size 4358144 bytes, new threshold 6 (max threshold 6)
[2020-09-11T17:37:33.557+0000][1][gc,age       ] GC(207) Age table with threshold 6 (max threshold 6)
[2020-09-11T17:37:33.557+0000][1][gc,age       ] GC(207) - age   1:     319736 bytes,     319736 total
[2020-09-11T17:37:33.557+0000][1][gc,age       ] GC(207) - age   2:      10872 bytes,     330608 total
[2020-09-11T17:37:33.557+0000][1][gc,age       ] GC(207) - age   3:      84000 bytes,     414608 total
[2020-09-11T17:37:33.557+0000][1][gc,age       ] GC(207) - age   4:     805856 bytes,    1220464 total
[2020-09-11T17:37:33.557+0000][1][gc,age       ] GC(207) - age   5:     161784 bytes,    1382248 total
[2020-09-11T17:37:33.557+0000][1][gc,age       ] GC(207) - age   6:     119008 bytes,    1501256 total
[2020-09-11T17:37:33.557+0000][1][gc,heap      ] GC(207) ParNew: 70749K->1653K(76672K)
[2020-09-11T17:37:33.557+0000][1][gc,heap      ] GC(207) CMS: 151923K->152034K(2011968K)
[2020-09-11T17:37:33.557+0000][1][gc,metaspace ] GC(207) Metaspace: 97671K->97671K(1138688K)
[2020-09-11T17:37:33.557+0000][1][gc           ] GC(207) Pause Young (Allocation Failure) 217M->150M(2039M) 32.343ms
[2020-09-11T17:37:33.557+0000][1][gc,cpu       ] GC(207) User=0.02s Sys=0.00s Real=0.03s
[2020-09-11T17:37:33.557+0000][1][safepoint    ] Safepoint "GenCollectForAllocation", Time since last: 508738566 ns, Reaching safepoint: 1028608 ns, At safepoint: 32413054 ns, Total: 33441662 ns
[2020-09-11T17:37:34.558+0000][1][safepoint    ] Safepoint "Cleanup", Time since last: 1000881988 ns, Reaching safepoint: 79392 ns, At safepoint: 19067 ns, Total: 98459 ns
[2020-09-11T17:37:35.561+0000][1][safepoint    ] Safepoint "Cleanup", Time since last: 1002191505 ns, Reaching safepoint: 83416 ns, At safepoint: 7273 ns, Total: 90689 ns
[2020-09-11T17:37:36.561+0000][1][safepoint    ] Safepoint "Cleanup", Time since last: 1000113280 ns, Reaching safepoint: 84357 ns, At safepoint: 7768 ns, Total: 92125 ns
[2020-09-11T17:37:36.910+0000][1][safepoint    ] Safepoint "RevokeBias", Time since last: 349360288 ns, Reaching safepoint: 92220 ns, At safepoint: 26241 ns, Total: 118461 ns
[2020-09-11T17:37:37.029+0000][1][safepoint    ] Safepoint "RevokeBias", Time since last: 118538707 ns, Reaching safepoint: 125113 ns, At safepoint: 23891 ns, Total: 149004 ns
[2020-09-11T17:37:38.029+0000][1][safepoint    ] Safepoint "Cleanup", Time since last: 1000109622 ns, Reaching safepoint: 84329 ns, At safepoint: 7773 ns, Total: 92102 ns
[2020-09-11T17:37:39.029+0000][1][safepoint    ] Safepoint "Cleanup", Time since last: 1000111706 ns, Reaching safepoint: 88484 ns, At safepoint: 8048 ns, Total: 96532 ns
[2020-09-11T17:37:40.030+0000][1][safepoint    ] Safepoint "Cleanup", Time since last: 1000115602 ns, Reaching safepoint: 87870 ns, At safepoint: 9425 ns, Total: 97295 ns
[2020-09-11T17:37:41.030+0000][1][safepoint    ] Safepoint "Cleanup", Time since last: 1000114476 ns, Reaching safepoint: 89813 ns, At safepoint: 9431 ns, Total: 99244 ns
[2020-09-11T17:37:41.932+0000][1][safepoint    ] Safepoint "RevokeBias", Time since last: 901482962 ns, Reaching safepoint: 229391 ns, At safepoint: 280296 ns, Total: 509687 ns
[2020-09-11T17:37:42.040+0000][1][safepoint    ] Safepoint "RevokeBias", Time since last: 108464707 ns, Reaching safepoint: 93236 ns, At safepoint: 25613 ns, Total: 118849 ns
[2020-09-11T17:37:43.041+0000][1][safepoint    ] Safepoint "Cleanup", Time since last: 1000114429 ns, Reaching safepoint: 90184 ns, At safepoint: 9303 ns, Total: 99487 ns
[2020-09-11T17:37:44.041+0000][1][safepoint    ] Safepoint "Cleanup", Time since last: 1000114838 ns, Reaching safepoint: 90611 ns, At safepoint: 10020 ns, Total: 100631 ns
[2020-09-11T17:37:45.041+0000][1][safepoint    ] Safepoint "Cleanup", Time since last: 1000137973 ns, Reaching safepoint: 89668 ns, At safepoint: 8997 ns, Total: 98665 ns
[2020-09-11T17:37:46.041+0000][1][safepoint    ] Safepoint "Cleanup", Time since last: 1000127162 ns, Reaching safepoint: 86996 ns, At safepoint: 9142 ns, Total: 96138 ns
[2020-09-11T17:37:46.939+0000][1][safepoint    ] Safepoint "RevokeBias", Time since last: 897083393 ns, Reaching safepoint: 214477 ns, At safepoint: 236672 ns, Total: 451149 ns
[2020-09-11T17:37:47.051+0000][1][safepoint    ] Safepoint "RevokeBias", Time since last: 112215672 ns, Reaching safepoint: 88304 ns, At safepoint: 33130 ns, Total: 121434 ns
[2020-09-11T17:37:48.051+0000][1][safepoint    ] Safepoint "Cleanup", Time since last: 1000117923 ns, Reaching safepoint: 87750 ns, At safepoint: 9303 ns, Total: 97053 ns
[2020-09-11T17:37:49.051+0000][1][safepoint    ] Safepoint "Cleanup", Time since last: 1000116395 ns, Reaching safepoint: 87435 ns, At safepoint: 9781 ns, Total: 97216 ns
[2020-09-11T17:37:50.052+0000][1][safepoint    ] Safepoint "Cleanup", Time since last: 1000115281 ns, Reaching safepoint: 84715 ns, At safepoint: 7319 ns, Total: 92034 ns
[2020-09-11T17:37:51.052+0000][1][safepoint    ] Safepoint "Cleanup", Time since last: 1000142948 ns, Reaching safepoint: 88110 ns, At safepoint: 9593 ns, Total: 97703 ns
[2020-09-11T17:37:51.949+0000][1][safepoint    ] Safepoint "RevokeBias", Time since last: 896546369 ns, Reaching safepoint: 232380 ns, At safepoint: 335508 ns, Total: 567888 ns
[2020-09-11T17:37:52.061+0000][1][safepoint    ] Safepoint "RevokeBias", Time since last: 111875510 ns, Reaching safepoint: 173489 ns, At safepoint: 27068 ns, Total: 200557 ns
[2020-09-11T17:37:53.061+0000][1][safepoint    ] Safepoint "Cleanup", Time since last: 1000110801 ns, Reaching safepoint: 87393 ns, At safepoint: 9281 ns, Total: 96674 ns
[2020-09-11T17:37:53.581+0000][1][gc,start     ] GC(208) Pause Young (Allocation Failure)
[2020-09-11T17:37:53.581+0000][1][gc,task      ] GC(208) Using 1 workers of 1 for evacuation
[2020-09-11T17:37:53.613+0000][1][gc,age       ] GC(208) Desired survivor size 4358144 bytes, new threshold 6 (max threshold 6)
[2020-09-11T17:37:53.613+0000][1][gc,age       ] GC(208) Age table with threshold 6 (max threshold 6)
[2020-09-11T17:37:53.613+0000][1][gc,age       ] GC(208) - age   1:     450760 bytes,     450760 total
[2020-09-11T17:37:53.613+0000][1][gc,age       ] GC(208) - age   2:     244352 bytes,     695112 total
[2020-09-11T17:37:53.613+0000][1][gc,age       ] GC(208) - age   3:       6464 bytes,     701576 total
[2020-09-11T17:37:53.613+0000][1][gc,age       ] GC(208) - age   4:      83376 bytes,     784952 total
[2020-09-11T17:37:53.613+0000][1][gc,age       ] GC(208) - age   5:     805816 bytes,    1590768 total
[2020-09-11T17:37:53.613+0000][1][gc,age       ] GC(208) - age   6:     161784 bytes,    1752552 total
[2020-09-11T17:37:53.613+0000][1][gc,heap      ] GC(208) ParNew: 69813K->2612K(76672K)
[2020-09-11T17:37:53.613+0000][1][gc,heap      ] GC(208) CMS: 152034K->152150K(2011968K)
[2020-09-11T17:37:53.613+0000][1][gc,metaspace ] GC(208) Metaspace: 97680K->97680K(1138688K)
[2020-09-11T17:37:53.613+0000][1][gc           ] GC(208) Pause Young (Allocation Failure) 216M->151M(2039M) 32.494ms
[2020-09-11T17:37:53.613+0000][1][gc,cpu       ] GC(208) User=0.02s Sys=0.00s Real=0.03s
[2020-09-11T17:37:53.613+0000][1][safepoint    ] Safepoint "GenCollectForAllocation", Time since last: 519290242 ns, Reaching safepoint: 211683 ns, At safepoint: 32604224 ns, Total: 32815907 ns
[2020-09-11T17:37:54.617+0000][1][safepoint    ] Safepoint "Cleanup", Time since last: 1003685409 ns, Reaching safepoint: 80973 ns, At safepoint: 19368 ns, Total: 100341 ns
[2020-09-11T17:37:55.623+0000][1][safepoint    ] Safepoint "Cleanup", Time since last: 1005485008 ns, Reaching safepoint: 87834 ns, At safepoint: 8831 ns, Total: 96665 ns
[2020-09-11T17:37:56.962+0000][1][safepoint    ] Safepoint "RevokeBias", Time since last: 1339295683 ns, Reaching safepoint: 164618 ns, At safepoint: 22853 ns, Total: 187471 ns
[2020-09-11T17:37:57.079+0000][1][safepoint    ] Safepoint "RevokeBias", Time since last: 116055689 ns, Reaching safepoint: 216707 ns, At safepoint: 236679 ns, Total: 453386 ns
[2020-09-11T17:38:00.079+0000][1][safepoint    ] Safepoint "Cleanup", Time since last: 3000280021 ns, Reaching safepoint: 88431 ns, At safepoint: 7971 ns, Total: 96402 ns
[2020-09-11T17:38:01.079+0000][1][safepoint    ] Safepoint "Cleanup", Time since last: 1000120392 ns, Reaching safepoint: 86088 ns, At safepoint: 9698 ns, Total: 95786 ns
[2020-09-11T17:38:02.020+0000][1][safepoint    ] Safepoint "RevokeBias", Time since last: 940774195 ns, Reaching safepoint: 89878 ns, At safepoint: 42299 ns, Total: 132177 ns
[2020-09-11T17:38:02.095+0000][1][safepoint    ] Safepoint "RevokeBias", Time since last: 74362921 ns, Reaching safepoint: 217812 ns, At safepoint: 272109 ns, Total: 489921 ns
[2020-09-11T17:38:03.095+0000][1][safepoint    ] Safepoint "Cleanup", Time since last: 1000117072 ns, Reaching safepoint: 90742 ns, At safepoint: 9514 ns, Total: 100256 ns
[2020-09-11T17:38:04.096+0000][1][safepoint    ] Safepoint "Cleanup", Time since last: 1000115093 ns, Reaching safepoint: 87581 ns, At safepoint: 8976 ns, Total: 96557 ns
[2020-09-11T17:38:05.096+0000][1][safepoint    ] Safepoint "Cleanup", Time since last: 1000128938 ns, Reaching safepoint: 86605 ns, At safepoint: 7274 ns, Total: 93879 ns
[2020-09-11T17:38:06.096+0000][1][safepoint    ] Safepoint "Cleanup", Time since last: 1000118462 ns, Reaching safepoint: 88673 ns, At safepoint: 8536 ns, Total: 97209 ns
[2020-09-11T17:38:07.096+0000][1][safepoint    ] Safepoint "Cleanup", Time since last: 1000105007 ns, Reaching safepoint: 90229 ns, At safepoint: 7541 ns, Total: 97770 ns
[2020-09-11T17:38:07.242+0000][1][safepoint    ] Safepoint "RevokeBias", Time since last: 145281342 ns, Reaching safepoint: 123302 ns, At safepoint: 28127 ns, Total: 151429 ns
[2020-09-11T17:38:07.256+0000][1][safepoint    ] Safepoint "RevokeBias", Time since last: 14267020 ns, Reaching safepoint: 92781 ns, At safepoint: 24471 ns, Total: 117252 ns
[2020-09-11T17:38:08.256+0000][1][safepoint    ] Safepoint "Cleanup", Time since last: 1000118287 ns, Reaching safepoint: 87248 ns, At safepoint: 9918 ns, Total: 97166 ns
[2020-09-11T17:38:09.256+0000][1][safepoint    ] Safepoint "Cleanup", Time since last: 1000115746 ns, Reaching safepoint: 86898 ns, At safepoint: 9703 ns, Total: 96601 ns
[2020-09-11T17:38:10.257+0000][1][safepoint    ] Safepoint "Cleanup", Time since last: 1000117236 ns, Reaching safepoint: 87276 ns, At safepoint: 8832 ns, Total: 96108 ns
[2020-09-11T17:38:11.257+0000][1][safepoint    ] Safepoint "Cleanup", Time since last: 1000086080 ns, Reaching safepoint: 88062 ns, At safepoint: 8720 ns, Total: 96782 ns
[2020-09-11T17:38:12.257+0000][1][safepoint    ] Safepoint "Cleanup", Time since last: 1000117858 ns, Reaching safepoint: 114148 ns, At safepoint: 8792 ns, Total: 122940 ns
[2020-09-11T17:38:12.274+0000][1][safepoint    ] Safepoint "BulkRevokeBias", Time since last: 15988075 ns, Reaching safepoint: 170325 ns, At safepoint: 260925 ns, Total: 431250 ns
[2020-09-11T17:38:12.276+0000][1][safepoint    ] Safepoint "RevokeBias", Time since last: 2120376 ns, Reaching safepoint: 229242 ns, At safepoint: 260775 ns, Total: 490017 ns
[2020-09-11T17:38:13.276+0000][1][safepoint    ] Safepoint "Cleanup", Time since last: 1000110639 ns, Reaching safepoint: 90357 ns, At safepoint: 9287 ns, Total: 99644 ns
[2020-09-11T17:38:14.277+0000][1][safepoint    ] Safepoint "Cleanup", Time since last: 1000105569 ns, Reaching safepoint: 83339 ns, At safepoint: 7134 ns, Total: 90473 ns
[2020-09-11T17:38:15.277+0000][1][safepoint    ] Safepoint "Cleanup", Time since last: 1000114606 ns, Reaching safepoint: 110961 ns, At safepoint: 8553 ns, Total: 119514 ns
[2020-09-11T17:38:15.377+0000][1][gc,start     ] GC(209) Pause Young (Allocation Failure)
[2020-09-11T17:38:15.377+0000][1][gc,task      ] GC(209) Using 1 workers of 1 for evacuation
[2020-09-11T17:38:15.413+0000][1][gc,age       ] GC(209) Desired survivor size 4358144 bytes, new threshold 6 (max threshold 6)
[2020-09-11T17:38:15.413+0000][1][gc,age       ] GC(209) Age table with threshold 6 (max threshold 6)
[2020-09-11T17:38:15.413+0000][1][gc,age       ] GC(209) - age   1:     479416 bytes,     479416 total
[2020-09-11T17:38:15.413+0000][1][gc,age       ] GC(209) - age   2:     374448 bytes,     853864 total
[2020-09-11T17:38:15.413+0000][1][gc,age       ] GC(209) - age   3:     240800 bytes,    1094664 total
[2020-09-11T17:38:15.413+0000][1][gc,age       ] GC(209) - age   4:       6328 bytes,    1100992 total
[2020-09-11T17:38:15.413+0000][1][gc,age       ] GC(209) - age   5:      83336 bytes,    1184328 total
[2020-09-11T17:38:15.413+0000][1][gc,age       ] GC(209) - age   6:     805816 bytes,    1990144 total
[2020-09-11T17:38:15.413+0000][1][gc,heap      ] GC(209) ParNew: 70772K->3220K(76672K)
[2020-09-11T17:38:15.413+0000][1][gc,heap      ] GC(209) CMS: 152150K->152308K(2011968K)
[2020-09-11T17:38:15.413+0000][1][gc,metaspace ] GC(209) Metaspace: 97743K->97743K(1138688K)
[2020-09-11T17:38:15.413+0000][1][gc           ] GC(209) Pause Young (Allocation Failure) 217M->151M(2039M) 36.528ms
[2020-09-11T17:38:15.413+0000][1][gc,cpu       ] GC(209) User=0.02s Sys=0.00s Real=0.04s
[2020-09-11T17:38:15.413+0000][1][safepoint    ] Safepoint "GenCollectForAllocation", Time since last: 99503839 ns, Reaching safepoint: 271420 ns, At safepoint: 36680060 ns, Total: 36951480 ns
[2020-09-11T17:38:16.431+0000][1][safepoint    ] Safepoint "Cleanup", Time since last: 1017487737 ns, Reaching safepoint: 84240 ns, At safepoint: 6722 ns, Total: 90962 ns
[2020-09-11T17:38:17.288+0000][1][safepoint    ] Safepoint "RevokeBias", Time since last: 856658389 ns, Reaching safepoint: 93915 ns, At safepoint: 25005 ns, Total: 118920 ns
[2020-09-11T17:38:17.289+0000][1][safepoint    ] Safepoint "RevokeBias", Time since last: 1648465 ns, Reaching safepoint: 79740 ns, At safepoint: 20898 ns, Total: 100638 ns
[2020-09-11T17:38:18.290+0000][1][safepoint    ] Safepoint "Cleanup", Time since last: 1000105626 ns, Reaching safepoint: 88263 ns, At safepoint: 9419 ns, Total: 97682 ns
[2020-09-11T17:38:19.290+0000][1][safepoint    ] Safepoint "Cleanup", Time since last: 1000091655 ns, Reaching safepoint: 89025 ns, At safepoint: 9486 ns, Total: 98511 ns
[2020-09-11T17:38:20.290+0000][1][safepoint    ] Safepoint "Cleanup", Time since last: 1000112017 ns, Reaching safepoint: 86837 ns, At safepoint: 7985 ns, Total: 94822 ns
[2020-09-11T17:38:21.290+0000][1][safepoint    ] Safepoint "Cleanup", Time since last: 1000116309 ns, Reaching safepoint: 89267 ns, At safepoint: 8691 ns, Total: 97958 ns
[2020-09-11T17:38:22.290+0000][1][safepoint    ] Safepoint "Cleanup", Time since last: 1000114058 ns, Reaching safepoint: 88192 ns, At safepoint: 9043 ns, Total: 97235 ns
[2020-09-11T17:38:22.301+0000][1][safepoint    ] Safepoint "RevokeBias", Time since last: 10572191 ns, Reaching safepoint: 180869 ns, At safepoint: 28703 ns, Total: 209572 ns
[2020-09-11T17:38:22.303+0000][1][safepoint    ] Safepoint "RevokeBias", Time since last: 2080830 ns, Reaching safepoint: 85179 ns, At safepoint: 24716 ns, Total: 109895 ns
[2020-09-11T17:38:23.304+0000][1][safepoint    ] Safepoint "Cleanup", Time since last: 1000108161 ns, Reaching safepoint: 88436 ns, At safepoint: 9428 ns, Total: 97864 ns
[2020-09-11T17:38:24.304+0000][1][safepoint    ] Safepoint "Cleanup", Time since last: 1000139056 ns, Reaching safepoint: 105973 ns, At safepoint: 8801 ns, Total: 114774 ns
[2020-09-11T17:38:25.304+0000][1][safepoint    ] Safepoint "Cleanup", Time since last: 1000117397 ns, Reaching safepoint: 94992 ns, At safepoint: 10535 ns, Total: 105527 ns
[2020-09-11T17:38:26.304+0000][1][safepoint    ] Safepoint "Cleanup", Time since last: 1000121575 ns, Reaching safepoint: 93060 ns, At safepoint: 10471 ns, Total: 103531 ns
[2020-09-11T17:38:27.304+0000][1][safepoint    ] Safepoint "Cleanup", Time since last: 1000121598 ns, Reaching safepoint: 94534 ns, At safepoint: 9651 ns, Total: 104185 ns
[2020-09-11T17:38:27.314+0000][1][safepoint    ] Safepoint "RevokeBias", Time since last: 9620619 ns, Reaching safepoint: 94646 ns, At safepoint: 26032 ns, Total: 120678 ns
[2020-09-11T17:38:27.321+0000][1][safepoint    ] Safepoint "RevokeBias", Time since last: 6712687 ns, Reaching safepoint: 94344 ns, At safepoint: 25550 ns, Total: 119894 ns
[2020-09-11T17:38:28.321+0000][1][safepoint    ] Safepoint "Cleanup", Time since last: 1000122002 ns, Reaching safepoint: 87526 ns, At safepoint: 8526 ns, Total: 96052 ns
[2020-09-11T17:38:29.321+0000][1][safepoint    ] Safepoint "Cleanup", Time since last: 1000103755 ns, Reaching safepoint: 82179 ns, At safepoint: 6854 ns, Total: 89033 ns
[2020-09-11T17:38:30.322+0000][1][safepoint    ] Safepoint "Cleanup", Time since last: 1000108287 ns, Reaching safepoint: 89890 ns, At safepoint: 8713 ns, Total: 98603 ns
[2020-09-11T17:38:31.322+0000][1][safepoint    ] Safepoint "Cleanup", Time since last: 1000112811 ns, Reaching safepoint: 108221 ns, At safepoint: 9461 ns, Total: 117682 ns
[2020-09-11T17:38:32.322+0000][1][safepoint    ] Safepoint "Cleanup", Time since last: 1000108139 ns, Reaching safepoint: 88429 ns, At safepoint: 8784 ns, Total: 97213 ns
[2020-09-11T17:38:32.335+0000][1][safepoint    ] Safepoint "RevokeBias", Time since last: 12562895 ns, Reaching safepoint: 223146 ns, At safepoint: 306588 ns, Total: 529734 ns
[2020-09-11T17:38:32.347+0000][1][safepoint    ] Safepoint "RevokeBias", Time since last: 11328465 ns, Reaching safepoint: 93663 ns, At safepoint: 26121 ns, Total: 119784 ns
[2020-09-11T17:38:33.347+0000][1][safepoint    ] Safepoint "Cleanup", Time since last: 1000113299 ns, Reaching safepoint: 88377 ns, At safepoint: 9245 ns, Total: 97622 ns
[2020-09-11T17:38:34.347+0000][1][safepoint    ] Safepoint "Cleanup", Time since last: 1000115364 ns, Reaching safepoint: 87038 ns, At safepoint: 9410 ns, Total: 96448 ns
[2020-09-11T17:38:35.347+0000][1][safepoint    ] Safepoint "Cleanup", Time since last: 1000117850 ns, Reaching safepoint: 89808 ns, At safepoint: 9936 ns, Total: 99744 ns
[2020-09-11T17:38:36.347+0000][1][safepoint    ] Safepoint "Cleanup", Time since last: 1000114544 ns, Reaching safepoint: 88531 ns, At safepoint: 7418 ns, Total: 95949 ns
[2020-09-11T17:38:37.009+0000][1][gc,start     ] GC(210) Pause Young (Allocation Failure)
[2020-09-11T17:38:37.009+0000][1][gc,task      ] GC(210) Using 1 workers of 1 for evacuation
[2020-09-11T17:38:37.038+0000][1][gc,age       ] GC(210) Desired survivor size 4358144 bytes, new threshold 6 (max threshold 6)
[2020-09-11T17:38:37.038+0000][1][gc,age       ] GC(210) Age table with threshold 6 (max threshold 6)
[2020-09-11T17:38:37.038+0000][1][gc,age       ] GC(210) - age   1:     122232 bytes,     122232 total
[2020-09-11T17:38:37.038+0000][1][gc,age       ] GC(210) - age   2:     280104 bytes,     402336 total
[2020-09-11T17:38:37.038+0000][1][gc,age       ] GC(210) - age   3:     372112 bytes,     774448 total
[2020-09-11T17:38:37.038+0000][1][gc,age       ] GC(210) - age   4:     240696 bytes,    1015144 total
[2020-09-11T17:38:37.038+0000][1][gc,age       ] GC(210) - age   5:       6296 bytes,    1021440 total
[2020-09-11T17:38:37.038+0000][1][gc,age       ] GC(210) - age   6:      83304 bytes,    1104744 total
[2020-09-11T17:38:37.038+0000][1][gc,heap      ] GC(210) ParNew: 71380K->1860K(76672K)
[2020-09-11T17:38:37.038+0000][1][gc,heap      ] GC(210) CMS: 152308K->153095K(2011968K)
[2020-09-11T17:38:37.038+0000][1][gc,metaspace ] GC(210) Metaspace: 97819K->97819K(1138688K)
[2020-09-11T17:38:37.039+0000][1][gc           ] GC(210) Pause Young (Allocation Failure) 218M->151M(2039M) 29.666ms
[2020-09-11T17:38:37.039+0000][1][gc,cpu       ] GC(210) User=0.01s Sys=0.00s Real=0.03s
[2020-09-11T17:38:37.041+0000][1][safepoint    ] Safepoint "GenCollectForAllocation", Time since last: 657311516 ns, Reaching safepoint: 4054638 ns, At safepoint: 31928284 ns, Total: 35982922 ns
[2020-09-11T17:38:37.342+0000][1][safepoint    ] Safepoint "RevokeBias", Time since last: 301143071 ns, Reaching safepoint: 92925 ns, At safepoint: 23576 ns, Total: 116501 ns
[2020-09-11T17:38:37.355+0000][1][safepoint    ] Safepoint "RevokeBias", Time since last: 12405427 ns, Reaching safepoint: 91780 ns, At safepoint: 24585 ns, Total: 116365 ns
[2020-09-11T17:38:38.355+0000][1][safepoint    ] Safepoint "Cleanup", Time since last: 1000114884 ns, Reaching safepoint: 89161 ns, At safepoint: 9292 ns, Total: 98453 ns
[2020-09-11T17:38:39.355+0000][1][safepoint    ] Safepoint "Cleanup", Time since last: 1000128025 ns, Reaching safepoint: 86874 ns, At safepoint: 7491 ns, Total: 94365 ns
[2020-09-11T17:38:40.355+0000][1][safepoint    ] Safepoint "Cleanup", Time since last: 1000119378 ns, Reaching safepoint: 88932 ns, At safepoint: 10648 ns, Total: 99580 ns
[2020-09-11T17:38:41.355+0000][1][safepoint    ] Safepoint "Cleanup", Time since last: 1000117629 ns, Reaching safepoint: 86819 ns, At safepoint: 7570 ns, Total: 94389 ns
[2020-09-11T17:38:42.352+0000][1][safepoint    ] Safepoint "RevokeBias", Time since last: 996370173 ns, Reaching safepoint: 92727 ns, At safepoint: 26428 ns, Total: 119155 ns
[2020-09-11T17:38:42.362+0000][1][safepoint    ] Safepoint "RevokeBias", Time since last: 10325993 ns, Reaching safepoint: 91549 ns, At safepoint: 24927 ns, Total: 116476 ns
[2020-09-11T17:38:43.363+0000][1][safepoint    ] Safepoint "Cleanup", Time since last: 1000113781 ns, Reaching safepoint: 87191 ns, At safepoint: 9088 ns, Total: 96279 ns
[2020-09-11T17:38:44.363+0000][1][safepoint    ] Safepoint "Cleanup", Time since last: 1000112791 ns, Reaching safepoint: 92771 ns, At safepoint: 11756 ns, Total: 104527 ns
[2020-09-11T17:38:45.363+0000][1][safepoint    ] Safepoint "Cleanup", Time since last: 1000109824 ns, Reaching safepoint: 84000 ns, At safepoint: 7579 ns, Total: 91579 ns
[2020-09-11T17:38:47.365+0000][1][safepoint    ] Safepoint "RevokeBias", Time since last: 2002109224 ns, Reaching safepoint: 93829 ns, At safepoint: 26645 ns, Total: 120474 ns
[2020-09-11T17:38:47.379+0000][1][safepoint    ] Safepoint "RevokeBias", Time since last: 14129489 ns, Reaching safepoint: 97144 ns, At safepoint: 25266 ns, Total: 122410 ns
[2020-09-11T17:38:48.380+0000][1][safepoint    ] Safepoint "Cleanup", Time since last: 1000112892 ns, Reaching safepoint: 88624 ns, At safepoint: 9373 ns, Total: 97997 ns
[2020-09-11T17:38:49.380+0000][1][safepoint    ] Safepoint "Cleanup", Time since last: 1000112620 ns, Reaching safepoint: 89763 ns, At safepoint: 8887 ns, Total: 98650 ns
[2020-09-11T17:38:50.380+0000][1][safepoint    ] Safepoint "Cleanup", Time since last: 1000115256 ns, Reaching safepoint: 87648 ns, At safepoint: 9848 ns, Total: 97496 ns
[2020-09-11T17:38:51.380+0000][1][safepoint    ] Safepoint "Cleanup", Time since last: 1000114628 ns, Reaching safepoint: 89074 ns, At safepoint: 9611 ns, Total: 98685 ns
[2020-09-11T17:38:52.372+0000][1][safepoint    ] Safepoint "RevokeBias", Time since last: 991469626 ns, Reaching safepoint: 266980 ns, At safepoint: 287956 ns, Total: 554936 ns
[2020-09-11T17:38:52.392+0000][1][safepoint    ] Safepoint "RevokeBias", Time since last: 19359888 ns, Reaching safepoint: 174379 ns, At safepoint: 27722 ns, Total: 202101 ns
[2020-09-11T17:38:53.392+0000][1][safepoint    ] Safepoint "Cleanup", Time since last: 1000115299 ns, Reaching safepoint: 91090 ns, At safepoint: 8830 ns, Total: 99920 ns
[2020-09-11T17:38:54.392+0000][1][safepoint    ] Safepoint "Cleanup", Time since last: 1000113823 ns, Reaching safepoint: 91191 ns, At safepoint: 9829 ns, Total: 101020 ns
[2020-09-11T17:38:55.393+0000][1][safepoint    ] Safepoint "Cleanup", Time since last: 1000116582 ns, Reaching safepoint: 89248 ns, At safepoint: 8100 ns, Total: 97348 ns
[2020-09-11T17:38:56.393+0000][1][safepoint    ] Safepoint "Cleanup", Time since last: 1000103963 ns, Reaching safepoint: 109407 ns, At safepoint: 8193 ns, Total: 117600 ns
[2020-09-11T17:38:57.385+0000][1][safepoint    ] Safepoint "RevokeBias", Time since last: 992529521 ns, Reaching safepoint: 94731 ns, At safepoint: 26729 ns, Total: 121460 ns
[2020-09-11T17:38:57.403+0000][1][safepoint    ] Safepoint "RevokeBias", Time since last: 17024080 ns, Reaching safepoint: 229407 ns, At safepoint: 294724 ns, Total: 524131 ns
[2020-09-11T17:38:58.403+0000][1][safepoint    ] Safepoint "Cleanup", Time since last: 1000117582 ns, Reaching safepoint: 90857 ns, At safepoint: 9359 ns, Total: 100216 ns
[2020-09-11T17:38:58.673+0000][1][gc,start     ] GC(211) Pause Young (Allocation Failure)
[2020-09-11T17:38:58.673+0000][1][gc,task      ] GC(211) Using 1 workers of 1 for evacuation
[2020-09-11T17:38:58.702+0000][1][gc,age       ] GC(211) Desired survivor size 4358144 bytes, new threshold 6 (max threshold 6)
[2020-09-11T17:38:58.702+0000][1][gc,age       ] GC(211) Age table with threshold 6 (max threshold 6)
[2020-09-11T17:38:58.702+0000][1][gc,age       ] GC(211) - age   1:      89600 bytes,      89600 total
[2020-09-11T17:38:58.702+0000][1][gc,age       ] GC(211) - age   2:      24840 bytes,     114440 total
[2020-09-11T17:38:58.702+0000][1][gc,age       ] GC(211) - age   3:     277880 bytes,     392320 total
[2020-09-11T17:38:58.702+0000][1][gc,age       ] GC(211) - age   4:     371840 bytes,     764160 total
[2020-09-11T17:38:58.702+0000][1][gc,age       ] GC(211) - age   5:     240552 bytes,    1004712 total
[2020-09-11T17:38:58.702+0000][1][gc,age       ] GC(211) - age   6:       6296 bytes,    1011008 total
[2020-09-11T17:38:58.702+0000][1][gc,heap      ] GC(211) ParNew: 70020K->1739K(76672K)
[2020-09-11T17:38:58.703+0000][1][gc,heap      ] GC(211) CMS: 153095K->153176K(2011968K)
[2020-09-11T17:38:58.703+0000][1][gc,metaspace ] GC(211) Metaspace: 97836K->97836K(1138688K)
[2020-09-11T17:38:58.703+0000][1][gc           ] GC(211) Pause Young (Allocation Failure) 217M->151M(2039M) 29.690ms
[2020-09-11T17:38:58.703+0000][1][gc,cpu       ] GC(211) User=0.01s Sys=0.00s Real=0.03s
[2020-09-11T17:38:58.703+0000][1][safepoint    ] Safepoint "GenCollectForAllocation", Time since last: 266753261 ns, Reaching safepoint: 2898573 ns, At safepoint: 29783188 ns, Total: 32681761 ns
[2020-09-11T17:38:59.705+0000][1][safepoint    ] Safepoint "Cleanup", Time since last: 1002173079 ns, Reaching safepoint: 79131 ns, At safepoint: 19480 ns, Total: 98611 ns
[2020-09-11T17:39:00.705+0000][1][safepoint    ] Safepoint "Cleanup", Time since last: 1000108146 ns, Reaching safepoint: 76057 ns, At safepoint: 5402 ns, Total: 81459 ns
[2020-09-11T17:39:01.705+0000][1][safepoint    ] Safepoint "Cleanup", Time since last: 1000114421 ns, Reaching safepoint: 100792 ns, At safepoint: 7594 ns, Total: 108386 ns
[2020-09-11T17:39:02.396+0000][1][safepoint    ] Safepoint "RevokeBias", Time since last: 690923585 ns, Reaching safepoint: 96215 ns, At safepoint: 44088 ns, Total: 140303 ns
[2020-09-11T17:39:02.410+0000][1][safepoint    ] Safepoint "RevokeBias", Time since last: 13758283 ns, Reaching safepoint: 91941 ns, At safepoint: 26091 ns, Total: 118032 ns
[2020-09-11T17:39:03.410+0000][1][safepoint    ] Safepoint "Cleanup", Time since last: 1000115019 ns, Reaching safepoint: 91232 ns, At safepoint: 9095 ns, Total: 100327 ns
[2020-09-11T17:39:04.411+0000][1][safepoint    ] Safepoint "Cleanup", Time since last: 1000110943 ns, Reaching safepoint: 87839 ns, At safepoint: 9605 ns, Total: 97444 ns
[2020-09-11T17:39:05.411+0000][1][safepoint    ] Safepoint "Cleanup", Time since last: 1000110269 ns, Reaching safepoint: 94596 ns, At safepoint: 8969 ns, Total: 103565 ns
[2020-09-11T17:39:06.411+0000][1][safepoint    ] Safepoint "Cleanup", Time since last: 1000065732 ns, Reaching safepoint: 95157 ns, At safepoint: 10280 ns, Total: 105437 ns
[2020-09-11T17:39:07.404+0000][1][safepoint    ] Safepoint "RevokeBias", Time since last: 992524867 ns, Reaching safepoint: 101515 ns, At safepoint: 26102 ns, Total: 127617 ns
[2020-09-11T17:39:07.418+0000][1][safepoint    ] Safepoint "RevokeBias", Time since last: 13895832 ns, Reaching safepoint: 91162 ns, At safepoint: 25107 ns, Total: 116269 ns
[2020-09-11T17:39:08.418+0000][1][safepoint    ] Safepoint "Cleanup", Time since last: 1000111422 ns, Reaching safepoint: 87193 ns, At safepoint: 9468 ns, Total: 96661 ns
[2020-09-11T17:39:09.418+0000][1][safepoint    ] Safepoint "Cleanup", Time since last: 1000110951 ns, Reaching safepoint: 85642 ns, At safepoint: 7106 ns, Total: 92748 ns
[2020-09-11T17:39:10.418+0000][1][safepoint    ] Safepoint "Cleanup", Time since last: 1000115543 ns, Reaching safepoint: 90157 ns, At safepoint: 9268 ns, Total: 99425 ns
[2020-09-11T17:39:11.419+0000][1][safepoint    ] Safepoint "Cleanup", Time since last: 1000134035 ns, Reaching safepoint: 87676 ns, At safepoint: 7823 ns, Total: 95499 ns
[2020-09-11T17:39:12.411+0000][1][safepoint    ] Safepoint "RevokeBias", Time since last: 992378745 ns, Reaching safepoint: 103214 ns, At safepoint: 28947 ns, Total: 132161 ns
[2020-09-11T17:39:12.425+0000][1][safepoint    ] Safepoint "RevokeBias", Time since last: 13753997 ns, Reaching safepoint: 235061 ns, At safepoint: 290488 ns, Total: 525549 ns
[2020-09-11T17:39:13.426+0000][1][safepoint    ] Safepoint "Cleanup", Time since last: 1000116117 ns, Reaching safepoint: 94447 ns, At safepoint: 7571 ns, Total: 102018 ns
[2020-09-11T17:39:14.426+0000][1][safepoint    ] Safepoint "Cleanup", Time since last: 1000113502 ns, Reaching safepoint: 90961 ns, At safepoint: 8998 ns, Total: 99959 ns
[2020-09-11T17:39:15.426+0000][1][safepoint    ] Safepoint "Cleanup", Time since last: 1000114478 ns, Reaching safepoint: 91656 ns, At safepoint: 9463 ns, Total: 101119 ns
[2020-09-11T17:39:16.426+0000][1][safepoint    ] Safepoint "Cleanup", Time since last: 1000116024 ns, Reaching safepoint: 88786 ns, At safepoint: 9178 ns, Total: 97964 ns
[2020-09-11T17:39:17.420+0000][1][safepoint    ] Safepoint "RevokeBias", Time since last: 993911171 ns, Reaching safepoint: 174183 ns, At safepoint: 27917 ns, Total: 202100 ns
[2020-09-11T17:39:17.433+0000][1][safepoint    ] Safepoint "RevokeBias", Time since last: 12136825 ns, Reaching safepoint: 224606 ns, At safepoint: 350751 ns, Total: 575357 ns
[2020-09-11T17:39:18.433+0000][1][safepoint    ] Safepoint "Cleanup", Time since last: 1000115457 ns, Reaching safepoint: 85593 ns, At safepoint: 6957 ns, Total: 92550 ns
[2020-09-11T17:39:22.433+0000][1][safepoint    ] Safepoint "RevokeBias", Time since last: 3999301049 ns, Reaching safepoint: 174273 ns, At safepoint: 61754 ns, Total: 236027 ns
[2020-09-11T17:39:22.441+0000][1][safepoint    ] Safepoint "BulkRevokeBias", Time since last: 7278972 ns, Reaching safepoint: 217478 ns, At safepoint: 594396 ns, Total: 811874 ns
[2020-09-11T17:39:23.584+0000][1][gc,start     ] GC(212) Pause Young (Allocation Failure)
[2020-09-11T17:39:23.585+0000][1][gc,task      ] GC(212) Using 1 workers of 1 for evacuation
[2020-09-11T17:39:23.621+0000][1][gc,age       ] GC(212) Desired survivor size 4358144 bytes, new threshold 6 (max threshold 6)
[2020-09-11T17:39:23.621+0000][1][gc,age       ] GC(212) Age table with threshold 6 (max threshold 6)
[2020-09-11T17:39:23.621+0000][1][gc,age       ] GC(212) - age   1:     139880 bytes,     139880 total
[2020-09-11T17:39:23.621+0000][1][gc,age       ] GC(212) - age   2:      12704 bytes,     152584 total
[2020-09-11T17:39:23.621+0000][1][gc,age       ] GC(212) - age   3:      20184 bytes,     172768 total
[2020-09-11T17:39:23.621+0000][1][gc,age       ] GC(212) - age   4:     277592 bytes,     450360 total
[2020-09-11T17:39:23.621+0000][1][gc,age       ] GC(212) - age   5:     371736 bytes,     822096 total
[2020-09-11T17:39:23.621+0000][1][gc,age       ] GC(212) - age   6:     240552 bytes,    1062648 total
[2020-09-11T17:39:23.621+0000][1][gc,heap      ] GC(212) ParNew: 69899K->1175K(76672K)
[2020-09-11T17:39:23.621+0000][1][gc,heap      ] GC(212) CMS: 153176K->153182K(2011968K)
[2020-09-11T17:39:23.621+0000][1][gc,metaspace ] GC(212) Metaspace: 97852K->97852K(1140736K)
[2020-09-11T17:39:23.621+0000][1][gc           ] GC(212) Pause Young (Allocation Failure) 217M->150M(2039M) 36.962ms
[2020-09-11T17:39:23.621+0000][1][gc,cpu       ] GC(212) User=0.02s Sys=0.00s Real=0.04s
[2020-09-11T17:39:23.629+0000][1][safepoint    ] Safepoint "GenCollectForAllocation", Time since last: 1128746505 ns, Reaching safepoint: 14786903 ns, At safepoint: 44968948 ns, Total: 59755851 ns
[2020-09-11T17:39:27.441+0000][1][safepoint    ] Safepoint "RevokeBias", Time since last: 3811213816 ns, Reaching safepoint: 242628 ns, At safepoint: 313462 ns, Total: 556090 ns
[2020-09-11T17:39:27.455+0000][1][safepoint    ] Safepoint "RevokeBias", Time since last: 13939945 ns, Reaching safepoint: 95920 ns, At safepoint: 26747 ns, Total: 122667 ns
[2020-09-11T17:39:32.448+0000][1][safepoint    ] Safepoint "RevokeBias", Time since last: 4992572119 ns, Reaching safepoint: 231512 ns, At safepoint: 309849 ns, Total: 541361 ns
[2020-09-11T17:39:32.468+0000][1][safepoint    ] Safepoint "RevokeBias", Time since last: 19227367 ns, Reaching safepoint: 92721 ns, At safepoint: 23624 ns, Total: 116345 ns
[2020-09-11T17:39:35.468+0000][1][safepoint    ] Safepoint "Cleanup", Time since last: 3000290848 ns, Reaching safepoint: 94066 ns, At safepoint: 9148 ns, Total: 103214 ns
[2020-09-11T17:39:37.463+0000][1][safepoint    ] Safepoint "RevokeBias", Time since last: 1995033803 ns, Reaching safepoint: 91503 ns, At safepoint: 26560 ns, Total: 118063 ns
[2020-09-11T17:39:37.479+0000][1][safepoint    ] Safepoint "RevokeBias", Time since last: 15550043 ns, Reaching safepoint: 91888 ns, At safepoint: 24698 ns, Total: 116586 ns
[2020-09-11T17:39:42.470+0000][1][safepoint    ] Safepoint "RevokeBias", Time since last: 4991011298 ns, Reaching safepoint: 227404 ns, At safepoint: 305264 ns, Total: 532668 ns
[2020-09-11T17:39:42.487+0000][1][safepoint    ] Safepoint "RevokeBias", Time since last: 16356299 ns, Reaching safepoint: 176096 ns, At safepoint: 27551 ns, Total: 203647 ns
[2020-09-11T17:39:43.736+0000][1][gc,start     ] GC(213) Pause Young (Allocation Failure)
[2020-09-11T17:39:43.736+0000][1][gc,task      ] GC(213) Using 1 workers of 1 for evacuation
[2020-09-11T17:39:43.767+0000][1][gc,age       ] GC(213) Desired survivor size 4358144 bytes, new threshold 6 (max threshold 6)
[2020-09-11T17:39:43.767+0000][1][gc,age       ] GC(213) Age table with threshold 6 (max threshold 6)
[2020-09-11T17:39:43.767+0000][1][gc,age       ] GC(213) - age   1:     130528 bytes,     130528 total
[2020-09-11T17:39:43.767+0000][1][gc,age       ] GC(213) - age   2:      43800 bytes,     174328 total
[2020-09-11T17:39:43.767+0000][1][gc,age       ] GC(213) - age   3:       9536 bytes,     183864 total
[2020-09-11T17:39:43.767+0000][1][gc,age       ] GC(213) - age   4:      20144 bytes,     204008 total
[2020-09-11T17:39:43.767+0000][1][gc,age       ] GC(213) - age   5:     277592 bytes,     481600 total
[2020-09-11T17:39:43.767+0000][1][gc,age       ] GC(213) - age   6:     371736 bytes,     853336 total
[2020-09-11T17:39:43.767+0000][1][gc,heap      ] GC(213) ParNew: 69335K->925K(76672K)
[2020-09-11T17:39:43.767+0000][1][gc,heap      ] GC(213) CMS: 153182K->153417K(2011968K)
[2020-09-11T17:39:43.767+0000][1][gc,metaspace ] GC(213) Metaspace: 97854K->97854K(1140736K)
[2020-09-11T17:39:43.767+0000][1][gc           ] GC(213) Pause Young (Allocation Failure) 217M->150M(2039M) 31.626ms
[2020-09-11T17:39:43.767+0000][1][gc,cpu       ] GC(213) User=0.02s Sys=0.00s Real=0.03s
[2020-09-11T17:39:43.767+0000][1][safepoint    ] Safepoint "GenCollectForAllocation", Time since last: 1248351093 ns, Reaching safepoint: 162786 ns, At safepoint: 31693779 ns, Total: 31856565 ns
[2020-09-11T17:39:44.774+0000][1][safepoint    ] Safepoint "Cleanup", Time since last: 1006203425 ns, Reaching safepoint: 170310 ns, At safepoint: 20989 ns, Total: 191299 ns
[2020-09-11T17:39:47.482+0000][1][safepoint    ] Safepoint "RevokeBias", Time since last: 2708658673 ns, Reaching safepoint: 90507 ns, At safepoint: 26817 ns, Total: 117324 ns
[2020-09-11T17:39:47.495+0000][1][safepoint    ] Safepoint "RevokeBias", Time since last: 12402736 ns, Reaching safepoint: 97088 ns, At safepoint: 28076 ns, Total: 125164 ns
[2020-09-11T17:39:51.495+0000][1][safepoint    ] Safepoint "Cleanup", Time since last: 4000338494 ns, Reaching safepoint: 92115 ns, At safepoint: 7526 ns, Total: 99641 ns
[2020-09-11T17:39:52.491+0000][1][safepoint    ] Safepoint "RevokeBias", Time since last: 995649555 ns, Reaching safepoint: 220051 ns, At safepoint: 273291 ns, Total: 493342 ns
[2020-09-11T17:39:52.504+0000][1][safepoint    ] Safepoint "RevokeBias", Time since last: 12381940 ns, Reaching safepoint: 98053 ns, At safepoint: 24273 ns, Total: 122326 ns
[2020-09-11T17:39:55.504+0000][1][safepoint    ] Safepoint "Cleanup", Time since last: 3000269569 ns, Reaching safepoint: 102607 ns, At safepoint: 10092 ns, Total: 112699 ns
[2020-09-11T17:39:57.507+0000][1][safepoint    ] Safepoint "RevokeBias", Time since last: 2002568415 ns, Reaching safepoint: 91246 ns, At safepoint: 22951 ns, Total: 114197 ns
[2020-09-11T17:39:57.514+0000][1][safepoint    ] Safepoint "RevokeBias", Time since last: 6638448 ns, Reaching safepoint: 106738 ns, At safepoint: 23583 ns, Total: 130321 ns
[2020-09-11T17:40:02.522+0000][1][safepoint    ] Safepoint "RevokeBias", Time since last: 5007887095 ns, Reaching safepoint: 95098 ns, At safepoint: 25968 ns, Total: 121066 ns
[2020-09-11T17:40:02.525+0000][1][safepoint    ] Safepoint "RevokeBias", Time since last: 2588566 ns, Reaching safepoint: 218357 ns, At safepoint: 309944 ns, Total: 528301 ns
[2020-09-11T17:40:06.859+0000][1][gc,start     ] GC(214) Pause Young (Allocation Failure)
[2020-09-11T17:40:06.859+0000][1][gc,task      ] GC(214) Using 1 workers of 1 for evacuation
[2020-09-11T17:40:06.890+0000][1][gc,age       ] GC(214) Desired survivor size 4358144 bytes, new threshold 6 (max threshold 6)
[2020-09-11T17:40:06.890+0000][1][gc,age       ] GC(214) Age table with threshold 6 (max threshold 6)
[2020-09-11T17:40:06.890+0000][1][gc,age       ] GC(214) - age   1:      96968 bytes,      96968 total
[2020-09-11T17:40:06.890+0000][1][gc,age       ] GC(214) - age   2:      52192 bytes,     149160 total
[2020-09-11T17:40:06.890+0000][1][gc,age       ] GC(214) - age   3:      40056 bytes,     189216 total
[2020-09-11T17:40:06.890+0000][1][gc,age       ] GC(214) - age   4:       9264 bytes,     198480 total
[2020-09-11T17:40:06.890+0000][1][gc,age       ] GC(214) - age   5:      20104 bytes,     218584 total
[2020-09-11T17:40:06.890+0000][1][gc,age       ] GC(214) - age   6:     277592 bytes,     496176 total
[2020-09-11T17:40:06.890+0000][1][gc,heap      ] GC(214) ParNew: 69085K->856K(76672K)
[2020-09-11T17:40:06.890+0000][1][gc,heap      ] GC(214) CMS: 153417K->153781K(2011968K)
[2020-09-11T17:40:06.890+0000][1][gc,metaspace ] GC(214) Metaspace: 97855K->97855K(1140736K)
[2020-09-11T17:40:06.890+0000][1][gc           ] GC(214) Pause Young (Allocation Failure) 217M->151M(2039M) 30.374ms
[2020-09-11T17:40:06.890+0000][1][gc,cpu       ] GC(214) User=0.02s Sys=0.00s Real=0.03s
[2020-09-11T17:40:06.890+0000][1][safepoint    ] Safepoint "GenCollectForAllocation", Time since last: 4334179749 ns, Reaching safepoint: 191733 ns, At safepoint: 30502004 ns, Total: 30693737 ns
[2020-09-11T17:40:07.536+0000][1][safepoint    ] Safepoint "RevokeBias", Time since last: 646046199 ns, Reaching safepoint: 92587 ns, At safepoint: 34141 ns, Total: 126728 ns
[2020-09-11T17:40:07.538+0000][1][safepoint    ] Safepoint "RevokeBias", Time since last: 2085907 ns, Reaching safepoint: 85167 ns, At safepoint: 22975 ns, Total: 108142 ns
[2020-09-11T17:40:12.553+0000][1][safepoint    ] Safepoint "RevokeBias", Time since last: 5014280382 ns, Reaching safepoint: 193285 ns, At safepoint: 26586 ns, Total: 219871 ns
[2020-09-11T17:40:12.555+0000][1][safepoint    ] Safepoint "RevokeBias", Time since last: 2038274 ns, Reaching safepoint: 83217 ns, At safepoint: 22559 ns, Total: 105776 ns
[2020-09-11T17:40:17.573+0000][1][safepoint    ] Safepoint "RevokeBias", Time since last: 5017498158 ns, Reaching safepoint: 176941 ns, At safepoint: 27875 ns, Total: 204816 ns
[2020-09-11T17:40:17.575+0000][1][safepoint    ] Safepoint "RevokeBias", Time since last: 2076945 ns, Reaching safepoint: 216085 ns, At safepoint: 366043 ns, Total: 582128 ns
[2020-09-11T17:40:19.575+0000][1][safepoint    ] Safepoint "Cleanup", Time since last: 2000187256 ns, Reaching safepoint: 94123 ns, At safepoint: 9699 ns, Total: 103822 ns
[2020-09-11T17:40:22.583+0000][1][safepoint    ] Safepoint "RevokeBias", Time since last: 3007652410 ns, Reaching safepoint: 96480 ns, At safepoint: 26859 ns, Total: 123339 ns
[2020-09-11T17:40:22.586+0000][1][safepoint    ] Safepoint "RevokeBias", Time since last: 2134911 ns, Reaching safepoint: 217673 ns, At safepoint: 297211 ns, Total: 514884 ns
[2020-09-11T17:40:25.385+0000][1][gc,start     ] GC(215) Pause Young (Allocation Failure)
[2020-09-11T17:40:25.385+0000][1][gc,task      ] GC(215) Using 1 workers of 1 for evacuation
[2020-09-11T17:40:25.411+0000][1][gc,age       ] GC(215) Desired survivor size 4358144 bytes, new threshold 6 (max threshold 6)
[2020-09-11T17:40:25.411+0000][1][gc,age       ] GC(215) Age table with threshold 6 (max threshold 6)
[2020-09-11T17:40:25.411+0000][1][gc,age       ] GC(215) - age   1:     290536 bytes,     290536 total
[2020-09-11T17:40:25.411+0000][1][gc,age       ] GC(215) - age   2:      15512 bytes,     306048 total
[2020-09-11T17:40:25.411+0000][1][gc,age       ] GC(215) - age   3:      51208 bytes,     357256 total
[2020-09-11T17:40:25.411+0000][1][gc,age       ] GC(215) - age   4:      39552 bytes,     396808 total
[2020-09-11T17:40:25.411+0000][1][gc,age       ] GC(215) - age   5:       9224 bytes,     406032 total
[2020-09-11T17:40:25.411+0000][1][gc,age       ] GC(215) - age   6:      20104 bytes,     426136 total
[2020-09-11T17:40:25.411+0000][1][gc,heap      ] GC(215) ParNew: 69016K->791K(76672K)
[2020-09-11T17:40:25.411+0000][1][gc,heap      ] GC(215) CMS: 153781K->154051K(2011968K)
[2020-09-11T17:40:25.411+0000][1][gc,metaspace ] GC(215) Metaspace: 97855K->97855K(1140736K)
[2020-09-11T17:40:25.411+0000][1][gc           ] GC(215) Pause Young (Allocation Failure) 217M->151M(2039M) 26.371ms
[2020-09-11T17:40:25.411+0000][1][gc,cpu       ] GC(215) User=0.02s Sys=0.00s Real=0.02s
[2020-09-11T17:40:25.413+0000][1][safepoint    ] Safepoint "GenCollectForAllocation", Time since last: 2797004595 ns, Reaching safepoint: 1952140 ns, At safepoint: 27913366 ns, Total: 29865506 ns
[2020-09-11T17:40:27.599+0000][1][safepoint    ] Safepoint "RevokeBias", Time since last: 2185429901 ns, Reaching safepoint: 227405 ns, At safepoint: 287787 ns, Total: 515192 ns
[2020-09-11T17:40:27.601+0000][1][safepoint    ] Safepoint "RevokeBias", Time since last: 1932339 ns, Reaching safepoint: 119124 ns, At safepoint: 23665 ns, Total: 142789 ns
[2020-09-11T17:40:32.612+0000][1][safepoint    ] Safepoint "RevokeBias", Time since last: 5011187809 ns, Reaching safepoint: 208553 ns, At safepoint: 232604 ns, Total: 441157 ns
[2020-09-11T17:40:32.615+0000][1][safepoint    ] Safepoint "BulkRevokeBias", Time since last: 2617173 ns, Reaching safepoint: 168343 ns, At safepoint: 241368 ns, Total: 409711 ns
[2020-09-11T17:40:37.625+0000][1][safepoint    ] Safepoint "RevokeBias", Time since last: 5009840340 ns, Reaching safepoint: 89403 ns, At safepoint: 22243 ns, Total: 111646 ns
[2020-09-11T17:40:37.628+0000][1][safepoint    ] Safepoint "RevokeBias", Time since last: 2459403 ns, Reaching safepoint: 165130 ns, At safepoint: 24480 ns, Total: 189610 ns
[2020-09-11T17:40:42.651+0000][1][safepoint    ] Safepoint "RevokeBias", Time since last: 5022496660 ns, Reaching safepoint: 93127 ns, At safepoint: 26140 ns, Total: 119267 ns
[2020-09-11T17:40:42.657+0000][1][safepoint    ] Safepoint "RevokeBias", Time since last: 5762486 ns, Reaching safepoint: 93937 ns, At safepoint: 24456 ns, Total: 118393 ns
[2020-09-11T17:40:45.657+0000][1][safepoint    ] Safepoint "Cleanup", Time since last: 3000222246 ns, Reaching safepoint: 88809 ns, At safepoint: 7272 ns, Total: 96081 ns
[2020-09-11T17:40:47.657+0000][1][safepoint    ] Safepoint "Cleanup", Time since last: 2000185756 ns, Reaching safepoint: 97576 ns, At safepoint: 10275 ns, Total: 107851 ns
[2020-09-11T17:40:47.664+0000][1][safepoint    ] Safepoint "RevokeBias", Time since last: 6675934 ns, Reaching safepoint: 221133 ns, At safepoint: 292030 ns, Total: 513163 ns
[2020-09-11T17:40:47.667+0000][1][safepoint    ] Safepoint "RevokeBias", Time since last: 2178624 ns, Reaching safepoint: 162934 ns, At safepoint: 25462 ns, Total: 188396 ns
[2020-09-11T17:40:48.821+0000][1][gc,start     ] GC(216) Pause Young (Allocation Failure)
[2020-09-11T17:40:48.821+0000][1][gc,task      ] GC(216) Using 1 workers of 1 for evacuation
[2020-09-11T17:40:48.848+0000][1][gc,age       ] GC(216) Desired survivor size 4358144 bytes, new threshold 6 (max threshold 6)
[2020-09-11T17:40:48.848+0000][1][gc,age       ] GC(216) Age table with threshold 6 (max threshold 6)
[2020-09-11T17:40:48.848+0000][1][gc,age       ] GC(216) - age   1:     355560 bytes,     355560 total
[2020-09-11T17:40:48.848+0000][1][gc,age       ] GC(216) - age   2:     124504 bytes,     480064 total
[2020-09-11T17:40:48.848+0000][1][gc,age       ] GC(216) - age   3:      10392 bytes,     490456 total
[2020-09-11T17:40:48.848+0000][1][gc,age       ] GC(216) - age   4:      51208 bytes,     541664 total
[2020-09-11T17:40:48.848+0000][1][gc,age       ] GC(216) - age   5:      39552 bytes,     581216 total
[2020-09-11T17:40:48.848+0000][1][gc,age       ] GC(216) - age   6:       9224 bytes,     590440 total
[2020-09-11T17:40:48.848+0000][1][gc,heap      ] GC(216) ParNew: 68951K->764K(76672K)
[2020-09-11T17:40:48.848+0000][1][gc,heap      ] GC(216) CMS: 154051K->154071K(2011968K)
[2020-09-11T17:40:48.848+0000][1][gc,metaspace ] GC(216) Metaspace: 97861K->97861K(1140736K)
[2020-09-11T17:40:48.848+0000][1][gc           ] GC(216) Pause Young (Allocation Failure) 217M->151M(2039M) 26.593ms
[2020-09-11T17:40:48.848+0000][1][gc,cpu       ] GC(216) User=0.02s Sys=0.00s Real=0.02s
[2020-09-11T17:40:48.849+0000][1][safepoint    ] Safepoint "GenCollectForAllocation", Time since last: 1154455026 ns, Reaching safepoint: 79916 ns, At safepoint: 27519143 ns, Total: 27599059 ns
[2020-09-11T17:40:52.677+0000][1][safepoint    ] Safepoint "RevokeBias", Time since last: 3827938476 ns, Reaching safepoint: 203070 ns, At safepoint: 271054 ns, Total: 474124 ns
[2020-09-11T17:40:52.680+0000][1][safepoint    ] Safepoint "RevokeBias", Time since last: 2242462 ns, Reaching safepoint: 179866 ns, At safepoint: 24750 ns, Total: 204616 ns
[2020-09-11T17:40:53.680+0000][1][safepoint    ] Safepoint "Cleanup", Time since last: 1000104120 ns, Reaching safepoint: 93571 ns, At safepoint: 7393 ns, Total: 100964 ns
[2020-09-11T17:40:54.680+0000][1][safepoint    ] Safepoint "Cleanup", Time since last: 1000108286 ns, Reaching safepoint: 95571 ns, At safepoint: 8258 ns, Total: 103829 ns
[2020-09-11T17:40:55.680+0000][1][safepoint    ] Safepoint "Cleanup", Time since last: 1000113547 ns, Reaching safepoint: 87314 ns, At safepoint: 7415 ns, Total: 94729 ns
[2020-09-11T17:40:56.680+0000][1][safepoint    ] Safepoint "Cleanup", Time since last: 1000122641 ns, Reaching safepoint: 98176 ns, At safepoint: 9019 ns, Total: 107195 ns
[2020-09-11T17:40:57.681+0000][1][safepoint    ] Safepoint "Cleanup", Time since last: 1000110971 ns, Reaching safepoint: 88962 ns, At safepoint: 9219 ns, Total: 98181 ns
[2020-09-11T17:40:57.690+0000][1][safepoint    ] Safepoint "RevokeBias", Time since last: 9268635 ns, Reaching safepoint: 170479 ns, At safepoint: 27665 ns, Total: 198144 ns
[2020-09-11T17:40:57.692+0000][1][safepoint    ] Safepoint "RevokeBias", Time since last: 1500045 ns, Reaching safepoint: 80950 ns, At safepoint: 20575 ns, Total: 101525 ns
[2020-09-11T17:40:58.692+0000][1][safepoint    ] Safepoint "Cleanup", Time since last: 1000095572 ns, Reaching safepoint: 80520 ns, At safepoint: 6771 ns, Total: 87291 ns
[2020-09-11T17:40:59.692+0000][1][safepoint    ] Safepoint "Cleanup", Time since last: 1000110159 ns, Reaching safepoint: 86623 ns, At safepoint: 9131 ns, Total: 95754 ns
[2020-09-11T17:41:00.692+0000][1][safepoint    ] Safepoint "Cleanup", Time since last: 1000111120 ns, Reaching safepoint: 87118 ns, At safepoint: 8978 ns, Total: 96096 ns
[2020-09-11T17:41:01.693+0000][1][safepoint    ] Safepoint "Cleanup", Time since last: 1000114463 ns, Reaching safepoint: 121170 ns, At safepoint: 11982 ns, Total: 133152 ns
[2020-09-11T17:41:02.693+0000][1][safepoint    ] Safepoint "Cleanup", Time since last: 1000112406 ns, Reaching safepoint: 114907 ns, At safepoint: 8978 ns, Total: 123885 ns
[2020-09-11T17:41:02.702+0000][1][safepoint    ] Safepoint "RevokeBias", Time since last: 9144304 ns, Reaching safepoint: 92631 ns, At safepoint: 25320 ns, Total: 117951 ns
[2020-09-11T17:41:02.704+0000][1][safepoint    ] Safepoint "RevokeBias", Time since last: 2027247 ns, Reaching safepoint: 85000 ns, At safepoint: 22672 ns, Total: 107672 ns
[2020-09-11T17:41:03.704+0000][1][safepoint    ] Safepoint "Cleanup", Time since last: 1000120496 ns, Reaching safepoint: 85673 ns, At safepoint: 8272 ns, Total: 93945 ns
[2020-09-11T17:41:04.705+0000][1][safepoint    ] Safepoint "Cleanup", Time since last: 1000118536 ns, Reaching safepoint: 134311 ns, At safepoint: 10861 ns, Total: 145172 ns
[2020-09-11T17:41:05.709+0000][1][safepoint    ] Safepoint "Cleanup", Time since last: 1004049618 ns, Reaching safepoint: 86292 ns, At safepoint: 7499 ns, Total: 93791 ns
[2020-09-11T17:41:06.709+0000][1][safepoint    ] Safepoint "Cleanup", Time since last: 1000114931 ns, Reaching safepoint: 88580 ns, At safepoint: 8936 ns, Total: 97516 ns
[2020-09-11T17:41:07.563+0000][1][gc,start     ] GC(217) Pause Young (Allocation Failure)
[2020-09-11T17:41:07.563+0000][1][gc,task      ] GC(217) Using 1 workers of 1 for evacuation
[2020-09-11T17:41:07.594+0000][1][gc,age       ] GC(217) Desired survivor size 4358144 bytes, new threshold 6 (max threshold 6)
[2020-09-11T17:41:07.594+0000][1][gc,age       ] GC(217) Age table with threshold 6 (max threshold 6)
[2020-09-11T17:41:07.594+0000][1][gc,age       ] GC(217) - age   1:    1093904 bytes,    1093904 total
[2020-09-11T17:41:07.594+0000][1][gc,age       ] GC(217) - age   2:     278536 bytes,    1372440 total
[2020-09-11T17:41:07.594+0000][1][gc,age       ] GC(217) - age   3:     121832 bytes,    1494272 total
[2020-09-11T17:41:07.594+0000][1][gc,age       ] GC(217) - age   4:      10024 bytes,    1504296 total
[2020-09-11T17:41:07.594+0000][1][gc,age       ] GC(217) - age   5:      50864 bytes,    1555160 total
[2020-09-11T17:41:07.594+0000][1][gc,age       ] GC(217) - age   6:      39552 bytes,    1594712 total
[2020-09-11T17:41:07.594+0000][1][gc,heap      ] GC(217) ParNew: 68924K->1984K(76672K)
[2020-09-11T17:41:07.594+0000][1][gc,heap      ] GC(217) CMS: 154071K->154080K(2011968K)
[2020-09-11T17:41:07.594+0000][1][gc,metaspace ] GC(217) Metaspace: 97861K->97861K(1140736K)
[2020-09-11T17:41:07.594+0000][1][gc           ] GC(217) Pause Young (Allocation Failure) 217M->152M(2039M) 31.088ms
[2020-09-11T17:41:07.594+0000][1][gc,cpu       ] GC(217) User=0.02s Sys=0.00s Real=0.03s
[2020-09-11T17:41:07.594+0000][1][safepoint    ] Safepoint "GenCollectForAllocation", Time since last: 853547550 ns, Reaching safepoint: 111837 ns, At safepoint: 31179296 ns, Total: 31291133 ns
[2020-09-11T17:41:07.715+0000][1][safepoint    ] Safepoint "RevokeBias", Time since last: 121347623 ns, Reaching safepoint: 92520 ns, At safepoint: 38023 ns, Total: 130543 ns
[2020-09-11T17:41:07.718+0000][1][safepoint    ] Safepoint "RevokeBias", Time since last: 2069380 ns, Reaching safepoint: 83935 ns, At safepoint: 34870 ns, Total: 118805 ns
[2020-09-11T17:41:08.719+0000][1][safepoint    ] Safepoint "Cleanup", Time since last: 1001642387 ns, Reaching safepoint: 82143 ns, At safepoint: 21953 ns, Total: 104096 ns
[2020-09-11T17:41:09.720+0000][1][safepoint    ] Safepoint "Cleanup", Time since last: 1000108607 ns, Reaching safepoint: 95914 ns, At safepoint: 19311 ns, Total: 115225 ns
[2020-09-11T17:41:10.720+0000][1][safepoint    ] Safepoint "Cleanup", Time since last: 1000110048 ns, Reaching safepoint: 96466 ns, At safepoint: 24015 ns, Total: 120481 ns
[2020-09-11T17:41:11.720+0000][1][safepoint    ] Safepoint "Cleanup", Time since last: 1000113759 ns, Reaching safepoint: 102689 ns, At safepoint: 19713 ns, Total: 122402 ns
[2020-09-11T17:41:12.720+0000][1][safepoint    ] Safepoint "Cleanup", Time since last: 1000115258 ns, Reaching safepoint: 89804 ns, At safepoint: 9810 ns, Total: 99614 ns
[2020-09-11T17:41:12.730+0000][1][safepoint    ] Safepoint "RevokeBias", Time since last: 9290526 ns, Reaching safepoint: 167183 ns, At safepoint: 32576 ns, Total: 199759 ns
[2020-09-11T17:41:12.735+0000][1][safepoint    ] Safepoint "RevokeBias", Time since last: 4975372 ns, Reaching safepoint: 88572 ns, At safepoint: 35665 ns, Total: 124237 ns
[2020-09-11T17:41:13.735+0000][1][safepoint    ] Safepoint "Cleanup", Time since last: 1000124154 ns, Reaching safepoint: 86668 ns, At safepoint: 7561 ns, Total: 94229 ns
[2020-09-11T17:41:14.735+0000][1][safepoint    ] Safepoint "Cleanup", Time since last: 1000125005 ns, Reaching safepoint: 90473 ns, At safepoint: 9679 ns, Total: 100152 ns
[2020-09-11T17:41:15.735+0000][1][safepoint    ] Safepoint "Cleanup", Time since last: 1000114158 ns, Reaching safepoint: 84703 ns, At safepoint: 7667 ns, Total: 92370 ns
[2020-09-11T17:41:16.736+0000][1][safepoint    ] Safepoint "Cleanup", Time since last: 1000110579 ns, Reaching safepoint: 89612 ns, At safepoint: 8740 ns, Total: 98352 ns
[2020-09-11T17:41:17.736+0000][1][safepoint    ] Safepoint "Cleanup", Time since last: 1000117164 ns, Reaching safepoint: 92958 ns, At safepoint: 8937 ns, Total: 101895 ns
[2020-09-11T17:41:17.745+0000][1][safepoint    ] Safepoint "RevokeBias", Time since last: 9054047 ns, Reaching safepoint: 173496 ns, At safepoint: 27492 ns, Total: 200988 ns
[2020-09-11T17:41:17.747+0000][1][safepoint    ] Safepoint "RevokeBias", Time since last: 2050038 ns, Reaching safepoint: 84367 ns, At safepoint: 32285 ns, Total: 116652 ns
[2020-09-11T17:41:18.748+0000][1][safepoint    ] Safepoint "Cleanup", Time since last: 1000102821 ns, Reaching safepoint: 89344 ns, At safepoint: 9267 ns, Total: 98611 ns
[2020-09-11T17:41:19.748+0000][1][safepoint    ] Safepoint "Cleanup", Time since last: 1000409272 ns, Reaching safepoint: 185649 ns, At safepoint: 11541 ns, Total: 197190 ns
[2020-09-11T17:41:20.748+0000][1][safepoint    ] Safepoint "Cleanup", Time since last: 1000123004 ns, Reaching safepoint: 86981 ns, At safepoint: 8438 ns, Total: 95419 ns
[2020-09-11T17:41:21.749+0000][1][safepoint    ] Safepoint "Cleanup", Time since last: 1000108858 ns, Reaching safepoint: 88900 ns, At safepoint: 9010 ns, Total: 97910 ns
[2020-09-11T17:41:22.750+0000][1][safepoint    ] Safepoint "Cleanup", Time since last: 1000117103 ns, Reaching safepoint: 928178 ns, At safepoint: 14142 ns, Total: 942320 ns
[2020-09-11T17:41:22.758+0000][1][safepoint    ] Safepoint "RevokeBias", Time since last: 8230041 ns, Reaching safepoint: 175334 ns, At safepoint: 28406 ns, Total: 203740 ns
[2020-09-11T17:41:22.760+0000][1][safepoint    ] Safepoint "RevokeBias", Time since last: 1561277 ns, Reaching safepoint: 78521 ns, At safepoint: 20929 ns, Total: 99450 ns
[2020-09-11T17:41:23.760+0000][1][safepoint    ] Safepoint "Cleanup", Time since last: 1000100078 ns, Reaching safepoint: 87685 ns, At safepoint: 7710 ns, Total: 95395 ns
[2020-09-11T17:41:24.760+0000][1][safepoint    ] Safepoint "Cleanup", Time since last: 1000100206 ns, Reaching safepoint: 89401 ns, At safepoint: 9826 ns, Total: 99227 ns
[2020-09-11T17:41:25.796+0000][1][safepoint    ] Safepoint "Cleanup", Time since last: 1036051642 ns, Reaching safepoint: 90340 ns, At safepoint: 7787 ns, Total: 98127 ns
[2020-09-11T17:41:26.796+0000][1][safepoint    ] Safepoint "Cleanup", Time since last: 1000118637 ns, Reaching safepoint: 89048 ns, At safepoint: 9718 ns, Total: 98766 ns
[2020-09-11T17:41:27.770+0000][1][safepoint    ] Safepoint "RevokeBias", Time since last: 972973694 ns, Reaching safepoint: 222978 ns, At safepoint: 274182 ns, Total: 497160 ns
[2020-09-11T17:41:27.772+0000][1][safepoint    ] Safepoint "RevokeBias", Time since last: 2131595 ns, Reaching safepoint: 165578 ns, At safepoint: 25464 ns, Total: 191042 ns
[2020-09-11T17:41:28.772+0000][1][safepoint    ] Safepoint "Cleanup", Time since last: 1000111445 ns, Reaching safepoint: 85236 ns, At safepoint: 7876 ns, Total: 93112 ns
[2020-09-11T17:41:29.773+0000][1][safepoint    ] Safepoint "Cleanup", Time since last: 1000116457 ns, Reaching safepoint: 89920 ns, At safepoint: 9104 ns, Total: 99024 ns
[2020-09-11T17:41:30.773+0000][1][safepoint    ] Safepoint "Cleanup", Time since last: 1000080272 ns, Reaching safepoint: 88993 ns, At safepoint: 6985 ns, Total: 95978 ns
[2020-09-11T17:41:31.773+0000][1][safepoint    ] Safepoint "Cleanup", Time since last: 1000109349 ns, Reaching safepoint: 90614 ns, At safepoint: 12996 ns, Total: 103610 ns
[2020-09-11T17:41:32.773+0000][1][safepoint    ] Safepoint "Cleanup", Time since last: 1000112344 ns, Reaching safepoint: 85557 ns, At safepoint: 6591 ns, Total: 92148 ns
[2020-09-11T17:41:32.783+0000][1][safepoint    ] Safepoint "RevokeBias", Time since last: 9195307 ns, Reaching safepoint: 207439 ns, At safepoint: 234836 ns, Total: 442275 ns
[2020-09-11T17:41:32.786+0000][1][safepoint    ] Safepoint "RevokeBias", Time since last: 2527000 ns, Reaching safepoint: 163670 ns, At safepoint: 22715 ns, Total: 186385 ns
[2020-09-11T17:41:33.786+0000][1][safepoint    ] Safepoint "Cleanup", Time since last: 1000111667 ns, Reaching safepoint: 92393 ns, At safepoint: 8775 ns, Total: 101168 ns
[2020-09-11T17:41:33.889+0000][1][gc,start     ] GC(218) Pause Young (Allocation Failure)
[2020-09-11T17:41:33.889+0000][1][gc,task      ] GC(218) Using 1 workers of 1 for evacuation
[2020-09-11T17:41:33.922+0000][1][gc,age       ] GC(218) Desired survivor size 4358144 bytes, new threshold 6 (max threshold 6)
[2020-09-11T17:41:33.922+0000][1][gc,age       ] GC(218) Age table with threshold 6 (max threshold 6)
[2020-09-11T17:41:33.922+0000][1][gc,age       ] GC(218) - age   1:     122536 bytes,     122536 total
[2020-09-11T17:41:33.923+0000][1][gc,age       ] GC(218) - age   2:     919320 bytes,    1041856 total
[2020-09-11T17:41:33.923+0000][1][gc,age       ] GC(218) - age   3:     275208 bytes,    1317064 total
[2020-09-11T17:41:33.923+0000][1][gc,age       ] GC(218) - age   4:     121296 bytes,    1438360 total
[2020-09-11T17:41:33.923+0000][1][gc,age       ] GC(218) - age   5:      10024 bytes,    1448384 total
[2020-09-11T17:41:33.923+0000][1][gc,age       ] GC(218) - age   6:      50832 bytes,    1499216 total
[2020-09-11T17:41:33.923+0000][1][gc,heap      ] GC(218) ParNew: 70144K->2584K(76672K)
[2020-09-11T17:41:33.923+0000][1][gc,heap      ] GC(218) CMS: 154080K->154119K(2011968K)
[2020-09-11T17:41:33.923+0000][1][gc,metaspace ] GC(218) Metaspace: 97883K->97883K(1140736K)
[2020-09-11T17:41:33.923+0000][1][gc           ] GC(218) Pause Young (Allocation Failure) 218M->153M(2039M) 33.751ms
[2020-09-11T17:41:33.923+0000][1][gc,cpu       ] GC(218) User=0.01s Sys=0.00s Real=0.04s
[2020-09-11T17:41:33.923+0000][1][safepoint    ] Safepoint "GenCollectForAllocation", Time since last: 101564905 ns, Reaching safepoint: 1431487 ns, At safepoint: 33834884 ns, Total: 35266371 ns
[2020-09-11T17:41:34.924+0000][1][safepoint    ] Safepoint "Cleanup", Time since last: 1001464350 ns, Reaching safepoint: 84579 ns, At safepoint: 19370 ns, Total: 103949 ns
[2020-09-11T17:41:35.924+0000][1][safepoint    ] Safepoint "Cleanup", Time since last: 1000109033 ns, Reaching safepoint: 83512 ns, At safepoint: 17772 ns, Total: 101284 ns
[2020-09-11T17:41:36.925+0000][1][safepoint    ] Safepoint "Cleanup", Time since last: 1000111196 ns, Reaching safepoint: 93393 ns, At safepoint: 17798 ns, Total: 111191 ns
[2020-09-11T17:41:37.797+0000][1][safepoint    ] Safepoint "RevokeBias", Time since last: 872110570 ns, Reaching safepoint: 210934 ns, At safepoint: 227463 ns, Total: 438397 ns
[2020-09-11T17:41:37.800+0000][1][safepoint    ] Safepoint "RevokeBias", Time since last: 2286668 ns, Reaching safepoint: 167497 ns, At safepoint: 25706 ns, Total: 193203 ns
[2020-09-11T17:41:42.818+0000][1][safepoint    ] Safepoint "RevokeBias", Time since last: 5018556406 ns, Reaching safepoint: 96756 ns, At safepoint: 26930 ns, Total: 123686 ns
[2020-09-11T17:41:42.821+0000][1][safepoint    ] Safepoint "BulkRevokeBias", Time since last: 1921418 ns, Reaching safepoint: 90302 ns, At safepoint: 260004 ns, Total: 350306 ns
[2020-09-11T17:41:47.828+0000][1][safepoint    ] Safepoint "RevokeBias", Time since last: 5007603292 ns, Reaching safepoint: 94194 ns, At safepoint: 26321 ns, Total: 120515 ns
[2020-09-11T17:41:47.832+0000][1][safepoint    ] Safepoint "RevokeBias", Time since last: 3060445 ns, Reaching safepoint: 95226 ns, At safepoint: 24872 ns, Total: 120098 ns
[2020-09-11T17:41:52.842+0000][1][safepoint    ] Safepoint "RevokeBias", Time since last: 5009514359 ns, Reaching safepoint: 222376 ns, At safepoint: 269247 ns, Total: 491623 ns
[2020-09-11T17:41:52.844+0000][1][safepoint    ] Safepoint "RevokeBias", Time since last: 2240904 ns, Reaching safepoint: 187366 ns, At safepoint: 25588 ns, Total: 212954 ns
[2020-09-11T17:41:53.937+0000][1][gc,start     ] GC(219) Pause Young (Allocation Failure)
[2020-09-11T17:41:53.937+0000][1][gc,task      ] GC(219) Using 1 workers of 1 for evacuation
[2020-09-11T17:41:53.967+0000][1][gc,age       ] GC(219) Desired survivor size 4358144 bytes, new threshold 6 (max threshold 6)
[2020-09-11T17:41:53.967+0000][1][gc,age       ] GC(219) Age table with threshold 6 (max threshold 6)
[2020-09-11T17:41:53.967+0000][1][gc,age       ] GC(219) - age   1:      95016 bytes,      95016 total
[2020-09-11T17:41:53.967+0000][1][gc,age       ] GC(219) - age   2:      45952 bytes,     140968 total
[2020-09-11T17:41:53.967+0000][1][gc,age       ] GC(219) - age   3:     914920 bytes,    1055888 total
[2020-09-11T17:41:53.967+0000][1][gc,age       ] GC(219) - age   4:     274592 bytes,    1330480 total
[2020-09-11T17:41:53.967+0000][1][gc,age       ] GC(219) - age   5:     121296 bytes,    1451776 total
[2020-09-11T17:41:53.967+0000][1][gc,age       ] GC(219) - age   6:      10024 bytes,    1461800 total
[2020-09-11T17:41:53.967+0000][1][gc,heap      ] GC(219) ParNew: 70744K->1744K(76672K)
[2020-09-11T17:41:53.967+0000][1][gc,heap      ] GC(219) CMS: 154119K->154168K(2011968K)
[2020-09-11T17:41:53.967+0000][1][gc,metaspace ] GC(219) Metaspace: 97883K->97883K(1140736K)
[2020-09-11T17:41:53.967+0000][1][gc           ] GC(219) Pause Young (Allocation Failure) 219M->152M(2039M) 30.030ms
[2020-09-11T17:41:53.967+0000][1][gc,cpu       ] GC(219) User=0.02s Sys=0.00s Real=0.03s
[2020-09-11T17:41:53.967+0000][1][safepoint    ] Safepoint "GenCollectForAllocation", Time since last: 1092469072 ns, Reaching safepoint: 159723 ns, At safepoint: 30101381 ns, Total: 30261104 ns
[2020-09-11T17:41:57.736+0000][1][safepoint    ] Safepoint "Deoptimize", Time since last: 3767677475 ns, Reaching safepoint: 156601 ns, At safepoint: 1458512 ns, Total: 1615113 ns
[2020-09-11T17:41:57.855+0000][1][safepoint    ] Safepoint "RevokeBias", Time since last: 118894662 ns, Reaching safepoint: 98766 ns, At safepoint: 26359 ns, Total: 125125 ns
[2020-09-11T17:41:57.857+0000][1][safepoint    ] Safepoint "RevokeBias", Time since last: 1808532 ns, Reaching safepoint: 82469 ns, At safepoint: 22329 ns, Total: 104798 ns
[2020-09-11T17:42:02.871+0000][1][safepoint    ] Safepoint "RevokeBias", Time since last: 5013824429 ns, Reaching safepoint: 178396 ns, At safepoint: 27742 ns, Total: 206138 ns
[2020-09-11T17:42:02.874+0000][1][safepoint    ] Safepoint "RevokeBias", Time since last: 2759474 ns, Reaching safepoint: 221658 ns, At safepoint: 304105 ns, Total: 525763 ns
[2020-09-11T17:42:07.884+0000][1][safepoint    ] Safepoint "RevokeBias", Time since last: 5009024031 ns, Reaching safepoint: 188169 ns, At safepoint: 49370 ns, Total: 237539 ns
[2020-09-11T17:42:07.886+0000][1][safepoint    ] Safepoint "RevokeBias", Time since last: 2205797 ns, Reaching safepoint: 214794 ns, At safepoint: 284379 ns, Total: 499173 ns
[2020-09-11T17:42:12.897+0000][1][safepoint    ] Safepoint "RevokeBias", Time since last: 5010589425 ns, Reaching safepoint: 90877 ns, At safepoint: 22199 ns, Total: 113076 ns
[2020-09-11T17:42:12.899+0000][1][safepoint    ] Safepoint "RevokeBias", Time since last: 1657841 ns, Reaching safepoint: 80488 ns, At safepoint: 20919 ns, Total: 101407 ns
[2020-09-11T17:42:15.899+0000][1][safepoint    ] Safepoint "Cleanup", Time since last: 3000252809 ns, Reaching safepoint: 92052 ns, At safepoint: 9433 ns, Total: 101485 ns
[2020-09-11T17:42:16.899+0000][1][safepoint    ] Safepoint "Cleanup", Time since last: 1000115866 ns, Reaching safepoint: 86903 ns, At safepoint: 7416 ns, Total: 94319 ns
[2020-09-11T17:42:17.016+0000][1][gc,start     ] GC(220) Pause Young (Allocation Failure)
[2020-09-11T17:42:17.016+0000][1][gc,task      ] GC(220) Using 1 workers of 1 for evacuation
[2020-09-11T17:42:17.041+0000][1][gc,age       ] GC(220) Desired survivor size 4358144 bytes, new threshold 6 (max threshold 6)
[2020-09-11T17:42:17.045+0000][1][gc,age       ] GC(220) Age table with threshold 6 (max threshold 6)
[2020-09-11T17:42:17.045+0000][1][gc,age       ] GC(220) - age   1:     176192 bytes,     176192 total
[2020-09-11T17:42:17.045+0000][1][gc,age       ] GC(220) - age   2:      17496 bytes,     193688 total
[2020-09-11T17:42:17.045+0000][1][gc,age       ] GC(220) - age   3:      42048 bytes,     235736 total
[2020-09-11T17:42:17.045+0000][1][gc,age       ] GC(220) - age   4:     914480 bytes,    1150216 total
[2020-09-11T17:42:17.045+0000][1][gc,age       ] GC(220) - age   5:     274560 bytes,    1424776 total
[2020-09-11T17:42:17.045+0000][1][gc,age       ] GC(220) - age   6:     121296 bytes,    1546072 total
[2020-09-11T17:42:17.045+0000][1][gc,heap      ] GC(220) ParNew: 69904K->2577K(76672K)
[2020-09-11T17:42:17.045+0000][1][gc,heap      ] GC(220) CMS: 154168K->154178K(2011968K)
[2020-09-11T17:42:17.045+0000][1][gc,metaspace ] GC(220) Metaspace: 97908K->97908K(1140736K)
[2020-09-11T17:42:17.045+0000][1][gc           ] GC(220) Pause Young (Allocation Failure) 218M->153M(2039M) 29.221ms
[2020-09-11T17:42:17.045+0000][1][gc,cpu       ] GC(220) User=0.02s Sys=0.00s Real=0.03s
[2020-09-11T17:42:17.045+0000][1][safepoint    ] Safepoint "GenCollectForAllocation", Time since last: 116223944 ns, Reaching safepoint: 212783 ns, At safepoint: 29292416 ns, Total: 29505199 ns
[2020-09-11T17:42:17.915+0000][1][safepoint    ] Safepoint "RevokeBias", Time since last: 869756316 ns, Reaching safepoint: 189422 ns, At safepoint: 26954 ns, Total: 216376 ns
[2020-09-11T17:42:17.918+0000][1][safepoint    ] Safepoint "RevokeBias", Time since last: 2567508 ns, Reaching safepoint: 86868 ns, At safepoint: 24398 ns, Total: 111266 ns
[2020-09-11T17:42:18.918+0000][1][safepoint    ] Safepoint "Cleanup", Time since last: 1000108408 ns, Reaching safepoint: 90574 ns, At safepoint: 9408 ns, Total: 99982 ns
[2020-09-11T17:42:19.918+0000][1][safepoint    ] Safepoint "Cleanup", Time since last: 1000113563 ns, Reaching safepoint: 89621 ns, At safepoint: 9794 ns, Total: 99415 ns
[2020-09-11T17:42:20.918+0000][1][safepoint    ] Safepoint "Cleanup", Time since last: 1000116607 ns, Reaching safepoint: 86944 ns, At safepoint: 7413 ns, Total: 94357 ns
[2020-09-11T17:42:21.919+0000][1][safepoint    ] Safepoint "Cleanup", Time since last: 1000112657 ns, Reaching safepoint: 91364 ns, At safepoint: 9464 ns, Total: 100828 ns
[2020-09-11T17:42:22.919+0000][1][safepoint    ] Safepoint "Cleanup", Time since last: 1000113467 ns, Reaching safepoint: 87348 ns, At safepoint: 6166 ns, Total: 93514 ns
[2020-09-11T17:42:22.937+0000][1][safepoint    ] Safepoint "RevokeBias", Time since last: 18011803 ns, Reaching safepoint: 127059 ns, At safepoint: 22806 ns, Total: 149865 ns
[2020-09-11T17:42:22.939+0000][1][safepoint    ] Safepoint "RevokeBias", Time since last: 1965546 ns, Reaching safepoint: 83210 ns, At safepoint: 21554 ns, Total: 104764 ns
[2020-09-11T17:42:23.939+0000][1][safepoint    ] Safepoint "Cleanup", Time since last: 1000106755 ns, Reaching safepoint: 92463 ns, At safepoint: 10236 ns, Total: 102699 ns
[2020-09-11T17:42:24.939+0000][1][safepoint    ] Safepoint "Cleanup", Time since last: 1000110872 ns, Reaching safepoint: 88720 ns, At safepoint: 9488 ns, Total: 98208 ns
[2020-09-11T17:42:25.940+0000][1][safepoint    ] Safepoint "Cleanup", Time since last: 1000116741 ns, Reaching safepoint: 89128 ns, At safepoint: 8427 ns, Total: 97555 ns
[2020-09-11T17:42:26.940+0000][1][safepoint    ] Safepoint "Cleanup", Time since last: 1000112318 ns, Reaching safepoint: 91194 ns, At safepoint: 9800 ns, Total: 100994 ns
[2020-09-11T17:42:27.940+0000][1][safepoint    ] Safepoint "Cleanup", Time since last: 1000116545 ns, Reaching safepoint: 84853 ns, At safepoint: 7707 ns, Total: 92560 ns
[2020-09-11T17:42:27.949+0000][1][safepoint    ] Safepoint "RevokeBias", Time since last: 8464262 ns, Reaching safepoint: 87328 ns, At safepoint: 23457 ns, Total: 110785 ns
[2020-09-11T17:42:27.951+0000][1][safepoint    ] Safepoint "RevokeBias", Time since last: 2086792 ns, Reaching safepoint: 85238 ns, At safepoint: 23455 ns, Total: 108693 ns
[2020-09-11T17:42:28.951+0000][1][safepoint    ] Safepoint "Cleanup", Time since last: 1000121593 ns, Reaching safepoint: 106602 ns, At safepoint: 9948 ns, Total: 116550 ns
[2020-09-11T17:42:29.951+0000][1][safepoint    ] Safepoint "Cleanup", Time since last: 1000112341 ns, Reaching safepoint: 85886 ns, At safepoint: 7588 ns, Total: 93474 ns
[2020-09-11T17:42:30.951+0000][1][safepoint    ] Safepoint "Cleanup", Time since last: 1000134981 ns, Reaching safepoint: 88537 ns, At safepoint: 9142 ns, Total: 97679 ns
[2020-09-11T17:42:31.952+0000][1][safepoint    ] Safepoint "Cleanup", Time since last: 1000111967 ns, Reaching safepoint: 89013 ns, At safepoint: 7769 ns, Total: 96782 ns
[2020-09-11T17:42:32.952+0000][1][safepoint    ] Safepoint "Cleanup", Time since last: 1000114488 ns, Reaching safepoint: 90609 ns, At safepoint: 9681 ns, Total: 100290 ns
[2020-09-11T17:42:32.961+0000][1][safepoint    ] Safepoint "RevokeBias", Time since last: 9050367 ns, Reaching safepoint: 92346 ns, At safepoint: 26808 ns, Total: 119154 ns
[2020-09-11T17:42:32.964+0000][1][safepoint    ] Safepoint "RevokeBias", Time since last: 2066036 ns, Reaching safepoint: 209403 ns, At safepoint: 278571 ns, Total: 487974 ns
[2020-09-11T17:42:33.964+0000][1][safepoint    ] Safepoint "Cleanup", Time since last: 1000107604 ns, Reaching safepoint: 87860 ns, At safepoint: 7601 ns, Total: 95461 ns
[2020-09-11T17:42:34.964+0000][1][safepoint    ] Safepoint "Cleanup", Time since last: 1000113895 ns, Reaching safepoint: 87328 ns, At safepoint: 8994 ns, Total: 96322 ns
[2020-09-11T17:42:35.964+0000][1][safepoint    ] Safepoint "Cleanup", Time since last: 1000114740 ns, Reaching safepoint: 87937 ns, At safepoint: 9418 ns, Total: 97355 ns
[2020-09-11T17:42:37.177+0000][1][gc,start     ] GC(221) Pause Young (Allocation Failure)
[2020-09-11T17:42:37.177+0000][1][gc,task      ] GC(221) Using 1 workers of 1 for evacuation
[2020-09-11T17:42:37.213+0000][1][gc,age       ] GC(221) Desired survivor size 4358144 bytes, new threshold 6 (max threshold 6)
[2020-09-11T17:42:37.213+0000][1][gc,age       ] GC(221) Age table with threshold 6 (max threshold 6)
[2020-09-11T17:42:37.213+0000][1][gc,age       ] GC(221) - age   1:     354112 bytes,     354112 total
[2020-09-11T17:42:37.213+0000][1][gc,age       ] GC(221) - age   2:      76744 bytes,     430856 total
[2020-09-11T17:42:37.213+0000][1][gc,age       ] GC(221) - age   3:      16328 bytes,     447184 total
[2020-09-11T17:42:37.213+0000][1][gc,age       ] GC(221) - age   4:      42016 bytes,     489200 total
[2020-09-11T17:42:37.213+0000][1][gc,age       ] GC(221) - age   5:     914480 bytes,    1403680 total
[2020-09-11T17:42:37.213+0000][1][gc,age       ] GC(221) - age   6:     274560 bytes,    1678240 total
[2020-09-11T17:42:37.213+0000][1][gc,heap      ] GC(221) ParNew: 70737K->1776K(76672K)
[2020-09-11T17:42:37.213+0000][1][gc,heap      ] GC(221) CMS: 154178K->154297K(2011968K)
[2020-09-11T17:42:37.213+0000][1][gc,metaspace ] GC(221) Metaspace: 97910K->97910K(1140736K)
[2020-09-11T17:42:37.213+0000][1][gc           ] GC(221) Pause Young (Allocation Failure) 219M->152M(2039M) 36.081ms
[2020-09-11T17:42:37.213+0000][1][gc,cpu       ] GC(221) User=0.02s Sys=0.00s Real=0.04s
[2020-09-11T17:42:37.213+0000][1][safepoint    ] Safepoint "GenCollectForAllocation", Time since last: 1211356930 ns, Reaching safepoint: 1388701 ns, At safepoint: 36188477 ns, Total: 37577178 ns
[2020-09-11T17:42:37.987+0000][1][safepoint    ] Safepoint "RevokeBias", Time since last: 773434706 ns, Reaching safepoint: 221997 ns, At safepoint: 274868 ns, Total: 496865 ns
[2020-09-11T17:42:37.990+0000][1][safepoint    ] Safepoint "RevokeBias", Time since last: 2540198 ns, Reaching safepoint: 168160 ns, At safepoint: 24662 ns, Total: 192822 ns
[2020-09-11T17:42:38.990+0000][1][safepoint    ] Safepoint "Cleanup", Time since last: 1000106983 ns, Reaching safepoint: 88303 ns, At safepoint: 9117 ns, Total: 97420 ns
[2020-09-11T17:42:39.990+0000][1][safepoint    ] Safepoint "Cleanup", Time since last: 1000115430 ns, Reaching safepoint: 94451 ns, At safepoint: 10232 ns, Total: 104683 ns
[2020-09-11T17:42:40.990+0000][1][safepoint    ] Safepoint "Cleanup", Time since last: 1000131101 ns, Reaching safepoint: 88139 ns, At safepoint: 8855 ns, Total: 96994 ns
[2020-09-11T17:42:41.991+0000][1][safepoint    ] Safepoint "Cleanup", Time since last: 1000110336 ns, Reaching safepoint: 88606 ns, At safepoint: 9239 ns, Total: 97845 ns
[2020-09-11T17:42:42.991+0000][1][safepoint    ] Safepoint "Cleanup", Time since last: 1000111421 ns, Reaching safepoint: 90471 ns, At safepoint: 9205 ns, Total: 99676 ns
[2020-09-11T17:42:43.000+0000][1][safepoint    ] Safepoint "RevokeBias", Time since last: 9293135 ns, Reaching safepoint: 88441 ns, At safepoint: 27522 ns, Total: 115963 ns
[2020-09-11T17:42:43.002+0000][1][safepoint    ] Safepoint "RevokeBias", Time since last: 1971056 ns, Reaching safepoint: 86728 ns, At safepoint: 23225 ns, Total: 109953 ns
[2020-09-11T17:42:44.004+0000][1][safepoint    ] Safepoint "Cleanup", Time since last: 1001402239 ns, Reaching safepoint: 162361 ns, At safepoint: 9289 ns, Total: 171650 ns
[2020-09-11T17:42:45.004+0000][1][safepoint    ] Safepoint "Cleanup", Time since last: 1000108439 ns, Reaching safepoint: 92907 ns, At safepoint: 10193 ns, Total: 103100 ns
[2020-09-11T17:42:46.004+0000][1][safepoint    ] Safepoint "Cleanup", Time since last: 1000110102 ns, Reaching safepoint: 90626 ns, At safepoint: 8632 ns, Total: 99258 ns
[2020-09-11T17:42:47.005+0000][1][safepoint    ] Safepoint "Cleanup", Time since last: 1000116432 ns, Reaching safepoint: 79864 ns, At safepoint: 6006 ns, Total: 85870 ns
[2020-09-11T17:42:48.005+0000][1][safepoint    ] Safepoint "Cleanup", Time since last: 1000107893 ns, Reaching safepoint: 104028 ns, At safepoint: 6620 ns, Total: 110648 ns
[2020-09-11T17:42:48.013+0000][1][safepoint    ] Safepoint "RevokeBias", Time since last: 7463804 ns, Reaching safepoint: 220915 ns, At safepoint: 310622 ns, Total: 531537 ns
[2020-09-11T17:42:48.019+0000][1][safepoint    ] Safepoint "RevokeBias", Time since last: 6023907 ns, Reaching safepoint: 91750 ns, At safepoint: 22434 ns, Total: 114184 ns
[2020-09-11T17:42:49.019+0000][1][safepoint    ] Safepoint "Cleanup", Time since last: 1000107547 ns, Reaching safepoint: 81053 ns, At safepoint: 8464 ns, Total: 89517 ns
[2020-09-11T17:42:50.019+0000][1][safepoint    ] Safepoint "Cleanup", Time since last: 1000109686 ns, Reaching safepoint: 89610 ns, At safepoint: 8333 ns, Total: 97943 ns
[2020-09-11T17:42:51.020+0000][1][safepoint    ] Safepoint "Cleanup", Time since last: 1000111578 ns, Reaching safepoint: 86713 ns, At safepoint: 8530 ns, Total: 95243 ns
[2020-09-11T17:42:52.020+0000][1][safepoint    ] Safepoint "Cleanup", Time since last: 1000129772 ns, Reaching safepoint: 85275 ns, At safepoint: 8726 ns, Total: 94001 ns
[2020-09-11T17:42:53.019+0000][1][safepoint    ] Safepoint "RevokeBias", Time since last: 999440668 ns, Reaching safepoint: 94391 ns, At safepoint: 27031 ns, Total: 121422 ns
[2020-09-11T17:42:53.027+0000][1][safepoint    ] Safepoint "BulkRevokeBias", Time since last: 6946878 ns, Reaching safepoint: 96504 ns, At safepoint: 262869 ns, Total: 359373 ns
[2020-09-11T17:42:54.027+0000][1][safepoint    ] Safepoint "Cleanup", Time since last: 1000111468 ns, Reaching safepoint: 85977 ns, At safepoint: 9405 ns, Total: 95382 ns
[2020-09-11T17:42:55.027+0000][1][safepoint    ] Safepoint "Cleanup", Time since last: 1000106745 ns, Reaching safepoint: 84155 ns, At safepoint: 6946 ns, Total: 91101 ns
[2020-09-11T17:42:56.027+0000][1][safepoint    ] Safepoint "Cleanup", Time since last: 1000111838 ns, Reaching safepoint: 88092 ns, At safepoint: 8228 ns, Total: 96320 ns
[2020-09-11T17:42:57.027+0000][1][safepoint    ] Safepoint "Cleanup", Time since last: 1000107765 ns, Reaching safepoint: 83925 ns, At safepoint: 6610 ns, Total: 90535 ns
[2020-09-11T17:42:58.027+0000][1][safepoint    ] Safepoint "RevokeBias", Time since last: 999761317 ns, Reaching safepoint: 181260 ns, At safepoint: 27969 ns, Total: 209229 ns
[2020-09-11T17:42:58.039+0000][1][safepoint    ] Safepoint "RevokeBias", Time since last: 11081539 ns, Reaching safepoint: 90040 ns, At safepoint: 25953 ns, Total: 115993 ns
[2020-09-11T17:42:59.019+0000][1][gc,start     ] GC(222) Pause Young (Allocation Failure)
[2020-09-11T17:42:59.019+0000][1][gc,task      ] GC(222) Using 1 workers of 1 for evacuation
[2020-09-11T17:42:59.057+0000][1][gc,age       ] GC(222) Desired survivor size 4358144 bytes, new threshold 6 (max threshold 6)
[2020-09-11T17:42:59.057+0000][1][gc,age       ] GC(222) Age table with threshold 6 (max threshold 6)
[2020-09-11T17:42:59.057+0000][1][gc,age       ] GC(222) - age   1:     105520 bytes,     105520 total
[2020-09-11T17:42:59.057+0000][1][gc,age       ] GC(222) - age   2:     257824 bytes,     363344 total
[2020-09-11T17:42:59.057+0000][1][gc,age       ] GC(222) - age   3:      73440 bytes,     436784 total
[2020-09-11T17:42:59.057+0000][1][gc,age       ] GC(222) - age   4:      16056 bytes,     452840 total
[2020-09-11T17:42:59.057+0000][1][gc,age       ] GC(222) - age   5:      42016 bytes,     494856 total
[2020-09-11T17:42:59.057+0000][1][gc,age       ] GC(222) - age   6:     914448 bytes,    1409304 total
[2020-09-11T17:42:59.057+0000][1][gc,heap      ] GC(222) ParNew: 69936K->1451K(76672K)
[2020-09-11T17:42:59.057+0000][1][gc,heap      ] GC(222) CMS: 154297K->154565K(2011968K)
[2020-09-11T17:42:59.057+0000][1][gc,metaspace ] GC(222) Metaspace: 97910K->97910K(1140736K)
[2020-09-11T17:42:59.057+0000][1][gc           ] GC(222) Pause Young (Allocation Failure) 218M->152M(2039M) 38.083ms
[2020-09-11T17:42:59.057+0000][1][gc,cpu       ] GC(222) User=0.02s Sys=0.00s Real=0.04s
[2020-09-11T17:42:59.057+0000][1][safepoint    ] Safepoint "GenCollectForAllocation", Time since last: 980389021 ns, Reaching safepoint: 161480 ns, At safepoint: 38186568 ns, Total: 38348048 ns
[2020-09-11T17:43:00.059+0000][1][safepoint    ] Safepoint "Cleanup", Time since last: 1001423842 ns, Reaching safepoint: 80373 ns, At safepoint: 18071 ns, Total: 98444 ns
[2020-09-11T17:43:01.059+0000][1][safepoint    ] Safepoint "Cleanup", Time since last: 1000108568 ns, Reaching safepoint: 78691 ns, At safepoint: 5651 ns, Total: 84342 ns
[2020-09-11T17:43:02.059+0000][1][safepoint    ] Safepoint "Cleanup", Time since last: 1000105817 ns, Reaching safepoint: 79059 ns, At safepoint: 6553 ns, Total: 85612 ns
[2020-09-11T17:43:03.034+0000][1][safepoint    ] Safepoint "RevokeBias", Time since last: 975042263 ns, Reaching safepoint: 90508 ns, At safepoint: 24220 ns, Total: 114728 ns
[2020-09-11T17:43:03.046+0000][1][safepoint    ] Safepoint "RevokeBias", Time since last: 11183669 ns, Reaching safepoint: 215625 ns, At safepoint: 276811 ns, Total: 492436 ns
[2020-09-11T17:43:04.046+0000][1][safepoint    ] Safepoint "Cleanup", Time since last: 1000110394 ns, Reaching safepoint: 85796 ns, At safepoint: 8783 ns, Total: 94579 ns
[2020-09-11T17:43:05.047+0000][1][safepoint    ] Safepoint "Cleanup", Time since last: 1000111054 ns, Reaching safepoint: 90212 ns, At safepoint: 9770 ns, Total: 99982 ns
[2020-09-11T17:43:06.047+0000][1][safepoint    ] Safepoint "Cleanup", Time since last: 1000116890 ns, Reaching safepoint: 88476 ns, At safepoint: 8639 ns, Total: 97115 ns
[2020-09-11T17:43:07.047+0000][1][safepoint    ] Safepoint "Cleanup", Time since last: 1000112422 ns, Reaching safepoint: 87762 ns, At safepoint: 7252 ns, Total: 95014 ns
[2020-09-11T17:43:08.042+0000][1][safepoint    ] Safepoint "RevokeBias", Time since last: 994499671 ns, Reaching safepoint: 177377 ns, At safepoint: 28018 ns, Total: 205395 ns
[2020-09-11T17:43:08.054+0000][1][safepoint    ] Safepoint "RevokeBias", Time since last: 11654620 ns, Reaching safepoint: 219507 ns, At safepoint: 269771 ns, Total: 489278 ns
[2020-09-11T17:43:09.054+0000][1][safepoint    ] Safepoint "Cleanup", Time since last: 1000114544 ns, Reaching safepoint: 87572 ns, At safepoint: 9463 ns, Total: 97035 ns
[2020-09-11T17:43:10.054+0000][1][safepoint    ] Safepoint "Cleanup", Time since last: 1000122338 ns, Reaching safepoint: 99997 ns, At safepoint: 9615 ns, Total: 109612 ns
[2020-09-11T17:43:11.054+0000][1][safepoint    ] Safepoint "Cleanup", Time since last: 1000125952 ns, Reaching safepoint: 85150 ns, At safepoint: 7558 ns, Total: 92708 ns
[2020-09-11T17:43:13.052+0000][1][safepoint    ] Safepoint "RevokeBias", Time since last: 1997176518 ns, Reaching safepoint: 103984 ns, At safepoint: 22624 ns, Total: 126608 ns
[2020-09-11T17:43:13.073+0000][1][safepoint    ] Safepoint "RevokeBias", Time since last: 21016346 ns, Reaching safepoint: 85715 ns, At safepoint: 23974 ns, Total: 109689 ns
[2020-09-11T17:43:18.062+0000][1][safepoint    ] Safepoint "RevokeBias", Time since last: 4988895995 ns, Reaching safepoint: 102093 ns, At safepoint: 27935 ns, Total: 130028 ns
[2020-09-11T17:43:18.101+0000][1][safepoint    ] Safepoint "RevokeBias", Time since last: 38727119 ns, Reaching safepoint: 90148 ns, At safepoint: 50773 ns, Total: 140921 ns
[2020-09-11T17:43:23.083+0000][1][safepoint    ] Safepoint "RevokeBias", Time since last: 4981840768 ns, Reaching safepoint: 99527 ns, At safepoint: 27570 ns, Total: 127097 ns
[2020-09-11T17:43:23.114+0000][1][safepoint    ] Safepoint "RevokeBias", Time since last: 31227262 ns, Reaching safepoint: 245287 ns, At safepoint: 284336 ns, Total: 529623 ns
[2020-09-11T17:43:23.627+0000][1][gc,start     ] GC(223) Pause Young (Allocation Failure)
[2020-09-11T17:43:23.627+0000][1][gc,task      ] GC(223) Using 1 workers of 1 for evacuation
[2020-09-11T17:43:23.659+0000][1][gc,age       ] GC(223) Desired survivor size 4358144 bytes, new threshold 6 (max threshold 6)
[2020-09-11T17:43:23.659+0000][1][gc,age       ] GC(223) Age table with threshold 6 (max threshold 6)
[2020-09-11T17:43:23.659+0000][1][gc,age       ] GC(223) - age   1:     554712 bytes,     554712 total
[2020-09-11T17:43:23.659+0000][1][gc,age       ] GC(223) - age   2:      29960 bytes,     584672 total
[2020-09-11T17:43:23.659+0000][1][gc,age       ] GC(223) - age   3:     253432 bytes,     838104 total
[2020-09-11T17:43:23.659+0000][1][gc,age       ] GC(223) - age   4:      72848 bytes,     910952 total
[2020-09-11T17:43:23.659+0000][1][gc,age       ] GC(223) - age   5:      15744 bytes,     926696 total
[2020-09-11T17:43:23.659+0000][1][gc,age       ] GC(223) - age   6:      41984 bytes,     968680 total
[2020-09-11T17:43:23.659+0000][1][gc,heap      ] GC(223) ParNew: 69611K->1395K(76672K)
[2020-09-11T17:43:23.659+0000][1][gc,heap      ] GC(223) CMS: 154565K->155458K(2011968K)
[2020-09-11T17:43:23.659+0000][1][gc,metaspace ] GC(223) Metaspace: 97927K->97927K(1140736K)
[2020-09-11T17:43:23.659+0000][1][gc           ] GC(223) Pause Young (Allocation Failure) 218M->153M(2039M) 31.812ms
[2020-09-11T17:43:23.659+0000][1][gc,cpu       ] GC(223) User=0.01s Sys=0.00s Real=0.03s
[2020-09-11T17:43:23.659+0000][1][safepoint    ] Safepoint "GenCollectForAllocation", Time since last: 512586502 ns, Reaching safepoint: 188180 ns, At safepoint: 31884934 ns, Total: 32073114 ns
[2020-09-11T17:43:28.093+0000][1][safepoint    ] Safepoint "RevokeBias", Time since last: 4433675504 ns, Reaching safepoint: 223625 ns, At safepoint: 275850 ns, Total: 499475 ns
[2020-09-11T17:43:28.123+0000][1][safepoint    ] Safepoint "RevokeBias", Time since last: 29781798 ns, Reaching safepoint: 175364 ns, At safepoint: 26318 ns, Total: 201682 ns
[2020-09-11T17:43:33.100+0000][1][safepoint    ] Safepoint "RevokeBias", Time since last: 4976465997 ns, Reaching safepoint: 209655 ns, At safepoint: 230467 ns, Total: 440122 ns
[2020-09-11T17:43:33.131+0000][1][safepoint    ] Safepoint "RevokeBias", Time since last: 30513980 ns, Reaching safepoint: 107985 ns, At safepoint: 22529 ns, Total: 130514 ns
[2020-09-11T17:43:35.131+0000][1][safepoint    ] Safepoint "Cleanup", Time since last: 2000183617 ns, Reaching safepoint: 93146 ns, At safepoint: 9790 ns, Total: 102936 ns
[2020-09-11T17:43:38.107+0000][1][safepoint    ] Safepoint "RevokeBias", Time since last: 2975087771 ns, Reaching safepoint: 224473 ns, At safepoint: 302574 ns, Total: 527047 ns
[2020-09-11T17:43:38.142+0000][1][safepoint    ] Safepoint "RevokeBias", Time since last: 34821853 ns, Reaching safepoint: 171119 ns, At safepoint: 27051 ns, Total: 198170 ns
[2020-09-11T17:43:43.114+0000][1][safepoint    ] Safepoint "RevokeBias", Time since last: 4971743702 ns, Reaching safepoint: 92697 ns, At safepoint: 24696 ns, Total: 117393 ns
[2020-09-11T17:43:43.149+0000][1][safepoint    ] Safepoint "RevokeBias", Time since last: 35726029 ns, Reaching safepoint: 94927 ns, At safepoint: 24640 ns, Total: 119567 ns
[2020-09-11T17:43:45.150+0000][1][safepoint    ] Safepoint "Cleanup", Time since last: 2000183914 ns, Reaching safepoint: 92971 ns, At safepoint: 9143 ns, Total: 102114 ns
[2020-09-11T17:43:46.150+0000][1][safepoint    ] Safepoint "Cleanup", Time since last: 1000112528 ns, Reaching safepoint: 89016 ns, At safepoint: 8774 ns, Total: 97790 ns
[2020-09-11T17:43:46.999+0000][1][gc,start     ] GC(224) Pause Young (Allocation Failure)
[2020-09-11T17:43:46.999+0000][1][gc,task      ] GC(224) Using 1 workers of 1 for evacuation
[2020-09-11T17:43:47.032+0000][1][gc,age       ] GC(224) Desired survivor size 4358144 bytes, new threshold 6 (max threshold 6)
[2020-09-11T17:43:47.032+0000][1][gc,age       ] GC(224) Age table with threshold 6 (max threshold 6)
[2020-09-11T17:43:47.032+0000][1][gc,age       ] GC(224) - age   1:      94552 bytes,      94552 total
[2020-09-11T17:43:47.032+0000][1][gc,age       ] GC(224) - age   2:     469472 bytes,     564024 total
[2020-09-11T17:43:47.032+0000][1][gc,age       ] GC(224) - age   3:      26080 bytes,     590104 total
[2020-09-11T17:43:47.032+0000][1][gc,age       ] GC(224) - age   4:     253432 bytes,     843536 total
[2020-09-11T17:43:47.032+0000][1][gc,age       ] GC(224) - age   5:      72848 bytes,     916384 total
[2020-09-11T17:43:47.032+0000][1][gc,age       ] GC(224) - age   6:      15744 bytes,     932128 total
[2020-09-11T17:43:47.032+0000][1][gc,heap      ] GC(224) ParNew: 69555K->1058K(76672K)
[2020-09-11T17:43:47.032+0000][1][gc,heap      ] GC(224) CMS: 155458K->155499K(2011968K)
[2020-09-11T17:43:47.032+0000][1][gc,metaspace ] GC(224) Metaspace: 97941K->97941K(1140736K)
[2020-09-11T17:43:47.032+0000][1][gc           ] GC(224) Pause Young (Allocation Failure) 219M->152M(2039M) 33.068ms
[2020-09-11T17:43:47.032+0000][1][gc,cpu       ] GC(224) User=0.02s Sys=0.00s Real=0.03s
[2020-09-11T17:43:47.037+0000][1][safepoint    ] Safepoint "GenCollectForAllocation", Time since last: 849157961 ns, Reaching safepoint: 169238 ns, At safepoint: 37474057 ns, Total: 37643295 ns
[2020-09-11T17:43:48.045+0000][1][safepoint    ] Safepoint "Cleanup", Time since last: 1008137345 ns, Reaching safepoint: 92168 ns, At safepoint: 9140 ns, Total: 101308 ns
[2020-09-11T17:43:48.120+0000][1][safepoint    ] Safepoint "RevokeBias", Time since last: 74968424 ns, Reaching safepoint: 92344 ns, At safepoint: 26908 ns, Total: 119252 ns
[2020-09-11T17:43:48.157+0000][1][safepoint    ] Safepoint "RevokeBias", Time since last: 36957194 ns, Reaching safepoint: 92577 ns, At safepoint: 35901 ns, Total: 128478 ns
[2020-09-11T17:43:49.157+0000][1][safepoint    ] Safepoint "Cleanup", Time since last: 1000110147 ns, Reaching safepoint: 87662 ns, At safepoint: 9351 ns, Total: 97013 ns
[2020-09-11T17:43:50.158+0000][1][safepoint    ] Safepoint "Cleanup", Time since last: 1000117176 ns, Reaching safepoint: 89067 ns, At safepoint: 8945 ns, Total: 98012 ns
[2020-09-11T17:43:51.158+0000][1][safepoint    ] Safepoint "Cleanup", Time since last: 1000117120 ns, Reaching safepoint: 86664 ns, At safepoint: 8843 ns, Total: 95507 ns
[2020-09-11T17:43:52.158+0000][1][safepoint    ] Safepoint "Cleanup", Time since last: 1000112101 ns, Reaching safepoint: 85863 ns, At safepoint: 10104 ns, Total: 95967 ns
[2020-09-11T17:43:53.127+0000][1][safepoint    ] Safepoint "RevokeBias", Time since last: 968544517 ns, Reaching safepoint: 91267 ns, At safepoint: 26042 ns, Total: 117309 ns
[2020-09-11T17:43:53.170+0000][1][safepoint    ] Safepoint "RevokeBias", Time since last: 43468108 ns, Reaching safepoint: 170839 ns, At safepoint: 27733 ns, Total: 198572 ns
[2020-09-11T17:43:54.171+0000][1][safepoint    ] Safepoint "Cleanup", Time since last: 1000135722 ns, Reaching safepoint: 87198 ns, At safepoint: 7743 ns, Total: 94941 ns
[2020-09-11T17:43:55.171+0000][1][safepoint    ] Safepoint "Cleanup", Time since last: 1000126886 ns, Reaching safepoint: 90337 ns, At safepoint: 9413 ns, Total: 99750 ns
[2020-09-11T17:43:56.171+0000][1][safepoint    ] Safepoint "Cleanup", Time since last: 1000114877 ns, Reaching safepoint: 87393 ns, At safepoint: 7549 ns, Total: 94942 ns
[2020-09-11T17:43:57.171+0000][1][safepoint    ] Safepoint "Cleanup", Time since last: 1000136630 ns, Reaching safepoint: 196127 ns, At safepoint: 94537 ns, Total: 290664 ns
[2020-09-11T17:43:58.136+0000][1][safepoint    ] Safepoint "RevokeBias", Time since last: 964030605 ns, Reaching safepoint: 99164 ns, At safepoint: 26723 ns, Total: 125887 ns
[2020-09-11T17:43:58.188+0000][1][safepoint    ] Safepoint "RevokeBias", Time since last: 51908058 ns, Reaching safepoint: 215846 ns, At safepoint: 275202 ns, Total: 491048 ns
[2020-09-11T17:43:59.188+0000][1][safepoint    ] Safepoint "Cleanup", Time since last: 1000120204 ns, Reaching safepoint: 89938 ns, At safepoint: 9190 ns, Total: 99128 ns
[2020-09-11T17:44:00.188+0000][1][safepoint    ] Safepoint "Cleanup", Time since last: 1000121971 ns, Reaching safepoint: 92210 ns, At safepoint: 9953 ns, Total: 102163 ns
[2020-09-11T17:44:01.189+0000][1][safepoint    ] Safepoint "Cleanup", Time since last: 1000119515 ns, Reaching safepoint: 92440 ns, At safepoint: 9723 ns, Total: 102163 ns
[2020-09-11T17:44:02.189+0000][1][safepoint    ] Safepoint "Cleanup", Time since last: 1000088099 ns, Reaching safepoint: 88362 ns, At safepoint: 9590 ns, Total: 97952 ns
[2020-09-11T17:44:03.143+0000][1][safepoint    ] Safepoint "RevokeBias", Time since last: 953829003 ns, Reaching safepoint: 177290 ns, At safepoint: 28123 ns, Total: 205413 ns
[2020-09-11T17:44:03.196+0000][1][safepoint    ] Safepoint "BulkRevokeBias", Time since last: 52103642 ns, Reaching safepoint: 220261 ns, At safepoint: 595174 ns, Total: 815435 ns
[2020-09-11T17:44:04.196+0000][1][safepoint    ] Safepoint "Cleanup", Time since last: 1000124430 ns, Reaching safepoint: 88682 ns, At safepoint: 9476 ns, Total: 98158 ns
[2020-09-11T17:44:05.196+0000][1][safepoint    ] Safepoint "Cleanup", Time since last: 1000118392 ns, Reaching safepoint: 89219 ns, At safepoint: 9684 ns, Total: 98903 ns
[2020-09-11T17:44:06.196+0000][1][safepoint    ] Safepoint "Cleanup", Time since last: 1000122050 ns, Reaching safepoint: 84856 ns, At safepoint: 7124 ns, Total: 91980 ns
[2020-09-11T17:44:06.834+0000][1][gc,start     ] GC(225) Pause Young (Allocation Failure)
[2020-09-11T17:44:06.834+0000][1][gc,task      ] GC(225) Using 1 workers of 1 for evacuation
[2020-09-11T17:44:06.859+0000][1][gc,age       ] GC(225) Desired survivor size 4358144 bytes, new threshold 6 (max threshold 6)
[2020-09-11T17:44:06.859+0000][1][gc,age       ] GC(225) Age table with threshold 6 (max threshold 6)
[2020-09-11T17:44:06.859+0000][1][gc,age       ] GC(225) - age   1:     137088 bytes,     137088 total
[2020-09-11T17:44:06.859+0000][1][gc,age       ] GC(225) - age   2:      10968 bytes,     148056 total
[2020-09-11T17:44:06.859+0000][1][gc,age       ] GC(225) - age   3:     468760 bytes,     616816 total
[2020-09-11T17:44:06.859+0000][1][gc,age       ] GC(225) - age   4:      26008 bytes,     642824 total
[2020-09-11T17:44:06.859+0000][1][gc,age       ] GC(225) - age   5:     253400 bytes,     896224 total
[2020-09-11T17:44:06.859+0000][1][gc,age       ] GC(225) - age   6:      72848 bytes,     969072 total
[2020-09-11T17:44:06.859+0000][1][gc,heap      ] GC(225) ParNew: 69218K->947K(76672K)
[2020-09-11T17:44:06.859+0000][1][gc,heap      ] GC(225) CMS: 155499K->155514K(2011968K)
[2020-09-11T17:44:06.859+0000][1][gc,metaspace ] GC(225) Metaspace: 97943K->97943K(1140736K)
[2020-09-11T17:44:06.859+0000][1][gc           ] GC(225) Pause Young (Allocation Failure) 219M->152M(2039M) 24.954ms
[2020-09-11T17:44:06.859+0000][1][gc,cpu       ] GC(225) User=0.02s Sys=0.00s Real=0.02s
[2020-09-11T17:44:06.861+0000][1][safepoint    ] Safepoint "GenCollectForAllocation", Time since last: 637680944 ns, Reaching safepoint: 163838 ns, At safepoint: 26485208 ns, Total: 26649046 ns
[2020-09-11T17:44:07.862+0000][1][safepoint    ] Safepoint "Cleanup", Time since last: 1000796967 ns, Reaching safepoint: 93854 ns, At safepoint: 10150 ns, Total: 104004 ns
[2020-09-11T17:44:08.151+0000][1][safepoint    ] Safepoint "RevokeBias", Time since last: 289042578 ns, Reaching safepoint: 102176 ns, At safepoint: 23050 ns, Total: 125226 ns
[2020-09-11T17:44:08.222+0000][1][safepoint    ] Safepoint "RevokeBias", Time since last: 70651130 ns, Reaching safepoint: 230898 ns, At safepoint: 282277 ns, Total: 513175 ns
[2020-09-11T17:44:09.222+0000][1][safepoint    ] Safepoint "Cleanup", Time since last: 1000121590 ns, Reaching safepoint: 111053 ns, At safepoint: 7622 ns, Total: 118675 ns
[2020-09-11T17:44:10.222+0000][1][safepoint    ] Safepoint "Cleanup", Time since last: 1000112334 ns, Reaching safepoint: 90098 ns, At safepoint: 10086 ns, Total: 100184 ns
[2020-09-11T17:44:11.223+0000][1][safepoint    ] Safepoint "Cleanup", Time since last: 1000119600 ns, Reaching safepoint: 87085 ns, At safepoint: 7597 ns, Total: 94682 ns
[2020-09-11T17:44:13.159+0000][1][safepoint    ] Safepoint "RevokeBias", Time since last: 1936543939 ns, Reaching safepoint: 185235 ns, At safepoint: 56321 ns, Total: 241556 ns
[2020-09-11T17:44:13.229+0000][1][safepoint    ] Safepoint "RevokeBias", Time since last: 69739668 ns, Reaching safepoint: 92504 ns, At safepoint: 25393 ns, Total: 117897 ns
[2020-09-11T17:44:18.168+0000][1][safepoint    ] Safepoint "RevokeBias", Time since last: 4938390878 ns, Reaching safepoint: 97882 ns, At safepoint: 26062 ns, Total: 123944 ns
[2020-09-11T17:44:18.237+0000][1][safepoint    ] Safepoint "RevokeBias", Time since last: 68478132 ns, Reaching safepoint: 221405 ns, At safepoint: 348053 ns, Total: 569458 ns
[2020-09-11T17:44:23.179+0000][1][safepoint    ] Safepoint "RevokeBias", Time since last: 4942289027 ns, Reaching safepoint: 99933 ns, At safepoint: 27032 ns, Total: 126965 ns
[2020-09-11T17:44:23.245+0000][1][safepoint    ] Safepoint "RevokeBias", Time since last: 64699695 ns, Reaching safepoint: 228442 ns, At safepoint: 283132 ns, Total: 511574 ns
[2020-09-11T17:44:24.245+0000][1][safepoint    ] Safepoint "Cleanup", Time since last: 1000116637 ns, Reaching safepoint: 111701 ns, At safepoint: 6417 ns, Total: 118118 ns
[2020-09-11T17:44:25.646+0000][1][gc,start     ] GC(226) Pause Young (Allocation Failure)
[2020-09-11T17:44:25.646+0000][1][gc,task      ] GC(226) Using 1 workers of 1 for evacuation
[2020-09-11T17:44:25.672+0000][1][gc,age       ] GC(226) Desired survivor size 4358144 bytes, new threshold 6 (max threshold 6)
[2020-09-11T17:44:25.672+0000][1][gc,age       ] GC(226) Age table with threshold 6 (max threshold 6)
[2020-09-11T17:44:25.672+0000][1][gc,age       ] GC(226) - age   1:     149064 bytes,     149064 total
[2020-09-11T17:44:25.672+0000][1][gc,age       ] GC(226) - age   2:      59432 bytes,     208496 total
[2020-09-11T17:44:25.672+0000][1][gc,age       ] GC(226) - age   3:       6864 bytes,     215360 total
[2020-09-11T17:44:25.672+0000][1][gc,age       ] GC(226) - age   4:     468528 bytes,     683888 total
[2020-09-11T17:44:25.672+0000][1][gc,age       ] GC(226) - age   5:      26008 bytes,     709896 total
[2020-09-11T17:44:25.672+0000][1][gc,age       ] GC(226) - age   6:     253056 bytes,     962952 total
[2020-09-11T17:44:25.672+0000][1][gc,heap      ] GC(226) ParNew: 69107K->946K(76672K)
[2020-09-11T17:44:25.672+0000][1][gc,heap      ] GC(226) CMS: 155514K->155585K(2011968K)
[2020-09-11T17:44:25.672+0000][1][gc,metaspace ] GC(226) Metaspace: 97946K->97946K(1140736K)
[2020-09-11T17:44:25.672+0000][1][gc           ] GC(226) Pause Young (Allocation Failure) 219M->152M(2039M) 26.291ms
[2020-09-11T17:44:25.672+0000][1][gc,cpu       ] GC(226) User=0.01s Sys=0.00s Real=0.02s
[2020-09-11T17:44:25.677+0000][1][safepoint    ] Safepoint "GenCollectForAllocation", Time since last: 1401018475 ns, Reaching safepoint: 91444 ns, At safepoint: 30801657 ns, Total: 30893101 ns
[2020-09-11T17:44:27.681+0000][1][safepoint    ] Safepoint "Cleanup", Time since last: 2004308290 ns, Reaching safepoint: 98032 ns, At safepoint: 9605 ns, Total: 107637 ns
[2020-09-11T17:44:28.189+0000][1][safepoint    ] Safepoint "RevokeBias", Time since last: 507609018 ns, Reaching safepoint: 175971 ns, At safepoint: 275232 ns, Total: 451203 ns
[2020-09-11T17:44:28.252+0000][1][safepoint    ] Safepoint "RevokeBias", Time since last: 62841065 ns, Reaching safepoint: 176693 ns, At safepoint: 25746 ns, Total: 202439 ns
[2020-09-11T17:44:33.205+0000][1][safepoint    ] Safepoint "RevokeBias", Time since last: 4949239529 ns, Reaching safepoint: 3458617 ns, At safepoint: 289176 ns, Total: 3747793 ns
[2020-09-11T17:44:33.260+0000][1][safepoint    ] Safepoint "RevokeBias", Time since last: 54460987 ns, Reaching safepoint: 90315 ns, At safepoint: 21315 ns, Total: 111630 ns
[2020-09-11T17:44:37.260+0000][1][safepoint    ] Safepoint "Cleanup", Time since last: 4000328302 ns, Reaching safepoint: 94128 ns, At safepoint: 8576 ns, Total: 102704 ns
[2020-09-11T17:44:38.213+0000][1][safepoint    ] Safepoint "RevokeBias", Time since last: 952312952 ns, Reaching safepoint: 90241 ns, At safepoint: 26305 ns, Total: 116546 ns
[2020-09-11T17:44:38.267+0000][1][safepoint    ] Safepoint "RevokeBias", Time since last: 54346691 ns, Reaching safepoint: 94622 ns, At safepoint: 25137 ns, Total: 119759 ns
[2020-09-11T17:44:43.227+0000][1][safepoint    ] Safepoint "RevokeBias", Time since last: 4959958344 ns, Reaching safepoint: 91011 ns, At safepoint: 47584 ns, Total: 138595 ns
[2020-09-11T17:44:43.276+0000][1][safepoint    ] Safepoint "RevokeBias", Time since last: 48470085 ns, Reaching safepoint: 174991 ns, At safepoint: 26786 ns, Total: 201777 ns
[2020-09-11T17:44:48.237+0000][1][safepoint    ] Safepoint "RevokeBias", Time since last: 4960662791 ns, Reaching safepoint: 87970 ns, At safepoint: 22550 ns, Total: 110520 ns
[2020-09-11T17:44:48.283+0000][1][safepoint    ] Safepoint "RevokeBias", Time since last: 46477950 ns, Reaching safepoint: 166403 ns, At safepoint: 20695 ns, Total: 187098 ns
[2020-09-11T17:44:49.153+0000][1][gc,start     ] GC(227) Pause Young (Allocation Failure)
[2020-09-11T17:44:49.153+0000][1][gc,task      ] GC(227) Using 1 workers of 1 for evacuation
[2020-09-11T17:44:49.185+0000][1][gc,age       ] GC(227) Desired survivor size 4358144 bytes, new threshold 6 (max threshold 6)
[2020-09-11T17:44:49.185+0000][1][gc,age       ] GC(227) Age table with threshold 6 (max threshold 6)
[2020-09-11T17:44:49.185+0000][1][gc,age       ] GC(227) - age   1:     254832 bytes,     254832 total
[2020-09-11T17:44:49.185+0000][1][gc,age       ] GC(227) - age   2:      20264 bytes,     275096 total
[2020-09-11T17:44:49.185+0000][1][gc,age       ] GC(227) - age   3:      55648 bytes,     330744 total
[2020-09-11T17:44:49.185+0000][1][gc,age       ] GC(227) - age   4:       6552 bytes,     337296 total
[2020-09-11T17:44:49.185+0000][1][gc,age       ] GC(227) - age   5:     468496 bytes,     805792 total
[2020-09-11T17:44:49.185+0000][1][gc,age       ] GC(227) - age   6:      25976 bytes,     831768 total
[2020-09-11T17:44:49.185+0000][1][gc,heap      ] GC(227) ParNew: 69106K->941K(76672K)
[2020-09-11T17:44:49.185+0000][1][gc,heap      ] GC(227) CMS: 155585K->155832K(2011968K)
[2020-09-11T17:44:49.185+0000][1][gc,metaspace ] GC(227) Metaspace: 97946K->97946K(1140736K)
[2020-09-11T17:44:49.185+0000][1][gc           ] GC(227) Pause Young (Allocation Failure) 219M->153M(2039M) 32.812ms
[2020-09-11T17:44:49.185+0000][1][gc,cpu       ] GC(227) User=0.01s Sys=0.00s Real=0.04s
[2020-09-11T17:44:49.185+0000][1][safepoint    ] Safepoint "GenCollectForAllocation", Time since last: 869026306 ns, Reaching safepoint: 160787 ns, At safepoint: 32906237 ns, Total: 33067024 ns
[2020-09-11T17:44:50.529+0000][1][safepoint    ] Safepoint "Cleanup", Time since last: 1343438684 ns, Reaching safepoint: 120883 ns, At safepoint: 10671 ns, Total: 131554 ns
[2020-09-11T17:44:53.243+0000][1][safepoint    ] Safepoint "RevokeBias", Time since last: 2713617801 ns, Reaching safepoint: 225530 ns, At safepoint: 287612 ns, Total: 513142 ns
[2020-09-11T17:44:53.296+0000][1][safepoint    ] Safepoint "RevokeBias", Time since last: 53037507 ns, Reaching safepoint: 87722 ns, At safepoint: 22177 ns, Total: 109899 ns
[2020-09-11T17:44:58.251+0000][1][safepoint    ] Safepoint "RevokeBias", Time since last: 4954125789 ns, Reaching safepoint: 101512 ns, At safepoint: 28110 ns, Total: 129622 ns
[2020-09-11T17:44:58.303+0000][1][safepoint    ] Safepoint "RevokeBias", Time since last: 52308663 ns, Reaching safepoint: 216621 ns, At safepoint: 270700 ns, Total: 487321 ns
[2020-09-11T17:45:03.258+0000][1][safepoint    ] Safepoint "RevokeBias", Time since last: 4954165918 ns, Reaching safepoint: 95954 ns, At safepoint: 24206 ns, Total: 120160 ns
[2020-09-11T17:45:03.311+0000][1][safepoint    ] Safepoint "RevokeBias", Time since last: 53314783 ns, Reaching safepoint: 94231 ns, At safepoint: 21703 ns, Total: 115934 ns
[2020-09-11T17:45:08.265+0000][1][safepoint    ] Safepoint "RevokeBias", Time since last: 4953399897 ns, Reaching safepoint: 96519 ns, At safepoint: 26613 ns, Total: 123132 ns
[2020-09-11T17:45:08.319+0000][1][safepoint    ] Safepoint "RevokeBias", Time since last: 54478404 ns, Reaching safepoint: 93241 ns, At safepoint: 24109 ns, Total: 117350 ns
[2020-09-11T17:45:11.319+0000][1][safepoint    ] Safepoint "Cleanup", Time since last: 3000264314 ns, Reaching safepoint: 92426 ns, At safepoint: 8097 ns, Total: 100523 ns
[2020-09-11T17:45:13.272+0000][1][safepoint    ] Safepoint "RevokeBias", Time since last: 1951964569 ns, Reaching safepoint: 106186 ns, At safepoint: 35458 ns, Total: 141644 ns
[2020-09-11T17:45:13.334+0000][1][safepoint    ] Safepoint "RevokeBias", Time since last: 61599310 ns, Reaching safepoint: 207405 ns, At safepoint: 231866 ns, Total: 439271 ns
[2020-09-11T17:45:14.209+0000][1][gc,start     ] GC(228) Pause Young (Allocation Failure)
[2020-09-11T17:45:14.209+0000][1][gc,task      ] GC(228) Using 1 workers of 1 for evacuation
[2020-09-11T17:45:14.236+0000][1][gc,age       ] GC(228) Desired survivor size 4358144 bytes, new threshold 6 (max threshold 6)
[2020-09-11T17:45:14.236+0000][1][gc,age       ] GC(228) Age table with threshold 6 (max threshold 6)
[2020-09-11T17:45:14.236+0000][1][gc,age       ] GC(228) - age   1:     100272 bytes,     100272 total
[2020-09-11T17:45:14.236+0000][1][gc,age       ] GC(228) - age   2:     177760 bytes,     278032 total
[2020-09-11T17:45:14.236+0000][1][gc,age       ] GC(228) - age   3:      15696 bytes,     293728 total
[2020-09-11T17:45:14.236+0000][1][gc,age       ] GC(228) - age   4:      55520 bytes,     349248 total
[2020-09-11T17:45:14.236+0000][1][gc,age       ] GC(228) - age   5:       6520 bytes,     355768 total
[2020-09-11T17:45:14.236+0000][1][gc,age       ] GC(228) - age   6:     468496 bytes,     824264 total
[2020-09-11T17:45:14.236+0000][1][gc,heap      ] GC(228) ParNew: 69101K->844K(76672K)
[2020-09-11T17:45:14.236+0000][1][gc,heap      ] GC(228) CMS: 155832K->155858K(2011968K)
[2020-09-11T17:45:14.236+0000][1][gc,metaspace ] GC(228) Metaspace: 97948K->97948K(1140736K)
[2020-09-11T17:45:14.237+0000][1][gc           ] GC(228) Pause Young (Allocation Failure) 219M->153M(2039M) 27.657ms
[2020-09-11T17:45:14.237+0000][1][gc,cpu       ] GC(228) User=0.01s Sys=0.00s Real=0.03s
[2020-09-11T17:45:14.241+0000][1][safepoint    ] Safepoint "GenCollectForAllocation", Time since last: 873410281 ns, Reaching safepoint: 1801986 ns, At safepoint: 31942845 ns, Total: 33744831 ns
[2020-09-11T17:45:18.279+0000][1][safepoint    ] Safepoint "BulkRevokeBias", Time since last: 4037696850 ns, Reaching safepoint: 92859 ns, At safepoint: 245610 ns, Total: 338469 ns
[2020-09-11T17:45:18.343+0000][1][safepoint    ] Safepoint "RevokeBias", Time since last: 63627353 ns, Reaching safepoint: 213931 ns, At safepoint: 234784 ns, Total: 448715 ns
[2020-09-11T17:45:21.343+0000][1][safepoint    ] Safepoint "Cleanup", Time since last: 3000261293 ns, Reaching safepoint: 93130 ns, At safepoint: 9373 ns, Total: 102503 ns
[2020-09-11T17:45:22.343+0000][1][safepoint    ] Safepoint "Cleanup", Time since last: 1000117419 ns, Reaching safepoint: 87597 ns, At safepoint: 9047 ns, Total: 96644 ns
[2020-09-11T17:45:23.286+0000][1][safepoint    ] Safepoint "RevokeBias", Time since last: 942354775 ns, Reaching safepoint: 92276 ns, At safepoint: 23517 ns, Total: 115793 ns
[2020-09-11T17:45:23.352+0000][1][safepoint    ] Safepoint "RevokeBias", Time since last: 64263361 ns, Reaching safepoint: 1065904 ns, At safepoint: 273209 ns, Total: 1339113 ns
[2020-09-11T17:45:24.352+0000][1][safepoint    ] Safepoint "Cleanup", Time since last: 1000114498 ns, Reaching safepoint: 89238 ns, At safepoint: 9349 ns, Total: 98587 ns
[2020-09-11T17:45:25.352+0000][1][safepoint    ] Safepoint "Cleanup", Time since last: 1000113210 ns, Reaching safepoint: 89173 ns, At safepoint: 9436 ns, Total: 98609 ns
[2020-09-11T17:45:26.352+0000][1][safepoint    ] Safepoint "Cleanup", Time since last: 1000116607 ns, Reaching safepoint: 93238 ns, At safepoint: 9491 ns, Total: 102729 ns
[2020-09-11T17:45:27.352+0000][1][safepoint    ] Safepoint "Cleanup", Time since last: 1000116207 ns, Reaching safepoint: 87126 ns, At safepoint: 6612 ns, Total: 93738 ns
[2020-09-11T17:45:28.294+0000][1][safepoint    ] Safepoint "RevokeBias", Time since last: 941714940 ns, Reaching safepoint: 92816 ns, At safepoint: 27096 ns, Total: 119912 ns
[2020-09-11T17:45:28.368+0000][1][safepoint    ] Safepoint "RevokeBias", Time since last: 74016727 ns, Reaching safepoint: 169770 ns, At safepoint: 26931 ns, Total: 196701 ns
[2020-09-11T17:45:29.369+0000][1][safepoint    ] Safepoint "Cleanup", Time since last: 1000119481 ns, Reaching safepoint: 85896 ns, At safepoint: 7188 ns, Total: 93084 ns
[2020-09-11T17:45:30.369+0000][1][safepoint    ] Safepoint "Cleanup", Time since last: 1000099788 ns, Reaching safepoint: 90025 ns, At safepoint: 9312 ns, Total: 99337 ns
[2020-09-11T17:45:31.369+0000][1][safepoint    ] Safepoint "Cleanup", Time since last: 1000113541 ns, Reaching safepoint: 89323 ns, At safepoint: 9178 ns, Total: 98501 ns
[2020-09-11T17:45:32.369+0000][1][safepoint    ] Safepoint "Cleanup", Time since last: 1000111813 ns, Reaching safepoint: 90038 ns, At safepoint: 9890 ns, Total: 99928 ns
[2020-09-11T17:45:33.305+0000][1][safepoint    ] Safepoint "RevokeBias", Time since last: 935150653 ns, Reaching safepoint: 222870 ns, At safepoint: 410024 ns, Total: 632894 ns
[2020-09-11T17:45:33.378+0000][1][safepoint    ] Safepoint "RevokeBias", Time since last: 71862884 ns, Reaching safepoint: 948399 ns, At safepoint: 28618 ns, Total: 977017 ns
[2020-09-11T17:45:34.269+0000][1][gc,start     ] GC(229) Pause Young (Allocation Failure)
[2020-09-11T17:45:34.269+0000][1][gc,task      ] GC(229) Using 1 workers of 1 for evacuation
[2020-09-11T17:45:34.299+0000][1][gc,age       ] GC(229) Desired survivor size 4358144 bytes, new threshold 6 (max threshold 6)
[2020-09-11T17:45:34.299+0000][1][gc,age       ] GC(229) Age table with threshold 6 (max threshold 6)
[2020-09-11T17:45:34.299+0000][1][gc,age       ] GC(229) - age   1:     116456 bytes,     116456 total
[2020-09-11T17:45:34.299+0000][1][gc,age       ] GC(229) - age   2:      23928 bytes,     140384 total
[2020-09-11T17:45:34.299+0000][1][gc,age       ] GC(229) - age   3:     174600 bytes,     314984 total
[2020-09-11T17:45:34.299+0000][1][gc,age       ] GC(229) - age   4:      15656 bytes,     330640 total
[2020-09-11T17:45:34.299+0000][1][gc,age       ] GC(229) - age   5:      55520 bytes,     386160 total
[2020-09-11T17:45:34.299+0000][1][gc,age       ] GC(229) - age   6:       6488 bytes,     392648 total
[2020-09-11T17:45:34.299+0000][1][gc,heap      ] GC(229) ParNew: 69004K->814K(76672K)
[2020-09-11T17:45:34.299+0000][1][gc,heap      ] GC(229) CMS: 155858K->156315K(2011968K)
[2020-09-11T17:45:34.299+0000][1][gc,metaspace ] GC(229) Metaspace: 97948K->97948K(1140736K)
[2020-09-11T17:45:34.299+0000][1][gc           ] GC(229) Pause Young (Allocation Failure) 219M->153M(2039M) 30.415ms
[2020-09-11T17:45:34.299+0000][1][gc,cpu       ] GC(229) User=0.01s Sys=0.00s Real=0.03s
[2020-09-11T17:45:34.305+0000][1][safepoint    ] Safepoint "GenCollectForAllocation", Time since last: 890124364 ns, Reaching safepoint: 793790 ns, At safepoint: 36275652 ns, Total: 37069442 ns
[2020-09-11T17:45:35.310+0000][1][safepoint    ] Safepoint "Cleanup", Time since last: 1004554840 ns, Reaching safepoint: 86458 ns, At safepoint: 19991 ns, Total: 106449 ns
[2020-09-11T17:45:36.310+0000][1][safepoint    ] Safepoint "Cleanup", Time since last: 1000110788 ns, Reaching safepoint: 82624 ns, At safepoint: 19358 ns, Total: 101982 ns
[2020-09-11T17:45:37.310+0000][1][safepoint    ] Safepoint "Cleanup", Time since last: 1000114422 ns, Reaching safepoint: 85698 ns, At safepoint: 7707 ns, Total: 93405 ns
[2020-09-11T17:45:38.310+0000][1][safepoint    ] Safepoint "Cleanup", Time since last: 1000124414 ns, Reaching safepoint: 84903 ns, At safepoint: 7961 ns, Total: 92864 ns
[2020-09-11T17:45:38.327+0000][1][safepoint    ] Safepoint "RevokeBias", Time since last: 16390113 ns, Reaching safepoint: 220495 ns, At safepoint: 280820 ns, Total: 501315 ns
[2020-09-11T17:45:38.388+0000][1][safepoint    ] Safepoint "RevokeBias", Time since last: 60900742 ns, Reaching safepoint: 102249 ns, At safepoint: 27405 ns, Total: 129654 ns
[2020-09-11T17:45:39.389+0000][1][safepoint    ] Safepoint "Cleanup", Time since last: 1000116416 ns, Reaching safepoint: 88119 ns, At safepoint: 8732 ns, Total: 96851 ns
[2020-09-11T17:45:40.389+0000][1][safepoint    ] Safepoint "Cleanup", Time since last: 1000115281 ns, Reaching safepoint: 110943 ns, At safepoint: 8779 ns, Total: 119722 ns
[2020-09-11T17:45:41.389+0000][1][safepoint    ] Safepoint "Cleanup", Time since last: 1000110324 ns, Reaching safepoint: 89522 ns, At safepoint: 8115 ns, Total: 97637 ns
[2020-09-11T17:45:42.389+0000][1][safepoint    ] Safepoint "Cleanup", Time since last: 1000108578 ns, Reaching safepoint: 93892 ns, At safepoint: 7582 ns, Total: 101474 ns
[2020-09-11T17:45:43.334+0000][1][safepoint    ] Safepoint "RevokeBias", Time since last: 944536108 ns, Reaching safepoint: 223267 ns, At safepoint: 298311 ns, Total: 521578 ns
[2020-09-11T17:45:43.396+0000][1][safepoint    ] Safepoint "RevokeBias", Time since last: 61504085 ns, Reaching safepoint: 164637 ns, At safepoint: 24174 ns, Total: 188811 ns
[2020-09-11T17:45:44.396+0000][1][safepoint    ] Safepoint "Cleanup", Time since last: 1000117114 ns, Reaching safepoint: 88772 ns, At safepoint: 7889 ns, Total: 96661 ns
[2020-09-11T17:45:45.396+0000][1][safepoint    ] Safepoint "Cleanup", Time since last: 1000074561 ns, Reaching safepoint: 74525 ns, At safepoint: 5687 ns, Total: 80212 ns
[2020-09-11T17:45:46.397+0000][1][safepoint    ] Safepoint "Cleanup", Time since last: 1000100278 ns, Reaching safepoint: 91118 ns, At safepoint: 10598 ns, Total: 101716 ns
[2020-09-11T17:45:47.397+0000][1][safepoint    ] Safepoint "Cleanup", Time since last: 1000118284 ns, Reaching safepoint: 89661 ns, At safepoint: 38856 ns, Total: 128517 ns
[2020-09-11T17:45:48.352+0000][1][safepoint    ] Safepoint "RevokeBias", Time since last: 954853379 ns, Reaching safepoint: 93235 ns, At safepoint: 27021 ns, Total: 120256 ns
[2020-09-11T17:45:48.403+0000][1][safepoint    ] Safepoint "RevokeBias", Time since last: 51351137 ns, Reaching safepoint: 98418 ns, At safepoint: 27021 ns, Total: 125439 ns
[2020-09-11T17:45:49.404+0000][1][safepoint    ] Safepoint "Cleanup", Time since last: 1000673750 ns, Reaching safepoint: 112106 ns, At safepoint: 8745 ns, Total: 120851 ns
[2020-09-11T17:45:50.404+0000][1][safepoint    ] Safepoint "Cleanup", Time since last: 1000118040 ns, Reaching safepoint: 89058 ns, At safepoint: 7445 ns, Total: 96503 ns
[2020-09-11T17:45:51.404+0000][1][safepoint    ] Safepoint "Cleanup", Time since last: 1000115364 ns, Reaching safepoint: 89295 ns, At safepoint: 9151 ns, Total: 98446 ns
[2020-09-11T17:45:52.405+0000][1][safepoint    ] Safepoint "Cleanup", Time since last: 1000109412 ns, Reaching safepoint: 90155 ns, At safepoint: 7950 ns, Total: 98105 ns
[2020-09-11T17:45:53.358+0000][1][safepoint    ] Safepoint "RevokeBias", Time since last: 953311486 ns, Reaching safepoint: 91834 ns, At safepoint: 25994 ns, Total: 117828 ns
[2020-09-11T17:45:53.411+0000][1][safepoint    ] Safepoint "RevokeBias", Time since last: 52703857 ns, Reaching safepoint: 105397 ns, At safepoint: 26464 ns, Total: 131861 ns
[2020-09-11T17:45:54.411+0000][1][safepoint    ] Safepoint "Cleanup", Time since last: 1000114123 ns, Reaching safepoint: 90949 ns, At safepoint: 9535 ns, Total: 100484 ns
[2020-09-11T17:45:55.307+0000][1][gc,start     ] GC(230) Pause Young (Allocation Failure)
[2020-09-11T17:45:55.307+0000][1][gc,task      ] GC(230) Using 1 workers of 1 for evacuation
[2020-09-11T17:45:55.336+0000][1][gc,age       ] GC(230) Desired survivor size 4358144 bytes, new threshold 6 (max threshold 6)
[2020-09-11T17:45:55.336+0000][1][gc,age       ] GC(230) Age table with threshold 6 (max threshold 6)
[2020-09-11T17:45:55.336+0000][1][gc,age       ] GC(230) - age   1:     415744 bytes,     415744 total
[2020-09-11T17:45:55.336+0000][1][gc,age       ] GC(230) - age   2:      40456 bytes,     456200 total
[2020-09-11T17:45:55.336+0000][1][gc,age       ] GC(230) - age   3:      19344 bytes,     475544 total
[2020-09-11T17:45:55.336+0000][1][gc,age       ] GC(230) - age   4:     174560 bytes,     650104 total
[2020-09-11T17:45:55.336+0000][1][gc,age       ] GC(230) - age   5:      15344 bytes,     665448 total
[2020-09-11T17:45:55.336+0000][1][gc,age       ] GC(230) - age   6:      55216 bytes,     720664 total
[2020-09-11T17:45:55.336+0000][1][gc,heap      ] GC(230) ParNew: 68974K->1042K(76672K)
[2020-09-11T17:45:55.336+0000][1][gc,heap      ] GC(230) CMS: 156315K->156322K(2011968K)
[2020-09-11T17:45:55.336+0000][1][gc,metaspace ] GC(230) Metaspace: 97949K->97949K(1140736K)
[2020-09-11T17:45:55.336+0000][1][gc           ] GC(230) Pause Young (Allocation Failure) 220M->153M(2039M) 28.848ms
[2020-09-11T17:45:55.336+0000][1][gc,cpu       ] GC(230) User=0.02s Sys=0.00s Real=0.03s
[2020-09-11T17:45:55.337+0000][1][safepoint    ] Safepoint "GenCollectForAllocation", Time since last: 891514247 ns, Reaching safepoint: 4392758 ns, At safepoint: 29905133 ns, Total: 34297891 ns
[2020-09-11T17:45:56.345+0000][1][safepoint    ] Safepoint "Cleanup", Time since last: 1008081575 ns, Reaching safepoint: 92120 ns, At safepoint: 22419 ns, Total: 114539 ns
[2020-09-11T17:45:57.345+0000][1][safepoint    ] Safepoint "Cleanup", Time since last: 1000110326 ns, Reaching safepoint: 89590 ns, At safepoint: 6914 ns, Total: 96504 ns
[2020-09-11T17:45:58.346+0000][1][safepoint    ] Safepoint "Cleanup", Time since last: 1000111593 ns, Reaching safepoint: 86798 ns, At safepoint: 9222 ns, Total: 96020 ns
[2020-09-11T17:45:58.387+0000][1][safepoint    ] Safepoint "RevokeBias", Time since last: 41586912 ns, Reaching safepoint: 92957 ns, At safepoint: 23032 ns, Total: 115989 ns
[2020-09-11T17:45:58.418+0000][1][safepoint    ] Safepoint "RevokeBias", Time since last: 30504487 ns, Reaching safepoint: 209096 ns, At safepoint: 233790 ns, Total: 442886 ns
[2020-09-11T17:45:59.418+0000][1][safepoint    ] Safepoint "Cleanup", Time since last: 1000111135 ns, Reaching safepoint: 88051 ns, At safepoint: 8226 ns, Total: 96277 ns
[2020-09-11T17:46:00.419+0000][1][safepoint    ] Safepoint "Cleanup", Time since last: 1000113599 ns, Reaching safepoint: 88028 ns, At safepoint: 8812 ns, Total: 96840 ns
[2020-09-11T17:46:01.419+0000][1][safepoint    ] Safepoint "Cleanup", Time since last: 1000114709 ns, Reaching safepoint: 105604 ns, At safepoint: 7784 ns, Total: 113388 ns
[2020-09-11T17:46:02.419+0000][1][safepoint    ] Safepoint "Cleanup", Time since last: 1000111779 ns, Reaching safepoint: 90068 ns, At safepoint: 9417 ns, Total: 99485 ns
[2020-09-11T17:46:03.394+0000][1][safepoint    ] Safepoint "RevokeBias", Time since last: 974909035 ns, Reaching safepoint: 96183 ns, At safepoint: 26336 ns, Total: 122519 ns
[2020-09-11T17:46:03.431+0000][1][safepoint    ] Safepoint "RevokeBias", Time since last: 36432728 ns, Reaching safepoint: 89309 ns, At safepoint: 22407 ns, Total: 111716 ns
[2020-09-11T17:46:04.431+0000][1][safepoint    ] Safepoint "Cleanup", Time since last: 1000110241 ns, Reaching safepoint: 104087 ns, At safepoint: 7741 ns, Total: 111828 ns
[2020-09-11T17:46:05.431+0000][1][safepoint    ] Safepoint "Cleanup", Time since last: 1000145472 ns, Reaching safepoint: 87405 ns, At safepoint: 8097 ns, Total: 95502 ns
[2020-09-11T17:46:06.431+0000][1][safepoint    ] Safepoint "Cleanup", Time since last: 1000115074 ns, Reaching safepoint: 89867 ns, At safepoint: 8741 ns, Total: 98608 ns
[2020-09-11T17:46:07.432+0000][1][safepoint    ] Safepoint "Cleanup", Time since last: 1000133284 ns, Reaching safepoint: 103058 ns, At safepoint: 8885 ns, Total: 111943 ns
[2020-09-11T17:46:08.407+0000][1][safepoint    ] Safepoint "RevokeBias", Time since last: 975683237 ns, Reaching safepoint: 94643 ns, At safepoint: 26636 ns, Total: 121279 ns
[2020-09-11T17:46:08.468+0000][1][safepoint    ] Safepoint "RevokeBias", Time since last: 60082047 ns, Reaching safepoint: 208662 ns, At safepoint: 235241 ns, Total: 443903 ns
[2020-09-11T17:46:09.468+0000][1][safepoint    ] Safepoint "Cleanup", Time since last: 1000116948 ns, Reaching safepoint: 87870 ns, At safepoint: 8116 ns, Total: 95986 ns
[2020-09-11T17:46:10.468+0000][1][safepoint    ] Safepoint "Cleanup", Time since last: 1000117102 ns, Reaching safepoint: 88863 ns, At safepoint: 7701 ns, Total: 96564 ns
[2020-09-11T17:46:11.469+0000][1][safepoint    ] Safepoint "Cleanup", Time since last: 1000118037 ns, Reaching safepoint: 90944 ns, At safepoint: 9439 ns, Total: 100383 ns
[2020-09-11T17:46:12.469+0000][1][safepoint    ] Safepoint "Cleanup", Time since last: 1000120628 ns, Reaching safepoint: 108420 ns, At safepoint: 6676 ns, Total: 115096 ns
[2020-09-11T17:46:13.424+0000][1][safepoint    ] Safepoint "RevokeBias", Time since last: 954539797 ns, Reaching safepoint: 173821 ns, At safepoint: 47189 ns, Total: 221010 ns
[2020-09-11T17:46:13.479+0000][1][safepoint    ] Safepoint "RevokeBias", Time since last: 54686621 ns, Reaching safepoint: 221322 ns, At safepoint: 288678 ns, Total: 510000 ns
[2020-09-11T17:46:14.479+0000][1][safepoint    ] Safepoint "Cleanup", Time since last: 1000118308 ns, Reaching safepoint: 88366 ns, At safepoint: 10204 ns, Total: 98570 ns
[2020-09-11T17:46:15.484+0000][1][safepoint    ] Safepoint "Cleanup", Time since last: 1005150873 ns, Reaching safepoint: 86474 ns, At safepoint: 7827 ns, Total: 94301 ns
[2020-09-11T17:46:16.484+0000][1][safepoint    ] Safepoint "Cleanup", Time since last: 1000112635 ns, Reaching safepoint: 85418 ns, At safepoint: 7397 ns, Total: 92815 ns
[2020-09-11T17:46:17.129+0000][1][gc,start     ] GC(231) Pause Young (Allocation Failure)
[2020-09-11T17:46:17.129+0000][1][gc,task      ] GC(231) Using 1 workers of 1 for evacuation
[2020-09-11T17:46:17.156+0000][1][gc,age       ] GC(231) Desired survivor size 4358144 bytes, new threshold 6 (max threshold 6)
[2020-09-11T17:46:17.156+0000][1][gc,age       ] GC(231) Age table with threshold 6 (max threshold 6)
[2020-09-11T17:46:17.156+0000][1][gc,age       ] GC(231) - age   1:     224152 bytes,     224152 total
[2020-09-11T17:46:17.156+0000][1][gc,age       ] GC(231) - age   2:     321448 bytes,     545600 total
[2020-09-11T17:46:17.156+0000][1][gc,age       ] GC(231) - age   3:      38904 bytes,     584504 total
[2020-09-11T17:46:17.156+0000][1][gc,age       ] GC(231) - age   4:      18960 bytes,     603464 total
[2020-09-11T17:46:17.156+0000][1][gc,age       ] GC(231) - age   5:     174528 bytes,     777992 total
[2020-09-11T17:46:17.156+0000][1][gc,age       ] GC(231) - age   6:      15344 bytes,     793336 total
[2020-09-11T17:46:17.156+0000][1][gc,heap      ] GC(231) ParNew: 69202K->1229K(76672K)
[2020-09-11T17:46:17.156+0000][1][gc,heap      ] GC(231) CMS: 156322K->156376K(2011968K)
[2020-09-11T17:46:17.156+0000][1][gc,metaspace ] GC(231) Metaspace: 97949K->97949K(1140736K)
[2020-09-11T17:46:17.156+0000][1][gc           ] GC(231) Pause Young (Allocation Failure) 220M->153M(2039M) 27.299ms
[2020-09-11T17:46:17.156+0000][1][gc,cpu       ] GC(231) User=0.01s Sys=0.00s Real=0.03s
[2020-09-11T17:46:17.161+0000][1][safepoint    ] Safepoint "GenCollectForAllocation", Time since last: 643653377 ns, Reaching safepoint: 787411 ns, At safepoint: 31940333 ns, Total: 32727744 ns
[2020-09-11T17:46:18.171+0000][1][safepoint    ] Safepoint "Cleanup", Time since last: 1009989004 ns, Reaching safepoint: 90535 ns, At safepoint: 24242 ns, Total: 114777 ns
[2020-09-11T17:46:18.431+0000][1][safepoint    ] Safepoint "RevokeBias", Time since last: 259682374 ns, Reaching safepoint: 97897 ns, At safepoint: 39350 ns, Total: 137247 ns
[2020-09-11T17:46:18.486+0000][1][safepoint    ] Safepoint "RevokeBias", Time since last: 54824333 ns, Reaching safepoint: 87335 ns, At safepoint: 34716 ns, Total: 122051 ns
[2020-09-11T17:46:23.441+0000][1][safepoint    ] Safepoint "RevokeBias", Time since last: 4955464542 ns, Reaching safepoint: 187876 ns, At safepoint: 35280 ns, Total: 223156 ns
[2020-09-11T17:46:23.493+0000][1][safepoint    ] Safepoint "RevokeBias", Time since last: 50886001 ns, Reaching safepoint: 218702 ns, At safepoint: 274899 ns, Total: 493601 ns
[2020-09-11T17:46:24.493+0000][1][safepoint    ] Safepoint "Cleanup", Time since last: 1000143587 ns, Reaching safepoint: 93237 ns, At safepoint: 10033 ns, Total: 103270 ns
[2020-09-11T17:46:28.448+0000][1][safepoint    ] Safepoint "RevokeBias", Time since last: 3954676554 ns, Reaching safepoint: 94275 ns, At safepoint: 26308 ns, Total: 120583 ns
[2020-09-11T17:46:28.501+0000][1][safepoint    ] Safepoint "BulkRevokeBias", Time since last: 52564416 ns, Reaching safepoint: 93612 ns, At safepoint: 261976 ns, Total: 355588 ns
[2020-09-11T17:46:33.464+0000][1][safepoint    ] Safepoint "RevokeBias", Time since last: 4962631807 ns, Reaching safepoint: 214050 ns, At safepoint: 256079 ns, Total: 470129 ns
[2020-09-11T17:46:33.509+0000][1][safepoint    ] Safepoint "RevokeBias", Time since last: 44735605 ns, Reaching safepoint: 91510 ns, At safepoint: 24792 ns, Total: 116302 ns
[2020-09-11T17:46:38.476+0000][1][safepoint    ] Safepoint "RevokeBias", Time since last: 4966545827 ns, Reaching safepoint: 221770 ns, At safepoint: 297509 ns, Total: 519279 ns
[2020-09-11T17:46:38.516+0000][1][safepoint    ] Safepoint "RevokeBias", Time since last: 40185313 ns, Reaching safepoint: 90676 ns, At safepoint: 22865 ns, Total: 113541 ns
[2020-09-11T17:46:39.361+0000][1][gc,start     ] GC(232) Pause Young (Allocation Failure)
[2020-09-11T17:46:39.361+0000][1][gc,task      ] GC(232) Using 1 workers of 1 for evacuation
[2020-09-11T17:46:39.391+0000][1][gc,age       ] GC(232) Desired survivor size 4358144 bytes, new threshold 6 (max threshold 6)
[2020-09-11T17:46:39.391+0000][1][gc,age       ] GC(232) Age table with threshold 6 (max threshold 6)
[2020-09-11T17:46:39.391+0000][1][gc,age       ] GC(232) - age   1:    1103472 bytes,    1103472 total
[2020-09-11T17:46:39.391+0000][1][gc,age       ] GC(232) - age   2:     127096 bytes,    1230568 total
[2020-09-11T17:46:39.391+0000][1][gc,age       ] GC(232) - age   3:     318848 bytes,    1549416 total
[2020-09-11T17:46:39.391+0000][1][gc,age       ] GC(232) - age   4:      38872 bytes,    1588288 total
[2020-09-11T17:46:39.391+0000][1][gc,age       ] GC(232) - age   5:      18960 bytes,    1607248 total
[2020-09-11T17:46:39.391+0000][1][gc,age       ] GC(232) - age   6:     174528 bytes,    1781776 total
[2020-09-11T17:46:39.391+0000][1][gc,heap      ] GC(232) ParNew: 69389K->2204K(76672K)
[2020-09-11T17:46:39.391+0000][1][gc,heap      ] GC(232) CMS: 156376K->156391K(2011968K)
[2020-09-11T17:46:39.391+0000][1][gc,metaspace ] GC(232) Metaspace: 97950K->97950K(1140736K)
[2020-09-11T17:46:39.391+0000][1][gc           ] GC(232) Pause Young (Allocation Failure) 220M->154M(2039M) 29.816ms
[2020-09-11T17:46:39.391+0000][1][gc,cpu       ] GC(232) User=0.02s Sys=0.01s Real=0.02s
[2020-09-11T17:46:39.391+0000][1][safepoint    ] Safepoint "GenCollectForAllocation", Time since last: 844670733 ns, Reaching safepoint: 166675 ns, At safepoint: 29896957 ns, Total: 30063632 ns
[2020-09-11T17:46:43.488+0000][1][safepoint    ] Safepoint "RevokeBias", Time since last: 4096687011 ns, Reaching safepoint: 95284 ns, At safepoint: 58121 ns, Total: 153405 ns
[2020-09-11T17:46:43.523+0000][1][safepoint    ] Safepoint "RevokeBias", Time since last: 35536658 ns, Reaching safepoint: 99036 ns, At safepoint: 38297 ns, Total: 137333 ns
[2020-09-11T17:46:47.524+0000][1][safepoint    ] Safepoint "Cleanup", Time since last: 4000339630 ns, Reaching safepoint: 108457 ns, At safepoint: 8094 ns, Total: 116551 ns
[2020-09-11T17:46:48.505+0000][1][safepoint    ] Safepoint "RevokeBias", Time since last: 980755964 ns, Reaching safepoint: 88603 ns, At safepoint: 26157 ns, Total: 114760 ns
[2020-09-11T17:46:48.531+0000][1][safepoint    ] Safepoint "RevokeBias", Time since last: 26098432 ns, Reaching safepoint: 96188 ns, At safepoint: 26464 ns, Total: 122652 ns
[2020-09-11T17:46:53.512+0000][1][safepoint    ] Safepoint "RevokeBias", Time since last: 4980423076 ns, Reaching safepoint: 219565 ns, At safepoint: 278428 ns, Total: 497993 ns
[2020-09-11T17:46:53.539+0000][1][safepoint    ] Safepoint "RevokeBias", Time since last: 26698137 ns, Reaching safepoint: 95921 ns, At safepoint: 26733 ns, Total: 122654 ns
[2020-09-11T17:46:57.539+0000][1][safepoint    ] Safepoint "Cleanup", Time since last: 4000351155 ns, Reaching safepoint: 97657 ns, At safepoint: 9960 ns, Total: 107617 ns
[2020-09-11T17:46:58.524+0000][1][safepoint    ] Safepoint "RevokeBias", Time since last: 984832846 ns, Reaching safepoint: 94602 ns, At safepoint: 27511 ns, Total: 122113 ns
[2020-09-11T17:46:58.546+0000][1][safepoint    ] Safepoint "RevokeBias", Time since last: 21265750 ns, Reaching safepoint: 205353 ns, At safepoint: 229824 ns, Total: 435177 ns
[2020-09-11T17:46:59.426+0000][1][gc,start     ] GC(233) Pause Young (Allocation Failure)
[2020-09-11T17:46:59.426+0000][1][gc,task      ] GC(233) Using 1 workers of 1 for evacuation
[2020-09-11T17:46:59.464+0000][1][gc,age       ] GC(233) Desired survivor size 4358144 bytes, new threshold 6 (max threshold 6)
[2020-09-11T17:46:59.464+0000][1][gc,age       ] GC(233) Age table with threshold 6 (max threshold 6)
[2020-09-11T17:46:59.464+0000][1][gc,age       ] GC(233) - age   1:      84504 bytes,      84504 total
[2020-09-11T17:46:59.464+0000][1][gc,age       ] GC(233) - age   2:    1028680 bytes,    1113184 total
[2020-09-11T17:46:59.464+0000][1][gc,age       ] GC(233) - age   3:     122736 bytes,    1235920 total
[2020-09-11T17:46:59.464+0000][1][gc,age       ] GC(233) - age   4:     318848 bytes,    1554768 total
[2020-09-11T17:46:59.464+0000][1][gc,age       ] GC(233) - age   5:      38872 bytes,    1593640 total
[2020-09-11T17:46:59.464+0000][1][gc,age       ] GC(233) - age   6:      18960 bytes,    1612600 total
[2020-09-11T17:46:59.464+0000][1][gc,heap      ] GC(233) ParNew: 70364K->2977K(76672K)
[2020-09-11T17:46:59.464+0000][1][gc,heap      ] GC(233) CMS: 156391K->156561K(2011968K)
[2020-09-11T17:46:59.464+0000][1][gc,metaspace ] GC(233) Metaspace: 97952K->97952K(1140736K)
[2020-09-11T17:46:59.464+0000][1][gc           ] GC(233) Pause Young (Allocation Failure) 221M->155M(2039M) 38.581ms
[2020-09-11T17:46:59.464+0000][1][gc,cpu       ] GC(233) User=0.01s Sys=0.00s Real=0.04s
[2020-09-11T17:46:59.464+0000][1][safepoint    ] Safepoint "GenCollectForAllocation", Time since last: 879841998 ns, Reaching safepoint: 159521 ns, At safepoint: 38648682 ns, Total: 38808203 ns
[2020-09-11T17:47:03.533+0000][1][safepoint    ] Safepoint "RevokeBias", Time since last: 4068260640 ns, Reaching safepoint: 330905 ns, At safepoint: 266656 ns, Total: 597561 ns
[2020-09-11T17:47:03.557+0000][1][safepoint    ] Safepoint "RevokeBias", Time since last: 23524233 ns, Reaching safepoint: 113055 ns, At safepoint: 26645 ns, Total: 139700 ns
[2020-09-11T17:47:05.557+0000][1][safepoint    ] Safepoint "Cleanup", Time since last: 2000190863 ns, Reaching safepoint: 99105 ns, At safepoint: 10103 ns, Total: 109208 ns
[2020-09-11T17:47:07.557+0000][1][safepoint    ] Safepoint "Cleanup", Time since last: 2000192292 ns, Reaching safepoint: 97382 ns, At safepoint: 10015 ns, Total: 107397 ns
[2020-09-11T17:47:08.564+0000][1][safepoint    ] Safepoint "RevokeBias", Time since last: 1006823636 ns, Reaching safepoint: 193173 ns, At safepoint: 28641 ns, Total: 221814 ns
[2020-09-11T17:47:08.567+0000][1][safepoint    ] Safepoint "RevokeBias", Time since last: 1891007 ns, Reaching safepoint: 217820 ns, At safepoint: 269199 ns, Total: 487019 ns
[2020-09-11T17:47:13.577+0000][1][safepoint    ] Safepoint "RevokeBias", Time since last: 5010254240 ns, Reaching safepoint: 99012 ns, At safepoint: 82440 ns, Total: 181452 ns
[2020-09-11T17:47:13.579+0000][1][safepoint    ] Safepoint "RevokeBias", Time since last: 1584639 ns, Reaching safepoint: 86993 ns, At safepoint: 33842 ns, Total: 120835 ns
[2020-09-11T17:47:15.579+0000][1][safepoint    ] Safepoint "Cleanup", Time since last: 2000185810 ns, Reaching safepoint: 94275 ns, At safepoint: 10186 ns, Total: 104461 ns
[2020-09-11T17:47:17.581+0000][1][safepoint    ] Safepoint "Cleanup", Time since last: 2001562814 ns, Reaching safepoint: 96727 ns, At safepoint: 10806 ns, Total: 107533 ns
[2020-09-11T17:47:18.590+0000][1][safepoint    ] Safepoint "RevokeBias", Time since last: 1008467831 ns, Reaching safepoint: 94999 ns, At safepoint: 27828 ns, Total: 122827 ns
[2020-09-11T17:47:18.594+0000][1][safepoint    ] Safepoint "RevokeBias", Time since last: 4160494 ns, Reaching safepoint: 85495 ns, At safepoint: 22116 ns, Total: 107611 ns
[2020-09-11T17:47:23.602+0000][1][safepoint    ] Safepoint "RevokeBias", Time since last: 5007750637 ns, Reaching safepoint: 174204 ns, At safepoint: 28603 ns, Total: 202807 ns
[2020-09-11T17:47:23.603+0000][1][safepoint    ] Safepoint "RevokeBias", Time since last: 1508370 ns, Reaching safepoint: 80228 ns, At safepoint: 21542 ns, Total: 101770 ns
[2020-09-11T17:47:24.493+0000][1][gc,start     ] GC(234) Pause Young (Allocation Failure)
[2020-09-11T17:47:24.493+0000][1][gc,task      ] GC(234) Using 1 workers of 1 for evacuation
[2020-09-11T17:47:24.521+0000][1][gc,age       ] GC(234) Desired survivor size 4358144 bytes, new threshold 6 (max threshold 6)
[2020-09-11T17:47:24.521+0000][1][gc,age       ] GC(234) Age table with threshold 6 (max threshold 6)
[2020-09-11T17:47:24.521+0000][1][gc,age       ] GC(234) - age   1:      87384 bytes,      87384 total
[2020-09-11T17:47:24.521+0000][1][gc,age       ] GC(234) - age   2:       9928 bytes,      97312 total
[2020-09-11T17:47:24.521+0000][1][gc,age       ] GC(234) - age   3:    1024208 bytes,    1121520 total
[2020-09-11T17:47:24.521+0000][1][gc,age       ] GC(234) - age   4:     122408 bytes,    1243928 total
[2020-09-11T17:47:24.521+0000][1][gc,age       ] GC(234) - age   5:     318768 bytes,    1562696 total
[2020-09-11T17:47:24.521+0000][1][gc,age       ] GC(234) - age   6:      38840 bytes,    1601536 total
[2020-09-11T17:47:24.521+0000][1][gc,heap      ] GC(234) ParNew: 71137K->1925K(76672K)
[2020-09-11T17:47:24.521+0000][1][gc,heap      ] GC(234) CMS: 156561K->156579K(2011968K)
[2020-09-11T17:47:24.521+0000][1][gc,metaspace ] GC(234) Metaspace: 97954K->97954K(1140736K)
[2020-09-11T17:47:24.521+0000][1][gc           ] GC(234) Pause Young (Allocation Failure) 222M->154M(2039M) 28.914ms
[2020-09-11T17:47:24.522+0000][1][gc,cpu       ] GC(234) User=0.01s Sys=0.00s Real=0.04s
[2020-09-11T17:47:24.522+0000][1][safepoint    ] Safepoint "GenCollectForAllocation", Time since last: 886807422 ns, Reaching safepoint: 2381401 ns, At safepoint: 28984284 ns, Total: 31365685 ns
[2020-09-11T17:47:28.613+0000][1][safepoint    ] Safepoint "RevokeBias", Time since last: 4091009955 ns, Reaching safepoint: 264054 ns, At safepoint: 317132 ns, Total: 581186 ns
[2020-09-11T17:47:28.615+0000][1][safepoint    ] Safepoint "RevokeBias", Time since last: 2132502 ns, Reaching safepoint: 91433 ns, At safepoint: 24406 ns, Total: 115839 ns
[2020-09-11T17:47:33.628+0000][1][safepoint    ] Safepoint "RevokeBias", Time since last: 5011985547 ns, Reaching safepoint: 221439 ns, At safepoint: 338879 ns, Total: 560318 ns
[2020-09-11T17:47:33.631+0000][1][safepoint    ] Safepoint "RevokeBias", Time since last: 2455068 ns, Reaching safepoint: 89135 ns, At safepoint: 57105 ns, Total: 146240 ns
[2020-09-11T17:47:35.631+0000][1][safepoint    ] Safepoint "Cleanup", Time since last: 2000176136 ns, Reaching safepoint: 95322 ns, At safepoint: 9045 ns, Total: 104367 ns
[2020-09-11T17:47:37.637+0000][1][safepoint    ] Safepoint "Cleanup", Time since last: 2001956599 ns, Reaching safepoint: 4155674 ns, At safepoint: 12583 ns, Total: 4168257 ns
[2020-09-11T17:47:38.644+0000][1][safepoint    ] Safepoint "RevokeBias", Time since last: 1007308265 ns, Reaching safepoint: 96035 ns, At safepoint: 25428 ns, Total: 121463 ns
[2020-09-11T17:47:38.649+0000][1][safepoint    ] Safepoint "BulkRevokeBias", Time since last: 4309385 ns, Reaching safepoint: 149122 ns, At safepoint: 285299 ns, Total: 434421 ns
[2020-09-11T17:47:40.649+0000][1][safepoint    ] Safepoint "Cleanup", Time since last: 2000193933 ns, Reaching safepoint: 87249 ns, At safepoint: 7261 ns, Total: 94510 ns
[2020-09-11T17:47:41.650+0000][1][safepoint    ] Safepoint "Cleanup", Time since last: 1000115035 ns, Reaching safepoint: 91084 ns, At safepoint: 10275 ns, Total: 101359 ns
[2020-09-11T17:47:42.650+0000][1][safepoint    ] Safepoint "Cleanup", Time since last: 1000110209 ns, Reaching safepoint: 90959 ns, At safepoint: 9644 ns, Total: 100603 ns
[2020-09-11T17:47:43.650+0000][1][safepoint    ] Safepoint "Cleanup", Time since last: 1000111805 ns, Reaching safepoint: 95231 ns, At safepoint: 7943 ns, Total: 103174 ns
[2020-09-11T17:47:43.661+0000][1][safepoint    ] Safepoint "RevokeBias", Time since last: 11034013 ns, Reaching safepoint: 109275 ns, At safepoint: 26974 ns, Total: 136249 ns
[2020-09-11T17:47:43.664+0000][1][safepoint    ] Safepoint "RevokeBias", Time since last: 2358024 ns, Reaching safepoint: 92837 ns, At safepoint: 25254 ns, Total: 118091 ns
[2020-09-11T17:47:44.664+0000][1][safepoint    ] Safepoint "Cleanup", Time since last: 1000115865 ns, Reaching safepoint: 85079 ns, At safepoint: 7184 ns, Total: 92263 ns
[2020-09-11T17:47:45.683+0000][1][safepoint    ] Safepoint "Cleanup", Time since last: 1019109785 ns, Reaching safepoint: 94635 ns, At safepoint: 9920 ns, Total: 104555 ns
[2020-09-11T17:47:46.639+0000][1][gc,start     ] GC(235) Pause Young (Allocation Failure)
[2020-09-11T17:47:46.639+0000][1][gc,task      ] GC(235) Using 1 workers of 1 for evacuation
[2020-09-11T17:47:46.671+0000][1][gc,age       ] GC(235) Desired survivor size 4358144 bytes, new threshold 6 (max threshold 6)
[2020-09-11T17:47:46.671+0000][1][gc,age       ] GC(235) Age table with threshold 6 (max threshold 6)
[2020-09-11T17:47:46.671+0000][1][gc,age       ] GC(235) - age   1:     188016 bytes,     188016 total
[2020-09-11T17:47:46.671+0000][1][gc,age       ] GC(235) - age   2:       8216 bytes,     196232 total
[2020-09-11T17:47:46.671+0000][1][gc,age       ] GC(235) - age   3:       7064 bytes,     203296 total
[2020-09-11T17:47:46.671+0000][1][gc,age       ] GC(235) - age   4:    1023864 bytes,    1227160 total
[2020-09-11T17:47:46.671+0000][1][gc,age       ] GC(235) - age   5:     122376 bytes,    1349536 total
[2020-09-11T17:47:46.671+0000][1][gc,age       ] GC(235) - age   6:     318768 bytes,    1668304 total
[2020-09-11T17:47:46.671+0000][1][gc,heap      ] GC(235) ParNew: 70085K->2827K(76672K)
[2020-09-11T17:47:46.671+0000][1][gc,heap      ] GC(235) CMS: 156579K->156617K(2011968K)
[2020-09-11T17:47:46.671+0000][1][gc,metaspace ] GC(235) Metaspace: 97955K->97955K(1140736K)
[2020-09-11T17:47:46.671+0000][1][gc           ] GC(235) Pause Young (Allocation Failure) 221M->155M(2039M) 31.837ms
[2020-09-11T17:47:46.671+0000][1][gc,cpu       ] GC(235) User=0.01s Sys=0.00s Real=0.03s
[2020-09-11T17:47:46.671+0000][1][safepoint    ] Safepoint "GenCollectForAllocation", Time since last: 955731828 ns, Reaching safepoint: 105865 ns, At safepoint: 32537484 ns, Total: 32643349 ns
[2020-09-11T17:47:47.675+0000][1][safepoint    ] Safepoint "Cleanup", Time since last: 1003404210 ns, Reaching safepoint: 105428 ns, At safepoint: 8607 ns, Total: 114035 ns
[2020-09-11T17:47:48.675+0000][1][safepoint    ] Safepoint "Cleanup", Time since last: 1000113473 ns, Reaching safepoint: 99652 ns, At safepoint: 7775 ns, Total: 107427 ns
[2020-09-11T17:47:48.677+0000][1][safepoint    ] Safepoint "RevokeBias", Time since last: 1692757 ns, Reaching safepoint: 85770 ns, At safepoint: 24559 ns, Total: 110329 ns
[2020-09-11T17:47:48.680+0000][1][safepoint    ] Safepoint "RevokeBias", Time since last: 2367193 ns, Reaching safepoint: 90338 ns, At safepoint: 23158 ns, Total: 113496 ns
[2020-09-11T17:47:49.680+0000][1][safepoint    ] Safepoint "Cleanup", Time since last: 1000440029 ns, Reaching safepoint: 79806 ns, At safepoint: 6856 ns, Total: 86662 ns
[2020-09-11T17:47:50.680+0000][1][safepoint    ] Safepoint "Cleanup", Time since last: 1000118820 ns, Reaching safepoint: 85569 ns, At safepoint: 8040 ns, Total: 93609 ns
[2020-09-11T17:47:51.680+0000][1][safepoint    ] Safepoint "Cleanup", Time since last: 1000109897 ns, Reaching safepoint: 92392 ns, At safepoint: 9159 ns, Total: 101551 ns
[2020-09-11T17:47:52.681+0000][1][safepoint    ] Safepoint "Cleanup", Time since last: 1000130980 ns, Reaching safepoint: 88182 ns, At safepoint: 7535 ns, Total: 95717 ns
[2020-09-11T17:47:53.681+0000][1][safepoint    ] Safepoint "Cleanup", Time since last: 1000092109 ns, Reaching safepoint: 89075 ns, At safepoint: 8333 ns, Total: 97408 ns
[2020-09-11T17:47:53.690+0000][1][safepoint    ] Safepoint "RevokeBias", Time since last: 9229196 ns, Reaching safepoint: 93971 ns, At safepoint: 26077 ns, Total: 120048 ns
[2020-09-11T17:47:53.701+0000][1][safepoint    ] Safepoint "RevokeBias", Time since last: 7941090 ns, Reaching safepoint: 2903947 ns, At safepoint: 272877 ns, Total: 3176824 ns
[2020-09-11T17:47:54.702+0000][1][safepoint    ] Safepoint "Cleanup", Time since last: 1000104640 ns, Reaching safepoint: 92005 ns, At safepoint: 9962 ns, Total: 101967 ns
[2020-09-11T17:47:55.702+0000][1][safepoint    ] Safepoint "Cleanup", Time since last: 1000116113 ns, Reaching safepoint: 88003 ns, At safepoint: 8002 ns, Total: 96005 ns
[2020-09-11T17:47:56.702+0000][1][safepoint    ] Safepoint "Cleanup", Time since last: 1000116214 ns, Reaching safepoint: 93980 ns, At safepoint: 10021 ns, Total: 104001 ns
[2020-09-11T17:47:57.702+0000][1][safepoint    ] Safepoint "Cleanup", Time since last: 1000115513 ns, Reaching safepoint: 89599 ns, At safepoint: 9796 ns, Total: 99395 ns
[2020-09-11T17:47:58.702+0000][1][safepoint    ] Safepoint "Cleanup", Time since last: 1000115241 ns, Reaching safepoint: 91750 ns, At safepoint: 9532 ns, Total: 101282 ns
[2020-09-11T17:47:58.717+0000][1][safepoint    ] Safepoint "RevokeBias", Time since last: 14692111 ns, Reaching safepoint: 93346 ns, At safepoint: 23503 ns, Total: 116849 ns
[2020-09-11T17:47:58.733+0000][1][safepoint    ] Safepoint "RevokeBias", Time since last: 15123709 ns, Reaching safepoint: 543675 ns, At safepoint: 264997 ns, Total: 808672 ns
[2020-09-11T17:47:59.733+0000][1][safepoint    ] Safepoint "Cleanup", Time since last: 1000111222 ns, Reaching safepoint: 89600 ns, At safepoint: 9730 ns, Total: 99330 ns
[2020-09-11T17:48:00.734+0000][1][safepoint    ] Safepoint "Cleanup", Time since last: 1000115592 ns, Reaching safepoint: 88465 ns, At safepoint: 9151 ns, Total: 97616 ns
[2020-09-11T17:48:01.734+0000][1][safepoint    ] Safepoint "Cleanup", Time since last: 1000143071 ns, Reaching safepoint: 90563 ns, At safepoint: 9254 ns, Total: 99817 ns
[2020-09-11T17:48:02.734+0000][1][safepoint    ] Safepoint "Cleanup", Time since last: 1000112574 ns, Reaching safepoint: 92431 ns, At safepoint: 9455 ns, Total: 101886 ns
[2020-09-11T17:48:03.724+0000][1][safepoint    ] Safepoint "RevokeBias", Time since last: 989986114 ns, Reaching safepoint: 91219 ns, At safepoint: 24589 ns, Total: 115808 ns
[2020-09-11T17:48:03.744+0000][1][safepoint    ] Safepoint "RevokeBias", Time since last: 19348236 ns, Reaching safepoint: 88940 ns, At safepoint: 24768 ns, Total: 113708 ns
[2020-09-11T17:48:04.744+0000][1][safepoint    ] Safepoint "Cleanup", Time since last: 1000126754 ns, Reaching safepoint: 92270 ns, At safepoint: 8655 ns, Total: 100925 ns
[2020-09-11T17:48:05.776+0000][1][safepoint    ] Safepoint "Cleanup", Time since last: 1031782422 ns, Reaching safepoint: 90408 ns, At safepoint: 17987 ns, Total: 108395 ns
[2020-09-11T17:48:05.878+0000][1][gc,start     ] GC(236) Pause Young (Allocation Failure)
[2020-09-11T17:48:05.879+0000][1][gc,task      ] GC(236) Using 1 workers of 1 for evacuation
[2020-09-11T17:48:05.911+0000][1][gc,age       ] GC(236) Desired survivor size 4358144 bytes, new threshold 6 (max threshold 6)
[2020-09-11T17:48:05.911+0000][1][gc,age       ] GC(236) Age table with threshold 6 (max threshold 6)
[2020-09-11T17:48:05.911+0000][1][gc,age       ] GC(236) - age   1:     370672 bytes,     370672 total
[2020-09-11T17:48:05.911+0000][1][gc,age       ] GC(236) - age   2:      97768 bytes,     468440 total
[2020-09-11T17:48:05.911+0000][1][gc,age       ] GC(236) - age   3:       6704 bytes,     475144 total
[2020-09-11T17:48:05.911+0000][1][gc,age       ] GC(236) - age   4:       7000 bytes,     482144 total
[2020-09-11T17:48:05.911+0000][1][gc,age       ] GC(236) - age   5:    1023832 bytes,    1505976 total
[2020-09-11T17:48:05.911+0000][1][gc,age       ] GC(236) - age   6:     122376 bytes,    1628352 total
[2020-09-11T17:48:05.911+0000][1][gc,heap      ] GC(236) ParNew: 70987K->1928K(76672K)
[2020-09-11T17:48:05.911+0000][1][gc,heap      ] GC(236) CMS: 156617K->156929K(2011968K)
[2020-09-11T17:48:05.911+0000][1][gc,metaspace ] GC(236) Metaspace: 97956K->97956K(1140736K)
[2020-09-11T17:48:05.911+0000][1][gc           ] GC(236) Pause Young (Allocation Failure) 222M->155M(2039M) 32.626ms
[2020-09-11T17:48:05.911+0000][1][gc,cpu       ] GC(236) User=0.02s Sys=0.00s Real=0.03s
[2020-09-11T17:48:05.911+0000][1][safepoint    ] Safepoint "GenCollectForAllocation", Time since last: 102485453 ns, Reaching safepoint: 210884 ns, At safepoint: 32702297 ns, Total: 32913181 ns
[2020-09-11T17:48:06.917+0000][1][safepoint    ] Safepoint "Cleanup", Time since last: 1005992163 ns, Reaching safepoint: 94039 ns, At safepoint: 23297 ns, Total: 117336 ns
[2020-09-11T17:48:07.917+0000][1][safepoint    ] Safepoint "Cleanup", Time since last: 1000112516 ns, Reaching safepoint: 89121 ns, At safepoint: 9256 ns, Total: 98377 ns
[2020-09-11T17:48:08.738+0000][1][safepoint    ] Safepoint "RevokeBias", Time since last: 820684729 ns, Reaching safepoint: 91625 ns, At safepoint: 23761 ns, Total: 115386 ns
[2020-09-11T17:48:08.763+0000][1][safepoint    ] Safepoint "RevokeBias", Time since last: 24209751 ns, Reaching safepoint: 208692 ns, At safepoint: 246558 ns, Total: 455250 ns
[2020-09-11T17:48:09.763+0000][1][safepoint    ] Safepoint "Cleanup", Time since last: 1000109433 ns, Reaching safepoint: 88026 ns, At safepoint: 7752 ns, Total: 95778 ns
[2020-09-11T17:48:10.763+0000][1][safepoint    ] Safepoint "Cleanup", Time since last: 1000113693 ns, Reaching safepoint: 88601 ns, At safepoint: 8851 ns, Total: 97452 ns
[2020-09-11T17:48:11.764+0000][1][safepoint    ] Safepoint "Cleanup", Time since last: 1000108908 ns, Reaching safepoint: 86932 ns, At safepoint: 6963 ns, Total: 93895 ns
[2020-09-11T17:48:12.764+0000][1][safepoint    ] Safepoint "Cleanup", Time since last: 1000106315 ns, Reaching safepoint: 112004 ns, At safepoint: 9130 ns, Total: 121134 ns
[2020-09-11T17:48:13.763+0000][1][safepoint    ] Safepoint "RevokeBias", Time since last: 999379966 ns, Reaching safepoint: 170084 ns, At safepoint: 23973 ns, Total: 194057 ns
[2020-09-11T17:48:13.790+0000][1][safepoint    ] Safepoint "RevokeBias", Time since last: 26651909 ns, Reaching safepoint: 90856 ns, At safepoint: 26968 ns, Total: 117824 ns
[2020-09-11T17:48:14.790+0000][1][safepoint    ] Safepoint "Cleanup", Time since last: 1000115217 ns, Reaching safepoint: 89602 ns, At safepoint: 9947 ns, Total: 99549 ns
[2020-09-11T17:48:15.791+0000][1][safepoint    ] Safepoint "Cleanup", Time since last: 1000115637 ns, Reaching safepoint: 86753 ns, At safepoint: 7249 ns, Total: 94002 ns
[2020-09-11T17:48:16.791+0000][1][safepoint    ] Safepoint "Cleanup", Time since last: 1000111066 ns, Reaching safepoint: 88851 ns, At safepoint: 9265 ns, Total: 98116 ns
[2020-09-11T17:48:17.791+0000][1][safepoint    ] Safepoint "Cleanup", Time since last: 1000117464 ns, Reaching safepoint: 91150 ns, At safepoint: 9210 ns, Total: 100360 ns
[2020-09-11T17:48:18.770+0000][1][safepoint    ] Safepoint "RevokeBias", Time since last: 979166982 ns, Reaching safepoint: 95097 ns, At safepoint: 26651 ns, Total: 121748 ns
[2020-09-11T17:48:18.797+0000][1][safepoint    ] Safepoint "RevokeBias", Time since last: 26581630 ns, Reaching safepoint: 88048 ns, At safepoint: 24889 ns, Total: 112937 ns
[2020-09-11T17:48:23.790+0000][1][safepoint    ] Safepoint "RevokeBias", Time since last: 4989706545 ns, Reaching safepoint: 2842848 ns, At safepoint: 243147 ns, Total: 3085995 ns
[2020-09-11T17:48:23.807+0000][1][safepoint    ] Safepoint "RevokeBias", Time since last: 17136538 ns, Reaching safepoint: 91467 ns, At safepoint: 22173 ns, Total: 113640 ns
[2020-09-11T17:48:27.124+0000][1][gc,start     ] GC(237) Pause Young (Allocation Failure)
[2020-09-11T17:48:27.124+0000][1][gc,task      ] GC(237) Using 1 workers of 1 for evacuation
[2020-09-11T17:48:27.155+0000][1][gc,age       ] GC(237) Desired survivor size 4358144 bytes, new threshold 6 (max threshold 6)
[2020-09-11T17:48:27.155+0000][1][gc,age       ] GC(237) Age table with threshold 6 (max threshold 6)
[2020-09-11T17:48:27.155+0000][1][gc,age       ] GC(237) - age   1:     106064 bytes,     106064 total
[2020-09-11T17:48:27.155+0000][1][gc,age       ] GC(237) - age   2:     286856 bytes,     392920 total
[2020-09-11T17:48:27.155+0000][1][gc,age       ] GC(237) - age   3:      92568 bytes,     485488 total
[2020-09-11T17:48:27.155+0000][1][gc,age       ] GC(237) - age   4:       6480 bytes,     491968 total
[2020-09-11T17:48:27.155+0000][1][gc,age       ] GC(237) - age   5:       7000 bytes,     498968 total
[2020-09-11T17:48:27.155+0000][1][gc,age       ] GC(237) - age   6:    1023832 bytes,    1522800 total
[2020-09-11T17:48:27.155+0000][1][gc,heap      ] GC(237) ParNew: 70088K->2867K(76672K)
[2020-09-11T17:48:27.155+0000][1][gc,heap      ] GC(237) CMS: 156929K->157048K(2011968K)
[2020-09-11T17:48:27.155+0000][1][gc,metaspace ] GC(237) Metaspace: 97967K->97967K(1140736K)
[2020-09-11T17:48:27.155+0000][1][gc           ] GC(237) Pause Young (Allocation Failure) 221M->156M(2039M) 30.712ms
[2020-09-11T17:48:27.155+0000][1][gc,cpu       ] GC(237) User=0.02s Sys=0.00s Real=0.03s
[2020-09-11T17:48:27.155+0000][1][safepoint    ] Safepoint "GenCollectForAllocation", Time since last: 3315621628 ns, Reaching safepoint: 1361576 ns, At safepoint: 30782318 ns, Total: 32143894 ns
[2020-09-11T17:48:28.802+0000][1][safepoint    ] Safepoint "RevokeBias", Time since last: 1646690770 ns, Reaching safepoint: 93402 ns, At safepoint: 24997 ns, Total: 118399 ns
[2020-09-11T17:48:28.830+0000][1][safepoint    ] Safepoint "RevokeBias", Time since last: 28590330 ns, Reaching safepoint: 94754 ns, At safepoint: 26416 ns, Total: 121170 ns
[2020-09-11T17:48:33.820+0000][1][safepoint    ] Safepoint "RevokeBias", Time since last: 4989430819 ns, Reaching safepoint: 222708 ns, At safepoint: 282935 ns, Total: 505643 ns
[2020-09-11T17:48:33.838+0000][1][safepoint    ] Safepoint "RevokeBias", Time since last: 17623711 ns, Reaching safepoint: 95948 ns, At safepoint: 26112 ns, Total: 122060 ns
[2020-09-11T17:48:38.831+0000][1][safepoint    ] Safepoint "RevokeBias", Time since last: 4992893616 ns, Reaching safepoint: 95097 ns, At safepoint: 26967 ns, Total: 122064 ns
[2020-09-11T17:48:38.888+0000][1][safepoint    ] Safepoint "RevokeBias", Time since last: 57086628 ns, Reaching safepoint: 172335 ns, At safepoint: 27459 ns, Total: 199794 ns
[2020-09-11T17:48:43.846+0000][1][safepoint    ] Safepoint "RevokeBias", Time since last: 4957142993 ns, Reaching safepoint: 225672 ns, At safepoint: 437089 ns, Total: 662761 ns
[2020-09-11T17:48:43.896+0000][1][safepoint    ] Safepoint "RevokeBias", Time since last: 49898210 ns, Reaching safepoint: 94107 ns, At safepoint: 26723 ns, Total: 120830 ns
[2020-09-11T17:48:47.897+0000][1][safepoint    ] Safepoint "Cleanup", Time since last: 4000353065 ns, Reaching safepoint: 95232 ns, At safepoint: 9860 ns, Total: 105092 ns
[2020-09-11T17:48:48.852+0000][1][safepoint    ] Safepoint "RevokeBias", Time since last: 955786917 ns, Reaching safepoint: 90527 ns, At safepoint: 26076 ns, Total: 116603 ns
[2020-09-11T17:48:48.909+0000][1][safepoint    ] Safepoint "BulkRevokeBias", Time since last: 53294112 ns, Reaching safepoint: 3144755 ns, At safepoint: 266740 ns, Total: 3411495 ns
[2020-09-11T17:48:49.909+0000][1][safepoint    ] Safepoint "Cleanup", Time since last: 1000113700 ns, Reaching safepoint: 85924 ns, At safepoint: 6931 ns, Total: 92855 ns
[2020-09-11T17:48:50.910+0000][1][safepoint    ] Safepoint "Cleanup", Time since last: 1000112152 ns, Reaching safepoint: 87730 ns, At safepoint: 9423 ns, Total: 97153 ns
[2020-09-11T17:48:51.910+0000][1][safepoint    ] Safepoint "Cleanup", Time since last: 1000110687 ns, Reaching safepoint: 86211 ns, At safepoint: 7601 ns, Total: 93812 ns
[2020-09-11T17:48:52.910+0000][1][safepoint    ] Safepoint "Cleanup", Time since last: 1000112097 ns, Reaching safepoint: 91464 ns, At safepoint: 9748 ns, Total: 101212 ns
[2020-09-11T17:48:53.757+0000][1][gc,start     ] GC(238) Pause Young (Allocation Failure)
[2020-09-11T17:48:53.757+0000][1][gc,task      ] GC(238) Using 1 workers of 1 for evacuation
[2020-09-11T17:48:53.788+0000][1][gc,age       ] GC(238) Desired survivor size 4358144 bytes, new threshold 6 (max threshold 6)
[2020-09-11T17:48:53.788+0000][1][gc,age       ] GC(238) Age table with threshold 6 (max threshold 6)
[2020-09-11T17:48:53.788+0000][1][gc,age       ] GC(238) - age   1:     479312 bytes,     479312 total
[2020-09-11T17:48:53.788+0000][1][gc,age       ] GC(238) - age   2:       9664 bytes,     488976 total
[2020-09-11T17:48:53.788+0000][1][gc,age       ] GC(238) - age   3:     283752 bytes,     772728 total
[2020-09-11T17:48:53.788+0000][1][gc,age       ] GC(238) - age   4:      92568 bytes,     865296 total
[2020-09-11T17:48:53.788+0000][1][gc,age       ] GC(238) - age   5:       6480 bytes,     871776 total
[2020-09-11T17:48:53.788+0000][1][gc,age       ] GC(238) - age   6:       6968 bytes,     878744 total
[2020-09-11T17:48:53.788+0000][1][gc,heap      ] GC(238) ParNew: 71027K->916K(76672K)
[2020-09-11T17:48:53.788+0000][1][gc,heap      ] GC(238) CMS: 157048K->158048K(2011968K)
[2020-09-11T17:48:53.788+0000][1][gc,metaspace ] GC(238) Metaspace: 97968K->97968K(1140736K)
[2020-09-11T17:48:53.788+0000][1][gc           ] GC(238) Pause Young (Allocation Failure) 222M->155M(2039M) 31.147ms
[2020-09-11T17:48:53.788+0000][1][gc,cpu       ] GC(238) User=0.01s Sys=0.00s Real=0.03s
[2020-09-11T17:48:53.793+0000][1][safepoint    ] Safepoint "GenCollectForAllocation", Time since last: 845188980 ns, Reaching safepoint: 1725404 ns, At safepoint: 36221451 ns, Total: 37946855 ns
[2020-09-11T17:48:53.859+0000][1][safepoint    ] Safepoint "RevokeBias", Time since last: 66017393 ns, Reaching safepoint: 95676 ns, At safepoint: 39253 ns, Total: 134929 ns
[2020-09-11T17:48:53.918+0000][1][safepoint    ] Safepoint "RevokeBias", Time since last: 58535248 ns, Reaching safepoint: 89796 ns, At safepoint: 38181 ns, Total: 127977 ns
[2020-09-11T17:48:54.918+0000][1][safepoint    ] Safepoint "Cleanup", Time since last: 1000476299 ns, Reaching safepoint: 85296 ns, At safepoint: 6707 ns, Total: 92003 ns
[2020-09-11T17:48:55.919+0000][1][safepoint    ] Safepoint "Cleanup", Time since last: 1000115497 ns, Reaching safepoint: 88402 ns, At safepoint: 9649 ns, Total: 98051 ns
[2020-09-11T17:48:56.919+0000][1][safepoint    ] Safepoint "Cleanup", Time since last: 1000117012 ns, Reaching safepoint: 88121 ns, At safepoint: 10672 ns, Total: 98793 ns
[2020-09-11T17:48:57.919+0000][1][safepoint    ] Safepoint "Cleanup", Time since last: 1000114754 ns, Reaching safepoint: 96808 ns, At safepoint: 10022 ns, Total: 106830 ns
[2020-09-11T17:48:58.879+0000][1][safepoint    ] Safepoint "RevokeBias", Time since last: 959555497 ns, Reaching safepoint: 98235 ns, At safepoint: 26977 ns, Total: 125212 ns
[2020-09-11T17:48:58.933+0000][1][safepoint    ] Safepoint "RevokeBias", Time since last: 50851849 ns, Reaching safepoint: 3255067 ns, At safepoint: 384144 ns, Total: 3639211 ns
[2020-09-11T17:48:59.934+0000][1][safepoint    ] Safepoint "Cleanup", Time since last: 1000115504 ns, Reaching safepoint: 91473 ns, At safepoint: 9483 ns, Total: 100956 ns
[2020-09-11T17:49:00.934+0000][1][safepoint    ] Safepoint "Cleanup", Time since last: 1000127133 ns, Reaching safepoint: 123993 ns, At safepoint: 14079 ns, Total: 138072 ns
[2020-09-11T17:49:01.934+0000][1][safepoint    ] Safepoint "Cleanup", Time since last: 1000123074 ns, Reaching safepoint: 88370 ns, At safepoint: 9389 ns, Total: 97759 ns
[2020-09-11T17:49:02.934+0000][1][safepoint    ] Safepoint "Cleanup", Time since last: 1000110482 ns, Reaching safepoint: 87693 ns, At safepoint: 8661 ns, Total: 96354 ns
[2020-09-11T17:49:03.886+0000][1][safepoint    ] Safepoint "RevokeBias", Time since last: 951400112 ns, Reaching safepoint: 94220 ns, At safepoint: 25779 ns, Total: 119999 ns
[2020-09-11T17:49:03.945+0000][1][safepoint    ] Safepoint "RevokeBias", Time since last: 55893946 ns, Reaching safepoint: 3277247 ns, At safepoint: 309118 ns, Total: 3586365 ns
[2020-09-11T17:49:04.945+0000][1][safepoint    ] Safepoint "Cleanup", Time since last: 1000114476 ns, Reaching safepoint: 92403 ns, At safepoint: 9947 ns, Total: 102350 ns
[2020-09-11T17:49:05.946+0000][1][safepoint    ] Safepoint "Cleanup", Time since last: 1000113846 ns, Reaching safepoint: 85042 ns, At safepoint: 7620 ns, Total: 92662 ns
[2020-09-11T17:49:06.946+0000][1][safepoint    ] Safepoint "Cleanup", Time since last: 1000114117 ns, Reaching safepoint: 88045 ns, At safepoint: 9245 ns, Total: 97290 ns
[2020-09-11T17:49:07.946+0000][1][safepoint    ] Safepoint "Cleanup", Time since last: 1000116886 ns, Reaching safepoint: 89649 ns, At safepoint: 9145 ns, Total: 98794 ns
[2020-09-11T17:49:08.893+0000][1][safepoint    ] Safepoint "RevokeBias", Time since last: 946444111 ns, Reaching safepoint: 92260 ns, At safepoint: 26851 ns, Total: 119111 ns
[2020-09-11T17:49:08.957+0000][1][safepoint    ] Safepoint "RevokeBias", Time since last: 61608508 ns, Reaching safepoint: 2671553 ns, At safepoint: 255474 ns, Total: 2927027 ns
[2020-09-11T17:49:09.957+0000][1][safepoint    ] Safepoint "Cleanup", Time since last: 1000117241 ns, Reaching safepoint: 87894 ns, At safepoint: 8927 ns, Total: 96821 ns
[2020-09-11T17:49:10.958+0000][1][safepoint    ] Safepoint "Cleanup", Time since last: 1000111657 ns, Reaching safepoint: 86229 ns, At safepoint: 6841 ns, Total: 93070 ns
[2020-09-11T17:49:11.958+0000][1][safepoint    ] Safepoint "Cleanup", Time since last: 1000108232 ns, Reaching safepoint: 90638 ns, At safepoint: 9823 ns, Total: 100461 ns
[2020-09-11T17:49:12.958+0000][1][safepoint    ] Safepoint "Cleanup", Time since last: 1000110969 ns, Reaching safepoint: 97192 ns, At safepoint: 11103 ns, Total: 108295 ns
[2020-09-11T17:49:13.899+0000][1][safepoint    ] Safepoint "RevokeBias", Time since last: 941253319 ns, Reaching safepoint: 97730 ns, At safepoint: 38283 ns, Total: 136013 ns
[2020-09-11T17:49:13.966+0000][1][safepoint    ] Safepoint "RevokeBias", Time since last: 66910544 ns, Reaching safepoint: 97717 ns, At safepoint: 26227 ns, Total: 123944 ns
[2020-09-11T17:49:14.610+0000][1][gc,start     ] GC(239) Pause Young (Allocation Failure)
[2020-09-11T17:49:14.616+0000][1][gc,task      ] GC(239) Using 1 workers of 1 for evacuation
[2020-09-11T17:49:14.642+0000][1][gc,age       ] GC(239) Desired survivor size 4358144 bytes, new threshold 6 (max threshold 6)
[2020-09-11T17:49:14.642+0000][1][gc,age       ] GC(239) Age table with threshold 6 (max threshold 6)
[2020-09-11T17:49:14.642+0000][1][gc,age       ] GC(239) - age   1:     269200 bytes,     269200 total
[2020-09-11T17:49:14.642+0000][1][gc,age       ] GC(239) - age   2:     339384 bytes,     608584 total
[2020-09-11T17:49:14.642+0000][1][gc,age       ] GC(239) - age   3:       6168 bytes,     614752 total
[2020-09-11T17:49:14.642+0000][1][gc,age       ] GC(239) - age   4:     283584 bytes,     898336 total
[2020-09-11T17:49:14.642+0000][1][gc,age       ] GC(239) - age   5:      92568 bytes,     990904 total
[2020-09-11T17:49:14.642+0000][1][gc,age       ] GC(239) - age   6:       6168 bytes,     997072 total
[2020-09-11T17:49:14.642+0000][1][gc,heap      ] GC(239) ParNew: 69076K->1745K(76672K)
[2020-09-11T17:49:14.642+0000][1][gc,heap      ] GC(239) CMS: 158048K->158055K(2011968K)
[2020-09-11T17:49:14.642+0000][1][gc,metaspace ] GC(239) Metaspace: 97987K->97987K(1140736K)
[2020-09-11T17:49:14.642+0000][1][gc           ] GC(239) Pause Young (Allocation Failure) 221M->156M(2039M) 32.078ms
[2020-09-11T17:49:14.642+0000][1][gc,cpu       ] GC(239) User=0.02s Sys=0.00s Real=0.04s
[2020-09-11T17:49:14.645+0000][1][safepoint    ] Safepoint "GenCollectForAllocation", Time since last: 643711804 ns, Reaching safepoint: 91228 ns, At safepoint: 34566583 ns, Total: 34657811 ns
[2020-09-11T17:49:15.653+0000][1][safepoint    ] Safepoint "Cleanup", Time since last: 1008155086 ns, Reaching safepoint: 99841 ns, At safepoint: 9222 ns, Total: 109063 ns
[2020-09-11T17:49:15.939+0000][1][safepoint    ] Safepoint "RevokeBias", Time since last: 285722056 ns, Reaching safepoint: 200315 ns, At safepoint: 28721 ns, Total: 229036 ns
[2020-09-11T17:49:16.941+0000][1][safepoint    ] Safepoint "Cleanup", Time since last: 1001762062 ns, Reaching safepoint: 95734 ns, At safepoint: 7810 ns, Total: 103544 ns
[2020-09-11T17:49:17.941+0000][1][safepoint    ] Safepoint "Cleanup", Time since last: 1000110115 ns, Reaching safepoint: 96707 ns, At safepoint: 10121 ns, Total: 106828 ns
[2020-09-11T17:49:18.919+0000][1][safepoint    ] Safepoint "RevokeBias", Time since last: 977416411 ns, Reaching safepoint: 110763 ns, At safepoint: 27794 ns, Total: 138557 ns
[2020-09-11T17:49:18.991+0000][1][safepoint    ] Safepoint "RevokeBias", Time since last: 72015386 ns, Reaching safepoint: 244754 ns, At safepoint: 355140 ns, Total: 599894 ns
[2020-09-11T17:49:19.991+0000][1][safepoint    ] Safepoint "Cleanup", Time since last: 1000116406 ns, Reaching safepoint: 91854 ns, At safepoint: 7913 ns, Total: 99767 ns
[2020-09-11T17:49:20.689+0000][1][safepoint    ] Safepoint "RevokeBias", Time since last: 695450257 ns, Reaching safepoint: 1853789 ns, At safepoint: 24449 ns, Total: 1878238 ns
[2020-09-11T17:49:20.693+0000][1][safepoint    ] Safepoint "RevokeBias", Time since last: 63775 ns, Reaching safepoint: 3971009 ns, At safepoint: 22255 ns, Total: 3993264 ns
[2020-09-11T17:49:20.694+0000][1][safepoint    ] Safepoint "RevokeBias", Time since last: 230126 ns, Reaching safepoint: 383932 ns, At safepoint: 17725 ns, Total: 401657 ns
[2020-09-11T17:49:21.665+0000][1][safepoint    ] Safepoint "RevokeBias", Time since last: 971322397 ns, Reaching safepoint: 170815 ns, At safepoint: 25087 ns, Total: 195902 ns
[2020-09-11T17:49:21.665+0000][1][safepoint    ] Safepoint "RevokeBias", Time since last: 88225 ns, Reaching safepoint: 134237 ns, At safepoint: 17391 ns, Total: 151628 ns
[2020-09-11T17:49:21.673+0000][1][safepoint    ] Safepoint "RevokeBias", Time since last: 8021377 ns, Reaching safepoint: 154508 ns, At safepoint: 25318 ns, Total: 179826 ns
[2020-09-11T17:49:21.711+0000][1][safepoint    ] Safepoint "RevokeBias", Time since last: 36867424 ns, Reaching safepoint: 178874 ns, At safepoint: 18693 ns, Total: 197567 ns
[2020-09-11T17:49:21.711+0000][1][safepoint    ] Safepoint "RevokeBias", Time since last: 169802 ns, Reaching safepoint: 107287 ns, At safepoint: 14062 ns, Total: 121349 ns
[2020-09-11T17:49:21.717+0000][1][safepoint    ] Safepoint "RevokeBias", Time since last: 1988079 ns, Reaching safepoint: 4046354 ns, At safepoint: 30064 ns, Total: 4076418 ns
[2020-09-11T17:49:21.719+0000][1][safepoint    ] Safepoint "RevokeBias", Time since last: 1572575 ns, Reaching safepoint: 146910 ns, At safepoint: 19716 ns, Total: 166626 ns
[2020-09-11T17:49:23.927+0000][1][safepoint    ] Safepoint "RevokeBias", Time since last: 2208189644 ns, Reaching safepoint: 219358 ns, At safepoint: 280164 ns, Total: 499522 ns
[2020-09-11T17:49:24.007+0000][1][safepoint    ] Safepoint "RevokeBias", Time since last: 79242502 ns, Reaching safepoint: 87661 ns, At safepoint: 21849 ns, Total: 109510 ns
[2020-09-11T17:49:24.842+0000][1][gc,start     ] GC(240) Pause Young (Allocation Failure)
[2020-09-11T17:49:24.842+0000][1][gc,task      ] GC(240) Using 1 workers of 1 for evacuation
[2020-09-11T17:49:24.871+0000][1][gc,age       ] GC(240) Desired survivor size 4358144 bytes, new threshold 6 (max threshold 6)
[2020-09-11T17:49:24.871+0000][1][gc,age       ] GC(240) Age table with threshold 6 (max threshold 6)
[2020-09-11T17:49:24.871+0000][1][gc,age       ] GC(240) - age   1:     340344 bytes,     340344 total
[2020-09-11T17:49:24.871+0000][1][gc,age       ] GC(240) - age   2:     197784 bytes,     538128 total
[2020-09-11T17:49:24.871+0000][1][gc,age       ] GC(240) - age   3:     335720 bytes,     873848 total
[2020-09-11T17:49:24.871+0000][1][gc,age       ] GC(240) - age   4:       6168 bytes,     880016 total
[2020-09-11T17:49:24.871+0000][1][gc,age       ] GC(240) - age   5:     283520 bytes,    1163536 total
[2020-09-11T17:49:24.871+0000][1][gc,age       ] GC(240) - age   6:      92536 bytes,    1256072 total
[2020-09-11T17:49:24.871+0000][1][gc,heap      ] GC(240) ParNew: 69905K->1749K(76672K)
[2020-09-11T17:49:24.871+0000][1][gc,heap      ] GC(240) CMS: 158055K->158061K(2011968K)
[2020-09-11T17:49:24.871+0000][1][gc,metaspace ] GC(240) Metaspace: 98025K->98025K(1140736K)
[2020-09-11T17:49:24.871+0000][1][gc           ] GC(240) Pause Young (Allocation Failure) 222M->156M(2039M) 28.544ms
[2020-09-11T17:49:24.871+0000][1][gc,cpu       ] GC(240) User=0.01s Sys=0.00s Real=0.02s
[2020-09-11T17:49:24.871+0000][1][safepoint    ] Safepoint "GenCollectForAllocation", Time since last: 835551595 ns, Reaching safepoint: 167587 ns, At safepoint: 28664622 ns, Total: 28832209 ns
[2020-09-11T17:49:27.879+0000][1][safepoint    ] Safepoint "Cleanup", Time since last: 3008067090 ns, Reaching safepoint: 101594 ns, At safepoint: 8501 ns, Total: 110095 ns
[2020-09-11T17:49:28.938+0000][1][safepoint    ] Safepoint "RevokeBias", Time since last: 1058886626 ns, Reaching safepoint: 89936 ns, At safepoint: 25794 ns, Total: 115730 ns
[2020-09-11T17:49:29.027+0000][1][safepoint    ] Safepoint "RevokeBias", Time since last: 88561056 ns, Reaching safepoint: 169593 ns, At safepoint: 28487 ns, Total: 198080 ns
[2020-09-11T17:49:33.945+0000][1][safepoint    ] Safepoint "RevokeBias", Time since last: 4917554880 ns, Reaching safepoint: 285530 ns, At safepoint: 303189 ns, Total: 588719 ns
[2020-09-11T17:49:34.043+0000][1][safepoint    ] Safepoint "RevokeBias", Time since last: 97622224 ns, Reaching safepoint: 164110 ns, At safepoint: 23662 ns, Total: 187772 ns
[2020-09-11T17:49:38.952+0000][1][safepoint    ] Safepoint "RevokeBias", Time since last: 4908510335 ns, Reaching safepoint: 225412 ns, At safepoint: 354935 ns, Total: 580347 ns
[2020-09-11T17:49:39.050+0000][1][safepoint    ] Safepoint "RevokeBias", Time since last: 97861953 ns, Reaching safepoint: 195922 ns, At safepoint: 29090 ns, Total: 225012 ns
[2020-09-11T17:49:43.958+0000][1][safepoint    ] Safepoint "RevokeBias", Time since last: 4908171901 ns, Reaching safepoint: 81996 ns, At safepoint: 22695 ns, Total: 104691 ns
[2020-09-11T17:49:44.065+0000][1][safepoint    ] Safepoint "RevokeBias", Time since last: 106644314 ns, Reaching safepoint: 93423 ns, At safepoint: 27132 ns, Total: 120555 ns
[2020-09-11T17:49:45.065+0000][1][safepoint    ] Safepoint "Cleanup", Time since last: 1000114781 ns, Reaching safepoint: 93967 ns, At safepoint: 10061 ns, Total: 104028 ns
[2020-09-11T17:49:46.561+0000][1][gc,start     ] GC(241) Pause Young (Allocation Failure)
[2020-09-11T17:49:46.561+0000][1][gc,task      ] GC(241) Using 1 workers of 1 for evacuation
[2020-09-11T17:49:46.593+0000][1][gc,age       ] GC(241) Desired survivor size 4358144 bytes, new threshold 6 (max threshold 6)
[2020-09-11T17:49:46.593+0000][1][gc,age       ] GC(241) Age table with threshold 6 (max threshold 6)
[2020-09-11T17:49:46.593+0000][1][gc,age       ] GC(241) - age   1:     220192 bytes,     220192 total
[2020-09-11T17:49:46.593+0000][1][gc,age       ] GC(241) - age   2:     246312 bytes,     466504 total
[2020-09-11T17:49:46.593+0000][1][gc,age       ] GC(241) - age   3:     189240 bytes,     655744 total
[2020-09-11T17:49:46.593+0000][1][gc,age       ] GC(241) - age   4:     335336 bytes,     991080 total
[2020-09-11T17:49:46.593+0000][1][gc,age       ] GC(241) - age   5:       6128 bytes,     997208 total
[2020-09-11T17:49:46.593+0000][1][gc,age       ] GC(241) - age   6:     283520 bytes,    1280728 total
[2020-09-11T17:49:46.593+0000][1][gc,heap      ] GC(241) ParNew: 69909K->2131K(76672K)
[2020-09-11T17:49:46.593+0000][1][gc,heap      ] GC(241) CMS: 158061K->158151K(2011968K)
[2020-09-11T17:49:46.593+0000][1][gc,metaspace ] GC(241) Metaspace: 98025K->98025K(1140736K)
[2020-09-11T17:49:46.593+0000][1][gc           ] GC(241) Pause Young (Allocation Failure) 222M->156M(2039M) 32.136ms
[2020-09-11T17:49:46.593+0000][1][gc,cpu       ] GC(241) User=0.02s Sys=0.00s Real=0.03s
[2020-09-11T17:49:46.593+0000][1][safepoint    ] Safepoint "GenCollectForAllocation", Time since last: 1493007532 ns, Reaching safepoint: 2459423 ns, At safepoint: 32205836 ns, Total: 34665259 ns
[2020-09-11T17:49:47.597+0000][1][safepoint    ] Safepoint "Cleanup", Time since last: 1003944722 ns, Reaching safepoint: 94905 ns, At safepoint: 10022 ns, Total: 104927 ns
[2020-09-11T17:49:48.968+0000][1][safepoint    ] Safepoint "RevokeBias", Time since last: 1371033687 ns, Reaching safepoint: 94885 ns, At safepoint: 26604 ns, Total: 121489 ns
[2020-09-11T17:49:49.079+0000][1][safepoint    ] Safepoint "RevokeBias", Time since last: 110207819 ns, Reaching safepoint: 89493 ns, At safepoint: 25514 ns, Total: 115007 ns
[2020-09-11T17:49:53.977+0000][1][safepoint    ] Safepoint "RevokeBias", Time since last: 4898460685 ns, Reaching safepoint: 90509 ns, At safepoint: 23788 ns, Total: 114297 ns
[2020-09-11T17:49:54.086+0000][1][safepoint    ] Safepoint "RevokeBias", Time since last: 108341922 ns, Reaching safepoint: 223970 ns, At safepoint: 274806 ns, Total: 498776 ns
[2020-09-11T17:49:58.988+0000][1][safepoint    ] Safepoint "RevokeBias", Time since last: 4901411864 ns, Reaching safepoint: 172465 ns, At safepoint: 27371 ns, Total: 199836 ns
[2020-09-11T17:49:59.093+0000][1][safepoint    ] Safepoint "RevokeBias", Time since last: 105224072 ns, Reaching safepoint: 223474 ns, At safepoint: 283607 ns, Total: 507081 ns
[2020-09-11T17:50:03.995+0000][1][safepoint    ] Safepoint "BulkRevokeBias", Time since last: 4900983862 ns, Reaching safepoint: 96685 ns, At safepoint: 283492 ns, Total: 380177 ns
[2020-09-11T17:50:04.101+0000][1][safepoint    ] Safepoint "RevokeBias", Time since last: 105921023 ns, Reaching safepoint: 92600 ns, At safepoint: 48260 ns, Total: 140860 ns
[2020-09-11T17:50:07.017+0000][1][gc,start     ] GC(242) Pause Young (Allocation Failure)
[2020-09-11T17:50:07.017+0000][1][gc,task      ] GC(242) Using 1 workers of 1 for evacuation
[2020-09-11T17:50:07.048+0000][1][gc,age       ] GC(242) Desired survivor size 4358144 bytes, new threshold 6 (max threshold 6)
[2020-09-11T17:50:07.048+0000][1][gc,age       ] GC(242) Age table with threshold 6 (max threshold 6)
[2020-09-11T17:50:07.048+0000][1][gc,age       ] GC(242) - age   1:     124984 bytes,     124984 total
[2020-09-11T17:50:07.048+0000][1][gc,age       ] GC(242) - age   2:      28192 bytes,     153176 total
[2020-09-11T17:50:07.048+0000][1][gc,age       ] GC(242) - age   3:     243344 bytes,     396520 total
[2020-09-11T17:50:07.048+0000][1][gc,age       ] GC(242) - age   4:     189008 bytes,     585528 total
[2020-09-11T17:50:07.048+0000][1][gc,age       ] GC(242) - age   5:     335304 bytes,     920832 total
[2020-09-11T17:50:07.048+0000][1][gc,age       ] GC(242) - age   6:       6064 bytes,     926896 total
[2020-09-11T17:50:07.048+0000][1][gc,heap      ] GC(242) ParNew: 70291K->1470K(76672K)
[2020-09-11T17:50:07.048+0000][1][gc,heap      ] GC(242) CMS: 158151K->158428K(2011968K)
[2020-09-11T17:50:07.048+0000][1][gc,metaspace ] GC(242) Metaspace: 98025K->98025K(1140736K)
[2020-09-11T17:50:07.048+0000][1][gc           ] GC(242) Pause Young (Allocation Failure) 223M->156M(2039M) 31.518ms
[2020-09-11T17:50:07.048+0000][1][gc,cpu       ] GC(242) User=0.01s Sys=0.00s Real=0.03s
[2020-09-11T17:50:07.055+0000][1][safepoint    ] Safepoint "GenCollectForAllocation", Time since last: 2913834538 ns, Reaching safepoint: 2238899 ns, At safepoint: 37761636 ns, Total: 40000535 ns
[2020-09-11T17:50:09.022+0000][1][safepoint    ] Safepoint "RevokeBias", Time since last: 1967118118 ns, Reaching safepoint: 97224 ns, At safepoint: 26116 ns, Total: 123340 ns
[2020-09-11T17:50:09.111+0000][1][safepoint    ] Safepoint "RevokeBias", Time since last: 88712196 ns, Reaching safepoint: 226956 ns, At safepoint: 280601 ns, Total: 507557 ns
[2020-09-11T17:50:12.111+0000][1][safepoint    ] Safepoint "Cleanup", Time since last: 3000266615 ns, Reaching safepoint: 95966 ns, At safepoint: 11209 ns, Total: 107175 ns
[2020-09-11T17:50:14.035+0000][1][safepoint    ] Safepoint "RevokeBias", Time since last: 1923790640 ns, Reaching safepoint: 187806 ns, At safepoint: 41337 ns, Total: 229143 ns
[2020-09-11T17:50:14.118+0000][1][safepoint    ] Safepoint "RevokeBias", Time since last: 82584179 ns, Reaching safepoint: 91821 ns, At safepoint: 26704 ns, Total: 118525 ns
[2020-09-11T17:50:15.118+0000][1][safepoint    ] Safepoint "Cleanup", Time since last: 1000115725 ns, Reaching safepoint: 92639 ns, At safepoint: 9457 ns, Total: 102096 ns
[2020-09-11T17:50:16.119+0000][1][safepoint    ] Safepoint "Cleanup", Time since last: 1000112114 ns, Reaching safepoint: 87426 ns, At safepoint: 9092 ns, Total: 96518 ns
[2020-09-11T17:50:17.119+0000][1][safepoint    ] Safepoint "Cleanup", Time since last: 1000116630 ns, Reaching safepoint: 83895 ns, At safepoint: 7398 ns, Total: 91293 ns
[2020-09-11T17:50:18.119+0000][1][safepoint    ] Safepoint "Cleanup", Time since last: 1000111429 ns, Reaching safepoint: 143803 ns, At safepoint: 11845 ns, Total: 155648 ns
[2020-09-11T17:50:19.044+0000][1][safepoint    ] Safepoint "RevokeBias", Time since last: 924743305 ns, Reaching safepoint: 141549 ns, At safepoint: 36831 ns, Total: 178380 ns
[2020-09-11T17:50:19.129+0000][1][safepoint    ] Safepoint "RevokeBias", Time since last: 84913747 ns, Reaching safepoint: 92085 ns, At safepoint: 24567 ns, Total: 116652 ns
[2020-09-11T17:50:20.129+0000][1][safepoint    ] Safepoint "Cleanup", Time since last: 1000107292 ns, Reaching safepoint: 83650 ns, At safepoint: 9013 ns, Total: 92663 ns
[2020-09-11T17:50:21.129+0000][1][safepoint    ] Safepoint "Cleanup", Time since last: 1000113785 ns, Reaching safepoint: 89232 ns, At safepoint: 9879 ns, Total: 99111 ns
[2020-09-11T17:50:22.130+0000][1][safepoint    ] Safepoint "Cleanup", Time since last: 1000122952 ns, Reaching safepoint: 87425 ns, At safepoint: 8984 ns, Total: 96409 ns
[2020-09-11T17:50:23.130+0000][1][safepoint    ] Safepoint "Cleanup", Time since last: 1000113357 ns, Reaching safepoint: 87184 ns, At safepoint: 7585 ns, Total: 94769 ns
[2020-09-11T17:50:24.062+0000][1][safepoint    ] Safepoint "RevokeBias", Time since last: 931614865 ns, Reaching safepoint: 377809 ns, At safepoint: 650006 ns, Total: 1027815 ns
[2020-09-11T17:50:24.139+0000][1][safepoint    ] Safepoint "RevokeBias", Time since last: 76497132 ns, Reaching safepoint: 97868 ns, At safepoint: 26490 ns, Total: 124358 ns
[2020-09-11T17:50:25.139+0000][1][safepoint    ] Safepoint "Cleanup", Time since last: 1000104076 ns, Reaching safepoint: 80451 ns, At safepoint: 5906 ns, Total: 86357 ns
[2020-09-11T17:50:26.140+0000][1][safepoint    ] Safepoint "Cleanup", Time since last: 1000692674 ns, Reaching safepoint: 158811 ns, At safepoint: 15586 ns, Total: 174397 ns
[2020-09-11T17:50:27.141+0000][1][safepoint    ] Safepoint "Cleanup", Time since last: 1000186090 ns, Reaching safepoint: 154671 ns, At safepoint: 16281 ns, Total: 170952 ns
[2020-09-11T17:50:28.162+0000][1][safepoint    ] Safepoint "Cleanup", Time since last: 1021603009 ns, Reaching safepoint: 173611 ns, At safepoint: 18990 ns, Total: 192601 ns
[2020-09-11T17:50:29.080+0000][1][safepoint    ] Safepoint "RevokeBias", Time since last: 917492531 ns, Reaching safepoint: 90609 ns, At safepoint: 24197 ns, Total: 114806 ns
[2020-09-11T17:50:29.150+0000][1][safepoint    ] Safepoint "RevokeBias", Time since last: 69693397 ns, Reaching safepoint: 275350 ns, At safepoint: 51331 ns, Total: 326681 ns
[2020-09-11T17:50:29.728+0000][1][gc,start     ] GC(243) Pause Young (Allocation Failure)
[2020-09-11T17:50:29.728+0000][1][gc,task      ] GC(243) Using 1 workers of 1 for evacuation
[2020-09-11T17:50:29.741+0000][1][gc,age       ] GC(243) Desired survivor size 4358144 bytes, new threshold 6 (max threshold 6)
[2020-09-11T17:50:29.742+0000][1][gc,age       ] GC(243) Age table with threshold 6 (max threshold 6)
[2020-09-11T17:50:29.742+0000][1][gc,age       ] GC(243) - age   1:     154648 bytes,     154648 total
[2020-09-11T17:50:29.742+0000][1][gc,age       ] GC(243) - age   2:      28400 bytes,     183048 total
[2020-09-11T17:50:29.742+0000][1][gc,age       ] GC(243) - age   3:      24560 bytes,     207608 total
[2020-09-11T17:50:29.742+0000][1][gc,age       ] GC(243) - age   4:     239848 bytes,     447456 total
[2020-09-11T17:50:29.742+0000][1][gc,age       ] GC(243) - age   5:     188776 bytes,     636232 total
[2020-09-11T17:50:29.742+0000][1][gc,age       ] GC(243) - age   6:     335304 bytes,     971536 total
[2020-09-11T17:50:29.742+0000][1][gc,heap      ] GC(243) ParNew: 69630K->1725K(76672K)
[2020-09-11T17:50:29.742+0000][1][gc,heap      ] GC(243) CMS: 158428K->158434K(2011968K)
[2020-09-11T17:50:29.742+0000][1][gc,metaspace ] GC(243) Metaspace: 98026K->98026K(1140736K)
[2020-09-11T17:50:29.742+0000][1][gc           ] GC(243) Pause Young (Allocation Failure) 222M->156M(2039M) 13.528ms
[2020-09-11T17:50:29.742+0000][1][gc,cpu       ] GC(243) User=0.02s Sys=0.00s Real=0.02s
[2020-09-11T17:50:29.742+0000][1][safepoint    ] Safepoint "GenCollectForAllocation", Time since last: 577904803 ns, Reaching safepoint: 196940 ns, At safepoint: 13624912 ns, Total: 13821852 ns
[2020-09-11T17:50:30.743+0000][1][safepoint    ] Safepoint "Cleanup", Time since last: 1001177859 ns, Reaching safepoint: 152345 ns, At safepoint: 43179 ns, Total: 195524 ns
[2020-09-11T17:50:31.744+0000][1][safepoint    ] Safepoint "Cleanup", Time since last: 1000395581 ns, Reaching safepoint: 146713 ns, At safepoint: 38525 ns, Total: 185238 ns
[2020-09-11T17:50:32.744+0000][1][safepoint    ] Safepoint "Cleanup", Time since last: 1000179705 ns, Reaching safepoint: 153088 ns, At safepoint: 15308 ns, Total: 168396 ns
[2020-09-11T17:50:33.744+0000][1][safepoint    ] Safepoint "Cleanup", Time since last: 1000185349 ns, Reaching safepoint: 152559 ns, At safepoint: 14584 ns, Total: 167143 ns
[2020-09-11T17:50:34.090+0000][1][safepoint    ] Safepoint "RevokeBias", Time since last: 345673272 ns, Reaching safepoint: 88124 ns, At safepoint: 23596 ns, Total: 111720 ns
[2020-09-11T17:50:34.165+0000][1][safepoint    ] Safepoint "RevokeBias", Time since last: 74761890 ns, Reaching safepoint: 91268 ns, At safepoint: 23631 ns, Total: 114899 ns
[2020-09-11T17:50:35.165+0000][1][safepoint    ] Safepoint "Cleanup", Time since last: 1000112691 ns, Reaching safepoint: 88782 ns, At safepoint: 7580 ns, Total: 96362 ns
[2020-09-11T17:50:36.166+0000][1][safepoint    ] Safepoint "Cleanup", Time since last: 1000197983 ns, Reaching safepoint: 178292 ns, At safepoint: 20744 ns, Total: 199036 ns
[2020-09-11T17:50:37.166+0000][1][safepoint    ] Safepoint "Cleanup", Time since last: 1000218670 ns, Reaching safepoint: 166114 ns, At safepoint: 19431 ns, Total: 185545 ns
[2020-09-11T17:50:38.166+0000][1][safepoint    ] Safepoint "Cleanup", Time since last: 1000183395 ns, Reaching safepoint: 154320 ns, At safepoint: 18402 ns, Total: 172722 ns
[2020-09-11T17:50:39.099+0000][1][safepoint    ] Safepoint "RevokeBias", Time since last: 932517914 ns, Reaching safepoint: 87621 ns, At safepoint: 22625 ns, Total: 110246 ns
[2020-09-11T17:50:39.175+0000][1][safepoint    ] Safepoint "RevokeBias", Time since last: 75436489 ns, Reaching safepoint: 96207 ns, At safepoint: 22491 ns, Total: 118698 ns
[2020-09-11T17:50:40.175+0000][1][safepoint    ] Safepoint "Cleanup", Time since last: 1000143997 ns, Reaching safepoint: 166354 ns, At safepoint: 18576 ns, Total: 184930 ns
[2020-09-11T17:50:41.175+0000][1][safepoint    ] Safepoint "Cleanup", Time since last: 1000222552 ns, Reaching safepoint: 122267 ns, At safepoint: 7539 ns, Total: 129806 ns
[2020-09-11T17:50:42.176+0000][1][safepoint    ] Safepoint "Cleanup", Time since last: 1000162400 ns, Reaching safepoint: 133496 ns, At safepoint: 7614 ns, Total: 141110 ns
[2020-09-11T17:50:43.176+0000][1][safepoint    ] Safepoint "Cleanup", Time since last: 1000189402 ns, Reaching safepoint: 163808 ns, At safepoint: 18292 ns, Total: 182100 ns
[2020-09-11T17:50:44.109+0000][1][safepoint    ] Safepoint "RevokeBias", Time since last: 932709369 ns, Reaching safepoint: 90730 ns, At safepoint: 23008 ns, Total: 113738 ns
[2020-09-11T17:50:44.185+0000][1][safepoint    ] Safepoint "RevokeBias", Time since last: 76184933 ns, Reaching safepoint: 290525 ns, At safepoint: 55160 ns, Total: 345685 ns
[2020-09-11T17:50:45.186+0000][1][safepoint    ] Safepoint "Cleanup", Time since last: 1000213999 ns, Reaching safepoint: 117296 ns, At safepoint: 7591 ns, Total: 124887 ns
[2020-09-11T17:50:46.186+0000][1][safepoint    ] Safepoint "Cleanup", Time since last: 1000174827 ns, Reaching safepoint: 108986 ns, At safepoint: 10660 ns, Total: 119646 ns
[2020-09-11T17:50:47.186+0000][1][safepoint    ] Safepoint "Cleanup", Time since last: 1000186916 ns, Reaching safepoint: 167053 ns, At safepoint: 19107 ns, Total: 186160 ns
[2020-09-11T17:50:48.187+0000][1][safepoint    ] Safepoint "Cleanup", Time since last: 1000185432 ns, Reaching safepoint: 145604 ns, At safepoint: 7688 ns, Total: 153292 ns
[2020-09-11T17:50:49.118+0000][1][safepoint    ] Safepoint "RevokeBias", Time since last: 931487129 ns, Reaching safepoint: 179518 ns, At safepoint: 84504 ns, Total: 264022 ns
[2020-09-11T17:50:49.199+0000][1][safepoint    ] Safepoint "RevokeBias", Time since last: 80106219 ns, Reaching safepoint: 87544 ns, At safepoint: 22603 ns, Total: 110147 ns
[2020-09-11T17:50:49.768+0000][1][gc,start     ] GC(244) Pause Young (Allocation Failure)
[2020-09-11T17:50:49.769+0000][1][gc,task      ] GC(244) Using 1 workers of 1 for evacuation
[2020-09-11T17:50:49.783+0000][1][gc,age       ] GC(244) Desired survivor size 4358144 bytes, new threshold 6 (max threshold 6)
[2020-09-11T17:50:49.783+0000][1][gc,age       ] GC(244) Age table with threshold 6 (max threshold 6)
[2020-09-11T17:50:49.783+0000][1][gc,age       ] GC(244) - age   1:     120776 bytes,     120776 total
[2020-09-11T17:50:49.783+0000][1][gc,age       ] GC(244) - age   2:      78640 bytes,     199416 total
[2020-09-11T17:50:49.783+0000][1][gc,age       ] GC(244) - age   3:      24152 bytes,     223568 total
[2020-09-11T17:50:49.783+0000][1][gc,age       ] GC(244) - age   4:      24520 bytes,     248088 total
[2020-09-11T17:50:49.783+0000][1][gc,age       ] GC(244) - age   5:     239576 bytes,     487664 total
[2020-09-11T17:50:49.783+0000][1][gc,age       ] GC(244) - age   6:     188776 bytes,     676440 total
[2020-09-11T17:50:49.783+0000][1][gc,heap      ] GC(244) ParNew: 69885K->1142K(76672K)
[2020-09-11T17:50:49.783+0000][1][gc,heap      ] GC(244) CMS: 158434K->158762K(2011968K)
[2020-09-11T17:50:49.783+0000][1][gc,metaspace ] GC(244) Metaspace: 98027K->98027K(1140736K)
[2020-09-11T17:50:49.783+0000][1][gc           ] GC(244) Pause Young (Allocation Failure) 222M->156M(2039M) 14.602ms
[2020-09-11T17:50:49.783+0000][1][gc,cpu       ] GC(244) User=0.02s Sys=0.00s Real=0.02s
[2020-09-11T17:50:49.783+0000][1][safepoint    ] Safepoint "GenCollectForAllocation", Time since last: 569673969 ns, Reaching safepoint: 204232 ns, At safepoint: 14678042 ns, Total: 14882274 ns
[2020-09-11T17:50:50.785+0000][1][safepoint    ] Safepoint "Cleanup", Time since last: 1002073534 ns, Reaching safepoint: 81179 ns, At safepoint: 15311 ns, Total: 96490 ns
[2020-09-11T17:50:51.790+0000][1][safepoint    ] Safepoint "Cleanup", Time since last: 1004919718 ns, Reaching safepoint: 72588 ns, At safepoint: 15963 ns, Total: 88551 ns
[2020-09-11T17:50:52.791+0000][1][safepoint    ] Safepoint "Cleanup", Time since last: 1000223788 ns, Reaching safepoint: 84499 ns, At safepoint: 18370 ns, Total: 102869 ns
[2020-09-11T17:50:53.791+0000][1][safepoint    ] Safepoint "Cleanup", Time since last: 1000144996 ns, Reaching safepoint: 157371 ns, At safepoint: 37566 ns, Total: 194937 ns
[2020-09-11T17:50:54.130+0000][1][safepoint    ] Safepoint "RevokeBias", Time since last: 339162422 ns, Reaching safepoint: 91274 ns, At safepoint: 33543 ns, Total: 124817 ns
[2020-09-11T17:50:54.206+0000][1][safepoint    ] Safepoint "RevokeBias", Time since last: 75545748 ns, Reaching safepoint: 88729 ns, At safepoint: 33857 ns, Total: 122586 ns
[2020-09-11T17:50:55.207+0000][1][safepoint    ] Safepoint "Cleanup", Time since last: 1000475283 ns, Reaching safepoint: 162098 ns, At safepoint: 17236 ns, Total: 179334 ns
[2020-09-11T17:50:56.207+0000][1][safepoint    ] Safepoint "Cleanup", Time since last: 1000219847 ns, Reaching safepoint: 116350 ns, At safepoint: 8040 ns, Total: 124390 ns
[2020-09-11T17:50:57.207+0000][1][safepoint    ] Safepoint "Cleanup", Time since last: 1000140315 ns, Reaching safepoint: 177313 ns, At safepoint: 18783 ns, Total: 196096 ns
[2020-09-11T17:50:58.208+0000][1][safepoint    ] Safepoint "Cleanup", Time since last: 1000203546 ns, Reaching safepoint: 167543 ns, At safepoint: 19498 ns, Total: 187041 ns
[2020-09-11T17:50:59.140+0000][1][safepoint    ] Safepoint "RevokeBias", Time since last: 931685479 ns, Reaching safepoint: 294895 ns, At safepoint: 52554 ns, Total: 347449 ns
[2020-09-11T17:50:59.214+0000][1][safepoint    ] Safepoint "RevokeBias", Time since last: 74311428 ns, Reaching safepoint: 102851 ns, At safepoint: 34866 ns, Total: 137717 ns
[2020-09-11T17:51:00.215+0000][1][safepoint    ] Safepoint "Cleanup", Time since last: 1000463109 ns, Reaching safepoint: 165078 ns, At safepoint: 16254 ns, Total: 181332 ns
[2020-09-11T17:51:01.215+0000][1][safepoint    ] Safepoint "Cleanup", Time since last: 1000221169 ns, Reaching safepoint: 117017 ns, At safepoint: 7578 ns, Total: 124595 ns
[2020-09-11T17:51:02.215+0000][1][safepoint    ] Safepoint "Cleanup", Time since last: 1000144757 ns, Reaching safepoint: 166448 ns, At safepoint: 17032 ns, Total: 183480 ns
[2020-09-11T17:51:03.216+0000][1][safepoint    ] Safepoint "Cleanup", Time since last: 1000209437 ns, Reaching safepoint: 151122 ns, At safepoint: 7122 ns, Total: 158244 ns
[2020-09-11T17:51:04.152+0000][1][safepoint    ] Safepoint "RevokeBias", Time since last: 935879853 ns, Reaching safepoint: 95744 ns, At safepoint: 23481 ns, Total: 119225 ns
[2020-09-11T17:51:04.224+0000][1][safepoint    ] Safepoint "RevokeBias", Time since last: 71971958 ns, Reaching safepoint: 214037 ns, At safepoint: 250444 ns, Total: 464481 ns
[2020-09-11T17:51:05.225+0000][1][safepoint    ] Safepoint "Cleanup", Time since last: 1000154975 ns, Reaching safepoint: 142349 ns, At safepoint: 7313 ns, Total: 149662 ns
[2020-09-11T17:51:06.225+0000][1][safepoint    ] Safepoint "Cleanup", Time since last: 1000119311 ns, Reaching safepoint: 105813 ns, At safepoint: 6567 ns, Total: 112380 ns
[2020-09-11T17:51:07.225+0000][1][safepoint    ] Safepoint "Cleanup", Time since last: 1000211272 ns, Reaching safepoint: 141755 ns, At safepoint: 20380 ns, Total: 162135 ns
[2020-09-11T17:51:08.226+0000][1][safepoint    ] Safepoint "Cleanup", Time since last: 1000226070 ns, Reaching safepoint: 164554 ns, At safepoint: 19113 ns, Total: 183667 ns
[2020-09-11T17:51:09.162+0000][1][safepoint    ] Safepoint "RevokeBias", Time since last: 936526597 ns, Reaching safepoint: 99181 ns, At safepoint: 23520 ns, Total: 122701 ns
[2020-09-11T17:51:09.234+0000][1][safepoint    ] Safepoint "RevokeBias", Time since last: 71668173 ns, Reaching safepoint: 225148 ns, At safepoint: 248366 ns, Total: 473514 ns
[2020-09-11T17:51:10.235+0000][1][safepoint    ] Safepoint "Cleanup", Time since last: 1000356261 ns, Reaching safepoint: 116423 ns, At safepoint: 7427 ns, Total: 123850 ns
[2020-09-11T17:51:11.235+0000][1][safepoint    ] Safepoint "Cleanup", Time since last: 1000185963 ns, Reaching safepoint: 107640 ns, At safepoint: 7561 ns, Total: 115201 ns
[2020-09-11T17:51:12.236+0000][1][safepoint    ] Safepoint "Cleanup", Time since last: 1000180802 ns, Reaching safepoint: 155887 ns, At safepoint: 17991 ns, Total: 173878 ns
[2020-09-11T17:51:13.236+0000][1][safepoint    ] Safepoint "Cleanup", Time since last: 1000216427 ns, Reaching safepoint: 204809 ns, At safepoint: 19057 ns, Total: 223866 ns
[2020-09-11T17:51:14.171+0000][1][safepoint    ] Safepoint "RevokeBias", Time since last: 934720772 ns, Reaching safepoint: 96008 ns, At safepoint: 22341 ns, Total: 118349 ns
[2020-09-11T17:51:14.243+0000][1][safepoint    ] Safepoint "BulkRevokeBias", Time since last: 71094121 ns, Reaching safepoint: 232376 ns, At safepoint: 473724 ns, Total: 706100 ns
[2020-09-11T17:51:14.835+0000][1][gc,start     ] GC(245) Pause Young (Allocation Failure)
[2020-09-11T17:51:14.841+0000][1][gc,task      ] GC(245) Using 1 workers of 1 for evacuation
[2020-09-11T17:51:14.856+0000][1][gc,age       ] GC(245) Desired survivor size 4358144 bytes, new threshold 6 (max threshold 6)
[2020-09-11T17:51:14.856+0000][1][gc,age       ] GC(245) Age table with threshold 6 (max threshold 6)
[2020-09-11T17:51:14.856+0000][1][gc,age       ] GC(245) - age   1:    2249168 bytes,    2249168 total
[2020-09-11T17:51:14.856+0000][1][gc,age       ] GC(245) - age   2:      45296 bytes,    2294464 total
[2020-09-11T17:51:14.856+0000][1][gc,age       ] GC(245) - age   3:      74808 bytes,    2369272 total
[2020-09-11T17:51:14.856+0000][1][gc,age       ] GC(245) - age   4:      24016 bytes,    2393288 total
[2020-09-11T17:51:14.856+0000][1][gc,age       ] GC(245) - age   5:      24248 bytes,    2417536 total
[2020-09-11T17:51:14.856+0000][1][gc,age       ] GC(245) - age   6:     239576 bytes,    2657112 total
[2020-09-11T17:51:14.856+0000][1][gc,heap      ] GC(245) ParNew: 69302K->2734K(76672K)
[2020-09-11T17:51:14.856+0000][1][gc,heap      ] GC(245) CMS: 158762K->158946K(2011968K)
[2020-09-11T17:51:14.856+0000][1][gc,metaspace ] GC(245) Metaspace: 98027K->98027K(1140736K)
[2020-09-11T17:51:14.856+0000][1][gc           ] GC(245) Pause Young (Allocation Failure) 222M->157M(2039M) 21.220ms
[2020-09-11T17:51:14.857+0000][1][gc,cpu       ] GC(245) User=0.02s Sys=0.00s Real=0.02s
[2020-09-11T17:51:14.857+0000][1][safepoint    ] Safepoint "GenCollectForAllocation", Time since last: 592428844 ns, Reaching safepoint: 242734 ns, At safepoint: 21928757 ns, Total: 22171491 ns
[2020-09-11T17:51:15.861+0000][1][safepoint    ] Safepoint "Cleanup", Time since last: 1003800000 ns, Reaching safepoint: 112174 ns, At safepoint: 20735 ns, Total: 132909 ns
[2020-09-11T17:51:16.861+0000][1][safepoint    ] Safepoint "Cleanup", Time since last: 1000135307 ns, Reaching safepoint: 162242 ns, At safepoint: 50900 ns, Total: 213142 ns
[2020-09-11T17:51:17.955+0000][1][safepoint    ] Safepoint "Cleanup", Time since last: 1093681362 ns, Reaching safepoint: 208545 ns, At safepoint: 18155 ns, Total: 226700 ns
[2020-09-11T17:51:18.956+0000][1][safepoint    ] Safepoint "Cleanup", Time since last: 1000229638 ns, Reaching safepoint: 147980 ns, At safepoint: 7989 ns, Total: 155969 ns
[2020-09-11T17:51:19.178+0000][1][safepoint    ] Safepoint "RevokeBias", Time since last: 222471345 ns, Reaching safepoint: 87809 ns, At safepoint: 42112 ns, Total: 129921 ns
[2020-09-11T17:51:19.251+0000][1][safepoint    ] Safepoint "RevokeBias", Time since last: 72249633 ns, Reaching safepoint: 91044 ns, At safepoint: 22454 ns, Total: 113498 ns
[2020-09-11T17:51:20.251+0000][1][safepoint    ] Safepoint "Cleanup", Time since last: 1000141336 ns, Reaching safepoint: 173521 ns, At safepoint: 18201 ns, Total: 191722 ns
[2020-09-11T17:51:21.251+0000][1][safepoint    ] Safepoint "Cleanup", Time since last: 1000180951 ns, Reaching safepoint: 128615 ns, At safepoint: 7762 ns, Total: 136377 ns
[2020-09-11T17:51:22.252+0000][1][safepoint    ] Safepoint "Cleanup", Time since last: 1000143204 ns, Reaching safepoint: 130146 ns, At safepoint: 7412 ns, Total: 137558 ns
[2020-09-11T17:51:23.252+0000][1][safepoint    ] Safepoint "Cleanup", Time since last: 1000145684 ns, Reaching safepoint: 156433 ns, At safepoint: 7136 ns, Total: 163569 ns
[2020-09-11T17:51:24.188+0000][1][safepoint    ] Safepoint "RevokeBias", Time since last: 934764231 ns, Reaching safepoint: 381611 ns, At safepoint: 543886 ns, Total: 925497 ns
[2020-09-11T17:51:24.261+0000][1][safepoint    ] Safepoint "RevokeBias", Time since last: 72731278 ns, Reaching safepoint: 179678 ns, At safepoint: 51251 ns, Total: 230929 ns
[2020-09-11T17:51:25.261+0000][1][safepoint    ] Safepoint "Cleanup", Time since last: 1000203582 ns, Reaching safepoint: 118958 ns, At safepoint: 7800 ns, Total: 126758 ns
[2020-09-11T17:51:26.261+0000][1][safepoint    ] Safepoint "Cleanup", Time since last: 1000169296 ns, Reaching safepoint: 114396 ns, At safepoint: 8114 ns, Total: 122510 ns
[2020-09-11T17:51:27.262+0000][1][safepoint    ] Safepoint "Cleanup", Time since last: 1000171686 ns, Reaching safepoint: 119844 ns, At safepoint: 7728 ns, Total: 127572 ns
[2020-09-11T17:51:28.262+0000][1][safepoint    ] Safepoint "Cleanup", Time since last: 1000177771 ns, Reaching safepoint: 114165 ns, At safepoint: 7785 ns, Total: 121950 ns
[2020-09-11T17:51:29.199+0000][1][safepoint    ] Safepoint "RevokeBias", Time since last: 937396982 ns, Reaching safepoint: 91983 ns, At safepoint: 23005 ns, Total: 114988 ns
[2020-09-11T17:51:29.273+0000][1][safepoint    ] Safepoint "RevokeBias", Time since last: 73139536 ns, Reaching safepoint: 92747 ns, At safepoint: 24811 ns, Total: 117558 ns
[2020-09-11T17:51:30.545+0000][1][safepoint    ] Safepoint "Cleanup", Time since last: 1272303589 ns, Reaching safepoint: 149911 ns, At safepoint: 17730 ns, Total: 167641 ns
[2020-09-11T17:51:31.545+0000][1][safepoint    ] Safepoint "Cleanup", Time since last: 1000160060 ns, Reaching safepoint: 130799 ns, At safepoint: 8360 ns, Total: 139159 ns
[2020-09-11T17:51:32.546+0000][1][safepoint    ] Safepoint "Cleanup", Time since last: 1000172707 ns, Reaching safepoint: 109209 ns, At safepoint: 7040 ns, Total: 116249 ns
[2020-09-11T17:51:34.208+0000][1][safepoint    ] Safepoint "RevokeBias", Time since last: 1661850237 ns, Reaching safepoint: 374565 ns, At safepoint: 545196 ns, Total: 919761 ns
[2020-09-11T17:51:34.282+0000][1][safepoint    ] Safepoint "RevokeBias", Time since last: 73778994 ns, Reaching safepoint: 181465 ns, At safepoint: 49561 ns, Total: 231026 ns
[2020-09-11T17:51:35.283+0000][1][safepoint    ] Safepoint "Cleanup", Time since last: 1000212505 ns, Reaching safepoint: 120654 ns, At safepoint: 8002 ns, Total: 128656 ns
[2020-09-11T17:51:36.949+0000][1][gc,start     ] GC(246) Pause Young (Allocation Failure)
[2020-09-11T17:51:36.949+0000][1][gc,task      ] GC(246) Using 1 workers of 1 for evacuation
[2020-09-11T17:51:36.966+0000][1][gc,age       ] GC(246) Desired survivor size 4358144 bytes, new threshold 6 (max threshold 6)
[2020-09-11T17:51:36.966+0000][1][gc,age       ] GC(246) Age table with threshold 6 (max threshold 6)
[2020-09-11T17:51:36.966+0000][1][gc,age       ] GC(246) - age   1:     204704 bytes,     204704 total
[2020-09-11T17:51:36.966+0000][1][gc,age       ] GC(246) - age   2:    2149440 bytes,    2354144 total
[2020-09-11T17:51:36.966+0000][1][gc,age       ] GC(246) - age   3:      41440 bytes,    2395584 total
[2020-09-11T17:51:36.966+0000][1][gc,age       ] GC(246) - age   4:      74712 bytes,    2470296 total
[2020-09-11T17:51:36.966+0000][1][gc,age       ] GC(246) - age   5:      24016 bytes,    2494312 total
[2020-09-11T17:51:36.966+0000][1][gc,age       ] GC(246) - age   6:      24216 bytes,    2518528 total
[2020-09-11T17:51:36.967+0000][1][gc,heap      ] GC(246) ParNew: 70894K->4087K(76672K)
[2020-09-11T17:51:36.967+0000][1][gc,heap      ] GC(246) CMS: 158946K->159188K(2011968K)
[2020-09-11T17:51:36.967+0000][1][gc,metaspace ] GC(246) Metaspace: 98038K->98038K(1140736K)
[2020-09-11T17:51:36.967+0000][1][gc           ] GC(246) Pause Young (Allocation Failure) 224M->159M(2039M) 17.290ms
[2020-09-11T17:51:36.967+0000][1][gc,cpu       ] GC(246) User=0.02s Sys=0.00s Real=0.02s
[2020-09-11T17:51:36.967+0000][1][safepoint    ] Safepoint "GenCollectForAllocation", Time since last: 1666265503 ns, Reaching safepoint: 220678 ns, At safepoint: 17357862 ns, Total: 17578540 ns
[2020-09-11T17:51:37.968+0000][1][safepoint    ] Safepoint "Cleanup", Time since last: 1001517774 ns, Reaching safepoint: 140076 ns, At safepoint: 7787 ns, Total: 147863 ns
[2020-09-11T17:51:39.220+0000][1][safepoint    ] Safepoint "RevokeBias", Time since last: 1251131253 ns, Reaching safepoint: 248859 ns, At safepoint: 226819 ns, Total: 475678 ns
[2020-09-11T17:51:39.293+0000][1][safepoint    ] Safepoint "RevokeBias", Time since last: 73469160 ns, Reaching safepoint: 93774 ns, At safepoint: 22253 ns, Total: 116027 ns
[2020-09-11T17:51:44.226+0000][1][safepoint    ] Safepoint "RevokeBias", Time since last: 4932906306 ns, Reaching safepoint: 88308 ns, At safepoint: 21602 ns, Total: 109910 ns
[2020-09-11T17:51:44.303+0000][1][safepoint    ] Safepoint "RevokeBias", Time since last: 76072022 ns, Reaching safepoint: 280256 ns, At safepoint: 52443 ns, Total: 332699 ns
[2020-09-11T17:51:49.233+0000][1][safepoint    ] Safepoint "RevokeBias", Time since last: 4930470461 ns, Reaching safepoint: 94231 ns, At safepoint: 22869 ns, Total: 117100 ns
[2020-09-11T17:51:49.315+0000][1][safepoint    ] Safepoint "RevokeBias", Time since last: 81391384 ns, Reaching safepoint: 420918 ns, At safepoint: 52561 ns, Total: 473479 ns
[2020-09-11T17:51:50.316+0000][1][safepoint    ] Safepoint "Cleanup", Time since last: 1000203854 ns, Reaching safepoint: 132159 ns, At safepoint: 8907 ns, Total: 141066 ns
[2020-09-11T17:51:52.316+0000][1][safepoint    ] Safepoint "Cleanup", Time since last: 2000284991 ns, Reaching safepoint: 121832 ns, At safepoint: 8557 ns, Total: 130389 ns
[2020-09-11T17:51:54.241+0000][1][safepoint    ] Safepoint "RevokeBias", Time since last: 1924584513 ns, Reaching safepoint: 154257 ns, At safepoint: 23469 ns, Total: 177726 ns
[2020-09-11T17:51:54.325+0000][1][safepoint    ] Safepoint "RevokeBias", Time since last: 83848681 ns, Reaching safepoint: 266681 ns, At safepoint: 234107 ns, Total: 500788 ns
[2020-09-11T17:51:55.326+0000][1][safepoint    ] Safepoint "Cleanup", Time since last: 1000214915 ns, Reaching safepoint: 109520 ns, At safepoint: 8090 ns, Total: 117610 ns
[2020-09-11T17:51:55.402+0000][1][gc,start     ] GC(247) Pause Young (Allocation Failure)
[2020-09-11T17:51:55.402+0000][1][gc,task      ] GC(247) Using 1 workers of 1 for evacuation
[2020-09-11T17:51:55.416+0000][1][gc,age       ] GC(247) Desired survivor size 4358144 bytes, new threshold 6 (max threshold 6)
[2020-09-11T17:51:55.416+0000][1][gc,age       ] GC(247) Age table with threshold 6 (max threshold 6)
[2020-09-11T17:51:55.416+0000][1][gc,age       ] GC(247) - age   1:     299288 bytes,     299288 total
[2020-09-11T17:51:55.416+0000][1][gc,age       ] GC(247) - age   2:      12264 bytes,     311552 total
[2020-09-11T17:51:55.416+0000][1][gc,age       ] GC(247) - age   3:    2148840 bytes,    2460392 total
[2020-09-11T17:51:55.416+0000][1][gc,age       ] GC(247) - age   4:      41056 bytes,    2501448 total
[2020-09-11T17:51:55.416+0000][1][gc,age       ] GC(247) - age   5:      74440 bytes,    2575888 total
[2020-09-11T17:51:55.416+0000][1][gc,age       ] GC(247) - age   6:      23984 bytes,    2599872 total
[2020-09-11T17:51:55.416+0000][1][gc,heap      ] GC(247) ParNew: 72247K->4711K(76672K)
[2020-09-11T17:51:55.416+0000][1][gc,heap      ] GC(247) CMS: 159188K->159212K(2011968K)
[2020-09-11T17:51:55.416+0000][1][gc,metaspace ] GC(247) Metaspace: 98038K->98038K(1140736K)
[2020-09-11T17:51:55.416+0000][1][gc           ] GC(247) Pause Young (Allocation Failure) 226M->160M(2039M) 14.600ms
[2020-09-11T17:51:55.416+0000][1][gc,cpu       ] GC(247) User=0.02s Sys=0.00s Real=0.01s
[2020-09-11T17:51:55.420+0000][1][safepoint    ] Safepoint "GenCollectForAllocation", Time since last: 76029541 ns, Reaching safepoint: 245600 ns, At safepoint: 18142300 ns, Total: 18387900 ns
[2020-09-11T17:51:56.422+0000][1][safepoint    ] Safepoint "Cleanup", Time since last: 1002087489 ns, Reaching safepoint: 165135 ns, At safepoint: 47375 ns, Total: 212510 ns
[2020-09-11T17:51:57.423+0000][1][safepoint    ] Safepoint "Cleanup", Time since last: 1000183199 ns, Reaching safepoint: 160100 ns, At safepoint: 16896 ns, Total: 176996 ns
[2020-09-11T17:51:58.423+0000][1][safepoint    ] Safepoint "Cleanup", Time since last: 1000189589 ns, Reaching safepoint: 127512 ns, At safepoint: 7408 ns, Total: 134920 ns
[2020-09-11T17:51:59.250+0000][1][safepoint    ] Safepoint "RevokeBias", Time since last: 826791357 ns, Reaching safepoint: 96423 ns, At safepoint: 23506 ns, Total: 119929 ns
[2020-09-11T17:51:59.333+0000][1][safepoint    ] Safepoint "RevokeBias", Time since last: 82556673 ns, Reaching safepoint: 248251 ns, At safepoint: 265057 ns, Total: 513308 ns
[2020-09-11T17:52:00.334+0000][1][safepoint    ] Safepoint "Cleanup", Time since last: 1000371562 ns, Reaching safepoint: 171152 ns, At safepoint: 18813 ns, Total: 189965 ns
[2020-09-11T17:52:01.334+0000][1][safepoint    ] Safepoint "Cleanup", Time since last: 1000208137 ns, Reaching safepoint: 95368 ns, At safepoint: 7318 ns, Total: 102686 ns
[2020-09-11T17:52:02.334+0000][1][safepoint    ] Safepoint "Cleanup", Time since last: 1000179074 ns, Reaching safepoint: 105953 ns, At safepoint: 8062 ns, Total: 114015 ns
[2020-09-11T17:52:03.334+0000][1][safepoint    ] Safepoint "Cleanup", Time since last: 1000173159 ns, Reaching safepoint: 117015 ns, At safepoint: 7945 ns, Total: 124960 ns
[2020-09-11T17:52:04.257+0000][1][safepoint    ] Safepoint "RevokeBias", Time since last: 922535953 ns, Reaching safepoint: 93438 ns, At safepoint: 23729 ns, Total: 117167 ns
[2020-09-11T17:52:04.340+0000][1][safepoint    ] Safepoint "RevokeBias", Time since last: 82910781 ns, Reaching safepoint: 255304 ns, At safepoint: 239193 ns, Total: 494497 ns
[2020-09-11T17:52:05.341+0000][1][safepoint    ] Safepoint "Cleanup", Time since last: 1000154922 ns, Reaching safepoint: 149191 ns, At safepoint: 7328 ns, Total: 156519 ns
[2020-09-11T17:52:06.341+0000][1][safepoint    ] Safepoint "Cleanup", Time since last: 1000176622 ns, Reaching safepoint: 165430 ns, At safepoint: 19244 ns, Total: 184674 ns
[2020-09-11T17:52:07.342+0000][1][safepoint    ] Safepoint "Cleanup", Time since last: 1000430235 ns, Reaching safepoint: 195275 ns, At safepoint: 20326 ns, Total: 215601 ns
[2020-09-11T17:52:08.342+0000][1][safepoint    ] Safepoint "Cleanup", Time since last: 1000182160 ns, Reaching safepoint: 296245 ns, At safepoint: 18546 ns, Total: 314791 ns
[2020-09-11T17:52:09.264+0000][1][safepoint    ] Safepoint "RevokeBias", Time since last: 921467052 ns, Reaching safepoint: 180017 ns, At safepoint: 24303 ns, Total: 204320 ns
[2020-09-11T17:52:09.350+0000][1][safepoint    ] Safepoint "RevokeBias", Time since last: 85394464 ns, Reaching safepoint: 250961 ns, At safepoint: 289663 ns, Total: 540624 ns
[2020-09-11T17:52:10.350+0000][1][safepoint    ] Safepoint "Cleanup", Time since last: 1000179391 ns, Reaching safepoint: 191418 ns, At safepoint: 16745 ns, Total: 208163 ns
[2020-09-11T17:52:11.351+0000][1][safepoint    ] Safepoint "Cleanup", Time since last: 1000229303 ns, Reaching safepoint: 206677 ns, At safepoint: 16535 ns, Total: 223212 ns
[2020-09-11T17:52:12.351+0000][1][safepoint    ] Safepoint "Cleanup", Time since last: 1000218664 ns, Reaching safepoint: 167985 ns, At safepoint: 18596 ns, Total: 186581 ns
[2020-09-11T17:52:13.352+0000][1][safepoint    ] Safepoint "Cleanup", Time since last: 1000238348 ns, Reaching safepoint: 166287 ns, At safepoint: 19472 ns, Total: 185759 ns
[2020-09-11T17:52:14.274+0000][1][safepoint    ] Safepoint "RevokeBias", Time since last: 921795651 ns, Reaching safepoint: 291798 ns, At safepoint: 53329 ns, Total: 345127 ns
[2020-09-11T17:52:14.371+0000][1][safepoint    ] Safepoint "RevokeBias", Time since last: 97138266 ns, Reaching safepoint: 252988 ns, At safepoint: 242172 ns, Total: 495160 ns
[2020-09-11T17:52:15.372+0000][1][safepoint    ] Safepoint "Cleanup", Time since last: 1000141276 ns, Reaching safepoint: 163859 ns, At safepoint: 18573 ns, Total: 182432 ns
[2020-09-11T17:52:16.372+0000][1][safepoint    ] Safepoint "Cleanup", Time since last: 1000190345 ns, Reaching safepoint: 125275 ns, At safepoint: 7135 ns, Total: 132410 ns
[2020-09-11T17:52:17.010+0000][1][gc,start     ] GC(248) Pause Young (Allocation Failure)
[2020-09-11T17:52:17.010+0000][1][gc,task      ] GC(248) Using 1 workers of 1 for evacuation
[2020-09-11T17:52:17.024+0000][1][gc,age       ] GC(248) Desired survivor size 4358144 bytes, new threshold 6 (max threshold 6)
[2020-09-11T17:52:17.024+0000][1][gc,age       ] GC(248) Age table with threshold 6 (max threshold 6)
[2020-09-11T17:52:17.024+0000][1][gc,age       ] GC(248) - age   1:     386288 bytes,     386288 total
[2020-09-11T17:52:17.024+0000][1][gc,age       ] GC(248) - age   2:     210744 bytes,     597032 total
[2020-09-11T17:52:17.024+0000][1][gc,age       ] GC(248) - age   3:       6536 bytes,     603568 total
[2020-09-11T17:52:17.024+0000][1][gc,age       ] GC(248) - age   4:    2148160 bytes,    2751728 total
[2020-09-11T17:52:17.024+0000][1][gc,age       ] GC(248) - age   5:      41024 bytes,    2792752 total
[2020-09-11T17:52:17.024+0000][1][gc,age       ] GC(248) - age   6:      74440 bytes,    2867192 total
[2020-09-11T17:52:17.024+0000][1][gc,heap      ] GC(248) ParNew: 72871K->3081K(76672K)
[2020-09-11T17:52:17.024+0000][1][gc,heap      ] GC(248) CMS: 159212K->159235K(2011968K)
[2020-09-11T17:52:17.024+0000][1][gc,metaspace ] GC(248) Metaspace: 98038K->98038K(1140736K)
[2020-09-11T17:52:17.024+0000][1][gc           ] GC(248) Pause Young (Allocation Failure) 226M->158M(2039M) 14.280ms
[2020-09-11T17:52:17.024+0000][1][gc,cpu       ] GC(248) User=0.02s Sys=0.00s Real=0.02s
[2020-09-11T17:52:17.024+0000][1][safepoint    ] Safepoint "GenCollectForAllocation", Time since last: 637609586 ns, Reaching safepoint: 200825 ns, At safepoint: 14379992 ns, Total: 14580817 ns
[2020-09-11T17:52:17.366+0000][1][safepoint    ] Safepoint "RevokeBias", Time since last: 340157665 ns, Reaching safepoint: 1665356 ns, At safepoint: 22171 ns, Total: 1687527 ns
[2020-09-11T17:52:17.368+0000][1][safepoint    ] Safepoint "RevokeBias", Time since last: 113062 ns, Reaching safepoint: 2161400 ns, At safepoint: 11041 ns, Total: 2172441 ns
[2020-09-11T17:52:17.371+0000][1][safepoint    ] Safepoint "RevokeBias", Time since last: 1126209 ns, Reaching safepoint: 1774105 ns, At safepoint: 12744 ns, Total: 1786849 ns
[2020-09-11T17:52:17.372+0000][1][safepoint    ] Safepoint "RevokeBias", Time since last: 144544 ns, Reaching safepoint: 998596 ns, At safepoint: 10960 ns, Total: 1009556 ns
[2020-09-11T17:52:17.374+0000][1][safepoint    ] Safepoint "RevokeBias", Time since last: 876247 ns, Reaching safepoint: 941381 ns, At safepoint: 9503 ns, Total: 950884 ns
[2020-09-11T17:52:17.380+0000][1][safepoint    ] Safepoint "RevokeBias", Time since last: 597410 ns, Reaching safepoint: 4854186 ns, At safepoint: 13673 ns, Total: 4867859 ns
[2020-09-11T17:52:17.380+0000][1][safepoint    ] Safepoint "RevokeBias", Time since last: 445163 ns, Reaching safepoint: 317582 ns, At safepoint: 6794 ns, Total: 324376 ns
[2020-09-11T17:52:17.381+0000][1][safepoint    ] Safepoint "RevokeBias", Time since last: 214315 ns, Reaching safepoint: 227462 ns, At safepoint: 7465 ns, Total: 234927 ns
[2020-09-11T17:52:17.381+0000][1][safepoint    ] Safepoint "RevokeBias", Time since last: 122979 ns, Reaching safepoint: 331242 ns, At safepoint: 23992 ns, Total: 355234 ns
[2020-09-11T17:52:17.406+0000][1][safepoint    ] Safepoint "RevokeBias", Time since last: 23272485 ns, Reaching safepoint: 1344420 ns, At safepoint: 10710 ns, Total: 1355130 ns
[2020-09-11T17:52:17.421+0000][1][safepoint    ] Safepoint "RevokeBias", Time since last: 11485008 ns, Reaching safepoint: 3378453 ns, At safepoint: 21538 ns, Total: 3399991 ns
[2020-09-11T17:52:17.422+0000][1][safepoint    ] Safepoint "RevokeBias", Time since last: 827159 ns, Reaching safepoint: 107121 ns, At safepoint: 7074 ns, Total: 114195 ns
[2020-09-11T17:52:17.422+0000][1][safepoint    ] Safepoint "RevokeBias", Time since last: 51796 ns, Reaching safepoint: 116337 ns, At safepoint: 7889 ns, Total: 124226 ns
[2020-09-11T17:52:17.422+0000][1][safepoint    ] Safepoint "RevokeBias", Time since last: 56534 ns, Reaching safepoint: 99417 ns, At safepoint: 7103 ns, Total: 106520 ns
[2020-09-11T17:52:17.422+0000][1][safepoint    ] Safepoint "RevokeBias", Time since last: 83194 ns, Reaching safepoint: 98707 ns, At safepoint: 7135 ns, Total: 105842 ns
[2020-09-11T17:52:17.422+0000][1][safepoint    ] Safepoint "RevokeBias", Time since last: 50467 ns, Reaching safepoint: 100913 ns, At safepoint: 7167 ns, Total: 108080 ns
[2020-09-11T17:52:17.423+0000][1][safepoint    ] Safepoint "RevokeBias", Time since last: 174224 ns, Reaching safepoint: 101400 ns, At safepoint: 7548 ns, Total: 108948 ns
[2020-09-11T17:52:17.424+0000][1][safepoint    ] Safepoint "RevokeBias", Time since last: 1070329 ns, Reaching safepoint: 580653 ns, At safepoint: 7235 ns, Total: 587888 ns
[2020-09-11T17:52:17.571+0000][1][safepoint    ] Safepoint "RevokeBias", Time since last: 145995944 ns, Reaching safepoint: 156450 ns, At safepoint: 21666 ns, Total: 178116 ns
[2020-09-11T17:52:17.590+0000][1][safepoint    ] Safepoint "RevokeBias", Time since last: 19254009 ns, Reaching safepoint: 202429 ns, At safepoint: 22194 ns, Total: 224623 ns
[2020-09-11T17:52:17.597+0000][1][safepoint    ] Safepoint "RevokeBias", Time since last: 6700636 ns, Reaching safepoint: 167290 ns, At safepoint: 25538 ns, Total: 192828 ns
[2020-09-11T17:52:17.605+0000][1][safepoint    ] Safepoint "RevokeBias", Time since last: 7901151 ns, Reaching safepoint: 158461 ns, At safepoint: 18981 ns, Total: 177442 ns
[2020-09-11T17:52:17.605+0000][1][safepoint    ] Safepoint "RevokeBias", Time since last: 263710 ns, Reaching safepoint: 104077 ns, At safepoint: 17509 ns, Total: 121586 ns
[2020-09-11T17:52:17.606+0000][1][safepoint    ] Safepoint "RevokeBias", Time since last: 563439 ns, Reaching safepoint: 105175 ns, At safepoint: 16268 ns, Total: 121443 ns
[2020-09-11T17:52:17.610+0000][1][safepoint    ] Safepoint "RevokeBias", Time since last: 2496426 ns, Reaching safepoint: 1813840 ns, At safepoint: 25414 ns, Total: 1839254 ns
[2020-09-11T17:52:17.611+0000][1][safepoint    ] Safepoint "RevokeBias", Time since last: 448453 ns, Reaching safepoint: 120296 ns, At safepoint: 16498 ns, Total: 136794 ns
[2020-09-11T17:52:17.755+0000][1][safepoint    ] Safepoint "RevokeBias", Time since last: 144170660 ns, Reaching safepoint: 92882 ns, At safepoint: 19935 ns, Total: 112817 ns
[2020-09-11T17:52:17.825+0000][1][safepoint    ] Safepoint "RevokeBias", Time since last: 69803402 ns, Reaching safepoint: 151676 ns, At safepoint: 21564 ns, Total: 173240 ns
[2020-09-11T17:52:17.884+0000][1][safepoint    ] Safepoint "RevokeBias", Time since last: 57537733 ns, Reaching safepoint: 650541 ns, At safepoint: 11823 ns, Total: 662364 ns
[2020-09-11T17:52:17.889+0000][1][safepoint    ] Safepoint "RevokeBias", Time since last: 5520398 ns, Reaching safepoint: 162453 ns, At safepoint: 11994 ns, Total: 174447 ns
[2020-09-11T17:52:17.889+0000][1][safepoint    ] Safepoint "RevokeBias", Time since last: 64986 ns, Reaching safepoint: 103154 ns, At safepoint: 8693 ns, Total: 111847 ns
[2020-09-11T17:52:17.890+0000][1][safepoint    ] Safepoint "RevokeBias", Time since last: 320198 ns, Reaching safepoint: 104853 ns, At safepoint: 8324 ns, Total: 113177 ns
[2020-09-11T17:52:17.897+0000][1][safepoint    ] Safepoint "RevokeBias", Time since last: 4050092 ns, Reaching safepoint: 3385651 ns, At safepoint: 15382 ns, Total: 3401033 ns
[2020-09-11T17:52:17.898+0000][1][safepoint    ] Safepoint "RevokeBias", Time since last: 437462 ns, Reaching safepoint: 104235 ns, At safepoint: 7823 ns, Total: 112058 ns
[2020-09-11T17:52:17.902+0000][1][safepoint    ] Safepoint "RevokeBias", Time since last: 4240899 ns, Reaching safepoint: 354091 ns, At safepoint: 9949 ns, Total: 364040 ns
[2020-09-11T17:52:17.903+0000][1][safepoint    ] Safepoint "RevokeBias", Time since last: 65007 ns, Reaching safepoint: 100053 ns, At safepoint: 7456 ns, Total: 107509 ns
[2020-09-11T17:52:17.903+0000][1][safepoint    ] Safepoint "RevokeBias", Time since last: 38625 ns, Reaching safepoint: 100629 ns, At safepoint: 7344 ns, Total: 107973 ns
[2020-09-11T17:52:17.904+0000][1][safepoint    ] Safepoint "RevokeBias", Time since last: 682956 ns, Reaching safepoint: 150771 ns, At safepoint: 7911 ns, Total: 158682 ns
[2020-09-11T17:52:17.904+0000][1][safepoint    ] Safepoint "RevokeBias", Time since last: 60820 ns, Reaching safepoint: 100409 ns, At safepoint: 7569 ns, Total: 107978 ns
[2020-09-11T17:52:17.904+0000][1][safepoint    ] Safepoint "RevokeBias", Time since last: 73209 ns, Reaching safepoint: 100469 ns, At safepoint: 7381 ns, Total: 107850 ns
[2020-09-11T17:52:17.926+0000][1][safepoint    ] Safepoint "BulkRevokeBias", Time since last: 21020325 ns, Reaching safepoint: 479699 ns, At safepoint: 323753 ns, Total: 803452 ns
[2020-09-11T17:52:17.980+0000][1][safepoint    ] Safepoint "RevokeBias", Time since last: 53892475 ns, Reaching safepoint: 183369 ns, At safepoint: 51865 ns, Total: 235234 ns
[2020-09-11T17:52:17.992+0000][1][safepoint    ] Safepoint "RevokeBias", Time since last: 11654347 ns, Reaching safepoint: 437740 ns, At safepoint: 14054 ns, Total: 451794 ns
[2020-09-11T17:52:18.060+0000][1][safepoint    ] Safepoint "RevokeBias", Time since last: 57311296 ns, Reaching safepoint: 10881969 ns, At safepoint: 40564 ns, Total: 10922533 ns
[2020-09-11T17:52:18.063+0000][1][safepoint    ] Safepoint "RevokeBias", Time since last: 2467499 ns, Reaching safepoint: 166441 ns, At safepoint: 25001 ns, Total: 191442 ns
[2020-09-11T17:52:18.116+0000][1][safepoint    ] Safepoint "RevokeBias", Time since last: 45341094 ns, Reaching safepoint: 7870482 ns, At safepoint: 27626 ns, Total: 7898108 ns
[2020-09-11T17:52:18.207+0000][1][safepoint    ] Safepoint "RevokeBias", Time since last: 91001471 ns, Reaching safepoint: 175010 ns, At safepoint: 21455 ns, Total: 196465 ns
[2020-09-11T17:52:18.222+0000][1][safepoint    ] Safepoint "BulkRevokeBias", Time since last: 14099973 ns, Reaching safepoint: 161721 ns, At safepoint: 238125 ns, Total: 399846 ns
[2020-09-11T17:52:18.357+0000][1][safepoint    ] Safepoint "RevokeBias", Time since last: 125080499 ns, Reaching safepoint: 9958893 ns, At safepoint: 80829 ns, Total: 10039722 ns
[2020-09-11T17:52:18.368+0000][1][safepoint    ] Safepoint "RevokeBias", Time since last: 7347168 ns, Reaching safepoint: 551095 ns, At safepoint: 3392684 ns, Total: 3943779 ns
[2020-09-11T17:52:18.397+0000][1][safepoint    ] Safepoint "RevokeBias", Time since last: 23552609 ns, Reaching safepoint: 5064019 ns, At safepoint: 40768 ns, Total: 5104787 ns
[2020-09-11T17:52:18.409+0000][1][safepoint    ] Safepoint "RevokeBias", Time since last: 9890291 ns, Reaching safepoint: 2074076 ns, At safepoint: 66656 ns, Total: 2140732 ns
[2020-09-11T17:52:18.423+0000][1][safepoint    ] Safepoint "RevokeBias", Time since last: 8463181 ns, Reaching safepoint: 5436945 ns, At safepoint: 68405 ns, Total: 5505350 ns
[2020-09-11T17:52:18.423+0000][1][safepoint    ] Safepoint "RevokeBias", Time since last: 181492 ns, Reaching safepoint: 180754 ns, At safepoint: 11416 ns, Total: 192170 ns
[2020-09-11T17:52:18.424+0000][1][safepoint    ] Safepoint "RevokeBias", Time since last: 197638 ns, Reaching safepoint: 634421 ns, At safepoint: 50033 ns, Total: 684454 ns
[2020-09-11T17:52:18.433+0000][1][safepoint    ] Safepoint "RevokeBias", Time since last: 8261286 ns, Reaching safepoint: 422625 ns, At safepoint: 31054 ns, Total: 453679 ns
[2020-09-11T17:52:18.435+0000][1][safepoint    ] Safepoint "RevokeBias", Time since last: 744164 ns, Reaching safepoint: 832272 ns, At safepoint: 112082 ns, Total: 944354 ns
[2020-09-11T17:52:18.437+0000][1][safepoint    ] Safepoint "RevokeBias", Time since last: 26612 ns, Reaching safepoint: 2214204 ns, At safepoint: 27224 ns, Total: 2241428 ns
[2020-09-11T17:52:18.443+0000][1][safepoint    ] Safepoint "RevokeBias", Time since last: 5670082 ns, Reaching safepoint: 152374 ns, At safepoint: 119047 ns, Total: 271421 ns
[2020-09-11T17:52:18.524+0000][1][safepoint    ] Safepoint "RevokeBias", Time since last: 62676948 ns, Reaching safepoint: 18657273 ns, At safepoint: 35315 ns, Total: 18692588 ns
[2020-09-11T17:52:18.752+0000][1][safepoint    ] Safepoint "RevokeBias", Time since last: 227673941 ns, Reaching safepoint: 90234 ns, At safepoint: 420960 ns, Total: 511194 ns
[2020-09-11T17:52:18.765+0000][1][safepoint    ] Safepoint "RevokeBias", Time since last: 12813774 ns, Reaching safepoint: 149325 ns, At safepoint: 33903 ns, Total: 183228 ns
[2020-09-11T17:52:18.769+0000][1][safepoint    ] Safepoint "RevokeBias", Time since last: 3650921 ns, Reaching safepoint: 152301 ns, At safepoint: 27852 ns, Total: 180153 ns
[2020-09-11T17:52:18.770+0000][1][safepoint    ] Safepoint "RevokeBias", Time since last: 1296895 ns, Reaching safepoint: 44363 ns, At safepoint: 13659 ns, Total: 58022 ns
[2020-09-11T17:52:18.771+0000][1][safepoint    ] Safepoint "RevokeBias", Time since last: 467158 ns, Reaching safepoint: 35462 ns, At safepoint: 23988 ns, Total: 59450 ns
[2020-09-11T17:52:18.775+0000][1][safepoint    ] Safepoint "RevokeBias", Time since last: 3698877 ns, Reaching safepoint: 69822 ns, At safepoint: 26550 ns, Total: 96372 ns
[2020-09-11T17:52:18.775+0000][1][safepoint    ] Safepoint "RevokeBias", Time since last: 116634 ns, Reaching safepoint: 30803 ns, At safepoint: 13908 ns, Total: 44711 ns
[2020-09-11T17:52:18.782+0000][1][safepoint    ] Safepoint "RevokeBias", Time since last: 6537224 ns, Reaching safepoint: 148649 ns, At safepoint: 24189 ns, Total: 172838 ns
[2020-09-11T17:52:18.789+0000][1][safepoint    ] Safepoint "RevokeBias", Time since last: 7090956 ns, Reaching safepoint: 156475 ns, At safepoint: 13711 ns, Total: 170186 ns
[2020-09-11T17:52:18.869+0000][1][safepoint    ] Safepoint "RevokeBias", Time since last: 66849313 ns, Reaching safepoint: 13140259 ns, At safepoint: 42297 ns, Total: 13182556 ns
[2020-09-11T17:52:19.029+0000][1][safepoint    ] Safepoint "RevokeBias", Time since last: 159346483 ns, Reaching safepoint: 152932 ns, At safepoint: 27823 ns, Total: 180755 ns
[2020-09-11T17:52:19.039+0000][1][safepoint    ] Safepoint "RevokeBias", Time since last: 10121239 ns, Reaching safepoint: 613506 ns, At safepoint: 31521 ns, Total: 645027 ns
[2020-09-11T17:52:19.046+0000][1][safepoint    ] Safepoint "RevokeBias", Time since last: 1078143 ns, Reaching safepoint: 5920754 ns, At safepoint: 32754 ns, Total: 5953508 ns
[2020-09-11T17:52:19.048+0000][1][safepoint    ] Safepoint "RevokeBias", Time since last: 254549 ns, Reaching safepoint: 1126610 ns, At safepoint: 24138 ns, Total: 1150748 ns
[2020-09-11T17:52:19.048+0000][1][safepoint    ] Safepoint "RevokeBias", Time since last: 111193 ns, Reaching safepoint: 329795 ns, At safepoint: 18365 ns, Total: 348160 ns
[2020-09-11T17:52:19.049+0000][1][safepoint    ] Safepoint "RevokeBias", Time since last: 76044 ns, Reaching safepoint: 547675 ns, At safepoint: 20383 ns, Total: 568058 ns
[2020-09-11T17:52:19.649+0000][1][safepoint    ] Safepoint "RevokeBias", Time since last: 600228916 ns, Reaching safepoint: 164894 ns, At safepoint: 19958 ns, Total: 184852 ns
[2020-09-11T17:52:19.730+0000][1][safepoint    ] Safepoint "RevokeBias", Time since last: 79753254 ns, Reaching safepoint: 755772 ns, At safepoint: 21976 ns, Total: 777748 ns
[2020-09-11T17:52:19.730+0000][1][safepoint    ] Safepoint "RevokeBias", Time since last: 134081 ns, Reaching safepoint: 117705 ns, At safepoint: 25354 ns, Total: 143059 ns
[2020-09-11T17:52:19.732+0000][1][safepoint    ] Safepoint "RevokeBias", Time since last: 1624559 ns, Reaching safepoint: 132883 ns, At safepoint: 18045 ns, Total: 150928 ns
[2020-09-11T17:52:19.774+0000][1][safepoint    ] Safepoint "RevokeBias", Time since last: 33272822 ns, Reaching safepoint: 8847115 ns, At safepoint: 26063 ns, Total: 8873178 ns
[2020-09-11T17:52:19.774+0000][1][safepoint    ] Safepoint "RevokeBias", Time since last: 101417 ns, Reaching safepoint: 102399 ns, At safepoint: 12554 ns, Total: 114953 ns
[2020-09-11T17:52:19.781+0000][1][safepoint    ] Safepoint "RevokeBias", Time since last: 6785669 ns, Reaching safepoint: 149378 ns, At safepoint: 19609 ns, Total: 168987 ns
[2020-09-11T17:52:19.781+0000][1][safepoint    ] Safepoint "RevokeBias", Time since last: 63941 ns, Reaching safepoint: 99255 ns, At safepoint: 12185 ns, Total: 111440 ns
[2020-09-11T17:52:19.785+0000][1][safepoint    ] Safepoint "RevokeBias", Time since last: 3601393 ns, Reaching safepoint: 124347 ns, At safepoint: 15111 ns, Total: 139458 ns
[2020-09-11T17:52:19.785+0000][1][safepoint    ] Safepoint "RevokeBias", Time since last: 40834 ns, Reaching safepoint: 98600 ns, At safepoint: 12115 ns, Total: 110715 ns
[2020-09-11T17:52:19.785+0000][1][safepoint    ] Safepoint "RevokeBias", Time since last: 116941 ns, Reaching safepoint: 99975 ns, At safepoint: 11706 ns, Total: 111681 ns
[2020-09-11T17:52:19.786+0000][1][safepoint    ] Safepoint "RevokeBias", Time since last: 176197 ns, Reaching safepoint: 99808 ns, At safepoint: 11504 ns, Total: 111312 ns
[2020-09-11T17:52:19.786+0000][1][safepoint    ] Safepoint "RevokeBias", Time since last: 30846 ns, Reaching safepoint: 97369 ns, At safepoint: 10679 ns, Total: 108048 ns
[2020-09-11T17:52:19.789+0000][1][safepoint    ] Safepoint "BulkRevokeBias", Time since last: 3002422 ns, Reaching safepoint: 229733 ns, At safepoint: 226170 ns, Total: 455903 ns
[2020-09-11T17:52:19.795+0000][1][safepoint    ] Safepoint "RevokeBias", Time since last: 5353058 ns, Reaching safepoint: 144211 ns, At safepoint: 18421 ns, Total: 162632 ns
[2020-09-11T17:52:19.795+0000][1][safepoint    ] Safepoint "RevokeBias", Time since last: 187567 ns, Reaching safepoint: 104432 ns, At safepoint: 12582 ns, Total: 117014 ns
[2020-09-11T17:52:19.861+0000][1][gc,start     ] GC(249) Pause Young (Allocation Failure)
[2020-09-11T17:52:19.861+0000][1][gc,task      ] GC(249) Using 1 workers of 1 for evacuation
[2020-09-11T17:52:19.982+0000][1][gc,age       ] GC(249) Desired survivor size 4358144 bytes, new threshold 5 (max threshold 6)
[2020-09-11T17:52:19.982+0000][1][gc,age       ] GC(249) Age table with threshold 5 (max threshold 6)
[2020-09-11T17:52:19.982+0000][1][gc,age       ] GC(249) - age   1:    1749040 bytes,    1749040 total
[2020-09-11T17:52:19.982+0000][1][gc,age       ] GC(249) - age   2:     319440 bytes,    2068480 total
[2020-09-11T17:52:19.982+0000][1][gc,age       ] GC(249) - age   3:     209376 bytes,    2277856 total
[2020-09-11T17:52:19.982+0000][1][gc,age       ] GC(249) - age   4:       6432 bytes,    2284288 total
[2020-09-11T17:52:19.982+0000][1][gc,age       ] GC(249) - age   5:    2148128 bytes,    4432416 total
[2020-09-11T17:52:19.982+0000][1][gc,age       ] GC(249) - age   6:      41024 bytes,    4473440 total
[2020-09-11T17:52:19.982+0000][1][gc,heap      ] GC(249) ParNew: 71241K->4970K(76672K)
[2020-09-11T17:52:19.982+0000][1][gc,heap      ] GC(249) CMS: 159235K->159308K(2011968K)
[2020-09-11T17:52:19.982+0000][1][gc,metaspace ] GC(249) Metaspace: 98197K->98197K(1140736K)
[2020-09-11T17:52:19.982+0000][1][gc           ] GC(249) Pause Young (Allocation Failure) 225M->160M(2039M) 121.330ms
[2020-09-11T17:52:19.982+0000][1][gc,cpu       ] GC(249) User=0.03s Sys=0.00s Real=0.12s
[2020-09-11T17:52:20.009+0000][1][safepoint    ] Safepoint "GenCollectForAllocation", Time since last: 65705408 ns, Reaching safepoint: 148430 ns, At safepoint: 147724444 ns, Total: 147872874 ns
[2020-09-11T17:52:21.234+0000][1][safepoint    ] Safepoint "Cleanup", Time since last: 1224136414 ns, Reaching safepoint: 669473 ns, At safepoint: 7813 ns, Total: 677286 ns
[2020-09-11T17:52:22.399+0000][1][safepoint    ] Safepoint "RevokeBias", Time since last: 1164919139 ns, Reaching safepoint: 155580 ns, At safepoint: 18478 ns, Total: 174058 ns
[2020-09-11T17:52:22.409+0000][1][safepoint    ] Safepoint "RevokeBias", Time since last: 10244663 ns, Reaching safepoint: 157578 ns, At safepoint: 23652 ns, Total: 181230 ns
[2020-09-11T17:52:22.409+0000][1][safepoint    ] Safepoint "RevokeBias", Time since last: 66384 ns, Reaching safepoint: 29169 ns, At safepoint: 10724 ns, Total: 39893 ns
[2020-09-11T17:52:22.410+0000][1][safepoint    ] Safepoint "RevokeBias", Time since last: 603017 ns, Reaching safepoint: 107141 ns, At safepoint: 12957 ns, Total: 120098 ns
[2020-09-11T17:52:22.410+0000][1][safepoint    ] Safepoint "RevokeBias", Time since last: 48941 ns, Reaching safepoint: 100830 ns, At safepoint: 11588 ns, Total: 112418 ns
[2020-09-11T17:52:22.617+0000][1][safepoint    ] Safepoint "RevokeBias", Time since last: 206755011 ns, Reaching safepoint: 163321 ns, At safepoint: 27480 ns, Total: 190801 ns
[2020-09-11T17:52:23.620+0000][1][safepoint    ] Safepoint "Cleanup", Time since last: 1002809948 ns, Reaching safepoint: 99318 ns, At safepoint: 7263 ns, Total: 106581 ns
[2020-09-11T17:52:26.675+0000][1][safepoint    ] Safepoint "RevokeBias", Time since last: 3054548125 ns, Reaching safepoint: 174645 ns, At safepoint: 24214 ns, Total: 198859 ns
[2020-09-11T17:52:26.689+0000][1][safepoint    ] Safepoint "RevokeBias", Time since last: 14565509 ns, Reaching safepoint: 152414 ns, At safepoint: 31122 ns, Total: 183536 ns
[2020-09-11T17:52:26.721+0000][1][safepoint    ] Safepoint "RevokeBias", Time since last: 31397296 ns, Reaching safepoint: 157282 ns, At safepoint: 22789 ns, Total: 180071 ns
[2020-09-11T17:52:27.162+0000][1][safepoint    ] Safepoint "RevokeBias", Time since last: 441244723 ns, Reaching safepoint: 158991 ns, At safepoint: 11719 ns, Total: 170710 ns
[2020-09-11T17:52:27.165+0000][1][safepoint    ] Safepoint "RevokeBias", Time since last: 2619320 ns, Reaching safepoint: 112277 ns, At safepoint: 17705 ns, Total: 129982 ns
[2020-09-11T17:52:27.165+0000][1][safepoint    ] Safepoint "RevokeBias", Time since last: 171737 ns, Reaching safepoint: 103902 ns, At safepoint: 13130 ns, Total: 117032 ns
[2020-09-11T17:52:27.169+0000][1][safepoint    ] Safepoint "RevokeBias", Time since last: 1838808 ns, Reaching safepoint: 1576394 ns, At safepoint: 24509 ns, Total: 1600903 ns
[2020-09-11T17:52:27.177+0000][1][safepoint    ] Safepoint "RevokeBias", Time since last: 8307342 ns, Reaching safepoint: 153031 ns, At safepoint: 77863 ns, Total: 230894 ns
[2020-09-11T17:52:27.181+0000][1][safepoint    ] Safepoint "RevokeBias", Time since last: 2340202 ns, Reaching safepoint: 1077998 ns, At safepoint: 10064 ns, Total: 1088062 ns
[2020-09-11T17:52:27.182+0000][1][safepoint    ] Safepoint "RevokeBias", Time since last: 470778 ns, Reaching safepoint: 426255 ns, At safepoint: 6239 ns, Total: 432494 ns
[2020-09-11T17:52:27.191+0000][1][safepoint    ] Safepoint "RevokeBias", Time since last: 9288643 ns, Reaching safepoint: 149991 ns, At safepoint: 9623 ns, Total: 159614 ns
[2020-09-11T17:52:27.202+0000][1][safepoint    ] Safepoint "RevokeBias", Time since last: 10675402 ns, Reaching safepoint: 555798 ns, At safepoint: 7650 ns, Total: 563448 ns
[2020-09-11T17:52:27.209+0000][1][safepoint    ] Safepoint "RevokeBias", Time since last: 6143214 ns, Reaching safepoint: 103363 ns, At safepoint: 17108 ns, Total: 120471 ns
[2020-09-11T17:52:27.230+0000][1][gc,heap,exit ] Heap
[2020-09-11T17:52:27.230+0000][1][gc,heap,exit ]  par new generation   total 76672K, used 66675K [0x0000000080000000, 0x0000000085330000, 0x0000000085330000)
[2020-09-11T17:52:27.230+0000][1][gc,heap,exit ]   eden space 68160K,  90% used [0x0000000080000000, 0x0000000083c425f0, 0x0000000084290000)
[2020-09-11T17:52:27.230+0000][1][gc,heap,exit ]   from space 8512K,  58% used [0x0000000084ae0000, 0x0000000084fba9f0, 0x0000000085330000)
[2020-09-11T17:52:27.230+0000][1][gc,heap,exit ]   to   space 8512K,   0% used [0x0000000084290000, 0x0000000084290000, 0x0000000084ae0000)
[2020-09-11T17:52:27.230+0000][1][gc,heap,exit ]  concurrent mark-sweep generation total 2011968K, used 159308K [0x0000000085330000, 0x0000000100000000, 0x0000000100000000)
[2020-09-11T17:52:27.230+0000][1][gc,heap,exit ]  Metaspace       used 98306K, capacity 105553K, committed 105780K, reserved 1140736K
[2020-09-11T17:52:27.230+0000][1][gc,heap,exit ]   class space    used 12310K, capacity 15322K, committed 15408K, reserved 1048576K
