[2020-09-11T12:34:55.545+0000][1][gc] Using Concurrent Mark Sweep
[2020-09-11T12:34:55.545+0000][1][gc,heap,coops] Heap address: 0x0000000080000000, size: 2048 MB, Compressed Oops mode: 32-bit
[2020-09-11T12:34:55.798+0000][1][safepoint    ] Safepoint "EnableBiasedLocking", Time since last: 225513472 ns, Reaching safepoint: 826508 ns, At safepoint: 37795 ns, Total: 864303 ns
[2020-09-11T12:34:55.819+0000][1][safepoint    ] Safepoint "RevokeBias", Time since last: 15468109 ns, Reaching safepoint: 5384041 ns, At safepoint: 44445 ns, Total: 5428486 ns
[2020-09-11T12:34:55.871+0000][1][safepoint    ] Safepoint "Deoptimize", Time since last: 50267749 ns, Reaching safepoint: 2562429 ns, At safepoint: 23813 ns, Total: 2586242 ns
[2020-09-11T12:34:56.498+0000][1][safepoint    ] Safepoint "RevokeBias", Time since last: 620288796 ns, Reaching safepoint: 5874270 ns, At safepoint: 45083 ns, Total: 5919353 ns
[2020-09-11T12:34:56.539+0000][1][safepoint    ] Safepoint "RevokeBias", Time since last: 37230621 ns, Reaching safepoint: 4486107 ns, At safepoint: 60526 ns, Total: 4546633 ns
[2020-09-11T12:34:56.555+0000][1][safepoint    ] Safepoint "Deoptimize", Time since last: 14150304 ns, Reaching safepoint: 1840087 ns, At safepoint: 30348 ns, Total: 1870435 ns
[2020-09-11T12:34:56.559+0000][1][safepoint    ] Safepoint "Deoptimize", Time since last: 960412 ns, Reaching safepoint: 2534791 ns, At safepoint: 32887 ns, Total: 2567678 ns
[2020-09-11T12:34:56.795+0000][1][safepoint    ] Safepoint "Deoptimize", Time since last: 233728286 ns, Reaching safepoint: 2716467 ns, At safepoint: 38202 ns, Total: 2754669 ns
[2020-09-11T12:34:57.806+0000][1][safepoint    ] Safepoint "Cleanup", Time since last: 1007953524 ns, Reaching safepoint: 2916965 ns, At safepoint: 7788 ns, Total: 2924753 ns
[2020-09-11T12:34:58.810+0000][1][safepoint    ] Safepoint "Cleanup", Time since last: 1003170416 ns, Reaching safepoint: 116475 ns, At safepoint: 4228 ns, Total: 120703 ns
[2020-09-11T12:34:59.020+0000][1][safepoint    ] Safepoint "Deoptimize", Time since last: 209790319 ns, Reaching safepoint: 100642 ns, At safepoint: 60225 ns, Total: 160867 ns
[2020-09-11T12:34:59.336+0000][1][safepoint    ] Safepoint "Deoptimize", Time since last: 315853288 ns, Reaching safepoint: 103539 ns, At safepoint: 61477 ns, Total: 165016 ns
[2020-09-11T12:34:59.696+0000][1][safepoint    ] Safepoint "Deoptimize", Time since last: 359723022 ns, Reaching safepoint: 119130 ns, At safepoint: 69749 ns, Total: 188879 ns
[2020-09-11T12:35:00.376+0000][1][safepoint    ] Safepoint "Deoptimize", Time since last: 680812531 ns, Reaching safepoint: 100084 ns, At safepoint: 64200 ns, Total: 164284 ns
[2020-09-11T12:35:01.384+0000][1][safepoint    ] Safepoint "Cleanup", Time since last: 1006920605 ns, Reaching safepoint: 199399 ns, At safepoint: 4982 ns, Total: 204381 ns
[2020-09-11T12:35:01.560+0000][1][safepoint    ] Safepoint "Deoptimize", Time since last: 175815768 ns, Reaching safepoint: 104054 ns, At safepoint: 80422 ns, Total: 184476 ns
[2020-09-11T12:35:02.567+0000][1][safepoint    ] Safepoint "Cleanup", Time since last: 1007802615 ns, Reaching safepoint: 48811 ns, At safepoint: 4200 ns, Total: 53011 ns
[2020-09-11T12:35:03.102+0000][1][safepoint    ] Safepoint "Deoptimize", Time since last: 532735341 ns, Reaching safepoint: 1897297 ns, At safepoint: 83166 ns, Total: 1980463 ns
[2020-09-11T12:35:04.107+0000][1][safepoint    ] Safepoint "Cleanup", Time since last: 1000113749 ns, Reaching safepoint: 5173320 ns, At safepoint: 8740 ns, Total: 5182060 ns
[2020-09-11T12:35:04.772+0000][1][safepoint    ] Safepoint "Deoptimize", Time since last: 663942146 ns, Reaching safepoint: 105957 ns, At safepoint: 106836 ns, Total: 212793 ns
[2020-09-11T12:35:04.772+0000][1][safepoint    ] Safepoint "Deoptimize", Time since last: 204294 ns, Reaching safepoint: 5735 ns, At safepoint: 39730 ns, Total: 45465 ns
[2020-09-11T12:35:04.992+0000][1][safepoint    ] Safepoint "Deoptimize", Time since last: 215539550 ns, Reaching safepoint: 4025773 ns, At safepoint: 114546 ns, Total: 4140319 ns
[2020-09-11T12:35:05.003+0000][1][safepoint    ] Safepoint "Deoptimize", Time since last: 9930436 ns, Reaching safepoint: 1511228 ns, At safepoint: 109078 ns, Total: 1620306 ns
[2020-09-11T12:35:05.050+0000][1][safepoint    ] Safepoint "RevokeBias", Time since last: 42542104 ns, Reaching safepoint: 4237430 ns, At safepoint: 54514 ns, Total: 4291944 ns
[2020-09-11T12:35:05.063+0000][1][safepoint    ] Safepoint "RevokeBias", Time since last: 11524099 ns, Reaching safepoint: 1956857 ns, At safepoint: 43839 ns, Total: 2000696 ns
[2020-09-11T12:35:05.064+0000][1][safepoint    ] Safepoint "RevokeBias", Time since last: 97940 ns, Reaching safepoint: 82288 ns, At safepoint: 28027 ns, Total: 110315 ns
[2020-09-11T12:35:05.066+0000][1][safepoint    ] Safepoint "RevokeBias", Time since last: 162275 ns, Reaching safepoint: 1940880 ns, At safepoint: 35252 ns, Total: 1976132 ns
[2020-09-11T12:35:06.074+0000][1][safepoint    ] Safepoint "Cleanup", Time since last: 1005594766 ns, Reaching safepoint: 2281978 ns, At safepoint: 6819 ns, Total: 2288797 ns
[2020-09-11T12:35:07.076+0000][1][safepoint    ] Safepoint "Cleanup", Time since last: 1001694457 ns, Reaching safepoint: 134420 ns, At safepoint: 8073 ns, Total: 142493 ns
[2020-09-11T12:35:07.960+0000][1][gc,start     ] GC(0) Pause Young (Allocation Failure)
[2020-09-11T12:35:07.960+0000][1][gc,task      ] GC(0) Using 1 workers of 1 for evacuation
[2020-09-11T12:35:08.051+0000][1][gc,age       ] GC(0) Desired survivor size 4358144 bytes, new threshold 1 (max threshold 6)
[2020-09-11T12:35:08.051+0000][1][gc,age       ] GC(0) Age table with threshold 1 (max threshold 6)
[2020-09-11T12:35:08.051+0000][1][gc,age       ] GC(0) - age   1:    6422600 bytes,    6422600 total
[2020-09-11T12:35:08.051+0000][1][gc,heap      ] GC(0) ParNew: 68160K->6297K(76672K)
[2020-09-11T12:35:08.051+0000][1][gc,heap      ] GC(0) CMS: 0K->0K(2011968K)
[2020-09-11T12:35:08.051+0000][1][gc,metaspace ] GC(0) Metaspace: 13591K->13591K(1060864K)
[2020-09-11T12:35:08.051+0000][1][gc           ] GC(0) Pause Young (Allocation Failure) 66M->6M(2039M) 91.425ms
[2020-09-11T12:35:08.051+0000][1][gc,cpu       ] GC(0) User=0.03s Sys=0.00s Real=0.09s
[2020-09-11T12:35:08.073+0000][1][safepoint    ] Safepoint "GenCollectForAllocation", Time since last: 883976525 ns, Reaching safepoint: 115380 ns, At safepoint: 113794204 ns, Total: 113909584 ns
[2020-09-11T12:35:08.100+0000][1][safepoint    ] Safepoint "RevokeBias", Time since last: 23783569 ns, Reaching safepoint: 2235824 ns, At safepoint: 59349 ns, Total: 2295173 ns
[2020-09-11T12:35:08.103+0000][1][safepoint    ] Safepoint "RevokeBias", Time since last: 114174 ns, Reaching safepoint: 3812260 ns, At safepoint: 47243 ns, Total: 3859503 ns
[2020-09-11T12:35:08.106+0000][1][safepoint    ] Safepoint "RevokeBias", Time since last: 70434 ns, Reaching safepoint: 1715033 ns, At safepoint: 789881 ns, Total: 2504914 ns
[2020-09-11T12:35:08.106+0000][1][safepoint    ] Safepoint "RevokeBias", Time since last: 47845 ns, Reaching safepoint: 86780 ns, At safepoint: 37299 ns, Total: 124079 ns
[2020-09-11T12:35:08.106+0000][1][safepoint    ] Safepoint "RevokeBias", Time since last: 45229 ns, Reaching safepoint: 82226 ns, At safepoint: 27635 ns, Total: 109861 ns
[2020-09-11T12:35:08.107+0000][1][safepoint    ] Safepoint "RevokeBias", Time since last: 25869 ns, Reaching safepoint: 81788 ns, At safepoint: 31573 ns, Total: 113361 ns
[2020-09-11T12:35:08.107+0000][1][safepoint    ] Safepoint "RevokeBias", Time since last: 32099 ns, Reaching safepoint: 81324 ns, At safepoint: 22787 ns, Total: 104111 ns
[2020-09-11T12:35:08.107+0000][1][safepoint    ] Safepoint "RevokeBias", Time since last: 25336 ns, Reaching safepoint: 723545 ns, At safepoint: 22915 ns, Total: 746460 ns
[2020-09-11T12:35:08.108+0000][1][safepoint    ] Safepoint "RevokeBias", Time since last: 35631 ns, Reaching safepoint: 110993 ns, At safepoint: 22864 ns, Total: 133857 ns
[2020-09-11T12:35:08.108+0000][1][safepoint    ] Safepoint "RevokeBias", Time since last: 24224 ns, Reaching safepoint: 466511 ns, At safepoint: 24656 ns, Total: 491167 ns
[2020-09-11T12:35:08.108+0000][1][safepoint    ] Safepoint "RevokeBias", Time since last: 34735 ns, Reaching safepoint: 81087 ns, At safepoint: 25279 ns, Total: 106366 ns
[2020-09-11T12:35:08.108+0000][1][safepoint    ] Safepoint "RevokeBias", Time since last: 34912 ns, Reaching safepoint: 80696 ns, At safepoint: 23911 ns, Total: 104607 ns
[2020-09-11T12:35:08.109+0000][1][safepoint    ] Safepoint "RevokeBias", Time since last: 54709 ns, Reaching safepoint: 81011 ns, At safepoint: 24057 ns, Total: 105068 ns
[2020-09-11T12:35:08.109+0000][1][safepoint    ] Safepoint "RevokeBias", Time since last: 23405 ns, Reaching safepoint: 172256 ns, At safepoint: 24569 ns, Total: 196825 ns
[2020-09-11T12:35:08.109+0000][1][safepoint    ] Safepoint "RevokeBias", Time since last: 42050 ns, Reaching safepoint: 80502 ns, At safepoint: 22191 ns, Total: 102693 ns
[2020-09-11T12:35:08.111+0000][1][safepoint    ] Safepoint "RevokeBias", Time since last: 23697 ns, Reaching safepoint: 2475566 ns, At safepoint: 34437 ns, Total: 2510003 ns
[2020-09-11T12:35:08.112+0000][1][safepoint    ] Safepoint "RevokeBias", Time since last: 190965 ns, Reaching safepoint: 603907 ns, At safepoint: 25731 ns, Total: 629638 ns
[2020-09-11T12:35:08.112+0000][1][safepoint    ] Safepoint "RevokeBias", Time since last: 27460 ns, Reaching safepoint: 79928 ns, At safepoint: 22186 ns, Total: 102114 ns
[2020-09-11T12:35:08.113+0000][1][safepoint    ] Safepoint "RevokeBias", Time since last: 30699 ns, Reaching safepoint: 80060 ns, At safepoint: 262876 ns, Total: 342936 ns
[2020-09-11T12:35:08.113+0000][1][safepoint    ] Safepoint "RevokeBias", Time since last: 26788 ns, Reaching safepoint: 343576 ns, At safepoint: 36885 ns, Total: 380461 ns
[2020-09-11T12:35:08.113+0000][1][safepoint    ] Safepoint "RevokeBias", Time since last: 53452 ns, Reaching safepoint: 81400 ns, At safepoint: 23601 ns, Total: 105001 ns
[2020-09-11T12:35:08.115+0000][1][safepoint    ] Safepoint "RevokeBias", Time since last: 435700 ns, Reaching safepoint: 1639681 ns, At safepoint: 35742 ns, Total: 1675423 ns
[2020-09-11T12:35:08.164+0000][1][safepoint    ] Safepoint "RevokeBias", Time since last: 44664968 ns, Reaching safepoint: 3462993 ns, At safepoint: 57569 ns, Total: 3520562 ns
[2020-09-11T12:35:08.165+0000][1][safepoint    ] Safepoint "RevokeBias", Time since last: 61936 ns, Reaching safepoint: 1220087 ns, At safepoint: 46022 ns, Total: 1266109 ns
[2020-09-11T12:35:08.166+0000][1][safepoint    ] Safepoint "RevokeBias", Time since last: 56655 ns, Reaching safepoint: 733816 ns, At safepoint: 30613 ns, Total: 764429 ns
[2020-09-11T12:35:08.167+0000][1][safepoint    ] Safepoint "RevokeBias", Time since last: 31499 ns, Reaching safepoint: 1588151 ns, At safepoint: 30077 ns, Total: 1618228 ns
[2020-09-11T12:35:08.168+0000][1][safepoint    ] Safepoint "RevokeBias", Time since last: 48256 ns, Reaching safepoint: 80289 ns, At safepoint: 27990 ns, Total: 108279 ns
[2020-09-11T12:35:08.168+0000][1][safepoint    ] Safepoint "RevokeBias", Time since last: 25114 ns, Reaching safepoint: 81165 ns, At safepoint: 24404 ns, Total: 105569 ns
[2020-09-11T12:35:08.170+0000][1][safepoint    ] Safepoint "RevokeBias", Time since last: 966779 ns, Reaching safepoint: 1255883 ns, At safepoint: 36793 ns, Total: 1292676 ns
[2020-09-11T12:35:08.170+0000][1][safepoint    ] Safepoint "RevokeBias", Time since last: 36485 ns, Reaching safepoint: 82213 ns, At safepoint: 24732 ns, Total: 106945 ns
[2020-09-11T12:35:08.244+0000][1][safepoint    ] Safepoint "Deoptimize", Time since last: 66139944 ns, Reaching safepoint: 7182228 ns, At safepoint: 189526 ns, Total: 7371754 ns
[2020-09-11T12:35:09.263+0000][1][safepoint    ] Safepoint "Cleanup", Time since last: 1015777349 ns, Reaching safepoint: 4029683 ns, At safepoint: 11501 ns, Total: 4041184 ns
[2020-09-11T12:35:09.764+0000][1][safepoint    ] Safepoint "RevokeBias", Time since last: 499954803 ns, Reaching safepoint: 106255 ns, At safepoint: 36586 ns, Total: 142841 ns
[2020-09-11T12:35:10.765+0000][1][safepoint    ] Safepoint "Cleanup", Time since last: 1001536897 ns, Reaching safepoint: 115937 ns, At safepoint: 6310 ns, Total: 122247 ns
[2020-09-11T12:35:11.724+0000][1][safepoint    ] Safepoint "Deoptimize", Time since last: 956759230 ns, Reaching safepoint: 1489508 ns, At safepoint: 157574 ns, Total: 1647082 ns
[2020-09-11T12:35:12.511+0000][1][safepoint    ] Safepoint "Deoptimize", Time since last: 786651346 ns, Reaching safepoint: 130775 ns, At safepoint: 166548 ns, Total: 297323 ns
[2020-09-11T12:35:12.555+0000][1][gc,start     ] GC(1) Pause Young (Allocation Failure)
[2020-09-11T12:35:12.555+0000][1][gc,task      ] GC(1) Using 1 workers of 1 for evacuation
[2020-09-11T12:35:12.757+0000][1][gc,age       ] GC(1) Desired survivor size 4358144 bytes, new threshold 6 (max threshold 6)
[2020-09-11T12:35:12.757+0000][1][gc,age       ] GC(1) Age table with threshold 6 (max threshold 6)
[2020-09-11T12:35:12.757+0000][1][gc,age       ] GC(1) - age   1:    3938040 bytes,    3938040 total
[2020-09-11T12:35:12.757+0000][1][gc,heap      ] GC(1) ParNew: 74457K->4213K(76672K)
[2020-09-11T12:35:12.757+0000][1][gc,heap      ] GC(1) CMS: 0K->6812K(2011968K)
[2020-09-11T12:35:12.757+0000][1][gc,metaspace ] GC(1) Metaspace: 19097K->19097K(1067008K)
[2020-09-11T12:35:12.757+0000][1][gc           ] GC(1) Pause Young (Allocation Failure) 72M->10M(2039M) 201.982ms
[2020-09-11T12:35:12.757+0000][1][gc,cpu       ] GC(1) User=0.05s Sys=0.00s Real=0.20s
[2020-09-11T12:35:12.769+0000][1][safepoint    ] Safepoint "GenCollectForAllocation", Time since last: 42155676 ns, Reaching safepoint: 2696056 ns, At safepoint: 213700479 ns, Total: 216396535 ns
[2020-09-11T12:35:12.770+0000][1][safepoint    ] Safepoint "Deoptimize", Time since last: 1095040 ns, Reaching safepoint: 23182 ns, At safepoint: 224894 ns, Total: 248076 ns
[2020-09-11T12:35:12.824+0000][1][safepoint    ] Safepoint "RevokeBias", Time since last: 32957680 ns, Reaching safepoint: 1229699 ns, At safepoint: 19467427 ns, Total: 20697126 ns
[2020-09-11T12:35:12.837+0000][1][safepoint    ] Safepoint "RevokeBias", Time since last: 3297970 ns, Reaching safepoint: 9055756 ns, At safepoint: 70334 ns, Total: 9126090 ns
[2020-09-11T12:35:12.840+0000][1][safepoint    ] Safepoint "RevokeBias", Time since last: 138631 ns, Reaching safepoint: 2750822 ns, At safepoint: 84194 ns, Total: 2835016 ns
[2020-09-11T12:35:12.857+0000][1][safepoint    ] Safepoint "RevokeBias", Time since last: 1301381 ns, Reaching safepoint: 15776821 ns, At safepoint: 51597 ns, Total: 15828418 ns
[2020-09-11T12:35:12.857+0000][1][safepoint    ] Safepoint "RevokeBias", Time since last: 70032 ns, Reaching safepoint: 81180 ns, At safepoint: 27079 ns, Total: 108259 ns
[2020-09-11T12:35:12.857+0000][1][safepoint    ] Safepoint "RevokeBias", Time since last: 45899 ns, Reaching safepoint: 80140 ns, At safepoint: 26311 ns, Total: 106451 ns
[2020-09-11T12:35:12.857+0000][1][safepoint    ] Safepoint "RevokeBias", Time since last: 27933 ns, Reaching safepoint: 78384 ns, At safepoint: 25638 ns, Total: 104022 ns
[2020-09-11T12:35:12.857+0000][1][safepoint    ] Safepoint "BulkRevokeBias", Time since last: 32831 ns, Reaching safepoint: 79588 ns, At safepoint: 55518 ns, Total: 135106 ns
[2020-09-11T12:35:12.857+0000][1][safepoint    ] Safepoint "BulkRevokeBias", Time since last: 27618 ns, Reaching safepoint: 79596 ns, At safepoint: 38246 ns, Total: 117842 ns
[2020-09-11T12:35:13.876+0000][1][safepoint    ] Safepoint "Cleanup", Time since last: 1007708126 ns, Reaching safepoint: 10403843 ns, At safepoint: 13333 ns, Total: 10417176 ns
[2020-09-11T12:35:13.912+0000][1][safepoint    ] Safepoint "Deoptimize", Time since last: 34131663 ns, Reaching safepoint: 1755059 ns, At safepoint: 167897 ns, Total: 1922956 ns
[2020-09-11T12:35:13.913+0000][1][safepoint    ] Safepoint "RevokeBias", Time since last: 469451 ns, Reaching safepoint: 1189724 ns, At safepoint: 46233 ns, Total: 1235957 ns
[2020-09-11T12:35:13.916+0000][1][safepoint    ] Safepoint "Deoptimize", Time since last: 1052166 ns, Reaching safepoint: 1058069 ns, At safepoint: 169319 ns, Total: 1227388 ns
[2020-09-11T12:35:14.924+0000][1][safepoint    ] Safepoint "Cleanup", Time since last: 1006109572 ns, Reaching safepoint: 2171255 ns, At safepoint: 6740 ns, Total: 2177995 ns
[2020-09-11T12:35:15.650+0000][1][gc,start     ] GC(2) Pause Young (Allocation Failure)
[2020-09-11T12:35:15.650+0000][1][gc,task      ] GC(2) Using 1 workers of 1 for evacuation
[2020-09-11T12:35:15.717+0000][1][gc,age       ] GC(2) Desired survivor size 4358144 bytes, new threshold 6 (max threshold 6)
[2020-09-11T12:35:15.717+0000][1][gc,age       ] GC(2) Age table with threshold 6 (max threshold 6)
[2020-09-11T12:35:15.717+0000][1][gc,age       ] GC(2) - age   1:     435464 bytes,     435464 total
[2020-09-11T12:35:15.717+0000][1][gc,age       ] GC(2) - age   2:    3879056 bytes,    4314520 total
[2020-09-11T12:35:15.717+0000][1][gc,heap      ] GC(2) ParNew: 72373K->7868K(76672K)
[2020-09-11T12:35:15.717+0000][1][gc,heap      ] GC(2) CMS: 6812K->6812K(2011968K)
[2020-09-11T12:35:15.717+0000][1][gc,metaspace ] GC(2) Metaspace: 20124K->20124K(1067008K)
[2020-09-11T12:35:15.717+0000][1][gc           ] GC(2) Pause Young (Allocation Failure) 77M->14M(2039M) 67.816ms
[2020-09-11T12:35:15.717+0000][1][gc,cpu       ] GC(2) User=0.02s Sys=0.01s Real=0.07s
[2020-09-11T12:35:15.735+0000][1][safepoint    ] Safepoint "GenCollectForAllocation", Time since last: 725517190 ns, Reaching safepoint: 134927 ns, At safepoint: 85917400 ns, Total: 86052327 ns
[2020-09-11T12:35:15.775+0000][1][safepoint    ] Safepoint "RevokeBias", Time since last: 28428283 ns, Reaching safepoint: 11545257 ns, At safepoint: 22653 ns, Total: 11567910 ns
[2020-09-11T12:35:15.777+0000][1][safepoint    ] Safepoint "RevokeBias", Time since last: 57858 ns, Reaching safepoint: 1076357 ns, At safepoint: 26161 ns, Total: 1102518 ns
[2020-09-11T12:35:15.777+0000][1][safepoint    ] Safepoint "RevokeBias", Time since last: 45859 ns, Reaching safepoint: 80346 ns, At safepoint: 18031 ns, Total: 98377 ns
[2020-09-11T12:35:15.777+0000][1][safepoint    ] Safepoint "RevokeBias", Time since last: 34228 ns, Reaching safepoint: 80531 ns, At safepoint: 20330 ns, Total: 100861 ns
[2020-09-11T12:35:15.777+0000][1][safepoint    ] Safepoint "RevokeBias", Time since last: 40351 ns, Reaching safepoint: 79831 ns, At safepoint: 18186 ns, Total: 98017 ns
[2020-09-11T12:35:15.779+0000][1][safepoint    ] Safepoint "RevokeBias", Time since last: 31794 ns, Reaching safepoint: 2388501 ns, At safepoint: 34803 ns, Total: 2423304 ns
[2020-09-11T12:35:15.782+0000][1][safepoint    ] Safepoint "RevokeBias", Time since last: 58994 ns, Reaching safepoint: 1975638 ns, At safepoint: 35127 ns, Total: 2010765 ns
[2020-09-11T12:35:15.782+0000][1][safepoint    ] Safepoint "RevokeBias", Time since last: 645236 ns, Reaching safepoint: 85449 ns, At safepoint: 23136 ns, Total: 108585 ns
[2020-09-11T12:35:15.782+0000][1][safepoint    ] Safepoint "RevokeBias", Time since last: 33358 ns, Reaching safepoint: 78087 ns, At safepoint: 17775 ns, Total: 95862 ns
[2020-09-11T12:35:16.788+0000][1][safepoint    ] Safepoint "Cleanup", Time since last: 1004998983 ns, Reaching safepoint: 124025 ns, At safepoint: 6750 ns, Total: 130775 ns
[2020-09-11T12:35:16.933+0000][1][gc,start     ] GC(3) Pause Young (Allocation Failure)
[2020-09-11T12:35:16.933+0000][1][gc,task      ] GC(3) Using 1 workers of 1 for evacuation
[2020-09-11T12:35:17.007+0000][1][gc,age       ] GC(3) Desired survivor size 4358144 bytes, new threshold 3 (max threshold 6)
[2020-09-11T12:35:17.007+0000][1][gc,age       ] GC(3) Age table with threshold 3 (max threshold 6)
[2020-09-11T12:35:17.007+0000][1][gc,age       ] GC(3) - age   1:    1592296 bytes,    1592296 total
[2020-09-11T12:35:17.007+0000][1][gc,age       ] GC(3) - age   2:     408176 bytes,    2000472 total
[2020-09-11T12:35:17.007+0000][1][gc,age       ] GC(3) - age   3:    3879056 bytes,    5879528 total
[2020-09-11T12:35:17.007+0000][1][gc,heap      ] GC(3) ParNew: 76028K->7680K(76672K)
[2020-09-11T12:35:17.007+0000][1][gc,heap      ] GC(3) CMS: 6812K->6812K(2011968K)
[2020-09-11T12:35:17.007+0000][1][gc,metaspace ] GC(3) Metaspace: 20239K->20239K(1067008K)
[2020-09-11T12:35:17.007+0000][1][gc           ] GC(3) Pause Young (Allocation Failure) 80M->14M(2039M) 74.384ms
[2020-09-11T12:35:17.019+0000][1][gc,cpu       ] GC(3) User=0.02s Sys=0.00s Real=0.09s
[2020-09-11T12:35:17.034+0000][1][safepoint    ] Safepoint "GenCollectForAllocation", Time since last: 143857500 ns, Reaching safepoint: 1538903 ns, At safepoint: 100636513 ns, Total: 102175416 ns
[2020-09-11T12:35:17.052+0000][1][safepoint    ] Safepoint "RevokeBias", Time since last: 17846184 ns, Reaching safepoint: 844466 ns, At safepoint: 44602 ns, Total: 889068 ns
[2020-09-11T12:35:17.052+0000][1][safepoint    ] Safepoint "RevokeBias", Time since last: 56018 ns, Reaching safepoint: 77030 ns, At safepoint: 19335 ns, Total: 96365 ns
[2020-09-11T12:35:17.053+0000][1][safepoint    ] Safepoint "RevokeBias", Time since last: 36694 ns, Reaching safepoint: 77634 ns, At safepoint: 23625 ns, Total: 101259 ns
[2020-09-11T12:35:17.053+0000][1][safepoint    ] Safepoint "RevokeBias", Time since last: 24036 ns, Reaching safepoint: 78224 ns, At safepoint: 27825 ns, Total: 106049 ns
[2020-09-11T12:35:17.053+0000][1][safepoint    ] Safepoint "RevokeBias", Time since last: 27538 ns, Reaching safepoint: 77229 ns, At safepoint: 23529 ns, Total: 100758 ns
[2020-09-11T12:35:17.053+0000][1][safepoint    ] Safepoint "RevokeBias", Time since last: 22824 ns, Reaching safepoint: 77614 ns, At safepoint: 23681 ns, Total: 101295 ns
[2020-09-11T12:35:17.053+0000][1][safepoint    ] Safepoint "RevokeBias", Time since last: 28157 ns, Reaching safepoint: 77477 ns, At safepoint: 25674 ns, Total: 103151 ns
[2020-09-11T12:35:17.053+0000][1][safepoint    ] Safepoint "RevokeBias", Time since last: 23410 ns, Reaching safepoint: 76625 ns, At safepoint: 23823 ns, Total: 100448 ns
[2020-09-11T12:35:17.896+0000][1][safepoint    ] Safepoint "CollectForMetadataAllocation", Time since last: 840362965 ns, Reaching safepoint: 1822711 ns, At safepoint: 142673 ns, Total: 1965384 ns
[2020-09-11T12:35:17.936+0000][1][safepoint    ] Safepoint "RevokeBias", Time since last: 39847857 ns, Reaching safepoint: 107004 ns, At safepoint: 18346 ns, Total: 125350 ns
[2020-09-11T12:35:17.936+0000][1][safepoint    ] Safepoint "RevokeBias", Time since last: 74773 ns, Reaching safepoint: 77694 ns, At safepoint: 8611 ns, Total: 86305 ns
[2020-09-11T12:35:18.051+0000][1][safepoint    ] Safepoint "CollectForMetadataAllocation", Time since last: 114927735 ns, Reaching safepoint: 116927 ns, At safepoint: 117254 ns, Total: 234181 ns
[2020-09-11T12:35:18.272+0000][1][gc,start     ] GC(4) Pause Young (Allocation Failure)
[2020-09-11T12:35:18.272+0000][1][gc,task      ] GC(4) Using 1 workers of 1 for evacuation
[2020-09-11T12:35:18.364+0000][1][gc,age       ] GC(4) Desired survivor size 4358144 bytes, new threshold 6 (max threshold 6)
[2020-09-11T12:35:18.364+0000][1][gc,age       ] GC(4) Age table with threshold 6 (max threshold 6)
[2020-09-11T12:35:18.364+0000][1][gc,age       ] GC(4) - age   1:    1655480 bytes,    1655480 total
[2020-09-11T12:35:18.364+0000][1][gc,age       ] GC(4) - age   2:     320264 bytes,    1975744 total
[2020-09-11T12:35:18.364+0000][1][gc,age       ] GC(4) - age   3:     408080 bytes,    2383824 total
[2020-09-11T12:35:18.364+0000][1][gc,heap      ] GC(4) ParNew: 75840K->4946K(76672K)
[2020-09-11T12:35:18.364+0000][1][gc,heap      ] GC(4) CMS: 6812K->10631K(2011968K)
[2020-09-11T12:35:18.364+0000][1][gc,metaspace ] GC(4) Metaspace: 20790K->20790K(1069056K)
[2020-09-11T12:35:18.364+0000][1][gc           ] GC(4) Pause Young (Allocation Failure) 80M->15M(2039M) 92.281ms
[2020-09-11T12:35:18.364+0000][1][gc,cpu       ] GC(4) User=0.02s Sys=0.00s Real=0.10s
[2020-09-11T12:35:18.383+0000][1][safepoint    ] Safepoint "GenCollectForAllocation", Time since last: 220539830 ns, Reaching safepoint: 107578 ns, At safepoint: 111921365 ns, Total: 112028943 ns
[2020-09-11T12:35:18.400+0000][1][gc,start     ] GC(5) Pause Initial Mark
[2020-09-11T12:35:18.402+0000][1][gc           ] GC(5) Pause Initial Mark 20M->20M(2039M) 1.958ms
[2020-09-11T12:35:18.402+0000][1][gc,cpu       ] GC(5) User=0.00s Sys=0.00s Real=0.00s
[2020-09-11T12:35:18.440+0000][1][safepoint    ] Safepoint "BulkRevokeBias", Time since last: 16091632 ns, Reaching safepoint: 98590 ns, At safepoint: 40264950 ns, Total: 40363540 ns
[2020-09-11T12:35:18.441+0000][1][gc           ] GC(5) Concurrent Mark
[2020-09-11T12:35:18.516+0000][1][safepoint    ] Safepoint "RevokeBias", Time since last: 25963706 ns, Reaching safepoint: 49663726 ns, At safepoint: 35792 ns, Total: 49699518 ns
[2020-09-11T12:35:18.516+0000][1][safepoint    ] Safepoint "RevokeBias", Time since last: 74282 ns, Reaching safepoint: 78496 ns, At safepoint: 21580 ns, Total: 100076 ns
[2020-09-11T12:35:18.516+0000][1][safepoint    ] Safepoint "RevokeBias", Time since last: 26047 ns, Reaching safepoint: 77620 ns, At safepoint: 21059 ns, Total: 98679 ns
[2020-09-11T12:35:18.516+0000][1][safepoint    ] Safepoint "RevokeBias", Time since last: 28801 ns, Reaching safepoint: 77342 ns, At safepoint: 19587 ns, Total: 96929 ns
[2020-09-11T12:35:18.521+0000][1][safepoint    ] Safepoint "RevokeBias", Time since last: 4956443 ns, Reaching safepoint: 117682 ns, At safepoint: 32972 ns, Total: 150654 ns
[2020-09-11T12:35:18.614+0000][1][gc           ] GC(5) Concurrent Mark 173.704ms
[2020-09-11T12:35:18.614+0000][1][gc,cpu       ] GC(5) User=0.04s Sys=0.00s Real=0.17s
[2020-09-11T12:35:18.614+0000][1][gc           ] GC(5) Concurrent Preclean
[2020-09-11T12:35:18.650+0000][1][gc           ] GC(5) Concurrent Preclean 35.333ms
[2020-09-11T12:35:18.650+0000][1][gc,cpu       ] GC(5) User=0.01s Sys=0.00s Real=0.04s
[2020-09-11T12:35:18.650+0000][1][gc           ] GC(5) Concurrent Abortable Preclean
[2020-09-11T12:35:19.132+0000][1][safepoint    ] Safepoint "Deoptimize", Time since last: 611089699 ns, Reaching safepoint: 109413 ns, At safepoint: 197466 ns, Total: 306879 ns
[2020-09-11T12:35:19.215+0000][1][safepoint    ] Safepoint "CollectForMetadataAllocation", Time since last: 81801615 ns, Reaching safepoint: 100283 ns, At safepoint: 170931 ns, Total: 271214 ns
[2020-09-11T12:35:19.622+0000][1][safepoint    ] Safepoint "Deoptimize", Time since last: 407105017 ns, Reaching safepoint: 109119 ns, At safepoint: 202663 ns, Total: 311782 ns
[2020-09-11T12:35:19.918+0000][1][gc,start     ] GC(6) Pause Young (Allocation Failure)
[2020-09-11T12:35:19.918+0000][1][gc,task      ] GC(6) Using 1 workers of 1 for evacuation
[2020-09-11T12:35:19.991+0000][1][gc           ] GC(5) Concurrent Abortable Preclean 1341.652ms
[2020-09-11T12:35:19.991+0000][1][gc,cpu       ] GC(5) User=0.32s Sys=0.01s Real=1.34s
[2020-09-11T12:35:20.058+0000][1][gc,age       ] GC(6) Desired survivor size 4358144 bytes, new threshold 6 (max threshold 6)
[2020-09-11T12:35:20.058+0000][1][gc,age       ] GC(6) Age table with threshold 6 (max threshold 6)
[2020-09-11T12:35:20.058+0000][1][gc,age       ] GC(6) - age   1:    2311416 bytes,    2311416 total
[2020-09-11T12:35:20.059+0000][1][gc,age       ] GC(6) - age   2:    1252576 bytes,    3563992 total
[2020-09-11T12:35:20.059+0000][1][gc,age       ] GC(6) - age   3:     320264 bytes,    3884256 total
[2020-09-11T12:35:20.059+0000][1][gc,age       ] GC(6) - age   4:     408080 bytes,    4292336 total
[2020-09-11T12:35:20.059+0000][1][gc,heap      ] GC(6) ParNew: 73106K->6328K(76672K)
[2020-09-11T12:35:20.059+0000][1][gc,heap      ] GC(6) CMS: 10631K->10631K(2011968K)
[2020-09-11T12:35:20.059+0000][1][gc,metaspace ] GC(6) Metaspace: 21109K->21109K(1069056K)
[2020-09-11T12:35:20.059+0000][1][gc           ] GC(6) Pause Young (Allocation Failure) 81M->16M(2039M) 140.306ms
[2020-09-11T12:35:20.059+0000][1][gc,cpu       ] GC(6) User=0.03s Sys=0.00s Real=0.14s
[2020-09-11T12:35:20.083+0000][1][safepoint    ] Safepoint "GenCollectForAllocation", Time since last: 296159549 ns, Reaching safepoint: 112110 ns, At safepoint: 165171462 ns, Total: 165283572 ns
[2020-09-11T12:35:20.098+0000][1][gc,start     ] GC(5) Pause Remark
[2020-09-11T12:35:20.167+0000][1][gc           ] GC(5) Pause Remark 19M->19M(2039M) 68.477ms
[2020-09-11T12:35:20.167+0000][1][gc,cpu       ] GC(5) User=0.01s Sys=0.00s Real=0.07s
[2020-09-11T12:35:20.183+0000][1][safepoint    ] Safepoint "CMS_Final_Remark", Time since last: 14868953 ns, Reaching safepoint: 31671 ns, At safepoint: 85094310 ns, Total: 85125981 ns
[2020-09-11T12:35:20.184+0000][1][gc           ] GC(5) Concurrent Sweep
[2020-09-11T12:35:20.186+0000][1][gc           ] GC(5) Concurrent Sweep 2.947ms
[2020-09-11T12:35:20.187+0000][1][gc,cpu       ] GC(5) User=0.01s Sys=0.00s Real=0.00s
[2020-09-11T12:35:20.187+0000][1][gc           ] GC(5) Concurrent Reset
[2020-09-11T12:35:20.202+0000][1][safepoint    ] Safepoint "RevokeBias", Time since last: 18127120 ns, Reaching safepoint: 492245 ns, At safepoint: 48388 ns, Total: 540633 ns
[2020-09-11T12:35:20.202+0000][1][safepoint    ] Safepoint "RevokeBias", Time since last: 71592 ns, Reaching safepoint: 90450 ns, At safepoint: 30690 ns, Total: 121140 ns
[2020-09-11T12:35:20.202+0000][1][safepoint    ] Safepoint "RevokeBias", Time since last: 25974 ns, Reaching safepoint: 78116 ns, At safepoint: 27147 ns, Total: 105263 ns
[2020-09-11T12:35:20.203+0000][1][safepoint    ] Safepoint "RevokeBias", Time since last: 28143 ns, Reaching safepoint: 78578 ns, At safepoint: 27777 ns, Total: 106355 ns
[2020-09-11T12:35:20.203+0000][1][safepoint    ] Safepoint "RevokeBias", Time since last: 23898 ns, Reaching safepoint: 77242 ns, At safepoint: 26584 ns, Total: 103826 ns
[2020-09-11T12:35:20.215+0000][1][gc           ] GC(5) Concurrent Reset 28.532ms
[2020-09-11T12:35:20.215+0000][1][gc,cpu       ] GC(5) User=0.00s Sys=0.00s Real=0.02s
[2020-09-11T12:35:20.215+0000][1][gc,heap      ] GC(5) Old: 10631K->10631K(2011968K)
[2020-09-11T12:35:20.956+0000][1][gc,start     ] GC(7) Pause Young (Allocation Failure)
[2020-09-11T12:35:20.956+0000][1][gc,task      ] GC(7) Using 1 workers of 1 for evacuation
[2020-09-11T12:35:21.074+0000][1][gc,age       ] GC(7) Desired survivor size 4358144 bytes, new threshold 5 (max threshold 6)
[2020-09-11T12:35:21.074+0000][1][gc,age       ] GC(7) Age table with threshold 5 (max threshold 6)
[2020-09-11T12:35:21.074+0000][1][gc,age       ] GC(7) - age   1:     946584 bytes,     946584 total
[2020-09-11T12:35:21.074+0000][1][gc,age       ] GC(7) - age   2:    1525888 bytes,    2472472 total
[2020-09-11T12:35:21.074+0000][1][gc,age       ] GC(7) - age   3:    1252032 bytes,    3724504 total
[2020-09-11T12:35:21.074+0000][1][gc,age       ] GC(7) - age   4:     320264 bytes,    4044768 total
[2020-09-11T12:35:21.074+0000][1][gc,age       ] GC(7) - age   5:     408000 bytes,    4452768 total
[2020-09-11T12:35:21.074+0000][1][gc,heap      ] GC(7) ParNew: 74488K->7342K(76672K)
[2020-09-11T12:35:21.074+0000][1][gc,heap      ] GC(7) CMS: 10631K->10631K(2011968K)
[2020-09-11T12:35:21.074+0000][1][gc,metaspace ] GC(7) Metaspace: 21186K->21186K(1069056K)
[2020-09-11T12:35:21.074+0000][1][gc           ] GC(7) Pause Young (Allocation Failure) 83M->17M(2039M) 118.303ms
[2020-09-11T12:35:21.074+0000][1][gc,cpu       ] GC(7) User=0.03s Sys=0.00s Real=0.11s
[2020-09-11T12:35:21.099+0000][1][safepoint    ] Safepoint "GenCollectForAllocation", Time since last: 752741493 ns, Reaching safepoint: 108901 ns, At safepoint: 143619776 ns, Total: 143728677 ns
[2020-09-11T12:35:21.115+0000][1][safepoint    ] Safepoint "RevokeBias", Time since last: 15813611 ns, Reaching safepoint: 110701 ns, At safepoint: 118795 ns, Total: 229496 ns
[2020-09-11T12:35:21.115+0000][1][safepoint    ] Safepoint "RevokeBias", Time since last: 74788 ns, Reaching safepoint: 82041 ns, At safepoint: 79422 ns, Total: 161463 ns
[2020-09-11T12:35:21.116+0000][1][safepoint    ] Safepoint "RevokeBias", Time since last: 41995 ns, Reaching safepoint: 80040 ns, At safepoint: 34131 ns, Total: 114171 ns
[2020-09-11T12:35:21.116+0000][1][safepoint    ] Safepoint "RevokeBias", Time since last: 28074 ns, Reaching safepoint: 78325 ns, At safepoint: 32010 ns, Total: 110335 ns
[2020-09-11T12:35:21.925+0000][1][gc,start     ] GC(8) Pause Young (Allocation Failure)
[2020-09-11T12:35:21.925+0000][1][gc,task      ] GC(8) Using 1 workers of 1 for evacuation
[2020-09-11T12:35:22.068+0000][1][gc,age       ] GC(8) Desired survivor size 4358144 bytes, new threshold 4 (max threshold 6)
[2020-09-11T12:35:22.068+0000][1][gc,age       ] GC(8) Age table with threshold 4 (max threshold 6)
[2020-09-11T12:35:22.068+0000][1][gc,age       ] GC(8) - age   1:    1905120 bytes,    1905120 total
[2020-09-11T12:35:22.068+0000][1][gc,age       ] GC(8) - age   2:     445792 bytes,    2350912 total
[2020-09-11T12:35:22.068+0000][1][gc,age       ] GC(8) - age   3:    1523952 bytes,    3874864 total
[2020-09-11T12:35:22.068+0000][1][gc,age       ] GC(8) - age   4:    1251376 bytes,    5126240 total
[2020-09-11T12:35:22.069+0000][1][gc,age       ] GC(8) - age   5:     320264 bytes,    5446504 total
[2020-09-11T12:35:22.069+0000][1][gc,heap      ] GC(8) ParNew: 75502K->7645K(76672K)
[2020-09-11T12:35:22.069+0000][1][gc,heap      ] GC(8) CMS: 10631K->11032K(2011968K)
[2020-09-11T12:35:22.069+0000][1][gc,metaspace ] GC(8) Metaspace: 21371K->21371K(1069056K)
[2020-09-11T12:35:22.069+0000][1][gc           ] GC(8) Pause Young (Allocation Failure) 84M->18M(2039M) 143.352ms
[2020-09-11T12:35:22.069+0000][1][gc,cpu       ] GC(8) User=0.03s Sys=0.00s Real=0.14s
[2020-09-11T12:35:22.100+0000][1][safepoint    ] Safepoint "GenCollectForAllocation", Time since last: 809384238 ns, Reaching safepoint: 99652 ns, At safepoint: 174449213 ns, Total: 174548865 ns
[2020-09-11T12:35:22.116+0000][1][safepoint    ] Safepoint "RevokeBias", Time since last: 15835633 ns, Reaching safepoint: 98262 ns, At safepoint: 30745 ns, Total: 129007 ns
[2020-09-11T12:35:22.135+0000][1][safepoint    ] Safepoint "RevokeBias", Time since last: 11839220 ns, Reaching safepoint: 7996025 ns, At safepoint: 34157 ns, Total: 8030182 ns
[2020-09-11T12:35:22.143+0000][1][safepoint    ] Safepoint "RevokeBias", Time since last: 7579810 ns, Reaching safepoint: 104567 ns, At safepoint: 37169 ns, Total: 141736 ns
[2020-09-11T12:35:22.147+0000][1][safepoint    ] Safepoint "RevokeBias", Time since last: 57682 ns, Reaching safepoint: 79960 ns, At safepoint: 26598 ns, Total: 106558 ns
[2020-09-11T12:35:22.870+0000][1][gc,start     ] GC(9) Pause Young (Allocation Failure)
[2020-09-11T12:35:22.870+0000][1][gc,task      ] GC(9) Using 1 workers of 1 for evacuation
[2020-09-11T12:35:22.974+0000][1][gc,age       ] GC(9) Desired survivor size 4358144 bytes, new threshold 6 (max threshold 6)
[2020-09-11T12:35:22.974+0000][1][gc,age       ] GC(9) Age table with threshold 6 (max threshold 6)
[2020-09-11T12:35:22.974+0000][1][gc,age       ] GC(9) - age   1:     354568 bytes,     354568 total
[2020-09-11T12:35:22.974+0000][1][gc,age       ] GC(9) - age   2:     829128 bytes,    1183696 total
[2020-09-11T12:35:22.974+0000][1][gc,age       ] GC(9) - age   3:     445712 bytes,    1629408 total
[2020-09-11T12:35:22.974+0000][1][gc,age       ] GC(9) - age   4:    1523952 bytes,    3153360 total
[2020-09-11T12:35:22.974+0000][1][gc,heap      ] GC(9) ParNew: 75805K->4626K(76672K)
[2020-09-11T12:35:22.974+0000][1][gc,heap      ] GC(9) CMS: 11032K->12585K(2011968K)
[2020-09-11T12:35:22.974+0000][1][gc,metaspace ] GC(9) Metaspace: 21497K->21497K(1069056K)
[2020-09-11T12:35:22.974+0000][1][gc           ] GC(9) Pause Young (Allocation Failure) 84M->16M(2039M) 103.768ms
[2020-09-11T12:35:22.974+0000][1][gc,cpu       ] GC(9) User=0.03s Sys=0.00s Real=0.10s
[2020-09-11T12:35:22.999+0000][1][safepoint    ] Safepoint "GenCollectForAllocation", Time since last: 726611980 ns, Reaching safepoint: 117625 ns, At safepoint: 129347478 ns, Total: 129465103 ns
[2020-09-11T12:35:23.032+0000][1][safepoint    ] Safepoint "RevokeBias", Time since last: 12019055 ns, Reaching safepoint: 19987656 ns, At safepoint: 57305 ns, Total: 20044961 ns
[2020-09-11T12:35:23.032+0000][1][safepoint    ] Safepoint "RevokeBias", Time since last: 57308 ns, Reaching safepoint: 81219 ns, At safepoint: 19921 ns, Total: 101140 ns
[2020-09-11T12:35:23.044+0000][1][safepoint    ] Safepoint "RevokeBias", Time since last: 11816420 ns, Reaching safepoint: 885343 ns, At safepoint: 52084 ns, Total: 937427 ns
[2020-09-11T12:35:23.045+0000][1][safepoint    ] Safepoint "RevokeBias", Time since last: 54688 ns, Reaching safepoint: 79895 ns, At safepoint: 34899 ns, Total: 114794 ns
[2020-09-11T12:35:23.045+0000][1][safepoint    ] Safepoint "RevokeBias", Time since last: 47548 ns, Reaching safepoint: 79341 ns, At safepoint: 34077 ns, Total: 113418 ns
[2020-09-11T12:35:23.045+0000][1][safepoint    ] Safepoint "RevokeBias", Time since last: 27315 ns, Reaching safepoint: 78231 ns, At safepoint: 33219 ns, Total: 111450 ns
[2020-09-11T12:35:23.216+0000][1][safepoint    ] Safepoint "RevokeBias", Time since last: 171202455 ns, Reaching safepoint: 104509 ns, At safepoint: 15779 ns, Total: 120288 ns
[2020-09-11T12:35:23.217+0000][1][safepoint    ] Safepoint "RevokeBias", Time since last: 404502 ns, Reaching safepoint: 82080 ns, At safepoint: 9411 ns, Total: 91491 ns
[2020-09-11T12:35:23.800+0000][1][gc,start     ] GC(10) Pause Young (Allocation Failure)
[2020-09-11T12:35:23.800+0000][1][gc,task      ] GC(10) Using 1 workers of 1 for evacuation
[2020-09-11T12:35:23.936+0000][1][gc,age       ] GC(10) Desired survivor size 4358144 bytes, new threshold 6 (max threshold 6)
[2020-09-11T12:35:23.936+0000][1][gc,age       ] GC(10) Age table with threshold 6 (max threshold 6)
[2020-09-11T12:35:23.936+0000][1][gc,age       ] GC(10) - age   1:     578360 bytes,     578360 total
[2020-09-11T12:35:23.936+0000][1][gc,age       ] GC(10) - age   2:     146784 bytes,     725144 total
[2020-09-11T12:35:23.936+0000][1][gc,age       ] GC(10) - age   3:     829128 bytes,    1554272 total
[2020-09-11T12:35:23.936+0000][1][gc,age       ] GC(10) - age   4:     445688 bytes,    1999960 total
[2020-09-11T12:35:23.936+0000][1][gc,age       ] GC(10) - age   5:    1523952 bytes,    3523912 total
[2020-09-11T12:35:23.936+0000][1][gc,heap      ] GC(10) ParNew: 72786K->3466K(76672K)
[2020-09-11T12:35:23.936+0000][1][gc,heap      ] GC(10) CMS: 12585K->12585K(2011968K)
[2020-09-11T12:35:23.936+0000][1][gc,metaspace ] GC(10) Metaspace: 21634K->21634K(1069056K)
[2020-09-11T12:35:23.936+0000][1][gc           ] GC(10) Pause Young (Allocation Failure) 83M->15M(2039M) 136.526ms
[2020-09-11T12:35:23.936+0000][1][gc,cpu       ] GC(10) User=0.03s Sys=0.00s Real=0.14s
[2020-09-11T12:35:23.936+0000][1][safepoint    ] Safepoint "GenCollectForAllocation", Time since last: 582729128 ns, Reaching safepoint: 116643 ns, At safepoint: 136580090 ns, Total: 136696733 ns
[2020-09-11T12:35:23.950+0000][1][safepoint    ] Safepoint "BulkRevokeBias", Time since last: 13373192 ns, Reaching safepoint: 101489 ns, At safepoint: 64359 ns, Total: 165848 ns
[2020-09-11T12:35:23.957+0000][1][safepoint    ] Safepoint "BulkRevokeBias", Time since last: 48778 ns, Reaching safepoint: 7576555 ns, At safepoint: 76492 ns, Total: 7653047 ns
[2020-09-11T12:35:25.085+0000][1][gc,start     ] GC(11) Pause Young (Allocation Failure)
[2020-09-11T12:35:25.085+0000][1][gc,task      ] GC(11) Using 1 workers of 1 for evacuation
[2020-09-11T12:35:25.255+0000][1][gc,age       ] GC(11) Desired survivor size 4358144 bytes, new threshold 6 (max threshold 6)
[2020-09-11T12:35:25.255+0000][1][gc,age       ] GC(11) Age table with threshold 6 (max threshold 6)
[2020-09-11T12:35:25.255+0000][1][gc,age       ] GC(11) - age   1:    2366200 bytes,    2366200 total
[2020-09-11T12:35:25.255+0000][1][gc,age       ] GC(11) - age   2:     402848 bytes,    2769048 total
[2020-09-11T12:35:25.255+0000][1][gc,age       ] GC(11) - age   3:     146784 bytes,    2915832 total
[2020-09-11T12:35:25.255+0000][1][gc,age       ] GC(11) - age   4:     829128 bytes,    3744960 total
[2020-09-11T12:35:25.255+0000][1][gc,age       ] GC(11) - age   5:     445688 bytes,    4190648 total
[2020-09-11T12:35:25.255+0000][1][gc,age       ] GC(11) - age   6:    1523640 bytes,    5714288 total
[2020-09-11T12:35:25.255+0000][1][gc,heap      ] GC(11) ParNew: 71626K->6895K(76672K)
[2020-09-11T12:35:25.255+0000][1][gc,heap      ] GC(11) CMS: 12585K->12585K(2011968K)
[2020-09-11T12:35:25.255+0000][1][gc,metaspace ] GC(11) Metaspace: 22537K->22537K(1071104K)
[2020-09-11T12:35:25.255+0000][1][gc           ] GC(11) Pause Young (Allocation Failure) 82M->19M(2039M) 169.799ms
[2020-09-11T12:35:25.255+0000][1][gc,cpu       ] GC(11) User=0.04s Sys=0.00s Real=0.16s
[2020-09-11T12:35:25.263+0000][1][safepoint    ] Safepoint "GenCollectForAllocation", Time since last: 1127637006 ns, Reaching safepoint: 109289 ns, At safepoint: 178306649 ns, Total: 178415938 ns
[2020-09-11T12:35:25.900+0000][1][gc,start     ] GC(12) Pause Young (Allocation Failure)
[2020-09-11T12:35:25.900+0000][1][gc,task      ] GC(12) Using 1 workers of 1 for evacuation
[2020-09-11T12:35:26.001+0000][1][gc,age       ] GC(12) Desired survivor size 4358144 bytes, new threshold 6 (max threshold 6)
[2020-09-11T12:35:26.001+0000][1][gc,age       ] GC(12) Age table with threshold 6 (max threshold 6)
[2020-09-11T12:35:26.001+0000][1][gc,age       ] GC(12) - age   1:     805928 bytes,     805928 total
[2020-09-11T12:35:26.001+0000][1][gc,age       ] GC(12) - age   2:     544256 bytes,    1350184 total
[2020-09-11T12:35:26.001+0000][1][gc,age       ] GC(12) - age   3:     402848 bytes,    1753032 total
[2020-09-11T12:35:26.001+0000][1][gc,age       ] GC(12) - age   4:     146680 bytes,    1899712 total
[2020-09-11T12:35:26.001+0000][1][gc,age       ] GC(12) - age   5:     828984 bytes,    2728696 total
[2020-09-11T12:35:26.001+0000][1][gc,age       ] GC(12) - age   6:     445544 bytes,    3174240 total
[2020-09-11T12:35:26.001+0000][1][gc,heap      ] GC(12) ParNew: 75055K->5047K(76672K)
[2020-09-11T12:35:26.001+0000][1][gc,heap      ] GC(12) CMS: 12585K->14085K(2011968K)
[2020-09-11T12:35:26.001+0000][1][gc,metaspace ] GC(12) Metaspace: 22565K->22565K(1071104K)
[2020-09-11T12:35:26.001+0000][1][gc           ] GC(12) Pause Young (Allocation Failure) 85M->18M(2039M) 101.327ms
[2020-09-11T12:35:26.001+0000][1][gc,cpu       ] GC(12) User=0.03s Sys=0.00s Real=0.10s
[2020-09-11T12:35:26.013+0000][1][safepoint    ] Safepoint "GenCollectForAllocation", Time since last: 636385441 ns, Reaching safepoint: 102954 ns, At safepoint: 113026823 ns, Total: 113129777 ns
[2020-09-11T12:35:26.719+0000][1][gc,start     ] GC(13) Pause Young (Allocation Failure)
[2020-09-11T12:35:26.720+0000][1][gc,task      ] GC(13) Using 1 workers of 1 for evacuation
[2020-09-11T12:35:26.793+0000][1][gc,age       ] GC(13) Desired survivor size 4358144 bytes, new threshold 6 (max threshold 6)
[2020-09-11T12:35:26.793+0000][1][gc,age       ] GC(13) Age table with threshold 6 (max threshold 6)
[2020-09-11T12:35:26.793+0000][1][gc,age       ] GC(13) - age   1:    2104136 bytes,    2104136 total
[2020-09-11T12:35:26.793+0000][1][gc,age       ] GC(13) - age   2:     203832 bytes,    2307968 total
[2020-09-11T12:35:26.793+0000][1][gc,age       ] GC(13) - age   3:     544144 bytes,    2852112 total
[2020-09-11T12:35:26.793+0000][1][gc,age       ] GC(13) - age   4:     402848 bytes,    3254960 total
[2020-09-11T12:35:26.793+0000][1][gc,age       ] GC(13) - age   5:     146680 bytes,    3401640 total
[2020-09-11T12:35:26.793+0000][1][gc,age       ] GC(13) - age   6:     828984 bytes,    4230624 total
[2020-09-11T12:35:26.793+0000][1][gc,heap      ] GC(13) ParNew: 73207K->7173K(76672K)
[2020-09-11T12:35:26.793+0000][1][gc,heap      ] GC(13) CMS: 14085K->14524K(2011968K)
[2020-09-11T12:35:26.793+0000][1][gc,metaspace ] GC(13) Metaspace: 22667K->22667K(1071104K)
[2020-09-11T12:35:26.793+0000][1][gc           ] GC(13) Pause Young (Allocation Failure) 85M->21M(2039M) 73.541ms
[2020-09-11T12:35:26.793+0000][1][gc,cpu       ] GC(13) User=0.02s Sys=0.00s Real=0.07s
[2020-09-11T12:35:26.815+0000][1][safepoint    ] Safepoint "GenCollectForAllocation", Time since last: 703560814 ns, Reaching safepoint: 2948351 ns, At safepoint: 96024911 ns, Total: 98973262 ns
[2020-09-11T12:35:27.483+0000][1][gc,start     ] GC(14) Pause Young (Allocation Failure)
[2020-09-11T12:35:27.484+0000][1][gc,task      ] GC(14) Using 1 workers of 1 for evacuation
[2020-09-11T12:35:27.551+0000][1][gc,age       ] GC(14) Desired survivor size 4358144 bytes, new threshold 6 (max threshold 6)
[2020-09-11T12:35:27.551+0000][1][gc,age       ] GC(14) Age table with threshold 6 (max threshold 6)
[2020-09-11T12:35:27.551+0000][1][gc,age       ] GC(14) - age   1:    1076168 bytes,    1076168 total
[2020-09-11T12:35:27.551+0000][1][gc,age       ] GC(14) - age   2:     104256 bytes,    1180424 total
[2020-09-11T12:35:27.551+0000][1][gc,age       ] GC(14) - age   3:     203832 bytes,    1384256 total
[2020-09-11T12:35:27.551+0000][1][gc,age       ] GC(14) - age   4:     544144 bytes,    1928400 total
[2020-09-11T12:35:27.551+0000][1][gc,age       ] GC(14) - age   5:     402848 bytes,    2331248 total
[2020-09-11T12:35:27.551+0000][1][gc,age       ] GC(14) - age   6:     146680 bytes,    2477928 total
[2020-09-11T12:35:27.551+0000][1][gc,heap      ] GC(14) ParNew: 75333K->2445K(76672K)
[2020-09-11T12:35:27.551+0000][1][gc,heap      ] GC(14) CMS: 14524K->15339K(2011968K)
[2020-09-11T12:35:27.551+0000][1][gc,metaspace ] GC(14) Metaspace: 22746K->22746K(1071104K)
[2020-09-11T12:35:27.551+0000][1][gc           ] GC(14) Pause Young (Allocation Failure) 87M->17M(2039M) 67.590ms
[2020-09-11T12:35:27.551+0000][1][gc,cpu       ] GC(14) User=0.01s Sys=0.00s Real=0.06s
[2020-09-11T12:35:27.571+0000][1][safepoint    ] Safepoint "GenCollectForAllocation", Time since last: 666614592 ns, Reaching safepoint: 1356931 ns, At safepoint: 87971598 ns, Total: 89328529 ns
[2020-09-11T12:35:28.242+0000][1][gc,start     ] GC(15) Pause Young (Allocation Failure)
[2020-09-11T12:35:28.242+0000][1][gc,task      ] GC(15) Using 1 workers of 1 for evacuation
[2020-09-11T12:35:28.306+0000][1][gc,age       ] GC(15) Desired survivor size 4358144 bytes, new threshold 6 (max threshold 6)
[2020-09-11T12:35:28.306+0000][1][gc,age       ] GC(15) Age table with threshold 6 (max threshold 6)
[2020-09-11T12:35:28.306+0000][1][gc,age       ] GC(15) - age   1:     635856 bytes,     635856 total
[2020-09-11T12:35:28.306+0000][1][gc,age       ] GC(15) - age   2:     318032 bytes,     953888 total
[2020-09-11T12:35:28.306+0000][1][gc,age       ] GC(15) - age   3:     104256 bytes,    1058144 total
[2020-09-11T12:35:28.306+0000][1][gc,age       ] GC(15) - age   4:     203832 bytes,    1261976 total
[2020-09-11T12:35:28.306+0000][1][gc,age       ] GC(15) - age   5:     544144 bytes,    1806120 total
[2020-09-11T12:35:28.306+0000][1][gc,age       ] GC(15) - age   6:     402848 bytes,    2208968 total
[2020-09-11T12:35:28.306+0000][1][gc,heap      ] GC(15) ParNew: 70605K->2426K(76672K)
[2020-09-11T12:35:28.306+0000][1][gc,heap      ] GC(15) CMS: 15339K->15487K(2011968K)
[2020-09-11T12:35:28.306+0000][1][gc,metaspace ] GC(15) Metaspace: 22834K->22834K(1071104K)
[2020-09-11T12:35:28.306+0000][1][gc           ] GC(15) Pause Young (Allocation Failure) 83M->17M(2039M) 64.605ms
[2020-09-11T12:35:28.306+0000][1][gc,cpu       ] GC(15) User=0.02s Sys=0.00s Real=0.07s
[2020-09-11T12:35:28.327+0000][1][safepoint    ] Safepoint "GenCollectForAllocation", Time since last: 668566575 ns, Reaching safepoint: 1512602 ns, At safepoint: 85921272 ns, Total: 87433874 ns
[2020-09-11T12:35:28.817+0000][1][gc,start     ] GC(16) Pause Young (Allocation Failure)
[2020-09-11T12:35:28.817+0000][1][gc,task      ] GC(16) Using 1 workers of 1 for evacuation
[2020-09-11T12:35:28.910+0000][1][gc,age       ] GC(16) Desired survivor size 4358144 bytes, new threshold 6 (max threshold 6)
[2020-09-11T12:35:28.910+0000][1][gc,age       ] GC(16) Age table with threshold 6 (max threshold 6)
[2020-09-11T12:35:28.910+0000][1][gc,age       ] GC(16) - age   1:    1919192 bytes,    1919192 total
[2020-09-11T12:35:28.910+0000][1][gc,age       ] GC(16) - age   2:     188672 bytes,    2107864 total
[2020-09-11T12:35:28.910+0000][1][gc,age       ] GC(16) - age   3:     318032 bytes,    2425896 total
[2020-09-11T12:35:28.910+0000][1][gc,age       ] GC(16) - age   4:     104256 bytes,    2530152 total
[2020-09-11T12:35:28.910+0000][1][gc,age       ] GC(16) - age   5:     203680 bytes,    2733832 total
[2020-09-11T12:35:28.910+0000][1][gc,age       ] GC(16) - age   6:     544144 bytes,    3277976 total
[2020-09-11T12:35:28.910+0000][1][gc,heap      ] GC(16) ParNew: 70586K->4448K(76672K)
[2020-09-11T12:35:28.910+0000][1][gc,heap      ] GC(16) CMS: 15487K->15885K(2011968K)
[2020-09-11T12:35:28.910+0000][1][gc,metaspace ] GC(16) Metaspace: 22849K->22849K(1071104K)
[2020-09-11T12:35:28.910+0000][1][gc           ] GC(16) Pause Young (Allocation Failure) 84M->19M(2039M) 92.771ms
[2020-09-11T12:35:28.910+0000][1][gc,cpu       ] GC(16) User=0.02s Sys=0.00s Real=0.09s
[2020-09-11T12:35:28.920+0000][1][safepoint    ] Safepoint "GenCollectForAllocation", Time since last: 489582428 ns, Reaching safepoint: 105519 ns, At safepoint: 103275842 ns, Total: 103381361 ns
[2020-09-11T12:35:29.030+0000][1][safepoint    ] Safepoint "Deoptimize", Time since last: 108872107 ns, Reaching safepoint: 101599 ns, At safepoint: 189873 ns, Total: 291472 ns
[2020-09-11T12:35:30.036+0000][1][safepoint    ] Safepoint "Cleanup", Time since last: 1005877652 ns, Reaching safepoint: 146257 ns, At safepoint: 6581 ns, Total: 152838 ns
[2020-09-11T12:35:30.588+0000][1][safepoint    ] Safepoint "RevokeBias", Time since last: 551833812 ns, Reaching safepoint: 250592 ns, At safepoint: 17958 ns, Total: 268550 ns
[2020-09-11T12:35:30.588+0000][1][safepoint    ] Safepoint "RevokeBias", Time since last: 102252 ns, Reaching safepoint: 11762 ns, At safepoint: 11127 ns, Total: 22889 ns
[2020-09-11T12:35:31.610+0000][1][safepoint    ] Safepoint "Cleanup", Time since last: 1011598609 ns, Reaching safepoint: 10384755 ns, At safepoint: 9022 ns, Total: 10393777 ns
[2020-09-11T12:35:32.380+0000][1][safepoint    ] Safepoint "Deoptimize", Time since last: 770077211 ns, Reaching safepoint: 108791 ns, At safepoint: 200546 ns, Total: 309337 ns
[2020-09-11T12:35:33.392+0000][1][safepoint    ] Safepoint "Cleanup", Time since last: 1011288333 ns, Reaching safepoint: 261321 ns, At safepoint: 7785 ns, Total: 269106 ns
[2020-09-11T12:35:34.403+0000][1][safepoint    ] Safepoint "Cleanup", Time since last: 1007660281 ns, Reaching safepoint: 4011124 ns, At safepoint: 9006 ns, Total: 4020130 ns
[2020-09-11T12:35:35.407+0000][1][safepoint    ] Safepoint "Cleanup", Time since last: 1001614939 ns, Reaching safepoint: 2402196 ns, At safepoint: 11722 ns, Total: 2413918 ns
[2020-09-11T12:35:36.412+0000][1][safepoint    ] Safepoint "Cleanup", Time since last: 1000104041 ns, Reaching safepoint: 3919074 ns, At safepoint: 14179 ns, Total: 3933253 ns
[2020-09-11T12:35:36.502+0000][1][gc,start     ] GC(17) Pause Young (Allocation Failure)
[2020-09-11T12:35:36.502+0000][1][gc,task      ] GC(17) Using 1 workers of 1 for evacuation
[2020-09-11T12:35:36.655+0000][1][gc,age       ] GC(17) Desired survivor size 4358144 bytes, new threshold 1 (max threshold 6)
[2020-09-11T12:35:36.656+0000][1][gc,age       ] GC(17) Age table with threshold 1 (max threshold 6)
[2020-09-11T12:35:36.656+0000][1][gc,age       ] GC(17) - age   1:    7616328 bytes,    7616328 total
[2020-09-11T12:35:36.656+0000][1][gc,age       ] GC(17) - age   2:      72904 bytes,    7689232 total
[2020-09-11T12:35:36.656+0000][1][gc,age       ] GC(17) - age   3:     188176 bytes,    7877408 total
[2020-09-11T12:35:36.656+0000][1][gc,age       ] GC(17) - age   4:     317736 bytes,    8195144 total
[2020-09-11T12:35:36.656+0000][1][gc,age       ] GC(17) - age   5:     103944 bytes,    8299088 total
[2020-09-11T12:35:36.656+0000][1][gc,age       ] GC(17) - age   6:     203680 bytes,    8502768 total
[2020-09-11T12:35:36.656+0000][1][gc,heap      ] GC(17) ParNew: 72608K->8512K(76672K)
[2020-09-11T12:35:36.656+0000][1][gc,heap      ] GC(17) CMS: 15885K->16423K(2011968K)
[2020-09-11T12:35:36.656+0000][1][gc,metaspace ] GC(17) Metaspace: 29636K->29636K(1077248K)
[2020-09-11T12:35:36.656+0000][1][gc           ] GC(17) Pause Young (Allocation Failure) 86M->24M(2039M) 154.084ms
[2020-09-11T12:35:36.656+0000][1][gc,cpu       ] GC(17) User=0.04s Sys=0.00s Real=0.16s
[2020-09-11T12:35:36.677+0000][1][safepoint    ] Safepoint "GenCollectForAllocation", Time since last: 88703872 ns, Reaching safepoint: 1301704 ns, At safepoint: 175374800 ns, Total: 176676504 ns
[2020-09-11T12:35:37.708+0000][1][safepoint    ] Safepoint "Cleanup", Time since last: 1030558773 ns, Reaching safepoint: 596895 ns, At safepoint: 7147 ns, Total: 604042 ns
[2020-09-11T12:35:38.720+0000][1][safepoint    ] Safepoint "Cleanup", Time since last: 1011379473 ns, Reaching safepoint: 110625 ns, At safepoint: 6670 ns, Total: 117295 ns
[2020-09-11T12:35:39.728+0000][1][safepoint    ] Safepoint "Cleanup", Time since last: 1007887287 ns, Reaching safepoint: 114576 ns, At safepoint: 6213 ns, Total: 120789 ns
[2020-09-11T12:35:40.738+0000][1][safepoint    ] Safepoint "Cleanup", Time since last: 1009971533 ns, Reaching safepoint: 109568 ns, At safepoint: 5728 ns, Total: 115296 ns
[2020-09-11T12:35:41.656+0000][1][gc,start     ] GC(18) Pause Young (Allocation Failure)
[2020-09-11T12:35:41.656+0000][1][gc,task      ] GC(18) Using 1 workers of 1 for evacuation
[2020-09-11T12:35:41.949+0000][1][gc,age       ] GC(18) Desired survivor size 4358144 bytes, new threshold 1 (max threshold 6)
[2020-09-11T12:35:41.949+0000][1][gc,age       ] GC(18) Age table with threshold 1 (max threshold 6)
[2020-09-11T12:35:41.949+0000][1][gc,age       ] GC(18) - age   1:    8126856 bytes,    8126856 total
[2020-09-11T12:35:41.949+0000][1][gc,heap      ] GC(18) ParNew: 76672K->8512K(76672K)
[2020-09-11T12:35:41.949+0000][1][gc,heap      ] GC(18) CMS: 16423K->25104K(2011968K)
[2020-09-11T12:35:41.949+0000][1][gc,metaspace ] GC(18) Metaspace: 29790K->29790K(1077248K)
[2020-09-11T12:35:41.949+0000][1][gc           ] GC(18) Pause Young (Allocation Failure) 90M->32M(2039M) 293.111ms
[2020-09-11T12:35:41.949+0000][1][gc,cpu       ] GC(18) User=0.07s Sys=0.00s Real=0.29s
[2020-09-11T12:35:41.979+0000][1][safepoint    ] Safepoint "GenCollectForAllocation", Time since last: 917801450 ns, Reaching safepoint: 117618 ns, At safepoint: 323886872 ns, Total: 324004490 ns
[2020-09-11T12:35:43.009+0000][1][safepoint    ] Safepoint "Cleanup", Time since last: 1020111305 ns, Reaching safepoint: 8968476 ns, At safepoint: 10457 ns, Total: 8978933 ns
[2020-09-11T12:35:44.069+0000][1][safepoint    ] Safepoint "RevokeBias", Time since last: 1060084747 ns, Reaching safepoint: 105721 ns, At safepoint: 34382 ns, Total: 140103 ns
[2020-09-11T12:35:45.080+0000][1][safepoint    ] Safepoint "Cleanup", Time since last: 1010659574 ns, Reaching safepoint: 925866 ns, At safepoint: 6760 ns, Total: 932626 ns
[2020-09-11T12:35:46.081+0000][1][safepoint    ] Safepoint "Cleanup", Time since last: 1000110090 ns, Reaching safepoint: 99664 ns, At safepoint: 5676 ns, Total: 105340 ns
[2020-09-11T12:35:46.108+0000][1][gc,start     ] GC(19) Pause Young (Allocation Failure)
[2020-09-11T12:35:46.108+0000][1][gc,task      ] GC(19) Using 1 workers of 1 for evacuation
[2020-09-11T12:35:46.499+0000][1][gc,age       ] GC(19) Desired survivor size 4358144 bytes, new threshold 1 (max threshold 6)
[2020-09-11T12:35:46.499+0000][1][gc,age       ] GC(19) Age table with threshold 1 (max threshold 6)
[2020-09-11T12:35:46.499+0000][1][gc,age       ] GC(19) - age   1:    8716128 bytes,    8716128 total
[2020-09-11T12:35:46.499+0000][1][gc,heap      ] GC(19) ParNew: 76672K->8512K(76672K)
[2020-09-11T12:35:46.499+0000][1][gc,heap      ] GC(19) CMS: 25104K->33735K(2011968K)
[2020-09-11T12:35:46.499+0000][1][gc,metaspace ] GC(19) Metaspace: 29864K->29864K(1077248K)
[2020-09-11T12:35:46.499+0000][1][gc           ] GC(19) Pause Young (Allocation Failure) 99M->41M(2039M) 391.365ms
[2020-09-11T12:35:46.499+0000][1][gc,cpu       ] GC(19) User=0.10s Sys=0.00s Real=0.39s
[2020-09-11T12:35:46.499+0000][1][safepoint    ] Safepoint "GenCollectForAllocation", Time since last: 26942050 ns, Reaching safepoint: 100944 ns, At safepoint: 391452780 ns, Total: 391553724 ns
[2020-09-11T12:35:47.530+0000][1][safepoint    ] Safepoint "Cleanup", Time since last: 1028412727 ns, Reaching safepoint: 2059823 ns, At safepoint: 9315 ns, Total: 2069138 ns
[2020-09-11T12:35:48.539+0000][1][safepoint    ] Safepoint "Cleanup", Time since last: 1007151330 ns, Reaching safepoint: 2781099 ns, At safepoint: 8379 ns, Total: 2789478 ns
[2020-09-11T12:35:49.196+0000][1][safepoint    ] Safepoint "RevokeBias", Time since last: 656781752 ns, Reaching safepoint: 107972 ns, At safepoint: 34972 ns, Total: 142944 ns
[2020-09-11T12:35:50.197+0000][1][safepoint    ] Safepoint "Cleanup", Time since last: 1000106671 ns, Reaching safepoint: 97205 ns, At safepoint: 5939 ns, Total: 103144 ns
[2020-09-11T12:35:50.387+0000][1][gc,start     ] GC(20) Pause Young (Allocation Failure)
[2020-09-11T12:35:50.387+0000][1][gc,task      ] GC(20) Using 1 workers of 1 for evacuation
[2020-09-11T12:35:50.598+0000][1][gc,age       ] GC(20) Desired survivor size 4358144 bytes, new threshold 6 (max threshold 6)
[2020-09-11T12:35:50.598+0000][1][gc,age       ] GC(20) Age table with threshold 6 (max threshold 6)
[2020-09-11T12:35:50.598+0000][1][gc,age       ] GC(20) - age   1:    3716992 bytes,    3716992 total
[2020-09-11T12:35:50.598+0000][1][gc,heap      ] GC(20) ParNew: 76672K->8307K(76672K)
[2020-09-11T12:35:50.598+0000][1][gc,heap      ] GC(20) CMS: 33735K->41988K(2011968K)
[2020-09-11T12:35:50.598+0000][1][gc,metaspace ] GC(20) Metaspace: 32075K->32075K(1079296K)
[2020-09-11T12:35:50.611+0000][1][gc           ] GC(20) Pause Young (Allocation Failure) 107M->49M(2039M) 224.020ms
[2020-09-11T12:35:50.611+0000][1][gc,cpu       ] GC(20) User=0.04s Sys=0.00s Real=0.22s
[2020-09-11T12:35:50.622+0000][1][safepoint    ] Safepoint "GenCollectForAllocation", Time since last: 190517998 ns, Reaching safepoint: 291621 ns, At safepoint: 234868189 ns, Total: 235159810 ns
[2020-09-11T12:35:51.230+0000][1][safepoint    ] Safepoint "Deoptimize", Time since last: 605323455 ns, Reaching safepoint: 1922385 ns, At safepoint: 255763 ns, Total: 2178148 ns
[2020-09-11T12:35:52.236+0000][1][safepoint    ] Safepoint "Cleanup", Time since last: 1001619302 ns, Reaching safepoint: 4086352 ns, At safepoint: 10127 ns, Total: 4096479 ns
[2020-09-11T12:35:53.261+0000][1][safepoint    ] Safepoint "Cleanup", Time since last: 1007895311 ns, Reaching safepoint: 17159036 ns, At safepoint: 8729 ns, Total: 17167765 ns
[2020-09-11T12:35:54.208+0000][1][safepoint    ] Safepoint "Deoptimize", Time since last: 946859422 ns, Reaching safepoint: 111892 ns, At safepoint: 273593 ns, Total: 385485 ns
[2020-09-11T12:35:55.209+0000][1][safepoint    ] Safepoint "Cleanup", Time since last: 1000874334 ns, Reaching safepoint: 119969 ns, At safepoint: 5914 ns, Total: 125883 ns
[2020-09-11T12:35:55.490+0000][1][gc,start     ] GC(21) Pause Young (Allocation Failure)
[2020-09-11T12:35:55.490+0000][1][gc,task      ] GC(21) Using 1 workers of 1 for evacuation
[2020-09-11T12:35:55.576+0000][1][gc,age       ] GC(21) Desired survivor size 4358144 bytes, new threshold 2 (max threshold 6)
[2020-09-11T12:35:55.576+0000][1][gc,age       ] GC(21) Age table with threshold 2 (max threshold 6)
[2020-09-11T12:35:55.576+0000][1][gc,age       ] GC(21) - age   1:    1041712 bytes,    1041712 total
[2020-09-11T12:35:55.576+0000][1][gc,age       ] GC(21) - age   2:    3623512 bytes,    4665224 total
[2020-09-11T12:35:55.576+0000][1][gc,heap      ] GC(21) ParNew: 76467K->6876K(76672K)
[2020-09-11T12:35:55.576+0000][1][gc,heap      ] GC(21) CMS: 41988K->41988K(2011968K)
[2020-09-11T12:35:55.576+0000][1][gc,metaspace ] GC(21) Metaspace: 32369K->32369K(1079296K)
[2020-09-11T12:35:55.576+0000][1][gc           ] GC(21) Pause Young (Allocation Failure) 115M->47M(2039M) 85.853ms
[2020-09-11T12:35:55.576+0000][1][gc,cpu       ] GC(21) User=0.02s Sys=0.00s Real=0.09s
[2020-09-11T12:35:55.590+0000][1][safepoint    ] Safepoint "GenCollectForAllocation", Time since last: 280958177 ns, Reaching safepoint: 101703 ns, At safepoint: 100546450 ns, Total: 100648153 ns
[2020-09-11T12:35:56.620+0000][1][safepoint    ] Safepoint "Cleanup", Time since last: 1028990749 ns, Reaching safepoint: 133986 ns, At safepoint: 5836 ns, Total: 139822 ns
[2020-09-11T12:35:57.222+0000][1][gc,start     ] GC(22) Pause Young (Allocation Failure)
[2020-09-11T12:35:57.222+0000][1][gc,task      ] GC(22) Using 1 workers of 1 for evacuation
[2020-09-11T12:35:57.316+0000][1][gc,age       ] GC(22) Desired survivor size 4358144 bytes, new threshold 6 (max threshold 6)
[2020-09-11T12:35:57.316+0000][1][gc,age       ] GC(22) Age table with threshold 6 (max threshold 6)
[2020-09-11T12:35:57.316+0000][1][gc,age       ] GC(22) - age   1:     249656 bytes,     249656 total
[2020-09-11T12:35:57.316+0000][1][gc,age       ] GC(22) - age   2:     439496 bytes,     689152 total
[2020-09-11T12:35:57.316+0000][1][gc,heap      ] GC(22) ParNew: 75036K->4276K(76672K)
[2020-09-11T12:35:57.316+0000][1][gc,heap      ] GC(22) CMS: 41988K->45544K(2011968K)
[2020-09-11T12:35:57.316+0000][1][gc,metaspace ] GC(22) Metaspace: 32380K->32380K(1079296K)
[2020-09-11T12:35:57.316+0000][1][gc           ] GC(22) Pause Young (Allocation Failure) 114M->48M(2039M) 94.214ms
[2020-09-11T12:35:57.316+0000][1][gc,cpu       ] GC(22) User=0.02s Sys=0.00s Real=0.10s
[2020-09-11T12:35:57.328+0000][1][safepoint    ] Safepoint "GenCollectForAllocation", Time since last: 598141523 ns, Reaching safepoint: 3843158 ns, At safepoint: 106003780 ns, Total: 109846938 ns
[2020-09-11T12:35:58.271+0000][1][gc,start     ] GC(23) Pause Young (Allocation Failure)
[2020-09-11T12:35:58.271+0000][1][gc,task      ] GC(23) Using 1 workers of 1 for evacuation
[2020-09-11T12:35:58.324+0000][1][gc,age       ] GC(23) Desired survivor size 4358144 bytes, new threshold 6 (max threshold 6)
[2020-09-11T12:35:58.324+0000][1][gc,age       ] GC(23) Age table with threshold 6 (max threshold 6)
[2020-09-11T12:35:58.324+0000][1][gc,age       ] GC(23) - age   1:        224 bytes,        224 total
[2020-09-11T12:35:58.324+0000][1][gc,age       ] GC(23) - age   2:     249432 bytes,     249656 total
[2020-09-11T12:35:58.324+0000][1][gc,age       ] GC(23) - age   3:     439496 bytes,     689152 total
[2020-09-11T12:35:58.324+0000][1][gc,heap      ] GC(23) ParNew: 72436K->1195K(76672K)
[2020-09-11T12:35:58.324+0000][1][gc,heap      ] GC(23) CMS: 45544K->45544K(2011968K)
[2020-09-11T12:35:58.324+0000][1][gc,metaspace ] GC(23) Metaspace: 32381K->32381K(1079296K)
[2020-09-11T12:35:58.324+0000][1][gc           ] GC(23) Pause Young (Allocation Failure) 115M->45M(2039M) 53.001ms
[2020-09-11T12:35:58.324+0000][1][gc,cpu       ] GC(23) User=0.01s Sys=0.00s Real=0.06s
[2020-09-11T12:35:58.339+0000][1][safepoint    ] Safepoint "GenCollectForAllocation", Time since last: 940550449 ns, Reaching safepoint: 3050052 ns, At safepoint: 68303951 ns, Total: 71354003 ns
[2020-09-11T12:35:58.815+0000][1][gc,start     ] GC(24) Pause Young (Allocation Failure)
[2020-09-11T12:35:58.815+0000][1][gc,task      ] GC(24) Using 1 workers of 1 for evacuation
[2020-09-11T12:35:58.884+0000][1][gc,age       ] GC(24) Desired survivor size 4358144 bytes, new threshold 6 (max threshold 6)
[2020-09-11T12:35:58.884+0000][1][gc,age       ] GC(24) Age table with threshold 6 (max threshold 6)
[2020-09-11T12:35:58.884+0000][1][gc,age       ] GC(24) - age   1:        224 bytes,        224 total
[2020-09-11T12:35:58.884+0000][1][gc,age       ] GC(24) - age   3:     249432 bytes,     249656 total
[2020-09-11T12:35:58.884+0000][1][gc,age       ] GC(24) - age   4:     439496 bytes,     689152 total
[2020-09-11T12:35:58.884+0000][1][gc,heap      ] GC(24) ParNew: 69355K->1102K(76672K)
[2020-09-11T12:35:58.884+0000][1][gc,heap      ] GC(24) CMS: 45544K->45544K(2011968K)
[2020-09-11T12:35:58.884+0000][1][gc,metaspace ] GC(24) Metaspace: 32385K->32385K(1079296K)
[2020-09-11T12:35:58.884+0000][1][gc           ] GC(24) Pause Young (Allocation Failure) 112M->45M(2039M) 69.265ms
[2020-09-11T12:35:58.884+0000][1][gc,cpu       ] GC(24) User=0.01s Sys=0.00s Real=0.08s
[2020-09-11T12:35:58.899+0000][1][safepoint    ] Safepoint "GenCollectForAllocation", Time since last: 475484576 ns, Reaching safepoint: 104406 ns, At safepoint: 84431145 ns, Total: 84535551 ns
[2020-09-11T12:35:59.336+0000][1][gc,start     ] GC(25) Pause Young (Allocation Failure)
[2020-09-11T12:35:59.336+0000][1][gc,task      ] GC(25) Using 1 workers of 1 for evacuation
[2020-09-11T12:35:59.423+0000][1][gc,age       ] GC(25) Desired survivor size 4358144 bytes, new threshold 6 (max threshold 6)
[2020-09-11T12:35:59.423+0000][1][gc,age       ] GC(25) Age table with threshold 6 (max threshold 6)
[2020-09-11T12:35:59.423+0000][1][gc,age       ] GC(25) - age   1:         48 bytes,         48 total
[2020-09-11T12:35:59.423+0000][1][gc,age       ] GC(25) - age   4:     249432 bytes,     249480 total
[2020-09-11T12:35:59.423+0000][1][gc,age       ] GC(25) - age   5:     439496 bytes,     688976 total
[2020-09-11T12:35:59.423+0000][1][gc,heap      ] GC(25) ParNew: 69262K->1285K(76672K)
[2020-09-11T12:35:59.423+0000][1][gc,heap      ] GC(25) CMS: 45544K->45544K(2011968K)
[2020-09-11T12:35:59.423+0000][1][gc,metaspace ] GC(25) Metaspace: 32385K->32385K(1079296K)
[2020-09-11T12:35:59.423+0000][1][gc           ] GC(25) Pause Young (Allocation Failure) 112M->45M(2039M) 87.068ms
[2020-09-11T12:35:59.423+0000][1][gc,cpu       ] GC(25) User=0.03s Sys=0.00s Real=0.08s
[2020-09-11T12:35:59.447+0000][1][safepoint    ] Safepoint "GenCollectForAllocation", Time since last: 435981898 ns, Reaching safepoint: 103823 ns, At safepoint: 111856949 ns, Total: 111960772 ns
[2020-09-11T12:35:59.868+0000][1][gc,start     ] GC(26) Pause Young (Allocation Failure)
[2020-09-11T12:35:59.868+0000][1][gc,task      ] GC(26) Using 1 workers of 1 for evacuation
[2020-09-11T12:35:59.909+0000][1][gc,age       ] GC(26) Desired survivor size 4358144 bytes, new threshold 6 (max threshold 6)
[2020-09-11T12:35:59.909+0000][1][gc,age       ] GC(26) Age table with threshold 6 (max threshold 6)
[2020-09-11T12:35:59.909+0000][1][gc,age       ] GC(26) - age   1:        224 bytes,        224 total
[2020-09-11T12:35:59.909+0000][1][gc,age       ] GC(26) - age   5:     249432 bytes,     249656 total
[2020-09-11T12:35:59.909+0000][1][gc,age       ] GC(26) - age   6:     439496 bytes,     689152 total
[2020-09-11T12:35:59.909+0000][1][gc,heap      ] GC(26) ParNew: 69445K->825K(76672K)
[2020-09-11T12:35:59.909+0000][1][gc,heap      ] GC(26) CMS: 45544K->45544K(2011968K)
[2020-09-11T12:35:59.909+0000][1][gc,metaspace ] GC(26) Metaspace: 32385K->32385K(1079296K)
[2020-09-11T12:35:59.909+0000][1][gc           ] GC(26) Pause Young (Allocation Failure) 112M->45M(2039M) 41.460ms
[2020-09-11T12:35:59.909+0000][1][gc,cpu       ] GC(26) User=0.02s Sys=0.00s Real=0.04s
[2020-09-11T12:35:59.912+0000][1][safepoint    ] Safepoint "GenCollectForAllocation", Time since last: 420102977 ns, Reaching safepoint: 108312 ns, At safepoint: 44127103 ns, Total: 44235415 ns
[2020-09-11T12:36:00.378+0000][1][gc,start     ] GC(27) Pause Young (Allocation Failure)
[2020-09-11T12:36:00.378+0000][1][gc,task      ] GC(27) Using 1 workers of 1 for evacuation
[2020-09-11T12:36:00.454+0000][1][gc,age       ] GC(27) Desired survivor size 4358144 bytes, new threshold 6 (max threshold 6)
[2020-09-11T12:36:00.454+0000][1][gc,age       ] GC(27) Age table with threshold 6 (max threshold 6)
[2020-09-11T12:36:00.454+0000][1][gc,age       ] GC(27) - age   1:        208 bytes,        208 total
[2020-09-11T12:36:00.454+0000][1][gc,age       ] GC(27) - age   6:     249432 bytes,     249640 total
[2020-09-11T12:36:00.454+0000][1][gc,heap      ] GC(27) ParNew: 68985K->607K(76672K)
[2020-09-11T12:36:00.454+0000][1][gc,heap      ] GC(27) CMS: 45544K->45974K(2011968K)
[2020-09-11T12:36:00.454+0000][1][gc,metaspace ] GC(27) Metaspace: 32385K->32385K(1079296K)
[2020-09-11T12:36:00.454+0000][1][gc           ] GC(27) Pause Young (Allocation Failure) 111M->45M(2039M) 75.969ms
[2020-09-11T12:36:00.454+0000][1][gc,cpu       ] GC(27) User=0.02s Sys=0.00s Real=0.07s
[2020-09-11T12:36:00.478+0000][1][safepoint    ] Safepoint "GenCollectForAllocation", Time since last: 466235845 ns, Reaching safepoint: 105228 ns, At safepoint: 99851320 ns, Total: 99956548 ns
[2020-09-11T12:36:00.873+0000][1][gc,start     ] GC(28) Pause Young (Allocation Failure)
[2020-09-11T12:36:00.873+0000][1][gc,task      ] GC(28) Using 1 workers of 1 for evacuation
[2020-09-11T12:36:00.940+0000][1][gc,age       ] GC(28) Desired survivor size 4358144 bytes, new threshold 6 (max threshold 6)
[2020-09-11T12:36:00.940+0000][1][gc,age       ] GC(28) Age table with threshold 6 (max threshold 6)
[2020-09-11T12:36:00.940+0000][1][gc,age       ] GC(28) - age   1:        224 bytes,        224 total
[2020-09-11T12:36:00.940+0000][1][gc,heap      ] GC(28) ParNew: 68767K->243K(76672K)
[2020-09-11T12:36:00.940+0000][1][gc,heap      ] GC(28) CMS: 45974K->46217K(2011968K)
[2020-09-11T12:36:00.940+0000][1][gc,metaspace ] GC(28) Metaspace: 32385K->32385K(1079296K)
[2020-09-11T12:36:00.940+0000][1][gc           ] GC(28) Pause Young (Allocation Failure) 112M->45M(2039M) 67.803ms
[2020-09-11T12:36:00.940+0000][1][gc,cpu       ] GC(28) User=0.02s Sys=0.00s Real=0.07s
[2020-09-11T12:36:00.961+0000][1][safepoint    ] Safepoint "GenCollectForAllocation", Time since last: 394613516 ns, Reaching safepoint: 99293 ns, At safepoint: 87851530 ns, Total: 87950823 ns
[2020-09-11T12:36:01.345+0000][1][gc,start     ] GC(29) Pause Young (Allocation Failure)
[2020-09-11T12:36:01.345+0000][1][gc,task      ] GC(29) Using 1 workers of 1 for evacuation
[2020-09-11T12:36:01.436+0000][1][gc,age       ] GC(29) Desired survivor size 4358144 bytes, new threshold 6 (max threshold 6)
[2020-09-11T12:36:01.436+0000][1][gc,age       ] GC(29) Age table with threshold 6 (max threshold 6)
[2020-09-11T12:36:01.436+0000][1][gc,age       ] GC(29) - age   1:         24 bytes,         24 total
[2020-09-11T12:36:01.436+0000][1][gc,age       ] GC(29) - age   2:         72 bytes,         96 total
[2020-09-11T12:36:01.436+0000][1][gc,heap      ] GC(29) ParNew: 68403K->60K(76672K)
[2020-09-11T12:36:01.436+0000][1][gc,heap      ] GC(29) CMS: 46217K->46217K(2011968K)
[2020-09-11T12:36:01.437+0000][1][gc,metaspace ] GC(29) Metaspace: 32385K->32385K(1079296K)
[2020-09-11T12:36:01.437+0000][1][gc           ] GC(29) Pause Young (Allocation Failure) 111M->45M(2039M) 91.442ms
[2020-09-11T12:36:01.437+0000][1][gc,cpu       ] GC(29) User=0.02s Sys=0.00s Real=0.09s
[2020-09-11T12:36:01.437+0000][1][safepoint    ] Safepoint "GenCollectForAllocation", Time since last: 384475111 ns, Reaching safepoint: 97604 ns, At safepoint: 91524246 ns, Total: 91621850 ns
[2020-09-11T12:36:01.827+0000][1][gc,start     ] GC(30) Pause Young (Allocation Failure)
[2020-09-11T12:36:01.827+0000][1][gc,task      ] GC(30) Using 1 workers of 1 for evacuation
[2020-09-11T12:36:01.911+0000][1][gc,age       ] GC(30) Desired survivor size 4358144 bytes, new threshold 6 (max threshold 6)
[2020-09-11T12:36:01.911+0000][1][gc,age       ] GC(30) Age table with threshold 6 (max threshold 6)
[2020-09-11T12:36:01.911+0000][1][gc,age       ] GC(30) - age   1:         64 bytes,         64 total
[2020-09-11T12:36:01.911+0000][1][gc,age       ] GC(30) - age   3:         72 bytes,        136 total
[2020-09-11T12:36:01.911+0000][1][gc,heap      ] GC(30) ParNew: 68220K->15K(76672K)
[2020-09-11T12:36:01.911+0000][1][gc,heap      ] GC(30) CMS: 46217K->46217K(2011968K)
[2020-09-11T12:36:01.911+0000][1][gc,metaspace ] GC(30) Metaspace: 32385K->32385K(1079296K)
[2020-09-11T12:36:01.911+0000][1][gc           ] GC(30) Pause Young (Allocation Failure) 111M->45M(2039M) 84.216ms
[2020-09-11T12:36:01.911+0000][1][gc,cpu       ] GC(30) User=0.02s Sys=0.00s Real=0.08s
[2020-09-11T12:36:01.911+0000][1][safepoint    ] Safepoint "GenCollectForAllocation", Time since last: 390097662 ns, Reaching safepoint: 106759 ns, At safepoint: 84297727 ns, Total: 84404486 ns
[2020-09-11T12:36:02.288+0000][1][gc,start     ] GC(31) Pause Young (Allocation Failure)
[2020-09-11T12:36:02.288+0000][1][gc,task      ] GC(31) Using 1 workers of 1 for evacuation
[2020-09-11T12:36:02.373+0000][1][gc,age       ] GC(31) Desired survivor size 4358144 bytes, new threshold 6 (max threshold 6)
[2020-09-11T12:36:02.373+0000][1][gc,age       ] GC(31) Age table with threshold 6 (max threshold 6)
[2020-09-11T12:36:02.373+0000][1][gc,age       ] GC(31) - age   1:         24 bytes,         24 total
[2020-09-11T12:36:02.373+0000][1][gc,age       ] GC(31) - age   4:         72 bytes,         96 total
[2020-09-11T12:36:02.373+0000][1][gc,heap      ] GC(31) ParNew: 68175K->3K(76672K)
[2020-09-11T12:36:02.373+0000][1][gc,heap      ] GC(31) CMS: 46217K->46217K(2011968K)
[2020-09-11T12:36:02.373+0000][1][gc,metaspace ] GC(31) Metaspace: 32385K->32385K(1079296K)
[2020-09-11T12:36:02.373+0000][1][gc           ] GC(31) Pause Young (Allocation Failure) 111M->45M(2039M) 84.519ms
[2020-09-11T12:36:02.373+0000][1][gc,cpu       ] GC(31) User=0.02s Sys=0.00s Real=0.08s
[2020-09-11T12:36:02.379+0000][1][safepoint    ] Safepoint "GenCollectForAllocation", Time since last: 377049806 ns, Reaching safepoint: 97960 ns, At safepoint: 91194595 ns, Total: 91292555 ns
[2020-09-11T12:36:02.776+0000][1][gc,start     ] GC(32) Pause Young (Allocation Failure)
[2020-09-11T12:36:02.776+0000][1][gc,task      ] GC(32) Using 1 workers of 1 for evacuation
[2020-09-11T12:36:02.824+0000][1][gc,age       ] GC(32) Desired survivor size 4358144 bytes, new threshold 6 (max threshold 6)
[2020-09-11T12:36:02.824+0000][1][gc,age       ] GC(32) Age table with threshold 6 (max threshold 6)
[2020-09-11T12:36:02.824+0000][1][gc,age       ] GC(32) - age   1:        200 bytes,        200 total
[2020-09-11T12:36:02.824+0000][1][gc,age       ] GC(32) - age   5:         72 bytes,        272 total
[2020-09-11T12:36:02.824+0000][1][gc,heap      ] GC(32) ParNew: 68163K->2K(76672K)
[2020-09-11T12:36:02.824+0000][1][gc,heap      ] GC(32) CMS: 46217K->46217K(2011968K)
[2020-09-11T12:36:02.824+0000][1][gc,metaspace ] GC(32) Metaspace: 32385K->32385K(1079296K)
[2020-09-11T12:36:02.824+0000][1][gc           ] GC(32) Pause Young (Allocation Failure) 111M->45M(2039M) 48.243ms
[2020-09-11T12:36:02.824+0000][1][gc,cpu       ] GC(32) User=0.01s Sys=0.00s Real=0.05s
[2020-09-11T12:36:02.835+0000][1][safepoint    ] Safepoint "GenCollectForAllocation", Time since last: 395976602 ns, Reaching safepoint: 120262 ns, At safepoint: 59538932 ns, Total: 59659194 ns
[2020-09-11T12:36:03.035+0000][1][gc,start     ] GC(33) Pause Young (Allocation Failure)
[2020-09-11T12:36:03.035+0000][1][gc,task      ] GC(33) Using 1 workers of 1 for evacuation
[2020-09-11T12:36:03.084+0000][1][gc,age       ] GC(33) Desired survivor size 4358144 bytes, new threshold 6 (max threshold 6)
[2020-09-11T12:36:03.084+0000][1][gc,age       ] GC(33) Age table with threshold 6 (max threshold 6)
[2020-09-11T12:36:03.084+0000][1][gc,age       ] GC(33) - age   1:         24 bytes,         24 total
[2020-09-11T12:36:03.084+0000][1][gc,age       ] GC(33) - age   6:         72 bytes,         96 total
[2020-09-11T12:36:03.084+0000][1][gc,heap      ] GC(33) ParNew: 68162K->2K(76672K)
[2020-09-11T12:36:03.084+0000][1][gc,heap      ] GC(33) CMS: 46217K->46217K(2011968K)
[2020-09-11T12:36:03.084+0000][1][gc,metaspace ] GC(33) Metaspace: 32385K->32385K(1079296K)
[2020-09-11T12:36:03.084+0000][1][gc           ] GC(33) Pause Young (Allocation Failure) 111M->45M(2039M) 48.747ms
[2020-09-11T12:36:03.084+0000][1][gc,cpu       ] GC(33) User=0.02s Sys=0.00s Real=0.06s
[2020-09-11T12:36:03.084+0000][1][safepoint    ] Safepoint "GenCollectForAllocation", Time since last: 197770968 ns, Reaching safepoint: 2314375 ns, At safepoint: 48825586 ns, Total: 51139961 ns
[2020-09-11T12:36:04.123+0000][1][safepoint    ] Safepoint "Cleanup", Time since last: 1031474962 ns, Reaching safepoint: 7985807 ns, At safepoint: 10465 ns, Total: 7996272 ns
[2020-09-11T12:36:05.076+0000][1][safepoint    ] Safepoint "RevokeBias", Time since last: 944029253 ns, Reaching safepoint: 8189050 ns, At safepoint: 65480 ns, Total: 8254530 ns
[2020-09-11T12:36:05.076+0000][1][safepoint    ] Safepoint "RevokeBias", Time since last: 78139 ns, Reaching safepoint: 82462 ns, At safepoint: 40116 ns, Total: 122578 ns
[2020-09-11T12:36:05.076+0000][1][safepoint    ] Safepoint "RevokeBias", Time since last: 31560 ns, Reaching safepoint: 80439 ns, At safepoint: 38525 ns, Total: 118964 ns
[2020-09-11T12:36:05.080+0000][1][safepoint    ] Safepoint "RevokeBias", Time since last: 3479605 ns, Reaching safepoint: 93455 ns, At safepoint: 47695 ns, Total: 141150 ns
[2020-09-11T12:36:05.080+0000][1][safepoint    ] Safepoint "BulkRevokeBias", Time since last: 80828 ns, Reaching safepoint: 80261 ns, At safepoint: 63344 ns, Total: 143605 ns
[2020-09-11T12:36:05.080+0000][1][safepoint    ] Safepoint "RevokeBias", Time since last: 167889 ns, Reaching safepoint: 79392 ns, At safepoint: 38853 ns, Total: 118245 ns
[2020-09-11T12:36:09.099+0000][1][safepoint    ] Safepoint "Cleanup", Time since last: 4011171648 ns, Reaching safepoint: 7156841 ns, At safepoint: 10802 ns, Total: 7167643 ns
[2020-09-11T12:36:09.861+0000][1][gc,start     ] GC(34) Pause Young (Allocation Failure)
[2020-09-11T12:36:09.861+0000][1][gc,task      ] GC(34) Using 1 workers of 1 for evacuation
[2020-09-11T12:36:09.946+0000][1][gc,age       ] GC(34) Desired survivor size 4358144 bytes, new threshold 6 (max threshold 6)
[2020-09-11T12:36:09.971+0000][1][gc,age       ] GC(34) Age table with threshold 6 (max threshold 6)
[2020-09-11T12:36:09.971+0000][1][gc,age       ] GC(34) - age   1:     277272 bytes,     277272 total
[2020-09-11T12:36:09.971+0000][1][gc,heap      ] GC(34) ParNew: 68162K->272K(76672K)
[2020-09-11T12:36:09.971+0000][1][gc,heap      ] GC(34) CMS: 46217K->46217K(2011968K)
[2020-09-11T12:36:09.971+0000][1][gc,metaspace ] GC(34) Metaspace: 32407K->32407K(1079296K)
[2020-09-11T12:36:09.972+0000][1][gc           ] GC(34) Pause Young (Allocation Failure) 111M->45M(2039M) 110.682ms
[2020-09-11T12:36:09.972+0000][1][gc,cpu       ] GC(34) User=0.03s Sys=0.00s Real=0.11s
[2020-09-11T12:36:09.972+0000][1][safepoint    ] Safepoint "GenCollectForAllocation", Time since last: 762153952 ns, Reaching safepoint: 105904 ns, At safepoint: 110740419 ns, Total: 110846323 ns
[2020-09-11T12:36:11.282+0000][1][gc,start     ] GC(35) Pause Young (Allocation Failure)
[2020-09-11T12:36:11.282+0000][1][gc,task      ] GC(35) Using 1 workers of 1 for evacuation
[2020-09-11T12:36:11.359+0000][1][gc,age       ] GC(35) Desired survivor size 4358144 bytes, new threshold 6 (max threshold 6)
[2020-09-11T12:36:11.359+0000][1][gc,age       ] GC(35) Age table with threshold 6 (max threshold 6)
[2020-09-11T12:36:11.359+0000][1][gc,age       ] GC(35) - age   1:     510816 bytes,     510816 total
[2020-09-11T12:36:11.359+0000][1][gc,age       ] GC(35) - age   2:     184120 bytes,     694936 total
[2020-09-11T12:36:11.359+0000][1][gc,heap      ] GC(35) ParNew: 68432K->680K(76672K)
[2020-09-11T12:36:11.359+0000][1][gc,heap      ] GC(35) CMS: 46217K->46217K(2011968K)
[2020-09-11T12:36:11.359+0000][1][gc,metaspace ] GC(35) Metaspace: 32407K->32407K(1079296K)
[2020-09-11T12:36:11.359+0000][1][gc           ] GC(35) Pause Young (Allocation Failure) 111M->45M(2039M) 77.319ms
[2020-09-11T12:36:11.359+0000][1][gc,cpu       ] GC(35) User=0.02s Sys=0.00s Real=0.08s
[2020-09-11T12:36:11.375+0000][1][safepoint    ] Safepoint "GenCollectForAllocation", Time since last: 1310185857 ns, Reaching safepoint: 103947 ns, At safepoint: 93545000 ns, Total: 93648947 ns
[2020-09-11T12:36:12.394+0000][1][safepoint    ] Safepoint "Cleanup", Time since last: 1017715421 ns, Reaching safepoint: 920874 ns, At safepoint: 6231 ns, Total: 927105 ns
[2020-09-11T12:36:12.589+0000][1][gc,start     ] GC(36) Pause Young (Allocation Failure)
[2020-09-11T12:36:12.590+0000][1][gc,task      ] GC(36) Using 1 workers of 1 for evacuation
[2020-09-11T12:36:12.659+0000][1][gc,age       ] GC(36) Desired survivor size 4358144 bytes, new threshold 6 (max threshold 6)
[2020-09-11T12:36:12.659+0000][1][gc,age       ] GC(36) Age table with threshold 6 (max threshold 6)
[2020-09-11T12:36:12.659+0000][1][gc,age       ] GC(36) - age   1:     641936 bytes,     641936 total
[2020-09-11T12:36:12.659+0000][1][gc,age       ] GC(36) - age   2:     339856 bytes,     981792 total
[2020-09-11T12:36:12.659+0000][1][gc,age       ] GC(36) - age   3:     183400 bytes,    1165192 total
[2020-09-11T12:36:12.659+0000][1][gc,heap      ] GC(36) ParNew: 68840K->1138K(76672K)
[2020-09-11T12:36:12.659+0000][1][gc,heap      ] GC(36) CMS: 46217K->46217K(2011968K)
[2020-09-11T12:36:12.659+0000][1][gc,metaspace ] GC(36) Metaspace: 32408K->32408K(1079296K)
[2020-09-11T12:36:12.659+0000][1][gc           ] GC(36) Pause Young (Allocation Failure) 112M->46M(2039M) 69.251ms
[2020-09-11T12:36:12.659+0000][1][gc,cpu       ] GC(36) User=0.02s Sys=0.00s Real=0.07s
[2020-09-11T12:36:12.685+0000][1][safepoint    ] Safepoint "GenCollectForAllocation", Time since last: 195302987 ns, Reaching safepoint: 103928 ns, At safepoint: 95362155 ns, Total: 95466083 ns
[2020-09-11T12:36:13.712+0000][1][safepoint    ] Safepoint "Cleanup", Time since last: 1026594326 ns, Reaching safepoint: 107242 ns, At safepoint: 5084 ns, Total: 112326 ns
[2020-09-11T12:36:13.772+0000][1][gc,start     ] GC(37) Pause Young (Allocation Failure)
[2020-09-11T12:36:13.772+0000][1][gc,task      ] GC(37) Using 1 workers of 1 for evacuation
[2020-09-11T12:36:13.842+0000][1][gc,age       ] GC(37) Desired survivor size 4358144 bytes, new threshold 6 (max threshold 6)
[2020-09-11T12:36:13.842+0000][1][gc,age       ] GC(37) Age table with threshold 6 (max threshold 6)
[2020-09-11T12:36:13.842+0000][1][gc,age       ] GC(37) - age   1:     620880 bytes,     620880 total
[2020-09-11T12:36:13.842+0000][1][gc,age       ] GC(37) - age   2:     301488 bytes,     922368 total
[2020-09-11T12:36:13.842+0000][1][gc,age       ] GC(37) - age   3:     339672 bytes,    1262040 total
[2020-09-11T12:36:13.842+0000][1][gc,age       ] GC(37) - age   4:     183096 bytes,    1445136 total
[2020-09-11T12:36:13.842+0000][1][gc,heap      ] GC(37) ParNew: 69298K->1439K(76672K)
[2020-09-11T12:36:13.842+0000][1][gc,heap      ] GC(37) CMS: 46217K->46217K(2011968K)
[2020-09-11T12:36:13.842+0000][1][gc,metaspace ] GC(37) Metaspace: 32409K->32409K(1079296K)
[2020-09-11T12:36:13.842+0000][1][gc           ] GC(37) Pause Young (Allocation Failure) 112M->46M(2039M) 70.766ms
[2020-09-11T12:36:13.842+0000][1][gc,cpu       ] GC(37) User=0.02s Sys=0.00s Real=0.07s
[2020-09-11T12:36:13.871+0000][1][safepoint    ] Safepoint "GenCollectForAllocation", Time since last: 59896074 ns, Reaching safepoint: 99917 ns, At safepoint: 99917750 ns, Total: 100017667 ns
[2020-09-11T12:36:15.065+0000][1][gc,start     ] GC(38) Pause Young (Allocation Failure)
[2020-09-11T12:36:15.065+0000][1][gc,task      ] GC(38) Using 1 workers of 1 for evacuation
[2020-09-11T12:36:15.113+0000][1][gc,age       ] GC(38) Desired survivor size 4358144 bytes, new threshold 6 (max threshold 6)
[2020-09-11T12:36:15.113+0000][1][gc,age       ] GC(38) Age table with threshold 6 (max threshold 6)
[2020-09-11T12:36:15.113+0000][1][gc,age       ] GC(38) - age   1:     968200 bytes,     968200 total
[2020-09-11T12:36:15.113+0000][1][gc,age       ] GC(38) - age   2:     264672 bytes,    1232872 total
[2020-09-11T12:36:15.113+0000][1][gc,age       ] GC(38) - age   3:     297464 bytes,    1530336 total
[2020-09-11T12:36:15.113+0000][1][gc,age       ] GC(38) - age   4:     339592 bytes,    1869928 total
[2020-09-11T12:36:15.113+0000][1][gc,age       ] GC(38) - age   5:     182992 bytes,    2052920 total
[2020-09-11T12:36:15.113+0000][1][gc,heap      ] GC(38) ParNew: 69599K->2064K(76672K)
[2020-09-11T12:36:15.113+0000][1][gc,heap      ] GC(38) CMS: 46217K->46217K(2011968K)
[2020-09-11T12:36:15.113+0000][1][gc,metaspace ] GC(38) Metaspace: 32409K->32409K(1079296K)
[2020-09-11T12:36:15.113+0000][1][gc           ] GC(38) Pause Young (Allocation Failure) 113M->47M(2039M) 48.626ms
[2020-09-11T12:36:15.113+0000][1][gc,cpu       ] GC(38) User=0.02s Sys=0.00s Real=0.04s
[2020-09-11T12:36:15.143+0000][1][safepoint    ] Safepoint "GenCollectForAllocation", Time since last: 1192971831 ns, Reaching safepoint: 94936 ns, At safepoint: 78935975 ns, Total: 79030911 ns
[2020-09-11T12:36:15.807+0000][1][gc,start     ] GC(39) Pause Young (Allocation Failure)
[2020-09-11T12:36:15.807+0000][1][gc,task      ] GC(39) Using 1 workers of 1 for evacuation
[2020-09-11T12:36:15.853+0000][1][gc,age       ] GC(39) Desired survivor size 4358144 bytes, new threshold 6 (max threshold 6)
[2020-09-11T12:36:15.853+0000][1][gc,age       ] GC(39) Age table with threshold 6 (max threshold 6)
[2020-09-11T12:36:15.853+0000][1][gc,age       ] GC(39) - age   1:     311392 bytes,     311392 total
[2020-09-11T12:36:15.853+0000][1][gc,age       ] GC(39) - age   2:     955424 bytes,    1266816 total
[2020-09-11T12:36:15.853+0000][1][gc,age       ] GC(39) - age   3:     263416 bytes,    1530232 total
[2020-09-11T12:36:15.853+0000][1][gc,age       ] GC(39) - age   4:     296976 bytes,    1827208 total
[2020-09-11T12:36:15.853+0000][1][gc,age       ] GC(39) - age   5:     339256 bytes,    2166464 total
[2020-09-11T12:36:15.853+0000][1][gc,age       ] GC(39) - age   6:     182952 bytes,    2349416 total
[2020-09-11T12:36:15.853+0000][1][gc,heap      ] GC(39) ParNew: 70224K->2386K(76672K)
[2020-09-11T12:36:15.853+0000][1][gc,heap      ] GC(39) CMS: 46217K->46217K(2011968K)
[2020-09-11T12:36:15.853+0000][1][gc,metaspace ] GC(39) Metaspace: 32409K->32409K(1079296K)
[2020-09-11T12:36:15.853+0000][1][gc           ] GC(39) Pause Young (Allocation Failure) 113M->47M(2039M) 46.523ms
[2020-09-11T12:36:15.853+0000][1][gc,cpu       ] GC(39) User=0.01s Sys=0.00s Real=0.04s
[2020-09-11T12:36:15.853+0000][1][safepoint    ] Safepoint "GenCollectForAllocation", Time since last: 663140505 ns, Reaching safepoint: 65902 ns, At safepoint: 46599588 ns, Total: 46665490 ns
[2020-09-11T12:36:15.918+0000][1][safepoint    ] Safepoint "RevokeBias", Time since last: 64797947 ns, Reaching safepoint: 99845 ns, At safepoint: 28948 ns, Total: 128793 ns
[2020-09-11T12:36:16.479+0000][1][safepoint    ] Safepoint "RevokeBias", Time since last: 560224530 ns, Reaching safepoint: 1044580 ns, At safepoint: 35263 ns, Total: 1079843 ns
[2020-09-11T12:36:16.729+0000][1][gc,start     ] GC(40) Pause Young (Allocation Failure)
[2020-09-11T12:36:16.729+0000][1][gc,task      ] GC(40) Using 1 workers of 1 for evacuation
[2020-09-11T12:36:16.767+0000][1][gc,age       ] GC(40) Desired survivor size 4358144 bytes, new threshold 6 (max threshold 6)
[2020-09-11T12:36:16.767+0000][1][gc,age       ] GC(40) Age table with threshold 6 (max threshold 6)
[2020-09-11T12:36:16.767+0000][1][gc,age       ] GC(40) - age   1:     347672 bytes,     347672 total
[2020-09-11T12:36:16.767+0000][1][gc,age       ] GC(40) - age   2:     301344 bytes,     649016 total
[2020-09-11T12:36:16.767+0000][1][gc,age       ] GC(40) - age   3:     955072 bytes,    1604088 total
[2020-09-11T12:36:16.767+0000][1][gc,age       ] GC(40) - age   4:     263232 bytes,    1867320 total
[2020-09-11T12:36:16.767+0000][1][gc,age       ] GC(40) - age   5:     296856 bytes,    2164176 total
[2020-09-11T12:36:16.767+0000][1][gc,age       ] GC(40) - age   6:     339256 bytes,    2503432 total
[2020-09-11T12:36:16.767+0000][1][gc,heap      ] GC(40) ParNew: 70546K->2618K(76672K)
[2020-09-11T12:36:16.767+0000][1][gc,heap      ] GC(40) CMS: 46217K->46394K(2011968K)
[2020-09-11T12:36:16.767+0000][1][gc,metaspace ] GC(40) Metaspace: 32413K->32413K(1079296K)
[2020-09-11T12:36:16.767+0000][1][gc           ] GC(40) Pause Young (Allocation Failure) 114M->47M(2039M) 37.638ms
[2020-09-11T12:36:16.767+0000][1][gc,cpu       ] GC(40) User=0.01s Sys=0.00s Real=0.04s
[2020-09-11T12:36:16.780+0000][1][safepoint    ] Safepoint "GenCollectForAllocation", Time since last: 247922049 ns, Reaching safepoint: 1683107 ns, At safepoint: 50792404 ns, Total: 52475511 ns
[2020-09-11T12:36:17.110+0000][1][gc,start     ] GC(41) Pause Young (Allocation Failure)
[2020-09-11T12:36:17.110+0000][1][gc,task      ] GC(41) Using 1 workers of 1 for evacuation
[2020-09-11T12:36:17.172+0000][1][gc,age       ] GC(41) Desired survivor size 4358144 bytes, new threshold 6 (max threshold 6)
[2020-09-11T12:36:17.172+0000][1][gc,age       ] GC(41) Age table with threshold 6 (max threshold 6)
[2020-09-11T12:36:17.172+0000][1][gc,age       ] GC(41) - age   1:        360 bytes,        360 total
[2020-09-11T12:36:17.172+0000][1][gc,age       ] GC(41) - age   2:     347352 bytes,     347712 total
[2020-09-11T12:36:17.172+0000][1][gc,age       ] GC(41) - age   3:     301344 bytes,     649056 total
[2020-09-11T12:36:17.172+0000][1][gc,age       ] GC(41) - age   4:     955072 bytes,    1604128 total
[2020-09-11T12:36:17.172+0000][1][gc,age       ] GC(41) - age   5:     263232 bytes,    1867360 total
[2020-09-11T12:36:17.172+0000][1][gc,age       ] GC(41) - age   6:     296856 bytes,    2164216 total
[2020-09-11T12:36:17.172+0000][1][gc,heap      ] GC(41) ParNew: 70778K->2160K(76672K)
[2020-09-11T12:36:17.172+0000][1][gc,heap      ] GC(41) CMS: 46394K->46725K(2011968K)
[2020-09-11T12:36:17.172+0000][1][gc,metaspace ] GC(41) Metaspace: 32413K->32413K(1079296K)
[2020-09-11T12:36:17.172+0000][1][gc           ] GC(41) Pause Young (Allocation Failure) 114M->47M(2039M) 62.077ms
[2020-09-11T12:36:17.172+0000][1][gc,cpu       ] GC(41) User=0.02s Sys=0.00s Real=0.06s
[2020-09-11T12:36:17.187+0000][1][safepoint    ] Safepoint "GenCollectForAllocation", Time since last: 329663062 ns, Reaching safepoint: 101954 ns, At safepoint: 77796605 ns, Total: 77898559 ns
[2020-09-11T12:36:17.680+0000][1][gc,start     ] GC(42) Pause Young (Allocation Failure)
[2020-09-11T12:36:17.680+0000][1][gc,task      ] GC(42) Using 1 workers of 1 for evacuation
[2020-09-11T12:36:17.740+0000][1][gc,age       ] GC(42) Desired survivor size 4358144 bytes, new threshold 6 (max threshold 6)
[2020-09-11T12:36:17.740+0000][1][gc,age       ] GC(42) Age table with threshold 6 (max threshold 6)
[2020-09-11T12:36:17.740+0000][1][gc,age       ] GC(42) - age   1:        200 bytes,        200 total
[2020-09-11T12:36:17.740+0000][1][gc,age       ] GC(42) - age   2:        160 bytes,        360 total
[2020-09-11T12:36:17.740+0000][1][gc,age       ] GC(42) - age   3:     347352 bytes,     347712 total
[2020-09-11T12:36:17.740+0000][1][gc,age       ] GC(42) - age   4:     301344 bytes,     649056 total
[2020-09-11T12:36:17.740+0000][1][gc,age       ] GC(42) - age   5:     955072 bytes,    1604128 total
[2020-09-11T12:36:17.740+0000][1][gc,age       ] GC(42) - age   6:     263232 bytes,    1867360 total
[2020-09-11T12:36:17.740+0000][1][gc,heap      ] GC(42) ParNew: 70320K->2237K(76672K)
[2020-09-11T12:36:17.740+0000][1][gc,heap      ] GC(42) CMS: 46725K->47015K(2011968K)
[2020-09-11T12:36:17.740+0000][1][gc,metaspace ] GC(42) Metaspace: 32413K->32413K(1079296K)
[2020-09-11T12:36:17.740+0000][1][gc           ] GC(42) Pause Young (Allocation Failure) 114M->48M(2039M) 60.295ms
[2020-09-11T12:36:17.740+0000][1][gc,cpu       ] GC(42) User=0.02s Sys=0.00s Real=0.06s
[2020-09-11T12:36:17.759+0000][1][safepoint    ] Safepoint "GenCollectForAllocation", Time since last: 491979376 ns, Reaching safepoint: 102300 ns, At safepoint: 79942115 ns, Total: 80044415 ns
[2020-09-11T12:36:18.248+0000][1][gc,start     ] GC(43) Pause Young (Allocation Failure)
[2020-09-11T12:36:18.248+0000][1][gc,task      ] GC(43) Using 1 workers of 1 for evacuation
[2020-09-11T12:36:18.337+0000][1][gc,age       ] GC(43) Desired survivor size 4358144 bytes, new threshold 6 (max threshold 6)
[2020-09-11T12:36:18.337+0000][1][gc,age       ] GC(43) Age table with threshold 6 (max threshold 6)
[2020-09-11T12:36:18.337+0000][1][gc,age       ] GC(43) - age   1:         88 bytes,         88 total
[2020-09-11T12:36:18.337+0000][1][gc,age       ] GC(43) - age   3:        160 bytes,        248 total
[2020-09-11T12:36:18.337+0000][1][gc,age       ] GC(43) - age   4:     347352 bytes,     347600 total
[2020-09-11T12:36:18.337+0000][1][gc,age       ] GC(43) - age   5:     301344 bytes,     648944 total
[2020-09-11T12:36:18.337+0000][1][gc,age       ] GC(43) - age   6:     955072 bytes,    1604016 total
[2020-09-11T12:36:18.337+0000][1][gc,heap      ] GC(43) ParNew: 70397K->1568K(76672K)
[2020-09-11T12:36:18.337+0000][1][gc,heap      ] GC(43) CMS: 47015K->47272K(2011968K)
[2020-09-11T12:36:18.337+0000][1][gc,metaspace ] GC(43) Metaspace: 32413K->32413K(1079296K)
[2020-09-11T12:36:18.337+0000][1][gc           ] GC(43) Pause Young (Allocation Failure) 114M->47M(2039M) 88.341ms
[2020-09-11T12:36:18.337+0000][1][gc,cpu       ] GC(43) User=0.03s Sys=0.00s Real=0.09s
[2020-09-11T12:36:18.355+0000][1][safepoint    ] Safepoint "GenCollectForAllocation", Time since last: 488776382 ns, Reaching safepoint: 99055 ns, At safepoint: 107095503 ns, Total: 107194558 ns
[2020-09-11T12:36:18.840+0000][1][gc,start     ] GC(44) Pause Young (Allocation Failure)
[2020-09-11T12:36:18.840+0000][1][gc,task      ] GC(44) Using 1 workers of 1 for evacuation
[2020-09-11T12:36:18.931+0000][1][gc,age       ] GC(44) Desired survivor size 4358144 bytes, new threshold 6 (max threshold 6)
[2020-09-11T12:36:18.931+0000][1][gc,age       ] GC(44) Age table with threshold 6 (max threshold 6)
[2020-09-11T12:36:18.931+0000][1][gc,age       ] GC(44) - age   1:        192 bytes,        192 total
[2020-09-11T12:36:18.931+0000][1][gc,age       ] GC(44) - age   4:        160 bytes,        352 total
[2020-09-11T12:36:18.931+0000][1][gc,age       ] GC(44) - age   5:     347352 bytes,     347704 total
[2020-09-11T12:36:18.931+0000][1][gc,age       ] GC(44) - age   6:     301344 bytes,     649048 total
[2020-09-11T12:36:18.931+0000][1][gc,heap      ] GC(44) ParNew: 69728K->894K(76672K)
[2020-09-11T12:36:18.931+0000][1][gc,heap      ] GC(44) CMS: 47272K->48204K(2011968K)
[2020-09-11T12:36:18.931+0000][1][gc,metaspace ] GC(44) Metaspace: 32413K->32413K(1079296K)
[2020-09-11T12:36:18.931+0000][1][gc           ] GC(44) Pause Young (Allocation Failure) 114M->47M(2039M) 91.291ms
[2020-09-11T12:36:18.931+0000][1][gc,cpu       ] GC(44) User=0.03s Sys=0.00s Real=0.09s
[2020-09-11T12:36:18.952+0000][1][safepoint    ] Safepoint "GenCollectForAllocation", Time since last: 484398149 ns, Reaching safepoint: 99026 ns, At safepoint: 111597476 ns, Total: 111696502 ns
[2020-09-11T12:36:19.416+0000][1][gc,start     ] GC(45) Pause Young (Allocation Failure)
[2020-09-11T12:36:19.416+0000][1][gc,task      ] GC(45) Using 1 workers of 1 for evacuation
[2020-09-11T12:36:19.473+0000][1][gc,age       ] GC(45) Desired survivor size 4358144 bytes, new threshold 6 (max threshold 6)
[2020-09-11T12:36:19.473+0000][1][gc,age       ] GC(45) Age table with threshold 6 (max threshold 6)
[2020-09-11T12:36:19.473+0000][1][gc,age       ] GC(45) - age   1:         72 bytes,         72 total
[2020-09-11T12:36:19.473+0000][1][gc,age       ] GC(45) - age   5:        160 bytes,        232 total
[2020-09-11T12:36:19.473+0000][1][gc,age       ] GC(45) - age   6:     347352 bytes,     347584 total
[2020-09-11T12:36:19.473+0000][1][gc,heap      ] GC(45) ParNew: 69054K->699K(76672K)
[2020-09-11T12:36:19.473+0000][1][gc,heap      ] GC(45) CMS: 48204K->48499K(2011968K)
[2020-09-11T12:36:19.473+0000][1][gc,metaspace ] GC(45) Metaspace: 32413K->32413K(1079296K)
[2020-09-11T12:36:19.473+0000][1][gc           ] GC(45) Pause Young (Allocation Failure) 114M->48M(2039M) 57.479ms
[2020-09-11T12:36:19.473+0000][1][gc,cpu       ] GC(45) User=0.02s Sys=0.00s Real=0.05s
[2020-09-11T12:36:19.491+0000][1][safepoint    ] Safepoint "GenCollectForAllocation", Time since last: 463995741 ns, Reaching safepoint: 104645 ns, At safepoint: 75807578 ns, Total: 75912223 ns
[2020-09-11T12:36:19.910+0000][1][gc,start     ] GC(46) Pause Young (Allocation Failure)
[2020-09-11T12:36:19.910+0000][1][gc,task      ] GC(46) Using 1 workers of 1 for evacuation
[2020-09-11T12:36:19.964+0000][1][gc,age       ] GC(46) Desired survivor size 4358144 bytes, new threshold 6 (max threshold 6)
[2020-09-11T12:36:19.964+0000][1][gc,age       ] GC(46) Age table with threshold 6 (max threshold 6)
[2020-09-11T12:36:19.964+0000][1][gc,age       ] GC(46) - age   1:        224 bytes,        224 total
[2020-09-11T12:36:19.964+0000][1][gc,age       ] GC(46) - age   6:        160 bytes,        384 total
[2020-09-11T12:36:19.964+0000][1][gc,heap      ] GC(46) ParNew: 68859K->302K(76672K)
[2020-09-11T12:36:19.964+0000][1][gc,heap      ] GC(46) CMS: 48499K->48838K(2011968K)
[2020-09-11T12:36:19.964+0000][1][gc,metaspace ] GC(46) Metaspace: 32413K->32413K(1079296K)
[2020-09-11T12:36:19.964+0000][1][gc           ] GC(46) Pause Young (Allocation Failure) 114M->47M(2039M) 54.319ms
[2020-09-11T12:36:19.964+0000][1][gc,cpu       ] GC(46) User=0.02s Sys=0.00s Real=0.06s
[2020-09-11T12:36:19.979+0000][1][safepoint    ] Safepoint "GenCollectForAllocation", Time since last: 418114482 ns, Reaching safepoint: 104507 ns, At safepoint: 69771152 ns, Total: 69875659 ns
[2020-09-11T12:36:20.384+0000][1][gc,start     ] GC(47) Pause Young (Allocation Failure)
[2020-09-11T12:36:20.385+0000][1][gc,task      ] GC(47) Using 1 workers of 1 for evacuation
[2020-09-11T12:36:20.462+0000][1][gc,age       ] GC(47) Desired survivor size 4358144 bytes, new threshold 6 (max threshold 6)
[2020-09-11T12:36:20.462+0000][1][gc,age       ] GC(47) Age table with threshold 6 (max threshold 6)
[2020-09-11T12:36:20.462+0000][1][gc,age       ] GC(47) - age   1:         24 bytes,         24 total
[2020-09-11T12:36:20.463+0000][1][gc,heap      ] GC(47) ParNew: 68462K->75K(76672K)
[2020-09-11T12:36:20.463+0000][1][gc,heap      ] GC(47) CMS: 48838K->48839K(2011968K)
[2020-09-11T12:36:20.463+0000][1][gc,metaspace ] GC(47) Metaspace: 32413K->32413K(1079296K)
[2020-09-11T12:36:20.463+0000][1][gc           ] GC(47) Pause Young (Allocation Failure) 114M->47M(2039M) 78.059ms
[2020-09-11T12:36:20.463+0000][1][gc,cpu       ] GC(47) User=0.02s Sys=0.00s Real=0.07s
[2020-09-11T12:36:20.491+0000][1][safepoint    ] Safepoint "GenCollectForAllocation", Time since last: 402504348 ns, Reaching safepoint: 2552759 ns, At safepoint: 106943974 ns, Total: 109496733 ns
[2020-09-11T12:36:20.882+0000][1][gc,start     ] GC(48) Pause Young (Allocation Failure)
[2020-09-11T12:36:20.882+0000][1][gc,task      ] GC(48) Using 1 workers of 1 for evacuation
[2020-09-11T12:36:20.984+0000][1][gc,age       ] GC(48) Desired survivor size 4358144 bytes, new threshold 6 (max threshold 6)
[2020-09-11T12:36:20.984+0000][1][gc,age       ] GC(48) Age table with threshold 6 (max threshold 6)
[2020-09-11T12:36:20.984+0000][1][gc,age       ] GC(48) - age   1:        152 bytes,        152 total
[2020-09-11T12:36:20.984+0000][1][gc,heap      ] GC(48) ParNew: 68235K->18K(76672K)
[2020-09-11T12:36:20.984+0000][1][gc,heap      ] GC(48) CMS: 48839K->48839K(2011968K)
[2020-09-11T12:36:20.984+0000][1][gc,metaspace ] GC(48) Metaspace: 32413K->32413K(1079296K)
[2020-09-11T12:36:20.984+0000][1][gc           ] GC(48) Pause Young (Allocation Failure) 114M->47M(2039M) 101.804ms
[2020-09-11T12:36:20.984+0000][1][gc,cpu       ] GC(48) User=0.02s Sys=0.00s Real=0.11s
[2020-09-11T12:36:20.984+0000][1][safepoint    ] Safepoint "GenCollectForAllocation", Time since last: 390336234 ns, Reaching safepoint: 100919 ns, At safepoint: 101887419 ns, Total: 101988338 ns
[2020-09-11T12:36:21.372+0000][1][gc,start     ] GC(49) Pause Young (Allocation Failure)
[2020-09-11T12:36:21.372+0000][1][gc,task      ] GC(49) Using 1 workers of 1 for evacuation
[2020-09-11T12:36:21.435+0000][1][gc,age       ] GC(49) Desired survivor size 4358144 bytes, new threshold 6 (max threshold 6)
[2020-09-11T12:36:21.435+0000][1][gc,age       ] GC(49) Age table with threshold 6 (max threshold 6)
[2020-09-11T12:36:21.435+0000][1][gc,age       ] GC(49) - age   1:        232 bytes,        232 total
[2020-09-11T12:36:21.435+0000][1][gc,heap      ] GC(49) ParNew: 68178K->4K(76672K)
[2020-09-11T12:36:21.435+0000][1][gc,heap      ] GC(49) CMS: 48839K->48839K(2011968K)
[2020-09-11T12:36:21.435+0000][1][gc,metaspace ] GC(49) Metaspace: 32413K->32413K(1079296K)
[2020-09-11T12:36:21.447+0000][1][gc           ] GC(49) Pause Young (Allocation Failure) 114M->47M(2039M) 75.165ms
[2020-09-11T12:36:21.447+0000][1][gc,cpu       ] GC(49) User=0.02s Sys=0.00s Real=0.08s
[2020-09-11T12:36:21.463+0000][1][safepoint    ] Safepoint "GenCollectForAllocation", Time since last: 387694400 ns, Reaching safepoint: 104310 ns, At safepoint: 91874345 ns, Total: 91978655 ns
[2020-09-11T12:36:22.036+0000][1][safepoint    ] Safepoint "ICBufferFull", Time since last: 567994855 ns, Reaching safepoint: 4169970 ns, At safepoint: 15934 ns, Total: 4185904 ns
[2020-09-11T12:36:23.191+0000][1][safepoint    ] Safepoint "Cleanup", Time since last: 1151825676 ns, Reaching safepoint: 4046203 ns, At safepoint: 13367 ns, Total: 4059570 ns
[2020-09-11T12:36:24.056+0000][1][gc,start     ] GC(50) Pause Young (Allocation Failure)
[2020-09-11T12:36:24.056+0000][1][gc,task      ] GC(50) Using 1 workers of 1 for evacuation
[2020-09-11T12:36:24.114+0000][1][gc,age       ] GC(50) Desired survivor size 4358144 bytes, new threshold 6 (max threshold 6)
[2020-09-11T12:36:24.115+0000][1][gc,age       ] GC(50) Age table with threshold 6 (max threshold 6)
[2020-09-11T12:36:24.115+0000][1][gc,age       ] GC(50) - age   1:     134312 bytes,     134312 total
[2020-09-11T12:36:24.115+0000][1][gc,heap      ] GC(50) ParNew: 68164K->133K(76672K)
[2020-09-11T12:36:24.115+0000][1][gc,heap      ] GC(50) CMS: 48839K->48839K(2011968K)
[2020-09-11T12:36:24.115+0000][1][gc,metaspace ] GC(50) Metaspace: 32414K->32414K(1079296K)
[2020-09-11T12:36:24.115+0000][1][gc           ] GC(50) Pause Young (Allocation Failure) 114M->47M(2039M) 59.040ms
[2020-09-11T12:36:24.115+0000][1][gc,cpu       ] GC(50) User=0.01s Sys=0.00s Real=0.05s
[2020-09-11T12:36:24.115+0000][1][safepoint    ] Safepoint "GenCollectForAllocation", Time since last: 863958144 ns, Reaching safepoint: 111666 ns, At safepoint: 59452972 ns, Total: 59564638 ns
[2020-09-11T12:36:24.634+0000][1][gc,start     ] GC(51) Pause Young (Allocation Failure)
[2020-09-11T12:36:24.634+0000][1][gc,task      ] GC(51) Using 1 workers of 1 for evacuation
[2020-09-11T12:36:24.685+0000][1][gc,age       ] GC(51) Desired survivor size 4358144 bytes, new threshold 6 (max threshold 6)
[2020-09-11T12:36:24.685+0000][1][gc,age       ] GC(51) Age table with threshold 6 (max threshold 6)
[2020-09-11T12:36:24.685+0000][1][gc,age       ] GC(51) - age   1:     545968 bytes,     545968 total
[2020-09-11T12:36:24.685+0000][1][gc,age       ] GC(51) - age   2:      83488 bytes,     629456 total
[2020-09-11T12:36:24.685+0000][1][gc,heap      ] GC(51) ParNew: 68293K->636K(76672K)
[2020-09-11T12:36:24.685+0000][1][gc,heap      ] GC(51) CMS: 48839K->48839K(2011968K)
[2020-09-11T12:36:24.685+0000][1][gc,metaspace ] GC(51) Metaspace: 32414K->32414K(1079296K)
[2020-09-11T12:36:24.685+0000][1][gc           ] GC(51) Pause Young (Allocation Failure) 114M->48M(2039M) 50.792ms
[2020-09-11T12:36:24.685+0000][1][gc,cpu       ] GC(51) User=0.01s Sys=0.00s Real=0.06s
[2020-09-11T12:36:24.685+0000][1][safepoint    ] Safepoint "GenCollectForAllocation", Time since last: 518045440 ns, Reaching safepoint: 1051962 ns, At safepoint: 50853537 ns, Total: 51905499 ns
[2020-09-11T12:36:25.137+0000][1][gc,start     ] GC(52) Pause Young (Allocation Failure)
[2020-09-11T12:36:25.137+0000][1][gc,task      ] GC(52) Using 1 workers of 1 for evacuation
[2020-09-11T12:36:25.179+0000][1][gc,age       ] GC(52) Desired survivor size 4358144 bytes, new threshold 6 (max threshold 6)
[2020-09-11T12:36:25.179+0000][1][gc,age       ] GC(52) Age table with threshold 6 (max threshold 6)
[2020-09-11T12:36:25.179+0000][1][gc,age       ] GC(52) - age   1:     643576 bytes,     643576 total
[2020-09-11T12:36:25.179+0000][1][gc,age       ] GC(52) - age   2:     374824 bytes,    1018400 total
[2020-09-11T12:36:25.179+0000][1][gc,age       ] GC(52) - age   3:      82864 bytes,    1101264 total
[2020-09-11T12:36:25.179+0000][1][gc,heap      ] GC(52) ParNew: 68796K->1082K(76672K)
[2020-09-11T12:36:25.179+0000][1][gc,heap      ] GC(52) CMS: 48839K->48839K(2011968K)
[2020-09-11T12:36:25.179+0000][1][gc,metaspace ] GC(52) Metaspace: 32414K->32414K(1079296K)
[2020-09-11T12:36:25.179+0000][1][gc           ] GC(52) Pause Young (Allocation Failure) 114M->48M(2039M) 42.292ms
[2020-09-11T12:36:25.179+0000][1][gc,cpu       ] GC(52) User=0.02s Sys=0.00s Real=0.04s
[2020-09-11T12:36:25.186+0000][1][safepoint    ] Safepoint "GenCollectForAllocation", Time since last: 450466608 ns, Reaching safepoint: 1219849 ns, At safepoint: 48898070 ns, Total: 50117919 ns
[2020-09-11T12:36:26.011+0000][1][gc,start     ] GC(53) Pause Young (Allocation Failure)
[2020-09-11T12:36:26.011+0000][1][gc,task      ] GC(53) Using 1 workers of 1 for evacuation
[2020-09-11T12:36:26.099+0000][1][gc,age       ] GC(53) Desired survivor size 4358144 bytes, new threshold 6 (max threshold 6)
[2020-09-11T12:36:26.099+0000][1][gc,age       ] GC(53) Age table with threshold 6 (max threshold 6)
[2020-09-11T12:36:26.099+0000][1][gc,age       ] GC(53) - age   1:     310720 bytes,     310720 total
[2020-09-11T12:36:26.099+0000][1][gc,age       ] GC(53) - age   2:     629648 bytes,     940368 total
[2020-09-11T12:36:26.099+0000][1][gc,age       ] GC(53) - age   3:     374088 bytes,    1314456 total
[2020-09-11T12:36:26.099+0000][1][gc,age       ] GC(53) - age   4:      82224 bytes,    1396680 total
[2020-09-11T12:36:26.099+0000][1][gc,heap      ] GC(53) ParNew: 69242K->1441K(76672K)
[2020-09-11T12:36:26.099+0000][1][gc,heap      ] GC(53) CMS: 48839K->48839K(2011968K)
[2020-09-11T12:36:26.099+0000][1][gc,metaspace ] GC(53) Metaspace: 32414K->32414K(1079296K)
[2020-09-11T12:36:26.099+0000][1][gc           ] GC(53) Pause Young (Allocation Failure) 115M->49M(2039M) 88.285ms
[2020-09-11T12:36:26.099+0000][1][gc,cpu       ] GC(53) User=0.02s Sys=0.00s Real=0.09s
[2020-09-11T12:36:26.122+0000][1][safepoint    ] Safepoint "GenCollectForAllocation", Time since last: 824855518 ns, Reaching safepoint: 97170 ns, At safepoint: 111224952 ns, Total: 111322122 ns
[2020-09-11T12:36:26.895+0000][1][gc,start     ] GC(54) Pause Young (Allocation Failure)
[2020-09-11T12:36:26.896+0000][1][gc,task      ] GC(54) Using 1 workers of 1 for evacuation
[2020-09-11T12:36:26.946+0000][1][gc,age       ] GC(54) Desired survivor size 4358144 bytes, new threshold 6 (max threshold 6)
[2020-09-11T12:36:26.946+0000][1][gc,age       ] GC(54) Age table with threshold 6 (max threshold 6)
[2020-09-11T12:36:26.946+0000][1][gc,age       ] GC(54) - age   1:     964928 bytes,     964928 total
[2020-09-11T12:36:26.946+0000][1][gc,age       ] GC(54) - age   2:     299440 bytes,    1264368 total
[2020-09-11T12:36:26.946+0000][1][gc,age       ] GC(54) - age   3:     300960 bytes,    1565328 total
[2020-09-11T12:36:26.946+0000][1][gc,age       ] GC(54) - age   4:     374088 bytes,    1939416 total
[2020-09-11T12:36:26.946+0000][1][gc,age       ] GC(54) - age   5:      82064 bytes,    2021480 total
[2020-09-11T12:36:26.946+0000][1][gc,heap      ] GC(54) ParNew: 69601K->2031K(76672K)
[2020-09-11T12:36:26.946+0000][1][gc,heap      ] GC(54) CMS: 48839K->48839K(2011968K)
[2020-09-11T12:36:26.946+0000][1][gc,metaspace ] GC(54) Metaspace: 32414K->32414K(1079296K)
[2020-09-11T12:36:26.946+0000][1][gc           ] GC(54) Pause Young (Allocation Failure) 115M->49M(2039M) 50.960ms
[2020-09-11T12:36:26.946+0000][1][gc,cpu       ] GC(54) User=0.02s Sys=0.00s Real=0.05s
[2020-09-11T12:36:26.947+0000][1][safepoint    ] Safepoint "GenCollectForAllocation", Time since last: 769808786 ns, Reaching safepoint: 3900590 ns, At safepoint: 51081095 ns, Total: 54981685 ns
[2020-09-11T12:36:27.351+0000][1][gc,start     ] GC(55) Pause Young (Allocation Failure)
[2020-09-11T12:36:27.352+0000][1][gc,task      ] GC(55) Using 1 workers of 1 for evacuation
[2020-09-11T12:36:27.395+0000][1][gc,age       ] GC(55) Desired survivor size 4358144 bytes, new threshold 6 (max threshold 6)
[2020-09-11T12:36:27.395+0000][1][gc,age       ] GC(55) Age table with threshold 6 (max threshold 6)
[2020-09-11T12:36:27.395+0000][1][gc,age       ] GC(55) - age   1:     313848 bytes,     313848 total
[2020-09-11T12:36:27.395+0000][1][gc,age       ] GC(55) - age   2:     952336 bytes,    1266184 total
[2020-09-11T12:36:27.395+0000][1][gc,age       ] GC(55) - age   3:     298208 bytes,    1564392 total
[2020-09-11T12:36:27.395+0000][1][gc,age       ] GC(55) - age   4:     297424 bytes,    1861816 total
[2020-09-11T12:36:27.395+0000][1][gc,age       ] GC(55) - age   5:     373832 bytes,    2235648 total
[2020-09-11T12:36:27.395+0000][1][gc,age       ] GC(55) - age   6:      82040 bytes,    2317688 total
[2020-09-11T12:36:27.395+0000][1][gc,heap      ] GC(55) ParNew: 70191K->2268K(76672K)
[2020-09-11T12:36:27.395+0000][1][gc,heap      ] GC(55) CMS: 48839K->48839K(2011968K)
[2020-09-11T12:36:27.395+0000][1][gc,metaspace ] GC(55) Metaspace: 32414K->32414K(1079296K)
[2020-09-11T12:36:27.395+0000][1][gc           ] GC(55) Pause Young (Allocation Failure) 116M->49M(2039M) 43.465ms
[2020-09-11T12:36:27.395+0000][1][gc,cpu       ] GC(55) User=0.01s Sys=0.00s Real=0.04s
[2020-09-11T12:36:27.406+0000][1][safepoint    ] Safepoint "GenCollectForAllocation", Time since last: 399318943 ns, Reaching safepoint: 5627101 ns, At safepoint: 54098173 ns, Total: 59725274 ns
[2020-09-11T12:36:28.439+0000][1][safepoint    ] Safepoint "Cleanup", Time since last: 1033083369 ns, Reaching safepoint: 511294 ns, At safepoint: 6425 ns, Total: 517719 ns
[2020-09-11T12:36:28.782+0000][1][safepoint    ] Safepoint "Deoptimize", Time since last: 342774351 ns, Reaching safepoint: 110221 ns, At safepoint: 390246 ns, Total: 500467 ns
[2020-09-11T12:36:29.110+0000][1][safepoint    ] Safepoint "CollectForMetadataAllocation", Time since last: 327848570 ns, Reaching safepoint: 114923 ns, At safepoint: 68725 ns, Total: 183648 ns
[2020-09-11T12:36:29.298+0000][1][safepoint    ] Safepoint "CollectForMetadataAllocation", Time since last: 185550131 ns, Reaching safepoint: 2095568 ns, At safepoint: 139768 ns, Total: 2235336 ns
[2020-09-11T12:36:29.423+0000][1][safepoint    ] Safepoint "CollectForMetadataAllocation", Time since last: 124197753 ns, Reaching safepoint: 108406 ns, At safepoint: 345168 ns, Total: 453574 ns
[2020-09-11T12:36:29.423+0000][1][gc,start     ] GC(56) Pause Initial Mark
[2020-09-11T12:36:29.508+0000][1][gc           ] GC(56) Pause Initial Mark 107M->107M(2039M) 85.172ms
[2020-09-11T12:36:29.508+0000][1][gc,cpu       ] GC(56) User=0.02s Sys=0.00s Real=0.09s
[2020-09-11T12:36:29.545+0000][1][safepoint    ] Safepoint "CMS_Initial_Mark", Time since last: 74785 ns, Reaching safepoint: 146657 ns, At safepoint: 122364879 ns, Total: 122511536 ns
[2020-09-11T12:36:29.555+0000][1][gc           ] GC(56) Concurrent Mark
[2020-09-11T12:36:29.790+0000][1][safepoint    ] Safepoint "CollectForMetadataAllocation", Time since last: 242041076 ns, Reaching safepoint: 2024673 ns, At safepoint: 122235 ns, Total: 2146908 ns
[2020-09-11T12:36:30.000+0000][1][safepoint    ] Safepoint "CollectForMetadataAllocation", Time since last: 205753124 ns, Reaching safepoint: 4027951 ns, At safepoint: 130334 ns, Total: 4158285 ns
[2020-09-11T12:36:30.137+0000][1][gc           ] GC(56) Concurrent Mark 581.806ms
[2020-09-11T12:36:30.137+0000][1][gc,cpu       ] GC(56) User=0.14s Sys=0.00s Real=0.58s
[2020-09-11T12:36:30.137+0000][1][gc           ] GC(56) Concurrent Preclean
[2020-09-11T12:36:30.180+0000][1][safepoint    ] Safepoint "CollectForMetadataAllocation", Time since last: 149933110 ns, Reaching safepoint: 29932054 ns, At safepoint: 115182 ns, Total: 30047236 ns
[2020-09-11T12:36:30.199+0000][1][gc           ] GC(56) Concurrent Preclean 62.086ms
[2020-09-11T12:36:30.199+0000][1][gc,cpu       ] GC(56) User=0.02s Sys=0.00s Real=0.06s
[2020-09-11T12:36:30.199+0000][1][gc           ] GC(56) Concurrent Abortable Preclean
[2020-09-11T12:36:30.343+0000][1][safepoint    ] Safepoint "CollectForMetadataAllocation", Time since last: 163533803 ns, Reaching safepoint: 110209 ns, At safepoint: 76667 ns, Total: 186876 ns
[2020-09-11T12:36:30.498+0000][1][gc,start     ] GC(57) Pause Young (Allocation Failure)
[2020-09-11T12:36:30.498+0000][1][gc,task      ] GC(57) Using 1 workers of 1 for evacuation
[2020-09-11T12:36:30.575+0000][1][gc           ] GC(56) Concurrent Abortable Preclean 375.941ms
[2020-09-11T12:36:30.575+0000][1][gc,cpu       ] GC(56) User=0.09s Sys=0.00s Real=0.38s
[2020-09-11T12:36:30.592+0000][1][gc,age       ] GC(57) Desired survivor size 4358144 bytes, new threshold 6 (max threshold 6)
[2020-09-11T12:36:30.592+0000][1][gc,age       ] GC(57) Age table with threshold 6 (max threshold 6)
[2020-09-11T12:36:30.592+0000][1][gc,age       ] GC(57) - age   1:    1484696 bytes,    1484696 total
[2020-09-11T12:36:30.592+0000][1][gc,age       ] GC(57) - age   2:     301760 bytes,    1786456 total
[2020-09-11T12:36:30.592+0000][1][gc,age       ] GC(57) - age   3:     951640 bytes,    2738096 total
[2020-09-11T12:36:30.592+0000][1][gc,age       ] GC(57) - age   4:     297792 bytes,    3035888 total
[2020-09-11T12:36:30.592+0000][1][gc,age       ] GC(57) - age   5:     297304 bytes,    3333192 total
[2020-09-11T12:36:30.592+0000][1][gc,age       ] GC(57) - age   6:     373832 bytes,    3707024 total
[2020-09-11T12:36:30.592+0000][1][gc,heap      ] GC(57) ParNew: 70428K->3648K(76672K)
[2020-09-11T12:36:30.592+0000][1][gc,heap      ] GC(57) CMS: 48839K->48916K(2011968K)
[2020-09-11T12:36:30.592+0000][1][gc,metaspace ] GC(57) Metaspace: 36188K->36188K(1083392K)
[2020-09-11T12:36:30.592+0000][1][gc           ] GC(57) Pause Young (Allocation Failure) 116M->51M(2039M) 94.385ms
[2020-09-11T12:36:30.592+0000][1][gc,cpu       ] GC(57) User=0.02s Sys=0.00s Real=0.09s
[2020-09-11T12:36:30.611+0000][1][safepoint    ] Safepoint "GenCollectForAllocation", Time since last: 154499464 ns, Reaching safepoint: 114702 ns, At safepoint: 113538113 ns, Total: 113652815 ns
[2020-09-11T12:36:30.646+0000][1][gc,start     ] GC(56) Pause Remark
[2020-09-11T12:36:30.684+0000][1][gc           ] GC(56) Pause Remark 53M->53M(2039M) 38.315ms
[2020-09-11T12:36:30.685+0000][1][gc,cpu       ] GC(56) User=0.01s Sys=0.00s Real=0.04s
[2020-09-11T12:36:30.733+0000][1][safepoint    ] Safepoint "CMS_Final_Remark", Time since last: 29564233 ns, Reaching safepoint: 5124813 ns, At safepoint: 86925222 ns, Total: 92050035 ns
[2020-09-11T12:36:30.733+0000][1][gc           ] GC(56) Concurrent Sweep
[2020-09-11T12:36:30.834+0000][1][gc           ] GC(56) Concurrent Sweep 101.265ms
[2020-09-11T12:36:30.834+0000][1][gc,cpu       ] GC(56) User=0.03s Sys=0.00s Real=0.10s
[2020-09-11T12:36:30.834+0000][1][gc           ] GC(56) Concurrent Reset
[2020-09-11T12:36:30.908+0000][1][gc           ] GC(56) Concurrent Reset 73.271ms
[2020-09-11T12:36:30.908+0000][1][gc,cpu       ] GC(56) User=0.01s Sys=0.00s Real=0.08s
[2020-09-11T12:36:30.908+0000][1][gc,heap      ] GC(56) Old: 48839K->47860K(2011968K)
[2020-09-11T12:36:31.498+0000][1][gc,start     ] GC(58) Pause Young (Allocation Failure)
[2020-09-11T12:36:31.498+0000][1][gc,task      ] GC(58) Using 1 workers of 1 for evacuation
[2020-09-11T12:36:31.630+0000][1][gc,age       ] GC(58) Desired survivor size 4358144 bytes, new threshold 6 (max threshold 6)
[2020-09-11T12:36:31.630+0000][1][gc,age       ] GC(58) Age table with threshold 6 (max threshold 6)
[2020-09-11T12:36:31.630+0000][1][gc,age       ] GC(58) - age   1:      61752 bytes,      61752 total
[2020-09-11T12:36:31.630+0000][1][gc,age       ] GC(58) - age   2:    1457680 bytes,    1519432 total
[2020-09-11T12:36:31.630+0000][1][gc,age       ] GC(58) - age   3:     301760 bytes,    1821192 total
[2020-09-11T12:36:31.630+0000][1][gc,age       ] GC(58) - age   4:     951640 bytes,    2772832 total
[2020-09-11T12:36:31.630+0000][1][gc,age       ] GC(58) - age   5:     297792 bytes,    3070624 total
[2020-09-11T12:36:31.630+0000][1][gc,age       ] GC(58) - age   6:     297136 bytes,    3367760 total
[2020-09-11T12:36:31.630+0000][1][gc,heap      ] GC(58) ParNew: 71808K->4118K(76672K)
[2020-09-11T12:36:31.630+0000][1][gc,heap      ] GC(58) CMS: 47860K->48225K(2011968K)
[2020-09-11T12:36:31.630+0000][1][gc,metaspace ] GC(58) Metaspace: 36194K->36194K(1083392K)
[2020-09-11T12:36:31.630+0000][1][gc           ] GC(58) Pause Young (Allocation Failure) 116M->51M(2039M) 132.183ms
[2020-09-11T12:36:31.630+0000][1][gc,cpu       ] GC(58) User=0.03s Sys=0.00s Real=0.13s
[2020-09-11T12:36:31.655+0000][1][safepoint    ] Safepoint "GenCollectForAllocation", Time since last: 764123877 ns, Reaching safepoint: 407649 ns, At safepoint: 157834064 ns, Total: 158241713 ns
[2020-09-11T12:36:32.686+0000][1][safepoint    ] Safepoint "Cleanup", Time since last: 1027990726 ns, Reaching safepoint: 2917524 ns, At safepoint: 9444 ns, Total: 2926968 ns
[2020-09-11T12:36:33.696+0000][1][safepoint    ] Safepoint "Cleanup", Time since last: 1009077932 ns, Reaching safepoint: 126539 ns, At safepoint: 5215 ns, Total: 131754 ns
[2020-09-11T12:36:34.700+0000][1][safepoint    ] Safepoint "Cleanup", Time since last: 1003850493 ns, Reaching safepoint: 107416 ns, At safepoint: 5589 ns, Total: 113005 ns
[2020-09-11T12:36:35.704+0000][1][safepoint    ] Safepoint "Cleanup", Time since last: 1003885383 ns, Reaching safepoint: 197455 ns, At safepoint: 6843 ns, Total: 204298 ns
[2020-09-11T12:36:36.119+0000][1][gc,start     ] GC(59) Pause Young (Allocation Failure)
[2020-09-11T12:36:36.119+0000][1][gc,task      ] GC(59) Using 1 workers of 1 for evacuation
[2020-09-11T12:36:36.220+0000][1][gc,age       ] GC(59) Desired survivor size 4358144 bytes, new threshold 4 (max threshold 6)
[2020-09-11T12:36:36.220+0000][1][gc,age       ] GC(59) Age table with threshold 4 (max threshold 6)
[2020-09-11T12:36:36.220+0000][1][gc,age       ] GC(59) - age   1:    2705896 bytes,    2705896 total
[2020-09-11T12:36:36.220+0000][1][gc,age       ] GC(59) - age   2:      61632 bytes,    2767528 total
[2020-09-11T12:36:36.220+0000][1][gc,age       ] GC(59) - age   3:    1411768 bytes,    4179296 total
[2020-09-11T12:36:36.220+0000][1][gc,age       ] GC(59) - age   4:     301760 bytes,    4481056 total
[2020-09-11T12:36:36.220+0000][1][gc,age       ] GC(59) - age   5:     951640 bytes,    5432696 total
[2020-09-11T12:36:36.220+0000][1][gc,age       ] GC(59) - age   6:     297792 bytes,    5730488 total
[2020-09-11T12:36:36.220+0000][1][gc,heap      ] GC(59) ParNew: 72278K->8172K(76672K)
[2020-09-11T12:36:36.220+0000][1][gc,heap      ] GC(59) CMS: 48225K->48515K(2011968K)
[2020-09-11T12:36:36.220+0000][1][gc,metaspace ] GC(59) Metaspace: 42295K->42295K(1087488K)
[2020-09-11T12:36:36.220+0000][1][gc           ] GC(59) Pause Young (Allocation Failure) 117M->55M(2039M) 101.195ms
[2020-09-11T12:36:36.220+0000][1][gc,cpu       ] GC(59) User=0.03s Sys=0.00s Real=0.10s
[2020-09-11T12:36:36.220+0000][1][safepoint    ] Safepoint "GenCollectForAllocation", Time since last: 415260453 ns, Reaching safepoint: 105288 ns, At safepoint: 101256688 ns, Total: 101361976 ns
[2020-09-11T12:36:36.230+0000][1][safepoint    ] Safepoint "RevokeBias", Time since last: 9916787 ns, Reaching safepoint: 29531 ns, At safepoint: 42165 ns, Total: 71696 ns
[2020-09-11T12:36:37.268+0000][1][safepoint    ] Safepoint "Cleanup", Time since last: 1037215413 ns, Reaching safepoint: 260029 ns, At safepoint: 5884 ns, Total: 265913 ns
[2020-09-11T12:36:38.176+0000][1][safepoint    ] Safepoint "RevokeBias", Time since last: 908132519 ns, Reaching safepoint: 251844 ns, At safepoint: 29855 ns, Total: 281699 ns
[2020-09-11T12:36:39.197+0000][1][safepoint    ] Safepoint "Cleanup", Time since last: 1007304445 ns, Reaching safepoint: 13074836 ns, At safepoint: 7734 ns, Total: 13082570 ns
[2020-09-11T12:36:42.217+0000][1][safepoint    ] Safepoint "Cleanup", Time since last: 3011001224 ns, Reaching safepoint: 9020421 ns, At safepoint: 9256 ns, Total: 9029677 ns
[2020-09-11T12:36:43.161+0000][1][safepoint    ] Safepoint "RevokeBias", Time since last: 943218489 ns, Reaching safepoint: 996723 ns, At safepoint: 44724 ns, Total: 1041447 ns
[2020-09-11T12:36:43.161+0000][1][safepoint    ] Safepoint "RevokeBias", Time since last: 92587 ns, Reaching safepoint: 328010 ns, At safepoint: 35889 ns, Total: 363899 ns
[2020-09-11T12:36:43.161+0000][1][safepoint    ] Safepoint "RevokeBias", Time since last: 39815 ns, Reaching safepoint: 84868 ns, At safepoint: 32322 ns, Total: 117190 ns
[2020-09-11T12:36:43.162+0000][1][safepoint    ] Safepoint "RevokeBias", Time since last: 30852 ns, Reaching safepoint: 44757 ns, At safepoint: 31127 ns, Total: 75884 ns
[2020-09-11T12:36:43.163+0000][1][safepoint    ] Safepoint "RevokeBias", Time since last: 29421 ns, Reaching safepoint: 1885401 ns, At safepoint: 39244 ns, Total: 1924645 ns
[2020-09-11T12:36:43.164+0000][1][safepoint    ] Safepoint "RevokeBias", Time since last: 40862 ns, Reaching safepoint: 83479 ns, At safepoint: 32680 ns, Total: 116159 ns
[2020-09-11T12:36:43.164+0000][1][safepoint    ] Safepoint "RevokeBias", Time since last: 40490 ns, Reaching safepoint: 83380 ns, At safepoint: 31227 ns, Total: 114607 ns
[2020-09-11T12:36:43.164+0000][1][safepoint    ] Safepoint "RevokeBias", Time since last: 33050 ns, Reaching safepoint: 83251 ns, At safepoint: 31155 ns, Total: 114406 ns
[2020-09-11T12:36:43.164+0000][1][safepoint    ] Safepoint "RevokeBias", Time since last: 29464 ns, Reaching safepoint: 83165 ns, At safepoint: 31033 ns, Total: 114198 ns
[2020-09-11T12:36:43.164+0000][1][safepoint    ] Safepoint "RevokeBias", Time since last: 29619 ns, Reaching safepoint: 82979 ns, At safepoint: 30981 ns, Total: 113960 ns
[2020-09-11T12:36:43.164+0000][1][safepoint    ] Safepoint "RevokeBias", Time since last: 29652 ns, Reaching safepoint: 82778 ns, At safepoint: 30932 ns, Total: 113710 ns
[2020-09-11T12:36:43.167+0000][1][safepoint    ] Safepoint "RevokeBias", Time since last: 43360 ns, Reaching safepoint: 2170477 ns, At safepoint: 43097 ns, Total: 2213574 ns
[2020-09-11T12:36:43.167+0000][1][safepoint    ] Safepoint "RevokeBias", Time since last: 46342 ns, Reaching safepoint: 87523 ns, At safepoint: 34293 ns, Total: 121816 ns
[2020-09-11T12:36:43.167+0000][1][safepoint    ] Safepoint "RevokeBias", Time since last: 71202 ns, Reaching safepoint: 86982 ns, At safepoint: 33201 ns, Total: 120183 ns
[2020-09-11T12:36:43.167+0000][1][safepoint    ] Safepoint "RevokeBias", Time since last: 42417 ns, Reaching safepoint: 85643 ns, At safepoint: 41349 ns, Total: 126992 ns
[2020-09-11T12:36:43.167+0000][1][safepoint    ] Safepoint "RevokeBias", Time since last: 84729 ns, Reaching safepoint: 86173 ns, At safepoint: 41478 ns, Total: 127651 ns
[2020-09-11T12:36:44.751+0000][1][safepoint    ] Safepoint "Cleanup", Time since last: 1582978764 ns, Reaching safepoint: 346087 ns, At safepoint: 5905 ns, Total: 351992 ns
[2020-09-11T12:36:45.760+0000][1][safepoint    ] Safepoint "Cleanup", Time since last: 1008730035 ns, Reaching safepoint: 132415 ns, At safepoint: 6667 ns, Total: 139082 ns
[2020-09-11T12:36:46.192+0000][1][gc,start     ] GC(60) Pause Young (Allocation Failure)
[2020-09-11T12:36:46.192+0000][1][gc,task      ] GC(60) Using 1 workers of 1 for evacuation
[2020-09-11T12:36:46.350+0000][1][gc,age       ] GC(60) Desired survivor size 4358144 bytes, new threshold 2 (max threshold 6)
[2020-09-11T12:36:46.350+0000][1][gc,age       ] GC(60) Age table with threshold 2 (max threshold 6)
[2020-09-11T12:36:46.350+0000][1][gc,age       ] GC(60) - age   1:    2704656 bytes,    2704656 total
[2020-09-11T12:36:46.350+0000][1][gc,age       ] GC(60) - age   2:    2625560 bytes,    5330216 total
[2020-09-11T12:36:46.350+0000][1][gc,age       ] GC(60) - age   3:      61632 bytes,    5391848 total
[2020-09-11T12:36:46.350+0000][1][gc,age       ] GC(60) - age   4:    1410048 bytes,    6801896 total
[2020-09-11T12:36:46.350+0000][1][gc,heap      ] GC(60) ParNew: 76332K->8512K(76672K)
[2020-09-11T12:36:46.350+0000][1][gc,heap      ] GC(60) CMS: 48515K->50030K(2011968K)
[2020-09-11T12:36:46.350+0000][1][gc,metaspace ] GC(60) Metaspace: 47735K->47735K(1093632K)
[2020-09-11T12:36:46.371+0000][1][gc           ] GC(60) Pause Young (Allocation Failure) 121M->57M(2039M) 179.859ms
[2020-09-11T12:36:46.371+0000][1][gc,cpu       ] GC(60) User=0.05s Sys=0.00s Real=0.18s
[2020-09-11T12:36:46.372+0000][1][safepoint    ] Safepoint "GenCollectForAllocation", Time since last: 431870831 ns, Reaching safepoint: 120485 ns, At safepoint: 179959120 ns, Total: 180079605 ns
[2020-09-11T12:36:46.404+0000][1][safepoint    ] Safepoint "RevokeBias", Time since last: 32780213 ns, Reaching safepoint: 99385 ns, At safepoint: 13009 ns, Total: 112394 ns
[2020-09-11T12:36:46.404+0000][1][safepoint    ] Safepoint "RevokeBias", Time since last: 62428 ns, Reaching safepoint: 10851 ns, At safepoint: 7403 ns, Total: 18254 ns
[2020-09-11T12:36:46.405+0000][1][safepoint    ] Safepoint "RevokeBias", Time since last: 27177 ns, Reaching safepoint: 9892 ns, At safepoint: 7006 ns, Total: 16898 ns
[2020-09-11T12:36:46.405+0000][1][safepoint    ] Safepoint "RevokeBias", Time since last: 38081 ns, Reaching safepoint: 9677 ns, At safepoint: 6965 ns, Total: 16642 ns
[2020-09-11T12:36:46.405+0000][1][safepoint    ] Safepoint "RevokeBias", Time since last: 27511 ns, Reaching safepoint: 9692 ns, At safepoint: 6897 ns, Total: 16589 ns
[2020-09-11T12:36:46.405+0000][1][safepoint    ] Safepoint "RevokeBias", Time since last: 25375 ns, Reaching safepoint: 9459 ns, At safepoint: 6820 ns, Total: 16279 ns
[2020-09-11T12:36:46.596+0000][1][safepoint    ] Safepoint "RevokeBias", Time since last: 191482935 ns, Reaching safepoint: 104885 ns, At safepoint: 32406 ns, Total: 137291 ns
[2020-09-11T12:36:46.624+0000][1][safepoint    ] Safepoint "RevokeBias", Time since last: 27143227 ns, Reaching safepoint: 103574 ns, At safepoint: 35645 ns, Total: 139219 ns
[2020-09-11T12:36:47.460+0000][1][safepoint    ] Safepoint "RevokeBias", Time since last: 823974452 ns, Reaching safepoint: 12216245 ns, At safepoint: 49665 ns, Total: 12265910 ns
[2020-09-11T12:36:47.460+0000][1][safepoint    ] Safepoint "RevokeBias", Time since last: 228589 ns, Reaching safepoint: 86681 ns, At safepoint: 26164 ns, Total: 112845 ns
[2020-09-11T12:36:47.460+0000][1][safepoint    ] Safepoint "RevokeBias", Time since last: 41045 ns, Reaching safepoint: 80118 ns, At safepoint: 21189 ns, Total: 101307 ns
[2020-09-11T12:36:47.686+0000][1][safepoint    ] Safepoint "RevokeBias", Time since last: 225290283 ns, Reaching safepoint: 108646 ns, At safepoint: 34298 ns, Total: 142944 ns
[2020-09-11T12:36:47.686+0000][1][safepoint    ] Safepoint "RevokeBias", Time since last: 399091 ns, Reaching safepoint: 84748 ns, At safepoint: 30705 ns, Total: 115453 ns
[2020-09-11T12:36:47.687+0000][1][safepoint    ] Safepoint "RevokeBias", Time since last: 95600 ns, Reaching safepoint: 216758 ns, At safepoint: 28196 ns, Total: 244954 ns
[2020-09-11T12:36:47.690+0000][1][safepoint    ] Safepoint "RevokeBias", Time since last: 2927564 ns, Reaching safepoint: 106658 ns, At safepoint: 34500 ns, Total: 141158 ns
[2020-09-11T12:36:47.691+0000][1][safepoint    ] Safepoint "RevokeBias", Time since last: 868623 ns, Reaching safepoint: 88294 ns, At safepoint: 29764 ns, Total: 118058 ns
[2020-09-11T12:36:47.698+0000][1][safepoint    ] Safepoint "RevokeBias", Time since last: 7216351 ns, Reaching safepoint: 112534 ns, At safepoint: 35149 ns, Total: 147683 ns
[2020-09-11T12:36:47.699+0000][1][safepoint    ] Safepoint "RevokeBias", Time since last: 1165243 ns, Reaching safepoint: 85561 ns, At safepoint: 21991 ns, Total: 107552 ns
[2020-09-11T12:36:47.704+0000][1][safepoint    ] Safepoint "RevokeBias", Time since last: 4305525 ns, Reaching safepoint: 102701 ns, At safepoint: 31172 ns, Total: 133873 ns
[2020-09-11T12:36:47.726+0000][1][safepoint    ] Safepoint "RevokeBias", Time since last: 9995641 ns, Reaching safepoint: 11873224 ns, At safepoint: 27875 ns, Total: 11901099 ns
[2020-09-11T12:36:47.726+0000][1][safepoint    ] Safepoint "RevokeBias", Time since last: 70294 ns, Reaching safepoint: 83044 ns, At safepoint: 29477 ns, Total: 112521 ns
[2020-09-11T12:36:47.726+0000][1][safepoint    ] Safepoint "RevokeBias", Time since last: 36156 ns, Reaching safepoint: 82881 ns, At safepoint: 17766 ns, Total: 100647 ns
[2020-09-11T12:36:47.726+0000][1][safepoint    ] Safepoint "RevokeBias", Time since last: 28546 ns, Reaching safepoint: 81756 ns, At safepoint: 20101 ns, Total: 101857 ns
[2020-09-11T12:36:47.726+0000][1][safepoint    ] Safepoint "RevokeBias", Time since last: 27512 ns, Reaching safepoint: 80902 ns, At safepoint: 19131 ns, Total: 100033 ns
[2020-09-11T12:36:47.726+0000][1][safepoint    ] Safepoint "RevokeBias", Time since last: 26877 ns, Reaching safepoint: 80429 ns, At safepoint: 18155 ns, Total: 98584 ns
[2020-09-11T12:36:47.726+0000][1][safepoint    ] Safepoint "RevokeBias", Time since last: 29735 ns, Reaching safepoint: 80687 ns, At safepoint: 17500 ns, Total: 98187 ns
[2020-09-11T12:36:47.727+0000][1][safepoint    ] Safepoint "BulkRevokeBias", Time since last: 26595 ns, Reaching safepoint: 80023 ns, At safepoint: 62513 ns, Total: 142536 ns
[2020-09-11T12:36:47.727+0000][1][safepoint    ] Safepoint "RevokeBias", Time since last: 65054 ns, Reaching safepoint: 83283 ns, At safepoint: 17395 ns, Total: 100678 ns
[2020-09-11T12:36:47.728+0000][1][safepoint    ] Safepoint "RevokeBias", Time since last: 652185 ns, Reaching safepoint: 82627 ns, At safepoint: 18945 ns, Total: 101572 ns
[2020-09-11T12:36:47.740+0000][1][safepoint    ] Safepoint "RevokeBias", Time since last: 12009213 ns, Reaching safepoint: 106064 ns, At safepoint: 49618 ns, Total: 155682 ns
[2020-09-11T12:36:47.740+0000][1][safepoint    ] Safepoint "RevokeBias", Time since last: 59299 ns, Reaching safepoint: 11695 ns, At safepoint: 11085 ns, Total: 22780 ns
[2020-09-11T12:36:47.740+0000][1][safepoint    ] Safepoint "RevokeBias", Time since last: 26571 ns, Reaching safepoint: 10430 ns, At safepoint: 10273 ns, Total: 20703 ns
[2020-09-11T12:36:47.775+0000][1][safepoint    ] Safepoint "RevokeBias", Time since last: 19697095 ns, Reaching safepoint: 15918032 ns, At safepoint: 32804 ns, Total: 15950836 ns
[2020-09-11T12:36:47.776+0000][1][safepoint    ] Safepoint "RevokeBias", Time since last: 73855 ns, Reaching safepoint: 85241 ns, At safepoint: 17294 ns, Total: 102535 ns
[2020-09-11T12:36:47.776+0000][1][safepoint    ] Safepoint "RevokeBias", Time since last: 31442 ns, Reaching safepoint: 494919 ns, At safepoint: 19338 ns, Total: 514257 ns
[2020-09-11T12:36:47.776+0000][1][safepoint    ] Safepoint "RevokeBias", Time since last: 34112 ns, Reaching safepoint: 84112 ns, At safepoint: 15678 ns, Total: 99790 ns
[2020-09-11T12:36:47.776+0000][1][safepoint    ] Safepoint "RevokeBias", Time since last: 30434 ns, Reaching safepoint: 85033 ns, At safepoint: 18502 ns, Total: 103535 ns
[2020-09-11T12:36:47.777+0000][1][safepoint    ] Safepoint "RevokeBias", Time since last: 29824 ns, Reaching safepoint: 82560 ns, At safepoint: 16869 ns, Total: 99429 ns
[2020-09-11T12:36:47.777+0000][1][safepoint    ] Safepoint "RevokeBias", Time since last: 28130 ns, Reaching safepoint: 83266 ns, At safepoint: 16601 ns, Total: 99867 ns
[2020-09-11T12:36:47.777+0000][1][safepoint    ] Safepoint "RevokeBias", Time since last: 32234 ns, Reaching safepoint: 84336 ns, At safepoint: 20981 ns, Total: 105317 ns
[2020-09-11T12:36:47.777+0000][1][safepoint    ] Safepoint "RevokeBias", Time since last: 29862 ns, Reaching safepoint: 85606 ns, At safepoint: 20306 ns, Total: 105912 ns
[2020-09-11T12:36:47.779+0000][1][safepoint    ] Safepoint "RevokeBias", Time since last: 29997 ns, Reaching safepoint: 1980918 ns, At safepoint: 39786 ns, Total: 2020704 ns
[2020-09-11T12:36:47.779+0000][1][safepoint    ] Safepoint "RevokeBias", Time since last: 48932 ns, Reaching safepoint: 84442 ns, At safepoint: 26852 ns, Total: 111294 ns
[2020-09-11T12:36:47.779+0000][1][safepoint    ] Safepoint "RevokeBias", Time since last: 31934 ns, Reaching safepoint: 82459 ns, At safepoint: 24429 ns, Total: 106888 ns
[2020-09-11T12:36:47.779+0000][1][safepoint    ] Safepoint "RevokeBias", Time since last: 29552 ns, Reaching safepoint: 44020 ns, At safepoint: 23656 ns, Total: 67676 ns
[2020-09-11T12:36:47.780+0000][1][safepoint    ] Safepoint "RevokeBias", Time since last: 29981 ns, Reaching safepoint: 82731 ns, At safepoint: 24142 ns, Total: 106873 ns
[2020-09-11T12:36:47.780+0000][1][safepoint    ] Safepoint "RevokeBias", Time since last: 29990 ns, Reaching safepoint: 82369 ns, At safepoint: 25100 ns, Total: 107469 ns
[2020-09-11T12:36:47.780+0000][1][safepoint    ] Safepoint "RevokeBias", Time since last: 29007 ns, Reaching safepoint: 82442 ns, At safepoint: 24172 ns, Total: 106614 ns
[2020-09-11T12:36:47.780+0000][1][safepoint    ] Safepoint "BulkRevokeBias", Time since last: 29640 ns, Reaching safepoint: 81756 ns, At safepoint: 77492 ns, Total: 159248 ns
[2020-09-11T12:36:47.780+0000][1][safepoint    ] Safepoint "RevokeBias", Time since last: 176482 ns, Reaching safepoint: 85213 ns, At safepoint: 27475 ns, Total: 112688 ns
[2020-09-11T12:36:47.781+0000][1][safepoint    ] Safepoint "RevokeBias", Time since last: 79875 ns, Reaching safepoint: 84350 ns, At safepoint: 24632 ns, Total: 108982 ns
[2020-09-11T12:36:47.783+0000][1][safepoint    ] Safepoint "RevokeBias", Time since last: 47168 ns, Reaching safepoint: 2887003 ns, At safepoint: 40283 ns, Total: 2927286 ns
[2020-09-11T12:36:47.787+0000][1][safepoint    ] Safepoint "RevokeBias", Time since last: 90251 ns, Reaching safepoint: 3841937 ns, At safepoint: 27893 ns, Total: 3869830 ns
[2020-09-11T12:36:47.788+0000][1][safepoint    ] Safepoint "RevokeBias", Time since last: 50581 ns, Reaching safepoint: 83392 ns, At safepoint: 30317 ns, Total: 113709 ns
[2020-09-11T12:36:47.788+0000][1][safepoint    ] Safepoint "RevokeBias", Time since last: 103173 ns, Reaching safepoint: 89673 ns, At safepoint: 29115 ns, Total: 118788 ns
[2020-09-11T12:36:47.788+0000][1][safepoint    ] Safepoint "RevokeBias", Time since last: 223443 ns, Reaching safepoint: 84875 ns, At safepoint: 27529 ns, Total: 112404 ns
[2020-09-11T12:36:47.788+0000][1][safepoint    ] Safepoint "RevokeBias", Time since last: 74337 ns, Reaching safepoint: 84143 ns, At safepoint: 27126 ns, Total: 111269 ns
[2020-09-11T12:36:47.789+0000][1][safepoint    ] Safepoint "RevokeBias", Time since last: 115025 ns, Reaching safepoint: 85832 ns, At safepoint: 27763 ns, Total: 113595 ns
[2020-09-11T12:36:47.789+0000][1][safepoint    ] Safepoint "RevokeBias", Time since last: 41055 ns, Reaching safepoint: 84226 ns, At safepoint: 29237 ns, Total: 113463 ns
[2020-09-11T12:36:47.789+0000][1][safepoint    ] Safepoint "RevokeBias", Time since last: 25594 ns, Reaching safepoint: 86156 ns, At safepoint: 43420 ns, Total: 129576 ns
[2020-09-11T12:36:47.789+0000][1][safepoint    ] Safepoint "RevokeBias", Time since last: 28180 ns, Reaching safepoint: 84656 ns, At safepoint: 32986 ns, Total: 117642 ns
[2020-09-11T12:36:47.789+0000][1][safepoint    ] Safepoint "RevokeBias", Time since last: 216877 ns, Reaching safepoint: 83987 ns, At safepoint: 33176 ns, Total: 117163 ns
[2020-09-11T12:36:47.790+0000][1][safepoint    ] Safepoint "RevokeBias", Time since last: 124369 ns, Reaching safepoint: 83367 ns, At safepoint: 32563 ns, Total: 115930 ns
[2020-09-11T12:36:47.795+0000][1][safepoint    ] Safepoint "RevokeBias", Time since last: 111564 ns, Reaching safepoint: 84294 ns, At safepoint: 5617861 ns, Total: 5702155 ns
[2020-09-11T12:36:47.796+0000][1][safepoint    ] Safepoint "RevokeBias", Time since last: 500082 ns, Reaching safepoint: 235177 ns, At safepoint: 35289 ns, Total: 270466 ns
[2020-09-11T12:36:47.797+0000][1][safepoint    ] Safepoint "RevokeBias", Time since last: 402767 ns, Reaching safepoint: 82460 ns, At safepoint: 28397 ns, Total: 110857 ns
[2020-09-11T12:36:47.797+0000][1][safepoint    ] Safepoint "RevokeBias", Time since last: 72775 ns, Reaching safepoint: 81449 ns, At safepoint: 23942 ns, Total: 105391 ns
[2020-09-11T12:36:47.797+0000][1][safepoint    ] Safepoint "RevokeBias", Time since last: 190325 ns, Reaching safepoint: 81451 ns, At safepoint: 22557 ns, Total: 104008 ns
[2020-09-11T12:36:47.800+0000][1][safepoint    ] Safepoint "RevokeBias", Time since last: 3060925 ns, Reaching safepoint: 102903 ns, At safepoint: 33109 ns, Total: 136012 ns
[2020-09-11T12:36:47.831+0000][1][safepoint    ] Safepoint "RevokeBias", Time since last: 27059302 ns, Reaching safepoint: 4006509 ns, At safepoint: 39186 ns, Total: 4045695 ns
[2020-09-11T12:36:47.836+0000][1][safepoint    ] Safepoint "RevokeBias", Time since last: 3941038 ns, Reaching safepoint: 103585 ns, At safepoint: 32525 ns, Total: 136110 ns
[2020-09-11T12:36:47.839+0000][1][safepoint    ] Safepoint "RevokeBias", Time since last: 3703031 ns, Reaching safepoint: 108748 ns, At safepoint: 51179 ns, Total: 159927 ns
[2020-09-11T12:36:47.840+0000][1][safepoint    ] Safepoint "RevokeBias", Time since last: 51871 ns, Reaching safepoint: 85106 ns, At safepoint: 20515 ns, Total: 105621 ns
[2020-09-11T12:36:48.160+0000][1][safepoint    ] Safepoint "RevokeBias", Time since last: 320071992 ns, Reaching safepoint: 111322 ns, At safepoint: 13928 ns, Total: 125250 ns
[2020-09-11T12:36:48.308+0000][1][safepoint    ] Safepoint "BulkRevokeBias", Time since last: 147634022 ns, Reaching safepoint: 125802 ns, At safepoint: 96242 ns, Total: 222044 ns
[2020-09-11T12:36:49.039+0000][1][gc,start     ] GC(61) Pause Young (Allocation Failure)
[2020-09-11T12:36:49.039+0000][1][gc,task      ] GC(61) Using 1 workers of 1 for evacuation
[2020-09-11T12:36:49.188+0000][1][gc,age       ] GC(61) Desired survivor size 4358144 bytes, new threshold 2 (max threshold 6)
[2020-09-11T12:36:49.188+0000][1][gc,age       ] GC(61) Age table with threshold 2 (max threshold 6)
[2020-09-11T12:36:49.188+0000][1][gc,age       ] GC(61) - age   1:    2167648 bytes,    2167648 total
[2020-09-11T12:36:49.188+0000][1][gc,age       ] GC(61) - age   2:    2641272 bytes,    4808920 total
[2020-09-11T12:36:49.188+0000][1][gc,heap      ] GC(61) ParNew: 76672K->6201K(76672K)
[2020-09-11T12:36:49.188+0000][1][gc,heap      ] GC(61) CMS: 50030K->54122K(2011968K)
[2020-09-11T12:36:49.188+0000][1][gc,metaspace ] GC(61) Metaspace: 52617K->52617K(1097728K)
[2020-09-11T12:36:49.188+0000][1][gc           ] GC(61) Pause Young (Allocation Failure) 123M->58M(2039M) 149.356ms
[2020-09-11T12:36:49.188+0000][1][gc,cpu       ] GC(61) User=0.05s Sys=0.00s Real=0.15s
[2020-09-11T12:36:49.202+0000][1][safepoint    ] Safepoint "GenCollectForAllocation", Time since last: 730674148 ns, Reaching safepoint: 383892 ns, At safepoint: 163707526 ns, Total: 164091418 ns
[2020-09-11T12:36:50.364+0000][1][safepoint    ] Safepoint "Cleanup", Time since last: 1153919882 ns, Reaching safepoint: 7466469 ns, At safepoint: 13134 ns, Total: 7479603 ns
[2020-09-11T12:36:51.364+0000][1][safepoint    ] Safepoint "Cleanup", Time since last: 1000103180 ns, Reaching safepoint: 101303 ns, At safepoint: 5745 ns, Total: 107048 ns
[2020-09-11T12:36:52.366+0000][1][safepoint    ] Safepoint "Cleanup", Time since last: 1001817276 ns, Reaching safepoint: 463910 ns, At safepoint: 9221 ns, Total: 473131 ns
[2020-09-11T12:36:52.885+0000][1][safepoint    ] Safepoint "CollectForMetadataAllocation", Time since last: 517662399 ns, Reaching safepoint: 931870 ns, At safepoint: 125394 ns, Total: 1057264 ns
[2020-09-11T12:36:53.008+0000][1][safepoint    ] Safepoint "CollectForMetadataAllocation", Time since last: 122417697 ns, Reaching safepoint: 116227 ns, At safepoint: 135651 ns, Total: 251878 ns
[2020-09-11T12:36:53.035+0000][1][gc,start     ] GC(62) Pause Young (Allocation Failure)
[2020-09-11T12:36:53.035+0000][1][gc,task      ] GC(62) Using 1 workers of 1 for evacuation
[2020-09-11T12:36:53.135+0000][1][gc,age       ] GC(62) Desired survivor size 4358144 bytes, new threshold 6 (max threshold 6)
[2020-09-11T12:36:53.135+0000][1][gc,age       ] GC(62) Age table with threshold 6 (max threshold 6)
[2020-09-11T12:36:53.135+0000][1][gc,age       ] GC(62) - age   1:    1734664 bytes,    1734664 total
[2020-09-11T12:36:53.135+0000][1][gc,age       ] GC(62) - age   2:    2128904 bytes,    3863568 total
[2020-09-11T12:36:53.135+0000][1][gc,heap      ] GC(62) ParNew: 74361K->5072K(76672K)
[2020-09-11T12:36:53.135+0000][1][gc,heap      ] GC(62) CMS: 54122K->56809K(2011968K)
[2020-09-11T12:36:53.135+0000][1][gc,metaspace ] GC(62) Metaspace: 60748K->60748K(1105920K)
[2020-09-11T12:36:53.135+0000][1][gc           ] GC(62) Pause Young (Allocation Failure) 125M->60M(2039M) 100.179ms
[2020-09-11T12:36:53.135+0000][1][gc,cpu       ] GC(62) User=0.04s Sys=0.00s Real=0.10s
[2020-09-11T12:36:53.155+0000][1][safepoint    ] Safepoint "GenCollectForAllocation", Time since last: 27298638 ns, Reaching safepoint: 100551 ns, At safepoint: 120069759 ns, Total: 120170310 ns
[2020-09-11T12:36:53.168+0000][1][gc,start     ] GC(63) Pause Initial Mark
[2020-09-11T12:36:53.191+0000][1][gc           ] GC(63) Pause Initial Mark 61M->61M(2039M) 22.440ms
[2020-09-11T12:36:53.191+0000][1][gc,cpu       ] GC(63) User=0.01s Sys=0.00s Real=0.02s
[2020-09-11T12:36:53.210+0000][1][safepoint    ] Safepoint "CMS_Initial_Mark", Time since last: 12679328 ns, Reaching safepoint: 379002 ns, At safepoint: 42253708 ns, Total: 42632710 ns
[2020-09-11T12:36:53.211+0000][1][gc           ] GC(63) Concurrent Mark
[2020-09-11T12:36:53.364+0000][1][safepoint    ] Safepoint "CollectForMetadataAllocation", Time since last: 136953741 ns, Reaching safepoint: 16058744 ns, At safepoint: 128427 ns, Total: 16187171 ns
[2020-09-11T12:36:53.544+0000][1][safepoint    ] Safepoint "CollectForMetadataAllocation", Time since last: 179799653 ns, Reaching safepoint: 64846 ns, At safepoint: 113317 ns, Total: 178163 ns
[2020-09-11T12:36:53.758+0000][1][gc           ] GC(63) Concurrent Mark 546.891ms
[2020-09-11T12:36:53.758+0000][1][gc,cpu       ] GC(63) User=0.18s Sys=0.00s Real=0.55s
[2020-09-11T12:36:53.758+0000][1][gc           ] GC(63) Concurrent Preclean
[2020-09-11T12:36:53.825+0000][1][gc           ] GC(63) Concurrent Preclean 66.936ms
[2020-09-11T12:36:53.825+0000][1][gc,cpu       ] GC(63) User=0.02s Sys=0.00s Real=0.07s
[2020-09-11T12:36:53.825+0000][1][gc           ] GC(63) Concurrent Abortable Preclean
[2020-09-11T12:36:53.940+0000][1][safepoint    ] Safepoint "CollectForMetadataAllocation", Time since last: 395848791 ns, Reaching safepoint: 78478 ns, At safepoint: 124054 ns, Total: 202532 ns
[2020-09-11T12:36:54.216+0000][1][safepoint    ] Safepoint "CollectForMetadataAllocation", Time since last: 275771675 ns, Reaching safepoint: 76572 ns, At safepoint: 145966 ns, Total: 222538 ns
[2020-09-11T12:36:54.648+0000][1][safepoint    ] Safepoint "CollectForMetadataAllocation", Time since last: 419618944 ns, Reaching safepoint: 12234083 ns, At safepoint: 132498 ns, Total: 12366581 ns
[2020-09-11T12:36:54.876+0000][1][safepoint    ] Safepoint "CollectForMetadataAllocation", Time since last: 228311083 ns, Reaching safepoint: 115788 ns, At safepoint: 96114 ns, Total: 211902 ns
[2020-09-11T12:36:55.592+0000][1][safepoint    ] Safepoint "CollectForMetadataAllocation", Time since last: 715305304 ns, Reaching safepoint: 66788 ns, At safepoint: 124012 ns, Total: 190800 ns
[2020-09-11T12:36:55.854+0000][1][safepoint    ] Safepoint "Deoptimize", Time since last: 262092245 ns, Reaching safepoint: 54024 ns, At safepoint: 300051 ns, Total: 354075 ns
[2020-09-11T12:36:55.972+0000][1][safepoint    ] Safepoint "CollectForMetadataAllocation", Time since last: 117080423 ns, Reaching safepoint: 268103 ns, At safepoint: 122352 ns, Total: 390455 ns
[2020-09-11T12:36:56.297+0000][1][safepoint    ] Safepoint "CollectForMetadataAllocation", Time since last: 325160217 ns, Reaching safepoint: 56641 ns, At safepoint: 182342 ns, Total: 238983 ns
[2020-09-11T12:36:56.698+0000][1][safepoint    ] Safepoint "CollectForMetadataAllocation", Time since last: 400754797 ns, Reaching safepoint: 124194 ns, At safepoint: 128779 ns, Total: 252973 ns
[2020-09-11T12:36:56.916+0000][1][safepoint    ] Safepoint "RevokeBias", Time since last: 205754615 ns, Reaching safepoint: 12462489 ns, At safepoint: 47168 ns, Total: 12509657 ns
[2020-09-11T12:36:56.916+0000][1][safepoint    ] Safepoint "RevokeBias", Time since last: 200555 ns, Reaching safepoint: 18274 ns, At safepoint: 26742 ns, Total: 45016 ns
[2020-09-11T12:36:56.917+0000][1][safepoint    ] Safepoint "RevokeBias", Time since last: 38498 ns, Reaching safepoint: 14662 ns, At safepoint: 22463 ns, Total: 37125 ns
[2020-09-11T12:36:56.917+0000][1][safepoint    ] Safepoint "RevokeBias", Time since last: 154336 ns, Reaching safepoint: 16380 ns, At safepoint: 23285 ns, Total: 39665 ns
[2020-09-11T12:36:57.177+0000][1][safepoint    ] Safepoint "CollectForMetadataAllocation", Time since last: 251607830 ns, Reaching safepoint: 8106659 ns, At safepoint: 83270 ns, Total: 8189929 ns
[2020-09-11T12:36:57.652+0000][1][safepoint    ] Safepoint "CollectForMetadataAllocation", Time since last: 474905975 ns, Reaching safepoint: 144122 ns, At safepoint: 131143 ns, Total: 275265 ns
[2020-09-11T12:36:57.900+0000][1][safepoint    ] Safepoint "CollectForMetadataAllocation", Time since last: 248540731 ns, Reaching safepoint: 118717 ns, At safepoint: 87661 ns, Total: 206378 ns
[2020-09-11T12:36:58.068+0000][1][safepoint    ] Safepoint "CollectForMetadataAllocation", Time since last: 166946717 ns, Reaching safepoint: 109024 ns, At safepoint: 89128 ns, Total: 198152 ns
[2020-09-11T12:36:58.211+0000][1][safepoint    ] Safepoint "CollectForMetadataAllocation", Time since last: 142750733 ns, Reaching safepoint: 949580 ns, At safepoint: 136213 ns, Total: 1085793 ns
[2020-09-11T12:36:58.409+0000][1][safepoint    ] Safepoint "CollectForMetadataAllocation", Time since last: 197680447 ns, Reaching safepoint: 106850 ns, At safepoint: 70526 ns, Total: 177376 ns
[2020-09-11T12:36:58.485+0000][1][safepoint    ] Safepoint "CollectForMetadataAllocation", Time since last: 73968021 ns, Reaching safepoint: 1646042 ns, At safepoint: 119835 ns, Total: 1765877 ns
[2020-09-11T12:36:58.560+0000][1][safepoint    ] Safepoint "CollectForMetadataAllocation", Time since last: 71999906 ns, Reaching safepoint: 2565908 ns, At safepoint: 135527 ns, Total: 2701435 ns
[2020-09-11T12:36:58.620+0000][1][gc,start     ] GC(64) Pause Young (Allocation Failure)
[2020-09-11T12:36:58.621+0000][1][gc,task      ] GC(64) Using 1 workers of 1 for evacuation
[2020-09-11T12:36:58.663+0000][1][gc           ] GC(63) Concurrent Abortable Preclean 4838.233ms
[2020-09-11T12:36:58.663+0000][1][gc,cpu       ] GC(63) User=1.85s Sys=0.01s Real=4.84s
[2020-09-11T12:36:58.682+0000][1][gc,age       ] GC(64) Desired survivor size 4358144 bytes, new threshold 2 (max threshold 6)
[2020-09-11T12:36:58.682+0000][1][gc,age       ] GC(64) Age table with threshold 2 (max threshold 6)
[2020-09-11T12:36:58.682+0000][1][gc,age       ] GC(64) - age   1:    3459720 bytes,    3459720 total
[2020-09-11T12:36:58.682+0000][1][gc,age       ] GC(64) - age   2:    1570640 bytes,    5030360 total
[2020-09-11T12:36:58.682+0000][1][gc,age       ] GC(64) - age   3:    2087872 bytes,    7118232 total
[2020-09-11T12:36:58.682+0000][1][gc,heap      ] GC(64) ParNew: 73232K->8195K(76672K)
[2020-09-11T12:36:58.682+0000][1][gc,heap      ] GC(64) CMS: 56809K->56809K(2011968K)
[2020-09-11T12:36:58.682+0000][1][gc,metaspace ] GC(64) Metaspace: 66502K->66502K(1110016K)
[2020-09-11T12:36:58.682+0000][1][gc           ] GC(64) Pause Young (Allocation Failure) 126M->63M(2039M) 61.347ms
[2020-09-11T12:36:58.682+0000][1][gc,cpu       ] GC(64) User=0.04s Sys=0.00s Real=0.06s
[2020-09-11T12:36:58.687+0000][1][safepoint    ] Safepoint "GenCollectForAllocation", Time since last: 60610150 ns, Reaching safepoint: 101488 ns, At safepoint: 66971991 ns, Total: 67073479 ns
[2020-09-11T12:36:58.691+0000][1][safepoint    ] Safepoint "CollectForMetadataAllocation", Time since last: 2962932 ns, Reaching safepoint: 28497 ns, At safepoint: 102337 ns, Total: 130834 ns
[2020-09-11T12:36:58.696+0000][1][gc,start     ] GC(63) Pause Remark
[2020-09-11T12:36:58.714+0000][1][gc           ] GC(63) Pause Remark 64M->64M(2039M) 18.408ms
[2020-09-11T12:36:58.714+0000][1][gc,cpu       ] GC(63) User=0.02s Sys=0.00s Real=0.01s
[2020-09-11T12:36:58.723+0000][1][safepoint    ] Safepoint "CMS_Final_Remark", Time since last: 4762865 ns, Reaching safepoint: 322584 ns, At safepoint: 27795946 ns, Total: 28118530 ns
[2020-09-11T12:36:58.723+0000][1][gc           ] GC(63) Concurrent Sweep
[2020-09-11T12:36:58.740+0000][1][safepoint    ] Safepoint "CollectForMetadataAllocation", Time since last: 12025998 ns, Reaching safepoint: 4673290 ns, At safepoint: 135088 ns, Total: 4808378 ns
[2020-09-11T12:36:58.767+0000][1][gc           ] GC(63) Concurrent Sweep 43.042ms
[2020-09-11T12:36:58.767+0000][1][gc,cpu       ] GC(63) User=0.04s Sys=0.00s Real=0.04s
[2020-09-11T12:36:58.767+0000][1][gc           ] GC(63) Concurrent Reset
[2020-09-11T12:36:58.770+0000][1][gc           ] GC(63) Concurrent Reset 3.488ms
[2020-09-11T12:36:58.770+0000][1][gc,cpu       ] GC(63) User=0.01s Sys=0.00s Real=0.00s
[2020-09-11T12:36:58.770+0000][1][gc,heap      ] GC(63) Old: 56809K->55861K(2011968K)
[2020-09-11T12:36:58.833+0000][1][safepoint    ] Safepoint "BulkRevokeBias", Time since last: 92708773 ns, Reaching safepoint: 163364 ns, At safepoint: 72817 ns, Total: 236181 ns
[2020-09-11T12:36:58.906+0000][1][safepoint    ] Safepoint "Deoptimize", Time since last: 72676239 ns, Reaching safepoint: 98667 ns, At safepoint: 345086 ns, Total: 443753 ns
[2020-09-11T12:36:58.921+0000][1][safepoint    ] Safepoint "Deoptimize", Time since last: 14713972 ns, Reaching safepoint: 139926 ns, At safepoint: 321201 ns, Total: 461127 ns
[2020-09-11T12:36:59.015+0000][1][safepoint    ] Safepoint "RevokeBias", Time since last: 93167254 ns, Reaching safepoint: 125394 ns, At safepoint: 34571 ns, Total: 159965 ns
[2020-09-11T12:36:59.016+0000][1][safepoint    ] Safepoint "RevokeBias", Time since last: 800444 ns, Reaching safepoint: 83478 ns, At safepoint: 16351 ns, Total: 99829 ns
[2020-09-11T12:36:59.016+0000][1][safepoint    ] Safepoint "RevokeBias", Time since last: 577041 ns, Reaching safepoint: 123073 ns, At safepoint: 17793 ns, Total: 140866 ns
[2020-09-11T12:36:59.017+0000][1][safepoint    ] Safepoint "RevokeBias", Time since last: 182982 ns, Reaching safepoint: 148941 ns, At safepoint: 17659 ns, Total: 166600 ns
[2020-09-11T12:36:59.017+0000][1][safepoint    ] Safepoint "RevokeBias", Time since last: 459093 ns, Reaching safepoint: 86333 ns, At safepoint: 18298 ns, Total: 104631 ns
[2020-09-11T12:36:59.017+0000][1][safepoint    ] Safepoint "RevokeBias", Time since last: 51262 ns, Reaching safepoint: 84684 ns, At safepoint: 17106 ns, Total: 101790 ns
[2020-09-11T12:36:59.018+0000][1][safepoint    ] Safepoint "RevokeBias", Time since last: 71718 ns, Reaching safepoint: 83452 ns, At safepoint: 16829 ns, Total: 100281 ns
[2020-09-11T12:36:59.018+0000][1][safepoint    ] Safepoint "RevokeBias", Time since last: 221384 ns, Reaching safepoint: 127751 ns, At safepoint: 17070 ns, Total: 144821 ns
[2020-09-11T12:36:59.019+0000][1][safepoint    ] Safepoint "RevokeBias", Time since last: 328092 ns, Reaching safepoint: 138154 ns, At safepoint: 20411 ns, Total: 158565 ns
[2020-09-11T12:36:59.019+0000][1][safepoint    ] Safepoint "RevokeBias", Time since last: 38207 ns, Reaching safepoint: 136601 ns, At safepoint: 16867 ns, Total: 153468 ns
[2020-09-11T12:36:59.019+0000][1][safepoint    ] Safepoint "RevokeBias", Time since last: 434674 ns, Reaching safepoint: 136097 ns, At safepoint: 16701 ns, Total: 152798 ns
[2020-09-11T12:36:59.019+0000][1][safepoint    ] Safepoint "RevokeBias", Time since last: 75872 ns, Reaching safepoint: 45172 ns, At safepoint: 15952 ns, Total: 61124 ns
[2020-09-11T12:36:59.024+0000][1][safepoint    ] Safepoint "RevokeBias", Time since last: 3992136 ns, Reaching safepoint: 147747 ns, At safepoint: 28419 ns, Total: 176166 ns
[2020-09-11T12:36:59.024+0000][1][safepoint    ] Safepoint "RevokeBias", Time since last: 385159 ns, Reaching safepoint: 139373 ns, At safepoint: 22048 ns, Total: 161421 ns
[2020-09-11T12:36:59.032+0000][1][safepoint    ] Safepoint "RevokeBias", Time since last: 3815709 ns, Reaching safepoint: 3606601 ns, At safepoint: 28320 ns, Total: 3634921 ns
[2020-09-11T12:36:59.033+0000][1][safepoint    ] Safepoint "RevokeBias", Time since last: 1017701 ns, Reaching safepoint: 90326 ns, At safepoint: 19409 ns, Total: 109735 ns
[2020-09-11T12:36:59.033+0000][1][safepoint    ] Safepoint "RevokeBias", Time since last: 165685 ns, Reaching safepoint: 93122 ns, At safepoint: 18743 ns, Total: 111865 ns
[2020-09-11T12:36:59.033+0000][1][safepoint    ] Safepoint "RevokeBias", Time since last: 337285 ns, Reaching safepoint: 132416 ns, At safepoint: 17303 ns, Total: 149719 ns
[2020-09-11T12:36:59.034+0000][1][safepoint    ] Safepoint "RevokeBias", Time since last: 57449 ns, Reaching safepoint: 133159 ns, At safepoint: 16999 ns, Total: 150158 ns
[2020-09-11T12:36:59.034+0000][1][safepoint    ] Safepoint "RevokeBias", Time since last: 46877 ns, Reaching safepoint: 129761 ns, At safepoint: 16127 ns, Total: 145888 ns
[2020-09-11T12:36:59.034+0000][1][safepoint    ] Safepoint "RevokeBias", Time since last: 139833 ns, Reaching safepoint: 134492 ns, At safepoint: 50639 ns, Total: 185131 ns
[2020-09-11T12:36:59.034+0000][1][safepoint    ] Safepoint "RevokeBias", Time since last: 131690 ns, Reaching safepoint: 132046 ns, At safepoint: 16101 ns, Total: 148147 ns
[2020-09-11T12:36:59.037+0000][1][safepoint    ] Safepoint "Deoptimize", Time since last: 2138258 ns, Reaching safepoint: 141445 ns, At safepoint: 324129 ns, Total: 465574 ns
[2020-09-11T12:36:59.352+0000][1][safepoint    ] Safepoint "RevokeBias", Time since last: 314139632 ns, Reaching safepoint: 223945 ns, At safepoint: 116670 ns, Total: 340615 ns
[2020-09-11T12:36:59.356+0000][1][safepoint    ] Safepoint "RevokeBias", Time since last: 4117316 ns, Reaching safepoint: 520696 ns, At safepoint: 17609 ns, Total: 538305 ns
[2020-09-11T12:36:59.356+0000][1][safepoint    ] Safepoint "RevokeBias", Time since last: 81020 ns, Reaching safepoint: 124229 ns, At safepoint: 14059 ns, Total: 138288 ns
[2020-09-11T12:36:59.358+0000][1][safepoint    ] Safepoint "RevokeBias", Time since last: 232407 ns, Reaching safepoint: 1017520 ns, At safepoint: 19374 ns, Total: 1036894 ns
[2020-09-11T12:36:59.359+0000][1][safepoint    ] Safepoint "RevokeBias", Time since last: 667450 ns, Reaching safepoint: 204170 ns, At safepoint: 16211 ns, Total: 220381 ns
[2020-09-11T12:36:59.369+0000][1][safepoint    ] Safepoint "RevokeBias", Time since last: 9216431 ns, Reaching safepoint: 1153336 ns, At safepoint: 26134 ns, Total: 1179470 ns
[2020-09-11T12:36:59.369+0000][1][safepoint    ] Safepoint "RevokeBias", Time since last: 133530 ns, Reaching safepoint: 124924 ns, At safepoint: 18069 ns, Total: 142993 ns
[2020-09-11T12:36:59.369+0000][1][safepoint    ] Safepoint "RevokeBias", Time since last: 97660 ns, Reaching safepoint: 88743 ns, At safepoint: 16824 ns, Total: 105567 ns
[2020-09-11T12:36:59.370+0000][1][safepoint    ] Safepoint "RevokeBias", Time since last: 120752 ns, Reaching safepoint: 138670 ns, At safepoint: 16243 ns, Total: 154913 ns
[2020-09-11T12:36:59.370+0000][1][safepoint    ] Safepoint "RevokeBias", Time since last: 145263 ns, Reaching safepoint: 138494 ns, At safepoint: 16724 ns, Total: 155218 ns
[2020-09-11T12:36:59.370+0000][1][safepoint    ] Safepoint "RevokeBias", Time since last: 34987 ns, Reaching safepoint: 122137 ns, At safepoint: 16748 ns, Total: 138885 ns
[2020-09-11T12:36:59.370+0000][1][safepoint    ] Safepoint "RevokeBias", Time since last: 52183 ns, Reaching safepoint: 86943 ns, At safepoint: 15048 ns, Total: 101991 ns
[2020-09-11T12:36:59.371+0000][1][safepoint    ] Safepoint "RevokeBias", Time since last: 142171 ns, Reaching safepoint: 123747 ns, At safepoint: 15844 ns, Total: 139591 ns
[2020-09-11T12:36:59.371+0000][1][safepoint    ] Safepoint "RevokeBias", Time since last: 35088 ns, Reaching safepoint: 125830 ns, At safepoint: 16089 ns, Total: 141919 ns
[2020-09-11T12:36:59.372+0000][1][safepoint    ] Safepoint "RevokeBias", Time since last: 588096 ns, Reaching safepoint: 127911 ns, At safepoint: 16600 ns, Total: 144511 ns
[2020-09-11T12:36:59.372+0000][1][safepoint    ] Safepoint "RevokeBias", Time since last: 37752 ns, Reaching safepoint: 129643 ns, At safepoint: 15487 ns, Total: 145130 ns
[2020-09-11T12:36:59.374+0000][1][safepoint    ] Safepoint "RevokeBias", Time since last: 791511 ns, Reaching safepoint: 931532 ns, At safepoint: 20655 ns, Total: 952187 ns
[2020-09-11T12:36:59.374+0000][1][safepoint    ] Safepoint "RevokeBias", Time since last: 234164 ns, Reaching safepoint: 134065 ns, At safepoint: 16571 ns, Total: 150636 ns
[2020-09-11T12:36:59.375+0000][1][safepoint    ] Safepoint "RevokeBias", Time since last: 605550 ns, Reaching safepoint: 131411 ns, At safepoint: 22665 ns, Total: 154076 ns
[2020-09-11T12:36:59.380+0000][1][safepoint    ] Safepoint "BulkRevokeBias", Time since last: 1085660 ns, Reaching safepoint: 3821021 ns, At safepoint: 113506 ns, Total: 3934527 ns
[2020-09-11T12:36:59.382+0000][1][safepoint    ] Safepoint "RevokeBias", Time since last: 1712641 ns, Reaching safepoint: 196545 ns, At safepoint: 16754 ns, Total: 213299 ns
[2020-09-11T12:36:59.382+0000][1][safepoint    ] Safepoint "RevokeBias", Time since last: 51106 ns, Reaching safepoint: 85474 ns, At safepoint: 12187 ns, Total: 97661 ns
[2020-09-11T12:36:59.392+0000][1][safepoint    ] Safepoint "RevokeBias", Time since last: 9678350 ns, Reaching safepoint: 1038383 ns, At safepoint: 35117 ns, Total: 1073500 ns
[2020-09-11T12:36:59.394+0000][1][safepoint    ] Safepoint "RevokeBias", Time since last: 1560216 ns, Reaching safepoint: 139830 ns, At safepoint: 26762 ns, Total: 166592 ns
[2020-09-11T12:36:59.395+0000][1][safepoint    ] Safepoint "RevokeBias", Time since last: 224710 ns, Reaching safepoint: 130232 ns, At safepoint: 22267 ns, Total: 152499 ns
[2020-09-11T12:36:59.406+0000][1][safepoint    ] Safepoint "RevokeBias", Time since last: 11336671 ns, Reaching safepoint: 109096 ns, At safepoint: 17701 ns, Total: 126797 ns
[2020-09-11T12:36:59.822+0000][1][safepoint    ] Safepoint "RevokeBias", Time since last: 416206373 ns, Reaching safepoint: 69523 ns, At safepoint: 43369 ns, Total: 112892 ns
[2020-09-11T12:36:59.823+0000][1][safepoint    ] Safepoint "RevokeBias", Time since last: 164929 ns, Reaching safepoint: 33500 ns, At safepoint: 29728 ns, Total: 63228 ns
[2020-09-11T12:36:59.823+0000][1][safepoint    ] Safepoint "RevokeBias", Time since last: 103602 ns, Reaching safepoint: 32163 ns, At safepoint: 29595 ns, Total: 61758 ns
[2020-09-11T12:36:59.823+0000][1][safepoint    ] Safepoint "RevokeBias", Time since last: 129364 ns, Reaching safepoint: 32240 ns, At safepoint: 28813 ns, Total: 61053 ns
[2020-09-11T12:36:59.823+0000][1][safepoint    ] Safepoint "RevokeBias", Time since last: 97728 ns, Reaching safepoint: 31977 ns, At safepoint: 28522 ns, Total: 60499 ns
[2020-09-11T12:36:59.823+0000][1][safepoint    ] Safepoint "RevokeBias", Time since last: 101716 ns, Reaching safepoint: 31626 ns, At safepoint: 52374 ns, Total: 84000 ns
[2020-09-11T12:36:59.824+0000][1][safepoint    ] Safepoint "RevokeBias", Time since last: 120727 ns, Reaching safepoint: 32919 ns, At safepoint: 51375 ns, Total: 84294 ns
[2020-09-11T12:36:59.824+0000][1][safepoint    ] Safepoint "RevokeBias", Time since last: 92141 ns, Reaching safepoint: 31820 ns, At safepoint: 50679 ns, Total: 82499 ns
[2020-09-11T12:37:00.339+0000][1][safepoint    ] Safepoint "RevokeBias", Time since last: 514919282 ns, Reaching safepoint: 158668 ns, At safepoint: 15518 ns, Total: 174186 ns
[2020-09-11T12:37:00.353+0000][1][safepoint    ] Safepoint "RevokeBias", Time since last: 13849086 ns, Reaching safepoint: 160793 ns, At safepoint: 31816 ns, Total: 192609 ns
[2020-09-11T12:37:00.354+0000][1][safepoint    ] Safepoint "RevokeBias", Time since last: 796849 ns, Reaching safepoint: 150653 ns, At safepoint: 28081 ns, Total: 178734 ns
[2020-09-11T12:37:00.355+0000][1][safepoint    ] Safepoint "RevokeBias", Time since last: 1234003 ns, Reaching safepoint: 148454 ns, At safepoint: 29200 ns, Total: 177654 ns
[2020-09-11T12:37:00.365+0000][1][safepoint    ] Safepoint "RevokeBias", Time since last: 9380403 ns, Reaching safepoint: 152842 ns, At safepoint: 14174 ns, Total: 167016 ns
[2020-09-11T12:37:00.365+0000][1][safepoint    ] Safepoint "RevokeBias", Time since last: 100208 ns, Reaching safepoint: 141205 ns, At safepoint: 10435 ns, Total: 151640 ns
[2020-09-11T12:37:00.365+0000][1][safepoint    ] Safepoint "RevokeBias", Time since last: 68408 ns, Reaching safepoint: 125569 ns, At safepoint: 9872 ns, Total: 135441 ns
[2020-09-11T12:37:00.365+0000][1][safepoint    ] Safepoint "RevokeBias", Time since last: 66685 ns, Reaching safepoint: 134204 ns, At safepoint: 9636 ns, Total: 143840 ns
[2020-09-11T12:37:01.355+0000][1][safepoint    ] Safepoint "RevokeBias", Time since last: 989772972 ns, Reaching safepoint: 155887 ns, At safepoint: 14593 ns, Total: 170480 ns
[2020-09-11T12:37:02.358+0000][1][safepoint    ] Safepoint "Cleanup", Time since last: 1002408814 ns, Reaching safepoint: 74946 ns, At safepoint: 14540 ns, Total: 89486 ns
[2020-09-11T12:37:02.360+0000][1][safepoint    ] Safepoint "RevokeBias", Time since last: 1703339 ns, Reaching safepoint: 138281 ns, At safepoint: 40483 ns, Total: 178764 ns
[2020-09-11T12:37:03.360+0000][1][safepoint    ] Safepoint "Cleanup", Time since last: 1000123881 ns, Reaching safepoint: 41825 ns, At safepoint: 6040 ns, Total: 47865 ns
[2020-09-11T12:37:04.360+0000][1][safepoint    ] Safepoint "Cleanup", Time since last: 1000096700 ns, Reaching safepoint: 116390 ns, At safepoint: 7053 ns, Total: 123443 ns
[2020-09-11T12:37:05.360+0000][1][safepoint    ] Safepoint "Cleanup", Time since last: 1000093182 ns, Reaching safepoint: 42657 ns, At safepoint: 6347 ns, Total: 49004 ns
[2020-09-11T12:37:06.361+0000][1][safepoint    ] Safepoint "Cleanup", Time since last: 1000120227 ns, Reaching safepoint: 77054 ns, At safepoint: 20612 ns, Total: 97666 ns
[2020-09-11T12:37:07.361+0000][1][safepoint    ] Safepoint "Cleanup", Time since last: 1000116409 ns, Reaching safepoint: 175820 ns, At safepoint: 17524 ns, Total: 193344 ns
[2020-09-11T12:37:08.358+0000][1][safepoint    ] Safepoint "BulkRevokeBias", Time since last: 996535837 ns, Reaching safepoint: 167599 ns, At safepoint: 247815 ns, Total: 415414 ns
[2020-09-11T12:37:08.360+0000][1][safepoint    ] Safepoint "BulkRevokeBias", Time since last: 1732230 ns, Reaching safepoint: 333575 ns, At safepoint: 291356 ns, Total: 624931 ns
[2020-09-11T12:37:09.360+0000][1][safepoint    ] Safepoint "Cleanup", Time since last: 1000142377 ns, Reaching safepoint: 179007 ns, At safepoint: 28833 ns, Total: 207840 ns
[2020-09-11T12:37:10.361+0000][1][safepoint    ] Safepoint "Cleanup", Time since last: 1000201702 ns, Reaching safepoint: 75423 ns, At safepoint: 16187 ns, Total: 91610 ns
[2020-09-11T12:37:10.367+0000][1][safepoint    ] Safepoint "RevokeBias", Time since last: 6065029 ns, Reaching safepoint: 184587 ns, At safepoint: 32374 ns, Total: 216961 ns
[2020-09-11T12:37:10.367+0000][1][safepoint    ] Safepoint "RevokeBias", Time since last: 232751 ns, Reaching safepoint: 177310 ns, At safepoint: 26959 ns, Total: 204269 ns
[2020-09-11T12:37:10.368+0000][1][safepoint    ] Safepoint "RevokeBias", Time since last: 193474 ns, Reaching safepoint: 147619 ns, At safepoint: 26146 ns, Total: 173765 ns
[2020-09-11T12:37:11.368+0000][1][safepoint    ] Safepoint "Cleanup", Time since last: 1000131943 ns, Reaching safepoint: 70024 ns, At safepoint: 13147 ns, Total: 83171 ns
[2020-09-11T12:37:12.372+0000][1][safepoint    ] Safepoint "Cleanup", Time since last: 1003220809 ns, Reaching safepoint: 263072 ns, At safepoint: 8128 ns, Total: 271200 ns
[2020-09-11T12:37:13.372+0000][1][safepoint    ] Safepoint "Cleanup", Time since last: 1000143366 ns, Reaching safepoint: 79537 ns, At safepoint: 6234 ns, Total: 85771 ns
[2020-09-11T12:37:14.372+0000][1][safepoint    ] Safepoint "Cleanup", Time since last: 1000101024 ns, Reaching safepoint: 106563 ns, At safepoint: 6279 ns, Total: 112842 ns
[2020-09-11T12:37:15.372+0000][1][safepoint    ] Safepoint "Cleanup", Time since last: 1000163867 ns, Reaching safepoint: 82429 ns, At safepoint: 6375 ns, Total: 88804 ns
[2020-09-11T12:37:16.372+0000][1][safepoint    ] Safepoint "Cleanup", Time since last: 1000136837 ns, Reaching safepoint: 88474 ns, At safepoint: 6495 ns, Total: 94969 ns
[2020-09-11T12:37:17.373+0000][1][safepoint    ] Safepoint "Cleanup", Time since last: 1000113289 ns, Reaching safepoint: 71577 ns, At safepoint: 12780 ns, Total: 84357 ns
[2020-09-11T12:37:18.366+0000][1][safepoint    ] Safepoint "BulkRevokeBias", Time since last: 992557984 ns, Reaching safepoint: 71388 ns, At safepoint: 230101 ns, Total: 301489 ns
[2020-09-11T12:37:18.369+0000][1][safepoint    ] Safepoint "BulkRevokeBias", Time since last: 2984598 ns, Reaching safepoint: 185636 ns, At safepoint: 252409 ns, Total: 438045 ns
[2020-09-11T12:37:19.369+0000][1][safepoint    ] Safepoint "Cleanup", Time since last: 1000125893 ns, Reaching safepoint: 42215 ns, At safepoint: 5598 ns, Total: 47813 ns
[2020-09-11T12:37:20.369+0000][1][safepoint    ] Safepoint "Cleanup", Time since last: 1000095785 ns, Reaching safepoint: 37150 ns, At safepoint: 5333 ns, Total: 42483 ns
[2020-09-11T12:37:21.370+0000][1][safepoint    ] Safepoint "Cleanup", Time since last: 1000119309 ns, Reaching safepoint: 279201 ns, At safepoint: 21726 ns, Total: 300927 ns
[2020-09-11T12:37:22.370+0000][1][safepoint    ] Safepoint "Cleanup", Time since last: 1000152742 ns, Reaching safepoint: 279087 ns, At safepoint: 18940 ns, Total: 298027 ns
[2020-09-11T12:37:23.371+0000][1][safepoint    ] Safepoint "Cleanup", Time since last: 1000150725 ns, Reaching safepoint: 283123 ns, At safepoint: 20360 ns, Total: 303483 ns
[2020-09-11T12:37:24.371+0000][1][safepoint    ] Safepoint "Cleanup", Time since last: 1000142178 ns, Reaching safepoint: 287998 ns, At safepoint: 22372 ns, Total: 310370 ns
[2020-09-11T12:37:25.371+0000][1][safepoint    ] Safepoint "Cleanup", Time since last: 1000133711 ns, Reaching safepoint: 42590 ns, At safepoint: 6179 ns, Total: 48769 ns
[2020-09-11T12:37:26.371+0000][1][safepoint    ] Safepoint "Cleanup", Time since last: 1000105305 ns, Reaching safepoint: 68087 ns, At safepoint: 5752 ns, Total: 73839 ns
[2020-09-11T12:37:27.372+0000][1][safepoint    ] Safepoint "Cleanup", Time since last: 1000089614 ns, Reaching safepoint: 41077 ns, At safepoint: 5373 ns, Total: 46450 ns
[2020-09-11T12:37:28.372+0000][1][safepoint    ] Safepoint "Cleanup", Time since last: 1000111123 ns, Reaching safepoint: 263502 ns, At safepoint: 19424 ns, Total: 282926 ns
[2020-09-11T12:37:29.373+0000][1][safepoint    ] Safepoint "Cleanup", Time since last: 1000182396 ns, Reaching safepoint: 357842 ns, At safepoint: 23220 ns, Total: 381062 ns
[2020-09-11T12:37:29.403+0000][1][safepoint    ] Safepoint "RevokeBias", Time since last: 29928698 ns, Reaching safepoint: 161185 ns, At safepoint: 19451 ns, Total: 180636 ns
[2020-09-11T12:37:29.403+0000][1][safepoint    ] Safepoint "RevokeBias", Time since last: 98189 ns, Reaching safepoint: 140724 ns, At safepoint: 15106 ns, Total: 155830 ns
[2020-09-11T12:37:29.403+0000][1][safepoint    ] Safepoint "RevokeBias", Time since last: 54167 ns, Reaching safepoint: 143129 ns, At safepoint: 44759 ns, Total: 187888 ns
[2020-09-11T12:37:29.404+0000][1][safepoint    ] Safepoint "RevokeBias", Time since last: 320361 ns, Reaching safepoint: 140174 ns, At safepoint: 15098 ns, Total: 155272 ns
[2020-09-11T12:37:29.404+0000][1][safepoint    ] Safepoint "RevokeBias", Time since last: 564268 ns, Reaching safepoint: 140264 ns, At safepoint: 16979 ns, Total: 157243 ns
[2020-09-11T12:37:29.406+0000][1][safepoint    ] Safepoint "RevokeBias", Time since last: 1466885 ns, Reaching safepoint: 151074 ns, At safepoint: 16840 ns, Total: 167914 ns
[2020-09-11T12:37:29.406+0000][1][safepoint    ] Safepoint "RevokeBias", Time since last: 61360 ns, Reaching safepoint: 140410 ns, At safepoint: 14989 ns, Total: 155399 ns
[2020-09-11T12:37:29.406+0000][1][safepoint    ] Safepoint "RevokeBias", Time since last: 47234 ns, Reaching safepoint: 140252 ns, At safepoint: 14691 ns, Total: 154943 ns
[2020-09-11T12:37:29.407+0000][1][safepoint    ] Safepoint "RevokeBias", Time since last: 143216 ns, Reaching safepoint: 138175 ns, At safepoint: 14533 ns, Total: 152708 ns
[2020-09-11T12:37:29.407+0000][1][safepoint    ] Safepoint "RevokeBias", Time since last: 50256 ns, Reaching safepoint: 156824 ns, At safepoint: 14541 ns, Total: 171365 ns
[2020-09-11T12:37:30.407+0000][1][safepoint    ] Safepoint "Cleanup", Time since last: 1000114434 ns, Reaching safepoint: 114332 ns, At safepoint: 18787 ns, Total: 133119 ns
[2020-09-11T12:37:34.408+0000][1][safepoint    ] Safepoint "Cleanup", Time since last: 4000675934 ns, Reaching safepoint: 96370 ns, At safepoint: 6824 ns, Total: 103194 ns
[2020-09-11T12:37:35.408+0000][1][safepoint    ] Safepoint "Cleanup", Time since last: 1000139583 ns, Reaching safepoint: 93083 ns, At safepoint: 17096 ns, Total: 110179 ns
[2020-09-11T12:37:36.408+0000][1][safepoint    ] Safepoint "Cleanup", Time since last: 1000202217 ns, Reaching safepoint: 97948 ns, At safepoint: 17079 ns, Total: 115027 ns
[2020-09-11T12:37:38.412+0000][1][safepoint    ] Safepoint "Cleanup", Time since last: 2003844673 ns, Reaching safepoint: 52441 ns, At safepoint: 5283 ns, Total: 57724 ns
[2020-09-11T12:37:38.825+0000][1][safepoint    ] Safepoint "RevokeBias", Time since last: 412291717 ns, Reaching safepoint: 49184 ns, At safepoint: 18148 ns, Total: 67332 ns
[2020-09-11T12:37:38.915+0000][1][gc,start     ] GC(65) Pause Young (Allocation Failure)
[2020-09-11T12:37:38.915+0000][1][gc,task      ] GC(65) Using 1 workers of 1 for evacuation
[2020-09-11T12:37:38.953+0000][1][gc,age       ] GC(65) Desired survivor size 4358144 bytes, new threshold 2 (max threshold 6)
[2020-09-11T12:37:38.953+0000][1][gc,age       ] GC(65) Age table with threshold 2 (max threshold 6)
[2020-09-11T12:37:38.953+0000][1][gc,age       ] GC(65) - age   1:    1217104 bytes,    1217104 total
[2020-09-11T12:37:38.953+0000][1][gc,age       ] GC(65) - age   2:    3392488 bytes,    4609592 total
[2020-09-11T12:37:38.953+0000][1][gc,heap      ] GC(65) ParNew: 76355K->6238K(76672K)
[2020-09-11T12:37:38.953+0000][1][gc,heap      ] GC(65) CMS: 55861K->59501K(2011968K)
[2020-09-11T12:37:38.953+0000][1][gc,metaspace ] GC(65) Metaspace: 70864K->70864K(1114112K)
[2020-09-11T12:37:38.953+0000][1][gc           ] GC(65) Pause Young (Allocation Failure) 129M->64M(2039M) 38.719ms
[2020-09-11T12:37:38.953+0000][1][gc,cpu       ] GC(65) User=0.04s Sys=0.00s Real=0.04s
[2020-09-11T12:37:38.956+0000][1][safepoint    ] Safepoint "GenCollectForAllocation", Time since last: 89682658 ns, Reaching safepoint: 169745 ns, At safepoint: 41687374 ns, Total: 41857119 ns
[2020-09-11T12:37:39.965+0000][1][safepoint    ] Safepoint "Cleanup", Time since last: 1008315831 ns, Reaching safepoint: 94399 ns, At safepoint: 19337 ns, Total: 113736 ns
[2020-09-11T12:37:42.965+0000][1][safepoint    ] Safepoint "Cleanup", Time since last: 3000448174 ns, Reaching safepoint: 99939 ns, At safepoint: 15536 ns, Total: 115475 ns
[2020-09-11T12:37:43.968+0000][1][safepoint    ] Safepoint "Cleanup", Time since last: 1002184320 ns, Reaching safepoint: 232259 ns, At safepoint: 17250 ns, Total: 249509 ns
[2020-09-11T12:37:45.968+0000][1][safepoint    ] Safepoint "Cleanup", Time since last: 2000314806 ns, Reaching safepoint: 86437 ns, At safepoint: 7547 ns, Total: 93984 ns
[2020-09-11T12:37:47.969+0000][1][safepoint    ] Safepoint "Cleanup", Time since last: 2000280851 ns, Reaching safepoint: 101409 ns, At safepoint: 17013 ns, Total: 118422 ns
[2020-09-11T12:37:48.969+0000][1][safepoint    ] Safepoint "Cleanup", Time since last: 1000188140 ns, Reaching safepoint: 86730 ns, At safepoint: 6422 ns, Total: 93152 ns
[2020-09-11T12:37:49.969+0000][1][safepoint    ] Safepoint "Cleanup", Time since last: 1000168962 ns, Reaching safepoint: 112723 ns, At safepoint: 17734 ns, Total: 130457 ns
[2020-09-11T12:37:51.598+0000][1][safepoint    ] Safepoint "Deoptimize", Time since last: 1628436375 ns, Reaching safepoint: 171327 ns, At safepoint: 371547 ns, Total: 542874 ns
[2020-09-11T12:37:51.599+0000][1][safepoint    ] Safepoint "RevokeBias", Time since last: 660198 ns, Reaching safepoint: 148839 ns, At safepoint: 6836 ns, Total: 155675 ns
[2020-09-11T12:37:51.599+0000][1][safepoint    ] Safepoint "RevokeBias", Time since last: 78931 ns, Reaching safepoint: 141904 ns, At safepoint: 5512 ns, Total: 147416 ns
[2020-09-11T12:37:51.599+0000][1][safepoint    ] Safepoint "RevokeBias", Time since last: 48271 ns, Reaching safepoint: 142041 ns, At safepoint: 5322 ns, Total: 147363 ns
[2020-09-11T12:37:51.603+0000][1][safepoint    ] Safepoint "RevokeBias", Time since last: 3622129 ns, Reaching safepoint: 161135 ns, At safepoint: 8012 ns, Total: 169147 ns
[2020-09-11T12:37:51.603+0000][1][safepoint    ] Safepoint "RevokeBias", Time since last: 65203 ns, Reaching safepoint: 142417 ns, At safepoint: 5266 ns, Total: 147683 ns
[2020-09-11T12:37:51.605+0000][1][safepoint    ] Safepoint "RevokeBias", Time since last: 1195606 ns, Reaching safepoint: 145591 ns, At safepoint: 20175 ns, Total: 165766 ns
[2020-09-11T12:37:51.605+0000][1][safepoint    ] Safepoint "RevokeBias", Time since last: 63329 ns, Reaching safepoint: 140456 ns, At safepoint: 14541 ns, Total: 154997 ns
[2020-09-11T12:37:51.606+0000][1][safepoint    ] Safepoint "RevokeBias", Time since last: 502894 ns, Reaching safepoint: 144468 ns, At safepoint: 6203 ns, Total: 150671 ns
[2020-09-11T12:37:51.606+0000][1][safepoint    ] Safepoint "RevokeBias", Time since last: 31383 ns, Reaching safepoint: 141565 ns, At safepoint: 5629 ns, Total: 147194 ns
[2020-09-11T12:37:51.606+0000][1][safepoint    ] Safepoint "RevokeBias", Time since last: 31653 ns, Reaching safepoint: 113407 ns, At safepoint: 6148 ns, Total: 119555 ns
[2020-09-11T12:37:51.608+0000][1][safepoint    ] Safepoint "RevokeBias", Time since last: 2422480 ns, Reaching safepoint: 152533 ns, At safepoint: 7574 ns, Total: 160107 ns
[2020-09-11T12:37:51.609+0000][1][safepoint    ] Safepoint "RevokeBias", Time since last: 44192 ns, Reaching safepoint: 139968 ns, At safepoint: 5768 ns, Total: 145736 ns
[2020-09-11T12:37:51.609+0000][1][safepoint    ] Safepoint "RevokeBias", Time since last: 34704 ns, Reaching safepoint: 141288 ns, At safepoint: 5550 ns, Total: 146838 ns
[2020-09-11T12:37:51.610+0000][1][safepoint    ] Safepoint "RevokeBias", Time since last: 753574 ns, Reaching safepoint: 144422 ns, At safepoint: 5863 ns, Total: 150285 ns
[2020-09-11T12:37:51.610+0000][1][safepoint    ] Safepoint "RevokeBias", Time since last: 32868 ns, Reaching safepoint: 144867 ns, At safepoint: 5171 ns, Total: 150038 ns
[2020-09-11T12:37:51.610+0000][1][safepoint    ] Safepoint "RevokeBias", Time since last: 52910 ns, Reaching safepoint: 145992 ns, At safepoint: 5039 ns, Total: 151031 ns
[2020-09-11T12:37:51.618+0000][1][safepoint    ] Safepoint "RevokeBias", Time since last: 7395700 ns, Reaching safepoint: 164720 ns, At safepoint: 8562 ns, Total: 173282 ns
[2020-09-11T12:37:51.618+0000][1][safepoint    ] Safepoint "RevokeBias", Time since last: 57189 ns, Reaching safepoint: 144947 ns, At safepoint: 5169 ns, Total: 150116 ns
[2020-09-11T12:37:51.637+0000][1][safepoint    ] Safepoint "Deoptimize", Time since last: 18915408 ns, Reaching safepoint: 174934 ns, At safepoint: 369828 ns, Total: 544762 ns
[2020-09-11T12:37:51.642+0000][1][safepoint    ] Safepoint "RevokeBias", Time since last: 4440665 ns, Reaching safepoint: 167461 ns, At safepoint: 8355 ns, Total: 175816 ns
[2020-09-11T12:37:51.644+0000][1][safepoint    ] Safepoint "RevokeBias", Time since last: 1763672 ns, Reaching safepoint: 162119 ns, At safepoint: 6913 ns, Total: 169032 ns
[2020-09-11T12:37:51.644+0000][1][safepoint    ] Safepoint "RevokeBias", Time since last: 48293 ns, Reaching safepoint: 146012 ns, At safepoint: 5463 ns, Total: 151475 ns
[2020-09-11T12:37:51.644+0000][1][safepoint    ] Safepoint "RevokeBias", Time since last: 91496 ns, Reaching safepoint: 146242 ns, At safepoint: 5182 ns, Total: 151424 ns
[2020-09-11T12:37:51.645+0000][1][safepoint    ] Safepoint "RevokeBias", Time since last: 199012 ns, Reaching safepoint: 145984 ns, At safepoint: 5191 ns, Total: 151175 ns
[2020-09-11T12:37:51.645+0000][1][safepoint    ] Safepoint "RevokeBias", Time since last: 62919 ns, Reaching safepoint: 145663 ns, At safepoint: 5429 ns, Total: 151092 ns
[2020-09-11T12:37:51.645+0000][1][safepoint    ] Safepoint "RevokeBias", Time since last: 36032 ns, Reaching safepoint: 339936 ns, At safepoint: 5617 ns, Total: 345553 ns
[2020-09-11T12:37:51.646+0000][1][safepoint    ] Safepoint "RevokeBias", Time since last: 394121 ns, Reaching safepoint: 147814 ns, At safepoint: 5143 ns, Total: 152957 ns
[2020-09-11T12:37:51.646+0000][1][safepoint    ] Safepoint "RevokeBias", Time since last: 138985 ns, Reaching safepoint: 145430 ns, At safepoint: 5121 ns, Total: 150551 ns
[2020-09-11T12:37:51.646+0000][1][safepoint    ] Safepoint "RevokeBias", Time since last: 35836 ns, Reaching safepoint: 140543 ns, At safepoint: 4887 ns, Total: 145430 ns
[2020-09-11T12:37:51.647+0000][1][safepoint    ] Safepoint "RevokeBias", Time since last: 75989 ns, Reaching safepoint: 143021 ns, At safepoint: 4894 ns, Total: 147915 ns
[2020-09-11T12:37:51.647+0000][1][safepoint    ] Safepoint "RevokeBias", Time since last: 81952 ns, Reaching safepoint: 133163 ns, At safepoint: 4971 ns, Total: 138134 ns
[2020-09-11T12:37:51.647+0000][1][safepoint    ] Safepoint "RevokeBias", Time since last: 33562 ns, Reaching safepoint: 145624 ns, At safepoint: 5076 ns, Total: 150700 ns
[2020-09-11T12:37:51.647+0000][1][safepoint    ] Safepoint "BulkRevokeBias", Time since last: 80873 ns, Reaching safepoint: 143353 ns, At safepoint: 138169 ns, Total: 281522 ns
[2020-09-11T12:37:51.648+0000][1][safepoint    ] Safepoint "RevokeBias", Time since last: 187561 ns, Reaching safepoint: 150048 ns, At safepoint: 11206 ns, Total: 161254 ns
[2020-09-11T12:37:51.648+0000][1][safepoint    ] Safepoint "RevokeBias", Time since last: 129383 ns, Reaching safepoint: 140619 ns, At safepoint: 4969 ns, Total: 145588 ns
[2020-09-11T12:37:51.671+0000][1][safepoint    ] Safepoint "RevokeBias", Time since last: 22544416 ns, Reaching safepoint: 135950 ns, At safepoint: 33292 ns, Total: 169242 ns
[2020-09-11T12:37:51.702+0000][1][safepoint    ] Safepoint "RevokeBias", Time since last: 31200711 ns, Reaching safepoint: 186322 ns, At safepoint: 10528 ns, Total: 196850 ns
[2020-09-11T12:37:51.702+0000][1][safepoint    ] Safepoint "RevokeBias", Time since last: 284215 ns, Reaching safepoint: 158155 ns, At safepoint: 6890 ns, Total: 165045 ns
[2020-09-11T12:37:51.710+0000][1][safepoint    ] Safepoint "RevokeBias", Time since last: 6848934 ns, Reaching safepoint: 163932 ns, At safepoint: 9137 ns, Total: 173069 ns
[2020-09-11T12:37:51.711+0000][1][safepoint    ] Safepoint "RevokeBias", Time since last: 1368757 ns, Reaching safepoint: 167227 ns, At safepoint: 7209 ns, Total: 174436 ns
[2020-09-11T12:37:51.712+0000][1][safepoint    ] Safepoint "RevokeBias", Time since last: 51335 ns, Reaching safepoint: 469934 ns, At safepoint: 7682 ns, Total: 477616 ns
[2020-09-11T12:37:51.752+0000][1][safepoint    ] Safepoint "Deoptimize", Time since last: 39835655 ns, Reaching safepoint: 132102 ns, At safepoint: 380924 ns, Total: 513026 ns
[2020-09-11T12:37:52.752+0000][1][safepoint    ] Safepoint "Cleanup", Time since last: 1000175315 ns, Reaching safepoint: 117857 ns, At safepoint: 17353 ns, Total: 135210 ns
[2020-09-11T12:37:53.753+0000][1][safepoint    ] Safepoint "Cleanup", Time since last: 1000223660 ns, Reaching safepoint: 117032 ns, At safepoint: 17580 ns, Total: 134612 ns
[2020-09-11T12:37:54.753+0000][1][safepoint    ] Safepoint "Cleanup", Time since last: 1000188415 ns, Reaching safepoint: 103601 ns, At safepoint: 17059 ns, Total: 120660 ns
[2020-09-11T12:37:55.753+0000][1][safepoint    ] Safepoint "Cleanup", Time since last: 1000199708 ns, Reaching safepoint: 103023 ns, At safepoint: 6760 ns, Total: 109783 ns
[2020-09-11T12:37:56.754+0000][1][safepoint    ] Safepoint "Cleanup", Time since last: 1000176202 ns, Reaching safepoint: 104088 ns, At safepoint: 16629 ns, Total: 120717 ns
[2020-09-11T12:37:57.754+0000][1][safepoint    ] Safepoint "Cleanup", Time since last: 1000223352 ns, Reaching safepoint: 105913 ns, At safepoint: 18813 ns, Total: 124726 ns
[2020-09-11T12:37:58.754+0000][1][safepoint    ] Safepoint "Cleanup", Time since last: 1000229222 ns, Reaching safepoint: 113621 ns, At safepoint: 16678 ns, Total: 130299 ns
[2020-09-11T12:37:59.755+0000][1][safepoint    ] Safepoint "Cleanup", Time since last: 1000211388 ns, Reaching safepoint: 85852 ns, At safepoint: 6683 ns, Total: 92535 ns
[2020-09-11T12:38:00.755+0000][1][safepoint    ] Safepoint "Cleanup", Time since last: 1000181139 ns, Reaching safepoint: 102943 ns, At safepoint: 16715 ns, Total: 119658 ns
[2020-09-11T12:38:01.755+0000][1][safepoint    ] Safepoint "Cleanup", Time since last: 1000205375 ns, Reaching safepoint: 100908 ns, At safepoint: 16792 ns, Total: 117700 ns
[2020-09-11T12:38:02.756+0000][1][safepoint    ] Safepoint "Cleanup", Time since last: 1000215523 ns, Reaching safepoint: 137693 ns, At safepoint: 15639 ns, Total: 153332 ns
[2020-09-11T12:38:03.756+0000][1][safepoint    ] Safepoint "Cleanup", Time since last: 1000206349 ns, Reaching safepoint: 106310 ns, At safepoint: 16345 ns, Total: 122655 ns
[2020-09-11T12:38:03.832+0000][1][safepoint    ] Safepoint "RevokeBias", Time since last: 75972908 ns, Reaching safepoint: 176793 ns, At safepoint: 11828 ns, Total: 188621 ns
[2020-09-11T12:38:03.841+0000][1][safepoint    ] Safepoint "RevokeBias", Time since last: 8595251 ns, Reaching safepoint: 127413 ns, At safepoint: 9150 ns, Total: 136563 ns
[2020-09-11T12:38:04.008+0000][1][safepoint    ] Safepoint "RevokeBias", Time since last: 166668860 ns, Reaching safepoint: 128947 ns, At safepoint: 8906 ns, Total: 137853 ns
[2020-09-11T12:38:05.008+0000][1][safepoint    ] Safepoint "Cleanup", Time since last: 1000106221 ns, Reaching safepoint: 70105 ns, At safepoint: 7556 ns, Total: 77661 ns
[2020-09-11T12:38:06.008+0000][1][safepoint    ] Safepoint "Cleanup", Time since last: 1000160645 ns, Reaching safepoint: 103271 ns, At safepoint: 16444 ns, Total: 119715 ns
[2020-09-11T12:38:07.008+0000][1][safepoint    ] Safepoint "Cleanup", Time since last: 1000256501 ns, Reaching safepoint: 68241 ns, At safepoint: 6897 ns, Total: 75138 ns
[2020-09-11T12:38:08.009+0000][1][safepoint    ] Safepoint "Cleanup", Time since last: 1000180920 ns, Reaching safepoint: 73524 ns, At safepoint: 6514 ns, Total: 80038 ns
[2020-09-11T12:38:09.009+0000][1][safepoint    ] Safepoint "Cleanup", Time since last: 1000167681 ns, Reaching safepoint: 106281 ns, At safepoint: 16571 ns, Total: 122852 ns
[2020-09-11T12:38:10.009+0000][1][safepoint    ] Safepoint "Cleanup", Time since last: 1000168576 ns, Reaching safepoint: 130871 ns, At safepoint: 18161 ns, Total: 149032 ns
[2020-09-11T12:38:11.010+0000][1][safepoint    ] Safepoint "Cleanup", Time since last: 1001068811 ns, Reaching safepoint: 75800 ns, At safepoint: 6833 ns, Total: 82633 ns
[2020-09-11T12:38:12.011+0000][1][safepoint    ] Safepoint "Cleanup", Time since last: 1000152188 ns, Reaching safepoint: 115722 ns, At safepoint: 19188 ns, Total: 134910 ns
[2020-09-11T12:38:13.011+0000][1][safepoint    ] Safepoint "Cleanup", Time since last: 1000224518 ns, Reaching safepoint: 85250 ns, At safepoint: 8510 ns, Total: 93760 ns
[2020-09-11T12:38:14.011+0000][1][safepoint    ] Safepoint "Cleanup", Time since last: 1000201273 ns, Reaching safepoint: 84107 ns, At safepoint: 6358 ns, Total: 90465 ns
[2020-09-11T12:38:14.037+0000][1][gc,start     ] GC(66) Pause Young (Allocation Failure)
[2020-09-11T12:38:14.037+0000][1][gc,task      ] GC(66) Using 1 workers of 1 for evacuation
[2020-09-11T12:38:14.070+0000][1][gc,age       ] GC(66) Desired survivor size 4358144 bytes, new threshold 6 (max threshold 6)
[2020-09-11T12:38:14.070+0000][1][gc,age       ] GC(66) Age table with threshold 6 (max threshold 6)
[2020-09-11T12:38:14.070+0000][1][gc,age       ] GC(66) - age   1:     613224 bytes,     613224 total
[2020-09-11T12:38:14.070+0000][1][gc,age       ] GC(66) - age   2:    1172240 bytes,    1785464 total
[2020-09-11T12:38:14.070+0000][1][gc,heap      ] GC(66) ParNew: 74398K->4935K(76672K)
[2020-09-11T12:38:14.070+0000][1][gc,heap      ] GC(66) CMS: 59501K->79325K(2011968K)
[2020-09-11T12:38:14.070+0000][1][gc,metaspace ] GC(66) Metaspace: 72926K->72926K(1116160K)
[2020-09-11T12:38:14.070+0000][1][gc           ] GC(66) Pause Young (Allocation Failure) 130M->82M(2039M) 32.690ms
[2020-09-11T12:38:14.070+0000][1][gc,cpu       ] GC(66) User=0.03s Sys=0.00s Real=0.03s
[2020-09-11T12:38:14.071+0000][1][safepoint    ] Safepoint "GenCollectForAllocation", Time since last: 25914290 ns, Reaching safepoint: 163323 ns, At safepoint: 33349756 ns, Total: 33513079 ns
[2020-09-11T12:38:15.073+0000][1][safepoint    ] Safepoint "Cleanup", Time since last: 1002113004 ns, Reaching safepoint: 51323 ns, At safepoint: 6084 ns, Total: 57407 ns
[2020-09-11T12:38:16.073+0000][1][safepoint    ] Safepoint "Cleanup", Time since last: 1000495963 ns, Reaching safepoint: 51619 ns, At safepoint: 5758 ns, Total: 57377 ns
[2020-09-11T12:38:17.074+0000][1][safepoint    ] Safepoint "Cleanup", Time since last: 1000813718 ns, Reaching safepoint: 106234 ns, At safepoint: 15392 ns, Total: 121626 ns
[2020-09-11T12:38:18.075+0000][1][safepoint    ] Safepoint "Cleanup", Time since last: 1000152234 ns, Reaching safepoint: 127209 ns, At safepoint: 7207 ns, Total: 134416 ns
[2020-09-11T12:38:19.075+0000][1][safepoint    ] Safepoint "Cleanup", Time since last: 1000115495 ns, Reaching safepoint: 53707 ns, At safepoint: 6234 ns, Total: 59941 ns
[2020-09-11T12:38:20.075+0000][1][safepoint    ] Safepoint "Cleanup", Time since last: 1000191645 ns, Reaching safepoint: 89778 ns, At safepoint: 6204 ns, Total: 95982 ns
[2020-09-11T12:38:21.089+0000][1][safepoint    ] Safepoint "Cleanup", Time since last: 1014075966 ns, Reaching safepoint: 84442 ns, At safepoint: 7244 ns, Total: 91686 ns
[2020-09-11T12:38:22.090+0000][1][safepoint    ] Safepoint "Cleanup", Time since last: 1000166190 ns, Reaching safepoint: 99388 ns, At safepoint: 16434 ns, Total: 115822 ns
[2020-09-11T12:38:23.090+0000][1][safepoint    ] Safepoint "Cleanup", Time since last: 1000200664 ns, Reaching safepoint: 83323 ns, At safepoint: 6846 ns, Total: 90169 ns
[2020-09-11T12:38:24.090+0000][1][safepoint    ] Safepoint "Cleanup", Time since last: 1000122312 ns, Reaching safepoint: 103136 ns, At safepoint: 15596 ns, Total: 118732 ns
[2020-09-11T12:38:25.090+0000][1][safepoint    ] Safepoint "Cleanup", Time since last: 1000205036 ns, Reaching safepoint: 104209 ns, At safepoint: 17447 ns, Total: 121656 ns
[2020-09-11T12:38:26.092+0000][1][safepoint    ] Safepoint "Cleanup", Time since last: 1001126921 ns, Reaching safepoint: 66878 ns, At safepoint: 6462 ns, Total: 73340 ns
[2020-09-11T12:38:27.092+0000][1][safepoint    ] Safepoint "Cleanup", Time since last: 1000205397 ns, Reaching safepoint: 87965 ns, At safepoint: 6794 ns, Total: 94759 ns
[2020-09-11T12:38:28.092+0000][1][safepoint    ] Safepoint "Cleanup", Time since last: 1000127231 ns, Reaching safepoint: 106719 ns, At safepoint: 16324 ns, Total: 123043 ns
[2020-09-11T12:38:29.093+0000][1][safepoint    ] Safepoint "Cleanup", Time since last: 1000167256 ns, Reaching safepoint: 301148 ns, At safepoint: 17911 ns, Total: 319059 ns
[2020-09-11T12:38:30.093+0000][1][safepoint    ] Safepoint "Cleanup", Time since last: 1000188127 ns, Reaching safepoint: 88300 ns, At safepoint: 6300 ns, Total: 94600 ns
[2020-09-11T12:38:31.094+0000][1][safepoint    ] Safepoint "Cleanup", Time since last: 1000960433 ns, Reaching safepoint: 83200 ns, At safepoint: 7099 ns, Total: 90299 ns
[2020-09-11T12:38:32.094+0000][1][safepoint    ] Safepoint "Cleanup", Time since last: 1000169593 ns, Reaching safepoint: 88422 ns, At safepoint: 6558 ns, Total: 94980 ns
[2020-09-11T12:38:33.095+0000][1][safepoint    ] Safepoint "Cleanup", Time since last: 1000206464 ns, Reaching safepoint: 73561 ns, At safepoint: 6582 ns, Total: 80143 ns
[2020-09-11T12:38:34.095+0000][1][safepoint    ] Safepoint "Cleanup", Time since last: 1000172275 ns, Reaching safepoint: 114669 ns, At safepoint: 17280 ns, Total: 131949 ns
[2020-09-11T12:38:35.095+0000][1][safepoint    ] Safepoint "Cleanup", Time since last: 1000229422 ns, Reaching safepoint: 89827 ns, At safepoint: 7643 ns, Total: 97470 ns
[2020-09-11T12:38:36.096+0000][1][safepoint    ] Safepoint "Cleanup", Time since last: 1000879725 ns, Reaching safepoint: 84896 ns, At safepoint: 6396 ns, Total: 91292 ns
[2020-09-11T12:38:37.096+0000][1][safepoint    ] Safepoint "Cleanup", Time since last: 1000185181 ns, Reaching safepoint: 107500 ns, At safepoint: 17463 ns, Total: 124963 ns
[2020-09-11T12:38:38.097+0000][1][safepoint    ] Safepoint "Cleanup", Time since last: 1000221908 ns, Reaching safepoint: 106799 ns, At safepoint: 17350 ns, Total: 124149 ns
[2020-09-11T12:38:39.097+0000][1][safepoint    ] Safepoint "Cleanup", Time since last: 1000208284 ns, Reaching safepoint: 119507 ns, At safepoint: 18219 ns, Total: 137726 ns
[2020-09-11T12:38:40.098+0000][1][safepoint    ] Safepoint "Cleanup", Time since last: 1000205591 ns, Reaching safepoint: 235574 ns, At safepoint: 7958 ns, Total: 243532 ns
[2020-09-11T12:38:41.099+0000][1][safepoint    ] Safepoint "Cleanup", Time since last: 1000911601 ns, Reaching safepoint: 111536 ns, At safepoint: 17036 ns, Total: 128572 ns
[2020-09-11T12:38:42.099+0000][1][safepoint    ] Safepoint "Cleanup", Time since last: 1000224159 ns, Reaching safepoint: 88342 ns, At safepoint: 7038 ns, Total: 95380 ns
[2020-09-11T12:38:43.099+0000][1][safepoint    ] Safepoint "Cleanup", Time since last: 1000208051 ns, Reaching safepoint: 80618 ns, At safepoint: 6392 ns, Total: 87010 ns
[2020-09-11T12:38:44.099+0000][1][safepoint    ] Safepoint "Cleanup", Time since last: 1000159517 ns, Reaching safepoint: 82645 ns, At safepoint: 6213 ns, Total: 88858 ns
[2020-09-11T12:38:45.100+0000][1][safepoint    ] Safepoint "Cleanup", Time since last: 1000185997 ns, Reaching safepoint: 92074 ns, At safepoint: 7197 ns, Total: 99271 ns
[2020-09-11T12:38:46.101+0000][1][safepoint    ] Safepoint "Cleanup", Time since last: 1000873914 ns, Reaching safepoint: 75259 ns, At safepoint: 6595 ns, Total: 81854 ns
[2020-09-11T12:38:47.101+0000][1][safepoint    ] Safepoint "Cleanup", Time since last: 1000191183 ns, Reaching safepoint: 112491 ns, At safepoint: 19285 ns, Total: 131776 ns
[2020-09-11T12:38:48.101+0000][1][safepoint    ] Safepoint "Cleanup", Time since last: 1000212760 ns, Reaching safepoint: 109420 ns, At safepoint: 8060 ns, Total: 117480 ns
[2020-09-11T12:38:49.102+0000][1][safepoint    ] Safepoint "Cleanup", Time since last: 1000168138 ns, Reaching safepoint: 116220 ns, At safepoint: 16414 ns, Total: 132634 ns
[2020-09-11T12:38:50.102+0000][1][safepoint    ] Safepoint "Cleanup", Time since last: 1000224328 ns, Reaching safepoint: 88813 ns, At safepoint: 5927 ns, Total: 94740 ns
[2020-09-11T12:38:51.103+0000][1][safepoint    ] Safepoint "Cleanup", Time since last: 1000873289 ns, Reaching safepoint: 95341 ns, At safepoint: 7323 ns, Total: 102664 ns
[2020-09-11T12:38:52.103+0000][1][safepoint    ] Safepoint "Cleanup", Time since last: 1000176854 ns, Reaching safepoint: 86744 ns, At safepoint: 6617 ns, Total: 93361 ns
[2020-09-11T12:38:53.104+0000][1][safepoint    ] Safepoint "Cleanup", Time since last: 1000195389 ns, Reaching safepoint: 94854 ns, At safepoint: 7639 ns, Total: 102493 ns
[2020-09-11T12:38:54.104+0000][1][safepoint    ] Safepoint "Cleanup", Time since last: 1000185316 ns, Reaching safepoint: 109996 ns, At safepoint: 16181 ns, Total: 126177 ns
[2020-09-11T12:38:55.104+0000][1][safepoint    ] Safepoint "Cleanup", Time since last: 1000216359 ns, Reaching safepoint: 125638 ns, At safepoint: 17858 ns, Total: 143496 ns
[2020-09-11T12:38:56.105+0000][1][safepoint    ] Safepoint "Cleanup", Time since last: 1001001728 ns, Reaching safepoint: 111393 ns, At safepoint: 16367 ns, Total: 127760 ns
[2020-09-11T12:38:57.106+0000][1][safepoint    ] Safepoint "Cleanup", Time since last: 1000211549 ns, Reaching safepoint: 96019 ns, At safepoint: 7144 ns, Total: 103163 ns
[2020-09-11T12:38:58.106+0000][1][safepoint    ] Safepoint "Cleanup", Time since last: 1000170712 ns, Reaching safepoint: 108797 ns, At safepoint: 16695 ns, Total: 125492 ns
[2020-09-11T12:38:59.106+0000][1][safepoint    ] Safepoint "Cleanup", Time since last: 1000191029 ns, Reaching safepoint: 110490 ns, At safepoint: 17503 ns, Total: 127993 ns
[2020-09-11T12:39:00.107+0000][1][safepoint    ] Safepoint "Cleanup", Time since last: 1000227508 ns, Reaching safepoint: 90828 ns, At safepoint: 6718 ns, Total: 97546 ns
[2020-09-11T12:39:01.108+0000][1][safepoint    ] Safepoint "Cleanup", Time since last: 1000830474 ns, Reaching safepoint: 110738 ns, At safepoint: 14553 ns, Total: 125291 ns
[2020-09-11T12:39:02.108+0000][1][safepoint    ] Safepoint "Cleanup", Time since last: 1000180512 ns, Reaching safepoint: 111970 ns, At safepoint: 16421 ns, Total: 128391 ns
[2020-09-11T12:39:03.108+0000][1][safepoint    ] Safepoint "Cleanup", Time since last: 1000233550 ns, Reaching safepoint: 93272 ns, At safepoint: 7522 ns, Total: 100794 ns
[2020-09-11T12:39:04.109+0000][1][safepoint    ] Safepoint "Cleanup", Time since last: 1000178122 ns, Reaching safepoint: 110434 ns, At safepoint: 17082 ns, Total: 127516 ns
[2020-09-11T12:39:05.109+0000][1][safepoint    ] Safepoint "Cleanup", Time since last: 1000234182 ns, Reaching safepoint: 111175 ns, At safepoint: 17159 ns, Total: 128334 ns
[2020-09-11T12:39:06.110+0000][1][safepoint    ] Safepoint "Cleanup", Time since last: 1001028423 ns, Reaching safepoint: 78826 ns, At safepoint: 5991 ns, Total: 84817 ns
[2020-09-11T12:39:07.110+0000][1][safepoint    ] Safepoint "Cleanup", Time since last: 1000135706 ns, Reaching safepoint: 119448 ns, At safepoint: 16110 ns, Total: 135558 ns
[2020-09-11T12:39:08.111+0000][1][safepoint    ] Safepoint "Cleanup", Time since last: 1000220450 ns, Reaching safepoint: 87459 ns, At safepoint: 6723 ns, Total: 94182 ns
[2020-09-11T12:39:09.111+0000][1][safepoint    ] Safepoint "Cleanup", Time since last: 1000178375 ns, Reaching safepoint: 85666 ns, At safepoint: 6987 ns, Total: 92653 ns
[2020-09-11T12:39:10.111+0000][1][safepoint    ] Safepoint "Cleanup", Time since last: 1000177897 ns, Reaching safepoint: 98422 ns, At safepoint: 7347 ns, Total: 105769 ns
[2020-09-11T12:39:11.112+0000][1][safepoint    ] Safepoint "Cleanup", Time since last: 1000791113 ns, Reaching safepoint: 166532 ns, At safepoint: 17878 ns, Total: 184410 ns
[2020-09-11T12:39:12.112+0000][1][safepoint    ] Safepoint "Cleanup", Time since last: 1000208692 ns, Reaching safepoint: 110029 ns, At safepoint: 16655 ns, Total: 126684 ns
[2020-09-11T12:39:13.113+0000][1][safepoint    ] Safepoint "Cleanup", Time since last: 1000222968 ns, Reaching safepoint: 106445 ns, At safepoint: 16534 ns, Total: 122979 ns
[2020-09-11T12:39:14.113+0000][1][safepoint    ] Safepoint "Cleanup", Time since last: 1000218576 ns, Reaching safepoint: 97948 ns, At safepoint: 15910 ns, Total: 113858 ns
[2020-09-11T12:39:15.113+0000][1][safepoint    ] Safepoint "Cleanup", Time since last: 1000205362 ns, Reaching safepoint: 107105 ns, At safepoint: 16097 ns, Total: 123202 ns
[2020-09-11T12:39:16.115+0000][1][safepoint    ] Safepoint "Cleanup", Time since last: 1001183450 ns, Reaching safepoint: 108088 ns, At safepoint: 16217 ns, Total: 124305 ns
[2020-09-11T12:39:17.115+0000][1][safepoint    ] Safepoint "Cleanup", Time since last: 1000222693 ns, Reaching safepoint: 108947 ns, At safepoint: 17300 ns, Total: 126247 ns
[2020-09-11T12:39:18.115+0000][1][safepoint    ] Safepoint "Cleanup", Time since last: 1000212513 ns, Reaching safepoint: 131348 ns, At safepoint: 14968 ns, Total: 146316 ns
[2020-09-11T12:39:19.116+0000][1][safepoint    ] Safepoint "Cleanup", Time since last: 1000214486 ns, Reaching safepoint: 106444 ns, At safepoint: 16214 ns, Total: 122658 ns
[2020-09-11T12:39:20.116+0000][1][safepoint    ] Safepoint "Cleanup", Time since last: 1000195940 ns, Reaching safepoint: 118943 ns, At safepoint: 17410 ns, Total: 136353 ns
[2020-09-11T12:39:21.117+0000][1][safepoint    ] Safepoint "Cleanup", Time since last: 1001264081 ns, Reaching safepoint: 92028 ns, At safepoint: 6875 ns, Total: 98903 ns
[2020-09-11T12:39:22.118+0000][1][safepoint    ] Safepoint "Cleanup", Time since last: 1000171918 ns, Reaching safepoint: 87903 ns, At safepoint: 6631 ns, Total: 94534 ns
[2020-09-11T12:39:23.118+0000][1][safepoint    ] Safepoint "Cleanup", Time since last: 1000178895 ns, Reaching safepoint: 83299 ns, At safepoint: 7990 ns, Total: 91289 ns
[2020-09-11T12:39:24.118+0000][1][safepoint    ] Safepoint "Cleanup", Time since last: 1000160690 ns, Reaching safepoint: 83390 ns, At safepoint: 5966 ns, Total: 89356 ns
[2020-09-11T12:39:25.119+0000][1][safepoint    ] Safepoint "Cleanup", Time since last: 1000170218 ns, Reaching safepoint: 81026 ns, At safepoint: 7050 ns, Total: 88076 ns
[2020-09-11T12:39:26.119+0000][1][safepoint    ] Safepoint "Cleanup", Time since last: 1000778080 ns, Reaching safepoint: 116773 ns, At safepoint: 5696 ns, Total: 122469 ns
[2020-09-11T12:39:27.120+0000][1][safepoint    ] Safepoint "Cleanup", Time since last: 1000113480 ns, Reaching safepoint: 107203 ns, At safepoint: 16534 ns, Total: 123737 ns
[2020-09-11T12:39:28.120+0000][1][safepoint    ] Safepoint "Cleanup", Time since last: 1000213259 ns, Reaching safepoint: 114439 ns, At safepoint: 18362 ns, Total: 132801 ns
[2020-09-11T12:39:29.120+0000][1][safepoint    ] Safepoint "Cleanup", Time since last: 1000211954 ns, Reaching safepoint: 92583 ns, At safepoint: 6852 ns, Total: 99435 ns
[2020-09-11T12:39:29.214+0000][1][gc,start     ] GC(67) Pause Young (Allocation Failure)
[2020-09-11T12:39:29.214+0000][1][gc,task      ] GC(67) Using 1 workers of 1 for evacuation
[2020-09-11T12:39:29.236+0000][1][gc,age       ] GC(67) Desired survivor size 4358144 bytes, new threshold 6 (max threshold 6)
[2020-09-11T12:39:29.236+0000][1][gc,age       ] GC(67) Age table with threshold 6 (max threshold 6)
[2020-09-11T12:39:29.236+0000][1][gc,age       ] GC(67) - age   1:       9904 bytes,       9904 total
[2020-09-11T12:39:29.236+0000][1][gc,age       ] GC(67) - age   2:     601560 bytes,     611464 total
[2020-09-11T12:39:29.236+0000][1][gc,age       ] GC(67) - age   3:    1172240 bytes,    1783704 total
[2020-09-11T12:39:29.236+0000][1][gc,heap      ] GC(67) ParNew: 73095K->3339K(76672K)
[2020-09-11T12:39:29.236+0000][1][gc,heap      ] GC(67) CMS: 79325K->79325K(2011968K)
[2020-09-11T12:39:29.236+0000][1][gc,metaspace ] GC(67) Metaspace: 73101K->73101K(1116160K)
[2020-09-11T12:39:29.236+0000][1][gc           ] GC(67) Pause Young (Allocation Failure) 148M->80M(2039M) 22.286ms
[2020-09-11T12:39:29.236+0000][1][gc,cpu       ] GC(67) User=0.02s Sys=0.00s Real=0.03s
[2020-09-11T12:39:29.237+0000][1][safepoint    ] Safepoint "GenCollectForAllocation", Time since last: 93653133 ns, Reaching safepoint: 175580 ns, At safepoint: 22353709 ns, Total: 22529289 ns
[2020-09-11T12:39:30.240+0000][1][safepoint    ] Safepoint "Cleanup", Time since last: 1003882307 ns, Reaching safepoint: 87881 ns, At safepoint: 6494 ns, Total: 94375 ns
[2020-09-11T12:39:31.241+0000][1][safepoint    ] Safepoint "Cleanup", Time since last: 1000211377 ns, Reaching safepoint: 56080 ns, At safepoint: 5919 ns, Total: 61999 ns
[2020-09-11T12:39:32.241+0000][1][safepoint    ] Safepoint "Cleanup", Time since last: 1000155695 ns, Reaching safepoint: 85400 ns, At safepoint: 6505 ns, Total: 91905 ns
[2020-09-11T12:39:33.248+0000][1][safepoint    ] Safepoint "Cleanup", Time since last: 1006498078 ns, Reaching safepoint: 121918 ns, At safepoint: 6360 ns, Total: 128278 ns
[2020-09-11T12:39:34.248+0000][1][safepoint    ] Safepoint "Cleanup", Time since last: 1000111771 ns, Reaching safepoint: 103346 ns, At safepoint: 6420 ns, Total: 109766 ns
[2020-09-11T12:39:35.248+0000][1][safepoint    ] Safepoint "Cleanup", Time since last: 1000162250 ns, Reaching safepoint: 86576 ns, At safepoint: 6305 ns, Total: 92881 ns
[2020-09-11T12:39:36.248+0000][1][safepoint    ] Safepoint "Cleanup", Time since last: 1000128166 ns, Reaching safepoint: 216798 ns, At safepoint: 19722 ns, Total: 236520 ns
[2020-09-11T12:39:37.249+0000][1][safepoint    ] Safepoint "Cleanup", Time since last: 1000199294 ns, Reaching safepoint: 90544 ns, At safepoint: 5730 ns, Total: 96274 ns
[2020-09-11T12:39:38.249+0000][1][safepoint    ] Safepoint "Cleanup", Time since last: 1000186101 ns, Reaching safepoint: 86765 ns, At safepoint: 6940 ns, Total: 93705 ns
[2020-09-11T12:39:39.249+0000][1][safepoint    ] Safepoint "Cleanup", Time since last: 1000089461 ns, Reaching safepoint: 167667 ns, At safepoint: 6476 ns, Total: 174143 ns
[2020-09-11T12:39:40.250+0000][1][safepoint    ] Safepoint "Cleanup", Time since last: 1000178732 ns, Reaching safepoint: 77173 ns, At safepoint: 6466 ns, Total: 83639 ns
[2020-09-11T12:39:41.250+0000][1][safepoint    ] Safepoint "Cleanup", Time since last: 1000175053 ns, Reaching safepoint: 103298 ns, At safepoint: 6050 ns, Total: 109348 ns
[2020-09-11T12:39:42.250+0000][1][safepoint    ] Safepoint "Cleanup", Time since last: 1000156881 ns, Reaching safepoint: 91939 ns, At safepoint: 7051 ns, Total: 98990 ns
[2020-09-11T12:39:43.250+0000][1][safepoint    ] Safepoint "Cleanup", Time since last: 1000172258 ns, Reaching safepoint: 95318 ns, At safepoint: 5849 ns, Total: 101167 ns
[2020-09-11T12:39:44.251+0000][1][safepoint    ] Safepoint "Cleanup", Time since last: 1000151427 ns, Reaching safepoint: 114757 ns, At safepoint: 17220 ns, Total: 131977 ns
[2020-09-11T12:39:45.251+0000][1][safepoint    ] Safepoint "Cleanup", Time since last: 1000199478 ns, Reaching safepoint: 83147 ns, At safepoint: 6348 ns, Total: 89495 ns
[2020-09-11T12:39:46.251+0000][1][safepoint    ] Safepoint "Cleanup", Time since last: 1000140380 ns, Reaching safepoint: 91577 ns, At safepoint: 6620 ns, Total: 98197 ns
[2020-09-11T12:39:47.251+0000][1][safepoint    ] Safepoint "Cleanup", Time since last: 1000145233 ns, Reaching safepoint: 99984 ns, At safepoint: 5273 ns, Total: 105257 ns
[2020-09-11T12:39:48.252+0000][1][safepoint    ] Safepoint "Cleanup", Time since last: 1000162148 ns, Reaching safepoint: 83227 ns, At safepoint: 7771 ns, Total: 90998 ns
[2020-09-11T12:39:49.252+0000][1][safepoint    ] Safepoint "Cleanup", Time since last: 1000146669 ns, Reaching safepoint: 104022 ns, At safepoint: 15231 ns, Total: 119253 ns
[2020-09-11T12:39:50.252+0000][1][safepoint    ] Safepoint "Cleanup", Time since last: 1000185281 ns, Reaching safepoint: 123553 ns, At safepoint: 15944 ns, Total: 139497 ns
[2020-09-11T12:39:51.253+0000][1][safepoint    ] Safepoint "Cleanup", Time since last: 1000156297 ns, Reaching safepoint: 99616 ns, At safepoint: 13531 ns, Total: 113147 ns
[2020-09-11T12:39:52.253+0000][1][safepoint    ] Safepoint "Cleanup", Time since last: 1000188373 ns, Reaching safepoint: 105181 ns, At safepoint: 15833 ns, Total: 121014 ns
[2020-09-11T12:39:53.253+0000][1][safepoint    ] Safepoint "Cleanup", Time since last: 1000205889 ns, Reaching safepoint: 112658 ns, At safepoint: 17039 ns, Total: 129697 ns
[2020-09-11T12:39:54.254+0000][1][safepoint    ] Safepoint "Cleanup", Time since last: 1000214768 ns, Reaching safepoint: 101888 ns, At safepoint: 16367 ns, Total: 118255 ns
[2020-09-11T12:39:55.254+0000][1][safepoint    ] Safepoint "Cleanup", Time since last: 1000223468 ns, Reaching safepoint: 99000 ns, At safepoint: 15643 ns, Total: 114643 ns
[2020-09-11T12:39:56.254+0000][1][safepoint    ] Safepoint "Cleanup", Time since last: 1000215603 ns, Reaching safepoint: 79496 ns, At safepoint: 6048 ns, Total: 85544 ns
[2020-09-11T12:39:57.254+0000][1][safepoint    ] Safepoint "Cleanup", Time since last: 1000192275 ns, Reaching safepoint: 82084 ns, At safepoint: 5947 ns, Total: 88031 ns
[2020-09-11T12:39:58.255+0000][1][safepoint    ] Safepoint "Cleanup", Time since last: 1000126590 ns, Reaching safepoint: 105124 ns, At safepoint: 16752 ns, Total: 121876 ns
[2020-09-11T12:39:59.255+0000][1][safepoint    ] Safepoint "Cleanup", Time since last: 1000209527 ns, Reaching safepoint: 101085 ns, At safepoint: 16211 ns, Total: 117296 ns
[2020-09-11T12:40:00.255+0000][1][safepoint    ] Safepoint "Cleanup", Time since last: 1000153902 ns, Reaching safepoint: 103073 ns, At safepoint: 17815 ns, Total: 120888 ns
[2020-09-11T12:40:01.256+0000][1][safepoint    ] Safepoint "Cleanup", Time since last: 1000178752 ns, Reaching safepoint: 116441 ns, At safepoint: 16314 ns, Total: 132755 ns
[2020-09-11T12:40:02.256+0000][1][safepoint    ] Safepoint "Cleanup", Time since last: 1000178017 ns, Reaching safepoint: 105531 ns, At safepoint: 7578 ns, Total: 113109 ns
[2020-09-11T12:40:03.256+0000][1][safepoint    ] Safepoint "Cleanup", Time since last: 1000183376 ns, Reaching safepoint: 87887 ns, At safepoint: 7129 ns, Total: 95016 ns
[2020-09-11T12:40:04.256+0000][1][safepoint    ] Safepoint "Cleanup", Time since last: 1000166765 ns, Reaching safepoint: 82704 ns, At safepoint: 7126 ns, Total: 89830 ns
[2020-09-11T12:40:05.257+0000][1][safepoint    ] Safepoint "Cleanup", Time since last: 1000172699 ns, Reaching safepoint: 84556 ns, At safepoint: 7070 ns, Total: 91626 ns
[2020-09-11T12:40:06.257+0000][1][safepoint    ] Safepoint "Cleanup", Time since last: 1000135889 ns, Reaching safepoint: 114442 ns, At safepoint: 6353 ns, Total: 120795 ns
[2020-09-11T12:40:07.257+0000][1][safepoint    ] Safepoint "Cleanup", Time since last: 1000195912 ns, Reaching safepoint: 83650 ns, At safepoint: 6662 ns, Total: 90312 ns
[2020-09-11T12:40:08.258+0000][1][safepoint    ] Safepoint "Cleanup", Time since last: 1000179573 ns, Reaching safepoint: 87590 ns, At safepoint: 6590 ns, Total: 94180 ns
[2020-09-11T12:40:09.258+0000][1][safepoint    ] Safepoint "Cleanup", Time since last: 1000167679 ns, Reaching safepoint: 84546 ns, At safepoint: 6826 ns, Total: 91372 ns
[2020-09-11T12:40:10.258+0000][1][safepoint    ] Safepoint "Cleanup", Time since last: 1000138130 ns, Reaching safepoint: 94783 ns, At safepoint: 6447 ns, Total: 101230 ns
[2020-09-11T12:40:11.258+0000][1][safepoint    ] Safepoint "Cleanup", Time since last: 1000185034 ns, Reaching safepoint: 90843 ns, At safepoint: 6519 ns, Total: 97362 ns
[2020-09-11T12:40:12.259+0000][1][safepoint    ] Safepoint "Cleanup", Time since last: 1000185393 ns, Reaching safepoint: 140753 ns, At safepoint: 17253 ns, Total: 158006 ns
[2020-09-11T12:40:13.259+0000][1][safepoint    ] Safepoint "Cleanup", Time since last: 1000283328 ns, Reaching safepoint: 60332 ns, At safepoint: 6815 ns, Total: 67147 ns
[2020-09-11T12:40:14.259+0000][1][safepoint    ] Safepoint "Cleanup", Time since last: 1000104101 ns, Reaching safepoint: 59915 ns, At safepoint: 6237 ns, Total: 66152 ns
[2020-09-11T12:40:15.259+0000][1][safepoint    ] Safepoint "Cleanup", Time since last: 1000180888 ns, Reaching safepoint: 98039 ns, At safepoint: 6321 ns, Total: 104360 ns
[2020-09-11T12:40:16.260+0000][1][safepoint    ] Safepoint "Cleanup", Time since last: 1000166859 ns, Reaching safepoint: 94975 ns, At safepoint: 8914 ns, Total: 103889 ns
[2020-09-11T12:40:17.260+0000][1][safepoint    ] Safepoint "Cleanup", Time since last: 1000142279 ns, Reaching safepoint: 110854 ns, At safepoint: 16305 ns, Total: 127159 ns
[2020-09-11T12:40:18.260+0000][1][safepoint    ] Safepoint "Cleanup", Time since last: 1000223995 ns, Reaching safepoint: 107968 ns, At safepoint: 17974 ns, Total: 125942 ns
[2020-09-11T12:40:19.261+0000][1][safepoint    ] Safepoint "Cleanup", Time since last: 1000197576 ns, Reaching safepoint: 88967 ns, At safepoint: 6637 ns, Total: 95604 ns
[2020-09-11T12:40:20.261+0000][1][safepoint    ] Safepoint "Cleanup", Time since last: 1000171623 ns, Reaching safepoint: 110253 ns, At safepoint: 16962 ns, Total: 127215 ns
[2020-09-11T12:40:21.261+0000][1][safepoint    ] Safepoint "Cleanup", Time since last: 1000220117 ns, Reaching safepoint: 109568 ns, At safepoint: 16441 ns, Total: 126009 ns
[2020-09-11T12:40:22.262+0000][1][safepoint    ] Safepoint "Cleanup", Time since last: 1000173560 ns, Reaching safepoint: 104434 ns, At safepoint: 7665 ns, Total: 112099 ns
[2020-09-11T12:40:23.262+0000][1][safepoint    ] Safepoint "Cleanup", Time since last: 1000185870 ns, Reaching safepoint: 86741 ns, At safepoint: 8177 ns, Total: 94918 ns
[2020-09-11T12:40:24.262+0000][1][safepoint    ] Safepoint "Cleanup", Time since last: 1000107813 ns, Reaching safepoint: 63040 ns, At safepoint: 7177 ns, Total: 70217 ns
[2020-09-11T12:40:25.262+0000][1][safepoint    ] Safepoint "Cleanup", Time since last: 1000117064 ns, Reaching safepoint: 61023 ns, At safepoint: 15486 ns, Total: 76509 ns
[2020-09-11T12:40:26.263+0000][1][safepoint    ] Safepoint "Cleanup", Time since last: 1000171821 ns, Reaching safepoint: 92583 ns, At safepoint: 6671 ns, Total: 99254 ns
[2020-09-11T12:40:27.263+0000][1][safepoint    ] Safepoint "Cleanup", Time since last: 1000130325 ns, Reaching safepoint: 104458 ns, At safepoint: 6445 ns, Total: 110903 ns
[2020-09-11T12:40:28.263+0000][1][safepoint    ] Safepoint "Cleanup", Time since last: 1000107970 ns, Reaching safepoint: 61920 ns, At safepoint: 6734 ns, Total: 68654 ns
[2020-09-11T12:40:29.263+0000][1][safepoint    ] Safepoint "Cleanup", Time since last: 1000146933 ns, Reaching safepoint: 101613 ns, At safepoint: 6596 ns, Total: 108209 ns
[2020-09-11T12:40:30.264+0000][1][safepoint    ] Safepoint "Cleanup", Time since last: 1000175758 ns, Reaching safepoint: 143342 ns, At safepoint: 16946 ns, Total: 160288 ns
[2020-09-11T12:40:31.264+0000][1][safepoint    ] Safepoint "Cleanup", Time since last: 1000178174 ns, Reaching safepoint: 100738 ns, At safepoint: 8299 ns, Total: 109037 ns
[2020-09-11T12:40:32.264+0000][1][safepoint    ] Safepoint "Cleanup", Time since last: 1000101472 ns, Reaching safepoint: 58969 ns, At safepoint: 6682 ns, Total: 65651 ns
[2020-09-11T12:40:33.264+0000][1][safepoint    ] Safepoint "Cleanup", Time since last: 1000174924 ns, Reaching safepoint: 89300 ns, At safepoint: 6782 ns, Total: 96082 ns
[2020-09-11T12:40:34.264+0000][1][safepoint    ] Safepoint "Cleanup", Time since last: 1000173716 ns, Reaching safepoint: 80736 ns, At safepoint: 7570 ns, Total: 88306 ns
[2020-09-11T12:40:35.265+0000][1][safepoint    ] Safepoint "Cleanup", Time since last: 1000170296 ns, Reaching safepoint: 109157 ns, At safepoint: 16401 ns, Total: 125558 ns
[2020-09-11T12:40:36.265+0000][1][safepoint    ] Safepoint "Cleanup", Time since last: 1000222860 ns, Reaching safepoint: 85066 ns, At safepoint: 6522 ns, Total: 91588 ns
[2020-09-11T12:40:37.265+0000][1][safepoint    ] Safepoint "Cleanup", Time since last: 1000125206 ns, Reaching safepoint: 101143 ns, At safepoint: 5949 ns, Total: 107092 ns
[2020-09-11T12:40:38.266+0000][1][safepoint    ] Safepoint "Cleanup", Time since last: 1000175385 ns, Reaching safepoint: 93459 ns, At safepoint: 7555 ns, Total: 101014 ns
[2020-09-11T12:40:39.266+0000][1][safepoint    ] Safepoint "Cleanup", Time since last: 1000168687 ns, Reaching safepoint: 103029 ns, At safepoint: 13085 ns, Total: 116114 ns
[2020-09-11T12:40:39.347+0000][1][gc,start     ] GC(68) Pause Young (Allocation Failure)
[2020-09-11T12:40:39.347+0000][1][gc,task      ] GC(68) Using 1 workers of 1 for evacuation
[2020-09-11T12:40:39.369+0000][1][gc,age       ] GC(68) Desired survivor size 4358144 bytes, new threshold 6 (max threshold 6)
[2020-09-11T12:40:39.369+0000][1][gc,age       ] GC(68) Age table with threshold 6 (max threshold 6)
[2020-09-11T12:40:39.369+0000][1][gc,age       ] GC(68) - age   1:       8128 bytes,       8128 total
[2020-09-11T12:40:39.369+0000][1][gc,age       ] GC(68) - age   2:       4248 bytes,      12376 total
[2020-09-11T12:40:39.369+0000][1][gc,age       ] GC(68) - age   3:     597872 bytes,     610248 total
[2020-09-11T12:40:39.369+0000][1][gc,age       ] GC(68) - age   4:    1172240 bytes,    1782488 total
[2020-09-11T12:40:39.369+0000][1][gc,heap      ] GC(68) ParNew: 71499K->2141K(76672K)
[2020-09-11T12:40:39.369+0000][1][gc,heap      ] GC(68) CMS: 79325K->79325K(2011968K)
[2020-09-11T12:40:39.369+0000][1][gc,metaspace ] GC(68) Metaspace: 73274K->73274K(1116160K)
[2020-09-11T12:40:39.369+0000][1][gc           ] GC(68) Pause Young (Allocation Failure) 147M->79M(2039M) 22.072ms
[2020-09-11T12:40:39.369+0000][1][gc,cpu       ] GC(68) User=0.02s Sys=0.00s Real=0.02s
[2020-09-11T12:40:39.369+0000][1][safepoint    ] Safepoint "GenCollectForAllocation", Time since last: 80835529 ns, Reaching safepoint: 212017 ns, At safepoint: 22148381 ns, Total: 22360398 ns
[2020-09-11T12:40:40.372+0000][1][safepoint    ] Safepoint "Cleanup", Time since last: 1002346510 ns, Reaching safepoint: 213243 ns, At safepoint: 16828 ns, Total: 230071 ns
[2020-09-11T12:40:41.372+0000][1][safepoint    ] Safepoint "Cleanup", Time since last: 1000182168 ns, Reaching safepoint: 118518 ns, At safepoint: 15329 ns, Total: 133847 ns
[2020-09-11T12:40:42.372+0000][1][safepoint    ] Safepoint "Cleanup", Time since last: 1000216435 ns, Reaching safepoint: 120039 ns, At safepoint: 17677 ns, Total: 137716 ns
[2020-09-11T12:40:43.373+0000][1][safepoint    ] Safepoint "Cleanup", Time since last: 1000216179 ns, Reaching safepoint: 113568 ns, At safepoint: 7612 ns, Total: 121180 ns
[2020-09-11T12:40:44.373+0000][1][safepoint    ] Safepoint "Cleanup", Time since last: 1000125103 ns, Reaching safepoint: 219962 ns, At safepoint: 19658 ns, Total: 239620 ns
[2020-09-11T12:40:45.373+0000][1][safepoint    ] Safepoint "Cleanup", Time since last: 1000178629 ns, Reaching safepoint: 115609 ns, At safepoint: 15926 ns, Total: 131535 ns
[2020-09-11T12:40:46.374+0000][1][safepoint    ] Safepoint "Cleanup", Time since last: 1000218822 ns, Reaching safepoint: 90547 ns, At safepoint: 7400 ns, Total: 97947 ns
[2020-09-11T12:40:47.374+0000][1][safepoint    ] Safepoint "Cleanup", Time since last: 1000176240 ns, Reaching safepoint: 119060 ns, At safepoint: 16761 ns, Total: 135821 ns
[2020-09-11T12:40:48.374+0000][1][safepoint    ] Safepoint "Cleanup", Time since last: 1000217948 ns, Reaching safepoint: 98594 ns, At safepoint: 7375 ns, Total: 105969 ns
[2020-09-11T12:40:49.375+0000][1][safepoint    ] Safepoint "Cleanup", Time since last: 1000178645 ns, Reaching safepoint: 128017 ns, At safepoint: 16685 ns, Total: 144702 ns
[2020-09-11T12:40:50.375+0000][1][safepoint    ] Safepoint "Cleanup", Time since last: 1000241385 ns, Reaching safepoint: 128926 ns, At safepoint: 18616 ns, Total: 147542 ns
[2020-09-11T12:40:51.375+0000][1][safepoint    ] Safepoint "Cleanup", Time since last: 1000253056 ns, Reaching safepoint: 96825 ns, At safepoint: 6793 ns, Total: 103618 ns
[2020-09-11T12:40:52.376+0000][1][safepoint    ] Safepoint "Cleanup", Time since last: 1000204339 ns, Reaching safepoint: 93234 ns, At safepoint: 7586 ns, Total: 100820 ns
[2020-09-11T12:40:53.376+0000][1][safepoint    ] Safepoint "Cleanup", Time since last: 1000181787 ns, Reaching safepoint: 110824 ns, At safepoint: 16438 ns, Total: 127262 ns
[2020-09-11T12:40:54.376+0000][1][safepoint    ] Safepoint "Cleanup", Time since last: 1000247057 ns, Reaching safepoint: 116313 ns, At safepoint: 17334 ns, Total: 133647 ns
[2020-09-11T12:40:55.377+0000][1][safepoint    ] Safepoint "Cleanup", Time since last: 1000206892 ns, Reaching safepoint: 116237 ns, At safepoint: 16454 ns, Total: 132691 ns
[2020-09-11T12:40:56.377+0000][1][safepoint    ] Safepoint "Cleanup", Time since last: 1000216037 ns, Reaching safepoint: 93040 ns, At safepoint: 7766 ns, Total: 100806 ns
[2020-09-11T12:40:57.377+0000][1][safepoint    ] Safepoint "Cleanup", Time since last: 1000156185 ns, Reaching safepoint: 107997 ns, At safepoint: 16027 ns, Total: 124024 ns
[2020-09-11T12:40:58.378+0000][1][safepoint    ] Safepoint "Cleanup", Time since last: 1000216461 ns, Reaching safepoint: 134165 ns, At safepoint: 19474 ns, Total: 153639 ns
[2020-09-11T12:40:59.378+0000][1][safepoint    ] Safepoint "Cleanup", Time since last: 1000211440 ns, Reaching safepoint: 118419 ns, At safepoint: 19107 ns, Total: 137526 ns
[2020-09-11T12:41:00.378+0000][1][safepoint    ] Safepoint "Cleanup", Time since last: 1000183985 ns, Reaching safepoint: 112622 ns, At safepoint: 17817 ns, Total: 130439 ns
[2020-09-11T12:41:01.379+0000][1][safepoint    ] Safepoint "Cleanup", Time since last: 1000181984 ns, Reaching safepoint: 120607 ns, At safepoint: 14927 ns, Total: 135534 ns
[2020-09-11T12:41:02.379+0000][1][safepoint    ] Safepoint "Cleanup", Time since last: 1000227989 ns, Reaching safepoint: 90413 ns, At safepoint: 7221 ns, Total: 97634 ns
[2020-09-11T12:41:03.379+0000][1][safepoint    ] Safepoint "Cleanup", Time since last: 1000144824 ns, Reaching safepoint: 120397 ns, At safepoint: 14880 ns, Total: 135277 ns
[2020-09-11T12:41:04.380+0000][1][safepoint    ] Safepoint "Cleanup", Time since last: 1000171574 ns, Reaching safepoint: 75768 ns, At safepoint: 7441 ns, Total: 83209 ns
[2020-09-11T12:41:05.380+0000][1][safepoint    ] Safepoint "Cleanup", Time since last: 1000134015 ns, Reaching safepoint: 119361 ns, At safepoint: 16244 ns, Total: 135605 ns
[2020-09-11T12:41:06.380+0000][1][safepoint    ] Safepoint "Cleanup", Time since last: 1000223083 ns, Reaching safepoint: 115835 ns, At safepoint: 17197 ns, Total: 133032 ns
[2020-09-11T12:41:07.380+0000][1][safepoint    ] Safepoint "Cleanup", Time since last: 1000216859 ns, Reaching safepoint: 114546 ns, At safepoint: 15916 ns, Total: 130462 ns
[2020-09-11T12:41:08.381+0000][1][safepoint    ] Safepoint "Cleanup", Time since last: 1000202647 ns, Reaching safepoint: 94848 ns, At safepoint: 7524 ns, Total: 102372 ns
[2020-09-11T12:41:09.381+0000][1][safepoint    ] Safepoint "Cleanup", Time since last: 1000185012 ns, Reaching safepoint: 96152 ns, At safepoint: 6817 ns, Total: 102969 ns
[2020-09-11T12:41:10.381+0000][1][safepoint    ] Safepoint "Cleanup", Time since last: 1000168939 ns, Reaching safepoint: 124884 ns, At safepoint: 17814 ns, Total: 142698 ns
[2020-09-11T12:41:11.382+0000][1][safepoint    ] Safepoint "Cleanup", Time since last: 1000226168 ns, Reaching safepoint: 89909 ns, At safepoint: 7265 ns, Total: 97174 ns
[2020-09-11T12:41:12.382+0000][1][safepoint    ] Safepoint "Cleanup", Time since last: 1000171533 ns, Reaching safepoint: 91434 ns, At safepoint: 7648 ns, Total: 99082 ns
[2020-09-11T12:41:13.382+0000][1][safepoint    ] Safepoint "Cleanup", Time since last: 1000147544 ns, Reaching safepoint: 116599 ns, At safepoint: 7512 ns, Total: 124111 ns
[2020-09-11T12:41:14.383+0000][1][safepoint    ] Safepoint "Cleanup", Time since last: 1000173710 ns, Reaching safepoint: 122484 ns, At safepoint: 19422 ns, Total: 141906 ns
[2020-09-11T12:41:15.383+0000][1][safepoint    ] Safepoint "Cleanup", Time since last: 1000221107 ns, Reaching safepoint: 116474 ns, At safepoint: 16938 ns, Total: 133412 ns
[2020-09-11T12:41:16.383+0000][1][safepoint    ] Safepoint "Cleanup", Time since last: 1000222565 ns, Reaching safepoint: 114342 ns, At safepoint: 17838 ns, Total: 132180 ns
[2020-09-11T12:41:17.384+0000][1][safepoint    ] Safepoint "Cleanup", Time since last: 1000214537 ns, Reaching safepoint: 109999 ns, At safepoint: 17150 ns, Total: 127149 ns
[2020-09-11T12:41:18.384+0000][1][safepoint    ] Safepoint "Cleanup", Time since last: 1000186349 ns, Reaching safepoint: 116407 ns, At safepoint: 17149 ns, Total: 133556 ns
[2020-09-11T12:41:19.384+0000][1][safepoint    ] Safepoint "Cleanup", Time since last: 1000208706 ns, Reaching safepoint: 111676 ns, At safepoint: 16828 ns, Total: 128504 ns
[2020-09-11T12:41:20.385+0000][1][safepoint    ] Safepoint "Cleanup", Time since last: 1000268589 ns, Reaching safepoint: 87960 ns, At safepoint: 7816 ns, Total: 95776 ns
[2020-09-11T12:41:21.385+0000][1][safepoint    ] Safepoint "Cleanup", Time since last: 1000201306 ns, Reaching safepoint: 113680 ns, At safepoint: 17527 ns, Total: 131207 ns
[2020-09-11T12:41:22.385+0000][1][safepoint    ] Safepoint "Cleanup", Time since last: 1000223809 ns, Reaching safepoint: 123383 ns, At safepoint: 18015 ns, Total: 141398 ns
[2020-09-11T12:41:23.386+0000][1][safepoint    ] Safepoint "Cleanup", Time since last: 1000213236 ns, Reaching safepoint: 113387 ns, At safepoint: 16959 ns, Total: 130346 ns
[2020-09-11T12:41:24.386+0000][1][safepoint    ] Safepoint "Cleanup", Time since last: 1000274239 ns, Reaching safepoint: 115973 ns, At safepoint: 19154 ns, Total: 135127 ns
[2020-09-11T12:41:25.386+0000][1][safepoint    ] Safepoint "Cleanup", Time since last: 1000221362 ns, Reaching safepoint: 115893 ns, At safepoint: 17567 ns, Total: 133460 ns
[2020-09-11T12:41:26.387+0000][1][safepoint    ] Safepoint "Cleanup", Time since last: 1000229141 ns, Reaching safepoint: 91312 ns, At safepoint: 7266 ns, Total: 98578 ns
[2020-09-11T12:41:27.387+0000][1][safepoint    ] Safepoint "Cleanup", Time since last: 1000167098 ns, Reaching safepoint: 114740 ns, At safepoint: 16945 ns, Total: 131685 ns
[2020-09-11T12:41:28.387+0000][1][safepoint    ] Safepoint "Cleanup", Time since last: 1000230874 ns, Reaching safepoint: 156646 ns, At safepoint: 16384 ns, Total: 173030 ns
[2020-09-11T12:41:29.388+0000][1][safepoint    ] Safepoint "Cleanup", Time since last: 1000221421 ns, Reaching safepoint: 85952 ns, At safepoint: 6481 ns, Total: 92433 ns
[2020-09-11T12:41:30.388+0000][1][safepoint    ] Safepoint "Cleanup", Time since last: 1000185859 ns, Reaching safepoint: 114365 ns, At safepoint: 17393 ns, Total: 131758 ns
[2020-09-11T12:41:31.388+0000][1][safepoint    ] Safepoint "Cleanup", Time since last: 1000228161 ns, Reaching safepoint: 85311 ns, At safepoint: 7088 ns, Total: 92399 ns
[2020-09-11T12:41:32.389+0000][1][safepoint    ] Safepoint "Cleanup", Time since last: 1000184318 ns, Reaching safepoint: 113979 ns, At safepoint: 17012 ns, Total: 130991 ns
[2020-09-11T12:41:33.389+0000][1][safepoint    ] Safepoint "Cleanup", Time since last: 1000245362 ns, Reaching safepoint: 120767 ns, At safepoint: 18426 ns, Total: 139193 ns
[2020-09-11T12:41:34.389+0000][1][safepoint    ] Safepoint "Cleanup", Time since last: 1000213670 ns, Reaching safepoint: 91080 ns, At safepoint: 7576 ns, Total: 98656 ns
[2020-09-11T12:41:35.390+0000][1][safepoint    ] Safepoint "Cleanup", Time since last: 1000171080 ns, Reaching safepoint: 114436 ns, At safepoint: 16304 ns, Total: 130740 ns
[2020-09-11T12:41:36.390+0000][1][safepoint    ] Safepoint "Cleanup", Time since last: 1000218320 ns, Reaching safepoint: 87248 ns, At safepoint: 9178 ns, Total: 96426 ns
[2020-09-11T12:41:37.390+0000][1][safepoint    ] Safepoint "Cleanup", Time since last: 1000181516 ns, Reaching safepoint: 85292 ns, At safepoint: 6382 ns, Total: 91674 ns
[2020-09-11T12:41:38.391+0000][1][safepoint    ] Safepoint "Cleanup", Time since last: 1000172048 ns, Reaching safepoint: 92293 ns, At safepoint: 6862 ns, Total: 99155 ns
[2020-09-11T12:41:39.391+0000][1][safepoint    ] Safepoint "Cleanup", Time since last: 1000181836 ns, Reaching safepoint: 85508 ns, At safepoint: 6567 ns, Total: 92075 ns
[2020-09-11T12:41:40.391+0000][1][safepoint    ] Safepoint "Cleanup", Time since last: 1000179275 ns, Reaching safepoint: 93294 ns, At safepoint: 7498 ns, Total: 100792 ns
[2020-09-11T12:41:41.392+0000][1][safepoint    ] Safepoint "Cleanup", Time since last: 1000184887 ns, Reaching safepoint: 144956 ns, At safepoint: 15666 ns, Total: 160622 ns
[2020-09-11T12:41:42.392+0000][1][safepoint    ] Safepoint "Cleanup", Time since last: 1000218670 ns, Reaching safepoint: 115539 ns, At safepoint: 16638 ns, Total: 132177 ns
[2020-09-11T12:41:43.392+0000][1][safepoint    ] Safepoint "Cleanup", Time since last: 1000219246 ns, Reaching safepoint: 118579 ns, At safepoint: 17233 ns, Total: 135812 ns
[2020-09-11T12:41:44.393+0000][1][safepoint    ] Safepoint "Cleanup", Time since last: 1000270812 ns, Reaching safepoint: 156880 ns, At safepoint: 17650 ns, Total: 174530 ns
[2020-09-11T12:41:45.393+0000][1][safepoint    ] Safepoint "Cleanup", Time since last: 1000218334 ns, Reaching safepoint: 117022 ns, At safepoint: 16828 ns, Total: 133850 ns
[2020-09-11T12:41:46.393+0000][1][safepoint    ] Safepoint "Cleanup", Time since last: 1000212065 ns, Reaching safepoint: 116130 ns, At safepoint: 17150 ns, Total: 133280 ns
[2020-09-11T12:41:47.394+0000][1][safepoint    ] Safepoint "Cleanup", Time since last: 1000211760 ns, Reaching safepoint: 115011 ns, At safepoint: 16705 ns, Total: 131716 ns
[2020-09-11T12:41:48.394+0000][1][safepoint    ] Safepoint "Cleanup", Time since last: 1000237079 ns, Reaching safepoint: 91715 ns, At safepoint: 7554 ns, Total: 99269 ns
[2020-09-11T12:41:49.394+0000][1][safepoint    ] Safepoint "Cleanup", Time since last: 1000197967 ns, Reaching safepoint: 112091 ns, At safepoint: 17279 ns, Total: 129370 ns
[2020-09-11T12:41:49.505+0000][1][gc,start     ] GC(69) Pause Young (Allocation Failure)
[2020-09-11T12:41:49.506+0000][1][gc,task      ] GC(69) Using 1 workers of 1 for evacuation
[2020-09-11T12:41:49.524+0000][1][gc,age       ] GC(69) Desired survivor size 4358144 bytes, new threshold 6 (max threshold 6)
[2020-09-11T12:41:49.524+0000][1][gc,age       ] GC(69) Age table with threshold 6 (max threshold 6)
[2020-09-11T12:41:49.524+0000][1][gc,age       ] GC(69) - age   1:      35000 bytes,      35000 total
[2020-09-11T12:41:49.524+0000][1][gc,age       ] GC(69) - age   2:       2640 bytes,      37640 total
[2020-09-11T12:41:49.524+0000][1][gc,age       ] GC(69) - age   3:       4248 bytes,      41888 total
[2020-09-11T12:41:49.524+0000][1][gc,age       ] GC(69) - age   4:     597872 bytes,     639760 total
[2020-09-11T12:41:49.524+0000][1][gc,age       ] GC(69) - age   5:    1171560 bytes,    1811320 total
[2020-09-11T12:41:49.524+0000][1][gc,heap      ] GC(69) ParNew: 70301K->3146K(76672K)
[2020-09-11T12:41:49.524+0000][1][gc,heap      ] GC(69) CMS: 79325K->79325K(2011968K)
[2020-09-11T12:41:49.524+0000][1][gc,metaspace ] GC(69) Metaspace: 73364K->73364K(1116160K)
[2020-09-11T12:41:49.524+0000][1][gc           ] GC(69) Pause Young (Allocation Failure) 146M->80M(2039M) 18.801ms
[2020-09-11T12:41:49.524+0000][1][gc,cpu       ] GC(69) User=0.02s Sys=0.00s Real=0.02s
[2020-09-11T12:41:49.527+0000][1][safepoint    ] Safepoint "GenCollectForAllocation", Time since last: 110968060 ns, Reaching safepoint: 141714 ns, At safepoint: 21949188 ns, Total: 22090902 ns
[2020-09-11T12:41:50.529+0000][1][safepoint    ] Safepoint "Cleanup", Time since last: 1001785793 ns, Reaching safepoint: 93665 ns, At safepoint: 6832 ns, Total: 100497 ns
[2020-09-11T12:41:51.530+0000][1][safepoint    ] Safepoint "Cleanup", Time since last: 1000163503 ns, Reaching safepoint: 88958 ns, At safepoint: 5642 ns, Total: 94600 ns
[2020-09-11T12:41:52.530+0000][1][safepoint    ] Safepoint "Cleanup", Time since last: 1000168413 ns, Reaching safepoint: 102926 ns, At safepoint: 16635 ns, Total: 119561 ns
[2020-09-11T12:41:53.530+0000][1][safepoint    ] Safepoint "Cleanup", Time since last: 1000207459 ns, Reaching safepoint: 77263 ns, At safepoint: 6335 ns, Total: 83598 ns
[2020-09-11T12:41:54.530+0000][1][safepoint    ] Safepoint "Cleanup", Time since last: 1000098069 ns, Reaching safepoint: 54170 ns, At safepoint: 6876 ns, Total: 61046 ns
[2020-09-11T12:41:55.531+0000][1][safepoint    ] Safepoint "Cleanup", Time since last: 1000130536 ns, Reaching safepoint: 105338 ns, At safepoint: 14076 ns, Total: 119414 ns
[2020-09-11T12:41:56.531+0000][1][safepoint    ] Safepoint "Cleanup", Time since last: 1000233279 ns, Reaching safepoint: 49331 ns, At safepoint: 6337 ns, Total: 55668 ns
[2020-09-11T12:41:57.531+0000][1][safepoint    ] Safepoint "Cleanup", Time since last: 1000159281 ns, Reaching safepoint: 93194 ns, At safepoint: 15512 ns, Total: 108706 ns
[2020-09-11T12:41:58.531+0000][1][safepoint    ] Safepoint "Cleanup", Time since last: 1000202047 ns, Reaching safepoint: 89458 ns, At safepoint: 6120 ns, Total: 95578 ns
[2020-09-11T12:41:59.532+0000][1][safepoint    ] Safepoint "Cleanup", Time since last: 1000118071 ns, Reaching safepoint: 51278 ns, At safepoint: 5678 ns, Total: 56956 ns
[2020-09-11T12:42:00.533+0000][1][safepoint    ] Safepoint "Cleanup", Time since last: 1000635513 ns, Reaching safepoint: 1030488 ns, At safepoint: 25194 ns, Total: 1055682 ns
[2020-09-11T12:42:01.534+0000][1][safepoint    ] Safepoint "Cleanup", Time since last: 1000205814 ns, Reaching safepoint: 101135 ns, At safepoint: 15740 ns, Total: 116875 ns
[2020-09-11T12:42:02.535+0000][1][safepoint    ] Safepoint "Cleanup", Time since last: 1000793847 ns, Reaching safepoint: 199882 ns, At safepoint: 20884 ns, Total: 220766 ns
[2020-09-11T12:42:03.535+0000][1][safepoint    ] Safepoint "Cleanup", Time since last: 1000136276 ns, Reaching safepoint: 97470 ns, At safepoint: 12653 ns, Total: 110123 ns
[2020-09-11T12:42:04.535+0000][1][safepoint    ] Safepoint "Cleanup", Time since last: 1000158670 ns, Reaching safepoint: 98200 ns, At safepoint: 7147 ns, Total: 105347 ns
[2020-09-11T12:42:05.535+0000][1][safepoint    ] Safepoint "Cleanup", Time since last: 1000140487 ns, Reaching safepoint: 93526 ns, At safepoint: 6111 ns, Total: 99637 ns
[2020-09-11T12:42:06.536+0000][1][safepoint    ] Safepoint "Cleanup", Time since last: 1000145518 ns, Reaching safepoint: 106614 ns, At safepoint: 13565 ns, Total: 120179 ns
[2020-09-11T12:42:07.536+0000][1][safepoint    ] Safepoint "Cleanup", Time since last: 1000150502 ns, Reaching safepoint: 109649 ns, At safepoint: 6095 ns, Total: 115744 ns
[2020-09-11T12:42:08.536+0000][1][safepoint    ] Safepoint "Cleanup", Time since last: 1000170841 ns, Reaching safepoint: 85477 ns, At safepoint: 7786 ns, Total: 93263 ns
[2020-09-11T12:42:09.537+0000][1][safepoint    ] Safepoint "Cleanup", Time since last: 1000120409 ns, Reaching safepoint: 212925 ns, At safepoint: 18318 ns, Total: 231243 ns
[2020-09-11T12:42:10.537+0000][1][safepoint    ] Safepoint "Cleanup", Time since last: 1000248624 ns, Reaching safepoint: 82118 ns, At safepoint: 7335 ns, Total: 89453 ns
[2020-09-11T12:42:11.537+0000][1][safepoint    ] Safepoint "Cleanup", Time since last: 1000229128 ns, Reaching safepoint: 66419 ns, At safepoint: 6821 ns, Total: 73240 ns
[2020-09-11T12:42:12.537+0000][1][safepoint    ] Safepoint "Cleanup", Time since last: 1000143246 ns, Reaching safepoint: 68600 ns, At safepoint: 7225 ns, Total: 75825 ns
[2020-09-11T12:42:13.538+0000][1][safepoint    ] Safepoint "Cleanup", Time since last: 1000163144 ns, Reaching safepoint: 97283 ns, At safepoint: 7312 ns, Total: 104595 ns
[2020-09-11T12:42:14.538+0000][1][safepoint    ] Safepoint "Cleanup", Time since last: 1000154280 ns, Reaching safepoint: 94890 ns, At safepoint: 8535 ns, Total: 103425 ns
[2020-09-11T12:42:15.538+0000][1][safepoint    ] Safepoint "Cleanup", Time since last: 1000180780 ns, Reaching safepoint: 157494 ns, At safepoint: 17347 ns, Total: 174841 ns
[2020-09-11T12:42:16.539+0000][1][safepoint    ] Safepoint "Cleanup", Time since last: 1000217967 ns, Reaching safepoint: 84467 ns, At safepoint: 7561 ns, Total: 92028 ns
[2020-09-11T12:42:17.539+0000][1][safepoint    ] Safepoint "Cleanup", Time since last: 1000180648 ns, Reaching safepoint: 103714 ns, At safepoint: 16705 ns, Total: 120419 ns
[2020-09-11T12:42:18.539+0000][1][safepoint    ] Safepoint "Cleanup", Time since last: 1000223382 ns, Reaching safepoint: 108816 ns, At safepoint: 17340 ns, Total: 126156 ns
[2020-09-11T12:42:19.540+0000][1][safepoint    ] Safepoint "Cleanup", Time since last: 1000223200 ns, Reaching safepoint: 108560 ns, At safepoint: 16668 ns, Total: 125228 ns
[2020-09-11T12:42:20.540+0000][1][safepoint    ] Safepoint "Cleanup", Time since last: 1000218237 ns, Reaching safepoint: 114005 ns, At safepoint: 17841 ns, Total: 131846 ns
[2020-09-11T12:42:21.540+0000][1][safepoint    ] Safepoint "Cleanup", Time since last: 1000208231 ns, Reaching safepoint: 113968 ns, At safepoint: 16879 ns, Total: 130847 ns
[2020-09-11T12:42:22.541+0000][1][safepoint    ] Safepoint "Cleanup", Time since last: 1000216605 ns, Reaching safepoint: 114783 ns, At safepoint: 16371 ns, Total: 131154 ns
[2020-09-11T12:42:23.541+0000][1][safepoint    ] Safepoint "Cleanup", Time since last: 1000235048 ns, Reaching safepoint: 90228 ns, At safepoint: 7272 ns, Total: 97500 ns
[2020-09-11T12:42:24.541+0000][1][safepoint    ] Safepoint "Cleanup", Time since last: 1000168581 ns, Reaching safepoint: 88955 ns, At safepoint: 7540 ns, Total: 96495 ns
[2020-09-11T12:42:25.541+0000][1][safepoint    ] Safepoint "Cleanup", Time since last: 1000144776 ns, Reaching safepoint: 103917 ns, At safepoint: 6891 ns, Total: 110808 ns
[2020-09-11T12:42:26.542+0000][1][safepoint    ] Safepoint "Cleanup", Time since last: 1000232734 ns, Reaching safepoint: 109111 ns, At safepoint: 18051 ns, Total: 127162 ns
[2020-09-11T12:42:27.542+0000][1][safepoint    ] Safepoint "Cleanup", Time since last: 1000190127 ns, Reaching safepoint: 102000 ns, At safepoint: 17594 ns, Total: 119594 ns
[2020-09-11T12:42:28.543+0000][1][safepoint    ] Safepoint "Cleanup", Time since last: 1000211689 ns, Reaching safepoint: 142904 ns, At safepoint: 19912 ns, Total: 162816 ns
[2020-09-11T12:42:29.543+0000][1][safepoint    ] Safepoint "Cleanup", Time since last: 1000181865 ns, Reaching safepoint: 104810 ns, At safepoint: 14544 ns, Total: 119354 ns
[2020-09-11T12:42:30.543+0000][1][safepoint    ] Safepoint "Cleanup", Time since last: 1000224264 ns, Reaching safepoint: 79945 ns, At safepoint: 7361 ns, Total: 87306 ns
[2020-09-11T12:42:31.543+0000][1][safepoint    ] Safepoint "Cleanup", Time since last: 1000155823 ns, Reaching safepoint: 95581 ns, At safepoint: 6552 ns, Total: 102133 ns
[2020-09-11T12:42:32.544+0000][1][safepoint    ] Safepoint "Cleanup", Time since last: 1000209534 ns, Reaching safepoint: 82887 ns, At safepoint: 7137 ns, Total: 90024 ns
[2020-09-11T12:42:33.544+0000][1][safepoint    ] Safepoint "Cleanup", Time since last: 1000318789 ns, Reaching safepoint: 118936 ns, At safepoint: 16535 ns, Total: 135471 ns
[2020-09-11T12:42:34.544+0000][1][safepoint    ] Safepoint "Cleanup", Time since last: 1000222450 ns, Reaching safepoint: 109782 ns, At safepoint: 16358 ns, Total: 126140 ns
[2020-09-11T12:42:35.545+0000][1][safepoint    ] Safepoint "Cleanup", Time since last: 1000207161 ns, Reaching safepoint: 158711 ns, At safepoint: 17416 ns, Total: 176127 ns
[2020-09-11T12:42:36.545+0000][1][safepoint    ] Safepoint "Cleanup", Time since last: 1000218406 ns, Reaching safepoint: 110487 ns, At safepoint: 17300 ns, Total: 127787 ns
[2020-09-11T12:42:37.546+0000][1][safepoint    ] Safepoint "Cleanup", Time since last: 1000221302 ns, Reaching safepoint: 105214 ns, At safepoint: 16849 ns, Total: 122063 ns
[2020-09-11T12:42:38.546+0000][1][safepoint    ] Safepoint "Cleanup", Time since last: 1000231495 ns, Reaching safepoint: 117406 ns, At safepoint: 18966 ns, Total: 136372 ns
[2020-09-11T12:42:39.546+0000][1][safepoint    ] Safepoint "Cleanup", Time since last: 1000227990 ns, Reaching safepoint: 103558 ns, At safepoint: 16143 ns, Total: 119701 ns
[2020-09-11T12:42:40.547+0000][1][safepoint    ] Safepoint "Cleanup", Time since last: 1000208077 ns, Reaching safepoint: 111245 ns, At safepoint: 17056 ns, Total: 128301 ns
[2020-09-11T12:42:41.547+0000][1][safepoint    ] Safepoint "Cleanup", Time since last: 1000186636 ns, Reaching safepoint: 121649 ns, At safepoint: 16154 ns, Total: 137803 ns
[2020-09-11T12:42:42.547+0000][1][safepoint    ] Safepoint "Cleanup", Time since last: 1000227457 ns, Reaching safepoint: 88555 ns, At safepoint: 7296 ns, Total: 95851 ns
[2020-09-11T12:42:43.548+0000][1][safepoint    ] Safepoint "Cleanup", Time since last: 1000175867 ns, Reaching safepoint: 91758 ns, At safepoint: 7653 ns, Total: 99411 ns
[2020-09-11T12:42:44.548+0000][1][safepoint    ] Safepoint "Cleanup", Time since last: 1000137019 ns, Reaching safepoint: 100451 ns, At safepoint: 6548 ns, Total: 106999 ns
[2020-09-11T12:42:45.548+0000][1][safepoint    ] Safepoint "Cleanup", Time since last: 1000169007 ns, Reaching safepoint: 88297 ns, At safepoint: 6804 ns, Total: 95101 ns
[2020-09-11T12:42:46.548+0000][1][safepoint    ] Safepoint "Cleanup", Time since last: 1000158484 ns, Reaching safepoint: 111135 ns, At safepoint: 16344 ns, Total: 127479 ns
[2020-09-11T12:42:47.549+0000][1][safepoint    ] Safepoint "Cleanup", Time since last: 1000183184 ns, Reaching safepoint: 107543 ns, At safepoint: 6197 ns, Total: 113740 ns
[2020-09-11T12:42:48.549+0000][1][safepoint    ] Safepoint "Cleanup", Time since last: 1000180074 ns, Reaching safepoint: 88210 ns, At safepoint: 9323 ns, Total: 97533 ns
[2020-09-11T12:42:49.549+0000][1][safepoint    ] Safepoint "Cleanup", Time since last: 1000180968 ns, Reaching safepoint: 84818 ns, At safepoint: 6117 ns, Total: 90935 ns
[2020-09-11T12:42:50.549+0000][1][safepoint    ] Safepoint "Cleanup", Time since last: 1000166518 ns, Reaching safepoint: 109919 ns, At safepoint: 16952 ns, Total: 126871 ns
[2020-09-11T12:42:51.550+0000][1][safepoint    ] Safepoint "Cleanup", Time since last: 1000931243 ns, Reaching safepoint: 85887 ns, At safepoint: 6552 ns, Total: 92439 ns
[2020-09-11T12:42:52.551+0000][1][safepoint    ] Safepoint "Cleanup", Time since last: 1000191314 ns, Reaching safepoint: 108505 ns, At safepoint: 17233 ns, Total: 125738 ns
[2020-09-11T12:42:53.551+0000][1][safepoint    ] Safepoint "Cleanup", Time since last: 1000208986 ns, Reaching safepoint: 116434 ns, At safepoint: 17069 ns, Total: 133503 ns
[2020-09-11T12:42:54.551+0000][1][safepoint    ] Safepoint "Cleanup", Time since last: 1000210623 ns, Reaching safepoint: 89705 ns, At safepoint: 6080 ns, Total: 95785 ns
[2020-09-11T12:42:55.552+0000][1][safepoint    ] Safepoint "Cleanup", Time since last: 1000168297 ns, Reaching safepoint: 109131 ns, At safepoint: 16254 ns, Total: 125385 ns
[2020-09-11T12:42:56.553+0000][1][safepoint    ] Safepoint "Cleanup", Time since last: 1001081950 ns, Reaching safepoint: 143433 ns, At safepoint: 17426 ns, Total: 160859 ns
[2020-09-11T12:42:57.553+0000][1][safepoint    ] Safepoint "Cleanup", Time since last: 1000217153 ns, Reaching safepoint: 84375 ns, At safepoint: 6684 ns, Total: 91059 ns
[2020-09-11T12:42:58.554+0000][1][safepoint    ] Safepoint "Cleanup", Time since last: 1000189170 ns, Reaching safepoint: 118773 ns, At safepoint: 18856 ns, Total: 137629 ns
[2020-09-11T12:42:59.554+0000][1][safepoint    ] Safepoint "Cleanup", Time since last: 1000210890 ns, Reaching safepoint: 85351 ns, At safepoint: 6553 ns, Total: 91904 ns
[2020-09-11T12:43:00.554+0000][1][safepoint    ] Safepoint "Cleanup", Time since last: 1000164124 ns, Reaching safepoint: 86342 ns, At safepoint: 7253 ns, Total: 93595 ns
[2020-09-11T12:43:01.555+0000][1][safepoint    ] Safepoint "Cleanup", Time since last: 1001090504 ns, Reaching safepoint: 111409 ns, At safepoint: 40323 ns, Total: 151732 ns
[2020-09-11T12:43:02.556+0000][1][safepoint    ] Safepoint "Cleanup", Time since last: 1000225006 ns, Reaching safepoint: 111843 ns, At safepoint: 17263 ns, Total: 129106 ns
[2020-09-11T12:43:03.556+0000][1][safepoint    ] Safepoint "Cleanup", Time since last: 1000174827 ns, Reaching safepoint: 76230 ns, At safepoint: 7821 ns, Total: 84051 ns
[2020-09-11T12:43:04.556+0000][1][safepoint    ] Safepoint "Cleanup", Time since last: 1000177252 ns, Reaching safepoint: 112659 ns, At safepoint: 18820 ns, Total: 131479 ns
[2020-09-11T12:43:04.622+0000][1][gc,start     ] GC(70) Pause Young (Allocation Failure)
[2020-09-11T12:43:04.622+0000][1][gc,task      ] GC(70) Using 1 workers of 1 for evacuation
[2020-09-11T12:43:04.644+0000][1][gc,age       ] GC(70) Desired survivor size 4358144 bytes, new threshold 6 (max threshold 6)
[2020-09-11T12:43:04.644+0000][1][gc,age       ] GC(70) Age table with threshold 6 (max threshold 6)
[2020-09-11T12:43:04.644+0000][1][gc,age       ] GC(70) - age   1:       7376 bytes,       7376 total
[2020-09-11T12:43:04.644+0000][1][gc,age       ] GC(70) - age   2:      26240 bytes,      33616 total
[2020-09-11T12:43:04.644+0000][1][gc,age       ] GC(70) - age   3:       2640 bytes,      36256 total
[2020-09-11T12:43:04.644+0000][1][gc,age       ] GC(70) - age   4:       4248 bytes,      40504 total
[2020-09-11T12:43:04.644+0000][1][gc,age       ] GC(70) - age   5:     597872 bytes,     638376 total
[2020-09-11T12:43:04.644+0000][1][gc,age       ] GC(70) - age   6:    1171560 bytes,    1809936 total
[2020-09-11T12:43:04.644+0000][1][gc,heap      ] GC(70) ParNew: 71306K->2113K(76672K)
[2020-09-11T12:43:04.644+0000][1][gc,heap      ] GC(70) CMS: 79325K->79325K(2011968K)
[2020-09-11T12:43:04.644+0000][1][gc,metaspace ] GC(70) Metaspace: 73415K->73415K(1116160K)
[2020-09-11T12:43:04.644+0000][1][gc           ] GC(70) Pause Young (Allocation Failure) 147M->79M(2039M) 22.290ms
[2020-09-11T12:43:04.644+0000][1][gc,cpu       ] GC(70) User=0.02s Sys=0.00s Real=0.03s
[2020-09-11T12:43:04.644+0000][1][safepoint    ] Safepoint "GenCollectForAllocation", Time since last: 65454787 ns, Reaching safepoint: 211532 ns, At safepoint: 22367757 ns, Total: 22579289 ns
[2020-09-11T12:43:05.650+0000][1][safepoint    ] Safepoint "Cleanup", Time since last: 1005120912 ns, Reaching safepoint: 215575 ns, At safepoint: 47355 ns, Total: 262930 ns
[2020-09-11T12:43:06.653+0000][1][safepoint    ] Safepoint "Cleanup", Time since last: 1003210639 ns, Reaching safepoint: 75302 ns, At safepoint: 18350 ns, Total: 93652 ns
[2020-09-11T12:43:07.653+0000][1][safepoint    ] Safepoint "Cleanup", Time since last: 1000166801 ns, Reaching safepoint: 78013 ns, At safepoint: 18523 ns, Total: 96536 ns
[2020-09-11T12:43:08.654+0000][1][safepoint    ] Safepoint "Cleanup", Time since last: 1000174488 ns, Reaching safepoint: 76826 ns, At safepoint: 17761 ns, Total: 94587 ns
[2020-09-11T12:43:09.654+0000][1][safepoint    ] Safepoint "Cleanup", Time since last: 1000125968 ns, Reaching safepoint: 211826 ns, At safepoint: 17313 ns, Total: 229139 ns
[2020-09-11T12:43:10.654+0000][1][safepoint    ] Safepoint "Cleanup", Time since last: 1000207887 ns, Reaching safepoint: 88376 ns, At safepoint: 6710 ns, Total: 95086 ns
[2020-09-11T12:43:11.655+0000][1][safepoint    ] Safepoint "Cleanup", Time since last: 1000137981 ns, Reaching safepoint: 104377 ns, At safepoint: 7719 ns, Total: 112096 ns
[2020-09-11T12:43:12.655+0000][1][safepoint    ] Safepoint "Cleanup", Time since last: 1000129793 ns, Reaching safepoint: 110039 ns, At safepoint: 6531 ns, Total: 116570 ns
[2020-09-11T12:43:13.655+0000][1][safepoint    ] Safepoint "Cleanup", Time since last: 1000187396 ns, Reaching safepoint: 84725 ns, At safepoint: 6690 ns, Total: 91415 ns
[2020-09-11T12:43:14.655+0000][1][safepoint    ] Safepoint "Cleanup", Time since last: 1000176919 ns, Reaching safepoint: 80485 ns, At safepoint: 7350 ns, Total: 87835 ns
[2020-09-11T12:43:15.656+0000][1][safepoint    ] Safepoint "Cleanup", Time since last: 1001050976 ns, Reaching safepoint: 87775 ns, At safepoint: 6735 ns, Total: 94510 ns
[2020-09-11T12:43:16.657+0000][1][safepoint    ] Safepoint "Cleanup", Time since last: 1000209975 ns, Reaching safepoint: 111883 ns, At safepoint: 15980 ns, Total: 127863 ns
[2020-09-11T12:43:17.657+0000][1][safepoint    ] Safepoint "Cleanup", Time since last: 1000225767 ns, Reaching safepoint: 108148 ns, At safepoint: 17109 ns, Total: 125257 ns
[2020-09-11T12:43:18.657+0000][1][safepoint    ] Safepoint "Cleanup", Time since last: 1000229579 ns, Reaching safepoint: 111058 ns, At safepoint: 18252 ns, Total: 129310 ns
[2020-09-11T12:43:19.658+0000][1][safepoint    ] Safepoint "Cleanup", Time since last: 1000212330 ns, Reaching safepoint: 105318 ns, At safepoint: 16708 ns, Total: 122026 ns
[2020-09-11T12:43:20.659+0000][1][safepoint    ] Safepoint "Cleanup", Time since last: 1001154698 ns, Reaching safepoint: 102319 ns, At safepoint: 6785 ns, Total: 109104 ns
[2020-09-11T12:43:21.659+0000][1][safepoint    ] Safepoint "Cleanup", Time since last: 1000102413 ns, Reaching safepoint: 59860 ns, At safepoint: 6248 ns, Total: 66108 ns
[2020-09-11T12:43:22.660+0000][1][safepoint    ] Safepoint "Cleanup", Time since last: 1000238319 ns, Reaching safepoint: 65805 ns, At safepoint: 6671 ns, Total: 72476 ns
[2020-09-11T12:43:23.660+0000][1][safepoint    ] Safepoint "Cleanup", Time since last: 1000158249 ns, Reaching safepoint: 119143 ns, At safepoint: 7879 ns, Total: 127022 ns
[2020-09-11T12:43:23.917+0000][1][safepoint    ] Safepoint "RevokeBias", Time since last: 256804543 ns, Reaching safepoint: 128313 ns, At safepoint: 8388 ns, Total: 136701 ns
[2020-09-11T12:43:23.917+0000][1][safepoint    ] Safepoint "RevokeBias", Time since last: 101985 ns, Reaching safepoint: 91819 ns, At safepoint: 5538 ns, Total: 97357 ns
[2020-09-11T12:43:23.918+0000][1][safepoint    ] Safepoint "RevokeBias", Time since last: 428913 ns, Reaching safepoint: 169252 ns, At safepoint: 7538 ns, Total: 176790 ns
[2020-09-11T12:43:23.918+0000][1][safepoint    ] Safepoint "RevokeBias", Time since last: 195595 ns, Reaching safepoint: 120647 ns, At safepoint: 7509 ns, Total: 128156 ns
[2020-09-11T12:43:23.918+0000][1][safepoint    ] Safepoint "RevokeBias", Time since last: 123112 ns, Reaching safepoint: 90488 ns, At safepoint: 6053 ns, Total: 96541 ns
[2020-09-11T12:43:23.919+0000][1][safepoint    ] Safepoint "RevokeBias", Time since last: 205825 ns, Reaching safepoint: 255486 ns, At safepoint: 5297 ns, Total: 260783 ns
[2020-09-11T12:43:23.919+0000][1][safepoint    ] Safepoint "RevokeBias", Time since last: 403699 ns, Reaching safepoint: 430805 ns, At safepoint: 7158 ns, Total: 437963 ns
[2020-09-11T12:43:23.920+0000][1][safepoint    ] Safepoint "RevokeBias", Time since last: 75803 ns, Reaching safepoint: 91134 ns, At safepoint: 5949 ns, Total: 97083 ns
[2020-09-11T12:43:23.921+0000][1][safepoint    ] Safepoint "RevokeBias", Time since last: 487360 ns, Reaching safepoint: 489393 ns, At safepoint: 6836 ns, Total: 496229 ns
[2020-09-11T12:43:23.922+0000][1][safepoint    ] Safepoint "RevokeBias", Time since last: 662605 ns, Reaching safepoint: 769384 ns, At safepoint: 8501 ns, Total: 777885 ns
[2020-09-11T12:43:23.925+0000][1][safepoint    ] Safepoint "RevokeBias", Time since last: 1231605 ns, Reaching safepoint: 1926838 ns, At safepoint: 11005 ns, Total: 1937843 ns
[2020-09-11T12:43:23.927+0000][1][safepoint    ] Safepoint "RevokeBias", Time since last: 1360798 ns, Reaching safepoint: 882817 ns, At safepoint: 10052 ns, Total: 892869 ns
[2020-09-11T12:43:23.928+0000][1][safepoint    ] Safepoint "RevokeBias", Time since last: 90017 ns, Reaching safepoint: 474207 ns, At safepoint: 7061 ns, Total: 481268 ns
[2020-09-11T12:43:23.929+0000][1][safepoint    ] Safepoint "RevokeBias", Time since last: 325031 ns, Reaching safepoint: 411063 ns, At safepoint: 7052 ns, Total: 418115 ns
[2020-09-11T12:43:23.929+0000][1][safepoint    ] Safepoint "RevokeBias", Time since last: 52048 ns, Reaching safepoint: 172404 ns, At safepoint: 6768 ns, Total: 179172 ns
[2020-09-11T12:43:23.929+0000][1][safepoint    ] Safepoint "RevokeBias", Time since last: 56846 ns, Reaching safepoint: 172037 ns, At safepoint: 6790 ns, Total: 178827 ns
[2020-09-11T12:43:23.929+0000][1][safepoint    ] Safepoint "RevokeBias", Time since last: 84115 ns, Reaching safepoint: 96481 ns, At safepoint: 6474 ns, Total: 102955 ns
[2020-09-11T12:43:23.930+0000][1][safepoint    ] Safepoint "RevokeBias", Time since last: 39913 ns, Reaching safepoint: 175774 ns, At safepoint: 6479 ns, Total: 182253 ns
[2020-09-11T12:43:23.931+0000][1][safepoint    ] Safepoint "RevokeBias", Time since last: 509651 ns, Reaching safepoint: 564917 ns, At safepoint: 7377 ns, Total: 572294 ns
[2020-09-11T12:43:23.932+0000][1][safepoint    ] Safepoint "RevokeBias", Time since last: 565385 ns, Reaching safepoint: 687039 ns, At safepoint: 7328 ns, Total: 694367 ns
[2020-09-11T12:43:23.934+0000][1][safepoint    ] Safepoint "RevokeBias", Time since last: 841518 ns, Reaching safepoint: 947088 ns, At safepoint: 8275 ns, Total: 955363 ns
[2020-09-11T12:43:24.237+0000][1][safepoint    ] Safepoint "RevokeBias", Time since last: 302818011 ns, Reaching safepoint: 44822 ns, At safepoint: 6814 ns, Total: 51636 ns
[2020-09-11T12:43:24.237+0000][1][safepoint    ] Safepoint "RevokeBias", Time since last: 413138 ns, Reaching safepoint: 111485 ns, At safepoint: 7004 ns, Total: 118489 ns
[2020-09-11T12:43:24.240+0000][1][safepoint    ] Safepoint "RevokeBias", Time since last: 2154860 ns, Reaching safepoint: 177126 ns, At safepoint: 7732 ns, Total: 184858 ns
[2020-09-11T12:43:24.240+0000][1][safepoint    ] Safepoint "RevokeBias", Time since last: 79455 ns, Reaching safepoint: 29135 ns, At safepoint: 4633 ns, Total: 33768 ns
[2020-09-11T12:43:24.240+0000][1][safepoint    ] Safepoint "RevokeBias", Time since last: 38893 ns, Reaching safepoint: 22048 ns, At safepoint: 4097 ns, Total: 26145 ns
[2020-09-11T12:43:24.240+0000][1][safepoint    ] Safepoint "RevokeBias", Time since last: 106723 ns, Reaching safepoint: 24508 ns, At safepoint: 4585 ns, Total: 29093 ns
[2020-09-11T12:43:24.240+0000][1][safepoint    ] Safepoint "RevokeBias", Time since last: 253112 ns, Reaching safepoint: 21627 ns, At safepoint: 4662 ns, Total: 26289 ns
[2020-09-11T12:43:24.241+0000][1][safepoint    ] Safepoint "RevokeBias", Time since last: 462135 ns, Reaching safepoint: 119563 ns, At safepoint: 5957 ns, Total: 125520 ns
[2020-09-11T12:43:24.242+0000][1][safepoint    ] Safepoint "RevokeBias", Time since last: 44760 ns, Reaching safepoint: 854250 ns, At safepoint: 6682 ns, Total: 860932 ns
[2020-09-11T12:43:24.242+0000][1][safepoint    ] Safepoint "RevokeBias", Time since last: 50038 ns, Reaching safepoint: 122964 ns, At safepoint: 5434 ns, Total: 128398 ns
[2020-09-11T12:43:24.244+0000][1][safepoint    ] Safepoint "RevokeBias", Time since last: 100053 ns, Reaching safepoint: 1658258 ns, At safepoint: 5518 ns, Total: 1663776 ns
[2020-09-11T12:43:24.244+0000][1][safepoint    ] Safepoint "RevokeBias", Time since last: 42534 ns, Reaching safepoint: 116400 ns, At safepoint: 5053 ns, Total: 121453 ns
[2020-09-11T12:43:24.245+0000][1][safepoint    ] Safepoint "RevokeBias", Time since last: 770024 ns, Reaching safepoint: 437473 ns, At safepoint: 5772 ns, Total: 443245 ns
[2020-09-11T12:43:24.245+0000][1][safepoint    ] Safepoint "RevokeBias", Time since last: 51671 ns, Reaching safepoint: 399964 ns, At safepoint: 5598 ns, Total: 405562 ns
[2020-09-11T12:43:24.246+0000][1][safepoint    ] Safepoint "RevokeBias", Time since last: 47401 ns, Reaching safepoint: 934112 ns, At safepoint: 6246 ns, Total: 940358 ns
[2020-09-11T12:43:24.247+0000][1][safepoint    ] Safepoint "RevokeBias", Time since last: 69040 ns, Reaching safepoint: 967704 ns, At safepoint: 5011 ns, Total: 972715 ns
[2020-09-11T12:43:24.248+0000][1][safepoint    ] Safepoint "RevokeBias", Time since last: 59362 ns, Reaching safepoint: 307190 ns, At safepoint: 5671 ns, Total: 312861 ns
[2020-09-11T12:43:24.248+0000][1][safepoint    ] Safepoint "RevokeBias", Time since last: 77904 ns, Reaching safepoint: 258817 ns, At safepoint: 5765 ns, Total: 264582 ns
[2020-09-11T12:43:24.251+0000][1][safepoint    ] Safepoint "RevokeBias", Time since last: 364860 ns, Reaching safepoint: 2908008 ns, At safepoint: 6110 ns, Total: 2914118 ns
[2020-09-11T12:43:24.252+0000][1][safepoint    ] Safepoint "RevokeBias", Time since last: 306418 ns, Reaching safepoint: 552938 ns, At safepoint: 7229 ns, Total: 560167 ns
[2020-09-11T12:43:24.254+0000][1][safepoint    ] Safepoint "RevokeBias", Time since last: 798283 ns, Reaching safepoint: 576254 ns, At safepoint: 6704 ns, Total: 582958 ns
[2020-09-11T12:43:24.295+0000][1][safepoint    ] Safepoint "RevokeBias", Time since last: 41621429 ns, Reaching safepoint: 138976 ns, At safepoint: 23523 ns, Total: 162499 ns
[2020-09-11T12:43:24.308+0000][1][safepoint    ] Safepoint "RevokeBias", Time since last: 560789 ns, Reaching safepoint: 11550189 ns, At safepoint: 11185 ns, Total: 11561374 ns
[2020-09-11T12:43:24.308+0000][1][safepoint    ] Safepoint "RevokeBias", Time since last: 184172 ns, Reaching safepoint: 83999 ns, At safepoint: 5890 ns, Total: 89889 ns
[2020-09-11T12:43:24.312+0000][1][safepoint    ] Safepoint "BulkRevokeBias", Time since last: 780660 ns, Reaching safepoint: 2974123 ns, At safepoint: 91001 ns, Total: 3065124 ns
[2020-09-11T12:43:24.344+0000][1][safepoint    ] Safepoint "RevokeBias", Time since last: 27747675 ns, Reaching safepoint: 4083845 ns, At safepoint: 15702 ns, Total: 4099547 ns
[2020-09-11T12:43:24.344+0000][1][safepoint    ] Safepoint "RevokeBias", Time since last: 125870 ns, Reaching safepoint: 89465 ns, At safepoint: 4512 ns, Total: 93977 ns
[2020-09-11T12:43:24.344+0000][1][safepoint    ] Safepoint "RevokeBias", Time since last: 40786 ns, Reaching safepoint: 84337 ns, At safepoint: 4271 ns, Total: 88608 ns
[2020-09-11T12:43:24.344+0000][1][safepoint    ] Safepoint "RevokeBias", Time since last: 390294 ns, Reaching safepoint: 116123 ns, At safepoint: 5269 ns, Total: 121392 ns
[2020-09-11T12:43:24.345+0000][1][safepoint    ] Safepoint "RevokeBias", Time since last: 672387 ns, Reaching safepoint: 85854 ns, At safepoint: 5663 ns, Total: 91517 ns
[2020-09-11T12:43:24.346+0000][1][safepoint    ] Safepoint "RevokeBias", Time since last: 495335 ns, Reaching safepoint: 86580 ns, At safepoint: 5512 ns, Total: 92092 ns
[2020-09-11T12:43:24.348+0000][1][safepoint    ] Safepoint "RevokeBias", Time since last: 1164882 ns, Reaching safepoint: 1183642 ns, At safepoint: 9104 ns, Total: 1192746 ns
[2020-09-11T12:43:24.382+0000][1][safepoint    ] Safepoint "RevokeBias", Time since last: 33354427 ns, Reaching safepoint: 141014 ns, At safepoint: 21205 ns, Total: 162219 ns
[2020-09-11T12:43:24.388+0000][1][safepoint    ] Safepoint "RevokeBias", Time since last: 406762 ns, Reaching safepoint: 5434779 ns, At safepoint: 32116 ns, Total: 5466895 ns
[2020-09-11T12:43:24.388+0000][1][safepoint    ] Safepoint "RevokeBias", Time since last: 169746 ns, Reaching safepoint: 171451 ns, At safepoint: 13666 ns, Total: 185117 ns
[2020-09-11T12:43:24.388+0000][1][safepoint    ] Safepoint "RevokeBias", Time since last: 62677 ns, Reaching safepoint: 201163 ns, At safepoint: 13697 ns, Total: 214860 ns
[2020-09-11T12:43:24.396+0000][1][safepoint    ] Safepoint "RevokeBias", Time since last: 1054849 ns, Reaching safepoint: 6532807 ns, At safepoint: 41851 ns, Total: 6574658 ns
[2020-09-11T12:43:24.396+0000][1][safepoint    ] Safepoint "RevokeBias", Time since last: 287927 ns, Reaching safepoint: 124978 ns, At safepoint: 20500 ns, Total: 145478 ns
[2020-09-11T12:43:24.396+0000][1][safepoint    ] Safepoint "RevokeBias", Time since last: 33591 ns, Reaching safepoint: 194790 ns, At safepoint: 19519 ns, Total: 214309 ns
[2020-09-11T12:43:24.397+0000][1][safepoint    ] Safepoint "RevokeBias", Time since last: 335930 ns, Reaching safepoint: 108566 ns, At safepoint: 14338 ns, Total: 122904 ns
[2020-09-11T12:43:24.415+0000][1][safepoint    ] Safepoint "RevokeBias", Time since last: 17672637 ns, Reaching safepoint: 847669 ns, At safepoint: 9528 ns, Total: 857197 ns
[2020-09-11T12:43:24.419+0000][1][gc,heap,exit ] Heap
[2020-09-11T12:43:24.420+0000][1][gc,heap,exit ]  par new generation   total 76672K, used 25310K [0x0000000080000000, 0x0000000085330000, 0x0000000085330000)
[2020-09-11T12:43:24.420+0000][1][gc,heap,exit ]   eden space 68160K,  34% used [0x0000000080000000, 0x00000000816a74f0, 0x0000000084290000)
[2020-09-11T12:43:24.420+0000][1][gc,heap,exit ]   from space 8512K,  24% used [0x0000000084290000, 0x00000000844a04f0, 0x0000000084ae0000)
[2020-09-11T12:43:24.420+0000][1][gc,heap,exit ]   to   space 8512K,   0% used [0x0000000084ae0000, 0x0000000084ae0000, 0x0000000085330000)
[2020-09-11T12:43:24.420+0000][1][gc,heap,exit ]  concurrent mark-sweep generation total 2011968K, used 79325K [0x0000000085330000, 0x0000000100000000, 0x0000000100000000)
[2020-09-11T12:43:24.420+0000][1][gc,heap,exit ]  Metaspace       used 73592K, capacity 79468K, committed 79788K, reserved 1116160K
[2020-09-11T12:43:24.420+0000][1][gc,heap,exit ]   class space    used 9865K, capacity 12277K, committed 12360K, reserved 1048576K
