[2020-09-11T17:54:50.814+0000][1][gc] Using Concurrent Mark Sweep
[2020-09-11T17:54:50.814+0000][1][gc,heap,coops] Heap address: 0x00000000e0000000, size: 512 MB, Compressed Oops mode: 32-bit
[2020-09-11T17:54:51.169+0000][1][safepoint    ] Safepoint "EnableBiasedLocking", Time since last: 312124450 ns, Reaching safepoint: 10339597 ns, At safepoint: 48495 ns, Total: 10388092 ns
[2020-09-11T17:54:51.178+0000][1][safepoint    ] Safepoint "RevokeBias", Time since last: 8572259 ns, Reaching safepoint: 379377 ns, At safepoint: 36699 ns, Total: 416076 ns
[2020-09-11T17:54:51.265+0000][1][safepoint    ] Safepoint "Deoptimize", Time since last: 78947871 ns, Reaching safepoint: 7999487 ns, At safepoint: 33986 ns, Total: 8033473 ns
[2020-09-11T17:54:52.233+0000][1][safepoint    ] Safepoint "Deoptimize", Time since last: 957653217 ns, Reaching safepoint: 10317049 ns, At safepoint: 39999 ns, Total: 10357048 ns
[2020-09-11T17:54:52.245+0000][1][safepoint    ] Safepoint "Deoptimize", Time since last: 7993761 ns, Reaching safepoint: 3940612 ns, At safepoint: 40841 ns, Total: 3981453 ns
[2020-09-11T17:54:52.585+0000][1][safepoint    ] Safepoint "Deoptimize", Time since last: 333143248 ns, Reaching safepoint: 6833333 ns, At safepoint: 57224 ns, Total: 6890557 ns
[2020-09-11T17:54:53.589+0000][1][safepoint    ] Safepoint "Cleanup", Time since last: 1002319169 ns, Reaching safepoint: 1641116 ns, At safepoint: 7700 ns, Total: 1648816 ns
[2020-09-11T17:54:54.597+0000][1][safepoint    ] Safepoint "Cleanup", Time since last: 1006732653 ns, Reaching safepoint: 1257137 ns, At safepoint: 7479 ns, Total: 1264616 ns
[2020-09-11T17:54:55.461+0000][1][safepoint    ] Safepoint "Deoptimize", Time since last: 863969373 ns, Reaching safepoint: 121163 ns, At safepoint: 73883 ns, Total: 195046 ns
[2020-09-11T17:54:55.853+0000][1][safepoint    ] Safepoint "Deoptimize", Time since last: 387199460 ns, Reaching safepoint: 4322360 ns, At safepoint: 73043 ns, Total: 4395403 ns
[2020-09-11T17:54:56.317+0000][1][safepoint    ] Safepoint "Deoptimize", Time since last: 462281299 ns, Reaching safepoint: 1958672 ns, At safepoint: 83983 ns, Total: 2042655 ns
[2020-09-11T17:54:57.191+0000][1][safepoint    ] Safepoint "Deoptimize", Time since last: 873503423 ns, Reaching safepoint: 203329 ns, At safepoint: 87130 ns, Total: 290459 ns
[2020-09-11T17:54:58.211+0000][1][safepoint    ] Safepoint "Cleanup", Time since last: 1000848041 ns, Reaching safepoint: 19726159 ns, At safepoint: 8020 ns, Total: 19734179 ns
[2020-09-11T17:54:58.758+0000][1][safepoint    ] Safepoint "Deoptimize", Time since last: 546311135 ns, Reaching safepoint: 95135 ns, At safepoint: 85893 ns, Total: 181028 ns
[2020-09-11T17:54:59.765+0000][1][safepoint    ] Safepoint "Cleanup", Time since last: 1006998831 ns, Reaching safepoint: 43991 ns, At safepoint: 7287 ns, Total: 51278 ns
[2020-09-11T17:55:00.797+0000][1][safepoint    ] Safepoint "Cleanup", Time since last: 1005123333 ns, Reaching safepoint: 26885143 ns, At safepoint: 13396 ns, Total: 26898539 ns
[2020-09-11T17:55:00.850+0000][1][safepoint    ] Safepoint "Deoptimize", Time since last: 52535507 ns, Reaching safepoint: 89834 ns, At safepoint: 92773 ns, Total: 182607 ns
[2020-09-11T17:55:01.853+0000][1][safepoint    ] Safepoint "Cleanup", Time since last: 1000174945 ns, Reaching safepoint: 3066593 ns, At safepoint: 9789 ns, Total: 3076382 ns
[2020-09-11T17:55:02.857+0000][1][safepoint    ] Safepoint "Cleanup", Time since last: 1000359047 ns, Reaching safepoint: 3654754 ns, At safepoint: 8741 ns, Total: 3663495 ns
[2020-09-11T17:55:02.979+0000][1][safepoint    ] Safepoint "Deoptimize", Time since last: 122169146 ns, Reaching safepoint: 98737 ns, At safepoint: 114078 ns, Total: 212815 ns
[2020-09-11T17:55:02.979+0000][1][safepoint    ] Safepoint "Deoptimize", Time since last: 116257 ns, Reaching safepoint: 77056 ns, At safepoint: 40472 ns, Total: 117528 ns
[2020-09-11T17:55:03.341+0000][1][safepoint    ] Safepoint "Deoptimize", Time since last: 361552848 ns, Reaching safepoint: 116854 ns, At safepoint: 126161 ns, Total: 243015 ns
[2020-09-11T17:55:03.359+0000][1][safepoint    ] Safepoint "Deoptimize", Time since last: 17660594 ns, Reaching safepoint: 111865 ns, At safepoint: 126491 ns, Total: 238356 ns
[2020-09-11T17:55:03.426+0000][1][safepoint    ] Safepoint "RevokeBias", Time since last: 65656647 ns, Reaching safepoint: 1245694 ns, At safepoint: 63265 ns, Total: 1308959 ns
[2020-09-11T17:55:03.428+0000][1][safepoint    ] Safepoint "RevokeBias", Time since last: 67878 ns, Reaching safepoint: 1738538 ns, At safepoint: 46555 ns, Total: 1785093 ns
[2020-09-11T17:55:03.429+0000][1][safepoint    ] Safepoint "RevokeBias", Time since last: 92881 ns, Reaching safepoint: 716131 ns, At safepoint: 41095 ns, Total: 757226 ns
[2020-09-11T17:55:03.429+0000][1][safepoint    ] Safepoint "RevokeBias", Time since last: 161333 ns, Reaching safepoint: 89334 ns, At safepoint: 35048 ns, Total: 124382 ns
[2020-09-11T17:55:04.431+0000][1][safepoint    ] Safepoint "Cleanup", Time since last: 1000091057 ns, Reaching safepoint: 2207230 ns, At safepoint: 11725 ns, Total: 2218955 ns
[2020-09-11T17:55:05.445+0000][1][safepoint    ] Safepoint "Cleanup", Time since last: 1000120215 ns, Reaching safepoint: 13290551 ns, At safepoint: 15006 ns, Total: 13305557 ns
[2020-09-11T17:55:06.457+0000][1][safepoint    ] Safepoint "Cleanup", Time since last: 1011936113 ns, Reaching safepoint: 176140 ns, At safepoint: 6086 ns, Total: 182226 ns
[2020-09-11T17:55:06.765+0000][1][gc,start     ] GC(0) Pause Young (Allocation Failure)
[2020-09-11T17:55:06.765+0000][1][gc,task      ] GC(0) Using 1 workers of 1 for evacuation
[2020-09-11T17:55:06.867+0000][1][gc,age       ] GC(0) Desired survivor size 4358144 bytes, new threshold 1 (max threshold 6)
[2020-09-11T17:55:06.867+0000][1][gc,age       ] GC(0) Age table with threshold 1 (max threshold 6)
[2020-09-11T17:55:06.867+0000][1][gc,age       ] GC(0) - age   1:    6441848 bytes,    6441848 total
[2020-09-11T17:55:06.867+0000][1][gc,heap      ] GC(0) ParNew: 68160K->6315K(76672K)
[2020-09-11T17:55:06.867+0000][1][gc,heap      ] GC(0) CMS: 0K->0K(439104K)
[2020-09-11T17:55:06.867+0000][1][gc,metaspace ] GC(0) Metaspace: 13664K->13664K(1062912K)
[2020-09-11T17:55:06.867+0000][1][gc           ] GC(0) Pause Young (Allocation Failure) 66M->6M(503M) 101.624ms
[2020-09-11T17:55:06.867+0000][1][gc,cpu       ] GC(0) User=0.02s Sys=0.00s Real=0.10s
[2020-09-11T17:55:06.901+0000][1][safepoint    ] Safepoint "GenCollectForAllocation", Time since last: 308030425 ns, Reaching safepoint: 107934 ns, At safepoint: 135728358 ns, Total: 135836292 ns
[2020-09-11T17:55:06.929+0000][1][safepoint    ] Safepoint "RevokeBias", Time since last: 27960967 ns, Reaching safepoint: 99919 ns, At safepoint: 57744 ns, Total: 157663 ns
[2020-09-11T17:55:06.929+0000][1][safepoint    ] Safepoint "RevokeBias", Time since last: 143702 ns, Reaching safepoint: 77434 ns, At safepoint: 16422 ns, Total: 93856 ns
[2020-09-11T17:55:06.929+0000][1][safepoint    ] Safepoint "RevokeBias", Time since last: 42934 ns, Reaching safepoint: 76972 ns, At safepoint: 15792 ns, Total: 92764 ns
[2020-09-11T17:55:06.929+0000][1][safepoint    ] Safepoint "RevokeBias", Time since last: 27892 ns, Reaching safepoint: 75990 ns, At safepoint: 17910 ns, Total: 93900 ns
[2020-09-11T17:55:06.930+0000][1][safepoint    ] Safepoint "RevokeBias", Time since last: 33138 ns, Reaching safepoint: 76276 ns, At safepoint: 15402 ns, Total: 91678 ns
[2020-09-11T17:55:06.930+0000][1][safepoint    ] Safepoint "RevokeBias", Time since last: 26886 ns, Reaching safepoint: 75939 ns, At safepoint: 15290 ns, Total: 91229 ns
[2020-09-11T17:55:06.930+0000][1][safepoint    ] Safepoint "RevokeBias", Time since last: 32875 ns, Reaching safepoint: 76560 ns, At safepoint: 15457 ns, Total: 92017 ns
[2020-09-11T17:55:06.930+0000][1][safepoint    ] Safepoint "RevokeBias", Time since last: 26703 ns, Reaching safepoint: 75483 ns, At safepoint: 15476 ns, Total: 90959 ns
[2020-09-11T17:55:06.930+0000][1][safepoint    ] Safepoint "RevokeBias", Time since last: 32049 ns, Reaching safepoint: 76035 ns, At safepoint: 15353 ns, Total: 91388 ns
[2020-09-11T17:55:06.930+0000][1][safepoint    ] Safepoint "RevokeBias", Time since last: 26189 ns, Reaching safepoint: 76275 ns, At safepoint: 16907 ns, Total: 93182 ns
[2020-09-11T17:55:06.933+0000][1][safepoint    ] Safepoint "RevokeBias", Time since last: 2642211 ns, Reaching safepoint: 88191 ns, At safepoint: 24612 ns, Total: 112803 ns
[2020-09-11T17:55:06.933+0000][1][safepoint    ] Safepoint "RevokeBias", Time since last: 40537 ns, Reaching safepoint: 77647 ns, At safepoint: 17804 ns, Total: 95451 ns
[2020-09-11T17:55:06.933+0000][1][safepoint    ] Safepoint "RevokeBias", Time since last: 61084 ns, Reaching safepoint: 78114 ns, At safepoint: 16790 ns, Total: 94904 ns
[2020-09-11T17:55:06.933+0000][1][safepoint    ] Safepoint "RevokeBias", Time since last: 28870 ns, Reaching safepoint: 82032 ns, At safepoint: 20675 ns, Total: 102707 ns
[2020-09-11T17:55:06.937+0000][1][safepoint    ] Safepoint "RevokeBias", Time since last: 3535629 ns, Reaching safepoint: 97465 ns, At safepoint: 31648 ns, Total: 129113 ns
[2020-09-11T17:55:06.977+0000][1][safepoint    ] Safepoint "RevokeBias", Time since last: 31795259 ns, Reaching safepoint: 8019743 ns, At safepoint: 26553 ns, Total: 8046296 ns
[2020-09-11T17:55:06.989+0000][1][safepoint    ] Safepoint "RevokeBias", Time since last: 3916348 ns, Reaching safepoint: 8044526 ns, At safepoint: 36145 ns, Total: 8080671 ns
[2020-09-11T17:55:06.989+0000][1][safepoint    ] Safepoint "RevokeBias", Time since last: 77749 ns, Reaching safepoint: 79665 ns, At safepoint: 15248 ns, Total: 94913 ns
[2020-09-11T17:55:07.053+0000][1][safepoint    ] Safepoint "RevokeBias", Time since last: 63765751 ns, Reaching safepoint: 209070 ns, At safepoint: 36371 ns, Total: 245441 ns
[2020-09-11T17:55:07.054+0000][1][safepoint    ] Safepoint "RevokeBias", Time since last: 400757 ns, Reaching safepoint: 85110 ns, At safepoint: 30851 ns, Total: 115961 ns
[2020-09-11T17:55:07.054+0000][1][safepoint    ] Safepoint "RevokeBias", Time since last: 69136 ns, Reaching safepoint: 81192 ns, At safepoint: 25344 ns, Total: 106536 ns
[2020-09-11T17:55:07.055+0000][1][safepoint    ] Safepoint "RevokeBias", Time since last: 29743 ns, Reaching safepoint: 1175895 ns, At safepoint: 30308 ns, Total: 1206203 ns
[2020-09-11T17:55:07.063+0000][1][safepoint    ] Safepoint "RevokeBias", Time since last: 5818051 ns, Reaching safepoint: 2336764 ns, At safepoint: 50930 ns, Total: 2387694 ns
[2020-09-11T17:55:07.065+0000][1][safepoint    ] Safepoint "RevokeBias", Time since last: 64771 ns, Reaching safepoint: 1553461 ns, At safepoint: 49042 ns, Total: 1602503 ns
[2020-09-11T17:55:07.069+0000][1][safepoint    ] Safepoint "RevokeBias", Time since last: 66836 ns, Reaching safepoint: 3724987 ns, At safepoint: 52556 ns, Total: 3777543 ns
[2020-09-11T17:55:07.069+0000][1][safepoint    ] Safepoint "RevokeBias", Time since last: 43701 ns, Reaching safepoint: 126413 ns, At safepoint: 38556 ns, Total: 164969 ns
[2020-09-11T17:55:07.073+0000][1][safepoint    ] Safepoint "RevokeBias", Time since last: 51594 ns, Reaching safepoint: 3873942 ns, At safepoint: 64850 ns, Total: 3938792 ns
[2020-09-11T17:55:07.073+0000][1][safepoint    ] Safepoint "RevokeBias", Time since last: 59187 ns, Reaching safepoint: 85657 ns, At safepoint: 35570 ns, Total: 121227 ns
[2020-09-11T17:55:07.077+0000][1][safepoint    ] Safepoint "RevokeBias", Time since last: 1121515 ns, Reaching safepoint: 2456245 ns, At safepoint: 52132 ns, Total: 2508377 ns
[2020-09-11T17:55:07.077+0000][1][safepoint    ] Safepoint "RevokeBias", Time since last: 71697 ns, Reaching safepoint: 85265 ns, At safepoint: 35986 ns, Total: 121251 ns
[2020-09-11T17:55:07.197+0000][1][safepoint    ] Safepoint "Deoptimize", Time since last: 116214788 ns, Reaching safepoint: 3704272 ns, At safepoint: 197769 ns, Total: 3902041 ns
[2020-09-11T17:55:08.201+0000][1][safepoint    ] Safepoint "Cleanup", Time since last: 1000409884 ns, Reaching safepoint: 3409851 ns, At safepoint: 11170 ns, Total: 3421021 ns
[2020-09-11T17:55:09.217+0000][1][safepoint    ] Safepoint "Cleanup", Time since last: 1004061861 ns, Reaching safepoint: 11700838 ns, At safepoint: 13236 ns, Total: 11714074 ns
[2020-09-11T17:55:09.552+0000][1][safepoint    ] Safepoint "RevokeBias", Time since last: 332012692 ns, Reaching safepoint: 111796 ns, At safepoint: 2984375 ns, Total: 3096171 ns
[2020-09-11T17:55:10.563+0000][1][safepoint    ] Safepoint "Cleanup", Time since last: 1010737653 ns, Reaching safepoint: 115413 ns, At safepoint: 5580 ns, Total: 120993 ns
[2020-09-11T17:55:11.563+0000][1][safepoint    ] Safepoint "Cleanup", Time since last: 1000122071 ns, Reaching safepoint: 135180 ns, At safepoint: 5775 ns, Total: 140955 ns
[2020-09-11T17:55:12.171+0000][1][safepoint    ] Safepoint "Deoptimize", Time since last: 607813314 ns, Reaching safepoint: 318550 ns, At safepoint: 181452 ns, Total: 500002 ns
[2020-09-11T17:55:12.409+0000][1][gc,start     ] GC(1) Pause Young (Allocation Failure)
[2020-09-11T17:55:12.409+0000][1][gc,task      ] GC(1) Using 1 workers of 1 for evacuation
[2020-09-11T17:55:12.588+0000][1][gc,age       ] GC(1) Desired survivor size 4358144 bytes, new threshold 6 (max threshold 6)
[2020-09-11T17:55:12.588+0000][1][gc,age       ] GC(1) Age table with threshold 6 (max threshold 6)
[2020-09-11T17:55:12.588+0000][1][gc,age       ] GC(1) - age   1:    2962656 bytes,    2962656 total
[2020-09-11T17:55:12.588+0000][1][gc,heap      ] GC(1) ParNew: 74475K->4231K(76672K)
[2020-09-11T17:55:12.588+0000][1][gc,heap      ] GC(1) CMS: 0K->6834K(439104K)
[2020-09-11T17:55:12.588+0000][1][gc,metaspace ] GC(1) Metaspace: 18114K->18114K(1064960K)
[2020-09-11T17:55:12.588+0000][1][gc           ] GC(1) Pause Young (Allocation Failure) 72M->10M(503M) 178.916ms
[2020-09-11T17:55:12.588+0000][1][gc,cpu       ] GC(1) User=0.04s Sys=0.00s Real=0.18s
[2020-09-11T17:55:12.604+0000][1][safepoint    ] Safepoint "GenCollectForAllocation", Time since last: 234321018 ns, Reaching safepoint: 3341625 ns, At safepoint: 195025220 ns, Total: 198366845 ns
[2020-09-11T17:55:12.665+0000][1][safepoint    ] Safepoint "BulkRevokeBias", Time since last: 54583563 ns, Reaching safepoint: 6404255 ns, At safepoint: 158741 ns, Total: 6562996 ns
[2020-09-11T17:55:12.665+0000][1][safepoint    ] Safepoint "RevokeBias", Time since last: 118774 ns, Reaching safepoint: 85984 ns, At safepoint: 57433 ns, Total: 143417 ns
[2020-09-11T17:55:12.669+0000][1][safepoint    ] Safepoint "RevokeBias", Time since last: 47681 ns, Reaching safepoint: 3527586 ns, At safepoint: 73150 ns, Total: 3600736 ns
[2020-09-11T17:55:12.673+0000][1][safepoint    ] Safepoint "RevokeBias", Time since last: 78275 ns, Reaching safepoint: 3913952 ns, At safepoint: 107132 ns, Total: 4021084 ns
[2020-09-11T17:55:12.673+0000][1][safepoint    ] Safepoint "RevokeBias", Time since last: 48658 ns, Reaching safepoint: 135200 ns, At safepoint: 39895 ns, Total: 175095 ns
[2020-09-11T17:55:12.674+0000][1][safepoint    ] Safepoint "RevokeBias", Time since last: 41858 ns, Reaching safepoint: 1076992 ns, At safepoint: 44121 ns, Total: 1121113 ns
[2020-09-11T17:55:12.677+0000][1][safepoint    ] Safepoint "RevokeBias", Time since last: 31505 ns, Reaching safepoint: 2381358 ns, At safepoint: 67865 ns, Total: 2449223 ns
[2020-09-11T17:55:12.677+0000][1][safepoint    ] Safepoint "BulkRevokeBias", Time since last: 58998 ns, Reaching safepoint: 83401 ns, At safepoint: 55716 ns, Total: 139117 ns
[2020-09-11T17:55:12.678+0000][1][safepoint    ] Safepoint "BulkRevokeBias", Time since last: 25079 ns, Reaching safepoint: 1232628 ns, At safepoint: 68770 ns, Total: 1301398 ns
[2020-09-11T17:55:13.428+0000][1][safepoint    ] Safepoint "Deoptimize", Time since last: 749083119 ns, Reaching safepoint: 125378 ns, At safepoint: 188020 ns, Total: 313398 ns
[2020-09-11T17:55:13.512+0000][1][safepoint    ] Safepoint "Deoptimize", Time since last: 81746284 ns, Reaching safepoint: 2058277 ns, At safepoint: 189301 ns, Total: 2247578 ns
[2020-09-11T17:55:14.413+0000][1][safepoint    ] Safepoint "Deoptimize", Time since last: 894472491 ns, Reaching safepoint: 6600192 ns, At safepoint: 227098 ns, Total: 6827290 ns
[2020-09-11T17:55:14.761+0000][1][safepoint    ] Safepoint "Deoptimize", Time since last: 343702940 ns, Reaching safepoint: 4038551 ns, At safepoint: 192268 ns, Total: 4230819 ns
[2020-09-11T17:55:14.763+0000][1][safepoint    ] Safepoint "RevokeBias", Time since last: 567027 ns, Reaching safepoint: 1535796 ns, At safepoint: 47457 ns, Total: 1583253 ns
[2020-09-11T17:55:14.769+0000][1][safepoint    ] Safepoint "Deoptimize", Time since last: 1092717 ns, Reaching safepoint: 4564556 ns, At safepoint: 197747 ns, Total: 4762303 ns
[2020-09-11T17:55:15.775+0000][1][safepoint    ] Safepoint "Cleanup", Time since last: 1000436703 ns, Reaching safepoint: 5846969 ns, At safepoint: 14048 ns, Total: 5861017 ns
[2020-09-11T17:55:15.889+0000][1][safepoint    ] Safepoint "RevokeBias", Time since last: 110018907 ns, Reaching safepoint: 3464737 ns, At safepoint: 36582 ns, Total: 3501319 ns
[2020-09-11T17:55:16.749+0000][1][gc,start     ] GC(2) Pause Young (Allocation Failure)
[2020-09-11T17:55:16.749+0000][1][gc,task      ] GC(2) Using 1 workers of 1 for evacuation
[2020-09-11T17:55:16.824+0000][1][gc,age       ] GC(2) Desired survivor size 4358144 bytes, new threshold 2 (max threshold 6)
[2020-09-11T17:55:16.824+0000][1][gc,age       ] GC(2) Age table with threshold 2 (max threshold 6)
[2020-09-11T17:55:16.824+0000][1][gc,age       ] GC(2) - age   1:    3088000 bytes,    3088000 total
[2020-09-11T17:55:16.824+0000][1][gc,age       ] GC(2) - age   2:    2881920 bytes,    5969920 total
[2020-09-11T17:55:16.824+0000][1][gc,heap      ] GC(2) ParNew: 72391K->6468K(76672K)
[2020-09-11T17:55:16.824+0000][1][gc,heap      ] GC(2) CMS: 6834K->6834K(439104K)
[2020-09-11T17:55:16.824+0000][1][gc,metaspace ] GC(2) Metaspace: 20166K->20166K(1067008K)
[2020-09-11T17:55:16.824+0000][1][gc           ] GC(2) Pause Young (Allocation Failure) 77M->12M(503M) 74.712ms
[2020-09-11T17:55:16.824+0000][1][gc,cpu       ] GC(2) User=0.01s Sys=0.00s Real=0.08s
[2020-09-11T17:55:16.840+0000][1][safepoint    ] Safepoint "GenCollectForAllocation", Time since last: 859959263 ns, Reaching safepoint: 124284 ns, At safepoint: 90584277 ns, Total: 90708561 ns
[2020-09-11T17:55:16.899+0000][1][safepoint    ] Safepoint "RevokeBias", Time since last: 49302519 ns, Reaching safepoint: 1930675 ns, At safepoint: 8223593 ns, Total: 10154268 ns
[2020-09-11T17:55:16.901+0000][1][safepoint    ] Safepoint "RevokeBias", Time since last: 88461 ns, Reaching safepoint: 1739116 ns, At safepoint: 60933 ns, Total: 1800049 ns
[2020-09-11T17:55:16.901+0000][1][safepoint    ] Safepoint "RevokeBias", Time since last: 142111 ns, Reaching safepoint: 133354 ns, At safepoint: 23671 ns, Total: 157025 ns
[2020-09-11T17:55:16.933+0000][1][safepoint    ] Safepoint "RevokeBias", Time since last: 29308 ns, Reaching safepoint: 3618366 ns, At safepoint: 28096878 ns, Total: 31715244 ns
[2020-09-11T17:55:16.941+0000][1][safepoint    ] Safepoint "RevokeBias", Time since last: 86493 ns, Reaching safepoint: 7842243 ns, At safepoint: 64513 ns, Total: 7906756 ns
[2020-09-11T17:55:16.962+0000][1][safepoint    ] Safepoint "RevokeBias", Time since last: 19776113 ns, Reaching safepoint: 1255870 ns, At safepoint: 53021 ns, Total: 1308891 ns
[2020-09-11T17:55:16.963+0000][1][safepoint    ] Safepoint "RevokeBias", Time since last: 62500 ns, Reaching safepoint: 1141920 ns, At safepoint: 43244 ns, Total: 1185164 ns
[2020-09-11T17:55:16.964+0000][1][safepoint    ] Safepoint "RevokeBias", Time since last: 48575 ns, Reaching safepoint: 932059 ns, At safepoint: 39510 ns, Total: 971569 ns
[2020-09-11T17:55:16.965+0000][1][safepoint    ] Safepoint "RevokeBias", Time since last: 48823 ns, Reaching safepoint: 491925 ns, At safepoint: 35862 ns, Total: 527787 ns
[2020-09-11T17:55:16.967+0000][1][safepoint    ] Safepoint "RevokeBias", Time since last: 40178 ns, Reaching safepoint: 1959435 ns, At safepoint: 45079 ns, Total: 2004514 ns
[2020-09-11T17:55:16.969+0000][1][safepoint    ] Safepoint "RevokeBias", Time since last: 55292 ns, Reaching safepoint: 1877337 ns, At safepoint: 49372 ns, Total: 1926709 ns
[2020-09-11T17:55:16.981+0000][1][safepoint    ] Safepoint "RevokeBias", Time since last: 11955864 ns, Reaching safepoint: 122162 ns, At safepoint: 61776 ns, Total: 183938 ns
[2020-09-11T17:55:16.986+0000][1][safepoint    ] Safepoint "RevokeBias", Time since last: 127636 ns, Reaching safepoint: 4761255 ns, At safepoint: 53322 ns, Total: 4814577 ns
[2020-09-11T17:55:17.993+0000][1][safepoint    ] Safepoint "Cleanup", Time since last: 1003260629 ns, Reaching safepoint: 3622431 ns, At safepoint: 12512 ns, Total: 3634943 ns
[2020-09-11T17:55:18.291+0000][1][gc,start     ] GC(3) Pause Young (Allocation Failure)
[2020-09-11T17:55:18.291+0000][1][gc,task      ] GC(3) Using 1 workers of 1 for evacuation
[2020-09-11T17:55:18.343+0000][1][gc,age       ] GC(3) Desired survivor size 4358144 bytes, new threshold 6 (max threshold 6)
[2020-09-11T17:55:18.343+0000][1][gc,age       ] GC(3) Age table with threshold 6 (max threshold 6)
[2020-09-11T17:55:18.343+0000][1][gc,age       ] GC(3) - age   1:     921360 bytes,     921360 total
[2020-09-11T17:55:18.343+0000][1][gc,age       ] GC(3) - age   2:    1382720 bytes,    2304080 total
[2020-09-11T17:55:18.343+0000][1][gc,heap      ] GC(3) ParNew: 74628K->5169K(76672K)
[2020-09-11T17:55:18.344+0000][1][gc,heap      ] GC(3) CMS: 6834K->9671K(439104K)
[2020-09-11T17:55:18.344+0000][1][gc,metaspace ] GC(3) Metaspace: 20422K->20422K(1067008K)
[2020-09-11T17:55:18.344+0000][1][gc           ] GC(3) Pause Young (Allocation Failure) 79M->14M(503M) 53.004ms
[2020-09-11T17:55:18.344+0000][1][gc,cpu       ] GC(3) User=0.01s Sys=0.00s Real=0.06s
[2020-09-11T17:55:18.367+0000][1][safepoint    ] Safepoint "GenCollectForAllocation", Time since last: 297592043 ns, Reaching safepoint: 114457 ns, At safepoint: 76705473 ns, Total: 76819930 ns
[2020-09-11T17:55:18.421+0000][1][safepoint    ] Safepoint "RevokeBias", Time since last: 49570557 ns, Reaching safepoint: 4058287 ns, At safepoint: 31251 ns, Total: 4089538 ns
[2020-09-11T17:55:18.426+0000][1][safepoint    ] Safepoint "RevokeBias", Time since last: 3929396 ns, Reaching safepoint: 1344767 ns, At safepoint: 35889 ns, Total: 1380656 ns
[2020-09-11T17:55:18.428+0000][1][safepoint    ] Safepoint "RevokeBias", Time since last: 71531 ns, Reaching safepoint: 1461243 ns, At safepoint: 24665 ns, Total: 1485908 ns
[2020-09-11T17:55:18.428+0000][1][safepoint    ] Safepoint "RevokeBias", Time since last: 45439 ns, Reaching safepoint: 619886 ns, At safepoint: 22401 ns, Total: 642287 ns
[2020-09-11T17:55:18.429+0000][1][safepoint    ] Safepoint "RevokeBias", Time since last: 38096 ns, Reaching safepoint: 286908 ns, At safepoint: 22600 ns, Total: 309508 ns
[2020-09-11T17:55:18.430+0000][1][safepoint    ] Safepoint "RevokeBias", Time since last: 31955 ns, Reaching safepoint: 855703 ns, At safepoint: 27000 ns, Total: 882703 ns
[2020-09-11T17:55:18.433+0000][1][safepoint    ] Safepoint "RevokeBias", Time since last: 43868 ns, Reaching safepoint: 3063126 ns, At safepoint: 43848 ns, Total: 3106974 ns
[2020-09-11T17:55:18.434+0000][1][safepoint    ] Safepoint "RevokeBias", Time since last: 73376 ns, Reaching safepoint: 690087 ns, At safepoint: 26600 ns, Total: 716687 ns
[2020-09-11T17:55:19.444+0000][1][safepoint    ] Safepoint "Cleanup", Time since last: 1009786268 ns, Reaching safepoint: 120401 ns, At safepoint: 6650 ns, Total: 127051 ns
[2020-09-11T17:55:19.444+0000][1][safepoint    ] Safepoint "CollectForMetadataAllocation", Time since last: 851009 ns, Reaching safepoint: 14531 ns, At safepoint: 70005 ns, Total: 84536 ns
[2020-09-11T17:55:19.801+0000][1][safepoint    ] Safepoint "CollectForMetadataAllocation", Time since last: 356311732 ns, Reaching safepoint: 111863 ns, At safepoint: 117561 ns, Total: 229424 ns
[2020-09-11T17:55:19.961+0000][1][gc,start     ] GC(4) Pause Young (Allocation Failure)
[2020-09-11T17:55:19.961+0000][1][gc,task      ] GC(4) Using 1 workers of 1 for evacuation
[2020-09-11T17:55:20.018+0000][1][gc,age       ] GC(4) Desired survivor size 4358144 bytes, new threshold 6 (max threshold 6)
[2020-09-11T17:55:20.018+0000][1][gc,age       ] GC(4) Age table with threshold 6 (max threshold 6)
[2020-09-11T17:55:20.018+0000][1][gc,age       ] GC(4) - age   1:    1941336 bytes,    1941336 total
[2020-09-11T17:55:20.018+0000][1][gc,age       ] GC(4) - age   2:     351624 bytes,    2292960 total
[2020-09-11T17:55:20.018+0000][1][gc,age       ] GC(4) - age   3:    1382624 bytes,    3675584 total
[2020-09-11T17:55:20.018+0000][1][gc,heap      ] GC(4) ParNew: 73329K->4272K(76672K)
[2020-09-11T17:55:20.018+0000][1][gc,heap      ] GC(4) CMS: 9671K->9671K(439104K)
[2020-09-11T17:55:20.018+0000][1][gc,metaspace ] GC(4) Metaspace: 20954K->20954K(1069056K)
[2020-09-11T17:55:20.018+0000][1][gc           ] GC(4) Pause Young (Allocation Failure) 81M->13M(503M) 56.978ms
[2020-09-11T17:55:20.018+0000][1][gc,cpu       ] GC(4) User=0.01s Sys=0.00s Real=0.05s
[2020-09-11T17:55:20.037+0000][1][safepoint    ] Safepoint "GenCollectForAllocation", Time since last: 160273304 ns, Reaching safepoint: 108448 ns, At safepoint: 75365309 ns, Total: 75473757 ns
[2020-09-11T17:55:20.067+0000][1][gc,start     ] GC(5) Pause Initial Mark
[2020-09-11T17:55:20.098+0000][1][gc           ] GC(5) Pause Initial Mark 18M->18M(503M) 30.590ms
[2020-09-11T17:55:20.098+0000][1][gc,cpu       ] GC(5) User=0.00s Sys=0.00s Real=0.03s
[2020-09-11T17:55:20.112+0000][1][safepoint    ] Safepoint "CMS_Initial_Mark", Time since last: 30287525 ns, Reaching safepoint: 101611 ns, At safepoint: 45261932 ns, Total: 45363543 ns
[2020-09-11T17:55:20.113+0000][1][gc           ] GC(5) Concurrent Mark
[2020-09-11T17:55:20.157+0000][1][safepoint    ] Safepoint "RevokeBias", Time since last: 21682466 ns, Reaching safepoint: 22847951 ns, At safepoint: 32261 ns, Total: 22880212 ns
[2020-09-11T17:55:20.173+0000][1][safepoint    ] Safepoint "RevokeBias", Time since last: 15823563 ns, Reaching safepoint: 114676 ns, At safepoint: 56583 ns, Total: 171259 ns
[2020-09-11T17:55:20.173+0000][1][safepoint    ] Safepoint "RevokeBias", Time since last: 51733 ns, Reaching safepoint: 80536 ns, At safepoint: 18392 ns, Total: 98928 ns
[2020-09-11T17:55:20.173+0000][1][safepoint    ] Safepoint "RevokeBias", Time since last: 32315 ns, Reaching safepoint: 80030 ns, At safepoint: 16559 ns, Total: 96589 ns
[2020-09-11T17:55:20.173+0000][1][safepoint    ] Safepoint "RevokeBias", Time since last: 26395 ns, Reaching safepoint: 78390 ns, At safepoint: 16867 ns, Total: 95257 ns
[2020-09-11T17:55:20.240+0000][1][gc           ] GC(5) Concurrent Mark 127.687ms
[2020-09-11T17:55:20.240+0000][1][gc,cpu       ] GC(5) User=0.03s Sys=0.00s Real=0.13s
[2020-09-11T17:55:20.240+0000][1][gc           ] GC(5) Concurrent Preclean
[2020-09-11T17:55:20.263+0000][1][gc           ] GC(5) Concurrent Preclean 23.184ms
[2020-09-11T17:55:20.264+0000][1][gc,cpu       ] GC(5) User=0.01s Sys=0.00s Real=0.03s
[2020-09-11T17:55:20.264+0000][1][gc           ] GC(5) Concurrent Abortable Preclean
[2020-09-11T17:55:20.629+0000][1][safepoint    ] Safepoint "CollectForMetadataAllocation", Time since last: 439393748 ns, Reaching safepoint: 16133974 ns, At safepoint: 120312 ns, Total: 16254286 ns
[2020-09-11T17:55:21.081+0000][1][safepoint    ] Safepoint "RevokeBias", Time since last: 427749855 ns, Reaching safepoint: 24071346 ns, At safepoint: 15852 ns, Total: 24087198 ns
[2020-09-11T17:55:21.081+0000][1][safepoint    ] Safepoint "RevokeBias", Time since last: 79721 ns, Reaching safepoint: 8348 ns, At safepoint: 5361 ns, Total: 13709 ns
[2020-09-11T17:55:21.083+0000][1][safepoint    ] Safepoint "Deoptimize", Time since last: 1970801 ns, Reaching safepoint: 96495 ns, At safepoint: 200948 ns, Total: 297443 ns
[2020-09-11T17:55:21.717+0000][1][safepoint    ] Safepoint "Deoptimize", Time since last: 632102808 ns, Reaching safepoint: 1500674 ns, At safepoint: 213663 ns, Total: 1714337 ns
[2020-09-11T17:55:21.795+0000][1][safepoint    ] Safepoint "RevokeBias", Time since last: 59731220 ns, Reaching safepoint: 18378160 ns, At safepoint: 31544 ns, Total: 18409704 ns
[2020-09-11T17:55:21.817+0000][1][safepoint    ] Safepoint "RevokeBias", Time since last: 22089195 ns, Reaching safepoint: 123401 ns, At safepoint: 33319 ns, Total: 156720 ns
[2020-09-11T17:55:22.033+0000][1][gc,start     ] GC(6) Pause Young (Allocation Failure)
[2020-09-11T17:55:22.033+0000][1][gc,task      ] GC(6) Using 1 workers of 1 for evacuation
[2020-09-11T17:55:22.123+0000][1][gc,age       ] GC(6) Desired survivor size 4358144 bytes, new threshold 4 (max threshold 6)
[2020-09-11T17:55:22.123+0000][1][gc,age       ] GC(6) Age table with threshold 4 (max threshold 6)
[2020-09-11T17:55:22.123+0000][1][gc,age       ] GC(6) - age   1:    2418528 bytes,    2418528 total
[2020-09-11T17:55:22.123+0000][1][gc,age       ] GC(6) - age   2:    1253360 bytes,    3671888 total
[2020-09-11T17:55:22.123+0000][1][gc,age       ] GC(6) - age   3:     351624 bytes,    4023512 total
[2020-09-11T17:55:22.123+0000][1][gc,age       ] GC(6) - age   4:    1382624 bytes,    5406136 total
[2020-09-11T17:55:22.123+0000][1][gc,heap      ] GC(6) ParNew: 72432K->6452K(76672K)
[2020-09-11T17:55:22.123+0000][1][gc,heap      ] GC(6) CMS: 9671K->9671K(439104K)
[2020-09-11T17:55:22.123+0000][1][gc,metaspace ] GC(6) Metaspace: 21266K->21266K(1069056K)
[2020-09-11T17:55:22.123+0000][1][gc           ] GC(6) Pause Young (Allocation Failure) 80M->15M(503M) 90.020ms
[2020-09-11T17:55:22.123+0000][1][gc,cpu       ] GC(6) User=0.02s Sys=0.00s Real=0.09s
[2020-09-11T17:55:22.163+0000][1][safepoint    ] Safepoint "GenCollectForAllocation", Time since last: 215349830 ns, Reaching safepoint: 61959 ns, At safepoint: 129776372 ns, Total: 129838331 ns
[2020-09-11T17:55:22.197+0000][1][safepoint    ] Safepoint "RevokeBias", Time since last: 26908336 ns, Reaching safepoint: 7278785 ns, At safepoint: 31622 ns, Total: 7310407 ns
[2020-09-11T17:55:22.204+0000][1][safepoint    ] Safepoint "RevokeBias", Time since last: 3952484 ns, Reaching safepoint: 3322938 ns, At safepoint: 36239 ns, Total: 3359177 ns
[2020-09-11T17:55:22.204+0000][1][safepoint    ] Safepoint "RevokeBias", Time since last: 76754 ns, Reaching safepoint: 84063 ns, At safepoint: 18856 ns, Total: 102919 ns
[2020-09-11T17:55:22.204+0000][1][safepoint    ] Safepoint "RevokeBias", Time since last: 27000 ns, Reaching safepoint: 77545 ns, At safepoint: 19673 ns, Total: 97218 ns
[2020-09-11T17:55:22.205+0000][1][safepoint    ] Safepoint "RevokeBias", Time since last: 29375 ns, Reaching safepoint: 77502 ns, At safepoint: 17892 ns, Total: 95394 ns
[2020-09-11T17:55:22.205+0000][1][safepoint    ] Safepoint "RevokeBias", Time since last: 24305 ns, Reaching safepoint: 76936 ns, At safepoint: 28162 ns, Total: 105098 ns
[2020-09-11T17:55:22.494+0000][1][safepoint    ] Safepoint "RevokeBias", Time since last: 289211630 ns, Reaching safepoint: 104760 ns, At safepoint: 35537 ns, Total: 140297 ns
[2020-09-11T17:55:22.593+0000][1][safepoint    ] Safepoint "RevokeBias", Time since last: 89840222 ns, Reaching safepoint: 8916466 ns, At safepoint: 35700 ns, Total: 8952166 ns
[2020-09-11T17:55:22.735+0000][1][safepoint    ] Safepoint "CollectForMetadataAllocation", Time since last: 116026982 ns, Reaching safepoint: 26383480 ns, At safepoint: 120473 ns, Total: 26503953 ns
[2020-09-11T17:55:23.001+0000][1][gc           ] GC(5) Concurrent Abortable Preclean 2737.289ms
[2020-09-11T17:55:23.001+0000][1][gc,cpu       ] GC(5) User=0.52s Sys=0.02s Real=2.74s
[2020-09-11T17:55:23.001+0000][1][gc,start     ] GC(5) Pause Remark
[2020-09-11T17:55:23.175+0000][1][gc           ] GC(5) Pause Remark 61M->61M(503M) 173.769ms
[2020-09-11T17:55:23.175+0000][1][gc,cpu       ] GC(5) User=0.04s Sys=0.00s Real=0.17s
[2020-09-11T17:55:23.206+0000][1][safepoint    ] Safepoint "CMS_Final_Remark", Time since last: 265499445 ns, Reaching safepoint: 557702 ns, At safepoint: 205034829 ns, Total: 205592531 ns
[2020-09-11T17:55:23.207+0000][1][gc           ] GC(5) Concurrent Sweep
[2020-09-11T17:55:23.217+0000][1][gc           ] GC(5) Concurrent Sweep 10.494ms
[2020-09-11T17:55:23.217+0000][1][gc,cpu       ] GC(5) User=0.00s Sys=0.00s Real=0.01s
[2020-09-11T17:55:23.217+0000][1][gc           ] GC(5) Concurrent Reset
[2020-09-11T17:55:23.218+0000][1][gc           ] GC(5) Concurrent Reset 0.671ms
[2020-09-11T17:55:23.218+0000][1][gc,cpu       ] GC(5) User=0.00s Sys=0.00s Real=0.00s
[2020-09-11T17:55:23.218+0000][1][gc,heap      ] GC(5) Old: 9671K->9669K(439104K)
[2020-09-11T17:55:23.279+0000][1][safepoint    ] Safepoint "RevokeBias", Time since last: 71928733 ns, Reaching safepoint: 405990 ns, At safepoint: 39151 ns, Total: 445141 ns
[2020-09-11T17:55:23.336+0000][1][safepoint    ] Safepoint "RevokeBias", Time since last: 57006623 ns, Reaching safepoint: 104276 ns, At safepoint: 35839 ns, Total: 140115 ns
[2020-09-11T17:55:23.377+0000][1][safepoint    ] Safepoint "RevokeBias", Time since last: 40779179 ns, Reaching safepoint: 107211 ns, At safepoint: 39331 ns, Total: 146542 ns
[2020-09-11T17:55:23.605+0000][1][gc,start     ] GC(7) Pause Young (Allocation Failure)
[2020-09-11T17:55:23.605+0000][1][gc,task      ] GC(7) Using 1 workers of 1 for evacuation
[2020-09-11T17:55:23.680+0000][1][gc,age       ] GC(7) Desired survivor size 4358144 bytes, new threshold 6 (max threshold 6)
[2020-09-11T17:55:23.680+0000][1][gc,age       ] GC(7) Age table with threshold 6 (max threshold 6)
[2020-09-11T17:55:23.680+0000][1][gc,age       ] GC(7) - age   1:    1202696 bytes,    1202696 total
[2020-09-11T17:55:23.680+0000][1][gc,age       ] GC(7) - age   2:    1525920 bytes,    2728616 total
[2020-09-11T17:55:23.680+0000][1][gc,age       ] GC(7) - age   3:    1252752 bytes,    3981368 total
[2020-09-11T17:55:23.680+0000][1][gc,age       ] GC(7) - age   4:     351624 bytes,    4332992 total
[2020-09-11T17:55:23.680+0000][1][gc,heap      ] GC(7) ParNew: 74612K->4766K(76672K)
[2020-09-11T17:55:23.680+0000][1][gc,heap      ] GC(7) CMS: 9669K->11031K(439104K)
[2020-09-11T17:55:23.680+0000][1][gc,metaspace ] GC(7) Metaspace: 21358K->21358K(1069056K)
[2020-09-11T17:55:23.680+0000][1][gc           ] GC(7) Pause Young (Allocation Failure) 82M->15M(503M) 75.268ms
[2020-09-11T17:55:23.680+0000][1][gc,cpu       ] GC(7) User=0.01s Sys=0.01s Real=0.07s
[2020-09-11T17:55:23.725+0000][1][safepoint    ] Safepoint "GenCollectForAllocation", Time since last: 227716922 ns, Reaching safepoint: 136594 ns, At safepoint: 120018443 ns, Total: 120155037 ns
[2020-09-11T17:55:23.741+0000][1][safepoint    ] Safepoint "RevokeBias", Time since last: 16060711 ns, Reaching safepoint: 96435 ns, At safepoint: 30570 ns, Total: 127005 ns
[2020-09-11T17:55:23.741+0000][1][safepoint    ] Safepoint "RevokeBias", Time since last: 54880 ns, Reaching safepoint: 78024 ns, At safepoint: 20436 ns, Total: 98460 ns
[2020-09-11T17:55:23.741+0000][1][safepoint    ] Safepoint "RevokeBias", Time since last: 40072 ns, Reaching safepoint: 77998 ns, At safepoint: 20235 ns, Total: 98233 ns
[2020-09-11T17:55:23.741+0000][1][safepoint    ] Safepoint "RevokeBias", Time since last: 27975 ns, Reaching safepoint: 77071 ns, At safepoint: 23196 ns, Total: 100267 ns
[2020-09-11T17:55:23.885+0000][1][safepoint    ] Safepoint "RevokeBias", Time since last: 143420177 ns, Reaching safepoint: 103018 ns, At safepoint: 37102 ns, Total: 140120 ns
[2020-09-11T17:55:23.901+0000][1][safepoint    ] Safepoint "RevokeBias", Time since last: 15818225 ns, Reaching safepoint: 105733 ns, At safepoint: 38095 ns, Total: 143828 ns
[2020-09-11T17:55:24.433+0000][1][safepoint    ] Safepoint "RevokeBias", Time since last: 531977052 ns, Reaching safepoint: 98765 ns, At safepoint: 31044 ns, Total: 129809 ns
[2020-09-11T17:55:24.441+0000][1][safepoint    ] Safepoint "RevokeBias", Time since last: 7772668 ns, Reaching safepoint: 103314 ns, At safepoint: 37843 ns, Total: 141157 ns
[2020-09-11T17:55:24.805+0000][1][gc,start     ] GC(8) Pause Young (Allocation Failure)
[2020-09-11T17:55:24.805+0000][1][gc,task      ] GC(8) Using 1 workers of 1 for evacuation
[2020-09-11T17:55:24.832+0000][1][gc,age       ] GC(8) Desired survivor size 4358144 bytes, new threshold 4 (max threshold 6)
[2020-09-11T17:55:24.833+0000][1][gc,age       ] GC(8) Age table with threshold 4 (max threshold 6)
[2020-09-11T17:55:24.833+0000][1][gc,age       ] GC(8) - age   1:    1270976 bytes,    1270976 total
[2020-09-11T17:55:24.833+0000][1][gc,age       ] GC(8) - age   2:     445784 bytes,    1716760 total
[2020-09-11T17:55:24.833+0000][1][gc,age       ] GC(8) - age   3:    1523984 bytes,    3240744 total
[2020-09-11T17:55:24.833+0000][1][gc,age       ] GC(8) - age   4:    1252096 bytes,    4492840 total
[2020-09-11T17:55:24.833+0000][1][gc,age       ] GC(8) - age   5:     351624 bytes,    4844464 total
[2020-09-11T17:55:24.833+0000][1][gc,heap      ] GC(8) ParNew: 72926K->8512K(76672K)
[2020-09-11T17:55:24.833+0000][1][gc,heap      ] GC(8) CMS: 11031K->11031K(439104K)
[2020-09-11T17:55:24.833+0000][1][gc,metaspace ] GC(8) Metaspace: 21542K->21542K(1069056K)
[2020-09-11T17:55:24.833+0000][1][gc           ] GC(8) Pause Young (Allocation Failure) 81M->19M(503M) 27.764ms
[2020-09-11T17:55:24.833+0000][1][gc,cpu       ] GC(8) User=0.00s Sys=0.00s Real=0.02s
[2020-09-11T17:55:24.861+0000][1][safepoint    ] Safepoint "GenCollectForAllocation", Time since last: 361146394 ns, Reaching safepoint: 2735643 ns, At safepoint: 55965269 ns, Total: 58700912 ns
[2020-09-11T17:55:24.897+0000][1][safepoint    ] Safepoint "RevokeBias", Time since last: 20557723 ns, Reaching safepoint: 15448311 ns, At safepoint: 72792 ns, Total: 15521103 ns
[2020-09-11T17:55:24.900+0000][1][safepoint    ] Safepoint "RevokeBias", Time since last: 65183 ns, Reaching safepoint: 3487343 ns, At safepoint: 52864 ns, Total: 3540207 ns
[2020-09-11T17:55:24.901+0000][1][safepoint    ] Safepoint "RevokeBias", Time since last: 50145 ns, Reaching safepoint: 87270 ns, At safepoint: 39897 ns, Total: 127167 ns
[2020-09-11T17:55:24.901+0000][1][safepoint    ] Safepoint "RevokeBias", Time since last: 25926 ns, Reaching safepoint: 76528 ns, At safepoint: 40694 ns, Total: 117222 ns
[2020-09-11T17:55:25.001+0000][1][safepoint    ] Safepoint "RevokeBias", Time since last: 99789008 ns, Reaching safepoint: 103823 ns, At safepoint: 55456 ns, Total: 159279 ns
[2020-09-11T17:55:25.065+0000][1][safepoint    ] Safepoint "RevokeBias", Time since last: 64075420 ns, Reaching safepoint: 110769 ns, At safepoint: 35546 ns, Total: 146315 ns
[2020-09-11T17:55:25.393+0000][1][safepoint    ] Safepoint "RevokeBias", Time since last: 327824653 ns, Reaching safepoint: 115092 ns, At safepoint: 39813 ns, Total: 154905 ns
[2020-09-11T17:55:25.465+0000][1][safepoint    ] Safepoint "RevokeBias", Time since last: 69000715 ns, Reaching safepoint: 2864595 ns, At safepoint: 44283 ns, Total: 2908878 ns
[2020-09-11T17:55:25.802+0000][1][gc,start     ] GC(9) Pause Young (Allocation Failure)
[2020-09-11T17:55:25.802+0000][1][gc,task      ] GC(9) Using 1 workers of 1 for evacuation
[2020-09-11T17:55:25.858+0000][1][gc,age       ] GC(9) Desired survivor size 4358144 bytes, new threshold 4 (max threshold 6)
[2020-09-11T17:55:25.858+0000][1][gc,age       ] GC(9) Age table with threshold 4 (max threshold 6)
[2020-09-11T17:55:25.858+0000][1][gc,age       ] GC(9) - age   1:    1913840 bytes,    1913840 total
[2020-09-11T17:55:25.858+0000][1][gc,age       ] GC(9) - age   2:     829552 bytes,    2743392 total
[2020-09-11T17:55:25.858+0000][1][gc,age       ] GC(9) - age   3:     445704 bytes,    3189096 total
[2020-09-11T17:55:25.858+0000][1][gc,age       ] GC(9) - age   4:    1523984 bytes,    4713080 total
[2020-09-11T17:55:25.858+0000][1][gc,heap      ] GC(9) ParNew: 76672K->5730K(76672K)
[2020-09-11T17:55:25.858+0000][1][gc,heap      ] GC(9) CMS: 11031K->12616K(439104K)
[2020-09-11T17:55:25.858+0000][1][gc,metaspace ] GC(9) Metaspace: 21636K->21636K(1069056K)
[2020-09-11T17:55:25.858+0000][1][gc           ] GC(9) Pause Young (Allocation Failure) 85M->17M(503M) 56.107ms
[2020-09-11T17:55:25.858+0000][1][gc,cpu       ] GC(9) User=0.02s Sys=0.00s Real=0.05s
[2020-09-11T17:55:25.885+0000][1][safepoint    ] Safepoint "GenCollectForAllocation", Time since last: 330533847 ns, Reaching safepoint: 6336347 ns, At safepoint: 83067590 ns, Total: 89403937 ns
[2020-09-11T17:55:25.901+0000][1][safepoint    ] Safepoint "RevokeBias", Time since last: 15736839 ns, Reaching safepoint: 25701 ns, At safepoint: 53989 ns, Total: 79690 ns
[2020-09-11T17:55:25.909+0000][1][safepoint    ] Safepoint "RevokeBias", Time since last: 540537 ns, Reaching safepoint: 90480 ns, At safepoint: 7516012 ns, Total: 7606492 ns
[2020-09-11T17:55:25.909+0000][1][safepoint    ] Safepoint "RevokeBias", Time since last: 83170 ns, Reaching safepoint: 101522 ns, At safepoint: 44217 ns, Total: 145739 ns
[2020-09-11T17:55:25.909+0000][1][safepoint    ] Safepoint "RevokeBias", Time since last: 39144 ns, Reaching safepoint: 83347 ns, At safepoint: 284264 ns, Total: 367611 ns
[2020-09-11T17:55:25.973+0000][1][safepoint    ] Safepoint "RevokeBias", Time since last: 63384645 ns, Reaching safepoint: 111160 ns, At safepoint: 39028 ns, Total: 150188 ns
[2020-09-11T17:55:26.002+0000][1][safepoint    ] Safepoint "RevokeBias", Time since last: 21969840 ns, Reaching safepoint: 7112292 ns, At safepoint: 46598 ns, Total: 7158890 ns
[2020-09-11T17:55:26.213+0000][1][safepoint    ] Safepoint "RevokeBias", Time since last: 207555426 ns, Reaching safepoint: 3156814 ns, At safepoint: 33530 ns, Total: 3190344 ns
[2020-09-11T17:55:26.245+0000][1][safepoint    ] Safepoint "RevokeBias", Time since last: 30639982 ns, Reaching safepoint: 1329149 ns, At safepoint: 68768 ns, Total: 1397917 ns
[2020-09-11T17:55:26.318+0000][1][safepoint    ] Safepoint "RevokeBias", Time since last: 72526412 ns, Reaching safepoint: 112407 ns, At safepoint: 19814 ns, Total: 132221 ns
[2020-09-11T17:55:26.318+0000][1][safepoint    ] Safepoint "RevokeBias", Time since last: 603987 ns, Reaching safepoint: 94099 ns, At safepoint: 12445 ns, Total: 106544 ns
[2020-09-11T17:55:26.601+0000][1][safepoint    ] Safepoint "RevokeBias", Time since last: 282578085 ns, Reaching safepoint: 113705 ns, At safepoint: 58603 ns, Total: 172308 ns
[2020-09-11T17:55:26.653+0000][1][safepoint    ] Safepoint "RevokeBias", Time since last: 51848622 ns, Reaching safepoint: 105025 ns, At safepoint: 38891 ns, Total: 143916 ns
[2020-09-11T17:55:26.929+0000][1][gc,start     ] GC(10) Pause Young (Allocation Failure)
[2020-09-11T17:55:26.929+0000][1][gc,task      ] GC(10) Using 1 workers of 1 for evacuation
[2020-09-11T17:55:27.000+0000][1][gc,age       ] GC(10) Desired survivor size 4358144 bytes, new threshold 6 (max threshold 6)
[2020-09-11T17:55:27.001+0000][1][gc,age       ] GC(10) Age table with threshold 6 (max threshold 6)
[2020-09-11T17:55:27.001+0000][1][gc,age       ] GC(10) - age   1:    2239296 bytes,    2239296 total
[2020-09-11T17:55:27.001+0000][1][gc,age       ] GC(10) - age   2:     113088 bytes,    2352384 total
[2020-09-11T17:55:27.001+0000][1][gc,age       ] GC(10) - age   3:     829552 bytes,    3181936 total
[2020-09-11T17:55:27.001+0000][1][gc,age       ] GC(10) - age   4:     445680 bytes,    3627616 total
[2020-09-11T17:55:27.001+0000][1][gc,heap      ] GC(10) ParNew: 73890K->4168K(76672K)
[2020-09-11T17:55:27.001+0000][1][gc,heap      ] GC(10) CMS: 12616K->14116K(439104K)
[2020-09-11T17:55:27.001+0000][1][gc,metaspace ] GC(10) Metaspace: 21782K->21782K(1069056K)
[2020-09-11T17:55:27.001+0000][1][gc           ] GC(10) Pause Young (Allocation Failure) 84M->17M(503M) 71.666ms
[2020-09-11T17:55:27.001+0000][1][gc,cpu       ] GC(10) User=0.01s Sys=0.00s Real=0.07s
[2020-09-11T17:55:27.028+0000][1][safepoint    ] Safepoint "GenCollectForAllocation", Time since last: 275830666 ns, Reaching safepoint: 121203 ns, At safepoint: 99477320 ns, Total: 99598523 ns
[2020-09-11T17:55:27.038+0000][1][safepoint    ] Safepoint "RevokeBias", Time since last: 9795102 ns, Reaching safepoint: 36209 ns, At safepoint: 68275 ns, Total: 104484 ns
[2020-09-11T17:55:27.047+0000][1][safepoint    ] Safepoint "RevokeBias", Time since last: 8494140 ns, Reaching safepoint: 121878 ns, At safepoint: 51644 ns, Total: 173522 ns
[2020-09-11T17:55:27.047+0000][1][safepoint    ] Safepoint "BulkRevokeBias", Time since last: 77968 ns, Reaching safepoint: 80079 ns, At safepoint: 91306 ns, Total: 171385 ns
[2020-09-11T17:55:27.047+0000][1][safepoint    ] Safepoint "BulkRevokeBias", Time since last: 31140 ns, Reaching safepoint: 78659 ns, At safepoint: 45438 ns, Total: 124097 ns
[2020-09-11T17:55:27.048+0000][1][safepoint    ] Safepoint "RevokeBias", Time since last: 996324 ns, Reaching safepoint: 80225 ns, At safepoint: 23034 ns, Total: 103259 ns
[2020-09-11T17:55:27.078+0000][1][safepoint    ] Safepoint "RevokeBias", Time since last: 29450572 ns, Reaching safepoint: 93353 ns, At safepoint: 29462 ns, Total: 122815 ns
[2020-09-11T17:55:27.277+0000][1][safepoint    ] Safepoint "RevokeBias", Time since last: 198838128 ns, Reaching safepoint: 102616 ns, At safepoint: 88793 ns, Total: 191409 ns
[2020-09-11T17:55:27.289+0000][1][safepoint    ] Safepoint "RevokeBias", Time since last: 11726823 ns, Reaching safepoint: 105515 ns, At safepoint: 46838 ns, Total: 152353 ns
[2020-09-11T17:55:27.837+0000][1][safepoint    ] Safepoint "RevokeBias", Time since last: 547826026 ns, Reaching safepoint: 126884 ns, At safepoint: 38324 ns, Total: 165208 ns
[2020-09-11T17:55:27.888+0000][1][safepoint    ] Safepoint "RevokeBias", Time since last: 50522302 ns, Reaching safepoint: 98169 ns, At safepoint: 32713 ns, Total: 130882 ns
[2020-09-11T17:55:27.906+0000][1][safepoint    ] Safepoint "RevokeBias", Time since last: 18560465 ns, Reaching safepoint: 97032 ns, At safepoint: 32088 ns, Total: 129120 ns
[2020-09-11T17:55:27.937+0000][1][safepoint    ] Safepoint "RevokeBias", Time since last: 30527112 ns, Reaching safepoint: 114483 ns, At safepoint: 40901 ns, Total: 155384 ns
[2020-09-11T17:55:27.975+0000][1][safepoint    ] Safepoint "RevokeBias", Time since last: 37961829 ns, Reaching safepoint: 107702 ns, At safepoint: 40027 ns, Total: 147729 ns
[2020-09-11T17:55:28.197+0000][1][safepoint    ] Safepoint "RevokeBias", Time since last: 221323706 ns, Reaching safepoint: 102229 ns, At safepoint: 36487 ns, Total: 138716 ns
[2020-09-11T17:55:28.222+0000][1][safepoint    ] Safepoint "RevokeBias", Time since last: 25286282 ns, Reaching safepoint: 93835 ns, At safepoint: 30378 ns, Total: 124213 ns
[2020-09-11T17:55:28.330+0000][1][gc,start     ] GC(11) Pause Young (Allocation Failure)
[2020-09-11T17:55:28.330+0000][1][gc,task      ] GC(11) Using 1 workers of 1 for evacuation
[2020-09-11T17:55:28.363+0000][1][gc,age       ] GC(11) Desired survivor size 4358144 bytes, new threshold 6 (max threshold 6)
[2020-09-11T17:55:28.363+0000][1][gc,age       ] GC(11) Age table with threshold 6 (max threshold 6)
[2020-09-11T17:55:28.363+0000][1][gc,age       ] GC(11) - age   1:    1379352 bytes,    1379352 total
[2020-09-11T17:55:28.363+0000][1][gc,age       ] GC(11) - age   2:     403520 bytes,    1782872 total
[2020-09-11T17:55:28.363+0000][1][gc,age       ] GC(11) - age   3:     112984 bytes,    1895856 total
[2020-09-11T17:55:28.363+0000][1][gc,age       ] GC(11) - age   4:     829552 bytes,    2725408 total
[2020-09-11T17:55:28.363+0000][1][gc,age       ] GC(11) - age   5:     445680 bytes,    3171088 total
[2020-09-11T17:55:28.363+0000][1][gc,heap      ] GC(11) ParNew: 72328K->3699K(76672K)
[2020-09-11T17:55:28.363+0000][1][gc,heap      ] GC(11) CMS: 14116K->14116K(439104K)
[2020-09-11T17:55:28.363+0000][1][gc,metaspace ] GC(11) Metaspace: 22696K->22696K(1071104K)
[2020-09-11T17:55:28.363+0000][1][gc           ] GC(11) Pause Young (Allocation Failure) 84M->17M(503M) 32.753ms
[2020-09-11T17:55:28.363+0000][1][gc,cpu       ] GC(11) User=0.01s Sys=0.00s Real=0.04s
[2020-09-11T17:55:28.385+0000][1][safepoint    ] Safepoint "GenCollectForAllocation", Time since last: 107993423 ns, Reaching safepoint: 109637 ns, At safepoint: 54784755 ns, Total: 54894392 ns
[2020-09-11T17:55:28.435+0000][1][safepoint    ] Safepoint "RevokeBias", Time since last: 50170729 ns, Reaching safepoint: 93263 ns, At safepoint: 30350 ns, Total: 123613 ns
[2020-09-11T17:55:28.475+0000][1][safepoint    ] Safepoint "RevokeBias", Time since last: 40173453 ns, Reaching safepoint: 93647 ns, At safepoint: 30563 ns, Total: 124210 ns
[2020-09-11T17:55:28.505+0000][1][safepoint    ] Safepoint "RevokeBias", Time since last: 29366817 ns, Reaching safepoint: 104638 ns, At safepoint: 34109 ns, Total: 138747 ns
[2020-09-11T17:55:28.773+0000][1][safepoint    ] Safepoint "RevokeBias", Time since last: 268088298 ns, Reaching safepoint: 100339 ns, At safepoint: 41112 ns, Total: 141451 ns
[2020-09-11T17:55:28.774+0000][1][safepoint    ] Safepoint "RevokeBias", Time since last: 895055 ns, Reaching safepoint: 12017 ns, At safepoint: 24383 ns, Total: 36400 ns
[2020-09-11T17:55:29.025+0000][1][safepoint    ] Safepoint "RevokeBias", Time since last: 250718412 ns, Reaching safepoint: 106752 ns, At safepoint: 57248 ns, Total: 164000 ns
[2020-09-11T17:55:29.058+0000][1][gc,start     ] GC(12) Pause Young (Allocation Failure)
[2020-09-11T17:55:29.058+0000][1][gc,task      ] GC(12) Using 1 workers of 1 for evacuation
[2020-09-11T17:55:29.083+0000][1][gc,age       ] GC(12) Desired survivor size 4358144 bytes, new threshold 6 (max threshold 6)
[2020-09-11T17:55:29.083+0000][1][gc,age       ] GC(12) Age table with threshold 6 (max threshold 6)
[2020-09-11T17:55:29.083+0000][1][gc,age       ] GC(12) - age   1:     213224 bytes,     213224 total
[2020-09-11T17:55:29.083+0000][1][gc,age       ] GC(12) - age   2:     577928 bytes,     791152 total
[2020-09-11T17:55:29.083+0000][1][gc,age       ] GC(12) - age   3:     403520 bytes,    1194672 total
[2020-09-11T17:55:29.083+0000][1][gc,age       ] GC(12) - age   4:     112880 bytes,    1307552 total
[2020-09-11T17:55:29.083+0000][1][gc,age       ] GC(12) - age   5:     829408 bytes,    2136960 total
[2020-09-11T17:55:29.083+0000][1][gc,age       ] GC(12) - age   6:     445680 bytes,    2582640 total
[2020-09-11T17:55:29.083+0000][1][gc,heap      ] GC(12) ParNew: 71859K->3247K(76672K)
[2020-09-11T17:55:29.083+0000][1][gc,heap      ] GC(12) CMS: 14116K->14116K(439104K)
[2020-09-11T17:55:29.083+0000][1][gc,metaspace ] GC(12) Metaspace: 22714K->22714K(1071104K)
[2020-09-11T17:55:29.083+0000][1][gc           ] GC(12) Pause Young (Allocation Failure) 83M->16M(503M) 25.465ms
[2020-09-11T17:55:29.083+0000][1][gc,cpu       ] GC(12) User=0.01s Sys=0.00s Real=0.03s
[2020-09-11T17:55:29.086+0000][1][safepoint    ] Safepoint "GenCollectForAllocation", Time since last: 32518477 ns, Reaching safepoint: 97527 ns, At safepoint: 28554669 ns, Total: 28652196 ns
[2020-09-11T17:55:29.828+0000][1][gc,start     ] GC(13) Pause Young (Allocation Failure)
[2020-09-11T17:55:29.828+0000][1][gc,task      ] GC(13) Using 1 workers of 1 for evacuation
[2020-09-11T17:55:29.860+0000][1][gc,age       ] GC(13) Desired survivor size 4358144 bytes, new threshold 6 (max threshold 6)
[2020-09-11T17:55:29.860+0000][1][gc,age       ] GC(13) Age table with threshold 6 (max threshold 6)
[2020-09-11T17:55:29.860+0000][1][gc,age       ] GC(13) - age   1:    1662432 bytes,    1662432 total
[2020-09-11T17:55:29.860+0000][1][gc,age       ] GC(13) - age   2:     193696 bytes,    1856128 total
[2020-09-11T17:55:29.860+0000][1][gc,age       ] GC(13) - age   3:     577816 bytes,    2433944 total
[2020-09-11T17:55:29.860+0000][1][gc,age       ] GC(13) - age   4:     403520 bytes,    2837464 total
[2020-09-11T17:55:29.860+0000][1][gc,age       ] GC(13) - age   5:     112880 bytes,    2950344 total
[2020-09-11T17:55:29.860+0000][1][gc,age       ] GC(13) - age   6:     829264 bytes,    3779608 total
[2020-09-11T17:55:29.860+0000][1][gc,heap      ] GC(13) ParNew: 71407K->5406K(76672K)
[2020-09-11T17:55:29.860+0000][1][gc,heap      ] GC(13) CMS: 14116K->14555K(439104K)
[2020-09-11T17:55:29.860+0000][1][gc,metaspace ] GC(13) Metaspace: 22821K->22821K(1071104K)
[2020-09-11T17:55:29.860+0000][1][gc           ] GC(13) Pause Young (Allocation Failure) 83M->19M(503M) 32.119ms
[2020-09-11T17:55:29.860+0000][1][gc,cpu       ] GC(13) User=0.01s Sys=0.00s Real=0.03s
[2020-09-11T17:55:29.891+0000][1][safepoint    ] Safepoint "GenCollectForAllocation", Time since last: 741535391 ns, Reaching safepoint: 104839 ns, At safepoint: 62824201 ns, Total: 62929040 ns
[2020-09-11T17:55:30.620+0000][1][gc,start     ] GC(14) Pause Young (Allocation Failure)
[2020-09-11T17:55:30.620+0000][1][gc,task      ] GC(14) Using 1 workers of 1 for evacuation
[2020-09-11T17:55:30.651+0000][1][gc,age       ] GC(14) Desired survivor size 4358144 bytes, new threshold 6 (max threshold 6)
[2020-09-11T17:55:30.651+0000][1][gc,age       ] GC(14) Age table with threshold 6 (max threshold 6)
[2020-09-11T17:55:30.651+0000][1][gc,age       ] GC(14) - age   1:    1073008 bytes,    1073008 total
[2020-09-11T17:55:30.651+0000][1][gc,age       ] GC(14) - age   2:     113024 bytes,    1186032 total
[2020-09-11T17:55:30.651+0000][1][gc,age       ] GC(14) - age   3:     193696 bytes,    1379728 total
[2020-09-11T17:55:30.651+0000][1][gc,age       ] GC(14) - age   4:     577816 bytes,    1957544 total
[2020-09-11T17:55:30.651+0000][1][gc,age       ] GC(14) - age   5:     403520 bytes,    2361064 total
[2020-09-11T17:55:30.651+0000][1][gc,age       ] GC(14) - age   6:     112880 bytes,    2473944 total
[2020-09-11T17:55:30.651+0000][1][gc,heap      ] GC(14) ParNew: 73566K->3444K(76672K)
[2020-09-11T17:55:30.651+0000][1][gc,heap      ] GC(14) CMS: 14555K->15370K(439104K)
[2020-09-11T17:55:30.651+0000][1][gc,metaspace ] GC(14) Metaspace: 22900K->22900K(1071104K)
[2020-09-11T17:55:30.651+0000][1][gc           ] GC(14) Pause Young (Allocation Failure) 86M->18M(503M) 30.546ms
[2020-09-11T17:55:30.651+0000][1][gc,cpu       ] GC(14) User=0.01s Sys=0.00s Real=0.03s
[2020-09-11T17:55:30.667+0000][1][safepoint    ] Safepoint "GenCollectForAllocation", Time since last: 729537854 ns, Reaching safepoint: 116543 ns, At safepoint: 46627445 ns, Total: 46743988 ns
[2020-09-11T17:55:31.289+0000][1][gc,start     ] GC(15) Pause Young (Allocation Failure)
[2020-09-11T17:55:31.289+0000][1][gc,task      ] GC(15) Using 1 workers of 1 for evacuation
[2020-09-11T17:55:31.312+0000][1][gc,age       ] GC(15) Desired survivor size 4358144 bytes, new threshold 6 (max threshold 6)
[2020-09-11T17:55:31.312+0000][1][gc,age       ] GC(15) Age table with threshold 6 (max threshold 6)
[2020-09-11T17:55:31.312+0000][1][gc,age       ] GC(15) - age   1:    2100360 bytes,    2100360 total
[2020-09-11T17:55:31.312+0000][1][gc,age       ] GC(15) - age   2:     315000 bytes,    2415360 total
[2020-09-11T17:55:31.312+0000][1][gc,age       ] GC(15) - age   3:     113024 bytes,    2528384 total
[2020-09-11T17:55:31.312+0000][1][gc,age       ] GC(15) - age   4:     193696 bytes,    2722080 total
[2020-09-11T17:55:31.312+0000][1][gc,age       ] GC(15) - age   5:     577816 bytes,    3299896 total
[2020-09-11T17:55:31.312+0000][1][gc,age       ] GC(15) - age   6:     403520 bytes,    3703416 total
[2020-09-11T17:55:31.312+0000][1][gc,heap      ] GC(15) ParNew: 71604K->5346K(76672K)
[2020-09-11T17:55:31.312+0000][1][gc,heap      ] GC(15) CMS: 15370K->15484K(439104K)
[2020-09-11T17:55:31.312+0000][1][gc,metaspace ] GC(15) Metaspace: 22986K->22986K(1071104K)
[2020-09-11T17:55:31.312+0000][1][gc           ] GC(15) Pause Young (Allocation Failure) 84M->20M(503M) 23.189ms
[2020-09-11T17:55:31.312+0000][1][gc,cpu       ] GC(15) User=0.01s Sys=0.00s Real=0.02s
[2020-09-11T17:55:31.341+0000][1][safepoint    ] Safepoint "GenCollectForAllocation", Time since last: 618909936 ns, Reaching safepoint: 3110357 ns, At safepoint: 51885972 ns, Total: 54996329 ns
[2020-09-11T17:55:31.946+0000][1][gc,start     ] GC(16) Pause Young (Allocation Failure)
[2020-09-11T17:55:31.946+0000][1][gc,task      ] GC(16) Using 1 workers of 1 for evacuation
[2020-09-11T17:55:31.974+0000][1][gc,age       ] GC(16) Desired survivor size 4358144 bytes, new threshold 6 (max threshold 6)
[2020-09-11T17:55:31.974+0000][1][gc,age       ] GC(16) Age table with threshold 6 (max threshold 6)
[2020-09-11T17:55:31.974+0000][1][gc,age       ] GC(16) - age   1:    1289176 bytes,    1289176 total
[2020-09-11T17:55:31.974+0000][1][gc,age       ] GC(16) - age   2:     104856 bytes,    1394032 total
[2020-09-11T17:55:31.974+0000][1][gc,age       ] GC(16) - age   3:     315000 bytes,    1709032 total
[2020-09-11T17:55:31.974+0000][1][gc,age       ] GC(16) - age   4:     113024 bytes,    1822056 total
[2020-09-11T17:55:31.974+0000][1][gc,age       ] GC(16) - age   5:     193544 bytes,    2015600 total
[2020-09-11T17:55:31.974+0000][1][gc,age       ] GC(16) - age   6:     577816 bytes,    2593416 total
[2020-09-11T17:55:31.974+0000][1][gc,heap      ] GC(16) ParNew: 73506K->3380K(76672K)
[2020-09-11T17:55:31.974+0000][1][gc,heap      ] GC(16) CMS: 15484K->15883K(439104K)
[2020-09-11T17:55:31.974+0000][1][gc,metaspace ] GC(16) Metaspace: 23006K->23006K(1071104K)
[2020-09-11T17:55:31.974+0000][1][gc           ] GC(16) Pause Young (Allocation Failure) 86M->18M(503M) 27.996ms
[2020-09-11T17:55:31.974+0000][1][gc,cpu       ] GC(16) User=0.01s Sys=0.00s Real=0.03s
[2020-09-11T17:55:32.009+0000][1][safepoint    ] Safepoint "GenCollectForAllocation", Time since last: 605264471 ns, Reaching safepoint: 108709 ns, At safepoint: 62328367 ns, Total: 62437076 ns
[2020-09-11T17:55:32.128+0000][1][safepoint    ] Safepoint "Deoptimize", Time since last: 118969171 ns, Reaching safepoint: 110088 ns, At safepoint: 216432 ns, Total: 326520 ns
[2020-09-11T17:55:33.128+0000][1][safepoint    ] Safepoint "Cleanup", Time since last: 1000123166 ns, Reaching safepoint: 194507 ns, At safepoint: 6103 ns, Total: 200610 ns
[2020-09-11T17:55:33.869+0000][1][safepoint    ] Safepoint "RevokeBias", Time since last: 740681787 ns, Reaching safepoint: 248375 ns, At safepoint: 19094 ns, Total: 267469 ns
[2020-09-11T17:55:34.874+0000][1][safepoint    ] Safepoint "Cleanup", Time since last: 1003737961 ns, Reaching safepoint: 1116110 ns, At safepoint: 9034 ns, Total: 1125144 ns
[2020-09-11T17:55:35.427+0000][1][safepoint    ] Safepoint "Deoptimize", Time since last: 552403096 ns, Reaching safepoint: 110434 ns, At safepoint: 212169 ns, Total: 322603 ns
[2020-09-11T17:55:35.566+0000][1][safepoint    ] Safepoint "Deoptimize", Time since last: 139276993 ns, Reaching safepoint: 100986 ns, At safepoint: 217977 ns, Total: 318963 ns
[2020-09-11T17:55:36.574+0000][1][safepoint    ] Safepoint "Cleanup", Time since last: 1000123759 ns, Reaching safepoint: 7625301 ns, At safepoint: 10618 ns, Total: 7635919 ns
[2020-09-11T17:55:37.579+0000][1][safepoint    ] Safepoint "Cleanup", Time since last: 1005223384 ns, Reaching safepoint: 118411 ns, At safepoint: 5794 ns, Total: 124205 ns
[2020-09-11T17:55:38.585+0000][1][safepoint    ] Safepoint "Cleanup", Time since last: 1001498618 ns, Reaching safepoint: 3952224 ns, At safepoint: 13827 ns, Total: 3966051 ns
[2020-09-11T17:55:39.597+0000][1][safepoint    ] Safepoint "Cleanup", Time since last: 1000099609 ns, Reaching safepoint: 11874372 ns, At safepoint: 9657 ns, Total: 11884029 ns
[2020-09-11T17:55:39.817+0000][1][gc,start     ] GC(17) Pause Young (Allocation Failure)
[2020-09-11T17:55:39.817+0000][1][gc,task      ] GC(17) Using 1 workers of 1 for evacuation
[2020-09-11T17:55:39.921+0000][1][gc,age       ] GC(17) Desired survivor size 4358144 bytes, new threshold 1 (max threshold 6)
[2020-09-11T17:55:39.921+0000][1][gc,age       ] GC(17) Age table with threshold 1 (max threshold 6)
[2020-09-11T17:55:39.921+0000][1][gc,age       ] GC(17) - age   1:    6917232 bytes,    6917232 total
[2020-09-11T17:55:39.921+0000][1][gc,age       ] GC(17) - age   2:     156808 bytes,    7074040 total
[2020-09-11T17:55:39.921+0000][1][gc,age       ] GC(17) - age   3:     104360 bytes,    7178400 total
[2020-09-11T17:55:39.921+0000][1][gc,age       ] GC(17) - age   4:     314904 bytes,    7493304 total
[2020-09-11T17:55:39.921+0000][1][gc,age       ] GC(17) - age   5:     112744 bytes,    7606048 total
[2020-09-11T17:55:39.921+0000][1][gc,age       ] GC(17) - age   6:     193544 bytes,    7799592 total
[2020-09-11T17:55:39.921+0000][1][gc,heap      ] GC(17) ParNew: 71540K->8233K(76672K)
[2020-09-11T17:55:39.921+0000][1][gc,heap      ] GC(17) CMS: 15883K->16455K(439104K)
[2020-09-11T17:55:39.921+0000][1][gc,metaspace ] GC(17) Metaspace: 29695K->29695K(1077248K)
[2020-09-11T17:55:39.921+0000][1][gc           ] GC(17) Pause Young (Allocation Failure) 85M->24M(503M) 104.134ms
[2020-09-11T17:55:39.921+0000][1][gc,cpu       ] GC(17) User=0.02s Sys=0.00s Real=0.11s
[2020-09-11T17:55:39.940+0000][1][safepoint    ] Safepoint "GenCollectForAllocation", Time since last: 217866238 ns, Reaching safepoint: 2149073 ns, At safepoint: 123080890 ns, Total: 125229963 ns
[2020-09-11T17:55:40.975+0000][1][safepoint    ] Safepoint "Cleanup", Time since last: 1034212618 ns, Reaching safepoint: 432744 ns, At safepoint: 6123 ns, Total: 438867 ns
[2020-09-11T17:55:41.977+0000][1][safepoint    ] Safepoint "Cleanup", Time since last: 1002224761 ns, Reaching safepoint: 112003 ns, At safepoint: 6315 ns, Total: 118318 ns
[2020-09-11T17:55:42.980+0000][1][safepoint    ] Safepoint "Cleanup", Time since last: 1003153902 ns, Reaching safepoint: 112012 ns, At safepoint: 5934 ns, Total: 117946 ns
[2020-09-11T17:55:43.994+0000][1][safepoint    ] Safepoint "Cleanup", Time since last: 1003397253 ns, Reaching safepoint: 10317953 ns, At safepoint: 8429 ns, Total: 10326382 ns
[2020-09-11T17:55:44.997+0000][1][safepoint    ] Safepoint "Cleanup", Time since last: 1002884876 ns, Reaching safepoint: 114478 ns, At safepoint: 6906 ns, Total: 121384 ns
[2020-09-11T17:55:46.001+0000][1][safepoint    ] Safepoint "Cleanup", Time since last: 1003879261 ns, Reaching safepoint: 113169 ns, At safepoint: 6234 ns, Total: 119403 ns
[2020-09-11T17:55:46.941+0000][1][gc,start     ] GC(18) Pause Young (Allocation Failure)
[2020-09-11T17:55:46.941+0000][1][gc,task      ] GC(18) Using 1 workers of 1 for evacuation
[2020-09-11T17:55:47.132+0000][1][gc,age       ] GC(18) Desired survivor size 4358144 bytes, new threshold 1 (max threshold 6)
[2020-09-11T17:55:47.132+0000][1][gc,age       ] GC(18) Age table with threshold 1 (max threshold 6)
[2020-09-11T17:55:47.132+0000][1][gc,age       ] GC(18) - age   1:    8716248 bytes,    8716248 total
[2020-09-11T17:55:47.132+0000][1][gc,heap      ] GC(18) ParNew: 76393K->8512K(76672K)
[2020-09-11T17:55:47.132+0000][1][gc,heap      ] GC(18) CMS: 16455K->24888K(439104K)
[2020-09-11T17:55:47.132+0000][1][gc,metaspace ] GC(18) Metaspace: 29907K->29907K(1077248K)
[2020-09-11T17:55:47.132+0000][1][gc           ] GC(18) Pause Young (Allocation Failure) 90M->32M(503M) 190.845ms
[2020-09-11T17:55:47.132+0000][1][gc,cpu       ] GC(18) User=0.05s Sys=0.00s Real=0.18s
[2020-09-11T17:55:47.150+0000][1][safepoint    ] Safepoint "GenCollectForAllocation", Time since last: 935884603 ns, Reaching safepoint: 4082016 ns, At safepoint: 208678272 ns, Total: 212760288 ns
[2020-09-11T17:55:48.185+0000][1][safepoint    ] Safepoint "Cleanup", Time since last: 1031291772 ns, Reaching safepoint: 3972713 ns, At safepoint: 12124 ns, Total: 3984837 ns
[2020-09-11T17:55:49.201+0000][1][safepoint    ] Safepoint "Cleanup", Time since last: 1000103419 ns, Reaching safepoint: 15867525 ns, At safepoint: 12125 ns, Total: 15879650 ns
[2020-09-11T17:55:50.261+0000][1][safepoint    ] Safepoint "Cleanup", Time since last: 1059999981 ns, Reaching safepoint: 104419 ns, At safepoint: 5866 ns, Total: 110285 ns
[2020-09-11T17:55:51.269+0000][1][safepoint    ] Safepoint "Cleanup", Time since last: 1007860782 ns, Reaching safepoint: 128131 ns, At safepoint: 5672 ns, Total: 133803 ns
[2020-09-11T17:55:52.269+0000][1][safepoint    ] Safepoint "Cleanup", Time since last: 1000109910 ns, Reaching safepoint: 110073 ns, At safepoint: 6489 ns, Total: 116562 ns
[2020-09-11T17:55:52.633+0000][1][gc,start     ] GC(19) Pause Young (Allocation Failure)
[2020-09-11T17:55:52.633+0000][1][gc,task      ] GC(19) Using 1 workers of 1 for evacuation
[2020-09-11T17:55:52.853+0000][1][gc,age       ] GC(19) Desired survivor size 4358144 bytes, new threshold 1 (max threshold 6)
[2020-09-11T17:55:52.853+0000][1][gc,age       ] GC(19) Age table with threshold 1 (max threshold 6)
[2020-09-11T17:55:52.853+0000][1][gc,age       ] GC(19) - age   1:    8055784 bytes,    8055784 total
[2020-09-11T17:55:52.853+0000][1][gc,heap      ] GC(19) ParNew: 76672K->7983K(76672K)
[2020-09-11T17:55:52.853+0000][1][gc,heap      ] GC(19) CMS: 24888K->33639K(439104K)
[2020-09-11T17:55:52.853+0000][1][gc,metaspace ] GC(19) Metaspace: 29940K->29940K(1077248K)
[2020-09-11T17:55:52.853+0000][1][gc           ] GC(19) Pause Young (Allocation Failure) 99M->40M(503M) 220.499ms
[2020-09-11T17:55:52.853+0000][1][gc,cpu       ] GC(19) User=0.06s Sys=0.00s Real=0.22s
[2020-09-11T17:55:52.869+0000][1][safepoint    ] Safepoint "GenCollectForAllocation", Time since last: 363657620 ns, Reaching safepoint: 106743 ns, At safepoint: 235882782 ns, Total: 235989525 ns
[2020-09-11T17:55:54.889+0000][1][safepoint    ] Safepoint "Cleanup", Time since last: 2020544412 ns, Reaching safepoint: 126076 ns, At safepoint: 5703 ns, Total: 131779 ns
[2020-09-11T17:55:55.299+0000][1][safepoint    ] Safepoint "RevokeBias", Time since last: 409207019 ns, Reaching safepoint: 108402 ns, At safepoint: 33215 ns, Total: 141617 ns
[2020-09-11T17:55:56.322+0000][1][safepoint    ] Safepoint "Cleanup", Time since last: 1005956993 ns, Reaching safepoint: 17119469 ns, At safepoint: 10495 ns, Total: 17129964 ns
[2020-09-11T17:55:57.333+0000][1][safepoint    ] Safepoint "Cleanup", Time since last: 1010576422 ns, Reaching safepoint: 316889 ns, At safepoint: 7442 ns, Total: 324331 ns
[2020-09-11T17:55:57.365+0000][1][gc,start     ] GC(20) Pause Young (Allocation Failure)
[2020-09-11T17:55:57.365+0000][1][gc,task      ] GC(20) Using 1 workers of 1 for evacuation
[2020-09-11T17:55:57.495+0000][1][gc,age       ] GC(20) Desired survivor size 4358144 bytes, new threshold 1 (max threshold 6)
[2020-09-11T17:55:57.496+0000][1][gc,age       ] GC(20) Age table with threshold 1 (max threshold 6)
[2020-09-11T17:55:57.496+0000][1][gc,age       ] GC(20) - age   1:    4492792 bytes,    4492792 total
[2020-09-11T17:55:57.496+0000][1][gc,heap      ] GC(20) ParNew: 76143K->7896K(76672K)
[2020-09-11T17:55:57.496+0000][1][gc,heap      ] GC(20) CMS: 33639K->41235K(439104K)
[2020-09-11T17:55:57.496+0000][1][gc,metaspace ] GC(20) Metaspace: 32130K->32130K(1079296K)
[2020-09-11T17:55:57.496+0000][1][gc           ] GC(20) Pause Young (Allocation Failure) 107M->47M(503M) 130.665ms
[2020-09-11T17:55:57.496+0000][1][gc,cpu       ] GC(20) User=0.04s Sys=0.00s Real=0.13s
[2020-09-11T17:55:57.521+0000][1][safepoint    ] Safepoint "GenCollectForAllocation", Time since last: 31998588 ns, Reaching safepoint: 102263 ns, At safepoint: 155927697 ns, Total: 156029960 ns
[2020-09-11T17:55:58.149+0000][1][safepoint    ] Safepoint "Deoptimize", Time since last: 627462818 ns, Reaching safepoint: 501147 ns, At safepoint: 258638 ns, Total: 759785 ns
[2020-09-11T17:55:59.153+0000][1][safepoint    ] Safepoint "Cleanup", Time since last: 1003724031 ns, Reaching safepoint: 129550 ns, At safepoint: 6650 ns, Total: 136200 ns
[2020-09-11T17:56:00.158+0000][1][safepoint    ] Safepoint "Cleanup", Time since last: 1003877680 ns, Reaching safepoint: 727858 ns, At safepoint: 7649 ns, Total: 735507 ns
[2020-09-11T17:56:00.962+0000][1][safepoint    ] Safepoint "Deoptimize", Time since last: 804199607 ns, Reaching safepoint: 101828 ns, At safepoint: 269868 ns, Total: 371696 ns
[2020-09-11T17:56:01.969+0000][1][safepoint    ] Safepoint "Cleanup", Time since last: 1006667721 ns, Reaching safepoint: 114558 ns, At safepoint: 5563 ns, Total: 120121 ns
[2020-09-11T17:56:02.061+0000][1][gc,start     ] GC(21) Pause Young (Allocation Failure)
[2020-09-11T17:56:02.061+0000][1][gc,task      ] GC(21) Using 1 workers of 1 for evacuation
[2020-09-11T17:56:02.192+0000][1][gc,age       ] GC(21) Desired survivor size 4358144 bytes, new threshold 6 (max threshold 6)
[2020-09-11T17:56:02.192+0000][1][gc,age       ] GC(21) Age table with threshold 6 (max threshold 6)
[2020-09-11T17:56:02.192+0000][1][gc,age       ] GC(21) - age   1:     908680 bytes,     908680 total
[2020-09-11T17:56:02.192+0000][1][gc,heap      ] GC(21) ParNew: 76056K->3619K(76672K)
[2020-09-11T17:56:02.192+0000][1][gc,heap      ] GC(21) CMS: 41235K->45548K(439104K)
[2020-09-11T17:56:02.192+0000][1][gc,metaspace ] GC(21) Metaspace: 32433K->32433K(1079296K)
[2020-09-11T17:56:02.192+0000][1][gc           ] GC(21) Pause Young (Allocation Failure) 114M->48M(503M) 130.934ms
[2020-09-11T17:56:02.193+0000][1][gc,cpu       ] GC(21) User=0.03s Sys=0.00s Real=0.12s
[2020-09-11T17:56:02.193+0000][1][safepoint    ] Safepoint "GenCollectForAllocation", Time since last: 92092028 ns, Reaching safepoint: 99279 ns, At safepoint: 131723423 ns, Total: 131822702 ns
[2020-09-11T17:56:03.233+0000][1][safepoint    ] Safepoint "Cleanup", Time since last: 1019964803 ns, Reaching safepoint: 20050721 ns, At safepoint: 13075 ns, Total: 20063796 ns
[2020-09-11T17:56:03.437+0000][1][safepoint    ] Safepoint "RevokeBias", Time since last: 204058532 ns, Reaching safepoint: 98932 ns, At safepoint: 36083 ns, Total: 135015 ns
[2020-09-11T17:56:03.437+0000][1][safepoint    ] Safepoint "RevokeBias", Time since last: 69493 ns, Reaching safepoint: 79476 ns, At safepoint: 26203 ns, Total: 105679 ns
[2020-09-11T17:56:03.437+0000][1][safepoint    ] Safepoint "RevokeBias", Time since last: 30486 ns, Reaching safepoint: 78175 ns, At safepoint: 23058 ns, Total: 101233 ns
[2020-09-11T17:56:03.438+0000][1][safepoint    ] Safepoint "RevokeBias", Time since last: 199144 ns, Reaching safepoint: 80476 ns, At safepoint: 25034 ns, Total: 105510 ns
[2020-09-11T17:56:04.121+0000][1][gc,start     ] GC(22) Pause Young (Allocation Failure)
[2020-09-11T17:56:04.121+0000][1][gc,task      ] GC(22) Using 1 workers of 1 for evacuation
[2020-09-11T17:56:04.124+0000][1][gc,age       ] GC(22) Desired survivor size 4358144 bytes, new threshold 6 (max threshold 6)
[2020-09-11T17:56:04.124+0000][1][gc,age       ] GC(22) Age table with threshold 6 (max threshold 6)
[2020-09-11T17:56:04.124+0000][1][gc,age       ] GC(22) - age   1:     250792 bytes,     250792 total
[2020-09-11T17:56:04.124+0000][1][gc,age       ] GC(22) - age   2:     437336 bytes,     688128 total
[2020-09-11T17:56:04.124+0000][1][gc,heap      ] GC(22) ParNew: 71779K->1126K(76672K)
[2020-09-11T17:56:04.124+0000][1][gc,heap      ] GC(22) CMS: 45548K->45548K(439104K)
[2020-09-11T17:56:04.124+0000][1][gc,metaspace ] GC(22) Metaspace: 32446K->32446K(1079296K)
[2020-09-11T17:56:04.124+0000][1][gc           ] GC(22) Pause Young (Allocation Failure) 114M->45M(503M) 2.765ms
[2020-09-11T17:56:04.124+0000][1][gc,cpu       ] GC(22) User=0.01s Sys=0.00s Real=0.00s
[2020-09-11T17:56:04.124+0000][1][safepoint    ] Safepoint "GenCollectForAllocation", Time since last: 671173534 ns, Reaching safepoint: 12007929 ns, At safepoint: 2849137 ns, Total: 14857066 ns
[2020-09-11T17:56:05.111+0000][1][gc,start     ] GC(23) Pause Young (Allocation Failure)
[2020-09-11T17:56:05.111+0000][1][gc,task      ] GC(23) Using 1 workers of 1 for evacuation
[2020-09-11T17:56:05.122+0000][1][gc,age       ] GC(23) Desired survivor size 4358144 bytes, new threshold 6 (max threshold 6)
[2020-09-11T17:56:05.122+0000][1][gc,age       ] GC(23) Age table with threshold 6 (max threshold 6)
[2020-09-11T17:56:05.122+0000][1][gc,age       ] GC(23) - age   1:        232 bytes,        232 total
[2020-09-11T17:56:05.122+0000][1][gc,age       ] GC(23) - age   2:     250536 bytes,     250768 total
[2020-09-11T17:56:05.122+0000][1][gc,age       ] GC(23) - age   3:     437336 bytes,     688104 total
[2020-09-11T17:56:05.122+0000][1][gc,heap      ] GC(23) ParNew: 69286K->1067K(76672K)
[2020-09-11T17:56:05.122+0000][1][gc,heap      ] GC(23) CMS: 45548K->45548K(439104K)
[2020-09-11T17:56:05.122+0000][1][gc,metaspace ] GC(23) Metaspace: 32447K->32447K(1079296K)
[2020-09-11T17:56:05.122+0000][1][gc           ] GC(23) Pause Young (Allocation Failure) 112M->45M(503M) 11.174ms
[2020-09-11T17:56:05.122+0000][1][gc,cpu       ] GC(23) User=0.01s Sys=0.00s Real=0.02s
[2020-09-11T17:56:05.139+0000][1][safepoint    ] Safepoint "GenCollectForAllocation", Time since last: 987452440 ns, Reaching safepoint: 109968 ns, At safepoint: 28137153 ns, Total: 28247121 ns
[2020-09-11T17:56:05.929+0000][1][gc,start     ] GC(24) Pause Young (Allocation Failure)
[2020-09-11T17:56:05.929+0000][1][gc,task      ] GC(24) Using 1 workers of 1 for evacuation
[2020-09-11T17:56:05.932+0000][1][gc,age       ] GC(24) Desired survivor size 4358144 bytes, new threshold 6 (max threshold 6)
[2020-09-11T17:56:05.932+0000][1][gc,age       ] GC(24) Age table with threshold 6 (max threshold 6)
[2020-09-11T17:56:05.932+0000][1][gc,age       ] GC(24) - age   1:        216 bytes,        216 total
[2020-09-11T17:56:05.932+0000][1][gc,age       ] GC(24) - age   3:     250536 bytes,     250752 total
[2020-09-11T17:56:05.932+0000][1][gc,age       ] GC(24) - age   4:     437336 bytes,     688088 total
[2020-09-11T17:56:05.932+0000][1][gc,heap      ] GC(24) ParNew: 69227K->1274K(76672K)
[2020-09-11T17:56:05.932+0000][1][gc,heap      ] GC(24) CMS: 45548K->45548K(439104K)
[2020-09-11T17:56:05.932+0000][1][gc,metaspace ] GC(24) Metaspace: 32449K->32449K(1079296K)
[2020-09-11T17:56:05.932+0000][1][gc           ] GC(24) Pause Young (Allocation Failure) 112M->45M(503M) 2.724ms
[2020-09-11T17:56:05.932+0000][1][gc,cpu       ] GC(24) User=0.01s Sys=0.00s Real=0.00s
[2020-09-11T17:56:05.932+0000][1][safepoint    ] Safepoint "GenCollectForAllocation", Time since last: 789430873 ns, Reaching safepoint: 110623 ns, At safepoint: 2781231 ns, Total: 2891854 ns
[2020-09-11T17:56:06.720+0000][1][gc,start     ] GC(25) Pause Young (Allocation Failure)
[2020-09-11T17:56:06.720+0000][1][gc,task      ] GC(25) Using 1 workers of 1 for evacuation
[2020-09-11T17:56:06.731+0000][1][gc,age       ] GC(25) Desired survivor size 4358144 bytes, new threshold 6 (max threshold 6)
[2020-09-11T17:56:06.731+0000][1][gc,age       ] GC(25) Age table with threshold 6 (max threshold 6)
[2020-09-11T17:56:06.731+0000][1][gc,age       ] GC(25) - age   1:        152 bytes,        152 total
[2020-09-11T17:56:06.731+0000][1][gc,age       ] GC(25) - age   4:     250536 bytes,     250688 total
[2020-09-11T17:56:06.731+0000][1][gc,age       ] GC(25) - age   5:     437336 bytes,     688024 total
[2020-09-11T17:56:06.731+0000][1][gc,heap      ] GC(25) ParNew: 69434K->822K(76672K)
[2020-09-11T17:56:06.731+0000][1][gc,heap      ] GC(25) CMS: 45548K->45548K(439104K)
[2020-09-11T17:56:06.731+0000][1][gc,metaspace ] GC(25) Metaspace: 32449K->32449K(1079296K)
[2020-09-11T17:56:06.731+0000][1][gc           ] GC(25) Pause Young (Allocation Failure) 112M->45M(503M) 10.877ms
[2020-09-11T17:56:06.731+0000][1][gc,cpu       ] GC(25) User=0.01s Sys=0.00s Real=0.01s
[2020-09-11T17:56:06.733+0000][1][safepoint    ] Safepoint "GenCollectForAllocation", Time since last: 788265955 ns, Reaching safepoint: 97366 ns, At safepoint: 12835668 ns, Total: 12933034 ns
[2020-09-11T17:56:07.387+0000][1][gc,start     ] GC(26) Pause Young (Allocation Failure)
[2020-09-11T17:56:07.387+0000][1][gc,task      ] GC(26) Using 1 workers of 1 for evacuation
[2020-09-11T17:56:07.398+0000][1][gc,age       ] GC(26) Desired survivor size 4358144 bytes, new threshold 6 (max threshold 6)
[2020-09-11T17:56:07.398+0000][1][gc,age       ] GC(26) Age table with threshold 6 (max threshold 6)
[2020-09-11T17:56:07.398+0000][1][gc,age       ] GC(26) - age   1:         88 bytes,         88 total
[2020-09-11T17:56:07.398+0000][1][gc,age       ] GC(26) - age   5:     250536 bytes,     250624 total
[2020-09-11T17:56:07.398+0000][1][gc,age       ] GC(26) - age   6:     437336 bytes,     687960 total
[2020-09-11T17:56:07.398+0000][1][gc,heap      ] GC(26) ParNew: 68982K->1213K(76672K)
[2020-09-11T17:56:07.398+0000][1][gc,heap      ] GC(26) CMS: 45548K->45548K(439104K)
[2020-09-11T17:56:07.398+0000][1][gc,metaspace ] GC(26) Metaspace: 32449K->32449K(1079296K)
[2020-09-11T17:56:07.398+0000][1][gc           ] GC(26) Pause Young (Allocation Failure) 111M->45M(503M) 11.310ms
[2020-09-11T17:56:07.398+0000][1][gc,cpu       ] GC(26) User=0.00s Sys=0.01s Real=0.01s
[2020-09-11T17:56:07.409+0000][1][safepoint    ] Safepoint "GenCollectForAllocation", Time since last: 654038861 ns, Reaching safepoint: 106543 ns, At safepoint: 21759764 ns, Total: 21866307 ns
[2020-09-11T17:56:08.027+0000][1][gc,start     ] GC(27) Pause Young (Allocation Failure)
[2020-09-11T17:56:08.027+0000][1][gc,task      ] GC(27) Using 1 workers of 1 for evacuation
[2020-09-11T17:56:08.034+0000][1][gc,age       ] GC(27) Desired survivor size 4358144 bytes, new threshold 6 (max threshold 6)
[2020-09-11T17:56:08.034+0000][1][gc,age       ] GC(27) Age table with threshold 6 (max threshold 6)
[2020-09-11T17:56:08.034+0000][1][gc,age       ] GC(27) - age   1:        224 bytes,        224 total
[2020-09-11T17:56:08.034+0000][1][gc,age       ] GC(27) - age   6:     250536 bytes,     250760 total
[2020-09-11T17:56:08.034+0000][1][gc,heap      ] GC(27) ParNew: 69373K->403K(76672K)
[2020-09-11T17:56:08.034+0000][1][gc,heap      ] GC(27) CMS: 45548K->45976K(439104K)
[2020-09-11T17:56:08.034+0000][1][gc,metaspace ] GC(27) Metaspace: 32449K->32449K(1079296K)
[2020-09-11T17:56:08.034+0000][1][gc           ] GC(27) Pause Young (Allocation Failure) 112M->45M(503M) 7.153ms
[2020-09-11T17:56:08.034+0000][1][gc,cpu       ] GC(27) User=0.00s Sys=0.00s Real=0.01s
[2020-09-11T17:56:08.042+0000][1][safepoint    ] Safepoint "GenCollectForAllocation", Time since last: 616241669 ns, Reaching safepoint: 1688704 ns, At safepoint: 15178599 ns, Total: 16867303 ns
[2020-09-11T17:56:08.922+0000][1][gc,start     ] GC(28) Pause Young (Allocation Failure)
[2020-09-11T17:56:08.922+0000][1][gc,task      ] GC(28) Using 1 workers of 1 for evacuation
[2020-09-11T17:56:08.925+0000][1][gc,age       ] GC(28) Desired survivor size 4358144 bytes, new threshold 6 (max threshold 6)
[2020-09-11T17:56:08.925+0000][1][gc,age       ] GC(28) Age table with threshold 6 (max threshold 6)
[2020-09-11T17:56:08.925+0000][1][gc,age       ] GC(28) - age   1:        312 bytes,        312 total
[2020-09-11T17:56:08.925+0000][1][gc,heap      ] GC(28) ParNew: 68563K->284K(76672K)
[2020-09-11T17:56:08.925+0000][1][gc,heap      ] GC(28) CMS: 45976K->46221K(439104K)
[2020-09-11T17:56:08.925+0000][1][gc,metaspace ] GC(28) Metaspace: 32449K->32449K(1079296K)
[2020-09-11T17:56:08.925+0000][1][gc           ] GC(28) Pause Young (Allocation Failure) 111M->45M(503M) 2.642ms
[2020-09-11T17:56:08.925+0000][1][gc,cpu       ] GC(28) User=0.00s Sys=0.00s Real=0.00s
[2020-09-11T17:56:08.929+0000][1][safepoint    ] Safepoint "GenCollectForAllocation", Time since last: 879970161 ns, Reaching safepoint: 73625 ns, At safepoint: 6856715 ns, Total: 6930340 ns
[2020-09-11T17:56:09.835+0000][1][gc,start     ] GC(29) Pause Young (Allocation Failure)
[2020-09-11T17:56:09.835+0000][1][gc,task      ] GC(29) Using 1 workers of 1 for evacuation
[2020-09-11T17:56:09.846+0000][1][gc,age       ] GC(29) Desired survivor size 4358144 bytes, new threshold 6 (max threshold 6)
[2020-09-11T17:56:09.846+0000][1][gc,age       ] GC(29) Age table with threshold 6 (max threshold 6)
[2020-09-11T17:56:09.846+0000][1][gc,age       ] GC(29) - age   1:         24 bytes,         24 total
[2020-09-11T17:56:09.846+0000][1][gc,age       ] GC(29) - age   2:         72 bytes,         96 total
[2020-09-11T17:56:09.846+0000][1][gc,heap      ] GC(29) ParNew: 68444K->71K(76672K)
[2020-09-11T17:56:09.846+0000][1][gc,heap      ] GC(29) CMS: 46221K->46221K(439104K)
[2020-09-11T17:56:09.846+0000][1][gc,metaspace ] GC(29) Metaspace: 32449K->32449K(1079296K)
[2020-09-11T17:56:09.846+0000][1][gc           ] GC(29) Pause Young (Allocation Failure) 111M->45M(503M) 10.625ms
[2020-09-11T17:56:09.846+0000][1][gc,cpu       ] GC(29) User=0.00s Sys=0.00s Real=0.01s
[2020-09-11T17:56:09.846+0000][1][safepoint    ] Safepoint "GenCollectForAllocation", Time since last: 906401267 ns, Reaching safepoint: 93487 ns, At safepoint: 10719649 ns, Total: 10813136 ns
[2020-09-11T17:56:10.627+0000][1][gc,start     ] GC(30) Pause Young (Allocation Failure)
[2020-09-11T17:56:10.627+0000][1][gc,task      ] GC(30) Using 1 workers of 1 for evacuation
[2020-09-11T17:56:10.633+0000][1][gc,age       ] GC(30) Desired survivor size 4358144 bytes, new threshold 6 (max threshold 6)
[2020-09-11T17:56:10.633+0000][1][gc,age       ] GC(30) Age table with threshold 6 (max threshold 6)
[2020-09-11T17:56:10.633+0000][1][gc,age       ] GC(30) - age   1:        224 bytes,        224 total
[2020-09-11T17:56:10.633+0000][1][gc,age       ] GC(30) - age   3:         72 bytes,        296 total
[2020-09-11T17:56:10.633+0000][1][gc,heap      ] GC(30) ParNew: 68231K->17K(76672K)
[2020-09-11T17:56:10.633+0000][1][gc,heap      ] GC(30) CMS: 46221K->46221K(439104K)
[2020-09-11T17:56:10.633+0000][1][gc,metaspace ] GC(30) Metaspace: 32449K->32449K(1079296K)
[2020-09-11T17:56:10.633+0000][1][gc           ] GC(30) Pause Young (Allocation Failure) 111M->45M(503M) 6.382ms
[2020-09-11T17:56:10.633+0000][1][gc,cpu       ] GC(30) User=0.00s Sys=0.00s Real=0.01s
[2020-09-11T17:56:10.633+0000][1][safepoint    ] Safepoint "GenCollectForAllocation", Time since last: 778771252 ns, Reaching safepoint: 1976536 ns, At safepoint: 6453119 ns, Total: 8429655 ns
[2020-09-11T17:56:10.749+0000][1][safepoint    ] Safepoint "RevokeBias", Time since last: 111579419 ns, Reaching safepoint: 4083215 ns, At safepoint: 43685 ns, Total: 4126900 ns
[2020-09-11T17:56:10.933+0000][1][gc,start     ] GC(31) Pause Young (Allocation Failure)
[2020-09-11T17:56:10.933+0000][1][gc,task      ] GC(31) Using 1 workers of 1 for evacuation
[2020-09-11T17:56:10.935+0000][1][gc,age       ] GC(31) Desired survivor size 4358144 bytes, new threshold 6 (max threshold 6)
[2020-09-11T17:56:10.935+0000][1][gc,age       ] GC(31) Age table with threshold 6 (max threshold 6)
[2020-09-11T17:56:10.935+0000][1][gc,age       ] GC(31) - age   1:        432 bytes,        432 total
[2020-09-11T17:56:10.935+0000][1][gc,age       ] GC(31) - age   4:         72 bytes,        504 total
[2020-09-11T17:56:10.935+0000][1][gc,heap      ] GC(31) ParNew: 68177K->4K(76672K)
[2020-09-11T17:56:10.935+0000][1][gc,heap      ] GC(31) CMS: 46221K->46221K(439104K)
[2020-09-11T17:56:10.935+0000][1][gc,metaspace ] GC(31) Metaspace: 32449K->32449K(1079296K)
[2020-09-11T17:56:10.935+0000][1][gc           ] GC(31) Pause Young (Allocation Failure) 111M->45M(503M) 2.353ms
[2020-09-11T17:56:10.935+0000][1][gc,cpu       ] GC(31) User=0.00s Sys=0.00s Real=0.00s
[2020-09-11T17:56:10.938+0000][1][safepoint    ] Safepoint "GenCollectForAllocation", Time since last: 179869629 ns, Reaching safepoint: 4006763 ns, At safepoint: 5684119 ns, Total: 9690882 ns
[2020-09-11T17:56:11.109+0000][1][gc,start     ] GC(32) Pause Young (Allocation Failure)
[2020-09-11T17:56:11.109+0000][1][gc,task      ] GC(32) Using 1 workers of 1 for evacuation
[2020-09-11T17:56:11.111+0000][1][gc,age       ] GC(32) Desired survivor size 4358144 bytes, new threshold 6 (max threshold 6)
[2020-09-11T17:56:11.111+0000][1][gc,age       ] GC(32) Age table with threshold 6 (max threshold 6)
[2020-09-11T17:56:11.111+0000][1][gc,age       ] GC(32) - age   1:        200 bytes,        200 total
[2020-09-11T17:56:11.111+0000][1][gc,age       ] GC(32) - age   2:        208 bytes,        408 total
[2020-09-11T17:56:11.111+0000][1][gc,age       ] GC(32) - age   5:         72 bytes,        480 total
[2020-09-11T17:56:11.111+0000][1][gc,heap      ] GC(32) ParNew: 68164K->2K(76672K)
[2020-09-11T17:56:11.111+0000][1][gc,heap      ] GC(32) CMS: 46221K->46221K(439104K)
[2020-09-11T17:56:11.111+0000][1][gc,metaspace ] GC(32) Metaspace: 32449K->32449K(1079296K)
[2020-09-11T17:56:11.111+0000][1][gc           ] GC(32) Pause Young (Allocation Failure) 111M->45M(503M) 2.313ms
[2020-09-11T17:56:11.111+0000][1][gc,cpu       ] GC(32) User=0.00s Sys=0.00s Real=0.00s
[2020-09-11T17:56:11.111+0000][1][safepoint    ] Safepoint "GenCollectForAllocation", Time since last: 161333950 ns, Reaching safepoint: 8984584 ns, At safepoint: 2377460 ns, Total: 11362044 ns
[2020-09-11T17:56:11.285+0000][1][gc,start     ] GC(33) Pause Young (Allocation Failure)
[2020-09-11T17:56:11.285+0000][1][gc,task      ] GC(33) Using 1 workers of 1 for evacuation
[2020-09-11T17:56:11.287+0000][1][gc,age       ] GC(33) Desired survivor size 4358144 bytes, new threshold 6 (max threshold 6)
[2020-09-11T17:56:11.287+0000][1][gc,age       ] GC(33) Age table with threshold 6 (max threshold 6)
[2020-09-11T17:56:11.287+0000][1][gc,age       ] GC(33) - age   1:        200 bytes,        200 total
[2020-09-11T17:56:11.287+0000][1][gc,age       ] GC(33) - age   3:        208 bytes,        408 total
[2020-09-11T17:56:11.287+0000][1][gc,age       ] GC(33) - age   6:         72 bytes,        480 total
[2020-09-11T17:56:11.287+0000][1][gc,heap      ] GC(33) ParNew: 68162K->2K(76672K)
[2020-09-11T17:56:11.287+0000][1][gc,heap      ] GC(33) CMS: 46221K->46221K(439104K)
[2020-09-11T17:56:11.287+0000][1][gc,metaspace ] GC(33) Metaspace: 32449K->32449K(1079296K)
[2020-09-11T17:56:11.287+0000][1][gc           ] GC(33) Pause Young (Allocation Failure) 111M->45M(503M) 2.324ms
[2020-09-11T17:56:11.287+0000][1][gc,cpu       ] GC(33) User=0.01s Sys=0.00s Real=0.00s
[2020-09-11T17:56:11.295+0000][1][safepoint    ] Safepoint "GenCollectForAllocation", Time since last: 168679264 ns, Reaching safepoint: 4942770 ns, At safepoint: 9940684 ns, Total: 14883454 ns
[2020-09-11T17:56:12.297+0000][1][safepoint    ] Safepoint "Cleanup", Time since last: 1002030672 ns, Reaching safepoint: 116563 ns, At safepoint: 6321 ns, Total: 122884 ns
[2020-09-11T17:56:13.325+0000][1][safepoint    ] Safepoint "Cleanup", Time since last: 1007914666 ns, Reaching safepoint: 19978795 ns, At safepoint: 8919 ns, Total: 19987714 ns
[2020-09-11T17:56:18.345+0000][1][safepoint    ] Safepoint "Cleanup", Time since last: 5019985741 ns, Reaching safepoint: 124609 ns, At safepoint: 5968 ns, Total: 130577 ns
[2020-09-11T17:56:18.929+0000][1][gc,start     ] GC(34) Pause Young (Allocation Failure)
[2020-09-11T17:56:18.929+0000][1][gc,task      ] GC(34) Using 1 workers of 1 for evacuation
[2020-09-11T17:56:18.931+0000][1][gc,age       ] GC(34) Desired survivor size 4358144 bytes, new threshold 6 (max threshold 6)
[2020-09-11T17:56:18.931+0000][1][gc,age       ] GC(34) Age table with threshold 6 (max threshold 6)
[2020-09-11T17:56:18.931+0000][1][gc,age       ] GC(34) - age   1:     243840 bytes,     243840 total
[2020-09-11T17:56:18.931+0000][1][gc,age       ] GC(34) - age   4:        208 bytes,     244048 total
[2020-09-11T17:56:18.931+0000][1][gc,heap      ] GC(34) ParNew: 68162K->240K(76672K)
[2020-09-11T17:56:18.931+0000][1][gc,heap      ] GC(34) CMS: 46221K->46221K(439104K)
[2020-09-11T17:56:18.931+0000][1][gc,metaspace ] GC(34) Metaspace: 32471K->32471K(1079296K)
[2020-09-11T17:56:18.931+0000][1][gc           ] GC(34) Pause Young (Allocation Failure) 111M->45M(503M) 2.564ms
[2020-09-11T17:56:18.931+0000][1][gc,cpu       ] GC(34) User=0.00s Sys=0.00s Real=0.00s
[2020-09-11T17:56:18.935+0000][1][safepoint    ] Safepoint "GenCollectForAllocation", Time since last: 583880350 ns, Reaching safepoint: 95971 ns, At safepoint: 6024171 ns, Total: 6120142 ns
[2020-09-11T17:56:20.575+0000][1][gc,start     ] GC(35) Pause Young (Allocation Failure)
[2020-09-11T17:56:20.575+0000][1][gc,task      ] GC(35) Using 1 workers of 1 for evacuation
[2020-09-11T17:56:20.586+0000][1][gc,age       ] GC(35) Desired survivor size 4358144 bytes, new threshold 6 (max threshold 6)
[2020-09-11T17:56:20.586+0000][1][gc,age       ] GC(35) Age table with threshold 6 (max threshold 6)
[2020-09-11T17:56:20.586+0000][1][gc,age       ] GC(35) - age   1:     512632 bytes,     512632 total
[2020-09-11T17:56:20.586+0000][1][gc,age       ] GC(35) - age   2:     150592 bytes,     663224 total
[2020-09-11T17:56:20.586+0000][1][gc,age       ] GC(35) - age   5:        208 bytes,     663432 total
[2020-09-11T17:56:20.586+0000][1][gc,heap      ] GC(35) ParNew: 68400K->648K(76672K)
[2020-09-11T17:56:20.586+0000][1][gc,heap      ] GC(35) CMS: 46221K->46221K(439104K)
[2020-09-11T17:56:20.586+0000][1][gc,metaspace ] GC(35) Metaspace: 32471K->32471K(1079296K)
[2020-09-11T17:56:20.586+0000][1][gc           ] GC(35) Pause Young (Allocation Failure) 111M->45M(503M) 10.878ms
[2020-09-11T17:56:20.586+0000][1][gc,cpu       ] GC(35) User=0.01s Sys=0.00s Real=0.01s
[2020-09-11T17:56:20.593+0000][1][safepoint    ] Safepoint "GenCollectForAllocation", Time since last: 1640404983 ns, Reaching safepoint: 96419 ns, At safepoint: 17426335 ns, Total: 17522754 ns
[2020-09-11T17:56:22.355+0000][1][gc,start     ] GC(36) Pause Young (Allocation Failure)
[2020-09-11T17:56:22.355+0000][1][gc,task      ] GC(36) Using 1 workers of 1 for evacuation
[2020-09-11T17:56:22.366+0000][1][gc,age       ] GC(36) Desired survivor size 4358144 bytes, new threshold 6 (max threshold 6)
[2020-09-11T17:56:22.366+0000][1][gc,age       ] GC(36) Age table with threshold 6 (max threshold 6)
[2020-09-11T17:56:22.366+0000][1][gc,age       ] GC(36) - age   1:     642952 bytes,     642952 total
[2020-09-11T17:56:22.366+0000][1][gc,age       ] GC(36) - age   2:     340264 bytes,     983216 total
[2020-09-11T17:56:22.366+0000][1][gc,age       ] GC(36) - age   3:     150008 bytes,    1133224 total
[2020-09-11T17:56:22.366+0000][1][gc,age       ] GC(36) - age   6:        208 bytes,    1133432 total
[2020-09-11T17:56:22.366+0000][1][gc,heap      ] GC(36) ParNew: 68808K->1115K(76672K)
[2020-09-11T17:56:22.366+0000][1][gc,heap      ] GC(36) CMS: 46221K->46221K(439104K)
[2020-09-11T17:56:22.366+0000][1][gc,metaspace ] GC(36) Metaspace: 32472K->32472K(1079296K)
[2020-09-11T17:56:22.366+0000][1][gc           ] GC(36) Pause Young (Allocation Failure) 112M->46M(503M) 10.987ms
[2020-09-11T17:56:22.366+0000][1][gc,cpu       ] GC(36) User=0.01s Sys=0.00s Real=0.01s
[2020-09-11T17:56:22.381+0000][1][safepoint    ] Safepoint "GenCollectForAllocation", Time since last: 1761886173 ns, Reaching safepoint: 100363 ns, At safepoint: 25986134 ns, Total: 26086497 ns
[2020-09-11T17:56:23.385+0000][1][safepoint    ] Safepoint "Cleanup", Time since last: 1003953736 ns, Reaching safepoint: 109080 ns, At safepoint: 7102 ns, Total: 116182 ns
[2020-09-11T17:56:23.785+0000][1][gc,start     ] GC(37) Pause Young (Allocation Failure)
[2020-09-11T17:56:23.785+0000][1][gc,task      ] GC(37) Using 1 workers of 1 for evacuation
[2020-09-11T17:56:23.788+0000][1][gc,age       ] GC(37) Desired survivor size 4358144 bytes, new threshold 6 (max threshold 6)
[2020-09-11T17:56:23.788+0000][1][gc,age       ] GC(37) Age table with threshold 6 (max threshold 6)
[2020-09-11T17:56:23.788+0000][1][gc,age       ] GC(37) - age   1:     277728 bytes,     277728 total
[2020-09-11T17:56:23.788+0000][1][gc,age       ] GC(37) - age   2:     629296 bytes,     907024 total
[2020-09-11T17:56:23.788+0000][1][gc,age       ] GC(37) - age   3:     340136 bytes,    1247160 total
[2020-09-11T17:56:23.788+0000][1][gc,age       ] GC(37) - age   4:     149624 bytes,    1396784 total
[2020-09-11T17:56:23.788+0000][1][gc,heap      ] GC(37) ParNew: 69275K->1381K(76672K)
[2020-09-11T17:56:23.788+0000][1][gc,heap      ] GC(37) CMS: 46221K->46221K(439104K)
[2020-09-11T17:56:23.788+0000][1][gc,metaspace ] GC(37) Metaspace: 32472K->32472K(1079296K)
[2020-09-11T17:56:23.788+0000][1][gc           ] GC(37) Pause Young (Allocation Failure) 112M->46M(503M) 2.794ms
[2020-09-11T17:56:23.788+0000][1][gc,cpu       ] GC(37) User=0.00s Sys=0.00s Real=0.00s
[2020-09-11T17:56:23.797+0000][1][safepoint    ] Safepoint "GenCollectForAllocation", Time since last: 399894292 ns, Reaching safepoint: 100357 ns, At safepoint: 11919471 ns, Total: 12019828 ns
[2020-09-11T17:56:24.797+0000][1][safepoint    ] Safepoint "Cleanup", Time since last: 1000104055 ns, Reaching safepoint: 112477 ns, At safepoint: 6021 ns, Total: 118498 ns
[2020-09-11T17:56:25.177+0000][1][gc,start     ] GC(38) Pause Young (Allocation Failure)
[2020-09-11T17:56:25.177+0000][1][gc,task      ] GC(38) Using 1 workers of 1 for evacuation
[2020-09-11T17:56:25.180+0000][1][gc,age       ] GC(38) Desired survivor size 4358144 bytes, new threshold 6 (max threshold 6)
[2020-09-11T17:56:25.180+0000][1][gc,age       ] GC(38) Age table with threshold 6 (max threshold 6)
[2020-09-11T17:56:25.180+0000][1][gc,age       ] GC(38) - age   1:     935144 bytes,     935144 total
[2020-09-11T17:56:25.180+0000][1][gc,age       ] GC(38) - age   2:     264696 bytes,    1199840 total
[2020-09-11T17:56:25.180+0000][1][gc,age       ] GC(38) - age   3:     297400 bytes,    1497240 total
[2020-09-11T17:56:25.180+0000][1][gc,age       ] GC(38) - age   4:     340136 bytes,    1837376 total
[2020-09-11T17:56:25.180+0000][1][gc,age       ] GC(38) - age   5:     149520 bytes,    1986896 total
[2020-09-11T17:56:25.180+0000][1][gc,heap      ] GC(38) ParNew: 69541K->1999K(76672K)
[2020-09-11T17:56:25.180+0000][1][gc,heap      ] GC(38) CMS: 46221K->46221K(439104K)
[2020-09-11T17:56:25.180+0000][1][gc,metaspace ] GC(38) Metaspace: 32473K->32473K(1079296K)
[2020-09-11T17:56:25.180+0000][1][gc           ] GC(38) Pause Young (Allocation Failure) 113M->47M(503M) 2.810ms
[2020-09-11T17:56:25.180+0000][1][gc,cpu       ] GC(38) User=0.00s Sys=0.00s Real=0.00s
[2020-09-11T17:56:25.193+0000][1][safepoint    ] Safepoint "GenCollectForAllocation", Time since last: 375772753 ns, Reaching safepoint: 4022456 ns, At safepoint: 15968098 ns, Total: 19990554 ns
[2020-09-11T17:56:25.908+0000][1][gc,start     ] GC(39) Pause Young (Allocation Failure)
[2020-09-11T17:56:25.908+0000][1][gc,task      ] GC(39) Using 1 workers of 1 for evacuation
[2020-09-11T17:56:25.911+0000][1][gc,age       ] GC(39) Desired survivor size 4358144 bytes, new threshold 6 (max threshold 6)
[2020-09-11T17:56:25.911+0000][1][gc,age       ] GC(39) Age table with threshold 6 (max threshold 6)
[2020-09-11T17:56:25.911+0000][1][gc,age       ] GC(39) - age   1:     344664 bytes,     344664 total
[2020-09-11T17:56:25.911+0000][1][gc,age       ] GC(39) - age   2:     922736 bytes,    1267400 total
[2020-09-11T17:56:25.911+0000][1][gc,age       ] GC(39) - age   3:     263544 bytes,    1530944 total
[2020-09-11T17:56:25.911+0000][1][gc,age       ] GC(39) - age   4:     296896 bytes,    1827840 total
[2020-09-11T17:56:25.911+0000][1][gc,age       ] GC(39) - age   5:     339720 bytes,    2167560 total
[2020-09-11T17:56:25.911+0000][1][gc,age       ] GC(39) - age   6:     149480 bytes,    2317040 total
[2020-09-11T17:56:25.911+0000][1][gc,heap      ] GC(39) ParNew: 70159K->2353K(76672K)
[2020-09-11T17:56:25.911+0000][1][gc,heap      ] GC(39) CMS: 46221K->46221K(439104K)
[2020-09-11T17:56:25.911+0000][1][gc,metaspace ] GC(39) Metaspace: 32473K->32473K(1079296K)
[2020-09-11T17:56:25.911+0000][1][gc           ] GC(39) Pause Young (Allocation Failure) 113M->47M(503M) 3.154ms
[2020-09-11T17:56:25.911+0000][1][gc,cpu       ] GC(39) User=0.00s Sys=0.00s Real=0.00s
[2020-09-11T17:56:25.913+0000][1][safepoint    ] Safepoint "GenCollectForAllocation", Time since last: 712015000 ns, Reaching safepoint: 3474384 ns, At safepoint: 4520940 ns, Total: 7995324 ns
[2020-09-11T17:56:26.017+0000][1][safepoint    ] Safepoint "RevokeBias", Time since last: 100431102 ns, Reaching safepoint: 3569791 ns, At safepoint: 31977 ns, Total: 3601768 ns
[2020-09-11T17:56:26.669+0000][1][gc,start     ] GC(40) Pause Young (Allocation Failure)
[2020-09-11T17:56:26.669+0000][1][gc,task      ] GC(40) Using 1 workers of 1 for evacuation
[2020-09-11T17:56:26.672+0000][1][gc,age       ] GC(40) Desired survivor size 4358144 bytes, new threshold 6 (max threshold 6)
[2020-09-11T17:56:26.672+0000][1][gc,age       ] GC(40) Age table with threshold 6 (max threshold 6)
[2020-09-11T17:56:26.672+0000][1][gc,age       ] GC(40) - age   1:     381624 bytes,     381624 total
[2020-09-11T17:56:26.672+0000][1][gc,age       ] GC(40) - age   2:     333848 bytes,     715472 total
[2020-09-11T17:56:26.672+0000][1][gc,age       ] GC(40) - age   3:     922168 bytes,    1637640 total
[2020-09-11T17:56:26.672+0000][1][gc,age       ] GC(40) - age   4:     263312 bytes,    1900952 total
[2020-09-11T17:56:26.672+0000][1][gc,age       ] GC(40) - age   5:     296776 bytes,    2197728 total
[2020-09-11T17:56:26.672+0000][1][gc,age       ] GC(40) - age   6:     339720 bytes,    2537448 total
[2020-09-11T17:56:26.672+0000][1][gc,heap      ] GC(40) ParNew: 70513K->2501K(76672K)
[2020-09-11T17:56:26.672+0000][1][gc,heap      ] GC(40) CMS: 46221K->46364K(439104K)
[2020-09-11T17:56:26.672+0000][1][gc,metaspace ] GC(40) Metaspace: 32474K->32474K(1079296K)
[2020-09-11T17:56:26.672+0000][1][gc           ] GC(40) Pause Young (Allocation Failure) 113M->47M(503M) 3.143ms
[2020-09-11T17:56:26.672+0000][1][gc,cpu       ] GC(40) User=0.00s Sys=0.00s Real=0.00s
[2020-09-11T17:56:26.681+0000][1][safepoint    ] Safepoint "GenCollectForAllocation", Time since last: 650637190 ns, Reaching safepoint: 1384871 ns, At safepoint: 12624831 ns, Total: 14009702 ns
[2020-09-11T17:56:27.013+0000][1][gc,start     ] GC(41) Pause Young (Allocation Failure)
[2020-09-11T17:56:27.013+0000][1][gc,task      ] GC(41) Using 1 workers of 1 for evacuation
[2020-09-11T17:56:27.016+0000][1][gc,age       ] GC(41) Desired survivor size 4358144 bytes, new threshold 6 (max threshold 6)
[2020-09-11T17:56:27.016+0000][1][gc,age       ] GC(41) Age table with threshold 6 (max threshold 6)
[2020-09-11T17:56:27.016+0000][1][gc,age       ] GC(41) - age   1:        216 bytes,        216 total
[2020-09-11T17:56:27.016+0000][1][gc,age       ] GC(41) - age   2:     381416 bytes,     381632 total
[2020-09-11T17:56:27.016+0000][1][gc,age       ] GC(41) - age   3:     333848 bytes,     715480 total
[2020-09-11T17:56:27.016+0000][1][gc,age       ] GC(41) - age   4:     922168 bytes,    1637648 total
[2020-09-11T17:56:27.016+0000][1][gc,age       ] GC(41) - age   5:     263312 bytes,    1900960 total
[2020-09-11T17:56:27.016+0000][1][gc,age       ] GC(41) - age   6:     296776 bytes,    2197736 total
[2020-09-11T17:56:27.016+0000][1][gc,heap      ] GC(41) ParNew: 70661K->2162K(76672K)
[2020-09-11T17:56:27.016+0000][1][gc,heap      ] GC(41) CMS: 46364K->46696K(439104K)
[2020-09-11T17:56:27.016+0000][1][gc,metaspace ] GC(41) Metaspace: 32474K->32474K(1079296K)
[2020-09-11T17:56:27.016+0000][1][gc           ] GC(41) Pause Young (Allocation Failure) 114M->47M(503M) 3.088ms
[2020-09-11T17:56:27.016+0000][1][gc,cpu       ] GC(41) User=0.00s Sys=0.00s Real=0.00s
[2020-09-11T17:56:27.029+0000][1][safepoint    ] Safepoint "GenCollectForAllocation", Time since last: 329587971 ns, Reaching safepoint: 1731447 ns, At safepoint: 16013510 ns, Total: 17744957 ns
[2020-09-11T17:56:27.285+0000][1][gc,start     ] GC(42) Pause Young (Allocation Failure)
[2020-09-11T17:56:27.285+0000][1][gc,task      ] GC(42) Using 1 workers of 1 for evacuation
[2020-09-11T17:56:27.288+0000][1][gc,age       ] GC(42) Desired survivor size 4358144 bytes, new threshold 6 (max threshold 6)
[2020-09-11T17:56:27.288+0000][1][gc,age       ] GC(42) Age table with threshold 6 (max threshold 6)
[2020-09-11T17:56:27.288+0000][1][gc,age       ] GC(42) - age   1:         80 bytes,         80 total
[2020-09-11T17:56:27.288+0000][1][gc,age       ] GC(42) - age   2:        160 bytes,        240 total
[2020-09-11T17:56:27.288+0000][1][gc,age       ] GC(42) - age   3:     381416 bytes,     381656 total
[2020-09-11T17:56:27.288+0000][1][gc,age       ] GC(42) - age   4:     333848 bytes,     715504 total
[2020-09-11T17:56:27.288+0000][1][gc,age       ] GC(42) - age   5:     922168 bytes,    1637672 total
[2020-09-11T17:56:27.288+0000][1][gc,age       ] GC(42) - age   6:     263312 bytes,    1900984 total
[2020-09-11T17:56:27.288+0000][1][gc,heap      ] GC(42) ParNew: 70322K->2110K(76672K)
[2020-09-11T17:56:27.288+0000][1][gc,heap      ] GC(42) CMS: 46696K->46986K(439104K)
[2020-09-11T17:56:27.288+0000][1][gc,metaspace ] GC(42) Metaspace: 32474K->32474K(1079296K)
[2020-09-11T17:56:27.288+0000][1][gc           ] GC(42) Pause Young (Allocation Failure) 114M->47M(503M) 2.930ms
[2020-09-11T17:56:27.288+0000][1][gc,cpu       ] GC(42) User=0.00s Sys=0.00s Real=0.00s
[2020-09-11T17:56:27.288+0000][1][safepoint    ] Safepoint "GenCollectForAllocation", Time since last: 255997028 ns, Reaching safepoint: 111648 ns, At safepoint: 2994023 ns, Total: 3105671 ns
[2020-09-11T17:56:27.529+0000][1][gc,start     ] GC(43) Pause Young (Allocation Failure)
[2020-09-11T17:56:27.529+0000][1][gc,task      ] GC(43) Using 1 workers of 1 for evacuation
[2020-09-11T17:56:27.532+0000][1][gc,age       ] GC(43) Desired survivor size 4358144 bytes, new threshold 6 (max threshold 6)
[2020-09-11T17:56:27.532+0000][1][gc,age       ] GC(43) Age table with threshold 6 (max threshold 6)
[2020-09-11T17:56:27.532+0000][1][gc,age       ] GC(43) - age   1:         24 bytes,         24 total
[2020-09-11T17:56:27.532+0000][1][gc,age       ] GC(43) - age   3:        160 bytes,        184 total
[2020-09-11T17:56:27.532+0000][1][gc,age       ] GC(43) - age   4:     381416 bytes,     381600 total
[2020-09-11T17:56:27.532+0000][1][gc,age       ] GC(43) - age   5:     333848 bytes,     715448 total
[2020-09-11T17:56:27.532+0000][1][gc,age       ] GC(43) - age   6:     922168 bytes,    1637616 total
[2020-09-11T17:56:27.532+0000][1][gc,heap      ] GC(43) ParNew: 70270K->1680K(76672K)
[2020-09-11T17:56:27.532+0000][1][gc,heap      ] GC(43) CMS: 46986K->47243K(439104K)
[2020-09-11T17:56:27.532+0000][1][gc,metaspace ] GC(43) Metaspace: 32474K->32474K(1079296K)
[2020-09-11T17:56:27.532+0000][1][gc           ] GC(43) Pause Young (Allocation Failure) 114M->47M(503M) 2.872ms
[2020-09-11T17:56:27.532+0000][1][gc,cpu       ] GC(43) User=0.00s Sys=0.00s Real=0.00s
[2020-09-11T17:56:27.541+0000][1][safepoint    ] Safepoint "GenCollectForAllocation", Time since last: 240258116 ns, Reaching safepoint: 617747 ns, At safepoint: 12104809 ns, Total: 12722556 ns
[2020-09-11T17:56:27.821+0000][1][gc,start     ] GC(44) Pause Young (Allocation Failure)
[2020-09-11T17:56:27.821+0000][1][gc,task      ] GC(44) Using 1 workers of 1 for evacuation
[2020-09-11T17:56:27.824+0000][1][gc,age       ] GC(44) Desired survivor size 4358144 bytes, new threshold 6 (max threshold 6)
[2020-09-11T17:56:27.824+0000][1][gc,age       ] GC(44) Age table with threshold 6 (max threshold 6)
[2020-09-11T17:56:27.824+0000][1][gc,age       ] GC(44) - age   1:        392 bytes,        392 total
[2020-09-11T17:56:27.824+0000][1][gc,age       ] GC(44) - age   4:        160 bytes,        552 total
[2020-09-11T17:56:27.824+0000][1][gc,age       ] GC(44) - age   5:     381416 bytes,     381968 total
[2020-09-11T17:56:27.824+0000][1][gc,age       ] GC(44) - age   6:     333848 bytes,     715816 total
[2020-09-11T17:56:27.824+0000][1][gc,heap      ] GC(44) ParNew: 69840K->947K(76672K)
[2020-09-11T17:56:27.824+0000][1][gc,heap      ] GC(44) CMS: 47243K->48144K(439104K)
[2020-09-11T17:56:27.824+0000][1][gc,metaspace ] GC(44) Metaspace: 32474K->32474K(1079296K)
[2020-09-11T17:56:27.824+0000][1][gc           ] GC(44) Pause Young (Allocation Failure) 114M->47M(503M) 3.359ms
[2020-09-11T17:56:27.824+0000][1][gc,cpu       ] GC(44) User=0.00s Sys=0.00s Real=0.00s
[2020-09-11T17:56:27.829+0000][1][safepoint    ] Safepoint "GenCollectForAllocation", Time since last: 279922206 ns, Reaching safepoint: 102714 ns, At safepoint: 8310040 ns, Total: 8412754 ns
[2020-09-11T17:56:28.073+0000][1][gc,start     ] GC(45) Pause Young (Allocation Failure)
[2020-09-11T17:56:28.073+0000][1][gc,task      ] GC(45) Using 1 workers of 1 for evacuation
[2020-09-11T17:56:28.081+0000][1][gc,age       ] GC(45) Desired survivor size 4358144 bytes, new threshold 6 (max threshold 6)
[2020-09-11T17:56:28.081+0000][1][gc,age       ] GC(45) Age table with threshold 6 (max threshold 6)
[2020-09-11T17:56:28.081+0000][1][gc,age       ] GC(45) - age   1:        224 bytes,        224 total
[2020-09-11T17:56:28.081+0000][1][gc,age       ] GC(45) - age   2:        296 bytes,        520 total
[2020-09-11T17:56:28.081+0000][1][gc,age       ] GC(45) - age   5:        160 bytes,        680 total
[2020-09-11T17:56:28.081+0000][1][gc,age       ] GC(45) - age   6:     381416 bytes,     382096 total
[2020-09-11T17:56:28.081+0000][1][gc,heap      ] GC(45) ParNew: 69107K->761K(76672K)
[2020-09-11T17:56:28.081+0000][1][gc,heap      ] GC(45) CMS: 48144K->48470K(439104K)
[2020-09-11T17:56:28.081+0000][1][gc,metaspace ] GC(45) Metaspace: 32474K->32474K(1079296K)
[2020-09-11T17:56:28.081+0000][1][gc           ] GC(45) Pause Young (Allocation Failure) 114M->48M(503M) 8.582ms
[2020-09-11T17:56:28.081+0000][1][gc,cpu       ] GC(45) User=0.01s Sys=0.00s Real=0.01s
[2020-09-11T17:56:28.081+0000][1][safepoint    ] Safepoint "GenCollectForAllocation", Time since last: 238332657 ns, Reaching safepoint: 5246212 ns, At safepoint: 8647972 ns, Total: 13894184 ns
[2020-09-11T17:56:28.329+0000][1][gc,start     ] GC(46) Pause Young (Allocation Failure)
[2020-09-11T17:56:28.329+0000][1][gc,task      ] GC(46) Using 1 workers of 1 for evacuation
[2020-09-11T17:56:28.332+0000][1][gc,age       ] GC(46) Desired survivor size 4358144 bytes, new threshold 6 (max threshold 6)
[2020-09-11T17:56:28.332+0000][1][gc,age       ] GC(46) Age table with threshold 6 (max threshold 6)
[2020-09-11T17:56:28.332+0000][1][gc,age       ] GC(46) - age   1:         24 bytes,         24 total
[2020-09-11T17:56:28.332+0000][1][gc,age       ] GC(46) - age   3:        296 bytes,        320 total
[2020-09-11T17:56:28.332+0000][1][gc,age       ] GC(46) - age   6:        160 bytes,        480 total
[2020-09-11T17:56:28.332+0000][1][gc,heap      ] GC(46) ParNew: 68921K->330K(76672K)
[2020-09-11T17:56:28.332+0000][1][gc,heap      ] GC(46) CMS: 48470K->48843K(439104K)
[2020-09-11T17:56:28.332+0000][1][gc,metaspace ] GC(46) Metaspace: 32474K->32474K(1079296K)
[2020-09-11T17:56:28.332+0000][1][gc           ] GC(46) Pause Young (Allocation Failure) 114M->48M(503M) 2.898ms
[2020-09-11T17:56:28.332+0000][1][gc,cpu       ] GC(46) User=0.01s Sys=0.00s Real=0.00s
[2020-09-11T17:56:28.337+0000][1][safepoint    ] Safepoint "GenCollectForAllocation", Time since last: 243347278 ns, Reaching safepoint: 4015014 ns, At safepoint: 7974185 ns, Total: 11989199 ns
[2020-09-11T17:56:28.585+0000][1][gc,start     ] GC(47) Pause Young (Allocation Failure)
[2020-09-11T17:56:28.585+0000][1][gc,task      ] GC(47) Using 1 workers of 1 for evacuation
[2020-09-11T17:56:28.587+0000][1][gc,age       ] GC(47) Desired survivor size 4358144 bytes, new threshold 6 (max threshold 6)
[2020-09-11T17:56:28.587+0000][1][gc,age       ] GC(47) Age table with threshold 6 (max threshold 6)
[2020-09-11T17:56:28.587+0000][1][gc,age       ] GC(47) - age   1:        176 bytes,        176 total
[2020-09-11T17:56:28.587+0000][1][gc,age       ] GC(47) - age   4:        296 bytes,        472 total
[2020-09-11T17:56:28.587+0000][1][gc,heap      ] GC(47) ParNew: 68490K->82K(76672K)
[2020-09-11T17:56:28.587+0000][1][gc,heap      ] GC(47) CMS: 48843K->48843K(439104K)
[2020-09-11T17:56:28.587+0000][1][gc,metaspace ] GC(47) Metaspace: 32474K->32474K(1079296K)
[2020-09-11T17:56:28.587+0000][1][gc           ] GC(47) Pause Young (Allocation Failure) 114M->47M(503M) 2.392ms
[2020-09-11T17:56:28.587+0000][1][gc,cpu       ] GC(47) User=0.01s Sys=0.00s Real=0.00s
[2020-09-11T17:56:28.589+0000][1][safepoint    ] Safepoint "GenCollectForAllocation", Time since last: 244770614 ns, Reaching safepoint: 3230943 ns, At safepoint: 4001917 ns, Total: 7232860 ns
[2020-09-11T17:56:28.837+0000][1][gc,start     ] GC(48) Pause Young (Allocation Failure)
[2020-09-11T17:56:28.837+0000][1][gc,task      ] GC(48) Using 1 workers of 1 for evacuation
[2020-09-11T17:56:28.839+0000][1][gc,age       ] GC(48) Desired survivor size 4358144 bytes, new threshold 6 (max threshold 6)
[2020-09-11T17:56:28.839+0000][1][gc,age       ] GC(48) Age table with threshold 6 (max threshold 6)
[2020-09-11T17:56:28.839+0000][1][gc,age       ] GC(48) - age   1:        120 bytes,        120 total
[2020-09-11T17:56:28.839+0000][1][gc,age       ] GC(48) - age   5:        296 bytes,        416 total
[2020-09-11T17:56:28.839+0000][1][gc,heap      ] GC(48) ParNew: 68242K->20K(76672K)
[2020-09-11T17:56:28.839+0000][1][gc,heap      ] GC(48) CMS: 48843K->48843K(439104K)
[2020-09-11T17:56:28.839+0000][1][gc,metaspace ] GC(48) Metaspace: 32474K->32474K(1079296K)
[2020-09-11T17:56:28.839+0000][1][gc           ] GC(48) Pause Young (Allocation Failure) 114M->47M(503M) 2.468ms
[2020-09-11T17:56:28.839+0000][1][gc,cpu       ] GC(48) User=0.00s Sys=0.00s Real=0.00s
[2020-09-11T17:56:28.839+0000][1][safepoint    ] Safepoint "GenCollectForAllocation", Time since last: 244015600 ns, Reaching safepoint: 4006069 ns, At safepoint: 2536088 ns, Total: 6542157 ns
[2020-09-11T17:56:29.145+0000][1][gc,start     ] GC(49) Pause Young (Allocation Failure)
[2020-09-11T17:56:29.145+0000][1][gc,task      ] GC(49) Using 1 workers of 1 for evacuation
[2020-09-11T17:56:29.147+0000][1][gc,age       ] GC(49) Desired survivor size 4358144 bytes, new threshold 6 (max threshold 6)
[2020-09-11T17:56:29.147+0000][1][gc,age       ] GC(49) Age table with threshold 6 (max threshold 6)
[2020-09-11T17:56:29.147+0000][1][gc,age       ] GC(49) - age   1:        128 bytes,        128 total
[2020-09-11T17:56:29.147+0000][1][gc,age       ] GC(49) - age   6:        296 bytes,        424 total
[2020-09-11T17:56:29.147+0000][1][gc,heap      ] GC(49) ParNew: 68180K->5K(76672K)
[2020-09-11T17:56:29.147+0000][1][gc,heap      ] GC(49) CMS: 48843K->48843K(439104K)
[2020-09-11T17:56:29.147+0000][1][gc,metaspace ] GC(49) Metaspace: 32474K->32474K(1079296K)
[2020-09-11T17:56:29.147+0000][1][gc           ] GC(49) Pause Young (Allocation Failure) 114M->47M(503M) 2.385ms
[2020-09-11T17:56:29.147+0000][1][gc,cpu       ] GC(49) User=0.00s Sys=0.00s Real=0.00s
[2020-09-11T17:56:29.157+0000][1][safepoint    ] Safepoint "GenCollectForAllocation", Time since last: 301860185 ns, Reaching safepoint: 3578818 ns, At safepoint: 11990119 ns, Total: 15568937 ns
[2020-09-11T17:56:30.169+0000][1][safepoint    ] Safepoint "Cleanup", Time since last: 1011342679 ns, Reaching safepoint: 647952 ns, At safepoint: 6386 ns, Total: 654338 ns
[2020-09-11T17:56:31.177+0000][1][safepoint    ] Safepoint "Cleanup", Time since last: 1008533585 ns, Reaching safepoint: 115066 ns, At safepoint: 5591 ns, Total: 120657 ns
[2020-09-11T17:56:31.260+0000][1][gc,start     ] GC(50) Pause Young (Allocation Failure)
[2020-09-11T17:56:31.260+0000][1][gc,task      ] GC(50) Using 1 workers of 1 for evacuation
[2020-09-11T17:56:31.262+0000][1][gc,age       ] GC(50) Desired survivor size 4358144 bytes, new threshold 6 (max threshold 6)
[2020-09-11T17:56:31.262+0000][1][gc,age       ] GC(50) Age table with threshold 6 (max threshold 6)
[2020-09-11T17:56:31.262+0000][1][gc,age       ] GC(50) - age   1:      96376 bytes,      96376 total
[2020-09-11T17:56:31.262+0000][1][gc,heap      ] GC(50) ParNew: 68165K->96K(76672K)
[2020-09-11T17:56:31.263+0000][1][gc,heap      ] GC(50) CMS: 48843K->48843K(439104K)
[2020-09-11T17:56:31.263+0000][1][gc,metaspace ] GC(50) Metaspace: 32476K->32476K(1079296K)
[2020-09-11T17:56:31.263+0000][1][gc           ] GC(50) Pause Young (Allocation Failure) 114M->47M(503M) 2.551ms
[2020-09-11T17:56:31.263+0000][1][gc,cpu       ] GC(50) User=0.00s Sys=0.00s Real=0.01s
[2020-09-11T17:56:31.270+0000][1][safepoint    ] Safepoint "GenCollectForAllocation", Time since last: 82436392 ns, Reaching safepoint: 110106 ns, At safepoint: 9693821 ns, Total: 9803927 ns
[2020-09-11T17:56:31.753+0000][1][gc,start     ] GC(51) Pause Young (Allocation Failure)
[2020-09-11T17:56:31.753+0000][1][gc,task      ] GC(51) Using 1 workers of 1 for evacuation
[2020-09-11T17:56:31.755+0000][1][gc,age       ] GC(51) Desired survivor size 4358144 bytes, new threshold 6 (max threshold 6)
[2020-09-11T17:56:31.755+0000][1][gc,age       ] GC(51) Age table with threshold 6 (max threshold 6)
[2020-09-11T17:56:31.755+0000][1][gc,age       ] GC(51) - age   1:     546480 bytes,     546480 total
[2020-09-11T17:56:31.755+0000][1][gc,age       ] GC(51) - age   2:      49360 bytes,     595840 total
[2020-09-11T17:56:31.755+0000][1][gc,heap      ] GC(51) ParNew: 68256K->600K(76672K)
[2020-09-11T17:56:31.755+0000][1][gc,heap      ] GC(51) CMS: 48843K->48843K(439104K)
[2020-09-11T17:56:31.755+0000][1][gc,metaspace ] GC(51) Metaspace: 32476K->32476K(1079296K)
[2020-09-11T17:56:31.755+0000][1][gc           ] GC(51) Pause Young (Allocation Failure) 114M->48M(503M) 2.688ms
[2020-09-11T17:56:31.756+0000][1][gc,cpu       ] GC(51) User=0.00s Sys=0.00s Real=0.00s
[2020-09-11T17:56:31.763+0000][1][safepoint    ] Safepoint "GenCollectForAllocation", Time since last: 482181400 ns, Reaching safepoint: 945158 ns, At safepoint: 10072545 ns, Total: 11017703 ns
[2020-09-11T17:56:32.235+0000][1][gc,start     ] GC(52) Pause Young (Allocation Failure)
[2020-09-11T17:56:32.235+0000][1][gc,task      ] GC(52) Using 1 workers of 1 for evacuation
[2020-09-11T17:56:32.242+0000][1][gc,age       ] GC(52) Desired survivor size 4358144 bytes, new threshold 6 (max threshold 6)
[2020-09-11T17:56:32.242+0000][1][gc,age       ] GC(52) Age table with threshold 6 (max threshold 6)
[2020-09-11T17:56:32.242+0000][1][gc,age       ] GC(52) - age   1:     645144 bytes,     645144 total
[2020-09-11T17:56:32.242+0000][1][gc,age       ] GC(52) - age   2:     374720 bytes,    1019864 total
[2020-09-11T17:56:32.242+0000][1][gc,age       ] GC(52) - age   3:      48608 bytes,    1068472 total
[2020-09-11T17:56:32.243+0000][1][gc,heap      ] GC(52) ParNew: 68760K->1055K(76672K)
[2020-09-11T17:56:32.243+0000][1][gc,heap      ] GC(52) CMS: 48843K->48843K(439104K)
[2020-09-11T17:56:32.243+0000][1][gc,metaspace ] GC(52) Metaspace: 32476K->32476K(1079296K)
[2020-09-11T17:56:32.243+0000][1][gc           ] GC(52) Pause Young (Allocation Failure) 114M->48M(503M) 7.162ms
[2020-09-11T17:56:32.243+0000][1][gc,cpu       ] GC(52) User=0.01s Sys=0.00s Real=0.01s
[2020-09-11T17:56:32.248+0000][1][safepoint    ] Safepoint "GenCollectForAllocation", Time since last: 470424191 ns, Reaching safepoint: 2094564 ns, At safepoint: 12903939 ns, Total: 14998503 ns
[2020-09-11T17:56:32.689+0000][1][gc,start     ] GC(53) Pause Young (Allocation Failure)
[2020-09-11T17:56:32.689+0000][1][gc,task      ] GC(53) Using 1 workers of 1 for evacuation
[2020-09-11T17:56:32.691+0000][1][gc,age       ] GC(53) Desired survivor size 4358144 bytes, new threshold 6 (max threshold 6)
[2020-09-11T17:56:32.691+0000][1][gc,age       ] GC(53) Age table with threshold 6 (max threshold 6)
[2020-09-11T17:56:32.691+0000][1][gc,age       ] GC(53) - age   1:     315136 bytes,     315136 total
[2020-09-11T17:56:32.691+0000][1][gc,age       ] GC(53) - age   2:     627960 bytes,     943096 total
[2020-09-11T17:56:32.691+0000][1][gc,age       ] GC(53) - age   3:     373936 bytes,    1317032 total
[2020-09-11T17:56:32.691+0000][1][gc,age       ] GC(53) - age   4:      48264 bytes,    1365296 total
[2020-09-11T17:56:32.692+0000][1][gc,heap      ] GC(53) ParNew: 69215K->1396K(76672K)
[2020-09-11T17:56:32.692+0000][1][gc,heap      ] GC(53) CMS: 48843K->48843K(439104K)
[2020-09-11T17:56:32.692+0000][1][gc,metaspace ] GC(53) Metaspace: 32476K->32476K(1079296K)
[2020-09-11T17:56:32.692+0000][1][gc           ] GC(53) Pause Young (Allocation Failure) 115M->49M(503M) 2.779ms
[2020-09-11T17:56:32.692+0000][1][gc,cpu       ] GC(53) User=0.01s Sys=0.00s Real=0.00s
[2020-09-11T17:56:32.703+0000][1][safepoint    ] Safepoint "GenCollectForAllocation", Time since last: 439058691 ns, Reaching safepoint: 1430976 ns, At safepoint: 14166309 ns, Total: 15597285 ns
[2020-09-11T17:56:33.262+0000][1][gc,start     ] GC(54) Pause Young (Allocation Failure)
[2020-09-11T17:56:33.262+0000][1][gc,task      ] GC(54) Using 1 workers of 1 for evacuation
[2020-09-11T17:56:33.275+0000][1][gc,age       ] GC(54) Desired survivor size 4358144 bytes, new threshold 6 (max threshold 6)
[2020-09-11T17:56:33.275+0000][1][gc,age       ] GC(54) Age table with threshold 6 (max threshold 6)
[2020-09-11T17:56:33.275+0000][1][gc,age       ] GC(54) - age   1:     962936 bytes,     962936 total
[2020-09-11T17:56:33.275+0000][1][gc,age       ] GC(54) - age   2:     302856 bytes,    1265792 total
[2020-09-11T17:56:33.275+0000][1][gc,age       ] GC(54) - age   3:     299712 bytes,    1565504 total
[2020-09-11T17:56:33.275+0000][1][gc,age       ] GC(54) - age   4:     373776 bytes,    1939280 total
[2020-09-11T17:56:33.275+0000][1][gc,age       ] GC(54) - age   5:      48264 bytes,    1987544 total
[2020-09-11T17:56:33.275+0000][1][gc,heap      ] GC(54) ParNew: 69556K->2027K(76672K)
[2020-09-11T17:56:33.275+0000][1][gc,heap      ] GC(54) CMS: 48843K->48843K(439104K)
[2020-09-11T17:56:33.275+0000][1][gc,metaspace ] GC(54) Metaspace: 32476K->32476K(1079296K)
[2020-09-11T17:56:33.275+0000][1][gc           ] GC(54) Pause Young (Allocation Failure) 115M->49M(503M) 13.109ms
[2020-09-11T17:56:33.275+0000][1][gc,cpu       ] GC(54) User=0.00s Sys=0.00s Real=0.01s
[2020-09-11T17:56:33.275+0000][1][safepoint    ] Safepoint "GenCollectForAllocation", Time since last: 557869032 ns, Reaching safepoint: 1273681 ns, At safepoint: 13168563 ns, Total: 14442244 ns
[2020-09-11T17:56:33.701+0000][1][gc,start     ] GC(55) Pause Young (Allocation Failure)
[2020-09-11T17:56:33.701+0000][1][gc,task      ] GC(55) Using 1 workers of 1 for evacuation
[2020-09-11T17:56:33.704+0000][1][gc,age       ] GC(55) Desired survivor size 4358144 bytes, new threshold 6 (max threshold 6)
[2020-09-11T17:56:33.704+0000][1][gc,age       ] GC(55) Age table with threshold 6 (max threshold 6)
[2020-09-11T17:56:33.704+0000][1][gc,age       ] GC(55) - age   1:     313560 bytes,     313560 total
[2020-09-11T17:56:33.704+0000][1][gc,age       ] GC(55) - age   2:     951632 bytes,    1265192 total
[2020-09-11T17:56:33.704+0000][1][gc,age       ] GC(55) - age   3:     298496 bytes,    1563688 total
[2020-09-11T17:56:33.704+0000][1][gc,age       ] GC(55) - age   4:     299072 bytes,    1862760 total
[2020-09-11T17:56:33.704+0000][1][gc,age       ] GC(55) - age   5:     373624 bytes,    2236384 total
[2020-09-11T17:56:33.704+0000][1][gc,age       ] GC(55) - age   6:      48240 bytes,    2284624 total
[2020-09-11T17:56:33.704+0000][1][gc,heap      ] GC(55) ParNew: 70187K->2425K(76672K)
[2020-09-11T17:56:33.704+0000][1][gc,heap      ] GC(55) CMS: 48843K->48843K(439104K)
[2020-09-11T17:56:33.704+0000][1][gc,metaspace ] GC(55) Metaspace: 32476K->32476K(1079296K)
[2020-09-11T17:56:33.704+0000][1][gc           ] GC(55) Pause Young (Allocation Failure) 116M->50M(503M) 3.013ms
[2020-09-11T17:56:33.704+0000][1][gc,cpu       ] GC(55) User=0.00s Sys=0.00s Real=0.00s
[2020-09-11T17:56:33.709+0000][1][safepoint    ] Safepoint "GenCollectForAllocation", Time since last: 421653908 ns, Reaching safepoint: 3881825 ns, At safepoint: 7998704 ns, Total: 11880529 ns
[2020-09-11T17:56:34.721+0000][1][safepoint    ] Safepoint "Cleanup", Time since last: 1007991054 ns, Reaching safepoint: 4012989 ns, At safepoint: 10031 ns, Total: 4023020 ns
[2020-09-11T17:56:35.017+0000][1][safepoint    ] Safepoint "Deoptimize", Time since last: 296115695 ns, Reaching safepoint: 113043 ns, At safepoint: 360880 ns, Total: 473923 ns
[2020-09-11T17:56:35.697+0000][1][safepoint    ] Safepoint "CollectForMetadataAllocation", Time since last: 668703796 ns, Reaching safepoint: 10752832 ns, At safepoint: 133406 ns, Total: 10886238 ns
[2020-09-11T17:56:35.709+0000][1][gc,start     ] GC(56) Pause Initial Mark
[2020-09-11T17:56:35.795+0000][1][gc           ] GC(56) Pause Initial Mark 115M->115M(503M) 85.935ms
[2020-09-11T17:56:35.795+0000][1][gc,cpu       ] GC(56) User=0.02s Sys=0.00s Real=0.09s
[2020-09-11T17:56:35.825+0000][1][safepoint    ] Safepoint "CMS_Initial_Mark", Time since last: 11209420 ns, Reaching safepoint: 589975 ns, At safepoint: 115998250 ns, Total: 116588225 ns
[2020-09-11T17:56:35.825+0000][1][gc           ] GC(56) Concurrent Mark
[2020-09-11T17:56:35.941+0000][1][safepoint    ] Safepoint "CollectForMetadataAllocation", Time since last: 116153307 ns, Reaching safepoint: 54847 ns, At safepoint: 127757 ns, Total: 182604 ns
[2020-09-11T17:56:35.957+0000][1][gc,start     ] GC(57) Pause Young (Allocation Failure)
[2020-09-11T17:56:35.957+0000][1][gc,task      ] GC(57) Using 1 workers of 1 for evacuation
[2020-09-11T17:56:35.972+0000][1][gc,age       ] GC(57) Desired survivor size 4358144 bytes, new threshold 6 (max threshold 6)
[2020-09-11T17:56:35.972+0000][1][gc,age       ] GC(57) Age table with threshold 6 (max threshold 6)
[2020-09-11T17:56:35.972+0000][1][gc,age       ] GC(57) - age   1:    1224488 bytes,    1224488 total
[2020-09-11T17:56:35.972+0000][1][gc,age       ] GC(57) - age   2:     301544 bytes,    1526032 total
[2020-09-11T17:56:35.972+0000][1][gc,age       ] GC(57) - age   3:     951288 bytes,    2477320 total
[2020-09-11T17:56:35.972+0000][1][gc,age       ] GC(57) - age   4:     297872 bytes,    2775192 total
[2020-09-11T17:56:35.972+0000][1][gc,age       ] GC(57) - age   5:     298664 bytes,    3073856 total
[2020-09-11T17:56:35.972+0000][1][gc,age       ] GC(57) - age   6:     373480 bytes,    3447336 total
[2020-09-11T17:56:35.972+0000][1][gc,heap      ] GC(57) ParNew: 70585K->3724K(76672K)
[2020-09-11T17:56:35.972+0000][1][gc,heap      ] GC(57) CMS: 48843K->48888K(439104K)
[2020-09-11T17:56:35.972+0000][1][gc,metaspace ] GC(57) Metaspace: 35268K->35268K(1081344K)
[2020-09-11T17:56:35.972+0000][1][gc           ] GC(57) Pause Young (Allocation Failure) 116M->51M(503M) 15.230ms
[2020-09-11T17:56:35.972+0000][1][gc,cpu       ] GC(57) User=0.01s Sys=0.00s Real=0.01s
[2020-09-11T17:56:36.001+0000][1][safepoint    ] Safepoint "GenCollectForAllocation", Time since last: 12123070 ns, Reaching safepoint: 3548414 ns, At safepoint: 43984260 ns, Total: 47532674 ns
[2020-09-11T17:56:36.065+0000][1][safepoint    ] Safepoint "CollectForMetadataAllocation", Time since last: 64472261 ns, Reaching safepoint: 41531 ns, At safepoint: 131023 ns, Total: 172554 ns
[2020-09-11T17:56:36.259+0000][1][safepoint    ] Safepoint "CollectForMetadataAllocation", Time since last: 189592920 ns, Reaching safepoint: 3920986 ns, At safepoint: 119699 ns, Total: 4040685 ns
[2020-09-11T17:56:36.287+0000][1][gc           ] GC(56) Concurrent Mark 462.499ms
[2020-09-11T17:56:36.287+0000][1][gc,cpu       ] GC(56) User=0.11s Sys=0.01s Real=0.46s
[2020-09-11T17:56:36.287+0000][1][gc           ] GC(56) Concurrent Preclean
[2020-09-11T17:56:36.289+0000][1][gc           ] GC(56) Concurrent Preclean 1.160ms
[2020-09-11T17:56:36.289+0000][1][gc,cpu       ] GC(56) User=0.00s Sys=0.00s Real=0.00s
[2020-09-11T17:56:36.289+0000][1][gc           ] GC(56) Concurrent Abortable Preclean
[2020-09-11T17:56:36.493+0000][1][safepoint    ] Safepoint "CollectForMetadataAllocation", Time since last: 231604245 ns, Reaching safepoint: 2154834 ns, At safepoint: 123671 ns, Total: 2278505 ns
[2020-09-11T17:56:37.343+0000][1][gc           ] GC(56) Concurrent Abortable Preclean 1054.048ms
[2020-09-11T17:56:37.343+0000][1][gc,cpu       ] GC(56) User=0.26s Sys=0.00s Real=1.06s
[2020-09-11T17:56:37.344+0000][1][gc,start     ] GC(56) Pause Remark
[2020-09-11T17:56:37.422+0000][1][gc           ] GC(56) Pause Remark 93M->93M(503M) 77.847ms
[2020-09-11T17:56:37.422+0000][1][gc,cpu       ] GC(56) User=0.02s Sys=0.00s Real=0.08s
[2020-09-11T17:56:37.457+0000][1][safepoint    ] Safepoint "CMS_Final_Remark", Time since last: 849776229 ns, Reaching safepoint: 1033518 ns, At safepoint: 113055849 ns, Total: 114089367 ns
[2020-09-11T17:56:37.457+0000][1][gc           ] GC(56) Concurrent Sweep
[2020-09-11T17:56:37.574+0000][1][gc           ] GC(56) Concurrent Sweep 117.399ms
[2020-09-11T17:56:37.574+0000][1][gc,cpu       ] GC(56) User=0.03s Sys=0.00s Real=0.12s
[2020-09-11T17:56:37.574+0000][1][gc           ] GC(56) Concurrent Reset
[2020-09-11T17:56:37.575+0000][1][gc           ] GC(56) Concurrent Reset 0.635ms
[2020-09-11T17:56:37.575+0000][1][gc,cpu       ] GC(56) User=0.00s Sys=0.00s Real=0.00s
[2020-09-11T17:56:37.575+0000][1][gc,heap      ] GC(56) Old: 48843K->47832K(439104K)
[2020-09-11T17:56:37.700+0000][1][gc,start     ] GC(58) Pause Young (Allocation Failure)
[2020-09-11T17:56:37.700+0000][1][gc,task      ] GC(58) Using 1 workers of 1 for evacuation
[2020-09-11T17:56:37.725+0000][1][gc,age       ] GC(58) Desired survivor size 4358144 bytes, new threshold 6 (max threshold 6)
[2020-09-11T17:56:37.725+0000][1][gc,age       ] GC(58) Age table with threshold 6 (max threshold 6)
[2020-09-11T17:56:37.725+0000][1][gc,age       ] GC(58) - age   1:     391592 bytes,     391592 total
[2020-09-11T17:56:37.725+0000][1][gc,age       ] GC(58) - age   2:    1155808 bytes,    1547400 total
[2020-09-11T17:56:37.725+0000][1][gc,age       ] GC(58) - age   3:     301544 bytes,    1848944 total
[2020-09-11T17:56:37.725+0000][1][gc,age       ] GC(58) - age   4:     951288 bytes,    2800232 total
[2020-09-11T17:56:37.725+0000][1][gc,age       ] GC(58) - age   5:     297872 bytes,    3098104 total
[2020-09-11T17:56:37.725+0000][1][gc,age       ] GC(58) - age   6:     298496 bytes,    3396600 total
[2020-09-11T17:56:37.726+0000][1][gc,heap      ] GC(58) ParNew: 71884K->4232K(76672K)
[2020-09-11T17:56:37.726+0000][1][gc,heap      ] GC(58) CMS: 47832K->48196K(439104K)
[2020-09-11T17:56:37.726+0000][1][gc,metaspace ] GC(58) Metaspace: 36250K->36250K(1083392K)
[2020-09-11T17:56:37.726+0000][1][gc           ] GC(58) Pause Young (Allocation Failure) 116M->51M(503M) 25.366ms
[2020-09-11T17:56:37.726+0000][1][gc,cpu       ] GC(58) User=0.00s Sys=0.00s Real=0.03s
[2020-09-11T17:56:37.741+0000][1][safepoint    ] Safepoint "GenCollectForAllocation", Time since last: 237896729 ns, Reaching safepoint: 5467025 ns, At safepoint: 40771568 ns, Total: 46238593 ns
[2020-09-11T17:56:38.865+0000][1][safepoint    ] Safepoint "Cleanup", Time since last: 1111850208 ns, Reaching safepoint: 12032731 ns, At safepoint: 11708 ns, Total: 12044439 ns
[2020-09-11T17:56:39.877+0000][1][safepoint    ] Safepoint "Cleanup", Time since last: 1011950868 ns, Reaching safepoint: 123064 ns, At safepoint: 5844 ns, Total: 128908 ns
[2020-09-11T17:56:40.885+0000][1][safepoint    ] Safepoint "Cleanup", Time since last: 1003891315 ns, Reaching safepoint: 4036992 ns, At safepoint: 11566 ns, Total: 4048558 ns
[2020-09-11T17:56:41.441+0000][1][gc,start     ] GC(59) Pause Young (Allocation Failure)
[2020-09-11T17:56:41.441+0000][1][gc,task      ] GC(59) Using 1 workers of 1 for evacuation
[2020-09-11T17:56:41.497+0000][1][gc,age       ] GC(59) Desired survivor size 4358144 bytes, new threshold 5 (max threshold 6)
[2020-09-11T17:56:41.497+0000][1][gc,age       ] GC(59) Age table with threshold 5 (max threshold 6)
[2020-09-11T17:56:41.497+0000][1][gc,age       ] GC(59) - age   1:    2485488 bytes,    2485488 total
[2020-09-11T17:56:41.497+0000][1][gc,age       ] GC(59) - age   2:     345792 bytes,    2831280 total
[2020-09-11T17:56:41.497+0000][1][gc,age       ] GC(59) - age   3:    1153720 bytes,    3985000 total
[2020-09-11T17:56:41.497+0000][1][gc,age       ] GC(59) - age   4:     301544 bytes,    4286544 total
[2020-09-11T17:56:41.497+0000][1][gc,age       ] GC(59) - age   5:     951288 bytes,    5237832 total
[2020-09-11T17:56:41.497+0000][1][gc,age       ] GC(59) - age   6:     297872 bytes,    5535704 total
[2020-09-11T17:56:41.497+0000][1][gc,heap      ] GC(59) ParNew: 72392K->6033K(76672K)
[2020-09-11T17:56:41.497+0000][1][gc,heap      ] GC(59) CMS: 48196K->48488K(439104K)
[2020-09-11T17:56:41.497+0000][1][gc,metaspace ] GC(59) Metaspace: 41055K->41055K(1087488K)
[2020-09-11T17:56:41.497+0000][1][gc           ] GC(59) Pause Young (Allocation Failure) 117M->53M(503M) 56.343ms
[2020-09-11T17:56:41.497+0000][1][gc,cpu       ] GC(59) User=0.01s Sys=0.00s Real=0.05s
[2020-09-11T17:56:41.497+0000][1][safepoint    ] Safepoint "GenCollectForAllocation", Time since last: 555925683 ns, Reaching safepoint: 132295 ns, At safepoint: 56405280 ns, Total: 56537575 ns
[2020-09-11T17:56:41.499+0000][1][safepoint    ] Safepoint "RevokeBias", Time since last: 1257517 ns, Reaching safepoint: 23006 ns, At safepoint: 50320 ns, Total: 73326 ns
[2020-09-11T17:56:42.541+0000][1][safepoint    ] Safepoint "Cleanup", Time since last: 1038167711 ns, Reaching safepoint: 4029942 ns, At safepoint: 30602 ns, Total: 4060544 ns
[2020-09-11T17:56:43.546+0000][1][safepoint    ] Safepoint "Cleanup", Time since last: 1005096625 ns, Reaching safepoint: 253749 ns, At safepoint: 5933 ns, Total: 259682 ns
[2020-09-11T17:56:44.546+0000][1][safepoint    ] Safepoint "Cleanup", Time since last: 1000105297 ns, Reaching safepoint: 117344 ns, At safepoint: 6236 ns, Total: 123580 ns
[2020-09-11T17:56:46.556+0000][1][safepoint    ] Safepoint "Cleanup", Time since last: 2008407003 ns, Reaching safepoint: 655488 ns, At safepoint: 7106 ns, Total: 662594 ns
[2020-09-11T17:56:47.565+0000][1][safepoint    ] Safepoint "Cleanup", Time since last: 1009229992 ns, Reaching safepoint: 108619 ns, At safepoint: 6308 ns, Total: 114927 ns
[2020-09-11T17:56:48.569+0000][1][safepoint    ] Safepoint "Cleanup", Time since last: 1000122551 ns, Reaching safepoint: 3814058 ns, At safepoint: 13103 ns, Total: 3827161 ns
[2020-09-11T17:56:48.914+0000][1][safepoint    ] Safepoint "RevokeBias", Time since last: 344789560 ns, Reaching safepoint: 109251 ns, At safepoint: 35604 ns, Total: 144855 ns
[2020-09-11T17:56:48.921+0000][1][safepoint    ] Safepoint "RevokeBias", Time since last: 7065990 ns, Reaching safepoint: 123888 ns, At safepoint: 36509 ns, Total: 160397 ns
[2020-09-11T17:56:48.921+0000][1][safepoint    ] Safepoint "RevokeBias", Time since last: 66318 ns, Reaching safepoint: 78666 ns, At safepoint: 22523 ns, Total: 101189 ns
[2020-09-11T17:56:48.921+0000][1][safepoint    ] Safepoint "RevokeBias", Time since last: 29937 ns, Reaching safepoint: 185175 ns, At safepoint: 24238 ns, Total: 209413 ns
[2020-09-11T17:56:48.922+0000][1][safepoint    ] Safepoint "RevokeBias", Time since last: 30137 ns, Reaching safepoint: 78825 ns, At safepoint: 23937 ns, Total: 102762 ns
[2020-09-11T17:56:48.922+0000][1][safepoint    ] Safepoint "RevokeBias", Time since last: 28301 ns, Reaching safepoint: 78564 ns, At safepoint: 26782 ns, Total: 105346 ns
[2020-09-11T17:56:48.922+0000][1][safepoint    ] Safepoint "RevokeBias", Time since last: 43164 ns, Reaching safepoint: 78505 ns, At safepoint: 22515 ns, Total: 101020 ns
[2020-09-11T17:56:48.922+0000][1][safepoint    ] Safepoint "RevokeBias", Time since last: 30699 ns, Reaching safepoint: 78346 ns, At safepoint: 21655 ns, Total: 100001 ns
[2020-09-11T17:56:48.925+0000][1][safepoint    ] Safepoint "RevokeBias", Time since last: 42913 ns, Reaching safepoint: 2833577 ns, At safepoint: 39000 ns, Total: 2872577 ns
[2020-09-11T17:56:48.929+0000][1][safepoint    ] Safepoint "RevokeBias", Time since last: 1382845 ns, Reaching safepoint: 2552021 ns, At safepoint: 32562 ns, Total: 2584583 ns
[2020-09-11T17:56:48.929+0000][1][safepoint    ] Safepoint "RevokeBias", Time since last: 49338 ns, Reaching safepoint: 88680 ns, At safepoint: 24273 ns, Total: 112953 ns
[2020-09-11T17:56:48.929+0000][1][safepoint    ] Safepoint "RevokeBias", Time since last: 42313 ns, Reaching safepoint: 77334 ns, At safepoint: 18490 ns, Total: 95824 ns
[2020-09-11T17:56:48.929+0000][1][safepoint    ] Safepoint "RevokeBias", Time since last: 28024 ns, Reaching safepoint: 76474 ns, At safepoint: 17630 ns, Total: 94104 ns
[2020-09-11T17:56:48.929+0000][1][safepoint    ] Safepoint "RevokeBias", Time since last: 67637 ns, Reaching safepoint: 80112 ns, At safepoint: 21723 ns, Total: 101835 ns
[2020-09-11T17:56:48.930+0000][1][safepoint    ] Safepoint "RevokeBias", Time since last: 39979 ns, Reaching safepoint: 80088 ns, At safepoint: 21274 ns, Total: 101362 ns
[2020-09-11T17:56:50.085+0000][1][safepoint    ] Safepoint "Cleanup", Time since last: 1155234634 ns, Reaching safepoint: 162173 ns, At safepoint: 7175 ns, Total: 169348 ns
[2020-09-11T17:56:50.126+0000][1][gc,start     ] GC(60) Pause Young (Allocation Failure)
[2020-09-11T17:56:50.126+0000][1][gc,task      ] GC(60) Using 1 workers of 1 for evacuation
[2020-09-11T17:56:50.229+0000][1][gc,age       ] GC(60) Desired survivor size 4358144 bytes, new threshold 2 (max threshold 6)
[2020-09-11T17:56:50.229+0000][1][gc,age       ] GC(60) Age table with threshold 2 (max threshold 6)
[2020-09-11T17:56:50.229+0000][1][gc,age       ] GC(60) - age   1:    2867064 bytes,    2867064 total
[2020-09-11T17:56:50.229+0000][1][gc,age       ] GC(60) - age   2:    2419256 bytes,    5286320 total
[2020-09-11T17:56:50.229+0000][1][gc,age       ] GC(60) - age   3:     345184 bytes,    5631504 total
[2020-09-11T17:56:50.229+0000][1][gc,age       ] GC(60) - age   4:    1150704 bytes,    6782208 total
[2020-09-11T17:56:50.229+0000][1][gc,age       ] GC(60) - age   5:     301544 bytes,    7083752 total
[2020-09-11T17:56:50.229+0000][1][gc,heap      ] GC(60) ParNew: 74193K->8512K(76672K)
[2020-09-11T17:56:50.229+0000][1][gc,heap      ] GC(60) CMS: 48488K->49708K(439104K)
[2020-09-11T17:56:50.229+0000][1][gc,metaspace ] GC(60) Metaspace: 47026K->47026K(1093632K)
[2020-09-11T17:56:50.229+0000][1][gc           ] GC(60) Pause Young (Allocation Failure) 119M->56M(503M) 103.444ms
[2020-09-11T17:56:50.229+0000][1][gc,cpu       ] GC(60) User=0.03s Sys=0.00s Real=0.10s
[2020-09-11T17:56:50.249+0000][1][safepoint    ] Safepoint "GenCollectForAllocation", Time since last: 40754076 ns, Reaching safepoint: 100722 ns, At safepoint: 122975516 ns, Total: 123076238 ns
[2020-09-11T17:56:50.282+0000][1][safepoint    ] Safepoint "RevokeBias", Time since last: 32775986 ns, Reaching safepoint: 98081 ns, At safepoint: 13997 ns, Total: 112078 ns
[2020-09-11T17:56:50.282+0000][1][safepoint    ] Safepoint "RevokeBias", Time since last: 423084 ns, Reaching safepoint: 12803 ns, At safepoint: 10457 ns, Total: 23260 ns
[2020-09-11T17:56:50.282+0000][1][safepoint    ] Safepoint "RevokeBias", Time since last: 50797 ns, Reaching safepoint: 10442 ns, At safepoint: 7849 ns, Total: 18291 ns
[2020-09-11T17:56:50.282+0000][1][safepoint    ] Safepoint "RevokeBias", Time since last: 40098 ns, Reaching safepoint: 8646 ns, At safepoint: 6867 ns, Total: 15513 ns
[2020-09-11T17:56:50.282+0000][1][safepoint    ] Safepoint "RevokeBias", Time since last: 26886 ns, Reaching safepoint: 8149 ns, At safepoint: 6947 ns, Total: 15096 ns
[2020-09-11T17:56:50.717+0000][1][safepoint    ] Safepoint "RevokeBias", Time since last: 434496146 ns, Reaching safepoint: 111923 ns, At safepoint: 15477 ns, Total: 127400 ns
[2020-09-11T17:56:51.046+0000][1][safepoint    ] Safepoint "RevokeBias", Time since last: 328937861 ns, Reaching safepoint: 109155 ns, At safepoint: 31493 ns, Total: 140648 ns
[2020-09-11T17:56:51.074+0000][1][safepoint    ] Safepoint "RevokeBias", Time since last: 27904830 ns, Reaching safepoint: 98894 ns, At safepoint: 33848 ns, Total: 132742 ns
[2020-09-11T17:56:52.077+0000][1][safepoint    ] Safepoint "Cleanup", Time since last: 1002750786 ns, Reaching safepoint: 344839 ns, At safepoint: 9913 ns, Total: 354752 ns
[2020-09-11T17:56:52.129+0000][1][safepoint    ] Safepoint "RevokeBias", Time since last: 39826566 ns, Reaching safepoint: 11849266 ns, At safepoint: 35136 ns, Total: 11884402 ns
[2020-09-11T17:56:52.129+0000][1][safepoint    ] Safepoint "RevokeBias", Time since last: 244299 ns, Reaching safepoint: 84483 ns, At safepoint: 18944 ns, Total: 103427 ns
[2020-09-11T17:56:52.129+0000][1][safepoint    ] Safepoint "RevokeBias", Time since last: 42111 ns, Reaching safepoint: 79377 ns, At safepoint: 15258 ns, Total: 94635 ns
[2020-09-11T17:56:52.451+0000][1][safepoint    ] Safepoint "RevokeBias", Time since last: 303631012 ns, Reaching safepoint: 18175888 ns, At safepoint: 54413 ns, Total: 18230301 ns
[2020-09-11T17:56:52.452+0000][1][safepoint    ] Safepoint "RevokeBias", Time since last: 664329 ns, Reaching safepoint: 100199 ns, At safepoint: 30932 ns, Total: 131131 ns
[2020-09-11T17:56:52.452+0000][1][safepoint    ] Safepoint "RevokeBias", Time since last: 118825 ns, Reaching safepoint: 89872 ns, At safepoint: 24973 ns, Total: 114845 ns
[2020-09-11T17:56:52.457+0000][1][safepoint    ] Safepoint "RevokeBias", Time since last: 1583699 ns, Reaching safepoint: 2988367 ns, At safepoint: 32180 ns, Total: 3020547 ns
[2020-09-11T17:56:52.461+0000][1][safepoint    ] Safepoint "RevokeBias", Time since last: 3946385 ns, Reaching safepoint: 93331 ns, At safepoint: 47059 ns, Total: 140390 ns
[2020-09-11T17:56:52.493+0000][1][safepoint    ] Safepoint "RevokeBias", Time since last: 20820414 ns, Reaching safepoint: 11088209 ns, At safepoint: 133785 ns, Total: 11221994 ns
[2020-09-11T17:56:52.495+0000][1][safepoint    ] Safepoint "RevokeBias", Time since last: 2243849 ns, Reaching safepoint: 96534 ns, At safepoint: 28815 ns, Total: 125349 ns
[2020-09-11T17:56:52.496+0000][1][safepoint    ] Safepoint "RevokeBias", Time since last: 78981 ns, Reaching safepoint: 88479 ns, At safepoint: 27653 ns, Total: 116132 ns
[2020-09-11T17:56:52.496+0000][1][safepoint    ] Safepoint "RevokeBias", Time since last: 136620 ns, Reaching safepoint: 87947 ns, At safepoint: 25113 ns, Total: 113060 ns
[2020-09-11T17:56:52.496+0000][1][safepoint    ] Safepoint "RevokeBias", Time since last: 35857 ns, Reaching safepoint: 86644 ns, At safepoint: 21952 ns, Total: 108596 ns
[2020-09-11T17:56:52.496+0000][1][safepoint    ] Safepoint "RevokeBias", Time since last: 31433 ns, Reaching safepoint: 83900 ns, At safepoint: 22529 ns, Total: 106429 ns
[2020-09-11T17:56:52.496+0000][1][safepoint    ] Safepoint "RevokeBias", Time since last: 29000 ns, Reaching safepoint: 83421 ns, At safepoint: 23521 ns, Total: 106942 ns
[2020-09-11T17:56:52.496+0000][1][safepoint    ] Safepoint "RevokeBias", Time since last: 28940 ns, Reaching safepoint: 82481 ns, At safepoint: 23549 ns, Total: 106030 ns
[2020-09-11T17:56:52.502+0000][1][safepoint    ] Safepoint "RevokeBias", Time since last: 5455219 ns, Reaching safepoint: 95514 ns, At safepoint: 31116 ns, Total: 126630 ns
[2020-09-11T17:56:52.502+0000][1][safepoint    ] Safepoint "RevokeBias", Time since last: 46910 ns, Reaching safepoint: 84667 ns, At safepoint: 23982 ns, Total: 108649 ns
[2020-09-11T17:56:52.505+0000][1][safepoint    ] Safepoint "BulkRevokeBias", Time since last: 30522 ns, Reaching safepoint: 2698343 ns, At safepoint: 143525 ns, Total: 2841868 ns
[2020-09-11T17:56:52.505+0000][1][safepoint    ] Safepoint "RevokeBias", Time since last: 80778 ns, Reaching safepoint: 91864 ns, At safepoint: 27152 ns, Total: 119016 ns
[2020-09-11T17:56:52.505+0000][1][safepoint    ] Safepoint "RevokeBias", Time since last: 55146 ns, Reaching safepoint: 88360 ns, At safepoint: 24219 ns, Total: 112579 ns
[2020-09-11T17:56:52.525+0000][1][safepoint    ] Safepoint "RevokeBias", Time since last: 19480365 ns, Reaching safepoint: 113814 ns, At safepoint: 51286 ns, Total: 165100 ns
[2020-09-11T17:56:52.525+0000][1][safepoint    ] Safepoint "RevokeBias", Time since last: 66583 ns, Reaching safepoint: 11819 ns, At safepoint: 10562 ns, Total: 22381 ns
[2020-09-11T17:56:52.525+0000][1][safepoint    ] Safepoint "RevokeBias", Time since last: 47007 ns, Reaching safepoint: 20725 ns, At safepoint: 10472 ns, Total: 31197 ns
[2020-09-11T17:56:52.549+0000][1][safepoint    ] Safepoint "RevokeBias", Time since last: 11775077 ns, Reaching safepoint: 11912695 ns, At safepoint: 33538 ns, Total: 11946233 ns
[2020-09-11T17:56:52.549+0000][1][safepoint    ] Safepoint "RevokeBias", Time since last: 85400 ns, Reaching safepoint: 82104 ns, At safepoint: 17369 ns, Total: 99473 ns
[2020-09-11T17:56:52.549+0000][1][safepoint    ] Safepoint "RevokeBias", Time since last: 42979 ns, Reaching safepoint: 82044 ns, At safepoint: 15798 ns, Total: 97842 ns
[2020-09-11T17:56:52.549+0000][1][safepoint    ] Safepoint "RevokeBias", Time since last: 30215 ns, Reaching safepoint: 79681 ns, At safepoint: 15245 ns, Total: 94926 ns
[2020-09-11T17:56:52.549+0000][1][safepoint    ] Safepoint "RevokeBias", Time since last: 28944 ns, Reaching safepoint: 80547 ns, At safepoint: 17634 ns, Total: 98181 ns
[2020-09-11T17:56:52.550+0000][1][safepoint    ] Safepoint "RevokeBias", Time since last: 28325 ns, Reaching safepoint: 80563 ns, At safepoint: 17114 ns, Total: 97677 ns
[2020-09-11T17:56:52.550+0000][1][safepoint    ] Safepoint "RevokeBias", Time since last: 28150 ns, Reaching safepoint: 80147 ns, At safepoint: 16282 ns, Total: 96429 ns
[2020-09-11T17:56:52.550+0000][1][safepoint    ] Safepoint "RevokeBias", Time since last: 30691 ns, Reaching safepoint: 80943 ns, At safepoint: 19625 ns, Total: 100568 ns
[2020-09-11T17:56:52.550+0000][1][safepoint    ] Safepoint "RevokeBias", Time since last: 28598 ns, Reaching safepoint: 81835 ns, At safepoint: 19916 ns, Total: 101751 ns
[2020-09-11T17:56:52.550+0000][1][safepoint    ] Safepoint "RevokeBias", Time since last: 27871 ns, Reaching safepoint: 81645 ns, At safepoint: 24757 ns, Total: 106402 ns
[2020-09-11T17:56:52.550+0000][1][safepoint    ] Safepoint "RevokeBias", Time since last: 27564 ns, Reaching safepoint: 81167 ns, At safepoint: 24224 ns, Total: 105391 ns
[2020-09-11T17:56:52.550+0000][1][safepoint    ] Safepoint "RevokeBias", Time since last: 27479 ns, Reaching safepoint: 81177 ns, At safepoint: 23652 ns, Total: 104829 ns
[2020-09-11T17:56:52.550+0000][1][safepoint    ] Safepoint "RevokeBias", Time since last: 27201 ns, Reaching safepoint: 81029 ns, At safepoint: 23491 ns, Total: 104520 ns
[2020-09-11T17:56:52.551+0000][1][safepoint    ] Safepoint "RevokeBias", Time since last: 27213 ns, Reaching safepoint: 80890 ns, At safepoint: 23386 ns, Total: 104276 ns
[2020-09-11T17:56:52.551+0000][1][safepoint    ] Safepoint "RevokeBias", Time since last: 27440 ns, Reaching safepoint: 80473 ns, At safepoint: 23592 ns, Total: 104065 ns
[2020-09-11T17:56:52.551+0000][1][safepoint    ] Safepoint "RevokeBias", Time since last: 27080 ns, Reaching safepoint: 80910 ns, At safepoint: 23570 ns, Total: 104480 ns
[2020-09-11T17:56:52.551+0000][1][safepoint    ] Safepoint "BulkRevokeBias", Time since last: 27735 ns, Reaching safepoint: 80985 ns, At safepoint: 71819 ns, Total: 152804 ns
[2020-09-11T17:56:52.551+0000][1][safepoint    ] Safepoint "RevokeBias", Time since last: 204013 ns, Reaching safepoint: 83623 ns, At safepoint: 28590 ns, Total: 112213 ns
[2020-09-11T17:56:52.551+0000][1][safepoint    ] Safepoint "RevokeBias", Time since last: 44714 ns, Reaching safepoint: 81429 ns, At safepoint: 23686 ns, Total: 105115 ns
[2020-09-11T17:56:52.554+0000][1][safepoint    ] Safepoint "RevokeBias", Time since last: 2533783 ns, Reaching safepoint: 42990 ns, At safepoint: 45813 ns, Total: 88803 ns
[2020-09-11T17:56:52.554+0000][1][safepoint    ] Safepoint "RevokeBias", Time since last: 80804 ns, Reaching safepoint: 13516 ns, At safepoint: 22001 ns, Total: 35517 ns
[2020-09-11T17:56:52.554+0000][1][safepoint    ] Safepoint "RevokeBias", Time since last: 113589 ns, Reaching safepoint: 12961 ns, At safepoint: 20317 ns, Total: 33278 ns
[2020-09-11T17:56:52.557+0000][1][safepoint    ] Safepoint "RevokeBias", Time since last: 2388214 ns, Reaching safepoint: 26698 ns, At safepoint: 27744 ns, Total: 54442 ns
[2020-09-11T17:56:52.557+0000][1][safepoint    ] Safepoint "RevokeBias", Time since last: 88195 ns, Reaching safepoint: 13600 ns, At safepoint: 18073 ns, Total: 31673 ns
[2020-09-11T17:56:52.557+0000][1][safepoint    ] Safepoint "RevokeBias", Time since last: 131754 ns, Reaching safepoint: 15122 ns, At safepoint: 18120 ns, Total: 33242 ns
[2020-09-11T17:56:52.557+0000][1][safepoint    ] Safepoint "RevokeBias", Time since last: 53761 ns, Reaching safepoint: 12481 ns, At safepoint: 19832 ns, Total: 32313 ns
[2020-09-11T17:56:52.557+0000][1][safepoint    ] Safepoint "RevokeBias", Time since last: 37611 ns, Reaching safepoint: 10279 ns, At safepoint: 15857 ns, Total: 26136 ns
[2020-09-11T17:56:52.557+0000][1][safepoint    ] Safepoint "RevokeBias", Time since last: 26084 ns, Reaching safepoint: 9589 ns, At safepoint: 15422 ns, Total: 25011 ns
[2020-09-11T17:56:52.558+0000][1][safepoint    ] Safepoint "RevokeBias", Time since last: 197653 ns, Reaching safepoint: 11791 ns, At safepoint: 17025 ns, Total: 28816 ns
[2020-09-11T17:56:52.561+0000][1][safepoint    ] Safepoint "RevokeBias", Time since last: 3229753 ns, Reaching safepoint: 15369 ns, At safepoint: 21529 ns, Total: 36898 ns
[2020-09-11T17:56:52.565+0000][1][safepoint    ] Safepoint "RevokeBias", Time since last: 353663 ns, Reaching safepoint: 13133 ns, At safepoint: 3615329 ns, Total: 3628462 ns
[2020-09-11T17:56:52.565+0000][1][safepoint    ] Safepoint "RevokeBias", Time since last: 547466 ns, Reaching safepoint: 28236 ns, At safepoint: 40025 ns, Total: 68261 ns
[2020-09-11T17:56:52.566+0000][1][safepoint    ] Safepoint "RevokeBias", Time since last: 81732 ns, Reaching safepoint: 12280 ns, At safepoint: 26518 ns, Total: 38798 ns
[2020-09-11T17:56:52.585+0000][1][safepoint    ] Safepoint "RevokeBias", Time since last: 11265842 ns, Reaching safepoint: 8032532 ns, At safepoint: 45763 ns, Total: 8078295 ns
[2020-09-11T17:56:52.586+0000][1][safepoint    ] Safepoint "RevokeBias", Time since last: 731298 ns, Reaching safepoint: 92728 ns, At safepoint: 25642 ns, Total: 118370 ns
[2020-09-11T17:56:52.599+0000][1][safepoint    ] Safepoint "RevokeBias", Time since last: 13272382 ns, Reaching safepoint: 379980 ns, At safepoint: 36092 ns, Total: 416072 ns
[2020-09-11T17:56:52.601+0000][1][safepoint    ] Safepoint "RevokeBias", Time since last: 1397577 ns, Reaching safepoint: 102805 ns, At safepoint: 32949 ns, Total: 135754 ns
[2020-09-11T17:56:52.630+0000][1][safepoint    ] Safepoint "RevokeBias", Time since last: 15852803 ns, Reaching safepoint: 12761262 ns, At safepoint: 45022 ns, Total: 12806284 ns
[2020-09-11T17:56:52.630+0000][1][safepoint    ] Safepoint "RevokeBias", Time since last: 146306 ns, Reaching safepoint: 89129 ns, At safepoint: 26103 ns, Total: 115232 ns
[2020-09-11T17:56:53.063+0000][1][safepoint    ] Safepoint "RevokeBias", Time since last: 432856315 ns, Reaching safepoint: 110908 ns, At safepoint: 12206 ns, Total: 123114 ns
[2020-09-11T17:56:53.065+0000][1][safepoint    ] Safepoint "RevokeBias", Time since last: 2078980 ns, Reaching safepoint: 30486 ns, At safepoint: 11384 ns, Total: 41870 ns
[2020-09-11T17:56:53.069+0000][1][safepoint    ] Safepoint "RevokeBias", Time since last: 4012177 ns, Reaching safepoint: 109091 ns, At safepoint: 15044 ns, Total: 124135 ns
[2020-09-11T17:56:53.571+0000][1][gc,start     ] GC(61) Pause Young (Allocation Failure)
[2020-09-11T17:56:53.571+0000][1][gc,task      ] GC(61) Using 1 workers of 1 for evacuation
[2020-09-11T17:56:53.799+0000][1][gc,age       ] GC(61) Desired survivor size 4358144 bytes, new threshold 2 (max threshold 6)
[2020-09-11T17:56:53.799+0000][1][gc,age       ] GC(61) Age table with threshold 2 (max threshold 6)
[2020-09-11T17:56:53.799+0000][1][gc,age       ] GC(61) - age   1:    2277952 bytes,    2277952 total
[2020-09-11T17:56:53.799+0000][1][gc,age       ] GC(61) - age   2:    2692016 bytes,    4969968 total
[2020-09-11T17:56:53.799+0000][1][gc,heap      ] GC(61) ParNew: 76672K->6390K(76672K)
[2020-09-11T17:56:53.799+0000][1][gc,heap      ] GC(61) CMS: 49708K->53884K(439104K)
[2020-09-11T17:56:53.799+0000][1][gc,metaspace ] GC(61) Metaspace: 52300K->52300K(1097728K)
[2020-09-11T17:56:53.799+0000][1][gc           ] GC(61) Pause Young (Allocation Failure) 123M->58M(503M) 228.393ms
[2020-09-11T17:56:53.799+0000][1][gc,cpu       ] GC(61) User=0.08s Sys=0.00s Real=0.23s
[2020-09-11T17:56:53.821+0000][1][safepoint    ] Safepoint "GenCollectForAllocation", Time since last: 501801379 ns, Reaching safepoint: 114682 ns, At safepoint: 249788319 ns, Total: 249903001 ns
[2020-09-11T17:56:54.861+0000][1][safepoint    ] Safepoint "Cleanup", Time since last: 1027444912 ns, Reaching safepoint: 12767646 ns, At safepoint: 12530 ns, Total: 12780176 ns
[2020-09-11T17:56:55.529+0000][1][safepoint    ] Safepoint "RevokeBias", Time since last: 665001378 ns, Reaching safepoint: 3086295 ns, At safepoint: 30668 ns, Total: 3116963 ns
[2020-09-11T17:56:56.541+0000][1][safepoint    ] Safepoint "Cleanup", Time since last: 1007647516 ns, Reaching safepoint: 4030565 ns, At safepoint: 8919 ns, Total: 4039484 ns
[2020-09-11T17:56:57.019+0000][1][gc,start     ] GC(62) Pause Young (Allocation Failure)
[2020-09-11T17:56:57.019+0000][1][gc,task      ] GC(62) Using 1 workers of 1 for evacuation
[2020-09-11T17:56:57.181+0000][1][gc,age       ] GC(62) Desired survivor size 4358144 bytes, new threshold 6 (max threshold 6)
[2020-09-11T17:56:57.181+0000][1][gc,age       ] GC(62) Age table with threshold 6 (max threshold 6)
[2020-09-11T17:56:57.181+0000][1][gc,age       ] GC(62) - age   1:    1300320 bytes,    1300320 total
[2020-09-11T17:56:57.181+0000][1][gc,age       ] GC(62) - age   2:    2242944 bytes,    3543264 total
[2020-09-11T17:56:57.182+0000][1][gc,heap      ] GC(62) ParNew: 74550K->5237K(76672K)
[2020-09-11T17:56:57.182+0000][1][gc,heap      ] GC(62) CMS: 53884K->56627K(439104K)
[2020-09-11T17:56:57.182+0000][1][gc,metaspace ] GC(62) Metaspace: 59669K->59669K(1103872K)
[2020-09-11T17:56:57.182+0000][1][gc           ] GC(62) Pause Young (Allocation Failure) 125M->60M(503M) 162.678ms
[2020-09-11T17:56:57.182+0000][1][gc,cpu       ] GC(62) User=0.03s Sys=0.00s Real=0.17s
[2020-09-11T17:56:57.215+0000][1][safepoint    ] Safepoint "GenCollectForAllocation", Time since last: 477592112 ns, Reaching safepoint: 471177 ns, At safepoint: 196034113 ns, Total: 196505290 ns
[2020-09-11T17:56:57.782+0000][1][safepoint    ] Safepoint "CollectForMetadataAllocation", Time since last: 562491592 ns, Reaching safepoint: 4228583 ns, At safepoint: 111041 ns, Total: 4339624 ns
[2020-09-11T17:56:57.873+0000][1][safepoint    ] Safepoint "CollectForMetadataAllocation", Time since last: 89115848 ns, Reaching safepoint: 1948707 ns, At safepoint: 135137 ns, Total: 2083844 ns
[2020-09-11T17:56:58.013+0000][1][safepoint    ] Safepoint "CollectForMetadataAllocation", Time since last: 139834096 ns, Reaching safepoint: 129409 ns, At safepoint: 161472 ns, Total: 290881 ns
[2020-09-11T17:56:58.169+0000][1][safepoint    ] Safepoint "CollectForMetadataAllocation", Time since last: 155715973 ns, Reaching safepoint: 125842 ns, At safepoint: 122067 ns, Total: 247909 ns
[2020-09-11T17:56:58.385+0000][1][safepoint    ] Safepoint "CollectForMetadataAllocation", Time since last: 215742586 ns, Reaching safepoint: 269010 ns, At safepoint: 118167 ns, Total: 387177 ns
[2020-09-11T17:56:58.396+0000][1][safepoint    ] Safepoint "RevokeBias", Time since last: 11120496 ns, Reaching safepoint: 113349 ns, At safepoint: 34225 ns, Total: 147574 ns
[2020-09-11T17:56:58.397+0000][1][safepoint    ] Safepoint "RevokeBias", Time since last: 128582 ns, Reaching safepoint: 80636 ns, At safepoint: 21418 ns, Total: 102054 ns
[2020-09-11T17:56:58.409+0000][1][safepoint    ] Safepoint "RevokeBias", Time since last: 12113699 ns, Reaching safepoint: 111965 ns, At safepoint: 38722 ns, Total: 150687 ns
[2020-09-11T17:56:58.413+0000][1][safepoint    ] Safepoint "RevokeBias", Time since last: 3836021 ns, Reaching safepoint: 90905 ns, At safepoint: 26906 ns, Total: 117811 ns
[2020-09-11T17:56:58.583+0000][1][safepoint    ] Safepoint "CollectForMetadataAllocation", Time since last: 169981954 ns, Reaching safepoint: 118075 ns, At safepoint: 129050 ns, Total: 247125 ns
[2020-09-11T17:56:58.829+0000][1][safepoint    ] Safepoint "CollectForMetadataAllocation", Time since last: 244177145 ns, Reaching safepoint: 1514032 ns, At safepoint: 133242 ns, Total: 1647274 ns
[2020-09-11T17:56:59.145+0000][1][safepoint    ] Safepoint "CollectForMetadataAllocation", Time since last: 315848500 ns, Reaching safepoint: 121246 ns, At safepoint: 149104 ns, Total: 270350 ns
[2020-09-11T17:56:59.229+0000][1][gc,start     ] GC(63) Pause Initial Mark
[2020-09-11T17:56:59.277+0000][1][gc           ] GC(63) Pause Initial Mark 89M->89M(503M) 48.208ms
[2020-09-11T17:56:59.277+0000][1][gc,cpu       ] GC(63) User=0.01s Sys=0.00s Real=0.05s
[2020-09-11T17:56:59.305+0000][1][safepoint    ] Safepoint "CMS_Initial_Mark", Time since last: 83759678 ns, Reaching safepoint: 114259 ns, At safepoint: 76415146 ns, Total: 76529405 ns
[2020-09-11T17:56:59.305+0000][1][gc           ] GC(63) Concurrent Mark
[2020-09-11T17:56:59.593+0000][1][safepoint    ] Safepoint "RevokeBias", Time since last: 287445284 ns, Reaching safepoint: 362569 ns, At safepoint: 12675 ns, Total: 375244 ns
[2020-09-11T17:56:59.749+0000][1][safepoint    ] Safepoint "CollectForMetadataAllocation", Time since last: 131617370 ns, Reaching safepoint: 24046495 ns, At safepoint: 139270 ns, Total: 24185765 ns
[2020-09-11T17:56:59.796+0000][1][gc           ] GC(63) Concurrent Mark 490.947ms
[2020-09-11T17:56:59.796+0000][1][gc,cpu       ] GC(63) User=0.17s Sys=0.00s Real=0.49s
[2020-09-11T17:56:59.796+0000][1][gc           ] GC(63) Concurrent Preclean
[2020-09-11T17:56:59.844+0000][1][gc           ] GC(63) Concurrent Preclean 47.132ms
[2020-09-11T17:56:59.844+0000][1][gc,cpu       ] GC(63) User=0.01s Sys=0.00s Real=0.05s
[2020-09-11T17:56:59.844+0000][1][gc           ] GC(63) Concurrent Abortable Preclean
[2020-09-11T17:57:00.133+0000][1][safepoint    ] Safepoint "Deoptimize", Time since last: 383852699 ns, Reaching safepoint: 120139 ns, At safepoint: 370339 ns, Total: 490478 ns
[2020-09-11T17:57:00.173+0000][1][safepoint    ] Safepoint "CollectForMetadataAllocation", Time since last: 35474127 ns, Reaching safepoint: 4027477 ns, At safepoint: 137647 ns, Total: 4165124 ns
[2020-09-11T17:57:00.173+0000][1][safepoint    ] Safepoint "CollectForMetadataAllocation", Time since last: 67798 ns, Reaching safepoint: 126742 ns, At safepoint: 4231 ns, Total: 130973 ns
[2020-09-11T17:57:00.416+0000][1][safepoint    ] Safepoint "CollectForMetadataAllocation", Time since last: 242538902 ns, Reaching safepoint: 116234 ns, At safepoint: 119978 ns, Total: 236212 ns
[2020-09-11T17:57:00.919+0000][1][safepoint    ] Safepoint "CollectForMetadataAllocation", Time since last: 503200481 ns, Reaching safepoint: 114058 ns, At safepoint: 119341 ns, Total: 233399 ns
[2020-09-11T17:57:01.125+0000][1][safepoint    ] Safepoint "RevokeBias", Time since last: 205950102 ns, Reaching safepoint: 115498 ns, At safepoint: 14489 ns, Total: 129987 ns
[2020-09-11T17:57:01.149+0000][1][safepoint    ] Safepoint "BulkRevokeBias", Time since last: 11409295 ns, Reaching safepoint: 11970158 ns, At safepoint: 80781 ns, Total: 12050939 ns
[2020-09-11T17:57:01.429+0000][1][safepoint    ] Safepoint "CollectForMetadataAllocation", Time since last: 267897312 ns, Reaching safepoint: 11904171 ns, At safepoint: 143296 ns, Total: 12047467 ns
[2020-09-11T17:57:01.518+0000][1][safepoint    ] Safepoint "RevokeBias", Time since last: 66129070 ns, Reaching safepoint: 23419771 ns, At safepoint: 46958 ns, Total: 23466729 ns
[2020-09-11T17:57:01.541+0000][1][safepoint    ] Safepoint "RevokeBias", Time since last: 9572630 ns, Reaching safepoint: 12907712 ns, At safepoint: 47898 ns, Total: 12955610 ns
[2020-09-11T17:57:01.541+0000][1][safepoint    ] Safepoint "RevokeBias", Time since last: 182343 ns, Reaching safepoint: 87553 ns, At safepoint: 30386 ns, Total: 117939 ns
[2020-09-11T17:57:01.895+0000][1][safepoint    ] Safepoint "CollectForMetadataAllocation", Time since last: 353881482 ns, Reaching safepoint: 126899 ns, At safepoint: 114092 ns, Total: 240991 ns
[2020-09-11T17:57:02.433+0000][1][safepoint    ] Safepoint "CollectForMetadataAllocation", Time since last: 537406510 ns, Reaching safepoint: 64935 ns, At safepoint: 86955 ns, Total: 151890 ns
[2020-09-11T17:57:02.607+0000][1][safepoint    ] Safepoint "CollectForMetadataAllocation", Time since last: 173920887 ns, Reaching safepoint: 61982 ns, At safepoint: 130002 ns, Total: 191984 ns
[2020-09-11T17:57:02.821+0000][1][safepoint    ] Safepoint "CollectForMetadataAllocation", Time since last: 203321848 ns, Reaching safepoint: 10427870 ns, At safepoint: 234609 ns, Total: 10662479 ns
[2020-09-11T17:57:03.125+0000][1][safepoint    ] Safepoint "CollectForMetadataAllocation", Time since last: 303900279 ns, Reaching safepoint: 108772 ns, At safepoint: 115846 ns, Total: 224618 ns
[2020-09-11T17:57:03.464+0000][1][safepoint    ] Safepoint "CollectForMetadataAllocation", Time since last: 339059397 ns, Reaching safepoint: 99728 ns, At safepoint: 110873 ns, Total: 210601 ns
[2020-09-11T17:57:03.653+0000][1][gc,start     ] GC(64) Pause Young (Allocation Failure)
[2020-09-11T17:57:03.653+0000][1][gc,task      ] GC(64) Using 1 workers of 1 for evacuation
[2020-09-11T17:57:03.758+0000][1][gc,age       ] GC(64) Desired survivor size 4358144 bytes, new threshold 2 (max threshold 6)
[2020-09-11T17:57:03.758+0000][1][gc,age       ] GC(64) Age table with threshold 2 (max threshold 6)
[2020-09-11T17:57:03.758+0000][1][gc,age       ] GC(64) - age   1:    3520832 bytes,    3520832 total
[2020-09-11T17:57:03.758+0000][1][gc,age       ] GC(64) - age   2:    1226680 bytes,    4747512 total
[2020-09-11T17:57:03.758+0000][1][gc,age       ] GC(64) - age   3:    2227824 bytes,    6975336 total
[2020-09-11T17:57:03.758+0000][1][gc,heap      ] GC(64) ParNew: 73397K->7809K(76672K)
[2020-09-11T17:57:03.758+0000][1][gc,heap      ] GC(64) CMS: 56627K->56627K(439104K)
[2020-09-11T17:57:03.758+0000][1][gc,metaspace ] GC(64) Metaspace: 65932K->65932K(1110016K)
[2020-09-11T17:57:03.759+0000][1][gc           ] GC(64) Pause Young (Allocation Failure) 126M->62M(503M) 105.346ms
[2020-09-11T17:57:03.759+0000][1][gc,cpu       ] GC(64) User=0.04s Sys=0.00s Real=0.10s
[2020-09-11T17:57:03.775+0000][1][safepoint    ] Safepoint "GenCollectForAllocation", Time since last: 188605667 ns, Reaching safepoint: 105838 ns, At safepoint: 121910393 ns, Total: 122016231 ns
[2020-09-11T17:57:03.935+0000][1][safepoint    ] Safepoint "CollectForMetadataAllocation", Time since last: 157146995 ns, Reaching safepoint: 2345691 ns, At safepoint: 108223 ns, Total: 2453914 ns
[2020-09-11T17:57:04.106+0000][1][safepoint    ] Safepoint "CollectForMetadataAllocation", Time since last: 170354100 ns, Reaching safepoint: 550901 ns, At safepoint: 102044 ns, Total: 652945 ns
[2020-09-11T17:57:04.408+0000][1][safepoint    ] Safepoint "CollectForMetadataAllocation", Time since last: 302418407 ns, Reaching safepoint: 50021 ns, At safepoint: 117762 ns, Total: 167783 ns
[2020-09-11T17:57:04.535+0000][1][safepoint    ] Safepoint "CollectForMetadataAllocation", Time since last: 126408036 ns, Reaching safepoint: 65999 ns, At safepoint: 126294 ns, Total: 192293 ns
[2020-09-11T17:57:04.893+0000][1][safepoint    ] Safepoint "BulkRevokeBias", Time since last: 357930682 ns, Reaching safepoint: 76672 ns, At safepoint: 76913 ns, Total: 153585 ns
[2020-09-11T17:57:04.920+0000][1][gc           ] GC(63) Concurrent Abortable Preclean 5076.005ms
[2020-09-11T17:57:04.920+0000][1][gc,cpu       ] GC(63) User=1.54s Sys=0.01s Real=5.07s
[2020-09-11T17:57:04.925+0000][1][safepoint    ] Safepoint "CollectForMetadataAllocation", Time since last: 31841050 ns, Reaching safepoint: 114299 ns, At safepoint: 116173 ns, Total: 230472 ns
[2020-09-11T17:57:04.938+0000][1][gc,start     ] GC(63) Pause Remark
[2020-09-11T17:57:05.003+0000][1][gc           ] GC(63) Pause Remark 78M->78M(503M) 65.745ms
[2020-09-11T17:57:05.003+0000][1][gc,cpu       ] GC(63) User=0.02s Sys=0.00s Real=0.07s
[2020-09-11T17:57:05.045+0000][1][safepoint    ] Safepoint "CMS_Final_Remark", Time since last: 11772994 ns, Reaching safepoint: 855023 ns, At safepoint: 107151429 ns, Total: 108006452 ns
[2020-09-11T17:57:05.045+0000][1][gc           ] GC(63) Concurrent Sweep
[2020-09-11T17:57:05.144+0000][1][gc           ] GC(63) Concurrent Sweep 99.159ms
[2020-09-11T17:57:05.144+0000][1][gc,cpu       ] GC(63) User=0.04s Sys=0.01s Real=0.10s
[2020-09-11T17:57:05.144+0000][1][gc           ] GC(63) Concurrent Reset
[2020-09-11T17:57:05.145+0000][1][gc           ] GC(63) Concurrent Reset 0.631ms
[2020-09-11T17:57:05.172+0000][1][gc,cpu       ] GC(63) User=0.00s Sys=0.00s Real=0.02s
[2020-09-11T17:57:05.172+0000][1][gc,heap      ] GC(63) Old: 56627K->55679K(439104K)
[2020-09-11T17:57:05.287+0000][1][safepoint    ] Safepoint "Deoptimize", Time since last: 237334496 ns, Reaching safepoint: 4296623 ns, At safepoint: 372862 ns, Total: 4669485 ns
[2020-09-11T17:57:05.310+0000][1][safepoint    ] Safepoint "Deoptimize", Time since last: 22928306 ns, Reaching safepoint: 105691 ns, At safepoint: 334699 ns, Total: 440390 ns
[2020-09-11T17:57:05.516+0000][1][safepoint    ] Safepoint "RevokeBias", Time since last: 205022791 ns, Reaching safepoint: 1083827 ns, At safepoint: 38196 ns, Total: 1122023 ns
[2020-09-11T17:57:05.518+0000][1][safepoint    ] Safepoint "RevokeBias", Time since last: 1272055 ns, Reaching safepoint: 534786 ns, At safepoint: 22498 ns, Total: 557284 ns
[2020-09-11T17:57:05.521+0000][1][safepoint    ] Safepoint "RevokeBias", Time since last: 758797 ns, Reaching safepoint: 1898239 ns, At safepoint: 30498 ns, Total: 1928737 ns
[2020-09-11T17:57:05.529+0000][1][safepoint    ] Safepoint "RevokeBias", Time since last: 7975513 ns, Reaching safepoint: 119961 ns, At safepoint: 31833 ns, Total: 151794 ns
[2020-09-11T17:57:05.529+0000][1][safepoint    ] Safepoint "RevokeBias", Time since last: 85921 ns, Reaching safepoint: 24839 ns, At safepoint: 21798 ns, Total: 46637 ns
[2020-09-11T17:57:05.530+0000][1][safepoint    ] Safepoint "RevokeBias", Time since last: 416597 ns, Reaching safepoint: 19551 ns, At safepoint: 22785 ns, Total: 42336 ns
[2020-09-11T17:57:05.530+0000][1][safepoint    ] Safepoint "RevokeBias", Time since last: 222318 ns, Reaching safepoint: 90911 ns, At safepoint: 21531 ns, Total: 112442 ns
[2020-09-11T17:57:05.530+0000][1][safepoint    ] Safepoint "RevokeBias", Time since last: 39957 ns, Reaching safepoint: 16424 ns, At safepoint: 18012 ns, Total: 34436 ns
[2020-09-11T17:57:05.531+0000][1][safepoint    ] Safepoint "RevokeBias", Time since last: 527783 ns, Reaching safepoint: 86041 ns, At safepoint: 19489 ns, Total: 105530 ns
[2020-09-11T17:57:05.537+0000][1][safepoint    ] Safepoint "RevokeBias", Time since last: 6169406 ns, Reaching safepoint: 90760 ns, At safepoint: 20395 ns, Total: 111155 ns
[2020-09-11T17:57:05.537+0000][1][safepoint    ] Safepoint "RevokeBias", Time since last: 92643 ns, Reaching safepoint: 87388 ns, At safepoint: 18671 ns, Total: 106059 ns
[2020-09-11T17:57:05.540+0000][1][safepoint    ] Safepoint "Deoptimize", Time since last: 2463725 ns, Reaching safepoint: 560517 ns, At safepoint: 355869 ns, Total: 916386 ns
[2020-09-11T17:57:05.693+0000][1][safepoint    ] Safepoint "RevokeBias", Time since last: 152876625 ns, Reaching safepoint: 126118 ns, At safepoint: 30924 ns, Total: 157042 ns
[2020-09-11T17:57:05.735+0000][1][safepoint    ] Safepoint "RevokeBias", Time since last: 39306974 ns, Reaching safepoint: 2137462 ns, At safepoint: 35291 ns, Total: 2172753 ns
[2020-09-11T17:57:05.741+0000][1][safepoint    ] Safepoint "RevokeBias", Time since last: 4184667 ns, Reaching safepoint: 1625845 ns, At safepoint: 26564 ns, Total: 1652409 ns
[2020-09-11T17:57:05.769+0000][1][safepoint    ] Safepoint "RevokeBias", Time since last: 27739756 ns, Reaching safepoint: 107912 ns, At safepoint: 30167 ns, Total: 138079 ns
[2020-09-11T17:57:05.777+0000][1][safepoint    ] Safepoint "RevokeBias", Time since last: 4120247 ns, Reaching safepoint: 4007366 ns, At safepoint: 49772 ns, Total: 4057138 ns
[2020-09-11T17:57:05.777+0000][1][safepoint    ] Safepoint "RevokeBias", Time since last: 100921 ns, Reaching safepoint: 165452 ns, At safepoint: 33653 ns, Total: 199105 ns
[2020-09-11T17:57:05.777+0000][1][safepoint    ] Safepoint "RevokeBias", Time since last: 56850 ns, Reaching safepoint: 90238 ns, At safepoint: 33359 ns, Total: 123597 ns
[2020-09-11T17:57:05.777+0000][1][safepoint    ] Safepoint "RevokeBias", Time since last: 47593 ns, Reaching safepoint: 88555 ns, At safepoint: 30229 ns, Total: 118784 ns
[2020-09-11T17:57:05.778+0000][1][safepoint    ] Safepoint "RevokeBias", Time since last: 45088 ns, Reaching safepoint: 177885 ns, At safepoint: 31061 ns, Total: 208946 ns
[2020-09-11T17:57:05.778+0000][1][safepoint    ] Safepoint "RevokeBias", Time since last: 51225 ns, Reaching safepoint: 83912 ns, At safepoint: 27240 ns, Total: 111152 ns
[2020-09-11T17:57:05.778+0000][1][safepoint    ] Safepoint "RevokeBias", Time since last: 45271 ns, Reaching safepoint: 82762 ns, At safepoint: 25997 ns, Total: 108759 ns
[2020-09-11T17:57:05.778+0000][1][safepoint    ] Safepoint "RevokeBias", Time since last: 43617 ns, Reaching safepoint: 83587 ns, At safepoint: 29085 ns, Total: 112672 ns
[2020-09-11T17:57:06.009+0000][1][safepoint    ] Safepoint "RevokeBias", Time since last: 229359082 ns, Reaching safepoint: 1223621 ns, At safepoint: 43495 ns, Total: 1267116 ns
[2020-09-11T17:57:06.010+0000][1][safepoint    ] Safepoint "RevokeBias", Time since last: 115506 ns, Reaching safepoint: 557691 ns, At safepoint: 32112 ns, Total: 589803 ns
[2020-09-11T17:57:06.010+0000][1][safepoint    ] Safepoint "RevokeBias", Time since last: 62674 ns, Reaching safepoint: 86676 ns, At safepoint: 27415 ns, Total: 114091 ns
[2020-09-11T17:57:06.045+0000][1][safepoint    ] Safepoint "RevokeBias", Time since last: 31879881 ns, Reaching safepoint: 3182154 ns, At safepoint: 33504 ns, Total: 3215658 ns
[2020-09-11T17:57:06.049+0000][1][safepoint    ] Safepoint "RevokeBias", Time since last: 67093 ns, Reaching safepoint: 3882605 ns, At safepoint: 24765 ns, Total: 3907370 ns
[2020-09-11T17:57:06.062+0000][1][safepoint    ] Safepoint "RevokeBias", Time since last: 9256772 ns, Reaching safepoint: 4337619 ns, At safepoint: 24260 ns, Total: 4361879 ns
[2020-09-11T17:57:06.063+0000][1][safepoint    ] Safepoint "RevokeBias", Time since last: 153142 ns, Reaching safepoint: 87112 ns, At safepoint: 12534 ns, Total: 99646 ns
[2020-09-11T17:57:06.080+0000][1][safepoint    ] Safepoint "RevokeBias", Time since last: 17108449 ns, Reaching safepoint: 135315 ns, At safepoint: 14460 ns, Total: 149775 ns
[2020-09-11T17:57:06.081+0000][1][safepoint    ] Safepoint "RevokeBias", Time since last: 1053156 ns, Reaching safepoint: 176785 ns, At safepoint: 41265 ns, Total: 218050 ns
[2020-09-11T17:57:06.082+0000][1][safepoint    ] Safepoint "RevokeBias", Time since last: 113169 ns, Reaching safepoint: 341372 ns, At safepoint: 28265 ns, Total: 369637 ns
[2020-09-11T17:57:06.082+0000][1][safepoint    ] Safepoint "RevokeBias", Time since last: 42674 ns, Reaching safepoint: 80750 ns, At safepoint: 21834 ns, Total: 102584 ns
[2020-09-11T17:57:06.095+0000][1][safepoint    ] Safepoint "RevokeBias", Time since last: 13454260 ns, Reaching safepoint: 172578 ns, At safepoint: 19504 ns, Total: 192082 ns
[2020-09-11T17:57:06.096+0000][1][safepoint    ] Safepoint "RevokeBias", Time since last: 68786 ns, Reaching safepoint: 82187 ns, At safepoint: 14674 ns, Total: 96861 ns
[2020-09-11T17:57:06.096+0000][1][safepoint    ] Safepoint "RevokeBias", Time since last: 40894 ns, Reaching safepoint: 82400 ns, At safepoint: 13868 ns, Total: 96268 ns
[2020-09-11T17:57:06.125+0000][1][safepoint    ] Safepoint "RevokeBias", Time since last: 16848550 ns, Reaching safepoint: 12257288 ns, At safepoint: 38439 ns, Total: 12295727 ns
[2020-09-11T17:57:06.126+0000][1][safepoint    ] Safepoint "RevokeBias", Time since last: 91058 ns, Reaching safepoint: 1400727 ns, At safepoint: 29878 ns, Total: 1430605 ns
[2020-09-11T17:57:06.241+0000][1][safepoint    ] Safepoint "RevokeBias", Time since last: 111918919 ns, Reaching safepoint: 2452522 ns, At safepoint: 52422 ns, Total: 2504944 ns
[2020-09-11T17:57:06.243+0000][1][safepoint    ] Safepoint "RevokeBias", Time since last: 89602 ns, Reaching safepoint: 2292058 ns, At safepoint: 33449 ns, Total: 2325507 ns
[2020-09-11T17:57:06.244+0000][1][safepoint    ] Safepoint "RevokeBias", Time since last: 153025 ns, Reaching safepoint: 88158 ns, At safepoint: 25080 ns, Total: 113238 ns
[2020-09-11T17:57:06.244+0000][1][safepoint    ] Safepoint "RevokeBias", Time since last: 304030 ns, Reaching safepoint: 92248 ns, At safepoint: 25420 ns, Total: 117668 ns
[2020-09-11T17:57:06.244+0000][1][safepoint    ] Safepoint "RevokeBias", Time since last: 68754 ns, Reaching safepoint: 88987 ns, At safepoint: 23717 ns, Total: 112704 ns
[2020-09-11T17:57:06.244+0000][1][safepoint    ] Safepoint "RevokeBias", Time since last: 40310 ns, Reaching safepoint: 86352 ns, At safepoint: 22757 ns, Total: 109109 ns
[2020-09-11T17:57:06.247+0000][1][safepoint    ] Safepoint "RevokeBias", Time since last: 1771983 ns, Reaching safepoint: 1036542 ns, At safepoint: 34225 ns, Total: 1070767 ns
[2020-09-11T17:57:06.253+0000][1][safepoint    ] Safepoint "RevokeBias", Time since last: 5629631 ns, Reaching safepoint: 423551 ns, At safepoint: 38931 ns, Total: 462482 ns
[2020-09-11T17:57:06.253+0000][1][safepoint    ] Safepoint "RevokeBias", Time since last: 71260 ns, Reaching safepoint: 88850 ns, At safepoint: 23790 ns, Total: 112640 ns
[2020-09-11T17:57:06.254+0000][1][safepoint    ] Safepoint "RevokeBias", Time since last: 130962 ns, Reaching safepoint: 463644 ns, At safepoint: 23149 ns, Total: 486793 ns
[2020-09-11T17:57:06.254+0000][1][safepoint    ] Safepoint "RevokeBias", Time since last: 130984 ns, Reaching safepoint: 93976 ns, At safepoint: 22874 ns, Total: 116850 ns
[2020-09-11T17:57:06.254+0000][1][safepoint    ] Safepoint "RevokeBias", Time since last: 37413 ns, Reaching safepoint: 88469 ns, At safepoint: 21787 ns, Total: 110256 ns
[2020-09-11T17:57:06.255+0000][1][safepoint    ] Safepoint "RevokeBias", Time since last: 93955 ns, Reaching safepoint: 88674 ns, At safepoint: 21247 ns, Total: 109921 ns
[2020-09-11T17:57:06.255+0000][1][safepoint    ] Safepoint "RevokeBias", Time since last: 220313 ns, Reaching safepoint: 279463 ns, At safepoint: 11442 ns, Total: 290905 ns
[2020-09-11T17:57:06.256+0000][1][safepoint    ] Safepoint "RevokeBias", Time since last: 94980 ns, Reaching safepoint: 355001 ns, At safepoint: 12263 ns, Total: 367264 ns
[2020-09-11T17:57:06.256+0000][1][safepoint    ] Safepoint "RevokeBias", Time since last: 89327 ns, Reaching safepoint: 403732 ns, At safepoint: 26786 ns, Total: 430518 ns
[2020-09-11T17:57:06.344+0000][1][safepoint    ] Safepoint "RevokeBias", Time since last: 87399599 ns, Reaching safepoint: 109400 ns, At safepoint: 43510 ns, Total: 152910 ns
[2020-09-11T17:57:06.344+0000][1][safepoint    ] Safepoint "RevokeBias", Time since last: 63869 ns, Reaching safepoint: 87705 ns, At safepoint: 26482 ns, Total: 114187 ns
[2020-09-11T17:57:06.409+0000][1][safepoint    ] Safepoint "RevokeBias", Time since last: 64529383 ns, Reaching safepoint: 114082 ns, At safepoint: 21964 ns, Total: 136046 ns
[2020-09-11T17:57:06.413+0000][1][safepoint    ] Safepoint "RevokeBias", Time since last: 4298499 ns, Reaching safepoint: 104379 ns, At safepoint: 31380 ns, Total: 135759 ns
[2020-09-11T17:57:06.413+0000][1][safepoint    ] Safepoint "RevokeBias", Time since last: 54699 ns, Reaching safepoint: 82928 ns, At safepoint: 24200 ns, Total: 107128 ns
[2020-09-11T17:57:06.413+0000][1][safepoint    ] Safepoint "RevokeBias", Time since last: 34830 ns, Reaching safepoint: 81908 ns, At safepoint: 21690 ns, Total: 103598 ns
[2020-09-11T17:57:06.413+0000][1][safepoint    ] Safepoint "RevokeBias", Time since last: 40401 ns, Reaching safepoint: 81500 ns, At safepoint: 19633 ns, Total: 101133 ns
[2020-09-11T17:57:06.414+0000][1][safepoint    ] Safepoint "RevokeBias", Time since last: 231491 ns, Reaching safepoint: 84225 ns, At safepoint: 23312 ns, Total: 107537 ns
[2020-09-11T17:57:06.415+0000][1][safepoint    ] Safepoint "RevokeBias", Time since last: 844032 ns, Reaching safepoint: 83578 ns, At safepoint: 14710 ns, Total: 98288 ns
[2020-09-11T17:57:06.415+0000][1][safepoint    ] Safepoint "RevokeBias", Time since last: 37783 ns, Reaching safepoint: 80985 ns, At safepoint: 13349 ns, Total: 94334 ns
[2020-09-11T17:57:06.477+0000][1][safepoint    ] Safepoint "RevokeBias", Time since last: 61166992 ns, Reaching safepoint: 814561 ns, At safepoint: 45072 ns, Total: 859633 ns
[2020-09-11T17:57:06.478+0000][1][safepoint    ] Safepoint "RevokeBias", Time since last: 1070837 ns, Reaching safepoint: 88795 ns, At safepoint: 16141 ns, Total: 104936 ns
[2020-09-11T17:57:06.532+0000][1][safepoint    ] Safepoint "RevokeBias", Time since last: 50783351 ns, Reaching safepoint: 3263679 ns, At safepoint: 27831 ns, Total: 3291510 ns
[2020-09-11T17:57:06.533+0000][1][safepoint    ] Safepoint "RevokeBias", Time since last: 844262 ns, Reaching safepoint: 96786 ns, At safepoint: 18676 ns, Total: 115462 ns
[2020-09-11T17:57:06.533+0000][1][safepoint    ] Safepoint "RevokeBias", Time since last: 45021 ns, Reaching safepoint: 157462 ns, At safepoint: 22767 ns, Total: 180229 ns
[2020-09-11T17:57:06.533+0000][1][safepoint    ] Safepoint "RevokeBias", Time since last: 61606 ns, Reaching safepoint: 92218 ns, At safepoint: 35428 ns, Total: 127646 ns
[2020-09-11T17:57:06.742+0000][1][safepoint    ] Safepoint "RevokeBias", Time since last: 207316734 ns, Reaching safepoint: 964958 ns, At safepoint: 51993 ns, Total: 1016951 ns
[2020-09-11T17:57:06.975+0000][1][safepoint    ] Safepoint "RevokeBias", Time since last: 231903935 ns, Reaching safepoint: 965321 ns, At safepoint: 34514 ns, Total: 999835 ns
[2020-09-11T17:57:07.003+0000][1][safepoint    ] Safepoint "RevokeBias", Time since last: 28589429 ns, Reaching safepoint: 101072 ns, At safepoint: 27859 ns, Total: 128931 ns
[2020-09-11T17:57:07.007+0000][1][safepoint    ] Safepoint "RevokeBias", Time since last: 3474813 ns, Reaching safepoint: 107017 ns, At safepoint: 21908 ns, Total: 128925 ns
[2020-09-11T17:57:07.037+0000][1][safepoint    ] Safepoint "RevokeBias", Time since last: 25999589 ns, Reaching safepoint: 3754791 ns, At safepoint: 30090 ns, Total: 3784881 ns
[2020-09-11T17:57:07.049+0000][1][safepoint    ] Safepoint "RevokeBias", Time since last: 327335 ns, Reaching safepoint: 11660781 ns, At safepoint: 41817 ns, Total: 11702598 ns
[2020-09-11T17:57:07.049+0000][1][safepoint    ] Safepoint "RevokeBias", Time since last: 437439 ns, Reaching safepoint: 89159 ns, At safepoint: 17283 ns, Total: 106442 ns
[2020-09-11T17:57:07.050+0000][1][safepoint    ] Safepoint "RevokeBias", Time since last: 53320 ns, Reaching safepoint: 85729 ns, At safepoint: 13786 ns, Total: 99515 ns
[2020-09-11T17:57:07.051+0000][1][safepoint    ] Safepoint "RevokeBias", Time since last: 1560630 ns, Reaching safepoint: 86613 ns, At safepoint: 15290 ns, Total: 101903 ns
[2020-09-11T17:57:07.057+0000][1][safepoint    ] Safepoint "RevokeBias", Time since last: 2149636 ns, Reaching safepoint: 3457362 ns, At safepoint: 32499 ns, Total: 3489861 ns
[2020-09-11T17:57:07.085+0000][1][safepoint    ] Safepoint "RevokeBias", Time since last: 16379017 ns, Reaching safepoint: 12197901 ns, At safepoint: 25040 ns, Total: 12222941 ns
[2020-09-11T17:57:07.097+0000][1][safepoint    ] Safepoint "RevokeBias", Time since last: 11561600 ns, Reaching safepoint: 115307 ns, At safepoint: 25584 ns, Total: 140891 ns
[2020-09-11T17:57:07.098+0000][1][safepoint    ] Safepoint "RevokeBias", Time since last: 742021 ns, Reaching safepoint: 18380 ns, At safepoint: 9376 ns, Total: 27756 ns
[2020-09-11T17:57:07.098+0000][1][safepoint    ] Safepoint "BulkRevokeBias", Time since last: 345632 ns, Reaching safepoint: 87442 ns, At safepoint: 112238 ns, Total: 199680 ns
[2020-09-11T17:57:07.099+0000][1][safepoint    ] Safepoint "RevokeBias", Time since last: 61847 ns, Reaching safepoint: 89388 ns, At safepoint: 12091 ns, Total: 101479 ns
[2020-09-11T17:57:07.109+0000][1][safepoint    ] Safepoint "RevokeBias", Time since last: 10312782 ns, Reaching safepoint: 112007 ns, At safepoint: 26146 ns, Total: 138153 ns
[2020-09-11T17:57:07.118+0000][1][safepoint    ] Safepoint "RevokeBias", Time since last: 8862147 ns, Reaching safepoint: 111168 ns, At safepoint: 21426 ns, Total: 132594 ns
[2020-09-11T17:57:07.118+0000][1][safepoint    ] Safepoint "RevokeBias", Time since last: 65267 ns, Reaching safepoint: 75341 ns, At safepoint: 13261 ns, Total: 88602 ns
[2020-09-11T17:57:07.118+0000][1][safepoint    ] Safepoint "RevokeBias", Time since last: 81405 ns, Reaching safepoint: 86707 ns, At safepoint: 16076 ns, Total: 102783 ns
[2020-09-11T17:57:07.153+0000][1][safepoint    ] Safepoint "RevokeBias", Time since last: 34386296 ns, Reaching safepoint: 126786 ns, At safepoint: 29872 ns, Total: 156658 ns
[2020-09-11T17:57:07.153+0000][1][safepoint    ] Safepoint "RevokeBias", Time since last: 136585 ns, Reaching safepoint: 82519 ns, At safepoint: 13468 ns, Total: 95987 ns
[2020-09-11T17:57:07.208+0000][1][safepoint    ] Safepoint "RevokeBias", Time since last: 43655706 ns, Reaching safepoint: 11171138 ns, At safepoint: 44451 ns, Total: 11215589 ns
[2020-09-11T17:57:07.215+0000][1][safepoint    ] Safepoint "RevokeBias", Time since last: 6319122 ns, Reaching safepoint: 200350 ns, At safepoint: 14958 ns, Total: 215308 ns
[2020-09-11T17:57:07.261+0000][1][safepoint    ] Safepoint "RevokeBias", Time since last: 41371593 ns, Reaching safepoint: 4827405 ns, At safepoint: 31373 ns, Total: 4858778 ns
[2020-09-11T17:57:07.303+0000][1][safepoint    ] Safepoint "RevokeBias", Time since last: 28392774 ns, Reaching safepoint: 39498 ns, At safepoint: 13539585 ns, Total: 13579083 ns
[2020-09-11T17:57:07.501+0000][1][safepoint    ] Safepoint "RevokeBias", Time since last: 196134859 ns, Reaching safepoint: 1890188 ns, At safepoint: 23855 ns, Total: 1914043 ns
[2020-09-11T17:57:08.007+0000][1][safepoint    ] Safepoint "RevokeBias", Time since last: 506208280 ns, Reaching safepoint: 48080 ns, At safepoint: 15855 ns, Total: 63935 ns
[2020-09-11T17:57:08.011+0000][1][safepoint    ] Safepoint "RevokeBias", Time since last: 4062215 ns, Reaching safepoint: 115323 ns, At safepoint: 14598 ns, Total: 129921 ns
[2020-09-11T17:57:08.012+0000][1][safepoint    ] Safepoint "RevokeBias", Time since last: 269212 ns, Reaching safepoint: 84809 ns, At safepoint: 10370 ns, Total: 95179 ns
[2020-09-11T17:57:08.017+0000][1][safepoint    ] Safepoint "RevokeBias", Time since last: 5096693 ns, Reaching safepoint: 48835 ns, At safepoint: 15357 ns, Total: 64192 ns
[2020-09-11T17:57:08.018+0000][1][safepoint    ] Safepoint "RevokeBias", Time since last: 925407 ns, Reaching safepoint: 20563 ns, At safepoint: 10045 ns, Total: 30608 ns
[2020-09-11T17:57:08.062+0000][1][safepoint    ] Safepoint "RevokeBias", Time since last: 44425643 ns, Reaching safepoint: 112180 ns, At safepoint: 16516 ns, Total: 128696 ns
[2020-09-11T17:57:08.097+0000][1][safepoint    ] Safepoint "RevokeBias", Time since last: 34060576 ns, Reaching safepoint: 118724 ns, At safepoint: 15209 ns, Total: 133933 ns
[2020-09-11T17:57:08.097+0000][1][safepoint    ] Safepoint "RevokeBias", Time since last: 734501 ns, Reaching safepoint: 88546 ns, At safepoint: 10738 ns, Total: 99284 ns
[2020-09-11T17:57:08.226+0000][1][safepoint    ] Safepoint "RevokeBias", Time since last: 127412454 ns, Reaching safepoint: 805938 ns, At safepoint: 21746 ns, Total: 827684 ns
[2020-09-11T17:57:08.268+0000][1][safepoint    ] Safepoint "RevokeBias", Time since last: 42106693 ns, Reaching safepoint: 111469 ns, At safepoint: 15219 ns, Total: 126688 ns
[2020-09-11T17:57:08.494+0000][1][safepoint    ] Safepoint "RevokeBias", Time since last: 226009289 ns, Reaching safepoint: 155158 ns, At safepoint: 21273 ns, Total: 176431 ns
[2020-09-11T17:57:08.507+0000][1][safepoint    ] Safepoint "RevokeBias", Time since last: 11577812 ns, Reaching safepoint: 1158735 ns, At safepoint: 36472 ns, Total: 1195207 ns
[2020-09-11T17:57:08.508+0000][1][safepoint    ] Safepoint "RevokeBias", Time since last: 247417 ns, Reaching safepoint: 866599 ns, At safepoint: 28734 ns, Total: 895333 ns
[2020-09-11T17:57:08.508+0000][1][safepoint    ] Safepoint "RevokeBias", Time since last: 126065 ns, Reaching safepoint: 90207 ns, At safepoint: 22173 ns, Total: 112380 ns
[2020-09-11T17:57:08.508+0000][1][safepoint    ] Safepoint "RevokeBias", Time since last: 164178 ns, Reaching safepoint: 87961 ns, At safepoint: 20201 ns, Total: 108162 ns
[2020-09-11T17:57:08.513+0000][1][safepoint    ] Safepoint "RevokeBias", Time since last: 1877495 ns, Reaching safepoint: 2471996 ns, At safepoint: 50083 ns, Total: 2522079 ns
[2020-09-11T17:57:08.517+0000][1][safepoint    ] Safepoint "RevokeBias", Time since last: 626204 ns, Reaching safepoint: 3379272 ns, At safepoint: 48150 ns, Total: 3427422 ns
[2020-09-11T17:57:08.533+0000][1][safepoint    ] Safepoint "RevokeBias", Time since last: 16085748 ns, Reaching safepoint: 113671 ns, At safepoint: 67224 ns, Total: 180895 ns
[2020-09-11T17:57:08.535+0000][1][safepoint    ] Safepoint "RevokeBias", Time since last: 251704 ns, Reaching safepoint: 1152570 ns, At safepoint: 26881 ns, Total: 1179451 ns
[2020-09-11T17:57:08.537+0000][1][safepoint    ] Safepoint "RevokeBias", Time since last: 121674 ns, Reaching safepoint: 2070899 ns, At safepoint: 30730 ns, Total: 2101629 ns
[2020-09-11T17:57:08.565+0000][1][safepoint    ] Safepoint "RevokeBias", Time since last: 16214709 ns, Reaching safepoint: 11748554 ns, At safepoint: 44937 ns, Total: 11793491 ns
[2020-09-11T17:57:08.566+0000][1][safepoint    ] Safepoint "RevokeBias", Time since last: 633278 ns, Reaching safepoint: 163369 ns, At safepoint: 31999 ns, Total: 195368 ns
[2020-09-11T17:57:08.566+0000][1][safepoint    ] Safepoint "RevokeBias", Time since last: 70818 ns, Reaching safepoint: 87774 ns, At safepoint: 24525 ns, Total: 112299 ns
[2020-09-11T17:57:08.566+0000][1][safepoint    ] Safepoint "RevokeBias", Time since last: 209258 ns, Reaching safepoint: 88158 ns, At safepoint: 23764 ns, Total: 111922 ns
[2020-09-11T17:57:08.566+0000][1][safepoint    ] Safepoint "RevokeBias", Time since last: 86163 ns, Reaching safepoint: 86754 ns, At safepoint: 22200 ns, Total: 108954 ns
[2020-09-11T17:57:08.567+0000][1][safepoint    ] Safepoint "RevokeBias", Time since last: 125263 ns, Reaching safepoint: 86037 ns, At safepoint: 21502 ns, Total: 107539 ns
[2020-09-11T17:57:08.567+0000][1][safepoint    ] Safepoint "RevokeBias", Time since last: 346577 ns, Reaching safepoint: 87786 ns, At safepoint: 23545 ns, Total: 111331 ns
[2020-09-11T17:57:08.568+0000][1][safepoint    ] Safepoint "RevokeBias", Time since last: 642995 ns, Reaching safepoint: 87750 ns, At safepoint: 11916 ns, Total: 99666 ns
[2020-09-11T17:57:08.568+0000][1][safepoint    ] Safepoint "RevokeBias", Time since last: 77539 ns, Reaching safepoint: 84706 ns, At safepoint: 11046 ns, Total: 95752 ns
[2020-09-11T17:57:08.568+0000][1][safepoint    ] Safepoint "RevokeBias", Time since last: 121546 ns, Reaching safepoint: 85615 ns, At safepoint: 10599 ns, Total: 96214 ns
[2020-09-11T17:57:08.588+0000][1][safepoint    ] Safepoint "RevokeBias", Time since last: 19338178 ns, Reaching safepoint: 457882 ns, At safepoint: 21775 ns, Total: 479657 ns
[2020-09-11T17:57:08.589+0000][1][safepoint    ] Safepoint "RevokeBias", Time since last: 682356 ns, Reaching safepoint: 76952 ns, At safepoint: 11345 ns, Total: 88297 ns
[2020-09-11T17:57:08.589+0000][1][safepoint    ] Safepoint "RevokeBias", Time since last: 329409 ns, Reaching safepoint: 85178 ns, At safepoint: 10900 ns, Total: 96078 ns
[2020-09-11T17:57:08.590+0000][1][safepoint    ] Safepoint "RevokeBias", Time since last: 680589 ns, Reaching safepoint: 88249 ns, At safepoint: 11851 ns, Total: 100100 ns
[2020-09-11T17:57:08.617+0000][1][safepoint    ] Safepoint "RevokeBias", Time since last: 26606005 ns, Reaching safepoint: 124383 ns, At safepoint: 46032 ns, Total: 170415 ns
[2020-09-11T17:57:08.617+0000][1][safepoint    ] Safepoint "RevokeBias", Time since last: 212365 ns, Reaching safepoint: 87249 ns, At safepoint: 10504 ns, Total: 97753 ns
[2020-09-11T17:57:08.617+0000][1][safepoint    ] Safepoint "RevokeBias", Time since last: 256186 ns, Reaching safepoint: 83648 ns, At safepoint: 9782 ns, Total: 93430 ns
[2020-09-11T17:57:08.619+0000][1][safepoint    ] Safepoint "RevokeBias", Time since last: 1837887 ns, Reaching safepoint: 91684 ns, At safepoint: 11587 ns, Total: 103271 ns
[2020-09-11T17:57:08.620+0000][1][safepoint    ] Safepoint "RevokeBias", Time since last: 183771 ns, Reaching safepoint: 86639 ns, At safepoint: 10343 ns, Total: 96982 ns
[2020-09-11T17:57:08.621+0000][1][safepoint    ] Safepoint "RevokeBias", Time since last: 1206600 ns, Reaching safepoint: 86296 ns, At safepoint: 10504 ns, Total: 96800 ns
[2020-09-11T17:57:08.621+0000][1][safepoint    ] Safepoint "RevokeBias", Time since last: 180741 ns, Reaching safepoint: 83631 ns, At safepoint: 10324 ns, Total: 93955 ns
[2020-09-11T17:57:08.621+0000][1][safepoint    ] Safepoint "RevokeBias", Time since last: 70832 ns, Reaching safepoint: 83021 ns, At safepoint: 9827 ns, Total: 92848 ns
[2020-09-11T17:57:08.622+0000][1][safepoint    ] Safepoint "BulkRevokeBias", Time since last: 149024 ns, Reaching safepoint: 83646 ns, At safepoint: 217023 ns, Total: 300669 ns
[2020-09-11T17:57:08.628+0000][1][safepoint    ] Safepoint "RevokeBias", Time since last: 6481597 ns, Reaching safepoint: 113861 ns, At safepoint: 16045 ns, Total: 129906 ns
[2020-09-11T17:57:08.645+0000][1][safepoint    ] Safepoint "RevokeBias", Time since last: 16341500 ns, Reaching safepoint: 325118 ns, At safepoint: 18539 ns, Total: 343657 ns
[2020-09-11T17:57:08.646+0000][1][safepoint    ] Safepoint "RevokeBias", Time since last: 654975 ns, Reaching safepoint: 95663 ns, At safepoint: 12604 ns, Total: 108267 ns
[2020-09-11T17:57:08.654+0000][1][safepoint    ] Safepoint "RevokeBias", Time since last: 6876718 ns, Reaching safepoint: 1280896 ns, At safepoint: 17674 ns, Total: 1298570 ns
[2020-09-11T17:57:08.661+0000][1][safepoint    ] Safepoint "RevokeBias", Time since last: 6712051 ns, Reaching safepoint: 121639 ns, At safepoint: 18970 ns, Total: 140609 ns
[2020-09-11T17:57:08.713+0000][1][gc,start     ] GC(65) Pause Young (Allocation Failure)
[2020-09-11T17:57:08.713+0000][1][gc,task      ] GC(65) Using 1 workers of 1 for evacuation
[2020-09-11T17:57:08.837+0000][1][gc,age       ] GC(65) Desired survivor size 4358144 bytes, new threshold 2 (max threshold 6)
[2020-09-11T17:57:08.837+0000][1][gc,age       ] GC(65) Age table with threshold 2 (max threshold 6)
[2020-09-11T17:57:08.837+0000][1][gc,age       ] GC(65) - age   1:    2509600 bytes,    2509600 total
[2020-09-11T17:57:08.837+0000][1][gc,age       ] GC(65) - age   2:    3453552 bytes,    5963152 total
[2020-09-11T17:57:08.837+0000][1][gc,heap      ] GC(65) ParNew: 75969K->6085K(76672K)
[2020-09-11T17:57:08.837+0000][1][gc,heap      ] GC(65) CMS: 55679K->59051K(439104K)
[2020-09-11T17:57:08.837+0000][1][gc,metaspace ] GC(65) Metaspace: 73488K->73488K(1116160K)
[2020-09-11T17:57:08.837+0000][1][gc           ] GC(65) Pause Young (Allocation Failure) 128M->63M(503M) 123.788ms
[2020-09-11T17:57:08.837+0000][1][gc,cpu       ] GC(65) User=0.05s Sys=0.00s Real=0.12s
[2020-09-11T17:57:08.857+0000][1][safepoint    ] Safepoint "GenCollectForAllocation", Time since last: 52358978 ns, Reaching safepoint: 116421 ns, At safepoint: 144049481 ns, Total: 144165902 ns
[2020-09-11T17:57:09.046+0000][1][safepoint    ] Safepoint "RevokeBias", Time since last: 187954997 ns, Reaching safepoint: 139808 ns, At safepoint: 246181 ns, Total: 385989 ns
[2020-09-11T17:57:09.048+0000][1][safepoint    ] Safepoint "RevokeBias", Time since last: 1622468 ns, Reaching safepoint: 106639 ns, At safepoint: 70829 ns, Total: 177468 ns
[2020-09-11T17:57:09.051+0000][1][safepoint    ] Safepoint "RevokeBias", Time since last: 3154333 ns, Reaching safepoint: 114766 ns, At safepoint: 56353 ns, Total: 171119 ns
[2020-09-11T17:57:09.098+0000][1][safepoint    ] Safepoint "BulkRevokeBias", Time since last: 46684490 ns, Reaching safepoint: 118692 ns, At safepoint: 338722 ns, Total: 457414 ns
[2020-09-11T17:57:09.098+0000][1][safepoint    ] Safepoint "RevokeBias", Time since last: 261775 ns, Reaching safepoint: 88176 ns, At safepoint: 10781 ns, Total: 98957 ns
[2020-09-11T17:57:09.102+0000][1][safepoint    ] Safepoint "RevokeBias", Time since last: 3221823 ns, Reaching safepoint: 110867 ns, At safepoint: 13802 ns, Total: 124669 ns
[2020-09-11T17:57:09.140+0000][1][safepoint    ] Safepoint "RevokeBias", Time since last: 38340762 ns, Reaching safepoint: 112474 ns, At safepoint: 28819 ns, Total: 141293 ns
[2020-09-11T17:57:09.253+0000][1][safepoint    ] Safepoint "RevokeBias", Time since last: 112593767 ns, Reaching safepoint: 117057 ns, At safepoint: 14393 ns, Total: 131450 ns
[2020-09-11T17:57:09.290+0000][1][safepoint    ] Safepoint "RevokeBias", Time since last: 36605210 ns, Reaching safepoint: 110299 ns, At safepoint: 17900 ns, Total: 128199 ns
[2020-09-11T17:57:09.404+0000][1][safepoint    ] Safepoint "RevokeBias", Time since last: 113644595 ns, Reaching safepoint: 132604 ns, At safepoint: 66687 ns, Total: 199291 ns
[2020-09-11T17:57:09.424+0000][1][safepoint    ] Safepoint "RevokeBias", Time since last: 20283391 ns, Reaching safepoint: 121931 ns, At safepoint: 47270 ns, Total: 169201 ns
[2020-09-11T17:57:09.429+0000][1][safepoint    ] Safepoint "RevokeBias", Time since last: 4777514 ns, Reaching safepoint: 114084 ns, At safepoint: 39740 ns, Total: 153824 ns
[2020-09-11T17:57:09.430+0000][1][safepoint    ] Safepoint "RevokeBias", Time since last: 633267 ns, Reaching safepoint: 87188 ns, At safepoint: 27755 ns, Total: 114943 ns
[2020-09-11T17:57:09.439+0000][1][safepoint    ] Safepoint "RevokeBias", Time since last: 9408713 ns, Reaching safepoint: 312777 ns, At safepoint: 51634 ns, Total: 364411 ns
[2020-09-11T17:57:09.441+0000][1][safepoint    ] Safepoint "RevokeBias", Time since last: 1067696 ns, Reaching safepoint: 93429 ns, At safepoint: 40856 ns, Total: 134285 ns
[2020-09-11T17:57:09.446+0000][1][safepoint    ] Safepoint "RevokeBias", Time since last: 4794934 ns, Reaching safepoint: 115042 ns, At safepoint: 35284 ns, Total: 150326 ns
[2020-09-11T17:57:09.449+0000][1][safepoint    ] Safepoint "RevokeBias", Time since last: 3434350 ns, Reaching safepoint: 107322 ns, At safepoint: 35425 ns, Total: 142747 ns
[2020-09-11T17:57:09.717+0000][1][safepoint    ] Safepoint "RevokeBias", Time since last: 267611518 ns, Reaching safepoint: 196123 ns, At safepoint: 50443 ns, Total: 246566 ns
[2020-09-11T17:57:09.734+0000][1][safepoint    ] Safepoint "RevokeBias", Time since last: 7619385 ns, Reaching safepoint: 9230320 ns, At safepoint: 58080 ns, Total: 9288400 ns
[2020-09-11T17:57:10.101+0000][1][safepoint    ] Safepoint "RevokeBias", Time since last: 366847342 ns, Reaching safepoint: 132406 ns, At safepoint: 16935 ns, Total: 149341 ns
[2020-09-11T17:57:10.101+0000][1][safepoint    ] Safepoint "RevokeBias", Time since last: 288000 ns, Reaching safepoint: 88314 ns, At safepoint: 10623 ns, Total: 98937 ns
[2020-09-11T17:57:10.119+0000][1][safepoint    ] Safepoint "RevokeBias", Time since last: 7467177 ns, Reaching safepoint: 10313585 ns, At safepoint: 21689 ns, Total: 10335274 ns
[2020-09-11T17:57:10.140+0000][1][safepoint    ] Safepoint "RevokeBias", Time since last: 20873851 ns, Reaching safepoint: 119751 ns, At safepoint: 22325 ns, Total: 142076 ns
[2020-09-11T17:57:10.318+0000][1][safepoint    ] Safepoint "RevokeBias", Time since last: 177612801 ns, Reaching safepoint: 112095 ns, At safepoint: 14226 ns, Total: 126321 ns
[2020-09-11T17:57:10.573+0000][1][safepoint    ] Safepoint "RevokeBias", Time since last: 254897174 ns, Reaching safepoint: 125841 ns, At safepoint: 16932 ns, Total: 142773 ns
[2020-09-11T17:57:10.650+0000][1][safepoint    ] Safepoint "RevokeBias", Time since last: 77331289 ns, Reaching safepoint: 118328 ns, At safepoint: 48833 ns, Total: 167161 ns
[2020-09-11T17:57:10.654+0000][1][safepoint    ] Safepoint "RevokeBias", Time since last: 3478685 ns, Reaching safepoint: 108391 ns, At safepoint: 43182 ns, Total: 151573 ns
[2020-09-11T17:57:10.657+0000][1][safepoint    ] Safepoint "RevokeBias", Time since last: 2704636 ns, Reaching safepoint: 105114 ns, At safepoint: 46195 ns, Total: 151309 ns
[2020-09-11T17:57:10.676+0000][1][safepoint    ] Safepoint "RevokeBias", Time since last: 11900756 ns, Reaching safepoint: 6893597 ns, At safepoint: 32393 ns, Total: 6925990 ns
[2020-09-11T17:57:10.694+0000][1][safepoint    ] Safepoint "RevokeBias", Time since last: 17542411 ns, Reaching safepoint: 322768 ns, At safepoint: 16834 ns, Total: 339602 ns
[2020-09-11T17:57:10.897+0000][1][safepoint    ] Safepoint "RevokeBias", Time since last: 203148562 ns, Reaching safepoint: 119853 ns, At safepoint: 14357 ns, Total: 134210 ns
[2020-09-11T17:57:11.019+0000][1][safepoint    ] Safepoint "RevokeBias", Time since last: 121788915 ns, Reaching safepoint: 116401 ns, At safepoint: 23010 ns, Total: 139411 ns
[2020-09-11T17:57:11.026+0000][1][safepoint    ] Safepoint "RevokeBias", Time since last: 6886905 ns, Reaching safepoint: 111305 ns, At safepoint: 23213 ns, Total: 134518 ns
[2020-09-11T17:57:11.048+0000][1][safepoint    ] Safepoint "RevokeBias", Time since last: 21880472 ns, Reaching safepoint: 142781 ns, At safepoint: 23757 ns, Total: 166538 ns
[2020-09-11T17:57:11.053+0000][1][safepoint    ] Safepoint "RevokeBias", Time since last: 4892592 ns, Reaching safepoint: 49337 ns, At safepoint: 16811 ns, Total: 66148 ns
[2020-09-11T17:57:11.055+0000][1][safepoint    ] Safepoint "RevokeBias", Time since last: 2243368 ns, Reaching safepoint: 115100 ns, At safepoint: 20647 ns, Total: 135747 ns
[2020-09-11T17:57:11.081+0000][1][safepoint    ] Safepoint "RevokeBias", Time since last: 25581080 ns, Reaching safepoint: 121546 ns, At safepoint: 15675 ns, Total: 137221 ns
[2020-09-11T17:57:11.230+0000][1][safepoint    ] Safepoint "RevokeBias", Time since last: 148619325 ns, Reaching safepoint: 116386 ns, At safepoint: 16703 ns, Total: 133089 ns
[2020-09-11T17:57:11.230+0000][1][safepoint    ] Safepoint "RevokeBias", Time since last: 98685 ns, Reaching safepoint: 24522 ns, At safepoint: 11721 ns, Total: 36243 ns
[2020-09-11T17:57:11.268+0000][1][safepoint    ] Safepoint "RevokeBias", Time since last: 34332587 ns, Reaching safepoint: 3352770 ns, At safepoint: 40159 ns, Total: 3392929 ns
[2020-09-11T17:57:11.309+0000][1][safepoint    ] Safepoint "RevokeBias", Time since last: 41672801 ns, Reaching safepoint: 196787 ns, At safepoint: 17798 ns, Total: 214585 ns
[2020-09-11T17:57:11.311+0000][1][safepoint    ] Safepoint "RevokeBias", Time since last: 1012866 ns, Reaching safepoint: 103698 ns, At safepoint: 17660 ns, Total: 121358 ns
[2020-09-11T17:57:11.337+0000][1][safepoint    ] Safepoint "RevokeBias", Time since last: 26195676 ns, Reaching safepoint: 124684 ns, At safepoint: 22421 ns, Total: 147105 ns
[2020-09-11T17:57:11.385+0000][1][safepoint    ] Safepoint "RevokeBias", Time since last: 48350855 ns, Reaching safepoint: 111406 ns, At safepoint: 18301 ns, Total: 129707 ns
[2020-09-11T17:57:11.453+0000][1][safepoint    ] Safepoint "RevokeBias", Time since last: 67364463 ns, Reaching safepoint: 121000 ns, At safepoint: 19721 ns, Total: 140721 ns
[2020-09-11T17:57:11.454+0000][1][safepoint    ] Safepoint "RevokeBias", Time since last: 596204 ns, Reaching safepoint: 108251 ns, At safepoint: 16219 ns, Total: 124470 ns
[2020-09-11T17:57:11.512+0000][1][safepoint    ] Safepoint "RevokeBias", Time since last: 58614862 ns, Reaching safepoint: 137426 ns, At safepoint: 49791 ns, Total: 187217 ns
[2020-09-11T17:57:11.688+0000][1][safepoint    ] Safepoint "Deoptimize", Time since last: 174987647 ns, Reaching safepoint: 136247 ns, At safepoint: 448228 ns, Total: 584475 ns
[2020-09-11T17:57:11.734+0000][1][safepoint    ] Safepoint "RevokeBias", Time since last: 46197164 ns, Reaching safepoint: 131432 ns, At safepoint: 27245 ns, Total: 158677 ns
[2020-09-11T17:57:11.858+0000][1][safepoint    ] Safepoint "RevokeBias", Time since last: 123770915 ns, Reaching safepoint: 126990 ns, At safepoint: 19271 ns, Total: 146261 ns
[2020-09-11T17:57:11.859+0000][1][safepoint    ] Safepoint "RevokeBias", Time since last: 508036 ns, Reaching safepoint: 90905 ns, At safepoint: 13394 ns, Total: 104299 ns
[2020-09-11T17:57:11.860+0000][1][safepoint    ] Safepoint "RevokeBias", Time since last: 654645 ns, Reaching safepoint: 95368 ns, At safepoint: 13351 ns, Total: 108719 ns
[2020-09-11T17:57:12.093+0000][1][safepoint    ] Safepoint "RevokeBias", Time since last: 233295846 ns, Reaching safepoint: 119300 ns, At safepoint: 36941 ns, Total: 156241 ns
[2020-09-11T17:57:12.569+0000][1][safepoint    ] Safepoint "RevokeBias", Time since last: 475849281 ns, Reaching safepoint: 56904 ns, At safepoint: 20843 ns, Total: 77747 ns
[2020-09-11T17:57:12.571+0000][1][safepoint    ] Safepoint "BulkRevokeBias", Time since last: 1272379 ns, Reaching safepoint: 35870 ns, At safepoint: 290899 ns, Total: 326769 ns
[2020-09-11T17:57:13.571+0000][1][safepoint    ] Safepoint "Cleanup", Time since last: 1000101503 ns, Reaching safepoint: 58088 ns, At safepoint: 6355 ns, Total: 64443 ns
[2020-09-11T17:57:13.688+0000][1][safepoint    ] Safepoint "RevokeBias", Time since last: 117184473 ns, Reaching safepoint: 46759 ns, At safepoint: 15250 ns, Total: 62009 ns
[2020-09-11T17:57:14.275+0000][1][safepoint    ] Safepoint "RevokeBias", Time since last: 586435679 ns, Reaching safepoint: 137227 ns, At safepoint: 24062 ns, Total: 161289 ns
[2020-09-11T17:57:14.306+0000][1][safepoint    ] Safepoint "RevokeBias", Time since last: 31536419 ns, Reaching safepoint: 114037 ns, At safepoint: 26367 ns, Total: 140404 ns
[2020-09-11T17:57:14.313+0000][1][safepoint    ] Safepoint "RevokeBias", Time since last: 6267122 ns, Reaching safepoint: 479198 ns, At safepoint: 23788 ns, Total: 502986 ns
[2020-09-11T17:57:14.365+0000][1][safepoint    ] Safepoint "RevokeBias", Time since last: 51803024 ns, Reaching safepoint: 131830 ns, At safepoint: 26719 ns, Total: 158549 ns
[2020-09-11T17:57:14.394+0000][1][safepoint    ] Safepoint "RevokeBias", Time since last: 28717913 ns, Reaching safepoint: 84878 ns, At safepoint: 25715 ns, Total: 110593 ns
[2020-09-11T17:57:14.816+0000][1][safepoint    ] Safepoint "RevokeBias", Time since last: 420989558 ns, Reaching safepoint: 1477488 ns, At safepoint: 47082 ns, Total: 1524570 ns
[2020-09-11T17:57:15.338+0000][1][safepoint    ] Safepoint "RevokeBias", Time since last: 512634026 ns, Reaching safepoint: 8871484 ns, At safepoint: 24656 ns, Total: 8896140 ns
[2020-09-11T17:57:15.341+0000][1][safepoint    ] Safepoint "RevokeBias", Time since last: 2682162 ns, Reaching safepoint: 94176 ns, At safepoint: 14062 ns, Total: 108238 ns
[2020-09-11T17:57:15.341+0000][1][safepoint    ] Safepoint "RevokeBias", Time since last: 47830 ns, Reaching safepoint: 87196 ns, At safepoint: 11577 ns, Total: 98773 ns
[2020-09-11T17:57:15.342+0000][1][gc,start     ] GC(66) Pause Young (Allocation Failure)
[2020-09-11T17:57:15.342+0000][1][gc,task      ] GC(66) Using 1 workers of 1 for evacuation
[2020-09-11T17:57:15.464+0000][1][gc,age       ] GC(66) Desired survivor size 4358144 bytes, new threshold 6 (max threshold 6)
[2020-09-11T17:57:15.464+0000][1][gc,age       ] GC(66) Age table with threshold 6 (max threshold 6)
[2020-09-11T17:57:15.464+0000][1][gc,age       ] GC(66) - age   1:    1274976 bytes,    1274976 total
[2020-09-11T17:57:15.464+0000][1][gc,age       ] GC(66) - age   2:    2331176 bytes,    3606152 total
[2020-09-11T17:57:15.464+0000][1][gc,heap      ] GC(66) ParNew: 74191K->5888K(76672K)
[2020-09-11T17:57:15.464+0000][1][gc,heap      ] GC(66) CMS: 59051K->62559K(439104K)
[2020-09-11T17:57:15.464+0000][1][gc,metaspace ] GC(66) Metaspace: 74997K->74997K(1118208K)
[2020-09-11T17:57:15.464+0000][1][gc           ] GC(66) Pause Young (Allocation Failure) 130M->66M(503M) 121.967ms
[2020-09-11T17:57:15.464+0000][1][gc,cpu       ] GC(66) User=0.04s Sys=0.00s Real=0.12s
[2020-09-11T17:57:15.497+0000][1][safepoint    ] Safepoint "GenCollectForAllocation", Time since last: 1027074 ns, Reaching safepoint: 101902 ns, At safepoint: 155019079 ns, Total: 155120981 ns
[2020-09-11T17:57:15.550+0000][1][safepoint    ] Safepoint "RevokeBias", Time since last: 51806623 ns, Reaching safepoint: 1197874 ns, At safepoint: 33628 ns, Total: 1231502 ns
[2020-09-11T17:57:15.566+0000][1][safepoint    ] Safepoint "RevokeBias", Time since last: 9153763 ns, Reaching safepoint: 7031739 ns, At safepoint: 31963 ns, Total: 7063702 ns
[2020-09-11T17:57:15.569+0000][1][safepoint    ] Safepoint "RevokeBias", Time since last: 213263 ns, Reaching safepoint: 2318336 ns, At safepoint: 30285 ns, Total: 2348621 ns
[2020-09-11T17:57:15.574+0000][1][safepoint    ] Safepoint "RevokeBias", Time since last: 1001939 ns, Reaching safepoint: 3969251 ns, At safepoint: 30184 ns, Total: 3999435 ns
[2020-09-11T17:57:15.591+0000][1][safepoint    ] Safepoint "RevokeBias", Time since last: 15479814 ns, Reaching safepoint: 1772229 ns, At safepoint: 25526 ns, Total: 1797755 ns
[2020-09-11T17:57:15.596+0000][1][safepoint    ] Safepoint "RevokeBias", Time since last: 4317293 ns, Reaching safepoint: 776857 ns, At safepoint: 32874 ns, Total: 809731 ns
[2020-09-11T17:57:15.598+0000][1][safepoint    ] Safepoint "RevokeBias", Time since last: 228184 ns, Reaching safepoint: 1019846 ns, At safepoint: 66684 ns, Total: 1086530 ns
[2020-09-11T17:57:15.598+0000][1][safepoint    ] Safepoint "RevokeBias", Time since last: 65535 ns, Reaching safepoint: 176884 ns, At safepoint: 47757 ns, Total: 224641 ns
[2020-09-11T17:57:15.598+0000][1][safepoint    ] Safepoint "RevokeBias", Time since last: 40536 ns, Reaching safepoint: 102010 ns, At safepoint: 41917 ns, Total: 143927 ns
[2020-09-11T17:57:15.598+0000][1][safepoint    ] Safepoint "RevokeBias", Time since last: 206861 ns, Reaching safepoint: 102782 ns, At safepoint: 41549 ns, Total: 144331 ns
[2020-09-11T17:57:15.633+0000][1][safepoint    ] Safepoint "RevokeBias", Time since last: 34529369 ns, Reaching safepoint: 137565 ns, At safepoint: 22833 ns, Total: 160398 ns
[2020-09-11T17:57:15.666+0000][1][safepoint    ] Safepoint "RevokeBias", Time since last: 27058058 ns, Reaching safepoint: 6008453 ns, At safepoint: 32980 ns, Total: 6041433 ns
[2020-09-11T17:57:15.796+0000][1][safepoint    ] Safepoint "RevokeBias", Time since last: 129206776 ns, Reaching safepoint: 987054 ns, At safepoint: 56350 ns, Total: 1043404 ns
[2020-09-11T17:57:15.825+0000][1][safepoint    ] Safepoint "BulkRevokeBias", Time since last: 28229246 ns, Reaching safepoint: 130383 ns, At safepoint: 200437 ns, Total: 330820 ns
[2020-09-11T17:57:15.888+0000][1][safepoint    ] Safepoint "RevokeBias", Time since last: 58206638 ns, Reaching safepoint: 4720800 ns, At safepoint: 20535 ns, Total: 4741335 ns
[2020-09-11T17:57:15.889+0000][1][safepoint    ] Safepoint "RevokeBias", Time since last: 72161 ns, Reaching safepoint: 886372 ns, At safepoint: 21648 ns, Total: 908020 ns
[2020-09-11T17:57:15.959+0000][1][safepoint    ] Safepoint "RevokeBias", Time since last: 68621438 ns, Reaching safepoint: 1005162 ns, At safepoint: 46737 ns, Total: 1051899 ns
[2020-09-11T17:57:16.171+0000][1][safepoint    ] Safepoint "RevokeBias", Time since last: 211999194 ns, Reaching safepoint: 460993 ns, At safepoint: 18210 ns, Total: 479203 ns
[2020-09-11T17:57:16.263+0000][1][safepoint    ] Safepoint "RevokeBias", Time since last: 89994483 ns, Reaching safepoint: 2253162 ns, At safepoint: 32963 ns, Total: 2286125 ns
[2020-09-11T17:57:16.290+0000][1][safepoint    ] Safepoint "RevokeBias", Time since last: 18827573 ns, Reaching safepoint: 7464011 ns, At safepoint: 42034 ns, Total: 7506045 ns
[2020-09-11T17:57:16.306+0000][1][safepoint    ] Safepoint "RevokeBias", Time since last: 15670266 ns, Reaching safepoint: 199488 ns, At safepoint: 24956 ns, Total: 224444 ns
[2020-09-11T17:57:16.421+0000][1][safepoint    ] Safepoint "RevokeBias", Time since last: 115760553 ns, Reaching safepoint: 142990 ns, At safepoint: 23922 ns, Total: 166912 ns
[2020-09-11T17:57:16.425+0000][1][safepoint    ] Safepoint "RevokeBias", Time since last: 3739840 ns, Reaching safepoint: 127592 ns, At safepoint: 21340 ns, Total: 148932 ns
[2020-09-11T17:57:16.545+0000][1][safepoint    ] Safepoint "RevokeBias", Time since last: 119946904 ns, Reaching safepoint: 63727 ns, At safepoint: 21688 ns, Total: 85415 ns
[2020-09-11T17:57:16.557+0000][1][safepoint    ] Safepoint "RevokeBias", Time since last: 11990470 ns, Reaching safepoint: 55780 ns, At safepoint: 21580 ns, Total: 77360 ns
[2020-09-11T17:57:16.597+0000][1][safepoint    ] Safepoint "RevokeBias", Time since last: 38150161 ns, Reaching safepoint: 1171627 ns, At safepoint: 25650 ns, Total: 1197277 ns
[2020-09-11T17:57:16.675+0000][1][safepoint    ] Safepoint "RevokeBias", Time since last: 78003965 ns, Reaching safepoint: 54555 ns, At safepoint: 23871 ns, Total: 78426 ns
[2020-09-11T17:57:16.684+0000][1][safepoint    ] Safepoint "RevokeBias", Time since last: 8689394 ns, Reaching safepoint: 132556 ns, At safepoint: 25354 ns, Total: 157910 ns
[2020-09-11T17:57:16.754+0000][1][safepoint    ] Safepoint "RevokeBias", Time since last: 70388330 ns, Reaching safepoint: 134958 ns, At safepoint: 22455 ns, Total: 157413 ns
[2020-09-11T17:57:16.762+0000][1][safepoint    ] Safepoint "RevokeBias", Time since last: 7117123 ns, Reaching safepoint: 56047 ns, At safepoint: 26228 ns, Total: 82275 ns
[2020-09-11T17:57:16.845+0000][1][safepoint    ] Safepoint "RevokeBias", Time since last: 83127746 ns, Reaching safepoint: 51785 ns, At safepoint: 19678 ns, Total: 71463 ns
[2020-09-11T17:57:16.849+0000][1][safepoint    ] Safepoint "RevokeBias", Time since last: 4165639 ns, Reaching safepoint: 41006 ns, At safepoint: 13056 ns, Total: 54062 ns
[2020-09-11T17:57:16.849+0000][1][safepoint    ] Safepoint "BulkRevokeBias", Time since last: 306588 ns, Reaching safepoint: 20164 ns, At safepoint: 166590 ns, Total: 186754 ns
[2020-09-11T17:57:16.865+0000][1][safepoint    ] Safepoint "RevokeBias", Time since last: 11374358 ns, Reaching safepoint: 4038934 ns, At safepoint: 202767 ns, Total: 4241701 ns
[2020-09-11T17:57:17.870+0000][1][safepoint    ] Safepoint "Cleanup", Time since last: 1003737722 ns, Reaching safepoint: 1589852 ns, At safepoint: 12656 ns, Total: 1602508 ns
[2020-09-11T17:57:18.186+0000][1][safepoint    ] Safepoint "RevokeBias", Time since last: 313894451 ns, Reaching safepoint: 1831377 ns, At safepoint: 15776 ns, Total: 1847153 ns
[2020-09-11T17:57:18.450+0000][1][safepoint    ] Safepoint "RevokeBias", Time since last: 263059014 ns, Reaching safepoint: 347203 ns, At safepoint: 19921 ns, Total: 367124 ns
[2020-09-11T17:57:18.525+0000][1][safepoint    ] Safepoint "RevokeBias", Time since last: 75231864 ns, Reaching safepoint: 144410 ns, At safepoint: 13793 ns, Total: 158203 ns
[2020-09-11T17:57:18.525+0000][1][safepoint    ] Safepoint "RevokeBias", Time since last: 371429 ns, Reaching safepoint: 117578 ns, At safepoint: 8102 ns, Total: 125680 ns
[2020-09-11T17:57:18.526+0000][1][safepoint    ] Safepoint "RevokeBias", Time since last: 52819 ns, Reaching safepoint: 106483 ns, At safepoint: 7451 ns, Total: 113934 ns
[2020-09-11T17:57:18.527+0000][1][safepoint    ] Safepoint "RevokeBias", Time since last: 201080 ns, Reaching safepoint: 1089028 ns, At safepoint: 8360 ns, Total: 1097388 ns
[2020-09-11T17:57:18.533+0000][1][safepoint    ] Safepoint "RevokeBias", Time since last: 953338 ns, Reaching safepoint: 4978699 ns, At safepoint: 20999 ns, Total: 4999698 ns
[2020-09-11T17:57:18.541+0000][1][safepoint    ] Safepoint "RevokeBias", Time since last: 8092594 ns, Reaching safepoint: 138057 ns, At safepoint: 13711 ns, Total: 151768 ns
[2020-09-11T17:57:18.574+0000][1][safepoint    ] Safepoint "RevokeBias", Time since last: 32257066 ns, Reaching safepoint: 150342 ns, At safepoint: 11784 ns, Total: 162126 ns
[2020-09-11T17:57:18.574+0000][1][safepoint    ] Safepoint "RevokeBias", Time since last: 72269 ns, Reaching safepoint: 47876 ns, At safepoint: 6027 ns, Total: 53903 ns
[2020-09-11T17:57:18.817+0000][1][safepoint    ] Safepoint "Deoptimize", Time since last: 243153619 ns, Reaching safepoint: 123342 ns, At safepoint: 461543 ns, Total: 584885 ns
[2020-09-11T17:57:18.941+0000][1][gc,start     ] GC(67) Pause Young (Allocation Failure)
[2020-09-11T17:57:18.941+0000][1][gc,task      ] GC(67) Using 1 workers of 1 for evacuation
[2020-09-11T17:57:18.974+0000][1][gc,age       ] GC(67) Desired survivor size 4358144 bytes, new threshold 6 (max threshold 6)
[2020-09-11T17:57:18.974+0000][1][gc,age       ] GC(67) Age table with threshold 6 (max threshold 6)
[2020-09-11T17:57:18.974+0000][1][gc,age       ] GC(67) - age   1:    1396016 bytes,    1396016 total
[2020-09-11T17:57:18.974+0000][1][gc,age       ] GC(67) - age   2:     643544 bytes,    2039560 total
[2020-09-11T17:57:18.974+0000][1][gc,age       ] GC(67) - age   3:    2270560 bytes,    4310120 total
[2020-09-11T17:57:18.974+0000][1][gc,heap      ] GC(67) ParNew: 74048K->5585K(76672K)
[2020-09-11T17:57:18.974+0000][1][gc,heap      ] GC(67) CMS: 62559K->62559K(439104K)
[2020-09-11T17:57:18.974+0000][1][gc,metaspace ] GC(67) Metaspace: 78071K->78071K(1120256K)
[2020-09-11T17:57:18.974+0000][1][gc           ] GC(67) Pause Young (Allocation Failure) 133M->66M(503M) 33.096ms
[2020-09-11T17:57:18.974+0000][1][gc,cpu       ] GC(67) User=0.02s Sys=0.00s Real=0.03s
[2020-09-11T17:57:18.981+0000][1][safepoint    ] Safepoint "GenCollectForAllocation", Time since last: 119559076 ns, Reaching safepoint: 3882398 ns, At safepoint: 40493950 ns, Total: 44376348 ns
[2020-09-11T17:57:19.032+0000][1][safepoint    ] Safepoint "BulkRevokeBias", Time since last: 50489193 ns, Reaching safepoint: 157544 ns, At safepoint: 205799 ns, Total: 363343 ns
[2020-09-11T17:57:19.032+0000][1][safepoint    ] Safepoint "RevokeBias", Time since last: 65995 ns, Reaching safepoint: 113300 ns, At safepoint: 7549 ns, Total: 120849 ns
[2020-09-11T17:57:19.049+0000][1][safepoint    ] Safepoint "RevokeBias", Time since last: 16434414 ns, Reaching safepoint: 130090 ns, At safepoint: 10314 ns, Total: 140404 ns
[2020-09-11T17:57:19.053+0000][1][safepoint    ] Safepoint "BulkRevokeBias", Time since last: 83907 ns, Reaching safepoint: 3782143 ns, At safepoint: 189985 ns, Total: 3972128 ns
[2020-09-11T17:57:19.053+0000][1][safepoint    ] Safepoint "RevokeBias", Time since last: 232375 ns, Reaching safepoint: 110638 ns, At safepoint: 7301 ns, Total: 117939 ns
[2020-09-11T17:57:19.101+0000][1][safepoint    ] Safepoint "RevokeBias", Time since last: 45726722 ns, Reaching safepoint: 1763380 ns, At safepoint: 13724 ns, Total: 1777104 ns
[2020-09-11T17:57:19.105+0000][1][safepoint    ] Safepoint "RevokeBias", Time since last: 224773 ns, Reaching safepoint: 3739357 ns, At safepoint: 10676 ns, Total: 3750033 ns
[2020-09-11T17:57:19.129+0000][1][safepoint    ] Safepoint "RevokeBias", Time since last: 24443040 ns, Reaching safepoint: 152432 ns, At safepoint: 9713 ns, Total: 162145 ns
[2020-09-11T17:57:19.258+0000][1][safepoint    ] Safepoint "RevokeBias", Time since last: 128700437 ns, Reaching safepoint: 134368 ns, At safepoint: 8380 ns, Total: 142748 ns
[2020-09-11T17:57:19.309+0000][1][safepoint    ] Safepoint "RevokeBias", Time since last: 50519676 ns, Reaching safepoint: 145363 ns, At safepoint: 10404 ns, Total: 155767 ns
[2020-09-11T17:57:19.310+0000][1][safepoint    ] Safepoint "RevokeBias", Time since last: 796633 ns, Reaching safepoint: 26416 ns, At safepoint: 5343 ns, Total: 31759 ns
[2020-09-11T17:57:20.310+0000][1][safepoint    ] Safepoint "Cleanup", Time since last: 1000097152 ns, Reaching safepoint: 81171 ns, At safepoint: 7385 ns, Total: 88556 ns
[2020-09-11T17:57:21.187+0000][1][safepoint    ] Safepoint "RevokeBias", Time since last: 874828356 ns, Reaching safepoint: 2419409 ns, At safepoint: 20716 ns, Total: 2440125 ns
[2020-09-11T17:57:21.189+0000][1][safepoint    ] Safepoint "RevokeBias", Time since last: 1273467 ns, Reaching safepoint: 328188 ns, At safepoint: 14306 ns, Total: 342494 ns
[2020-09-11T17:57:22.189+0000][1][safepoint    ] Safepoint "Cleanup", Time since last: 1000105341 ns, Reaching safepoint: 82028 ns, At safepoint: 9513 ns, Total: 91541 ns
[2020-09-11T17:57:23.189+0000][1][safepoint    ] Safepoint "Cleanup", Time since last: 1000116845 ns, Reaching safepoint: 69642 ns, At safepoint: 6595 ns, Total: 76237 ns
[2020-09-11T17:57:23.356+0000][1][safepoint    ] Safepoint "RevokeBias", Time since last: 166365881 ns, Reaching safepoint: 138865 ns, At safepoint: 9359 ns, Total: 148224 ns
[2020-09-11T17:57:23.357+0000][1][safepoint    ] Safepoint "RevokeBias", Time since last: 805650 ns, Reaching safepoint: 100298 ns, At safepoint: 6540 ns, Total: 106838 ns
[2020-09-11T17:57:23.378+0000][1][safepoint    ] Safepoint "RevokeBias", Time since last: 20765366 ns, Reaching safepoint: 130394 ns, At safepoint: 8927 ns, Total: 139321 ns
[2020-09-11T17:57:24.155+0000][1][safepoint    ] Safepoint "RevokeBias", Time since last: 774815140 ns, Reaching safepoint: 2447780 ns, At safepoint: 17084 ns, Total: 2464864 ns
[2020-09-11T17:57:24.161+0000][1][safepoint    ] Safepoint "RevokeBias", Time since last: 5597284 ns, Reaching safepoint: 129000 ns, At safepoint: 11104 ns, Total: 140104 ns
[2020-09-11T17:57:24.161+0000][1][safepoint    ] Safepoint "RevokeBias", Time since last: 321266 ns, Reaching safepoint: 114129 ns, At safepoint: 8381 ns, Total: 122510 ns
[2020-09-11T17:57:24.162+0000][1][safepoint    ] Safepoint "RevokeBias", Time since last: 485621 ns, Reaching safepoint: 108727 ns, At safepoint: 6989 ns, Total: 115716 ns
[2020-09-11T17:57:24.163+0000][1][safepoint    ] Safepoint "RevokeBias", Time since last: 890965 ns, Reaching safepoint: 108664 ns, At safepoint: 7815 ns, Total: 116479 ns
[2020-09-11T17:57:24.165+0000][1][safepoint    ] Safepoint "RevokeBias", Time since last: 234734 ns, Reaching safepoint: 1945367 ns, At safepoint: 12576 ns, Total: 1957943 ns
[2020-09-11T17:57:24.165+0000][1][safepoint    ] Safepoint "RevokeBias", Time since last: 273706 ns, Reaching safepoint: 109252 ns, At safepoint: 8321 ns, Total: 117573 ns
[2020-09-11T17:57:24.166+0000][1][safepoint    ] Safepoint "RevokeBias", Time since last: 260053 ns, Reaching safepoint: 102339 ns, At safepoint: 6300 ns, Total: 108639 ns
[2020-09-11T17:57:24.166+0000][1][safepoint    ] Safepoint "RevokeBias", Time since last: 625909 ns, Reaching safepoint: 102430 ns, At safepoint: 6765 ns, Total: 109195 ns
[2020-09-11T17:57:24.169+0000][1][safepoint    ] Safepoint "RevokeBias", Time since last: 838301 ns, Reaching safepoint: 1648414 ns, At safepoint: 11340 ns, Total: 1659754 ns
[2020-09-11T17:57:24.173+0000][1][safepoint    ] Safepoint "RevokeBias", Time since last: 3961393 ns, Reaching safepoint: 643563 ns, At safepoint: 15059 ns, Total: 658622 ns
[2020-09-11T17:57:25.177+0000][1][safepoint    ] Safepoint "Cleanup", Time since last: 1003380692 ns, Reaching safepoint: 169489 ns, At safepoint: 19003 ns, Total: 188492 ns
[2020-09-11T17:57:26.177+0000][1][safepoint    ] Safepoint "Cleanup", Time since last: 1000200129 ns, Reaching safepoint: 118533 ns, At safepoint: 6721 ns, Total: 125254 ns
[2020-09-11T17:57:27.178+0000][1][safepoint    ] Safepoint "Cleanup", Time since last: 1000107816 ns, Reaching safepoint: 91408 ns, At safepoint: 8285 ns, Total: 99693 ns
[2020-09-11T17:57:27.681+0000][1][safepoint    ] Safepoint "RevokeBias", Time since last: 503262212 ns, Reaching safepoint: 139114 ns, At safepoint: 8586 ns, Total: 147700 ns
[2020-09-11T17:57:27.885+0000][1][safepoint    ] Safepoint "RevokeBias", Time since last: 202113510 ns, Reaching safepoint: 1758325 ns, At safepoint: 9994 ns, Total: 1768319 ns
[2020-09-11T17:57:27.887+0000][1][safepoint    ] Safepoint "RevokeBias", Time since last: 234370 ns, Reaching safepoint: 2102400 ns, At safepoint: 13012 ns, Total: 2115412 ns
[2020-09-11T17:57:28.249+0000][1][safepoint    ] Safepoint "RevokeBias", Time since last: 360706722 ns, Reaching safepoint: 951776 ns, At safepoint: 13169 ns, Total: 964945 ns
[2020-09-11T17:57:28.260+0000][1][safepoint    ] Safepoint "RevokeBias", Time since last: 10025604 ns, Reaching safepoint: 904358 ns, At safepoint: 10864 ns, Total: 915222 ns
[2020-09-11T17:57:28.287+0000][1][safepoint    ] Safepoint "RevokeBias", Time since last: 25925613 ns, Reaching safepoint: 1147260 ns, At safepoint: 37982 ns, Total: 1185242 ns
[2020-09-11T17:57:28.289+0000][1][safepoint    ] Safepoint "RevokeBias", Time since last: 549778 ns, Reaching safepoint: 1371894 ns, At safepoint: 42819 ns, Total: 1414713 ns
[2020-09-11T17:57:28.786+0000][1][safepoint    ] Safepoint "RevokeBias", Time since last: 485413278 ns, Reaching safepoint: 11653062 ns, At safepoint: 25627 ns, Total: 11678689 ns
[2020-09-11T17:57:28.795+0000][1][safepoint    ] Safepoint "RevokeBias", Time since last: 8528011 ns, Reaching safepoint: 140162 ns, At safepoint: 35150 ns, Total: 175312 ns
[2020-09-11T17:57:28.989+0000][1][safepoint    ] Safepoint "RevokeBias", Time since last: 192137498 ns, Reaching safepoint: 2047693 ns, At safepoint: 14871 ns, Total: 2062564 ns
[2020-09-11T17:57:29.072+0000][1][safepoint    ] Safepoint "RevokeBias", Time since last: 83051631 ns, Reaching safepoint: 144718 ns, At safepoint: 46623 ns, Total: 191341 ns
[2020-09-11T17:57:29.077+0000][1][safepoint    ] Safepoint "RevokeBias", Time since last: 2032863 ns, Reaching safepoint: 2685452 ns, At safepoint: 82582 ns, Total: 2768034 ns
[2020-09-11T17:57:29.161+0000][1][safepoint    ] Safepoint "RevokeBias", Time since last: 80814733 ns, Reaching safepoint: 3119948 ns, At safepoint: 36435 ns, Total: 3156383 ns
[2020-09-11T17:57:29.165+0000][1][safepoint    ] Safepoint "RevokeBias", Time since last: 1862704 ns, Reaching safepoint: 2078044 ns, At safepoint: 31050 ns, Total: 2109094 ns
[2020-09-11T17:57:29.200+0000][1][safepoint    ] Safepoint "RevokeBias", Time since last: 35450530 ns, Reaching safepoint: 146581 ns, At safepoint: 32953 ns, Total: 179534 ns
[2020-09-11T17:57:29.223+0000][1][safepoint    ] Safepoint "Deoptimize", Time since last: 21612547 ns, Reaching safepoint: 137908 ns, At safepoint: 492607 ns, Total: 630515 ns
[2020-09-11T17:57:29.233+0000][1][safepoint    ] Safepoint "RevokeBias", Time since last: 8952570 ns, Reaching safepoint: 1156828 ns, At safepoint: 39844 ns, Total: 1196672 ns
[2020-09-11T17:57:29.249+0000][1][safepoint    ] Safepoint "RevokeBias", Time since last: 14488951 ns, Reaching safepoint: 1232438 ns, At safepoint: 40669 ns, Total: 1273107 ns
[2020-09-11T17:57:29.317+0000][1][gc,start     ] GC(68) Pause Young (Allocation Failure)
[2020-09-11T17:57:29.317+0000][1][gc,task      ] GC(68) Using 1 workers of 1 for evacuation
[2020-09-11T17:57:29.376+0000][1][gc,age       ] GC(68) Desired survivor size 4358144 bytes, new threshold 4 (max threshold 6)
[2020-09-11T17:57:29.376+0000][1][gc,age       ] GC(68) Age table with threshold 4 (max threshold 6)
[2020-09-11T17:57:29.376+0000][1][gc,age       ] GC(68) - age   1:    2097184 bytes,    2097184 total
[2020-09-11T17:57:29.376+0000][1][gc,age       ] GC(68) - age   2:    1074328 bytes,    3171512 total
[2020-09-11T17:57:29.376+0000][1][gc,age       ] GC(68) - age   3:     626312 bytes,    3797824 total
[2020-09-11T17:57:29.376+0000][1][gc,age       ] GC(68) - age   4:    2258288 bytes,    6056112 total
[2020-09-11T17:57:29.376+0000][1][gc,heap      ] GC(68) ParNew: 73745K->7710K(76672K)
[2020-09-11T17:57:29.376+0000][1][gc,heap      ] GC(68) CMS: 62559K->62559K(439104K)
[2020-09-11T17:57:29.376+0000][1][gc,metaspace ] GC(68) Metaspace: 81311K->81311K(1124352K)
[2020-09-11T17:57:29.376+0000][1][gc           ] GC(68) Pause Young (Allocation Failure) 133M->68M(503M) 58.941ms
[2020-09-11T17:57:29.376+0000][1][gc,cpu       ] GC(68) User=0.02s Sys=0.00s Real=0.06s
[2020-09-11T17:57:29.397+0000][1][safepoint    ] Safepoint "GenCollectForAllocation", Time since last: 68271720 ns, Reaching safepoint: 164583 ns, At safepoint: 79740585 ns, Total: 79905168 ns
[2020-09-11T17:57:29.498+0000][1][safepoint    ] Safepoint "RevokeBias", Time since last: 100577559 ns, Reaching safepoint: 230802 ns, At safepoint: 45658 ns, Total: 276460 ns
[2020-09-11T17:57:29.564+0000][1][safepoint    ] Safepoint "RevokeBias", Time since last: 63255687 ns, Reaching safepoint: 2659336 ns, At safepoint: 44469 ns, Total: 2703805 ns
[2020-09-11T17:57:29.710+0000][1][safepoint    ] Safepoint "RevokeBias", Time since last: 130269208 ns, Reaching safepoint: 16043226 ns, At safepoint: 32208 ns, Total: 16075434 ns
[2020-09-11T17:57:29.737+0000][1][safepoint    ] Safepoint "RevokeBias", Time since last: 25912288 ns, Reaching safepoint: 604367 ns, At safepoint: 19578 ns, Total: 623945 ns
[2020-09-11T17:57:30.078+0000][1][safepoint    ] Safepoint "RevokeBias", Time since last: 338353235 ns, Reaching safepoint: 3068784 ns, At safepoint: 23033 ns, Total: 3091817 ns
[2020-09-11T17:57:30.196+0000][1][safepoint    ] Safepoint "RevokeBias", Time since last: 117091260 ns, Reaching safepoint: 1033286 ns, At safepoint: 23756 ns, Total: 1057042 ns
[2020-09-11T17:57:30.196+0000][1][safepoint    ] Safepoint "RevokeBias", Time since last: 77491 ns, Reaching safepoint: 102552 ns, At safepoint: 13184 ns, Total: 115736 ns
[2020-09-11T17:57:30.197+0000][1][safepoint    ] Safepoint "RevokeBias", Time since last: 32569 ns, Reaching safepoint: 470394 ns, At safepoint: 13708 ns, Total: 484102 ns
[2020-09-11T17:57:30.197+0000][1][safepoint    ] Safepoint "RevokeBias", Time since last: 35542 ns, Reaching safepoint: 102176 ns, At safepoint: 12294 ns, Total: 114470 ns
[2020-09-11T17:57:30.223+0000][1][safepoint    ] Safepoint "RevokeBias", Time since last: 25931042 ns, Reaching safepoint: 141657 ns, At safepoint: 10512 ns, Total: 152169 ns
[2020-09-11T17:57:30.232+0000][1][safepoint    ] Safepoint "RevokeBias", Time since last: 8832128 ns, Reaching safepoint: 207488 ns, At safepoint: 24420 ns, Total: 231908 ns
[2020-09-11T17:57:30.249+0000][1][safepoint    ] Safepoint "RevokeBias", Time since last: 9591388 ns, Reaching safepoint: 7127753 ns, At safepoint: 29009 ns, Total: 7156762 ns
[2020-09-11T17:57:30.337+0000][1][safepoint    ] Safepoint "Deoptimize", Time since last: 87424114 ns, Reaching safepoint: 694057 ns, At safepoint: 484770 ns, Total: 1178827 ns
[2020-09-11T17:57:30.392+0000][1][safepoint    ] Safepoint "RevokeBias", Time since last: 52608187 ns, Reaching safepoint: 2143987 ns, At safepoint: 12250 ns, Total: 2156237 ns
[2020-09-11T17:57:30.430+0000][1][gc,start     ] GC(69) Pause Young (Allocation Failure)
[2020-09-11T17:57:30.626+0000][1][gc,task      ] GC(69) Using 1 workers of 1 for evacuation
[2020-09-11T17:57:30.680+0000][1][gc,age       ] GC(69) Desired survivor size 4358144 bytes, new threshold 4 (max threshold 6)
[2020-09-11T17:57:30.680+0000][1][gc,age       ] GC(69) Age table with threshold 4 (max threshold 6)
[2020-09-11T17:57:30.680+0000][1][gc,age       ] GC(69) - age   1:     991184 bytes,     991184 total
[2020-09-11T17:57:30.680+0000][1][gc,age       ] GC(69) - age   2:    1984112 bytes,    2975296 total
[2020-09-11T17:57:30.680+0000][1][gc,age       ] GC(69) - age   3:    1059608 bytes,    4034904 total
[2020-09-11T17:57:30.680+0000][1][gc,age       ] GC(69) - age   4:     626312 bytes,    4661216 total
[2020-09-11T17:57:30.680+0000][1][gc,heap      ] GC(69) ParNew: 75870K->5399K(76672K)
[2020-09-11T17:57:30.680+0000][1][gc,heap      ] GC(69) CMS: 62559K->64814K(439104K)
[2020-09-11T17:57:30.680+0000][1][gc,metaspace ] GC(69) Metaspace: 82832K->82832K(1126400K)
[2020-09-11T17:57:30.680+0000][1][gc           ] GC(69) Pause Young (Allocation Failure) 135M->68M(503M) 249.740ms
[2020-09-11T17:57:30.680+0000][1][gc,cpu       ] GC(69) User=0.05s Sys=0.00s Real=0.25s
[2020-09-11T17:57:30.759+0000][1][safepoint    ] Safepoint "GenCollectForAllocation", Time since last: 32550269 ns, Reaching safepoint: 5125502 ns, At safepoint: 329027799 ns, Total: 334153301 ns
[2020-09-11T17:57:30.759+0000][1][safepoint    ] Safepoint "RevokeBias", Time since last: 49666 ns, Reaching safepoint: 461402 ns, At safepoint: 17652 ns, Total: 479054 ns
[2020-09-11T17:57:30.866+0000][1][safepoint    ] Safepoint "RevokeBias", Time since last: 105899024 ns, Reaching safepoint: 224962 ns, At safepoint: 16941 ns, Total: 241903 ns
[2020-09-11T17:57:30.866+0000][1][safepoint    ] Safepoint "RevokeBias", Time since last: 134716 ns, Reaching safepoint: 99032 ns, At safepoint: 21750 ns, Total: 120782 ns
[2020-09-11T17:57:30.869+0000][1][safepoint    ] Safepoint "RevokeBias", Time since last: 3387894 ns, Reaching safepoint: 134431 ns, At safepoint: 28981 ns, Total: 163412 ns
[2020-09-11T17:57:30.870+0000][1][safepoint    ] Safepoint "RevokeBias", Time since last: 216079 ns, Reaching safepoint: 100198 ns, At safepoint: 20749 ns, Total: 120947 ns
[2020-09-11T17:57:30.871+0000][1][safepoint    ] Safepoint "RevokeBias", Time since last: 752652 ns, Reaching safepoint: 104028 ns, At safepoint: 14878 ns, Total: 118906 ns
[2020-09-11T17:57:30.871+0000][1][safepoint    ] Safepoint "RevokeBias", Time since last: 425014 ns, Reaching safepoint: 101078 ns, At safepoint: 13881 ns, Total: 114959 ns
[2020-09-11T17:57:30.871+0000][1][safepoint    ] Safepoint "RevokeBias", Time since last: 131692 ns, Reaching safepoint: 100063 ns, At safepoint: 11637 ns, Total: 111700 ns
[2020-09-11T17:57:30.872+0000][1][safepoint    ] Safepoint "RevokeBias", Time since last: 52823 ns, Reaching safepoint: 98950 ns, At safepoint: 10425 ns, Total: 109375 ns
[2020-09-11T17:57:30.873+0000][1][safepoint    ] Safepoint "RevokeBias", Time since last: 54558 ns, Reaching safepoint: 1179249 ns, At safepoint: 21517 ns, Total: 1200766 ns
[2020-09-11T17:57:30.873+0000][1][safepoint    ] Safepoint "RevokeBias", Time since last: 462347 ns, Reaching safepoint: 101534 ns, At safepoint: 20582 ns, Total: 122116 ns
[2020-09-11T17:57:30.877+0000][1][safepoint    ] Safepoint "RevokeBias", Time since last: 3404577 ns, Reaching safepoint: 205156 ns, At safepoint: 31733 ns, Total: 236889 ns
[2020-09-11T17:57:30.908+0000][1][safepoint    ] Safepoint "RevokeBias", Time since last: 21835908 ns, Reaching safepoint: 9147316 ns, At safepoint: 24681 ns, Total: 9171997 ns
[2020-09-11T17:57:30.928+0000][1][safepoint    ] Safepoint "RevokeBias", Time since last: 16842136 ns, Reaching safepoint: 3212611 ns, At safepoint: 48037 ns, Total: 3260648 ns
[2020-09-11T17:57:30.942+0000][1][safepoint    ] Safepoint "RevokeBias", Time since last: 13389043 ns, Reaching safepoint: 144298 ns, At safepoint: 43509 ns, Total: 187807 ns
[2020-09-11T17:57:30.942+0000][1][safepoint    ] Safepoint "RevokeBias", Time since last: 176781 ns, Reaching safepoint: 100652 ns, At safepoint: 29984 ns, Total: 130636 ns
[2020-09-11T17:57:31.125+0000][1][safepoint    ] Safepoint "RevokeBias", Time since last: 171375560 ns, Reaching safepoint: 11433880 ns, At safepoint: 35881 ns, Total: 11469761 ns
[2020-09-11T17:57:31.145+0000][1][safepoint    ] Safepoint "RevokeBias", Time since last: 19352793 ns, Reaching safepoint: 666078 ns, At safepoint: 22723 ns, Total: 688801 ns
[2020-09-11T17:57:31.265+0000][1][safepoint    ] Safepoint "RevokeBias", Time since last: 120148761 ns, Reaching safepoint: 151690 ns, At safepoint: 31622 ns, Total: 183312 ns
[2020-09-11T17:57:31.268+0000][1][safepoint    ] Safepoint "RevokeBias", Time since last: 2349676 ns, Reaching safepoint: 123666 ns, At safepoint: 26053 ns, Total: 149719 ns
[2020-09-11T17:57:31.351+0000][1][safepoint    ] Safepoint "RevokeBias", Time since last: 83170123 ns, Reaching safepoint: 140796 ns, At safepoint: 33113 ns, Total: 173909 ns
[2020-09-11T17:57:31.357+0000][1][safepoint    ] Safepoint "RevokeBias", Time since last: 5708173 ns, Reaching safepoint: 140845 ns, At safepoint: 12461 ns, Total: 153306 ns
[2020-09-11T17:57:31.361+0000][1][safepoint    ] Safepoint "RevokeBias", Time since last: 4222637 ns, Reaching safepoint: 136308 ns, At safepoint: 31360 ns, Total: 167668 ns
[2020-09-11T17:57:31.362+0000][1][safepoint    ] Safepoint "RevokeBias", Time since last: 253613 ns, Reaching safepoint: 125097 ns, At safepoint: 26377 ns, Total: 151474 ns
[2020-09-11T17:57:31.362+0000][1][safepoint    ] Safepoint "RevokeBias", Time since last: 210527 ns, Reaching safepoint: 137352 ns, At safepoint: 34956 ns, Total: 172308 ns
[2020-09-11T17:57:31.369+0000][1][safepoint    ] Safepoint "RevokeBias", Time since last: 7011944 ns, Reaching safepoint: 145587 ns, At safepoint: 33291 ns, Total: 178878 ns
[2020-09-11T17:57:31.370+0000][1][safepoint    ] Safepoint "RevokeBias", Time since last: 275336 ns, Reaching safepoint: 130152 ns, At safepoint: 27059 ns, Total: 157211 ns
[2020-09-11T17:57:31.370+0000][1][safepoint    ] Safepoint "RevokeBias", Time since last: 226855 ns, Reaching safepoint: 122770 ns, At safepoint: 33741 ns, Total: 156511 ns
[2020-09-11T17:57:31.421+0000][1][safepoint    ] Safepoint "RevokeBias", Time since last: 50648750 ns, Reaching safepoint: 166286 ns, At safepoint: 14353 ns, Total: 180639 ns
[2020-09-11T17:57:31.431+0000][1][safepoint    ] Safepoint "RevokeBias", Time since last: 9471178 ns, Reaching safepoint: 143357 ns, At safepoint: 22440 ns, Total: 165797 ns
[2020-09-11T17:57:31.501+0000][1][safepoint    ] Safepoint "RevokeBias", Time since last: 70218246 ns, Reaching safepoint: 159658 ns, At safepoint: 10784 ns, Total: 170442 ns
[2020-09-11T17:57:31.545+0000][1][safepoint    ] Safepoint "RevokeBias", Time since last: 43804432 ns, Reaching safepoint: 158587 ns, At safepoint: 19780 ns, Total: 178367 ns
[2020-09-11T17:57:31.750+0000][1][safepoint    ] Safepoint "RevokeBias", Time since last: 204745384 ns, Reaching safepoint: 156575 ns, At safepoint: 35603 ns, Total: 192178 ns
[2020-09-11T17:57:31.750+0000][1][safepoint    ] Safepoint "RevokeBias", Time since last: 81839 ns, Reaching safepoint: 102217 ns, At safepoint: 25784 ns, Total: 128001 ns
[2020-09-11T17:57:31.758+0000][1][safepoint    ] Safepoint "RevokeBias", Time since last: 7912856 ns, Reaching safepoint: 75670 ns, At safepoint: 54252 ns, Total: 129922 ns
[2020-09-11T17:57:31.865+0000][1][safepoint    ] Safepoint "RevokeBias", Time since last: 106629228 ns, Reaching safepoint: 82278 ns, At safepoint: 45199 ns, Total: 127477 ns
[2020-09-11T17:57:31.865+0000][1][safepoint    ] Safepoint "RevokeBias", Time since last: 226620 ns, Reaching safepoint: 29346 ns, At safepoint: 11989 ns, Total: 41335 ns
[2020-09-11T17:57:31.865+0000][1][safepoint    ] Safepoint "RevokeBias", Time since last: 47487 ns, Reaching safepoint: 26186 ns, At safepoint: 9932 ns, Total: 36118 ns
[2020-09-11T17:57:31.865+0000][1][safepoint    ] Safepoint "RevokeBias", Time since last: 30356 ns, Reaching safepoint: 24892 ns, At safepoint: 9422 ns, Total: 34314 ns
[2020-09-11T17:57:31.865+0000][1][safepoint    ] Safepoint "RevokeBias", Time since last: 28953 ns, Reaching safepoint: 24594 ns, At safepoint: 9314 ns, Total: 33908 ns
[2020-09-11T17:57:31.865+0000][1][safepoint    ] Safepoint "RevokeBias", Time since last: 28246 ns, Reaching safepoint: 24600 ns, At safepoint: 9030 ns, Total: 33630 ns
[2020-09-11T17:57:31.866+0000][1][safepoint    ] Safepoint "RevokeBias", Time since last: 27977 ns, Reaching safepoint: 24501 ns, At safepoint: 9159 ns, Total: 33660 ns
[2020-09-11T17:57:31.866+0000][1][safepoint    ] Safepoint "RevokeBias", Time since last: 27576 ns, Reaching safepoint: 24338 ns, At safepoint: 9022 ns, Total: 33360 ns
[2020-09-11T17:57:31.866+0000][1][safepoint    ] Safepoint "RevokeBias", Time since last: 27484 ns, Reaching safepoint: 24503 ns, At safepoint: 9151 ns, Total: 33654 ns
[2020-09-11T17:57:31.866+0000][1][safepoint    ] Safepoint "RevokeBias", Time since last: 27701 ns, Reaching safepoint: 24534 ns, At safepoint: 9132 ns, Total: 33666 ns
[2020-09-11T17:57:31.866+0000][1][safepoint    ] Safepoint "RevokeBias", Time since last: 27483 ns, Reaching safepoint: 24439 ns, At safepoint: 9102 ns, Total: 33541 ns
[2020-09-11T17:57:32.213+0000][1][safepoint    ] Safepoint "RevokeBias", Time since last: 347543569 ns, Reaching safepoint: 133478 ns, At safepoint: 19152 ns, Total: 152630 ns
[2020-09-11T17:57:32.214+0000][1][safepoint    ] Safepoint "RevokeBias", Time since last: 80419 ns, Reaching safepoint: 96430 ns, At safepoint: 11937 ns, Total: 108367 ns
[2020-09-11T17:57:32.214+0000][1][safepoint    ] Safepoint "RevokeBias", Time since last: 31117 ns, Reaching safepoint: 116851 ns, At safepoint: 11411 ns, Total: 128262 ns
[2020-09-11T17:57:32.214+0000][1][safepoint    ] Safepoint "RevokeBias", Time since last: 31774 ns, Reaching safepoint: 95310 ns, At safepoint: 11003 ns, Total: 106313 ns
[2020-09-11T17:57:32.214+0000][1][safepoint    ] Safepoint "RevokeBias", Time since last: 28937 ns, Reaching safepoint: 104185 ns, At safepoint: 12146 ns, Total: 116331 ns
[2020-09-11T17:57:32.214+0000][1][safepoint    ] Safepoint "RevokeBias", Time since last: 39366 ns, Reaching safepoint: 93789 ns, At safepoint: 10875 ns, Total: 104664 ns
[2020-09-11T17:57:32.214+0000][1][safepoint    ] Safepoint "RevokeBias", Time since last: 43858 ns, Reaching safepoint: 94605 ns, At safepoint: 11405 ns, Total: 106010 ns
[2020-09-11T17:57:32.215+0000][1][safepoint    ] Safepoint "RevokeBias", Time since last: 28827 ns, Reaching safepoint: 94450 ns, At safepoint: 10817 ns, Total: 105267 ns
[2020-09-11T17:57:32.215+0000][1][safepoint    ] Safepoint "RevokeBias", Time since last: 28398 ns, Reaching safepoint: 93959 ns, At safepoint: 10715 ns, Total: 104674 ns
[2020-09-11T17:57:32.220+0000][1][safepoint    ] Safepoint "RevokeBias", Time since last: 4754557 ns, Reaching safepoint: 141525 ns, At safepoint: 17812 ns, Total: 159337 ns
[2020-09-11T17:57:32.588+0000][1][safepoint    ] Safepoint "RevokeBias", Time since last: 368124053 ns, Reaching safepoint: 624719 ns, At safepoint: 60058 ns, Total: 684777 ns
[2020-09-11T17:57:32.632+0000][1][safepoint    ] Safepoint "RevokeBias", Time since last: 43086707 ns, Reaching safepoint: 142271 ns, At safepoint: 58713 ns, Total: 200984 ns
[2020-09-11T17:57:32.727+0000][1][safepoint    ] Safepoint "RevokeBias", Time since last: 78587407 ns, Reaching safepoint: 16720333 ns, At safepoint: 28369 ns, Total: 16748702 ns
[2020-09-11T17:57:32.908+0000][1][safepoint    ] Safepoint "RevokeBias", Time since last: 180418477 ns, Reaching safepoint: 153827 ns, At safepoint: 23452 ns, Total: 177279 ns
[2020-09-11T17:57:32.939+0000][1][safepoint    ] Safepoint "RevokeBias", Time since last: 23061375 ns, Reaching safepoint: 8785540 ns, At safepoint: 32431 ns, Total: 8817971 ns
[2020-09-11T17:57:32.949+0000][1][safepoint    ] Safepoint "RevokeBias", Time since last: 9044670 ns, Reaching safepoint: 256717 ns, At safepoint: 21625 ns, Total: 278342 ns
[2020-09-11T17:57:33.369+0000][1][safepoint    ] Safepoint "RevokeBias", Time since last: 419989476 ns, Reaching safepoint: 87045 ns, At safepoint: 23284 ns, Total: 110329 ns
[2020-09-11T17:57:33.636+0000][1][safepoint    ] Safepoint "RevokeBias", Time since last: 266658165 ns, Reaching safepoint: 153115 ns, At safepoint: 29225 ns, Total: 182340 ns
[2020-09-11T17:57:33.647+0000][1][gc,start     ] GC(70) Pause Young (Allocation Failure)
[2020-09-11T17:57:33.647+0000][1][gc,task      ] GC(70) Using 1 workers of 1 for evacuation
[2020-09-11T17:57:33.777+0000][1][gc,age       ] GC(70) Desired survivor size 4358144 bytes, new threshold 3 (max threshold 6)
[2020-09-11T17:57:33.777+0000][1][gc,age       ] GC(70) Age table with threshold 3 (max threshold 6)
[2020-09-11T17:57:33.777+0000][1][gc,age       ] GC(70) - age   1:    2842408 bytes,    2842408 total
[2020-09-11T17:57:33.777+0000][1][gc,age       ] GC(70) - age   2:     760736 bytes,    3603144 total
[2020-09-11T17:57:33.777+0000][1][gc,age       ] GC(70) - age   3:    1707288 bytes,    5310432 total
[2020-09-11T17:57:33.777+0000][1][gc,age       ] GC(70) - age   4:    1048576 bytes,    6359008 total
[2020-09-11T17:57:33.802+0000][1][gc,heap      ] GC(70) ParNew: 73559K->8512K(76672K)
[2020-09-11T17:57:33.803+0000][1][gc,heap      ] GC(70) CMS: 64814K->65439K(439104K)
[2020-09-11T17:57:33.803+0000][1][gc,metaspace ] GC(70) Metaspace: 83985K->83985K(1126400K)
[2020-09-11T17:57:33.803+0000][1][gc           ] GC(70) Pause Young (Allocation Failure) 135M->72M(503M) 155.832ms
[2020-09-11T17:57:33.803+0000][1][gc,cpu       ] GC(70) User=0.04s Sys=0.00s Real=0.16s
[2020-09-11T17:57:33.854+0000][1][safepoint    ] Safepoint "GenCollectForAllocation", Time since last: 10820824 ns, Reaching safepoint: 144269 ns, At safepoint: 206813317 ns, Total: 206957586 ns
[2020-09-11T17:57:33.876+0000][1][safepoint    ] Safepoint "RevokeBias", Time since last: 15349638 ns, Reaching safepoint: 6914538 ns, At safepoint: 56864 ns, Total: 6971402 ns
[2020-09-11T17:57:33.903+0000][1][safepoint    ] Safepoint "RevokeBias", Time since last: 27046060 ns, Reaching safepoint: 159604 ns, At safepoint: 36727 ns, Total: 196331 ns
[2020-09-11T17:57:33.904+0000][1][safepoint    ] Safepoint "RevokeBias", Time since last: 520080 ns, Reaching safepoint: 108860 ns, At safepoint: 22137 ns, Total: 130997 ns
[2020-09-11T17:57:33.981+0000][1][safepoint    ] Safepoint "RevokeBias", Time since last: 75650305 ns, Reaching safepoint: 1463404 ns, At safepoint: 34929 ns, Total: 1498333 ns
[2020-09-11T17:57:33.981+0000][1][safepoint    ] Safepoint "RevokeBias", Time since last: 86959 ns, Reaching safepoint: 134273 ns, At safepoint: 18401 ns, Total: 152674 ns
[2020-09-11T17:57:33.981+0000][1][safepoint    ] Safepoint "RevokeBias", Time since last: 53723 ns, Reaching safepoint: 129017 ns, At safepoint: 17940 ns, Total: 146957 ns
[2020-09-11T17:57:33.982+0000][1][safepoint    ] Safepoint "RevokeBias", Time since last: 50800 ns, Reaching safepoint: 120799 ns, At safepoint: 15201 ns, Total: 136000 ns
[2020-09-11T17:57:34.047+0000][1][safepoint    ] Safepoint "RevokeBias", Time since last: 65125123 ns, Reaching safepoint: 159161 ns, At safepoint: 27861 ns, Total: 187022 ns
[2020-09-11T17:57:34.051+0000][1][safepoint    ] Safepoint "RevokeBias", Time since last: 3592703 ns, Reaching safepoint: 158205 ns, At safepoint: 25022 ns, Total: 183227 ns
[2020-09-11T17:57:34.058+0000][1][safepoint    ] Safepoint "BulkRevokeBias", Time since last: 6797898 ns, Reaching safepoint: 144571 ns, At safepoint: 237721 ns, Total: 382292 ns
[2020-09-11T17:57:34.335+0000][1][safepoint    ] Safepoint "Deoptimize", Time since last: 276317939 ns, Reaching safepoint: 177450 ns, At safepoint: 543703 ns, Total: 721153 ns
[2020-09-11T17:57:34.437+0000][1][safepoint    ] Safepoint "RevokeBias", Time since last: 102123508 ns, Reaching safepoint: 72478 ns, At safepoint: 15085 ns, Total: 87563 ns
[2020-09-11T17:57:34.437+0000][1][safepoint    ] Safepoint "RevokeBias", Time since last: 113172 ns, Reaching safepoint: 25955 ns, At safepoint: 11969 ns, Total: 37924 ns
[2020-09-11T17:57:34.437+0000][1][safepoint    ] Safepoint "RevokeBias", Time since last: 50253 ns, Reaching safepoint: 24705 ns, At safepoint: 9347 ns, Total: 34052 ns
[2020-09-11T17:57:35.197+0000][1][safepoint    ] Safepoint "RevokeBias", Time since last: 759672300 ns, Reaching safepoint: 277365 ns, At safepoint: 42723 ns, Total: 320088 ns
[2020-09-11T17:57:35.206+0000][1][safepoint    ] Safepoint "RevokeBias", Time since last: 8483306 ns, Reaching safepoint: 157352 ns, At safepoint: 21557 ns, Total: 178909 ns
[2020-09-11T17:57:35.240+0000][1][safepoint    ] Safepoint "RevokeBias", Time since last: 31555479 ns, Reaching safepoint: 2198582 ns, At safepoint: 26902 ns, Total: 2225484 ns
[2020-09-11T17:57:35.246+0000][1][safepoint    ] Safepoint "RevokeBias", Time since last: 90761 ns, Reaching safepoint: 6119173 ns, At safepoint: 28539 ns, Total: 6147712 ns
[2020-09-11T17:57:35.257+0000][1][safepoint    ] Safepoint "RevokeBias", Time since last: 10900477 ns, Reaching safepoint: 150283 ns, At safepoint: 21452 ns, Total: 171735 ns
[2020-09-11T17:57:35.257+0000][1][safepoint    ] Safepoint "RevokeBias", Time since last: 64748 ns, Reaching safepoint: 116363 ns, At safepoint: 14566 ns, Total: 130929 ns
[2020-09-11T17:57:35.257+0000][1][safepoint    ] Safepoint "RevokeBias", Time since last: 36494 ns, Reaching safepoint: 101133 ns, At safepoint: 12182 ns, Total: 113315 ns
[2020-09-11T17:57:35.258+0000][1][safepoint    ] Safepoint "RevokeBias", Time since last: 33553 ns, Reaching safepoint: 101287 ns, At safepoint: 12022 ns, Total: 113309 ns
[2020-09-11T17:57:35.258+0000][1][safepoint    ] Safepoint "RevokeBias", Time since last: 33584 ns, Reaching safepoint: 100467 ns, At safepoint: 11767 ns, Total: 112234 ns
[2020-09-11T17:57:35.258+0000][1][safepoint    ] Safepoint "RevokeBias", Time since last: 32416 ns, Reaching safepoint: 99732 ns, At safepoint: 11500 ns, Total: 111232 ns
[2020-09-11T17:57:35.403+0000][1][safepoint    ] Safepoint "RevokeBias", Time since last: 145192096 ns, Reaching safepoint: 150794 ns, At safepoint: 28055 ns, Total: 178849 ns
[2020-09-11T17:57:35.404+0000][1][safepoint    ] Safepoint "RevokeBias", Time since last: 1051061 ns, Reaching safepoint: 110932 ns, At safepoint: 13932 ns, Total: 124864 ns
[2020-09-11T17:57:35.558+0000][1][safepoint    ] Safepoint "RevokeBias", Time since last: 153518029 ns, Reaching safepoint: 159366 ns, At safepoint: 21744 ns, Total: 181110 ns
[2020-09-11T17:57:35.577+0000][1][safepoint    ] Safepoint "RevokeBias", Time since last: 18488291 ns, Reaching safepoint: 708593 ns, At safepoint: 22689 ns, Total: 731282 ns
[2020-09-11T17:57:35.585+0000][1][safepoint    ] Safepoint "RevokeBias", Time since last: 7562747 ns, Reaching safepoint: 154493 ns, At safepoint: 21136 ns, Total: 175629 ns
[2020-09-11T17:57:35.586+0000][1][safepoint    ] Safepoint "RevokeBias", Time since last: 954074 ns, Reaching safepoint: 117764 ns, At safepoint: 14155 ns, Total: 131919 ns
[2020-09-11T17:57:35.605+0000][1][safepoint    ] Safepoint "RevokeBias", Time since last: 18690286 ns, Reaching safepoint: 146597 ns, At safepoint: 18305 ns, Total: 164902 ns
[2020-09-11T17:57:35.627+0000][1][safepoint    ] Safepoint "BulkRevokeBias", Time since last: 20763106 ns, Reaching safepoint: 145136 ns, At safepoint: 729629 ns, Total: 874765 ns
[2020-09-11T17:57:35.718+0000][1][safepoint    ] Safepoint "RevokeBias", Time since last: 82205686 ns, Reaching safepoint: 8735267 ns, At safepoint: 38475 ns, Total: 8773742 ns
[2020-09-11T17:57:35.769+0000][1][safepoint    ] Safepoint "RevokeBias", Time since last: 50517291 ns, Reaching safepoint: 1042635 ns, At safepoint: 25891 ns, Total: 1068526 ns
[2020-09-11T17:57:35.774+0000][1][safepoint    ] Safepoint "RevokeBias", Time since last: 4777302 ns, Reaching safepoint: 371736 ns, At safepoint: 22681 ns, Total: 394417 ns
[2020-09-11T17:57:35.775+0000][1][safepoint    ] Safepoint "RevokeBias", Time since last: 216227 ns, Reaching safepoint: 109063 ns, At safepoint: 16011 ns, Total: 125074 ns
[2020-09-11T17:57:35.818+0000][1][safepoint    ] Safepoint "BulkRevokeBias", Time since last: 42478172 ns, Reaching safepoint: 447610 ns, At safepoint: 441766 ns, Total: 889376 ns
[2020-09-11T17:57:36.129+0000][1][safepoint    ] Safepoint "RevokeBias", Time since last: 294911843 ns, Reaching safepoint: 15939659 ns, At safepoint: 41682 ns, Total: 15981341 ns
[2020-09-11T17:57:36.210+0000][1][safepoint    ] Safepoint "RevokeBias", Time since last: 80756995 ns, Reaching safepoint: 152499 ns, At safepoint: 19802 ns, Total: 172301 ns
[2020-09-11T17:57:36.446+0000][1][safepoint    ] Safepoint "RevokeBias", Time since last: 235853107 ns, Reaching safepoint: 82843 ns, At safepoint: 20915 ns, Total: 103758 ns
[2020-09-11T17:57:36.461+0000][1][safepoint    ] Safepoint "RevokeBias", Time since last: 12820268 ns, Reaching safepoint: 2211413 ns, At safepoint: 20359 ns, Total: 2231772 ns
[2020-09-11T17:57:36.502+0000][1][safepoint    ] Safepoint "RevokeBias", Time since last: 40927020 ns, Reaching safepoint: 74114 ns, At safepoint: 21065 ns, Total: 95179 ns
[2020-09-11T17:57:36.560+0000][1][safepoint    ] Safepoint "RevokeBias", Time since last: 58408480 ns, Reaching safepoint: 75396 ns, At safepoint: 18114 ns, Total: 93510 ns
[2020-09-11T17:57:36.626+0000][1][safepoint    ] Safepoint "RevokeBias", Time since last: 65240091 ns, Reaching safepoint: 148233 ns, At safepoint: 19613 ns, Total: 167846 ns
[2020-09-11T17:57:36.666+0000][1][safepoint    ] Safepoint "RevokeBias", Time since last: 40408991 ns, Reaching safepoint: 139626 ns, At safepoint: 20910 ns, Total: 160536 ns
[2020-09-11T17:57:36.865+0000][1][safepoint    ] Safepoint "RevokeBias", Time since last: 198430455 ns, Reaching safepoint: 79828 ns, At safepoint: 22253 ns, Total: 102081 ns
[2020-09-11T17:57:37.002+0000][1][safepoint    ] Safepoint "RevokeBias", Time since last: 136670228 ns, Reaching safepoint: 89364 ns, At safepoint: 20957 ns, Total: 110321 ns
[2020-09-11T17:57:37.021+0000][1][safepoint    ] Safepoint "RevokeBias", Time since last: 19310773 ns, Reaching safepoint: 158930 ns, At safepoint: 20525 ns, Total: 179455 ns
[2020-09-11T17:57:37.021+0000][1][safepoint    ] Safepoint "RevokeBias", Time since last: 182441 ns, Reaching safepoint: 106911 ns, At safepoint: 14158 ns, Total: 121069 ns
[2020-09-11T17:57:37.022+0000][1][safepoint    ] Safepoint "RevokeBias", Time since last: 54436 ns, Reaching safepoint: 103884 ns, At safepoint: 11461 ns, Total: 115345 ns
[2020-09-11T17:57:37.022+0000][1][safepoint    ] Safepoint "RevokeBias", Time since last: 64488 ns, Reaching safepoint: 102952 ns, At safepoint: 12677 ns, Total: 115629 ns
[2020-09-11T17:57:37.022+0000][1][safepoint    ] Safepoint "RevokeBias", Time since last: 48897 ns, Reaching safepoint: 102092 ns, At safepoint: 12279 ns, Total: 114371 ns
[2020-09-11T17:57:37.487+0000][1][safepoint    ] Safepoint "RevokeBias", Time since last: 464842047 ns, Reaching safepoint: 86956 ns, At safepoint: 19525 ns, Total: 106481 ns
[2020-09-11T17:57:37.493+0000][1][safepoint    ] Safepoint "RevokeBias", Time since last: 5932356 ns, Reaching safepoint: 82310 ns, At safepoint: 20281 ns, Total: 102591 ns
[2020-09-11T17:57:37.493+0000][1][safepoint    ] Safepoint "RevokeBias", Time since last: 86377 ns, Reaching safepoint: 32960 ns, At safepoint: 11245 ns, Total: 44205 ns
[2020-09-11T17:57:37.538+0000][1][safepoint    ] Safepoint "RevokeBias", Time since last: 44894764 ns, Reaching safepoint: 146154 ns, At safepoint: 20098 ns, Total: 166252 ns
[2020-09-11T17:57:37.541+0000][1][safepoint    ] Safepoint "RevokeBias", Time since last: 2624520 ns, Reaching safepoint: 131258 ns, At safepoint: 17417 ns, Total: 148675 ns
[2020-09-11T17:57:38.065+0000][1][safepoint    ] Safepoint "RevokeBias", Time since last: 523561783 ns, Reaching safepoint: 365557 ns, At safepoint: 23673 ns, Total: 389230 ns
[2020-09-11T17:57:38.066+0000][1][safepoint    ] Safepoint "RevokeBias", Time since last: 163286 ns, Reaching safepoint: 1400299 ns, At safepoint: 42944 ns, Total: 1443243 ns
[2020-09-11T17:57:38.162+0000][1][safepoint    ] Safepoint "RevokeBias", Time since last: 95028384 ns, Reaching safepoint: 156307 ns, At safepoint: 22451 ns, Total: 178758 ns
[2020-09-11T17:57:38.306+0000][1][safepoint    ] Safepoint "RevokeBias", Time since last: 143566153 ns, Reaching safepoint: 228120 ns, At safepoint: 24808 ns, Total: 252928 ns
[2020-09-11T17:57:38.339+0000][1][safepoint    ] Safepoint "RevokeBias", Time since last: 33429757 ns, Reaching safepoint: 150854 ns, At safepoint: 21870 ns, Total: 172724 ns
[2020-09-11T17:57:38.405+0000][1][safepoint    ] Safepoint "RevokeBias", Time since last: 65692679 ns, Reaching safepoint: 164926 ns, At safepoint: 23088 ns, Total: 188014 ns
[2020-09-11T17:57:38.406+0000][1][safepoint    ] Safepoint "RevokeBias", Time since last: 1122458 ns, Reaching safepoint: 126947 ns, At safepoint: 13754 ns, Total: 140701 ns
[2020-09-11T17:57:38.407+0000][1][safepoint    ] Safepoint "RevokeBias", Time since last: 131028 ns, Reaching safepoint: 106105 ns, At safepoint: 11420 ns, Total: 117525 ns
[2020-09-11T17:57:38.407+0000][1][safepoint    ] Safepoint "RevokeBias", Time since last: 74202 ns, Reaching safepoint: 103011 ns, At safepoint: 10813 ns, Total: 113824 ns
[2020-09-11T17:57:38.416+0000][1][safepoint    ] Safepoint "RevokeBias", Time since last: 8828882 ns, Reaching safepoint: 149770 ns, At safepoint: 23743 ns, Total: 173513 ns
[2020-09-11T17:57:38.416+0000][1][safepoint    ] Safepoint "RevokeBias", Time since last: 299652 ns, Reaching safepoint: 105431 ns, At safepoint: 12907 ns, Total: 118338 ns
[2020-09-11T17:57:38.425+0000][1][safepoint    ] Safepoint "RevokeBias", Time since last: 9147684 ns, Reaching safepoint: 153688 ns, At safepoint: 24240 ns, Total: 177928 ns
[2020-09-11T17:57:38.426+0000][1][safepoint    ] Safepoint "RevokeBias", Time since last: 157778 ns, Reaching safepoint: 107690 ns, At safepoint: 15382 ns, Total: 123072 ns
[2020-09-11T17:57:38.450+0000][1][safepoint    ] Safepoint "RevokeBias", Time since last: 12493921 ns, Reaching safepoint: 11468919 ns, At safepoint: 54727 ns, Total: 11523646 ns
[2020-09-11T17:57:38.471+0000][1][safepoint    ] Safepoint "RevokeBias", Time since last: 21563497 ns, Reaching safepoint: 160691 ns, At safepoint: 23306 ns, Total: 183997 ns
[2020-09-11T17:57:38.472+0000][1][safepoint    ] Safepoint "RevokeBias", Time since last: 254054 ns, Reaching safepoint: 111091 ns, At safepoint: 14791 ns, Total: 125882 ns
[2020-09-11T17:57:38.472+0000][1][safepoint    ] Safepoint "RevokeBias", Time since last: 48533 ns, Reaching safepoint: 107441 ns, At safepoint: 15585 ns, Total: 123026 ns
[2020-09-11T17:57:38.472+0000][1][safepoint    ] Safepoint "RevokeBias", Time since last: 47510 ns, Reaching safepoint: 107068 ns, At safepoint: 13627 ns, Total: 120695 ns
[2020-09-11T17:57:38.473+0000][1][safepoint    ] Safepoint "BulkRevokeBias", Time since last: 32235 ns, Reaching safepoint: 107708 ns, At safepoint: 341422 ns, Total: 449130 ns
[2020-09-11T17:57:38.488+0000][1][safepoint    ] Safepoint "RevokeBias", Time since last: 15022676 ns, Reaching safepoint: 177224 ns, At safepoint: 36571 ns, Total: 213795 ns
[2020-09-11T17:57:38.503+0000][1][safepoint    ] Safepoint "RevokeBias", Time since last: 14274550 ns, Reaching safepoint: 172397 ns, At safepoint: 485311 ns, Total: 657708 ns
[2020-09-11T17:57:38.504+0000][1][safepoint    ] Safepoint "RevokeBias", Time since last: 592068 ns, Reaching safepoint: 127625 ns, At safepoint: 35035 ns, Total: 162660 ns
[2020-09-11T17:57:38.508+0000][1][safepoint    ] Safepoint "RevokeBias", Time since last: 329517 ns, Reaching safepoint: 92403 ns, At safepoint: 3613457 ns, Total: 3705860 ns
[2020-09-11T17:57:38.508+0000][1][safepoint    ] Safepoint "RevokeBias", Time since last: 382368 ns, Reaching safepoint: 163586 ns, At safepoint: 29467 ns, Total: 193053 ns
[2020-09-11T17:57:38.509+0000][1][safepoint    ] Safepoint "RevokeBias", Time since last: 220843 ns, Reaching safepoint: 112605 ns, At safepoint: 23514 ns, Total: 136119 ns
[2020-09-11T17:57:38.520+0000][1][safepoint    ] Safepoint "RevokeBias", Time since last: 11484318 ns, Reaching safepoint: 165826 ns, At safepoint: 31579 ns, Total: 197405 ns
[2020-09-11T17:57:38.530+0000][1][safepoint    ] Safepoint "RevokeBias", Time since last: 9571478 ns, Reaching safepoint: 154386 ns, At safepoint: 35915 ns, Total: 190301 ns
[2020-09-11T17:57:38.581+0000][1][safepoint    ] Safepoint "RevokeBias", Time since last: 47991520 ns, Reaching safepoint: 2870424 ns, At safepoint: 136579 ns, Total: 3007003 ns
[2020-09-11T17:57:38.584+0000][1][safepoint    ] Safepoint "RevokeBias", Time since last: 235378 ns, Reaching safepoint: 2316065 ns, At safepoint: 29884 ns, Total: 2345949 ns
[2020-09-11T17:57:38.585+0000][1][safepoint    ] Safepoint "RevokeBias", Time since last: 397994 ns, Reaching safepoint: 799070 ns, At safepoint: 19891 ns, Total: 818961 ns
[2020-09-11T17:57:38.605+0000][1][safepoint    ] Safepoint "RevokeBias", Time since last: 12894440 ns, Reaching safepoint: 7167126 ns, At safepoint: 39450 ns, Total: 7206576 ns
[2020-09-11T17:57:38.606+0000][1][safepoint    ] Safepoint "RevokeBias", Time since last: 1029136 ns, Reaching safepoint: 126310 ns, At safepoint: 16223 ns, Total: 142533 ns
[2020-09-11T17:57:38.609+0000][1][safepoint    ] Safepoint "RevokeBias", Time since last: 121758 ns, Reaching safepoint: 2665900 ns, At safepoint: 24334 ns, Total: 2690234 ns
[2020-09-11T17:57:38.613+0000][1][safepoint    ] Safepoint "RevokeBias", Time since last: 447658 ns, Reaching safepoint: 3514306 ns, At safepoint: 33948 ns, Total: 3548254 ns
[2020-09-11T17:57:38.638+0000][1][safepoint    ] Safepoint "BulkRevokeBias", Time since last: 24957498 ns, Reaching safepoint: 147359 ns, At safepoint: 332249 ns, Total: 479608 ns
[2020-09-11T17:57:38.649+0000][1][safepoint    ] Safepoint "RevokeBias", Time since last: 10870290 ns, Reaching safepoint: 78049 ns, At safepoint: 24508 ns, Total: 102557 ns
[2020-09-11T17:57:38.995+0000][1][safepoint    ] Safepoint "RevokeBias", Time since last: 337845107 ns, Reaching safepoint: 7573341 ns, At safepoint: 28925 ns, Total: 7602266 ns
[2020-09-11T17:57:39.181+0000][1][safepoint    ] Safepoint "RevokeBias", Time since last: 182169667 ns, Reaching safepoint: 3550546 ns, At safepoint: 64154 ns, Total: 3614700 ns
[2020-09-11T17:57:39.231+0000][1][gc,start     ] GC(71) Pause Young (Allocation Failure)
[2020-09-11T17:57:39.231+0000][1][gc,task      ] GC(71) Using 1 workers of 1 for evacuation
[2020-09-11T17:57:39.350+0000][1][gc,age       ] GC(71) Desired survivor size 4358144 bytes, new threshold 3 (max threshold 6)
[2020-09-11T17:57:39.350+0000][1][gc,age       ] GC(71) Age table with threshold 3 (max threshold 6)
[2020-09-11T17:57:39.350+0000][1][gc,age       ] GC(71) - age   1:    1621152 bytes,    1621152 total
[2020-09-11T17:57:39.350+0000][1][gc,age       ] GC(71) - age   2:    2636008 bytes,    4257160 total
[2020-09-11T17:57:39.350+0000][1][gc,age       ] GC(71) - age   3:     723440 bytes,    4980600 total
[2020-09-11T17:57:39.350+0000][1][gc,heap      ] GC(71) ParNew: 76672K->5848K(76672K)
[2020-09-11T17:57:39.350+0000][1][gc,heap      ] GC(71) CMS: 65439K->68176K(439104K)
[2020-09-11T17:57:39.350+0000][1][gc,metaspace ] GC(71) Metaspace: 86177K->86177K(1128448K)
[2020-09-11T17:57:39.350+0000][1][gc           ] GC(71) Pause Young (Allocation Failure) 138M->72M(503M) 118.821ms
[2020-09-11T17:57:39.350+0000][1][gc,cpu       ] GC(71) User=0.02s Sys=0.00s Real=0.12s
[2020-09-11T17:57:39.412+0000][1][safepoint    ] Safepoint "GenCollectForAllocation", Time since last: 44936286 ns, Reaching safepoint: 5713994 ns, At safepoint: 180845864 ns, Total: 186559858 ns
[2020-09-11T17:57:39.439+0000][1][safepoint    ] Safepoint "RevokeBias", Time since last: 8814298 ns, Reaching safepoint: 707709 ns, At safepoint: 17032266 ns, Total: 17739975 ns
[2020-09-11T17:57:39.618+0000][1][safepoint    ] Safepoint "RevokeBias", Time since last: 174191133 ns, Reaching safepoint: 5188960 ns, At safepoint: 36695 ns, Total: 5225655 ns
[2020-09-11T17:57:39.619+0000][1][safepoint    ] Safepoint "RevokeBias", Time since last: 78172 ns, Reaching safepoint: 966938 ns, At safepoint: 26169 ns, Total: 993107 ns
[2020-09-11T17:57:40.367+0000][1][safepoint    ] Safepoint "RevokeBias", Time since last: 746502017 ns, Reaching safepoint: 1024375 ns, At safepoint: 170270 ns, Total: 1194645 ns
[2020-09-11T17:57:40.395+0000][1][safepoint    ] Safepoint "RevokeBias", Time since last: 26139086 ns, Reaching safepoint: 1756908 ns, At safepoint: 171245 ns, Total: 1928153 ns
[2020-09-11T17:57:40.397+0000][1][safepoint    ] Safepoint "RevokeBias", Time since last: 916047 ns, Reaching safepoint: 1077806 ns, At safepoint: 152902 ns, Total: 1230708 ns
[2020-09-11T17:57:40.400+0000][1][safepoint    ] Safepoint "RevokeBias", Time since last: 354123 ns, Reaching safepoint: 2867467 ns, At safepoint: 188217 ns, Total: 3055684 ns
[2020-09-11T17:57:40.433+0000][1][safepoint    ] Safepoint "RevokeBias", Time since last: 32374273 ns, Reaching safepoint: 174127 ns, At safepoint: 16013 ns, Total: 190140 ns
[2020-09-11T17:57:40.474+0000][1][safepoint    ] Safepoint "RevokeBias", Time since last: 41028786 ns, Reaching safepoint: 161164 ns, At safepoint: 10163 ns, Total: 171327 ns
[2020-09-11T17:57:40.574+0000][1][safepoint    ] Safepoint "RevokeBias", Time since last: 99169362 ns, Reaching safepoint: 173532 ns, At safepoint: 20099 ns, Total: 193631 ns
[2020-09-11T17:57:40.753+0000][1][safepoint    ] Safepoint "RevokeBias", Time since last: 168254559 ns, Reaching safepoint: 10952694 ns, At safepoint: 53069 ns, Total: 11005763 ns
[2020-09-11T17:57:40.757+0000][1][safepoint    ] Safepoint "RevokeBias", Time since last: 176725 ns, Reaching safepoint: 3893269 ns, At safepoint: 31256 ns, Total: 3924525 ns
[2020-09-11T17:57:40.759+0000][1][safepoint    ] Safepoint "RevokeBias", Time since last: 115556 ns, Reaching safepoint: 1814061 ns, At safepoint: 18543 ns, Total: 1832604 ns
[2020-09-11T17:57:40.759+0000][1][safepoint    ] Safepoint "RevokeBias", Time since last: 501915 ns, Reaching safepoint: 113241 ns, At safepoint: 17117 ns, Total: 130358 ns
[2020-09-11T17:57:40.760+0000][1][safepoint    ] Safepoint "RevokeBias", Time since last: 99808 ns, Reaching safepoint: 108348 ns, At safepoint: 14796 ns, Total: 123144 ns
[2020-09-11T17:57:40.760+0000][1][safepoint    ] Safepoint "RevokeBias", Time since last: 244648 ns, Reaching safepoint: 109075 ns, At safepoint: 13912 ns, Total: 122987 ns
[2020-09-11T17:57:40.761+0000][1][safepoint    ] Safepoint "RevokeBias", Time since last: 348046 ns, Reaching safepoint: 178488 ns, At safepoint: 16815 ns, Total: 195303 ns
[2020-09-11T17:57:40.765+0000][1][safepoint    ] Safepoint "RevokeBias", Time since last: 281593 ns, Reaching safepoint: 3920009 ns, At safepoint: 18400 ns, Total: 3938409 ns
[2020-09-11T17:57:40.767+0000][1][safepoint    ] Safepoint "RevokeBias", Time since last: 100484 ns, Reaching safepoint: 2318741 ns, At safepoint: 22357 ns, Total: 2341098 ns
[2020-09-11T17:57:40.769+0000][1][safepoint    ] Safepoint "RevokeBias", Time since last: 543564 ns, Reaching safepoint: 1010608 ns, At safepoint: 38806 ns, Total: 1049414 ns
[2020-09-11T17:57:40.773+0000][1][safepoint    ] Safepoint "RevokeBias", Time since last: 115761 ns, Reaching safepoint: 3945152 ns, At safepoint: 44234 ns, Total: 3989386 ns
[2020-09-11T17:57:40.777+0000][1][safepoint    ] Safepoint "RevokeBias", Time since last: 238226 ns, Reaching safepoint: 3715100 ns, At safepoint: 33609 ns, Total: 3748709 ns
[2020-09-11T17:57:40.778+0000][1][safepoint    ] Safepoint "RevokeBias", Time since last: 467967 ns, Reaching safepoint: 998300 ns, At safepoint: 30877 ns, Total: 1029177 ns
[2020-09-11T17:57:40.781+0000][1][safepoint    ] Safepoint "RevokeBias", Time since last: 673898 ns, Reaching safepoint: 1002564 ns, At safepoint: 521935 ns, Total: 1524499 ns
[2020-09-11T17:57:40.785+0000][1][safepoint    ] Safepoint "RevokeBias", Time since last: 623531 ns, Reaching safepoint: 3598825 ns, At safepoint: 47483 ns, Total: 3646308 ns
[2020-09-11T17:57:41.161+0000][1][safepoint    ] Safepoint "RevokeBias", Time since last: 372123331 ns, Reaching safepoint: 3815748 ns, At safepoint: 26032 ns, Total: 3841780 ns
[2020-09-11T17:57:41.162+0000][1][safepoint    ] Safepoint "RevokeBias", Time since last: 238564 ns, Reaching safepoint: 1093342 ns, At safepoint: 21268 ns, Total: 1114610 ns
[2020-09-11T17:57:41.165+0000][1][safepoint    ] Safepoint "RevokeBias", Time since last: 125723 ns, Reaching safepoint: 2455813 ns, At safepoint: 20111 ns, Total: 2475924 ns
[2020-09-11T17:57:41.761+0000][1][safepoint    ] Safepoint "RevokeBias", Time since last: 582337999 ns, Reaching safepoint: 14242309 ns, At safepoint: 30909 ns, Total: 14273218 ns
[2020-09-11T17:57:41.775+0000][1][safepoint    ] Safepoint "RevokeBias", Time since last: 13170623 ns, Reaching safepoint: 147231 ns, At safepoint: 17049 ns, Total: 164280 ns
[2020-09-11T17:57:41.965+0000][1][safepoint    ] Safepoint "RevokeBias", Time since last: 190017558 ns, Reaching safepoint: 573608 ns, At safepoint: 23598 ns, Total: 597206 ns
[2020-09-11T17:57:41.973+0000][1][safepoint    ] Safepoint "RevokeBias", Time since last: 5398793 ns, Reaching safepoint: 2021689 ns, At safepoint: 35118 ns, Total: 2056807 ns
[2020-09-11T17:57:41.973+0000][1][safepoint    ] Safepoint "RevokeBias", Time since last: 240466 ns, Reaching safepoint: 134733 ns, At safepoint: 14605 ns, Total: 149338 ns
[2020-09-11T17:57:41.995+0000][1][safepoint    ] Safepoint "RevokeBias", Time since last: 20850152 ns, Reaching safepoint: 692030 ns, At safepoint: 21901 ns, Total: 713931 ns
[2020-09-11T17:57:42.030+0000][1][safepoint    ] Safepoint "RevokeBias", Time since last: 17519195 ns, Reaching safepoint: 17606939 ns, At safepoint: 30974 ns, Total: 17637913 ns
[2020-09-11T17:57:42.147+0000][1][safepoint    ] Safepoint "RevokeBias", Time since last: 102316891 ns, Reaching safepoint: 15116675 ns, At safepoint: 37443 ns, Total: 15154118 ns
[2020-09-11T17:57:42.366+0000][1][safepoint    ] Safepoint "RevokeBias", Time since last: 218571911 ns, Reaching safepoint: 351979 ns, At safepoint: 21548 ns, Total: 373527 ns
[2020-09-11T17:57:42.545+0000][1][safepoint    ] Safepoint "RevokeBias", Time since last: 178007341 ns, Reaching safepoint: 183601 ns, At safepoint: 24873 ns, Total: 208474 ns
[2020-09-11T17:57:42.582+0000][1][safepoint    ] Safepoint "RevokeBias", Time since last: 29166916 ns, Reaching safepoint: 8200640 ns, At safepoint: 33176 ns, Total: 8233816 ns
[2020-09-11T17:57:42.583+0000][1][safepoint    ] Safepoint "RevokeBias", Time since last: 613001 ns, Reaching safepoint: 115122 ns, At safepoint: 14484 ns, Total: 129606 ns
[2020-09-11T17:57:42.962+0000][1][safepoint    ] Safepoint "RevokeBias", Time since last: 378788520 ns, Reaching safepoint: 170083 ns, At safepoint: 21211 ns, Total: 191294 ns
[2020-09-11T17:57:42.991+0000][1][safepoint    ] Safepoint "RevokeBias", Time since last: 27854846 ns, Reaching safepoint: 1674031 ns, At safepoint: 22227 ns, Total: 1696258 ns
[2020-09-11T17:57:42.994+0000][1][safepoint    ] Safepoint "RevokeBias", Time since last: 703086 ns, Reaching safepoint: 1670622 ns, At safepoint: 23748 ns, Total: 1694370 ns
[2020-09-11T17:57:42.996+0000][1][safepoint    ] Safepoint "RevokeBias", Time since last: 80311 ns, Reaching safepoint: 2543868 ns, At safepoint: 22773 ns, Total: 2566641 ns
[2020-09-11T17:57:42.997+0000][1][safepoint    ] Safepoint "RevokeBias", Time since last: 58435 ns, Reaching safepoint: 428206 ns, At safepoint: 14549 ns, Total: 442755 ns
[2020-09-11T17:57:42.997+0000][1][safepoint    ] Safepoint "RevokeBias", Time since last: 38576 ns, Reaching safepoint: 349072 ns, At safepoint: 13946 ns, Total: 363018 ns
[2020-09-11T17:57:42.998+0000][1][safepoint    ] Safepoint "RevokeBias", Time since last: 34263 ns, Reaching safepoint: 245964 ns, At safepoint: 12627 ns, Total: 258591 ns
[2020-09-11T17:57:42.999+0000][1][safepoint    ] Safepoint "RevokeBias", Time since last: 30451 ns, Reaching safepoint: 1935912 ns, At safepoint: 18337 ns, Total: 1954249 ns
[2020-09-11T17:57:43.000+0000][1][safepoint    ] Safepoint "RevokeBias", Time since last: 96447 ns, Reaching safepoint: 418975 ns, At safepoint: 13914 ns, Total: 432889 ns
[2020-09-11T17:57:43.001+0000][1][safepoint    ] Safepoint "RevokeBias", Time since last: 97352 ns, Reaching safepoint: 673784 ns, At safepoint: 13739 ns, Total: 687523 ns
[2020-09-11T17:57:43.001+0000][1][safepoint    ] Safepoint "RevokeBias", Time since last: 47412 ns, Reaching safepoint: 316800 ns, At safepoint: 12784 ns, Total: 329584 ns
[2020-09-11T17:57:43.001+0000][1][safepoint    ] Safepoint "RevokeBias", Time since last: 54251 ns, Reaching safepoint: 160335 ns, At safepoint: 29916 ns, Total: 190251 ns
[2020-09-11T17:57:43.002+0000][1][safepoint    ] Safepoint "RevokeBias", Time since last: 39777 ns, Reaching safepoint: 142997 ns, At safepoint: 19733 ns, Total: 162730 ns
[2020-09-11T17:57:43.003+0000][1][safepoint    ] Safepoint "RevokeBias", Time since last: 424532 ns, Reaching safepoint: 652177 ns, At safepoint: 20629 ns, Total: 672806 ns
[2020-09-11T17:57:43.037+0000][1][safepoint    ] Safepoint "RevokeBias", Time since last: 34569269 ns, Reaching safepoint: 77023 ns, At safepoint: 18366 ns, Total: 95389 ns
[2020-09-11T17:57:43.038+0000][1][safepoint    ] Safepoint "RevokeBias", Time since last: 142812 ns, Reaching safepoint: 34407 ns, At safepoint: 12722 ns, Total: 47129 ns
[2020-09-11T17:57:43.595+0000][1][safepoint    ] Safepoint "RevokeBias", Time since last: 556918324 ns, Reaching safepoint: 103430 ns, At safepoint: 43706 ns, Total: 147136 ns
[2020-09-11T17:57:43.595+0000][1][safepoint    ] Safepoint "RevokeBias", Time since last: 118855 ns, Reaching safepoint: 36405 ns, At safepoint: 26060 ns, Total: 62465 ns
[2020-09-11T17:57:43.595+0000][1][safepoint    ] Safepoint "RevokeBias", Time since last: 249775 ns, Reaching safepoint: 37293 ns, At safepoint: 25068 ns, Total: 62361 ns
[2020-09-11T17:57:43.595+0000][1][safepoint    ] Safepoint "RevokeBias", Time since last: 44218 ns, Reaching safepoint: 34800 ns, At safepoint: 24034 ns, Total: 58834 ns
[2020-09-11T17:57:43.595+0000][1][safepoint    ] Safepoint "RevokeBias", Time since last: 37980 ns, Reaching safepoint: 34681 ns, At safepoint: 23699 ns, Total: 58380 ns
[2020-09-11T17:57:43.595+0000][1][safepoint    ] Safepoint "RevokeBias", Time since last: 37295 ns, Reaching safepoint: 34382 ns, At safepoint: 23489 ns, Total: 57871 ns
[2020-09-11T17:57:43.596+0000][1][safepoint    ] Safepoint "RevokeBias", Time since last: 36720 ns, Reaching safepoint: 34516 ns, At safepoint: 23595 ns, Total: 58111 ns
[2020-09-11T17:57:43.596+0000][1][safepoint    ] Safepoint "RevokeBias", Time since last: 36714 ns, Reaching safepoint: 34202 ns, At safepoint: 23584 ns, Total: 57786 ns
[2020-09-11T17:57:43.596+0000][1][safepoint    ] Safepoint "RevokeBias", Time since last: 36764 ns, Reaching safepoint: 34242 ns, At safepoint: 23564 ns, Total: 57806 ns
[2020-09-11T17:57:43.596+0000][1][safepoint    ] Safepoint "RevokeBias", Time since last: 53960 ns, Reaching safepoint: 34405 ns, At safepoint: 23814 ns, Total: 58219 ns
[2020-09-11T17:57:43.597+0000][1][safepoint    ] Safepoint "RevokeBias", Time since last: 1553189 ns, Reaching safepoint: 47574 ns, At safepoint: 32814 ns, Total: 80388 ns
[2020-09-11T17:57:43.615+0000][1][safepoint    ] Safepoint "RevokeBias", Time since last: 15813811 ns, Reaching safepoint: 1852649 ns, At safepoint: 26531 ns, Total: 1879180 ns
[2020-09-11T17:57:43.995+0000][1][safepoint    ] Safepoint "RevokeBias", Time since last: 379960442 ns, Reaching safepoint: 83422 ns, At safepoint: 19949 ns, Total: 103371 ns
[2020-09-11T17:57:44.537+0000][1][safepoint    ] Safepoint "RevokeBias", Time since last: 542024730 ns, Reaching safepoint: 87601 ns, At safepoint: 19804 ns, Total: 107405 ns
[2020-09-11T17:57:44.538+0000][1][safepoint    ] Safepoint "RevokeBias", Time since last: 170663 ns, Reaching safepoint: 35548 ns, At safepoint: 11704 ns, Total: 47252 ns
[2020-09-11T17:57:45.538+0000][1][safepoint    ] Safepoint "Cleanup", Time since last: 1000080219 ns, Reaching safepoint: 95043 ns, At safepoint: 5981 ns, Total: 101024 ns
[2020-09-11T17:57:45.576+0000][1][gc,start     ] GC(72) Pause Young (Allocation Failure)
[2020-09-11T17:57:45.576+0000][1][gc,task      ] GC(72) Using 1 workers of 1 for evacuation
[2020-09-11T17:57:45.656+0000][1][gc,age       ] GC(72) Desired survivor size 4358144 bytes, new threshold 3 (max threshold 6)
[2020-09-11T17:57:45.656+0000][1][gc,age       ] GC(72) Age table with threshold 3 (max threshold 6)
[2020-09-11T17:57:45.656+0000][1][gc,age       ] GC(72) - age   1:    1347064 bytes,    1347064 total
[2020-09-11T17:57:45.656+0000][1][gc,age       ] GC(72) - age   2:    1259896 bytes,    2606960 total
[2020-09-11T17:57:45.656+0000][1][gc,age       ] GC(72) - age   3:    2546648 bytes,    5153608 total
[2020-09-11T17:57:45.656+0000][1][gc,heap      ] GC(72) ParNew: 74008K->5110K(76672K)
[2020-09-11T17:57:45.656+0000][1][gc,heap      ] GC(72) CMS: 68176K->68867K(439104K)
[2020-09-11T17:57:45.656+0000][1][gc,metaspace ] GC(72) Metaspace: 87332K->87332K(1130496K)
[2020-09-11T17:57:45.656+0000][1][gc           ] GC(72) Pause Young (Allocation Failure) 138M->72M(503M) 80.395ms
[2020-09-11T17:57:45.656+0000][1][gc,cpu       ] GC(72) User=0.02s Sys=0.00s Real=0.08s
[2020-09-11T17:57:45.770+0000][1][safepoint    ] Safepoint "GenCollectForAllocation", Time since last: 35035709 ns, Reaching safepoint: 2957579 ns, At safepoint: 194447098 ns, Total: 197404677 ns
[2020-09-11T17:57:45.817+0000][1][safepoint    ] Safepoint "RevokeBias", Time since last: 42697957 ns, Reaching safepoint: 3971463 ns, At safepoint: 54585 ns, Total: 4026048 ns
[2020-09-11T17:57:45.822+0000][1][safepoint    ] Safepoint "RevokeBias", Time since last: 4491349 ns, Reaching safepoint: 164389 ns, At safepoint: 361316 ns, Total: 525705 ns
[2020-09-11T17:57:46.466+0000][1][safepoint    ] Safepoint "RevokeBias", Time since last: 644353949 ns, Reaching safepoint: 100389 ns, At safepoint: 19275 ns, Total: 119664 ns
[2020-09-11T17:57:46.615+0000][1][safepoint    ] Safepoint "RevokeBias", Time since last: 148031401 ns, Reaching safepoint: 85157 ns, At safepoint: 20415 ns, Total: 105572 ns
[2020-09-11T17:57:46.626+0000][1][safepoint    ] Safepoint "RevokeBias", Time since last: 11460044 ns, Reaching safepoint: 155590 ns, At safepoint: 21978 ns, Total: 177568 ns
[2020-09-11T17:57:46.627+0000][1][safepoint    ] Safepoint "RevokeBias", Time since last: 236118 ns, Reaching safepoint: 110967 ns, At safepoint: 14111 ns, Total: 125078 ns
[2020-09-11T17:57:46.627+0000][1][safepoint    ] Safepoint "RevokeBias", Time since last: 51638 ns, Reaching safepoint: 108214 ns, At safepoint: 12433 ns, Total: 120647 ns
[2020-09-11T17:57:46.627+0000][1][safepoint    ] Safepoint "RevokeBias", Time since last: 62982 ns, Reaching safepoint: 108090 ns, At safepoint: 12206 ns, Total: 120296 ns
[2020-09-11T17:57:46.627+0000][1][safepoint    ] Safepoint "RevokeBias", Time since last: 182115 ns, Reaching safepoint: 107669 ns, At safepoint: 12186 ns, Total: 119855 ns
[2020-09-11T17:57:46.642+0000][1][safepoint    ] Safepoint "RevokeBias", Time since last: 15203135 ns, Reaching safepoint: 75869 ns, At safepoint: 16865 ns, Total: 92734 ns
[2020-09-11T17:57:46.643+0000][1][safepoint    ] Safepoint "RevokeBias", Time since last: 148694 ns, Reaching safepoint: 32806 ns, At safepoint: 12826 ns, Total: 45632 ns
[2020-09-11T17:57:47.076+0000][1][safepoint    ] Safepoint "RevokeBias", Time since last: 432794557 ns, Reaching safepoint: 100150 ns, At safepoint: 20376 ns, Total: 120526 ns
[2020-09-11T17:57:47.076+0000][1][safepoint    ] Safepoint "RevokeBias", Time since last: 91777 ns, Reaching safepoint: 34758 ns, At safepoint: 11537 ns, Total: 46295 ns
[2020-09-11T17:57:47.076+0000][1][safepoint    ] Safepoint "RevokeBias", Time since last: 41762 ns, Reaching safepoint: 33366 ns, At safepoint: 10151 ns, Total: 43517 ns
[2020-09-11T17:57:47.085+0000][1][safepoint    ] Safepoint "RevokeBias", Time since last: 2931062 ns, Reaching safepoint: 6105694 ns, At safepoint: 33276 ns, Total: 6138970 ns
[2020-09-11T17:57:47.099+0000][1][safepoint    ] Safepoint "RevokeBias", Time since last: 12574125 ns, Reaching safepoint: 1271613 ns, At safepoint: 23339 ns, Total: 1294952 ns
[2020-09-11T17:57:47.476+0000][1][safepoint    ] Safepoint "RevokeBias", Time since last: 375090491 ns, Reaching safepoint: 1776660 ns, At safepoint: 30940 ns, Total: 1807600 ns
[2020-09-11T17:57:47.545+0000][1][safepoint    ] Safepoint "RevokeBias", Time since last: 68773797 ns, Reaching safepoint: 100144 ns, At safepoint: 21326 ns, Total: 121470 ns
[2020-09-11T17:57:47.887+0000][1][safepoint    ] Safepoint "RevokeBias", Time since last: 331555424 ns, Reaching safepoint: 10814446 ns, At safepoint: 30838 ns, Total: 10845284 ns
[2020-09-11T17:57:48.013+0000][1][safepoint    ] Safepoint "RevokeBias", Time since last: 122482385 ns, Reaching safepoint: 3454866 ns, At safepoint: 37838 ns, Total: 3492704 ns
[2020-09-11T17:57:48.014+0000][1][safepoint    ] Safepoint "RevokeBias", Time since last: 1125916 ns, Reaching safepoint: 115635 ns, At safepoint: 30956 ns, Total: 146591 ns
[2020-09-11T17:57:48.128+0000][1][safepoint    ] Safepoint "RevokeBias", Time since last: 112229760 ns, Reaching safepoint: 1300513 ns, At safepoint: 26576 ns, Total: 1327089 ns
[2020-09-11T17:57:48.129+0000][1][safepoint    ] Safepoint "RevokeBias", Time since last: 157693 ns, Reaching safepoint: 882288 ns, At safepoint: 48629 ns, Total: 930917 ns
[2020-09-11T17:57:48.347+0000][1][safepoint    ] Safepoint "RevokeBias", Time since last: 217787550 ns, Reaching safepoint: 167555 ns, At safepoint: 21038 ns, Total: 188593 ns
[2020-09-11T17:57:48.349+0000][1][safepoint    ] Safepoint "RevokeBias", Time since last: 2330220 ns, Reaching safepoint: 219113 ns, At safepoint: 21689 ns, Total: 240802 ns
[2020-09-11T17:57:48.417+0000][1][safepoint    ] Safepoint "RevokeBias", Time since last: 67745572 ns, Reaching safepoint: 152401 ns, At safepoint: 19651 ns, Total: 172052 ns
[2020-09-11T17:57:48.418+0000][1][safepoint    ] Safepoint "RevokeBias", Time since last: 130206 ns, Reaching safepoint: 108487 ns, At safepoint: 14135 ns, Total: 122622 ns
[2020-09-11T17:57:48.418+0000][1][safepoint    ] Safepoint "RevokeBias", Time since last: 86436 ns, Reaching safepoint: 104510 ns, At safepoint: 12268 ns, Total: 116778 ns
[2020-09-11T17:57:48.418+0000][1][safepoint    ] Safepoint "RevokeBias", Time since last: 77691 ns, Reaching safepoint: 105740 ns, At safepoint: 13700 ns, Total: 119440 ns
[2020-09-11T17:57:48.549+0000][1][safepoint    ] Safepoint "RevokeBias", Time since last: 130642053 ns, Reaching safepoint: 82537 ns, At safepoint: 20046 ns, Total: 102583 ns
[2020-09-11T17:57:48.682+0000][1][safepoint    ] Safepoint "RevokeBias", Time since last: 133156680 ns, Reaching safepoint: 192045 ns, At safepoint: 24767 ns, Total: 216812 ns
[2020-09-11T17:57:48.687+0000][1][safepoint    ] Safepoint "RevokeBias", Time since last: 4509849 ns, Reaching safepoint: 175662 ns, At safepoint: 24487 ns, Total: 200149 ns
[2020-09-11T17:57:48.688+0000][1][safepoint    ] Safepoint "RevokeBias", Time since last: 704998 ns, Reaching safepoint: 117925 ns, At safepoint: 17270 ns, Total: 135195 ns
[2020-09-11T17:57:48.688+0000][1][safepoint    ] Safepoint "RevokeBias", Time since last: 67808 ns, Reaching safepoint: 109978 ns, At safepoint: 15665 ns, Total: 125643 ns
[2020-09-11T17:57:48.702+0000][1][safepoint    ] Safepoint "RevokeBias", Time since last: 13889198 ns, Reaching safepoint: 155651 ns, At safepoint: 43347 ns, Total: 198998 ns
[2020-09-11T17:57:48.729+0000][1][safepoint    ] Safepoint "RevokeBias", Time since last: 27268456 ns, Reaching safepoint: 157689 ns, At safepoint: 29388 ns, Total: 187077 ns
[2020-09-11T17:57:48.730+0000][1][safepoint    ] Safepoint "RevokeBias", Time since last: 154442 ns, Reaching safepoint: 119643 ns, At safepoint: 16010 ns, Total: 135653 ns
[2020-09-11T17:57:48.897+0000][1][safepoint    ] Safepoint "RevokeBias", Time since last: 167267676 ns, Reaching safepoint: 157064 ns, At safepoint: 19871 ns, Total: 176935 ns
[2020-09-11T17:57:48.996+0000][1][safepoint    ] Safepoint "RevokeBias", Time since last: 98466332 ns, Reaching safepoint: 201505 ns, At safepoint: 27202 ns, Total: 228707 ns
[2020-09-11T17:57:49.376+0000][1][safepoint    ] Safepoint "RevokeBias", Time since last: 380397629 ns, Reaching safepoint: 171803 ns, At safepoint: 21662 ns, Total: 193465 ns
[2020-09-11T17:57:49.445+0000][1][safepoint    ] Safepoint "RevokeBias", Time since last: 53536081 ns, Reaching safepoint: 14932829 ns, At safepoint: 37261 ns, Total: 14970090 ns
[2020-09-11T17:57:49.458+0000][1][safepoint    ] Safepoint "RevokeBias", Time since last: 11882295 ns, Reaching safepoint: 1433159 ns, At safepoint: 29821 ns, Total: 1462980 ns
[2020-09-11T17:57:49.458+0000][1][safepoint    ] Safepoint "RevokeBias", Time since last: 100412 ns, Reaching safepoint: 113379 ns, At safepoint: 14432 ns, Total: 127811 ns
[2020-09-11T17:57:49.462+0000][1][safepoint    ] Safepoint "RevokeBias", Time since last: 3204269 ns, Reaching safepoint: 161475 ns, At safepoint: 23122 ns, Total: 184597 ns
[2020-09-11T17:57:49.476+0000][1][safepoint    ] Safepoint "RevokeBias", Time since last: 13855745 ns, Reaching safepoint: 231921 ns, At safepoint: 22873 ns, Total: 254794 ns
[2020-09-11T17:57:50.106+0000][1][safepoint    ] Safepoint "RevokeBias", Time since last: 629440431 ns, Reaching safepoint: 95356 ns, At safepoint: 21312 ns, Total: 116668 ns
[2020-09-11T17:57:50.129+0000][1][safepoint    ] Safepoint "RevokeBias", Time since last: 23246842 ns, Reaching safepoint: 169508 ns, At safepoint: 313122 ns, Total: 482630 ns
[2020-09-11T17:57:50.157+0000][1][safepoint    ] Safepoint "RevokeBias", Time since last: 27645198 ns, Reaching safepoint: 176433 ns, At safepoint: 22115 ns, Total: 198548 ns
[2020-09-11T17:57:50.684+0000][1][safepoint    ] Safepoint "RevokeBias", Time since last: 525206471 ns, Reaching safepoint: 1326418 ns, At safepoint: 26315 ns, Total: 1352733 ns
[2020-09-11T17:57:50.785+0000][1][gc,start     ] GC(73) Pause Young (Allocation Failure)
[2020-09-11T17:57:50.785+0000][1][gc,task      ] GC(73) Using 1 workers of 1 for evacuation
[2020-09-11T17:57:50.868+0000][1][gc,age       ] GC(73) Desired survivor size 4358144 bytes, new threshold 6 (max threshold 6)
[2020-09-11T17:57:50.868+0000][1][gc,age       ] GC(73) Age table with threshold 6 (max threshold 6)
[2020-09-11T17:57:50.868+0000][1][gc,age       ] GC(73) - age   1:     893888 bytes,     893888 total
[2020-09-11T17:57:50.868+0000][1][gc,age       ] GC(73) - age   2:     953176 bytes,    1847064 total
[2020-09-11T17:57:50.868+0000][1][gc,age       ] GC(73) - age   3:    1209088 bytes,    3056152 total
[2020-09-11T17:57:50.868+0000][1][gc,heap      ] GC(73) ParNew: 73270K->5052K(76672K)
[2020-09-11T17:57:50.868+0000][1][gc,heap      ] GC(73) CMS: 68867K->71382K(439104K)
[2020-09-11T17:57:50.868+0000][1][gc,metaspace ] GC(73) Metaspace: 87602K->87602K(1130496K)
[2020-09-11T17:57:50.868+0000][1][gc           ] GC(73) Pause Young (Allocation Failure) 138M->74M(503M) 83.554ms
[2020-09-11T17:57:50.868+0000][1][gc,cpu       ] GC(73) User=0.02s Sys=0.00s Real=0.08s
[2020-09-11T17:57:50.941+0000][1][safepoint    ] Safepoint "GenCollectForAllocation", Time since last: 98290282 ns, Reaching safepoint: 2917465 ns, At safepoint: 155848303 ns, Total: 158765768 ns
[2020-09-11T17:57:51.001+0000][1][safepoint    ] Safepoint "RevokeBias", Time since last: 24711784 ns, Reaching safepoint: 200278 ns, At safepoint: 35621224 ns, Total: 35821502 ns
[2020-09-11T17:57:51.002+0000][1][safepoint    ] Safepoint "RevokeBias", Time since last: 96487 ns, Reaching safepoint: 166459 ns, At safepoint: 22509 ns, Total: 188968 ns
[2020-09-11T17:57:51.007+0000][1][safepoint    ] Safepoint "RevokeBias", Time since last: 5196041 ns, Reaching safepoint: 153175 ns, At safepoint: 32461 ns, Total: 185636 ns
[2020-09-11T17:57:51.044+0000][1][safepoint    ] Safepoint "RevokeBias", Time since last: 37254843 ns, Reaching safepoint: 151191 ns, At safepoint: 21724 ns, Total: 172915 ns
[2020-09-11T17:57:51.084+0000][1][safepoint    ] Safepoint "RevokeBias", Time since last: 39272132 ns, Reaching safepoint: 154371 ns, At safepoint: 20586 ns, Total: 174957 ns
[2020-09-11T17:57:51.084+0000][1][safepoint    ] Safepoint "RevokeBias", Time since last: 379715 ns, Reaching safepoint: 109606 ns, At safepoint: 13712 ns, Total: 123318 ns
[2020-09-11T17:57:51.129+0000][1][safepoint    ] Safepoint "RevokeBias", Time since last: 43823133 ns, Reaching safepoint: 722590 ns, At safepoint: 30667 ns, Total: 753257 ns
[2020-09-11T17:57:51.141+0000][1][safepoint    ] Safepoint "RevokeBias", Time since last: 11903850 ns, Reaching safepoint: 298448 ns, At safepoint: 23633 ns, Total: 322081 ns
[2020-09-11T17:57:51.181+0000][1][safepoint    ] Safepoint "RevokeBias", Time since last: 38995366 ns, Reaching safepoint: 811916 ns, At safepoint: 26615 ns, Total: 838531 ns
[2020-09-11T17:57:51.201+0000][1][safepoint    ] Safepoint "RevokeBias", Time since last: 20212574 ns, Reaching safepoint: 153774 ns, At safepoint: 21386 ns, Total: 175160 ns
[2020-09-11T17:57:51.217+0000][1][safepoint    ] Safepoint "RevokeBias", Time since last: 15896276 ns, Reaching safepoint: 161140 ns, At safepoint: 21630 ns, Total: 182770 ns
[2020-09-11T17:57:52.218+0000][1][safepoint    ] Safepoint "Cleanup", Time since last: 1000107030 ns, Reaching safepoint: 104857 ns, At safepoint: 5219 ns, Total: 110076 ns
[2020-09-11T17:57:53.218+0000][1][safepoint    ] Safepoint "Cleanup", Time since last: 1000113455 ns, Reaching safepoint: 100453 ns, At safepoint: 7619 ns, Total: 108072 ns
[2020-09-11T17:57:53.897+0000][1][safepoint    ] Safepoint "RevokeBias", Time since last: 677015305 ns, Reaching safepoint: 2044535 ns, At safepoint: 25586 ns, Total: 2070121 ns
[2020-09-11T17:57:53.938+0000][1][safepoint    ] Safepoint "RevokeBias", Time since last: 41202598 ns, Reaching safepoint: 152548 ns, At safepoint: 27692 ns, Total: 180240 ns
[2020-09-11T17:57:53.949+0000][1][safepoint    ] Safepoint "RevokeBias", Time since last: 10752161 ns, Reaching safepoint: 188771 ns, At safepoint: 20475 ns, Total: 209246 ns
[2020-09-11T17:57:53.950+0000][1][safepoint    ] Safepoint "RevokeBias", Time since last: 78167 ns, Reaching safepoint: 158911 ns, At safepoint: 16301 ns, Total: 175212 ns
[2020-09-11T17:57:53.958+0000][1][safepoint    ] Safepoint "RevokeBias", Time since last: 8007008 ns, Reaching safepoint: 160396 ns, At safepoint: 25508 ns, Total: 185904 ns
[2020-09-11T17:57:53.958+0000][1][safepoint    ] Safepoint "RevokeBias", Time since last: 83900 ns, Reaching safepoint: 133140 ns, At safepoint: 16880 ns, Total: 150020 ns
[2020-09-11T17:57:53.958+0000][1][safepoint    ] Safepoint "RevokeBias", Time since last: 251522 ns, Reaching safepoint: 132502 ns, At safepoint: 15709 ns, Total: 148211 ns
[2020-09-11T17:57:53.961+0000][1][safepoint    ] Safepoint "RevokeBias", Time since last: 2443411 ns, Reaching safepoint: 128995 ns, At safepoint: 16504 ns, Total: 145499 ns
[2020-09-11T17:57:53.968+0000][1][safepoint    ] Safepoint "RevokeBias", Time since last: 7198382 ns, Reaching safepoint: 162451 ns, At safepoint: 24405 ns, Total: 186856 ns
[2020-09-11T17:57:53.969+0000][1][safepoint    ] Safepoint "RevokeBias", Time since last: 89142 ns, Reaching safepoint: 137547 ns, At safepoint: 17456 ns, Total: 155003 ns
[2020-09-11T17:57:53.977+0000][1][safepoint    ] Safepoint "RevokeBias", Time since last: 1001993 ns, Reaching safepoint: 7276599 ns, At safepoint: 33657 ns, Total: 7310256 ns
[2020-09-11T17:57:53.979+0000][1][safepoint    ] Safepoint "RevokeBias", Time since last: 159539 ns, Reaching safepoint: 1848906 ns, At safepoint: 26414 ns, Total: 1875320 ns
[2020-09-11T17:57:53.980+0000][1][safepoint    ] Safepoint "RevokeBias", Time since last: 488537 ns, Reaching safepoint: 144573 ns, At safepoint: 18710 ns, Total: 163283 ns
[2020-09-11T17:57:53.985+0000][1][safepoint    ] Safepoint "RevokeBias", Time since last: 60128 ns, Reaching safepoint: 5205434 ns, At safepoint: 23552 ns, Total: 5228986 ns
[2020-09-11T17:57:53.988+0000][1][safepoint    ] Safepoint "RevokeBias", Time since last: 76091 ns, Reaching safepoint: 2365529 ns, At safepoint: 746459 ns, Total: 3111988 ns
[2020-09-11T17:57:53.989+0000][1][safepoint    ] Safepoint "RevokeBias", Time since last: 304616 ns, Reaching safepoint: 134125 ns, At safepoint: 25276 ns, Total: 159401 ns
[2020-09-11T17:57:53.993+0000][1][safepoint    ] Safepoint "RevokeBias", Time since last: 47321 ns, Reaching safepoint: 4068602 ns, At safepoint: 479943 ns, Total: 4548545 ns
[2020-09-11T17:57:53.993+0000][1][safepoint    ] Safepoint "RevokeBias", Time since last: 79497 ns, Reaching safepoint: 141866 ns, At safepoint: 26244 ns, Total: 168110 ns
[2020-09-11T17:57:53.994+0000][1][safepoint    ] Safepoint "RevokeBias", Time since last: 47142 ns, Reaching safepoint: 124034 ns, At safepoint: 22459 ns, Total: 146493 ns
[2020-09-11T17:57:53.998+0000][1][safepoint    ] Safepoint "RevokeBias", Time since last: 346207 ns, Reaching safepoint: 3696005 ns, At safepoint: 296102 ns, Total: 3992107 ns
[2020-09-11T17:57:53.999+0000][1][safepoint    ] Safepoint "RevokeBias", Time since last: 495653 ns, Reaching safepoint: 145135 ns, At safepoint: 29560 ns, Total: 174695 ns
[2020-09-11T17:57:53.999+0000][1][safepoint    ] Safepoint "RevokeBias", Time since last: 51377 ns, Reaching safepoint: 411496 ns, At safepoint: 29465 ns, Total: 440961 ns
[2020-09-11T17:57:54.001+0000][1][safepoint    ] Safepoint "RevokeBias", Time since last: 50955 ns, Reaching safepoint: 125503 ns, At safepoint: 1557314 ns, Total: 1682817 ns
[2020-09-11T17:57:54.011+0000][1][safepoint    ] Safepoint "RevokeBias", Time since last: 51339 ns, Reaching safepoint: 9852247 ns, At safepoint: 40212 ns, Total: 9892459 ns
[2020-09-11T17:57:54.013+0000][1][safepoint    ] Safepoint "RevokeBias", Time since last: 282828 ns, Reaching safepoint: 1811635 ns, At safepoint: 38427 ns, Total: 1850062 ns
[2020-09-11T17:57:54.016+0000][1][safepoint    ] Safepoint "RevokeBias", Time since last: 1205276 ns, Reaching safepoint: 1959794 ns, At safepoint: 41312 ns, Total: 2001106 ns
[2020-09-11T17:57:54.021+0000][1][safepoint    ] Safepoint "RevokeBias", Time since last: 655325 ns, Reaching safepoint: 4110984 ns, At safepoint: 44794 ns, Total: 4155778 ns
[2020-09-11T17:57:54.023+0000][1][safepoint    ] Safepoint "RevokeBias", Time since last: 62749 ns, Reaching safepoint: 2395116 ns, At safepoint: 45587 ns, Total: 2440703 ns
[2020-09-11T17:57:54.024+0000][1][safepoint    ] Safepoint "RevokeBias", Time since last: 64347 ns, Reaching safepoint: 130340 ns, At safepoint: 30427 ns, Total: 160767 ns
[2020-09-11T17:57:54.025+0000][1][safepoint    ] Safepoint "RevokeBias", Time since last: 46706 ns, Reaching safepoint: 1116190 ns, At safepoint: 31656 ns, Total: 1147846 ns
[2020-09-11T17:57:54.025+0000][1][safepoint    ] Safepoint "RevokeBias", Time since last: 51678 ns, Reaching safepoint: 347863 ns, At safepoint: 27970 ns, Total: 375833 ns
[2020-09-11T17:57:54.026+0000][1][safepoint    ] Safepoint "RevokeBias", Time since last: 47686 ns, Reaching safepoint: 812038 ns, At safepoint: 25600 ns, Total: 837638 ns
[2020-09-11T17:57:54.028+0000][1][safepoint    ] Safepoint "RevokeBias", Time since last: 44237 ns, Reaching safepoint: 1675144 ns, At safepoint: 33189 ns, Total: 1708333 ns
[2020-09-11T17:57:54.029+0000][1][safepoint    ] Safepoint "RevokeBias", Time since last: 71417 ns, Reaching safepoint: 920201 ns, At safepoint: 30859 ns, Total: 951060 ns
[2020-09-11T17:57:54.031+0000][1][safepoint    ] Safepoint "RevokeBias", Time since last: 56500 ns, Reaching safepoint: 2070010 ns, At safepoint: 30906 ns, Total: 2100916 ns
[2020-09-11T17:57:54.032+0000][1][safepoint    ] Safepoint "RevokeBias", Time since last: 294951 ns, Reaching safepoint: 162959 ns, At safepoint: 27073 ns, Total: 190032 ns
[2020-09-11T17:57:54.037+0000][1][safepoint    ] Safepoint "RevokeBias", Time since last: 5479300 ns, Reaching safepoint: 88527 ns, At safepoint: 31330 ns, Total: 119857 ns
[2020-09-11T17:57:54.045+0000][1][safepoint    ] Safepoint "RevokeBias", Time since last: 427822 ns, Reaching safepoint: 7300899 ns, At safepoint: 45148 ns, Total: 7346047 ns
[2020-09-11T17:57:54.049+0000][1][safepoint    ] Safepoint "BulkRevokeBias", Time since last: 78512 ns, Reaching safepoint: 3882662 ns, At safepoint: 304188 ns, Total: 4186850 ns
[2020-09-11T17:57:54.195+0000][1][safepoint    ] Safepoint "RevokeBias", Time since last: 145681769 ns, Reaching safepoint: 159918 ns, At safepoint: 22121 ns, Total: 182039 ns
[2020-09-11T17:57:54.309+0000][1][safepoint    ] Safepoint "RevokeBias", Time since last: 111087650 ns, Reaching safepoint: 2728145 ns, At safepoint: 30333 ns, Total: 2758478 ns
[2020-09-11T17:57:55.047+0000][1][safepoint    ] Safepoint "RevokeBias", Time since last: 734633397 ns, Reaching safepoint: 3075617 ns, At safepoint: 28147 ns, Total: 3103764 ns
[2020-09-11T17:57:55.049+0000][1][safepoint    ] Safepoint "RevokeBias", Time since last: 97459 ns, Reaching safepoint: 2152871 ns, At safepoint: 29914 ns, Total: 2182785 ns
[2020-09-11T17:57:55.053+0000][1][safepoint    ] Safepoint "RevokeBias", Time since last: 74171 ns, Reaching safepoint: 3919862 ns, At safepoint: 36255 ns, Total: 3956117 ns
[2020-09-11T17:57:55.054+0000][1][safepoint    ] Safepoint "RevokeBias", Time since last: 89410 ns, Reaching safepoint: 955906 ns, At safepoint: 14692 ns, Total: 970598 ns
[2020-09-11T17:57:55.057+0000][1][safepoint    ] Safepoint "RevokeBias", Time since last: 40113 ns, Reaching safepoint: 2913629 ns, At safepoint: 21629 ns, Total: 2935258 ns
[2020-09-11T17:57:55.057+0000][1][safepoint    ] Safepoint "RevokeBias", Time since last: 82424 ns, Reaching safepoint: 439355 ns, At safepoint: 14938 ns, Total: 454293 ns
[2020-09-11T17:57:55.061+0000][1][safepoint    ] Safepoint "RevokeBias", Time since last: 38550 ns, Reaching safepoint: 3318431 ns, At safepoint: 38930 ns, Total: 3357361 ns
[2020-09-11T17:57:55.061+0000][1][safepoint    ] Safepoint "RevokeBias", Time since last: 63833 ns, Reaching safepoint: 357014 ns, At safepoint: 33495 ns, Total: 390509 ns
[2020-09-11T17:57:55.065+0000][1][safepoint    ] Safepoint "RevokeBias", Time since last: 1818787 ns, Reaching safepoint: 1687911 ns, At safepoint: 155019 ns, Total: 1842930 ns
[2020-09-11T17:57:55.069+0000][1][safepoint    ] Safepoint "RevokeBias", Time since last: 61888 ns, Reaching safepoint: 3796322 ns, At safepoint: 166948 ns, Total: 3963270 ns
[2020-09-11T17:57:56.069+0000][1][safepoint    ] Safepoint "Cleanup", Time since last: 1000112290 ns, Reaching safepoint: 99187 ns, At safepoint: 6760 ns, Total: 105947 ns
[2020-09-11T17:57:56.189+0000][1][safepoint    ] Safepoint "RevokeBias", Time since last: 116224207 ns, Reaching safepoint: 3370563 ns, At safepoint: 27470 ns, Total: 3398033 ns
[2020-09-11T17:57:56.207+0000][1][safepoint    ] Safepoint "RevokeBias", Time since last: 16601071 ns, Reaching safepoint: 1190303 ns, At safepoint: 21841 ns, Total: 1212144 ns
[2020-09-11T17:57:57.093+0000][1][safepoint    ] Safepoint "RevokeBias", Time since last: 885677422 ns, Reaching safepoint: 194582 ns, At safepoint: 23033 ns, Total: 217615 ns
[2020-09-11T17:57:57.139+0000][1][safepoint    ] Safepoint "RevokeBias", Time since last: 46492517 ns, Reaching safepoint: 87311 ns, At safepoint: 20517 ns, Total: 107828 ns
[2020-09-11T17:57:57.248+0000][1][safepoint    ] Safepoint "RevokeBias", Time since last: 108765113 ns, Reaching safepoint: 175727 ns, At safepoint: 21945 ns, Total: 197672 ns
[2020-09-11T17:57:57.252+0000][1][safepoint    ] Safepoint "RevokeBias", Time since last: 3615498 ns, Reaching safepoint: 86415 ns, At safepoint: 21308 ns, Total: 107723 ns
[2020-09-11T17:57:57.768+0000][1][safepoint    ] Safepoint "RevokeBias", Time since last: 516494888 ns, Reaching safepoint: 90660 ns, At safepoint: 17993 ns, Total: 108653 ns
[2020-09-11T17:57:57.786+0000][1][safepoint    ] Safepoint "RevokeBias", Time since last: 16764928 ns, Reaching safepoint: 439747 ns, At safepoint: 26245 ns, Total: 465992 ns
[2020-09-11T17:57:58.075+0000][1][safepoint    ] Safepoint "RevokeBias", Time since last: 288698575 ns, Reaching safepoint: 86219 ns, At safepoint: 23393 ns, Total: 109612 ns
[2020-09-11T17:57:58.201+0000][1][safepoint    ] Safepoint "RevokeBias", Time since last: 125895850 ns, Reaching safepoint: 87459 ns, At safepoint: 25666 ns, Total: 113125 ns
[2020-09-11T17:57:58.349+0000][1][safepoint    ] Safepoint "RevokeBias", Time since last: 148307069 ns, Reaching safepoint: 190243 ns, At safepoint: 24889 ns, Total: 215132 ns
[2020-09-11T17:57:58.711+0000][1][safepoint    ] Safepoint "RevokeBias", Time since last: 362103134 ns, Reaching safepoint: 87920 ns, At safepoint: 22303 ns, Total: 110223 ns
[2020-09-11T17:57:59.712+0000][1][safepoint    ] Safepoint "Cleanup", Time since last: 1000503152 ns, Reaching safepoint: 97613 ns, At safepoint: 5796 ns, Total: 103409 ns
[2020-09-11T17:57:59.803+0000][1][safepoint    ] Safepoint "RevokeBias", Time since last: 90622787 ns, Reaching safepoint: 176211 ns, At safepoint: 23475 ns, Total: 199686 ns
[2020-09-11T17:57:59.969+0000][1][safepoint    ] Safepoint "RevokeBias", Time since last: 155708317 ns, Reaching safepoint: 10501026 ns, At safepoint: 34205 ns, Total: 10535231 ns
[2020-09-11T17:58:00.045+0000][1][safepoint    ] Safepoint "RevokeBias", Time since last: 76350870 ns, Reaching safepoint: 88447 ns, At safepoint: 20276 ns, Total: 108723 ns
[2020-09-11T17:58:00.344+0000][1][safepoint    ] Safepoint "RevokeBias", Time since last: 289691830 ns, Reaching safepoint: 8775607 ns, At safepoint: 31213 ns, Total: 8806820 ns
[2020-09-11T17:58:00.352+0000][1][safepoint    ] Safepoint "RevokeBias", Time since last: 7338461 ns, Reaching safepoint: 665099 ns, At safepoint: 23597 ns, Total: 688696 ns
[2020-09-11T17:58:01.352+0000][1][safepoint    ] Safepoint "Cleanup", Time since last: 1000113336 ns, Reaching safepoint: 104707 ns, At safepoint: 6611 ns, Total: 111318 ns
[2020-09-11T17:58:02.352+0000][1][safepoint    ] Safepoint "Cleanup", Time since last: 1000105776 ns, Reaching safepoint: 92405 ns, At safepoint: 7122 ns, Total: 99527 ns
[2020-09-11T17:58:03.353+0000][1][safepoint    ] Safepoint "Cleanup", Time since last: 1000112149 ns, Reaching safepoint: 109625 ns, At safepoint: 6848 ns, Total: 116473 ns
[2020-09-11T17:58:03.429+0000][1][safepoint    ] Safepoint "RevokeBias", Time since last: 75970029 ns, Reaching safepoint: 84744 ns, At safepoint: 23833 ns, Total: 108577 ns
[2020-09-11T17:58:04.429+0000][1][safepoint    ] Safepoint "Cleanup", Time since last: 1000116615 ns, Reaching safepoint: 108119 ns, At safepoint: 6761 ns, Total: 114880 ns
[2020-09-11T17:58:04.525+0000][1][safepoint    ] Safepoint "RevokeBias", Time since last: 91918832 ns, Reaching safepoint: 4065676 ns, At safepoint: 18990 ns, Total: 4084666 ns
[2020-09-11T17:58:04.526+0000][1][safepoint    ] Safepoint "RevokeBias", Time since last: 809643 ns, Reaching safepoint: 123380 ns, At safepoint: 7814 ns, Total: 131194 ns
[2020-09-11T17:58:04.548+0000][1][safepoint    ] Safepoint "RevokeBias", Time since last: 18983733 ns, Reaching safepoint: 3640351 ns, At safepoint: 14236 ns, Total: 3654587 ns
[2020-09-11T17:58:04.549+0000][1][safepoint    ] Safepoint "RevokeBias", Time since last: 82809 ns, Reaching safepoint: 113035 ns, At safepoint: 6528 ns, Total: 119563 ns
[2020-09-11T17:58:04.549+0000][1][safepoint    ] Safepoint "RevokeBias", Time since last: 53852 ns, Reaching safepoint: 77652 ns, At safepoint: 6036 ns, Total: 83688 ns
[2020-09-11T17:58:05.025+0000][1][safepoint    ] Safepoint "RevokeBias", Time since last: 476378041 ns, Reaching safepoint: 180866 ns, At safepoint: 26330 ns, Total: 207196 ns
[2020-09-11T17:58:05.114+0000][1][safepoint    ] Safepoint "RevokeBias", Time since last: 88010032 ns, Reaching safepoint: 160701 ns, At safepoint: 26574 ns, Total: 187275 ns
[2020-09-11T17:58:05.141+0000][1][safepoint    ] Safepoint "RevokeBias", Time since last: 27197275 ns, Reaching safepoint: 154429 ns, At safepoint: 29342 ns, Total: 183771 ns
[2020-09-11T17:58:05.169+0000][1][gc,start     ] GC(74) Pause Young (Allocation Failure)
[2020-09-11T17:58:05.170+0000][1][gc,task      ] GC(74) Using 1 workers of 1 for evacuation
[2020-09-11T17:58:05.257+0000][1][gc,age       ] GC(74) Desired survivor size 4358144 bytes, new threshold 6 (max threshold 6)
[2020-09-11T17:58:05.258+0000][1][gc,age       ] GC(74) Age table with threshold 6 (max threshold 6)
[2020-09-11T17:58:05.258+0000][1][gc,age       ] GC(74) - age   1:    1219112 bytes,    1219112 total
[2020-09-11T17:58:05.258+0000][1][gc,age       ] GC(74) - age   2:     316472 bytes,    1535584 total
[2020-09-11T17:58:05.258+0000][1][gc,age       ] GC(74) - age   3:     947800 bytes,    2483384 total
[2020-09-11T17:58:05.258+0000][1][gc,age       ] GC(74) - age   4:    1205168 bytes,    3688552 total
[2020-09-11T17:58:05.258+0000][1][gc,heap      ] GC(74) ParNew: 73210K->4764K(76672K)
[2020-09-11T17:58:05.258+0000][1][gc,heap      ] GC(74) CMS: 71382K->71382K(439104K)
[2020-09-11T17:58:05.258+0000][1][gc,metaspace ] GC(74) Metaspace: 90463K->90463K(1132544K)
[2020-09-11T17:58:05.258+0000][1][gc           ] GC(74) Pause Young (Allocation Failure) 141M->74M(503M) 88.179ms
[2020-09-11T17:58:05.258+0000][1][gc,cpu       ] GC(74) User=0.03s Sys=0.00s Real=0.09s
[2020-09-11T17:58:05.260+0000][1][safepoint    ] Safepoint "GenCollectForAllocation", Time since last: 16460269 ns, Reaching safepoint: 12010105 ns, At safepoint: 90096346 ns, Total: 102106451 ns
[2020-09-11T17:58:05.450+0000][1][safepoint    ] Safepoint "Deoptimize", Time since last: 185246546 ns, Reaching safepoint: 4117342 ns, At safepoint: 669305 ns, Total: 4786647 ns
[2020-09-11T17:58:05.489+0000][1][safepoint    ] Safepoint "RevokeBias", Time since last: 39027285 ns, Reaching safepoint: 173545 ns, At safepoint: 19288 ns, Total: 192833 ns
[2020-09-11T17:58:05.624+0000][1][safepoint    ] Safepoint "RevokeBias", Time since last: 134597686 ns, Reaching safepoint: 95926 ns, At safepoint: 21705 ns, Total: 117631 ns
[2020-09-11T17:58:05.961+0000][1][safepoint    ] Safepoint "RevokeBias", Time since last: 337097676 ns, Reaching safepoint: 198158 ns, At safepoint: 25004 ns, Total: 223162 ns
[2020-09-11T17:58:06.961+0000][1][safepoint    ] Safepoint "Cleanup", Time since last: 1000113434 ns, Reaching safepoint: 101103 ns, At safepoint: 6597 ns, Total: 107700 ns
[2020-09-11T17:58:07.875+0000][1][safepoint    ] Safepoint "RevokeBias", Time since last: 912652317 ns, Reaching safepoint: 785527 ns, At safepoint: 19229 ns, Total: 804756 ns
[2020-09-11T17:58:07.881+0000][1][safepoint    ] Safepoint "RevokeBias", Time since last: 2268658 ns, Reaching safepoint: 4102990 ns, At safepoint: 31104 ns, Total: 4134094 ns
[2020-09-11T17:58:07.917+0000][1][safepoint    ] Safepoint "RevokeBias", Time since last: 35872959 ns, Reaching safepoint: 540699 ns, At safepoint: 25796 ns, Total: 566495 ns
[2020-09-11T17:58:07.925+0000][1][safepoint    ] Safepoint "RevokeBias", Time since last: 3492964 ns, Reaching safepoint: 4003405 ns, At safepoint: 20774 ns, Total: 4024179 ns
[2020-09-11T17:58:07.949+0000][1][safepoint    ] Safepoint "RevokeBias", Time since last: 21070093 ns, Reaching safepoint: 2914163 ns, At safepoint: 20370 ns, Total: 2934533 ns
[2020-09-11T17:58:07.962+0000][1][safepoint    ] Safepoint "RevokeBias", Time since last: 12683064 ns, Reaching safepoint: 98812 ns, At safepoint: 18970 ns, Total: 117782 ns
[2020-09-11T17:58:08.641+0000][1][safepoint    ] Safepoint "RevokeBias", Time since last: 679563977 ns, Reaching safepoint: 107380 ns, At safepoint: 20246 ns, Total: 127626 ns
[2020-09-11T17:58:08.779+0000][1][safepoint    ] Safepoint "RevokeBias", Time since last: 136039191 ns, Reaching safepoint: 1821139 ns, At safepoint: 26296 ns, Total: 1847435 ns
[2020-09-11T17:58:08.898+0000][1][safepoint    ] Safepoint "RevokeBias", Time since last: 117863585 ns, Reaching safepoint: 884617 ns, At safepoint: 60518 ns, Total: 945135 ns
[2020-09-11T17:58:08.899+0000][1][safepoint    ] Safepoint "RevokeBias", Time since last: 135672 ns, Reaching safepoint: 737423 ns, At safepoint: 17855 ns, Total: 755278 ns
[2020-09-11T17:58:08.900+0000][1][safepoint    ] Safepoint "RevokeBias", Time since last: 712829 ns, Reaching safepoint: 138558 ns, At safepoint: 17358 ns, Total: 155916 ns
[2020-09-11T17:58:09.900+0000][1][safepoint    ] Safepoint "Cleanup", Time since last: 1000089168 ns, Reaching safepoint: 115529 ns, At safepoint: 6414 ns, Total: 121943 ns
[2020-09-11T17:58:10.900+0000][1][safepoint    ] Safepoint "Cleanup", Time since last: 1000127395 ns, Reaching safepoint: 97477 ns, At safepoint: 7148 ns, Total: 104625 ns
[2020-09-11T17:58:11.373+0000][1][safepoint    ] Safepoint "RevokeBias", Time since last: 466160963 ns, Reaching safepoint: 6442805 ns, At safepoint: 31331 ns, Total: 6474136 ns
[2020-09-11T17:58:11.373+0000][1][safepoint    ] Safepoint "RevokeBias", Time since last: 196756 ns, Reaching safepoint: 216677 ns, At safepoint: 19002 ns, Total: 235679 ns
[2020-09-11T17:58:12.374+0000][1][safepoint    ] Safepoint "Cleanup", Time since last: 1000159821 ns, Reaching safepoint: 126230 ns, At safepoint: 7952 ns, Total: 134182 ns
[2020-09-11T17:58:13.374+0000][1][safepoint    ] Safepoint "Cleanup", Time since last: 1000108730 ns, Reaching safepoint: 95709 ns, At safepoint: 6328 ns, Total: 102037 ns
[2020-09-11T17:58:14.374+0000][1][safepoint    ] Safepoint "Cleanup", Time since last: 1000113609 ns, Reaching safepoint: 135988 ns, At safepoint: 6818 ns, Total: 142806 ns
[2020-09-11T17:58:14.995+0000][1][safepoint    ] Safepoint "RevokeBias", Time since last: 620282298 ns, Reaching safepoint: 115586 ns, At safepoint: 24068 ns, Total: 139654 ns
[2020-09-11T17:58:15.465+0000][1][safepoint    ] Safepoint "RevokeBias", Time since last: 470565416 ns, Reaching safepoint: 199732 ns, At safepoint: 26141 ns, Total: 225873 ns
[2020-09-11T17:58:15.477+0000][1][safepoint    ] Safepoint "RevokeBias", Time since last: 11666546 ns, Reaching safepoint: 178706 ns, At safepoint: 26831 ns, Total: 205537 ns
[2020-09-11T17:58:16.477+0000][1][safepoint    ] Safepoint "Cleanup", Time since last: 1000145716 ns, Reaching safepoint: 104095 ns, At safepoint: 6407 ns, Total: 110502 ns
[2020-09-11T17:58:17.478+0000][1][safepoint    ] Safepoint "Cleanup", Time since last: 1000170285 ns, Reaching safepoint: 172011 ns, At safepoint: 18198 ns, Total: 190209 ns
[2020-09-11T17:58:17.888+0000][1][safepoint    ] Safepoint "RevokeBias", Time since last: 410493474 ns, Reaching safepoint: 100543 ns, At safepoint: 23832 ns, Total: 124375 ns
[2020-09-11T17:58:18.594+0000][1][safepoint    ] Safepoint "RevokeBias", Time since last: 705426257 ns, Reaching safepoint: 194185 ns, At safepoint: 24836 ns, Total: 219021 ns
[2020-09-11T17:58:19.016+0000][1][gc,start     ] GC(75) Pause Young (Allocation Failure)
[2020-09-11T17:58:19.016+0000][1][gc,task      ] GC(75) Using 1 workers of 1 for evacuation
[2020-09-11T17:58:19.063+0000][1][gc,age       ] GC(75) Desired survivor size 4358144 bytes, new threshold 2 (max threshold 6)
[2020-09-11T17:58:19.063+0000][1][gc,age       ] GC(75) Age table with threshold 2 (max threshold 6)
[2020-09-11T17:58:19.063+0000][1][gc,age       ] GC(75) - age   1:    4160360 bytes,    4160360 total
[2020-09-11T17:58:19.063+0000][1][gc,age       ] GC(75) - age   2:    1043424 bytes,    5203784 total
[2020-09-11T17:58:19.063+0000][1][gc,age       ] GC(75) - age   3:     300992 bytes,    5504776 total
[2020-09-11T17:58:19.063+0000][1][gc,age       ] GC(75) - age   4:     946776 bytes,    6451552 total
[2020-09-11T17:58:19.064+0000][1][gc,age       ] GC(75) - age   5:    1204864 bytes,    7656416 total
[2020-09-11T17:58:19.064+0000][1][gc,heap      ] GC(75) ParNew: 72924K->8512K(76672K)
[2020-09-11T17:58:19.064+0000][1][gc,heap      ] GC(75) CMS: 71382K->71382K(439104K)
[2020-09-11T17:58:19.064+0000][1][gc,metaspace ] GC(75) Metaspace: 91804K->91804K(1134592K)
[2020-09-11T17:58:19.064+0000][1][gc           ] GC(75) Pause Young (Allocation Failure) 140M->78M(503M) 47.721ms
[2020-09-11T17:58:19.064+0000][1][gc,cpu       ] GC(75) User=0.02s Sys=0.00s Real=0.05s
[2020-09-11T17:58:19.083+0000][1][safepoint    ] Safepoint "GenCollectForAllocation", Time since last: 421604239 ns, Reaching safepoint: 187824 ns, At safepoint: 67346070 ns, Total: 67533894 ns
[2020-09-11T17:58:20.093+0000][1][safepoint    ] Safepoint "Cleanup", Time since last: 1009655374 ns, Reaching safepoint: 102428 ns, At safepoint: 7175 ns, Total: 109603 ns
[2020-09-11T17:58:20.523+0000][1][safepoint    ] Safepoint "RevokeBias", Time since last: 429684163 ns, Reaching safepoint: 91239 ns, At safepoint: 20419 ns, Total: 111658 ns
[2020-09-11T17:58:20.523+0000][1][safepoint    ] Safepoint "RevokeBias", Time since last: 59095 ns, Reaching safepoint: 31651 ns, At safepoint: 10818 ns, Total: 42469 ns
[2020-09-11T17:58:21.523+0000][1][safepoint    ] Safepoint "Cleanup", Time since last: 1000085616 ns, Reaching safepoint: 102981 ns, At safepoint: 6633 ns, Total: 109614 ns
[2020-09-11T17:58:22.523+0000][1][safepoint    ] Safepoint "Cleanup", Time since last: 1000110178 ns, Reaching safepoint: 94960 ns, At safepoint: 9630 ns, Total: 104590 ns
[2020-09-11T17:58:23.524+0000][1][safepoint    ] Safepoint "Cleanup", Time since last: 1000134134 ns, Reaching safepoint: 110567 ns, At safepoint: 7913 ns, Total: 118480 ns
[2020-09-11T17:58:24.524+0000][1][safepoint    ] Safepoint "Cleanup", Time since last: 1000105407 ns, Reaching safepoint: 93956 ns, At safepoint: 6647 ns, Total: 100603 ns
[2020-09-11T17:58:24.916+0000][1][safepoint    ] Safepoint "RevokeBias", Time since last: 392189213 ns, Reaching safepoint: 102789 ns, At safepoint: 22453 ns, Total: 125242 ns
[2020-09-11T17:58:25.916+0000][1][safepoint    ] Safepoint "Cleanup", Time since last: 1000131611 ns, Reaching safepoint: 186261 ns, At safepoint: 16441 ns, Total: 202702 ns
[2020-09-11T17:58:26.917+0000][1][safepoint    ] Safepoint "Cleanup", Time since last: 1000203243 ns, Reaching safepoint: 145316 ns, At safepoint: 14242 ns, Total: 159558 ns
[2020-09-11T17:58:27.052+0000][1][safepoint    ] Safepoint "RevokeBias", Time since last: 135114584 ns, Reaching safepoint: 93001 ns, At safepoint: 21339 ns, Total: 114340 ns
[2020-09-11T17:58:28.052+0000][1][safepoint    ] Safepoint "Cleanup", Time since last: 1000116219 ns, Reaching safepoint: 103833 ns, At safepoint: 10225 ns, Total: 114058 ns
[2020-09-11T17:58:28.450+0000][1][safepoint    ] Safepoint "RevokeBias", Time since last: 397393952 ns, Reaching safepoint: 178223 ns, At safepoint: 25033 ns, Total: 203256 ns
[2020-09-11T17:58:29.450+0000][1][safepoint    ] Safepoint "Cleanup", Time since last: 1000149061 ns, Reaching safepoint: 191791 ns, At safepoint: 7888 ns, Total: 199679 ns
[2020-09-11T17:58:30.451+0000][1][safepoint    ] Safepoint "Cleanup", Time since last: 1000167479 ns, Reaching safepoint: 188465 ns, At safepoint: 19107 ns, Total: 207572 ns
[2020-09-11T17:58:31.451+0000][1][safepoint    ] Safepoint "Cleanup", Time since last: 1000227697 ns, Reaching safepoint: 119287 ns, At safepoint: 7335 ns, Total: 126622 ns
[2020-09-11T17:58:32.451+0000][1][safepoint    ] Safepoint "Cleanup", Time since last: 1000158047 ns, Reaching safepoint: 183267 ns, At safepoint: 20637 ns, Total: 203904 ns
[2020-09-11T17:58:33.452+0000][1][safepoint    ] Safepoint "Cleanup", Time since last: 1000182834 ns, Reaching safepoint: 152058 ns, At safepoint: 6635 ns, Total: 158693 ns
[2020-09-11T17:58:34.452+0000][1][safepoint    ] Safepoint "Cleanup", Time since last: 1000253886 ns, Reaching safepoint: 106733 ns, At safepoint: 6820 ns, Total: 113553 ns
[2020-09-11T17:58:34.954+0000][1][safepoint    ] Safepoint "RevokeBias", Time since last: 502213335 ns, Reaching safepoint: 93136 ns, At safepoint: 21722 ns, Total: 114858 ns
[2020-09-11T17:58:35.955+0000][1][safepoint    ] Safepoint "Cleanup", Time since last: 1000138425 ns, Reaching safepoint: 149372 ns, At safepoint: 9866 ns, Total: 159238 ns
[2020-09-11T17:58:36.955+0000][1][safepoint    ] Safepoint "Cleanup", Time since last: 1000198768 ns, Reaching safepoint: 174219 ns, At safepoint: 18436 ns, Total: 192655 ns
[2020-09-11T17:58:37.955+0000][1][safepoint    ] Safepoint "Cleanup", Time since last: 1000236399 ns, Reaching safepoint: 174737 ns, At safepoint: 18386 ns, Total: 193123 ns
[2020-09-11T17:58:38.428+0000][1][safepoint    ] Safepoint "RevokeBias", Time since last: 472862901 ns, Reaching safepoint: 102708 ns, At safepoint: 23573 ns, Total: 126281 ns
[2020-09-11T17:58:39.429+0000][1][safepoint    ] Safepoint "Cleanup", Time since last: 1000187846 ns, Reaching safepoint: 424226 ns, At safepoint: 21152 ns, Total: 445378 ns
[2020-09-11T17:58:40.429+0000][1][safepoint    ] Safepoint "Cleanup", Time since last: 1000202332 ns, Reaching safepoint: 129776 ns, At safepoint: 10756 ns, Total: 140532 ns
[2020-09-11T17:58:41.430+0000][1][safepoint    ] Safepoint "Cleanup", Time since last: 1000150658 ns, Reaching safepoint: 165015 ns, At safepoint: 18118 ns, Total: 183133 ns
[2020-09-11T17:58:41.924+0000][1][safepoint    ] Safepoint "ICBufferFull", Time since last: 494505382 ns, Reaching safepoint: 295474 ns, At safepoint: 8651 ns, Total: 304125 ns
[2020-09-11T17:58:43.281+0000][1][safepoint    ] Safepoint "Cleanup", Time since last: 1356342808 ns, Reaching safepoint: 148508 ns, At safepoint: 7569 ns, Total: 156077 ns
[2020-09-11T17:58:43.925+0000][1][gc,start     ] GC(76) Pause Young (Allocation Failure)
[2020-09-11T17:58:43.925+0000][1][gc,task      ] GC(76) Using 1 workers of 1 for evacuation
[2020-09-11T17:58:43.960+0000][1][gc,age       ] GC(76) Desired survivor size 4358144 bytes, new threshold 6 (max threshold 6)
[2020-09-11T17:58:43.960+0000][1][gc,age       ] GC(76) Age table with threshold 6 (max threshold 6)
[2020-09-11T17:58:43.960+0000][1][gc,age       ] GC(76) - age   1:     137800 bytes,     137800 total
[2020-09-11T17:58:43.960+0000][1][gc,age       ] GC(76) - age   2:    3596520 bytes,    3734320 total
[2020-09-11T17:58:43.960+0000][1][gc,heap      ] GC(76) ParNew: 76672K->6432K(76672K)
[2020-09-11T17:58:43.960+0000][1][gc,heap      ] GC(76) CMS: 71382K->74888K(439104K)
[2020-09-11T17:58:43.960+0000][1][gc,metaspace ] GC(76) Metaspace: 92112K->92112K(1134592K)
[2020-09-11T17:58:43.960+0000][1][gc           ] GC(76) Pause Young (Allocation Failure) 144M->79M(503M) 34.771ms
[2020-09-11T17:58:43.960+0000][1][gc,cpu       ] GC(76) User=0.01s Sys=0.00s Real=0.03s
[2020-09-11T17:58:43.960+0000][1][safepoint    ] Safepoint "GenCollectForAllocation", Time since last: 644214606 ns, Reaching safepoint: 115350 ns, At safepoint: 34999118 ns, Total: 35114468 ns
[2020-09-11T17:58:44.964+0000][1][safepoint    ] Safepoint "Cleanup", Time since last: 1003026101 ns, Reaching safepoint: 153589 ns, At safepoint: 8314 ns, Total: 161903 ns
[2020-09-11T17:58:44.976+0000][1][safepoint    ] Safepoint "RevokeBias", Time since last: 11977483 ns, Reaching safepoint: 94325 ns, At safepoint: 23429 ns, Total: 117754 ns
[2020-09-11T17:58:45.976+0000][1][safepoint    ] Safepoint "Cleanup", Time since last: 1000136811 ns, Reaching safepoint: 209728 ns, At safepoint: 6359 ns, Total: 216087 ns
[2020-09-11T17:58:46.976+0000][1][safepoint    ] Safepoint "Cleanup", Time since last: 1000159624 ns, Reaching safepoint: 93079 ns, At safepoint: 6221 ns, Total: 99300 ns
[2020-09-11T17:58:47.977+0000][1][safepoint    ] Safepoint "Cleanup", Time since last: 1000545557 ns, Reaching safepoint: 456311 ns, At safepoint: 10166 ns, Total: 466477 ns
[2020-09-11T17:58:48.464+0000][1][safepoint    ] Safepoint "RevokeBias", Time since last: 486045338 ns, Reaching safepoint: 435763 ns, At safepoint: 236909 ns, Total: 672672 ns
[2020-09-11T17:58:49.464+0000][1][safepoint    ] Safepoint "Cleanup", Time since last: 1000169476 ns, Reaching safepoint: 156714 ns, At safepoint: 6405 ns, Total: 163119 ns
[2020-09-11T17:58:50.465+0000][1][safepoint    ] Safepoint "Cleanup", Time since last: 1000155862 ns, Reaching safepoint: 190594 ns, At safepoint: 17403 ns, Total: 207997 ns
[2020-09-11T17:58:51.465+0000][1][safepoint    ] Safepoint "Cleanup", Time since last: 1000155062 ns, Reaching safepoint: 192090 ns, At safepoint: 18736 ns, Total: 210826 ns
[2020-09-11T17:58:54.465+0000][1][safepoint    ] Safepoint "Cleanup", Time since last: 3000376978 ns, Reaching safepoint: 98298 ns, At safepoint: 11147 ns, Total: 109445 ns
[2020-09-11T17:58:54.940+0000][1][safepoint    ] Safepoint "RevokeBias", Time since last: 474311543 ns, Reaching safepoint: 103275 ns, At safepoint: 22848 ns, Total: 126123 ns
[2020-09-11T17:58:55.940+0000][1][safepoint    ] Safepoint "Cleanup", Time since last: 1000171415 ns, Reaching safepoint: 132644 ns, At safepoint: 7897 ns, Total: 140541 ns
[2020-09-11T17:58:57.941+0000][1][safepoint    ] Safepoint "Cleanup", Time since last: 2000363680 ns, Reaching safepoint: 265165 ns, At safepoint: 18586 ns, Total: 283751 ns
[2020-09-11T17:58:58.440+0000][1][safepoint    ] Safepoint "RevokeBias", Time since last: 499197707 ns, Reaching safepoint: 99051 ns, At safepoint: 24904 ns, Total: 123955 ns
[2020-09-11T17:59:00.041+0000][1][safepoint    ] Safepoint "Cleanup", Time since last: 1600944200 ns, Reaching safepoint: 167800 ns, At safepoint: 8426 ns, Total: 176226 ns
[2020-09-11T17:59:01.042+0000][1][safepoint    ] Safepoint "Cleanup", Time since last: 1000140324 ns, Reaching safepoint: 199350 ns, At safepoint: 20597 ns, Total: 219947 ns
[2020-09-11T17:59:02.042+0000][1][safepoint    ] Safepoint "Cleanup", Time since last: 1000163952 ns, Reaching safepoint: 103749 ns, At safepoint: 6792 ns, Total: 110541 ns
[2020-09-11T17:59:04.042+0000][1][safepoint    ] Safepoint "Cleanup", Time since last: 2000191740 ns, Reaching safepoint: 111302 ns, At safepoint: 7238 ns, Total: 118540 ns
[2020-09-11T17:59:04.917+0000][1][safepoint    ] Safepoint "RevokeBias", Time since last: 874395711 ns, Reaching safepoint: 378813 ns, At safepoint: 24402 ns, Total: 403215 ns
[2020-09-11T17:59:05.917+0000][1][safepoint    ] Safepoint "Cleanup", Time since last: 1000172762 ns, Reaching safepoint: 125625 ns, At safepoint: 7536 ns, Total: 133161 ns
[2020-09-11T17:59:05.984+0000][1][gc,start     ] GC(77) Pause Young (Allocation Failure)
[2020-09-11T17:59:05.984+0000][1][gc,task      ] GC(77) Using 1 workers of 1 for evacuation
[2020-09-11T17:59:05.991+0000][1][gc,age       ] GC(77) Desired survivor size 4358144 bytes, new threshold 6 (max threshold 6)
[2020-09-11T17:59:05.991+0000][1][gc,age       ] GC(77) Age table with threshold 6 (max threshold 6)
[2020-09-11T17:59:05.991+0000][1][gc,age       ] GC(77) - age   1:      92760 bytes,      92760 total
[2020-09-11T17:59:05.991+0000][1][gc,age       ] GC(77) - age   2:      23440 bytes,     116200 total
[2020-09-11T17:59:05.991+0000][1][gc,age       ] GC(77) - age   3:    3577976 bytes,    3694176 total
[2020-09-11T17:59:05.991+0000][1][gc,heap      ] GC(77) ParNew: 74592K->5951K(76672K)
[2020-09-11T17:59:05.991+0000][1][gc,heap      ] GC(77) CMS: 74888K->74888K(439104K)
[2020-09-11T17:59:05.991+0000][1][gc,metaspace ] GC(77) Metaspace: 92442K->92442K(1134592K)
[2020-09-11T17:59:05.991+0000][1][gc           ] GC(77) Pause Young (Allocation Failure) 145M->78M(503M) 7.054ms
[2020-09-11T17:59:05.991+0000][1][gc,cpu       ] GC(77) User=0.01s Sys=0.00s Real=0.00s
[2020-09-11T17:59:05.991+0000][1][safepoint    ] Safepoint "GenCollectForAllocation", Time since last: 66139864 ns, Reaching safepoint: 212269 ns, At safepoint: 7195072 ns, Total: 7407341 ns
[2020-09-11T17:59:06.991+0000][1][safepoint    ] Safepoint "Cleanup", Time since last: 1000345491 ns, Reaching safepoint: 90509 ns, At safepoint: 16475 ns, Total: 106984 ns
[2020-09-11T17:59:08.459+0000][1][safepoint    ] Safepoint "RevokeBias", Time since last: 1467078779 ns, Reaching safepoint: 221087 ns, At safepoint: 256831 ns, Total: 477918 ns
[2020-09-11T17:59:09.459+0000][1][safepoint    ] Safepoint "Cleanup", Time since last: 1000156555 ns, Reaching safepoint: 348826 ns, At safepoint: 19017 ns, Total: 367843 ns
[2020-09-11T17:59:12.460+0000][1][safepoint    ] Safepoint "Cleanup", Time since last: 3000476026 ns, Reaching safepoint: 184920 ns, At safepoint: 18894 ns, Total: 203814 ns
[2020-09-11T17:59:13.461+0000][1][safepoint    ] Safepoint "Cleanup", Time since last: 1000230191 ns, Reaching safepoint: 184506 ns, At safepoint: 18863 ns, Total: 203369 ns
[2020-09-11T17:59:14.945+0000][1][safepoint    ] Safepoint "RevokeBias", Time since last: 1483842577 ns, Reaching safepoint: 106820 ns, At safepoint: 22853 ns, Total: 129673 ns
[2020-09-11T17:59:15.945+0000][1][safepoint    ] Safepoint "Cleanup", Time since last: 1000178822 ns, Reaching safepoint: 153435 ns, At safepoint: 6622 ns, Total: 160057 ns
[2020-09-11T17:59:16.945+0000][1][safepoint    ] Safepoint "Cleanup", Time since last: 1000194035 ns, Reaching safepoint: 180153 ns, At safepoint: 18866 ns, Total: 199019 ns
[2020-09-11T17:59:17.946+0000][1][safepoint    ] Safepoint "Cleanup", Time since last: 1000235624 ns, Reaching safepoint: 116661 ns, At safepoint: 6908 ns, Total: 123569 ns
[2020-09-11T17:59:18.474+0000][1][safepoint    ] Safepoint "RevokeBias", Time since last: 528050219 ns, Reaching safepoint: 320865 ns, At safepoint: 243881 ns, Total: 564746 ns
[2020-09-11T17:59:19.475+0000][1][safepoint    ] Safepoint "Cleanup", Time since last: 1000174762 ns, Reaching safepoint: 298171 ns, At safepoint: 17774 ns, Total: 315945 ns
[2020-09-11T17:59:21.475+0000][1][safepoint    ] Safepoint "Cleanup", Time since last: 2000319267 ns, Reaching safepoint: 112126 ns, At safepoint: 7245 ns, Total: 119371 ns
[2020-09-11T17:59:22.475+0000][1][safepoint    ] Safepoint "Cleanup", Time since last: 1000146413 ns, Reaching safepoint: 128203 ns, At safepoint: 7419 ns, Total: 135622 ns
[2020-09-11T17:59:24.476+0000][1][safepoint    ] Safepoint "Cleanup", Time since last: 2000292502 ns, Reaching safepoint: 192170 ns, At safepoint: 19826 ns, Total: 211996 ns
[2020-09-11T17:59:24.962+0000][1][safepoint    ] Safepoint "RevokeBias", Time since last: 486244402 ns, Reaching safepoint: 189782 ns, At safepoint: 49199 ns, Total: 238981 ns
[2020-09-11T17:59:25.963+0000][1][safepoint    ] Safepoint "Cleanup", Time since last: 1000220364 ns, Reaching safepoint: 189474 ns, At safepoint: 19371 ns, Total: 208845 ns
[2020-09-11T17:59:26.963+0000][1][safepoint    ] Safepoint "Cleanup", Time since last: 1000214788 ns, Reaching safepoint: 118615 ns, At safepoint: 8015 ns, Total: 126630 ns
[2020-09-11T17:59:27.964+0000][1][safepoint    ] Safepoint "Cleanup", Time since last: 1000152999 ns, Reaching safepoint: 148160 ns, At safepoint: 7845 ns, Total: 156005 ns
[2020-09-11T17:59:28.458+0000][1][safepoint    ] Safepoint "RevokeBias", Time since last: 493811121 ns, Reaching safepoint: 201437 ns, At safepoint: 223040 ns, Total: 424477 ns
[2020-09-11T17:59:28.515+0000][1][gc,start     ] GC(78) Pause Young (Allocation Failure)
[2020-09-11T17:59:28.515+0000][1][gc,task      ] GC(78) Using 1 workers of 1 for evacuation
[2020-09-11T17:59:28.533+0000][1][gc,age       ] GC(78) Desired survivor size 4358144 bytes, new threshold 6 (max threshold 6)
[2020-09-11T17:59:28.533+0000][1][gc,age       ] GC(78) Age table with threshold 6 (max threshold 6)
[2020-09-11T17:59:28.533+0000][1][gc,age       ] GC(78) - age   1:     294528 bytes,     294528 total
[2020-09-11T17:59:28.533+0000][1][gc,age       ] GC(78) - age   2:      32800 bytes,     327328 total
[2020-09-11T17:59:28.533+0000][1][gc,age       ] GC(78) - age   3:      21928 bytes,     349256 total
[2020-09-11T17:59:28.533+0000][1][gc,age       ] GC(78) - age   4:    3577944 bytes,    3927200 total
[2020-09-11T17:59:28.533+0000][1][gc,heap      ] GC(78) ParNew: 74111K->6899K(76672K)
[2020-09-11T17:59:28.533+0000][1][gc,heap      ] GC(78) CMS: 74888K->74888K(439104K)
[2020-09-11T17:59:28.533+0000][1][gc,metaspace ] GC(78) Metaspace: 92656K->92656K(1134592K)
[2020-09-11T17:59:28.533+0000][1][gc           ] GC(78) Pause Young (Allocation Failure) 145M->79M(503M) 17.742ms
[2020-09-11T17:59:28.533+0000][1][gc,cpu       ] GC(78) User=0.01s Sys=0.00s Real=0.02s
[2020-09-11T17:59:28.544+0000][1][safepoint    ] Safepoint "GenCollectForAllocation", Time since last: 57323095 ns, Reaching safepoint: 160940 ns, At safepoint: 28615755 ns, Total: 28776695 ns
[2020-09-11T17:59:29.554+0000][1][safepoint    ] Safepoint "Cleanup", Time since last: 1009612612 ns, Reaching safepoint: 145105 ns, At safepoint: 8093 ns, Total: 153198 ns
[2020-09-11T17:59:30.554+0000][1][safepoint    ] Safepoint "Cleanup", Time since last: 1000182888 ns, Reaching safepoint: 115976 ns, At safepoint: 6765 ns, Total: 122741 ns
[2020-09-11T17:59:31.554+0000][1][safepoint    ] Safepoint "Cleanup", Time since last: 1000168029 ns, Reaching safepoint: 120219 ns, At safepoint: 7256 ns, Total: 127475 ns
[2020-09-11T17:59:32.555+0000][1][safepoint    ] Safepoint "Cleanup", Time since last: 1000216469 ns, Reaching safepoint: 160612 ns, At safepoint: 17817 ns, Total: 178429 ns
[2020-09-11T17:59:33.555+0000][1][safepoint    ] Safepoint "Cleanup", Time since last: 1000211280 ns, Reaching safepoint: 181994 ns, At safepoint: 19264 ns, Total: 201258 ns
[2020-09-11T17:59:34.555+0000][1][safepoint    ] Safepoint "Cleanup", Time since last: 1000219339 ns, Reaching safepoint: 172769 ns, At safepoint: 17704 ns, Total: 190473 ns
[2020-09-11T17:59:34.979+0000][1][safepoint    ] Safepoint "RevokeBias", Time since last: 423164281 ns, Reaching safepoint: 100563 ns, At safepoint: 21755 ns, Total: 122318 ns
[2020-09-11T17:59:36.979+0000][1][safepoint    ] Safepoint "Cleanup", Time since last: 2000299363 ns, Reaching safepoint: 185242 ns, At safepoint: 19398 ns, Total: 204640 ns
[2020-09-11T17:59:37.980+0000][1][safepoint    ] Safepoint "Cleanup", Time since last: 1000164428 ns, Reaching safepoint: 115378 ns, At safepoint: 8584 ns, Total: 123962 ns
[2020-09-11T17:59:38.421+0000][1][safepoint    ] Safepoint "RevokeBias", Time since last: 438845358 ns, Reaching safepoint: 2514720 ns, At safepoint: 32892 ns, Total: 2547612 ns
[2020-09-11T17:59:39.421+0000][1][safepoint    ] Safepoint "Cleanup", Time since last: 1000134301 ns, Reaching safepoint: 222533 ns, At safepoint: 21974 ns, Total: 244507 ns
[2020-09-11T17:59:40.422+0000][1][safepoint    ] Safepoint "Cleanup", Time since last: 1000246389 ns, Reaching safepoint: 197048 ns, At safepoint: 18710 ns, Total: 215758 ns
[2020-09-11T17:59:43.422+0000][1][safepoint    ] Safepoint "Cleanup", Time since last: 3000454341 ns, Reaching safepoint: 98129 ns, At safepoint: 10843 ns, Total: 108972 ns
[2020-09-11T17:59:44.962+0000][1][safepoint    ] Safepoint "RevokeBias", Time since last: 1540025296 ns, Reaching safepoint: 104935 ns, At safepoint: 28080 ns, Total: 133015 ns
[2020-09-11T17:59:46.963+0000][1][safepoint    ] Safepoint "Cleanup", Time since last: 2000197507 ns, Reaching safepoint: 103063 ns, At safepoint: 10524 ns, Total: 113587 ns
[2020-09-11T17:59:48.475+0000][1][safepoint    ] Safepoint "RevokeBias", Time since last: 1507579871 ns, Reaching safepoint: 4467709 ns, At safepoint: 227281 ns, Total: 4694990 ns
[2020-09-11T17:59:48.825+0000][1][gc,start     ] GC(79) Pause Young (Allocation Failure)
[2020-09-11T17:59:48.825+0000][1][gc,task      ] GC(79) Using 1 workers of 1 for evacuation
[2020-09-11T17:59:48.849+0000][1][gc,age       ] GC(79) Desired survivor size 4358144 bytes, new threshold 6 (max threshold 6)
[2020-09-11T17:59:48.849+0000][1][gc,age       ] GC(79) Age table with threshold 6 (max threshold 6)
[2020-09-11T17:59:48.849+0000][1][gc,age       ] GC(79) - age   1:     632696 bytes,     632696 total
[2020-09-11T17:59:48.849+0000][1][gc,age       ] GC(79) - age   2:      22032 bytes,     654728 total
[2020-09-11T17:59:48.849+0000][1][gc,age       ] GC(79) - age   3:      30016 bytes,     684744 total
[2020-09-11T17:59:48.849+0000][1][gc,age       ] GC(79) - age   4:      21928 bytes,     706672 total
[2020-09-11T17:59:48.849+0000][1][gc,age       ] GC(79) - age   5:    3577944 bytes,    4284616 total
[2020-09-11T17:59:48.849+0000][1][gc,heap      ] GC(79) ParNew: 75059K->4601K(76672K)
[2020-09-11T17:59:48.849+0000][1][gc,heap      ] GC(79) CMS: 74888K->74888K(439104K)
[2020-09-11T17:59:48.849+0000][1][gc,metaspace ] GC(79) Metaspace: 92815K->92815K(1134592K)
[2020-09-11T17:59:48.849+0000][1][gc           ] GC(79) Pause Young (Allocation Failure) 146M->77M(503M) 24.287ms
[2020-09-11T17:59:48.849+0000][1][gc,cpu       ] GC(79) User=0.01s Sys=0.00s Real=0.02s
[2020-09-11T17:59:48.850+0000][1][safepoint    ] Safepoint "GenCollectForAllocation", Time since last: 349708822 ns, Reaching safepoint: 180157 ns, At safepoint: 25155861 ns, Total: 25336018 ns
[2020-09-11T17:59:49.867+0000][1][safepoint    ] Safepoint "Cleanup", Time since last: 1016576220 ns, Reaching safepoint: 103181 ns, At safepoint: 10598 ns, Total: 113779 ns
[2020-09-11T17:59:50.867+0000][1][safepoint    ] Safepoint "Cleanup", Time since last: 1000121673 ns, Reaching safepoint: 98074 ns, At safepoint: 6805 ns, Total: 104879 ns
[2020-09-11T17:59:51.867+0000][1][safepoint    ] Safepoint "Cleanup", Time since last: 1000122361 ns, Reaching safepoint: 100146 ns, At safepoint: 7703 ns, Total: 107849 ns
[2020-09-11T17:59:52.867+0000][1][safepoint    ] Safepoint "Cleanup", Time since last: 1000115212 ns, Reaching safepoint: 92952 ns, At safepoint: 6491 ns, Total: 99443 ns
[2020-09-11T17:59:53.868+0000][1][safepoint    ] Safepoint "Cleanup", Time since last: 1000115294 ns, Reaching safepoint: 99327 ns, At safepoint: 7125 ns, Total: 106452 ns
[2020-09-11T17:59:54.868+0000][1][safepoint    ] Safepoint "Cleanup", Time since last: 1000112519 ns, Reaching safepoint: 111514 ns, At safepoint: 11660 ns, Total: 123174 ns
[2020-09-11T17:59:54.927+0000][1][safepoint    ] Safepoint "RevokeBias", Time since last: 59134420 ns, Reaching safepoint: 175912 ns, At safepoint: 24007 ns, Total: 199919 ns
[2020-09-11T17:59:55.928+0000][1][safepoint    ] Safepoint "Cleanup", Time since last: 1000114324 ns, Reaching safepoint: 100052 ns, At safepoint: 11216 ns, Total: 111268 ns
[2020-09-11T17:59:56.928+0000][1][safepoint    ] Safepoint "Cleanup", Time since last: 1000119741 ns, Reaching safepoint: 92169 ns, At safepoint: 9779 ns, Total: 101948 ns
[2020-09-11T17:59:57.928+0000][1][safepoint    ] Safepoint "Cleanup", Time since last: 1000119574 ns, Reaching safepoint: 99114 ns, At safepoint: 10457 ns, Total: 109571 ns
[2020-09-11T17:59:58.456+0000][1][safepoint    ] Safepoint "RevokeBias", Time since last: 527737913 ns, Reaching safepoint: 217330 ns, At safepoint: 277828 ns, Total: 495158 ns
[2020-09-11T17:59:59.456+0000][1][safepoint    ] Safepoint "Cleanup", Time since last: 1000115727 ns, Reaching safepoint: 110679 ns, At safepoint: 11503 ns, Total: 122182 ns
[2020-09-11T18:00:00.457+0000][1][safepoint    ] Safepoint "Cleanup", Time since last: 1000128081 ns, Reaching safepoint: 94820 ns, At safepoint: 11832 ns, Total: 106652 ns
[2020-09-11T18:00:01.457+0000][1][safepoint    ] Safepoint "Cleanup", Time since last: 1000117608 ns, Reaching safepoint: 114879 ns, At safepoint: 10698 ns, Total: 125577 ns
[2020-09-11T18:00:02.457+0000][1][safepoint    ] Safepoint "Cleanup", Time since last: 1000113042 ns, Reaching safepoint: 110784 ns, At safepoint: 10959 ns, Total: 121743 ns
[2020-09-11T18:00:03.457+0000][1][safepoint    ] Safepoint "Cleanup", Time since last: 1000116445 ns, Reaching safepoint: 102603 ns, At safepoint: 10216 ns, Total: 112819 ns
[2020-09-11T18:00:04.458+0000][1][safepoint    ] Safepoint "Cleanup", Time since last: 1000122659 ns, Reaching safepoint: 106858 ns, At safepoint: 11639 ns, Total: 118497 ns
[2020-09-11T18:00:04.939+0000][1][safepoint    ] Safepoint "RevokeBias", Time since last: 481472348 ns, Reaching safepoint: 184649 ns, At safepoint: 26547 ns, Total: 211196 ns
[2020-09-11T18:00:05.940+0000][1][safepoint    ] Safepoint "Cleanup", Time since last: 1000109490 ns, Reaching safepoint: 99424 ns, At safepoint: 10707 ns, Total: 110131 ns
[2020-09-11T18:00:06.940+0000][1][safepoint    ] Safepoint "Cleanup", Time since last: 1000112296 ns, Reaching safepoint: 92830 ns, At safepoint: 10525 ns, Total: 103355 ns
[2020-09-11T18:00:07.940+0000][1][safepoint    ] Safepoint "Cleanup", Time since last: 1000136409 ns, Reaching safepoint: 96154 ns, At safepoint: 10434 ns, Total: 106588 ns
[2020-09-11T18:00:08.455+0000][1][safepoint    ] Safepoint "RevokeBias", Time since last: 514576352 ns, Reaching safepoint: 175001 ns, At safepoint: 21733 ns, Total: 196734 ns
[2020-09-11T18:00:09.455+0000][1][safepoint    ] Safepoint "Cleanup", Time since last: 1000107266 ns, Reaching safepoint: 118771 ns, At safepoint: 10136 ns, Total: 128907 ns
[2020-09-11T18:00:10.455+0000][1][safepoint    ] Safepoint "Cleanup", Time since last: 1000120000 ns, Reaching safepoint: 97845 ns, At safepoint: 7509 ns, Total: 105354 ns
[2020-09-11T18:00:11.455+0000][1][safepoint    ] Safepoint "Cleanup", Time since last: 1000122553 ns, Reaching safepoint: 92977 ns, At safepoint: 6967 ns, Total: 99944 ns
[2020-09-11T18:00:12.456+0000][1][safepoint    ] Safepoint "Cleanup", Time since last: 1000118449 ns, Reaching safepoint: 96356 ns, At safepoint: 7470 ns, Total: 103826 ns
[2020-09-11T18:00:13.456+0000][1][safepoint    ] Safepoint "Cleanup", Time since last: 1000118499 ns, Reaching safepoint: 91423 ns, At safepoint: 7275 ns, Total: 98698 ns
[2020-09-11T18:00:14.456+0000][1][safepoint    ] Safepoint "Cleanup", Time since last: 1000117396 ns, Reaching safepoint: 93953 ns, At safepoint: 11444 ns, Total: 105397 ns
[2020-09-11T18:00:14.961+0000][1][safepoint    ] Safepoint "RevokeBias", Time since last: 505026511 ns, Reaching safepoint: 122565 ns, At safepoint: 23682 ns, Total: 146247 ns
[2020-09-11T18:00:15.550+0000][1][gc,start     ] GC(80) Pause Young (Allocation Failure)
[2020-09-11T18:00:15.550+0000][1][gc,task      ] GC(80) Using 1 workers of 1 for evacuation
[2020-09-11T18:00:15.564+0000][1][gc,age       ] GC(80) Desired survivor size 4358144 bytes, new threshold 6 (max threshold 6)
[2020-09-11T18:00:15.564+0000][1][gc,age       ] GC(80) Age table with threshold 6 (max threshold 6)
[2020-09-11T18:00:15.564+0000][1][gc,age       ] GC(80) - age   1:      70720 bytes,      70720 total
[2020-09-11T18:00:15.564+0000][1][gc,age       ] GC(80) - age   2:      26408 bytes,      97128 total
[2020-09-11T18:00:15.564+0000][1][gc,age       ] GC(80) - age   3:      19336 bytes,     116464 total
[2020-09-11T18:00:15.564+0000][1][gc,age       ] GC(80) - age   4:      29728 bytes,     146192 total
[2020-09-11T18:00:15.564+0000][1][gc,age       ] GC(80) - age   5:      21928 bytes,     168120 total
[2020-09-11T18:00:15.564+0000][1][gc,age       ] GC(80) - age   6:    3577944 bytes,    3746064 total
[2020-09-11T18:00:15.564+0000][1][gc,heap      ] GC(80) ParNew: 72761K->3713K(76672K)
[2020-09-11T18:00:15.564+0000][1][gc,heap      ] GC(80) CMS: 74888K->74888K(439104K)
[2020-09-11T18:00:15.564+0000][1][gc,metaspace ] GC(80) Metaspace: 92937K->92937K(1134592K)
[2020-09-11T18:00:15.564+0000][1][gc           ] GC(80) Pause Young (Allocation Failure) 144M->76M(503M) 13.864ms
[2020-09-11T18:00:15.564+0000][1][gc,cpu       ] GC(80) User=0.01s Sys=0.00s Real=0.02s
[2020-09-11T18:00:15.564+0000][1][safepoint    ] Safepoint "GenCollectForAllocation", Time since last: 588632559 ns, Reaching safepoint: 218360 ns, At safepoint: 13939344 ns, Total: 14157704 ns
[2020-09-11T18:00:16.573+0000][1][safepoint    ] Safepoint "Cleanup", Time since last: 1008824711 ns, Reaching safepoint: 110164 ns, At safepoint: 8417 ns, Total: 118581 ns
[2020-09-11T18:00:17.573+0000][1][safepoint    ] Safepoint "Cleanup", Time since last: 1000116517 ns, Reaching safepoint: 97291 ns, At safepoint: 10452 ns, Total: 107743 ns
[2020-09-11T18:00:18.479+0000][1][safepoint    ] Safepoint "BulkRevokeBias", Time since last: 903770093 ns, Reaching safepoint: 1531579 ns, At safepoint: 357860 ns, Total: 1889439 ns
[2020-09-11T18:00:18.637+0000][1][safepoint    ] Safepoint "RevokeBias", Time since last: 154489749 ns, Reaching safepoint: 3513695 ns, At safepoint: 27970 ns, Total: 3541665 ns
[2020-09-11T18:00:19.637+0000][1][safepoint    ] Safepoint "Cleanup", Time since last: 1000114103 ns, Reaching safepoint: 111301 ns, At safepoint: 9671 ns, Total: 120972 ns
[2020-09-11T18:00:20.637+0000][1][safepoint    ] Safepoint "Cleanup", Time since last: 1000134022 ns, Reaching safepoint: 98312 ns, At safepoint: 7794 ns, Total: 106106 ns
[2020-09-11T18:00:21.638+0000][1][safepoint    ] Safepoint "Cleanup", Time since last: 1000113159 ns, Reaching safepoint: 98902 ns, At safepoint: 7617 ns, Total: 106519 ns
[2020-09-11T18:00:22.638+0000][1][safepoint    ] Safepoint "Cleanup", Time since last: 1000115136 ns, Reaching safepoint: 96779 ns, At safepoint: 7584 ns, Total: 104363 ns
[2020-09-11T18:00:23.638+0000][1][safepoint    ] Safepoint "Cleanup", Time since last: 1000121841 ns, Reaching safepoint: 94981 ns, At safepoint: 10785 ns, Total: 105766 ns
[2020-09-11T18:00:24.638+0000][1][safepoint    ] Safepoint "Cleanup", Time since last: 1000114042 ns, Reaching safepoint: 92562 ns, At safepoint: 10604 ns, Total: 103166 ns
[2020-09-11T18:00:24.944+0000][1][safepoint    ] Safepoint "RevokeBias", Time since last: 305188249 ns, Reaching safepoint: 177738 ns, At safepoint: 23744 ns, Total: 201482 ns
[2020-09-11T18:00:25.944+0000][1][safepoint    ] Safepoint "Cleanup", Time since last: 1000115772 ns, Reaching safepoint: 111968 ns, At safepoint: 8224 ns, Total: 120192 ns
[2020-09-11T18:00:26.944+0000][1][safepoint    ] Safepoint "Cleanup", Time since last: 1000127063 ns, Reaching safepoint: 94005 ns, At safepoint: 10457 ns, Total: 104462 ns
[2020-09-11T18:00:27.944+0000][1][safepoint    ] Safepoint "Cleanup", Time since last: 1000125808 ns, Reaching safepoint: 92843 ns, At safepoint: 8168 ns, Total: 101011 ns
[2020-09-11T18:00:28.437+0000][1][safepoint    ] Safepoint "RevokeBias", Time since last: 491898067 ns, Reaching safepoint: 633787 ns, At safepoint: 28474 ns, Total: 662261 ns
[2020-09-11T18:00:29.437+0000][1][safepoint    ] Safepoint "Cleanup", Time since last: 1000112256 ns, Reaching safepoint: 117050 ns, At safepoint: 10917 ns, Total: 127967 ns
[2020-09-11T18:00:30.437+0000][1][safepoint    ] Safepoint "Cleanup", Time since last: 1000117037 ns, Reaching safepoint: 89147 ns, At safepoint: 7185 ns, Total: 96332 ns
[2020-09-11T18:00:31.438+0000][1][safepoint    ] Safepoint "Cleanup", Time since last: 1000114325 ns, Reaching safepoint: 96202 ns, At safepoint: 7735 ns, Total: 103937 ns
[2020-09-11T18:00:32.438+0000][1][safepoint    ] Safepoint "Cleanup", Time since last: 1000116212 ns, Reaching safepoint: 113356 ns, At safepoint: 11456 ns, Total: 124812 ns
[2020-09-11T18:00:33.438+0000][1][safepoint    ] Safepoint "Cleanup", Time since last: 1000105718 ns, Reaching safepoint: 92351 ns, At safepoint: 8440 ns, Total: 100791 ns
[2020-09-11T18:00:34.438+0000][1][safepoint    ] Safepoint "Cleanup", Time since last: 1000074157 ns, Reaching safepoint: 99416 ns, At safepoint: 9946 ns, Total: 109362 ns
[2020-09-11T18:00:34.967+0000][1][safepoint    ] Safepoint "RevokeBias", Time since last: 528550771 ns, Reaching safepoint: 176360 ns, At safepoint: 23190 ns, Total: 199550 ns
[2020-09-11T18:00:35.967+0000][1][safepoint    ] Safepoint "Cleanup", Time since last: 1000111937 ns, Reaching safepoint: 93040 ns, At safepoint: 6879 ns, Total: 99919 ns
[2020-09-11T18:00:36.967+0000][1][safepoint    ] Safepoint "Cleanup", Time since last: 1000121148 ns, Reaching safepoint: 92574 ns, At safepoint: 10274 ns, Total: 102848 ns
[2020-09-11T18:00:37.968+0000][1][safepoint    ] Safepoint "Cleanup", Time since last: 1000123651 ns, Reaching safepoint: 94249 ns, At safepoint: 9996 ns, Total: 104245 ns
[2020-09-11T18:00:38.340+0000][1][gc,start     ] GC(81) Pause Young (Allocation Failure)
[2020-09-11T18:00:38.340+0000][1][gc,task      ] GC(81) Using 1 workers of 1 for evacuation
[2020-09-11T18:00:38.362+0000][1][gc,age       ] GC(81) Desired survivor size 4358144 bytes, new threshold 6 (max threshold 6)
[2020-09-11T18:00:38.362+0000][1][gc,age       ] GC(81) Age table with threshold 6 (max threshold 6)
[2020-09-11T18:00:38.362+0000][1][gc,age       ] GC(81) - age   1:     212392 bytes,     212392 total
[2020-09-11T18:00:38.362+0000][1][gc,age       ] GC(81) - age   2:      23504 bytes,     235896 total
[2020-09-11T18:00:38.362+0000][1][gc,age       ] GC(81) - age   3:       9688 bytes,     245584 total
[2020-09-11T18:00:38.362+0000][1][gc,age       ] GC(81) - age   4:      19336 bytes,     264920 total
[2020-09-11T18:00:38.362+0000][1][gc,age       ] GC(81) - age   5:      29584 bytes,     294504 total
[2020-09-11T18:00:38.362+0000][1][gc,age       ] GC(81) - age   6:      21928 bytes,     316432 total
[2020-09-11T18:00:38.362+0000][1][gc,heap      ] GC(81) ParNew: 71873K->3672K(76672K)
[2020-09-11T18:00:38.362+0000][1][gc,heap      ] GC(81) CMS: 74888K->78387K(439104K)
[2020-09-11T18:00:38.362+0000][1][gc,metaspace ] GC(81) Metaspace: 93030K->93030K(1134592K)
[2020-09-11T18:00:38.362+0000][1][gc           ] GC(81) Pause Young (Allocation Failure) 143M->80M(503M) 21.730ms
[2020-09-11T18:00:38.362+0000][1][gc,cpu       ] GC(81) User=0.01s Sys=0.00s Real=0.03s
[2020-09-11T18:00:38.365+0000][1][safepoint    ] Safepoint "GenCollectForAllocation", Time since last: 372096205 ns, Reaching safepoint: 239742 ns, At safepoint: 24549488 ns, Total: 24789230 ns
[2020-09-11T18:00:38.469+0000][1][safepoint    ] Safepoint "RevokeBias", Time since last: 100086138 ns, Reaching safepoint: 4264724 ns, At safepoint: 31081 ns, Total: 4295805 ns
[2020-09-11T18:00:39.469+0000][1][safepoint    ] Safepoint "Cleanup", Time since last: 1000119201 ns, Reaching safepoint: 104715 ns, At safepoint: 10414 ns, Total: 115129 ns
[2020-09-11T18:00:40.469+0000][1][safepoint    ] Safepoint "Cleanup", Time since last: 1000119761 ns, Reaching safepoint: 97568 ns, At safepoint: 7586 ns, Total: 105154 ns
[2020-09-11T18:00:41.470+0000][1][safepoint    ] Safepoint "Cleanup", Time since last: 1000108785 ns, Reaching safepoint: 101300 ns, At safepoint: 11084 ns, Total: 112384 ns
[2020-09-11T18:00:42.470+0000][1][safepoint    ] Safepoint "Cleanup", Time since last: 1000116075 ns, Reaching safepoint: 89417 ns, At safepoint: 7410 ns, Total: 96827 ns
[2020-09-11T18:00:43.470+0000][1][safepoint    ] Safepoint "Cleanup", Time since last: 1000116930 ns, Reaching safepoint: 99519 ns, At safepoint: 7305 ns, Total: 106824 ns
[2020-09-11T18:00:44.470+0000][1][safepoint    ] Safepoint "Cleanup", Time since last: 1000114638 ns, Reaching safepoint: 118611 ns, At safepoint: 11655 ns, Total: 130266 ns
[2020-09-11T18:00:44.977+0000][1][safepoint    ] Safepoint "RevokeBias", Time since last: 506878833 ns, Reaching safepoint: 98559 ns, At safepoint: 22878 ns, Total: 121437 ns
[2020-09-11T18:00:45.977+0000][1][safepoint    ] Safepoint "Cleanup", Time since last: 1000110042 ns, Reaching safepoint: 97154 ns, At safepoint: 8187 ns, Total: 105341 ns
[2020-09-11T18:00:46.978+0000][1][safepoint    ] Safepoint "Cleanup", Time since last: 1000117533 ns, Reaching safepoint: 98908 ns, At safepoint: 6936 ns, Total: 105844 ns
[2020-09-11T18:00:48.441+0000][1][safepoint    ] Safepoint "RevokeBias", Time since last: 1458643241 ns, Reaching safepoint: 4842488 ns, At safepoint: 257288 ns, Total: 5099776 ns
[2020-09-11T18:00:49.442+0000][1][safepoint    ] Safepoint "Cleanup", Time since last: 1000120250 ns, Reaching safepoint: 101515 ns, At safepoint: 7406 ns, Total: 108921 ns
[2020-09-11T18:00:51.442+0000][1][safepoint    ] Safepoint "Cleanup", Time since last: 2000194049 ns, Reaching safepoint: 92600 ns, At safepoint: 6874 ns, Total: 99474 ns
[2020-09-11T18:00:52.442+0000][1][safepoint    ] Safepoint "Cleanup", Time since last: 1000113718 ns, Reaching safepoint: 101706 ns, At safepoint: 10740 ns, Total: 112446 ns
[2020-09-11T18:00:53.442+0000][1][safepoint    ] Safepoint "Cleanup", Time since last: 1000111397 ns, Reaching safepoint: 98581 ns, At safepoint: 9517 ns, Total: 108098 ns
[2020-09-11T18:00:54.443+0000][1][safepoint    ] Safepoint "Cleanup", Time since last: 1000114195 ns, Reaching safepoint: 98454 ns, At safepoint: 7778 ns, Total: 106232 ns
[2020-09-11T18:00:54.950+0000][1][safepoint    ] Safepoint "RevokeBias", Time since last: 507522301 ns, Reaching safepoint: 180842 ns, At safepoint: 23855 ns, Total: 204697 ns
[2020-09-11T18:00:55.951+0000][1][safepoint    ] Safepoint "Cleanup", Time since last: 1000113112 ns, Reaching safepoint: 103221 ns, At safepoint: 11573 ns, Total: 114794 ns
[2020-09-11T18:00:56.951+0000][1][safepoint    ] Safepoint "Cleanup", Time since last: 1000131071 ns, Reaching safepoint: 99343 ns, At safepoint: 9953 ns, Total: 109296 ns
[2020-09-11T18:00:57.951+0000][1][safepoint    ] Safepoint "Cleanup", Time since last: 1000121069 ns, Reaching safepoint: 98290 ns, At safepoint: 7800 ns, Total: 106090 ns
[2020-09-11T18:00:58.435+0000][1][safepoint    ] Safepoint "RevokeBias", Time since last: 482443783 ns, Reaching safepoint: 1740898 ns, At safepoint: 25968 ns, Total: 1766866 ns
[2020-09-11T18:00:58.551+0000][1][gc,start     ] GC(82) Pause Young (Allocation Failure)
[2020-09-11T18:00:58.552+0000][1][gc,task      ] GC(82) Using 1 workers of 1 for evacuation
[2020-09-11T18:00:58.569+0000][1][gc,age       ] GC(82) Desired survivor size 4358144 bytes, new threshold 6 (max threshold 6)
[2020-09-11T18:00:58.569+0000][1][gc,age       ] GC(82) Age table with threshold 6 (max threshold 6)
[2020-09-11T18:00:58.569+0000][1][gc,age       ] GC(82) - age   1:     536720 bytes,     536720 total
[2020-09-11T18:00:58.569+0000][1][gc,age       ] GC(82) - age   2:      35592 bytes,     572312 total
[2020-09-11T18:00:58.569+0000][1][gc,age       ] GC(82) - age   3:      21104 bytes,     593416 total
[2020-09-11T18:00:58.569+0000][1][gc,age       ] GC(82) - age   4:       9656 bytes,     603072 total
[2020-09-11T18:00:58.569+0000][1][gc,age       ] GC(82) - age   5:      19336 bytes,     622408 total
[2020-09-11T18:00:58.569+0000][1][gc,age       ] GC(82) - age   6:      29584 bytes,     651992 total
[2020-09-11T18:00:58.569+0000][1][gc,heap      ] GC(82) ParNew: 71832K->975K(76672K)
[2020-09-11T18:00:58.569+0000][1][gc,heap      ] GC(82) CMS: 78387K->78408K(439104K)
[2020-09-11T18:00:58.569+0000][1][gc,metaspace ] GC(82) Metaspace: 93133K->93133K(1134592K)
[2020-09-11T18:00:58.569+0000][1][gc           ] GC(82) Pause Young (Allocation Failure) 146M->77M(503M) 17.748ms
[2020-09-11T18:00:58.569+0000][1][gc,cpu       ] GC(82) User=0.01s Sys=0.00s Real=0.02s
[2020-09-11T18:00:58.570+0000][1][safepoint    ] Safepoint "GenCollectForAllocation", Time since last: 115479611 ns, Reaching safepoint: 713563 ns, At safepoint: 18797354 ns, Total: 19510917 ns
[2020-09-11T18:00:59.598+0000][1][safepoint    ] Safepoint "Cleanup", Time since last: 1027445751 ns, Reaching safepoint: 106590 ns, At safepoint: 10080 ns, Total: 116670 ns
[2020-09-11T18:01:00.598+0000][1][safepoint    ] Safepoint "Cleanup", Time since last: 1000111260 ns, Reaching safepoint: 90705 ns, At safepoint: 9057 ns, Total: 99762 ns
[2020-09-11T18:01:01.598+0000][1][safepoint    ] Safepoint "Cleanup", Time since last: 1000109006 ns, Reaching safepoint: 101614 ns, At safepoint: 9791 ns, Total: 111405 ns
[2020-09-11T18:01:02.598+0000][1][safepoint    ] Safepoint "Cleanup", Time since last: 1000116192 ns, Reaching safepoint: 90314 ns, At safepoint: 10371 ns, Total: 100685 ns
[2020-09-11T18:01:03.599+0000][1][safepoint    ] Safepoint "Cleanup", Time since last: 1000114391 ns, Reaching safepoint: 113436 ns, At safepoint: 9419 ns, Total: 122855 ns
[2020-09-11T18:01:04.599+0000][1][safepoint    ] Safepoint "Cleanup", Time since last: 1000102338 ns, Reaching safepoint: 96853 ns, At safepoint: 9323 ns, Total: 106176 ns
[2020-09-11T18:01:04.939+0000][1][safepoint    ] Safepoint "RevokeBias", Time since last: 339777218 ns, Reaching safepoint: 455553 ns, At safepoint: 27073 ns, Total: 482626 ns
[2020-09-11T18:01:05.939+0000][1][safepoint    ] Safepoint "Cleanup", Time since last: 1000113706 ns, Reaching safepoint: 93497 ns, At safepoint: 7035 ns, Total: 100532 ns
[2020-09-11T18:01:06.940+0000][1][safepoint    ] Safepoint "Cleanup", Time since last: 1000120913 ns, Reaching safepoint: 90586 ns, At safepoint: 8549 ns, Total: 99135 ns
[2020-09-11T18:01:07.940+0000][1][safepoint    ] Safepoint "Cleanup", Time since last: 1000117436 ns, Reaching safepoint: 119030 ns, At safepoint: 7494 ns, Total: 126524 ns
[2020-09-11T18:01:08.469+0000][1][safepoint    ] Safepoint "RevokeBias", Time since last: 527526692 ns, Reaching safepoint: 1497701 ns, At safepoint: 31477 ns, Total: 1529178 ns
[2020-09-11T18:01:09.473+0000][1][safepoint    ] Safepoint "Cleanup", Time since last: 1003590284 ns, Reaching safepoint: 372335 ns, At safepoint: 9206 ns, Total: 381541 ns
[2020-09-11T18:01:10.473+0000][1][safepoint    ] Safepoint "Cleanup", Time since last: 1000124248 ns, Reaching safepoint: 99194 ns, At safepoint: 7610 ns, Total: 106804 ns
[2020-09-11T18:01:11.473+0000][1][safepoint    ] Safepoint "Cleanup", Time since last: 1000112533 ns, Reaching safepoint: 90768 ns, At safepoint: 10284 ns, Total: 101052 ns
[2020-09-11T18:01:12.474+0000][1][safepoint    ] Safepoint "Cleanup", Time since last: 1000115103 ns, Reaching safepoint: 88749 ns, At safepoint: 7027 ns, Total: 95776 ns
[2020-09-11T18:01:13.474+0000][1][safepoint    ] Safepoint "Cleanup", Time since last: 1000111113 ns, Reaching safepoint: 92319 ns, At safepoint: 9756 ns, Total: 102075 ns
[2020-09-11T18:01:14.474+0000][1][safepoint    ] Safepoint "Cleanup", Time since last: 1000110577 ns, Reaching safepoint: 112977 ns, At safepoint: 8709 ns, Total: 121686 ns
[2020-09-11T18:01:14.949+0000][1][safepoint    ] Safepoint "BulkRevokeBias", Time since last: 474512293 ns, Reaching safepoint: 387588 ns, At safepoint: 372070 ns, Total: 759658 ns
[2020-09-11T18:01:15.949+0000][1][safepoint    ] Safepoint "Cleanup", Time since last: 1000124760 ns, Reaching safepoint: 91804 ns, At safepoint: 10389 ns, Total: 102193 ns
[2020-09-11T18:01:16.950+0000][1][safepoint    ] Safepoint "Cleanup", Time since last: 1000108294 ns, Reaching safepoint: 93762 ns, At safepoint: 7615 ns, Total: 101377 ns
[2020-09-11T18:01:17.950+0000][1][safepoint    ] Safepoint "Cleanup", Time since last: 1000112300 ns, Reaching safepoint: 88878 ns, At safepoint: 6528 ns, Total: 95406 ns
[2020-09-11T18:01:18.457+0000][1][safepoint    ] Safepoint "RevokeBias", Time since last: 506903243 ns, Reaching safepoint: 173880 ns, At safepoint: 21015 ns, Total: 194895 ns
[2020-09-11T18:01:19.457+0000][1][safepoint    ] Safepoint "Cleanup", Time since last: 1000108050 ns, Reaching safepoint: 105901 ns, At safepoint: 7298 ns, Total: 113199 ns
[2020-09-11T18:01:20.457+0000][1][safepoint    ] Safepoint "Cleanup", Time since last: 1000112875 ns, Reaching safepoint: 88040 ns, At safepoint: 9920 ns, Total: 97960 ns
[2020-09-11T18:01:20.656+0000][1][gc,start     ] GC(83) Pause Young (Allocation Failure)
[2020-09-11T18:01:20.656+0000][1][gc,task      ] GC(83) Using 1 workers of 1 for evacuation
[2020-09-11T18:01:20.674+0000][1][gc,age       ] GC(83) Desired survivor size 4358144 bytes, new threshold 6 (max threshold 6)
[2020-09-11T18:01:20.674+0000][1][gc,age       ] GC(83) Age table with threshold 6 (max threshold 6)
[2020-09-11T18:01:20.674+0000][1][gc,age       ] GC(83) - age   1:      68776 bytes,      68776 total
[2020-09-11T18:01:20.674+0000][1][gc,age       ] GC(83) - age   2:      11368 bytes,      80144 total
[2020-09-11T18:01:20.674+0000][1][gc,age       ] GC(83) - age   3:      32552 bytes,     112696 total
[2020-09-11T18:01:20.674+0000][1][gc,age       ] GC(83) - age   4:      20880 bytes,     133576 total
[2020-09-11T18:01:20.674+0000][1][gc,age       ] GC(83) - age   5:       9656 bytes,     143232 total
[2020-09-11T18:01:20.674+0000][1][gc,age       ] GC(83) - age   6:      19336 bytes,     162568 total
[2020-09-11T18:01:20.674+0000][1][gc,heap      ] GC(83) ParNew: 69135K->721K(76672K)
[2020-09-11T18:01:20.674+0000][1][gc,heap      ] GC(83) CMS: 78408K->78437K(439104K)
[2020-09-11T18:01:20.674+0000][1][gc,metaspace ] GC(83) Metaspace: 93212K->93212K(1134592K)
[2020-09-11T18:01:20.674+0000][1][gc           ] GC(83) Pause Young (Allocation Failure) 144M->77M(503M) 17.933ms
[2020-09-11T18:01:20.674+0000][1][gc,cpu       ] GC(83) User=0.01s Sys=0.00s Real=0.02s
[2020-09-11T18:01:20.675+0000][1][safepoint    ] Safepoint "GenCollectForAllocation", Time since last: 198268589 ns, Reaching safepoint: 159555 ns, At safepoint: 18741537 ns, Total: 18901092 ns
[2020-09-11T18:01:21.691+0000][1][safepoint    ] Safepoint "Cleanup", Time since last: 1016715292 ns, Reaching safepoint: 88725 ns, At safepoint: 22126 ns, Total: 110851 ns
[2020-09-11T18:01:22.692+0000][1][safepoint    ] Safepoint "Cleanup", Time since last: 1000127483 ns, Reaching safepoint: 88127 ns, At safepoint: 9296 ns, Total: 97423 ns
[2020-09-11T18:01:23.692+0000][1][safepoint    ] Safepoint "Cleanup", Time since last: 1000123187 ns, Reaching safepoint: 88666 ns, At safepoint: 7304 ns, Total: 95970 ns
[2020-09-11T18:01:24.692+0000][1][safepoint    ] Safepoint "Cleanup", Time since last: 1000112184 ns, Reaching safepoint: 85555 ns, At safepoint: 6513 ns, Total: 92068 ns
[2020-09-11T18:01:24.941+0000][1][safepoint    ] Safepoint "RevokeBias", Time since last: 249102638 ns, Reaching safepoint: 95274 ns, At safepoint: 21358 ns, Total: 116632 ns
[2020-09-11T18:01:25.942+0000][1][safepoint    ] Safepoint "Cleanup", Time since last: 1000113880 ns, Reaching safepoint: 99162 ns, At safepoint: 9182 ns, Total: 108344 ns
[2020-09-11T18:01:26.942+0000][1][safepoint    ] Safepoint "Cleanup", Time since last: 1000114206 ns, Reaching safepoint: 99449 ns, At safepoint: 10295 ns, Total: 109744 ns
[2020-09-11T18:01:27.942+0000][1][safepoint    ] Safepoint "Cleanup", Time since last: 1000118695 ns, Reaching safepoint: 97996 ns, At safepoint: 10111 ns, Total: 108107 ns
[2020-09-11T18:01:28.478+0000][1][safepoint    ] Safepoint "RevokeBias", Time since last: 535533750 ns, Reaching safepoint: 104375 ns, At safepoint: 23714 ns, Total: 128089 ns
[2020-09-11T18:01:29.478+0000][1][safepoint    ] Safepoint "Cleanup", Time since last: 1000113819 ns, Reaching safepoint: 111647 ns, At safepoint: 7573 ns, Total: 119220 ns
[2020-09-11T18:01:32.478+0000][1][safepoint    ] Safepoint "Cleanup", Time since last: 3000275531 ns, Reaching safepoint: 100072 ns, At safepoint: 10383 ns, Total: 110455 ns
[2020-09-11T18:01:34.962+0000][1][safepoint    ] Safepoint "RevokeBias", Time since last: 2483723553 ns, Reaching safepoint: 110457 ns, At safepoint: 25351 ns, Total: 135808 ns
[2020-09-11T18:01:37.962+0000][1][safepoint    ] Safepoint "Cleanup", Time since last: 3000258917 ns, Reaching safepoint: 91753 ns, At safepoint: 9921 ns, Total: 101674 ns
[2020-09-11T18:01:38.421+0000][1][safepoint    ] Safepoint "RevokeBias", Time since last: 456249581 ns, Reaching safepoint: 2197969 ns, At safepoint: 258257 ns, Total: 2456226 ns
[2020-09-11T18:01:39.421+0000][1][safepoint    ] Safepoint "Cleanup", Time since last: 1000112364 ns, Reaching safepoint: 103384 ns, At safepoint: 8926 ns, Total: 112310 ns
[2020-09-11T18:01:41.422+0000][1][safepoint    ] Safepoint "Cleanup", Time since last: 2000186788 ns, Reaching safepoint: 92206 ns, At safepoint: 9818 ns, Total: 102024 ns
[2020-09-11T18:01:43.422+0000][1][safepoint    ] Safepoint "Cleanup", Time since last: 2000196551 ns, Reaching safepoint: 94315 ns, At safepoint: 8619 ns, Total: 102934 ns
[2020-09-11T18:01:44.422+0000][1][safepoint    ] Safepoint "Cleanup", Time since last: 1000112590 ns, Reaching safepoint: 93577 ns, At safepoint: 9112 ns, Total: 102689 ns
[2020-09-11T18:01:44.996+0000][1][safepoint    ] Safepoint "RevokeBias", Time since last: 573947365 ns, Reaching safepoint: 173928 ns, At safepoint: 23795 ns, Total: 197723 ns
[2020-09-11T18:01:45.742+0000][1][gc,start     ] GC(84) Pause Young (Allocation Failure)
[2020-09-11T18:01:45.742+0000][1][gc,task      ] GC(84) Using 1 workers of 1 for evacuation
[2020-09-11T18:01:45.751+0000][1][gc,age       ] GC(84) Desired survivor size 4358144 bytes, new threshold 6 (max threshold 6)
[2020-09-11T18:01:45.751+0000][1][gc,age       ] GC(84) Age table with threshold 6 (max threshold 6)
[2020-09-11T18:01:45.751+0000][1][gc,age       ] GC(84) - age   1:      55632 bytes,      55632 total
[2020-09-11T18:01:45.751+0000][1][gc,age       ] GC(84) - age   2:      23944 bytes,      79576 total
[2020-09-11T18:01:45.751+0000][1][gc,age       ] GC(84) - age   3:       6008 bytes,      85584 total
[2020-09-11T18:01:45.751+0000][1][gc,age       ] GC(84) - age   4:      32552 bytes,     118136 total
[2020-09-11T18:01:45.751+0000][1][gc,age       ] GC(84) - age   5:      20880 bytes,     139016 total
[2020-09-11T18:01:45.751+0000][1][gc,age       ] GC(84) - age   6:       9656 bytes,     148672 total
[2020-09-11T18:01:45.751+0000][1][gc,heap      ] GC(84) ParNew: 68881K->220K(76672K)
[2020-09-11T18:01:45.751+0000][1][gc,heap      ] GC(84) CMS: 78437K->78456K(439104K)
[2020-09-11T18:01:45.751+0000][1][gc,metaspace ] GC(84) Metaspace: 93297K->93297K(1134592K)
[2020-09-11T18:01:45.751+0000][1][gc           ] GC(84) Pause Young (Allocation Failure) 143M->76M(503M) 9.670ms
[2020-09-11T18:01:45.751+0000][1][gc,cpu       ] GC(84) User=0.00s Sys=0.00s Real=0.00s
[2020-09-11T18:01:45.752+0000][1][safepoint    ] Safepoint "GenCollectForAllocation", Time since last: 745296042 ns, Reaching safepoint: 157629 ns, At safepoint: 9743461 ns, Total: 9901090 ns
[2020-09-11T18:01:46.758+0000][1][safepoint    ] Safepoint "Cleanup", Time since last: 1006184924 ns, Reaching safepoint: 84639 ns, At safepoint: 17476 ns, Total: 102115 ns
[2020-09-11T18:01:48.429+0000][1][safepoint    ] Safepoint "RevokeBias", Time since last: 1670341700 ns, Reaching safepoint: 231047 ns, At safepoint: 275537 ns, Total: 506584 ns
[2020-09-11T18:01:53.429+0000][1][safepoint    ] Safepoint "Cleanup", Time since last: 5000389337 ns, Reaching safepoint: 97727 ns, At safepoint: 10339 ns, Total: 108066 ns
[2020-09-11T18:01:54.429+0000][1][safepoint    ] Safepoint "Cleanup", Time since last: 1000112551 ns, Reaching safepoint: 97537 ns, At safepoint: 9919 ns, Total: 107456 ns
[2020-09-11T18:01:54.986+0000][1][safepoint    ] Safepoint "RevokeBias", Time since last: 556610162 ns, Reaching safepoint: 93718 ns, At safepoint: 20737 ns, Total: 114455 ns
[2020-09-11T18:01:55.986+0000][1][safepoint    ] Safepoint "Cleanup", Time since last: 1000098416 ns, Reaching safepoint: 98720 ns, At safepoint: 7765 ns, Total: 106485 ns
[2020-09-11T18:01:56.987+0000][1][safepoint    ] Safepoint "Cleanup", Time since last: 1000094647 ns, Reaching safepoint: 93762 ns, At safepoint: 9965 ns, Total: 103727 ns
[2020-09-11T18:01:57.989+0000][1][safepoint    ] Safepoint "Cleanup", Time since last: 1002250367 ns, Reaching safepoint: 93756 ns, At safepoint: 10343 ns, Total: 104099 ns
[2020-09-11T18:01:58.452+0000][1][safepoint    ] Safepoint "RevokeBias", Time since last: 463008791 ns, Reaching safepoint: 240398 ns, At safepoint: 276517 ns, Total: 516915 ns
[2020-09-11T18:01:59.453+0000][1][safepoint    ] Safepoint "Cleanup", Time since last: 1000113681 ns, Reaching safepoint: 98673 ns, At safepoint: 10270 ns, Total: 108943 ns
[2020-09-11T18:02:04.946+0000][1][safepoint    ] Safepoint "RevokeBias", Time since last: 5492869077 ns, Reaching safepoint: 111078 ns, At safepoint: 23449 ns, Total: 134527 ns
[2020-09-11T18:02:06.946+0000][1][safepoint    ] Safepoint "Cleanup", Time since last: 2000174745 ns, Reaching safepoint: 94682 ns, At safepoint: 8675 ns, Total: 103357 ns
[2020-09-11T18:02:08.489+0000][1][gc,start     ] GC(85) Pause Young (Allocation Failure)
[2020-09-11T18:02:08.489+0000][1][gc,task      ] GC(85) Using 1 workers of 1 for evacuation
[2020-09-11T18:02:08.496+0000][1][gc,age       ] GC(85) Desired survivor size 4358144 bytes, new threshold 6 (max threshold 6)
[2020-09-11T18:02:08.496+0000][1][gc,age       ] GC(85) Age table with threshold 6 (max threshold 6)
[2020-09-11T18:02:08.496+0000][1][gc,age       ] GC(85) - age   1:     283856 bytes,     283856 total
[2020-09-11T18:02:08.496+0000][1][gc,age       ] GC(85) - age   2:       7504 bytes,     291360 total
[2020-09-11T18:02:08.496+0000][1][gc,age       ] GC(85) - age   3:       6400 bytes,     297760 total
[2020-09-11T18:02:08.496+0000][1][gc,age       ] GC(85) - age   4:       5912 bytes,     303672 total
[2020-09-11T18:02:08.496+0000][1][gc,age       ] GC(85) - age   5:      32240 bytes,     335912 total
[2020-09-11T18:02:08.496+0000][1][gc,age       ] GC(85) - age   6:      20880 bytes,     356792 total
[2020-09-11T18:02:08.496+0000][1][gc,heap      ] GC(85) ParNew: 68380K->491K(76672K)
[2020-09-11T18:02:08.496+0000][1][gc,heap      ] GC(85) CMS: 78456K->78466K(439104K)
[2020-09-11T18:02:08.496+0000][1][gc,metaspace ] GC(85) Metaspace: 93399K->93399K(1134592K)
[2020-09-11T18:02:08.496+0000][1][gc           ] GC(85) Pause Young (Allocation Failure) 143M->77M(503M) 7.036ms
[2020-09-11T18:02:08.496+0000][1][gc,cpu       ] GC(85) User=0.00s Sys=0.00s Real=0.01s
[2020-09-11T18:02:08.501+0000][1][safepoint    ] Safepoint "GenCollectForAllocation", Time since last: 1536149771 ns, Reaching safepoint: 6806803 ns, At safepoint: 11916745 ns, Total: 18723548 ns
[2020-09-11T18:02:08.537+0000][1][safepoint    ] Safepoint "RevokeBias", Time since last: 34336844 ns, Reaching safepoint: 1796937 ns, At safepoint: 29110 ns, Total: 1826047 ns
[2020-09-11T18:02:09.537+0000][1][safepoint    ] Safepoint "Cleanup", Time since last: 1000107410 ns, Reaching safepoint: 97004 ns, At safepoint: 8570 ns, Total: 105574 ns
[2020-09-11T18:02:12.538+0000][1][safepoint    ] Safepoint "Cleanup", Time since last: 3000914840 ns, Reaching safepoint: 96434 ns, At safepoint: 9706 ns, Total: 106140 ns
[2020-09-11T18:02:13.538+0000][1][safepoint    ] Safepoint "Cleanup", Time since last: 1000114967 ns, Reaching safepoint: 95339 ns, At safepoint: 9447 ns, Total: 104786 ns
[2020-09-11T18:02:14.974+0000][1][safepoint    ] Safepoint "RevokeBias", Time since last: 1435677847 ns, Reaching safepoint: 182966 ns, At safepoint: 32410 ns, Total: 215376 ns
[2020-09-11T18:02:15.975+0000][1][safepoint    ] Safepoint "Cleanup", Time since last: 1000136274 ns, Reaching safepoint: 94404 ns, At safepoint: 10004 ns, Total: 104408 ns
[2020-09-11T18:02:16.975+0000][1][safepoint    ] Safepoint "Cleanup", Time since last: 1000116530 ns, Reaching safepoint: 96680 ns, At safepoint: 10113 ns, Total: 106793 ns
[2020-09-11T18:02:18.423+0000][1][safepoint    ] Safepoint "RevokeBias", Time since last: 1447974578 ns, Reaching safepoint: 231408 ns, At safepoint: 259070 ns, Total: 490478 ns
[2020-09-11T18:02:19.423+0000][1][safepoint    ] Safepoint "Cleanup", Time since last: 1000117963 ns, Reaching safepoint: 100340 ns, At safepoint: 10508 ns, Total: 110848 ns
[2020-09-11T18:02:21.424+0000][1][safepoint    ] Safepoint "Cleanup", Time since last: 2000181491 ns, Reaching safepoint: 98948 ns, At safepoint: 8949 ns, Total: 107897 ns
[2020-09-11T18:02:23.424+0000][1][safepoint    ] Safepoint "Cleanup", Time since last: 2000190392 ns, Reaching safepoint: 94193 ns, At safepoint: 8392 ns, Total: 102585 ns
[2020-09-11T18:02:24.938+0000][1][safepoint    ] Safepoint "RevokeBias", Time since last: 1513900977 ns, Reaching safepoint: 181774 ns, At safepoint: 27842 ns, Total: 209616 ns
[2020-09-11T18:02:25.938+0000][1][safepoint    ] Safepoint "Cleanup", Time since last: 1000114363 ns, Reaching safepoint: 97421 ns, At safepoint: 9929 ns, Total: 107350 ns
[2020-09-11T18:02:26.939+0000][1][safepoint    ] Safepoint "Cleanup", Time since last: 1000116977 ns, Reaching safepoint: 94913 ns, At safepoint: 9057 ns, Total: 103970 ns
[2020-09-11T18:02:27.939+0000][1][safepoint    ] Safepoint "Cleanup", Time since last: 1000116615 ns, Reaching safepoint: 94040 ns, At safepoint: 7276 ns, Total: 101316 ns
[2020-09-11T18:02:28.527+0000][1][safepoint    ] Safepoint "RevokeBias", Time since last: 587615949 ns, Reaching safepoint: 93043 ns, At safepoint: 22226 ns, Total: 115269 ns
[2020-09-11T18:02:28.747+0000][1][gc,start     ] GC(86) Pause Young (Allocation Failure)
[2020-09-11T18:02:28.747+0000][1][gc,task      ] GC(86) Using 1 workers of 1 for evacuation
[2020-09-11T18:02:28.760+0000][1][gc,age       ] GC(86) Desired survivor size 4358144 bytes, new threshold 6 (max threshold 6)
[2020-09-11T18:02:28.760+0000][1][gc,age       ] GC(86) Age table with threshold 6 (max threshold 6)
[2020-09-11T18:02:28.760+0000][1][gc,age       ] GC(86) - age   1:     570480 bytes,     570480 total
[2020-09-11T18:02:28.761+0000][1][gc,age       ] GC(86) - age   2:      23160 bytes,     593640 total
[2020-09-11T18:02:28.761+0000][1][gc,age       ] GC(86) - age   3:       5000 bytes,     598640 total
[2020-09-11T18:02:28.761+0000][1][gc,age       ] GC(86) - age   4:       6368 bytes,     605008 total
[2020-09-11T18:02:28.761+0000][1][gc,age       ] GC(86) - age   5:       5912 bytes,     610920 total
[2020-09-11T18:02:28.761+0000][1][gc,age       ] GC(86) - age   6:      32240 bytes,     643160 total
[2020-09-11T18:02:28.761+0000][1][gc,heap      ] GC(86) ParNew: 68651K->906K(76672K)
[2020-09-11T18:02:28.761+0000][1][gc,heap      ] GC(86) CMS: 78466K->78486K(439104K)
[2020-09-11T18:02:28.761+0000][1][gc,metaspace ] GC(86) Metaspace: 93467K->93467K(1134592K)
[2020-09-11T18:02:28.761+0000][1][gc           ] GC(86) Pause Young (Allocation Failure) 143M->77M(503M) 13.868ms
[2020-09-11T18:02:28.761+0000][1][gc,cpu       ] GC(86) User=0.00s Sys=0.00s Real=0.01s
[2020-09-11T18:02:28.781+0000][1][safepoint    ] Safepoint "GenCollectForAllocation", Time since last: 220033107 ns, Reaching safepoint: 172532 ns, At safepoint: 34635241 ns, Total: 34807773 ns
[2020-09-11T18:02:29.801+0000][1][safepoint    ] Safepoint "Cleanup", Time since last: 1019476831 ns, Reaching safepoint: 110356 ns, At safepoint: 9882 ns, Total: 120238 ns
[2020-09-11T18:02:30.033+0000][1][safepoint    ] Safepoint "RevokeBias", Time since last: 231897391 ns, Reaching safepoint: 182510 ns, At safepoint: 26587 ns, Total: 209097 ns
[2020-09-11T18:02:31.033+0000][1][safepoint    ] Safepoint "Cleanup", Time since last: 1000108143 ns, Reaching safepoint: 109374 ns, At safepoint: 9020 ns, Total: 118394 ns
[2020-09-11T18:02:32.034+0000][1][safepoint    ] Safepoint "Cleanup", Time since last: 1000112740 ns, Reaching safepoint: 98246 ns, At safepoint: 9961 ns, Total: 108207 ns
[2020-09-11T18:02:34.034+0000][1][safepoint    ] Safepoint "Cleanup", Time since last: 2000179478 ns, Reaching safepoint: 227330 ns, At safepoint: 7770 ns, Total: 235100 ns
[2020-09-11T18:02:34.061+0000][1][safepoint    ] Safepoint "RevokeBias", Time since last: 23549536 ns, Reaching safepoint: 3388868 ns, At safepoint: 28429 ns, Total: 3417297 ns
[2020-09-11T18:02:34.061+0000][1][safepoint    ] Safepoint "RevokeBias", Time since last: 107744 ns, Reaching safepoint: 146748 ns, At safepoint: 17059 ns, Total: 163807 ns
[2020-09-11T18:02:34.061+0000][1][safepoint    ] Safepoint "RevokeBias", Time since last: 53462 ns, Reaching safepoint: 128115 ns, At safepoint: 13801 ns, Total: 141916 ns
[2020-09-11T18:02:34.062+0000][1][safepoint    ] Safepoint "RevokeBias", Time since last: 41235 ns, Reaching safepoint: 122766 ns, At safepoint: 13236 ns, Total: 136002 ns
[2020-09-11T18:02:34.062+0000][1][safepoint    ] Safepoint "RevokeBias", Time since last: 740859 ns, Reaching safepoint: 123922 ns, At safepoint: 14160 ns, Total: 138082 ns
[2020-09-11T18:02:34.063+0000][1][safepoint    ] Safepoint "RevokeBias", Time since last: 575019 ns, Reaching safepoint: 124566 ns, At safepoint: 13676 ns, Total: 138242 ns
[2020-09-11T18:02:34.121+0000][1][safepoint    ] Safepoint "RevokeBias", Time since last: 57123240 ns, Reaching safepoint: 586605 ns, At safepoint: 22669 ns, Total: 609274 ns
[2020-09-11T18:02:34.148+0000][1][safepoint    ] Safepoint "RevokeBias", Time since last: 23927251 ns, Reaching safepoint: 3671267 ns, At safepoint: 29155 ns, Total: 3700422 ns
[2020-09-11T18:02:34.149+0000][1][safepoint    ] Safepoint "RevokeBias", Time since last: 273366 ns, Reaching safepoint: 169386 ns, At safepoint: 20306 ns, Total: 189692 ns
[2020-09-11T18:02:34.162+0000][1][safepoint    ] Safepoint "RevokeBias", Time since last: 12560127 ns, Reaching safepoint: 100634 ns, At safepoint: 25735 ns, Total: 126369 ns
[2020-09-11T18:02:34.162+0000][1][safepoint    ] Safepoint "RevokeBias", Time since last: 222067 ns, Reaching safepoint: 94008 ns, At safepoint: 18025 ns, Total: 112033 ns
[2020-09-11T18:02:34.844+0000][1][safepoint    ] Safepoint "RevokeBias", Time since last: 681831506 ns, Reaching safepoint: 81641 ns, At safepoint: 22523 ns, Total: 104164 ns
[2020-09-11T18:02:34.849+0000][1][safepoint    ] Safepoint "RevokeBias", Time since last: 2544845 ns, Reaching safepoint: 2382196 ns, At safepoint: 25410 ns, Total: 2407606 ns
[2020-09-11T18:02:34.850+0000][1][safepoint    ] Safepoint "RevokeBias", Time since last: 918248 ns, Reaching safepoint: 138816 ns, At safepoint: 16422 ns, Total: 155238 ns
[2020-09-11T18:02:34.873+0000][1][safepoint    ] Safepoint "RevokeBias", Time since last: 18836939 ns, Reaching safepoint: 4075097 ns, At safepoint: 29796 ns, Total: 4104893 ns
[2020-09-11T18:02:34.937+0000][1][safepoint    ] Safepoint "RevokeBias", Time since last: 63823705 ns, Reaching safepoint: 126549 ns, At safepoint: 21937 ns, Total: 148486 ns
[2020-09-11T18:02:35.937+0000][1][safepoint    ] Safepoint "Cleanup", Time since last: 1000112178 ns, Reaching safepoint: 95162 ns, At safepoint: 10531 ns, Total: 105693 ns
[2020-09-11T18:02:36.937+0000][1][safepoint    ] Safepoint "Cleanup", Time since last: 1000116723 ns, Reaching safepoint: 94652 ns, At safepoint: 7967 ns, Total: 102619 ns
[2020-09-11T18:02:37.938+0000][1][safepoint    ] Safepoint "Cleanup", Time since last: 1000113948 ns, Reaching safepoint: 86713 ns, At safepoint: 6828 ns, Total: 93541 ns
[2020-09-11T18:02:38.460+0000][1][safepoint    ] Safepoint "RevokeBias", Time since last: 522114253 ns, Reaching safepoint: 231595 ns, At safepoint: 260848 ns, Total: 492443 ns
[2020-09-11T18:02:39.460+0000][1][safepoint    ] Safepoint "Cleanup", Time since last: 1000117244 ns, Reaching safepoint: 97547 ns, At safepoint: 8757 ns, Total: 106304 ns
[2020-09-11T18:02:40.461+0000][1][safepoint    ] Safepoint "Cleanup", Time since last: 1000122694 ns, Reaching safepoint: 90388 ns, At safepoint: 9847 ns, Total: 100235 ns
[2020-09-11T18:02:41.461+0000][1][safepoint    ] Safepoint "Cleanup", Time since last: 1000117674 ns, Reaching safepoint: 110909 ns, At safepoint: 10515 ns, Total: 121424 ns
[2020-09-11T18:02:42.461+0000][1][safepoint    ] Safepoint "Cleanup", Time since last: 1000111875 ns, Reaching safepoint: 87592 ns, At safepoint: 9725 ns, Total: 97317 ns
[2020-09-11T18:02:43.461+0000][1][safepoint    ] Safepoint "Cleanup", Time since last: 1000112272 ns, Reaching safepoint: 89909 ns, At safepoint: 9836 ns, Total: 99745 ns
[2020-09-11T18:02:44.461+0000][1][safepoint    ] Safepoint "Cleanup", Time since last: 1000110172 ns, Reaching safepoint: 92362 ns, At safepoint: 9890 ns, Total: 102252 ns
[2020-09-11T18:02:44.891+0000][1][safepoint    ] Safepoint "RevokeBias", Time since last: 429286564 ns, Reaching safepoint: 80493 ns, At safepoint: 21116 ns, Total: 101609 ns
[2020-09-11T18:02:44.891+0000][1][safepoint    ] Safepoint "RevokeBias", Time since last: 64309 ns, Reaching safepoint: 53466 ns, At safepoint: 12908 ns, Total: 66374 ns
[2020-09-11T18:02:44.891+0000][1][safepoint    ] Safepoint "RevokeBias", Time since last: 212235 ns, Reaching safepoint: 52911 ns, At safepoint: 13096 ns, Total: 66007 ns
[2020-09-11T18:02:44.891+0000][1][safepoint    ] Safepoint "RevokeBias", Time since last: 36813 ns, Reaching safepoint: 40340 ns, At safepoint: 11967 ns, Total: 52307 ns
[2020-09-11T18:02:44.891+0000][1][safepoint    ] Safepoint "RevokeBias", Time since last: 31435 ns, Reaching safepoint: 38451 ns, At safepoint: 10563 ns, Total: 49014 ns
[2020-09-11T18:02:44.891+0000][1][safepoint    ] Safepoint "RevokeBias", Time since last: 39165 ns, Reaching safepoint: 38945 ns, At safepoint: 10662 ns, Total: 49607 ns
[2020-09-11T18:02:44.892+0000][1][safepoint    ] Safepoint "RevokeBias", Time since last: 30758 ns, Reaching safepoint: 37105 ns, At safepoint: 10075 ns, Total: 47180 ns
[2020-09-11T18:02:44.892+0000][1][safepoint    ] Safepoint "RevokeBias", Time since last: 29672 ns, Reaching safepoint: 35420 ns, At safepoint: 9570 ns, Total: 44990 ns
[2020-09-11T18:02:44.970+0000][1][safepoint    ] Safepoint "RevokeBias", Time since last: 78605920 ns, Reaching safepoint: 100817 ns, At safepoint: 22329 ns, Total: 123146 ns
[2020-09-11T18:02:45.971+0000][1][safepoint    ] Safepoint "Cleanup", Time since last: 1000107491 ns, Reaching safepoint: 91766 ns, At safepoint: 9864 ns, Total: 101630 ns
[2020-09-11T18:02:46.971+0000][1][safepoint    ] Safepoint "Cleanup", Time since last: 1000114011 ns, Reaching safepoint: 120962 ns, At safepoint: 12354 ns, Total: 133316 ns
[2020-09-11T18:02:47.971+0000][1][safepoint    ] Safepoint "Cleanup", Time since last: 1000118437 ns, Reaching safepoint: 84556 ns, At safepoint: 6894 ns, Total: 91450 ns
[2020-09-11T18:02:48.417+0000][1][safepoint    ] Safepoint "RevokeBias", Time since last: 443348655 ns, Reaching safepoint: 2484530 ns, At safepoint: 28218 ns, Total: 2512748 ns
[2020-09-11T18:02:48.541+0000][1][gc,start     ] GC(87) Pause Young (Allocation Failure)
[2020-09-11T18:02:48.541+0000][1][gc,task      ] GC(87) Using 1 workers of 1 for evacuation
[2020-09-11T18:02:48.563+0000][1][gc,age       ] GC(87) Desired survivor size 4358144 bytes, new threshold 6 (max threshold 6)
[2020-09-11T18:02:48.563+0000][1][gc,age       ] GC(87) Age table with threshold 6 (max threshold 6)
[2020-09-11T18:02:48.563+0000][1][gc,age       ] GC(87) - age   1:     683800 bytes,     683800 total
[2020-09-11T18:02:48.563+0000][1][gc,age       ] GC(87) - age   2:       8976 bytes,     692776 total
[2020-09-11T18:02:48.563+0000][1][gc,age       ] GC(87) - age   3:      17712 bytes,     710488 total
[2020-09-11T18:02:48.563+0000][1][gc,age       ] GC(87) - age   4:       4968 bytes,     715456 total
[2020-09-11T18:02:48.563+0000][1][gc,age       ] GC(87) - age   5:       6368 bytes,     721824 total
[2020-09-11T18:02:48.563+0000][1][gc,age       ] GC(87) - age   6:       5912 bytes,     727736 total
[2020-09-11T18:02:48.563+0000][1][gc,heap      ] GC(87) ParNew: 69066K->1093K(76672K)
[2020-09-11T18:02:48.563+0000][1][gc,heap      ] GC(87) CMS: 78486K->78518K(439104K)
[2020-09-11T18:02:48.563+0000][1][gc,metaspace ] GC(87) Metaspace: 93641K->93641K(1134592K)
[2020-09-11T18:02:48.564+0000][1][gc           ] GC(87) Pause Young (Allocation Failure) 144M->77M(503M) 22.367ms
[2020-09-11T18:02:48.564+0000][1][gc,cpu       ] GC(87) User=0.01s Sys=0.00s Real=0.02s
[2020-09-11T18:02:48.581+0000][1][safepoint    ] Safepoint "GenCollectForAllocation", Time since last: 123952967 ns, Reaching safepoint: 295821 ns, At safepoint: 39641289 ns, Total: 39937110 ns
[2020-09-11T18:02:49.590+0000][1][safepoint    ] Safepoint "Cleanup", Time since last: 1009438694 ns, Reaching safepoint: 111914 ns, At safepoint: 9713 ns, Total: 121627 ns
[2020-09-11T18:02:50.591+0000][1][safepoint    ] Safepoint "Cleanup", Time since last: 1000109506 ns, Reaching safepoint: 105814 ns, At safepoint: 7355 ns, Total: 113169 ns
[2020-09-11T18:02:51.591+0000][1][safepoint    ] Safepoint "Cleanup", Time since last: 1000109228 ns, Reaching safepoint: 85421 ns, At safepoint: 7931 ns, Total: 93352 ns
[2020-09-11T18:02:52.591+0000][1][safepoint    ] Safepoint "Cleanup", Time since last: 1000110826 ns, Reaching safepoint: 85336 ns, At safepoint: 8712 ns, Total: 94048 ns
[2020-09-11T18:02:53.591+0000][1][safepoint    ] Safepoint "Cleanup", Time since last: 1000112970 ns, Reaching safepoint: 89772 ns, At safepoint: 10033 ns, Total: 99805 ns
[2020-09-11T18:02:54.591+0000][1][safepoint    ] Safepoint "Cleanup", Time since last: 1000114473 ns, Reaching safepoint: 83866 ns, At safepoint: 9171 ns, Total: 93037 ns
[2020-09-11T18:02:54.962+0000][1][safepoint    ] Safepoint "RevokeBias", Time since last: 370301779 ns, Reaching safepoint: 160401 ns, At safepoint: 22875 ns, Total: 183276 ns
[2020-09-11T18:02:55.962+0000][1][safepoint    ] Safepoint "Cleanup", Time since last: 1000110276 ns, Reaching safepoint: 93041 ns, At safepoint: 10705 ns, Total: 103746 ns
[2020-09-11T18:02:56.962+0000][1][safepoint    ] Safepoint "Cleanup", Time since last: 1000110731 ns, Reaching safepoint: 84227 ns, At safepoint: 8393 ns, Total: 92620 ns
[2020-09-11T18:02:57.963+0000][1][safepoint    ] Safepoint "Cleanup", Time since last: 1000117696 ns, Reaching safepoint: 90189 ns, At safepoint: 9708 ns, Total: 99897 ns
[2020-09-11T18:02:58.424+0000][1][safepoint    ] Safepoint "RevokeBias", Time since last: 461184144 ns, Reaching safepoint: 90318 ns, At safepoint: 19935 ns, Total: 110253 ns
[2020-09-11T18:02:59.424+0000][1][safepoint    ] Safepoint "Cleanup", Time since last: 1000111338 ns, Reaching safepoint: 94997 ns, At safepoint: 9141 ns, Total: 104138 ns
[2020-09-11T18:03:00.424+0000][1][safepoint    ] Safepoint "Cleanup", Time since last: 1000107475 ns, Reaching safepoint: 84323 ns, At safepoint: 10538 ns, Total: 94861 ns
[2020-09-11T18:03:01.424+0000][1][safepoint    ] Safepoint "Cleanup", Time since last: 1000116100 ns, Reaching safepoint: 84562 ns, At safepoint: 9538 ns, Total: 94100 ns
[2020-09-11T18:03:02.425+0000][1][safepoint    ] Safepoint "Cleanup", Time since last: 1000121839 ns, Reaching safepoint: 90488 ns, At safepoint: 10559 ns, Total: 101047 ns
[2020-09-11T18:03:03.425+0000][1][safepoint    ] Safepoint "Cleanup", Time since last: 1000125938 ns, Reaching safepoint: 83414 ns, At safepoint: 9653 ns, Total: 93067 ns
[2020-09-11T18:03:04.425+0000][1][safepoint    ] Safepoint "Cleanup", Time since last: 1000113223 ns, Reaching safepoint: 89150 ns, At safepoint: 9866 ns, Total: 99016 ns
[2020-09-11T18:03:04.940+0000][1][safepoint    ] Safepoint "RevokeBias", Time since last: 514800440 ns, Reaching safepoint: 90536 ns, At safepoint: 22579 ns, Total: 113115 ns
[2020-09-11T18:03:05.940+0000][1][safepoint    ] Safepoint "Cleanup", Time since last: 1000109250 ns, Reaching safepoint: 113498 ns, At safepoint: 10726 ns, Total: 124224 ns
[2020-09-11T18:03:06.940+0000][1][safepoint    ] Safepoint "Cleanup", Time since last: 1000113463 ns, Reaching safepoint: 85824 ns, At safepoint: 9678 ns, Total: 95502 ns
[2020-09-11T18:03:07.941+0000][1][safepoint    ] Safepoint "Cleanup", Time since last: 1000115221 ns, Reaching safepoint: 80056 ns, At safepoint: 7331 ns, Total: 87387 ns
[2020-09-11T18:03:08.539+0000][1][safepoint    ] Safepoint "RevokeBias", Time since last: 597793659 ns, Reaching safepoint: 87435 ns, At safepoint: 19392 ns, Total: 106827 ns
[2020-09-11T18:03:08.685+0000][1][gc,start     ] GC(88) Pause Young (Allocation Failure)
[2020-09-11T18:03:08.685+0000][1][gc,task      ] GC(88) Using 1 workers of 1 for evacuation
[2020-09-11T18:03:08.695+0000][1][gc,age       ] GC(88) Desired survivor size 4358144 bytes, new threshold 6 (max threshold 6)
[2020-09-11T18:03:08.695+0000][1][gc,age       ] GC(88) Age table with threshold 6 (max threshold 6)
[2020-09-11T18:03:08.695+0000][1][gc,age       ] GC(88) - age   1:     642328 bytes,     642328 total
[2020-09-11T18:03:08.695+0000][1][gc,age       ] GC(88) - age   2:     167600 bytes,     809928 total
[2020-09-11T18:03:08.695+0000][1][gc,age       ] GC(88) - age   3:       3768 bytes,     813696 total
[2020-09-11T18:03:08.695+0000][1][gc,age       ] GC(88) - age   4:      17424 bytes,     831120 total
[2020-09-11T18:03:08.695+0000][1][gc,age       ] GC(88) - age   5:       4968 bytes,     836088 total
[2020-09-11T18:03:08.695+0000][1][gc,age       ] GC(88) - age   6:       6368 bytes,     842456 total
[2020-09-11T18:03:08.695+0000][1][gc,heap      ] GC(88) ParNew: 69253K->1339K(76672K)
[2020-09-11T18:03:08.695+0000][1][gc,heap      ] GC(88) CMS: 78518K->78522K(439104K)
[2020-09-11T18:03:08.695+0000][1][gc,metaspace ] GC(88) Metaspace: 93704K->93704K(1136640K)
[2020-09-11T18:03:08.695+0000][1][gc           ] GC(88) Pause Young (Allocation Failure) 144M->77M(503M) 10.155ms
[2020-09-11T18:03:08.695+0000][1][gc,cpu       ] GC(88) User=0.01s Sys=0.00s Real=0.01s
[2020-09-11T18:03:08.697+0000][1][safepoint    ] Safepoint "GenCollectForAllocation", Time since last: 146223545 ns, Reaching safepoint: 158280 ns, At safepoint: 11869010 ns, Total: 12027290 ns
[2020-09-11T18:03:09.714+0000][1][safepoint    ] Safepoint "Cleanup", Time since last: 1017041159 ns, Reaching safepoint: 88836 ns, At safepoint: 10240 ns, Total: 99076 ns
[2020-09-11T18:03:10.714+0000][1][safepoint    ] Safepoint "Cleanup", Time since last: 1000115077 ns, Reaching safepoint: 81719 ns, At safepoint: 7112 ns, Total: 88831 ns
[2020-09-11T18:03:11.714+0000][1][safepoint    ] Safepoint "Cleanup", Time since last: 1000114730 ns, Reaching safepoint: 84330 ns, At safepoint: 7180 ns, Total: 91510 ns
[2020-09-11T18:03:12.715+0000][1][safepoint    ] Safepoint "Cleanup", Time since last: 1000114369 ns, Reaching safepoint: 79352 ns, At safepoint: 7018 ns, Total: 86370 ns
[2020-09-11T18:03:13.715+0000][1][safepoint    ] Safepoint "Cleanup", Time since last: 1000112973 ns, Reaching safepoint: 89787 ns, At safepoint: 8438 ns, Total: 98225 ns
[2020-09-11T18:03:14.715+0000][1][safepoint    ] Safepoint "Cleanup", Time since last: 1000130206 ns, Reaching safepoint: 111795 ns, At safepoint: 10299 ns, Total: 122094 ns
[2020-09-11T18:03:14.946+0000][1][safepoint    ] Safepoint "RevokeBias", Time since last: 230676669 ns, Reaching safepoint: 180102 ns, At safepoint: 24130 ns, Total: 204232 ns
[2020-09-11T18:03:15.946+0000][1][safepoint    ] Safepoint "Cleanup", Time since last: 1000111566 ns, Reaching safepoint: 83572 ns, At safepoint: 9182 ns, Total: 92754 ns
[2020-09-11T18:03:16.946+0000][1][safepoint    ] Safepoint "Cleanup", Time since last: 1000115968 ns, Reaching safepoint: 87105 ns, At safepoint: 7477 ns, Total: 94582 ns
[2020-09-11T18:03:17.947+0000][1][safepoint    ] Safepoint "Cleanup", Time since last: 1000113922 ns, Reaching safepoint: 88124 ns, At safepoint: 9084 ns, Total: 97208 ns
[2020-09-11T18:03:18.443+0000][1][safepoint    ] Safepoint "RevokeBias", Time since last: 495537186 ns, Reaching safepoint: 218712 ns, At safepoint: 237666 ns, Total: 456378 ns
[2020-09-11T18:03:19.443+0000][1][safepoint    ] Safepoint "Cleanup", Time since last: 1000106341 ns, Reaching safepoint: 100376 ns, At safepoint: 9173 ns, Total: 109549 ns
[2020-09-11T18:03:20.443+0000][1][safepoint    ] Safepoint "Cleanup", Time since last: 1000114994 ns, Reaching safepoint: 93071 ns, At safepoint: 8061 ns, Total: 101132 ns
[2020-09-11T18:03:21.443+0000][1][safepoint    ] Safepoint "Cleanup", Time since last: 1000113080 ns, Reaching safepoint: 105295 ns, At safepoint: 8236 ns, Total: 113531 ns
[2020-09-11T18:03:22.443+0000][1][safepoint    ] Safepoint "Cleanup", Time since last: 1000117256 ns, Reaching safepoint: 102779 ns, At safepoint: 16794 ns, Total: 119573 ns
[2020-09-11T18:03:23.444+0000][1][safepoint    ] Safepoint "Cleanup", Time since last: 1000116216 ns, Reaching safepoint: 95974 ns, At safepoint: 8743 ns, Total: 104717 ns
[2020-09-11T18:03:24.444+0000][1][safepoint    ] Safepoint "Cleanup", Time since last: 1000112358 ns, Reaching safepoint: 90218 ns, At safepoint: 6283 ns, Total: 96501 ns
[2020-09-11T18:03:24.894+0000][1][safepoint    ] Safepoint "RevokeBias", Time since last: 449823046 ns, Reaching safepoint: 80914 ns, At safepoint: 25727 ns, Total: 106641 ns
[2020-09-11T18:03:24.894+0000][1][safepoint    ] Safepoint "RevokeBias", Time since last: 69837 ns, Reaching safepoint: 56549 ns, At safepoint: 15436 ns, Total: 71985 ns
[2020-09-11T18:03:24.894+0000][1][safepoint    ] Safepoint "RevokeBias", Time since last: 38778 ns, Reaching safepoint: 45127 ns, At safepoint: 13093 ns, Total: 58220 ns
[2020-09-11T18:03:24.894+0000][1][safepoint    ] Safepoint "RevokeBias", Time since last: 34688 ns, Reaching safepoint: 41905 ns, At safepoint: 12025 ns, Total: 53930 ns
[2020-09-11T18:03:24.894+0000][1][safepoint    ] Safepoint "RevokeBias", Time since last: 33150 ns, Reaching safepoint: 40096 ns, At safepoint: 11822 ns, Total: 51918 ns
[2020-09-11T18:03:24.894+0000][1][safepoint    ] Safepoint "RevokeBias", Time since last: 33133 ns, Reaching safepoint: 38772 ns, At safepoint: 11135 ns, Total: 49907 ns
[2020-09-11T18:03:24.895+0000][1][safepoint    ] Safepoint "BulkRevokeBias", Time since last: 32371 ns, Reaching safepoint: 36849 ns, At safepoint: 212396 ns, Total: 249245 ns
[2020-09-11T18:03:24.998+0000][1][safepoint    ] Safepoint "RevokeBias", Time since last: 103838108 ns, Reaching safepoint: 88034 ns, At safepoint: 24757 ns, Total: 112791 ns
[2020-09-11T18:03:25.999+0000][1][safepoint    ] Safepoint "Cleanup", Time since last: 1000108175 ns, Reaching safepoint: 84098 ns, At safepoint: 8162 ns, Total: 92260 ns
[2020-09-11T18:03:26.999+0000][1][safepoint    ] Safepoint "Cleanup", Time since last: 1000112483 ns, Reaching safepoint: 88508 ns, At safepoint: 9269 ns, Total: 97777 ns
[2020-09-11T18:03:27.999+0000][1][safepoint    ] Safepoint "Cleanup", Time since last: 1000114870 ns, Reaching safepoint: 81531 ns, At safepoint: 6812 ns, Total: 88343 ns
[2020-09-11T18:03:28.440+0000][1][safepoint    ] Safepoint "RevokeBias", Time since last: 440357273 ns, Reaching safepoint: 351067 ns, At safepoint: 220360 ns, Total: 571427 ns
[2020-09-11T18:03:29.440+0000][1][safepoint    ] Safepoint "Cleanup", Time since last: 1000131772 ns, Reaching safepoint: 93242 ns, At safepoint: 9938 ns, Total: 103180 ns
[2020-09-11T18:03:30.440+0000][1][safepoint    ] Safepoint "Cleanup", Time since last: 1000116078 ns, Reaching safepoint: 83818 ns, At safepoint: 8984 ns, Total: 92802 ns
[2020-09-11T18:03:31.441+0000][1][safepoint    ] Safepoint "Cleanup", Time since last: 1000121597 ns, Reaching safepoint: 84206 ns, At safepoint: 10316 ns, Total: 94522 ns
[2020-09-11T18:03:32.441+0000][1][safepoint    ] Safepoint "Cleanup", Time since last: 1000143188 ns, Reaching safepoint: 83250 ns, At safepoint: 9647 ns, Total: 92897 ns
[2020-09-11T18:03:33.441+0000][1][safepoint    ] Safepoint "Cleanup", Time since last: 1000108511 ns, Reaching safepoint: 78861 ns, At safepoint: 8566 ns, Total: 87427 ns
[2020-09-11T18:03:34.441+0000][1][safepoint    ] Safepoint "Cleanup", Time since last: 1000109673 ns, Reaching safepoint: 87852 ns, At safepoint: 9124 ns, Total: 96976 ns
[2020-09-11T18:03:34.940+0000][1][safepoint    ] Safepoint "RevokeBias", Time since last: 498984562 ns, Reaching safepoint: 95038 ns, At safepoint: 21741 ns, Total: 116779 ns
[2020-09-11T18:03:35.905+0000][1][gc,start     ] GC(89) Pause Young (Allocation Failure)
[2020-09-11T18:03:35.905+0000][1][gc,task      ] GC(89) Using 1 workers of 1 for evacuation
[2020-09-11T18:03:35.912+0000][1][gc,age       ] GC(89) Desired survivor size 4358144 bytes, new threshold 6 (max threshold 6)
[2020-09-11T18:03:35.912+0000][1][gc,age       ] GC(89) Age table with threshold 6 (max threshold 6)
[2020-09-11T18:03:35.912+0000][1][gc,age       ] GC(89) - age   1:      76216 bytes,      76216 total
[2020-09-11T18:03:35.912+0000][1][gc,age       ] GC(89) - age   2:      25600 bytes,     101816 total
[2020-09-11T18:03:35.912+0000][1][gc,age       ] GC(89) - age   3:     146712 bytes,     248528 total
[2020-09-11T18:03:35.912+0000][1][gc,age       ] GC(89) - age   4:       3768 bytes,     252296 total
[2020-09-11T18:03:35.912+0000][1][gc,age       ] GC(89) - age   5:      15872 bytes,     268168 total
[2020-09-11T18:03:35.912+0000][1][gc,age       ] GC(89) - age   6:       4968 bytes,     273136 total
[2020-09-11T18:03:35.912+0000][1][gc,heap      ] GC(89) ParNew: 69499K->784K(76672K)
[2020-09-11T18:03:35.912+0000][1][gc,heap      ] GC(89) CMS: 78522K->78528K(439104K)
[2020-09-11T18:03:35.912+0000][1][gc,metaspace ] GC(89) Metaspace: 93787K->93787K(1136640K)
[2020-09-11T18:03:35.912+0000][1][gc           ] GC(89) Pause Young (Allocation Failure) 144M->77M(503M) 7.576ms
[2020-09-11T18:03:35.912+0000][1][gc,cpu       ] GC(89) User=0.01s Sys=0.00s Real=0.00s
[2020-09-11T18:03:35.916+0000][1][safepoint    ] Safepoint "GenCollectForAllocation", Time since last: 964187184 ns, Reaching safepoint: 191604 ns, At safepoint: 11374449 ns, Total: 11566053 ns
[2020-09-11T18:03:36.930+0000][1][safepoint    ] Safepoint "Cleanup", Time since last: 1013997432 ns, Reaching safepoint: 99448 ns, At safepoint: 7935 ns, Total: 107383 ns
[2020-09-11T18:03:37.931+0000][1][safepoint    ] Safepoint "Cleanup", Time since last: 1000103738 ns, Reaching safepoint: 165269 ns, At safepoint: 10259 ns, Total: 175528 ns
[2020-09-11T18:03:38.426+0000][1][safepoint    ] Safepoint "RevokeBias", Time since last: 494697557 ns, Reaching safepoint: 214061 ns, At safepoint: 265195 ns, Total: 479256 ns
[2020-09-11T18:03:39.426+0000][1][safepoint    ] Safepoint "Cleanup", Time since last: 1000112586 ns, Reaching safepoint: 101102 ns, At safepoint: 9282 ns, Total: 110384 ns
[2020-09-11T18:03:40.426+0000][1][safepoint    ] Safepoint "Cleanup", Time since last: 1000113260 ns, Reaching safepoint: 85331 ns, At safepoint: 9387 ns, Total: 94718 ns
[2020-09-11T18:03:41.429+0000][1][safepoint    ] Safepoint "Cleanup", Time since last: 1002582720 ns, Reaching safepoint: 81489 ns, At safepoint: 7465 ns, Total: 88954 ns
[2020-09-11T18:03:42.429+0000][1][safepoint    ] Safepoint "Cleanup", Time since last: 1000108013 ns, Reaching safepoint: 85403 ns, At safepoint: 6981 ns, Total: 92384 ns
[2020-09-11T18:03:43.429+0000][1][safepoint    ] Safepoint "Cleanup", Time since last: 1000123299 ns, Reaching safepoint: 85247 ns, At safepoint: 9591 ns, Total: 94838 ns
[2020-09-11T18:03:44.429+0000][1][safepoint    ] Safepoint "Cleanup", Time since last: 1000110719 ns, Reaching safepoint: 85848 ns, At safepoint: 10317 ns, Total: 96165 ns
[2020-09-11T18:03:44.994+0000][1][safepoint    ] Safepoint "RevokeBias", Time since last: 564399363 ns, Reaching safepoint: 166638 ns, At safepoint: 22915 ns, Total: 189553 ns
[2020-09-11T18:03:45.994+0000][1][safepoint    ] Safepoint "Cleanup", Time since last: 1000107608 ns, Reaching safepoint: 84825 ns, At safepoint: 8029 ns, Total: 92854 ns
[2020-09-11T18:03:46.994+0000][1][safepoint    ] Safepoint "Cleanup", Time since last: 1000128456 ns, Reaching safepoint: 85224 ns, At safepoint: 6964 ns, Total: 92188 ns
[2020-09-11T18:03:47.995+0000][1][safepoint    ] Safepoint "Cleanup", Time since last: 1000118278 ns, Reaching safepoint: 85495 ns, At safepoint: 9618 ns, Total: 95113 ns
[2020-09-11T18:03:48.454+0000][1][safepoint    ] Safepoint "RevokeBias", Time since last: 458535053 ns, Reaching safepoint: 969937 ns, At safepoint: 261614 ns, Total: 1231551 ns
[2020-09-11T18:03:49.455+0000][1][safepoint    ] Safepoint "Cleanup", Time since last: 1000113587 ns, Reaching safepoint: 98651 ns, At safepoint: 10109 ns, Total: 108760 ns
[2020-09-11T18:03:50.455+0000][1][safepoint    ] Safepoint "Cleanup", Time since last: 1000118456 ns, Reaching safepoint: 85855 ns, At safepoint: 9791 ns, Total: 95646 ns
[2020-09-11T18:03:51.455+0000][1][safepoint    ] Safepoint "Cleanup", Time since last: 1000114619 ns, Reaching safepoint: 94956 ns, At safepoint: 10358 ns, Total: 105314 ns
[2020-09-11T18:03:52.455+0000][1][safepoint    ] Safepoint "Cleanup", Time since last: 1000117465 ns, Reaching safepoint: 85701 ns, At safepoint: 9962 ns, Total: 95663 ns
[2020-09-11T18:03:54.456+0000][1][safepoint    ] Safepoint "Cleanup", Time since last: 2000182645 ns, Reaching safepoint: 89212 ns, At safepoint: 9366 ns, Total: 98578 ns
[2020-09-11T18:03:54.940+0000][1][safepoint    ] Safepoint "RevokeBias", Time since last: 482150128 ns, Reaching safepoint: 2261662 ns, At safepoint: 25107 ns, Total: 2286769 ns
[2020-09-11T18:03:56.940+0000][1][safepoint    ] Safepoint "Cleanup", Time since last: 2000190817 ns, Reaching safepoint: 119402 ns, At safepoint: 11888 ns, Total: 131290 ns
[2020-09-11T18:03:58.442+0000][1][safepoint    ] Safepoint "BulkRevokeBias", Time since last: 1500533765 ns, Reaching safepoint: 240778 ns, At safepoint: 596814 ns, Total: 837592 ns
[2020-09-11T18:03:58.445+0000][1][gc,start     ] GC(90) Pause Young (Allocation Failure)
[2020-09-11T18:03:58.445+0000][1][gc,task      ] GC(90) Using 1 workers of 1 for evacuation
[2020-09-11T18:03:58.455+0000][1][gc,age       ] GC(90) Desired survivor size 4358144 bytes, new threshold 6 (max threshold 6)
[2020-09-11T18:03:58.455+0000][1][gc,age       ] GC(90) Age table with threshold 6 (max threshold 6)
[2020-09-11T18:03:58.455+0000][1][gc,age       ] GC(90) - age   1:     289680 bytes,     289680 total
[2020-09-11T18:03:58.455+0000][1][gc,age       ] GC(90) - age   2:      16048 bytes,     305728 total
[2020-09-11T18:03:58.455+0000][1][gc,age       ] GC(90) - age   3:      22752 bytes,     328480 total
[2020-09-11T18:03:58.455+0000][1][gc,age       ] GC(90) - age   4:     146712 bytes,     475192 total
[2020-09-11T18:03:58.455+0000][1][gc,age       ] GC(90) - age   5:       3728 bytes,     478920 total
[2020-09-11T18:03:58.455+0000][1][gc,age       ] GC(90) - age   6:      15872 bytes,     494792 total
[2020-09-11T18:03:58.456+0000][1][gc,heap      ] GC(90) ParNew: 68944K->525K(76672K)
[2020-09-11T18:03:58.456+0000][1][gc,heap      ] GC(90) CMS: 78528K->78533K(439104K)
[2020-09-11T18:03:58.456+0000][1][gc,metaspace ] GC(90) Metaspace: 93827K->93827K(1136640K)
[2020-09-11T18:03:58.456+0000][1][gc           ] GC(90) Pause Young (Allocation Failure) 144M->77M(503M) 10.653ms
[2020-09-11T18:03:58.456+0000][1][gc,cpu       ] GC(90) User=0.00s Sys=0.00s Real=0.01s
[2020-09-11T18:03:58.460+0000][1][safepoint    ] Safepoint "GenCollectForAllocation", Time since last: 1206154 ns, Reaching safepoint: 1934264 ns, At safepoint: 15368937 ns, Total: 17303201 ns
[2020-09-11T18:03:58.571+0000][1][safepoint    ] Safepoint "RevokeBias", Time since last: 110323800 ns, Reaching safepoint: 161417 ns, At safepoint: 21357 ns, Total: 182774 ns
[2020-09-11T18:03:59.571+0000][1][safepoint    ] Safepoint "Cleanup", Time since last: 1000116451 ns, Reaching safepoint: 95029 ns, At safepoint: 9868 ns, Total: 104897 ns
[2020-09-11T18:04:03.573+0000][1][safepoint    ] Safepoint "Cleanup", Time since last: 4001781600 ns, Reaching safepoint: 87143 ns, At safepoint: 7283 ns, Total: 94426 ns
[2020-09-11T18:04:04.933+0000][1][safepoint    ] Safepoint "RevokeBias", Time since last: 1360145494 ns, Reaching safepoint: 88929 ns, At safepoint: 22304 ns, Total: 111233 ns
[2020-09-11T18:04:08.431+0000][1][safepoint    ] Safepoint "RevokeBias", Time since last: 3497389878 ns, Reaching safepoint: 198588 ns, At safepoint: 25833 ns, Total: 224421 ns
[2020-09-11T18:04:09.431+0000][1][safepoint    ] Safepoint "Cleanup", Time since last: 1000113165 ns, Reaching safepoint: 97637 ns, At safepoint: 9605 ns, Total: 107242 ns
[2020-09-11T18:04:14.941+0000][1][safepoint    ] Safepoint "RevokeBias", Time since last: 5510070480 ns, Reaching safepoint: 115866 ns, At safepoint: 23464 ns, Total: 139330 ns
[2020-09-11T18:04:15.942+0000][1][safepoint    ] Safepoint "Cleanup", Time since last: 1000910234 ns, Reaching safepoint: 85177 ns, At safepoint: 5956 ns, Total: 91133 ns
[2020-09-11T18:04:16.942+0000][1][safepoint    ] Safepoint "Cleanup", Time since last: 1000105543 ns, Reaching safepoint: 90258 ns, At safepoint: 9439 ns, Total: 99697 ns
[2020-09-11T18:04:18.510+0000][1][safepoint    ] Safepoint "RevokeBias", Time since last: 1567855914 ns, Reaching safepoint: 117245 ns, At safepoint: 19766 ns, Total: 137011 ns
[2020-09-11T18:04:18.645+0000][1][gc,start     ] GC(91) Pause Young (Allocation Failure)
[2020-09-11T18:04:18.645+0000][1][gc,task      ] GC(91) Using 1 workers of 1 for evacuation
[2020-09-11T18:04:18.654+0000][1][gc,age       ] GC(91) Desired survivor size 4358144 bytes, new threshold 6 (max threshold 6)
[2020-09-11T18:04:18.654+0000][1][gc,age       ] GC(91) Age table with threshold 6 (max threshold 6)
[2020-09-11T18:04:18.654+0000][1][gc,age       ] GC(91) - age   1:     628696 bytes,     628696 total
[2020-09-11T18:04:18.654+0000][1][gc,age       ] GC(91) - age   2:       6960 bytes,     635656 total
[2020-09-11T18:04:18.654+0000][1][gc,age       ] GC(91) - age   3:      12856 bytes,     648512 total
[2020-09-11T18:04:18.654+0000][1][gc,age       ] GC(91) - age   4:      22560 bytes,     671072 total
[2020-09-11T18:04:18.654+0000][1][gc,age       ] GC(91) - age   5:     146712 bytes,     817784 total
[2020-09-11T18:04:18.654+0000][1][gc,age       ] GC(91) - age   6:       3728 bytes,     821512 total
[2020-09-11T18:04:18.654+0000][1][gc,heap      ] GC(91) ParNew: 68685K->856K(76672K)
[2020-09-11T18:04:18.654+0000][1][gc,heap      ] GC(91) CMS: 78533K->78548K(439104K)
[2020-09-11T18:04:18.654+0000][1][gc,metaspace ] GC(91) Metaspace: 93934K->93934K(1136640K)
[2020-09-11T18:04:18.654+0000][1][gc           ] GC(91) Pause Young (Allocation Failure) 143M->77M(503M) 9.087ms
[2020-09-11T18:04:18.654+0000][1][gc,cpu       ] GC(91) User=0.01s Sys=0.00s Real=0.01s
[2020-09-11T18:04:18.665+0000][1][safepoint    ] Safepoint "GenCollectForAllocation", Time since last: 134416313 ns, Reaching safepoint: 184630 ns, At safepoint: 19816516 ns, Total: 20001146 ns
[2020-09-11T18:04:21.686+0000][1][safepoint    ] Safepoint "Cleanup", Time since last: 3020999938 ns, Reaching safepoint: 94192 ns, At safepoint: 10096 ns, Total: 104288 ns
[2020-09-11T18:04:22.686+0000][1][safepoint    ] Safepoint "Cleanup", Time since last: 1000130573 ns, Reaching safepoint: 86232 ns, At safepoint: 10051 ns, Total: 96283 ns
[2020-09-11T18:04:23.686+0000][1][safepoint    ] Safepoint "Cleanup", Time since last: 1000144089 ns, Reaching safepoint: 82761 ns, At safepoint: 7368 ns, Total: 90129 ns
[2020-09-11T18:04:24.687+0000][1][safepoint    ] Safepoint "Cleanup", Time since last: 1000114799 ns, Reaching safepoint: 91910 ns, At safepoint: 7883 ns, Total: 99793 ns
[2020-09-11T18:04:24.969+0000][1][safepoint    ] Safepoint "RevokeBias", Time since last: 282484362 ns, Reaching safepoint: 89408 ns, At safepoint: 22283 ns, Total: 111691 ns
[2020-09-11T18:04:25.969+0000][1][safepoint    ] Safepoint "Cleanup", Time since last: 1000112960 ns, Reaching safepoint: 95455 ns, At safepoint: 7850 ns, Total: 103305 ns
[2020-09-11T18:04:26.970+0000][1][safepoint    ] Safepoint "Cleanup", Time since last: 1000112590 ns, Reaching safepoint: 84808 ns, At safepoint: 7073 ns, Total: 91881 ns
[2020-09-11T18:04:27.970+0000][1][safepoint    ] Safepoint "Cleanup", Time since last: 1000641304 ns, Reaching safepoint: 88978 ns, At safepoint: 6728 ns, Total: 95706 ns
[2020-09-11T18:04:28.469+0000][1][safepoint    ] Safepoint "RevokeBias", Time since last: 497842328 ns, Reaching safepoint: 218303 ns, At safepoint: 288309 ns, Total: 506612 ns
[2020-09-11T18:04:29.469+0000][1][safepoint    ] Safepoint "Cleanup", Time since last: 1000099219 ns, Reaching safepoint: 92564 ns, At safepoint: 7809 ns, Total: 100373 ns
[2020-09-11T18:04:30.473+0000][1][safepoint    ] Safepoint "Cleanup", Time since last: 1003906236 ns, Reaching safepoint: 84422 ns, At safepoint: 6303 ns, Total: 90725 ns
[2020-09-11T18:04:31.473+0000][1][safepoint    ] Safepoint "Cleanup", Time since last: 1000111207 ns, Reaching safepoint: 88775 ns, At safepoint: 17103 ns, Total: 105878 ns
[2020-09-11T18:04:32.473+0000][1][safepoint    ] Safepoint "Cleanup", Time since last: 1000116135 ns, Reaching safepoint: 84332 ns, At safepoint: 9717 ns, Total: 94049 ns
[2020-09-11T18:04:33.474+0000][1][safepoint    ] Safepoint "Cleanup", Time since last: 1000112800 ns, Reaching safepoint: 90171 ns, At safepoint: 9469 ns, Total: 99640 ns
[2020-09-11T18:04:34.474+0000][1][safepoint    ] Safepoint "Cleanup", Time since last: 1000109156 ns, Reaching safepoint: 84943 ns, At safepoint: 9003 ns, Total: 93946 ns
[2020-09-11T18:04:34.995+0000][1][safepoint    ] Safepoint "RevokeBias", Time since last: 521519727 ns, Reaching safepoint: 92348 ns, At safepoint: 23310 ns, Total: 115658 ns
[2020-09-11T18:04:35.996+0000][1][safepoint    ] Safepoint "Cleanup", Time since last: 1000108482 ns, Reaching safepoint: 85171 ns, At safepoint: 9752 ns, Total: 94923 ns
[2020-09-11T18:04:36.996+0000][1][safepoint    ] Safepoint "Cleanup", Time since last: 1000115034 ns, Reaching safepoint: 85021 ns, At safepoint: 9551 ns, Total: 94572 ns
[2020-09-11T18:04:37.996+0000][1][safepoint    ] Safepoint "Cleanup", Time since last: 1000113389 ns, Reaching safepoint: 105902 ns, At safepoint: 9819 ns, Total: 115721 ns
[2020-09-11T18:04:38.420+0000][1][safepoint    ] Safepoint "RevokeBias", Time since last: 423296748 ns, Reaching safepoint: 225570 ns, At safepoint: 296050 ns, Total: 521620 ns
[2020-09-11T18:04:39.420+0000][1][safepoint    ] Safepoint "Cleanup", Time since last: 1000115843 ns, Reaching safepoint: 95209 ns, At safepoint: 10552 ns, Total: 105761 ns
[2020-09-11T18:04:40.420+0000][1][safepoint    ] Safepoint "Cleanup", Time since last: 1000119491 ns, Reaching safepoint: 83519 ns, At safepoint: 9358 ns, Total: 92877 ns
[2020-09-11T18:04:41.420+0000][1][safepoint    ] Safepoint "Cleanup", Time since last: 1000116319 ns, Reaching safepoint: 86198 ns, At safepoint: 9153 ns, Total: 95351 ns
[2020-09-11T18:04:42.421+0000][1][safepoint    ] Safepoint "Cleanup", Time since last: 1000125137 ns, Reaching safepoint: 90672 ns, At safepoint: 10184 ns, Total: 100856 ns
[2020-09-11T18:04:43.421+0000][1][safepoint    ] Safepoint "Cleanup", Time since last: 1000096131 ns, Reaching safepoint: 85915 ns, At safepoint: 10221 ns, Total: 96136 ns
[2020-09-11T18:04:44.421+0000][1][safepoint    ] Safepoint "Cleanup", Time since last: 1000111065 ns, Reaching safepoint: 86805 ns, At safepoint: 7214 ns, Total: 94019 ns
[2020-09-11T18:04:44.985+0000][1][safepoint    ] Safepoint "RevokeBias", Time since last: 564200717 ns, Reaching safepoint: 98811 ns, At safepoint: 26694 ns, Total: 125505 ns
[2020-09-11T18:04:45.986+0000][1][safepoint    ] Safepoint "Cleanup", Time since last: 1000118036 ns, Reaching safepoint: 87218 ns, At safepoint: 6962 ns, Total: 94180 ns
[2020-09-11T18:04:46.022+0000][1][gc,start     ] GC(92) Pause Young (Allocation Failure)
[2020-09-11T18:04:46.022+0000][1][gc,task      ] GC(92) Using 1 workers of 1 for evacuation
[2020-09-11T18:04:46.031+0000][1][gc,age       ] GC(92) Desired survivor size 4358144 bytes, new threshold 6 (max threshold 6)
[2020-09-11T18:04:46.031+0000][1][gc,age       ] GC(92) Age table with threshold 6 (max threshold 6)
[2020-09-11T18:04:46.031+0000][1][gc,age       ] GC(92) - age   1:      60384 bytes,      60384 total
[2020-09-11T18:04:46.031+0000][1][gc,age       ] GC(92) - age   2:      25520 bytes,      85904 total
[2020-09-11T18:04:46.031+0000][1][gc,age       ] GC(92) - age   3:       4304 bytes,      90208 total
[2020-09-11T18:04:46.031+0000][1][gc,age       ] GC(92) - age   4:       8424 bytes,      98632 total
[2020-09-11T18:04:46.031+0000][1][gc,age       ] GC(92) - age   5:      22560 bytes,     121192 total
[2020-09-11T18:04:46.031+0000][1][gc,age       ] GC(92) - age   6:     146712 bytes,     267904 total
[2020-09-11T18:04:46.031+0000][1][gc,heap      ] GC(92) ParNew: 69016K->708K(76672K)
[2020-09-11T18:04:46.031+0000][1][gc,heap      ] GC(92) CMS: 78548K->78552K(439104K)
[2020-09-11T18:04:46.031+0000][1][gc,metaspace ] GC(92) Metaspace: 93999K->93999K(1136640K)
[2020-09-11T18:04:46.031+0000][1][gc           ] GC(92) Pause Young (Allocation Failure) 144M->77M(503M) 9.469ms
[2020-09-11T18:04:46.031+0000][1][gc,cpu       ] GC(92) User=0.00s Sys=0.00s Real=0.00s
[2020-09-11T18:04:46.032+0000][1][safepoint    ] Safepoint "GenCollectForAllocation", Time since last: 36278052 ns, Reaching safepoint: 77832 ns, At safepoint: 9540947 ns, Total: 9618779 ns
[2020-09-11T18:04:47.040+0000][1][safepoint    ] Safepoint "Cleanup", Time since last: 1007894589 ns, Reaching safepoint: 168045 ns, At safepoint: 22038 ns, Total: 190083 ns
[2020-09-11T18:04:48.040+0000][1][safepoint    ] Safepoint "Cleanup", Time since last: 1000121257 ns, Reaching safepoint: 83601 ns, At safepoint: 8911 ns, Total: 92512 ns
[2020-09-11T18:04:48.402+0000][1][safepoint    ] Safepoint "RevokeBias", Time since last: 361432960 ns, Reaching safepoint: 480078 ns, At safepoint: 265919 ns, Total: 745997 ns
[2020-09-11T18:04:49.402+0000][1][safepoint    ] Safepoint "Cleanup", Time since last: 1000111476 ns, Reaching safepoint: 93878 ns, At safepoint: 6821 ns, Total: 100699 ns
[2020-09-11T18:04:50.402+0000][1][safepoint    ] Safepoint "Cleanup", Time since last: 1000127920 ns, Reaching safepoint: 91291 ns, At safepoint: 9372 ns, Total: 100663 ns
[2020-09-11T18:04:51.403+0000][1][safepoint    ] Safepoint "Cleanup", Time since last: 1000114349 ns, Reaching safepoint: 94059 ns, At safepoint: 9987 ns, Total: 104046 ns
[2020-09-11T18:04:52.403+0000][1][safepoint    ] Safepoint "Cleanup", Time since last: 1000117440 ns, Reaching safepoint: 84126 ns, At safepoint: 9770 ns, Total: 93896 ns
[2020-09-11T18:04:53.403+0000][1][safepoint    ] Safepoint "Cleanup", Time since last: 1000116631 ns, Reaching safepoint: 86949 ns, At safepoint: 9892 ns, Total: 96841 ns
[2020-09-11T18:04:54.403+0000][1][safepoint    ] Safepoint "Cleanup", Time since last: 1000118043 ns, Reaching safepoint: 86828 ns, At safepoint: 9225 ns, Total: 96053 ns
[2020-09-11T18:04:54.973+0000][1][safepoint    ] Safepoint "BulkRevokeBias", Time since last: 568868143 ns, Reaching safepoint: 98639 ns, At safepoint: 268731 ns, Total: 367370 ns
[2020-09-11T18:04:55.973+0000][1][safepoint    ] Safepoint "Cleanup", Time since last: 1000112282 ns, Reaching safepoint: 85631 ns, At safepoint: 8701 ns, Total: 94332 ns
[2020-09-11T18:04:56.973+0000][1][safepoint    ] Safepoint "Cleanup", Time since last: 1000140025 ns, Reaching safepoint: 103284 ns, At safepoint: 9976 ns, Total: 113260 ns
[2020-09-11T18:04:57.973+0000][1][safepoint    ] Safepoint "Cleanup", Time since last: 1000132072 ns, Reaching safepoint: 88381 ns, At safepoint: 9093 ns, Total: 97474 ns
[2020-09-11T18:04:58.440+0000][1][safepoint    ] Safepoint "RevokeBias", Time since last: 466803177 ns, Reaching safepoint: 214764 ns, At safepoint: 257520 ns, Total: 472284 ns
[2020-09-11T18:04:59.441+0000][1][safepoint    ] Safepoint "Cleanup", Time since last: 1000113556 ns, Reaching safepoint: 93609 ns, At safepoint: 9838 ns, Total: 103447 ns
[2020-09-11T18:05:00.441+0000][1][safepoint    ] Safepoint "Cleanup", Time since last: 1000160949 ns, Reaching safepoint: 121435 ns, At safepoint: 10733 ns, Total: 132168 ns
[2020-09-11T18:05:01.441+0000][1][safepoint    ] Safepoint "Cleanup", Time since last: 1000118898 ns, Reaching safepoint: 86254 ns, At safepoint: 9913 ns, Total: 96167 ns
[2020-09-11T18:05:02.441+0000][1][safepoint    ] Safepoint "Cleanup", Time since last: 1000111836 ns, Reaching safepoint: 88367 ns, At safepoint: 9495 ns, Total: 97862 ns
[2020-09-11T18:05:03.442+0000][1][safepoint    ] Safepoint "Cleanup", Time since last: 1000826171 ns, Reaching safepoint: 169002 ns, At safepoint: 10598 ns, Total: 179600 ns
[2020-09-11T18:05:04.942+0000][1][safepoint    ] Safepoint "RevokeBias", Time since last: 1499094494 ns, Reaching safepoint: 178858 ns, At safepoint: 27721 ns, Total: 206579 ns
[2020-09-11T18:05:08.378+0000][1][gc,start     ] GC(93) Pause Young (Allocation Failure)
[2020-09-11T18:05:08.378+0000][1][gc,task      ] GC(93) Using 1 workers of 1 for evacuation
[2020-09-11T18:05:08.388+0000][1][gc,age       ] GC(93) Desired survivor size 4358144 bytes, new threshold 6 (max threshold 6)
[2020-09-11T18:05:08.388+0000][1][gc,age       ] GC(93) Age table with threshold 6 (max threshold 6)
[2020-09-11T18:05:08.388+0000][1][gc,age       ] GC(93) - age   1:     267376 bytes,     267376 total
[2020-09-11T18:05:08.388+0000][1][gc,age       ] GC(93) - age   2:      14664 bytes,     282040 total
[2020-09-11T18:05:08.388+0000][1][gc,age       ] GC(93) - age   3:       8608 bytes,     290648 total
[2020-09-11T18:05:08.388+0000][1][gc,age       ] GC(93) - age   4:       4208 bytes,     294856 total
[2020-09-11T18:05:08.388+0000][1][gc,age       ] GC(93) - age   5:       8424 bytes,     303280 total
[2020-09-11T18:05:08.388+0000][1][gc,age       ] GC(93) - age   6:      22248 bytes,     325528 total
[2020-09-11T18:05:08.388+0000][1][gc,heap      ] GC(93) ParNew: 68868K->485K(76672K)
[2020-09-11T18:05:08.388+0000][1][gc,heap      ] GC(93) CMS: 78552K->78697K(439104K)
[2020-09-11T18:05:08.388+0000][1][gc,metaspace ] GC(93) Metaspace: 94036K->94036K(1136640K)
[2020-09-11T18:05:08.388+0000][1][gc           ] GC(93) Pause Young (Allocation Failure) 143M->77M(503M) 9.679ms
[2020-09-11T18:05:08.388+0000][1][gc,cpu       ] GC(93) User=0.01s Sys=0.00s Real=0.01s
[2020-09-11T18:05:08.393+0000][1][safepoint    ] Safepoint "GenCollectForAllocation", Time since last: 3436108541 ns, Reaching safepoint: 166698 ns, At safepoint: 14777283 ns, Total: 14943981 ns
[2020-09-11T18:05:08.430+0000][1][safepoint    ] Safepoint "RevokeBias", Time since last: 36882182 ns, Reaching safepoint: 91412 ns, At safepoint: 36920 ns, Total: 128332 ns
[2020-09-11T18:05:09.433+0000][1][safepoint    ] Safepoint "Cleanup", Time since last: 1002984256 ns, Reaching safepoint: 115633 ns, At safepoint: 9464 ns, Total: 125097 ns
[2020-09-11T18:05:14.987+0000][1][safepoint    ] Safepoint "RevokeBias", Time since last: 5553743919 ns, Reaching safepoint: 168772 ns, At safepoint: 22790 ns, Total: 191562 ns
[2020-09-11T18:05:18.423+0000][1][safepoint    ] Safepoint "RevokeBias", Time since last: 3436088996 ns, Reaching safepoint: 83417 ns, At safepoint: 20311 ns, Total: 103728 ns
[2020-09-11T18:05:19.423+0000][1][safepoint    ] Safepoint "Cleanup", Time since last: 1000117478 ns, Reaching safepoint: 94432 ns, At safepoint: 10106 ns, Total: 104538 ns
[2020-09-11T18:05:22.424+0000][1][safepoint    ] Safepoint "Cleanup", Time since last: 3000268577 ns, Reaching safepoint: 89371 ns, At safepoint: 9874 ns, Total: 99245 ns
[2020-09-11T18:05:24.937+0000][1][safepoint    ] Safepoint "RevokeBias", Time since last: 2513627386 ns, Reaching safepoint: 172691 ns, At safepoint: 27240 ns, Total: 199931 ns
[2020-09-11T18:05:25.938+0000][1][safepoint    ] Safepoint "Cleanup", Time since last: 1000113290 ns, Reaching safepoint: 89055 ns, At safepoint: 9323 ns, Total: 98378 ns
[2020-09-11T18:05:27.938+0000][1][safepoint    ] Safepoint "Cleanup", Time since last: 2000191026 ns, Reaching safepoint: 94067 ns, At safepoint: 9827 ns, Total: 103894 ns
[2020-09-11T18:05:28.513+0000][1][safepoint    ] Safepoint "RevokeBias", Time since last: 571655158 ns, Reaching safepoint: 3260018 ns, At safepoint: 29265 ns, Total: 3289283 ns
[2020-09-11T18:05:28.662+0000][1][gc,start     ] GC(94) Pause Young (Allocation Failure)
[2020-09-11T18:05:28.662+0000][1][gc,task      ] GC(94) Using 1 workers of 1 for evacuation
[2020-09-11T18:05:28.693+0000][1][gc,age       ] GC(94) Desired survivor size 4358144 bytes, new threshold 6 (max threshold 6)
[2020-09-11T18:05:28.693+0000][1][gc,age       ] GC(94) Age table with threshold 6 (max threshold 6)
[2020-09-11T18:05:28.693+0000][1][gc,age       ] GC(94) - age   1:     636192 bytes,     636192 total
[2020-09-11T18:05:28.693+0000][1][gc,age       ] GC(94) - age   2:       7536 bytes,     643728 total
[2020-09-11T18:05:28.693+0000][1][gc,age       ] GC(94) - age   3:       6632 bytes,     650360 total
[2020-09-11T18:05:28.693+0000][1][gc,age       ] GC(94) - age   4:       7456 bytes,     657816 total
[2020-09-11T18:05:28.693+0000][1][gc,age       ] GC(94) - age   5:       4208 bytes,     662024 total
[2020-09-11T18:05:28.693+0000][1][gc,age       ] GC(94) - age   6:       8424 bytes,     670448 total
[2020-09-11T18:05:28.693+0000][1][gc,heap      ] GC(94) ParNew: 68645K->897K(76672K)
[2020-09-11T18:05:28.693+0000][1][gc,heap      ] GC(94) CMS: 78697K->78717K(439104K)
[2020-09-11T18:05:28.693+0000][1][gc,metaspace ] GC(94) Metaspace: 94085K->94085K(1136640K)
[2020-09-11T18:05:28.693+0000][1][gc           ] GC(94) Pause Young (Allocation Failure) 143M->77M(503M) 31.649ms
[2020-09-11T18:05:28.693+0000][1][gc,cpu       ] GC(94) User=0.00s Sys=0.00s Real=0.03s
[2020-09-11T18:05:28.701+0000][1][safepoint    ] Safepoint "GenCollectForAllocation", Time since last: 148519657 ns, Reaching safepoint: 168487 ns, At safepoint: 39227956 ns, Total: 39396443 ns
[2020-09-11T18:05:33.614+0000][1][safepoint    ] Safepoint "RevokeBias", Time since last: 4913283042 ns, Reaching safepoint: 88836 ns, At safepoint: 22599 ns, Total: 111435 ns
[2020-09-11T18:05:33.614+0000][1][safepoint    ] Safepoint "RevokeBias", Time since last: 67425 ns, Reaching safepoint: 45507 ns, At safepoint: 12932 ns, Total: 58439 ns
[2020-09-11T18:05:34.936+0000][1][safepoint    ] Safepoint "RevokeBias", Time since last: 1321699834 ns, Reaching safepoint: 247109 ns, At safepoint: 27923 ns, Total: 275032 ns
[2020-09-11T18:05:36.937+0000][1][safepoint    ] Safepoint "Cleanup", Time since last: 2000198275 ns, Reaching safepoint: 90232 ns, At safepoint: 7086 ns, Total: 97318 ns
[2020-09-11T18:05:38.461+0000][1][safepoint    ] Safepoint "RevokeBias", Time since last: 1522527872 ns, Reaching safepoint: 1451579 ns, At safepoint: 286592 ns, Total: 1738171 ns
[2020-09-11T18:05:39.461+0000][1][safepoint    ] Safepoint "Cleanup", Time since last: 1000109406 ns, Reaching safepoint: 132308 ns, At safepoint: 10567 ns, Total: 142875 ns
[2020-09-11T18:05:40.461+0000][1][safepoint    ] Safepoint "Cleanup", Time since last: 1000109950 ns, Reaching safepoint: 90354 ns, At safepoint: 10300 ns, Total: 100654 ns
[2020-09-11T18:05:42.119+0000][1][safepoint    ] Safepoint "RevokeBias", Time since last: 1657245389 ns, Reaching safepoint: 235762 ns, At safepoint: 22510 ns, Total: 258272 ns
[2020-09-11T18:05:42.132+0000][1][safepoint    ] Safepoint "RevokeBias", Time since last: 11516865 ns, Reaching safepoint: 1610933 ns, At safepoint: 23291 ns, Total: 1634224 ns
[2020-09-11T18:05:42.140+0000][1][safepoint    ] Safepoint "RevokeBias", Time since last: 1751686 ns, Reaching safepoint: 5802189 ns, At safepoint: 25003 ns, Total: 5827192 ns
[2020-09-11T18:05:42.141+0000][1][safepoint    ] Safepoint "RevokeBias", Time since last: 1016692 ns, Reaching safepoint: 309115 ns, At safepoint: 14761 ns, Total: 323876 ns
[2020-09-11T18:05:43.098+0000][1][safepoint    ] Safepoint "Deoptimize", Time since last: 953980530 ns, Reaching safepoint: 2033936 ns, At safepoint: 929383 ns, Total: 2963319 ns
[2020-09-11T18:05:43.106+0000][1][safepoint    ] Safepoint "Deoptimize", Time since last: 2934885 ns, Reaching safepoint: 4063638 ns, At safepoint: 927251 ns, Total: 4990889 ns
[2020-09-11T18:05:43.129+0000][1][safepoint    ] Safepoint "RevokeBias", Time since last: 7362446 ns, Reaching safepoint: 44753 ns, At safepoint: 15654163 ns, Total: 15698916 ns
[2020-09-11T18:05:43.205+0000][1][safepoint    ] Safepoint "RevokeBias", Time since last: 72926162 ns, Reaching safepoint: 3079136 ns, At safepoint: 28103 ns, Total: 3107239 ns
[2020-09-11T18:05:43.206+0000][1][safepoint    ] Safepoint "RevokeBias", Time since last: 345269 ns, Reaching safepoint: 809379 ns, At safepoint: 16801 ns, Total: 826180 ns
[2020-09-11T18:05:43.209+0000][1][safepoint    ] Safepoint "RevokeBias", Time since last: 386623 ns, Reaching safepoint: 2431632 ns, At safepoint: 24456 ns, Total: 2456088 ns
[2020-09-11T18:05:43.210+0000][1][safepoint    ] Safepoint "RevokeBias", Time since last: 929865 ns, Reaching safepoint: 133375 ns, At safepoint: 14417 ns, Total: 147792 ns
[2020-09-11T18:05:43.213+0000][1][safepoint    ] Safepoint "RevokeBias", Time since last: 180959 ns, Reaching safepoint: 2702874 ns, At safepoint: 24453 ns, Total: 2727327 ns
[2020-09-11T18:05:43.224+0000][1][safepoint    ] Safepoint "Deoptimize", Time since last: 10014244 ns, Reaching safepoint: 167350 ns, At safepoint: 893415 ns, Total: 1060765 ns
[2020-09-11T18:05:43.345+0000][1][safepoint    ] Safepoint "RevokeBias", Time since last: 118363055 ns, Reaching safepoint: 2527180 ns, At safepoint: 34222 ns, Total: 2561402 ns
[2020-09-11T18:05:43.448+0000][1][safepoint    ] Safepoint "RevokeBias", Time since last: 102615834 ns, Reaching safepoint: 167422 ns, At safepoint: 35069 ns, Total: 202491 ns
[2020-09-11T18:05:43.457+0000][1][safepoint    ] Safepoint "RevokeBias", Time since last: 9221234 ns, Reaching safepoint: 155999 ns, At safepoint: 21965 ns, Total: 177964 ns
[2020-09-11T18:05:43.457+0000][1][safepoint    ] Safepoint "RevokeBias", Time since last: 143755 ns, Reaching safepoint: 99007 ns, At safepoint: 15307 ns, Total: 114314 ns
[2020-09-11T18:05:43.459+0000][1][safepoint    ] Safepoint "RevokeBias", Time since last: 456732 ns, Reaching safepoint: 1422407 ns, At safepoint: 22579 ns, Total: 1444986 ns
[2020-09-11T18:05:43.558+0000][1][safepoint    ] Safepoint "RevokeBias", Time since last: 99030296 ns, Reaching safepoint: 82956 ns, At safepoint: 20175 ns, Total: 103131 ns
[2020-09-11T18:05:43.558+0000][1][safepoint    ] Safepoint "RevokeBias", Time since last: 62030 ns, Reaching safepoint: 29160 ns, At safepoint: 11040 ns, Total: 40200 ns
[2020-09-11T18:05:43.559+0000][1][safepoint    ] Safepoint "RevokeBias", Time since last: 29840 ns, Reaching safepoint: 27878 ns, At safepoint: 9261 ns, Total: 37139 ns
[2020-09-11T18:05:43.559+0000][1][safepoint    ] Safepoint "RevokeBias", Time since last: 27675 ns, Reaching safepoint: 27472 ns, At safepoint: 9090 ns, Total: 36562 ns
[2020-09-11T18:05:43.559+0000][1][safepoint    ] Safepoint "RevokeBias", Time since last: 26954 ns, Reaching safepoint: 27221 ns, At safepoint: 9021 ns, Total: 36242 ns
[2020-09-11T18:05:43.559+0000][1][safepoint    ] Safepoint "RevokeBias", Time since last: 27507 ns, Reaching safepoint: 27259 ns, At safepoint: 9050 ns, Total: 36309 ns
[2020-09-11T18:05:43.559+0000][1][safepoint    ] Safepoint "RevokeBias", Time since last: 26800 ns, Reaching safepoint: 27225 ns, At safepoint: 8977 ns, Total: 36202 ns
[2020-09-11T18:05:43.559+0000][1][safepoint    ] Safepoint "RevokeBias", Time since last: 26685 ns, Reaching safepoint: 27285 ns, At safepoint: 8992 ns, Total: 36277 ns
[2020-09-11T18:05:43.559+0000][1][safepoint    ] Safepoint "RevokeBias", Time since last: 37172 ns, Reaching safepoint: 27580 ns, At safepoint: 9086 ns, Total: 36666 ns
[2020-09-11T18:05:43.559+0000][1][safepoint    ] Safepoint "RevokeBias", Time since last: 204595 ns, Reaching safepoint: 30736 ns, At safepoint: 9941 ns, Total: 40677 ns
[2020-09-11T18:05:44.926+0000][1][safepoint    ] Safepoint "RevokeBias", Time since last: 1366891214 ns, Reaching safepoint: 228264 ns, At safepoint: 22473 ns, Total: 250737 ns
[2020-09-11T18:05:48.325+0000][1][gc,start     ] GC(95) Pause Young (Allocation Failure)
[2020-09-11T18:05:48.325+0000][1][gc,task      ] GC(95) Using 1 workers of 1 for evacuation
[2020-09-11T18:05:48.339+0000][1][gc,age       ] GC(95) Desired survivor size 4358144 bytes, new threshold 6 (max threshold 6)
[2020-09-11T18:05:48.339+0000][1][gc,age       ] GC(95) Age table with threshold 6 (max threshold 6)
[2020-09-11T18:05:48.339+0000][1][gc,age       ] GC(95) - age   1:     392544 bytes,     392544 total
[2020-09-11T18:05:48.339+0000][1][gc,age       ] GC(95) - age   2:      12968 bytes,     405512 total
[2020-09-11T18:05:48.339+0000][1][gc,age       ] GC(95) - age   3:       4984 bytes,     410496 total
[2020-09-11T18:05:48.339+0000][1][gc,age       ] GC(95) - age   4:       6632 bytes,     417128 total
[2020-09-11T18:05:48.339+0000][1][gc,age       ] GC(95) - age   5:       7456 bytes,     424584 total
[2020-09-11T18:05:48.339+0000][1][gc,age       ] GC(95) - age   6:       4208 bytes,     428792 total
[2020-09-11T18:05:48.339+0000][1][gc,heap      ] GC(95) ParNew: 69041K->565K(76672K)
[2020-09-11T18:05:48.339+0000][1][gc,heap      ] GC(95) CMS: 78717K->78726K(439104K)
[2020-09-11T18:05:48.339+0000][1][gc,metaspace ] GC(95) Metaspace: 94498K->94498K(1136640K)
[2020-09-11T18:05:48.339+0000][1][gc           ] GC(95) Pause Young (Allocation Failure) 144M->77M(503M) 14.008ms
[2020-09-11T18:05:48.339+0000][1][gc,cpu       ] GC(95) User=0.01s Sys=0.00s Real=0.01s
[2020-09-11T18:05:48.357+0000][1][safepoint    ] Safepoint "GenCollectForAllocation", Time since last: 3390680333 ns, Reaching safepoint: 7888580 ns, At safepoint: 31892441 ns, Total: 39781021 ns
[2020-09-11T18:05:48.477+0000][1][safepoint    ] Safepoint "RevokeBias", Time since last: 116554691 ns, Reaching safepoint: 3565985 ns, At safepoint: 223583 ns, Total: 3789568 ns
[2020-09-11T18:05:52.484+0000][1][safepoint    ] Safepoint "Cleanup", Time since last: 4006941371 ns, Reaching safepoint: 95165 ns, At safepoint: 9752 ns, Total: 104917 ns
[2020-09-11T18:05:54.941+0000][1][safepoint    ] Safepoint "RevokeBias", Time since last: 2456829881 ns, Reaching safepoint: 84226 ns, At safepoint: 23137 ns, Total: 107363 ns
[2020-09-11T18:05:57.941+0000][1][safepoint    ] Safepoint "Cleanup", Time since last: 3000256593 ns, Reaching safepoint: 95016 ns, At safepoint: 7252 ns, Total: 102268 ns
[2020-09-11T18:05:58.448+0000][1][safepoint    ] Safepoint "RevokeBias", Time since last: 505661119 ns, Reaching safepoint: 224811 ns, At safepoint: 233366 ns, Total: 458177 ns
[2020-09-11T18:05:59.448+0000][1][safepoint    ] Safepoint "Cleanup", Time since last: 1000119136 ns, Reaching safepoint: 98435 ns, At safepoint: 9931 ns, Total: 108366 ns
[2020-09-11T18:06:04.448+0000][1][safepoint    ] Safepoint "Cleanup", Time since last: 5000431340 ns, Reaching safepoint: 98073 ns, At safepoint: 10062 ns, Total: 108135 ns
[2020-09-11T18:06:04.930+0000][1][safepoint    ] Safepoint "RevokeBias", Time since last: 481317346 ns, Reaching safepoint: 167534 ns, At safepoint: 22499 ns, Total: 190033 ns
[2020-09-11T18:06:06.933+0000][1][safepoint    ] Safepoint "Cleanup", Time since last: 2000176755 ns, Reaching safepoint: 2851760 ns, At safepoint: 17354 ns, Total: 2869114 ns
[2020-09-11T18:06:08.423+0000][1][safepoint    ] Safepoint "RevokeBias", Time since last: 1489340051 ns, Reaching safepoint: 305998 ns, At safepoint: 267083 ns, Total: 573081 ns
[2020-09-11T18:06:08.487+0000][1][gc,start     ] GC(96) Pause Young (Allocation Failure)
[2020-09-11T18:06:08.488+0000][1][gc,task      ] GC(96) Using 1 workers of 1 for evacuation
[2020-09-11T18:06:08.510+0000][1][gc,age       ] GC(96) Desired survivor size 4358144 bytes, new threshold 6 (max threshold 6)
[2020-09-11T18:06:08.510+0000][1][gc,age       ] GC(96) Age table with threshold 6 (max threshold 6)
[2020-09-11T18:06:08.510+0000][1][gc,age       ] GC(96) - age   1:     426360 bytes,     426360 total
[2020-09-11T18:06:08.510+0000][1][gc,age       ] GC(96) - age   2:     310744 bytes,     737104 total
[2020-09-11T18:06:08.510+0000][1][gc,age       ] GC(96) - age   3:       9912 bytes,     747016 total
[2020-09-11T18:06:08.510+0000][1][gc,age       ] GC(96) - age   4:       4384 bytes,     751400 total
[2020-09-11T18:06:08.510+0000][1][gc,age       ] GC(96) - age   5:       6632 bytes,     758032 total
[2020-09-11T18:06:08.510+0000][1][gc,age       ] GC(96) - age   6:       7456 bytes,     765488 total
[2020-09-11T18:06:08.510+0000][1][gc,heap      ] GC(96) ParNew: 68725K->911K(76672K)
[2020-09-11T18:06:08.510+0000][1][gc,heap      ] GC(96) CMS: 78726K->78730K(439104K)
[2020-09-11T18:06:08.510+0000][1][gc,metaspace ] GC(96) Metaspace: 94631K->94631K(1136640K)
[2020-09-11T18:06:08.510+0000][1][gc           ] GC(96) Pause Young (Allocation Failure) 143M->77M(503M) 22.730ms
[2020-09-11T18:06:08.510+0000][1][gc,cpu       ] GC(96) User=0.01s Sys=0.00s Real=0.02s
[2020-09-11T18:06:08.525+0000][1][safepoint    ] Safepoint "GenCollectForAllocation", Time since last: 64397527 ns, Reaching safepoint: 192319 ns, At safepoint: 37373584 ns, Total: 37565903 ns
[2020-09-11T18:06:10.537+0000][1][safepoint    ] Safepoint "Cleanup", Time since last: 2012252521 ns, Reaching safepoint: 111954 ns, At safepoint: 9257 ns, Total: 121211 ns
[2020-09-11T18:06:11.537+0000][1][safepoint    ] Safepoint "Cleanup", Time since last: 1000111305 ns, Reaching safepoint: 95375 ns, At safepoint: 10111 ns, Total: 105486 ns
[2020-09-11T18:06:14.945+0000][1][safepoint    ] Safepoint "RevokeBias", Time since last: 3407644656 ns, Reaching safepoint: 92198 ns, At safepoint: 23445 ns, Total: 115643 ns
[2020-09-11T18:06:15.945+0000][1][safepoint    ] Safepoint "Cleanup", Time since last: 1000115739 ns, Reaching safepoint: 95302 ns, At safepoint: 9775 ns, Total: 105077 ns
[2020-09-11T18:06:16.097+0000][1][safepoint    ] Safepoint "RevokeBias", Time since last: 148069714 ns, Reaching safepoint: 3475504 ns, At safepoint: 31359 ns, Total: 3506863 ns
[2020-09-11T18:06:16.100+0000][1][safepoint    ] Safepoint "RevokeBias", Time since last: 3080867 ns, Reaching safepoint: 183520 ns, At safepoint: 20775 ns, Total: 204295 ns
[2020-09-11T18:06:16.149+0000][1][safepoint    ] Safepoint "RevokeBias", Time since last: 48649055 ns, Reaching safepoint: 235313 ns, At safepoint: 22271 ns, Total: 257584 ns
[2020-09-11T18:06:16.161+0000][1][safepoint    ] Safepoint "RevokeBias", Time since last: 11657300 ns, Reaching safepoint: 227330 ns, At safepoint: 22053 ns, Total: 249383 ns
[2020-09-11T18:06:16.162+0000][1][safepoint    ] Safepoint "RevokeBias", Time since last: 871071 ns, Reaching safepoint: 135597 ns, At safepoint: 13832 ns, Total: 149429 ns
[2020-09-11T18:06:17.162+0000][1][safepoint    ] Safepoint "Cleanup", Time since last: 1000092289 ns, Reaching safepoint: 93910 ns, At safepoint: 9645 ns, Total: 103555 ns
[2020-09-11T18:06:18.411+0000][1][safepoint    ] Safepoint "RevokeBias", Time since last: 1247563579 ns, Reaching safepoint: 1230753 ns, At safepoint: 28153 ns, Total: 1258906 ns
[2020-09-11T18:06:19.411+0000][1][safepoint    ] Safepoint "Cleanup", Time since last: 1000114767 ns, Reaching safepoint: 92698 ns, At safepoint: 9364 ns, Total: 102062 ns
[2020-09-11T18:06:24.980+0000][1][safepoint    ] Safepoint "RevokeBias", Time since last: 5568430355 ns, Reaching safepoint: 96540 ns, At safepoint: 23311 ns, Total: 119851 ns
[2020-09-11T18:06:27.980+0000][1][safepoint    ] Safepoint "Cleanup", Time since last: 3000260615 ns, Reaching safepoint: 93734 ns, At safepoint: 6928 ns, Total: 100662 ns
[2020-09-11T18:06:28.469+0000][1][safepoint    ] Safepoint "RevokeBias", Time since last: 486805231 ns, Reaching safepoint: 1910240 ns, At safepoint: 251268 ns, Total: 2161508 ns
[2020-09-11T18:06:28.554+0000][1][gc,start     ] GC(97) Pause Young (Allocation Failure)
[2020-09-11T18:06:28.554+0000][1][gc,task      ] GC(97) Using 1 workers of 1 for evacuation
[2020-09-11T18:06:28.569+0000][1][gc,age       ] GC(97) Desired survivor size 4358144 bytes, new threshold 6 (max threshold 6)
[2020-09-11T18:06:28.569+0000][1][gc,age       ] GC(97) Age table with threshold 6 (max threshold 6)
[2020-09-11T18:06:28.569+0000][1][gc,age       ] GC(97) - age   1:     682144 bytes,     682144 total
[2020-09-11T18:06:28.569+0000][1][gc,age       ] GC(97) - age   2:       7504 bytes,     689648 total
[2020-09-11T18:06:28.569+0000][1][gc,age       ] GC(97) - age   3:     291672 bytes,     981320 total
[2020-09-11T18:06:28.569+0000][1][gc,age       ] GC(97) - age   4:       3344 bytes,     984664 total
[2020-09-11T18:06:28.569+0000][1][gc,age       ] GC(97) - age   5:       4384 bytes,     989048 total
[2020-09-11T18:06:28.569+0000][1][gc,age       ] GC(97) - age   6:       6632 bytes,     995680 total
[2020-09-11T18:06:28.569+0000][1][gc,heap      ] GC(97) ParNew: 69059K->1349K(76672K)
[2020-09-11T18:06:28.569+0000][1][gc,heap      ] GC(97) CMS: 78730K->78737K(439104K)
[2020-09-11T18:06:28.570+0000][1][gc,metaspace ] GC(97) Metaspace: 94745K->94745K(1136640K)
[2020-09-11T18:06:28.570+0000][1][gc           ] GC(97) Pause Young (Allocation Failure) 144M->78M(503M) 15.739ms
[2020-09-11T18:06:28.570+0000][1][gc,cpu       ] GC(97) User=0.01s Sys=0.00s Real=0.01s
[2020-09-11T18:06:28.592+0000][1][safepoint    ] Safepoint "GenCollectForAllocation", Time since last: 84555215 ns, Reaching safepoint: 187138 ns, At safepoint: 37611948 ns, Total: 37799086 ns
[2020-09-11T18:06:29.605+0000][1][safepoint    ] Safepoint "Cleanup", Time since last: 1013318493 ns, Reaching safepoint: 92108 ns, At safepoint: 9595 ns, Total: 101703 ns
[2020-09-11T18:06:34.976+0000][1][safepoint    ] Safepoint "RevokeBias", Time since last: 5370536532 ns, Reaching safepoint: 166646 ns, At safepoint: 23375 ns, Total: 190021 ns
[2020-09-11T18:06:38.441+0000][1][safepoint    ] Safepoint "RevokeBias", Time since last: 3464565989 ns, Reaching safepoint: 225228 ns, At safepoint: 302961 ns, Total: 528189 ns
[2020-09-11T18:06:39.441+0000][1][safepoint    ] Safepoint "Cleanup", Time since last: 1000118275 ns, Reaching safepoint: 100818 ns, At safepoint: 10357 ns, Total: 111175 ns
[2020-09-11T18:06:44.964+0000][1][safepoint    ] Safepoint "RevokeBias", Time since last: 5522697879 ns, Reaching safepoint: 170569 ns, At safepoint: 23753 ns, Total: 194322 ns
[2020-09-11T18:06:45.964+0000][1][safepoint    ] Safepoint "Cleanup", Time since last: 1000107397 ns, Reaching safepoint: 90158 ns, At safepoint: 7537 ns, Total: 97695 ns
[2020-09-11T18:06:46.964+0000][1][safepoint    ] Safepoint "Cleanup", Time since last: 1000114978 ns, Reaching safepoint: 96217 ns, At safepoint: 9790 ns, Total: 106007 ns
[2020-09-11T18:06:48.409+0000][1][safepoint    ] Safepoint "RevokeBias", Time since last: 1444255313 ns, Reaching safepoint: 332635 ns, At safepoint: 234272 ns, Total: 566907 ns
[2020-09-11T18:06:49.409+0000][1][safepoint    ] Safepoint "Cleanup", Time since last: 1000112446 ns, Reaching safepoint: 95751 ns, At safepoint: 9107 ns, Total: 104858 ns
[2020-09-11T18:06:51.149+0000][1][gc,start     ] GC(98) Pause Young (Allocation Failure)
[2020-09-11T18:06:51.149+0000][1][gc,task      ] GC(98) Using 1 workers of 1 for evacuation
[2020-09-11T18:06:51.158+0000][1][gc,age       ] GC(98) Desired survivor size 4358144 bytes, new threshold 6 (max threshold 6)
[2020-09-11T18:06:51.158+0000][1][gc,age       ] GC(98) Age table with threshold 6 (max threshold 6)
[2020-09-11T18:06:51.158+0000][1][gc,age       ] GC(98) - age   1:      61416 bytes,      61416 total
[2020-09-11T18:06:51.158+0000][1][gc,age       ] GC(98) - age   2:      49632 bytes,     111048 total
[2020-09-11T18:06:51.158+0000][1][gc,age       ] GC(98) - age   3:       5080 bytes,     116128 total
[2020-09-11T18:06:51.158+0000][1][gc,age       ] GC(98) - age   4:     291672 bytes,     407800 total
[2020-09-11T18:06:51.158+0000][1][gc,age       ] GC(98) - age   5:       3344 bytes,     411144 total
[2020-09-11T18:06:51.158+0000][1][gc,age       ] GC(98) - age   6:       4384 bytes,     415528 total
[2020-09-11T18:06:51.158+0000][1][gc,heap      ] GC(98) ParNew: 69509K->897K(76672K)
[2020-09-11T18:06:51.158+0000][1][gc,heap      ] GC(98) CMS: 78737K->78744K(439104K)
[2020-09-11T18:06:51.158+0000][1][gc,metaspace ] GC(98) Metaspace: 94784K->94784K(1136640K)
[2020-09-11T18:06:51.158+0000][1][gc           ] GC(98) Pause Young (Allocation Failure) 144M->77M(503M) 9.587ms
[2020-09-11T18:06:51.158+0000][1][gc,cpu       ] GC(98) User=0.01s Sys=0.00s Real=0.01s
[2020-09-11T18:06:51.158+0000][1][safepoint    ] Safepoint "GenCollectForAllocation", Time since last: 1739029379 ns, Reaching safepoint: 153343 ns, At safepoint: 9656576 ns, Total: 9809919 ns
[2020-09-11T18:06:54.964+0000][1][safepoint    ] Safepoint "RevokeBias", Time since last: 3806046461 ns, Reaching safepoint: 169804 ns, At safepoint: 27081 ns, Total: 196885 ns
[2020-09-11T18:06:55.965+0000][1][safepoint    ] Safepoint "Cleanup", Time since last: 1000112609 ns, Reaching safepoint: 87903 ns, At safepoint: 7168 ns, Total: 95071 ns
[2020-09-11T18:06:56.965+0000][1][safepoint    ] Safepoint "Cleanup", Time since last: 1000121839 ns, Reaching safepoint: 81516 ns, At safepoint: 5552 ns, Total: 87068 ns
[2020-09-11T18:06:57.965+0000][1][safepoint    ] Safepoint "Cleanup", Time since last: 1000109852 ns, Reaching safepoint: 92177 ns, At safepoint: 8007 ns, Total: 100184 ns
[2020-09-11T18:06:58.417+0000][1][safepoint    ] Safepoint "RevokeBias", Time since last: 448201118 ns, Reaching safepoint: 3648149 ns, At safepoint: 303233 ns, Total: 3951382 ns
[2020-09-11T18:06:59.417+0000][1][safepoint    ] Safepoint "Cleanup", Time since last: 1000117698 ns, Reaching safepoint: 94608 ns, At safepoint: 11006 ns, Total: 105614 ns
[2020-09-11T18:07:00.418+0000][1][safepoint    ] Safepoint "Cleanup", Time since last: 1000119172 ns, Reaching safepoint: 95077 ns, At safepoint: 10061 ns, Total: 105138 ns
[2020-09-11T18:07:01.418+0000][1][safepoint    ] Safepoint "Cleanup", Time since last: 1000112894 ns, Reaching safepoint: 86100 ns, At safepoint: 7043 ns, Total: 93143 ns
[2020-09-11T18:07:02.418+0000][1][safepoint    ] Safepoint "Cleanup", Time since last: 1000116461 ns, Reaching safepoint: 85870 ns, At safepoint: 7445 ns, Total: 93315 ns
[2020-09-11T18:07:03.418+0000][1][safepoint    ] Safepoint "Cleanup", Time since last: 1000111868 ns, Reaching safepoint: 84324 ns, At safepoint: 9991 ns, Total: 94315 ns
[2020-09-11T18:07:04.418+0000][1][safepoint    ] Safepoint "Cleanup", Time since last: 1000113644 ns, Reaching safepoint: 87992 ns, At safepoint: 10759 ns, Total: 98751 ns
[2020-09-11T18:07:04.967+0000][1][safepoint    ] Safepoint "RevokeBias", Time since last: 548238690 ns, Reaching safepoint: 175023 ns, At safepoint: 27038 ns, Total: 202061 ns
[2020-09-11T18:07:05.967+0000][1][safepoint    ] Safepoint "Cleanup", Time since last: 1000111218 ns, Reaching safepoint: 88817 ns, At safepoint: 8383 ns, Total: 97200 ns
[2020-09-11T18:07:06.967+0000][1][safepoint    ] Safepoint "Cleanup", Time since last: 1000112972 ns, Reaching safepoint: 85281 ns, At safepoint: 9153 ns, Total: 94434 ns
[2020-09-11T18:07:07.968+0000][1][safepoint    ] Safepoint "Cleanup", Time since last: 1000135138 ns, Reaching safepoint: 91847 ns, At safepoint: 9545 ns, Total: 101392 ns
[2020-09-11T18:07:08.467+0000][1][safepoint    ] Safepoint "RevokeBias", Time since last: 497846790 ns, Reaching safepoint: 1519614 ns, At safepoint: 24236 ns, Total: 1543850 ns
[2020-09-11T18:07:09.467+0000][1][safepoint    ] Safepoint "Cleanup", Time since last: 1000112269 ns, Reaching safepoint: 111326 ns, At safepoint: 7491 ns, Total: 118817 ns
[2020-09-11T18:07:10.467+0000][1][safepoint    ] Safepoint "Cleanup", Time since last: 1000114077 ns, Reaching safepoint: 87419 ns, At safepoint: 8983 ns, Total: 96402 ns
[2020-09-11T18:07:11.468+0000][1][safepoint    ] Safepoint "Cleanup", Time since last: 1000122510 ns, Reaching safepoint: 87782 ns, At safepoint: 10086 ns, Total: 97868 ns
[2020-09-11T18:07:12.468+0000][1][safepoint    ] Safepoint "Cleanup", Time since last: 1000135884 ns, Reaching safepoint: 86048 ns, At safepoint: 8897 ns, Total: 94945 ns
[2020-09-11T18:07:13.468+0000][1][safepoint    ] Safepoint "Cleanup", Time since last: 1000111860 ns, Reaching safepoint: 83749 ns, At safepoint: 6810 ns, Total: 90559 ns
[2020-09-11T18:07:14.468+0000][1][safepoint    ] Safepoint "Cleanup", Time since last: 1000112983 ns, Reaching safepoint: 84317 ns, At safepoint: 9455 ns, Total: 93772 ns
[2020-09-11T18:07:14.950+0000][1][safepoint    ] Safepoint "RevokeBias", Time since last: 481230174 ns, Reaching safepoint: 173395 ns, At safepoint: 24006 ns, Total: 197401 ns
[2020-09-11T18:07:15.950+0000][1][safepoint    ] Safepoint "Cleanup", Time since last: 1000107700 ns, Reaching safepoint: 91738 ns, At safepoint: 10169 ns, Total: 101907 ns
[2020-09-11T18:07:16.041+0000][1][gc,start     ] GC(99) Pause Young (Allocation Failure)
[2020-09-11T18:07:16.041+0000][1][gc,task      ] GC(99) Using 1 workers of 1 for evacuation
[2020-09-11T18:07:16.063+0000][1][gc,age       ] GC(99) Desired survivor size 4358144 bytes, new threshold 6 (max threshold 6)
[2020-09-11T18:07:16.063+0000][1][gc,age       ] GC(99) Age table with threshold 6 (max threshold 6)
[2020-09-11T18:07:16.063+0000][1][gc,age       ] GC(99) - age   1:      67608 bytes,      67608 total
[2020-09-11T18:07:16.063+0000][1][gc,age       ] GC(99) - age   2:      16144 bytes,      83752 total
[2020-09-11T18:07:16.063+0000][1][gc,age       ] GC(99) - age   3:      46664 bytes,     130416 total
[2020-09-11T18:07:16.063+0000][1][gc,age       ] GC(99) - age   4:       4792 bytes,     135208 total
[2020-09-11T18:07:16.063+0000][1][gc,age       ] GC(99) - age   5:     291672 bytes,     426880 total
[2020-09-11T18:07:16.063+0000][1][gc,age       ] GC(99) - age   6:       3344 bytes,     430224 total
[2020-09-11T18:07:16.063+0000][1][gc,heap      ] GC(99) ParNew: 69057K->753K(76672K)
[2020-09-11T18:07:16.063+0000][1][gc,heap      ] GC(99) CMS: 78744K->78748K(439104K)
[2020-09-11T18:07:16.063+0000][1][gc,metaspace ] GC(99) Metaspace: 94796K->94796K(1136640K)
[2020-09-11T18:07:16.063+0000][1][gc           ] GC(99) Pause Young (Allocation Failure) 144M->77M(503M) 21.868ms
[2020-09-11T18:07:16.063+0000][1][gc,cpu       ] GC(99) User=0.00s Sys=0.00s Real=0.02s
[2020-09-11T18:07:16.069+0000][1][safepoint    ] Safepoint "GenCollectForAllocation", Time since last: 89662931 ns, Reaching safepoint: 1300219 ns, At safepoint: 27914515 ns, Total: 29214734 ns
[2020-09-11T18:07:17.073+0000][1][safepoint    ] Safepoint "Cleanup", Time since last: 1004411314 ns, Reaching safepoint: 94072 ns, At safepoint: 10262 ns, Total: 104334 ns
[2020-09-11T18:07:18.074+0000][1][safepoint    ] Safepoint "Cleanup", Time since last: 1000114910 ns, Reaching safepoint: 86751 ns, At safepoint: 8652 ns, Total: 95403 ns
[2020-09-11T18:07:18.199+0000][1][safepoint    ] Safepoint "RevokeBias", Time since last: 125583830 ns, Reaching safepoint: 235172 ns, At safepoint: 24896 ns, Total: 260068 ns
[2020-09-11T18:07:18.283+0000][1][safepoint    ] Safepoint "RevokeBias", Time since last: 83441292 ns, Reaching safepoint: 198400 ns, At safepoint: 22894 ns, Total: 221294 ns
[2020-09-11T18:07:18.283+0000][1][safepoint    ] Safepoint "RevokeBias", Time since last: 66207 ns, Reaching safepoint: 115449 ns, At safepoint: 14866 ns, Total: 130315 ns
[2020-09-11T18:07:18.283+0000][1][safepoint    ] Safepoint "RevokeBias", Time since last: 37179 ns, Reaching safepoint: 111899 ns, At safepoint: 13032 ns, Total: 124931 ns
[2020-09-11T18:07:18.284+0000][1][safepoint    ] Safepoint "RevokeBias", Time since last: 34152 ns, Reaching safepoint: 163427 ns, At safepoint: 14285 ns, Total: 177712 ns
[2020-09-11T18:07:18.284+0000][1][safepoint    ] Safepoint "RevokeBias", Time since last: 36555 ns, Reaching safepoint: 112379 ns, At safepoint: 12587 ns, Total: 124966 ns
[2020-09-11T18:07:18.284+0000][1][safepoint    ] Safepoint "RevokeBias", Time since last: 32485 ns, Reaching safepoint: 40377 ns, At safepoint: 11145 ns, Total: 51522 ns
[2020-09-11T18:07:18.284+0000][1][safepoint    ] Safepoint "RevokeBias", Time since last: 52275 ns, Reaching safepoint: 41831 ns, At safepoint: 11289 ns, Total: 53120 ns
[2020-09-11T18:07:18.284+0000][1][safepoint    ] Safepoint "RevokeBias", Time since last: 30809 ns, Reaching safepoint: 39984 ns, At safepoint: 10780 ns, Total: 50764 ns
[2020-09-11T18:07:18.284+0000][1][safepoint    ] Safepoint "RevokeBias", Time since last: 29084 ns, Reaching safepoint: 39834 ns, At safepoint: 10721 ns, Total: 50555 ns
[2020-09-11T18:07:18.291+0000][1][safepoint    ] Safepoint "RevokeBias", Time since last: 6599024 ns, Reaching safepoint: 174580 ns, At safepoint: 17665 ns, Total: 192245 ns
[2020-09-11T18:07:18.291+0000][1][safepoint    ] Safepoint "RevokeBias", Time since last: 89641 ns, Reaching safepoint: 114300 ns, At safepoint: 12624 ns, Total: 126924 ns
[2020-09-11T18:07:18.297+0000][1][safepoint    ] Safepoint "RevokeBias", Time since last: 5726414 ns, Reaching safepoint: 185177 ns, At safepoint: 21643 ns, Total: 206820 ns
[2020-09-11T18:07:18.297+0000][1][safepoint    ] Safepoint "RevokeBias", Time since last: 84709 ns, Reaching safepoint: 110354 ns, At safepoint: 11507 ns, Total: 121861 ns
[2020-09-11T18:07:18.299+0000][1][safepoint    ] Safepoint "RevokeBias", Time since last: 1355427 ns, Reaching safepoint: 124877 ns, At safepoint: 13311 ns, Total: 138188 ns
[2020-09-11T18:07:18.299+0000][1][safepoint    ] Safepoint "RevokeBias", Time since last: 276326 ns, Reaching safepoint: 118647 ns, At safepoint: 12424 ns, Total: 131071 ns
[2020-09-11T18:07:18.333+0000][1][safepoint    ] Safepoint "RevokeBias", Time since last: 29712931 ns, Reaching safepoint: 4040621 ns, At safepoint: 28240 ns, Total: 4068861 ns
[2020-09-11T18:07:18.341+0000][1][safepoint    ] Safepoint "RevokeBias", Time since last: 7974797 ns, Reaching safepoint: 268053 ns, At safepoint: 19423 ns, Total: 287476 ns
[2020-09-11T18:07:18.342+0000][1][safepoint    ] Safepoint "RevokeBias", Time since last: 228169 ns, Reaching safepoint: 119774 ns, At safepoint: 13120 ns, Total: 132894 ns
[2020-09-11T18:07:18.357+0000][1][safepoint    ] Safepoint "RevokeBias", Time since last: 12018303 ns, Reaching safepoint: 3294467 ns, At safepoint: 27737 ns, Total: 3322204 ns
[2020-09-11T18:07:18.365+0000][1][safepoint    ] Safepoint "RevokeBias", Time since last: 4421346 ns, Reaching safepoint: 3684887 ns, At safepoint: 33390 ns, Total: 3718277 ns
[2020-09-11T18:07:18.369+0000][1][safepoint    ] Safepoint "RevokeBias", Time since last: 954398 ns, Reaching safepoint: 2943595 ns, At safepoint: 28026 ns, Total: 2971621 ns
[2020-09-11T18:07:18.369+0000][1][safepoint    ] Safepoint "RevokeBias", Time since last: 158025 ns, Reaching safepoint: 123243 ns, At safepoint: 13730 ns, Total: 136973 ns
[2020-09-11T18:07:18.375+0000][1][safepoint    ] Safepoint "RevokeBias", Time since last: 407492 ns, Reaching safepoint: 5233718 ns, At safepoint: 32639 ns, Total: 5266357 ns
[2020-09-11T18:07:18.377+0000][1][safepoint    ] Safepoint "RevokeBias", Time since last: 1028611 ns, Reaching safepoint: 864910 ns, At safepoint: 17936 ns, Total: 882846 ns
[2020-09-11T18:07:18.381+0000][1][safepoint    ] Safepoint "RevokeBias", Time since last: 550511 ns, Reaching safepoint: 3851873 ns, At safepoint: 30938 ns, Total: 3882811 ns
[2020-09-11T18:07:18.389+0000][1][safepoint    ] Safepoint "RevokeBias", Time since last: 7497610 ns, Reaching safepoint: 194873 ns, At safepoint: 21934 ns, Total: 216807 ns
[2020-09-11T18:07:18.489+0000][1][safepoint    ] Safepoint "BulkRevokeBias", Time since last: 98893083 ns, Reaching safepoint: 211400 ns, At safepoint: 447819 ns, Total: 659219 ns
[2020-09-11T18:07:18.497+0000][1][safepoint    ] Safepoint "RevokeBias", Time since last: 7861014 ns, Reaching safepoint: 195976 ns, At safepoint: 197732 ns, Total: 393708 ns
[2020-09-11T18:07:18.502+0000][1][safepoint    ] Safepoint "RevokeBias", Time since last: 5020592 ns, Reaching safepoint: 277078 ns, At safepoint: 171740 ns, Total: 448818 ns
[2020-09-11T18:07:18.521+0000][1][safepoint    ] Safepoint "RevokeBias", Time since last: 14680422 ns, Reaching safepoint: 3925779 ns, At safepoint: 150764 ns, Total: 4076543 ns
[2020-09-11T18:07:18.528+0000][1][safepoint    ] Safepoint "RevokeBias", Time since last: 3820134 ns, Reaching safepoint: 2931561 ns, At safepoint: 148268 ns, Total: 3079829 ns
[2020-09-11T18:07:18.563+0000][1][safepoint    ] Safepoint "RevokeBias", Time since last: 34595917 ns, Reaching safepoint: 189437 ns, At safepoint: 132774 ns, Total: 322211 ns
[2020-09-11T18:07:18.622+0000][1][safepoint    ] Safepoint "Deoptimize", Time since last: 54513430 ns, Reaching safepoint: 3536090 ns, At safepoint: 1002725 ns, Total: 4538815 ns
[2020-09-11T18:07:18.638+0000][1][safepoint    ] Safepoint "RevokeBias", Time since last: 16351480 ns, Reaching safepoint: 188531 ns, At safepoint: 10511 ns, Total: 199042 ns
[2020-09-11T18:07:18.645+0000][1][safepoint    ] Safepoint "RevokeBias", Time since last: 6602682 ns, Reaching safepoint: 233636 ns, At safepoint: 11027 ns, Total: 244663 ns
[2020-09-11T18:07:18.647+0000][1][safepoint    ] Safepoint "RevokeBias", Time since last: 1226453 ns, Reaching safepoint: 152535 ns, At safepoint: 8383 ns, Total: 160918 ns
[2020-09-11T18:07:18.683+0000][1][safepoint    ] Safepoint "RevokeBias", Time since last: 34670157 ns, Reaching safepoint: 948800 ns, At safepoint: 254757 ns, Total: 1203557 ns
[2020-09-11T18:07:18.723+0000][1][safepoint    ] Safepoint "RevokeBias", Time since last: 38223638 ns, Reaching safepoint: 2317302 ns, At safepoint: 17268 ns, Total: 2334570 ns
[2020-09-11T18:07:18.797+0000][1][safepoint    ] Safepoint "RevokeBias", Time since last: 74031676 ns, Reaching safepoint: 206006 ns, At safepoint: 38730 ns, Total: 244736 ns
[2020-09-11T18:07:18.850+0000][1][safepoint    ] Safepoint "RevokeBias", Time since last: 52370541 ns, Reaching safepoint: 292523 ns, At safepoint: 48619 ns, Total: 341142 ns
[2020-09-11T18:07:18.913+0000][1][safepoint    ] Safepoint "RevokeBias", Time since last: 60093757 ns, Reaching safepoint: 2781404 ns, At safepoint: 16392 ns, Total: 2797796 ns
[2020-09-11T18:07:19.352+0000][1][safepoint    ] Safepoint "RevokeBias", Time since last: 439257207 ns, Reaching safepoint: 165325 ns, At safepoint: 18802 ns, Total: 184127 ns
[2020-09-11T18:07:19.878+0000][1][safepoint    ] Safepoint "RevokeBias", Time since last: 525443084 ns, Reaching safepoint: 84544 ns, At safepoint: 23395 ns, Total: 107939 ns
[2020-09-11T18:07:19.881+0000][1][safepoint    ] Safepoint "RevokeBias", Time since last: 1658826 ns, Reaching safepoint: 917540 ns, At safepoint: 23333 ns, Total: 940873 ns
[2020-09-11T18:07:19.885+0000][1][safepoint    ] Safepoint "RevokeBias", Time since last: 844849 ns, Reaching safepoint: 3413859 ns, At safepoint: 37170 ns, Total: 3451029 ns
[2020-09-11T18:07:19.885+0000][1][safepoint    ] Safepoint "RevokeBias", Time since last: 173289 ns, Reaching safepoint: 153088 ns, At safepoint: 18482 ns, Total: 171570 ns
[2020-09-11T18:07:19.885+0000][1][safepoint    ] Safepoint "RevokeBias", Time since last: 67699 ns, Reaching safepoint: 128095 ns, At safepoint: 16736 ns, Total: 144831 ns
[2020-09-11T18:07:19.907+0000][1][safepoint    ] Safepoint "RevokeBias", Time since last: 21199068 ns, Reaching safepoint: 147936 ns, At safepoint: 24529 ns, Total: 172465 ns
[2020-09-11T18:07:19.922+0000][1][safepoint    ] Safepoint "RevokeBias", Time since last: 15281543 ns, Reaching safepoint: 153702 ns, At safepoint: 21566 ns, Total: 175268 ns
[2020-09-11T18:07:19.933+0000][1][safepoint    ] Safepoint "RevokeBias", Time since last: 9292661 ns, Reaching safepoint: 1370911 ns, At safepoint: 37846 ns, Total: 1408757 ns
[2020-09-11T18:07:19.934+0000][1][safepoint    ] Safepoint "RevokeBias", Time since last: 453666 ns, Reaching safepoint: 137912 ns, At safepoint: 20083 ns, Total: 157995 ns
[2020-09-11T18:07:20.934+0000][1][safepoint    ] Safepoint "Cleanup", Time since last: 1000096837 ns, Reaching safepoint: 120238 ns, At safepoint: 8383 ns, Total: 128621 ns
[2020-09-11T18:07:21.934+0000][1][safepoint    ] Safepoint "Cleanup", Time since last: 1000116922 ns, Reaching safepoint: 88068 ns, At safepoint: 9305 ns, Total: 97373 ns
[2020-09-11T18:07:22.934+0000][1][safepoint    ] Safepoint "Cleanup", Time since last: 1000124617 ns, Reaching safepoint: 87543 ns, At safepoint: 9659 ns, Total: 97202 ns
[2020-09-11T18:07:23.934+0000][1][safepoint    ] Safepoint "Cleanup", Time since last: 1000112438 ns, Reaching safepoint: 87158 ns, At safepoint: 9338 ns, Total: 96496 ns
[2020-09-11T18:07:24.900+0000][1][safepoint    ] Safepoint "RevokeBias", Time since last: 965341955 ns, Reaching safepoint: 88048 ns, At safepoint: 25499 ns, Total: 113547 ns
[2020-09-11T18:07:24.900+0000][1][safepoint    ] Safepoint "RevokeBias", Time since last: 72447 ns, Reaching safepoint: 57210 ns, At safepoint: 15639 ns, Total: 72849 ns
[2020-09-11T18:07:24.900+0000][1][safepoint    ] Safepoint "RevokeBias", Time since last: 37630 ns, Reaching safepoint: 45882 ns, At safepoint: 12785 ns, Total: 58667 ns
[2020-09-11T18:07:24.900+0000][1][safepoint    ] Safepoint "RevokeBias", Time since last: 32377 ns, Reaching safepoint: 43441 ns, At safepoint: 12171 ns, Total: 55612 ns
[2020-09-11T18:07:24.900+0000][1][safepoint    ] Safepoint "RevokeBias", Time since last: 31204 ns, Reaching safepoint: 40680 ns, At safepoint: 11566 ns, Total: 52246 ns
[2020-09-11T18:07:24.900+0000][1][safepoint    ] Safepoint "RevokeBias", Time since last: 30690 ns, Reaching safepoint: 40161 ns, At safepoint: 11087 ns, Total: 51248 ns
[2020-09-11T18:07:24.900+0000][1][safepoint    ] Safepoint "RevokeBias", Time since last: 30658 ns, Reaching safepoint: 37634 ns, At safepoint: 10692 ns, Total: 48326 ns
[2020-09-11T18:07:24.901+0000][1][safepoint    ] Safepoint "RevokeBias", Time since last: 29815 ns, Reaching safepoint: 36953 ns, At safepoint: 10999 ns, Total: 47952 ns
[2020-09-11T18:07:24.901+0000][1][safepoint    ] Safepoint "RevokeBias", Time since last: 29934 ns, Reaching safepoint: 35852 ns, At safepoint: 10711 ns, Total: 46563 ns
[2020-09-11T18:07:24.901+0000][1][safepoint    ] Safepoint "RevokeBias", Time since last: 29825 ns, Reaching safepoint: 34813 ns, At safepoint: 11023 ns, Total: 45836 ns
[2020-09-11T18:07:24.941+0000][1][safepoint    ] Safepoint "RevokeBias", Time since last: 39724977 ns, Reaching safepoint: 94327 ns, At safepoint: 22323 ns, Total: 116650 ns
[2020-09-11T18:07:25.941+0000][1][safepoint    ] Safepoint "Cleanup", Time since last: 1000170302 ns, Reaching safepoint: 112111 ns, At safepoint: 9582 ns, Total: 121693 ns
[2020-09-11T18:07:26.941+0000][1][safepoint    ] Safepoint "Cleanup", Time since last: 1000110829 ns, Reaching safepoint: 84920 ns, At safepoint: 6942 ns, Total: 91862 ns
[2020-09-11T18:07:27.768+0000][1][safepoint    ] Safepoint "RevokeBias", Time since last: 827086392 ns, Reaching safepoint: 169259 ns, At safepoint: 26149 ns, Total: 195408 ns
[2020-09-11T18:07:28.074+0000][1][safepoint    ] Safepoint "RevokeBias", Time since last: 305618847 ns, Reaching safepoint: 159573 ns, At safepoint: 22786 ns, Total: 182359 ns
[2020-09-11T18:07:28.200+0000][1][safepoint    ] Safepoint "RevokeBias", Time since last: 126111606 ns, Reaching safepoint: 169857 ns, At safepoint: 25590 ns, Total: 195447 ns
[2020-09-11T18:07:28.201+0000][1][safepoint    ] Safepoint "RevokeBias", Time since last: 177728 ns, Reaching safepoint: 158113 ns, At safepoint: 17997 ns, Total: 176110 ns
[2020-09-11T18:07:28.201+0000][1][safepoint    ] Safepoint "RevokeBias", Time since last: 45363 ns, Reaching safepoint: 127038 ns, At safepoint: 14774 ns, Total: 141812 ns
[2020-09-11T18:07:28.342+0000][1][safepoint    ] Safepoint "RevokeBias", Time since last: 140749191 ns, Reaching safepoint: 192062 ns, At safepoint: 32113 ns, Total: 224175 ns
[2020-09-11T18:07:28.449+0000][1][safepoint    ] Safepoint "RevokeBias", Time since last: 103193106 ns, Reaching safepoint: 3703456 ns, At safepoint: 29122 ns, Total: 3732578 ns
[2020-09-11T18:07:28.505+0000][1][gc,start     ] GC(100) Pause Young (Allocation Failure)
[2020-09-11T18:07:28.505+0000][1][gc,task      ] GC(100) Using 1 workers of 1 for evacuation
[2020-09-11T18:07:28.522+0000][1][gc,age       ] GC(100) Desired survivor size 4358144 bytes, new threshold 6 (max threshold 6)
[2020-09-11T18:07:28.522+0000][1][gc,age       ] GC(100) Age table with threshold 6 (max threshold 6)
[2020-09-11T18:07:28.522+0000][1][gc,age       ] GC(100) - age   1:    1002568 bytes,    1002568 total
[2020-09-11T18:07:28.522+0000][1][gc,age       ] GC(100) - age   2:       6600 bytes,    1009168 total
[2020-09-11T18:07:28.522+0000][1][gc,age       ] GC(100) - age   3:        704 bytes,    1009872 total
[2020-09-11T18:07:28.522+0000][1][gc,age       ] GC(100) - age   4:      39984 bytes,    1049856 total
[2020-09-11T18:07:28.522+0000][1][gc,age       ] GC(100) - age   5:       3816 bytes,    1053672 total
[2020-09-11T18:07:28.522+0000][1][gc,age       ] GC(100) - age   6:     215280 bytes,    1268952 total
[2020-09-11T18:07:28.522+0000][1][gc,heap      ] GC(100) ParNew: 68913K->1322K(76672K)
[2020-09-11T18:07:28.522+0000][1][gc,heap      ] GC(100) CMS: 78748K->78751K(439104K)
[2020-09-11T18:07:28.522+0000][1][gc,metaspace ] GC(100) Metaspace: 95359K->95359K(1136640K)
[2020-09-11T18:07:28.522+0000][1][gc           ] GC(100) Pause Young (Allocation Failure) 144M->78M(503M) 16.896ms
[2020-09-11T18:07:28.522+0000][1][gc,cpu       ] GC(100) User=0.00s Sys=0.00s Real=0.02s
[2020-09-11T18:07:28.549+0000][1][safepoint    ] Safepoint "GenCollectForAllocation", Time since last: 55337191 ns, Reaching safepoint: 650819 ns, At safepoint: 43932989 ns, Total: 44583808 ns
[2020-09-11T18:07:28.725+0000][1][safepoint    ] Safepoint "RevokeBias", Time since last: 172071275 ns, Reaching safepoint: 4014640 ns, At safepoint: 35309 ns, Total: 4049949 ns
[2020-09-11T18:07:29.725+0000][1][safepoint    ] Safepoint "Cleanup", Time since last: 1000132317 ns, Reaching safepoint: 107955 ns, At safepoint: 8213 ns, Total: 116168 ns
[2020-09-11T18:07:30.725+0000][1][safepoint    ] Safepoint "Cleanup", Time since last: 1000122150 ns, Reaching safepoint: 86698 ns, At safepoint: 9739 ns, Total: 96437 ns
[2020-09-11T18:07:31.726+0000][1][safepoint    ] Safepoint "Cleanup", Time since last: 1000116594 ns, Reaching safepoint: 96883 ns, At safepoint: 10090 ns, Total: 106973 ns
[2020-09-11T18:07:32.726+0000][1][safepoint    ] Safepoint "Cleanup", Time since last: 1000113908 ns, Reaching safepoint: 88388 ns, At safepoint: 10400 ns, Total: 98788 ns
[2020-09-11T18:07:33.429+0000][1][safepoint    ] Safepoint "RevokeBias", Time since last: 702623744 ns, Reaching safepoint: 161413 ns, At safepoint: 25557 ns, Total: 186970 ns
[2020-09-11T18:07:34.429+0000][1][safepoint    ] Safepoint "Cleanup", Time since last: 1000129149 ns, Reaching safepoint: 122594 ns, At safepoint: 12040 ns, Total: 134634 ns
[2020-09-11T18:07:34.947+0000][1][safepoint    ] Safepoint "RevokeBias", Time since last: 518259224 ns, Reaching safepoint: 92524 ns, At safepoint: 22718 ns, Total: 115242 ns
[2020-09-11T18:07:35.107+0000][1][safepoint    ] Safepoint "RevokeBias", Time since last: 159898596 ns, Reaching safepoint: 84266 ns, At safepoint: 24094 ns, Total: 108360 ns
[2020-09-11T18:07:35.961+0000][1][safepoint    ] Safepoint "RevokeBias", Time since last: 853246475 ns, Reaching safepoint: 160960 ns, At safepoint: 26895 ns, Total: 187855 ns
[2020-09-11T18:07:36.961+0000][1][safepoint    ] Safepoint "Cleanup", Time since last: 1000216824 ns, Reaching safepoint: 86381 ns, At safepoint: 9526 ns, Total: 95907 ns
[2020-09-11T18:07:37.961+0000][1][safepoint    ] Safepoint "Cleanup", Time since last: 1000114367 ns, Reaching safepoint: 108977 ns, At safepoint: 8333 ns, Total: 117310 ns
[2020-09-11T18:07:38.433+0000][1][safepoint    ] Safepoint "BulkRevokeBias", Time since last: 470913845 ns, Reaching safepoint: 93305 ns, At safepoint: 263688 ns, Total: 356993 ns
[2020-09-11T18:07:38.485+0000][1][safepoint    ] Safepoint "RevokeBias", Time since last: 51880784 ns, Reaching safepoint: 431817 ns, At safepoint: 28079 ns, Total: 459896 ns
[2020-09-11T18:07:41.365+0000][1][safepoint    ] Safepoint "RevokeBias", Time since last: 2880033171 ns, Reaching safepoint: 166874 ns, At safepoint: 25788 ns, Total: 192662 ns
[2020-09-11T18:07:43.366+0000][1][safepoint    ] Safepoint "Cleanup", Time since last: 2000398744 ns, Reaching safepoint: 114554 ns, At safepoint: 7702 ns, Total: 122256 ns
[2020-09-11T18:07:44.974+0000][1][safepoint    ] Safepoint "RevokeBias", Time since last: 1608319027 ns, Reaching safepoint: 172521 ns, At safepoint: 26829 ns, Total: 199350 ns
[2020-09-11T18:07:45.465+0000][1][safepoint    ] Safepoint "RevokeBias", Time since last: 491046618 ns, Reaching safepoint: 163210 ns, At safepoint: 24101 ns, Total: 187311 ns
[2020-09-11T18:07:46.466+0000][1][safepoint    ] Safepoint "Cleanup", Time since last: 1000421595 ns, Reaching safepoint: 96082 ns, At safepoint: 10092 ns, Total: 106174 ns
[2020-09-11T18:07:47.466+0000][1][safepoint    ] Safepoint "Cleanup", Time since last: 1000110639 ns, Reaching safepoint: 87725 ns, At safepoint: 6917 ns, Total: 94642 ns
[2020-09-11T18:07:47.888+0000][1][safepoint    ] Safepoint "RevokeBias", Time since last: 422086423 ns, Reaching safepoint: 87979 ns, At safepoint: 22918 ns, Total: 110897 ns
[2020-09-11T18:07:48.461+0000][1][safepoint    ] Safepoint "RevokeBias", Time since last: 572035388 ns, Reaching safepoint: 256358 ns, At safepoint: 281625 ns, Total: 537983 ns
[2020-09-11T18:07:48.545+0000][1][gc,start     ] GC(101) Pause Young (Allocation Failure)
[2020-09-11T18:07:48.545+0000][1][gc,task      ] GC(101) Using 1 workers of 1 for evacuation
[2020-09-11T18:07:48.567+0000][1][gc,age       ] GC(101) Desired survivor size 4358144 bytes, new threshold 6 (max threshold 6)
[2020-09-11T18:07:48.567+0000][1][gc,age       ] GC(101) Age table with threshold 6 (max threshold 6)
[2020-09-11T18:07:48.567+0000][1][gc,age       ] GC(101) - age   1:     640488 bytes,     640488 total
[2020-09-11T18:07:48.567+0000][1][gc,age       ] GC(101) - age   2:     569448 bytes,    1209936 total
[2020-09-11T18:07:48.567+0000][1][gc,age       ] GC(101) - age   3:       2320 bytes,    1212256 total
[2020-09-11T18:07:48.567+0000][1][gc,age       ] GC(101) - age   4:        704 bytes,    1212960 total
[2020-09-11T18:07:48.567+0000][1][gc,age       ] GC(101) - age   5:      32496 bytes,    1245456 total
[2020-09-11T18:07:48.567+0000][1][gc,age       ] GC(101) - age   6:       3816 bytes,    1249272 total
[2020-09-11T18:07:48.567+0000][1][gc,heap      ] GC(101) ParNew: 69482K->1888K(76672K)
[2020-09-11T18:07:48.567+0000][1][gc,heap      ] GC(101) CMS: 78751K->78969K(439104K)
[2020-09-11T18:07:48.567+0000][1][gc,metaspace ] GC(101) Metaspace: 95374K->95374K(1136640K)
[2020-09-11T18:07:48.567+0000][1][gc           ] GC(101) Pause Young (Allocation Failure) 144M->78M(503M) 22.423ms
[2020-09-11T18:07:48.567+0000][1][gc,cpu       ] GC(101) User=0.01s Sys=0.00s Real=0.02s
[2020-09-11T18:07:48.567+0000][1][safepoint    ] Safepoint "GenCollectForAllocation", Time since last: 80241482 ns, Reaching safepoint: 3757666 ns, At safepoint: 22556332 ns, Total: 26313998 ns
[2020-09-11T18:07:49.601+0000][1][safepoint    ] Safepoint "Cleanup", Time since last: 1033040142 ns, Reaching safepoint: 90103 ns, At safepoint: 9310 ns, Total: 99413 ns
[2020-09-11T18:07:54.992+0000][1][safepoint    ] Safepoint "RevokeBias", Time since last: 5391237492 ns, Reaching safepoint: 168422 ns, At safepoint: 22420 ns, Total: 190842 ns
[2020-09-11T18:07:57.992+0000][1][safepoint    ] Safepoint "Cleanup", Time since last: 3000274847 ns, Reaching safepoint: 96290 ns, At safepoint: 10406 ns, Total: 106696 ns
[2020-09-11T18:07:58.434+0000][1][safepoint    ] Safepoint "RevokeBias", Time since last: 441836370 ns, Reaching safepoint: 87256 ns, At safepoint: 20139 ns, Total: 107395 ns
[2020-09-11T18:08:02.435+0000][1][safepoint    ] Safepoint "Cleanup", Time since last: 4000340622 ns, Reaching safepoint: 94043 ns, At safepoint: 10438 ns, Total: 104481 ns
[2020-09-11T18:08:03.435+0000][1][safepoint    ] Safepoint "Cleanup", Time since last: 1000133066 ns, Reaching safepoint: 94159 ns, At safepoint: 7633 ns, Total: 101792 ns
[2020-09-11T18:08:04.435+0000][1][safepoint    ] Safepoint "Cleanup", Time since last: 1000115976 ns, Reaching safepoint: 91647 ns, At safepoint: 10028 ns, Total: 101675 ns
[2020-09-11T18:08:04.946+0000][1][safepoint    ] Safepoint "BulkRevokeBias", Time since last: 510041505 ns, Reaching safepoint: 160475 ns, At safepoint: 239470 ns, Total: 399945 ns
[2020-09-11T18:08:05.946+0000][1][safepoint    ] Safepoint "Cleanup", Time since last: 1000115487 ns, Reaching safepoint: 90205 ns, At safepoint: 10080 ns, Total: 100285 ns
[2020-09-11T18:08:06.946+0000][1][safepoint    ] Safepoint "Cleanup", Time since last: 1000113995 ns, Reaching safepoint: 89750 ns, At safepoint: 9444 ns, Total: 99194 ns
[2020-09-11T18:08:07.946+0000][1][safepoint    ] Safepoint "Cleanup", Time since last: 1000119893 ns, Reaching safepoint: 91674 ns, At safepoint: 10632 ns, Total: 102306 ns
[2020-09-11T18:08:08.429+0000][1][safepoint    ] Safepoint "RevokeBias", Time since last: 482198346 ns, Reaching safepoint: 88376 ns, At safepoint: 19072 ns, Total: 107448 ns
[2020-09-11T18:08:09.429+0000][1][safepoint    ] Safepoint "Cleanup", Time since last: 1000103893 ns, Reaching safepoint: 114927 ns, At safepoint: 9550 ns, Total: 124477 ns
[2020-09-11T18:08:10.429+0000][1][safepoint    ] Safepoint "Cleanup", Time since last: 1000116998 ns, Reaching safepoint: 88542 ns, At safepoint: 9164 ns, Total: 97706 ns
[2020-09-11T18:08:11.261+0000][1][gc,start     ] GC(102) Pause Young (Allocation Failure)
[2020-09-11T18:08:11.261+0000][1][gc,task      ] GC(102) Using 1 workers of 1 for evacuation
[2020-09-11T18:08:11.271+0000][1][gc,age       ] GC(102) Desired survivor size 4358144 bytes, new threshold 6 (max threshold 6)
[2020-09-11T18:08:11.271+0000][1][gc,age       ] GC(102) Age table with threshold 6 (max threshold 6)
[2020-09-11T18:08:11.271+0000][1][gc,age       ] GC(102) - age   1:      50104 bytes,      50104 total
[2020-09-11T18:08:11.271+0000][1][gc,age       ] GC(102) - age   2:      38960 bytes,      89064 total
[2020-09-11T18:08:11.271+0000][1][gc,age       ] GC(102) - age   3:     566720 bytes,     655784 total
[2020-09-11T18:08:11.271+0000][1][gc,age       ] GC(102) - age   4:       2032 bytes,     657816 total
[2020-09-11T18:08:11.271+0000][1][gc,age       ] GC(102) - age   5:        704 bytes,     658520 total
[2020-09-11T18:08:11.271+0000][1][gc,age       ] GC(102) - age   6:      32496 bytes,     691016 total
[2020-09-11T18:08:11.271+0000][1][gc,heap      ] GC(102) ParNew: 70048K->1151K(76672K)
[2020-09-11T18:08:11.271+0000][1][gc,heap      ] GC(102) CMS: 78969K->78973K(439104K)
[2020-09-11T18:08:11.271+0000][1][gc,metaspace ] GC(102) Metaspace: 95401K->95401K(1136640K)
[2020-09-11T18:08:11.271+0000][1][gc           ] GC(102) Pause Young (Allocation Failure) 145M->78M(503M) 10.582ms
[2020-09-11T18:08:11.271+0000][1][gc,cpu       ] GC(102) User=0.01s Sys=0.00s Real=0.00s
[2020-09-11T18:08:11.273+0000][1][safepoint    ] Safepoint "GenCollectForAllocation", Time since last: 830632376 ns, Reaching safepoint: 1147053 ns, At safepoint: 11931673 ns, Total: 13078726 ns
[2020-09-11T18:08:12.277+0000][1][safepoint    ] Safepoint "Cleanup", Time since last: 1004226681 ns, Reaching safepoint: 84444 ns, At safepoint: 18998 ns, Total: 103442 ns
[2020-09-11T18:08:13.277+0000][1][safepoint    ] Safepoint "Cleanup", Time since last: 1000105685 ns, Reaching safepoint: 103099 ns, At safepoint: 18615 ns, Total: 121714 ns
[2020-09-11T18:08:14.278+0000][1][safepoint    ] Safepoint "Cleanup", Time since last: 1000100994 ns, Reaching safepoint: 79685 ns, At safepoint: 16805 ns, Total: 96490 ns
[2020-09-11T18:08:14.950+0000][1][safepoint    ] Safepoint "RevokeBias", Time since last: 672390875 ns, Reaching safepoint: 97473 ns, At safepoint: 38702 ns, Total: 136175 ns
[2020-09-11T18:08:15.950+0000][1][safepoint    ] Safepoint "Cleanup", Time since last: 1000111193 ns, Reaching safepoint: 90319 ns, At safepoint: 25325 ns, Total: 115644 ns
[2020-09-11T18:08:16.950+0000][1][safepoint    ] Safepoint "Cleanup", Time since last: 1000112868 ns, Reaching safepoint: 86585 ns, At safepoint: 9898 ns, Total: 96483 ns
[2020-09-11T18:08:17.951+0000][1][safepoint    ] Safepoint "Cleanup", Time since last: 1000118768 ns, Reaching safepoint: 91992 ns, At safepoint: 9831 ns, Total: 101823 ns
[2020-09-11T18:08:18.437+0000][1][safepoint    ] Safepoint "RevokeBias", Time since last: 486385992 ns, Reaching safepoint: 89124 ns, At safepoint: 23593 ns, Total: 112717 ns
[2020-09-11T18:08:19.437+0000][1][safepoint    ] Safepoint "Cleanup", Time since last: 1000114598 ns, Reaching safepoint: 95846 ns, At safepoint: 9137 ns, Total: 104983 ns
[2020-09-11T18:08:20.438+0000][1][safepoint    ] Safepoint "Cleanup", Time since last: 1000115248 ns, Reaching safepoint: 87729 ns, At safepoint: 8742 ns, Total: 96471 ns
[2020-09-11T18:08:21.438+0000][1][safepoint    ] Safepoint "Cleanup", Time since last: 1000111452 ns, Reaching safepoint: 84636 ns, At safepoint: 7006 ns, Total: 91642 ns
[2020-09-11T18:08:22.438+0000][1][safepoint    ] Safepoint "Cleanup", Time since last: 1000114513 ns, Reaching safepoint: 90137 ns, At safepoint: 8978 ns, Total: 99115 ns
[2020-09-11T18:08:23.438+0000][1][safepoint    ] Safepoint "Cleanup", Time since last: 1000110951 ns, Reaching safepoint: 90050 ns, At safepoint: 6835 ns, Total: 96885 ns
[2020-09-11T18:08:24.438+0000][1][safepoint    ] Safepoint "Cleanup", Time since last: 1000114026 ns, Reaching safepoint: 90586 ns, At safepoint: 8706 ns, Total: 99292 ns
[2020-09-11T18:08:24.943+0000][1][safepoint    ] Safepoint "RevokeBias", Time since last: 503841362 ns, Reaching safepoint: 170545 ns, At safepoint: 26187 ns, Total: 196732 ns
[2020-09-11T18:08:25.943+0000][1][safepoint    ] Safepoint "Cleanup", Time since last: 1000113138 ns, Reaching safepoint: 88869 ns, At safepoint: 8303 ns, Total: 97172 ns
[2020-09-11T18:08:26.943+0000][1][safepoint    ] Safepoint "Cleanup", Time since last: 1000115521 ns, Reaching safepoint: 89028 ns, At safepoint: 9593 ns, Total: 98621 ns
[2020-09-11T18:08:27.943+0000][1][safepoint    ] Safepoint "Cleanup", Time since last: 1000119833 ns, Reaching safepoint: 86574 ns, At safepoint: 7706 ns, Total: 94280 ns
[2020-09-11T18:08:28.449+0000][1][safepoint    ] Safepoint "RevokeBias", Time since last: 503793917 ns, Reaching safepoint: 1881245 ns, At safepoint: 25028 ns, Total: 1906273 ns
[2020-09-11T18:08:29.449+0000][1][safepoint    ] Safepoint "Cleanup", Time since last: 1000114299 ns, Reaching safepoint: 96092 ns, At safepoint: 9646 ns, Total: 105738 ns
[2020-09-11T18:08:30.449+0000][1][safepoint    ] Safepoint "Cleanup", Time since last: 1000112229 ns, Reaching safepoint: 87092 ns, At safepoint: 8339 ns, Total: 95431 ns
[2020-09-11T18:08:31.449+0000][1][safepoint    ] Safepoint "Cleanup", Time since last: 1000073644 ns, Reaching safepoint: 85462 ns, At safepoint: 10141 ns, Total: 95603 ns
[2020-09-11T18:08:32.450+0000][1][safepoint    ] Safepoint "Cleanup", Time since last: 1000114685 ns, Reaching safepoint: 97772 ns, At safepoint: 10081 ns, Total: 107853 ns
[2020-09-11T18:08:33.450+0000][1][safepoint    ] Safepoint "Cleanup", Time since last: 1000118945 ns, Reaching safepoint: 89029 ns, At safepoint: 9035 ns, Total: 98064 ns
[2020-09-11T18:08:34.450+0000][1][safepoint    ] Safepoint "Cleanup", Time since last: 1000114182 ns, Reaching safepoint: 95018 ns, At safepoint: 10031 ns, Total: 105049 ns
[2020-09-11T18:08:35.028+0000][1][safepoint    ] Safepoint "RevokeBias", Time since last: 577733237 ns, Reaching safepoint: 99640 ns, At safepoint: 21778 ns, Total: 121418 ns
[2020-09-11T18:08:36.028+0000][1][safepoint    ] Safepoint "Cleanup", Time since last: 1000116078 ns, Reaching safepoint: 93180 ns, At safepoint: 10191 ns, Total: 103371 ns
[2020-09-11T18:08:36.291+0000][1][gc,start     ] GC(103) Pause Young (Allocation Failure)
[2020-09-11T18:08:36.291+0000][1][gc,task      ] GC(103) Using 1 workers of 1 for evacuation
[2020-09-11T18:08:36.300+0000][1][gc,age       ] GC(103) Desired survivor size 4358144 bytes, new threshold 6 (max threshold 6)
[2020-09-11T18:08:36.300+0000][1][gc,age       ] GC(103) Age table with threshold 6 (max threshold 6)
[2020-09-11T18:08:36.300+0000][1][gc,age       ] GC(103) - age   1:      76688 bytes,      76688 total
[2020-09-11T18:08:36.300+0000][1][gc,age       ] GC(103) - age   2:       5568 bytes,      82256 total
[2020-09-11T18:08:36.301+0000][1][gc,age       ] GC(103) - age   3:      20424 bytes,     102680 total
[2020-09-11T18:08:36.301+0000][1][gc,age       ] GC(103) - age   4:     566408 bytes,     669088 total
[2020-09-11T18:08:36.301+0000][1][gc,age       ] GC(103) - age   5:       2032 bytes,     671120 total
[2020-09-11T18:08:36.301+0000][1][gc,age       ] GC(103) - age   6:        704 bytes,     671824 total
[2020-09-11T18:08:36.301+0000][1][gc,heap      ] GC(103) ParNew: 69311K->1081K(76672K)
[2020-09-11T18:08:36.301+0000][1][gc,heap      ] GC(103) CMS: 78973K->79005K(439104K)
[2020-09-11T18:08:36.301+0000][1][gc,metaspace ] GC(103) Metaspace: 95483K->95483K(1136640K)
[2020-09-11T18:08:36.301+0000][1][gc           ] GC(103) Pause Young (Allocation Failure) 144M->78M(503M) 9.904ms
[2020-09-11T18:08:36.301+0000][1][gc,cpu       ] GC(103) User=0.00s Sys=0.00s Real=0.01s
[2020-09-11T18:08:36.305+0000][1][safepoint    ] Safepoint "GenCollectForAllocation", Time since last: 262411823 ns, Reaching safepoint: 81175 ns, At safepoint: 14110493 ns, Total: 14191668 ns
[2020-09-11T18:08:38.439+0000][1][safepoint    ] Safepoint "RevokeBias", Time since last: 2132363714 ns, Reaching safepoint: 1419154 ns, At safepoint: 27390 ns, Total: 1446544 ns
[2020-09-11T18:08:41.439+0000][1][safepoint    ] Safepoint "Cleanup", Time since last: 3000271345 ns, Reaching safepoint: 116673 ns, At safepoint: 10212 ns, Total: 126885 ns
[2020-09-11T18:08:45.011+0000][1][safepoint    ] Safepoint "RevokeBias", Time since last: 3571681178 ns, Reaching safepoint: 95708 ns, At safepoint: 26908 ns, Total: 122616 ns
[2020-09-11T18:08:47.011+0000][1][safepoint    ] Safepoint "Cleanup", Time since last: 2000192712 ns, Reaching safepoint: 102344 ns, At safepoint: 10405 ns, Total: 112749 ns
[2020-09-11T18:08:48.416+0000][1][safepoint    ] Safepoint "RevokeBias", Time since last: 1404343565 ns, Reaching safepoint: 223282 ns, At safepoint: 247289 ns, Total: 470571 ns
[2020-09-11T18:08:49.416+0000][1][safepoint    ] Safepoint "Cleanup", Time since last: 1000118990 ns, Reaching safepoint: 108985 ns, At safepoint: 10956 ns, Total: 119941 ns
[2020-09-11T18:08:53.417+0000][1][safepoint    ] Safepoint "Cleanup", Time since last: 4000352473 ns, Reaching safepoint: 94544 ns, At safepoint: 10095 ns, Total: 104639 ns
[2020-09-11T18:08:54.952+0000][1][safepoint    ] Safepoint "RevokeBias", Time since last: 1535563902 ns, Reaching safepoint: 171829 ns, At safepoint: 26881 ns, Total: 198710 ns
[2020-09-11T18:08:56.953+0000][1][safepoint    ] Safepoint "Cleanup", Time since last: 2000181738 ns, Reaching safepoint: 91765 ns, At safepoint: 7380 ns, Total: 99145 ns
[2020-09-11T18:08:57.953+0000][1][safepoint    ] Safepoint "Cleanup", Time since last: 1000099965 ns, Reaching safepoint: 94378 ns, At safepoint: 8949 ns, Total: 103327 ns
[2020-09-11T18:08:58.347+0000][1][gc,start     ] GC(104) Pause Young (Allocation Failure)
[2020-09-11T18:08:58.347+0000][1][gc,task      ] GC(104) Using 1 workers of 1 for evacuation
[2020-09-11T18:08:58.362+0000][1][gc,age       ] GC(104) Desired survivor size 4358144 bytes, new threshold 6 (max threshold 6)
[2020-09-11T18:08:58.362+0000][1][gc,age       ] GC(104) Age table with threshold 6 (max threshold 6)
[2020-09-11T18:08:58.362+0000][1][gc,age       ] GC(104) - age   1:     267000 bytes,     267000 total
[2020-09-11T18:08:58.362+0000][1][gc,age       ] GC(104) - age   2:      15616 bytes,     282616 total
[2020-09-11T18:08:58.362+0000][1][gc,age       ] GC(104) - age   3:       4160 bytes,     286776 total
[2020-09-11T18:08:58.362+0000][1][gc,age       ] GC(104) - age   4:      17856 bytes,     304632 total
[2020-09-11T18:08:58.362+0000][1][gc,age       ] GC(104) - age   5:     566408 bytes,     871040 total
[2020-09-11T18:08:58.362+0000][1][gc,age       ] GC(104) - age   6:       2032 bytes,     873072 total
[2020-09-11T18:08:58.362+0000][1][gc,heap      ] GC(104) ParNew: 69241K->1254K(76672K)
[2020-09-11T18:08:58.362+0000][1][gc,heap      ] GC(104) CMS: 79005K->79006K(439104K)
[2020-09-11T18:08:58.362+0000][1][gc,metaspace ] GC(104) Metaspace: 95503K->95503K(1136640K)
[2020-09-11T18:08:58.362+0000][1][gc           ] GC(104) Pause Young (Allocation Failure) 144M->78M(503M) 15.186ms
[2020-09-11T18:08:58.362+0000][1][gc,cpu       ] GC(104) User=0.01s Sys=0.00s Real=0.02s
[2020-09-11T18:08:58.375+0000][1][safepoint    ] Safepoint "GenCollectForAllocation", Time since last: 393606041 ns, Reaching safepoint: 573883 ns, At safepoint: 28324559 ns, Total: 28898442 ns
[2020-09-11T18:08:58.486+0000][1][safepoint    ] Safepoint "RevokeBias", Time since last: 110125329 ns, Reaching safepoint: 175322 ns, At safepoint: 25019 ns, Total: 200341 ns
[2020-09-11T18:09:02.489+0000][1][safepoint    ] Safepoint "Cleanup", Time since last: 4003286361 ns, Reaching safepoint: 94496 ns, At safepoint: 9206 ns, Total: 103702 ns
[2020-09-11T18:09:03.489+0000][1][safepoint    ] Safepoint "Cleanup", Time since last: 1000111885 ns, Reaching safepoint: 94535 ns, At safepoint: 10639 ns, Total: 105174 ns
[2020-09-11T18:09:04.945+0000][1][safepoint    ] Safepoint "RevokeBias", Time since last: 1455069714 ns, Reaching safepoint: 169489 ns, At safepoint: 24470 ns, Total: 193959 ns
[2020-09-11T18:09:08.463+0000][1][safepoint    ] Safepoint "RevokeBias", Time since last: 3518463698 ns, Reaching safepoint: 92254 ns, At safepoint: 19580 ns, Total: 111834 ns
[2020-09-11T18:09:09.463+0000][1][safepoint    ] Safepoint "Cleanup", Time since last: 1000114804 ns, Reaching safepoint: 95451 ns, At safepoint: 9822 ns, Total: 105273 ns
[2020-09-11T18:09:11.464+0000][1][safepoint    ] Safepoint "Cleanup", Time since last: 2000201889 ns, Reaching safepoint: 96866 ns, At safepoint: 10500 ns, Total: 107366 ns
[2020-09-11T18:09:14.939+0000][1][safepoint    ] Safepoint "RevokeBias", Time since last: 3475488645 ns, Reaching safepoint: 165011 ns, At safepoint: 39673 ns, Total: 204684 ns
[2020-09-11T18:09:17.940+0000][1][safepoint    ] Safepoint "Cleanup", Time since last: 3000249854 ns, Reaching safepoint: 111544 ns, At safepoint: 9177 ns, Total: 120721 ns
[2020-09-11T18:09:18.414+0000][1][safepoint    ] Safepoint "RevokeBias", Time since last: 473369714 ns, Reaching safepoint: 262990 ns, At safepoint: 257943 ns, Total: 520933 ns
[2020-09-11T18:09:18.472+0000][1][gc,start     ] GC(105) Pause Young (Allocation Failure)
[2020-09-11T18:09:18.472+0000][1][gc,task      ] GC(105) Using 1 workers of 1 for evacuation
[2020-09-11T18:09:18.506+0000][1][gc,age       ] GC(105) Desired survivor size 4358144 bytes, new threshold 6 (max threshold 6)
[2020-09-11T18:09:18.506+0000][1][gc,age       ] GC(105) Age table with threshold 6 (max threshold 6)
[2020-09-11T18:09:18.506+0000][1][gc,age       ] GC(105) - age   1:     593040 bytes,     593040 total
[2020-09-11T18:09:18.506+0000][1][gc,age       ] GC(105) - age   2:       9072 bytes,     602112 total
[2020-09-11T18:09:18.506+0000][1][gc,age       ] GC(105) - age   3:      13152 bytes,     615264 total
[2020-09-11T18:09:18.506+0000][1][gc,age       ] GC(105) - age   4:       3968 bytes,     619232 total
[2020-09-11T18:09:18.506+0000][1][gc,age       ] GC(105) - age   5:      12536 bytes,     631768 total
[2020-09-11T18:09:18.506+0000][1][gc,age       ] GC(105) - age   6:     566408 bytes,    1198176 total
[2020-09-11T18:09:18.506+0000][1][gc,heap      ] GC(105) ParNew: 69414K->1592K(76672K)
[2020-09-11T18:09:18.506+0000][1][gc,heap      ] GC(105) CMS: 79006K->79008K(439104K)
[2020-09-11T18:09:18.506+0000][1][gc,metaspace ] GC(105) Metaspace: 95526K->95526K(1136640K)
[2020-09-11T18:09:18.506+0000][1][gc           ] GC(105) Pause Young (Allocation Failure) 144M->78M(503M) 33.686ms
[2020-09-11T18:09:18.506+0000][1][gc,cpu       ] GC(105) User=0.01s Sys=0.00s Real=0.04s
[2020-09-11T18:09:18.506+0000][1][safepoint    ] Safepoint "GenCollectForAllocation", Time since last: 57704460 ns, Reaching safepoint: 657684 ns, At safepoint: 34027742 ns, Total: 34685426 ns
[2020-09-11T18:09:20.514+0000][1][safepoint    ] Safepoint "Cleanup", Time since last: 2007963194 ns, Reaching safepoint: 97570 ns, At safepoint: 10707 ns, Total: 108277 ns
[2020-09-11T18:09:25.016+0000][1][safepoint    ] Safepoint "RevokeBias", Time since last: 4501889575 ns, Reaching safepoint: 174812 ns, At safepoint: 26825 ns, Total: 201637 ns
[2020-09-11T18:09:25.472+0000][1][safepoint    ] Safepoint "RevokeBias", Time since last: 455268651 ns, Reaching safepoint: 289025 ns, At safepoint: 29990 ns, Total: 319015 ns
[2020-09-11T18:09:25.472+0000][1][safepoint    ] Safepoint "RevokeBias", Time since last: 72691 ns, Reaching safepoint: 247113 ns, At safepoint: 19925 ns, Total: 267038 ns
[2020-09-11T18:09:25.472+0000][1][safepoint    ] Safepoint "RevokeBias", Time since last: 46431 ns, Reaching safepoint: 162990 ns, At safepoint: 17136 ns, Total: 180126 ns
[2020-09-11T18:09:25.473+0000][1][safepoint    ] Safepoint "RevokeBias", Time since last: 40274 ns, Reaching safepoint: 154374 ns, At safepoint: 15812 ns, Total: 170186 ns
[2020-09-11T18:09:25.473+0000][1][safepoint    ] Safepoint "RevokeBias", Time since last: 37576 ns, Reaching safepoint: 146605 ns, At safepoint: 35276 ns, Total: 181881 ns
[2020-09-11T18:09:25.473+0000][1][safepoint    ] Safepoint "RevokeBias", Time since last: 36980 ns, Reaching safepoint: 143638 ns, At safepoint: 14876 ns, Total: 158514 ns
[2020-09-11T18:09:25.473+0000][1][safepoint    ] Safepoint "RevokeBias", Time since last: 34428 ns, Reaching safepoint: 161922 ns, At safepoint: 15058 ns, Total: 176980 ns
[2020-09-11T18:09:25.473+0000][1][safepoint    ] Safepoint "RevokeBias", Time since last: 34699 ns, Reaching safepoint: 134005 ns, At safepoint: 22293 ns, Total: 156298 ns
[2020-09-11T18:09:25.474+0000][1][safepoint    ] Safepoint "BulkRevokeBias", Time since last: 29217 ns, Reaching safepoint: 132180 ns, At safepoint: 373809 ns, Total: 505989 ns
[2020-09-11T18:09:26.475+0000][1][safepoint    ] Safepoint "Cleanup", Time since last: 1000904181 ns, Reaching safepoint: 92425 ns, At safepoint: 9396 ns, Total: 101821 ns
[2020-09-11T18:09:28.481+0000][1][safepoint    ] Safepoint "Cleanup", Time since last: 2000194817 ns, Reaching safepoint: 5756238 ns, At safepoint: 15802 ns, Total: 5772040 ns
[2020-09-11T18:09:28.569+0000][1][safepoint    ] Safepoint "RevokeBias", Time since last: 87768095 ns, Reaching safepoint: 191344 ns, At safepoint: 22404 ns, Total: 213748 ns
[2020-09-11T18:09:30.569+0000][1][safepoint    ] Safepoint "Cleanup", Time since last: 2000184210 ns, Reaching safepoint: 97165 ns, At safepoint: 9702 ns, Total: 106867 ns
[2020-09-11T18:09:34.958+0000][1][safepoint    ] Safepoint "RevokeBias", Time since last: 4388239751 ns, Reaching safepoint: 168921 ns, At safepoint: 22833 ns, Total: 191754 ns
[2020-09-11T18:09:35.958+0000][1][safepoint    ] Safepoint "Cleanup", Time since last: 1000110598 ns, Reaching safepoint: 95592 ns, At safepoint: 10459 ns, Total: 106051 ns
[2020-09-11T18:09:38.428+0000][1][safepoint    ] Safepoint "RevokeBias", Time since last: 2469720309 ns, Reaching safepoint: 203883 ns, At safepoint: 24677 ns, Total: 228560 ns
[2020-09-11T18:09:39.358+0000][1][gc,start     ] GC(106) Pause Young (Allocation Failure)
[2020-09-11T18:09:39.358+0000][1][gc,task      ] GC(106) Using 1 workers of 1 for evacuation
[2020-09-11T18:09:39.368+0000][1][gc,age       ] GC(106) Desired survivor size 4358144 bytes, new threshold 6 (max threshold 6)
[2020-09-11T18:09:39.368+0000][1][gc,age       ] GC(106) Age table with threshold 6 (max threshold 6)
[2020-09-11T18:09:39.368+0000][1][gc,age       ] GC(106) - age   1:      46304 bytes,      46304 total
[2020-09-11T18:09:39.368+0000][1][gc,age       ] GC(106) - age   2:      25936 bytes,      72240 total
[2020-09-11T18:09:39.368+0000][1][gc,age       ] GC(106) - age   3:       6448 bytes,      78688 total
[2020-09-11T18:09:39.368+0000][1][gc,age       ] GC(106) - age   4:      13152 bytes,      91840 total
[2020-09-11T18:09:39.368+0000][1][gc,age       ] GC(106) - age   5:       3968 bytes,      95808 total
[2020-09-11T18:09:39.368+0000][1][gc,age       ] GC(106) - age   6:      12536 bytes,     108344 total
[2020-09-11T18:09:39.368+0000][1][gc,heap      ] GC(106) ParNew: 69752K->1076K(76672K)
[2020-09-11T18:09:39.368+0000][1][gc,heap      ] GC(106) CMS: 79008K->79577K(439104K)
[2020-09-11T18:09:39.368+0000][1][gc,metaspace ] GC(106) Metaspace: 95535K->95535K(1136640K)
[2020-09-11T18:09:39.368+0000][1][gc           ] GC(106) Pause Young (Allocation Failure) 145M->78M(503M) 10.344ms
[2020-09-11T18:09:39.368+0000][1][gc,cpu       ] GC(106) User=0.01s Sys=0.00s Real=0.01s
[2020-09-11T18:09:39.373+0000][1][safepoint    ] Safepoint "GenCollectForAllocation", Time since last: 929757024 ns, Reaching safepoint: 96510 ns, At safepoint: 15189715 ns, Total: 15286225 ns
[2020-09-11T18:09:41.374+0000][1][safepoint    ] Safepoint "Cleanup", Time since last: 2001435896 ns, Reaching safepoint: 94997 ns, At safepoint: 16403 ns, Total: 111400 ns
[2020-09-11T18:09:44.910+0000][1][safepoint    ] Safepoint "RevokeBias", Time since last: 3535982415 ns, Reaching safepoint: 92077 ns, At safepoint: 25316 ns, Total: 117393 ns
[2020-09-11T18:09:44.911+0000][1][safepoint    ] Safepoint "RevokeBias", Time since last: 70601 ns, Reaching safepoint: 58858 ns, At safepoint: 16319 ns, Total: 75177 ns
[2020-09-11T18:09:44.947+0000][1][safepoint    ] Safepoint "RevokeBias", Time since last: 36354580 ns, Reaching safepoint: 90470 ns, At safepoint: 23705 ns, Total: 114175 ns
[2020-09-11T18:09:46.947+0000][1][safepoint    ] Safepoint "Cleanup", Time since last: 2000195664 ns, Reaching safepoint: 95190 ns, At safepoint: 7497 ns, Total: 102687 ns
[2020-09-11T18:09:48.416+0000][1][safepoint    ] Safepoint "RevokeBias", Time since last: 1468272700 ns, Reaching safepoint: 225802 ns, At safepoint: 256762 ns, Total: 482564 ns
[2020-09-11T18:09:49.416+0000][1][safepoint    ] Safepoint "Cleanup", Time since last: 1000117504 ns, Reaching safepoint: 95891 ns, At safepoint: 10164 ns, Total: 106055 ns
[2020-09-11T18:09:54.949+0000][1][safepoint    ] Safepoint "RevokeBias", Time since last: 5532715854 ns, Reaching safepoint: 89183 ns, At safepoint: 22092 ns, Total: 111275 ns
[2020-09-11T18:09:55.949+0000][1][safepoint    ] Safepoint "Cleanup", Time since last: 1000072572 ns, Reaching safepoint: 94797 ns, At safepoint: 9805 ns, Total: 104602 ns
[2020-09-11T18:09:57.950+0000][1][safepoint    ] Safepoint "Cleanup", Time since last: 2000198402 ns, Reaching safepoint: 98089 ns, At safepoint: 10268 ns, Total: 108357 ns
[2020-09-11T18:09:58.444+0000][1][safepoint    ] Safepoint "RevokeBias", Time since last: 492675544 ns, Reaching safepoint: 1166828 ns, At safepoint: 224241 ns, Total: 1391069 ns
[2020-09-11T18:09:59.444+0000][1][safepoint    ] Safepoint "Cleanup", Time since last: 1000119682 ns, Reaching safepoint: 98826 ns, At safepoint: 10695 ns, Total: 109521 ns
[2020-09-11T18:10:01.381+0000][1][gc,start     ] GC(107) Pause Young (Allocation Failure)
[2020-09-11T18:10:01.381+0000][1][gc,task      ] GC(107) Using 1 workers of 1 for evacuation
[2020-09-11T18:10:01.390+0000][1][gc,age       ] GC(107) Desired survivor size 4358144 bytes, new threshold 6 (max threshold 6)
[2020-09-11T18:10:01.390+0000][1][gc,age       ] GC(107) Age table with threshold 6 (max threshold 6)
[2020-09-11T18:10:01.390+0000][1][gc,age       ] GC(107) - age   1:      63936 bytes,      63936 total
[2020-09-11T18:10:01.390+0000][1][gc,age       ] GC(107) - age   2:       5104 bytes,      69040 total
[2020-09-11T18:10:01.390+0000][1][gc,age       ] GC(107) - age   3:       7376 bytes,      76416 total
[2020-09-11T18:10:01.390+0000][1][gc,age       ] GC(107) - age   4:       6040 bytes,      82456 total
[2020-09-11T18:10:01.390+0000][1][gc,age       ] GC(107) - age   5:      13152 bytes,      95608 total
[2020-09-11T18:10:01.390+0000][1][gc,age       ] GC(107) - age   6:       3968 bytes,      99576 total
[2020-09-11T18:10:01.390+0000][1][gc,heap      ] GC(107) ParNew: 69236K->288K(76672K)
[2020-09-11T18:10:01.390+0000][1][gc,heap      ] GC(107) CMS: 79577K->79589K(439104K)
[2020-09-11T18:10:01.390+0000][1][gc,metaspace ] GC(107) Metaspace: 95540K->95540K(1136640K)
[2020-09-11T18:10:01.390+0000][1][gc           ] GC(107) Pause Young (Allocation Failure) 145M->78M(503M) 9.001ms
[2020-09-11T18:10:01.390+0000][1][gc,cpu       ] GC(107) User=0.01s Sys=0.00s Real=0.00s
[2020-09-11T18:10:01.390+0000][1][safepoint    ] Safepoint "GenCollectForAllocation", Time since last: 1935441578 ns, Reaching safepoint: 1465286 ns, At safepoint: 9089419 ns, Total: 10554705 ns
[2020-09-11T18:10:02.391+0000][1][safepoint    ] Safepoint "Cleanup", Time since last: 1001312686 ns, Reaching safepoint: 83012 ns, At safepoint: 19353 ns, Total: 102365 ns
[2020-09-11T18:10:03.392+0000][1][safepoint    ] Safepoint "Cleanup", Time since last: 1000105382 ns, Reaching safepoint: 92270 ns, At safepoint: 9548 ns, Total: 101818 ns
[2020-09-11T18:10:05.006+0000][1][safepoint    ] Safepoint "RevokeBias", Time since last: 1614015861 ns, Reaching safepoint: 164719 ns, At safepoint: 23340 ns, Total: 188059 ns
[2020-09-11T18:10:08.618+0000][1][safepoint    ] Safepoint "RevokeBias", Time since last: 3612638737 ns, Reaching safepoint: 85649 ns, At safepoint: 19310 ns, Total: 104959 ns
[2020-09-11T18:10:15.012+0000][1][safepoint    ] Safepoint "RevokeBias", Time since last: 6393568733 ns, Reaching safepoint: 167986 ns, At safepoint: 27540 ns, Total: 195526 ns
[2020-09-11T18:10:18.417+0000][1][safepoint    ] Safepoint "RevokeBias", Time since last: 3401385676 ns, Reaching safepoint: 3256798 ns, At safepoint: 258363 ns, Total: 3515161 ns
[2020-09-11T18:10:21.418+0000][1][safepoint    ] Safepoint "Cleanup", Time since last: 3000264509 ns, Reaching safepoint: 91167 ns, At safepoint: 8527 ns, Total: 99694 ns
[2020-09-11T18:10:25.014+0000][1][safepoint    ] Safepoint "RevokeBias", Time since last: 3596771515 ns, Reaching safepoint: 89599 ns, At safepoint: 24005 ns, Total: 113604 ns
[2020-09-11T18:10:26.425+0000][1][gc,start     ] GC(108) Pause Young (Allocation Failure)
[2020-09-11T18:10:26.426+0000][1][gc,task      ] GC(108) Using 1 workers of 1 for evacuation
[2020-09-11T18:10:26.441+0000][1][gc,age       ] GC(108) Desired survivor size 4358144 bytes, new threshold 6 (max threshold 6)
[2020-09-11T18:10:26.441+0000][1][gc,age       ] GC(108) Age table with threshold 6 (max threshold 6)
[2020-09-11T18:10:26.441+0000][1][gc,age       ] GC(108) - age   1:      67176 bytes,      67176 total
[2020-09-11T18:10:26.441+0000][1][gc,age       ] GC(108) - age   2:       3568 bytes,      70744 total
[2020-09-11T18:10:26.441+0000][1][gc,age       ] GC(108) - age   3:       1712 bytes,      72456 total
[2020-09-11T18:10:26.441+0000][1][gc,age       ] GC(108) - age   4:       7184 bytes,      79640 total
[2020-09-11T18:10:26.441+0000][1][gc,age       ] GC(108) - age   5:       4392 bytes,      84032 total
[2020-09-11T18:10:26.441+0000][1][gc,age       ] GC(108) - age   6:      13152 bytes,      97184 total
[2020-09-11T18:10:26.442+0000][1][gc,heap      ] GC(108) ParNew: 68448K->96K(76672K)
[2020-09-11T18:10:26.442+0000][1][gc,heap      ] GC(108) CMS: 79589K->79593K(439104K)
[2020-09-11T18:10:26.442+0000][1][gc,metaspace ] GC(108) Metaspace: 95570K->95570K(1136640K)
[2020-09-11T18:10:26.442+0000][1][gc           ] GC(108) Pause Young (Allocation Failure) 144M->77M(503M) 16.082ms
[2020-09-11T18:10:26.442+0000][1][gc,cpu       ] GC(108) User=0.01s Sys=0.00s Real=0.02s
[2020-09-11T18:10:26.442+0000][1][safepoint    ] Safepoint "GenCollectForAllocation", Time since last: 1410923063 ns, Reaching safepoint: 149281 ns, At safepoint: 16188589 ns, Total: 16337870 ns
[2020-09-11T18:10:27.442+0000][1][safepoint    ] Safepoint "Cleanup", Time since last: 1000174428 ns, Reaching safepoint: 88402 ns, At safepoint: 7605 ns, Total: 96007 ns
[2020-09-11T18:10:28.443+0000][1][safepoint    ] Safepoint "Cleanup", Time since last: 1000209724 ns, Reaching safepoint: 965420 ns, At safepoint: 8959 ns, Total: 974379 ns
[2020-09-11T18:10:28.450+0000][1][safepoint    ] Safepoint "RevokeBias", Time since last: 6052487 ns, Reaching safepoint: 848871 ns, At safepoint: 215001 ns, Total: 1063872 ns
[2020-09-11T18:10:29.450+0000][1][safepoint    ] Safepoint "Cleanup", Time since last: 1000113384 ns, Reaching safepoint: 93767 ns, At safepoint: 9051 ns, Total: 102818 ns
[2020-09-11T18:10:34.970+0000][1][safepoint    ] Safepoint "RevokeBias", Time since last: 5518943520 ns, Reaching safepoint: 163319 ns, At safepoint: 22384 ns, Total: 185703 ns
[2020-09-11T18:10:38.519+0000][1][safepoint    ] Safepoint "RevokeBias", Time since last: 3548840273 ns, Reaching safepoint: 90864 ns, At safepoint: 19678 ns, Total: 110542 ns
[2020-09-11T18:10:39.519+0000][1][safepoint    ] Safepoint "Cleanup", Time since last: 1000118739 ns, Reaching safepoint: 100202 ns, At safepoint: 10547 ns, Total: 110749 ns
[2020-09-11T18:10:45.006+0000][1][safepoint    ] Safepoint "RevokeBias", Time since last: 5486989213 ns, Reaching safepoint: 92844 ns, At safepoint: 23125 ns, Total: 115969 ns
[2020-09-11T18:10:46.006+0000][1][safepoint    ] Safepoint "Cleanup", Time since last: 1000111746 ns, Reaching safepoint: 95820 ns, At safepoint: 10083 ns, Total: 105903 ns
[2020-09-11T18:10:48.414+0000][1][safepoint    ] Safepoint "RevokeBias", Time since last: 2406787952 ns, Reaching safepoint: 1293542 ns, At safepoint: 223143 ns, Total: 1516685 ns
[2020-09-11T18:10:48.417+0000][1][gc,start     ] GC(109) Pause Young (Allocation Failure)
[2020-09-11T18:10:48.417+0000][1][gc,task      ] GC(109) Using 1 workers of 1 for evacuation
[2020-09-11T18:10:48.430+0000][1][gc,age       ] GC(109) Desired survivor size 4358144 bytes, new threshold 6 (max threshold 6)
[2020-09-11T18:10:48.430+0000][1][gc,age       ] GC(109) Age table with threshold 6 (max threshold 6)
[2020-09-11T18:10:48.430+0000][1][gc,age       ] GC(109) - age   1:     294336 bytes,     294336 total
[2020-09-11T18:10:48.430+0000][1][gc,age       ] GC(109) - age   2:       6096 bytes,     300432 total
[2020-09-11T18:10:48.430+0000][1][gc,age       ] GC(109) - age   3:       1600 bytes,     302032 total
[2020-09-11T18:10:48.430+0000][1][gc,age       ] GC(109) - age   4:       1712 bytes,     303744 total
[2020-09-11T18:10:48.430+0000][1][gc,age       ] GC(109) - age   5:       1104 bytes,     304848 total
[2020-09-11T18:10:48.430+0000][1][gc,age       ] GC(109) - age   6:       3112 bytes,     307960 total
[2020-09-11T18:10:48.430+0000][1][gc,heap      ] GC(109) ParNew: 68256K->381K(76672K)
[2020-09-11T18:10:48.430+0000][1][gc,heap      ] GC(109) CMS: 79593K->79606K(439104K)
[2020-09-11T18:10:48.430+0000][1][gc,metaspace ] GC(109) Metaspace: 95599K->95599K(1136640K)
[2020-09-11T18:10:48.430+0000][1][gc           ] GC(109) Pause Young (Allocation Failure) 144M->78M(503M) 13.254ms
[2020-09-11T18:10:48.430+0000][1][gc,cpu       ] GC(109) User=0.00s Sys=0.00s Real=0.01s
[2020-09-11T18:10:48.430+0000][1][safepoint    ] Safepoint "GenCollectForAllocation", Time since last: 1451896 ns, Reaching safepoint: 1040272 ns, At safepoint: 13421116 ns, Total: 14461388 ns
[2020-09-11T18:10:49.446+0000][1][safepoint    ] Safepoint "Cleanup", Time since last: 1015345543 ns, Reaching safepoint: 100739 ns, At safepoint: 10643 ns, Total: 111382 ns
[2020-09-11T18:10:51.446+0000][1][safepoint    ] Safepoint "Cleanup", Time since last: 2000194962 ns, Reaching safepoint: 97013 ns, At safepoint: 9754 ns, Total: 106767 ns
[2020-09-11T18:10:54.446+0000][1][safepoint    ] Safepoint "Cleanup", Time since last: 3000266817 ns, Reaching safepoint: 95981 ns, At safepoint: 9470 ns, Total: 105451 ns
[2020-09-11T18:10:55.017+0000][1][safepoint    ] Safepoint "RevokeBias", Time since last: 570159398 ns, Reaching safepoint: 193749 ns, At safepoint: 23035 ns, Total: 216784 ns
[2020-09-11T18:10:58.017+0000][1][safepoint    ] Safepoint "Cleanup", Time since last: 3000244966 ns, Reaching safepoint: 91364 ns, At safepoint: 8984 ns, Total: 100348 ns
[2020-09-11T18:10:58.427+0000][1][safepoint    ] Safepoint "RevokeBias", Time since last: 407555764 ns, Reaching safepoint: 2675955 ns, At safepoint: 24724 ns, Total: 2700679 ns
[2020-09-11T18:11:00.428+0000][1][safepoint    ] Safepoint "Cleanup", Time since last: 2000190467 ns, Reaching safepoint: 93580 ns, At safepoint: 9264 ns, Total: 102844 ns
[2020-09-11T18:11:01.428+0000][1][safepoint    ] Safepoint "Cleanup", Time since last: 1000119302 ns, Reaching safepoint: 92853 ns, At safepoint: 10293 ns, Total: 103146 ns
[2020-09-11T18:11:02.428+0000][1][safepoint    ] Safepoint "Cleanup", Time since last: 1000113186 ns, Reaching safepoint: 86061 ns, At safepoint: 6892 ns, Total: 92953 ns
[2020-09-11T18:11:03.428+0000][1][safepoint    ] Safepoint "Cleanup", Time since last: 1000133190 ns, Reaching safepoint: 91281 ns, At safepoint: 10317 ns, Total: 101598 ns
[2020-09-11T18:11:04.429+0000][1][safepoint    ] Safepoint "Cleanup", Time since last: 1000111646 ns, Reaching safepoint: 89733 ns, At safepoint: 9526 ns, Total: 99259 ns
[2020-09-11T18:11:05.026+0000][1][safepoint    ] Safepoint "RevokeBias", Time since last: 597176185 ns, Reaching safepoint: 87889 ns, At safepoint: 22788 ns, Total: 110677 ns
[2020-09-11T18:11:06.026+0000][1][safepoint    ] Safepoint "Cleanup", Time since last: 1000109893 ns, Reaching safepoint: 95706 ns, At safepoint: 9449 ns, Total: 105155 ns
[2020-09-11T18:11:07.026+0000][1][safepoint    ] Safepoint "Cleanup", Time since last: 1000112529 ns, Reaching safepoint: 90001 ns, At safepoint: 8756 ns, Total: 98757 ns
[2020-09-11T18:11:08.029+0000][1][safepoint    ] Safepoint "Cleanup", Time since last: 1002475119 ns, Reaching safepoint: 89638 ns, At safepoint: 7800 ns, Total: 97438 ns
[2020-09-11T18:11:08.400+0000][1][safepoint    ] Safepoint "RevokeBias", Time since last: 371111147 ns, Reaching safepoint: 88896 ns, At safepoint: 19736 ns, Total: 108632 ns
[2020-09-11T18:11:08.529+0000][1][gc,start     ] GC(110) Pause Young (Allocation Failure)
[2020-09-11T18:11:08.529+0000][1][gc,task      ] GC(110) Using 1 workers of 1 for evacuation
[2020-09-11T18:11:08.535+0000][1][gc,age       ] GC(110) Desired survivor size 4358144 bytes, new threshold 6 (max threshold 6)
[2020-09-11T18:11:08.535+0000][1][gc,age       ] GC(110) Age table with threshold 6 (max threshold 6)
[2020-09-11T18:11:08.535+0000][1][gc,age       ] GC(110) - age   1:     602944 bytes,     602944 total
[2020-09-11T18:11:08.535+0000][1][gc,age       ] GC(110) - age   2:      30464 bytes,     633408 total
[2020-09-11T18:11:08.535+0000][1][gc,age       ] GC(110) - age   3:       4632 bytes,     638040 total
[2020-09-11T18:11:08.535+0000][1][gc,age       ] GC(110) - age   4:       1504 bytes,     639544 total
[2020-09-11T18:11:08.535+0000][1][gc,age       ] GC(110) - age   5:       1712 bytes,     641256 total
[2020-09-11T18:11:08.535+0000][1][gc,age       ] GC(110) - age   6:       1104 bytes,     642360 total
[2020-09-11T18:11:08.535+0000][1][gc,heap      ] GC(110) ParNew: 68541K->748K(76672K)
[2020-09-11T18:11:08.535+0000][1][gc,heap      ] GC(110) CMS: 79606K->79609K(439104K)
[2020-09-11T18:11:08.535+0000][1][gc,metaspace ] GC(110) Metaspace: 95616K->95616K(1136640K)
[2020-09-11T18:11:08.535+0000][1][gc           ] GC(110) Pause Young (Allocation Failure) 144M->78M(503M) 6.856ms
[2020-09-11T18:11:08.535+0000][1][gc,cpu       ] GC(110) User=0.00s Sys=0.00s Real=0.01s
[2020-09-11T18:11:08.553+0000][1][safepoint    ] Safepoint "GenCollectForAllocation", Time since last: 124693475 ns, Reaching safepoint: 3753531 ns, At safepoint: 24249832 ns, Total: 28003363 ns
[2020-09-11T18:11:09.565+0000][1][safepoint    ] Safepoint "Cleanup", Time since last: 1011982014 ns, Reaching safepoint: 88727 ns, At safepoint: 9794 ns, Total: 98521 ns
[2020-09-11T18:11:10.565+0000][1][safepoint    ] Safepoint "Cleanup", Time since last: 1000118075 ns, Reaching safepoint: 87560 ns, At safepoint: 10559 ns, Total: 98119 ns
[2020-09-11T18:11:11.565+0000][1][safepoint    ] Safepoint "Cleanup", Time since last: 1000111747 ns, Reaching safepoint: 92505 ns, At safepoint: 11020 ns, Total: 103525 ns
[2020-09-11T18:11:12.566+0000][1][safepoint    ] Safepoint "Cleanup", Time since last: 1000115914 ns, Reaching safepoint: 89010 ns, At safepoint: 8558 ns, Total: 97568 ns
[2020-09-11T18:11:13.566+0000][1][safepoint    ] Safepoint "Cleanup", Time since last: 1000110408 ns, Reaching safepoint: 90580 ns, At safepoint: 9548 ns, Total: 100128 ns
[2020-09-11T18:11:14.566+0000][1][safepoint    ] Safepoint "Cleanup", Time since last: 1000109850 ns, Reaching safepoint: 89535 ns, At safepoint: 9060 ns, Total: 98595 ns
[2020-09-11T18:11:14.997+0000][1][safepoint    ] Safepoint "RevokeBias", Time since last: 430555073 ns, Reaching safepoint: 92227 ns, At safepoint: 22810 ns, Total: 115037 ns
[2020-09-11T18:11:15.997+0000][1][safepoint    ] Safepoint "Cleanup", Time since last: 1000124366 ns, Reaching safepoint: 153460 ns, At safepoint: 9518 ns, Total: 162978 ns
[2020-09-11T18:11:16.997+0000][1][safepoint    ] Safepoint "Cleanup", Time since last: 1000107975 ns, Reaching safepoint: 89159 ns, At safepoint: 9395 ns, Total: 98554 ns
[2020-09-11T18:11:17.997+0000][1][safepoint    ] Safepoint "Cleanup", Time since last: 1000109814 ns, Reaching safepoint: 112655 ns, At safepoint: 7310 ns, Total: 119965 ns
[2020-09-11T18:11:18.408+0000][1][safepoint    ] Safepoint "BulkRevokeBias", Time since last: 410599680 ns, Reaching safepoint: 91267 ns, At safepoint: 310052 ns, Total: 401319 ns
[2020-09-11T18:11:18.482+0000][1][safepoint    ] Safepoint "RevokeBias", Time since last: 72949261 ns, Reaching safepoint: 216499 ns, At safepoint: 22963 ns, Total: 239462 ns
[2020-09-11T18:11:19.482+0000][1][safepoint    ] Safepoint "Cleanup", Time since last: 1000111859 ns, Reaching safepoint: 96755 ns, At safepoint: 9450 ns, Total: 106205 ns
[2020-09-11T18:11:20.482+0000][1][safepoint    ] Safepoint "Cleanup", Time since last: 1000118144 ns, Reaching safepoint: 89273 ns, At safepoint: 7829 ns, Total: 97102 ns
[2020-09-11T18:11:21.482+0000][1][safepoint    ] Safepoint "Cleanup", Time since last: 1000131767 ns, Reaching safepoint: 159227 ns, At safepoint: 9969 ns, Total: 169196 ns
[2020-09-11T18:11:22.482+0000][1][safepoint    ] Safepoint "Cleanup", Time since last: 1000112656 ns, Reaching safepoint: 90225 ns, At safepoint: 9509 ns, Total: 99734 ns
[2020-09-11T18:11:23.483+0000][1][safepoint    ] Safepoint "Cleanup", Time since last: 1000114892 ns, Reaching safepoint: 90081 ns, At safepoint: 10222 ns, Total: 100303 ns
[2020-09-11T18:11:24.483+0000][1][safepoint    ] Safepoint "Cleanup", Time since last: 1000116231 ns, Reaching safepoint: 96098 ns, At safepoint: 10868 ns, Total: 106966 ns
[2020-09-11T18:11:25.028+0000][1][safepoint    ] Safepoint "RevokeBias", Time since last: 545234630 ns, Reaching safepoint: 165026 ns, At safepoint: 23868 ns, Total: 188894 ns
[2020-09-11T18:11:26.029+0000][1][safepoint    ] Safepoint "Cleanup", Time since last: 1000112802 ns, Reaching safepoint: 84220 ns, At safepoint: 8346 ns, Total: 92566 ns
[2020-09-11T18:11:27.029+0000][1][safepoint    ] Safepoint "Cleanup", Time since last: 1000115137 ns, Reaching safepoint: 85070 ns, At safepoint: 31271 ns, Total: 116341 ns
[2020-09-11T18:11:28.029+0000][1][safepoint    ] Safepoint "Cleanup", Time since last: 1000106921 ns, Reaching safepoint: 84034 ns, At safepoint: 6047 ns, Total: 90081 ns
[2020-09-11T18:11:28.430+0000][1][safepoint    ] Safepoint "RevokeBias", Time since last: 400209938 ns, Reaching safepoint: 212732 ns, At safepoint: 214731 ns, Total: 427463 ns
[2020-09-11T18:11:29.430+0000][1][safepoint    ] Safepoint "Cleanup", Time since last: 1000110857 ns, Reaching safepoint: 97231 ns, At safepoint: 10011 ns, Total: 107242 ns
[2020-09-11T18:11:30.430+0000][1][safepoint    ] Safepoint "Cleanup", Time since last: 1000113182 ns, Reaching safepoint: 88893 ns, At safepoint: 9530 ns, Total: 98423 ns
[2020-09-11T18:11:31.430+0000][1][safepoint    ] Safepoint "Cleanup", Time since last: 1000109630 ns, Reaching safepoint: 90260 ns, At safepoint: 9531 ns, Total: 99791 ns
[2020-09-11T18:11:31.497+0000][1][gc,start     ] GC(111) Pause Young (Allocation Failure)
[2020-09-11T18:11:31.497+0000][1][gc,task      ] GC(111) Using 1 workers of 1 for evacuation
[2020-09-11T18:11:31.508+0000][1][gc,age       ] GC(111) Desired survivor size 4358144 bytes, new threshold 6 (max threshold 6)
[2020-09-11T18:11:31.508+0000][1][gc,age       ] GC(111) Age table with threshold 6 (max threshold 6)
[2020-09-11T18:11:31.508+0000][1][gc,age       ] GC(111) - age   1:      63488 bytes,      63488 total
[2020-09-11T18:11:31.508+0000][1][gc,age       ] GC(111) - age   2:       9000 bytes,      72488 total
[2020-09-11T18:11:31.508+0000][1][gc,age       ] GC(111) - age   3:      12000 bytes,      84488 total
[2020-09-11T18:11:31.508+0000][1][gc,age       ] GC(111) - age   4:       4632 bytes,      89120 total
[2020-09-11T18:11:31.508+0000][1][gc,age       ] GC(111) - age   5:       1504 bytes,      90624 total
[2020-09-11T18:11:31.508+0000][1][gc,age       ] GC(111) - age   6:       1400 bytes,      92024 total
[2020-09-11T18:11:31.508+0000][1][gc,heap      ] GC(111) ParNew: 68908K->532K(76672K)
[2020-09-11T18:11:31.508+0000][1][gc,heap      ] GC(111) CMS: 79609K->79610K(439104K)
[2020-09-11T18:11:31.508+0000][1][gc,metaspace ] GC(111) Metaspace: 95645K->95645K(1136640K)
[2020-09-11T18:11:31.508+0000][1][gc           ] GC(111) Pause Young (Allocation Failure) 145M->78M(503M) 11.436ms
[2020-09-11T18:11:31.508+0000][1][gc,cpu       ] GC(111) User=0.00s Sys=0.00s Real=0.01s
[2020-09-11T18:11:31.508+0000][1][safepoint    ] Safepoint "GenCollectForAllocation", Time since last: 64255621 ns, Reaching safepoint: 2354177 ns, At safepoint: 11506040 ns, Total: 13860217 ns
[2020-09-11T18:11:32.510+0000][1][safepoint    ] Safepoint "Cleanup", Time since last: 1001813582 ns, Reaching safepoint: 82749 ns, At safepoint: 18385 ns, Total: 101134 ns
[2020-09-11T18:11:33.511+0000][1][safepoint    ] Safepoint "Cleanup", Time since last: 1000146994 ns, Reaching safepoint: 174863 ns, At safepoint: 22207 ns, Total: 197070 ns
[2020-09-11T18:11:34.511+0000][1][safepoint    ] Safepoint "Cleanup", Time since last: 1000109926 ns, Reaching safepoint: 79819 ns, At safepoint: 17676 ns, Total: 97495 ns
[2020-09-11T18:11:34.949+0000][1][safepoint    ] Safepoint "RevokeBias", Time since last: 437568643 ns, Reaching safepoint: 84877 ns, At safepoint: 33448 ns, Total: 118325 ns
[2020-09-11T18:11:38.442+0000][1][safepoint    ] Safepoint "RevokeBias", Time since last: 3492637345 ns, Reaching safepoint: 228608 ns, At safepoint: 248793 ns, Total: 477401 ns
[2020-09-11T18:11:39.445+0000][1][safepoint    ] Safepoint "Cleanup", Time since last: 1003161363 ns, Reaching safepoint: 100372 ns, At safepoint: 9051 ns, Total: 109423 ns
[2020-09-11T18:11:45.020+0000][1][safepoint    ] Safepoint "BulkRevokeBias", Time since last: 5575193273 ns, Reaching safepoint: 93639 ns, At safepoint: 283490 ns, Total: 377129 ns
[2020-09-11T18:11:46.021+0000][1][safepoint    ] Safepoint "Cleanup", Time since last: 1000120449 ns, Reaching safepoint: 97533 ns, At safepoint: 9470 ns, Total: 107003 ns
[2020-09-11T18:11:47.021+0000][1][safepoint    ] Safepoint "Cleanup", Time since last: 1000094274 ns, Reaching safepoint: 92126 ns, At safepoint: 9978 ns, Total: 102104 ns
[2020-09-11T18:11:48.021+0000][1][safepoint    ] Safepoint "Cleanup", Time since last: 1000134946 ns, Reaching safepoint: 107149 ns, At safepoint: 9656 ns, Total: 116805 ns
[2020-09-11T18:11:48.411+0000][1][safepoint    ] Safepoint "RevokeBias", Time since last: 389116984 ns, Reaching safepoint: 285561 ns, At safepoint: 208259 ns, Total: 493820 ns
[2020-09-11T18:11:49.411+0000][1][safepoint    ] Safepoint "Cleanup", Time since last: 1000111751 ns, Reaching safepoint: 97868 ns, At safepoint: 10374 ns, Total: 108242 ns
[2020-09-11T18:11:50.411+0000][1][safepoint    ] Safepoint "Cleanup", Time since last: 1000130010 ns, Reaching safepoint: 113958 ns, At safepoint: 11194 ns, Total: 125152 ns
[2020-09-11T18:11:51.411+0000][1][safepoint    ] Safepoint "Cleanup", Time since last: 1000120073 ns, Reaching safepoint: 97593 ns, At safepoint: 10218 ns, Total: 107811 ns
[2020-09-11T18:11:52.412+0000][1][safepoint    ] Safepoint "Cleanup", Time since last: 1000122192 ns, Reaching safepoint: 91928 ns, At safepoint: 9391 ns, Total: 101319 ns
[2020-09-11T18:11:53.412+0000][1][safepoint    ] Safepoint "Cleanup", Time since last: 1000118433 ns, Reaching safepoint: 88495 ns, At safepoint: 7024 ns, Total: 95519 ns
[2020-09-11T18:11:54.412+0000][1][safepoint    ] Safepoint "Cleanup", Time since last: 1000117820 ns, Reaching safepoint: 91151 ns, At safepoint: 8712 ns, Total: 99863 ns
[2020-09-11T18:11:55.019+0000][1][safepoint    ] Safepoint "RevokeBias", Time since last: 607038636 ns, Reaching safepoint: 239400 ns, At safepoint: 27411 ns, Total: 266811 ns
[2020-09-11T18:11:56.020+0000][1][safepoint    ] Safepoint "Cleanup", Time since last: 1000126851 ns, Reaching safepoint: 96164 ns, At safepoint: 10608 ns, Total: 106772 ns
[2020-09-11T18:11:56.533+0000][1][gc,start     ] GC(112) Pause Young (Allocation Failure)
[2020-09-11T18:11:56.533+0000][1][gc,task      ] GC(112) Using 1 workers of 1 for evacuation
[2020-09-11T18:11:56.541+0000][1][gc,age       ] GC(112) Desired survivor size 4358144 bytes, new threshold 6 (max threshold 6)
[2020-09-11T18:11:56.541+0000][1][gc,age       ] GC(112) Age table with threshold 6 (max threshold 6)
[2020-09-11T18:11:56.541+0000][1][gc,age       ] GC(112) - age   1:      65896 bytes,      65896 total
[2020-09-11T18:11:56.541+0000][1][gc,age       ] GC(112) - age   2:       4496 bytes,      70392 total
[2020-09-11T18:11:56.541+0000][1][gc,age       ] GC(112) - age   3:       4336 bytes,      74728 total
[2020-09-11T18:11:56.541+0000][1][gc,age       ] GC(112) - age   4:      12000 bytes,      86728 total
[2020-09-11T18:11:56.541+0000][1][gc,age       ] GC(112) - age   5:       4632 bytes,      91360 total
[2020-09-11T18:11:56.541+0000][1][gc,age       ] GC(112) - age   6:       1504 bytes,      92864 total
[2020-09-11T18:11:56.541+0000][1][gc,heap      ] GC(112) ParNew: 68692K->150K(76672K)
[2020-09-11T18:11:56.541+0000][1][gc,heap      ] GC(112) CMS: 79610K->79611K(439104K)
[2020-09-11T18:11:56.541+0000][1][gc,metaspace ] GC(112) Metaspace: 95700K->95700K(1136640K)
[2020-09-11T18:11:56.542+0000][1][gc           ] GC(112) Pause Young (Allocation Failure) 144M->77M(503M) 8.657ms
[2020-09-11T18:11:56.542+0000][1][gc,cpu       ] GC(112) User=0.00s Sys=0.00s Real=0.01s
[2020-09-11T18:11:56.542+0000][1][safepoint    ] Safepoint "GenCollectForAllocation", Time since last: 510785743 ns, Reaching safepoint: 2414128 ns, At safepoint: 8730924 ns, Total: 11145052 ns
[2020-09-11T18:11:57.544+0000][1][safepoint    ] Safepoint "Cleanup", Time since last: 1002170287 ns, Reaching safepoint: 159270 ns, At safepoint: 33722 ns, Total: 192992 ns
[2020-09-11T18:11:58.405+0000][1][safepoint    ] Safepoint "RevokeBias", Time since last: 859106694 ns, Reaching safepoint: 1554885 ns, At safepoint: 267473 ns, Total: 1822358 ns
[2020-09-11T18:11:59.405+0000][1][safepoint    ] Safepoint "Cleanup", Time since last: 1000117403 ns, Reaching safepoint: 94226 ns, At safepoint: 10425 ns, Total: 104651 ns
[2020-09-11T18:12:00.405+0000][1][safepoint    ] Safepoint "Cleanup", Time since last: 1000117054 ns, Reaching safepoint: 90353 ns, At safepoint: 9693 ns, Total: 100046 ns
[2020-09-11T18:12:01.406+0000][1][safepoint    ] Safepoint "Cleanup", Time since last: 1000116320 ns, Reaching safepoint: 91152 ns, At safepoint: 9877 ns, Total: 101029 ns
[2020-09-11T18:12:02.406+0000][1][safepoint    ] Safepoint "Cleanup", Time since last: 1000112319 ns, Reaching safepoint: 89069 ns, At safepoint: 9915 ns, Total: 98984 ns
[2020-09-11T18:12:03.406+0000][1][safepoint    ] Safepoint "Cleanup", Time since last: 1000113184 ns, Reaching safepoint: 93103 ns, At safepoint: 10089 ns, Total: 103192 ns
[2020-09-11T18:12:04.406+0000][1][safepoint    ] Safepoint "Cleanup", Time since last: 1000112125 ns, Reaching safepoint: 99397 ns, At safepoint: 10479 ns, Total: 109876 ns
[2020-09-11T18:12:05.027+0000][1][safepoint    ] Safepoint "RevokeBias", Time since last: 620882331 ns, Reaching safepoint: 88829 ns, At safepoint: 20104 ns, Total: 108933 ns
[2020-09-11T18:12:06.027+0000][1][safepoint    ] Safepoint "Cleanup", Time since last: 1000099072 ns, Reaching safepoint: 84498 ns, At safepoint: 7581 ns, Total: 92079 ns
[2020-09-11T18:12:07.028+0000][1][safepoint    ] Safepoint "Cleanup", Time since last: 1000116990 ns, Reaching safepoint: 91685 ns, At safepoint: 8556 ns, Total: 100241 ns
[2020-09-11T18:12:08.028+0000][1][safepoint    ] Safepoint "Cleanup", Time since last: 1000094438 ns, Reaching safepoint: 92839 ns, At safepoint: 9927 ns, Total: 102766 ns
[2020-09-11T18:12:08.420+0000][1][safepoint    ] Safepoint "RevokeBias", Time since last: 391317284 ns, Reaching safepoint: 226062 ns, At safepoint: 251074 ns, Total: 477136 ns
[2020-09-11T18:12:09.420+0000][1][safepoint    ] Safepoint "Cleanup", Time since last: 1000124426 ns, Reaching safepoint: 93221 ns, At safepoint: 10063 ns, Total: 103284 ns
[2020-09-11T18:12:10.420+0000][1][safepoint    ] Safepoint "Cleanup", Time since last: 1000115904 ns, Reaching safepoint: 87648 ns, At safepoint: 9622 ns, Total: 97270 ns
[2020-09-11T18:12:11.420+0000][1][safepoint    ] Safepoint "Cleanup", Time since last: 1000112565 ns, Reaching safepoint: 84169 ns, At safepoint: 7265 ns, Total: 91434 ns
[2020-09-11T18:12:12.420+0000][1][safepoint    ] Safepoint "Cleanup", Time since last: 1000112932 ns, Reaching safepoint: 96015 ns, At safepoint: 10094 ns, Total: 106109 ns
[2020-09-11T18:12:13.421+0000][1][safepoint    ] Safepoint "Cleanup", Time since last: 1000114930 ns, Reaching safepoint: 92081 ns, At safepoint: 9994 ns, Total: 102075 ns
[2020-09-11T18:12:14.421+0000][1][safepoint    ] Safepoint "Cleanup", Time since last: 1000130709 ns, Reaching safepoint: 88658 ns, At safepoint: 9477 ns, Total: 98135 ns
[2020-09-11T18:12:14.942+0000][1][safepoint    ] Safepoint "RevokeBias", Time since last: 520921607 ns, Reaching safepoint: 89369 ns, At safepoint: 21054 ns, Total: 110423 ns
[2020-09-11T18:12:15.570+0000][1][safepoint    ] Safepoint "RevokeBias", Time since last: 628364729 ns, Reaching safepoint: 157520 ns, At safepoint: 12250 ns, Total: 169770 ns
[2020-09-11T18:12:15.571+0000][1][safepoint    ] Safepoint "RevokeBias", Time since last: 571773 ns, Reaching safepoint: 141375 ns, At safepoint: 9786 ns, Total: 151161 ns
[2020-09-11T18:12:16.571+0000][1][safepoint    ] Safepoint "Cleanup", Time since last: 1000106751 ns, Reaching safepoint: 103460 ns, At safepoint: 7898 ns, Total: 111358 ns
[2020-09-11T18:12:17.572+0000][1][safepoint    ] Safepoint "Cleanup", Time since last: 1000113172 ns, Reaching safepoint: 89300 ns, At safepoint: 8638 ns, Total: 97938 ns
[2020-09-11T18:12:18.340+0000][1][gc,start     ] GC(113) Pause Young (Allocation Failure)
[2020-09-11T18:12:18.340+0000][1][gc,task      ] GC(113) Using 1 workers of 1 for evacuation
[2020-09-11T18:12:18.350+0000][1][gc,age       ] GC(113) Desired survivor size 4358144 bytes, new threshold 6 (max threshold 6)
[2020-09-11T18:12:18.350+0000][1][gc,age       ] GC(113) Age table with threshold 6 (max threshold 6)
[2020-09-11T18:12:18.350+0000][1][gc,age       ] GC(113) - age   1:     377648 bytes,     377648 total
[2020-09-11T18:12:18.350+0000][1][gc,age       ] GC(113) - age   2:       2944 bytes,     380592 total
[2020-09-11T18:12:18.350+0000][1][gc,age       ] GC(113) - age   3:       2528 bytes,     383120 total
[2020-09-11T18:12:18.350+0000][1][gc,age       ] GC(113) - age   4:       4048 bytes,     387168 total
[2020-09-11T18:12:18.350+0000][1][gc,age       ] GC(113) - age   5:      10560 bytes,     397728 total
[2020-09-11T18:12:18.350+0000][1][gc,age       ] GC(113) - age   6:       2784 bytes,     400512 total
[2020-09-11T18:12:18.350+0000][1][gc,heap      ] GC(113) ParNew: 68310K->486K(76672K)
[2020-09-11T18:12:18.350+0000][1][gc,heap      ] GC(113) CMS: 79611K->79613K(439104K)
[2020-09-11T18:12:18.350+0000][1][gc,metaspace ] GC(113) Metaspace: 95731K->95731K(1136640K)
[2020-09-11T18:12:18.350+0000][1][gc           ] GC(113) Pause Young (Allocation Failure) 144M->78M(503M) 10.065ms
[2020-09-11T18:12:18.350+0000][1][gc,cpu       ] GC(113) User=0.00s Sys=0.00s Real=0.01s
[2020-09-11T18:12:18.353+0000][1][safepoint    ] Safepoint "GenCollectForAllocation", Time since last: 766551897 ns, Reaching safepoint: 2139330 ns, At safepoint: 12557875 ns, Total: 14697205 ns
[2020-09-11T18:12:18.417+0000][1][safepoint    ] Safepoint "RevokeBias", Time since last: 63781564 ns, Reaching safepoint: 290632 ns, At safepoint: 243716 ns, Total: 534348 ns
[2020-09-11T18:12:19.170+0000][1][safepoint    ] Safepoint "RevokeBias", Time since last: 752782888 ns, Reaching safepoint: 193302 ns, At safepoint: 22294 ns, Total: 215596 ns
[2020-09-11T18:12:19.205+0000][1][safepoint    ] Safepoint "RevokeBias", Time since last: 30874856 ns, Reaching safepoint: 174046 ns, At safepoint: 3643187 ns, Total: 3817233 ns
[2020-09-11T18:12:19.205+0000][1][safepoint    ] Safepoint "RevokeBias", Time since last: 92257 ns, Reaching safepoint: 160200 ns, At safepoint: 17825 ns, Total: 178025 ns
[2020-09-11T18:12:19.205+0000][1][safepoint    ] Safepoint "RevokeBias", Time since last: 35992 ns, Reaching safepoint: 108580 ns, At safepoint: 12405 ns, Total: 120985 ns
[2020-09-11T18:12:19.206+0000][1][safepoint    ] Safepoint "RevokeBias", Time since last: 34707 ns, Reaching safepoint: 320773 ns, At safepoint: 12758 ns, Total: 333531 ns
[2020-09-11T18:12:19.206+0000][1][safepoint    ] Safepoint "RevokeBias", Time since last: 37003 ns, Reaching safepoint: 107249 ns, At safepoint: 11742 ns, Total: 118991 ns
[2020-09-11T18:12:19.206+0000][1][safepoint    ] Safepoint "RevokeBias", Time since last: 35201 ns, Reaching safepoint: 109782 ns, At safepoint: 11344 ns, Total: 121126 ns
[2020-09-11T18:12:19.206+0000][1][safepoint    ] Safepoint "RevokeBias", Time since last: 33648 ns, Reaching safepoint: 106117 ns, At safepoint: 11368 ns, Total: 117485 ns
[2020-09-11T18:12:19.206+0000][1][safepoint    ] Safepoint "RevokeBias", Time since last: 32533 ns, Reaching safepoint: 127519 ns, At safepoint: 11367 ns, Total: 138886 ns
[2020-09-11T18:12:19.209+0000][1][safepoint    ] Safepoint "RevokeBias", Time since last: 644251 ns, Reaching safepoint: 1893720 ns, At safepoint: 19682 ns, Total: 1913402 ns
[2020-09-11T18:12:19.211+0000][1][safepoint    ] Safepoint "RevokeBias", Time since last: 174637 ns, Reaching safepoint: 2209270 ns, At safepoint: 20369 ns, Total: 2229639 ns
[2020-09-11T18:12:19.243+0000][1][safepoint    ] Safepoint "RevokeBias", Time since last: 31392823 ns, Reaching safepoint: 157024 ns, At safepoint: 21841 ns, Total: 178865 ns
[2020-09-11T18:12:19.243+0000][1][safepoint    ] Safepoint "RevokeBias", Time since last: 152879 ns, Reaching safepoint: 124920 ns, At safepoint: 13896 ns, Total: 138816 ns
[2020-09-11T18:12:20.040+0000][1][safepoint    ] Safepoint "RevokeBias", Time since last: 796565670 ns, Reaching safepoint: 168762 ns, At safepoint: 36874 ns, Total: 205636 ns
[2020-09-11T18:12:20.041+0000][1][safepoint    ] Safepoint "RevokeBias", Time since last: 80474 ns, Reaching safepoint: 881862 ns, At safepoint: 21995 ns, Total: 903857 ns
[2020-09-11T18:12:20.041+0000][1][safepoint    ] Safepoint "RevokeBias", Time since last: 127492 ns, Reaching safepoint: 129879 ns, At safepoint: 15629 ns, Total: 145508 ns
[2020-09-11T18:12:20.041+0000][1][safepoint    ] Safepoint "RevokeBias", Time since last: 44738 ns, Reaching safepoint: 117056 ns, At safepoint: 14625 ns, Total: 131681 ns
[2020-09-11T18:12:21.041+0000][1][safepoint    ] Safepoint "Cleanup", Time since last: 1000088636 ns, Reaching safepoint: 89542 ns, At safepoint: 10023 ns, Total: 99565 ns
[2020-09-11T18:12:22.042+0000][1][safepoint    ] Safepoint "Cleanup", Time since last: 1000114350 ns, Reaching safepoint: 95594 ns, At safepoint: 9951 ns, Total: 105545 ns
[2020-09-11T18:12:23.042+0000][1][safepoint    ] Safepoint "Cleanup", Time since last: 1000115461 ns, Reaching safepoint: 111144 ns, At safepoint: 19430 ns, Total: 130574 ns
[2020-09-11T18:12:24.961+0000][1][safepoint    ] Safepoint "RevokeBias", Time since last: 1918470557 ns, Reaching safepoint: 172554 ns, At safepoint: 22826 ns, Total: 195380 ns
[2020-09-11T18:12:25.512+0000][1][safepoint    ] Safepoint "RevokeBias", Time since last: 551084742 ns, Reaching safepoint: 326732 ns, At safepoint: 28615 ns, Total: 355347 ns
[2020-09-11T18:12:25.513+0000][1][safepoint    ] Safepoint "RevokeBias", Time since last: 70973 ns, Reaching safepoint: 726720 ns, At safepoint: 21491 ns, Total: 748211 ns
[2020-09-11T18:12:25.513+0000][1][safepoint    ] Safepoint "RevokeBias", Time since last: 51815 ns, Reaching safepoint: 404127 ns, At safepoint: 18015 ns, Total: 422142 ns
[2020-09-11T18:12:25.514+0000][1][safepoint    ] Safepoint "RevokeBias", Time since last: 46154 ns, Reaching safepoint: 173956 ns, At safepoint: 16471 ns, Total: 190427 ns
[2020-09-11T18:12:25.514+0000][1][safepoint    ] Safepoint "RevokeBias", Time since last: 40096 ns, Reaching safepoint: 362679 ns, At safepoint: 17186 ns, Total: 379865 ns
[2020-09-11T18:12:25.514+0000][1][safepoint    ] Safepoint "RevokeBias", Time since last: 51052 ns, Reaching safepoint: 146534 ns, At safepoint: 14874 ns, Total: 161408 ns
[2020-09-11T18:12:25.517+0000][1][safepoint    ] Safepoint "RevokeBias", Time since last: 554533 ns, Reaching safepoint: 2055889 ns, At safepoint: 38747 ns, Total: 2094636 ns
[2020-09-11T18:12:25.518+0000][1][safepoint    ] Safepoint "BulkRevokeBias", Time since last: 40092 ns, Reaching safepoint: 142260 ns, At safepoint: 555722 ns, Total: 697982 ns
[2020-09-11T18:12:27.519+0000][1][safepoint    ] Safepoint "Cleanup", Time since last: 2001059206 ns, Reaching safepoint: 103995 ns, At safepoint: 10166 ns, Total: 114161 ns
[2020-09-11T18:12:28.432+0000][1][safepoint    ] Safepoint "RevokeBias", Time since last: 912643105 ns, Reaching safepoint: 286045 ns, At safepoint: 24071 ns, Total: 310116 ns
[2020-09-11T18:12:29.432+0000][1][safepoint    ] Safepoint "Cleanup", Time since last: 1000112514 ns, Reaching safepoint: 108335 ns, At safepoint: 9876 ns, Total: 118211 ns
[2020-09-11T18:12:30.432+0000][1][safepoint    ] Safepoint "Cleanup", Time since last: 1000111170 ns, Reaching safepoint: 102451 ns, At safepoint: 8480 ns, Total: 110931 ns
[2020-09-11T18:12:31.581+0000][1][gc,start     ] GC(114) Pause Young (Allocation Failure)
[2020-09-11T18:12:31.581+0000][1][gc,task      ] GC(114) Using 1 workers of 1 for evacuation
[2020-09-11T18:12:31.590+0000][1][gc,age       ] GC(114) Desired survivor size 4358144 bytes, new threshold 6 (max threshold 6)
[2020-09-11T18:12:31.590+0000][1][gc,age       ] GC(114) Age table with threshold 6 (max threshold 6)
[2020-09-11T18:12:31.590+0000][1][gc,age       ] GC(114) - age   1:     153960 bytes,     153960 total
[2020-09-11T18:12:31.590+0000][1][gc,age       ] GC(114) - age   2:      38680 bytes,     192640 total
[2020-09-11T18:12:31.590+0000][1][gc,age       ] GC(114) - age   3:       1664 bytes,     194304 total
[2020-09-11T18:12:31.590+0000][1][gc,age       ] GC(114) - age   4:       2528 bytes,     196832 total
[2020-09-11T18:12:31.590+0000][1][gc,age       ] GC(114) - age   5:       4048 bytes,     200880 total
[2020-09-11T18:12:31.590+0000][1][gc,age       ] GC(114) - age   6:       3720 bytes,     204600 total
[2020-09-11T18:12:31.590+0000][1][gc,heap      ] GC(114) ParNew: 68646K->271K(76672K)
[2020-09-11T18:12:31.590+0000][1][gc,heap      ] GC(114) CMS: 79613K->79616K(439104K)
[2020-09-11T18:12:31.590+0000][1][gc,metaspace ] GC(114) Metaspace: 95779K->95779K(1138688K)
[2020-09-11T18:12:31.590+0000][1][gc           ] GC(114) Pause Young (Allocation Failure) 144M->78M(503M) 9.639ms
[2020-09-11T18:12:31.591+0000][1][gc,cpu       ] GC(114) User=0.01s Sys=0.00s Real=0.00s
[2020-09-11T18:12:31.591+0000][1][safepoint    ] Safepoint "GenCollectForAllocation", Time since last: 1148463317 ns, Reaching safepoint: 168167 ns, At safepoint: 9729078 ns, Total: 9897245 ns
[2020-09-11T18:12:33.607+0000][1][safepoint    ] Safepoint "Cleanup", Time since last: 2016166928 ns, Reaching safepoint: 98461 ns, At safepoint: 24527 ns, Total: 122988 ns
[2020-09-11T18:12:34.950+0000][1][safepoint    ] Safepoint "RevokeBias", Time since last: 1342588406 ns, Reaching safepoint: 89048 ns, At safepoint: 22634 ns, Total: 111682 ns
[2020-09-11T18:12:38.405+0000][1][safepoint    ] Safepoint "RevokeBias", Time since last: 3454162000 ns, Reaching safepoint: 778599 ns, At safepoint: 220811 ns, Total: 999410 ns
[2020-09-11T18:12:42.406+0000][1][safepoint    ] Safepoint "Cleanup", Time since last: 4001138374 ns, Reaching safepoint: 101498 ns, At safepoint: 9394 ns, Total: 110892 ns
[2020-09-11T18:12:44.919+0000][1][safepoint    ] Safepoint "RevokeBias", Time since last: 2512641307 ns, Reaching safepoint: 202250 ns, At safepoint: 27647 ns, Total: 229897 ns
[2020-09-11T18:12:44.919+0000][1][safepoint    ] Safepoint "RevokeBias", Time since last: 71710 ns, Reaching safepoint: 169913 ns, At safepoint: 18421 ns, Total: 188334 ns
[2020-09-11T18:12:44.919+0000][1][safepoint    ] Safepoint "RevokeBias", Time since last: 54837 ns, Reaching safepoint: 159047 ns, At safepoint: 16952 ns, Total: 175999 ns
[2020-09-11T18:12:44.960+0000][1][safepoint    ] Safepoint "RevokeBias", Time since last: 40241860 ns, Reaching safepoint: 171691 ns, At safepoint: 23535 ns, Total: 195226 ns
[2020-09-11T18:12:48.410+0000][1][safepoint    ] Safepoint "RevokeBias", Time since last: 3449684311 ns, Reaching safepoint: 90354 ns, At safepoint: 22192 ns, Total: 112546 ns
[2020-09-11T18:12:49.410+0000][1][safepoint    ] Safepoint "Cleanup", Time since last: 1000113056 ns, Reaching safepoint: 94742 ns, At safepoint: 9263 ns, Total: 104005 ns
[2020-09-11T18:12:54.960+0000][1][safepoint    ] Safepoint "RevokeBias", Time since last: 5549853784 ns, Reaching safepoint: 171157 ns, At safepoint: 25849 ns, Total: 197006 ns
[2020-09-11T18:12:55.960+0000][1][safepoint    ] Safepoint "Cleanup", Time since last: 1000111670 ns, Reaching safepoint: 97386 ns, At safepoint: 7712 ns, Total: 105098 ns
[2020-09-11T18:12:56.638+0000][1][gc,start     ] GC(115) Pause Young (Allocation Failure)
[2020-09-11T18:12:56.638+0000][1][gc,task      ] GC(115) Using 1 workers of 1 for evacuation
[2020-09-11T18:12:56.647+0000][1][gc,age       ] GC(115) Desired survivor size 4358144 bytes, new threshold 6 (max threshold 6)
[2020-09-11T18:12:56.647+0000][1][gc,age       ] GC(115) Age table with threshold 6 (max threshold 6)
[2020-09-11T18:12:56.647+0000][1][gc,age       ] GC(115) - age   1:      81808 bytes,      81808 total
[2020-09-11T18:12:56.647+0000][1][gc,age       ] GC(115) - age   2:     112064 bytes,     193872 total
[2020-09-11T18:12:56.647+0000][1][gc,age       ] GC(115) - age   3:      17872 bytes,     211744 total
[2020-09-11T18:12:56.647+0000][1][gc,age       ] GC(115) - age   4:       1664 bytes,     213408 total
[2020-09-11T18:12:56.647+0000][1][gc,age       ] GC(115) - age   5:       2528 bytes,     215936 total
[2020-09-11T18:12:56.647+0000][1][gc,age       ] GC(115) - age   6:       4048 bytes,     219984 total
[2020-09-11T18:12:56.647+0000][1][gc,heap      ] GC(115) ParNew: 68431K->217K(76672K)
[2020-09-11T18:12:56.647+0000][1][gc,heap      ] GC(115) CMS: 79616K->79619K(439104K)
[2020-09-11T18:12:56.647+0000][1][gc,metaspace ] GC(115) Metaspace: 95814K->95814K(1138688K)
[2020-09-11T18:12:56.647+0000][1][gc           ] GC(115) Pause Young (Allocation Failure) 144M->77M(503M) 8.915ms
[2020-09-11T18:12:56.647+0000][1][gc,cpu       ] GC(115) User=0.01s Sys=0.00s Real=0.01s
[2020-09-11T18:12:56.647+0000][1][safepoint    ] Safepoint "GenCollectForAllocation", Time since last: 678191919 ns, Reaching safepoint: 159355 ns, At safepoint: 8989405 ns, Total: 9148760 ns
[2020-09-11T18:12:57.653+0000][1][safepoint    ] Safepoint "Cleanup", Time since last: 1005982945 ns, Reaching safepoint: 94243 ns, At safepoint: 24866 ns, Total: 119109 ns
[2020-09-11T18:12:58.425+0000][1][safepoint    ] Safepoint "RevokeBias", Time since last: 768819343 ns, Reaching safepoint: 2576858 ns, At safepoint: 31821 ns, Total: 2608679 ns
[2020-09-11T18:12:59.425+0000][1][safepoint    ] Safepoint "Cleanup", Time since last: 1000115170 ns, Reaching safepoint: 92954 ns, At safepoint: 9025 ns, Total: 101979 ns
[2020-09-11T18:13:05.028+0000][1][safepoint    ] Safepoint "RevokeBias", Time since last: 5602670248 ns, Reaching safepoint: 86546 ns, At safepoint: 21876 ns, Total: 108422 ns
[2020-09-11T18:13:08.406+0000][1][safepoint    ] Safepoint "RevokeBias", Time since last: 3377185992 ns, Reaching safepoint: 230682 ns, At safepoint: 210632 ns, Total: 441314 ns
[2020-09-11T18:13:09.406+0000][1][safepoint    ] Safepoint "Cleanup", Time since last: 1000116212 ns, Reaching safepoint: 97841 ns, At safepoint: 10403 ns, Total: 108244 ns
[2020-09-11T18:13:13.406+0000][1][safepoint    ] Safepoint "Cleanup", Time since last: 4000356382 ns, Reaching safepoint: 93856 ns, At safepoint: 10320 ns, Total: 104176 ns
[2020-09-11T18:13:14.947+0000][1][safepoint    ] Safepoint "RevokeBias", Time since last: 1540613594 ns, Reaching safepoint: 158042 ns, At safepoint: 23751 ns, Total: 181793 ns
[2020-09-11T18:13:17.947+0000][1][safepoint    ] Safepoint "Cleanup", Time since last: 3000265566 ns, Reaching safepoint: 108483 ns, At safepoint: 9666 ns, Total: 118149 ns
[2020-09-11T18:13:18.365+0000][1][gc,start     ] GC(116) Pause Young (Allocation Failure)
[2020-09-11T18:13:18.365+0000][1][gc,task      ] GC(116) Using 1 workers of 1 for evacuation
[2020-09-11T18:13:18.378+0000][1][gc,age       ] GC(116) Desired survivor size 4358144 bytes, new threshold 6 (max threshold 6)
[2020-09-11T18:13:18.378+0000][1][gc,age       ] GC(116) Age table with threshold 6 (max threshold 6)
[2020-09-11T18:13:18.378+0000][1][gc,age       ] GC(116) - age   1:     266800 bytes,     266800 total
[2020-09-11T18:13:18.378+0000][1][gc,age       ] GC(116) - age   2:      19456 bytes,     286256 total
[2020-09-11T18:13:18.378+0000][1][gc,age       ] GC(116) - age   3:     110368 bytes,     396624 total
[2020-09-11T18:13:18.378+0000][1][gc,age       ] GC(116) - age   4:      17584 bytes,     414208 total
[2020-09-11T18:13:18.378+0000][1][gc,age       ] GC(116) - age   5:       1664 bytes,     415872 total
[2020-09-11T18:13:18.378+0000][1][gc,age       ] GC(116) - age   6:       2528 bytes,     418400 total
[2020-09-11T18:13:18.378+0000][1][gc,heap      ] GC(116) ParNew: 68377K->431K(76672K)
[2020-09-11T18:13:18.378+0000][1][gc,heap      ] GC(116) CMS: 79619K->79623K(439104K)
[2020-09-11T18:13:18.378+0000][1][gc,metaspace ] GC(116) Metaspace: 95842K->95842K(1138688K)
[2020-09-11T18:13:18.378+0000][1][gc           ] GC(116) Pause Young (Allocation Failure) 144M->78M(503M) 12.666ms
[2020-09-11T18:13:18.378+0000][1][gc,cpu       ] GC(116) User=0.00s Sys=0.00s Real=0.01s
[2020-09-11T18:13:18.378+0000][1][safepoint    ] Safepoint "GenCollectForAllocation", Time since last: 417400854 ns, Reaching safepoint: 163374 ns, At safepoint: 12735022 ns, Total: 12898396 ns
[2020-09-11T18:13:18.429+0000][1][safepoint    ] Safepoint "RevokeBias", Time since last: 48513724 ns, Reaching safepoint: 2072342 ns, At safepoint: 244170 ns, Total: 2316512 ns
[2020-09-11T18:13:24.989+0000][1][safepoint    ] Safepoint "RevokeBias", Time since last: 6560702781 ns, Reaching safepoint: 88562 ns, At safepoint: 22181 ns, Total: 110743 ns
[2020-09-11T18:13:28.513+0000][1][safepoint    ] Safepoint "RevokeBias", Time since last: 3523095537 ns, Reaching safepoint: 423522 ns, At safepoint: 26234 ns, Total: 449756 ns
[2020-09-11T18:13:29.513+0000][1][safepoint    ] Safepoint "Cleanup", Time since last: 1000120409 ns, Reaching safepoint: 93030 ns, At safepoint: 8850 ns, Total: 101880 ns
[2020-09-11T18:13:31.513+0000][1][safepoint    ] Safepoint "Cleanup", Time since last: 2000194674 ns, Reaching safepoint: 91654 ns, At safepoint: 9863 ns, Total: 101517 ns
[2020-09-11T18:13:35.017+0000][1][safepoint    ] Safepoint "RevokeBias", Time since last: 3503556767 ns, Reaching safepoint: 96379 ns, At safepoint: 24306 ns, Total: 120685 ns
[2020-09-11T18:13:36.017+0000][1][safepoint    ] Safepoint "Cleanup", Time since last: 1000121763 ns, Reaching safepoint: 89382 ns, At safepoint: 10672 ns, Total: 100054 ns
[2020-09-11T18:13:38.405+0000][1][safepoint    ] Safepoint "RevokeBias", Time since last: 2387531629 ns, Reaching safepoint: 218411 ns, At safepoint: 233762 ns, Total: 452173 ns
[2020-09-11T18:13:38.467+0000][1][gc,start     ] GC(117) Pause Young (Allocation Failure)
[2020-09-11T18:13:38.467+0000][1][gc,task      ] GC(117) Using 1 workers of 1 for evacuation
[2020-09-11T18:13:38.481+0000][1][gc,age       ] GC(117) Desired survivor size 4358144 bytes, new threshold 6 (max threshold 6)
[2020-09-11T18:13:38.481+0000][1][gc,age       ] GC(117) Age table with threshold 6 (max threshold 6)
[2020-09-11T18:13:38.481+0000][1][gc,age       ] GC(117) - age   1:     560816 bytes,     560816 total
[2020-09-11T18:13:38.481+0000][1][gc,age       ] GC(117) - age   2:      20688 bytes,     581504 total
[2020-09-11T18:13:38.481+0000][1][gc,age       ] GC(117) - age   3:      18216 bytes,     599720 total
[2020-09-11T18:13:38.481+0000][1][gc,age       ] GC(117) - age   4:     110056 bytes,     709776 total
[2020-09-11T18:13:38.481+0000][1][gc,age       ] GC(117) - age   5:      17584 bytes,     727360 total
[2020-09-11T18:13:38.481+0000][1][gc,age       ] GC(117) - age   6:       1664 bytes,     729024 total
[2020-09-11T18:13:38.481+0000][1][gc,heap      ] GC(117) ParNew: 68591K->720K(76672K)
[2020-09-11T18:13:38.481+0000][1][gc,heap      ] GC(117) CMS: 79623K->79626K(439104K)
[2020-09-11T18:13:38.481+0000][1][gc,metaspace ] GC(117) Metaspace: 95890K->95890K(1138688K)
[2020-09-11T18:13:38.481+0000][1][gc           ] GC(117) Pause Young (Allocation Failure) 144M->78M(503M) 14.138ms
[2020-09-11T18:13:38.481+0000][1][gc,cpu       ] GC(117) User=0.01s Sys=0.00s Real=0.02s
[2020-09-11T18:13:38.481+0000][1][safepoint    ] Safepoint "GenCollectForAllocation", Time since last: 60746399 ns, Reaching safepoint: 820438 ns, At safepoint: 14228040 ns, Total: 15048478 ns
[2020-09-11T18:13:44.947+0000][1][safepoint    ] Safepoint "RevokeBias", Time since last: 6466172385 ns, Reaching safepoint: 91162 ns, At safepoint: 21658 ns, Total: 112820 ns
[2020-09-11T18:13:47.948+0000][1][safepoint    ] Safepoint "Cleanup", Time since last: 3000354323 ns, Reaching safepoint: 94653 ns, At safepoint: 10662 ns, Total: 105315 ns
[2020-09-11T18:13:48.418+0000][1][safepoint    ] Safepoint "RevokeBias", Time since last: 469967059 ns, Reaching safepoint: 181839 ns, At safepoint: 22195 ns, Total: 204034 ns
[2020-09-11T18:13:49.418+0000][1][safepoint    ] Safepoint "Cleanup", Time since last: 1000112202 ns, Reaching safepoint: 91614 ns, At safepoint: 9748 ns, Total: 101362 ns
[2020-09-11T18:13:55.003+0000][1][safepoint    ] Safepoint "RevokeBias", Time since last: 5585040452 ns, Reaching safepoint: 90315 ns, At safepoint: 25377 ns, Total: 115692 ns
[2020-09-11T18:13:56.004+0000][1][safepoint    ] Safepoint "Cleanup", Time since last: 1000110903 ns, Reaching safepoint: 93481 ns, At safepoint: 10343 ns, Total: 103824 ns
[2020-09-11T18:13:58.449+0000][1][safepoint    ] Safepoint "RevokeBias", Time since last: 2445424555 ns, Reaching safepoint: 222549 ns, At safepoint: 218608 ns, Total: 441157 ns
[2020-09-11T18:13:59.450+0000][1][safepoint    ] Safepoint "Cleanup", Time since last: 1000112159 ns, Reaching safepoint: 93995 ns, At safepoint: 9517 ns, Total: 103512 ns
[2020-09-11T18:14:00.504+0000][1][gc,start     ] GC(118) Pause Young (Allocation Failure)
[2020-09-11T18:14:00.504+0000][1][gc,task      ] GC(118) Using 1 workers of 1 for evacuation
[2020-09-11T18:14:00.508+0000][1][gc,age       ] GC(118) Desired survivor size 4358144 bytes, new threshold 6 (max threshold 6)
[2020-09-11T18:14:00.509+0000][1][gc,age       ] GC(118) Age table with threshold 6 (max threshold 6)
[2020-09-11T18:14:00.509+0000][1][gc,age       ] GC(118) - age   1:      72408 bytes,      72408 total
[2020-09-11T18:14:00.509+0000][1][gc,age       ] GC(118) - age   2:       5520 bytes,      77928 total
[2020-09-11T18:14:00.509+0000][1][gc,age       ] GC(118) - age   3:       2920 bytes,      80848 total
[2020-09-11T18:14:00.509+0000][1][gc,age       ] GC(118) - age   4:      18176 bytes,      99024 total
[2020-09-11T18:14:00.509+0000][1][gc,age       ] GC(118) - age   5:     110056 bytes,     209080 total
[2020-09-11T18:14:00.509+0000][1][gc,age       ] GC(118) - age   6:      15536 bytes,     224616 total
[2020-09-11T18:14:00.509+0000][1][gc,heap      ] GC(118) ParNew: 68817K->624K(76672K)
[2020-09-11T18:14:00.509+0000][1][gc,heap      ] GC(118) CMS: 79626K->79627K(439104K)
[2020-09-11T18:14:00.509+0000][1][gc,metaspace ] GC(118) Metaspace: 95908K->95908K(1138688K)
[2020-09-11T18:14:00.509+0000][1][gc           ] GC(118) Pause Young (Allocation Failure) 144M->78M(503M) 5.006ms
[2020-09-11T18:14:00.509+0000][1][gc,cpu       ] GC(118) User=0.00s Sys=0.00s Real=0.00s
[2020-09-11T18:14:00.513+0000][1][safepoint    ] Safepoint "GenCollectForAllocation", Time since last: 1053778436 ns, Reaching safepoint: 160942 ns, At safepoint: 9180450 ns, Total: 9341392 ns
[2020-09-11T18:14:04.955+0000][1][safepoint    ] Safepoint "RevokeBias", Time since last: 4441892014 ns, Reaching safepoint: 162430 ns, At safepoint: 22577 ns, Total: 185007 ns
[2020-09-11T18:14:08.425+0000][1][safepoint    ] Safepoint "RevokeBias", Time since last: 3465924203 ns, Reaching safepoint: 4112505 ns, At safepoint: 34657 ns, Total: 4147162 ns
[2020-09-11T18:14:09.425+0000][1][safepoint    ] Safepoint "Cleanup", Time since last: 1000122374 ns, Reaching safepoint: 91902 ns, At safepoint: 9797 ns, Total: 101699 ns
[2020-09-11T18:14:15.004+0000][1][safepoint    ] Safepoint "RevokeBias", Time since last: 5578333976 ns, Reaching safepoint: 86101 ns, At safepoint: 21168 ns, Total: 107269 ns
[2020-09-11T18:14:18.004+0000][1][safepoint    ] Safepoint "Cleanup", Time since last: 3000266513 ns, Reaching safepoint: 93376 ns, At safepoint: 9572 ns, Total: 102948 ns
[2020-09-11T18:14:18.410+0000][1][safepoint    ] Safepoint "RevokeBias", Time since last: 405223190 ns, Reaching safepoint: 218076 ns, At safepoint: 214255 ns, Total: 432331 ns
[2020-09-11T18:14:19.410+0000][1][safepoint    ] Safepoint "Cleanup", Time since last: 1000112027 ns, Reaching safepoint: 95416 ns, At safepoint: 9863 ns, Total: 105279 ns
[2020-09-11T18:14:20.410+0000][1][safepoint    ] Safepoint "Cleanup", Time since last: 1000114428 ns, Reaching safepoint: 84810 ns, At safepoint: 9773 ns, Total: 94583 ns
[2020-09-11T18:14:21.410+0000][1][safepoint    ] Safepoint "Cleanup", Time since last: 1000105070 ns, Reaching safepoint: 85013 ns, At safepoint: 7028 ns, Total: 92041 ns
[2020-09-11T18:14:22.410+0000][1][safepoint    ] Safepoint "Cleanup", Time since last: 1000115356 ns, Reaching safepoint: 93029 ns, At safepoint: 8443 ns, Total: 101472 ns
[2020-09-11T18:14:23.411+0000][1][safepoint    ] Safepoint "Cleanup", Time since last: 1000115932 ns, Reaching safepoint: 91855 ns, At safepoint: 10492 ns, Total: 102347 ns
[2020-09-11T18:14:24.411+0000][1][safepoint    ] Safepoint "Cleanup", Time since last: 1000114960 ns, Reaching safepoint: 91079 ns, At safepoint: 9802 ns, Total: 100881 ns
[2020-09-11T18:14:25.029+0000][1][safepoint    ] Safepoint "RevokeBias", Time since last: 617758975 ns, Reaching safepoint: 189927 ns, At safepoint: 23969 ns, Total: 213896 ns
[2020-09-11T18:14:26.029+0000][1][safepoint    ] Safepoint "Cleanup", Time since last: 1000106245 ns, Reaching safepoint: 89203 ns, At safepoint: 9932 ns, Total: 99135 ns
[2020-09-11T18:14:26.743+0000][1][gc,start     ] GC(119) Pause Young (Allocation Failure)
[2020-09-11T18:14:26.743+0000][1][gc,task      ] GC(119) Using 1 workers of 1 for evacuation
[2020-09-11T18:14:26.750+0000][1][gc,age       ] GC(119) Desired survivor size 4358144 bytes, new threshold 6 (max threshold 6)
[2020-09-11T18:14:26.750+0000][1][gc,age       ] GC(119) Age table with threshold 6 (max threshold 6)
[2020-09-11T18:14:26.750+0000][1][gc,age       ] GC(119) - age   1:      76008 bytes,      76008 total
[2020-09-11T18:14:26.750+0000][1][gc,age       ] GC(119) - age   2:      14000 bytes,      90008 total
[2020-09-11T18:14:26.750+0000][1][gc,age       ] GC(119) - age   3:       2056 bytes,      92064 total
[2020-09-11T18:14:26.750+0000][1][gc,age       ] GC(119) - age   4:       2728 bytes,      94792 total
[2020-09-11T18:14:26.750+0000][1][gc,age       ] GC(119) - age   5:      18176 bytes,     112968 total
[2020-09-11T18:14:26.750+0000][1][gc,age       ] GC(119) - age   6:     102304 bytes,     215272 total
[2020-09-11T18:14:26.750+0000][1][gc,heap      ] GC(119) ParNew: 68784K->210K(76672K)
[2020-09-11T18:14:26.750+0000][1][gc,heap      ] GC(119) CMS: 79627K->79641K(439104K)
[2020-09-11T18:14:26.750+0000][1][gc,metaspace ] GC(119) Metaspace: 95946K->95946K(1138688K)
[2020-09-11T18:14:26.750+0000][1][gc           ] GC(119) Pause Young (Allocation Failure) 144M->77M(503M) 7.034ms
[2020-09-11T18:14:26.750+0000][1][gc,cpu       ] GC(119) User=0.00s Sys=0.00s Real=0.00s
[2020-09-11T18:14:26.750+0000][1][safepoint    ] Safepoint "GenCollectForAllocation", Time since last: 713369474 ns, Reaching safepoint: 154655 ns, At safepoint: 7144383 ns, Total: 7299038 ns
[2020-09-11T18:14:27.757+0000][1][safepoint    ] Safepoint "Cleanup", Time since last: 1007185174 ns, Reaching safepoint: 83308 ns, At safepoint: 22238 ns, Total: 105546 ns
[2020-09-11T18:14:28.421+0000][1][safepoint    ] Safepoint "RevokeBias", Time since last: 660089930 ns, Reaching safepoint: 3797112 ns, At safepoint: 225604 ns, Total: 4022716 ns
[2020-09-11T18:14:29.421+0000][1][safepoint    ] Safepoint "Cleanup", Time since last: 1000125647 ns, Reaching safepoint: 85801 ns, At safepoint: 9787 ns, Total: 95588 ns
[2020-09-11T18:14:30.422+0000][1][safepoint    ] Safepoint "Cleanup", Time since last: 1000116444 ns, Reaching safepoint: 91127 ns, At safepoint: 9847 ns, Total: 100974 ns
[2020-09-11T18:14:31.422+0000][1][safepoint    ] Safepoint "Cleanup", Time since last: 1000113805 ns, Reaching safepoint: 91511 ns, At safepoint: 9667 ns, Total: 101178 ns
[2020-09-11T18:14:32.422+0000][1][safepoint    ] Safepoint "Cleanup", Time since last: 1000114532 ns, Reaching safepoint: 88953 ns, At safepoint: 9462 ns, Total: 98415 ns
[2020-09-11T18:14:33.422+0000][1][safepoint    ] Safepoint "Cleanup", Time since last: 1000113200 ns, Reaching safepoint: 90688 ns, At safepoint: 9814 ns, Total: 100502 ns
[2020-09-11T18:14:34.422+0000][1][safepoint    ] Safepoint "Cleanup", Time since last: 1000110759 ns, Reaching safepoint: 86314 ns, At safepoint: 9011 ns, Total: 95325 ns
[2020-09-11T18:14:34.967+0000][1][safepoint    ] Safepoint "RevokeBias", Time since last: 544303625 ns, Reaching safepoint: 166711 ns, At safepoint: 23311 ns, Total: 190022 ns
[2020-09-11T18:14:35.967+0000][1][safepoint    ] Safepoint "Cleanup", Time since last: 1000104512 ns, Reaching safepoint: 84573 ns, At safepoint: 7202 ns, Total: 91775 ns
[2020-09-11T18:14:36.967+0000][1][safepoint    ] Safepoint "Cleanup", Time since last: 1000114932 ns, Reaching safepoint: 90709 ns, At safepoint: 10505 ns, Total: 101214 ns
[2020-09-11T18:14:37.968+0000][1][safepoint    ] Safepoint "Cleanup", Time since last: 1000112500 ns, Reaching safepoint: 93469 ns, At safepoint: 9111 ns, Total: 102580 ns
[2020-09-11T18:14:38.464+0000][1][safepoint    ] Safepoint "RevokeBias", Time since last: 494563318 ns, Reaching safepoint: 1646463 ns, At safepoint: 216719 ns, Total: 1863182 ns
[2020-09-11T18:14:39.464+0000][1][safepoint    ] Safepoint "Cleanup", Time since last: 1000111795 ns, Reaching safepoint: 99384 ns, At safepoint: 7994 ns, Total: 107378 ns
[2020-09-11T18:14:40.464+0000][1][safepoint    ] Safepoint "Cleanup", Time since last: 1000113606 ns, Reaching safepoint: 88409 ns, At safepoint: 9639 ns, Total: 98048 ns
[2020-09-11T18:14:41.465+0000][1][safepoint    ] Safepoint "Cleanup", Time since last: 1000110725 ns, Reaching safepoint: 88845 ns, At safepoint: 9302 ns, Total: 98147 ns
[2020-09-11T18:14:42.465+0000][1][safepoint    ] Safepoint "Cleanup", Time since last: 1000112575 ns, Reaching safepoint: 103748 ns, At safepoint: 8499 ns, Total: 112247 ns
[2020-09-11T18:14:43.465+0000][1][safepoint    ] Safepoint "Cleanup", Time since last: 1000110407 ns, Reaching safepoint: 102674 ns, At safepoint: 9894 ns, Total: 112568 ns
[2020-09-11T18:14:44.465+0000][1][safepoint    ] Safepoint "Cleanup", Time since last: 1000109455 ns, Reaching safepoint: 93248 ns, At safepoint: 10018 ns, Total: 103266 ns
[2020-09-11T18:14:44.949+0000][1][safepoint    ] Safepoint "RevokeBias", Time since last: 483350748 ns, Reaching safepoint: 88236 ns, At safepoint: 51103 ns, Total: 139339 ns
[2020-09-11T18:14:45.949+0000][1][safepoint    ] Safepoint "Cleanup", Time since last: 1000105994 ns, Reaching safepoint: 93943 ns, At safepoint: 9871 ns, Total: 103814 ns
[2020-09-11T18:14:46.949+0000][1][safepoint    ] Safepoint "Cleanup", Time since last: 1000110797 ns, Reaching safepoint: 85325 ns, At safepoint: 10024 ns, Total: 95349 ns
[2020-09-11T18:14:47.949+0000][1][safepoint    ] Safepoint "Cleanup", Time since last: 1000114861 ns, Reaching safepoint: 95432 ns, At safepoint: 9221 ns, Total: 104653 ns
[2020-09-11T18:14:48.325+0000][1][gc,start     ] GC(120) Pause Young (Allocation Failure)
[2020-09-11T18:14:48.325+0000][1][gc,task      ] GC(120) Using 1 workers of 1 for evacuation
[2020-09-11T18:14:48.338+0000][1][gc,age       ] GC(120) Desired survivor size 4358144 bytes, new threshold 6 (max threshold 6)
[2020-09-11T18:14:48.338+0000][1][gc,age       ] GC(120) Age table with threshold 6 (max threshold 6)
[2020-09-11T18:14:48.338+0000][1][gc,age       ] GC(120) - age   1:      94128 bytes,      94128 total
[2020-09-11T18:14:48.338+0000][1][gc,age       ] GC(120) - age   2:      14456 bytes,     108584 total
[2020-09-11T18:14:48.338+0000][1][gc,age       ] GC(120) - age   3:      12304 bytes,     120888 total
[2020-09-11T18:14:48.338+0000][1][gc,age       ] GC(120) - age   4:       2056 bytes,     122944 total
[2020-09-11T18:14:48.338+0000][1][gc,age       ] GC(120) - age   5:       2728 bytes,     125672 total
[2020-09-11T18:14:48.338+0000][1][gc,age       ] GC(120) - age   6:      18176 bytes,     143848 total
[2020-09-11T18:14:48.338+0000][1][gc,heap      ] GC(120) ParNew: 68370K->210K(76672K)
[2020-09-11T18:14:48.338+0000][1][gc,heap      ] GC(120) CMS: 79641K->79742K(439104K)
[2020-09-11T18:14:48.338+0000][1][gc,metaspace ] GC(120) Metaspace: 96070K->96070K(1138688K)
[2020-09-11T18:14:48.338+0000][1][gc           ] GC(120) Pause Young (Allocation Failure) 144M->78M(503M) 12.798ms
[2020-09-11T18:14:48.338+0000][1][gc,cpu       ] GC(120) User=0.01s Sys=0.00s Real=0.01s
[2020-09-11T18:14:48.338+0000][1][safepoint    ] Safepoint "GenCollectForAllocation", Time since last: 374985382 ns, Reaching safepoint: 484597 ns, At safepoint: 12875273 ns, Total: 13359870 ns
[2020-09-11T18:14:48.426+0000][1][safepoint    ] Safepoint "RevokeBias", Time since last: 87265851 ns, Reaching safepoint: 752661 ns, At safepoint: 229398 ns, Total: 982059 ns
[2020-09-11T18:14:49.426+0000][1][safepoint    ] Safepoint "Cleanup", Time since last: 1000113880 ns, Reaching safepoint: 96078 ns, At safepoint: 9710 ns, Total: 105788 ns
[2020-09-11T18:14:54.989+0000][1][safepoint    ] Safepoint "RevokeBias", Time since last: 5562367836 ns, Reaching safepoint: 235990 ns, At safepoint: 24390 ns, Total: 260380 ns
[2020-09-11T18:14:57.991+0000][1][safepoint    ] Safepoint "Cleanup", Time since last: 3000360422 ns, Reaching safepoint: 1757368 ns, At safepoint: 13295 ns, Total: 1770663 ns
[2020-09-11T18:14:58.410+0000][1][safepoint    ] Safepoint "BulkRevokeBias", Time since last: 418137657 ns, Reaching safepoint: 217037 ns, At safepoint: 472830 ns, Total: 689867 ns
[2020-09-11T18:14:58.461+0000][1][safepoint    ] Safepoint "RevokeBias", Time since last: 49887414 ns, Reaching safepoint: 1156689 ns, At safepoint: 24527 ns, Total: 1181216 ns
[2020-09-11T18:14:59.461+0000][1][safepoint    ] Safepoint "Cleanup", Time since last: 1000111834 ns, Reaching safepoint: 95573 ns, At safepoint: 8978 ns, Total: 104551 ns
[2020-09-11T18:15:04.951+0000][1][safepoint    ] Safepoint "RevokeBias", Time since last: 5489972449 ns, Reaching safepoint: 220715 ns, At safepoint: 23785 ns, Total: 244500 ns
[2020-09-11T18:15:08.412+0000][1][safepoint    ] Safepoint "RevokeBias", Time since last: 3458246840 ns, Reaching safepoint: 2044629 ns, At safepoint: 231223 ns, Total: 2275852 ns
[2020-09-11T18:15:08.463+0000][1][gc,start     ] GC(121) Pause Young (Allocation Failure)
[2020-09-11T18:15:08.463+0000][1][gc,task      ] GC(121) Using 1 workers of 1 for evacuation
[2020-09-11T18:15:08.476+0000][1][gc,age       ] GC(121) Desired survivor size 4358144 bytes, new threshold 6 (max threshold 6)
[2020-09-11T18:15:08.476+0000][1][gc,age       ] GC(121) Age table with threshold 6 (max threshold 6)
[2020-09-11T18:15:08.476+0000][1][gc,age       ] GC(121) - age   1:     553208 bytes,     553208 total
[2020-09-11T18:15:08.476+0000][1][gc,age       ] GC(121) - age   2:      21232 bytes,     574440 total
[2020-09-11T18:15:08.476+0000][1][gc,age       ] GC(121) - age   3:      11704 bytes,     586144 total
[2020-09-11T18:15:08.476+0000][1][gc,age       ] GC(121) - age   4:      11896 bytes,     598040 total
[2020-09-11T18:15:08.476+0000][1][gc,age       ] GC(121) - age   5:       2056 bytes,     600096 total
[2020-09-11T18:15:08.476+0000][1][gc,age       ] GC(121) - age   6:       2728 bytes,     602824 total
[2020-09-11T18:15:08.476+0000][1][gc,heap      ] GC(121) ParNew: 68370K->631K(76672K)
[2020-09-11T18:15:08.476+0000][1][gc,heap      ] GC(121) CMS: 79742K->79760K(439104K)
[2020-09-11T18:15:08.476+0000][1][gc,metaspace ] GC(121) Metaspace: 96086K->96086K(1138688K)
[2020-09-11T18:15:08.476+0000][1][gc           ] GC(121) Pause Young (Allocation Failure) 144M->78M(503M) 13.559ms
[2020-09-11T18:15:08.476+0000][1][gc,cpu       ] GC(121) User=0.00s Sys=0.00s Real=0.01s
[2020-09-11T18:15:08.476+0000][1][safepoint    ] Safepoint "GenCollectForAllocation", Time since last: 46934394 ns, Reaching safepoint: 3995186 ns, At safepoint: 13653555 ns, Total: 17648741 ns
[2020-09-11T18:15:09.501+0000][1][safepoint    ] Safepoint "Cleanup", Time since last: 1024888635 ns, Reaching safepoint: 96138 ns, At safepoint: 24281 ns, Total: 120419 ns
[2020-09-11T18:15:10.502+0000][1][safepoint    ] Safepoint "Cleanup", Time since last: 1000118805 ns, Reaching safepoint: 96632 ns, At safepoint: 25320 ns, Total: 121952 ns
[2020-09-11T18:15:14.952+0000][1][safepoint    ] Safepoint "RevokeBias", Time since last: 4449846438 ns, Reaching safepoint: 166500 ns, At safepoint: 23575 ns, Total: 190075 ns
[2020-09-11T18:15:17.952+0000][1][safepoint    ] Safepoint "Cleanup", Time since last: 3000530072 ns, Reaching safepoint: 96727 ns, At safepoint: 9043 ns, Total: 105770 ns
[2020-09-11T18:15:18.408+0000][1][safepoint    ] Safepoint "RevokeBias", Time since last: 452599250 ns, Reaching safepoint: 2682503 ns, At safepoint: 279700 ns, Total: 2962203 ns
[2020-09-11T18:15:19.408+0000][1][safepoint    ] Safepoint "Cleanup", Time since last: 1000117379 ns, Reaching safepoint: 93586 ns, At safepoint: 9924 ns, Total: 103510 ns
[2020-09-11T18:15:25.005+0000][1][safepoint    ] Safepoint "BulkRevokeBias", Time since last: 5596840659 ns, Reaching safepoint: 111905 ns, At safepoint: 239928 ns, Total: 351833 ns
[2020-09-11T18:15:26.006+0000][1][safepoint    ] Safepoint "Cleanup", Time since last: 1000109939 ns, Reaching safepoint: 99614 ns, At safepoint: 10239 ns, Total: 109853 ns
[2020-09-11T18:15:28.006+0000][1][safepoint    ] Safepoint "Cleanup", Time since last: 2000190817 ns, Reaching safepoint: 93111 ns, At safepoint: 9774 ns, Total: 102885 ns
[2020-09-11T18:15:28.495+0000][1][safepoint    ] Safepoint "RevokeBias", Time since last: 488601298 ns, Reaching safepoint: 189738 ns, At safepoint: 22743 ns, Total: 212481 ns
[2020-09-11T18:15:28.577+0000][1][gc,start     ] GC(122) Pause Young (Allocation Failure)
[2020-09-11T18:15:28.577+0000][1][gc,task      ] GC(122) Using 1 workers of 1 for evacuation
[2020-09-11T18:15:28.587+0000][1][gc,age       ] GC(122) Desired survivor size 4358144 bytes, new threshold 6 (max threshold 6)
[2020-09-11T18:15:28.587+0000][1][gc,age       ] GC(122) Age table with threshold 6 (max threshold 6)
[2020-09-11T18:15:28.587+0000][1][gc,age       ] GC(122) - age   1:     604032 bytes,     604032 total
[2020-09-11T18:15:28.587+0000][1][gc,age       ] GC(122) - age   2:       9008 bytes,     613040 total
[2020-09-11T18:15:28.587+0000][1][gc,age       ] GC(122) - age   3:       3112 bytes,     616152 total
[2020-09-11T18:15:28.587+0000][1][gc,age       ] GC(122) - age   4:      11704 bytes,     627856 total
[2020-09-11T18:15:28.587+0000][1][gc,age       ] GC(122) - age   5:      11896 bytes,     639752 total
[2020-09-11T18:15:28.587+0000][1][gc,age       ] GC(122) - age   6:       1744 bytes,     641496 total
[2020-09-11T18:15:28.587+0000][1][gc,heap      ] GC(122) ParNew: 68791K->962K(76672K)
[2020-09-11T18:15:28.587+0000][1][gc,heap      ] GC(122) CMS: 79760K->79763K(439104K)
[2020-09-11T18:15:28.587+0000][1][gc,metaspace ] GC(122) Metaspace: 96146K->96146K(1138688K)
[2020-09-11T18:15:28.587+0000][1][gc           ] GC(122) Pause Young (Allocation Failure) 145M->78M(503M) 10.473ms
[2020-09-11T18:15:28.588+0000][1][gc,cpu       ] GC(122) User=0.01s Sys=0.00s Real=0.01s
[2020-09-11T18:15:28.594+0000][1][safepoint    ] Safepoint "GenCollectForAllocation", Time since last: 82146077 ns, Reaching safepoint: 177693 ns, At safepoint: 16588044 ns, Total: 16765737 ns
[2020-09-11T18:15:34.605+0000][1][safepoint    ] Safepoint "Cleanup", Time since last: 6011772111 ns, Reaching safepoint: 91910 ns, At safepoint: 7658 ns, Total: 99568 ns
[2020-09-11T18:15:34.971+0000][1][safepoint    ] Safepoint "RevokeBias", Time since last: 365469308 ns, Reaching safepoint: 163083 ns, At safepoint: 23362 ns, Total: 186445 ns
[2020-09-11T18:15:38.409+0000][1][safepoint    ] Safepoint "RevokeBias", Time since last: 3437127639 ns, Reaching safepoint: 233448 ns, At safepoint: 246348 ns, Total: 479796 ns
[2020-09-11T18:15:39.409+0000][1][safepoint    ] Safepoint "Cleanup", Time since last: 1000093773 ns, Reaching safepoint: 94526 ns, At safepoint: 9202 ns, Total: 103728 ns
[2020-09-11T18:15:44.979+0000][1][safepoint    ] Safepoint "RevokeBias", Time since last: 5570007803 ns, Reaching safepoint: 87280 ns, At safepoint: 22990 ns, Total: 110270 ns
[2020-09-11T18:15:47.979+0000][1][safepoint    ] Safepoint "Cleanup", Time since last: 3000258697 ns, Reaching safepoint: 97226 ns, At safepoint: 10816 ns, Total: 108042 ns
[2020-09-11T18:15:48.405+0000][1][safepoint    ] Safepoint "RevokeBias", Time since last: 424199537 ns, Reaching safepoint: 1339847 ns, At safepoint: 240921 ns, Total: 1580768 ns
[2020-09-11T18:15:49.405+0000][1][safepoint    ] Safepoint "Cleanup", Time since last: 1000117478 ns, Reaching safepoint: 92470 ns, At safepoint: 10086 ns, Total: 102556 ns
[2020-09-11T18:15:52.406+0000][1][safepoint    ] Safepoint "Cleanup", Time since last: 3000264092 ns, Reaching safepoint: 94095 ns, At safepoint: 10019 ns, Total: 104114 ns
[2020-09-11T18:15:54.961+0000][1][safepoint    ] Safepoint "RevokeBias", Time since last: 2555227931 ns, Reaching safepoint: 111140 ns, At safepoint: 31450 ns, Total: 142590 ns
[2020-09-11T18:15:55.558+0000][1][gc,start     ] GC(123) Pause Young (Allocation Failure)
[2020-09-11T18:15:55.558+0000][1][gc,task      ] GC(123) Using 1 workers of 1 for evacuation
[2020-09-11T18:15:55.566+0000][1][gc,age       ] GC(123) Desired survivor size 4358144 bytes, new threshold 6 (max threshold 6)
[2020-09-11T18:15:55.566+0000][1][gc,age       ] GC(123) Age table with threshold 6 (max threshold 6)
[2020-09-11T18:15:55.566+0000][1][gc,age       ] GC(123) - age   1:      71800 bytes,      71800 total
[2020-09-11T18:15:55.566+0000][1][gc,age       ] GC(123) - age   2:       3760 bytes,      75560 total
[2020-09-11T18:15:55.566+0000][1][gc,age       ] GC(123) - age   3:       2824 bytes,      78384 total
[2020-09-11T18:15:55.566+0000][1][gc,age       ] GC(123) - age   4:       3112 bytes,      81496 total
[2020-09-11T18:15:55.566+0000][1][gc,age       ] GC(123) - age   5:      11704 bytes,      93200 total
[2020-09-11T18:15:55.566+0000][1][gc,age       ] GC(123) - age   6:      11896 bytes,     105096 total
[2020-09-11T18:15:55.566+0000][1][gc,heap      ] GC(123) ParNew: 69122K->590K(76672K)
[2020-09-11T18:15:55.566+0000][1][gc,heap      ] GC(123) CMS: 79763K->79765K(439104K)
[2020-09-11T18:15:55.566+0000][1][gc,metaspace ] GC(123) Metaspace: 96191K->96191K(1138688K)
[2020-09-11T18:15:55.566+0000][1][gc           ] GC(123) Pause Young (Allocation Failure) 145M->78M(503M) 8.472ms
[2020-09-11T18:15:55.566+0000][1][gc,cpu       ] GC(123) User=0.01s Sys=0.00s Real=0.01s
[2020-09-11T18:15:55.566+0000][1][safepoint    ] Safepoint "GenCollectForAllocation", Time since last: 596437533 ns, Reaching safepoint: 96048 ns, At safepoint: 8574155 ns, Total: 8670203 ns
[2020-09-11T18:15:58.421+0000][1][safepoint    ] Safepoint "RevokeBias", Time since last: 2853313400 ns, Reaching safepoint: 1401069 ns, At safepoint: 24450 ns, Total: 1425519 ns
[2020-09-11T18:16:00.421+0000][1][safepoint    ] Safepoint "Cleanup", Time since last: 2000188694 ns, Reaching safepoint: 94143 ns, At safepoint: 10447 ns, Total: 104590 ns
[2020-09-11T18:16:01.421+0000][1][safepoint    ] Safepoint "Cleanup", Time since last: 1000115800 ns, Reaching safepoint: 95004 ns, At safepoint: 9882 ns, Total: 104886 ns
[2020-09-11T18:16:02.422+0000][1][safepoint    ] Safepoint "Cleanup", Time since last: 1000113274 ns, Reaching safepoint: 90608 ns, At safepoint: 8534 ns, Total: 99142 ns
[2020-09-11T18:16:04.950+0000][1][safepoint    ] Safepoint "RevokeBias", Time since last: 2528216886 ns, Reaching safepoint: 88379 ns, At safepoint: 21527 ns, Total: 109906 ns
[2020-09-11T18:16:08.483+0000][1][safepoint    ] Safepoint "RevokeBias", Time since last: 3532495336 ns, Reaching safepoint: 85803 ns, At safepoint: 20094 ns, Total: 105897 ns
[2020-09-11T18:16:09.483+0000][1][safepoint    ] Safepoint "Cleanup", Time since last: 1000115000 ns, Reaching safepoint: 99345 ns, At safepoint: 10152 ns, Total: 109497 ns
[2020-09-11T18:16:12.483+0000][1][safepoint    ] Safepoint "Cleanup", Time since last: 3000268360 ns, Reaching safepoint: 86944 ns, At safepoint: 10109 ns, Total: 97053 ns
[2020-09-11T18:16:13.483+0000][1][safepoint    ] Safepoint "Cleanup", Time since last: 1000114340 ns, Reaching safepoint: 84851 ns, At safepoint: 7178 ns, Total: 92029 ns
[2020-09-11T18:16:14.484+0000][1][safepoint    ] Safepoint "Cleanup", Time since last: 1000109862 ns, Reaching safepoint: 87725 ns, At safepoint: 9373 ns, Total: 97098 ns
[2020-09-11T18:16:15.003+0000][1][safepoint    ] Safepoint "RevokeBias", Time since last: 519453083 ns, Reaching safepoint: 168034 ns, At safepoint: 23862 ns, Total: 191896 ns
[2020-09-11T18:16:16.003+0000][1][safepoint    ] Safepoint "Cleanup", Time since last: 1000108250 ns, Reaching safepoint: 95288 ns, At safepoint: 9276 ns, Total: 104564 ns
[2020-09-11T18:16:17.004+0000][1][safepoint    ] Safepoint "Cleanup", Time since last: 1000116352 ns, Reaching safepoint: 110843 ns, At safepoint: 10510 ns, Total: 121353 ns
[2020-09-11T18:16:17.016+0000][1][gc,start     ] GC(124) Pause Young (Allocation Failure)
[2020-09-11T18:16:17.016+0000][1][gc,task      ] GC(124) Using 1 workers of 1 for evacuation
[2020-09-11T18:16:17.029+0000][1][gc,age       ] GC(124) Desired survivor size 4358144 bytes, new threshold 6 (max threshold 6)
[2020-09-11T18:16:17.029+0000][1][gc,age       ] GC(124) Age table with threshold 6 (max threshold 6)
[2020-09-11T18:16:17.029+0000][1][gc,age       ] GC(124) - age   1:      95048 bytes,      95048 total
[2020-09-11T18:16:17.029+0000][1][gc,age       ] GC(124) - age   2:      18232 bytes,     113280 total
[2020-09-11T18:16:17.029+0000][1][gc,age       ] GC(124) - age   3:       2096 bytes,     115376 total
[2020-09-11T18:16:17.029+0000][1][gc,age       ] GC(124) - age   4:       2224 bytes,     117600 total
[2020-09-11T18:16:17.029+0000][1][gc,age       ] GC(124) - age   5:       3112 bytes,     120712 total
[2020-09-11T18:16:17.029+0000][1][gc,age       ] GC(124) - age   6:      11704 bytes,     132416 total
[2020-09-11T18:16:17.029+0000][1][gc,heap      ] GC(124) ParNew: 68735K->166K(76672K)
[2020-09-11T18:16:17.029+0000][1][gc,heap      ] GC(124) CMS: 79765K->79774K(439104K)
[2020-09-11T18:16:17.029+0000][1][gc,metaspace ] GC(124) Metaspace: 96230K->96230K(1138688K)
[2020-09-11T18:16:17.029+0000][1][gc           ] GC(124) Pause Young (Allocation Failure) 145M->78M(503M) 13.516ms
[2020-09-11T18:16:17.029+0000][1][gc,cpu       ] GC(124) User=0.01s Sys=0.00s Real=0.01s
[2020-09-11T18:16:17.038+0000][1][safepoint    ] Safepoint "GenCollectForAllocation", Time since last: 11720853 ns, Reaching safepoint: 280819 ns, At safepoint: 22783957 ns, Total: 23064776 ns
[2020-09-11T18:16:18.039+0000][1][safepoint    ] Safepoint "Cleanup", Time since last: 1000505768 ns, Reaching safepoint: 87837 ns, At safepoint: 24327 ns, Total: 112164 ns
[2020-09-11T18:16:18.414+0000][1][safepoint    ] Safepoint "RevokeBias", Time since last: 373956546 ns, Reaching safepoint: 641993 ns, At safepoint: 227954 ns, Total: 869947 ns
[2020-09-11T18:16:19.414+0000][1][safepoint    ] Safepoint "Cleanup", Time since last: 1000111209 ns, Reaching safepoint: 90953 ns, At safepoint: 7416 ns, Total: 98369 ns
[2020-09-11T18:16:20.414+0000][1][safepoint    ] Safepoint "Cleanup", Time since last: 1000115838 ns, Reaching safepoint: 88444 ns, At safepoint: 6668 ns, Total: 95112 ns
[2020-09-11T18:16:21.415+0000][1][safepoint    ] Safepoint "Cleanup", Time since last: 1000113247 ns, Reaching safepoint: 87388 ns, At safepoint: 9830 ns, Total: 97218 ns
[2020-09-11T18:16:22.415+0000][1][safepoint    ] Safepoint "Cleanup", Time since last: 1000132935 ns, Reaching safepoint: 87118 ns, At safepoint: 5935 ns, Total: 93053 ns
[2020-09-11T18:16:23.415+0000][1][safepoint    ] Safepoint "Cleanup", Time since last: 1000111263 ns, Reaching safepoint: 91679 ns, At safepoint: 9717 ns, Total: 101396 ns
[2020-09-11T18:16:24.415+0000][1][safepoint    ] Safepoint "Cleanup", Time since last: 1000112214 ns, Reaching safepoint: 87465 ns, At safepoint: 8163 ns, Total: 95628 ns
[2020-09-11T18:16:25.014+0000][1][safepoint    ] Safepoint "RevokeBias", Time since last: 598640242 ns, Reaching safepoint: 170757 ns, At safepoint: 26451 ns, Total: 197208 ns
[2020-09-11T18:16:26.014+0000][1][safepoint    ] Safepoint "Cleanup", Time since last: 1000111981 ns, Reaching safepoint: 111665 ns, At safepoint: 10145 ns, Total: 121810 ns
[2020-09-11T18:16:27.015+0000][1][safepoint    ] Safepoint "Cleanup", Time since last: 1000109004 ns, Reaching safepoint: 95440 ns, At safepoint: 10185 ns, Total: 105625 ns
[2020-09-11T18:16:28.015+0000][1][safepoint    ] Safepoint "Cleanup", Time since last: 1000123354 ns, Reaching safepoint: 89995 ns, At safepoint: 9119 ns, Total: 99114 ns
[2020-09-11T18:16:28.415+0000][1][safepoint    ] Safepoint "RevokeBias", Time since last: 398191729 ns, Reaching safepoint: 1994087 ns, At safepoint: 22395 ns, Total: 2016482 ns
[2020-09-11T18:16:29.415+0000][1][safepoint    ] Safepoint "Cleanup", Time since last: 1000113272 ns, Reaching safepoint: 87276 ns, At safepoint: 9592 ns, Total: 96868 ns
[2020-09-11T18:16:30.417+0000][1][safepoint    ] Safepoint "Cleanup", Time since last: 1001690892 ns, Reaching safepoint: 91446 ns, At safepoint: 6855 ns, Total: 98301 ns
[2020-09-11T18:16:31.417+0000][1][safepoint    ] Safepoint "Cleanup", Time since last: 1000111252 ns, Reaching safepoint: 85542 ns, At safepoint: 15444 ns, Total: 100986 ns
[2020-09-11T18:16:32.417+0000][1][safepoint    ] Safepoint "Cleanup", Time since last: 1000112822 ns, Reaching safepoint: 89359 ns, At safepoint: 9132 ns, Total: 98491 ns
[2020-09-11T18:16:33.418+0000][1][safepoint    ] Safepoint "Cleanup", Time since last: 1000119521 ns, Reaching safepoint: 88408 ns, At safepoint: 9845 ns, Total: 98253 ns
[2020-09-11T18:16:34.418+0000][1][safepoint    ] Safepoint "Cleanup", Time since last: 1000112715 ns, Reaching safepoint: 94431 ns, At safepoint: 10304 ns, Total: 104735 ns
[2020-09-11T18:16:34.964+0000][1][safepoint    ] Safepoint "RevokeBias", Time since last: 546430398 ns, Reaching safepoint: 171460 ns, At safepoint: 22352 ns, Total: 193812 ns
[2020-09-11T18:16:35.965+0000][1][safepoint    ] Safepoint "Cleanup", Time since last: 1000102214 ns, Reaching safepoint: 86276 ns, At safepoint: 8327 ns, Total: 94603 ns
[2020-09-11T18:16:36.965+0000][1][safepoint    ] Safepoint "Cleanup", Time since last: 1000109135 ns, Reaching safepoint: 110161 ns, At safepoint: 8527 ns, Total: 118688 ns
[2020-09-11T18:16:37.965+0000][1][safepoint    ] Safepoint "Cleanup", Time since last: 1000109415 ns, Reaching safepoint: 86077 ns, At safepoint: 9171 ns, Total: 95248 ns
[2020-09-11T18:16:38.420+0000][1][safepoint    ] Safepoint "RevokeBias", Time since last: 454171971 ns, Reaching safepoint: 220074 ns, At safepoint: 214813 ns, Total: 434887 ns
[2020-09-11T18:16:38.473+0000][1][gc,start     ] GC(125) Pause Young (Allocation Failure)
[2020-09-11T18:16:38.473+0000][1][gc,task      ] GC(125) Using 1 workers of 1 for evacuation
[2020-09-11T18:16:38.483+0000][1][gc,age       ] GC(125) Desired survivor size 4358144 bytes, new threshold 6 (max threshold 6)
[2020-09-11T18:16:38.483+0000][1][gc,age       ] GC(125) Age table with threshold 6 (max threshold 6)
[2020-09-11T18:16:38.483+0000][1][gc,age       ] GC(125) - age   1:     667016 bytes,     667016 total
[2020-09-11T18:16:38.483+0000][1][gc,age       ] GC(125) - age   2:       8568 bytes,     675584 total
[2020-09-11T18:16:38.483+0000][1][gc,age       ] GC(125) - age   3:       1520 bytes,     677104 total
[2020-09-11T18:16:38.483+0000][1][gc,age       ] GC(125) - age   4:       2096 bytes,     679200 total
[2020-09-11T18:16:38.483+0000][1][gc,age       ] GC(125) - age   5:       2224 bytes,     681424 total
[2020-09-11T18:16:38.483+0000][1][gc,age       ] GC(125) - age   6:       2800 bytes,     684224 total
[2020-09-11T18:16:38.483+0000][1][gc,heap      ] GC(125) ParNew: 68326K->726K(76672K)
[2020-09-11T18:16:38.483+0000][1][gc,heap      ] GC(125) CMS: 79774K->79784K(439104K)
[2020-09-11T18:16:38.483+0000][1][gc,metaspace ] GC(125) Metaspace: 96236K->96236K(1138688K)
[2020-09-11T18:16:38.483+0000][1][gc           ] GC(125) Pause Young (Allocation Failure) 144M->78M(503M) 10.369ms
[2020-09-11T18:16:38.483+0000][1][gc,cpu       ] GC(125) User=0.00s Sys=0.00s Real=0.01s
[2020-09-11T18:16:38.485+0000][1][safepoint    ] Safepoint "GenCollectForAllocation", Time since last: 49139715 ns, Reaching safepoint: 4081033 ns, At safepoint: 12097488 ns, Total: 16178521 ns
[2020-09-11T18:16:39.517+0000][1][safepoint    ] Safepoint "Cleanup", Time since last: 1031883506 ns, Reaching safepoint: 110894 ns, At safepoint: 11306 ns, Total: 122200 ns
[2020-09-11T18:16:40.517+0000][1][safepoint    ] Safepoint "Cleanup", Time since last: 1000114483 ns, Reaching safepoint: 88195 ns, At safepoint: 9676 ns, Total: 97871 ns
[2020-09-11T18:16:41.517+0000][1][safepoint    ] Safepoint "Cleanup", Time since last: 1000113567 ns, Reaching safepoint: 88489 ns, At safepoint: 9580 ns, Total: 98069 ns
[2020-09-11T18:16:42.518+0000][1][safepoint    ] Safepoint "Cleanup", Time since last: 1000118882 ns, Reaching safepoint: 86907 ns, At safepoint: 10173 ns, Total: 97080 ns
[2020-09-11T18:16:43.518+0000][1][safepoint    ] Safepoint "Cleanup", Time since last: 1000113698 ns, Reaching safepoint: 87221 ns, At safepoint: 9915 ns, Total: 97136 ns
[2020-09-11T18:16:44.518+0000][1][safepoint    ] Safepoint "Cleanup", Time since last: 1000112176 ns, Reaching safepoint: 88574 ns, At safepoint: 10236 ns, Total: 98810 ns
[2020-09-11T18:16:45.068+0000][1][safepoint    ] Safepoint "RevokeBias", Time since last: 549942835 ns, Reaching safepoint: 87889 ns, At safepoint: 21792 ns, Total: 109681 ns
[2020-09-11T18:16:46.068+0000][1][safepoint    ] Safepoint "Cleanup", Time since last: 1000105545 ns, Reaching safepoint: 88639 ns, At safepoint: 9363 ns, Total: 98002 ns
[2020-09-11T18:16:48.414+0000][1][safepoint    ] Safepoint "RevokeBias", Time since last: 2345689245 ns, Reaching safepoint: 227895 ns, At safepoint: 239699 ns, Total: 467594 ns
[2020-09-11T18:16:49.415+0000][1][safepoint    ] Safepoint "Cleanup", Time since last: 1000114075 ns, Reaching safepoint: 94570 ns, At safepoint: 9263 ns, Total: 103833 ns
[2020-09-11T18:16:54.959+0000][1][safepoint    ] Safepoint "RevokeBias", Time since last: 5544385872 ns, Reaching safepoint: 85971 ns, At safepoint: 23767 ns, Total: 109738 ns
[2020-09-11T18:16:58.440+0000][1][safepoint    ] Safepoint "RevokeBias", Time since last: 3481206656 ns, Reaching safepoint: 88770 ns, At safepoint: 20463 ns, Total: 109233 ns
[2020-09-11T18:16:58.509+0000][1][gc,start     ] GC(126) Pause Young (Allocation Failure)
[2020-09-11T18:16:58.509+0000][1][gc,task      ] GC(126) Using 1 workers of 1 for evacuation
[2020-09-11T18:16:58.520+0000][1][gc,age       ] GC(126) Desired survivor size 4358144 bytes, new threshold 6 (max threshold 6)
[2020-09-11T18:16:58.520+0000][1][gc,age       ] GC(126) Age table with threshold 6 (max threshold 6)
[2020-09-11T18:16:58.520+0000][1][gc,age       ] GC(126) - age   1:     627776 bytes,     627776 total
[2020-09-11T18:16:58.520+0000][1][gc,age       ] GC(126) - age   2:       6232 bytes,     634008 total
[2020-09-11T18:16:58.520+0000][1][gc,age       ] GC(126) - age   3:       5848 bytes,     639856 total
[2020-09-11T18:16:58.520+0000][1][gc,age       ] GC(126) - age   4:       1520 bytes,     641376 total
[2020-09-11T18:16:58.520+0000][1][gc,age       ] GC(126) - age   5:       1784 bytes,     643160 total
[2020-09-11T18:16:58.520+0000][1][gc,age       ] GC(126) - age   6:       2224 bytes,     645384 total
[2020-09-11T18:16:58.520+0000][1][gc,heap      ] GC(126) ParNew: 68886K->1021K(76672K)
[2020-09-11T18:16:58.521+0000][1][gc,heap      ] GC(126) CMS: 79784K->79786K(439104K)
[2020-09-11T18:16:58.521+0000][1][gc,metaspace ] GC(126) Metaspace: 96251K->96251K(1138688K)
[2020-09-11T18:16:58.521+0000][1][gc           ] GC(126) Pause Young (Allocation Failure) 145M->78M(503M) 11.703ms
[2020-09-11T18:16:58.521+0000][1][gc,cpu       ] GC(126) User=0.01s Sys=0.00s Real=0.01s
[2020-09-11T18:16:58.521+0000][1][safepoint    ] Safepoint "GenCollectForAllocation", Time since last: 64315854 ns, Reaching safepoint: 4052997 ns, At safepoint: 12015597 ns, Total: 16068594 ns
[2020-09-11T18:17:01.544+0000][1][safepoint    ] Safepoint "Cleanup", Time since last: 3022676630 ns, Reaching safepoint: 280608 ns, At safepoint: 23163 ns, Total: 303771 ns
[2020-09-11T18:17:05.033+0000][1][safepoint    ] Safepoint "RevokeBias", Time since last: 3489130532 ns, Reaching safepoint: 86234 ns, At safepoint: 21715 ns, Total: 107949 ns
[2020-09-11T18:17:08.405+0000][1][safepoint    ] Safepoint "RevokeBias", Time since last: 3371185588 ns, Reaching safepoint: 534934 ns, At safepoint: 233881 ns, Total: 768815 ns
[2020-09-11T18:17:14.956+0000][1][safepoint    ] Safepoint "RevokeBias", Time since last: 6551013933 ns, Reaching safepoint: 172356 ns, At safepoint: 22633 ns, Total: 194989 ns
[2020-09-11T18:17:18.456+0000][1][safepoint    ] Safepoint "RevokeBias", Time since last: 3500003897 ns, Reaching safepoint: 190876 ns, At safepoint: 21716 ns, Total: 212592 ns
[2020-09-11T18:17:24.965+0000][1][safepoint    ] Safepoint "RevokeBias", Time since last: 6508312783 ns, Reaching safepoint: 176704 ns, At safepoint: 28320 ns, Total: 205024 ns
[2020-09-11T18:17:26.949+0000][1][gc,start     ] GC(127) Pause Young (Allocation Failure)
[2020-09-11T18:17:26.949+0000][1][gc,task      ] GC(127) Using 1 workers of 1 for evacuation
[2020-09-11T18:17:26.956+0000][1][gc,age       ] GC(127) Desired survivor size 4358144 bytes, new threshold 6 (max threshold 6)
[2020-09-11T18:17:26.957+0000][1][gc,age       ] GC(127) Age table with threshold 6 (max threshold 6)
[2020-09-11T18:17:26.957+0000][1][gc,age       ] GC(127) - age   1:      64448 bytes,      64448 total
[2020-09-11T18:17:26.957+0000][1][gc,age       ] GC(127) - age   2:      14208 bytes,      78656 total
[2020-09-11T18:17:26.957+0000][1][gc,age       ] GC(127) - age   3:       3776 bytes,      82432 total
[2020-09-11T18:17:26.957+0000][1][gc,age       ] GC(127) - age   4:       5656 bytes,      88088 total
[2020-09-11T18:17:26.957+0000][1][gc,age       ] GC(127) - age   5:       1520 bytes,      89608 total
[2020-09-11T18:17:26.957+0000][1][gc,age       ] GC(127) - age   6:       1784 bytes,      91392 total
[2020-09-11T18:17:26.957+0000][1][gc,heap      ] GC(127) ParNew: 69181K->600K(76672K)
[2020-09-11T18:17:26.957+0000][1][gc,heap      ] GC(127) CMS: 79786K->79788K(439104K)
[2020-09-11T18:17:26.957+0000][1][gc,metaspace ] GC(127) Metaspace: 96264K->96264K(1138688K)
[2020-09-11T18:17:26.957+0000][1][gc           ] GC(127) Pause Young (Allocation Failure) 145M->78M(503M) 7.226ms
[2020-09-11T18:17:26.957+0000][1][gc,cpu       ] GC(127) User=0.01s Sys=0.00s Real=0.01s
[2020-09-11T18:17:26.957+0000][1][safepoint    ] Safepoint "GenCollectForAllocation", Time since last: 1984238014 ns, Reaching safepoint: 175138 ns, At safepoint: 7296885 ns, Total: 7472023 ns
[2020-09-11T18:17:28.425+0000][1][safepoint    ] Safepoint "RevokeBias", Time since last: 1464356046 ns, Reaching safepoint: 3880244 ns, At safepoint: 294044 ns, Total: 4174288 ns
[2020-09-11T18:17:34.954+0000][1][safepoint    ] Safepoint "RevokeBias", Time since last: 6528159075 ns, Reaching safepoint: 164582 ns, At safepoint: 23023 ns, Total: 187605 ns
[2020-09-11T18:17:35.954+0000][1][safepoint    ] Safepoint "Cleanup", Time since last: 1000115071 ns, Reaching safepoint: 95239 ns, At safepoint: 9729 ns, Total: 104968 ns
[2020-09-11T18:17:36.954+0000][1][safepoint    ] Safepoint "Cleanup", Time since last: 1000109135 ns, Reaching safepoint: 95270 ns, At safepoint: 8479 ns, Total: 103749 ns
[2020-09-11T18:17:38.409+0000][1][safepoint    ] Safepoint "RevokeBias", Time since last: 1451084562 ns, Reaching safepoint: 3768748 ns, At safepoint: 28930 ns, Total: 3797678 ns
[2020-09-11T18:17:39.409+0000][1][safepoint    ] Safepoint "Cleanup", Time since last: 1000114118 ns, Reaching safepoint: 90572 ns, At safepoint: 8654 ns, Total: 99226 ns
[2020-09-11T18:17:42.975+0000][1][safepoint    ] Safepoint "Cleanup", Time since last: 3564117808 ns, Reaching safepoint: 161220 ns, At safepoint: 2103802 ns, Total: 2265022 ns
[2020-09-11T18:17:43.976+0000][1][safepoint    ] Safepoint "Cleanup", Time since last: 1000278001 ns, Reaching safepoint: 117440 ns, At safepoint: 9132 ns, Total: 126572 ns
[2020-09-11T18:17:45.011+0000][1][safepoint    ] Safepoint "RevokeBias", Time since last: 1035217228 ns, Reaching safepoint: 162976 ns, At safepoint: 23497 ns, Total: 186473 ns
[2020-09-11T18:17:47.069+0000][1][gc,start     ] GC(128) Pause Young (Allocation Failure)
[2020-09-11T18:17:47.069+0000][1][gc,task      ] GC(128) Using 1 workers of 1 for evacuation
[2020-09-11T18:17:47.081+0000][1][gc,age       ] GC(128) Desired survivor size 4358144 bytes, new threshold 6 (max threshold 6)
[2020-09-11T18:17:47.081+0000][1][gc,age       ] GC(128) Age table with threshold 6 (max threshold 6)
[2020-09-11T18:17:47.081+0000][1][gc,age       ] GC(128) - age   1:     142120 bytes,     142120 total
[2020-09-11T18:17:47.081+0000][1][gc,age       ] GC(128) - age   2:      18424 bytes,     160544 total
[2020-09-11T18:17:47.081+0000][1][gc,age       ] GC(128) - age   3:      12472 bytes,     173016 total
[2020-09-11T18:17:47.081+0000][1][gc,age       ] GC(128) - age   4:       3776 bytes,     176792 total
[2020-09-11T18:17:47.081+0000][1][gc,age       ] GC(128) - age   5:       5656 bytes,     182448 total
[2020-09-11T18:17:47.081+0000][1][gc,age       ] GC(128) - age   6:       1520 bytes,     183968 total
[2020-09-11T18:17:47.081+0000][1][gc,heap      ] GC(128) ParNew: 68760K->333K(76672K)
[2020-09-11T18:17:47.082+0000][1][gc,heap      ] GC(128) CMS: 79788K->79790K(439104K)
[2020-09-11T18:17:47.082+0000][1][gc,metaspace ] GC(128) Metaspace: 96289K->96289K(1138688K)
[2020-09-11T18:17:47.082+0000][1][gc           ] GC(128) Pause Young (Allocation Failure) 145M->78M(503M) 12.682ms
[2020-09-11T18:17:47.082+0000][1][gc,cpu       ] GC(128) User=0.01s Sys=0.00s Real=0.02s
[2020-09-11T18:17:47.082+0000][1][safepoint    ] Safepoint "GenCollectForAllocation", Time since last: 2055114993 ns, Reaching safepoint: 2456101 ns, At safepoint: 12811182 ns, Total: 15267283 ns
[2020-09-11T18:17:48.449+0000][1][safepoint    ] Safepoint "RevokeBias", Time since last: 1367555693 ns, Reaching safepoint: 171277 ns, At safepoint: 22824 ns, Total: 194101 ns
[2020-09-11T18:17:51.439+0000][1][safepoint    ] Safepoint "RevokeBias", Time since last: 2989264177 ns, Reaching safepoint: 207964 ns, At safepoint: 28770 ns, Total: 236734 ns
[2020-09-11T18:17:51.445+0000][1][safepoint    ] Safepoint "RevokeBias", Time since last: 4313371 ns, Reaching safepoint: 1578044 ns, At safepoint: 35840 ns, Total: 1613884 ns
[2020-09-11T18:17:51.445+0000][1][safepoint    ] Safepoint "RevokeBias", Time since last: 259302 ns, Reaching safepoint: 167331 ns, At safepoint: 16846 ns, Total: 184177 ns
[2020-09-11T18:17:51.446+0000][1][safepoint    ] Safepoint "RevokeBias", Time since last: 654145 ns, Reaching safepoint: 165999 ns, At safepoint: 17279 ns, Total: 183278 ns
[2020-09-11T18:17:52.106+0000][1][safepoint    ] Safepoint "RevokeBias", Time since last: 660023946 ns, Reaching safepoint: 173650 ns, At safepoint: 26244 ns, Total: 199894 ns
[2020-09-11T18:17:52.109+0000][1][safepoint    ] Safepoint "RevokeBias", Time since last: 2210418 ns, Reaching safepoint: 269774 ns, At safepoint: 24434 ns, Total: 294208 ns
[2020-09-11T18:17:52.110+0000][1][safepoint    ] Safepoint "RevokeBias", Time since last: 462999 ns, Reaching safepoint: 379192 ns, At safepoint: 19839 ns, Total: 399031 ns
[2020-09-11T18:17:52.112+0000][1][safepoint    ] Safepoint "RevokeBias", Time since last: 109077 ns, Reaching safepoint: 1848108 ns, At safepoint: 20807 ns, Total: 1868915 ns
[2020-09-11T18:17:52.113+0000][1][safepoint    ] Safepoint "RevokeBias", Time since last: 78693 ns, Reaching safepoint: 1055781 ns, At safepoint: 27937 ns, Total: 1083718 ns
[2020-09-11T18:17:52.132+0000][1][safepoint    ] Safepoint "RevokeBias", Time since last: 19259208 ns, Reaching safepoint: 163676 ns, At safepoint: 24391 ns, Total: 188067 ns
[2020-09-11T18:17:52.193+0000][1][safepoint    ] Safepoint "RevokeBias", Time since last: 60180115 ns, Reaching safepoint: 354854 ns, At safepoint: 28979 ns, Total: 383833 ns
[2020-09-11T18:17:52.194+0000][1][safepoint    ] Safepoint "RevokeBias", Time since last: 55501 ns, Reaching safepoint: 848971 ns, At safepoint: 14446 ns, Total: 863417 ns
[2020-09-11T18:17:52.194+0000][1][safepoint    ] Safepoint "RevokeBias", Time since last: 39348 ns, Reaching safepoint: 485822 ns, At safepoint: 12412 ns, Total: 498234 ns
[2020-09-11T18:17:52.194+0000][1][safepoint    ] Safepoint "RevokeBias", Time since last: 35397 ns, Reaching safepoint: 101263 ns, At safepoint: 11540 ns, Total: 112803 ns
[2020-09-11T18:17:52.195+0000][1][safepoint    ] Safepoint "RevokeBias", Time since last: 32887 ns, Reaching safepoint: 101610 ns, At safepoint: 10828 ns, Total: 112438 ns
[2020-09-11T18:17:52.195+0000][1][safepoint    ] Safepoint "RevokeBias", Time since last: 31943 ns, Reaching safepoint: 101744 ns, At safepoint: 11149 ns, Total: 112893 ns
[2020-09-11T18:17:52.197+0000][1][safepoint    ] Safepoint "RevokeBias", Time since last: 31566 ns, Reaching safepoint: 2014438 ns, At safepoint: 15197 ns, Total: 2029635 ns
[2020-09-11T18:17:52.229+0000][1][safepoint    ] Safepoint "RevokeBias", Time since last: 31792012 ns, Reaching safepoint: 170347 ns, At safepoint: 46297 ns, Total: 216644 ns
[2020-09-11T18:17:52.241+0000][1][safepoint    ] Safepoint "RevokeBias", Time since last: 12397299 ns, Reaching safepoint: 153871 ns, At safepoint: 25436 ns, Total: 179307 ns
[2020-09-11T18:17:52.242+0000][1][safepoint    ] Safepoint "RevokeBias", Time since last: 881291 ns, Reaching safepoint: 183630 ns, At safepoint: 18425 ns, Total: 202055 ns
[2020-09-11T18:17:55.020+0000][1][safepoint    ] Safepoint "RevokeBias", Time since last: 2777327871 ns, Reaching safepoint: 163658 ns, At safepoint: 23709 ns, Total: 187367 ns
[2020-09-11T18:17:55.594+0000][1][safepoint    ] Safepoint "RevokeBias", Time since last: 573823976 ns, Reaching safepoint: 272817 ns, At safepoint: 26539 ns, Total: 299356 ns
[2020-09-11T18:17:55.594+0000][1][safepoint    ] Safepoint "RevokeBias", Time since last: 72668 ns, Reaching safepoint: 228918 ns, At safepoint: 18544 ns, Total: 247462 ns
[2020-09-11T18:17:55.595+0000][1][safepoint    ] Safepoint "RevokeBias", Time since last: 46646 ns, Reaching safepoint: 158123 ns, At safepoint: 16350 ns, Total: 174473 ns
[2020-09-11T18:17:55.595+0000][1][safepoint    ] Safepoint "RevokeBias", Time since last: 40382 ns, Reaching safepoint: 146354 ns, At safepoint: 15543 ns, Total: 161897 ns
[2020-09-11T18:17:55.595+0000][1][safepoint    ] Safepoint "RevokeBias", Time since last: 37668 ns, Reaching safepoint: 154543 ns, At safepoint: 14683 ns, Total: 169226 ns
[2020-09-11T18:17:55.595+0000][1][safepoint    ] Safepoint "RevokeBias", Time since last: 37325 ns, Reaching safepoint: 140696 ns, At safepoint: 13830 ns, Total: 154526 ns
[2020-09-11T18:17:55.595+0000][1][safepoint    ] Safepoint "RevokeBias", Time since last: 36064 ns, Reaching safepoint: 136937 ns, At safepoint: 22487 ns, Total: 159424 ns
[2020-09-11T18:17:55.596+0000][1][safepoint    ] Safepoint "RevokeBias", Time since last: 30672 ns, Reaching safepoint: 134088 ns, At safepoint: 21992 ns, Total: 156080 ns
[2020-09-11T18:17:55.596+0000][1][safepoint    ] Safepoint "RevokeBias", Time since last: 30151 ns, Reaching safepoint: 133196 ns, At safepoint: 21839 ns, Total: 155035 ns
[2020-09-11T18:17:55.596+0000][1][safepoint    ] Safepoint "RevokeBias", Time since last: 29369 ns, Reaching safepoint: 131705 ns, At safepoint: 21263 ns, Total: 152968 ns
[2020-09-11T18:17:58.356+0000][1][safepoint    ] Safepoint "RevokeBias", Time since last: 2755244445 ns, Reaching safepoint: 5094000 ns, At safepoint: 28851 ns, Total: 5122851 ns
[2020-09-11T18:17:58.457+0000][1][safepoint    ] Safepoint "RevokeBias", Time since last: 100887882 ns, Reaching safepoint: 181133 ns, At safepoint: 23162 ns, Total: 204295 ns
[2020-09-11T18:18:04.959+0000][1][safepoint    ] Safepoint "RevokeBias", Time since last: 6501262599 ns, Reaching safepoint: 169666 ns, At safepoint: 23279 ns, Total: 192945 ns
[2020-09-11T18:18:05.532+0000][1][gc,start     ] GC(129) Pause Young (Allocation Failure)
[2020-09-11T18:18:05.532+0000][1][gc,task      ] GC(129) Using 1 workers of 1 for evacuation
[2020-09-11T18:18:05.541+0000][1][gc,age       ] GC(129) Desired survivor size 4358144 bytes, new threshold 6 (max threshold 6)
[2020-09-11T18:18:05.541+0000][1][gc,age       ] GC(129) Age table with threshold 6 (max threshold 6)
[2020-09-11T18:18:05.541+0000][1][gc,age       ] GC(129) - age   1:     281904 bytes,     281904 total
[2020-09-11T18:18:05.541+0000][1][gc,age       ] GC(129) - age   2:      10976 bytes,     292880 total
[2020-09-11T18:18:05.541+0000][1][gc,age       ] GC(129) - age   3:       2240 bytes,     295120 total
[2020-09-11T18:18:05.541+0000][1][gc,age       ] GC(129) - age   4:      12376 bytes,     307496 total
[2020-09-11T18:18:05.541+0000][1][gc,age       ] GC(129) - age   5:       3464 bytes,     310960 total
[2020-09-11T18:18:05.541+0000][1][gc,age       ] GC(129) - age   6:       5344 bytes,     316304 total
[2020-09-11T18:18:05.541+0000][1][gc,heap      ] GC(129) ParNew: 68493K->327K(76672K)
[2020-09-11T18:18:05.541+0000][1][gc,heap      ] GC(129) CMS: 79790K->79792K(439104K)
[2020-09-11T18:18:05.541+0000][1][gc,metaspace ] GC(129) Metaspace: 96338K->96338K(1138688K)
[2020-09-11T18:18:05.541+0000][1][gc           ] GC(129) Pause Young (Allocation Failure) 144M->78M(503M) 9.472ms
[2020-09-11T18:18:05.541+0000][1][gc,cpu       ] GC(129) User=0.01s Sys=0.00s Real=0.02s
[2020-09-11T18:18:05.541+0000][1][safepoint    ] Safepoint "GenCollectForAllocation", Time since last: 572787123 ns, Reaching safepoint: 159156 ns, At safepoint: 9558016 ns, Total: 9717172 ns
[2020-09-11T18:18:08.450+0000][1][safepoint    ] Safepoint "RevokeBias", Time since last: 2907777023 ns, Reaching safepoint: 224735 ns, At safepoint: 211921 ns, Total: 436656 ns
[2020-09-11T18:18:09.450+0000][1][safepoint    ] Safepoint "Cleanup", Time since last: 1000113534 ns, Reaching safepoint: 94406 ns, At safepoint: 9719 ns, Total: 104125 ns
[2020-09-11T18:18:11.450+0000][1][safepoint    ] Safepoint "Cleanup", Time since last: 2000191372 ns, Reaching safepoint: 90086 ns, At safepoint: 9721 ns, Total: 99807 ns
[2020-09-11T18:18:14.981+0000][1][safepoint    ] Safepoint "RevokeBias", Time since last: 3530624907 ns, Reaching safepoint: 94068 ns, At safepoint: 21622 ns, Total: 115690 ns
[2020-09-11T18:18:18.416+0000][1][safepoint    ] Safepoint "RevokeBias", Time since last: 3435345161 ns, Reaching safepoint: 96517 ns, At safepoint: 19961 ns, Total: 116478 ns
[2020-09-11T18:18:25.033+0000][1][safepoint    ] Safepoint "RevokeBias", Time since last: 6616082156 ns, Reaching safepoint: 178375 ns, At safepoint: 26235 ns, Total: 204610 ns
[2020-09-11T18:18:27.861+0000][1][gc,start     ] GC(130) Pause Young (Allocation Failure)
[2020-09-11T18:18:27.861+0000][1][gc,task      ] GC(130) Using 1 workers of 1 for evacuation
[2020-09-11T18:18:27.870+0000][1][gc,age       ] GC(130) Desired survivor size 4358144 bytes, new threshold 6 (max threshold 6)
[2020-09-11T18:18:27.870+0000][1][gc,age       ] GC(130) Age table with threshold 6 (max threshold 6)
[2020-09-11T18:18:27.870+0000][1][gc,age       ] GC(130) - age   1:      71008 bytes,      71008 total
[2020-09-11T18:18:27.870+0000][1][gc,age       ] GC(130) - age   2:     226256 bytes,     297264 total
[2020-09-11T18:18:27.870+0000][1][gc,age       ] GC(130) - age   3:       5088 bytes,     302352 total
[2020-09-11T18:18:27.870+0000][1][gc,age       ] GC(130) - age   4:       2240 bytes,     304592 total
[2020-09-11T18:18:27.870+0000][1][gc,age       ] GC(130) - age   5:      12376 bytes,     316968 total
[2020-09-11T18:18:27.870+0000][1][gc,age       ] GC(130) - age   6:       3464 bytes,     320432 total
[2020-09-11T18:18:27.870+0000][1][gc,heap      ] GC(130) ParNew: 68487K->517K(76672K)
[2020-09-11T18:18:27.870+0000][1][gc,heap      ] GC(130) CMS: 79792K->79794K(439104K)
[2020-09-11T18:18:27.870+0000][1][gc,metaspace ] GC(130) Metaspace: 96375K->96375K(1138688K)
[2020-09-11T18:18:27.870+0000][1][gc           ] GC(130) Pause Young (Allocation Failure) 144M->78M(503M) 9.795ms
[2020-09-11T18:18:27.870+0000][1][gc,cpu       ] GC(130) User=0.00s Sys=0.00s Real=0.01s
[2020-09-11T18:18:27.870+0000][1][safepoint    ] Safepoint "GenCollectForAllocation", Time since last: 2827758354 ns, Reaching safepoint: 172310 ns, At safepoint: 9904595 ns, Total: 10076905 ns
[2020-09-11T18:18:28.421+0000][1][safepoint    ] Safepoint "RevokeBias", Time since last: 545148201 ns, Reaching safepoint: 5300124 ns, At safepoint: 224558 ns, Total: 5524682 ns
[2020-09-11T18:18:29.653+0000][1][safepoint    ] Safepoint "Cleanup", Time since last: 1231659633 ns, Reaching safepoint: 94129 ns, At safepoint: 9844 ns, Total: 103973 ns
[2020-09-11T18:18:34.978+0000][1][safepoint    ] Safepoint "RevokeBias", Time since last: 5324715904 ns, Reaching safepoint: 93455 ns, At safepoint: 21977 ns, Total: 115432 ns
[2020-09-11T18:18:35.978+0000][1][safepoint    ] Safepoint "Cleanup", Time since last: 1000101711 ns, Reaching safepoint: 89301 ns, At safepoint: 7776 ns, Total: 97077 ns
[2020-09-11T18:18:37.978+0000][1][safepoint    ] Safepoint "Cleanup", Time since last: 2000185744 ns, Reaching safepoint: 316726 ns, At safepoint: 14291 ns, Total: 331017 ns
[2020-09-11T18:18:38.453+0000][1][safepoint    ] Safepoint "BulkRevokeBias", Time since last: 473371242 ns, Reaching safepoint: 1062423 ns, At safepoint: 545258 ns, Total: 1607681 ns
[2020-09-11T18:18:38.574+0000][1][safepoint    ] Safepoint "RevokeBias", Time since last: 120202645 ns, Reaching safepoint: 164747 ns, At safepoint: 23247 ns, Total: 187994 ns
[2020-09-11T18:18:44.966+0000][1][safepoint    ] Safepoint "BulkRevokeBias", Time since last: 6392057032 ns, Reaching safepoint: 173325 ns, At safepoint: 232797 ns, Total: 406122 ns
[2020-09-11T18:18:48.418+0000][1][safepoint    ] Safepoint "RevokeBias", Time since last: 3450854394 ns, Reaching safepoint: 231015 ns, At safepoint: 242784 ns, Total: 473799 ns
[2020-09-11T18:18:48.489+0000][1][gc,start     ] GC(131) Pause Young (Allocation Failure)
[2020-09-11T18:18:48.489+0000][1][gc,task      ] GC(131) Using 1 workers of 1 for evacuation
[2020-09-11T18:18:48.517+0000][1][gc,age       ] GC(131) Desired survivor size 4358144 bytes, new threshold 6 (max threshold 6)
[2020-09-11T18:18:48.517+0000][1][gc,age       ] GC(131) Age table with threshold 6 (max threshold 6)
[2020-09-11T18:18:48.517+0000][1][gc,age       ] GC(131) - age   1:     368264 bytes,     368264 total
[2020-09-11T18:18:48.517+0000][1][gc,age       ] GC(131) - age   2:       7912 bytes,     376176 total
[2020-09-11T18:18:48.517+0000][1][gc,age       ] GC(131) - age   3:     223016 bytes,     599192 total
[2020-09-11T18:18:48.517+0000][1][gc,age       ] GC(131) - age   4:       5088 bytes,     604280 total
[2020-09-11T18:18:48.517+0000][1][gc,age       ] GC(131) - age   5:       2240 bytes,     606520 total
[2020-09-11T18:18:48.517+0000][1][gc,age       ] GC(131) - age   6:      12376 bytes,     618896 total
[2020-09-11T18:18:48.517+0000][1][gc,heap      ] GC(131) ParNew: 68677K->898K(76672K)
[2020-09-11T18:18:48.517+0000][1][gc,heap      ] GC(131) CMS: 79794K->79798K(439104K)
[2020-09-11T18:18:48.517+0000][1][gc,metaspace ] GC(131) Metaspace: 96417K->96417K(1138688K)
[2020-09-11T18:18:48.517+0000][1][gc           ] GC(131) Pause Young (Allocation Failure) 144M->78M(503M) 28.264ms
[2020-09-11T18:18:48.517+0000][1][gc,cpu       ] GC(131) User=0.00s Sys=0.00s Real=0.03s
[2020-09-11T18:18:48.517+0000][1][safepoint    ] Safepoint "GenCollectForAllocation", Time since last: 69451089 ns, Reaching safepoint: 1766808 ns, At safepoint: 28606342 ns, Total: 30373150 ns
[2020-09-11T18:18:49.518+0000][1][safepoint    ] Safepoint "Cleanup", Time since last: 1000670010 ns, Reaching safepoint: 101241 ns, At safepoint: 7511 ns, Total: 108752 ns
[2020-09-11T18:18:50.518+0000][1][safepoint    ] Safepoint "Cleanup", Time since last: 1000111497 ns, Reaching safepoint: 109916 ns, At safepoint: 9498 ns, Total: 119414 ns
[2020-09-11T18:18:54.972+0000][1][safepoint    ] Safepoint "RevokeBias", Time since last: 4453803504 ns, Reaching safepoint: 193697 ns, At safepoint: 24159 ns, Total: 217856 ns
[2020-09-11T18:18:58.446+0000][1][safepoint    ] Safepoint "RevokeBias", Time since last: 3473649094 ns, Reaching safepoint: 180913 ns, At safepoint: 21939 ns, Total: 202852 ns
[2020-09-11T18:19:05.050+0000][1][safepoint    ] Safepoint "RevokeBias", Time since last: 6603847131 ns, Reaching safepoint: 99365 ns, At safepoint: 24944 ns, Total: 124309 ns
[2020-09-11T18:19:08.418+0000][1][safepoint    ] Safepoint "RevokeBias", Time since last: 3367251115 ns, Reaching safepoint: 91622 ns, At safepoint: 23073 ns, Total: 114695 ns
[2020-09-11T18:19:08.501+0000][1][gc,start     ] GC(132) Pause Young (Allocation Failure)
[2020-09-11T18:19:08.501+0000][1][gc,task      ] GC(132) Using 1 workers of 1 for evacuation
[2020-09-11T18:19:08.511+0000][1][gc,age       ] GC(132) Desired survivor size 4358144 bytes, new threshold 6 (max threshold 6)
[2020-09-11T18:19:08.511+0000][1][gc,age       ] GC(132) Age table with threshold 6 (max threshold 6)
[2020-09-11T18:19:08.511+0000][1][gc,age       ] GC(132) - age   1:     614288 bytes,     614288 total
[2020-09-11T18:19:08.511+0000][1][gc,age       ] GC(132) - age   2:      24816 bytes,     639104 total
[2020-09-11T18:19:08.511+0000][1][gc,age       ] GC(132) - age   3:       5800 bytes,     644904 total
[2020-09-11T18:19:08.511+0000][1][gc,age       ] GC(132) - age   4:     222728 bytes,     867632 total
[2020-09-11T18:19:08.511+0000][1][gc,age       ] GC(132) - age   5:       5088 bytes,     872720 total
[2020-09-11T18:19:08.511+0000][1][gc,age       ] GC(132) - age   6:       2240 bytes,     874960 total
[2020-09-11T18:19:08.511+0000][1][gc,heap      ] GC(132) ParNew: 69058K->1056K(76672K)
[2020-09-11T18:19:08.511+0000][1][gc,heap      ] GC(132) CMS: 79798K->79810K(439104K)
[2020-09-11T18:19:08.511+0000][1][gc,metaspace ] GC(132) Metaspace: 96457K->96457K(1138688K)
[2020-09-11T18:19:08.511+0000][1][gc           ] GC(132) Pause Young (Allocation Failure) 145M->78M(503M) 9.824ms
[2020-09-11T18:19:08.511+0000][1][gc,cpu       ] GC(132) User=0.00s Sys=0.00s Real=0.00s
[2020-09-11T18:19:08.511+0000][1][safepoint    ] Safepoint "GenCollectForAllocation", Time since last: 82583125 ns, Reaching safepoint: 576690 ns, At safepoint: 10535815 ns, Total: 11112505 ns
[2020-09-11T18:19:14.529+0000][1][safepoint    ] Safepoint "Cleanup", Time since last: 6017066668 ns, Reaching safepoint: 98738 ns, At safepoint: 9765 ns, Total: 108503 ns
[2020-09-11T18:19:14.976+0000][1][safepoint    ] Safepoint "RevokeBias", Time since last: 447126274 ns, Reaching safepoint: 164326 ns, At safepoint: 23132 ns, Total: 187458 ns
[2020-09-11T18:19:18.411+0000][1][safepoint    ] Safepoint "RevokeBias", Time since last: 3435152626 ns, Reaching safepoint: 227609 ns, At safepoint: 241184 ns, Total: 468793 ns
[2020-09-11T18:19:19.412+0000][1][safepoint    ] Safepoint "Cleanup", Time since last: 1000117351 ns, Reaching safepoint: 95535 ns, At safepoint: 10073 ns, Total: 105608 ns
[2020-09-11T18:19:21.412+0000][1][safepoint    ] Safepoint "Cleanup", Time since last: 2000190745 ns, Reaching safepoint: 92182 ns, At safepoint: 10419 ns, Total: 102601 ns
[2020-09-11T18:19:24.973+0000][1][safepoint    ] Safepoint "RevokeBias", Time since last: 3560675374 ns, Reaching safepoint: 167122 ns, At safepoint: 23336 ns, Total: 190458 ns
[2020-09-11T18:19:28.468+0000][1][safepoint    ] Safepoint "RevokeBias", Time since last: 3494429524 ns, Reaching safepoint: 216339 ns, At safepoint: 22260 ns, Total: 238599 ns
[2020-09-11T18:19:34.953+0000][1][gc,start     ] GC(133) Pause Young (Allocation Failure)
[2020-09-11T18:19:34.953+0000][1][gc,task      ] GC(133) Using 1 workers of 1 for evacuation
[2020-09-11T18:19:34.963+0000][1][gc,age       ] GC(133) Desired survivor size 4358144 bytes, new threshold 6 (max threshold 6)
[2020-09-11T18:19:34.963+0000][1][gc,age       ] GC(133) Age table with threshold 6 (max threshold 6)
[2020-09-11T18:19:34.963+0000][1][gc,age       ] GC(133) - age   1:      78232 bytes,      78232 total
[2020-09-11T18:19:34.963+0000][1][gc,age       ] GC(133) - age   2:       5712 bytes,      83944 total
[2020-09-11T18:19:34.963+0000][1][gc,age       ] GC(133) - age   3:       6352 bytes,      90296 total
[2020-09-11T18:19:34.963+0000][1][gc,age       ] GC(133) - age   4:       5800 bytes,      96096 total
[2020-09-11T18:19:34.963+0000][1][gc,age       ] GC(133) - age   5:     222728 bytes,     318824 total
[2020-09-11T18:19:34.963+0000][1][gc,age       ] GC(133) - age   6:       5088 bytes,     323912 total
[2020-09-11T18:19:34.963+0000][1][gc,heap      ] GC(133) ParNew: 69216K->772K(76672K)
[2020-09-11T18:19:34.963+0000][1][gc,heap      ] GC(133) CMS: 79810K->79812K(439104K)
[2020-09-11T18:19:34.963+0000][1][gc,metaspace ] GC(133) Metaspace: 96464K->96464K(1138688K)
[2020-09-11T18:19:34.963+0000][1][gc           ] GC(133) Pause Young (Allocation Failure) 145M->78M(503M) 9.804ms
[2020-09-11T18:19:34.963+0000][1][gc,cpu       ] GC(133) User=0.00s Sys=0.00s Real=0.01s
[2020-09-11T18:19:34.963+0000][1][safepoint    ] Safepoint "GenCollectForAllocation", Time since last: 6485319623 ns, Reaching safepoint: 82839 ns, At safepoint: 9874159 ns, Total: 9956998 ns
[2020-09-11T18:19:35.006+0000][1][safepoint    ] Safepoint "RevokeBias", Time since last: 42575104 ns, Reaching safepoint: 88419 ns, At safepoint: 34447 ns, Total: 122866 ns
[2020-09-11T18:19:38.409+0000][1][safepoint    ] Safepoint "RevokeBias", Time since last: 3402952961 ns, Reaching safepoint: 432710 ns, At safepoint: 222505 ns, Total: 655215 ns
[2020-09-11T18:19:45.057+0000][1][safepoint    ] Safepoint "RevokeBias", Time since last: 6647597742 ns, Reaching safepoint: 133153 ns, At safepoint: 26877 ns, Total: 160030 ns
[2020-09-11T18:19:48.057+0000][1][safepoint    ] Safepoint "Cleanup", Time since last: 3000260104 ns, Reaching safepoint: 93287 ns, At safepoint: 10279 ns, Total: 103566 ns
[2020-09-11T18:19:48.449+0000][1][safepoint    ] Safepoint "RevokeBias", Time since last: 390098817 ns, Reaching safepoint: 1515956 ns, At safepoint: 24082 ns, Total: 1540038 ns
[2020-09-11T18:19:49.449+0000][1][safepoint    ] Safepoint "Cleanup", Time since last: 1000109483 ns, Reaching safepoint: 91505 ns, At safepoint: 10362 ns, Total: 101867 ns
[2020-09-11T18:19:54.968+0000][1][safepoint    ] Safepoint "RevokeBias", Time since last: 5518960358 ns, Reaching safepoint: 166499 ns, At safepoint: 23534 ns, Total: 190033 ns
[2020-09-11T18:19:57.969+0000][1][safepoint    ] Safepoint "Cleanup", Time since last: 3000280820 ns, Reaching safepoint: 92883 ns, At safepoint: 9782 ns, Total: 102665 ns
[2020-09-11T18:19:58.351+0000][1][gc,start     ] GC(134) Pause Young (Allocation Failure)
[2020-09-11T18:19:58.351+0000][1][gc,task      ] GC(134) Using 1 workers of 1 for evacuation
[2020-09-11T18:19:58.362+0000][1][gc,age       ] GC(134) Desired survivor size 4358144 bytes, new threshold 6 (max threshold 6)
[2020-09-11T18:19:58.362+0000][1][gc,age       ] GC(134) Age table with threshold 6 (max threshold 6)
[2020-09-11T18:19:58.362+0000][1][gc,age       ] GC(134) - age   1:     107680 bytes,     107680 total
[2020-09-11T18:19:58.362+0000][1][gc,age       ] GC(134) - age   2:      17136 bytes,     124816 total
[2020-09-11T18:19:58.362+0000][1][gc,age       ] GC(134) - age   3:       3800 bytes,     128616 total
[2020-09-11T18:19:58.362+0000][1][gc,age       ] GC(134) - age   4:       6352 bytes,     134968 total
[2020-09-11T18:19:58.362+0000][1][gc,age       ] GC(134) - age   5:       5800 bytes,     140768 total
[2020-09-11T18:19:58.362+0000][1][gc,age       ] GC(134) - age   6:     222728 bytes,     363496 total
[2020-09-11T18:19:58.362+0000][1][gc,heap      ] GC(134) ParNew: 68932K->623K(76672K)
[2020-09-11T18:19:58.362+0000][1][gc,heap      ] GC(134) CMS: 79812K->79817K(439104K)
[2020-09-11T18:19:58.362+0000][1][gc,metaspace ] GC(134) Metaspace: 96470K->96470K(1138688K)
[2020-09-11T18:19:58.362+0000][1][gc           ] GC(134) Pause Young (Allocation Failure) 145M->78M(503M) 10.977ms
[2020-09-11T18:19:58.362+0000][1][gc,cpu       ] GC(134) User=0.00s Sys=0.00s Real=0.02s
[2020-09-11T18:19:58.363+0000][1][safepoint    ] Safepoint "GenCollectForAllocation", Time since last: 380182483 ns, Reaching safepoint: 2065863 ns, At safepoint: 11969432 ns, Total: 14035295 ns
[2020-09-11T18:19:58.438+0000][1][safepoint    ] Safepoint "RevokeBias", Time since last: 74634366 ns, Reaching safepoint: 85742 ns, At safepoint: 19993 ns, Total: 105735 ns
[2020-09-11T18:20:03.441+0000][1][safepoint    ] Safepoint "Cleanup", Time since last: 5003339373 ns, Reaching safepoint: 87384 ns, At safepoint: 9224 ns, Total: 96608 ns
[2020-09-11T18:20:04.441+0000][1][safepoint    ] Safepoint "Cleanup", Time since last: 1000111342 ns, Reaching safepoint: 88222 ns, At safepoint: 9932 ns, Total: 98154 ns
[2020-09-11T18:20:04.972+0000][1][safepoint    ] Safepoint "RevokeBias", Time since last: 530465832 ns, Reaching safepoint: 164796 ns, At safepoint: 24238 ns, Total: 189034 ns
[2020-09-11T18:20:05.972+0000][1][safepoint    ] Safepoint "Cleanup", Time since last: 1000103667 ns, Reaching safepoint: 89111 ns, At safepoint: 9424 ns, Total: 98535 ns
[2020-09-11T18:20:06.972+0000][1][safepoint    ] Safepoint "Cleanup", Time since last: 1000106947 ns, Reaching safepoint: 84823 ns, At safepoint: 9025 ns, Total: 93848 ns
[2020-09-11T18:20:07.973+0000][1][safepoint    ] Safepoint "Cleanup", Time since last: 1000119515 ns, Reaching safepoint: 89103 ns, At safepoint: 10455 ns, Total: 99558 ns
[2020-09-11T18:20:08.421+0000][1][safepoint    ] Safepoint "RevokeBias", Time since last: 445354054 ns, Reaching safepoint: 3048184 ns, At safepoint: 218384 ns, Total: 3266568 ns
[2020-09-11T18:20:09.421+0000][1][safepoint    ] Safepoint "Cleanup", Time since last: 1000138485 ns, Reaching safepoint: 96380 ns, At safepoint: 9954 ns, Total: 106334 ns
[2020-09-11T18:20:10.422+0000][1][safepoint    ] Safepoint "Cleanup", Time since last: 1000112812 ns, Reaching safepoint: 89952 ns, At safepoint: 9761 ns, Total: 99713 ns
[2020-09-11T18:20:11.422+0000][1][safepoint    ] Safepoint "Cleanup", Time since last: 1000109908 ns, Reaching safepoint: 90529 ns, At safepoint: 7704 ns, Total: 98233 ns
[2020-09-11T18:20:12.422+0000][1][safepoint    ] Safepoint "Cleanup", Time since last: 1000118786 ns, Reaching safepoint: 104837 ns, At safepoint: 11387 ns, Total: 116224 ns
[2020-09-11T18:20:13.422+0000][1][safepoint    ] Safepoint "Cleanup", Time since last: 1000121062 ns, Reaching safepoint: 90792 ns, At safepoint: 10772 ns, Total: 101564 ns
[2020-09-11T18:20:14.422+0000][1][safepoint    ] Safepoint "Cleanup", Time since last: 1000118161 ns, Reaching safepoint: 85437 ns, At safepoint: 9715 ns, Total: 95152 ns
[2020-09-11T18:20:14.998+0000][1][safepoint    ] Safepoint "RevokeBias", Time since last: 575301250 ns, Reaching safepoint: 162105 ns, At safepoint: 22440 ns, Total: 184545 ns
[2020-09-11T18:20:15.998+0000][1][safepoint    ] Safepoint "Cleanup", Time since last: 1000106448 ns, Reaching safepoint: 88721 ns, At safepoint: 10881 ns, Total: 99602 ns
[2020-09-11T18:20:16.998+0000][1][safepoint    ] Safepoint "Cleanup", Time since last: 1000113285 ns, Reaching safepoint: 86555 ns, At safepoint: 16850 ns, Total: 103405 ns
[2020-09-11T18:20:17.999+0000][1][safepoint    ] Safepoint "Cleanup", Time since last: 1000133389 ns, Reaching safepoint: 87857 ns, At safepoint: 9217 ns, Total: 97074 ns
[2020-09-11T18:20:18.458+0000][1][safepoint    ] Safepoint "RevokeBias", Time since last: 452060181 ns, Reaching safepoint: 7392307 ns, At safepoint: 259479 ns, Total: 7651786 ns
[2020-09-11T18:20:18.535+0000][1][gc,start     ] GC(135) Pause Young (Allocation Failure)
[2020-09-11T18:20:18.535+0000][1][gc,task      ] GC(135) Using 1 workers of 1 for evacuation
[2020-09-11T18:20:18.548+0000][1][gc,age       ] GC(135) Desired survivor size 4358144 bytes, new threshold 6 (max threshold 6)
[2020-09-11T18:20:18.548+0000][1][gc,age       ] GC(135) Age table with threshold 6 (max threshold 6)
[2020-09-11T18:20:18.548+0000][1][gc,age       ] GC(135) - age   1:     446616 bytes,     446616 total
[2020-09-11T18:20:18.548+0000][1][gc,age       ] GC(135) - age   2:       6136 bytes,     452752 total
[2020-09-11T18:20:18.548+0000][1][gc,age       ] GC(135) - age   3:      16496 bytes,     469248 total
[2020-09-11T18:20:18.548+0000][1][gc,age       ] GC(135) - age   4:       3608 bytes,     472856 total
[2020-09-11T18:20:18.548+0000][1][gc,age       ] GC(135) - age   5:       6352 bytes,     479208 total
[2020-09-11T18:20:18.548+0000][1][gc,age       ] GC(135) - age   6:       5800 bytes,     485008 total
[2020-09-11T18:20:18.548+0000][1][gc,heap      ] GC(135) ParNew: 68783K->633K(76672K)
[2020-09-11T18:20:18.548+0000][1][gc,heap      ] GC(135) CMS: 79817K->80042K(439104K)
[2020-09-11T18:20:18.548+0000][1][gc,metaspace ] GC(135) Metaspace: 96479K->96479K(1138688K)
[2020-09-11T18:20:18.548+0000][1][gc           ] GC(135) Pause Young (Allocation Failure) 145M->78M(503M) 12.600ms
[2020-09-11T18:20:18.548+0000][1][gc,cpu       ] GC(135) User=0.01s Sys=0.00s Real=0.01s
[2020-09-11T18:20:18.548+0000][1][safepoint    ] Safepoint "GenCollectForAllocation", Time since last: 76765397 ns, Reaching safepoint: 81918 ns, At safepoint: 12703551 ns, Total: 12785469 ns
[2020-09-11T18:20:19.560+0000][1][safepoint    ] Safepoint "Cleanup", Time since last: 1012264583 ns, Reaching safepoint: 94257 ns, At safepoint: 10356 ns, Total: 104613 ns
[2020-09-11T18:20:20.560+0000][1][safepoint    ] Safepoint "Cleanup", Time since last: 1000120257 ns, Reaching safepoint: 79622 ns, At safepoint: 5814 ns, Total: 85436 ns
[2020-09-11T18:20:21.561+0000][1][safepoint    ] Safepoint "Cleanup", Time since last: 1000112592 ns, Reaching safepoint: 86842 ns, At safepoint: 9765 ns, Total: 96607 ns
[2020-09-11T18:20:22.561+0000][1][safepoint    ] Safepoint "Cleanup", Time since last: 1000128362 ns, Reaching safepoint: 90461 ns, At safepoint: 10304 ns, Total: 100765 ns
[2020-09-11T18:20:23.561+0000][1][safepoint    ] Safepoint "Cleanup", Time since last: 1000122156 ns, Reaching safepoint: 87342 ns, At safepoint: 9071 ns, Total: 96413 ns
[2020-09-11T18:20:24.561+0000][1][safepoint    ] Safepoint "Cleanup", Time since last: 1000107621 ns, Reaching safepoint: 88473 ns, At safepoint: 9521 ns, Total: 97994 ns
[2020-09-11T18:20:25.032+0000][1][safepoint    ] Safepoint "RevokeBias", Time since last: 470607655 ns, Reaching safepoint: 163864 ns, At safepoint: 23110 ns, Total: 186974 ns
[2020-09-11T18:20:25.624+0000][1][safepoint    ] Safepoint "RevokeBias", Time since last: 592096163 ns, Reaching safepoint: 263939 ns, At safepoint: 27526 ns, Total: 291465 ns
[2020-09-11T18:20:25.625+0000][1][safepoint    ] Safepoint "RevokeBias", Time since last: 69229 ns, Reaching safepoint: 273788 ns, At safepoint: 18931 ns, Total: 292719 ns
[2020-09-11T18:20:25.625+0000][1][safepoint    ] Safepoint "RevokeBias", Time since last: 47481 ns, Reaching safepoint: 152779 ns, At safepoint: 16452 ns, Total: 169231 ns
[2020-09-11T18:20:25.625+0000][1][safepoint    ] Safepoint "RevokeBias", Time since last: 39548 ns, Reaching safepoint: 144272 ns, At safepoint: 15604 ns, Total: 159876 ns
[2020-09-11T18:20:25.625+0000][1][safepoint    ] Safepoint "RevokeBias", Time since last: 37570 ns, Reaching safepoint: 154975 ns, At safepoint: 16378 ns, Total: 171353 ns
[2020-09-11T18:20:25.626+0000][1][safepoint    ] Safepoint "RevokeBias", Time since last: 46327 ns, Reaching safepoint: 133848 ns, At safepoint: 14471 ns, Total: 148319 ns
[2020-09-11T18:20:25.626+0000][1][safepoint    ] Safepoint "RevokeBias", Time since last: 35252 ns, Reaching safepoint: 130304 ns, At safepoint: 13815 ns, Total: 144119 ns
[2020-09-11T18:20:25.626+0000][1][safepoint    ] Safepoint "RevokeBias", Time since last: 33027 ns, Reaching safepoint: 128068 ns, At safepoint: 22355 ns, Total: 150423 ns
[2020-09-11T18:20:25.626+0000][1][safepoint    ] Safepoint "RevokeBias", Time since last: 29111 ns, Reaching safepoint: 125331 ns, At safepoint: 21156 ns, Total: 146487 ns
[2020-09-11T18:20:25.626+0000][1][safepoint    ] Safepoint "RevokeBias", Time since last: 41554 ns, Reaching safepoint: 124792 ns, At safepoint: 20881 ns, Total: 145673 ns
[2020-09-11T18:20:26.627+0000][1][safepoint    ] Safepoint "Cleanup", Time since last: 1000808649 ns, Reaching safepoint: 88481 ns, At safepoint: 9971 ns, Total: 98452 ns
[2020-09-11T18:20:27.628+0000][1][safepoint    ] Safepoint "Cleanup", Time since last: 1000109808 ns, Reaching safepoint: 87193 ns, At safepoint: 17976 ns, Total: 105169 ns
[2020-09-11T18:20:28.439+0000][1][safepoint    ] Safepoint "RevokeBias", Time since last: 811310259 ns, Reaching safepoint: 224249 ns, At safepoint: 226673 ns, Total: 450922 ns
[2020-09-11T18:20:29.440+0000][1][safepoint    ] Safepoint "Cleanup", Time since last: 1000116074 ns, Reaching safepoint: 106849 ns, At safepoint: 9062 ns, Total: 115911 ns
[2020-09-11T18:20:30.440+0000][1][safepoint    ] Safepoint "Cleanup", Time since last: 1000114532 ns, Reaching safepoint: 87063 ns, At safepoint: 9733 ns, Total: 96796 ns
[2020-09-11T18:20:31.440+0000][1][safepoint    ] Safepoint "Cleanup", Time since last: 1000115010 ns, Reaching safepoint: 106832 ns, At safepoint: 9351 ns, Total: 116183 ns
[2020-09-11T18:20:32.440+0000][1][safepoint    ] Safepoint "Cleanup", Time since last: 1000112380 ns, Reaching safepoint: 86861 ns, At safepoint: 9872 ns, Total: 96733 ns
[2020-09-11T18:20:33.440+0000][1][safepoint    ] Safepoint "Cleanup", Time since last: 1000108503 ns, Reaching safepoint: 89388 ns, At safepoint: 9151 ns, Total: 98539 ns
[2020-09-11T18:20:34.441+0000][1][safepoint    ] Safepoint "Cleanup", Time since last: 1000109583 ns, Reaching safepoint: 86506 ns, At safepoint: 8466 ns, Total: 94972 ns
[2020-09-11T18:20:35.032+0000][1][safepoint    ] Safepoint "RevokeBias", Time since last: 590915426 ns, Reaching safepoint: 175063 ns, At safepoint: 27435 ns, Total: 202498 ns
[2020-09-11T18:20:36.032+0000][1][safepoint    ] Safepoint "Cleanup", Time since last: 1000110434 ns, Reaching safepoint: 106449 ns, At safepoint: 10357 ns, Total: 116806 ns
[2020-09-11T18:20:37.032+0000][1][safepoint    ] Safepoint "Cleanup", Time since last: 1000109134 ns, Reaching safepoint: 87556 ns, At safepoint: 9787 ns, Total: 97343 ns
[2020-09-11T18:20:38.032+0000][1][safepoint    ] Safepoint "Cleanup", Time since last: 1000116586 ns, Reaching safepoint: 87607 ns, At safepoint: 10116 ns, Total: 97723 ns
[2020-09-11T18:20:38.409+0000][1][safepoint    ] Safepoint "RevokeBias", Time since last: 376482773 ns, Reaching safepoint: 180732 ns, At safepoint: 22460 ns, Total: 203192 ns
[2020-09-11T18:20:39.409+0000][1][safepoint    ] Safepoint "Cleanup", Time since last: 1000133431 ns, Reaching safepoint: 91786 ns, At safepoint: 10448 ns, Total: 102234 ns
[2020-09-11T18:20:39.968+0000][1][gc,start     ] GC(136) Pause Young (Allocation Failure)
[2020-09-11T18:20:39.969+0000][1][gc,task      ] GC(136) Using 1 workers of 1 for evacuation
[2020-09-11T18:20:39.976+0000][1][gc,age       ] GC(136) Desired survivor size 4358144 bytes, new threshold 6 (max threshold 6)
[2020-09-11T18:20:39.976+0000][1][gc,age       ] GC(136) Age table with threshold 6 (max threshold 6)
[2020-09-11T18:20:39.976+0000][1][gc,age       ] GC(136) - age   1:      47920 bytes,      47920 total
[2020-09-11T18:20:39.976+0000][1][gc,age       ] GC(136) - age   2:      19152 bytes,      67072 total
[2020-09-11T18:20:39.976+0000][1][gc,age       ] GC(136) - age   3:       3200 bytes,      70272 total
[2020-09-11T18:20:39.976+0000][1][gc,age       ] GC(136) - age   4:      16496 bytes,      86768 total
[2020-09-11T18:20:39.976+0000][1][gc,age       ] GC(136) - age   5:       3608 bytes,      90376 total
[2020-09-11T18:20:39.976+0000][1][gc,age       ] GC(136) - age   6:       6352 bytes,      96728 total
[2020-09-11T18:20:39.976+0000][1][gc,heap      ] GC(136) ParNew: 68729K->407K(76672K)
[2020-09-11T18:20:39.976+0000][1][gc,heap      ] GC(136) CMS: 80042K->80048K(439104K)
[2020-09-11T18:20:39.976+0000][1][gc,metaspace ] GC(136) Metaspace: 96522K->96522K(1138688K)
[2020-09-11T18:20:39.976+0000][1][gc           ] GC(136) Pause Young (Allocation Failure) 145M->78M(503M) 7.999ms
[2020-09-11T18:20:39.976+0000][1][gc,cpu       ] GC(136) User=0.00s Sys=0.00s Real=0.01s
[2020-09-11T18:20:39.977+0000][1][safepoint    ] Safepoint "GenCollectForAllocation", Time since last: 559097989 ns, Reaching safepoint: 83129 ns, At safepoint: 8069136 ns, Total: 8152265 ns
[2020-09-11T18:20:40.978+0000][1][safepoint    ] Safepoint "Cleanup", Time since last: 1001219013 ns, Reaching safepoint: 84144 ns, At safepoint: 19957 ns, Total: 104101 ns
[2020-09-11T18:20:41.978+0000][1][safepoint    ] Safepoint "Cleanup", Time since last: 1000111622 ns, Reaching safepoint: 103532 ns, At safepoint: 9725 ns, Total: 113257 ns
[2020-09-11T18:20:42.978+0000][1][safepoint    ] Safepoint "Cleanup", Time since last: 1000126393 ns, Reaching safepoint: 88503 ns, At safepoint: 9667 ns, Total: 98170 ns
[2020-09-11T18:20:43.978+0000][1][safepoint    ] Safepoint "Cleanup", Time since last: 1000111874 ns, Reaching safepoint: 86289 ns, At safepoint: 8967 ns, Total: 95256 ns
[2020-09-11T18:20:44.979+0000][1][safepoint    ] Safepoint "Cleanup", Time since last: 1000116619 ns, Reaching safepoint: 119702 ns, At safepoint: 7837 ns, Total: 127539 ns
[2020-09-11T18:20:45.031+0000][1][safepoint    ] Safepoint "RevokeBias", Time since last: 51877954 ns, Reaching safepoint: 171679 ns, At safepoint: 28215 ns, Total: 199894 ns
[2020-09-11T18:20:46.031+0000][1][safepoint    ] Safepoint "Cleanup", Time since last: 1000108140 ns, Reaching safepoint: 86094 ns, At safepoint: 9287 ns, Total: 95381 ns
[2020-09-11T18:20:47.031+0000][1][safepoint    ] Safepoint "Cleanup", Time since last: 1000113516 ns, Reaching safepoint: 88221 ns, At safepoint: 19883 ns, Total: 108104 ns
[2020-09-11T18:20:48.031+0000][1][safepoint    ] Safepoint "Cleanup", Time since last: 1000124335 ns, Reaching safepoint: 87718 ns, At safepoint: 10091 ns, Total: 97809 ns
[2020-09-11T18:20:48.423+0000][1][safepoint    ] Safepoint "RevokeBias", Time since last: 391252975 ns, Reaching safepoint: 224596 ns, At safepoint: 231052 ns, Total: 455648 ns
[2020-09-11T18:20:49.423+0000][1][safepoint    ] Safepoint "Cleanup", Time since last: 1000113130 ns, Reaching safepoint: 104339 ns, At safepoint: 9664 ns, Total: 114003 ns
[2020-09-11T18:20:50.424+0000][1][safepoint    ] Safepoint "Cleanup", Time since last: 1000113546 ns, Reaching safepoint: 86355 ns, At safepoint: 10015 ns, Total: 96370 ns
[2020-09-11T18:20:51.424+0000][1][safepoint    ] Safepoint "Cleanup", Time since last: 1000103753 ns, Reaching safepoint: 90360 ns, At safepoint: 9130 ns, Total: 99490 ns
[2020-09-11T18:20:52.424+0000][1][safepoint    ] Safepoint "Cleanup", Time since last: 1000117888 ns, Reaching safepoint: 85476 ns, At safepoint: 10126 ns, Total: 95602 ns
[2020-09-11T18:20:53.424+0000][1][safepoint    ] Safepoint "Cleanup", Time since last: 1000116727 ns, Reaching safepoint: 88297 ns, At safepoint: 9772 ns, Total: 98069 ns
[2020-09-11T18:20:54.424+0000][1][safepoint    ] Safepoint "Cleanup", Time since last: 1000113853 ns, Reaching safepoint: 87687 ns, At safepoint: 10384 ns, Total: 98071 ns
[2020-09-11T18:20:54.981+0000][1][safepoint    ] Safepoint "RevokeBias", Time since last: 556504835 ns, Reaching safepoint: 86697 ns, At safepoint: 25193 ns, Total: 111890 ns
[2020-09-11T18:20:55.981+0000][1][safepoint    ] Safepoint "Cleanup", Time since last: 1000111873 ns, Reaching safepoint: 98620 ns, At safepoint: 9918 ns, Total: 108538 ns
[2020-09-11T18:20:56.981+0000][1][safepoint    ] Safepoint "Cleanup", Time since last: 1000111131 ns, Reaching safepoint: 86832 ns, At safepoint: 8502 ns, Total: 95334 ns
[2020-09-11T18:20:57.982+0000][1][safepoint    ] Safepoint "Cleanup", Time since last: 1000114497 ns, Reaching safepoint: 93430 ns, At safepoint: 10418 ns, Total: 103848 ns
[2020-09-11T18:20:58.443+0000][1][safepoint    ] Safepoint "RevokeBias", Time since last: 460706484 ns, Reaching safepoint: 92067 ns, At safepoint: 20389 ns, Total: 112456 ns
[2020-09-11T18:20:59.443+0000][1][safepoint    ] Safepoint "Cleanup", Time since last: 1000122945 ns, Reaching safepoint: 108691 ns, At safepoint: 9870 ns, Total: 118561 ns
[2020-09-11T18:21:00.443+0000][1][safepoint    ] Safepoint "Cleanup", Time since last: 1000114511 ns, Reaching safepoint: 96813 ns, At safepoint: 10197 ns, Total: 107010 ns
[2020-09-11T18:21:01.443+0000][1][safepoint    ] Safepoint "Cleanup", Time since last: 1000139507 ns, Reaching safepoint: 85747 ns, At safepoint: 10390 ns, Total: 96137 ns
[2020-09-11T18:21:02.443+0000][1][safepoint    ] Safepoint "Cleanup", Time since last: 1000114714 ns, Reaching safepoint: 110636 ns, At safepoint: 8057 ns, Total: 118693 ns
[2020-09-11T18:21:03.444+0000][1][safepoint    ] Safepoint "Cleanup", Time since last: 1000109044 ns, Reaching safepoint: 85722 ns, At safepoint: 9906 ns, Total: 95628 ns
[2020-09-11T18:21:04.444+0000][1][safepoint    ] Safepoint "Cleanup", Time since last: 1000115766 ns, Reaching safepoint: 88872 ns, At safepoint: 9883 ns, Total: 98755 ns
[2020-09-11T18:21:04.998+0000][1][safepoint    ] Safepoint "RevokeBias", Time since last: 554363381 ns, Reaching safepoint: 87429 ns, At safepoint: 22337 ns, Total: 109766 ns
[2020-09-11T18:21:05.999+0000][1][safepoint    ] Safepoint "Cleanup", Time since last: 1000102755 ns, Reaching safepoint: 90730 ns, At safepoint: 9813 ns, Total: 100543 ns
[2020-09-11T18:21:06.999+0000][1][safepoint    ] Safepoint "Cleanup", Time since last: 1000109491 ns, Reaching safepoint: 84975 ns, At safepoint: 8896 ns, Total: 93871 ns
[2020-09-11T18:21:07.164+0000][1][gc,start     ] GC(137) Pause Young (Allocation Failure)
[2020-09-11T18:21:07.164+0000][1][gc,task      ] GC(137) Using 1 workers of 1 for evacuation
[2020-09-11T18:21:07.172+0000][1][gc,age       ] GC(137) Desired survivor size 4358144 bytes, new threshold 6 (max threshold 6)
[2020-09-11T18:21:07.172+0000][1][gc,age       ] GC(137) Age table with threshold 6 (max threshold 6)
[2020-09-11T18:21:07.172+0000][1][gc,age       ] GC(137) - age   1:      72024 bytes,      72024 total
[2020-09-11T18:21:07.172+0000][1][gc,age       ] GC(137) - age   2:       1496 bytes,      73520 total
[2020-09-11T18:21:07.173+0000][1][gc,age       ] GC(137) - age   3:       1704 bytes,      75224 total
[2020-09-11T18:21:07.173+0000][1][gc,age       ] GC(137) - age   4:       3104 bytes,      78328 total
[2020-09-11T18:21:07.173+0000][1][gc,age       ] GC(137) - age   5:      16496 bytes,      94824 total
[2020-09-11T18:21:07.173+0000][1][gc,age       ] GC(137) - age   6:       3608 bytes,      98432 total
[2020-09-11T18:21:07.173+0000][1][gc,heap      ] GC(137) ParNew: 68567K->125K(76672K)
[2020-09-11T18:21:07.173+0000][1][gc,heap      ] GC(137) CMS: 80048K->80054K(439104K)
[2020-09-11T18:21:07.173+0000][1][gc,metaspace ] GC(137) Metaspace: 96529K->96529K(1138688K)
[2020-09-11T18:21:07.173+0000][1][gc           ] GC(137) Pause Young (Allocation Failure) 145M->78M(503M) 8.216ms
[2020-09-11T18:21:07.173+0000][1][gc,cpu       ] GC(137) User=0.01s Sys=0.00s Real=0.00s
[2020-09-11T18:21:07.173+0000][1][safepoint    ] Safepoint "GenCollectForAllocation", Time since last: 165455727 ns, Reaching safepoint: 162532 ns, At safepoint: 8288079 ns, Total: 8450611 ns
[2020-09-11T18:21:08.433+0000][1][safepoint    ] Safepoint "RevokeBias", Time since last: 1260233869 ns, Reaching safepoint: 320017 ns, At safepoint: 27417 ns, Total: 347434 ns
[2020-09-11T18:21:12.434+0000][1][safepoint    ] Safepoint "Cleanup", Time since last: 4000342726 ns, Reaching safepoint: 94252 ns, At safepoint: 9693 ns, Total: 103945 ns
[2020-09-11T18:21:14.981+0000][1][safepoint    ] Safepoint "RevokeBias", Time since last: 2546744911 ns, Reaching safepoint: 92977 ns, At safepoint: 22561 ns, Total: 115538 ns
[2020-09-11T18:21:17.981+0000][1][safepoint    ] Safepoint "Cleanup", Time since last: 3000290614 ns, Reaching safepoint: 106203 ns, At safepoint: 10676 ns, Total: 116879 ns
[2020-09-11T18:21:18.414+0000][1][safepoint    ] Safepoint "RevokeBias", Time since last: 432755919 ns, Reaching safepoint: 226987 ns, At safepoint: 255889 ns, Total: 482876 ns
[2020-09-11T18:21:24.972+0000][1][safepoint    ] Safepoint "RevokeBias", Time since last: 6557990231 ns, Reaching safepoint: 171399 ns, At safepoint: 23276 ns, Total: 194675 ns
[2020-09-11T18:21:28.342+0000][1][gc,start     ] GC(138) Pause Young (Allocation Failure)
[2020-09-11T18:21:28.342+0000][1][gc,task      ] GC(138) Using 1 workers of 1 for evacuation
[2020-09-11T18:21:28.351+0000][1][gc,age       ] GC(138) Desired survivor size 4358144 bytes, new threshold 6 (max threshold 6)
[2020-09-11T18:21:28.351+0000][1][gc,age       ] GC(138) Age table with threshold 6 (max threshold 6)
[2020-09-11T18:21:28.351+0000][1][gc,age       ] GC(138) - age   1:     184960 bytes,     184960 total
[2020-09-11T18:21:28.351+0000][1][gc,age       ] GC(138) - age   2:       8912 bytes,     193872 total
[2020-09-11T18:21:28.351+0000][1][gc,age       ] GC(138) - age   3:       1496 bytes,     195368 total
[2020-09-11T18:21:28.351+0000][1][gc,age       ] GC(138) - age   4:       1664 bytes,     197032 total
[2020-09-11T18:21:28.351+0000][1][gc,age       ] GC(138) - age   5:       3104 bytes,     200136 total
[2020-09-11T18:21:28.351+0000][1][gc,age       ] GC(138) - age   6:      16184 bytes,     216320 total
[2020-09-11T18:21:28.351+0000][1][gc,heap      ] GC(138) ParNew: 68285K->310K(76672K)
[2020-09-11T18:21:28.351+0000][1][gc,heap      ] GC(138) CMS: 80054K->80058K(439104K)
[2020-09-11T18:21:28.351+0000][1][gc,metaspace ] GC(138) Metaspace: 96541K->96541K(1138688K)
[2020-09-11T18:21:28.351+0000][1][gc           ] GC(138) Pause Young (Allocation Failure) 144M->78M(503M) 9.038ms
[2020-09-11T18:21:28.351+0000][1][gc,cpu       ] GC(138) User=0.01s Sys=0.00s Real=0.00s
[2020-09-11T18:21:28.351+0000][1][safepoint    ] Safepoint "GenCollectForAllocation", Time since last: 3369758287 ns, Reaching safepoint: 162259 ns, At safepoint: 9108518 ns, Total: 9270777 ns
[2020-09-11T18:21:28.416+0000][1][safepoint    ] Safepoint "RevokeBias", Time since last: 63758847 ns, Reaching safepoint: 1245002 ns, At safepoint: 22814 ns, Total: 1267816 ns
[2020-09-11T18:21:29.417+0000][1][safepoint    ] Safepoint "Cleanup", Time since last: 1000111502 ns, Reaching safepoint: 90346 ns, At safepoint: 10450 ns, Total: 100796 ns
[2020-09-11T18:21:34.972+0000][1][safepoint    ] Safepoint "RevokeBias", Time since last: 5555067330 ns, Reaching safepoint: 167784 ns, At safepoint: 23860 ns, Total: 191644 ns
[2020-09-11T18:21:37.972+0000][1][safepoint    ] Safepoint "Cleanup", Time since last: 3000281113 ns, Reaching safepoint: 92718 ns, At safepoint: 11207 ns, Total: 103925 ns
[2020-09-11T18:21:38.427+0000][1][safepoint    ] Safepoint "RevokeBias", Time since last: 454264525 ns, Reaching safepoint: 89486 ns, At safepoint: 23696 ns, Total: 113182 ns
[2020-09-11T18:21:39.427+0000][1][safepoint    ] Safepoint "Cleanup", Time since last: 1000113750 ns, Reaching safepoint: 87087 ns, At safepoint: 10343 ns, Total: 97430 ns
[2020-09-11T18:21:40.427+0000][1][safepoint    ] Safepoint "Cleanup", Time since last: 1000117753 ns, Reaching safepoint: 85511 ns, At safepoint: 10148 ns, Total: 95659 ns
[2020-09-11T18:21:41.427+0000][1][safepoint    ] Safepoint "Cleanup", Time since last: 1000159631 ns, Reaching safepoint: 88169 ns, At safepoint: 9952 ns, Total: 98121 ns
[2020-09-11T18:21:42.428+0000][1][safepoint    ] Safepoint "Cleanup", Time since last: 1000115410 ns, Reaching safepoint: 87868 ns, At safepoint: 10251 ns, Total: 98119 ns
[2020-09-11T18:21:43.428+0000][1][safepoint    ] Safepoint "Cleanup", Time since last: 1000115093 ns, Reaching safepoint: 87424 ns, At safepoint: 9487 ns, Total: 96911 ns
[2020-09-11T18:21:44.428+0000][1][safepoint    ] Safepoint "Cleanup", Time since last: 1000114715 ns, Reaching safepoint: 86931 ns, At safepoint: 10952 ns, Total: 97883 ns
[2020-09-11T18:21:45.006+0000][1][safepoint    ] Safepoint "RevokeBias", Time since last: 577348400 ns, Reaching safepoint: 163270 ns, At safepoint: 22973 ns, Total: 186243 ns
[2020-09-11T18:21:46.006+0000][1][safepoint    ] Safepoint "Cleanup", Time since last: 1000108146 ns, Reaching safepoint: 85353 ns, At safepoint: 10320 ns, Total: 95673 ns
[2020-09-11T18:21:47.006+0000][1][safepoint    ] Safepoint "Cleanup", Time since last: 1000126437 ns, Reaching safepoint: 85052 ns, At safepoint: 9347 ns, Total: 94399 ns
[2020-09-11T18:21:48.006+0000][1][safepoint    ] Safepoint "Cleanup", Time since last: 1000114695 ns, Reaching safepoint: 87081 ns, At safepoint: 9149 ns, Total: 96230 ns
[2020-09-11T18:21:48.404+0000][1][safepoint    ] Safepoint "RevokeBias", Time since last: 396683955 ns, Reaching safepoint: 1252274 ns, At safepoint: 27624 ns, Total: 1279898 ns
[2020-09-11T18:21:48.473+0000][1][gc,start     ] GC(139) Pause Young (Allocation Failure)
[2020-09-11T18:21:48.473+0000][1][gc,task      ] GC(139) Using 1 workers of 1 for evacuation
[2020-09-11T18:21:48.482+0000][1][gc,age       ] GC(139) Desired survivor size 4358144 bytes, new threshold 6 (max threshold 6)
[2020-09-11T18:21:48.483+0000][1][gc,age       ] GC(139) Age table with threshold 6 (max threshold 6)
[2020-09-11T18:21:48.483+0000][1][gc,age       ] GC(139) - age   1:     560176 bytes,     560176 total
[2020-09-11T18:21:48.483+0000][1][gc,age       ] GC(139) - age   2:       8440 bytes,     568616 total
[2020-09-11T18:21:48.483+0000][1][gc,age       ] GC(139) - age   3:       6456 bytes,     575072 total
[2020-09-11T18:21:48.483+0000][1][gc,age       ] GC(139) - age   4:       1496 bytes,     576568 total
[2020-09-11T18:21:48.483+0000][1][gc,age       ] GC(139) - age   5:       1664 bytes,     578232 total
[2020-09-11T18:21:48.483+0000][1][gc,age       ] GC(139) - age   6:       3104 bytes,     581336 total
[2020-09-11T18:21:48.483+0000][1][gc,heap      ] GC(139) ParNew: 68470K->737K(76672K)
[2020-09-11T18:21:48.483+0000][1][gc,heap      ] GC(139) CMS: 80058K->80074K(439104K)
[2020-09-11T18:21:48.483+0000][1][gc,metaspace ] GC(139) Metaspace: 96542K->96542K(1138688K)
[2020-09-11T18:21:48.483+0000][1][gc           ] GC(139) Pause Young (Allocation Failure) 145M->78M(503M) 9.622ms
[2020-09-11T18:21:48.483+0000][1][gc,cpu       ] GC(139) User=0.00s Sys=0.00s Real=0.01s
[2020-09-11T18:21:48.483+0000][1][safepoint    ] Safepoint "GenCollectForAllocation", Time since last: 68670930 ns, Reaching safepoint: 185586 ns, At safepoint: 9694855 ns, Total: 9880441 ns
[2020-09-11T18:21:49.501+0000][1][safepoint    ] Safepoint "Cleanup", Time since last: 1018247241 ns, Reaching safepoint: 85617 ns, At safepoint: 24385 ns, Total: 110002 ns
[2020-09-11T18:21:50.501+0000][1][safepoint    ] Safepoint "Cleanup", Time since last: 1000114712 ns, Reaching safepoint: 87089 ns, At safepoint: 22597 ns, Total: 109686 ns
[2020-09-11T18:21:51.501+0000][1][safepoint    ] Safepoint "Cleanup", Time since last: 1000113852 ns, Reaching safepoint: 87134 ns, At safepoint: 23856 ns, Total: 110990 ns
[2020-09-11T18:21:52.502+0000][1][safepoint    ] Safepoint "Cleanup", Time since last: 1000116063 ns, Reaching safepoint: 84949 ns, At safepoint: 9480 ns, Total: 94429 ns
[2020-09-11T18:21:53.502+0000][1][safepoint    ] Safepoint "Cleanup", Time since last: 1000117241 ns, Reaching safepoint: 89828 ns, At safepoint: 10366 ns, Total: 100194 ns
[2020-09-11T18:21:54.502+0000][1][safepoint    ] Safepoint "Cleanup", Time since last: 1000114868 ns, Reaching safepoint: 87604 ns, At safepoint: 9957 ns, Total: 97561 ns
[2020-09-11T18:21:54.976+0000][1][safepoint    ] Safepoint "RevokeBias", Time since last: 473352237 ns, Reaching safepoint: 162488 ns, At safepoint: 23239 ns, Total: 185727 ns
[2020-09-11T18:21:55.976+0000][1][safepoint    ] Safepoint "Cleanup", Time since last: 1000122061 ns, Reaching safepoint: 89488 ns, At safepoint: 10284 ns, Total: 99772 ns
[2020-09-11T18:21:56.977+0000][1][safepoint    ] Safepoint "Cleanup", Time since last: 1000886576 ns, Reaching safepoint: 84350 ns, At safepoint: 8726 ns, Total: 93076 ns
[2020-09-11T18:21:57.977+0000][1][safepoint    ] Safepoint "Cleanup", Time since last: 1000109830 ns, Reaching safepoint: 86750 ns, At safepoint: 10367 ns, Total: 97117 ns
[2020-09-11T18:21:58.421+0000][1][safepoint    ] Safepoint "RevokeBias", Time since last: 443048387 ns, Reaching safepoint: 873147 ns, At safepoint: 210299 ns, Total: 1083446 ns
[2020-09-11T18:21:59.421+0000][1][safepoint    ] Safepoint "Cleanup", Time since last: 1000121746 ns, Reaching safepoint: 86960 ns, At safepoint: 9348 ns, Total: 96308 ns
[2020-09-11T18:22:00.422+0000][1][safepoint    ] Safepoint "Cleanup", Time since last: 1000114418 ns, Reaching safepoint: 87190 ns, At safepoint: 8710 ns, Total: 95900 ns
[2020-09-11T18:22:01.422+0000][1][safepoint    ] Safepoint "Cleanup", Time since last: 1000111968 ns, Reaching safepoint: 89825 ns, At safepoint: 10219 ns, Total: 100044 ns
[2020-09-11T18:22:02.422+0000][1][safepoint    ] Safepoint "Cleanup", Time since last: 1000114672 ns, Reaching safepoint: 80677 ns, At safepoint: 8845 ns, Total: 89522 ns
[2020-09-11T18:22:03.422+0000][1][safepoint    ] Safepoint "Cleanup", Time since last: 1000097352 ns, Reaching safepoint: 144038 ns, At safepoint: 11452 ns, Total: 155490 ns
[2020-09-11T18:22:04.423+0000][1][safepoint    ] Safepoint "Cleanup", Time since last: 1000109687 ns, Reaching safepoint: 86974 ns, At safepoint: 10266 ns, Total: 97240 ns
[2020-09-11T18:22:05.007+0000][1][safepoint    ] Safepoint "RevokeBias", Time since last: 584501698 ns, Reaching safepoint: 163480 ns, At safepoint: 38082 ns, Total: 201562 ns
[2020-09-11T18:22:06.007+0000][1][safepoint    ] Safepoint "Cleanup", Time since last: 1000110351 ns, Reaching safepoint: 86353 ns, At safepoint: 10056 ns, Total: 96409 ns
[2020-09-11T18:22:07.008+0000][1][safepoint    ] Safepoint "Cleanup", Time since last: 1000118592 ns, Reaching safepoint: 87332 ns, At safepoint: 9889 ns, Total: 97221 ns
[2020-09-11T18:22:08.008+0000][1][safepoint    ] Safepoint "Cleanup", Time since last: 1000116565 ns, Reaching safepoint: 87398 ns, At safepoint: 9923 ns, Total: 97321 ns
[2020-09-11T18:22:08.452+0000][1][safepoint    ] Safepoint "RevokeBias", Time since last: 443599645 ns, Reaching safepoint: 219700 ns, At safepoint: 223069 ns, Total: 442769 ns
[2020-09-11T18:22:09.452+0000][1][safepoint    ] Safepoint "Cleanup", Time since last: 1000117199 ns, Reaching safepoint: 96794 ns, At safepoint: 10883 ns, Total: 107677 ns
[2020-09-11T18:22:09.820+0000][1][gc,start     ] GC(140) Pause Young (Allocation Failure)
[2020-09-11T18:22:09.820+0000][1][gc,task      ] GC(140) Using 1 workers of 1 for evacuation
[2020-09-11T18:22:09.827+0000][1][gc,age       ] GC(140) Desired survivor size 4358144 bytes, new threshold 6 (max threshold 6)
[2020-09-11T18:22:09.827+0000][1][gc,age       ] GC(140) Age table with threshold 6 (max threshold 6)
[2020-09-11T18:22:09.827+0000][1][gc,age       ] GC(140) - age   1:      52200 bytes,      52200 total
[2020-09-11T18:22:09.827+0000][1][gc,age       ] GC(140) - age   2:      18872 bytes,      71072 total
[2020-09-11T18:22:09.827+0000][1][gc,age       ] GC(140) - age   3:       5472 bytes,      76544 total
[2020-09-11T18:22:09.827+0000][1][gc,age       ] GC(140) - age   4:       6168 bytes,      82712 total
[2020-09-11T18:22:09.827+0000][1][gc,age       ] GC(140) - age   5:       1496 bytes,      84208 total
[2020-09-11T18:22:09.827+0000][1][gc,age       ] GC(140) - age   6:       1664 bytes,      85872 total
[2020-09-11T18:22:09.827+0000][1][gc,heap      ] GC(140) ParNew: 68897K->471K(76672K)
[2020-09-11T18:22:09.827+0000][1][gc,heap      ] GC(140) CMS: 80074K->80077K(439104K)
[2020-09-11T18:22:09.827+0000][1][gc,metaspace ] GC(140) Metaspace: 96558K->96558K(1138688K)
[2020-09-11T18:22:09.827+0000][1][gc           ] GC(140) Pause Young (Allocation Failure) 145M->78M(503M) 7.123ms
[2020-09-11T18:22:09.827+0000][1][gc,cpu       ] GC(140) User=0.00s Sys=0.00s Real=0.01s
[2020-09-11T18:22:09.828+0000][1][safepoint    ] Safepoint "GenCollectForAllocation", Time since last: 368127058 ns, Reaching safepoint: 87666 ns, At safepoint: 7196284 ns, Total: 7283950 ns
[2020-09-11T18:22:10.833+0000][1][safepoint    ] Safepoint "Cleanup", Time since last: 1005600252 ns, Reaching safepoint: 85842 ns, At safepoint: 21512 ns, Total: 107354 ns
[2020-09-11T18:22:11.833+0000][1][safepoint    ] Safepoint "Cleanup", Time since last: 1000118028 ns, Reaching safepoint: 87361 ns, At safepoint: 20264 ns, Total: 107625 ns
[2020-09-11T18:22:12.834+0000][1][safepoint    ] Safepoint "Cleanup", Time since last: 1000113137 ns, Reaching safepoint: 87378 ns, At safepoint: 9066 ns, Total: 96444 ns
[2020-09-11T18:22:13.834+0000][1][safepoint    ] Safepoint "Cleanup", Time since last: 1000105514 ns, Reaching safepoint: 86527 ns, At safepoint: 8128 ns, Total: 94655 ns
[2020-09-11T18:22:14.834+0000][1][safepoint    ] Safepoint "Cleanup", Time since last: 1000105947 ns, Reaching safepoint: 85473 ns, At safepoint: 7532 ns, Total: 93005 ns
[2020-09-11T18:22:14.989+0000][1][safepoint    ] Safepoint "RevokeBias", Time since last: 155064824 ns, Reaching safepoint: 86510 ns, At safepoint: 21745 ns, Total: 108255 ns
[2020-09-11T18:22:15.990+0000][1][safepoint    ] Safepoint "Cleanup", Time since last: 1000143383 ns, Reaching safepoint: 124450 ns, At safepoint: 20298 ns, Total: 144748 ns
[2020-09-11T18:22:16.990+0000][1][safepoint    ] Safepoint "Cleanup", Time since last: 1000110843 ns, Reaching safepoint: 86146 ns, At safepoint: 9664 ns, Total: 95810 ns
[2020-09-11T18:22:17.990+0000][1][safepoint    ] Safepoint "Cleanup", Time since last: 1000138854 ns, Reaching safepoint: 94284 ns, At safepoint: 10461 ns, Total: 104745 ns
[2020-09-11T18:22:18.433+0000][1][safepoint    ] Safepoint "BulkRevokeBias", Time since last: 440943728 ns, Reaching safepoint: 1945350 ns, At safepoint: 402394 ns, Total: 2347744 ns
[2020-09-11T18:22:18.517+0000][1][safepoint    ] Safepoint "RevokeBias", Time since last: 82438083 ns, Reaching safepoint: 1149775 ns, At safepoint: 30131 ns, Total: 1179906 ns
[2020-09-11T18:22:19.517+0000][1][safepoint    ] Safepoint "Cleanup", Time since last: 1000111071 ns, Reaching safepoint: 87054 ns, At safepoint: 9864 ns, Total: 96918 ns
[2020-09-11T18:22:20.517+0000][1][safepoint    ] Safepoint "Cleanup", Time since last: 1000108836 ns, Reaching safepoint: 80877 ns, At safepoint: 6269 ns, Total: 87146 ns
[2020-09-11T18:22:21.517+0000][1][safepoint    ] Safepoint "Cleanup", Time since last: 1000106510 ns, Reaching safepoint: 84996 ns, At safepoint: 9371 ns, Total: 94367 ns
[2020-09-11T18:22:22.518+0000][1][safepoint    ] Safepoint "Cleanup", Time since last: 1000108139 ns, Reaching safepoint: 85819 ns, At safepoint: 8592 ns, Total: 94411 ns
[2020-09-11T18:22:23.518+0000][1][safepoint    ] Safepoint "Cleanup", Time since last: 1000104348 ns, Reaching safepoint: 87159 ns, At safepoint: 8898 ns, Total: 96057 ns
[2020-09-11T18:22:24.975+0000][1][safepoint    ] Safepoint "BulkRevokeBias", Time since last: 1456651353 ns, Reaching safepoint: 165805 ns, At safepoint: 233258 ns, Total: 399063 ns
[2020-09-11T18:22:25.975+0000][1][safepoint    ] Safepoint "Cleanup", Time since last: 1000118143 ns, Reaching safepoint: 90433 ns, At safepoint: 8506 ns, Total: 98939 ns
[2020-09-11T18:22:26.975+0000][1][safepoint    ] Safepoint "Cleanup", Time since last: 1000108110 ns, Reaching safepoint: 91854 ns, At safepoint: 9571 ns, Total: 101425 ns
[2020-09-11T18:22:27.976+0000][1][safepoint    ] Safepoint "Cleanup", Time since last: 1000120849 ns, Reaching safepoint: 87968 ns, At safepoint: 7641 ns, Total: 95609 ns
[2020-09-11T18:22:28.457+0000][1][safepoint    ] Safepoint "RevokeBias", Time since last: 480878421 ns, Reaching safepoint: 387936 ns, At safepoint: 26212 ns, Total: 414148 ns
[2020-09-11T18:22:29.457+0000][1][safepoint    ] Safepoint "Cleanup", Time since last: 1000110580 ns, Reaching safepoint: 88281 ns, At safepoint: 6647 ns, Total: 94928 ns
[2020-09-11T18:22:33.458+0000][1][safepoint    ] Safepoint "Cleanup", Time since last: 4000434730 ns, Reaching safepoint: 85406 ns, At safepoint: 7702 ns, Total: 93108 ns
[2020-09-11T18:22:35.027+0000][1][safepoint    ] Safepoint "RevokeBias", Time since last: 1568838613 ns, Reaching safepoint: 176798 ns, At safepoint: 23061 ns, Total: 199859 ns
[2020-09-11T18:22:37.259+0000][1][gc,start     ] GC(141) Pause Young (Allocation Failure)
[2020-09-11T18:22:37.259+0000][1][gc,task      ] GC(141) Using 1 workers of 1 for evacuation
[2020-09-11T18:22:37.268+0000][1][gc,age       ] GC(141) Desired survivor size 4358144 bytes, new threshold 6 (max threshold 6)
[2020-09-11T18:22:37.268+0000][1][gc,age       ] GC(141) Age table with threshold 6 (max threshold 6)
[2020-09-11T18:22:37.268+0000][1][gc,age       ] GC(141) - age   1:      84576 bytes,      84576 total
[2020-09-11T18:22:37.268+0000][1][gc,age       ] GC(141) - age   2:       6152 bytes,      90728 total
[2020-09-11T18:22:37.268+0000][1][gc,age       ] GC(141) - age   3:        408 bytes,      91136 total
[2020-09-11T18:22:37.268+0000][1][gc,age       ] GC(141) - age   4:       5472 bytes,      96608 total
[2020-09-11T18:22:37.268+0000][1][gc,age       ] GC(141) - age   5:       6168 bytes,     102776 total
[2020-09-11T18:22:37.268+0000][1][gc,age       ] GC(141) - age   6:       1496 bytes,     104272 total
[2020-09-11T18:22:37.268+0000][1][gc,heap      ] GC(141) ParNew: 68631K->133K(76672K)
[2020-09-11T18:22:37.268+0000][1][gc,heap      ] GC(141) CMS: 80077K->80078K(439104K)
[2020-09-11T18:22:37.268+0000][1][gc,metaspace ] GC(141) Metaspace: 96577K->96577K(1138688K)
[2020-09-11T18:22:37.268+0000][1][gc           ] GC(141) Pause Young (Allocation Failure) 145M->78M(503M) 9.000ms
[2020-09-11T18:22:37.268+0000][1][gc,cpu       ] GC(141) User=0.00s Sys=0.00s Real=0.01s
[2020-09-11T18:22:37.268+0000][1][safepoint    ] Safepoint "GenCollectForAllocation", Time since last: 2232325676 ns, Reaching safepoint: 158622 ns, At safepoint: 9076509 ns, Total: 9235131 ns
[2020-09-11T18:22:38.276+0000][1][safepoint    ] Safepoint "Cleanup", Time since last: 1007283395 ns, Reaching safepoint: 92000 ns, At safepoint: 22894 ns, Total: 114894 ns
[2020-09-11T18:22:38.425+0000][1][safepoint    ] Safepoint "RevokeBias", Time since last: 146470943 ns, Reaching safepoint: 2785488 ns, At safepoint: 27343 ns, Total: 2812831 ns
[2020-09-11T18:22:45.024+0000][1][safepoint    ] Safepoint "RevokeBias", Time since last: 6599200294 ns, Reaching safepoint: 163505 ns, At safepoint: 23457 ns, Total: 186962 ns
[2020-09-11T18:22:48.425+0000][1][safepoint    ] Safepoint "RevokeBias", Time since last: 3400776428 ns, Reaching safepoint: 215530 ns, At safepoint: 205752 ns, Total: 421282 ns
[2020-09-11T18:22:51.426+0000][1][safepoint    ] Safepoint "Cleanup", Time since last: 3000264943 ns, Reaching safepoint: 95555 ns, At safepoint: 10041 ns, Total: 105596 ns
[2020-09-11T18:22:54.428+0000][1][safepoint    ] Safepoint "Cleanup", Time since last: 3001635539 ns, Reaching safepoint: 969303 ns, At safepoint: 9183 ns, Total: 978486 ns
[2020-09-11T18:22:54.458+0000][1][safepoint    ] Safepoint "RevokeBias", Time since last: 29276108 ns, Reaching safepoint: 158151 ns, At safepoint: 23485 ns, Total: 181636 ns
[2020-09-11T18:22:54.470+0000][1][safepoint    ] Safepoint "RevokeBias", Time since last: 11594895 ns, Reaching safepoint: 156690 ns, At safepoint: 22401 ns, Total: 179091 ns
[2020-09-11T18:22:54.470+0000][1][safepoint    ] Safepoint "RevokeBias", Time since last: 231414 ns, Reaching safepoint: 108242 ns, At safepoint: 11842 ns, Total: 120084 ns
[2020-09-11T18:22:54.492+0000][1][gc,start     ] GC(142) Pause Young (Allocation Failure)
[2020-09-11T18:22:54.493+0000][1][gc,task      ] GC(142) Using 1 workers of 1 for evacuation
[2020-09-11T18:22:54.501+0000][1][gc,age       ] GC(142) Desired survivor size 4358144 bytes, new threshold 6 (max threshold 6)
[2020-09-11T18:22:54.501+0000][1][gc,age       ] GC(142) Age table with threshold 6 (max threshold 6)
[2020-09-11T18:22:54.501+0000][1][gc,age       ] GC(142) - age   1:     167544 bytes,     167544 total
[2020-09-11T18:22:54.501+0000][1][gc,age       ] GC(142) - age   2:      24024 bytes,     191568 total
[2020-09-11T18:22:54.501+0000][1][gc,age       ] GC(142) - age   3:       6120 bytes,     197688 total
[2020-09-11T18:22:54.501+0000][1][gc,age       ] GC(142) - age   4:        408 bytes,     198096 total
[2020-09-11T18:22:54.501+0000][1][gc,age       ] GC(142) - age   5:       5472 bytes,     203568 total
[2020-09-11T18:22:54.501+0000][1][gc,age       ] GC(142) - age   6:       6168 bytes,     209736 total
[2020-09-11T18:22:54.509+0000][1][gc,heap      ] GC(142) ParNew: 68293K->219K(76672K)
[2020-09-11T18:22:54.509+0000][1][gc,heap      ] GC(142) CMS: 80078K->80080K(439104K)
[2020-09-11T18:22:54.509+0000][1][gc,metaspace ] GC(142) Metaspace: 96589K->96589K(1138688K)
[2020-09-11T18:22:54.509+0000][1][gc           ] GC(142) Pause Young (Allocation Failure) 144M->78M(503M) 16.458ms
[2020-09-11T18:22:54.509+0000][1][gc,cpu       ] GC(142) User=0.00s Sys=0.00s Real=0.02s
[2020-09-11T18:22:54.510+0000][1][safepoint    ] Safepoint "GenCollectForAllocation", Time since last: 19383002 ns, Reaching safepoint: 3001613 ns, At safepoint: 17991707 ns, Total: 20993320 ns
[2020-09-11T18:22:54.943+0000][1][safepoint    ] Safepoint "RevokeBias", Time since last: 432841512 ns, Reaching safepoint: 91123 ns, At safepoint: 24267 ns, Total: 115390 ns
[2020-09-11T18:22:54.944+0000][1][safepoint    ] Safepoint "RevokeBias", Time since last: 75316 ns, Reaching safepoint: 57219 ns, At safepoint: 14844 ns, Total: 72063 ns
[2020-09-11T18:22:54.944+0000][1][safepoint    ] Safepoint "RevokeBias", Time since last: 38514 ns, Reaching safepoint: 46784 ns, At safepoint: 11894 ns, Total: 58678 ns
[2020-09-11T18:22:54.944+0000][1][safepoint    ] Safepoint "RevokeBias", Time since last: 33908 ns, Reaching safepoint: 42690 ns, At safepoint: 11669 ns, Total: 54359 ns
[2020-09-11T18:22:54.944+0000][1][safepoint    ] Safepoint "RevokeBias", Time since last: 31395 ns, Reaching safepoint: 39932 ns, At safepoint: 10367 ns, Total: 50299 ns
[2020-09-11T18:22:54.944+0000][1][safepoint    ] Safepoint "RevokeBias", Time since last: 31566 ns, Reaching safepoint: 38320 ns, At safepoint: 10253 ns, Total: 48573 ns
[2020-09-11T18:22:54.944+0000][1][safepoint    ] Safepoint "BulkRevokeBias", Time since last: 30908 ns, Reaching safepoint: 36782 ns, At safepoint: 210359 ns, Total: 247141 ns
[2020-09-11T18:22:54.974+0000][1][safepoint    ] Safepoint "RevokeBias", Time since last: 29905611 ns, Reaching safepoint: 87711 ns, At safepoint: 21692 ns, Total: 109403 ns
[2020-09-11T18:22:55.303+0000][1][safepoint    ] Safepoint "RevokeBias", Time since last: 327598362 ns, Reaching safepoint: 78441 ns, At safepoint: 1021962 ns, Total: 1100403 ns
[2020-09-11T18:22:56.303+0000][1][safepoint    ] Safepoint "Cleanup", Time since last: 1000113024 ns, Reaching safepoint: 92910 ns, At safepoint: 22462 ns, Total: 115372 ns
[2020-09-11T18:22:57.303+0000][1][safepoint    ] Safepoint "Cleanup", Time since last: 1000109038 ns, Reaching safepoint: 91179 ns, At safepoint: 10068 ns, Total: 101247 ns
[2020-09-11T18:22:58.110+0000][1][safepoint    ] Safepoint "RevokeBias", Time since last: 806681978 ns, Reaching safepoint: 93368 ns, At safepoint: 25786 ns, Total: 119154 ns
[2020-09-11T18:22:58.110+0000][1][safepoint    ] Safepoint "RevokeBias", Time since last: 72314 ns, Reaching safepoint: 57901 ns, At safepoint: 15152 ns, Total: 73053 ns
[2020-09-11T18:22:58.110+0000][1][safepoint    ] Safepoint "RevokeBias", Time since last: 39109 ns, Reaching safepoint: 46088 ns, At safepoint: 12362 ns, Total: 58450 ns
[2020-09-11T18:22:58.110+0000][1][safepoint    ] Safepoint "RevokeBias", Time since last: 33484 ns, Reaching safepoint: 42866 ns, At safepoint: 12124 ns, Total: 54990 ns
[2020-09-11T18:22:58.111+0000][1][safepoint    ] Safepoint "RevokeBias", Time since last: 31772 ns, Reaching safepoint: 39844 ns, At safepoint: 11254 ns, Total: 51098 ns
[2020-09-11T18:22:58.111+0000][1][safepoint    ] Safepoint "RevokeBias", Time since last: 30791 ns, Reaching safepoint: 37410 ns, At safepoint: 11471 ns, Total: 48881 ns
[2020-09-11T18:22:58.111+0000][1][safepoint    ] Safepoint "RevokeBias", Time since last: 30153 ns, Reaching safepoint: 37382 ns, At safepoint: 11219 ns, Total: 48601 ns
[2020-09-11T18:22:58.111+0000][1][safepoint    ] Safepoint "RevokeBias", Time since last: 29476 ns, Reaching safepoint: 36156 ns, At safepoint: 10827 ns, Total: 46983 ns
[2020-09-11T18:22:58.111+0000][1][safepoint    ] Safepoint "RevokeBias", Time since last: 29951 ns, Reaching safepoint: 35298 ns, At safepoint: 10557 ns, Total: 45855 ns
[2020-09-11T18:22:58.111+0000][1][safepoint    ] Safepoint "RevokeBias", Time since last: 43855 ns, Reaching safepoint: 59404 ns, At safepoint: 13168 ns, Total: 72572 ns
[2020-09-11T18:22:58.443+0000][1][safepoint    ] Safepoint "RevokeBias", Time since last: 331170028 ns, Reaching safepoint: 219131 ns, At safepoint: 215284 ns, Total: 434415 ns
[2020-09-11T18:22:59.443+0000][1][safepoint    ] Safepoint "Cleanup", Time since last: 1000114664 ns, Reaching safepoint: 94829 ns, At safepoint: 9542 ns, Total: 104371 ns
[2020-09-11T18:23:00.443+0000][1][safepoint    ] Safepoint "Cleanup", Time since last: 1000116878 ns, Reaching safepoint: 87987 ns, At safepoint: 18106 ns, Total: 106093 ns
[2020-09-11T18:23:01.443+0000][1][safepoint    ] Safepoint "Cleanup", Time since last: 1000116209 ns, Reaching safepoint: 86756 ns, At safepoint: 9590 ns, Total: 96346 ns
[2020-09-11T18:23:02.443+0000][1][safepoint    ] Safepoint "Cleanup", Time since last: 1000122436 ns, Reaching safepoint: 87695 ns, At safepoint: 9643 ns, Total: 97338 ns
[2020-09-11T18:23:03.444+0000][1][safepoint    ] Safepoint "Cleanup", Time since last: 1000128671 ns, Reaching safepoint: 95170 ns, At safepoint: 11683 ns, Total: 106853 ns
[2020-09-11T18:23:04.444+0000][1][safepoint    ] Safepoint "Cleanup", Time since last: 1000120475 ns, Reaching safepoint: 89327 ns, At safepoint: 10826 ns, Total: 100153 ns
[2020-09-11T18:23:05.044+0000][1][safepoint    ] Safepoint "RevokeBias", Time since last: 600036066 ns, Reaching safepoint: 187307 ns, At safepoint: 27023 ns, Total: 214330 ns
[2020-09-11T18:23:06.044+0000][1][safepoint    ] Safepoint "Cleanup", Time since last: 1000115737 ns, Reaching safepoint: 87499 ns, At safepoint: 11177 ns, Total: 98676 ns
[2020-09-11T18:23:07.045+0000][1][safepoint    ] Safepoint "Cleanup", Time since last: 1000120310 ns, Reaching safepoint: 89305 ns, At safepoint: 9556 ns, Total: 98861 ns
[2020-09-11T18:23:08.045+0000][1][safepoint    ] Safepoint "Cleanup", Time since last: 1000121373 ns, Reaching safepoint: 116704 ns, At safepoint: 9797 ns, Total: 126501 ns
[2020-09-11T18:23:08.426+0000][1][safepoint    ] Safepoint "RevokeBias", Time since last: 380233276 ns, Reaching safepoint: 347345 ns, At safepoint: 207590 ns, Total: 554935 ns
[2020-09-11T18:23:09.426+0000][1][safepoint    ] Safepoint "Cleanup", Time since last: 1000114779 ns, Reaching safepoint: 95380 ns, At safepoint: 8625 ns, Total: 104005 ns
[2020-09-11T18:23:10.426+0000][1][safepoint    ] Safepoint "Cleanup", Time since last: 1000118754 ns, Reaching safepoint: 86642 ns, At safepoint: 10517 ns, Total: 97159 ns
[2020-09-11T18:23:11.426+0000][1][safepoint    ] Safepoint "Cleanup", Time since last: 1000116583 ns, Reaching safepoint: 91944 ns, At safepoint: 9776 ns, Total: 101720 ns
[2020-09-11T18:23:12.304+0000][1][gc,start     ] GC(143) Pause Young (Allocation Failure)
[2020-09-11T18:23:12.304+0000][1][gc,task      ] GC(143) Using 1 workers of 1 for evacuation
[2020-09-11T18:23:12.313+0000][1][gc,age       ] GC(143) Desired survivor size 4358144 bytes, new threshold 6 (max threshold 6)
[2020-09-11T18:23:12.313+0000][1][gc,age       ] GC(143) Age table with threshold 6 (max threshold 6)
[2020-09-11T18:23:12.313+0000][1][gc,age       ] GC(143) - age   1:     157816 bytes,     157816 total
[2020-09-11T18:23:12.313+0000][1][gc,age       ] GC(143) - age   2:      30720 bytes,     188536 total
[2020-09-11T18:23:12.313+0000][1][gc,age       ] GC(143) - age   3:      18632 bytes,     207168 total
[2020-09-11T18:23:12.313+0000][1][gc,age       ] GC(143) - age   4:       5832 bytes,     213000 total
[2020-09-11T18:23:12.313+0000][1][gc,age       ] GC(143) - age   5:        368 bytes,     213368 total
[2020-09-11T18:23:12.313+0000][1][gc,age       ] GC(143) - age   6:       5472 bytes,     218840 total
[2020-09-11T18:23:12.313+0000][1][gc,heap      ] GC(143) ParNew: 68379K->362K(76672K)
[2020-09-11T18:23:12.313+0000][1][gc,heap      ] GC(143) CMS: 80080K->80086K(439104K)
[2020-09-11T18:23:12.313+0000][1][gc,metaspace ] GC(143) Metaspace: 96605K->96605K(1138688K)
[2020-09-11T18:23:12.313+0000][1][gc           ] GC(143) Pause Young (Allocation Failure) 144M->78M(503M) 9.441ms
[2020-09-11T18:23:12.313+0000][1][gc,cpu       ] GC(143) User=0.00s Sys=0.00s Real=0.01s
[2020-09-11T18:23:12.313+0000][1][safepoint    ] Safepoint "GenCollectForAllocation", Time since last: 877343783 ns, Reaching safepoint: 157507 ns, At safepoint: 9526142 ns, Total: 9683649 ns
[2020-09-11T18:23:13.319+0000][1][safepoint    ] Safepoint "Cleanup", Time since last: 1005050610 ns, Reaching safepoint: 154494 ns, At safepoint: 20607 ns, Total: 175101 ns
[2020-09-11T18:23:14.975+0000][1][safepoint    ] Safepoint "RevokeBias", Time since last: 1656602488 ns, Reaching safepoint: 88176 ns, At safepoint: 34679 ns, Total: 122855 ns
[2020-09-11T18:23:18.458+0000][1][safepoint    ] Safepoint "RevokeBias", Time since last: 3475355350 ns, Reaching safepoint: 7429481 ns, At safepoint: 230433 ns, Total: 7659914 ns
[2020-09-11T18:23:24.978+0000][1][safepoint    ] Safepoint "RevokeBias", Time since last: 6519951964 ns, Reaching safepoint: 164159 ns, At safepoint: 23129 ns, Total: 187288 ns
[2020-09-11T18:23:27.979+0000][1][safepoint    ] Safepoint "Cleanup", Time since last: 3000613763 ns, Reaching safepoint: 91892 ns, At safepoint: 10191 ns, Total: 102083 ns
[2020-09-11T18:23:28.457+0000][1][safepoint    ] Safepoint "RevokeBias", Time since last: 477801333 ns, Reaching safepoint: 187562 ns, At safepoint: 23108 ns, Total: 210670 ns
[2020-09-11T18:23:33.458+0000][1][safepoint    ] Safepoint "Cleanup", Time since last: 5000764248 ns, Reaching safepoint: 90514 ns, At safepoint: 8297 ns, Total: 98811 ns
[2020-09-11T18:23:34.974+0000][1][safepoint    ] Safepoint "RevokeBias", Time since last: 1516184872 ns, Reaching safepoint: 163997 ns, At safepoint: 23883 ns, Total: 187880 ns
[2020-09-11T18:23:37.338+0000][1][gc,start     ] GC(144) Pause Young (Allocation Failure)
[2020-09-11T18:23:37.338+0000][1][gc,task      ] GC(144) Using 1 workers of 1 for evacuation
[2020-09-11T18:23:37.347+0000][1][gc,age       ] GC(144) Desired survivor size 4358144 bytes, new threshold 6 (max threshold 6)
[2020-09-11T18:23:37.347+0000][1][gc,age       ] GC(144) Age table with threshold 6 (max threshold 6)
[2020-09-11T18:23:37.347+0000][1][gc,age       ] GC(144) - age   1:      67424 bytes,      67424 total
[2020-09-11T18:23:37.347+0000][1][gc,age       ] GC(144) - age   2:     110096 bytes,     177520 total
[2020-09-11T18:23:37.347+0000][1][gc,age       ] GC(144) - age   3:      13768 bytes,     191288 total
[2020-09-11T18:23:37.347+0000][1][gc,age       ] GC(144) - age   4:      18632 bytes,     209920 total
[2020-09-11T18:23:37.347+0000][1][gc,age       ] GC(144) - age   5:       5520 bytes,     215440 total
[2020-09-11T18:23:37.347+0000][1][gc,age       ] GC(144) - age   6:        368 bytes,     215808 total
[2020-09-11T18:23:37.347+0000][1][gc,heap      ] GC(144) ParNew: 68522K->250K(76672K)
[2020-09-11T18:23:37.347+0000][1][gc,heap      ] GC(144) CMS: 80086K->80091K(439104K)
[2020-09-11T18:23:37.347+0000][1][gc,metaspace ] GC(144) Metaspace: 96622K->96622K(1138688K)
[2020-09-11T18:23:37.347+0000][1][gc           ] GC(144) Pause Young (Allocation Failure) 145M->78M(503M) 9.287ms
[2020-09-11T18:23:37.347+0000][1][gc,cpu       ] GC(144) User=0.00s Sys=0.00s Real=0.01s
[2020-09-11T18:23:37.347+0000][1][safepoint    ] Safepoint "GenCollectForAllocation", Time since last: 2363140633 ns, Reaching safepoint: 158472 ns, At safepoint: 9359807 ns, Total: 9518279 ns
[2020-09-11T18:23:38.413+0000][1][safepoint    ] Safepoint "RevokeBias", Time since last: 1061843457 ns, Reaching safepoint: 4048598 ns, At safepoint: 227793 ns, Total: 4276391 ns
[2020-09-11T18:23:39.413+0000][1][safepoint    ] Safepoint "Cleanup", Time since last: 1000119477 ns, Reaching safepoint: 90248 ns, At safepoint: 7974 ns, Total: 98222 ns
[2020-09-11T18:23:45.024+0000][1][safepoint    ] Safepoint "RevokeBias", Time since last: 5610837606 ns, Reaching safepoint: 165228 ns, At safepoint: 23371 ns, Total: 188599 ns
[2020-09-11T18:23:48.409+0000][1][safepoint    ] Safepoint "RevokeBias", Time since last: 3381035720 ns, Reaching safepoint: 3580384 ns, At safepoint: 32084 ns, Total: 3612468 ns
[2020-09-11T18:23:49.409+0000][1][safepoint    ] Safepoint "Cleanup", Time since last: 1000133592 ns, Reaching safepoint: 92640 ns, At safepoint: 10196 ns, Total: 102836 ns
[2020-09-11T18:23:54.410+0000][1][safepoint    ] Safepoint "Cleanup", Time since last: 5000410925 ns, Reaching safepoint: 90917 ns, At safepoint: 7041 ns, Total: 97958 ns
[2020-09-11T18:23:54.972+0000][1][safepoint    ] Safepoint "RevokeBias", Time since last: 561816569 ns, Reaching safepoint: 164099 ns, At safepoint: 23575 ns, Total: 187674 ns
[2020-09-11T18:23:57.379+0000][1][gc,start     ] GC(145) Pause Young (Allocation Failure)
[2020-09-11T18:23:57.380+0000][1][gc,task      ] GC(145) Using 1 workers of 1 for evacuation
[2020-09-11T18:23:57.388+0000][1][gc,age       ] GC(145) Desired survivor size 4358144 bytes, new threshold 6 (max threshold 6)
[2020-09-11T18:23:57.388+0000][1][gc,age       ] GC(145) Age table with threshold 6 (max threshold 6)
[2020-09-11T18:23:57.388+0000][1][gc,age       ] GC(145) - age   1:      63488 bytes,      63488 total
[2020-09-11T18:23:57.388+0000][1][gc,age       ] GC(145) - age   2:       7288 bytes,      70776 total
[2020-09-11T18:23:57.388+0000][1][gc,age       ] GC(145) - age   3:     109728 bytes,     180504 total
[2020-09-11T18:23:57.388+0000][1][gc,age       ] GC(145) - age   4:      13768 bytes,     194272 total
[2020-09-11T18:23:57.388+0000][1][gc,age       ] GC(145) - age   5:      18632 bytes,     212904 total
[2020-09-11T18:23:57.388+0000][1][gc,age       ] GC(145) - age   6:       5520 bytes,     218424 total
[2020-09-11T18:23:57.388+0000][1][gc,heap      ] GC(145) ParNew: 68410K->378K(76672K)
[2020-09-11T18:23:57.388+0000][1][gc,heap      ] GC(145) CMS: 80091K->80092K(439104K)
[2020-09-11T18:23:57.388+0000][1][gc,metaspace ] GC(145) Metaspace: 96647K->96647K(1138688K)
[2020-09-11T18:23:57.388+0000][1][gc           ] GC(145) Pause Young (Allocation Failure) 145M->78M(503M) 8.422ms
[2020-09-11T18:23:57.388+0000][1][gc,cpu       ] GC(145) User=0.01s Sys=0.00s Real=0.01s
[2020-09-11T18:23:57.388+0000][1][safepoint    ] Safepoint "GenCollectForAllocation", Time since last: 2407499330 ns, Reaching safepoint: 152779 ns, At safepoint: 8490263 ns, Total: 8643042 ns
[2020-09-11T18:23:58.431+0000][1][safepoint    ] Safepoint "RevokeBias", Time since last: 1042668437 ns, Reaching safepoint: 179511 ns, At safepoint: 28185 ns, Total: 207696 ns
[2020-09-11T18:24:00.431+0000][1][safepoint    ] Safepoint "Cleanup", Time since last: 2000195934 ns, Reaching safepoint: 82331 ns, At safepoint: 6285 ns, Total: 88616 ns
[2020-09-11T18:24:05.031+0000][1][safepoint    ] Safepoint "RevokeBias", Time since last: 4599941382 ns, Reaching safepoint: 88009 ns, At safepoint: 21891 ns, Total: 109900 ns
[2020-09-11T18:24:08.487+0000][1][safepoint    ] Safepoint "RevokeBias", Time since last: 3455962453 ns, Reaching safepoint: 200892 ns, At safepoint: 22679 ns, Total: 223571 ns
[2020-09-11T18:24:14.979+0000][1][safepoint    ] Safepoint "RevokeBias", Time since last: 6491788340 ns, Reaching safepoint: 162921 ns, At safepoint: 23654 ns, Total: 186575 ns
[2020-09-11T18:24:18.462+0000][1][gc,start     ] GC(146) Pause Young (Allocation Failure)
[2020-09-11T18:24:18.462+0000][1][gc,task      ] GC(146) Using 1 workers of 1 for evacuation
[2020-09-11T18:24:18.471+0000][1][gc,age       ] GC(146) Desired survivor size 4358144 bytes, new threshold 6 (max threshold 6)
[2020-09-11T18:24:18.471+0000][1][gc,age       ] GC(146) Age table with threshold 6 (max threshold 6)
[2020-09-11T18:24:18.471+0000][1][gc,age       ] GC(146) - age   1:     283256 bytes,     283256 total
[2020-09-11T18:24:18.471+0000][1][gc,age       ] GC(146) - age   2:       3424 bytes,     286680 total
[2020-09-11T18:24:18.471+0000][1][gc,age       ] GC(146) - age   3:       3448 bytes,     290128 total
[2020-09-11T18:24:18.471+0000][1][gc,age       ] GC(146) - age   4:     109496 bytes,     399624 total
[2020-09-11T18:24:18.471+0000][1][gc,age       ] GC(146) - age   5:      13768 bytes,     413392 total
[2020-09-11T18:24:18.471+0000][1][gc,age       ] GC(146) - age   6:      18632 bytes,     432024 total
[2020-09-11T18:24:18.471+0000][1][gc,heap      ] GC(146) ParNew: 68534K->509K(76672K)
[2020-09-11T18:24:18.471+0000][1][gc,heap      ] GC(146) CMS: 80092K->80097K(439104K)
[2020-09-11T18:24:18.471+0000][1][gc,metaspace ] GC(146) Metaspace: 96655K->96655K(1138688K)
[2020-09-11T18:24:18.471+0000][1][gc           ] GC(146) Pause Young (Allocation Failure) 145M->78M(503M) 9.243ms
[2020-09-11T18:24:18.471+0000][1][gc,cpu       ] GC(146) User=0.01s Sys=0.00s Real=0.00s
[2020-09-11T18:24:18.480+0000][1][safepoint    ] Safepoint "GenCollectForAllocation", Time since last: 3482470456 ns, Reaching safepoint: 171945 ns, At safepoint: 18159883 ns, Total: 18331828 ns
[2020-09-11T18:24:18.485+0000][1][safepoint    ] Safepoint "RevokeBias", Time since last: 4811113 ns, Reaching safepoint: 91971 ns, At safepoint: 34605 ns, Total: 126576 ns
[2020-09-11T18:24:24.981+0000][1][safepoint    ] Safepoint "RevokeBias", Time since last: 6495361189 ns, Reaching safepoint: 167373 ns, At safepoint: 24278 ns, Total: 191651 ns
[2020-09-11T18:24:25.981+0000][1][safepoint    ] Safepoint "Cleanup", Time since last: 1000113281 ns, Reaching safepoint: 113213 ns, At safepoint: 8487 ns, Total: 121700 ns
[2020-09-11T18:24:27.981+0000][1][safepoint    ] Safepoint "Cleanup", Time since last: 2000182987 ns, Reaching safepoint: 95998 ns, At safepoint: 9685 ns, Total: 105683 ns
[2020-09-11T18:24:28.405+0000][1][safepoint    ] Safepoint "RevokeBias", Time since last: 421897384 ns, Reaching safepoint: 1855591 ns, At safepoint: 25103 ns, Total: 1880694 ns
[2020-09-11T18:24:33.405+0000][1][safepoint    ] Safepoint "Cleanup", Time since last: 5000403260 ns, Reaching safepoint: 89285 ns, At safepoint: 9534 ns, Total: 98819 ns
[2020-09-11T18:24:34.406+0000][1][safepoint    ] Safepoint "Cleanup", Time since last: 1000113253 ns, Reaching safepoint: 84456 ns, At safepoint: 7050 ns, Total: 91506 ns
[2020-09-11T18:24:34.980+0000][1][safepoint    ] Safepoint "RevokeBias", Time since last: 574356125 ns, Reaching safepoint: 172492 ns, At safepoint: 23427 ns, Total: 195919 ns
[2020-09-11T18:24:35.980+0000][1][safepoint    ] Safepoint "Cleanup", Time since last: 1000103472 ns, Reaching safepoint: 98323 ns, At safepoint: 5921 ns, Total: 104244 ns
[2020-09-11T18:24:36.981+0000][1][safepoint    ] Safepoint "Cleanup", Time since last: 1000118705 ns, Reaching safepoint: 86787 ns, At safepoint: 9414 ns, Total: 96201 ns
[2020-09-11T18:24:37.981+0000][1][safepoint    ] Safepoint "Cleanup", Time since last: 1000118267 ns, Reaching safepoint: 176251 ns, At safepoint: 9911 ns, Total: 186162 ns
[2020-09-11T18:24:38.437+0000][1][safepoint    ] Safepoint "RevokeBias", Time since last: 452803928 ns, Reaching safepoint: 3204127 ns, At safepoint: 52040 ns, Total: 3256167 ns
[2020-09-11T18:24:38.485+0000][1][gc,start     ] GC(147) Pause Young (Allocation Failure)
[2020-09-11T18:24:38.485+0000][1][gc,task      ] GC(147) Using 1 workers of 1 for evacuation
[2020-09-11T18:24:38.494+0000][1][gc,age       ] GC(147) Desired survivor size 4358144 bytes, new threshold 6 (max threshold 6)
[2020-09-11T18:24:38.494+0000][1][gc,age       ] GC(147) Age table with threshold 6 (max threshold 6)
[2020-09-11T18:24:38.494+0000][1][gc,age       ] GC(147) - age   1:     508264 bytes,     508264 total
[2020-09-11T18:24:38.494+0000][1][gc,age       ] GC(147) - age   2:      21496 bytes,     529760 total
[2020-09-11T18:24:38.494+0000][1][gc,age       ] GC(147) - age   3:       2112 bytes,     531872 total
[2020-09-11T18:24:38.494+0000][1][gc,age       ] GC(147) - age   4:       3448 bytes,     535320 total
[2020-09-11T18:24:38.494+0000][1][gc,age       ] GC(147) - age   5:     109184 bytes,     644504 total
[2020-09-11T18:24:38.494+0000][1][gc,age       ] GC(147) - age   6:      13768 bytes,     658272 total
[2020-09-11T18:24:38.494+0000][1][gc,heap      ] GC(147) ParNew: 68669K->696K(76672K)
[2020-09-11T18:24:38.494+0000][1][gc,heap      ] GC(147) CMS: 80097K->80115K(439104K)
[2020-09-11T18:24:38.494+0000][1][gc,metaspace ] GC(147) Metaspace: 96661K->96661K(1138688K)
[2020-09-11T18:24:38.494+0000][1][gc           ] GC(147) Pause Young (Allocation Failure) 145M->78M(503M) 9.390ms
[2020-09-11T18:24:38.494+0000][1][gc,cpu       ] GC(147) User=0.00s Sys=0.00s Real=0.01s
[2020-09-11T18:24:38.494+0000][1][safepoint    ] Safepoint "GenCollectForAllocation", Time since last: 45506145 ns, Reaching safepoint: 2403839 ns, At safepoint: 9444991 ns, Total: 11848830 ns
[2020-09-11T18:24:39.502+0000][1][safepoint    ] Safepoint "Cleanup", Time since last: 1007933996 ns, Reaching safepoint: 84033 ns, At safepoint: 7287 ns, Total: 91320 ns
[2020-09-11T18:24:40.503+0000][1][safepoint    ] Safepoint "Cleanup", Time since last: 1000121595 ns, Reaching safepoint: 95639 ns, At safepoint: 9869 ns, Total: 105508 ns
[2020-09-11T18:24:41.503+0000][1][safepoint    ] Safepoint "Cleanup", Time since last: 1000115312 ns, Reaching safepoint: 85230 ns, At safepoint: 8628 ns, Total: 93858 ns
[2020-09-11T18:24:42.503+0000][1][safepoint    ] Safepoint "Cleanup", Time since last: 1000116555 ns, Reaching safepoint: 83535 ns, At safepoint: 9842 ns, Total: 93377 ns
[2020-09-11T18:24:43.503+0000][1][safepoint    ] Safepoint "Cleanup", Time since last: 1000116294 ns, Reaching safepoint: 85539 ns, At safepoint: 9889 ns, Total: 95428 ns
[2020-09-11T18:24:44.503+0000][1][safepoint    ] Safepoint "Cleanup", Time since last: 1000114476 ns, Reaching safepoint: 87285 ns, At safepoint: 9732 ns, Total: 97017 ns
[2020-09-11T18:24:44.981+0000][1][safepoint    ] Safepoint "RevokeBias", Time since last: 477172142 ns, Reaching safepoint: 167520 ns, At safepoint: 46045 ns, Total: 213565 ns
[2020-09-11T18:24:45.981+0000][1][safepoint    ] Safepoint "Cleanup", Time since last: 1000106892 ns, Reaching safepoint: 88753 ns, At safepoint: 10053 ns, Total: 98806 ns
[2020-09-11T18:24:46.981+0000][1][safepoint    ] Safepoint "Cleanup", Time since last: 1000110060 ns, Reaching safepoint: 86617 ns, At safepoint: 8668 ns, Total: 95285 ns
[2020-09-11T18:24:47.981+0000][1][safepoint    ] Safepoint "Cleanup", Time since last: 1000113620 ns, Reaching safepoint: 88119 ns, At safepoint: 7322 ns, Total: 95441 ns
[2020-09-11T18:24:48.412+0000][1][safepoint    ] Safepoint "RevokeBias", Time since last: 429970266 ns, Reaching safepoint: 214950 ns, At safepoint: 217222 ns, Total: 432172 ns
[2020-09-11T18:24:49.412+0000][1][safepoint    ] Safepoint "Cleanup", Time since last: 1000110881 ns, Reaching safepoint: 95553 ns, At safepoint: 9509 ns, Total: 105062 ns
[2020-09-11T18:24:50.412+0000][1][safepoint    ] Safepoint "Cleanup", Time since last: 1000114794 ns, Reaching safepoint: 86308 ns, At safepoint: 9813 ns, Total: 96121 ns
[2020-09-11T18:24:51.412+0000][1][safepoint    ] Safepoint "Cleanup", Time since last: 1000114133 ns, Reaching safepoint: 86801 ns, At safepoint: 9532 ns, Total: 96333 ns
[2020-09-11T18:24:52.413+0000][1][safepoint    ] Safepoint "Cleanup", Time since last: 1000111862 ns, Reaching safepoint: 89549 ns, At safepoint: 9836 ns, Total: 99385 ns
[2020-09-11T18:24:53.413+0000][1][safepoint    ] Safepoint "Cleanup", Time since last: 1000133698 ns, Reaching safepoint: 89789 ns, At safepoint: 9602 ns, Total: 99391 ns
[2020-09-11T18:24:54.413+0000][1][safepoint    ] Safepoint "Cleanup", Time since last: 1000116764 ns, Reaching safepoint: 86789 ns, At safepoint: 7998 ns, Total: 94787 ns
[2020-09-11T18:24:55.013+0000][1][safepoint    ] Safepoint "RevokeBias", Time since last: 600204850 ns, Reaching safepoint: 162880 ns, At safepoint: 24436 ns, Total: 187316 ns
[2020-09-11T18:24:56.014+0000][1][safepoint    ] Safepoint "Cleanup", Time since last: 1000107971 ns, Reaching safepoint: 93035 ns, At safepoint: 7095 ns, Total: 100130 ns
[2020-09-11T18:24:57.014+0000][1][safepoint    ] Safepoint "Cleanup", Time since last: 1000108695 ns, Reaching safepoint: 86034 ns, At safepoint: 6881 ns, Total: 92915 ns
[2020-09-11T18:24:58.014+0000][1][safepoint    ] Safepoint "Cleanup", Time since last: 1000112811 ns, Reaching safepoint: 105083 ns, At safepoint: 10325 ns, Total: 115408 ns
[2020-09-11T18:24:58.424+0000][1][safepoint    ] Safepoint "RevokeBias", Time since last: 409466469 ns, Reaching safepoint: 222809 ns, At safepoint: 223428 ns, Total: 446237 ns
[2020-09-11T18:24:59.424+0000][1][safepoint    ] Safepoint "Cleanup", Time since last: 1000127873 ns, Reaching safepoint: 91926 ns, At safepoint: 10469 ns, Total: 102395 ns
[2020-09-11T18:25:00.424+0000][1][safepoint    ] Safepoint "Cleanup", Time since last: 1000137978 ns, Reaching safepoint: 86365 ns, At safepoint: 9675 ns, Total: 96040 ns
[2020-09-11T18:25:00.487+0000][1][gc,start     ] GC(148) Pause Young (Allocation Failure)
[2020-09-11T18:25:00.487+0000][1][gc,task      ] GC(148) Using 1 workers of 1 for evacuation
[2020-09-11T18:25:00.492+0000][1][gc,age       ] GC(148) Desired survivor size 4358144 bytes, new threshold 6 (max threshold 6)
[2020-09-11T18:25:00.492+0000][1][gc,age       ] GC(148) Age table with threshold 6 (max threshold 6)
[2020-09-11T18:25:00.492+0000][1][gc,age       ] GC(148) - age   1:      63080 bytes,      63080 total
[2020-09-11T18:25:00.492+0000][1][gc,age       ] GC(148) - age   2:       5328 bytes,      68408 total
[2020-09-11T18:25:00.492+0000][1][gc,age       ] GC(148) - age   3:       3960 bytes,      72368 total
[2020-09-11T18:25:00.492+0000][1][gc,age       ] GC(148) - age   4:       2016 bytes,      74384 total
[2020-09-11T18:25:00.492+0000][1][gc,age       ] GC(148) - age   5:       3448 bytes,      77832 total
[2020-09-11T18:25:00.492+0000][1][gc,age       ] GC(148) - age   6:     109184 bytes,     187016 total
[2020-09-11T18:25:00.492+0000][1][gc,heap      ] GC(148) ParNew: 68815K->569K(76672K)
[2020-09-11T18:25:00.492+0000][1][gc,heap      ] GC(148) CMS: 80115K->80129K(439104K)
[2020-09-11T18:25:00.492+0000][1][gc,metaspace ] GC(148) Metaspace: 96661K->96661K(1138688K)
[2020-09-11T18:25:00.492+0000][1][gc           ] GC(148) Pause Young (Allocation Failure) 145M->78M(503M) 5.007ms
[2020-09-11T18:25:00.492+0000][1][gc,cpu       ] GC(148) User=0.00s Sys=0.00s Real=0.00s
[2020-09-11T18:25:00.497+0000][1][safepoint    ] Safepoint "GenCollectForAllocation", Time since last: 62021480 ns, Reaching safepoint: 160543 ns, At safepoint: 10113432 ns, Total: 10273975 ns
[2020-09-11T18:25:01.498+0000][1][safepoint    ] Safepoint "Cleanup", Time since last: 1001177803 ns, Reaching safepoint: 88592 ns, At safepoint: 18940 ns, Total: 107532 ns
[2020-09-11T18:25:02.498+0000][1][safepoint    ] Safepoint "Cleanup", Time since last: 1000111557 ns, Reaching safepoint: 95574 ns, At safepoint: 20755 ns, Total: 116329 ns
[2020-09-11T18:25:03.499+0000][1][safepoint    ] Safepoint "Cleanup", Time since last: 1000115610 ns, Reaching safepoint: 91374 ns, At safepoint: 25259 ns, Total: 116633 ns
[2020-09-11T18:25:04.499+0000][1][safepoint    ] Safepoint "Cleanup", Time since last: 1000118387 ns, Reaching safepoint: 86946 ns, At safepoint: 7064 ns, Total: 94010 ns
[2020-09-11T18:25:04.990+0000][1][safepoint    ] Safepoint "RevokeBias", Time since last: 491128542 ns, Reaching safepoint: 164133 ns, At safepoint: 23501 ns, Total: 187634 ns
[2020-09-11T18:25:05.990+0000][1][safepoint    ] Safepoint "Cleanup", Time since last: 1000107213 ns, Reaching safepoint: 89717 ns, At safepoint: 9168 ns, Total: 98885 ns
[2020-09-11T18:25:06.990+0000][1][safepoint    ] Safepoint "Cleanup", Time since last: 1000114725 ns, Reaching safepoint: 84577 ns, At safepoint: 7791 ns, Total: 92368 ns
[2020-09-11T18:25:07.991+0000][1][safepoint    ] Safepoint "Cleanup", Time since last: 1000111346 ns, Reaching safepoint: 108924 ns, At safepoint: 7513 ns, Total: 116437 ns
[2020-09-11T18:25:08.409+0000][1][safepoint    ] Safepoint "RevokeBias", Time since last: 417709254 ns, Reaching safepoint: 213975 ns, At safepoint: 334781 ns, Total: 548756 ns
[2020-09-11T18:25:09.409+0000][1][safepoint    ] Safepoint "Cleanup", Time since last: 1000116643 ns, Reaching safepoint: 93609 ns, At safepoint: 7158 ns, Total: 100767 ns
[2020-09-11T18:25:10.409+0000][1][safepoint    ] Safepoint "Cleanup", Time since last: 1000117386 ns, Reaching safepoint: 88001 ns, At safepoint: 9323 ns, Total: 97324 ns
[2020-09-11T18:25:11.410+0000][1][safepoint    ] Safepoint "Cleanup", Time since last: 1000136166 ns, Reaching safepoint: 85240 ns, At safepoint: 7386 ns, Total: 92626 ns
[2020-09-11T18:25:12.410+0000][1][safepoint    ] Safepoint "Cleanup", Time since last: 1000132119 ns, Reaching safepoint: 86126 ns, At safepoint: 9695 ns, Total: 95821 ns
[2020-09-11T18:25:13.410+0000][1][safepoint    ] Safepoint "Cleanup", Time since last: 1000115555 ns, Reaching safepoint: 87801 ns, At safepoint: 7106 ns, Total: 94907 ns
[2020-09-11T18:25:14.410+0000][1][safepoint    ] Safepoint "Cleanup", Time since last: 1000115611 ns, Reaching safepoint: 87622 ns, At safepoint: 9937 ns, Total: 97559 ns
[2020-09-11T18:25:15.044+0000][1][safepoint    ] Safepoint "RevokeBias", Time since last: 634035463 ns, Reaching safepoint: 164811 ns, At safepoint: 22884 ns, Total: 187695 ns
[2020-09-11T18:25:18.405+0000][1][safepoint    ] Safepoint "RevokeBias", Time since last: 3360138844 ns, Reaching safepoint: 283442 ns, At safepoint: 27294 ns, Total: 310736 ns
[2020-09-11T18:25:25.043+0000][1][safepoint    ] Safepoint "RevokeBias", Time since last: 6638021062 ns, Reaching safepoint: 163715 ns, At safepoint: 24046 ns, Total: 187761 ns
[2020-09-11T18:25:25.475+0000][1][gc,start     ] GC(149) Pause Young (Allocation Failure)
[2020-09-11T18:25:25.475+0000][1][gc,task      ] GC(149) Using 1 workers of 1 for evacuation
[2020-09-11T18:25:25.485+0000][1][gc,age       ] GC(149) Desired survivor size 4358144 bytes, new threshold 6 (max threshold 6)
[2020-09-11T18:25:25.485+0000][1][gc,age       ] GC(149) Age table with threshold 6 (max threshold 6)
[2020-09-11T18:25:25.485+0000][1][gc,age       ] GC(149) - age   1:      63120 bytes,      63120 total
[2020-09-11T18:25:25.485+0000][1][gc,age       ] GC(149) - age   2:       4392 bytes,      67512 total
[2020-09-11T18:25:25.485+0000][1][gc,age       ] GC(149) - age   3:       1904 bytes,      69416 total
[2020-09-11T18:25:25.485+0000][1][gc,age       ] GC(149) - age   4:       3768 bytes,      73184 total
[2020-09-11T18:25:25.485+0000][1][gc,age       ] GC(149) - age   5:       2016 bytes,      75200 total
[2020-09-11T18:25:25.485+0000][1][gc,age       ] GC(149) - age   6:       3448 bytes,      78648 total
[2020-09-11T18:25:25.485+0000][1][gc,heap      ] GC(149) ParNew: 68729K->187K(76672K)
[2020-09-11T18:25:25.485+0000][1][gc,heap      ] GC(149) CMS: 80129K->80237K(439104K)
[2020-09-11T18:25:25.485+0000][1][gc,metaspace ] GC(149) Metaspace: 96665K->96665K(1138688K)
[2020-09-11T18:25:25.485+0000][1][gc           ] GC(149) Pause Young (Allocation Failure) 145M->78M(503M) 9.632ms
[2020-09-11T18:25:25.485+0000][1][gc,cpu       ] GC(149) User=0.00s Sys=0.00s Real=0.01s
[2020-09-11T18:25:25.485+0000][1][safepoint    ] Safepoint "GenCollectForAllocation", Time since last: 431961894 ns, Reaching safepoint: 174781 ns, At safepoint: 9761240 ns, Total: 9936021 ns
[2020-09-11T18:25:25.735+0000][1][safepoint    ] Safepoint "RevokeBias", Time since last: 249930044 ns, Reaching safepoint: 103500 ns, At safepoint: 38014 ns, Total: 141514 ns
[2020-09-11T18:25:25.735+0000][1][safepoint    ] Safepoint "RevokeBias", Time since last: 55782 ns, Reaching safepoint: 59168 ns, At safepoint: 25943 ns, Total: 85111 ns
[2020-09-11T18:25:25.736+0000][1][safepoint    ] Safepoint "BulkRevokeBias", Time since last: 32382 ns, Reaching safepoint: 47063 ns, At safepoint: 242729 ns, Total: 289792 ns
[2020-09-11T18:25:27.737+0000][1][safepoint    ] Safepoint "Cleanup", Time since last: 2001110364 ns, Reaching safepoint: 114083 ns, At safepoint: 8657 ns, Total: 122740 ns
[2020-09-11T18:25:28.425+0000][1][safepoint    ] Safepoint "RevokeBias", Time since last: 686214359 ns, Reaching safepoint: 1542024 ns, At safepoint: 25439 ns, Total: 1567463 ns
[2020-09-11T18:25:34.425+0000][1][safepoint    ] Safepoint "Cleanup", Time since last: 6000416267 ns, Reaching safepoint: 93125 ns, At safepoint: 10405 ns, Total: 103530 ns
[2020-09-11T18:25:34.982+0000][1][safepoint    ] Safepoint "RevokeBias", Time since last: 556833347 ns, Reaching safepoint: 164209 ns, At safepoint: 22839 ns, Total: 187048 ns
[2020-09-11T18:25:38.443+0000][1][safepoint    ] Safepoint "RevokeBias", Time since last: 3460806503 ns, Reaching safepoint: 86797 ns, At safepoint: 18977 ns, Total: 105774 ns
[2020-09-11T18:25:45.069+0000][1][safepoint    ] Safepoint "RevokeBias", Time since last: 6625840581 ns, Reaching safepoint: 164840 ns, At safepoint: 23640 ns, Total: 188480 ns
[2020-09-11T18:25:47.425+0000][1][safepoint    ] Safepoint "RevokeBias", Time since last: 2348643783 ns, Reaching safepoint: 4782793 ns, At safepoint: 2130107 ns, Total: 6912900 ns
[2020-09-11T18:25:47.515+0000][1][gc,start     ] GC(150) Pause Young (Allocation Failure)
[2020-09-11T18:25:47.515+0000][1][gc,task      ] GC(150) Using 1 workers of 1 for evacuation
[2020-09-11T18:25:47.538+0000][1][gc,age       ] GC(150) Desired survivor size 4358144 bytes, new threshold 6 (max threshold 6)
[2020-09-11T18:25:47.538+0000][1][gc,age       ] GC(150) Age table with threshold 6 (max threshold 6)
[2020-09-11T18:25:47.538+0000][1][gc,age       ] GC(150) - age   1:      85152 bytes,      85152 total
[2020-09-11T18:25:47.538+0000][1][gc,age       ] GC(150) - age   2:       2680 bytes,      87832 total
[2020-09-11T18:25:47.538+0000][1][gc,age       ] GC(150) - age   3:       2384 bytes,      90216 total
[2020-09-11T18:25:47.538+0000][1][gc,age       ] GC(150) - age   4:       1904 bytes,      92120 total
[2020-09-11T18:25:47.538+0000][1][gc,age       ] GC(150) - age   5:       3768 bytes,      95888 total
[2020-09-11T18:25:47.538+0000][1][gc,age       ] GC(150) - age   6:       2016 bytes,      97904 total
[2020-09-11T18:25:47.538+0000][1][gc,heap      ] GC(150) ParNew: 68347K->151K(76672K)
[2020-09-11T18:25:47.538+0000][1][gc,heap      ] GC(150) CMS: 80237K->80240K(439104K)
[2020-09-11T18:25:47.538+0000][1][gc,metaspace ] GC(150) Metaspace: 96684K->96684K(1138688K)
[2020-09-11T18:25:47.538+0000][1][gc           ] GC(150) Pause Young (Allocation Failure) 145M->78M(503M) 22.875ms
[2020-09-11T18:25:47.538+0000][1][gc,cpu       ] GC(150) User=0.00s Sys=0.00s Real=0.02s
[2020-09-11T18:25:47.545+0000][1][safepoint    ] Safepoint "GenCollectForAllocation", Time since last: 84816520 ns, Reaching safepoint: 5540148 ns, At safepoint: 29564623 ns, Total: 35104771 ns
[2020-09-11T18:25:48.409+0000][1][safepoint    ] Safepoint "RevokeBias", Time since last: 864721134 ns, Reaching safepoint: 185141 ns, At safepoint: 22398 ns, Total: 207539 ns
[2020-09-11T18:25:49.411+0000][1][safepoint    ] Safepoint "Cleanup", Time since last: 1000455841 ns, Reaching safepoint: 915303 ns, At safepoint: 8393 ns, Total: 923696 ns
[2020-09-11T18:25:55.098+0000][1][safepoint    ] Safepoint "RevokeBias", Time since last: 5686352081 ns, Reaching safepoint: 366507 ns, At safepoint: 25155 ns, Total: 391662 ns
[2020-09-11T18:25:58.408+0000][1][safepoint    ] Safepoint "BulkRevokeBias", Time since last: 3309709186 ns, Reaching safepoint: 215961 ns, At safepoint: 485984 ns, Total: 701945 ns
[2020-09-11T18:25:58.477+0000][1][safepoint    ] Safepoint "RevokeBias", Time since last: 68764873 ns, Reaching safepoint: 166141 ns, At safepoint: 27633 ns, Total: 193774 ns
[2020-09-11T18:26:04.478+0000][1][safepoint    ] Safepoint "Cleanup", Time since last: 6000480150 ns, Reaching safepoint: 96149 ns, At safepoint: 9979 ns, Total: 106128 ns
[2020-09-11T18:26:05.000+0000][1][safepoint    ] Safepoint "BulkRevokeBias", Time since last: 521974635 ns, Reaching safepoint: 95941 ns, At safepoint: 258418 ns, Total: 354359 ns
[2020-09-11T18:26:08.441+0000][1][safepoint    ] Safepoint "RevokeBias", Time since last: 3437222256 ns, Reaching safepoint: 3745757 ns, At safepoint: 25137 ns, Total: 3770894 ns
[2020-09-11T18:26:08.466+0000][1][gc,start     ] GC(151) Pause Young (Allocation Failure)
[2020-09-11T18:26:08.466+0000][1][gc,task      ] GC(151) Using 1 workers of 1 for evacuation
[2020-09-11T18:26:08.483+0000][1][gc,age       ] GC(151) Desired survivor size 4358144 bytes, new threshold 6 (max threshold 6)
[2020-09-11T18:26:08.483+0000][1][gc,age       ] GC(151) Age table with threshold 6 (max threshold 6)
[2020-09-11T18:26:08.483+0000][1][gc,age       ] GC(151) - age   1:     329368 bytes,     329368 total
[2020-09-11T18:26:08.483+0000][1][gc,age       ] GC(151) - age   2:      39400 bytes,     368768 total
[2020-09-11T18:26:08.483+0000][1][gc,age       ] GC(151) - age   3:        896 bytes,     369664 total
[2020-09-11T18:26:08.483+0000][1][gc,age       ] GC(151) - age   4:       2288 bytes,     371952 total
[2020-09-11T18:26:08.483+0000][1][gc,age       ] GC(151) - age   5:       1904 bytes,     373856 total
[2020-09-11T18:26:08.483+0000][1][gc,age       ] GC(151) - age   6:       3768 bytes,     377624 total
[2020-09-11T18:26:08.483+0000][1][gc,heap      ] GC(151) ParNew: 68311K->453K(76672K)
[2020-09-11T18:26:08.483+0000][1][gc,heap      ] GC(151) CMS: 80240K->80242K(439104K)
[2020-09-11T18:26:08.483+0000][1][gc,metaspace ] GC(151) Metaspace: 96770K->96770K(1138688K)
[2020-09-11T18:26:08.483+0000][1][gc           ] GC(151) Pause Young (Allocation Failure) 145M->78M(503M) 17.640ms
[2020-09-11T18:26:08.483+0000][1][gc,cpu       ] GC(151) User=0.00s Sys=0.00s Real=0.02s
[2020-09-11T18:26:08.483+0000][1][safepoint    ] Safepoint "GenCollectForAllocation", Time since last: 24658583 ns, Reaching safepoint: 158743 ns, At safepoint: 17710425 ns, Total: 17869168 ns
[2020-09-11T18:26:09.505+0000][1][safepoint    ] Safepoint "Cleanup", Time since last: 1021431331 ns, Reaching safepoint: 125140 ns, At safepoint: 11523 ns, Total: 136663 ns
[2020-09-11T18:26:14.986+0000][1][safepoint    ] Safepoint "RevokeBias", Time since last: 5480553563 ns, Reaching safepoint: 170222 ns, At safepoint: 22775 ns, Total: 192997 ns
[2020-09-11T18:26:17.986+0000][1][safepoint    ] Safepoint "Cleanup", Time since last: 3000269865 ns, Reaching safepoint: 112205 ns, At safepoint: 11061 ns, Total: 123266 ns
[2020-09-11T18:26:18.414+0000][1][safepoint    ] Safepoint "RevokeBias", Time since last: 427801069 ns, Reaching safepoint: 97223 ns, At safepoint: 21016 ns, Total: 118239 ns
[2020-09-11T18:26:20.414+0000][1][safepoint    ] Safepoint "Cleanup", Time since last: 2000191396 ns, Reaching safepoint: 96451 ns, At safepoint: 10369 ns, Total: 106820 ns
[2020-09-11T18:26:24.954+0000][1][safepoint    ] Safepoint "RevokeBias", Time since last: 4539985602 ns, Reaching safepoint: 89301 ns, At safepoint: 26600 ns, Total: 115901 ns
[2020-09-11T18:26:24.955+0000][1][safepoint    ] Safepoint "RevokeBias", Time since last: 67279 ns, Reaching safepoint: 57603 ns, At safepoint: 15030 ns, Total: 72633 ns
[2020-09-11T18:26:24.955+0000][1][safepoint    ] Safepoint "RevokeBias", Time since last: 36562 ns, Reaching safepoint: 47347 ns, At safepoint: 13202 ns, Total: 60549 ns
[2020-09-11T18:26:24.955+0000][1][safepoint    ] Safepoint "RevokeBias", Time since last: 34062 ns, Reaching safepoint: 43670 ns, At safepoint: 11401 ns, Total: 55071 ns
[2020-09-11T18:26:24.955+0000][1][safepoint    ] Safepoint "RevokeBias", Time since last: 32494 ns, Reaching safepoint: 41556 ns, At safepoint: 10970 ns, Total: 52526 ns
[2020-09-11T18:26:24.955+0000][1][safepoint    ] Safepoint "RevokeBias", Time since last: 43064 ns, Reaching safepoint: 41593 ns, At safepoint: 11455 ns, Total: 53048 ns
[2020-09-11T18:26:24.955+0000][1][safepoint    ] Safepoint "RevokeBias", Time since last: 41151 ns, Reaching safepoint: 38774 ns, At safepoint: 10948 ns, Total: 49722 ns
[2020-09-11T18:26:24.955+0000][1][safepoint    ] Safepoint "RevokeBias", Time since last: 30355 ns, Reaching safepoint: 37526 ns, At safepoint: 10198 ns, Total: 47724 ns
[2020-09-11T18:26:25.019+0000][1][safepoint    ] Safepoint "RevokeBias", Time since last: 59924395 ns, Reaching safepoint: 4363515 ns, At safepoint: 32429 ns, Total: 4395944 ns
[2020-09-11T18:26:26.020+0000][1][safepoint    ] Safepoint "Cleanup", Time since last: 1000123113 ns, Reaching safepoint: 92227 ns, At safepoint: 7816 ns, Total: 100043 ns
[2020-09-11T18:26:28.020+0000][1][safepoint    ] Safepoint "Cleanup", Time since last: 2000201362 ns, Reaching safepoint: 95877 ns, At safepoint: 7273 ns, Total: 103150 ns
[2020-09-11T18:26:28.457+0000][1][safepoint    ] Safepoint "RevokeBias", Time since last: 433330109 ns, Reaching safepoint: 3563735 ns, At safepoint: 25874 ns, Total: 3589609 ns
[2020-09-11T18:26:28.557+0000][1][gc,start     ] GC(152) Pause Young (Allocation Failure)
[2020-09-11T18:26:28.557+0000][1][gc,task      ] GC(152) Using 1 workers of 1 for evacuation
[2020-09-11T18:26:28.563+0000][1][gc,age       ] GC(152) Desired survivor size 4358144 bytes, new threshold 6 (max threshold 6)
[2020-09-11T18:26:28.563+0000][1][gc,age       ] GC(152) Age table with threshold 6 (max threshold 6)
[2020-09-11T18:26:28.563+0000][1][gc,age       ] GC(152) - age   1:     612640 bytes,     612640 total
[2020-09-11T18:26:28.563+0000][1][gc,age       ] GC(152) - age   2:      26504 bytes,     639144 total
[2020-09-11T18:26:28.563+0000][1][gc,age       ] GC(152) - age   3:      20896 bytes,     660040 total
[2020-09-11T18:26:28.563+0000][1][gc,age       ] GC(152) - age   4:        896 bytes,     660936 total
[2020-09-11T18:26:28.563+0000][1][gc,age       ] GC(152) - age   5:       2288 bytes,     663224 total
[2020-09-11T18:26:28.563+0000][1][gc,age       ] GC(152) - age   6:       1904 bytes,     665128 total
[2020-09-11T18:26:28.563+0000][1][gc,heap      ] GC(152) ParNew: 68613K->897K(76672K)
[2020-09-11T18:26:28.563+0000][1][gc,heap      ] GC(152) CMS: 80242K->80246K(439104K)
[2020-09-11T18:26:28.563+0000][1][gc,metaspace ] GC(152) Metaspace: 96787K->96787K(1138688K)
[2020-09-11T18:26:28.563+0000][1][gc           ] GC(152) Pause Young (Allocation Failure) 145M->79M(503M) 6.243ms
[2020-09-11T18:26:28.563+0000][1][gc,cpu       ] GC(152) User=0.00s Sys=0.00s Real=0.01s
[2020-09-11T18:26:28.565+0000][1][safepoint    ] Safepoint "GenCollectForAllocation", Time since last: 96788906 ns, Reaching safepoint: 3169875 ns, At safepoint: 7936648 ns, Total: 11106523 ns
[2020-09-11T18:26:29.578+0000][1][safepoint    ] Safepoint "Cleanup", Time since last: 1013174973 ns, Reaching safepoint: 115326 ns, At safepoint: 26400 ns, Total: 141726 ns
[2020-09-11T18:26:33.579+0000][1][safepoint    ] Safepoint "Cleanup", Time since last: 4000343257 ns, Reaching safepoint: 89686 ns, At safepoint: 7774 ns, Total: 97460 ns
[2020-09-11T18:26:34.579+0000][1][safepoint    ] Safepoint "Cleanup", Time since last: 1000115227 ns, Reaching safepoint: 92481 ns, At safepoint: 9576 ns, Total: 102057 ns
[2020-09-11T18:26:35.037+0000][1][safepoint    ] Safepoint "RevokeBias", Time since last: 457956807 ns, Reaching safepoint: 181024 ns, At safepoint: 23124 ns, Total: 204148 ns
[2020-09-11T18:26:36.037+0000][1][safepoint    ] Safepoint "Cleanup", Time since last: 1000104482 ns, Reaching safepoint: 89792 ns, At safepoint: 9751 ns, Total: 99543 ns
[2020-09-11T18:26:37.037+0000][1][safepoint    ] Safepoint "Cleanup", Time since last: 1000112788 ns, Reaching safepoint: 87624 ns, At safepoint: 10866 ns, Total: 98490 ns
[2020-09-11T18:26:38.038+0000][1][safepoint    ] Safepoint "Cleanup", Time since last: 1000112098 ns, Reaching safepoint: 87798 ns, At safepoint: 7486 ns, Total: 95284 ns
[2020-09-11T18:26:38.413+0000][1][safepoint    ] Safepoint "RevokeBias", Time since last: 375163785 ns, Reaching safepoint: 165455 ns, At safepoint: 21718 ns, Total: 187173 ns
[2020-09-11T18:26:39.413+0000][1][safepoint    ] Safepoint "Cleanup", Time since last: 1000108211 ns, Reaching safepoint: 92116 ns, At safepoint: 7875 ns, Total: 99991 ns
[2020-09-11T18:26:40.413+0000][1][safepoint    ] Safepoint "Cleanup", Time since last: 1000114847 ns, Reaching safepoint: 109609 ns, At safepoint: 10253 ns, Total: 119862 ns
[2020-09-11T18:26:41.414+0000][1][safepoint    ] Safepoint "Cleanup", Time since last: 1000110637 ns, Reaching safepoint: 88238 ns, At safepoint: 9283 ns, Total: 97521 ns
[2020-09-11T18:26:42.414+0000][1][safepoint    ] Safepoint "Cleanup", Time since last: 1000114159 ns, Reaching safepoint: 90021 ns, At safepoint: 10007 ns, Total: 100028 ns
[2020-09-11T18:26:43.414+0000][1][safepoint    ] Safepoint "Cleanup", Time since last: 1000113169 ns, Reaching safepoint: 90062 ns, At safepoint: 9694 ns, Total: 99756 ns
[2020-09-11T18:26:44.414+0000][1][safepoint    ] Safepoint "Cleanup", Time since last: 1000113425 ns, Reaching safepoint: 89540 ns, At safepoint: 8356 ns, Total: 97896 ns
[2020-09-11T18:26:44.984+0000][1][safepoint    ] Safepoint "RevokeBias", Time since last: 569672261 ns, Reaching safepoint: 163266 ns, At safepoint: 38117 ns, Total: 201383 ns
[2020-09-11T18:26:45.984+0000][1][safepoint    ] Safepoint "Cleanup", Time since last: 1000105633 ns, Reaching safepoint: 90191 ns, At safepoint: 10909 ns, Total: 101100 ns
[2020-09-11T18:26:46.984+0000][1][safepoint    ] Safepoint "Cleanup", Time since last: 1000109568 ns, Reaching safepoint: 90827 ns, At safepoint: 8957 ns, Total: 99784 ns
[2020-09-11T18:26:47.985+0000][1][safepoint    ] Safepoint "Cleanup", Time since last: 1000114615 ns, Reaching safepoint: 99395 ns, At safepoint: 10145 ns, Total: 109540 ns
[2020-09-11T18:26:48.453+0000][1][safepoint    ] Safepoint "RevokeBias", Time since last: 468446282 ns, Reaching safepoint: 177497 ns, At safepoint: 22148 ns, Total: 199645 ns
[2020-09-11T18:26:49.454+0000][1][safepoint    ] Safepoint "Cleanup", Time since last: 1000109458 ns, Reaching safepoint: 102188 ns, At safepoint: 9389 ns, Total: 111577 ns
[2020-09-11T18:26:50.454+0000][1][safepoint    ] Safepoint "Cleanup", Time since last: 1000114435 ns, Reaching safepoint: 85965 ns, At safepoint: 7066 ns, Total: 93031 ns
[2020-09-11T18:26:51.454+0000][1][safepoint    ] Safepoint "Cleanup", Time since last: 1000109988 ns, Reaching safepoint: 91390 ns, At safepoint: 10075 ns, Total: 101465 ns
[2020-09-11T18:26:52.454+0000][1][safepoint    ] Safepoint "Cleanup", Time since last: 1000115206 ns, Reaching safepoint: 99093 ns, At safepoint: 8770 ns, Total: 107863 ns
[2020-09-11T18:26:52.638+0000][1][gc,start     ] GC(153) Pause Young (Allocation Failure)
[2020-09-11T18:26:52.638+0000][1][gc,task      ] GC(153) Using 1 workers of 1 for evacuation
[2020-09-11T18:26:52.647+0000][1][gc,age       ] GC(153) Desired survivor size 4358144 bytes, new threshold 6 (max threshold 6)
[2020-09-11T18:26:52.647+0000][1][gc,age       ] GC(153) Age table with threshold 6 (max threshold 6)
[2020-09-11T18:26:52.647+0000][1][gc,age       ] GC(153) - age   1:      62472 bytes,      62472 total
[2020-09-11T18:26:52.647+0000][1][gc,age       ] GC(153) - age   2:       5536 bytes,      68008 total
[2020-09-11T18:26:52.647+0000][1][gc,age       ] GC(153) - age   3:      23928 bytes,      91936 total
[2020-09-11T18:26:52.647+0000][1][gc,age       ] GC(153) - age   4:      20896 bytes,     112832 total
[2020-09-11T18:26:52.647+0000][1][gc,age       ] GC(153) - age   5:        896 bytes,     113728 total
[2020-09-11T18:26:52.647+0000][1][gc,age       ] GC(153) - age   6:       2288 bytes,     116016 total
[2020-09-11T18:26:52.648+0000][1][gc,heap      ] GC(153) ParNew: 69057K->561K(76672K)
[2020-09-11T18:26:52.648+0000][1][gc,heap      ] GC(153) CMS: 80246K->80248K(439104K)
[2020-09-11T18:26:52.648+0000][1][gc,metaspace ] GC(153) Metaspace: 96797K->96797K(1138688K)
[2020-09-11T18:26:52.648+0000][1][gc           ] GC(153) Pause Young (Allocation Failure) 145M->78M(503M) 9.226ms
[2020-09-11T18:26:52.648+0000][1][gc,cpu       ] GC(153) User=0.01s Sys=0.00s Real=0.01s
[2020-09-11T18:26:52.648+0000][1][safepoint    ] Safepoint "GenCollectForAllocation", Time since last: 183968431 ns, Reaching safepoint: 160321 ns, At safepoint: 9334539 ns, Total: 9494860 ns
[2020-09-11T18:26:53.648+0000][1][safepoint    ] Safepoint "Cleanup", Time since last: 1000280480 ns, Reaching safepoint: 79973 ns, At safepoint: 15678 ns, Total: 95651 ns
[2020-09-11T18:26:54.648+0000][1][safepoint    ] Safepoint "Cleanup", Time since last: 1000103890 ns, Reaching safepoint: 84609 ns, At safepoint: 18215 ns, Total: 102824 ns
[2020-09-11T18:26:54.980+0000][1][safepoint    ] Safepoint "RevokeBias", Time since last: 331991239 ns, Reaching safepoint: 88142 ns, At safepoint: 35245 ns, Total: 123387 ns
[2020-09-11T18:26:55.981+0000][1][safepoint    ] Safepoint "Cleanup", Time since last: 1000111013 ns, Reaching safepoint: 88596 ns, At safepoint: 25730 ns, Total: 114326 ns
[2020-09-11T18:26:56.981+0000][1][safepoint    ] Safepoint "Cleanup", Time since last: 1000118289 ns, Reaching safepoint: 108385 ns, At safepoint: 22258 ns, Total: 130643 ns
[2020-09-11T18:26:57.981+0000][1][safepoint    ] Safepoint "Cleanup", Time since last: 1000126395 ns, Reaching safepoint: 109848 ns, At safepoint: 11646 ns, Total: 121494 ns
[2020-09-11T18:26:58.428+0000][1][safepoint    ] Safepoint "RevokeBias", Time since last: 446406274 ns, Reaching safepoint: 235948 ns, At safepoint: 327592 ns, Total: 563540 ns
[2020-09-11T18:26:59.428+0000][1][safepoint    ] Safepoint "Cleanup", Time since last: 1000111036 ns, Reaching safepoint: 97016 ns, At safepoint: 9470 ns, Total: 106486 ns
[2020-09-11T18:27:00.428+0000][1][safepoint    ] Safepoint "Cleanup", Time since last: 1000112057 ns, Reaching safepoint: 88153 ns, At safepoint: 8260 ns, Total: 96413 ns
[2020-09-11T18:27:01.429+0000][1][safepoint    ] Safepoint "Cleanup", Time since last: 1000109524 ns, Reaching safepoint: 88552 ns, At safepoint: 9803 ns, Total: 98355 ns
[2020-09-11T18:27:02.429+0000][1][safepoint    ] Safepoint "Cleanup", Time since last: 1000073153 ns, Reaching safepoint: 85711 ns, At safepoint: 7199 ns, Total: 92910 ns
[2020-09-11T18:27:03.429+0000][1][safepoint    ] Safepoint "Cleanup", Time since last: 1000108842 ns, Reaching safepoint: 89606 ns, At safepoint: 9672 ns, Total: 99278 ns
[2020-09-11T18:27:04.429+0000][1][safepoint    ] Safepoint "Cleanup", Time since last: 1000107297 ns, Reaching safepoint: 95535 ns, At safepoint: 7673 ns, Total: 103208 ns
[2020-09-11T18:27:05.014+0000][1][safepoint    ] Safepoint "RevokeBias", Time since last: 584826419 ns, Reaching safepoint: 164554 ns, At safepoint: 23561 ns, Total: 188115 ns
[2020-09-11T18:27:06.014+0000][1][safepoint    ] Safepoint "Cleanup", Time since last: 1000104971 ns, Reaching safepoint: 89374 ns, At safepoint: 9897 ns, Total: 99271 ns
[2020-09-11T18:27:07.015+0000][1][safepoint    ] Safepoint "Cleanup", Time since last: 1000113140 ns, Reaching safepoint: 85542 ns, At safepoint: 7150 ns, Total: 92692 ns
[2020-09-11T18:27:08.015+0000][1][safepoint    ] Safepoint "Cleanup", Time since last: 1000111648 ns, Reaching safepoint: 89552 ns, At safepoint: 7220 ns, Total: 96772 ns
[2020-09-11T18:27:08.436+0000][1][safepoint    ] Safepoint "RevokeBias", Time since last: 420928693 ns, Reaching safepoint: 377870 ns, At safepoint: 20380 ns, Total: 398250 ns
[2020-09-11T18:27:09.436+0000][1][safepoint    ] Safepoint "Cleanup", Time since last: 1000107325 ns, Reaching safepoint: 90844 ns, At safepoint: 9800 ns, Total: 100644 ns
[2020-09-11T18:27:10.437+0000][1][safepoint    ] Safepoint "Cleanup", Time since last: 1000113954 ns, Reaching safepoint: 89462 ns, At safepoint: 9890 ns, Total: 99352 ns
[2020-09-11T18:27:11.437+0000][1][safepoint    ] Safepoint "Cleanup", Time since last: 1000116083 ns, Reaching safepoint: 110513 ns, At safepoint: 8893 ns, Total: 119406 ns
[2020-09-11T18:27:12.437+0000][1][safepoint    ] Safepoint "Cleanup", Time since last: 1000106176 ns, Reaching safepoint: 90262 ns, At safepoint: 8028 ns, Total: 98290 ns
[2020-09-11T18:27:13.437+0000][1][safepoint    ] Safepoint "Cleanup", Time since last: 1000108950 ns, Reaching safepoint: 92678 ns, At safepoint: 9290 ns, Total: 101968 ns
[2020-09-11T18:27:14.438+0000][1][safepoint    ] Safepoint "Cleanup", Time since last: 1000110601 ns, Reaching safepoint: 84877 ns, At safepoint: 6791 ns, Total: 91668 ns
[2020-09-11T18:27:15.071+0000][1][safepoint    ] Safepoint "RevokeBias", Time since last: 632923433 ns, Reaching safepoint: 174431 ns, At safepoint: 44843 ns, Total: 219274 ns
[2020-09-11T18:27:16.071+0000][1][safepoint    ] Safepoint "Cleanup", Time since last: 1000108529 ns, Reaching safepoint: 93419 ns, At safepoint: 7631 ns, Total: 101050 ns
[2020-09-11T18:27:17.071+0000][1][safepoint    ] Safepoint "Cleanup", Time since last: 1000114877 ns, Reaching safepoint: 88701 ns, At safepoint: 7043 ns, Total: 95744 ns
[2020-09-11T18:27:17.657+0000][1][gc,start     ] GC(154) Pause Young (Allocation Failure)
[2020-09-11T18:27:17.657+0000][1][gc,task      ] GC(154) Using 1 workers of 1 for evacuation
[2020-09-11T18:27:17.666+0000][1][gc,age       ] GC(154) Desired survivor size 4358144 bytes, new threshold 6 (max threshold 6)
[2020-09-11T18:27:17.666+0000][1][gc,age       ] GC(154) Age table with threshold 6 (max threshold 6)
[2020-09-11T18:27:17.666+0000][1][gc,age       ] GC(154) - age   1:      66880 bytes,      66880 total
[2020-09-11T18:27:17.666+0000][1][gc,age       ] GC(154) - age   2:       1776 bytes,      68656 total
[2020-09-11T18:27:17.666+0000][1][gc,age       ] GC(154) - age   3:       2616 bytes,      71272 total
[2020-09-11T18:27:17.666+0000][1][gc,age       ] GC(154) - age   4:      23640 bytes,      94912 total
[2020-09-11T18:27:17.666+0000][1][gc,age       ] GC(154) - age   5:      20584 bytes,     115496 total
[2020-09-11T18:27:17.666+0000][1][gc,age       ] GC(154) - age   6:        896 bytes,     116392 total
[2020-09-11T18:27:17.666+0000][1][gc,heap      ] GC(154) ParNew: 68721K->168K(76672K)
[2020-09-11T18:27:17.666+0000][1][gc,heap      ] GC(154) CMS: 80248K->80250K(439104K)
[2020-09-11T18:27:17.666+0000][1][gc,metaspace ] GC(154) Metaspace: 96798K->96798K(1138688K)
[2020-09-11T18:27:17.666+0000][1][gc           ] GC(154) Pause Young (Allocation Failure) 145M->78M(503M) 9.619ms
[2020-09-11T18:27:17.666+0000][1][gc,cpu       ] GC(154) User=0.00s Sys=0.00s Real=0.01s
[2020-09-11T18:27:17.666+0000][1][safepoint    ] Safepoint "GenCollectForAllocation", Time since last: 585438993 ns, Reaching safepoint: 160507 ns, At safepoint: 9687776 ns, Total: 9848283 ns
[2020-09-11T18:27:18.416+0000][1][safepoint    ] Safepoint "RevokeBias", Time since last: 748764383 ns, Reaching safepoint: 222400 ns, At safepoint: 207369 ns, Total: 429769 ns
[2020-09-11T18:27:19.416+0000][1][safepoint    ] Safepoint "Cleanup", Time since last: 1000121237 ns, Reaching safepoint: 96915 ns, At safepoint: 10684 ns, Total: 107599 ns
[2020-09-11T18:27:20.416+0000][1][safepoint    ] Safepoint "Cleanup", Time since last: 1000112720 ns, Reaching safepoint: 91709 ns, At safepoint: 10898 ns, Total: 102607 ns
[2020-09-11T18:27:21.416+0000][1][safepoint    ] Safepoint "Cleanup", Time since last: 1000116941 ns, Reaching safepoint: 91799 ns, At safepoint: 9013 ns, Total: 100812 ns
[2020-09-11T18:27:22.416+0000][1][safepoint    ] Safepoint "Cleanup", Time since last: 1000113186 ns, Reaching safepoint: 88301 ns, At safepoint: 7091 ns, Total: 95392 ns
[2020-09-11T18:27:23.417+0000][1][safepoint    ] Safepoint "Cleanup", Time since last: 1000114298 ns, Reaching safepoint: 87655 ns, At safepoint: 9853 ns, Total: 97508 ns
[2020-09-11T18:27:24.417+0000][1][safepoint    ] Safepoint "Cleanup", Time since last: 1000130921 ns, Reaching safepoint: 90454 ns, At safepoint: 7780 ns, Total: 98234 ns
[2020-09-11T18:27:25.065+0000][1][safepoint    ] Safepoint "RevokeBias", Time since last: 645855251 ns, Reaching safepoint: 2136148 ns, At safepoint: 28386 ns, Total: 2164534 ns
[2020-09-11T18:27:28.445+0000][1][safepoint    ] Safepoint "RevokeBias", Time since last: 3376587176 ns, Reaching safepoint: 3436134 ns, At safepoint: 31196 ns, Total: 3467330 ns
[2020-09-11T18:27:29.449+0000][1][safepoint    ] Safepoint "Cleanup", Time since last: 1003935756 ns, Reaching safepoint: 104421 ns, At safepoint: 7738 ns, Total: 112159 ns
[2020-09-11T18:27:34.449+0000][1][safepoint    ] Safepoint "Cleanup", Time since last: 5000400709 ns, Reaching safepoint: 88407 ns, At safepoint: 6910 ns, Total: 95317 ns
[2020-09-11T18:27:34.990+0000][1][safepoint    ] Safepoint "RevokeBias", Time since last: 540720025 ns, Reaching safepoint: 166664 ns, At safepoint: 23325 ns, Total: 189989 ns
[2020-09-11T18:27:38.441+0000][1][safepoint    ] Safepoint "RevokeBias", Time since last: 3446680143 ns, Reaching safepoint: 3818833 ns, At safepoint: 32634 ns, Total: 3851467 ns
[2020-09-11T18:27:38.459+0000][1][gc,start     ] GC(155) Pause Young (Allocation Failure)
[2020-09-11T18:27:38.459+0000][1][gc,task      ] GC(155) Using 1 workers of 1 for evacuation
[2020-09-11T18:27:38.464+0000][1][gc,age       ] GC(155) Desired survivor size 4358144 bytes, new threshold 6 (max threshold 6)
[2020-09-11T18:27:38.464+0000][1][gc,age       ] GC(155) Age table with threshold 6 (max threshold 6)
[2020-09-11T18:27:38.464+0000][1][gc,age       ] GC(155) - age   1:     272760 bytes,     272760 total
[2020-09-11T18:27:38.464+0000][1][gc,age       ] GC(155) - age   2:      18760 bytes,     291520 total
[2020-09-11T18:27:38.464+0000][1][gc,age       ] GC(155) - age   3:       1352 bytes,     292872 total
[2020-09-11T18:27:38.464+0000][1][gc,age       ] GC(155) - age   4:       2616 bytes,     295488 total
[2020-09-11T18:27:38.464+0000][1][gc,age       ] GC(155) - age   5:      23640 bytes,     319128 total
[2020-09-11T18:27:38.464+0000][1][gc,age       ] GC(155) - age   6:      20584 bytes,     339712 total
[2020-09-11T18:27:38.464+0000][1][gc,heap      ] GC(155) ParNew: 68328K->382K(76672K)
[2020-09-11T18:27:38.464+0000][1][gc,heap      ] GC(155) CMS: 80250K->80251K(439104K)
[2020-09-11T18:27:38.464+0000][1][gc,metaspace ] GC(155) Metaspace: 96800K->96800K(1138688K)
[2020-09-11T18:27:38.464+0000][1][gc           ] GC(155) Pause Young (Allocation Failure) 145M->78M(503M) 4.720ms
[2020-09-11T18:27:38.464+0000][1][gc,cpu       ] GC(155) User=0.00s Sys=0.00s Real=0.01s
[2020-09-11T18:27:38.473+0000][1][safepoint    ] Safepoint "GenCollectForAllocation", Time since last: 18138917 ns, Reaching safepoint: 158708 ns, At safepoint: 13891518 ns, Total: 14050226 ns
[2020-09-11T18:27:44.989+0000][1][safepoint    ] Safepoint "RevokeBias", Time since last: 6516142285 ns, Reaching safepoint: 163313 ns, At safepoint: 38691 ns, Total: 202004 ns
[2020-09-11T18:27:48.436+0000][1][safepoint    ] Safepoint "RevokeBias", Time since last: 3443674791 ns, Reaching safepoint: 2175494 ns, At safepoint: 228770 ns, Total: 2404264 ns
[2020-09-11T18:27:54.987+0000][1][safepoint    ] Safepoint "RevokeBias", Time since last: 6551617981 ns, Reaching safepoint: 89124 ns, At safepoint: 21878 ns, Total: 111002 ns
[2020-09-11T18:27:58.477+0000][1][safepoint    ] Safepoint "RevokeBias", Time since last: 3489804678 ns, Reaching safepoint: 91384 ns, At safepoint: 20897 ns, Total: 112281 ns
[2020-09-11T18:27:58.561+0000][1][gc,start     ] GC(156) Pause Young (Allocation Failure)
[2020-09-11T18:27:58.561+0000][1][gc,task      ] GC(156) Using 1 workers of 1 for evacuation
[2020-09-11T18:27:58.580+0000][1][gc,age       ] GC(156) Desired survivor size 4358144 bytes, new threshold 6 (max threshold 6)
[2020-09-11T18:27:58.580+0000][1][gc,age       ] GC(156) Age table with threshold 6 (max threshold 6)
[2020-09-11T18:27:58.580+0000][1][gc,age       ] GC(156) - age   1:     604008 bytes,     604008 total
[2020-09-11T18:27:58.580+0000][1][gc,age       ] GC(156) - age   2:       9248 bytes,     613256 total
[2020-09-11T18:27:58.580+0000][1][gc,age       ] GC(156) - age   3:       1712 bytes,     614968 total
[2020-09-11T18:27:58.580+0000][1][gc,age       ] GC(156) - age   4:       1352 bytes,     616320 total
[2020-09-11T18:27:58.580+0000][1][gc,age       ] GC(156) - age   5:       2616 bytes,     618936 total
[2020-09-11T18:27:58.580+0000][1][gc,age       ] GC(156) - age   6:      23640 bytes,     642576 total
[2020-09-11T18:27:58.580+0000][1][gc,heap      ] GC(156) ParNew: 68542K->842K(76672K)
[2020-09-11T18:27:58.580+0000][1][gc,heap      ] GC(156) CMS: 80251K->80271K(439104K)
[2020-09-11T18:27:58.580+0000][1][gc,metaspace ] GC(156) Metaspace: 96806K->96806K(1138688K)
[2020-09-11T18:27:58.580+0000][1][gc           ] GC(156) Pause Young (Allocation Failure) 145M->79M(503M) 18.822ms
[2020-09-11T18:27:58.580+0000][1][gc,cpu       ] GC(156) User=0.01s Sys=0.00s Real=0.01s
[2020-09-11T18:27:58.580+0000][1][safepoint    ] Safepoint "GenCollectForAllocation", Time since last: 83593978 ns, Reaching safepoint: 173462 ns, At safepoint: 18892425 ns, Total: 19065887 ns
[2020-09-11T18:28:05.009+0000][1][safepoint    ] Safepoint "RevokeBias", Time since last: 6429282991 ns, Reaching safepoint: 89576 ns, At safepoint: 22716 ns, Total: 112292 ns
[2020-09-11T18:28:08.428+0000][1][safepoint    ] Safepoint "RevokeBias", Time since last: 3418372741 ns, Reaching safepoint: 86236 ns, At safepoint: 19756 ns, Total: 105992 ns
[2020-09-11T18:28:14.987+0000][1][safepoint    ] Safepoint "RevokeBias", Time since last: 6559118284 ns, Reaching safepoint: 91038 ns, At safepoint: 21492 ns, Total: 112530 ns
[2020-09-11T18:28:18.405+0000][1][safepoint    ] Safepoint "RevokeBias", Time since last: 3415696026 ns, Reaching safepoint: 2230953 ns, At safepoint: 23368 ns, Total: 2254321 ns
[2020-09-11T18:28:19.405+0000][1][safepoint    ] Safepoint "Cleanup", Time since last: 1000115790 ns, Reaching safepoint: 95219 ns, At safepoint: 10071 ns, Total: 105290 ns
[2020-09-11T18:28:22.405+0000][1][safepoint    ] Safepoint "Cleanup", Time since last: 3000260648 ns, Reaching safepoint: 90065 ns, At safepoint: 7250 ns, Total: 97315 ns
[2020-09-11T18:28:22.746+0000][1][gc,start     ] GC(157) Pause Young (Allocation Failure)
[2020-09-11T18:28:22.746+0000][1][gc,task      ] GC(157) Using 1 workers of 1 for evacuation
[2020-09-11T18:28:22.755+0000][1][gc,age       ] GC(157) Desired survivor size 4358144 bytes, new threshold 6 (max threshold 6)
[2020-09-11T18:28:22.755+0000][1][gc,age       ] GC(157) Age table with threshold 6 (max threshold 6)
[2020-09-11T18:28:22.755+0000][1][gc,age       ] GC(157) - age   1:      62616 bytes,      62616 total
[2020-09-11T18:28:22.755+0000][1][gc,age       ] GC(157) - age   2:       5288 bytes,      67904 total
[2020-09-11T18:28:22.755+0000][1][gc,age       ] GC(157) - age   3:       6752 bytes,      74656 total
[2020-09-11T18:28:22.755+0000][1][gc,age       ] GC(157) - age   4:       1520 bytes,      76176 total
[2020-09-11T18:28:22.755+0000][1][gc,age       ] GC(157) - age   5:       1352 bytes,      77528 total
[2020-09-11T18:28:22.755+0000][1][gc,age       ] GC(157) - age   6:       2616 bytes,      80144 total
[2020-09-11T18:28:22.755+0000][1][gc,heap      ] GC(157) ParNew: 69002K->540K(76672K)
[2020-09-11T18:28:22.755+0000][1][gc,heap      ] GC(157) CMS: 80271K->80294K(439104K)
[2020-09-11T18:28:22.755+0000][1][gc,metaspace ] GC(157) Metaspace: 96808K->96808K(1138688K)
[2020-09-11T18:28:22.755+0000][1][gc           ] GC(157) Pause Young (Allocation Failure) 145M->78M(503M) 9.576ms
[2020-09-11T18:28:22.755+0000][1][gc,cpu       ] GC(157) User=0.00s Sys=0.00s Real=0.01s
[2020-09-11T18:28:22.755+0000][1][safepoint    ] Safepoint "GenCollectForAllocation", Time since last: 339993086 ns, Reaching safepoint: 172102 ns, At safepoint: 9650439 ns, Total: 9822541 ns
[2020-09-11T18:28:25.056+0000][1][safepoint    ] Safepoint "RevokeBias", Time since last: 2300455640 ns, Reaching safepoint: 98792 ns, At safepoint: 40074 ns, Total: 138866 ns
[2020-09-11T18:28:26.056+0000][1][safepoint    ] Safepoint "Cleanup", Time since last: 1000111209 ns, Reaching safepoint: 90268 ns, At safepoint: 22875 ns, Total: 113143 ns
[2020-09-11T18:28:27.056+0000][1][safepoint    ] Safepoint "Cleanup", Time since last: 1000116815 ns, Reaching safepoint: 86920 ns, At safepoint: 7165 ns, Total: 94085 ns
[2020-09-11T18:28:28.057+0000][1][safepoint    ] Safepoint "Cleanup", Time since last: 1000118942 ns, Reaching safepoint: 91307 ns, At safepoint: 9817 ns, Total: 101124 ns
[2020-09-11T18:28:28.417+0000][1][safepoint    ] Safepoint "RevokeBias", Time since last: 356761830 ns, Reaching safepoint: 3563449 ns, At safepoint: 29651 ns, Total: 3593100 ns
[2020-09-11T18:28:29.417+0000][1][safepoint    ] Safepoint "Cleanup", Time since last: 1000114728 ns, Reaching safepoint: 95089 ns, At safepoint: 9967 ns, Total: 105056 ns
[2020-09-11T18:28:30.417+0000][1][safepoint    ] Safepoint "Cleanup", Time since last: 1000114398 ns, Reaching safepoint: 86894 ns, At safepoint: 7241 ns, Total: 94135 ns
[2020-09-11T18:28:31.418+0000][1][safepoint    ] Safepoint "Cleanup", Time since last: 1000111165 ns, Reaching safepoint: 88975 ns, At safepoint: 9582 ns, Total: 98557 ns
[2020-09-11T18:28:32.418+0000][1][safepoint    ] Safepoint "Cleanup", Time since last: 1000113861 ns, Reaching safepoint: 87398 ns, At safepoint: 7227 ns, Total: 94625 ns
[2020-09-11T18:28:33.418+0000][1][safepoint    ] Safepoint "Cleanup", Time since last: 1000111055 ns, Reaching safepoint: 90366 ns, At safepoint: 9869 ns, Total: 100235 ns
[2020-09-11T18:28:34.418+0000][1][safepoint    ] Safepoint "Cleanup", Time since last: 1000124158 ns, Reaching safepoint: 86399 ns, At safepoint: 6778 ns, Total: 93177 ns
[2020-09-11T18:28:35.047+0000][1][safepoint    ] Safepoint "RevokeBias", Time since last: 628640296 ns, Reaching safepoint: 87432 ns, At safepoint: 23501 ns, Total: 110933 ns
[2020-09-11T18:28:36.047+0000][1][safepoint    ] Safepoint "Cleanup", Time since last: 1000105183 ns, Reaching safepoint: 88364 ns, At safepoint: 9277 ns, Total: 97641 ns
[2020-09-11T18:28:37.047+0000][1][safepoint    ] Safepoint "Cleanup", Time since last: 1000110341 ns, Reaching safepoint: 91913 ns, At safepoint: 9161 ns, Total: 101074 ns
[2020-09-11T18:28:38.048+0000][1][safepoint    ] Safepoint "Cleanup", Time since last: 1000111388 ns, Reaching safepoint: 87842 ns, At safepoint: 7129 ns, Total: 94971 ns
[2020-09-11T18:28:38.465+0000][1][safepoint    ] Safepoint "RevokeBias", Time since last: 415430689 ns, Reaching safepoint: 1893508 ns, At safepoint: 31570 ns, Total: 1925078 ns
[2020-09-11T18:28:39.465+0000][1][safepoint    ] Safepoint "Cleanup", Time since last: 1000110734 ns, Reaching safepoint: 97290 ns, At safepoint: 8481 ns, Total: 105771 ns
[2020-09-11T18:28:40.465+0000][1][safepoint    ] Safepoint "Cleanup", Time since last: 1000114842 ns, Reaching safepoint: 90630 ns, At safepoint: 7685 ns, Total: 98315 ns
[2020-09-11T18:28:41.466+0000][1][safepoint    ] Safepoint "Cleanup", Time since last: 1000115892 ns, Reaching safepoint: 90859 ns, At safepoint: 10250 ns, Total: 101109 ns
[2020-09-11T18:28:42.466+0000][1][safepoint    ] Safepoint "Cleanup", Time since last: 1000116097 ns, Reaching safepoint: 88392 ns, At safepoint: 10513 ns, Total: 98905 ns
[2020-09-11T18:28:43.466+0000][1][safepoint    ] Safepoint "Cleanup", Time since last: 1000114497 ns, Reaching safepoint: 90213 ns, At safepoint: 10013 ns, Total: 100226 ns
[2020-09-11T18:28:44.466+0000][1][safepoint    ] Safepoint "Cleanup", Time since last: 1000115699 ns, Reaching safepoint: 89893 ns, At safepoint: 7368 ns, Total: 97261 ns
[2020-09-11T18:28:44.984+0000][1][safepoint    ] Safepoint "RevokeBias", Time since last: 517530273 ns, Reaching safepoint: 90088 ns, At safepoint: 22227 ns, Total: 112315 ns
[2020-09-11T18:28:45.984+0000][1][safepoint    ] Safepoint "Cleanup", Time since last: 1000108807 ns, Reaching safepoint: 96704 ns, At safepoint: 10723 ns, Total: 107427 ns
[2020-09-11T18:28:46.984+0000][1][safepoint    ] Safepoint "Cleanup", Time since last: 1000111917 ns, Reaching safepoint: 85189 ns, At safepoint: 7466 ns, Total: 92655 ns
[2020-09-11T18:28:47.791+0000][1][gc,start     ] GC(158) Pause Young (Allocation Failure)
[2020-09-11T18:28:47.791+0000][1][gc,task      ] GC(158) Using 1 workers of 1 for evacuation
[2020-09-11T18:28:47.796+0000][1][gc,age       ] GC(158) Desired survivor size 4358144 bytes, new threshold 6 (max threshold 6)
[2020-09-11T18:28:47.796+0000][1][gc,age       ] GC(158) Age table with threshold 6 (max threshold 6)
[2020-09-11T18:28:47.796+0000][1][gc,age       ] GC(158) - age   1:      66872 bytes,      66872 total
[2020-09-11T18:28:47.796+0000][1][gc,age       ] GC(158) - age   2:        624 bytes,      67496 total
[2020-09-11T18:28:47.796+0000][1][gc,age       ] GC(158) - age   3:       2272 bytes,      69768 total
[2020-09-11T18:28:47.796+0000][1][gc,age       ] GC(158) - age   4:       6752 bytes,      76520 total
[2020-09-11T18:28:47.796+0000][1][gc,age       ] GC(158) - age   5:       1520 bytes,      78040 total
[2020-09-11T18:28:47.796+0000][1][gc,age       ] GC(158) - age   6:       1352 bytes,      79392 total
[2020-09-11T18:28:47.796+0000][1][gc,heap      ] GC(158) ParNew: 68700K->149K(76672K)
[2020-09-11T18:28:47.796+0000][1][gc,heap      ] GC(158) CMS: 80294K->80297K(439104K)
[2020-09-11T18:28:47.796+0000][1][gc,metaspace ] GC(158) Metaspace: 96817K->96817K(1138688K)
[2020-09-11T18:28:47.796+0000][1][gc           ] GC(158) Pause Young (Allocation Failure) 145M->78M(503M) 5.006ms
[2020-09-11T18:28:47.796+0000][1][gc,cpu       ] GC(158) User=0.00s Sys=0.00s Real=0.01s
[2020-09-11T18:28:47.801+0000][1][safepoint    ] Safepoint "GenCollectForAllocation", Time since last: 806779432 ns, Reaching safepoint: 155849 ns, At safepoint: 9593391 ns, Total: 9749240 ns
[2020-09-11T18:28:48.452+0000][1][safepoint    ] Safepoint "RevokeBias", Time since last: 651499264 ns, Reaching safepoint: 180568 ns, At safepoint: 21167 ns, Total: 201735 ns
[2020-09-11T18:28:49.453+0000][1][safepoint    ] Safepoint "Cleanup", Time since last: 1000145061 ns, Reaching safepoint: 85872 ns, At safepoint: 7785 ns, Total: 93657 ns
[2020-09-11T18:28:50.453+0000][1][safepoint    ] Safepoint "Cleanup", Time since last: 1000202273 ns, Reaching safepoint: 88778 ns, At safepoint: 10110 ns, Total: 98888 ns
[2020-09-11T18:28:51.453+0000][1][safepoint    ] Safepoint "Cleanup", Time since last: 1000111745 ns, Reaching safepoint: 90283 ns, At safepoint: 9695 ns, Total: 99978 ns
[2020-09-11T18:28:52.453+0000][1][safepoint    ] Safepoint "Cleanup", Time since last: 1000114987 ns, Reaching safepoint: 94945 ns, At safepoint: 10460 ns, Total: 105405 ns
[2020-09-11T18:28:53.454+0000][1][safepoint    ] Safepoint "Cleanup", Time since last: 1000112260 ns, Reaching safepoint: 95107 ns, At safepoint: 10178 ns, Total: 105285 ns
[2020-09-11T18:28:54.454+0000][1][safepoint    ] Safepoint "Cleanup", Time since last: 1000123025 ns, Reaching safepoint: 91403 ns, At safepoint: 9464 ns, Total: 100867 ns
[2020-09-11T18:28:55.007+0000][1][safepoint    ] Safepoint "RevokeBias", Time since last: 552793768 ns, Reaching safepoint: 93467 ns, At safepoint: 22111 ns, Total: 115578 ns
[2020-09-11T18:28:56.007+0000][1][safepoint    ] Safepoint "Cleanup", Time since last: 1000109133 ns, Reaching safepoint: 90932 ns, At safepoint: 10300 ns, Total: 101232 ns
[2020-09-11T18:28:57.007+0000][1][safepoint    ] Safepoint "Cleanup", Time since last: 1000111333 ns, Reaching safepoint: 86597 ns, At safepoint: 6738 ns, Total: 93335 ns
[2020-09-11T18:28:58.007+0000][1][safepoint    ] Safepoint "Cleanup", Time since last: 1000115667 ns, Reaching safepoint: 89121 ns, At safepoint: 9519 ns, Total: 98640 ns
[2020-09-11T18:28:58.465+0000][1][safepoint    ] Safepoint "RevokeBias", Time since last: 457394965 ns, Reaching safepoint: 472562 ns, At safepoint: 25407 ns, Total: 497969 ns
[2020-09-11T18:28:59.466+0000][1][safepoint    ] Safepoint "Cleanup", Time since last: 1000107824 ns, Reaching safepoint: 88797 ns, At safepoint: 9868 ns, Total: 98665 ns
[2020-09-11T18:29:00.466+0000][1][safepoint    ] Safepoint "Cleanup", Time since last: 1000106925 ns, Reaching safepoint: 85727 ns, At safepoint: 6488 ns, Total: 92215 ns
[2020-09-11T18:29:01.466+0000][1][safepoint    ] Safepoint "Cleanup", Time since last: 1000114487 ns, Reaching safepoint: 94774 ns, At safepoint: 10192 ns, Total: 104966 ns
[2020-09-11T18:29:02.466+0000][1][safepoint    ] Safepoint "Cleanup", Time since last: 1000112905 ns, Reaching safepoint: 88838 ns, At safepoint: 9479 ns, Total: 98317 ns
[2020-09-11T18:29:03.466+0000][1][safepoint    ] Safepoint "Cleanup", Time since last: 1000106421 ns, Reaching safepoint: 90104 ns, At safepoint: 8394 ns, Total: 98498 ns
[2020-09-11T18:29:04.467+0000][1][safepoint    ] Safepoint "Cleanup", Time since last: 1000106875 ns, Reaching safepoint: 86299 ns, At safepoint: 6702 ns, Total: 93001 ns
[2020-09-11T18:29:05.009+0000][1][safepoint    ] Safepoint "RevokeBias", Time since last: 542555641 ns, Reaching safepoint: 167409 ns, At safepoint: 22172 ns, Total: 189581 ns
[2020-09-11T18:29:06.010+0000][1][safepoint    ] Safepoint "Cleanup", Time since last: 1000108288 ns, Reaching safepoint: 87118 ns, At safepoint: 7197 ns, Total: 94315 ns
[2020-09-11T18:29:07.010+0000][1][safepoint    ] Safepoint "Cleanup", Time since last: 1000109444 ns, Reaching safepoint: 86486 ns, At safepoint: 7028 ns, Total: 93514 ns
[2020-09-11T18:29:08.010+0000][1][safepoint    ] Safepoint "Cleanup", Time since last: 1000110664 ns, Reaching safepoint: 88764 ns, At safepoint: 6469 ns, Total: 95233 ns
[2020-09-11T18:29:08.477+0000][1][safepoint    ] Safepoint "RevokeBias", Time since last: 466387038 ns, Reaching safepoint: 495056 ns, At safepoint: 22379 ns, Total: 517435 ns
[2020-09-11T18:29:08.480+0000][1][gc,start     ] GC(159) Pause Young (Allocation Failure)
[2020-09-11T18:29:08.480+0000][1][gc,task      ] GC(159) Using 1 workers of 1 for evacuation
[2020-09-11T18:29:08.494+0000][1][gc,age       ] GC(159) Desired survivor size 4358144 bytes, new threshold 6 (max threshold 6)
[2020-09-11T18:29:08.494+0000][1][gc,age       ] GC(159) Age table with threshold 6 (max threshold 6)
[2020-09-11T18:29:08.494+0000][1][gc,age       ] GC(159) - age   1:     261592 bytes,     261592 total
[2020-09-11T18:29:08.494+0000][1][gc,age       ] GC(159) - age   2:      18784 bytes,     280376 total
[2020-09-11T18:29:08.494+0000][1][gc,age       ] GC(159) - age   3:         48 bytes,     280424 total
[2020-09-11T18:29:08.494+0000][1][gc,age       ] GC(159) - age   4:       2176 bytes,     282600 total
[2020-09-11T18:29:08.494+0000][1][gc,age       ] GC(159) - age   5:       6752 bytes,     289352 total
[2020-09-11T18:29:08.494+0000][1][gc,age       ] GC(159) - age   6:       1520 bytes,     290872 total
[2020-09-11T18:29:08.495+0000][1][gc,heap      ] GC(159) ParNew: 68309K->332K(76672K)
[2020-09-11T18:29:08.495+0000][1][gc,heap      ] GC(159) CMS: 80297K->80298K(439104K)
[2020-09-11T18:29:08.495+0000][1][gc,metaspace ] GC(159) Metaspace: 96834K->96834K(1138688K)
[2020-09-11T18:29:08.495+0000][1][gc           ] GC(159) Pause Young (Allocation Failure) 145M->78M(503M) 14.406ms
[2020-09-11T18:29:08.495+0000][1][gc,cpu       ] GC(159) User=0.01s Sys=0.00s Real=0.02s
[2020-09-11T18:29:08.495+0000][1][safepoint    ] Safepoint "GenCollectForAllocation", Time since last: 3229646 ns, Reaching safepoint: 82485 ns, At safepoint: 14474602 ns, Total: 14557087 ns
[2020-09-11T18:29:15.047+0000][1][safepoint    ] Safepoint "RevokeBias", Time since last: 6551948670 ns, Reaching safepoint: 90641 ns, At safepoint: 22286 ns, Total: 112927 ns
[2020-09-11T18:29:18.425+0000][1][safepoint    ] Safepoint "RevokeBias", Time since last: 3376735764 ns, Reaching safepoint: 1494492 ns, At safepoint: 224680 ns, Total: 1719172 ns
[2020-09-11T18:29:24.992+0000][1][safepoint    ] Safepoint "RevokeBias", Time since last: 6566967330 ns, Reaching safepoint: 170112 ns, At safepoint: 23265 ns, Total: 193377 ns
[2020-09-11T18:29:28.429+0000][1][safepoint    ] Safepoint "RevokeBias", Time since last: 3434480453 ns, Reaching safepoint: 1540227 ns, At safepoint: 241166 ns, Total: 1781393 ns
[2020-09-11T18:29:28.513+0000][1][gc,start     ] GC(160) Pause Young (Allocation Failure)
[2020-09-11T18:29:28.513+0000][1][gc,task      ] GC(160) Using 1 workers of 1 for evacuation
[2020-09-11T18:29:28.522+0000][1][gc,age       ] GC(160) Desired survivor size 4358144 bytes, new threshold 6 (max threshold 6)
[2020-09-11T18:29:28.522+0000][1][gc,age       ] GC(160) Age table with threshold 6 (max threshold 6)
[2020-09-11T18:29:28.522+0000][1][gc,age       ] GC(160) - age   1:     628448 bytes,     628448 total
[2020-09-11T18:29:28.522+0000][1][gc,age       ] GC(160) - age   2:       6232 bytes,     634680 total
[2020-09-11T18:29:28.522+0000][1][gc,age       ] GC(160) - age   3:       1832 bytes,     636512 total
[2020-09-11T18:29:28.522+0000][1][gc,age       ] GC(160) - age   4:         48 bytes,     636560 total
[2020-09-11T18:29:28.522+0000][1][gc,age       ] GC(160) - age   5:       2176 bytes,     638736 total
[2020-09-11T18:29:28.522+0000][1][gc,age       ] GC(160) - age   6:       6752 bytes,     645488 total
[2020-09-11T18:29:28.522+0000][1][gc,heap      ] GC(160) ParNew: 68492K->689K(76672K)
[2020-09-11T18:29:28.522+0000][1][gc,heap      ] GC(160) CMS: 80298K->80299K(439104K)
[2020-09-11T18:29:28.522+0000][1][gc,metaspace ] GC(160) Metaspace: 96882K->96882K(1138688K)
[2020-09-11T18:29:28.522+0000][1][gc           ] GC(160) Pause Young (Allocation Failure) 145M->79M(503M) 9.295ms
[2020-09-11T18:29:28.522+0000][1][gc,cpu       ] GC(160) User=0.01s Sys=0.00s Real=0.01s
[2020-09-11T18:29:28.524+0000][1][safepoint    ] Safepoint "GenCollectForAllocation", Time since last: 80241630 ns, Reaching safepoint: 4056999 ns, At safepoint: 11338536 ns, Total: 15395535 ns
[2020-09-11T18:29:29.541+0000][1][safepoint    ] Safepoint "Cleanup", Time since last: 1016791778 ns, Reaching safepoint: 99404 ns, At safepoint: 27243 ns, Total: 126647 ns
[2020-09-11T18:29:35.044+0000][1][safepoint    ] Safepoint "RevokeBias", Time since last: 5502965716 ns, Reaching safepoint: 167486 ns, At safepoint: 23047 ns, Total: 190533 ns
[2020-09-11T18:29:38.457+0000][1][safepoint    ] Safepoint "BulkRevokeBias", Time since last: 3411619758 ns, Reaching safepoint: 995121 ns, At safepoint: 341075 ns, Total: 1336196 ns
[2020-09-11T18:29:38.501+0000][1][safepoint    ] Safepoint "RevokeBias", Time since last: 40293633 ns, Reaching safepoint: 3336793 ns, At safepoint: 28104 ns, Total: 3364897 ns
[2020-09-11T18:29:39.501+0000][1][safepoint    ] Safepoint "Cleanup", Time since last: 1000110123 ns, Reaching safepoint: 97970 ns, At safepoint: 10188 ns, Total: 108158 ns
[2020-09-11T18:29:44.987+0000][1][safepoint    ] Safepoint "BulkRevokeBias", Time since last: 5484995101 ns, Reaching safepoint: 166088 ns, At safepoint: 242013 ns, Total: 408101 ns
[2020-09-11T18:29:48.405+0000][1][safepoint    ] Safepoint "RevokeBias", Time since last: 3418150128 ns, Reaching safepoint: 197526 ns, At safepoint: 22352 ns, Total: 219878 ns
[2020-09-11T18:29:52.865+0000][1][gc,start     ] GC(161) Pause Young (Allocation Failure)
[2020-09-11T18:29:52.865+0000][1][gc,task      ] GC(161) Using 1 workers of 1 for evacuation
[2020-09-11T18:29:52.873+0000][1][gc,age       ] GC(161) Desired survivor size 4358144 bytes, new threshold 6 (max threshold 6)
[2020-09-11T18:29:52.873+0000][1][gc,age       ] GC(161) Age table with threshold 6 (max threshold 6)
[2020-09-11T18:29:52.873+0000][1][gc,age       ] GC(161) - age   1:      64784 bytes,      64784 total
[2020-09-11T18:29:52.873+0000][1][gc,age       ] GC(161) - age   2:      24352 bytes,      89136 total
[2020-09-11T18:29:52.873+0000][1][gc,age       ] GC(161) - age   3:       3776 bytes,      92912 total
[2020-09-11T18:29:52.873+0000][1][gc,age       ] GC(161) - age   4:       1832 bytes,      94744 total
[2020-09-11T18:29:52.873+0000][1][gc,age       ] GC(161) - age   5:         48 bytes,      94792 total
[2020-09-11T18:29:52.873+0000][1][gc,age       ] GC(161) - age   6:       2176 bytes,      96968 total
[2020-09-11T18:29:52.873+0000][1][gc,heap      ] GC(161) ParNew: 68849K->530K(76672K)
[2020-09-11T18:29:52.873+0000][1][gc,heap      ] GC(161) CMS: 80299K->80306K(439104K)
[2020-09-11T18:29:52.873+0000][1][gc,metaspace ] GC(161) Metaspace: 96889K->96889K(1138688K)
[2020-09-11T18:29:52.873+0000][1][gc           ] GC(161) Pause Young (Allocation Failure) 145M->78M(503M) 8.322ms
[2020-09-11T18:29:52.873+0000][1][gc,cpu       ] GC(161) User=0.01s Sys=0.00s Real=0.01s
[2020-09-11T18:29:52.873+0000][1][safepoint    ] Safepoint "GenCollectForAllocation", Time since last: 4455758068 ns, Reaching safepoint: 4038842 ns, At safepoint: 8438580 ns, Total: 12477422 ns
[2020-09-11T18:29:54.991+0000][1][safepoint    ] Safepoint "RevokeBias", Time since last: 2117663239 ns, Reaching safepoint: 92741 ns, At safepoint: 35416 ns, Total: 128157 ns
[2020-09-11T18:29:58.421+0000][1][safepoint    ] Safepoint "RevokeBias", Time since last: 3429117400 ns, Reaching safepoint: 841604 ns, At safepoint: 22504 ns, Total: 864108 ns
[2020-09-11T18:29:59.421+0000][1][safepoint    ] Safepoint "Cleanup", Time since last: 1000117334 ns, Reaching safepoint: 93566 ns, At safepoint: 7533 ns, Total: 101099 ns
[2020-09-11T18:30:04.996+0000][1][safepoint    ] Safepoint "RevokeBias", Time since last: 5575067655 ns, Reaching safepoint: 167853 ns, At safepoint: 23468 ns, Total: 191321 ns
[2020-09-11T18:30:08.421+0000][1][safepoint    ] Safepoint "RevokeBias", Time since last: 3417953223 ns, Reaching safepoint: 6607709 ns, At safepoint: 259538 ns, Total: 6867247 ns
[2020-09-11T18:30:11.422+0000][1][safepoint    ] Safepoint "Cleanup", Time since last: 3000255013 ns, Reaching safepoint: 89810 ns, At safepoint: 7294 ns, Total: 97104 ns
[2020-09-11T18:30:14.422+0000][1][safepoint    ] Safepoint "Cleanup", Time since last: 3000281588 ns, Reaching safepoint: 100303 ns, At safepoint: 10753 ns, Total: 111056 ns
[2020-09-11T18:30:14.996+0000][1][safepoint    ] Safepoint "RevokeBias", Time since last: 574195304 ns, Reaching safepoint: 181181 ns, At safepoint: 26285 ns, Total: 207466 ns
[2020-09-11T18:30:16.997+0000][1][safepoint    ] Safepoint "Cleanup", Time since last: 2000191033 ns, Reaching safepoint: 95275 ns, At safepoint: 11115 ns, Total: 106390 ns
[2020-09-11T18:30:17.537+0000][1][gc,start     ] GC(162) Pause Young (Allocation Failure)
[2020-09-11T18:30:17.537+0000][1][gc,task      ] GC(162) Using 1 workers of 1 for evacuation
[2020-09-11T18:30:17.553+0000][1][gc,age       ] GC(162) Desired survivor size 4358144 bytes, new threshold 6 (max threshold 6)
[2020-09-11T18:30:17.553+0000][1][gc,age       ] GC(162) Age table with threshold 6 (max threshold 6)
[2020-09-11T18:30:17.553+0000][1][gc,age       ] GC(162) - age   1:      62192 bytes,      62192 total
[2020-09-11T18:30:17.553+0000][1][gc,age       ] GC(162) - age   2:      18000 bytes,      80192 total
[2020-09-11T18:30:17.553+0000][1][gc,age       ] GC(162) - age   3:      21304 bytes,     101496 total
[2020-09-11T18:30:17.553+0000][1][gc,age       ] GC(162) - age   4:       3488 bytes,     104984 total
[2020-09-11T18:30:17.553+0000][1][gc,age       ] GC(162) - age   5:       1832 bytes,     106816 total
[2020-09-11T18:30:17.553+0000][1][gc,age       ] GC(162) - age   6:         48 bytes,     106864 total
[2020-09-11T18:30:17.553+0000][1][gc,heap      ] GC(162) ParNew: 68690K->150K(76672K)
[2020-09-11T18:30:17.553+0000][1][gc,heap      ] GC(162) CMS: 80306K->80308K(439104K)
[2020-09-11T18:30:17.553+0000][1][gc,metaspace ] GC(162) Metaspace: 97072K->97072K(1138688K)
[2020-09-11T18:30:17.553+0000][1][gc           ] GC(162) Pause Young (Allocation Failure) 145M->78M(503M) 16.127ms
[2020-09-11T18:30:17.553+0000][1][gc,cpu       ] GC(162) User=0.01s Sys=0.00s Real=0.02s
[2020-09-11T18:30:17.553+0000][1][safepoint    ] Safepoint "GenCollectForAllocation", Time since last: 540184533 ns, Reaching safepoint: 156814 ns, At safepoint: 16197641 ns, Total: 16354455 ns
[2020-09-11T18:30:18.418+0000][1][safepoint    ] Safepoint "RevokeBias", Time since last: 864809937 ns, Reaching safepoint: 238683 ns, At safepoint: 247709 ns, Total: 486392 ns
[2020-09-11T18:30:19.419+0000][1][safepoint    ] Safepoint "Cleanup", Time since last: 1000117372 ns, Reaching safepoint: 99268 ns, At safepoint: 10225 ns, Total: 109493 ns
[2020-09-11T18:30:25.041+0000][1][safepoint    ] Safepoint "RevokeBias", Time since last: 5621716774 ns, Reaching safepoint: 99240 ns, At safepoint: 27823 ns, Total: 127063 ns
[2020-09-11T18:30:26.041+0000][1][safepoint    ] Safepoint "Cleanup", Time since last: 1000105633 ns, Reaching safepoint: 98332 ns, At safepoint: 24180 ns, Total: 122512 ns
[2020-09-11T18:30:28.429+0000][1][safepoint    ] Safepoint "RevokeBias", Time since last: 2384058583 ns, Reaching safepoint: 4061717 ns, At safepoint: 32611 ns, Total: 4094328 ns
[2020-09-11T18:30:35.005+0000][1][safepoint    ] Safepoint "RevokeBias", Time since last: 6576039771 ns, Reaching safepoint: 98679 ns, At safepoint: 22876 ns, Total: 121555 ns
[2020-09-11T18:30:38.361+0000][1][gc,start     ] GC(163) Pause Young (Allocation Failure)
[2020-09-11T18:30:38.361+0000][1][gc,task      ] GC(163) Using 1 workers of 1 for evacuation
[2020-09-11T18:30:38.373+0000][1][gc,age       ] GC(163) Desired survivor size 4358144 bytes, new threshold 6 (max threshold 6)
[2020-09-11T18:30:38.373+0000][1][gc,age       ] GC(163) Age table with threshold 6 (max threshold 6)
[2020-09-11T18:30:38.373+0000][1][gc,age       ] GC(163) - age   1:     182832 bytes,     182832 total
[2020-09-11T18:30:38.373+0000][1][gc,age       ] GC(163) - age   2:       6392 bytes,     189224 total
[2020-09-11T18:30:38.373+0000][1][gc,age       ] GC(163) - age   3:       2000 bytes,     191224 total
[2020-09-11T18:30:38.373+0000][1][gc,age       ] GC(163) - age   4:      21304 bytes,     212528 total
[2020-09-11T18:30:38.373+0000][1][gc,age       ] GC(163) - age   5:       3488 bytes,     216016 total
[2020-09-11T18:30:38.373+0000][1][gc,age       ] GC(163) - age   6:       1832 bytes,     217848 total
[2020-09-11T18:30:38.373+0000][1][gc,heap      ] GC(163) ParNew: 68310K->231K(76672K)
[2020-09-11T18:30:38.373+0000][1][gc,heap      ] GC(163) CMS: 80308K->80308K(439104K)
[2020-09-11T18:30:38.373+0000][1][gc,metaspace ] GC(163) Metaspace: 97073K->97073K(1138688K)
[2020-09-11T18:30:38.373+0000][1][gc           ] GC(163) Pause Young (Allocation Failure) 145M->78M(503M) 12.014ms
[2020-09-11T18:30:38.373+0000][1][gc,cpu       ] GC(163) User=0.01s Sys=0.00s Real=0.01s
[2020-09-11T18:30:38.373+0000][1][safepoint    ] Safepoint "GenCollectForAllocation", Time since last: 3352531520 ns, Reaching safepoint: 3243769 ns, At safepoint: 12086297 ns, Total: 15330066 ns
[2020-09-11T18:30:38.456+0000][1][safepoint    ] Safepoint "RevokeBias", Time since last: 82697967 ns, Reaching safepoint: 224486 ns, At safepoint: 266276 ns, Total: 490762 ns
[2020-09-11T18:30:39.456+0000][1][safepoint    ] Safepoint "Cleanup", Time since last: 1000112417 ns, Reaching safepoint: 99657 ns, At safepoint: 10058 ns, Total: 109715 ns
[2020-09-11T18:30:44.457+0000][1][safepoint    ] Safepoint "Cleanup", Time since last: 5000420026 ns, Reaching safepoint: 99241 ns, At safepoint: 10079 ns, Total: 109320 ns
[2020-09-11T18:30:44.987+0000][1][safepoint    ] Safepoint "RevokeBias", Time since last: 530412385 ns, Reaching safepoint: 167686 ns, At safepoint: 22671 ns, Total: 190357 ns
[2020-09-11T18:30:48.405+0000][1][safepoint    ] Safepoint "RevokeBias", Time since last: 3415516451 ns, Reaching safepoint: 1883564 ns, At safepoint: 49986 ns, Total: 1933550 ns
[2020-09-11T18:30:49.405+0000][1][safepoint    ] Safepoint "Cleanup", Time since last: 1000108962 ns, Reaching safepoint: 95688 ns, At safepoint: 10390 ns, Total: 106078 ns
[2020-09-11T18:30:55.055+0000][1][safepoint    ] Safepoint "RevokeBias", Time since last: 5649581151 ns, Reaching safepoint: 165420 ns, At safepoint: 23905 ns, Total: 189325 ns
[2020-09-11T18:30:56.055+0000][1][safepoint    ] Safepoint "Cleanup", Time since last: 1000111096 ns, Reaching safepoint: 94017 ns, At safepoint: 7785 ns, Total: 101802 ns
[2020-09-11T18:30:58.409+0000][1][safepoint    ] Safepoint "RevokeBias", Time since last: 2350626599 ns, Reaching safepoint: 3112346 ns, At safepoint: 28691 ns, Total: 3141037 ns
[2020-09-11T18:30:58.449+0000][1][gc,start     ] GC(164) Pause Young (Allocation Failure)
[2020-09-11T18:30:58.449+0000][1][gc,task      ] GC(164) Using 1 workers of 1 for evacuation
[2020-09-11T18:30:58.457+0000][1][gc,age       ] GC(164) Desired survivor size 4358144 bytes, new threshold 6 (max threshold 6)
[2020-09-11T18:30:58.457+0000][1][gc,age       ] GC(164) Age table with threshold 6 (max threshold 6)
[2020-09-11T18:30:58.457+0000][1][gc,age       ] GC(164) - age   1:     596000 bytes,     596000 total
[2020-09-11T18:30:58.457+0000][1][gc,age       ] GC(164) - age   2:       5032 bytes,     601032 total
[2020-09-11T18:30:58.457+0000][1][gc,age       ] GC(164) - age   3:       2648 bytes,     603680 total
[2020-09-11T18:30:58.457+0000][1][gc,age       ] GC(164) - age   4:       2000 bytes,     605680 total
[2020-09-11T18:30:58.457+0000][1][gc,age       ] GC(164) - age   5:      21304 bytes,     626984 total
[2020-09-11T18:30:58.457+0000][1][gc,age       ] GC(164) - age   6:       3488 bytes,     630472 total
[2020-09-11T18:30:58.457+0000][1][gc,heap      ] GC(164) ParNew: 68391K->754K(76672K)
[2020-09-11T18:30:58.457+0000][1][gc,heap      ] GC(164) CMS: 80308K->80310K(439104K)
[2020-09-11T18:30:58.457+0000][1][gc,metaspace ] GC(164) Metaspace: 97077K->97077K(1138688K)
[2020-09-11T18:30:58.457+0000][1][gc           ] GC(164) Pause Young (Allocation Failure) 145M->79M(503M) 8.324ms
[2020-09-11T18:30:58.457+0000][1][gc,cpu       ] GC(164) User=0.01s Sys=0.00s Real=0.01s
[2020-09-11T18:30:58.457+0000][1][safepoint    ] Safepoint "GenCollectForAllocation", Time since last: 35948407 ns, Reaching safepoint: 4012572 ns, At safepoint: 8397411 ns, Total: 12409983 ns
[2020-09-11T18:31:05.065+0000][1][safepoint    ] Safepoint "RevokeBias", Time since last: 6607632963 ns, Reaching safepoint: 167134 ns, At safepoint: 23598 ns, Total: 190732 ns
[2020-09-11T18:31:08.459+0000][1][safepoint    ] Safepoint "RevokeBias", Time since last: 3392077908 ns, Reaching safepoint: 2285884 ns, At safepoint: 24980 ns, Total: 2310864 ns
[2020-09-11T18:31:14.996+0000][1][safepoint    ] Safepoint "RevokeBias", Time since last: 6536369167 ns, Reaching safepoint: 172941 ns, At safepoint: 26962 ns, Total: 199903 ns
[2020-09-11T18:31:18.421+0000][1][safepoint    ] Safepoint "RevokeBias", Time since last: 3424290064 ns, Reaching safepoint: 531523 ns, At safepoint: 23349 ns, Total: 554872 ns
[2020-09-11T18:31:22.974+0000][1][gc,start     ] GC(165) Pause Young (Allocation Failure)
[2020-09-11T18:31:22.974+0000][1][gc,task      ] GC(165) Using 1 workers of 1 for evacuation
[2020-09-11T18:31:22.983+0000][1][gc,age       ] GC(165) Desired survivor size 4358144 bytes, new threshold 6 (max threshold 6)
[2020-09-11T18:31:22.983+0000][1][gc,age       ] GC(165) Age table with threshold 6 (max threshold 6)
[2020-09-11T18:31:22.983+0000][1][gc,age       ] GC(165) - age   1:      67296 bytes,      67296 total
[2020-09-11T18:31:22.983+0000][1][gc,age       ] GC(165) - age   2:      13136 bytes,      80432 total
[2020-09-11T18:31:22.983+0000][1][gc,age       ] GC(165) - age   3:       2576 bytes,      83008 total
[2020-09-11T18:31:22.983+0000][1][gc,age       ] GC(165) - age   4:       2456 bytes,      85464 total
[2020-09-11T18:31:22.983+0000][1][gc,age       ] GC(165) - age   5:       2000 bytes,      87464 total
[2020-09-11T18:31:22.983+0000][1][gc,age       ] GC(165) - age   6:      21304 bytes,     108768 total
[2020-09-11T18:31:22.983+0000][1][gc,heap      ] GC(165) ParNew: 68914K->508K(76672K)
[2020-09-11T18:31:22.983+0000][1][gc,heap      ] GC(165) CMS: 80310K->80314K(439104K)
[2020-09-11T18:31:22.983+0000][1][gc,metaspace ] GC(165) Metaspace: 97077K->97077K(1138688K)
[2020-09-11T18:31:22.983+0000][1][gc           ] GC(165) Pause Young (Allocation Failure) 145M->78M(503M) 9.095ms
[2020-09-11T18:31:22.983+0000][1][gc,cpu       ] GC(165) User=0.01s Sys=0.00s Real=0.01s
[2020-09-11T18:31:22.983+0000][1][safepoint    ] Safepoint "GenCollectForAllocation", Time since last: 4552535839 ns, Reaching safepoint: 169890 ns, At safepoint: 9169847 ns, Total: 9339737 ns
[2020-09-11T18:31:24.990+0000][1][safepoint    ] Safepoint "Cleanup", Time since last: 2006766799 ns, Reaching safepoint: 205358 ns, At safepoint: 19872 ns, Total: 225230 ns
[2020-09-11T18:31:25.053+0000][1][safepoint    ] Safepoint "RevokeBias", Time since last: 63456572 ns, Reaching safepoint: 89638 ns, At safepoint: 35569 ns, Total: 125207 ns
[2020-09-11T18:31:26.054+0000][1][safepoint    ] Safepoint "Cleanup", Time since last: 1000102931 ns, Reaching safepoint: 89839 ns, At safepoint: 22296 ns, Total: 112135 ns
[2020-09-11T18:31:27.054+0000][1][safepoint    ] Safepoint "Cleanup", Time since last: 1000103747 ns, Reaching safepoint: 88436 ns, At safepoint: 19712 ns, Total: 108148 ns
[2020-09-11T18:31:28.054+0000][1][safepoint    ] Safepoint "Cleanup", Time since last: 1000113251 ns, Reaching safepoint: 86832 ns, At safepoint: 7094 ns, Total: 93926 ns
[2020-09-11T18:31:28.415+0000][1][safepoint    ] Safepoint "RevokeBias", Time since last: 359885639 ns, Reaching safepoint: 1097646 ns, At safepoint: 23931 ns, Total: 1121577 ns
[2020-09-11T18:31:29.415+0000][1][safepoint    ] Safepoint "Cleanup", Time since last: 1000114474 ns, Reaching safepoint: 91859 ns, At safepoint: 10173 ns, Total: 102032 ns
[2020-09-11T18:31:30.415+0000][1][safepoint    ] Safepoint "Cleanup", Time since last: 1000119170 ns, Reaching safepoint: 88811 ns, At safepoint: 9801 ns, Total: 98612 ns
[2020-09-11T18:31:31.416+0000][1][safepoint    ] Safepoint "Cleanup", Time since last: 1000115723 ns, Reaching safepoint: 89672 ns, At safepoint: 9301 ns, Total: 98973 ns
[2020-09-11T18:31:32.416+0000][1][safepoint    ] Safepoint "Cleanup", Time since last: 1000140609 ns, Reaching safepoint: 93012 ns, At safepoint: 8767 ns, Total: 101779 ns
[2020-09-11T18:31:33.416+0000][1][safepoint    ] Safepoint "Cleanup", Time since last: 1000120623 ns, Reaching safepoint: 89156 ns, At safepoint: 9982 ns, Total: 99138 ns
[2020-09-11T18:31:34.416+0000][1][safepoint    ] Safepoint "Cleanup", Time since last: 1000106997 ns, Reaching safepoint: 90748 ns, At safepoint: 8886 ns, Total: 99634 ns
[2020-09-11T18:31:35.002+0000][1][safepoint    ] Safepoint "RevokeBias", Time since last: 585620044 ns, Reaching safepoint: 88951 ns, At safepoint: 24499 ns, Total: 113450 ns
[2020-09-11T18:31:36.002+0000][1][safepoint    ] Safepoint "Cleanup", Time since last: 1000102871 ns, Reaching safepoint: 86259 ns, At safepoint: 7824 ns, Total: 94083 ns
[2020-09-11T18:31:37.002+0000][1][safepoint    ] Safepoint "Cleanup", Time since last: 1000104522 ns, Reaching safepoint: 87555 ns, At safepoint: 7950 ns, Total: 95505 ns
[2020-09-11T18:31:38.014+0000][1][safepoint    ] Safepoint "Cleanup", Time since last: 1011817224 ns, Reaching safepoint: 169619 ns, At safepoint: 7384 ns, Total: 177003 ns
[2020-09-11T18:31:38.436+0000][1][safepoint    ] Safepoint "RevokeBias", Time since last: 421801128 ns, Reaching safepoint: 88168 ns, At safepoint: 20218 ns, Total: 108386 ns
[2020-09-11T18:31:39.437+0000][1][safepoint    ] Safepoint "Cleanup", Time since last: 1000112863 ns, Reaching safepoint: 92823 ns, At safepoint: 10417 ns, Total: 103240 ns
[2020-09-11T18:31:40.437+0000][1][safepoint    ] Safepoint "Cleanup", Time since last: 1000118244 ns, Reaching safepoint: 109730 ns, At safepoint: 8357 ns, Total: 118087 ns
[2020-09-11T18:31:41.437+0000][1][safepoint    ] Safepoint "Cleanup", Time since last: 1000107469 ns, Reaching safepoint: 91892 ns, At safepoint: 9485 ns, Total: 101377 ns
[2020-09-11T18:31:42.437+0000][1][safepoint    ] Safepoint "Cleanup", Time since last: 1000114630 ns, Reaching safepoint: 89570 ns, At safepoint: 7854 ns, Total: 97424 ns
[2020-09-11T18:31:43.437+0000][1][safepoint    ] Safepoint "Cleanup", Time since last: 1000114674 ns, Reaching safepoint: 91799 ns, At safepoint: 8757 ns, Total: 100556 ns
[2020-09-11T18:31:44.438+0000][1][safepoint    ] Safepoint "Cleanup", Time since last: 1000109571 ns, Reaching safepoint: 90929 ns, At safepoint: 9786 ns, Total: 100715 ns
[2020-09-11T18:31:44.994+0000][1][safepoint    ] Safepoint "RevokeBias", Time since last: 556239009 ns, Reaching safepoint: 171461 ns, At safepoint: 22241 ns, Total: 193702 ns
[2020-09-11T18:31:45.994+0000][1][safepoint    ] Safepoint "Cleanup", Time since last: 1000104179 ns, Reaching safepoint: 92324 ns, At safepoint: 9057 ns, Total: 101381 ns
[2020-09-11T18:31:46.994+0000][1][safepoint    ] Safepoint "Cleanup", Time since last: 1000116486 ns, Reaching safepoint: 90379 ns, At safepoint: 10130 ns, Total: 100509 ns
[2020-09-11T18:31:47.617+0000][1][gc,start     ] GC(166) Pause Young (Allocation Failure)
[2020-09-11T18:31:47.617+0000][1][gc,task      ] GC(166) Using 1 workers of 1 for evacuation
[2020-09-11T18:31:47.625+0000][1][gc,age       ] GC(166) Desired survivor size 4358144 bytes, new threshold 6 (max threshold 6)
[2020-09-11T18:31:47.625+0000][1][gc,age       ] GC(166) Age table with threshold 6 (max threshold 6)
[2020-09-11T18:31:47.625+0000][1][gc,age       ] GC(166) - age   1:      63624 bytes,      63624 total
[2020-09-11T18:31:47.625+0000][1][gc,age       ] GC(166) - age   2:      22952 bytes,      86576 total
[2020-09-11T18:31:47.625+0000][1][gc,age       ] GC(166) - age   3:      10432 bytes,      97008 total
[2020-09-11T18:31:47.625+0000][1][gc,age       ] GC(166) - age   4:       2576 bytes,      99584 total
[2020-09-11T18:31:47.625+0000][1][gc,age       ] GC(166) - age   5:       2456 bytes,     102040 total
[2020-09-11T18:31:47.625+0000][1][gc,age       ] GC(166) - age   6:       2000 bytes,     104040 total
[2020-09-11T18:31:47.625+0000][1][gc,heap      ] GC(166) ParNew: 68668K->153K(76672K)
[2020-09-11T18:31:47.625+0000][1][gc,heap      ] GC(166) CMS: 80314K->80334K(439104K)
[2020-09-11T18:31:47.625+0000][1][gc,metaspace ] GC(166) Metaspace: 97084K->97084K(1138688K)
[2020-09-11T18:31:47.625+0000][1][gc           ] GC(166) Pause Young (Allocation Failure) 145M->78M(503M) 8.159ms
[2020-09-11T18:31:47.625+0000][1][gc,cpu       ] GC(166) User=0.00s Sys=0.00s Real=0.01s
[2020-09-11T18:31:47.625+0000][1][safepoint    ] Safepoint "GenCollectForAllocation", Time since last: 619454651 ns, Reaching safepoint: 2938187 ns, At safepoint: 8277314 ns, Total: 11215501 ns
[2020-09-11T18:31:48.415+0000][1][safepoint    ] Safepoint "RevokeBias", Time since last: 789312014 ns, Reaching safepoint: 268272 ns, At safepoint: 206477 ns, Total: 474749 ns
[2020-09-11T18:31:49.415+0000][1][safepoint    ] Safepoint "Cleanup", Time since last: 1000112057 ns, Reaching safepoint: 89079 ns, At safepoint: 9562 ns, Total: 98641 ns
[2020-09-11T18:31:50.415+0000][1][safepoint    ] Safepoint "Cleanup", Time since last: 1000111238 ns, Reaching safepoint: 91222 ns, At safepoint: 9409 ns, Total: 100631 ns
[2020-09-11T18:31:51.416+0000][1][safepoint    ] Safepoint "Cleanup", Time since last: 1000113794 ns, Reaching safepoint: 92896 ns, At safepoint: 9682 ns, Total: 102578 ns
[2020-09-11T18:31:52.416+0000][1][safepoint    ] Safepoint "Cleanup", Time since last: 1000109392 ns, Reaching safepoint: 89021 ns, At safepoint: 8676 ns, Total: 97697 ns
[2020-09-11T18:31:53.416+0000][1][safepoint    ] Safepoint "Cleanup", Time since last: 1000106197 ns, Reaching safepoint: 88259 ns, At safepoint: 6654 ns, Total: 94913 ns
[2020-09-11T18:31:54.416+0000][1][safepoint    ] Safepoint "Cleanup", Time since last: 1000108419 ns, Reaching safepoint: 85933 ns, At safepoint: 7342 ns, Total: 93275 ns
[2020-09-11T18:31:55.050+0000][1][safepoint    ] Safepoint "RevokeBias", Time since last: 633698831 ns, Reaching safepoint: 173264 ns, At safepoint: 27589 ns, Total: 200853 ns
[2020-09-11T18:31:56.050+0000][1][safepoint    ] Safepoint "Cleanup", Time since last: 1000106766 ns, Reaching safepoint: 90894 ns, At safepoint: 10237 ns, Total: 101131 ns
[2020-09-11T18:31:57.051+0000][1][safepoint    ] Safepoint "Cleanup", Time since last: 1000112836 ns, Reaching safepoint: 90944 ns, At safepoint: 7832 ns, Total: 98776 ns
[2020-09-11T18:31:58.053+0000][1][safepoint    ] Safepoint "Cleanup", Time since last: 1002267581 ns, Reaching safepoint: 85002 ns, At safepoint: 6833 ns, Total: 91835 ns
[2020-09-11T18:31:58.429+0000][1][safepoint    ] Safepoint "RevokeBias", Time since last: 375245339 ns, Reaching safepoint: 729600 ns, At safepoint: 27173 ns, Total: 756773 ns
[2020-09-11T18:31:59.429+0000][1][safepoint    ] Safepoint "Cleanup", Time since last: 1000113584 ns, Reaching safepoint: 87629 ns, At safepoint: 7095 ns, Total: 94724 ns
[2020-09-11T18:32:00.429+0000][1][safepoint    ] Safepoint "Cleanup", Time since last: 1000109560 ns, Reaching safepoint: 89664 ns, At safepoint: 7025 ns, Total: 96689 ns
[2020-09-11T18:32:01.429+0000][1][safepoint    ] Safepoint "Cleanup", Time since last: 1000110120 ns, Reaching safepoint: 91654 ns, At safepoint: 9126 ns, Total: 100780 ns
[2020-09-11T18:32:02.430+0000][1][safepoint    ] Safepoint "Cleanup", Time since last: 1000110334 ns, Reaching safepoint: 91416 ns, At safepoint: 8835 ns, Total: 100251 ns
[2020-09-11T18:32:03.430+0000][1][safepoint    ] Safepoint "Cleanup", Time since last: 1000114236 ns, Reaching safepoint: 104166 ns, At safepoint: 8536 ns, Total: 112702 ns
[2020-09-11T18:32:04.430+0000][1][safepoint    ] Safepoint "Cleanup", Time since last: 1000121426 ns, Reaching safepoint: 91474 ns, At safepoint: 10574 ns, Total: 102048 ns
[2020-09-11T18:32:05.073+0000][1][safepoint    ] Safepoint "RevokeBias", Time since last: 642343887 ns, Reaching safepoint: 165840 ns, At safepoint: 22978 ns, Total: 188818 ns
[2020-09-11T18:32:06.073+0000][1][safepoint    ] Safepoint "Cleanup", Time since last: 1000185593 ns, Reaching safepoint: 100294 ns, At safepoint: 10584 ns, Total: 110878 ns
[2020-09-11T18:32:07.073+0000][1][safepoint    ] Safepoint "Cleanup", Time since last: 1000111961 ns, Reaching safepoint: 90856 ns, At safepoint: 9338 ns, Total: 100194 ns
[2020-09-11T18:32:08.073+0000][1][safepoint    ] Safepoint "Cleanup", Time since last: 1000113847 ns, Reaching safepoint: 90081 ns, At safepoint: 7437 ns, Total: 97518 ns
[2020-09-11T18:32:08.417+0000][1][safepoint    ] Safepoint "RevokeBias", Time since last: 339772352 ns, Reaching safepoint: 3753019 ns, At safepoint: 29579 ns, Total: 3782598 ns
[2020-09-11T18:32:08.419+0000][1][gc,start     ] GC(167) Pause Young (Allocation Failure)
[2020-09-11T18:32:08.419+0000][1][gc,task      ] GC(167) Using 1 workers of 1 for evacuation
[2020-09-11T18:32:08.428+0000][1][gc,age       ] GC(167) Desired survivor size 4358144 bytes, new threshold 6 (max threshold 6)
[2020-09-11T18:32:08.428+0000][1][gc,age       ] GC(167) Age table with threshold 6 (max threshold 6)
[2020-09-11T18:32:08.428+0000][1][gc,age       ] GC(167) - age   1:     348728 bytes,     348728 total
[2020-09-11T18:32:08.428+0000][1][gc,age       ] GC(167) - age   2:       4512 bytes,     353240 total
[2020-09-11T18:32:08.428+0000][1][gc,age       ] GC(167) - age   3:       4648 bytes,     357888 total
[2020-09-11T18:32:08.428+0000][1][gc,age       ] GC(167) - age   4:      10336 bytes,     368224 total
[2020-09-11T18:32:08.428+0000][1][gc,age       ] GC(167) - age   5:       2576 bytes,     370800 total
[2020-09-11T18:32:08.428+0000][1][gc,age       ] GC(167) - age   6:       2144 bytes,     372944 total
[2020-09-11T18:32:08.428+0000][1][gc,heap      ] GC(167) ParNew: 68313K->458K(76672K)
[2020-09-11T18:32:08.428+0000][1][gc,heap      ] GC(167) CMS: 80334K->80336K(439104K)
[2020-09-11T18:32:08.428+0000][1][gc,metaspace ] GC(167) Metaspace: 97086K->97086K(1138688K)
[2020-09-11T18:32:08.428+0000][1][gc           ] GC(167) Pause Young (Allocation Failure) 145M->78M(503M) 9.041ms
[2020-09-11T18:32:08.428+0000][1][gc,cpu       ] GC(167) User=0.00s Sys=0.00s Real=0.01s
[2020-09-11T18:32:08.428+0000][1][safepoint    ] Safepoint "GenCollectForAllocation", Time since last: 1578634 ns, Reaching safepoint: 189520 ns, At safepoint: 9743324 ns, Total: 9932844 ns
[2020-09-11T18:32:09.442+0000][1][safepoint    ] Safepoint "Cleanup", Time since last: 1013547287 ns, Reaching safepoint: 92226 ns, At safepoint: 8570 ns, Total: 100796 ns
[2020-09-11T18:32:10.442+0000][1][safepoint    ] Safepoint "Cleanup", Time since last: 1000113246 ns, Reaching safepoint: 87384 ns, At safepoint: 7188 ns, Total: 94572 ns
[2020-09-11T18:32:11.443+0000][1][safepoint    ] Safepoint "Cleanup", Time since last: 1000111638 ns, Reaching safepoint: 90221 ns, At safepoint: 9855 ns, Total: 100076 ns
[2020-09-11T18:32:12.443+0000][1][safepoint    ] Safepoint "Cleanup", Time since last: 1000114178 ns, Reaching safepoint: 91217 ns, At safepoint: 9289 ns, Total: 100506 ns
[2020-09-11T18:32:13.443+0000][1][safepoint    ] Safepoint "Cleanup", Time since last: 1000113251 ns, Reaching safepoint: 116131 ns, At safepoint: 10521 ns, Total: 126652 ns
[2020-09-11T18:32:14.443+0000][1][safepoint    ] Safepoint "Cleanup", Time since last: 1000114628 ns, Reaching safepoint: 91155 ns, At safepoint: 9185 ns, Total: 100340 ns
[2020-09-11T18:32:14.998+0000][1][safepoint    ] Safepoint "RevokeBias", Time since last: 554452699 ns, Reaching safepoint: 167058 ns, At safepoint: 23466 ns, Total: 190524 ns
[2020-09-11T18:32:15.998+0000][1][safepoint    ] Safepoint "Cleanup", Time since last: 1000110829 ns, Reaching safepoint: 93613 ns, At safepoint: 9931 ns, Total: 103544 ns
[2020-09-11T18:32:16.998+0000][1][safepoint    ] Safepoint "Cleanup", Time since last: 1000108946 ns, Reaching safepoint: 93474 ns, At safepoint: 8891 ns, Total: 102365 ns
[2020-09-11T18:32:17.998+0000][1][safepoint    ] Safepoint "Cleanup", Time since last: 1000106359 ns, Reaching safepoint: 88697 ns, At safepoint: 7098 ns, Total: 95795 ns
[2020-09-11T18:32:18.418+0000][1][safepoint    ] Safepoint "RevokeBias", Time since last: 419494204 ns, Reaching safepoint: 192830 ns, At safepoint: 42173 ns, Total: 235003 ns
[2020-09-11T18:32:19.418+0000][1][safepoint    ] Safepoint "Cleanup", Time since last: 1000106231 ns, Reaching safepoint: 101156 ns, At safepoint: 10154 ns, Total: 111310 ns
[2020-09-11T18:32:20.419+0000][1][safepoint    ] Safepoint "Cleanup", Time since last: 1000123078 ns, Reaching safepoint: 89949 ns, At safepoint: 10351 ns, Total: 100300 ns
[2020-09-11T18:32:21.419+0000][1][safepoint    ] Safepoint "Cleanup", Time since last: 1000127007 ns, Reaching safepoint: 92602 ns, At safepoint: 10535 ns, Total: 103137 ns
[2020-09-11T18:32:22.419+0000][1][safepoint    ] Safepoint "Cleanup", Time since last: 1000136125 ns, Reaching safepoint: 88442 ns, At safepoint: 9886 ns, Total: 98328 ns
[2020-09-11T18:32:23.419+0000][1][safepoint    ] Safepoint "Cleanup", Time since last: 1000136121 ns, Reaching safepoint: 93595 ns, At safepoint: 6926 ns, Total: 100521 ns
[2020-09-11T18:32:24.420+0000][1][safepoint    ] Safepoint "Cleanup", Time since last: 1000112901 ns, Reaching safepoint: 91857 ns, At safepoint: 9134 ns, Total: 100991 ns
[2020-09-11T18:32:25.019+0000][1][safepoint    ] Safepoint "RevokeBias", Time since last: 599366095 ns, Reaching safepoint: 165411 ns, At safepoint: 22651 ns, Total: 188062 ns
[2020-09-11T18:32:26.019+0000][1][safepoint    ] Safepoint "Cleanup", Time since last: 1000104319 ns, Reaching safepoint: 127377 ns, At safepoint: 11369 ns, Total: 138746 ns
[2020-09-11T18:32:27.020+0000][1][safepoint    ] Safepoint "Cleanup", Time since last: 1000111273 ns, Reaching safepoint: 89261 ns, At safepoint: 7144 ns, Total: 96405 ns
[2020-09-11T18:32:28.020+0000][1][safepoint    ] Safepoint "Cleanup", Time since last: 1000118083 ns, Reaching safepoint: 89932 ns, At safepoint: 10021 ns, Total: 99953 ns
[2020-09-11T18:32:28.425+0000][1][safepoint    ] Safepoint "RevokeBias", Time since last: 404295508 ns, Reaching safepoint: 800367 ns, At safepoint: 23971 ns, Total: 824338 ns
[2020-09-11T18:32:28.493+0000][1][gc,start     ] GC(168) Pause Young (Allocation Failure)
[2020-09-11T18:32:28.493+0000][1][gc,task      ] GC(168) Using 1 workers of 1 for evacuation
[2020-09-11T18:32:28.502+0000][1][gc,age       ] GC(168) Desired survivor size 4358144 bytes, new threshold 6 (max threshold 6)
[2020-09-11T18:32:28.502+0000][1][gc,age       ] GC(168) Age table with threshold 6 (max threshold 6)
[2020-09-11T18:32:28.502+0000][1][gc,age       ] GC(168) - age   1:     595744 bytes,     595744 total
[2020-09-11T18:32:28.502+0000][1][gc,age       ] GC(168) - age   2:       4336 bytes,     600080 total
[2020-09-11T18:32:28.502+0000][1][gc,age       ] GC(168) - age   3:       1664 bytes,     601744 total
[2020-09-11T18:32:28.502+0000][1][gc,age       ] GC(168) - age   4:       4648 bytes,     606392 total
[2020-09-11T18:32:28.502+0000][1][gc,age       ] GC(168) - age   5:      10336 bytes,     616728 total
[2020-09-11T18:32:28.502+0000][1][gc,age       ] GC(168) - age   6:       2264 bytes,     618992 total
[2020-09-11T18:32:28.502+0000][1][gc,heap      ] GC(168) ParNew: 68618K->905K(76672K)
[2020-09-11T18:32:28.502+0000][1][gc,heap      ] GC(168) CMS: 80336K->80338K(439104K)
[2020-09-11T18:32:28.502+0000][1][gc,metaspace ] GC(168) Metaspace: 97088K->97088K(1138688K)
[2020-09-11T18:32:28.502+0000][1][gc           ] GC(168) Pause Young (Allocation Failure) 145M->79M(503M) 9.468ms
[2020-09-11T18:32:28.502+0000][1][gc,cpu       ] GC(168) User=0.00s Sys=0.00s Real=0.02s
[2020-09-11T18:32:28.502+0000][1][safepoint    ] Safepoint "GenCollectForAllocation", Time since last: 65713921 ns, Reaching safepoint: 1869144 ns, At safepoint: 9536517 ns, Total: 11405661 ns
[2020-09-11T18:32:29.513+0000][1][safepoint    ] Safepoint "Cleanup", Time since last: 1011024568 ns, Reaching safepoint: 91689 ns, At safepoint: 24360 ns, Total: 116049 ns
[2020-09-11T18:32:30.513+0000][1][safepoint    ] Safepoint "Cleanup", Time since last: 1000116461 ns, Reaching safepoint: 91162 ns, At safepoint: 21844 ns, Total: 113006 ns
[2020-09-11T18:32:31.514+0000][1][safepoint    ] Safepoint "Cleanup", Time since last: 1000117550 ns, Reaching safepoint: 91379 ns, At safepoint: 25080 ns, Total: 116459 ns
[2020-09-11T18:32:32.514+0000][1][safepoint    ] Safepoint "Cleanup", Time since last: 1000114887 ns, Reaching safepoint: 100215 ns, At safepoint: 23260 ns, Total: 123475 ns
[2020-09-11T18:32:33.514+0000][1][safepoint    ] Safepoint "Cleanup", Time since last: 1000127668 ns, Reaching safepoint: 87520 ns, At safepoint: 7019 ns, Total: 94539 ns
[2020-09-11T18:32:34.514+0000][1][safepoint    ] Safepoint "Cleanup", Time since last: 1000114181 ns, Reaching safepoint: 91667 ns, At safepoint: 8334 ns, Total: 100001 ns
[2020-09-11T18:32:35.004+0000][1][safepoint    ] Safepoint "RevokeBias", Time since last: 489034437 ns, Reaching safepoint: 182316 ns, At safepoint: 24674 ns, Total: 206990 ns
[2020-09-11T18:32:36.004+0000][1][safepoint    ] Safepoint "Cleanup", Time since last: 1000112077 ns, Reaching safepoint: 92745 ns, At safepoint: 10038 ns, Total: 102783 ns
[2020-09-11T18:32:37.004+0000][1][safepoint    ] Safepoint "Cleanup", Time since last: 1000118434 ns, Reaching safepoint: 92201 ns, At safepoint: 8197 ns, Total: 100398 ns
[2020-09-11T18:32:38.004+0000][1][safepoint    ] Safepoint "Cleanup", Time since last: 1000113200 ns, Reaching safepoint: 91704 ns, At safepoint: 9841 ns, Total: 101545 ns
[2020-09-11T18:32:38.437+0000][1][safepoint    ] Safepoint "RevokeBias", Time since last: 430391427 ns, Reaching safepoint: 2281784 ns, At safepoint: 26211 ns, Total: 2307995 ns
[2020-09-11T18:32:39.437+0000][1][safepoint    ] Safepoint "Cleanup", Time since last: 1000108608 ns, Reaching safepoint: 85463 ns, At safepoint: 6775 ns, Total: 92238 ns
[2020-09-11T18:32:40.437+0000][1][safepoint    ] Safepoint "Cleanup", Time since last: 1000109451 ns, Reaching safepoint: 84523 ns, At safepoint: 7058 ns, Total: 91581 ns
[2020-09-11T18:32:41.438+0000][1][safepoint    ] Safepoint "Cleanup", Time since last: 1000104599 ns, Reaching safepoint: 92688 ns, At safepoint: 8247 ns, Total: 100935 ns
[2020-09-11T18:32:42.438+0000][1][safepoint    ] Safepoint "Cleanup", Time since last: 1000105220 ns, Reaching safepoint: 86076 ns, At safepoint: 6905 ns, Total: 92981 ns
[2020-09-11T18:32:43.438+0000][1][safepoint    ] Safepoint "Cleanup", Time since last: 1000113947 ns, Reaching safepoint: 97098 ns, At safepoint: 8413 ns, Total: 105511 ns
[2020-09-11T18:32:44.438+0000][1][safepoint    ] Safepoint "Cleanup", Time since last: 1000107773 ns, Reaching safepoint: 87626 ns, At safepoint: 8155 ns, Total: 95781 ns
[2020-09-11T18:32:45.000+0000][1][safepoint    ] Safepoint "RevokeBias", Time since last: 561953714 ns, Reaching safepoint: 165313 ns, At safepoint: 22206 ns, Total: 187519 ns
[2020-09-11T18:32:46.000+0000][1][safepoint    ] Safepoint "Cleanup", Time since last: 1000115029 ns, Reaching safepoint: 92624 ns, At safepoint: 10063 ns, Total: 102687 ns
[2020-09-11T18:32:47.001+0000][1][safepoint    ] Safepoint "Cleanup", Time since last: 1000131325 ns, Reaching safepoint: 88299 ns, At safepoint: 7290 ns, Total: 95589 ns
[2020-09-11T18:32:48.001+0000][1][safepoint    ] Safepoint "Cleanup", Time since last: 1000206756 ns, Reaching safepoint: 92082 ns, At safepoint: 9324 ns, Total: 101406 ns
[2020-09-11T18:32:48.414+0000][1][safepoint    ] Safepoint "RevokeBias", Time since last: 413147849 ns, Reaching safepoint: 186721 ns, At safepoint: 26432 ns, Total: 213153 ns
[2020-09-11T18:32:48.545+0000][1][gc,start     ] GC(169) Pause Young (Allocation Failure)
[2020-09-11T18:32:48.545+0000][1][gc,task      ] GC(169) Using 1 workers of 1 for evacuation
[2020-09-11T18:32:48.550+0000][1][gc,age       ] GC(169) Desired survivor size 4358144 bytes, new threshold 6 (max threshold 6)
[2020-09-11T18:32:48.550+0000][1][gc,age       ] GC(169) Age table with threshold 6 (max threshold 6)
[2020-09-11T18:32:48.550+0000][1][gc,age       ] GC(169) - age   1:     634440 bytes,     634440 total
[2020-09-11T18:32:48.550+0000][1][gc,age       ] GC(169) - age   2:       4520 bytes,     638960 total
[2020-09-11T18:32:48.550+0000][1][gc,age       ] GC(169) - age   3:       1840 bytes,     640800 total
[2020-09-11T18:32:48.550+0000][1][gc,age       ] GC(169) - age   4:       1664 bytes,     642464 total
[2020-09-11T18:32:48.550+0000][1][gc,age       ] GC(169) - age   5:       4648 bytes,     647112 total
[2020-09-11T18:32:48.550+0000][1][gc,age       ] GC(169) - age   6:      10336 bytes,     657448 total
[2020-09-11T18:32:48.550+0000][1][gc,heap      ] GC(169) ParNew: 69065K->1057K(76672K)
[2020-09-11T18:32:48.550+0000][1][gc,heap      ] GC(169) CMS: 80338K->80341K(439104K)
[2020-09-11T18:32:48.550+0000][1][gc,metaspace ] GC(169) Metaspace: 97089K->97089K(1138688K)
[2020-09-11T18:32:48.550+0000][1][gc           ] GC(169) Pause Young (Allocation Failure) 145M->79M(503M) 5.008ms
[2020-09-11T18:32:48.550+0000][1][gc,cpu       ] GC(169) User=0.01s Sys=0.00s Real=0.00s
[2020-09-11T18:32:48.553+0000][1][safepoint    ] Safepoint "GenCollectForAllocation", Time since last: 126408378 ns, Reaching safepoint: 4082565 ns, At safepoint: 7935505 ns, Total: 12018070 ns
[2020-09-11T18:32:49.559+0000][1][safepoint    ] Safepoint "Cleanup", Time since last: 1005601899 ns, Reaching safepoint: 112048 ns, At safepoint: 23895 ns, Total: 135943 ns
[2020-09-11T18:32:50.559+0000][1][safepoint    ] Safepoint "Cleanup", Time since last: 1000110766 ns, Reaching safepoint: 89726 ns, At safepoint: 22897 ns, Total: 112623 ns
[2020-09-11T18:32:51.559+0000][1][safepoint    ] Safepoint "Cleanup", Time since last: 1000114568 ns, Reaching safepoint: 89585 ns, At safepoint: 24697 ns, Total: 114282 ns
[2020-09-11T18:32:52.547+0000][1][safepoint    ] Safepoint "RevokeBias", Time since last: 987485206 ns, Reaching safepoint: 185607 ns, At safepoint: 61590 ns, Total: 247197 ns
[2020-09-11T18:32:52.553+0000][1][safepoint    ] Safepoint "RevokeBias", Time since last: 3515565 ns, Reaching safepoint: 97695 ns, At safepoint: 2631587 ns, Total: 2729282 ns
[2020-09-11T18:32:52.553+0000][1][safepoint    ] Safepoint "RevokeBias", Time since last: 63870 ns, Reaching safepoint: 96128 ns, At safepoint: 25790 ns, Total: 121918 ns
[2020-09-11T18:32:52.553+0000][1][safepoint    ] Safepoint "RevokeBias", Time since last: 273166 ns, Reaching safepoint: 46859 ns, At safepoint: 19688 ns, Total: 66547 ns
[2020-09-11T18:32:53.087+0000][1][safepoint    ] Safepoint "RevokeBias", Time since last: 533646763 ns, Reaching safepoint: 111379 ns, At safepoint: 23720 ns, Total: 135099 ns
[2020-09-11T18:32:53.094+0000][1][safepoint    ] Safepoint "RevokeBias", Time since last: 6042789 ns, Reaching safepoint: 159672 ns, At safepoint: 24832 ns, Total: 184504 ns
[2020-09-11T18:32:53.094+0000][1][safepoint    ] Safepoint "RevokeBias", Time since last: 139500 ns, Reaching safepoint: 135831 ns, At safepoint: 16881 ns, Total: 152712 ns
[2020-09-11T18:32:53.094+0000][1][safepoint    ] Safepoint "RevokeBias", Time since last: 114188 ns, Reaching safepoint: 132169 ns, At safepoint: 15038 ns, Total: 147207 ns
[2020-09-11T18:32:53.094+0000][1][safepoint    ] Safepoint "RevokeBias", Time since last: 53313 ns, Reaching safepoint: 122219 ns, At safepoint: 13946 ns, Total: 136165 ns
[2020-09-11T18:32:53.103+0000][1][safepoint    ] Safepoint "RevokeBias", Time since last: 8556853 ns, Reaching safepoint: 153952 ns, At safepoint: 22729 ns, Total: 176681 ns
[2020-09-11T18:32:53.143+0000][1][safepoint    ] Safepoint "RevokeBias", Time since last: 40190135 ns, Reaching safepoint: 174492 ns, At safepoint: 41376 ns, Total: 215868 ns
[2020-09-11T18:32:53.418+0000][1][safepoint    ] Safepoint "RevokeBias", Time since last: 274325630 ns, Reaching safepoint: 95351 ns, At safepoint: 20811 ns, Total: 116162 ns
[2020-09-11T18:32:53.421+0000][1][safepoint    ] Safepoint "RevokeBias", Time since last: 3339998 ns, Reaching safepoint: 86119 ns, At safepoint: 19359 ns, Total: 105478 ns
[2020-09-11T18:32:54.421+0000][1][safepoint    ] Safepoint "Cleanup", Time since last: 1000093120 ns, Reaching safepoint: 84037 ns, At safepoint: 8181 ns, Total: 92218 ns
[2020-09-11T18:32:55.003+0000][1][safepoint    ] Safepoint "RevokeBias", Time since last: 581036081 ns, Reaching safepoint: 163541 ns, At safepoint: 23220 ns, Total: 186761 ns
[2020-09-11T18:32:55.845+0000][1][safepoint    ] Safepoint "RevokeBias", Time since last: 841900557 ns, Reaching safepoint: 316226 ns, At safepoint: 30266 ns, Total: 346492 ns
[2020-09-11T18:32:55.845+0000][1][safepoint    ] Safepoint "RevokeBias", Time since last: 74826 ns, Reaching safepoint: 213873 ns, At safepoint: 20023 ns, Total: 233896 ns
[2020-09-11T18:32:55.845+0000][1][safepoint    ] Safepoint "RevokeBias", Time since last: 62786 ns, Reaching safepoint: 158341 ns, At safepoint: 16432 ns, Total: 174773 ns
[2020-09-11T18:32:55.846+0000][1][safepoint    ] Safepoint "RevokeBias", Time since last: 40308 ns, Reaching safepoint: 147607 ns, At safepoint: 15732 ns, Total: 163339 ns
[2020-09-11T18:32:55.846+0000][1][safepoint    ] Safepoint "RevokeBias", Time since last: 38658 ns, Reaching safepoint: 141938 ns, At safepoint: 15237 ns, Total: 157175 ns
[2020-09-11T18:32:55.846+0000][1][safepoint    ] Safepoint "RevokeBias", Time since last: 36886 ns, Reaching safepoint: 137196 ns, At safepoint: 14659 ns, Total: 151855 ns
[2020-09-11T18:32:55.846+0000][1][safepoint    ] Safepoint "RevokeBias", Time since last: 35529 ns, Reaching safepoint: 134553 ns, At safepoint: 14156 ns, Total: 148709 ns
[2020-09-11T18:32:55.846+0000][1][safepoint    ] Safepoint "RevokeBias", Time since last: 34683 ns, Reaching safepoint: 136679 ns, At safepoint: 22814 ns, Total: 159493 ns
[2020-09-11T18:32:55.847+0000][1][safepoint    ] Safepoint "RevokeBias", Time since last: 28742 ns, Reaching safepoint: 125441 ns, At safepoint: 21356 ns, Total: 146797 ns
[2020-09-11T18:32:55.847+0000][1][safepoint    ] Safepoint "RevokeBias", Time since last: 27380 ns, Reaching safepoint: 123351 ns, At safepoint: 21023 ns, Total: 144374 ns
[2020-09-11T18:32:56.848+0000][1][safepoint    ] Safepoint "Cleanup", Time since last: 1001314846 ns, Reaching safepoint: 91632 ns, At safepoint: 9935 ns, Total: 101567 ns
[2020-09-11T18:32:57.848+0000][1][safepoint    ] Safepoint "Cleanup", Time since last: 1000122401 ns, Reaching safepoint: 92722 ns, At safepoint: 9149 ns, Total: 101871 ns
[2020-09-11T18:32:58.397+0000][1][safepoint    ] Safepoint "RevokeBias", Time since last: 548394992 ns, Reaching safepoint: 178236 ns, At safepoint: 28346 ns, Total: 206582 ns
[2020-09-11T18:32:58.559+0000][1][safepoint    ] Safepoint "RevokeBias", Time since last: 161836349 ns, Reaching safepoint: 184883 ns, At safepoint: 21652 ns, Total: 206535 ns
[2020-09-11T18:33:05.062+0000][1][safepoint    ] Safepoint "BulkRevokeBias", Time since last: 6502090948 ns, Reaching safepoint: 100281 ns, At safepoint: 257117 ns, Total: 357398 ns
[2020-09-11T18:33:08.400+0000][1][safepoint    ] Safepoint "RevokeBias", Time since last: 3336905833 ns, Reaching safepoint: 1078883 ns, At safepoint: 23810 ns, Total: 1102693 ns
[2020-09-11T18:33:08.453+0000][1][gc,start     ] GC(170) Pause Young (Allocation Failure)
[2020-09-11T18:33:08.453+0000][1][gc,task      ] GC(170) Using 1 workers of 1 for evacuation
[2020-09-11T18:33:08.460+0000][1][gc,age       ] GC(170) Desired survivor size 4358144 bytes, new threshold 6 (max threshold 6)
[2020-09-11T18:33:08.460+0000][1][gc,age       ] GC(170) Age table with threshold 6 (max threshold 6)
[2020-09-11T18:33:08.460+0000][1][gc,age       ] GC(170) - age   1:     788616 bytes,     788616 total
[2020-09-11T18:33:08.460+0000][1][gc,age       ] GC(170) - age   2:      21008 bytes,     809624 total
[2020-09-11T18:33:08.460+0000][1][gc,age       ] GC(170) - age   3:       1552 bytes,     811176 total
[2020-09-11T18:33:08.460+0000][1][gc,age       ] GC(170) - age   4:       1240 bytes,     812416 total
[2020-09-11T18:33:08.460+0000][1][gc,age       ] GC(170) - age   5:       1664 bytes,     814080 total
[2020-09-11T18:33:08.460+0000][1][gc,age       ] GC(170) - age   6:       4648 bytes,     818728 total
[2020-09-11T18:33:08.460+0000][1][gc,heap      ] GC(170) ParNew: 69217K->1227K(76672K)
[2020-09-11T18:33:08.460+0000][1][gc,heap      ] GC(170) CMS: 80341K->80351K(439104K)
[2020-09-11T18:33:08.460+0000][1][gc,metaspace ] GC(170) Metaspace: 97115K->97115K(1138688K)
[2020-09-11T18:33:08.460+0000][1][gc           ] GC(170) Pause Young (Allocation Failure) 146M->79M(503M) 7.614ms
[2020-09-11T18:33:08.460+0000][1][gc,cpu       ] GC(170) User=0.01s Sys=0.00s Real=0.01s
[2020-09-11T18:33:08.460+0000][1][safepoint    ] Safepoint "GenCollectForAllocation", Time since last: 50670533 ns, Reaching safepoint: 2492449 ns, At safepoint: 7690707 ns, Total: 10183156 ns
[2020-09-11T18:33:15.126+0000][1][safepoint    ] Safepoint "RevokeBias", Time since last: 6665753642 ns, Reaching safepoint: 177450 ns, At safepoint: 23308 ns, Total: 200758 ns
[2020-09-11T18:33:18.127+0000][1][safepoint    ] Safepoint "Cleanup", Time since last: 3000277739 ns, Reaching safepoint: 94070 ns, At safepoint: 10129 ns, Total: 104199 ns
[2020-09-11T18:33:18.435+0000][1][safepoint    ] Safepoint "BulkRevokeBias", Time since last: 307519477 ns, Reaching safepoint: 233131 ns, At safepoint: 511635 ns, Total: 744766 ns
[2020-09-11T18:33:18.491+0000][1][safepoint    ] Safepoint "RevokeBias", Time since last: 55418063 ns, Reaching safepoint: 169453 ns, At safepoint: 22768 ns, Total: 192221 ns
[2020-09-11T18:33:25.021+0000][1][safepoint    ] Safepoint "RevokeBias", Time since last: 6530271329 ns, Reaching safepoint: 177295 ns, At safepoint: 34181 ns, Total: 211476 ns
[2020-09-11T18:33:26.021+0000][1][safepoint    ] Safepoint "Cleanup", Time since last: 1000117610 ns, Reaching safepoint: 97123 ns, At safepoint: 11491 ns, Total: 108614 ns
[2020-09-11T18:33:27.022+0000][1][safepoint    ] Safepoint "Cleanup", Time since last: 1000120671 ns, Reaching safepoint: 92690 ns, At safepoint: 9469 ns, Total: 102159 ns
[2020-09-11T18:33:28.022+0000][1][safepoint    ] Safepoint "Cleanup", Time since last: 1000118091 ns, Reaching safepoint: 95550 ns, At safepoint: 9620 ns, Total: 105170 ns
[2020-09-11T18:33:28.437+0000][1][safepoint    ] Safepoint "RevokeBias", Time since last: 413825235 ns, Reaching safepoint: 1312270 ns, At safepoint: 25458 ns, Total: 1337728 ns
[2020-09-11T18:33:28.841+0000][1][gc,start     ] GC(171) Pause Young (Allocation Failure)
[2020-09-11T18:33:28.841+0000][1][gc,task      ] GC(171) Using 1 workers of 1 for evacuation
[2020-09-11T18:33:28.848+0000][1][gc,age       ] GC(171) Desired survivor size 4358144 bytes, new threshold 6 (max threshold 6)
[2020-09-11T18:33:28.848+0000][1][gc,age       ] GC(171) Age table with threshold 6 (max threshold 6)
[2020-09-11T18:33:28.848+0000][1][gc,age       ] GC(171) - age   1:      83800 bytes,      83800 total
[2020-09-11T18:33:28.848+0000][1][gc,age       ] GC(171) - age   2:     212760 bytes,     296560 total
[2020-09-11T18:33:28.848+0000][1][gc,age       ] GC(171) - age   3:       1000 bytes,     297560 total
[2020-09-11T18:33:28.848+0000][1][gc,age       ] GC(171) - age   4:       1552 bytes,     299112 total
[2020-09-11T18:33:28.848+0000][1][gc,age       ] GC(171) - age   5:       1240 bytes,     300352 total
[2020-09-11T18:33:28.848+0000][1][gc,age       ] GC(171) - age   6:       1352 bytes,     301704 total
[2020-09-11T18:33:28.848+0000][1][gc,heap      ] GC(171) ParNew: 69380K->753K(76672K)
[2020-09-11T18:33:28.848+0000][1][gc,heap      ] GC(171) CMS: 80351K->80355K(439104K)
[2020-09-11T18:33:28.848+0000][1][gc,metaspace ] GC(171) Metaspace: 97123K->97123K(1138688K)
[2020-09-11T18:33:28.848+0000][1][gc           ] GC(171) Pause Young (Allocation Failure) 146M->79M(503M) 7.300ms
[2020-09-11T18:33:28.848+0000][1][gc,cpu       ] GC(171) User=0.00s Sys=0.00s Real=0.00s
[2020-09-11T18:33:28.851+0000][1][safepoint    ] Safepoint "GenCollectForAllocation", Time since last: 404153963 ns, Reaching safepoint: 86387 ns, At safepoint: 10217241 ns, Total: 10303628 ns
[2020-09-11T18:33:29.853+0000][1][safepoint    ] Safepoint "Cleanup", Time since last: 1001045407 ns, Reaching safepoint: 91920 ns, At safepoint: 24424 ns, Total: 116344 ns
[2020-09-11T18:33:30.853+0000][1][safepoint    ] Safepoint "Cleanup", Time since last: 1000109100 ns, Reaching safepoint: 91623 ns, At safepoint: 41095 ns, Total: 132718 ns
[2020-09-11T18:33:31.853+0000][1][safepoint    ] Safepoint "Cleanup", Time since last: 1000115348 ns, Reaching safepoint: 92935 ns, At safepoint: 24334 ns, Total: 117269 ns
[2020-09-11T18:33:32.853+0000][1][safepoint    ] Safepoint "Cleanup", Time since last: 1000110691 ns, Reaching safepoint: 92727 ns, At safepoint: 21125 ns, Total: 113852 ns
[2020-09-11T18:33:33.853+0000][1][safepoint    ] Safepoint "Cleanup", Time since last: 1000116770 ns, Reaching safepoint: 94370 ns, At safepoint: 9471 ns, Total: 103841 ns
[2020-09-11T18:33:34.854+0000][1][safepoint    ] Safepoint "Cleanup", Time since last: 1000123574 ns, Reaching safepoint: 92720 ns, At safepoint: 8340 ns, Total: 101060 ns
[2020-09-11T18:33:35.005+0000][1][safepoint    ] Safepoint "RevokeBias", Time since last: 150869118 ns, Reaching safepoint: 89000 ns, At safepoint: 22450 ns, Total: 111450 ns
[2020-09-11T18:33:36.005+0000][1][safepoint    ] Safepoint "Cleanup", Time since last: 1000123329 ns, Reaching safepoint: 90995 ns, At safepoint: 10562 ns, Total: 101557 ns
[2020-09-11T18:33:37.005+0000][1][safepoint    ] Safepoint "Cleanup", Time since last: 1000115737 ns, Reaching safepoint: 94787 ns, At safepoint: 10276 ns, Total: 105063 ns
[2020-09-11T18:33:38.005+0000][1][safepoint    ] Safepoint "Cleanup", Time since last: 1000118727 ns, Reaching safepoint: 93538 ns, At safepoint: 10526 ns, Total: 104064 ns
[2020-09-11T18:33:38.457+0000][1][safepoint    ] Safepoint "RevokeBias", Time since last: 451137957 ns, Reaching safepoint: 395275 ns, At safepoint: 23204 ns, Total: 418479 ns
[2020-09-11T18:33:39.457+0000][1][safepoint    ] Safepoint "Cleanup", Time since last: 1000106412 ns, Reaching safepoint: 90968 ns, At safepoint: 9108 ns, Total: 100076 ns
[2020-09-11T18:33:40.457+0000][1][safepoint    ] Safepoint "Cleanup", Time since last: 1000176527 ns, Reaching safepoint: 110583 ns, At safepoint: 9397 ns, Total: 119980 ns
[2020-09-11T18:33:41.458+0000][1][safepoint    ] Safepoint "Cleanup", Time since last: 1000116782 ns, Reaching safepoint: 94781 ns, At safepoint: 7729 ns, Total: 102510 ns
[2020-09-11T18:33:42.458+0000][1][safepoint    ] Safepoint "Cleanup", Time since last: 1000116968 ns, Reaching safepoint: 109182 ns, At safepoint: 7435 ns, Total: 116617 ns
[2020-09-11T18:33:43.458+0000][1][safepoint    ] Safepoint "Cleanup", Time since last: 1000110274 ns, Reaching safepoint: 90895 ns, At safepoint: 9486 ns, Total: 100381 ns
[2020-09-11T18:33:44.458+0000][1][safepoint    ] Safepoint "Cleanup", Time since last: 1000114552 ns, Reaching safepoint: 92395 ns, At safepoint: 8461 ns, Total: 100856 ns
[2020-09-11T18:33:44.698+0000][1][safepoint    ] Safepoint "Deoptimize", Time since last: 238527521 ns, Reaching safepoint: 184897 ns, At safepoint: 1256731 ns, Total: 1441628 ns
[2020-09-11T18:33:44.749+0000][1][safepoint    ] Safepoint "RevokeBias", Time since last: 49662780 ns, Reaching safepoint: 949361 ns, At safepoint: 21095 ns, Total: 970456 ns
[2020-09-11T18:33:44.750+0000][1][safepoint    ] Safepoint "RevokeBias", Time since last: 330149 ns, Reaching safepoint: 343076 ns, At safepoint: 18783 ns, Total: 361859 ns
[2020-09-11T18:33:44.897+0000][1][safepoint    ] Safepoint "Deoptimize", Time since last: 146405439 ns, Reaching safepoint: 219969 ns, At safepoint: 1060738 ns, Total: 1280707 ns
[2020-09-11T18:33:44.903+0000][1][safepoint    ] Safepoint "Deoptimize", Time since last: 1006784 ns, Reaching safepoint: 3686422 ns, At safepoint: 1074606 ns, Total: 4761028 ns
[2020-09-11T18:33:44.914+0000][1][safepoint    ] Safepoint "Deoptimize", Time since last: 8300667 ns, Reaching safepoint: 1550650 ns, At safepoint: 1023312 ns, Total: 2573962 ns
[2020-09-11T18:33:44.917+0000][1][safepoint    ] Safepoint "Deoptimize", Time since last: 769876 ns, Reaching safepoint: 1484704 ns, At safepoint: 1167400 ns, Total: 2652104 ns
[2020-09-11T18:33:45.085+0000][1][safepoint    ] Safepoint "RevokeBias", Time since last: 167854599 ns, Reaching safepoint: 201306 ns, At safepoint: 23624 ns, Total: 224930 ns
[2020-09-11T18:33:46.086+0000][1][safepoint    ] Safepoint "Cleanup", Time since last: 1000110165 ns, Reaching safepoint: 90735 ns, At safepoint: 9701 ns, Total: 100436 ns
[2020-09-11T18:33:47.086+0000][1][safepoint    ] Safepoint "Cleanup", Time since last: 1000109200 ns, Reaching safepoint: 106509 ns, At safepoint: 7631 ns, Total: 114140 ns
[2020-09-11T18:33:48.086+0000][1][safepoint    ] Safepoint "Cleanup", Time since last: 1000114744 ns, Reaching safepoint: 99683 ns, At safepoint: 7296 ns, Total: 106979 ns
[2020-09-11T18:33:48.418+0000][1][safepoint    ] Safepoint "RevokeBias", Time since last: 331631621 ns, Reaching safepoint: 208347 ns, At safepoint: 21035 ns, Total: 229382 ns
[2020-09-11T18:33:48.517+0000][1][gc,start     ] GC(172) Pause Young (Allocation Failure)
[2020-09-11T18:33:48.517+0000][1][gc,task      ] GC(172) Using 1 workers of 1 for evacuation
[2020-09-11T18:33:48.529+0000][1][gc,age       ] GC(172) Desired survivor size 4358144 bytes, new threshold 6 (max threshold 6)
[2020-09-11T18:33:48.529+0000][1][gc,age       ] GC(172) Age table with threshold 6 (max threshold 6)
[2020-09-11T18:33:48.529+0000][1][gc,age       ] GC(172) - age   1:     852056 bytes,     852056 total
[2020-09-11T18:33:48.529+0000][1][gc,age       ] GC(172) - age   2:      26360 bytes,     878416 total
[2020-09-11T18:33:48.529+0000][1][gc,age       ] GC(172) - age   3:     208056 bytes,    1086472 total
[2020-09-11T18:33:48.529+0000][1][gc,age       ] GC(172) - age   4:       1000 bytes,    1087472 total
[2020-09-11T18:33:48.529+0000][1][gc,age       ] GC(172) - age   5:       1552 bytes,    1089024 total
[2020-09-11T18:33:48.529+0000][1][gc,age       ] GC(172) - age   6:       1240 bytes,    1090264 total
[2020-09-11T18:33:48.529+0000][1][gc,heap      ] GC(172) ParNew: 68913K->1309K(76672K)
[2020-09-11T18:33:48.529+0000][1][gc,heap      ] GC(172) CMS: 80355K->80357K(439104K)
[2020-09-11T18:33:48.529+0000][1][gc,metaspace ] GC(172) Metaspace: 98122K->98122K(1140736K)
[2020-09-11T18:33:48.530+0000][1][gc           ] GC(172) Pause Young (Allocation Failure) 145M->79M(503M) 12.538ms
[2020-09-11T18:33:48.530+0000][1][gc,cpu       ] GC(172) User=0.00s Sys=0.00s Real=0.01s
[2020-09-11T18:33:48.537+0000][1][safepoint    ] Safepoint "GenCollectForAllocation", Time since last: 98865678 ns, Reaching safepoint: 178398 ns, At safepoint: 19844185 ns, Total: 20022583 ns
[2020-09-11T18:33:49.545+0000][1][safepoint    ] Safepoint "Cleanup", Time since last: 1008580913 ns, Reaching safepoint: 91629 ns, At safepoint: 10076 ns, Total: 101705 ns
[2020-09-11T18:33:50.546+0000][1][safepoint    ] Safepoint "Cleanup", Time since last: 1000116352 ns, Reaching safepoint: 87059 ns, At safepoint: 6709 ns, Total: 93768 ns
[2020-09-11T18:33:51.546+0000][1][safepoint    ] Safepoint "Cleanup", Time since last: 1000118081 ns, Reaching safepoint: 107243 ns, At safepoint: 11405 ns, Total: 118648 ns
[2020-09-11T18:33:52.546+0000][1][safepoint    ] Safepoint "Cleanup", Time since last: 1000118150 ns, Reaching safepoint: 99087 ns, At safepoint: 9605 ns, Total: 108692 ns
[2020-09-11T18:33:53.546+0000][1][safepoint    ] Safepoint "Cleanup", Time since last: 1000117677 ns, Reaching safepoint: 93195 ns, At safepoint: 10379 ns, Total: 103574 ns
[2020-09-11T18:33:54.547+0000][1][safepoint    ] Safepoint "Cleanup", Time since last: 1000116395 ns, Reaching safepoint: 93399 ns, At safepoint: 9474 ns, Total: 102873 ns
[2020-09-11T18:33:55.066+0000][1][safepoint    ] Safepoint "RevokeBias", Time since last: 518923404 ns, Reaching safepoint: 181262 ns, At safepoint: 27793 ns, Total: 209055 ns
[2020-09-11T18:33:56.066+0000][1][safepoint    ] Safepoint "Cleanup", Time since last: 1000145559 ns, Reaching safepoint: 177932 ns, At safepoint: 20353 ns, Total: 198285 ns
[2020-09-11T18:33:57.066+0000][1][safepoint    ] Safepoint "Cleanup", Time since last: 1000195318 ns, Reaching safepoint: 181374 ns, At safepoint: 19698 ns, Total: 201072 ns
[2020-09-11T18:33:58.067+0000][1][safepoint    ] Safepoint "Cleanup", Time since last: 1000158417 ns, Reaching safepoint: 95728 ns, At safepoint: 10183 ns, Total: 105911 ns
[2020-09-11T18:33:58.475+0000][1][safepoint    ] Safepoint "RevokeBias", Time since last: 407817641 ns, Reaching safepoint: 99674 ns, At safepoint: 20091 ns, Total: 119765 ns
[2020-09-11T18:33:59.475+0000][1][safepoint    ] Safepoint "Cleanup", Time since last: 1000172138 ns, Reaching safepoint: 127798 ns, At safepoint: 7594 ns, Total: 135392 ns
[2020-09-11T18:34:00.475+0000][1][safepoint    ] Safepoint "Cleanup", Time since last: 1000181993 ns, Reaching safepoint: 132386 ns, At safepoint: 10469 ns, Total: 142855 ns
[2020-09-11T18:34:01.476+0000][1][safepoint    ] Safepoint "Cleanup", Time since last: 1000200417 ns, Reaching safepoint: 177885 ns, At safepoint: 19094 ns, Total: 196979 ns
[2020-09-11T18:34:02.476+0000][1][safepoint    ] Safepoint "Cleanup", Time since last: 1000151045 ns, Reaching safepoint: 93552 ns, At safepoint: 8873 ns, Total: 102425 ns
[2020-09-11T18:34:03.476+0000][1][safepoint    ] Safepoint "Cleanup", Time since last: 1000119202 ns, Reaching safepoint: 93060 ns, At safepoint: 8888 ns, Total: 101948 ns
[2020-09-11T18:34:04.476+0000][1][safepoint    ] Safepoint "Cleanup", Time since last: 1000127679 ns, Reaching safepoint: 105387 ns, At safepoint: 10469 ns, Total: 115856 ns
[2020-09-11T18:34:05.010+0000][1][safepoint    ] Safepoint "RevokeBias", Time since last: 533016934 ns, Reaching safepoint: 173158 ns, At safepoint: 23163 ns, Total: 196321 ns
[2020-09-11T18:34:06.010+0000][1][safepoint    ] Safepoint "Cleanup", Time since last: 1000107185 ns, Reaching safepoint: 95619 ns, At safepoint: 9231 ns, Total: 104850 ns
[2020-09-11T18:34:07.010+0000][1][safepoint    ] Safepoint "Cleanup", Time since last: 1000108913 ns, Reaching safepoint: 94408 ns, At safepoint: 10150 ns, Total: 104558 ns
[2020-09-11T18:34:08.010+0000][1][safepoint    ] Safepoint "Cleanup", Time since last: 1000179568 ns, Reaching safepoint: 178056 ns, At safepoint: 20777 ns, Total: 198833 ns
[2020-09-11T18:34:08.411+0000][1][safepoint    ] Safepoint "RevokeBias", Time since last: 400054039 ns, Reaching safepoint: 223976 ns, At safepoint: 22033 ns, Total: 246009 ns
[2020-09-11T18:34:09.411+0000][1][safepoint    ] Safepoint "Cleanup", Time since last: 1000139702 ns, Reaching safepoint: 176436 ns, At safepoint: 17269 ns, Total: 193705 ns
[2020-09-11T18:34:10.411+0000][1][safepoint    ] Safepoint "Cleanup", Time since last: 1000214373 ns, Reaching safepoint: 172352 ns, At safepoint: 18921 ns, Total: 191273 ns
[2020-09-11T18:34:11.412+0000][1][safepoint    ] Safepoint "Cleanup", Time since last: 1000225935 ns, Reaching safepoint: 168340 ns, At safepoint: 17998 ns, Total: 186338 ns
[2020-09-11T18:34:12.412+0000][1][safepoint    ] Safepoint "Cleanup", Time since last: 1000160843 ns, Reaching safepoint: 97296 ns, At safepoint: 10025 ns, Total: 107321 ns
[2020-09-11T18:34:13.144+0000][1][gc,start     ] GC(173) Pause Young (Allocation Failure)
[2020-09-11T18:34:13.144+0000][1][gc,task      ] GC(173) Using 1 workers of 1 for evacuation
[2020-09-11T18:34:13.157+0000][1][gc,age       ] GC(173) Desired survivor size 4358144 bytes, new threshold 6 (max threshold 6)
[2020-09-11T18:34:13.157+0000][1][gc,age       ] GC(173) Age table with threshold 6 (max threshold 6)
[2020-09-11T18:34:13.157+0000][1][gc,age       ] GC(173) - age   1:      48136 bytes,      48136 total
[2020-09-11T18:34:13.157+0000][1][gc,age       ] GC(173) - age   2:     259896 bytes,     308032 total
[2020-09-11T18:34:13.157+0000][1][gc,age       ] GC(173) - age   3:      23352 bytes,     331384 total
[2020-09-11T18:34:13.157+0000][1][gc,age       ] GC(173) - age   4:     207768 bytes,     539152 total
[2020-09-11T18:34:13.157+0000][1][gc,age       ] GC(173) - age   5:       1000 bytes,     540152 total
[2020-09-11T18:34:13.157+0000][1][gc,age       ] GC(173) - age   6:       1552 bytes,     541704 total
[2020-09-11T18:34:13.157+0000][1][gc,heap      ] GC(173) ParNew: 69469K->864K(76672K)
[2020-09-11T18:34:13.157+0000][1][gc,heap      ] GC(173) CMS: 80357K->80358K(439104K)
[2020-09-11T18:34:13.157+0000][1][gc,metaspace ] GC(173) Metaspace: 98126K->98126K(1140736K)
[2020-09-11T18:34:13.157+0000][1][gc           ] GC(173) Pause Young (Allocation Failure) 146M->79M(503M) 13.174ms
[2020-09-11T18:34:13.157+0000][1][gc,cpu       ] GC(173) User=0.01s Sys=0.00s Real=0.01s
[2020-09-11T18:34:13.157+0000][1][safepoint    ] Safepoint "GenCollectForAllocation", Time since last: 731584852 ns, Reaching safepoint: 164369 ns, At safepoint: 13246926 ns, Total: 13411295 ns
[2020-09-11T18:34:14.165+0000][1][safepoint    ] Safepoint "Cleanup", Time since last: 1007178657 ns, Reaching safepoint: 248171 ns, At safepoint: 23379 ns, Total: 271550 ns
[2020-09-11T18:34:15.053+0000][1][safepoint    ] Safepoint "RevokeBias", Time since last: 888543651 ns, Reaching safepoint: 184365 ns, At safepoint: 41522 ns, Total: 225887 ns
[2020-09-11T18:34:16.054+0000][1][safepoint    ] Safepoint "Cleanup", Time since last: 1000132885 ns, Reaching safepoint: 195449 ns, At safepoint: 22412 ns, Total: 217861 ns
[2020-09-11T18:34:17.054+0000][1][safepoint    ] Safepoint "Cleanup", Time since last: 1000213091 ns, Reaching safepoint: 179790 ns, At safepoint: 20868 ns, Total: 200658 ns
[2020-09-11T18:34:18.054+0000][1][safepoint    ] Safepoint "Cleanup", Time since last: 1000156348 ns, Reaching safepoint: 93857 ns, At safepoint: 10268 ns, Total: 104125 ns
[2020-09-11T18:34:18.405+0000][1][safepoint    ] Safepoint "RevokeBias", Time since last: 350160507 ns, Reaching safepoint: 490818 ns, At safepoint: 24000 ns, Total: 514818 ns
[2020-09-11T18:34:19.408+0000][1][safepoint    ] Safepoint "Cleanup", Time since last: 1002320267 ns, Reaching safepoint: 197694 ns, At safepoint: 21994 ns, Total: 219688 ns
[2020-09-11T18:34:20.408+0000][1][safepoint    ] Safepoint "Cleanup", Time since last: 1000143021 ns, Reaching safepoint: 94555 ns, At safepoint: 7899 ns, Total: 102454 ns
[2020-09-11T18:34:21.408+0000][1][safepoint    ] Safepoint "Cleanup", Time since last: 1000147950 ns, Reaching safepoint: 176298 ns, At safepoint: 20668 ns, Total: 196966 ns
[2020-09-11T18:34:22.409+0000][1][safepoint    ] Safepoint "Cleanup", Time since last: 1000192001 ns, Reaching safepoint: 177367 ns, At safepoint: 20995 ns, Total: 198362 ns
[2020-09-11T18:34:23.409+0000][1][safepoint    ] Safepoint "Cleanup", Time since last: 1000170764 ns, Reaching safepoint: 90026 ns, At safepoint: 8815 ns, Total: 98841 ns
[2020-09-11T18:34:24.410+0000][1][safepoint    ] Safepoint "Cleanup", Time since last: 1001221188 ns, Reaching safepoint: 186699 ns, At safepoint: 17593 ns, Total: 204292 ns
[2020-09-11T18:34:25.097+0000][1][safepoint    ] Safepoint "RevokeBias", Time since last: 686872589 ns, Reaching safepoint: 108967 ns, At safepoint: 25809 ns, Total: 134776 ns
[2020-09-11T18:34:26.098+0000][1][safepoint    ] Safepoint "Cleanup", Time since last: 1000173280 ns, Reaching safepoint: 176124 ns, At safepoint: 21519 ns, Total: 197643 ns
[2020-09-11T18:34:27.098+0000][1][safepoint    ] Safepoint "Cleanup", Time since last: 1000158862 ns, Reaching safepoint: 295479 ns, At safepoint: 19247 ns, Total: 314726 ns
[2020-09-11T18:34:28.098+0000][1][safepoint    ] Safepoint "Cleanup", Time since last: 1000149187 ns, Reaching safepoint: 96631 ns, At safepoint: 8728 ns, Total: 105359 ns
[2020-09-11T18:34:28.404+0000][1][safepoint    ] Safepoint "RevokeBias", Time since last: 305605589 ns, Reaching safepoint: 225256 ns, At safepoint: 23086 ns, Total: 248342 ns
[2020-09-11T18:34:29.404+0000][1][safepoint    ] Safepoint "Cleanup", Time since last: 1000110225 ns, Reaching safepoint: 94945 ns, At safepoint: 9957 ns, Total: 104902 ns
[2020-09-11T18:34:30.405+0000][1][safepoint    ] Safepoint "Cleanup", Time since last: 1000147261 ns, Reaching safepoint: 141599 ns, At safepoint: 8525 ns, Total: 150124 ns
[2020-09-11T18:34:31.405+0000][1][safepoint    ] Safepoint "Cleanup", Time since last: 1000188193 ns, Reaching safepoint: 117309 ns, At safepoint: 9968 ns, Total: 127277 ns
[2020-09-11T18:34:32.405+0000][1][safepoint    ] Safepoint "Cleanup", Time since last: 1000175610 ns, Reaching safepoint: 174260 ns, At safepoint: 21710 ns, Total: 195970 ns
[2020-09-11T18:34:33.406+0000][1][safepoint    ] Safepoint "Cleanup", Time since last: 1000157512 ns, Reaching safepoint: 96054 ns, At safepoint: 10969 ns, Total: 107023 ns
[2020-09-11T18:34:34.406+0000][1][safepoint    ] Safepoint "Cleanup", Time since last: 1000205810 ns, Reaching safepoint: 182666 ns, At safepoint: 22732 ns, Total: 205398 ns
[2020-09-11T18:34:35.085+0000][1][safepoint    ] Safepoint "RevokeBias", Time since last: 678015553 ns, Reaching safepoint: 328842 ns, At safepoint: 54254 ns, Total: 383096 ns
[2020-09-11T18:34:36.085+0000][1][safepoint    ] Safepoint "Cleanup", Time since last: 1000201430 ns, Reaching safepoint: 189873 ns, At safepoint: 18192 ns, Total: 208065 ns
[2020-09-11T18:34:37.085+0000][1][safepoint    ] Safepoint "Cleanup", Time since last: 1000210661 ns, Reaching safepoint: 119370 ns, At safepoint: 8201 ns, Total: 127571 ns
[2020-09-11T18:34:38.085+0000][1][safepoint    ] Safepoint "Cleanup", Time since last: 1000115064 ns, Reaching safepoint: 90799 ns, At safepoint: 10492 ns, Total: 101291 ns
[2020-09-11T18:34:38.360+0000][1][gc,start     ] GC(174) Pause Young (Allocation Failure)
[2020-09-11T18:34:38.360+0000][1][gc,task      ] GC(174) Using 1 workers of 1 for evacuation
[2020-09-11T18:34:38.367+0000][1][gc,age       ] GC(174) Desired survivor size 4358144 bytes, new threshold 6 (max threshold 6)
[2020-09-11T18:34:38.367+0000][1][gc,age       ] GC(174) Age table with threshold 6 (max threshold 6)
[2020-09-11T18:34:38.367+0000][1][gc,age       ] GC(174) - age   1:      96416 bytes,      96416 total
[2020-09-11T18:34:38.367+0000][1][gc,age       ] GC(174) - age   2:       2248 bytes,      98664 total
[2020-09-11T18:34:38.367+0000][1][gc,age       ] GC(174) - age   3:     241704 bytes,     340368 total
[2020-09-11T18:34:38.367+0000][1][gc,age       ] GC(174) - age   4:      23352 bytes,     363720 total
[2020-09-11T18:34:38.367+0000][1][gc,age       ] GC(174) - age   5:     207768 bytes,     571488 total
[2020-09-11T18:34:38.367+0000][1][gc,age       ] GC(174) - age   6:       1000 bytes,     572488 total
[2020-09-11T18:34:38.367+0000][1][gc,heap      ] GC(174) ParNew: 69024K->612K(76672K)
[2020-09-11T18:34:38.367+0000][1][gc,heap      ] GC(174) CMS: 80358K->80359K(439104K)
[2020-09-11T18:34:38.367+0000][1][gc,metaspace ] GC(174) Metaspace: 98133K->98133K(1140736K)
[2020-09-11T18:34:38.367+0000][1][gc           ] GC(174) Pause Young (Allocation Failure) 145M->79M(503M) 7.445ms
[2020-09-11T18:34:38.367+0000][1][gc,cpu       ] GC(174) User=0.01s Sys=0.00s Real=0.01s
[2020-09-11T18:34:38.368+0000][1][safepoint    ] Safepoint "GenCollectForAllocation", Time since last: 273639498 ns, Reaching safepoint: 387198 ns, At safepoint: 8841906 ns, Total: 9229104 ns
[2020-09-11T18:34:38.415+0000][1][safepoint    ] Safepoint "RevokeBias", Time since last: 45746587 ns, Reaching safepoint: 630991 ns, At safepoint: 21919 ns, Total: 652910 ns
[2020-09-11T18:34:39.415+0000][1][safepoint    ] Safepoint "Cleanup", Time since last: 1000225320 ns, Reaching safepoint: 100313 ns, At safepoint: 9411 ns, Total: 109724 ns
[2020-09-11T18:34:40.415+0000][1][safepoint    ] Safepoint "Cleanup", Time since last: 1000134717 ns, Reaching safepoint: 202672 ns, At safepoint: 24012 ns, Total: 226684 ns
[2020-09-11T18:34:41.416+0000][1][safepoint    ] Safepoint "Cleanup", Time since last: 1000188565 ns, Reaching safepoint: 165711 ns, At safepoint: 18038 ns, Total: 183749 ns
[2020-09-11T18:34:42.416+0000][1][safepoint    ] Safepoint "Cleanup", Time since last: 1000181088 ns, Reaching safepoint: 173161 ns, At safepoint: 16702 ns, Total: 189863 ns
[2020-09-11T18:34:43.417+0000][1][safepoint    ] Safepoint "Cleanup", Time since last: 1000217985 ns, Reaching safepoint: 125951 ns, At safepoint: 10911 ns, Total: 136862 ns
[2020-09-11T18:34:44.419+0000][1][safepoint    ] Safepoint "Cleanup", Time since last: 1002034553 ns, Reaching safepoint: 207497 ns, At safepoint: 18863 ns, Total: 226360 ns
[2020-09-11T18:34:45.010+0000][1][safepoint    ] Safepoint "RevokeBias", Time since last: 591083513 ns, Reaching safepoint: 217922 ns, At safepoint: 37338 ns, Total: 255260 ns
[2020-09-11T18:34:46.011+0000][1][safepoint    ] Safepoint "Cleanup", Time since last: 1000158254 ns, Reaching safepoint: 179018 ns, At safepoint: 22174 ns, Total: 201192 ns
[2020-09-11T18:34:47.011+0000][1][safepoint    ] Safepoint "Cleanup", Time since last: 1000213059 ns, Reaching safepoint: 176114 ns, At safepoint: 21934 ns, Total: 198048 ns
[2020-09-11T18:34:48.011+0000][1][safepoint    ] Safepoint "Cleanup", Time since last: 1000215102 ns, Reaching safepoint: 185743 ns, At safepoint: 22301 ns, Total: 208044 ns
[2020-09-11T18:34:48.421+0000][1][safepoint    ] Safepoint "RevokeBias", Time since last: 407936152 ns, Reaching safepoint: 1068634 ns, At safepoint: 224366 ns, Total: 1293000 ns
[2020-09-11T18:34:49.422+0000][1][safepoint    ] Safepoint "Cleanup", Time since last: 1000920620 ns, Reaching safepoint: 190521 ns, At safepoint: 18165 ns, Total: 208686 ns
[2020-09-11T18:34:50.422+0000][1][safepoint    ] Safepoint "Cleanup", Time since last: 1000168990 ns, Reaching safepoint: 173177 ns, At safepoint: 20167 ns, Total: 193344 ns
[2020-09-11T18:34:51.422+0000][1][safepoint    ] Safepoint "Cleanup", Time since last: 1000150595 ns, Reaching safepoint: 177263 ns, At safepoint: 19816 ns, Total: 197079 ns
[2020-09-11T18:34:52.423+0000][1][safepoint    ] Safepoint "Cleanup", Time since last: 1000233955 ns, Reaching safepoint: 199798 ns, At safepoint: 19111 ns, Total: 218909 ns
[2020-09-11T18:34:53.423+0000][1][safepoint    ] Safepoint "Cleanup", Time since last: 1000154259 ns, Reaching safepoint: 95665 ns, At safepoint: 9367 ns, Total: 105032 ns
[2020-09-11T18:34:54.425+0000][1][safepoint    ] Safepoint "Cleanup", Time since last: 1001262851 ns, Reaching safepoint: 186187 ns, At safepoint: 20764 ns, Total: 206951 ns
[2020-09-11T18:34:55.011+0000][1][safepoint    ] Safepoint "RevokeBias", Time since last: 585726117 ns, Reaching safepoint: 221049 ns, At safepoint: 23939 ns, Total: 244988 ns
[2020-09-11T18:34:56.011+0000][1][safepoint    ] Safepoint "Cleanup", Time since last: 1000185229 ns, Reaching safepoint: 120482 ns, At safepoint: 8072 ns, Total: 128554 ns
[2020-09-11T18:34:57.011+0000][1][safepoint    ] Safepoint "Cleanup", Time since last: 1000174118 ns, Reaching safepoint: 167648 ns, At safepoint: 19111 ns, Total: 186759 ns
[2020-09-11T18:34:58.012+0000][1][safepoint    ] Safepoint "Cleanup", Time since last: 1000219554 ns, Reaching safepoint: 176579 ns, At safepoint: 21509 ns, Total: 198088 ns
[2020-09-11T18:34:58.460+0000][1][safepoint    ] Safepoint "RevokeBias", Time since last: 448173785 ns, Reaching safepoint: 206485 ns, At safepoint: 28067 ns, Total: 234552 ns
[2020-09-11T18:34:58.476+0000][1][gc,start     ] GC(175) Pause Young (Allocation Failure)
[2020-09-11T18:34:58.476+0000][1][gc,task      ] GC(175) Using 1 workers of 1 for evacuation
[2020-09-11T18:34:58.483+0000][1][gc,age       ] GC(175) Desired survivor size 4358144 bytes, new threshold 6 (max threshold 6)
[2020-09-11T18:34:58.483+0000][1][gc,age       ] GC(175) Age table with threshold 6 (max threshold 6)
[2020-09-11T18:34:58.483+0000][1][gc,age       ] GC(175) - age   1:     440008 bytes,     440008 total
[2020-09-11T18:34:58.483+0000][1][gc,age       ] GC(175) - age   2:       5000 bytes,     445008 total
[2020-09-11T18:34:58.483+0000][1][gc,age       ] GC(175) - age   3:       1848 bytes,     446856 total
[2020-09-11T18:34:58.483+0000][1][gc,age       ] GC(175) - age   4:     241664 bytes,     688520 total
[2020-09-11T18:34:58.483+0000][1][gc,age       ] GC(175) - age   5:      23040 bytes,     711560 total
[2020-09-11T18:34:58.483+0000][1][gc,age       ] GC(175) - age   6:     207768 bytes,     919328 total
[2020-09-11T18:34:58.483+0000][1][gc,heap      ] GC(175) ParNew: 68772K->1144K(76672K)
[2020-09-11T18:34:58.483+0000][1][gc,heap      ] GC(175) CMS: 80359K->80360K(439104K)
[2020-09-11T18:34:58.483+0000][1][gc,metaspace ] GC(175) Metaspace: 98134K->98134K(1140736K)
[2020-09-11T18:34:58.483+0000][1][gc           ] GC(175) Pause Young (Allocation Failure) 145M->79M(503M) 7.739ms
[2020-09-11T18:34:58.483+0000][1][gc,cpu       ] GC(175) User=0.01s Sys=0.00s Real=0.01s
[2020-09-11T18:34:58.486+0000][1][safepoint    ] Safepoint "GenCollectForAllocation", Time since last: 15277603 ns, Reaching safepoint: 246556 ns, At safepoint: 10566265 ns, Total: 10812821 ns
[2020-09-11T18:35:05.018+0000][1][safepoint    ] Safepoint "RevokeBias", Time since last: 6531803959 ns, Reaching safepoint: 225228 ns, At safepoint: 24266 ns, Total: 249494 ns
[2020-09-11T18:35:08.399+0000][1][safepoint    ] Safepoint "RevokeBias", Time since last: 3380562824 ns, Reaching safepoint: 226401 ns, At safepoint: 219229 ns, Total: 445630 ns
[2020-09-11T18:35:15.018+0000][1][safepoint    ] Safepoint "RevokeBias", Time since last: 6618842039 ns, Reaching safepoint: 275258 ns, At safepoint: 39196 ns, Total: 314454 ns
[2020-09-11T18:35:18.395+0000][1][safepoint    ] Safepoint "RevokeBias", Time since last: 3376372891 ns, Reaching safepoint: 237016 ns, At safepoint: 23456 ns, Total: 260472 ns
[2020-09-11T18:35:19.741+0000][1][gc,start     ] GC(176) Pause Young (Allocation Failure)
[2020-09-11T18:35:19.741+0000][1][gc,task      ] GC(176) Using 1 workers of 1 for evacuation
[2020-09-11T18:35:19.756+0000][1][gc,age       ] GC(176) Desired survivor size 4358144 bytes, new threshold 6 (max threshold 6)
[2020-09-11T18:35:19.756+0000][1][gc,age       ] GC(176) Age table with threshold 6 (max threshold 6)
[2020-09-11T18:35:19.756+0000][1][gc,age       ] GC(176) - age   1:      61920 bytes,      61920 total
[2020-09-11T18:35:19.756+0000][1][gc,age       ] GC(176) - age   2:       4648 bytes,      66568 total
[2020-09-11T18:35:19.756+0000][1][gc,age       ] GC(176) - age   3:       2576 bytes,      69144 total
[2020-09-11T18:35:19.756+0000][1][gc,age       ] GC(176) - age   4:       1656 bytes,      70800 total
[2020-09-11T18:35:19.756+0000][1][gc,age       ] GC(176) - age   5:     241664 bytes,     312464 total
[2020-09-11T18:35:19.756+0000][1][gc,age       ] GC(176) - age   6:      23040 bytes,     335504 total
[2020-09-11T18:35:19.756+0000][1][gc,heap      ] GC(176) ParNew: 69274K->816K(76672K)
[2020-09-11T18:35:19.756+0000][1][gc,heap      ] GC(176) CMS: 80360K->80571K(439104K)
[2020-09-11T18:35:19.756+0000][1][gc,metaspace ] GC(176) Metaspace: 98142K->98142K(1140736K)
[2020-09-11T18:35:19.756+0000][1][gc           ] GC(176) Pause Young (Allocation Failure) 146M->79M(503M) 15.403ms
[2020-09-11T18:35:19.756+0000][1][gc,cpu       ] GC(176) User=0.01s Sys=0.00s Real=0.01s
[2020-09-11T18:35:19.756+0000][1][safepoint    ] Safepoint "GenCollectForAllocation", Time since last: 1345651307 ns, Reaching safepoint: 215276 ns, At safepoint: 15483756 ns, Total: 15699032 ns
[2020-09-11T18:35:25.059+0000][1][safepoint    ] Safepoint "RevokeBias", Time since last: 5302381218 ns, Reaching safepoint: 295606 ns, At safepoint: 176451 ns, Total: 472057 ns
[2020-09-11T18:35:25.888+0000][1][safepoint    ] Safepoint "RevokeBias", Time since last: 827773130 ns, Reaching safepoint: 516452 ns, At safepoint: 60593 ns, Total: 577045 ns
[2020-09-11T18:35:25.888+0000][1][safepoint    ] Safepoint "RevokeBias", Time since last: 164327 ns, Reaching safepoint: 443726 ns, At safepoint: 43914 ns, Total: 487640 ns
[2020-09-11T18:35:25.889+0000][1][safepoint    ] Safepoint "RevokeBias", Time since last: 113153 ns, Reaching safepoint: 263208 ns, At safepoint: 40693 ns, Total: 303901 ns
[2020-09-11T18:35:25.889+0000][1][safepoint    ] Safepoint "RevokeBias", Time since last: 95145 ns, Reaching safepoint: 296170 ns, At safepoint: 81264 ns, Total: 377434 ns
[2020-09-11T18:35:25.890+0000][1][safepoint    ] Safepoint "RevokeBias", Time since last: 84945 ns, Reaching safepoint: 305147 ns, At safepoint: 84801 ns, Total: 389948 ns
[2020-09-11T18:35:25.890+0000][1][safepoint    ] Safepoint "RevokeBias", Time since last: 81046 ns, Reaching safepoint: 290200 ns, At safepoint: 61247 ns, Total: 351447 ns
[2020-09-11T18:35:25.890+0000][1][safepoint    ] Safepoint "RevokeBias", Time since last: 79019 ns, Reaching safepoint: 242022 ns, At safepoint: 60686 ns, Total: 302708 ns
[2020-09-11T18:35:25.891+0000][1][safepoint    ] Safepoint "RevokeBias", Time since last: 77381 ns, Reaching safepoint: 243917 ns, At safepoint: 76970 ns, Total: 320887 ns
[2020-09-11T18:35:25.891+0000][1][safepoint    ] Safepoint "RevokeBias", Time since last: 106377 ns, Reaching safepoint: 236383 ns, At safepoint: 59751 ns, Total: 296134 ns
[2020-09-11T18:35:25.892+0000][1][safepoint    ] Safepoint "RevokeBias", Time since last: 76602 ns, Reaching safepoint: 231418 ns, At safepoint: 58398 ns, Total: 289816 ns
[2020-09-11T18:35:28.416+0000][1][safepoint    ] Safepoint "RevokeBias", Time since last: 2524299872 ns, Reaching safepoint: 231188 ns, At safepoint: 234625 ns, Total: 465813 ns
[2020-09-11T18:35:29.417+0000][1][safepoint    ] Safepoint "Cleanup", Time since last: 1000166554 ns, Reaching safepoint: 95823 ns, At safepoint: 9116 ns, Total: 104939 ns
[2020-09-11T18:35:35.018+0000][1][safepoint    ] Safepoint "RevokeBias", Time since last: 5601391249 ns, Reaching safepoint: 124264 ns, At safepoint: 26698 ns, Total: 150962 ns
[2020-09-11T18:35:36.018+0000][1][safepoint    ] Safepoint "Cleanup", Time since last: 1000112814 ns, Reaching safepoint: 92440 ns, At safepoint: 10372 ns, Total: 102812 ns
[2020-09-11T18:35:37.019+0000][1][safepoint    ] Safepoint "Cleanup", Time since last: 1000120038 ns, Reaching safepoint: 94719 ns, At safepoint: 10786 ns, Total: 105505 ns
[2020-09-11T18:35:38.019+0000][1][safepoint    ] Safepoint "Cleanup", Time since last: 1000116747 ns, Reaching safepoint: 91631 ns, At safepoint: 10740 ns, Total: 102371 ns
[2020-09-11T18:35:38.504+0000][1][safepoint    ] Safepoint "RevokeBias", Time since last: 484686881 ns, Reaching safepoint: 91854 ns, At safepoint: 20210 ns, Total: 112064 ns
[2020-09-11T18:35:39.504+0000][1][safepoint    ] Safepoint "Cleanup", Time since last: 1000116772 ns, Reaching safepoint: 98248 ns, At safepoint: 11240 ns, Total: 109488 ns
[2020-09-11T18:35:40.504+0000][1][safepoint    ] Safepoint "Cleanup", Time since last: 1000122463 ns, Reaching safepoint: 96145 ns, At safepoint: 9699 ns, Total: 105844 ns
[2020-09-11T18:35:41.505+0000][1][safepoint    ] Safepoint "Cleanup", Time since last: 1000225758 ns, Reaching safepoint: 574069 ns, At safepoint: 10390 ns, Total: 584459 ns
[2020-09-11T18:35:42.505+0000][1][safepoint    ] Safepoint "Cleanup", Time since last: 1000114515 ns, Reaching safepoint: 93438 ns, At safepoint: 11461 ns, Total: 104899 ns
[2020-09-11T18:35:43.263+0000][1][gc,start     ] GC(177) Pause Young (Allocation Failure)
[2020-09-11T18:35:43.263+0000][1][gc,task      ] GC(177) Using 1 workers of 1 for evacuation
[2020-09-11T18:35:43.268+0000][1][gc,age       ] GC(177) Desired survivor size 4358144 bytes, new threshold 6 (max threshold 6)
[2020-09-11T18:35:43.268+0000][1][gc,age       ] GC(177) Age table with threshold 6 (max threshold 6)
[2020-09-11T18:35:43.268+0000][1][gc,age       ] GC(177) - age   1:      87608 bytes,      87608 total
[2020-09-11T18:35:43.268+0000][1][gc,age       ] GC(177) - age   2:      17176 bytes,     104784 total
[2020-09-11T18:35:43.268+0000][1][gc,age       ] GC(177) - age   3:       1648 bytes,     106432 total
[2020-09-11T18:35:43.268+0000][1][gc,age       ] GC(177) - age   4:       2576 bytes,     109008 total
[2020-09-11T18:35:43.268+0000][1][gc,age       ] GC(177) - age   5:        416 bytes,     109424 total
[2020-09-11T18:35:43.268+0000][1][gc,age       ] GC(177) - age   6:     241496 bytes,     350920 total
[2020-09-11T18:35:43.268+0000][1][gc,heap      ] GC(177) ParNew: 68976K->653K(76672K)
[2020-09-11T18:35:43.268+0000][1][gc,heap      ] GC(177) CMS: 80571K->80593K(439104K)
[2020-09-11T18:35:43.268+0000][1][gc,metaspace ] GC(177) Metaspace: 98157K->98157K(1140736K)
[2020-09-11T18:35:43.268+0000][1][gc           ] GC(177) Pause Young (Allocation Failure) 146M->79M(503M) 5.098ms
[2020-09-11T18:35:43.268+0000][1][gc,cpu       ] GC(177) User=0.00s Sys=0.00s Real=0.00s
[2020-09-11T18:35:43.273+0000][1][safepoint    ] Safepoint "GenCollectForAllocation", Time since last: 757978893 ns, Reaching safepoint: 97582 ns, At safepoint: 9642075 ns, Total: 9739657 ns
[2020-09-11T18:35:44.279+0000][1][safepoint    ] Safepoint "Cleanup", Time since last: 1006174830 ns, Reaching safepoint: 90250 ns, At safepoint: 25135 ns, Total: 115385 ns
[2020-09-11T18:35:45.082+0000][1][safepoint    ] Safepoint "RevokeBias", Time since last: 802880852 ns, Reaching safepoint: 106124 ns, At safepoint: 53766 ns, Total: 159890 ns
[2020-09-11T18:35:45.201+0000][1][safepoint    ] Safepoint "RevokeBias", Time since last: 119202630 ns, Reaching safepoint: 93784 ns, At safepoint: 35281 ns, Total: 129065 ns
[2020-09-11T18:35:45.202+0000][1][safepoint    ] Safepoint "RevokeBias", Time since last: 63641 ns, Reaching safepoint: 63758 ns, At safepoint: 23903 ns, Total: 87661 ns
[2020-09-11T18:35:45.330+0000][1][safepoint    ] Safepoint "RevokeBias", Time since last: 127885568 ns, Reaching safepoint: 210974 ns, At safepoint: 128666 ns, Total: 339640 ns
[2020-09-11T18:35:45.335+0000][1][safepoint    ] Safepoint "RevokeBias", Time since last: 4536431 ns, Reaching safepoint: 282262 ns, At safepoint: 44097 ns, Total: 326359 ns
[2020-09-11T18:35:45.551+0000][1][safepoint    ] Safepoint "BulkRevokeBias", Time since last: 216166024 ns, Reaching safepoint: 233015 ns, At safepoint: 275396 ns, Total: 508411 ns
[2020-09-11T18:35:45.564+0000][1][safepoint    ] Safepoint "RevokeBias", Time since last: 12059027 ns, Reaching safepoint: 357753 ns, At safepoint: 28915 ns, Total: 386668 ns
[2020-09-11T18:35:45.564+0000][1][safepoint    ] Safepoint "RevokeBias", Time since last: 78038 ns, Reaching safepoint: 103413 ns, At safepoint: 16493 ns, Total: 119906 ns
[2020-09-11T18:35:45.564+0000][1][safepoint    ] Safepoint "RevokeBias", Time since last: 41872 ns, Reaching safepoint: 102475 ns, At safepoint: 14915 ns, Total: 117390 ns
[2020-09-11T18:35:45.564+0000][1][safepoint    ] Safepoint "RevokeBias", Time since last: 37928 ns, Reaching safepoint: 101748 ns, At safepoint: 16933 ns, Total: 118681 ns
[2020-09-11T18:35:45.564+0000][1][safepoint    ] Safepoint "RevokeBias", Time since last: 36076 ns, Reaching safepoint: 101161 ns, At safepoint: 15675 ns, Total: 116836 ns
[2020-09-11T18:35:45.565+0000][1][safepoint    ] Safepoint "RevokeBias", Time since last: 36840 ns, Reaching safepoint: 101023 ns, At safepoint: 15380 ns, Total: 116403 ns
[2020-09-11T18:35:45.568+0000][1][safepoint    ] Safepoint "RevokeBias", Time since last: 34855 ns, Reaching safepoint: 3160943 ns, At safepoint: 34359 ns, Total: 3195302 ns
[2020-09-11T18:35:45.568+0000][1][safepoint    ] Safepoint "RevokeBias", Time since last: 92987 ns, Reaching safepoint: 104595 ns, At safepoint: 15250 ns, Total: 119845 ns
[2020-09-11T18:35:45.568+0000][1][safepoint    ] Safepoint "RevokeBias", Time since last: 38469 ns, Reaching safepoint: 101480 ns, At safepoint: 13993 ns, Total: 115473 ns
[2020-09-11T18:35:45.568+0000][1][safepoint    ] Safepoint "RevokeBias", Time since last: 35988 ns, Reaching safepoint: 100927 ns, At safepoint: 13926 ns, Total: 114853 ns
[2020-09-11T18:35:45.569+0000][1][safepoint    ] Safepoint "RevokeBias", Time since last: 35452 ns, Reaching safepoint: 100654 ns, At safepoint: 13683 ns, Total: 114337 ns
[2020-09-11T18:35:45.569+0000][1][safepoint    ] Safepoint "RevokeBias", Time since last: 35160 ns, Reaching safepoint: 100161 ns, At safepoint: 14426 ns, Total: 114587 ns
[2020-09-11T18:35:45.573+0000][1][safepoint    ] Safepoint "RevokeBias", Time since last: 33051 ns, Reaching safepoint: 4071134 ns, At safepoint: 25572 ns, Total: 4096706 ns
[2020-09-11T18:35:45.573+0000][1][safepoint    ] Safepoint "RevokeBias", Time since last: 254392 ns, Reaching safepoint: 115719 ns, At safepoint: 15730 ns, Total: 131449 ns
[2020-09-11T18:35:45.573+0000][1][safepoint    ] Safepoint "RevokeBias", Time since last: 37776 ns, Reaching safepoint: 31182 ns, At safepoint: 13872 ns, Total: 45054 ns
[2020-09-11T18:35:45.573+0000][1][safepoint    ] Safepoint "RevokeBias", Time since last: 107898 ns, Reaching safepoint: 32954 ns, At safepoint: 14046 ns, Total: 47000 ns
[2020-09-11T18:35:45.574+0000][1][safepoint    ] Safepoint "RevokeBias", Time since last: 34910 ns, Reaching safepoint: 30609 ns, At safepoint: 13330 ns, Total: 43939 ns
[2020-09-11T18:35:45.574+0000][1][safepoint    ] Safepoint "RevokeBias", Time since last: 31412 ns, Reaching safepoint: 30263 ns, At safepoint: 13022 ns, Total: 43285 ns
[2020-09-11T18:35:45.574+0000][1][safepoint    ] Safepoint "RevokeBias", Time since last: 30918 ns, Reaching safepoint: 30266 ns, At safepoint: 13188 ns, Total: 43454 ns
[2020-09-11T18:35:45.574+0000][1][safepoint    ] Safepoint "BulkRevokeBias", Time since last: 30849 ns, Reaching safepoint: 30007 ns, At safepoint: 218517 ns, Total: 248524 ns
[2020-09-11T18:35:45.677+0000][1][safepoint    ] Safepoint "Deoptimize", Time since last: 102121067 ns, Reaching safepoint: 185419 ns, At safepoint: 1087775 ns, Total: 1273194 ns
[2020-09-11T18:35:45.889+0000][1][safepoint    ] Safepoint "RevokeBias", Time since last: 211433539 ns, Reaching safepoint: 191634 ns, At safepoint: 17190 ns, Total: 208824 ns
[2020-09-11T18:35:46.040+0000][1][safepoint    ] Safepoint "RevokeBias", Time since last: 150834879 ns, Reaching safepoint: 161479 ns, At safepoint: 21891 ns, Total: 183370 ns
[2020-09-11T18:35:46.336+0000][1][safepoint    ] Safepoint "RevokeBias", Time since last: 293261517 ns, Reaching safepoint: 3006946 ns, At safepoint: 29410 ns, Total: 3036356 ns
[2020-09-11T18:35:46.575+0000][1][safepoint    ] Safepoint "RevokeBias", Time since last: 238677605 ns, Reaching safepoint: 106212 ns, At safepoint: 21602 ns, Total: 127814 ns
[2020-09-11T18:35:46.575+0000][1][safepoint    ] Safepoint "RevokeBias", Time since last: 77173 ns, Reaching safepoint: 36055 ns, At safepoint: 12127 ns, Total: 48182 ns
[2020-09-11T18:35:46.575+0000][1][safepoint    ] Safepoint "RevokeBias", Time since last: 33488 ns, Reaching safepoint: 33886 ns, At safepoint: 10317 ns, Total: 44203 ns
[2020-09-11T18:35:46.885+0000][1][safepoint    ] Safepoint "RevokeBias", Time since last: 308684921 ns, Reaching safepoint: 884937 ns, At safepoint: 28643 ns, Total: 913580 ns
[2020-09-11T18:35:46.886+0000][1][safepoint    ] Safepoint "RevokeBias", Time since last: 731596 ns, Reaching safepoint: 173156 ns, At safepoint: 16096 ns, Total: 189252 ns
[2020-09-11T18:35:46.901+0000][1][safepoint    ] Safepoint "RevokeBias", Time since last: 8562468 ns, Reaching safepoint: 6513441 ns, At safepoint: 33894 ns, Total: 6547335 ns
[2020-09-11T18:35:46.905+0000][1][safepoint    ] Safepoint "RevokeBias", Time since last: 451633 ns, Reaching safepoint: 3432593 ns, At safepoint: 16295 ns, Total: 3448888 ns
[2020-09-11T18:35:46.983+0000][1][safepoint    ] Safepoint "RevokeBias", Time since last: 77978642 ns, Reaching safepoint: 328248 ns, At safepoint: 21805 ns, Total: 350053 ns
[2020-09-11T18:35:46.983+0000][1][safepoint    ] Safepoint "RevokeBias", Time since last: 131688 ns, Reaching safepoint: 113193 ns, At safepoint: 13232 ns, Total: 126425 ns
[2020-09-11T18:35:46.984+0000][1][safepoint    ] Safepoint "RevokeBias", Time since last: 67058 ns, Reaching safepoint: 114402 ns, At safepoint: 12186 ns, Total: 126588 ns
[2020-09-11T18:35:47.078+0000][1][safepoint    ] Safepoint "RevokeBias", Time since last: 94100442 ns, Reaching safepoint: 118531 ns, At safepoint: 21049 ns, Total: 139580 ns
[2020-09-11T18:35:47.085+0000][1][safepoint    ] Safepoint "RevokeBias", Time since last: 7000475 ns, Reaching safepoint: 114337 ns, At safepoint: 28431 ns, Total: 142768 ns
[2020-09-11T18:35:47.085+0000][1][safepoint    ] Safepoint "RevokeBias", Time since last: 115363 ns, Reaching safepoint: 79118 ns, At safepoint: 17853 ns, Total: 96971 ns
[2020-09-11T18:35:47.576+0000][1][safepoint    ] Safepoint "RevokeBias", Time since last: 490336685 ns, Reaching safepoint: 100050 ns, At safepoint: 21230 ns, Total: 121280 ns
[2020-09-11T18:35:47.576+0000][1][safepoint    ] Safepoint "RevokeBias", Time since last: 134409 ns, Reaching safepoint: 31685 ns, At safepoint: 11123 ns, Total: 42808 ns
[2020-09-11T18:35:47.577+0000][1][safepoint    ] Safepoint "RevokeBias", Time since last: 1089541 ns, Reaching safepoint: 41933 ns, At safepoint: 14040 ns, Total: 55973 ns
[2020-09-11T18:35:47.590+0000][1][safepoint    ] Safepoint "Deoptimize", Time since last: 9776728 ns, Reaching safepoint: 1840560 ns, At safepoint: 1081313 ns, Total: 2921873 ns
[2020-09-11T18:35:47.682+0000][1][safepoint    ] Safepoint "RevokeBias", Time since last: 76438582 ns, Reaching safepoint: 190220 ns, At safepoint: 16093177 ns, Total: 16283397 ns
[2020-09-11T18:35:47.801+0000][1][gc,start     ] GC(178) Pause Young (Allocation Failure)
[2020-09-11T18:35:47.801+0000][1][gc,task      ] GC(178) Using 1 workers of 1 for evacuation
[2020-09-11T18:35:47.827+0000][1][gc,age       ] GC(178) Desired survivor size 4358144 bytes, new threshold 6 (max threshold 6)
[2020-09-11T18:35:47.827+0000][1][gc,age       ] GC(178) Age table with threshold 6 (max threshold 6)
[2020-09-11T18:35:47.827+0000][1][gc,age       ] GC(178) - age   1:    4125480 bytes,    4125480 total
[2020-09-11T18:35:47.827+0000][1][gc,age       ] GC(178) - age   2:      55424 bytes,    4180904 total
[2020-09-11T18:35:47.827+0000][1][gc,age       ] GC(178) - age   3:        576 bytes,    4181480 total
[2020-09-11T18:35:47.827+0000][1][gc,age       ] GC(178) - age   4:       1648 bytes,    4183128 total
[2020-09-11T18:35:47.827+0000][1][gc,age       ] GC(178) - age   5:       2576 bytes,    4185704 total
[2020-09-11T18:35:47.827+0000][1][gc,age       ] GC(178) - age   6:        416 bytes,    4186120 total
[2020-09-11T18:35:47.827+0000][1][gc,heap      ] GC(178) ParNew: 68812K->4277K(76672K)
[2020-09-11T18:35:47.827+0000][1][gc,heap      ] GC(178) CMS: 80593K->80833K(439104K)
[2020-09-11T18:35:47.827+0000][1][gc,metaspace ] GC(178) Metaspace: 98460K->98460K(1140736K)
[2020-09-11T18:35:47.827+0000][1][gc           ] GC(178) Pause Young (Allocation Failure) 145M->83M(503M) 26.148ms
[2020-09-11T18:35:47.827+0000][1][gc,cpu       ] GC(178) User=0.01s Sys=0.00s Real=0.02s
[2020-09-11T18:35:47.861+0000][1][safepoint    ] Safepoint "GenCollectForAllocation", Time since last: 118378616 ns, Reaching safepoint: 185705 ns, At safepoint: 59805758 ns, Total: 59991463 ns
[2020-09-11T18:35:47.923+0000][1][safepoint    ] Safepoint "RevokeBias", Time since last: 61791236 ns, Reaching safepoint: 170283 ns, At safepoint: 21948 ns, Total: 192231 ns
[2020-09-11T18:35:47.929+0000][1][safepoint    ] Safepoint "RevokeBias", Time since last: 6046380 ns, Reaching safepoint: 196614 ns, At safepoint: 24964 ns, Total: 221578 ns
[2020-09-11T18:35:47.933+0000][1][safepoint    ] Safepoint "RevokeBias", Time since last: 3744438 ns, Reaching safepoint: 141967 ns, At safepoint: 16469 ns, Total: 158436 ns
[2020-09-11T18:35:47.933+0000][1][safepoint    ] Safepoint "RevokeBias", Time since last: 78127 ns, Reaching safepoint: 35550 ns, At safepoint: 11321 ns, Total: 46871 ns
[2020-09-11T18:35:48.033+0000][1][safepoint    ] Safepoint "RevokeBias", Time since last: 99716115 ns, Reaching safepoint: 179789 ns, At safepoint: 47584 ns, Total: 227373 ns
[2020-09-11T18:35:48.074+0000][1][safepoint    ] Safepoint "RevokeBias", Time since last: 40885281 ns, Reaching safepoint: 159226 ns, At safepoint: 18043 ns, Total: 177269 ns
[2020-09-11T18:35:48.074+0000][1][safepoint    ] Safepoint "RevokeBias", Time since last: 95957 ns, Reaching safepoint: 106589 ns, At safepoint: 14931 ns, Total: 121520 ns
[2020-09-11T18:35:48.110+0000][1][safepoint    ] Safepoint "RevokeBias", Time since last: 34514520 ns, Reaching safepoint: 780144 ns, At safepoint: 22095 ns, Total: 802239 ns
[2020-09-11T18:35:48.111+0000][1][safepoint    ] Safepoint "RevokeBias", Time since last: 806614 ns, Reaching safepoint: 118572 ns, At safepoint: 17409 ns, Total: 135981 ns
[2020-09-11T18:35:48.126+0000][1][safepoint    ] Safepoint "RevokeBias", Time since last: 15273056 ns, Reaching safepoint: 173088 ns, At safepoint: 34468 ns, Total: 207556 ns
[2020-09-11T18:35:48.127+0000][1][safepoint    ] Safepoint "RevokeBias", Time since last: 709956 ns, Reaching safepoint: 119177 ns, At safepoint: 15186 ns, Total: 134363 ns
[2020-09-11T18:35:48.158+0000][1][safepoint    ] Safepoint "BulkRevokeBias", Time since last: 29923388 ns, Reaching safepoint: 904452 ns, At safepoint: 255632 ns, Total: 1160084 ns
[2020-09-11T18:35:48.158+0000][1][safepoint    ] Safepoint "RevokeBias", Time since last: 315232 ns, Reaching safepoint: 133417 ns, At safepoint: 16293 ns, Total: 149710 ns
[2020-09-11T18:35:48.159+0000][1][safepoint    ] Safepoint "RevokeBias", Time since last: 53773 ns, Reaching safepoint: 178016 ns, At safepoint: 13808 ns, Total: 191824 ns
[2020-09-11T18:35:48.209+0000][1][safepoint    ] Safepoint "RevokeBias", Time since last: 50128266 ns, Reaching safepoint: 158557 ns, At safepoint: 22483 ns, Total: 181040 ns
[2020-09-11T18:35:48.209+0000][1][safepoint    ] Safepoint "RevokeBias", Time since last: 156048 ns, Reaching safepoint: 104832 ns, At safepoint: 13215 ns, Total: 118047 ns
[2020-09-11T18:35:48.221+0000][1][safepoint    ] Safepoint "RevokeBias", Time since last: 11560408 ns, Reaching safepoint: 172129 ns, At safepoint: 24023 ns, Total: 196152 ns
[2020-09-11T18:35:48.225+0000][1][safepoint    ] Safepoint "RevokeBias", Time since last: 4146995 ns, Reaching safepoint: 163952 ns, At safepoint: 19333 ns, Total: 183285 ns
[2020-09-11T18:35:48.230+0000][1][safepoint    ] Safepoint "RevokeBias", Time since last: 510474 ns, Reaching safepoint: 4190162 ns, At safepoint: 28776 ns, Total: 4218938 ns
[2020-09-11T18:35:48.317+0000][1][safepoint    ] Safepoint "RevokeBias", Time since last: 87038783 ns, Reaching safepoint: 272269 ns, At safepoint: 60847 ns, Total: 333116 ns
[2020-09-11T18:35:48.325+0000][1][safepoint    ] Safepoint "RevokeBias", Time since last: 7411458 ns, Reaching safepoint: 155511 ns, At safepoint: 19836 ns, Total: 175347 ns
[2020-09-11T18:35:48.343+0000][1][safepoint    ] Safepoint "RevokeBias", Time since last: 17632564 ns, Reaching safepoint: 86425 ns, At safepoint: 17085 ns, Total: 103510 ns
[2020-09-11T18:35:48.343+0000][1][safepoint    ] Safepoint "RevokeBias", Time since last: 61471 ns, Reaching safepoint: 45706 ns, At safepoint: 11654 ns, Total: 57360 ns
[2020-09-11T18:35:48.343+0000][1][safepoint    ] Safepoint "RevokeBias", Time since last: 66236 ns, Reaching safepoint: 34406 ns, At safepoint: 10463 ns, Total: 44869 ns
[2020-09-11T18:35:48.378+0000][1][safepoint    ] Safepoint "RevokeBias", Time since last: 34766270 ns, Reaching safepoint: 346463 ns, At safepoint: 28965 ns, Total: 375428 ns
[2020-09-11T18:35:48.379+0000][1][safepoint    ] Safepoint "RevokeBias", Time since last: 627191 ns, Reaching safepoint: 177844 ns, At safepoint: 20637 ns, Total: 198481 ns
[2020-09-11T18:35:48.389+0000][1][safepoint    ] Safepoint "RevokeBias", Time since last: 9916964 ns, Reaching safepoint: 543100 ns, At safepoint: 30577 ns, Total: 573677 ns
[2020-09-11T18:35:48.390+0000][1][safepoint    ] Safepoint "RevokeBias", Time since last: 86506 ns, Reaching safepoint: 160268 ns, At safepoint: 19456 ns, Total: 179724 ns
[2020-09-11T18:35:48.476+0000][1][safepoint    ] Safepoint "RevokeBias", Time since last: 85389620 ns, Reaching safepoint: 502237 ns, At safepoint: 21100 ns, Total: 523337 ns
[2020-09-11T18:35:48.476+0000][1][safepoint    ] Safepoint "RevokeBias", Time since last: 90540 ns, Reaching safepoint: 106827 ns, At safepoint: 13056 ns, Total: 119883 ns
[2020-09-11T18:35:48.477+0000][1][safepoint    ] Safepoint "RevokeBias", Time since last: 1042342 ns, Reaching safepoint: 123125 ns, At safepoint: 15547 ns, Total: 138672 ns
[2020-09-11T18:35:48.481+0000][1][safepoint    ] Safepoint "RevokeBias", Time since last: 3830540 ns, Reaching safepoint: 125752 ns, At safepoint: 14784 ns, Total: 140536 ns
[2020-09-11T18:35:48.481+0000][1][safepoint    ] Safepoint "RevokeBias", Time since last: 50754 ns, Reaching safepoint: 108689 ns, At safepoint: 12952 ns, Total: 121641 ns
[2020-09-11T18:35:48.538+0000][1][safepoint    ] Safepoint "RevokeBias", Time since last: 53371975 ns, Reaching safepoint: 3331466 ns, At safepoint: 26605 ns, Total: 3358071 ns
[2020-09-11T18:35:48.573+0000][1][safepoint    ] Safepoint "RevokeBias", Time since last: 35197290 ns, Reaching safepoint: 231311 ns, At safepoint: 19972 ns, Total: 251283 ns
[2020-09-11T18:35:48.606+0000][1][safepoint    ] Safepoint "RevokeBias", Time since last: 32323986 ns, Reaching safepoint: 176080 ns, At safepoint: 23400 ns, Total: 199480 ns
[2020-09-11T18:35:48.796+0000][1][safepoint    ] Safepoint "RevokeBias", Time since last: 189704273 ns, Reaching safepoint: 172323 ns, At safepoint: 16801 ns, Total: 189124 ns
[2020-09-11T18:35:48.796+0000][1][safepoint    ] Safepoint "RevokeBias", Time since last: 87542 ns, Reaching safepoint: 106496 ns, At safepoint: 12002 ns, Total: 118498 ns
[2020-09-11T18:35:48.797+0000][1][safepoint    ] Safepoint "RevokeBias", Time since last: 817112 ns, Reaching safepoint: 117817 ns, At safepoint: 14488 ns, Total: 132305 ns
[2020-09-11T18:35:48.797+0000][1][safepoint    ] Safepoint "RevokeBias", Time since last: 120761 ns, Reaching safepoint: 104523 ns, At safepoint: 45821 ns, Total: 150344 ns
[2020-09-11T18:35:48.885+0000][1][safepoint    ] Safepoint "RevokeBias", Time since last: 87521380 ns, Reaching safepoint: 120619 ns, At safepoint: 20817 ns, Total: 141436 ns
[2020-09-11T18:35:49.134+0000][1][safepoint    ] Safepoint "RevokeBias", Time since last: 244332266 ns, Reaching safepoint: 4939182 ns, At safepoint: 29754 ns, Total: 4968936 ns
[2020-09-11T18:35:49.359+0000][1][safepoint    ] Safepoint "RevokeBias", Time since last: 224921209 ns, Reaching safepoint: 87993 ns, At safepoint: 19342 ns, Total: 107335 ns
[2020-09-11T18:35:49.359+0000][1][safepoint    ] Safepoint "RevokeBias", Time since last: 122807 ns, Reaching safepoint: 33956 ns, At safepoint: 11342 ns, Total: 45298 ns
[2020-09-11T18:35:50.360+0000][1][safepoint    ] Safepoint "Cleanup", Time since last: 1000090717 ns, Reaching safepoint: 111781 ns, At safepoint: 8117 ns, Total: 119898 ns
[2020-09-11T18:35:51.360+0000][1][safepoint    ] Safepoint "Cleanup", Time since last: 1000122379 ns, Reaching safepoint: 94263 ns, At safepoint: 10367 ns, Total: 104630 ns
[2020-09-11T18:35:52.360+0000][1][safepoint    ] Safepoint "Cleanup", Time since last: 1000127132 ns, Reaching safepoint: 90171 ns, At safepoint: 9349 ns, Total: 99520 ns
[2020-09-11T18:35:53.360+0000][1][safepoint    ] Safepoint "Cleanup", Time since last: 1000124094 ns, Reaching safepoint: 96170 ns, At safepoint: 7633 ns, Total: 103803 ns
[2020-09-11T18:35:54.360+0000][1][safepoint    ] Safepoint "Cleanup", Time since last: 1000110901 ns, Reaching safepoint: 102865 ns, At safepoint: 10163 ns, Total: 113028 ns
[2020-09-11T18:35:55.018+0000][1][safepoint    ] Safepoint "RevokeBias", Time since last: 657193175 ns, Reaching safepoint: 184957 ns, At safepoint: 26706 ns, Total: 211663 ns
[2020-09-11T18:35:56.018+0000][1][safepoint    ] Safepoint "Cleanup", Time since last: 1000109858 ns, Reaching safepoint: 93595 ns, At safepoint: 10453 ns, Total: 104048 ns
[2020-09-11T18:35:57.021+0000][1][safepoint    ] Safepoint "Cleanup", Time since last: 1002707445 ns, Reaching safepoint: 89271 ns, At safepoint: 8745 ns, Total: 98016 ns
[2020-09-11T18:35:57.741+0000][1][gc,start     ] GC(179) Pause Young (Allocation Failure)
[2020-09-11T18:35:57.741+0000][1][gc,task      ] GC(179) Using 1 workers of 1 for evacuation
[2020-09-11T18:35:57.772+0000][1][gc,age       ] GC(179) Desired survivor size 4358144 bytes, new threshold 2 (max threshold 6)
[2020-09-11T18:35:57.772+0000][1][gc,age       ] GC(179) Age table with threshold 2 (max threshold 6)
[2020-09-11T18:35:57.772+0000][1][gc,age       ] GC(179) - age   1:    3790456 bytes,    3790456 total
[2020-09-11T18:35:57.772+0000][1][gc,age       ] GC(179) - age   2:     589184 bytes,    4379640 total
[2020-09-11T18:35:57.772+0000][1][gc,age       ] GC(179) - age   3:      44760 bytes,    4424400 total
[2020-09-11T18:35:57.772+0000][1][gc,age       ] GC(179) - age   4:        272 bytes,    4424672 total
[2020-09-11T18:35:57.772+0000][1][gc,age       ] GC(179) - age   5:        312 bytes,    4424984 total
[2020-09-11T18:35:57.772+0000][1][gc,age       ] GC(179) - age   6:       2576 bytes,    4427560 total
[2020-09-11T18:35:57.772+0000][1][gc,heap      ] GC(179) ParNew: 72432K->4551K(76672K)
[2020-09-11T18:35:57.772+0000][1][gc,heap      ] GC(179) CMS: 80833K->80834K(439104K)
[2020-09-11T18:35:57.772+0000][1][gc,metaspace ] GC(179) Metaspace: 98651K->98651K(1140736K)
[2020-09-11T18:35:57.772+0000][1][gc           ] GC(179) Pause Young (Allocation Failure) 149M->83M(503M) 31.406ms
[2020-09-11T18:35:57.772+0000][1][gc,cpu       ] GC(179) User=0.02s Sys=0.00s Real=0.02s
[2020-09-11T18:35:57.782+0000][1][safepoint    ] Safepoint "GenCollectForAllocation", Time since last: 719939687 ns, Reaching safepoint: 229699 ns, At safepoint: 41224810 ns, Total: 41454509 ns
[2020-09-11T18:35:57.892+0000][1][safepoint    ] Safepoint "RevokeBias", Time since last: 109141643 ns, Reaching safepoint: 119940 ns, At safepoint: 24053 ns, Total: 143993 ns
[2020-09-11T18:35:58.137+0000][1][safepoint    ] Safepoint "BulkRevokeBias", Time since last: 244793432 ns, Reaching safepoint: 92747 ns, At safepoint: 239103 ns, Total: 331850 ns
[2020-09-11T18:35:58.195+0000][1][safepoint    ] Safepoint "RevokeBias", Time since last: 58187698 ns, Reaching safepoint: 180343 ns, At safepoint: 23682 ns, Total: 204025 ns
[2020-09-11T18:35:58.197+0000][1][safepoint    ] Safepoint "RevokeBias", Time since last: 886483 ns, Reaching safepoint: 851132 ns, At safepoint: 20248 ns, Total: 871380 ns
[2020-09-11T18:35:58.199+0000][1][safepoint    ] Safepoint "BulkRevokeBias", Time since last: 153990 ns, Reaching safepoint: 1321791 ns, At safepoint: 244156 ns, Total: 1565947 ns
[2020-09-11T18:35:58.251+0000][1][safepoint    ] Safepoint "RevokeBias", Time since last: 52387100 ns, Reaching safepoint: 157515 ns, At safepoint: 20503 ns, Total: 178018 ns
[2020-09-11T18:35:58.269+0000][1][safepoint    ] Safepoint "RevokeBias", Time since last: 17329021 ns, Reaching safepoint: 153501 ns, At safepoint: 29861 ns, Total: 183362 ns
[2020-09-11T18:35:58.377+0000][1][safepoint    ] Safepoint "RevokeBias", Time since last: 108499911 ns, Reaching safepoint: 177490 ns, At safepoint: 24058 ns, Total: 201548 ns
[2020-09-11T18:35:58.504+0000][1][safepoint    ] Safepoint "RevokeBias", Time since last: 126342897 ns, Reaching safepoint: 292205 ns, At safepoint: 210126 ns, Total: 502331 ns
[2020-09-11T18:35:58.619+0000][1][safepoint    ] Safepoint "RevokeBias", Time since last: 114317937 ns, Reaching safepoint: 172123 ns, At safepoint: 39410 ns, Total: 211533 ns
[2020-09-11T18:35:59.619+0000][1][safepoint    ] Safepoint "Cleanup", Time since last: 1000138616 ns, Reaching safepoint: 112292 ns, At safepoint: 7091 ns, Total: 119383 ns
[2020-09-11T18:36:00.619+0000][1][safepoint    ] Safepoint "Cleanup", Time since last: 1000118650 ns, Reaching safepoint: 90746 ns, At safepoint: 9967 ns, Total: 100713 ns
[2020-09-11T18:36:01.619+0000][1][safepoint    ] Safepoint "Cleanup", Time since last: 1000112724 ns, Reaching safepoint: 91033 ns, At safepoint: 7674 ns, Total: 98707 ns
[2020-09-11T18:36:02.620+0000][1][safepoint    ] Safepoint "Cleanup", Time since last: 1000124402 ns, Reaching safepoint: 95109 ns, At safepoint: 7523 ns, Total: 102632 ns
[2020-09-11T18:36:03.620+0000][1][safepoint    ] Safepoint "Cleanup", Time since last: 1000117657 ns, Reaching safepoint: 92287 ns, At safepoint: 10815 ns, Total: 103102 ns
[2020-09-11T18:36:04.620+0000][1][safepoint    ] Safepoint "Cleanup", Time since last: 1000115777 ns, Reaching safepoint: 93770 ns, At safepoint: 11315 ns, Total: 105085 ns
[2020-09-11T18:36:05.031+0000][1][safepoint    ] Safepoint "RevokeBias", Time since last: 410851367 ns, Reaching safepoint: 103689 ns, At safepoint: 22319 ns, Total: 126008 ns
[2020-09-11T18:36:06.031+0000][1][safepoint    ] Safepoint "Cleanup", Time since last: 1000103215 ns, Reaching safepoint: 98437 ns, At safepoint: 11403 ns, Total: 109840 ns
[2020-09-11T18:36:07.032+0000][1][safepoint    ] Safepoint "Cleanup", Time since last: 1000874015 ns, Reaching safepoint: 89681 ns, At safepoint: 9095 ns, Total: 98776 ns
[2020-09-11T18:36:07.796+0000][1][gc,start     ] GC(180) Pause Young (Allocation Failure)
[2020-09-11T18:36:07.796+0000][1][gc,task      ] GC(180) Using 1 workers of 1 for evacuation
[2020-09-11T18:36:07.811+0000][1][gc,age       ] GC(180) Desired survivor size 4358144 bytes, new threshold 6 (max threshold 6)
[2020-09-11T18:36:07.811+0000][1][gc,age       ] GC(180) Age table with threshold 6 (max threshold 6)
[2020-09-11T18:36:07.811+0000][1][gc,age       ] GC(180) - age   1:     791312 bytes,     791312 total
[2020-09-11T18:36:07.811+0000][1][gc,age       ] GC(180) - age   2:     497568 bytes,    1288880 total
[2020-09-11T18:36:07.811+0000][1][gc,heap      ] GC(180) ParNew: 72703K->3811K(76672K)
[2020-09-11T18:36:07.811+0000][1][gc,heap      ] GC(180) CMS: 80834K->81459K(439104K)
[2020-09-11T18:36:07.811+0000][1][gc,metaspace ] GC(180) Metaspace: 98729K->98729K(1140736K)
[2020-09-11T18:36:07.811+0000][1][gc           ] GC(180) Pause Young (Allocation Failure) 149M->83M(503M) 14.957ms
[2020-09-11T18:36:07.811+0000][1][gc,cpu       ] GC(180) User=0.01s Sys=0.00s Real=0.01s
[2020-09-11T18:36:07.826+0000][1][safepoint    ] Safepoint "GenCollectForAllocation", Time since last: 761847406 ns, Reaching safepoint: 2112409 ns, At safepoint: 29524864 ns, Total: 31637273 ns
[2020-09-11T18:36:07.934+0000][1][safepoint    ] Safepoint "RevokeBias", Time since last: 107728656 ns, Reaching safepoint: 94104 ns, At safepoint: 21182 ns, Total: 115286 ns
[2020-09-11T18:36:08.275+0000][1][safepoint    ] Safepoint "RevokeBias", Time since last: 341610124 ns, Reaching safepoint: 88586 ns, At safepoint: 25732 ns, Total: 114318 ns
[2020-09-11T18:36:08.434+0000][1][safepoint    ] Safepoint "RevokeBias", Time since last: 158094549 ns, Reaching safepoint: 189751 ns, At safepoint: 24520 ns, Total: 214271 ns
[2020-09-11T18:36:08.437+0000][1][safepoint    ] Safepoint "RevokeBias", Time since last: 958478 ns, Reaching safepoint: 2290317 ns, At safepoint: 27269 ns, Total: 2317586 ns
[2020-09-11T18:36:08.441+0000][1][safepoint    ] Safepoint "RevokeBias", Time since last: 1111541 ns, Reaching safepoint: 2888382 ns, At safepoint: 25530 ns, Total: 2913912 ns
[2020-09-11T18:36:08.445+0000][1][safepoint    ] Safepoint "RevokeBias", Time since last: 89601 ns, Reaching safepoint: 3852930 ns, At safepoint: 22763 ns, Total: 3875693 ns
[2020-09-11T18:36:08.491+0000][1][safepoint    ] Safepoint "RevokeBias", Time since last: 43209236 ns, Reaching safepoint: 2875036 ns, At safepoint: 39848 ns, Total: 2914884 ns
[2020-09-11T18:36:08.517+0000][1][safepoint    ] Safepoint "RevokeBias", Time since last: 18871259 ns, Reaching safepoint: 7026945 ns, At safepoint: 53774 ns, Total: 7080719 ns
[2020-09-11T18:36:08.555+0000][1][safepoint    ] Safepoint "RevokeBias", Time since last: 37532951 ns, Reaching safepoint: 221834 ns, At safepoint: 204380 ns, Total: 426214 ns
[2020-09-11T18:36:08.591+0000][1][safepoint    ] Safepoint "RevokeBias", Time since last: 35826007 ns, Reaching safepoint: 189347 ns, At safepoint: 28013 ns, Total: 217360 ns
[2020-09-11T18:36:09.591+0000][1][safepoint    ] Safepoint "Cleanup", Time since last: 1000125207 ns, Reaching safepoint: 97981 ns, At safepoint: 11928 ns, Total: 109909 ns
[2020-09-11T18:36:10.591+0000][1][safepoint    ] Safepoint "Cleanup", Time since last: 1000121846 ns, Reaching safepoint: 92077 ns, At safepoint: 11125 ns, Total: 103202 ns
[2020-09-11T18:36:11.592+0000][1][safepoint    ] Safepoint "Cleanup", Time since last: 1000115939 ns, Reaching safepoint: 94395 ns, At safepoint: 11327 ns, Total: 105722 ns
[2020-09-11T18:36:12.592+0000][1][safepoint    ] Safepoint "Cleanup", Time since last: 1000122153 ns, Reaching safepoint: 94924 ns, At safepoint: 10294 ns, Total: 105218 ns
[2020-09-11T18:36:13.318+0000][1][gc,start     ] GC(181) Pause Young (Allocation Failure)
[2020-09-11T18:36:13.318+0000][1][gc,task      ] GC(181) Using 1 workers of 1 for evacuation
[2020-09-11T18:36:13.328+0000][1][gc,age       ] GC(181) Desired survivor size 4358144 bytes, new threshold 6 (max threshold 6)
[2020-09-11T18:36:13.328+0000][1][gc,age       ] GC(181) Age table with threshold 6 (max threshold 6)
[2020-09-11T18:36:13.328+0000][1][gc,age       ] GC(181) - age   1:     232864 bytes,     232864 total
[2020-09-11T18:36:13.328+0000][1][gc,age       ] GC(181) - age   2:     195192 bytes,     428056 total
[2020-09-11T18:36:13.328+0000][1][gc,age       ] GC(181) - age   3:     496624 bytes,     924680 total
[2020-09-11T18:36:13.328+0000][1][gc,heap      ] GC(181) ParNew: 71971K->1267K(76672K)
[2020-09-11T18:36:13.328+0000][1][gc,heap      ] GC(181) CMS: 81459K->81459K(439104K)
[2020-09-11T18:36:13.328+0000][1][gc,metaspace ] GC(181) Metaspace: 98765K->98765K(1140736K)
[2020-09-11T18:36:13.328+0000][1][gc           ] GC(181) Pause Young (Allocation Failure) 149M->80M(503M) 10.459ms
[2020-09-11T18:36:13.328+0000][1][gc,cpu       ] GC(181) User=0.01s Sys=0.00s Real=0.01s
[2020-09-11T18:36:13.328+0000][1][safepoint    ] Safepoint "GenCollectForAllocation", Time since last: 725654355 ns, Reaching safepoint: 166834 ns, At safepoint: 10535678 ns, Total: 10702512 ns
[2020-09-11T18:36:14.337+0000][1][safepoint    ] Safepoint "Cleanup", Time since last: 1008664956 ns, Reaching safepoint: 94718 ns, At safepoint: 24851 ns, Total: 119569 ns
[2020-09-11T18:36:15.060+0000][1][safepoint    ] Safepoint "RevokeBias", Time since last: 723350874 ns, Reaching safepoint: 102221 ns, At safepoint: 25905 ns, Total: 128126 ns
[2020-09-11T18:36:15.575+0000][1][safepoint    ] Safepoint "RevokeBias", Time since last: 514556831 ns, Reaching safepoint: 105566 ns, At safepoint: 30353 ns, Total: 135919 ns
[2020-09-11T18:36:16.575+0000][1][safepoint    ] Safepoint "Cleanup", Time since last: 1000127481 ns, Reaching safepoint: 121001 ns, At safepoint: 10621 ns, Total: 131622 ns
[2020-09-11T18:36:17.576+0000][1][safepoint    ] Safepoint "Cleanup", Time since last: 1000109954 ns, Reaching safepoint: 95006 ns, At safepoint: 10961 ns, Total: 105967 ns
[2020-09-11T18:36:17.980+0000][1][safepoint    ] Safepoint "BulkRevokeBias", Time since last: 403750989 ns, Reaching safepoint: 111839 ns, At safepoint: 302462 ns, Total: 414301 ns
[2020-09-11T18:36:18.438+0000][1][safepoint    ] Safepoint "RevokeBias", Time since last: 457357245 ns, Reaching safepoint: 879320 ns, At safepoint: 30264 ns, Total: 909584 ns
[2020-09-11T18:36:18.523+0000][1][safepoint    ] Safepoint "RevokeBias", Time since last: 84898832 ns, Reaching safepoint: 162928 ns, At safepoint: 20162 ns, Total: 183090 ns
[2020-09-11T18:36:19.523+0000][1][safepoint    ] Safepoint "Cleanup", Time since last: 1000153681 ns, Reaching safepoint: 121431 ns, At safepoint: 10229 ns, Total: 131660 ns
[2020-09-11T18:36:20.524+0000][1][safepoint    ] Safepoint "Cleanup", Time since last: 1000116829 ns, Reaching safepoint: 91269 ns, At safepoint: 10372 ns, Total: 101641 ns
[2020-09-11T18:36:21.524+0000][1][safepoint    ] Safepoint "Cleanup", Time since last: 1000177610 ns, Reaching safepoint: 116265 ns, At safepoint: 9883 ns, Total: 126148 ns
[2020-09-11T18:36:22.524+0000][1][safepoint    ] Safepoint "Cleanup", Time since last: 1000115075 ns, Reaching safepoint: 92958 ns, At safepoint: 10265 ns, Total: 103223 ns
[2020-09-11T18:36:23.524+0000][1][safepoint    ] Safepoint "Cleanup", Time since last: 1000111113 ns, Reaching safepoint: 91233 ns, At safepoint: 9982 ns, Total: 101215 ns
[2020-09-11T18:36:24.525+0000][1][safepoint    ] Safepoint "Cleanup", Time since last: 1000114873 ns, Reaching safepoint: 93890 ns, At safepoint: 10985 ns, Total: 104875 ns
[2020-09-11T18:36:25.061+0000][1][safepoint    ] Safepoint "RevokeBias", Time since last: 535926816 ns, Reaching safepoint: 186987 ns, At safepoint: 48559 ns, Total: 235546 ns
[2020-09-11T18:36:26.061+0000][1][safepoint    ] Safepoint "Cleanup", Time since last: 1000108074 ns, Reaching safepoint: 97819 ns, At safepoint: 9928 ns, Total: 107747 ns
[2020-09-11T18:36:27.061+0000][1][safepoint    ] Safepoint "Cleanup", Time since last: 1000115774 ns, Reaching safepoint: 92334 ns, At safepoint: 11121 ns, Total: 103455 ns
[2020-09-11T18:36:28.007+0000][1][safepoint    ] Safepoint "RevokeBias", Time since last: 945871282 ns, Reaching safepoint: 96809 ns, At safepoint: 26218 ns, Total: 123027 ns
[2020-09-11T18:36:28.509+0000][1][safepoint    ] Safepoint "RevokeBias", Time since last: 500754743 ns, Reaching safepoint: 982849 ns, At safepoint: 240010 ns, Total: 1222859 ns
[2020-09-11T18:36:28.924+0000][1][gc,start     ] GC(182) Pause Young (Allocation Failure)
[2020-09-11T18:36:28.924+0000][1][gc,task      ] GC(182) Using 1 workers of 1 for evacuation
[2020-09-11T18:36:28.939+0000][1][gc,age       ] GC(182) Desired survivor size 4358144 bytes, new threshold 2 (max threshold 6)
[2020-09-11T18:36:28.940+0000][1][gc,age       ] GC(182) Age table with threshold 2 (max threshold 6)
[2020-09-11T18:36:28.940+0000][1][gc,age       ] GC(182) - age   1:    4167448 bytes,    4167448 total
[2020-09-11T18:36:28.940+0000][1][gc,age       ] GC(182) - age   2:     193576 bytes,    4361024 total
[2020-09-11T18:36:28.940+0000][1][gc,age       ] GC(182) - age   3:     187080 bytes,    4548104 total
[2020-09-11T18:36:28.940+0000][1][gc,age       ] GC(182) - age   4:     493888 bytes,    5041992 total
[2020-09-11T18:36:28.940+0000][1][gc,heap      ] GC(182) ParNew: 69364K->5964K(76672K)
[2020-09-11T18:36:28.940+0000][1][gc,heap      ] GC(182) CMS: 81459K->81459K(439104K)
[2020-09-11T18:36:28.940+0000][1][gc,metaspace ] GC(182) Metaspace: 98843K->98843K(1140736K)
[2020-09-11T18:36:28.940+0000][1][gc           ] GC(182) Pause Young (Allocation Failure) 147M->85M(503M) 15.948ms
[2020-09-11T18:36:28.940+0000][1][gc,cpu       ] GC(182) User=0.01s Sys=0.00s Real=0.01s
[2020-09-11T18:36:28.940+0000][1][safepoint    ] Safepoint "GenCollectForAllocation", Time since last: 414395206 ns, Reaching safepoint: 125240 ns, At safepoint: 16021671 ns, Total: 16146911 ns
[2020-09-11T18:36:29.940+0000][1][safepoint    ] Safepoint "Cleanup", Time since last: 1000424869 ns, Reaching safepoint: 97336 ns, At safepoint: 11142 ns, Total: 108478 ns
[2020-09-11T18:36:30.940+0000][1][safepoint    ] Safepoint "Cleanup", Time since last: 1000114304 ns, Reaching safepoint: 100848 ns, At safepoint: 11530 ns, Total: 112378 ns
[2020-09-11T18:36:31.941+0000][1][safepoint    ] Safepoint "Cleanup", Time since last: 1000121475 ns, Reaching safepoint: 114389 ns, At safepoint: 11374 ns, Total: 125763 ns
[2020-09-11T18:36:32.941+0000][1][safepoint    ] Safepoint "Cleanup", Time since last: 1000137478 ns, Reaching safepoint: 92575 ns, At safepoint: 10660 ns, Total: 103235 ns
[2020-09-11T18:36:33.941+0000][1][safepoint    ] Safepoint "Cleanup", Time since last: 1000114464 ns, Reaching safepoint: 99087 ns, At safepoint: 11491 ns, Total: 110578 ns
[2020-09-11T18:36:34.941+0000][1][safepoint    ] Safepoint "Cleanup", Time since last: 1000113294 ns, Reaching safepoint: 92338 ns, At safepoint: 10921 ns, Total: 103259 ns
[2020-09-11T18:36:35.039+0000][1][safepoint    ] Safepoint "RevokeBias", Time since last: 97209564 ns, Reaching safepoint: 186249 ns, At safepoint: 27458 ns, Total: 213707 ns
[2020-09-11T18:36:36.039+0000][1][safepoint    ] Safepoint "Cleanup", Time since last: 1000111386 ns, Reaching safepoint: 92481 ns, At safepoint: 10048 ns, Total: 102529 ns
[2020-09-11T18:36:37.039+0000][1][safepoint    ] Safepoint "Cleanup", Time since last: 1000121068 ns, Reaching safepoint: 94231 ns, At safepoint: 10860 ns, Total: 105091 ns
[2020-09-11T18:36:38.043+0000][1][safepoint    ] Safepoint "Cleanup", Time since last: 1001868645 ns, Reaching safepoint: 1407622 ns, At safepoint: 14738 ns, Total: 1422360 ns
[2020-09-11T18:36:38.060+0000][1][safepoint    ] Safepoint "RevokeBias", Time since last: 17083654 ns, Reaching safepoint: 103650 ns, At safepoint: 27719 ns, Total: 131369 ns
[2020-09-11T18:36:38.477+0000][1][safepoint    ] Safepoint "RevokeBias", Time since last: 417370494 ns, Reaching safepoint: 91659 ns, At safepoint: 21428 ns, Total: 113087 ns
[2020-09-11T18:36:39.477+0000][1][safepoint    ] Safepoint "Cleanup", Time since last: 1000113423 ns, Reaching safepoint: 101321 ns, At safepoint: 10412 ns, Total: 111733 ns
[2020-09-11T18:36:40.478+0000][1][safepoint    ] Safepoint "Cleanup", Time since last: 1000121118 ns, Reaching safepoint: 93831 ns, At safepoint: 11208 ns, Total: 105039 ns
[2020-09-11T18:36:41.478+0000][1][safepoint    ] Safepoint "Cleanup", Time since last: 1000116566 ns, Reaching safepoint: 92997 ns, At safepoint: 19868 ns, Total: 112865 ns
[2020-09-11T18:36:42.478+0000][1][safepoint    ] Safepoint "Cleanup", Time since last: 1000113454 ns, Reaching safepoint: 94938 ns, At safepoint: 10044 ns, Total: 104982 ns
[2020-09-11T18:36:43.478+0000][1][safepoint    ] Safepoint "Cleanup", Time since last: 1000123029 ns, Reaching safepoint: 94485 ns, At safepoint: 11193 ns, Total: 105678 ns
[2020-09-11T18:36:44.479+0000][1][safepoint    ] Safepoint "Cleanup", Time since last: 1000112478 ns, Reaching safepoint: 93106 ns, At safepoint: 10703 ns, Total: 103809 ns
[2020-09-11T18:36:45.094+0000][1][safepoint    ] Safepoint "RevokeBias", Time since last: 615330163 ns, Reaching safepoint: 188870 ns, At safepoint: 28638 ns, Total: 217508 ns
[2020-09-11T18:36:46.094+0000][1][safepoint    ] Safepoint "Cleanup", Time since last: 1000122823 ns, Reaching safepoint: 100150 ns, At safepoint: 11072 ns, Total: 111222 ns
[2020-09-11T18:36:47.095+0000][1][safepoint    ] Safepoint "Cleanup", Time since last: 1000117783 ns, Reaching safepoint: 92120 ns, At safepoint: 10699 ns, Total: 102819 ns
[2020-09-11T18:36:48.105+0000][1][safepoint    ] Safepoint "Cleanup", Time since last: 1000125277 ns, Reaching safepoint: 10685982 ns, At safepoint: 17182 ns, Total: 10703164 ns
[2020-09-11T18:36:48.117+0000][1][safepoint    ] Safepoint "RevokeBias", Time since last: 11591834 ns, Reaching safepoint: 102286 ns, At safepoint: 37491 ns, Total: 139777 ns
[2020-09-11T18:36:48.449+0000][1][safepoint    ] Safepoint "RevokeBias", Time since last: 329702596 ns, Reaching safepoint: 2043134 ns, At safepoint: 246594 ns, Total: 2289728 ns
[2020-09-11T18:36:49.449+0000][1][safepoint    ] Safepoint "Cleanup", Time since last: 1000114078 ns, Reaching safepoint: 92238 ns, At safepoint: 11067 ns, Total: 103305 ns
[2020-09-11T18:36:50.453+0000][1][safepoint    ] Safepoint "Cleanup", Time since last: 1003393936 ns, Reaching safepoint: 101418 ns, At safepoint: 9405 ns, Total: 110823 ns
[2020-09-11T18:36:51.453+0000][1][safepoint    ] Safepoint "Cleanup", Time since last: 1000110527 ns, Reaching safepoint: 91991 ns, At safepoint: 10483 ns, Total: 102474 ns
[2020-09-11T18:36:52.453+0000][1][safepoint    ] Safepoint "Cleanup", Time since last: 1000114396 ns, Reaching safepoint: 93681 ns, At safepoint: 10329 ns, Total: 104010 ns
[2020-09-11T18:36:53.395+0000][1][gc,start     ] GC(183) Pause Young (Allocation Failure)
[2020-09-11T18:36:53.395+0000][1][gc,task      ] GC(183) Using 1 workers of 1 for evacuation
[2020-09-11T18:36:53.414+0000][1][gc,age       ] GC(183) Desired survivor size 4358144 bytes, new threshold 6 (max threshold 6)
[2020-09-11T18:36:53.414+0000][1][gc,age       ] GC(183) Age table with threshold 6 (max threshold 6)
[2020-09-11T18:36:53.414+0000][1][gc,age       ] GC(183) - age   1:      79928 bytes,      79928 total
[2020-09-11T18:36:53.414+0000][1][gc,age       ] GC(183) - age   2:    4025760 bytes,    4105688 total
[2020-09-11T18:36:53.414+0000][1][gc,heap      ] GC(183) ParNew: 74124K->7882K(76672K)
[2020-09-11T18:36:53.414+0000][1][gc,heap      ] GC(183) CMS: 81459K->82339K(439104K)
[2020-09-11T18:36:53.414+0000][1][gc,metaspace ] GC(183) Metaspace: 98886K->98886K(1140736K)
[2020-09-11T18:36:53.414+0000][1][gc           ] GC(183) Pause Young (Allocation Failure) 151M->88M(503M) 19.126ms
[2020-09-11T18:36:53.414+0000][1][gc,cpu       ] GC(183) User=0.01s Sys=0.00s Real=0.02s
[2020-09-11T18:36:53.414+0000][1][safepoint    ] Safepoint "GenCollectForAllocation", Time since last: 941280017 ns, Reaching safepoint: 159803 ns, At safepoint: 19201997 ns, Total: 19361800 ns
[2020-09-11T18:36:54.419+0000][1][safepoint    ] Safepoint "Cleanup", Time since last: 1004683277 ns, Reaching safepoint: 95833 ns, At safepoint: 24432 ns, Total: 120265 ns
[2020-09-11T18:36:55.053+0000][1][safepoint    ] Safepoint "RevokeBias", Time since last: 634369149 ns, Reaching safepoint: 101871 ns, At safepoint: 39195 ns, Total: 141066 ns
[2020-09-11T18:36:56.054+0000][1][safepoint    ] Safepoint "Cleanup", Time since last: 1000118229 ns, Reaching safepoint: 111143 ns, At safepoint: 9694 ns, Total: 120837 ns
[2020-09-11T18:36:57.054+0000][1][safepoint    ] Safepoint "Cleanup", Time since last: 1000118735 ns, Reaching safepoint: 93889 ns, At safepoint: 11790 ns, Total: 105679 ns
[2020-09-11T18:36:58.054+0000][1][safepoint    ] Safepoint "Cleanup", Time since last: 1000116977 ns, Reaching safepoint: 91649 ns, At safepoint: 10474 ns, Total: 102123 ns
[2020-09-11T18:36:58.169+0000][1][safepoint    ] Safepoint "RevokeBias", Time since last: 115028607 ns, Reaching safepoint: 96354 ns, At safepoint: 21476 ns, Total: 117830 ns
[2020-09-11T18:36:58.532+0000][1][safepoint    ] Safepoint "BulkRevokeBias", Time since last: 362986240 ns, Reaching safepoint: 97387 ns, At safepoint: 248385 ns, Total: 345772 ns
[2020-09-11T18:36:58.625+0000][1][safepoint    ] Safepoint "RevokeBias", Time since last: 92529797 ns, Reaching safepoint: 163457 ns, At safepoint: 29850 ns, Total: 193307 ns
[2020-09-11T18:36:59.625+0000][1][safepoint    ] Safepoint "Cleanup", Time since last: 1000157134 ns, Reaching safepoint: 89540 ns, At safepoint: 9086 ns, Total: 98626 ns
[2020-09-11T18:37:00.626+0000][1][safepoint    ] Safepoint "Cleanup", Time since last: 1000114628 ns, Reaching safepoint: 90560 ns, At safepoint: 10257 ns, Total: 100817 ns
[2020-09-11T18:37:01.626+0000][1][safepoint    ] Safepoint "Cleanup", Time since last: 1000115864 ns, Reaching safepoint: 93126 ns, At safepoint: 10939 ns, Total: 104065 ns
[2020-09-11T18:37:02.626+0000][1][safepoint    ] Safepoint "Cleanup", Time since last: 1000114614 ns, Reaching safepoint: 93810 ns, At safepoint: 11396 ns, Total: 105206 ns
[2020-09-11T18:37:03.626+0000][1][safepoint    ] Safepoint "Cleanup", Time since last: 1000111203 ns, Reaching safepoint: 91134 ns, At safepoint: 10788 ns, Total: 101922 ns
[2020-09-11T18:37:04.626+0000][1][safepoint    ] Safepoint "Cleanup", Time since last: 1000110689 ns, Reaching safepoint: 94228 ns, At safepoint: 10277 ns, Total: 104505 ns
[2020-09-11T18:37:05.086+0000][1][safepoint    ] Safepoint "RevokeBias", Time since last: 458906871 ns, Reaching safepoint: 98785 ns, At safepoint: 26944 ns, Total: 125729 ns
[2020-09-11T18:37:06.086+0000][1][safepoint    ] Safepoint "Cleanup", Time since last: 1000111411 ns, Reaching safepoint: 94279 ns, At safepoint: 9125 ns, Total: 103404 ns
[2020-09-11T18:37:07.086+0000][1][safepoint    ] Safepoint "Cleanup", Time since last: 1000111973 ns, Reaching safepoint: 92226 ns, At safepoint: 10816 ns, Total: 103042 ns
[2020-09-11T18:37:08.086+0000][1][safepoint    ] Safepoint "Cleanup", Time since last: 1000117709 ns, Reaching safepoint: 91417 ns, At safepoint: 10702 ns, Total: 102119 ns
[2020-09-11T18:37:08.218+0000][1][safepoint    ] Safepoint "RevokeBias", Time since last: 131904233 ns, Reaching safepoint: 108621 ns, At safepoint: 29128 ns, Total: 137749 ns
[2020-09-11T18:37:08.535+0000][1][safepoint    ] Safepoint "RevokeBias", Time since last: 314920124 ns, Reaching safepoint: 1135480 ns, At safepoint: 235689 ns, Total: 1371169 ns
[2020-09-11T18:37:09.535+0000][1][safepoint    ] Safepoint "Cleanup", Time since last: 1000102173 ns, Reaching safepoint: 93942 ns, At safepoint: 10174 ns, Total: 104116 ns
[2020-09-11T18:37:10.535+0000][1][safepoint    ] Safepoint "Cleanup", Time since last: 1000115801 ns, Reaching safepoint: 93451 ns, At safepoint: 10606 ns, Total: 104057 ns
[2020-09-11T18:37:11.535+0000][1][safepoint    ] Safepoint "Cleanup", Time since last: 1000111152 ns, Reaching safepoint: 93188 ns, At safepoint: 10624 ns, Total: 103812 ns
[2020-09-11T18:37:12.535+0000][1][safepoint    ] Safepoint "Cleanup", Time since last: 1000117876 ns, Reaching safepoint: 94212 ns, At safepoint: 10611 ns, Total: 104823 ns
[2020-09-11T18:37:13.442+0000][1][gc,start     ] GC(184) Pause Young (Allocation Failure)
[2020-09-11T18:37:13.442+0000][1][gc,task      ] GC(184) Using 1 workers of 1 for evacuation
[2020-09-11T18:37:13.452+0000][1][gc,age       ] GC(184) Desired survivor size 4358144 bytes, new threshold 6 (max threshold 6)
[2020-09-11T18:37:13.452+0000][1][gc,age       ] GC(184) Age table with threshold 6 (max threshold 6)
[2020-09-11T18:37:13.452+0000][1][gc,age       ] GC(184) - age   1:      67376 bytes,      67376 total
[2020-09-11T18:37:13.452+0000][1][gc,age       ] GC(184) - age   2:      24080 bytes,      91456 total
[2020-09-11T18:37:13.452+0000][1][gc,age       ] GC(184) - age   3:    4022232 bytes,    4113688 total
[2020-09-11T18:37:13.452+0000][1][gc,heap      ] GC(184) ParNew: 76042K->4977K(76672K)
[2020-09-11T18:37:13.452+0000][1][gc,heap      ] GC(184) CMS: 82339K->82339K(439104K)
[2020-09-11T18:37:13.452+0000][1][gc,metaspace ] GC(184) Metaspace: 98924K->98924K(1140736K)
[2020-09-11T18:37:13.453+0000][1][gc           ] GC(184) Pause Young (Allocation Failure) 154M->85M(503M) 10.159ms
[2020-09-11T18:37:13.453+0000][1][gc,cpu       ] GC(184) User=0.01s Sys=0.00s Real=0.00s
[2020-09-11T18:37:13.453+0000][1][safepoint    ] Safepoint "GenCollectForAllocation", Time since last: 906801139 ns, Reaching safepoint: 163093 ns, At safepoint: 10248647 ns, Total: 10411740 ns
[2020-09-11T18:37:14.460+0000][1][safepoint    ] Safepoint "Cleanup", Time since last: 1007239914 ns, Reaching safepoint: 164983 ns, At safepoint: 22715 ns, Total: 187698 ns
[2020-09-11T18:37:15.086+0000][1][safepoint    ] Safepoint "RevokeBias", Time since last: 625748317 ns, Reaching safepoint: 117655 ns, At safepoint: 39796 ns, Total: 157451 ns
[2020-09-11T18:37:16.086+0000][1][safepoint    ] Safepoint "Cleanup", Time since last: 1000117325 ns, Reaching safepoint: 91851 ns, At safepoint: 24449 ns, Total: 116300 ns
[2020-09-11T18:37:17.086+0000][1][safepoint    ] Safepoint "Cleanup", Time since last: 1000116114 ns, Reaching safepoint: 97031 ns, At safepoint: 24912 ns, Total: 121943 ns
[2020-09-11T18:37:18.087+0000][1][safepoint    ] Safepoint "Cleanup", Time since last: 1000114543 ns, Reaching safepoint: 120431 ns, At safepoint: 11197 ns, Total: 131628 ns
[2020-09-11T18:37:18.205+0000][1][safepoint    ] Safepoint "RevokeBias", Time since last: 117941950 ns, Reaching safepoint: 109876 ns, At safepoint: 27988 ns, Total: 137864 ns
[2020-09-11T18:37:18.442+0000][1][safepoint    ] Safepoint "RevokeBias", Time since last: 236344140 ns, Reaching safepoint: 226368 ns, At safepoint: 231466 ns, Total: 457834 ns
[2020-09-11T18:37:19.442+0000][1][safepoint    ] Safepoint "Cleanup", Time since last: 1000114832 ns, Reaching safepoint: 92410 ns, At safepoint: 10590 ns, Total: 103000 ns
[2020-09-11T18:37:20.442+0000][1][safepoint    ] Safepoint "Cleanup", Time since last: 1000129214 ns, Reaching safepoint: 95985 ns, At safepoint: 10746 ns, Total: 106731 ns
[2020-09-11T18:37:21.442+0000][1][safepoint    ] Safepoint "Cleanup", Time since last: 1000118211 ns, Reaching safepoint: 94127 ns, At safepoint: 10626 ns, Total: 104753 ns
[2020-09-11T18:37:22.442+0000][1][safepoint    ] Safepoint "Cleanup", Time since last: 1000118462 ns, Reaching safepoint: 97078 ns, At safepoint: 10060 ns, Total: 107138 ns
[2020-09-11T18:37:23.443+0000][1][safepoint    ] Safepoint "Cleanup", Time since last: 1000117050 ns, Reaching safepoint: 91987 ns, At safepoint: 10730 ns, Total: 102717 ns
[2020-09-11T18:37:24.443+0000][1][safepoint    ] Safepoint "Cleanup", Time since last: 1000117713 ns, Reaching safepoint: 94953 ns, At safepoint: 10126 ns, Total: 105079 ns
[2020-09-11T18:37:25.053+0000][1][safepoint    ] Safepoint "RevokeBias", Time since last: 610131918 ns, Reaching safepoint: 113804 ns, At safepoint: 26438 ns, Total: 140242 ns
[2020-09-11T18:37:26.053+0000][1][safepoint    ] Safepoint "Cleanup", Time since last: 1000108543 ns, Reaching safepoint: 93309 ns, At safepoint: 9382 ns, Total: 102691 ns
[2020-09-11T18:37:27.057+0000][1][safepoint    ] Safepoint "Cleanup", Time since last: 1003426171 ns, Reaching safepoint: 90972 ns, At safepoint: 7962 ns, Total: 98934 ns
[2020-09-11T18:37:28.057+0000][1][safepoint    ] Safepoint "Cleanup", Time since last: 1000116069 ns, Reaching safepoint: 91385 ns, At safepoint: 9109 ns, Total: 100494 ns
[2020-09-11T18:37:28.271+0000][1][safepoint    ] Safepoint "RevokeBias", Time since last: 213328966 ns, Reaching safepoint: 105037 ns, At safepoint: 27453 ns, Total: 132490 ns
[2020-09-11T18:37:28.445+0000][1][safepoint    ] Safepoint "RevokeBias", Time since last: 170717235 ns, Reaching safepoint: 3607452 ns, At safepoint: 30397 ns, Total: 3637849 ns
[2020-09-11T18:37:29.445+0000][1][safepoint    ] Safepoint "Cleanup", Time since last: 1000117450 ns, Reaching safepoint: 92878 ns, At safepoint: 10152 ns, Total: 103030 ns
[2020-09-11T18:37:30.445+0000][1][safepoint    ] Safepoint "Cleanup", Time since last: 1000114442 ns, Reaching safepoint: 95952 ns, At safepoint: 10937 ns, Total: 106889 ns
[2020-09-11T18:37:31.446+0000][1][safepoint    ] Safepoint "Cleanup", Time since last: 1000112404 ns, Reaching safepoint: 91918 ns, At safepoint: 10308 ns, Total: 102226 ns
[2020-09-11T18:37:32.446+0000][1][safepoint    ] Safepoint "Cleanup", Time since last: 1000131009 ns, Reaching safepoint: 93944 ns, At safepoint: 10700 ns, Total: 104644 ns
[2020-09-11T18:37:33.446+0000][1][safepoint    ] Safepoint "Cleanup", Time since last: 1000113813 ns, Reaching safepoint: 93381 ns, At safepoint: 10547 ns, Total: 103928 ns
[2020-09-11T18:37:33.478+0000][1][gc,start     ] GC(185) Pause Young (Allocation Failure)
[2020-09-11T18:37:33.478+0000][1][gc,task      ] GC(185) Using 1 workers of 1 for evacuation
[2020-09-11T18:37:33.491+0000][1][gc,age       ] GC(185) Desired survivor size 4358144 bytes, new threshold 6 (max threshold 6)
[2020-09-11T18:37:33.491+0000][1][gc,age       ] GC(185) Age table with threshold 6 (max threshold 6)
[2020-09-11T18:37:33.491+0000][1][gc,age       ] GC(185) - age   1:      98648 bytes,      98648 total
[2020-09-11T18:37:33.491+0000][1][gc,age       ] GC(185) - age   2:       8296 bytes,     106944 total
[2020-09-11T18:37:33.491+0000][1][gc,age       ] GC(185) - age   3:       1480 bytes,     108424 total
[2020-09-11T18:37:33.491+0000][1][gc,age       ] GC(185) - age   4:    4019544 bytes,    4127968 total
[2020-09-11T18:37:33.491+0000][1][gc,heap      ] GC(185) ParNew: 73137K->7270K(76672K)
[2020-09-11T18:37:33.491+0000][1][gc,heap      ] GC(185) CMS: 82339K->82339K(439104K)
[2020-09-11T18:37:33.491+0000][1][gc,metaspace ] GC(185) Metaspace: 98942K->98942K(1140736K)
[2020-09-11T18:37:33.491+0000][1][gc           ] GC(185) Pause Young (Allocation Failure) 151M->87M(503M) 12.663ms
[2020-09-11T18:37:33.491+0000][1][gc,cpu       ] GC(185) User=0.01s Sys=0.00s Real=0.01s
[2020-09-11T18:37:33.491+0000][1][safepoint    ] Safepoint "GenCollectForAllocation", Time since last: 32008557 ns, Reaching safepoint: 163278 ns, At safepoint: 12738583 ns, Total: 12901861 ns
[2020-09-11T18:37:34.499+0000][1][safepoint    ] Safepoint "Cleanup", Time since last: 1007468305 ns, Reaching safepoint: 182773 ns, At safepoint: 25436 ns, Total: 208209 ns
[2020-09-11T18:37:35.092+0000][1][safepoint    ] Safepoint "RevokeBias", Time since last: 593610742 ns, Reaching safepoint: 102998 ns, At safepoint: 26448 ns, Total: 129446 ns
[2020-09-11T18:37:36.093+0000][1][safepoint    ] Safepoint "Cleanup", Time since last: 1000118903 ns, Reaching safepoint: 94194 ns, At safepoint: 11224 ns, Total: 105418 ns
[2020-09-11T18:37:37.093+0000][1][safepoint    ] Safepoint "Cleanup", Time since last: 1000118402 ns, Reaching safepoint: 111120 ns, At safepoint: 10386 ns, Total: 121506 ns
[2020-09-11T18:37:38.093+0000][1][safepoint    ] Safepoint "Cleanup", Time since last: 1000115315 ns, Reaching safepoint: 94527 ns, At safepoint: 11522 ns, Total: 106049 ns
[2020-09-11T18:37:38.316+0000][1][safepoint    ] Safepoint "RevokeBias", Time since last: 222578475 ns, Reaching safepoint: 104837 ns, At safepoint: 30047 ns, Total: 134884 ns
[2020-09-11T18:37:38.469+0000][1][safepoint    ] Safepoint "RevokeBias", Time since last: 151194255 ns, Reaching safepoint: 1903288 ns, At safepoint: 27968 ns, Total: 1931256 ns
[2020-09-11T18:37:39.469+0000][1][safepoint    ] Safepoint "Cleanup", Time since last: 1000114757 ns, Reaching safepoint: 101968 ns, At safepoint: 10418 ns, Total: 112386 ns
[2020-09-11T18:37:40.469+0000][1][safepoint    ] Safepoint "Cleanup", Time since last: 1000116661 ns, Reaching safepoint: 92322 ns, At safepoint: 10083 ns, Total: 102405 ns
[2020-09-11T18:37:41.470+0000][1][safepoint    ] Safepoint "Cleanup", Time since last: 1000112338 ns, Reaching safepoint: 91033 ns, At safepoint: 10010 ns, Total: 101043 ns
[2020-09-11T18:37:42.470+0000][1][safepoint    ] Safepoint "Cleanup", Time since last: 1000136330 ns, Reaching safepoint: 97401 ns, At safepoint: 10034 ns, Total: 107435 ns
[2020-09-11T18:37:43.470+0000][1][safepoint    ] Safepoint "Cleanup", Time since last: 1000113197 ns, Reaching safepoint: 91599 ns, At safepoint: 10617 ns, Total: 102216 ns
[2020-09-11T18:37:44.470+0000][1][safepoint    ] Safepoint "Cleanup", Time since last: 1000114052 ns, Reaching safepoint: 94831 ns, At safepoint: 10074 ns, Total: 104905 ns
[2020-09-11T18:37:45.026+0000][1][safepoint    ] Safepoint "RevokeBias", Time since last: 555901635 ns, Reaching safepoint: 192132 ns, At safepoint: 28315 ns, Total: 220447 ns
[2020-09-11T18:37:46.027+0000][1][safepoint    ] Safepoint "Cleanup", Time since last: 1000108722 ns, Reaching safepoint: 100367 ns, At safepoint: 11106 ns, Total: 111473 ns
[2020-09-11T18:37:47.027+0000][1][safepoint    ] Safepoint "Cleanup", Time since last: 1000121743 ns, Reaching safepoint: 97431 ns, At safepoint: 11953 ns, Total: 109384 ns
[2020-09-11T18:37:48.027+0000][1][safepoint    ] Safepoint "Cleanup", Time since last: 1000115861 ns, Reaching safepoint: 113649 ns, At safepoint: 11208 ns, Total: 124857 ns
[2020-09-11T18:37:48.319+0000][1][safepoint    ] Safepoint "RevokeBias", Time since last: 291823417 ns, Reaching safepoint: 109635 ns, At safepoint: 23093 ns, Total: 132728 ns
[2020-09-11T18:37:48.445+0000][1][safepoint    ] Safepoint "RevokeBias", Time since last: 124528285 ns, Reaching safepoint: 1418044 ns, At safepoint: 244851 ns, Total: 1662895 ns
[2020-09-11T18:37:49.445+0000][1][safepoint    ] Safepoint "Cleanup", Time since last: 1000114790 ns, Reaching safepoint: 92348 ns, At safepoint: 9701 ns, Total: 102049 ns
[2020-09-11T18:37:50.446+0000][1][safepoint    ] Safepoint "Cleanup", Time since last: 1000115451 ns, Reaching safepoint: 92447 ns, At safepoint: 10070 ns, Total: 102517 ns
[2020-09-11T18:37:51.123+0000][1][gc,start     ] GC(186) Pause Young (Allocation Failure)
[2020-09-11T18:37:51.123+0000][1][gc,task      ] GC(186) Using 1 workers of 1 for evacuation
[2020-09-11T18:37:51.135+0000][1][gc,age       ] GC(186) Desired survivor size 4358144 bytes, new threshold 6 (max threshold 6)
[2020-09-11T18:37:51.135+0000][1][gc,age       ] GC(186) Age table with threshold 6 (max threshold 6)
[2020-09-11T18:37:51.135+0000][1][gc,age       ] GC(186) - age   1:     163568 bytes,     163568 total
[2020-09-11T18:37:51.135+0000][1][gc,age       ] GC(186) - age   2:      25552 bytes,     189120 total
[2020-09-11T18:37:51.135+0000][1][gc,age       ] GC(186) - age   3:       3064 bytes,     192184 total
[2020-09-11T18:37:51.135+0000][1][gc,age       ] GC(186) - age   4:       1480 bytes,     193664 total
[2020-09-11T18:37:51.135+0000][1][gc,age       ] GC(186) - age   5:    4019512 bytes,    4213176 total
[2020-09-11T18:37:51.135+0000][1][gc,heap      ] GC(186) ParNew: 75430K->4841K(76672K)
[2020-09-11T18:37:51.135+0000][1][gc,heap      ] GC(186) CMS: 82339K->82339K(439104K)
[2020-09-11T18:37:51.135+0000][1][gc,metaspace ] GC(186) Metaspace: 98968K->98968K(1140736K)
[2020-09-11T18:37:51.135+0000][1][gc           ] GC(186) Pause Young (Allocation Failure) 154M->85M(503M) 11.682ms
[2020-09-11T18:37:51.135+0000][1][gc,cpu       ] GC(186) User=0.01s Sys=0.00s Real=0.01s
[2020-09-11T18:37:51.135+0000][1][safepoint    ] Safepoint "GenCollectForAllocation", Time since last: 677428820 ns, Reaching safepoint: 203244 ns, At safepoint: 11834471 ns, Total: 12037715 ns
[2020-09-11T18:37:52.153+0000][1][safepoint    ] Safepoint "Cleanup", Time since last: 1017778842 ns, Reaching safepoint: 91869 ns, At safepoint: 10616 ns, Total: 102485 ns
[2020-09-11T18:37:53.153+0000][1][safepoint    ] Safepoint "Cleanup", Time since last: 1000115266 ns, Reaching safepoint: 97233 ns, At safepoint: 11210 ns, Total: 108443 ns
[2020-09-11T18:37:54.153+0000][1][safepoint    ] Safepoint "Cleanup", Time since last: 1000115007 ns, Reaching safepoint: 93742 ns, At safepoint: 11577 ns, Total: 105319 ns
[2020-09-11T18:37:54.629+0000][1][safepoint    ] Safepoint "RevokeBias", Time since last: 475408388 ns, Reaching safepoint: 182462 ns, At safepoint: 33251 ns, Total: 215713 ns
[2020-09-11T18:37:54.630+0000][1][safepoint    ] Safepoint "BulkRevokeBias", Time since last: 196092 ns, Reaching safepoint: 144559 ns, At safepoint: 297059 ns, Total: 441618 ns
[2020-09-11T18:37:54.996+0000][1][safepoint    ] Safepoint "RevokeBias", Time since last: 366092026 ns, Reaching safepoint: 105602 ns, At safepoint: 25410 ns, Total: 131012 ns
[2020-09-11T18:37:54.996+0000][1][safepoint    ] Safepoint "RevokeBias", Time since last: 74683 ns, Reaching safepoint: 58567 ns, At safepoint: 14580 ns, Total: 73147 ns
[2020-09-11T18:37:54.996+0000][1][safepoint    ] Safepoint "RevokeBias", Time since last: 51558 ns, Reaching safepoint: 49220 ns, At safepoint: 12731 ns, Total: 61951 ns
[2020-09-11T18:37:54.996+0000][1][safepoint    ] Safepoint "RevokeBias", Time since last: 33955 ns, Reaching safepoint: 45365 ns, At safepoint: 11341 ns, Total: 56706 ns
[2020-09-11T18:37:54.996+0000][1][safepoint    ] Safepoint "RevokeBias", Time since last: 30286 ns, Reaching safepoint: 43179 ns, At safepoint: 10690 ns, Total: 53869 ns
[2020-09-11T18:37:54.996+0000][1][safepoint    ] Safepoint "RevokeBias", Time since last: 29833 ns, Reaching safepoint: 41333 ns, At safepoint: 10302 ns, Total: 51635 ns
[2020-09-11T18:37:54.996+0000][1][safepoint    ] Safepoint "RevokeBias", Time since last: 29582 ns, Reaching safepoint: 39416 ns, At safepoint: 9854 ns, Total: 49270 ns
[2020-09-11T18:37:54.997+0000][1][safepoint    ] Safepoint "RevokeBias", Time since last: 29038 ns, Reaching safepoint: 38345 ns, At safepoint: 9885 ns, Total: 48230 ns
[2020-09-11T18:37:54.997+0000][1][safepoint    ] Safepoint "RevokeBias", Time since last: 28609 ns, Reaching safepoint: 37141 ns, At safepoint: 9577 ns, Total: 46718 ns
[2020-09-11T18:37:54.997+0000][1][safepoint    ] Safepoint "RevokeBias", Time since last: 28666 ns, Reaching safepoint: 36539 ns, At safepoint: 9795 ns, Total: 46334 ns
[2020-09-11T18:37:55.031+0000][1][safepoint    ] Safepoint "RevokeBias", Time since last: 34658045 ns, Reaching safepoint: 102501 ns, At safepoint: 26685 ns, Total: 129186 ns
[2020-09-11T18:37:56.032+0000][1][safepoint    ] Safepoint "Cleanup", Time since last: 1000112311 ns, Reaching safepoint: 92738 ns, At safepoint: 11582 ns, Total: 104320 ns
[2020-09-11T18:37:57.032+0000][1][safepoint    ] Safepoint "Cleanup", Time since last: 1000120120 ns, Reaching safepoint: 93106 ns, At safepoint: 10863 ns, Total: 103969 ns
[2020-09-11T18:37:58.032+0000][1][safepoint    ] Safepoint "Cleanup", Time since last: 1000118458 ns, Reaching safepoint: 97791 ns, At safepoint: 11549 ns, Total: 109340 ns
[2020-09-11T18:37:58.111+0000][1][safepoint    ] Safepoint "RevokeBias", Time since last: 78624111 ns, Reaching safepoint: 225755 ns, At safepoint: 28804 ns, Total: 254559 ns
[2020-09-11T18:37:58.111+0000][1][safepoint    ] Safepoint "RevokeBias", Time since last: 69677 ns, Reaching safepoint: 180302 ns, At safepoint: 19100 ns, Total: 199402 ns
[2020-09-11T18:37:58.112+0000][1][safepoint    ] Safepoint "RevokeBias", Time since last: 43417 ns, Reaching safepoint: 153861 ns, At safepoint: 16044 ns, Total: 169905 ns
[2020-09-11T18:37:58.112+0000][1][safepoint    ] Safepoint "RevokeBias", Time since last: 38683 ns, Reaching safepoint: 144358 ns, At safepoint: 14859 ns, Total: 159217 ns
[2020-09-11T18:37:58.112+0000][1][safepoint    ] Safepoint "RevokeBias", Time since last: 37303 ns, Reaching safepoint: 140203 ns, At safepoint: 14530 ns, Total: 154733 ns
[2020-09-11T18:37:58.112+0000][1][safepoint    ] Safepoint "RevokeBias", Time since last: 35603 ns, Reaching safepoint: 135959 ns, At safepoint: 14700 ns, Total: 150659 ns
[2020-09-11T18:37:58.112+0000][1][safepoint    ] Safepoint "RevokeBias", Time since last: 34108 ns, Reaching safepoint: 132741 ns, At safepoint: 22172 ns, Total: 154913 ns
[2020-09-11T18:37:58.112+0000][1][safepoint    ] Safepoint "RevokeBias", Time since last: 30214 ns, Reaching safepoint: 130884 ns, At safepoint: 21300 ns, Total: 152184 ns
[2020-09-11T18:37:58.113+0000][1][safepoint    ] Safepoint "RevokeBias", Time since last: 28962 ns, Reaching safepoint: 127721 ns, At safepoint: 21542 ns, Total: 149263 ns
[2020-09-11T18:37:58.113+0000][1][safepoint    ] Safepoint "BulkRevokeBias", Time since last: 29271 ns, Reaching safepoint: 140037 ns, At safepoint: 377481 ns, Total: 517518 ns
[2020-09-11T18:37:58.401+0000][1][safepoint    ] Safepoint "RevokeBias", Time since last: 287823430 ns, Reaching safepoint: 187053 ns, At safepoint: 22874 ns, Total: 209927 ns
[2020-09-11T18:37:58.569+0000][1][safepoint    ] Safepoint "RevokeBias", Time since last: 165407962 ns, Reaching safepoint: 2250163 ns, At safepoint: 32469 ns, Total: 2282632 ns
[2020-09-11T18:37:59.569+0000][1][safepoint    ] Safepoint "Cleanup", Time since last: 1000111942 ns, Reaching safepoint: 98751 ns, At safepoint: 10874 ns, Total: 109625 ns
[2020-09-11T18:38:00.569+0000][1][safepoint    ] Safepoint "Cleanup", Time since last: 1000113893 ns, Reaching safepoint: 98039 ns, At safepoint: 10671 ns, Total: 108710 ns
[2020-09-11T18:38:01.570+0000][1][safepoint    ] Safepoint "Cleanup", Time since last: 1000114305 ns, Reaching safepoint: 90947 ns, At safepoint: 17266 ns, Total: 108213 ns
[2020-09-11T18:38:02.570+0000][1][safepoint    ] Safepoint "Cleanup", Time since last: 1000112700 ns, Reaching safepoint: 91805 ns, At safepoint: 10213 ns, Total: 102018 ns
[2020-09-11T18:38:03.570+0000][1][safepoint    ] Safepoint "Cleanup", Time since last: 1000109653 ns, Reaching safepoint: 94262 ns, At safepoint: 9772 ns, Total: 104034 ns
[2020-09-11T18:38:04.570+0000][1][safepoint    ] Safepoint "Cleanup", Time since last: 1000112183 ns, Reaching safepoint: 90302 ns, At safepoint: 10769 ns, Total: 101071 ns
[2020-09-11T18:38:05.092+0000][1][safepoint    ] Safepoint "RevokeBias", Time since last: 521450782 ns, Reaching safepoint: 107376 ns, At safepoint: 27101 ns, Total: 134477 ns
[2020-09-11T18:38:06.092+0000][1][safepoint    ] Safepoint "Cleanup", Time since last: 1000115131 ns, Reaching safepoint: 92625 ns, At safepoint: 10535 ns, Total: 103160 ns
[2020-09-11T18:38:07.092+0000][1][safepoint    ] Safepoint "Cleanup", Time since last: 1000117073 ns, Reaching safepoint: 90230 ns, At safepoint: 10755 ns, Total: 100985 ns
[2020-09-11T18:38:08.092+0000][1][safepoint    ] Safepoint "Cleanup", Time since last: 1000119529 ns, Reaching safepoint: 94066 ns, At safepoint: 11101 ns, Total: 105167 ns
[2020-09-11T18:38:08.488+0000][1][safepoint    ] Safepoint "RevokeBias", Time since last: 394706273 ns, Reaching safepoint: 1249096 ns, At safepoint: 28871 ns, Total: 1277967 ns
[2020-09-11T18:38:08.493+0000][1][safepoint    ] Safepoint "RevokeBias", Time since last: 4559707 ns, Reaching safepoint: 213888 ns, At safepoint: 26560 ns, Total: 240448 ns
[2020-09-11T18:38:08.528+0000][1][gc,start     ] GC(187) Pause Young (Allocation Failure)
[2020-09-11T18:38:08.528+0000][1][gc,task      ] GC(187) Using 1 workers of 1 for evacuation
[2020-09-11T18:38:08.539+0000][1][gc,age       ] GC(187) Desired survivor size 4358144 bytes, new threshold 6 (max threshold 6)
[2020-09-11T18:38:08.539+0000][1][gc,age       ] GC(187) Age table with threshold 6 (max threshold 6)
[2020-09-11T18:38:08.539+0000][1][gc,age       ] GC(187) - age   1:     442832 bytes,     442832 total
[2020-09-11T18:38:08.539+0000][1][gc,age       ] GC(187) - age   2:      24104 bytes,     466936 total
[2020-09-11T18:38:08.539+0000][1][gc,age       ] GC(187) - age   3:      14768 bytes,     481704 total
[2020-09-11T18:38:08.539+0000][1][gc,age       ] GC(187) - age   4:       2776 bytes,     484480 total
[2020-09-11T18:38:08.539+0000][1][gc,age       ] GC(187) - age   5:       1480 bytes,     485960 total
[2020-09-11T18:38:08.539+0000][1][gc,age       ] GC(187) - age   6:    4018200 bytes,    4504160 total
[2020-09-11T18:38:08.539+0000][1][gc,heap      ] GC(187) ParNew: 73001K->7381K(76672K)
[2020-09-11T18:38:08.539+0000][1][gc,heap      ] GC(187) CMS: 82339K->82339K(439104K)
[2020-09-11T18:38:08.539+0000][1][gc,metaspace ] GC(187) Metaspace: 98985K->98985K(1140736K)
[2020-09-11T18:38:08.539+0000][1][gc           ] GC(187) Pause Young (Allocation Failure) 151M->87M(503M) 11.692ms
[2020-09-11T18:38:08.539+0000][1][gc,cpu       ] GC(187) User=0.01s Sys=0.00s Real=0.01s
[2020-09-11T18:38:08.557+0000][1][safepoint    ] Safepoint "GenCollectForAllocation", Time since last: 34152840 ns, Reaching safepoint: 166257 ns, At safepoint: 29224967 ns, Total: 29391224 ns
[2020-09-11T18:38:09.577+0000][1][safepoint    ] Safepoint "Cleanup", Time since last: 1020112340 ns, Reaching safepoint: 96299 ns, At safepoint: 9779 ns, Total: 106078 ns
[2020-09-11T18:38:10.577+0000][1][safepoint    ] Safepoint "Cleanup", Time since last: 1000133301 ns, Reaching safepoint: 94599 ns, At safepoint: 10587 ns, Total: 105186 ns
[2020-09-11T18:38:11.577+0000][1][safepoint    ] Safepoint "Cleanup", Time since last: 1000113447 ns, Reaching safepoint: 94603 ns, At safepoint: 10192 ns, Total: 104795 ns
[2020-09-11T18:38:12.578+0000][1][safepoint    ] Safepoint "Cleanup", Time since last: 1000113529 ns, Reaching safepoint: 91078 ns, At safepoint: 9815 ns, Total: 100893 ns
[2020-09-11T18:38:13.578+0000][1][safepoint    ] Safepoint "Cleanup", Time since last: 1000104077 ns, Reaching safepoint: 92975 ns, At safepoint: 9465 ns, Total: 102440 ns
[2020-09-11T18:38:14.578+0000][1][safepoint    ] Safepoint "Cleanup", Time since last: 1000114106 ns, Reaching safepoint: 91415 ns, At safepoint: 10990 ns, Total: 102405 ns
[2020-09-11T18:38:15.034+0000][1][safepoint    ] Safepoint "RevokeBias", Time since last: 455225866 ns, Reaching safepoint: 182658 ns, At safepoint: 28972 ns, Total: 211630 ns
[2020-09-11T18:38:16.034+0000][1][safepoint    ] Safepoint "Cleanup", Time since last: 1000104298 ns, Reaching safepoint: 91337 ns, At safepoint: 11774 ns, Total: 103111 ns
[2020-09-11T18:38:17.034+0000][1][safepoint    ] Safepoint "Cleanup", Time since last: 1000129285 ns, Reaching safepoint: 94736 ns, At safepoint: 11213 ns, Total: 105949 ns
[2020-09-11T18:38:18.034+0000][1][safepoint    ] Safepoint "Cleanup", Time since last: 1000116663 ns, Reaching safepoint: 94138 ns, At safepoint: 10355 ns, Total: 104493 ns
[2020-09-11T18:38:18.449+0000][1][safepoint    ] Safepoint "RevokeBias", Time since last: 414305428 ns, Reaching safepoint: 385675 ns, At safepoint: 227383 ns, Total: 613058 ns
[2020-09-11T18:38:18.626+0000][1][safepoint    ] Safepoint "BulkRevokeBias", Time since last: 176022633 ns, Reaching safepoint: 103703 ns, At safepoint: 256142 ns, Total: 359845 ns
[2020-09-11T18:38:19.626+0000][1][safepoint    ] Safepoint "Cleanup", Time since last: 1000117327 ns, Reaching safepoint: 139317 ns, At safepoint: 11559 ns, Total: 150876 ns
[2020-09-11T18:38:20.626+0000][1][safepoint    ] Safepoint "Cleanup", Time since last: 1000109292 ns, Reaching safepoint: 103515 ns, At safepoint: 10699 ns, Total: 114214 ns
[2020-09-11T18:38:21.626+0000][1][safepoint    ] Safepoint "Cleanup", Time since last: 1000122680 ns, Reaching safepoint: 93179 ns, At safepoint: 10219 ns, Total: 103398 ns
[2020-09-11T18:38:22.626+0000][1][safepoint    ] Safepoint "Cleanup", Time since last: 1000117754 ns, Reaching safepoint: 96164 ns, At safepoint: 10628 ns, Total: 106792 ns
[2020-09-11T18:38:23.627+0000][1][safepoint    ] Safepoint "Cleanup", Time since last: 1000117132 ns, Reaching safepoint: 95445 ns, At safepoint: 10965 ns, Total: 106410 ns
[2020-09-11T18:38:24.627+0000][1][safepoint    ] Safepoint "Cleanup", Time since last: 1000113857 ns, Reaching safepoint: 95627 ns, At safepoint: 10830 ns, Total: 106457 ns
[2020-09-11T18:38:25.035+0000][1][safepoint    ] Safepoint "RevokeBias", Time since last: 408219244 ns, Reaching safepoint: 104867 ns, At safepoint: 25949 ns, Total: 130816 ns
[2020-09-11T18:38:25.928+0000][1][safepoint    ] Safepoint "RevokeBias", Time since last: 892227522 ns, Reaching safepoint: 96522 ns, At safepoint: 26231 ns, Total: 122753 ns
[2020-09-11T18:38:26.928+0000][1][safepoint    ] Safepoint "Cleanup", Time since last: 1000120856 ns, Reaching safepoint: 94708 ns, At safepoint: 10567 ns, Total: 105275 ns
[2020-09-11T18:38:27.928+0000][1][safepoint    ] Safepoint "Cleanup", Time since last: 1000118747 ns, Reaching safepoint: 92778 ns, At safepoint: 9716 ns, Total: 102494 ns
[2020-09-11T18:38:28.458+0000][1][safepoint    ] Safepoint "RevokeBias", Time since last: 529749788 ns, Reaching safepoint: 195279 ns, At safepoint: 29415 ns, Total: 224694 ns
[2020-09-11T18:38:28.465+0000][1][gc,start     ] GC(188) Pause Young (Allocation Failure)
[2020-09-11T18:38:28.466+0000][1][gc,task      ] GC(188) Using 1 workers of 1 for evacuation
[2020-09-11T18:38:28.481+0000][1][gc,age       ] GC(188) Desired survivor size 4358144 bytes, new threshold 6 (max threshold 6)
[2020-09-11T18:38:28.481+0000][1][gc,age       ] GC(188) Age table with threshold 6 (max threshold 6)
[2020-09-11T18:38:28.481+0000][1][gc,age       ] GC(188) - age   1:     320976 bytes,     320976 total
[2020-09-11T18:38:28.481+0000][1][gc,age       ] GC(188) - age   2:     161488 bytes,     482464 total
[2020-09-11T18:38:28.481+0000][1][gc,age       ] GC(188) - age   3:       4008 bytes,     486472 total
[2020-09-11T18:38:28.481+0000][1][gc,age       ] GC(188) - age   4:      14472 bytes,     500944 total
[2020-09-11T18:38:28.481+0000][1][gc,age       ] GC(188) - age   5:       2776 bytes,     503720 total
[2020-09-11T18:38:28.481+0000][1][gc,age       ] GC(188) - age   6:       1480 bytes,     505200 total
[2020-09-11T18:38:28.481+0000][1][gc,heap      ] GC(188) ParNew: 75541K->2572K(76672K)
[2020-09-11T18:38:28.481+0000][1][gc,heap      ] GC(188) CMS: 82339K->86264K(439104K)
[2020-09-11T18:38:28.481+0000][1][gc,metaspace ] GC(188) Metaspace: 99013K->99013K(1140736K)
[2020-09-11T18:38:28.481+0000][1][gc           ] GC(188) Pause Young (Allocation Failure) 154M->86M(503M) 15.960ms
[2020-09-11T18:38:28.481+0000][1][gc,cpu       ] GC(188) User=0.00s Sys=0.00s Real=0.02s
[2020-09-11T18:38:28.489+0000][1][safepoint    ] Safepoint "GenCollectForAllocation", Time since last: 6829417 ns, Reaching safepoint: 599368 ns, At safepoint: 23881479 ns, Total: 24480847 ns
[2020-09-11T18:38:28.595+0000][1][safepoint    ] Safepoint "RevokeBias", Time since last: 105709963 ns, Reaching safepoint: 408461 ns, At safepoint: 27767 ns, Total: 436228 ns
[2020-09-11T18:38:29.596+0000][1][safepoint    ] Safepoint "Cleanup", Time since last: 1000109734 ns, Reaching safepoint: 97531 ns, At safepoint: 10683 ns, Total: 108214 ns
[2020-09-11T18:38:30.596+0000][1][safepoint    ] Safepoint "Cleanup", Time since last: 1000119849 ns, Reaching safepoint: 100029 ns, At safepoint: 11108 ns, Total: 111137 ns
[2020-09-11T18:38:31.596+0000][1][safepoint    ] Safepoint "Cleanup", Time since last: 1000111893 ns, Reaching safepoint: 94085 ns, At safepoint: 9873 ns, Total: 103958 ns
[2020-09-11T18:38:32.596+0000][1][safepoint    ] Safepoint "Cleanup", Time since last: 1000115664 ns, Reaching safepoint: 93677 ns, At safepoint: 10416 ns, Total: 104093 ns
[2020-09-11T18:38:33.597+0000][1][safepoint    ] Safepoint "Cleanup", Time since last: 1000112026 ns, Reaching safepoint: 98823 ns, At safepoint: 9272 ns, Total: 108095 ns
[2020-09-11T18:38:34.597+0000][1][safepoint    ] Safepoint "Cleanup", Time since last: 1000108591 ns, Reaching safepoint: 117399 ns, At safepoint: 9701 ns, Total: 127100 ns
[2020-09-11T18:38:35.028+0000][1][safepoint    ] Safepoint "RevokeBias", Time since last: 430739851 ns, Reaching safepoint: 179156 ns, At safepoint: 28727 ns, Total: 207883 ns
[2020-09-11T18:38:36.028+0000][1][safepoint    ] Safepoint "Cleanup", Time since last: 1000112261 ns, Reaching safepoint: 93474 ns, At safepoint: 9801 ns, Total: 103275 ns
[2020-09-11T18:38:37.028+0000][1][safepoint    ] Safepoint "Cleanup", Time since last: 1000114857 ns, Reaching safepoint: 90514 ns, At safepoint: 10054 ns, Total: 100568 ns
[2020-09-11T18:38:38.028+0000][1][safepoint    ] Safepoint "Cleanup", Time since last: 1000112530 ns, Reaching safepoint: 96263 ns, At safepoint: 10635 ns, Total: 106898 ns
[2020-09-11T18:38:38.497+0000][1][safepoint    ] Safepoint "RevokeBias", Time since last: 468129769 ns, Reaching safepoint: 318957 ns, At safepoint: 22651 ns, Total: 341608 ns
[2020-09-11T18:38:38.729+0000][1][safepoint    ] Safepoint "RevokeBias", Time since last: 232126602 ns, Reaching safepoint: 101051 ns, At safepoint: 25211 ns, Total: 126262 ns
[2020-09-11T18:38:39.729+0000][1][safepoint    ] Safepoint "Cleanup", Time since last: 1000116157 ns, Reaching safepoint: 91587 ns, At safepoint: 10158 ns, Total: 101745 ns
[2020-09-11T18:38:40.730+0000][1][safepoint    ] Safepoint "Cleanup", Time since last: 1000119151 ns, Reaching safepoint: 91209 ns, At safepoint: 7906 ns, Total: 99115 ns
[2020-09-11T18:38:41.730+0000][1][safepoint    ] Safepoint "Cleanup", Time since last: 1000104367 ns, Reaching safepoint: 93676 ns, At safepoint: 11229 ns, Total: 104905 ns
[2020-09-11T18:38:42.730+0000][1][safepoint    ] Safepoint "Cleanup", Time since last: 1000128587 ns, Reaching safepoint: 98338 ns, At safepoint: 11111 ns, Total: 109449 ns
[2020-09-11T18:38:43.730+0000][1][safepoint    ] Safepoint "Cleanup", Time since last: 1000112230 ns, Reaching safepoint: 94989 ns, At safepoint: 10782 ns, Total: 105771 ns
[2020-09-11T18:38:44.730+0000][1][safepoint    ] Safepoint "Cleanup", Time since last: 1000113201 ns, Reaching safepoint: 91230 ns, At safepoint: 10769 ns, Total: 101999 ns
[2020-09-11T18:38:45.109+0000][1][safepoint    ] Safepoint "RevokeBias", Time since last: 378490622 ns, Reaching safepoint: 177339 ns, At safepoint: 28257 ns, Total: 205596 ns
[2020-09-11T18:38:46.109+0000][1][safepoint    ] Safepoint "Cleanup", Time since last: 1000109382 ns, Reaching safepoint: 104288 ns, At safepoint: 10923 ns, Total: 115211 ns
[2020-09-11T18:38:47.110+0000][1][safepoint    ] Safepoint "Cleanup", Time since last: 1000114174 ns, Reaching safepoint: 92258 ns, At safepoint: 9928 ns, Total: 102186 ns
[2020-09-11T18:38:48.110+0000][1][safepoint    ] Safepoint "Cleanup", Time since last: 1000114884 ns, Reaching safepoint: 94778 ns, At safepoint: 9960 ns, Total: 104738 ns
[2020-09-11T18:38:48.461+0000][1][safepoint    ] Safepoint "RevokeBias", Time since last: 348531737 ns, Reaching safepoint: 2530330 ns, At safepoint: 28529 ns, Total: 2558859 ns
[2020-09-11T18:38:48.483+0000][1][gc,start     ] GC(189) Pause Young (Allocation Failure)
[2020-09-11T18:38:48.483+0000][1][gc,task      ] GC(189) Using 1 workers of 1 for evacuation
[2020-09-11T18:38:48.493+0000][1][gc,age       ] GC(189) Desired survivor size 4358144 bytes, new threshold 6 (max threshold 6)
[2020-09-11T18:38:48.493+0000][1][gc,age       ] GC(189) Age table with threshold 6 (max threshold 6)
[2020-09-11T18:38:48.493+0000][1][gc,age       ] GC(189) - age   1:     316528 bytes,     316528 total
[2020-09-11T18:38:48.493+0000][1][gc,age       ] GC(189) - age   2:      13224 bytes,     329752 total
[2020-09-11T18:38:48.493+0000][1][gc,age       ] GC(189) - age   3:     152160 bytes,     481912 total
[2020-09-11T18:38:48.493+0000][1][gc,age       ] GC(189) - age   4:       1576 bytes,     483488 total
[2020-09-11T18:38:48.493+0000][1][gc,age       ] GC(189) - age   5:      14472 bytes,     497960 total
[2020-09-11T18:38:48.493+0000][1][gc,age       ] GC(189) - age   6:       2776 bytes,     500736 total
[2020-09-11T18:38:48.493+0000][1][gc,heap      ] GC(189) ParNew: 70685K->735K(76672K)
[2020-09-11T18:38:48.493+0000][1][gc,heap      ] GC(189) CMS: 86264K->86266K(439104K)
[2020-09-11T18:38:48.493+0000][1][gc,metaspace ] GC(189) Metaspace: 99040K->99040K(1140736K)
[2020-09-11T18:38:48.493+0000][1][gc           ] GC(189) Pause Young (Allocation Failure) 153M->84M(503M) 10.643ms
[2020-09-11T18:38:48.493+0000][1][gc,cpu       ] GC(189) User=0.01s Sys=0.00s Real=0.01s
[2020-09-11T18:38:48.493+0000][1][safepoint    ] Safepoint "GenCollectForAllocation", Time since last: 20309607 ns, Reaching safepoint: 1468044 ns, At safepoint: 10701947 ns, Total: 12169991 ns
[2020-09-11T18:38:48.670+0000][1][safepoint    ] Safepoint "RevokeBias", Time since last: 175573031 ns, Reaching safepoint: 602795 ns, At safepoint: 28888 ns, Total: 631683 ns
[2020-09-11T18:38:49.673+0000][1][safepoint    ] Safepoint "Cleanup", Time since last: 1003191276 ns, Reaching safepoint: 90905 ns, At safepoint: 10666 ns, Total: 101571 ns
[2020-09-11T18:38:50.673+0000][1][safepoint    ] Safepoint "Cleanup", Time since last: 1000113345 ns, Reaching safepoint: 111702 ns, At safepoint: 10413 ns, Total: 122115 ns
[2020-09-11T18:38:51.673+0000][1][safepoint    ] Safepoint "Cleanup", Time since last: 1000106092 ns, Reaching safepoint: 92013 ns, At safepoint: 10416 ns, Total: 102429 ns
[2020-09-11T18:38:52.674+0000][1][safepoint    ] Safepoint "Cleanup", Time since last: 1000114392 ns, Reaching safepoint: 92916 ns, At safepoint: 10153 ns, Total: 103069 ns
[2020-09-11T18:38:53.674+0000][1][safepoint    ] Safepoint "Cleanup", Time since last: 1000130542 ns, Reaching safepoint: 90672 ns, At safepoint: 11082 ns, Total: 101754 ns
[2020-09-11T18:38:54.674+0000][1][safepoint    ] Safepoint "Cleanup", Time since last: 1000119289 ns, Reaching safepoint: 101583 ns, At safepoint: 10821 ns, Total: 112404 ns
[2020-09-11T18:38:55.032+0000][1][safepoint    ] Safepoint "RevokeBias", Time since last: 358170755 ns, Reaching safepoint: 183078 ns, At safepoint: 27787 ns, Total: 210865 ns
[2020-09-11T18:38:55.932+0000][1][safepoint    ] Safepoint "RevokeBias", Time since last: 899647621 ns, Reaching safepoint: 261225 ns, At safepoint: 29727 ns, Total: 290952 ns
[2020-09-11T18:38:55.933+0000][1][safepoint    ] Safepoint "BulkRevokeBias", Time since last: 68209 ns, Reaching safepoint: 172500 ns, At safepoint: 598460 ns, Total: 770960 ns
[2020-09-11T18:38:56.933+0000][1][safepoint    ] Safepoint "Cleanup", Time since last: 1000098773 ns, Reaching safepoint: 99818 ns, At safepoint: 8309 ns, Total: 108127 ns
[2020-09-11T18:38:57.934+0000][1][safepoint    ] Safepoint "Cleanup", Time since last: 1000120450 ns, Reaching safepoint: 98392 ns, At safepoint: 12626 ns, Total: 111018 ns
[2020-09-11T18:38:58.449+0000][1][safepoint    ] Safepoint "RevokeBias", Time since last: 511935521 ns, Reaching safepoint: 3324248 ns, At safepoint: 28918 ns, Total: 3353166 ns
[2020-09-11T18:38:58.830+0000][1][safepoint    ] Safepoint "RevokeBias", Time since last: 381277442 ns, Reaching safepoint: 100951 ns, At safepoint: 27651 ns, Total: 128602 ns
[2020-09-11T18:38:59.831+0000][1][safepoint    ] Safepoint "Cleanup", Time since last: 1000110063 ns, Reaching safepoint: 96988 ns, At safepoint: 11344 ns, Total: 108332 ns
[2020-09-11T18:39:00.831+0000][1][safepoint    ] Safepoint "Cleanup", Time since last: 1000117396 ns, Reaching safepoint: 91566 ns, At safepoint: 11734 ns, Total: 103300 ns
[2020-09-11T18:39:01.831+0000][1][safepoint    ] Safepoint "Cleanup", Time since last: 1000116632 ns, Reaching safepoint: 93886 ns, At safepoint: 10881 ns, Total: 104767 ns
[2020-09-11T18:39:02.831+0000][1][safepoint    ] Safepoint "Cleanup", Time since last: 1000112209 ns, Reaching safepoint: 108294 ns, At safepoint: 11888 ns, Total: 120182 ns
[2020-09-11T18:39:03.831+0000][1][safepoint    ] Safepoint "Cleanup", Time since last: 1000112304 ns, Reaching safepoint: 101083 ns, At safepoint: 9380 ns, Total: 110463 ns
[2020-09-11T18:39:04.832+0000][1][safepoint    ] Safepoint "Cleanup", Time since last: 1000109727 ns, Reaching safepoint: 103419 ns, At safepoint: 9203 ns, Total: 112622 ns
[2020-09-11T18:39:05.092+0000][1][safepoint    ] Safepoint "RevokeBias", Time since last: 260493950 ns, Reaching safepoint: 178175 ns, At safepoint: 28766 ns, Total: 206941 ns
[2020-09-11T18:39:06.093+0000][1][safepoint    ] Safepoint "Cleanup", Time since last: 1000115884 ns, Reaching safepoint: 92827 ns, At safepoint: 10105 ns, Total: 102932 ns
[2020-09-11T18:39:07.093+0000][1][safepoint    ] Safepoint "Cleanup", Time since last: 1000114487 ns, Reaching safepoint: 127340 ns, At safepoint: 10124 ns, Total: 137464 ns
[2020-09-11T18:39:08.093+0000][1][safepoint    ] Safepoint "Cleanup", Time since last: 1000114239 ns, Reaching safepoint: 94180 ns, At safepoint: 10476 ns, Total: 104656 ns
[2020-09-11T18:39:08.453+0000][1][safepoint    ] Safepoint "RevokeBias", Time since last: 359905261 ns, Reaching safepoint: 232668 ns, At safepoint: 254710 ns, Total: 487378 ns
[2020-09-11T18:39:08.493+0000][1][gc,start     ] GC(190) Pause Young (Allocation Failure)
[2020-09-11T18:39:08.493+0000][1][gc,task      ] GC(190) Using 1 workers of 1 for evacuation
[2020-09-11T18:39:08.502+0000][1][gc,age       ] GC(190) Desired survivor size 4358144 bytes, new threshold 6 (max threshold 6)
[2020-09-11T18:39:08.502+0000][1][gc,age       ] GC(190) Age table with threshold 6 (max threshold 6)
[2020-09-11T18:39:08.502+0000][1][gc,age       ] GC(190) - age   1:     631168 bytes,     631168 total
[2020-09-11T18:39:08.502+0000][1][gc,age       ] GC(190) - age   2:      23248 bytes,     654416 total
[2020-09-11T18:39:08.502+0000][1][gc,age       ] GC(190) - age   3:       9288 bytes,     663704 total
[2020-09-11T18:39:08.502+0000][1][gc,age       ] GC(190) - age   4:     142952 bytes,     806656 total
[2020-09-11T18:39:08.502+0000][1][gc,age       ] GC(190) - age   5:       1576 bytes,     808232 total
[2020-09-11T18:39:08.502+0000][1][gc,age       ] GC(190) - age   6:      14328 bytes,     822560 total
[2020-09-11T18:39:08.502+0000][1][gc,heap      ] GC(190) ParNew: 68888K->1101K(76672K)
[2020-09-11T18:39:08.502+0000][1][gc,heap      ] GC(190) CMS: 86266K->86269K(439104K)
[2020-09-11T18:39:08.503+0000][1][gc,metaspace ] GC(190) Metaspace: 99059K->99059K(1140736K)
[2020-09-11T18:39:08.503+0000][1][gc           ] GC(190) Pause Young (Allocation Failure) 151M->85M(503M) 9.677ms
[2020-09-11T18:39:08.503+0000][1][gc,cpu       ] GC(190) User=0.01s Sys=0.00s Real=0.01s
[2020-09-11T18:39:08.505+0000][1][safepoint    ] Safepoint "GenCollectForAllocation", Time since last: 38664339 ns, Reaching safepoint: 756509 ns, At safepoint: 11938112 ns, Total: 12694621 ns
[2020-09-11T18:39:08.755+0000][1][safepoint    ] Safepoint "RevokeBias", Time since last: 250137372 ns, Reaching safepoint: 95206 ns, At safepoint: 23173 ns, Total: 118379 ns
[2020-09-11T18:39:09.755+0000][1][safepoint    ] Safepoint "Cleanup", Time since last: 1000106042 ns, Reaching safepoint: 103271 ns, At safepoint: 9887 ns, Total: 113158 ns
[2020-09-11T18:39:10.755+0000][1][safepoint    ] Safepoint "Cleanup", Time since last: 1000107569 ns, Reaching safepoint: 93712 ns, At safepoint: 9244 ns, Total: 102956 ns
[2020-09-11T18:39:11.756+0000][1][safepoint    ] Safepoint "Cleanup", Time since last: 1000119296 ns, Reaching safepoint: 90758 ns, At safepoint: 10123 ns, Total: 100881 ns
[2020-09-11T18:39:12.113+0000][1][safepoint    ] Safepoint "RevokeBias", Time since last: 357484854 ns, Reaching safepoint: 198802 ns, At safepoint: 37870 ns, Total: 236672 ns
[2020-09-11T18:39:12.114+0000][1][safepoint    ] Safepoint "RevokeBias", Time since last: 81559 ns, Reaching safepoint: 164657 ns, At safepoint: 20002 ns, Total: 184659 ns
[2020-09-11T18:39:12.114+0000][1][safepoint    ] Safepoint "RevokeBias", Time since last: 42258 ns, Reaching safepoint: 152266 ns, At safepoint: 16976 ns, Total: 169242 ns
[2020-09-11T18:39:12.114+0000][1][safepoint    ] Safepoint "RevokeBias", Time since last: 37688 ns, Reaching safepoint: 142733 ns, At safepoint: 15536 ns, Total: 158269 ns
[2020-09-11T18:39:12.114+0000][1][safepoint    ] Safepoint "RevokeBias", Time since last: 35347 ns, Reaching safepoint: 137099 ns, At safepoint: 14849 ns, Total: 151948 ns
[2020-09-11T18:39:12.114+0000][1][safepoint    ] Safepoint "RevokeBias", Time since last: 34953 ns, Reaching safepoint: 133017 ns, At safepoint: 14430 ns, Total: 147447 ns
[2020-09-11T18:39:12.115+0000][1][safepoint    ] Safepoint "RevokeBias", Time since last: 34073 ns, Reaching safepoint: 132264 ns, At safepoint: 23074 ns, Total: 155338 ns
[2020-09-11T18:39:12.115+0000][1][safepoint    ] Safepoint "RevokeBias", Time since last: 29287 ns, Reaching safepoint: 128960 ns, At safepoint: 22393 ns, Total: 151353 ns
[2020-09-11T18:39:12.115+0000][1][safepoint    ] Safepoint "RevokeBias", Time since last: 28572 ns, Reaching safepoint: 126945 ns, At safepoint: 21923 ns, Total: 148868 ns
[2020-09-11T18:39:13.115+0000][1][safepoint    ] Safepoint "Cleanup", Time since last: 1000280213 ns, Reaching safepoint: 91857 ns, At safepoint: 10777 ns, Total: 102634 ns
[2020-09-11T18:39:14.116+0000][1][safepoint    ] Safepoint "Cleanup", Time since last: 1000112389 ns, Reaching safepoint: 92775 ns, At safepoint: 10282 ns, Total: 103057 ns
[2020-09-11T18:39:15.109+0000][1][safepoint    ] Safepoint "RevokeBias", Time since last: 993761158 ns, Reaching safepoint: 100877 ns, At safepoint: 28009 ns, Total: 128886 ns
[2020-09-11T18:39:16.110+0000][1][safepoint    ] Safepoint "Cleanup", Time since last: 1000108628 ns, Reaching safepoint: 97418 ns, At safepoint: 11291 ns, Total: 108709 ns
[2020-09-11T18:39:17.110+0000][1][safepoint    ] Safepoint "Cleanup", Time since last: 1000112545 ns, Reaching safepoint: 94868 ns, At safepoint: 10375 ns, Total: 105243 ns
[2020-09-11T18:39:18.110+0000][1][safepoint    ] Safepoint "Cleanup", Time since last: 1000130181 ns, Reaching safepoint: 93281 ns, At safepoint: 10107 ns, Total: 103388 ns
[2020-09-11T18:39:18.453+0000][1][safepoint    ] Safepoint "RevokeBias", Time since last: 342906040 ns, Reaching safepoint: 95483 ns, At safepoint: 23940 ns, Total: 119423 ns
[2020-09-11T18:39:18.857+0000][1][safepoint    ] Safepoint "RevokeBias", Time since last: 403762755 ns, Reaching safepoint: 98797 ns, At safepoint: 24770 ns, Total: 123567 ns
[2020-09-11T18:39:19.857+0000][1][safepoint    ] Safepoint "Cleanup", Time since last: 1000112599 ns, Reaching safepoint: 91392 ns, At safepoint: 9790 ns, Total: 101182 ns
[2020-09-11T18:39:20.858+0000][1][safepoint    ] Safepoint "Cleanup", Time since last: 1000112429 ns, Reaching safepoint: 115786 ns, At safepoint: 11502 ns, Total: 127288 ns
[2020-09-11T18:39:21.858+0000][1][safepoint    ] Safepoint "Cleanup", Time since last: 1000114245 ns, Reaching safepoint: 104734 ns, At safepoint: 11267 ns, Total: 116001 ns
[2020-09-11T18:39:22.858+0000][1][safepoint    ] Safepoint "Cleanup", Time since last: 1000111734 ns, Reaching safepoint: 91358 ns, At safepoint: 9434 ns, Total: 100792 ns
[2020-09-11T18:39:23.858+0000][1][safepoint    ] Safepoint "Cleanup", Time since last: 1000137980 ns, Reaching safepoint: 90965 ns, At safepoint: 10006 ns, Total: 100971 ns
[2020-09-11T18:39:24.858+0000][1][safepoint    ] Safepoint "Cleanup", Time since last: 1000112501 ns, Reaching safepoint: 94990 ns, At safepoint: 10495 ns, Total: 105485 ns
[2020-09-11T18:39:25.076+0000][1][safepoint    ] Safepoint "RevokeBias", Time since last: 216879130 ns, Reaching safepoint: 178448 ns, At safepoint: 25605 ns, Total: 204053 ns
[2020-09-11T18:39:26.076+0000][1][safepoint    ] Safepoint "Cleanup", Time since last: 1000107623 ns, Reaching safepoint: 92261 ns, At safepoint: 9833 ns, Total: 102094 ns
[2020-09-11T18:39:27.076+0000][1][safepoint    ] Safepoint "Cleanup", Time since last: 1000122434 ns, Reaching safepoint: 98977 ns, At safepoint: 9690 ns, Total: 108667 ns
[2020-09-11T18:39:28.076+0000][1][safepoint    ] Safepoint "Cleanup", Time since last: 1000115850 ns, Reaching safepoint: 93734 ns, At safepoint: 9546 ns, Total: 103280 ns
[2020-09-11T18:39:28.473+0000][1][safepoint    ] Safepoint "RevokeBias", Time since last: 392919747 ns, Reaching safepoint: 3886898 ns, At safepoint: 256264 ns, Total: 4143162 ns
[2020-09-11T18:39:28.513+0000][1][gc,start     ] GC(191) Pause Young (Allocation Failure)
[2020-09-11T18:39:28.513+0000][1][gc,task      ] GC(191) Using 1 workers of 1 for evacuation
[2020-09-11T18:39:28.521+0000][1][gc,age       ] GC(191) Desired survivor size 4358144 bytes, new threshold 6 (max threshold 6)
[2020-09-11T18:39:28.521+0000][1][gc,age       ] GC(191) Age table with threshold 6 (max threshold 6)
[2020-09-11T18:39:28.521+0000][1][gc,age       ] GC(191) - age   1:     485128 bytes,     485128 total
[2020-09-11T18:39:28.521+0000][1][gc,age       ] GC(191) - age   2:      19504 bytes,     504632 total
[2020-09-11T18:39:28.521+0000][1][gc,age       ] GC(191) - age   3:       2000 bytes,     506632 total
[2020-09-11T18:39:28.521+0000][1][gc,age       ] GC(191) - age   4:       8608 bytes,     515240 total
[2020-09-11T18:39:28.521+0000][1][gc,age       ] GC(191) - age   5:     142952 bytes,     658192 total
[2020-09-11T18:39:28.521+0000][1][gc,age       ] GC(191) - age   6:       1576 bytes,     659768 total
[2020-09-11T18:39:28.521+0000][1][gc,heap      ] GC(191) ParNew: 69261K->740K(76672K)
[2020-09-11T18:39:28.521+0000][1][gc,heap      ] GC(191) CMS: 86269K->86283K(439104K)
[2020-09-11T18:39:28.521+0000][1][gc,metaspace ] GC(191) Metaspace: 99071K->99071K(1140736K)
[2020-09-11T18:39:28.521+0000][1][gc           ] GC(191) Pause Young (Allocation Failure) 151M->84M(503M) 7.764ms
[2020-09-11T18:39:28.521+0000][1][gc,cpu       ] GC(191) User=0.01s Sys=0.00s Real=0.00s
[2020-09-11T18:39:28.537+0000][1][safepoint    ] Safepoint "GenCollectForAllocation", Time since last: 36150499 ns, Reaching safepoint: 3524041 ns, At safepoint: 24030386 ns, Total: 27554427 ns
[2020-09-11T18:39:28.897+0000][1][safepoint    ] Safepoint "RevokeBias", Time since last: 360028648 ns, Reaching safepoint: 101924 ns, At safepoint: 29358 ns, Total: 131282 ns
[2020-09-11T18:39:29.897+0000][1][safepoint    ] Safepoint "Cleanup", Time since last: 1000114819 ns, Reaching safepoint: 94846 ns, At safepoint: 10967 ns, Total: 105813 ns
[2020-09-11T18:39:30.898+0000][1][safepoint    ] Safepoint "Cleanup", Time since last: 1000114102 ns, Reaching safepoint: 92467 ns, At safepoint: 10833 ns, Total: 103300 ns
[2020-09-11T18:39:31.898+0000][1][safepoint    ] Safepoint "Cleanup", Time since last: 1000115132 ns, Reaching safepoint: 92031 ns, At safepoint: 10629 ns, Total: 102660 ns
[2020-09-11T18:39:32.898+0000][1][safepoint    ] Safepoint "Cleanup", Time since last: 1000114389 ns, Reaching safepoint: 92276 ns, At safepoint: 11222 ns, Total: 103498 ns
[2020-09-11T18:39:33.898+0000][1][safepoint    ] Safepoint "Cleanup", Time since last: 1000121284 ns, Reaching safepoint: 92051 ns, At safepoint: 10543 ns, Total: 102594 ns
[2020-09-11T18:39:34.898+0000][1][safepoint    ] Safepoint "Cleanup", Time since last: 1000114251 ns, Reaching safepoint: 96131 ns, At safepoint: 10899 ns, Total: 107030 ns
[2020-09-11T18:39:35.096+0000][1][safepoint    ] Safepoint "RevokeBias", Time since last: 197722675 ns, Reaching safepoint: 102418 ns, At safepoint: 27229 ns, Total: 129647 ns
[2020-09-11T18:39:36.096+0000][1][safepoint    ] Safepoint "Cleanup", Time since last: 1000109312 ns, Reaching safepoint: 94452 ns, At safepoint: 10450 ns, Total: 104902 ns
[2020-09-11T18:39:37.097+0000][1][safepoint    ] Safepoint "Cleanup", Time since last: 1000114558 ns, Reaching safepoint: 93935 ns, At safepoint: 10337 ns, Total: 104272 ns
[2020-09-11T18:39:38.097+0000][1][safepoint    ] Safepoint "Cleanup", Time since last: 1000139065 ns, Reaching safepoint: 94721 ns, At safepoint: 10359 ns, Total: 105080 ns
[2020-09-11T18:39:38.457+0000][1][safepoint    ] Safepoint "RevokeBias", Time since last: 358059290 ns, Reaching safepoint: 1923858 ns, At safepoint: 240687 ns, Total: 2164545 ns
[2020-09-11T18:39:38.925+0000][1][safepoint    ] Safepoint "RevokeBias", Time since last: 465358797 ns, Reaching safepoint: 2348460 ns, At safepoint: 33401 ns, Total: 2381861 ns
[2020-09-11T18:39:39.925+0000][1][safepoint    ] Safepoint "Cleanup", Time since last: 1000121549 ns, Reaching safepoint: 93618 ns, At safepoint: 10378 ns, Total: 103996 ns
[2020-09-11T18:39:40.925+0000][1][safepoint    ] Safepoint "Cleanup", Time since last: 1000113641 ns, Reaching safepoint: 92683 ns, At safepoint: 11278 ns, Total: 103961 ns
[2020-09-11T18:39:41.926+0000][1][safepoint    ] Safepoint "Cleanup", Time since last: 1000115235 ns, Reaching safepoint: 92188 ns, At safepoint: 11072 ns, Total: 103260 ns
[2020-09-11T18:39:42.926+0000][1][safepoint    ] Safepoint "Cleanup", Time since last: 1000113993 ns, Reaching safepoint: 95414 ns, At safepoint: 10766 ns, Total: 106180 ns
[2020-09-11T18:39:43.926+0000][1][safepoint    ] Safepoint "Cleanup", Time since last: 1000116927 ns, Reaching safepoint: 99390 ns, At safepoint: 11192 ns, Total: 110582 ns
[2020-09-11T18:39:44.926+0000][1][safepoint    ] Safepoint "Cleanup", Time since last: 1000114593 ns, Reaching safepoint: 96165 ns, At safepoint: 10607 ns, Total: 106772 ns
[2020-09-11T18:39:45.089+0000][1][safepoint    ] Safepoint "RevokeBias", Time since last: 162194476 ns, Reaching safepoint: 99377 ns, At safepoint: 26708 ns, Total: 126085 ns
[2020-09-11T18:39:46.089+0000][1][safepoint    ] Safepoint "Cleanup", Time since last: 1000110639 ns, Reaching safepoint: 108144 ns, At safepoint: 8873 ns, Total: 117017 ns
[2020-09-11T18:39:47.089+0000][1][safepoint    ] Safepoint "Cleanup", Time since last: 1000206524 ns, Reaching safepoint: 90530 ns, At safepoint: 9543 ns, Total: 100073 ns
[2020-09-11T18:39:48.089+0000][1][safepoint    ] Safepoint "Cleanup", Time since last: 1000112491 ns, Reaching safepoint: 105561 ns, At safepoint: 9225 ns, Total: 114786 ns
[2020-09-11T18:39:48.450+0000][1][safepoint    ] Safepoint "RevokeBias", Time since last: 359786435 ns, Reaching safepoint: 232833 ns, At safepoint: 237917 ns, Total: 470750 ns
[2020-09-11T18:39:48.504+0000][1][gc,start     ] GC(192) Pause Young (Allocation Failure)
[2020-09-11T18:39:48.504+0000][1][gc,task      ] GC(192) Using 1 workers of 1 for evacuation
[2020-09-11T18:39:48.520+0000][1][gc,age       ] GC(192) Desired survivor size 4358144 bytes, new threshold 6 (max threshold 6)
[2020-09-11T18:39:48.520+0000][1][gc,age       ] GC(192) Age table with threshold 6 (max threshold 6)
[2020-09-11T18:39:48.520+0000][1][gc,age       ] GC(192) - age   1:     734680 bytes,     734680 total
[2020-09-11T18:39:48.520+0000][1][gc,age       ] GC(192) - age   2:      25768 bytes,     760448 total
[2020-09-11T18:39:48.520+0000][1][gc,age       ] GC(192) - age   3:      12808 bytes,     773256 total
[2020-09-11T18:39:48.520+0000][1][gc,age       ] GC(192) - age   4:       2000 bytes,     775256 total
[2020-09-11T18:39:48.520+0000][1][gc,age       ] GC(192) - age   5:       8608 bytes,     783864 total
[2020-09-11T18:39:48.520+0000][1][gc,age       ] GC(192) - age   6:     141712 bytes,     925576 total
[2020-09-11T18:39:48.520+0000][1][gc,heap      ] GC(192) ParNew: 68900K->1336K(76672K)
[2020-09-11T18:39:48.520+0000][1][gc,heap      ] GC(192) CMS: 86283K->86284K(439104K)
[2020-09-11T18:39:48.520+0000][1][gc,metaspace ] GC(192) Metaspace: 99084K->99084K(1140736K)
[2020-09-11T18:39:48.520+0000][1][gc           ] GC(192) Pause Young (Allocation Failure) 151M->85M(503M) 15.743ms
[2020-09-11T18:39:48.520+0000][1][gc,cpu       ] GC(192) User=0.01s Sys=0.00s Real=0.01s
[2020-09-11T18:39:48.545+0000][1][safepoint    ] Safepoint "GenCollectForAllocation", Time since last: 54597378 ns, Reaching safepoint: 232660 ns, At safepoint: 40397988 ns, Total: 40630648 ns
[2020-09-11T18:39:48.964+0000][1][safepoint    ] Safepoint "RevokeBias", Time since last: 419084951 ns, Reaching safepoint: 108368 ns, At safepoint: 28207 ns, Total: 136575 ns
[2020-09-11T18:39:49.964+0000][1][safepoint    ] Safepoint "Cleanup", Time since last: 1000114532 ns, Reaching safepoint: 92842 ns, At safepoint: 10636 ns, Total: 103478 ns
[2020-09-11T18:39:50.964+0000][1][safepoint    ] Safepoint "Cleanup", Time since last: 1000112618 ns, Reaching safepoint: 93507 ns, At safepoint: 10081 ns, Total: 103588 ns
[2020-09-11T18:39:51.965+0000][1][safepoint    ] Safepoint "Cleanup", Time since last: 1000124082 ns, Reaching safepoint: 119104 ns, At safepoint: 11575 ns, Total: 130679 ns
[2020-09-11T18:39:52.965+0000][1][safepoint    ] Safepoint "Cleanup", Time since last: 1000136775 ns, Reaching safepoint: 92943 ns, At safepoint: 10053 ns, Total: 102996 ns
[2020-09-11T18:39:53.965+0000][1][safepoint    ] Safepoint "Cleanup", Time since last: 1000109677 ns, Reaching safepoint: 104942 ns, At safepoint: 10588 ns, Total: 115530 ns
[2020-09-11T18:39:54.965+0000][1][safepoint    ] Safepoint "Cleanup", Time since last: 1000111059 ns, Reaching safepoint: 100109 ns, At safepoint: 11479 ns, Total: 111588 ns
[2020-09-11T18:39:55.028+0000][1][safepoint    ] Safepoint "RevokeBias", Time since last: 62173451 ns, Reaching safepoint: 177036 ns, At safepoint: 27244 ns, Total: 204280 ns
[2020-09-11T18:39:56.028+0000][1][safepoint    ] Safepoint "Cleanup", Time since last: 1000111672 ns, Reaching safepoint: 93512 ns, At safepoint: 10490 ns, Total: 104002 ns
[2020-09-11T18:39:57.028+0000][1][safepoint    ] Safepoint "Cleanup", Time since last: 1000117493 ns, Reaching safepoint: 94341 ns, At safepoint: 10351 ns, Total: 104692 ns
[2020-09-11T18:39:58.028+0000][1][safepoint    ] Safepoint "Cleanup", Time since last: 1000118912 ns, Reaching safepoint: 99766 ns, At safepoint: 10779 ns, Total: 110545 ns
[2020-09-11T18:39:58.488+0000][1][safepoint    ] Safepoint "RevokeBias", Time since last: 459392889 ns, Reaching safepoint: 199673 ns, At safepoint: 28559 ns, Total: 228232 ns
[2020-09-11T18:39:58.985+0000][1][safepoint    ] Safepoint "RevokeBias", Time since last: 497174376 ns, Reaching safepoint: 101089 ns, At safepoint: 27253 ns, Total: 128342 ns
[2020-09-11T18:39:59.986+0000][1][safepoint    ] Safepoint "Cleanup", Time since last: 1000122365 ns, Reaching safepoint: 93218 ns, At safepoint: 9970 ns, Total: 103188 ns
[2020-09-11T18:40:00.986+0000][1][safepoint    ] Safepoint "Cleanup", Time since last: 1000134595 ns, Reaching safepoint: 95613 ns, At safepoint: 9503 ns, Total: 105116 ns
[2020-09-11T18:40:01.986+0000][1][safepoint    ] Safepoint "Cleanup", Time since last: 1000115242 ns, Reaching safepoint: 91917 ns, At safepoint: 10799 ns, Total: 102716 ns
[2020-09-11T18:40:02.986+0000][1][safepoint    ] Safepoint "Cleanup", Time since last: 1000110278 ns, Reaching safepoint: 95704 ns, At safepoint: 10118 ns, Total: 105822 ns
[2020-09-11T18:40:03.986+0000][1][safepoint    ] Safepoint "Cleanup", Time since last: 1000111872 ns, Reaching safepoint: 94162 ns, At safepoint: 8780 ns, Total: 102942 ns
[2020-09-11T18:40:04.987+0000][1][safepoint    ] Safepoint "Cleanup", Time since last: 1000105629 ns, Reaching safepoint: 93850 ns, At safepoint: 10008 ns, Total: 103858 ns
[2020-09-11T18:40:05.095+0000][1][safepoint    ] Safepoint "RevokeBias", Time since last: 108666122 ns, Reaching safepoint: 99518 ns, At safepoint: 26853 ns, Total: 126371 ns
[2020-09-11T18:40:06.096+0000][1][safepoint    ] Safepoint "Cleanup", Time since last: 1000111229 ns, Reaching safepoint: 95295 ns, At safepoint: 10419 ns, Total: 105714 ns
[2020-09-11T18:40:07.096+0000][1][safepoint    ] Safepoint "Cleanup", Time since last: 1000119106 ns, Reaching safepoint: 97536 ns, At safepoint: 10733 ns, Total: 108269 ns
[2020-09-11T18:40:08.096+0000][1][safepoint    ] Safepoint "Cleanup", Time since last: 1000122514 ns, Reaching safepoint: 96120 ns, At safepoint: 10464 ns, Total: 106584 ns
[2020-09-11T18:40:08.475+0000][1][safepoint    ] Safepoint "RevokeBias", Time since last: 378412939 ns, Reaching safepoint: 208924 ns, At safepoint: 26331 ns, Total: 235255 ns
[2020-09-11T18:40:08.570+0000][1][gc,start     ] GC(193) Pause Young (Allocation Failure)
[2020-09-11T18:40:08.570+0000][1][gc,task      ] GC(193) Using 1 workers of 1 for evacuation
[2020-09-11T18:40:08.581+0000][1][gc,age       ] GC(193) Desired survivor size 4358144 bytes, new threshold 6 (max threshold 6)
[2020-09-11T18:40:08.585+0000][1][gc,age       ] GC(193) Age table with threshold 6 (max threshold 6)
[2020-09-11T18:40:08.585+0000][1][gc,age       ] GC(193) - age   1:     623672 bytes,     623672 total
[2020-09-11T18:40:08.585+0000][1][gc,age       ] GC(193) - age   2:      36904 bytes,     660576 total
[2020-09-11T18:40:08.585+0000][1][gc,age       ] GC(193) - age   3:       2896 bytes,     663472 total
[2020-09-11T18:40:08.585+0000][1][gc,age       ] GC(193) - age   4:       2152 bytes,     665624 total
[2020-09-11T18:40:08.585+0000][1][gc,age       ] GC(193) - age   5:       2000 bytes,     667624 total
[2020-09-11T18:40:08.585+0000][1][gc,age       ] GC(193) - age   6:       8608 bytes,     676232 total
[2020-09-11T18:40:08.585+0000][1][gc,heap      ] GC(193) ParNew: 69496K->844K(76672K)
[2020-09-11T18:40:08.585+0000][1][gc,heap      ] GC(193) CMS: 86284K->86424K(439104K)
[2020-09-11T18:40:08.585+0000][1][gc,metaspace ] GC(193) Metaspace: 99193K->99193K(1140736K)
[2020-09-11T18:40:08.585+0000][1][gc           ] GC(193) Pause Young (Allocation Failure) 152M->85M(503M) 14.746ms
[2020-09-11T18:40:08.585+0000][1][gc,cpu       ] GC(193) User=0.00s Sys=0.00s Real=0.02s
[2020-09-11T18:40:08.585+0000][1][safepoint    ] Safepoint "GenCollectForAllocation", Time since last: 95239456 ns, Reaching safepoint: 177647 ns, At safepoint: 14987801 ns, Total: 15165448 ns
[2020-09-11T18:40:08.982+0000][1][safepoint    ] Safepoint "RevokeBias", Time since last: 396423946 ns, Reaching safepoint: 103226 ns, At safepoint: 25332 ns, Total: 128558 ns
[2020-09-11T18:40:09.982+0000][1][safepoint    ] Safepoint "Cleanup", Time since last: 1000107760 ns, Reaching safepoint: 92039 ns, At safepoint: 9877 ns, Total: 101916 ns
[2020-09-11T18:40:10.982+0000][1][safepoint    ] Safepoint "Cleanup", Time since last: 1000113848 ns, Reaching safepoint: 116023 ns, At safepoint: 20443 ns, Total: 136466 ns
[2020-09-11T18:40:11.982+0000][1][safepoint    ] Safepoint "Cleanup", Time since last: 1000146140 ns, Reaching safepoint: 92520 ns, At safepoint: 10549 ns, Total: 103069 ns
[2020-09-11T18:40:12.983+0000][1][safepoint    ] Safepoint "Cleanup", Time since last: 1000110134 ns, Reaching safepoint: 91716 ns, At safepoint: 10096 ns, Total: 101812 ns
[2020-09-11T18:40:13.983+0000][1][safepoint    ] Safepoint "Cleanup", Time since last: 1000111865 ns, Reaching safepoint: 92509 ns, At safepoint: 9827 ns, Total: 102336 ns
[2020-09-11T18:40:14.983+0000][1][safepoint    ] Safepoint "Cleanup", Time since last: 1000123396 ns, Reaching safepoint: 93845 ns, At safepoint: 10994 ns, Total: 104839 ns
[2020-09-11T18:40:15.046+0000][1][safepoint    ] Safepoint "RevokeBias", Time since last: 62768256 ns, Reaching safepoint: 176439 ns, At safepoint: 28216 ns, Total: 204655 ns
[2020-09-11T18:40:16.046+0000][1][safepoint    ] Safepoint "Cleanup", Time since last: 1000109133 ns, Reaching safepoint: 91698 ns, At safepoint: 10046 ns, Total: 101744 ns
[2020-09-11T18:40:17.047+0000][1][safepoint    ] Safepoint "Cleanup", Time since last: 1000122845 ns, Reaching safepoint: 93373 ns, At safepoint: 9662 ns, Total: 103035 ns
[2020-09-11T18:40:18.047+0000][1][safepoint    ] Safepoint "Cleanup", Time since last: 1000109816 ns, Reaching safepoint: 92014 ns, At safepoint: 10486 ns, Total: 102500 ns
[2020-09-11T18:40:18.444+0000][1][safepoint    ] Safepoint "RevokeBias", Time since last: 396752839 ns, Reaching safepoint: 194014 ns, At safepoint: 26097 ns, Total: 220111 ns
[2020-09-11T18:40:19.022+0000][1][safepoint    ] Safepoint "BulkRevokeBias", Time since last: 578035732 ns, Reaching safepoint: 95083 ns, At safepoint: 253144 ns, Total: 348227 ns
[2020-09-11T18:40:20.022+0000][1][safepoint    ] Safepoint "Cleanup", Time since last: 1000109674 ns, Reaching safepoint: 106247 ns, At safepoint: 10349 ns, Total: 116596 ns
[2020-09-11T18:40:21.023+0000][1][safepoint    ] Safepoint "Cleanup", Time since last: 1000126905 ns, Reaching safepoint: 94496 ns, At safepoint: 9877 ns, Total: 104373 ns
[2020-09-11T18:40:22.023+0000][1][safepoint    ] Safepoint "Cleanup", Time since last: 1000098337 ns, Reaching safepoint: 95010 ns, At safepoint: 10583 ns, Total: 105593 ns
[2020-09-11T18:40:23.023+0000][1][safepoint    ] Safepoint "Cleanup", Time since last: 1000115964 ns, Reaching safepoint: 112704 ns, At safepoint: 10022 ns, Total: 122726 ns
[2020-09-11T18:40:24.023+0000][1][safepoint    ] Safepoint "Cleanup", Time since last: 1000108848 ns, Reaching safepoint: 91632 ns, At safepoint: 10319 ns, Total: 101951 ns
[2020-09-11T18:40:25.024+0000][1][safepoint    ] Safepoint "Cleanup", Time since last: 1000640728 ns, Reaching safepoint: 234559 ns, At safepoint: 9044 ns, Total: 243603 ns
[2020-09-11T18:40:25.045+0000][1][safepoint    ] Safepoint "RevokeBias", Time since last: 20853624 ns, Reaching safepoint: 94572 ns, At safepoint: 21981 ns, Total: 116553 ns
[2020-09-11T18:40:26.045+0000][1][safepoint    ] Safepoint "Cleanup", Time since last: 1000108982 ns, Reaching safepoint: 93602 ns, At safepoint: 10274 ns, Total: 103876 ns
[2020-09-11T18:40:27.045+0000][1][safepoint    ] Safepoint "Cleanup", Time since last: 1000108490 ns, Reaching safepoint: 93857 ns, At safepoint: 10097 ns, Total: 103954 ns
[2020-09-11T18:40:28.046+0000][1][safepoint    ] Safepoint "Cleanup", Time since last: 1000121935 ns, Reaching safepoint: 108398 ns, At safepoint: 11436 ns, Total: 119834 ns
[2020-09-11T18:40:28.451+0000][1][safepoint    ] Safepoint "RevokeBias", Time since last: 404644150 ns, Reaching safepoint: 100008 ns, At safepoint: 24433 ns, Total: 124441 ns
[2020-09-11T18:40:28.498+0000][1][gc,start     ] GC(194) Pause Young (Allocation Failure)
[2020-09-11T18:40:28.498+0000][1][gc,task      ] GC(194) Using 1 workers of 1 for evacuation
[2020-09-11T18:40:28.507+0000][1][gc,age       ] GC(194) Desired survivor size 4358144 bytes, new threshold 6 (max threshold 6)
[2020-09-11T18:40:28.507+0000][1][gc,age       ] GC(194) Age table with threshold 6 (max threshold 6)
[2020-09-11T18:40:28.507+0000][1][gc,age       ] GC(194) - age   1:     636160 bytes,     636160 total
[2020-09-11T18:40:28.507+0000][1][gc,age       ] GC(194) - age   2:      30344 bytes,     666504 total
[2020-09-11T18:40:28.507+0000][1][gc,age       ] GC(194) - age   3:       4280 bytes,     670784 total
[2020-09-11T18:40:28.507+0000][1][gc,age       ] GC(194) - age   4:       2584 bytes,     673368 total
[2020-09-11T18:40:28.507+0000][1][gc,age       ] GC(194) - age   5:       2152 bytes,     675520 total
[2020-09-11T18:40:28.507+0000][1][gc,age       ] GC(194) - age   6:       2000 bytes,     677520 total
[2020-09-11T18:40:28.507+0000][1][gc,heap      ] GC(194) ParNew: 69004K->706K(76672K)
[2020-09-11T18:40:28.507+0000][1][gc,heap      ] GC(194) CMS: 86424K->86432K(439104K)
[2020-09-11T18:40:28.507+0000][1][gc,metaspace ] GC(194) Metaspace: 99196K->99196K(1140736K)
[2020-09-11T18:40:28.507+0000][1][gc           ] GC(194) Pause Young (Allocation Failure) 151M->85M(503M) 8.812ms
[2020-09-11T18:40:28.507+0000][1][gc,cpu       ] GC(194) User=0.01s Sys=0.00s Real=0.01s
[2020-09-11T18:40:28.510+0000][1][safepoint    ] Safepoint "GenCollectForAllocation", Time since last: 47458368 ns, Reaching safepoint: 168436 ns, At safepoint: 11421400 ns, Total: 11589836 ns
[2020-09-11T18:40:29.041+0000][1][safepoint    ] Safepoint "RevokeBias", Time since last: 531305170 ns, Reaching safepoint: 102381 ns, At safepoint: 28133 ns, Total: 130514 ns
[2020-09-11T18:40:30.041+0000][1][safepoint    ] Safepoint "Cleanup", Time since last: 1000109748 ns, Reaching safepoint: 95663 ns, At safepoint: 9496 ns, Total: 105159 ns
[2020-09-11T18:40:31.041+0000][1][safepoint    ] Safepoint "Cleanup", Time since last: 1000113878 ns, Reaching safepoint: 91298 ns, At safepoint: 10086 ns, Total: 101384 ns
[2020-09-11T18:40:32.042+0000][1][safepoint    ] Safepoint "Cleanup", Time since last: 1000114556 ns, Reaching safepoint: 92014 ns, At safepoint: 9979 ns, Total: 101993 ns
[2020-09-11T18:40:33.042+0000][1][safepoint    ] Safepoint "Cleanup", Time since last: 1000111346 ns, Reaching safepoint: 95588 ns, At safepoint: 11362 ns, Total: 106950 ns
[2020-09-11T18:40:34.042+0000][1][safepoint    ] Safepoint "Cleanup", Time since last: 1000106480 ns, Reaching safepoint: 91968 ns, At safepoint: 8719 ns, Total: 100687 ns
[2020-09-11T18:40:35.042+0000][1][safepoint    ] Safepoint "Cleanup", Time since last: 1000148557 ns, Reaching safepoint: 129698 ns, At safepoint: 10241 ns, Total: 139939 ns
[2020-09-11T18:40:35.097+0000][1][safepoint    ] Safepoint "RevokeBias", Time since last: 54551776 ns, Reaching safepoint: 177567 ns, At safepoint: 26391 ns, Total: 203958 ns
[2020-09-11T18:40:36.097+0000][1][safepoint    ] Safepoint "Cleanup", Time since last: 1000108873 ns, Reaching safepoint: 94792 ns, At safepoint: 10465 ns, Total: 105257 ns
[2020-09-11T18:40:37.098+0000][1][safepoint    ] Safepoint "Cleanup", Time since last: 1000115477 ns, Reaching safepoint: 94829 ns, At safepoint: 11082 ns, Total: 105911 ns
[2020-09-11T18:40:38.098+0000][1][safepoint    ] Safepoint "Cleanup", Time since last: 1000114218 ns, Reaching safepoint: 91871 ns, At safepoint: 10754 ns, Total: 102625 ns
[2020-09-11T18:40:38.493+0000][1][safepoint    ] Safepoint "BulkRevokeBias", Time since last: 391628265 ns, Reaching safepoint: 3483602 ns, At safepoint: 372594 ns, Total: 3856196 ns
[2020-09-11T18:40:38.553+0000][1][safepoint    ] Safepoint "RevokeBias", Time since last: 59602490 ns, Reaching safepoint: 196781 ns, At safepoint: 28589 ns, Total: 225370 ns
[2020-09-11T18:40:39.125+0000][1][safepoint    ] Safepoint "RevokeBias", Time since last: 572229470 ns, Reaching safepoint: 107322 ns, At safepoint: 27193 ns, Total: 134515 ns
[2020-09-11T18:40:40.126+0000][1][safepoint    ] Safepoint "Cleanup", Time since last: 1000111673 ns, Reaching safepoint: 92196 ns, At safepoint: 10548 ns, Total: 102744 ns
[2020-09-11T18:40:41.126+0000][1][safepoint    ] Safepoint "Cleanup", Time since last: 1000112879 ns, Reaching safepoint: 93352 ns, At safepoint: 10296 ns, Total: 103648 ns
[2020-09-11T18:40:42.126+0000][1][safepoint    ] Safepoint "Cleanup", Time since last: 1000129543 ns, Reaching safepoint: 109155 ns, At safepoint: 11545 ns, Total: 120700 ns
[2020-09-11T18:40:43.127+0000][1][safepoint    ] Safepoint "Cleanup", Time since last: 1000647590 ns, Reaching safepoint: 98960 ns, At safepoint: 10341 ns, Total: 109301 ns
[2020-09-11T18:40:44.127+0000][1][safepoint    ] Safepoint "Cleanup", Time since last: 1000108885 ns, Reaching safepoint: 91309 ns, At safepoint: 10986 ns, Total: 102295 ns
[2020-09-11T18:40:45.038+0000][1][safepoint    ] Safepoint "RevokeBias", Time since last: 911022078 ns, Reaching safepoint: 163547 ns, At safepoint: 26424 ns, Total: 189971 ns
[2020-09-11T18:40:46.039+0000][1][safepoint    ] Safepoint "Cleanup", Time since last: 1000109958 ns, Reaching safepoint: 99889 ns, At safepoint: 11684 ns, Total: 111573 ns
[2020-09-11T18:40:47.039+0000][1][safepoint    ] Safepoint "Cleanup", Time since last: 1000115963 ns, Reaching safepoint: 95619 ns, At safepoint: 10442 ns, Total: 106061 ns
[2020-09-11T18:40:48.039+0000][1][safepoint    ] Safepoint "Cleanup", Time since last: 1000115395 ns, Reaching safepoint: 90519 ns, At safepoint: 8944 ns, Total: 99463 ns
[2020-09-11T18:40:48.445+0000][1][safepoint    ] Safepoint "RevokeBias", Time since last: 402554907 ns, Reaching safepoint: 3003156 ns, At safepoint: 30088 ns, Total: 3033244 ns
[2020-09-11T18:40:48.736+0000][1][gc,start     ] GC(195) Pause Young (Allocation Failure)
[2020-09-11T18:40:48.736+0000][1][gc,task      ] GC(195) Using 1 workers of 1 for evacuation
[2020-09-11T18:40:48.740+0000][1][gc,age       ] GC(195) Desired survivor size 4358144 bytes, new threshold 6 (max threshold 6)
[2020-09-11T18:40:48.740+0000][1][gc,age       ] GC(195) Age table with threshold 6 (max threshold 6)
[2020-09-11T18:40:48.740+0000][1][gc,age       ] GC(195) - age   1:     116472 bytes,     116472 total
[2020-09-11T18:40:48.740+0000][1][gc,age       ] GC(195) - age   2:      29888 bytes,     146360 total
[2020-09-11T18:40:48.740+0000][1][gc,age       ] GC(195) - age   3:       6112 bytes,     152472 total
[2020-09-11T18:40:48.740+0000][1][gc,age       ] GC(195) - age   4:       4280 bytes,     156752 total
[2020-09-11T18:40:48.740+0000][1][gc,age       ] GC(195) - age   5:       2584 bytes,     159336 total
[2020-09-11T18:40:48.740+0000][1][gc,age       ] GC(195) - age   6:       2152 bytes,     161488 total
[2020-09-11T18:40:48.740+0000][1][gc,heap      ] GC(195) ParNew: 68866K->672K(76672K)
[2020-09-11T18:40:48.740+0000][1][gc,heap      ] GC(195) CMS: 86432K->86434K(439104K)
[2020-09-11T18:40:48.740+0000][1][gc,metaspace ] GC(195) Metaspace: 99199K->99199K(1140736K)
[2020-09-11T18:40:48.741+0000][1][gc           ] GC(195) Pause Young (Allocation Failure) 151M->85M(503M) 4.769ms
[2020-09-11T18:40:48.741+0000][1][gc,cpu       ] GC(195) User=0.01s Sys=0.00s Real=0.00s
[2020-09-11T18:40:48.745+0000][1][safepoint    ] Safepoint "GenCollectForAllocation", Time since last: 291109988 ns, Reaching safepoint: 89877 ns, At safepoint: 9086902 ns, Total: 9176779 ns
[2020-09-11T18:40:49.113+0000][1][safepoint    ] Safepoint "RevokeBias", Time since last: 368368738 ns, Reaching safepoint: 94879 ns, At safepoint: 26707 ns, Total: 121586 ns
[2020-09-11T18:40:50.114+0000][1][safepoint    ] Safepoint "Cleanup", Time since last: 1000108279 ns, Reaching safepoint: 91724 ns, At safepoint: 10587 ns, Total: 102311 ns
[2020-09-11T18:40:51.114+0000][1][safepoint    ] Safepoint "Cleanup", Time since last: 1000113832 ns, Reaching safepoint: 94031 ns, At safepoint: 11462 ns, Total: 105493 ns
[2020-09-11T18:40:52.114+0000][1][safepoint    ] Safepoint "Cleanup", Time since last: 1000116998 ns, Reaching safepoint: 90873 ns, At safepoint: 10721 ns, Total: 101594 ns
[2020-09-11T18:40:53.114+0000][1][safepoint    ] Safepoint "Cleanup", Time since last: 1000115628 ns, Reaching safepoint: 115644 ns, At safepoint: 11176 ns, Total: 126820 ns
[2020-09-11T18:40:54.114+0000][1][safepoint    ] Safepoint "Cleanup", Time since last: 1000109118 ns, Reaching safepoint: 125698 ns, At safepoint: 12506 ns, Total: 138204 ns
[2020-09-11T18:40:55.039+0000][1][safepoint    ] Safepoint "RevokeBias", Time since last: 924348027 ns, Reaching safepoint: 175987 ns, At safepoint: 42199 ns, Total: 218186 ns
[2020-09-11T18:40:56.039+0000][1][safepoint    ] Safepoint "Cleanup", Time since last: 1000105077 ns, Reaching safepoint: 96492 ns, At safepoint: 10325 ns, Total: 106817 ns
[2020-09-11T18:40:57.039+0000][1][safepoint    ] Safepoint "Cleanup", Time since last: 1000112256 ns, Reaching safepoint: 91247 ns, At safepoint: 9981 ns, Total: 101228 ns
[2020-09-11T18:40:58.040+0000][1][safepoint    ] Safepoint "Cleanup", Time since last: 1000116298 ns, Reaching safepoint: 93055 ns, At safepoint: 10715 ns, Total: 103770 ns
[2020-09-11T18:40:58.469+0000][1][safepoint    ] Safepoint "RevokeBias", Time since last: 427704470 ns, Reaching safepoint: 1504452 ns, At safepoint: 31960 ns, Total: 1536412 ns
[2020-09-11T18:40:59.121+0000][1][safepoint    ] Safepoint "RevokeBias", Time since last: 652013985 ns, Reaching safepoint: 101469 ns, At safepoint: 24563 ns, Total: 126032 ns
[2020-09-11T18:41:00.121+0000][1][safepoint    ] Safepoint "Cleanup", Time since last: 1000105486 ns, Reaching safepoint: 94109 ns, At safepoint: 10561 ns, Total: 104670 ns
[2020-09-11T18:41:01.121+0000][1][safepoint    ] Safepoint "Cleanup", Time since last: 1000111955 ns, Reaching safepoint: 93816 ns, At safepoint: 10424 ns, Total: 104240 ns
[2020-09-11T18:41:02.122+0000][1][safepoint    ] Safepoint "Cleanup", Time since last: 1000113783 ns, Reaching safepoint: 113053 ns, At safepoint: 11758 ns, Total: 124811 ns
[2020-09-11T18:41:03.122+0000][1][safepoint    ] Safepoint "Cleanup", Time since last: 1000114238 ns, Reaching safepoint: 93376 ns, At safepoint: 10273 ns, Total: 103649 ns
[2020-09-11T18:41:04.122+0000][1][safepoint    ] Safepoint "Cleanup", Time since last: 1000115866 ns, Reaching safepoint: 90729 ns, At safepoint: 11622 ns, Total: 102351 ns
[2020-09-11T18:41:05.042+0000][1][safepoint    ] Safepoint "RevokeBias", Time since last: 919915800 ns, Reaching safepoint: 100724 ns, At safepoint: 27033 ns, Total: 127757 ns
[2020-09-11T18:41:06.042+0000][1][safepoint    ] Safepoint "Cleanup", Time since last: 1000107287 ns, Reaching safepoint: 92323 ns, At safepoint: 9960 ns, Total: 102283 ns
[2020-09-11T18:41:07.043+0000][1][safepoint    ] Safepoint "Cleanup", Time since last: 1000110386 ns, Reaching safepoint: 97741 ns, At safepoint: 10075 ns, Total: 107816 ns
[2020-09-11T18:41:08.043+0000][1][safepoint    ] Safepoint "Cleanup", Time since last: 1000113727 ns, Reaching safepoint: 110267 ns, At safepoint: 10559 ns, Total: 120826 ns
[2020-09-11T18:41:08.441+0000][1][safepoint    ] Safepoint "RevokeBias", Time since last: 396236202 ns, Reaching safepoint: 1793364 ns, At safepoint: 29356 ns, Total: 1822720 ns
[2020-09-11T18:41:08.773+0000][1][gc,start     ] GC(196) Pause Young (Allocation Failure)
[2020-09-11T18:41:08.777+0000][1][gc,task      ] GC(196) Using 1 workers of 1 for evacuation
[2020-09-11T18:41:08.788+0000][1][gc,age       ] GC(196) Desired survivor size 4358144 bytes, new threshold 6 (max threshold 6)
[2020-09-11T18:41:08.788+0000][1][gc,age       ] GC(196) Age table with threshold 6 (max threshold 6)
[2020-09-11T18:41:08.788+0000][1][gc,age       ] GC(196) - age   1:      75912 bytes,      75912 total
[2020-09-11T18:41:08.788+0000][1][gc,age       ] GC(196) - age   2:      66112 bytes,     142024 total
[2020-09-11T18:41:08.788+0000][1][gc,age       ] GC(196) - age   3:      11848 bytes,     153872 total
[2020-09-11T18:41:08.788+0000][1][gc,age       ] GC(196) - age   4:       4584 bytes,     158456 total
[2020-09-11T18:41:08.788+0000][1][gc,age       ] GC(196) - age   5:       2744 bytes,     161200 total
[2020-09-11T18:41:08.788+0000][1][gc,age       ] GC(196) - age   6:       2584 bytes,     163784 total
[2020-09-11T18:41:08.788+0000][1][gc,heap      ] GC(196) ParNew: 68832K->207K(76672K)
[2020-09-11T18:41:08.788+0000][1][gc,heap      ] GC(196) CMS: 86434K->86436K(439104K)
[2020-09-11T18:41:08.788+0000][1][gc,metaspace ] GC(196) Metaspace: 99202K->99202K(1140736K)
[2020-09-11T18:41:08.788+0000][1][gc           ] GC(196) Pause Young (Allocation Failure) 151M->84M(503M) 15.081ms
[2020-09-11T18:41:08.788+0000][1][gc,cpu       ] GC(196) User=0.01s Sys=0.00s Real=0.01s
[2020-09-11T18:41:08.788+0000][1][safepoint    ] Safepoint "GenCollectForAllocation", Time since last: 331867882 ns, Reaching safepoint: 168355 ns, At safepoint: 15156904 ns, Total: 15325259 ns
[2020-09-11T18:41:09.192+0000][1][safepoint    ] Safepoint "RevokeBias", Time since last: 403400034 ns, Reaching safepoint: 99842 ns, At safepoint: 26666 ns, Total: 126508 ns
[2020-09-11T18:41:10.192+0000][1][safepoint    ] Safepoint "Cleanup", Time since last: 1000108784 ns, Reaching safepoint: 96511 ns, At safepoint: 9530 ns, Total: 106041 ns
[2020-09-11T18:41:11.192+0000][1][safepoint    ] Safepoint "Cleanup", Time since last: 1000106405 ns, Reaching safepoint: 92118 ns, At safepoint: 9765 ns, Total: 101883 ns
[2020-09-11T18:41:12.192+0000][1][safepoint    ] Safepoint "Cleanup", Time since last: 1000116329 ns, Reaching safepoint: 93571 ns, At safepoint: 9981 ns, Total: 103552 ns
[2020-09-11T18:41:13.192+0000][1][safepoint    ] Safepoint "Cleanup", Time since last: 1000112295 ns, Reaching safepoint: 90724 ns, At safepoint: 11053 ns, Total: 101777 ns
[2020-09-11T18:41:14.193+0000][1][safepoint    ] Safepoint "Cleanup", Time since last: 1000111137 ns, Reaching safepoint: 92794 ns, At safepoint: 11215 ns, Total: 104009 ns
[2020-09-11T18:41:15.057+0000][1][safepoint    ] Safepoint "RevokeBias", Time since last: 864245874 ns, Reaching safepoint: 181553 ns, At safepoint: 27635 ns, Total: 209188 ns
[2020-09-11T18:41:16.057+0000][1][safepoint    ] Safepoint "Cleanup", Time since last: 1000137659 ns, Reaching safepoint: 95163 ns, At safepoint: 10736 ns, Total: 105899 ns
[2020-09-11T18:41:17.058+0000][1][safepoint    ] Safepoint "Cleanup", Time since last: 1000114746 ns, Reaching safepoint: 91957 ns, At safepoint: 9754 ns, Total: 101711 ns
[2020-09-11T18:41:18.058+0000][1][safepoint    ] Safepoint "Cleanup", Time since last: 1000112013 ns, Reaching safepoint: 93882 ns, At safepoint: 10257 ns, Total: 104139 ns
[2020-09-11T18:41:18.445+0000][1][safepoint    ] Safepoint "RevokeBias", Time since last: 386182835 ns, Reaching safepoint: 893235 ns, At safepoint: 269883 ns, Total: 1163118 ns
[2020-09-11T18:41:19.167+0000][1][safepoint    ] Safepoint "RevokeBias", Time since last: 722154534 ns, Reaching safepoint: 108110 ns, At safepoint: 29150 ns, Total: 137260 ns
[2020-09-11T18:41:20.168+0000][1][safepoint    ] Safepoint "Cleanup", Time since last: 1000112783 ns, Reaching safepoint: 121078 ns, At safepoint: 10530 ns, Total: 131608 ns
[2020-09-11T18:41:21.168+0000][1][safepoint    ] Safepoint "Cleanup", Time since last: 1000111573 ns, Reaching safepoint: 93993 ns, At safepoint: 10246 ns, Total: 104239 ns
[2020-09-11T18:41:22.168+0000][1][safepoint    ] Safepoint "Cleanup", Time since last: 1000114088 ns, Reaching safepoint: 97205 ns, At safepoint: 10086 ns, Total: 107291 ns
[2020-09-11T18:41:23.168+0000][1][safepoint    ] Safepoint "Cleanup", Time since last: 1000107908 ns, Reaching safepoint: 91559 ns, At safepoint: 9521 ns, Total: 101080 ns
[2020-09-11T18:41:24.169+0000][1][safepoint    ] Safepoint "Cleanup", Time since last: 1000115987 ns, Reaching safepoint: 93327 ns, At safepoint: 10649 ns, Total: 103976 ns
[2020-09-11T18:41:25.068+0000][1][safepoint    ] Safepoint "RevokeBias", Time since last: 898859714 ns, Reaching safepoint: 178455 ns, At safepoint: 27826 ns, Total: 206281 ns
[2020-09-11T18:41:26.068+0000][1][safepoint    ] Safepoint "Cleanup", Time since last: 1000107770 ns, Reaching safepoint: 94291 ns, At safepoint: 11249 ns, Total: 105540 ns
[2020-09-11T18:41:27.068+0000][1][safepoint    ] Safepoint "Cleanup", Time since last: 1000116806 ns, Reaching safepoint: 91051 ns, At safepoint: 10306 ns, Total: 101357 ns
[2020-09-11T18:41:28.068+0000][1][safepoint    ] Safepoint "Cleanup", Time since last: 1000117921 ns, Reaching safepoint: 96723 ns, At safepoint: 9949 ns, Total: 106672 ns
[2020-09-11T18:41:28.449+0000][1][safepoint    ] Safepoint "RevokeBias", Time since last: 377535405 ns, Reaching safepoint: 3048387 ns, At safepoint: 31000 ns, Total: 3079387 ns
[2020-09-11T18:41:28.820+0000][1][gc,start     ] GC(197) Pause Young (Allocation Failure)
[2020-09-11T18:41:28.820+0000][1][gc,task      ] GC(197) Using 1 workers of 1 for evacuation
[2020-09-11T18:41:28.829+0000][1][gc,age       ] GC(197) Desired survivor size 4358144 bytes, new threshold 6 (max threshold 6)
[2020-09-11T18:41:28.829+0000][1][gc,age       ] GC(197) Age table with threshold 6 (max threshold 6)
[2020-09-11T18:41:28.829+0000][1][gc,age       ] GC(197) - age   1:     122672 bytes,     122672 total
[2020-09-11T18:41:28.829+0000][1][gc,age       ] GC(197) - age   2:      18528 bytes,     141200 total
[2020-09-11T18:41:28.829+0000][1][gc,age       ] GC(197) - age   3:      11808 bytes,     153008 total
[2020-09-11T18:41:28.829+0000][1][gc,age       ] GC(197) - age   4:      11240 bytes,     164248 total
[2020-09-11T18:41:28.829+0000][1][gc,age       ] GC(197) - age   5:       4584 bytes,     168832 total
[2020-09-11T18:41:28.829+0000][1][gc,age       ] GC(197) - age   6:       2744 bytes,     171576 total
[2020-09-11T18:41:28.829+0000][1][gc,heap      ] GC(197) ParNew: 68367K->171K(76672K)
[2020-09-11T18:41:28.829+0000][1][gc,heap      ] GC(197) CMS: 86436K->86439K(439104K)
[2020-09-11T18:41:28.829+0000][1][gc,metaspace ] GC(197) Metaspace: 99204K->99204K(1140736K)
[2020-09-11T18:41:28.829+0000][1][gc           ] GC(197) Pause Young (Allocation Failure) 151M->84M(503M) 9.054ms
[2020-09-11T18:41:28.829+0000][1][gc,cpu       ] GC(197) User=0.00s Sys=0.00s Real=0.01s
[2020-09-11T18:41:28.829+0000][1][safepoint    ] Safepoint "GenCollectForAllocation", Time since last: 370993737 ns, Reaching safepoint: 160788 ns, At safepoint: 9126148 ns, Total: 9286936 ns
[2020-09-11T18:41:29.190+0000][1][safepoint    ] Safepoint "RevokeBias", Time since last: 360793930 ns, Reaching safepoint: 100895 ns, At safepoint: 28025 ns, Total: 128920 ns
[2020-09-11T18:41:30.190+0000][1][safepoint    ] Safepoint "Cleanup", Time since last: 1000106836 ns, Reaching safepoint: 92781 ns, At safepoint: 10577 ns, Total: 103358 ns
[2020-09-11T18:41:31.191+0000][1][safepoint    ] Safepoint "Cleanup", Time since last: 1000122801 ns, Reaching safepoint: 104205 ns, At safepoint: 11474 ns, Total: 115679 ns
[2020-09-11T18:41:32.191+0000][1][safepoint    ] Safepoint "Cleanup", Time since last: 1000114698 ns, Reaching safepoint: 96820 ns, At safepoint: 9338 ns, Total: 106158 ns
[2020-09-11T18:41:33.191+0000][1][safepoint    ] Safepoint "Cleanup", Time since last: 1000101047 ns, Reaching safepoint: 94575 ns, At safepoint: 11841 ns, Total: 106416 ns
[2020-09-11T18:41:34.191+0000][1][safepoint    ] Safepoint "Cleanup", Time since last: 1000114582 ns, Reaching safepoint: 92386 ns, At safepoint: 9386 ns, Total: 101772 ns
[2020-09-11T18:41:35.081+0000][1][safepoint    ] Safepoint "RevokeBias", Time since last: 889726169 ns, Reaching safepoint: 96319 ns, At safepoint: 24891 ns, Total: 121210 ns
[2020-09-11T18:41:36.081+0000][1][safepoint    ] Safepoint "Cleanup", Time since last: 1000115457 ns, Reaching safepoint: 95630 ns, At safepoint: 10724 ns, Total: 106354 ns
[2020-09-11T18:41:37.082+0000][1][safepoint    ] Safepoint "Cleanup", Time since last: 1000113385 ns, Reaching safepoint: 98186 ns, At safepoint: 10505 ns, Total: 108691 ns
[2020-09-11T18:41:38.082+0000][1][safepoint    ] Safepoint "Cleanup", Time since last: 1000115502 ns, Reaching safepoint: 93682 ns, At safepoint: 10844 ns, Total: 104526 ns
[2020-09-11T18:41:38.469+0000][1][safepoint    ] Safepoint "RevokeBias", Time since last: 383795417 ns, Reaching safepoint: 3350858 ns, At safepoint: 30034 ns, Total: 3380892 ns
[2020-09-11T18:41:39.190+0000][1][safepoint    ] Safepoint "RevokeBias", Time since last: 721101310 ns, Reaching safepoint: 102679 ns, At safepoint: 27204 ns, Total: 129883 ns
[2020-09-11T18:41:40.190+0000][1][safepoint    ] Safepoint "Cleanup", Time since last: 1000112226 ns, Reaching safepoint: 96591 ns, At safepoint: 11046 ns, Total: 107637 ns
[2020-09-11T18:41:41.191+0000][1][safepoint    ] Safepoint "Cleanup", Time since last: 1000126975 ns, Reaching safepoint: 89516 ns, At safepoint: 10052 ns, Total: 99568 ns
[2020-09-11T18:41:42.191+0000][1][safepoint    ] Safepoint "Cleanup", Time since last: 1000114951 ns, Reaching safepoint: 92287 ns, At safepoint: 10853 ns, Total: 103140 ns
[2020-09-11T18:41:43.191+0000][1][safepoint    ] Safepoint "Cleanup", Time since last: 1000143763 ns, Reaching safepoint: 91562 ns, At safepoint: 11784 ns, Total: 103346 ns
[2020-09-11T18:41:44.191+0000][1][safepoint    ] Safepoint "Cleanup", Time since last: 1000113064 ns, Reaching safepoint: 95898 ns, At safepoint: 10251 ns, Total: 106149 ns
[2020-09-11T18:41:45.077+0000][1][safepoint    ] Safepoint "RevokeBias", Time since last: 885816119 ns, Reaching safepoint: 102843 ns, At safepoint: 27510 ns, Total: 130353 ns
[2020-09-11T18:41:46.077+0000][1][safepoint    ] Safepoint "Cleanup", Time since last: 1000108993 ns, Reaching safepoint: 104169 ns, At safepoint: 10560 ns, Total: 114729 ns
[2020-09-11T18:41:47.078+0000][1][safepoint    ] Safepoint "Cleanup", Time since last: 1000116346 ns, Reaching safepoint: 91831 ns, At safepoint: 10790 ns, Total: 102621 ns
[2020-09-11T18:41:48.078+0000][1][safepoint    ] Safepoint "Cleanup", Time since last: 1000111157 ns, Reaching safepoint: 86724 ns, At safepoint: 8731 ns, Total: 95455 ns
[2020-09-11T18:41:48.475+0000][1][safepoint    ] Safepoint "RevokeBias", Time since last: 397269658 ns, Reaching safepoint: 200404 ns, At safepoint: 25974 ns, Total: 226378 ns
[2020-09-11T18:41:48.857+0000][1][gc,start     ] GC(198) Pause Young (Allocation Failure)
[2020-09-11T18:41:48.857+0000][1][gc,task      ] GC(198) Using 1 workers of 1 for evacuation
[2020-09-11T18:41:48.864+0000][1][gc,age       ] GC(198) Desired survivor size 4358144 bytes, new threshold 6 (max threshold 6)
[2020-09-11T18:41:48.864+0000][1][gc,age       ] GC(198) Age table with threshold 6 (max threshold 6)
[2020-09-11T18:41:48.864+0000][1][gc,age       ] GC(198) - age   1:      85912 bytes,      85912 total
[2020-09-11T18:41:48.864+0000][1][gc,age       ] GC(198) - age   2:      60096 bytes,     146008 total
[2020-09-11T18:41:48.864+0000][1][gc,age       ] GC(198) - age   3:       3448 bytes,     149456 total
[2020-09-11T18:41:48.864+0000][1][gc,age       ] GC(198) - age   4:       6776 bytes,     156232 total
[2020-09-11T18:41:48.864+0000][1][gc,age       ] GC(198) - age   5:      11240 bytes,     167472 total
[2020-09-11T18:41:48.864+0000][1][gc,age       ] GC(198) - age   6:       4584 bytes,     172056 total
[2020-09-11T18:41:48.864+0000][1][gc,heap      ] GC(198) ParNew: 68331K->168K(76672K)
[2020-09-11T18:41:48.864+0000][1][gc,heap      ] GC(198) CMS: 86439K->86442K(439104K)
[2020-09-11T18:41:48.864+0000][1][gc,metaspace ] GC(198) Metaspace: 99215K->99215K(1140736K)
[2020-09-11T18:41:48.864+0000][1][gc           ] GC(198) Pause Young (Allocation Failure) 151M->84M(503M) 7.082ms
[2020-09-11T18:41:48.864+0000][1][gc,cpu       ] GC(198) User=0.01s Sys=0.00s Real=0.01s
[2020-09-11T18:41:48.872+0000][1][safepoint    ] Safepoint "GenCollectForAllocation", Time since last: 377707916 ns, Reaching safepoint: 3777132 ns, At safepoint: 15424818 ns, Total: 19201950 ns
[2020-09-11T18:41:49.204+0000][1][safepoint    ] Safepoint "RevokeBias", Time since last: 331083927 ns, Reaching safepoint: 101045 ns, At safepoint: 40448 ns, Total: 141493 ns
[2020-09-11T18:41:50.206+0000][1][safepoint    ] Safepoint "Cleanup", Time since last: 1002008892 ns, Reaching safepoint: 93430 ns, At safepoint: 23889 ns, Total: 117319 ns
[2020-09-11T18:41:51.206+0000][1][safepoint    ] Safepoint "Cleanup", Time since last: 1000107873 ns, Reaching safepoint: 90905 ns, At safepoint: 23949 ns, Total: 114854 ns
[2020-09-11T18:41:52.206+0000][1][safepoint    ] Safepoint "Cleanup", Time since last: 1000113215 ns, Reaching safepoint: 97374 ns, At safepoint: 36292 ns, Total: 133666 ns
[2020-09-11T18:41:53.206+0000][1][safepoint    ] Safepoint "Cleanup", Time since last: 1000087583 ns, Reaching safepoint: 95565 ns, At safepoint: 24215 ns, Total: 119780 ns
[2020-09-11T18:41:54.207+0000][1][safepoint    ] Safepoint "Cleanup", Time since last: 1000125075 ns, Reaching safepoint: 93375 ns, At safepoint: 10211 ns, Total: 103586 ns
[2020-09-11T18:41:55.065+0000][1][safepoint    ] Safepoint "RevokeBias", Time since last: 858749857 ns, Reaching safepoint: 99646 ns, At safepoint: 27275 ns, Total: 126921 ns
[2020-09-11T18:41:56.066+0000][1][safepoint    ] Safepoint "Cleanup", Time since last: 1000114013 ns, Reaching safepoint: 95227 ns, At safepoint: 9936 ns, Total: 105163 ns
[2020-09-11T18:41:57.066+0000][1][safepoint    ] Safepoint "Cleanup", Time since last: 1000115019 ns, Reaching safepoint: 94874 ns, At safepoint: 10983 ns, Total: 105857 ns
[2020-09-11T18:41:58.066+0000][1][safepoint    ] Safepoint "Cleanup", Time since last: 1000113773 ns, Reaching safepoint: 93866 ns, At safepoint: 11065 ns, Total: 104931 ns
[2020-09-11T18:41:58.441+0000][1][safepoint    ] Safepoint "RevokeBias", Time since last: 373086715 ns, Reaching safepoint: 1720030 ns, At safepoint: 29439 ns, Total: 1749469 ns
[2020-09-11T18:41:59.265+0000][1][safepoint    ] Safepoint "RevokeBias", Time since last: 824168726 ns, Reaching safepoint: 108118 ns, At safepoint: 30328 ns, Total: 138446 ns
[2020-09-11T18:42:00.265+0000][1][safepoint    ] Safepoint "Cleanup", Time since last: 1000118055 ns, Reaching safepoint: 98504 ns, At safepoint: 10645 ns, Total: 109149 ns
[2020-09-11T18:42:01.266+0000][1][safepoint    ] Safepoint "Cleanup", Time since last: 1000114995 ns, Reaching safepoint: 90876 ns, At safepoint: 9878 ns, Total: 100754 ns
[2020-09-11T18:42:02.266+0000][1][safepoint    ] Safepoint "Cleanup", Time since last: 1000113208 ns, Reaching safepoint: 93983 ns, At safepoint: 9235 ns, Total: 103218 ns
[2020-09-11T18:42:03.266+0000][1][safepoint    ] Safepoint "Cleanup", Time since last: 1000111084 ns, Reaching safepoint: 93681 ns, At safepoint: 10200 ns, Total: 103881 ns
[2020-09-11T18:42:04.266+0000][1][safepoint    ] Safepoint "Cleanup", Time since last: 1000110173 ns, Reaching safepoint: 98319 ns, At safepoint: 9648 ns, Total: 107967 ns
[2020-09-11T18:42:05.041+0000][1][safepoint    ] Safepoint "RevokeBias", Time since last: 774341584 ns, Reaching safepoint: 128497 ns, At safepoint: 27726 ns, Total: 156223 ns
[2020-09-11T18:42:06.041+0000][1][safepoint    ] Safepoint "Cleanup", Time since last: 1000107810 ns, Reaching safepoint: 95664 ns, At safepoint: 10439 ns, Total: 106103 ns
[2020-09-11T18:42:07.041+0000][1][safepoint    ] Safepoint "Cleanup", Time since last: 1000112917 ns, Reaching safepoint: 94211 ns, At safepoint: 10195 ns, Total: 104406 ns
[2020-09-11T18:42:08.041+0000][1][safepoint    ] Safepoint "Cleanup", Time since last: 1000111743 ns, Reaching safepoint: 95751 ns, At safepoint: 11421 ns, Total: 107172 ns
[2020-09-11T18:42:08.465+0000][1][safepoint    ] Safepoint "RevokeBias", Time since last: 420753522 ns, Reaching safepoint: 2744404 ns, At safepoint: 238935 ns, Total: 2983339 ns
[2020-09-11T18:42:09.240+0000][1][safepoint    ] Safepoint "RevokeBias", Time since last: 775144969 ns, Reaching safepoint: 106381 ns, At safepoint: 28686 ns, Total: 135067 ns
[2020-09-11T18:42:10.241+0000][1][safepoint    ] Safepoint "Cleanup", Time since last: 1000113650 ns, Reaching safepoint: 98889 ns, At safepoint: 11790 ns, Total: 110679 ns
[2020-09-11T18:42:11.231+0000][1][gc,start     ] GC(199) Pause Young (Allocation Failure)
[2020-09-11T18:42:11.231+0000][1][gc,task      ] GC(199) Using 1 workers of 1 for evacuation
[2020-09-11T18:42:11.240+0000][1][gc,age       ] GC(199) Desired survivor size 4358144 bytes, new threshold 6 (max threshold 6)
[2020-09-11T18:42:11.240+0000][1][gc,age       ] GC(199) Age table with threshold 6 (max threshold 6)
[2020-09-11T18:42:11.240+0000][1][gc,age       ] GC(199) - age   1:     194224 bytes,     194224 total
[2020-09-11T18:42:11.240+0000][1][gc,age       ] GC(199) - age   2:      38888 bytes,     233112 total
[2020-09-11T18:42:11.240+0000][1][gc,age       ] GC(199) - age   3:       2120 bytes,     235232 total
[2020-09-11T18:42:11.240+0000][1][gc,age       ] GC(199) - age   4:       3160 bytes,     238392 total
[2020-09-11T18:42:11.240+0000][1][gc,age       ] GC(199) - age   5:       6480 bytes,     244872 total
[2020-09-11T18:42:11.240+0000][1][gc,age       ] GC(199) - age   6:      11240 bytes,     256112 total
[2020-09-11T18:42:11.240+0000][1][gc,heap      ] GC(199) ParNew: 68328K->336K(76672K)
[2020-09-11T18:42:11.240+0000][1][gc,heap      ] GC(199) CMS: 86442K->86446K(439104K)
[2020-09-11T18:42:11.240+0000][1][gc,metaspace ] GC(199) Metaspace: 99226K->99226K(1140736K)
[2020-09-11T18:42:11.240+0000][1][gc           ] GC(199) Pause Young (Allocation Failure) 151M->84M(503M) 9.401ms
[2020-09-11T18:42:11.240+0000][1][gc,cpu       ] GC(199) User=0.01s Sys=0.00s Real=0.01s
[2020-09-11T18:42:11.246+0000][1][safepoint    ] Safepoint "GenCollectForAllocation", Time since last: 990069158 ns, Reaching safepoint: 184474 ns, At safepoint: 15278593 ns, Total: 15463067 ns
[2020-09-11T18:42:12.261+0000][1][safepoint    ] Safepoint "Cleanup", Time since last: 1014769040 ns, Reaching safepoint: 94960 ns, At safepoint: 23354 ns, Total: 118314 ns
[2020-09-11T18:42:13.261+0000][1][safepoint    ] Safepoint "Cleanup", Time since last: 1000118741 ns, Reaching safepoint: 92006 ns, At safepoint: 22541 ns, Total: 114547 ns
[2020-09-11T18:42:14.262+0000][1][safepoint    ] Safepoint "Cleanup", Time since last: 1000080865 ns, Reaching safepoint: 91772 ns, At safepoint: 23680 ns, Total: 115452 ns
[2020-09-11T18:42:15.086+0000][1][safepoint    ] Safepoint "RevokeBias", Time since last: 823968737 ns, Reaching safepoint: 180613 ns, At safepoint: 29212 ns, Total: 209825 ns
[2020-09-11T18:42:16.086+0000][1][safepoint    ] Safepoint "Cleanup", Time since last: 1000108108 ns, Reaching safepoint: 99975 ns, At safepoint: 10519 ns, Total: 110494 ns
[2020-09-11T18:42:17.086+0000][1][safepoint    ] Safepoint "Cleanup", Time since last: 1000114251 ns, Reaching safepoint: 94388 ns, At safepoint: 10315 ns, Total: 104703 ns
[2020-09-11T18:42:18.089+0000][1][safepoint    ] Safepoint "Cleanup", Time since last: 1002617435 ns, Reaching safepoint: 100986 ns, At safepoint: 10489 ns, Total: 111475 ns
[2020-09-11T18:42:18.453+0000][1][safepoint    ] Safepoint "RevokeBias", Time since last: 361233586 ns, Reaching safepoint: 2822705 ns, At safepoint: 245638 ns, Total: 3068343 ns
[2020-09-11T18:42:19.305+0000][1][safepoint    ] Safepoint "BulkRevokeBias", Time since last: 851746414 ns, Reaching safepoint: 98427 ns, At safepoint: 323281 ns, Total: 421708 ns
[2020-09-11T18:42:20.306+0000][1][safepoint    ] Safepoint "Cleanup", Time since last: 1000106350 ns, Reaching safepoint: 109133 ns, At safepoint: 10034 ns, Total: 119167 ns
[2020-09-11T18:42:21.306+0000][1][safepoint    ] Safepoint "Cleanup", Time since last: 1000108040 ns, Reaching safepoint: 95337 ns, At safepoint: 8925 ns, Total: 104262 ns
[2020-09-11T18:42:22.306+0000][1][safepoint    ] Safepoint "Cleanup", Time since last: 1000116602 ns, Reaching safepoint: 102824 ns, At safepoint: 8716 ns, Total: 111540 ns
[2020-09-11T18:42:23.306+0000][1][safepoint    ] Safepoint "Cleanup", Time since last: 1000113799 ns, Reaching safepoint: 91642 ns, At safepoint: 10728 ns, Total: 102370 ns
[2020-09-11T18:42:24.306+0000][1][safepoint    ] Safepoint "Cleanup", Time since last: 1000114886 ns, Reaching safepoint: 93937 ns, At safepoint: 10947 ns, Total: 104884 ns
[2020-09-11T18:42:25.283+0000][1][safepoint    ] Safepoint "RevokeBias", Time since last: 976090113 ns, Reaching safepoint: 192908 ns, At safepoint: 33242 ns, Total: 226150 ns
[2020-09-11T18:42:26.283+0000][1][safepoint    ] Safepoint "Cleanup", Time since last: 1000106131 ns, Reaching safepoint: 91356 ns, At safepoint: 10538 ns, Total: 101894 ns
[2020-09-11T18:42:27.283+0000][1][safepoint    ] Safepoint "Cleanup", Time since last: 1000113012 ns, Reaching safepoint: 94031 ns, At safepoint: 10189 ns, Total: 104220 ns
[2020-09-11T18:42:28.283+0000][1][safepoint    ] Safepoint "Cleanup", Time since last: 1000115020 ns, Reaching safepoint: 93419 ns, At safepoint: 10522 ns, Total: 103941 ns
[2020-09-11T18:42:28.520+0000][1][safepoint    ] Safepoint "RevokeBias", Time since last: 235964260 ns, Reaching safepoint: 522258 ns, At safepoint: 234998 ns, Total: 757256 ns
[2020-09-11T18:42:28.913+0000][1][gc,start     ] GC(200) Pause Young (Allocation Failure)
[2020-09-11T18:42:28.913+0000][1][gc,task      ] GC(200) Using 1 workers of 1 for evacuation
[2020-09-11T18:42:28.922+0000][1][gc,age       ] GC(200) Desired survivor size 4358144 bytes, new threshold 6 (max threshold 6)
[2020-09-11T18:42:28.922+0000][1][gc,age       ] GC(200) Age table with threshold 6 (max threshold 6)
[2020-09-11T18:42:28.922+0000][1][gc,age       ] GC(200) - age   1:      84544 bytes,      84544 total
[2020-09-11T18:42:28.922+0000][1][gc,age       ] GC(200) - age   2:      67576 bytes,     152120 total
[2020-09-11T18:42:28.922+0000][1][gc,age       ] GC(200) - age   3:       8040 bytes,     160160 total
[2020-09-11T18:42:28.922+0000][1][gc,age       ] GC(200) - age   4:       2120 bytes,     162280 total
[2020-09-11T18:42:28.922+0000][1][gc,age       ] GC(200) - age   5:       2848 bytes,     165128 total
[2020-09-11T18:42:28.922+0000][1][gc,age       ] GC(200) - age   6:       6480 bytes,     171608 total
[2020-09-11T18:42:28.922+0000][1][gc,heap      ] GC(200) ParNew: 68496K->229K(76672K)
[2020-09-11T18:42:28.922+0000][1][gc,heap      ] GC(200) CMS: 86446K->86457K(439104K)
[2020-09-11T18:42:28.922+0000][1][gc,metaspace ] GC(200) Metaspace: 99227K->99227K(1140736K)
[2020-09-11T18:42:28.922+0000][1][gc           ] GC(200) Pause Young (Allocation Failure) 151M->84M(503M) 9.361ms
[2020-09-11T18:42:28.922+0000][1][gc,cpu       ] GC(200) User=0.00s Sys=0.00s Real=0.01s
[2020-09-11T18:42:28.922+0000][1][safepoint    ] Safepoint "GenCollectForAllocation", Time since last: 389684987 ns, Reaching safepoint: 3029123 ns, At safepoint: 9453348 ns, Total: 12482471 ns
[2020-09-11T18:42:29.388+0000][1][safepoint    ] Safepoint "RevokeBias", Time since last: 465892554 ns, Reaching safepoint: 105620 ns, At safepoint: 38990 ns, Total: 144610 ns
[2020-09-11T18:42:30.392+0000][1][safepoint    ] Safepoint "Cleanup", Time since last: 1003132918 ns, Reaching safepoint: 91814 ns, At safepoint: 22155 ns, Total: 113969 ns
[2020-09-11T18:42:31.392+0000][1][safepoint    ] Safepoint "Cleanup", Time since last: 1000106735 ns, Reaching safepoint: 91393 ns, At safepoint: 22595 ns, Total: 113988 ns
[2020-09-11T18:42:32.392+0000][1][safepoint    ] Safepoint "Cleanup", Time since last: 1000146572 ns, Reaching safepoint: 90621 ns, At safepoint: 21536 ns, Total: 112157 ns
[2020-09-11T18:42:33.392+0000][1][safepoint    ] Safepoint "Cleanup", Time since last: 1000110387 ns, Reaching safepoint: 103261 ns, At safepoint: 26718 ns, Total: 129979 ns
[2020-09-11T18:42:34.393+0000][1][safepoint    ] Safepoint "Cleanup", Time since last: 1000112383 ns, Reaching safepoint: 95432 ns, At safepoint: 10013 ns, Total: 105445 ns
[2020-09-11T18:42:35.063+0000][1][safepoint    ] Safepoint "RevokeBias", Time since last: 670004272 ns, Reaching safepoint: 99556 ns, At safepoint: 26857 ns, Total: 126413 ns
[2020-09-11T18:42:36.063+0000][1][safepoint    ] Safepoint "Cleanup", Time since last: 1000104719 ns, Reaching safepoint: 91676 ns, At safepoint: 10690 ns, Total: 102366 ns
[2020-09-11T18:42:37.063+0000][1][safepoint    ] Safepoint "Cleanup", Time since last: 1000118130 ns, Reaching safepoint: 92965 ns, At safepoint: 10634 ns, Total: 103599 ns
[2020-09-11T18:42:38.063+0000][1][safepoint    ] Safepoint "Cleanup", Time since last: 1000117804 ns, Reaching safepoint: 94605 ns, At safepoint: 11018 ns, Total: 105623 ns
[2020-09-11T18:42:38.459+0000][1][safepoint    ] Safepoint "RevokeBias", Time since last: 395429775 ns, Reaching safepoint: 109848 ns, At safepoint: 23255 ns, Total: 133103 ns
[2020-09-11T18:42:39.348+0000][1][safepoint    ] Safepoint "RevokeBias", Time since last: 888675566 ns, Reaching safepoint: 107071 ns, At safepoint: 26678 ns, Total: 133749 ns
[2020-09-11T18:42:40.348+0000][1][safepoint    ] Safepoint "Cleanup", Time since last: 1000111720 ns, Reaching safepoint: 98145 ns, At safepoint: 10772 ns, Total: 108917 ns
[2020-09-11T18:42:41.348+0000][1][safepoint    ] Safepoint "Cleanup", Time since last: 1000133595 ns, Reaching safepoint: 92631 ns, At safepoint: 10726 ns, Total: 103357 ns
[2020-09-11T18:42:42.348+0000][1][safepoint    ] Safepoint "Cleanup", Time since last: 1000123467 ns, Reaching safepoint: 92580 ns, At safepoint: 10794 ns, Total: 103374 ns
[2020-09-11T18:42:43.349+0000][1][safepoint    ] Safepoint "Cleanup", Time since last: 1000117355 ns, Reaching safepoint: 102165 ns, At safepoint: 11313 ns, Total: 113478 ns
[2020-09-11T18:42:44.349+0000][1][safepoint    ] Safepoint "Cleanup", Time since last: 1000108830 ns, Reaching safepoint: 164036 ns, At safepoint: 11801 ns, Total: 175837 ns
[2020-09-11T18:42:45.107+0000][1][safepoint    ] Safepoint "RevokeBias", Time since last: 758382776 ns, Reaching safepoint: 99958 ns, At safepoint: 27178 ns, Total: 127136 ns
[2020-09-11T18:42:46.108+0000][1][safepoint    ] Safepoint "Cleanup", Time since last: 1000109214 ns, Reaching safepoint: 102035 ns, At safepoint: 11830 ns, Total: 113865 ns
[2020-09-11T18:42:47.108+0000][1][safepoint    ] Safepoint "Cleanup", Time since last: 1000146132 ns, Reaching safepoint: 137127 ns, At safepoint: 19295 ns, Total: 156422 ns
[2020-09-11T18:42:48.108+0000][1][safepoint    ] Safepoint "Cleanup", Time since last: 1000120547 ns, Reaching safepoint: 92771 ns, At safepoint: 10832 ns, Total: 103603 ns
[2020-09-11T18:42:48.441+0000][1][safepoint    ] Safepoint "RevokeBias", Time since last: 330786038 ns, Reaching safepoint: 1981699 ns, At safepoint: 239609 ns, Total: 2221308 ns
[2020-09-11T18:42:49.338+0000][1][gc,start     ] GC(201) Pause Young (Allocation Failure)
[2020-09-11T18:42:49.338+0000][1][gc,task      ] GC(201) Using 1 workers of 1 for evacuation
[2020-09-11T18:42:49.347+0000][1][gc,age       ] GC(201) Desired survivor size 4358144 bytes, new threshold 6 (max threshold 6)
[2020-09-11T18:42:49.347+0000][1][gc,age       ] GC(201) Age table with threshold 6 (max threshold 6)
[2020-09-11T18:42:49.347+0000][1][gc,age       ] GC(201) - age   1:     155976 bytes,     155976 total
[2020-09-11T18:42:49.347+0000][1][gc,age       ] GC(201) - age   2:      20960 bytes,     176936 total
[2020-09-11T18:42:49.347+0000][1][gc,age       ] GC(201) - age   3:      39952 bytes,     216888 total
[2020-09-11T18:42:49.347+0000][1][gc,age       ] GC(201) - age   4:        952 bytes,     217840 total
[2020-09-11T18:42:49.347+0000][1][gc,age       ] GC(201) - age   5:       2120 bytes,     219960 total
[2020-09-11T18:42:49.347+0000][1][gc,age       ] GC(201) - age   6:       2848 bytes,     222808 total
[2020-09-11T18:42:49.347+0000][1][gc,heap      ] GC(201) ParNew: 68389K->366K(76672K)
[2020-09-11T18:42:49.347+0000][1][gc,heap      ] GC(201) CMS: 86457K->86463K(439104K)
[2020-09-11T18:42:49.347+0000][1][gc,metaspace ] GC(201) Metaspace: 99233K->99233K(1140736K)
[2020-09-11T18:42:49.347+0000][1][gc           ] GC(201) Pause Young (Allocation Failure) 151M->84M(503M) 9.071ms
[2020-09-11T18:42:49.347+0000][1][gc,cpu       ] GC(201) User=0.00s Sys=0.00s Real=0.01s
[2020-09-11T18:42:49.348+0000][1][safepoint    ] Safepoint "GenCollectForAllocation", Time since last: 897074069 ns, Reaching safepoint: 126817 ns, At safepoint: 9156158 ns, Total: 9282975 ns
[2020-09-11T18:42:49.365+0000][1][safepoint    ] Safepoint "RevokeBias", Time since last: 17812666 ns, Reaching safepoint: 101145 ns, At safepoint: 39768 ns, Total: 140913 ns
[2020-09-11T18:42:50.366+0000][1][safepoint    ] Safepoint "Cleanup", Time since last: 1000798869 ns, Reaching safepoint: 94158 ns, At safepoint: 24599 ns, Total: 118757 ns
[2020-09-11T18:42:51.367+0000][1][safepoint    ] Safepoint "Cleanup", Time since last: 1000107592 ns, Reaching safepoint: 93933 ns, At safepoint: 22481 ns, Total: 116414 ns
[2020-09-11T18:42:52.367+0000][1][safepoint    ] Safepoint "Cleanup", Time since last: 1000111897 ns, Reaching safepoint: 91115 ns, At safepoint: 23254 ns, Total: 114369 ns
[2020-09-11T18:42:53.367+0000][1][safepoint    ] Safepoint "Cleanup", Time since last: 1000138358 ns, Reaching safepoint: 98878 ns, At safepoint: 22616 ns, Total: 121494 ns
[2020-09-11T18:42:54.367+0000][1][safepoint    ] Safepoint "Cleanup", Time since last: 1000111775 ns, Reaching safepoint: 99377 ns, At safepoint: 10272 ns, Total: 109649 ns
[2020-09-11T18:42:55.074+0000][1][safepoint    ] Safepoint "RevokeBias", Time since last: 705928614 ns, Reaching safepoint: 764841 ns, At safepoint: 30285 ns, Total: 795126 ns
[2020-09-11T18:42:56.074+0000][1][safepoint    ] Safepoint "Cleanup", Time since last: 1000118599 ns, Reaching safepoint: 115114 ns, At safepoint: 11197 ns, Total: 126311 ns
[2020-09-11T18:42:57.293+0000][1][safepoint    ] Safepoint "Cleanup", Time since last: 1218469540 ns, Reaching safepoint: 93325 ns, At safepoint: 8897 ns, Total: 102222 ns
[2020-09-11T18:42:58.293+0000][1][safepoint    ] Safepoint "Cleanup", Time since last: 1000107483 ns, Reaching safepoint: 97066 ns, At safepoint: 8172 ns, Total: 105238 ns
[2020-09-11T18:42:58.472+0000][1][safepoint    ] Safepoint "RevokeBias", Time since last: 176093459 ns, Reaching safepoint: 2650754 ns, At safepoint: 27655 ns, Total: 2678409 ns
[2020-09-11T18:42:59.472+0000][1][safepoint    ] Safepoint "Cleanup", Time since last: 1000122718 ns, Reaching safepoint: 160147 ns, At safepoint: 14388 ns, Total: 174535 ns
[2020-09-11T18:42:59.736+0000][1][safepoint    ] Safepoint "RevokeBias", Time since last: 263861854 ns, Reaching safepoint: 179931 ns, At safepoint: 27228 ns, Total: 207159 ns
[2020-09-11T18:43:00.736+0000][1][safepoint    ] Safepoint "Cleanup", Time since last: 1000114584 ns, Reaching safepoint: 113359 ns, At safepoint: 10056 ns, Total: 123415 ns
[2020-09-11T18:43:01.737+0000][1][safepoint    ] Safepoint "Cleanup", Time since last: 1000111628 ns, Reaching safepoint: 95701 ns, At safepoint: 10738 ns, Total: 106439 ns
[2020-09-11T18:43:02.737+0000][1][safepoint    ] Safepoint "Cleanup", Time since last: 1000110560 ns, Reaching safepoint: 93654 ns, At safepoint: 10615 ns, Total: 104269 ns
[2020-09-11T18:43:03.737+0000][1][safepoint    ] Safepoint "Cleanup", Time since last: 1000109671 ns, Reaching safepoint: 92362 ns, At safepoint: 9761 ns, Total: 102123 ns
[2020-09-11T18:43:04.737+0000][1][safepoint    ] Safepoint "Cleanup", Time since last: 1000109711 ns, Reaching safepoint: 101215 ns, At safepoint: 10181 ns, Total: 111396 ns
[2020-09-11T18:43:05.089+0000][1][safepoint    ] Safepoint "RevokeBias", Time since last: 352000152 ns, Reaching safepoint: 99850 ns, At safepoint: 25832 ns, Total: 125682 ns
[2020-09-11T18:43:06.090+0000][1][safepoint    ] Safepoint "Cleanup", Time since last: 1000103249 ns, Reaching safepoint: 93993 ns, At safepoint: 9578 ns, Total: 103571 ns
[2020-09-11T18:43:07.090+0000][1][safepoint    ] Safepoint "Cleanup", Time since last: 1000109822 ns, Reaching safepoint: 90588 ns, At safepoint: 9399 ns, Total: 99987 ns
[2020-09-11T18:43:08.090+0000][1][safepoint    ] Safepoint "Cleanup", Time since last: 1000117007 ns, Reaching safepoint: 93628 ns, At safepoint: 10535 ns, Total: 104163 ns
[2020-09-11T18:43:08.517+0000][1][safepoint    ] Safepoint "RevokeBias", Time since last: 425928999 ns, Reaching safepoint: 917577 ns, At safepoint: 248070 ns, Total: 1165647 ns
[2020-09-11T18:43:09.425+0000][1][safepoint    ] Safepoint "RevokeBias", Time since last: 907530431 ns, Reaching safepoint: 163855 ns, At safepoint: 23546 ns, Total: 187401 ns
[2020-09-11T18:43:10.425+0000][1][safepoint    ] Safepoint "Cleanup", Time since last: 1000107456 ns, Reaching safepoint: 93667 ns, At safepoint: 10999 ns, Total: 104666 ns
[2020-09-11T18:43:11.225+0000][1][gc,start     ] GC(202) Pause Young (Allocation Failure)
[2020-09-11T18:43:11.225+0000][1][gc,task      ] GC(202) Using 1 workers of 1 for evacuation
[2020-09-11T18:43:11.234+0000][1][gc,age       ] GC(202) Desired survivor size 4358144 bytes, new threshold 6 (max threshold 6)
[2020-09-11T18:43:11.234+0000][1][gc,age       ] GC(202) Age table with threshold 6 (max threshold 6)
[2020-09-11T18:43:11.234+0000][1][gc,age       ] GC(202) - age   1:     168392 bytes,     168392 total
[2020-09-11T18:43:11.234+0000][1][gc,age       ] GC(202) - age   2:      57336 bytes,     225728 total
[2020-09-11T18:43:11.234+0000][1][gc,age       ] GC(202) - age   3:       8432 bytes,     234160 total
[2020-09-11T18:43:11.234+0000][1][gc,age       ] GC(202) - age   4:      22496 bytes,     256656 total
[2020-09-11T18:43:11.234+0000][1][gc,age       ] GC(202) - age   5:        952 bytes,     257608 total
[2020-09-11T18:43:11.234+0000][1][gc,age       ] GC(202) - age   6:       1808 bytes,     259416 total
[2020-09-11T18:43:11.234+0000][1][gc,heap      ] GC(202) ParNew: 68526K->417K(76672K)
[2020-09-11T18:43:11.234+0000][1][gc,heap      ] GC(202) CMS: 86463K->86465K(439104K)
[2020-09-11T18:43:11.234+0000][1][gc,metaspace ] GC(202) Metaspace: 99234K->99234K(1140736K)
[2020-09-11T18:43:11.234+0000][1][gc           ] GC(202) Pause Young (Allocation Failure) 151M->84M(503M) 9.440ms
[2020-09-11T18:43:11.234+0000][1][gc,cpu       ] GC(202) User=0.00s Sys=0.00s Real=0.01s
[2020-09-11T18:43:11.241+0000][1][safepoint    ] Safepoint "GenCollectForAllocation", Time since last: 798613356 ns, Reaching safepoint: 1263589 ns, At safepoint: 15893428 ns, Total: 17157017 ns
[2020-09-11T18:43:12.250+0000][1][safepoint    ] Safepoint "Cleanup", Time since last: 1008648712 ns, Reaching safepoint: 96031 ns, At safepoint: 23653 ns, Total: 119684 ns
[2020-09-11T18:43:13.250+0000][1][safepoint    ] Safepoint "Cleanup", Time since last: 1000113318 ns, Reaching safepoint: 93110 ns, At safepoint: 10499 ns, Total: 103609 ns
[2020-09-11T18:43:14.250+0000][1][safepoint    ] Safepoint "Cleanup", Time since last: 1000114777 ns, Reaching safepoint: 92359 ns, At safepoint: 10488 ns, Total: 102847 ns
[2020-09-11T18:43:15.043+0000][1][safepoint    ] Safepoint "RevokeBias", Time since last: 792669658 ns, Reaching safepoint: 102061 ns, At safepoint: 27603 ns, Total: 129664 ns
[2020-09-11T18:43:16.043+0000][1][safepoint    ] Safepoint "Cleanup", Time since last: 1000109633 ns, Reaching safepoint: 102867 ns, At safepoint: 11321 ns, Total: 114188 ns
[2020-09-11T18:43:17.043+0000][1][safepoint    ] Safepoint "Cleanup", Time since last: 1000116605 ns, Reaching safepoint: 97207 ns, At safepoint: 11000 ns, Total: 108207 ns
[2020-09-11T18:43:18.044+0000][1][safepoint    ] Safepoint "Cleanup", Time since last: 1000117912 ns, Reaching safepoint: 94896 ns, At safepoint: 10005 ns, Total: 104901 ns
[2020-09-11T18:43:18.502+0000][1][safepoint    ] Safepoint "RevokeBias", Time since last: 457837126 ns, Reaching safepoint: 182719 ns, At safepoint: 36021 ns, Total: 218740 ns
[2020-09-11T18:43:19.502+0000][1][safepoint    ] Safepoint "Cleanup", Time since last: 1000113175 ns, Reaching safepoint: 133105 ns, At safepoint: 8221 ns, Total: 141326 ns
[2020-09-11T18:43:19.948+0000][1][safepoint    ] Safepoint "RevokeBias", Time since last: 445601868 ns, Reaching safepoint: 435540 ns, At safepoint: 52881 ns, Total: 488421 ns
[2020-09-11T18:43:20.948+0000][1][safepoint    ] Safepoint "Cleanup", Time since last: 1000117117 ns, Reaching safepoint: 93203 ns, At safepoint: 10429 ns, Total: 103632 ns
[2020-09-11T18:43:21.948+0000][1][safepoint    ] Safepoint "Cleanup", Time since last: 1000118681 ns, Reaching safepoint: 93745 ns, At safepoint: 9547 ns, Total: 103292 ns
[2020-09-11T18:43:22.949+0000][1][safepoint    ] Safepoint "Cleanup", Time since last: 1000113876 ns, Reaching safepoint: 93594 ns, At safepoint: 10766 ns, Total: 104360 ns
[2020-09-11T18:43:23.949+0000][1][safepoint    ] Safepoint "Cleanup", Time since last: 1000112683 ns, Reaching safepoint: 193025 ns, At safepoint: 10765 ns, Total: 203790 ns
[2020-09-11T18:43:24.949+0000][1][safepoint    ] Safepoint "Cleanup", Time since last: 1000111410 ns, Reaching safepoint: 96032 ns, At safepoint: 10063 ns, Total: 106095 ns
[2020-09-11T18:43:25.112+0000][1][safepoint    ] Safepoint "RevokeBias", Time since last: 163150945 ns, Reaching safepoint: 102238 ns, At safepoint: 28542 ns, Total: 130780 ns
[2020-09-11T18:43:26.113+0000][1][safepoint    ] Safepoint "Cleanup", Time since last: 1000122517 ns, Reaching safepoint: 93735 ns, At safepoint: 10808 ns, Total: 104543 ns
[2020-09-11T18:43:27.113+0000][1][safepoint    ] Safepoint "Cleanup", Time since last: 1000136211 ns, Reaching safepoint: 90854 ns, At safepoint: 9494 ns, Total: 100348 ns
[2020-09-11T18:43:28.113+0000][1][safepoint    ] Safepoint "Cleanup", Time since last: 1000126740 ns, Reaching safepoint: 111723 ns, At safepoint: 10554 ns, Total: 122277 ns
[2020-09-11T18:43:28.452+0000][1][safepoint    ] Safepoint "RevokeBias", Time since last: 336402266 ns, Reaching safepoint: 2597534 ns, At safepoint: 257763 ns, Total: 2855297 ns
[2020-09-11T18:43:29.453+0000][1][safepoint    ] Safepoint "Cleanup", Time since last: 1000120147 ns, Reaching safepoint: 118017 ns, At safepoint: 11881 ns, Total: 129898 ns
[2020-09-11T18:43:30.453+0000][1][safepoint    ] Safepoint "Cleanup", Time since last: 1000129082 ns, Reaching safepoint: 126673 ns, At safepoint: 14202 ns, Total: 140875 ns
[2020-09-11T18:43:32.552+0000][1][safepoint    ] Safepoint "RevokeBias", Time since last: 2098456767 ns, Reaching safepoint: 429714 ns, At safepoint: 47102 ns, Total: 476816 ns
[2020-09-11T18:43:33.552+0000][1][safepoint    ] Safepoint "Cleanup", Time since last: 1000110026 ns, Reaching safepoint: 102556 ns, At safepoint: 20641 ns, Total: 123197 ns
[2020-09-11T18:43:33.985+0000][1][gc,start     ] GC(203) Pause Young (Allocation Failure)
[2020-09-11T18:43:33.985+0000][1][gc,task      ] GC(203) Using 1 workers of 1 for evacuation
[2020-09-11T18:43:33.992+0000][1][gc,age       ] GC(203) Desired survivor size 4358144 bytes, new threshold 6 (max threshold 6)
[2020-09-11T18:43:33.992+0000][1][gc,age       ] GC(203) Age table with threshold 6 (max threshold 6)
[2020-09-11T18:43:33.992+0000][1][gc,age       ] GC(203) - age   1:     162160 bytes,     162160 total
[2020-09-11T18:43:33.992+0000][1][gc,age       ] GC(203) - age   2:      37608 bytes,     199768 total
[2020-09-11T18:43:33.992+0000][1][gc,age       ] GC(203) - age   3:       7056 bytes,     206824 total
[2020-09-11T18:43:33.992+0000][1][gc,age       ] GC(203) - age   4:       1776 bytes,     208600 total
[2020-09-11T18:43:33.992+0000][1][gc,age       ] GC(203) - age   5:       2576 bytes,     211176 total
[2020-09-11T18:43:33.992+0000][1][gc,age       ] GC(203) - age   6:        952 bytes,     212128 total
[2020-09-11T18:43:33.992+0000][1][gc,heap      ] GC(203) ParNew: 68577K->242K(76672K)
[2020-09-11T18:43:33.992+0000][1][gc,heap      ] GC(203) CMS: 86465K->86467K(439104K)
[2020-09-11T18:43:33.992+0000][1][gc,metaspace ] GC(203) Metaspace: 99235K->99235K(1140736K)
[2020-09-11T18:43:33.992+0000][1][gc           ] GC(203) Pause Young (Allocation Failure) 151M->84M(503M) 6.802ms
[2020-09-11T18:43:33.992+0000][1][gc,cpu       ] GC(203) User=0.00s Sys=0.00s Real=0.00s
[2020-09-11T18:43:33.996+0000][1][safepoint    ] Safepoint "GenCollectForAllocation", Time since last: 430914058 ns, Reaching safepoint: 1872352 ns, At safepoint: 11358792 ns, Total: 13231144 ns
[2020-09-11T18:43:34.998+0000][1][safepoint    ] Safepoint "Cleanup", Time since last: 1001573505 ns, Reaching safepoint: 83833 ns, At safepoint: 18170 ns, Total: 102003 ns
[2020-09-11T18:43:35.065+0000][1][safepoint    ] Safepoint "RevokeBias", Time since last: 67056687 ns, Reaching safepoint: 96436 ns, At safepoint: 27684 ns, Total: 124120 ns
[2020-09-11T18:43:36.065+0000][1][safepoint    ] Safepoint "Cleanup", Time since last: 1000108622 ns, Reaching safepoint: 93638 ns, At safepoint: 10137 ns, Total: 103775 ns
[2020-09-11T18:43:37.065+0000][1][safepoint    ] Safepoint "Cleanup", Time since last: 1000106882 ns, Reaching safepoint: 92053 ns, At safepoint: 8589 ns, Total: 100642 ns
[2020-09-11T18:43:38.066+0000][1][safepoint    ] Safepoint "Cleanup", Time since last: 1000109226 ns, Reaching safepoint: 93017 ns, At safepoint: 10751 ns, Total: 103768 ns
[2020-09-11T18:43:38.452+0000][1][safepoint    ] Safepoint "RevokeBias", Time since last: 385949252 ns, Reaching safepoint: 385942 ns, At safepoint: 20437 ns, Total: 406379 ns
[2020-09-11T18:43:39.452+0000][1][safepoint    ] Safepoint "Cleanup", Time since last: 1000116603 ns, Reaching safepoint: 103735 ns, At safepoint: 10949 ns, Total: 114684 ns
[2020-09-11T18:43:40.122+0000][1][safepoint    ] Safepoint "RevokeBias", Time since last: 669702781 ns, Reaching safepoint: 98871 ns, At safepoint: 27232 ns, Total: 126103 ns
[2020-09-11T18:43:41.122+0000][1][safepoint    ] Safepoint "Cleanup", Time since last: 1000115595 ns, Reaching safepoint: 95610 ns, At safepoint: 11503 ns, Total: 107113 ns
[2020-09-11T18:43:42.123+0000][1][safepoint    ] Safepoint "Cleanup", Time since last: 1000137602 ns, Reaching safepoint: 104818 ns, At safepoint: 11557 ns, Total: 116375 ns
[2020-09-11T18:43:43.123+0000][1][safepoint    ] Safepoint "Cleanup", Time since last: 1000114036 ns, Reaching safepoint: 94533 ns, At safepoint: 10778 ns, Total: 105311 ns
[2020-09-11T18:43:44.123+0000][1][safepoint    ] Safepoint "Cleanup", Time since last: 1000119671 ns, Reaching safepoint: 96884 ns, At safepoint: 10662 ns, Total: 107546 ns
[2020-09-11T18:43:45.093+0000][1][safepoint    ] Safepoint "RevokeBias", Time since last: 969525727 ns, Reaching safepoint: 200316 ns, At safepoint: 27062 ns, Total: 227378 ns
[2020-09-11T18:43:46.093+0000][1][safepoint    ] Safepoint "Cleanup", Time since last: 1000106673 ns, Reaching safepoint: 99466 ns, At safepoint: 9404 ns, Total: 108870 ns
[2020-09-11T18:43:47.093+0000][1][safepoint    ] Safepoint "Cleanup", Time since last: 1000109204 ns, Reaching safepoint: 91738 ns, At safepoint: 10057 ns, Total: 101795 ns
[2020-09-11T18:43:48.093+0000][1][safepoint    ] Safepoint "Cleanup", Time since last: 1000105073 ns, Reaching safepoint: 88932 ns, At safepoint: 9010 ns, Total: 97942 ns
[2020-09-11T18:43:48.441+0000][1][safepoint    ] Safepoint "RevokeBias", Time since last: 347509738 ns, Reaching safepoint: 190591 ns, At safepoint: 25421 ns, Total: 216012 ns
[2020-09-11T18:43:49.441+0000][1][safepoint    ] Safepoint "Cleanup", Time since last: 1000113452 ns, Reaching safepoint: 91828 ns, At safepoint: 10527 ns, Total: 102355 ns
[2020-09-11T18:43:49.551+0000][1][safepoint    ] Safepoint "RevokeBias", Time since last: 109884491 ns, Reaching safepoint: 177831 ns, At safepoint: 27959 ns, Total: 205790 ns
[2020-09-11T18:43:50.552+0000][1][safepoint    ] Safepoint "Cleanup", Time since last: 1000104511 ns, Reaching safepoint: 97645 ns, At safepoint: 10329 ns, Total: 107974 ns
[2020-09-11T18:43:51.552+0000][1][safepoint    ] Safepoint "Cleanup", Time since last: 1000113491 ns, Reaching safepoint: 104101 ns, At safepoint: 9739 ns, Total: 113840 ns
[2020-09-11T18:43:52.552+0000][1][safepoint    ] Safepoint "Cleanup", Time since last: 1000114568 ns, Reaching safepoint: 91725 ns, At safepoint: 10606 ns, Total: 102331 ns
[2020-09-11T18:43:53.552+0000][1][safepoint    ] Safepoint "Cleanup", Time since last: 1000111078 ns, Reaching safepoint: 93889 ns, At safepoint: 10887 ns, Total: 104776 ns
[2020-09-11T18:43:54.021+0000][1][gc,start     ] GC(204) Pause Young (Allocation Failure)
[2020-09-11T18:43:54.021+0000][1][gc,task      ] GC(204) Using 1 workers of 1 for evacuation
[2020-09-11T18:43:54.030+0000][1][gc,age       ] GC(204) Desired survivor size 4358144 bytes, new threshold 6 (max threshold 6)
[2020-09-11T18:43:54.030+0000][1][gc,age       ] GC(204) Age table with threshold 6 (max threshold 6)
[2020-09-11T18:43:54.030+0000][1][gc,age       ] GC(204) - age   1:     106056 bytes,     106056 total
[2020-09-11T18:43:54.031+0000][1][gc,age       ] GC(204) - age   2:     100200 bytes,     206256 total
[2020-09-11T18:43:54.031+0000][1][gc,age       ] GC(204) - age   3:       3696 bytes,     209952 total
[2020-09-11T18:43:54.031+0000][1][gc,age       ] GC(204) - age   4:        984 bytes,     210936 total
[2020-09-11T18:43:54.031+0000][1][gc,age       ] GC(204) - age   5:       1744 bytes,     212680 total
[2020-09-11T18:43:54.031+0000][1][gc,age       ] GC(204) - age   6:       2576 bytes,     215256 total
[2020-09-11T18:43:54.031+0000][1][gc,heap      ] GC(204) ParNew: 68402K->215K(76672K)
[2020-09-11T18:43:54.031+0000][1][gc,heap      ] GC(204) CMS: 86467K->86468K(439104K)
[2020-09-11T18:43:54.031+0000][1][gc,metaspace ] GC(204) Metaspace: 99247K->99247K(1140736K)
[2020-09-11T18:43:54.031+0000][1][gc           ] GC(204) Pause Young (Allocation Failure) 151M->84M(503M) 9.762ms
[2020-09-11T18:43:54.031+0000][1][gc,cpu       ] GC(204) User=0.00s Sys=0.00s Real=0.00s
[2020-09-11T18:43:54.031+0000][1][safepoint    ] Safepoint "GenCollectForAllocation", Time since last: 467176453 ns, Reaching safepoint: 1331535 ns, At safepoint: 9832420 ns, Total: 11163955 ns
[2020-09-11T18:43:55.037+0000][1][safepoint    ] Safepoint "Cleanup", Time since last: 1006455346 ns, Reaching safepoint: 85374 ns, At safepoint: 18308 ns, Total: 103682 ns
[2020-09-11T18:43:55.098+0000][1][safepoint    ] Safepoint "RevokeBias", Time since last: 60274009 ns, Reaching safepoint: 101816 ns, At safepoint: 39018 ns, Total: 140834 ns
[2020-09-11T18:43:56.101+0000][1][safepoint    ] Safepoint "Cleanup", Time since last: 1002750014 ns, Reaching safepoint: 90245 ns, At safepoint: 20428 ns, Total: 110673 ns
[2020-09-11T18:43:57.101+0000][1][safepoint    ] Safepoint "Cleanup", Time since last: 1000116406 ns, Reaching safepoint: 94889 ns, At safepoint: 67827 ns, Total: 162716 ns
[2020-09-11T18:43:58.101+0000][1][safepoint    ] Safepoint "Cleanup", Time since last: 1000115871 ns, Reaching safepoint: 94423 ns, At safepoint: 24047 ns, Total: 118470 ns
[2020-09-11T18:43:58.469+0000][1][safepoint    ] Safepoint "RevokeBias", Time since last: 365505903 ns, Reaching safepoint: 2354660 ns, At safepoint: 30304 ns, Total: 2384964 ns
[2020-09-11T18:43:59.469+0000][1][safepoint    ] Safepoint "Cleanup", Time since last: 1000111803 ns, Reaching safepoint: 100144 ns, At safepoint: 9544 ns, Total: 109688 ns
[2020-09-11T18:43:59.617+0000][1][safepoint    ] Safepoint "RevokeBias", Time since last: 147975867 ns, Reaching safepoint: 178594 ns, At safepoint: 28184 ns, Total: 206778 ns
[2020-09-11T18:44:00.618+0000][1][safepoint    ] Safepoint "Cleanup", Time since last: 1000107728 ns, Reaching safepoint: 92556 ns, At safepoint: 9905 ns, Total: 102461 ns
[2020-09-11T18:44:01.618+0000][1][safepoint    ] Safepoint "Cleanup", Time since last: 1000111216 ns, Reaching safepoint: 92564 ns, At safepoint: 10764 ns, Total: 103328 ns
[2020-09-11T18:44:02.618+0000][1][safepoint    ] Safepoint "Cleanup", Time since last: 1000114349 ns, Reaching safepoint: 94014 ns, At safepoint: 10165 ns, Total: 104179 ns
[2020-09-11T18:44:03.618+0000][1][safepoint    ] Safepoint "Cleanup", Time since last: 1000110133 ns, Reaching safepoint: 112969 ns, At safepoint: 10298 ns, Total: 123267 ns
[2020-09-11T18:44:04.618+0000][1][safepoint    ] Safepoint "Cleanup", Time since last: 1000104072 ns, Reaching safepoint: 93410 ns, At safepoint: 10204 ns, Total: 103614 ns
[2020-09-11T18:44:05.067+0000][1][safepoint    ] Safepoint "RevokeBias", Time since last: 448719456 ns, Reaching safepoint: 101131 ns, At safepoint: 37496 ns, Total: 138627 ns
[2020-09-11T18:44:06.067+0000][1][safepoint    ] Safepoint "Cleanup", Time since last: 1000104662 ns, Reaching safepoint: 96327 ns, At safepoint: 10535 ns, Total: 106862 ns
[2020-09-11T18:44:07.068+0000][1][safepoint    ] Safepoint "Cleanup", Time since last: 1000113175 ns, Reaching safepoint: 91817 ns, At safepoint: 11341 ns, Total: 103158 ns
[2020-09-11T18:44:08.068+0000][1][safepoint    ] Safepoint "Cleanup", Time since last: 1000113927 ns, Reaching safepoint: 93390 ns, At safepoint: 9861 ns, Total: 103251 ns
[2020-09-11T18:44:08.534+0000][1][safepoint    ] Safepoint "RevokeBias", Time since last: 465279291 ns, Reaching safepoint: 463898 ns, At safepoint: 28299 ns, Total: 492197 ns
[2020-09-11T18:44:09.534+0000][1][safepoint    ] Safepoint "Cleanup", Time since last: 1000115606 ns, Reaching safepoint: 97381 ns, At safepoint: 9903 ns, Total: 107284 ns
[2020-09-11T18:44:09.594+0000][1][safepoint    ] Safepoint "RevokeBias", Time since last: 59624923 ns, Reaching safepoint: 182538 ns, At safepoint: 28053 ns, Total: 210591 ns
[2020-09-11T18:44:10.594+0000][1][safepoint    ] Safepoint "Cleanup", Time since last: 1000110798 ns, Reaching safepoint: 96674 ns, At safepoint: 10256 ns, Total: 106930 ns
[2020-09-11T18:44:11.594+0000][1][safepoint    ] Safepoint "Cleanup", Time since last: 1000114564 ns, Reaching safepoint: 93972 ns, At safepoint: 10865 ns, Total: 104837 ns
[2020-09-11T18:44:12.594+0000][1][safepoint    ] Safepoint "Cleanup", Time since last: 1000127345 ns, Reaching safepoint: 94854 ns, At safepoint: 9334 ns, Total: 104188 ns
[2020-09-11T18:44:13.595+0000][1][safepoint    ] Safepoint "Cleanup", Time since last: 1000114275 ns, Reaching safepoint: 100879 ns, At safepoint: 10588 ns, Total: 111467 ns
[2020-09-11T18:44:14.049+0000][1][gc,start     ] GC(205) Pause Young (Allocation Failure)
[2020-09-11T18:44:14.049+0000][1][gc,task      ] GC(205) Using 1 workers of 1 for evacuation
[2020-09-11T18:44:14.058+0000][1][gc,age       ] GC(205) Desired survivor size 4358144 bytes, new threshold 6 (max threshold 6)
[2020-09-11T18:44:14.058+0000][1][gc,age       ] GC(205) Age table with threshold 6 (max threshold 6)
[2020-09-11T18:44:14.058+0000][1][gc,age       ] GC(205) - age   1:      66648 bytes,      66648 total
[2020-09-11T18:44:14.058+0000][1][gc,age       ] GC(205) - age   2:      60592 bytes,     127240 total
[2020-09-11T18:44:14.058+0000][1][gc,age       ] GC(205) - age   3:      82064 bytes,     209304 total
[2020-09-11T18:44:14.058+0000][1][gc,age       ] GC(205) - age   4:       2952 bytes,     212256 total
[2020-09-11T18:44:14.058+0000][1][gc,age       ] GC(205) - age   5:        984 bytes,     213240 total
[2020-09-11T18:44:14.058+0000][1][gc,age       ] GC(205) - age   6:       1744 bytes,     214984 total
[2020-09-11T18:44:14.058+0000][1][gc,heap      ] GC(205) ParNew: 68375K->211K(76672K)
[2020-09-11T18:44:14.058+0000][1][gc,heap      ] GC(205) CMS: 86468K->86470K(439104K)
[2020-09-11T18:44:14.058+0000][1][gc,metaspace ] GC(205) Metaspace: 99247K->99247K(1140736K)
[2020-09-11T18:44:14.058+0000][1][gc           ] GC(205) Pause Young (Allocation Failure) 151M->84M(503M) 9.089ms
[2020-09-11T18:44:14.058+0000][1][gc,cpu       ] GC(205) User=0.00s Sys=0.00s Real=0.01s
[2020-09-11T18:44:14.058+0000][1][safepoint    ] Safepoint "GenCollectForAllocation", Time since last: 452330464 ns, Reaching safepoint: 1881759 ns, At safepoint: 9163671 ns, Total: 11045430 ns
[2020-09-11T18:44:15.061+0000][1][safepoint    ] Safepoint "Cleanup", Time since last: 1003018402 ns, Reaching safepoint: 126863 ns, At safepoint: 19857 ns, Total: 146720 ns
[2020-09-11T18:44:15.108+0000][1][safepoint    ] Safepoint "RevokeBias", Time since last: 46451967 ns, Reaching safepoint: 101625 ns, At safepoint: 39982 ns, Total: 141607 ns
[2020-09-11T18:44:16.111+0000][1][safepoint    ] Safepoint "Cleanup", Time since last: 1002648009 ns, Reaching safepoint: 92491 ns, At safepoint: 23383 ns, Total: 115874 ns
[2020-09-11T18:44:17.111+0000][1][safepoint    ] Safepoint "Cleanup", Time since last: 1000118902 ns, Reaching safepoint: 93160 ns, At safepoint: 24414 ns, Total: 117574 ns
[2020-09-11T18:44:18.111+0000][1][safepoint    ] Safepoint "Cleanup", Time since last: 1000115204 ns, Reaching safepoint: 94735 ns, At safepoint: 23491 ns, Total: 118226 ns
[2020-09-11T18:44:18.465+0000][1][safepoint    ] Safepoint "BulkRevokeBias", Time since last: 351421511 ns, Reaching safepoint: 2448441 ns, At safepoint: 340035 ns, Total: 2788476 ns
[2020-09-11T18:44:18.517+0000][1][safepoint    ] Safepoint "RevokeBias", Time since last: 51578437 ns, Reaching safepoint: 168564 ns, At safepoint: 26016 ns, Total: 194580 ns
[2020-09-11T18:44:19.517+0000][1][safepoint    ] Safepoint "Cleanup", Time since last: 1000113911 ns, Reaching safepoint: 97446 ns, At safepoint: 11253 ns, Total: 108699 ns
[2020-09-11T18:44:19.727+0000][1][safepoint    ] Safepoint "BulkRevokeBias", Time since last: 209829867 ns, Reaching safepoint: 123149 ns, At safepoint: 292391 ns, Total: 415540 ns
[2020-09-11T18:44:20.728+0000][1][safepoint    ] Safepoint "Cleanup", Time since last: 1000113093 ns, Reaching safepoint: 118046 ns, At safepoint: 11056 ns, Total: 129102 ns
[2020-09-11T18:44:21.728+0000][1][safepoint    ] Safepoint "Cleanup", Time since last: 1000114482 ns, Reaching safepoint: 91486 ns, At safepoint: 10504 ns, Total: 101990 ns
[2020-09-11T18:44:22.728+0000][1][safepoint    ] Safepoint "Cleanup", Time since last: 1000137935 ns, Reaching safepoint: 92971 ns, At safepoint: 10728 ns, Total: 103699 ns
[2020-09-11T18:44:23.728+0000][1][safepoint    ] Safepoint "Cleanup", Time since last: 1000118458 ns, Reaching safepoint: 92935 ns, At safepoint: 10834 ns, Total: 103769 ns
[2020-09-11T18:44:24.729+0000][1][safepoint    ] Safepoint "Cleanup", Time since last: 1000114935 ns, Reaching safepoint: 97091 ns, At safepoint: 11722 ns, Total: 108813 ns
[2020-09-11T18:44:25.051+0000][1][safepoint    ] Safepoint "RevokeBias", Time since last: 321770651 ns, Reaching safepoint: 188754 ns, At safepoint: 28553 ns, Total: 217307 ns
[2020-09-11T18:44:26.051+0000][1][safepoint    ] Safepoint "Cleanup", Time since last: 1000109747 ns, Reaching safepoint: 92456 ns, At safepoint: 9211 ns, Total: 101667 ns
[2020-09-11T18:44:27.051+0000][1][safepoint    ] Safepoint "Cleanup", Time since last: 1000110900 ns, Reaching safepoint: 95169 ns, At safepoint: 9667 ns, Total: 104836 ns
[2020-09-11T18:44:28.051+0000][1][safepoint    ] Safepoint "Cleanup", Time since last: 1000115100 ns, Reaching safepoint: 97360 ns, At safepoint: 10119 ns, Total: 107479 ns
[2020-09-11T18:44:28.456+0000][1][safepoint    ] Safepoint "RevokeBias", Time since last: 404541720 ns, Reaching safepoint: 307844 ns, At safepoint: 26891 ns, Total: 334735 ns
[2020-09-11T18:44:29.456+0000][1][safepoint    ] Safepoint "Cleanup", Time since last: 1000111108 ns, Reaching safepoint: 107621 ns, At safepoint: 8181 ns, Total: 115802 ns
[2020-09-11T18:44:29.757+0000][1][safepoint    ] Safepoint "RevokeBias", Time since last: 300195939 ns, Reaching safepoint: 182790 ns, At safepoint: 47477 ns, Total: 230267 ns
[2020-09-11T18:44:30.757+0000][1][safepoint    ] Safepoint "Cleanup", Time since last: 1000107954 ns, Reaching safepoint: 95226 ns, At safepoint: 10343 ns, Total: 105569 ns
[2020-09-11T18:44:31.757+0000][1][safepoint    ] Safepoint "Cleanup", Time since last: 1000113916 ns, Reaching safepoint: 96717 ns, At safepoint: 9392 ns, Total: 106109 ns
[2020-09-11T18:44:32.757+0000][1][safepoint    ] Safepoint "Cleanup", Time since last: 1000145117 ns, Reaching safepoint: 117713 ns, At safepoint: 10961 ns, Total: 128674 ns
[2020-09-11T18:44:33.758+0000][1][safepoint    ] Safepoint "Cleanup", Time since last: 1000125575 ns, Reaching safepoint: 96660 ns, At safepoint: 10915 ns, Total: 107575 ns
[2020-09-11T18:44:34.758+0000][1][safepoint    ] Safepoint "Cleanup", Time since last: 1000115526 ns, Reaching safepoint: 95571 ns, At safepoint: 10136 ns, Total: 105707 ns
[2020-09-11T18:44:35.051+0000][1][safepoint    ] Safepoint "RevokeBias", Time since last: 292383889 ns, Reaching safepoint: 179297 ns, At safepoint: 43903 ns, Total: 223200 ns
[2020-09-11T18:44:36.051+0000][1][safepoint    ] Safepoint "Cleanup", Time since last: 1000102262 ns, Reaching safepoint: 93647 ns, At safepoint: 9073 ns, Total: 102720 ns
[2020-09-11T18:44:37.051+0000][1][safepoint    ] Safepoint "Cleanup", Time since last: 1000114369 ns, Reaching safepoint: 104969 ns, At safepoint: 10528 ns, Total: 115497 ns
[2020-09-11T18:44:38.051+0000][1][safepoint    ] Safepoint "Cleanup", Time since last: 1000116258 ns, Reaching safepoint: 96469 ns, At safepoint: 10352 ns, Total: 106821 ns
[2020-09-11T18:44:38.409+0000][1][gc,start     ] GC(206) Pause Young (Allocation Failure)
[2020-09-11T18:44:38.409+0000][1][gc,task      ] GC(206) Using 1 workers of 1 for evacuation
[2020-09-11T18:44:38.421+0000][1][gc,age       ] GC(206) Desired survivor size 4358144 bytes, new threshold 6 (max threshold 6)
[2020-09-11T18:44:38.421+0000][1][gc,age       ] GC(206) Age table with threshold 6 (max threshold 6)
[2020-09-11T18:44:38.422+0000][1][gc,age       ] GC(206) - age   1:     187088 bytes,     187088 total
[2020-09-11T18:44:38.422+0000][1][gc,age       ] GC(206) - age   2:      18880 bytes,     205968 total
[2020-09-11T18:44:38.422+0000][1][gc,age       ] GC(206) - age   3:      21640 bytes,     227608 total
[2020-09-11T18:44:38.422+0000][1][gc,age       ] GC(206) - age   4:      32952 bytes,     260560 total
[2020-09-11T18:44:38.422+0000][1][gc,age       ] GC(206) - age   5:       2952 bytes,     263512 total
[2020-09-11T18:44:38.422+0000][1][gc,age       ] GC(206) - age   6:        688 bytes,     264200 total
[2020-09-11T18:44:38.422+0000][1][gc,heap      ] GC(206) ParNew: 68371K->420K(76672K)
[2020-09-11T18:44:38.422+0000][1][gc,heap      ] GC(206) CMS: 86470K->86472K(439104K)
[2020-09-11T18:44:38.422+0000][1][gc,metaspace ] GC(206) Metaspace: 99260K->99260K(1140736K)
[2020-09-11T18:44:38.422+0000][1][gc           ] GC(206) Pause Young (Allocation Failure) 151M->84M(503M) 12.962ms
[2020-09-11T18:44:38.422+0000][1][gc,cpu       ] GC(206) User=0.01s Sys=0.00s Real=0.02s
[2020-09-11T18:44:38.437+0000][1][safepoint    ] Safepoint "GenCollectForAllocation", Time since last: 357378107 ns, Reaching safepoint: 94556 ns, At safepoint: 28158590 ns, Total: 28253146 ns
[2020-09-11T18:44:38.538+0000][1][safepoint    ] Safepoint "RevokeBias", Time since last: 100236977 ns, Reaching safepoint: 251237 ns, At safepoint: 246902 ns, Total: 498139 ns
[2020-09-11T18:44:39.538+0000][1][safepoint    ] Safepoint "Cleanup", Time since last: 1000115099 ns, Reaching safepoint: 94873 ns, At safepoint: 10440 ns, Total: 105313 ns
[2020-09-11T18:44:39.708+0000][1][safepoint    ] Safepoint "RevokeBias", Time since last: 170166184 ns, Reaching safepoint: 171131 ns, At safepoint: 23532 ns, Total: 194663 ns
[2020-09-11T18:44:40.708+0000][1][safepoint    ] Safepoint "Cleanup", Time since last: 1000104428 ns, Reaching safepoint: 90677 ns, At safepoint: 10588 ns, Total: 101265 ns
[2020-09-11T18:44:41.709+0000][1][safepoint    ] Safepoint "Cleanup", Time since last: 1000112948 ns, Reaching safepoint: 93807 ns, At safepoint: 9539 ns, Total: 103346 ns
[2020-09-11T18:44:42.709+0000][1][safepoint    ] Safepoint "Cleanup", Time since last: 1000115521 ns, Reaching safepoint: 218798 ns, At safepoint: 13806 ns, Total: 232604 ns
[2020-09-11T18:44:43.709+0000][1][safepoint    ] Safepoint "Cleanup", Time since last: 1000109192 ns, Reaching safepoint: 89670 ns, At safepoint: 9679 ns, Total: 99349 ns
[2020-09-11T18:44:44.709+0000][1][safepoint    ] Safepoint "Cleanup", Time since last: 1000108908 ns, Reaching safepoint: 92908 ns, At safepoint: 9927 ns, Total: 102835 ns
[2020-09-11T18:44:45.057+0000][1][safepoint    ] Safepoint "RevokeBias", Time since last: 347768195 ns, Reaching safepoint: 101358 ns, At safepoint: 27478 ns, Total: 128836 ns
[2020-09-11T18:44:46.057+0000][1][safepoint    ] Safepoint "Cleanup", Time since last: 1000107830 ns, Reaching safepoint: 98792 ns, At safepoint: 10804 ns, Total: 109596 ns
[2020-09-11T18:44:47.058+0000][1][safepoint    ] Safepoint "Cleanup", Time since last: 1000112865 ns, Reaching safepoint: 91883 ns, At safepoint: 9934 ns, Total: 101817 ns
[2020-09-11T18:44:48.058+0000][1][safepoint    ] Safepoint "Cleanup", Time since last: 1000113707 ns, Reaching safepoint: 95286 ns, At safepoint: 10329 ns, Total: 105615 ns
[2020-09-11T18:44:48.453+0000][1][safepoint    ] Safepoint "RevokeBias", Time since last: 394598415 ns, Reaching safepoint: 194646 ns, At safepoint: 26696 ns, Total: 221342 ns
[2020-09-11T18:44:49.455+0000][1][safepoint    ] Safepoint "Cleanup", Time since last: 1002039242 ns, Reaching safepoint: 92608 ns, At safepoint: 11573 ns, Total: 104181 ns
[2020-09-11T18:44:49.679+0000][1][safepoint    ] Safepoint "RevokeBias", Time since last: 224534158 ns, Reaching safepoint: 97807 ns, At safepoint: 22033 ns, Total: 119840 ns
[2020-09-11T18:44:50.680+0000][1][safepoint    ] Safepoint "Cleanup", Time since last: 1000107291 ns, Reaching safepoint: 94691 ns, At safepoint: 9992 ns, Total: 104683 ns
[2020-09-11T18:44:51.680+0000][1][safepoint    ] Safepoint "Cleanup", Time since last: 1000115259 ns, Reaching safepoint: 94438 ns, At safepoint: 10809 ns, Total: 105247 ns
[2020-09-11T18:44:52.680+0000][1][safepoint    ] Safepoint "Cleanup", Time since last: 1000120003 ns, Reaching safepoint: 93410 ns, At safepoint: 10686 ns, Total: 104096 ns
[2020-09-11T18:44:53.680+0000][1][safepoint    ] Safepoint "Cleanup", Time since last: 1000119971 ns, Reaching safepoint: 112396 ns, At safepoint: 10700 ns, Total: 123096 ns
[2020-09-11T18:44:54.681+0000][1][safepoint    ] Safepoint "Cleanup", Time since last: 1000136029 ns, Reaching safepoint: 93280 ns, At safepoint: 11714 ns, Total: 104994 ns
[2020-09-11T18:44:55.071+0000][1][safepoint    ] Safepoint "RevokeBias", Time since last: 389789858 ns, Reaching safepoint: 176283 ns, At safepoint: 25865 ns, Total: 202148 ns
[2020-09-11T18:44:56.071+0000][1][safepoint    ] Safepoint "Cleanup", Time since last: 1000108938 ns, Reaching safepoint: 92088 ns, At safepoint: 10367 ns, Total: 102455 ns
[2020-09-11T18:44:57.071+0000][1][safepoint    ] Safepoint "Cleanup", Time since last: 1000110915 ns, Reaching safepoint: 94338 ns, At safepoint: 10234 ns, Total: 104572 ns
[2020-09-11T18:44:58.071+0000][1][safepoint    ] Safepoint "Cleanup", Time since last: 1000117402 ns, Reaching safepoint: 92197 ns, At safepoint: 10601 ns, Total: 102798 ns
[2020-09-11T18:44:58.388+0000][1][gc,start     ] GC(207) Pause Young (Allocation Failure)
[2020-09-11T18:44:58.388+0000][1][gc,task      ] GC(207) Using 1 workers of 1 for evacuation
[2020-09-11T18:44:58.398+0000][1][gc,age       ] GC(207) Desired survivor size 4358144 bytes, new threshold 6 (max threshold 6)
[2020-09-11T18:44:58.398+0000][1][gc,age       ] GC(207) Age table with threshold 6 (max threshold 6)
[2020-09-11T18:44:58.398+0000][1][gc,age       ] GC(207) - age   1:     236064 bytes,     236064 total
[2020-09-11T18:44:58.398+0000][1][gc,age       ] GC(207) - age   2:      83048 bytes,     319112 total
[2020-09-11T18:44:58.398+0000][1][gc,age       ] GC(207) - age   3:      17240 bytes,     336352 total
[2020-09-11T18:44:58.398+0000][1][gc,age       ] GC(207) - age   4:       1568 bytes,     337920 total
[2020-09-11T18:44:58.398+0000][1][gc,age       ] GC(207) - age   5:      29592 bytes,     367512 total
[2020-09-11T18:44:58.398+0000][1][gc,age       ] GC(207) - age   6:       2952 bytes,     370464 total
[2020-09-11T18:44:58.398+0000][1][gc,heap      ] GC(207) ParNew: 68580K->492K(76672K)
[2020-09-11T18:44:58.398+0000][1][gc,heap      ] GC(207) CMS: 86472K->86473K(439104K)
[2020-09-11T18:44:58.398+0000][1][gc,metaspace ] GC(207) Metaspace: 99272K->99272K(1140736K)
[2020-09-11T18:44:58.398+0000][1][gc           ] GC(207) Pause Young (Allocation Failure) 151M->84M(503M) 10.812ms
[2020-09-11T18:44:58.398+0000][1][gc,cpu       ] GC(207) User=0.01s Sys=0.00s Real=0.01s
[2020-09-11T18:44:58.399+0000][1][safepoint    ] Safepoint "GenCollectForAllocation", Time since last: 313374639 ns, Reaching safepoint: 2977171 ns, At safepoint: 10886059 ns, Total: 13863230 ns
[2020-09-11T18:44:58.457+0000][1][safepoint    ] Safepoint "RevokeBias", Time since last: 57719028 ns, Reaching safepoint: 693571 ns, At safepoint: 29534 ns, Total: 723105 ns
[2020-09-11T18:44:59.457+0000][1][safepoint    ] Safepoint "Cleanup", Time since last: 1000113242 ns, Reaching safepoint: 89942 ns, At safepoint: 10335 ns, Total: 100277 ns
[2020-09-11T18:44:59.705+0000][1][safepoint    ] Safepoint "RevokeBias", Time since last: 247430140 ns, Reaching safepoint: 196658 ns, At safepoint: 26183 ns, Total: 222841 ns
[2020-09-11T18:45:00.705+0000][1][safepoint    ] Safepoint "Cleanup", Time since last: 1000108626 ns, Reaching safepoint: 97282 ns, At safepoint: 10243 ns, Total: 107525 ns
[2020-09-11T18:45:01.705+0000][1][safepoint    ] Safepoint "Cleanup", Time since last: 1000112484 ns, Reaching safepoint: 94080 ns, At safepoint: 10207 ns, Total: 104287 ns
[2020-09-11T18:45:02.705+0000][1][safepoint    ] Safepoint "Cleanup", Time since last: 1000113790 ns, Reaching safepoint: 104047 ns, At safepoint: 11186 ns, Total: 115233 ns
[2020-09-11T18:45:03.706+0000][1][safepoint    ] Safepoint "Cleanup", Time since last: 1000113186 ns, Reaching safepoint: 97207 ns, At safepoint: 11038 ns, Total: 108245 ns
[2020-09-11T18:45:04.706+0000][1][safepoint    ] Safepoint "Cleanup", Time since last: 1000110588 ns, Reaching safepoint: 113917 ns, At safepoint: 10086 ns, Total: 124003 ns
[2020-09-11T18:45:05.096+0000][1][safepoint    ] Safepoint "RevokeBias", Time since last: 389667747 ns, Reaching safepoint: 179419 ns, At safepoint: 42290 ns, Total: 221709 ns
[2020-09-11T18:45:06.096+0000][1][safepoint    ] Safepoint "Cleanup", Time since last: 1000121641 ns, Reaching safepoint: 95873 ns, At safepoint: 10883 ns, Total: 106756 ns
[2020-09-11T18:45:07.096+0000][1][safepoint    ] Safepoint "Cleanup", Time since last: 1000116114 ns, Reaching safepoint: 99461 ns, At safepoint: 11591 ns, Total: 111052 ns
[2020-09-11T18:45:08.097+0000][1][safepoint    ] Safepoint "Cleanup", Time since last: 1000121786 ns, Reaching safepoint: 93650 ns, At safepoint: 11606 ns, Total: 105256 ns
[2020-09-11T18:45:08.465+0000][1][safepoint    ] Safepoint "RevokeBias", Time since last: 368220740 ns, Reaching safepoint: 233218 ns, At safepoint: 28459 ns, Total: 261677 ns
[2020-09-11T18:45:09.465+0000][1][safepoint    ] Safepoint "Cleanup", Time since last: 1000113323 ns, Reaching safepoint: 93133 ns, At safepoint: 10633 ns, Total: 103766 ns
[2020-09-11T18:45:09.753+0000][1][safepoint    ] Safepoint "RevokeBias", Time since last: 287738336 ns, Reaching safepoint: 100255 ns, At safepoint: 25990 ns, Total: 126245 ns
[2020-09-11T18:45:10.753+0000][1][safepoint    ] Safepoint "Cleanup", Time since last: 1000119036 ns, Reaching safepoint: 126002 ns, At safepoint: 16545 ns, Total: 142547 ns
[2020-09-11T18:45:11.754+0000][1][safepoint    ] Safepoint "Cleanup", Time since last: 1000145006 ns, Reaching safepoint: 114667 ns, At safepoint: 13275 ns, Total: 127942 ns
[2020-09-11T18:45:12.754+0000][1][safepoint    ] Safepoint "Cleanup", Time since last: 1000116690 ns, Reaching safepoint: 94253 ns, At safepoint: 11113 ns, Total: 105366 ns
[2020-09-11T18:45:13.754+0000][1][safepoint    ] Safepoint "Cleanup", Time since last: 1000129704 ns, Reaching safepoint: 97443 ns, At safepoint: 12368 ns, Total: 109811 ns
[2020-09-11T18:45:14.754+0000][1][safepoint    ] Safepoint "Cleanup", Time since last: 1000120934 ns, Reaching safepoint: 129803 ns, At safepoint: 16961 ns, Total: 146764 ns
[2020-09-11T18:45:15.079+0000][1][safepoint    ] Safepoint "RevokeBias", Time since last: 324402491 ns, Reaching safepoint: 179141 ns, At safepoint: 29085 ns, Total: 208226 ns
[2020-09-11T18:45:16.079+0000][1][safepoint    ] Safepoint "Cleanup", Time since last: 1000114949 ns, Reaching safepoint: 94301 ns, At safepoint: 10293 ns, Total: 104594 ns
[2020-09-11T18:45:17.079+0000][1][safepoint    ] Safepoint "Cleanup", Time since last: 1000119525 ns, Reaching safepoint: 94488 ns, At safepoint: 11201 ns, Total: 105689 ns
[2020-09-11T18:45:18.080+0000][1][safepoint    ] Safepoint "Cleanup", Time since last: 1000116762 ns, Reaching safepoint: 97094 ns, At safepoint: 10716 ns, Total: 107810 ns
[2020-09-11T18:45:18.430+0000][1][gc,start     ] GC(208) Pause Young (Allocation Failure)
[2020-09-11T18:45:18.430+0000][1][gc,task      ] GC(208) Using 1 workers of 1 for evacuation
[2020-09-11T18:45:18.439+0000][1][gc,age       ] GC(208) Desired survivor size 4358144 bytes, new threshold 6 (max threshold 6)
[2020-09-11T18:45:18.439+0000][1][gc,age       ] GC(208) Age table with threshold 6 (max threshold 6)
[2020-09-11T18:45:18.439+0000][1][gc,age       ] GC(208) - age   1:     291432 bytes,     291432 total
[2020-09-11T18:45:18.439+0000][1][gc,age       ] GC(208) - age   2:      31224 bytes,     322656 total
[2020-09-11T18:45:18.439+0000][1][gc,age       ] GC(208) - age   3:      78752 bytes,     401408 total
[2020-09-11T18:45:18.439+0000][1][gc,age       ] GC(208) - age   4:       2064 bytes,     403472 total
[2020-09-11T18:45:18.439+0000][1][gc,age       ] GC(208) - age   5:        328 bytes,     403800 total
[2020-09-11T18:45:18.439+0000][1][gc,age       ] GC(208) - age   6:      29592 bytes,     433392 total
[2020-09-11T18:45:18.439+0000][1][gc,heap      ] GC(208) ParNew: 68652K->665K(76672K)
[2020-09-11T18:45:18.439+0000][1][gc,heap      ] GC(208) CMS: 86473K->86475K(439104K)
[2020-09-11T18:45:18.439+0000][1][gc,metaspace ] GC(208) Metaspace: 99288K->99288K(1140736K)
[2020-09-11T18:45:18.440+0000][1][gc           ] GC(208) Pause Young (Allocation Failure) 151M->85M(503M) 9.614ms
[2020-09-11T18:45:18.440+0000][1][gc,cpu       ] GC(208) User=0.00s Sys=0.00s Real=0.01s
[2020-09-11T18:45:18.440+0000][1][safepoint    ] Safepoint "GenCollectForAllocation", Time since last: 349159296 ns, Reaching safepoint: 1110347 ns, At safepoint: 9703224 ns, Total: 10813571 ns
[2020-09-11T18:45:18.461+0000][1][safepoint    ] Safepoint "RevokeBias", Time since last: 21482370 ns, Reaching safepoint: 103131 ns, At safepoint: 35902 ns, Total: 139033 ns
[2020-09-11T18:45:19.464+0000][1][safepoint    ] Safepoint "Cleanup", Time since last: 1002688922 ns, Reaching safepoint: 93415 ns, At safepoint: 10055 ns, Total: 103470 ns
[2020-09-11T18:45:19.825+0000][1][safepoint    ] Safepoint "RevokeBias", Time since last: 361184060 ns, Reaching safepoint: 101289 ns, At safepoint: 32022 ns, Total: 133311 ns
[2020-09-11T18:45:20.826+0000][1][safepoint    ] Safepoint "Cleanup", Time since last: 1000109453 ns, Reaching safepoint: 95913 ns, At safepoint: 10257 ns, Total: 106170 ns
[2020-09-11T18:45:21.826+0000][1][safepoint    ] Safepoint "Cleanup", Time since last: 1000114356 ns, Reaching safepoint: 94940 ns, At safepoint: 10443 ns, Total: 105383 ns
[2020-09-11T18:45:22.826+0000][1][safepoint    ] Safepoint "Cleanup", Time since last: 1000112607 ns, Reaching safepoint: 91430 ns, At safepoint: 10448 ns, Total: 101878 ns
[2020-09-11T18:45:23.826+0000][1][safepoint    ] Safepoint "Cleanup", Time since last: 1000111132 ns, Reaching safepoint: 94148 ns, At safepoint: 10456 ns, Total: 104604 ns
[2020-09-11T18:45:24.826+0000][1][safepoint    ] Safepoint "Cleanup", Time since last: 1000125076 ns, Reaching safepoint: 94741 ns, At safepoint: 10379 ns, Total: 105120 ns
[2020-09-11T18:45:25.086+0000][1][safepoint    ] Safepoint "RevokeBias", Time since last: 259254331 ns, Reaching safepoint: 99614 ns, At safepoint: 27962 ns, Total: 127576 ns
[2020-09-11T18:45:26.086+0000][1][safepoint    ] Safepoint "Cleanup", Time since last: 1000110640 ns, Reaching safepoint: 92151 ns, At safepoint: 11141 ns, Total: 103292 ns
[2020-09-11T18:45:27.086+0000][1][safepoint    ] Safepoint "Cleanup", Time since last: 1000111847 ns, Reaching safepoint: 91265 ns, At safepoint: 9557 ns, Total: 100822 ns
[2020-09-11T18:45:28.086+0000][1][safepoint    ] Safepoint "Cleanup", Time since last: 1000115906 ns, Reaching safepoint: 94003 ns, At safepoint: 11690 ns, Total: 105693 ns
[2020-09-11T18:45:28.466+0000][1][safepoint    ] Safepoint "RevokeBias", Time since last: 379645399 ns, Reaching safepoint: 96547 ns, At safepoint: 21606 ns, Total: 118153 ns
[2020-09-11T18:45:29.466+0000][1][safepoint    ] Safepoint "Cleanup", Time since last: 1000109775 ns, Reaching safepoint: 95852 ns, At safepoint: 11190 ns, Total: 107042 ns
[2020-09-11T18:45:29.806+0000][1][safepoint    ] Safepoint "RevokeBias", Time since last: 339865917 ns, Reaching safepoint: 177762 ns, At safepoint: 28249 ns, Total: 206011 ns
[2020-09-11T18:45:30.807+0000][1][safepoint    ] Safepoint "Cleanup", Time since last: 1000111777 ns, Reaching safepoint: 96301 ns, At safepoint: 10372 ns, Total: 106673 ns
[2020-09-11T18:45:31.807+0000][1][safepoint    ] Safepoint "Cleanup", Time since last: 1000118672 ns, Reaching safepoint: 94299 ns, At safepoint: 10255 ns, Total: 104554 ns
[2020-09-11T18:45:32.807+0000][1][safepoint    ] Safepoint "Cleanup", Time since last: 1000114375 ns, Reaching safepoint: 99708 ns, At safepoint: 11552 ns, Total: 111260 ns
[2020-09-11T18:45:33.807+0000][1][safepoint    ] Safepoint "Cleanup", Time since last: 1000117945 ns, Reaching safepoint: 92883 ns, At safepoint: 10470 ns, Total: 103353 ns
[2020-09-11T18:45:34.808+0000][1][safepoint    ] Safepoint "Cleanup", Time since last: 1000116086 ns, Reaching safepoint: 113346 ns, At safepoint: 11076 ns, Total: 124422 ns
[2020-09-11T18:45:35.097+0000][1][safepoint    ] Safepoint "RevokeBias", Time since last: 288968867 ns, Reaching safepoint: 99283 ns, At safepoint: 26534 ns, Total: 125817 ns
[2020-09-11T18:45:36.097+0000][1][safepoint    ] Safepoint "Cleanup", Time since last: 1000154354 ns, Reaching safepoint: 90982 ns, At safepoint: 10016 ns, Total: 100998 ns
[2020-09-11T18:45:37.097+0000][1][safepoint    ] Safepoint "Cleanup", Time since last: 1000123801 ns, Reaching safepoint: 95544 ns, At safepoint: 11026 ns, Total: 106570 ns
[2020-09-11T18:45:38.097+0000][1][safepoint    ] Safepoint "Cleanup", Time since last: 1000113376 ns, Reaching safepoint: 91096 ns, At safepoint: 10697 ns, Total: 101793 ns
[2020-09-11T18:45:38.441+0000][1][safepoint    ] Safepoint "RevokeBias", Time since last: 342446379 ns, Reaching safepoint: 1003830 ns, At safepoint: 51627 ns, Total: 1055457 ns
[2020-09-11T18:45:38.469+0000][1][gc,start     ] GC(209) Pause Young (Allocation Failure)
[2020-09-11T18:45:38.469+0000][1][gc,task      ] GC(209) Using 1 workers of 1 for evacuation
[2020-09-11T18:45:38.481+0000][1][gc,age       ] GC(209) Desired survivor size 4358144 bytes, new threshold 6 (max threshold 6)
[2020-09-11T18:45:38.481+0000][1][gc,age       ] GC(209) Age table with threshold 6 (max threshold 6)
[2020-09-11T18:45:38.481+0000][1][gc,age       ] GC(209) - age   1:     414680 bytes,     414680 total
[2020-09-11T18:45:38.481+0000][1][gc,age       ] GC(209) - age   2:      39112 bytes,     453792 total
[2020-09-11T18:45:38.481+0000][1][gc,age       ] GC(209) - age   3:      26672 bytes,     480464 total
[2020-09-11T18:45:38.481+0000][1][gc,age       ] GC(209) - age   4:      31984 bytes,     512448 total
[2020-09-11T18:45:38.481+0000][1][gc,age       ] GC(209) - age   5:       1544 bytes,     513992 total
[2020-09-11T18:45:38.481+0000][1][gc,age       ] GC(209) - age   6:        328 bytes,     514320 total
[2020-09-11T18:45:38.481+0000][1][gc,heap      ] GC(209) ParNew: 68825K->801K(76672K)
[2020-09-11T18:45:38.481+0000][1][gc,heap      ] GC(209) CMS: 86475K->86504K(439104K)
[2020-09-11T18:45:38.481+0000][1][gc,metaspace ] GC(209) Metaspace: 99289K->99289K(1140736K)
[2020-09-11T18:45:38.481+0000][1][gc           ] GC(209) Pause Young (Allocation Failure) 151M->85M(503M) 12.058ms
[2020-09-11T18:45:38.481+0000][1][gc,cpu       ] GC(209) User=0.01s Sys=0.00s Real=0.02s
[2020-09-11T18:45:38.487+0000][1][safepoint    ] Safepoint "GenCollectForAllocation", Time since last: 27848389 ns, Reaching safepoint: 195009 ns, At safepoint: 18099064 ns, Total: 18294073 ns
[2020-09-11T18:45:39.493+0000][1][safepoint    ] Safepoint "Cleanup", Time since last: 1005858282 ns, Reaching safepoint: 100093 ns, At safepoint: 10904 ns, Total: 110997 ns
[2020-09-11T18:45:39.850+0000][1][safepoint    ] Safepoint "RevokeBias", Time since last: 356574281 ns, Reaching safepoint: 176053 ns, At safepoint: 29639 ns, Total: 205692 ns
[2020-09-11T18:45:40.850+0000][1][safepoint    ] Safepoint "Cleanup", Time since last: 1000107867 ns, Reaching safepoint: 95242 ns, At safepoint: 9938 ns, Total: 105180 ns
[2020-09-11T18:45:41.850+0000][1][safepoint    ] Safepoint "Cleanup", Time since last: 1000112532 ns, Reaching safepoint: 99266 ns, At safepoint: 10632 ns, Total: 109898 ns
[2020-09-11T18:45:42.850+0000][1][safepoint    ] Safepoint "Cleanup", Time since last: 1000112833 ns, Reaching safepoint: 94978 ns, At safepoint: 9441 ns, Total: 104419 ns
[2020-09-11T18:45:43.851+0000][1][safepoint    ] Safepoint "Cleanup", Time since last: 1000108479 ns, Reaching safepoint: 91396 ns, At safepoint: 10174 ns, Total: 101570 ns
[2020-09-11T18:45:44.851+0000][1][safepoint    ] Safepoint "Cleanup", Time since last: 1000108947 ns, Reaching safepoint: 113421 ns, At safepoint: 9570 ns, Total: 122991 ns
[2020-09-11T18:45:45.065+0000][1][safepoint    ] Safepoint "RevokeBias", Time since last: 213601198 ns, Reaching safepoint: 330324 ns, At safepoint: 25163 ns, Total: 355487 ns
[2020-09-11T18:45:45.575+0000][1][safepoint    ] Safepoint "RevokeBias", Time since last: 510110414 ns, Reaching safepoint: 89018 ns, At safepoint: 25541 ns, Total: 114559 ns
[2020-09-11T18:45:45.575+0000][1][safepoint    ] Safepoint "RevokeBias", Time since last: 113671 ns, Reaching safepoint: 62743 ns, At safepoint: 15674 ns, Total: 78417 ns
[2020-09-11T18:45:46.575+0000][1][safepoint    ] Safepoint "Cleanup", Time since last: 1000096542 ns, Reaching safepoint: 96447 ns, At safepoint: 10695 ns, Total: 107142 ns
[2020-09-11T18:45:47.576+0000][1][safepoint    ] Safepoint "Cleanup", Time since last: 1000132504 ns, Reaching safepoint: 94961 ns, At safepoint: 11481 ns, Total: 106442 ns
[2020-09-11T18:45:48.453+0000][1][safepoint    ] Safepoint "RevokeBias", Time since last: 877113266 ns, Reaching safepoint: 207174 ns, At safepoint: 23059 ns, Total: 230233 ns
[2020-09-11T18:45:49.453+0000][1][safepoint    ] Safepoint "Cleanup", Time since last: 1000107917 ns, Reaching safepoint: 105624 ns, At safepoint: 10390 ns, Total: 116014 ns
[2020-09-11T18:45:49.757+0000][1][safepoint    ] Safepoint "RevokeBias", Time since last: 303055679 ns, Reaching safepoint: 185914 ns, At safepoint: 27580 ns, Total: 213494 ns
[2020-09-11T18:45:49.803+0000][1][safepoint    ] Safepoint "RevokeBias", Time since last: 46150080 ns, Reaching safepoint: 110757 ns, At safepoint: 26073 ns, Total: 136830 ns
[2020-09-11T18:45:49.842+0000][1][safepoint    ] Safepoint "RevokeBias", Time since last: 39504068 ns, Reaching safepoint: 100295 ns, At safepoint: 27950 ns, Total: 128245 ns
[2020-09-11T18:45:50.014+0000][1][safepoint    ] Safepoint "RevokeBias", Time since last: 171302067 ns, Reaching safepoint: 100730 ns, At safepoint: 27340 ns, Total: 128070 ns
[2020-09-11T18:45:50.038+0000][1][safepoint    ] Safepoint "RevokeBias", Time since last: 23656197 ns, Reaching safepoint: 100804 ns, At safepoint: 26233 ns, Total: 127037 ns
[2020-09-11T18:45:50.178+0000][1][safepoint    ] Safepoint "RevokeBias", Time since last: 140642648 ns, Reaching safepoint: 106719 ns, At safepoint: 26541 ns, Total: 133260 ns
[2020-09-11T18:45:51.179+0000][1][safepoint    ] Safepoint "Cleanup", Time since last: 1000108020 ns, Reaching safepoint: 91496 ns, At safepoint: 9777 ns, Total: 101273 ns
[2020-09-11T18:45:52.179+0000][1][safepoint    ] Safepoint "Cleanup", Time since last: 1000115764 ns, Reaching safepoint: 93549 ns, At safepoint: 9969 ns, Total: 103518 ns
[2020-09-11T18:45:53.179+0000][1][safepoint    ] Safepoint "Cleanup", Time since last: 1000113124 ns, Reaching safepoint: 115719 ns, At safepoint: 11952 ns, Total: 127671 ns
[2020-09-11T18:45:54.179+0000][1][safepoint    ] Safepoint "Cleanup", Time since last: 1000111903 ns, Reaching safepoint: 92999 ns, At safepoint: 10118 ns, Total: 103117 ns
[2020-09-11T18:45:55.044+0000][1][safepoint    ] Safepoint "BulkRevokeBias", Time since last: 864072061 ns, Reaching safepoint: 99796 ns, At safepoint: 295935 ns, Total: 395731 ns
[2020-09-11T18:45:56.044+0000][1][safepoint    ] Safepoint "Cleanup", Time since last: 1000115515 ns, Reaching safepoint: 92459 ns, At safepoint: 10872 ns, Total: 103331 ns
[2020-09-11T18:45:57.044+0000][1][safepoint    ] Safepoint "Cleanup", Time since last: 1000330961 ns, Reaching safepoint: 91177 ns, At safepoint: 9256 ns, Total: 100433 ns
[2020-09-11T18:45:58.045+0000][1][safepoint    ] Safepoint "Cleanup", Time since last: 1000120767 ns, Reaching safepoint: 92315 ns, At safepoint: 11233 ns, Total: 103548 ns
[2020-09-11T18:45:58.469+0000][1][gc,start     ] GC(210) Pause Young (Allocation Failure)
[2020-09-11T18:45:58.469+0000][1][gc,task      ] GC(210) Using 1 workers of 1 for evacuation
[2020-09-11T18:45:58.478+0000][1][gc,age       ] GC(210) Desired survivor size 4358144 bytes, new threshold 6 (max threshold 6)
[2020-09-11T18:45:58.479+0000][1][gc,age       ] GC(210) Age table with threshold 6 (max threshold 6)
[2020-09-11T18:45:58.479+0000][1][gc,age       ] GC(210) - age   1:     680880 bytes,     680880 total
[2020-09-11T18:45:58.479+0000][1][gc,age       ] GC(210) - age   2:      58808 bytes,     739688 total
[2020-09-11T18:45:58.479+0000][1][gc,age       ] GC(210) - age   3:      17560 bytes,     757248 total
[2020-09-11T18:45:58.479+0000][1][gc,age       ] GC(210) - age   4:      11320 bytes,     768568 total
[2020-09-11T18:45:58.479+0000][1][gc,age       ] GC(210) - age   5:       1728 bytes,     770296 total
[2020-09-11T18:45:58.479+0000][1][gc,age       ] GC(210) - age   6:       1544 bytes,     771840 total
[2020-09-11T18:45:58.479+0000][1][gc,heap      ] GC(210) ParNew: 68961K->953K(76672K)
[2020-09-11T18:45:58.479+0000][1][gc,heap      ] GC(210) CMS: 86504K->86505K(439104K)
[2020-09-11T18:45:58.479+0000][1][gc,metaspace ] GC(210) Metaspace: 99291K->99291K(1140736K)
[2020-09-11T18:45:58.479+0000][1][gc           ] GC(210) Pause Young (Allocation Failure) 151M->85M(503M) 9.739ms
[2020-09-11T18:45:58.479+0000][1][gc,cpu       ] GC(210) User=0.01s Sys=0.00s Real=0.01s
[2020-09-11T18:45:58.479+0000][1][safepoint    ] Safepoint "GenCollectForAllocation", Time since last: 422703164 ns, Reaching safepoint: 1496073 ns, At safepoint: 9852613 ns, Total: 11348686 ns
[2020-09-11T18:45:58.486+0000][1][safepoint    ] Safepoint "RevokeBias", Time since last: 7448429 ns, Reaching safepoint: 99818 ns, At safepoint: 34768 ns, Total: 134586 ns
[2020-09-11T18:45:59.508+0000][1][safepoint    ] Safepoint "Cleanup", Time since last: 1021259821 ns, Reaching safepoint: 98650 ns, At safepoint: 10156 ns, Total: 108806 ns
[2020-09-11T18:46:00.089+0000][1][safepoint    ] Safepoint "RevokeBias", Time since last: 581367681 ns, Reaching safepoint: 93591 ns, At safepoint: 21337 ns, Total: 114928 ns
[2020-09-11T18:46:00.151+0000][1][safepoint    ] Safepoint "RevokeBias", Time since last: 61452712 ns, Reaching safepoint: 92342 ns, At safepoint: 22534 ns, Total: 114876 ns
[2020-09-11T18:46:00.199+0000][1][safepoint    ] Safepoint "RevokeBias", Time since last: 48437653 ns, Reaching safepoint: 95223 ns, At safepoint: 21047 ns, Total: 116270 ns
[2020-09-11T18:46:00.241+0000][1][safepoint    ] Safepoint "RevokeBias", Time since last: 41852203 ns, Reaching safepoint: 94101 ns, At safepoint: 20884 ns, Total: 114985 ns
[2020-09-11T18:46:00.307+0000][1][safepoint    ] Safepoint "RevokeBias", Time since last: 65460311 ns, Reaching safepoint: 101810 ns, At safepoint: 26639 ns, Total: 128449 ns
[2020-09-11T18:46:00.492+0000][1][safepoint    ] Safepoint "RevokeBias", Time since last: 185156581 ns, Reaching safepoint: 101695 ns, At safepoint: 27644 ns, Total: 129339 ns
[2020-09-11T18:46:01.492+0000][1][safepoint    ] Safepoint "Cleanup", Time since last: 1000110610 ns, Reaching safepoint: 92665 ns, At safepoint: 9316 ns, Total: 101981 ns
[2020-09-11T18:46:02.493+0000][1][safepoint    ] Safepoint "Cleanup", Time since last: 1000110445 ns, Reaching safepoint: 92896 ns, At safepoint: 10343 ns, Total: 103239 ns
[2020-09-11T18:46:03.493+0000][1][safepoint    ] Safepoint "Cleanup", Time since last: 1000115432 ns, Reaching safepoint: 243926 ns, At safepoint: 13833 ns, Total: 257759 ns
[2020-09-11T18:46:04.493+0000][1][safepoint    ] Safepoint "Cleanup", Time since last: 1000112171 ns, Reaching safepoint: 94093 ns, At safepoint: 10189 ns, Total: 104282 ns
[2020-09-11T18:46:05.057+0000][1][safepoint    ] Safepoint "RevokeBias", Time since last: 563698452 ns, Reaching safepoint: 167755 ns, At safepoint: 27642 ns, Total: 195397 ns
[2020-09-11T18:46:06.057+0000][1][safepoint    ] Safepoint "Cleanup", Time since last: 1000112391 ns, Reaching safepoint: 114896 ns, At safepoint: 11074 ns, Total: 125970 ns
[2020-09-11T18:46:07.058+0000][1][safepoint    ] Safepoint "Cleanup", Time since last: 1000104185 ns, Reaching safepoint: 91905 ns, At safepoint: 10246 ns, Total: 102151 ns
[2020-09-11T18:46:08.058+0000][1][safepoint    ] Safepoint "Cleanup", Time since last: 1000111946 ns, Reaching safepoint: 94997 ns, At safepoint: 10033 ns, Total: 105030 ns
[2020-09-11T18:46:08.517+0000][1][safepoint    ] Safepoint "RevokeBias", Time since last: 458698824 ns, Reaching safepoint: 105868 ns, At safepoint: 45703 ns, Total: 151571 ns
[2020-09-11T18:46:09.517+0000][1][safepoint    ] Safepoint "Cleanup", Time since last: 1000107396 ns, Reaching safepoint: 115663 ns, At safepoint: 9962 ns, Total: 125625 ns
[2020-09-11T18:46:10.300+0000][1][safepoint    ] Safepoint "RevokeBias", Time since last: 782721232 ns, Reaching safepoint: 97870 ns, At safepoint: 27235 ns, Total: 125105 ns
[2020-09-11T18:46:10.392+0000][1][safepoint    ] Safepoint "RevokeBias", Time since last: 91812182 ns, Reaching safepoint: 175780 ns, At safepoint: 27310 ns, Total: 203090 ns
[2020-09-11T18:46:10.417+0000][1][safepoint    ] Safepoint "RevokeBias", Time since last: 24772740 ns, Reaching safepoint: 175012 ns, At safepoint: 24720 ns, Total: 199732 ns
[2020-09-11T18:46:10.457+0000][1][safepoint    ] Safepoint "RevokeBias", Time since last: 40337451 ns, Reaching safepoint: 96071 ns, At safepoint: 22584 ns, Total: 118655 ns
[2020-09-11T18:46:10.511+0000][1][safepoint    ] Safepoint "RevokeBias", Time since last: 54276748 ns, Reaching safepoint: 93711 ns, At safepoint: 23272 ns, Total: 116983 ns
[2020-09-11T18:46:10.799+0000][1][safepoint    ] Safepoint "RevokeBias", Time since last: 287284714 ns, Reaching safepoint: 102250 ns, At safepoint: 27751 ns, Total: 130001 ns
[2020-09-11T18:46:11.799+0000][1][safepoint    ] Safepoint "Cleanup", Time since last: 1000110473 ns, Reaching safepoint: 90035 ns, At safepoint: 10666 ns, Total: 100701 ns
[2020-09-11T18:46:12.799+0000][1][safepoint    ] Safepoint "Cleanup", Time since last: 1000114734 ns, Reaching safepoint: 93867 ns, At safepoint: 11377 ns, Total: 105244 ns
[2020-09-11T18:46:13.800+0000][1][safepoint    ] Safepoint "Cleanup", Time since last: 1000112782 ns, Reaching safepoint: 91675 ns, At safepoint: 10320 ns, Total: 101995 ns
[2020-09-11T18:46:14.157+0000][1][gc,start     ] GC(211) Pause Young (Allocation Failure)
[2020-09-11T18:46:14.157+0000][1][gc,task      ] GC(211) Using 1 workers of 1 for evacuation
[2020-09-11T18:46:14.166+0000][1][gc,age       ] GC(211) Desired survivor size 4358144 bytes, new threshold 6 (max threshold 6)
[2020-09-11T18:46:14.166+0000][1][gc,age       ] GC(211) Age table with threshold 6 (max threshold 6)
[2020-09-11T18:46:14.166+0000][1][gc,age       ] GC(211) - age   1:     150224 bytes,     150224 total
[2020-09-11T18:46:14.166+0000][1][gc,age       ] GC(211) - age   2:     400856 bytes,     551080 total
[2020-09-11T18:46:14.166+0000][1][gc,age       ] GC(211) - age   3:      55104 bytes,     606184 total
[2020-09-11T18:46:14.166+0000][1][gc,age       ] GC(211) - age   4:        512 bytes,     606696 total
[2020-09-11T18:46:14.166+0000][1][gc,age       ] GC(211) - age   5:       1616 bytes,     608312 total
[2020-09-11T18:46:14.166+0000][1][gc,age       ] GC(211) - age   6:       1728 bytes,     610040 total
[2020-09-11T18:46:14.166+0000][1][gc,heap      ] GC(211) ParNew: 69113K->684K(76672K)
[2020-09-11T18:46:14.166+0000][1][gc,heap      ] GC(211) CMS: 86505K->86506K(439104K)
[2020-09-11T18:46:14.166+0000][1][gc,metaspace ] GC(211) Metaspace: 99333K->99333K(1140736K)
[2020-09-11T18:46:14.166+0000][1][gc           ] GC(211) Pause Young (Allocation Failure) 151M->85M(503M) 9.321ms
[2020-09-11T18:46:14.166+0000][1][gc,cpu       ] GC(211) User=0.00s Sys=0.00s Real=0.01s
[2020-09-11T18:46:14.166+0000][1][safepoint    ] Safepoint "GenCollectForAllocation", Time since last: 357305286 ns, Reaching safepoint: 163291 ns, At safepoint: 9392973 ns, Total: 9556264 ns
[2020-09-11T18:46:15.054+0000][1][safepoint    ] Safepoint "RevokeBias", Time since last: 887432619 ns, Reaching safepoint: 103480 ns, At safepoint: 40909 ns, Total: 144389 ns
[2020-09-11T18:46:16.056+0000][1][safepoint    ] Safepoint "Cleanup", Time since last: 1001970808 ns, Reaching safepoint: 100049 ns, At safepoint: 12188 ns, Total: 112237 ns
[2020-09-11T18:46:17.056+0000][1][safepoint    ] Safepoint "Cleanup", Time since last: 1000117236 ns, Reaching safepoint: 90868 ns, At safepoint: 11029 ns, Total: 101897 ns
[2020-09-11T18:46:18.057+0000][1][safepoint    ] Safepoint "Cleanup", Time since last: 1000117550 ns, Reaching safepoint: 93053 ns, At safepoint: 10527 ns, Total: 103580 ns
[2020-09-11T18:46:18.444+0000][1][safepoint    ] Safepoint "RevokeBias", Time since last: 387764419 ns, Reaching safepoint: 187171 ns, At safepoint: 23547 ns, Total: 210718 ns
[2020-09-11T18:46:19.445+0000][1][safepoint    ] Safepoint "Cleanup", Time since last: 1000120409 ns, Reaching safepoint: 94637 ns, At safepoint: 11439 ns, Total: 106076 ns
[2020-09-11T18:46:20.445+0000][1][safepoint    ] Safepoint "Cleanup", Time since last: 1000142416 ns, Reaching safepoint: 107583 ns, At safepoint: 18578 ns, Total: 126161 ns
[2020-09-11T18:46:20.570+0000][1][safepoint    ] Safepoint "RevokeBias", Time since last: 124699279 ns, Reaching safepoint: 97805 ns, At safepoint: 22799 ns, Total: 120604 ns
[2020-09-11T18:46:20.645+0000][1][safepoint    ] Safepoint "RevokeBias", Time since last: 75121678 ns, Reaching safepoint: 95575 ns, At safepoint: 23041 ns, Total: 118616 ns
[2020-09-11T18:46:20.689+0000][1][safepoint    ] Safepoint "RevokeBias", Time since last: 43938857 ns, Reaching safepoint: 100903 ns, At safepoint: 22810 ns, Total: 123713 ns
[2020-09-11T18:46:20.755+0000][1][safepoint    ] Safepoint "RevokeBias", Time since last: 65511745 ns, Reaching safepoint: 120593 ns, At safepoint: 28102 ns, Total: 148695 ns
[2020-09-11T18:46:20.864+0000][1][safepoint    ] Safepoint "RevokeBias", Time since last: 109244857 ns, Reaching safepoint: 98211 ns, At safepoint: 23050 ns, Total: 121261 ns
[2020-09-11T18:46:20.993+0000][1][safepoint    ] Safepoint "RevokeBias", Time since last: 128801608 ns, Reaching safepoint: 95138 ns, At safepoint: 23048 ns, Total: 118186 ns
[2020-09-11T18:46:21.993+0000][1][safepoint    ] Safepoint "Cleanup", Time since last: 1000111142 ns, Reaching safepoint: 93077 ns, At safepoint: 11241 ns, Total: 104318 ns
[2020-09-11T18:46:22.993+0000][1][safepoint    ] Safepoint "Cleanup", Time since last: 1000113976 ns, Reaching safepoint: 93628 ns, At safepoint: 10343 ns, Total: 103971 ns
[2020-09-11T18:46:23.994+0000][1][safepoint    ] Safepoint "Cleanup", Time since last: 1000110960 ns, Reaching safepoint: 92832 ns, At safepoint: 10758 ns, Total: 103590 ns
[2020-09-11T18:46:24.994+0000][1][safepoint    ] Safepoint "Cleanup", Time since last: 1000113582 ns, Reaching safepoint: 91610 ns, At safepoint: 11722 ns, Total: 103332 ns
[2020-09-11T18:46:25.068+0000][1][safepoint    ] Safepoint "RevokeBias", Time since last: 73594949 ns, Reaching safepoint: 180771 ns, At safepoint: 28281 ns, Total: 209052 ns
[2020-09-11T18:46:26.068+0000][1][safepoint    ] Safepoint "Cleanup", Time since last: 1000107715 ns, Reaching safepoint: 93811 ns, At safepoint: 10178 ns, Total: 103989 ns
[2020-09-11T18:46:27.068+0000][1][safepoint    ] Safepoint "Cleanup", Time since last: 1000117708 ns, Reaching safepoint: 101955 ns, At safepoint: 9464 ns, Total: 111419 ns
[2020-09-11T18:46:28.068+0000][1][safepoint    ] Safepoint "Cleanup", Time since last: 1000117588 ns, Reaching safepoint: 92714 ns, At safepoint: 9492 ns, Total: 102206 ns
[2020-09-11T18:46:28.489+0000][1][safepoint    ] Safepoint "RevokeBias", Time since last: 419122878 ns, Reaching safepoint: 1369069 ns, At safepoint: 25240 ns, Total: 1394309 ns
[2020-09-11T18:46:29.489+0000][1][safepoint    ] Safepoint "Cleanup", Time since last: 1000108860 ns, Reaching safepoint: 105408 ns, At safepoint: 11062 ns, Total: 116470 ns
[2020-09-11T18:46:30.489+0000][1][safepoint    ] Safepoint "Cleanup", Time since last: 1000124634 ns, Reaching safepoint: 95211 ns, At safepoint: 11455 ns, Total: 106666 ns
[2020-09-11T18:46:30.847+0000][1][safepoint    ] Safepoint "RevokeBias", Time since last: 357408497 ns, Reaching safepoint: 101780 ns, At safepoint: 22936 ns, Total: 124716 ns
[2020-09-11T18:46:30.891+0000][1][safepoint    ] Safepoint "RevokeBias", Time since last: 44127160 ns, Reaching safepoint: 94957 ns, At safepoint: 22672 ns, Total: 117629 ns
[2020-09-11T18:46:30.934+0000][1][safepoint    ] Safepoint "RevokeBias", Time since last: 42512930 ns, Reaching safepoint: 98004 ns, At safepoint: 21788 ns, Total: 119792 ns
[2020-09-11T18:46:30.990+0000][1][safepoint    ] Safepoint "RevokeBias", Time since last: 56053463 ns, Reaching safepoint: 93117 ns, At safepoint: 22805 ns, Total: 115922 ns
[2020-09-11T18:46:31.146+0000][1][safepoint    ] Safepoint "RevokeBias", Time since last: 155697857 ns, Reaching safepoint: 103277 ns, At safepoint: 28874 ns, Total: 132151 ns
[2020-09-11T18:46:31.189+0000][1][gc,start     ] GC(212) Pause Young (Allocation Failure)
[2020-09-11T18:46:31.189+0000][1][gc,task      ] GC(212) Using 1 workers of 1 for evacuation
[2020-09-11T18:46:31.199+0000][1][gc,age       ] GC(212) Desired survivor size 4358144 bytes, new threshold 6 (max threshold 6)
[2020-09-11T18:46:31.199+0000][1][gc,age       ] GC(212) Age table with threshold 6 (max threshold 6)
[2020-09-11T18:46:31.199+0000][1][gc,age       ] GC(212) - age   1:     101880 bytes,     101880 total
[2020-09-11T18:46:31.199+0000][1][gc,age       ] GC(212) - age   2:      97880 bytes,     199760 total
[2020-09-11T18:46:31.199+0000][1][gc,age       ] GC(212) - age   3:     380520 bytes,     580280 total
[2020-09-11T18:46:31.199+0000][1][gc,age       ] GC(212) - age   4:      33168 bytes,     613448 total
[2020-09-11T18:46:31.199+0000][1][gc,age       ] GC(212) - age   5:        480 bytes,     613928 total
[2020-09-11T18:46:31.199+0000][1][gc,age       ] GC(212) - age   6:       1616 bytes,     615544 total
[2020-09-11T18:46:31.199+0000][1][gc,heap      ] GC(212) ParNew: 68844K->617K(76672K)
[2020-09-11T18:46:31.199+0000][1][gc,heap      ] GC(212) CMS: 86506K->86508K(439104K)
[2020-09-11T18:46:31.199+0000][1][gc,metaspace ] GC(212) Metaspace: 99345K->99345K(1140736K)
[2020-09-11T18:46:31.199+0000][1][gc           ] GC(212) Pause Young (Allocation Failure) 151M->85M(503M) 9.658ms
[2020-09-11T18:46:31.199+0000][1][gc,cpu       ] GC(212) User=0.00s Sys=0.00s Real=0.01s
[2020-09-11T18:46:31.199+0000][1][safepoint    ] Safepoint "GenCollectForAllocation", Time since last: 43367183 ns, Reaching safepoint: 118964 ns, At safepoint: 9733670 ns, Total: 9852634 ns
[2020-09-11T18:46:31.353+0000][1][safepoint    ] Safepoint "RevokeBias", Time since last: 153577403 ns, Reaching safepoint: 100812 ns, At safepoint: 39012 ns, Total: 139824 ns
[2020-09-11T18:46:32.356+0000][1][safepoint    ] Safepoint "Cleanup", Time since last: 1003260488 ns, Reaching safepoint: 93042 ns, At safepoint: 27360 ns, Total: 120402 ns
[2020-09-11T18:46:33.356+0000][1][safepoint    ] Safepoint "Cleanup", Time since last: 1000117382 ns, Reaching safepoint: 100377 ns, At safepoint: 26575 ns, Total: 126952 ns
[2020-09-11T18:46:34.357+0000][1][safepoint    ] Safepoint "Cleanup", Time since last: 1000116910 ns, Reaching safepoint: 93409 ns, At safepoint: 10217 ns, Total: 103626 ns
[2020-09-11T18:46:35.083+0000][1][safepoint    ] Safepoint "RevokeBias", Time since last: 726438341 ns, Reaching safepoint: 99955 ns, At safepoint: 27436 ns, Total: 127391 ns
[2020-09-11T18:46:36.083+0000][1][safepoint    ] Safepoint "Cleanup", Time since last: 1000112044 ns, Reaching safepoint: 103803 ns, At safepoint: 11788 ns, Total: 115591 ns
[2020-09-11T18:46:37.084+0000][1][safepoint    ] Safepoint "Cleanup", Time since last: 1000117917 ns, Reaching safepoint: 115417 ns, At safepoint: 10954 ns, Total: 126371 ns
[2020-09-11T18:46:38.084+0000][1][safepoint    ] Safepoint "Cleanup", Time since last: 1000105097 ns, Reaching safepoint: 95374 ns, At safepoint: 10000 ns, Total: 105374 ns
[2020-09-11T18:46:38.456+0000][1][safepoint    ] Safepoint "RevokeBias", Time since last: 371742840 ns, Reaching safepoint: 187138 ns, At safepoint: 43257 ns, Total: 230395 ns
[2020-09-11T18:46:39.456+0000][1][safepoint    ] Safepoint "Cleanup", Time since last: 1000105206 ns, Reaching safepoint: 92130 ns, At safepoint: 10423 ns, Total: 102553 ns
[2020-09-11T18:46:40.456+0000][1][safepoint    ] Safepoint "Cleanup", Time since last: 1000113120 ns, Reaching safepoint: 92133 ns, At safepoint: 10298 ns, Total: 102431 ns
[2020-09-11T18:46:41.081+0000][1][safepoint    ] Safepoint "RevokeBias", Time since last: 624796895 ns, Reaching safepoint: 176577 ns, At safepoint: 26393 ns, Total: 202970 ns
[2020-09-11T18:46:41.221+0000][1][safepoint    ] Safepoint "RevokeBias", Time since last: 140171357 ns, Reaching safepoint: 101151 ns, At safepoint: 28360 ns, Total: 129511 ns
[2020-09-11T18:46:41.308+0000][1][safepoint    ] Safepoint "RevokeBias", Time since last: 86556313 ns, Reaching safepoint: 173497 ns, At safepoint: 24785 ns, Total: 198282 ns
[2020-09-11T18:46:41.431+0000][1][safepoint    ] Safepoint "RevokeBias", Time since last: 122459564 ns, Reaching safepoint: 101206 ns, At safepoint: 27232 ns, Total: 128438 ns
[2020-09-11T18:46:41.459+0000][1][safepoint    ] Safepoint "RevokeBias", Time since last: 27531829 ns, Reaching safepoint: 170504 ns, At safepoint: 24310 ns, Total: 194814 ns
[2020-09-11T18:46:41.671+0000][1][safepoint    ] Safepoint "BulkRevokeBias", Time since last: 212355542 ns, Reaching safepoint: 100851 ns, At safepoint: 414222 ns, Total: 515073 ns
[2020-09-11T18:46:42.672+0000][1][safepoint    ] Safepoint "Cleanup", Time since last: 1000108861 ns, Reaching safepoint: 95360 ns, At safepoint: 10879 ns, Total: 106239 ns
[2020-09-11T18:46:43.672+0000][1][safepoint    ] Safepoint "Cleanup", Time since last: 1000116279 ns, Reaching safepoint: 94808 ns, At safepoint: 11147 ns, Total: 105955 ns
[2020-09-11T18:46:44.672+0000][1][safepoint    ] Safepoint "Cleanup", Time since last: 1000115764 ns, Reaching safepoint: 92926 ns, At safepoint: 10039 ns, Total: 102965 ns
[2020-09-11T18:46:45.060+0000][1][safepoint    ] Safepoint "RevokeBias", Time since last: 387960279 ns, Reaching safepoint: 101239 ns, At safepoint: 27374 ns, Total: 128613 ns
[2020-09-11T18:46:46.060+0000][1][safepoint    ] Safepoint "Cleanup", Time since last: 1000113662 ns, Reaching safepoint: 95255 ns, At safepoint: 11991 ns, Total: 107246 ns
[2020-09-11T18:46:47.061+0000][1][safepoint    ] Safepoint "Cleanup", Time since last: 1000119935 ns, Reaching safepoint: 105823 ns, At safepoint: 12338 ns, Total: 118161 ns
[2020-09-11T18:46:48.061+0000][1][safepoint    ] Safepoint "Cleanup", Time since last: 1000146187 ns, Reaching safepoint: 93898 ns, At safepoint: 11009 ns, Total: 104907 ns
[2020-09-11T18:46:48.445+0000][1][safepoint    ] Safepoint "RevokeBias", Time since last: 380595854 ns, Reaching safepoint: 3395381 ns, At safepoint: 30839 ns, Total: 3426220 ns
[2020-09-11T18:46:49.209+0000][1][gc,start     ] GC(213) Pause Young (Allocation Failure)
[2020-09-11T18:46:49.209+0000][1][gc,task      ] GC(213) Using 1 workers of 1 for evacuation
[2020-09-11T18:46:49.218+0000][1][gc,age       ] GC(213) Desired survivor size 4358144 bytes, new threshold 6 (max threshold 6)
[2020-09-11T18:46:49.218+0000][1][gc,age       ] GC(213) Age table with threshold 6 (max threshold 6)
[2020-09-11T18:46:49.218+0000][1][gc,age       ] GC(213) - age   1:      98864 bytes,      98864 total
[2020-09-11T18:46:49.218+0000][1][gc,age       ] GC(213) - age   2:      32184 bytes,     131048 total
[2020-09-11T18:46:49.218+0000][1][gc,age       ] GC(213) - age   3:      80168 bytes,     211216 total
[2020-09-11T18:46:49.218+0000][1][gc,age       ] GC(213) - age   4:     380520 bytes,     591736 total
[2020-09-11T18:46:49.218+0000][1][gc,age       ] GC(213) - age   5:      24648 bytes,     616384 total
[2020-09-11T18:46:49.218+0000][1][gc,age       ] GC(213) - age   6:        480 bytes,     616864 total
[2020-09-11T18:46:49.218+0000][1][gc,heap      ] GC(213) ParNew: 68777K->605K(76672K)
[2020-09-11T18:46:49.218+0000][1][gc,heap      ] GC(213) CMS: 86508K->86509K(439104K)
[2020-09-11T18:46:49.218+0000][1][gc,metaspace ] GC(213) Metaspace: 99345K->99345K(1140736K)
[2020-09-11T18:46:49.218+0000][1][gc           ] GC(213) Pause Young (Allocation Failure) 151M->85M(503M) 9.439ms
[2020-09-11T18:46:49.218+0000][1][gc,cpu       ] GC(213) User=0.00s Sys=0.00s Real=0.01s
[2020-09-11T18:46:49.218+0000][1][safepoint    ] Safepoint "GenCollectForAllocation", Time since last: 760690783 ns, Reaching safepoint: 3251256 ns, At safepoint: 9512940 ns, Total: 12764196 ns
[2020-09-11T18:46:50.220+0000][1][safepoint    ] Safepoint "Cleanup", Time since last: 1001820372 ns, Reaching safepoint: 84818 ns, At safepoint: 18293 ns, Total: 103111 ns
[2020-09-11T18:46:51.221+0000][1][safepoint    ] Safepoint "Cleanup", Time since last: 1000141292 ns, Reaching safepoint: 88767 ns, At safepoint: 18778 ns, Total: 107545 ns
[2020-09-11T18:46:51.572+0000][1][safepoint    ] Safepoint "RevokeBias", Time since last: 351351636 ns, Reaching safepoint: 100129 ns, At safepoint: 39918 ns, Total: 140047 ns
[2020-09-11T18:46:51.689+0000][1][safepoint    ] Safepoint "RevokeBias", Time since last: 116701474 ns, Reaching safepoint: 132595 ns, At safepoint: 27824 ns, Total: 160419 ns
[2020-09-11T18:46:51.722+0000][1][safepoint    ] Safepoint "RevokeBias", Time since last: 33184031 ns, Reaching safepoint: 100102 ns, At safepoint: 27691 ns, Total: 127793 ns
[2020-09-11T18:46:51.772+0000][1][safepoint    ] Safepoint "RevokeBias", Time since last: 49550641 ns, Reaching safepoint: 102051 ns, At safepoint: 26982 ns, Total: 129033 ns
[2020-09-11T18:46:51.832+0000][1][safepoint    ] Safepoint "RevokeBias", Time since last: 59997066 ns, Reaching safepoint: 103668 ns, At safepoint: 26707 ns, Total: 130375 ns
[2020-09-11T18:46:52.028+0000][1][safepoint    ] Safepoint "RevokeBias", Time since last: 195554070 ns, Reaching safepoint: 181650 ns, At safepoint: 28391 ns, Total: 210041 ns
[2020-09-11T18:46:53.028+0000][1][safepoint    ] Safepoint "Cleanup", Time since last: 1000125468 ns, Reaching safepoint: 91977 ns, At safepoint: 10642 ns, Total: 102619 ns
[2020-09-11T18:46:54.028+0000][1][safepoint    ] Safepoint "Cleanup", Time since last: 1000120193 ns, Reaching safepoint: 97436 ns, At safepoint: 11674 ns, Total: 109110 ns
[2020-09-11T18:46:55.028+0000][1][safepoint    ] Safepoint "Cleanup", Time since last: 1000108424 ns, Reaching safepoint: 91474 ns, At safepoint: 9676 ns, Total: 101150 ns
[2020-09-11T18:46:55.112+0000][1][safepoint    ] Safepoint "RevokeBias", Time since last: 83434368 ns, Reaching safepoint: 179497 ns, At safepoint: 29423 ns, Total: 208920 ns
[2020-09-11T18:46:56.112+0000][1][safepoint    ] Safepoint "Cleanup", Time since last: 1000122691 ns, Reaching safepoint: 97057 ns, At safepoint: 11193 ns, Total: 108250 ns
[2020-09-11T18:46:57.113+0000][1][safepoint    ] Safepoint "Cleanup", Time since last: 1000389443 ns, Reaching safepoint: 126574 ns, At safepoint: 9676 ns, Total: 136250 ns
[2020-09-11T18:46:58.113+0000][1][safepoint    ] Safepoint "Cleanup", Time since last: 1000122014 ns, Reaching safepoint: 94734 ns, At safepoint: 11021 ns, Total: 105755 ns
[2020-09-11T18:46:58.465+0000][1][safepoint    ] Safepoint "RevokeBias", Time since last: 347771150 ns, Reaching safepoint: 3878292 ns, At safepoint: 59018 ns, Total: 3937310 ns
[2020-09-11T18:46:59.465+0000][1][safepoint    ] Safepoint "Cleanup", Time since last: 1000112648 ns, Reaching safepoint: 113820 ns, At safepoint: 12871 ns, Total: 126691 ns
[2020-09-11T18:47:00.465+0000][1][safepoint    ] Safepoint "Cleanup", Time since last: 1000112823 ns, Reaching safepoint: 94020 ns, At safepoint: 9535 ns, Total: 103555 ns
[2020-09-11T18:47:01.465+0000][1][safepoint    ] Safepoint "Cleanup", Time since last: 1000111310 ns, Reaching safepoint: 96054 ns, At safepoint: 10602 ns, Total: 106656 ns
[2020-09-11T18:47:01.842+0000][1][safepoint    ] Safepoint "RevokeBias", Time since last: 376793504 ns, Reaching safepoint: 90355 ns, At safepoint: 19022 ns, Total: 109377 ns
[2020-09-11T18:47:01.964+0000][1][safepoint    ] Safepoint "RevokeBias", Time since last: 121986686 ns, Reaching safepoint: 99729 ns, At safepoint: 28425 ns, Total: 128154 ns
[2020-09-11T18:47:02.024+0000][1][safepoint    ] Safepoint "RevokeBias", Time since last: 59819428 ns, Reaching safepoint: 104058 ns, At safepoint: 28457 ns, Total: 132515 ns
[2020-09-11T18:47:02.056+0000][1][safepoint    ] Safepoint "RevokeBias", Time since last: 31346349 ns, Reaching safepoint: 102559 ns, At safepoint: 27862 ns, Total: 130421 ns
[2020-09-11T18:47:02.154+0000][1][safepoint    ] Safepoint "RevokeBias", Time since last: 97783506 ns, Reaching safepoint: 99715 ns, At safepoint: 26985 ns, Total: 126700 ns
[2020-09-11T18:47:02.490+0000][1][safepoint    ] Safepoint "RevokeBias", Time since last: 335933751 ns, Reaching safepoint: 103392 ns, At safepoint: 28211 ns, Total: 131603 ns
[2020-09-11T18:47:03.490+0000][1][safepoint    ] Safepoint "Cleanup", Time since last: 1000108931 ns, Reaching safepoint: 92003 ns, At safepoint: 10329 ns, Total: 102332 ns
[2020-09-11T18:47:04.490+0000][1][safepoint    ] Safepoint "Cleanup", Time since last: 1000143223 ns, Reaching safepoint: 95713 ns, At safepoint: 10398 ns, Total: 106111 ns
[2020-09-11T18:47:05.099+0000][1][safepoint    ] Safepoint "RevokeBias", Time since last: 608425547 ns, Reaching safepoint: 178092 ns, At safepoint: 26843 ns, Total: 204935 ns
[2020-09-11T18:47:06.099+0000][1][safepoint    ] Safepoint "Cleanup", Time since last: 1000125494 ns, Reaching safepoint: 115621 ns, At safepoint: 11290 ns, Total: 126911 ns
[2020-09-11T18:47:07.099+0000][1][safepoint    ] Safepoint "Cleanup", Time since last: 1000113680 ns, Reaching safepoint: 96047 ns, At safepoint: 10017 ns, Total: 106064 ns
[2020-09-11T18:47:08.100+0000][1][safepoint    ] Safepoint "Cleanup", Time since last: 1000117143 ns, Reaching safepoint: 112315 ns, At safepoint: 10633 ns, Total: 122948 ns
[2020-09-11T18:47:08.467+0000][1][safepoint    ] Safepoint "RevokeBias", Time since last: 366856334 ns, Reaching safepoint: 247972 ns, At safepoint: 261749 ns, Total: 509721 ns
[2020-09-11T18:47:08.735+0000][1][gc,start     ] GC(214) Pause Young (Allocation Failure)
[2020-09-11T18:47:08.735+0000][1][gc,task      ] GC(214) Using 1 workers of 1 for evacuation
[2020-09-11T18:47:08.740+0000][1][gc,age       ] GC(214) Desired survivor size 4358144 bytes, new threshold 6 (max threshold 6)
[2020-09-11T18:47:08.740+0000][1][gc,age       ] GC(214) Age table with threshold 6 (max threshold 6)
[2020-09-11T18:47:08.740+0000][1][gc,age       ] GC(214) - age   1:     118720 bytes,     118720 total
[2020-09-11T18:47:08.740+0000][1][gc,age       ] GC(214) - age   2:      44736 bytes,     163456 total
[2020-09-11T18:47:08.740+0000][1][gc,age       ] GC(214) - age   3:      27536 bytes,     190992 total
[2020-09-11T18:47:08.740+0000][1][gc,age       ] GC(214) - age   4:      79704 bytes,     270696 total
[2020-09-11T18:47:08.740+0000][1][gc,age       ] GC(214) - age   5:     353864 bytes,     624560 total
[2020-09-11T18:47:08.740+0000][1][gc,age       ] GC(214) - age   6:       1552 bytes,     626112 total
[2020-09-11T18:47:08.740+0000][1][gc,heap      ] GC(214) ParNew: 68765K->1206K(76672K)
[2020-09-11T18:47:08.740+0000][1][gc,heap      ] GC(214) CMS: 86509K->86510K(439104K)
[2020-09-11T18:47:08.740+0000][1][gc,metaspace ] GC(214) Metaspace: 99373K->99373K(1140736K)
[2020-09-11T18:47:08.740+0000][1][gc           ] GC(214) Pause Young (Allocation Failure) 151M->85M(503M) 5.102ms
[2020-09-11T18:47:08.740+0000][1][gc,cpu       ] GC(214) User=0.01s Sys=0.00s Real=0.00s
[2020-09-11T18:47:08.744+0000][1][safepoint    ] Safepoint "GenCollectForAllocation", Time since last: 267774675 ns, Reaching safepoint: 89303 ns, At safepoint: 9556314 ns, Total: 9645617 ns
[2020-09-11T18:47:09.745+0000][1][safepoint    ] Safepoint "Cleanup", Time since last: 1000228142 ns, Reaching safepoint: 107361 ns, At safepoint: 21330 ns, Total: 128691 ns
[2020-09-11T18:47:10.745+0000][1][safepoint    ] Safepoint "Cleanup", Time since last: 1000107080 ns, Reaching safepoint: 95587 ns, At safepoint: 21162 ns, Total: 116749 ns
[2020-09-11T18:47:11.745+0000][1][safepoint    ] Safepoint "Cleanup", Time since last: 1000103438 ns, Reaching safepoint: 91286 ns, At safepoint: 9634 ns, Total: 100920 ns
[2020-09-11T18:47:12.129+0000][1][safepoint    ] Safepoint "RevokeBias", Time since last: 383697098 ns, Reaching safepoint: 103050 ns, At safepoint: 29010 ns, Total: 132060 ns
[2020-09-11T18:47:12.165+0000][1][safepoint    ] Safepoint "RevokeBias", Time since last: 35844940 ns, Reaching safepoint: 116199 ns, At safepoint: 27766 ns, Total: 143965 ns
[2020-09-11T18:47:12.193+0000][1][safepoint    ] Safepoint "RevokeBias", Time since last: 27341127 ns, Reaching safepoint: 178965 ns, At safepoint: 27561 ns, Total: 206526 ns
[2020-09-11T18:47:12.289+0000][1][safepoint    ] Safepoint "RevokeBias", Time since last: 96030745 ns, Reaching safepoint: 127124 ns, At safepoint: 27111 ns, Total: 154235 ns
[2020-09-11T18:47:12.324+0000][1][safepoint    ] Safepoint "RevokeBias", Time since last: 34797554 ns, Reaching safepoint: 105841 ns, At safepoint: 27410 ns, Total: 133251 ns
[2020-09-11T18:47:12.452+0000][1][safepoint    ] Safepoint "RevokeBias", Time since last: 128512235 ns, Reaching safepoint: 111251 ns, At safepoint: 27949 ns, Total: 139200 ns
[2020-09-11T18:47:13.453+0000][1][safepoint    ] Safepoint "Cleanup", Time since last: 1000130697 ns, Reaching safepoint: 95035 ns, At safepoint: 11491 ns, Total: 106526 ns
[2020-09-11T18:47:14.453+0000][1][safepoint    ] Safepoint "Cleanup", Time since last: 1000118837 ns, Reaching safepoint: 112562 ns, At safepoint: 10526 ns, Total: 123088 ns
[2020-09-11T18:47:15.064+0000][1][safepoint    ] Safepoint "RevokeBias", Time since last: 611086648 ns, Reaching safepoint: 177408 ns, At safepoint: 24904 ns, Total: 202312 ns
[2020-09-11T18:47:16.064+0000][1][safepoint    ] Safepoint "Cleanup", Time since last: 1000112658 ns, Reaching safepoint: 95054 ns, At safepoint: 10713 ns, Total: 105767 ns
[2020-09-11T18:47:17.065+0000][1][safepoint    ] Safepoint "Cleanup", Time since last: 1000118266 ns, Reaching safepoint: 95264 ns, At safepoint: 10376 ns, Total: 105640 ns
[2020-09-11T18:47:18.065+0000][1][safepoint    ] Safepoint "Cleanup", Time since last: 1000118833 ns, Reaching safepoint: 113123 ns, At safepoint: 11115 ns, Total: 124238 ns
[2020-09-11T18:47:18.443+0000][1][safepoint    ] Safepoint "RevokeBias", Time since last: 376039906 ns, Reaching safepoint: 1887169 ns, At safepoint: 25050 ns, Total: 1912219 ns
[2020-09-11T18:47:19.443+0000][1][safepoint    ] Safepoint "Cleanup", Time since last: 1000112035 ns, Reaching safepoint: 93816 ns, At safepoint: 10166 ns, Total: 103982 ns
[2020-09-11T18:47:20.443+0000][1][safepoint    ] Safepoint "Cleanup", Time since last: 1000114069 ns, Reaching safepoint: 93498 ns, At safepoint: 10854 ns, Total: 104352 ns
[2020-09-11T18:47:21.443+0000][1][safepoint    ] Safepoint "Cleanup", Time since last: 1000116480 ns, Reaching safepoint: 114967 ns, At safepoint: 11921 ns, Total: 126888 ns
[2020-09-11T18:47:22.367+0000][1][safepoint    ] Safepoint "RevokeBias", Time since last: 923363128 ns, Reaching safepoint: 97895 ns, At safepoint: 22121 ns, Total: 120016 ns
[2020-09-11T18:47:22.429+0000][1][safepoint    ] Safepoint "RevokeBias", Time since last: 61774684 ns, Reaching safepoint: 120029 ns, At safepoint: 22269 ns, Total: 142298 ns
[2020-09-11T18:47:22.486+0000][1][safepoint    ] Safepoint "RevokeBias", Time since last: 57360443 ns, Reaching safepoint: 96072 ns, At safepoint: 21535 ns, Total: 117607 ns
[2020-09-11T18:47:22.541+0000][1][safepoint    ] Safepoint "RevokeBias", Time since last: 54121942 ns, Reaching safepoint: 172630 ns, At safepoint: 24022 ns, Total: 196652 ns
[2020-09-11T18:47:22.581+0000][1][safepoint    ] Safepoint "RevokeBias", Time since last: 40486186 ns, Reaching safepoint: 97960 ns, At safepoint: 22593 ns, Total: 120553 ns
[2020-09-11T18:47:22.721+0000][1][safepoint    ] Safepoint "RevokeBias", Time since last: 139551403 ns, Reaching safepoint: 94587 ns, At safepoint: 23252 ns, Total: 117839 ns
[2020-09-11T18:47:23.721+0000][1][safepoint    ] Safepoint "Cleanup", Time since last: 1000104611 ns, Reaching safepoint: 93908 ns, At safepoint: 10960 ns, Total: 104868 ns
[2020-09-11T18:47:24.721+0000][1][safepoint    ] Safepoint "Cleanup", Time since last: 1000115575 ns, Reaching safepoint: 95069 ns, At safepoint: 10293 ns, Total: 105362 ns
[2020-09-11T18:47:25.084+0000][1][safepoint    ] Safepoint "RevokeBias", Time since last: 362691411 ns, Reaching safepoint: 180536 ns, At safepoint: 28748 ns, Total: 209284 ns
[2020-09-11T18:47:26.084+0000][1][safepoint    ] Safepoint "Cleanup", Time since last: 1000115964 ns, Reaching safepoint: 95797 ns, At safepoint: 9881 ns, Total: 105678 ns
[2020-09-11T18:47:27.085+0000][1][safepoint    ] Safepoint "Cleanup", Time since last: 1000119987 ns, Reaching safepoint: 93672 ns, At safepoint: 10287 ns, Total: 103959 ns
[2020-09-11T18:47:28.085+0000][1][safepoint    ] Safepoint "Cleanup", Time since last: 1000162837 ns, Reaching safepoint: 97086 ns, At safepoint: 10271 ns, Total: 107357 ns
[2020-09-11T18:47:28.475+0000][1][safepoint    ] Safepoint "RevokeBias", Time since last: 389505792 ns, Reaching safepoint: 226859 ns, At safepoint: 237247 ns, Total: 464106 ns
[2020-09-11T18:47:28.496+0000][1][gc,start     ] GC(215) Pause Young (Allocation Failure)
[2020-09-11T18:47:28.496+0000][1][gc,task      ] GC(215) Using 1 workers of 1 for evacuation
[2020-09-11T18:47:28.510+0000][1][gc,age       ] GC(215) Desired survivor size 4358144 bytes, new threshold 6 (max threshold 6)
[2020-09-11T18:47:28.510+0000][1][gc,age       ] GC(215) Age table with threshold 6 (max threshold 6)
[2020-09-11T18:47:28.510+0000][1][gc,age       ] GC(215) - age   1:     368992 bytes,     368992 total
[2020-09-11T18:47:28.510+0000][1][gc,age       ] GC(215) - age   2:      61624 bytes,     430616 total
[2020-09-11T18:47:28.510+0000][1][gc,age       ] GC(215) - age   3:      27096 bytes,     457712 total
[2020-09-11T18:47:28.510+0000][1][gc,age       ] GC(215) - age   4:      27536 bytes,     485248 total
[2020-09-11T18:47:28.510+0000][1][gc,age       ] GC(215) - age   5:      49760 bytes,     535008 total
[2020-09-11T18:47:28.510+0000][1][gc,age       ] GC(215) - age   6:     327440 bytes,     862448 total
[2020-09-11T18:47:28.510+0000][1][gc,heap      ] GC(215) ParNew: 69366K->1140K(76672K)
[2020-09-11T18:47:28.510+0000][1][gc,heap      ] GC(215) CMS: 86510K->86511K(439104K)
[2020-09-11T18:47:28.510+0000][1][gc,metaspace ] GC(215) Metaspace: 99389K->99389K(1140736K)
[2020-09-11T18:47:28.510+0000][1][gc           ] GC(215) Pause Young (Allocation Failure) 152M->85M(503M) 14.019ms
[2020-09-11T18:47:28.510+0000][1][gc,cpu       ] GC(215) User=0.01s Sys=0.00s Real=0.01s
[2020-09-11T18:47:28.510+0000][1][safepoint    ] Safepoint "GenCollectForAllocation", Time since last: 20533987 ns, Reaching safepoint: 169271 ns, At safepoint: 14095529 ns, Total: 14264800 ns
[2020-09-11T18:47:29.533+0000][1][safepoint    ] Safepoint "Cleanup", Time since last: 1022924244 ns, Reaching safepoint: 114902 ns, At safepoint: 9633 ns, Total: 124535 ns
[2020-09-11T18:47:30.533+0000][1][safepoint    ] Safepoint "Cleanup", Time since last: 1000113701 ns, Reaching safepoint: 99550 ns, At safepoint: 10418 ns, Total: 109968 ns
[2020-09-11T18:47:31.533+0000][1][safepoint    ] Safepoint "Cleanup", Time since last: 1000112188 ns, Reaching safepoint: 93119 ns, At safepoint: 10356 ns, Total: 103475 ns
[2020-09-11T18:47:32.533+0000][1][safepoint    ] Safepoint "Cleanup", Time since last: 1000115361 ns, Reaching safepoint: 94462 ns, At safepoint: 10792 ns, Total: 105254 ns
[2020-09-11T18:47:32.627+0000][1][safepoint    ] Safepoint "RevokeBias", Time since last: 93735897 ns, Reaching safepoint: 176359 ns, At safepoint: 28494 ns, Total: 204853 ns
[2020-09-11T18:47:32.688+0000][1][safepoint    ] Safepoint "RevokeBias", Time since last: 59980542 ns, Reaching safepoint: 180128 ns, At safepoint: 28823 ns, Total: 208951 ns
[2020-09-11T18:47:32.827+0000][1][safepoint    ] Safepoint "RevokeBias", Time since last: 139578487 ns, Reaching safepoint: 98065 ns, At safepoint: 26513 ns, Total: 124578 ns
[2020-09-11T18:47:32.863+0000][1][safepoint    ] Safepoint "RevokeBias", Time since last: 35740668 ns, Reaching safepoint: 95232 ns, At safepoint: 22293 ns, Total: 117525 ns
[2020-09-11T18:47:32.899+0000][1][safepoint    ] Safepoint "RevokeBias", Time since last: 35584615 ns, Reaching safepoint: 92391 ns, At safepoint: 21570 ns, Total: 113961 ns
[2020-09-11T18:47:33.043+0000][1][safepoint    ] Safepoint "BulkRevokeBias", Time since last: 143668428 ns, Reaching safepoint: 93399 ns, At safepoint: 254312 ns, Total: 347711 ns
[2020-09-11T18:47:34.043+0000][1][safepoint    ] Safepoint "Cleanup", Time since last: 1000111779 ns, Reaching safepoint: 86066 ns, At safepoint: 9355 ns, Total: 95421 ns
[2020-09-11T18:47:35.045+0000][1][safepoint    ] Safepoint "Cleanup", Time since last: 1001566867 ns, Reaching safepoint: 124432 ns, At safepoint: 10170 ns, Total: 134602 ns
[2020-09-11T18:47:35.100+0000][1][safepoint    ] Safepoint "RevokeBias", Time since last: 55290805 ns, Reaching safepoint: 98739 ns, At safepoint: 26261 ns, Total: 125000 ns
[2020-09-11T18:47:36.100+0000][1][safepoint    ] Safepoint "Cleanup", Time since last: 1000108408 ns, Reaching safepoint: 91229 ns, At safepoint: 10825 ns, Total: 102054 ns
[2020-09-11T18:47:37.101+0000][1][safepoint    ] Safepoint "Cleanup", Time since last: 1000118444 ns, Reaching safepoint: 96895 ns, At safepoint: 11309 ns, Total: 108204 ns
[2020-09-11T18:47:38.101+0000][1][safepoint    ] Safepoint "Cleanup", Time since last: 1000213525 ns, Reaching safepoint: 93233 ns, At safepoint: 10381 ns, Total: 103614 ns
[2020-09-11T18:47:38.467+0000][1][safepoint    ] Safepoint "RevokeBias", Time since last: 365920090 ns, Reaching safepoint: 193243 ns, At safepoint: 32555 ns, Total: 225798 ns
[2020-09-11T18:47:39.861+0000][1][safepoint    ] Safepoint "Cleanup", Time since last: 1393742425 ns, Reaching safepoint: 113892 ns, At safepoint: 10616 ns, Total: 124508 ns
[2020-09-11T18:47:40.861+0000][1][safepoint    ] Safepoint "Cleanup", Time since last: 1000114618 ns, Reaching safepoint: 95311 ns, At safepoint: 9379 ns, Total: 104690 ns
[2020-09-11T18:47:41.861+0000][1][safepoint    ] Safepoint "Cleanup", Time since last: 1000112746 ns, Reaching safepoint: 93545 ns, At safepoint: 10316 ns, Total: 103861 ns
[2020-09-11T18:47:42.862+0000][1][safepoint    ] Safepoint "Cleanup", Time since last: 1000114302 ns, Reaching safepoint: 93013 ns, At safepoint: 10835 ns, Total: 103848 ns
[2020-09-11T18:47:42.978+0000][1][safepoint    ] Safepoint "RevokeBias", Time since last: 116444847 ns, Reaching safepoint: 179532 ns, At safepoint: 45491 ns, Total: 225023 ns
[2020-09-11T18:47:43.025+0000][1][safepoint    ] Safepoint "RevokeBias", Time since last: 46454140 ns, Reaching safepoint: 121222 ns, At safepoint: 23009 ns, Total: 144231 ns
[2020-09-11T18:47:43.059+0000][1][safepoint    ] Safepoint "RevokeBias", Time since last: 33688628 ns, Reaching safepoint: 97575 ns, At safepoint: 23272 ns, Total: 120847 ns
[2020-09-11T18:47:43.084+0000][1][safepoint    ] Safepoint "RevokeBias", Time since last: 24848689 ns, Reaching safepoint: 107072 ns, At safepoint: 22398 ns, Total: 129470 ns
[2020-09-11T18:47:43.164+0000][1][safepoint    ] Safepoint "RevokeBias", Time since last: 80675278 ns, Reaching safepoint: 98917 ns, At safepoint: 29390 ns, Total: 128307 ns
[2020-09-11T18:47:43.492+0000][1][safepoint    ] Safepoint "RevokeBias", Time since last: 327034336 ns, Reaching safepoint: 99309 ns, At safepoint: 27281 ns, Total: 126590 ns
[2020-09-11T18:47:44.492+0000][1][safepoint    ] Safepoint "Cleanup", Time since last: 1000115605 ns, Reaching safepoint: 95078 ns, At safepoint: 10628 ns, Total: 105706 ns
[2020-09-11T18:47:45.060+0000][1][safepoint    ] Safepoint "RevokeBias", Time since last: 568322306 ns, Reaching safepoint: 182665 ns, At safepoint: 28426 ns, Total: 211091 ns
[2020-09-11T18:47:46.061+0000][1][safepoint    ] Safepoint "Cleanup", Time since last: 1000108358 ns, Reaching safepoint: 94735 ns, At safepoint: 10818 ns, Total: 105553 ns
[2020-09-11T18:47:47.061+0000][1][safepoint    ] Safepoint "Cleanup", Time since last: 1000165075 ns, Reaching safepoint: 103904 ns, At safepoint: 14163 ns, Total: 118067 ns
[2020-09-11T18:47:48.061+0000][1][safepoint    ] Safepoint "Cleanup", Time since last: 1000118296 ns, Reaching safepoint: 97488 ns, At safepoint: 10499 ns, Total: 107987 ns
[2020-09-11T18:47:48.277+0000][1][gc,start     ] GC(216) Pause Young (Allocation Failure)
[2020-09-11T18:47:48.277+0000][1][gc,task      ] GC(216) Using 1 workers of 1 for evacuation
[2020-09-11T18:47:48.286+0000][1][gc,age       ] GC(216) Desired survivor size 4358144 bytes, new threshold 6 (max threshold 6)
[2020-09-11T18:47:48.286+0000][1][gc,age       ] GC(216) Age table with threshold 6 (max threshold 6)
[2020-09-11T18:47:48.286+0000][1][gc,age       ] GC(216) - age   1:     104160 bytes,     104160 total
[2020-09-11T18:47:48.286+0000][1][gc,age       ] GC(216) - age   2:      85528 bytes,     189688 total
[2020-09-11T18:47:48.286+0000][1][gc,age       ] GC(216) - age   3:      59168 bytes,     248856 total
[2020-09-11T18:47:48.286+0000][1][gc,age       ] GC(216) - age   4:      27096 bytes,     275952 total
[2020-09-11T18:47:48.286+0000][1][gc,age       ] GC(216) - age   5:      27536 bytes,     303488 total
[2020-09-11T18:47:48.286+0000][1][gc,age       ] GC(216) - age   6:      49760 bytes,     353248 total
[2020-09-11T18:47:48.286+0000][1][gc,heap      ] GC(216) ParNew: 69300K->726K(76672K)
[2020-09-11T18:47:48.286+0000][1][gc,heap      ] GC(216) CMS: 86511K->86831K(439104K)
[2020-09-11T18:47:48.286+0000][1][gc,metaspace ] GC(216) Metaspace: 99396K->99396K(1140736K)
[2020-09-11T18:47:48.286+0000][1][gc           ] GC(216) Pause Young (Allocation Failure) 152M->85M(503M) 9.375ms
[2020-09-11T18:47:48.286+0000][1][gc,cpu       ] GC(216) User=0.01s Sys=0.00s Real=0.01s
[2020-09-11T18:47:48.289+0000][1][safepoint    ] Safepoint "GenCollectForAllocation", Time since last: 212731052 ns, Reaching safepoint: 3022877 ns, At safepoint: 11832859 ns, Total: 14855736 ns
[2020-09-11T18:47:48.449+0000][1][safepoint    ] Safepoint "RevokeBias", Time since last: 157327517 ns, Reaching safepoint: 2864485 ns, At safepoint: 33187 ns, Total: 2897672 ns
[2020-09-11T18:47:49.449+0000][1][safepoint    ] Safepoint "Cleanup", Time since last: 1000113274 ns, Reaching safepoint: 92631 ns, At safepoint: 10899 ns, Total: 103530 ns
[2020-09-11T18:47:50.449+0000][1][safepoint    ] Safepoint "Cleanup", Time since last: 1000115824 ns, Reaching safepoint: 91926 ns, At safepoint: 9617 ns, Total: 101543 ns
[2020-09-11T18:47:51.450+0000][1][safepoint    ] Safepoint "Cleanup", Time since last: 1000111267 ns, Reaching safepoint: 93177 ns, At safepoint: 10192 ns, Total: 103369 ns
[2020-09-11T18:47:52.450+0000][1][safepoint    ] Safepoint "Cleanup", Time since last: 1000115009 ns, Reaching safepoint: 92802 ns, At safepoint: 10715 ns, Total: 103517 ns
[2020-09-11T18:47:53.154+0000][1][safepoint    ] Safepoint "RevokeBias", Time since last: 704486791 ns, Reaching safepoint: 99358 ns, At safepoint: 26802 ns, Total: 126160 ns
[2020-09-11T18:47:53.202+0000][1][safepoint    ] Safepoint "RevokeBias", Time since last: 47542791 ns, Reaching safepoint: 104497 ns, At safepoint: 26691 ns, Total: 131188 ns
[2020-09-11T18:47:53.343+0000][1][safepoint    ] Safepoint "RevokeBias", Time since last: 140622571 ns, Reaching safepoint: 102589 ns, At safepoint: 27601 ns, Total: 130190 ns
[2020-09-11T18:47:53.376+0000][1][safepoint    ] Safepoint "RevokeBias", Time since last: 32928348 ns, Reaching safepoint: 177911 ns, At safepoint: 28104 ns, Total: 206015 ns
[2020-09-11T18:47:53.414+0000][1][safepoint    ] Safepoint "RevokeBias", Time since last: 38357298 ns, Reaching safepoint: 96458 ns, At safepoint: 22850 ns, Total: 119308 ns
[2020-09-11T18:47:53.630+0000][1][safepoint    ] Safepoint "RevokeBias", Time since last: 215563142 ns, Reaching safepoint: 104563 ns, At safepoint: 29402 ns, Total: 133965 ns
[2020-09-11T18:47:54.630+0000][1][safepoint    ] Safepoint "Cleanup", Time since last: 1000114823 ns, Reaching safepoint: 95118 ns, At safepoint: 10494 ns, Total: 105612 ns
[2020-09-11T18:47:55.062+0000][1][safepoint    ] Safepoint "RevokeBias", Time since last: 431355587 ns, Reaching safepoint: 169828 ns, At safepoint: 23943 ns, Total: 193771 ns
[2020-09-11T18:47:56.062+0000][1][safepoint    ] Safepoint "Cleanup", Time since last: 1000107390 ns, Reaching safepoint: 95700 ns, At safepoint: 10037 ns, Total: 105737 ns
[2020-09-11T18:47:57.062+0000][1][safepoint    ] Safepoint "Cleanup", Time since last: 1000110991 ns, Reaching safepoint: 94633 ns, At safepoint: 10714 ns, Total: 105347 ns
[2020-09-11T18:47:58.063+0000][1][safepoint    ] Safepoint "Cleanup", Time since last: 1000116840 ns, Reaching safepoint: 93581 ns, At safepoint: 10253 ns, Total: 103834 ns
[2020-09-11T18:47:58.451+0000][1][safepoint    ] Safepoint "BulkRevokeBias", Time since last: 387952891 ns, Reaching safepoint: 190845 ns, At safepoint: 337136 ns, Total: 527981 ns
[2020-09-11T18:47:58.494+0000][1][safepoint    ] Safepoint "RevokeBias", Time since last: 42333083 ns, Reaching safepoint: 169017 ns, At safepoint: 26582 ns, Total: 195599 ns
[2020-09-11T18:47:59.494+0000][1][safepoint    ] Safepoint "Cleanup", Time since last: 1000114535 ns, Reaching safepoint: 92761 ns, At safepoint: 9639 ns, Total: 102400 ns
[2020-09-11T18:48:00.494+0000][1][safepoint    ] Safepoint "Cleanup", Time since last: 1000117599 ns, Reaching safepoint: 100573 ns, At safepoint: 10986 ns, Total: 111559 ns
[2020-09-11T18:48:01.494+0000][1][safepoint    ] Safepoint "Cleanup", Time since last: 1000130505 ns, Reaching safepoint: 91866 ns, At safepoint: 10711 ns, Total: 102577 ns
[2020-09-11T18:48:02.494+0000][1][safepoint    ] Safepoint "Cleanup", Time since last: 1000114113 ns, Reaching safepoint: 90844 ns, At safepoint: 10637 ns, Total: 101481 ns
[2020-09-11T18:48:03.438+0000][1][safepoint    ] Safepoint "RevokeBias", Time since last: 943249140 ns, Reaching safepoint: 173191 ns, At safepoint: 23666 ns, Total: 196857 ns
[2020-09-11T18:48:03.468+0000][1][safepoint    ] Safepoint "RevokeBias", Time since last: 30256175 ns, Reaching safepoint: 173887 ns, At safepoint: 23857 ns, Total: 197744 ns
[2020-09-11T18:48:03.499+0000][1][safepoint    ] Safepoint "RevokeBias", Time since last: 30841849 ns, Reaching safepoint: 98979 ns, At safepoint: 23085 ns, Total: 122064 ns
[2020-09-11T18:48:03.538+0000][1][safepoint    ] Safepoint "RevokeBias", Time since last: 38198041 ns, Reaching safepoint: 94833 ns, At safepoint: 22504 ns, Total: 117337 ns
[2020-09-11T18:48:03.619+0000][1][safepoint    ] Safepoint "RevokeBias", Time since last: 80801203 ns, Reaching safepoint: 102416 ns, At safepoint: 28049 ns, Total: 130465 ns
[2020-09-11T18:48:03.863+0000][1][safepoint    ] Safepoint "RevokeBias", Time since last: 243970106 ns, Reaching safepoint: 98025 ns, At safepoint: 27294 ns, Total: 125319 ns
[2020-09-11T18:48:04.283+0000][1][gc,start     ] GC(217) Pause Young (Allocation Failure)
[2020-09-11T18:48:04.283+0000][1][gc,task      ] GC(217) Using 1 workers of 1 for evacuation
[2020-09-11T18:48:04.291+0000][1][gc,age       ] GC(217) Desired survivor size 4358144 bytes, new threshold 6 (max threshold 6)
[2020-09-11T18:48:04.291+0000][1][gc,age       ] GC(217) Age table with threshold 6 (max threshold 6)
[2020-09-11T18:48:04.291+0000][1][gc,age       ] GC(217) - age   1:     110584 bytes,     110584 total
[2020-09-11T18:48:04.291+0000][1][gc,age       ] GC(217) - age   2:      13024 bytes,     123608 total
[2020-09-11T18:48:04.291+0000][1][gc,age       ] GC(217) - age   3:      66344 bytes,     189952 total
[2020-09-11T18:48:04.291+0000][1][gc,age       ] GC(217) - age   4:      59072 bytes,     249024 total
[2020-09-11T18:48:04.291+0000][1][gc,age       ] GC(217) - age   5:      17400 bytes,     266424 total
[2020-09-11T18:48:04.291+0000][1][gc,age       ] GC(217) - age   6:       2856 bytes,     269280 total
[2020-09-11T18:48:04.291+0000][1][gc,heap      ] GC(217) ParNew: 68886K->311K(76672K)
[2020-09-11T18:48:04.291+0000][1][gc,heap      ] GC(217) CMS: 86831K->86880K(439104K)
[2020-09-11T18:48:04.291+0000][1][gc,metaspace ] GC(217) Metaspace: 99519K->99519K(1140736K)
[2020-09-11T18:48:04.291+0000][1][gc           ] GC(217) Pause Young (Allocation Failure) 152M->85M(503M) 8.050ms
[2020-09-11T18:48:04.291+0000][1][gc,cpu       ] GC(217) User=0.01s Sys=0.00s Real=0.00s
[2020-09-11T18:48:04.291+0000][1][safepoint    ] Safepoint "GenCollectForAllocation", Time since last: 419858882 ns, Reaching safepoint: 161805 ns, At safepoint: 8104059 ns, Total: 8265864 ns
[2020-09-11T18:48:05.065+0000][1][safepoint    ] Safepoint "RevokeBias", Time since last: 774424287 ns, Reaching safepoint: 102271 ns, At safepoint: 40602 ns, Total: 142873 ns
[2020-09-11T18:48:06.069+0000][1][safepoint    ] Safepoint "Cleanup", Time since last: 1004031681 ns, Reaching safepoint: 94234 ns, At safepoint: 10566 ns, Total: 104800 ns
[2020-09-11T18:48:07.070+0000][1][safepoint    ] Safepoint "Cleanup", Time since last: 1000115033 ns, Reaching safepoint: 94559 ns, At safepoint: 11892 ns, Total: 106451 ns
[2020-09-11T18:48:08.070+0000][1][safepoint    ] Safepoint "Cleanup", Time since last: 1000115620 ns, Reaching safepoint: 92489 ns, At safepoint: 10801 ns, Total: 103290 ns
[2020-09-11T18:48:08.453+0000][1][safepoint    ] Safepoint "RevokeBias", Time since last: 382473164 ns, Reaching safepoint: 458295 ns, At safepoint: 29032 ns, Total: 487327 ns
[2020-09-11T18:48:09.453+0000][1][safepoint    ] Safepoint "Cleanup", Time since last: 1000128320 ns, Reaching safepoint: 96784 ns, At safepoint: 8297 ns, Total: 105081 ns
[2020-09-11T18:48:10.453+0000][1][safepoint    ] Safepoint "Cleanup", Time since last: 1000161891 ns, Reaching safepoint: 88834 ns, At safepoint: 9225 ns, Total: 98059 ns
[2020-09-11T18:48:11.454+0000][1][safepoint    ] Safepoint "Cleanup", Time since last: 1000234395 ns, Reaching safepoint: 457831 ns, At safepoint: 12988 ns, Total: 470819 ns
[2020-09-11T18:48:12.454+0000][1][safepoint    ] Safepoint "Cleanup", Time since last: 1000119630 ns, Reaching safepoint: 103667 ns, At safepoint: 9087 ns, Total: 112754 ns
[2020-09-11T18:48:13.455+0000][1][safepoint    ] Safepoint "Cleanup", Time since last: 1000125034 ns, Reaching safepoint: 94698 ns, At safepoint: 10703 ns, Total: 105401 ns
[2020-09-11T18:48:13.637+0000][1][safepoint    ] Safepoint "RevokeBias", Time since last: 182642204 ns, Reaching safepoint: 183669 ns, At safepoint: 28007 ns, Total: 211676 ns
[2020-09-11T18:48:13.683+0000][1][safepoint    ] Safepoint "RevokeBias", Time since last: 45577258 ns, Reaching safepoint: 181920 ns, At safepoint: 27076 ns, Total: 208996 ns
[2020-09-11T18:48:13.725+0000][1][safepoint    ] Safepoint "RevokeBias", Time since last: 42005474 ns, Reaching safepoint: 169846 ns, At safepoint: 24361 ns, Total: 194207 ns
[2020-09-11T18:48:13.761+0000][1][safepoint    ] Safepoint "RevokeBias", Time since last: 35806587 ns, Reaching safepoint: 97763 ns, At safepoint: 22262 ns, Total: 120025 ns
[2020-09-11T18:48:13.801+0000][1][safepoint    ] Safepoint "RevokeBias", Time since last: 39308195 ns, Reaching safepoint: 95288 ns, At safepoint: 41483 ns, Total: 136771 ns
[2020-09-11T18:48:13.941+0000][1][safepoint    ] Safepoint "RevokeBias", Time since last: 140471053 ns, Reaching safepoint: 106216 ns, At safepoint: 27074 ns, Total: 133290 ns
[2020-09-11T18:48:14.942+0000][1][safepoint    ] Safepoint "Cleanup", Time since last: 1000109860 ns, Reaching safepoint: 93969 ns, At safepoint: 10044 ns, Total: 104013 ns
[2020-09-11T18:48:15.104+0000][1][safepoint    ] Safepoint "RevokeBias", Time since last: 161812325 ns, Reaching safepoint: 100589 ns, At safepoint: 26901 ns, Total: 127490 ns
[2020-09-11T18:48:16.104+0000][1][safepoint    ] Safepoint "Cleanup", Time since last: 1000112945 ns, Reaching safepoint: 92159 ns, At safepoint: 10840 ns, Total: 102999 ns
[2020-09-11T18:48:17.104+0000][1][safepoint    ] Safepoint "Cleanup", Time since last: 1000118664 ns, Reaching safepoint: 93732 ns, At safepoint: 10914 ns, Total: 104646 ns
[2020-09-11T18:48:18.104+0000][1][safepoint    ] Safepoint "Cleanup", Time since last: 1000117579 ns, Reaching safepoint: 92516 ns, At safepoint: 10936 ns, Total: 103452 ns
[2020-09-11T18:48:18.449+0000][1][safepoint    ] Safepoint "RevokeBias", Time since last: 342170759 ns, Reaching safepoint: 2568013 ns, At safepoint: 236839 ns, Total: 2804852 ns
[2020-09-11T18:48:19.449+0000][1][safepoint    ] Safepoint "Cleanup", Time since last: 1000119931 ns, Reaching safepoint: 108655 ns, At safepoint: 11086 ns, Total: 119741 ns
[2020-09-11T18:48:20.450+0000][1][safepoint    ] Safepoint "Cleanup", Time since last: 1000114386 ns, Reaching safepoint: 95641 ns, At safepoint: 11140 ns, Total: 106781 ns
[2020-09-11T18:48:21.450+0000][1][safepoint    ] Safepoint "Cleanup", Time since last: 1000120587 ns, Reaching safepoint: 119499 ns, At safepoint: 11493 ns, Total: 130992 ns
[2020-09-11T18:48:22.450+0000][1][safepoint    ] Safepoint "Cleanup", Time since last: 1000116029 ns, Reaching safepoint: 92430 ns, At safepoint: 10679 ns, Total: 103109 ns
[2020-09-11T18:48:23.450+0000][1][safepoint    ] Safepoint "Cleanup", Time since last: 1000112923 ns, Reaching safepoint: 95055 ns, At safepoint: 10668 ns, Total: 105723 ns
[2020-09-11T18:48:23.785+0000][1][gc,start     ] GC(218) Pause Young (Allocation Failure)
[2020-09-11T18:48:23.786+0000][1][gc,task      ] GC(218) Using 1 workers of 1 for evacuation
[2020-09-11T18:48:23.792+0000][1][gc,age       ] GC(218) Desired survivor size 4358144 bytes, new threshold 6 (max threshold 6)
[2020-09-11T18:48:23.792+0000][1][gc,age       ] GC(218) Age table with threshold 6 (max threshold 6)
[2020-09-11T18:48:23.792+0000][1][gc,age       ] GC(218) - age   1:     133088 bytes,     133088 total
[2020-09-11T18:48:23.792+0000][1][gc,age       ] GC(218) - age   2:      51688 bytes,     184776 total
[2020-09-11T18:48:23.792+0000][1][gc,age       ] GC(218) - age   3:       1248 bytes,     186024 total
[2020-09-11T18:48:23.792+0000][1][gc,age       ] GC(218) - age   4:      66344 bytes,     252368 total
[2020-09-11T18:48:23.792+0000][1][gc,age       ] GC(218) - age   5:       4624 bytes,     256992 total
[2020-09-11T18:48:23.792+0000][1][gc,age       ] GC(218) - age   6:      17400 bytes,     274392 total
[2020-09-11T18:48:23.792+0000][1][gc,heap      ] GC(218) ParNew: 68441K->274K(76672K)
[2020-09-11T18:48:23.792+0000][1][gc,heap      ] GC(218) CMS: 86880K->86883K(439104K)
[2020-09-11T18:48:23.792+0000][1][gc,metaspace ] GC(218) Metaspace: 99529K->99529K(1140736K)
[2020-09-11T18:48:23.792+0000][1][gc           ] GC(218) Pause Young (Allocation Failure) 151M->85M(503M) 6.866ms
[2020-09-11T18:48:23.792+0000][1][gc,cpu       ] GC(218) User=0.01s Sys=0.01s Real=0.00s
[2020-09-11T18:48:23.793+0000][1][safepoint    ] Safepoint "GenCollectForAllocation", Time since last: 335030989 ns, Reaching safepoint: 90434 ns, At safepoint: 7336083 ns, Total: 7426517 ns
[2020-09-11T18:48:23.821+0000][1][safepoint    ] Safepoint "RevokeBias", Time since last: 27954775 ns, Reaching safepoint: 125694 ns, At safepoint: 38933 ns, Total: 164627 ns
[2020-09-11T18:48:24.005+0000][1][safepoint    ] Safepoint "RevokeBias", Time since last: 183730440 ns, Reaching safepoint: 109014 ns, At safepoint: 55294 ns, Total: 164308 ns
[2020-09-11T18:48:24.037+0000][1][safepoint    ] Safepoint "RevokeBias", Time since last: 32448850 ns, Reaching safepoint: 99962 ns, At safepoint: 27210 ns, Total: 127172 ns
[2020-09-11T18:48:24.070+0000][1][safepoint    ] Safepoint "RevokeBias", Time since last: 32939864 ns, Reaching safepoint: 98053 ns, At safepoint: 26350 ns, Total: 124403 ns
[2020-09-11T18:48:24.147+0000][1][safepoint    ] Safepoint "RevokeBias", Time since last: 76783288 ns, Reaching safepoint: 101634 ns, At safepoint: 28092 ns, Total: 129726 ns
[2020-09-11T18:48:24.271+0000][1][safepoint    ] Safepoint "BulkRevokeBias", Time since last: 123487769 ns, Reaching safepoint: 96665 ns, At safepoint: 250618 ns, Total: 347283 ns
[2020-09-11T18:48:25.061+0000][1][safepoint    ] Safepoint "RevokeBias", Time since last: 789759065 ns, Reaching safepoint: 178431 ns, At safepoint: 27974 ns, Total: 206405 ns
[2020-09-11T18:48:26.061+0000][1][safepoint    ] Safepoint "Cleanup", Time since last: 1000110302 ns, Reaching safepoint: 93236 ns, At safepoint: 9952 ns, Total: 103188 ns
[2020-09-11T18:48:27.062+0000][1][safepoint    ] Safepoint "Cleanup", Time since last: 1000111366 ns, Reaching safepoint: 95672 ns, At safepoint: 11357 ns, Total: 107029 ns
[2020-09-11T18:48:28.062+0000][1][safepoint    ] Safepoint "Cleanup", Time since last: 1000115902 ns, Reaching safepoint: 94050 ns, At safepoint: 11049 ns, Total: 105099 ns
[2020-09-11T18:48:28.469+0000][1][safepoint    ] Safepoint "RevokeBias", Time since last: 406618861 ns, Reaching safepoint: 219157 ns, At safepoint: 29206 ns, Total: 248363 ns
[2020-09-11T18:48:29.469+0000][1][safepoint    ] Safepoint "Cleanup", Time since last: 1000115419 ns, Reaching safepoint: 93561 ns, At safepoint: 10138 ns, Total: 103699 ns
[2020-09-11T18:48:30.469+0000][1][safepoint    ] Safepoint "Cleanup", Time since last: 1000112278 ns, Reaching safepoint: 93750 ns, At safepoint: 10791 ns, Total: 104541 ns
[2020-09-11T18:48:31.469+0000][1][safepoint    ] Safepoint "Cleanup", Time since last: 1000114882 ns, Reaching safepoint: 95721 ns, At safepoint: 10269 ns, Total: 105990 ns
[2020-09-11T18:48:32.470+0000][1][safepoint    ] Safepoint "Cleanup", Time since last: 1000115111 ns, Reaching safepoint: 94730 ns, At safepoint: 9796 ns, Total: 104526 ns
[2020-09-11T18:48:33.470+0000][1][safepoint    ] Safepoint "Cleanup", Time since last: 1000115541 ns, Reaching safepoint: 95717 ns, At safepoint: 10513 ns, Total: 106230 ns
[2020-09-11T18:48:34.126+0000][1][safepoint    ] Safepoint "RevokeBias", Time since last: 655699247 ns, Reaching safepoint: 172149 ns, At safepoint: 22704 ns, Total: 194853 ns
[2020-09-11T18:48:34.172+0000][1][safepoint    ] Safepoint "RevokeBias", Time since last: 46155621 ns, Reaching safepoint: 170710 ns, At safepoint: 23262 ns, Total: 193972 ns
[2020-09-11T18:48:34.210+0000][1][safepoint    ] Safepoint "RevokeBias", Time since last: 38338737 ns, Reaching safepoint: 96424 ns, At safepoint: 22918 ns, Total: 119342 ns
[2020-09-11T18:48:34.248+0000][1][safepoint    ] Safepoint "RevokeBias", Time since last: 37159160 ns, Reaching safepoint: 183245 ns, At safepoint: 27651 ns, Total: 210896 ns
[2020-09-11T18:48:34.295+0000][1][safepoint    ] Safepoint "RevokeBias", Time since last: 47099499 ns, Reaching safepoint: 99061 ns, At safepoint: 26109 ns, Total: 125170 ns
[2020-09-11T18:48:34.451+0000][1][safepoint    ] Safepoint "RevokeBias", Time since last: 155997219 ns, Reaching safepoint: 104326 ns, At safepoint: 28809 ns, Total: 133135 ns
[2020-09-11T18:48:35.058+0000][1][safepoint    ] Safepoint "RevokeBias", Time since last: 606925318 ns, Reaching safepoint: 179263 ns, At safepoint: 28238 ns, Total: 207501 ns
[2020-09-11T18:48:36.059+0000][1][safepoint    ] Safepoint "Cleanup", Time since last: 1000109893 ns, Reaching safepoint: 94924 ns, At safepoint: 11538 ns, Total: 106462 ns
[2020-09-11T18:48:37.059+0000][1][safepoint    ] Safepoint "Cleanup", Time since last: 1000115688 ns, Reaching safepoint: 96768 ns, At safepoint: 19890 ns, Total: 116658 ns
[2020-09-11T18:48:38.059+0000][1][safepoint    ] Safepoint "Cleanup", Time since last: 1000123883 ns, Reaching safepoint: 94354 ns, At safepoint: 11022 ns, Total: 105376 ns
[2020-09-11T18:48:38.449+0000][1][safepoint    ] Safepoint "RevokeBias", Time since last: 387693212 ns, Reaching safepoint: 2193368 ns, At safepoint: 31379 ns, Total: 2224747 ns
[2020-09-11T18:48:39.333+0000][1][gc,start     ] GC(219) Pause Young (Allocation Failure)
[2020-09-11T18:48:39.333+0000][1][gc,task      ] GC(219) Using 1 workers of 1 for evacuation
[2020-09-11T18:48:39.341+0000][1][gc,age       ] GC(219) Desired survivor size 4358144 bytes, new threshold 6 (max threshold 6)
[2020-09-11T18:48:39.341+0000][1][gc,age       ] GC(219) Age table with threshold 6 (max threshold 6)
[2020-09-11T18:48:39.341+0000][1][gc,age       ] GC(219) - age   1:     109384 bytes,     109384 total
[2020-09-11T18:48:39.341+0000][1][gc,age       ] GC(219) - age   2:      80728 bytes,     190112 total
[2020-09-11T18:48:39.341+0000][1][gc,age       ] GC(219) - age   3:      43664 bytes,     233776 total
[2020-09-11T18:48:39.341+0000][1][gc,age       ] GC(219) - age   4:       1248 bytes,     235024 total
[2020-09-11T18:48:39.341+0000][1][gc,age       ] GC(219) - age   5:      27904 bytes,     262928 total
[2020-09-11T18:48:39.341+0000][1][gc,age       ] GC(219) - age   6:       3664 bytes,     266592 total
[2020-09-11T18:48:39.341+0000][1][gc,heap      ] GC(219) ParNew: 68434K->269K(76672K)
[2020-09-11T18:48:39.341+0000][1][gc,heap      ] GC(219) CMS: 86883K->86900K(439104K)
[2020-09-11T18:48:39.341+0000][1][gc,metaspace ] GC(219) Metaspace: 99536K->99536K(1140736K)
[2020-09-11T18:48:39.341+0000][1][gc           ] GC(219) Pause Young (Allocation Failure) 151M->85M(503M) 7.998ms
[2020-09-11T18:48:39.341+0000][1][gc,cpu       ] GC(219) User=0.01s Sys=0.00s Real=0.01s
[2020-09-11T18:48:39.341+0000][1][safepoint    ] Safepoint "GenCollectForAllocation", Time since last: 881101472 ns, Reaching safepoint: 2862625 ns, At safepoint: 8068713 ns, Total: 10931338 ns
[2020-09-11T18:48:40.343+0000][1][safepoint    ] Safepoint "Cleanup", Time since last: 1002433263 ns, Reaching safepoint: 85340 ns, At safepoint: 18681 ns, Total: 104021 ns
[2020-09-11T18:48:41.344+0000][1][safepoint    ] Safepoint "Cleanup", Time since last: 1000106228 ns, Reaching safepoint: 177250 ns, At safepoint: 40614 ns, Total: 217864 ns
[2020-09-11T18:48:42.344+0000][1][safepoint    ] Safepoint "Cleanup", Time since last: 1000112036 ns, Reaching safepoint: 98986 ns, At safepoint: 20424 ns, Total: 119410 ns
[2020-09-11T18:48:43.344+0000][1][safepoint    ] Safepoint "Cleanup", Time since last: 1000120215 ns, Reaching safepoint: 86764 ns, At safepoint: 19216 ns, Total: 105980 ns
[2020-09-11T18:48:44.345+0000][1][safepoint    ] Safepoint "Cleanup", Time since last: 1000114604 ns, Reaching safepoint: 169744 ns, At safepoint: 11320 ns, Total: 181064 ns
[2020-09-11T18:48:44.360+0000][1][safepoint    ] Safepoint "RevokeBias", Time since last: 15723832 ns, Reaching safepoint: 98674 ns, At safepoint: 26534 ns, Total: 125208 ns
[2020-09-11T18:48:44.394+0000][1][safepoint    ] Safepoint "RevokeBias", Time since last: 33436478 ns, Reaching safepoint: 99212 ns, At safepoint: 27699 ns, Total: 126911 ns
[2020-09-11T18:48:44.418+0000][1][safepoint    ] Safepoint "RevokeBias", Time since last: 23972550 ns, Reaching safepoint: 180551 ns, At safepoint: 28917 ns, Total: 209468 ns
[2020-09-11T18:48:44.456+0000][1][safepoint    ] Safepoint "RevokeBias", Time since last: 37410492 ns, Reaching safepoint: 98929 ns, At safepoint: 26534 ns, Total: 125463 ns
[2020-09-11T18:48:44.740+0000][1][safepoint    ] Safepoint "RevokeBias", Time since last: 283778796 ns, Reaching safepoint: 101379 ns, At safepoint: 28148 ns, Total: 129527 ns
[2020-09-11T18:48:44.876+0000][1][safepoint    ] Safepoint "RevokeBias", Time since last: 136664905 ns, Reaching safepoint: 102676 ns, At safepoint: 26977 ns, Total: 129653 ns
[2020-09-11T18:48:45.076+0000][1][safepoint    ] Safepoint "RevokeBias", Time since last: 199330205 ns, Reaching safepoint: 98197 ns, At safepoint: 31628 ns, Total: 129825 ns
[2020-09-11T18:48:46.076+0000][1][safepoint    ] Safepoint "Cleanup", Time since last: 1000106666 ns, Reaching safepoint: 111360 ns, At safepoint: 11075 ns, Total: 122435 ns
[2020-09-11T18:48:47.076+0000][1][safepoint    ] Safepoint "Cleanup", Time since last: 1000114191 ns, Reaching safepoint: 95376 ns, At safepoint: 11235 ns, Total: 106611 ns
[2020-09-11T18:48:48.077+0000][1][safepoint    ] Safepoint "Cleanup", Time since last: 1000111929 ns, Reaching safepoint: 94504 ns, At safepoint: 10091 ns, Total: 104595 ns
[2020-09-11T18:48:48.446+0000][1][safepoint    ] Safepoint "RevokeBias", Time since last: 369699117 ns, Reaching safepoint: 194946 ns, At safepoint: 27814 ns, Total: 222760 ns
[2020-09-11T18:48:49.447+0000][1][safepoint    ] Safepoint "Cleanup", Time since last: 1000114071 ns, Reaching safepoint: 100116 ns, At safepoint: 11171 ns, Total: 111287 ns
[2020-09-11T18:48:50.447+0000][1][safepoint    ] Safepoint "Cleanup", Time since last: 1000118922 ns, Reaching safepoint: 94556 ns, At safepoint: 10539 ns, Total: 105095 ns
[2020-09-11T18:48:51.447+0000][1][safepoint    ] Safepoint "Cleanup", Time since last: 1000113678 ns, Reaching safepoint: 93786 ns, At safepoint: 10262 ns, Total: 104048 ns
[2020-09-11T18:48:52.447+0000][1][safepoint    ] Safepoint "Cleanup", Time since last: 1000117631 ns, Reaching safepoint: 93432 ns, At safepoint: 10949 ns, Total: 104381 ns
[2020-09-11T18:48:53.448+0000][1][safepoint    ] Safepoint "Cleanup", Time since last: 1000112968 ns, Reaching safepoint: 95352 ns, At safepoint: 11639 ns, Total: 106991 ns
[2020-09-11T18:48:54.448+0000][1][safepoint    ] Safepoint "Cleanup", Time since last: 1000138295 ns, Reaching safepoint: 93842 ns, At safepoint: 10152 ns, Total: 103994 ns
[2020-09-11T18:48:54.519+0000][1][safepoint    ] Safepoint "RevokeBias", Time since last: 71004754 ns, Reaching safepoint: 110381 ns, At safepoint: 28784 ns, Total: 139165 ns
[2020-09-11T18:48:54.670+0000][1][safepoint    ] Safepoint "RevokeBias", Time since last: 150956362 ns, Reaching safepoint: 104566 ns, At safepoint: 27622 ns, Total: 132188 ns
[2020-09-11T18:48:54.699+0000][1][safepoint    ] Safepoint "RevokeBias", Time since last: 28728053 ns, Reaching safepoint: 95659 ns, At safepoint: 21906 ns, Total: 117565 ns
[2020-09-11T18:48:54.736+0000][1][safepoint    ] Safepoint "RevokeBias", Time since last: 36888404 ns, Reaching safepoint: 95889 ns, At safepoint: 22915 ns, Total: 118804 ns
[2020-09-11T18:48:54.796+0000][1][safepoint    ] Safepoint "RevokeBias", Time since last: 59925252 ns, Reaching safepoint: 99185 ns, At safepoint: 27018 ns, Total: 126203 ns
[2020-09-11T18:48:54.963+0000][1][safepoint    ] Safepoint "RevokeBias", Time since last: 167348247 ns, Reaching safepoint: 100707 ns, At safepoint: 28039 ns, Total: 128746 ns
[2020-09-11T18:48:55.128+0000][1][safepoint    ] Safepoint "RevokeBias", Time since last: 164468532 ns, Reaching safepoint: 175248 ns, At safepoint: 27521 ns, Total: 202769 ns
[2020-09-11T18:48:56.128+0000][1][safepoint    ] Safepoint "Cleanup", Time since last: 1000118445 ns, Reaching safepoint: 95275 ns, At safepoint: 10538 ns, Total: 105813 ns
[2020-09-11T18:48:57.129+0000][1][safepoint    ] Safepoint "Cleanup", Time since last: 1000133928 ns, Reaching safepoint: 92906 ns, At safepoint: 9475 ns, Total: 102381 ns
[2020-09-11T18:48:58.129+0000][1][safepoint    ] Safepoint "Cleanup", Time since last: 1000117366 ns, Reaching safepoint: 115124 ns, At safepoint: 10639 ns, Total: 125763 ns
[2020-09-11T18:48:58.481+0000][1][safepoint    ] Safepoint "RevokeBias", Time since last: 350195880 ns, Reaching safepoint: 1904397 ns, At safepoint: 25882 ns, Total: 1930279 ns
[2020-09-11T18:48:58.533+0000][1][gc,start     ] GC(220) Pause Young (Allocation Failure)
[2020-09-11T18:48:58.533+0000][1][gc,task      ] GC(220) Using 1 workers of 1 for evacuation
[2020-09-11T18:48:58.543+0000][1][gc,age       ] GC(220) Desired survivor size 4358144 bytes, new threshold 6 (max threshold 6)
[2020-09-11T18:48:58.543+0000][1][gc,age       ] GC(220) Age table with threshold 6 (max threshold 6)
[2020-09-11T18:48:58.543+0000][1][gc,age       ] GC(220) - age   1:     583320 bytes,     583320 total
[2020-09-11T18:48:58.543+0000][1][gc,age       ] GC(220) - age   2:      51440 bytes,     634760 total
[2020-09-11T18:48:58.543+0000][1][gc,age       ] GC(220) - age   3:      63048 bytes,     697808 total
[2020-09-11T18:48:58.543+0000][1][gc,age       ] GC(220) - age   4:      42328 bytes,     740136 total
[2020-09-11T18:48:58.543+0000][1][gc,age       ] GC(220) - age   5:        952 bytes,     741088 total
[2020-09-11T18:48:58.543+0000][1][gc,age       ] GC(220) - age   6:      11512 bytes,     752600 total
[2020-09-11T18:48:58.543+0000][1][gc,heap      ] GC(220) ParNew: 68429K->788K(76672K)
[2020-09-11T18:48:58.543+0000][1][gc,heap      ] GC(220) CMS: 86900K->86901K(439104K)
[2020-09-11T18:48:58.543+0000][1][gc,metaspace ] GC(220) Metaspace: 99548K->99548K(1140736K)
[2020-09-11T18:48:58.543+0000][1][gc           ] GC(220) Pause Young (Allocation Failure) 151M->85M(503M) 9.970ms
[2020-09-11T18:48:58.543+0000][1][gc,cpu       ] GC(220) User=0.01s Sys=0.00s Real=0.01s
[2020-09-11T18:48:58.553+0000][1][safepoint    ] Safepoint "GenCollectForAllocation", Time since last: 48376940 ns, Reaching safepoint: 3567045 ns, At safepoint: 19948230 ns, Total: 23515275 ns
[2020-09-11T18:48:59.561+0000][1][safepoint    ] Safepoint "Cleanup", Time since last: 1008040224 ns, Reaching safepoint: 92422 ns, At safepoint: 10504 ns, Total: 102926 ns
[2020-09-11T18:49:00.561+0000][1][safepoint    ] Safepoint "Cleanup", Time since last: 1000114321 ns, Reaching safepoint: 93739 ns, At safepoint: 10430 ns, Total: 104169 ns
[2020-09-11T18:49:01.561+0000][1][safepoint    ] Safepoint "Cleanup", Time since last: 1000113139 ns, Reaching safepoint: 94233 ns, At safepoint: 10293 ns, Total: 104526 ns
[2020-09-11T18:49:02.562+0000][1][safepoint    ] Safepoint "Cleanup", Time since last: 1000116773 ns, Reaching safepoint: 93025 ns, At safepoint: 10303 ns, Total: 103328 ns
[2020-09-11T18:49:03.562+0000][1][safepoint    ] Safepoint "Cleanup", Time since last: 1000113720 ns, Reaching safepoint: 91432 ns, At safepoint: 10288 ns, Total: 101720 ns
[2020-09-11T18:49:04.562+0000][1][safepoint    ] Safepoint "Cleanup", Time since last: 1000115701 ns, Reaching safepoint: 95092 ns, At safepoint: 10539 ns, Total: 105631 ns
[2020-09-11T18:49:04.846+0000][1][safepoint    ] Safepoint "RevokeBias", Time since last: 284257454 ns, Reaching safepoint: 99292 ns, At safepoint: 26359 ns, Total: 125651 ns
[2020-09-11T18:49:04.882+0000][1][safepoint    ] Safepoint "RevokeBias", Time since last: 35056064 ns, Reaching safepoint: 104502 ns, At safepoint: 28062 ns, Total: 132564 ns
[2020-09-11T18:49:04.906+0000][1][safepoint    ] Safepoint "RevokeBias", Time since last: 24576797 ns, Reaching safepoint: 110761 ns, At safepoint: 27341 ns, Total: 138102 ns
[2020-09-11T18:49:04.998+0000][1][safepoint    ] Safepoint "RevokeBias", Time since last: 91642681 ns, Reaching safepoint: 105117 ns, At safepoint: 28199 ns, Total: 133316 ns
[2020-09-11T18:49:05.027+0000][1][safepoint    ] Safepoint "RevokeBias", Time since last: 29030748 ns, Reaching safepoint: 106133 ns, At safepoint: 26025 ns, Total: 132158 ns
[2020-09-11T18:49:05.281+0000][1][safepoint    ] Safepoint "RevokeBias", Time since last: 253268452 ns, Reaching safepoint: 106913 ns, At safepoint: 28454 ns, Total: 135367 ns
[2020-09-11T18:49:05.397+0000][1][safepoint    ] Safepoint "RevokeBias", Time since last: 116345736 ns, Reaching safepoint: 100094 ns, At safepoint: 28679 ns, Total: 128773 ns
[2020-09-11T18:49:06.397+0000][1][safepoint    ] Safepoint "Cleanup", Time since last: 1000112009 ns, Reaching safepoint: 92873 ns, At safepoint: 9317 ns, Total: 102190 ns
[2020-09-11T18:49:07.398+0000][1][safepoint    ] Safepoint "Cleanup", Time since last: 1000112167 ns, Reaching safepoint: 93062 ns, At safepoint: 10401 ns, Total: 103463 ns
[2020-09-11T18:49:08.398+0000][1][safepoint    ] Safepoint "Cleanup", Time since last: 1000109708 ns, Reaching safepoint: 103580 ns, At safepoint: 9809 ns, Total: 113389 ns
[2020-09-11T18:49:08.465+0000][1][safepoint    ] Safepoint "RevokeBias", Time since last: 64925521 ns, Reaching safepoint: 2157975 ns, At safepoint: 28359 ns, Total: 2186334 ns
[2020-09-11T18:49:09.465+0000][1][safepoint    ] Safepoint "Cleanup", Time since last: 1000112972 ns, Reaching safepoint: 96704 ns, At safepoint: 10326 ns, Total: 107030 ns
[2020-09-11T18:49:10.465+0000][1][safepoint    ] Safepoint "Cleanup", Time since last: 1000118194 ns, Reaching safepoint: 96141 ns, At safepoint: 10269 ns, Total: 106410 ns
[2020-09-11T18:49:11.466+0000][1][safepoint    ] Safepoint "Cleanup", Time since last: 1000111654 ns, Reaching safepoint: 92598 ns, At safepoint: 10499 ns, Total: 103097 ns
[2020-09-11T18:49:12.466+0000][1][safepoint    ] Safepoint "Cleanup", Time since last: 1000112550 ns, Reaching safepoint: 92575 ns, At safepoint: 9796 ns, Total: 102371 ns
[2020-09-11T18:49:13.466+0000][1][safepoint    ] Safepoint "Cleanup", Time since last: 1000113988 ns, Reaching safepoint: 94038 ns, At safepoint: 10896 ns, Total: 104934 ns
[2020-09-11T18:49:15.075+0000][1][safepoint    ] Safepoint "RevokeBias", Time since last: 1608944970 ns, Reaching safepoint: 127564 ns, At safepoint: 194547 ns, Total: 322111 ns
[2020-09-11T18:49:15.100+0000][1][safepoint    ] Safepoint "RevokeBias", Time since last: 24428986 ns, Reaching safepoint: 127639 ns, At safepoint: 125114 ns, Total: 252753 ns
[2020-09-11T18:49:15.112+0000][1][safepoint    ] Safepoint "RevokeBias", Time since last: 12337107 ns, Reaching safepoint: 95775 ns, At safepoint: 22701 ns, Total: 118476 ns
[2020-09-11T18:49:15.154+0000][1][safepoint    ] Safepoint "RevokeBias", Time since last: 41392517 ns, Reaching safepoint: 97151 ns, At safepoint: 21428 ns, Total: 118579 ns
[2020-09-11T18:49:15.195+0000][1][safepoint    ] Safepoint "RevokeBias", Time since last: 40500018 ns, Reaching safepoint: 101138 ns, At safepoint: 23715 ns, Total: 124853 ns
[2020-09-11T18:49:15.389+0000][1][safepoint    ] Safepoint "BulkRevokeBias", Time since last: 194406558 ns, Reaching safepoint: 98896 ns, At safepoint: 289241 ns, Total: 388137 ns
[2020-09-11T18:49:15.602+0000][1][safepoint    ] Safepoint "RevokeBias", Time since last: 212616515 ns, Reaching safepoint: 125378 ns, At safepoint: 27680 ns, Total: 153058 ns
[2020-09-11T18:49:16.602+0000][1][safepoint    ] Safepoint "Cleanup", Time since last: 1000110605 ns, Reaching safepoint: 93480 ns, At safepoint: 10023 ns, Total: 103503 ns
[2020-09-11T18:49:17.603+0000][1][safepoint    ] Safepoint "Cleanup", Time since last: 1000111376 ns, Reaching safepoint: 93269 ns, At safepoint: 10358 ns, Total: 103627 ns
[2020-09-11T18:49:18.335+0000][1][gc,start     ] GC(221) Pause Young (Allocation Failure)
[2020-09-11T18:49:18.335+0000][1][gc,task      ] GC(221) Using 1 workers of 1 for evacuation
[2020-09-11T18:49:18.344+0000][1][gc,age       ] GC(221) Desired survivor size 4358144 bytes, new threshold 6 (max threshold 6)
[2020-09-11T18:49:18.344+0000][1][gc,age       ] GC(221) Age table with threshold 6 (max threshold 6)
[2020-09-11T18:49:18.344+0000][1][gc,age       ] GC(221) - age   1:     192440 bytes,     192440 total
[2020-09-11T18:49:18.344+0000][1][gc,age       ] GC(221) - age   2:      49400 bytes,     241840 total
[2020-09-11T18:49:18.344+0000][1][gc,age       ] GC(221) - age   3:      45672 bytes,     287512 total
[2020-09-11T18:49:18.344+0000][1][gc,age       ] GC(221) - age   4:      62856 bytes,     350368 total
[2020-09-11T18:49:18.344+0000][1][gc,age       ] GC(221) - age   5:      18376 bytes,     368744 total
[2020-09-11T18:49:18.344+0000][1][gc,age       ] GC(221) - age   6:        952 bytes,     369696 total
[2020-09-11T18:49:18.344+0000][1][gc,heap      ] GC(221) ParNew: 68948K->616K(76672K)
[2020-09-11T18:49:18.344+0000][1][gc,heap      ] GC(221) CMS: 86901K->86903K(439104K)
[2020-09-11T18:49:18.344+0000][1][gc,metaspace ] GC(221) Metaspace: 99563K->99563K(1140736K)
[2020-09-11T18:49:18.344+0000][1][gc           ] GC(221) Pause Young (Allocation Failure) 152M->85M(503M) 9.067ms
[2020-09-11T18:49:18.344+0000][1][gc,cpu       ] GC(221) User=0.01s Sys=0.00s Real=0.01s
[2020-09-11T18:49:18.344+0000][1][safepoint    ] Safepoint "GenCollectForAllocation", Time since last: 732655357 ns, Reaching safepoint: 170623 ns, At safepoint: 9143074 ns, Total: 9313697 ns
[2020-09-11T18:49:18.446+0000][1][safepoint    ] Safepoint "RevokeBias", Time since last: 101013040 ns, Reaching safepoint: 189785 ns, At safepoint: 22437 ns, Total: 212222 ns
[2020-09-11T18:49:19.446+0000][1][safepoint    ] Safepoint "Cleanup", Time since last: 1000112681 ns, Reaching safepoint: 93205 ns, At safepoint: 11016 ns, Total: 104221 ns
[2020-09-11T18:49:20.446+0000][1][safepoint    ] Safepoint "Cleanup", Time since last: 1000126564 ns, Reaching safepoint: 93504 ns, At safepoint: 10799 ns, Total: 104303 ns
[2020-09-11T18:49:21.446+0000][1][safepoint    ] Safepoint "Cleanup", Time since last: 1000111473 ns, Reaching safepoint: 106421 ns, At safepoint: 11373 ns, Total: 117794 ns
[2020-09-11T18:49:22.447+0000][1][safepoint    ] Safepoint "Cleanup", Time since last: 1000117176 ns, Reaching safepoint: 93393 ns, At safepoint: 11061 ns, Total: 104454 ns
[2020-09-11T18:49:23.447+0000][1][safepoint    ] Safepoint "Cleanup", Time since last: 1000114165 ns, Reaching safepoint: 93896 ns, At safepoint: 10535 ns, Total: 104431 ns
[2020-09-11T18:49:24.447+0000][1][safepoint    ] Safepoint "Cleanup", Time since last: 1000114069 ns, Reaching safepoint: 97601 ns, At safepoint: 10786 ns, Total: 108387 ns
[2020-09-11T18:49:25.063+0000][1][safepoint    ] Safepoint "RevokeBias", Time since last: 615641837 ns, Reaching safepoint: 99406 ns, At safepoint: 26856 ns, Total: 126262 ns
[2020-09-11T18:49:25.273+0000][1][safepoint    ] Safepoint "RevokeBias", Time since last: 210152074 ns, Reaching safepoint: 107339 ns, At safepoint: 27965 ns, Total: 135304 ns
[2020-09-11T18:49:25.373+0000][1][safepoint    ] Safepoint "RevokeBias", Time since last: 100148535 ns, Reaching safepoint: 101404 ns, At safepoint: 28575 ns, Total: 129979 ns
[2020-09-11T18:49:25.417+0000][1][safepoint    ] Safepoint "RevokeBias", Time since last: 43232003 ns, Reaching safepoint: 96168 ns, At safepoint: 60256 ns, Total: 156424 ns
[2020-09-11T18:49:25.460+0000][1][safepoint    ] Safepoint "RevokeBias", Time since last: 42846201 ns, Reaching safepoint: 96212 ns, At safepoint: 23127 ns, Total: 119339 ns
[2020-09-11T18:49:25.491+0000][1][safepoint    ] Safepoint "RevokeBias", Time since last: 30725710 ns, Reaching safepoint: 97035 ns, At safepoint: 23287 ns, Total: 120322 ns
[2020-09-11T18:49:25.708+0000][1][safepoint    ] Safepoint "RevokeBias", Time since last: 217043107 ns, Reaching safepoint: 186337 ns, At safepoint: 27133 ns, Total: 213470 ns
[2020-09-11T18:49:26.708+0000][1][safepoint    ] Safepoint "Cleanup", Time since last: 1000122511 ns, Reaching safepoint: 93098 ns, At safepoint: 10423 ns, Total: 103521 ns
[2020-09-11T18:49:27.708+0000][1][safepoint    ] Safepoint "Cleanup", Time since last: 1000118854 ns, Reaching safepoint: 116509 ns, At safepoint: 11419 ns, Total: 127928 ns
[2020-09-11T18:49:28.446+0000][1][safepoint    ] Safepoint "RevokeBias", Time since last: 737698667 ns, Reaching safepoint: 221002 ns, At safepoint: 28037 ns, Total: 249039 ns
[2020-09-11T18:49:29.447+0000][1][safepoint    ] Safepoint "Cleanup", Time since last: 1000119274 ns, Reaching safepoint: 95329 ns, At safepoint: 9901 ns, Total: 105230 ns
[2020-09-11T18:49:30.447+0000][1][safepoint    ] Safepoint "Cleanup", Time since last: 1000119882 ns, Reaching safepoint: 96578 ns, At safepoint: 10678 ns, Total: 107256 ns
[2020-09-11T18:49:31.447+0000][1][safepoint    ] Safepoint "Cleanup", Time since last: 1000117433 ns, Reaching safepoint: 93985 ns, At safepoint: 10503 ns, Total: 104488 ns
[2020-09-11T18:49:32.447+0000][1][safepoint    ] Safepoint "Cleanup", Time since last: 1000116861 ns, Reaching safepoint: 94263 ns, At safepoint: 10113 ns, Total: 104376 ns
[2020-09-11T18:49:33.447+0000][1][safepoint    ] Safepoint "Cleanup", Time since last: 1000114847 ns, Reaching safepoint: 106205 ns, At safepoint: 10817 ns, Total: 117022 ns
[2020-09-11T18:49:34.448+0000][1][safepoint    ] Safepoint "Cleanup", Time since last: 1000115858 ns, Reaching safepoint: 92941 ns, At safepoint: 9945 ns, Total: 102886 ns
[2020-09-11T18:49:35.118+0000][1][safepoint    ] Safepoint "RevokeBias", Time since last: 669991926 ns, Reaching safepoint: 102157 ns, At safepoint: 28137 ns, Total: 130294 ns
[2020-09-11T18:49:35.519+0000][1][safepoint    ] Safepoint "RevokeBias", Time since last: 400783049 ns, Reaching safepoint: 93536 ns, At safepoint: 21547 ns, Total: 115083 ns
[2020-09-11T18:49:35.561+0000][1][safepoint    ] Safepoint "RevokeBias", Time since last: 42200264 ns, Reaching safepoint: 103123 ns, At safepoint: 27576 ns, Total: 130699 ns
[2020-09-11T18:49:35.590+0000][1][safepoint    ] Safepoint "RevokeBias", Time since last: 28784249 ns, Reaching safepoint: 180209 ns, At safepoint: 28652 ns, Total: 208861 ns
[2020-09-11T18:49:35.628+0000][1][safepoint    ] Safepoint "RevokeBias", Time since last: 37563974 ns, Reaching safepoint: 180358 ns, At safepoint: 28871 ns, Total: 209229 ns
[2020-09-11T18:49:35.774+0000][1][safepoint    ] Safepoint "RevokeBias", Time since last: 146165260 ns, Reaching safepoint: 93420 ns, At safepoint: 21847 ns, Total: 115267 ns
[2020-09-11T18:49:36.001+0000][1][safepoint    ] Safepoint "RevokeBias", Time since last: 226773742 ns, Reaching safepoint: 95368 ns, At safepoint: 25668 ns, Total: 121036 ns
[2020-09-11T18:49:37.001+0000][1][safepoint    ] Safepoint "Cleanup", Time since last: 1000110691 ns, Reaching safepoint: 94449 ns, At safepoint: 9708 ns, Total: 104157 ns
[2020-09-11T18:49:38.001+0000][1][safepoint    ] Safepoint "Cleanup", Time since last: 1000115397 ns, Reaching safepoint: 93985 ns, At safepoint: 10556 ns, Total: 104541 ns
[2020-09-11T18:49:38.375+0000][1][gc,start     ] GC(222) Pause Young (Allocation Failure)
[2020-09-11T18:49:38.375+0000][1][gc,task      ] GC(222) Using 1 workers of 1 for evacuation
[2020-09-11T18:49:38.380+0000][1][gc,age       ] GC(222) Desired survivor size 4358144 bytes, new threshold 6 (max threshold 6)
[2020-09-11T18:49:38.380+0000][1][gc,age       ] GC(222) Age table with threshold 6 (max threshold 6)
[2020-09-11T18:49:38.380+0000][1][gc,age       ] GC(222) - age   1:     126136 bytes,     126136 total
[2020-09-11T18:49:38.380+0000][1][gc,age       ] GC(222) - age   2:      48840 bytes,     174976 total
[2020-09-11T18:49:38.380+0000][1][gc,age       ] GC(222) - age   3:      24624 bytes,     199600 total
[2020-09-11T18:49:38.380+0000][1][gc,age       ] GC(222) - age   4:      45672 bytes,     245272 total
[2020-09-11T18:49:38.380+0000][1][gc,age       ] GC(222) - age   5:      62856 bytes,     308128 total
[2020-09-11T18:49:38.380+0000][1][gc,age       ] GC(222) - age   6:       3280 bytes,     311408 total
[2020-09-11T18:49:38.380+0000][1][gc,heap      ] GC(222) ParNew: 68776K->579K(76672K)
[2020-09-11T18:49:38.380+0000][1][gc,heap      ] GC(222) CMS: 86903K->86904K(439104K)
[2020-09-11T18:49:38.380+0000][1][gc,metaspace ] GC(222) Metaspace: 99581K->99581K(1140736K)
[2020-09-11T18:49:38.380+0000][1][gc           ] GC(222) Pause Young (Allocation Failure) 152M->85M(503M) 4.921ms
[2020-09-11T18:49:38.380+0000][1][gc,cpu       ] GC(222) User=0.01s Sys=0.00s Real=0.00s
[2020-09-11T18:49:38.385+0000][1][safepoint    ] Safepoint "GenCollectForAllocation", Time since last: 373577185 ns, Reaching safepoint: 169298 ns, At safepoint: 9713690 ns, Total: 9882988 ns
[2020-09-11T18:49:38.509+0000][1][safepoint    ] Safepoint "RevokeBias", Time since last: 124101435 ns, Reaching safepoint: 262878 ns, At safepoint: 28573 ns, Total: 291451 ns
[2020-09-11T18:49:39.509+0000][1][safepoint    ] Safepoint "Cleanup", Time since last: 1000112777 ns, Reaching safepoint: 95499 ns, At safepoint: 11004 ns, Total: 106503 ns
[2020-09-11T18:49:40.510+0000][1][safepoint    ] Safepoint "Cleanup", Time since last: 1000115719 ns, Reaching safepoint: 107949 ns, At safepoint: 11646 ns, Total: 119595 ns
[2020-09-11T18:49:41.510+0000][1][safepoint    ] Safepoint "Cleanup", Time since last: 1000115259 ns, Reaching safepoint: 96374 ns, At safepoint: 10198 ns, Total: 106572 ns
[2020-09-11T18:49:42.510+0000][1][safepoint    ] Safepoint "Cleanup", Time since last: 1000118823 ns, Reaching safepoint: 114882 ns, At safepoint: 11084 ns, Total: 125966 ns
[2020-09-11T18:49:43.510+0000][1][safepoint    ] Safepoint "Cleanup", Time since last: 1000110191 ns, Reaching safepoint: 93649 ns, At safepoint: 11220 ns, Total: 104869 ns
[2020-09-11T18:49:44.511+0000][1][safepoint    ] Safepoint "Cleanup", Time since last: 1000113148 ns, Reaching safepoint: 92747 ns, At safepoint: 11448 ns, Total: 104195 ns
[2020-09-11T18:49:45.073+0000][1][safepoint    ] Safepoint "RevokeBias", Time since last: 562399021 ns, Reaching safepoint: 100316 ns, At safepoint: 26994 ns, Total: 127310 ns
[2020-09-11T18:49:45.683+0000][1][safepoint    ] Safepoint "RevokeBias", Time since last: 609369585 ns, Reaching safepoint: 177738 ns, At safepoint: 27949 ns, Total: 205687 ns
[2020-09-11T18:49:45.710+0000][1][safepoint    ] Safepoint "RevokeBias", Time since last: 26795034 ns, Reaching safepoint: 175662 ns, At safepoint: 26438 ns, Total: 202100 ns
[2020-09-11T18:49:45.786+0000][1][safepoint    ] Safepoint "RevokeBias", Time since last: 76634224 ns, Reaching safepoint: 101442 ns, At safepoint: 27314 ns, Total: 128756 ns
[2020-09-11T18:49:45.974+0000][1][safepoint    ] Safepoint "RevokeBias", Time since last: 187681541 ns, Reaching safepoint: 101279 ns, At safepoint: 27497 ns, Total: 128776 ns
[2020-09-11T18:49:46.218+0000][1][safepoint    ] Safepoint "RevokeBias", Time since last: 243274686 ns, Reaching safepoint: 99161 ns, At safepoint: 27979 ns, Total: 127140 ns
[2020-09-11T18:49:46.395+0000][1][safepoint    ] Safepoint "RevokeBias", Time since last: 176944806 ns, Reaching safepoint: 100121 ns, At safepoint: 26677 ns, Total: 126798 ns
[2020-09-11T18:49:47.395+0000][1][safepoint    ] Safepoint "Cleanup", Time since last: 1000128194 ns, Reaching safepoint: 97937 ns, At safepoint: 11493 ns, Total: 109430 ns
[2020-09-11T18:49:48.417+0000][1][safepoint    ] Safepoint "Cleanup", Time since last: 1021340113 ns, Reaching safepoint: 392245 ns, At safepoint: 29289 ns, Total: 421534 ns
[2020-09-11T18:49:48.504+0000][1][safepoint    ] Safepoint "RevokeBias", Time since last: 87177900 ns, Reaching safepoint: 103511 ns, At safepoint: 24228 ns, Total: 127739 ns
[2020-09-11T18:49:49.504+0000][1][safepoint    ] Safepoint "Cleanup", Time since last: 1000110673 ns, Reaching safepoint: 93099 ns, At safepoint: 10908 ns, Total: 104007 ns
[2020-09-11T18:49:50.505+0000][1][safepoint    ] Safepoint "Cleanup", Time since last: 1000566260 ns, Reaching safepoint: 97207 ns, At safepoint: 10441 ns, Total: 107648 ns
[2020-09-11T18:49:51.505+0000][1][safepoint    ] Safepoint "Cleanup", Time since last: 1000121646 ns, Reaching safepoint: 93819 ns, At safepoint: 10706 ns, Total: 104525 ns
[2020-09-11T18:49:52.505+0000][1][safepoint    ] Safepoint "Cleanup", Time since last: 1000112052 ns, Reaching safepoint: 94654 ns, At safepoint: 10744 ns, Total: 105398 ns
[2020-09-11T18:49:53.506+0000][1][safepoint    ] Safepoint "Cleanup", Time since last: 1000109530 ns, Reaching safepoint: 92266 ns, At safepoint: 10743 ns, Total: 103009 ns
[2020-09-11T18:49:54.405+0000][1][gc,start     ] GC(223) Pause Young (Allocation Failure)
[2020-09-11T18:49:54.405+0000][1][gc,task      ] GC(223) Using 1 workers of 1 for evacuation
[2020-09-11T18:49:54.411+0000][1][gc,age       ] GC(223) Desired survivor size 4358144 bytes, new threshold 6 (max threshold 6)
[2020-09-11T18:49:54.411+0000][1][gc,age       ] GC(223) Age table with threshold 6 (max threshold 6)
[2020-09-11T18:49:54.411+0000][1][gc,age       ] GC(223) - age   1:     140024 bytes,     140024 total
[2020-09-11T18:49:54.411+0000][1][gc,age       ] GC(223) - age   2:      63552 bytes,     203576 total
[2020-09-11T18:49:54.411+0000][1][gc,age       ] GC(223) - age   3:      44216 bytes,     247792 total
[2020-09-11T18:49:54.411+0000][1][gc,age       ] GC(223) - age   4:      24280 bytes,     272072 total
[2020-09-11T18:49:54.412+0000][1][gc,age       ] GC(223) - age   5:      45632 bytes,     317704 total
[2020-09-11T18:49:54.412+0000][1][gc,age       ] GC(223) - age   6:      30264 bytes,     347968 total
[2020-09-11T18:49:54.412+0000][1][gc,heap      ] GC(223) ParNew: 68739K->372K(76672K)
[2020-09-11T18:49:54.412+0000][1][gc,heap      ] GC(223) CMS: 86904K->86908K(439104K)
[2020-09-11T18:49:54.412+0000][1][gc,metaspace ] GC(223) Metaspace: 99583K->99583K(1140736K)
[2020-09-11T18:49:54.412+0000][1][gc           ] GC(223) Pause Young (Allocation Failure) 151M->85M(503M) 6.721ms
[2020-09-11T18:49:54.412+0000][1][gc,cpu       ] GC(223) User=0.00s Sys=0.00s Real=0.00s
[2020-09-11T18:49:54.412+0000][1][safepoint    ] Safepoint "GenCollectForAllocation", Time since last: 895845691 ns, Reaching safepoint: 3449610 ns, At safepoint: 6790184 ns, Total: 10239794 ns
[2020-09-11T18:49:55.107+0000][1][safepoint    ] Safepoint "RevokeBias", Time since last: 695312406 ns, Reaching safepoint: 102774 ns, At safepoint: 40067 ns, Total: 142841 ns
[2020-09-11T18:49:56.019+0000][1][safepoint    ] Safepoint "RevokeBias", Time since last: 911322978 ns, Reaching safepoint: 100669 ns, At safepoint: 34731 ns, Total: 135400 ns
[2020-09-11T18:49:56.042+0000][1][safepoint    ] Safepoint "RevokeBias", Time since last: 23169683 ns, Reaching safepoint: 96956 ns, At safepoint: 34530 ns, Total: 131486 ns
[2020-09-11T18:49:56.068+0000][1][safepoint    ] Safepoint "RevokeBias", Time since last: 25946140 ns, Reaching safepoint: 171906 ns, At safepoint: 23443 ns, Total: 195349 ns
[2020-09-11T18:49:56.110+0000][1][safepoint    ] Safepoint "RevokeBias", Time since last: 41610578 ns, Reaching safepoint: 95543 ns, At safepoint: 22416 ns, Total: 117959 ns
[2020-09-11T18:49:56.135+0000][1][safepoint    ] Safepoint "RevokeBias", Time since last: 24664201 ns, Reaching safepoint: 94816 ns, At safepoint: 22589 ns, Total: 117405 ns
[2020-09-11T18:49:56.357+0000][1][safepoint    ] Safepoint "RevokeBias", Time since last: 222128911 ns, Reaching safepoint: 99149 ns, At safepoint: 49573 ns, Total: 148722 ns
[2020-09-11T18:49:57.357+0000][1][safepoint    ] Safepoint "Cleanup", Time since last: 1000109014 ns, Reaching safepoint: 93944 ns, At safepoint: 11325 ns, Total: 105269 ns
[2020-09-11T18:49:58.357+0000][1][safepoint    ] Safepoint "Cleanup", Time since last: 1000114955 ns, Reaching safepoint: 93113 ns, At safepoint: 9974 ns, Total: 103087 ns
[2020-09-11T18:49:58.516+0000][1][safepoint    ] Safepoint "RevokeBias", Time since last: 152343136 ns, Reaching safepoint: 6695511 ns, At safepoint: 37366 ns, Total: 6732877 ns
[2020-09-11T18:49:59.517+0000][1][safepoint    ] Safepoint "Cleanup", Time since last: 1000123111 ns, Reaching safepoint: 101747 ns, At safepoint: 10090 ns, Total: 111837 ns
[2020-09-11T18:50:00.517+0000][1][safepoint    ] Safepoint "Cleanup", Time since last: 1000130757 ns, Reaching safepoint: 115581 ns, At safepoint: 9611 ns, Total: 125192 ns
[2020-09-11T18:50:01.517+0000][1][safepoint    ] Safepoint "Cleanup", Time since last: 1000109678 ns, Reaching safepoint: 92677 ns, At safepoint: 10282 ns, Total: 102959 ns
[2020-09-11T18:50:02.517+0000][1][safepoint    ] Safepoint "Cleanup", Time since last: 1000113633 ns, Reaching safepoint: 93032 ns, At safepoint: 20141 ns, Total: 113173 ns
[2020-09-11T18:50:03.517+0000][1][safepoint    ] Safepoint "Cleanup", Time since last: 1000119856 ns, Reaching safepoint: 98409 ns, At safepoint: 10674 ns, Total: 109083 ns
[2020-09-11T18:50:04.518+0000][1][safepoint    ] Safepoint "Cleanup", Time since last: 1000111983 ns, Reaching safepoint: 90099 ns, At safepoint: 10360 ns, Total: 100459 ns
[2020-09-11T18:50:05.103+0000][1][safepoint    ] Safepoint "RevokeBias", Time since last: 585477889 ns, Reaching safepoint: 101415 ns, At safepoint: 27693 ns, Total: 129108 ns
[2020-09-11T18:50:06.103+0000][1][safepoint    ] Safepoint "Cleanup", Time since last: 1000112417 ns, Reaching safepoint: 92818 ns, At safepoint: 11265 ns, Total: 104083 ns
[2020-09-11T18:50:06.174+0000][1][safepoint    ] Safepoint "RevokeBias", Time since last: 70458066 ns, Reaching safepoint: 184716 ns, At safepoint: 27856 ns, Total: 212572 ns
[2020-09-11T18:50:06.200+0000][1][safepoint    ] Safepoint "RevokeBias", Time since last: 25512523 ns, Reaching safepoint: 101258 ns, At safepoint: 26194 ns, Total: 127452 ns
[2020-09-11T18:50:06.241+0000][1][safepoint    ] Safepoint "RevokeBias", Time since last: 40901563 ns, Reaching safepoint: 130215 ns, At safepoint: 26950 ns, Total: 157165 ns
[2020-09-11T18:50:06.300+0000][1][safepoint    ] Safepoint "RevokeBias", Time since last: 59277941 ns, Reaching safepoint: 101007 ns, At safepoint: 25462 ns, Total: 126469 ns
[2020-09-11T18:50:06.330+0000][1][safepoint    ] Safepoint "BulkRevokeBias", Time since last: 29191992 ns, Reaching safepoint: 98043 ns, At safepoint: 247208 ns, Total: 345251 ns
[2020-09-11T18:50:06.548+0000][1][safepoint    ] Safepoint "RevokeBias", Time since last: 217665762 ns, Reaching safepoint: 125348 ns, At safepoint: 27611 ns, Total: 152959 ns
[2020-09-11T18:50:07.548+0000][1][safepoint    ] Safepoint "Cleanup", Time since last: 1000111670 ns, Reaching safepoint: 90737 ns, At safepoint: 10382 ns, Total: 101119 ns
[2020-09-11T18:50:08.462+0000][1][safepoint    ] Safepoint "RevokeBias", Time since last: 913967249 ns, Reaching safepoint: 248814 ns, At safepoint: 224029 ns, Total: 472843 ns
[2020-09-11T18:50:09.462+0000][1][safepoint    ] Safepoint "Cleanup", Time since last: 1000114211 ns, Reaching safepoint: 92778 ns, At safepoint: 11400 ns, Total: 104178 ns
[2020-09-11T18:50:10.463+0000][1][safepoint    ] Safepoint "Cleanup", Time since last: 1000111772 ns, Reaching safepoint: 94189 ns, At safepoint: 10532 ns, Total: 104721 ns
[2020-09-11T18:50:11.463+0000][1][safepoint    ] Safepoint "Cleanup", Time since last: 1000113805 ns, Reaching safepoint: 93929 ns, At safepoint: 10987 ns, Total: 104916 ns
[2020-09-11T18:50:12.463+0000][1][safepoint    ] Safepoint "Cleanup", Time since last: 1000108982 ns, Reaching safepoint: 92461 ns, At safepoint: 9021 ns, Total: 101482 ns
[2020-09-11T18:50:13.463+0000][1][safepoint    ] Safepoint "Cleanup", Time since last: 1000111027 ns, Reaching safepoint: 114939 ns, At safepoint: 10704 ns, Total: 125643 ns
[2020-09-11T18:50:13.523+0000][1][gc,start     ] GC(224) Pause Young (Allocation Failure)
[2020-09-11T18:50:13.523+0000][1][gc,task      ] GC(224) Using 1 workers of 1 for evacuation
[2020-09-11T18:50:13.528+0000][1][gc,age       ] GC(224) Desired survivor size 4358144 bytes, new threshold 6 (max threshold 6)
[2020-09-11T18:50:13.528+0000][1][gc,age       ] GC(224) Age table with threshold 6 (max threshold 6)
[2020-09-11T18:50:13.528+0000][1][gc,age       ] GC(224) - age   1:     145472 bytes,     145472 total
[2020-09-11T18:50:13.528+0000][1][gc,age       ] GC(224) - age   2:      92840 bytes,     238312 total
[2020-09-11T18:50:13.528+0000][1][gc,age       ] GC(224) - age   3:      51072 bytes,     289384 total
[2020-09-11T18:50:13.528+0000][1][gc,age       ] GC(224) - age   4:      43672 bytes,     333056 total
[2020-09-11T18:50:13.528+0000][1][gc,age       ] GC(224) - age   5:      24184 bytes,     357240 total
[2020-09-11T18:50:13.528+0000][1][gc,age       ] GC(224) - age   6:       1600 bytes,     358840 total
[2020-09-11T18:50:13.528+0000][1][gc,heap      ] GC(224) ParNew: 68498K->602K(76672K)
[2020-09-11T18:50:13.528+0000][1][gc,heap      ] GC(224) CMS: 86908K->86909K(439104K)
[2020-09-11T18:50:13.528+0000][1][gc,metaspace ] GC(224) Metaspace: 99593K->99593K(1140736K)
[2020-09-11T18:50:13.528+0000][1][gc           ] GC(224) Pause Young (Allocation Failure) 151M->85M(503M) 5.075ms
[2020-09-11T18:50:13.528+0000][1][gc,cpu       ] GC(224) User=0.01s Sys=0.00s Real=0.00s
[2020-09-11T18:50:13.533+0000][1][safepoint    ] Safepoint "GenCollectForAllocation", Time since last: 59613213 ns, Reaching safepoint: 165139 ns, At safepoint: 9629242 ns, Total: 9794381 ns
[2020-09-11T18:50:14.533+0000][1][safepoint    ] Safepoint "Cleanup", Time since last: 1000290481 ns, Reaching safepoint: 168914 ns, At safepoint: 23352 ns, Total: 192266 ns
[2020-09-11T18:50:15.112+0000][1][safepoint    ] Safepoint "RevokeBias", Time since last: 578595959 ns, Reaching safepoint: 102300 ns, At safepoint: 40224 ns, Total: 142524 ns
[2020-09-11T18:50:16.112+0000][1][safepoint    ] Safepoint "Cleanup", Time since last: 1000114873 ns, Reaching safepoint: 92607 ns, At safepoint: 24978 ns, Total: 117585 ns
[2020-09-11T18:50:16.346+0000][1][safepoint    ] Safepoint "RevokeBias", Time since last: 233202490 ns, Reaching safepoint: 99966 ns, At safepoint: 40285 ns, Total: 140251 ns
[2020-09-11T18:50:16.394+0000][1][safepoint    ] Safepoint "RevokeBias", Time since last: 48768387 ns, Reaching safepoint: 102936 ns, At safepoint: 23582 ns, Total: 126518 ns
[2020-09-11T18:50:16.437+0000][1][safepoint    ] Safepoint "RevokeBias", Time since last: 42456390 ns, Reaching safepoint: 100829 ns, At safepoint: 25413 ns, Total: 126242 ns
[2020-09-11T18:50:16.475+0000][1][safepoint    ] Safepoint "RevokeBias", Time since last: 37700324 ns, Reaching safepoint: 94250 ns, At safepoint: 23559 ns, Total: 117809 ns
[2020-09-11T18:50:16.494+0000][1][safepoint    ] Safepoint "RevokeBias", Time since last: 18730973 ns, Reaching safepoint: 170984 ns, At safepoint: 25346 ns, Total: 196330 ns
[2020-09-11T18:50:16.799+0000][1][safepoint    ] Safepoint "RevokeBias", Time since last: 304706789 ns, Reaching safepoint: 108889 ns, At safepoint: 30044 ns, Total: 138933 ns
[2020-09-11T18:50:17.799+0000][1][safepoint    ] Safepoint "Cleanup", Time since last: 1000116171 ns, Reaching safepoint: 96749 ns, At safepoint: 10295 ns, Total: 107044 ns
[2020-09-11T18:50:18.469+0000][1][safepoint    ] Safepoint "RevokeBias", Time since last: 670280955 ns, Reaching safepoint: 194241 ns, At safepoint: 23102 ns, Total: 217343 ns
[2020-09-11T18:50:19.470+0000][1][safepoint    ] Safepoint "Cleanup", Time since last: 1000118857 ns, Reaching safepoint: 99408 ns, At safepoint: 11105 ns, Total: 110513 ns
[2020-09-11T18:50:20.470+0000][1][safepoint    ] Safepoint "Cleanup", Time since last: 1000113710 ns, Reaching safepoint: 113475 ns, At safepoint: 11759 ns, Total: 125234 ns
[2020-09-11T18:50:21.470+0000][1][safepoint    ] Safepoint "Cleanup", Time since last: 1000128477 ns, Reaching safepoint: 102009 ns, At safepoint: 14797 ns, Total: 116806 ns
[2020-09-11T18:50:22.470+0000][1][safepoint    ] Safepoint "Cleanup", Time since last: 1000118010 ns, Reaching safepoint: 97342 ns, At safepoint: 11221 ns, Total: 108563 ns
[2020-09-11T18:50:23.471+0000][1][safepoint    ] Safepoint "Cleanup", Time since last: 1000113970 ns, Reaching safepoint: 124305 ns, At safepoint: 12415 ns, Total: 136720 ns
[2020-09-11T18:50:24.471+0000][1][safepoint    ] Safepoint "Cleanup", Time since last: 1000115693 ns, Reaching safepoint: 94510 ns, At safepoint: 10210 ns, Total: 104720 ns
[2020-09-11T18:50:25.067+0000][1][safepoint    ] Safepoint "RevokeBias", Time since last: 596141244 ns, Reaching safepoint: 179353 ns, At safepoint: 37645 ns, Total: 216998 ns
[2020-09-11T18:50:26.067+0000][1][safepoint    ] Safepoint "Cleanup", Time since last: 1000108952 ns, Reaching safepoint: 88746 ns, At safepoint: 9536 ns, Total: 98282 ns
[2020-09-11T18:50:26.593+0000][1][safepoint    ] Safepoint "RevokeBias", Time since last: 525462746 ns, Reaching safepoint: 99318 ns, At safepoint: 22684 ns, Total: 122002 ns
[2020-09-11T18:50:26.631+0000][1][safepoint    ] Safepoint "RevokeBias", Time since last: 37999595 ns, Reaching safepoint: 98481 ns, At safepoint: 22198 ns, Total: 120679 ns
[2020-09-11T18:50:26.649+0000][1][safepoint    ] Safepoint "RevokeBias", Time since last: 18136667 ns, Reaching safepoint: 104878 ns, At safepoint: 21791 ns, Total: 126669 ns
[2020-09-11T18:50:26.675+0000][1][safepoint    ] Safepoint "RevokeBias", Time since last: 25368202 ns, Reaching safepoint: 91816 ns, At safepoint: 21762 ns, Total: 113578 ns
[2020-09-11T18:50:26.764+0000][1][safepoint    ] Safepoint "RevokeBias", Time since last: 89238634 ns, Reaching safepoint: 103328 ns, At safepoint: 30185 ns, Total: 133513 ns
[2020-09-11T18:50:27.249+0000][1][safepoint    ] Safepoint "RevokeBias", Time since last: 483003867 ns, Reaching safepoint: 1700885 ns, At safepoint: 30662 ns, Total: 1731547 ns
[2020-09-11T18:50:28.249+0000][1][safepoint    ] Safepoint "Cleanup", Time since last: 1000116318 ns, Reaching safepoint: 96663 ns, At safepoint: 10395 ns, Total: 107058 ns
[2020-09-11T18:50:28.482+0000][1][safepoint    ] Safepoint "RevokeBias", Time since last: 232749578 ns, Reaching safepoint: 200427 ns, At safepoint: 28080 ns, Total: 228507 ns
[2020-09-11T18:50:28.565+0000][1][gc,start     ] GC(225) Pause Young (Allocation Failure)
[2020-09-11T18:50:28.565+0000][1][gc,task      ] GC(225) Using 1 workers of 1 for evacuation
[2020-09-11T18:50:28.587+0000][1][gc,age       ] GC(225) Desired survivor size 4358144 bytes, new threshold 6 (max threshold 6)
[2020-09-11T18:50:28.587+0000][1][gc,age       ] GC(225) Age table with threshold 6 (max threshold 6)
[2020-09-11T18:50:28.587+0000][1][gc,age       ] GC(225) - age   1:     685456 bytes,     685456 total
[2020-09-11T18:50:28.587+0000][1][gc,age       ] GC(225) - age   2:      92992 bytes,     778448 total
[2020-09-11T18:50:28.587+0000][1][gc,age       ] GC(225) - age   3:      71720 bytes,     850168 total
[2020-09-11T18:50:28.587+0000][1][gc,age       ] GC(225) - age   4:      46576 bytes,     896744 total
[2020-09-11T18:50:28.587+0000][1][gc,age       ] GC(225) - age   5:      43672 bytes,     940416 total
[2020-09-11T18:50:28.587+0000][1][gc,age       ] GC(225) - age   6:       5584 bytes,     946000 total
[2020-09-11T18:50:28.587+0000][1][gc,heap      ] GC(225) ParNew: 68750K->1014K(76672K)
[2020-09-11T18:50:28.587+0000][1][gc,heap      ] GC(225) CMS: 86909K->86910K(439104K)
[2020-09-11T18:50:28.587+0000][1][gc,metaspace ] GC(225) Metaspace: 99619K->99619K(1140736K)
[2020-09-11T18:50:28.587+0000][1][gc           ] GC(225) Pause Young (Allocation Failure) 152M->85M(503M) 21.690ms
[2020-09-11T18:50:28.587+0000][1][gc,cpu       ] GC(225) User=0.01s Sys=0.00s Real=0.02s
[2020-09-11T18:50:28.593+0000][1][safepoint    ] Safepoint "GenCollectForAllocation", Time since last: 76202244 ns, Reaching safepoint: 7087036 ns, At safepoint: 27389687 ns, Total: 34476723 ns
[2020-09-11T18:50:29.597+0000][1][safepoint    ] Safepoint "Cleanup", Time since last: 1004281155 ns, Reaching safepoint: 94511 ns, At safepoint: 10891 ns, Total: 105402 ns
[2020-09-11T18:50:30.597+0000][1][safepoint    ] Safepoint "Cleanup", Time since last: 1000114937 ns, Reaching safepoint: 89502 ns, At safepoint: 9216 ns, Total: 98718 ns
[2020-09-11T18:50:31.598+0000][1][safepoint    ] Safepoint "Cleanup", Time since last: 1000112949 ns, Reaching safepoint: 97239 ns, At safepoint: 10340 ns, Total: 107579 ns
[2020-09-11T18:50:32.598+0000][1][safepoint    ] Safepoint "Cleanup", Time since last: 1000112944 ns, Reaching safepoint: 91830 ns, At safepoint: 9466 ns, Total: 101296 ns
[2020-09-11T18:50:33.598+0000][1][safepoint    ] Safepoint "Cleanup", Time since last: 1000126791 ns, Reaching safepoint: 93518 ns, At safepoint: 10451 ns, Total: 103969 ns
[2020-09-11T18:50:34.598+0000][1][safepoint    ] Safepoint "Cleanup", Time since last: 1000110816 ns, Reaching safepoint: 92999 ns, At safepoint: 10525 ns, Total: 103524 ns
[2020-09-11T18:50:35.122+0000][1][safepoint    ] Safepoint "RevokeBias", Time since last: 523892657 ns, Reaching safepoint: 178794 ns, At safepoint: 28352 ns, Total: 207146 ns
[2020-09-11T18:50:36.123+0000][1][safepoint    ] Safepoint "Cleanup", Time since last: 1000109418 ns, Reaching safepoint: 95088 ns, At safepoint: 10272 ns, Total: 105360 ns
[2020-09-11T18:50:36.734+0000][1][safepoint    ] Safepoint "RevokeBias", Time since last: 611143203 ns, Reaching safepoint: 179209 ns, At safepoint: 27896 ns, Total: 207105 ns
[2020-09-11T18:50:36.770+0000][1][safepoint    ] Safepoint "RevokeBias", Time since last: 35744647 ns, Reaching safepoint: 97658 ns, At safepoint: 28205 ns, Total: 125863 ns
[2020-09-11T18:50:36.806+0000][1][safepoint    ] Safepoint "RevokeBias", Time since last: 35947601 ns, Reaching safepoint: 178008 ns, At safepoint: 28703 ns, Total: 206711 ns
[2020-09-11T18:50:36.831+0000][1][safepoint    ] Safepoint "RevokeBias", Time since last: 24852160 ns, Reaching safepoint: 176048 ns, At safepoint: 28184 ns, Total: 204232 ns
[2020-09-11T18:50:36.865+0000][1][safepoint    ] Safepoint "RevokeBias", Time since last: 33978735 ns, Reaching safepoint: 100416 ns, At safepoint: 27951 ns, Total: 128367 ns
[2020-09-11T18:50:37.040+0000][1][safepoint    ] Safepoint "RevokeBias", Time since last: 174427608 ns, Reaching safepoint: 113938 ns, At safepoint: 27275 ns, Total: 141213 ns
[2020-09-11T18:50:38.040+0000][1][safepoint    ] Safepoint "Cleanup", Time since last: 1000158563 ns, Reaching safepoint: 88493 ns, At safepoint: 9266 ns, Total: 97759 ns
[2020-09-11T18:50:38.473+0000][1][safepoint    ] Safepoint "RevokeBias", Time since last: 431541023 ns, Reaching safepoint: 1424850 ns, At safepoint: 204694 ns, Total: 1629544 ns
[2020-09-11T18:50:39.473+0000][1][safepoint    ] Safepoint "Cleanup", Time since last: 1000112087 ns, Reaching safepoint: 97636 ns, At safepoint: 11173 ns, Total: 108809 ns
[2020-09-11T18:50:40.474+0000][1][safepoint    ] Safepoint "Cleanup", Time since last: 1000113597 ns, Reaching safepoint: 95088 ns, At safepoint: 9938 ns, Total: 105026 ns
[2020-09-11T18:50:41.474+0000][1][safepoint    ] Safepoint "Cleanup", Time since last: 1000116085 ns, Reaching safepoint: 93085 ns, At safepoint: 7771 ns, Total: 100856 ns
[2020-09-11T18:50:42.474+0000][1][safepoint    ] Safepoint "Cleanup", Time since last: 1000117034 ns, Reaching safepoint: 94967 ns, At safepoint: 10756 ns, Total: 105723 ns
[2020-09-11T18:50:43.475+0000][1][safepoint    ] Safepoint "Cleanup", Time since last: 1000519624 ns, Reaching safepoint: 90048 ns, At safepoint: 9352 ns, Total: 99400 ns
[2020-09-11T18:50:44.475+0000][1][safepoint    ] Safepoint "Cleanup", Time since last: 1000114364 ns, Reaching safepoint: 110572 ns, At safepoint: 9420 ns, Total: 119992 ns
[2020-09-11T18:50:45.076+0000][1][safepoint    ] Safepoint "RevokeBias", Time since last: 601332621 ns, Reaching safepoint: 99380 ns, At safepoint: 41317 ns, Total: 140697 ns
[2020-09-11T18:50:46.077+0000][1][safepoint    ] Safepoint "Cleanup", Time since last: 1000110872 ns, Reaching safepoint: 97264 ns, At safepoint: 11267 ns, Total: 108531 ns
[2020-09-11T18:50:46.878+0000][1][safepoint    ] Safepoint "RevokeBias", Time since last: 800800487 ns, Reaching safepoint: 178561 ns, At safepoint: 27361 ns, Total: 205922 ns
[2020-09-11T18:50:46.935+0000][1][safepoint    ] Safepoint "RevokeBias", Time since last: 57400754 ns, Reaching safepoint: 180216 ns, At safepoint: 28349 ns, Total: 208565 ns
[2020-09-11T18:50:47.048+0000][1][safepoint    ] Safepoint "RevokeBias", Time since last: 112993562 ns, Reaching safepoint: 100904 ns, At safepoint: 28500 ns, Total: 129404 ns
[2020-09-11T18:50:47.075+0000][1][safepoint    ] Safepoint "RevokeBias", Time since last: 26784358 ns, Reaching safepoint: 99127 ns, At safepoint: 26865 ns, Total: 125992 ns
[2020-09-11T18:50:47.097+0000][1][safepoint    ] Safepoint "RevokeBias", Time since last: 22082100 ns, Reaching safepoint: 95603 ns, At safepoint: 23611 ns, Total: 119214 ns
[2020-09-11T18:50:47.222+0000][1][safepoint    ] Safepoint "RevokeBias", Time since last: 124498514 ns, Reaching safepoint: 102481 ns, At safepoint: 27810 ns, Total: 130291 ns
[2020-09-11T18:50:48.222+0000][1][safepoint    ] Safepoint "Cleanup", Time since last: 1000110734 ns, Reaching safepoint: 95080 ns, At safepoint: 9969 ns, Total: 105049 ns
[2020-09-11T18:50:48.453+0000][1][safepoint    ] Safepoint "RevokeBias", Time since last: 227268590 ns, Reaching safepoint: 3407152 ns, At safepoint: 28293 ns, Total: 3435445 ns
[2020-09-11T18:50:48.517+0000][1][gc,start     ] GC(226) Pause Young (Allocation Failure)
[2020-09-11T18:50:48.517+0000][1][gc,task      ] GC(226) Using 1 workers of 1 for evacuation
[2020-09-11T18:50:48.527+0000][1][gc,age       ] GC(226) Desired survivor size 4358144 bytes, new threshold 6 (max threshold 6)
[2020-09-11T18:50:48.527+0000][1][gc,age       ] GC(226) Age table with threshold 6 (max threshold 6)
[2020-09-11T18:50:48.527+0000][1][gc,age       ] GC(226) - age   1:     632936 bytes,     632936 total
[2020-09-11T18:50:48.527+0000][1][gc,age       ] GC(226) - age   2:      33760 bytes,     666696 total
[2020-09-11T18:50:48.527+0000][1][gc,age       ] GC(226) - age   3:      84056 bytes,     750752 total
[2020-09-11T18:50:48.527+0000][1][gc,age       ] GC(226) - age   4:      71720 bytes,     822472 total
[2020-09-11T18:50:48.527+0000][1][gc,age       ] GC(226) - age   5:      46264 bytes,     868736 total
[2020-09-11T18:50:48.527+0000][1][gc,age       ] GC(226) - age   6:      33592 bytes,     902328 total
[2020-09-11T18:50:48.527+0000][1][gc,heap      ] GC(226) ParNew: 69136K->1554K(76672K)
[2020-09-11T18:50:48.527+0000][1][gc,heap      ] GC(226) CMS: 86910K->86915K(439104K)
[2020-09-11T18:50:48.527+0000][1][gc,metaspace ] GC(226) Metaspace: 99627K->99627K(1140736K)
[2020-09-11T18:50:48.527+0000][1][gc           ] GC(226) Pause Young (Allocation Failure) 152M->86M(503M) 10.273ms
[2020-09-11T18:50:48.527+0000][1][gc,cpu       ] GC(226) User=0.01s Sys=0.00s Real=0.01s
[2020-09-11T18:50:48.527+0000][1][safepoint    ] Safepoint "GenCollectForAllocation", Time since last: 61043875 ns, Reaching safepoint: 2887996 ns, At safepoint: 10540711 ns, Total: 13428707 ns
[2020-09-11T18:50:49.541+0000][1][safepoint    ] Safepoint "Cleanup", Time since last: 1013454921 ns, Reaching safepoint: 94517 ns, At safepoint: 10717 ns, Total: 105234 ns
[2020-09-11T18:50:50.541+0000][1][safepoint    ] Safepoint "Cleanup", Time since last: 1000115347 ns, Reaching safepoint: 96006 ns, At safepoint: 9840 ns, Total: 105846 ns
[2020-09-11T18:50:51.541+0000][1][safepoint    ] Safepoint "Cleanup", Time since last: 1000139226 ns, Reaching safepoint: 92537 ns, At safepoint: 10484 ns, Total: 103021 ns
[2020-09-11T18:50:52.542+0000][1][safepoint    ] Safepoint "Cleanup", Time since last: 1000114263 ns, Reaching safepoint: 103559 ns, At safepoint: 20365 ns, Total: 123924 ns
[2020-09-11T18:50:53.542+0000][1][safepoint    ] Safepoint "Cleanup", Time since last: 1000124667 ns, Reaching safepoint: 91932 ns, At safepoint: 11239 ns, Total: 103171 ns
[2020-09-11T18:50:54.542+0000][1][safepoint    ] Safepoint "Cleanup", Time since last: 1000112855 ns, Reaching safepoint: 93813 ns, At safepoint: 9693 ns, Total: 103506 ns
[2020-09-11T18:50:55.110+0000][1][safepoint    ] Safepoint "RevokeBias", Time since last: 568086481 ns, Reaching safepoint: 177590 ns, At safepoint: 27688 ns, Total: 205278 ns
[2020-09-11T18:50:56.111+0000][1][safepoint    ] Safepoint "Cleanup", Time since last: 1000111287 ns, Reaching safepoint: 95206 ns, At safepoint: 10827 ns, Total: 106033 ns
[2020-09-11T18:50:57.111+0000][1][safepoint    ] Safepoint "Cleanup", Time since last: 1000111471 ns, Reaching safepoint: 126378 ns, At safepoint: 11025 ns, Total: 137403 ns
[2020-09-11T18:50:57.124+0000][1][safepoint    ] Safepoint "RevokeBias", Time since last: 12621004 ns, Reaching safepoint: 100439 ns, At safepoint: 26093 ns, Total: 126532 ns
[2020-09-11T18:50:57.162+0000][1][safepoint    ] Safepoint "RevokeBias", Time since last: 37705414 ns, Reaching safepoint: 179443 ns, At safepoint: 27709 ns, Total: 207152 ns
[2020-09-11T18:50:57.188+0000][1][safepoint    ] Safepoint "RevokeBias", Time since last: 26048524 ns, Reaching safepoint: 814971 ns, At safepoint: 25072 ns, Total: 840043 ns
[2020-09-11T18:50:57.209+0000][1][safepoint    ] Safepoint "RevokeBias", Time since last: 20560669 ns, Reaching safepoint: 96443 ns, At safepoint: 23510 ns, Total: 119953 ns
[2020-09-11T18:50:57.240+0000][1][safepoint    ] Safepoint "BulkRevokeBias", Time since last: 30549849 ns, Reaching safepoint: 95840 ns, At safepoint: 250032 ns, Total: 345872 ns
[2020-09-11T18:50:57.363+0000][1][safepoint    ] Safepoint "RevokeBias", Time since last: 122412205 ns, Reaching safepoint: 101662 ns, At safepoint: 27309 ns, Total: 128971 ns
[2020-09-11T18:50:58.363+0000][1][safepoint    ] Safepoint "Cleanup", Time since last: 1000111660 ns, Reaching safepoint: 93334 ns, At safepoint: 10323 ns, Total: 103657 ns
[2020-09-11T18:50:58.453+0000][1][safepoint    ] Safepoint "RevokeBias", Time since last: 89311704 ns, Reaching safepoint: 822893 ns, At safepoint: 29853 ns, Total: 852746 ns
[2020-09-11T18:50:59.453+0000][1][safepoint    ] Safepoint "Cleanup", Time since last: 1000115552 ns, Reaching safepoint: 94356 ns, At safepoint: 10807 ns, Total: 105163 ns
[2020-09-11T18:51:00.453+0000][1][safepoint    ] Safepoint "Cleanup", Time since last: 1000118884 ns, Reaching safepoint: 94086 ns, At safepoint: 10620 ns, Total: 104706 ns
[2020-09-11T18:51:01.454+0000][1][safepoint    ] Safepoint "Cleanup", Time since last: 1000114195 ns, Reaching safepoint: 93663 ns, At safepoint: 10467 ns, Total: 104130 ns
[2020-09-11T18:51:02.454+0000][1][safepoint    ] Safepoint "Cleanup", Time since last: 1000112111 ns, Reaching safepoint: 94048 ns, At safepoint: 10044 ns, Total: 104092 ns
[2020-09-11T18:51:03.454+0000][1][safepoint    ] Safepoint "Cleanup", Time since last: 1000115380 ns, Reaching safepoint: 115997 ns, At safepoint: 12547 ns, Total: 128544 ns
[2020-09-11T18:51:04.454+0000][1][safepoint    ] Safepoint "Cleanup", Time since last: 1000117078 ns, Reaching safepoint: 91651 ns, At safepoint: 10965 ns, Total: 102616 ns
[2020-09-11T18:51:05.078+0000][1][safepoint    ] Safepoint "RevokeBias", Time since last: 623635871 ns, Reaching safepoint: 181708 ns, At safepoint: 27311 ns, Total: 209019 ns
[2020-09-11T18:51:06.078+0000][1][safepoint    ] Safepoint "Cleanup", Time since last: 1000114046 ns, Reaching safepoint: 96605 ns, At safepoint: 10544 ns, Total: 107149 ns
[2020-09-11T18:51:07.079+0000][1][safepoint    ] Safepoint "Cleanup", Time since last: 1000116447 ns, Reaching safepoint: 97164 ns, At safepoint: 10792 ns, Total: 107956 ns
[2020-09-11T18:51:07.319+0000][1][safepoint    ] Safepoint "RevokeBias", Time since last: 239837182 ns, Reaching safepoint: 182625 ns, At safepoint: 27871 ns, Total: 210496 ns
[2020-09-11T18:51:07.372+0000][1][safepoint    ] Safepoint "RevokeBias", Time since last: 52871787 ns, Reaching safepoint: 104574 ns, At safepoint: 28035 ns, Total: 132609 ns
[2020-09-11T18:51:07.402+0000][1][safepoint    ] Safepoint "RevokeBias", Time since last: 30393717 ns, Reaching safepoint: 116185 ns, At safepoint: 27837 ns, Total: 144022 ns
[2020-09-11T18:51:07.494+0000][1][safepoint    ] Safepoint "RevokeBias", Time since last: 91475494 ns, Reaching safepoint: 103453 ns, At safepoint: 28352 ns, Total: 131805 ns
[2020-09-11T18:51:07.518+0000][1][safepoint    ] Safepoint "RevokeBias", Time since last: 23637640 ns, Reaching safepoint: 102397 ns, At safepoint: 26991 ns, Total: 129388 ns
[2020-09-11T18:51:07.696+0000][1][safepoint    ] Safepoint "RevokeBias", Time since last: 178097147 ns, Reaching safepoint: 101567 ns, At safepoint: 28225 ns, Total: 129792 ns
[2020-09-11T18:51:08.528+0000][1][safepoint    ] Safepoint "RevokeBias", Time since last: 831741406 ns, Reaching safepoint: 200800 ns, At safepoint: 22083 ns, Total: 222883 ns
[2020-09-11T18:51:08.544+0000][1][gc,start     ] GC(227) Pause Young (Allocation Failure)
[2020-09-11T18:51:08.544+0000][1][gc,task      ] GC(227) Using 1 workers of 1 for evacuation
[2020-09-11T18:51:08.552+0000][1][gc,age       ] GC(227) Desired survivor size 4358144 bytes, new threshold 6 (max threshold 6)
[2020-09-11T18:51:08.552+0000][1][gc,age       ] GC(227) Age table with threshold 6 (max threshold 6)
[2020-09-11T18:51:08.552+0000][1][gc,age       ] GC(227) - age   1:     462160 bytes,     462160 total
[2020-09-11T18:51:08.552+0000][1][gc,age       ] GC(227) - age   2:      41544 bytes,     503704 total
[2020-09-11T18:51:08.552+0000][1][gc,age       ] GC(227) - age   3:      24776 bytes,     528480 total
[2020-09-11T18:51:08.552+0000][1][gc,age       ] GC(227) - age   4:      83496 bytes,     611976 total
[2020-09-11T18:51:08.552+0000][1][gc,age       ] GC(227) - age   5:      71680 bytes,     683656 total
[2020-09-11T18:51:08.552+0000][1][gc,age       ] GC(227) - age   6:      41656 bytes,     725312 total
[2020-09-11T18:51:08.552+0000][1][gc,heap      ] GC(227) ParNew: 69714K->1049K(76672K)
[2020-09-11T18:51:08.552+0000][1][gc,heap      ] GC(227) CMS: 86915K->86922K(439104K)
[2020-09-11T18:51:08.552+0000][1][gc,metaspace ] GC(227) Metaspace: 99627K->99627K(1140736K)
[2020-09-11T18:51:08.552+0000][1][gc           ] GC(227) Pause Young (Allocation Failure) 152M->85M(503M) 8.822ms
[2020-09-11T18:51:08.552+0000][1][gc,cpu       ] GC(227) User=0.01s Sys=0.00s Real=0.00s
[2020-09-11T18:51:08.552+0000][1][safepoint    ] Safepoint "GenCollectForAllocation", Time since last: 15662132 ns, Reaching safepoint: 164222 ns, At safepoint: 8910534 ns, Total: 9074756 ns
[2020-09-11T18:51:09.578+0000][1][safepoint    ] Safepoint "Cleanup", Time since last: 1025157732 ns, Reaching safepoint: 94118 ns, At safepoint: 11383 ns, Total: 105501 ns
[2020-09-11T18:51:10.578+0000][1][safepoint    ] Safepoint "Cleanup", Time since last: 1000118185 ns, Reaching safepoint: 107147 ns, At safepoint: 9692 ns, Total: 116839 ns
[2020-09-11T18:51:11.578+0000][1][safepoint    ] Safepoint "Cleanup", Time since last: 1000179893 ns, Reaching safepoint: 124771 ns, At safepoint: 9917 ns, Total: 134688 ns
[2020-09-11T18:51:12.578+0000][1][safepoint    ] Safepoint "Cleanup", Time since last: 1000119025 ns, Reaching safepoint: 95161 ns, At safepoint: 10796 ns, Total: 105957 ns
[2020-09-11T18:51:13.579+0000][1][safepoint    ] Safepoint "Cleanup", Time since last: 1000115388 ns, Reaching safepoint: 99472 ns, At safepoint: 11258 ns, Total: 110730 ns
[2020-09-11T18:51:14.579+0000][1][safepoint    ] Safepoint "Cleanup", Time since last: 1000122239 ns, Reaching safepoint: 92827 ns, At safepoint: 10498 ns, Total: 103325 ns
[2020-09-11T18:51:15.098+0000][1][safepoint    ] Safepoint "RevokeBias", Time since last: 518767270 ns, Reaching safepoint: 101060 ns, At safepoint: 42561 ns, Total: 143621 ns
[2020-09-11T18:51:16.098+0000][1][safepoint    ] Safepoint "Cleanup", Time since last: 1000109728 ns, Reaching safepoint: 92250 ns, At safepoint: 11288 ns, Total: 103538 ns
[2020-09-11T18:51:17.098+0000][1][safepoint    ] Safepoint "Cleanup", Time since last: 1000128957 ns, Reaching safepoint: 97643 ns, At safepoint: 10813 ns, Total: 108456 ns
[2020-09-11T18:51:17.569+0000][1][safepoint    ] Safepoint "RevokeBias", Time since last: 470123056 ns, Reaching safepoint: 179449 ns, At safepoint: 27807 ns, Total: 207256 ns
[2020-09-11T18:51:17.618+0000][1][safepoint    ] Safepoint "RevokeBias", Time since last: 48846632 ns, Reaching safepoint: 180516 ns, At safepoint: 27666 ns, Total: 208182 ns
[2020-09-11T18:51:17.665+0000][1][safepoint    ] Safepoint "RevokeBias", Time since last: 47231135 ns, Reaching safepoint: 97152 ns, At safepoint: 22608 ns, Total: 119760 ns
[2020-09-11T18:51:17.794+0000][1][safepoint    ] Safepoint "RevokeBias", Time since last: 128276423 ns, Reaching safepoint: 177126 ns, At safepoint: 27396 ns, Total: 204522 ns
[2020-09-11T18:51:17.814+0000][1][safepoint    ] Safepoint "RevokeBias", Time since last: 20299681 ns, Reaching safepoint: 97223 ns, At safepoint: 22434 ns, Total: 119657 ns
[2020-09-11T18:51:17.937+0000][1][safepoint    ] Safepoint "RevokeBias", Time since last: 122478841 ns, Reaching safepoint: 102514 ns, At safepoint: 27088 ns, Total: 129602 ns
[2020-09-11T18:51:18.454+0000][1][safepoint    ] Safepoint "RevokeBias", Time since last: 517618584 ns, Reaching safepoint: 197617 ns, At safepoint: 27416 ns, Total: 225033 ns
[2020-09-11T18:51:19.455+0000][1][safepoint    ] Safepoint "Cleanup", Time since last: 1000123956 ns, Reaching safepoint: 91135 ns, At safepoint: 11249 ns, Total: 102384 ns
[2020-09-11T18:51:20.523+0000][1][safepoint    ] Safepoint "Cleanup", Time since last: 1068354558 ns, Reaching safepoint: 95443 ns, At safepoint: 9205 ns, Total: 104648 ns
[2020-09-11T18:51:21.523+0000][1][safepoint    ] Safepoint "Cleanup", Time since last: 1000107850 ns, Reaching safepoint: 113253 ns, At safepoint: 9568 ns, Total: 122821 ns
[2020-09-11T18:51:22.524+0000][1][safepoint    ] Safepoint "Cleanup", Time since last: 1000121028 ns, Reaching safepoint: 102062 ns, At safepoint: 9432 ns, Total: 111494 ns
[2020-09-11T18:51:23.524+0000][1][safepoint    ] Safepoint "Cleanup", Time since last: 1000114366 ns, Reaching safepoint: 92396 ns, At safepoint: 10065 ns, Total: 102461 ns
[2020-09-11T18:51:24.524+0000][1][safepoint    ] Safepoint "Cleanup", Time since last: 1000115578 ns, Reaching safepoint: 91432 ns, At safepoint: 10236 ns, Total: 101668 ns
[2020-09-11T18:51:25.085+0000][1][safepoint    ] Safepoint "RevokeBias", Time since last: 560478429 ns, Reaching safepoint: 109099 ns, At safepoint: 25571 ns, Total: 134670 ns
[2020-09-11T18:51:26.085+0000][1][safepoint    ] Safepoint "Cleanup", Time since last: 1000124264 ns, Reaching safepoint: 110774 ns, At safepoint: 7281 ns, Total: 118055 ns
[2020-09-11T18:51:27.085+0000][1][safepoint    ] Safepoint "Cleanup", Time since last: 1000107867 ns, Reaching safepoint: 93606 ns, At safepoint: 10386 ns, Total: 103992 ns
[2020-09-11T18:51:27.835+0000][1][gc,start     ] GC(228) Pause Young (Allocation Failure)
[2020-09-11T18:51:27.835+0000][1][gc,task      ] GC(228) Using 1 workers of 1 for evacuation
[2020-09-11T18:51:27.842+0000][1][gc,age       ] GC(228) Desired survivor size 4358144 bytes, new threshold 6 (max threshold 6)
[2020-09-11T18:51:27.842+0000][1][gc,age       ] GC(228) Age table with threshold 6 (max threshold 6)
[2020-09-11T18:51:27.842+0000][1][gc,age       ] GC(228) - age   1:     195264 bytes,     195264 total
[2020-09-11T18:51:27.842+0000][1][gc,age       ] GC(228) - age   2:      50520 bytes,     245784 total
[2020-09-11T18:51:27.842+0000][1][gc,age       ] GC(228) - age   3:      14008 bytes,     259792 total
[2020-09-11T18:51:27.843+0000][1][gc,age       ] GC(228) - age   4:      24480 bytes,     284272 total
[2020-09-11T18:51:27.843+0000][1][gc,age       ] GC(228) - age   5:      83496 bytes,     367768 total
[2020-09-11T18:51:27.843+0000][1][gc,age       ] GC(228) - age   6:      71680 bytes,     439448 total
[2020-09-11T18:51:27.843+0000][1][gc,heap      ] GC(228) ParNew: 69196K->662K(76672K)
[2020-09-11T18:51:27.843+0000][1][gc,heap      ] GC(228) CMS: 86922K->86951K(439104K)
[2020-09-11T18:51:27.843+0000][1][gc,metaspace ] GC(228) Metaspace: 99627K->99627K(1140736K)
[2020-09-11T18:51:27.843+0000][1][gc           ] GC(228) Pause Young (Allocation Failure) 152M->85M(503M) 7.771ms
[2020-09-11T18:51:27.843+0000][1][gc,cpu       ] GC(228) User=0.00s Sys=0.00s Real=0.01s
[2020-09-11T18:51:27.845+0000][1][safepoint    ] Safepoint "GenCollectForAllocation", Time since last: 747869976 ns, Reaching safepoint: 1903992 ns, At safepoint: 10183027 ns, Total: 12087019 ns
[2020-09-11T18:51:27.877+0000][1][safepoint    ] Safepoint "RevokeBias", Time since last: 31624487 ns, Reaching safepoint: 95000 ns, At safepoint: 22958 ns, Total: 117958 ns
[2020-09-11T18:51:27.918+0000][1][safepoint    ] Safepoint "RevokeBias", Time since last: 41531122 ns, Reaching safepoint: 101818 ns, At safepoint: 22913 ns, Total: 124731 ns
[2020-09-11T18:51:28.017+0000][1][safepoint    ] Safepoint "RevokeBias", Time since last: 98916719 ns, Reaching safepoint: 104323 ns, At safepoint: 27323 ns, Total: 131646 ns
[2020-09-11T18:51:28.061+0000][1][safepoint    ] Safepoint "RevokeBias", Time since last: 43119539 ns, Reaching safepoint: 107321 ns, At safepoint: 27197 ns, Total: 134518 ns
[2020-09-11T18:51:28.116+0000][1][safepoint    ] Safepoint "RevokeBias", Time since last: 55616493 ns, Reaching safepoint: 96795 ns, At safepoint: 22884 ns, Total: 119679 ns
[2020-09-11T18:51:28.276+0000][1][safepoint    ] Safepoint "RevokeBias", Time since last: 159330568 ns, Reaching safepoint: 101410 ns, At safepoint: 27028 ns, Total: 128438 ns
[2020-09-11T18:51:28.450+0000][1][safepoint    ] Safepoint "RevokeBias", Time since last: 173701742 ns, Reaching safepoint: 675681 ns, At safepoint: 28815 ns, Total: 704496 ns
[2020-09-11T18:51:29.451+0000][1][safepoint    ] Safepoint "Cleanup", Time since last: 1000112566 ns, Reaching safepoint: 93070 ns, At safepoint: 10966 ns, Total: 104036 ns
[2020-09-11T18:51:30.451+0000][1][safepoint    ] Safepoint "Cleanup", Time since last: 1000119322 ns, Reaching safepoint: 95652 ns, At safepoint: 11710 ns, Total: 107362 ns
[2020-09-11T18:51:31.451+0000][1][safepoint    ] Safepoint "Cleanup", Time since last: 1000119807 ns, Reaching safepoint: 94447 ns, At safepoint: 10489 ns, Total: 104936 ns
[2020-09-11T18:51:32.451+0000][1][safepoint    ] Safepoint "Cleanup", Time since last: 1000120489 ns, Reaching safepoint: 91037 ns, At safepoint: 11269 ns, Total: 102306 ns
[2020-09-11T18:51:33.451+0000][1][safepoint    ] Safepoint "Cleanup", Time since last: 1000115602 ns, Reaching safepoint: 95252 ns, At safepoint: 10869 ns, Total: 106121 ns
[2020-09-11T18:51:34.452+0000][1][safepoint    ] Safepoint "Cleanup", Time since last: 1000114600 ns, Reaching safepoint: 94465 ns, At safepoint: 9853 ns, Total: 104318 ns
[2020-09-11T18:51:35.185+0000][1][safepoint    ] Safepoint "RevokeBias", Time since last: 733692477 ns, Reaching safepoint: 104351 ns, At safepoint: 27429 ns, Total: 131780 ns
[2020-09-11T18:51:36.186+0000][1][safepoint    ] Safepoint "Cleanup", Time since last: 1000109840 ns, Reaching safepoint: 92829 ns, At safepoint: 10378 ns, Total: 103207 ns
[2020-09-11T18:51:37.186+0000][1][safepoint    ] Safepoint "Cleanup", Time since last: 1000110943 ns, Reaching safepoint: 94715 ns, At safepoint: 9650 ns, Total: 104365 ns
[2020-09-11T18:51:38.112+0000][1][safepoint    ] Safepoint "RevokeBias", Time since last: 925622479 ns, Reaching safepoint: 185008 ns, At safepoint: 28368 ns, Total: 213376 ns
[2020-09-11T18:51:38.176+0000][1][safepoint    ] Safepoint "RevokeBias", Time since last: 64490714 ns, Reaching safepoint: 109705 ns, At safepoint: 28204 ns, Total: 137909 ns
[2020-09-11T18:51:38.294+0000][1][safepoint    ] Safepoint "RevokeBias", Time since last: 117319594 ns, Reaching safepoint: 101374 ns, At safepoint: 27281 ns, Total: 128655 ns
[2020-09-11T18:51:38.320+0000][1][safepoint    ] Safepoint "RevokeBias", Time since last: 26376679 ns, Reaching safepoint: 110966 ns, At safepoint: 26043 ns, Total: 137009 ns
[2020-09-11T18:51:38.351+0000][1][safepoint    ] Safepoint "RevokeBias", Time since last: 30777686 ns, Reaching safepoint: 100997 ns, At safepoint: 21913 ns, Total: 122910 ns
[2020-09-11T18:51:38.479+0000][1][safepoint    ] Safepoint "BulkRevokeBias", Time since last: 126180286 ns, Reaching safepoint: 1281402 ns, At safepoint: 308841 ns, Total: 1590243 ns
[2020-09-11T18:51:38.513+0000][1][safepoint    ] Safepoint "RevokeBias", Time since last: 33668365 ns, Reaching safepoint: 211008 ns, At safepoint: 23473 ns, Total: 234481 ns
[2020-09-11T18:51:38.545+0000][1][safepoint    ] Safepoint "RevokeBias", Time since last: 29114342 ns, Reaching safepoint: 2871675 ns, At safepoint: 28538 ns, Total: 2900213 ns
[2020-09-11T18:51:39.545+0000][1][safepoint    ] Safepoint "Cleanup", Time since last: 1000113745 ns, Reaching safepoint: 99153 ns, At safepoint: 11338 ns, Total: 110491 ns
[2020-09-11T18:51:40.545+0000][1][safepoint    ] Safepoint "Cleanup", Time since last: 1000115356 ns, Reaching safepoint: 92202 ns, At safepoint: 10099 ns, Total: 102301 ns
[2020-09-11T18:51:41.546+0000][1][safepoint    ] Safepoint "Cleanup", Time since last: 1000128822 ns, Reaching safepoint: 94081 ns, At safepoint: 11220 ns, Total: 105301 ns
[2020-09-11T18:51:42.546+0000][1][safepoint    ] Safepoint "Cleanup", Time since last: 1000115747 ns, Reaching safepoint: 99391 ns, At safepoint: 10636 ns, Total: 110027 ns
[2020-09-11T18:51:43.546+0000][1][safepoint    ] Safepoint "Cleanup", Time since last: 1000110645 ns, Reaching safepoint: 97223 ns, At safepoint: 10083 ns, Total: 107306 ns
[2020-09-11T18:51:44.513+0000][1][gc,start     ] GC(229) Pause Young (Allocation Failure)
[2020-09-11T18:51:44.513+0000][1][gc,task      ] GC(229) Using 1 workers of 1 for evacuation
[2020-09-11T18:51:44.521+0000][1][gc,age       ] GC(229) Desired survivor size 4358144 bytes, new threshold 6 (max threshold 6)
[2020-09-11T18:51:44.521+0000][1][gc,age       ] GC(229) Age table with threshold 6 (max threshold 6)
[2020-09-11T18:51:44.521+0000][1][gc,age       ] GC(229) - age   1:     130448 bytes,     130448 total
[2020-09-11T18:51:44.521+0000][1][gc,age       ] GC(229) - age   2:      45280 bytes,     175728 total
[2020-09-11T18:51:44.521+0000][1][gc,age       ] GC(229) - age   3:      42616 bytes,     218344 total
[2020-09-11T18:51:44.521+0000][1][gc,age       ] GC(229) - age   4:      13360 bytes,     231704 total
[2020-09-11T18:51:44.521+0000][1][gc,age       ] GC(229) - age   5:      24480 bytes,     256184 total
[2020-09-11T18:51:44.521+0000][1][gc,age       ] GC(229) - age   6:      56472 bytes,     312656 total
[2020-09-11T18:51:44.521+0000][1][gc,heap      ] GC(229) ParNew: 68822K->487K(76672K)
[2020-09-11T18:51:44.521+0000][1][gc,heap      ] GC(229) CMS: 86951K->86985K(439104K)
[2020-09-11T18:51:44.521+0000][1][gc,metaspace ] GC(229) Metaspace: 99663K->99663K(1140736K)
[2020-09-11T18:51:44.521+0000][1][gc           ] GC(229) Pause Young (Allocation Failure) 152M->85M(503M) 8.183ms
[2020-09-11T18:51:44.521+0000][1][gc,cpu       ] GC(229) User=0.00s Sys=0.00s Real=0.02s
[2020-09-11T18:51:44.521+0000][1][safepoint    ] Safepoint "GenCollectForAllocation", Time since last: 966582009 ns, Reaching safepoint: 87738 ns, At safepoint: 8254339 ns, Total: 8342077 ns
[2020-09-11T18:51:45.078+0000][1][safepoint    ] Safepoint "RevokeBias", Time since last: 556839573 ns, Reaching safepoint: 102279 ns, At safepoint: 41328 ns, Total: 143607 ns
[2020-09-11T18:51:46.080+0000][1][safepoint    ] Safepoint "Cleanup", Time since last: 1001937240 ns, Reaching safepoint: 104204 ns, At safepoint: 10042 ns, Total: 114246 ns
[2020-09-11T18:51:47.080+0000][1][safepoint    ] Safepoint "Cleanup", Time since last: 1000117670 ns, Reaching safepoint: 93067 ns, At safepoint: 10546 ns, Total: 103613 ns
[2020-09-11T18:51:47.716+0000][1][safepoint    ] Safepoint "RevokeBias", Time since last: 635391156 ns, Reaching safepoint: 231263 ns, At safepoint: 20678 ns, Total: 251941 ns
[2020-09-11T18:51:48.453+0000][1][safepoint    ] Safepoint "RevokeBias", Time since last: 736772326 ns, Reaching safepoint: 217646 ns, At safepoint: 28312 ns, Total: 245958 ns
[2020-09-11T18:51:48.666+0000][1][safepoint    ] Safepoint "RevokeBias", Time since last: 212196296 ns, Reaching safepoint: 1028332 ns, At safepoint: 30353 ns, Total: 1058685 ns
[2020-09-11T18:51:48.729+0000][1][safepoint    ] Safepoint "RevokeBias", Time since last: 62894276 ns, Reaching safepoint: 278221 ns, At safepoint: 24532 ns, Total: 302753 ns
[2020-09-11T18:51:48.805+0000][1][safepoint    ] Safepoint "RevokeBias", Time since last: 75479655 ns, Reaching safepoint: 247288 ns, At safepoint: 26874 ns, Total: 274162 ns
[2020-09-11T18:51:48.858+0000][1][safepoint    ] Safepoint "BulkRevokeBias", Time since last: 52587668 ns, Reaching safepoint: 251070 ns, At safepoint: 300680 ns, Total: 551750 ns
[2020-09-11T18:51:48.931+0000][1][safepoint    ] Safepoint "RevokeBias", Time since last: 72325328 ns, Reaching safepoint: 557492 ns, At safepoint: 23158 ns, Total: 580650 ns
[2020-09-11T18:51:49.031+0000][1][safepoint    ] Safepoint "RevokeBias", Time since last: 99615786 ns, Reaching safepoint: 185721 ns, At safepoint: 22456 ns, Total: 208177 ns
[2020-09-11T18:51:49.141+0000][1][gc,start     ] GC(230) Pause Young (Allocation Failure)
[2020-09-11T18:51:49.141+0000][1][gc,task      ] GC(230) Using 1 workers of 1 for evacuation
[2020-09-11T18:51:49.163+0000][1][gc,age       ] GC(230) Desired survivor size 4358144 bytes, new threshold 6 (max threshold 6)
[2020-09-11T18:51:49.164+0000][1][gc,age       ] GC(230) Age table with threshold 6 (max threshold 6)
[2020-09-11T18:51:49.164+0000][1][gc,age       ] GC(230) - age   1:    1904552 bytes,    1904552 total
[2020-09-11T18:51:49.164+0000][1][gc,age       ] GC(230) - age   2:      84960 bytes,    1989512 total
[2020-09-11T18:51:49.164+0000][1][gc,age       ] GC(230) - age   3:      27696 bytes,    2017208 total
[2020-09-11T18:51:49.164+0000][1][gc,age       ] GC(230) - age   4:      37264 bytes,    2054472 total
[2020-09-11T18:51:49.164+0000][1][gc,age       ] GC(230) - age   5:      13360 bytes,    2067832 total
[2020-09-11T18:51:49.164+0000][1][gc,age       ] GC(230) - age   6:      24480 bytes,    2092312 total
[2020-09-11T18:51:49.164+0000][1][gc,heap      ] GC(230) ParNew: 68647K->2105K(76672K)
[2020-09-11T18:51:49.164+0000][1][gc,heap      ] GC(230) CMS: 86985K->86986K(439104K)
[2020-09-11T18:51:49.164+0000][1][gc,metaspace ] GC(230) Metaspace: 99732K->99732K(1140736K)
[2020-09-11T18:51:49.164+0000][1][gc           ] GC(230) Pause Young (Allocation Failure) 151M->87M(503M) 22.402ms
[2020-09-11T18:51:49.164+0000][1][gc,cpu       ] GC(230) User=0.01s Sys=0.00s Real=0.02s
[2020-09-11T18:51:49.199+0000][1][safepoint    ] Safepoint "GenCollectForAllocation", Time since last: 110099000 ns, Reaching safepoint: 171257 ns, At safepoint: 57615937 ns, Total: 57787194 ns
[2020-09-11T18:51:49.501+0000][1][safepoint    ] Safepoint "RevokeBias", Time since last: 301978010 ns, Reaching safepoint: 185391 ns, At safepoint: 23352 ns, Total: 208743 ns
[2020-09-11T18:51:49.501+0000][1][safepoint    ] Safepoint "RevokeBias", Time since last: 121813 ns, Reaching safepoint: 102981 ns, At safepoint: 12774 ns, Total: 115755 ns
[2020-09-11T18:51:49.507+0000][1][safepoint    ] Safepoint "RevokeBias", Time since last: 5776912 ns, Reaching safepoint: 154180 ns, At safepoint: 19624 ns, Total: 173804 ns
[2020-09-11T18:51:49.507+0000][1][safepoint    ] Safepoint "RevokeBias", Time since last: 55983 ns, Reaching safepoint: 104427 ns, At safepoint: 13263 ns, Total: 117690 ns
[2020-09-11T18:51:49.508+0000][1][safepoint    ] Safepoint "RevokeBias", Time since last: 82718 ns, Reaching safepoint: 101570 ns, At safepoint: 11822 ns, Total: 113392 ns
[2020-09-11T18:51:49.508+0000][1][safepoint    ] Safepoint "RevokeBias", Time since last: 131009 ns, Reaching safepoint: 105626 ns, At safepoint: 11559 ns, Total: 117185 ns
[2020-09-11T18:51:49.508+0000][1][safepoint    ] Safepoint "RevokeBias", Time since last: 50777 ns, Reaching safepoint: 101891 ns, At safepoint: 10742 ns, Total: 112633 ns
[2020-09-11T18:51:49.690+0000][1][safepoint    ] Safepoint "RevokeBias", Time since last: 182109724 ns, Reaching safepoint: 172024 ns, At safepoint: 22351 ns, Total: 194375 ns
[2020-09-11T18:51:49.733+0000][1][safepoint    ] Safepoint "RevokeBias", Time since last: 42845574 ns, Reaching safepoint: 168277 ns, At safepoint: 43344 ns, Total: 211621 ns
[2020-09-11T18:51:49.748+0000][1][safepoint    ] Safepoint "RevokeBias", Time since last: 14847350 ns, Reaching safepoint: 164479 ns, At safepoint: 29080 ns, Total: 193559 ns
[2020-09-11T18:51:49.749+0000][1][safepoint    ] Safepoint "RevokeBias", Time since last: 63005 ns, Reaching safepoint: 105305 ns, At safepoint: 20101 ns, Total: 125406 ns
[2020-09-11T18:51:49.749+0000][1][safepoint    ] Safepoint "RevokeBias", Time since last: 31037 ns, Reaching safepoint: 104489 ns, At safepoint: 22556 ns, Total: 127045 ns
[2020-09-11T18:51:49.751+0000][1][safepoint    ] Safepoint "RevokeBias", Time since last: 2324653 ns, Reaching safepoint: 139529 ns, At safepoint: 30230 ns, Total: 169759 ns
[2020-09-11T18:51:49.751+0000][1][safepoint    ] Safepoint "RevokeBias", Time since last: 61591 ns, Reaching safepoint: 105718 ns, At safepoint: 22435 ns, Total: 128153 ns
[2020-09-11T18:51:49.761+0000][1][safepoint    ] Safepoint "RevokeBias", Time since last: 2856840 ns, Reaching safepoint: 6604713 ns, At safepoint: 31703 ns, Total: 6636416 ns
[2020-09-11T18:51:49.762+0000][1][safepoint    ] Safepoint "RevokeBias", Time since last: 788646 ns, Reaching safepoint: 121986 ns, At safepoint: 14625 ns, Total: 136611 ns
[2020-09-11T18:51:49.814+0000][1][safepoint    ] Safepoint "RevokeBias", Time since last: 52279268 ns, Reaching safepoint: 236011 ns, At safepoint: 39599 ns, Total: 275610 ns
[2020-09-11T18:51:49.957+0000][1][safepoint    ] Safepoint "RevokeBias", Time since last: 142786086 ns, Reaching safepoint: 153710 ns, At safepoint: 19574 ns, Total: 173284 ns
[2020-09-11T18:51:49.958+0000][1][safepoint    ] Safepoint "RevokeBias", Time since last: 74708 ns, Reaching safepoint: 102321 ns, At safepoint: 12280 ns, Total: 114601 ns
[2020-09-11T18:51:49.965+0000][1][safepoint    ] Safepoint "RevokeBias", Time since last: 7706250 ns, Reaching safepoint: 155360 ns, At safepoint: 21384 ns, Total: 176744 ns
[2020-09-11T18:51:49.966+0000][1][safepoint    ] Safepoint "RevokeBias", Time since last: 54285 ns, Reaching safepoint: 121486 ns, At safepoint: 14847 ns, Total: 136333 ns
[2020-09-11T18:51:50.032+0000][1][safepoint    ] Safepoint "RevokeBias", Time since last: 66538537 ns, Reaching safepoint: 168806 ns, At safepoint: 21576 ns, Total: 190382 ns
[2020-09-11T18:51:50.033+0000][1][safepoint    ] Safepoint "RevokeBias", Time since last: 147324 ns, Reaching safepoint: 48869 ns, At safepoint: 15010 ns, Total: 63879 ns
[2020-09-11T18:51:50.062+0000][1][safepoint    ] Safepoint "RevokeBias", Time since last: 29297108 ns, Reaching safepoint: 165220 ns, At safepoint: 35701 ns, Total: 200921 ns
[2020-09-11T18:51:50.062+0000][1][safepoint    ] Safepoint "RevokeBias", Time since last: 63666 ns, Reaching safepoint: 137417 ns, At safepoint: 25925 ns, Total: 163342 ns
[2020-09-11T18:51:50.062+0000][1][safepoint    ] Safepoint "RevokeBias", Time since last: 39738 ns, Reaching safepoint: 128785 ns, At safepoint: 29124 ns, Total: 157909 ns
[2020-09-11T18:51:50.065+0000][1][safepoint    ] Safepoint "RevokeBias", Time since last: 2325901 ns, Reaching safepoint: 133058 ns, At safepoint: 27390 ns, Total: 160448 ns
[2020-09-11T18:51:50.065+0000][1][safepoint    ] Safepoint "RevokeBias", Time since last: 37521 ns, Reaching safepoint: 119189 ns, At safepoint: 23067 ns, Total: 142256 ns
[2020-09-11T18:51:50.065+0000][1][safepoint    ] Safepoint "RevokeBias", Time since last: 33235 ns, Reaching safepoint: 114977 ns, At safepoint: 20646 ns, Total: 135623 ns
[2020-09-11T18:51:50.065+0000][1][safepoint    ] Safepoint "RevokeBias", Time since last: 30687 ns, Reaching safepoint: 112017 ns, At safepoint: 15582 ns, Total: 127599 ns
[2020-09-11T18:51:50.066+0000][1][safepoint    ] Safepoint "RevokeBias", Time since last: 30697 ns, Reaching safepoint: 110907 ns, At safepoint: 14958 ns, Total: 125865 ns
[2020-09-11T18:51:50.066+0000][1][safepoint    ] Safepoint "RevokeBias", Time since last: 29724 ns, Reaching safepoint: 110855 ns, At safepoint: 14108 ns, Total: 124963 ns
[2020-09-11T18:51:50.073+0000][1][safepoint    ] Safepoint "RevokeBias", Time since last: 7409444 ns, Reaching safepoint: 170609 ns, At safepoint: 32252 ns, Total: 202861 ns
[2020-09-11T18:51:50.769+0000][1][safepoint    ] Safepoint "RevokeBias", Time since last: 695955110 ns, Reaching safepoint: 104507 ns, At safepoint: 26391 ns, Total: 130898 ns
[2020-09-11T18:51:50.793+0000][1][safepoint    ] Safepoint "RevokeBias", Time since last: 20720964 ns, Reaching safepoint: 2673866 ns, At safepoint: 29399 ns, Total: 2703265 ns
[2020-09-11T18:51:50.810+0000][1][safepoint    ] Safepoint "RevokeBias", Time since last: 17348836 ns, Reaching safepoint: 90794 ns, At safepoint: 23884 ns, Total: 114678 ns
[2020-09-11T18:51:50.811+0000][1][safepoint    ] Safepoint "RevokeBias", Time since last: 151145 ns, Reaching safepoint: 57038 ns, At safepoint: 15116 ns, Total: 72154 ns
[2020-09-11T18:51:50.811+0000][1][safepoint    ] Safepoint "RevokeBias", Time since last: 62063 ns, Reaching safepoint: 45976 ns, At safepoint: 12524 ns, Total: 58500 ns
[2020-09-11T18:51:50.842+0000][1][safepoint    ] Safepoint "RevokeBias", Time since last: 31427956 ns, Reaching safepoint: 155864 ns, At safepoint: 25162 ns, Total: 181026 ns
[2020-09-11T18:51:50.854+0000][1][safepoint    ] Safepoint "RevokeBias", Time since last: 11665276 ns, Reaching safepoint: 156222 ns, At safepoint: 34400 ns, Total: 190622 ns
[2020-09-11T18:51:51.854+0000][1][safepoint    ] Safepoint "Cleanup", Time since last: 1000116292 ns, Reaching safepoint: 94590 ns, At safepoint: 7292 ns, Total: 101882 ns
[2020-09-11T18:51:52.855+0000][1][safepoint    ] Safepoint "Cleanup", Time since last: 1000112036 ns, Reaching safepoint: 94252 ns, At safepoint: 10468 ns, Total: 104720 ns
[2020-09-11T18:51:53.855+0000][1][safepoint    ] Safepoint "Cleanup", Time since last: 1000114698 ns, Reaching safepoint: 94971 ns, At safepoint: 9343 ns, Total: 104314 ns
[2020-09-11T18:51:54.855+0000][1][safepoint    ] Safepoint "Cleanup", Time since last: 1000113230 ns, Reaching safepoint: 112842 ns, At safepoint: 9383 ns, Total: 122225 ns
[2020-09-11T18:51:55.087+0000][1][safepoint    ] Safepoint "BulkRevokeBias", Time since last: 230872577 ns, Reaching safepoint: 216119 ns, At safepoint: 397633 ns, Total: 613752 ns
[2020-09-11T18:51:55.089+0000][1][gc,start     ] GC(231) Pause Young (Allocation Failure)
[2020-09-11T18:51:55.089+0000][1][gc,task      ] GC(231) Using 1 workers of 1 for evacuation
[2020-09-11T18:51:55.100+0000][1][gc,age       ] GC(231) Desired survivor size 4358144 bytes, new threshold 6 (max threshold 6)
[2020-09-11T18:51:55.105+0000][1][gc,age       ] GC(231) Age table with threshold 6 (max threshold 6)
[2020-09-11T18:51:55.105+0000][1][gc,age       ] GC(231) - age   1:    3154536 bytes,    3154536 total
[2020-09-11T18:51:55.105+0000][1][gc,age       ] GC(231) - age   2:     150352 bytes,    3304888 total
[2020-09-11T18:51:55.105+0000][1][gc,age       ] GC(231) - age   3:      84160 bytes,    3389048 total
[2020-09-11T18:51:55.105+0000][1][gc,age       ] GC(231) - age   4:      27696 bytes,    3416744 total
[2020-09-11T18:51:55.105+0000][1][gc,age       ] GC(231) - age   5:      37264 bytes,    3454008 total
[2020-09-11T18:51:55.105+0000][1][gc,age       ] GC(231) - age   6:      13360 bytes,    3467368 total
[2020-09-11T18:51:55.105+0000][1][gc,heap      ] GC(231) ParNew: 70078K->4860K(76672K)
[2020-09-11T18:51:55.105+0000][1][gc,heap      ] GC(231) CMS: 86986K->87009K(439104K)
[2020-09-11T18:51:55.105+0000][1][gc,metaspace ] GC(231) Metaspace: 99840K->99840K(1140736K)
[2020-09-11T18:51:55.105+0000][1][gc           ] GC(231) Pause Young (Allocation Failure) 153M->89M(503M) 16.038ms
[2020-09-11T18:51:55.105+0000][1][gc,cpu       ] GC(231) User=0.01s Sys=0.00s Real=0.02s
[2020-09-11T18:51:55.106+0000][1][safepoint    ] Safepoint "GenCollectForAllocation", Time since last: 544510 ns, Reaching safepoint: 1785059 ns, At safepoint: 16888864 ns, Total: 18673923 ns
[2020-09-11T18:51:55.137+0000][1][safepoint    ] Safepoint "RevokeBias", Time since last: 31189405 ns, Reaching safepoint: 334067 ns, At safepoint: 35464 ns, Total: 369531 ns
[2020-09-11T18:51:55.140+0000][1][safepoint    ] Safepoint "RevokeBias", Time since last: 2754381 ns, Reaching safepoint: 383266 ns, At safepoint: 28211 ns, Total: 411477 ns
[2020-09-11T18:51:55.143+0000][1][safepoint    ] Safepoint "RevokeBias", Time since last: 2307627 ns, Reaching safepoint: 156924 ns, At safepoint: 34245 ns, Total: 191169 ns
[2020-09-11T18:51:55.143+0000][1][safepoint    ] Safepoint "RevokeBias", Time since last: 138737 ns, Reaching safepoint: 142008 ns, At safepoint: 28355 ns, Total: 170363 ns
[2020-09-11T18:51:55.144+0000][1][safepoint    ] Safepoint "RevokeBias", Time since last: 53454 ns, Reaching safepoint: 141437 ns, At safepoint: 25501 ns, Total: 166938 ns
[2020-09-11T18:51:55.162+0000][1][safepoint    ] Safepoint "RevokeBias", Time since last: 18007891 ns, Reaching safepoint: 176041 ns, At safepoint: 26228 ns, Total: 202269 ns
[2020-09-11T18:51:56.162+0000][1][safepoint    ] Safepoint "Cleanup", Time since last: 1000110024 ns, Reaching safepoint: 98105 ns, At safepoint: 10094 ns, Total: 108199 ns
[2020-09-11T18:51:57.162+0000][1][safepoint    ] Safepoint "Cleanup", Time since last: 1000115505 ns, Reaching safepoint: 95423 ns, At safepoint: 11011 ns, Total: 106434 ns
[2020-09-11T18:51:58.162+0000][1][safepoint    ] Safepoint "Cleanup", Time since last: 1000124838 ns, Reaching safepoint: 93453 ns, At safepoint: 8045 ns, Total: 101498 ns
[2020-09-11T18:51:58.386+0000][1][safepoint    ] Safepoint "RevokeBias", Time since last: 220354563 ns, Reaching safepoint: 3183802 ns, At safepoint: 29030 ns, Total: 3212832 ns
[2020-09-11T18:51:58.389+0000][1][safepoint    ] Safepoint "RevokeBias", Time since last: 1478775 ns, Reaching safepoint: 1428282 ns, At safepoint: 23261 ns, Total: 1451543 ns
[2020-09-11T18:51:58.393+0000][1][safepoint    ] Safepoint "RevokeBias", Time since last: 93748 ns, Reaching safepoint: 3883577 ns, At safepoint: 24704 ns, Total: 3908281 ns
[2020-09-11T18:51:58.657+0000][1][safepoint    ] Safepoint "RevokeBias", Time since last: 264307423 ns, Reaching safepoint: 105055 ns, At safepoint: 25866 ns, Total: 130921 ns
[2020-09-11T18:51:59.041+0000][1][safepoint    ] Safepoint "RevokeBias", Time since last: 383877387 ns, Reaching safepoint: 106522 ns, At safepoint: 21452 ns, Total: 127974 ns
[2020-09-11T18:51:59.112+0000][1][safepoint    ] Safepoint "RevokeBias", Time since last: 70842723 ns, Reaching safepoint: 99839 ns, At safepoint: 22006 ns, Total: 121845 ns
[2020-09-11T18:51:59.210+0000][1][safepoint    ] Safepoint "RevokeBias", Time since last: 97727092 ns, Reaching safepoint: 95694 ns, At safepoint: 32775 ns, Total: 128469 ns
[2020-09-11T18:51:59.248+0000][1][safepoint    ] Safepoint "RevokeBias", Time since last: 37878424 ns, Reaching safepoint: 173965 ns, At safepoint: 22602 ns, Total: 196567 ns
[2020-09-11T18:51:59.273+0000][1][safepoint    ] Safepoint "RevokeBias", Time since last: 24433471 ns, Reaching safepoint: 187178 ns, At safepoint: 23668 ns, Total: 210846 ns
[2020-09-11T18:51:59.442+0000][1][safepoint    ] Safepoint "RevokeBias", Time since last: 169401948 ns, Reaching safepoint: 98078 ns, At safepoint: 25959 ns, Total: 124037 ns
[2020-09-11T18:51:59.857+0000][1][safepoint    ] Safepoint "RevokeBias", Time since last: 414141503 ns, Reaching safepoint: 169028 ns, At safepoint: 27429 ns, Total: 196457 ns
[2020-09-11T18:51:59.897+0000][1][gc,start     ] GC(232) Pause Young (Allocation Failure)
[2020-09-11T18:51:59.897+0000][1][gc,task      ] GC(232) Using 1 workers of 1 for evacuation
[2020-09-11T18:51:59.922+0000][1][gc,age       ] GC(232) Desired survivor size 4358144 bytes, new threshold 6 (max threshold 6)
[2020-09-11T18:51:59.922+0000][1][gc,age       ] GC(232) Age table with threshold 6 (max threshold 6)
[2020-09-11T18:51:59.922+0000][1][gc,age       ] GC(232) - age   1:    3342112 bytes,    3342112 total
[2020-09-11T18:51:59.922+0000][1][gc,age       ] GC(232) - age   2:     446848 bytes,    3788960 total
[2020-09-11T18:51:59.922+0000][1][gc,age       ] GC(232) - age   3:     129488 bytes,    3918448 total
[2020-09-11T18:51:59.922+0000][1][gc,age       ] GC(232) - age   4:      76608 bytes,    3995056 total
[2020-09-11T18:51:59.922+0000][1][gc,age       ] GC(232) - age   5:      27616 bytes,    4022672 total
[2020-09-11T18:51:59.922+0000][1][gc,age       ] GC(232) - age   6:      37168 bytes,    4059840 total
[2020-09-11T18:51:59.922+0000][1][gc,heap      ] GC(232) ParNew: 73020K->5889K(76672K)
[2020-09-11T18:51:59.922+0000][1][gc,heap      ] GC(232) CMS: 87009K->87023K(439104K)
[2020-09-11T18:51:59.922+0000][1][gc,metaspace ] GC(232) Metaspace: 99864K->99864K(1140736K)
[2020-09-11T18:51:59.922+0000][1][gc           ] GC(232) Pause Young (Allocation Failure) 156M->90M(503M) 24.814ms
[2020-09-11T18:51:59.922+0000][1][gc,cpu       ] GC(232) User=0.01s Sys=0.00s Real=0.03s
[2020-09-11T18:51:59.941+0000][1][safepoint    ] Safepoint "GenCollectForAllocation", Time since last: 36064451 ns, Reaching safepoint: 4091326 ns, At safepoint: 43916478 ns, Total: 48007804 ns
[2020-09-11T18:51:59.985+0000][1][safepoint    ] Safepoint "RevokeBias", Time since last: 44000232 ns, Reaching safepoint: 175412 ns, At safepoint: 24188 ns, Total: 199600 ns
[2020-09-11T18:51:59.986+0000][1][safepoint    ] Safepoint "RevokeBias", Time since last: 955527 ns, Reaching safepoint: 110269 ns, At safepoint: 13382 ns, Total: 123651 ns
[2020-09-11T18:51:59.987+0000][1][safepoint    ] Safepoint "RevokeBias", Time since last: 666047 ns, Reaching safepoint: 114795 ns, At safepoint: 13171 ns, Total: 127966 ns
[2020-09-11T18:51:59.991+0000][1][safepoint    ] Safepoint "RevokeBias", Time since last: 3871138 ns, Reaching safepoint: 141597 ns, At safepoint: 18202 ns, Total: 159799 ns
[2020-09-11T18:52:00.071+0000][1][safepoint    ] Safepoint "RevokeBias", Time since last: 79669034 ns, Reaching safepoint: 164395 ns, At safepoint: 26142 ns, Total: 190537 ns
[2020-09-11T18:52:00.114+0000][1][safepoint    ] Safepoint "RevokeBias", Time since last: 43189622 ns, Reaching safepoint: 179128 ns, At safepoint: 48764 ns, Total: 227892 ns
[2020-09-11T18:52:01.114+0000][1][safepoint    ] Safepoint "Cleanup", Time since last: 1000121995 ns, Reaching safepoint: 106842 ns, At safepoint: 11852 ns, Total: 118694 ns
[2020-09-11T18:52:02.115+0000][1][safepoint    ] Safepoint "Cleanup", Time since last: 1000114849 ns, Reaching safepoint: 104081 ns, At safepoint: 12262 ns, Total: 116343 ns
[2020-09-11T18:52:03.115+0000][1][safepoint    ] Safepoint "Cleanup", Time since last: 1000119279 ns, Reaching safepoint: 93540 ns, At safepoint: 10437 ns, Total: 103977 ns
[2020-09-11T18:52:04.115+0000][1][safepoint    ] Safepoint "Cleanup", Time since last: 1000122188 ns, Reaching safepoint: 99267 ns, At safepoint: 11659 ns, Total: 110926 ns
[2020-09-11T18:52:05.115+0000][1][safepoint    ] Safepoint "Cleanup", Time since last: 1000119708 ns, Reaching safepoint: 157016 ns, At safepoint: 11036 ns, Total: 168052 ns
[2020-09-11T18:52:05.127+0000][1][safepoint    ] Safepoint "RevokeBias", Time since last: 11890701 ns, Reaching safepoint: 99474 ns, At safepoint: 27322 ns, Total: 126796 ns
[2020-09-11T18:52:05.174+0000][1][safepoint    ] Safepoint "RevokeBias", Time since last: 46223235 ns, Reaching safepoint: 197771 ns, At safepoint: 28503 ns, Total: 226274 ns
[2020-09-11T18:52:05.185+0000][1][safepoint    ] Safepoint "RevokeBias", Time since last: 9681583 ns, Reaching safepoint: 1398909 ns, At safepoint: 27995 ns, Total: 1426904 ns
[2020-09-11T18:52:05.185+0000][1][safepoint    ] Safepoint "RevokeBias", Time since last: 166005 ns, Reaching safepoint: 140883 ns, At safepoint: 18349 ns, Total: 159232 ns
[2020-09-11T18:52:05.186+0000][1][safepoint    ] Safepoint "RevokeBias", Time since last: 128419 ns, Reaching safepoint: 133711 ns, At safepoint: 15883 ns, Total: 149594 ns
[2020-09-11T18:52:05.186+0000][1][safepoint    ] Safepoint "RevokeBias", Time since last: 53950 ns, Reaching safepoint: 140580 ns, At safepoint: 15205 ns, Total: 155785 ns
[2020-09-11T18:52:05.205+0000][1][safepoint    ] Safepoint "RevokeBias", Time since last: 19476397 ns, Reaching safepoint: 157004 ns, At safepoint: 25661 ns, Total: 182665 ns
[2020-09-11T18:52:05.221+0000][1][safepoint    ] Safepoint "RevokeBias", Time since last: 11792167 ns, Reaching safepoint: 3616471 ns, At safepoint: 28941 ns, Total: 3645412 ns
[2020-09-11T18:52:05.221+0000][1][safepoint    ] Safepoint "RevokeBias", Time since last: 100410 ns, Reaching safepoint: 137366 ns, At safepoint: 17236 ns, Total: 154602 ns
[2020-09-11T18:52:05.221+0000][1][safepoint    ] Safepoint "RevokeBias", Time since last: 56703 ns, Reaching safepoint: 123597 ns, At safepoint: 16614 ns, Total: 140211 ns
[2020-09-11T18:52:05.231+0000][1][safepoint    ] Safepoint "RevokeBias", Time since last: 9009421 ns, Reaching safepoint: 157106 ns, At safepoint: 22994 ns, Total: 180100 ns
[2020-09-11T18:52:05.233+0000][1][safepoint    ] Safepoint "RevokeBias", Time since last: 352929 ns, Reaching safepoint: 1958041 ns, At safepoint: 19793 ns, Total: 1977834 ns
[2020-09-11T18:52:05.319+0000][1][safepoint    ] Safepoint "RevokeBias", Time since last: 85732880 ns, Reaching safepoint: 203509 ns, At safepoint: 28112 ns, Total: 231621 ns
[2020-09-11T18:52:05.345+0000][1][safepoint    ] Safepoint "Deoptimize", Time since last: 22820001 ns, Reaching safepoint: 2015636 ns, At safepoint: 1246291 ns, Total: 3261927 ns
[2020-09-11T18:52:05.362+0000][1][safepoint    ] Safepoint "RevokeBias", Time since last: 16961158 ns, Reaching safepoint: 165356 ns, At safepoint: 23784 ns, Total: 189140 ns
[2020-09-11T18:52:05.597+0000][1][gc,start     ] GC(233) Pause Young (Allocation Failure)
[2020-09-11T18:52:05.597+0000][1][gc,task      ] GC(233) Using 1 workers of 1 for evacuation
[2020-09-11T18:52:05.612+0000][1][gc,age       ] GC(233) Desired survivor size 4358144 bytes, new threshold 6 (max threshold 6)
[2020-09-11T18:52:05.612+0000][1][gc,age       ] GC(233) Age table with threshold 6 (max threshold 6)
[2020-09-11T18:52:05.612+0000][1][gc,age       ] GC(233) - age   1:     795112 bytes,     795112 total
[2020-09-11T18:52:05.612+0000][1][gc,age       ] GC(233) - age   2:      86480 bytes,     881592 total
[2020-09-11T18:52:05.612+0000][1][gc,age       ] GC(233) - age   3:     434728 bytes,    1316320 total
[2020-09-11T18:52:05.612+0000][1][gc,age       ] GC(233) - age   4:     128048 bytes,    1444368 total
[2020-09-11T18:52:05.612+0000][1][gc,age       ] GC(233) - age   5:      75968 bytes,    1520336 total
[2020-09-11T18:52:05.612+0000][1][gc,age       ] GC(233) - age   6:      27616 bytes,    1547952 total
[2020-09-11T18:52:05.612+0000][1][gc,heap      ] GC(233) ParNew: 74049K->3709K(76672K)
[2020-09-11T18:52:05.612+0000][1][gc,heap      ] GC(233) CMS: 87023K->87059K(439104K)
[2020-09-11T18:52:05.612+0000][1][gc,metaspace ] GC(233) Metaspace: 100188K->100188K(1142784K)
[2020-09-11T18:52:05.612+0000][1][gc           ] GC(233) Pause Young (Allocation Failure) 157M->88M(503M) 15.075ms
[2020-09-11T18:52:05.612+0000][1][gc,cpu       ] GC(233) User=0.00s Sys=0.00s Real=0.01s
[2020-09-11T18:52:05.625+0000][1][safepoint    ] Safepoint "GenCollectForAllocation", Time since last: 232623733 ns, Reaching safepoint: 2250277 ns, At safepoint: 27876218 ns, Total: 30126495 ns
[2020-09-11T18:52:05.713+0000][1][safepoint    ] Safepoint "RevokeBias", Time since last: 88387972 ns, Reaching safepoint: 180388 ns, At safepoint: 24689 ns, Total: 205077 ns
[2020-09-11T18:52:06.216+0000][1][safepoint    ] Safepoint "RevokeBias", Time since last: 502526762 ns, Reaching safepoint: 123773 ns, At safepoint: 9792 ns, Total: 133565 ns
[2020-09-11T18:52:06.222+0000][1][safepoint    ] Safepoint "RevokeBias", Time since last: 5505017 ns, Reaching safepoint: 174659 ns, At safepoint: 23134 ns, Total: 197793 ns
[2020-09-11T18:52:06.225+0000][1][safepoint    ] Safepoint "RevokeBias", Time since last: 236292 ns, Reaching safepoint: 2848859 ns, At safepoint: 22595 ns, Total: 2871454 ns
[2020-09-11T18:52:06.225+0000][1][safepoint    ] Safepoint "RevokeBias", Time since last: 210656 ns, Reaching safepoint: 138086 ns, At safepoint: 15413 ns, Total: 153499 ns
[2020-09-11T18:52:06.226+0000][1][safepoint    ] Safepoint "RevokeBias", Time since last: 155044 ns, Reaching safepoint: 131562 ns, At safepoint: 14758 ns, Total: 146320 ns
[2020-09-11T18:52:06.226+0000][1][safepoint    ] Safepoint "RevokeBias", Time since last: 135987 ns, Reaching safepoint: 152491 ns, At safepoint: 15015 ns, Total: 167506 ns
[2020-09-11T18:52:06.226+0000][1][safepoint    ] Safepoint "RevokeBias", Time since last: 161830 ns, Reaching safepoint: 123918 ns, At safepoint: 13670 ns, Total: 137588 ns
[2020-09-11T18:52:06.226+0000][1][safepoint    ] Safepoint "RevokeBias", Time since last: 117224 ns, Reaching safepoint: 122592 ns, At safepoint: 12510 ns, Total: 135102 ns
[2020-09-11T18:52:06.227+0000][1][safepoint    ] Safepoint "RevokeBias", Time since last: 627008 ns, Reaching safepoint: 132505 ns, At safepoint: 13576 ns, Total: 146081 ns
[2020-09-11T18:52:07.227+0000][1][safepoint    ] Safepoint "Cleanup", Time since last: 1000089704 ns, Reaching safepoint: 88643 ns, At safepoint: 7388 ns, Total: 96031 ns
[2020-09-11T18:52:08.228+0000][1][safepoint    ] Safepoint "Cleanup", Time since last: 1000132968 ns, Reaching safepoint: 93474 ns, At safepoint: 9526 ns, Total: 103000 ns
[2020-09-11T18:52:08.393+0000][1][safepoint    ] Safepoint "RevokeBias", Time since last: 161903925 ns, Reaching safepoint: 3405202 ns, At safepoint: 30581 ns, Total: 3435783 ns
[2020-09-11T18:52:08.409+0000][1][safepoint    ] Safepoint "BulkRevokeBias", Time since last: 15952290 ns, Reaching safepoint: 176928 ns, At safepoint: 308647 ns, Total: 485575 ns
[2020-09-11T18:52:08.566+0000][1][safepoint    ] Safepoint "RevokeBias", Time since last: 156517768 ns, Reaching safepoint: 110391 ns, At safepoint: 23042 ns, Total: 133433 ns
[2020-09-11T18:52:08.642+0000][1][safepoint    ] Safepoint "RevokeBias", Time since last: 76048029 ns, Reaching safepoint: 190462 ns, At safepoint: 22189 ns, Total: 212651 ns
[2020-09-11T18:52:09.387+0000][1][safepoint    ] Safepoint "RevokeBias", Time since last: 745091050 ns, Reaching safepoint: 100042 ns, At safepoint: 26746 ns, Total: 126788 ns
[2020-09-11T18:52:09.418+0000][1][safepoint    ] Safepoint "RevokeBias", Time since last: 30363159 ns, Reaching safepoint: 170153 ns, At safepoint: 24320 ns, Total: 194473 ns
[2020-09-11T18:52:09.437+0000][1][safepoint    ] Safepoint "RevokeBias", Time since last: 19107881 ns, Reaching safepoint: 170657 ns, At safepoint: 23037 ns, Total: 193694 ns
[2020-09-11T18:52:09.488+0000][1][safepoint    ] Safepoint "RevokeBias", Time since last: 50980660 ns, Reaching safepoint: 101916 ns, At safepoint: 26793 ns, Total: 128709 ns
[2020-09-11T18:52:09.588+0000][1][safepoint    ] Safepoint "RevokeBias", Time since last: 99275967 ns, Reaching safepoint: 101581 ns, At safepoint: 29957 ns, Total: 131538 ns
[2020-09-11T18:52:09.761+0000][1][safepoint    ] Safepoint "RevokeBias", Time since last: 173405230 ns, Reaching safepoint: 180673 ns, At safepoint: 27851 ns, Total: 208524 ns
[2020-09-11T18:52:10.117+0000][1][safepoint    ] Safepoint "RevokeBias", Time since last: 355303266 ns, Reaching safepoint: 169541 ns, At safepoint: 27317 ns, Total: 196858 ns
[2020-09-11T18:52:10.151+0000][1][gc,start     ] GC(234) Pause Young (Allocation Failure)
[2020-09-11T18:52:10.151+0000][1][gc,task      ] GC(234) Using 1 workers of 1 for evacuation
[2020-09-11T18:52:10.168+0000][1][gc,age       ] GC(234) Desired survivor size 4358144 bytes, new threshold 6 (max threshold 6)
[2020-09-11T18:52:10.168+0000][1][gc,age       ] GC(234) Age table with threshold 6 (max threshold 6)
[2020-09-11T18:52:10.168+0000][1][gc,age       ] GC(234) - age   1:    2658064 bytes,    2658064 total
[2020-09-11T18:52:10.168+0000][1][gc,age       ] GC(234) - age   2:     239936 bytes,    2898000 total
[2020-09-11T18:52:10.168+0000][1][gc,age       ] GC(234) - age   3:      13048 bytes,    2911048 total
[2020-09-11T18:52:10.168+0000][1][gc,age       ] GC(234) - age   4:     433600 bytes,    3344648 total
[2020-09-11T18:52:10.168+0000][1][gc,age       ] GC(234) - age   5:     126496 bytes,    3471144 total
[2020-09-11T18:52:10.168+0000][1][gc,age       ] GC(234) - age   6:      75696 bytes,    3546840 total
[2020-09-11T18:52:10.168+0000][1][gc,heap      ] GC(234) ParNew: 71668K->4482K(76672K)
[2020-09-11T18:52:10.168+0000][1][gc,heap      ] GC(234) CMS: 87059K->87086K(439104K)
[2020-09-11T18:52:10.168+0000][1][gc,metaspace ] GC(234) Metaspace: 100269K->100269K(1142784K)
[2020-09-11T18:52:10.168+0000][1][gc           ] GC(234) Pause Young (Allocation Failure) 155M->89M(503M) 17.129ms
[2020-09-11T18:52:10.168+0000][1][gc,cpu       ] GC(234) User=0.01s Sys=0.00s Real=0.02s
[2020-09-11T18:52:10.180+0000][1][safepoint    ] Safepoint "GenCollectForAllocation", Time since last: 33487411 ns, Reaching safepoint: 184461 ns, At safepoint: 29786753 ns, Total: 29971214 ns
[2020-09-11T18:52:10.193+0000][1][safepoint    ] Safepoint "RevokeBias", Time since last: 10365061 ns, Reaching safepoint: 2041152 ns, At safepoint: 46905 ns, Total: 2088057 ns
[2020-09-11T18:52:10.203+0000][1][safepoint    ] Safepoint "RevokeBias", Time since last: 7901167 ns, Reaching safepoint: 2159268 ns, At safepoint: 25632 ns, Total: 2184900 ns
[2020-09-11T18:52:10.203+0000][1][safepoint    ] Safepoint "RevokeBias", Time since last: 178620 ns, Reaching safepoint: 109523 ns, At safepoint: 13532 ns, Total: 123055 ns
[2020-09-11T18:52:10.203+0000][1][safepoint    ] Safepoint "RevokeBias", Time since last: 51740 ns, Reaching safepoint: 103776 ns, At safepoint: 12478 ns, Total: 116254 ns
[2020-09-11T18:52:10.231+0000][1][safepoint    ] Safepoint "RevokeBias", Time since last: 27161863 ns, Reaching safepoint: 155988 ns, At safepoint: 21808 ns, Total: 177796 ns
[2020-09-11T18:52:10.256+0000][1][safepoint    ] Safepoint "RevokeBias", Time since last: 22231061 ns, Reaching safepoint: 2978645 ns, At safepoint: 46783 ns, Total: 3025428 ns
[2020-09-11T18:52:11.256+0000][1][safepoint    ] Safepoint "Cleanup", Time since last: 1000120094 ns, Reaching safepoint: 93291 ns, At safepoint: 10495 ns, Total: 103786 ns
[2020-09-11T18:52:12.256+0000][1][safepoint    ] Safepoint "Cleanup", Time since last: 1000116212 ns, Reaching safepoint: 92628 ns, At safepoint: 10545 ns, Total: 103173 ns
[2020-09-11T18:52:13.257+0000][1][safepoint    ] Safepoint "Cleanup", Time since last: 1000118630 ns, Reaching safepoint: 91222 ns, At safepoint: 10334 ns, Total: 101556 ns
[2020-09-11T18:52:14.257+0000][1][safepoint    ] Safepoint "Cleanup", Time since last: 1000138918 ns, Reaching safepoint: 92087 ns, At safepoint: 9630 ns, Total: 101717 ns
[2020-09-11T18:52:15.085+0000][1][safepoint    ] Safepoint "RevokeBias", Time since last: 827825816 ns, Reaching safepoint: 102847 ns, At safepoint: 27676 ns, Total: 130523 ns
[2020-09-11T18:52:15.258+0000][1][safepoint    ] Safepoint "RevokeBias", Time since last: 173260940 ns, Reaching safepoint: 166595 ns, At safepoint: 26458 ns, Total: 193053 ns
[2020-09-11T18:52:15.267+0000][1][safepoint    ] Safepoint "RevokeBias", Time since last: 7967441 ns, Reaching safepoint: 177234 ns, At safepoint: 27940 ns, Total: 205174 ns
[2020-09-11T18:52:15.267+0000][1][safepoint    ] Safepoint "RevokeBias", Time since last: 162621 ns, Reaching safepoint: 145065 ns, At safepoint: 24877 ns, Total: 169942 ns
[2020-09-11T18:52:15.269+0000][1][safepoint    ] Safepoint "RevokeBias", Time since last: 1674457 ns, Reaching safepoint: 146605 ns, At safepoint: 19444 ns, Total: 166049 ns
[2020-09-11T18:52:15.269+0000][1][safepoint    ] Safepoint "RevokeBias", Time since last: 83842 ns, Reaching safepoint: 131242 ns, At safepoint: 16158 ns, Total: 147400 ns
[2020-09-11T18:52:15.285+0000][1][safepoint    ] Safepoint "RevokeBias", Time since last: 15167119 ns, Reaching safepoint: 743886 ns, At safepoint: 24820 ns, Total: 768706 ns
[2020-09-11T18:52:16.285+0000][1][safepoint    ] Safepoint "Cleanup", Time since last: 1000099321 ns, Reaching safepoint: 114834 ns, At safepoint: 10037 ns, Total: 124871 ns
[2020-09-11T18:52:17.285+0000][1][safepoint    ] Safepoint "Cleanup", Time since last: 1000108501 ns, Reaching safepoint: 87177 ns, At safepoint: 8781 ns, Total: 95958 ns
[2020-09-11T18:52:18.286+0000][1][safepoint    ] Safepoint "Cleanup", Time since last: 1000101316 ns, Reaching safepoint: 91959 ns, At safepoint: 9306 ns, Total: 101265 ns
[2020-09-11T18:52:18.399+0000][1][safepoint    ] Safepoint "RevokeBias", Time since last: 111913769 ns, Reaching safepoint: 1810389 ns, At safepoint: 25824 ns, Total: 1836213 ns
[2020-09-11T18:52:18.433+0000][1][safepoint    ] Safepoint "RevokeBias", Time since last: 31504019 ns, Reaching safepoint: 2106652 ns, At safepoint: 30688 ns, Total: 2137340 ns
[2020-09-11T18:52:18.579+0000][1][safepoint    ] Safepoint "RevokeBias", Time since last: 141996093 ns, Reaching safepoint: 3732779 ns, At safepoint: 36170 ns, Total: 3768949 ns
[2020-09-11T18:52:19.589+0000][1][gc,start     ] GC(235) Pause Young (Allocation Failure)
[2020-09-11T18:52:19.589+0000][1][gc,task      ] GC(235) Using 1 workers of 1 for evacuation
[2020-09-11T18:52:19.604+0000][1][gc,age       ] GC(235) Desired survivor size 4358144 bytes, new threshold 6 (max threshold 6)
[2020-09-11T18:52:19.604+0000][1][gc,age       ] GC(235) Age table with threshold 6 (max threshold 6)
[2020-09-11T18:52:19.604+0000][1][gc,age       ] GC(235) - age   1:     955584 bytes,     955584 total
[2020-09-11T18:52:19.604+0000][1][gc,age       ] GC(235) - age   2:      86584 bytes,    1042168 total
[2020-09-11T18:52:19.604+0000][1][gc,age       ] GC(235) - age   3:     231304 bytes,    1273472 total
[2020-09-11T18:52:19.604+0000][1][gc,age       ] GC(235) - age   4:      11056 bytes,    1284528 total
[2020-09-11T18:52:19.604+0000][1][gc,age       ] GC(235) - age   5:     431776 bytes,    1716304 total
[2020-09-11T18:52:19.604+0000][1][gc,age       ] GC(235) - age   6:     108912 bytes,    1825216 total
[2020-09-11T18:52:19.604+0000][1][gc,heap      ] GC(235) ParNew: 72635K->2971K(76672K)
[2020-09-11T18:52:19.604+0000][1][gc,heap      ] GC(235) CMS: 87086K->87159K(439104K)
[2020-09-11T18:52:19.604+0000][1][gc,metaspace ] GC(235) Metaspace: 100304K->100304K(1142784K)
[2020-09-11T18:52:19.604+0000][1][gc           ] GC(235) Pause Young (Allocation Failure) 155M->88M(503M) 15.272ms
[2020-09-11T18:52:19.604+0000][1][gc,cpu       ] GC(235) User=0.01s Sys=0.00s Real=0.02s
[2020-09-11T18:52:19.609+0000][1][safepoint    ] Safepoint "GenCollectForAllocation", Time since last: 1006145757 ns, Reaching safepoint: 3729187 ns, At safepoint: 20296493 ns, Total: 24025680 ns
[2020-09-11T18:52:19.707+0000][1][safepoint    ] Safepoint "RevokeBias", Time since last: 97576244 ns, Reaching safepoint: 103725 ns, At safepoint: 34315 ns, Total: 138040 ns
[2020-09-11T18:52:19.744+0000][1][safepoint    ] Safepoint "RevokeBias", Time since last: 37410860 ns, Reaching safepoint: 92551 ns, At safepoint: 35598 ns, Total: 128149 ns
[2020-09-11T18:52:19.827+0000][1][safepoint    ] Safepoint "RevokeBias", Time since last: 82993975 ns, Reaching safepoint: 98956 ns, At safepoint: 38946 ns, Total: 137902 ns
[2020-09-11T18:52:19.865+0000][1][safepoint    ] Safepoint "RevokeBias", Time since last: 37250002 ns, Reaching safepoint: 98731 ns, At safepoint: 27327 ns, Total: 126058 ns
[2020-09-11T18:52:20.008+0000][1][safepoint    ] Safepoint "RevokeBias", Time since last: 143051426 ns, Reaching safepoint: 102841 ns, At safepoint: 26791 ns, Total: 129632 ns
[2020-09-11T18:52:20.127+0000][1][safepoint    ] Safepoint "RevokeBias", Time since last: 119504088 ns, Reaching safepoint: 101392 ns, At safepoint: 28083 ns, Total: 129475 ns
[2020-09-11T18:52:21.128+0000][1][safepoint    ] Safepoint "Cleanup", Time since last: 1000117074 ns, Reaching safepoint: 108236 ns, At safepoint: 11126 ns, Total: 119362 ns
[2020-09-11T18:52:22.128+0000][1][safepoint    ] Safepoint "Cleanup", Time since last: 1000120775 ns, Reaching safepoint: 108674 ns, At safepoint: 10066 ns, Total: 118740 ns
[2020-09-11T18:52:23.128+0000][1][safepoint    ] Safepoint "Cleanup", Time since last: 1000116840 ns, Reaching safepoint: 91964 ns, At safepoint: 10071 ns, Total: 102035 ns
[2020-09-11T18:52:23.621+0000][1][safepoint    ] Safepoint "RevokeBias", Time since last: 486504253 ns, Reaching safepoint: 6314648 ns, At safepoint: 33167 ns, Total: 6347815 ns
[2020-09-11T18:52:23.622+0000][1][safepoint    ] Safepoint "RevokeBias", Time since last: 383530 ns, Reaching safepoint: 237550 ns, At safepoint: 21675 ns, Total: 259225 ns
[2020-09-11T18:52:23.624+0000][1][safepoint    ] Safepoint "RevokeBias", Time since last: 270487 ns, Reaching safepoint: 2528014 ns, At safepoint: 20118 ns, Total: 2548132 ns
[2020-09-11T18:52:24.260+0000][1][safepoint    ] Safepoint "RevokeBias", Time since last: 635137969 ns, Reaching safepoint: 90201 ns, At safepoint: 25736 ns, Total: 115937 ns
[2020-09-11T18:52:24.264+0000][1][safepoint    ] Safepoint "RevokeBias", Time since last: 2214122 ns, Reaching safepoint: 1649124 ns, At safepoint: 25499 ns, Total: 1674623 ns
[2020-09-11T18:52:24.264+0000][1][safepoint    ] Safepoint "RevokeBias", Time since last: 181102 ns, Reaching safepoint: 136953 ns, At safepoint: 17303 ns, Total: 154256 ns
[2020-09-11T18:52:24.264+0000][1][safepoint    ] Safepoint "RevokeBias", Time since last: 104927 ns, Reaching safepoint: 130413 ns, At safepoint: 15132 ns, Total: 145545 ns
[2020-09-11T18:52:24.264+0000][1][safepoint    ] Safepoint "RevokeBias", Time since last: 57117 ns, Reaching safepoint: 158710 ns, At safepoint: 16358 ns, Total: 175068 ns
[2020-09-11T18:52:24.274+0000][1][safepoint    ] Safepoint "RevokeBias", Time since last: 9432147 ns, Reaching safepoint: 161173 ns, At safepoint: 24934 ns, Total: 186107 ns
[2020-09-11T18:52:24.326+0000][1][safepoint    ] Safepoint "RevokeBias", Time since last: 50883888 ns, Reaching safepoint: 1541129 ns, At safepoint: 42390 ns, Total: 1583519 ns
[2020-09-11T18:52:24.600+0000][1][safepoint    ] Safepoint "RevokeBias", Time since last: 273865381 ns, Reaching safepoint: 104086 ns, At safepoint: 21688 ns, Total: 125774 ns
[2020-09-11T18:52:24.602+0000][1][safepoint    ] Safepoint "RevokeBias", Time since last: 1613727 ns, Reaching safepoint: 86293 ns, At safepoint: 20288 ns, Total: 106581 ns
[2020-09-11T18:52:24.604+0000][1][safepoint    ] Safepoint "RevokeBias", Time since last: 1954283 ns, Reaching safepoint: 84447 ns, At safepoint: 19042 ns, Total: 103489 ns
[2020-09-11T18:52:24.869+0000][1][safepoint    ] Safepoint "RevokeBias", Time since last: 264292918 ns, Reaching safepoint: 89762 ns, At safepoint: 23701 ns, Total: 113463 ns
[2020-09-11T18:52:24.869+0000][1][safepoint    ] Safepoint "RevokeBias", Time since last: 67655 ns, Reaching safepoint: 76736 ns, At safepoint: 15375 ns, Total: 92111 ns
[2020-09-11T18:52:24.869+0000][1][safepoint    ] Safepoint "RevokeBias", Time since last: 38162 ns, Reaching safepoint: 42475 ns, At safepoint: 12563 ns, Total: 55038 ns
[2020-09-11T18:52:24.869+0000][1][safepoint    ] Safepoint "RevokeBias", Time since last: 33443 ns, Reaching safepoint: 39534 ns, At safepoint: 11679 ns, Total: 51213 ns
[2020-09-11T18:52:24.869+0000][1][safepoint    ] Safepoint "RevokeBias", Time since last: 51384 ns, Reaching safepoint: 39088 ns, At safepoint: 11820 ns, Total: 50908 ns
[2020-09-11T18:52:24.869+0000][1][safepoint    ] Safepoint "RevokeBias", Time since last: 29615 ns, Reaching safepoint: 36340 ns, At safepoint: 10455 ns, Total: 46795 ns
[2020-09-11T18:52:24.869+0000][1][safepoint    ] Safepoint "RevokeBias", Time since last: 27916 ns, Reaching safepoint: 30916 ns, At safepoint: 9608 ns, Total: 40524 ns
[2020-09-11T18:52:24.869+0000][1][safepoint    ] Safepoint "RevokeBias", Time since last: 27293 ns, Reaching safepoint: 30908 ns, At safepoint: 9392 ns, Total: 40300 ns
[2020-09-11T18:52:24.869+0000][1][safepoint    ] Safepoint "RevokeBias", Time since last: 27530 ns, Reaching safepoint: 30741 ns, At safepoint: 9576 ns, Total: 40317 ns
[2020-09-11T18:52:24.869+0000][1][safepoint    ] Safepoint "RevokeBias", Time since last: 27362 ns, Reaching safepoint: 30935 ns, At safepoint: 9537 ns, Total: 40472 ns
[2020-09-11T18:52:24.921+0000][1][safepoint    ] Safepoint "RevokeBias", Time since last: 47365289 ns, Reaching safepoint: 4142317 ns, At safepoint: 28752 ns, Total: 4171069 ns
[2020-09-11T18:52:25.074+0000][1][safepoint    ] Safepoint "RevokeBias", Time since last: 153202320 ns, Reaching safepoint: 186487 ns, At safepoint: 23784 ns, Total: 210271 ns
[2020-09-11T18:52:26.075+0000][1][safepoint    ] Safepoint "Cleanup", Time since last: 1000108045 ns, Reaching safepoint: 93390 ns, At safepoint: 10462 ns, Total: 103852 ns
[2020-09-11T18:52:27.075+0000][1][safepoint    ] Safepoint "Cleanup", Time since last: 1000110956 ns, Reaching safepoint: 97107 ns, At safepoint: 10909 ns, Total: 108016 ns
[2020-09-11T18:52:28.075+0000][1][safepoint    ] Safepoint "Cleanup", Time since last: 1000110272 ns, Reaching safepoint: 90559 ns, At safepoint: 10821 ns, Total: 101380 ns
[2020-09-11T18:52:28.518+0000][1][safepoint    ] Safepoint "RevokeBias", Time since last: 442576509 ns, Reaching safepoint: 99074 ns, At safepoint: 29475 ns, Total: 128549 ns
[2020-09-11T18:52:29.518+0000][1][safepoint    ] Safepoint "Cleanup", Time since last: 1000109757 ns, Reaching safepoint: 101102 ns, At safepoint: 10511 ns, Total: 111613 ns
[2020-09-11T18:52:29.955+0000][1][safepoint    ] Safepoint "RevokeBias", Time since last: 436500824 ns, Reaching safepoint: 178921 ns, At safepoint: 22593 ns, Total: 201514 ns
[2020-09-11T18:52:30.010+0000][1][safepoint    ] Safepoint "RevokeBias", Time since last: 55184200 ns, Reaching safepoint: 171246 ns, At safepoint: 23439 ns, Total: 194685 ns
[2020-09-11T18:52:30.107+0000][1][safepoint    ] Safepoint "RevokeBias", Time since last: 96924549 ns, Reaching safepoint: 94489 ns, At safepoint: 23217 ns, Total: 117706 ns
[2020-09-11T18:52:30.154+0000][1][safepoint    ] Safepoint "RevokeBias", Time since last: 46781834 ns, Reaching safepoint: 94540 ns, At safepoint: 21940 ns, Total: 116480 ns
[2020-09-11T18:52:30.176+0000][1][gc,start     ] GC(236) Pause Young (Allocation Failure)
[2020-09-11T18:52:30.176+0000][1][gc,task      ] GC(236) Using 1 workers of 1 for evacuation
[2020-09-11T18:52:30.200+0000][1][gc,age       ] GC(236) Desired survivor size 4358144 bytes, new threshold 1 (max threshold 6)
[2020-09-11T18:52:30.200+0000][1][gc,age       ] GC(236) Age table with threshold 1 (max threshold 6)
[2020-09-11T18:52:30.200+0000][1][gc,age       ] GC(236) - age   1:    6333496 bytes,    6333496 total
[2020-09-11T18:52:30.200+0000][1][gc,age       ] GC(236) - age   2:     796800 bytes,    7130296 total
[2020-09-11T18:52:30.200+0000][1][gc,age       ] GC(236) - age   3:      74008 bytes,    7204304 total
[2020-09-11T18:52:30.200+0000][1][gc,age       ] GC(236) - age   4:     228360 bytes,    7432664 total
[2020-09-11T18:52:30.200+0000][1][gc,age       ] GC(236) - age   5:       7656 bytes,    7440320 total
[2020-09-11T18:52:30.200+0000][1][gc,age       ] GC(236) - age   6:     431712 bytes,    7872032 total
[2020-09-11T18:52:30.200+0000][1][gc,heap      ] GC(236) ParNew: 71088K->8467K(76672K)
[2020-09-11T18:52:30.200+0000][1][gc,heap      ] GC(236) CMS: 87159K->87266K(439104K)
[2020-09-11T18:52:30.200+0000][1][gc,metaspace ] GC(236) Metaspace: 100337K->100337K(1142784K)
[2020-09-11T18:52:30.200+0000][1][gc           ] GC(236) Pause Young (Allocation Failure) 154M->93M(503M) 24.215ms
[2020-09-11T18:52:30.200+0000][1][gc,cpu       ] GC(236) User=0.01s Sys=0.00s Real=0.02s
[2020-09-11T18:52:30.217+0000][1][safepoint    ] Safepoint "GenCollectForAllocation", Time since last: 22035784 ns, Reaching safepoint: 171581 ns, At safepoint: 40623719 ns, Total: 40795300 ns
[2020-09-11T18:52:30.233+0000][1][safepoint    ] Safepoint "RevokeBias", Time since last: 15598360 ns, Reaching safepoint: 139455 ns, At safepoint: 24218 ns, Total: 163673 ns
[2020-09-11T18:52:30.356+0000][1][safepoint    ] Safepoint "RevokeBias", Time since last: 123267127 ns, Reaching safepoint: 93575 ns, At safepoint: 22691 ns, Total: 116266 ns
[2020-09-11T18:52:31.356+0000][1][safepoint    ] Safepoint "Cleanup", Time since last: 1000109648 ns, Reaching safepoint: 92773 ns, At safepoint: 12069 ns, Total: 104842 ns
[2020-09-11T18:52:32.356+0000][1][safepoint    ] Safepoint "Cleanup", Time since last: 1000108059 ns, Reaching safepoint: 93335 ns, At safepoint: 11075 ns, Total: 104410 ns
[2020-09-11T18:52:33.357+0000][1][safepoint    ] Safepoint "Cleanup", Time since last: 1000117434 ns, Reaching safepoint: 93757 ns, At safepoint: 10679 ns, Total: 104436 ns
[2020-09-11T18:52:34.357+0000][1][safepoint    ] Safepoint "Cleanup", Time since last: 1000121921 ns, Reaching safepoint: 228410 ns, At safepoint: 13348 ns, Total: 241758 ns
[2020-09-11T18:52:35.092+0000][1][safepoint    ] Safepoint "RevokeBias", Time since last: 735080529 ns, Reaching safepoint: 95718 ns, At safepoint: 22314 ns, Total: 118032 ns
[2020-09-11T18:52:36.092+0000][1][safepoint    ] Safepoint "Cleanup", Time since last: 1000104190 ns, Reaching safepoint: 94669 ns, At safepoint: 10249 ns, Total: 104918 ns
[2020-09-11T18:52:37.093+0000][1][safepoint    ] Safepoint "Cleanup", Time since last: 1000117959 ns, Reaching safepoint: 93038 ns, At safepoint: 10959 ns, Total: 103997 ns
[2020-09-11T18:52:38.093+0000][1][safepoint    ] Safepoint "Cleanup", Time since last: 1000119569 ns, Reaching safepoint: 121586 ns, At safepoint: 9513 ns, Total: 131099 ns
[2020-09-11T18:52:38.513+0000][1][safepoint    ] Safepoint "RevokeBias", Time since last: 418900012 ns, Reaching safepoint: 860388 ns, At safepoint: 26383 ns, Total: 886771 ns
[2020-09-11T18:52:39.513+0000][1][safepoint    ] Safepoint "Cleanup", Time since last: 1000113783 ns, Reaching safepoint: 116007 ns, At safepoint: 7690 ns, Total: 123697 ns
[2020-09-11T18:52:40.239+0000][1][safepoint    ] Safepoint "RevokeBias", Time since last: 726148605 ns, Reaching safepoint: 104657 ns, At safepoint: 27129 ns, Total: 131786 ns
[2020-09-11T18:52:40.272+0000][1][safepoint    ] Safepoint "BulkRevokeBias", Time since last: 32647027 ns, Reaching safepoint: 102014 ns, At safepoint: 271517 ns, Total: 373531 ns
[2020-09-11T18:52:40.303+0000][1][safepoint    ] Safepoint "RevokeBias", Time since last: 31047587 ns, Reaching safepoint: 172646 ns, At safepoint: 24381 ns, Total: 197027 ns
[2020-09-11T18:52:40.362+0000][1][safepoint    ] Safepoint "RevokeBias", Time since last: 58360209 ns, Reaching safepoint: 94284 ns, At safepoint: 22167 ns, Total: 116451 ns
[2020-09-11T18:52:40.518+0000][1][safepoint    ] Safepoint "RevokeBias", Time since last: 155955296 ns, Reaching safepoint: 99190 ns, At safepoint: 27269 ns, Total: 126459 ns
[2020-09-11T18:52:40.700+0000][1][safepoint    ] Safepoint "RevokeBias", Time since last: 181380821 ns, Reaching safepoint: 176225 ns, At safepoint: 29670 ns, Total: 205895 ns
[2020-09-11T18:52:41.700+0000][1][safepoint    ] Safepoint "Cleanup", Time since last: 1000131281 ns, Reaching safepoint: 89076 ns, At safepoint: 9404 ns, Total: 98480 ns
[2020-09-11T18:52:42.700+0000][1][safepoint    ] Safepoint "Cleanup", Time since last: 1000115909 ns, Reaching safepoint: 91633 ns, At safepoint: 10808 ns, Total: 102441 ns
[2020-09-11T18:52:43.700+0000][1][safepoint    ] Safepoint "Cleanup", Time since last: 1000114806 ns, Reaching safepoint: 96349 ns, At safepoint: 10516 ns, Total: 106865 ns
[2020-09-11T18:52:44.700+0000][1][safepoint    ] Safepoint "Cleanup", Time since last: 1000115151 ns, Reaching safepoint: 90320 ns, At safepoint: 11057 ns, Total: 101377 ns
[2020-09-11T18:52:45.123+0000][1][safepoint    ] Safepoint "RevokeBias", Time since last: 422413957 ns, Reaching safepoint: 104514 ns, At safepoint: 26059 ns, Total: 130573 ns
[2020-09-11T18:52:46.123+0000][1][safepoint    ] Safepoint "Cleanup", Time since last: 1000105879 ns, Reaching safepoint: 98616 ns, At safepoint: 10339 ns, Total: 108955 ns
[2020-09-11T18:52:48.475+0000][1][safepoint    ] Safepoint "RevokeBias", Time since last: 2351729460 ns, Reaching safepoint: 193294 ns, At safepoint: 41775 ns, Total: 235069 ns
[2020-09-11T18:52:49.475+0000][1][safepoint    ] Safepoint "Cleanup", Time since last: 1000114937 ns, Reaching safepoint: 96303 ns, At safepoint: 11597 ns, Total: 107900 ns
[2020-09-11T18:52:49.577+0000][1][gc,start     ] GC(237) Pause Young (Allocation Failure)
[2020-09-11T18:52:49.577+0000][1][gc,task      ] GC(237) Using 1 workers of 1 for evacuation
[2020-09-11T18:52:49.603+0000][1][gc,age       ] GC(237) Desired survivor size 4358144 bytes, new threshold 6 (max threshold 6)
[2020-09-11T18:52:49.603+0000][1][gc,age       ] GC(237) Age table with threshold 6 (max threshold 6)
[2020-09-11T18:52:49.603+0000][1][gc,age       ] GC(237) - age   1:      85152 bytes,      85152 total
[2020-09-11T18:52:49.603+0000][1][gc,heap      ] GC(237) ParNew: 76627K->6118K(76672K)
[2020-09-11T18:52:49.603+0000][1][gc,heap      ] GC(237) CMS: 87266K->94839K(439104K)
[2020-09-11T18:52:49.603+0000][1][gc,metaspace ] GC(237) Metaspace: 100338K->100338K(1142784K)
[2020-09-11T18:52:49.603+0000][1][gc           ] GC(237) Pause Young (Allocation Failure) 160M->98M(503M) 26.154ms
[2020-09-11T18:52:49.603+0000][1][gc,cpu       ] GC(237) User=0.02s Sys=0.00s Real=0.03s
[2020-09-11T18:52:49.603+0000][1][safepoint    ] Safepoint "GenCollectForAllocation", Time since last: 101273525 ns, Reaching safepoint: 123163 ns, At safepoint: 26234586 ns, Total: 26357749 ns
[2020-09-11T18:52:50.439+0000][1][safepoint    ] Safepoint "RevokeBias", Time since last: 835984774 ns, Reaching safepoint: 99032 ns, At safepoint: 27061 ns, Total: 126093 ns
[2020-09-11T18:52:50.467+0000][1][safepoint    ] Safepoint "RevokeBias", Time since last: 27814271 ns, Reaching safepoint: 95207 ns, At safepoint: 21764 ns, Total: 116971 ns
[2020-09-11T18:52:50.505+0000][1][safepoint    ] Safepoint "RevokeBias", Time since last: 37360652 ns, Reaching safepoint: 96209 ns, At safepoint: 23242 ns, Total: 119451 ns
[2020-09-11T18:52:50.534+0000][1][safepoint    ] Safepoint "RevokeBias", Time since last: 29640825 ns, Reaching safepoint: 170222 ns, At safepoint: 23803 ns, Total: 194025 ns
[2020-09-11T18:52:50.563+0000][1][safepoint    ] Safepoint "RevokeBias", Time since last: 28959176 ns, Reaching safepoint: 100061 ns, At safepoint: 22196 ns, Total: 122257 ns
[2020-09-11T18:52:50.785+0000][1][safepoint    ] Safepoint "RevokeBias", Time since last: 221480601 ns, Reaching safepoint: 229186 ns, At safepoint: 31023 ns, Total: 260209 ns
[2020-09-11T18:52:54.786+0000][1][safepoint    ] Safepoint "Cleanup", Time since last: 4000340102 ns, Reaching safepoint: 99109 ns, At safepoint: 10423 ns, Total: 109532 ns
[2020-09-11T18:52:55.077+0000][1][safepoint    ] Safepoint "RevokeBias", Time since last: 291210694 ns, Reaching safepoint: 198610 ns, At safepoint: 28738 ns, Total: 227348 ns
[2020-09-11T18:52:56.077+0000][1][safepoint    ] Safepoint "Cleanup", Time since last: 1000130321 ns, Reaching safepoint: 96005 ns, At safepoint: 10733 ns, Total: 106738 ns
[2020-09-11T18:52:57.078+0000][1][safepoint    ] Safepoint "Cleanup", Time since last: 1000111086 ns, Reaching safepoint: 94080 ns, At safepoint: 10435 ns, Total: 104515 ns
[2020-09-11T18:52:58.078+0000][1][safepoint    ] Safepoint "Cleanup", Time since last: 1000109211 ns, Reaching safepoint: 90872 ns, At safepoint: 9106 ns, Total: 99978 ns
[2020-09-11T18:52:58.458+0000][1][safepoint    ] Safepoint "RevokeBias", Time since last: 379144778 ns, Reaching safepoint: 597591 ns, At safepoint: 24048 ns, Total: 621639 ns
[2020-09-11T18:52:59.458+0000][1][safepoint    ] Safepoint "Cleanup", Time since last: 1000111580 ns, Reaching safepoint: 95729 ns, At safepoint: 9866 ns, Total: 105595 ns
[2020-09-11T18:53:00.458+0000][1][safepoint    ] Safepoint "Cleanup", Time since last: 1000117582 ns, Reaching safepoint: 94599 ns, At safepoint: 10010 ns, Total: 104609 ns
[2020-09-11T18:53:00.640+0000][1][safepoint    ] Safepoint "RevokeBias", Time since last: 182136233 ns, Reaching safepoint: 184176 ns, At safepoint: 28352 ns, Total: 212528 ns
[2020-09-11T18:53:00.675+0000][1][safepoint    ] Safepoint "RevokeBias", Time since last: 34715303 ns, Reaching safepoint: 180017 ns, At safepoint: 27136 ns, Total: 207153 ns
[2020-09-11T18:53:00.706+0000][1][safepoint    ] Safepoint "RevokeBias", Time since last: 30226367 ns, Reaching safepoint: 99527 ns, At safepoint: 27240 ns, Total: 126767 ns
[2020-09-11T18:53:00.830+0000][1][safepoint    ] Safepoint "RevokeBias", Time since last: 124654596 ns, Reaching safepoint: 100847 ns, At safepoint: 22988 ns, Total: 123835 ns
[2020-09-11T18:53:00.894+0000][1][safepoint    ] Safepoint "RevokeBias", Time since last: 63296740 ns, Reaching safepoint: 90615 ns, At safepoint: 23693 ns, Total: 114308 ns
[2020-09-11T18:53:01.219+0000][1][safepoint    ] Safepoint "RevokeBias", Time since last: 325221013 ns, Reaching safepoint: 101415 ns, At safepoint: 27311 ns, Total: 128726 ns
[2020-09-11T18:53:02.219+0000][1][safepoint    ] Safepoint "Cleanup", Time since last: 1000118166 ns, Reaching safepoint: 92551 ns, At safepoint: 10866 ns, Total: 103417 ns
[2020-09-11T18:53:03.220+0000][1][safepoint    ] Safepoint "Cleanup", Time since last: 1000126145 ns, Reaching safepoint: 91154 ns, At safepoint: 11041 ns, Total: 102195 ns
[2020-09-11T18:53:04.220+0000][1][safepoint    ] Safepoint "Cleanup", Time since last: 1000115041 ns, Reaching safepoint: 94132 ns, At safepoint: 9849 ns, Total: 103981 ns
[2020-09-11T18:53:05.106+0000][1][safepoint    ] Safepoint "RevokeBias", Time since last: 886428765 ns, Reaching safepoint: 176557 ns, At safepoint: 26173 ns, Total: 202730 ns
[2020-09-11T18:53:06.107+0000][1][safepoint    ] Safepoint "Cleanup", Time since last: 1000124726 ns, Reaching safepoint: 92105 ns, At safepoint: 10261 ns, Total: 102366 ns
[2020-09-11T18:53:07.107+0000][1][safepoint    ] Safepoint "Cleanup", Time since last: 1000111094 ns, Reaching safepoint: 96723 ns, At safepoint: 10242 ns, Total: 106965 ns
[2020-09-11T18:53:08.107+0000][1][safepoint    ] Safepoint "Cleanup", Time since last: 1000113675 ns, Reaching safepoint: 92601 ns, At safepoint: 9882 ns, Total: 102483 ns
[2020-09-11T18:53:08.468+0000][1][safepoint    ] Safepoint "RevokeBias", Time since last: 360063064 ns, Reaching safepoint: 225526 ns, At safepoint: 222585 ns, Total: 448111 ns
[2020-09-11T18:53:08.485+0000][1][gc,start     ] GC(238) Pause Young (Allocation Failure)
[2020-09-11T18:53:08.485+0000][1][gc,task      ] GC(238) Using 1 workers of 1 for evacuation
[2020-09-11T18:53:08.498+0000][1][gc,age       ] GC(238) Desired survivor size 4358144 bytes, new threshold 6 (max threshold 6)
[2020-09-11T18:53:08.498+0000][1][gc,age       ] GC(238) Age table with threshold 6 (max threshold 6)
[2020-09-11T18:53:08.498+0000][1][gc,age       ] GC(238) - age   1:     289952 bytes,     289952 total
[2020-09-11T18:53:08.498+0000][1][gc,age       ] GC(238) - age   2:      31576 bytes,     321528 total
[2020-09-11T18:53:08.498+0000][1][gc,heap      ] GC(238) ParNew: 74278K->1545K(76672K)
[2020-09-11T18:53:08.498+0000][1][gc,heap      ] GC(238) CMS: 94839K->94839K(439104K)
[2020-09-11T18:53:08.498+0000][1][gc,metaspace ] GC(238) Metaspace: 100354K->100354K(1142784K)
[2020-09-11T18:53:08.498+0000][1][gc           ] GC(238) Pause Young (Allocation Failure) 165M->94M(503M) 12.994ms
[2020-09-11T18:53:08.498+0000][1][gc,cpu       ] GC(238) User=0.01s Sys=0.00s Real=0.01s
[2020-09-11T18:53:08.498+0000][1][safepoint    ] Safepoint "GenCollectForAllocation", Time since last: 17219590 ns, Reaching safepoint: 163363 ns, At safepoint: 13067536 ns, Total: 13230899 ns
[2020-09-11T18:53:09.501+0000][1][safepoint    ] Safepoint "Cleanup", Time since last: 1003209908 ns, Reaching safepoint: 100938 ns, At safepoint: 10954 ns, Total: 111892 ns
[2020-09-11T18:53:10.502+0000][1][safepoint    ] Safepoint "Cleanup", Time since last: 1000109648 ns, Reaching safepoint: 91239 ns, At safepoint: 8627 ns, Total: 99866 ns
[2020-09-11T18:53:10.931+0000][1][safepoint    ] Safepoint "RevokeBias", Time since last: 429460584 ns, Reaching safepoint: 104659 ns, At safepoint: 25698 ns, Total: 130357 ns
[2020-09-11T18:53:11.007+0000][1][safepoint    ] Safepoint "RevokeBias", Time since last: 75803182 ns, Reaching safepoint: 101536 ns, At safepoint: 27035 ns, Total: 128571 ns
[2020-09-11T18:53:11.037+0000][1][safepoint    ] Safepoint "RevokeBias", Time since last: 30082575 ns, Reaching safepoint: 100586 ns, At safepoint: 26406 ns, Total: 126992 ns
[2020-09-11T18:53:11.067+0000][1][safepoint    ] Safepoint "RevokeBias", Time since last: 29406865 ns, Reaching safepoint: 101469 ns, At safepoint: 22804 ns, Total: 124273 ns
[2020-09-11T18:53:11.097+0000][1][safepoint    ] Safepoint "RevokeBias", Time since last: 30482553 ns, Reaching safepoint: 97547 ns, At safepoint: 21975 ns, Total: 119522 ns
[2020-09-11T18:53:11.316+0000][1][safepoint    ] Safepoint "RevokeBias", Time since last: 218264036 ns, Reaching safepoint: 103071 ns, At safepoint: 26662 ns, Total: 129733 ns
[2020-09-11T18:53:12.316+0000][1][safepoint    ] Safepoint "Cleanup", Time since last: 1000111963 ns, Reaching safepoint: 91444 ns, At safepoint: 10098 ns, Total: 101542 ns
[2020-09-11T18:53:13.316+0000][1][safepoint    ] Safepoint "Cleanup", Time since last: 1000115795 ns, Reaching safepoint: 95656 ns, At safepoint: 11191 ns, Total: 106847 ns
[2020-09-11T18:53:14.316+0000][1][safepoint    ] Safepoint "Cleanup", Time since last: 1000116628 ns, Reaching safepoint: 88547 ns, At safepoint: 9178 ns, Total: 97725 ns
[2020-09-11T18:53:15.083+0000][1][safepoint    ] Safepoint "RevokeBias", Time since last: 766405578 ns, Reaching safepoint: 176077 ns, At safepoint: 22976 ns, Total: 199053 ns
[2020-09-11T18:53:16.083+0000][1][safepoint    ] Safepoint "Cleanup", Time since last: 1000104171 ns, Reaching safepoint: 97636 ns, At safepoint: 10101 ns, Total: 107737 ns
[2020-09-11T18:53:17.084+0000][1][safepoint    ] Safepoint "Cleanup", Time since last: 1000128678 ns, Reaching safepoint: 94642 ns, At safepoint: 9971 ns, Total: 104613 ns
[2020-09-11T18:53:18.084+0000][1][safepoint    ] Safepoint "Cleanup", Time since last: 1000090698 ns, Reaching safepoint: 114639 ns, At safepoint: 10755 ns, Total: 125394 ns
[2020-09-11T18:53:18.485+0000][1][safepoint    ] Safepoint "RevokeBias", Time since last: 399342258 ns, Reaching safepoint: 1858942 ns, At safepoint: 367718 ns, Total: 2226660 ns
[2020-09-11T18:53:19.486+0000][1][safepoint    ] Safepoint "Cleanup", Time since last: 1000112319 ns, Reaching safepoint: 90298 ns, At safepoint: 8829 ns, Total: 99127 ns
[2020-09-11T18:53:20.486+0000][1][safepoint    ] Safepoint "Cleanup", Time since last: 1000110327 ns, Reaching safepoint: 93637 ns, At safepoint: 9456 ns, Total: 103093 ns
[2020-09-11T18:53:21.165+0000][1][safepoint    ] Safepoint "RevokeBias", Time since last: 679410477 ns, Reaching safepoint: 105499 ns, At safepoint: 35044 ns, Total: 140543 ns
[2020-09-11T18:53:21.206+0000][1][safepoint    ] Safepoint "RevokeBias", Time since last: 41059462 ns, Reaching safepoint: 101823 ns, At safepoint: 27024 ns, Total: 128847 ns
[2020-09-11T18:53:21.246+0000][1][safepoint    ] Safepoint "RevokeBias", Time since last: 39154361 ns, Reaching safepoint: 103014 ns, At safepoint: 26811 ns, Total: 129825 ns
[2020-09-11T18:53:21.286+0000][1][safepoint    ] Safepoint "RevokeBias", Time since last: 40547825 ns, Reaching safepoint: 102105 ns, At safepoint: 27104 ns, Total: 129209 ns
[2020-09-11T18:53:21.412+0000][1][safepoint    ] Safepoint "RevokeBias", Time since last: 125029827 ns, Reaching safepoint: 98303 ns, At safepoint: 27427 ns, Total: 125730 ns
[2020-09-11T18:53:21.544+0000][1][safepoint    ] Safepoint "RevokeBias", Time since last: 131915078 ns, Reaching safepoint: 98919 ns, At safepoint: 25229 ns, Total: 124148 ns
[2020-09-11T18:53:22.544+0000][1][safepoint    ] Safepoint "Cleanup", Time since last: 1000112910 ns, Reaching safepoint: 93301 ns, At safepoint: 10523 ns, Total: 103824 ns
[2020-09-11T18:53:23.544+0000][1][safepoint    ] Safepoint "Cleanup", Time since last: 1000114058 ns, Reaching safepoint: 98071 ns, At safepoint: 11734 ns, Total: 109805 ns
[2020-09-11T18:53:24.544+0000][1][safepoint    ] Safepoint "Cleanup", Time since last: 1000108031 ns, Reaching safepoint: 92700 ns, At safepoint: 9357 ns, Total: 102057 ns
[2020-09-11T18:53:24.927+0000][1][gc,start     ] GC(239) Pause Young (Allocation Failure)
[2020-09-11T18:53:24.927+0000][1][gc,task      ] GC(239) Using 1 workers of 1 for evacuation
[2020-09-11T18:53:24.932+0000][1][gc,age       ] GC(239) Desired survivor size 4358144 bytes, new threshold 6 (max threshold 6)
[2020-09-11T18:53:24.932+0000][1][gc,age       ] GC(239) Age table with threshold 6 (max threshold 6)
[2020-09-11T18:53:24.932+0000][1][gc,age       ] GC(239) - age   1:     168744 bytes,     168744 total
[2020-09-11T18:53:24.932+0000][1][gc,age       ] GC(239) - age   2:      16128 bytes,     184872 total
[2020-09-11T18:53:24.932+0000][1][gc,age       ] GC(239) - age   3:       8600 bytes,     193472 total
[2020-09-11T18:53:24.932+0000][1][gc,heap      ] GC(239) ParNew: 69705K->464K(76672K)
[2020-09-11T18:53:24.932+0000][1][gc,heap      ] GC(239) CMS: 94839K->94839K(439104K)
[2020-09-11T18:53:24.932+0000][1][gc,metaspace ] GC(239) Metaspace: 100401K->100401K(1142784K)
[2020-09-11T18:53:24.932+0000][1][gc           ] GC(239) Pause Young (Allocation Failure) 160M->93M(503M) 4.723ms
[2020-09-11T18:53:24.932+0000][1][gc,cpu       ] GC(239) User=0.00s Sys=0.00s Real=0.00s
[2020-09-11T18:53:24.941+0000][1][safepoint    ] Safepoint "GenCollectForAllocation", Time since last: 382773985 ns, Reaching safepoint: 201295 ns, At safepoint: 13604920 ns, Total: 13806215 ns
[2020-09-11T18:53:25.085+0000][1][safepoint    ] Safepoint "RevokeBias", Time since last: 144250231 ns, Reaching safepoint: 106458 ns, At safepoint: 39891 ns, Total: 146349 ns
[2020-09-11T18:53:26.085+0000][1][safepoint    ] Safepoint "Cleanup", Time since last: 1000118080 ns, Reaching safepoint: 91289 ns, At safepoint: 22522 ns, Total: 113811 ns
[2020-09-11T18:53:27.086+0000][1][safepoint    ] Safepoint "Cleanup", Time since last: 1000110051 ns, Reaching safepoint: 91749 ns, At safepoint: 22860 ns, Total: 114609 ns
[2020-09-11T18:53:28.086+0000][1][safepoint    ] Safepoint "Cleanup", Time since last: 1000107817 ns, Reaching safepoint: 104843 ns, At safepoint: 9736 ns, Total: 114579 ns
[2020-09-11T18:53:28.451+0000][1][safepoint    ] Safepoint "RevokeBias", Time since last: 364671158 ns, Reaching safepoint: 209593 ns, At safepoint: 27255 ns, Total: 236848 ns
[2020-09-11T18:53:29.451+0000][1][safepoint    ] Safepoint "Cleanup", Time since last: 1000116921 ns, Reaching safepoint: 101414 ns, At safepoint: 11063 ns, Total: 112477 ns
[2020-09-11T18:53:30.451+0000][1][safepoint    ] Safepoint "Cleanup", Time since last: 1000118615 ns, Reaching safepoint: 103528 ns, At safepoint: 11575 ns, Total: 115103 ns
[2020-09-11T18:53:31.449+0000][1][safepoint    ] Safepoint "RevokeBias", Time since last: 997892609 ns, Reaching safepoint: 178013 ns, At safepoint: 27569 ns, Total: 205582 ns
[2020-09-11T18:53:31.555+0000][1][safepoint    ] Safepoint "RevokeBias", Time since last: 104908660 ns, Reaching safepoint: 178379 ns, At safepoint: 27074 ns, Total: 205453 ns
[2020-09-11T18:53:31.583+0000][1][safepoint    ] Safepoint "RevokeBias", Time since last: 28513651 ns, Reaching safepoint: 101592 ns, At safepoint: 24540 ns, Total: 126132 ns
[2020-09-11T18:53:31.610+0000][1][safepoint    ] Safepoint "RevokeBias", Time since last: 26481034 ns, Reaching safepoint: 95268 ns, At safepoint: 21879 ns, Total: 117147 ns
[2020-09-11T18:53:31.745+0000][1][safepoint    ] Safepoint "RevokeBias", Time since last: 135171199 ns, Reaching safepoint: 100894 ns, At safepoint: 26506 ns, Total: 127400 ns
[2020-09-11T18:53:31.864+0000][1][safepoint    ] Safepoint "BulkRevokeBias", Time since last: 118355975 ns, Reaching safepoint: 94848 ns, At safepoint: 332552 ns, Total: 427400 ns
[2020-09-11T18:53:32.864+0000][1][safepoint    ] Safepoint "Cleanup", Time since last: 1000113860 ns, Reaching safepoint: 97456 ns, At safepoint: 10193 ns, Total: 107649 ns
[2020-09-11T18:53:33.864+0000][1][safepoint    ] Safepoint "Cleanup", Time since last: 1000115219 ns, Reaching safepoint: 105082 ns, At safepoint: 14768 ns, Total: 119850 ns
[2020-09-11T18:53:34.865+0000][1][safepoint    ] Safepoint "Cleanup", Time since last: 1000122625 ns, Reaching safepoint: 93511 ns, At safepoint: 11044 ns, Total: 104555 ns
[2020-09-11T18:53:35.133+0000][1][safepoint    ] Safepoint "RevokeBias", Time since last: 268627470 ns, Reaching safepoint: 177953 ns, At safepoint: 27032 ns, Total: 204985 ns
[2020-09-11T18:53:36.134+0000][1][safepoint    ] Safepoint "Cleanup", Time since last: 1000107438 ns, Reaching safepoint: 94037 ns, At safepoint: 9370 ns, Total: 103407 ns
[2020-09-11T18:53:37.134+0000][1][safepoint    ] Safepoint "Cleanup", Time since last: 1000113475 ns, Reaching safepoint: 93799 ns, At safepoint: 10722 ns, Total: 104521 ns
[2020-09-11T18:53:38.134+0000][1][safepoint    ] Safepoint "Cleanup", Time since last: 1000119274 ns, Reaching safepoint: 96189 ns, At safepoint: 9887 ns, Total: 106076 ns
[2020-09-11T18:53:38.447+0000][1][safepoint    ] Safepoint "RevokeBias", Time since last: 312641730 ns, Reaching safepoint: 520957 ns, At safepoint: 28592 ns, Total: 549549 ns
[2020-09-11T18:53:39.447+0000][1][safepoint    ] Safepoint "Cleanup", Time since last: 1000115265 ns, Reaching safepoint: 96399 ns, At safepoint: 19935 ns, Total: 116334 ns
[2020-09-11T18:53:40.448+0000][1][safepoint    ] Safepoint "Cleanup", Time since last: 1000118527 ns, Reaching safepoint: 93591 ns, At safepoint: 10412 ns, Total: 104003 ns
[2020-09-11T18:53:41.448+0000][1][safepoint    ] Safepoint "Cleanup", Time since last: 1000116274 ns, Reaching safepoint: 96639 ns, At safepoint: 9818 ns, Total: 106457 ns
[2020-09-11T18:53:41.670+0000][1][safepoint    ] Safepoint "RevokeBias", Time since last: 222100891 ns, Reaching safepoint: 99937 ns, At safepoint: 27906 ns, Total: 127843 ns
[2020-09-11T18:53:41.717+0000][1][safepoint    ] Safepoint "RevokeBias", Time since last: 46805615 ns, Reaching safepoint: 93863 ns, At safepoint: 21819 ns, Total: 115682 ns
[2020-09-11T18:53:41.776+0000][1][safepoint    ] Safepoint "RevokeBias", Time since last: 58695909 ns, Reaching safepoint: 99059 ns, At safepoint: 28073 ns, Total: 127132 ns
[2020-09-11T18:53:41.790+0000][1][gc,start     ] GC(240) Pause Young (Allocation Failure)
[2020-09-11T18:53:41.790+0000][1][gc,task      ] GC(240) Using 1 workers of 1 for evacuation
[2020-09-11T18:53:41.795+0000][1][gc,age       ] GC(240) Desired survivor size 4358144 bytes, new threshold 6 (max threshold 6)
[2020-09-11T18:53:41.795+0000][1][gc,age       ] GC(240) Age table with threshold 6 (max threshold 6)
[2020-09-11T18:53:41.795+0000][1][gc,age       ] GC(240) - age   1:     174576 bytes,     174576 total
[2020-09-11T18:53:41.795+0000][1][gc,age       ] GC(240) - age   2:      29952 bytes,     204528 total
[2020-09-11T18:53:41.795+0000][1][gc,age       ] GC(240) - age   3:       4720 bytes,     209248 total
[2020-09-11T18:53:41.795+0000][1][gc,age       ] GC(240) - age   4:       8272 bytes,     217520 total
[2020-09-11T18:53:41.795+0000][1][gc,heap      ] GC(240) ParNew: 68624K->374K(76672K)
[2020-09-11T18:53:41.795+0000][1][gc,heap      ] GC(240) CMS: 94839K->94839K(439104K)
[2020-09-11T18:53:41.795+0000][1][gc,metaspace ] GC(240) Metaspace: 100405K->100405K(1142784K)
[2020-09-11T18:53:41.795+0000][1][gc           ] GC(240) Pause Young (Allocation Failure) 159M->92M(503M) 5.319ms
[2020-09-11T18:53:41.795+0000][1][gc,cpu       ] GC(240) User=0.01s Sys=0.00s Real=0.01s
[2020-09-11T18:53:41.797+0000][1][safepoint    ] Safepoint "GenCollectForAllocation", Time since last: 13779514 ns, Reaching safepoint: 224551 ns, At safepoint: 6995820 ns, Total: 7220371 ns
[2020-09-11T18:53:41.882+0000][1][safepoint    ] Safepoint "RevokeBias", Time since last: 84683068 ns, Reaching safepoint: 110595 ns, At safepoint: 39803 ns, Total: 150398 ns
[2020-09-11T18:53:41.922+0000][1][safepoint    ] Safepoint "RevokeBias", Time since last: 40120656 ns, Reaching safepoint: 96863 ns, At safepoint: 35432 ns, Total: 132295 ns
[2020-09-11T18:53:42.097+0000][1][safepoint    ] Safepoint "RevokeBias", Time since last: 175308129 ns, Reaching safepoint: 101133 ns, At safepoint: 41462 ns, Total: 142595 ns
[2020-09-11T18:53:43.100+0000][1][safepoint    ] Safepoint "Cleanup", Time since last: 1002689826 ns, Reaching safepoint: 92559 ns, At safepoint: 21973 ns, Total: 114532 ns
[2020-09-11T18:53:44.100+0000][1][safepoint    ] Safepoint "Cleanup", Time since last: 1000118168 ns, Reaching safepoint: 108857 ns, At safepoint: 24694 ns, Total: 133551 ns
[2020-09-11T18:53:45.101+0000][1][safepoint    ] Safepoint "Cleanup", Time since last: 1000138890 ns, Reaching safepoint: 94972 ns, At safepoint: 11030 ns, Total: 106002 ns
[2020-09-11T18:53:45.118+0000][1][safepoint    ] Safepoint "RevokeBias", Time since last: 16796123 ns, Reaching safepoint: 103881 ns, At safepoint: 27152 ns, Total: 131033 ns
[2020-09-11T18:53:46.118+0000][1][safepoint    ] Safepoint "Cleanup", Time since last: 1000106065 ns, Reaching safepoint: 99497 ns, At safepoint: 9521 ns, Total: 109018 ns
[2020-09-11T18:53:47.118+0000][1][safepoint    ] Safepoint "Cleanup", Time since last: 1000114095 ns, Reaching safepoint: 90332 ns, At safepoint: 10501 ns, Total: 100833 ns
[2020-09-11T18:53:48.118+0000][1][safepoint    ] Safepoint "Cleanup", Time since last: 1000116682 ns, Reaching safepoint: 92876 ns, At safepoint: 10142 ns, Total: 103018 ns
[2020-09-11T18:53:48.464+0000][1][safepoint    ] Safepoint "RevokeBias", Time since last: 345724729 ns, Reaching safepoint: 219672 ns, At safepoint: 34402 ns, Total: 254074 ns
[2020-09-11T18:53:49.464+0000][1][safepoint    ] Safepoint "Cleanup", Time since last: 1000106945 ns, Reaching safepoint: 101283 ns, At safepoint: 11608 ns, Total: 112891 ns
[2020-09-11T18:53:50.465+0000][1][safepoint    ] Safepoint "Cleanup", Time since last: 1000102618 ns, Reaching safepoint: 114353 ns, At safepoint: 9989 ns, Total: 124342 ns
[2020-09-11T18:53:51.465+0000][1][safepoint    ] Safepoint "Cleanup", Time since last: 1000153472 ns, Reaching safepoint: 94219 ns, At safepoint: 9912 ns, Total: 104131 ns
[2020-09-11T18:53:52.015+0000][1][safepoint    ] Safepoint "RevokeBias", Time since last: 550123992 ns, Reaching safepoint: 99937 ns, At safepoint: 27559 ns, Total: 127496 ns
[2020-09-11T18:53:52.233+0000][1][safepoint    ] Safepoint "RevokeBias", Time since last: 217406494 ns, Reaching safepoint: 97546 ns, At safepoint: 22871 ns, Total: 120417 ns
[2020-09-11T18:53:52.323+0000][1][safepoint    ] Safepoint "RevokeBias", Time since last: 89834404 ns, Reaching safepoint: 98600 ns, At safepoint: 27264 ns, Total: 125864 ns
[2020-09-11T18:53:52.349+0000][1][safepoint    ] Safepoint "RevokeBias", Time since last: 25938087 ns, Reaching safepoint: 96134 ns, At safepoint: 63466 ns, Total: 159600 ns
[2020-09-11T18:53:52.380+0000][1][safepoint    ] Safepoint "RevokeBias", Time since last: 30814269 ns, Reaching safepoint: 95002 ns, At safepoint: 22852 ns, Total: 117854 ns
[2020-09-11T18:53:52.516+0000][1][safepoint    ] Safepoint "RevokeBias", Time since last: 136006480 ns, Reaching safepoint: 96908 ns, At safepoint: 22137 ns, Total: 119045 ns
[2020-09-11T18:53:53.516+0000][1][safepoint    ] Safepoint "Cleanup", Time since last: 1000110905 ns, Reaching safepoint: 95020 ns, At safepoint: 11227 ns, Total: 106247 ns
[2020-09-11T18:53:54.516+0000][1][safepoint    ] Safepoint "Cleanup", Time since last: 1000123266 ns, Reaching safepoint: 95599 ns, At safepoint: 10582 ns, Total: 106181 ns
[2020-09-11T18:53:54.685+0000][1][safepoint    ] Safepoint "RevokeBias", Time since last: 166380716 ns, Reaching safepoint: 2275940 ns, At safepoint: 27230 ns, Total: 2303170 ns
[2020-09-11T18:53:55.086+0000][1][safepoint    ] Safepoint "RevokeBias", Time since last: 400677301 ns, Reaching safepoint: 176494 ns, At safepoint: 23485 ns, Total: 199979 ns
[2020-09-11T18:53:55.347+0000][1][safepoint    ] Safepoint "RevokeBias", Time since last: 260890902 ns, Reaching safepoint: 178670 ns, At safepoint: 28535 ns, Total: 207205 ns
[2020-09-11T18:53:55.348+0000][1][safepoint    ] Safepoint "RevokeBias", Time since last: 1192204 ns, Reaching safepoint: 148008 ns, At safepoint: 21528 ns, Total: 169536 ns
[2020-09-11T18:53:55.352+0000][1][safepoint    ] Safepoint "RevokeBias", Time since last: 1269743 ns, Reaching safepoint: 2777474 ns, At safepoint: 29851 ns, Total: 2807325 ns
[2020-09-11T18:53:55.353+0000][1][safepoint    ] Safepoint "RevokeBias", Time since last: 181231 ns, Reaching safepoint: 151813 ns, At safepoint: 69578 ns, Total: 221391 ns
[2020-09-11T18:53:55.353+0000][1][safepoint    ] Safepoint "RevokeBias", Time since last: 65483 ns, Reaching safepoint: 136454 ns, At safepoint: 15746 ns, Total: 152200 ns
[2020-09-11T18:53:55.362+0000][1][safepoint    ] Safepoint "RevokeBias", Time since last: 9015791 ns, Reaching safepoint: 158236 ns, At safepoint: 22787 ns, Total: 181023 ns
[2020-09-11T18:53:55.376+0000][1][safepoint    ] Safepoint "RevokeBias", Time since last: 13254571 ns, Reaching safepoint: 168325 ns, At safepoint: 40280 ns, Total: 208605 ns
[2020-09-11T18:53:55.377+0000][1][safepoint    ] Safepoint "RevokeBias", Time since last: 577199 ns, Reaching safepoint: 600736 ns, At safepoint: 20704 ns, Total: 621440 ns
[2020-09-11T18:53:55.377+0000][1][safepoint    ] Safepoint "RevokeBias", Time since last: 64480 ns, Reaching safepoint: 474429 ns, At safepoint: 16474 ns, Total: 490903 ns
[2020-09-11T18:53:55.381+0000][1][safepoint    ] Safepoint "RevokeBias", Time since last: 1186498 ns, Reaching safepoint: 1906349 ns, At safepoint: 19324 ns, Total: 1925673 ns
[2020-09-11T18:53:55.385+0000][1][safepoint    ] Safepoint "RevokeBias", Time since last: 1554430 ns, Reaching safepoint: 2761270 ns, At safepoint: 32765 ns, Total: 2794035 ns
[2020-09-11T18:53:55.497+0000][1][safepoint    ] Safepoint "BulkRevokeBias", Time since last: 111229234 ns, Reaching safepoint: 179116 ns, At safepoint: 282862 ns, Total: 461978 ns
[2020-09-11T18:53:55.700+0000][1][safepoint    ] Safepoint "RevokeBias", Time since last: 203566739 ns, Reaching safepoint: 128611 ns, At safepoint: 26712 ns, Total: 155323 ns
[2020-09-11T18:53:55.729+0000][1][gc,start     ] GC(241) Pause Young (Allocation Failure)
[2020-09-11T18:53:55.729+0000][1][gc,task      ] GC(241) Using 1 workers of 1 for evacuation
[2020-09-11T18:53:55.744+0000][1][gc,age       ] GC(241) Desired survivor size 4358144 bytes, new threshold 6 (max threshold 6)
[2020-09-11T18:53:55.744+0000][1][gc,age       ] GC(241) Age table with threshold 6 (max threshold 6)
[2020-09-11T18:53:55.744+0000][1][gc,age       ] GC(241) - age   1:     523464 bytes,     523464 total
[2020-09-11T18:53:55.744+0000][1][gc,age       ] GC(241) - age   2:      17064 bytes,     540528 total
[2020-09-11T18:53:55.744+0000][1][gc,age       ] GC(241) - age   3:      12336 bytes,     552864 total
[2020-09-11T18:53:55.744+0000][1][gc,age       ] GC(241) - age   4:       3480 bytes,     556344 total
[2020-09-11T18:53:55.744+0000][1][gc,age       ] GC(241) - age   5:       8272 bytes,     564616 total
[2020-09-11T18:53:55.744+0000][1][gc,heap      ] GC(241) ParNew: 68521K->632K(76672K)
[2020-09-11T18:53:55.744+0000][1][gc,heap      ] GC(241) CMS: 94839K->94839K(439104K)
[2020-09-11T18:53:55.744+0000][1][gc,metaspace ] GC(241) Metaspace: 100524K->100524K(1142784K)
[2020-09-11T18:53:55.744+0000][1][gc           ] GC(241) Pause Young (Allocation Failure) 159M->93M(503M) 15.097ms
[2020-09-11T18:53:55.744+0000][1][gc,cpu       ] GC(241) User=0.01s Sys=0.00s Real=0.02s
[2020-09-11T18:53:55.777+0000][1][safepoint    ] Safepoint "GenCollectForAllocation", Time since last: 28486446 ns, Reaching safepoint: 208745 ns, At safepoint: 47986002 ns, Total: 48194747 ns
[2020-09-11T18:53:55.926+0000][1][safepoint    ] Safepoint "RevokeBias", Time since last: 148363839 ns, Reaching safepoint: 191901 ns, At safepoint: 19460 ns, Total: 211361 ns
[2020-09-11T18:53:56.120+0000][1][safepoint    ] Safepoint "RevokeBias", Time since last: 194134223 ns, Reaching safepoint: 101547 ns, At safepoint: 20887 ns, Total: 122434 ns
[2020-09-11T18:53:56.120+0000][1][safepoint    ] Safepoint "RevokeBias", Time since last: 63811 ns, Reaching safepoint: 35035 ns, At safepoint: 11724 ns, Total: 46759 ns
[2020-09-11T18:53:56.120+0000][1][safepoint    ] Safepoint "RevokeBias", Time since last: 29632 ns, Reaching safepoint: 32331 ns, At safepoint: 10333 ns, Total: 42664 ns
[2020-09-11T18:53:56.120+0000][1][safepoint    ] Safepoint "RevokeBias", Time since last: 28277 ns, Reaching safepoint: 32253 ns, At safepoint: 9939 ns, Total: 42192 ns
[2020-09-11T18:53:56.120+0000][1][safepoint    ] Safepoint "RevokeBias", Time since last: 27647 ns, Reaching safepoint: 31934 ns, At safepoint: 10040 ns, Total: 41974 ns
[2020-09-11T18:53:56.120+0000][1][safepoint    ] Safepoint "BulkRevokeBias", Time since last: 27664 ns, Reaching safepoint: 31995 ns, At safepoint: 234427 ns, Total: 266422 ns
[2020-09-11T18:53:56.376+0000][1][safepoint    ] Safepoint "RevokeBias", Time since last: 255933024 ns, Reaching safepoint: 98958 ns, At safepoint: 10369 ns, Total: 109327 ns
[2020-09-11T18:53:56.377+0000][1][safepoint    ] Safepoint "RevokeBias", Time since last: 156440 ns, Reaching safepoint: 70085 ns, At safepoint: 7709 ns, Total: 77794 ns
[2020-09-11T18:53:56.377+0000][1][safepoint    ] Safepoint "RevokeBias", Time since last: 634047 ns, Reaching safepoint: 73131 ns, At safepoint: 33937 ns, Total: 107068 ns
[2020-09-11T18:53:56.378+0000][1][safepoint    ] Safepoint "RevokeBias", Time since last: 431286 ns, Reaching safepoint: 66858 ns, At safepoint: 7223 ns, Total: 74081 ns
[2020-09-11T18:53:56.378+0000][1][safepoint    ] Safepoint "RevokeBias", Time since last: 81721 ns, Reaching safepoint: 52113 ns, At safepoint: 6317 ns, Total: 58430 ns
[2020-09-11T18:53:56.381+0000][1][safepoint    ] Safepoint "RevokeBias", Time since last: 2892192 ns, Reaching safepoint: 58863 ns, At safepoint: 18136 ns, Total: 76999 ns
[2020-09-11T18:53:56.381+0000][1][safepoint    ] Safepoint "RevokeBias", Time since last: 79034 ns, Reaching safepoint: 53702 ns, At safepoint: 13758 ns, Total: 67460 ns
[2020-09-11T18:53:56.382+0000][1][safepoint    ] Safepoint "RevokeBias", Time since last: 1132474 ns, Reaching safepoint: 49560 ns, At safepoint: 13354 ns, Total: 62914 ns
[2020-09-11T18:53:56.383+0000][1][safepoint    ] Safepoint "RevokeBias", Time since last: 83617 ns, Reaching safepoint: 50142 ns, At safepoint: 13764 ns, Total: 63906 ns
[2020-09-11T18:53:56.383+0000][1][safepoint    ] Safepoint "RevokeBias", Time since last: 119761 ns, Reaching safepoint: 42781 ns, At safepoint: 11872 ns, Total: 54653 ns
[2020-09-11T18:53:56.383+0000][1][safepoint    ] Safepoint "RevokeBias", Time since last: 57093 ns, Reaching safepoint: 44261 ns, At safepoint: 20933 ns, Total: 65194 ns
[2020-09-11T18:53:56.383+0000][1][safepoint    ] Safepoint "RevokeBias", Time since last: 121195 ns, Reaching safepoint: 41695 ns, At safepoint: 19429 ns, Total: 61124 ns
[2020-09-11T18:53:56.383+0000][1][safepoint    ] Safepoint "RevokeBias", Time since last: 55329 ns, Reaching safepoint: 42405 ns, At safepoint: 19947 ns, Total: 62352 ns
[2020-09-11T18:53:56.383+0000][1][safepoint    ] Safepoint "RevokeBias", Time since last: 32232 ns, Reaching safepoint: 38456 ns, At safepoint: 19444 ns, Total: 57900 ns
[2020-09-11T18:53:56.385+0000][1][safepoint    ] Safepoint "RevokeBias", Time since last: 1650924 ns, Reaching safepoint: 51192 ns, At safepoint: 22042 ns, Total: 73234 ns
[2020-09-11T18:53:56.385+0000][1][safepoint    ] Safepoint "RevokeBias", Time since last: 127975 ns, Reaching safepoint: 40459 ns, At safepoint: 19203 ns, Total: 59662 ns
[2020-09-11T18:53:56.385+0000][1][safepoint    ] Safepoint "RevokeBias", Time since last: 29157 ns, Reaching safepoint: 34749 ns, At safepoint: 17568 ns, Total: 52317 ns
[2020-09-11T18:53:56.385+0000][1][safepoint    ] Safepoint "RevokeBias", Time since last: 114729 ns, Reaching safepoint: 37039 ns, At safepoint: 18336 ns, Total: 55375 ns
[2020-09-11T18:53:56.385+0000][1][safepoint    ] Safepoint "RevokeBias", Time since last: 26444 ns, Reaching safepoint: 33792 ns, At safepoint: 17349 ns, Total: 51141 ns
[2020-09-11T18:53:56.386+0000][1][safepoint    ] Safepoint "RevokeBias", Time since last: 127804 ns, Reaching safepoint: 35810 ns, At safepoint: 18767 ns, Total: 54577 ns
[2020-09-11T18:53:56.386+0000][1][safepoint    ] Safepoint "RevokeBias", Time since last: 100375 ns, Reaching safepoint: 35691 ns, At safepoint: 18039 ns, Total: 53730 ns
[2020-09-11T18:53:57.386+0000][1][safepoint    ] Safepoint "Cleanup", Time since last: 1000110210 ns, Reaching safepoint: 93151 ns, At safepoint: 24116 ns, Total: 117267 ns
[2020-09-11T18:53:58.393+0000][1][safepoint    ] Safepoint "Cleanup", Time since last: 1002789465 ns, Reaching safepoint: 4159116 ns, At safepoint: 17633 ns, Total: 4176749 ns
[2020-09-11T18:53:58.409+0000][1][safepoint    ] Safepoint "RevokeBias", Time since last: 13951000 ns, Reaching safepoint: 1887461 ns, At safepoint: 28787 ns, Total: 1916248 ns
[2020-09-11T18:53:58.510+0000][1][safepoint    ] Safepoint "RevokeBias", Time since last: 93708532 ns, Reaching safepoint: 7390048 ns, At safepoint: 32264 ns, Total: 7422312 ns
[2020-09-11T18:53:59.565+0000][1][safepoint    ] Safepoint "Cleanup", Time since last: 1054838627 ns, Reaching safepoint: 156943 ns, At safepoint: 13572 ns, Total: 170515 ns
[2020-09-11T18:54:00.565+0000][1][safepoint    ] Safepoint "Cleanup", Time since last: 1000114247 ns, Reaching safepoint: 97220 ns, At safepoint: 10241 ns, Total: 107461 ns
[2020-09-11T18:54:01.565+0000][1][safepoint    ] Safepoint "Cleanup", Time since last: 1000111754 ns, Reaching safepoint: 97631 ns, At safepoint: 10434 ns, Total: 108065 ns
[2020-09-11T18:54:02.458+0000][1][safepoint    ] Safepoint "RevokeBias", Time since last: 892553473 ns, Reaching safepoint: 100151 ns, At safepoint: 28734 ns, Total: 128885 ns
[2020-09-11T18:54:02.472+0000][1][gc,start     ] GC(242) Pause Young (Allocation Failure)
[2020-09-11T18:54:02.472+0000][1][gc,task      ] GC(242) Using 1 workers of 1 for evacuation
[2020-09-11T18:54:02.482+0000][1][gc,age       ] GC(242) Desired survivor size 4358144 bytes, new threshold 6 (max threshold 6)
[2020-09-11T18:54:02.482+0000][1][gc,age       ] GC(242) Age table with threshold 6 (max threshold 6)
[2020-09-11T18:54:02.482+0000][1][gc,age       ] GC(242) - age   1:     326080 bytes,     326080 total
[2020-09-11T18:54:02.482+0000][1][gc,age       ] GC(242) - age   2:      83104 bytes,     409184 total
[2020-09-11T18:54:02.482+0000][1][gc,age       ] GC(242) - age   3:       9696 bytes,     418880 total
[2020-09-11T18:54:02.482+0000][1][gc,age       ] GC(242) - age   4:       6816 bytes,     425696 total
[2020-09-11T18:54:02.482+0000][1][gc,age       ] GC(242) - age   5:       3384 bytes,     429080 total
[2020-09-11T18:54:02.482+0000][1][gc,age       ] GC(242) - age   6:       8272 bytes,     437352 total
[2020-09-11T18:54:02.482+0000][1][gc,heap      ] GC(242) ParNew: 68786K->445K(76672K)
[2020-09-11T18:54:02.482+0000][1][gc,heap      ] GC(242) CMS: 94839K->94839K(439104K)
[2020-09-11T18:54:02.482+0000][1][gc,metaspace ] GC(242) Metaspace: 100613K->100613K(1142784K)
[2020-09-11T18:54:02.482+0000][1][gc           ] GC(242) Pause Young (Allocation Failure) 159M->93M(503M) 10.292ms
[2020-09-11T18:54:02.482+0000][1][gc,cpu       ] GC(242) User=0.01s Sys=0.00s Real=0.02s
[2020-09-11T18:54:02.486+0000][1][safepoint    ] Safepoint "GenCollectForAllocation", Time since last: 12282131 ns, Reaching safepoint: 1390793 ns, At safepoint: 14071248 ns, Total: 15462041 ns
[2020-09-11T18:54:02.503+0000][1][safepoint    ] Safepoint "RevokeBias", Time since last: 16949608 ns, Reaching safepoint: 101061 ns, At safepoint: 39334 ns, Total: 140395 ns
[2020-09-11T18:54:02.553+0000][1][safepoint    ] Safepoint "RevokeBias", Time since last: 49551288 ns, Reaching safepoint: 106855 ns, At safepoint: 38793 ns, Total: 145648 ns
[2020-09-11T18:54:02.581+0000][1][safepoint    ] Safepoint "RevokeBias", Time since last: 27792272 ns, Reaching safepoint: 109222 ns, At safepoint: 39622 ns, Total: 148844 ns
[2020-09-11T18:54:02.617+0000][1][safepoint    ] Safepoint "RevokeBias", Time since last: 36327553 ns, Reaching safepoint: 118683 ns, At safepoint: 27893 ns, Total: 146576 ns
[2020-09-11T18:54:02.743+0000][1][safepoint    ] Safepoint "RevokeBias", Time since last: 125590877 ns, Reaching safepoint: 100046 ns, At safepoint: 27348 ns, Total: 127394 ns
[2020-09-11T18:54:03.743+0000][1][safepoint    ] Safepoint "Cleanup", Time since last: 1000112395 ns, Reaching safepoint: 94887 ns, At safepoint: 10742 ns, Total: 105629 ns
[2020-09-11T18:54:04.743+0000][1][safepoint    ] Safepoint "Cleanup", Time since last: 1000117196 ns, Reaching safepoint: 92205 ns, At safepoint: 11356 ns, Total: 103561 ns
[2020-09-11T18:54:05.055+0000][1][safepoint    ] Safepoint "RevokeBias", Time since last: 311904900 ns, Reaching safepoint: 91924 ns, At safepoint: 24216 ns, Total: 116140 ns
[2020-09-11T18:54:05.055+0000][1][safepoint    ] Safepoint "RevokeBias", Time since last: 65232 ns, Reaching safepoint: 61510 ns, At safepoint: 15457 ns, Total: 76967 ns
[2020-09-11T18:54:05.056+0000][1][safepoint    ] Safepoint "RevokeBias", Time since last: 270292 ns, Reaching safepoint: 66148 ns, At safepoint: 6652 ns, Total: 72800 ns
[2020-09-11T18:54:05.125+0000][1][safepoint    ] Safepoint "RevokeBias", Time since last: 68672632 ns, Reaching safepoint: 180000 ns, At safepoint: 26696 ns, Total: 206696 ns
[2020-09-11T18:54:06.125+0000][1][safepoint    ] Safepoint "Cleanup", Time since last: 1000104973 ns, Reaching safepoint: 130750 ns, At safepoint: 9820 ns, Total: 140570 ns
[2020-09-11T18:54:07.125+0000][1][safepoint    ] Safepoint "Cleanup", Time since last: 1000106188 ns, Reaching safepoint: 89588 ns, At safepoint: 8674 ns, Total: 98262 ns
[2020-09-11T18:54:08.125+0000][1][safepoint    ] Safepoint "Cleanup", Time since last: 1000111113 ns, Reaching safepoint: 97130 ns, At safepoint: 10549 ns, Total: 107679 ns
[2020-09-11T18:54:08.458+0000][1][safepoint    ] Safepoint "RevokeBias", Time since last: 332789660 ns, Reaching safepoint: 192820 ns, At safepoint: 25034 ns, Total: 217854 ns
[2020-09-11T18:54:09.459+0000][1][safepoint    ] Safepoint "Cleanup", Time since last: 1000122655 ns, Reaching safepoint: 91715 ns, At safepoint: 10168 ns, Total: 101883 ns
[2020-09-11T18:54:10.459+0000][1][safepoint    ] Safepoint "Cleanup", Time since last: 1000120787 ns, Reaching safepoint: 93892 ns, At safepoint: 10951 ns, Total: 104843 ns
[2020-09-11T18:54:11.459+0000][1][safepoint    ] Safepoint "Cleanup", Time since last: 1000117594 ns, Reaching safepoint: 93232 ns, At safepoint: 11031 ns, Total: 104263 ns
[2020-09-11T18:54:12.459+0000][1][safepoint    ] Safepoint "Cleanup", Time since last: 1000117334 ns, Reaching safepoint: 94327 ns, At safepoint: 11121 ns, Total: 105448 ns
[2020-09-11T18:54:12.624+0000][1][safepoint    ] Safepoint "RevokeBias", Time since last: 164279222 ns, Reaching safepoint: 179886 ns, At safepoint: 28866 ns, Total: 208752 ns
[2020-09-11T18:54:12.649+0000][1][safepoint    ] Safepoint "RevokeBias", Time since last: 25040139 ns, Reaching safepoint: 212580 ns, At safepoint: 27265 ns, Total: 239845 ns
[2020-09-11T18:54:12.678+0000][1][safepoint    ] Safepoint "RevokeBias", Time since last: 29314508 ns, Reaching safepoint: 99025 ns, At safepoint: 24335 ns, Total: 123360 ns
[2020-09-11T18:54:12.706+0000][1][safepoint    ] Safepoint "RevokeBias", Time since last: 26624050 ns, Reaching safepoint: 463784 ns, At safepoint: 25413 ns, Total: 489197 ns
[2020-09-11T18:54:12.842+0000][1][safepoint    ] Safepoint "RevokeBias", Time since last: 136080813 ns, Reaching safepoint: 99309 ns, At safepoint: 27741 ns, Total: 127050 ns
[2020-09-11T18:54:12.962+0000][1][safepoint    ] Safepoint "RevokeBias", Time since last: 120275859 ns, Reaching safepoint: 97611 ns, At safepoint: 26171 ns, Total: 123782 ns
[2020-09-11T18:54:15.087+0000][1][safepoint    ] Safepoint "RevokeBias", Time since last: 2124822191 ns, Reaching safepoint: 178508 ns, At safepoint: 27453 ns, Total: 205961 ns
[2020-09-11T18:54:16.087+0000][1][safepoint    ] Safepoint "Cleanup", Time since last: 1000112422 ns, Reaching safepoint: 104920 ns, At safepoint: 10987 ns, Total: 115907 ns
[2020-09-11T18:54:17.088+0000][1][safepoint    ] Safepoint "Cleanup", Time since last: 1000115349 ns, Reaching safepoint: 94057 ns, At safepoint: 10603 ns, Total: 104660 ns
[2020-09-11T18:54:18.088+0000][1][safepoint    ] Safepoint "Cleanup", Time since last: 1000116620 ns, Reaching safepoint: 91668 ns, At safepoint: 7911 ns, Total: 99579 ns
[2020-09-11T18:54:18.476+0000][1][safepoint    ] Safepoint "RevokeBias", Time since last: 387736027 ns, Reaching safepoint: 207056 ns, At safepoint: 26655 ns, Total: 233711 ns
[2020-09-11T18:54:18.520+0000][1][gc,start     ] GC(243) Pause Young (Allocation Failure)
[2020-09-11T18:54:18.520+0000][1][gc,task      ] GC(243) Using 1 workers of 1 for evacuation
[2020-09-11T18:54:18.531+0000][1][gc,age       ] GC(243) Desired survivor size 4358144 bytes, new threshold 6 (max threshold 6)
[2020-09-11T18:54:18.531+0000][1][gc,age       ] GC(243) Age table with threshold 6 (max threshold 6)
[2020-09-11T18:54:18.531+0000][1][gc,age       ] GC(243) - age   1:     653824 bytes,     653824 total
[2020-09-11T18:54:18.531+0000][1][gc,age       ] GC(243) - age   2:     227944 bytes,     881768 total
[2020-09-11T18:54:18.531+0000][1][gc,age       ] GC(243) - age   3:      57824 bytes,     939592 total
[2020-09-11T18:54:18.531+0000][1][gc,age       ] GC(243) - age   4:       7536 bytes,     947128 total
[2020-09-11T18:54:18.531+0000][1][gc,age       ] GC(243) - age   5:       5776 bytes,     952904 total
[2020-09-11T18:54:18.531+0000][1][gc,age       ] GC(243) - age   6:       2920 bytes,     955824 total
[2020-09-11T18:54:18.531+0000][1][gc,heap      ] GC(243) ParNew: 68605K->1294K(76672K)
[2020-09-11T18:54:18.531+0000][1][gc,heap      ] GC(243) CMS: 94839K->94847K(439104K)
[2020-09-11T18:54:18.531+0000][1][gc,metaspace ] GC(243) Metaspace: 100636K->100636K(1142784K)
[2020-09-11T18:54:18.531+0000][1][gc           ] GC(243) Pause Young (Allocation Failure) 159M->93M(503M) 11.279ms
[2020-09-11T18:54:18.531+0000][1][gc,cpu       ] GC(243) User=0.01s Sys=0.00s Real=0.01s
[2020-09-11T18:54:18.533+0000][1][safepoint    ] Safepoint "GenCollectForAllocation", Time since last: 43607613 ns, Reaching safepoint: 178302 ns, At safepoint: 13210444 ns, Total: 13388746 ns
[2020-09-11T18:54:19.549+0000][1][safepoint    ] Safepoint "Cleanup", Time since last: 1016162291 ns, Reaching safepoint: 116000 ns, At safepoint: 23979 ns, Total: 139979 ns
[2020-09-11T18:54:20.549+0000][1][safepoint    ] Safepoint "Cleanup", Time since last: 1000114743 ns, Reaching safepoint: 95364 ns, At safepoint: 24388 ns, Total: 119752 ns
[2020-09-11T18:54:21.550+0000][1][safepoint    ] Safepoint "Cleanup", Time since last: 1000142607 ns, Reaching safepoint: 121222 ns, At safepoint: 10941 ns, Total: 132163 ns
[2020-09-11T18:54:22.550+0000][1][safepoint    ] Safepoint "Cleanup", Time since last: 1000111970 ns, Reaching safepoint: 92979 ns, At safepoint: 9913 ns, Total: 102892 ns
[2020-09-11T18:54:22.750+0000][1][safepoint    ] Safepoint "RevokeBias", Time since last: 200277236 ns, Reaching safepoint: 178301 ns, At safepoint: 28404 ns, Total: 206705 ns
[2020-09-11T18:54:22.774+0000][1][safepoint    ] Safepoint "RevokeBias", Time since last: 23572540 ns, Reaching safepoint: 171077 ns, At safepoint: 24368 ns, Total: 195445 ns
[2020-09-11T18:54:22.807+0000][1][safepoint    ] Safepoint "RevokeBias", Time since last: 32422620 ns, Reaching safepoint: 98133 ns, At safepoint: 25901 ns, Total: 124034 ns
[2020-09-11T18:54:22.828+0000][1][safepoint    ] Safepoint "RevokeBias", Time since last: 21437177 ns, Reaching safepoint: 96539 ns, At safepoint: 23374 ns, Total: 119913 ns
[2020-09-11T18:54:22.917+0000][1][safepoint    ] Safepoint "RevokeBias", Time since last: 88750223 ns, Reaching safepoint: 97312 ns, At safepoint: 24893 ns, Total: 122205 ns
[2020-09-11T18:54:23.044+0000][1][safepoint    ] Safepoint "BulkRevokeBias", Time since last: 126351173 ns, Reaching safepoint: 95183 ns, At safepoint: 273558 ns, Total: 368741 ns
[2020-09-11T18:54:24.044+0000][1][safepoint    ] Safepoint "Cleanup", Time since last: 1000112251 ns, Reaching safepoint: 90599 ns, At safepoint: 10945 ns, Total: 101544 ns
[2020-09-11T18:54:25.044+0000][1][safepoint    ] Safepoint "Cleanup", Time since last: 1000111593 ns, Reaching safepoint: 94947 ns, At safepoint: 10164 ns, Total: 105111 ns
[2020-09-11T18:54:25.131+0000][1][safepoint    ] Safepoint "RevokeBias", Time since last: 86439132 ns, Reaching safepoint: 100738 ns, At safepoint: 28410 ns, Total: 129148 ns
[2020-09-11T18:54:26.131+0000][1][safepoint    ] Safepoint "Cleanup", Time since last: 1000115332 ns, Reaching safepoint: 95498 ns, At safepoint: 11350 ns, Total: 106848 ns
[2020-09-11T18:54:27.131+0000][1][safepoint    ] Safepoint "Cleanup", Time since last: 1000115937 ns, Reaching safepoint: 98930 ns, At safepoint: 9711 ns, Total: 108641 ns
[2020-09-11T18:54:28.131+0000][1][safepoint    ] Safepoint "Cleanup", Time since last: 1000118254 ns, Reaching safepoint: 93677 ns, At safepoint: 11080 ns, Total: 104757 ns
[2020-09-11T18:54:28.458+0000][1][safepoint    ] Safepoint "RevokeBias", Time since last: 326728291 ns, Reaching safepoint: 189694 ns, At safepoint: 27386 ns, Total: 217080 ns
[2020-09-11T18:54:29.459+0000][1][safepoint    ] Safepoint "Cleanup", Time since last: 1000106813 ns, Reaching safepoint: 101788 ns, At safepoint: 20104 ns, Total: 121892 ns
[2020-09-11T18:54:30.459+0000][1][safepoint    ] Safepoint "Cleanup", Time since last: 1000119239 ns, Reaching safepoint: 92081 ns, At safepoint: 7866 ns, Total: 99947 ns
[2020-09-11T18:54:31.459+0000][1][safepoint    ] Safepoint "Cleanup", Time since last: 1000117825 ns, Reaching safepoint: 92450 ns, At safepoint: 11018 ns, Total: 103468 ns
[2020-09-11T18:54:32.459+0000][1][safepoint    ] Safepoint "Cleanup", Time since last: 1000115897 ns, Reaching safepoint: 95759 ns, At safepoint: 11361 ns, Total: 107120 ns
[2020-09-11T18:54:32.876+0000][1][safepoint    ] Safepoint "RevokeBias", Time since last: 416245487 ns, Reaching safepoint: 98583 ns, At safepoint: 26503 ns, Total: 125086 ns
[2020-09-11T18:54:32.926+0000][1][safepoint    ] Safepoint "RevokeBias", Time since last: 49847458 ns, Reaching safepoint: 106667 ns, At safepoint: 27467 ns, Total: 134134 ns
[2020-09-11T18:54:33.056+0000][1][safepoint    ] Safepoint "RevokeBias", Time since last: 130065169 ns, Reaching safepoint: 103402 ns, At safepoint: 27290 ns, Total: 130692 ns
[2020-09-11T18:54:33.084+0000][1][safepoint    ] Safepoint "RevokeBias", Time since last: 27797611 ns, Reaching safepoint: 107024 ns, At safepoint: 27068 ns, Total: 134092 ns
[2020-09-11T18:54:33.124+0000][1][safepoint    ] Safepoint "RevokeBias", Time since last: 40442706 ns, Reaching safepoint: 103668 ns, At safepoint: 26190 ns, Total: 129858 ns
[2020-09-11T18:54:33.251+0000][1][safepoint    ] Safepoint "RevokeBias", Time since last: 126507353 ns, Reaching safepoint: 100768 ns, At safepoint: 29524 ns, Total: 130292 ns
[2020-09-11T18:54:34.251+0000][1][safepoint    ] Safepoint "Cleanup", Time since last: 1000113434 ns, Reaching safepoint: 99499 ns, At safepoint: 11428 ns, Total: 110927 ns
[2020-09-11T18:54:35.087+0000][1][safepoint    ] Safepoint "RevokeBias", Time since last: 835927524 ns, Reaching safepoint: 178455 ns, At safepoint: 28079 ns, Total: 206534 ns
[2020-09-11T18:54:36.088+0000][1][safepoint    ] Safepoint "Cleanup", Time since last: 1000109148 ns, Reaching safepoint: 100498 ns, At safepoint: 8461 ns, Total: 108959 ns
[2020-09-11T18:54:37.088+0000][1][safepoint    ] Safepoint "Cleanup", Time since last: 1000112343 ns, Reaching safepoint: 106254 ns, At safepoint: 11721 ns, Total: 117975 ns
[2020-09-11T18:54:38.088+0000][1][safepoint    ] Safepoint "Cleanup", Time since last: 1000114162 ns, Reaching safepoint: 95329 ns, At safepoint: 10403 ns, Total: 105732 ns
[2020-09-11T18:54:38.451+0000][1][gc,start     ] GC(244) Pause Young (Allocation Failure)
[2020-09-11T18:54:38.451+0000][1][gc,task      ] GC(244) Using 1 workers of 1 for evacuation
[2020-09-11T18:54:38.466+0000][1][gc,age       ] GC(244) Desired survivor size 4358144 bytes, new threshold 6 (max threshold 6)
[2020-09-11T18:54:38.466+0000][1][gc,age       ] GC(244) Age table with threshold 6 (max threshold 6)
[2020-09-11T18:54:38.466+0000][1][gc,age       ] GC(244) - age   1:     310432 bytes,     310432 total
[2020-09-11T18:54:38.466+0000][1][gc,age       ] GC(244) - age   2:      20504 bytes,     330936 total
[2020-09-11T18:54:38.466+0000][1][gc,age       ] GC(244) - age   3:     225840 bytes,     556776 total
[2020-09-11T18:54:38.466+0000][1][gc,age       ] GC(244) - age   4:      39088 bytes,     595864 total
[2020-09-11T18:54:38.466+0000][1][gc,age       ] GC(244) - age   5:       1968 bytes,     597832 total
[2020-09-11T18:54:38.466+0000][1][gc,age       ] GC(244) - age   6:       5776 bytes,     603608 total
[2020-09-11T18:54:38.466+0000][1][gc,heap      ] GC(244) ParNew: 69454K->807K(76672K)
[2020-09-11T18:54:38.466+0000][1][gc,heap      ] GC(244) CMS: 94847K->94850K(439104K)
[2020-09-11T18:54:38.466+0000][1][gc,metaspace ] GC(244) Metaspace: 100650K->100650K(1142784K)
[2020-09-11T18:54:38.466+0000][1][gc           ] GC(244) Pause Young (Allocation Failure) 160M->93M(503M) 15.677ms
[2020-09-11T18:54:38.466+0000][1][gc,cpu       ] GC(244) User=0.01s Sys=0.00s Real=0.02s
[2020-09-11T18:54:38.466+0000][1][safepoint    ] Safepoint "GenCollectForAllocation", Time since last: 361691737 ns, Reaching safepoint: 990519 ns, At safepoint: 15746955 ns, Total: 16737474 ns
[2020-09-11T18:54:38.493+0000][1][safepoint    ] Safepoint "RevokeBias", Time since last: 21019204 ns, Reaching safepoint: 5478687 ns, At safepoint: 42042 ns, Total: 5520729 ns
[2020-09-11T18:54:39.493+0000][1][safepoint    ] Safepoint "Cleanup", Time since last: 1000115871 ns, Reaching safepoint: 100725 ns, At safepoint: 11043 ns, Total: 111768 ns
[2020-09-11T18:54:40.493+0000][1][safepoint    ] Safepoint "Cleanup", Time since last: 1000116706 ns, Reaching safepoint: 99623 ns, At safepoint: 10663 ns, Total: 110286 ns
[2020-09-11T18:54:41.494+0000][1][safepoint    ] Safepoint "Cleanup", Time since last: 1000116875 ns, Reaching safepoint: 87277 ns, At safepoint: 9396 ns, Total: 96673 ns
[2020-09-11T18:54:42.494+0000][1][safepoint    ] Safepoint "Cleanup", Time since last: 1000113142 ns, Reaching safepoint: 92817 ns, At safepoint: 9939 ns, Total: 102756 ns
[2020-09-11T18:54:43.162+0000][1][safepoint    ] Safepoint "RevokeBias", Time since last: 668390707 ns, Reaching safepoint: 188277 ns, At safepoint: 28343 ns, Total: 216620 ns
[2020-09-11T18:54:43.205+0000][1][safepoint    ] Safepoint "RevokeBias", Time since last: 42618889 ns, Reaching safepoint: 170792 ns, At safepoint: 24563 ns, Total: 195355 ns
[2020-09-11T18:54:43.252+0000][1][safepoint    ] Safepoint "RevokeBias", Time since last: 46646557 ns, Reaching safepoint: 93858 ns, At safepoint: 22666 ns, Total: 116524 ns
[2020-09-11T18:54:43.291+0000][1][safepoint    ] Safepoint "RevokeBias", Time since last: 38760627 ns, Reaching safepoint: 171121 ns, At safepoint: 22988 ns, Total: 194109 ns
[2020-09-11T18:54:43.319+0000][1][safepoint    ] Safepoint "RevokeBias", Time since last: 28317989 ns, Reaching safepoint: 174896 ns, At safepoint: 22993 ns, Total: 197889 ns
[2020-09-11T18:54:43.454+0000][1][safepoint    ] Safepoint "RevokeBias", Time since last: 134624568 ns, Reaching safepoint: 100745 ns, At safepoint: 26744 ns, Total: 127489 ns
[2020-09-11T18:54:44.454+0000][1][safepoint    ] Safepoint "Cleanup", Time since last: 1000105750 ns, Reaching safepoint: 90769 ns, At safepoint: 9554 ns, Total: 100323 ns
[2020-09-11T18:54:45.125+0000][1][safepoint    ] Safepoint "RevokeBias", Time since last: 670477496 ns, Reaching safepoint: 200940 ns, At safepoint: 30182 ns, Total: 231122 ns
[2020-09-11T18:54:46.125+0000][1][safepoint    ] Safepoint "Cleanup", Time since last: 1000113054 ns, Reaching safepoint: 91687 ns, At safepoint: 10608 ns, Total: 102295 ns
[2020-09-11T18:54:47.126+0000][1][safepoint    ] Safepoint "Cleanup", Time since last: 1000114875 ns, Reaching safepoint: 94827 ns, At safepoint: 11470 ns, Total: 106297 ns
[2020-09-11T18:54:48.126+0000][1][safepoint    ] Safepoint "Cleanup", Time since last: 1000114071 ns, Reaching safepoint: 92422 ns, At safepoint: 10570 ns, Total: 102992 ns
[2020-09-11T18:54:48.455+0000][1][safepoint    ] Safepoint "RevokeBias", Time since last: 329170840 ns, Reaching safepoint: 193129 ns, At safepoint: 21846 ns, Total: 214975 ns
[2020-09-11T18:54:49.455+0000][1][safepoint    ] Safepoint "Cleanup", Time since last: 1000112738 ns, Reaching safepoint: 95324 ns, At safepoint: 10841 ns, Total: 106165 ns
[2020-09-11T18:54:50.456+0000][1][safepoint    ] Safepoint "Cleanup", Time since last: 1000119717 ns, Reaching safepoint: 116984 ns, At safepoint: 10775 ns, Total: 127759 ns
[2020-09-11T18:54:51.456+0000][1][safepoint    ] Safepoint "Cleanup", Time since last: 1000113206 ns, Reaching safepoint: 95258 ns, At safepoint: 10804 ns, Total: 106062 ns
[2020-09-11T18:54:52.456+0000][1][safepoint    ] Safepoint "Cleanup", Time since last: 1000118850 ns, Reaching safepoint: 114136 ns, At safepoint: 11805 ns, Total: 125941 ns
[2020-09-11T18:54:53.390+0000][1][safepoint    ] Safepoint "RevokeBias", Time since last: 933597700 ns, Reaching safepoint: 103843 ns, At safepoint: 25579 ns, Total: 129422 ns
[2020-09-11T18:54:53.430+0000][1][safepoint    ] Safepoint "RevokeBias", Time since last: 39843287 ns, Reaching safepoint: 116790 ns, At safepoint: 26611 ns, Total: 143401 ns
[2020-09-11T18:54:53.555+0000][1][safepoint    ] Safepoint "RevokeBias", Time since last: 124701959 ns, Reaching safepoint: 100702 ns, At safepoint: 26286 ns, Total: 126988 ns
[2020-09-11T18:54:53.567+0000][1][gc,start     ] GC(245) Pause Young (Allocation Failure)
[2020-09-11T18:54:53.567+0000][1][gc,task      ] GC(245) Using 1 workers of 1 for evacuation
[2020-09-11T18:54:53.578+0000][1][gc,age       ] GC(245) Desired survivor size 4358144 bytes, new threshold 6 (max threshold 6)
[2020-09-11T18:54:53.578+0000][1][gc,age       ] GC(245) Age table with threshold 6 (max threshold 6)
[2020-09-11T18:54:53.578+0000][1][gc,age       ] GC(245) - age   1:     126144 bytes,     126144 total
[2020-09-11T18:54:53.578+0000][1][gc,age       ] GC(245) - age   2:      13536 bytes,     139680 total
[2020-09-11T18:54:53.578+0000][1][gc,age       ] GC(245) - age   3:      16400 bytes,     156080 total
[2020-09-11T18:54:53.578+0000][1][gc,age       ] GC(245) - age   4:     219152 bytes,     375232 total
[2020-09-11T18:54:53.578+0000][1][gc,age       ] GC(245) - age   5:      39088 bytes,     414320 total
[2020-09-11T18:54:53.579+0000][1][gc,age       ] GC(245) - age   6:       1968 bytes,     416288 total
[2020-09-11T18:54:53.579+0000][1][gc,heap      ] GC(245) ParNew: 68967K->644K(76672K)
[2020-09-11T18:54:53.579+0000][1][gc,heap      ] GC(245) CMS: 94850K->94856K(439104K)
[2020-09-11T18:54:53.579+0000][1][gc,metaspace ] GC(245) Metaspace: 100682K->100682K(1142784K)
[2020-09-11T18:54:53.579+0000][1][gc           ] GC(245) Pause Young (Allocation Failure) 159M->93M(503M) 11.849ms
[2020-09-11T18:54:53.579+0000][1][gc,cpu       ] GC(245) User=0.01s Sys=0.00s Real=0.01s
[2020-09-11T18:54:53.579+0000][1][safepoint    ] Safepoint "GenCollectForAllocation", Time since last: 11857347 ns, Reaching safepoint: 200500 ns, At safepoint: 12001399 ns, Total: 12201899 ns
[2020-09-11T18:54:53.600+0000][1][safepoint    ] Safepoint "RevokeBias", Time since last: 21172685 ns, Reaching safepoint: 102388 ns, At safepoint: 38120 ns, Total: 140508 ns
[2020-09-11T18:54:53.625+0000][1][safepoint    ] Safepoint "RevokeBias", Time since last: 25070298 ns, Reaching safepoint: 99508 ns, At safepoint: 39875 ns, Total: 139383 ns
[2020-09-11T18:54:53.847+0000][1][safepoint    ] Safepoint "RevokeBias", Time since last: 221161067 ns, Reaching safepoint: 105619 ns, At safepoint: 25615 ns, Total: 131234 ns
[2020-09-11T18:54:54.847+0000][1][safepoint    ] Safepoint "Cleanup", Time since last: 1000107317 ns, Reaching safepoint: 92909 ns, At safepoint: 9619 ns, Total: 102528 ns
[2020-09-11T18:54:55.084+0000][1][safepoint    ] Safepoint "RevokeBias", Time since last: 237185764 ns, Reaching safepoint: 101283 ns, At safepoint: 27872 ns, Total: 129155 ns
[2020-09-11T18:54:56.084+0000][1][safepoint    ] Safepoint "Cleanup", Time since last: 1000117100 ns, Reaching safepoint: 93930 ns, At safepoint: 10349 ns, Total: 104279 ns
[2020-09-11T18:54:57.085+0000][1][safepoint    ] Safepoint "Cleanup", Time since last: 1000114864 ns, Reaching safepoint: 94339 ns, At safepoint: 10604 ns, Total: 104943 ns
[2020-09-11T18:54:58.085+0000][1][safepoint    ] Safepoint "Cleanup", Time since last: 1000115339 ns, Reaching safepoint: 97211 ns, At safepoint: 10491 ns, Total: 107702 ns
[2020-09-11T18:54:58.457+0000][1][safepoint    ] Safepoint "RevokeBias", Time since last: 370997941 ns, Reaching safepoint: 1149784 ns, At safepoint: 29109 ns, Total: 1178893 ns
[2020-09-11T18:54:59.457+0000][1][safepoint    ] Safepoint "Cleanup", Time since last: 1000111360 ns, Reaching safepoint: 91785 ns, At safepoint: 10696 ns, Total: 102481 ns
[2020-09-11T18:55:00.457+0000][1][safepoint    ] Safepoint "Cleanup", Time since last: 1000110088 ns, Reaching safepoint: 94306 ns, At safepoint: 9760 ns, Total: 104066 ns
[2020-09-11T18:55:01.458+0000][1][safepoint    ] Safepoint "Cleanup", Time since last: 1000106727 ns, Reaching safepoint: 89863 ns, At safepoint: 10489 ns, Total: 100352 ns
[2020-09-11T18:55:02.458+0000][1][safepoint    ] Safepoint "Cleanup", Time since last: 1000110106 ns, Reaching safepoint: 92589 ns, At safepoint: 10007 ns, Total: 102596 ns
[2020-09-11T18:55:03.458+0000][1][safepoint    ] Safepoint "Cleanup", Time since last: 1000108215 ns, Reaching safepoint: 93144 ns, At safepoint: 9714 ns, Total: 102858 ns
[2020-09-11T18:55:03.656+0000][1][safepoint    ] Safepoint "RevokeBias", Time since last: 197638711 ns, Reaching safepoint: 182334 ns, At safepoint: 27406 ns, Total: 209740 ns
[2020-09-11T18:55:03.684+0000][1][safepoint    ] Safepoint "RevokeBias", Time since last: 28194162 ns, Reaching safepoint: 99270 ns, At safepoint: 24539 ns, Total: 123809 ns
[2020-09-11T18:55:03.721+0000][1][safepoint    ] Safepoint "RevokeBias", Time since last: 36819728 ns, Reaching safepoint: 176567 ns, At safepoint: 26667 ns, Total: 203234 ns
[2020-09-11T18:55:03.767+0000][1][safepoint    ] Safepoint "RevokeBias", Time since last: 44674973 ns, Reaching safepoint: 781559 ns, At safepoint: 27486 ns, Total: 809045 ns
[2020-09-11T18:55:03.841+0000][1][safepoint    ] Safepoint "RevokeBias", Time since last: 73846004 ns, Reaching safepoint: 103868 ns, At safepoint: 26524 ns, Total: 130392 ns
[2020-09-11T18:55:04.033+0000][1][safepoint    ] Safepoint "RevokeBias", Time since last: 192568085 ns, Reaching safepoint: 177595 ns, At safepoint: 27825 ns, Total: 205420 ns
[2020-09-11T18:55:05.158+0000][1][safepoint    ] Safepoint "RevokeBias", Time since last: 1124267300 ns, Reaching safepoint: 178774 ns, At safepoint: 27550 ns, Total: 206324 ns
[2020-09-11T18:55:08.486+0000][1][safepoint    ] Safepoint "RevokeBias", Time since last: 3327624792 ns, Reaching safepoint: 193223 ns, At safepoint: 24994 ns, Total: 218217 ns
[2020-09-11T18:55:08.525+0000][1][gc,start     ] GC(246) Pause Young (Allocation Failure)
[2020-09-11T18:55:08.525+0000][1][gc,task      ] GC(246) Using 1 workers of 1 for evacuation
[2020-09-11T18:55:08.536+0000][1][gc,age       ] GC(246) Desired survivor size 4358144 bytes, new threshold 6 (max threshold 6)
[2020-09-11T18:55:08.536+0000][1][gc,age       ] GC(246) Age table with threshold 6 (max threshold 6)
[2020-09-11T18:55:08.536+0000][1][gc,age       ] GC(246) - age   1:     660088 bytes,     660088 total
[2020-09-11T18:55:08.536+0000][1][gc,age       ] GC(246) - age   2:      38120 bytes,     698208 total
[2020-09-11T18:55:08.536+0000][1][gc,age       ] GC(246) - age   3:       2624 bytes,     700832 total
[2020-09-11T18:55:08.536+0000][1][gc,age       ] GC(246) - age   4:      15600 bytes,     716432 total
[2020-09-11T18:55:08.536+0000][1][gc,age       ] GC(246) - age   5:     219056 bytes,     935488 total
[2020-09-11T18:55:08.536+0000][1][gc,age       ] GC(246) - age   6:      39088 bytes,     974576 total
[2020-09-11T18:55:08.536+0000][1][gc,heap      ] GC(246) ParNew: 68804K->1397K(76672K)
[2020-09-11T18:55:08.536+0000][1][gc,heap      ] GC(246) CMS: 94856K->94857K(439104K)
[2020-09-11T18:55:08.536+0000][1][gc,metaspace ] GC(246) Metaspace: 100690K->100690K(1142784K)
[2020-09-11T18:55:08.536+0000][1][gc           ] GC(246) Pause Young (Allocation Failure) 159M->93M(503M) 11.211ms
[2020-09-11T18:55:08.536+0000][1][gc,cpu       ] GC(246) User=0.01s Sys=0.00s Real=0.01s
[2020-09-11T18:55:08.536+0000][1][safepoint    ] Safepoint "GenCollectForAllocation", Time since last: 35086901 ns, Reaching safepoint: 4064055 ns, At safepoint: 11284195 ns, Total: 15348250 ns
[2020-09-11T18:55:13.850+0000][1][safepoint    ] Safepoint "RevokeBias", Time since last: 5313772771 ns, Reaching safepoint: 178220 ns, At safepoint: 27106 ns, Total: 205326 ns
[2020-09-11T18:55:13.895+0000][1][safepoint    ] Safepoint "RevokeBias", Time since last: 44760012 ns, Reaching safepoint: 100912 ns, At safepoint: 27442 ns, Total: 128354 ns
[2020-09-11T18:55:13.921+0000][1][safepoint    ] Safepoint "RevokeBias", Time since last: 25568451 ns, Reaching safepoint: 99253 ns, At safepoint: 25035 ns, Total: 124288 ns
[2020-09-11T18:55:13.947+0000][1][safepoint    ] Safepoint "RevokeBias", Time since last: 26061702 ns, Reaching safepoint: 95229 ns, At safepoint: 21935 ns, Total: 117164 ns
[2020-09-11T18:55:14.077+0000][1][safepoint    ] Safepoint "RevokeBias", Time since last: 130297437 ns, Reaching safepoint: 108650 ns, At safepoint: 27500 ns, Total: 136150 ns
[2020-09-11T18:55:14.339+0000][1][safepoint    ] Safepoint "BulkRevokeBias", Time since last: 261650317 ns, Reaching safepoint: 100967 ns, At safepoint: 294651 ns, Total: 395618 ns
[2020-09-11T18:55:15.090+0000][1][safepoint    ] Safepoint "RevokeBias", Time since last: 750132519 ns, Reaching safepoint: 179078 ns, At safepoint: 27543 ns, Total: 206621 ns
[2020-09-11T18:55:16.090+0000][1][safepoint    ] Safepoint "Cleanup", Time since last: 1000110395 ns, Reaching safepoint: 92933 ns, At safepoint: 10646 ns, Total: 103579 ns
[2020-09-11T18:55:17.090+0000][1][safepoint    ] Safepoint "Cleanup", Time since last: 1000116966 ns, Reaching safepoint: 92696 ns, At safepoint: 10529 ns, Total: 103225 ns
[2020-09-11T18:55:18.090+0000][1][safepoint    ] Safepoint "Cleanup", Time since last: 1000129402 ns, Reaching safepoint: 93574 ns, At safepoint: 10311 ns, Total: 103885 ns
[2020-09-11T18:55:18.469+0000][1][safepoint    ] Safepoint "BulkRevokeBias", Time since last: 374454665 ns, Reaching safepoint: 4070402 ns, At safepoint: 339728 ns, Total: 4410130 ns
[2020-09-11T18:55:18.523+0000][1][safepoint    ] Safepoint "RevokeBias", Time since last: 53861384 ns, Reaching safepoint: 209811 ns, At safepoint: 21607 ns, Total: 231418 ns
[2020-09-11T18:55:19.524+0000][1][safepoint    ] Safepoint "Cleanup", Time since last: 1000114201 ns, Reaching safepoint: 94093 ns, At safepoint: 10527 ns, Total: 104620 ns
[2020-09-11T18:55:20.524+0000][1][safepoint    ] Safepoint "Cleanup", Time since last: 1000117950 ns, Reaching safepoint: 94581 ns, At safepoint: 9783 ns, Total: 104364 ns
[2020-09-11T18:55:21.524+0000][1][safepoint    ] Safepoint "Cleanup", Time since last: 1000115375 ns, Reaching safepoint: 93500 ns, At safepoint: 9827 ns, Total: 103327 ns
[2020-09-11T18:55:23.323+0000][1][safepoint    ] Safepoint "Cleanup", Time since last: 1799379463 ns, Reaching safepoint: 120617 ns, At safepoint: 10174 ns, Total: 130791 ns
[2020-09-11T18:55:24.043+0000][1][safepoint    ] Safepoint "RevokeBias", Time since last: 718986149 ns, Reaching safepoint: 180689 ns, At safepoint: 27463 ns, Total: 208152 ns
[2020-09-11T18:55:24.066+0000][1][safepoint    ] Safepoint "RevokeBias", Time since last: 23164481 ns, Reaching safepoint: 172428 ns, At safepoint: 23082 ns, Total: 195510 ns
[2020-09-11T18:55:24.095+0000][1][safepoint    ] Safepoint "RevokeBias", Time since last: 28754832 ns, Reaching safepoint: 170514 ns, At safepoint: 23582 ns, Total: 194096 ns
[2020-09-11T18:55:24.217+0000][1][safepoint    ] Safepoint "RevokeBias", Time since last: 122234881 ns, Reaching safepoint: 100615 ns, At safepoint: 27101 ns, Total: 127716 ns
[2020-09-11T18:55:24.238+0000][1][safepoint    ] Safepoint "RevokeBias", Time since last: 20555362 ns, Reaching safepoint: 96380 ns, At safepoint: 22155 ns, Total: 118535 ns
[2020-09-11T18:55:24.357+0000][1][safepoint    ] Safepoint "RevokeBias", Time since last: 118529082 ns, Reaching safepoint: 97931 ns, At safepoint: 25649 ns, Total: 123580 ns
[2020-09-11T18:55:25.124+0000][1][safepoint    ] Safepoint "RevokeBias", Time since last: 766932839 ns, Reaching safepoint: 96753 ns, At safepoint: 24012 ns, Total: 120765 ns
[2020-09-11T18:55:25.782+0000][1][safepoint    ] Safepoint "RevokeBias", Time since last: 657695176 ns, Reaching safepoint: 105069 ns, At safepoint: 24165 ns, Total: 129234 ns
[2020-09-11T18:55:26.426+0000][1][safepoint    ] Safepoint "RevokeBias", Time since last: 643847786 ns, Reaching safepoint: 93346 ns, At safepoint: 24821 ns, Total: 118167 ns
[2020-09-11T18:55:26.433+0000][1][safepoint    ] Safepoint "BulkRevokeBias", Time since last: 7262712 ns, Reaching safepoint: 168155 ns, At safepoint: 389532 ns, Total: 557687 ns
[2020-09-11T18:55:26.434+0000][1][safepoint    ] Safepoint "RevokeBias", Time since last: 346504 ns, Reaching safepoint: 153797 ns, At safepoint: 27806 ns, Total: 181603 ns
[2020-09-11T18:55:26.434+0000][1][safepoint    ] Safepoint "BulkRevokeBias", Time since last: 66073 ns, Reaching safepoint: 125610 ns, At safepoint: 246534 ns, Total: 372144 ns
[2020-09-11T18:55:26.447+0000][1][safepoint    ] Safepoint "BulkRevokeBias", Time since last: 11791142 ns, Reaching safepoint: 158617 ns, At safepoint: 240592 ns, Total: 399209 ns
[2020-09-11T18:55:26.453+0000][1][safepoint    ] Safepoint "BulkRevokeBias", Time since last: 2196455 ns, Reaching safepoint: 4169401 ns, At safepoint: 268775 ns, Total: 4438176 ns
[2020-09-11T18:55:26.459+0000][1][safepoint    ] Safepoint "RevokeBias", Time since last: 3535537 ns, Reaching safepoint: 1897581 ns, At safepoint: 13951 ns, Total: 1911532 ns
[2020-09-11T18:55:26.465+0000][1][safepoint    ] Safepoint "RevokeBias", Time since last: 6296374 ns, Reaching safepoint: 165306 ns, At safepoint: 37971 ns, Total: 203277 ns
[2020-09-11T18:55:26.803+0000][1][safepoint    ] Safepoint "RevokeBias", Time since last: 337749998 ns, Reaching safepoint: 92136 ns, At safepoint: 20590 ns, Total: 112726 ns
[2020-09-11T18:55:26.808+0000][1][safepoint    ] Safepoint "RevokeBias", Time since last: 5416304 ns, Reaching safepoint: 95570 ns, At safepoint: 22802 ns, Total: 118372 ns
[2020-09-11T18:55:27.809+0000][1][safepoint    ] Safepoint "Cleanup", Time since last: 1000108050 ns, Reaching safepoint: 89379 ns, At safepoint: 9320 ns, Total: 98699 ns
[2020-09-11T18:55:28.401+0000][1][gc,start     ] GC(247) Pause Young (Allocation Failure)
[2020-09-11T18:55:28.401+0000][1][gc,task      ] GC(247) Using 1 workers of 1 for evacuation
[2020-09-11T18:55:28.410+0000][1][gc,age       ] GC(247) Desired survivor size 4358144 bytes, new threshold 6 (max threshold 6)
[2020-09-11T18:55:28.410+0000][1][gc,age       ] GC(247) Age table with threshold 6 (max threshold 6)
[2020-09-11T18:55:28.410+0000][1][gc,age       ] GC(247) - age   1:     353176 bytes,     353176 total
[2020-09-11T18:55:28.410+0000][1][gc,age       ] GC(247) - age   2:      18488 bytes,     371664 total
[2020-09-11T18:55:28.410+0000][1][gc,age       ] GC(247) - age   3:       3016 bytes,     374680 total
[2020-09-11T18:55:28.411+0000][1][gc,age       ] GC(247) - age   4:       2624 bytes,     377304 total
[2020-09-11T18:55:28.411+0000][1][gc,age       ] GC(247) - age   5:       6464 bytes,     383768 total
[2020-09-11T18:55:28.411+0000][1][gc,age       ] GC(247) - age   6:     212368 bytes,     596136 total
[2020-09-11T18:55:28.411+0000][1][gc,heap      ] GC(247) ParNew: 69557K->830K(76672K)
[2020-09-11T18:55:28.411+0000][1][gc,heap      ] GC(247) CMS: 94857K->94895K(439104K)
[2020-09-11T18:55:28.411+0000][1][gc,metaspace ] GC(247) Metaspace: 100701K->100701K(1142784K)
[2020-09-11T18:55:28.411+0000][1][gc           ] GC(247) Pause Young (Allocation Failure) 160M->93M(503M) 9.674ms
[2020-09-11T18:55:28.411+0000][1][gc,cpu       ] GC(247) User=0.01s Sys=0.00s Real=0.00s
[2020-09-11T18:55:28.421+0000][1][safepoint    ] Safepoint "GenCollectForAllocation", Time since last: 588161180 ns, Reaching safepoint: 4048472 ns, At safepoint: 20349793 ns, Total: 24398265 ns
[2020-09-11T18:55:28.433+0000][1][safepoint    ] Safepoint "RevokeBias", Time since last: 9114085 ns, Reaching safepoint: 2500057 ns, At safepoint: 50941 ns, Total: 2550998 ns
[2020-09-11T18:55:28.488+0000][1][safepoint    ] Safepoint "RevokeBias", Time since last: 53892591 ns, Reaching safepoint: 1049460 ns, At safepoint: 24310 ns, Total: 1073770 ns
[2020-09-11T18:55:29.488+0000][1][safepoint    ] Safepoint "Cleanup", Time since last: 1000116220 ns, Reaching safepoint: 94384 ns, At safepoint: 10670 ns, Total: 105054 ns
[2020-09-11T18:55:30.488+0000][1][safepoint    ] Safepoint "Cleanup", Time since last: 1000120065 ns, Reaching safepoint: 101356 ns, At safepoint: 10472 ns, Total: 111828 ns
[2020-09-11T18:55:31.489+0000][1][safepoint    ] Safepoint "Cleanup", Time since last: 1000118342 ns, Reaching safepoint: 94952 ns, At safepoint: 11310 ns, Total: 106262 ns
[2020-09-11T18:55:32.489+0000][1][safepoint    ] Safepoint "Cleanup", Time since last: 1000116910 ns, Reaching safepoint: 112593 ns, At safepoint: 10867 ns, Total: 123460 ns
[2020-09-11T18:55:33.489+0000][1][safepoint    ] Safepoint "Cleanup", Time since last: 1000110501 ns, Reaching safepoint: 101863 ns, At safepoint: 11338 ns, Total: 113201 ns
[2020-09-11T18:55:34.296+0000][1][safepoint    ] Safepoint "RevokeBias", Time since last: 806286528 ns, Reaching safepoint: 181397 ns, At safepoint: 28291 ns, Total: 209688 ns
[2020-09-11T18:55:34.341+0000][1][safepoint    ] Safepoint "RevokeBias", Time since last: 44948022 ns, Reaching safepoint: 176108 ns, At safepoint: 27180 ns, Total: 203288 ns
[2020-09-11T18:55:34.368+0000][1][safepoint    ] Safepoint "RevokeBias", Time since last: 26876327 ns, Reaching safepoint: 99167 ns, At safepoint: 24999 ns, Total: 124166 ns
[2020-09-11T18:55:34.422+0000][1][safepoint    ] Safepoint "RevokeBias", Time since last: 53763964 ns, Reaching safepoint: 170222 ns, At safepoint: 23284 ns, Total: 193506 ns
[2020-09-11T18:55:34.453+0000][1][safepoint    ] Safepoint "RevokeBias", Time since last: 30840791 ns, Reaching safepoint: 96731 ns, At safepoint: 21276 ns, Total: 118007 ns
[2020-09-11T18:55:34.580+0000][1][safepoint    ] Safepoint "RevokeBias", Time since last: 127102133 ns, Reaching safepoint: 96054 ns, At safepoint: 21921 ns, Total: 117975 ns
[2020-09-11T18:55:35.057+0000][1][safepoint    ] Safepoint "RevokeBias", Time since last: 476900780 ns, Reaching safepoint: 116534 ns, At safepoint: 24845 ns, Total: 141379 ns
[2020-09-11T18:55:35.057+0000][1][safepoint    ] Safepoint "RevokeBias", Time since last: 70526 ns, Reaching safepoint: 59512 ns, At safepoint: 14795 ns, Total: 74307 ns
[2020-09-11T18:55:35.057+0000][1][safepoint    ] Safepoint "RevokeBias", Time since last: 38567 ns, Reaching safepoint: 48925 ns, At safepoint: 12334 ns, Total: 61259 ns
[2020-09-11T18:55:35.083+0000][1][safepoint    ] Safepoint "RevokeBias", Time since last: 25735069 ns, Reaching safepoint: 99909 ns, At safepoint: 27700 ns, Total: 127609 ns
[2020-09-11T18:55:36.083+0000][1][safepoint    ] Safepoint "Cleanup", Time since last: 1000108704 ns, Reaching safepoint: 94258 ns, At safepoint: 9840 ns, Total: 104098 ns
[2020-09-11T18:55:37.083+0000][1][safepoint    ] Safepoint "Cleanup", Time since last: 1000112303 ns, Reaching safepoint: 95360 ns, At safepoint: 10077 ns, Total: 105437 ns
[2020-09-11T18:55:38.084+0000][1][safepoint    ] Safepoint "Cleanup", Time since last: 1000111485 ns, Reaching safepoint: 101463 ns, At safepoint: 9330 ns, Total: 110793 ns
[2020-09-11T18:55:38.455+0000][1][safepoint    ] Safepoint "RevokeBias", Time since last: 370479381 ns, Reaching safepoint: 562996 ns, At safepoint: 24040 ns, Total: 587036 ns
[2020-09-11T18:55:39.455+0000][1][safepoint    ] Safepoint "Cleanup", Time since last: 1000115158 ns, Reaching safepoint: 100701 ns, At safepoint: 11295 ns, Total: 111996 ns
[2020-09-11T18:55:40.455+0000][1][safepoint    ] Safepoint "Cleanup", Time since last: 1000120245 ns, Reaching safepoint: 96514 ns, At safepoint: 14290 ns, Total: 110804 ns
[2020-09-11T18:55:41.455+0000][1][safepoint    ] Safepoint "Cleanup", Time since last: 1000113120 ns, Reaching safepoint: 94493 ns, At safepoint: 9348 ns, Total: 103841 ns
[2020-09-11T18:55:42.456+0000][1][safepoint    ] Safepoint "Cleanup", Time since last: 1000113345 ns, Reaching safepoint: 94051 ns, At safepoint: 9837 ns, Total: 103888 ns
[2020-09-11T18:55:43.456+0000][1][safepoint    ] Safepoint "Cleanup", Time since last: 1000111280 ns, Reaching safepoint: 94266 ns, At safepoint: 10687 ns, Total: 104953 ns
[2020-09-11T18:55:44.456+0000][1][safepoint    ] Safepoint "Cleanup", Time since last: 1000123822 ns, Reaching safepoint: 96758 ns, At safepoint: 10142 ns, Total: 106900 ns
[2020-09-11T18:55:44.527+0000][1][safepoint    ] Safepoint "RevokeBias", Time since last: 71267614 ns, Reaching safepoint: 181118 ns, At safepoint: 28976 ns, Total: 210094 ns
[2020-09-11T18:55:44.613+0000][1][safepoint    ] Safepoint "RevokeBias", Time since last: 85781675 ns, Reaching safepoint: 104083 ns, At safepoint: 28135 ns, Total: 132218 ns
[2020-09-11T18:55:44.655+0000][1][safepoint    ] Safepoint "RevokeBias", Time since last: 41833814 ns, Reaching safepoint: 95877 ns, At safepoint: 22348 ns, Total: 118225 ns
[2020-09-11T18:55:44.694+0000][1][safepoint    ] Safepoint "RevokeBias", Time since last: 38458909 ns, Reaching safepoint: 96380 ns, At safepoint: 22981 ns, Total: 119361 ns
[2020-09-11T18:55:44.750+0000][1][safepoint    ] Safepoint "RevokeBias", Time since last: 56407845 ns, Reaching safepoint: 98541 ns, At safepoint: 27087 ns, Total: 125628 ns
[2020-09-11T18:55:44.769+0000][1][gc,start     ] GC(248) Pause Young (Allocation Failure)
[2020-09-11T18:55:44.769+0000][1][gc,task      ] GC(248) Using 1 workers of 1 for evacuation
[2020-09-11T18:55:44.784+0000][1][gc,age       ] GC(248) Desired survivor size 4358144 bytes, new threshold 6 (max threshold 6)
[2020-09-11T18:55:44.784+0000][1][gc,age       ] GC(248) Age table with threshold 6 (max threshold 6)
[2020-09-11T18:55:44.784+0000][1][gc,age       ] GC(248) - age   1:      99520 bytes,      99520 total
[2020-09-11T18:55:44.784+0000][1][gc,age       ] GC(248) - age   2:     246384 bytes,     345904 total
[2020-09-11T18:55:44.784+0000][1][gc,age       ] GC(248) - age   3:       5672 bytes,     351576 total
[2020-09-11T18:55:44.784+0000][1][gc,age       ] GC(248) - age   4:       2088 bytes,     353664 total
[2020-09-11T18:55:44.784+0000][1][gc,age       ] GC(248) - age   5:       2624 bytes,     356288 total
[2020-09-11T18:55:44.784+0000][1][gc,age       ] GC(248) - age   6:       6464 bytes,     362752 total
[2020-09-11T18:55:44.784+0000][1][gc,heap      ] GC(248) ParNew: 68990K->644K(76672K)
[2020-09-11T18:55:44.784+0000][1][gc,heap      ] GC(248) CMS: 94895K->95109K(439104K)
[2020-09-11T18:55:44.784+0000][1][gc,metaspace ] GC(248) Metaspace: 100708K->100708K(1142784K)
[2020-09-11T18:55:44.784+0000][1][gc           ] GC(248) Pause Young (Allocation Failure) 160M->93M(503M) 14.729ms
[2020-09-11T18:55:44.784+0000][1][gc,cpu       ] GC(248) User=0.01s Sys=0.00s Real=0.02s
[2020-09-11T18:55:44.784+0000][1][safepoint    ] Safepoint "GenCollectForAllocation", Time since last: 18346150 ns, Reaching safepoint: 536623 ns, At safepoint: 14800467 ns, Total: 15337090 ns
[2020-09-11T18:55:44.877+0000][1][safepoint    ] Safepoint "RevokeBias", Time since last: 92262768 ns, Reaching safepoint: 99497 ns, At safepoint: 39607 ns, Total: 139104 ns
[2020-09-11T18:55:45.085+0000][1][safepoint    ] Safepoint "RevokeBias", Time since last: 208524822 ns, Reaching safepoint: 98952 ns, At safepoint: 47392 ns, Total: 146344 ns
[2020-09-11T18:55:46.209+0000][1][safepoint    ] Safepoint "Cleanup", Time since last: 1123608366 ns, Reaching safepoint: 103201 ns, At safepoint: 11595 ns, Total: 114796 ns
[2020-09-11T18:55:47.209+0000][1][safepoint    ] Safepoint "Cleanup", Time since last: 1000116451 ns, Reaching safepoint: 93032 ns, At safepoint: 10343 ns, Total: 103375 ns
[2020-09-11T18:55:48.209+0000][1][safepoint    ] Safepoint "Cleanup", Time since last: 1000130282 ns, Reaching safepoint: 100567 ns, At safepoint: 11193 ns, Total: 111760 ns
[2020-09-11T18:55:48.461+0000][1][safepoint    ] Safepoint "RevokeBias", Time since last: 251394371 ns, Reaching safepoint: 190189 ns, At safepoint: 24064 ns, Total: 214253 ns
[2020-09-11T18:55:49.461+0000][1][safepoint    ] Safepoint "Cleanup", Time since last: 1000111903 ns, Reaching safepoint: 93716 ns, At safepoint: 10393 ns, Total: 104109 ns
[2020-09-11T18:55:50.461+0000][1][safepoint    ] Safepoint "Cleanup", Time since last: 1000115714 ns, Reaching safepoint: 104908 ns, At safepoint: 10467 ns, Total: 115375 ns
[2020-09-11T18:55:51.462+0000][1][safepoint    ] Safepoint "Cleanup", Time since last: 1000118237 ns, Reaching safepoint: 95493 ns, At safepoint: 10786 ns, Total: 106279 ns
[2020-09-11T18:55:52.462+0000][1][safepoint    ] Safepoint "Cleanup", Time since last: 1000115476 ns, Reaching safepoint: 93921 ns, At safepoint: 10035 ns, Total: 103956 ns
[2020-09-11T18:55:53.462+0000][1][safepoint    ] Safepoint "Cleanup", Time since last: 1000137290 ns, Reaching safepoint: 97536 ns, At safepoint: 10703 ns, Total: 108239 ns
[2020-09-11T18:55:54.462+0000][1][safepoint    ] Safepoint "Cleanup", Time since last: 1000114769 ns, Reaching safepoint: 97184 ns, At safepoint: 10990 ns, Total: 108174 ns
[2020-09-11T18:55:54.879+0000][1][safepoint    ] Safepoint "RevokeBias", Time since last: 416274340 ns, Reaching safepoint: 101188 ns, At safepoint: 45645 ns, Total: 146833 ns
[2020-09-11T18:55:54.906+0000][1][safepoint    ] Safepoint "RevokeBias", Time since last: 26574297 ns, Reaching safepoint: 102257 ns, At safepoint: 27118 ns, Total: 129375 ns
[2020-09-11T18:55:54.933+0000][1][safepoint    ] Safepoint "RevokeBias", Time since last: 27043692 ns, Reaching safepoint: 181053 ns, At safepoint: 47909 ns, Total: 228962 ns
[2020-09-11T18:55:54.957+0000][1][safepoint    ] Safepoint "RevokeBias", Time since last: 24081542 ns, Reaching safepoint: 181543 ns, At safepoint: 28011 ns, Total: 209554 ns
[2020-09-11T18:55:54.981+0000][1][safepoint    ] Safepoint "RevokeBias", Time since last: 24026620 ns, Reaching safepoint: 99364 ns, At safepoint: 24676 ns, Total: 124040 ns
[2020-09-11T18:55:55.161+0000][1][safepoint    ] Safepoint "RevokeBias", Time since last: 179066198 ns, Reaching safepoint: 136947 ns, At safepoint: 158663 ns, Total: 295610 ns
[2020-09-11T18:55:55.291+0000][1][safepoint    ] Safepoint "RevokeBias", Time since last: 130227872 ns, Reaching safepoint: 100918 ns, At safepoint: 27029 ns, Total: 127947 ns
[2020-09-11T18:55:56.291+0000][1][safepoint    ] Safepoint "Cleanup", Time since last: 1000119387 ns, Reaching safepoint: 96218 ns, At safepoint: 10458 ns, Total: 106676 ns
[2020-09-11T18:55:57.291+0000][1][safepoint    ] Safepoint "Cleanup", Time since last: 1000119687 ns, Reaching safepoint: 95264 ns, At safepoint: 11081 ns, Total: 106345 ns
[2020-09-11T18:55:58.292+0000][1][safepoint    ] Safepoint "Cleanup", Time since last: 1000129373 ns, Reaching safepoint: 103938 ns, At safepoint: 12240 ns, Total: 116178 ns
[2020-09-11T18:55:58.499+0000][1][safepoint    ] Safepoint "RevokeBias", Time since last: 206936643 ns, Reaching safepoint: 190174 ns, At safepoint: 22066 ns, Total: 212240 ns
[2020-09-11T18:55:59.499+0000][1][safepoint    ] Safepoint "Cleanup", Time since last: 1000115613 ns, Reaching safepoint: 94358 ns, At safepoint: 11055 ns, Total: 105413 ns
[2020-09-11T18:55:59.804+0000][1][gc,start     ] GC(249) Pause Young (Allocation Failure)
[2020-09-11T18:55:59.804+0000][1][gc,task      ] GC(249) Using 1 workers of 1 for evacuation
[2020-09-11T18:55:59.815+0000][1][gc,age       ] GC(249) Desired survivor size 4358144 bytes, new threshold 6 (max threshold 6)
[2020-09-11T18:55:59.815+0000][1][gc,age       ] GC(249) Age table with threshold 6 (max threshold 6)
[2020-09-11T18:55:59.815+0000][1][gc,age       ] GC(249) - age   1:      97872 bytes,      97872 total
[2020-09-11T18:55:59.815+0000][1][gc,age       ] GC(249) - age   2:      49536 bytes,     147408 total
[2020-09-11T18:55:59.815+0000][1][gc,age       ] GC(249) - age   3:     208248 bytes,     355656 total
[2020-09-11T18:55:59.815+0000][1][gc,age       ] GC(249) - age   4:       2864 bytes,     358520 total
[2020-09-11T18:55:59.815+0000][1][gc,age       ] GC(249) - age   5:       2056 bytes,     360576 total
[2020-09-11T18:55:59.815+0000][1][gc,age       ] GC(249) - age   6:       2624 bytes,     363200 total
[2020-09-11T18:55:59.815+0000][1][gc,heap      ] GC(249) ParNew: 68804K->587K(76672K)
[2020-09-11T18:55:59.815+0000][1][gc,heap      ] GC(249) CMS: 95109K->95116K(439104K)
[2020-09-11T18:55:59.815+0000][1][gc,metaspace ] GC(249) Metaspace: 100710K->100710K(1142784K)
[2020-09-11T18:55:59.815+0000][1][gc           ] GC(249) Pause Young (Allocation Failure) 160M->93M(503M) 11.559ms
[2020-09-11T18:55:59.815+0000][1][gc,cpu       ] GC(249) User=0.01s Sys=0.00s Real=0.01s
[2020-09-11T18:55:59.815+0000][1][safepoint    ] Safepoint "GenCollectForAllocation", Time since last: 304386168 ns, Reaching safepoint: 166298 ns, At safepoint: 11634554 ns, Total: 11800852 ns
[2020-09-11T18:56:00.822+0000][1][safepoint    ] Safepoint "Cleanup", Time since last: 1007034809 ns, Reaching safepoint: 165570 ns, At safepoint: 22125 ns, Total: 187695 ns
[2020-09-11T18:56:01.823+0000][1][safepoint    ] Safepoint "Cleanup", Time since last: 1000108096 ns, Reaching safepoint: 89418 ns, At safepoint: 18418 ns, Total: 107836 ns
[2020-09-11T18:56:02.823+0000][1][safepoint    ] Safepoint "Cleanup", Time since last: 1000105934 ns, Reaching safepoint: 91921 ns, At safepoint: 20201 ns, Total: 112122 ns
[2020-09-11T18:56:03.823+0000][1][safepoint    ] Safepoint "Cleanup", Time since last: 1000105257 ns, Reaching safepoint: 87402 ns, At safepoint: 18466 ns, Total: 105868 ns
[2020-09-11T18:56:04.823+0000][1][safepoint    ] Safepoint "Cleanup", Time since last: 1000128361 ns, Reaching safepoint: 163586 ns, At safepoint: 10405 ns, Total: 173991 ns
[2020-09-11T18:56:05.046+0000][1][safepoint    ] Safepoint "RevokeBias", Time since last: 222232905 ns, Reaching safepoint: 100936 ns, At safepoint: 27930 ns, Total: 128866 ns
[2020-09-11T18:56:05.091+0000][1][safepoint    ] Safepoint "RevokeBias", Time since last: 45584106 ns, Reaching safepoint: 99168 ns, At safepoint: 25836 ns, Total: 125004 ns
[2020-09-11T18:56:05.097+0000][1][safepoint    ] Safepoint "RevokeBias", Time since last: 5335691 ns, Reaching safepoint: 98717 ns, At safepoint: 25248 ns, Total: 123965 ns
[2020-09-11T18:56:05.121+0000][1][safepoint    ] Safepoint "RevokeBias", Time since last: 24271871 ns, Reaching safepoint: 95796 ns, At safepoint: 21434 ns, Total: 117230 ns
[2020-09-11T18:56:05.209+0000][1][safepoint    ] Safepoint "RevokeBias", Time since last: 87521858 ns, Reaching safepoint: 99810 ns, At safepoint: 26671 ns, Total: 126481 ns
[2020-09-11T18:56:05.299+0000][1][safepoint    ] Safepoint "BulkRevokeBias", Time since last: 89531640 ns, Reaching safepoint: 101308 ns, At safepoint: 298519 ns, Total: 399827 ns
[2020-09-11T18:56:05.465+0000][1][safepoint    ] Safepoint "RevokeBias", Time since last: 166499773 ns, Reaching safepoint: 100033 ns, At safepoint: 26336 ns, Total: 126369 ns
[2020-09-11T18:56:08.453+0000][1][safepoint    ] Safepoint "RevokeBias", Time since last: 2984060556 ns, Reaching safepoint: 3350007 ns, At safepoint: 30692 ns, Total: 3380699 ns
[2020-09-11T18:56:10.453+0000][1][safepoint    ] Safepoint "Cleanup", Time since last: 2000187997 ns, Reaching safepoint: 96077 ns, At safepoint: 10302 ns, Total: 106379 ns
[2020-09-11T18:56:11.453+0000][1][safepoint    ] Safepoint "Cleanup", Time since last: 1000114765 ns, Reaching safepoint: 93123 ns, At safepoint: 9565 ns, Total: 102688 ns
[2020-09-11T18:56:12.454+0000][1][safepoint    ] Safepoint "Cleanup", Time since last: 1000116419 ns, Reaching safepoint: 92229 ns, At safepoint: 9523 ns, Total: 101752 ns
[2020-09-11T18:56:13.454+0000][1][safepoint    ] Safepoint "Cleanup", Time since last: 1000108986 ns, Reaching safepoint: 106691 ns, At safepoint: 18887 ns, Total: 125578 ns
[2020-09-11T18:56:14.454+0000][1][safepoint    ] Safepoint "Cleanup", Time since last: 1000119409 ns, Reaching safepoint: 94723 ns, At safepoint: 10267 ns, Total: 104990 ns
[2020-09-11T18:56:15.133+0000][1][safepoint    ] Safepoint "RevokeBias", Time since last: 678801758 ns, Reaching safepoint: 208725 ns, At safepoint: 28285 ns, Total: 237010 ns
[2020-09-11T18:56:15.258+0000][1][safepoint    ] Safepoint "RevokeBias", Time since last: 124747853 ns, Reaching safepoint: 101374 ns, At safepoint: 25266 ns, Total: 126640 ns
[2020-09-11T18:56:15.303+0000][1][safepoint    ] Safepoint "RevokeBias", Time since last: 44894451 ns, Reaching safepoint: 180872 ns, At safepoint: 27908 ns, Total: 208780 ns
[2020-09-11T18:56:15.327+0000][1][safepoint    ] Safepoint "RevokeBias", Time since last: 23673584 ns, Reaching safepoint: 106890 ns, At safepoint: 27245 ns, Total: 134135 ns
[2020-09-11T18:56:15.366+0000][1][safepoint    ] Safepoint "RevokeBias", Time since last: 38792145 ns, Reaching safepoint: 99085 ns, At safepoint: 27292 ns, Total: 126377 ns
[2020-09-11T18:56:15.434+0000][1][safepoint    ] Safepoint "RevokeBias", Time since last: 67543017 ns, Reaching safepoint: 95936 ns, At safepoint: 26286 ns, Total: 122222 ns
[2020-09-11T18:56:15.670+0000][1][safepoint    ] Safepoint "RevokeBias", Time since last: 236690636 ns, Reaching safepoint: 119949 ns, At safepoint: 29296 ns, Total: 149245 ns
[2020-09-11T18:56:16.671+0000][1][safepoint    ] Safepoint "Cleanup", Time since last: 1000120898 ns, Reaching safepoint: 94725 ns, At safepoint: 10715 ns, Total: 105440 ns
[2020-09-11T18:56:17.671+0000][1][safepoint    ] Safepoint "Cleanup", Time since last: 1000118730 ns, Reaching safepoint: 93233 ns, At safepoint: 9986 ns, Total: 103219 ns
[2020-09-11T18:56:18.455+0000][1][safepoint    ] Safepoint "RevokeBias", Time since last: 783425278 ns, Reaching safepoint: 872092 ns, At safepoint: 24106 ns, Total: 896198 ns
[2020-09-11T18:56:18.777+0000][1][gc,start     ] GC(250) Pause Young (Allocation Failure)
[2020-09-11T18:56:18.777+0000][1][gc,task      ] GC(250) Using 1 workers of 1 for evacuation
[2020-09-11T18:56:18.791+0000][1][gc,age       ] GC(250) Desired survivor size 4358144 bytes, new threshold 6 (max threshold 6)
[2020-09-11T18:56:18.791+0000][1][gc,age       ] GC(250) Age table with threshold 6 (max threshold 6)
[2020-09-11T18:56:18.791+0000][1][gc,age       ] GC(250) - age   1:     109456 bytes,     109456 total
[2020-09-11T18:56:18.793+0000][1][gc,age       ] GC(250) - age   2:      39488 bytes,     148944 total
[2020-09-11T18:56:18.793+0000][1][gc,age       ] GC(250) - age   3:      26696 bytes,     175640 total
[2020-09-11T18:56:18.793+0000][1][gc,age       ] GC(250) - age   4:     197952 bytes,     373592 total
[2020-09-11T18:56:18.793+0000][1][gc,age       ] GC(250) - age   5:       2672 bytes,     376264 total
[2020-09-11T18:56:18.793+0000][1][gc,age       ] GC(250) - age   6:       2056 bytes,     378320 total
[2020-09-11T18:56:18.793+0000][1][gc,heap      ] GC(250) ParNew: 68747K->678K(76672K)
[2020-09-11T18:56:18.793+0000][1][gc,heap      ] GC(250) CMS: 95116K->95118K(439104K)
[2020-09-11T18:56:18.793+0000][1][gc,metaspace ] GC(250) Metaspace: 100710K->100710K(1142784K)
[2020-09-11T18:56:18.793+0000][1][gc           ] GC(250) Pause Young (Allocation Failure) 160M->93M(503M) 16.017ms
[2020-09-11T18:56:18.793+0000][1][gc,cpu       ] GC(250) User=0.01s Sys=0.00s Real=0.02s
[2020-09-11T18:56:18.793+0000][1][safepoint    ] Safepoint "GenCollectForAllocation", Time since last: 319805541 ns, Reaching safepoint: 1921543 ns, At safepoint: 16325318 ns, Total: 18246861 ns
[2020-09-11T18:56:19.806+0000][1][safepoint    ] Safepoint "Cleanup", Time since last: 1012755509 ns, Reaching safepoint: 104643 ns, At safepoint: 25224 ns, Total: 129867 ns
[2020-09-11T18:56:20.806+0000][1][safepoint    ] Safepoint "Cleanup", Time since last: 1000112224 ns, Reaching safepoint: 94609 ns, At safepoint: 22244 ns, Total: 116853 ns
[2020-09-11T18:56:21.807+0000][1][safepoint    ] Safepoint "Cleanup", Time since last: 1000116877 ns, Reaching safepoint: 103122 ns, At safepoint: 11052 ns, Total: 114174 ns
[2020-09-11T18:56:22.807+0000][1][safepoint    ] Safepoint "Cleanup", Time since last: 1000119369 ns, Reaching safepoint: 113817 ns, At safepoint: 9626 ns, Total: 123443 ns
[2020-09-11T18:56:23.807+0000][1][safepoint    ] Safepoint "Cleanup", Time since last: 1000108957 ns, Reaching safepoint: 94938 ns, At safepoint: 10660 ns, Total: 105598 ns
[2020-09-11T18:56:24.807+0000][1][safepoint    ] Safepoint "Cleanup", Time since last: 1000123182 ns, Reaching safepoint: 103746 ns, At safepoint: 10357 ns, Total: 114103 ns
[2020-09-11T18:56:25.087+0000][1][safepoint    ] Safepoint "RevokeBias", Time since last: 279795749 ns, Reaching safepoint: 104340 ns, At safepoint: 42344 ns, Total: 146684 ns
[2020-09-11T18:56:25.421+0000][1][safepoint    ] Safepoint "RevokeBias", Time since last: 333907509 ns, Reaching safepoint: 180073 ns, At safepoint: 28645 ns, Total: 208718 ns
[2020-09-11T18:56:25.548+0000][1][safepoint    ] Safepoint "RevokeBias", Time since last: 126124614 ns, Reaching safepoint: 183122 ns, At safepoint: 28715 ns, Total: 211837 ns
[2020-09-11T18:56:25.571+0000][1][safepoint    ] Safepoint "RevokeBias", Time since last: 23337978 ns, Reaching safepoint: 182165 ns, At safepoint: 29345 ns, Total: 211510 ns
[2020-09-11T18:56:25.595+0000][1][safepoint    ] Safepoint "RevokeBias", Time since last: 24123697 ns, Reaching safepoint: 104634 ns, At safepoint: 27007 ns, Total: 131641 ns
[2020-09-11T18:56:25.620+0000][1][safepoint    ] Safepoint "RevokeBias", Time since last: 24597363 ns, Reaching safepoint: 104632 ns, At safepoint: 37374 ns, Total: 142006 ns
[2020-09-11T18:56:25.813+0000][1][safepoint    ] Safepoint "RevokeBias", Time since last: 193173094 ns, Reaching safepoint: 105427 ns, At safepoint: 28161 ns, Total: 133588 ns
[2020-09-11T18:56:26.814+0000][1][safepoint    ] Safepoint "Cleanup", Time since last: 1000111506 ns, Reaching safepoint: 92957 ns, At safepoint: 9910 ns, Total: 102867 ns
[2020-09-11T18:56:27.814+0000][1][safepoint    ] Safepoint "Cleanup", Time since last: 1000117343 ns, Reaching safepoint: 93223 ns, At safepoint: 11210 ns, Total: 104433 ns
[2020-09-11T18:56:28.529+0000][1][safepoint    ] Safepoint "RevokeBias", Time since last: 714860121 ns, Reaching safepoint: 192524 ns, At safepoint: 40178 ns, Total: 232702 ns
[2020-09-11T18:56:29.539+0000][1][safepoint    ] Safepoint "Cleanup", Time since last: 1010268010 ns, Reaching safepoint: 94405 ns, At safepoint: 9792 ns, Total: 104197 ns
[2020-09-11T18:56:30.540+0000][1][safepoint    ] Safepoint "Cleanup", Time since last: 1000109964 ns, Reaching safepoint: 92979 ns, At safepoint: 10378 ns, Total: 103357 ns
[2020-09-11T18:56:31.540+0000][1][safepoint    ] Safepoint "Cleanup", Time since last: 1000115858 ns, Reaching safepoint: 94252 ns, At safepoint: 10303 ns, Total: 104555 ns
[2020-09-11T18:56:32.540+0000][1][safepoint    ] Safepoint "Cleanup", Time since last: 1000119438 ns, Reaching safepoint: 92188 ns, At safepoint: 10282 ns, Total: 102470 ns
[2020-09-11T18:56:33.540+0000][1][safepoint    ] Safepoint "Cleanup", Time since last: 1000112981 ns, Reaching safepoint: 92563 ns, At safepoint: 10180 ns, Total: 102743 ns
[2020-09-11T18:56:34.540+0000][1][safepoint    ] Safepoint "Cleanup", Time since last: 1000125852 ns, Reaching safepoint: 103145 ns, At safepoint: 10358 ns, Total: 113503 ns
[2020-09-11T18:56:35.141+0000][1][safepoint    ] Safepoint "RevokeBias", Time since last: 599951986 ns, Reaching safepoint: 179120 ns, At safepoint: 26633 ns, Total: 205753 ns
[2020-09-11T18:56:35.661+0000][1][safepoint    ] Safepoint "RevokeBias", Time since last: 519749420 ns, Reaching safepoint: 174008 ns, At safepoint: 22680 ns, Total: 196688 ns
[2020-09-11T18:56:35.688+0000][1][safepoint    ] Safepoint "RevokeBias", Time since last: 27578269 ns, Reaching safepoint: 93999 ns, At safepoint: 23260 ns, Total: 117259 ns
[2020-09-11T18:56:35.806+0000][1][safepoint    ] Safepoint "RevokeBias", Time since last: 117343277 ns, Reaching safepoint: 102762 ns, At safepoint: 26169 ns, Total: 128931 ns
[2020-09-11T18:56:35.842+0000][1][safepoint    ] Safepoint "RevokeBias", Time since last: 35647917 ns, Reaching safepoint: 101264 ns, At safepoint: 30977 ns, Total: 132241 ns
[2020-09-11T18:56:35.903+0000][1][safepoint    ] Safepoint "RevokeBias", Time since last: 61353465 ns, Reaching safepoint: 97146 ns, At safepoint: 22743 ns, Total: 119889 ns
[2020-09-11T18:56:36.035+0000][1][safepoint    ] Safepoint "RevokeBias", Time since last: 132155100 ns, Reaching safepoint: 112235 ns, At safepoint: 27435 ns, Total: 139670 ns
[2020-09-11T18:56:37.036+0000][1][safepoint    ] Safepoint "Cleanup", Time since last: 1000109289 ns, Reaching safepoint: 93788 ns, At safepoint: 10080 ns, Total: 103868 ns
[2020-09-11T18:56:38.036+0000][1][safepoint    ] Safepoint "Cleanup", Time since last: 1000115783 ns, Reaching safepoint: 94229 ns, At safepoint: 10677 ns, Total: 104906 ns
[2020-09-11T18:56:38.473+0000][1][safepoint    ] Safepoint "RevokeBias", Time since last: 436319397 ns, Reaching safepoint: 830487 ns, At safepoint: 26937 ns, Total: 857424 ns
[2020-09-11T18:56:38.501+0000][1][gc,start     ] GC(251) Pause Young (Allocation Failure)
[2020-09-11T18:56:38.501+0000][1][gc,task      ] GC(251) Using 1 workers of 1 for evacuation
[2020-09-11T18:56:38.514+0000][1][gc,age       ] GC(251) Desired survivor size 4358144 bytes, new threshold 6 (max threshold 6)
[2020-09-11T18:56:38.514+0000][1][gc,age       ] GC(251) Age table with threshold 6 (max threshold 6)
[2020-09-11T18:56:38.514+0000][1][gc,age       ] GC(251) - age   1:     421968 bytes,     421968 total
[2020-09-11T18:56:38.514+0000][1][gc,age       ] GC(251) - age   2:      36552 bytes,     458520 total
[2020-09-11T18:56:38.514+0000][1][gc,age       ] GC(251) - age   3:       4072 bytes,     462592 total
[2020-09-11T18:56:38.514+0000][1][gc,age       ] GC(251) - age   4:      13912 bytes,     476504 total
[2020-09-11T18:56:38.514+0000][1][gc,age       ] GC(251) - age   5:     197952 bytes,     674456 total
[2020-09-11T18:56:38.514+0000][1][gc,age       ] GC(251) - age   6:       2400 bytes,     676856 total
[2020-09-11T18:56:38.514+0000][1][gc,heap      ] GC(251) ParNew: 68838K->670K(76672K)
[2020-09-11T18:56:38.514+0000][1][gc,heap      ] GC(251) CMS: 95118K->95120K(439104K)
[2020-09-11T18:56:38.514+0000][1][gc,metaspace ] GC(251) Metaspace: 100745K->100745K(1142784K)
[2020-09-11T18:56:38.514+0000][1][gc           ] GC(251) Pause Young (Allocation Failure) 160M->93M(503M) 13.229ms
[2020-09-11T18:56:38.514+0000][1][gc,cpu       ] GC(251) User=0.01s Sys=0.00s Real=0.01s
[2020-09-11T18:56:38.526+0000][1][safepoint    ] Safepoint "GenCollectForAllocation", Time since last: 27805707 ns, Reaching safepoint: 159003 ns, At safepoint: 25328368 ns, Total: 25487371 ns
[2020-09-11T18:56:39.534+0000][1][safepoint    ] Safepoint "Cleanup", Time since last: 1008085025 ns, Reaching safepoint: 100879 ns, At safepoint: 11544 ns, Total: 112423 ns
[2020-09-11T18:56:40.535+0000][1][safepoint    ] Safepoint "Cleanup", Time since last: 1000121370 ns, Reaching safepoint: 94916 ns, At safepoint: 9293 ns, Total: 104209 ns
[2020-09-11T18:56:41.535+0000][1][safepoint    ] Safepoint "Cleanup", Time since last: 1000108208 ns, Reaching safepoint: 92159 ns, At safepoint: 9365 ns, Total: 101524 ns
[2020-09-11T18:56:42.535+0000][1][safepoint    ] Safepoint "Cleanup", Time since last: 1000113391 ns, Reaching safepoint: 93155 ns, At safepoint: 10297 ns, Total: 103452 ns
[2020-09-11T18:56:43.535+0000][1][safepoint    ] Safepoint "Cleanup", Time since last: 1000111747 ns, Reaching safepoint: 92847 ns, At safepoint: 11193 ns, Total: 104040 ns
[2020-09-11T18:56:44.535+0000][1][safepoint    ] Safepoint "Cleanup", Time since last: 1000109498 ns, Reaching safepoint: 97211 ns, At safepoint: 10276 ns, Total: 107487 ns
[2020-09-11T18:56:45.092+0000][1][safepoint    ] Safepoint "RevokeBias", Time since last: 555869882 ns, Reaching safepoint: 120623 ns, At safepoint: 26398 ns, Total: 147021 ns
[2020-09-11T18:56:45.887+0000][1][safepoint    ] Safepoint "RevokeBias", Time since last: 795270925 ns, Reaching safepoint: 226781 ns, At safepoint: 28341 ns, Total: 255122 ns
[2020-09-11T18:56:45.908+0000][1][safepoint    ] Safepoint "RevokeBias", Time since last: 20558108 ns, Reaching safepoint: 179249 ns, At safepoint: 23753 ns, Total: 203002 ns
[2020-09-11T18:56:45.936+0000][1][safepoint    ] Safepoint "RevokeBias", Time since last: 28517402 ns, Reaching safepoint: 105427 ns, At safepoint: 26611 ns, Total: 132038 ns
[2020-09-11T18:56:45.958+0000][1][safepoint    ] Safepoint "RevokeBias", Time since last: 21766196 ns, Reaching safepoint: 105974 ns, At safepoint: 27121 ns, Total: 133095 ns
[2020-09-11T18:56:46.041+0000][1][safepoint    ] Safepoint "RevokeBias", Time since last: 82813013 ns, Reaching safepoint: 104712 ns, At safepoint: 27331 ns, Total: 132043 ns
[2020-09-11T18:56:46.167+0000][1][safepoint    ] Safepoint "RevokeBias", Time since last: 125209475 ns, Reaching safepoint: 96748 ns, At safepoint: 21593 ns, Total: 118341 ns
[2020-09-11T18:56:47.167+0000][1][safepoint    ] Safepoint "Cleanup", Time since last: 1000108053 ns, Reaching safepoint: 91630 ns, At safepoint: 10614 ns, Total: 102244 ns
[2020-09-11T18:56:48.167+0000][1][safepoint    ] Safepoint "Cleanup", Time since last: 1000120765 ns, Reaching safepoint: 93121 ns, At safepoint: 11401 ns, Total: 104522 ns
[2020-09-11T18:56:48.489+0000][1][safepoint    ] Safepoint "RevokeBias", Time since last: 318231882 ns, Reaching safepoint: 3620964 ns, At safepoint: 28144 ns, Total: 3649108 ns
[2020-09-11T18:56:49.489+0000][1][safepoint    ] Safepoint "Cleanup", Time since last: 1000113604 ns, Reaching safepoint: 95540 ns, At safepoint: 10893 ns, Total: 106433 ns
[2020-09-11T18:56:50.489+0000][1][safepoint    ] Safepoint "Cleanup", Time since last: 1000117857 ns, Reaching safepoint: 95267 ns, At safepoint: 11282 ns, Total: 106549 ns
[2020-09-11T18:56:51.490+0000][1][safepoint    ] Safepoint "Cleanup", Time since last: 1000113033 ns, Reaching safepoint: 94067 ns, At safepoint: 10854 ns, Total: 104921 ns
[2020-09-11T18:56:52.490+0000][1][safepoint    ] Safepoint "Cleanup", Time since last: 1000117217 ns, Reaching safepoint: 94849 ns, At safepoint: 10765 ns, Total: 105614 ns
[2020-09-11T18:56:53.490+0000][1][safepoint    ] Safepoint "Cleanup", Time since last: 1000116712 ns, Reaching safepoint: 130620 ns, At safepoint: 11425 ns, Total: 142045 ns
[2020-09-11T18:56:54.490+0000][1][safepoint    ] Safepoint "Cleanup", Time since last: 1000126531 ns, Reaching safepoint: 95944 ns, At safepoint: 10797 ns, Total: 106741 ns
[2020-09-11T18:56:55.112+0000][1][safepoint    ] Safepoint "RevokeBias", Time since last: 621164927 ns, Reaching safepoint: 108017 ns, At safepoint: 39572 ns, Total: 147589 ns
[2020-09-11T18:56:56.058+0000][1][safepoint    ] Safepoint "RevokeBias", Time since last: 946234604 ns, Reaching safepoint: 179734 ns, At safepoint: 27409 ns, Total: 207143 ns
[2020-09-11T18:56:56.098+0000][1][safepoint    ] Safepoint "RevokeBias", Time since last: 39760871 ns, Reaching safepoint: 185327 ns, At safepoint: 27044 ns, Total: 212371 ns
[2020-09-11T18:56:56.219+0000][1][safepoint    ] Safepoint "RevokeBias", Time since last: 121193011 ns, Reaching safepoint: 180832 ns, At safepoint: 28027 ns, Total: 208859 ns
[2020-09-11T18:56:56.268+0000][1][safepoint    ] Safepoint "RevokeBias", Time since last: 48933753 ns, Reaching safepoint: 94830 ns, At safepoint: 20988 ns, Total: 115818 ns
[2020-09-11T18:56:56.297+0000][1][safepoint    ] Safepoint "BulkRevokeBias", Time since last: 28440628 ns, Reaching safepoint: 97195 ns, At safepoint: 255709 ns, Total: 352904 ns
[2020-09-11T18:56:56.482+0000][1][safepoint    ] Safepoint "RevokeBias", Time since last: 185002165 ns, Reaching safepoint: 107078 ns, At safepoint: 26764 ns, Total: 133842 ns
[2020-09-11T18:56:57.483+0000][1][safepoint    ] Safepoint "Cleanup", Time since last: 1000117504 ns, Reaching safepoint: 92690 ns, At safepoint: 9823 ns, Total: 102513 ns
[2020-09-11T18:56:58.383+0000][1][gc,start     ] GC(252) Pause Young (Allocation Failure)
[2020-09-11T18:56:58.383+0000][1][gc,task      ] GC(252) Using 1 workers of 1 for evacuation
[2020-09-11T18:56:58.393+0000][1][gc,age       ] GC(252) Desired survivor size 4358144 bytes, new threshold 6 (max threshold 6)
[2020-09-11T18:56:58.393+0000][1][gc,age       ] GC(252) Age table with threshold 6 (max threshold 6)
[2020-09-11T18:56:58.393+0000][1][gc,age       ] GC(252) - age   1:     151928 bytes,     151928 total
[2020-09-11T18:56:58.393+0000][1][gc,age       ] GC(252) - age   2:      47184 bytes,     199112 total
[2020-09-11T18:56:58.393+0000][1][gc,age       ] GC(252) - age   3:       5288 bytes,     204400 total
[2020-09-11T18:56:58.393+0000][1][gc,age       ] GC(252) - age   4:       3408 bytes,     207808 total
[2020-09-11T18:56:58.393+0000][1][gc,age       ] GC(252) - age   5:      13912 bytes,     221720 total
[2020-09-11T18:56:58.393+0000][1][gc,age       ] GC(252) - age   6:     197656 bytes,     419376 total
[2020-09-11T18:56:58.393+0000][1][gc,heap      ] GC(252) ParNew: 68825K->551K(76672K)
[2020-09-11T18:56:58.393+0000][1][gc,heap      ] GC(252) CMS: 95120K->95122K(439104K)
[2020-09-11T18:56:58.393+0000][1][gc,metaspace ] GC(252) Metaspace: 100755K->100755K(1142784K)
[2020-09-11T18:56:58.393+0000][1][gc           ] GC(252) Pause Young (Allocation Failure) 160M->93M(503M) 9.786ms
[2020-09-11T18:56:58.397+0000][1][gc,cpu       ] GC(252) User=0.00s Sys=0.01s Real=0.01s
[2020-09-11T18:56:58.405+0000][1][safepoint    ] Safepoint "GenCollectForAllocation", Time since last: 900116396 ns, Reaching safepoint: 167133 ns, At safepoint: 22071630 ns, Total: 22238763 ns
[2020-09-11T18:56:58.476+0000][1][safepoint    ] Safepoint "RevokeBias", Time since last: 71104377 ns, Reaching safepoint: 197060 ns, At safepoint: 26888 ns, Total: 223948 ns
[2020-09-11T18:56:59.477+0000][1][safepoint    ] Safepoint "Cleanup", Time since last: 1000122395 ns, Reaching safepoint: 96223 ns, At safepoint: 10759 ns, Total: 106982 ns
[2020-09-11T18:57:00.477+0000][1][safepoint    ] Safepoint "Cleanup", Time since last: 1000123366 ns, Reaching safepoint: 117451 ns, At safepoint: 9430 ns, Total: 126881 ns
[2020-09-11T18:57:01.477+0000][1][safepoint    ] Safepoint "Cleanup", Time since last: 1000113882 ns, Reaching safepoint: 99020 ns, At safepoint: 11509 ns, Total: 110529 ns
[2020-09-11T18:57:02.477+0000][1][safepoint    ] Safepoint "Cleanup", Time since last: 1000116823 ns, Reaching safepoint: 93138 ns, At safepoint: 11107 ns, Total: 104245 ns
[2020-09-11T18:57:03.477+0000][1][safepoint    ] Safepoint "Cleanup", Time since last: 1000131242 ns, Reaching safepoint: 95237 ns, At safepoint: 11175 ns, Total: 106412 ns
[2020-09-11T18:57:04.478+0000][1][safepoint    ] Safepoint "Cleanup", Time since last: 1000112947 ns, Reaching safepoint: 94374 ns, At safepoint: 11306 ns, Total: 105680 ns
[2020-09-11T18:57:05.090+0000][1][safepoint    ] Safepoint "RevokeBias", Time since last: 612218389 ns, Reaching safepoint: 172068 ns, At safepoint: 22757 ns, Total: 194825 ns
[2020-09-11T18:57:06.090+0000][1][safepoint    ] Safepoint "Cleanup", Time since last: 1000109020 ns, Reaching safepoint: 97881 ns, At safepoint: 10170 ns, Total: 108051 ns
[2020-09-11T18:57:06.331+0000][1][safepoint    ] Safepoint "RevokeBias", Time since last: 240413316 ns, Reaching safepoint: 181713 ns, At safepoint: 27574 ns, Total: 209287 ns
[2020-09-11T18:57:06.395+0000][1][safepoint    ] Safepoint "RevokeBias", Time since last: 64292627 ns, Reaching safepoint: 101116 ns, At safepoint: 27589 ns, Total: 128705 ns
[2020-09-11T18:57:06.445+0000][1][safepoint    ] Safepoint "RevokeBias", Time since last: 47679224 ns, Reaching safepoint: 1551717 ns, At safepoint: 30066 ns, Total: 1581783 ns
[2020-09-11T18:57:06.484+0000][1][safepoint    ] Safepoint "RevokeBias", Time since last: 39235077 ns, Reaching safepoint: 329268 ns, At safepoint: 28562 ns, Total: 357830 ns
[2020-09-11T18:57:06.512+0000][1][safepoint    ] Safepoint "RevokeBias", Time since last: 27298735 ns, Reaching safepoint: 95226 ns, At safepoint: 21836 ns, Total: 117062 ns
[2020-09-11T18:57:06.781+0000][1][safepoint    ] Safepoint "RevokeBias", Time since last: 269524781 ns, Reaching safepoint: 100288 ns, At safepoint: 27893 ns, Total: 128181 ns
[2020-09-11T18:57:07.782+0000][1][safepoint    ] Safepoint "Cleanup", Time since last: 1000121515 ns, Reaching safepoint: 97997 ns, At safepoint: 11016 ns, Total: 109013 ns
[2020-09-11T18:57:08.460+0000][1][safepoint    ] Safepoint "RevokeBias", Time since last: 678328476 ns, Reaching safepoint: 108308 ns, At safepoint: 25660 ns, Total: 133968 ns
[2020-09-11T18:57:09.460+0000][1][safepoint    ] Safepoint "Cleanup", Time since last: 1000111119 ns, Reaching safepoint: 94728 ns, At safepoint: 10075 ns, Total: 104803 ns
[2020-09-11T18:57:10.460+0000][1][safepoint    ] Safepoint "Cleanup", Time since last: 1000120375 ns, Reaching safepoint: 94321 ns, At safepoint: 11168 ns, Total: 105489 ns
[2020-09-11T18:57:11.461+0000][1][safepoint    ] Safepoint "Cleanup", Time since last: 1000116981 ns, Reaching safepoint: 94418 ns, At safepoint: 9608 ns, Total: 104026 ns
[2020-09-11T18:57:12.461+0000][1][safepoint    ] Safepoint "Cleanup", Time since last: 1000112390 ns, Reaching safepoint: 94281 ns, At safepoint: 10714 ns, Total: 104995 ns
[2020-09-11T18:57:13.461+0000][1][safepoint    ] Safepoint "Cleanup", Time since last: 1000113232 ns, Reaching safepoint: 93269 ns, At safepoint: 10702 ns, Total: 103971 ns
[2020-09-11T18:57:14.461+0000][1][safepoint    ] Safepoint "Cleanup", Time since last: 1000111460 ns, Reaching safepoint: 122781 ns, At safepoint: 11654 ns, Total: 134435 ns
[2020-09-11T18:57:15.089+0000][1][safepoint    ] Safepoint "RevokeBias", Time since last: 627932198 ns, Reaching safepoint: 100796 ns, At safepoint: 26824 ns, Total: 127620 ns
[2020-09-11T18:57:15.611+0000][1][gc,start     ] GC(253) Pause Young (Allocation Failure)
[2020-09-11T18:57:15.611+0000][1][gc,task      ] GC(253) Using 1 workers of 1 for evacuation
[2020-09-11T18:57:15.621+0000][1][gc,age       ] GC(253) Desired survivor size 4358144 bytes, new threshold 6 (max threshold 6)
[2020-09-11T18:57:15.622+0000][1][gc,age       ] GC(253) Age table with threshold 6 (max threshold 6)
[2020-09-11T18:57:15.622+0000][1][gc,age       ] GC(253) - age   1:      71904 bytes,      71904 total
[2020-09-11T18:57:15.622+0000][1][gc,age       ] GC(253) - age   2:      73680 bytes,     145584 total
[2020-09-11T18:57:15.622+0000][1][gc,age       ] GC(253) - age   3:      27632 bytes,     173216 total
[2020-09-11T18:57:15.622+0000][1][gc,age       ] GC(253) - age   4:       5096 bytes,     178312 total
[2020-09-11T18:57:15.622+0000][1][gc,age       ] GC(253) - age   5:       3096 bytes,     181408 total
[2020-09-11T18:57:15.622+0000][1][gc,age       ] GC(253) - age   6:      13912 bytes,     195320 total
[2020-09-11T18:57:15.622+0000][1][gc,heap      ] GC(253) ParNew: 68711K->445K(76672K)
[2020-09-11T18:57:15.622+0000][1][gc,heap      ] GC(253) CMS: 95122K->95323K(439104K)
[2020-09-11T18:57:15.622+0000][1][gc,metaspace ] GC(253) Metaspace: 100757K->100757K(1142784K)
[2020-09-11T18:57:15.622+0000][1][gc           ] GC(253) Pause Young (Allocation Failure) 159M->93M(503M) 10.452ms
[2020-09-11T18:57:15.622+0000][1][gc,cpu       ] GC(253) User=0.01s Sys=0.00s Real=0.02s
[2020-09-11T18:57:15.622+0000][1][safepoint    ] Safepoint "GenCollectForAllocation", Time since last: 521579603 ns, Reaching safepoint: 186094 ns, At safepoint: 10525661 ns, Total: 10711755 ns
[2020-09-11T18:57:16.560+0000][1][safepoint    ] Safepoint "RevokeBias", Time since last: 937749748 ns, Reaching safepoint: 97952 ns, At safepoint: 32975 ns, Total: 130927 ns
[2020-09-11T18:57:16.666+0000][1][safepoint    ] Safepoint "RevokeBias", Time since last: 105876280 ns, Reaching safepoint: 102900 ns, At safepoint: 38877 ns, Total: 141777 ns
[2020-09-11T18:57:16.709+0000][1][safepoint    ] Safepoint "RevokeBias", Time since last: 43329950 ns, Reaching safepoint: 95431 ns, At safepoint: 26650 ns, Total: 122081 ns
[2020-09-11T18:57:16.764+0000][1][safepoint    ] Safepoint "RevokeBias", Time since last: 55126400 ns, Reaching safepoint: 98159 ns, At safepoint: 22520 ns, Total: 120679 ns
[2020-09-11T18:57:16.788+0000][1][safepoint    ] Safepoint "RevokeBias", Time since last: 24070874 ns, Reaching safepoint: 107443 ns, At safepoint: 22207 ns, Total: 129650 ns
[2020-09-11T18:57:16.981+0000][1][safepoint    ] Safepoint "RevokeBias", Time since last: 192709686 ns, Reaching safepoint: 103651 ns, At safepoint: 37966 ns, Total: 141617 ns
[2020-09-11T18:57:17.982+0000][1][safepoint    ] Safepoint "Cleanup", Time since last: 1000109864 ns, Reaching safepoint: 91911 ns, At safepoint: 9551 ns, Total: 101462 ns
[2020-09-11T18:57:18.473+0000][1][safepoint    ] Safepoint "RevokeBias", Time since last: 491676665 ns, Reaching safepoint: 90247 ns, At safepoint: 17462 ns, Total: 107709 ns
[2020-09-11T18:57:19.474+0000][1][safepoint    ] Safepoint "Cleanup", Time since last: 1000109075 ns, Reaching safepoint: 94511 ns, At safepoint: 10649 ns, Total: 105160 ns
[2020-09-11T18:57:20.474+0000][1][safepoint    ] Safepoint "Cleanup", Time since last: 1000112913 ns, Reaching safepoint: 96708 ns, At safepoint: 9901 ns, Total: 106609 ns
[2020-09-11T18:57:21.474+0000][1][safepoint    ] Safepoint "Cleanup", Time since last: 1000111533 ns, Reaching safepoint: 95060 ns, At safepoint: 11182 ns, Total: 106242 ns
[2020-09-11T18:57:22.474+0000][1][safepoint    ] Safepoint "Cleanup", Time since last: 1000113780 ns, Reaching safepoint: 110925 ns, At safepoint: 15488 ns, Total: 126413 ns
[2020-09-11T18:57:23.474+0000][1][safepoint    ] Safepoint "Cleanup", Time since last: 1000113748 ns, Reaching safepoint: 92926 ns, At safepoint: 9652 ns, Total: 102578 ns
[2020-09-11T18:57:24.475+0000][1][safepoint    ] Safepoint "Cleanup", Time since last: 1000122212 ns, Reaching safepoint: 98419 ns, At safepoint: 11149 ns, Total: 109568 ns
[2020-09-11T18:57:25.085+0000][1][safepoint    ] Safepoint "RevokeBias", Time since last: 610532696 ns, Reaching safepoint: 177406 ns, At safepoint: 40176 ns, Total: 217582 ns
[2020-09-11T18:57:26.086+0000][1][safepoint    ] Safepoint "Cleanup", Time since last: 1000104153 ns, Reaching safepoint: 96641 ns, At safepoint: 10653 ns, Total: 107294 ns
[2020-09-11T18:57:26.842+0000][1][safepoint    ] Safepoint "RevokeBias", Time since last: 756091961 ns, Reaching safepoint: 203516 ns, At safepoint: 27424 ns, Total: 230940 ns
[2020-09-11T18:57:26.885+0000][1][safepoint    ] Safepoint "RevokeBias", Time since last: 42400406 ns, Reaching safepoint: 174909 ns, At safepoint: 22441 ns, Total: 197350 ns
[2020-09-11T18:57:26.914+0000][1][safepoint    ] Safepoint "RevokeBias", Time since last: 28805548 ns, Reaching safepoint: 175428 ns, At safepoint: 23203 ns, Total: 198631 ns
[2020-09-11T18:57:27.109+0000][1][safepoint    ] Safepoint "RevokeBias", Time since last: 195011926 ns, Reaching safepoint: 101364 ns, At safepoint: 28025 ns, Total: 129389 ns
[2020-09-11T18:57:27.213+0000][1][safepoint    ] Safepoint "RevokeBias", Time since last: 103712052 ns, Reaching safepoint: 182931 ns, At safepoint: 27380 ns, Total: 210311 ns
[2020-09-11T18:57:27.371+0000][1][safepoint    ] Safepoint "RevokeBias", Time since last: 158320079 ns, Reaching safepoint: 180681 ns, At safepoint: 28193 ns, Total: 208874 ns
[2020-09-11T18:57:28.371+0000][1][safepoint    ] Safepoint "Cleanup", Time since last: 1000114385 ns, Reaching safepoint: 93475 ns, At safepoint: 9737 ns, Total: 103212 ns
[2020-09-11T18:57:28.477+0000][1][safepoint    ] Safepoint "RevokeBias", Time since last: 105465723 ns, Reaching safepoint: 188803 ns, At safepoint: 21183 ns, Total: 209986 ns
[2020-09-11T18:57:28.524+0000][1][gc,start     ] GC(254) Pause Young (Allocation Failure)
[2020-09-11T18:57:28.524+0000][1][gc,task      ] GC(254) Using 1 workers of 1 for evacuation
[2020-09-11T18:57:28.534+0000][1][gc,age       ] GC(254) Desired survivor size 4358144 bytes, new threshold 6 (max threshold 6)
[2020-09-11T18:57:28.534+0000][1][gc,age       ] GC(254) Age table with threshold 6 (max threshold 6)
[2020-09-11T18:57:28.534+0000][1][gc,age       ] GC(254) - age   1:     704088 bytes,     704088 total
[2020-09-11T18:57:28.534+0000][1][gc,age       ] GC(254) - age   2:      24048 bytes,     728136 total
[2020-09-11T18:57:28.534+0000][1][gc,age       ] GC(254) - age   3:      17864 bytes,     746000 total
[2020-09-11T18:57:28.534+0000][1][gc,age       ] GC(254) - age   4:       7112 bytes,     753112 total
[2020-09-11T18:57:28.534+0000][1][gc,age       ] GC(254) - age   5:       5096 bytes,     758208 total
[2020-09-11T18:57:28.534+0000][1][gc,age       ] GC(254) - age   6:       3096 bytes,     761304 total
[2020-09-11T18:57:28.534+0000][1][gc,heap      ] GC(254) ParNew: 68605K->913K(76672K)
[2020-09-11T18:57:28.534+0000][1][gc,heap      ] GC(254) CMS: 95323K->95337K(439104K)
[2020-09-11T18:57:28.534+0000][1][gc,metaspace ] GC(254) Metaspace: 100757K->100757K(1142784K)
[2020-09-11T18:57:28.534+0000][1][gc           ] GC(254) Pause Young (Allocation Failure) 160M->93M(503M) 10.385ms
[2020-09-11T18:57:28.534+0000][1][gc,cpu       ] GC(254) User=0.01s Sys=0.00s Real=0.01s
[2020-09-11T18:57:28.534+0000][1][safepoint    ] Safepoint "GenCollectForAllocation", Time since last: 46757840 ns, Reaching safepoint: 172116 ns, At safepoint: 10457556 ns, Total: 10629672 ns
[2020-09-11T18:57:29.565+0000][1][safepoint    ] Safepoint "Cleanup", Time since last: 1030408280 ns, Reaching safepoint: 94093 ns, At safepoint: 11495 ns, Total: 105588 ns
[2020-09-11T18:57:30.565+0000][1][safepoint    ] Safepoint "Cleanup", Time since last: 1000143845 ns, Reaching safepoint: 95158 ns, At safepoint: 11324 ns, Total: 106482 ns
[2020-09-11T18:57:31.565+0000][1][safepoint    ] Safepoint "Cleanup", Time since last: 1000116254 ns, Reaching safepoint: 100318 ns, At safepoint: 10220 ns, Total: 110538 ns
[2020-09-11T18:57:32.566+0000][1][safepoint    ] Safepoint "Cleanup", Time since last: 1000115990 ns, Reaching safepoint: 95302 ns, At safepoint: 10214 ns, Total: 105516 ns
[2020-09-11T18:57:33.566+0000][1][safepoint    ] Safepoint "Cleanup", Time since last: 1000128228 ns, Reaching safepoint: 95803 ns, At safepoint: 10191 ns, Total: 105994 ns
[2020-09-11T18:57:34.566+0000][1][safepoint    ] Safepoint "Cleanup", Time since last: 1000113623 ns, Reaching safepoint: 95750 ns, At safepoint: 10772 ns, Total: 106522 ns
[2020-09-11T18:57:35.310+0000][1][safepoint    ] Safepoint "RevokeBias", Time since last: 743514880 ns, Reaching safepoint: 104354 ns, At safepoint: 27826 ns, Total: 132180 ns
[2020-09-11T18:57:36.310+0000][1][safepoint    ] Safepoint "Cleanup", Time since last: 1000115422 ns, Reaching safepoint: 92489 ns, At safepoint: 8748 ns, Total: 101237 ns
[2020-09-11T18:57:37.145+0000][1][safepoint    ] Safepoint "RevokeBias", Time since last: 835255094 ns, Reaching safepoint: 181914 ns, At safepoint: 28370 ns, Total: 210284 ns
[2020-09-11T18:57:37.170+0000][1][safepoint    ] Safepoint "RevokeBias", Time since last: 24115187 ns, Reaching safepoint: 101135 ns, At safepoint: 27359 ns, Total: 128494 ns
[2020-09-11T18:57:37.191+0000][1][safepoint    ] Safepoint "RevokeBias", Time since last: 21206107 ns, Reaching safepoint: 96325 ns, At safepoint: 22031 ns, Total: 118356 ns
[2020-09-11T18:57:37.217+0000][1][safepoint    ] Safepoint "RevokeBias", Time since last: 26290000 ns, Reaching safepoint: 98915 ns, At safepoint: 21748 ns, Total: 120663 ns
[2020-09-11T18:57:37.297+0000][1][safepoint    ] Safepoint "RevokeBias", Time since last: 79056815 ns, Reaching safepoint: 94603 ns, At safepoint: 22065 ns, Total: 116668 ns
[2020-09-11T18:57:37.520+0000][1][safepoint    ] Safepoint "RevokeBias", Time since last: 222805306 ns, Reaching safepoint: 103357 ns, At safepoint: 26730 ns, Total: 130087 ns
[2020-09-11T18:57:38.455+0000][1][safepoint    ] Safepoint "RevokeBias", Time since last: 933751573 ns, Reaching safepoint: 1718932 ns, At safepoint: 24900 ns, Total: 1743832 ns
[2020-09-11T18:57:39.455+0000][1][safepoint    ] Safepoint "Cleanup", Time since last: 1000116744 ns, Reaching safepoint: 100322 ns, At safepoint: 11627 ns, Total: 111949 ns
[2020-09-11T18:57:40.455+0000][1][safepoint    ] Safepoint "Cleanup", Time since last: 1000118472 ns, Reaching safepoint: 96836 ns, At safepoint: 11199 ns, Total: 108035 ns
[2020-09-11T18:57:41.456+0000][1][safepoint    ] Safepoint "Cleanup", Time since last: 1000114310 ns, Reaching safepoint: 94124 ns, At safepoint: 9833 ns, Total: 103957 ns
[2020-09-11T18:57:42.456+0000][1][safepoint    ] Safepoint "Cleanup", Time since last: 1000115776 ns, Reaching safepoint: 105795 ns, At safepoint: 11215 ns, Total: 117010 ns
[2020-09-11T18:57:43.456+0000][1][safepoint    ] Safepoint "Cleanup", Time since last: 1000115932 ns, Reaching safepoint: 97072 ns, At safepoint: 11018 ns, Total: 108090 ns
[2020-09-11T18:57:44.456+0000][1][safepoint    ] Safepoint "Cleanup", Time since last: 1000118339 ns, Reaching safepoint: 105567 ns, At safepoint: 10413 ns, Total: 115980 ns
[2020-09-11T18:57:45.128+0000][1][safepoint    ] Safepoint "RevokeBias", Time since last: 671148107 ns, Reaching safepoint: 100607 ns, At safepoint: 25620 ns, Total: 126227 ns
[2020-09-11T18:57:46.128+0000][1][safepoint    ] Safepoint "Cleanup", Time since last: 1000106304 ns, Reaching safepoint: 96681 ns, At safepoint: 10012 ns, Total: 106693 ns
[2020-09-11T18:57:47.128+0000][1][safepoint    ] Safepoint "Cleanup", Time since last: 1000129433 ns, Reaching safepoint: 102811 ns, At safepoint: 14098 ns, Total: 116909 ns
[2020-09-11T18:57:47.276+0000][1][safepoint    ] Safepoint "RevokeBias", Time since last: 147541189 ns, Reaching safepoint: 105683 ns, At safepoint: 27341 ns, Total: 133024 ns
[2020-09-11T18:57:47.310+0000][1][safepoint    ] Safepoint "RevokeBias", Time since last: 34002703 ns, Reaching safepoint: 171188 ns, At safepoint: 22909 ns, Total: 194097 ns
[2020-09-11T18:57:47.352+0000][1][safepoint    ] Safepoint "RevokeBias", Time since last: 41807727 ns, Reaching safepoint: 94731 ns, At safepoint: 22372 ns, Total: 117103 ns
[2020-09-11T18:57:47.393+0000][1][safepoint    ] Safepoint "RevokeBias", Time since last: 41321659 ns, Reaching safepoint: 109098 ns, At safepoint: 23693 ns, Total: 132791 ns
[2020-09-11T18:57:47.413+0000][1][safepoint    ] Safepoint "BulkRevokeBias", Time since last: 19759070 ns, Reaching safepoint: 101001 ns, At safepoint: 254313 ns, Total: 355314 ns
[2020-09-11T18:57:47.539+0000][1][safepoint    ] Safepoint "RevokeBias", Time since last: 125559267 ns, Reaching safepoint: 103215 ns, At safepoint: 27214 ns, Total: 130429 ns
[2020-09-11T18:57:48.513+0000][1][safepoint    ] Safepoint "RevokeBias", Time since last: 971921442 ns, Reaching safepoint: 1792607 ns, At safepoint: 29250 ns, Total: 1821857 ns
[2020-09-11T18:57:48.542+0000][1][gc,start     ] GC(255) Pause Young (Allocation Failure)
[2020-09-11T18:57:48.542+0000][1][gc,task      ] GC(255) Using 1 workers of 1 for evacuation
[2020-09-11T18:57:48.553+0000][1][gc,age       ] GC(255) Desired survivor size 4358144 bytes, new threshold 6 (max threshold 6)
[2020-09-11T18:57:48.553+0000][1][gc,age       ] GC(255) Age table with threshold 6 (max threshold 6)
[2020-09-11T18:57:48.553+0000][1][gc,age       ] GC(255) - age   1:     448224 bytes,     448224 total
[2020-09-11T18:57:48.553+0000][1][gc,age       ] GC(255) - age   2:      70600 bytes,     518824 total
[2020-09-11T18:57:48.553+0000][1][gc,age       ] GC(255) - age   3:       2464 bytes,     521288 total
[2020-09-11T18:57:48.553+0000][1][gc,age       ] GC(255) - age   4:       2112 bytes,     523400 total
[2020-09-11T18:57:48.553+0000][1][gc,age       ] GC(255) - age   5:       7072 bytes,     530472 total
[2020-09-11T18:57:48.553+0000][1][gc,age       ] GC(255) - age   6:       5072 bytes,     535544 total
[2020-09-11T18:57:48.553+0000][1][gc,heap      ] GC(255) ParNew: 69073K->603K(76672K)
[2020-09-11T18:57:48.553+0000][1][gc,heap      ] GC(255) CMS: 95337K->95340K(439104K)
[2020-09-11T18:57:48.553+0000][1][gc,metaspace ] GC(255) Metaspace: 100785K->100785K(1142784K)
[2020-09-11T18:57:48.553+0000][1][gc           ] GC(255) Pause Young (Allocation Failure) 160M->93M(503M) 10.777ms
[2020-09-11T18:57:48.553+0000][1][gc,cpu       ] GC(255) User=0.00s Sys=0.00s Real=0.01s
[2020-09-11T18:57:48.553+0000][1][safepoint    ] Safepoint "GenCollectForAllocation", Time since last: 29136552 ns, Reaching safepoint: 216175 ns, At safepoint: 10831838 ns, Total: 11048013 ns
[2020-09-11T18:57:49.559+0000][1][safepoint    ] Safepoint "Cleanup", Time since last: 1005483519 ns, Reaching safepoint: 101557 ns, At safepoint: 12069 ns, Total: 113626 ns
[2020-09-11T18:57:50.559+0000][1][safepoint    ] Safepoint "Cleanup", Time since last: 1000141807 ns, Reaching safepoint: 101356 ns, At safepoint: 10569 ns, Total: 111925 ns
[2020-09-11T18:57:51.559+0000][1][safepoint    ] Safepoint "Cleanup", Time since last: 1000115597 ns, Reaching safepoint: 113332 ns, At safepoint: 10547 ns, Total: 123879 ns
[2020-09-11T18:57:52.559+0000][1][safepoint    ] Safepoint "Cleanup", Time since last: 1000120330 ns, Reaching safepoint: 94766 ns, At safepoint: 10180 ns, Total: 104946 ns
[2020-09-11T18:57:53.560+0000][1][safepoint    ] Safepoint "Cleanup", Time since last: 1000108052 ns, Reaching safepoint: 95781 ns, At safepoint: 9328 ns, Total: 105109 ns
[2020-09-11T18:57:54.560+0000][1][safepoint    ] Safepoint "Cleanup", Time since last: 1000117212 ns, Reaching safepoint: 96887 ns, At safepoint: 10323 ns, Total: 107210 ns
[2020-09-11T18:57:55.095+0000][1][safepoint    ] Safepoint "RevokeBias", Time since last: 535088540 ns, Reaching safepoint: 97190 ns, At safepoint: 26737 ns, Total: 123927 ns
[2020-09-11T18:57:56.095+0000][1][safepoint    ] Safepoint "Cleanup", Time since last: 1000110607 ns, Reaching safepoint: 102182 ns, At safepoint: 10372 ns, Total: 112554 ns
[2020-09-11T18:57:57.096+0000][1][safepoint    ] Safepoint "Cleanup", Time since last: 1000114345 ns, Reaching safepoint: 99599 ns, At safepoint: 11512 ns, Total: 111111 ns
[2020-09-11T18:57:57.441+0000][1][safepoint    ] Safepoint "RevokeBias", Time since last: 345667755 ns, Reaching safepoint: 96245 ns, At safepoint: 22829 ns, Total: 119074 ns
[2020-09-11T18:57:57.478+0000][1][safepoint    ] Safepoint "RevokeBias", Time since last: 36333432 ns, Reaching safepoint: 178823 ns, At safepoint: 24401 ns, Total: 203224 ns
[2020-09-11T18:57:57.496+0000][1][safepoint    ] Safepoint "RevokeBias", Time since last: 18379970 ns, Reaching safepoint: 210319 ns, At safepoint: 24215 ns, Total: 234534 ns
[2020-09-11T18:57:57.524+0000][1][safepoint    ] Safepoint "RevokeBias", Time since last: 27804850 ns, Reaching safepoint: 109872 ns, At safepoint: 23314 ns, Total: 133186 ns
[2020-09-11T18:57:57.596+0000][1][safepoint    ] Safepoint "RevokeBias", Time since last: 71173970 ns, Reaching safepoint: 106683 ns, At safepoint: 26365 ns, Total: 133048 ns
[2020-09-11T18:57:57.721+0000][1][safepoint    ] Safepoint "RevokeBias", Time since last: 124806170 ns, Reaching safepoint: 102582 ns, At safepoint: 25852 ns, Total: 128434 ns
[2020-09-11T18:57:58.453+0000][1][safepoint    ] Safepoint "RevokeBias", Time since last: 732469029 ns, Reaching safepoint: 196249 ns, At safepoint: 21851 ns, Total: 218100 ns
[2020-09-11T18:57:59.454+0000][1][safepoint    ] Safepoint "Cleanup", Time since last: 1000114389 ns, Reaching safepoint: 99036 ns, At safepoint: 10052 ns, Total: 109088 ns
[2020-09-11T18:58:00.454+0000][1][safepoint    ] Safepoint "Cleanup", Time since last: 1000117787 ns, Reaching safepoint: 98283 ns, At safepoint: 10521 ns, Total: 108804 ns
[2020-09-11T18:58:01.454+0000][1][safepoint    ] Safepoint "Cleanup", Time since last: 1000117347 ns, Reaching safepoint: 94103 ns, At safepoint: 10293 ns, Total: 104396 ns
[2020-09-11T18:58:02.454+0000][1][safepoint    ] Safepoint "Cleanup", Time since last: 1000121334 ns, Reaching safepoint: 101345 ns, At safepoint: 11264 ns, Total: 112609 ns
[2020-09-11T18:58:03.454+0000][1][safepoint    ] Safepoint "Cleanup", Time since last: 1000119111 ns, Reaching safepoint: 113648 ns, At safepoint: 11286 ns, Total: 124934 ns
[2020-09-11T18:58:04.455+0000][1][safepoint    ] Safepoint "Cleanup", Time since last: 1000117272 ns, Reaching safepoint: 94128 ns, At safepoint: 11288 ns, Total: 105416 ns
[2020-09-11T18:58:05.088+0000][1][safepoint    ] Safepoint "RevokeBias", Time since last: 632839476 ns, Reaching safepoint: 102585 ns, At safepoint: 22371 ns, Total: 124956 ns
[2020-09-11T18:58:06.088+0000][1][safepoint    ] Safepoint "Cleanup", Time since last: 1000108079 ns, Reaching safepoint: 94354 ns, At safepoint: 10245 ns, Total: 104599 ns
[2020-09-11T18:58:07.088+0000][1][safepoint    ] Safepoint "Cleanup", Time since last: 1000111991 ns, Reaching safepoint: 93635 ns, At safepoint: 10441 ns, Total: 104076 ns
[2020-09-11T18:58:07.607+0000][1][safepoint    ] Safepoint "RevokeBias", Time since last: 518542830 ns, Reaching safepoint: 178680 ns, At safepoint: 27078 ns, Total: 205758 ns
[2020-09-11T18:58:07.651+0000][1][safepoint    ] Safepoint "RevokeBias", Time since last: 43756764 ns, Reaching safepoint: 101627 ns, At safepoint: 27202 ns, Total: 128829 ns
[2020-09-11T18:58:07.677+0000][1][safepoint    ] Safepoint "RevokeBias", Time since last: 25909518 ns, Reaching safepoint: 109203 ns, At safepoint: 49225 ns, Total: 158428 ns
[2020-09-11T18:58:07.705+0000][1][safepoint    ] Safepoint "RevokeBias", Time since last: 27815781 ns, Reaching safepoint: 104783 ns, At safepoint: 24277 ns, Total: 129060 ns
[2020-09-11T18:58:07.912+0000][1][safepoint    ] Safepoint "RevokeBias", Time since last: 207465443 ns, Reaching safepoint: 97934 ns, At safepoint: 21480 ns, Total: 119414 ns
[2020-09-11T18:58:08.047+0000][1][safepoint    ] Safepoint "RevokeBias", Time since last: 134192267 ns, Reaching safepoint: 104989 ns, At safepoint: 21694 ns, Total: 126683 ns
[2020-09-11T18:58:08.382+0000][1][gc,start     ] GC(256) Pause Young (Allocation Failure)
[2020-09-11T18:58:08.382+0000][1][gc,task      ] GC(256) Using 1 workers of 1 for evacuation
[2020-09-11T18:58:08.390+0000][1][gc,age       ] GC(256) Desired survivor size 4358144 bytes, new threshold 6 (max threshold 6)
[2020-09-11T18:58:08.390+0000][1][gc,age       ] GC(256) Age table with threshold 6 (max threshold 6)
[2020-09-11T18:58:08.390+0000][1][gc,age       ] GC(256) - age   1:     126720 bytes,     126720 total
[2020-09-11T18:58:08.390+0000][1][gc,age       ] GC(256) - age   2:      88752 bytes,     215472 total
[2020-09-11T18:58:08.390+0000][1][gc,age       ] GC(256) - age   3:       2648 bytes,     218120 total
[2020-09-11T18:58:08.390+0000][1][gc,age       ] GC(256) - age   4:        280 bytes,     218400 total
[2020-09-11T18:58:08.390+0000][1][gc,age       ] GC(256) - age   5:       2016 bytes,     220416 total
[2020-09-11T18:58:08.390+0000][1][gc,age       ] GC(256) - age   6:       6760 bytes,     227176 total
[2020-09-11T18:58:08.390+0000][1][gc,heap      ] GC(256) ParNew: 68763K->543K(76672K)
[2020-09-11T18:58:08.390+0000][1][gc,heap      ] GC(256) CMS: 95340K->95345K(439104K)
[2020-09-11T18:58:08.390+0000][1][gc,metaspace ] GC(256) Metaspace: 100800K->100800K(1142784K)
[2020-09-11T18:58:08.390+0000][1][gc           ] GC(256) Pause Young (Allocation Failure) 160M->93M(503M) 8.155ms
[2020-09-11T18:58:08.390+0000][1][gc,cpu       ] GC(256) User=0.01s Sys=0.00s Real=0.00s
[2020-09-11T18:58:08.391+0000][1][safepoint    ] Safepoint "GenCollectForAllocation", Time since last: 335559488 ns, Reaching safepoint: 91668 ns, At safepoint: 8236118 ns, Total: 8327786 ns
[2020-09-11T18:58:08.477+0000][1][safepoint    ] Safepoint "RevokeBias", Time since last: 82918058 ns, Reaching safepoint: 3098781 ns, At safepoint: 35108 ns, Total: 3133889 ns
[2020-09-11T18:58:09.477+0000][1][safepoint    ] Safepoint "Cleanup", Time since last: 1000121699 ns, Reaching safepoint: 115019 ns, At safepoint: 10375 ns, Total: 125394 ns
[2020-09-11T18:58:10.477+0000][1][safepoint    ] Safepoint "Cleanup", Time since last: 1000114833 ns, Reaching safepoint: 94463 ns, At safepoint: 10510 ns, Total: 104973 ns
[2020-09-11T18:58:11.477+0000][1][safepoint    ] Safepoint "Cleanup", Time since last: 1000112730 ns, Reaching safepoint: 94725 ns, At safepoint: 10054 ns, Total: 104779 ns
[2020-09-11T18:58:12.477+0000][1][safepoint    ] Safepoint "Cleanup", Time since last: 1000114774 ns, Reaching safepoint: 94539 ns, At safepoint: 10462 ns, Total: 105001 ns
[2020-09-11T18:58:13.478+0000][1][safepoint    ] Safepoint "Cleanup", Time since last: 1000111871 ns, Reaching safepoint: 94803 ns, At safepoint: 10727 ns, Total: 105530 ns
[2020-09-11T18:58:14.478+0000][1][safepoint    ] Safepoint "Cleanup", Time since last: 1000111853 ns, Reaching safepoint: 95800 ns, At safepoint: 10467 ns, Total: 106267 ns
[2020-09-11T18:58:15.137+0000][1][safepoint    ] Safepoint "RevokeBias", Time since last: 658523360 ns, Reaching safepoint: 101733 ns, At safepoint: 26961 ns, Total: 128694 ns
[2020-09-11T18:58:16.137+0000][1][safepoint    ] Safepoint "Cleanup", Time since last: 1000107268 ns, Reaching safepoint: 121476 ns, At safepoint: 10858 ns, Total: 132334 ns
[2020-09-11T18:58:17.137+0000][1][safepoint    ] Safepoint "Cleanup", Time since last: 1000111987 ns, Reaching safepoint: 94501 ns, At safepoint: 10159 ns, Total: 104660 ns
[2020-09-11T18:58:17.747+0000][1][safepoint    ] Safepoint "RevokeBias", Time since last: 610145274 ns, Reaching safepoint: 178881 ns, At safepoint: 28162 ns, Total: 207043 ns
[2020-09-11T18:58:17.798+0000][1][safepoint    ] Safepoint "RevokeBias", Time since last: 50094007 ns, Reaching safepoint: 175661 ns, At safepoint: 24647 ns, Total: 200308 ns
[2020-09-11T18:58:17.823+0000][1][safepoint    ] Safepoint "RevokeBias", Time since last: 24928846 ns, Reaching safepoint: 104381 ns, At safepoint: 22120 ns, Total: 126501 ns
[2020-09-11T18:58:17.947+0000][1][safepoint    ] Safepoint "RevokeBias", Time since last: 123739992 ns, Reaching safepoint: 103614 ns, At safepoint: 28857 ns, Total: 132471 ns
[2020-09-11T18:58:17.984+0000][1][safepoint    ] Safepoint "RevokeBias", Time since last: 37748082 ns, Reaching safepoint: 100436 ns, At safepoint: 23881 ns, Total: 124317 ns
[2020-09-11T18:58:18.105+0000][1][safepoint    ] Safepoint "RevokeBias", Time since last: 120899234 ns, Reaching safepoint: 105569 ns, At safepoint: 26843 ns, Total: 132412 ns
[2020-09-11T18:58:18.475+0000][1][safepoint    ] Safepoint "RevokeBias", Time since last: 369103945 ns, Reaching safepoint: 217224 ns, At safepoint: 55267 ns, Total: 272491 ns
[2020-09-11T18:58:19.475+0000][1][safepoint    ] Safepoint "Cleanup", Time since last: 1000111162 ns, Reaching safepoint: 95186 ns, At safepoint: 10500 ns, Total: 105686 ns
[2020-09-11T18:58:20.475+0000][1][safepoint    ] Safepoint "Cleanup", Time since last: 1000116233 ns, Reaching safepoint: 95417 ns, At safepoint: 10481 ns, Total: 105898 ns
[2020-09-11T18:58:21.476+0000][1][safepoint    ] Safepoint "Cleanup", Time since last: 1000108873 ns, Reaching safepoint: 95926 ns, At safepoint: 9830 ns, Total: 105756 ns
[2020-09-11T18:58:22.476+0000][1][safepoint    ] Safepoint "Cleanup", Time since last: 1000128043 ns, Reaching safepoint: 93431 ns, At safepoint: 9849 ns, Total: 103280 ns
[2020-09-11T18:58:23.476+0000][1][safepoint    ] Safepoint "Cleanup", Time since last: 1000124746 ns, Reaching safepoint: 95426 ns, At safepoint: 10162 ns, Total: 105588 ns
[2020-09-11T18:58:24.476+0000][1][safepoint    ] Safepoint "Cleanup", Time since last: 1000112680 ns, Reaching safepoint: 95278 ns, At safepoint: 10330 ns, Total: 105608 ns
[2020-09-11T18:58:24.962+0000][1][gc,start     ] GC(257) Pause Young (Allocation Failure)
[2020-09-11T18:58:24.962+0000][1][gc,task      ] GC(257) Using 1 workers of 1 for evacuation
[2020-09-11T18:58:24.971+0000][1][gc,age       ] GC(257) Desired survivor size 4358144 bytes, new threshold 6 (max threshold 6)
[2020-09-11T18:58:24.971+0000][1][gc,age       ] GC(257) Age table with threshold 6 (max threshold 6)
[2020-09-11T18:58:24.971+0000][1][gc,age       ] GC(257) - age   1:      71528 bytes,      71528 total
[2020-09-11T18:58:24.971+0000][1][gc,age       ] GC(257) - age   2:      65656 bytes,     137184 total
[2020-09-11T18:58:24.971+0000][1][gc,age       ] GC(257) - age   3:      81072 bytes,     218256 total
[2020-09-11T18:58:24.971+0000][1][gc,age       ] GC(257) - age   4:       2376 bytes,     220632 total
[2020-09-11T18:58:24.971+0000][1][gc,age       ] GC(257) - age   5:        280 bytes,     220912 total
[2020-09-11T18:58:24.971+0000][1][gc,age       ] GC(257) - age   6:       1432 bytes,     222344 total
[2020-09-11T18:58:24.971+0000][1][gc,heap      ] GC(257) ParNew: 68703K->218K(76672K)
[2020-09-11T18:58:24.971+0000][1][gc,heap      ] GC(257) CMS: 95345K->95351K(439104K)
[2020-09-11T18:58:24.971+0000][1][gc,metaspace ] GC(257) Metaspace: 100817K->100817K(1142784K)
[2020-09-11T18:58:24.971+0000][1][gc           ] GC(257) Pause Young (Allocation Failure) 160M->93M(503M) 9.395ms
[2020-09-11T18:58:24.971+0000][1][gc,cpu       ] GC(257) User=0.01s Sys=0.00s Real=0.00s
[2020-09-11T18:58:24.971+0000][1][safepoint    ] Safepoint "GenCollectForAllocation", Time since last: 485307243 ns, Reaching safepoint: 163972 ns, At safepoint: 9485323 ns, Total: 9649295 ns
[2020-09-11T18:58:25.090+0000][1][safepoint    ] Safepoint "RevokeBias", Time since last: 118901478 ns, Reaching safepoint: 103102 ns, At safepoint: 39522 ns, Total: 142624 ns
[2020-09-11T18:58:26.091+0000][1][safepoint    ] Safepoint "Cleanup", Time since last: 1000772022 ns, Reaching safepoint: 101915 ns, At safepoint: 10718 ns, Total: 112633 ns
[2020-09-11T18:58:26.874+0000][1][safepoint    ] Safepoint "RevokeBias", Time since last: 782861187 ns, Reaching safepoint: 208605 ns, At safepoint: 25798 ns, Total: 234403 ns
[2020-09-11T18:58:27.528+0000][1][safepoint    ] Safepoint "RevokeBias", Time since last: 653903878 ns, Reaching safepoint: 86789 ns, At safepoint: 24761 ns, Total: 111550 ns
[2020-09-11T18:58:27.530+0000][1][safepoint    ] Safepoint "RevokeBias", Time since last: 1185092 ns, Reaching safepoint: 150659 ns, At safepoint: 20285 ns, Total: 170944 ns
[2020-09-11T18:58:27.533+0000][1][safepoint    ] Safepoint "RevokeBias", Time since last: 926543 ns, Reaching safepoint: 2359377 ns, At safepoint: 25067 ns, Total: 2384444 ns
[2020-09-11T18:58:27.533+0000][1][safepoint    ] Safepoint "RevokeBias", Time since last: 165285 ns, Reaching safepoint: 141560 ns, At safepoint: 17131 ns, Total: 158691 ns
[2020-09-11T18:58:27.533+0000][1][safepoint    ] Safepoint "RevokeBias", Time since last: 57806 ns, Reaching safepoint: 129402 ns, At safepoint: 14799 ns, Total: 144201 ns
[2020-09-11T18:58:27.546+0000][1][safepoint    ] Safepoint "RevokeBias", Time since last: 11788857 ns, Reaching safepoint: 538117 ns, At safepoint: 25400 ns, Total: 563517 ns
[2020-09-11T18:58:27.565+0000][1][safepoint    ] Safepoint "RevokeBias", Time since last: 15181555 ns, Reaching safepoint: 3930628 ns, At safepoint: 44314 ns, Total: 3974942 ns
[2020-09-11T18:58:27.888+0000][1][safepoint    ] Safepoint "RevokeBias", Time since last: 322879108 ns, Reaching safepoint: 98625 ns, At safepoint: 21524 ns, Total: 120149 ns
[2020-09-11T18:58:28.006+0000][1][safepoint    ] Safepoint "RevokeBias", Time since last: 117414217 ns, Reaching safepoint: 177801 ns, At safepoint: 28102 ns, Total: 205903 ns
[2020-09-11T18:58:28.036+0000][1][safepoint    ] Safepoint "RevokeBias", Time since last: 30660107 ns, Reaching safepoint: 100427 ns, At safepoint: 27455 ns, Total: 127882 ns
[2020-09-11T18:58:28.061+0000][1][safepoint    ] Safepoint "RevokeBias", Time since last: 24646286 ns, Reaching safepoint: 105273 ns, At safepoint: 26933 ns, Total: 132206 ns
[2020-09-11T18:58:28.307+0000][1][safepoint    ] Safepoint "RevokeBias", Time since last: 245859373 ns, Reaching safepoint: 109900 ns, At safepoint: 26325 ns, Total: 136225 ns
[2020-09-11T18:58:28.417+0000][1][safepoint    ] Safepoint "RevokeBias", Time since last: 105701705 ns, Reaching safepoint: 4112539 ns, At safepoint: 28826 ns, Total: 4141365 ns
[2020-09-11T18:58:28.521+0000][1][safepoint    ] Safepoint "RevokeBias", Time since last: 97314258 ns, Reaching safepoint: 6691289 ns, At safepoint: 261970 ns, Total: 6953259 ns
[2020-09-11T18:58:28.604+0000][1][safepoint    ] Safepoint "RevokeBias", Time since last: 82573812 ns, Reaching safepoint: 194684 ns, At safepoint: 27138 ns, Total: 221822 ns
[2020-09-11T18:58:28.759+0000][1][safepoint    ] Safepoint "RevokeBias", Time since last: 154774473 ns, Reaching safepoint: 145771 ns, At safepoint: 28733 ns, Total: 174504 ns
[2020-09-11T18:58:29.759+0000][1][safepoint    ] Safepoint "Cleanup", Time since last: 1000341361 ns, Reaching safepoint: 99882 ns, At safepoint: 10581 ns, Total: 110463 ns
[2020-09-11T18:58:30.405+0000][1][safepoint    ] Safepoint "RevokeBias", Time since last: 645889032 ns, Reaching safepoint: 95970 ns, At safepoint: 25343 ns, Total: 121313 ns
[2020-09-11T18:58:30.406+0000][1][safepoint    ] Safepoint "RevokeBias", Time since last: 69017 ns, Reaching safepoint: 61190 ns, At safepoint: 14958 ns, Total: 76148 ns
[2020-09-11T18:58:30.406+0000][1][safepoint    ] Safepoint "RevokeBias", Time since last: 38610 ns, Reaching safepoint: 47662 ns, At safepoint: 12625 ns, Total: 60287 ns
[2020-09-11T18:58:30.406+0000][1][safepoint    ] Safepoint "RevokeBias", Time since last: 34151 ns, Reaching safepoint: 44206 ns, At safepoint: 11911 ns, Total: 56117 ns
[2020-09-11T18:58:31.406+0000][1][safepoint    ] Safepoint "Cleanup", Time since last: 1000090077 ns, Reaching safepoint: 94938 ns, At safepoint: 10986 ns, Total: 105924 ns
[2020-09-11T18:58:32.406+0000][1][safepoint    ] Safepoint "Cleanup", Time since last: 1000115948 ns, Reaching safepoint: 114770 ns, At safepoint: 11018 ns, Total: 125788 ns
[2020-09-11T18:58:33.406+0000][1][safepoint    ] Safepoint "Cleanup", Time since last: 1000113157 ns, Reaching safepoint: 92720 ns, At safepoint: 10567 ns, Total: 103287 ns
[2020-09-11T18:58:34.407+0000][1][safepoint    ] Safepoint "Cleanup", Time since last: 1000112331 ns, Reaching safepoint: 95737 ns, At safepoint: 10395 ns, Total: 106132 ns
[2020-09-11T18:58:35.156+0000][1][safepoint    ] Safepoint "RevokeBias", Time since last: 749091741 ns, Reaching safepoint: 104383 ns, At safepoint: 27389 ns, Total: 131772 ns
[2020-09-11T18:58:36.156+0000][1][safepoint    ] Safepoint "Cleanup", Time since last: 1000116107 ns, Reaching safepoint: 96374 ns, At safepoint: 11183 ns, Total: 107557 ns
[2020-09-11T18:58:37.156+0000][1][safepoint    ] Safepoint "Cleanup", Time since last: 1000118378 ns, Reaching safepoint: 96285 ns, At safepoint: 10109 ns, Total: 106394 ns
[2020-09-11T18:58:38.156+0000][1][safepoint    ] Safepoint "Cleanup", Time since last: 1000107986 ns, Reaching safepoint: 94876 ns, At safepoint: 8658 ns, Total: 103534 ns
[2020-09-11T18:58:38.355+0000][1][safepoint    ] Safepoint "RevokeBias", Time since last: 198387203 ns, Reaching safepoint: 177256 ns, At safepoint: 26022 ns, Total: 203278 ns
[2020-09-11T18:58:38.365+0000][1][gc,start     ] GC(258) Pause Young (Allocation Failure)
[2020-09-11T18:58:38.365+0000][1][gc,task      ] GC(258) Using 1 workers of 1 for evacuation
[2020-09-11T18:58:38.375+0000][1][gc,age       ] GC(258) Desired survivor size 4358144 bytes, new threshold 6 (max threshold 6)
[2020-09-11T18:58:38.375+0000][1][gc,age       ] GC(258) Age table with threshold 6 (max threshold 6)
[2020-09-11T18:58:38.375+0000][1][gc,age       ] GC(258) - age   1:     389608 bytes,     389608 total
[2020-09-11T18:58:38.375+0000][1][gc,age       ] GC(258) - age   2:      27640 bytes,     417248 total
[2020-09-11T18:58:38.375+0000][1][gc,age       ] GC(258) - age   3:      59032 bytes,     476280 total
[2020-09-11T18:58:38.375+0000][1][gc,age       ] GC(258) - age   4:      43776 bytes,     520056 total
[2020-09-11T18:58:38.375+0000][1][gc,age       ] GC(258) - age   5:       2376 bytes,     522432 total
[2020-09-11T18:58:38.375+0000][1][gc,age       ] GC(258) - age   6:        280 bytes,     522712 total
[2020-09-11T18:58:38.375+0000][1][gc,heap      ] GC(258) ParNew: 68376K->684K(76672K)
[2020-09-11T18:58:38.375+0000][1][gc,heap      ] GC(258) CMS: 95351K->95353K(439104K)
[2020-09-11T18:58:38.375+0000][1][gc,metaspace ] GC(258) Metaspace: 100825K->100825K(1142784K)
[2020-09-11T18:58:38.375+0000][1][gc           ] GC(258) Pause Young (Allocation Failure) 159M->93M(503M) 10.497ms
[2020-09-11T18:58:38.375+0000][1][gc,cpu       ] GC(258) User=0.01s Sys=0.00s Real=0.01s
[2020-09-11T18:58:38.375+0000][1][safepoint    ] Safepoint "GenCollectForAllocation", Time since last: 9136814 ns, Reaching safepoint: 621378 ns, At safepoint: 10572182 ns, Total: 11193560 ns
[2020-09-11T18:58:38.411+0000][1][safepoint    ] Safepoint "RevokeBias", Time since last: 34226621 ns, Reaching safepoint: 871793 ns, At safepoint: 39880 ns, Total: 911673 ns
[2020-09-11T18:58:38.473+0000][1][safepoint    ] Safepoint "RevokeBias", Time since last: 60936544 ns, Reaching safepoint: 1414655 ns, At safepoint: 23917 ns, Total: 1438572 ns
[2020-09-11T18:58:38.565+0000][1][safepoint    ] Safepoint "RevokeBias", Time since last: 92140828 ns, Reaching safepoint: 106630 ns, At safepoint: 26667 ns, Total: 133297 ns
[2020-09-11T18:58:38.614+0000][1][safepoint    ] Safepoint "BulkRevokeBias", Time since last: 47744033 ns, Reaching safepoint: 200948 ns, At safepoint: 714754 ns, Total: 915702 ns
[2020-09-11T18:58:38.636+0000][1][safepoint    ] Safepoint "RevokeBias", Time since last: 21016504 ns, Reaching safepoint: 679066 ns, At safepoint: 26675 ns, Total: 705741 ns
[2020-09-11T18:58:38.870+0000][1][safepoint    ] Safepoint "RevokeBias", Time since last: 234411066 ns, Reaching safepoint: 103735 ns, At safepoint: 28597 ns, Total: 132332 ns
[2020-09-11T18:58:39.870+0000][1][safepoint    ] Safepoint "Cleanup", Time since last: 1000110338 ns, Reaching safepoint: 94776 ns, At safepoint: 10308 ns, Total: 105084 ns
[2020-09-11T18:58:40.871+0000][1][safepoint    ] Safepoint "Cleanup", Time since last: 1000114436 ns, Reaching safepoint: 94894 ns, At safepoint: 10254 ns, Total: 105148 ns
[2020-09-11T18:58:41.871+0000][1][safepoint    ] Safepoint "Cleanup", Time since last: 1000114821 ns, Reaching safepoint: 93859 ns, At safepoint: 10218 ns, Total: 104077 ns
[2020-09-11T18:58:42.871+0000][1][safepoint    ] Safepoint "Cleanup", Time since last: 1000111051 ns, Reaching safepoint: 97899 ns, At safepoint: 9906 ns, Total: 107805 ns
[2020-09-11T18:58:43.871+0000][1][safepoint    ] Safepoint "Cleanup", Time since last: 1000106601 ns, Reaching safepoint: 94013 ns, At safepoint: 8962 ns, Total: 102975 ns
[2020-09-11T18:58:44.871+0000][1][safepoint    ] Safepoint "Cleanup", Time since last: 1000115189 ns, Reaching safepoint: 103309 ns, At safepoint: 10836 ns, Total: 114145 ns
[2020-09-11T18:58:45.103+0000][1][safepoint    ] Safepoint "RevokeBias", Time since last: 231802541 ns, Reaching safepoint: 99106 ns, At safepoint: 21855 ns, Total: 120961 ns
[2020-09-11T18:58:46.104+0000][1][safepoint    ] Safepoint "Cleanup", Time since last: 1000116955 ns, Reaching safepoint: 102724 ns, At safepoint: 10254 ns, Total: 112978 ns
[2020-09-11T18:58:47.104+0000][1][safepoint    ] Safepoint "Cleanup", Time since last: 1000112525 ns, Reaching safepoint: 92215 ns, At safepoint: 10173 ns, Total: 102388 ns
[2020-09-11T18:58:48.104+0000][1][safepoint    ] Safepoint "Cleanup", Time since last: 1000127524 ns, Reaching safepoint: 92132 ns, At safepoint: 9215 ns, Total: 101347 ns
[2020-09-11T18:58:48.479+0000][1][safepoint    ] Safepoint "RevokeBias", Time since last: 373026224 ns, Reaching safepoint: 1945471 ns, At safepoint: 22247 ns, Total: 1967718 ns
[2020-09-11T18:58:48.694+0000][1][safepoint    ] Safepoint "RevokeBias", Time since last: 214446585 ns, Reaching safepoint: 132242 ns, At safepoint: 27551 ns, Total: 159793 ns
[2020-09-11T18:58:48.720+0000][1][safepoint    ] Safepoint "RevokeBias", Time since last: 25752421 ns, Reaching safepoint: 175404 ns, At safepoint: 23451 ns, Total: 198855 ns
[2020-09-11T18:58:48.746+0000][1][safepoint    ] Safepoint "RevokeBias", Time since last: 25990357 ns, Reaching safepoint: 101224 ns, At safepoint: 23994 ns, Total: 125218 ns
[2020-09-11T18:58:48.769+0000][1][safepoint    ] Safepoint "RevokeBias", Time since last: 23455569 ns, Reaching safepoint: 104268 ns, At safepoint: 22084 ns, Total: 126352 ns
[2020-09-11T18:58:48.839+0000][1][safepoint    ] Safepoint "RevokeBias", Time since last: 69830546 ns, Reaching safepoint: 104018 ns, At safepoint: 26478 ns, Total: 130496 ns
[2020-09-11T18:58:49.149+0000][1][safepoint    ] Safepoint "RevokeBias", Time since last: 309167480 ns, Reaching safepoint: 181621 ns, At safepoint: 28436 ns, Total: 210057 ns
[2020-09-11T18:58:50.149+0000][1][safepoint    ] Safepoint "Cleanup", Time since last: 1000132766 ns, Reaching safepoint: 95860 ns, At safepoint: 10559 ns, Total: 106419 ns
[2020-09-11T18:58:51.149+0000][1][safepoint    ] Safepoint "Cleanup", Time since last: 1000112197 ns, Reaching safepoint: 97275 ns, At safepoint: 10934 ns, Total: 108209 ns
[2020-09-11T18:58:52.149+0000][1][safepoint    ] Safepoint "Cleanup", Time since last: 1000119476 ns, Reaching safepoint: 98080 ns, At safepoint: 11053 ns, Total: 109133 ns
[2020-09-11T18:58:53.150+0000][1][safepoint    ] Safepoint "Cleanup", Time since last: 1000116585 ns, Reaching safepoint: 96298 ns, At safepoint: 10408 ns, Total: 106706 ns
[2020-09-11T18:58:54.150+0000][1][safepoint    ] Safepoint "Cleanup", Time since last: 1000115023 ns, Reaching safepoint: 96161 ns, At safepoint: 11016 ns, Total: 107177 ns
[2020-09-11T18:58:55.000+0000][1][gc,start     ] GC(259) Pause Young (Allocation Failure)
[2020-09-11T18:58:55.000+0000][1][gc,task      ] GC(259) Using 1 workers of 1 for evacuation
[2020-09-11T18:58:55.013+0000][1][gc,age       ] GC(259) Desired survivor size 4358144 bytes, new threshold 6 (max threshold 6)
[2020-09-11T18:58:55.013+0000][1][gc,age       ] GC(259) Age table with threshold 6 (max threshold 6)
[2020-09-11T18:58:55.013+0000][1][gc,age       ] GC(259) - age   1:     105296 bytes,     105296 total
[2020-09-11T18:58:55.013+0000][1][gc,age       ] GC(259) - age   2:     243072 bytes,     348368 total
[2020-09-11T18:58:55.013+0000][1][gc,age       ] GC(259) - age   3:       5816 bytes,     354184 total
[2020-09-11T18:58:55.013+0000][1][gc,age       ] GC(259) - age   4:      34896 bytes,     389080 total
[2020-09-11T18:58:55.013+0000][1][gc,age       ] GC(259) - age   5:      34576 bytes,     423656 total
[2020-09-11T18:58:55.013+0000][1][gc,age       ] GC(259) - age   6:       2376 bytes,     426032 total
[2020-09-11T18:58:55.013+0000][1][gc,heap      ] GC(259) ParNew: 68844K->826K(76672K)
[2020-09-11T18:58:55.013+0000][1][gc,heap      ] GC(259) CMS: 95353K->95353K(439104K)
[2020-09-11T18:58:55.013+0000][1][gc,metaspace ] GC(259) Metaspace: 100837K->100837K(1142784K)
[2020-09-11T18:58:55.013+0000][1][gc           ] GC(259) Pause Young (Allocation Failure) 160M->93M(503M) 13.388ms
[2020-09-11T18:58:55.013+0000][1][gc,cpu       ] GC(259) User=0.00s Sys=0.00s Real=0.02s
[2020-09-11T18:58:55.013+0000][1][safepoint    ] Safepoint "GenCollectForAllocation", Time since last: 849741784 ns, Reaching safepoint: 185532 ns, At safepoint: 13463444 ns, Total: 13648976 ns
[2020-09-11T18:58:55.093+0000][1][safepoint    ] Safepoint "RevokeBias", Time since last: 79384461 ns, Reaching safepoint: 103226 ns, At safepoint: 39120 ns, Total: 142346 ns
[2020-09-11T18:58:56.095+0000][1][safepoint    ] Safepoint "Cleanup", Time since last: 1002003625 ns, Reaching safepoint: 117413 ns, At safepoint: 25136 ns, Total: 142549 ns
[2020-09-11T18:58:57.095+0000][1][safepoint    ] Safepoint "Cleanup", Time since last: 1000109259 ns, Reaching safepoint: 93816 ns, At safepoint: 23451 ns, Total: 117267 ns
[2020-09-11T18:58:58.095+0000][1][safepoint    ] Safepoint "Cleanup", Time since last: 1000119693 ns, Reaching safepoint: 105073 ns, At safepoint: 24313 ns, Total: 129386 ns
[2020-09-11T18:58:58.458+0000][1][safepoint    ] Safepoint "BulkRevokeBias", Time since last: 359392067 ns, Reaching safepoint: 2254445 ns, At safepoint: 909224 ns, Total: 3163669 ns
[2020-09-11T18:58:58.501+0000][1][safepoint    ] Safepoint "RevokeBias", Time since last: 42939572 ns, Reaching safepoint: 175293 ns, At safepoint: 25373 ns, Total: 200666 ns
[2020-09-11T18:58:58.859+0000][1][safepoint    ] Safepoint "RevokeBias", Time since last: 357766559 ns, Reaching safepoint: 104724 ns, At safepoint: 24869 ns, Total: 129593 ns
[2020-09-11T18:58:58.880+0000][1][safepoint    ] Safepoint "RevokeBias", Time since last: 20962578 ns, Reaching safepoint: 99316 ns, At safepoint: 21898 ns, Total: 121214 ns
[2020-09-11T18:58:58.921+0000][1][safepoint    ] Safepoint "RevokeBias", Time since last: 40736722 ns, Reaching safepoint: 144944 ns, At safepoint: 26429 ns, Total: 171373 ns
[2020-09-11T18:58:58.960+0000][1][safepoint    ] Safepoint "RevokeBias", Time since last: 38830382 ns, Reaching safepoint: 102560 ns, At safepoint: 26359 ns, Total: 128919 ns
[2020-09-11T18:58:59.044+0000][1][safepoint    ] Safepoint "RevokeBias", Time since last: 83952501 ns, Reaching safepoint: 103123 ns, At safepoint: 27309 ns, Total: 130432 ns
[2020-09-11T18:58:59.165+0000][1][safepoint    ] Safepoint "RevokeBias", Time since last: 120990448 ns, Reaching safepoint: 101908 ns, At safepoint: 26081 ns, Total: 127989 ns
[2020-09-11T18:59:00.165+0000][1][safepoint    ] Safepoint "Cleanup", Time since last: 1000107560 ns, Reaching safepoint: 93652 ns, At safepoint: 10618 ns, Total: 104270 ns
[2020-09-11T18:59:01.165+0000][1][safepoint    ] Safepoint "Cleanup", Time since last: 1000110812 ns, Reaching safepoint: 94529 ns, At safepoint: 9680 ns, Total: 104209 ns
[2020-09-11T18:59:02.166+0000][1][safepoint    ] Safepoint "Cleanup", Time since last: 1000111467 ns, Reaching safepoint: 95906 ns, At safepoint: 10081 ns, Total: 105987 ns
[2020-09-11T18:59:03.166+0000][1][safepoint    ] Safepoint "Cleanup", Time since last: 1000086073 ns, Reaching safepoint: 97004 ns, At safepoint: 10642 ns, Total: 107646 ns
[2020-09-11T18:59:04.166+0000][1][safepoint    ] Safepoint "Cleanup", Time since last: 1000113191 ns, Reaching safepoint: 96982 ns, At safepoint: 11199 ns, Total: 108181 ns
[2020-09-11T18:59:05.092+0000][1][safepoint    ] Safepoint "RevokeBias", Time since last: 926060138 ns, Reaching safepoint: 102068 ns, At safepoint: 25657 ns, Total: 127725 ns
[2020-09-11T18:59:06.093+0000][1][safepoint    ] Safepoint "Cleanup", Time since last: 1000114139 ns, Reaching safepoint: 105472 ns, At safepoint: 12188 ns, Total: 117660 ns
[2020-09-11T18:59:07.093+0000][1][safepoint    ] Safepoint "Cleanup", Time since last: 1000117865 ns, Reaching safepoint: 96320 ns, At safepoint: 29982 ns, Total: 126302 ns
[2020-09-11T18:59:08.093+0000][1][safepoint    ] Safepoint "Cleanup", Time since last: 1000119561 ns, Reaching safepoint: 94120 ns, At safepoint: 10053 ns, Total: 104173 ns
[2020-09-11T18:59:08.461+0000][1][safepoint    ] Safepoint "RevokeBias", Time since last: 365125348 ns, Reaching safepoint: 2775336 ns, At safepoint: 31633 ns, Total: 2806969 ns
[2020-09-11T18:59:09.008+0000][1][safepoint    ] Safepoint "RevokeBias", Time since last: 546855451 ns, Reaching safepoint: 99233 ns, At safepoint: 27763 ns, Total: 126996 ns
[2020-09-11T18:59:09.030+0000][1][safepoint    ] Safepoint "RevokeBias", Time since last: 21439365 ns, Reaching safepoint: 187947 ns, At safepoint: 25035 ns, Total: 212982 ns
[2020-09-11T18:59:09.068+0000][1][safepoint    ] Safepoint "RevokeBias", Time since last: 38342444 ns, Reaching safepoint: 110617 ns, At safepoint: 28915 ns, Total: 139532 ns
[2020-09-11T18:59:09.099+0000][1][safepoint    ] Safepoint "RevokeBias", Time since last: 30917118 ns, Reaching safepoint: 100557 ns, At safepoint: 22730 ns, Total: 123287 ns
[2020-09-11T18:59:09.126+0000][1][safepoint    ] Safepoint "RevokeBias", Time since last: 26597050 ns, Reaching safepoint: 100253 ns, At safepoint: 25177 ns, Total: 125430 ns
[2020-09-11T18:59:09.247+0000][1][safepoint    ] Safepoint "RevokeBias", Time since last: 120833711 ns, Reaching safepoint: 109579 ns, At safepoint: 26985 ns, Total: 136564 ns
[2020-09-11T18:59:10.033+0000][1][gc,start     ] GC(260) Pause Young (Allocation Failure)
[2020-09-11T18:59:10.033+0000][1][gc,task      ] GC(260) Using 1 workers of 1 for evacuation
[2020-09-11T18:59:10.042+0000][1][gc,age       ] GC(260) Desired survivor size 4358144 bytes, new threshold 6 (max threshold 6)
[2020-09-11T18:59:10.042+0000][1][gc,age       ] GC(260) Age table with threshold 6 (max threshold 6)
[2020-09-11T18:59:10.042+0000][1][gc,age       ] GC(260) - age   1:     110368 bytes,     110368 total
[2020-09-11T18:59:10.042+0000][1][gc,age       ] GC(260) - age   2:      57312 bytes,     167680 total
[2020-09-11T18:59:10.042+0000][1][gc,age       ] GC(260) - age   3:     229920 bytes,     397600 total
[2020-09-11T18:59:10.042+0000][1][gc,age       ] GC(260) - age   4:        384 bytes,     397984 total
[2020-09-11T18:59:10.042+0000][1][gc,age       ] GC(260) - age   5:       1584 bytes,     399568 total
[2020-09-11T18:59:10.042+0000][1][gc,age       ] GC(260) - age   6:      34536 bytes,     434104 total
[2020-09-11T18:59:10.042+0000][1][gc,heap      ] GC(260) ParNew: 68986K->518K(76672K)
[2020-09-11T18:59:10.042+0000][1][gc,heap      ] GC(260) CMS: 95353K->95355K(439104K)
[2020-09-11T18:59:10.042+0000][1][gc,metaspace ] GC(260) Metaspace: 100843K->100843K(1142784K)
[2020-09-11T18:59:10.042+0000][1][gc           ] GC(260) Pause Young (Allocation Failure) 160M->93M(503M) 9.636ms
[2020-09-11T18:59:10.043+0000][1][gc,cpu       ] GC(260) User=0.00s Sys=0.00s Real=0.01s
[2020-09-11T18:59:10.045+0000][1][safepoint    ] Safepoint "GenCollectForAllocation", Time since last: 785936689 ns, Reaching safepoint: 136116 ns, At safepoint: 11936473 ns, Total: 12072589 ns
[2020-09-11T18:59:11.047+0000][1][safepoint    ] Safepoint "Cleanup", Time since last: 1001741900 ns, Reaching safepoint: 87691 ns, At safepoint: 19786 ns, Total: 107477 ns
[2020-09-11T18:59:12.047+0000][1][safepoint    ] Safepoint "Cleanup", Time since last: 1000135409 ns, Reaching safepoint: 86684 ns, At safepoint: 18236 ns, Total: 104920 ns
[2020-09-11T18:59:13.047+0000][1][safepoint    ] Safepoint "Cleanup", Time since last: 1000130060 ns, Reaching safepoint: 167035 ns, At safepoint: 22665 ns, Total: 189700 ns
[2020-09-11T18:59:14.047+0000][1][safepoint    ] Safepoint "Cleanup", Time since last: 1000109589 ns, Reaching safepoint: 87809 ns, At safepoint: 19725 ns, Total: 107534 ns
[2020-09-11T18:59:15.048+0000][1][safepoint    ] Safepoint "Cleanup", Time since last: 1000107047 ns, Reaching safepoint: 167497 ns, At safepoint: 10798 ns, Total: 178295 ns
[2020-09-11T18:59:15.093+0000][1][safepoint    ] Safepoint "RevokeBias", Time since last: 45130700 ns, Reaching safepoint: 100550 ns, At safepoint: 26928 ns, Total: 127478 ns
[2020-09-11T18:59:16.093+0000][1][safepoint    ] Safepoint "Cleanup", Time since last: 1000106969 ns, Reaching safepoint: 101596 ns, At safepoint: 11609 ns, Total: 113205 ns
[2020-09-11T18:59:17.093+0000][1][safepoint    ] Safepoint "Cleanup", Time since last: 1000116494 ns, Reaching safepoint: 96728 ns, At safepoint: 10490 ns, Total: 107218 ns
[2020-09-11T18:59:18.094+0000][1][safepoint    ] Safepoint "Cleanup", Time since last: 1000114977 ns, Reaching safepoint: 96413 ns, At safepoint: 10677 ns, Total: 107090 ns
[2020-09-11T18:59:18.477+0000][1][safepoint    ] Safepoint "RevokeBias", Time since last: 383200743 ns, Reaching safepoint: 192974 ns, At safepoint: 26411 ns, Total: 219385 ns
[2020-09-11T18:59:19.139+0000][1][safepoint    ] Safepoint "RevokeBias", Time since last: 661341338 ns, Reaching safepoint: 105834 ns, At safepoint: 25571 ns, Total: 131405 ns
[2020-09-11T18:59:19.162+0000][1][safepoint    ] Safepoint "RevokeBias", Time since last: 23036173 ns, Reaching safepoint: 94749 ns, At safepoint: 22344 ns, Total: 117093 ns
[2020-09-11T18:59:19.188+0000][1][safepoint    ] Safepoint "RevokeBias", Time since last: 26619218 ns, Reaching safepoint: 96493 ns, At safepoint: 22281 ns, Total: 118774 ns
[2020-09-11T18:59:19.299+0000][1][safepoint    ] Safepoint "RevokeBias", Time since last: 110491566 ns, Reaching safepoint: 105302 ns, At safepoint: 27937 ns, Total: 133239 ns
[2020-09-11T18:59:19.324+0000][1][safepoint    ] Safepoint "RevokeBias", Time since last: 24443351 ns, Reaching safepoint: 97938 ns, At safepoint: 22138 ns, Total: 120076 ns
[2020-09-11T18:59:19.452+0000][1][safepoint    ] Safepoint "RevokeBias", Time since last: 127871593 ns, Reaching safepoint: 103503 ns, At safepoint: 26572 ns, Total: 130075 ns
[2020-09-11T18:59:20.452+0000][1][safepoint    ] Safepoint "Cleanup", Time since last: 1000109958 ns, Reaching safepoint: 93089 ns, At safepoint: 10853 ns, Total: 103942 ns
[2020-09-11T18:59:21.452+0000][1][safepoint    ] Safepoint "Cleanup", Time since last: 1000113964 ns, Reaching safepoint: 95773 ns, At safepoint: 9949 ns, Total: 105722 ns
[2020-09-11T18:59:22.452+0000][1][safepoint    ] Safepoint "Cleanup", Time since last: 1000116456 ns, Reaching safepoint: 105376 ns, At safepoint: 10589 ns, Total: 115965 ns
[2020-09-11T18:59:23.452+0000][1][safepoint    ] Safepoint "Cleanup", Time since last: 1000135132 ns, Reaching safepoint: 93858 ns, At safepoint: 10868 ns, Total: 104726 ns
[2020-09-11T18:59:24.453+0000][1][safepoint    ] Safepoint "Cleanup", Time since last: 1000111973 ns, Reaching safepoint: 93091 ns, At safepoint: 10913 ns, Total: 104004 ns
[2020-09-11T18:59:25.103+0000][1][safepoint    ] Safepoint "RevokeBias", Time since last: 650243727 ns, Reaching safepoint: 101721 ns, At safepoint: 25000 ns, Total: 126721 ns
[2020-09-11T18:59:26.103+0000][1][safepoint    ] Safepoint "Cleanup", Time since last: 1000114858 ns, Reaching safepoint: 95490 ns, At safepoint: 10589 ns, Total: 106079 ns
[2020-09-11T18:59:27.104+0000][1][safepoint    ] Safepoint "Cleanup", Time since last: 1000129784 ns, Reaching safepoint: 119558 ns, At safepoint: 10824 ns, Total: 130382 ns
[2020-09-11T18:59:28.104+0000][1][safepoint    ] Safepoint "Cleanup", Time since last: 1000112400 ns, Reaching safepoint: 92570 ns, At safepoint: 11007 ns, Total: 103577 ns
[2020-09-11T18:59:28.457+0000][1][safepoint    ] Safepoint "RevokeBias", Time since last: 349503294 ns, Reaching safepoint: 3600221 ns, At safepoint: 53041 ns, Total: 3653262 ns
[2020-09-11T18:59:28.525+0000][1][gc,start     ] GC(261) Pause Young (Allocation Failure)
[2020-09-11T18:59:28.525+0000][1][gc,task      ] GC(261) Using 1 workers of 1 for evacuation
[2020-09-11T18:59:28.535+0000][1][gc,age       ] GC(261) Desired survivor size 4358144 bytes, new threshold 6 (max threshold 6)
[2020-09-11T18:59:28.535+0000][1][gc,age       ] GC(261) Age table with threshold 6 (max threshold 6)
[2020-09-11T18:59:28.535+0000][1][gc,age       ] GC(261) - age   1:     653088 bytes,     653088 total
[2020-09-11T18:59:28.535+0000][1][gc,age       ] GC(261) - age   2:      59264 bytes,     712352 total
[2020-09-11T18:59:28.535+0000][1][gc,age       ] GC(261) - age   3:      39376 bytes,     751728 total
[2020-09-11T18:59:28.535+0000][1][gc,age       ] GC(261) - age   4:     216600 bytes,     968328 total
[2020-09-11T18:59:28.535+0000][1][gc,age       ] GC(261) - age   5:        384 bytes,     968712 total
[2020-09-11T18:59:28.535+0000][1][gc,age       ] GC(261) - age   6:       1312 bytes,     970024 total
[2020-09-11T18:59:28.535+0000][1][gc,heap      ] GC(261) ParNew: 68678K->1148K(76672K)
[2020-09-11T18:59:28.536+0000][1][gc,heap      ] GC(261) CMS: 95355K->95389K(439104K)
[2020-09-11T18:59:28.536+0000][1][gc,metaspace ] GC(261) Metaspace: 100844K->100844K(1142784K)
[2020-09-11T18:59:28.536+0000][1][gc           ] GC(261) Pause Young (Allocation Failure) 160M->94M(503M) 10.698ms
[2020-09-11T18:59:28.536+0000][1][gc,cpu       ] GC(261) User=0.01s Sys=0.00s Real=0.01s
[2020-09-11T18:59:28.538+0000][1][safepoint    ] Safepoint "GenCollectForAllocation", Time since last: 66695761 ns, Reaching safepoint: 1220959 ns, At safepoint: 12919861 ns, Total: 14140820 ns
[2020-09-11T18:59:29.365+0000][1][safepoint    ] Safepoint "RevokeBias", Time since last: 827480498 ns, Reaching safepoint: 102920 ns, At safepoint: 40108 ns, Total: 143028 ns
[2020-09-11T18:59:29.429+0000][1][safepoint    ] Safepoint "RevokeBias", Time since last: 63026376 ns, Reaching safepoint: 103173 ns, At safepoint: 26939 ns, Total: 130112 ns
[2020-09-11T18:59:29.452+0000][1][safepoint    ] Safepoint "RevokeBias", Time since last: 23285882 ns, Reaching safepoint: 102995 ns, At safepoint: 27584 ns, Total: 130579 ns
[2020-09-11T18:59:29.575+0000][1][safepoint    ] Safepoint "RevokeBias", Time since last: 122683120 ns, Reaching safepoint: 101975 ns, At safepoint: 26100 ns, Total: 128075 ns
[2020-09-11T18:59:29.597+0000][1][safepoint    ] Safepoint "BulkRevokeBias", Time since last: 21446370 ns, Reaching safepoint: 100941 ns, At safepoint: 288881 ns, Total: 389822 ns
[2020-09-11T18:59:29.716+0000][1][safepoint    ] Safepoint "RevokeBias", Time since last: 119306654 ns, Reaching safepoint: 105978 ns, At safepoint: 26189 ns, Total: 132167 ns
[2020-09-11T18:59:30.716+0000][1][safepoint    ] Safepoint "Cleanup", Time since last: 1000108223 ns, Reaching safepoint: 93230 ns, At safepoint: 10398 ns, Total: 103628 ns
[2020-09-11T18:59:31.716+0000][1][safepoint    ] Safepoint "Cleanup", Time since last: 1000115546 ns, Reaching safepoint: 101157 ns, At safepoint: 10484 ns, Total: 111641 ns
[2020-09-11T18:59:32.717+0000][1][safepoint    ] Safepoint "Cleanup", Time since last: 1000120808 ns, Reaching safepoint: 96452 ns, At safepoint: 9808 ns, Total: 106260 ns
[2020-09-11T18:59:33.717+0000][1][safepoint    ] Safepoint "Cleanup", Time since last: 1000136160 ns, Reaching safepoint: 97792 ns, At safepoint: 10643 ns, Total: 108435 ns
[2020-09-11T18:59:34.717+0000][1][safepoint    ] Safepoint "Cleanup", Time since last: 1000111663 ns, Reaching safepoint: 97810 ns, At safepoint: 10378 ns, Total: 108188 ns
[2020-09-11T18:59:35.156+0000][1][safepoint    ] Safepoint "RevokeBias", Time since last: 438258631 ns, Reaching safepoint: 110474 ns, At safepoint: 25615 ns, Total: 136089 ns
[2020-09-11T18:59:36.156+0000][1][safepoint    ] Safepoint "Cleanup", Time since last: 1000108823 ns, Reaching safepoint: 92768 ns, At safepoint: 10813 ns, Total: 103581 ns
[2020-09-11T18:59:37.156+0000][1][safepoint    ] Safepoint "Cleanup", Time since last: 1000107596 ns, Reaching safepoint: 94720 ns, At safepoint: 9944 ns, Total: 104664 ns
[2020-09-11T18:59:38.156+0000][1][safepoint    ] Safepoint "Cleanup", Time since last: 1000118617 ns, Reaching safepoint: 94229 ns, At safepoint: 9749 ns, Total: 103978 ns
[2020-09-11T18:59:38.453+0000][1][safepoint    ] Safepoint "RevokeBias", Time since last: 295681445 ns, Reaching safepoint: 963192 ns, At safepoint: 29427 ns, Total: 992619 ns
[2020-09-11T18:59:39.453+0000][1][safepoint    ] Safepoint "Cleanup", Time since last: 1000120619 ns, Reaching safepoint: 97290 ns, At safepoint: 11172 ns, Total: 108462 ns
[2020-09-11T18:59:39.694+0000][1][safepoint    ] Safepoint "RevokeBias", Time since last: 240526076 ns, Reaching safepoint: 177517 ns, At safepoint: 26983 ns, Total: 204500 ns
[2020-09-11T18:59:39.719+0000][1][safepoint    ] Safepoint "RevokeBias", Time since last: 24648965 ns, Reaching safepoint: 179480 ns, At safepoint: 27209 ns, Total: 206689 ns
[2020-09-11T18:59:39.737+0000][1][safepoint    ] Safepoint "RevokeBias", Time since last: 17909315 ns, Reaching safepoint: 98253 ns, At safepoint: 48139 ns, Total: 146392 ns
[2020-09-11T18:59:39.755+0000][1][safepoint    ] Safepoint "RevokeBias", Time since last: 18373923 ns, Reaching safepoint: 98967 ns, At safepoint: 21793 ns, Total: 120760 ns
[2020-09-11T18:59:39.836+0000][1][safepoint    ] Safepoint "RevokeBias", Time since last: 81030798 ns, Reaching safepoint: 104349 ns, At safepoint: 25676 ns, Total: 130025 ns
[2020-09-11T18:59:39.973+0000][1][safepoint    ] Safepoint "RevokeBias", Time since last: 136707637 ns, Reaching safepoint: 105581 ns, At safepoint: 25581 ns, Total: 131162 ns
[2020-09-11T18:59:40.973+0000][1][safepoint    ] Safepoint "Cleanup", Time since last: 1000105097 ns, Reaching safepoint: 96832 ns, At safepoint: 10597 ns, Total: 107429 ns
[2020-09-11T18:59:41.974+0000][1][safepoint    ] Safepoint "Cleanup", Time since last: 1000112303 ns, Reaching safepoint: 96588 ns, At safepoint: 10953 ns, Total: 107541 ns
[2020-09-11T18:59:42.974+0000][1][safepoint    ] Safepoint "Cleanup", Time since last: 1000112283 ns, Reaching safepoint: 94160 ns, At safepoint: 10015 ns, Total: 104175 ns
[2020-09-11T18:59:43.974+0000][1][safepoint    ] Safepoint "Cleanup", Time since last: 1000115483 ns, Reaching safepoint: 94761 ns, At safepoint: 10326 ns, Total: 105087 ns
[2020-09-11T18:59:44.974+0000][1][safepoint    ] Safepoint "Cleanup", Time since last: 1000111826 ns, Reaching safepoint: 94344 ns, At safepoint: 10442 ns, Total: 104786 ns
[2020-09-11T18:59:45.101+0000][1][safepoint    ] Safepoint "RevokeBias", Time since last: 126767272 ns, Reaching safepoint: 100340 ns, At safepoint: 24924 ns, Total: 125264 ns
[2020-09-11T18:59:46.101+0000][1][safepoint    ] Safepoint "Cleanup", Time since last: 1000106681 ns, Reaching safepoint: 96057 ns, At safepoint: 10257 ns, Total: 106314 ns
[2020-09-11T18:59:47.102+0000][1][safepoint    ] Safepoint "Cleanup", Time since last: 1000118415 ns, Reaching safepoint: 94390 ns, At safepoint: 10092 ns, Total: 104482 ns
[2020-09-11T18:59:48.102+0000][1][safepoint    ] Safepoint "Cleanup", Time since last: 1000115088 ns, Reaching safepoint: 92149 ns, At safepoint: 19400 ns, Total: 111549 ns
[2020-09-11T18:59:48.471+0000][1][safepoint    ] Safepoint "RevokeBias", Time since last: 367800888 ns, Reaching safepoint: 1268958 ns, At safepoint: 24517 ns, Total: 1293475 ns
[2020-09-11T18:59:48.525+0000][1][gc,start     ] GC(262) Pause Young (Allocation Failure)
[2020-09-11T18:59:48.525+0000][1][gc,task      ] GC(262) Using 1 workers of 1 for evacuation
[2020-09-11T18:59:48.535+0000][1][gc,age       ] GC(262) Desired survivor size 4358144 bytes, new threshold 6 (max threshold 6)
[2020-09-11T18:59:48.535+0000][1][gc,age       ] GC(262) Age table with threshold 6 (max threshold 6)
[2020-09-11T18:59:48.535+0000][1][gc,age       ] GC(262) - age   1:     597272 bytes,     597272 total
[2020-09-11T18:59:48.535+0000][1][gc,age       ] GC(262) - age   2:      35576 bytes,     632848 total
[2020-09-11T18:59:48.535+0000][1][gc,age       ] GC(262) - age   3:      56760 bytes,     689608 total
[2020-09-11T18:59:48.535+0000][1][gc,age       ] GC(262) - age   4:       8376 bytes,     697984 total
[2020-09-11T18:59:48.535+0000][1][gc,age       ] GC(262) - age   5:     214440 bytes,     912424 total
[2020-09-11T18:59:48.535+0000][1][gc,age       ] GC(262) - age   6:         88 bytes,     912512 total
[2020-09-11T18:59:48.535+0000][1][gc,heap      ] GC(262) ParNew: 69308K->1612K(76672K)
[2020-09-11T18:59:48.535+0000][1][gc,heap      ] GC(262) CMS: 95389K->95390K(439104K)
[2020-09-11T18:59:48.535+0000][1][gc,metaspace ] GC(262) Metaspace: 100844K->100844K(1142784K)
[2020-09-11T18:59:48.535+0000][1][gc           ] GC(262) Pause Young (Allocation Failure) 160M->94M(503M) 9.686ms
[2020-09-11T18:59:48.535+0000][1][gc,cpu       ] GC(262) User=0.00s Sys=0.00s Real=0.01s
[2020-09-11T18:59:48.544+0000][1][safepoint    ] Safepoint "GenCollectForAllocation", Time since last: 53794082 ns, Reaching safepoint: 197963 ns, At safepoint: 19222143 ns, Total: 19420106 ns
[2020-09-11T18:59:49.557+0000][1][safepoint    ] Safepoint "Cleanup", Time since last: 1012680389 ns, Reaching safepoint: 124393 ns, At safepoint: 12631 ns, Total: 137024 ns
[2020-09-11T18:59:49.844+0000][1][safepoint    ] Safepoint "RevokeBias", Time since last: 287218028 ns, Reaching safepoint: 180491 ns, At safepoint: 27617 ns, Total: 208108 ns
[2020-09-11T18:59:49.880+0000][1][safepoint    ] Safepoint "RevokeBias", Time since last: 35396831 ns, Reaching safepoint: 175678 ns, At safepoint: 25224 ns, Total: 200902 ns
[2020-09-11T18:59:49.899+0000][1][safepoint    ] Safepoint "RevokeBias", Time since last: 19139692 ns, Reaching safepoint: 173626 ns, At safepoint: 24090 ns, Total: 197716 ns
[2020-09-11T18:59:49.993+0000][1][safepoint    ] Safepoint "RevokeBias", Time since last: 93240483 ns, Reaching safepoint: 101065 ns, At safepoint: 51590 ns, Total: 152655 ns
[2020-09-11T18:59:50.025+0000][1][safepoint    ] Safepoint "RevokeBias", Time since last: 32460673 ns, Reaching safepoint: 104354 ns, At safepoint: 26104 ns, Total: 130458 ns
[2020-09-11T18:59:50.151+0000][1][safepoint    ] Safepoint "RevokeBias", Time since last: 125835771 ns, Reaching safepoint: 104090 ns, At safepoint: 27155 ns, Total: 131245 ns
[2020-09-11T18:59:51.152+0000][1][safepoint    ] Safepoint "Cleanup", Time since last: 1000109140 ns, Reaching safepoint: 95905 ns, At safepoint: 10664 ns, Total: 106569 ns
[2020-09-11T18:59:52.152+0000][1][safepoint    ] Safepoint "Cleanup", Time since last: 1000155612 ns, Reaching safepoint: 94783 ns, At safepoint: 10380 ns, Total: 105163 ns
[2020-09-11T18:59:53.152+0000][1][safepoint    ] Safepoint "Cleanup", Time since last: 1000111274 ns, Reaching safepoint: 94403 ns, At safepoint: 9118 ns, Total: 103521 ns
[2020-09-11T18:59:54.152+0000][1][safepoint    ] Safepoint "Cleanup", Time since last: 1000119285 ns, Reaching safepoint: 105624 ns, At safepoint: 9940 ns, Total: 115564 ns
[2020-09-11T18:59:55.122+0000][1][safepoint    ] Safepoint "RevokeBias", Time since last: 969456926 ns, Reaching safepoint: 102473 ns, At safepoint: 26430 ns, Total: 128903 ns
[2020-09-11T18:59:56.122+0000][1][safepoint    ] Safepoint "Cleanup", Time since last: 1000111677 ns, Reaching safepoint: 106401 ns, At safepoint: 10637 ns, Total: 117038 ns
[2020-09-11T18:59:57.122+0000][1][safepoint    ] Safepoint "Cleanup", Time since last: 1000111649 ns, Reaching safepoint: 95418 ns, At safepoint: 10236 ns, Total: 105654 ns
[2020-09-11T18:59:58.123+0000][1][safepoint    ] Safepoint "Cleanup", Time since last: 1000115551 ns, Reaching safepoint: 115685 ns, At safepoint: 10023 ns, Total: 125708 ns
[2020-09-11T18:59:58.551+0000][1][safepoint    ] Safepoint "RevokeBias", Time since last: 428208039 ns, Reaching safepoint: 190852 ns, At safepoint: 28158 ns, Total: 219010 ns
[2020-09-11T18:59:59.551+0000][1][safepoint    ] Safepoint "Cleanup", Time since last: 1000111092 ns, Reaching safepoint: 97014 ns, At safepoint: 10494 ns, Total: 107508 ns
[2020-09-11T19:00:00.059+0000][1][safepoint    ] Safepoint "RevokeBias", Time since last: 507960446 ns, Reaching safepoint: 181600 ns, At safepoint: 26528 ns, Total: 208128 ns
[2020-09-11T19:00:00.102+0000][1][safepoint    ] Safepoint "RevokeBias", Time since last: 42258377 ns, Reaching safepoint: 112660 ns, At safepoint: 26205 ns, Total: 138865 ns
[2020-09-11T19:00:00.153+0000][1][safepoint    ] Safepoint "RevokeBias", Time since last: 51172474 ns, Reaching safepoint: 103258 ns, At safepoint: 24468 ns, Total: 127726 ns
[2020-09-11T19:00:00.177+0000][1][safepoint    ] Safepoint "RevokeBias", Time since last: 23784131 ns, Reaching safepoint: 104152 ns, At safepoint: 26488 ns, Total: 130640 ns
[2020-09-11T19:00:00.199+0000][1][safepoint    ] Safepoint "RevokeBias", Time since last: 22015516 ns, Reaching safepoint: 97607 ns, At safepoint: 21328 ns, Total: 118935 ns
[2020-09-11T19:00:00.385+0000][1][safepoint    ] Safepoint "RevokeBias", Time since last: 186191860 ns, Reaching safepoint: 101921 ns, At safepoint: 27039 ns, Total: 128960 ns
[2020-09-11T19:00:01.386+0000][1][safepoint    ] Safepoint "Cleanup", Time since last: 1000115649 ns, Reaching safepoint: 93806 ns, At safepoint: 10848 ns, Total: 104654 ns
[2020-09-11T19:00:02.386+0000][1][safepoint    ] Safepoint "Cleanup", Time since last: 1000114899 ns, Reaching safepoint: 97027 ns, At safepoint: 10755 ns, Total: 107782 ns
[2020-09-11T19:00:03.386+0000][1][safepoint    ] Safepoint "Cleanup", Time since last: 1000112625 ns, Reaching safepoint: 92285 ns, At safepoint: 11191 ns, Total: 103476 ns
[2020-09-11T19:00:04.386+0000][1][safepoint    ] Safepoint "Cleanup", Time since last: 1000127761 ns, Reaching safepoint: 100447 ns, At safepoint: 11671 ns, Total: 112118 ns
[2020-09-11T19:00:05.101+0000][1][safepoint    ] Safepoint "RevokeBias", Time since last: 714541555 ns, Reaching safepoint: 181526 ns, At safepoint: 26434 ns, Total: 207960 ns
[2020-09-11T19:00:06.101+0000][1][safepoint    ] Safepoint "Cleanup", Time since last: 1000106074 ns, Reaching safepoint: 97155 ns, At safepoint: 11386 ns, Total: 108541 ns
[2020-09-11T19:00:07.102+0000][1][safepoint    ] Safepoint "Cleanup", Time since last: 1000127887 ns, Reaching safepoint: 93931 ns, At safepoint: 10684 ns, Total: 104615 ns
[2020-09-11T19:00:08.102+0000][1][safepoint    ] Safepoint "Cleanup", Time since last: 1000117764 ns, Reaching safepoint: 95592 ns, At safepoint: 10924 ns, Total: 106516 ns
[2020-09-11T19:00:08.476+0000][1][safepoint    ] Safepoint "RevokeBias", Time since last: 371561917 ns, Reaching safepoint: 2226908 ns, At safepoint: 27564 ns, Total: 2254472 ns
[2020-09-11T19:00:08.607+0000][1][gc,start     ] GC(263) Pause Young (Allocation Failure)
[2020-09-11T19:00:08.607+0000][1][gc,task      ] GC(263) Using 1 workers of 1 for evacuation
[2020-09-11T19:00:08.623+0000][1][gc,age       ] GC(263) Desired survivor size 4358144 bytes, new threshold 6 (max threshold 6)
[2020-09-11T19:00:08.623+0000][1][gc,age       ] GC(263) Age table with threshold 6 (max threshold 6)
[2020-09-11T19:00:08.623+0000][1][gc,age       ] GC(263) - age   1:     679912 bytes,     679912 total
[2020-09-11T19:00:08.623+0000][1][gc,age       ] GC(263) - age   2:      39624 bytes,     719536 total
[2020-09-11T19:00:08.623+0000][1][gc,age       ] GC(263) - age   3:      17824 bytes,     737360 total
[2020-09-11T19:00:08.623+0000][1][gc,age       ] GC(263) - age   4:      11808 bytes,     749168 total
[2020-09-11T19:00:08.623+0000][1][gc,age       ] GC(263) - age   5:       2040 bytes,     751208 total
[2020-09-11T19:00:08.623+0000][1][gc,age       ] GC(263) - age   6:     195544 bytes,     946752 total
[2020-09-11T19:00:08.623+0000][1][gc,heap      ] GC(263) ParNew: 69772K->1071K(76672K)
[2020-09-11T19:00:08.623+0000][1][gc,heap      ] GC(263) CMS: 95390K->95390K(439104K)
[2020-09-11T19:00:08.623+0000][1][gc,metaspace ] GC(263) Metaspace: 100844K->100844K(1142784K)
[2020-09-11T19:00:08.623+0000][1][gc           ] GC(263) Pause Young (Allocation Failure) 161M->94M(503M) 16.140ms
[2020-09-11T19:00:08.623+0000][1][gc,cpu       ] GC(263) User=0.00s Sys=0.00s Real=0.02s
[2020-09-11T19:00:08.629+0000][1][safepoint    ] Safepoint "GenCollectForAllocation", Time since last: 131099939 ns, Reaching safepoint: 202110 ns, At safepoint: 22025135 ns, Total: 22227245 ns
[2020-09-11T19:00:09.648+0000][1][safepoint    ] Safepoint "Cleanup", Time since last: 1018729257 ns, Reaching safepoint: 94061 ns, At safepoint: 9220 ns, Total: 103281 ns
[2020-09-11T19:00:10.213+0000][1][safepoint    ] Safepoint "RevokeBias", Time since last: 565567162 ns, Reaching safepoint: 101520 ns, At safepoint: 26879 ns, Total: 128399 ns
[2020-09-11T19:00:10.240+0000][1][safepoint    ] Safepoint "RevokeBias", Time since last: 26333206 ns, Reaching safepoint: 106407 ns, At safepoint: 28116 ns, Total: 134523 ns
[2020-09-11T19:00:10.269+0000][1][safepoint    ] Safepoint "RevokeBias", Time since last: 29085943 ns, Reaching safepoint: 100635 ns, At safepoint: 36994 ns, Total: 137629 ns
[2020-09-11T19:00:10.388+0000][1][safepoint    ] Safepoint "RevokeBias", Time since last: 118925047 ns, Reaching safepoint: 111210 ns, At safepoint: 26925 ns, Total: 138135 ns
[2020-09-11T19:00:10.419+0000][1][safepoint    ] Safepoint "RevokeBias", Time since last: 30969180 ns, Reaching safepoint: 104650 ns, At safepoint: 26940 ns, Total: 131590 ns
[2020-09-11T19:00:10.540+0000][1][safepoint    ] Safepoint "RevokeBias", Time since last: 120949179 ns, Reaching safepoint: 98834 ns, At safepoint: 26427 ns, Total: 125261 ns
[2020-09-11T19:00:11.541+0000][1][safepoint    ] Safepoint "Cleanup", Time since last: 1000109546 ns, Reaching safepoint: 112258 ns, At safepoint: 10821 ns, Total: 123079 ns
[2020-09-11T19:00:12.541+0000][1][safepoint    ] Safepoint "Cleanup", Time since last: 1000130225 ns, Reaching safepoint: 218863 ns, At safepoint: 13830 ns, Total: 232693 ns
[2020-09-11T19:00:13.541+0000][1][safepoint    ] Safepoint "Cleanup", Time since last: 1000114123 ns, Reaching safepoint: 94939 ns, At safepoint: 10100 ns, Total: 105039 ns
[2020-09-11T19:00:14.541+0000][1][safepoint    ] Safepoint "Cleanup", Time since last: 1000111978 ns, Reaching safepoint: 93028 ns, At safepoint: 10057 ns, Total: 103085 ns
[2020-09-11T19:00:15.101+0000][1][safepoint    ] Safepoint "RevokeBias", Time since last: 559660773 ns, Reaching safepoint: 178085 ns, At safepoint: 28127 ns, Total: 206212 ns
[2020-09-11T19:00:16.101+0000][1][safepoint    ] Safepoint "Cleanup", Time since last: 1000106240 ns, Reaching safepoint: 99215 ns, At safepoint: 11650 ns, Total: 110865 ns
[2020-09-11T19:00:17.102+0000][1][safepoint    ] Safepoint "Cleanup", Time since last: 1000113433 ns, Reaching safepoint: 101396 ns, At safepoint: 11064 ns, Total: 112460 ns
[2020-09-11T19:00:18.102+0000][1][safepoint    ] Safepoint "Cleanup", Time since last: 1000118350 ns, Reaching safepoint: 95849 ns, At safepoint: 11412 ns, Total: 107261 ns
[2020-09-11T19:00:18.471+0000][1][safepoint    ] Safepoint "RevokeBias", Time since last: 366531480 ns, Reaching safepoint: 2129778 ns, At safepoint: 28883 ns, Total: 2158661 ns
[2020-09-11T19:00:19.471+0000][1][safepoint    ] Safepoint "Cleanup", Time since last: 1000112053 ns, Reaching safepoint: 95563 ns, At safepoint: 10462 ns, Total: 106025 ns
[2020-09-11T19:00:20.444+0000][1][safepoint    ] Safepoint "RevokeBias", Time since last: 972807456 ns, Reaching safepoint: 102352 ns, At safepoint: 27150 ns, Total: 129502 ns
[2020-09-11T19:00:20.471+0000][1][safepoint    ] Safepoint "RevokeBias", Time since last: 26881741 ns, Reaching safepoint: 101903 ns, At safepoint: 25905 ns, Total: 127808 ns
[2020-09-11T19:00:20.534+0000][1][safepoint    ] Safepoint "RevokeBias", Time since last: 63129940 ns, Reaching safepoint: 97003 ns, At safepoint: 27809 ns, Total: 124812 ns
[2020-09-11T19:00:20.559+0000][1][safepoint    ] Safepoint "RevokeBias", Time since last: 24568263 ns, Reaching safepoint: 101851 ns, At safepoint: 26930 ns, Total: 128781 ns
[2020-09-11T19:00:20.596+0000][1][safepoint    ] Safepoint "BulkRevokeBias", Time since last: 36709955 ns, Reaching safepoint: 110002 ns, At safepoint: 311677 ns, Total: 421679 ns
[2020-09-11T19:00:20.725+0000][1][safepoint    ] Safepoint "RevokeBias", Time since last: 128668822 ns, Reaching safepoint: 183815 ns, At safepoint: 25958 ns, Total: 209773 ns
[2020-09-11T19:00:20.806+0000][1][gc,start     ] GC(264) Pause Young (Allocation Failure)
[2020-09-11T19:00:20.811+0000][1][gc,task      ] GC(264) Using 1 workers of 1 for evacuation
[2020-09-11T19:00:20.829+0000][1][gc,age       ] GC(264) Desired survivor size 4358144 bytes, new threshold 6 (max threshold 6)
[2020-09-11T19:00:20.829+0000][1][gc,age       ] GC(264) Age table with threshold 6 (max threshold 6)
[2020-09-11T19:00:20.829+0000][1][gc,age       ] GC(264) - age   1:     112256 bytes,     112256 total
[2020-09-11T19:00:20.829+0000][1][gc,age       ] GC(264) - age   2:      87880 bytes,     200136 total
[2020-09-11T19:00:20.829+0000][1][gc,age       ] GC(264) - age   3:      27064 bytes,     227200 total
[2020-09-11T19:00:20.829+0000][1][gc,age       ] GC(264) - age   4:       2840 bytes,     230040 total
[2020-09-11T19:00:20.829+0000][1][gc,age       ] GC(264) - age   5:       3616 bytes,     233656 total
[2020-09-11T19:00:20.829+0000][1][gc,age       ] GC(264) - age   6:       1768 bytes,     235424 total
[2020-09-11T19:00:20.829+0000][1][gc,heap      ] GC(264) ParNew: 69231K->827K(76672K)
[2020-09-11T19:00:20.829+0000][1][gc,heap      ] GC(264) CMS: 95390K->95589K(439104K)
[2020-09-11T19:00:20.829+0000][1][gc,metaspace ] GC(264) Metaspace: 100848K->100848K(1142784K)
[2020-09-11T19:00:20.829+0000][1][gc           ] GC(264) Pause Young (Allocation Failure) 160M->94M(503M) 23.600ms
[2020-09-11T19:00:20.830+0000][1][gc,cpu       ] GC(264) User=0.01s Sys=0.00s Real=0.02s
[2020-09-11T19:00:20.830+0000][1][safepoint    ] Safepoint "GenCollectForAllocation", Time since last: 81048279 ns, Reaching safepoint: 90948 ns, At safepoint: 23686285 ns, Total: 23777233 ns
[2020-09-11T19:00:21.831+0000][1][safepoint    ] Safepoint "Cleanup", Time since last: 1001160898 ns, Reaching safepoint: 116368 ns, At safepoint: 21738 ns, Total: 138106 ns
[2020-09-11T19:00:22.831+0000][1][safepoint    ] Safepoint "Cleanup", Time since last: 1000107342 ns, Reaching safepoint: 101727 ns, At safepoint: 20340 ns, Total: 122067 ns
[2020-09-11T19:00:23.831+0000][1][safepoint    ] Safepoint "Cleanup", Time since last: 1000115229 ns, Reaching safepoint: 99419 ns, At safepoint: 24994 ns, Total: 124413 ns
[2020-09-11T19:00:24.832+0000][1][safepoint    ] Safepoint "Cleanup", Time since last: 1000111356 ns, Reaching safepoint: 96200 ns, At safepoint: 30363 ns, Total: 126563 ns
[2020-09-11T19:00:25.124+0000][1][safepoint    ] Safepoint "RevokeBias", Time since last: 292051454 ns, Reaching safepoint: 116830 ns, At safepoint: 43460 ns, Total: 160290 ns
[2020-09-11T19:00:26.124+0000][1][safepoint    ] Safepoint "Cleanup", Time since last: 1000129025 ns, Reaching safepoint: 96917 ns, At safepoint: 10490 ns, Total: 107407 ns
[2020-09-11T19:00:27.124+0000][1][safepoint    ] Safepoint "Cleanup", Time since last: 1000261044 ns, Reaching safepoint: 95525 ns, At safepoint: 10103 ns, Total: 105628 ns
[2020-09-11T19:00:28.125+0000][1][safepoint    ] Safepoint "Cleanup", Time since last: 1000395093 ns, Reaching safepoint: 97927 ns, At safepoint: 10925 ns, Total: 108852 ns
[2020-09-11T19:00:28.465+0000][1][safepoint    ] Safepoint "RevokeBias", Time since last: 337272735 ns, Reaching safepoint: 2734234 ns, At safepoint: 32913 ns, Total: 2767147 ns
[2020-09-11T19:00:29.465+0000][1][safepoint    ] Safepoint "Cleanup", Time since last: 1000118250 ns, Reaching safepoint: 101323 ns, At safepoint: 10308 ns, Total: 111631 ns
[2020-09-11T19:00:30.465+0000][1][safepoint    ] Safepoint "Cleanup", Time since last: 1000112164 ns, Reaching safepoint: 95515 ns, At safepoint: 10370 ns, Total: 105885 ns
[2020-09-11T19:00:30.739+0000][1][safepoint    ] Safepoint "RevokeBias", Time since last: 273872090 ns, Reaching safepoint: 99624 ns, At safepoint: 25161 ns, Total: 124785 ns
[2020-09-11T19:00:30.788+0000][1][safepoint    ] Safepoint "RevokeBias", Time since last: 48855942 ns, Reaching safepoint: 96046 ns, At safepoint: 22063 ns, Total: 118109 ns
[2020-09-11T19:00:30.814+0000][1][safepoint    ] Safepoint "RevokeBias", Time since last: 25456969 ns, Reaching safepoint: 96187 ns, At safepoint: 21958 ns, Total: 118145 ns
[2020-09-11T19:00:30.844+0000][1][safepoint    ] Safepoint "RevokeBias", Time since last: 29561549 ns, Reaching safepoint: 96134 ns, At safepoint: 23239 ns, Total: 119373 ns
[2020-09-11T19:00:31.075+0000][1][safepoint    ] Safepoint "RevokeBias", Time since last: 231086819 ns, Reaching safepoint: 134016 ns, At safepoint: 28960 ns, Total: 162976 ns
[2020-09-11T19:00:31.239+0000][1][safepoint    ] Safepoint "RevokeBias", Time since last: 163846202 ns, Reaching safepoint: 101795 ns, At safepoint: 27156 ns, Total: 128951 ns
[2020-09-11T19:00:32.239+0000][1][safepoint    ] Safepoint "Cleanup", Time since last: 1000119065 ns, Reaching safepoint: 97578 ns, At safepoint: 11719 ns, Total: 109297 ns
[2020-09-11T19:00:33.239+0000][1][safepoint    ] Safepoint "Cleanup", Time since last: 1000117696 ns, Reaching safepoint: 92551 ns, At safepoint: 11196 ns, Total: 103747 ns
[2020-09-11T19:00:34.239+0000][1][safepoint    ] Safepoint "Cleanup", Time since last: 1000116546 ns, Reaching safepoint: 93344 ns, At safepoint: 11200 ns, Total: 104544 ns
[2020-09-11T19:00:35.102+0000][1][safepoint    ] Safepoint "RevokeBias", Time since last: 862267452 ns, Reaching safepoint: 175673 ns, At safepoint: 26628 ns, Total: 202301 ns
[2020-09-11T19:00:36.102+0000][1][safepoint    ] Safepoint "Cleanup", Time since last: 1000104354 ns, Reaching safepoint: 114977 ns, At safepoint: 10236 ns, Total: 125213 ns
[2020-09-11T19:00:37.102+0000][1][safepoint    ] Safepoint "Cleanup", Time since last: 1000134371 ns, Reaching safepoint: 95865 ns, At safepoint: 11037 ns, Total: 106902 ns
[2020-09-11T19:00:38.103+0000][1][safepoint    ] Safepoint "Cleanup", Time since last: 1000117162 ns, Reaching safepoint: 93734 ns, At safepoint: 10830 ns, Total: 104564 ns
[2020-09-11T19:00:38.468+0000][1][safepoint    ] Safepoint "RevokeBias", Time since last: 365142462 ns, Reaching safepoint: 191923 ns, At safepoint: 24179 ns, Total: 216102 ns
[2020-09-11T19:00:39.468+0000][1][safepoint    ] Safepoint "Cleanup", Time since last: 1000103080 ns, Reaching safepoint: 116978 ns, At safepoint: 12498 ns, Total: 129476 ns
[2020-09-11T19:00:40.468+0000][1][safepoint    ] Safepoint "Cleanup", Time since last: 1000111137 ns, Reaching safepoint: 94688 ns, At safepoint: 9460 ns, Total: 104148 ns
[2020-09-11T19:00:40.897+0000][1][safepoint    ] Safepoint "RevokeBias", Time since last: 428233151 ns, Reaching safepoint: 260695 ns, At safepoint: 28975 ns, Total: 289670 ns
[2020-09-11T19:00:40.912+0000][1][gc,start     ] GC(265) Pause Young (Allocation Failure)
[2020-09-11T19:00:40.912+0000][1][gc,task      ] GC(265) Using 1 workers of 1 for evacuation
[2020-09-11T19:00:40.916+0000][1][gc,age       ] GC(265) Desired survivor size 4358144 bytes, new threshold 6 (max threshold 6)
[2020-09-11T19:00:40.916+0000][1][gc,age       ] GC(265) Age table with threshold 6 (max threshold 6)
[2020-09-11T19:00:40.916+0000][1][gc,age       ] GC(265) - age   1:     150736 bytes,     150736 total
[2020-09-11T19:00:40.917+0000][1][gc,age       ] GC(265) - age   2:      67280 bytes,     218016 total
[2020-09-11T19:00:40.917+0000][1][gc,age       ] GC(265) - age   3:      62672 bytes,     280688 total
[2020-09-11T19:00:40.917+0000][1][gc,age       ] GC(265) - age   4:       7848 bytes,     288536 total
[2020-09-11T19:00:40.917+0000][1][gc,age       ] GC(265) - age   5:       2840 bytes,     291376 total
[2020-09-11T19:00:40.917+0000][1][gc,age       ] GC(265) - age   6:       2376 bytes,     293752 total
[2020-09-11T19:00:40.917+0000][1][gc,heap      ] GC(265) ParNew: 68965K->297K(76672K)
[2020-09-11T19:00:40.917+0000][1][gc,heap      ] GC(265) CMS: 95589K->95590K(439104K)
[2020-09-11T19:00:40.917+0000][1][gc,metaspace ] GC(265) Metaspace: 100850K->100850K(1142784K)
[2020-09-11T19:00:40.917+0000][1][gc           ] GC(265) Pause Young (Allocation Failure) 160M->93M(503M) 4.708ms
[2020-09-11T19:00:40.917+0000][1][gc,cpu       ] GC(265) User=0.01s Sys=0.00s Real=0.01s
[2020-09-11T19:00:40.921+0000][1][safepoint    ] Safepoint "GenCollectForAllocation", Time since last: 14686024 ns, Reaching safepoint: 202235 ns, At safepoint: 8998165 ns, Total: 9200400 ns
[2020-09-11T19:00:40.936+0000][1][safepoint    ] Safepoint "RevokeBias", Time since last: 14658000 ns, Reaching safepoint: 97042 ns, At safepoint: 34585 ns, Total: 131627 ns
[2020-09-11T19:00:40.965+0000][1][safepoint    ] Safepoint "RevokeBias", Time since last: 29375708 ns, Reaching safepoint: 98190 ns, At safepoint: 35557 ns, Total: 133747 ns
[2020-09-11T19:00:40.998+0000][1][safepoint    ] Safepoint "RevokeBias", Time since last: 32633857 ns, Reaching safepoint: 96537 ns, At safepoint: 35201 ns, Total: 131738 ns
[2020-09-11T19:00:41.124+0000][1][safepoint    ] Safepoint "RevokeBias", Time since last: 125932514 ns, Reaching safepoint: 100405 ns, At safepoint: 40014 ns, Total: 140419 ns
[2020-09-11T19:00:41.274+0000][1][safepoint    ] Safepoint "RevokeBias", Time since last: 150302919 ns, Reaching safepoint: 97384 ns, At safepoint: 21460 ns, Total: 118844 ns
[2020-09-11T19:00:42.275+0000][1][safepoint    ] Safepoint "Cleanup", Time since last: 1000112176 ns, Reaching safepoint: 98165 ns, At safepoint: 10946 ns, Total: 109111 ns
[2020-09-11T19:00:43.275+0000][1][safepoint    ] Safepoint "Cleanup", Time since last: 1000113373 ns, Reaching safepoint: 94753 ns, At safepoint: 10648 ns, Total: 105401 ns
[2020-09-11T19:00:44.275+0000][1][safepoint    ] Safepoint "Cleanup", Time since last: 1000117560 ns, Reaching safepoint: 93787 ns, At safepoint: 10707 ns, Total: 104494 ns
[2020-09-11T19:00:45.106+0000][1][safepoint    ] Safepoint "RevokeBias", Time since last: 830433603 ns, Reaching safepoint: 179756 ns, At safepoint: 25897 ns, Total: 205653 ns
[2020-09-11T19:00:46.106+0000][1][safepoint    ] Safepoint "Cleanup", Time since last: 1000109008 ns, Reaching safepoint: 101626 ns, At safepoint: 10565 ns, Total: 112191 ns
[2020-09-11T19:00:47.106+0000][1][safepoint    ] Safepoint "Cleanup", Time since last: 1000116225 ns, Reaching safepoint: 91798 ns, At safepoint: 11206 ns, Total: 103004 ns
[2020-09-11T19:00:48.106+0000][1][safepoint    ] Safepoint "Cleanup", Time since last: 1000181781 ns, Reaching safepoint: 124894 ns, At safepoint: 10664 ns, Total: 135558 ns
[2020-09-11T19:00:48.670+0000][1][safepoint    ] Safepoint "RevokeBias", Time since last: 562336521 ns, Reaching safepoint: 1208972 ns, At safepoint: 29486 ns, Total: 1238458 ns
[2020-09-11T19:00:49.670+0000][1][safepoint    ] Safepoint "Cleanup", Time since last: 1000143312 ns, Reaching safepoint: 96214 ns, At safepoint: 10813 ns, Total: 107027 ns
[2020-09-11T19:00:50.671+0000][1][safepoint    ] Safepoint "Cleanup", Time since last: 1000116887 ns, Reaching safepoint: 95189 ns, At safepoint: 11169 ns, Total: 106358 ns
[2020-09-11T19:00:51.050+0000][1][safepoint    ] Safepoint "RevokeBias", Time since last: 378945839 ns, Reaching safepoint: 103111 ns, At safepoint: 27431 ns, Total: 130542 ns
[2020-09-11T19:00:51.072+0000][1][safepoint    ] Safepoint "RevokeBias", Time since last: 21868845 ns, Reaching safepoint: 101314 ns, At safepoint: 25757 ns, Total: 127071 ns
[2020-09-11T19:00:51.101+0000][1][safepoint    ] Safepoint "RevokeBias", Time since last: 29512216 ns, Reaching safepoint: 102745 ns, At safepoint: 26580 ns, Total: 129325 ns
[2020-09-11T19:00:51.149+0000][1][safepoint    ] Safepoint "RevokeBias", Time since last: 47849293 ns, Reaching safepoint: 103317 ns, At safepoint: 27588 ns, Total: 130905 ns
[2020-09-11T19:00:51.225+0000][1][safepoint    ] Safepoint "RevokeBias", Time since last: 75910557 ns, Reaching safepoint: 100436 ns, At safepoint: 21529 ns, Total: 121965 ns
[2020-09-11T19:00:51.343+0000][1][safepoint    ] Safepoint "RevokeBias", Time since last: 117147552 ns, Reaching safepoint: 101109 ns, At safepoint: 26152 ns, Total: 127261 ns
[2020-09-11T19:00:52.343+0000][1][safepoint    ] Safepoint "Cleanup", Time since last: 1000084882 ns, Reaching safepoint: 87929 ns, At safepoint: 7730 ns, Total: 95659 ns
[2020-09-11T19:00:53.343+0000][1][safepoint    ] Safepoint "Cleanup", Time since last: 1000130913 ns, Reaching safepoint: 92513 ns, At safepoint: 9398 ns, Total: 101911 ns
[2020-09-11T19:00:54.343+0000][1][safepoint    ] Safepoint "Cleanup", Time since last: 1000107936 ns, Reaching safepoint: 90923 ns, At safepoint: 8526 ns, Total: 99449 ns
[2020-09-11T19:00:55.107+0000][1][safepoint    ] Safepoint "RevokeBias", Time since last: 763451371 ns, Reaching safepoint: 181774 ns, At safepoint: 27825 ns, Total: 209599 ns
[2020-09-11T19:00:56.107+0000][1][safepoint    ] Safepoint "Cleanup", Time since last: 1000110780 ns, Reaching safepoint: 96362 ns, At safepoint: 11171 ns, Total: 107533 ns
[2020-09-11T19:00:57.107+0000][1][safepoint    ] Safepoint "Cleanup", Time since last: 1000116971 ns, Reaching safepoint: 96113 ns, At safepoint: 10114 ns, Total: 106227 ns
[2020-09-11T19:00:58.107+0000][1][safepoint    ] Safepoint "Cleanup", Time since last: 1000120247 ns, Reaching safepoint: 95199 ns, At safepoint: 10096 ns, Total: 105295 ns
[2020-09-11T19:00:58.461+0000][1][safepoint    ] Safepoint "RevokeBias", Time since last: 350448698 ns, Reaching safepoint: 2966256 ns, At safepoint: 32741 ns, Total: 2998997 ns
[2020-09-11T19:00:58.647+0000][1][gc,start     ] GC(266) Pause Young (Allocation Failure)
[2020-09-11T19:00:58.647+0000][1][gc,task      ] GC(266) Using 1 workers of 1 for evacuation
[2020-09-11T19:00:58.652+0000][1][gc,age       ] GC(266) Desired survivor size 4358144 bytes, new threshold 6 (max threshold 6)
[2020-09-11T19:00:58.652+0000][1][gc,age       ] GC(266) Age table with threshold 6 (max threshold 6)
[2020-09-11T19:00:58.652+0000][1][gc,age       ] GC(266) - age   1:      98584 bytes,      98584 total
[2020-09-11T19:00:58.652+0000][1][gc,age       ] GC(266) - age   2:      49288 bytes,     147872 total
[2020-09-11T19:00:58.652+0000][1][gc,age       ] GC(266) - age   3:      48400 bytes,     196272 total
[2020-09-11T19:00:58.652+0000][1][gc,age       ] GC(266) - age   4:      50104 bytes,     246376 total
[2020-09-11T19:00:58.652+0000][1][gc,age       ] GC(266) - age   6:       1304 bytes,     247680 total
[2020-09-11T19:00:58.652+0000][1][gc,heap      ] GC(266) ParNew: 68457K->256K(76672K)
[2020-09-11T19:00:58.652+0000][1][gc,heap      ] GC(266) CMS: 95590K->95593K(439104K)
[2020-09-11T19:00:58.652+0000][1][gc,metaspace ] GC(266) Metaspace: 100855K->100855K(1142784K)
[2020-09-11T19:00:58.652+0000][1][gc           ] GC(266) Pause Young (Allocation Failure) 160M->93M(503M) 5.199ms
[2020-09-11T19:00:58.652+0000][1][gc,cpu       ] GC(266) User=0.00s Sys=0.00s Real=0.00s
[2020-09-11T19:00:58.657+0000][1][safepoint    ] Safepoint "GenCollectForAllocation", Time since last: 185791348 ns, Reaching safepoint: 104851 ns, At safepoint: 9949193 ns, Total: 10054044 ns
[2020-09-11T19:01:01.218+0000][1][safepoint    ] Safepoint "RevokeBias", Time since last: 2560989091 ns, Reaching safepoint: 100483 ns, At safepoint: 41352 ns, Total: 141835 ns
[2020-09-11T19:01:01.340+0000][1][safepoint    ] Safepoint "RevokeBias", Time since last: 122063533 ns, Reaching safepoint: 102330 ns, At safepoint: 27937 ns, Total: 130267 ns
[2020-09-11T19:01:01.371+0000][1][safepoint    ] Safepoint "RevokeBias", Time since last: 30915769 ns, Reaching safepoint: 112996 ns, At safepoint: 27232 ns, Total: 140228 ns
[2020-09-11T19:01:01.402+0000][1][safepoint    ] Safepoint "RevokeBias", Time since last: 30611392 ns, Reaching safepoint: 104551 ns, At safepoint: 26722 ns, Total: 131273 ns
[2020-09-11T19:01:01.485+0000][1][safepoint    ] Safepoint "RevokeBias", Time since last: 82613929 ns, Reaching safepoint: 102509 ns, At safepoint: 25850 ns, Total: 128359 ns
[2020-09-11T19:01:01.603+0000][1][safepoint    ] Safepoint "RevokeBias", Time since last: 118628925 ns, Reaching safepoint: 97927 ns, At safepoint: 22364 ns, Total: 120291 ns
[2020-09-11T19:01:02.604+0000][1][safepoint    ] Safepoint "Cleanup", Time since last: 1000112614 ns, Reaching safepoint: 92881 ns, At safepoint: 9963 ns, Total: 102844 ns
[2020-09-11T19:01:03.604+0000][1][safepoint    ] Safepoint "Cleanup", Time since last: 1000117530 ns, Reaching safepoint: 89815 ns, At safepoint: 9482 ns, Total: 99297 ns
[2020-09-11T19:01:04.604+0000][1][safepoint    ] Safepoint "Cleanup", Time since last: 1000109874 ns, Reaching safepoint: 90989 ns, At safepoint: 8019 ns, Total: 99008 ns
[2020-09-11T19:01:05.175+0000][1][safepoint    ] Safepoint "RevokeBias", Time since last: 570372401 ns, Reaching safepoint: 181759 ns, At safepoint: 27663 ns, Total: 209422 ns
[2020-09-11T19:01:06.177+0000][1][safepoint    ] Safepoint "Cleanup", Time since last: 1000408399 ns, Reaching safepoint: 1847345 ns, At safepoint: 12580 ns, Total: 1859925 ns
[2020-09-11T19:01:07.177+0000][1][safepoint    ] Safepoint "Cleanup", Time since last: 1000116111 ns, Reaching safepoint: 96182 ns, At safepoint: 10846 ns, Total: 107028 ns
[2020-09-11T19:01:08.177+0000][1][safepoint    ] Safepoint "Cleanup", Time since last: 1000114286 ns, Reaching safepoint: 93556 ns, At safepoint: 10245 ns, Total: 103801 ns
[2020-09-11T19:01:08.477+0000][1][safepoint    ] Safepoint "RevokeBias", Time since last: 299520846 ns, Reaching safepoint: 196531 ns, At safepoint: 27962 ns, Total: 224493 ns
[2020-09-11T19:01:09.477+0000][1][safepoint    ] Safepoint "Cleanup", Time since last: 1000114223 ns, Reaching safepoint: 93513 ns, At safepoint: 10701 ns, Total: 104214 ns
[2020-09-11T19:01:10.478+0000][1][safepoint    ] Safepoint "Cleanup", Time since last: 1000114073 ns, Reaching safepoint: 92596 ns, At safepoint: 10015 ns, Total: 102611 ns
[2020-09-11T19:01:11.454+0000][1][safepoint    ] Safepoint "RevokeBias", Time since last: 976198637 ns, Reaching safepoint: 103201 ns, At safepoint: 24618 ns, Total: 127819 ns
[2020-09-11T19:01:11.479+0000][1][safepoint    ] Safepoint "RevokeBias", Time since last: 24666925 ns, Reaching safepoint: 172510 ns, At safepoint: 23775 ns, Total: 196285 ns
[2020-09-11T19:01:11.553+0000][1][safepoint    ] Safepoint "RevokeBias", Time since last: 73884622 ns, Reaching safepoint: 102131 ns, At safepoint: 26384 ns, Total: 128515 ns
[2020-09-11T19:01:11.589+0000][1][safepoint    ] Safepoint "RevokeBias", Time since last: 36349981 ns, Reaching safepoint: 102897 ns, At safepoint: 27173 ns, Total: 130070 ns
[2020-09-11T19:01:11.644+0000][1][safepoint    ] Safepoint "RevokeBias", Time since last: 54791999 ns, Reaching safepoint: 99138 ns, At safepoint: 26531 ns, Total: 125669 ns
[2020-09-11T19:01:11.764+0000][1][safepoint    ] Safepoint "BulkRevokeBias", Time since last: 119794795 ns, Reaching safepoint: 98432 ns, At safepoint: 298222 ns, Total: 396654 ns
[2020-09-11T19:01:12.765+0000][1][safepoint    ] Safepoint "Cleanup", Time since last: 1000110725 ns, Reaching safepoint: 95823 ns, At safepoint: 10652 ns, Total: 106475 ns
[2020-09-11T19:01:13.765+0000][1][safepoint    ] Safepoint "Cleanup", Time since last: 1000113654 ns, Reaching safepoint: 97739 ns, At safepoint: 34645 ns, Total: 132384 ns
[2020-09-11T19:01:14.765+0000][1][safepoint    ] Safepoint "Cleanup", Time since last: 1000147890 ns, Reaching safepoint: 96117 ns, At safepoint: 10958 ns, Total: 107075 ns
[2020-09-11T19:01:15.211+0000][1][safepoint    ] Safepoint "RevokeBias", Time since last: 443898879 ns, Reaching safepoint: 2006837 ns, At safepoint: 27240 ns, Total: 2034077 ns
[2020-09-11T19:01:16.211+0000][1][safepoint    ] Safepoint "Cleanup", Time since last: 1000109850 ns, Reaching safepoint: 118761 ns, At safepoint: 11563 ns, Total: 130324 ns
[2020-09-11T19:01:17.211+0000][1][safepoint    ] Safepoint "Cleanup", Time since last: 1000140333 ns, Reaching safepoint: 91984 ns, At safepoint: 10993 ns, Total: 102977 ns
[2020-09-11T19:01:18.212+0000][1][safepoint    ] Safepoint "Cleanup", Time since last: 1000114967 ns, Reaching safepoint: 96384 ns, At safepoint: 10330 ns, Total: 106714 ns
[2020-09-11T19:01:18.492+0000][1][safepoint    ] Safepoint "RevokeBias", Time since last: 280449259 ns, Reaching safepoint: 194817 ns, At safepoint: 27035 ns, Total: 221852 ns
[2020-09-11T19:01:18.546+0000][1][gc,start     ] GC(267) Pause Young (Allocation Failure)
[2020-09-11T19:01:18.546+0000][1][gc,task      ] GC(267) Using 1 workers of 1 for evacuation
[2020-09-11T19:01:18.555+0000][1][gc,age       ] GC(267) Desired survivor size 4358144 bytes, new threshold 6 (max threshold 6)
[2020-09-11T19:01:18.555+0000][1][gc,age       ] GC(267) Age table with threshold 6 (max threshold 6)
[2020-09-11T19:01:18.555+0000][1][gc,age       ] GC(267) - age   1:     649224 bytes,     649224 total
[2020-09-11T19:01:18.555+0000][1][gc,age       ] GC(267) - age   2:      41176 bytes,     690400 total
[2020-09-11T19:01:18.555+0000][1][gc,age       ] GC(267) - age   3:      46832 bytes,     737232 total
[2020-09-11T19:01:18.555+0000][1][gc,age       ] GC(267) - age   4:      31272 bytes,     768504 total
[2020-09-11T19:01:18.555+0000][1][gc,age       ] GC(267) - age   5:       1568 bytes,     770072 total
[2020-09-11T19:01:18.555+0000][1][gc,heap      ] GC(267) ParNew: 68416K->982K(76672K)
[2020-09-11T19:01:18.555+0000][1][gc,heap      ] GC(267) CMS: 95593K->95594K(439104K)
[2020-09-11T19:01:18.555+0000][1][gc,metaspace ] GC(267) Metaspace: 100900K->100900K(1142784K)
[2020-09-11T19:01:18.556+0000][1][gc           ] GC(267) Pause Young (Allocation Failure) 160M->94M(503M) 9.972ms
[2020-09-11T19:01:18.556+0000][1][gc,cpu       ] GC(267) User=0.01s Sys=0.00s Real=0.01s
[2020-09-11T19:01:18.556+0000][1][safepoint    ] Safepoint "GenCollectForAllocation", Time since last: 53030465 ns, Reaching safepoint: 178333 ns, At safepoint: 10091952 ns, Total: 10270285 ns
[2020-09-11T19:01:19.567+0000][1][safepoint    ] Safepoint "Cleanup", Time since last: 1010903152 ns, Reaching safepoint: 96887 ns, At safepoint: 10110 ns, Total: 106997 ns
[2020-09-11T19:01:20.567+0000][1][safepoint    ] Safepoint "Cleanup", Time since last: 1000126932 ns, Reaching safepoint: 94398 ns, At safepoint: 10146 ns, Total: 104544 ns
[2020-09-11T19:01:21.567+0000][1][safepoint    ] Safepoint "Cleanup", Time since last: 1000107380 ns, Reaching safepoint: 93995 ns, At safepoint: 10762 ns, Total: 104757 ns
[2020-09-11T19:01:21.633+0000][1][safepoint    ] Safepoint "RevokeBias", Time since last: 65815618 ns, Reaching safepoint: 102553 ns, At safepoint: 26695 ns, Total: 129248 ns
[2020-09-11T19:01:21.670+0000][1][safepoint    ] Safepoint "RevokeBias", Time since last: 36792697 ns, Reaching safepoint: 98525 ns, At safepoint: 21942 ns, Total: 120467 ns
[2020-09-11T19:01:21.708+0000][1][safepoint    ] Safepoint "RevokeBias", Time since last: 37949647 ns, Reaching safepoint: 104370 ns, At safepoint: 27740 ns, Total: 132110 ns
[2020-09-11T19:01:21.729+0000][1][safepoint    ] Safepoint "RevokeBias", Time since last: 21133357 ns, Reaching safepoint: 103019 ns, At safepoint: 27751 ns, Total: 130770 ns
[2020-09-11T19:01:21.747+0000][1][safepoint    ] Safepoint "RevokeBias", Time since last: 17830839 ns, Reaching safepoint: 97764 ns, At safepoint: 31985 ns, Total: 129749 ns
[2020-09-11T19:01:21.867+0000][1][safepoint    ] Safepoint "RevokeBias", Time since last: 119350571 ns, Reaching safepoint: 108454 ns, At safepoint: 25730 ns, Total: 134184 ns
[2020-09-11T19:01:22.867+0000][1][safepoint    ] Safepoint "Cleanup", Time since last: 1000106358 ns, Reaching safepoint: 88731 ns, At safepoint: 9937 ns, Total: 98668 ns
[2020-09-11T19:01:23.867+0000][1][safepoint    ] Safepoint "Cleanup", Time since last: 1000104387 ns, Reaching safepoint: 93091 ns, At safepoint: 10681 ns, Total: 103772 ns
[2020-09-11T19:01:24.867+0000][1][safepoint    ] Safepoint "Cleanup", Time since last: 1000119603 ns, Reaching safepoint: 110016 ns, At safepoint: 10969 ns, Total: 120985 ns
[2020-09-11T19:01:25.113+0000][1][safepoint    ] Safepoint "RevokeBias", Time since last: 245339678 ns, Reaching safepoint: 220267 ns, At safepoint: 27712 ns, Total: 247979 ns
[2020-09-11T19:01:26.113+0000][1][safepoint    ] Safepoint "Cleanup", Time since last: 1000109023 ns, Reaching safepoint: 95061 ns, At safepoint: 10666 ns, Total: 105727 ns
[2020-09-11T19:01:27.113+0000][1][safepoint    ] Safepoint "Cleanup", Time since last: 1000114205 ns, Reaching safepoint: 112750 ns, At safepoint: 10911 ns, Total: 123661 ns
[2020-09-11T19:01:28.114+0000][1][safepoint    ] Safepoint "Cleanup", Time since last: 1000191453 ns, Reaching safepoint: 167797 ns, At safepoint: 10509 ns, Total: 178306 ns
[2020-09-11T19:01:28.597+0000][1][safepoint    ] Safepoint "RevokeBias", Time since last: 482640084 ns, Reaching safepoint: 185251 ns, At safepoint: 29171 ns, Total: 214422 ns
[2020-09-11T19:01:29.597+0000][1][safepoint    ] Safepoint "Cleanup", Time since last: 1000124808 ns, Reaching safepoint: 110839 ns, At safepoint: 8222 ns, Total: 119061 ns
[2020-09-11T19:01:30.597+0000][1][safepoint    ] Safepoint "Cleanup", Time since last: 1000110379 ns, Reaching safepoint: 94448 ns, At safepoint: 9747 ns, Total: 104195 ns
[2020-09-11T19:01:31.597+0000][1][safepoint    ] Safepoint "Cleanup", Time since last: 1000111669 ns, Reaching safepoint: 95619 ns, At safepoint: 10411 ns, Total: 106030 ns
[2020-09-11T19:01:31.773+0000][1][safepoint    ] Safepoint "RevokeBias", Time since last: 175582153 ns, Reaching safepoint: 102526 ns, At safepoint: 26567 ns, Total: 129093 ns
[2020-09-11T19:01:31.806+0000][1][safepoint    ] Safepoint "RevokeBias", Time since last: 32644039 ns, Reaching safepoint: 107195 ns, At safepoint: 28284 ns, Total: 135479 ns
[2020-09-11T19:01:31.885+0000][1][safepoint    ] Safepoint "RevokeBias", Time since last: 79403295 ns, Reaching safepoint: 99519 ns, At safepoint: 26858 ns, Total: 126377 ns
[2020-09-11T19:01:31.907+0000][1][safepoint    ] Safepoint "RevokeBias", Time since last: 21472574 ns, Reaching safepoint: 101074 ns, At safepoint: 25315 ns, Total: 126389 ns
[2020-09-11T19:01:31.928+0000][1][safepoint    ] Safepoint "RevokeBias", Time since last: 20954890 ns, Reaching safepoint: 98874 ns, At safepoint: 23750 ns, Total: 122624 ns
[2020-09-11T19:01:32.050+0000][1][safepoint    ] Safepoint "RevokeBias", Time since last: 122162840 ns, Reaching safepoint: 111231 ns, At safepoint: 26749 ns, Total: 137980 ns
[2020-09-11T19:01:33.051+0000][1][safepoint    ] Safepoint "Cleanup", Time since last: 1000107598 ns, Reaching safepoint: 97388 ns, At safepoint: 12149 ns, Total: 109537 ns
[2020-09-11T19:01:34.051+0000][1][safepoint    ] Safepoint "Cleanup", Time since last: 1000114761 ns, Reaching safepoint: 94871 ns, At safepoint: 10946 ns, Total: 105817 ns
[2020-09-11T19:01:35.051+0000][1][safepoint    ] Safepoint "Cleanup", Time since last: 1000110950 ns, Reaching safepoint: 95017 ns, At safepoint: 10054 ns, Total: 105071 ns
[2020-09-11T19:01:35.114+0000][1][safepoint    ] Safepoint "RevokeBias", Time since last: 63222833 ns, Reaching safepoint: 173402 ns, At safepoint: 27240 ns, Total: 200642 ns
[2020-09-11T19:01:36.115+0000][1][safepoint    ] Safepoint "Cleanup", Time since last: 1000111297 ns, Reaching safepoint: 95867 ns, At safepoint: 11161 ns, Total: 107028 ns
[2020-09-11T19:01:37.115+0000][1][safepoint    ] Safepoint "Cleanup", Time since last: 1000117163 ns, Reaching safepoint: 94902 ns, At safepoint: 11898 ns, Total: 106800 ns
[2020-09-11T19:01:38.115+0000][1][safepoint    ] Safepoint "Cleanup", Time since last: 1000119181 ns, Reaching safepoint: 93942 ns, At safepoint: 10779 ns, Total: 104721 ns
[2020-09-11T19:01:38.425+0000][1][gc,start     ] GC(268) Pause Young (Allocation Failure)
[2020-09-11T19:01:38.425+0000][1][gc,task      ] GC(268) Using 1 workers of 1 for evacuation
[2020-09-11T19:01:38.442+0000][1][gc,age       ] GC(268) Desired survivor size 4358144 bytes, new threshold 6 (max threshold 6)
[2020-09-11T19:01:38.442+0000][1][gc,age       ] GC(268) Age table with threshold 6 (max threshold 6)
[2020-09-11T19:01:38.442+0000][1][gc,age       ] GC(268) - age   1:     323472 bytes,     323472 total
[2020-09-11T19:01:38.442+0000][1][gc,age       ] GC(268) - age   2:     110720 bytes,     434192 total
[2020-09-11T19:01:38.442+0000][1][gc,age       ] GC(268) - age   3:      23480 bytes,     457672 total
[2020-09-11T19:01:38.442+0000][1][gc,age       ] GC(268) - age   4:      26096 bytes,     483768 total
[2020-09-11T19:01:38.442+0000][1][gc,age       ] GC(268) - age   5:      10000 bytes,     493768 total
[2020-09-11T19:01:38.442+0000][1][gc,age       ] GC(268) - age   6:       1568 bytes,     495336 total
[2020-09-11T19:01:38.442+0000][1][gc,heap      ] GC(268) ParNew: 69142K->625K(76672K)
[2020-09-11T19:01:38.442+0000][1][gc,heap      ] GC(268) CMS: 95594K->95594K(439104K)
[2020-09-11T19:01:38.442+0000][1][gc,metaspace ] GC(268) Metaspace: 100925K->100925K(1142784K)
[2020-09-11T19:01:38.442+0000][1][gc           ] GC(268) Pause Young (Allocation Failure) 160M->93M(503M) 17.088ms
[2020-09-11T19:01:38.442+0000][1][gc,cpu       ] GC(268) User=0.01s Sys=0.00s Real=0.02s
[2020-09-11T19:01:38.442+0000][1][safepoint    ] Safepoint "GenCollectForAllocation", Time since last: 307927131 ns, Reaching safepoint: 2038045 ns, At safepoint: 17162220 ns, Total: 19200265 ns
[2020-09-11T19:01:38.473+0000][1][safepoint    ] Safepoint "RevokeBias", Time since last: 30351676 ns, Reaching safepoint: 320725 ns, At safepoint: 22982 ns, Total: 343707 ns
[2020-09-11T19:01:39.473+0000][1][safepoint    ] Safepoint "Cleanup", Time since last: 1000109174 ns, Reaching safepoint: 100404 ns, At safepoint: 10252 ns, Total: 110656 ns
[2020-09-11T19:01:40.473+0000][1][safepoint    ] Safepoint "Cleanup", Time since last: 1000111481 ns, Reaching safepoint: 120243 ns, At safepoint: 10879 ns, Total: 131122 ns
[2020-09-11T19:01:41.474+0000][1][safepoint    ] Safepoint "Cleanup", Time since last: 1000113010 ns, Reaching safepoint: 91231 ns, At safepoint: 7508 ns, Total: 98739 ns
[2020-09-11T19:01:42.002+0000][1][safepoint    ] Safepoint "RevokeBias", Time since last: 528453251 ns, Reaching safepoint: 179798 ns, At safepoint: 26469 ns, Total: 206267 ns
[2020-09-11T19:01:42.026+0000][1][safepoint    ] Safepoint "RevokeBias", Time since last: 23214235 ns, Reaching safepoint: 177962 ns, At safepoint: 26232 ns, Total: 204194 ns
[2020-09-11T19:01:42.046+0000][1][safepoint    ] Safepoint "RevokeBias", Time since last: 19842768 ns, Reaching safepoint: 95793 ns, At safepoint: 22064 ns, Total: 117857 ns
[2020-09-11T19:01:42.064+0000][1][safepoint    ] Safepoint "RevokeBias", Time since last: 18590952 ns, Reaching safepoint: 95379 ns, At safepoint: 21768 ns, Total: 117147 ns
[2020-09-11T19:01:42.082+0000][1][safepoint    ] Safepoint "RevokeBias", Time since last: 17593842 ns, Reaching safepoint: 100504 ns, At safepoint: 22445 ns, Total: 122949 ns
[2020-09-11T19:01:42.213+0000][1][safepoint    ] Safepoint "RevokeBias", Time since last: 131137314 ns, Reaching safepoint: 100864 ns, At safepoint: 26953 ns, Total: 127817 ns
[2020-09-11T19:01:43.214+0000][1][safepoint    ] Safepoint "Cleanup", Time since last: 1000113475 ns, Reaching safepoint: 94170 ns, At safepoint: 11113 ns, Total: 105283 ns
[2020-09-11T19:01:44.214+0000][1][safepoint    ] Safepoint "Cleanup", Time since last: 1000111927 ns, Reaching safepoint: 95196 ns, At safepoint: 10437 ns, Total: 105633 ns
[2020-09-11T19:01:45.158+0000][1][safepoint    ] Safepoint "RevokeBias", Time since last: 944196779 ns, Reaching safepoint: 165932 ns, At safepoint: 20201 ns, Total: 186133 ns
[2020-09-11T19:01:46.158+0000][1][safepoint    ] Safepoint "Cleanup", Time since last: 1000095650 ns, Reaching safepoint: 95804 ns, At safepoint: 10030 ns, Total: 105834 ns
[2020-09-11T19:01:47.159+0000][1][safepoint    ] Safepoint "Cleanup", Time since last: 1000113540 ns, Reaching safepoint: 93329 ns, At safepoint: 10501 ns, Total: 103830 ns
[2020-09-11T19:01:48.159+0000][1][safepoint    ] Safepoint "Cleanup", Time since last: 1000114086 ns, Reaching safepoint: 93245 ns, At safepoint: 10268 ns, Total: 103513 ns
[2020-09-11T19:01:48.475+0000][1][safepoint    ] Safepoint "RevokeBias", Time since last: 315608164 ns, Reaching safepoint: 200438 ns, At safepoint: 27583 ns, Total: 228021 ns
[2020-09-11T19:01:49.475+0000][1][safepoint    ] Safepoint "Cleanup", Time since last: 1000115117 ns, Reaching safepoint: 104923 ns, At safepoint: 10911 ns, Total: 115834 ns
[2020-09-11T19:01:50.475+0000][1][safepoint    ] Safepoint "Cleanup", Time since last: 1000116512 ns, Reaching safepoint: 99139 ns, At safepoint: 11509 ns, Total: 110648 ns
[2020-09-11T19:01:52.134+0000][1][safepoint    ] Safepoint "RevokeBias", Time since last: 1658675998 ns, Reaching safepoint: 178006 ns, At safepoint: 28338 ns, Total: 206344 ns
[2020-09-11T19:01:52.180+0000][1][safepoint    ] Safepoint "RevokeBias", Time since last: 45543447 ns, Reaching safepoint: 179000 ns, At safepoint: 27662 ns, Total: 206662 ns
[2020-09-11T19:01:52.221+0000][1][safepoint    ] Safepoint "RevokeBias", Time since last: 41239852 ns, Reaching safepoint: 102518 ns, At safepoint: 26951 ns, Total: 129469 ns
[2020-09-11T19:01:52.262+0000][1][safepoint    ] Safepoint "RevokeBias", Time since last: 41178361 ns, Reaching safepoint: 99998 ns, At safepoint: 27393 ns, Total: 127391 ns
[2020-09-11T19:01:52.293+0000][1][safepoint    ] Safepoint "RevokeBias", Time since last: 30576087 ns, Reaching safepoint: 95785 ns, At safepoint: 23055 ns, Total: 118840 ns
[2020-09-11T19:01:52.416+0000][1][safepoint    ] Safepoint "RevokeBias", Time since last: 122437913 ns, Reaching safepoint: 99659 ns, At safepoint: 27667 ns, Total: 127326 ns
[2020-09-11T19:01:55.119+0000][1][safepoint    ] Safepoint "RevokeBias", Time since last: 2702919591 ns, Reaching safepoint: 182936 ns, At safepoint: 27934 ns, Total: 210870 ns
[2020-09-11T19:01:55.256+0000][1][gc,start     ] GC(269) Pause Young (Allocation Failure)
[2020-09-11T19:01:55.256+0000][1][gc,task      ] GC(269) Using 1 workers of 1 for evacuation
[2020-09-11T19:01:55.269+0000][1][gc,age       ] GC(269) Desired survivor size 4358144 bytes, new threshold 6 (max threshold 6)
[2020-09-11T19:01:55.269+0000][1][gc,age       ] GC(269) Age table with threshold 6 (max threshold 6)
[2020-09-11T19:01:55.269+0000][1][gc,age       ] GC(269) - age   1:     136264 bytes,     136264 total
[2020-09-11T19:01:55.269+0000][1][gc,age       ] GC(269) - age   2:      50952 bytes,     187216 total
[2020-09-11T19:01:55.269+0000][1][gc,age       ] GC(269) - age   3:     108752 bytes,     295968 total
[2020-09-11T19:01:55.269+0000][1][gc,age       ] GC(269) - age   4:      18640 bytes,     314608 total
[2020-09-11T19:01:55.269+0000][1][gc,age       ] GC(269) - age   5:       1624 bytes,     316232 total
[2020-09-11T19:01:55.269+0000][1][gc,age       ] GC(269) - age   6:      10000 bytes,     326232 total
[2020-09-11T19:01:55.269+0000][1][gc,heap      ] GC(269) ParNew: 68785K->519K(76672K)
[2020-09-11T19:01:55.269+0000][1][gc,heap      ] GC(269) CMS: 95594K->95596K(439104K)
[2020-09-11T19:01:55.269+0000][1][gc,metaspace ] GC(269) Metaspace: 100962K->100962K(1142784K)
[2020-09-11T19:01:55.269+0000][1][gc           ] GC(269) Pause Young (Allocation Failure) 160M->93M(503M) 13.646ms
[2020-09-11T19:01:55.269+0000][1][gc,cpu       ] GC(269) User=0.00s Sys=0.00s Real=0.01s
[2020-09-11T19:01:55.270+0000][1][safepoint    ] Safepoint "GenCollectForAllocation", Time since last: 135930468 ns, Reaching safepoint: 1109409 ns, At safepoint: 13737274 ns, Total: 14846683 ns
[2020-09-11T19:01:58.463+0000][1][safepoint    ] Safepoint "RevokeBias", Time since last: 3191302320 ns, Reaching safepoint: 2244051 ns, At safepoint: 27740 ns, Total: 2271791 ns
[2020-09-11T19:02:02.380+0000][1][safepoint    ] Safepoint "RevokeBias", Time since last: 3917033748 ns, Reaching safepoint: 101109 ns, At safepoint: 46045 ns, Total: 147154 ns
[2020-09-11T19:02:02.428+0000][1][safepoint    ] Safepoint "RevokeBias", Time since last: 47930439 ns, Reaching safepoint: 108116 ns, At safepoint: 23050 ns, Total: 131166 ns
[2020-09-11T19:02:02.468+0000][1][safepoint    ] Safepoint "RevokeBias", Time since last: 39248696 ns, Reaching safepoint: 95005 ns, At safepoint: 22082 ns, Total: 117087 ns
[2020-09-11T19:02:02.505+0000][1][safepoint    ] Safepoint "RevokeBias", Time since last: 37334486 ns, Reaching safepoint: 95076 ns, At safepoint: 21685 ns, Total: 116761 ns
[2020-09-11T19:02:02.534+0000][1][safepoint    ] Safepoint "RevokeBias", Time since last: 28629835 ns, Reaching safepoint: 93943 ns, At safepoint: 22498 ns, Total: 116441 ns
[2020-09-11T19:02:02.697+0000][1][safepoint    ] Safepoint "BulkRevokeBias", Time since last: 162347438 ns, Reaching safepoint: 116146 ns, At safepoint: 332957 ns, Total: 449103 ns
[2020-09-11T19:02:03.697+0000][1][safepoint    ] Safepoint "Cleanup", Time since last: 1000084471 ns, Reaching safepoint: 94191 ns, At safepoint: 11554 ns, Total: 105745 ns
[2020-09-11T19:02:04.697+0000][1][safepoint    ] Safepoint "Cleanup", Time since last: 1000111366 ns, Reaching safepoint: 93910 ns, At safepoint: 9526 ns, Total: 103436 ns
[2020-09-11T19:02:05.106+0000][1][safepoint    ] Safepoint "RevokeBias", Time since last: 408408054 ns, Reaching safepoint: 177132 ns, At safepoint: 27356 ns, Total: 204488 ns
[2020-09-11T19:02:06.106+0000][1][safepoint    ] Safepoint "Cleanup", Time since last: 1000106215 ns, Reaching safepoint: 98567 ns, At safepoint: 12456 ns, Total: 111023 ns
[2020-09-11T19:02:07.106+0000][1][safepoint    ] Safepoint "Cleanup", Time since last: 1000116712 ns, Reaching safepoint: 97288 ns, At safepoint: 10680 ns, Total: 107968 ns
[2020-09-11T19:02:08.106+0000][1][safepoint    ] Safepoint "Cleanup", Time since last: 1000117730 ns, Reaching safepoint: 93297 ns, At safepoint: 11566 ns, Total: 104863 ns
[2020-09-11T19:02:08.457+0000][1][safepoint    ] Safepoint "RevokeBias", Time since last: 350419716 ns, Reaching safepoint: 197469 ns, At safepoint: 25927 ns, Total: 223396 ns
[2020-09-11T19:02:09.457+0000][1][safepoint    ] Safepoint "Cleanup", Time since last: 1000110074 ns, Reaching safepoint: 94817 ns, At safepoint: 10071 ns, Total: 104888 ns
[2020-09-11T19:02:10.457+0000][1][safepoint    ] Safepoint "Cleanup", Time since last: 1000115788 ns, Reaching safepoint: 94131 ns, At safepoint: 9754 ns, Total: 103885 ns
[2020-09-11T19:02:11.458+0000][1][safepoint    ] Safepoint "Cleanup", Time since last: 1000124121 ns, Reaching safepoint: 93814 ns, At safepoint: 10129 ns, Total: 103943 ns
[2020-09-11T19:02:12.458+0000][1][safepoint    ] Safepoint "Cleanup", Time since last: 1000111791 ns, Reaching safepoint: 101269 ns, At safepoint: 10246 ns, Total: 111515 ns
[2020-09-11T19:02:12.596+0000][1][safepoint    ] Safepoint "RevokeBias", Time since last: 137499592 ns, Reaching safepoint: 101424 ns, At safepoint: 25112 ns, Total: 126536 ns
[2020-09-11T19:02:12.633+0000][1][safepoint    ] Safepoint "RevokeBias", Time since last: 37608394 ns, Reaching safepoint: 94628 ns, At safepoint: 20605 ns, Total: 115233 ns
[2020-09-11T19:02:12.717+0000][1][safepoint    ] Safepoint "RevokeBias", Time since last: 83295523 ns, Reaching safepoint: 97672 ns, At safepoint: 25959 ns, Total: 123631 ns
[2020-09-11T19:02:12.759+0000][1][safepoint    ] Safepoint "RevokeBias", Time since last: 42370869 ns, Reaching safepoint: 100622 ns, At safepoint: 26138 ns, Total: 126760 ns
[2020-09-11T19:02:12.810+0000][1][safepoint    ] Safepoint "RevokeBias", Time since last: 50526941 ns, Reaching safepoint: 94310 ns, At safepoint: 21451 ns, Total: 115761 ns
[2020-09-11T19:02:12.945+0000][1][safepoint    ] Safepoint "RevokeBias", Time since last: 134944530 ns, Reaching safepoint: 102421 ns, At safepoint: 26930 ns, Total: 129351 ns
[2020-09-11T19:02:13.945+0000][1][safepoint    ] Safepoint "Cleanup", Time since last: 1000104643 ns, Reaching safepoint: 96995 ns, At safepoint: 9782 ns, Total: 106777 ns
[2020-09-11T19:02:14.945+0000][1][safepoint    ] Safepoint "Cleanup", Time since last: 1000109825 ns, Reaching safepoint: 96553 ns, At safepoint: 9843 ns, Total: 106396 ns
[2020-09-11T19:02:15.143+0000][1][safepoint    ] Safepoint "RevokeBias", Time since last: 197232877 ns, Reaching safepoint: 177143 ns, At safepoint: 28657 ns, Total: 205800 ns
[2020-09-11T19:02:15.284+0000][1][gc,start     ] GC(270) Pause Young (Allocation Failure)
[2020-09-11T19:02:15.284+0000][1][gc,task      ] GC(270) Using 1 workers of 1 for evacuation
[2020-09-11T19:02:15.294+0000][1][gc,age       ] GC(270) Desired survivor size 4358144 bytes, new threshold 6 (max threshold 6)
[2020-09-11T19:02:15.294+0000][1][gc,age       ] GC(270) Age table with threshold 6 (max threshold 6)
[2020-09-11T19:02:15.294+0000][1][gc,age       ] GC(270) - age   1:      96400 bytes,      96400 total
[2020-09-11T19:02:15.294+0000][1][gc,age       ] GC(270) - age   2:      84584 bytes,     180984 total
[2020-09-11T19:02:15.294+0000][1][gc,age       ] GC(270) - age   3:      47936 bytes,     228920 total
[2020-09-11T19:02:15.294+0000][1][gc,age       ] GC(270) - age   4:      89064 bytes,     317984 total
[2020-09-11T19:02:15.294+0000][1][gc,age       ] GC(270) - age   5:       1640 bytes,     319624 total
[2020-09-11T19:02:15.294+0000][1][gc,age       ] GC(270) - age   6:       1624 bytes,     321248 total
[2020-09-11T19:02:15.294+0000][1][gc,heap      ] GC(270) ParNew: 68679K->368K(76672K)
[2020-09-11T19:02:15.294+0000][1][gc,heap      ] GC(270) CMS: 95596K->95605K(439104K)
[2020-09-11T19:02:15.294+0000][1][gc,metaspace ] GC(270) Metaspace: 100962K->100962K(1142784K)
[2020-09-11T19:02:15.294+0000][1][gc           ] GC(270) Pause Young (Allocation Failure) 160M->93M(503M) 10.316ms
[2020-09-11T19:02:15.294+0000][1][gc,cpu       ] GC(270) User=0.01s Sys=0.00s Real=0.01s
[2020-09-11T19:02:15.294+0000][1][safepoint    ] Safepoint "GenCollectForAllocation", Time since last: 140580085 ns, Reaching safepoint: 164610 ns, At safepoint: 10385424 ns, Total: 10550034 ns
[2020-09-11T19:02:16.305+0000][1][safepoint    ] Safepoint "Cleanup", Time since last: 1011069249 ns, Reaching safepoint: 91802 ns, At safepoint: 23698 ns, Total: 115500 ns
[2020-09-11T19:02:17.305+0000][1][safepoint    ] Safepoint "Cleanup", Time since last: 1000112919 ns, Reaching safepoint: 94465 ns, At safepoint: 21809 ns, Total: 116274 ns
[2020-09-11T19:02:18.311+0000][1][safepoint    ] Safepoint "Cleanup", Time since last: 1005197731 ns, Reaching safepoint: 90821 ns, At safepoint: 7109 ns, Total: 97930 ns
[2020-09-11T19:02:18.593+0000][1][safepoint    ] Safepoint "RevokeBias", Time since last: 282539861 ns, Reaching safepoint: 105519 ns, At safepoint: 25080 ns, Total: 130599 ns
[2020-09-11T19:02:19.593+0000][1][safepoint    ] Safepoint "Cleanup", Time since last: 1000111355 ns, Reaching safepoint: 100062 ns, At safepoint: 10436 ns, Total: 110498 ns
[2020-09-11T19:02:20.594+0000][1][safepoint    ] Safepoint "Cleanup", Time since last: 1000113361 ns, Reaching safepoint: 99045 ns, At safepoint: 12900 ns, Total: 111945 ns
[2020-09-11T19:02:21.594+0000][1][safepoint    ] Safepoint "Cleanup", Time since last: 1000111348 ns, Reaching safepoint: 96237 ns, At safepoint: 10020 ns, Total: 106257 ns
[2020-09-11T19:02:22.594+0000][1][safepoint    ] Safepoint "Cleanup", Time since last: 1000111771 ns, Reaching safepoint: 117668 ns, At safepoint: 12252 ns, Total: 129920 ns
[2020-09-11T19:02:22.907+0000][1][safepoint    ] Safepoint "RevokeBias", Time since last: 313103333 ns, Reaching safepoint: 105260 ns, At safepoint: 28795 ns, Total: 134055 ns
[2020-09-11T19:02:22.952+0000][1][safepoint    ] Safepoint "RevokeBias", Time since last: 44363168 ns, Reaching safepoint: 97754 ns, At safepoint: 27019 ns, Total: 124773 ns
[2020-09-11T19:02:22.985+0000][1][safepoint    ] Safepoint "RevokeBias", Time since last: 33405742 ns, Reaching safepoint: 103948 ns, At safepoint: 27489 ns, Total: 131437 ns
[2020-09-11T19:02:23.010+0000][1][safepoint    ] Safepoint "RevokeBias", Time since last: 24812564 ns, Reaching safepoint: 100122 ns, At safepoint: 26822 ns, Total: 126944 ns
[2020-09-11T19:02:23.031+0000][1][safepoint    ] Safepoint "RevokeBias", Time since last: 20438400 ns, Reaching safepoint: 96260 ns, At safepoint: 25455 ns, Total: 121715 ns
[2020-09-11T19:02:23.153+0000][1][safepoint    ] Safepoint "RevokeBias", Time since last: 122374144 ns, Reaching safepoint: 101064 ns, At safepoint: 27331 ns, Total: 128395 ns
[2020-09-11T19:02:24.154+0000][1][safepoint    ] Safepoint "Cleanup", Time since last: 1000107294 ns, Reaching safepoint: 91754 ns, At safepoint: 10243 ns, Total: 101997 ns
[2020-09-11T19:02:25.122+0000][1][safepoint    ] Safepoint "RevokeBias", Time since last: 968239509 ns, Reaching safepoint: 100822 ns, At safepoint: 27081 ns, Total: 127903 ns
[2020-09-11T19:02:26.122+0000][1][safepoint    ] Safepoint "Cleanup", Time since last: 1000114086 ns, Reaching safepoint: 94506 ns, At safepoint: 10943 ns, Total: 105449 ns
[2020-09-11T19:02:27.122+0000][1][safepoint    ] Safepoint "Cleanup", Time since last: 1000116474 ns, Reaching safepoint: 94745 ns, At safepoint: 10751 ns, Total: 105496 ns
[2020-09-11T19:02:28.123+0000][1][safepoint    ] Safepoint "Cleanup", Time since last: 1000119792 ns, Reaching safepoint: 92606 ns, At safepoint: 10695 ns, Total: 103301 ns
[2020-09-11T19:02:28.457+0000][1][safepoint    ] Safepoint "RevokeBias", Time since last: 333709309 ns, Reaching safepoint: 496897 ns, At safepoint: 32934 ns, Total: 529831 ns
[2020-09-11T19:02:29.457+0000][1][safepoint    ] Safepoint "Cleanup", Time since last: 1000110694 ns, Reaching safepoint: 91832 ns, At safepoint: 10173 ns, Total: 102005 ns
[2020-09-11T19:02:30.317+0000][1][gc,start     ] GC(271) Pause Young (Allocation Failure)
[2020-09-11T19:02:30.317+0000][1][gc,task      ] GC(271) Using 1 workers of 1 for evacuation
[2020-09-11T19:02:30.325+0000][1][gc,age       ] GC(271) Desired survivor size 4358144 bytes, new threshold 6 (max threshold 6)
[2020-09-11T19:02:30.325+0000][1][gc,age       ] GC(271) Age table with threshold 6 (max threshold 6)
[2020-09-11T19:02:30.325+0000][1][gc,age       ] GC(271) - age   1:     119736 bytes,     119736 total
[2020-09-11T19:02:30.325+0000][1][gc,age       ] GC(271) - age   2:      47800 bytes,     167536 total
[2020-09-11T19:02:30.325+0000][1][gc,age       ] GC(271) - age   3:      66888 bytes,     234424 total
[2020-09-11T19:02:30.325+0000][1][gc,age       ] GC(271) - age   4:      47352 bytes,     281776 total
[2020-09-11T19:02:30.325+0000][1][gc,age       ] GC(271) - age   5:      43856 bytes,     325632 total
[2020-09-11T19:02:30.325+0000][1][gc,age       ] GC(271) - age   6:       1640 bytes,     327272 total
[2020-09-11T19:02:30.325+0000][1][gc,heap      ] GC(271) ParNew: 68528K->327K(76672K)
[2020-09-11T19:02:30.325+0000][1][gc,heap      ] GC(271) CMS: 95605K->95607K(439104K)
[2020-09-11T19:02:30.326+0000][1][gc,metaspace ] GC(271) Metaspace: 100962K->100962K(1142784K)
[2020-09-11T19:02:30.326+0000][1][gc           ] GC(271) Pause Young (Allocation Failure) 160M->93M(503M) 8.622ms
[2020-09-11T19:02:30.326+0000][1][gc,cpu       ] GC(271) User=0.00s Sys=0.00s Real=0.01s
[2020-09-11T19:02:30.326+0000][1][safepoint    ] Safepoint "GenCollectForAllocation", Time since last: 855229076 ns, Reaching safepoint: 4543904 ns, At safepoint: 8700078 ns, Total: 13243982 ns
[2020-09-11T19:02:31.329+0000][1][safepoint    ] Safepoint "Cleanup", Time since last: 1003720547 ns, Reaching safepoint: 109450 ns, At safepoint: 20902 ns, Total: 130352 ns
[2020-09-11T19:02:32.330+0000][1][safepoint    ] Safepoint "Cleanup", Time since last: 1000107297 ns, Reaching safepoint: 94713 ns, At safepoint: 21746 ns, Total: 116459 ns
[2020-09-11T19:02:33.065+0000][1][safepoint    ] Safepoint "RevokeBias", Time since last: 735475556 ns, Reaching safepoint: 101193 ns, At safepoint: 37175 ns, Total: 138368 ns
[2020-09-11T19:02:33.203+0000][1][safepoint    ] Safepoint "RevokeBias", Time since last: 137266378 ns, Reaching safepoint: 102928 ns, At safepoint: 37838 ns, Total: 140766 ns
[2020-09-11T19:02:33.258+0000][1][safepoint    ] Safepoint "RevokeBias", Time since last: 54691537 ns, Reaching safepoint: 100912 ns, At safepoint: 26852 ns, Total: 127764 ns
[2020-09-11T19:02:33.288+0000][1][safepoint    ] Safepoint "RevokeBias", Time since last: 30429544 ns, Reaching safepoint: 100105 ns, At safepoint: 25685 ns, Total: 125790 ns
[2020-09-11T19:02:33.306+0000][1][safepoint    ] Safepoint "RevokeBias", Time since last: 17712767 ns, Reaching safepoint: 101341 ns, At safepoint: 26128 ns, Total: 127469 ns
[2020-09-11T19:02:33.434+0000][1][safepoint    ] Safepoint "RevokeBias", Time since last: 127780699 ns, Reaching safepoint: 177846 ns, At safepoint: 27150 ns, Total: 204996 ns
[2020-09-11T19:02:34.434+0000][1][safepoint    ] Safepoint "Cleanup", Time since last: 1000109252 ns, Reaching safepoint: 109714 ns, At safepoint: 11479 ns, Total: 121193 ns
[2020-09-11T19:02:35.143+0000][1][safepoint    ] Safepoint "RevokeBias", Time since last: 709195464 ns, Reaching safepoint: 103967 ns, At safepoint: 27230 ns, Total: 131197 ns
[2020-09-11T19:02:36.144+0000][1][safepoint    ] Safepoint "Cleanup", Time since last: 1000122395 ns, Reaching safepoint: 96752 ns, At safepoint: 10740 ns, Total: 107492 ns
[2020-09-11T19:02:37.144+0000][1][safepoint    ] Safepoint "Cleanup", Time since last: 1000112118 ns, Reaching safepoint: 94527 ns, At safepoint: 10552 ns, Total: 105079 ns
[2020-09-11T19:02:38.144+0000][1][safepoint    ] Safepoint "Cleanup", Time since last: 1000120278 ns, Reaching safepoint: 108443 ns, At safepoint: 11801 ns, Total: 120244 ns
[2020-09-11T19:02:38.461+0000][1][safepoint    ] Safepoint "BulkRevokeBias", Time since last: 316308850 ns, Reaching safepoint: 423352 ns, At safepoint: 360135 ns, Total: 783487 ns
[2020-09-11T19:02:38.501+0000][1][safepoint    ] Safepoint "RevokeBias", Time since last: 39902603 ns, Reaching safepoint: 192765 ns, At safepoint: 25320 ns, Total: 218085 ns
[2020-09-11T19:02:39.502+0000][1][safepoint    ] Safepoint "Cleanup", Time since last: 1000633488 ns, Reaching safepoint: 96816 ns, At safepoint: 11143 ns, Total: 107959 ns
[2020-09-11T19:02:40.502+0000][1][safepoint    ] Safepoint "Cleanup", Time since last: 1000116552 ns, Reaching safepoint: 102962 ns, At safepoint: 11588 ns, Total: 114550 ns
[2020-09-11T19:02:41.503+0000][1][safepoint    ] Safepoint "Cleanup", Time since last: 1000113628 ns, Reaching safepoint: 94867 ns, At safepoint: 11411 ns, Total: 106278 ns
[2020-09-11T19:02:42.503+0000][1][safepoint    ] Safepoint "Cleanup", Time since last: 1000116601 ns, Reaching safepoint: 95095 ns, At safepoint: 10665 ns, Total: 105760 ns
[2020-09-11T19:02:43.331+0000][1][safepoint    ] Safepoint "RevokeBias", Time since last: 828055559 ns, Reaching safepoint: 103643 ns, At safepoint: 26584 ns, Total: 130227 ns
[2020-09-11T19:02:43.354+0000][1][safepoint    ] Safepoint "RevokeBias", Time since last: 22616509 ns, Reaching safepoint: 99718 ns, At safepoint: 27082 ns, Total: 126800 ns
[2020-09-11T19:02:43.416+0000][1][safepoint    ] Safepoint "RevokeBias", Time since last: 61789798 ns, Reaching safepoint: 104227 ns, At safepoint: 27801 ns, Total: 132028 ns
[2020-09-11T19:02:43.463+0000][1][safepoint    ] Safepoint "RevokeBias", Time since last: 47548077 ns, Reaching safepoint: 102152 ns, At safepoint: 40398 ns, Total: 142550 ns
[2020-09-11T19:02:43.479+0000][1][safepoint    ] Safepoint "RevokeBias", Time since last: 15546899 ns, Reaching safepoint: 99033 ns, At safepoint: 24983 ns, Total: 124016 ns
[2020-09-11T19:02:43.599+0000][1][safepoint    ] Safepoint "RevokeBias", Time since last: 119970158 ns, Reaching safepoint: 101156 ns, At safepoint: 27065 ns, Total: 128221 ns
[2020-09-11T19:02:44.599+0000][1][safepoint    ] Safepoint "Cleanup", Time since last: 1000184245 ns, Reaching safepoint: 197536 ns, At safepoint: 22879 ns, Total: 220415 ns
[2020-09-11T19:02:45.131+0000][1][safepoint    ] Safepoint "RevokeBias", Time since last: 531436006 ns, Reaching safepoint: 210293 ns, At safepoint: 23680 ns, Total: 233973 ns
[2020-09-11T19:02:46.132+0000][1][safepoint    ] Safepoint "Cleanup", Time since last: 1000179759 ns, Reaching safepoint: 186180 ns, At safepoint: 20738 ns, Total: 206918 ns
[2020-09-11T19:02:47.132+0000][1][safepoint    ] Safepoint "Cleanup", Time since last: 1000201886 ns, Reaching safepoint: 135116 ns, At safepoint: 18408 ns, Total: 153524 ns
[2020-09-11T19:02:48.132+0000][1][safepoint    ] Safepoint "Cleanup", Time since last: 1000202459 ns, Reaching safepoint: 129135 ns, At safepoint: 10042 ns, Total: 139177 ns
[2020-09-11T19:02:48.454+0000][1][safepoint    ] Safepoint "RevokeBias", Time since last: 321423533 ns, Reaching safepoint: 230543 ns, At safepoint: 21947 ns, Total: 252490 ns
[2020-09-11T19:02:48.476+0000][1][gc,start     ] GC(272) Pause Young (Allocation Failure)
[2020-09-11T19:02:48.476+0000][1][gc,task      ] GC(272) Using 1 workers of 1 for evacuation
[2020-09-11T19:02:48.482+0000][1][gc,age       ] GC(272) Desired survivor size 4358144 bytes, new threshold 6 (max threshold 6)
[2020-09-11T19:02:48.482+0000][1][gc,age       ] GC(272) Age table with threshold 6 (max threshold 6)
[2020-09-11T19:02:48.482+0000][1][gc,age       ] GC(272) - age   1:     689280 bytes,     689280 total
[2020-09-11T19:02:48.482+0000][1][gc,age       ] GC(272) - age   2:      71224 bytes,     760504 total
[2020-09-11T19:02:48.482+0000][1][gc,age       ] GC(272) - age   3:      42864 bytes,     803368 total
[2020-09-11T19:02:48.482+0000][1][gc,age       ] GC(272) - age   4:      66888 bytes,     870256 total
[2020-09-11T19:02:48.482+0000][1][gc,age       ] GC(272) - age   5:      12008 bytes,     882264 total
[2020-09-11T19:02:48.482+0000][1][gc,age       ] GC(272) - age   6:      34600 bytes,     916864 total
[2020-09-11T19:02:48.482+0000][1][gc,heap      ] GC(272) ParNew: 68487K->964K(76672K)
[2020-09-11T19:02:48.482+0000][1][gc,heap      ] GC(272) CMS: 95607K->95608K(439104K)
[2020-09-11T19:02:48.482+0000][1][gc,metaspace ] GC(272) Metaspace: 100964K->100964K(1142784K)
[2020-09-11T19:02:48.482+0000][1][gc           ] GC(272) Pause Young (Allocation Failure) 160M->94M(503M) 5.526ms
[2020-09-11T19:02:48.482+0000][1][gc,cpu       ] GC(272) User=0.01s Sys=0.00s Real=0.01s
[2020-09-11T19:02:48.482+0000][1][safepoint    ] Safepoint "GenCollectForAllocation", Time since last: 22078890 ns, Reaching safepoint: 212844 ns, At safepoint: 5605228 ns, Total: 5818072 ns
[2020-09-11T19:02:49.489+0000][1][safepoint    ] Safepoint "Cleanup", Time since last: 1007164721 ns, Reaching safepoint: 127910 ns, At safepoint: 10628 ns, Total: 138538 ns
[2020-09-11T19:02:50.489+0000][1][safepoint    ] Safepoint "Cleanup", Time since last: 1000143310 ns, Reaching safepoint: 177647 ns, At safepoint: 32257 ns, Total: 209904 ns
[2020-09-11T19:02:51.490+0000][1][safepoint    ] Safepoint "Cleanup", Time since last: 1000250604 ns, Reaching safepoint: 122282 ns, At safepoint: 7486 ns, Total: 129768 ns
[2020-09-11T19:02:52.490+0000][1][safepoint    ] Safepoint "Cleanup", Time since last: 1000147092 ns, Reaching safepoint: 179271 ns, At safepoint: 17403 ns, Total: 196674 ns
[2020-09-11T19:02:53.490+0000][1][safepoint    ] Safepoint "Cleanup", Time since last: 1000165293 ns, Reaching safepoint: 94260 ns, At safepoint: 7817 ns, Total: 102077 ns
[2020-09-11T19:02:53.575+0000][1][safepoint    ] Safepoint "RevokeBias", Time since last: 84123712 ns, Reaching safepoint: 96988 ns, At safepoint: 22906 ns, Total: 119894 ns
[2020-09-11T19:02:53.617+0000][1][safepoint    ] Safepoint "RevokeBias", Time since last: 42083804 ns, Reaching safepoint: 240976 ns, At safepoint: 32083 ns, Total: 273059 ns
[2020-09-11T19:02:53.638+0000][1][safepoint    ] Safepoint "RevokeBias", Time since last: 20623649 ns, Reaching safepoint: 180343 ns, At safepoint: 24415 ns, Total: 204758 ns
[2020-09-11T19:02:53.664+0000][1][safepoint    ] Safepoint "RevokeBias", Time since last: 26292108 ns, Reaching safepoint: 98751 ns, At safepoint: 23377 ns, Total: 122128 ns
[2020-09-11T19:02:53.685+0000][1][safepoint    ] Safepoint "RevokeBias", Time since last: 20539886 ns, Reaching safepoint: 93721 ns, At safepoint: 21805 ns, Total: 115526 ns
[2020-09-11T19:02:53.806+0000][1][safepoint    ] Safepoint "BulkRevokeBias", Time since last: 120609069 ns, Reaching safepoint: 98033 ns, At safepoint: 252838 ns, Total: 350871 ns
[2020-09-11T19:02:54.806+0000][1][safepoint    ] Safepoint "Cleanup", Time since last: 1000173062 ns, Reaching safepoint: 185910 ns, At safepoint: 20804 ns, Total: 206714 ns
[2020-09-11T19:02:55.123+0000][1][safepoint    ] Safepoint "RevokeBias", Time since last: 316290266 ns, Reaching safepoint: 215559 ns, At safepoint: 22603 ns, Total: 238162 ns
[2020-09-11T19:02:56.123+0000][1][safepoint    ] Safepoint "Cleanup", Time since last: 1000162116 ns, Reaching safepoint: 179134 ns, At safepoint: 19368 ns, Total: 198502 ns
[2020-09-11T19:02:57.338+0000][1][safepoint    ] Safepoint "Cleanup", Time since last: 1214220258 ns, Reaching safepoint: 197496 ns, At safepoint: 22986 ns, Total: 220482 ns
[2020-09-11T19:02:58.338+0000][1][safepoint    ] Safepoint "Cleanup", Time since last: 1000233564 ns, Reaching safepoint: 131830 ns, At safepoint: 9893 ns, Total: 141723 ns
[2020-09-11T19:02:58.435+0000][1][safepoint    ] Safepoint "RevokeBias", Time since last: 96981518 ns, Reaching safepoint: 234183 ns, At safepoint: 27096 ns, Total: 261279 ns
[2020-09-11T19:02:59.436+0000][1][safepoint    ] Safepoint "Cleanup", Time since last: 1000170877 ns, Reaching safepoint: 127853 ns, At safepoint: 9303 ns, Total: 137156 ns
[2020-09-11T19:03:00.436+0000][1][safepoint    ] Safepoint "Cleanup", Time since last: 1000148398 ns, Reaching safepoint: 175933 ns, At safepoint: 19892 ns, Total: 195825 ns
[2020-09-11T19:03:01.436+0000][1][safepoint    ] Safepoint "Cleanup", Time since last: 1000208757 ns, Reaching safepoint: 128339 ns, At safepoint: 8737 ns, Total: 137076 ns
[2020-09-11T19:03:02.437+0000][1][safepoint    ] Safepoint "Cleanup", Time since last: 1000183917 ns, Reaching safepoint: 179295 ns, At safepoint: 18960 ns, Total: 198255 ns
[2020-09-11T19:03:03.437+0000][1][safepoint    ] Safepoint "Cleanup", Time since last: 1000200979 ns, Reaching safepoint: 202755 ns, At safepoint: 17129 ns, Total: 219884 ns
[2020-09-11T19:03:03.735+0000][1][safepoint    ] Safepoint "RevokeBias", Time since last: 297547457 ns, Reaching safepoint: 100682 ns, At safepoint: 22317 ns, Total: 122999 ns
[2020-09-11T19:03:03.755+0000][1][safepoint    ] Safepoint "RevokeBias", Time since last: 20078627 ns, Reaching safepoint: 100897 ns, At safepoint: 23107 ns, Total: 124004 ns
[2020-09-11T19:03:03.775+0000][1][safepoint    ] Safepoint "RevokeBias", Time since last: 20192595 ns, Reaching safepoint: 171498 ns, At safepoint: 23005 ns, Total: 194503 ns
[2020-09-11T19:03:03.796+0000][1][safepoint    ] Safepoint "RevokeBias", Time since last: 20801737 ns, Reaching safepoint: 220431 ns, At safepoint: 23441 ns, Total: 243872 ns
[2020-09-11T19:03:03.818+0000][1][safepoint    ] Safepoint "RevokeBias", Time since last: 21959111 ns, Reaching safepoint: 102347 ns, At safepoint: 22919 ns, Total: 125266 ns
[2020-09-11T19:03:03.938+0000][1][safepoint    ] Safepoint "RevokeBias", Time since last: 119174267 ns, Reaching safepoint: 207215 ns, At safepoint: 23746 ns, Total: 230961 ns
[2020-09-11T19:03:05.109+0000][1][safepoint    ] Safepoint "RevokeBias", Time since last: 1170922095 ns, Reaching safepoint: 220206 ns, At safepoint: 23948 ns, Total: 244154 ns
[2020-09-11T19:03:08.437+0000][1][safepoint    ] Safepoint "RevokeBias", Time since last: 3327523043 ns, Reaching safepoint: 251385 ns, At safepoint: 21715 ns, Total: 273100 ns
[2020-09-11T19:03:08.464+0000][1][gc,start     ] GC(273) Pause Young (Allocation Failure)
[2020-09-11T19:03:08.465+0000][1][gc,task      ] GC(273) Using 1 workers of 1 for evacuation
[2020-09-11T19:03:08.470+0000][1][gc,age       ] GC(273) Desired survivor size 4358144 bytes, new threshold 6 (max threshold 6)
[2020-09-11T19:03:08.470+0000][1][gc,age       ] GC(273) Age table with threshold 6 (max threshold 6)
[2020-09-11T19:03:08.470+0000][1][gc,age       ] GC(273) - age   1:     620512 bytes,     620512 total
[2020-09-11T19:03:08.470+0000][1][gc,age       ] GC(273) - age   2:      55848 bytes,     676360 total
[2020-09-11T19:03:08.470+0000][1][gc,age       ] GC(273) - age   3:      53512 bytes,     729872 total
[2020-09-11T19:03:08.470+0000][1][gc,age       ] GC(273) - age   4:      42264 bytes,     772136 total
[2020-09-11T19:03:08.470+0000][1][gc,age       ] GC(273) - age   5:      34208 bytes,     806344 total
[2020-09-11T19:03:08.470+0000][1][gc,age       ] GC(273) - age   6:       1384 bytes,     807728 total
[2020-09-11T19:03:08.470+0000][1][gc,heap      ] GC(273) ParNew: 69124K->1503K(76672K)
[2020-09-11T19:03:08.470+0000][1][gc,heap      ] GC(273) CMS: 95608K->95642K(439104K)
[2020-09-11T19:03:08.470+0000][1][gc,metaspace ] GC(273) Metaspace: 100969K->100969K(1142784K)
[2020-09-11T19:03:08.470+0000][1][gc           ] GC(273) Pause Young (Allocation Failure) 160M->94M(503M) 5.314ms
[2020-09-11T19:03:08.470+0000][1][gc,cpu       ] GC(273) User=0.01s Sys=0.00s Real=0.00s
[2020-09-11T19:03:08.470+0000][1][safepoint    ] Safepoint "GenCollectForAllocation", Time since last: 27502897 ns, Reaching safepoint: 164956 ns, At safepoint: 5383518 ns, Total: 5548474 ns
[2020-09-11T19:03:09.473+0000][1][safepoint    ] Safepoint "Cleanup", Time since last: 1003004336 ns, Reaching safepoint: 183611 ns, At safepoint: 18509 ns, Total: 202120 ns
[2020-09-11T19:03:13.837+0000][1][safepoint    ] Safepoint "RevokeBias", Time since last: 4363984355 ns, Reaching safepoint: 104584 ns, At safepoint: 21855 ns, Total: 126439 ns
[2020-09-11T19:03:13.859+0000][1][safepoint    ] Safepoint "RevokeBias", Time since last: 22061430 ns, Reaching safepoint: 97853 ns, At safepoint: 22674 ns, Total: 120527 ns
[2020-09-11T19:03:13.876+0000][1][safepoint    ] Safepoint "RevokeBias", Time since last: 16715768 ns, Reaching safepoint: 100680 ns, At safepoint: 22320 ns, Total: 123000 ns
[2020-09-11T19:03:13.896+0000][1][safepoint    ] Safepoint "RevokeBias", Time since last: 19543743 ns, Reaching safepoint: 97649 ns, At safepoint: 22262 ns, Total: 119911 ns
[2020-09-11T19:03:13.919+0000][1][safepoint    ] Safepoint "RevokeBias", Time since last: 23053040 ns, Reaching safepoint: 102246 ns, At safepoint: 22529 ns, Total: 124775 ns
[2020-09-11T19:03:14.084+0000][1][safepoint    ] Safepoint "RevokeBias", Time since last: 164667651 ns, Reaching safepoint: 186504 ns, At safepoint: 50212 ns, Total: 236716 ns
[2020-09-11T19:03:15.084+0000][1][safepoint    ] Safepoint "Cleanup", Time since last: 1000149492 ns, Reaching safepoint: 90361 ns, At safepoint: 6928 ns, Total: 97289 ns
[2020-09-11T19:03:15.193+0000][1][safepoint    ] Safepoint "RevokeBias", Time since last: 108968187 ns, Reaching safepoint: 190173 ns, At safepoint: 49824 ns, Total: 239997 ns
[2020-09-11T19:03:16.194+0000][1][safepoint    ] Safepoint "Cleanup", Time since last: 1000172189 ns, Reaching safepoint: 173033 ns, At safepoint: 19895 ns, Total: 192928 ns
[2020-09-11T19:03:17.194+0000][1][safepoint    ] Safepoint "Cleanup", Time since last: 1000252519 ns, Reaching safepoint: 174433 ns, At safepoint: 20106 ns, Total: 194539 ns
[2020-09-11T19:03:18.195+0000][1][safepoint    ] Safepoint "Cleanup", Time since last: 1000205857 ns, Reaching safepoint: 120330 ns, At safepoint: 8474 ns, Total: 128804 ns
[2020-09-11T19:03:18.428+0000][1][safepoint    ] Safepoint "RevokeBias", Time since last: 233207413 ns, Reaching safepoint: 273380 ns, At safepoint: 24438 ns, Total: 297818 ns
[2020-09-11T19:03:19.428+0000][1][safepoint    ] Safepoint "Cleanup", Time since last: 1000157518 ns, Reaching safepoint: 143425 ns, At safepoint: 7400 ns, Total: 150825 ns
[2020-09-11T19:03:20.429+0000][1][safepoint    ] Safepoint "Cleanup", Time since last: 1000189007 ns, Reaching safepoint: 164167 ns, At safepoint: 19267 ns, Total: 183434 ns
[2020-09-11T19:03:21.429+0000][1][safepoint    ] Safepoint "Cleanup", Time since last: 1000349769 ns, Reaching safepoint: 169441 ns, At safepoint: 18646 ns, Total: 188087 ns
[2020-09-11T19:03:22.430+0000][1][safepoint    ] Safepoint "Cleanup", Time since last: 1000175458 ns, Reaching safepoint: 174834 ns, At safepoint: 17416 ns, Total: 192250 ns
[2020-09-11T19:03:23.430+0000][1][safepoint    ] Safepoint "Cleanup", Time since last: 1000176450 ns, Reaching safepoint: 229035 ns, At safepoint: 20386 ns, Total: 249421 ns
[2020-09-11T19:03:23.933+0000][1][safepoint    ] Safepoint "RevokeBias", Time since last: 502921137 ns, Reaching safepoint: 241787 ns, At safepoint: 33280 ns, Total: 275067 ns
[2020-09-11T19:03:23.971+0000][1][safepoint    ] Safepoint "RevokeBias", Time since last: 37382917 ns, Reaching safepoint: 98667 ns, At safepoint: 24540 ns, Total: 123207 ns
[2020-09-11T19:03:23.990+0000][1][safepoint    ] Safepoint "RevokeBias", Time since last: 18959190 ns, Reaching safepoint: 100551 ns, At safepoint: 23249 ns, Total: 123800 ns
[2020-09-11T19:03:24.054+0000][1][safepoint    ] Safepoint "RevokeBias", Time since last: 63771538 ns, Reaching safepoint: 192545 ns, At safepoint: 49319 ns, Total: 241864 ns
[2020-09-11T19:03:24.075+0000][1][safepoint    ] Safepoint "RevokeBias", Time since last: 21036661 ns, Reaching safepoint: 100418 ns, At safepoint: 23698 ns, Total: 124116 ns
[2020-09-11T19:03:24.220+0000][1][safepoint    ] Safepoint "RevokeBias", Time since last: 144507234 ns, Reaching safepoint: 188649 ns, At safepoint: 50188 ns, Total: 238837 ns
[2020-09-11T19:03:25.110+0000][1][safepoint    ] Safepoint "RevokeBias", Time since last: 890151520 ns, Reaching safepoint: 104893 ns, At safepoint: 22941 ns, Total: 127834 ns
[2020-09-11T19:03:26.110+0000][1][safepoint    ] Safepoint "Cleanup", Time since last: 1000164350 ns, Reaching safepoint: 205371 ns, At safepoint: 22401 ns, Total: 227772 ns
[2020-09-11T19:03:27.111+0000][1][safepoint    ] Safepoint "Cleanup", Time since last: 1000221249 ns, Reaching safepoint: 178743 ns, At safepoint: 19541 ns, Total: 198284 ns
[2020-09-11T19:03:28.111+0000][1][safepoint    ] Safepoint "Cleanup", Time since last: 1000228433 ns, Reaching safepoint: 178980 ns, At safepoint: 18606 ns, Total: 197586 ns
[2020-09-11T19:03:28.440+0000][1][gc,start     ] GC(274) Pause Young (Allocation Failure)
[2020-09-11T19:03:28.440+0000][1][gc,task      ] GC(274) Using 1 workers of 1 for evacuation
[2020-09-11T19:03:28.445+0000][1][gc,age       ] GC(274) Desired survivor size 4358144 bytes, new threshold 6 (max threshold 6)
[2020-09-11T19:03:28.445+0000][1][gc,age       ] GC(274) Age table with threshold 6 (max threshold 6)
[2020-09-11T19:03:28.445+0000][1][gc,age       ] GC(274) - age   1:     302648 bytes,     302648 total
[2020-09-11T19:03:28.445+0000][1][gc,age       ] GC(274) - age   2:      54744 bytes,     357392 total
[2020-09-11T19:03:28.445+0000][1][gc,age       ] GC(274) - age   3:      53888 bytes,     411280 total
[2020-09-11T19:03:28.445+0000][1][gc,age       ] GC(274) - age   4:      52904 bytes,     464184 total
[2020-09-11T19:03:28.445+0000][1][gc,age       ] GC(274) - age   5:       9792 bytes,     473976 total
[2020-09-11T19:03:28.445+0000][1][gc,age       ] GC(274) - age   6:      34208 bytes,     508184 total
[2020-09-11T19:03:28.445+0000][1][gc,heap      ] GC(274) ParNew: 69628K->967K(76672K)
[2020-09-11T19:03:28.445+0000][1][gc,heap      ] GC(274) CMS: 95642K->95643K(439104K)
[2020-09-11T19:03:28.445+0000][1][gc,metaspace ] GC(274) Metaspace: 100970K->100970K(1142784K)
[2020-09-11T19:03:28.445+0000][1][gc           ] GC(274) Pause Young (Allocation Failure) 161M->94M(503M) 5.108ms
[2020-09-11T19:03:28.445+0000][1][gc,cpu       ] GC(274) User=0.00s Sys=0.00s Real=0.01s
[2020-09-11T19:03:28.445+0000][1][safepoint    ] Safepoint "GenCollectForAllocation", Time since last: 328102054 ns, Reaching safepoint: 168501 ns, At safepoint: 5181273 ns, Total: 5349774 ns
[2020-09-11T19:03:28.474+0000][1][safepoint    ] Safepoint "RevokeBias", Time since last: 29150012 ns, Reaching safepoint: 224723 ns, At safepoint: 21903 ns, Total: 246626 ns
[2020-09-11T19:03:29.490+0000][1][safepoint    ] Safepoint "Cleanup", Time since last: 1016119654 ns, Reaching safepoint: 91835 ns, At safepoint: 7367 ns, Total: 99202 ns
[2020-09-11T19:03:30.491+0000][1][safepoint    ] Safepoint "Cleanup", Time since last: 1000723502 ns, Reaching safepoint: 216356 ns, At safepoint: 22431 ns, Total: 238787 ns
[2020-09-11T19:03:30.529+0000][1][safepoint    ] Safepoint "RevokeBias", Time since last: 33543970 ns, Reaching safepoint: 4125618 ns, At safepoint: 66045 ns, Total: 4191663 ns
[2020-09-11T19:03:30.606+0000][1][safepoint    ] Safepoint "RevokeBias", Time since last: 76526054 ns, Reaching safepoint: 165376 ns, At safepoint: 22109 ns, Total: 187485 ns
[2020-09-11T19:03:30.609+0000][1][safepoint    ] Safepoint "RevokeBias", Time since last: 701894 ns, Reaching safepoint: 2380227 ns, At safepoint: 25435 ns, Total: 2405662 ns
[2020-09-11T19:03:30.618+0000][1][safepoint    ] Safepoint "RevokeBias", Time since last: 8954889 ns, Reaching safepoint: 169620 ns, At safepoint: 21042 ns, Total: 190662 ns
[2020-09-11T19:03:30.618+0000][1][safepoint    ] Safepoint "RevokeBias", Time since last: 147834 ns, Reaching safepoint: 109675 ns, At safepoint: 12148 ns, Total: 121823 ns
[2020-09-11T19:03:30.811+0000][1][safepoint    ] Safepoint "RevokeBias", Time since last: 191787267 ns, Reaching safepoint: 751575 ns, At safepoint: 59239 ns, Total: 810814 ns
[2020-09-11T19:03:30.813+0000][1][safepoint    ] Safepoint "RevokeBias", Time since last: 1807236 ns, Reaching safepoint: 612753 ns, At safepoint: 57379 ns, Total: 670132 ns
[2020-09-11T19:03:30.815+0000][1][safepoint    ] Safepoint "RevokeBias", Time since last: 1527429 ns, Reaching safepoint: 65439 ns, At safepoint: 31612 ns, Total: 97051 ns
[2020-09-11T19:03:30.815+0000][1][safepoint    ] Safepoint "RevokeBias", Time since last: 36262 ns, Reaching safepoint: 36142 ns, At safepoint: 24562 ns, Total: 60704 ns
[2020-09-11T19:03:30.829+0000][1][safepoint    ] Safepoint "RevokeBias", Time since last: 13955331 ns, Reaching safepoint: 163706 ns, At safepoint: 23724 ns, Total: 187430 ns
[2020-09-11T19:03:30.829+0000][1][safepoint    ] Safepoint "RevokeBias", Time since last: 79124 ns, Reaching safepoint: 138892 ns, At safepoint: 15576 ns, Total: 154468 ns
[2020-09-11T19:03:31.830+0000][1][safepoint    ] Safepoint "Cleanup", Time since last: 1000155109 ns, Reaching safepoint: 178092 ns, At safepoint: 18856 ns, Total: 196948 ns
[2020-09-11T19:03:32.830+0000][1][safepoint    ] Safepoint "Cleanup", Time since last: 1000217275 ns, Reaching safepoint: 148324 ns, At safepoint: 7183 ns, Total: 155507 ns
[2020-09-11T19:03:33.830+0000][1][safepoint    ] Safepoint "Cleanup", Time since last: 1000174797 ns, Reaching safepoint: 120286 ns, At safepoint: 7472 ns, Total: 127758 ns
[2020-09-11T19:03:34.084+0000][1][safepoint    ] Safepoint "RevokeBias", Time since last: 253288324 ns, Reaching safepoint: 226244 ns, At safepoint: 24141 ns, Total: 250385 ns
[2020-09-11T19:03:34.190+0000][1][safepoint    ] Safepoint "RevokeBias", Time since last: 105252946 ns, Reaching safepoint: 306890 ns, At safepoint: 54745 ns, Total: 361635 ns
[2020-09-11T19:03:34.303+0000][1][safepoint    ] Safepoint "RevokeBias", Time since last: 113401973 ns, Reaching safepoint: 178612 ns, At safepoint: 26140 ns, Total: 204752 ns
[2020-09-11T19:03:34.324+0000][1][safepoint    ] Safepoint "RevokeBias", Time since last: 20581575 ns, Reaching safepoint: 173803 ns, At safepoint: 23402 ns, Total: 197205 ns
[2020-09-11T19:03:34.341+0000][1][safepoint    ] Safepoint "RevokeBias", Time since last: 16840279 ns, Reaching safepoint: 101064 ns, At safepoint: 22960 ns, Total: 124024 ns
[2020-09-11T19:03:34.463+0000][1][safepoint    ] Safepoint "RevokeBias", Time since last: 121819600 ns, Reaching safepoint: 178596 ns, At safepoint: 24275 ns, Total: 202871 ns
[2020-09-11T19:03:35.114+0000][1][safepoint    ] Safepoint "RevokeBias", Time since last: 650456112 ns, Reaching safepoint: 297224 ns, At safepoint: 51752 ns, Total: 348976 ns
[2020-09-11T19:03:36.114+0000][1][safepoint    ] Safepoint "Cleanup", Time since last: 1000222038 ns, Reaching safepoint: 172101 ns, At safepoint: 18626 ns, Total: 190727 ns
[2020-09-11T19:03:37.115+0000][1][safepoint    ] Safepoint "Cleanup", Time since last: 1000213491 ns, Reaching safepoint: 192601 ns, At safepoint: 25154 ns, Total: 217755 ns
[2020-09-11T19:03:38.115+0000][1][safepoint    ] Safepoint "Cleanup", Time since last: 1000245498 ns, Reaching safepoint: 181850 ns, At safepoint: 18983 ns, Total: 200833 ns
[2020-09-11T19:03:38.463+0000][1][safepoint    ] Safepoint "RevokeBias", Time since last: 347764569 ns, Reaching safepoint: 245360 ns, At safepoint: 22502 ns, Total: 267862 ns
[2020-09-11T19:03:38.498+0000][1][gc,start     ] GC(275) Pause Young (Allocation Failure)
[2020-09-11T19:03:38.498+0000][1][gc,task      ] GC(275) Using 1 workers of 1 for evacuation
[2020-09-11T19:03:38.503+0000][1][gc,age       ] GC(275) Desired survivor size 4358144 bytes, new threshold 6 (max threshold 6)
[2020-09-11T19:03:38.503+0000][1][gc,age       ] GC(275) Age table with threshold 6 (max threshold 6)
[2020-09-11T19:03:38.503+0000][1][gc,age       ] GC(275) - age   1:     711720 bytes,     711720 total
[2020-09-11T19:03:38.503+0000][1][gc,age       ] GC(275) - age   2:      68536 bytes,     780256 total
[2020-09-11T19:03:38.503+0000][1][gc,age       ] GC(275) - age   3:      52280 bytes,     832536 total
[2020-09-11T19:03:38.503+0000][1][gc,age       ] GC(275) - age   4:      53616 bytes,     886152 total
[2020-09-11T19:03:38.503+0000][1][gc,age       ] GC(275) - age   5:      31288 bytes,     917440 total
[2020-09-11T19:03:38.503+0000][1][gc,age       ] GC(275) - age   6:       1952 bytes,     919392 total
[2020-09-11T19:03:38.504+0000][1][gc,heap      ] GC(275) ParNew: 69127K->921K(76672K)
[2020-09-11T19:03:38.504+0000][1][gc,heap      ] GC(275) CMS: 95643K->95677K(439104K)
[2020-09-11T19:03:38.504+0000][1][gc,metaspace ] GC(275) Metaspace: 100985K->100985K(1142784K)
[2020-09-11T19:03:38.504+0000][1][gc           ] GC(275) Pause Young (Allocation Failure) 160M->94M(503M) 6.078ms
[2020-09-11T19:03:38.504+0000][1][gc,cpu       ] GC(275) User=0.01s Sys=0.00s Real=0.01s
[2020-09-11T19:03:38.504+0000][1][safepoint    ] Safepoint "GenCollectForAllocation", Time since last: 34150462 ns, Reaching safepoint: 217769 ns, At safepoint: 6143448 ns, Total: 6361217 ns
[2020-09-11T19:03:39.513+0000][1][safepoint    ] Safepoint "Cleanup", Time since last: 1009346082 ns, Reaching safepoint: 175986 ns, At safepoint: 53256 ns, Total: 229242 ns
[2020-09-11T19:03:40.514+0000][1][safepoint    ] Safepoint "Cleanup", Time since last: 1000216757 ns, Reaching safepoint: 175419 ns, At safepoint: 18449 ns, Total: 193868 ns
[2020-09-11T19:03:41.514+0000][1][safepoint    ] Safepoint "Cleanup", Time since last: 1000227879 ns, Reaching safepoint: 124616 ns, At safepoint: 7770 ns, Total: 132386 ns
[2020-09-11T19:03:42.514+0000][1][safepoint    ] Safepoint "Cleanup", Time since last: 1000107967 ns, Reaching safepoint: 87891 ns, At safepoint: 5676 ns, Total: 93567 ns
[2020-09-11T19:03:43.515+0000][1][safepoint    ] Safepoint "Cleanup", Time since last: 1000189752 ns, Reaching safepoint: 181506 ns, At safepoint: 19648 ns, Total: 201154 ns
[2020-09-11T19:03:44.432+0000][1][safepoint    ] Safepoint "RevokeBias", Time since last: 917505027 ns, Reaching safepoint: 179681 ns, At safepoint: 27322 ns, Total: 207003 ns
[2020-09-11T19:03:44.451+0000][1][safepoint    ] Safepoint "RevokeBias", Time since last: 18427440 ns, Reaching safepoint: 183815 ns, At safepoint: 24282 ns, Total: 208097 ns
[2020-09-11T19:03:44.485+0000][1][safepoint    ] Safepoint "RevokeBias", Time since last: 33482813 ns, Reaching safepoint: 103945 ns, At safepoint: 22831 ns, Total: 126776 ns
[2020-09-11T19:03:44.520+0000][1][safepoint    ] Safepoint "RevokeBias", Time since last: 35546302 ns, Reaching safepoint: 95885 ns, At safepoint: 20507 ns, Total: 116392 ns
[2020-09-11T19:03:44.538+0000][1][safepoint    ] Safepoint "RevokeBias", Time since last: 17432214 ns, Reaching safepoint: 101204 ns, At safepoint: 22956 ns, Total: 124160 ns
[2020-09-11T19:03:44.663+0000][1][safepoint    ] Safepoint "BulkRevokeBias", Time since last: 125149352 ns, Reaching safepoint: 100638 ns, At safepoint: 389367 ns, Total: 490005 ns
[2020-09-11T19:03:45.084+0000][1][safepoint    ] Safepoint "RevokeBias", Time since last: 420655498 ns, Reaching safepoint: 355602 ns, At safepoint: 51290 ns, Total: 406892 ns
[2020-09-11T19:03:45.085+0000][1][safepoint    ] Safepoint "RevokeBias", Time since last: 141962 ns, Reaching safepoint: 247778 ns, At safepoint: 127376 ns, Total: 375154 ns
[2020-09-11T19:03:45.085+0000][1][safepoint    ] Safepoint "RevokeBias", Time since last: 83053 ns, Reaching safepoint: 97424 ns, At safepoint: 51645 ns, Total: 149069 ns
[2020-09-11T19:03:45.086+0000][1][safepoint    ] Safepoint "BulkRevokeBias", Time since last: 70241 ns, Reaching safepoint: 91282 ns, At safepoint: 843199 ns, Total: 934481 ns
[2020-09-11T19:03:45.113+0000][1][safepoint    ] Safepoint "RevokeBias", Time since last: 26284349 ns, Reaching safepoint: 100036 ns, At safepoint: 33792 ns, Total: 133828 ns
[2020-09-11T19:03:46.113+0000][1][safepoint    ] Safepoint "Cleanup", Time since last: 1000148088 ns, Reaching safepoint: 192364 ns, At safepoint: 18814 ns, Total: 211178 ns
[2020-09-11T19:03:47.113+0000][1][safepoint    ] Safepoint "Cleanup", Time since last: 1000202330 ns, Reaching safepoint: 187850 ns, At safepoint: 19682 ns, Total: 207532 ns
[2020-09-11T19:03:48.114+0000][1][safepoint    ] Safepoint "Cleanup", Time since last: 1000224026 ns, Reaching safepoint: 184640 ns, At safepoint: 18910 ns, Total: 203550 ns
[2020-09-11T19:03:48.448+0000][1][safepoint    ] Safepoint "RevokeBias", Time since last: 334128102 ns, Reaching safepoint: 241014 ns, At safepoint: 22788 ns, Total: 263802 ns
[2020-09-11T19:03:49.476+0000][1][safepoint    ] Safepoint "Cleanup", Time since last: 1028019377 ns, Reaching safepoint: 181640 ns, At safepoint: 20283 ns, Total: 201923 ns
[2020-09-11T19:03:50.477+0000][1][safepoint    ] Safepoint "Cleanup", Time since last: 1000223238 ns, Reaching safepoint: 123766 ns, At safepoint: 7792 ns, Total: 131558 ns
[2020-09-11T19:03:51.477+0000][1][safepoint    ] Safepoint "Cleanup", Time since last: 1000145424 ns, Reaching safepoint: 135502 ns, At safepoint: 7570 ns, Total: 143072 ns
[2020-09-11T19:03:52.477+0000][1][safepoint    ] Safepoint "Cleanup", Time since last: 1000175260 ns, Reaching safepoint: 121369 ns, At safepoint: 7438 ns, Total: 128807 ns
[2020-09-11T19:03:53.478+0000][1][safepoint    ] Safepoint "Cleanup", Time since last: 1000109817 ns, Reaching safepoint: 92235 ns, At safepoint: 7185 ns, Total: 99420 ns
[2020-09-11T19:03:54.478+0000][1][safepoint    ] Safepoint "Cleanup", Time since last: 1000142905 ns, Reaching safepoint: 130521 ns, At safepoint: 8039 ns, Total: 138560 ns
[2020-09-11T19:03:54.551+0000][1][safepoint    ] Safepoint "RevokeBias", Time since last: 72587175 ns, Reaching safepoint: 101800 ns, At safepoint: 24044 ns, Total: 125844 ns
[2020-09-11T19:03:54.573+0000][1][safepoint    ] Safepoint "RevokeBias", Time since last: 21961232 ns, Reaching safepoint: 98291 ns, At safepoint: 22861 ns, Total: 121152 ns
[2020-09-11T19:03:54.630+0000][1][safepoint    ] Safepoint "RevokeBias", Time since last: 57449259 ns, Reaching safepoint: 102641 ns, At safepoint: 21802 ns, Total: 124443 ns
[2020-09-11T19:03:54.709+0000][1][safepoint    ] Safepoint "RevokeBias", Time since last: 78200107 ns, Reaching safepoint: 100958 ns, At safepoint: 23023 ns, Total: 123981 ns
[2020-09-11T19:03:54.726+0000][1][safepoint    ] Safepoint "RevokeBias", Time since last: 17559460 ns, Reaching safepoint: 101828 ns, At safepoint: 23476 ns, Total: 125304 ns
[2020-09-11T19:03:54.842+0000][1][safepoint    ] Safepoint "RevokeBias", Time since last: 115733959 ns, Reaching safepoint: 104441 ns, At safepoint: 25096 ns, Total: 129537 ns
[2020-09-11T19:03:55.114+0000][1][safepoint    ] Safepoint "RevokeBias", Time since last: 272017964 ns, Reaching safepoint: 100925 ns, At safepoint: 22143 ns, Total: 123068 ns
[2020-09-11T19:03:56.115+0000][1][safepoint    ] Safepoint "Cleanup", Time since last: 1000160230 ns, Reaching safepoint: 128047 ns, At safepoint: 8337 ns, Total: 136384 ns
[2020-09-11T19:03:57.115+0000][1][safepoint    ] Safepoint "Cleanup", Time since last: 1000156021 ns, Reaching safepoint: 137797 ns, At safepoint: 7981 ns, Total: 145778 ns
[2020-09-11T19:03:58.115+0000][1][safepoint    ] Safepoint "Cleanup", Time since last: 1000110696 ns, Reaching safepoint: 93873 ns, At safepoint: 6638 ns, Total: 100511 ns
[2020-09-11T19:03:58.406+0000][1][gc,start     ] GC(276) Pause Young (Allocation Failure)
[2020-09-11T19:03:58.406+0000][1][gc,task      ] GC(276) Using 1 workers of 1 for evacuation
[2020-09-11T19:03:58.411+0000][1][gc,age       ] GC(276) Desired survivor size 4358144 bytes, new threshold 6 (max threshold 6)
[2020-09-11T19:03:58.411+0000][1][gc,age       ] GC(276) Age table with threshold 6 (max threshold 6)
[2020-09-11T19:03:58.411+0000][1][gc,age       ] GC(276) - age   1:     252744 bytes,     252744 total
[2020-09-11T19:03:58.411+0000][1][gc,age       ] GC(276) - age   2:     113136 bytes,     365880 total
[2020-09-11T19:03:58.411+0000][1][gc,age       ] GC(276) - age   3:      45416 bytes,     411296 total
[2020-09-11T19:03:58.411+0000][1][gc,age       ] GC(276) - age   4:      51840 bytes,     463136 total
[2020-09-11T19:03:58.411+0000][1][gc,age       ] GC(276) - age   5:      38528 bytes,     501664 total
[2020-09-11T19:03:58.411+0000][1][gc,age       ] GC(276) - age   6:       1352 bytes,     503016 total
[2020-09-11T19:03:58.411+0000][1][gc,heap      ] GC(276) ParNew: 69081K->750K(76672K)
[2020-09-11T19:03:58.411+0000][1][gc,heap      ] GC(276) CMS: 95677K->95678K(439104K)
[2020-09-11T19:03:58.411+0000][1][gc,metaspace ] GC(276) Metaspace: 101007K->101007K(1142784K)
[2020-09-11T19:03:58.411+0000][1][gc           ] GC(276) Pause Young (Allocation Failure) 160M->94M(503M) 5.197ms
[2020-09-11T19:03:58.411+0000][1][gc,cpu       ] GC(276) User=0.01s Sys=0.00s Real=0.00s
[2020-09-11T19:03:58.412+0000][1][safepoint    ] Safepoint "GenCollectForAllocation", Time since last: 289199696 ns, Reaching safepoint: 1835875 ns, At safepoint: 5850212 ns, Total: 7686087 ns
[2020-09-11T19:03:58.444+0000][1][safepoint    ] Safepoint "RevokeBias", Time since last: 31824418 ns, Reaching safepoint: 226068 ns, At safepoint: 22257 ns, Total: 248325 ns
[2020-09-11T19:03:59.444+0000][1][safepoint    ] Safepoint "Cleanup", Time since last: 1000184174 ns, Reaching safepoint: 113894 ns, At safepoint: 7857 ns, Total: 121751 ns
[2020-09-11T19:04:00.445+0000][1][safepoint    ] Safepoint "Cleanup", Time since last: 1000172489 ns, Reaching safepoint: 108098 ns, At safepoint: 6799 ns, Total: 114897 ns
[2020-09-11T19:04:01.445+0000][1][safepoint    ] Safepoint "Cleanup", Time since last: 1000196942 ns, Reaching safepoint: 175849 ns, At safepoint: 18393 ns, Total: 194242 ns
[2020-09-11T19:04:02.445+0000][1][safepoint    ] Safepoint "Cleanup", Time since last: 1000236166 ns, Reaching safepoint: 175252 ns, At safepoint: 18689 ns, Total: 193941 ns
[2020-09-11T19:04:03.446+0000][1][safepoint    ] Safepoint "Cleanup", Time since last: 1000223992 ns, Reaching safepoint: 222413 ns, At safepoint: 20537 ns, Total: 242950 ns
[2020-09-11T19:04:04.446+0000][1][safepoint    ] Safepoint "Cleanup", Time since last: 1000249964 ns, Reaching safepoint: 124029 ns, At safepoint: 8722 ns, Total: 132751 ns
[2020-09-11T19:04:04.748+0000][1][safepoint    ] Safepoint "RevokeBias", Time since last: 301717290 ns, Reaching safepoint: 209086 ns, At safepoint: 23998 ns, Total: 233084 ns
[2020-09-11T19:04:04.768+0000][1][safepoint    ] Safepoint "RevokeBias", Time since last: 19682171 ns, Reaching safepoint: 97407 ns, At safepoint: 22669 ns, Total: 120076 ns
[2020-09-11T19:04:04.818+0000][1][safepoint    ] Safepoint "RevokeBias", Time since last: 50275013 ns, Reaching safepoint: 108623 ns, At safepoint: 23549 ns, Total: 132172 ns
[2020-09-11T19:04:04.838+0000][1][safepoint    ] Safepoint "RevokeBias", Time since last: 19040934 ns, Reaching safepoint: 97712 ns, At safepoint: 22422 ns, Total: 120134 ns
[2020-09-11T19:04:04.869+0000][1][safepoint    ] Safepoint "RevokeBias", Time since last: 31525356 ns, Reaching safepoint: 101542 ns, At safepoint: 22276 ns, Total: 123818 ns
[2020-09-11T19:04:04.992+0000][1][safepoint    ] Safepoint "RevokeBias", Time since last: 122740854 ns, Reaching safepoint: 100351 ns, At safepoint: 23098 ns, Total: 123449 ns
[2020-09-11T19:04:05.112+0000][1][safepoint    ] Safepoint "RevokeBias", Time since last: 119867528 ns, Reaching safepoint: 145552 ns, At safepoint: 30841 ns, Total: 176393 ns
[2020-09-11T19:04:06.113+0000][1][safepoint    ] Safepoint "Cleanup", Time since last: 1000158558 ns, Reaching safepoint: 184620 ns, At safepoint: 20096 ns, Total: 204716 ns
[2020-09-11T19:04:08.492+0000][1][safepoint    ] Safepoint "RevokeBias", Time since last: 2378868001 ns, Reaching safepoint: 111735 ns, At safepoint: 20718 ns, Total: 132453 ns
[2020-09-11T19:04:14.943+0000][1][safepoint    ] Safepoint "RevokeBias", Time since last: 6451347363 ns, Reaching safepoint: 220209 ns, At safepoint: 22922 ns, Total: 243131 ns
[2020-09-11T19:04:14.967+0000][1][safepoint    ] Safepoint "RevokeBias", Time since last: 23804133 ns, Reaching safepoint: 93267 ns, At safepoint: 20483 ns, Total: 113750 ns
[2020-09-11T19:04:14.994+0000][1][safepoint    ] Safepoint "RevokeBias", Time since last: 27323320 ns, Reaching safepoint: 98479 ns, At safepoint: 22679 ns, Total: 121158 ns
[2020-09-11T19:04:15.028+0000][1][safepoint    ] Safepoint "RevokeBias", Time since last: 33249895 ns, Reaching safepoint: 108317 ns, At safepoint: 22829 ns, Total: 131146 ns
[2020-09-11T19:04:15.050+0000][1][safepoint    ] Safepoint "RevokeBias", Time since last: 22010077 ns, Reaching safepoint: 100254 ns, At safepoint: 23024 ns, Total: 123278 ns
[2020-09-11T19:04:15.127+0000][1][gc,start     ] GC(277) Pause Young (Allocation Failure)
[2020-09-11T19:04:15.155+0000][1][gc,task      ] GC(277) Using 1 workers of 1 for evacuation
[2020-09-11T19:04:15.169+0000][1][gc,age       ] GC(277) Desired survivor size 4358144 bytes, new threshold 6 (max threshold 6)
[2020-09-11T19:04:15.169+0000][1][gc,age       ] GC(277) Age table with threshold 6 (max threshold 6)
[2020-09-11T19:04:15.169+0000][1][gc,age       ] GC(277) - age   1:     112912 bytes,     112912 total
[2020-09-11T19:04:15.169+0000][1][gc,age       ] GC(277) - age   2:      84472 bytes,     197384 total
[2020-09-11T19:04:15.169+0000][1][gc,age       ] GC(277) - age   3:     110672 bytes,     308056 total
[2020-09-11T19:04:15.169+0000][1][gc,age       ] GC(277) - age   4:      45352 bytes,     353408 total
[2020-09-11T19:04:15.169+0000][1][gc,age       ] GC(277) - age   5:      49112 bytes,     402520 total
[2020-09-11T19:04:15.169+0000][1][gc,age       ] GC(277) - age   6:       3656 bytes,     406176 total
[2020-09-11T19:04:15.169+0000][1][gc,heap      ] GC(277) ParNew: 68910K->555K(76672K)
[2020-09-11T19:04:15.169+0000][1][gc,heap      ] GC(277) CMS: 95678K->95679K(439104K)
[2020-09-11T19:04:15.169+0000][1][gc,metaspace ] GC(277) Metaspace: 101023K->101023K(1142784K)
[2020-09-11T19:04:15.169+0000][1][gc           ] GC(277) Pause Young (Allocation Failure) 160M->93M(503M) 42.494ms
[2020-09-11T19:04:15.169+0000][1][gc,cpu       ] GC(277) User=0.00s Sys=0.00s Real=0.04s
[2020-09-11T19:04:15.174+0000][1][safepoint    ] Safepoint "GenCollectForAllocation", Time since last: 76642450 ns, Reaching safepoint: 302185 ns, At safepoint: 46644743 ns, Total: 46946928 ns
[2020-09-11T19:04:15.180+0000][1][safepoint    ] Safepoint "RevokeBias", Time since last: 6634965 ns, Reaching safepoint: 212503 ns, At safepoint: 36217 ns, Total: 248720 ns
[2020-09-11T19:04:15.183+0000][1][safepoint    ] Safepoint "RevokeBias", Time since last: 2255118 ns, Reaching safepoint: 219767 ns, At safepoint: 34886 ns, Total: 254653 ns
[2020-09-11T19:04:18.186+0000][1][safepoint    ] Safepoint "Cleanup", Time since last: 3003279752 ns, Reaching safepoint: 126427 ns, At safepoint: 7583 ns, Total: 134010 ns
[2020-09-11T19:04:18.427+0000][1][safepoint    ] Safepoint "RevokeBias", Time since last: 240520095 ns, Reaching safepoint: 241613 ns, At safepoint: 21851 ns, Total: 263464 ns
[2020-09-11T19:04:20.292+0000][1][safepoint    ] Safepoint "RevokeBias", Time since last: 1864584372 ns, Reaching safepoint: 132863 ns, At safepoint: 21403 ns, Total: 154266 ns
[2020-09-11T19:04:20.300+0000][1][safepoint    ] Safepoint "RevokeBias", Time since last: 7872163 ns, Reaching safepoint: 78640 ns, At safepoint: 16746 ns, Total: 95386 ns
[2020-09-11T19:04:21.374+0000][1][safepoint    ] Safepoint "Cleanup", Time since last: 1000170901 ns, Reaching safepoint: 73519121 ns, At safepoint: 8311 ns, Total: 73527432 ns
[2020-09-11T19:04:25.181+0000][1][safepoint    ] Safepoint "RevokeBias", Time since last: 3806698710 ns, Reaching safepoint: 196698 ns, At safepoint: 24191 ns, Total: 220889 ns
[2020-09-11T19:04:27.181+0000][1][safepoint    ] Safepoint "Cleanup", Time since last: 2000199756 ns, Reaching safepoint: 118359 ns, At safepoint: 16722 ns, Total: 135081 ns
[2020-09-11T19:04:27.966+0000][1][safepoint    ] Safepoint "RevokeBias", Time since last: 784569889 ns, Reaching safepoint: 184589 ns, At safepoint: 23545 ns, Total: 208134 ns
[2020-09-11T19:04:27.966+0000][1][safepoint    ] Safepoint "RevokeBias", Time since last: 125036 ns, Reaching safepoint: 120506 ns, At safepoint: 14251 ns, Total: 134757 ns
[2020-09-11T19:04:27.968+0000][1][safepoint    ] Safepoint "RevokeBias", Time since last: 1855229 ns, Reaching safepoint: 207227 ns, At safepoint: 28026 ns, Total: 235253 ns
[2020-09-11T19:04:27.968+0000][1][safepoint    ] Safepoint "RevokeBias", Time since last: 50987 ns, Reaching safepoint: 114981 ns, At safepoint: 13146 ns, Total: 128127 ns
[2020-09-11T19:04:27.968+0000][1][safepoint    ] Safepoint "RevokeBias", Time since last: 152395 ns, Reaching safepoint: 120504 ns, At safepoint: 11760 ns, Total: 132264 ns
[2020-09-11T19:04:28.589+0000][1][safepoint    ] Safepoint "RevokeBias", Time since last: 611705522 ns, Reaching safepoint: 8743941 ns, At safepoint: 33523 ns, Total: 8777464 ns
[2020-09-11T19:04:28.848+0000][1][safepoint    ] Safepoint "RevokeBias", Time since last: 259306230 ns, Reaching safepoint: 81704 ns, At safepoint: 20874 ns, Total: 102578 ns
[2020-09-11T19:04:28.853+0000][1][safepoint    ] Safepoint "RevokeBias", Time since last: 4873232 ns, Reaching safepoint: 153387 ns, At safepoint: 21864 ns, Total: 175251 ns
[2020-09-11T19:04:28.854+0000][1][safepoint    ] Safepoint "RevokeBias", Time since last: 140736 ns, Reaching safepoint: 106023 ns, At safepoint: 13071 ns, Total: 119094 ns
[2020-09-11T19:04:28.854+0000][1][safepoint    ] Safepoint "RevokeBias", Time since last: 88551 ns, Reaching safepoint: 107594 ns, At safepoint: 11442 ns, Total: 119036 ns
[2020-09-11T19:04:28.854+0000][1][safepoint    ] Safepoint "RevokeBias", Time since last: 44254 ns, Reaching safepoint: 114009 ns, At safepoint: 11600 ns, Total: 125609 ns
[2020-09-11T19:04:28.875+0000][1][safepoint    ] Safepoint "RevokeBias", Time since last: 20799550 ns, Reaching safepoint: 164311 ns, At safepoint: 33831 ns, Total: 198142 ns
[2020-09-11T19:04:28.912+0000][1][gc,start     ] GC(278) Pause Young (Allocation Failure)
[2020-09-11T19:04:28.912+0000][1][gc,task      ] GC(278) Using 1 workers of 1 for evacuation
[2020-09-11T19:04:28.934+0000][1][gc,age       ] GC(278) Desired survivor size 4358144 bytes, new threshold 6 (max threshold 6)
[2020-09-11T19:04:28.934+0000][1][gc,age       ] GC(278) Age table with threshold 6 (max threshold 6)
[2020-09-11T19:04:28.934+0000][1][gc,age       ] GC(278) - age   1:     143752 bytes,     143752 total
[2020-09-11T19:04:28.934+0000][1][gc,age       ] GC(278) - age   2:      49536 bytes,     193288 total
[2020-09-11T19:04:28.934+0000][1][gc,age       ] GC(278) - age   3:      64760 bytes,     258048 total
[2020-09-11T19:04:28.934+0000][1][gc,age       ] GC(278) - age   4:     109096 bytes,     367144 total
[2020-09-11T19:04:28.934+0000][1][gc,age       ] GC(278) - age   5:      45352 bytes,     412496 total
[2020-09-11T19:04:28.934+0000][1][gc,age       ] GC(278) - age   6:      49112 bytes,     461608 total
[2020-09-11T19:04:28.934+0000][1][gc,heap      ] GC(278) ParNew: 68702K->872K(76672K)
[2020-09-11T19:04:28.934+0000][1][gc,heap      ] GC(278) CMS: 95679K->95683K(439104K)
[2020-09-11T19:04:28.934+0000][1][gc,metaspace ] GC(278) Metaspace: 101031K->101031K(1142784K)
[2020-09-11T19:04:28.934+0000][1][gc           ] GC(278) Pause Young (Allocation Failure) 160M->94M(503M) 21.756ms
[2020-09-11T19:04:28.934+0000][1][gc,cpu       ] GC(278) User=0.01s Sys=0.00s Real=0.03s
[2020-09-11T19:04:28.934+0000][1][safepoint    ] Safepoint "GenCollectForAllocation", Time since last: 36784455 ns, Reaching safepoint: 182427 ns, At safepoint: 21829624 ns, Total: 22012051 ns
[2020-09-11T19:04:28.936+0000][1][safepoint    ] Safepoint "RevokeBias", Time since last: 1669382 ns, Reaching safepoint: 85146 ns, At safepoint: 44570 ns, Total: 129716 ns
[2020-09-11T19:04:28.936+0000][1][safepoint    ] Safepoint "RevokeBias", Time since last: 226124 ns, Reaching safepoint: 71057 ns, At safepoint: 26278 ns, Total: 97335 ns
[2020-09-11T19:04:28.936+0000][1][safepoint    ] Safepoint "RevokeBias", Time since last: 63785 ns, Reaching safepoint: 53862 ns, At safepoint: 22665 ns, Total: 76527 ns
[2020-09-11T19:04:28.941+0000][1][safepoint    ] Safepoint "RevokeBias", Time since last: 4925804 ns, Reaching safepoint: 89609 ns, At safepoint: 40463 ns, Total: 130072 ns
[2020-09-11T19:04:28.941+0000][1][safepoint    ] Safepoint "RevokeBias", Time since last: 56892 ns, Reaching safepoint: 63108 ns, At safepoint: 26005 ns, Total: 89113 ns
[2020-09-11T19:04:28.942+0000][1][safepoint    ] Safepoint "RevokeBias", Time since last: 271996 ns, Reaching safepoint: 59048 ns, At safepoint: 26102 ns, Total: 85150 ns
[2020-09-11T19:04:29.944+0000][1][safepoint    ] Safepoint "Cleanup", Time since last: 1002731477 ns, Reaching safepoint: 91723 ns, At safepoint: 7610 ns, Total: 99333 ns
[2020-09-11T19:04:30.945+0000][1][safepoint    ] Safepoint "Cleanup", Time since last: 1000117187 ns, Reaching safepoint: 92936 ns, At safepoint: 9549 ns, Total: 102485 ns
[2020-09-11T19:04:31.945+0000][1][safepoint    ] Safepoint "Cleanup", Time since last: 1000091141 ns, Reaching safepoint: 92883 ns, At safepoint: 9427 ns, Total: 102310 ns
[2020-09-11T19:04:32.945+0000][1][safepoint    ] Safepoint "Cleanup", Time since last: 1000106359 ns, Reaching safepoint: 88682 ns, At safepoint: 6445 ns, Total: 95127 ns
[2020-09-11T19:04:33.945+0000][1][safepoint    ] Safepoint "Cleanup", Time since last: 1000105916 ns, Reaching safepoint: 90937 ns, At safepoint: 8654 ns, Total: 99591 ns
[2020-09-11T19:04:34.945+0000][1][safepoint    ] Safepoint "Cleanup", Time since last: 1000107703 ns, Reaching safepoint: 93413 ns, At safepoint: 8741 ns, Total: 102154 ns
[2020-09-11T19:04:35.083+0000][1][safepoint    ] Safepoint "RevokeBias", Time since last: 137336101 ns, Reaching safepoint: 94073 ns, At safepoint: 24380 ns, Total: 118453 ns
[2020-09-11T19:04:35.083+0000][1][safepoint    ] Safepoint "RevokeBias", Time since last: 65507 ns, Reaching safepoint: 62621 ns, At safepoint: 14291 ns, Total: 76912 ns
[2020-09-11T19:04:35.083+0000][1][safepoint    ] Safepoint "RevokeBias", Time since last: 35106 ns, Reaching safepoint: 50656 ns, At safepoint: 11974 ns, Total: 62630 ns
[2020-09-11T19:04:35.083+0000][1][safepoint    ] Safepoint "RevokeBias", Time since last: 44720 ns, Reaching safepoint: 45726 ns, At safepoint: 12080 ns, Total: 57806 ns
[2020-09-11T19:04:35.119+0000][1][safepoint    ] Safepoint "RevokeBias", Time since last: 35182515 ns, Reaching safepoint: 180326 ns, At safepoint: 23141 ns, Total: 203467 ns
[2020-09-11T19:04:36.119+0000][1][safepoint    ] Safepoint "Cleanup", Time since last: 1000111111 ns, Reaching safepoint: 98042 ns, At safepoint: 9670 ns, Total: 107712 ns
[2020-09-11T19:04:37.119+0000][1][safepoint    ] Safepoint "Cleanup", Time since last: 1000117199 ns, Reaching safepoint: 97297 ns, At safepoint: 7733 ns, Total: 105030 ns
[2020-09-11T19:04:38.119+0000][1][safepoint    ] Safepoint "Cleanup", Time since last: 1000123912 ns, Reaching safepoint: 94465 ns, At safepoint: 8258 ns, Total: 102723 ns
[2020-09-11T19:04:38.409+0000][1][safepoint    ] Safepoint "RevokeBias", Time since last: 286587360 ns, Reaching safepoint: 2929720 ns, At safepoint: 26025 ns, Total: 2955745 ns
[2020-09-11T19:04:38.474+0000][1][safepoint    ] Safepoint "RevokeBias", Time since last: 64510576 ns, Reaching safepoint: 531833 ns, At safepoint: 22917 ns, Total: 554750 ns
[2020-09-11T19:04:39.474+0000][1][safepoint    ] Safepoint "Cleanup", Time since last: 1000112881 ns, Reaching safepoint: 93286 ns, At safepoint: 6834 ns, Total: 100120 ns
[2020-09-11T19:04:40.474+0000][1][safepoint    ] Safepoint "Cleanup", Time since last: 1000114364 ns, Reaching safepoint: 95750 ns, At safepoint: 10086 ns, Total: 105836 ns
[2020-09-11T19:04:41.475+0000][1][safepoint    ] Safepoint "Cleanup", Time since last: 1000108996 ns, Reaching safepoint: 102016 ns, At safepoint: 6656 ns, Total: 108672 ns
[2020-09-11T19:04:42.475+0000][1][safepoint    ] Safepoint "Cleanup", Time since last: 1000119122 ns, Reaching safepoint: 95213 ns, At safepoint: 10625 ns, Total: 105838 ns
[2020-09-11T19:04:43.475+0000][1][safepoint    ] Safepoint "Cleanup", Time since last: 1000121970 ns, Reaching safepoint: 93429 ns, At safepoint: 7532 ns, Total: 100961 ns
[2020-09-11T19:04:44.475+0000][1][safepoint    ] Safepoint "Cleanup", Time since last: 1000143871 ns, Reaching safepoint: 94640 ns, At safepoint: 6642 ns, Total: 101282 ns
[2020-09-11T19:04:45.111+0000][1][safepoint    ] Safepoint "RevokeBias", Time since last: 635123265 ns, Reaching safepoint: 175127 ns, At safepoint: 23627 ns, Total: 198754 ns
[2020-09-11T19:04:46.111+0000][1][safepoint    ] Safepoint "Cleanup", Time since last: 1000107383 ns, Reaching safepoint: 92006 ns, At safepoint: 7044 ns, Total: 99050 ns
[2020-09-11T19:04:47.111+0000][1][safepoint    ] Safepoint "Cleanup", Time since last: 1000112687 ns, Reaching safepoint: 92938 ns, At safepoint: 7563 ns, Total: 100501 ns
[2020-09-11T19:04:48.111+0000][1][safepoint    ] Safepoint "Cleanup", Time since last: 1000117381 ns, Reaching safepoint: 93829 ns, At safepoint: 9542 ns, Total: 103371 ns
[2020-09-11T19:04:48.471+0000][1][safepoint    ] Safepoint "RevokeBias", Time since last: 358487928 ns, Reaching safepoint: 1673968 ns, At safepoint: 35264 ns, Total: 1709232 ns
[2020-09-11T19:04:48.515+0000][1][gc,start     ] GC(279) Pause Young (Allocation Failure)
[2020-09-11T19:04:48.515+0000][1][gc,task      ] GC(279) Using 1 workers of 1 for evacuation
[2020-09-11T19:04:48.525+0000][1][gc,age       ] GC(279) Desired survivor size 4358144 bytes, new threshold 6 (max threshold 6)
[2020-09-11T19:04:48.525+0000][1][gc,age       ] GC(279) Age table with threshold 6 (max threshold 6)
[2020-09-11T19:04:48.525+0000][1][gc,age       ] GC(279) - age   1:     706096 bytes,     706096 total
[2020-09-11T19:04:48.525+0000][1][gc,age       ] GC(279) - age   2:      80744 bytes,     786840 total
[2020-09-11T19:04:48.525+0000][1][gc,age       ] GC(279) - age   3:      46712 bytes,     833552 total
[2020-09-11T19:04:48.525+0000][1][gc,age       ] GC(279) - age   4:      53832 bytes,     887384 total
[2020-09-11T19:04:48.525+0000][1][gc,age       ] GC(279) - age   5:      63424 bytes,     950808 total
[2020-09-11T19:04:48.525+0000][1][gc,age       ] GC(279) - age   6:      45272 bytes,     996080 total
[2020-09-11T19:04:48.525+0000][1][gc,heap      ] GC(279) ParNew: 69032K->1112K(76672K)
[2020-09-11T19:04:48.525+0000][1][gc,heap      ] GC(279) CMS: 95683K->95731K(439104K)
[2020-09-11T19:04:48.525+0000][1][gc,metaspace ] GC(279) Metaspace: 101031K->101031K(1142784K)
[2020-09-11T19:04:48.525+0000][1][gc           ] GC(279) Pause Young (Allocation Failure) 160M->94M(503M) 10.024ms
[2020-09-11T19:04:48.525+0000][1][gc,cpu       ] GC(279) User=0.00s Sys=0.00s Real=0.01s
[2020-09-11T19:04:48.525+0000][1][safepoint    ] Safepoint "GenCollectForAllocation", Time since last: 40088388 ns, Reaching safepoint: 3639781 ns, At safepoint: 10102805 ns, Total: 13742586 ns
[2020-09-11T19:04:49.537+0000][1][safepoint    ] Safepoint "Cleanup", Time since last: 1011707266 ns, Reaching safepoint: 92276 ns, At safepoint: 20787 ns, Total: 113063 ns
[2020-09-11T19:04:50.537+0000][1][safepoint    ] Safepoint "Cleanup", Time since last: 1000106080 ns, Reaching safepoint: 88638 ns, At safepoint: 18949 ns, Total: 107587 ns
[2020-09-11T19:04:51.538+0000][1][safepoint    ] Safepoint "Cleanup", Time since last: 1000106465 ns, Reaching safepoint: 100939 ns, At safepoint: 8502 ns, Total: 109441 ns
[2020-09-11T19:04:52.538+0000][1][safepoint    ] Safepoint "Cleanup", Time since last: 1000118457 ns, Reaching safepoint: 90280 ns, At safepoint: 7542 ns, Total: 97822 ns
[2020-09-11T19:04:53.538+0000][1][safepoint    ] Safepoint "Cleanup", Time since last: 1000103157 ns, Reaching safepoint: 89277 ns, At safepoint: 5914 ns, Total: 95191 ns
[2020-09-11T19:04:54.538+0000][1][safepoint    ] Safepoint "Cleanup", Time since last: 1000106443 ns, Reaching safepoint: 91077 ns, At safepoint: 6063 ns, Total: 97140 ns
[2020-09-11T19:04:55.130+0000][1][safepoint    ] Safepoint "RevokeBias", Time since last: 591840856 ns, Reaching safepoint: 113065 ns, At safepoint: 24883 ns, Total: 137948 ns
[2020-09-11T19:04:56.130+0000][1][safepoint    ] Safepoint "Cleanup", Time since last: 1000100335 ns, Reaching safepoint: 118133 ns, At safepoint: 7442 ns, Total: 125575 ns
[2020-09-11T19:04:57.131+0000][1][safepoint    ] Safepoint "Cleanup", Time since last: 1000108743 ns, Reaching safepoint: 84868 ns, At safepoint: 6257 ns, Total: 91125 ns
[2020-09-11T19:04:58.131+0000][1][safepoint    ] Safepoint "Cleanup", Time since last: 1000110663 ns, Reaching safepoint: 88878 ns, At safepoint: 6613 ns, Total: 95491 ns
[2020-09-11T19:04:58.459+0000][1][safepoint    ] Safepoint "RevokeBias", Time since last: 326990423 ns, Reaching safepoint: 1264810 ns, At safepoint: 24895 ns, Total: 1289705 ns
[2020-09-11T19:04:59.459+0000][1][safepoint    ] Safepoint "Cleanup", Time since last: 1000110456 ns, Reaching safepoint: 95391 ns, At safepoint: 7494 ns, Total: 102885 ns
[2020-09-11T19:05:00.459+0000][1][safepoint    ] Safepoint "Cleanup", Time since last: 1000121793 ns, Reaching safepoint: 94227 ns, At safepoint: 7160 ns, Total: 101387 ns
[2020-09-11T19:05:01.460+0000][1][safepoint    ] Safepoint "Cleanup", Time since last: 1000116357 ns, Reaching safepoint: 92151 ns, At safepoint: 6987 ns, Total: 99138 ns
[2020-09-11T19:05:02.460+0000][1][safepoint    ] Safepoint "Cleanup", Time since last: 1000120945 ns, Reaching safepoint: 91810 ns, At safepoint: 7119 ns, Total: 98929 ns
[2020-09-11T19:05:03.460+0000][1][safepoint    ] Safepoint "Cleanup", Time since last: 1000114741 ns, Reaching safepoint: 96369 ns, At safepoint: 10590 ns, Total: 106959 ns
[2020-09-11T19:05:04.460+0000][1][safepoint    ] Safepoint "Cleanup", Time since last: 1000112360 ns, Reaching safepoint: 96776 ns, At safepoint: 9797 ns, Total: 106573 ns
[2020-09-11T19:05:05.152+0000][1][safepoint    ] Safepoint "RevokeBias", Time since last: 690977360 ns, Reaching safepoint: 181354 ns, At safepoint: 23914 ns, Total: 205268 ns
[2020-09-11T19:05:06.152+0000][1][safepoint    ] Safepoint "Cleanup", Time since last: 1000116431 ns, Reaching safepoint: 102033 ns, At safepoint: 10745 ns, Total: 112778 ns
[2020-09-11T19:05:07.152+0000][1][safepoint    ] Safepoint "Cleanup", Time since last: 1000112154 ns, Reaching safepoint: 96146 ns, At safepoint: 9939 ns, Total: 106085 ns
[2020-09-11T19:05:08.152+0000][1][safepoint    ] Safepoint "Cleanup", Time since last: 1000132520 ns, Reaching safepoint: 97036 ns, At safepoint: 10110 ns, Total: 107146 ns
[2020-09-11T19:05:08.446+0000][1][safepoint    ] Safepoint "RevokeBias", Time since last: 293545683 ns, Reaching safepoint: 233788 ns, At safepoint: 21850 ns, Total: 255638 ns
[2020-09-11T19:05:08.663+0000][1][gc,start     ] GC(280) Pause Young (Allocation Failure)
[2020-09-11T19:05:08.663+0000][1][gc,task      ] GC(280) Using 1 workers of 1 for evacuation
[2020-09-11T19:05:08.668+0000][1][gc,age       ] GC(280) Desired survivor size 4358144 bytes, new threshold 6 (max threshold 6)
[2020-09-11T19:05:08.668+0000][1][gc,age       ] GC(280) Age table with threshold 6 (max threshold 6)
[2020-09-11T19:05:08.668+0000][1][gc,age       ] GC(280) - age   1:     153496 bytes,     153496 total
[2020-09-11T19:05:08.668+0000][1][gc,age       ] GC(280) - age   2:     121552 bytes,     275048 total
[2020-09-11T19:05:08.668+0000][1][gc,age       ] GC(280) - age   3:      61520 bytes,     336568 total
[2020-09-11T19:05:08.668+0000][1][gc,age       ] GC(280) - age   4:      46400 bytes,     382968 total
[2020-09-11T19:05:08.668+0000][1][gc,age       ] GC(280) - age   5:      53736 bytes,     436704 total
[2020-09-11T19:05:08.668+0000][1][gc,age       ] GC(280) - age   6:      63424 bytes,     500128 total
[2020-09-11T19:05:08.668+0000][1][gc,heap      ] GC(280) ParNew: 69209K->799K(76672K)
[2020-09-11T19:05:08.668+0000][1][gc,heap      ] GC(280) CMS: 95731K->95765K(439104K)
[2020-09-11T19:05:08.668+0000][1][gc,metaspace ] GC(280) Metaspace: 101043K->101043K(1142784K)
[2020-09-11T19:05:08.668+0000][1][gc           ] GC(280) Pause Young (Allocation Failure) 161M->94M(503M) 5.631ms
[2020-09-11T19:05:08.668+0000][1][gc,cpu       ] GC(280) User=0.01s Sys=0.00s Real=0.00s
[2020-09-11T19:05:08.669+0000][1][safepoint    ] Safepoint "GenCollectForAllocation", Time since last: 216459174 ns, Reaching safepoint: 116847 ns, At safepoint: 6367806 ns, Total: 6484653 ns
[2020-09-11T19:05:09.670+0000][1][safepoint    ] Safepoint "Cleanup", Time since last: 1000745052 ns, Reaching safepoint: 85556 ns, At safepoint: 17780 ns, Total: 103336 ns
[2020-09-11T19:05:10.670+0000][1][safepoint    ] Safepoint "Cleanup", Time since last: 1000139417 ns, Reaching safepoint: 192070 ns, At safepoint: 17841 ns, Total: 209911 ns
[2020-09-11T19:05:11.671+0000][1][safepoint    ] Safepoint "Cleanup", Time since last: 1000217954 ns, Reaching safepoint: 121149 ns, At safepoint: 7819 ns, Total: 128968 ns
[2020-09-11T19:05:12.671+0000][1][safepoint    ] Safepoint "Cleanup", Time since last: 1000193410 ns, Reaching safepoint: 123678 ns, At safepoint: 8780 ns, Total: 132458 ns
[2020-09-11T19:05:13.671+0000][1][safepoint    ] Safepoint "Cleanup", Time since last: 1000186773 ns, Reaching safepoint: 178182 ns, At safepoint: 18612 ns, Total: 196794 ns
[2020-09-11T19:05:14.672+0000][1][safepoint    ] Safepoint "Cleanup", Time since last: 1000183539 ns, Reaching safepoint: 154328 ns, At safepoint: 6472 ns, Total: 160800 ns
[2020-09-11T19:05:15.087+0000][1][safepoint    ] Safepoint "RevokeBias", Time since last: 414845608 ns, Reaching safepoint: 182599 ns, At safepoint: 49891 ns, Total: 232490 ns
[2020-09-11T19:05:15.087+0000][1][safepoint    ] Safepoint "RevokeBias", Time since last: 137983 ns, Reaching safepoint: 96518 ns, At safepoint: 31478 ns, Total: 127996 ns
[2020-09-11T19:05:15.087+0000][1][safepoint    ] Safepoint "RevokeBias", Time since last: 85009 ns, Reaching safepoint: 93374 ns, At safepoint: 29434 ns, Total: 122808 ns
[2020-09-11T19:05:15.087+0000][1][safepoint    ] Safepoint "RevokeBias", Time since last: 80588 ns, Reaching safepoint: 92074 ns, At safepoint: 29017 ns, Total: 121091 ns
[2020-09-11T19:05:15.115+0000][1][safepoint    ] Safepoint "RevokeBias", Time since last: 27687205 ns, Reaching safepoint: 156068 ns, At safepoint: 61388 ns, Total: 217456 ns
[2020-09-11T19:05:16.141+0000][1][safepoint    ] Safepoint "Cleanup", Time since last: 1025607874 ns, Reaching safepoint: 115304 ns, At safepoint: 7046 ns, Total: 122350 ns
[2020-09-11T19:05:17.141+0000][1][safepoint    ] Safepoint "Cleanup", Time since last: 1000121186 ns, Reaching safepoint: 94787 ns, At safepoint: 18899 ns, Total: 113686 ns
[2020-09-11T19:05:18.142+0000][1][safepoint    ] Safepoint "Cleanup", Time since last: 1000151702 ns, Reaching safepoint: 192017 ns, At safepoint: 19465 ns, Total: 211482 ns
[2020-09-11T19:05:18.481+0000][1][safepoint    ] Safepoint "RevokeBias", Time since last: 338844209 ns, Reaching safepoint: 237127 ns, At safepoint: 22322 ns, Total: 259449 ns
[2020-09-11T19:05:19.481+0000][1][safepoint    ] Safepoint "Cleanup", Time since last: 1000138984 ns, Reaching safepoint: 174393 ns, At safepoint: 19030 ns, Total: 193423 ns
[2020-09-11T19:05:20.481+0000][1][safepoint    ] Safepoint "Cleanup", Time since last: 1000160232 ns, Reaching safepoint: 92838 ns, At safepoint: 7573 ns, Total: 100411 ns
[2020-09-11T19:05:21.482+0000][1][safepoint    ] Safepoint "Cleanup", Time since last: 1000183945 ns, Reaching safepoint: 178175 ns, At safepoint: 18663 ns, Total: 196838 ns
[2020-09-11T19:05:22.482+0000][1][safepoint    ] Safepoint "Cleanup", Time since last: 1000220631 ns, Reaching safepoint: 169515 ns, At safepoint: 19425 ns, Total: 188940 ns
[2020-09-11T19:05:23.482+0000][1][safepoint    ] Safepoint "Cleanup", Time since last: 1000157083 ns, Reaching safepoint: 123652 ns, At safepoint: 8040 ns, Total: 131692 ns
[2020-09-11T19:05:24.483+0000][1][safepoint    ] Safepoint "Cleanup", Time since last: 1000214409 ns, Reaching safepoint: 179979 ns, At safepoint: 20273 ns, Total: 200252 ns
[2020-09-11T19:05:25.148+0000][1][safepoint    ] Safepoint "RevokeBias", Time since last: 665111420 ns, Reaching safepoint: 300686 ns, At safepoint: 49437 ns, Total: 350123 ns
[2020-09-11T19:05:26.149+0000][1][safepoint    ] Safepoint "Cleanup", Time since last: 1000176287 ns, Reaching safepoint: 224334 ns, At safepoint: 19405 ns, Total: 243739 ns
[2020-09-11T19:05:27.149+0000][1][safepoint    ] Safepoint "Cleanup", Time since last: 1000214809 ns, Reaching safepoint: 109023 ns, At safepoint: 7234 ns, Total: 116257 ns
[2020-09-11T19:05:28.149+0000][1][safepoint    ] Safepoint "Cleanup", Time since last: 1000148662 ns, Reaching safepoint: 138162 ns, At safepoint: 9329 ns, Total: 147491 ns
[2020-09-11T19:05:28.441+0000][1][safepoint    ] Safepoint "RevokeBias", Time since last: 290894446 ns, Reaching safepoint: 248557 ns, At safepoint: 305942 ns, Total: 554499 ns
[2020-09-11T19:05:28.510+0000][1][gc,start     ] GC(281) Pause Young (Allocation Failure)
[2020-09-11T19:05:28.510+0000][1][gc,task      ] GC(281) Using 1 workers of 1 for evacuation
[2020-09-11T19:05:28.517+0000][1][gc,age       ] GC(281) Desired survivor size 4358144 bytes, new threshold 6 (max threshold 6)
[2020-09-11T19:05:28.517+0000][1][gc,age       ] GC(281) Age table with threshold 6 (max threshold 6)
[2020-09-11T19:05:28.517+0000][1][gc,age       ] GC(281) - age   1:     638808 bytes,     638808 total
[2020-09-11T19:05:28.517+0000][1][gc,age       ] GC(281) - age   2:      21648 bytes,     660456 total
[2020-09-11T19:05:28.517+0000][1][gc,age       ] GC(281) - age   3:     119080 bytes,     779536 total
[2020-09-11T19:05:28.517+0000][1][gc,age       ] GC(281) - age   4:      61224 bytes,     840760 total
[2020-09-11T19:05:28.517+0000][1][gc,age       ] GC(281) - age   5:      46400 bytes,     887160 total
[2020-09-11T19:05:28.517+0000][1][gc,age       ] GC(281) - age   6:      53736 bytes,     940896 total
[2020-09-11T19:05:28.517+0000][1][gc,heap      ] GC(281) ParNew: 68959K->1132K(76672K)
[2020-09-11T19:05:28.517+0000][1][gc,heap      ] GC(281) CMS: 95765K->95827K(439104K)
[2020-09-11T19:05:28.517+0000][1][gc,metaspace ] GC(281) Metaspace: 101043K->101043K(1142784K)
[2020-09-11T19:05:28.517+0000][1][gc           ] GC(281) Pause Young (Allocation Failure) 160M->94M(503M) 6.678ms
[2020-09-11T19:05:28.517+0000][1][gc,cpu       ] GC(281) User=0.01s Sys=0.00s Real=0.01s
[2020-09-11T19:05:28.517+0000][1][safepoint    ] Safepoint "GenCollectForAllocation", Time since last: 69191015 ns, Reaching safepoint: 297452 ns, At safepoint: 6761704 ns, Total: 7059156 ns
[2020-09-11T19:05:29.524+0000][1][safepoint    ] Safepoint "Cleanup", Time since last: 1007293391 ns, Reaching safepoint: 182619 ns, At safepoint: 55734 ns, Total: 238353 ns
[2020-09-11T19:05:30.525+0000][1][safepoint    ] Safepoint "Cleanup", Time since last: 1000219881 ns, Reaching safepoint: 225303 ns, At safepoint: 44993 ns, Total: 270296 ns
[2020-09-11T19:05:31.529+0000][1][safepoint    ] Safepoint "Cleanup", Time since last: 1003771798 ns, Reaching safepoint: 95716 ns, At safepoint: 7126 ns, Total: 102842 ns
[2020-09-11T19:05:32.529+0000][1][safepoint    ] Safepoint "Cleanup", Time since last: 1000179697 ns, Reaching safepoint: 175051 ns, At safepoint: 18088 ns, Total: 193139 ns
[2020-09-11T19:05:33.529+0000][1][safepoint    ] Safepoint "Cleanup", Time since last: 1000155941 ns, Reaching safepoint: 94747 ns, At safepoint: 7023 ns, Total: 101770 ns
[2020-09-11T19:05:34.530+0000][1][safepoint    ] Safepoint "Cleanup", Time since last: 1000135018 ns, Reaching safepoint: 136195 ns, At safepoint: 6313 ns, Total: 142508 ns
[2020-09-11T19:05:35.115+0000][1][safepoint    ] Safepoint "RevokeBias", Time since last: 584562276 ns, Reaching safepoint: 304057 ns, At safepoint: 46825 ns, Total: 350882 ns
[2020-09-11T19:05:36.115+0000][1][safepoint    ] Safepoint "Cleanup", Time since last: 1000207746 ns, Reaching safepoint: 180330 ns, At safepoint: 19290 ns, Total: 199620 ns
[2020-09-11T19:05:37.115+0000][1][safepoint    ] Safepoint "Cleanup", Time since last: 1000198090 ns, Reaching safepoint: 140108 ns, At safepoint: 6813 ns, Total: 146921 ns
[2020-09-11T19:05:38.116+0000][1][safepoint    ] Safepoint "Cleanup", Time since last: 1000178169 ns, Reaching safepoint: 129424 ns, At safepoint: 9550 ns, Total: 138974 ns
[2020-09-11T19:05:38.444+0000][1][safepoint    ] Safepoint "RevokeBias", Time since last: 327616144 ns, Reaching safepoint: 230550 ns, At safepoint: 23306 ns, Total: 253856 ns
[2020-09-11T19:05:39.499+0000][1][safepoint    ] Safepoint "Cleanup", Time since last: 1055271505 ns, Reaching safepoint: 170431 ns, At safepoint: 17884 ns, Total: 188315 ns
[2020-09-11T19:05:40.499+0000][1][safepoint    ] Safepoint "Cleanup", Time since last: 1000184363 ns, Reaching safepoint: 176768 ns, At safepoint: 19161 ns, Total: 195929 ns
[2020-09-11T19:05:41.500+0000][1][safepoint    ] Safepoint "Cleanup", Time since last: 1000183572 ns, Reaching safepoint: 181319 ns, At safepoint: 17777 ns, Total: 199096 ns
[2020-09-11T19:05:42.500+0000][1][safepoint    ] Safepoint "Cleanup", Time since last: 1000224453 ns, Reaching safepoint: 119077 ns, At safepoint: 7580 ns, Total: 126657 ns
[2020-09-11T19:05:43.500+0000][1][safepoint    ] Safepoint "Cleanup", Time since last: 1000114121 ns, Reaching safepoint: 97212 ns, At safepoint: 7287 ns, Total: 104499 ns
[2020-09-11T19:05:44.501+0000][1][safepoint    ] Safepoint "Cleanup", Time since last: 1000192120 ns, Reaching safepoint: 208491 ns, At safepoint: 19063 ns, Total: 227554 ns
[2020-09-11T19:05:45.116+0000][1][safepoint    ] Safepoint "RevokeBias", Time since last: 614796068 ns, Reaching safepoint: 146760 ns, At safepoint: 36644 ns, Total: 183404 ns
[2020-09-11T19:05:48.480+0000][1][safepoint    ] Safepoint "RevokeBias", Time since last: 3364346269 ns, Reaching safepoint: 190553 ns, At safepoint: 23734 ns, Total: 214287 ns
[2020-09-11T19:05:50.618+0000][1][gc,start     ] GC(282) Pause Young (Allocation Failure)
[2020-09-11T19:05:50.618+0000][1][gc,task      ] GC(282) Using 1 workers of 1 for evacuation
[2020-09-11T19:05:50.623+0000][1][gc,age       ] GC(282) Desired survivor size 4358144 bytes, new threshold 6 (max threshold 6)
[2020-09-11T19:05:50.623+0000][1][gc,age       ] GC(282) Age table with threshold 6 (max threshold 6)
[2020-09-11T19:05:50.623+0000][1][gc,age       ] GC(282) - age   1:      62648 bytes,      62648 total
[2020-09-11T19:05:50.623+0000][1][gc,age       ] GC(282) - age   2:       4608 bytes,      67256 total
[2020-09-11T19:05:50.623+0000][1][gc,age       ] GC(282) - age   3:      17984 bytes,      85240 total
[2020-09-11T19:05:50.623+0000][1][gc,age       ] GC(282) - age   4:     119080 bytes,     204320 total
[2020-09-11T19:05:50.623+0000][1][gc,age       ] GC(282) - age   5:      61224 bytes,     265544 total
[2020-09-11T19:05:50.623+0000][1][gc,age       ] GC(282) - age   6:      46400 bytes,     311944 total
[2020-09-11T19:05:50.624+0000][1][gc,heap      ] GC(282) ParNew: 69292K->830K(76672K)
[2020-09-11T19:05:50.624+0000][1][gc,heap      ] GC(282) CMS: 95827K->95879K(439104K)
[2020-09-11T19:05:50.624+0000][1][gc,metaspace ] GC(282) Metaspace: 101044K->101044K(1142784K)
[2020-09-11T19:05:50.624+0000][1][gc           ] GC(282) Pause Young (Allocation Failure) 161M->94M(503M) 5.152ms
[2020-09-11T19:05:50.624+0000][1][gc,cpu       ] GC(282) User=0.01s Sys=0.00s Real=0.01s
[2020-09-11T19:05:50.624+0000][1][safepoint    ] Safepoint "GenCollectForAllocation", Time since last: 2137822612 ns, Reaching safepoint: 199293 ns, At safepoint: 5223032 ns, Total: 5422325 ns
[2020-09-11T19:05:55.107+0000][1][safepoint    ] Safepoint "RevokeBias", Time since last: 4483092485 ns, Reaching safepoint: 224967 ns, At safepoint: 23342 ns, Total: 248309 ns
[2020-09-11T19:05:57.107+0000][1][safepoint    ] Safepoint "Cleanup", Time since last: 2000284357 ns, Reaching safepoint: 150478 ns, At safepoint: 8491 ns, Total: 158969 ns
[2020-09-11T19:05:58.443+0000][1][safepoint    ] Safepoint "RevokeBias", Time since last: 1335514124 ns, Reaching safepoint: 231648 ns, At safepoint: 46309 ns, Total: 277957 ns
[2020-09-11T19:05:59.443+0000][1][safepoint    ] Safepoint "Cleanup", Time since last: 1000109596 ns, Reaching safepoint: 112071 ns, At safepoint: 7692 ns, Total: 119763 ns
[2020-09-11T19:06:05.151+0000][1][safepoint    ] Safepoint "RevokeBias", Time since last: 5707581925 ns, Reaching safepoint: 301394 ns, At safepoint: 50282 ns, Total: 351676 ns
[2020-09-11T19:06:08.439+0000][1][safepoint    ] Safepoint "RevokeBias", Time since last: 3287631939 ns, Reaching safepoint: 206145 ns, At safepoint: 21714 ns, Total: 227859 ns
[2020-09-11T19:06:11.657+0000][1][gc,start     ] GC(283) Pause Young (Allocation Failure)
[2020-09-11T19:06:11.657+0000][1][gc,task      ] GC(283) Using 1 workers of 1 for evacuation
[2020-09-11T19:06:11.662+0000][1][gc,age       ] GC(283) Desired survivor size 4358144 bytes, new threshold 6 (max threshold 6)
[2020-09-11T19:06:11.662+0000][1][gc,age       ] GC(283) Age table with threshold 6 (max threshold 6)
[2020-09-11T19:06:11.662+0000][1][gc,age       ] GC(283) - age   1:      49088 bytes,      49088 total
[2020-09-11T19:06:11.662+0000][1][gc,age       ] GC(283) - age   2:      18320 bytes,      67408 total
[2020-09-11T19:06:11.662+0000][1][gc,age       ] GC(283) - age   3:       1552 bytes,      68960 total
[2020-09-11T19:06:11.662+0000][1][gc,age       ] GC(283) - age   4:      15864 bytes,      84824 total
[2020-09-11T19:06:11.662+0000][1][gc,age       ] GC(283) - age   5:     119080 bytes,     203904 total
[2020-09-11T19:06:11.662+0000][1][gc,age       ] GC(283) - age   6:      61224 bytes,     265128 total
[2020-09-11T19:06:11.662+0000][1][gc,heap      ] GC(283) ParNew: 68990K->283K(76672K)
[2020-09-11T19:06:11.662+0000][1][gc,heap      ] GC(283) CMS: 95879K->95925K(439104K)
[2020-09-11T19:06:11.662+0000][1][gc,metaspace ] GC(283) Metaspace: 101044K->101044K(1142784K)
[2020-09-11T19:06:11.662+0000][1][gc           ] GC(283) Pause Young (Allocation Failure) 161M->93M(503M) 4.914ms
[2020-09-11T19:06:11.662+0000][1][gc,cpu       ] GC(283) User=0.00s Sys=0.00s Real=0.01s
[2020-09-11T19:06:11.662+0000][1][safepoint    ] Safepoint "GenCollectForAllocation", Time since last: 3217857878 ns, Reaching safepoint: 89303 ns, At safepoint: 4980716 ns, Total: 5070019 ns
[2020-09-11T19:06:15.112+0000][1][safepoint    ] Safepoint "BulkRevokeBias", Time since last: 3449323736 ns, Reaching safepoint: 177815 ns, At safepoint: 258893 ns, Total: 436708 ns
[2020-09-11T19:06:18.448+0000][1][safepoint    ] Safepoint "BulkRevokeBias", Time since last: 3335905748 ns, Reaching safepoint: 184638 ns, At safepoint: 291218 ns, Total: 475856 ns
[2020-09-11T19:06:18.479+0000][1][safepoint    ] Safepoint "RevokeBias", Time since last: 30903821 ns, Reaching safepoint: 176314 ns, At safepoint: 21627 ns, Total: 197941 ns
[2020-09-11T19:06:25.143+0000][1][safepoint    ] Safepoint "RevokeBias", Time since last: 6662890282 ns, Reaching safepoint: 316669 ns, At safepoint: 50021 ns, Total: 366690 ns
[2020-09-11T19:06:28.455+0000][1][safepoint    ] Safepoint "RevokeBias", Time since last: 3311898179 ns, Reaching safepoint: 189736 ns, At safepoint: 20544 ns, Total: 210280 ns
[2020-09-11T19:06:30.694+0000][1][gc,start     ] GC(284) Pause Young (Allocation Failure)
[2020-09-11T19:06:30.694+0000][1][gc,task      ] GC(284) Using 1 workers of 1 for evacuation
[2020-09-11T19:06:30.703+0000][1][gc,age       ] GC(284) Desired survivor size 4358144 bytes, new threshold 6 (max threshold 6)
[2020-09-11T19:06:30.703+0000][1][gc,age       ] GC(284) Age table with threshold 6 (max threshold 6)
[2020-09-11T19:06:30.703+0000][1][gc,age       ] GC(284) - age   1:      65184 bytes,      65184 total
[2020-09-11T19:06:30.703+0000][1][gc,age       ] GC(284) - age   2:       5544 bytes,      70728 total
[2020-09-11T19:06:30.703+0000][1][gc,age       ] GC(284) - age   3:        136 bytes,      70864 total
[2020-09-11T19:06:30.703+0000][1][gc,age       ] GC(284) - age   4:       1240 bytes,      72104 total
[2020-09-11T19:06:30.703+0000][1][gc,age       ] GC(284) - age   5:      15824 bytes,      87928 total
[2020-09-11T19:06:30.703+0000][1][gc,age       ] GC(284) - age   6:     119080 bytes,     207008 total
[2020-09-11T19:06:30.703+0000][1][gc,heap      ] GC(284) ParNew: 68443K->265K(76672K)
[2020-09-11T19:06:30.703+0000][1][gc,heap      ] GC(284) CMS: 95925K->95985K(439104K)
[2020-09-11T19:06:30.703+0000][1][gc,metaspace ] GC(284) Metaspace: 101044K->101044K(1142784K)
[2020-09-11T19:06:30.703+0000][1][gc           ] GC(284) Pause Young (Allocation Failure) 160M->93M(503M) 9.494ms
[2020-09-11T19:06:30.703+0000][1][gc,cpu       ] GC(284) User=0.00s Sys=0.00s Real=0.01s
[2020-09-11T19:06:30.703+0000][1][safepoint    ] Safepoint "GenCollectForAllocation", Time since last: 2238692483 ns, Reaching safepoint: 281345 ns, At safepoint: 9575015 ns, Total: 9856360 ns
[2020-09-11T19:06:35.112+0000][1][safepoint    ] Safepoint "RevokeBias", Time since last: 4408083059 ns, Reaching safepoint: 231787 ns, At safepoint: 26124 ns, Total: 257911 ns
[2020-09-11T19:06:38.434+0000][1][safepoint    ] Safepoint "RevokeBias", Time since last: 3322173040 ns, Reaching safepoint: 98763 ns, At safepoint: 19612 ns, Total: 118375 ns
[2020-09-11T19:06:45.165+0000][1][safepoint    ] Safepoint "RevokeBias", Time since last: 6731215998 ns, Reaching safepoint: 110900 ns, At safepoint: 22459 ns, Total: 133359 ns
[2020-09-11T19:06:46.165+0000][1][safepoint    ] Safepoint "Cleanup", Time since last: 1000113311 ns, Reaching safepoint: 93506 ns, At safepoint: 10251 ns, Total: 103757 ns
[2020-09-11T19:06:47.166+0000][1][safepoint    ] Safepoint "Cleanup", Time since last: 1000131468 ns, Reaching safepoint: 97979 ns, At safepoint: 10846 ns, Total: 108825 ns
[2020-09-11T19:06:48.166+0000][1][safepoint    ] Safepoint "Cleanup", Time since last: 1000117973 ns, Reaching safepoint: 98032 ns, At safepoint: 10059 ns, Total: 108091 ns
[2020-09-11T19:06:48.526+0000][1][safepoint    ] Safepoint "RevokeBias", Time since last: 359581519 ns, Reaching safepoint: 447440 ns, At safepoint: 22717 ns, Total: 470157 ns
[2020-09-11T19:06:49.526+0000][1][safepoint    ] Safepoint "Cleanup", Time since last: 1000115423 ns, Reaching safepoint: 105181 ns, At safepoint: 10887 ns, Total: 116068 ns
[2020-09-11T19:06:50.526+0000][1][safepoint    ] Safepoint "Cleanup", Time since last: 1000121303 ns, Reaching safepoint: 96807 ns, At safepoint: 10583 ns, Total: 107390 ns
[2020-09-11T19:06:50.729+0000][1][gc,start     ] GC(285) Pause Young (Allocation Failure)
[2020-09-11T19:06:50.729+0000][1][gc,task      ] GC(285) Using 1 workers of 1 for evacuation
[2020-09-11T19:06:50.737+0000][1][gc,age       ] GC(285) Desired survivor size 4358144 bytes, new threshold 6 (max threshold 6)
[2020-09-11T19:06:50.737+0000][1][gc,age       ] GC(285) Age table with threshold 6 (max threshold 6)
[2020-09-11T19:06:50.737+0000][1][gc,age       ] GC(285) - age   1:      80392 bytes,      80392 total
[2020-09-11T19:06:50.737+0000][1][gc,age       ] GC(285) - age   2:       4544 bytes,      84936 total
[2020-09-11T19:06:50.737+0000][1][gc,age       ] GC(285) - age   3:       1840 bytes,      86776 total
[2020-09-11T19:06:50.737+0000][1][gc,age       ] GC(285) - age   4:        136 bytes,      86912 total
[2020-09-11T19:06:50.737+0000][1][gc,age       ] GC(285) - age   5:       1240 bytes,      88152 total
[2020-09-11T19:06:50.737+0000][1][gc,age       ] GC(285) - age   6:       5576 bytes,      93728 total
[2020-09-11T19:06:50.738+0000][1][gc,heap      ] GC(285) ParNew: 68425K->217K(76672K)
[2020-09-11T19:06:50.738+0000][1][gc,heap      ] GC(285) CMS: 95985K->96108K(439104K)
[2020-09-11T19:06:50.738+0000][1][gc,metaspace ] GC(285) Metaspace: 101064K->101064K(1142784K)
[2020-09-11T19:06:50.738+0000][1][gc           ] GC(285) Pause Young (Allocation Failure) 160M->94M(503M) 8.694ms
[2020-09-11T19:06:50.738+0000][1][gc,cpu       ] GC(285) User=0.00s Sys=0.00s Real=0.01s
[2020-09-11T19:06:50.738+0000][1][safepoint    ] Safepoint "GenCollectForAllocation", Time since last: 200319555 ns, Reaching safepoint: 2054565 ns, At safepoint: 8766295 ns, Total: 10820860 ns
[2020-09-11T19:06:51.741+0000][1][safepoint    ] Safepoint "Cleanup", Time since last: 1003421408 ns, Reaching safepoint: 85993 ns, At safepoint: 17800 ns, Total: 103793 ns
[2020-09-11T19:06:52.741+0000][1][safepoint    ] Safepoint "Cleanup", Time since last: 1000109801 ns, Reaching safepoint: 86495 ns, At safepoint: 18338 ns, Total: 104833 ns
[2020-09-11T19:06:53.742+0000][1][safepoint    ] Safepoint "Cleanup", Time since last: 1000107098 ns, Reaching safepoint: 87873 ns, At safepoint: 18386 ns, Total: 106259 ns
[2020-09-11T19:06:54.742+0000][1][safepoint    ] Safepoint "Cleanup", Time since last: 1000101774 ns, Reaching safepoint: 84534 ns, At safepoint: 14400 ns, Total: 98934 ns
[2020-09-11T19:06:55.115+0000][1][safepoint    ] Safepoint "RevokeBias", Time since last: 372936263 ns, Reaching safepoint: 97506 ns, At safepoint: 33767 ns, Total: 131273 ns
[2020-09-11T19:06:55.530+0000][1][safepoint    ] Safepoint "RevokeBias", Time since last: 415014492 ns, Reaching safepoint: 98867 ns, At safepoint: 33958 ns, Total: 132825 ns
[2020-09-11T19:06:55.601+0000][1][safepoint    ] Safepoint "RevokeBias", Time since last: 70799690 ns, Reaching safepoint: 174954 ns, At safepoint: 23192 ns, Total: 198146 ns
[2020-09-11T19:06:55.624+0000][1][safepoint    ] Safepoint "RevokeBias", Time since last: 23204188 ns, Reaching safepoint: 174996 ns, At safepoint: 23426 ns, Total: 198422 ns
[2020-09-11T19:06:55.670+0000][1][safepoint    ] Safepoint "RevokeBias", Time since last: 45859374 ns, Reaching safepoint: 175493 ns, At safepoint: 22773 ns, Total: 198266 ns
[2020-09-11T19:06:55.702+0000][1][safepoint    ] Safepoint "RevokeBias", Time since last: 31503444 ns, Reaching safepoint: 104236 ns, At safepoint: 25773 ns, Total: 130009 ns
[2020-09-11T19:06:55.860+0000][1][safepoint    ] Safepoint "RevokeBias", Time since last: 157975104 ns, Reaching safepoint: 106401 ns, At safepoint: 22774 ns, Total: 129175 ns
[2020-09-11T19:06:56.860+0000][1][safepoint    ] Safepoint "Cleanup", Time since last: 1000127130 ns, Reaching safepoint: 93682 ns, At safepoint: 7717 ns, Total: 101399 ns
[2020-09-11T19:06:57.861+0000][1][safepoint    ] Safepoint "Cleanup", Time since last: 1000129755 ns, Reaching safepoint: 92305 ns, At safepoint: 8308 ns, Total: 100613 ns
[2020-09-11T19:06:58.469+0000][1][safepoint    ] Safepoint "RevokeBias", Time since last: 608182576 ns, Reaching safepoint: 202517 ns, At safepoint: 23965 ns, Total: 226482 ns
[2020-09-11T19:06:59.469+0000][1][safepoint    ] Safepoint "Cleanup", Time since last: 1000110129 ns, Reaching safepoint: 91420 ns, At safepoint: 7176 ns, Total: 98596 ns
[2020-09-11T19:07:00.469+0000][1][safepoint    ] Safepoint "Cleanup", Time since last: 1000126778 ns, Reaching safepoint: 90649 ns, At safepoint: 6738 ns, Total: 97387 ns
[2020-09-11T19:07:01.470+0000][1][safepoint    ] Safepoint "Cleanup", Time since last: 1000113646 ns, Reaching safepoint: 92261 ns, At safepoint: 7546 ns, Total: 99807 ns
[2020-09-11T19:07:02.470+0000][1][safepoint    ] Safepoint "Cleanup", Time since last: 1000121305 ns, Reaching safepoint: 96303 ns, At safepoint: 10300 ns, Total: 106603 ns
[2020-09-11T19:07:03.470+0000][1][safepoint    ] Safepoint "Cleanup", Time since last: 1000114390 ns, Reaching safepoint: 91255 ns, At safepoint: 8117 ns, Total: 99372 ns
[2020-09-11T19:07:04.470+0000][1][safepoint    ] Safepoint "Cleanup", Time since last: 1000116706 ns, Reaching safepoint: 91323 ns, At safepoint: 7636 ns, Total: 98959 ns
[2020-09-11T19:07:05.117+0000][1][safepoint    ] Safepoint "RevokeBias", Time since last: 646674511 ns, Reaching safepoint: 173741 ns, At safepoint: 23174 ns, Total: 196915 ns
[2020-09-11T19:07:05.969+0000][1][safepoint    ] Safepoint "RevokeBias", Time since last: 852072271 ns, Reaching safepoint: 106392 ns, At safepoint: 26784 ns, Total: 133176 ns
[2020-09-11T19:07:06.970+0000][1][safepoint    ] Safepoint "Cleanup", Time since last: 1000114578 ns, Reaching safepoint: 91695 ns, At safepoint: 7663 ns, Total: 99358 ns
[2020-09-11T19:07:07.970+0000][1][safepoint    ] Safepoint "Cleanup", Time since last: 1000119367 ns, Reaching safepoint: 91444 ns, At safepoint: 7547 ns, Total: 98991 ns
[2020-09-11T19:07:08.460+0000][1][safepoint    ] Safepoint "RevokeBias", Time since last: 490286340 ns, Reaching safepoint: 230314 ns, At safepoint: 22247 ns, Total: 252561 ns
[2020-09-11T19:07:08.563+0000][1][gc,start     ] GC(286) Pause Young (Allocation Failure)
[2020-09-11T19:07:08.563+0000][1][gc,task      ] GC(286) Using 1 workers of 1 for evacuation
[2020-09-11T19:07:08.573+0000][1][gc,age       ] GC(286) Desired survivor size 4358144 bytes, new threshold 6 (max threshold 6)
[2020-09-11T19:07:08.582+0000][1][gc,age       ] GC(286) Age table with threshold 6 (max threshold 6)
[2020-09-11T19:07:08.582+0000][1][gc,age       ] GC(286) - age   1:     668040 bytes,     668040 total
[2020-09-11T19:07:08.582+0000][1][gc,age       ] GC(286) - age   2:      33640 bytes,     701680 total
[2020-09-11T19:07:08.582+0000][1][gc,age       ] GC(286) - age   3:       1272 bytes,     702952 total
[2020-09-11T19:07:08.582+0000][1][gc,age       ] GC(286) - age   4:       1552 bytes,     704504 total
[2020-09-11T19:07:08.582+0000][1][gc,age       ] GC(286) - age   5:        136 bytes,     704640 total
[2020-09-11T19:07:08.583+0000][1][gc,heap      ] GC(286) ParNew: 68377K->710K(76672K)
[2020-09-11T19:07:08.583+0000][1][gc,heap      ] GC(286) CMS: 96108K->96114K(439104K)
[2020-09-11T19:07:08.583+0000][1][gc,metaspace ] GC(286) Metaspace: 101079K->101079K(1142784K)
[2020-09-11T19:07:08.583+0000][1][gc           ] GC(286) Pause Young (Allocation Failure) 160M->94M(503M) 19.329ms
[2020-09-11T19:07:08.583+0000][1][gc,cpu       ] GC(286) User=0.01s Sys=0.00s Real=0.02s
[2020-09-11T19:07:08.583+0000][1][safepoint    ] Safepoint "GenCollectForAllocation", Time since last: 102696145 ns, Reaching safepoint: 172098 ns, At safepoint: 19419600 ns, Total: 19591698 ns
[2020-09-11T19:07:09.593+0000][1][safepoint    ] Safepoint "Cleanup", Time since last: 1010255976 ns, Reaching safepoint: 106914 ns, At safepoint: 7842 ns, Total: 114756 ns
[2020-09-11T19:07:10.593+0000][1][safepoint    ] Safepoint "Cleanup", Time since last: 1000123331 ns, Reaching safepoint: 91474 ns, At safepoint: 7663 ns, Total: 99137 ns
[2020-09-11T19:07:11.594+0000][1][safepoint    ] Safepoint "Cleanup", Time since last: 1000116207 ns, Reaching safepoint: 95719 ns, At safepoint: 7151 ns, Total: 102870 ns
[2020-09-11T19:07:12.594+0000][1][safepoint    ] Safepoint "Cleanup", Time since last: 1000119362 ns, Reaching safepoint: 91500 ns, At safepoint: 7657 ns, Total: 99157 ns
[2020-09-11T19:07:13.594+0000][1][safepoint    ] Safepoint "Cleanup", Time since last: 1000116747 ns, Reaching safepoint: 92883 ns, At safepoint: 7382 ns, Total: 100265 ns
[2020-09-11T19:07:14.594+0000][1][safepoint    ] Safepoint "Cleanup", Time since last: 1000137150 ns, Reaching safepoint: 94281 ns, At safepoint: 8563 ns, Total: 102844 ns
[2020-09-11T19:07:15.163+0000][1][safepoint    ] Safepoint "RevokeBias", Time since last: 569072645 ns, Reaching safepoint: 176453 ns, At safepoint: 23289 ns, Total: 199742 ns
[2020-09-11T19:07:16.037+0000][1][safepoint    ] Safepoint "RevokeBias", Time since last: 873833172 ns, Reaching safepoint: 102396 ns, At safepoint: 22425 ns, Total: 124821 ns
[2020-09-11T19:07:17.038+0000][1][safepoint    ] Safepoint "Cleanup", Time since last: 1000108760 ns, Reaching safepoint: 91156 ns, At safepoint: 7355 ns, Total: 98511 ns
[2020-09-11T19:07:18.038+0000][1][safepoint    ] Safepoint "Cleanup", Time since last: 1000112018 ns, Reaching safepoint: 96275 ns, At safepoint: 10133 ns, Total: 106408 ns
[2020-09-11T19:07:18.474+0000][1][safepoint    ] Safepoint "RevokeBias", Time since last: 435542247 ns, Reaching safepoint: 187900 ns, At safepoint: 24195 ns, Total: 212095 ns
[2020-09-11T19:07:19.474+0000][1][safepoint    ] Safepoint "Cleanup", Time since last: 1000111030 ns, Reaching safepoint: 91977 ns, At safepoint: 7046 ns, Total: 99023 ns
[2020-09-11T19:07:20.474+0000][1][safepoint    ] Safepoint "Cleanup", Time since last: 1000111145 ns, Reaching safepoint: 97052 ns, At safepoint: 10071 ns, Total: 107123 ns
[2020-09-11T19:07:21.474+0000][1][safepoint    ] Safepoint "Cleanup", Time since last: 1000115403 ns, Reaching safepoint: 95403 ns, At safepoint: 11041 ns, Total: 106444 ns
[2020-09-11T19:07:22.474+0000][1][safepoint    ] Safepoint "Cleanup", Time since last: 1000123943 ns, Reaching safepoint: 104368 ns, At safepoint: 10792 ns, Total: 115160 ns
[2020-09-11T19:07:23.475+0000][1][safepoint    ] Safepoint "Cleanup", Time since last: 1000129199 ns, Reaching safepoint: 94827 ns, At safepoint: 11107 ns, Total: 105934 ns
[2020-09-11T19:07:24.475+0000][1][safepoint    ] Safepoint "Cleanup", Time since last: 1000116873 ns, Reaching safepoint: 94011 ns, At safepoint: 9123 ns, Total: 103134 ns
[2020-09-11T19:07:25.119+0000][1][safepoint    ] Safepoint "RevokeBias", Time since last: 644073041 ns, Reaching safepoint: 183255 ns, At safepoint: 34790 ns, Total: 218045 ns
[2020-09-11T19:07:26.119+0000][1][safepoint    ] Safepoint "Cleanup", Time since last: 1000108239 ns, Reaching safepoint: 94372 ns, At safepoint: 7436 ns, Total: 101808 ns
[2020-09-11T19:07:26.163+0000][1][safepoint    ] Safepoint "RevokeBias", Time since last: 43201597 ns, Reaching safepoint: 97704 ns, At safepoint: 22532 ns, Total: 120236 ns
[2020-09-11T19:07:27.163+0000][1][safepoint    ] Safepoint "Cleanup", Time since last: 1000113408 ns, Reaching safepoint: 97432 ns, At safepoint: 11799 ns, Total: 109231 ns
[2020-09-11T19:07:28.163+0000][1][safepoint    ] Safepoint "Cleanup", Time since last: 1000117722 ns, Reaching safepoint: 89661 ns, At safepoint: 8171 ns, Total: 97832 ns
[2020-09-11T19:07:28.471+0000][1][safepoint    ] Safepoint "RevokeBias", Time since last: 307914923 ns, Reaching safepoint: 193701 ns, At safepoint: 22281 ns, Total: 215982 ns
[2020-09-11T19:07:28.559+0000][1][gc,start     ] GC(287) Pause Young (Allocation Failure)
[2020-09-11T19:07:28.559+0000][1][gc,task      ] GC(287) Using 1 workers of 1 for evacuation
[2020-09-11T19:07:28.568+0000][1][gc,age       ] GC(287) Desired survivor size 4358144 bytes, new threshold 6 (max threshold 6)
[2020-09-11T19:07:28.569+0000][1][gc,age       ] GC(287) Age table with threshold 6 (max threshold 6)
[2020-09-11T19:07:28.569+0000][1][gc,age       ] GC(287) - age   1:     676328 bytes,     676328 total
[2020-09-11T19:07:28.569+0000][1][gc,age       ] GC(287) - age   2:      52912 bytes,     729240 total
[2020-09-11T19:07:28.569+0000][1][gc,age       ] GC(287) - age   3:      16448 bytes,     745688 total
[2020-09-11T19:07:28.569+0000][1][gc,age       ] GC(287) - age   4:        960 bytes,     746648 total
[2020-09-11T19:07:28.569+0000][1][gc,age       ] GC(287) - age   6:        136 bytes,     746784 total
[2020-09-11T19:07:28.569+0000][1][gc,heap      ] GC(287) ParNew: 68870K->1076K(76672K)
[2020-09-11T19:07:28.569+0000][1][gc,heap      ] GC(287) CMS: 96114K->96114K(439104K)
[2020-09-11T19:07:28.569+0000][1][gc,metaspace ] GC(287) Metaspace: 101079K->101079K(1142784K)
[2020-09-11T19:07:28.569+0000][1][gc           ] GC(287) Pause Young (Allocation Failure) 161M->94M(503M) 9.624ms
[2020-09-11T19:07:28.569+0000][1][gc,cpu       ] GC(287) User=0.01s Sys=0.00s Real=0.01s
[2020-09-11T19:07:28.573+0000][1][safepoint    ] Safepoint "GenCollectForAllocation", Time since last: 87308166 ns, Reaching safepoint: 363879 ns, At safepoint: 13803467 ns, Total: 14167346 ns
[2020-09-11T19:07:28.995+0000][1][safepoint    ] Safepoint "RevokeBias", Time since last: 422506085 ns, Reaching safepoint: 118724 ns, At safepoint: 36966 ns, Total: 155690 ns
[2020-09-11T19:07:29.987+0000][1][safepoint    ] Safepoint "RevokeBias", Time since last: 988669468 ns, Reaching safepoint: 2918514 ns, At safepoint: 32702 ns, Total: 2951216 ns
[2020-09-11T19:07:29.993+0000][1][safepoint    ] Safepoint "RevokeBias", Time since last: 5709779 ns, Reaching safepoint: 243548 ns, At safepoint: 27138 ns, Total: 270686 ns
[2020-09-11T19:07:30.003+0000][1][safepoint    ] Safepoint "RevokeBias", Time since last: 2833735 ns, Reaching safepoint: 7098477 ns, At safepoint: 35900 ns, Total: 7134377 ns
[2020-09-11T19:07:30.020+0000][1][safepoint    ] Safepoint "RevokeBias", Time since last: 14076214 ns, Reaching safepoint: 3252235 ns, At safepoint: 32846 ns, Total: 3285081 ns
[2020-09-11T19:07:30.025+0000][1][safepoint    ] Safepoint "RevokeBias", Time since last: 4866103 ns, Reaching safepoint: 159458 ns, At safepoint: 21583 ns, Total: 181041 ns
[2020-09-11T19:07:30.066+0000][1][safepoint    ] Safepoint "RevokeBias", Time since last: 40506340 ns, Reaching safepoint: 172429 ns, At safepoint: 23256 ns, Total: 195685 ns
[2020-09-11T19:07:30.165+0000][1][safepoint    ] Safepoint "RevokeBias", Time since last: 92098247 ns, Reaching safepoint: 6621077 ns, At safepoint: 47315 ns, Total: 6668392 ns
[2020-09-11T19:07:30.175+0000][1][safepoint    ] Safepoint "RevokeBias", Time since last: 10211549 ns, Reaching safepoint: 167949 ns, At safepoint: 27569 ns, Total: 195518 ns
[2020-09-11T19:07:30.178+0000][1][safepoint    ] Safepoint "RevokeBias", Time since last: 2513633 ns, Reaching safepoint: 242796 ns, At safepoint: 31824 ns, Total: 274620 ns
[2020-09-11T19:07:31.181+0000][1][safepoint    ] Safepoint "Cleanup", Time since last: 1002611836 ns, Reaching safepoint: 106305 ns, At safepoint: 6465 ns, Total: 112770 ns
[2020-09-11T19:07:32.181+0000][1][safepoint    ] Safepoint "Cleanup", Time since last: 1000113388 ns, Reaching safepoint: 94657 ns, At safepoint: 10721 ns, Total: 105378 ns
[2020-09-11T19:07:33.181+0000][1][safepoint    ] Safepoint "Cleanup", Time since last: 1000141284 ns, Reaching safepoint: 96396 ns, At safepoint: 10783 ns, Total: 107179 ns
[2020-09-11T19:07:34.182+0000][1][safepoint    ] Safepoint "Cleanup", Time since last: 1000114519 ns, Reaching safepoint: 101039 ns, At safepoint: 11322 ns, Total: 112361 ns
[2020-09-11T19:07:35.123+0000][1][safepoint    ] Safepoint "RevokeBias", Time since last: 941420480 ns, Reaching safepoint: 209652 ns, At safepoint: 25889 ns, Total: 235541 ns
[2020-09-11T19:07:35.887+0000][1][safepoint    ] Safepoint "RevokeBias", Time since last: 763954438 ns, Reaching safepoint: 91919 ns, At safepoint: 23512 ns, Total: 115431 ns
[2020-09-11T19:07:35.887+0000][1][safepoint    ] Safepoint "RevokeBias", Time since last: 68659 ns, Reaching safepoint: 62055 ns, At safepoint: 14839 ns, Total: 76894 ns
[2020-09-11T19:07:35.887+0000][1][safepoint    ] Safepoint "RevokeBias", Time since last: 36430 ns, Reaching safepoint: 49659 ns, At safepoint: 12750 ns, Total: 62409 ns
[2020-09-11T19:07:35.888+0000][1][safepoint    ] Safepoint "RevokeBias", Time since last: 31278 ns, Reaching safepoint: 45725 ns, At safepoint: 11592 ns, Total: 57317 ns
[2020-09-11T19:07:36.133+0000][1][safepoint    ] Safepoint "RevokeBias", Time since last: 244923831 ns, Reaching safepoint: 369273 ns, At safepoint: 21392 ns, Total: 390665 ns
[2020-09-11T19:07:36.260+0000][1][safepoint    ] Safepoint "RevokeBias", Time since last: 126986734 ns, Reaching safepoint: 111074 ns, At safepoint: 23447 ns, Total: 134521 ns
[2020-09-11T19:07:37.260+0000][1][safepoint    ] Safepoint "Cleanup", Time since last: 1000107070 ns, Reaching safepoint: 96114 ns, At safepoint: 10027 ns, Total: 106141 ns
[2020-09-11T19:07:38.260+0000][1][safepoint    ] Safepoint "Cleanup", Time since last: 1000124982 ns, Reaching safepoint: 95792 ns, At safepoint: 11294 ns, Total: 107086 ns
[2020-09-11T19:07:38.497+0000][1][safepoint    ] Safepoint "RevokeBias", Time since last: 235914024 ns, Reaching safepoint: 500026 ns, At safepoint: 45602 ns, Total: 545628 ns
[2020-09-11T19:07:39.497+0000][1][safepoint    ] Safepoint "Cleanup", Time since last: 1000107570 ns, Reaching safepoint: 101148 ns, At safepoint: 9794 ns, Total: 110942 ns
[2020-09-11T19:07:40.497+0000][1][safepoint    ] Safepoint "Cleanup", Time since last: 1000112641 ns, Reaching safepoint: 95962 ns, At safepoint: 10439 ns, Total: 106401 ns
[2020-09-11T19:07:41.498+0000][1][safepoint    ] Safepoint "Cleanup", Time since last: 1000112317 ns, Reaching safepoint: 93608 ns, At safepoint: 9722 ns, Total: 103330 ns
[2020-09-11T19:07:42.498+0000][1][safepoint    ] Safepoint "Cleanup", Time since last: 1000110237 ns, Reaching safepoint: 93027 ns, At safepoint: 9345 ns, Total: 102372 ns
[2020-09-11T19:07:43.498+0000][1][safepoint    ] Safepoint "Cleanup", Time since last: 1000102824 ns, Reaching safepoint: 93967 ns, At safepoint: 10152 ns, Total: 104119 ns
[2020-09-11T19:07:44.498+0000][1][safepoint    ] Safepoint "Cleanup", Time since last: 1000107176 ns, Reaching safepoint: 98621 ns, At safepoint: 10263 ns, Total: 108884 ns
[2020-09-11T19:07:45.118+0000][1][safepoint    ] Safepoint "RevokeBias", Time since last: 619655112 ns, Reaching safepoint: 178319 ns, At safepoint: 28390 ns, Total: 206709 ns
[2020-09-11T19:07:45.613+0000][1][gc,start     ] GC(288) Pause Young (Allocation Failure)
[2020-09-11T19:07:45.613+0000][1][gc,task      ] GC(288) Using 1 workers of 1 for evacuation
[2020-09-11T19:07:45.624+0000][1][gc,age       ] GC(288) Desired survivor size 4358144 bytes, new threshold 6 (max threshold 6)
[2020-09-11T19:07:45.624+0000][1][gc,age       ] GC(288) Age table with threshold 6 (max threshold 6)
[2020-09-11T19:07:45.624+0000][1][gc,age       ] GC(288) - age   1:     364680 bytes,     364680 total
[2020-09-11T19:07:45.624+0000][1][gc,age       ] GC(288) - age   2:      85736 bytes,     450416 total
[2020-09-11T19:07:45.624+0000][1][gc,age       ] GC(288) - age   3:      50184 bytes,     500600 total
[2020-09-11T19:07:45.624+0000][1][gc,age       ] GC(288) - age   4:      16448 bytes,     517048 total
[2020-09-11T19:07:45.624+0000][1][gc,age       ] GC(288) - age   5:        960 bytes,     518008 total
[2020-09-11T19:07:45.624+0000][1][gc,heap      ] GC(288) ParNew: 69236K->681K(76672K)
[2020-09-11T19:07:45.624+0000][1][gc,heap      ] GC(288) CMS: 96114K->96114K(439104K)
[2020-09-11T19:07:45.624+0000][1][gc,metaspace ] GC(288) Metaspace: 101219K->101219K(1142784K)
[2020-09-11T19:07:45.624+0000][1][gc           ] GC(288) Pause Young (Allocation Failure) 161M->94M(503M) 11.339ms
[2020-09-11T19:07:45.624+0000][1][gc,cpu       ] GC(288) User=0.01s Sys=0.00s Real=0.02s
[2020-09-11T19:07:45.624+0000][1][safepoint    ] Safepoint "GenCollectForAllocation", Time since last: 494287824 ns, Reaching safepoint: 172240 ns, At safepoint: 11406482 ns, Total: 11578722 ns
[2020-09-11T19:07:46.264+0000][1][safepoint    ] Safepoint "BulkRevokeBias", Time since last: 638974629 ns, Reaching safepoint: 97369 ns, At safepoint: 675190 ns, Total: 772559 ns
[2020-09-11T19:07:47.273+0000][1][safepoint    ] Safepoint "Cleanup", Time since last: 1009168733 ns, Reaching safepoint: 98509 ns, At safepoint: 10193 ns, Total: 108702 ns
[2020-09-11T19:07:48.273+0000][1][safepoint    ] Safepoint "Cleanup", Time since last: 1000116973 ns, Reaching safepoint: 108579 ns, At safepoint: 20954 ns, Total: 129533 ns
[2020-09-11T19:07:48.494+0000][1][safepoint    ] Safepoint "RevokeBias", Time since last: 220893704 ns, Reaching safepoint: 275437 ns, At safepoint: 21567 ns, Total: 297004 ns
[2020-09-11T19:07:49.497+0000][1][safepoint    ] Safepoint "Cleanup", Time since last: 1002362255 ns, Reaching safepoint: 91322 ns, At safepoint: 6934 ns, Total: 98256 ns
[2020-09-11T19:07:50.497+0000][1][safepoint    ] Safepoint "Cleanup", Time since last: 1000092295 ns, Reaching safepoint: 91665 ns, At safepoint: 6820 ns, Total: 98485 ns
[2020-09-11T19:07:51.497+0000][1][safepoint    ] Safepoint "Cleanup", Time since last: 1000106610 ns, Reaching safepoint: 105801 ns, At safepoint: 11546 ns, Total: 117347 ns
[2020-09-11T19:07:52.497+0000][1][safepoint    ] Safepoint "Cleanup", Time since last: 1000109704 ns, Reaching safepoint: 90712 ns, At safepoint: 8807 ns, Total: 99519 ns
[2020-09-11T19:07:53.498+0000][1][safepoint    ] Safepoint "Cleanup", Time since last: 1000095998 ns, Reaching safepoint: 90057 ns, At safepoint: 9359 ns, Total: 99416 ns
[2020-09-11T19:07:54.498+0000][1][safepoint    ] Safepoint "Cleanup", Time since last: 1000095414 ns, Reaching safepoint: 86952 ns, At safepoint: 6854 ns, Total: 93806 ns
[2020-09-11T19:07:55.128+0000][1][safepoint    ] Safepoint "RevokeBias", Time since last: 629791733 ns, Reaching safepoint: 180167 ns, At safepoint: 23881 ns, Total: 204048 ns
[2020-09-11T19:07:56.128+0000][1][safepoint    ] Safepoint "Cleanup", Time since last: 1000109134 ns, Reaching safepoint: 103508 ns, At safepoint: 11171 ns, Total: 114679 ns
[2020-09-11T19:07:56.297+0000][1][safepoint    ] Safepoint "RevokeBias", Time since last: 168845752 ns, Reaching safepoint: 98985 ns, At safepoint: 21744 ns, Total: 120729 ns
[2020-09-11T19:07:57.297+0000][1][safepoint    ] Safepoint "Cleanup", Time since last: 1000107403 ns, Reaching safepoint: 106701 ns, At safepoint: 11042 ns, Total: 117743 ns
[2020-09-11T19:07:58.298+0000][1][safepoint    ] Safepoint "Cleanup", Time since last: 1000117594 ns, Reaching safepoint: 105593 ns, At safepoint: 11606 ns, Total: 117199 ns
[2020-09-11T19:07:58.476+0000][1][safepoint    ] Safepoint "RevokeBias", Time since last: 175911162 ns, Reaching safepoint: 3013277 ns, At safepoint: 35267 ns, Total: 3048544 ns
[2020-09-11T19:07:59.477+0000][1][safepoint    ] Safepoint "Cleanup", Time since last: 1000122045 ns, Reaching safepoint: 98068 ns, At safepoint: 10862 ns, Total: 108930 ns
[2020-09-11T19:08:00.477+0000][1][safepoint    ] Safepoint "Cleanup", Time since last: 1000144262 ns, Reaching safepoint: 118795 ns, At safepoint: 10737 ns, Total: 129532 ns
[2020-09-11T19:08:01.477+0000][1][safepoint    ] Safepoint "Cleanup", Time since last: 1000110360 ns, Reaching safepoint: 95845 ns, At safepoint: 10150 ns, Total: 105995 ns
[2020-09-11T19:08:01.584+0000][1][gc,start     ] GC(289) Pause Young (Allocation Failure)
[2020-09-11T19:08:01.584+0000][1][gc,task      ] GC(289) Using 1 workers of 1 for evacuation
[2020-09-11T19:08:01.594+0000][1][gc,age       ] GC(289) Desired survivor size 4358144 bytes, new threshold 6 (max threshold 6)
[2020-09-11T19:08:01.594+0000][1][gc,age       ] GC(289) Age table with threshold 6 (max threshold 6)
[2020-09-11T19:08:01.594+0000][1][gc,age       ] GC(289) - age   1:     125472 bytes,     125472 total
[2020-09-11T19:08:01.594+0000][1][gc,age       ] GC(289) - age   2:     315416 bytes,     440888 total
[2020-09-11T19:08:01.594+0000][1][gc,age       ] GC(289) - age   3:      63272 bytes,     504160 total
[2020-09-11T19:08:01.594+0000][1][gc,age       ] GC(289) - age   4:      48696 bytes,     552856 total
[2020-09-11T19:08:01.594+0000][1][gc,age       ] GC(289) - age   5:      16448 bytes,     569304 total
[2020-09-11T19:08:01.594+0000][1][gc,age       ] GC(289) - age   6:        960 bytes,     570264 total
[2020-09-11T19:08:01.594+0000][1][gc,heap      ] GC(289) ParNew: 68841K->1099K(76672K)
[2020-09-11T19:08:01.594+0000][1][gc,heap      ] GC(289) CMS: 96114K->96114K(439104K)
[2020-09-11T19:08:01.594+0000][1][gc,metaspace ] GC(289) Metaspace: 101220K->101220K(1142784K)
[2020-09-11T19:08:01.594+0000][1][gc           ] GC(289) Pause Young (Allocation Failure) 161M->94M(503M) 10.403ms
[2020-09-11T19:08:01.594+0000][1][gc,cpu       ] GC(289) User=0.01s Sys=0.00s Real=0.01s
[2020-09-11T19:08:01.594+0000][1][safepoint    ] Safepoint "GenCollectForAllocation", Time since last: 106656307 ns, Reaching safepoint: 99425 ns, At safepoint: 10475572 ns, Total: 10574997 ns
[2020-09-11T19:08:02.599+0000][1][safepoint    ] Safepoint "Cleanup", Time since last: 1004601804 ns, Reaching safepoint: 95862 ns, At safepoint: 24836 ns, Total: 120698 ns
[2020-09-11T19:08:03.599+0000][1][safepoint    ] Safepoint "Cleanup", Time since last: 1000115959 ns, Reaching safepoint: 97416 ns, At safepoint: 23731 ns, Total: 121147 ns
[2020-09-11T19:08:04.600+0000][1][safepoint    ] Safepoint "Cleanup", Time since last: 1000651452 ns, Reaching safepoint: 100097 ns, At safepoint: 26250 ns, Total: 126347 ns
[2020-09-11T19:08:05.146+0000][1][safepoint    ] Safepoint "RevokeBias", Time since last: 545511559 ns, Reaching safepoint: 103749 ns, At safepoint: 38843 ns, Total: 142592 ns
[2020-09-11T19:08:06.146+0000][1][safepoint    ] Safepoint "Cleanup", Time since last: 1000108999 ns, Reaching safepoint: 95492 ns, At safepoint: 10300 ns, Total: 105792 ns
[2020-09-11T19:08:06.350+0000][1][safepoint    ] Safepoint "RevokeBias", Time since last: 204172438 ns, Reaching safepoint: 99927 ns, At safepoint: 24830 ns, Total: 124757 ns
[2020-09-11T19:08:07.351+0000][1][safepoint    ] Safepoint "Cleanup", Time since last: 1000104240 ns, Reaching safepoint: 97209 ns, At safepoint: 9973 ns, Total: 107182 ns
[2020-09-11T19:08:08.351+0000][1][safepoint    ] Safepoint "Cleanup", Time since last: 1000115429 ns, Reaching safepoint: 95116 ns, At safepoint: 10962 ns, Total: 106078 ns
[2020-09-11T19:08:08.463+0000][1][safepoint    ] Safepoint "RevokeBias", Time since last: 110584962 ns, Reaching safepoint: 1665760 ns, At safepoint: 28259 ns, Total: 1694019 ns
[2020-09-11T19:08:09.463+0000][1][safepoint    ] Safepoint "Cleanup", Time since last: 1000114009 ns, Reaching safepoint: 100075 ns, At safepoint: 11283 ns, Total: 111358 ns
[2020-09-11T19:08:10.464+0000][1][safepoint    ] Safepoint "Cleanup", Time since last: 1000123335 ns, Reaching safepoint: 99138 ns, At safepoint: 11697 ns, Total: 110835 ns
[2020-09-11T19:08:11.464+0000][1][safepoint    ] Safepoint "Cleanup", Time since last: 1000120799 ns, Reaching safepoint: 98895 ns, At safepoint: 11377 ns, Total: 110272 ns
[2020-09-11T19:08:12.464+0000][1][safepoint    ] Safepoint "Cleanup", Time since last: 1000124263 ns, Reaching safepoint: 101605 ns, At safepoint: 11416 ns, Total: 113021 ns
[2020-09-11T19:08:13.358+0000][1][safepoint    ] Safepoint "RevokeBias", Time since last: 893871449 ns, Reaching safepoint: 196606 ns, At safepoint: 33629 ns, Total: 230235 ns
[2020-09-11T19:08:13.369+0000][1][safepoint    ] Safepoint "RevokeBias", Time since last: 11211281 ns, Reaching safepoint: 152236 ns, At safepoint: 17553 ns, Total: 169789 ns
[2020-09-11T19:08:13.370+0000][1][safepoint    ] Safepoint "RevokeBias", Time since last: 63285 ns, Reaching safepoint: 102502 ns, At safepoint: 11278 ns, Total: 113780 ns
[2020-09-11T19:08:13.370+0000][1][safepoint    ] Safepoint "RevokeBias", Time since last: 37766 ns, Reaching safepoint: 101254 ns, At safepoint: 10623 ns, Total: 111877 ns
[2020-09-11T19:08:13.370+0000][1][safepoint    ] Safepoint "RevokeBias", Time since last: 55883 ns, Reaching safepoint: 102558 ns, At safepoint: 12424 ns, Total: 114982 ns
[2020-09-11T19:08:13.370+0000][1][safepoint    ] Safepoint "RevokeBias", Time since last: 38022 ns, Reaching safepoint: 101944 ns, At safepoint: 11603 ns, Total: 113547 ns
[2020-09-11T19:08:13.370+0000][1][safepoint    ] Safepoint "RevokeBias", Time since last: 38524 ns, Reaching safepoint: 101681 ns, At safepoint: 11321 ns, Total: 113002 ns
[2020-09-11T19:08:13.370+0000][1][safepoint    ] Safepoint "RevokeBias", Time since last: 42557 ns, Reaching safepoint: 101633 ns, At safepoint: 10847 ns, Total: 112480 ns
[2020-09-11T19:08:13.371+0000][1][safepoint    ] Safepoint "RevokeBias", Time since last: 34870 ns, Reaching safepoint: 101357 ns, At safepoint: 10162 ns, Total: 111519 ns
[2020-09-11T19:08:13.371+0000][1][safepoint    ] Safepoint "RevokeBias", Time since last: 51095 ns, Reaching safepoint: 101875 ns, At safepoint: 13677 ns, Total: 115552 ns
[2020-09-11T19:08:13.373+0000][1][safepoint    ] Safepoint "RevokeBias", Time since last: 36949 ns, Reaching safepoint: 2025719 ns, At safepoint: 20405 ns, Total: 2046124 ns
[2020-09-11T19:08:13.373+0000][1][safepoint    ] Safepoint "RevokeBias", Time since last: 56136 ns, Reaching safepoint: 88533 ns, At safepoint: 11633 ns, Total: 100166 ns
[2020-09-11T19:08:13.740+0000][1][safepoint    ] Safepoint "RevokeBias", Time since last: 364360705 ns, Reaching safepoint: 2274784 ns, At safepoint: 34700 ns, Total: 2309484 ns
[2020-09-11T19:08:13.825+0000][1][safepoint    ] Safepoint "RevokeBias", Time since last: 83905743 ns, Reaching safepoint: 1317832 ns, At safepoint: 40248 ns, Total: 1358080 ns
[2020-09-11T19:08:14.528+0000][1][safepoint    ] Safepoint "RevokeBias", Time since last: 702709687 ns, Reaching safepoint: 84946 ns, At safepoint: 18713 ns, Total: 103659 ns
[2020-09-11T19:08:14.528+0000][1][safepoint    ] Safepoint "RevokeBias", Time since last: 155632 ns, Reaching safepoint: 34628 ns, At safepoint: 12157 ns, Total: 46785 ns
[2020-09-11T19:08:15.392+0000][1][safepoint    ] Safepoint "RevokeBias", Time since last: 864186200 ns, Reaching safepoint: 123164 ns, At safepoint: 27142 ns, Total: 150306 ns
[2020-09-11T19:08:15.966+0000][1][safepoint    ] Safepoint "RevokeBias", Time since last: 573534666 ns, Reaching safepoint: 103401 ns, At safepoint: 39242 ns, Total: 142643 ns
[2020-09-11T19:08:16.178+0000][1][safepoint    ] Safepoint "RevokeBias", Time since last: 207521126 ns, Reaching safepoint: 4887498 ns, At safepoint: 31352 ns, Total: 4918850 ns
[2020-09-11T19:08:16.225+0000][1][safepoint    ] Safepoint "RevokeBias", Time since last: 40338993 ns, Reaching safepoint: 6256531 ns, At safepoint: 35845 ns, Total: 6292376 ns
[2020-09-11T19:08:16.237+0000][1][safepoint    ] Safepoint "RevokeBias", Time since last: 7827806 ns, Reaching safepoint: 4038374 ns, At safepoint: 30999 ns, Total: 4069373 ns
[2020-09-11T19:08:16.287+0000][1][safepoint    ] Safepoint "RevokeBias", Time since last: 49506310 ns, Reaching safepoint: 121799 ns, At safepoint: 26226 ns, Total: 148025 ns
[2020-09-11T19:08:16.889+0000][1][safepoint    ] Safepoint "RevokeBias", Time since last: 602493540 ns, Reaching safepoint: 141739 ns, At safepoint: 26948 ns, Total: 168687 ns
[2020-09-11T19:08:16.909+0000][1][safepoint    ] Safepoint "RevokeBias", Time since last: 18497023 ns, Reaching safepoint: 1376435 ns, At safepoint: 20827 ns, Total: 1397262 ns
[2020-09-11T19:08:16.997+0000][1][safepoint    ] Safepoint "RevokeBias", Time since last: 87965403 ns, Reaching safepoint: 162385 ns, At safepoint: 17298 ns, Total: 179683 ns
[2020-09-11T19:08:16.998+0000][1][safepoint    ] Safepoint "RevokeBias", Time since last: 392165 ns, Reaching safepoint: 115087 ns, At safepoint: 13211 ns, Total: 128298 ns
[2020-09-11T19:08:16.998+0000][1][gc,start     ] GC(290) Pause Young (Allocation Failure)
[2020-09-11T19:08:16.998+0000][1][gc,task      ] GC(290) Using 1 workers of 1 for evacuation
[2020-09-11T19:08:17.012+0000][1][gc,age       ] GC(290) Desired survivor size 4358144 bytes, new threshold 6 (max threshold 6)
[2020-09-11T19:08:17.012+0000][1][gc,age       ] GC(290) Age table with threshold 6 (max threshold 6)
[2020-09-11T19:08:17.012+0000][1][gc,age       ] GC(290) - age   1:     465344 bytes,     465344 total
[2020-09-11T19:08:17.012+0000][1][gc,age       ] GC(290) - age   2:      64832 bytes,     530176 total
[2020-09-11T19:08:17.012+0000][1][gc,age       ] GC(290) - age   3:     308000 bytes,     838176 total
[2020-09-11T19:08:17.012+0000][1][gc,age       ] GC(290) - age   4:      63272 bytes,     901448 total
[2020-09-11T19:08:17.012+0000][1][gc,age       ] GC(290) - age   5:      48472 bytes,     949920 total
[2020-09-11T19:08:17.012+0000][1][gc,age       ] GC(290) - age   6:      16448 bytes,     966368 total
[2020-09-11T19:08:17.012+0000][1][gc,heap      ] GC(290) ParNew: 69259K->1038K(76672K)
[2020-09-11T19:08:17.012+0000][1][gc,heap      ] GC(290) CMS: 96114K->96115K(439104K)
[2020-09-11T19:08:17.012+0000][1][gc,metaspace ] GC(290) Metaspace: 101387K->101387K(1142784K)
[2020-09-11T19:08:17.012+0000][1][gc           ] GC(290) Pause Young (Allocation Failure) 161M->94M(503M) 13.589ms
[2020-09-11T19:08:17.012+0000][1][gc,cpu       ] GC(290) User=0.00s Sys=0.00s Real=0.01s
[2020-09-11T19:08:17.017+0000][1][safepoint    ] Safepoint "GenCollectForAllocation", Time since last: 360669 ns, Reaching safepoint: 118697 ns, At safepoint: 18535424 ns, Total: 18654121 ns
[2020-09-11T19:08:17.167+0000][1][safepoint    ] Safepoint "RevokeBias", Time since last: 149670117 ns, Reaching safepoint: 170700 ns, At safepoint: 22328 ns, Total: 193028 ns
[2020-09-11T19:08:17.445+0000][1][safepoint    ] Safepoint "RevokeBias", Time since last: 276631330 ns, Reaching safepoint: 1616393 ns, At safepoint: 23545 ns, Total: 1639938 ns
[2020-09-11T19:08:17.449+0000][1][safepoint    ] Safepoint "RevokeBias", Time since last: 263143 ns, Reaching safepoint: 3761472 ns, At safepoint: 23452 ns, Total: 3784924 ns
[2020-09-11T19:08:17.545+0000][1][safepoint    ] Safepoint "RevokeBias", Time since last: 93059298 ns, Reaching safepoint: 2879089 ns, At safepoint: 26429 ns, Total: 2905518 ns
[2020-09-11T19:08:17.547+0000][1][safepoint    ] Safepoint "RevokeBias", Time since last: 249891 ns, Reaching safepoint: 1901490 ns, At safepoint: 17646 ns, Total: 1919136 ns
[2020-09-11T19:08:17.548+0000][1][safepoint    ] Safepoint "RevokeBias", Time since last: 265597 ns, Reaching safepoint: 127013 ns, At safepoint: 82546 ns, Total: 209559 ns
[2020-09-11T19:08:17.549+0000][1][safepoint    ] Safepoint "RevokeBias", Time since last: 727862 ns, Reaching safepoint: 532574 ns, At safepoint: 104776 ns, Total: 637350 ns
[2020-09-11T19:08:17.557+0000][1][safepoint    ] Safepoint "RevokeBias", Time since last: 6901568 ns, Reaching safepoint: 1030671 ns, At safepoint: 164335 ns, Total: 1195006 ns
[2020-09-11T19:08:17.617+0000][1][safepoint    ] Safepoint "RevokeBias", Time since last: 56215953 ns, Reaching safepoint: 3646597 ns, At safepoint: 32353 ns, Total: 3678950 ns
[2020-09-11T19:08:17.681+0000][1][safepoint    ] Safepoint "RevokeBias", Time since last: 63295658 ns, Reaching safepoint: 208077 ns, At safepoint: 121919 ns, Total: 329996 ns
[2020-09-11T19:08:18.134+0000][1][safepoint    ] Safepoint "RevokeBias", Time since last: 453144127 ns, Reaching safepoint: 206180 ns, At safepoint: 22518 ns, Total: 228698 ns
[2020-09-11T19:08:18.134+0000][1][safepoint    ] Safepoint "RevokeBias", Time since last: 94162 ns, Reaching safepoint: 115318 ns, At safepoint: 13732 ns, Total: 129050 ns
[2020-09-11T19:08:18.162+0000][1][safepoint    ] Safepoint "RevokeBias", Time since last: 27321275 ns, Reaching safepoint: 92512 ns, At safepoint: 19642 ns, Total: 112154 ns
[2020-09-11T19:08:18.162+0000][1][safepoint    ] Safepoint "RevokeBias", Time since last: 167608 ns, Reaching safepoint: 40727 ns, At safepoint: 12203 ns, Total: 52930 ns
[2020-09-11T19:08:18.162+0000][1][safepoint    ] Safepoint "RevokeBias", Time since last: 40693 ns, Reaching safepoint: 34750 ns, At safepoint: 10087 ns, Total: 44837 ns
[2020-09-11T19:08:18.162+0000][1][safepoint    ] Safepoint "RevokeBias", Time since last: 77194 ns, Reaching safepoint: 36367 ns, At safepoint: 10481 ns, Total: 46848 ns
[2020-09-11T19:08:18.165+0000][1][safepoint    ] Safepoint "RevokeBias", Time since last: 2762685 ns, Reaching safepoint: 61729 ns, At safepoint: 17893 ns, Total: 79622 ns
[2020-09-11T19:08:18.194+0000][1][safepoint    ] Safepoint "RevokeBias", Time since last: 28570966 ns, Reaching safepoint: 173088 ns, At safepoint: 24804 ns, Total: 197892 ns
[2020-09-11T19:08:18.201+0000][1][safepoint    ] Safepoint "RevokeBias", Time since last: 7163237 ns, Reaching safepoint: 163209 ns, At safepoint: 21110 ns, Total: 184319 ns
[2020-09-11T19:08:18.201+0000][1][safepoint    ] Safepoint "RevokeBias", Time since last: 136429 ns, Reaching safepoint: 42164 ns, At safepoint: 12202 ns, Total: 54366 ns
[2020-09-11T19:08:18.201+0000][1][safepoint    ] Safepoint "RevokeBias", Time since last: 35409 ns, Reaching safepoint: 35339 ns, At safepoint: 10142 ns, Total: 45481 ns
[2020-09-11T19:08:18.201+0000][1][safepoint    ] Safepoint "RevokeBias", Time since last: 58422 ns, Reaching safepoint: 38207 ns, At safepoint: 10139 ns, Total: 48346 ns
[2020-09-11T19:08:18.201+0000][1][safepoint    ] Safepoint "RevokeBias", Time since last: 43667 ns, Reaching safepoint: 34524 ns, At safepoint: 9850 ns, Total: 44374 ns
[2020-09-11T19:08:18.264+0000][1][safepoint    ] Safepoint "RevokeBias", Time since last: 62719977 ns, Reaching safepoint: 183404 ns, At safepoint: 19786 ns, Total: 203190 ns
[2020-09-11T19:08:18.269+0000][1][safepoint    ] Safepoint "RevokeBias", Time since last: 4883176 ns, Reaching safepoint: 152777 ns, At safepoint: 18794 ns, Total: 171571 ns
[2020-09-11T19:08:18.277+0000][1][safepoint    ] Safepoint "RevokeBias", Time since last: 7372587 ns, Reaching safepoint: 186992 ns, At safepoint: 21774 ns, Total: 208766 ns
[2020-09-11T19:08:18.302+0000][1][safepoint    ] Safepoint "RevokeBias", Time since last: 24465022 ns, Reaching safepoint: 94557 ns, At safepoint: 20492 ns, Total: 115049 ns
[2020-09-11T19:08:18.351+0000][1][safepoint    ] Safepoint "RevokeBias", Time since last: 48829273 ns, Reaching safepoint: 106160 ns, At safepoint: 20919 ns, Total: 127079 ns
[2020-09-11T19:08:18.352+0000][1][safepoint    ] Safepoint "RevokeBias", Time since last: 1024329 ns, Reaching safepoint: 67365 ns, At safepoint: 13142 ns, Total: 80507 ns
[2020-09-11T19:08:18.352+0000][1][safepoint    ] Safepoint "RevokeBias", Time since last: 87424 ns, Reaching safepoint: 37379 ns, At safepoint: 11159 ns, Total: 48538 ns
[2020-09-11T19:08:18.365+0000][1][safepoint    ] Safepoint "RevokeBias", Time since last: 13519741 ns, Reaching safepoint: 87115 ns, At safepoint: 19878 ns, Total: 106993 ns
[2020-09-11T19:08:18.389+0000][1][safepoint    ] Safepoint "RevokeBias", Time since last: 23380813 ns, Reaching safepoint: 78990 ns, At safepoint: 14805 ns, Total: 93795 ns
[2020-09-11T19:08:18.389+0000][1][safepoint    ] Safepoint "RevokeBias", Time since last: 134383 ns, Reaching safepoint: 33257 ns, At safepoint: 11862 ns, Total: 45119 ns
[2020-09-11T19:08:18.538+0000][1][safepoint    ] Safepoint "RevokeBias", Time since last: 148321353 ns, Reaching safepoint: 190134 ns, At safepoint: 21961 ns, Total: 212095 ns
[2020-09-11T19:08:18.574+0000][1][safepoint    ] Safepoint "RevokeBias", Time since last: 36058444 ns, Reaching safepoint: 201175 ns, At safepoint: 23678 ns, Total: 224853 ns
[2020-09-11T19:08:18.633+0000][1][safepoint    ] Safepoint "RevokeBias", Time since last: 58906282 ns, Reaching safepoint: 190673 ns, At safepoint: 50746 ns, Total: 241419 ns
[2020-09-11T19:08:19.213+0000][1][safepoint    ] Safepoint "RevokeBias", Time since last: 575057680 ns, Reaching safepoint: 4821389 ns, At safepoint: 27993 ns, Total: 4849382 ns
[2020-09-11T19:08:19.213+0000][1][safepoint    ] Safepoint "RevokeBias", Time since last: 85476 ns, Reaching safepoint: 121306 ns, At safepoint: 13357 ns, Total: 134663 ns
[2020-09-11T19:08:19.235+0000][1][safepoint    ] Safepoint "RevokeBias", Time since last: 21403329 ns, Reaching safepoint: 197429 ns, At safepoint: 21406 ns, Total: 218835 ns
[2020-09-11T19:08:19.965+0000][1][gc,start     ] GC(291) Pause Young (Allocation Failure)
[2020-09-11T19:08:19.965+0000][1][gc,task      ] GC(291) Using 1 workers of 1 for evacuation
[2020-09-11T19:08:19.980+0000][1][gc,age       ] GC(291) Desired survivor size 4358144 bytes, new threshold 3 (max threshold 6)
[2020-09-11T19:08:19.980+0000][1][gc,age       ] GC(291) Age table with threshold 3 (max threshold 6)
[2020-09-11T19:08:19.980+0000][1][gc,age       ] GC(291) - age   1:    3947112 bytes,    3947112 total
[2020-09-11T19:08:19.980+0000][1][gc,age       ] GC(291) - age   2:     376464 bytes,    4323576 total
[2020-09-11T19:08:19.980+0000][1][gc,age       ] GC(291) - age   3:      46728 bytes,    4370304 total
[2020-09-11T19:08:19.981+0000][1][gc,age       ] GC(291) - age   4:     308000 bytes,    4678304 total
[2020-09-11T19:08:19.981+0000][1][gc,age       ] GC(291) - age   5:      63272 bytes,    4741576 total
[2020-09-11T19:08:19.981+0000][1][gc,age       ] GC(291) - age   6:      48472 bytes,    4790048 total
[2020-09-11T19:08:19.981+0000][1][gc,heap      ] GC(291) ParNew: 69198K->5353K(76672K)
[2020-09-11T19:08:19.981+0000][1][gc,heap      ] GC(291) CMS: 96115K->96131K(439104K)
[2020-09-11T19:08:19.981+0000][1][gc,metaspace ] GC(291) Metaspace: 101531K->101531K(1142784K)
[2020-09-11T19:08:19.981+0000][1][gc           ] GC(291) Pause Young (Allocation Failure) 161M->99M(503M) 15.974ms
[2020-09-11T19:08:19.981+0000][1][gc,cpu       ] GC(291) User=0.01s Sys=0.00s Real=0.01s
[2020-09-11T19:08:20.002+0000][1][safepoint    ] Safepoint "GenCollectForAllocation", Time since last: 729622915 ns, Reaching safepoint: 208420 ns, At safepoint: 37226998 ns, Total: 37435418 ns
[2020-09-11T19:08:20.025+0000][1][safepoint    ] Safepoint "RevokeBias", Time since last: 22959104 ns, Reaching safepoint: 207473 ns, At safepoint: 174195 ns, Total: 381668 ns
[2020-09-11T19:08:20.085+0000][1][safepoint    ] Safepoint "RevokeBias", Time since last: 56108585 ns, Reaching safepoint: 3660085 ns, At safepoint: 169813 ns, Total: 3829898 ns
[2020-09-11T19:08:20.087+0000][1][safepoint    ] Safepoint "RevokeBias", Time since last: 162489 ns, Reaching safepoint: 1232815 ns, At safepoint: 148110 ns, Total: 1380925 ns
[2020-09-11T19:08:20.089+0000][1][safepoint    ] Safepoint "RevokeBias", Time since last: 45381 ns, Reaching safepoint: 1918886 ns, At safepoint: 186715 ns, Total: 2105601 ns
[2020-09-11T19:08:20.091+0000][1][safepoint    ] Safepoint "RevokeBias", Time since last: 174771 ns, Reaching safepoint: 1660127 ns, At safepoint: 165270 ns, Total: 1825397 ns
[2020-09-11T19:08:20.093+0000][1][safepoint    ] Safepoint "RevokeBias", Time since last: 87838 ns, Reaching safepoint: 1759967 ns, At safepoint: 208205 ns, Total: 1968172 ns
[2020-09-11T19:08:20.097+0000][1][safepoint    ] Safepoint "RevokeBias", Time since last: 75442 ns, Reaching safepoint: 3978495 ns, At safepoint: 199156 ns, Total: 4177651 ns
[2020-09-11T19:08:20.213+0000][1][safepoint    ] Safepoint "RevokeBias", Time since last: 111663109 ns, Reaching safepoint: 4129663 ns, At safepoint: 35311 ns, Total: 4164974 ns
[2020-09-11T19:08:20.213+0000][1][safepoint    ] Safepoint "RevokeBias", Time since last: 173698 ns, Reaching safepoint: 122350 ns, At safepoint: 166024 ns, Total: 288374 ns
[2020-09-11T19:08:20.230+0000][1][safepoint    ] Safepoint "RevokeBias", Time since last: 16695648 ns, Reaching safepoint: 199728 ns, At safepoint: 23619 ns, Total: 223347 ns
[2020-09-11T19:08:20.235+0000][1][safepoint    ] Safepoint "RevokeBias", Time since last: 4586494 ns, Reaching safepoint: 119221 ns, At safepoint: 19311 ns, Total: 138532 ns
[2020-09-11T19:08:20.235+0000][1][safepoint    ] Safepoint "RevokeBias", Time since last: 146486 ns, Reaching safepoint: 46461 ns, At safepoint: 12390 ns, Total: 58851 ns
[2020-09-11T19:08:20.865+0000][1][safepoint    ] Safepoint "RevokeBias", Time since last: 625480190 ns, Reaching safepoint: 4186701 ns, At safepoint: 35787 ns, Total: 4222488 ns
[2020-09-11T19:08:21.236+0000][1][safepoint    ] Safepoint "RevokeBias", Time since last: 370952912 ns, Reaching safepoint: 92454 ns, At safepoint: 20892 ns, Total: 113346 ns
[2020-09-11T19:08:21.262+0000][1][safepoint    ] Safepoint "RevokeBias", Time since last: 25699576 ns, Reaching safepoint: 157464 ns, At safepoint: 21711 ns, Total: 179175 ns
[2020-09-11T19:08:21.262+0000][1][safepoint    ] Safepoint "RevokeBias", Time since last: 209913 ns, Reaching safepoint: 105531 ns, At safepoint: 13140 ns, Total: 118671 ns
[2020-09-11T19:08:21.262+0000][1][safepoint    ] Safepoint "RevokeBias", Time since last: 68107 ns, Reaching safepoint: 110028 ns, At safepoint: 11659 ns, Total: 121687 ns
[2020-09-11T19:08:21.263+0000][1][safepoint    ] Safepoint "RevokeBias", Time since last: 32545 ns, Reaching safepoint: 105004 ns, At safepoint: 12915 ns, Total: 117919 ns
[2020-09-11T19:08:21.263+0000][1][safepoint    ] Safepoint "RevokeBias", Time since last: 63215 ns, Reaching safepoint: 107112 ns, At safepoint: 13142 ns, Total: 120254 ns
[2020-09-11T19:08:21.263+0000][1][safepoint    ] Safepoint "RevokeBias", Time since last: 41960 ns, Reaching safepoint: 103593 ns, At safepoint: 11083 ns, Total: 114676 ns
[2020-09-11T19:08:21.358+0000][1][safepoint    ] Safepoint "RevokeBias", Time since last: 94918029 ns, Reaching safepoint: 161163 ns, At safepoint: 319592 ns, Total: 480755 ns
[2020-09-11T19:08:22.359+0000][1][safepoint    ] Safepoint "Cleanup", Time since last: 1000106217 ns, Reaching safepoint: 97411 ns, At safepoint: 10856 ns, Total: 108267 ns
[2020-09-11T19:08:22.364+0000][1][safepoint    ] Safepoint "RevokeBias", Time since last: 5503294 ns, Reaching safepoint: 85509 ns, At safepoint: 21413 ns, Total: 106922 ns
[2020-09-11T19:08:22.369+0000][1][gc,start     ] GC(292) Pause Young (Allocation Failure)
[2020-09-11T19:08:22.369+0000][1][gc,task      ] GC(292) Using 1 workers of 1 for evacuation
[2020-09-11T19:08:22.391+0000][1][gc,age       ] GC(292) Desired survivor size 4358144 bytes, new threshold 6 (max threshold 6)
[2020-09-11T19:08:22.391+0000][1][gc,age       ] GC(292) Age table with threshold 6 (max threshold 6)
[2020-09-11T19:08:22.391+0000][1][gc,age       ] GC(292) - age   1:    1061272 bytes,    1061272 total
[2020-09-11T19:08:22.391+0000][1][gc,age       ] GC(292) - age   2:    2445952 bytes,    3507224 total
[2020-09-11T19:08:22.391+0000][1][gc,age       ] GC(292) - age   3:     375072 bytes,    3882296 total
[2020-09-11T19:08:22.391+0000][1][gc,heap      ] GC(292) ParNew: 73228K->4250K(76672K)
[2020-09-11T19:08:22.391+0000][1][gc,heap      ] GC(292) CMS: 96131K->96594K(439104K)
[2020-09-11T19:08:22.391+0000][1][gc,metaspace ] GC(292) Metaspace: 101611K->101611K(1142784K)
[2020-09-11T19:08:22.391+0000][1][gc           ] GC(292) Pause Young (Allocation Failure) 165M->98M(503M) 22.418ms
[2020-09-11T19:08:22.391+0000][1][gc,cpu       ] GC(292) User=0.01s Sys=0.00s Real=0.02s
[2020-09-11T19:08:22.409+0000][1][safepoint    ] Safepoint "GenCollectForAllocation", Time since last: 2423395 ns, Reaching safepoint: 2285195 ns, At safepoint: 39960616 ns, Total: 42245811 ns
[2020-09-11T19:08:22.413+0000][1][safepoint    ] Safepoint "RevokeBias", Time since last: 4047592 ns, Reaching safepoint: 81480 ns, At safepoint: 29985 ns, Total: 111465 ns
[2020-09-11T19:08:22.413+0000][1][safepoint    ] Safepoint "RevokeBias", Time since last: 229018 ns, Reaching safepoint: 34201 ns, At safepoint: 20526 ns, Total: 54727 ns
[2020-09-11T19:08:22.413+0000][1][safepoint    ] Safepoint "RevokeBias", Time since last: 62568 ns, Reaching safepoint: 37319 ns, At safepoint: 18285 ns, Total: 55604 ns
[2020-09-11T19:08:22.413+0000][1][safepoint    ] Safepoint "RevokeBias", Time since last: 24556 ns, Reaching safepoint: 32671 ns, At safepoint: 16931 ns, Total: 49602 ns
[2020-09-11T19:08:22.414+0000][1][safepoint    ] Safepoint "RevokeBias", Time since last: 44502 ns, Reaching safepoint: 35595 ns, At safepoint: 17482 ns, Total: 53077 ns
[2020-09-11T19:08:22.414+0000][1][safepoint    ] Safepoint "RevokeBias", Time since last: 34299 ns, Reaching safepoint: 32569 ns, At safepoint: 17118 ns, Total: 49687 ns
[2020-09-11T19:08:22.526+0000][1][safepoint    ] Safepoint "RevokeBias", Time since last: 111665444 ns, Reaching safepoint: 680220 ns, At safepoint: 181764 ns, Total: 861984 ns
[2020-09-11T19:08:23.545+0000][1][safepoint    ] Safepoint "RevokeBias", Time since last: 1016995294 ns, Reaching safepoint: 1689413 ns, At safepoint: 22857 ns, Total: 1712270 ns
[2020-09-11T19:08:23.581+0000][1][safepoint    ] Safepoint "RevokeBias", Time since last: 35960199 ns, Reaching safepoint: 173153 ns, At safepoint: 26140 ns, Total: 199293 ns
[2020-09-11T19:08:23.581+0000][1][safepoint    ] Safepoint "RevokeBias", Time since last: 184582 ns, Reaching safepoint: 110902 ns, At safepoint: 15403 ns, Total: 126305 ns
[2020-09-11T19:08:23.582+0000][1][safepoint    ] Safepoint "RevokeBias", Time since last: 107767 ns, Reaching safepoint: 113871 ns, At safepoint: 13210 ns, Total: 127081 ns
[2020-09-11T19:08:23.582+0000][1][safepoint    ] Safepoint "RevokeBias", Time since last: 39705 ns, Reaching safepoint: 108672 ns, At safepoint: 15259 ns, Total: 123931 ns
[2020-09-11T19:08:23.582+0000][1][safepoint    ] Safepoint "RevokeBias", Time since last: 85293 ns, Reaching safepoint: 179877 ns, At safepoint: 14451 ns, Total: 194328 ns
[2020-09-11T19:08:23.582+0000][1][safepoint    ] Safepoint "RevokeBias", Time since last: 49180 ns, Reaching safepoint: 108568 ns, At safepoint: 14859 ns, Total: 123427 ns
[2020-09-11T19:08:23.701+0000][1][safepoint    ] Safepoint "RevokeBias", Time since last: 114850695 ns, Reaching safepoint: 3874495 ns, At safepoint: 166950 ns, Total: 4041445 ns
[2020-09-11T19:08:24.701+0000][1][safepoint    ] Safepoint "Cleanup", Time since last: 1000119297 ns, Reaching safepoint: 100109 ns, At safepoint: 8059 ns, Total: 108168 ns
[2020-09-11T19:08:24.705+0000][1][safepoint    ] Safepoint "BulkRevokeBias", Time since last: 3114207 ns, Reaching safepoint: 77896 ns, At safepoint: 239499 ns, Total: 317395 ns
[2020-09-11T19:08:24.742+0000][1][safepoint    ] Safepoint "RevokeBias", Time since last: 36829680 ns, Reaching safepoint: 159473 ns, At safepoint: 21657 ns, Total: 181130 ns
[2020-09-11T19:08:24.742+0000][1][safepoint    ] Safepoint "RevokeBias", Time since last: 105594 ns, Reaching safepoint: 35563 ns, At safepoint: 12114 ns, Total: 47677 ns
[2020-09-11T19:08:24.742+0000][1][safepoint    ] Safepoint "RevokeBias", Time since last: 67546 ns, Reaching safepoint: 39310 ns, At safepoint: 11275 ns, Total: 50585 ns
[2020-09-11T19:08:24.742+0000][1][safepoint    ] Safepoint "RevokeBias", Time since last: 30126 ns, Reaching safepoint: 34313 ns, At safepoint: 10508 ns, Total: 44821 ns
[2020-09-11T19:08:24.742+0000][1][safepoint    ] Safepoint "RevokeBias", Time since last: 52542 ns, Reaching safepoint: 37539 ns, At safepoint: 10683 ns, Total: 48222 ns
[2020-09-11T19:08:24.743+0000][1][safepoint    ] Safepoint "BulkRevokeBias", Time since last: 39589 ns, Reaching safepoint: 34323 ns, At safepoint: 243665 ns, Total: 277988 ns
[2020-09-11T19:08:24.801+0000][1][gc,start     ] GC(293) Pause Young (Allocation Failure)
[2020-09-11T19:08:24.801+0000][1][gc,task      ] GC(293) Using 1 workers of 1 for evacuation
[2020-09-11T19:08:24.817+0000][1][gc,age       ] GC(293) Desired survivor size 4358144 bytes, new threshold 6 (max threshold 6)
[2020-09-11T19:08:24.817+0000][1][gc,age       ] GC(293) Age table with threshold 6 (max threshold 6)
[2020-09-11T19:08:24.817+0000][1][gc,age       ] GC(293) - age   1:     751424 bytes,     751424 total
[2020-09-11T19:08:24.817+0000][1][gc,age       ] GC(293) - age   2:     144040 bytes,     895464 total
[2020-09-11T19:08:24.817+0000][1][gc,age       ] GC(293) - age   3:    2442392 bytes,    3337856 total
[2020-09-11T19:08:24.817+0000][1][gc,age       ] GC(293) - age   4:     374792 bytes,    3712648 total
[2020-09-11T19:08:24.817+0000][1][gc,heap      ] GC(293) ParNew: 72410K->3906K(76672K)
[2020-09-11T19:08:24.817+0000][1][gc,heap      ] GC(293) CMS: 96594K->96594K(439104K)
[2020-09-11T19:08:24.817+0000][1][gc,metaspace ] GC(293) Metaspace: 101636K->101636K(1142784K)
[2020-09-11T19:08:24.817+0000][1][gc           ] GC(293) Pause Young (Allocation Failure) 165M->98M(503M) 15.841ms
[2020-09-11T19:08:24.823+0000][1][gc,cpu       ] GC(293) User=0.00s Sys=0.01s Real=0.01s
[2020-09-11T19:08:24.845+0000][1][safepoint    ] Safepoint "GenCollectForAllocation", Time since last: 55285247 ns, Reaching safepoint: 3076839 ns, At safepoint: 44374404 ns, Total: 47451243 ns
[2020-09-11T19:08:24.878+0000][1][safepoint    ] Safepoint "RevokeBias", Time since last: 24687906 ns, Reaching safepoint: 8080340 ns, At safepoint: 178692 ns, Total: 8259032 ns
[2020-09-11T19:08:25.136+0000][1][safepoint    ] Safepoint "RevokeBias", Time since last: 257894998 ns, Reaching safepoint: 107604 ns, At safepoint: 22778 ns, Total: 130382 ns
[2020-09-11T19:08:25.905+0000][1][safepoint    ] Safepoint "RevokeBias", Time since last: 769181921 ns, Reaching safepoint: 85242 ns, At safepoint: 20471 ns, Total: 105713 ns
[2020-09-11T19:08:25.945+0000][1][safepoint    ] Safepoint "RevokeBias", Time since last: 39375136 ns, Reaching safepoint: 172980 ns, At safepoint: 21160 ns, Total: 194140 ns
[2020-09-11T19:08:25.946+0000][1][safepoint    ] Safepoint "BulkRevokeBias", Time since last: 106941 ns, Reaching safepoint: 105289 ns, At safepoint: 231763 ns, Total: 337052 ns
[2020-09-11T19:08:25.946+0000][1][safepoint    ] Safepoint "RevokeBias", Time since last: 93969 ns, Reaching safepoint: 111138 ns, At safepoint: 12338 ns, Total: 123476 ns
[2020-09-11T19:08:25.946+0000][1][safepoint    ] Safepoint "RevokeBias", Time since last: 33354 ns, Reaching safepoint: 106602 ns, At safepoint: 11419 ns, Total: 118021 ns
[2020-09-11T19:08:25.946+0000][1][safepoint    ] Safepoint "RevokeBias", Time since last: 64319 ns, Reaching safepoint: 110067 ns, At safepoint: 11528 ns, Total: 121595 ns
[2020-09-11T19:08:25.946+0000][1][safepoint    ] Safepoint "RevokeBias", Time since last: 49299 ns, Reaching safepoint: 106384 ns, At safepoint: 11388 ns, Total: 117772 ns
[2020-09-11T19:08:26.043+0000][1][safepoint    ] Safepoint "RevokeBias", Time since last: 96113086 ns, Reaching safepoint: 158144 ns, At safepoint: 21712 ns, Total: 179856 ns
[2020-09-11T19:08:26.657+0000][1][safepoint    ] Safepoint "RevokeBias", Time since last: 614592647 ns, Reaching safepoint: 117019 ns, At safepoint: 22654 ns, Total: 139673 ns
[2020-09-11T19:08:27.067+0000][1][safepoint    ] Safepoint "RevokeBias", Time since last: 409275743 ns, Reaching safepoint: 92841 ns, At safepoint: 24334 ns, Total: 117175 ns
[2020-09-11T19:08:27.089+0000][1][safepoint    ] Safepoint "RevokeBias", Time since last: 16122762 ns, Reaching safepoint: 6103101 ns, At safepoint: 38248 ns, Total: 6141349 ns
[2020-09-11T19:08:27.089+0000][1][safepoint    ] Safepoint "RevokeBias", Time since last: 180164 ns, Reaching safepoint: 109926 ns, At safepoint: 13339 ns, Total: 123265 ns
[2020-09-11T19:08:27.093+0000][1][safepoint    ] Safepoint "RevokeBias", Time since last: 134720 ns, Reaching safepoint: 3515307 ns, At safepoint: 31809 ns, Total: 3547116 ns
[2020-09-11T19:08:27.093+0000][1][safepoint    ] Safepoint "RevokeBias", Time since last: 109499 ns, Reaching safepoint: 201941 ns, At safepoint: 30181 ns, Total: 232122 ns
[2020-09-11T19:08:27.169+0000][1][safepoint    ] Safepoint "RevokeBias", Time since last: 74827350 ns, Reaching safepoint: 806676 ns, At safepoint: 171476 ns, Total: 978152 ns
[2020-09-11T19:08:27.218+0000][1][gc,start     ] GC(294) Pause Young (Allocation Failure)
[2020-09-11T19:08:27.218+0000][1][gc,task      ] GC(294) Using 1 workers of 1 for evacuation
[2020-09-11T19:08:27.232+0000][1][gc,age       ] GC(294) Desired survivor size 4358144 bytes, new threshold 4 (max threshold 6)
[2020-09-11T19:08:27.232+0000][1][gc,age       ] GC(294) Age table with threshold 4 (max threshold 6)
[2020-09-11T19:08:27.232+0000][1][gc,age       ] GC(294) - age   1:    1757240 bytes,    1757240 total
[2020-09-11T19:08:27.232+0000][1][gc,age       ] GC(294) - age   2:     128728 bytes,    1885968 total
[2020-09-11T19:08:27.232+0000][1][gc,age       ] GC(294) - age   3:     141528 bytes,    2027496 total
[2020-09-11T19:08:27.232+0000][1][gc,age       ] GC(294) - age   4:    2439352 bytes,    4466848 total
[2020-09-11T19:08:27.232+0000][1][gc,age       ] GC(294) - age   5:     365632 bytes,    4832480 total
[2020-09-11T19:08:27.232+0000][1][gc,heap      ] GC(294) ParNew: 72066K->5215K(76672K)
[2020-09-11T19:08:27.232+0000][1][gc,heap      ] GC(294) CMS: 96594K->96594K(439104K)
[2020-09-11T19:08:27.232+0000][1][gc,metaspace ] GC(294) Metaspace: 101673K->101673K(1142784K)
[2020-09-11T19:08:27.232+0000][1][gc           ] GC(294) Pause Young (Allocation Failure) 164M->99M(503M) 14.157ms
[2020-09-11T19:08:27.232+0000][1][gc,cpu       ] GC(294) User=0.01s Sys=0.00s Real=0.01s
[2020-09-11T19:08:27.261+0000][1][safepoint    ] Safepoint "GenCollectForAllocation", Time since last: 48348661 ns, Reaching safepoint: 773530 ns, At safepoint: 42631397 ns, Total: 43404927 ns
[2020-09-11T19:08:28.188+0000][1][safepoint    ] Safepoint "RevokeBias", Time since last: 926799730 ns, Reaching safepoint: 88354 ns, At safepoint: 20550 ns, Total: 108904 ns
[2020-09-11T19:08:28.216+0000][1][safepoint    ] Safepoint "RevokeBias", Time since last: 25847687 ns, Reaching safepoint: 1987266 ns, At safepoint: 31080 ns, Total: 2018346 ns
[2020-09-11T19:08:28.216+0000][1][safepoint    ] Safepoint "RevokeBias", Time since last: 101813 ns, Reaching safepoint: 694873 ns, At safepoint: 18543 ns, Total: 713416 ns
[2020-09-11T19:08:28.217+0000][1][safepoint    ] Safepoint "RevokeBias", Time since last: 43301 ns, Reaching safepoint: 360769 ns, At safepoint: 15429 ns, Total: 376198 ns
[2020-09-11T19:08:28.217+0000][1][safepoint    ] Safepoint "RevokeBias", Time since last: 171024 ns, Reaching safepoint: 432127 ns, At safepoint: 14716 ns, Total: 446843 ns
[2020-09-11T19:08:28.218+0000][1][safepoint    ] Safepoint "RevokeBias", Time since last: 133867 ns, Reaching safepoint: 113961 ns, At safepoint: 13757 ns, Total: 127718 ns
[2020-09-11T19:08:28.218+0000][1][safepoint    ] Safepoint "RevokeBias", Time since last: 55456 ns, Reaching safepoint: 110262 ns, At safepoint: 13247 ns, Total: 123509 ns
[2020-09-11T19:08:28.309+0000][1][safepoint    ] Safepoint "RevokeBias", Time since last: 87632840 ns, Reaching safepoint: 3388591 ns, At safepoint: 175238 ns, Total: 3563829 ns
[2020-09-11T19:08:28.422+0000][1][safepoint    ] Safepoint "RevokeBias", Time since last: 112912910 ns, Reaching safepoint: 183254 ns, At safepoint: 21380 ns, Total: 204634 ns
[2020-09-11T19:08:28.422+0000][1][safepoint    ] Safepoint "RevokeBias", Time since last: 144639 ns, Reaching safepoint: 105128 ns, At safepoint: 11711 ns, Total: 116839 ns
[2020-09-11T19:08:28.423+0000][1][safepoint    ] Safepoint "RevokeBias", Time since last: 49524 ns, Reaching safepoint: 105083 ns, At safepoint: 10702 ns, Total: 115785 ns
[2020-09-11T19:08:28.423+0000][1][safepoint    ] Safepoint "RevokeBias", Time since last: 43850 ns, Reaching safepoint: 105353 ns, At safepoint: 10183 ns, Total: 115536 ns
[2020-09-11T19:08:28.423+0000][1][safepoint    ] Safepoint "RevokeBias", Time since last: 43432 ns, Reaching safepoint: 104561 ns, At safepoint: 10074 ns, Total: 114635 ns
[2020-09-11T19:08:28.423+0000][1][safepoint    ] Safepoint "BulkRevokeBias", Time since last: 43013 ns, Reaching safepoint: 102808 ns, At safepoint: 243341 ns, Total: 346149 ns
[2020-09-11T19:08:28.565+0000][1][safepoint    ] Safepoint "RevokeBias", Time since last: 139096081 ns, Reaching safepoint: 2426337 ns, At safepoint: 28668 ns, Total: 2455005 ns
[2020-09-11T19:08:28.734+0000][1][safepoint    ] Safepoint "RevokeBias", Time since last: 169261067 ns, Reaching safepoint: 193717 ns, At safepoint: 19187 ns, Total: 212904 ns
[2020-09-11T19:08:28.735+0000][1][safepoint    ] Safepoint "RevokeBias", Time since last: 255331 ns, Reaching safepoint: 39882 ns, At safepoint: 11196 ns, Total: 51078 ns
[2020-09-11T19:08:29.325+0000][1][safepoint    ] Safepoint "RevokeBias", Time since last: 590641464 ns, Reaching safepoint: 103203 ns, At safepoint: 20831 ns, Total: 124034 ns
[2020-09-11T19:08:29.337+0000][1][gc,start     ] GC(295) Pause Young (Allocation Failure)
[2020-09-11T19:08:29.337+0000][1][gc,task      ] GC(295) Using 1 workers of 1 for evacuation
[2020-09-11T19:08:29.357+0000][1][gc,age       ] GC(295) Desired survivor size 4358144 bytes, new threshold 6 (max threshold 6)
[2020-09-11T19:08:29.357+0000][1][gc,age       ] GC(295) Age table with threshold 6 (max threshold 6)
[2020-09-11T19:08:29.357+0000][1][gc,age       ] GC(295) - age   1:    1024944 bytes,    1024944 total
[2020-09-11T19:08:29.357+0000][1][gc,age       ] GC(295) - age   2:     297472 bytes,    1322416 total
[2020-09-11T19:08:29.357+0000][1][gc,age       ] GC(295) - age   3:     127920 bytes,    1450336 total
[2020-09-11T19:08:29.357+0000][1][gc,age       ] GC(295) - age   4:     139872 bytes,    1590208 total
[2020-09-11T19:08:29.357+0000][1][gc,heap      ] GC(295) ParNew: 72973K->2287K(76672K)
[2020-09-11T19:08:29.357+0000][1][gc,heap      ] GC(295) CMS: 96594K->99339K(439104K)
[2020-09-11T19:08:29.357+0000][1][gc,metaspace ] GC(295) Metaspace: 101674K->101674K(1142784K)
[2020-09-11T19:08:29.378+0000][1][gc           ] GC(295) Pause Young (Allocation Failure) 165M->99M(503M) 41.196ms
[2020-09-11T19:08:29.378+0000][1][gc,cpu       ] GC(295) User=0.01s Sys=0.00s Real=0.04s
[2020-09-11T19:08:29.379+0000][1][safepoint    ] Safepoint "GenCollectForAllocation", Time since last: 11457862 ns, Reaching safepoint: 184823 ns, At safepoint: 41660746 ns, Total: 41845569 ns
[2020-09-11T19:08:29.386+0000][1][safepoint    ] Safepoint "RevokeBias", Time since last: 7204636 ns, Reaching safepoint: 84433 ns, At safepoint: 31975 ns, Total: 116408 ns
[2020-09-11T19:08:29.386+0000][1][safepoint    ] Safepoint "RevokeBias", Time since last: 90956 ns, Reaching safepoint: 34926 ns, At safepoint: 20655 ns, Total: 55581 ns
[2020-09-11T19:08:29.386+0000][1][safepoint    ] Safepoint "RevokeBias", Time since last: 71745 ns, Reaching safepoint: 39656 ns, At safepoint: 28163 ns, Total: 67819 ns
[2020-09-11T19:08:29.386+0000][1][safepoint    ] Safepoint "RevokeBias", Time since last: 25460 ns, Reaching safepoint: 32879 ns, At safepoint: 18079 ns, Total: 50958 ns
[2020-09-11T19:08:29.386+0000][1][safepoint    ] Safepoint "RevokeBias", Time since last: 44980 ns, Reaching safepoint: 35665 ns, At safepoint: 17796 ns, Total: 53461 ns
[2020-09-11T19:08:29.387+0000][1][safepoint    ] Safepoint "RevokeBias", Time since last: 34447 ns, Reaching safepoint: 32556 ns, At safepoint: 17358 ns, Total: 49914 ns
[2020-09-11T19:08:29.466+0000][1][safepoint    ] Safepoint "RevokeBias", Time since last: 79035674 ns, Reaching safepoint: 161902 ns, At safepoint: 22211 ns, Total: 184113 ns
[2020-09-11T19:08:30.470+0000][1][safepoint    ] Safepoint "RevokeBias", Time since last: 1003480983 ns, Reaching safepoint: 211342 ns, At safepoint: 179047 ns, Total: 390389 ns
[2020-09-11T19:08:30.531+0000][1][safepoint    ] Safepoint "RevokeBias", Time since last: 56587640 ns, Reaching safepoint: 4729833 ns, At safepoint: 186130 ns, Total: 4915963 ns
[2020-09-11T19:08:30.532+0000][1][safepoint    ] Safepoint "RevokeBias", Time since last: 148292 ns, Reaching safepoint: 134157 ns, At safepoint: 146493 ns, Total: 280650 ns
[2020-09-11T19:08:30.533+0000][1][safepoint    ] Safepoint "RevokeBias", Time since last: 99938 ns, Reaching safepoint: 1159434 ns, At safepoint: 171522 ns, Total: 1330956 ns
[2020-09-11T19:08:30.535+0000][1][safepoint    ] Safepoint "RevokeBias", Time since last: 59216 ns, Reaching safepoint: 1361273 ns, At safepoint: 151035 ns, Total: 1512308 ns
[2020-09-11T19:08:30.535+0000][1][safepoint    ] Safepoint "RevokeBias", Time since last: 85900 ns, Reaching safepoint: 125292 ns, At safepoint: 141984 ns, Total: 267276 ns
[2020-09-11T19:08:30.537+0000][1][safepoint    ] Safepoint "RevokeBias", Time since last: 46018 ns, Reaching safepoint: 1690604 ns, At safepoint: 199905 ns, Total: 1890509 ns
[2020-09-11T19:08:30.626+0000][1][safepoint    ] Safepoint "RevokeBias", Time since last: 88650312 ns, Reaching safepoint: 162625 ns, At safepoint: 22987 ns, Total: 185612 ns
[2020-09-11T19:08:30.645+0000][1][safepoint    ] Safepoint "RevokeBias", Time since last: 19065383 ns, Reaching safepoint: 134227 ns, At safepoint: 21979 ns, Total: 156206 ns
[2020-09-11T19:08:30.665+0000][1][safepoint    ] Safepoint "RevokeBias", Time since last: 19832105 ns, Reaching safepoint: 164324 ns, At safepoint: 23696 ns, Total: 188020 ns
[2020-09-11T19:08:30.666+0000][1][safepoint    ] Safepoint "RevokeBias", Time since last: 772049 ns, Reaching safepoint: 38848 ns, At safepoint: 12707 ns, Total: 51555 ns
[2020-09-11T19:08:30.666+0000][1][safepoint    ] Safepoint "RevokeBias", Time since last: 258550 ns, Reaching safepoint: 35984 ns, At safepoint: 10578 ns, Total: 46562 ns
[2020-09-11T19:08:30.666+0000][1][safepoint    ] Safepoint "RevokeBias", Time since last: 122329 ns, Reaching safepoint: 43136 ns, At safepoint: 11211 ns, Total: 54347 ns
[2020-09-11T19:08:30.666+0000][1][safepoint    ] Safepoint "RevokeBias", Time since last: 81283 ns, Reaching safepoint: 31901 ns, At safepoint: 9904 ns, Total: 41805 ns
[2020-09-11T19:08:30.667+0000][1][safepoint    ] Safepoint "RevokeBias", Time since last: 458615 ns, Reaching safepoint: 35661 ns, At safepoint: 11170 ns, Total: 46831 ns
[2020-09-11T19:08:31.366+0000][1][gc,start     ] GC(296) Pause Young (Allocation Failure)
[2020-09-11T19:08:31.366+0000][1][gc,task      ] GC(296) Using 1 workers of 1 for evacuation
[2020-09-11T19:08:31.382+0000][1][gc,age       ] GC(296) Desired survivor size 4358144 bytes, new threshold 6 (max threshold 6)
[2020-09-11T19:08:31.382+0000][1][gc,age       ] GC(296) Age table with threshold 6 (max threshold 6)
[2020-09-11T19:08:31.382+0000][1][gc,age       ] GC(296) - age   1:    1810928 bytes,    1810928 total
[2020-09-11T19:08:31.382+0000][1][gc,age       ] GC(296) - age   2:      90544 bytes,    1901472 total
[2020-09-11T19:08:31.382+0000][1][gc,age       ] GC(296) - age   3:     294824 bytes,    2196296 total
[2020-09-11T19:08:31.382+0000][1][gc,age       ] GC(296) - age   4:     127536 bytes,    2323832 total
[2020-09-11T19:08:31.382+0000][1][gc,age       ] GC(296) - age   5:     139872 bytes,    2463704 total
[2020-09-11T19:08:31.382+0000][1][gc,heap      ] GC(296) ParNew: 70102K->3473K(76672K)
[2020-09-11T19:08:31.382+0000][1][gc,heap      ] GC(296) CMS: 99339K->99339K(439104K)
[2020-09-11T19:08:31.382+0000][1][gc,metaspace ] GC(296) Metaspace: 101709K->101709K(1142784K)
[2020-09-11T19:08:31.382+0000][1][gc           ] GC(296) Pause Young (Allocation Failure) 165M->100M(503M) 16.390ms
[2020-09-11T19:08:31.382+0000][1][gc,cpu       ] GC(296) User=0.01s Sys=0.00s Real=0.02s
[2020-09-11T19:08:31.409+0000][1][safepoint    ] Safepoint "GenCollectForAllocation", Time since last: 698946152 ns, Reaching safepoint: 212355 ns, At safepoint: 42787008 ns, Total: 42999363 ns
[2020-09-11T19:08:31.657+0000][1][safepoint    ] Safepoint "RevokeBias", Time since last: 248427135 ns, Reaching safepoint: 85656 ns, At safepoint: 21065 ns, Total: 106721 ns
[2020-09-11T19:08:31.684+0000][1][safepoint    ] Safepoint "RevokeBias", Time since last: 26879035 ns, Reaching safepoint: 185306 ns, At safepoint: 24195 ns, Total: 209501 ns
[2020-09-11T19:08:31.685+0000][1][safepoint    ] Safepoint "RevokeBias", Time since last: 106988 ns, Reaching safepoint: 107717 ns, At safepoint: 12970 ns, Total: 120687 ns
[2020-09-11T19:08:31.685+0000][1][safepoint    ] Safepoint "RevokeBias", Time since last: 55367 ns, Reaching safepoint: 103618 ns, At safepoint: 11125 ns, Total: 114743 ns
[2020-09-11T19:08:31.685+0000][1][safepoint    ] Safepoint "RevokeBias", Time since last: 107303 ns, Reaching safepoint: 102287 ns, At safepoint: 11285 ns, Total: 113572 ns
[2020-09-11T19:08:31.685+0000][1][safepoint    ] Safepoint "RevokeBias", Time since last: 103577 ns, Reaching safepoint: 107145 ns, At safepoint: 10992 ns, Total: 118137 ns
[2020-09-11T19:08:31.685+0000][1][safepoint    ] Safepoint "RevokeBias", Time since last: 47557 ns, Reaching safepoint: 103193 ns, At safepoint: 10556 ns, Total: 113749 ns
[2020-09-11T19:08:31.788+0000][1][safepoint    ] Safepoint "RevokeBias", Time since last: 102686933 ns, Reaching safepoint: 193442 ns, At safepoint: 22084 ns, Total: 215526 ns
[2020-09-11T19:08:31.792+0000][1][safepoint    ] Safepoint "RevokeBias", Time since last: 3034216 ns, Reaching safepoint: 157154 ns, At safepoint: 8816 ns, Total: 165970 ns
[2020-09-11T19:08:31.817+0000][1][safepoint    ] Safepoint "RevokeBias", Time since last: 25349716 ns, Reaching safepoint: 170371 ns, At safepoint: 21280 ns, Total: 191651 ns
[2020-09-11T19:08:32.006+0000][1][safepoint    ] Safepoint "RevokeBias", Time since last: 188736481 ns, Reaching safepoint: 180927 ns, At safepoint: 23134 ns, Total: 204061 ns
[2020-09-11T19:08:32.009+0000][1][safepoint    ] Safepoint "RevokeBias", Time since last: 2802824 ns, Reaching safepoint: 168199 ns, At safepoint: 17667 ns, Total: 185866 ns
[2020-09-11T19:08:32.839+0000][1][safepoint    ] Safepoint "RevokeBias", Time since last: 829066979 ns, Reaching safepoint: 236850 ns, At safepoint: 175733 ns, Total: 412583 ns
[2020-09-11T19:08:32.861+0000][1][gc,start     ] GC(297) Pause Young (Allocation Failure)
[2020-09-11T19:08:32.861+0000][1][gc,task      ] GC(297) Using 1 workers of 1 for evacuation
[2020-09-11T19:08:32.875+0000][1][gc,age       ] GC(297) Desired survivor size 4358144 bytes, new threshold 6 (max threshold 6)
[2020-09-11T19:08:32.875+0000][1][gc,age       ] GC(297) Age table with threshold 6 (max threshold 6)
[2020-09-11T19:08:32.875+0000][1][gc,age       ] GC(297) - age   1:    2285784 bytes,    2285784 total
[2020-09-11T19:08:32.875+0000][1][gc,age       ] GC(297) - age   2:       9752 bytes,    2295536 total
[2020-09-11T19:08:32.875+0000][1][gc,age       ] GC(297) - age   3:      82624 bytes,    2378160 total
[2020-09-11T19:08:32.875+0000][1][gc,age       ] GC(297) - age   4:     108064 bytes,    2486224 total
[2020-09-11T19:08:32.875+0000][1][gc,age       ] GC(297) - age   5:       3800 bytes,    2490024 total
[2020-09-11T19:08:32.875+0000][1][gc,age       ] GC(297) - age   6:      15688 bytes,    2505712 total
[2020-09-11T19:08:32.875+0000][1][gc,heap      ] GC(297) ParNew: 71464K->4477K(76672K)
[2020-09-11T19:08:32.875+0000][1][gc,heap      ] GC(297) CMS: 99339K->99339K(439104K)
[2020-09-11T19:08:32.875+0000][1][gc,metaspace ] GC(297) Metaspace: 101714K->101714K(1142784K)
[2020-09-11T19:08:32.875+0000][1][gc           ] GC(297) Pause Young (Allocation Failure) 166M->101M(503M) 13.990ms
[2020-09-11T19:08:32.875+0000][1][gc,cpu       ] GC(297) User=0.01s Sys=0.00s Real=0.01s
[2020-09-11T19:08:32.903+0000][1][safepoint    ] Safepoint "GenCollectForAllocation", Time since last: 16335816 ns, Reaching safepoint: 6045639 ns, At safepoint: 42018259 ns, Total: 48063898 ns
[2020-09-11T19:08:32.909+0000][1][safepoint    ] Safepoint "RevokeBias", Time since last: 5899015 ns, Reaching safepoint: 256380 ns, At safepoint: 137874 ns, Total: 394254 ns
[2020-09-11T19:08:32.910+0000][1][safepoint    ] Safepoint "RevokeBias", Time since last: 119754 ns, Reaching safepoint: 186561 ns, At safepoint: 102730 ns, Total: 289291 ns
[2020-09-11T19:08:32.913+0000][1][safepoint    ] Safepoint "RevokeBias", Time since last: 3248393 ns, Reaching safepoint: 118620 ns, At safepoint: 134626 ns, Total: 253246 ns
[2020-09-11T19:08:32.913+0000][1][safepoint    ] Safepoint "RevokeBias", Time since last: 37240 ns, Reaching safepoint: 48119 ns, At safepoint: 89575 ns, Total: 137694 ns
[2020-09-11T19:08:32.914+0000][1][safepoint    ] Safepoint "RevokeBias", Time since last: 64768 ns, Reaching safepoint: 49530 ns, At safepoint: 80044 ns, Total: 129574 ns
[2020-09-11T19:08:32.914+0000][1][safepoint    ] Safepoint "RevokeBias", Time since last: 40873 ns, Reaching safepoint: 45801 ns, At safepoint: 77801 ns, Total: 123602 ns
[2020-09-11T19:08:32.975+0000][1][safepoint    ] Safepoint "RevokeBias", Time since last: 61595484 ns, Reaching safepoint: 158951 ns, At safepoint: 20403 ns, Total: 179354 ns
[2020-09-11T19:08:33.991+0000][1][safepoint    ] Safepoint "Cleanup", Time since last: 1000100280 ns, Reaching safepoint: 15484738 ns, At safepoint: 15918 ns, Total: 15500656 ns
[2020-09-11T19:08:34.000+0000][1][safepoint    ] Safepoint "RevokeBias", Time since last: 8650872 ns, Reaching safepoint: 191394 ns, At safepoint: 165269 ns, Total: 356663 ns
[2020-09-11T19:08:34.039+0000][1][safepoint    ] Safepoint "RevokeBias", Time since last: 38395980 ns, Reaching safepoint: 188582 ns, At safepoint: 171538 ns, Total: 360120 ns
[2020-09-11T19:08:34.039+0000][1][safepoint    ] Safepoint "RevokeBias", Time since last: 117407 ns, Reaching safepoint: 124131 ns, At safepoint: 131067 ns, Total: 255198 ns
[2020-09-11T19:08:34.040+0000][1][safepoint    ] Safepoint "RevokeBias", Time since last: 89986 ns, Reaching safepoint: 120406 ns, At safepoint: 123969 ns, Total: 244375 ns
[2020-09-11T19:08:34.041+0000][1][safepoint    ] Safepoint "RevokeBias", Time since last: 30315 ns, Reaching safepoint: 1270942 ns, At safepoint: 136565 ns, Total: 1407507 ns
[2020-09-11T19:08:34.041+0000][1][safepoint    ] Safepoint "RevokeBias", Time since last: 84815 ns, Reaching safepoint: 128701 ns, At safepoint: 141294 ns, Total: 269995 ns
[2020-09-11T19:08:34.045+0000][1][safepoint    ] Safepoint "RevokeBias", Time since last: 3471567 ns, Reaching safepoint: 196782 ns, At safepoint: 179631 ns, Total: 376413 ns
[2020-09-11T19:08:34.122+0000][1][safepoint    ] Safepoint "RevokeBias", Time since last: 76608951 ns, Reaching safepoint: 191007 ns, At safepoint: 127214 ns, Total: 318221 ns
[2020-09-11T19:08:35.133+0000][1][safepoint    ] Safepoint "Cleanup", Time since last: 1010701153 ns, Reaching safepoint: 106799 ns, At safepoint: 5932 ns, Total: 112731 ns
[2020-09-11T19:08:35.142+0000][1][safepoint    ] Safepoint "RevokeBias", Time since last: 9288972 ns, Reaching safepoint: 149621 ns, At safepoint: 123620 ns, Total: 273241 ns
[2020-09-11T19:08:35.154+0000][1][safepoint    ] Safepoint "RevokeBias", Time since last: 10933703 ns, Reaching safepoint: 179225 ns, At safepoint: 22395 ns, Total: 201620 ns
[2020-09-11T19:08:35.181+0000][1][safepoint    ] Safepoint "RevokeBias", Time since last: 27201125 ns, Reaching safepoint: 159517 ns, At safepoint: 21915 ns, Total: 181432 ns
[2020-09-11T19:08:35.181+0000][1][safepoint    ] Safepoint "RevokeBias", Time since last: 130837 ns, Reaching safepoint: 108085 ns, At safepoint: 14294 ns, Total: 122379 ns
[2020-09-11T19:08:35.185+0000][1][safepoint    ] Safepoint "RevokeBias", Time since last: 4000064 ns, Reaching safepoint: 168690 ns, At safepoint: 20231 ns, Total: 188921 ns
[2020-09-11T19:08:35.186+0000][1][safepoint    ] Safepoint "BulkRevokeBias", Time since last: 49779 ns, Reaching safepoint: 106476 ns, At safepoint: 240596 ns, Total: 347072 ns
[2020-09-11T19:08:35.189+0000][1][safepoint    ] Safepoint "RevokeBias", Time since last: 3037222 ns, Reaching safepoint: 140737 ns, At safepoint: 17906 ns, Total: 158643 ns
[2020-09-11T19:08:35.189+0000][1][safepoint    ] Safepoint "RevokeBias", Time since last: 60089 ns, Reaching safepoint: 106447 ns, At safepoint: 12685 ns, Total: 119132 ns
[2020-09-11T19:08:35.202+0000][1][gc,start     ] GC(298) Pause Young (Allocation Failure)
[2020-09-11T19:08:35.202+0000][1][gc,task      ] GC(298) Using 1 workers of 1 for evacuation
[2020-09-11T19:08:35.215+0000][1][gc,age       ] GC(298) Desired survivor size 4358144 bytes, new threshold 6 (max threshold 6)
[2020-09-11T19:08:35.215+0000][1][gc,age       ] GC(298) Age table with threshold 6 (max threshold 6)
[2020-09-11T19:08:35.216+0000][1][gc,age       ] GC(298) - age   1:     608768 bytes,     608768 total
[2020-09-11T19:08:35.216+0000][1][gc,age       ] GC(298) - age   2:     119960 bytes,     728728 total
[2020-09-11T19:08:35.216+0000][1][gc,age       ] GC(298) - age   3:       8160 bytes,     736888 total
[2020-09-11T19:08:35.216+0000][1][gc,age       ] GC(298) - age   4:      81032 bytes,     817920 total
[2020-09-11T19:08:35.216+0000][1][gc,age       ] GC(298) - age   5:     104784 bytes,     922704 total
[2020-09-11T19:08:35.216+0000][1][gc,age       ] GC(298) - age   6:       3800 bytes,     926504 total
[2020-09-11T19:08:35.216+0000][1][gc,heap      ] GC(298) ParNew: 72637K->1477K(76672K)
[2020-09-11T19:08:35.216+0000][1][gc,heap      ] GC(298) CMS: 99339K->99354K(439104K)
[2020-09-11T19:08:35.216+0000][1][gc,metaspace ] GC(298) Metaspace: 101717K->101717K(1142784K)
[2020-09-11T19:08:35.216+0000][1][gc           ] GC(298) Pause Young (Allocation Failure) 167M->98M(503M) 13.721ms
[2020-09-11T19:08:35.216+0000][1][gc,cpu       ] GC(298) User=0.00s Sys=0.00s Real=0.01s
[2020-09-11T19:08:35.237+0000][1][safepoint    ] Safepoint "GenCollectForAllocation", Time since last: 12515583 ns, Reaching safepoint: 160797 ns, At safepoint: 34918129 ns, Total: 35078926 ns
[2020-09-11T19:08:35.283+0000][1][safepoint    ] Safepoint "RevokeBias", Time since last: 46279462 ns, Reaching safepoint: 160674 ns, At safepoint: 21596 ns, Total: 182270 ns
[2020-09-11T19:08:36.284+0000][1][safepoint    ] Safepoint "Cleanup", Time since last: 1000141795 ns, Reaching safepoint: 170984 ns, At safepoint: 8275 ns, Total: 179259 ns
[2020-09-11T19:08:36.305+0000][1][safepoint    ] Safepoint "RevokeBias", Time since last: 21711120 ns, Reaching safepoint: 84325 ns, At safepoint: 19956 ns, Total: 104281 ns
[2020-09-11T19:08:36.337+0000][1][safepoint    ] Safepoint "RevokeBias", Time since last: 29001848 ns, Reaching safepoint: 2455080 ns, At safepoint: 23175 ns, Total: 2478255 ns
[2020-09-11T19:08:36.337+0000][1][safepoint    ] Safepoint "RevokeBias", Time since last: 125221 ns, Reaching safepoint: 105858 ns, At safepoint: 12222 ns, Total: 118080 ns
[2020-09-11T19:08:36.337+0000][1][safepoint    ] Safepoint "RevokeBias", Time since last: 110621 ns, Reaching safepoint: 108234 ns, At safepoint: 11653 ns, Total: 119887 ns
[2020-09-11T19:08:36.337+0000][1][safepoint    ] Safepoint "RevokeBias", Time since last: 31930 ns, Reaching safepoint: 105281 ns, At safepoint: 11236 ns, Total: 116517 ns
[2020-09-11T19:08:36.338+0000][1][safepoint    ] Safepoint "RevokeBias", Time since last: 79811 ns, Reaching safepoint: 106294 ns, At safepoint: 10860 ns, Total: 117154 ns
[2020-09-11T19:08:36.338+0000][1][safepoint    ] Safepoint "BulkRevokeBias", Time since last: 46571 ns, Reaching safepoint: 102583 ns, At safepoint: 237200 ns, Total: 339783 ns
[2020-09-11T19:08:36.404+0000][1][safepoint    ] Safepoint "RevokeBias", Time since last: 65332859 ns, Reaching safepoint: 175024 ns, At safepoint: 23452 ns, Total: 198476 ns
[2020-09-11T19:08:36.955+0000][1][safepoint    ] Safepoint "RevokeBias", Time since last: 551158334 ns, Reaching safepoint: 104023 ns, At safepoint: 21955 ns, Total: 125978 ns
[2020-09-11T19:08:37.413+0000][1][safepoint    ] Safepoint "RevokeBias", Time since last: 458346320 ns, Reaching safepoint: 83160 ns, At safepoint: 20115 ns, Total: 103275 ns
[2020-09-11T19:08:37.434+0000][1][safepoint    ] Safepoint "RevokeBias", Time since last: 20789124 ns, Reaching safepoint: 157622 ns, At safepoint: 19243 ns, Total: 176865 ns
[2020-09-11T19:08:37.435+0000][1][safepoint    ] Safepoint "BulkRevokeBias", Time since last: 99227 ns, Reaching safepoint: 112939 ns, At safepoint: 240656 ns, Total: 353595 ns
[2020-09-11T19:08:37.435+0000][1][safepoint    ] Safepoint "RevokeBias", Time since last: 78303 ns, Reaching safepoint: 107222 ns, At safepoint: 12344 ns, Total: 119566 ns
[2020-09-11T19:08:37.435+0000][1][safepoint    ] Safepoint "RevokeBias", Time since last: 30973 ns, Reaching safepoint: 101826 ns, At safepoint: 10461 ns, Total: 112287 ns
[2020-09-11T19:08:37.485+0000][1][gc,start     ] GC(299) Pause Young (Allocation Failure)
[2020-09-11T19:08:37.485+0000][1][gc,task      ] GC(299) Using 1 workers of 1 for evacuation
[2020-09-11T19:08:37.504+0000][1][gc,age       ] GC(299) Desired survivor size 4358144 bytes, new threshold 6 (max threshold 6)
[2020-09-11T19:08:37.504+0000][1][gc,age       ] GC(299) Age table with threshold 6 (max threshold 6)
[2020-09-11T19:08:37.504+0000][1][gc,age       ] GC(299) - age   1:     485208 bytes,     485208 total
[2020-09-11T19:08:37.504+0000][1][gc,age       ] GC(299) - age   2:     134400 bytes,     619608 total
[2020-09-11T19:08:37.504+0000][1][gc,age       ] GC(299) - age   3:     119656 bytes,     739264 total
[2020-09-11T19:08:37.504+0000][1][gc,age       ] GC(299) - age   4:       7360 bytes,     746624 total
[2020-09-11T19:08:37.504+0000][1][gc,age       ] GC(299) - age   5:      79792 bytes,     826416 total
[2020-09-11T19:08:37.504+0000][1][gc,age       ] GC(299) - age   6:      98664 bytes,     925080 total
[2020-09-11T19:08:37.504+0000][1][gc,heap      ] GC(299) ParNew: 69637K->1047K(76672K)
[2020-09-11T19:08:37.504+0000][1][gc,heap      ] GC(299) CMS: 99354K->99358K(439104K)
[2020-09-11T19:08:37.504+0000][1][gc,metaspace ] GC(299) Metaspace: 101730K->101730K(1142784K)
[2020-09-11T19:08:37.504+0000][1][gc           ] GC(299) Pause Young (Allocation Failure) 165M->98M(503M) 18.850ms
[2020-09-11T19:08:37.504+0000][1][gc,cpu       ] GC(299) User=0.00s Sys=0.00s Real=0.02s
[2020-09-11T19:08:37.515+0000][1][safepoint    ] Safepoint "GenCollectForAllocation", Time since last: 49972792 ns, Reaching safepoint: 158406 ns, At safepoint: 29557246 ns, Total: 29715652 ns
[2020-09-11T19:08:37.522+0000][1][safepoint    ] Safepoint "BulkRevokeBias", Time since last: 6855532 ns, Reaching safepoint: 90843 ns, At safepoint: 251433 ns, Total: 342276 ns
[2020-09-11T19:08:37.525+0000][1][safepoint    ] Safepoint "BulkRevokeBias", Time since last: 1129973 ns, Reaching safepoint: 47182 ns, At safepoint: 1630816 ns, Total: 1677998 ns
[2020-09-11T19:08:38.415+0000][1][safepoint    ] Safepoint "RevokeBias", Time since last: 890264510 ns, Reaching safepoint: 180730 ns, At safepoint: 22822 ns, Total: 203552 ns
[2020-09-11T19:08:38.415+0000][1][safepoint    ] Safepoint "RevokeBias", Time since last: 100626 ns, Reaching safepoint: 107281 ns, At safepoint: 12108 ns, Total: 119389 ns
[2020-09-11T19:08:38.416+0000][1][safepoint    ] Safepoint "RevokeBias", Time since last: 48568 ns, Reaching safepoint: 106254 ns, At safepoint: 11759 ns, Total: 118013 ns
[2020-09-11T19:08:38.416+0000][1][safepoint    ] Safepoint "RevokeBias", Time since last: 44148 ns, Reaching safepoint: 105435 ns, At safepoint: 11205 ns, Total: 116640 ns
[2020-09-11T19:08:38.416+0000][1][safepoint    ] Safepoint "RevokeBias", Time since last: 45825 ns, Reaching safepoint: 105831 ns, At safepoint: 10657 ns, Total: 116488 ns
[2020-09-11T19:08:38.550+0000][1][safepoint    ] Safepoint "RevokeBias", Time since last: 133297148 ns, Reaching safepoint: 196466 ns, At safepoint: 175267 ns, Total: 371733 ns
[2020-09-11T19:08:38.587+0000][1][safepoint    ] Safepoint "BulkRevokeBias", Time since last: 36900088 ns, Reaching safepoint: 200152 ns, At safepoint: 442527 ns, Total: 642679 ns
[2020-09-11T19:08:38.593+0000][1][safepoint    ] Safepoint "RevokeBias", Time since last: 1615992 ns, Reaching safepoint: 3639147 ns, At safepoint: 182176 ns, Total: 3821323 ns
[2020-09-11T19:08:38.641+0000][1][safepoint    ] Safepoint "RevokeBias", Time since last: 47659859 ns, Reaching safepoint: 602975 ns, At safepoint: 24335 ns, Total: 627310 ns
[2020-09-11T19:08:38.738+0000][1][safepoint    ] Safepoint "RevokeBias", Time since last: 86647687 ns, Reaching safepoint: 10766266 ns, At safepoint: 32233 ns, Total: 10798499 ns
[2020-09-11T19:08:38.767+0000][1][safepoint    ] Safepoint "RevokeBias", Time since last: 27948129 ns, Reaching safepoint: 167944 ns, At safepoint: 39287 ns, Total: 207231 ns
[2020-09-11T19:08:39.385+0000][1][gc,start     ] GC(300) Pause Young (Allocation Failure)
[2020-09-11T19:08:39.385+0000][1][gc,task      ] GC(300) Using 1 workers of 1 for evacuation
[2020-09-11T19:08:39.407+0000][1][gc,age       ] GC(300) Desired survivor size 4358144 bytes, new threshold 6 (max threshold 6)
[2020-09-11T19:08:39.407+0000][1][gc,age       ] GC(300) Age table with threshold 6 (max threshold 6)
[2020-09-11T19:08:39.407+0000][1][gc,age       ] GC(300) - age   1:    1674736 bytes,    1674736 total
[2020-09-11T19:08:39.407+0000][1][gc,age       ] GC(300) - age   2:     138328 bytes,    1813064 total
[2020-09-11T19:08:39.407+0000][1][gc,age       ] GC(300) - age   3:     128720 bytes,    1941784 total
[2020-09-11T19:08:39.407+0000][1][gc,age       ] GC(300) - age   4:     119592 bytes,    2061376 total
[2020-09-11T19:08:39.407+0000][1][gc,age       ] GC(300) - age   5:       7360 bytes,    2068736 total
[2020-09-11T19:08:39.407+0000][1][gc,age       ] GC(300) - age   6:      70880 bytes,    2139616 total
[2020-09-11T19:08:39.407+0000][1][gc,heap      ] GC(300) ParNew: 69207K->2818K(76672K)
[2020-09-11T19:08:39.407+0000][1][gc,heap      ] GC(300) CMS: 99358K->99455K(439104K)
[2020-09-11T19:08:39.407+0000][1][gc,metaspace ] GC(300) Metaspace: 101738K->101738K(1142784K)
[2020-09-11T19:08:39.407+0000][1][gc           ] GC(300) Pause Young (Allocation Failure) 164M->99M(503M) 21.886ms
[2020-09-11T19:08:39.407+0000][1][gc,cpu       ] GC(300) User=0.01s Sys=0.00s Real=0.02s
[2020-09-11T19:08:39.429+0000][1][safepoint    ] Safepoint "GenCollectForAllocation", Time since last: 618300568 ns, Reaching safepoint: 198295 ns, At safepoint: 43862482 ns, Total: 44060777 ns
[2020-09-11T19:08:39.770+0000][1][safepoint    ] Safepoint "RevokeBias", Time since last: 340551969 ns, Reaching safepoint: 195379 ns, At safepoint: 181318 ns, Total: 376697 ns
[2020-09-11T19:08:39.802+0000][1][safepoint    ] Safepoint "RevokeBias", Time since last: 31605298 ns, Reaching safepoint: 202122 ns, At safepoint: 125433 ns, Total: 327555 ns
[2020-09-11T19:08:39.802+0000][1][safepoint    ] Safepoint "RevokeBias", Time since last: 52627 ns, Reaching safepoint: 48729 ns, At safepoint: 82886 ns, Total: 131615 ns
[2020-09-11T19:08:39.842+0000][1][safepoint    ] Safepoint "RevokeBias", Time since last: 40356312 ns, Reaching safepoint: 161924 ns, At safepoint: 20741 ns, Total: 182665 ns
[2020-09-11T19:08:40.848+0000][1][safepoint    ] Safepoint "Cleanup", Time since last: 1005152501 ns, Reaching safepoint: 94518 ns, At safepoint: 7083 ns, Total: 101601 ns
[2020-09-11T19:08:40.873+0000][1][safepoint    ] Safepoint "RevokeBias", Time since last: 25506186 ns, Reaching safepoint: 84028 ns, At safepoint: 21426 ns, Total: 105454 ns
[2020-09-11T19:08:40.913+0000][1][safepoint    ] Safepoint "RevokeBias", Time since last: 39459255 ns, Reaching safepoint: 175183 ns, At safepoint: 23172 ns, Total: 198355 ns
[2020-09-11T19:08:40.913+0000][1][safepoint    ] Safepoint "RevokeBias", Time since last: 69507 ns, Reaching safepoint: 103698 ns, At safepoint: 12470 ns, Total: 116168 ns
[2020-09-11T19:08:40.962+0000][1][safepoint    ] Safepoint "RevokeBias", Time since last: 48881897 ns, Reaching safepoint: 152953 ns, At safepoint: 21472 ns, Total: 174425 ns
[2020-09-11T19:08:40.985+0000][1][safepoint    ] Safepoint "RevokeBias", Time since last: 22667716 ns, Reaching safepoint: 151612 ns, At safepoint: 20333 ns, Total: 171945 ns
[2020-09-11T19:08:40.985+0000][1][safepoint    ] Safepoint "RevokeBias", Time since last: 249120 ns, Reaching safepoint: 34705 ns, At safepoint: 12221 ns, Total: 46926 ns
[2020-09-11T19:08:40.985+0000][1][safepoint    ] Safepoint "RevokeBias", Time since last: 74681 ns, Reaching safepoint: 31993 ns, At safepoint: 10024 ns, Total: 42017 ns
[2020-09-11T19:08:40.986+0000][1][safepoint    ] Safepoint "RevokeBias", Time since last: 218003 ns, Reaching safepoint: 31846 ns, At safepoint: 9779 ns, Total: 41625 ns
[2020-09-11T19:08:41.301+0000][1][gc,start     ] GC(301) Pause Young (Allocation Failure)
[2020-09-11T19:08:41.301+0000][1][gc,task      ] GC(301) Using 1 workers of 1 for evacuation
[2020-09-11T19:08:41.334+0000][1][gc,age       ] GC(301) Desired survivor size 4358144 bytes, new threshold 6 (max threshold 6)
[2020-09-11T19:08:41.334+0000][1][gc,age       ] GC(301) Age table with threshold 6 (max threshold 6)
[2020-09-11T19:08:41.334+0000][1][gc,age       ] GC(301) - age   1:    1857104 bytes,    1857104 total
[2020-09-11T19:08:41.334+0000][1][gc,age       ] GC(301) - age   2:     153296 bytes,    2010400 total
[2020-09-11T19:08:41.334+0000][1][gc,age       ] GC(301) - age   3:     134040 bytes,    2144440 total
[2020-09-11T19:08:41.334+0000][1][gc,age       ] GC(301) - age   4:     128608 bytes,    2273048 total
[2020-09-11T19:08:41.334+0000][1][gc,age       ] GC(301) - age   5:     119592 bytes,    2392640 total
[2020-09-11T19:08:41.334+0000][1][gc,age       ] GC(301) - age   6:       7360 bytes,    2400000 total
[2020-09-11T19:08:41.334+0000][1][gc,heap      ] GC(301) ParNew: 70978K->3603K(76672K)
[2020-09-11T19:08:41.334+0000][1][gc,heap      ] GC(301) CMS: 99455K->99524K(439104K)
[2020-09-11T19:08:41.334+0000][1][gc,metaspace ] GC(301) Metaspace: 101748K->101748K(1142784K)
[2020-09-11T19:08:41.334+0000][1][gc           ] GC(301) Pause Young (Allocation Failure) 166M->100M(503M) 32.745ms
[2020-09-11T19:08:41.334+0000][1][gc,cpu       ] GC(301) User=0.01s Sys=0.00s Real=0.03s
[2020-09-11T19:08:41.334+0000][1][safepoint    ] Safepoint "GenCollectForAllocation", Time since last: 315038374 ns, Reaching safepoint: 177695 ns, At safepoint: 32820590 ns, Total: 32998285 ns
[2020-09-11T19:08:41.989+0000][1][safepoint    ] Safepoint "RevokeBias", Time since last: 651368331 ns, Reaching safepoint: 3756366 ns, At safepoint: 28601 ns, Total: 3784967 ns
[2020-09-11T19:08:42.033+0000][1][safepoint    ] Safepoint "RevokeBias", Time since last: 38941793 ns, Reaching safepoint: 5026587 ns, At safepoint: 34864 ns, Total: 5061451 ns
[2020-09-11T19:08:42.037+0000][1][safepoint    ] Safepoint "RevokeBias", Time since last: 96490 ns, Reaching safepoint: 3555524 ns, At safepoint: 26284 ns, Total: 3581808 ns
[2020-09-11T19:08:42.153+0000][1][safepoint    ] Safepoint "RevokeBias", Time since last: 115537583 ns, Reaching safepoint: 736896 ns, At safepoint: 175078 ns, Total: 911974 ns
[2020-09-11T19:08:42.157+0000][1][safepoint    ] Safepoint "RevokeBias", Time since last: 1138785 ns, Reaching safepoint: 2759163 ns, At safepoint: 13605 ns, Total: 2772768 ns
[2020-09-11T19:08:43.157+0000][1][safepoint    ] Safepoint "Cleanup", Time since last: 1000102909 ns, Reaching safepoint: 100726 ns, At safepoint: 6746 ns, Total: 107472 ns
[2020-09-11T19:08:43.209+0000][1][safepoint    ] Safepoint "RevokeBias", Time since last: 48494527 ns, Reaching safepoint: 3102357 ns, At safepoint: 133309 ns, Total: 3235666 ns
[2020-09-11T19:08:43.213+0000][1][gc,start     ] GC(302) Pause Young (Allocation Failure)
[2020-09-11T19:08:43.213+0000][1][gc,task      ] GC(302) Using 1 workers of 1 for evacuation
[2020-09-11T19:08:43.226+0000][1][gc,age       ] GC(302) Desired survivor size 4358144 bytes, new threshold 6 (max threshold 6)
[2020-09-11T19:08:43.226+0000][1][gc,age       ] GC(302) Age table with threshold 6 (max threshold 6)
[2020-09-11T19:08:43.226+0000][1][gc,age       ] GC(302) - age   1:    1747656 bytes,    1747656 total
[2020-09-11T19:08:43.226+0000][1][gc,age       ] GC(302) - age   2:       5896 bytes,    1753552 total
[2020-09-11T19:08:43.226+0000][1][gc,age       ] GC(302) - age   3:      18832 bytes,    1772384 total
[2020-09-11T19:08:43.226+0000][1][gc,age       ] GC(302) - age   4:       8792 bytes,    1781176 total
[2020-09-11T19:08:43.226+0000][1][gc,age       ] GC(302) - age   5:       3104 bytes,    1784280 total
[2020-09-11T19:08:43.226+0000][1][gc,age       ] GC(302) - age   6:      56800 bytes,    1841080 total
[2020-09-11T19:08:43.226+0000][1][gc,heap      ] GC(302) ParNew: 71763K->2208K(76672K)
[2020-09-11T19:08:43.226+0000][1][gc,heap      ] GC(302) CMS: 99524K->99532K(439104K)
[2020-09-11T19:08:43.226+0000][1][gc,metaspace ] GC(302) Metaspace: 101762K->101762K(1142784K)
[2020-09-11T19:08:43.226+0000][1][gc           ] GC(302) Pause Young (Allocation Failure) 167M->99M(503M) 13.573ms
[2020-09-11T19:08:43.226+0000][1][gc,cpu       ] GC(302) User=0.00s Sys=0.00s Real=0.01s
[2020-09-11T19:08:43.248+0000][1][safepoint    ] Safepoint "GenCollectForAllocation", Time since last: 429245 ns, Reaching safepoint: 3549293 ns, At safepoint: 34737827 ns, Total: 38287120 ns
[2020-09-11T19:08:43.289+0000][1][safepoint    ] Safepoint "RevokeBias", Time since last: 41454114 ns, Reaching safepoint: 200660 ns, At safepoint: 159730 ns, Total: 360390 ns
[2020-09-11T19:08:43.290+0000][1][safepoint    ] Safepoint "RevokeBias", Time since last: 54206 ns, Reaching safepoint: 123339 ns, At safepoint: 124639 ns, Total: 247978 ns
[2020-09-11T19:08:43.357+0000][1][safepoint    ] Safepoint "RevokeBias", Time since last: 67468688 ns, Reaching safepoint: 168514 ns, At safepoint: 22415 ns, Total: 190929 ns
[2020-09-11T19:08:44.358+0000][1][safepoint    ] Safepoint "Cleanup", Time since last: 1000104512 ns, Reaching safepoint: 97422 ns, At safepoint: 7780 ns, Total: 105202 ns
[2020-09-11T19:08:44.382+0000][1][safepoint    ] Safepoint "RevokeBias", Time since last: 24186851 ns, Reaching safepoint: 84353 ns, At safepoint: 21766 ns, Total: 106119 ns
[2020-09-11T19:08:44.409+0000][1][safepoint    ] Safepoint "RevokeBias", Time since last: 26893204 ns, Reaching safepoint: 188798 ns, At safepoint: 23146 ns, Total: 211944 ns
[2020-09-11T19:08:44.409+0000][1][safepoint    ] Safepoint "RevokeBias", Time since last: 68331 ns, Reaching safepoint: 105275 ns, At safepoint: 13263 ns, Total: 118538 ns
[2020-09-11T19:08:44.464+0000][1][safepoint    ] Safepoint "RevokeBias", Time since last: 54740819 ns, Reaching safepoint: 92192 ns, At safepoint: 21853 ns, Total: 114045 ns
[2020-09-11T19:08:45.161+0000][1][safepoint    ] Safepoint "RevokeBias", Time since last: 692955839 ns, Reaching safepoint: 3880048 ns, At safepoint: 164506 ns, Total: 4044554 ns
[2020-09-11T19:08:45.486+0000][1][safepoint    ] Safepoint "RevokeBias", Time since last: 325329054 ns, Reaching safepoint: 86452 ns, At safepoint: 21140 ns, Total: 107592 ns
[2020-09-11T19:08:45.505+0000][1][gc,start     ] GC(303) Pause Young (Allocation Failure)
[2020-09-11T19:08:45.505+0000][1][gc,task      ] GC(303) Using 1 workers of 1 for evacuation
[2020-09-11T19:08:45.525+0000][1][gc,age       ] GC(303) Desired survivor size 4358144 bytes, new threshold 6 (max threshold 6)
[2020-09-11T19:08:45.525+0000][1][gc,age       ] GC(303) Age table with threshold 6 (max threshold 6)
[2020-09-11T19:08:45.525+0000][1][gc,age       ] GC(303) - age   1:    2847096 bytes,    2847096 total
[2020-09-11T19:08:45.525+0000][1][gc,age       ] GC(303) - age   2:     122072 bytes,    2969168 total
[2020-09-11T19:08:45.525+0000][1][gc,age       ] GC(303) - age   3:       4064 bytes,    2973232 total
[2020-09-11T19:08:45.525+0000][1][gc,age       ] GC(303) - age   4:      17432 bytes,    2990664 total
[2020-09-11T19:08:45.525+0000][1][gc,age       ] GC(303) - age   5:       8792 bytes,    2999456 total
[2020-09-11T19:08:45.525+0000][1][gc,age       ] GC(303) - age   6:        904 bytes,    3000360 total
[2020-09-11T19:08:45.525+0000][1][gc,heap      ] GC(303) ParNew: 70279K->3801K(76672K)
[2020-09-11T19:08:45.525+0000][1][gc,heap      ] GC(303) CMS: 99532K->99588K(439104K)
[2020-09-11T19:08:45.525+0000][1][gc,metaspace ] GC(303) Metaspace: 101767K->101767K(1142784K)
[2020-09-11T19:08:45.526+0000][1][gc           ] GC(303) Pause Young (Allocation Failure) 165M->100M(503M) 20.336ms
[2020-09-11T19:08:45.526+0000][1][gc,cpu       ] GC(303) User=0.00s Sys=0.00s Real=0.02s
[2020-09-11T19:08:45.553+0000][1][safepoint    ] Safepoint "GenCollectForAllocation", Time since last: 18286828 ns, Reaching safepoint: 406822 ns, At safepoint: 47636818 ns, Total: 48043640 ns
[2020-09-11T19:08:45.573+0000][1][safepoint    ] Safepoint "RevokeBias", Time since last: 7960001 ns, Reaching safepoint: 200145 ns, At safepoint: 11817309 ns, Total: 12017454 ns
[2020-09-11T19:08:45.573+0000][1][safepoint    ] Safepoint "RevokeBias", Time since last: 78866 ns, Reaching safepoint: 337006 ns, At safepoint: 173773 ns, Total: 510779 ns
[2020-09-11T19:08:45.755+0000][1][safepoint    ] Safepoint "RevokeBias", Time since last: 181319041 ns, Reaching safepoint: 157561 ns, At safepoint: 59497 ns, Total: 217058 ns
[2020-09-11T19:08:46.005+0000][1][safepoint    ] Safepoint "RevokeBias", Time since last: 249957597 ns, Reaching safepoint: 224594 ns, At safepoint: 25782 ns, Total: 250376 ns
[2020-09-11T19:08:47.009+0000][1][safepoint    ] Safepoint "Cleanup", Time since last: 1004197994 ns, Reaching safepoint: 92957 ns, At safepoint: 6036 ns, Total: 98993 ns
[2020-09-11T19:08:47.088+0000][1][safepoint    ] Safepoint "RevokeBias", Time since last: 78633824 ns, Reaching safepoint: 105313 ns, At safepoint: 22797 ns, Total: 128110 ns
[2020-09-11T19:08:48.093+0000][1][safepoint    ] Safepoint "Cleanup", Time since last: 1004590163 ns, Reaching safepoint: 97034 ns, At safepoint: 10240 ns, Total: 107274 ns
[2020-09-11T19:08:48.423+0000][1][safepoint    ] Safepoint "RevokeBias", Time since last: 329509636 ns, Reaching safepoint: 795219 ns, At safepoint: 24098 ns, Total: 819317 ns
[2020-09-11T19:08:48.425+0000][1][safepoint    ] Safepoint "RevokeBias", Time since last: 105448 ns, Reaching safepoint: 1495981 ns, At safepoint: 17279 ns, Total: 1513260 ns
[2020-09-11T19:08:48.426+0000][1][safepoint    ] Safepoint "RevokeBias", Time since last: 60185 ns, Reaching safepoint: 693118 ns, At safepoint: 16077 ns, Total: 709195 ns
[2020-09-11T19:08:48.429+0000][1][safepoint    ] Safepoint "RevokeBias", Time since last: 58206 ns, Reaching safepoint: 3215390 ns, At safepoint: 27161 ns, Total: 3242551 ns
[2020-09-11T19:08:48.429+0000][1][safepoint    ] Safepoint "RevokeBias", Time since last: 100769 ns, Reaching safepoint: 113218 ns, At safepoint: 13316 ns, Total: 126534 ns
[2020-09-11T19:08:48.705+0000][1][safepoint    ] Safepoint "RevokeBias", Time since last: 276109320 ns, Reaching safepoint: 218832 ns, At safepoint: 24775 ns, Total: 243607 ns
[2020-09-11T19:08:48.835+0000][1][gc,start     ] GC(304) Pause Young (Allocation Failure)
[2020-09-11T19:08:48.836+0000][1][gc,task      ] GC(304) Using 1 workers of 1 for evacuation
[2020-09-11T19:08:48.862+0000][1][gc,age       ] GC(304) Desired survivor size 4358144 bytes, new threshold 6 (max threshold 6)
[2020-09-11T19:08:48.862+0000][1][gc,age       ] GC(304) Age table with threshold 6 (max threshold 6)
[2020-09-11T19:08:48.862+0000][1][gc,age       ] GC(304) - age   1:     903376 bytes,     903376 total
[2020-09-11T19:08:48.862+0000][1][gc,age       ] GC(304) - age   2:    1347232 bytes,    2250608 total
[2020-09-11T19:08:48.862+0000][1][gc,age       ] GC(304) - age   3:     121640 bytes,    2372248 total
[2020-09-11T19:08:48.862+0000][1][gc,age       ] GC(304) - age   4:       3120 bytes,    2375368 total
[2020-09-11T19:08:48.862+0000][1][gc,age       ] GC(304) - age   5:       5088 bytes,    2380456 total
[2020-09-11T19:08:48.862+0000][1][gc,age       ] GC(304) - age   6:       6688 bytes,    2387144 total
[2020-09-11T19:08:48.862+0000][1][gc,heap      ] GC(304) ParNew: 71961K->2672K(76672K)
[2020-09-11T19:08:48.862+0000][1][gc,heap      ] GC(304) CMS: 99588K->99589K(439104K)
[2020-09-11T19:08:48.862+0000][1][gc,metaspace ] GC(304) Metaspace: 101769K->101769K(1142784K)
[2020-09-11T19:08:48.862+0000][1][gc           ] GC(304) Pause Young (Allocation Failure) 167M->99M(503M) 26.424ms
[2020-09-11T19:08:48.862+0000][1][gc,cpu       ] GC(304) User=0.01s Sys=0.00s Real=0.03s
[2020-09-11T19:08:48.873+0000][1][safepoint    ] Safepoint "GenCollectForAllocation", Time since last: 129782372 ns, Reaching safepoint: 202020 ns, At safepoint: 37368409 ns, Total: 37570429 ns
[2020-09-11T19:08:49.909+0000][1][safepoint    ] Safepoint "Cleanup", Time since last: 1035937250 ns, Reaching safepoint: 123261 ns, At safepoint: 10056 ns, Total: 133317 ns
[2020-09-11T19:08:50.913+0000][1][safepoint    ] Safepoint "Cleanup", Time since last: 1003782292 ns, Reaching safepoint: 135284 ns, At safepoint: 7373 ns, Total: 142657 ns
[2020-09-11T19:08:51.914+0000][1][safepoint    ] Safepoint "Cleanup", Time since last: 1000157710 ns, Reaching safepoint: 938017 ns, At safepoint: 9296 ns, Total: 947313 ns
[2020-09-11T19:08:52.914+0000][1][safepoint    ] Safepoint "Cleanup", Time since last: 1000112212 ns, Reaching safepoint: 107963 ns, At safepoint: 11412 ns, Total: 119375 ns
[2020-09-11T19:08:53.914+0000][1][safepoint    ] Safepoint "Cleanup", Time since last: 1000116376 ns, Reaching safepoint: 99338 ns, At safepoint: 10015 ns, Total: 109353 ns
[2020-09-11T19:08:54.915+0000][1][safepoint    ] Safepoint "Cleanup", Time since last: 1000110400 ns, Reaching safepoint: 97356 ns, At safepoint: 9404 ns, Total: 106760 ns
[2020-09-11T19:08:55.124+0000][1][safepoint    ] Safepoint "RevokeBias", Time since last: 208776683 ns, Reaching safepoint: 98880 ns, At safepoint: 22528 ns, Total: 121408 ns
[2020-09-11T19:08:56.124+0000][1][safepoint    ] Safepoint "Cleanup", Time since last: 1000100549 ns, Reaching safepoint: 106601 ns, At safepoint: 10527 ns, Total: 117128 ns
[2020-09-11T19:08:57.124+0000][1][safepoint    ] Safepoint "Cleanup", Time since last: 1000122244 ns, Reaching safepoint: 102334 ns, At safepoint: 10869 ns, Total: 113203 ns
[2020-09-11T19:08:57.163+0000][1][gc,start     ] GC(305) Pause Young (Allocation Failure)
[2020-09-11T19:08:57.163+0000][1][gc,task      ] GC(305) Using 1 workers of 1 for evacuation
[2020-09-11T19:08:57.168+0000][1][gc,age       ] GC(305) Desired survivor size 4358144 bytes, new threshold 6 (max threshold 6)
[2020-09-11T19:08:57.168+0000][1][gc,age       ] GC(305) Age table with threshold 6 (max threshold 6)
[2020-09-11T19:08:57.168+0000][1][gc,age       ] GC(305) - age   1:     863544 bytes,     863544 total
[2020-09-11T19:08:57.168+0000][1][gc,age       ] GC(305) - age   2:     407576 bytes,    1271120 total
[2020-09-11T19:08:57.168+0000][1][gc,age       ] GC(305) - age   3:    1344976 bytes,    2616096 total
[2020-09-11T19:08:57.168+0000][1][gc,age       ] GC(305) - age   4:     121640 bytes,    2737736 total
[2020-09-11T19:08:57.168+0000][1][gc,age       ] GC(305) - age   5:       3120 bytes,    2740856 total
[2020-09-11T19:08:57.168+0000][1][gc,age       ] GC(305) - age   6:       2984 bytes,    2743840 total
[2020-09-11T19:08:57.168+0000][1][gc,heap      ] GC(305) ParNew: 70832K->4833K(76672K)
[2020-09-11T19:08:57.168+0000][1][gc,heap      ] GC(305) CMS: 99589K->99595K(439104K)
[2020-09-11T19:08:57.168+0000][1][gc,metaspace ] GC(305) Metaspace: 101770K->101770K(1142784K)
[2020-09-11T19:08:57.169+0000][1][gc           ] GC(305) Pause Young (Allocation Failure) 166M->101M(503M) 5.592ms
[2020-09-11T19:08:57.169+0000][1][gc,cpu       ] GC(305) User=0.00s Sys=0.00s Real=0.00s
[2020-09-11T19:08:57.181+0000][1][safepoint    ] Safepoint "GenCollectForAllocation", Time since last: 38836460 ns, Reaching safepoint: 101544 ns, At safepoint: 17896948 ns, Total: 17998492 ns
[2020-09-11T19:08:57.198+0000][1][safepoint    ] Safepoint "RevokeBias", Time since last: 16867533 ns, Reaching safepoint: 100165 ns, At safepoint: 33865 ns, Total: 134030 ns
[2020-09-11T19:08:58.199+0000][1][safepoint    ] Safepoint "Cleanup", Time since last: 1000688739 ns, Reaching safepoint: 100547 ns, At safepoint: 25641 ns, Total: 126188 ns
[2020-09-11T19:08:58.490+0000][1][safepoint    ] Safepoint "RevokeBias", Time since last: 291191328 ns, Reaching safepoint: 206772 ns, At safepoint: 24900 ns, Total: 231672 ns
[2020-09-11T19:08:59.490+0000][1][safepoint    ] Safepoint "Cleanup", Time since last: 1000130800 ns, Reaching safepoint: 104598 ns, At safepoint: 11416 ns, Total: 116014 ns
[2020-09-11T19:09:00.491+0000][1][safepoint    ] Safepoint "Cleanup", Time since last: 1000122108 ns, Reaching safepoint: 98329 ns, At safepoint: 8959 ns, Total: 107288 ns
[2020-09-11T19:09:00.802+0000][1][safepoint    ] Safepoint "RevokeBias", Time since last: 311165899 ns, Reaching safepoint: 91649 ns, At safepoint: 25476 ns, Total: 117125 ns
[2020-09-11T19:09:00.810+0000][1][safepoint    ] Safepoint "RevokeBias", Time since last: 7955533 ns, Reaching safepoint: 165957 ns, At safepoint: 25927 ns, Total: 191884 ns
[2020-09-11T19:09:00.861+0000][1][safepoint    ] Safepoint "RevokeBias", Time since last: 51173656 ns, Reaching safepoint: 165947 ns, At safepoint: 34797 ns, Total: 200744 ns
[2020-09-11T19:09:00.976+0000][1][safepoint    ] Safepoint "RevokeBias", Time since last: 114139910 ns, Reaching safepoint: 99352 ns, At safepoint: 19895 ns, Total: 119247 ns
[2020-09-11T19:09:00.981+0000][1][safepoint    ] Safepoint "RevokeBias", Time since last: 5379870 ns, Reaching safepoint: 95470 ns, At safepoint: 19538 ns, Total: 115008 ns
[2020-09-11T19:09:00.983+0000][1][safepoint    ] Safepoint "RevokeBias", Time since last: 1458545 ns, Reaching safepoint: 90568 ns, At safepoint: 17100 ns, Total: 107668 ns
[2020-09-11T19:09:00.984+0000][1][safepoint    ] Safepoint "RevokeBias", Time since last: 1442049 ns, Reaching safepoint: 83950 ns, At safepoint: 18972 ns, Total: 102922 ns
[2020-09-11T19:09:00.989+0000][1][safepoint    ] Safepoint "RevokeBias", Time since last: 4879910 ns, Reaching safepoint: 125119 ns, At safepoint: 24785 ns, Total: 149904 ns
[2020-09-11T19:09:00.991+0000][1][safepoint    ] Safepoint "RevokeBias", Time since last: 1492894 ns, Reaching safepoint: 88563 ns, At safepoint: 19468 ns, Total: 108031 ns
[2020-09-11T19:09:00.991+0000][1][safepoint    ] Safepoint "RevokeBias", Time since last: 387891 ns, Reaching safepoint: 77687 ns, At safepoint: 16646 ns, Total: 94333 ns
[2020-09-11T19:09:01.934+0000][1][safepoint    ] Safepoint "RevokeBias", Time since last: 942544317 ns, Reaching safepoint: 202757 ns, At safepoint: 26753 ns, Total: 229510 ns
[2020-09-11T19:09:01.934+0000][1][safepoint    ] Safepoint "RevokeBias", Time since last: 65422 ns, Reaching safepoint: 164960 ns, At safepoint: 18017 ns, Total: 182977 ns
[2020-09-11T19:09:01.935+0000][1][safepoint    ] Safepoint "RevokeBias", Time since last: 40708 ns, Reaching safepoint: 159086 ns, At safepoint: 15246 ns, Total: 174332 ns
[2020-09-11T19:09:01.935+0000][1][safepoint    ] Safepoint "RevokeBias", Time since last: 52208 ns, Reaching safepoint: 225754 ns, At safepoint: 24438 ns, Total: 250192 ns
[2020-09-11T19:09:01.935+0000][1][safepoint    ] Safepoint "RevokeBias", Time since last: 31655 ns, Reaching safepoint: 142363 ns, At safepoint: 22946 ns, Total: 165309 ns
[2020-09-11T19:09:02.936+0000][1][safepoint    ] Safepoint "Cleanup", Time since last: 1000439281 ns, Reaching safepoint: 102618 ns, At safepoint: 11039 ns, Total: 113657 ns
[2020-09-11T19:09:03.936+0000][1][safepoint    ] Safepoint "Cleanup", Time since last: 1000113804 ns, Reaching safepoint: 93463 ns, At safepoint: 10308 ns, Total: 103771 ns
[2020-09-11T19:09:04.936+0000][1][safepoint    ] Safepoint "Cleanup", Time since last: 1000115601 ns, Reaching safepoint: 91123 ns, At safepoint: 6447 ns, Total: 97570 ns
[2020-09-11T19:09:05.165+0000][1][safepoint    ] Safepoint "RevokeBias", Time since last: 228394551 ns, Reaching safepoint: 178621 ns, At safepoint: 22941 ns, Total: 201562 ns
[2020-09-11T19:09:06.165+0000][1][safepoint    ] Safepoint "Cleanup", Time since last: 1000110033 ns, Reaching safepoint: 117884 ns, At safepoint: 10313 ns, Total: 128197 ns
[2020-09-11T19:09:07.165+0000][1][safepoint    ] Safepoint "Cleanup", Time since last: 1000114049 ns, Reaching safepoint: 95810 ns, At safepoint: 10629 ns, Total: 106439 ns
[2020-09-11T19:09:07.210+0000][1][safepoint    ] Safepoint "RevokeBias", Time since last: 44977275 ns, Reaching safepoint: 179524 ns, At safepoint: 23562 ns, Total: 203086 ns
[2020-09-11T19:09:08.210+0000][1][safepoint    ] Safepoint "Cleanup", Time since last: 1000112208 ns, Reaching safepoint: 100279 ns, At safepoint: 7874 ns, Total: 108153 ns
[2020-09-11T19:09:08.426+0000][1][safepoint    ] Safepoint "RevokeBias", Time since last: 215298240 ns, Reaching safepoint: 184256 ns, At safepoint: 26931 ns, Total: 211187 ns
[2020-09-11T19:09:08.501+0000][1][safepoint    ] Safepoint "RevokeBias", Time since last: 73470605 ns, Reaching safepoint: 1469855 ns, At safepoint: 239387 ns, Total: 1709242 ns
[2020-09-11T19:09:08.559+0000][1][gc,start     ] GC(306) Pause Young (Allocation Failure)
[2020-09-11T19:09:08.559+0000][1][gc,task      ] GC(306) Using 1 workers of 1 for evacuation
[2020-09-11T19:09:08.575+0000][1][gc,age       ] GC(306) Desired survivor size 4358144 bytes, new threshold 6 (max threshold 6)
[2020-09-11T19:09:08.575+0000][1][gc,age       ] GC(306) Age table with threshold 6 (max threshold 6)
[2020-09-11T19:09:08.575+0000][1][gc,age       ] GC(306) - age   1:     847544 bytes,     847544 total
[2020-09-11T19:09:08.575+0000][1][gc,age       ] GC(306) - age   2:     764448 bytes,    1611992 total
[2020-09-11T19:09:08.575+0000][1][gc,age       ] GC(306) - age   3:     397808 bytes,    2009800 total
[2020-09-11T19:09:08.575+0000][1][gc,age       ] GC(306) - age   4:    1343336 bytes,    3353136 total
[2020-09-11T19:09:08.575+0000][1][gc,age       ] GC(306) - age   5:     121576 bytes,    3474712 total
[2020-09-11T19:09:08.575+0000][1][gc,age       ] GC(306) - age   6:       3120 bytes,    3477832 total
[2020-09-11T19:09:08.575+0000][1][gc,heap      ] GC(306) ParNew: 72993K->4826K(76672K)
[2020-09-11T19:09:08.575+0000][1][gc,heap      ] GC(306) CMS: 99595K->99597K(439104K)
[2020-09-11T19:09:08.575+0000][1][gc,metaspace ] GC(306) Metaspace: 101778K->101778K(1142784K)
[2020-09-11T19:09:08.575+0000][1][gc           ] GC(306) Pause Young (Allocation Failure) 168M->101M(503M) 16.158ms
[2020-09-11T19:09:08.575+0000][1][gc,cpu       ] GC(306) User=0.01s Sys=0.00s Real=0.02s
[2020-09-11T19:09:08.575+0000][1][safepoint    ] Safepoint "GenCollectForAllocation", Time since last: 57442934 ns, Reaching safepoint: 399783 ns, At safepoint: 16229690 ns, Total: 16629473 ns
[2020-09-11T19:09:09.589+0000][1][safepoint    ] Safepoint "Cleanup", Time since last: 1013730294 ns, Reaching safepoint: 96104 ns, At safepoint: 24441 ns, Total: 120545 ns
[2020-09-11T19:09:10.589+0000][1][safepoint    ] Safepoint "Cleanup", Time since last: 1000115105 ns, Reaching safepoint: 97874 ns, At safepoint: 25084 ns, Total: 122958 ns
[2020-09-11T19:09:11.590+0000][1][safepoint    ] Safepoint "Cleanup", Time since last: 1000142521 ns, Reaching safepoint: 99303 ns, At safepoint: 11836 ns, Total: 111139 ns
[2020-09-11T19:09:12.591+0000][1][safepoint    ] Safepoint "Cleanup", Time since last: 1001281151 ns, Reaching safepoint: 118807 ns, At safepoint: 7542 ns, Total: 126349 ns
[2020-09-11T19:09:13.134+0000][1][safepoint    ] Safepoint "RevokeBias", Time since last: 542309054 ns, Reaching safepoint: 195164 ns, At safepoint: 25563 ns, Total: 220727 ns
[2020-09-11T19:09:13.225+0000][1][safepoint    ] Safepoint "RevokeBias", Time since last: 91380827 ns, Reaching safepoint: 162546 ns, At safepoint: 22722 ns, Total: 185268 ns
[2020-09-11T19:09:13.263+0000][1][safepoint    ] Safepoint "RevokeBias", Time since last: 37878474 ns, Reaching safepoint: 170004 ns, At safepoint: 37439 ns, Total: 207443 ns
[2020-09-11T19:09:13.264+0000][1][safepoint    ] Safepoint "RevokeBias", Time since last: 987659 ns, Reaching safepoint: 116911 ns, At safepoint: 20637 ns, Total: 137548 ns
[2020-09-11T19:09:13.264+0000][1][safepoint    ] Safepoint "RevokeBias", Time since last: 36585 ns, Reaching safepoint: 106789 ns, At safepoint: 18210 ns, Total: 124999 ns
[2020-09-11T19:09:13.265+0000][1][safepoint    ] Safepoint "RevokeBias", Time since last: 31382 ns, Reaching safepoint: 106657 ns, At safepoint: 22873 ns, Total: 129530 ns
[2020-09-11T19:09:13.273+0000][1][safepoint    ] Safepoint "RevokeBias", Time since last: 30597 ns, Reaching safepoint: 8295741 ns, At safepoint: 46814 ns, Total: 8342555 ns
[2020-09-11T19:09:13.273+0000][1][safepoint    ] Safepoint "RevokeBias", Time since last: 82633 ns, Reaching safepoint: 109096 ns, At safepoint: 21204 ns, Total: 130300 ns
[2020-09-11T19:09:13.273+0000][1][safepoint    ] Safepoint "RevokeBias", Time since last: 39828 ns, Reaching safepoint: 103891 ns, At safepoint: 14896 ns, Total: 118787 ns
[2020-09-11T19:09:13.274+0000][1][safepoint    ] Safepoint "RevokeBias", Time since last: 41006 ns, Reaching safepoint: 104283 ns, At safepoint: 14435 ns, Total: 118718 ns
[2020-09-11T19:09:13.274+0000][1][safepoint    ] Safepoint "RevokeBias", Time since last: 29086 ns, Reaching safepoint: 102613 ns, At safepoint: 13796 ns, Total: 116409 ns
[2020-09-11T19:09:13.274+0000][1][safepoint    ] Safepoint "RevokeBias", Time since last: 28558 ns, Reaching safepoint: 103344 ns, At safepoint: 18273 ns, Total: 121617 ns
[2020-09-11T19:09:13.274+0000][1][safepoint    ] Safepoint "RevokeBias", Time since last: 125886 ns, Reaching safepoint: 106381 ns, At safepoint: 12766 ns, Total: 119147 ns
[2020-09-11T19:09:13.275+0000][1][safepoint    ] Safepoint "RevokeBias", Time since last: 600638 ns, Reaching safepoint: 112344 ns, At safepoint: 12784 ns, Total: 125128 ns
[2020-09-11T19:09:14.281+0000][1][safepoint    ] Safepoint "Cleanup", Time since last: 1005987674 ns, Reaching safepoint: 90115 ns, At safepoint: 7632 ns, Total: 97747 ns
[2020-09-11T19:09:15.164+0000][1][safepoint    ] Safepoint "BulkRevokeBias", Time since last: 882341494 ns, Reaching safepoint: 98411 ns, At safepoint: 250553 ns, Total: 348964 ns
[2020-09-11T19:09:16.164+0000][1][safepoint    ] Safepoint "Cleanup", Time since last: 1000114100 ns, Reaching safepoint: 99403 ns, At safepoint: 7736 ns, Total: 107139 ns
[2020-09-11T19:09:17.164+0000][1][safepoint    ] Safepoint "Cleanup", Time since last: 1000113716 ns, Reaching safepoint: 88697 ns, At safepoint: 9098 ns, Total: 97795 ns
[2020-09-11T19:09:17.368+0000][1][safepoint    ] Safepoint "RevokeBias", Time since last: 204016471 ns, Reaching safepoint: 174224 ns, At safepoint: 21974 ns, Total: 196198 ns
[2020-09-11T19:09:18.282+0000][1][safepoint    ] Safepoint "RevokeBias", Time since last: 913715633 ns, Reaching safepoint: 161268 ns, At safepoint: 22468 ns, Total: 183736 ns
[2020-09-11T19:09:18.283+0000][1][gc,start     ] GC(307) Pause Young (Allocation Failure)
[2020-09-11T19:09:18.283+0000][1][gc,task      ] GC(307) Using 1 workers of 1 for evacuation
[2020-09-11T19:09:18.299+0000][1][gc,age       ] GC(307) Desired survivor size 4358144 bytes, new threshold 3 (max threshold 6)
[2020-09-11T19:09:18.299+0000][1][gc,age       ] GC(307) Age table with threshold 3 (max threshold 6)
[2020-09-11T19:09:18.299+0000][1][gc,age       ] GC(307) - age   1:    4098248 bytes,    4098248 total
[2020-09-11T19:09:18.299+0000][1][gc,age       ] GC(307) - age   2:     248752 bytes,    4347000 total
[2020-09-11T19:09:18.299+0000][1][gc,age       ] GC(307) - age   3:     760448 bytes,    5107448 total
[2020-09-11T19:09:18.299+0000][1][gc,age       ] GC(307) - age   4:     395992 bytes,    5503440 total
[2020-09-11T19:09:18.299+0000][1][gc,age       ] GC(307) - age   5:    1342520 bytes,    6845960 total
[2020-09-11T19:09:18.299+0000][1][gc,age       ] GC(307) - age   6:     121304 bytes,    6967264 total
[2020-09-11T19:09:18.299+0000][1][gc,heap      ] GC(307) ParNew: 72754K->8512K(76672K)
[2020-09-11T19:09:18.299+0000][1][gc,heap      ] GC(307) CMS: 99597K->99601K(439104K)
[2020-09-11T19:09:18.299+0000][1][gc,metaspace ] GC(307) Metaspace: 101822K->101822K(1142784K)
[2020-09-11T19:09:18.299+0000][1][gc           ] GC(307) Pause Young (Allocation Failure) 168M->105M(503M) 16.206ms
[2020-09-11T19:09:18.299+0000][1][gc,cpu       ] GC(307) User=0.01s Sys=0.00s Real=0.01s
[2020-09-11T19:09:18.299+0000][1][safepoint    ] Safepoint "GenCollectForAllocation", Time since last: 798048 ns, Reaching safepoint: 162031 ns, At safepoint: 16322059 ns, Total: 16484090 ns
[2020-09-11T19:09:18.354+0000][1][safepoint    ] Safepoint "RevokeBias", Time since last: 54551180 ns, Reaching safepoint: 158717 ns, At safepoint: 21936 ns, Total: 180653 ns
[2020-09-11T19:09:18.369+0000][1][safepoint    ] Safepoint "RevokeBias", Time since last: 14730762 ns, Reaching safepoint: 157153 ns, At safepoint: 33806 ns, Total: 190959 ns
[2020-09-11T19:09:18.434+0000][1][safepoint    ] Safepoint "RevokeBias", Time since last: 64931221 ns, Reaching safepoint: 178226 ns, At safepoint: 22173 ns, Total: 200399 ns
[2020-09-11T19:09:18.434+0000][1][safepoint    ] Safepoint "RevokeBias", Time since last: 93612 ns, Reaching safepoint: 38675 ns, At safepoint: 11808 ns, Total: 50483 ns
[2020-09-11T19:09:18.558+0000][1][safepoint    ] Safepoint "RevokeBias", Time since last: 123533671 ns, Reaching safepoint: 193565 ns, At safepoint: 21206 ns, Total: 214771 ns
[2020-09-11T19:09:19.558+0000][1][safepoint    ] Safepoint "Cleanup", Time since last: 1000110695 ns, Reaching safepoint: 93676 ns, At safepoint: 7358 ns, Total: 101034 ns
[2020-09-11T19:09:20.558+0000][1][safepoint    ] Safepoint "Cleanup", Time since last: 1000114623 ns, Reaching safepoint: 96137 ns, At safepoint: 11410 ns, Total: 107547 ns
[2020-09-11T19:09:21.559+0000][1][safepoint    ] Safepoint "Cleanup", Time since last: 1000117669 ns, Reaching safepoint: 96208 ns, At safepoint: 10906 ns, Total: 107114 ns
[2020-09-11T19:09:21.805+0000][1][safepoint    ] Safepoint "BulkRevokeBias", Time since last: 245919639 ns, Reaching safepoint: 190849 ns, At safepoint: 281099 ns, Total: 471948 ns
[2020-09-11T19:09:21.838+0000][1][gc,start     ] GC(308) Pause Young (Allocation Failure)
[2020-09-11T19:09:21.838+0000][1][gc,task      ] GC(308) Using 1 workers of 1 for evacuation
[2020-09-11T19:09:21.853+0000][1][gc,age       ] GC(308) Desired survivor size 4358144 bytes, new threshold 6 (max threshold 6)
[2020-09-11T19:09:21.853+0000][1][gc,age       ] GC(308) Age table with threshold 6 (max threshold 6)
[2020-09-11T19:09:21.853+0000][1][gc,age       ] GC(308) - age   1:     317848 bytes,     317848 total
[2020-09-11T19:09:21.853+0000][1][gc,age       ] GC(308) - age   2:     293000 bytes,     610848 total
[2020-09-11T19:09:21.853+0000][1][gc,age       ] GC(308) - age   3:     237712 bytes,     848560 total
[2020-09-11T19:09:21.853+0000][1][gc,heap      ] GC(308) ParNew: 76525K->5840K(76672K)
[2020-09-11T19:09:21.853+0000][1][gc,heap      ] GC(308) CMS: 99601K->101506K(439104K)
[2020-09-11T19:09:21.853+0000][1][gc,metaspace ] GC(308) Metaspace: 101825K->101825K(1142784K)
[2020-09-11T19:09:21.853+0000][1][gc           ] GC(308) Pause Young (Allocation Failure) 171M->104M(503M) 14.473ms
[2020-09-11T19:09:21.853+0000][1][gc,cpu       ] GC(308) User=0.01s Sys=0.00s Real=0.01s
[2020-09-11T19:09:21.864+0000][1][safepoint    ] Safepoint "GenCollectForAllocation", Time since last: 32871586 ns, Reaching safepoint: 170843 ns, At safepoint: 25677475 ns, Total: 25848318 ns
[2020-09-11T19:09:21.885+0000][1][safepoint    ] Safepoint "RevokeBias", Time since last: 20953495 ns, Reaching safepoint: 170372 ns, At safepoint: 26763 ns, Total: 197135 ns
[2020-09-11T19:09:21.885+0000][1][safepoint    ] Safepoint "RevokeBias", Time since last: 65022 ns, Reaching safepoint: 108235 ns, At safepoint: 12825 ns, Total: 121060 ns
[2020-09-11T19:09:21.994+0000][1][safepoint    ] Safepoint "RevokeBias", Time since last: 108766221 ns, Reaching safepoint: 154869 ns, At safepoint: 22264 ns, Total: 177133 ns
[2020-09-11T19:09:22.002+0000][1][safepoint    ] Safepoint "RevokeBias", Time since last: 7730618 ns, Reaching safepoint: 162687 ns, At safepoint: 27269 ns, Total: 189956 ns
[2020-09-11T19:09:22.002+0000][1][safepoint    ] Safepoint "RevokeBias", Time since last: 60855 ns, Reaching safepoint: 107052 ns, At safepoint: 18873 ns, Total: 125925 ns
[2020-09-11T19:09:22.002+0000][1][safepoint    ] Safepoint "RevokeBias", Time since last: 35728 ns, Reaching safepoint: 107916 ns, At safepoint: 22533 ns, Total: 130449 ns
[2020-09-11T19:09:22.003+0000][1][safepoint    ] Safepoint "RevokeBias", Time since last: 35089 ns, Reaching safepoint: 106494 ns, At safepoint: 21490 ns, Total: 127984 ns
[2020-09-11T19:09:22.003+0000][1][safepoint    ] Safepoint "RevokeBias", Time since last: 35095 ns, Reaching safepoint: 105805 ns, At safepoint: 20428 ns, Total: 126233 ns
[2020-09-11T19:09:22.006+0000][1][safepoint    ] Safepoint "RevokeBias", Time since last: 34078 ns, Reaching safepoint: 3135608 ns, At safepoint: 23573 ns, Total: 3159181 ns
[2020-09-11T19:09:22.006+0000][1][safepoint    ] Safepoint "RevokeBias", Time since last: 50907 ns, Reaching safepoint: 109923 ns, At safepoint: 17154 ns, Total: 127077 ns
[2020-09-11T19:09:22.009+0000][1][safepoint    ] Safepoint "RevokeBias", Time since last: 1074462 ns, Reaching safepoint: 1696766 ns, At safepoint: 52951 ns, Total: 1749717 ns
[2020-09-11T19:09:23.011+0000][1][safepoint    ] Safepoint "Cleanup", Time since last: 1002114901 ns, Reaching safepoint: 95802 ns, At safepoint: 6865 ns, Total: 102667 ns
[2020-09-11T19:09:24.011+0000][1][safepoint    ] Safepoint "Cleanup", Time since last: 1000114617 ns, Reaching safepoint: 92099 ns, At safepoint: 10512 ns, Total: 102611 ns
[2020-09-11T19:09:25.012+0000][1][safepoint    ] Safepoint "Cleanup", Time since last: 1000113754 ns, Reaching safepoint: 93267 ns, At safepoint: 10377 ns, Total: 103644 ns
[2020-09-11T19:09:25.166+0000][1][safepoint    ] Safepoint "RevokeBias", Time since last: 154082464 ns, Reaching safepoint: 178156 ns, At safepoint: 24178 ns, Total: 202334 ns
[2020-09-11T19:09:26.166+0000][1][safepoint    ] Safepoint "Cleanup", Time since last: 1000107601 ns, Reaching safepoint: 94444 ns, At safepoint: 10464 ns, Total: 104908 ns
[2020-09-11T19:09:27.166+0000][1][safepoint    ] Safepoint "Cleanup", Time since last: 1000109388 ns, Reaching safepoint: 100393 ns, At safepoint: 9729 ns, Total: 110122 ns
[2020-09-11T19:09:27.371+0000][1][safepoint    ] Safepoint "RevokeBias", Time since last: 204996341 ns, Reaching safepoint: 92205 ns, At safepoint: 20705 ns, Total: 112910 ns
[2020-09-11T19:09:27.389+0000][1][safepoint    ] Safepoint "RevokeBias", Time since last: 13644975 ns, Reaching safepoint: 3832603 ns, At safepoint: 28193 ns, Total: 3860796 ns
[2020-09-11T19:09:27.462+0000][1][safepoint    ] Safepoint "RevokeBias", Time since last: 72776329 ns, Reaching safepoint: 179423 ns, At safepoint: 21658 ns, Total: 201081 ns
[2020-09-11T19:09:27.482+0000][1][safepoint    ] Safepoint "RevokeBias", Time since last: 20226721 ns, Reaching safepoint: 158864 ns, At safepoint: 33248 ns, Total: 192112 ns
[2020-09-11T19:09:27.483+0000][1][safepoint    ] Safepoint "RevokeBias", Time since last: 564953 ns, Reaching safepoint: 110765 ns, At safepoint: 13034 ns, Total: 123799 ns
[2020-09-11T19:09:27.483+0000][1][safepoint    ] Safepoint "RevokeBias", Time since last: 50865 ns, Reaching safepoint: 100753 ns, At safepoint: 12147 ns, Total: 112900 ns
[2020-09-11T19:09:27.484+0000][1][safepoint    ] Safepoint "RevokeBias", Time since last: 464858 ns, Reaching safepoint: 106261 ns, At safepoint: 11801 ns, Total: 118062 ns
[2020-09-11T19:09:27.494+0000][1][safepoint    ] Safepoint "RevokeBias", Time since last: 9355614 ns, Reaching safepoint: 536170 ns, At safepoint: 22894 ns, Total: 559064 ns
[2020-09-11T19:09:27.500+0000][1][safepoint    ] Safepoint "RevokeBias", Time since last: 6055623 ns, Reaching safepoint: 176392 ns, At safepoint: 21384 ns, Total: 197776 ns
[2020-09-11T19:09:27.796+0000][1][gc,start     ] GC(309) Pause Young (Allocation Failure)
[2020-09-11T19:09:27.796+0000][1][gc,task      ] GC(309) Using 1 workers of 1 for evacuation
[2020-09-11T19:09:27.811+0000][1][gc,age       ] GC(309) Desired survivor size 4358144 bytes, new threshold 6 (max threshold 6)
[2020-09-11T19:09:27.811+0000][1][gc,age       ] GC(309) Age table with threshold 6 (max threshold 6)
[2020-09-11T19:09:27.811+0000][1][gc,age       ] GC(309) - age   1:     833744 bytes,     833744 total
[2020-09-11T19:09:27.811+0000][1][gc,age       ] GC(309) - age   2:     222576 bytes,    1056320 total
[2020-09-11T19:09:27.811+0000][1][gc,age       ] GC(309) - age   3:     282464 bytes,    1338784 total
[2020-09-11T19:09:27.811+0000][1][gc,age       ] GC(309) - age   4:     236472 bytes,    1575256 total
[2020-09-11T19:09:27.811+0000][1][gc,heap      ] GC(309) ParNew: 74000K->1615K(76672K)
[2020-09-11T19:09:27.811+0000][1][gc,heap      ] GC(309) CMS: 101506K->101506K(439104K)
[2020-09-11T19:09:27.811+0000][1][gc,metaspace ] GC(309) Metaspace: 101828K->101828K(1142784K)
[2020-09-11T19:09:27.811+0000][1][gc           ] GC(309) Pause Young (Allocation Failure) 171M->100M(503M) 14.736ms
[2020-09-11T19:09:27.811+0000][1][gc,cpu       ] GC(309) User=0.00s Sys=0.00s Real=0.01s
[2020-09-11T19:09:27.823+0000][1][safepoint    ] Safepoint "GenCollectForAllocation", Time since last: 296250865 ns, Reaching safepoint: 171951 ns, At safepoint: 26655374 ns, Total: 26827325 ns
[2020-09-11T19:09:28.414+0000][1][safepoint    ] Safepoint "RevokeBias", Time since last: 590441724 ns, Reaching safepoint: 202000 ns, At safepoint: 23656 ns, Total: 225656 ns
[2020-09-11T19:09:28.489+0000][1][safepoint    ] Safepoint "RevokeBias", Time since last: 75347020 ns, Reaching safepoint: 94984 ns, At safepoint: 7896 ns, Total: 102880 ns
[2020-09-11T19:09:28.496+0000][1][safepoint    ] Safepoint "RevokeBias", Time since last: 6686803 ns, Reaching safepoint: 163392 ns, At safepoint: 30120 ns, Total: 193512 ns
[2020-09-11T19:09:28.497+0000][1][safepoint    ] Safepoint "RevokeBias", Time since last: 324383 ns, Reaching safepoint: 608008 ns, At safepoint: 24470 ns, Total: 632478 ns
[2020-09-11T19:09:28.510+0000][1][safepoint    ] Safepoint "BulkRevokeBias", Time since last: 12698248 ns, Reaching safepoint: 171162 ns, At safepoint: 266762 ns, Total: 437924 ns
[2020-09-11T19:09:28.626+0000][1][safepoint    ] Safepoint "RevokeBias", Time since last: 116184551 ns, Reaching safepoint: 183996 ns, At safepoint: 21721 ns, Total: 205717 ns
[2020-09-11T19:09:28.657+0000][1][safepoint    ] Safepoint "RevokeBias", Time since last: 30336172 ns, Reaching safepoint: 204026 ns, At safepoint: 27069 ns, Total: 231095 ns
[2020-09-11T19:09:28.691+0000][1][gc,start     ] GC(310) Pause Young (Allocation Failure)
[2020-09-11T19:09:28.691+0000][1][gc,task      ] GC(310) Using 1 workers of 1 for evacuation
[2020-09-11T19:09:28.719+0000][1][gc,age       ] GC(310) Desired survivor size 4358144 bytes, new threshold 6 (max threshold 6)
[2020-09-11T19:09:28.719+0000][1][gc,age       ] GC(310) Age table with threshold 6 (max threshold 6)
[2020-09-11T19:09:28.719+0000][1][gc,age       ] GC(310) - age   1:     606960 bytes,     606960 total
[2020-09-11T19:09:28.719+0000][1][gc,age       ] GC(310) - age   2:     113160 bytes,     720120 total
[2020-09-11T19:09:28.719+0000][1][gc,age       ] GC(310) - age   3:      26176 bytes,     746296 total
[2020-09-11T19:09:28.719+0000][1][gc,age       ] GC(310) - age   4:     282008 bytes,    1028304 total
[2020-09-11T19:09:28.719+0000][1][gc,age       ] GC(310) - age   5:     233848 bytes,    1262152 total
[2020-09-11T19:09:28.719+0000][1][gc,heap      ] GC(310) ParNew: 69775K->1557K(76672K)
[2020-09-11T19:09:28.719+0000][1][gc,heap      ] GC(310) CMS: 101506K->101506K(439104K)
[2020-09-11T19:09:28.719+0000][1][gc,metaspace ] GC(310) Metaspace: 101840K->101840K(1142784K)
[2020-09-11T19:09:28.719+0000][1][gc           ] GC(310) Pause Young (Allocation Failure) 167M->100M(503M) 27.998ms
[2020-09-11T19:09:28.719+0000][1][gc,cpu       ] GC(310) User=0.01s Sys=0.00s Real=0.03s
[2020-09-11T19:09:28.725+0000][1][safepoint    ] Safepoint "GenCollectForAllocation", Time since last: 33980691 ns, Reaching safepoint: 183793 ns, At safepoint: 33613249 ns, Total: 33797042 ns
[2020-09-11T19:09:29.730+0000][1][safepoint    ] Safepoint "Cleanup", Time since last: 1004857831 ns, Reaching safepoint: 102195 ns, At safepoint: 7916 ns, Total: 110111 ns
[2020-09-11T19:09:30.730+0000][1][safepoint    ] Safepoint "Cleanup", Time since last: 1000123196 ns, Reaching safepoint: 95762 ns, At safepoint: 10323 ns, Total: 106085 ns
[2020-09-11T19:09:31.730+0000][1][safepoint    ] Safepoint "Cleanup", Time since last: 1000115219 ns, Reaching safepoint: 102371 ns, At safepoint: 10835 ns, Total: 113206 ns
[2020-09-11T19:09:32.730+0000][1][safepoint    ] Safepoint "Cleanup", Time since last: 1000116186 ns, Reaching safepoint: 96828 ns, At safepoint: 11191 ns, Total: 108019 ns
[2020-09-11T19:09:33.731+0000][1][safepoint    ] Safepoint "Cleanup", Time since last: 1000115927 ns, Reaching safepoint: 93167 ns, At safepoint: 10319 ns, Total: 103486 ns
[2020-09-11T19:09:34.731+0000][1][safepoint    ] Safepoint "Cleanup", Time since last: 1000113446 ns, Reaching safepoint: 94646 ns, At safepoint: 10570 ns, Total: 105216 ns
[2020-09-11T19:09:35.165+0000][1][safepoint    ] Safepoint "RevokeBias", Time since last: 434174008 ns, Reaching safepoint: 170894 ns, At safepoint: 20693 ns, Total: 191587 ns
[2020-09-11T19:09:36.165+0000][1][safepoint    ] Safepoint "Cleanup", Time since last: 1000102355 ns, Reaching safepoint: 90125 ns, At safepoint: 7194 ns, Total: 97319 ns
[2020-09-11T19:09:37.166+0000][1][safepoint    ] Safepoint "Cleanup", Time since last: 1000106387 ns, Reaching safepoint: 95798 ns, At safepoint: 8377 ns, Total: 104175 ns
[2020-09-11T19:09:37.534+0000][1][safepoint    ] Safepoint "RevokeBias", Time since last: 368123861 ns, Reaching safepoint: 174038 ns, At safepoint: 22468 ns, Total: 196506 ns
[2020-09-11T19:09:37.541+0000][1][safepoint    ] Safepoint "RevokeBias", Time since last: 7087210 ns, Reaching safepoint: 162341 ns, At safepoint: 23296 ns, Total: 185637 ns
[2020-09-11T19:09:37.630+0000][1][safepoint    ] Safepoint "RevokeBias", Time since last: 88178625 ns, Reaching safepoint: 195877 ns, At safepoint: 21930 ns, Total: 217807 ns
[2020-09-11T19:09:37.666+0000][1][safepoint    ] Safepoint "RevokeBias", Time since last: 35657261 ns, Reaching safepoint: 106154 ns, At safepoint: 119934 ns, Total: 226088 ns
[2020-09-11T19:09:37.708+0000][1][safepoint    ] Safepoint "BulkRevokeBias", Time since last: 42102303 ns, Reaching safepoint: 158705 ns, At safepoint: 242306 ns, Total: 401011 ns
[2020-09-11T19:09:38.029+0000][1][gc,start     ] GC(311) Pause Young (Allocation Failure)
[2020-09-11T19:09:38.029+0000][1][gc,task      ] GC(311) Using 1 workers of 1 for evacuation
[2020-09-11T19:09:38.040+0000][1][gc,age       ] GC(311) Desired survivor size 4358144 bytes, new threshold 6 (max threshold 6)
[2020-09-11T19:09:38.040+0000][1][gc,age       ] GC(311) Age table with threshold 6 (max threshold 6)
[2020-09-11T19:09:38.040+0000][1][gc,age       ] GC(311) - age   1:     445232 bytes,     445232 total
[2020-09-11T19:09:38.040+0000][1][gc,age       ] GC(311) - age   2:     224344 bytes,     669576 total
[2020-09-11T19:09:38.040+0000][1][gc,age       ] GC(311) - age   3:     101912 bytes,     771488 total
[2020-09-11T19:09:38.040+0000][1][gc,age       ] GC(311) - age   4:      24776 bytes,     796264 total
[2020-09-11T19:09:38.040+0000][1][gc,age       ] GC(311) - age   5:     281072 bytes,    1077336 total
[2020-09-11T19:09:38.040+0000][1][gc,age       ] GC(311) - age   6:     229464 bytes,    1306800 total
[2020-09-11T19:09:38.040+0000][1][gc,heap      ] GC(311) ParNew: 69717K->1313K(76672K)
[2020-09-11T19:09:38.040+0000][1][gc,heap      ] GC(311) CMS: 101506K->101506K(439104K)
[2020-09-11T19:09:38.040+0000][1][gc,metaspace ] GC(311) Metaspace: 101865K->101865K(1142784K)
[2020-09-11T19:09:38.040+0000][1][gc           ] GC(311) Pause Young (Allocation Failure) 167M->100M(503M) 11.184ms
[2020-09-11T19:09:38.040+0000][1][gc,cpu       ] GC(311) User=0.00s Sys=0.00s Real=0.01s
[2020-09-11T19:09:38.045+0000][1][safepoint    ] Safepoint "GenCollectForAllocation", Time since last: 320881908 ns, Reaching safepoint: 174532 ns, At safepoint: 15695343 ns, Total: 15869875 ns
[2020-09-11T19:09:38.058+0000][1][safepoint    ] Safepoint "RevokeBias", Time since last: 13388523 ns, Reaching safepoint: 88476 ns, At safepoint: 35386 ns, Total: 123862 ns
[2020-09-11T19:09:38.080+0000][1][safepoint    ] Safepoint "RevokeBias", Time since last: 21078618 ns, Reaching safepoint: 188626 ns, At safepoint: 25823 ns, Total: 214449 ns
[2020-09-11T19:09:38.080+0000][1][safepoint    ] Safepoint "RevokeBias", Time since last: 101911 ns, Reaching safepoint: 144384 ns, At safepoint: 16848 ns, Total: 161232 ns
[2020-09-11T19:09:38.080+0000][1][safepoint    ] Safepoint "RevokeBias", Time since last: 71376 ns, Reaching safepoint: 157536 ns, At safepoint: 17114 ns, Total: 174650 ns
[2020-09-11T19:09:38.080+0000][1][safepoint    ] Safepoint "RevokeBias", Time since last: 171003 ns, Reaching safepoint: 127284 ns, At safepoint: 19143 ns, Total: 146427 ns
[2020-09-11T19:09:38.433+0000][1][safepoint    ] Safepoint "RevokeBias", Time since last: 348621658 ns, Reaching safepoint: 3853846 ns, At safepoint: 28661 ns, Total: 3882507 ns
[2020-09-11T19:09:38.434+0000][1][safepoint    ] Safepoint "RevokeBias", Time since last: 689773 ns, Reaching safepoint: 160396 ns, At safepoint: 20442 ns, Total: 180838 ns
[2020-09-11T19:09:38.499+0000][1][safepoint    ] Safepoint "RevokeBias", Time since last: 64728530 ns, Reaching safepoint: 195055 ns, At safepoint: 25456 ns, Total: 220511 ns
[2020-09-11T19:09:39.121+0000][1][safepoint    ] Safepoint "RevokeBias", Time since last: 621593625 ns, Reaching safepoint: 158993 ns, At safepoint: 20471 ns, Total: 179464 ns
[2020-09-11T19:09:39.181+0000][1][safepoint    ] Safepoint "RevokeBias", Time since last: 56309203 ns, Reaching safepoint: 4034438 ns, At safepoint: 35185 ns, Total: 4069623 ns
[2020-09-11T19:09:39.213+0000][1][safepoint    ] Safepoint "RevokeBias", Time since last: 31648763 ns, Reaching safepoint: 89473 ns, At safepoint: 22142 ns, Total: 111615 ns
[2020-09-11T19:09:39.746+0000][1][safepoint    ] Safepoint "RevokeBias", Time since last: 532783853 ns, Reaching safepoint: 109849 ns, At safepoint: 22172 ns, Total: 132021 ns
[2020-09-11T19:09:40.207+0000][1][safepoint    ] Safepoint "RevokeBias", Time since last: 460408027 ns, Reaching safepoint: 529205 ns, At safepoint: 21110 ns, Total: 550315 ns
[2020-09-11T19:09:40.243+0000][1][safepoint    ] Safepoint "RevokeBias", Time since last: 35928106 ns, Reaching safepoint: 162002 ns, At safepoint: 22700 ns, Total: 184702 ns
[2020-09-11T19:09:41.243+0000][1][safepoint    ] Safepoint "Cleanup", Time since last: 1000102521 ns, Reaching safepoint: 90266 ns, At safepoint: 6569 ns, Total: 96835 ns
[2020-09-11T19:09:42.243+0000][1][safepoint    ] Safepoint "Cleanup", Time since last: 1000115631 ns, Reaching safepoint: 95964 ns, At safepoint: 10314 ns, Total: 106278 ns
[2020-09-11T19:09:43.243+0000][1][safepoint    ] Safepoint "Cleanup", Time since last: 1000112829 ns, Reaching safepoint: 95668 ns, At safepoint: 10522 ns, Total: 106190 ns
[2020-09-11T19:09:44.244+0000][1][safepoint    ] Safepoint "Cleanup", Time since last: 1000118333 ns, Reaching safepoint: 95052 ns, At safepoint: 10712 ns, Total: 105764 ns
[2020-09-11T19:09:45.187+0000][1][safepoint    ] Safepoint "RevokeBias", Time since last: 943300385 ns, Reaching safepoint: 184064 ns, At safepoint: 26281 ns, Total: 210345 ns
[2020-09-11T19:09:46.187+0000][1][safepoint    ] Safepoint "Cleanup", Time since last: 1000113716 ns, Reaching safepoint: 96777 ns, At safepoint: 10603 ns, Total: 107380 ns
[2020-09-11T19:09:47.187+0000][1][safepoint    ] Safepoint "Cleanup", Time since last: 1000122366 ns, Reaching safepoint: 100304 ns, At safepoint: 10654 ns, Total: 110958 ns
[2020-09-11T19:09:47.516+0000][1][safepoint    ] Safepoint "RevokeBias", Time since last: 328154997 ns, Reaching safepoint: 104212 ns, At safepoint: 22014 ns, Total: 126226 ns
[2020-09-11T19:09:48.413+0000][1][gc,start     ] GC(312) Pause Young (Allocation Failure)
[2020-09-11T19:09:48.413+0000][1][gc,task      ] GC(312) Using 1 workers of 1 for evacuation
[2020-09-11T19:09:48.438+0000][1][gc,age       ] GC(312) Desired survivor size 4358144 bytes, new threshold 1 (max threshold 6)
[2020-09-11T19:09:48.438+0000][1][gc,age       ] GC(312) Age table with threshold 1 (max threshold 6)
[2020-09-11T19:09:48.438+0000][1][gc,age       ] GC(312) - age   1:    4586560 bytes,    4586560 total
[2020-09-11T19:09:48.438+0000][1][gc,age       ] GC(312) - age   2:     204232 bytes,    4790792 total
[2020-09-11T19:09:48.438+0000][1][gc,age       ] GC(312) - age   3:     213720 bytes,    5004512 total
[2020-09-11T19:09:48.438+0000][1][gc,age       ] GC(312) - age   4:      98744 bytes,    5103256 total
[2020-09-11T19:09:48.438+0000][1][gc,age       ] GC(312) - age   5:      24160 bytes,    5127416 total
[2020-09-11T19:09:48.438+0000][1][gc,age       ] GC(312) - age   6:     278160 bytes,    5405576 total
[2020-09-11T19:09:48.438+0000][1][gc,heap      ] GC(312) ParNew: 69473K->6427K(76672K)
[2020-09-11T19:09:48.438+0000][1][gc,heap      ] GC(312) CMS: 101506K->101735K(439104K)
[2020-09-11T19:09:48.438+0000][1][gc,metaspace ] GC(312) Metaspace: 101886K->101886K(1142784K)
[2020-09-11T19:09:48.438+0000][1][gc           ] GC(312) Pause Young (Allocation Failure) 166M->105M(503M) 25.395ms
[2020-09-11T19:09:48.438+0000][1][gc,cpu       ] GC(312) User=0.01s Sys=0.00s Real=0.02s
[2020-09-11T19:09:48.441+0000][1][safepoint    ] Safepoint "GenCollectForAllocation", Time since last: 893936903 ns, Reaching safepoint: 3182539 ns, At safepoint: 28305648 ns, Total: 31488187 ns
[2020-09-11T19:09:48.445+0000][1][safepoint    ] Safepoint "RevokeBias", Time since last: 3665550 ns, Reaching safepoint: 100823 ns, At safepoint: 33628 ns, Total: 134451 ns
[2020-09-11T19:09:48.513+0000][1][safepoint    ] Safepoint "RevokeBias", Time since last: 64189398 ns, Reaching safepoint: 3726141 ns, At safepoint: 32614 ns, Total: 3758755 ns
[2020-09-11T19:09:49.513+0000][1][safepoint    ] Safepoint "Cleanup", Time since last: 1000115513 ns, Reaching safepoint: 95818 ns, At safepoint: 10183 ns, Total: 106001 ns
[2020-09-11T19:09:50.513+0000][1][safepoint    ] Safepoint "Cleanup", Time since last: 1000110957 ns, Reaching safepoint: 94365 ns, At safepoint: 9950 ns, Total: 104315 ns
[2020-09-11T19:09:51.514+0000][1][safepoint    ] Safepoint "Cleanup", Time since last: 1000109480 ns, Reaching safepoint: 95041 ns, At safepoint: 11559 ns, Total: 106600 ns
[2020-09-11T19:09:52.514+0000][1][safepoint    ] Safepoint "Cleanup", Time since last: 1000114712 ns, Reaching safepoint: 96432 ns, At safepoint: 11006 ns, Total: 107438 ns
[2020-09-11T19:09:53.514+0000][1][safepoint    ] Safepoint "Cleanup", Time since last: 1000116290 ns, Reaching safepoint: 97016 ns, At safepoint: 10770 ns, Total: 107786 ns
[2020-09-11T19:09:54.514+0000][1][safepoint    ] Safepoint "Cleanup", Time since last: 1000111676 ns, Reaching safepoint: 95174 ns, At safepoint: 10578 ns, Total: 105752 ns
[2020-09-11T19:09:54.741+0000][1][safepoint    ] Safepoint "RevokeBias", Time since last: 226557534 ns, Reaching safepoint: 200769 ns, At safepoint: 22277 ns, Total: 223046 ns
[2020-09-11T19:09:55.030+0000][1][safepoint    ] Safepoint "Deoptimize", Time since last: 286869206 ns, Reaching safepoint: 1034954 ns, At safepoint: 1232862 ns, Total: 2267816 ns
[2020-09-11T19:09:55.145+0000][1][safepoint    ] Safepoint "RevokeBias", Time since last: 112698183 ns, Reaching safepoint: 2022431 ns, At safepoint: 31332 ns, Total: 2053763 ns
[2020-09-11T19:09:56.150+0000][1][safepoint    ] Safepoint "Cleanup", Time since last: 1002025445 ns, Reaching safepoint: 2715541 ns, At safepoint: 12069 ns, Total: 2727610 ns
[2020-09-11T19:09:56.205+0000][1][gc,start     ] GC(313) Pause Young (Allocation Failure)
[2020-09-11T19:09:56.205+0000][1][gc,task      ] GC(313) Using 1 workers of 1 for evacuation
[2020-09-11T19:09:56.243+0000][1][gc,age       ] GC(313) Desired survivor size 4358144 bytes, new threshold 6 (max threshold 6)
[2020-09-11T19:09:56.243+0000][1][gc,age       ] GC(313) Age table with threshold 6 (max threshold 6)
[2020-09-11T19:09:56.243+0000][1][gc,age       ] GC(313) - age   1:     479256 bytes,     479256 total
[2020-09-11T19:09:56.243+0000][1][gc,heap      ] GC(313) ParNew: 74587K->4280K(76672K)
[2020-09-11T19:09:56.243+0000][1][gc,heap      ] GC(313) CMS: 101735K->106976K(439104K)
[2020-09-11T19:09:56.243+0000][1][gc,metaspace ] GC(313) Metaspace: 102607K->102607K(1144832K)
[2020-09-11T19:09:56.243+0000][1][gc           ] GC(313) Pause Young (Allocation Failure) 172M->108M(503M) 38.452ms
[2020-09-11T19:09:56.243+0000][1][gc,cpu       ] GC(313) User=0.01s Sys=0.00s Real=0.04s
[2020-09-11T19:09:56.249+0000][1][safepoint    ] Safepoint "GenCollectForAllocation", Time since last: 55114437 ns, Reaching safepoint: 172075 ns, At safepoint: 44084238 ns, Total: 44256313 ns
[2020-09-11T19:09:57.265+0000][1][safepoint    ] Safepoint "Cleanup", Time since last: 1015731445 ns, Reaching safepoint: 115444 ns, At safepoint: 9468 ns, Total: 124912 ns
[2020-09-11T19:09:57.570+0000][1][safepoint    ] Safepoint "RevokeBias", Time since last: 305083776 ns, Reaching safepoint: 96724 ns, At safepoint: 21302 ns, Total: 118026 ns
[2020-09-11T19:09:58.506+0000][1][safepoint    ] Safepoint "BulkRevokeBias", Time since last: 935378640 ns, Reaching safepoint: 112766 ns, At safepoint: 303559 ns, Total: 416325 ns
[2020-09-11T19:09:58.559+0000][1][safepoint    ] Safepoint "RevokeBias", Time since last: 52235236 ns, Reaching safepoint: 391390 ns, At safepoint: 25614 ns, Total: 417004 ns
[2020-09-11T19:09:59.559+0000][1][safepoint    ] Safepoint "Cleanup", Time since last: 1000124495 ns, Reaching safepoint: 100561 ns, At safepoint: 11235 ns, Total: 111796 ns
[2020-09-11T19:10:00.559+0000][1][safepoint    ] Safepoint "Cleanup", Time since last: 1000118959 ns, Reaching safepoint: 94031 ns, At safepoint: 11468 ns, Total: 105499 ns
[2020-09-11T19:10:01.559+0000][1][safepoint    ] Safepoint "Cleanup", Time since last: 1000117770 ns, Reaching safepoint: 98385 ns, At safepoint: 10883 ns, Total: 109268 ns
[2020-09-11T19:10:02.559+0000][1][safepoint    ] Safepoint "Cleanup", Time since last: 1000116867 ns, Reaching safepoint: 114268 ns, At safepoint: 11889 ns, Total: 126157 ns
[2020-09-11T19:10:03.560+0000][1][safepoint    ] Safepoint "Cleanup", Time since last: 1000107211 ns, Reaching safepoint: 94724 ns, At safepoint: 10570 ns, Total: 105294 ns
[2020-09-11T19:10:04.560+0000][1][safepoint    ] Safepoint "Cleanup", Time since last: 1000123979 ns, Reaching safepoint: 96898 ns, At safepoint: 10929 ns, Total: 107827 ns
[2020-09-11T19:10:05.187+0000][1][safepoint    ] Safepoint "RevokeBias", Time since last: 626557849 ns, Reaching safepoint: 98157 ns, At safepoint: 25116 ns, Total: 123273 ns
[2020-09-11T19:10:06.187+0000][1][safepoint    ] Safepoint "Cleanup", Time since last: 1000113302 ns, Reaching safepoint: 95394 ns, At safepoint: 11672 ns, Total: 107066 ns
[2020-09-11T19:10:07.806+0000][1][safepoint    ] Safepoint "RevokeBias", Time since last: 1619114867 ns, Reaching safepoint: 110646 ns, At safepoint: 25901 ns, Total: 136547 ns
[2020-09-11T19:10:08.486+0000][1][safepoint    ] Safepoint "RevokeBias", Time since last: 679361096 ns, Reaching safepoint: 205085 ns, At safepoint: 25957 ns, Total: 231042 ns
[2020-09-11T19:10:08.509+0000][1][gc,start     ] GC(314) Pause Young (Allocation Failure)
[2020-09-11T19:10:08.509+0000][1][gc,task      ] GC(314) Using 1 workers of 1 for evacuation
[2020-09-11T19:10:08.521+0000][1][gc,age       ] GC(314) Desired survivor size 4358144 bytes, new threshold 6 (max threshold 6)
[2020-09-11T19:10:08.521+0000][1][gc,age       ] GC(314) Age table with threshold 6 (max threshold 6)
[2020-09-11T19:10:08.521+0000][1][gc,age       ] GC(314) - age   1:     297920 bytes,     297920 total
[2020-09-11T19:10:08.521+0000][1][gc,age       ] GC(314) - age   2:     185192 bytes,     483112 total
[2020-09-11T19:10:08.521+0000][1][gc,heap      ] GC(314) ParNew: 72388K->1157K(76672K)
[2020-09-11T19:10:08.521+0000][1][gc,heap      ] GC(314) CMS: 106976K->106976K(439104K)
[2020-09-11T19:10:08.521+0000][1][gc,metaspace ] GC(314) Metaspace: 102632K->102632K(1144832K)
[2020-09-11T19:10:08.521+0000][1][gc           ] GC(314) Pause Young (Allocation Failure) 175M->105M(503M) 12.170ms
[2020-09-11T19:10:08.521+0000][1][gc,cpu       ] GC(314) User=0.00s Sys=0.00s Real=0.02s
[2020-09-11T19:10:08.521+0000][1][safepoint    ] Safepoint "GenCollectForAllocation", Time since last: 22403224 ns, Reaching safepoint: 783522 ns, At safepoint: 12241043 ns, Total: 13024565 ns
[2020-09-11T19:10:09.539+0000][1][safepoint    ] Safepoint "Cleanup", Time since last: 1017496223 ns, Reaching safepoint: 118502 ns, At safepoint: 11217 ns, Total: 129719 ns
[2020-09-11T19:10:15.099+0000][1][safepoint    ] Safepoint "BulkRevokeBias", Time since last: 5559243430 ns, Reaching safepoint: 216026 ns, At safepoint: 401819 ns, Total: 617845 ns
[2020-09-11T19:10:15.208+0000][1][safepoint    ] Safepoint "RevokeBias", Time since last: 108852872 ns, Reaching safepoint: 115190 ns, At safepoint: 25774 ns, Total: 140964 ns
[2020-09-11T19:10:16.208+0000][1][safepoint    ] Safepoint "Cleanup", Time since last: 1000114407 ns, Reaching safepoint: 99959 ns, At safepoint: 10699 ns, Total: 110658 ns
[2020-09-11T19:10:17.600+0000][1][safepoint    ] Safepoint "RevokeBias", Time since last: 1391675026 ns, Reaching safepoint: 177286 ns, At safepoint: 23428 ns, Total: 200714 ns
[2020-09-11T19:10:18.521+0000][1][safepoint    ] Safepoint "RevokeBias", Time since last: 919001536 ns, Reaching safepoint: 2214053 ns, At safepoint: 23811 ns, Total: 2237864 ns
[2020-09-11T19:10:19.521+0000][1][safepoint    ] Safepoint "Cleanup", Time since last: 1000108905 ns, Reaching safepoint: 101210 ns, At safepoint: 10002 ns, Total: 111212 ns
[2020-09-11T19:10:20.521+0000][1][safepoint    ] Safepoint "Cleanup", Time since last: 1000139685 ns, Reaching safepoint: 95116 ns, At safepoint: 9710 ns, Total: 104826 ns
[2020-09-11T19:10:21.522+0000][1][safepoint    ] Safepoint "Cleanup", Time since last: 1000110981 ns, Reaching safepoint: 91661 ns, At safepoint: 7421 ns, Total: 99082 ns
[2020-09-11T19:10:22.522+0000][1][safepoint    ] Safepoint "Cleanup", Time since last: 1000110539 ns, Reaching safepoint: 90567 ns, At safepoint: 6627 ns, Total: 97194 ns
[2020-09-11T19:10:23.522+0000][1][safepoint    ] Safepoint "Cleanup", Time since last: 1000111434 ns, Reaching safepoint: 103696 ns, At safepoint: 9077 ns, Total: 112773 ns
[2020-09-11T19:10:24.522+0000][1][safepoint    ] Safepoint "Cleanup", Time since last: 1000115595 ns, Reaching safepoint: 96259 ns, At safepoint: 9519 ns, Total: 105778 ns
[2020-09-11T19:10:25.182+0000][1][safepoint    ] Safepoint "RevokeBias", Time since last: 659853328 ns, Reaching safepoint: 103648 ns, At safepoint: 25512 ns, Total: 129160 ns
[2020-09-11T19:10:26.182+0000][1][safepoint    ] Safepoint "Cleanup", Time since last: 1000114278 ns, Reaching safepoint: 106377 ns, At safepoint: 11143 ns, Total: 117520 ns
[2020-09-11T19:10:27.183+0000][1][safepoint    ] Safepoint "Cleanup", Time since last: 1000119759 ns, Reaching safepoint: 93520 ns, At safepoint: 9927 ns, Total: 103447 ns
[2020-09-11T19:10:27.637+0000][1][safepoint    ] Safepoint "RevokeBias", Time since last: 454531502 ns, Reaching safepoint: 155912 ns, At safepoint: 22669 ns, Total: 178581 ns
[2020-09-11T19:10:28.479+0000][1][safepoint    ] Safepoint "RevokeBias", Time since last: 841159599 ns, Reaching safepoint: 104199 ns, At safepoint: 23635 ns, Total: 127834 ns
[2020-09-11T19:10:28.497+0000][1][gc,start     ] GC(315) Pause Young (Allocation Failure)
[2020-09-11T19:10:28.497+0000][1][gc,task      ] GC(315) Using 1 workers of 1 for evacuation
[2020-09-11T19:10:28.512+0000][1][gc,age       ] GC(315) Desired survivor size 4358144 bytes, new threshold 6 (max threshold 6)
[2020-09-11T19:10:28.512+0000][1][gc,age       ] GC(315) Age table with threshold 6 (max threshold 6)
[2020-09-11T19:10:28.512+0000][1][gc,age       ] GC(315) - age   1:     322936 bytes,     322936 total
[2020-09-11T19:10:28.512+0000][1][gc,age       ] GC(315) - age   2:      16040 bytes,     338976 total
[2020-09-11T19:10:28.512+0000][1][gc,age       ] GC(315) - age   3:     167000 bytes,     505976 total
[2020-09-11T19:10:28.512+0000][1][gc,heap      ] GC(315) ParNew: 69317K->932K(76672K)
[2020-09-11T19:10:28.512+0000][1][gc,heap      ] GC(315) CMS: 106976K->106976K(439104K)
[2020-09-11T19:10:28.512+0000][1][gc,metaspace ] GC(315) Metaspace: 102633K->102633K(1144832K)
[2020-09-11T19:10:28.513+0000][1][gc           ] GC(315) Pause Young (Allocation Failure) 172M->105M(503M) 15.545ms
[2020-09-11T19:10:28.513+0000][1][gc,cpu       ] GC(315) User=0.01s Sys=0.00s Real=0.01s
[2020-09-11T19:10:28.513+0000][1][safepoint    ] Safepoint "GenCollectForAllocation", Time since last: 18127919 ns, Reaching safepoint: 169231 ns, At safepoint: 15614259 ns, Total: 15783490 ns
[2020-09-11T19:10:29.529+0000][1][safepoint    ] Safepoint "Cleanup", Time since last: 1016609782 ns, Reaching safepoint: 101670 ns, At safepoint: 11581 ns, Total: 113251 ns
[2020-09-11T19:10:30.530+0000][1][safepoint    ] Safepoint "Cleanup", Time since last: 1000116544 ns, Reaching safepoint: 96036 ns, At safepoint: 12129 ns, Total: 108165 ns
[2020-09-11T19:10:31.530+0000][1][safepoint    ] Safepoint "Cleanup", Time since last: 1000111207 ns, Reaching safepoint: 94993 ns, At safepoint: 10672 ns, Total: 105665 ns
[2020-09-11T19:10:32.530+0000][1][safepoint    ] Safepoint "Cleanup", Time since last: 1000114935 ns, Reaching safepoint: 95243 ns, At safepoint: 9380 ns, Total: 104623 ns
[2020-09-11T19:10:33.530+0000][1][safepoint    ] Safepoint "Cleanup", Time since last: 1000114735 ns, Reaching safepoint: 97349 ns, At safepoint: 9704 ns, Total: 107053 ns
[2020-09-11T19:10:34.530+0000][1][safepoint    ] Safepoint "Cleanup", Time since last: 1000114644 ns, Reaching safepoint: 95139 ns, At safepoint: 10517 ns, Total: 105656 ns
[2020-09-11T19:10:35.140+0000][1][safepoint    ] Safepoint "RevokeBias", Time since last: 609531572 ns, Reaching safepoint: 104262 ns, At safepoint: 26801 ns, Total: 131063 ns
[2020-09-11T19:10:36.140+0000][1][safepoint    ] Safepoint "Cleanup", Time since last: 1000111165 ns, Reaching safepoint: 103011 ns, At safepoint: 10589 ns, Total: 113600 ns
[2020-09-11T19:10:37.141+0000][1][safepoint    ] Safepoint "Cleanup", Time since last: 1000113576 ns, Reaching safepoint: 95512 ns, At safepoint: 10268 ns, Total: 105780 ns
[2020-09-11T19:10:37.665+0000][1][safepoint    ] Safepoint "RevokeBias", Time since last: 524044321 ns, Reaching safepoint: 198015 ns, At safepoint: 22328 ns, Total: 220343 ns
[2020-09-11T19:10:38.521+0000][1][safepoint    ] Safepoint "RevokeBias", Time since last: 853165059 ns, Reaching safepoint: 2930808 ns, At safepoint: 30175 ns, Total: 2960983 ns
[2020-09-11T19:10:39.521+0000][1][safepoint    ] Safepoint "Cleanup", Time since last: 1000110039 ns, Reaching safepoint: 94243 ns, At safepoint: 10573 ns, Total: 104816 ns
[2020-09-11T19:10:40.587+0000][1][safepoint    ] Safepoint "Cleanup", Time since last: 1065339388 ns, Reaching safepoint: 78102 ns, At safepoint: 5820 ns, Total: 83922 ns
[2020-09-11T19:10:41.591+0000][1][safepoint    ] Safepoint "Cleanup", Time since last: 1001581712 ns, Reaching safepoint: 82277 ns, At safepoint: 5575 ns, Total: 87852 ns
[2020-09-11T19:10:42.593+0000][1][safepoint    ] Safepoint "Cleanup", Time since last: 1000955782 ns, Reaching safepoint: 193063 ns, At safepoint: 13374 ns, Total: 206437 ns
[2020-09-11T19:10:43.593+0000][1][safepoint    ] Safepoint "Cleanup", Time since last: 1000337126 ns, Reaching safepoint: 176615 ns, At safepoint: 14945 ns, Total: 191560 ns
[2020-09-11T19:10:44.594+0000][1][safepoint    ] Safepoint "Cleanup", Time since last: 1000209172 ns, Reaching safepoint: 176415 ns, At safepoint: 15047 ns, Total: 191462 ns
[2020-09-11T19:10:45.594+0000][1][safepoint    ] Safepoint "Cleanup", Time since last: 1000148853 ns, Reaching safepoint: 131075 ns, At safepoint: 7030 ns, Total: 138105 ns
[2020-09-11T19:10:48.478+0000][1][safepoint    ] Safepoint "RevokeBias", Time since last: 2884027519 ns, Reaching safepoint: 279534 ns, At safepoint: 205547 ns, Total: 485081 ns
[2020-09-11T19:10:48.522+0000][1][gc,start     ] GC(316) Pause Young (Allocation Failure)
[2020-09-11T19:10:48.522+0000][1][gc,task      ] GC(316) Using 1 workers of 1 for evacuation
[2020-09-11T19:10:48.534+0000][1][gc,age       ] GC(316) Desired survivor size 4358144 bytes, new threshold 6 (max threshold 6)
[2020-09-11T19:10:48.534+0000][1][gc,age       ] GC(316) Age table with threshold 6 (max threshold 6)
[2020-09-11T19:10:48.534+0000][1][gc,age       ] GC(316) - age   1:     487720 bytes,     487720 total
[2020-09-11T19:10:48.534+0000][1][gc,age       ] GC(316) - age   2:      33864 bytes,     521584 total
[2020-09-11T19:10:48.534+0000][1][gc,age       ] GC(316) - age   3:      14776 bytes,     536360 total
[2020-09-11T19:10:48.534+0000][1][gc,age       ] GC(316) - age   4:     165760 bytes,     702120 total
[2020-09-11T19:10:48.534+0000][1][gc,heap      ] GC(316) ParNew: 69092K->905K(76672K)
[2020-09-11T19:10:48.534+0000][1][gc,heap      ] GC(316) CMS: 106976K->106976K(439104K)
[2020-09-11T19:10:48.534+0000][1][gc,metaspace ] GC(316) Metaspace: 102637K->102637K(1144832K)
[2020-09-11T19:10:48.534+0000][1][gc           ] GC(316) Pause Young (Allocation Failure) 171M->105M(503M) 11.726ms
[2020-09-11T19:10:48.534+0000][1][gc,cpu       ] GC(316) User=0.01s Sys=0.00s Real=0.01s
[2020-09-11T19:10:48.536+0000][1][safepoint    ] Safepoint "GenCollectForAllocation", Time since last: 43391510 ns, Reaching safepoint: 241387 ns, At safepoint: 14240406 ns, Total: 14481793 ns
[2020-09-11T19:10:49.546+0000][1][safepoint    ] Safepoint "Cleanup", Time since last: 1009655370 ns, Reaching safepoint: 281653 ns, At safepoint: 20290 ns, Total: 301943 ns
[2020-09-11T19:10:50.547+0000][1][safepoint    ] Safepoint "Cleanup", Time since last: 1000251645 ns, Reaching safepoint: 175174 ns, At safepoint: 7088 ns, Total: 182262 ns
[2020-09-11T19:10:52.251+0000][1][safepoint    ] Safepoint "RevokeBias", Time since last: 1704086374 ns, Reaching safepoint: 147961 ns, At safepoint: 148496 ns, Total: 296457 ns
[2020-09-11T19:10:53.251+0000][1][safepoint    ] Safepoint "Cleanup", Time since last: 1000150751 ns, Reaching safepoint: 133850 ns, At safepoint: 8675 ns, Total: 142525 ns
[2020-09-11T19:10:54.252+0000][1][safepoint    ] Safepoint "Cleanup", Time since last: 1000214332 ns, Reaching safepoint: 199211 ns, At safepoint: 23537 ns, Total: 222748 ns
[2020-09-11T19:10:55.252+0000][1][safepoint    ] Safepoint "Cleanup", Time since last: 1000202876 ns, Reaching safepoint: 301171 ns, At safepoint: 24596 ns, Total: 325767 ns
[2020-09-11T19:10:56.253+0000][1][safepoint    ] Safepoint "Cleanup", Time since last: 1000194416 ns, Reaching safepoint: 180451 ns, At safepoint: 9099 ns, Total: 189550 ns
[2020-09-11T19:10:58.203+0000][1][safepoint    ] Safepoint "Cleanup", Time since last: 1950175142 ns, Reaching safepoint: 133258 ns, At safepoint: 9683 ns, Total: 142941 ns
[2020-09-11T19:10:59.203+0000][1][safepoint    ] Safepoint "Cleanup", Time since last: 1000123172 ns, Reaching safepoint: 124687 ns, At safepoint: 7975 ns, Total: 132662 ns
[2020-09-11T19:11:01.088+0000][1][safepoint    ] Safepoint "Cleanup", Time since last: 1884853590 ns, Reaching safepoint: 133987 ns, At safepoint: 8387 ns, Total: 142374 ns
[2020-09-11T19:11:01.292+0000][1][safepoint    ] Safepoint "RevokeBias", Time since last: 203296836 ns, Reaching safepoint: 109316 ns, At safepoint: 18417 ns, Total: 127733 ns
[2020-09-11T19:11:02.292+0000][1][safepoint    ] Safepoint "Cleanup", Time since last: 1000104973 ns, Reaching safepoint: 150860 ns, At safepoint: 8221 ns, Total: 159081 ns
[2020-09-11T19:11:03.292+0000][1][safepoint    ] Safepoint "Cleanup", Time since last: 1000238680 ns, Reaching safepoint: 144159 ns, At safepoint: 8349 ns, Total: 152508 ns
[2020-09-11T19:11:04.700+0000][1][safepoint    ] Safepoint "Cleanup", Time since last: 1407895377 ns, Reaching safepoint: 100830 ns, At safepoint: 9911 ns, Total: 110741 ns
[2020-09-11T19:11:04.931+0000][1][safepoint    ] Safepoint "RevokeBias", Time since last: 230301102 ns, Reaching safepoint: 178296 ns, At safepoint: 23078 ns, Total: 201374 ns
[2020-09-11T19:11:05.931+0000][1][safepoint    ] Safepoint "Cleanup", Time since last: 1000102004 ns, Reaching safepoint: 152074 ns, At safepoint: 12423 ns, Total: 164497 ns
[2020-09-11T19:11:06.931+0000][1][safepoint    ] Safepoint "Cleanup", Time since last: 1000122193 ns, Reaching safepoint: 145748 ns, At safepoint: 12467 ns, Total: 158215 ns
[2020-09-11T19:11:07.147+0000][1][safepoint    ] Safepoint "RevokeBias", Time since last: 215540001 ns, Reaching safepoint: 141106 ns, At safepoint: 159398 ns, Total: 300504 ns
[2020-09-11T19:11:08.147+0000][1][safepoint    ] Safepoint "Cleanup", Time since last: 1000113695 ns, Reaching safepoint: 179910 ns, At safepoint: 12082 ns, Total: 191992 ns
[2020-09-11T19:11:08.768+0000][1][safepoint    ] Safepoint "RevokeBias", Time since last: 609920208 ns, Reaching safepoint: 10913354 ns, At safepoint: 33904 ns, Total: 10947258 ns
[2020-09-11T19:11:09.769+0000][1][safepoint    ] Safepoint "Cleanup", Time since last: 1000163681 ns, Reaching safepoint: 178220 ns, At safepoint: 9510 ns, Total: 187730 ns
[2020-09-11T19:11:10.769+0000][1][safepoint    ] Safepoint "Cleanup", Time since last: 1000124854 ns, Reaching safepoint: 131815 ns, At safepoint: 20948 ns, Total: 152763 ns
[2020-09-11T19:11:11.169+0000][1][gc,start     ] GC(317) Pause Young (Allocation Failure)
[2020-09-11T19:11:11.415+0000][1][gc,task      ] GC(317) Using 1 workers of 1 for evacuation
[2020-09-11T19:11:11.421+0000][1][gc,age       ] GC(317) Desired survivor size 4358144 bytes, new threshold 6 (max threshold 6)
[2020-09-11T19:11:11.421+0000][1][gc,age       ] GC(317) Age table with threshold 6 (max threshold 6)
[2020-09-11T19:11:11.421+0000][1][gc,age       ] GC(317) - age   1:     215544 bytes,     215544 total
[2020-09-11T19:11:11.421+0000][1][gc,age       ] GC(317) - age   2:       5064 bytes,     220608 total
[2020-09-11T19:11:11.421+0000][1][gc,age       ] GC(317) - age   3:      12920 bytes,     233528 total
[2020-09-11T19:11:11.421+0000][1][gc,age       ] GC(317) - age   4:       9384 bytes,     242912 total
[2020-09-11T19:11:11.421+0000][1][gc,age       ] GC(317) - age   5:     165728 bytes,     408640 total
[2020-09-11T19:11:11.421+0000][1][gc,heap      ] GC(317) ParNew: 69065K->589K(76672K)
[2020-09-11T19:11:11.421+0000][1][gc,heap      ] GC(317) CMS: 106976K->106976K(439104K)
[2020-09-11T19:11:11.421+0000][1][gc,metaspace ] GC(317) Metaspace: 102637K->102637K(1144832K)
[2020-09-11T19:11:11.421+0000][1][gc           ] GC(317) Pause Young (Allocation Failure) 171M->105M(503M) 251.809ms
[2020-09-11T19:11:11.421+0000][1][gc,cpu       ] GC(317) User=0.00s Sys=0.00s Real=0.25s
[2020-09-11T19:11:11.421+0000][1][safepoint    ] Safepoint "GenCollectForAllocation", Time since last: 400210269 ns, Reaching safepoint: 252828 ns, At safepoint: 251903346 ns, Total: 252156174 ns
[2020-09-11T19:11:11.578+0000][1][safepoint    ] Safepoint "RevokeBias", Time since last: 156077060 ns, Reaching safepoint: 159569 ns, At safepoint: 322036 ns, Total: 481605 ns
[2020-09-11T19:11:12.581+0000][1][safepoint    ] Safepoint "Cleanup", Time since last: 1002832246 ns, Reaching safepoint: 112339 ns, At safepoint: 24420 ns, Total: 136759 ns
[2020-09-11T19:11:12.658+0000][1][safepoint    ] Safepoint "RevokeBias", Time since last: 76801246 ns, Reaching safepoint: 123205 ns, At safepoint: 42803 ns, Total: 166008 ns
[2020-09-11T19:11:13.658+0000][1][safepoint    ] Safepoint "Cleanup", Time since last: 1000181435 ns, Reaching safepoint: 144797 ns, At safepoint: 22912 ns, Total: 167709 ns
[2020-09-11T19:11:14.658+0000][1][safepoint    ] Safepoint "Cleanup", Time since last: 1000112409 ns, Reaching safepoint: 116655 ns, At safepoint: 20620 ns, Total: 137275 ns
[2020-09-11T19:11:17.005+0000][1][safepoint    ] Safepoint "Cleanup", Time since last: 2346335133 ns, Reaching safepoint: 145026 ns, At safepoint: 7888 ns, Total: 152914 ns
[2020-09-11T19:11:18.005+0000][1][safepoint    ] Safepoint "Cleanup", Time since last: 1000153841 ns, Reaching safepoint: 187883 ns, At safepoint: 11763 ns, Total: 199646 ns
[2020-09-11T19:11:18.457+0000][1][safepoint    ] Safepoint "RevokeBias", Time since last: 451304880 ns, Reaching safepoint: 229975 ns, At safepoint: 24099 ns, Total: 254074 ns
[2020-09-11T19:11:19.457+0000][1][safepoint    ] Safepoint "Cleanup", Time since last: 1000108016 ns, Reaching safepoint: 144540 ns, At safepoint: 8939 ns, Total: 153479 ns
[2020-09-11T19:11:20.457+0000][1][safepoint    ] Safepoint "Cleanup", Time since last: 1000181266 ns, Reaching safepoint: 171035 ns, At safepoint: 8392 ns, Total: 179427 ns
[2020-09-11T19:11:21.270+0000][1][safepoint    ] Safepoint "RevokeBias", Time since last: 812504594 ns, Reaching safepoint: 271776 ns, At safepoint: 264747 ns, Total: 536523 ns
[2020-09-11T19:11:21.837+0000][1][safepoint    ] Safepoint "RevokeBias", Time since last: 565755250 ns, Reaching safepoint: 692715 ns, At safepoint: 57949 ns, Total: 750664 ns
[2020-09-11T19:11:22.837+0000][1][safepoint    ] Safepoint "Cleanup", Time since last: 1000174665 ns, Reaching safepoint: 196894 ns, At safepoint: 13455 ns, Total: 210349 ns
[2020-09-11T19:11:23.838+0000][1][safepoint    ] Safepoint "Cleanup", Time since last: 1000112731 ns, Reaching safepoint: 141842 ns, At safepoint: 7981 ns, Total: 149823 ns
[2020-09-11T19:11:25.169+0000][1][safepoint    ] Safepoint "Cleanup", Time since last: 1331045372 ns, Reaching safepoint: 176425 ns, At safepoint: 8203 ns, Total: 184628 ns
[2020-09-11T19:11:26.148+0000][1][safepoint    ] Safepoint "BulkRevokeBias", Time since last: 978505046 ns, Reaching safepoint: 275269 ns, At safepoint: 488120 ns, Total: 763389 ns
[2020-09-11T19:11:27.220+0000][1][safepoint    ] Safepoint "Cleanup", Time since last: 1072032201 ns, Reaching safepoint: 189934 ns, At safepoint: 9355 ns, Total: 199289 ns
[2020-09-11T19:11:28.221+0000][1][safepoint    ] Safepoint "Cleanup", Time since last: 1000174213 ns, Reaching safepoint: 139943 ns, At safepoint: 9336 ns, Total: 149279 ns
[2020-09-11T19:11:28.441+0000][1][safepoint    ] Safepoint "RevokeBias", Time since last: 220519640 ns, Reaching safepoint: 250568 ns, At safepoint: 22826 ns, Total: 273394 ns
[2020-09-11T19:11:29.053+0000][1][safepoint    ] Safepoint "RevokeBias", Time since last: 611236270 ns, Reaching safepoint: 134335 ns, At safepoint: 22773 ns, Total: 157108 ns
[2020-09-11T19:11:29.092+0000][1][safepoint    ] Safepoint "RevokeBias", Time since last: 38668429 ns, Reaching safepoint: 253049 ns, At safepoint: 40807 ns, Total: 293856 ns
[2020-09-11T19:11:29.092+0000][1][safepoint    ] Safepoint "RevokeBias", Time since last: 200350 ns, Reaching safepoint: 176685 ns, At safepoint: 24418 ns, Total: 201103 ns
[2020-09-11T19:11:29.094+0000][1][gc,start     ] GC(318) Pause Young (Allocation Failure)
[2020-09-11T19:11:29.094+0000][1][gc,task      ] GC(318) Using 1 workers of 1 for evacuation
[2020-09-11T19:11:29.101+0000][1][gc,age       ] GC(318) Desired survivor size 4358144 bytes, new threshold 6 (max threshold 6)
[2020-09-11T19:11:29.101+0000][1][gc,age       ] GC(318) Age table with threshold 6 (max threshold 6)
[2020-09-11T19:11:29.101+0000][1][gc,age       ] GC(318) - age   1:     732664 bytes,     732664 total
[2020-09-11T19:11:29.101+0000][1][gc,age       ] GC(318) - age   2:      36120 bytes,     768784 total
[2020-09-11T19:11:29.101+0000][1][gc,age       ] GC(318) - age   3:       3096 bytes,     771880 total
[2020-09-11T19:11:29.101+0000][1][gc,age       ] GC(318) - age   4:      12008 bytes,     783888 total
[2020-09-11T19:11:29.101+0000][1][gc,age       ] GC(318) - age   5:       9088 bytes,     792976 total
[2020-09-11T19:11:29.101+0000][1][gc,age       ] GC(318) - age   6:     165728 bytes,     958704 total
[2020-09-11T19:11:29.101+0000][1][gc,heap      ] GC(318) ParNew: 68749K->1340K(76672K)
[2020-09-11T19:11:29.101+0000][1][gc,heap      ] GC(318) CMS: 106976K->106976K(439104K)
[2020-09-11T19:11:29.101+0000][1][gc,metaspace ] GC(318) Metaspace: 102646K->102646K(1144832K)
[2020-09-11T19:11:29.101+0000][1][gc           ] GC(318) Pause Young (Allocation Failure) 171M->105M(503M) 7.315ms
[2020-09-11T19:11:29.101+0000][1][gc,cpu       ] GC(318) User=0.01s Sys=0.00s Real=0.01s
[2020-09-11T19:11:29.101+0000][1][safepoint    ] Safepoint "GenCollectForAllocation", Time since last: 1548730 ns, Reaching safepoint: 191601 ns, At safepoint: 7387175 ns, Total: 7578776 ns
[2020-09-11T19:11:30.105+0000][1][safepoint    ] Safepoint "Cleanup", Time since last: 1003428554 ns, Reaching safepoint: 138016 ns, At safepoint: 21561 ns, Total: 159577 ns
[2020-09-11T19:11:31.269+0000][1][safepoint    ] Safepoint "Cleanup", Time since last: 1163529312 ns, Reaching safepoint: 139830 ns, At safepoint: 25484 ns, Total: 165314 ns
[2020-09-11T19:11:31.276+0000][1][safepoint    ] Safepoint "RevokeBias", Time since last: 7385965 ns, Reaching safepoint: 111088 ns, At safepoint: 39170 ns, Total: 150258 ns
[2020-09-11T19:11:32.299+0000][1][safepoint    ] Safepoint "Cleanup", Time since last: 1022821624 ns, Reaching safepoint: 136107 ns, At safepoint: 21719 ns, Total: 157826 ns
[2020-09-11T19:11:33.299+0000][1][safepoint    ] Safepoint "Cleanup", Time since last: 1000188067 ns, Reaching safepoint: 95395 ns, At safepoint: 8276 ns, Total: 103671 ns
[2020-09-11T19:11:34.300+0000][1][safepoint    ] Safepoint "Cleanup", Time since last: 1000135568 ns, Reaching safepoint: 143369 ns, At safepoint: 7580 ns, Total: 150949 ns
[2020-09-11T19:11:35.300+0000][1][safepoint    ] Safepoint "Cleanup", Time since last: 1000198980 ns, Reaching safepoint: 174524 ns, At safepoint: 7998 ns, Total: 182522 ns
[2020-09-11T19:11:36.300+0000][1][safepoint    ] Safepoint "Cleanup", Time since last: 1000123146 ns, Reaching safepoint: 179915 ns, At safepoint: 8063 ns, Total: 187978 ns
[2020-09-11T19:11:38.444+0000][1][safepoint    ] Safepoint "RevokeBias", Time since last: 2143555006 ns, Reaching safepoint: 237296 ns, At safepoint: 24123 ns, Total: 261419 ns
[2020-09-11T19:11:41.705+0000][1][safepoint    ] Safepoint "Cleanup", Time since last: 3260295555 ns, Reaching safepoint: 219881 ns, At safepoint: 9913 ns, Total: 229794 ns
[2020-09-11T19:11:42.705+0000][1][safepoint    ] Safepoint "Cleanup", Time since last: 1000158283 ns, Reaching safepoint: 187174 ns, At safepoint: 10634 ns, Total: 197808 ns
[2020-09-11T19:11:44.994+0000][1][safepoint    ] Safepoint "RevokeBias", Time since last: 2288264546 ns, Reaching safepoint: 313894 ns, At safepoint: 48841 ns, Total: 362735 ns
[2020-09-11T19:11:45.980+0000][1][safepoint    ] Safepoint "RevokeBias", Time since last: 986497864 ns, Reaching safepoint: 129341 ns, At safepoint: 23006 ns, Total: 152347 ns
[2020-09-11T19:11:52.461+0000][1][safepoint    ] Safepoint "RevokeBias", Time since last: 6479889587 ns, Reaching safepoint: 575844 ns, At safepoint: 20089 ns, Total: 595933 ns
[2020-09-11T19:11:52.467+0000][1][safepoint    ] Safepoint "RevokeBias", Time since last: 5941252 ns, Reaching safepoint: 169268 ns, At safepoint: 26388 ns, Total: 195656 ns
[2020-09-11T19:11:53.528+0000][1][safepoint    ] Safepoint "Cleanup", Time since last: 1061056392 ns, Reaching safepoint: 172403 ns, At safepoint: 8946 ns, Total: 181349 ns
[2020-09-11T19:11:53.651+0000][1][gc,start     ] GC(319) Pause Young (Allocation Failure)
[2020-09-11T19:11:53.651+0000][1][gc,task      ] GC(319) Using 1 workers of 1 for evacuation
[2020-09-11T19:11:53.659+0000][1][gc,age       ] GC(319) Desired survivor size 4358144 bytes, new threshold 6 (max threshold 6)
[2020-09-11T19:11:53.659+0000][1][gc,age       ] GC(319) Age table with threshold 6 (max threshold 6)
[2020-09-11T19:11:53.659+0000][1][gc,age       ] GC(319) - age   1:     241224 bytes,     241224 total
[2020-09-11T19:11:53.659+0000][1][gc,age       ] GC(319) - age   2:      14904 bytes,     256128 total
[2020-09-11T19:11:53.659+0000][1][gc,age       ] GC(319) - age   3:      27736 bytes,     283864 total
[2020-09-11T19:11:53.659+0000][1][gc,age       ] GC(319) - age   4:       3096 bytes,     286960 total
[2020-09-11T19:11:53.659+0000][1][gc,age       ] GC(319) - age   5:      11384 bytes,     298344 total
[2020-09-11T19:11:53.659+0000][1][gc,age       ] GC(319) - age   6:       9088 bytes,     307432 total
[2020-09-11T19:11:53.659+0000][1][gc,heap      ] GC(319) ParNew: 69500K->813K(76672K)
[2020-09-11T19:11:53.659+0000][1][gc,heap      ] GC(319) CMS: 106976K->107142K(439104K)
[2020-09-11T19:11:53.659+0000][1][gc,metaspace ] GC(319) Metaspace: 102654K->102654K(1144832K)
[2020-09-11T19:11:53.660+0000][1][gc           ] GC(319) Pause Young (Allocation Failure) 172M->105M(503M) 8.955ms
[2020-09-11T19:11:53.660+0000][1][gc,cpu       ] GC(319) User=0.01s Sys=0.00s Real=0.01s
[2020-09-11T19:11:53.660+0000][1][safepoint    ] Safepoint "GenCollectForAllocation", Time since last: 122099197 ns, Reaching safepoint: 194892 ns, At safepoint: 9138194 ns, Total: 9333086 ns
[2020-09-11T19:11:57.108+0000][1][safepoint    ] Safepoint "RevokeBias", Time since last: 3448565952 ns, Reaching safepoint: 122397 ns, At safepoint: 22770 ns, Total: 145167 ns
[2020-09-11T19:11:58.514+0000][1][safepoint    ] Safepoint "RevokeBias", Time since last: 1405436675 ns, Reaching safepoint: 216192 ns, At safepoint: 23573 ns, Total: 239765 ns
[2020-09-11T19:11:58.586+0000][1][safepoint    ] Safepoint "RevokeBias", Time since last: 71566707 ns, Reaching safepoint: 300974 ns, At safepoint: 142518 ns, Total: 443492 ns
[2020-09-11T19:12:00.250+0000][1][safepoint    ] Safepoint "RevokeBias", Time since last: 1663560403 ns, Reaching safepoint: 180142 ns, At safepoint: 22545 ns, Total: 202687 ns
[2020-09-11T19:12:06.217+0000][1][safepoint    ] Safepoint "RevokeBias", Time since last: 5966362734 ns, Reaching safepoint: 297391 ns, At safepoint: 47826 ns, Total: 345217 ns
[2020-09-11T19:12:07.217+0000][1][safepoint    ] Safepoint "Cleanup", Time since last: 1000223061 ns, Reaching safepoint: 140667 ns, At safepoint: 8699 ns, Total: 149366 ns
[2020-09-11T19:12:08.217+0000][1][safepoint    ] Safepoint "Cleanup", Time since last: 1000118311 ns, Reaching safepoint: 147803 ns, At safepoint: 11928 ns, Total: 159731 ns
[2020-09-11T19:12:08.375+0000][1][safepoint    ] Safepoint "RevokeBias", Time since last: 157450680 ns, Reaching safepoint: 512159 ns, At safepoint: 31517 ns, Total: 543676 ns
[2020-09-11T19:12:08.457+0000][1][safepoint    ] Safepoint "RevokeBias", Time since last: 81057716 ns, Reaching safepoint: 535789 ns, At safepoint: 202245 ns, Total: 738034 ns
[2020-09-11T19:12:09.139+0000][1][safepoint    ] Safepoint "RevokeBias", Time since last: 681595104 ns, Reaching safepoint: 98960 ns, At safepoint: 20933 ns, Total: 119893 ns
[2020-09-11T19:12:10.139+0000][1][safepoint    ] Safepoint "Cleanup", Time since last: 1000113373 ns, Reaching safepoint: 94625 ns, At safepoint: 7651 ns, Total: 102276 ns
[2020-09-11T19:12:10.886+0000][1][gc,start     ] GC(320) Pause Young (Allocation Failure)
[2020-09-11T19:12:10.886+0000][1][gc,task      ] GC(320) Using 1 workers of 1 for evacuation
[2020-09-11T19:12:10.896+0000][1][gc,age       ] GC(320) Desired survivor size 4358144 bytes, new threshold 6 (max threshold 6)
[2020-09-11T19:12:10.897+0000][1][gc,age       ] GC(320) Age table with threshold 6 (max threshold 6)
[2020-09-11T19:12:10.897+0000][1][gc,age       ] GC(320) - age   1:     127056 bytes,     127056 total
[2020-09-11T19:12:10.897+0000][1][gc,age       ] GC(320) - age   2:      35384 bytes,     162440 total
[2020-09-11T19:12:10.897+0000][1][gc,age       ] GC(320) - age   3:       7400 bytes,     169840 total
[2020-09-11T19:12:10.897+0000][1][gc,age       ] GC(320) - age   4:      23648 bytes,     193488 total
[2020-09-11T19:12:10.897+0000][1][gc,age       ] GC(320) - age   5:       3096 bytes,     196584 total
[2020-09-11T19:12:10.897+0000][1][gc,age       ] GC(320) - age   6:      10008 bytes,     206592 total
[2020-09-11T19:12:10.897+0000][1][gc,heap      ] GC(320) ParNew: 68961K->278K(76672K)
[2020-09-11T19:12:10.897+0000][1][gc,heap      ] GC(320) CMS: 107142K->107151K(439104K)
[2020-09-11T19:12:10.897+0000][1][gc,metaspace ] GC(320) Metaspace: 102673K->102673K(1144832K)
[2020-09-11T19:12:10.897+0000][1][gc           ] GC(320) Pause Young (Allocation Failure) 171M->104M(503M) 10.432ms
[2020-09-11T19:12:10.897+0000][1][gc,cpu       ] GC(320) User=0.01s Sys=0.00s Real=0.01s
[2020-09-11T19:12:10.897+0000][1][safepoint    ] Safepoint "GenCollectForAllocation", Time since last: 746983616 ns, Reaching safepoint: 290847 ns, At safepoint: 10518058 ns, Total: 10808905 ns
[2020-09-11T19:12:11.898+0000][1][safepoint    ] Safepoint "Cleanup", Time since last: 1000643261 ns, Reaching safepoint: 186795 ns, At safepoint: 50820 ns, Total: 237615 ns
[2020-09-11T19:12:12.898+0000][1][safepoint    ] Safepoint "Cleanup", Time since last: 1000185569 ns, Reaching safepoint: 142627 ns, At safepoint: 7301 ns, Total: 149928 ns
[2020-09-11T19:12:13.898+0000][1][safepoint    ] Safepoint "Cleanup", Time since last: 1000148742 ns, Reaching safepoint: 135227 ns, At safepoint: 8873 ns, Total: 144100 ns
[2020-09-11T19:12:14.899+0000][1][safepoint    ] Safepoint "Cleanup", Time since last: 1000179343 ns, Reaching safepoint: 122363 ns, At safepoint: 6467 ns, Total: 128830 ns
[2020-09-11T19:12:15.899+0000][1][safepoint    ] Safepoint "Cleanup", Time since last: 1000188478 ns, Reaching safepoint: 155988 ns, At safepoint: 8410 ns, Total: 164398 ns
[2020-09-11T19:12:16.916+0000][1][safepoint    ] Safepoint "Cleanup", Time since last: 1000162430 ns, Reaching safepoint: 16492759 ns, At safepoint: 22049 ns, Total: 16514808 ns
[2020-09-11T19:12:16.918+0000][1][safepoint    ] Safepoint "RevokeBias", Time since last: 1963092 ns, Reaching safepoint: 105243 ns, At safepoint: 32014 ns, Total: 137257 ns
[2020-09-11T19:12:17.918+0000][1][safepoint    ] Safepoint "Cleanup", Time since last: 1000096836 ns, Reaching safepoint: 97813 ns, At safepoint: 7836 ns, Total: 105649 ns
[2020-09-11T19:12:18.448+0000][1][safepoint    ] Safepoint "RevokeBias", Time since last: 529852635 ns, Reaching safepoint: 299131 ns, At safepoint: 23110 ns, Total: 322241 ns
[2020-09-11T19:12:19.448+0000][1][safepoint    ] Safepoint "Cleanup", Time since last: 1000146739 ns, Reaching safepoint: 185195 ns, At safepoint: 18341 ns, Total: 203536 ns
[2020-09-11T19:12:19.708+0000][1][safepoint    ] Safepoint "RevokeBias", Time since last: 258740116 ns, Reaching safepoint: 493511 ns, At safepoint: 50958 ns, Total: 544469 ns
[2020-09-11T19:12:20.708+0000][1][safepoint    ] Safepoint "Cleanup", Time since last: 1000218609 ns, Reaching safepoint: 210278 ns, At safepoint: 18178 ns, Total: 228456 ns
[2020-09-11T19:12:21.709+0000][1][safepoint    ] Safepoint "Cleanup", Time since last: 1000177705 ns, Reaching safepoint: 176362 ns, At safepoint: 18485 ns, Total: 194847 ns
[2020-09-11T19:12:22.709+0000][1][safepoint    ] Safepoint "Cleanup", Time since last: 1000188359 ns, Reaching safepoint: 177538 ns, At safepoint: 17089 ns, Total: 194627 ns
[2020-09-11T19:12:23.709+0000][1][safepoint    ] Safepoint "Cleanup", Time since last: 1000213092 ns, Reaching safepoint: 179914 ns, At safepoint: 18040 ns, Total: 197954 ns
[2020-09-11T19:12:24.710+0000][1][safepoint    ] Safepoint "Cleanup", Time since last: 1000196825 ns, Reaching safepoint: 132697 ns, At safepoint: 7167 ns, Total: 139864 ns
[2020-09-11T19:12:25.710+0000][1][safepoint    ] Safepoint "Cleanup", Time since last: 1000141903 ns, Reaching safepoint: 255352 ns, At safepoint: 19243 ns, Total: 274595 ns
[2020-09-11T19:12:26.710+0000][1][safepoint    ] Safepoint "Cleanup", Time since last: 1000249025 ns, Reaching safepoint: 162591 ns, At safepoint: 8728 ns, Total: 171319 ns
[2020-09-11T19:12:28.079+0000][1][safepoint    ] Safepoint "Cleanup", Time since last: 1368670754 ns, Reaching safepoint: 308907 ns, At safepoint: 33656 ns, Total: 342563 ns
[2020-09-11T19:12:28.456+0000][1][safepoint    ] Safepoint "RevokeBias", Time since last: 375741382 ns, Reaching safepoint: 285102 ns, At safepoint: 31165 ns, Total: 316267 ns
[2020-09-11T19:12:34.449+0000][1][safepoint    ] Safepoint "Cleanup", Time since last: 5993446026 ns, Reaching safepoint: 301879 ns, At safepoint: 23112 ns, Total: 324991 ns
[2020-09-11T19:12:34.838+0000][1][gc,start     ] GC(321) Pause Young (Allocation Failure)
[2020-09-11T19:12:34.838+0000][1][gc,task      ] GC(321) Using 1 workers of 1 for evacuation
[2020-09-11T19:12:34.844+0000][1][gc,age       ] GC(321) Desired survivor size 4358144 bytes, new threshold 6 (max threshold 6)
[2020-09-11T19:12:34.844+0000][1][gc,age       ] GC(321) Age table with threshold 6 (max threshold 6)
[2020-09-11T19:12:34.844+0000][1][gc,age       ] GC(321) - age   1:     636056 bytes,     636056 total
[2020-09-11T19:12:34.844+0000][1][gc,age       ] GC(321) - age   2:      57720 bytes,     693776 total
[2020-09-11T19:12:34.844+0000][1][gc,age       ] GC(321) - age   3:       6104 bytes,     699880 total
[2020-09-11T19:12:34.844+0000][1][gc,age       ] GC(321) - age   4:       7400 bytes,     707280 total
[2020-09-11T19:12:34.844+0000][1][gc,age       ] GC(321) - age   5:      23120 bytes,     730400 total
[2020-09-11T19:12:34.844+0000][1][gc,age       ] GC(321) - age   6:       3096 bytes,     733496 total
[2020-09-11T19:12:34.844+0000][1][gc,heap      ] GC(321) ParNew: 68438K->883K(76672K)
[2020-09-11T19:12:34.844+0000][1][gc,heap      ] GC(321) CMS: 107151K->107161K(439104K)
[2020-09-11T19:12:34.844+0000][1][gc,metaspace ] GC(321) Metaspace: 102673K->102673K(1144832K)
[2020-09-11T19:12:34.844+0000][1][gc           ] GC(321) Pause Young (Allocation Failure) 171M->105M(503M) 6.371ms
[2020-09-11T19:12:34.844+0000][1][gc,cpu       ] GC(321) User=0.01s Sys=0.00s Real=0.01s
[2020-09-11T19:12:34.845+0000][1][safepoint    ] Safepoint "GenCollectForAllocation", Time since last: 388654946 ns, Reaching safepoint: 132639 ns, At safepoint: 6437026 ns, Total: 6569665 ns
[2020-09-11T19:12:35.466+0000][1][safepoint    ] Safepoint "RevokeBias", Time since last: 619575310 ns, Reaching safepoint: 1217151 ns, At safepoint: 322271 ns, Total: 1539422 ns
[2020-09-11T19:12:36.466+0000][1][safepoint    ] Safepoint "Cleanup", Time since last: 1000166510 ns, Reaching safepoint: 116793 ns, At safepoint: 7529 ns, Total: 124322 ns
[2020-09-11T19:12:37.072+0000][1][safepoint    ] Safepoint "RevokeBias", Time since last: 606180396 ns, Reaching safepoint: 193086 ns, At safepoint: 64957 ns, Total: 258043 ns
[2020-09-11T19:12:38.073+0000][1][safepoint    ] Safepoint "Cleanup", Time since last: 1000163128 ns, Reaching safepoint: 187637 ns, At safepoint: 27847 ns, Total: 215484 ns
[2020-09-11T19:12:38.083+0000][1][safepoint    ] Safepoint "RevokeBias", Time since last: 10187089 ns, Reaching safepoint: 202641 ns, At safepoint: 126076 ns, Total: 328717 ns
[2020-09-11T19:12:38.465+0000][1][safepoint    ] Safepoint "RevokeBias", Time since last: 380979886 ns, Reaching safepoint: 261906 ns, At safepoint: 22364 ns, Total: 284270 ns
[2020-09-11T19:12:39.465+0000][1][safepoint    ] Safepoint "Cleanup", Time since last: 1000174928 ns, Reaching safepoint: 188672 ns, At safepoint: 19664 ns, Total: 208336 ns
[2020-09-11T19:12:39.513+0000][1][safepoint    ] Safepoint "RevokeBias", Time since last: 47800006 ns, Reaching safepoint: 280300 ns, At safepoint: 49463 ns, Total: 329763 ns
[2020-09-11T19:12:40.513+0000][1][safepoint    ] Safepoint "Cleanup", Time since last: 1000205842 ns, Reaching safepoint: 178339 ns, At safepoint: 19264 ns, Total: 197603 ns
[2020-09-11T19:12:41.514+0000][1][safepoint    ] Safepoint "Cleanup", Time since last: 1000203095 ns, Reaching safepoint: 137495 ns, At safepoint: 9968 ns, Total: 147463 ns
[2020-09-11T19:12:42.514+0000][1][safepoint    ] Safepoint "Cleanup", Time since last: 1000172891 ns, Reaching safepoint: 124070 ns, At safepoint: 7513 ns, Total: 131583 ns
[2020-09-11T19:12:43.514+0000][1][safepoint    ] Safepoint "Cleanup", Time since last: 1000142100 ns, Reaching safepoint: 134313 ns, At safepoint: 6535 ns, Total: 140848 ns
[2020-09-11T19:12:44.515+0000][1][safepoint    ] Safepoint "Cleanup", Time since last: 1000157454 ns, Reaching safepoint: 173217 ns, At safepoint: 18730 ns, Total: 191947 ns
[2020-09-11T19:12:45.515+0000][1][safepoint    ] Safepoint "Cleanup", Time since last: 1000177216 ns, Reaching safepoint: 239853 ns, At safepoint: 17737 ns, Total: 257590 ns
[2020-09-11T19:12:46.516+0000][1][safepoint    ] Safepoint "Cleanup", Time since last: 1000217962 ns, Reaching safepoint: 171543 ns, At safepoint: 7955 ns, Total: 179498 ns
[2020-09-11T19:12:47.746+0000][1][safepoint    ] Safepoint "Cleanup", Time since last: 1230137816 ns, Reaching safepoint: 92976 ns, At safepoint: 6531 ns, Total: 99507 ns
[2020-09-11T19:12:48.314+0000][1][safepoint    ] Safepoint "RevokeBias", Time since last: 567583596 ns, Reaching safepoint: 293575 ns, At safepoint: 48534 ns, Total: 342109 ns
[2020-09-11T19:12:48.499+0000][1][safepoint    ] Safepoint "RevokeBias", Time since last: 184746713 ns, Reaching safepoint: 250878 ns, At safepoint: 24726 ns, Total: 275604 ns
[2020-09-11T19:12:49.499+0000][1][safepoint    ] Safepoint "Cleanup", Time since last: 1000156285 ns, Reaching safepoint: 177638 ns, At safepoint: 19278 ns, Total: 196916 ns
[2020-09-11T19:12:49.705+0000][1][safepoint    ] Safepoint "RevokeBias", Time since last: 205501554 ns, Reaching safepoint: 299964 ns, At safepoint: 53167 ns, Total: 353131 ns
[2020-09-11T19:12:50.705+0000][1][safepoint    ] Safepoint "Cleanup", Time since last: 1000198136 ns, Reaching safepoint: 208088 ns, At safepoint: 19263 ns, Total: 227351 ns
[2020-09-11T19:12:51.568+0000][1][gc,start     ] GC(322) Pause Young (Allocation Failure)
[2020-09-11T19:12:51.568+0000][1][gc,task      ] GC(322) Using 1 workers of 1 for evacuation
[2020-09-11T19:12:51.577+0000][1][gc,age       ] GC(322) Desired survivor size 4358144 bytes, new threshold 6 (max threshold 6)
[2020-09-11T19:12:51.577+0000][1][gc,age       ] GC(322) Age table with threshold 6 (max threshold 6)
[2020-09-11T19:12:51.577+0000][1][gc,age       ] GC(322) - age   1:     101512 bytes,     101512 total
[2020-09-11T19:12:51.577+0000][1][gc,age       ] GC(322) - age   2:      20152 bytes,     121664 total
[2020-09-11T19:12:51.577+0000][1][gc,age       ] GC(322) - age   3:      52344 bytes,     174008 total
[2020-09-11T19:12:51.577+0000][1][gc,age       ] GC(322) - age   4:       4864 bytes,     178872 total
[2020-09-11T19:12:51.577+0000][1][gc,age       ] GC(322) - age   5:       7400 bytes,     186272 total
[2020-09-11T19:12:51.577+0000][1][gc,age       ] GC(322) - age   6:      23120 bytes,     209392 total
[2020-09-11T19:12:51.577+0000][1][gc,heap      ] GC(322) ParNew: 69043K->592K(76672K)
[2020-09-11T19:12:51.577+0000][1][gc,heap      ] GC(322) CMS: 107161K->107164K(439104K)
[2020-09-11T19:12:51.577+0000][1][gc,metaspace ] GC(322) Metaspace: 102673K->102673K(1144832K)
[2020-09-11T19:12:51.577+0000][1][gc           ] GC(322) Pause Young (Allocation Failure) 172M->105M(503M) 8.694ms
[2020-09-11T19:12:51.577+0000][1][gc,cpu       ] GC(322) User=0.01s Sys=0.00s Real=0.01s
[2020-09-11T19:12:51.577+0000][1][safepoint    ] Safepoint "GenCollectForAllocation", Time since last: 862328777 ns, Reaching safepoint: 407161 ns, At safepoint: 8780818 ns, Total: 9187979 ns
[2020-09-11T19:12:52.584+0000][1][safepoint    ] Safepoint "Cleanup", Time since last: 1005242980 ns, Reaching safepoint: 152511 ns, At safepoint: 1493764 ns, Total: 1646275 ns
[2020-09-11T19:12:53.584+0000][1][safepoint    ] Safepoint "Cleanup", Time since last: 1000185432 ns, Reaching safepoint: 186726 ns, At safepoint: 17223 ns, Total: 203949 ns
[2020-09-11T19:12:54.584+0000][1][safepoint    ] Safepoint "Cleanup", Time since last: 1000186008 ns, Reaching safepoint: 100280 ns, At safepoint: 7714 ns, Total: 107994 ns
[2020-09-11T19:12:55.585+0000][1][safepoint    ] Safepoint "Cleanup", Time since last: 1000101650 ns, Reaching safepoint: 128187 ns, At safepoint: 7488 ns, Total: 135675 ns
[2020-09-11T19:12:56.661+0000][1][safepoint    ] Safepoint "Cleanup", Time since last: 1076426686 ns, Reaching safepoint: 161150 ns, At safepoint: 18503 ns, Total: 179653 ns
[2020-09-11T19:12:56.711+0000][1][safepoint    ] Safepoint "RevokeBias", Time since last: 49279486 ns, Reaching safepoint: 201205 ns, At safepoint: 50592 ns, Total: 251797 ns
[2020-09-11T19:12:57.711+0000][1][safepoint    ] Safepoint "Cleanup", Time since last: 1000208034 ns, Reaching safepoint: 173589 ns, At safepoint: 19227 ns, Total: 192816 ns
[2020-09-11T19:12:58.457+0000][1][safepoint    ] Safepoint "RevokeBias", Time since last: 745739978 ns, Reaching safepoint: 209692 ns, At safepoint: 22940 ns, Total: 232632 ns
[2020-09-11T19:12:59.458+0000][1][safepoint    ] Safepoint "Cleanup", Time since last: 1000172929 ns, Reaching safepoint: 167285 ns, At safepoint: 9225 ns, Total: 176510 ns
[2020-09-11T19:13:00.137+0000][1][safepoint    ] Safepoint "RevokeBias", Time since last: 679354730 ns, Reaching safepoint: 224130 ns, At safepoint: 22220 ns, Total: 246350 ns
[2020-09-11T19:13:01.137+0000][1][safepoint    ] Safepoint "Cleanup", Time since last: 1000201320 ns, Reaching safepoint: 103559 ns, At safepoint: 8373 ns, Total: 111932 ns
[2020-09-11T19:13:02.138+0000][1][safepoint    ] Safepoint "Cleanup", Time since last: 1000149132 ns, Reaching safepoint: 132592 ns, At safepoint: 7576 ns, Total: 140168 ns
[2020-09-11T19:13:03.138+0000][1][safepoint    ] Safepoint "Cleanup", Time since last: 1000147533 ns, Reaching safepoint: 167175 ns, At safepoint: 16778 ns, Total: 183953 ns
[2020-09-11T19:13:04.138+0000][1][safepoint    ] Safepoint "Cleanup", Time since last: 1000170963 ns, Reaching safepoint: 89735 ns, At safepoint: 6574 ns, Total: 96309 ns
[2020-09-11T19:13:05.139+0000][1][safepoint    ] Safepoint "Cleanup", Time since last: 1000150019 ns, Reaching safepoint: 174937 ns, At safepoint: 11167 ns, Total: 186104 ns
[2020-09-11T19:13:06.139+0000][1][safepoint    ] Safepoint "Cleanup", Time since last: 1000210007 ns, Reaching safepoint: 113653 ns, At safepoint: 7488 ns, Total: 121141 ns
[2020-09-11T19:13:06.863+0000][1][safepoint    ] Safepoint "RevokeBias", Time since last: 723741948 ns, Reaching safepoint: 97878 ns, At safepoint: 21044 ns, Total: 118922 ns
[2020-09-11T19:13:07.863+0000][1][safepoint    ] Safepoint "Cleanup", Time since last: 1000154201 ns, Reaching safepoint: 162867 ns, At safepoint: 14602 ns, Total: 177469 ns
[2020-09-11T19:13:08.447+0000][1][safepoint    ] Safepoint "RevokeBias", Time since last: 583535949 ns, Reaching safepoint: 231165 ns, At safepoint: 23398 ns, Total: 254563 ns
[2020-09-11T19:13:08.750+0000][1][safepoint    ] Safepoint "RevokeBias", Time since last: 302965228 ns, Reaching safepoint: 104017 ns, At safepoint: 22167 ns, Total: 126184 ns
[2020-09-11T19:13:09.750+0000][1][safepoint    ] Safepoint "Cleanup", Time since last: 1000166683 ns, Reaching safepoint: 122299 ns, At safepoint: 7091 ns, Total: 129390 ns
[2020-09-11T19:13:10.372+0000][1][gc,start     ] GC(323) Pause Young (Allocation Failure)
[2020-09-11T19:13:10.372+0000][1][gc,task      ] GC(323) Using 1 workers of 1 for evacuation
[2020-09-11T19:13:10.377+0000][1][gc,age       ] GC(323) Desired survivor size 4358144 bytes, new threshold 6 (max threshold 6)
[2020-09-11T19:13:10.377+0000][1][gc,age       ] GC(323) Age table with threshold 6 (max threshold 6)
[2020-09-11T19:13:10.377+0000][1][gc,age       ] GC(323) - age   1:     233656 bytes,     233656 total
[2020-09-11T19:13:10.377+0000][1][gc,age       ] GC(323) - age   2:      44824 bytes,     278480 total
[2020-09-11T19:13:10.377+0000][1][gc,age       ] GC(323) - age   3:       2072 bytes,     280552 total
[2020-09-11T19:13:10.377+0000][1][gc,age       ] GC(323) - age   4:      50600 bytes,     331152 total
[2020-09-11T19:13:10.377+0000][1][gc,age       ] GC(323) - age   5:       4592 bytes,     335744 total
[2020-09-11T19:13:10.377+0000][1][gc,age       ] GC(323) - age   6:       7400 bytes,     343144 total
[2020-09-11T19:13:10.377+0000][1][gc,heap      ] GC(323) ParNew: 68752K->398K(76672K)
[2020-09-11T19:13:10.377+0000][1][gc,heap      ] GC(323) CMS: 107164K->107186K(439104K)
[2020-09-11T19:13:10.377+0000][1][gc,metaspace ] GC(323) Metaspace: 102676K->102676K(1144832K)
[2020-09-11T19:13:10.377+0000][1][gc           ] GC(323) Pause Young (Allocation Failure) 171M->105M(503M) 4.786ms
[2020-09-11T19:13:10.377+0000][1][gc,cpu       ] GC(323) User=0.01s Sys=0.00s Real=0.01s
[2020-09-11T19:13:10.377+0000][1][safepoint    ] Safepoint "GenCollectForAllocation", Time since last: 621794239 ns, Reaching safepoint: 168436 ns, At safepoint: 4954283 ns, Total: 5122719 ns
[2020-09-11T19:13:11.378+0000][1][safepoint    ] Safepoint "Cleanup", Time since last: 1000378366 ns, Reaching safepoint: 132923 ns, At safepoint: 24058 ns, Total: 156981 ns
[2020-09-11T19:13:12.378+0000][1][safepoint    ] Safepoint "Cleanup", Time since last: 1000166498 ns, Reaching safepoint: 182815 ns, At safepoint: 18452 ns, Total: 201267 ns
[2020-09-11T19:13:13.379+0000][1][safepoint    ] Safepoint "Cleanup", Time since last: 1000215318 ns, Reaching safepoint: 131868 ns, At safepoint: 10381 ns, Total: 142249 ns
[2020-09-11T19:13:14.379+0000][1][safepoint    ] Safepoint "Cleanup", Time since last: 1000183191 ns, Reaching safepoint: 125297 ns, At safepoint: 7268 ns, Total: 132565 ns
[2020-09-11T19:13:15.379+0000][1][safepoint    ] Safepoint "Cleanup", Time since last: 1000176515 ns, Reaching safepoint: 260823 ns, At safepoint: 21368 ns, Total: 282191 ns
[2020-09-11T19:13:16.419+0000][1][safepoint    ] Safepoint "Cleanup", Time since last: 1039949844 ns, Reaching safepoint: 151494 ns, At safepoint: 9612 ns, Total: 161106 ns
[2020-09-11T19:13:16.849+0000][1][safepoint    ] Safepoint "RevokeBias", Time since last: 429695809 ns, Reaching safepoint: 95655 ns, At safepoint: 19724 ns, Total: 115379 ns
[2020-09-11T19:13:17.850+0000][1][safepoint    ] Safepoint "Cleanup", Time since last: 1000130985 ns, Reaching safepoint: 183623 ns, At safepoint: 19782 ns, Total: 203405 ns
[2020-09-11T19:13:18.483+0000][1][safepoint    ] Safepoint "RevokeBias", Time since last: 632850016 ns, Reaching safepoint: 140537 ns, At safepoint: 22187 ns, Total: 162724 ns
[2020-09-11T19:13:18.874+0000][1][safepoint    ] Safepoint "BulkRevokeBias", Time since last: 390609558 ns, Reaching safepoint: 106639 ns, At safepoint: 309666 ns, Total: 416305 ns
[2020-09-11T19:13:19.874+0000][1][safepoint    ] Safepoint "Cleanup", Time since last: 1000179621 ns, Reaching safepoint: 126943 ns, At safepoint: 8606 ns, Total: 135549 ns
[2020-09-11T19:13:20.874+0000][1][safepoint    ] Safepoint "Cleanup", Time since last: 1000183452 ns, Reaching safepoint: 189409 ns, At safepoint: 22525 ns, Total: 211934 ns
[2020-09-11T19:13:21.875+0000][1][safepoint    ] Safepoint "Cleanup", Time since last: 1000163737 ns, Reaching safepoint: 117862 ns, At safepoint: 7719 ns, Total: 125581 ns
[2020-09-11T19:13:22.875+0000][1][safepoint    ] Safepoint "Cleanup", Time since last: 1000199331 ns, Reaching safepoint: 146185 ns, At safepoint: 10745 ns, Total: 156930 ns
[2020-09-11T19:13:23.875+0000][1][safepoint    ] Safepoint "Cleanup", Time since last: 1000149275 ns, Reaching safepoint: 182517 ns, At safepoint: 18115 ns, Total: 200632 ns
[2020-09-11T19:13:24.876+0000][1][safepoint    ] Safepoint "Cleanup", Time since last: 1000238642 ns, Reaching safepoint: 192066 ns, At safepoint: 23567 ns, Total: 215633 ns
[2020-09-11T19:13:25.876+0000][1][safepoint    ] Safepoint "Cleanup", Time since last: 1000207505 ns, Reaching safepoint: 280892 ns, At safepoint: 21813 ns, Total: 302705 ns
[2020-09-11T19:13:26.257+0000][1][safepoint    ] Safepoint "RevokeBias", Time since last: 380252663 ns, Reaching safepoint: 304503 ns, At safepoint: 125633 ns, Total: 430136 ns
[2020-09-11T19:13:27.257+0000][1][safepoint    ] Safepoint "Cleanup", Time since last: 1000116568 ns, Reaching safepoint: 99444 ns, At safepoint: 7056 ns, Total: 106500 ns
[2020-09-11T19:13:28.258+0000][1][safepoint    ] Safepoint "Cleanup", Time since last: 1000144645 ns, Reaching safepoint: 176404 ns, At safepoint: 7342 ns, Total: 183746 ns
[2020-09-11T19:13:28.512+0000][1][safepoint    ] Safepoint "RevokeBias", Time since last: 253917487 ns, Reaching safepoint: 312411 ns, At safepoint: 22581 ns, Total: 334992 ns
[2020-09-11T19:13:28.662+0000][1][gc,start     ] GC(324) Pause Young (Allocation Failure)
[2020-09-11T19:13:28.662+0000][1][gc,task      ] GC(324) Using 1 workers of 1 for evacuation
[2020-09-11T19:13:28.667+0000][1][gc,age       ] GC(324) Desired survivor size 4358144 bytes, new threshold 6 (max threshold 6)
[2020-09-11T19:13:28.667+0000][1][gc,age       ] GC(324) Age table with threshold 6 (max threshold 6)
[2020-09-11T19:13:28.667+0000][1][gc,age       ] GC(324) - age   1:     204832 bytes,     204832 total
[2020-09-11T19:13:28.667+0000][1][gc,age       ] GC(324) - age   2:      31168 bytes,     236000 total
[2020-09-11T19:13:28.667+0000][1][gc,age       ] GC(324) - age   3:       1200 bytes,     237200 total
[2020-09-11T19:13:28.667+0000][1][gc,age       ] GC(324) - age   4:       2072 bytes,     239272 total
[2020-09-11T19:13:28.667+0000][1][gc,age       ] GC(324) - age   5:      49840 bytes,     289112 total
[2020-09-11T19:13:28.667+0000][1][gc,age       ] GC(324) - age   6:       3976 bytes,     293088 total
[2020-09-11T19:13:28.667+0000][1][gc,heap      ] GC(324) ParNew: 68558K->301K(76672K)
[2020-09-11T19:13:28.667+0000][1][gc,heap      ] GC(324) CMS: 107186K->107193K(439104K)
[2020-09-11T19:13:28.667+0000][1][gc,metaspace ] GC(324) Metaspace: 102676K->102676K(1144832K)
[2020-09-11T19:13:28.667+0000][1][gc           ] GC(324) Pause Young (Allocation Failure) 171M->104M(503M) 4.843ms
[2020-09-11T19:13:28.667+0000][1][gc,cpu       ] GC(324) User=0.01s Sys=0.00s Real=0.01s
[2020-09-11T19:13:28.667+0000][1][safepoint    ] Safepoint "GenCollectForAllocation", Time since last: 150032616 ns, Reaching safepoint: 100227 ns, At safepoint: 4905916 ns, Total: 5006143 ns
[2020-09-11T19:13:29.479+0000][1][safepoint    ] Safepoint "RevokeBias", Time since last: 812209671 ns, Reaching safepoint: 98379 ns, At safepoint: 33386 ns, Total: 131765 ns
[2020-09-11T19:13:30.480+0000][1][safepoint    ] Safepoint "Cleanup", Time since last: 1000686375 ns, Reaching safepoint: 215880 ns, At safepoint: 50018 ns, Total: 265898 ns
[2020-09-11T19:13:31.481+0000][1][safepoint    ] Safepoint "Cleanup", Time since last: 1000194132 ns, Reaching safepoint: 197992 ns, At safepoint: 50720 ns, Total: 248712 ns
[2020-09-11T19:13:32.481+0000][1][safepoint    ] Safepoint "Cleanup", Time since last: 1000159826 ns, Reaching safepoint: 130136 ns, At safepoint: 7576 ns, Total: 137712 ns
[2020-09-11T19:13:33.481+0000][1][safepoint    ] Safepoint "Cleanup", Time since last: 1000128666 ns, Reaching safepoint: 173136 ns, At safepoint: 16073 ns, Total: 189209 ns
[2020-09-11T19:13:34.482+0000][1][safepoint    ] Safepoint "Cleanup", Time since last: 1000156615 ns, Reaching safepoint: 179020 ns, At safepoint: 16635 ns, Total: 195655 ns
[2020-09-11T19:13:35.482+0000][1][safepoint    ] Safepoint "Cleanup", Time since last: 1000182042 ns, Reaching safepoint: 161245 ns, At safepoint: 7747 ns, Total: 168992 ns
[2020-09-11T19:13:36.351+0000][1][safepoint    ] Safepoint "RevokeBias", Time since last: 868752483 ns, Reaching safepoint: 103000 ns, At safepoint: 24423 ns, Total: 127423 ns
[2020-09-11T19:13:37.351+0000][1][safepoint    ] Safepoint "Cleanup", Time since last: 1000169983 ns, Reaching safepoint: 122137 ns, At safepoint: 8054 ns, Total: 130191 ns
[2020-09-11T19:13:38.351+0000][1][safepoint    ] Safepoint "Cleanup", Time since last: 1000143662 ns, Reaching safepoint: 122966 ns, At safepoint: 8193 ns, Total: 131159 ns
[2020-09-11T19:13:38.470+0000][1][safepoint    ] Safepoint "RevokeBias", Time since last: 117897959 ns, Reaching safepoint: 269040 ns, At safepoint: 220353 ns, Total: 489393 ns
[2020-09-11T19:13:38.673+0000][1][safepoint    ] Safepoint "RevokeBias", Time since last: 202740753 ns, Reaching safepoint: 288426 ns, At safepoint: 47696 ns, Total: 336122 ns
[2020-09-11T19:13:39.673+0000][1][safepoint    ] Safepoint "Cleanup", Time since last: 1000176799 ns, Reaching safepoint: 169000 ns, At safepoint: 15659 ns, Total: 184659 ns
[2020-09-11T19:13:40.674+0000][1][safepoint    ] Safepoint "Cleanup", Time since last: 1000241139 ns, Reaching safepoint: 126110 ns, At safepoint: 8103 ns, Total: 134213 ns
[2020-09-11T19:13:41.675+0000][1][safepoint    ] Safepoint "Cleanup", Time since last: 1000935520 ns, Reaching safepoint: 129501 ns, At safepoint: 11862 ns, Total: 141363 ns
[2020-09-11T19:13:42.675+0000][1][safepoint    ] Safepoint "Cleanup", Time since last: 1000140193 ns, Reaching safepoint: 170333 ns, At safepoint: 15736 ns, Total: 186069 ns
[2020-09-11T19:13:43.675+0000][1][safepoint    ] Safepoint "Cleanup", Time since last: 1000231497 ns, Reaching safepoint: 119398 ns, At safepoint: 8515 ns, Total: 127913 ns
[2020-09-11T19:13:44.676+0000][1][safepoint    ] Safepoint "Cleanup", Time since last: 1000180179 ns, Reaching safepoint: 110736 ns, At safepoint: 6593 ns, Total: 117329 ns
[2020-09-11T19:13:46.136+0000][1][safepoint    ] Safepoint "Cleanup", Time since last: 1460460094 ns, Reaching safepoint: 182662 ns, At safepoint: 8486 ns, Total: 191148 ns
[2020-09-11T19:13:47.137+0000][1][safepoint    ] Safepoint "Cleanup", Time since last: 1000139931 ns, Reaching safepoint: 187267 ns, At safepoint: 8757 ns, Total: 196024 ns
[2020-09-11T19:13:48.460+0000][1][safepoint    ] Safepoint "Cleanup", Time since last: 1323333264 ns, Reaching safepoint: 215620 ns, At safepoint: 7976 ns, Total: 223596 ns
[2020-09-11T19:13:48.484+0000][1][safepoint    ] Safepoint "RevokeBias", Time since last: 23317097 ns, Reaching safepoint: 244991 ns, At safepoint: 23337 ns, Total: 268328 ns
[2020-09-11T19:13:49.484+0000][1][safepoint    ] Safepoint "Cleanup", Time since last: 1000141250 ns, Reaching safepoint: 202048 ns, At safepoint: 7751 ns, Total: 209799 ns
[2020-09-11T19:13:49.753+0000][1][gc,start     ] GC(325) Pause Young (Allocation Failure)
[2020-09-11T19:13:49.753+0000][1][gc,task      ] GC(325) Using 1 workers of 1 for evacuation
[2020-09-11T19:13:49.760+0000][1][gc,age       ] GC(325) Desired survivor size 4358144 bytes, new threshold 6 (max threshold 6)
[2020-09-11T19:13:49.760+0000][1][gc,age       ] GC(325) Age table with threshold 6 (max threshold 6)
[2020-09-11T19:13:49.760+0000][1][gc,age       ] GC(325) - age   1:     210232 bytes,     210232 total
[2020-09-11T19:13:49.760+0000][1][gc,age       ] GC(325) - age   2:      54880 bytes,     265112 total
[2020-09-11T19:13:49.760+0000][1][gc,age       ] GC(325) - age   3:      27344 bytes,     292456 total
[2020-09-11T19:13:49.760+0000][1][gc,age       ] GC(325) - age   4:        576 bytes,     293032 total
[2020-09-11T19:13:49.760+0000][1][gc,age       ] GC(325) - age   5:       2072 bytes,     295104 total
[2020-09-11T19:13:49.760+0000][1][gc,age       ] GC(325) - age   6:      49840 bytes,     344944 total
[2020-09-11T19:13:49.760+0000][1][gc,heap      ] GC(325) ParNew: 68461K->579K(76672K)
[2020-09-11T19:13:49.760+0000][1][gc,heap      ] GC(325) CMS: 107193K->107197K(439104K)
[2020-09-11T19:13:49.760+0000][1][gc,metaspace ] GC(325) Metaspace: 102677K->102677K(1144832K)
[2020-09-11T19:13:49.760+0000][1][gc           ] GC(325) Pause Young (Allocation Failure) 171M->105M(503M) 7.184ms
[2020-09-11T19:13:49.760+0000][1][gc,cpu       ] GC(325) User=0.01s Sys=0.00s Real=0.01s
[2020-09-11T19:13:49.760+0000][1][safepoint    ] Safepoint "GenCollectForAllocation", Time since last: 268532123 ns, Reaching safepoint: 258833 ns, At safepoint: 7265763 ns, Total: 7524596 ns
[2020-09-11T19:13:50.788+0000][1][safepoint    ] Safepoint "Cleanup", Time since last: 1027960164 ns, Reaching safepoint: 243390 ns, At safepoint: 17951 ns, Total: 261341 ns
[2020-09-11T19:13:51.423+0000][1][safepoint    ] Safepoint "RevokeBias", Time since last: 634734549 ns, Reaching safepoint: 210098 ns, At safepoint: 133419 ns, Total: 343517 ns
[2020-09-11T19:13:52.424+0000][1][safepoint    ] Safepoint "Cleanup", Time since last: 1000156801 ns, Reaching safepoint: 177857 ns, At safepoint: 18786 ns, Total: 196643 ns
[2020-09-11T19:13:53.424+0000][1][safepoint    ] Safepoint "Cleanup", Time since last: 1000233276 ns, Reaching safepoint: 114776 ns, At safepoint: 8584 ns, Total: 123360 ns
[2020-09-11T19:13:53.428+0000][1][safepoint    ] Safepoint "RevokeBias", Time since last: 3477972 ns, Reaching safepoint: 176330 ns, At safepoint: 37565 ns, Total: 213895 ns
[2020-09-11T19:13:54.428+0000][1][safepoint    ] Safepoint "Cleanup", Time since last: 1000127258 ns, Reaching safepoint: 140416 ns, At safepoint: 7152 ns, Total: 147568 ns
[2020-09-11T19:13:55.428+0000][1][safepoint    ] Safepoint "Cleanup", Time since last: 1000161623 ns, Reaching safepoint: 162742 ns, At safepoint: 8069 ns, Total: 170811 ns
[2020-09-11T19:13:56.403+0000][1][safepoint    ] Safepoint "RevokeBias", Time since last: 973964840 ns, Reaching safepoint: 137145 ns, At safepoint: 23193 ns, Total: 160338 ns
[2020-09-11T19:13:56.403+0000][1][safepoint    ] Safepoint "RevokeBias", Time since last: 64646 ns, Reaching safepoint: 47488 ns, At safepoint: 11878 ns, Total: 59366 ns
[2020-09-11T19:13:56.403+0000][1][safepoint    ] Safepoint "RevokeBias", Time since last: 31842 ns, Reaching safepoint: 45596 ns, At safepoint: 10814 ns, Total: 56410 ns
[2020-09-11T19:13:56.403+0000][1][safepoint    ] Safepoint "RevokeBias", Time since last: 29827 ns, Reaching safepoint: 44926 ns, At safepoint: 10946 ns, Total: 55872 ns
[2020-09-11T19:13:56.403+0000][1][safepoint    ] Safepoint "RevokeBias", Time since last: 35750 ns, Reaching safepoint: 45795 ns, At safepoint: 10753 ns, Total: 56548 ns
[2020-09-11T19:13:56.403+0000][1][safepoint    ] Safepoint "RevokeBias", Time since last: 29028 ns, Reaching safepoint: 44940 ns, At safepoint: 10543 ns, Total: 55483 ns
[2020-09-11T19:13:56.403+0000][1][safepoint    ] Safepoint "RevokeBias", Time since last: 28615 ns, Reaching safepoint: 44545 ns, At safepoint: 10539 ns, Total: 55084 ns
[2020-09-11T19:13:56.403+0000][1][safepoint    ] Safepoint "RevokeBias", Time since last: 28802 ns, Reaching safepoint: 44559 ns, At safepoint: 10511 ns, Total: 55070 ns
[2020-09-11T19:13:57.404+0000][1][safepoint    ] Safepoint "Cleanup", Time since last: 1000104744 ns, Reaching safepoint: 200001 ns, At safepoint: 19037 ns, Total: 219038 ns
[2020-09-11T19:13:57.915+0000][1][safepoint    ] Safepoint "RevokeBias", Time since last: 511177933 ns, Reaching safepoint: 183566 ns, At safepoint: 46627 ns, Total: 230193 ns
[2020-09-11T19:13:58.452+0000][1][safepoint    ] Safepoint "BulkRevokeBias", Time since last: 536052047 ns, Reaching safepoint: 275379 ns, At safepoint: 716870 ns, Total: 992249 ns
[2020-09-11T19:13:58.500+0000][1][safepoint    ] Safepoint "RevokeBias", Time since last: 47953816 ns, Reaching safepoint: 266182 ns, At safepoint: 26129 ns, Total: 292311 ns
[2020-09-11T19:13:59.501+0000][1][safepoint    ] Safepoint "Cleanup", Time since last: 1000175805 ns, Reaching safepoint: 143168 ns, At safepoint: 7818 ns, Total: 150986 ns
[2020-09-11T19:14:00.429+0000][1][safepoint    ] Safepoint "RevokeBias", Time since last: 927938018 ns, Reaching safepoint: 219893 ns, At safepoint: 48417 ns, Total: 268310 ns
[2020-09-11T19:14:01.052+0000][1][safepoint    ] Safepoint "RevokeBias", Time since last: 623322986 ns, Reaching safepoint: 119803 ns, At safepoint: 21144 ns, Total: 140947 ns
[2020-09-11T19:14:02.053+0000][1][safepoint    ] Safepoint "Cleanup", Time since last: 1000160449 ns, Reaching safepoint: 118102 ns, At safepoint: 7893 ns, Total: 125995 ns
[2020-09-11T19:14:03.055+0000][1][safepoint    ] Safepoint "Cleanup", Time since last: 1002388883 ns, Reaching safepoint: 98071 ns, At safepoint: 9230 ns, Total: 107301 ns
[2020-09-11T19:14:04.055+0000][1][safepoint    ] Safepoint "Cleanup", Time since last: 1000157653 ns, Reaching safepoint: 135466 ns, At safepoint: 9362 ns, Total: 144828 ns
[2020-09-11T19:14:05.056+0000][1][safepoint    ] Safepoint "Cleanup", Time since last: 1000166242 ns, Reaching safepoint: 179371 ns, At safepoint: 19113 ns, Total: 198484 ns
[2020-09-11T19:14:05.837+0000][1][safepoint    ] Safepoint "RevokeBias", Time since last: 781211865 ns, Reaching safepoint: 319164 ns, At safepoint: 64354 ns, Total: 383518 ns
[2020-09-11T19:14:06.838+0000][1][safepoint    ] Safepoint "Cleanup", Time since last: 1000216758 ns, Reaching safepoint: 175892 ns, At safepoint: 19772 ns, Total: 195664 ns
[2020-09-11T19:14:07.838+0000][1][safepoint    ] Safepoint "Cleanup", Time since last: 1000223939 ns, Reaching safepoint: 176013 ns, At safepoint: 19311 ns, Total: 195324 ns
[2020-09-11T19:14:08.427+0000][1][gc,start     ] GC(326) Pause Young (Allocation Failure)
[2020-09-11T19:14:08.520+0000][1][gc,task      ] GC(326) Using 1 workers of 1 for evacuation
[2020-09-11T19:14:08.530+0000][1][gc,age       ] GC(326) Desired survivor size 4358144 bytes, new threshold 6 (max threshold 6)
[2020-09-11T19:14:08.530+0000][1][gc,age       ] GC(326) Age table with threshold 6 (max threshold 6)
[2020-09-11T19:14:08.530+0000][1][gc,age       ] GC(326) - age   1:     328040 bytes,     328040 total
[2020-09-11T19:14:08.530+0000][1][gc,age       ] GC(326) - age   2:      19696 bytes,     347736 total
[2020-09-11T19:14:08.530+0000][1][gc,age       ] GC(326) - age   3:       2384 bytes,     350120 total
[2020-09-11T19:14:08.530+0000][1][gc,age       ] GC(326) - age   4:       8688 bytes,     358808 total
[2020-09-11T19:14:08.530+0000][1][gc,age       ] GC(326) - age   5:        576 bytes,     359384 total
[2020-09-11T19:14:08.530+0000][1][gc,age       ] GC(326) - age   6:       2072 bytes,     361456 total
[2020-09-11T19:14:08.530+0000][1][gc,heap      ] GC(326) ParNew: 68739K->397K(76672K)
[2020-09-11T19:14:08.530+0000][1][gc,heap      ] GC(326) CMS: 107197K->107248K(439104K)
[2020-09-11T19:14:08.530+0000][1][gc,metaspace ] GC(326) Metaspace: 102681K->102681K(1144832K)
[2020-09-11T19:14:08.530+0000][1][gc           ] GC(326) Pause Young (Allocation Failure) 171M->105M(503M) 102.441ms
[2020-09-11T19:14:08.530+0000][1][gc,cpu       ] GC(326) User=0.01s Sys=0.00s Real=0.10s
[2020-09-11T19:14:08.530+0000][1][safepoint    ] Safepoint "GenCollectForAllocation", Time since last: 589062433 ns, Reaching safepoint: 217747 ns, At safepoint: 103062371 ns, Total: 103280118 ns
[2020-09-11T19:14:08.565+0000][1][safepoint    ] Safepoint "RevokeBias", Time since last: 34080043 ns, Reaching safepoint: 268229 ns, At safepoint: 23149 ns, Total: 291378 ns
[2020-09-11T19:14:09.565+0000][1][safepoint    ] Safepoint "Cleanup", Time since last: 1000174443 ns, Reaching safepoint: 116557 ns, At safepoint: 7296 ns, Total: 123853 ns
[2020-09-11T19:14:10.145+0000][1][safepoint    ] Safepoint "RevokeBias", Time since last: 579608820 ns, Reaching safepoint: 180308 ns, At safepoint: 25478 ns, Total: 205786 ns
[2020-09-11T19:14:11.145+0000][1][safepoint    ] Safepoint "Cleanup", Time since last: 1000174223 ns, Reaching safepoint: 180219 ns, At safepoint: 19321 ns, Total: 199540 ns
[2020-09-11T19:14:12.183+0000][1][safepoint    ] Safepoint "Cleanup", Time since last: 1037146697 ns, Reaching safepoint: 127516 ns, At safepoint: 7787 ns, Total: 135303 ns
[2020-09-11T19:14:13.183+0000][1][safepoint    ] Safepoint "Cleanup", Time since last: 1000217797 ns, Reaching safepoint: 179150 ns, At safepoint: 19611 ns, Total: 198761 ns
[2020-09-11T19:14:14.184+0000][1][safepoint    ] Safepoint "Cleanup", Time since last: 1000231030 ns, Reaching safepoint: 216221 ns, At safepoint: 24770 ns, Total: 240991 ns
[2020-09-11T19:14:15.184+0000][1][safepoint    ] Safepoint "Cleanup", Time since last: 1000228027 ns, Reaching safepoint: 271943 ns, At safepoint: 19611 ns, Total: 291554 ns
[2020-09-11T19:14:16.184+0000][1][safepoint    ] Safepoint "Cleanup", Time since last: 1000196558 ns, Reaching safepoint: 229502 ns, At safepoint: 23009 ns, Total: 252511 ns
[2020-09-11T19:14:16.727+0000][1][safepoint    ] Safepoint "RevokeBias", Time since last: 541802492 ns, Reaching safepoint: 222726 ns, At safepoint: 24057 ns, Total: 246783 ns
[2020-09-11T19:14:17.916+0000][1][safepoint    ] Safepoint "Cleanup", Time since last: 1189609610 ns, Reaching safepoint: 182223 ns, At safepoint: 18436 ns, Total: 200659 ns
[2020-09-11T19:14:18.466+0000][1][safepoint    ] Safepoint "RevokeBias", Time since last: 549518376 ns, Reaching safepoint: 275748 ns, At safepoint: 25561 ns, Total: 301309 ns
[2020-09-11T19:14:19.247+0000][1][safepoint    ] Safepoint "RevokeBias", Time since last: 780222442 ns, Reaching safepoint: 173251 ns, At safepoint: 25044 ns, Total: 198295 ns
[2020-09-11T19:14:20.247+0000][1][safepoint    ] Safepoint "Cleanup", Time since last: 1000153917 ns, Reaching safepoint: 134625 ns, At safepoint: 8006 ns, Total: 142631 ns
[2020-09-11T19:14:21.247+0000][1][safepoint    ] Safepoint "Cleanup", Time since last: 1000161788 ns, Reaching safepoint: 132545 ns, At safepoint: 8526 ns, Total: 141071 ns
[2020-09-11T19:14:22.247+0000][1][safepoint    ] Safepoint "Cleanup", Time since last: 1000159218 ns, Reaching safepoint: 128595 ns, At safepoint: 7998 ns, Total: 136593 ns
[2020-09-11T19:14:23.248+0000][1][safepoint    ] Safepoint "Cleanup", Time since last: 1000189464 ns, Reaching safepoint: 133498 ns, At safepoint: 9392 ns, Total: 142890 ns
[2020-09-11T19:14:24.248+0000][1][safepoint    ] Safepoint "Cleanup", Time since last: 1000161469 ns, Reaching safepoint: 135178 ns, At safepoint: 8918 ns, Total: 144096 ns
[2020-09-11T19:14:25.248+0000][1][safepoint    ] Safepoint "Cleanup", Time since last: 1000191763 ns, Reaching safepoint: 144590 ns, At safepoint: 8572 ns, Total: 153162 ns
[2020-09-11T19:14:26.249+0000][1][safepoint    ] Safepoint "Cleanup", Time since last: 1000140048 ns, Reaching safepoint: 143097 ns, At safepoint: 7979 ns, Total: 151076 ns
[2020-09-11T19:14:26.330+0000][1][safepoint    ] Safepoint "RevokeBias", Time since last: 81282695 ns, Reaching safepoint: 210046 ns, At safepoint: 22098 ns, Total: 232144 ns
[2020-09-11T19:14:27.216+0000][1][gc,start     ] GC(327) Pause Young (Allocation Failure)
[2020-09-11T19:14:27.217+0000][1][gc,task      ] GC(327) Using 1 workers of 1 for evacuation
[2020-09-11T19:14:27.225+0000][1][gc,age       ] GC(327) Desired survivor size 4358144 bytes, new threshold 6 (max threshold 6)
[2020-09-11T19:14:27.225+0000][1][gc,age       ] GC(327) Age table with threshold 6 (max threshold 6)
[2020-09-11T19:14:27.225+0000][1][gc,age       ] GC(327) - age   1:      94224 bytes,      94224 total
[2020-09-11T19:14:27.225+0000][1][gc,age       ] GC(327) - age   2:     100960 bytes,     195184 total
[2020-09-11T19:14:27.226+0000][1][gc,age       ] GC(327) - age   3:      17080 bytes,     212264 total
[2020-09-11T19:14:27.226+0000][1][gc,age       ] GC(327) - age   4:        800 bytes,     213064 total
[2020-09-11T19:14:27.226+0000][1][gc,age       ] GC(327) - age   5:       8032 bytes,     221096 total
[2020-09-11T19:14:27.226+0000][1][gc,age       ] GC(327) - age   6:        576 bytes,     221672 total
[2020-09-11T19:14:27.226+0000][1][gc,heap      ] GC(327) ParNew: 68548K->314K(76672K)
[2020-09-11T19:14:27.226+0000][1][gc,heap      ] GC(327) CMS: 107248K->107250K(439104K)
[2020-09-11T19:14:27.226+0000][1][gc,metaspace ] GC(327) Metaspace: 102681K->102681K(1144832K)
[2020-09-11T19:14:27.226+0000][1][gc           ] GC(327) Pause Young (Allocation Failure) 171M->105M(503M) 9.198ms
[2020-09-11T19:14:27.226+0000][1][gc,cpu       ] GC(327) User=0.01s Sys=0.00s Real=0.01s
[2020-09-11T19:14:27.226+0000][1][safepoint    ] Safepoint "GenCollectForAllocation", Time since last: 886033720 ns, Reaching safepoint: 172834 ns, At safepoint: 9393511 ns, Total: 9566345 ns
[2020-09-11T19:14:28.227+0000][1][safepoint    ] Safepoint "Cleanup", Time since last: 1000665476 ns, Reaching safepoint: 157477 ns, At safepoint: 19420 ns, Total: 176897 ns
[2020-09-11T19:14:28.464+0000][1][safepoint    ] Safepoint "RevokeBias", Time since last: 237186680 ns, Reaching safepoint: 122250 ns, At safepoint: 21543 ns, Total: 143793 ns
[2020-09-11T19:14:29.173+0000][1][safepoint    ] Safepoint "RevokeBias", Time since last: 708446868 ns, Reaching safepoint: 279210 ns, At safepoint: 50412 ns, Total: 329622 ns
[2020-09-11T19:14:30.173+0000][1][safepoint    ] Safepoint "Cleanup", Time since last: 1000188038 ns, Reaching safepoint: 113829 ns, At safepoint: 8880 ns, Total: 122709 ns
[2020-09-11T19:14:31.173+0000][1][safepoint    ] Safepoint "Cleanup", Time since last: 1000148345 ns, Reaching safepoint: 139654 ns, At safepoint: 8016 ns, Total: 147670 ns
[2020-09-11T19:14:32.174+0000][1][safepoint    ] Safepoint "Cleanup", Time since last: 1000195286 ns, Reaching safepoint: 120460 ns, At safepoint: 8042 ns, Total: 128502 ns
[2020-09-11T19:14:33.174+0000][1][safepoint    ] Safepoint "Cleanup", Time since last: 1000141676 ns, Reaching safepoint: 183255 ns, At safepoint: 8555 ns, Total: 191810 ns
[2020-09-11T19:14:34.174+0000][1][safepoint    ] Safepoint "Cleanup", Time since last: 1000225115 ns, Reaching safepoint: 102288 ns, At safepoint: 7449 ns, Total: 109737 ns
[2020-09-11T19:14:35.175+0000][1][safepoint    ] Safepoint "Cleanup", Time since last: 1000156184 ns, Reaching safepoint: 248785 ns, At safepoint: 20350 ns, Total: 269135 ns
[2020-09-11T19:14:36.069+0000][1][safepoint    ] Safepoint "RevokeBias", Time since last: 893380016 ns, Reaching safepoint: 290955 ns, At safepoint: 47285 ns, Total: 338240 ns
[2020-09-11T19:14:37.069+0000][1][safepoint    ] Safepoint "Cleanup", Time since last: 1000217116 ns, Reaching safepoint: 182159 ns, At safepoint: 19311 ns, Total: 201470 ns
[2020-09-11T19:14:38.069+0000][1][safepoint    ] Safepoint "Cleanup", Time since last: 1000236787 ns, Reaching safepoint: 186793 ns, At safepoint: 19154 ns, Total: 205947 ns
[2020-09-11T19:14:38.453+0000][1][safepoint    ] Safepoint "RevokeBias", Time since last: 383774194 ns, Reaching safepoint: 277279 ns, At safepoint: 22515 ns, Total: 299794 ns
[2020-09-11T19:14:39.454+0000][1][safepoint    ] Safepoint "Cleanup", Time since last: 1000170795 ns, Reaching safepoint: 131991 ns, At safepoint: 8707 ns, Total: 140698 ns
[2020-09-11T19:14:39.766+0000][1][safepoint    ] Safepoint "RevokeBias", Time since last: 311536133 ns, Reaching safepoint: 172541 ns, At safepoint: 22716 ns, Total: 195257 ns
[2020-09-11T19:14:40.766+0000][1][safepoint    ] Safepoint "Cleanup", Time since last: 1000145938 ns, Reaching safepoint: 136749 ns, At safepoint: 8005 ns, Total: 144754 ns
[2020-09-11T19:14:41.766+0000][1][safepoint    ] Safepoint "Cleanup", Time since last: 1000157987 ns, Reaching safepoint: 143088 ns, At safepoint: 8005 ns, Total: 151093 ns
[2020-09-11T19:14:42.766+0000][1][safepoint    ] Safepoint "Cleanup", Time since last: 1000165091 ns, Reaching safepoint: 123188 ns, At safepoint: 8662 ns, Total: 131850 ns
[2020-09-11T19:14:42.976+0000][1][safepoint    ] Safepoint "RevokeBias", Time since last: 209209760 ns, Reaching safepoint: 215219 ns, At safepoint: 22055 ns, Total: 237274 ns
[2020-09-11T19:14:43.976+0000][1][safepoint    ] Safepoint "Cleanup", Time since last: 1000190276 ns, Reaching safepoint: 123307 ns, At safepoint: 8378 ns, Total: 131685 ns
[2020-09-11T19:14:44.542+0000][1][safepoint    ] Safepoint "RevokeBias", Time since last: 565502247 ns, Reaching safepoint: 213229 ns, At safepoint: 21124 ns, Total: 234353 ns
[2020-09-11T19:14:44.542+0000][1][safepoint    ] Safepoint "RevokeBias", Time since last: 160544 ns, Reaching safepoint: 161072 ns, At safepoint: 12593 ns, Total: 173665 ns
[2020-09-11T19:14:44.546+0000][1][safepoint    ] Safepoint "RevokeBias", Time since last: 3297751 ns, Reaching safepoint: 208823 ns, At safepoint: 19880 ns, Total: 228703 ns
[2020-09-11T19:14:44.764+0000][1][safepoint    ] Safepoint "RevokeBias", Time since last: 217499968 ns, Reaching safepoint: 221331 ns, At safepoint: 29307 ns, Total: 250638 ns
[2020-09-11T19:14:44.764+0000][1][safepoint    ] Safepoint "RevokeBias", Time since last: 77975 ns, Reaching safepoint: 160617 ns, At safepoint: 16650 ns, Total: 177267 ns
[2020-09-11T19:14:44.772+0000][1][gc,start     ] GC(328) Pause Young (Allocation Failure)
[2020-09-11T19:14:44.772+0000][1][gc,task      ] GC(328) Using 1 workers of 1 for evacuation
[2020-09-11T19:14:44.778+0000][1][gc,age       ] GC(328) Desired survivor size 4358144 bytes, new threshold 6 (max threshold 6)
[2020-09-11T19:14:44.778+0000][1][gc,age       ] GC(328) Age table with threshold 6 (max threshold 6)
[2020-09-11T19:14:44.778+0000][1][gc,age       ] GC(328) - age   1:     156536 bytes,     156536 total
[2020-09-11T19:14:44.778+0000][1][gc,age       ] GC(328) - age   2:      47608 bytes,     204144 total
[2020-09-11T19:14:44.778+0000][1][gc,age       ] GC(328) - age   3:      81720 bytes,     285864 total
[2020-09-11T19:14:44.778+0000][1][gc,age       ] GC(328) - age   4:      17080 bytes,     302944 total
[2020-09-11T19:14:44.778+0000][1][gc,age       ] GC(328) - age   5:        800 bytes,     303744 total
[2020-09-11T19:14:44.778+0000][1][gc,age       ] GC(328) - age   6:       8032 bytes,     311776 total
[2020-09-11T19:14:44.778+0000][1][gc,heap      ] GC(328) ParNew: 68474K->481K(76672K)
[2020-09-11T19:14:44.778+0000][1][gc,heap      ] GC(328) CMS: 107250K->107250K(439104K)
[2020-09-11T19:14:44.778+0000][1][gc,metaspace ] GC(328) Metaspace: 102682K->102682K(1144832K)
[2020-09-11T19:14:44.778+0000][1][gc           ] GC(328) Pause Young (Allocation Failure) 171M->105M(503M) 5.260ms
[2020-09-11T19:14:44.778+0000][1][gc,cpu       ] GC(328) User=0.00s Sys=0.00s Real=0.01s
[2020-09-11T19:14:44.780+0000][1][safepoint    ] Safepoint "GenCollectForAllocation", Time since last: 8382891 ns, Reaching safepoint: 207407 ns, At safepoint: 7917840 ns, Total: 8125247 ns
[2020-09-11T19:14:45.781+0000][1][safepoint    ] Safepoint "Cleanup", Time since last: 1000533524 ns, Reaching safepoint: 260068 ns, At safepoint: 18182 ns, Total: 278250 ns
[2020-09-11T19:14:46.781+0000][1][safepoint    ] Safepoint "Cleanup", Time since last: 1000210822 ns, Reaching safepoint: 123890 ns, At safepoint: 6949 ns, Total: 130839 ns
[2020-09-11T19:14:47.782+0000][1][safepoint    ] Safepoint "Cleanup", Time since last: 1000157572 ns, Reaching safepoint: 145240 ns, At safepoint: 6196 ns, Total: 151436 ns
[2020-09-11T19:14:48.063+0000][1][safepoint    ] Safepoint "RevokeBias", Time since last: 280705933 ns, Reaching safepoint: 425272 ns, At safepoint: 48655 ns, Total: 473927 ns
[2020-09-11T19:14:48.472+0000][1][safepoint    ] Safepoint "RevokeBias", Time since last: 408427815 ns, Reaching safepoint: 235110 ns, At safepoint: 23705 ns, Total: 258815 ns
[2020-09-11T19:14:49.472+0000][1][safepoint    ] Safepoint "Cleanup", Time since last: 1000141312 ns, Reaching safepoint: 207143 ns, At safepoint: 18944 ns, Total: 226087 ns
[2020-09-11T19:14:50.472+0000][1][safepoint    ] Safepoint "Cleanup", Time since last: 1000197485 ns, Reaching safepoint: 140255 ns, At safepoint: 8982 ns, Total: 149237 ns
[2020-09-11T19:14:51.473+0000][1][safepoint    ] Safepoint "Cleanup", Time since last: 1000192892 ns, Reaching safepoint: 124547 ns, At safepoint: 11184 ns, Total: 135731 ns
[2020-09-11T19:14:51.503+0000][1][safepoint    ] Safepoint "RevokeBias", Time since last: 29530936 ns, Reaching safepoint: 256468 ns, At safepoint: 26813 ns, Total: 283281 ns
[2020-09-11T19:14:52.503+0000][1][safepoint    ] Safepoint "Cleanup", Time since last: 1000104551 ns, Reaching safepoint: 151093 ns, At safepoint: 18709 ns, Total: 169802 ns
[2020-09-11T19:14:53.503+0000][1][safepoint    ] Safepoint "Cleanup", Time since last: 1000220570 ns, Reaching safepoint: 138030 ns, At safepoint: 8620 ns, Total: 146650 ns
[2020-09-11T19:14:54.503+0000][1][safepoint    ] Safepoint "Cleanup", Time since last: 1000194538 ns, Reaching safepoint: 120450 ns, At safepoint: 8983 ns, Total: 129433 ns
[2020-09-11T19:14:55.504+0000][1][safepoint    ] Safepoint "Cleanup", Time since last: 1000149413 ns, Reaching safepoint: 179370 ns, At safepoint: 8683 ns, Total: 188053 ns
[2020-09-11T19:14:56.568+0000][1][safepoint    ] Safepoint "Cleanup", Time since last: 1063651764 ns, Reaching safepoint: 132717 ns, At safepoint: 8064 ns, Total: 140781 ns
[2020-09-11T19:14:56.743+0000][1][safepoint    ] Safepoint "RevokeBias", Time since last: 174857253 ns, Reaching safepoint: 222000 ns, At safepoint: 37631 ns, Total: 259631 ns
[2020-09-11T19:14:57.743+0000][1][safepoint    ] Safepoint "Cleanup", Time since last: 1000183298 ns, Reaching safepoint: 178271 ns, At safepoint: 18265 ns, Total: 196536 ns
[2020-09-11T19:14:58.566+0000][1][safepoint    ] Safepoint "RevokeBias", Time since last: 822270022 ns, Reaching safepoint: 227252 ns, At safepoint: 22557 ns, Total: 249809 ns
[2020-09-11T19:14:59.192+0000][1][gc,start     ] GC(329) Pause Young (Allocation Failure)
[2020-09-11T19:14:59.192+0000][1][gc,task      ] GC(329) Using 1 workers of 1 for evacuation
[2020-09-11T19:14:59.205+0000][1][gc,age       ] GC(329) Desired survivor size 4358144 bytes, new threshold 6 (max threshold 6)
[2020-09-11T19:14:59.205+0000][1][gc,age       ] GC(329) Age table with threshold 6 (max threshold 6)
[2020-09-11T19:14:59.205+0000][1][gc,age       ] GC(329) - age   1:     768328 bytes,     768328 total
[2020-09-11T19:14:59.205+0000][1][gc,age       ] GC(329) - age   2:      71280 bytes,     839608 total
[2020-09-11T19:14:59.205+0000][1][gc,age       ] GC(329) - age   3:       4056 bytes,     843664 total
[2020-09-11T19:14:59.205+0000][1][gc,age       ] GC(329) - age   4:      53792 bytes,     897456 total
[2020-09-11T19:14:59.205+0000][1][gc,age       ] GC(329) - age   5:      17048 bytes,     914504 total
[2020-09-11T19:14:59.205+0000][1][gc,age       ] GC(329) - age   6:        184 bytes,     914688 total
[2020-09-11T19:14:59.205+0000][1][gc,heap      ] GC(329) ParNew: 68634K->1154K(76672K)
[2020-09-11T19:14:59.205+0000][1][gc,heap      ] GC(329) CMS: 107250K->107258K(439104K)
[2020-09-11T19:14:59.205+0000][1][gc,metaspace ] GC(329) Metaspace: 102682K->102682K(1144832K)
[2020-09-11T19:14:59.205+0000][1][gc           ] GC(329) Pause Young (Allocation Failure) 171M->105M(503M) 13.384ms
[2020-09-11T19:14:59.205+0000][1][gc,cpu       ] GC(329) User=0.00s Sys=0.00s Real=0.02s
[2020-09-11T19:14:59.206+0000][1][safepoint    ] Safepoint "GenCollectForAllocation", Time since last: 625375236 ns, Reaching safepoint: 1076584 ns, At safepoint: 13460668 ns, Total: 14537252 ns
[2020-09-11T19:14:59.646+0000][1][safepoint    ] Safepoint "RevokeBias", Time since last: 440277108 ns, Reaching safepoint: 111354 ns, At safepoint: 25820 ns, Total: 137174 ns
[2020-09-11T19:15:00.646+0000][1][safepoint    ] Safepoint "Cleanup", Time since last: 1000186728 ns, Reaching safepoint: 124920 ns, At safepoint: 7828 ns, Total: 132748 ns
[2020-09-11T19:15:01.647+0000][1][safepoint    ] Safepoint "Cleanup", Time since last: 1000166437 ns, Reaching safepoint: 148386 ns, At safepoint: 7788 ns, Total: 156174 ns
[2020-09-11T19:15:02.647+0000][1][safepoint    ] Safepoint "Cleanup", Time since last: 1000151057 ns, Reaching safepoint: 138455 ns, At safepoint: 7463 ns, Total: 145918 ns
[2020-09-11T19:15:03.647+0000][1][safepoint    ] Safepoint "Cleanup", Time since last: 1000151542 ns, Reaching safepoint: 196887 ns, At safepoint: 19749 ns, Total: 216636 ns
[2020-09-11T19:15:04.648+0000][1][safepoint    ] Safepoint "Cleanup", Time since last: 1000222577 ns, Reaching safepoint: 183426 ns, At safepoint: 19258 ns, Total: 202684 ns
[2020-09-11T19:15:05.648+0000][1][safepoint    ] Safepoint "Cleanup", Time since last: 1000221775 ns, Reaching safepoint: 157943 ns, At safepoint: 7311 ns, Total: 165254 ns
[2020-09-11T19:15:05.906+0000][1][safepoint    ] Safepoint "RevokeBias", Time since last: 257236262 ns, Reaching safepoint: 301579 ns, At safepoint: 93277 ns, Total: 394856 ns
[2020-09-11T19:15:06.906+0000][1][safepoint    ] Safepoint "Cleanup", Time since last: 1000193781 ns, Reaching safepoint: 179544 ns, At safepoint: 17821 ns, Total: 197365 ns
[2020-09-11T19:15:07.906+0000][1][safepoint    ] Safepoint "Cleanup", Time since last: 1000181190 ns, Reaching safepoint: 177072 ns, At safepoint: 19751 ns, Total: 196823 ns
[2020-09-11T19:15:08.456+0000][1][safepoint    ] Safepoint "RevokeBias", Time since last: 548767718 ns, Reaching safepoint: 328293 ns, At safepoint: 24323 ns, Total: 352616 ns
[2020-09-11T19:15:09.629+0000][1][safepoint    ] Safepoint "Cleanup", Time since last: 1172862575 ns, Reaching safepoint: 145433 ns, At safepoint: 8361 ns, Total: 153794 ns
[2020-09-11T19:15:10.070+0000][1][safepoint    ] Safepoint "RevokeBias", Time since last: 441255689 ns, Reaching safepoint: 178491 ns, At safepoint: 22492 ns, Total: 200983 ns
[2020-09-11T19:15:11.070+0000][1][safepoint    ] Safepoint "Cleanup", Time since last: 1000141980 ns, Reaching safepoint: 180987 ns, At safepoint: 18569 ns, Total: 199556 ns
[2020-09-11T19:15:12.075+0000][1][safepoint    ] Safepoint "Cleanup", Time since last: 1004098845 ns, Reaching safepoint: 300213 ns, At safepoint: 8568 ns, Total: 308781 ns
[2020-09-11T19:15:13.075+0000][1][safepoint    ] Safepoint "Cleanup", Time since last: 1000120737 ns, Reaching safepoint: 178983 ns, At safepoint: 17520 ns, Total: 196503 ns
[2020-09-11T19:15:14.076+0000][1][safepoint    ] Safepoint "Cleanup", Time since last: 1000181716 ns, Reaching safepoint: 179354 ns, At safepoint: 17430 ns, Total: 196784 ns
[2020-09-11T19:15:15.076+0000][1][safepoint    ] Safepoint "Cleanup", Time since last: 1000182017 ns, Reaching safepoint: 142791 ns, At safepoint: 9355 ns, Total: 152146 ns
[2020-09-11T19:15:16.076+0000][1][safepoint    ] Safepoint "Cleanup", Time since last: 1000153960 ns, Reaching safepoint: 217711 ns, At safepoint: 18860 ns, Total: 236571 ns
[2020-09-11T19:15:16.263+0000][1][safepoint    ] Safepoint "RevokeBias", Time since last: 186764014 ns, Reaching safepoint: 221510 ns, At safepoint: 23538 ns, Total: 245048 ns
[2020-09-11T19:15:17.264+0000][1][safepoint    ] Safepoint "Cleanup", Time since last: 1000189158 ns, Reaching safepoint: 119478 ns, At safepoint: 7319 ns, Total: 126797 ns
[2020-09-11T19:15:18.264+0000][1][safepoint    ] Safepoint "Cleanup", Time since last: 1000112284 ns, Reaching safepoint: 124811 ns, At safepoint: 6725 ns, Total: 131536 ns
[2020-09-11T19:15:18.459+0000][1][safepoint    ] Safepoint "RevokeBias", Time since last: 195155478 ns, Reaching safepoint: 133818 ns, At safepoint: 20748 ns, Total: 154566 ns
[2020-09-11T19:15:18.493+0000][1][gc,start     ] GC(330) Pause Young (Allocation Failure)
[2020-09-11T19:15:18.494+0000][1][gc,task      ] GC(330) Using 1 workers of 1 for evacuation
[2020-09-11T19:15:18.499+0000][1][gc,age       ] GC(330) Desired survivor size 4358144 bytes, new threshold 6 (max threshold 6)
[2020-09-11T19:15:18.499+0000][1][gc,age       ] GC(330) Age table with threshold 6 (max threshold 6)
[2020-09-11T19:15:18.499+0000][1][gc,age       ] GC(330) - age   1:     707112 bytes,     707112 total
[2020-09-11T19:15:18.499+0000][1][gc,age       ] GC(330) - age   2:     114424 bytes,     821536 total
[2020-09-11T19:15:18.499+0000][1][gc,age       ] GC(330) - age   3:      52848 bytes,     874384 total
[2020-09-11T19:15:18.499+0000][1][gc,age       ] GC(330) - age   4:       3400 bytes,     877784 total
[2020-09-11T19:15:18.499+0000][1][gc,age       ] GC(330) - age   5:      51744 bytes,     929528 total
[2020-09-11T19:15:18.499+0000][1][gc,age       ] GC(330) - age   6:      16424 bytes,     945952 total
[2020-09-11T19:15:18.499+0000][1][gc,heap      ] GC(330) ParNew: 69314K->1484K(76672K)
[2020-09-11T19:15:18.499+0000][1][gc,heap      ] GC(330) CMS: 107258K->107258K(439104K)
[2020-09-11T19:15:18.499+0000][1][gc,metaspace ] GC(330) Metaspace: 102684K->102684K(1144832K)
[2020-09-11T19:15:18.499+0000][1][gc           ] GC(330) Pause Young (Allocation Failure) 172M->106M(503M) 5.667ms
[2020-09-11T19:15:18.499+0000][1][gc,cpu       ] GC(330) User=0.01s Sys=0.00s Real=0.01s
[2020-09-11T19:15:18.503+0000][1][safepoint    ] Safepoint "GenCollectForAllocation", Time since last: 31567466 ns, Reaching safepoint: 2745332 ns, At safepoint: 9928991 ns, Total: 12674323 ns
[2020-09-11T19:15:19.507+0000][1][safepoint    ] Safepoint "Cleanup", Time since last: 1003398229 ns, Reaching safepoint: 124155 ns, At safepoint: 21879 ns, Total: 146034 ns
[2020-09-11T19:15:19.677+0000][1][safepoint    ] Safepoint "BulkRevokeBias", Time since last: 169900874 ns, Reaching safepoint: 102425 ns, At safepoint: 325537 ns, Total: 427962 ns
[2020-09-11T19:15:20.679+0000][1][safepoint    ] Safepoint "Cleanup", Time since last: 1001756855 ns, Reaching safepoint: 149795 ns, At safepoint: 18922 ns, Total: 168717 ns
[2020-09-11T19:15:21.680+0000][1][safepoint    ] Safepoint "Cleanup", Time since last: 1000185794 ns, Reaching safepoint: 195614 ns, At safepoint: 56833 ns, Total: 252447 ns
[2020-09-11T19:15:22.680+0000][1][safepoint    ] Safepoint "Cleanup", Time since last: 1000230654 ns, Reaching safepoint: 117148 ns, At safepoint: 76355 ns, Total: 193503 ns
[2020-09-11T19:15:23.680+0000][1][safepoint    ] Safepoint "Cleanup", Time since last: 1000166438 ns, Reaching safepoint: 137442 ns, At safepoint: 8182 ns, Total: 145624 ns
[2020-09-11T19:15:24.681+0000][1][safepoint    ] Safepoint "Cleanup", Time since last: 1000156417 ns, Reaching safepoint: 218329 ns, At safepoint: 20163 ns, Total: 238492 ns
[2020-09-11T19:15:25.681+0000][1][safepoint    ] Safepoint "Cleanup", Time since last: 1000245373 ns, Reaching safepoint: 324382 ns, At safepoint: 19986 ns, Total: 344368 ns
[2020-09-11T19:15:26.421+0000][1][safepoint    ] Safepoint "RevokeBias", Time since last: 739907564 ns, Reaching safepoint: 243091 ns, At safepoint: 24565 ns, Total: 267656 ns
[2020-09-11T19:15:26.423+0000][1][safepoint    ] Safepoint "RevokeBias", Time since last: 1129842 ns, Reaching safepoint: 142430 ns, At safepoint: 15091 ns, Total: 157521 ns
[2020-09-11T19:15:26.423+0000][1][safepoint    ] Safepoint "RevokeBias", Time since last: 37939 ns, Reaching safepoint: 129665 ns, At safepoint: 13122 ns, Total: 142787 ns
[2020-09-11T19:15:26.423+0000][1][safepoint    ] Safepoint "RevokeBias", Time since last: 40758 ns, Reaching safepoint: 137257 ns, At safepoint: 13555 ns, Total: 150812 ns
[2020-09-11T19:15:26.423+0000][1][safepoint    ] Safepoint "RevokeBias", Time since last: 33692 ns, Reaching safepoint: 181339 ns, At safepoint: 13602 ns, Total: 194941 ns
[2020-09-11T19:15:27.424+0000][1][safepoint    ] Safepoint "Cleanup", Time since last: 1000106655 ns, Reaching safepoint: 180970 ns, At safepoint: 17641 ns, Total: 198611 ns
[2020-09-11T19:15:28.302+0000][1][safepoint    ] Safepoint "RevokeBias", Time since last: 877825696 ns, Reaching safepoint: 211680 ns, At safepoint: 162128 ns, Total: 373808 ns
[2020-09-11T19:15:28.456+0000][1][safepoint    ] Safepoint "RevokeBias", Time since last: 154042573 ns, Reaching safepoint: 341913 ns, At safepoint: 24767 ns, Total: 366680 ns
[2020-09-11T19:15:29.457+0000][1][safepoint    ] Safepoint "Cleanup", Time since last: 1000205527 ns, Reaching safepoint: 121605 ns, At safepoint: 7674 ns, Total: 129279 ns
[2020-09-11T19:15:30.226+0000][1][safepoint    ] Safepoint "RevokeBias", Time since last: 769486443 ns, Reaching safepoint: 322445 ns, At safepoint: 50495 ns, Total: 372940 ns
[2020-09-11T19:15:31.227+0000][1][safepoint    ] Safepoint "Cleanup", Time since last: 1000197693 ns, Reaching safepoint: 173437 ns, At safepoint: 18385 ns, Total: 191822 ns
[2020-09-11T19:15:32.227+0000][1][safepoint    ] Safepoint "Cleanup", Time since last: 1000368532 ns, Reaching safepoint: 173414 ns, At safepoint: 17523 ns, Total: 190937 ns
[2020-09-11T19:15:33.228+0000][1][safepoint    ] Safepoint "Cleanup", Time since last: 1000191739 ns, Reaching safepoint: 164349 ns, At safepoint: 17136 ns, Total: 181485 ns
[2020-09-11T19:15:34.228+0000][1][safepoint    ] Safepoint "Cleanup", Time since last: 1000186165 ns, Reaching safepoint: 179868 ns, At safepoint: 16936 ns, Total: 196804 ns
[2020-09-11T19:15:35.229+0000][1][safepoint    ] Safepoint "Cleanup", Time since last: 1000220559 ns, Reaching safepoint: 240250 ns, At safepoint: 19885 ns, Total: 260135 ns
[2020-09-11T19:15:36.229+0000][1][safepoint    ] Safepoint "Cleanup", Time since last: 1000182810 ns, Reaching safepoint: 182935 ns, At safepoint: 36728 ns, Total: 219663 ns
[2020-09-11T19:15:36.921+0000][1][safepoint    ] Safepoint "RevokeBias", Time since last: 691596833 ns, Reaching safepoint: 98630 ns, At safepoint: 21323 ns, Total: 119953 ns
[2020-09-11T19:15:37.921+0000][1][safepoint    ] Safepoint "Cleanup", Time since last: 1000132100 ns, Reaching safepoint: 135086 ns, At safepoint: 7517 ns, Total: 142603 ns
[2020-09-11T19:15:38.454+0000][1][safepoint    ] Safepoint "RevokeBias", Time since last: 532598050 ns, Reaching safepoint: 271645 ns, At safepoint: 22809 ns, Total: 294454 ns
[2020-09-11T19:15:38.490+0000][1][gc,start     ] GC(331) Pause Young (Allocation Failure)
[2020-09-11T19:15:38.490+0000][1][gc,task      ] GC(331) Using 1 workers of 1 for evacuation
[2020-09-11T19:15:38.496+0000][1][gc,age       ] GC(331) Desired survivor size 4358144 bytes, new threshold 6 (max threshold 6)
[2020-09-11T19:15:38.496+0000][1][gc,age       ] GC(331) Age table with threshold 6 (max threshold 6)
[2020-09-11T19:15:38.496+0000][1][gc,age       ] GC(331) - age   1:     734344 bytes,     734344 total
[2020-09-11T19:15:38.496+0000][1][gc,age       ] GC(331) - age   2:      24768 bytes,     759112 total
[2020-09-11T19:15:38.496+0000][1][gc,age       ] GC(331) - age   3:      34440 bytes,     793552 total
[2020-09-11T19:15:38.496+0000][1][gc,age       ] GC(331) - age   4:      52128 bytes,     845680 total
[2020-09-11T19:15:38.497+0000][1][gc,age       ] GC(331) - age   5:       2160 bytes,     847840 total
[2020-09-11T19:15:38.497+0000][1][gc,age       ] GC(331) - age   6:      50504 bytes,     898344 total
[2020-09-11T19:15:38.497+0000][1][gc,heap      ] GC(331) ParNew: 69644K->878K(76672K)
[2020-09-11T19:15:38.497+0000][1][gc,heap      ] GC(331) CMS: 107258K->107274K(439104K)
[2020-09-11T19:15:38.497+0000][1][gc,metaspace ] GC(331) Metaspace: 102685K->102685K(1144832K)
[2020-09-11T19:15:38.497+0000][1][gc           ] GC(331) Pause Young (Allocation Failure) 172M->105M(503M) 6.272ms
[2020-09-11T19:15:38.497+0000][1][gc,cpu       ] GC(331) User=0.01s Sys=0.00s Real=0.01s
[2020-09-11T19:15:38.497+0000][1][safepoint    ] Safepoint "GenCollectForAllocation", Time since last: 36106057 ns, Reaching safepoint: 245854 ns, At safepoint: 6347901 ns, Total: 6593755 ns
[2020-09-11T19:15:38.928+0000][1][safepoint    ] Safepoint "RevokeBias", Time since last: 431005947 ns, Reaching safepoint: 98828 ns, At safepoint: 33137 ns, Total: 131965 ns
[2020-09-11T19:15:40.216+0000][1][safepoint    ] Safepoint "Cleanup", Time since last: 1288351907 ns, Reaching safepoint: 201665 ns, At safepoint: 19027 ns, Total: 220692 ns
[2020-09-11T19:15:41.217+0000][1][safepoint    ] Safepoint "Cleanup", Time since last: 1000168946 ns, Reaching safepoint: 183767 ns, At safepoint: 17660 ns, Total: 201427 ns
[2020-09-11T19:15:42.217+0000][1][safepoint    ] Safepoint "Cleanup", Time since last: 1000179942 ns, Reaching safepoint: 138312 ns, At safepoint: 6697 ns, Total: 145009 ns
[2020-09-11T19:15:43.217+0000][1][safepoint    ] Safepoint "Cleanup", Time since last: 1000152330 ns, Reaching safepoint: 141378 ns, At safepoint: 6827 ns, Total: 148205 ns
[2020-09-11T19:15:44.218+0000][1][safepoint    ] Safepoint "Cleanup", Time since last: 1000139730 ns, Reaching safepoint: 177001 ns, At safepoint: 16485 ns, Total: 193486 ns
[2020-09-11T19:15:45.218+0000][1][safepoint    ] Safepoint "Cleanup", Time since last: 1000223299 ns, Reaching safepoint: 249996 ns, At safepoint: 20370 ns, Total: 270366 ns
[2020-09-11T19:15:45.411+0000][1][safepoint    ] Safepoint "RevokeBias", Time since last: 192082612 ns, Reaching safepoint: 224326 ns, At safepoint: 24291 ns, Total: 248617 ns
[2020-09-11T22:13:00.981+0000][1][safepoint    ] Safepoint "Cleanup", Time since last: 2353376436 ns, Reaching safepoint: 153879 ns, At safepoint: 8339 ns, Total: 162218 ns
[2020-09-11T19:15:48.315+0000][1][safepoint    ] Safepoint "RevokeBias", Time since last: 548642084 ns, Reaching safepoint: 175672 ns, At safepoint: 22292 ns, Total: 197964 ns
[2020-09-11T19:15:48.479+0000][1][safepoint    ] Safepoint "RevokeBias", Time since last: 164442959 ns, Reaching safepoint: 245329 ns, At safepoint: 22320 ns, Total: 267649 ns
[2020-09-11T19:15:49.480+0000][1][safepoint    ] Safepoint "Cleanup", Time since last: 1000191222 ns, Reaching safepoint: 118748 ns, At safepoint: 8209 ns, Total: 126957 ns
[2020-09-11T19:15:50.480+0000][1][safepoint    ] Safepoint "Cleanup", Time since last: 1000195617 ns, Reaching safepoint: 175488 ns, At safepoint: 18182 ns, Total: 193670 ns
[2020-09-11T19:15:51.480+0000][1][safepoint    ] Safepoint "Cleanup", Time since last: 1000174843 ns, Reaching safepoint: 179498 ns, At safepoint: 17891 ns, Total: 197389 ns
[2020-09-11T19:15:52.481+0000][1][safepoint    ] Safepoint "Cleanup", Time since last: 1000229841 ns, Reaching safepoint: 176581 ns, At safepoint: 18773 ns, Total: 195354 ns
[2020-09-11T19:15:53.481+0000][1][safepoint    ] Safepoint "Cleanup", Time since last: 1000216132 ns, Reaching safepoint: 153615 ns, At safepoint: 21362 ns, Total: 174977 ns
[2020-09-11T19:15:54.482+0000][1][safepoint    ] Safepoint "Cleanup", Time since last: 1000278952 ns, Reaching safepoint: 119041 ns, At safepoint: 7974 ns, Total: 127015 ns
[2020-09-11T19:15:55.174+0000][1][safepoint    ] Safepoint "RevokeBias", Time since last: 691811923 ns, Reaching safepoint: 191538 ns, At safepoint: 87100 ns, Total: 278638 ns
[2020-09-11T19:15:56.174+0000][1][safepoint    ] Safepoint "Cleanup", Time since last: 1000216786 ns, Reaching safepoint: 179190 ns, At safepoint: 18957 ns, Total: 198147 ns
[2020-09-11T19:15:57.174+0000][1][safepoint    ] Safepoint "Cleanup", Time since last: 1000226337 ns, Reaching safepoint: 180169 ns, At safepoint: 19745 ns, Total: 199914 ns
[2020-09-11T19:15:58.175+0000][1][safepoint    ] Safepoint "Cleanup", Time since last: 1000237234 ns, Reaching safepoint: 150344 ns, At safepoint: 7525 ns, Total: 157869 ns
[2020-09-11T19:15:58.347+0000][1][safepoint    ] Safepoint "RevokeBias", Time since last: 171925131 ns, Reaching safepoint: 170517 ns, At safepoint: 36547 ns, Total: 207064 ns
[2020-09-11T19:15:58.456+0000][1][safepoint    ] Safepoint "RevokeBias", Time since last: 109166209 ns, Reaching safepoint: 224499 ns, At safepoint: 22029 ns, Total: 246528 ns
[2020-09-11T19:15:58.488+0000][1][gc,start     ] GC(332) Pause Young (Allocation Failure)
[2020-09-11T19:15:58.488+0000][1][gc,task      ] GC(332) Using 1 workers of 1 for evacuation
[2020-09-11T19:15:58.494+0000][1][gc,age       ] GC(332) Desired survivor size 4358144 bytes, new threshold 6 (max threshold 6)
[2020-09-11T19:15:58.494+0000][1][gc,age       ] GC(332) Age table with threshold 6 (max threshold 6)
[2020-09-11T19:15:58.494+0000][1][gc,age       ] GC(332) - age   1:     644600 bytes,     644600 total
[2020-09-11T19:15:58.494+0000][1][gc,age       ] GC(332) - age   2:      75568 bytes,     720168 total
[2020-09-11T19:15:58.494+0000][1][gc,age       ] GC(332) - age   3:      12944 bytes,     733112 total
[2020-09-11T19:15:58.494+0000][1][gc,age       ] GC(332) - age   4:      34272 bytes,     767384 total
[2020-09-11T19:15:58.494+0000][1][gc,age       ] GC(332) - age   5:      52128 bytes,     819512 total
[2020-09-11T19:15:58.494+0000][1][gc,age       ] GC(332) - age   6:        920 bytes,     820432 total
[2020-09-11T19:15:58.494+0000][1][gc,heap      ] GC(332) ParNew: 69036K->877K(76672K)
[2020-09-11T19:15:58.494+0000][1][gc,heap      ] GC(332) CMS: 107274K->107325K(439104K)
[2020-09-11T19:15:58.494+0000][1][gc,metaspace ] GC(332) Metaspace: 102687K->102687K(1144832K)
[2020-09-11T19:15:58.494+0000][1][gc           ] GC(332) Pause Young (Allocation Failure) 172M->105M(503M) 5.840ms
[2020-09-11T19:15:58.494+0000][1][gc,cpu       ] GC(332) User=0.00s Sys=0.00s Real=0.00s
[2020-09-11T19:15:58.494+0000][1][safepoint    ] Safepoint "GenCollectForAllocation", Time since last: 31718332 ns, Reaching safepoint: 211655 ns, At safepoint: 5908572 ns, Total: 6120227 ns
[2020-09-11T19:15:59.498+0000][1][safepoint    ] Safepoint "Cleanup", Time since last: 1003565351 ns, Reaching safepoint: 126786 ns, At safepoint: 8273 ns, Total: 135059 ns
[2020-09-11T19:16:00.498+0000][1][safepoint    ] Safepoint "Cleanup", Time since last: 1000180066 ns, Reaching safepoint: 120700 ns, At safepoint: 7167 ns, Total: 127867 ns
[2020-09-11T19:16:01.499+0000][1][safepoint    ] Safepoint "Cleanup", Time since last: 1000178776 ns, Reaching safepoint: 120658 ns, At safepoint: 7453 ns, Total: 128111 ns
[2020-09-11T19:16:02.499+0000][1][safepoint    ] Safepoint "Cleanup", Time since last: 1000178535 ns, Reaching safepoint: 123449 ns, At safepoint: 7184 ns, Total: 130633 ns
[2020-09-11T19:16:03.499+0000][1][safepoint    ] Safepoint "Cleanup", Time since last: 1000195217 ns, Reaching safepoint: 175144 ns, At safepoint: 19328 ns, Total: 194472 ns
[2020-09-11T19:16:04.500+0000][1][safepoint    ] Safepoint "Cleanup", Time since last: 1000221648 ns, Reaching safepoint: 123160 ns, At safepoint: 6455 ns, Total: 129615 ns
[2020-09-11T19:16:05.168+0000][1][safepoint    ] Safepoint "RevokeBias", Time since last: 668405397 ns, Reaching safepoint: 220369 ns, At safepoint: 22207 ns, Total: 242576 ns
[2020-09-11T19:16:06.169+0000][1][safepoint    ] Safepoint "Cleanup", Time since last: 1000176009 ns, Reaching safepoint: 185101 ns, At safepoint: 20397 ns, Total: 205498 ns
[2020-09-11T19:16:07.169+0000][1][safepoint    ] Safepoint "Cleanup", Time since last: 1000245085 ns, Reaching safepoint: 183801 ns, At safepoint: 20016 ns, Total: 203817 ns
[2020-09-11T19:16:08.170+0000][1][safepoint    ] Safepoint "Cleanup", Time since last: 1000207004 ns, Reaching safepoint: 195267 ns, At safepoint: 21670 ns, Total: 216937 ns
[2020-09-11T19:16:08.353+0000][1][safepoint    ] Safepoint "RevokeBias", Time since last: 183596418 ns, Reaching safepoint: 94428 ns, At safepoint: 26322 ns, Total: 120750 ns
[2020-09-11T19:16:08.454+0000][1][safepoint    ] Safepoint "RevokeBias", Time since last: 100304818 ns, Reaching safepoint: 154927 ns, At safepoint: 21096 ns, Total: 176023 ns
[2020-09-11T19:16:09.454+0000][1][safepoint    ] Safepoint "Cleanup", Time since last: 1000139921 ns, Reaching safepoint: 178843 ns, At safepoint: 19023 ns, Total: 197866 ns
[2020-09-11T19:16:10.455+0000][1][safepoint    ] Safepoint "Cleanup", Time since last: 1000229323 ns, Reaching safepoint: 205600 ns, At safepoint: 17918 ns, Total: 223518 ns
[2020-09-11T19:16:11.455+0000][1][safepoint    ] Safepoint "Cleanup", Time since last: 1000209107 ns, Reaching safepoint: 173784 ns, At safepoint: 18001 ns, Total: 191785 ns
[2020-09-11T19:16:12.455+0000][1][safepoint    ] Safepoint "Cleanup", Time since last: 1000199734 ns, Reaching safepoint: 137040 ns, At safepoint: 7350 ns, Total: 144390 ns
[2020-09-11T19:16:13.456+0000][1][safepoint    ] Safepoint "Cleanup", Time since last: 1000193588 ns, Reaching safepoint: 135461 ns, At safepoint: 7728 ns, Total: 143189 ns
[2020-09-11T19:16:14.456+0000][1][safepoint    ] Safepoint "Cleanup", Time since last: 1000166557 ns, Reaching safepoint: 179434 ns, At safepoint: 19812 ns, Total: 199246 ns
[2020-09-11T19:16:15.150+0000][1][safepoint    ] Safepoint "RevokeBias", Time since last: 694030794 ns, Reaching safepoint: 99886 ns, At safepoint: 22399 ns, Total: 122285 ns
[2020-09-11T19:16:16.150+0000][1][safepoint    ] Safepoint "Cleanup", Time since last: 1000244096 ns, Reaching safepoint: 100593 ns, At safepoint: 8072 ns, Total: 108665 ns
[2020-09-11T19:16:17.151+0000][1][safepoint    ] Safepoint "Cleanup", Time since last: 1000183390 ns, Reaching safepoint: 183049 ns, At safepoint: 20587 ns, Total: 203636 ns
[2020-09-11T19:16:18.151+0000][1][safepoint    ] Safepoint "Cleanup", Time since last: 1000184594 ns, Reaching safepoint: 183807 ns, At safepoint: 20467 ns, Total: 204274 ns
[2020-09-11T19:16:18.379+0000][1][safepoint    ] Safepoint "RevokeBias", Time since last: 227346714 ns, Reaching safepoint: 102603 ns, At safepoint: 26070 ns, Total: 128673 ns
[2020-09-11T19:16:18.480+0000][1][safepoint    ] Safepoint "RevokeBias", Time since last: 101619062 ns, Reaching safepoint: 100254 ns, At safepoint: 20169 ns, Total: 120423 ns
[2020-09-11T19:16:18.509+0000][1][gc,start     ] GC(333) Pause Young (Allocation Failure)
[2020-09-11T19:16:18.509+0000][1][gc,task      ] GC(333) Using 1 workers of 1 for evacuation
[2020-09-11T19:16:18.514+0000][1][gc,age       ] GC(333) Desired survivor size 4358144 bytes, new threshold 6 (max threshold 6)
[2020-09-11T19:16:18.514+0000][1][gc,age       ] GC(333) Age table with threshold 6 (max threshold 6)
[2020-09-11T19:16:18.514+0000][1][gc,age       ] GC(333) - age   1:     617552 bytes,     617552 total
[2020-09-11T19:16:18.514+0000][1][gc,age       ] GC(333) - age   2:      32760 bytes,     650312 total
[2020-09-11T19:16:18.514+0000][1][gc,age       ] GC(333) - age   3:      28856 bytes,     679168 total
[2020-09-11T19:16:18.514+0000][1][gc,age       ] GC(333) - age   4:        296 bytes,     679464 total
[2020-09-11T19:16:18.514+0000][1][gc,age       ] GC(333) - age   5:      34272 bytes,     713736 total
[2020-09-11T19:16:18.514+0000][1][gc,age       ] GC(333) - age   6:      52128 bytes,     765864 total
[2020-09-11T19:16:18.514+0000][1][gc,heap      ] GC(333) ParNew: 69037K->820K(76672K)
[2020-09-11T19:16:18.514+0000][1][gc,heap      ] GC(333) CMS: 107325K->107325K(439104K)
[2020-09-11T19:16:18.514+0000][1][gc,metaspace ] GC(333) Metaspace: 102692K->102692K(1144832K)
[2020-09-11T19:16:18.514+0000][1][gc           ] GC(333) Pause Young (Allocation Failure) 172M->105M(503M) 5.335ms
[2020-09-11T19:16:18.514+0000][1][gc,cpu       ] GC(333) User=0.00s Sys=0.00s Real=0.00s
[2020-09-11T19:16:18.514+0000][1][safepoint    ] Safepoint "GenCollectForAllocation", Time since last: 27997727 ns, Reaching safepoint: 169257 ns, At safepoint: 5400126 ns, Total: 5569383 ns
[2020-09-11T19:16:19.518+0000][1][safepoint    ] Safepoint "Cleanup", Time since last: 1003725917 ns, Reaching safepoint: 102800 ns, At safepoint: 7108 ns, Total: 109908 ns
[2020-09-11T19:16:20.518+0000][1][safepoint    ] Safepoint "Cleanup", Time since last: 1000148788 ns, Reaching safepoint: 132604 ns, At safepoint: 7416 ns, Total: 140020 ns
[2020-09-11T19:16:21.519+0000][1][safepoint    ] Safepoint "Cleanup", Time since last: 1000216577 ns, Reaching safepoint: 123417 ns, At safepoint: 7411 ns, Total: 130828 ns
[2020-09-11T19:16:22.519+0000][1][safepoint    ] Safepoint "Cleanup", Time since last: 1000150421 ns, Reaching safepoint: 135493 ns, At safepoint: 6716 ns, Total: 142209 ns
[2020-09-11T19:16:23.519+0000][1][safepoint    ] Safepoint "Cleanup", Time since last: 1000168357 ns, Reaching safepoint: 176550 ns, At safepoint: 19106 ns, Total: 195656 ns
[2020-09-11T19:16:24.520+0000][1][safepoint    ] Safepoint "Cleanup", Time since last: 1000211423 ns, Reaching safepoint: 191457 ns, At safepoint: 20614 ns, Total: 212071 ns
[2020-09-11T19:16:25.151+0000][1][safepoint    ] Safepoint "RevokeBias", Time since last: 631121602 ns, Reaching safepoint: 218758 ns, At safepoint: 22207 ns, Total: 240965 ns
[2020-09-11T19:16:26.151+0000][1][safepoint    ] Safepoint "Cleanup", Time since last: 1000128823 ns, Reaching safepoint: 168268 ns, At safepoint: 18508 ns, Total: 186776 ns
[2020-09-11T19:16:27.152+0000][1][safepoint    ] Safepoint "Cleanup", Time since last: 1000167749 ns, Reaching safepoint: 135751 ns, At safepoint: 6558 ns, Total: 142309 ns
[2020-09-11T19:16:28.152+0000][1][safepoint    ] Safepoint "Cleanup", Time since last: 1000158016 ns, Reaching safepoint: 135711 ns, At safepoint: 8202 ns, Total: 143913 ns
[2020-09-11T19:16:28.390+0000][1][safepoint    ] Safepoint "RevokeBias", Time since last: 238166717 ns, Reaching safepoint: 99036 ns, At safepoint: 43411 ns, Total: 142447 ns
[2020-09-11T19:16:28.461+0000][1][safepoint    ] Safepoint "RevokeBias", Time since last: 70811932 ns, Reaching safepoint: 206529 ns, At safepoint: 27973 ns, Total: 234502 ns
[2020-09-11T19:16:29.462+0000][1][safepoint    ] Safepoint "Cleanup", Time since last: 1000143689 ns, Reaching safepoint: 198183 ns, At safepoint: 42150 ns, Total: 240333 ns
[2020-09-11T19:16:30.462+0000][1][safepoint    ] Safepoint "Cleanup", Time since last: 1000188247 ns, Reaching safepoint: 171963 ns, At safepoint: 18918 ns, Total: 190881 ns
[2020-09-11T19:16:31.462+0000][1][safepoint    ] Safepoint "Cleanup", Time since last: 1000191916 ns, Reaching safepoint: 173098 ns, At safepoint: 18727 ns, Total: 191825 ns
[2020-09-11T19:16:32.463+0000][1][safepoint    ] Safepoint "Cleanup", Time since last: 1000209498 ns, Reaching safepoint: 115556 ns, At safepoint: 7269 ns, Total: 122825 ns
[2020-09-11T19:16:33.463+0000][1][safepoint    ] Safepoint "Cleanup", Time since last: 1000169815 ns, Reaching safepoint: 160322 ns, At safepoint: 17886 ns, Total: 178208 ns
[2020-09-11T19:16:34.463+0000][1][safepoint    ] Safepoint "Cleanup", Time since last: 1000207510 ns, Reaching safepoint: 118658 ns, At safepoint: 6935 ns, Total: 125593 ns
[2020-09-11T19:16:35.159+0000][1][safepoint    ] Safepoint "RevokeBias", Time since last: 695083960 ns, Reaching safepoint: 185584 ns, At safepoint: 76524 ns, Total: 262108 ns
[2020-09-11T19:16:36.159+0000][1][safepoint    ] Safepoint "Cleanup", Time since last: 1000170563 ns, Reaching safepoint: 184220 ns, At safepoint: 18978 ns, Total: 203198 ns
[2020-09-11T19:16:37.159+0000][1][safepoint    ] Safepoint "Cleanup", Time since last: 1000215216 ns, Reaching safepoint: 136784 ns, At safepoint: 8135 ns, Total: 144919 ns
[2020-09-11T19:16:38.160+0000][1][safepoint    ] Safepoint "Cleanup", Time since last: 1000174911 ns, Reaching safepoint: 184188 ns, At safepoint: 19763 ns, Total: 203951 ns
[2020-09-11T19:16:38.385+0000][1][safepoint    ] Safepoint "RevokeBias", Time since last: 225430854 ns, Reaching safepoint: 94481 ns, At safepoint: 20702 ns, Total: 115183 ns
[2020-09-11T19:16:38.462+0000][1][safepoint    ] Safepoint "RevokeBias", Time since last: 76479852 ns, Reaching safepoint: 268158 ns, At safepoint: 23806 ns, Total: 291964 ns
[2020-09-11T19:16:38.490+0000][1][gc,start     ] GC(334) Pause Young (Allocation Failure)
[2020-09-11T19:16:38.490+0000][1][gc,task      ] GC(334) Using 1 workers of 1 for evacuation
[2020-09-11T19:16:38.496+0000][1][gc,age       ] GC(334) Desired survivor size 4358144 bytes, new threshold 6 (max threshold 6)
[2020-09-11T19:16:38.496+0000][1][gc,age       ] GC(334) Age table with threshold 6 (max threshold 6)
[2020-09-11T19:16:38.496+0000][1][gc,age       ] GC(334) - age   1:     678440 bytes,     678440 total
[2020-09-11T19:16:38.496+0000][1][gc,age       ] GC(334) - age   2:      66536 bytes,     744976 total
[2020-09-11T19:16:38.496+0000][1][gc,age       ] GC(334) - age   3:       4760 bytes,     749736 total
[2020-09-11T19:16:38.496+0000][1][gc,age       ] GC(334) - age   4:       6784 bytes,     756520 total
[2020-09-11T19:16:38.496+0000][1][gc,age       ] GC(334) - age   5:        296 bytes,     756816 total
[2020-09-11T19:16:38.496+0000][1][gc,age       ] GC(334) - age   6:      33032 bytes,     789848 total
[2020-09-11T19:16:38.496+0000][1][gc,heap      ] GC(334) ParNew: 68980K->1532K(76672K)
[2020-09-11T19:16:38.496+0000][1][gc,heap      ] GC(334) CMS: 107325K->107377K(439104K)
[2020-09-11T19:16:38.496+0000][1][gc,metaspace ] GC(334) Metaspace: 102692K->102692K(1144832K)
[2020-09-11T19:16:38.496+0000][1][gc           ] GC(334) Pause Young (Allocation Failure) 172M->106M(503M) 5.884ms
[2020-09-11T19:16:38.496+0000][1][gc,cpu       ] GC(334) User=0.00s Sys=0.00s Real=0.00s
[2020-09-11T19:16:38.496+0000][1][safepoint    ] Safepoint "GenCollectForAllocation", Time since last: 27523391 ns, Reaching safepoint: 209829 ns, At safepoint: 5949611 ns, Total: 6159440 ns
[2020-09-11T19:16:39.506+0000][1][safepoint    ] Safepoint "Cleanup", Time since last: 1009963294 ns, Reaching safepoint: 170974 ns, At safepoint: 50718 ns, Total: 221692 ns
[2020-09-11T19:16:40.506+0000][1][safepoint    ] Safepoint "Cleanup", Time since last: 1000206160 ns, Reaching safepoint: 174722 ns, At safepoint: 48714 ns, Total: 223436 ns
[2020-09-11T19:16:41.507+0000][1][safepoint    ] Safepoint "Cleanup", Time since last: 1000214145 ns, Reaching safepoint: 186836 ns, At safepoint: 52856 ns, Total: 239692 ns
[2020-09-11T19:16:42.507+0000][1][safepoint    ] Safepoint "Cleanup", Time since last: 1000180362 ns, Reaching safepoint: 170317 ns, At safepoint: 45726 ns, Total: 216043 ns
[2020-09-11T19:16:43.508+0000][1][safepoint    ] Safepoint "Cleanup", Time since last: 1000196431 ns, Reaching safepoint: 108586 ns, At safepoint: 7192 ns, Total: 115778 ns
[2020-09-11T19:16:44.508+0000][1][safepoint    ] Safepoint "Cleanup", Time since last: 1000127300 ns, Reaching safepoint: 129559 ns, At safepoint: 6132 ns, Total: 135691 ns
[2020-09-11T19:16:45.192+0000][1][safepoint    ] Safepoint "RevokeBias", Time since last: 683672170 ns, Reaching safepoint: 314063 ns, At safepoint: 47290 ns, Total: 361353 ns
[2020-09-11T19:16:46.192+0000][1][safepoint    ] Safepoint "Cleanup", Time since last: 1000214176 ns, Reaching safepoint: 195193 ns, At safepoint: 19743 ns, Total: 214936 ns
[2020-09-11T19:16:47.193+0000][1][safepoint    ] Safepoint "Cleanup", Time since last: 1000248292 ns, Reaching safepoint: 187024 ns, At safepoint: 21326 ns, Total: 208350 ns
[2020-09-11T19:16:48.193+0000][1][safepoint    ] Safepoint "Cleanup", Time since last: 1000240358 ns, Reaching safepoint: 131344 ns, At safepoint: 8218 ns, Total: 139562 ns
[2020-09-11T19:16:48.395+0000][1][safepoint    ] Safepoint "RevokeBias", Time since last: 201389883 ns, Reaching safepoint: 100234 ns, At safepoint: 38347 ns, Total: 138581 ns
[2020-09-11T19:16:48.454+0000][1][safepoint    ] Safepoint "RevokeBias", Time since last: 59393500 ns, Reaching safepoint: 229796 ns, At safepoint: 23424 ns, Total: 253220 ns
[2020-09-11T19:16:49.455+0000][1][safepoint    ] Safepoint "Cleanup", Time since last: 1000188759 ns, Reaching safepoint: 120365 ns, At safepoint: 7497 ns, Total: 127862 ns
[2020-09-11T19:16:50.455+0000][1][safepoint    ] Safepoint "Cleanup", Time since last: 1000213878 ns, Reaching safepoint: 110041 ns, At safepoint: 7120 ns, Total: 117161 ns
[2020-09-11T19:16:51.455+0000][1][safepoint    ] Safepoint "Cleanup", Time since last: 1000178517 ns, Reaching safepoint: 123635 ns, At safepoint: 7295 ns, Total: 130930 ns
[2020-09-11T19:16:52.456+0000][1][safepoint    ] Safepoint "Cleanup", Time since last: 1000184494 ns, Reaching safepoint: 172108 ns, At safepoint: 17962 ns, Total: 190070 ns
[2020-09-11T19:16:53.456+0000][1][safepoint    ] Safepoint "Cleanup", Time since last: 1000214388 ns, Reaching safepoint: 118190 ns, At safepoint: 7873 ns, Total: 126063 ns
[2020-09-11T19:16:54.456+0000][1][safepoint    ] Safepoint "Cleanup", Time since last: 1000168266 ns, Reaching safepoint: 128728 ns, At safepoint: 8167 ns, Total: 136895 ns
[2020-09-11T19:16:55.149+0000][1][safepoint    ] Safepoint "RevokeBias", Time since last: 692894075 ns, Reaching safepoint: 103623 ns, At safepoint: 21353 ns, Total: 124976 ns
[2020-09-11T19:16:56.150+0000][1][safepoint    ] Safepoint "Cleanup", Time since last: 1000246242 ns, Reaching safepoint: 105518 ns, At safepoint: 7516 ns, Total: 113034 ns
[2020-09-11T19:16:57.150+0000][1][safepoint    ] Safepoint "Cleanup", Time since last: 1000136189 ns, Reaching safepoint: 141774 ns, At safepoint: 6548 ns, Total: 148322 ns
[2020-09-11T19:16:58.150+0000][1][safepoint    ] Safepoint "Cleanup", Time since last: 1000140565 ns, Reaching safepoint: 178648 ns, At safepoint: 19492 ns, Total: 198140 ns
[2020-09-11T19:16:58.323+0000][1][safepoint    ] Safepoint "RevokeBias", Time since last: 172537176 ns, Reaching safepoint: 99200 ns, At safepoint: 20623 ns, Total: 119823 ns
[2020-09-11T19:16:58.340+0000][1][safepoint    ] Safepoint "RevokeBias", Time since last: 17079395 ns, Reaching safepoint: 184432 ns, At safepoint: 21579 ns, Total: 206011 ns
[2020-09-11T19:16:58.371+0000][1][safepoint    ] Safepoint "RevokeBias", Time since last: 31075470 ns, Reaching safepoint: 100711 ns, At safepoint: 20195 ns, Total: 120906 ns
[2020-09-11T19:16:58.408+0000][1][safepoint    ] Safepoint "RevokeBias", Time since last: 35936880 ns, Reaching safepoint: 98508 ns, At safepoint: 20646 ns, Total: 119154 ns
[2020-09-11T19:16:58.466+0000][1][safepoint    ] Safepoint "BulkRevokeBias", Time since last: 54125191 ns, Reaching safepoint: 4080555 ns, At safepoint: 294258 ns, Total: 4374813 ns
[2020-09-11T19:16:58.542+0000][1][safepoint    ] Safepoint "RevokeBias", Time since last: 75022159 ns, Reaching safepoint: 1183991 ns, At safepoint: 22786 ns, Total: 1206777 ns
[2020-09-11T19:16:58.572+0000][1][gc,start     ] GC(335) Pause Young (Allocation Failure)
[2020-09-11T19:16:58.572+0000][1][gc,task      ] GC(335) Using 1 workers of 1 for evacuation
[2020-09-11T19:16:58.594+0000][1][gc,age       ] GC(335) Desired survivor size 4358144 bytes, new threshold 6 (max threshold 6)
[2020-09-11T19:16:58.594+0000][1][gc,age       ] GC(335) Age table with threshold 6 (max threshold 6)
[2020-09-11T19:16:58.594+0000][1][gc,age       ] GC(335) - age   1:     747960 bytes,     747960 total
[2020-09-11T19:16:58.594+0000][1][gc,age       ] GC(335) - age   2:      41472 bytes,     789432 total
[2020-09-11T19:16:58.594+0000][1][gc,age       ] GC(335) - age   3:      39032 bytes,     828464 total
[2020-09-11T19:16:58.594+0000][1][gc,age       ] GC(335) - age   4:       2616 bytes,     831080 total
[2020-09-11T19:16:58.594+0000][1][gc,age       ] GC(335) - age   5:       3376 bytes,     834456 total
[2020-09-11T19:16:58.594+0000][1][gc,age       ] GC(335) - age   6:        296 bytes,     834752 total
[2020-09-11T19:16:58.594+0000][1][gc,heap      ] GC(335) ParNew: 69692K->961K(76672K)
[2020-09-11T19:16:58.594+0000][1][gc,heap      ] GC(335) CMS: 107377K->107410K(439104K)
[2020-09-11T19:16:58.594+0000][1][gc,metaspace ] GC(335) Metaspace: 102692K->102692K(1144832K)
[2020-09-11T19:16:58.594+0000][1][gc           ] GC(335) Pause Young (Allocation Failure) 172M->105M(503M) 22.184ms
[2020-09-11T19:16:58.594+0000][1][gc,cpu       ] GC(335) User=0.00s Sys=0.00s Real=0.02s
[2020-09-11T19:16:58.607+0000][1][safepoint    ] Safepoint "GenCollectForAllocation", Time since last: 29493947 ns, Reaching safepoint: 186125 ns, At safepoint: 34863800 ns, Total: 35049925 ns
[2020-09-11T19:16:58.635+0000][1][safepoint    ] Safepoint "RevokeBias", Time since last: 18845053 ns, Reaching safepoint: 9129534 ns, At safepoint: 28949 ns, Total: 9158483 ns
[2020-09-11T19:16:59.635+0000][1][safepoint    ] Safepoint "Cleanup", Time since last: 1000200937 ns, Reaching safepoint: 250303 ns, At safepoint: 26234 ns, Total: 276537 ns
[2020-09-11T19:17:00.636+0000][1][safepoint    ] Safepoint "Cleanup", Time since last: 1000224701 ns, Reaching safepoint: 130008 ns, At safepoint: 7018 ns, Total: 137026 ns
[2020-09-11T19:17:01.636+0000][1][safepoint    ] Safepoint "Cleanup", Time since last: 1000200208 ns, Reaching safepoint: 126209 ns, At safepoint: 8183 ns, Total: 134392 ns
[2020-09-11T19:17:02.636+0000][1][safepoint    ] Safepoint "Cleanup", Time since last: 1000152096 ns, Reaching safepoint: 140123 ns, At safepoint: 7302 ns, Total: 147425 ns
[2020-09-11T19:17:03.637+0000][1][safepoint    ] Safepoint "Cleanup", Time since last: 1000182955 ns, Reaching safepoint: 190441 ns, At safepoint: 20039 ns, Total: 210480 ns
[2020-09-11T19:17:04.637+0000][1][safepoint    ] Safepoint "Cleanup", Time since last: 1000223774 ns, Reaching safepoint: 190849 ns, At safepoint: 22522 ns, Total: 213371 ns
[2020-09-11T19:17:05.152+0000][1][safepoint    ] Safepoint "RevokeBias", Time since last: 514857495 ns, Reaching safepoint: 228440 ns, At safepoint: 26775 ns, Total: 255215 ns
[2020-09-11T19:17:06.153+0000][1][safepoint    ] Safepoint "Cleanup", Time since last: 1000145207 ns, Reaching safepoint: 148274 ns, At safepoint: 8337 ns, Total: 156611 ns
[2020-09-11T19:17:07.153+0000][1][safepoint    ] Safepoint "Cleanup", Time since last: 1000149282 ns, Reaching safepoint: 140604 ns, At safepoint: 8397 ns, Total: 149001 ns
[2020-09-11T19:17:08.153+0000][1][safepoint    ] Safepoint "Cleanup", Time since last: 1000142150 ns, Reaching safepoint: 191820 ns, At safepoint: 20407 ns, Total: 212227 ns
[2020-09-11T19:17:08.494+0000][1][safepoint    ] Safepoint "RevokeBias", Time since last: 340574483 ns, Reaching safepoint: 177758 ns, At safepoint: 23719 ns, Total: 201477 ns
[2020-09-11T19:17:08.528+0000][1][safepoint    ] Safepoint "RevokeBias", Time since last: 33152848 ns, Reaching safepoint: 449399 ns, At safepoint: 23657 ns, Total: 473056 ns
[2020-09-11T19:17:08.553+0000][1][safepoint    ] Safepoint "RevokeBias", Time since last: 25215812 ns, Reaching safepoint: 177907 ns, At safepoint: 21704 ns, Total: 199611 ns
[2020-09-11T19:17:08.591+0000][1][safepoint    ] Safepoint "RevokeBias", Time since last: 38267909 ns, Reaching safepoint: 104213 ns, At safepoint: 20867 ns, Total: 125080 ns
[2020-09-11T19:17:08.595+0000][1][safepoint    ] Safepoint "RevokeBias", Time since last: 2972106 ns, Reaching safepoint: 184613 ns, At safepoint: 22068 ns, Total: 206681 ns
[2020-09-11T19:17:08.615+0000][1][safepoint    ] Safepoint "RevokeBias", Time since last: 20761832 ns, Reaching safepoint: 103736 ns, At safepoint: 20514 ns, Total: 124250 ns
[2020-09-11T19:17:08.729+0000][1][safepoint    ] Safepoint "RevokeBias", Time since last: 113190678 ns, Reaching safepoint: 96486 ns, At safepoint: 21467 ns, Total: 117953 ns
[2020-09-11T19:17:09.729+0000][1][safepoint    ] Safepoint "Cleanup", Time since last: 1000186253 ns, Reaching safepoint: 185519 ns, At safepoint: 19849 ns, Total: 205368 ns
[2020-09-11T19:17:10.730+0000][1][safepoint    ] Safepoint "Cleanup", Time since last: 1000261713 ns, Reaching safepoint: 206314 ns, At safepoint: 18984 ns, Total: 225298 ns
[2020-09-11T19:17:11.730+0000][1][safepoint    ] Safepoint "Cleanup", Time since last: 1000187597 ns, Reaching safepoint: 188727 ns, At safepoint: 21041 ns, Total: 209768 ns
[2020-09-11T19:17:12.730+0000][1][safepoint    ] Safepoint "Cleanup", Time since last: 1000218550 ns, Reaching safepoint: 185512 ns, At safepoint: 18924 ns, Total: 204436 ns
[2020-09-11T19:17:13.731+0000][1][safepoint    ] Safepoint "Cleanup", Time since last: 1000214063 ns, Reaching safepoint: 129760 ns, At safepoint: 7991 ns, Total: 137751 ns
[2020-09-11T19:17:14.731+0000][1][safepoint    ] Safepoint "Cleanup", Time since last: 1000151015 ns, Reaching safepoint: 186274 ns, At safepoint: 18463 ns, Total: 204737 ns
[2020-09-11T19:17:15.146+0000][1][safepoint    ] Safepoint "RevokeBias", Time since last: 414998995 ns, Reaching safepoint: 104923 ns, At safepoint: 20852 ns, Total: 125775 ns
[2020-09-11T19:17:16.147+0000][1][safepoint    ] Safepoint "Cleanup", Time since last: 1000182809 ns, Reaching safepoint: 131902 ns, At safepoint: 7658 ns, Total: 139560 ns
[2020-09-11T19:17:17.147+0000][1][safepoint    ] Safepoint "Cleanup", Time since last: 1000210797 ns, Reaching safepoint: 188386 ns, At safepoint: 20072 ns, Total: 208458 ns
[2020-09-11T19:17:18.147+0000][1][safepoint    ] Safepoint "Cleanup", Time since last: 1000217950 ns, Reaching safepoint: 187547 ns, At safepoint: 20283 ns, Total: 207830 ns
[2020-09-11T19:17:18.464+0000][1][gc,start     ] GC(336) Pause Young (Allocation Failure)
[2020-09-11T19:17:18.464+0000][1][gc,task      ] GC(336) Using 1 workers of 1 for evacuation
[2020-09-11T19:17:18.468+0000][1][gc,age       ] GC(336) Desired survivor size 4358144 bytes, new threshold 6 (max threshold 6)
[2020-09-11T19:17:18.468+0000][1][gc,age       ] GC(336) Age table with threshold 6 (max threshold 6)
[2020-09-11T19:17:18.468+0000][1][gc,age       ] GC(336) - age   1:     335248 bytes,     335248 total
[2020-09-11T19:17:18.469+0000][1][gc,age       ] GC(336) - age   2:     362936 bytes,     698184 total
[2020-09-11T19:17:18.469+0000][1][gc,age       ] GC(336) - age   3:      40288 bytes,     738472 total
[2020-09-11T19:17:18.469+0000][1][gc,age       ] GC(336) - age   4:       1360 bytes,     739832 total
[2020-09-11T19:17:18.469+0000][1][gc,age       ] GC(336) - age   5:       1376 bytes,     741208 total
[2020-09-11T19:17:18.469+0000][1][gc,age       ] GC(336) - age   6:       3376 bytes,     744584 total
[2020-09-11T19:17:18.469+0000][1][gc,heap      ] GC(336) ParNew: 69116K->731K(76672K)
[2020-09-11T19:17:18.469+0000][1][gc,heap      ] GC(336) CMS: 107410K->107410K(439104K)
[2020-09-11T19:17:18.469+0000][1][gc,metaspace ] GC(336) Metaspace: 102692K->102692K(1144832K)
[2020-09-11T19:17:18.469+0000][1][gc           ] GC(336) Pause Young (Allocation Failure) 172M->105M(503M) 4.896ms
[2020-09-11T19:17:18.469+0000][1][gc,cpu       ] GC(336) User=0.01s Sys=0.00s Real=0.01s
[2020-09-11T19:17:18.469+0000][1][safepoint    ] Safepoint "GenCollectForAllocation", Time since last: 316015959 ns, Reaching safepoint: 197455 ns, At safepoint: 5291858 ns, Total: 5489313 ns
[2020-09-11T19:17:18.470+0000][1][safepoint    ] Safepoint "RevokeBias", Time since last: 794962 ns, Reaching safepoint: 91185 ns, At safepoint: 27071 ns, Total: 118256 ns
[2020-09-11T19:17:18.674+0000][1][safepoint    ] Safepoint "RevokeBias", Time since last: 203896191 ns, Reaching safepoint: 311608 ns, At safepoint: 24656 ns, Total: 336264 ns
[2020-09-11T19:17:18.710+0000][1][safepoint    ] Safepoint "RevokeBias", Time since last: 35942467 ns, Reaching safepoint: 100104 ns, At safepoint: 20535 ns, Total: 120639 ns
[2020-09-11T19:17:18.729+0000][1][safepoint    ] Safepoint "RevokeBias", Time since last: 19074303 ns, Reaching safepoint: 96854 ns, At safepoint: 20591 ns, Total: 117445 ns
[2020-09-11T19:17:18.750+0000][1][safepoint    ] Safepoint "RevokeBias", Time since last: 20543603 ns, Reaching safepoint: 98389 ns, At safepoint: 20906 ns, Total: 119295 ns
[2020-09-11T19:17:18.775+0000][1][safepoint    ] Safepoint "RevokeBias", Time since last: 25188051 ns, Reaching safepoint: 99261 ns, At safepoint: 21365 ns, Total: 120626 ns
[2020-09-11T19:17:18.897+0000][1][safepoint    ] Safepoint "RevokeBias", Time since last: 121076024 ns, Reaching safepoint: 100964 ns, At safepoint: 20506 ns, Total: 121470 ns
[2020-09-11T19:17:19.897+0000][1][safepoint    ] Safepoint "Cleanup", Time since last: 1000106945 ns, Reaching safepoint: 99086 ns, At safepoint: 7980 ns, Total: 107066 ns
[2020-09-11T19:17:20.897+0000][1][safepoint    ] Safepoint "Cleanup", Time since last: 1000178706 ns, Reaching safepoint: 186257 ns, At safepoint: 18870 ns, Total: 205127 ns
[2020-09-11T19:17:21.898+0000][1][safepoint    ] Safepoint "Cleanup", Time since last: 1000246283 ns, Reaching safepoint: 121221 ns, At safepoint: 7375 ns, Total: 128596 ns
[2020-09-11T19:17:22.898+0000][1][safepoint    ] Safepoint "Cleanup", Time since last: 1000197420 ns, Reaching safepoint: 181934 ns, At safepoint: 19598 ns, Total: 201532 ns
[2020-09-11T19:17:23.898+0000][1][safepoint    ] Safepoint "Cleanup", Time since last: 1000146145 ns, Reaching safepoint: 95267 ns, At safepoint: 6824 ns, Total: 102091 ns
[2020-09-11T19:17:24.899+0000][1][safepoint    ] Safepoint "Cleanup", Time since last: 1000133750 ns, Reaching safepoint: 179784 ns, At safepoint: 17620 ns, Total: 197404 ns
[2020-09-11T19:17:25.148+0000][1][safepoint    ] Safepoint "RevokeBias", Time since last: 249673549 ns, Reaching safepoint: 98644 ns, At safepoint: 20504 ns, Total: 119148 ns
[2020-09-11T19:17:26.149+0000][1][safepoint    ] Safepoint "Cleanup", Time since last: 1000166207 ns, Reaching safepoint: 186803 ns, At safepoint: 20469 ns, Total: 207272 ns
[2020-09-11T19:17:27.149+0000][1][safepoint    ] Safepoint "Cleanup", Time since last: 1000236627 ns, Reaching safepoint: 114939 ns, At safepoint: 8234 ns, Total: 123173 ns
[2020-09-11T19:17:28.149+0000][1][safepoint    ] Safepoint "Cleanup", Time since last: 1000140778 ns, Reaching safepoint: 193680 ns, At safepoint: 20061 ns, Total: 213741 ns
[2020-09-11T19:17:28.452+0000][1][safepoint    ] Safepoint "RevokeBias", Time since last: 302563453 ns, Reaching safepoint: 210533 ns, At safepoint: 24098 ns, Total: 234631 ns
[2020-09-11T19:17:28.808+0000][1][safepoint    ] Safepoint "RevokeBias", Time since last: 355772229 ns, Reaching safepoint: 221240 ns, At safepoint: 26157 ns, Total: 247397 ns
[2020-09-11T19:17:28.909+0000][1][safepoint    ] Safepoint "RevokeBias", Time since last: 100507897 ns, Reaching safepoint: 104561 ns, At safepoint: 25841 ns, Total: 130402 ns
[2020-09-11T19:17:28.928+0000][1][safepoint    ] Safepoint "RevokeBias", Time since last: 19062596 ns, Reaching safepoint: 179125 ns, At safepoint: 25876 ns, Total: 205001 ns
[2020-09-11T19:17:28.947+0000][1][safepoint    ] Safepoint "RevokeBias", Time since last: 18478325 ns, Reaching safepoint: 104694 ns, At safepoint: 25074 ns, Total: 129768 ns
[2020-09-11T19:17:28.982+0000][1][safepoint    ] Safepoint "RevokeBias", Time since last: 34682166 ns, Reaching safepoint: 181472 ns, At safepoint: 45531 ns, Total: 227003 ns
[2020-09-11T19:17:29.107+0000][1][safepoint    ] Safepoint "RevokeBias", Time since last: 125536553 ns, Reaching safepoint: 222581 ns, At safepoint: 22452 ns, Total: 245033 ns
[2020-09-11T19:17:30.108+0000][1][safepoint    ] Safepoint "Cleanup", Time since last: 1000198191 ns, Reaching safepoint: 140645 ns, At safepoint: 7995 ns, Total: 148640 ns
[2020-09-11T19:17:31.108+0000][1][safepoint    ] Safepoint "Cleanup", Time since last: 1000188900 ns, Reaching safepoint: 222190 ns, At safepoint: 19758 ns, Total: 241948 ns
[2020-09-11T19:17:32.109+0000][1][safepoint    ] Safepoint "Cleanup", Time since last: 1000208746 ns, Reaching safepoint: 132109 ns, At safepoint: 8020 ns, Total: 140129 ns
[2020-09-11T19:17:33.109+0000][1][safepoint    ] Safepoint "Cleanup", Time since last: 1000147734 ns, Reaching safepoint: 139929 ns, At safepoint: 8536 ns, Total: 148465 ns
[2020-09-11T19:17:34.109+0000][1][safepoint    ] Safepoint "Cleanup", Time since last: 1000219561 ns, Reaching safepoint: 180886 ns, At safepoint: 20128 ns, Total: 201014 ns
[2020-09-11T19:17:35.110+0000][1][safepoint    ] Safepoint "Cleanup", Time since last: 1000150929 ns, Reaching safepoint: 116710 ns, At safepoint: 7195 ns, Total: 123905 ns
[2020-09-11T19:17:35.262+0000][1][safepoint    ] Safepoint "RevokeBias", Time since last: 152596033 ns, Reaching safepoint: 192109 ns, At safepoint: 78438 ns, Total: 270547 ns
[2020-09-11T19:17:36.263+0000][1][safepoint    ] Safepoint "Cleanup", Time since last: 1000167213 ns, Reaching safepoint: 143233 ns, At safepoint: 8021 ns, Total: 151254 ns
[2020-09-11T19:17:37.263+0000][1][safepoint    ] Safepoint "Cleanup", Time since last: 1000180375 ns, Reaching safepoint: 183931 ns, At safepoint: 19604 ns, Total: 203535 ns
[2020-09-11T19:17:37.932+0000][1][gc,start     ] GC(337) Pause Young (Allocation Failure)
[2020-09-11T19:17:37.932+0000][1][gc,task      ] GC(337) Using 1 workers of 1 for evacuation
[2020-09-11T19:17:37.943+0000][1][gc,age       ] GC(337) Desired survivor size 4358144 bytes, new threshold 6 (max threshold 6)
[2020-09-11T19:17:37.943+0000][1][gc,age       ] GC(337) Age table with threshold 6 (max threshold 6)
[2020-09-11T19:17:37.943+0000][1][gc,age       ] GC(337) - age   1:     173536 bytes,     173536 total
[2020-09-11T19:17:37.943+0000][1][gc,age       ] GC(337) - age   2:      48272 bytes,     221808 total
[2020-09-11T19:17:37.943+0000][1][gc,age       ] GC(337) - age   3:     331480 bytes,     553288 total
[2020-09-11T19:17:37.943+0000][1][gc,age       ] GC(337) - age   4:      30456 bytes,     583744 total
[2020-09-11T19:17:37.943+0000][1][gc,age       ] GC(337) - age   5:        376 bytes,     584120 total
[2020-09-11T19:17:37.943+0000][1][gc,age       ] GC(337) - age   6:       1376 bytes,     585496 total
[2020-09-11T19:17:37.943+0000][1][gc,heap      ] GC(337) ParNew: 68891K->728K(76672K)
[2020-09-11T19:17:37.943+0000][1][gc,heap      ] GC(337) CMS: 107410K->107413K(439104K)
[2020-09-11T19:17:37.943+0000][1][gc,metaspace ] GC(337) Metaspace: 102692K->102692K(1144832K)
[2020-09-11T19:17:37.943+0000][1][gc           ] GC(337) Pause Young (Allocation Failure) 172M->105M(503M) 11.457ms
[2020-09-11T19:17:37.943+0000][1][gc,cpu       ] GC(337) User=0.01s Sys=0.00s Real=0.01s
[2020-09-11T19:17:37.944+0000][1][safepoint    ] Safepoint "GenCollectForAllocation", Time since last: 668474997 ns, Reaching safepoint: 364928 ns, At safepoint: 11612117 ns, Total: 11977045 ns
[2020-09-11T19:17:38.471+0000][1][safepoint    ] Safepoint "BulkRevokeBias", Time since last: 526149294 ns, Reaching safepoint: 242343 ns, At safepoint: 734783 ns, Total: 977126 ns
[2020-09-11T19:17:38.516+0000][1][safepoint    ] Safepoint "RevokeBias", Time since last: 45211939 ns, Reaching safepoint: 217906 ns, At safepoint: 22533 ns, Total: 240439 ns
[2020-09-11T19:17:39.010+0000][1][safepoint    ] Safepoint "RevokeBias", Time since last: 493290369 ns, Reaching safepoint: 175750 ns, At safepoint: 43928 ns, Total: 219678 ns
[2020-09-11T19:17:39.026+0000][1][safepoint    ] Safepoint "RevokeBias", Time since last: 16062058 ns, Reaching safepoint: 101466 ns, At safepoint: 21940 ns, Total: 123406 ns
[2020-09-11T19:17:39.045+0000][1][safepoint    ] Safepoint "RevokeBias", Time since last: 18561854 ns, Reaching safepoint: 103491 ns, At safepoint: 21064 ns, Total: 124555 ns
[2020-09-11T19:17:39.066+0000][1][safepoint    ] Safepoint "RevokeBias", Time since last: 20958039 ns, Reaching safepoint: 99359 ns, At safepoint: 20603 ns, Total: 119962 ns
[2020-09-11T19:17:39.088+0000][1][safepoint    ] Safepoint "RevokeBias", Time since last: 22149280 ns, Reaching safepoint: 104582 ns, At safepoint: 20987 ns, Total: 125569 ns
[2020-09-11T19:17:39.205+0000][1][safepoint    ] Safepoint "RevokeBias", Time since last: 117247353 ns, Reaching safepoint: 100696 ns, At safepoint: 21121 ns, Total: 121817 ns
[2020-09-11T19:17:40.206+0000][1][safepoint    ] Safepoint "Cleanup", Time since last: 1000163444 ns, Reaching safepoint: 190630 ns, At safepoint: 89871 ns, Total: 280501 ns
[2020-09-11T19:17:41.206+0000][1][safepoint    ] Safepoint "Cleanup", Time since last: 1000276169 ns, Reaching safepoint: 186380 ns, At safepoint: 18996 ns, Total: 205376 ns
[2020-09-11T19:17:42.207+0000][1][safepoint    ] Safepoint "Cleanup", Time since last: 1000229970 ns, Reaching safepoint: 192036 ns, At safepoint: 21171 ns, Total: 213207 ns
[2020-09-11T19:17:43.207+0000][1][safepoint    ] Safepoint "Cleanup", Time since last: 1000174610 ns, Reaching safepoint: 174701 ns, At safepoint: 18836 ns, Total: 193537 ns
[2020-09-11T19:17:44.207+0000][1][safepoint    ] Safepoint "Cleanup", Time since last: 1000236983 ns, Reaching safepoint: 132301 ns, At safepoint: 7947 ns, Total: 140248 ns
[2020-09-11T19:17:45.164+0000][1][safepoint    ] Safepoint "RevokeBias", Time since last: 956498127 ns, Reaching safepoint: 222397 ns, At safepoint: 22706 ns, Total: 245103 ns
[2020-09-11T19:17:46.164+0000][1][safepoint    ] Safepoint "Cleanup", Time since last: 1000175021 ns, Reaching safepoint: 126528 ns, At safepoint: 8262 ns, Total: 134790 ns
[2020-09-11T19:17:47.165+0000][1][safepoint    ] Safepoint "Cleanup", Time since last: 1000155161 ns, Reaching safepoint: 145914 ns, At safepoint: 18753 ns, Total: 164667 ns
[2020-09-11T19:17:48.165+0000][1][safepoint    ] Safepoint "Cleanup", Time since last: 1000208917 ns, Reaching safepoint: 221350 ns, At safepoint: 25364 ns, Total: 246714 ns
[2020-09-11T19:17:48.471+0000][1][safepoint    ] Safepoint "RevokeBias", Time since last: 305982080 ns, Reaching safepoint: 236463 ns, At safepoint: 21926 ns, Total: 258389 ns
[2020-09-11T19:17:49.110+0000][1][safepoint    ] Safepoint "RevokeBias", Time since last: 637992151 ns, Reaching safepoint: 173469 ns, At safepoint: 49134 ns, Total: 222603 ns
[2020-09-11T19:17:49.135+0000][1][safepoint    ] Safepoint "RevokeBias", Time since last: 25367091 ns, Reaching safepoint: 227842 ns, At safepoint: 23659 ns, Total: 251501 ns
[2020-09-11T19:17:49.154+0000][1][safepoint    ] Safepoint "RevokeBias", Time since last: 18392367 ns, Reaching safepoint: 98826 ns, At safepoint: 22601 ns, Total: 121427 ns
[2020-09-11T19:17:49.171+0000][1][safepoint    ] Safepoint "RevokeBias", Time since last: 17415913 ns, Reaching safepoint: 98404 ns, At safepoint: 22992 ns, Total: 121396 ns
[2020-09-11T19:17:49.199+0000][1][safepoint    ] Safepoint "BulkRevokeBias", Time since last: 27208819 ns, Reaching safepoint: 102449 ns, At safepoint: 258082 ns, Total: 360531 ns
[2020-09-11T19:17:49.201+0000][1][gc,start     ] GC(338) Pause Young (Allocation Failure)
[2020-09-11T19:17:49.201+0000][1][gc,task      ] GC(338) Using 1 workers of 1 for evacuation
[2020-09-11T19:17:49.214+0000][1][gc,age       ] GC(338) Desired survivor size 4358144 bytes, new threshold 6 (max threshold 6)
[2020-09-11T19:17:49.214+0000][1][gc,age       ] GC(338) Age table with threshold 6 (max threshold 6)
[2020-09-11T19:17:49.214+0000][1][gc,age       ] GC(338) - age   1:     198152 bytes,     198152 total
[2020-09-11T19:17:49.214+0000][1][gc,age       ] GC(338) - age   2:      53360 bytes,     251512 total
[2020-09-11T19:17:49.214+0000][1][gc,age       ] GC(338) - age   3:      45072 bytes,     296584 total
[2020-09-11T19:17:49.214+0000][1][gc,age       ] GC(338) - age   4:     311576 bytes,     608160 total
[2020-09-11T19:17:49.214+0000][1][gc,age       ] GC(338) - age   5:       5080 bytes,     613240 total
[2020-09-11T19:17:49.214+0000][1][gc,age       ] GC(338) - age   6:        376 bytes,     613616 total
[2020-09-11T19:17:49.214+0000][1][gc,heap      ] GC(338) ParNew: 68888K->610K(76672K)
[2020-09-11T19:17:49.214+0000][1][gc,heap      ] GC(338) CMS: 107413K->107415K(439104K)
[2020-09-11T19:17:49.214+0000][1][gc,metaspace ] GC(338) Metaspace: 102695K->102695K(1144832K)
[2020-09-11T19:17:49.214+0000][1][gc           ] GC(338) Pause Young (Allocation Failure) 172M->105M(503M) 12.849ms
[2020-09-11T19:17:49.214+0000][1][gc,cpu       ] GC(338) User=0.01s Sys=0.00s Real=0.01s
[2020-09-11T19:17:49.215+0000][1][safepoint    ] Safepoint "GenCollectForAllocation", Time since last: 2005144 ns, Reaching safepoint: 126040 ns, At safepoint: 13594690 ns, Total: 13720730 ns
[2020-09-11T19:17:49.333+0000][1][safepoint    ] Safepoint "RevokeBias", Time since last: 118409157 ns, Reaching safepoint: 100711 ns, At safepoint: 33346 ns, Total: 134057 ns
[2020-09-11T19:17:50.334+0000][1][safepoint    ] Safepoint "Cleanup", Time since last: 1000680284 ns, Reaching safepoint: 93648 ns, At safepoint: 20130 ns, Total: 113778 ns
[2020-09-11T19:17:51.334+0000][1][safepoint    ] Safepoint "Cleanup", Time since last: 1000182950 ns, Reaching safepoint: 179838 ns, At safepoint: 50447 ns, Total: 230285 ns
[2020-09-11T19:17:52.335+0000][1][safepoint    ] Safepoint "Cleanup", Time since last: 1000239572 ns, Reaching safepoint: 171072 ns, At safepoint: 52755 ns, Total: 223827 ns
[2020-09-11T19:17:53.335+0000][1][safepoint    ] Safepoint "Cleanup", Time since last: 1000228105 ns, Reaching safepoint: 118433 ns, At safepoint: 7533 ns, Total: 125966 ns
[2020-09-11T19:17:54.336+0000][1][safepoint    ] Safepoint "Cleanup", Time since last: 1000150049 ns, Reaching safepoint: 183075 ns, At safepoint: 18465 ns, Total: 201540 ns
[2020-09-11T19:17:55.147+0000][1][safepoint    ] Safepoint "RevokeBias", Time since last: 811299714 ns, Reaching safepoint: 101031 ns, At safepoint: 21562 ns, Total: 122593 ns
[2020-09-11T19:17:56.147+0000][1][safepoint    ] Safepoint "Cleanup", Time since last: 1000158499 ns, Reaching safepoint: 112154 ns, At safepoint: 7254 ns, Total: 119408 ns
[2020-09-11T19:17:57.148+0000][1][safepoint    ] Safepoint "Cleanup", Time since last: 1000251315 ns, Reaching safepoint: 181482 ns, At safepoint: 16313 ns, Total: 197795 ns
[2020-09-11T19:17:58.148+0000][1][safepoint    ] Safepoint "Cleanup", Time since last: 1000218991 ns, Reaching safepoint: 201321 ns, At safepoint: 23011 ns, Total: 224332 ns
[2020-09-11T19:17:58.467+0000][1][safepoint    ] Safepoint "RevokeBias", Time since last: 318903092 ns, Reaching safepoint: 197961 ns, At safepoint: 25919 ns, Total: 223880 ns
[2020-09-11T19:17:59.214+0000][1][safepoint    ] Safepoint "RevokeBias", Time since last: 746929411 ns, Reaching safepoint: 103248 ns, At safepoint: 20535 ns, Total: 123783 ns
[2020-09-11T19:17:59.233+0000][1][safepoint    ] Safepoint "RevokeBias", Time since last: 18689997 ns, Reaching safepoint: 131341 ns, At safepoint: 21827 ns, Total: 153168 ns
[2020-09-11T19:17:59.260+0000][1][safepoint    ] Safepoint "RevokeBias", Time since last: 26345115 ns, Reaching safepoint: 172616 ns, At safepoint: 23080 ns, Total: 195696 ns
[2020-09-11T19:17:59.275+0000][1][safepoint    ] Safepoint "RevokeBias", Time since last: 14936357 ns, Reaching safepoint: 105343 ns, At safepoint: 22471 ns, Total: 127814 ns
[2020-09-11T19:17:59.289+0000][1][safepoint    ] Safepoint "RevokeBias", Time since last: 14336349 ns, Reaching safepoint: 99074 ns, At safepoint: 21651 ns, Total: 120725 ns
[2020-09-11T19:17:59.417+0000][1][safepoint    ] Safepoint "RevokeBias", Time since last: 127745027 ns, Reaching safepoint: 101027 ns, At safepoint: 20397 ns, Total: 121424 ns
[2020-09-11T19:18:00.417+0000][1][safepoint    ] Safepoint "Cleanup", Time since last: 1000113256 ns, Reaching safepoint: 99813 ns, At safepoint: 10879 ns, Total: 110692 ns
[2020-09-11T19:18:01.418+0000][1][safepoint    ] Safepoint "Cleanup", Time since last: 1000208560 ns, Reaching safepoint: 153971 ns, At safepoint: 7677 ns, Total: 161648 ns
[2020-09-11T19:18:02.418+0000][1][safepoint    ] Safepoint "Cleanup", Time since last: 1000210474 ns, Reaching safepoint: 178443 ns, At safepoint: 17432 ns, Total: 195875 ns
[2020-09-11T19:18:03.418+0000][1][safepoint    ] Safepoint "Cleanup", Time since last: 1000206497 ns, Reaching safepoint: 130990 ns, At safepoint: 7910 ns, Total: 138900 ns
[2020-09-11T19:18:04.419+0000][1][safepoint    ] Safepoint "Cleanup", Time since last: 1000193046 ns, Reaching safepoint: 185091 ns, At safepoint: 19137 ns, Total: 204228 ns
[2020-09-11T19:18:05.194+0000][1][safepoint    ] Safepoint "RevokeBias", Time since last: 775232870 ns, Reaching safepoint: 102853 ns, At safepoint: 34529 ns, Total: 137382 ns
[2020-09-11T19:18:06.194+0000][1][safepoint    ] Safepoint "Cleanup", Time since last: 1000185612 ns, Reaching safepoint: 129780 ns, At safepoint: 7880 ns, Total: 137660 ns
[2020-09-11T19:18:07.195+0000][1][safepoint    ] Safepoint "Cleanup", Time since last: 1000192726 ns, Reaching safepoint: 100950 ns, At safepoint: 7330 ns, Total: 108280 ns
[2020-09-11T19:18:08.195+0000][1][safepoint    ] Safepoint "Cleanup", Time since last: 1000184222 ns, Reaching safepoint: 221955 ns, At safepoint: 25702 ns, Total: 247657 ns
[2020-09-11T19:18:08.459+0000][1][safepoint    ] Safepoint "RevokeBias", Time since last: 263040664 ns, Reaching safepoint: 229824 ns, At safepoint: 21323 ns, Total: 251147 ns
[2020-09-11T19:18:08.487+0000][1][gc,start     ] GC(339) Pause Young (Allocation Failure)
[2020-09-11T19:18:08.487+0000][1][gc,task      ] GC(339) Using 1 workers of 1 for evacuation
[2020-09-11T19:18:08.493+0000][1][gc,age       ] GC(339) Desired survivor size 4358144 bytes, new threshold 6 (max threshold 6)
[2020-09-11T19:18:08.493+0000][1][gc,age       ] GC(339) Age table with threshold 6 (max threshold 6)
[2020-09-11T19:18:08.493+0000][1][gc,age       ] GC(339) - age   1:     770448 bytes,     770448 total
[2020-09-11T19:18:08.493+0000][1][gc,age       ] GC(339) - age   2:     135616 bytes,     906064 total
[2020-09-11T19:18:08.493+0000][1][gc,age       ] GC(339) - age   3:      31520 bytes,     937584 total
[2020-09-11T19:18:08.493+0000][1][gc,age       ] GC(339) - age   4:       8544 bytes,     946128 total
[2020-09-11T19:18:08.493+0000][1][gc,age       ] GC(339) - age   5:     301720 bytes,    1247848 total
[2020-09-11T19:18:08.493+0000][1][gc,age       ] GC(339) - age   6:       3840 bytes,    1251688 total
[2020-09-11T19:18:08.493+0000][1][gc,heap      ] GC(339) ParNew: 68770K->1806K(76672K)
[2020-09-11T19:18:08.493+0000][1][gc,heap      ] GC(339) CMS: 107415K->107415K(439104K)
[2020-09-11T19:18:08.493+0000][1][gc,metaspace ] GC(339) Metaspace: 102696K->102696K(1144832K)
[2020-09-11T19:18:08.493+0000][1][gc           ] GC(339) Pause Young (Allocation Failure) 172M->106M(503M) 5.989ms
[2020-09-11T19:18:08.493+0000][1][gc,cpu       ] GC(339) User=0.01s Sys=0.00s Real=0.00s
[2020-09-11T19:18:08.493+0000][1][safepoint    ] Safepoint "GenCollectForAllocation", Time since last: 28222255 ns, Reaching safepoint: 226263 ns, At safepoint: 6064309 ns, Total: 6290572 ns
[2020-09-11T19:18:09.330+0000][1][safepoint    ] Safepoint "RevokeBias", Time since last: 836617497 ns, Reaching safepoint: 101253 ns, At safepoint: 34710 ns, Total: 135963 ns
[2020-09-11T19:18:09.354+0000][1][safepoint    ] Safepoint "RevokeBias", Time since last: 24010251 ns, Reaching safepoint: 96227 ns, At safepoint: 33870 ns, Total: 130097 ns
[2020-09-11T19:18:09.375+0000][1][safepoint    ] Safepoint "RevokeBias", Time since last: 20558839 ns, Reaching safepoint: 98561 ns, At safepoint: 20647 ns, Total: 119208 ns
[2020-09-11T19:18:09.396+0000][1][safepoint    ] Safepoint "RevokeBias", Time since last: 21266057 ns, Reaching safepoint: 101901 ns, At safepoint: 21153 ns, Total: 123054 ns
[2020-09-11T19:18:09.419+0000][1][safepoint    ] Safepoint "RevokeBias", Time since last: 22923463 ns, Reaching safepoint: 96302 ns, At safepoint: 19971 ns, Total: 116273 ns
[2020-09-11T19:18:09.546+0000][1][safepoint    ] Safepoint "RevokeBias", Time since last: 126647216 ns, Reaching safepoint: 99363 ns, At safepoint: 21020 ns, Total: 120383 ns
[2020-09-11T19:18:10.546+0000][1][safepoint    ] Safepoint "Cleanup", Time since last: 1000184376 ns, Reaching safepoint: 125029 ns, At safepoint: 7588 ns, Total: 132617 ns
[2020-09-11T19:18:11.547+0000][1][safepoint    ] Safepoint "Cleanup", Time since last: 1000179230 ns, Reaching safepoint: 186205 ns, At safepoint: 19194 ns, Total: 205399 ns
[2020-09-11T19:18:12.547+0000][1][safepoint    ] Safepoint "Cleanup", Time since last: 1000235923 ns, Reaching safepoint: 249538 ns, At safepoint: 19965 ns, Total: 269503 ns
[2020-09-11T19:18:13.547+0000][1][safepoint    ] Safepoint "Cleanup", Time since last: 1000215436 ns, Reaching safepoint: 187144 ns, At safepoint: 19514 ns, Total: 206658 ns
[2020-09-11T19:18:14.548+0000][1][safepoint    ] Safepoint "Cleanup", Time since last: 1000264151 ns, Reaching safepoint: 186121 ns, At safepoint: 19030 ns, Total: 205151 ns
[2020-09-11T19:18:15.221+0000][1][safepoint    ] Safepoint "RevokeBias", Time since last: 672506053 ns, Reaching safepoint: 300762 ns, At safepoint: 47317 ns, Total: 348079 ns
[2020-09-11T19:18:16.002+0000][1][safepoint    ] Safepoint "RevokeBias", Time since last: 781349861 ns, Reaching safepoint: 185019 ns, At safepoint: 43662 ns, Total: 228681 ns
[2020-09-11T19:18:17.003+0000][1][safepoint    ] Safepoint "Cleanup", Time since last: 1000191935 ns, Reaching safepoint: 180609 ns, At safepoint: 19708 ns, Total: 200317 ns
[2020-09-11T19:18:18.003+0000][1][safepoint    ] Safepoint "Cleanup", Time since last: 1000212784 ns, Reaching safepoint: 178431 ns, At safepoint: 18923 ns, Total: 197354 ns
[2020-09-11T19:18:18.465+0000][1][safepoint    ] Safepoint "RevokeBias", Time since last: 461939547 ns, Reaching safepoint: 227233 ns, At safepoint: 22480 ns, Total: 249713 ns
[2020-09-11T19:18:19.426+0000][1][safepoint    ] Safepoint "RevokeBias", Time since last: 960456469 ns, Reaching safepoint: 94418 ns, At safepoint: 19309 ns, Total: 113727 ns
[2020-09-11T19:18:19.445+0000][1][safepoint    ] Safepoint "RevokeBias", Time since last: 19247341 ns, Reaching safepoint: 220576 ns, At safepoint: 21533 ns, Total: 242109 ns
[2020-09-11T19:18:19.467+0000][1][safepoint    ] Safepoint "RevokeBias", Time since last: 21375123 ns, Reaching safepoint: 110692 ns, At safepoint: 30452 ns, Total: 141144 ns
[2020-09-11T19:18:19.484+0000][1][safepoint    ] Safepoint "RevokeBias", Time since last: 17128240 ns, Reaching safepoint: 180702 ns, At safepoint: 22069 ns, Total: 202771 ns
[2020-09-11T19:18:19.499+0000][1][safepoint    ] Safepoint "RevokeBias", Time since last: 15066872 ns, Reaching safepoint: 104461 ns, At safepoint: 22522 ns, Total: 126983 ns
[2020-09-11T19:18:19.616+0000][1][safepoint    ] Safepoint "RevokeBias", Time since last: 116524640 ns, Reaching safepoint: 101017 ns, At safepoint: 21580 ns, Total: 122597 ns
[2020-09-11T19:18:20.616+0000][1][safepoint    ] Safepoint "Cleanup", Time since last: 1000203916 ns, Reaching safepoint: 122634 ns, At safepoint: 7777 ns, Total: 130411 ns
[2020-09-11T19:18:21.617+0000][1][safepoint    ] Safepoint "Cleanup", Time since last: 1000197769 ns, Reaching safepoint: 129062 ns, At safepoint: 8623 ns, Total: 137685 ns
[2020-09-11T19:18:22.617+0000][1][safepoint    ] Safepoint "Cleanup", Time since last: 1000231477 ns, Reaching safepoint: 112130 ns, At safepoint: 8229 ns, Total: 120359 ns
[2020-09-11T19:18:23.617+0000][1][safepoint    ] Safepoint "Cleanup", Time since last: 1000190791 ns, Reaching safepoint: 190214 ns, At safepoint: 19719 ns, Total: 209933 ns
[2020-09-11T19:18:24.618+0000][1][safepoint    ] Safepoint "Cleanup", Time since last: 1000244887 ns, Reaching safepoint: 121197 ns, At safepoint: 8620 ns, Total: 129817 ns
[2020-09-11T19:18:25.161+0000][1][safepoint    ] Safepoint "RevokeBias", Time since last: 542397488 ns, Reaching safepoint: 225416 ns, At safepoint: 22313 ns, Total: 247729 ns
[2020-09-11T19:18:26.161+0000][1][safepoint    ] Safepoint "Cleanup", Time since last: 1000170165 ns, Reaching safepoint: 188334 ns, At safepoint: 19077 ns, Total: 207411 ns
[2020-09-11T19:18:27.161+0000][1][safepoint    ] Safepoint "Cleanup", Time since last: 1000293063 ns, Reaching safepoint: 180052 ns, At safepoint: 18489 ns, Total: 198541 ns
[2020-09-11T19:18:28.162+0000][1][safepoint    ] Safepoint "Cleanup", Time since last: 1000212878 ns, Reaching safepoint: 146320 ns, At safepoint: 7496 ns, Total: 153816 ns
[2020-09-11T19:18:28.438+0000][1][gc,start     ] GC(340) Pause Young (Allocation Failure)
[2020-09-11T19:18:28.438+0000][1][gc,task      ] GC(340) Using 1 workers of 1 for evacuation
[2020-09-11T19:18:28.444+0000][1][gc,age       ] GC(340) Desired survivor size 4358144 bytes, new threshold 6 (max threshold 6)
[2020-09-11T19:18:28.444+0000][1][gc,age       ] GC(340) Age table with threshold 6 (max threshold 6)
[2020-09-11T19:18:28.444+0000][1][gc,age       ] GC(340) - age   1:     267776 bytes,     267776 total
[2020-09-11T19:18:28.444+0000][1][gc,age       ] GC(340) - age   2:      56848 bytes,     324624 total
[2020-09-11T19:18:28.444+0000][1][gc,age       ] GC(340) - age   3:     130856 bytes,     455480 total
[2020-09-11T19:18:28.444+0000][1][gc,age       ] GC(340) - age   4:      21000 bytes,     476480 total
[2020-09-11T19:18:28.444+0000][1][gc,age       ] GC(340) - age   5:        416 bytes,     476896 total
[2020-09-11T19:18:28.444+0000][1][gc,age       ] GC(340) - age   6:     300480 bytes,     777376 total
[2020-09-11T19:18:28.444+0000][1][gc,heap      ] GC(340) ParNew: 69966K->1067K(76672K)
[2020-09-11T19:18:28.444+0000][1][gc,heap      ] GC(340) CMS: 107415K->107419K(439104K)
[2020-09-11T19:18:28.444+0000][1][gc,metaspace ] GC(340) Metaspace: 102696K->102696K(1144832K)
[2020-09-11T19:18:28.444+0000][1][gc           ] GC(340) Pause Young (Allocation Failure) 173M->105M(503M) 6.589ms
[2020-09-11T19:18:28.444+0000][1][gc,cpu       ] GC(340) User=0.01s Sys=0.00s Real=0.00s
[2020-09-11T19:18:28.445+0000][1][safepoint    ] Safepoint "GenCollectForAllocation", Time since last: 275198405 ns, Reaching safepoint: 772227 ns, At safepoint: 7169979 ns, Total: 7942206 ns
[2020-09-11T19:18:28.487+0000][1][safepoint    ] Safepoint "RevokeBias", Time since last: 42138319 ns, Reaching safepoint: 99265 ns, At safepoint: 21708 ns, Total: 120973 ns
[2020-09-11T19:18:29.487+0000][1][safepoint    ] Safepoint "Cleanup", Time since last: 1000169463 ns, Reaching safepoint: 134804 ns, At safepoint: 7189 ns, Total: 141993 ns
[2020-09-11T19:18:29.521+0000][1][safepoint    ] Safepoint "RevokeBias", Time since last: 33747877 ns, Reaching safepoint: 100304 ns, At safepoint: 21662 ns, Total: 121966 ns
[2020-09-11T19:18:29.537+0000][1][safepoint    ] Safepoint "RevokeBias", Time since last: 15250126 ns, Reaching safepoint: 100430 ns, At safepoint: 20707 ns, Total: 121137 ns
[2020-09-11T19:18:29.561+0000][1][safepoint    ] Safepoint "RevokeBias", Time since last: 23788733 ns, Reaching safepoint: 178667 ns, At safepoint: 22540 ns, Total: 201207 ns
[2020-09-11T19:18:29.579+0000][1][safepoint    ] Safepoint "RevokeBias", Time since last: 17822810 ns, Reaching safepoint: 103161 ns, At safepoint: 21040 ns, Total: 124201 ns
[2020-09-11T19:18:29.599+0000][1][safepoint    ] Safepoint "RevokeBias", Time since last: 20037582 ns, Reaching safepoint: 94563 ns, At safepoint: 19746 ns, Total: 114309 ns
[2020-09-11T19:18:29.717+0000][1][safepoint    ] Safepoint "RevokeBias", Time since last: 118587954 ns, Reaching safepoint: 96933 ns, At safepoint: 21247 ns, Total: 118180 ns
[2020-09-11T19:18:30.718+0000][1][safepoint    ] Safepoint "Cleanup", Time since last: 1000136724 ns, Reaching safepoint: 134102 ns, At safepoint: 7914 ns, Total: 142016 ns
[2020-09-11T19:18:31.718+0000][1][safepoint    ] Safepoint "Cleanup", Time since last: 1000184001 ns, Reaching safepoint: 137695 ns, At safepoint: 8105 ns, Total: 145800 ns
[2020-09-11T19:18:32.718+0000][1][safepoint    ] Safepoint "Cleanup", Time since last: 1000175274 ns, Reaching safepoint: 122783 ns, At safepoint: 8427 ns, Total: 131210 ns
[2020-09-11T19:18:33.719+0000][1][safepoint    ] Safepoint "Cleanup", Time since last: 1000154025 ns, Reaching safepoint: 184463 ns, At safepoint: 18802 ns, Total: 203265 ns
[2020-09-11T19:18:34.719+0000][1][safepoint    ] Safepoint "Cleanup", Time since last: 1000237934 ns, Reaching safepoint: 121238 ns, At safepoint: 7128 ns, Total: 128366 ns
[2020-09-11T19:18:35.158+0000][1][safepoint    ] Safepoint "RevokeBias", Time since last: 438858155 ns, Reaching safepoint: 102924 ns, At safepoint: 21832 ns, Total: 124756 ns
[2020-09-11T19:18:36.158+0000][1][safepoint    ] Safepoint "Cleanup", Time since last: 1000147288 ns, Reaching safepoint: 183748 ns, At safepoint: 19724 ns, Total: 203472 ns
[2020-09-11T19:18:37.159+0000][1][safepoint    ] Safepoint "Cleanup", Time since last: 1000220822 ns, Reaching safepoint: 187132 ns, At safepoint: 19554 ns, Total: 206686 ns
[2020-09-11T19:18:38.159+0000][1][safepoint    ] Safepoint "Cleanup", Time since last: 1000217416 ns, Reaching safepoint: 177496 ns, At safepoint: 17644 ns, Total: 195140 ns
[2020-09-11T19:18:38.459+0000][1][safepoint    ] Safepoint "RevokeBias", Time since last: 299539063 ns, Reaching safepoint: 211031 ns, At safepoint: 24083 ns, Total: 235114 ns
[2020-09-11T19:18:39.459+0000][1][safepoint    ] Safepoint "Cleanup", Time since last: 1000177475 ns, Reaching safepoint: 180210 ns, At safepoint: 19768 ns, Total: 199978 ns
[2020-09-11T19:18:39.644+0000][1][safepoint    ] Safepoint "RevokeBias", Time since last: 183883852 ns, Reaching safepoint: 216311 ns, At safepoint: 25084 ns, Total: 241395 ns
[2020-09-11T19:18:39.697+0000][1][safepoint    ] Safepoint "RevokeBias", Time since last: 53064994 ns, Reaching safepoint: 98744 ns, At safepoint: 22960 ns, Total: 121704 ns
[2020-09-11T19:18:39.722+0000][1][safepoint    ] Safepoint "RevokeBias", Time since last: 25025657 ns, Reaching safepoint: 96065 ns, At safepoint: 22956 ns, Total: 119021 ns
[2020-09-11T19:18:39.749+0000][1][safepoint    ] Safepoint "RevokeBias", Time since last: 27056325 ns, Reaching safepoint: 98925 ns, At safepoint: 21283 ns, Total: 120208 ns
[2020-09-11T19:18:39.777+0000][1][safepoint    ] Safepoint "BulkRevokeBias", Time since last: 27787523 ns, Reaching safepoint: 98829 ns, At safepoint: 250509 ns, Total: 349338 ns
[2020-09-11T19:18:39.893+0000][1][safepoint    ] Safepoint "RevokeBias", Time since last: 115318687 ns, Reaching safepoint: 96994 ns, At safepoint: 19061 ns, Total: 116055 ns
[2020-09-11T19:18:40.893+0000][1][safepoint    ] Safepoint "Cleanup", Time since last: 1000126265 ns, Reaching safepoint: 181587 ns, At safepoint: 17439 ns, Total: 199026 ns
[2020-09-11T19:18:41.893+0000][1][safepoint    ] Safepoint "Cleanup", Time since last: 1000237476 ns, Reaching safepoint: 181145 ns, At safepoint: 18686 ns, Total: 199831 ns
[2020-09-11T19:18:42.894+0000][1][safepoint    ] Safepoint "Cleanup", Time since last: 1000223548 ns, Reaching safepoint: 181860 ns, At safepoint: 17934 ns, Total: 199794 ns
[2020-09-11T19:18:43.894+0000][1][safepoint    ] Safepoint "Cleanup", Time since last: 1000210418 ns, Reaching safepoint: 180845 ns, At safepoint: 18525 ns, Total: 199370 ns
[2020-09-11T19:18:44.020+0000][1][gc,start     ] GC(341) Pause Young (Allocation Failure)
[2020-09-11T19:18:44.020+0000][1][gc,task      ] GC(341) Using 1 workers of 1 for evacuation
[2020-09-11T19:18:44.027+0000][1][gc,age       ] GC(341) Desired survivor size 4358144 bytes, new threshold 6 (max threshold 6)
[2020-09-11T19:18:44.027+0000][1][gc,age       ] GC(341) Age table with threshold 6 (max threshold 6)
[2020-09-11T19:18:44.027+0000][1][gc,age       ] GC(341) - age   1:     108456 bytes,     108456 total
[2020-09-11T19:18:44.027+0000][1][gc,age       ] GC(341) - age   2:      79384 bytes,     187840 total
[2020-09-11T19:18:44.027+0000][1][gc,age       ] GC(341) - age   3:      54352 bytes,     242192 total
[2020-09-11T19:18:44.027+0000][1][gc,age       ] GC(341) - age   4:     122768 bytes,     364960 total
[2020-09-11T19:18:44.027+0000][1][gc,age       ] GC(341) - age   5:      19360 bytes,     384320 total
[2020-09-11T19:18:44.027+0000][1][gc,age       ] GC(341) - age   6:        416 bytes,     384736 total
[2020-09-11T19:18:44.027+0000][1][gc,heap      ] GC(341) ParNew: 69227K->836K(76672K)
[2020-09-11T19:18:44.027+0000][1][gc,heap      ] GC(341) CMS: 107419K->107712K(439104K)
[2020-09-11T19:18:44.027+0000][1][gc,metaspace ] GC(341) Metaspace: 102696K->102696K(1144832K)
[2020-09-11T19:18:44.028+0000][1][gc           ] GC(341) Pause Young (Allocation Failure) 172M->106M(503M) 7.308ms
[2020-09-11T19:18:44.028+0000][1][gc,cpu       ] GC(341) User=0.01s Sys=0.00s Real=0.01s
[2020-09-11T19:18:44.028+0000][1][safepoint    ] Safepoint "GenCollectForAllocation", Time since last: 125778528 ns, Reaching safepoint: 166646 ns, At safepoint: 7387867 ns, Total: 7554513 ns
[2020-09-11T19:18:45.030+0000][1][safepoint    ] Safepoint "Cleanup", Time since last: 1002006014 ns, Reaching safepoint: 236532 ns, At safepoint: 49823 ns, Total: 286355 ns
[2020-09-11T19:18:45.188+0000][1][safepoint    ] Safepoint "RevokeBias", Time since last: 157850305 ns, Reaching safepoint: 152541 ns, At safepoint: 21309 ns, Total: 173850 ns
[2020-09-11T19:18:46.188+0000][1][safepoint    ] Safepoint "Cleanup", Time since last: 1000178838 ns, Reaching safepoint: 190724 ns, At safepoint: 20731 ns, Total: 211455 ns
[2020-09-11T19:18:47.189+0000][1][safepoint    ] Safepoint "Cleanup", Time since last: 1000190880 ns, Reaching safepoint: 185472 ns, At safepoint: 19765 ns, Total: 205237 ns
[2020-09-11T19:18:48.189+0000][1][safepoint    ] Safepoint "Cleanup", Time since last: 1000237747 ns, Reaching safepoint: 147560 ns, At safepoint: 9875 ns, Total: 157435 ns
[2020-09-11T19:18:48.452+0000][1][safepoint    ] Safepoint "RevokeBias", Time since last: 262606200 ns, Reaching safepoint: 236682 ns, At safepoint: 22460 ns, Total: 259142 ns
[2020-09-11T19:18:49.452+0000][1][safepoint    ] Safepoint "Cleanup", Time since last: 1000166492 ns, Reaching safepoint: 123879 ns, At safepoint: 7856 ns, Total: 131735 ns
[2020-09-11T19:18:49.815+0000][1][safepoint    ] Safepoint "RevokeBias", Time since last: 362988455 ns, Reaching safepoint: 178958 ns, At safepoint: 22421 ns, Total: 201379 ns
[2020-09-11T19:18:49.837+0000][1][safepoint    ] Safepoint "RevokeBias", Time since last: 20899402 ns, Reaching safepoint: 182726 ns, At safepoint: 31817 ns, Total: 214543 ns
[2020-09-11T19:18:49.859+0000][1][safepoint    ] Safepoint "RevokeBias", Time since last: 22167879 ns, Reaching safepoint: 98160 ns, At safepoint: 19888 ns, Total: 118048 ns
[2020-09-11T19:18:49.888+0000][1][safepoint    ] Safepoint "RevokeBias", Time since last: 28552163 ns, Reaching safepoint: 100097 ns, At safepoint: 21323 ns, Total: 121420 ns
[2020-09-11T19:18:49.902+0000][1][safepoint    ] Safepoint "RevokeBias", Time since last: 13926724 ns, Reaching safepoint: 243769 ns, At safepoint: 23232 ns, Total: 267001 ns
[2020-09-11T19:18:50.023+0000][1][safepoint    ] Safepoint "RevokeBias", Time since last: 121217613 ns, Reaching safepoint: 218759 ns, At safepoint: 22414 ns, Total: 241173 ns
[2020-09-11T19:18:51.023+0000][1][safepoint    ] Safepoint "Cleanup", Time since last: 1000183369 ns, Reaching safepoint: 118796 ns, At safepoint: 7800 ns, Total: 126596 ns
[2020-09-11T19:18:52.024+0000][1][safepoint    ] Safepoint "Cleanup", Time since last: 1000178219 ns, Reaching safepoint: 120797 ns, At safepoint: 7432 ns, Total: 128229 ns
[2020-09-11T19:18:53.024+0000][1][safepoint    ] Safepoint "Cleanup", Time since last: 1000160836 ns, Reaching safepoint: 128649 ns, At safepoint: 7735 ns, Total: 136384 ns
[2020-09-11T19:18:54.024+0000][1][safepoint    ] Safepoint "Cleanup", Time since last: 1000185669 ns, Reaching safepoint: 178787 ns, At safepoint: 18459 ns, Total: 197246 ns
[2020-09-11T19:18:55.025+0000][1][safepoint    ] Safepoint "Cleanup", Time since last: 1000174695 ns, Reaching safepoint: 198485 ns, At safepoint: 15686 ns, Total: 214171 ns
[2020-09-11T19:18:55.162+0000][1][safepoint    ] Safepoint "RevokeBias", Time since last: 136457288 ns, Reaching safepoint: 222411 ns, At safepoint: 23464 ns, Total: 245875 ns
[2020-09-11T19:18:56.162+0000][1][safepoint    ] Safepoint "Cleanup", Time since last: 1000141825 ns, Reaching safepoint: 123000 ns, At safepoint: 7986 ns, Total: 130986 ns
[2020-09-11T19:18:57.162+0000][1][safepoint    ] Safepoint "Cleanup", Time since last: 1000154116 ns, Reaching safepoint: 130459 ns, At safepoint: 6766 ns, Total: 137225 ns
[2020-09-11T19:18:58.162+0000][1][safepoint    ] Safepoint "Cleanup", Time since last: 1000147590 ns, Reaching safepoint: 181022 ns, At safepoint: 18068 ns, Total: 199090 ns
[2020-09-11T19:18:58.469+0000][1][safepoint    ] Safepoint "RevokeBias", Time since last: 305787043 ns, Reaching safepoint: 242740 ns, At safepoint: 21846 ns, Total: 264586 ns
[2020-09-11T19:18:59.469+0000][1][safepoint    ] Safepoint "Cleanup", Time since last: 1000145414 ns, Reaching safepoint: 194901 ns, At safepoint: 21148 ns, Total: 216049 ns
[2020-09-11T19:18:59.934+0000][1][safepoint    ] Safepoint "RevokeBias", Time since last: 464939815 ns, Reaching safepoint: 179117 ns, At safepoint: 25740 ns, Total: 204857 ns
[2020-09-11T19:18:59.975+0000][1][safepoint    ] Safepoint "RevokeBias", Time since last: 41159996 ns, Reaching safepoint: 167329 ns, At safepoint: 20824 ns, Total: 188153 ns
[2020-09-11T19:18:59.991+0000][1][gc,start     ] GC(342) Pause Young (Allocation Failure)
[2020-09-11T19:18:59.991+0000][1][gc,task      ] GC(342) Using 1 workers of 1 for evacuation
[2020-09-11T19:19:00.008+0000][1][gc,age       ] GC(342) Desired survivor size 4358144 bytes, new threshold 6 (max threshold 6)
[2020-09-11T19:19:00.008+0000][1][gc,age       ] GC(342) Age table with threshold 6 (max threshold 6)
[2020-09-11T19:19:00.008+0000][1][gc,age       ] GC(342) - age   1:     190984 bytes,     190984 total
[2020-09-11T19:19:00.008+0000][1][gc,age       ] GC(342) - age   2:      55832 bytes,     246816 total
[2020-09-11T19:19:00.008+0000][1][gc,age       ] GC(342) - age   3:      56464 bytes,     303280 total
[2020-09-11T19:19:00.008+0000][1][gc,age       ] GC(342) - age   4:      27824 bytes,     331104 total
[2020-09-11T19:19:00.008+0000][1][gc,age       ] GC(342) - age   5:      79120 bytes,     410224 total
[2020-09-11T19:19:00.008+0000][1][gc,age       ] GC(342) - age   6:      19360 bytes,     429584 total
[2020-09-11T19:19:00.008+0000][1][gc,heap      ] GC(342) ParNew: 68996K->699K(76672K)
[2020-09-11T19:19:00.008+0000][1][gc,heap      ] GC(342) CMS: 107712K->107713K(439104K)
[2020-09-11T19:19:00.008+0000][1][gc,metaspace ] GC(342) Metaspace: 102700K->102700K(1144832K)
[2020-09-11T19:19:00.008+0000][1][gc           ] GC(342) Pause Young (Allocation Failure) 172M->105M(503M) 17.178ms
[2020-09-11T19:19:00.008+0000][1][gc,cpu       ] GC(342) User=0.01s Sys=0.00s Real=0.02s
[2020-09-11T19:19:00.022+0000][1][safepoint    ] Safepoint "GenCollectForAllocation", Time since last: 14260896 ns, Reaching safepoint: 1098609 ns, At safepoint: 30917780 ns, Total: 32016389 ns
[2020-09-11T19:19:00.027+0000][1][safepoint    ] Safepoint "RevokeBias", Time since last: 5240313 ns, Reaching safepoint: 168382 ns, At safepoint: 21372 ns, Total: 189754 ns
[2020-09-11T19:19:00.062+0000][1][safepoint    ] Safepoint "RevokeBias", Time since last: 34731064 ns, Reaching safepoint: 171016 ns, At safepoint: 22799 ns, Total: 193815 ns
[2020-09-11T19:19:00.088+0000][1][safepoint    ] Safepoint "RevokeBias", Time since last: 23986333 ns, Reaching safepoint: 1820760 ns, At safepoint: 28835 ns, Total: 1849595 ns
[2020-09-11T19:19:00.212+0000][1][safepoint    ] Safepoint "RevokeBias", Time since last: 124212473 ns, Reaching safepoint: 112113 ns, At safepoint: 23238 ns, Total: 135351 ns
[2020-09-11T19:19:01.212+0000][1][safepoint    ] Safepoint "Cleanup", Time since last: 1000166188 ns, Reaching safepoint: 133448 ns, At safepoint: 9531 ns, Total: 142979 ns
[2020-09-11T19:19:02.213+0000][1][safepoint    ] Safepoint "Cleanup", Time since last: 1000195707 ns, Reaching safepoint: 183431 ns, At safepoint: 19825 ns, Total: 203256 ns
[2020-09-11T19:19:03.213+0000][1][safepoint    ] Safepoint "Cleanup", Time since last: 1000228691 ns, Reaching safepoint: 185913 ns, At safepoint: 20159 ns, Total: 206072 ns
[2020-09-11T19:19:04.214+0000][1][safepoint    ] Safepoint "Cleanup", Time since last: 1000240647 ns, Reaching safepoint: 136111 ns, At safepoint: 8173 ns, Total: 144284 ns
[2020-09-11T19:19:05.169+0000][1][safepoint    ] Safepoint "RevokeBias", Time since last: 955478976 ns, Reaching safepoint: 104732 ns, At safepoint: 36891 ns, Total: 141623 ns
[2020-09-11T19:19:06.170+0000][1][safepoint    ] Safepoint "Cleanup", Time since last: 1000127979 ns, Reaching safepoint: 159092 ns, At safepoint: 7292 ns, Total: 166384 ns
[2020-09-11T19:19:07.170+0000][1][safepoint    ] Safepoint "Cleanup", Time since last: 1000172910 ns, Reaching safepoint: 129756 ns, At safepoint: 8626 ns, Total: 138382 ns
[2020-09-11T19:19:08.170+0000][1][safepoint    ] Safepoint "Cleanup", Time since last: 1000175523 ns, Reaching safepoint: 125196 ns, At safepoint: 8500 ns, Total: 133696 ns
[2020-09-11T19:19:08.461+0000][1][safepoint    ] Safepoint "RevokeBias", Time since last: 290053493 ns, Reaching safepoint: 202399 ns, At safepoint: 23320 ns, Total: 225719 ns
[2020-09-11T19:19:09.461+0000][1][safepoint    ] Safepoint "Cleanup", Time since last: 1000177568 ns, Reaching safepoint: 181366 ns, At safepoint: 18733 ns, Total: 200099 ns
[2020-09-11T19:19:10.108+0000][1][safepoint    ] Safepoint "RevokeBias", Time since last: 646728590 ns, Reaching safepoint: 219756 ns, At safepoint: 23816 ns, Total: 243572 ns
[2020-09-11T19:19:10.151+0000][1][safepoint    ] Safepoint "RevokeBias", Time since last: 42592120 ns, Reaching safepoint: 172968 ns, At safepoint: 21815 ns, Total: 194783 ns
[2020-09-11T19:19:10.172+0000][1][safepoint    ] Safepoint "RevokeBias", Time since last: 21248333 ns, Reaching safepoint: 174165 ns, At safepoint: 22039 ns, Total: 196204 ns
[2020-09-11T19:19:10.192+0000][1][safepoint    ] Safepoint "RevokeBias", Time since last: 20036518 ns, Reaching safepoint: 179005 ns, At safepoint: 21896 ns, Total: 200901 ns
[2020-09-11T19:19:10.211+0000][1][safepoint    ] Safepoint "RevokeBias", Time since last: 18302625 ns, Reaching safepoint: 98832 ns, At safepoint: 21519 ns, Total: 120351 ns
[2020-09-11T19:19:10.326+0000][1][safepoint    ] Safepoint "RevokeBias", Time since last: 115051574 ns, Reaching safepoint: 173393 ns, At safepoint: 23429 ns, Total: 196822 ns
[2020-09-11T19:19:11.327+0000][1][safepoint    ] Safepoint "Cleanup", Time since last: 1000135984 ns, Reaching safepoint: 187680 ns, At safepoint: 19204 ns, Total: 206884 ns
[2020-09-11T19:19:12.327+0000][1][safepoint    ] Safepoint "Cleanup", Time since last: 1000512022 ns, Reaching safepoint: 175621 ns, At safepoint: 17362 ns, Total: 192983 ns
[2020-09-11T19:19:13.327+0000][1][safepoint    ] Safepoint "Cleanup", Time since last: 1000179065 ns, Reaching safepoint: 148090 ns, At safepoint: 8863 ns, Total: 156953 ns
[2020-09-11T19:19:14.328+0000][1][safepoint    ] Safepoint "Cleanup", Time since last: 1000609218 ns, Reaching safepoint: 186231 ns, At safepoint: 19074 ns, Total: 205305 ns
[2020-09-11T19:19:15.160+0000][1][safepoint    ] Safepoint "RevokeBias", Time since last: 831307047 ns, Reaching safepoint: 104566 ns, At safepoint: 21395 ns, Total: 125961 ns
[2020-09-11T19:19:16.160+0000][1][safepoint    ] Safepoint "Cleanup", Time since last: 1000179889 ns, Reaching safepoint: 205455 ns, At safepoint: 17574 ns, Total: 223029 ns
[2020-09-11T19:19:17.160+0000][1][safepoint    ] Safepoint "Cleanup", Time since last: 1000213395 ns, Reaching safepoint: 181918 ns, At safepoint: 19367 ns, Total: 201285 ns
[2020-09-11T19:19:18.161+0000][1][safepoint    ] Safepoint "Cleanup", Time since last: 1000210882 ns, Reaching safepoint: 192900 ns, At safepoint: 7576 ns, Total: 200476 ns
[2020-09-11T19:19:18.489+0000][1][safepoint    ] Safepoint "RevokeBias", Time since last: 327395835 ns, Reaching safepoint: 1064171 ns, At safepoint: 20013 ns, Total: 1084184 ns
[2020-09-11T19:19:18.556+0000][1][gc,start     ] GC(343) Pause Young (Allocation Failure)
[2020-09-11T19:19:18.556+0000][1][gc,task      ] GC(343) Using 1 workers of 1 for evacuation
[2020-09-11T19:19:18.566+0000][1][gc,age       ] GC(343) Desired survivor size 4358144 bytes, new threshold 6 (max threshold 6)
[2020-09-11T19:19:18.566+0000][1][gc,age       ] GC(343) Age table with threshold 6 (max threshold 6)
[2020-09-11T19:19:18.566+0000][1][gc,age       ] GC(343) - age   1:     661432 bytes,     661432 total
[2020-09-11T19:19:18.566+0000][1][gc,age       ] GC(343) - age   2:     104624 bytes,     766056 total
[2020-09-11T19:19:18.566+0000][1][gc,age       ] GC(343) - age   3:      53336 bytes,     819392 total
[2020-09-11T19:19:18.566+0000][1][gc,age       ] GC(343) - age   4:      56464 bytes,     875856 total
[2020-09-11T19:19:18.566+0000][1][gc,age       ] GC(343) - age   5:       2072 bytes,     877928 total
[2020-09-11T19:19:18.566+0000][1][gc,age       ] GC(343) - age   6:      79120 bytes,     957048 total
[2020-09-11T19:19:18.566+0000][1][gc,heap      ] GC(343) ParNew: 68847K->979K(76672K)
[2020-09-11T19:19:18.566+0000][1][gc,heap      ] GC(343) CMS: 107713K->107732K(439104K)
[2020-09-11T19:19:18.566+0000][1][gc,metaspace ] GC(343) Metaspace: 102701K->102701K(1144832K)
[2020-09-11T19:19:18.566+0000][1][gc           ] GC(343) Pause Young (Allocation Failure) 172M->106M(503M) 9.725ms
[2020-09-11T19:19:18.566+0000][1][gc,cpu       ] GC(343) User=0.00s Sys=0.00s Real=0.02s
[2020-09-11T19:19:18.577+0000][1][safepoint    ] Safepoint "GenCollectForAllocation", Time since last: 65414379 ns, Reaching safepoint: 1243129 ns, At safepoint: 21319601 ns, Total: 22562730 ns
[2020-09-11T19:19:19.584+0000][1][safepoint    ] Safepoint "Cleanup", Time since last: 1006582595 ns, Reaching safepoint: 136388 ns, At safepoint: 10728 ns, Total: 147116 ns
[2020-09-11T19:19:20.244+0000][1][safepoint    ] Safepoint "RevokeBias", Time since last: 660096159 ns, Reaching safepoint: 180118 ns, At safepoint: 26130 ns, Total: 206248 ns
[2020-09-11T19:19:20.271+0000][1][safepoint    ] Safepoint "RevokeBias", Time since last: 26915431 ns, Reaching safepoint: 176989 ns, At safepoint: 22572 ns, Total: 199561 ns
[2020-09-11T19:19:20.292+0000][1][safepoint    ] Safepoint "RevokeBias", Time since last: 20773768 ns, Reaching safepoint: 95727 ns, At safepoint: 21675 ns, Total: 117402 ns
[2020-09-11T19:19:20.311+0000][1][safepoint    ] Safepoint "RevokeBias", Time since last: 18565960 ns, Reaching safepoint: 215150 ns, At safepoint: 23014 ns, Total: 238164 ns
[2020-09-11T19:19:20.334+0000][1][safepoint    ] Safepoint "RevokeBias", Time since last: 22873829 ns, Reaching safepoint: 174097 ns, At safepoint: 22346 ns, Total: 196443 ns
[2020-09-11T19:19:20.449+0000][1][safepoint    ] Safepoint "RevokeBias", Time since last: 114863263 ns, Reaching safepoint: 97762 ns, At safepoint: 22493 ns, Total: 120255 ns
[2020-09-11T19:19:21.450+0000][1][safepoint    ] Safepoint "Cleanup", Time since last: 1000135757 ns, Reaching safepoint: 191379 ns, At safepoint: 18967 ns, Total: 210346 ns
[2020-09-11T19:19:22.450+0000][1][safepoint    ] Safepoint "Cleanup", Time since last: 1000207455 ns, Reaching safepoint: 180912 ns, At safepoint: 18876 ns, Total: 199788 ns
[2020-09-11T19:19:23.450+0000][1][safepoint    ] Safepoint "Cleanup", Time since last: 1000219713 ns, Reaching safepoint: 180241 ns, At safepoint: 18609 ns, Total: 198850 ns
[2020-09-11T19:19:24.451+0000][1][safepoint    ] Safepoint "Cleanup", Time since last: 1000228531 ns, Reaching safepoint: 182613 ns, At safepoint: 19094 ns, Total: 201707 ns
[2020-09-11T19:19:25.163+0000][1][safepoint    ] Safepoint "RevokeBias", Time since last: 712329906 ns, Reaching safepoint: 264481 ns, At safepoint: 22966 ns, Total: 287447 ns
[2020-09-11T19:19:26.164+0000][1][safepoint    ] Safepoint "Cleanup", Time since last: 1000163787 ns, Reaching safepoint: 127832 ns, At safepoint: 7760 ns, Total: 135592 ns
[2020-09-11T19:19:27.164+0000][1][safepoint    ] Safepoint "Cleanup", Time since last: 1000181499 ns, Reaching safepoint: 118705 ns, At safepoint: 7569 ns, Total: 126274 ns
[2020-09-11T19:19:28.164+0000][1][safepoint    ] Safepoint "Cleanup", Time since last: 1000146217 ns, Reaching safepoint: 157296 ns, At safepoint: 9499 ns, Total: 166795 ns
[2020-09-11T19:19:28.455+0000][1][safepoint    ] Safepoint "RevokeBias", Time since last: 289867544 ns, Reaching safepoint: 263137 ns, At safepoint: 23027 ns, Total: 286164 ns
[2020-09-11T19:19:29.455+0000][1][safepoint    ] Safepoint "Cleanup", Time since last: 1000180254 ns, Reaching safepoint: 124374 ns, At safepoint: 7601 ns, Total: 131975 ns
[2020-09-11T19:19:30.366+0000][1][safepoint    ] Safepoint "RevokeBias", Time since last: 910916010 ns, Reaching safepoint: 137469 ns, At safepoint: 30766 ns, Total: 168235 ns
[2020-09-11T19:19:30.388+0000][1][safepoint    ] Safepoint "RevokeBias", Time since last: 22332774 ns, Reaching safepoint: 221799 ns, At safepoint: 22091 ns, Total: 243890 ns
[2020-09-11T19:19:30.414+0000][1][safepoint    ] Safepoint "RevokeBias", Time since last: 25877115 ns, Reaching safepoint: 97112 ns, At safepoint: 20655 ns, Total: 117767 ns
[2020-09-11T19:19:30.432+0000][1][safepoint    ] Safepoint "RevokeBias", Time since last: 16969111 ns, Reaching safepoint: 100700 ns, At safepoint: 19161 ns, Total: 119861 ns
[2020-09-11T19:19:30.448+0000][1][safepoint    ] Safepoint "BulkRevokeBias", Time since last: 15895798 ns, Reaching safepoint: 107101 ns, At safepoint: 258313 ns, Total: 365414 ns
[2020-09-11T19:19:30.563+0000][1][safepoint    ] Safepoint "RevokeBias", Time since last: 115029042 ns, Reaching safepoint: 101093 ns, At safepoint: 21156 ns, Total: 122249 ns
[2020-09-11T19:19:31.563+0000][1][safepoint    ] Safepoint "Cleanup", Time since last: 1000166617 ns, Reaching safepoint: 182549 ns, At safepoint: 18944 ns, Total: 201493 ns
[2020-09-11T19:19:32.564+0000][1][safepoint    ] Safepoint "Cleanup", Time since last: 1000226899 ns, Reaching safepoint: 182487 ns, At safepoint: 51898 ns, Total: 234385 ns
[2020-09-11T19:19:33.564+0000][1][safepoint    ] Safepoint "Cleanup", Time since last: 1000200503 ns, Reaching safepoint: 151070 ns, At safepoint: 8166 ns, Total: 159236 ns
[2020-09-11T19:19:34.564+0000][1][safepoint    ] Safepoint "Cleanup", Time since last: 1000174391 ns, Reaching safepoint: 123726 ns, At safepoint: 7359 ns, Total: 131085 ns
[2020-09-11T19:19:35.172+0000][1][safepoint    ] Safepoint "RevokeBias", Time since last: 607578639 ns, Reaching safepoint: 101546 ns, At safepoint: 21204 ns, Total: 122750 ns
[2020-09-11T19:19:36.173+0000][1][safepoint    ] Safepoint "Cleanup", Time since last: 1000162995 ns, Reaching safepoint: 185893 ns, At safepoint: 19849 ns, Total: 205742 ns
[2020-09-11T19:19:37.173+0000][1][safepoint    ] Safepoint "Cleanup", Time since last: 1000219560 ns, Reaching safepoint: 183580 ns, At safepoint: 19047 ns, Total: 202627 ns
[2020-09-11T19:19:38.173+0000][1][safepoint    ] Safepoint "Cleanup", Time since last: 1000172871 ns, Reaching safepoint: 187389 ns, At safepoint: 17136 ns, Total: 204525 ns
[2020-09-11T19:19:38.428+0000][1][gc,start     ] GC(344) Pause Young (Allocation Failure)
[2020-09-11T19:19:38.428+0000][1][gc,task      ] GC(344) Using 1 workers of 1 for evacuation
[2020-09-11T19:19:38.433+0000][1][gc,age       ] GC(344) Desired survivor size 4358144 bytes, new threshold 6 (max threshold 6)
[2020-09-11T19:19:38.434+0000][1][gc,age       ] GC(344) Age table with threshold 6 (max threshold 6)
[2020-09-11T19:19:38.434+0000][1][gc,age       ] GC(344) - age   1:     325544 bytes,     325544 total
[2020-09-11T19:19:38.434+0000][1][gc,age       ] GC(344) - age   2:      31368 bytes,     356912 total
[2020-09-11T19:19:38.434+0000][1][gc,age       ] GC(344) - age   3:      79576 bytes,     436488 total
[2020-09-11T19:19:38.434+0000][1][gc,age       ] GC(344) - age   4:      52792 bytes,     489280 total
[2020-09-11T19:19:38.434+0000][1][gc,age       ] GC(344) - age   5:      36496 bytes,     525776 total
[2020-09-11T19:19:38.434+0000][1][gc,age       ] GC(344) - age   6:        832 bytes,     526608 total
[2020-09-11T19:19:38.434+0000][1][gc,heap      ] GC(344) ParNew: 69139K->762K(76672K)
[2020-09-11T19:19:38.434+0000][1][gc,heap      ] GC(344) CMS: 107732K->107809K(439104K)
[2020-09-11T19:19:38.434+0000][1][gc,metaspace ] GC(344) Metaspace: 102701K->102701K(1144832K)
[2020-09-11T19:19:38.434+0000][1][gc           ] GC(344) Pause Young (Allocation Failure) 172M->106M(503M) 5.515ms
[2020-09-11T19:19:38.434+0000][1][gc,cpu       ] GC(344) User=0.00s Sys=0.00s Real=0.00s
[2020-09-11T19:19:38.434+0000][1][safepoint    ] Safepoint "GenCollectForAllocation", Time since last: 254585575 ns, Reaching safepoint: 209708 ns, At safepoint: 5584550 ns, Total: 5794258 ns
[2020-09-11T19:19:38.463+0000][1][safepoint    ] Safepoint "RevokeBias", Time since last: 28969740 ns, Reaching safepoint: 236951 ns, At safepoint: 21849 ns, Total: 258800 ns
[2020-09-11T19:19:39.463+0000][1][safepoint    ] Safepoint "Cleanup", Time since last: 1000179698 ns, Reaching safepoint: 177139 ns, At safepoint: 18763 ns, Total: 195902 ns
[2020-09-11T19:19:40.464+0000][1][safepoint    ] Safepoint "Cleanup", Time since last: 1000212394 ns, Reaching safepoint: 138733 ns, At safepoint: 7295 ns, Total: 146028 ns
[2020-09-11T19:19:40.468+0000][1][safepoint    ] Safepoint "RevokeBias", Time since last: 4517838 ns, Reaching safepoint: 214610 ns, At safepoint: 22107 ns, Total: 236717 ns
[2020-09-11T19:19:40.488+0000][1][safepoint    ] Safepoint "RevokeBias", Time since last: 18912494 ns, Reaching safepoint: 215687 ns, At safepoint: 22689 ns, Total: 238376 ns
[2020-09-11T19:19:40.507+0000][1][safepoint    ] Safepoint "RevokeBias", Time since last: 18809360 ns, Reaching safepoint: 107953 ns, At safepoint: 23011 ns, Total: 130964 ns
[2020-09-11T19:19:40.524+0000][1][safepoint    ] Safepoint "RevokeBias", Time since last: 17507800 ns, Reaching safepoint: 222818 ns, At safepoint: 22795 ns, Total: 245613 ns
[2020-09-11T19:19:40.543+0000][1][safepoint    ] Safepoint "RevokeBias", Time since last: 18439044 ns, Reaching safepoint: 104350 ns, At safepoint: 21596 ns, Total: 125946 ns
[2020-09-11T19:19:40.670+0000][1][safepoint    ] Safepoint "RevokeBias", Time since last: 126651191 ns, Reaching safepoint: 305034 ns, At safepoint: 23181 ns, Total: 328215 ns
[2020-09-11T19:19:41.670+0000][1][safepoint    ] Safepoint "Cleanup", Time since last: 1000149609 ns, Reaching safepoint: 148256 ns, At safepoint: 7816 ns, Total: 156072 ns
[2020-09-11T19:19:42.671+0000][1][safepoint    ] Safepoint "Cleanup", Time since last: 1000147161 ns, Reaching safepoint: 186283 ns, At safepoint: 18940 ns, Total: 205223 ns
[2020-09-11T19:19:43.671+0000][1][safepoint    ] Safepoint "Cleanup", Time since last: 1000225707 ns, Reaching safepoint: 125225 ns, At safepoint: 8338 ns, Total: 133563 ns
[2020-09-11T19:19:44.671+0000][1][safepoint    ] Safepoint "Cleanup", Time since last: 1000182329 ns, Reaching safepoint: 186384 ns, At safepoint: 19354 ns, Total: 205738 ns
[2020-09-11T19:19:45.161+0000][1][safepoint    ] Safepoint "RevokeBias", Time since last: 490072088 ns, Reaching safepoint: 108493 ns, At safepoint: 21888 ns, Total: 130381 ns
[2020-09-11T19:19:46.162+0000][1][safepoint    ] Safepoint "Cleanup", Time since last: 1000138444 ns, Reaching safepoint: 196176 ns, At safepoint: 18379 ns, Total: 214555 ns
[2020-09-11T19:19:47.162+0000][1][safepoint    ] Safepoint "Cleanup", Time since last: 1000218017 ns, Reaching safepoint: 119252 ns, At safepoint: 7511 ns, Total: 126763 ns
[2020-09-11T19:19:48.162+0000][1][safepoint    ] Safepoint "Cleanup", Time since last: 1000117129 ns, Reaching safepoint: 102320 ns, At safepoint: 10498 ns, Total: 112818 ns
[2020-09-11T19:19:48.516+0000][1][safepoint    ] Safepoint "RevokeBias", Time since last: 349363502 ns, Reaching safepoint: 4398701 ns, At safepoint: 54092 ns, Total: 4452793 ns
[2020-09-11T19:19:49.517+0000][1][safepoint    ] Safepoint "Cleanup", Time since last: 1000189809 ns, Reaching safepoint: 184261 ns, At safepoint: 20076 ns, Total: 204337 ns
[2020-09-11T19:19:50.517+0000][1][safepoint    ] Safepoint "Cleanup", Time since last: 1000220766 ns, Reaching safepoint: 183988 ns, At safepoint: 18603 ns, Total: 202591 ns
[2020-09-11T19:19:50.565+0000][1][safepoint    ] Safepoint "RevokeBias", Time since last: 48085236 ns, Reaching safepoint: 173166 ns, At safepoint: 22635 ns, Total: 195801 ns
[2020-09-11T19:19:50.580+0000][1][safepoint    ] Safepoint "RevokeBias", Time since last: 14148621 ns, Reaching safepoint: 175856 ns, At safepoint: 21897 ns, Total: 197753 ns
[2020-09-11T19:19:50.599+0000][1][safepoint    ] Safepoint "RevokeBias", Time since last: 19005230 ns, Reaching safepoint: 173088 ns, At safepoint: 21367 ns, Total: 194455 ns
[2020-09-11T19:19:50.619+0000][1][safepoint    ] Safepoint "RevokeBias", Time since last: 19846833 ns, Reaching safepoint: 173020 ns, At safepoint: 22698 ns, Total: 195718 ns
[2020-09-11T19:19:50.634+0000][1][safepoint    ] Safepoint "RevokeBias", Time since last: 15223964 ns, Reaching safepoint: 99578 ns, At safepoint: 22069 ns, Total: 121647 ns
[2020-09-11T19:19:50.750+0000][1][safepoint    ] Safepoint "RevokeBias", Time since last: 115441003 ns, Reaching safepoint: 97160 ns, At safepoint: 22389 ns, Total: 119549 ns
[2020-09-11T19:19:51.750+0000][1][safepoint    ] Safepoint "Cleanup", Time since last: 1000201582 ns, Reaching safepoint: 135680 ns, At safepoint: 8169 ns, Total: 143849 ns
[2020-09-11T19:19:52.750+0000][1][safepoint    ] Safepoint "Cleanup", Time since last: 1000129806 ns, Reaching safepoint: 185260 ns, At safepoint: 18399 ns, Total: 203659 ns
[2020-09-11T19:19:53.149+0000][1][gc,start     ] GC(345) Pause Young (Allocation Failure)
[2020-09-11T19:19:53.149+0000][1][gc,task      ] GC(345) Using 1 workers of 1 for evacuation
[2020-09-11T19:19:53.153+0000][1][gc,age       ] GC(345) Desired survivor size 4358144 bytes, new threshold 6 (max threshold 6)
[2020-09-11T19:19:53.153+0000][1][gc,age       ] GC(345) Age table with threshold 6 (max threshold 6)
[2020-09-11T19:19:53.153+0000][1][gc,age       ] GC(345) - age   1:     110144 bytes,     110144 total
[2020-09-11T19:19:53.153+0000][1][gc,age       ] GC(345) - age   2:      30056 bytes,     140200 total
[2020-09-11T19:19:53.153+0000][1][gc,age       ] GC(345) - age   3:      29368 bytes,     169568 total
[2020-09-11T19:19:53.153+0000][1][gc,age       ] GC(345) - age   4:      57376 bytes,     226944 total
[2020-09-11T19:19:53.153+0000][1][gc,age       ] GC(345) - age   5:      49040 bytes,     275984 total
[2020-09-11T19:19:53.153+0000][1][gc,age       ] GC(345) - age   6:      36224 bytes,     312208 total
[2020-09-11T19:19:53.153+0000][1][gc,heap      ] GC(345) ParNew: 68922K->576K(76672K)
[2020-09-11T19:19:53.153+0000][1][gc,heap      ] GC(345) CMS: 107809K->107810K(439104K)
[2020-09-11T19:19:53.153+0000][1][gc,metaspace ] GC(345) Metaspace: 102705K->102705K(1144832K)
[2020-09-11T19:19:53.153+0000][1][gc           ] GC(345) Pause Young (Allocation Failure) 172M->105M(503M) 4.553ms
[2020-09-11T19:19:53.153+0000][1][gc,cpu       ] GC(345) User=0.00s Sys=0.00s Real=0.00s
[2020-09-11T19:19:53.154+0000][1][safepoint    ] Safepoint "GenCollectForAllocation", Time since last: 398104940 ns, Reaching safepoint: 206113 ns, At safepoint: 5608822 ns, Total: 5814935 ns
[2020-09-11T19:19:54.156+0000][1][safepoint    ] Safepoint "Cleanup", Time since last: 1001492944 ns, Reaching safepoint: 167486 ns, At safepoint: 41823 ns, Total: 209309 ns
[2020-09-11T19:19:55.156+0000][1][safepoint    ] Safepoint "Cleanup", Time since last: 1000247422 ns, Reaching safepoint: 136282 ns, At safepoint: 18244 ns, Total: 154526 ns
[2020-09-11T19:19:55.161+0000][1][safepoint    ] Safepoint "RevokeBias", Time since last: 4377521 ns, Reaching safepoint: 97681 ns, At safepoint: 34490 ns, Total: 132171 ns
[2020-09-11T19:19:56.161+0000][1][safepoint    ] Safepoint "Cleanup", Time since last: 1000164122 ns, Reaching safepoint: 176018 ns, At safepoint: 51820 ns, Total: 227838 ns
[2020-09-11T19:19:57.162+0000][1][safepoint    ] Safepoint "Cleanup", Time since last: 1000179824 ns, Reaching safepoint: 362625 ns, At safepoint: 45167 ns, Total: 407792 ns
[2020-09-11T19:19:58.162+0000][1][safepoint    ] Safepoint "Cleanup", Time since last: 1000174066 ns, Reaching safepoint: 134856 ns, At safepoint: 5918 ns, Total: 140774 ns
[2020-09-11T19:19:58.487+0000][1][safepoint    ] Safepoint "RevokeBias", Time since last: 324403153 ns, Reaching safepoint: 233856 ns, At safepoint: 23263 ns, Total: 257119 ns
[2020-09-11T19:19:59.487+0000][1][safepoint    ] Safepoint "Cleanup", Time since last: 1000180471 ns, Reaching safepoint: 121221 ns, At safepoint: 8070 ns, Total: 129291 ns
[2020-09-11T19:20:00.488+0000][1][safepoint    ] Safepoint "Cleanup", Time since last: 1000194163 ns, Reaching safepoint: 189081 ns, At safepoint: 20641 ns, Total: 209722 ns
[2020-09-11T19:20:00.659+0000][1][safepoint    ] Safepoint "RevokeBias", Time since last: 171506531 ns, Reaching safepoint: 186035 ns, At safepoint: 26773 ns, Total: 212808 ns
[2020-09-11T19:20:00.678+0000][1][safepoint    ] Safepoint "RevokeBias", Time since last: 18820935 ns, Reaching safepoint: 95721 ns, At safepoint: 25670 ns, Total: 121391 ns
[2020-09-11T19:20:00.702+0000][1][safepoint    ] Safepoint "RevokeBias", Time since last: 23212893 ns, Reaching safepoint: 123627 ns, At safepoint: 20214 ns, Total: 143841 ns
[2020-09-11T19:20:00.720+0000][1][safepoint    ] Safepoint "RevokeBias", Time since last: 18493200 ns, Reaching safepoint: 103756 ns, At safepoint: 21707 ns, Total: 125463 ns
[2020-09-11T19:20:00.743+0000][1][safepoint    ] Safepoint "RevokeBias", Time since last: 22744158 ns, Reaching safepoint: 171372 ns, At safepoint: 22475 ns, Total: 193847 ns
[2020-09-11T19:20:00.858+0000][1][safepoint    ] Safepoint "RevokeBias", Time since last: 114693848 ns, Reaching safepoint: 172397 ns, At safepoint: 22567 ns, Total: 194964 ns
[2020-09-11T19:20:01.859+0000][1][safepoint    ] Safepoint "Cleanup", Time since last: 1000176114 ns, Reaching safepoint: 179510 ns, At safepoint: 17490 ns, Total: 197000 ns
[2020-09-11T19:20:02.859+0000][1][safepoint    ] Safepoint "Cleanup", Time since last: 1000180429 ns, Reaching safepoint: 150930 ns, At safepoint: 6154 ns, Total: 157084 ns
[2020-09-11T19:20:03.859+0000][1][safepoint    ] Safepoint "Cleanup", Time since last: 1000173978 ns, Reaching safepoint: 138946 ns, At safepoint: 7312 ns, Total: 146258 ns
[2020-09-11T19:20:04.859+0000][1][safepoint    ] Safepoint "Cleanup", Time since last: 1000158826 ns, Reaching safepoint: 137503 ns, At safepoint: 7787 ns, Total: 145290 ns
[2020-09-11T19:20:05.169+0000][1][safepoint    ] Safepoint "RevokeBias", Time since last: 309742720 ns, Reaching safepoint: 98358 ns, At safepoint: 34800 ns, Total: 133158 ns
[2020-09-11T19:20:06.170+0000][1][safepoint    ] Safepoint "Cleanup", Time since last: 1000170120 ns, Reaching safepoint: 130482 ns, At safepoint: 7460 ns, Total: 137942 ns
[2020-09-11T19:20:07.170+0000][1][safepoint    ] Safepoint "Cleanup", Time since last: 1000115531 ns, Reaching safepoint: 95077 ns, At safepoint: 7080 ns, Total: 102157 ns
[2020-09-11T19:20:08.170+0000][1][safepoint    ] Safepoint "Cleanup", Time since last: 1000134138 ns, Reaching safepoint: 136779 ns, At safepoint: 6566 ns, Total: 143345 ns
[2020-09-11T19:20:08.460+0000][1][safepoint    ] Safepoint "RevokeBias", Time since last: 289266028 ns, Reaching safepoint: 206326 ns, At safepoint: 22350 ns, Total: 228676 ns
[2020-09-11T19:20:09.460+0000][1][safepoint    ] Safepoint "Cleanup", Time since last: 1000146346 ns, Reaching safepoint: 181176 ns, At safepoint: 19088 ns, Total: 200264 ns
[2020-09-11T19:20:10.460+0000][1][safepoint    ] Safepoint "Cleanup", Time since last: 1000228553 ns, Reaching safepoint: 90150 ns, At safepoint: 7490 ns, Total: 97640 ns
[2020-09-11T19:20:10.758+0000][1][safepoint    ] Safepoint "RevokeBias", Time since last: 297027842 ns, Reaching safepoint: 175480 ns, At safepoint: 23492 ns, Total: 198972 ns
[2020-09-11T19:20:10.777+0000][1][gc,start     ] GC(346) Pause Young (Allocation Failure)
[2020-09-11T19:20:10.777+0000][1][gc,task      ] GC(346) Using 1 workers of 1 for evacuation
[2020-09-11T19:20:10.785+0000][1][gc,age       ] GC(346) Desired survivor size 4358144 bytes, new threshold 6 (max threshold 6)
[2020-09-11T19:20:10.785+0000][1][gc,age       ] GC(346) Age table with threshold 6 (max threshold 6)
[2020-09-11T19:20:10.785+0000][1][gc,age       ] GC(346) - age   1:     170072 bytes,     170072 total
[2020-09-11T19:20:10.785+0000][1][gc,age       ] GC(346) - age   2:      58768 bytes,     228840 total
[2020-09-11T19:20:10.785+0000][1][gc,age       ] GC(346) - age   3:      24232 bytes,     253072 total
[2020-09-11T19:20:10.785+0000][1][gc,age       ] GC(346) - age   4:      28880 bytes,     281952 total
[2020-09-11T19:20:10.785+0000][1][gc,age       ] GC(346) - age   5:      10752 bytes,     292704 total
[2020-09-11T19:20:10.785+0000][1][gc,age       ] GC(346) - age   6:      41728 bytes,     334432 total
[2020-09-11T19:20:10.785+0000][1][gc,heap      ] GC(346) ParNew: 68736K->516K(76672K)
[2020-09-11T19:20:10.785+0000][1][gc,heap      ] GC(346) CMS: 107810K->107842K(439104K)
[2020-09-11T19:20:10.785+0000][1][gc,metaspace ] GC(346) Metaspace: 102705K->102705K(1144832K)
[2020-09-11T19:20:10.785+0000][1][gc           ] GC(346) Pause Young (Allocation Failure) 172M->105M(503M) 7.911ms
[2020-09-11T19:20:10.785+0000][1][gc,cpu       ] GC(346) User=0.01s Sys=0.00s Real=0.01s
[2020-09-11T19:20:10.785+0000][1][safepoint    ] Safepoint "GenCollectForAllocation", Time since last: 19370631 ns, Reaching safepoint: 161611 ns, At safepoint: 7996702 ns, Total: 8158313 ns
[2020-09-11T19:20:10.789+0000][1][safepoint    ] Safepoint "RevokeBias", Time since last: 3959737 ns, Reaching safepoint: 98264 ns, At safepoint: 33246 ns, Total: 131510 ns
[2020-09-11T19:20:10.812+0000][1][safepoint    ] Safepoint "RevokeBias", Time since last: 23045987 ns, Reaching safepoint: 102753 ns, At safepoint: 33736 ns, Total: 136489 ns
[2020-09-11T19:20:10.889+0000][1][safepoint    ] Safepoint "RevokeBias", Time since last: 76846355 ns, Reaching safepoint: 181966 ns, At safepoint: 29002 ns, Total: 210968 ns
[2020-09-11T19:20:10.930+0000][1][safepoint    ] Safepoint "RevokeBias", Time since last: 40374699 ns, Reaching safepoint: 99612 ns, At safepoint: 24034 ns, Total: 123646 ns
[2020-09-11T19:20:11.049+0000][1][safepoint    ] Safepoint "RevokeBias", Time since last: 119368272 ns, Reaching safepoint: 97943 ns, At safepoint: 21250 ns, Total: 119193 ns
[2020-09-11T19:20:12.050+0000][1][safepoint    ] Safepoint "Cleanup", Time since last: 1000175787 ns, Reaching safepoint: 199675 ns, At safepoint: 18145 ns, Total: 217820 ns
[2020-09-11T19:20:13.050+0000][1][safepoint    ] Safepoint "Cleanup", Time since last: 1000213080 ns, Reaching safepoint: 117989 ns, At safepoint: 7755 ns, Total: 125744 ns
[2020-09-11T19:20:14.051+0000][1][safepoint    ] Safepoint "Cleanup", Time since last: 1000177139 ns, Reaching safepoint: 177752 ns, At safepoint: 18920 ns, Total: 196672 ns
[2020-09-11T19:20:15.051+0000][1][safepoint    ] Safepoint "Cleanup", Time since last: 1000198653 ns, Reaching safepoint: 176365 ns, At safepoint: 17972 ns, Total: 194337 ns
[2020-09-11T19:20:15.173+0000][1][safepoint    ] Safepoint "RevokeBias", Time since last: 121665794 ns, Reaching safepoint: 222330 ns, At safepoint: 23003 ns, Total: 245333 ns
[2020-09-11T19:20:16.173+0000][1][safepoint    ] Safepoint "Cleanup", Time since last: 1000166691 ns, Reaching safepoint: 131097 ns, At safepoint: 8721 ns, Total: 139818 ns
[2020-09-11T19:20:17.173+0000][1][safepoint    ] Safepoint "Cleanup", Time since last: 1000163403 ns, Reaching safepoint: 129186 ns, At safepoint: 6810 ns, Total: 135996 ns
[2020-09-11T19:20:18.175+0000][1][safepoint    ] Safepoint "Cleanup", Time since last: 1000843521 ns, Reaching safepoint: 395515 ns, At safepoint: 23113 ns, Total: 418628 ns
[2020-09-11T19:20:18.456+0000][1][safepoint    ] Safepoint "RevokeBias", Time since last: 281273772 ns, Reaching safepoint: 208023 ns, At safepoint: 23243 ns, Total: 231266 ns
[2020-09-11T19:20:19.457+0000][1][safepoint    ] Safepoint "Cleanup", Time since last: 1000166831 ns, Reaching safepoint: 181814 ns, At safepoint: 20070 ns, Total: 201884 ns
[2020-09-11T19:20:20.457+0000][1][safepoint    ] Safepoint "Cleanup", Time since last: 1000230580 ns, Reaching safepoint: 176656 ns, At safepoint: 19234 ns, Total: 195890 ns
[2020-09-11T19:20:20.918+0000][1][safepoint    ] Safepoint "RevokeBias", Time since last: 460460272 ns, Reaching safepoint: 193492 ns, At safepoint: 22318 ns, Total: 215810 ns
[2020-09-11T19:20:20.944+0000][1][safepoint    ] Safepoint "RevokeBias", Time since last: 25882419 ns, Reaching safepoint: 181422 ns, At safepoint: 22106 ns, Total: 203528 ns
[2020-09-11T19:20:20.958+0000][1][safepoint    ] Safepoint "RevokeBias", Time since last: 13907114 ns, Reaching safepoint: 97013 ns, At safepoint: 21078 ns, Total: 118091 ns
[2020-09-11T19:20:20.999+0000][1][safepoint    ] Safepoint "RevokeBias", Time since last: 41067800 ns, Reaching safepoint: 174833 ns, At safepoint: 22435 ns, Total: 197268 ns
[2020-09-11T19:20:21.017+0000][1][safepoint    ] Safepoint "RevokeBias", Time since last: 18077429 ns, Reaching safepoint: 186205 ns, At safepoint: 23362 ns, Total: 209567 ns
[2020-09-11T19:20:21.140+0000][1][safepoint    ] Safepoint "BulkRevokeBias", Time since last: 121863451 ns, Reaching safepoint: 98232 ns, At safepoint: 256589 ns, Total: 354821 ns
[2020-09-11T19:20:22.140+0000][1][safepoint    ] Safepoint "Cleanup", Time since last: 1000179270 ns, Reaching safepoint: 184868 ns, At safepoint: 19204 ns, Total: 204072 ns
[2020-09-11T19:20:23.140+0000][1][safepoint    ] Safepoint "Cleanup", Time since last: 1000224451 ns, Reaching safepoint: 185282 ns, At safepoint: 19825 ns, Total: 205107 ns
[2020-09-11T19:20:24.141+0000][1][safepoint    ] Safepoint "Cleanup", Time since last: 1000221792 ns, Reaching safepoint: 186391 ns, At safepoint: 19418 ns, Total: 205809 ns
[2020-09-11T19:20:25.141+0000][1][safepoint    ] Safepoint "Cleanup", Time since last: 1000220863 ns, Reaching safepoint: 125204 ns, At safepoint: 7987 ns, Total: 133191 ns
[2020-09-11T19:20:25.163+0000][1][safepoint    ] Safepoint "RevokeBias", Time since last: 21535691 ns, Reaching safepoint: 242961 ns, At safepoint: 22184 ns, Total: 265145 ns
[2020-09-11T19:20:26.822+0000][1][safepoint    ] Safepoint "Cleanup", Time since last: 1658805120 ns, Reaching safepoint: 134804 ns, At safepoint: 12751 ns, Total: 147555 ns
[2020-09-11T19:20:27.822+0000][1][safepoint    ] Safepoint "Cleanup", Time since last: 1000196147 ns, Reaching safepoint: 176354 ns, At safepoint: 8814 ns, Total: 185168 ns
[2020-09-11T19:20:28.489+0000][1][safepoint    ] Safepoint "RevokeBias", Time since last: 666677582 ns, Reaching safepoint: 249185 ns, At safepoint: 22044 ns, Total: 271229 ns
[2020-09-11T19:20:28.513+0000][1][gc,start     ] GC(347) Pause Young (Allocation Failure)
[2020-09-11T19:20:28.513+0000][1][gc,task      ] GC(347) Using 1 workers of 1 for evacuation
[2020-09-11T19:20:28.525+0000][1][gc,age       ] GC(347) Desired survivor size 4358144 bytes, new threshold 6 (max threshold 6)
[2020-09-11T19:20:28.525+0000][1][gc,age       ] GC(347) Age table with threshold 6 (max threshold 6)
[2020-09-11T19:20:28.525+0000][1][gc,age       ] GC(347) - age   1:     654384 bytes,     654384 total
[2020-09-11T19:20:28.525+0000][1][gc,age       ] GC(347) - age   2:      94312 bytes,     748696 total
[2020-09-11T19:20:28.525+0000][1][gc,age       ] GC(347) - age   3:      32760 bytes,     781456 total
[2020-09-11T19:20:28.525+0000][1][gc,age       ] GC(347) - age   4:      24192 bytes,     805648 total
[2020-09-11T19:20:28.525+0000][1][gc,age       ] GC(347) - age   5:       3360 bytes,     809008 total
[2020-09-11T19:20:28.525+0000][1][gc,age       ] GC(347) - age   6:        296 bytes,     809304 total
[2020-09-11T19:20:28.525+0000][1][gc,heap      ] GC(347) ParNew: 68654K->928K(76672K)
[2020-09-11T19:20:28.525+0000][1][gc,heap      ] GC(347) CMS: 107842K->107883K(439104K)
[2020-09-11T19:20:28.525+0000][1][gc,metaspace ] GC(347) Metaspace: 102706K->102706K(1144832K)
[2020-09-11T19:20:28.525+0000][1][gc           ] GC(347) Pause Young (Allocation Failure) 172M->106M(503M) 12.141ms
[2020-09-11T19:20:28.525+0000][1][gc,cpu       ] GC(347) User=0.01s Sys=0.00s Real=0.01s
[2020-09-11T19:20:28.525+0000][1][safepoint    ] Safepoint "GenCollectForAllocation", Time since last: 22776055 ns, Reaching safepoint: 955946 ns, At safepoint: 12210322 ns, Total: 13166268 ns
[2020-09-11T19:20:29.534+0000][1][safepoint    ] Safepoint "Cleanup", Time since last: 1008542702 ns, Reaching safepoint: 119782 ns, At safepoint: 7893 ns, Total: 127675 ns
[2020-09-11T19:20:30.534+0000][1][safepoint    ] Safepoint "Cleanup", Time since last: 1000186168 ns, Reaching safepoint: 170595 ns, At safepoint: 18365 ns, Total: 188960 ns
[2020-09-11T19:20:31.030+0000][1][safepoint    ] Safepoint "RevokeBias", Time since last: 495343089 ns, Reaching safepoint: 131087 ns, At safepoint: 22569 ns, Total: 153656 ns
[2020-09-11T19:20:31.058+0000][1][safepoint    ] Safepoint "RevokeBias", Time since last: 28098185 ns, Reaching safepoint: 96918 ns, At safepoint: 21373 ns, Total: 118291 ns
[2020-09-11T19:20:31.073+0000][1][safepoint    ] Safepoint "RevokeBias", Time since last: 14884568 ns, Reaching safepoint: 174116 ns, At safepoint: 22597 ns, Total: 196713 ns
[2020-09-11T19:20:31.111+0000][1][safepoint    ] Safepoint "RevokeBias", Time since last: 37609279 ns, Reaching safepoint: 97997 ns, At safepoint: 20503 ns, Total: 118500 ns
[2020-09-11T19:20:31.135+0000][1][safepoint    ] Safepoint "RevokeBias", Time since last: 23819032 ns, Reaching safepoint: 102324 ns, At safepoint: 23029 ns, Total: 125353 ns
[2020-09-11T19:20:31.255+0000][1][safepoint    ] Safepoint "RevokeBias", Time since last: 119763848 ns, Reaching safepoint: 101173 ns, At safepoint: 20868 ns, Total: 122041 ns
[2020-09-11T19:20:32.255+0000][1][safepoint    ] Safepoint "Cleanup", Time since last: 1000157491 ns, Reaching safepoint: 184814 ns, At safepoint: 18866 ns, Total: 203680 ns
[2020-09-11T19:20:33.255+0000][1][safepoint    ] Safepoint "Cleanup", Time since last: 1000183992 ns, Reaching safepoint: 181212 ns, At safepoint: 20738 ns, Total: 201950 ns
[2020-09-11T19:20:34.256+0000][1][safepoint    ] Safepoint "Cleanup", Time since last: 1000207614 ns, Reaching safepoint: 181336 ns, At safepoint: 18342 ns, Total: 199678 ns
[2020-09-11T19:20:35.165+0000][1][safepoint    ] Safepoint "RevokeBias", Time since last: 908900361 ns, Reaching safepoint: 236217 ns, At safepoint: 25271 ns, Total: 261488 ns
[2020-09-11T19:20:36.165+0000][1][safepoint    ] Safepoint "Cleanup", Time since last: 1000178063 ns, Reaching safepoint: 213159 ns, At safepoint: 17627 ns, Total: 230786 ns
[2020-09-11T19:20:37.166+0000][1][safepoint    ] Safepoint "Cleanup", Time since last: 1000236088 ns, Reaching safepoint: 207539 ns, At safepoint: 18640 ns, Total: 226179 ns
[2020-09-11T19:20:38.166+0000][1][safepoint    ] Safepoint "Cleanup", Time since last: 1000180512 ns, Reaching safepoint: 136673 ns, At safepoint: 8632 ns, Total: 145305 ns
[2020-09-11T19:20:38.469+0000][1][safepoint    ] Safepoint "RevokeBias", Time since last: 302938090 ns, Reaching safepoint: 108411 ns, At safepoint: 21278 ns, Total: 129689 ns
[2020-09-11T19:20:39.470+0000][1][safepoint    ] Safepoint "Cleanup", Time since last: 1000154902 ns, Reaching safepoint: 244671 ns, At safepoint: 26126 ns, Total: 270797 ns
[2020-09-11T19:20:40.470+0000][1][safepoint    ] Safepoint "Cleanup", Time since last: 1000253337 ns, Reaching safepoint: 124733 ns, At safepoint: 8220 ns, Total: 132953 ns
[2020-09-11T19:20:41.152+0000][1][safepoint    ] Safepoint "RevokeBias", Time since last: 681622453 ns, Reaching safepoint: 181217 ns, At safepoint: 22227 ns, Total: 203444 ns
[2020-09-11T19:20:41.168+0000][1][safepoint    ] Safepoint "RevokeBias", Time since last: 15707216 ns, Reaching safepoint: 183814 ns, At safepoint: 22063 ns, Total: 205877 ns
[2020-09-11T19:20:41.182+0000][1][safepoint    ] Safepoint "RevokeBias", Time since last: 13992995 ns, Reaching safepoint: 183869 ns, At safepoint: 23806 ns, Total: 207675 ns
[2020-09-11T19:20:41.197+0000][1][safepoint    ] Safepoint "RevokeBias", Time since last: 14890811 ns, Reaching safepoint: 223183 ns, At safepoint: 22318 ns, Total: 245501 ns
[2020-09-11T19:20:41.215+0000][1][safepoint    ] Safepoint "RevokeBias", Time since last: 17706199 ns, Reaching safepoint: 107964 ns, At safepoint: 21487 ns, Total: 129451 ns
[2020-09-11T19:20:41.337+0000][1][safepoint    ] Safepoint "RevokeBias", Time since last: 122066951 ns, Reaching safepoint: 222553 ns, At safepoint: 22155 ns, Total: 244708 ns
[2020-09-11T19:20:42.338+0000][1][safepoint    ] Safepoint "Cleanup", Time since last: 1000177861 ns, Reaching safepoint: 185045 ns, At safepoint: 19568 ns, Total: 204613 ns
[2020-09-11T19:20:43.338+0000][1][safepoint    ] Safepoint "Cleanup", Time since last: 1000270518 ns, Reaching safepoint: 212330 ns, At safepoint: 43610 ns, Total: 255940 ns
[2020-09-11T19:20:44.338+0000][1][safepoint    ] Safepoint "Cleanup", Time since last: 1000200629 ns, Reaching safepoint: 177563 ns, At safepoint: 19732 ns, Total: 197295 ns
[2020-09-11T19:20:45.175+0000][1][safepoint    ] Safepoint "RevokeBias", Time since last: 836616232 ns, Reaching safepoint: 221943 ns, At safepoint: 22765 ns, Total: 244708 ns
[2020-09-11T19:20:46.176+0000][1][safepoint    ] Safepoint "Cleanup", Time since last: 1000175652 ns, Reaching safepoint: 116960 ns, At safepoint: 8066 ns, Total: 125026 ns
[2020-09-11T19:20:47.176+0000][1][safepoint    ] Safepoint "Cleanup", Time since last: 1000185051 ns, Reaching safepoint: 119307 ns, At safepoint: 7999 ns, Total: 127306 ns
[2020-09-11T19:20:48.176+0000][1][safepoint    ] Safepoint "Cleanup", Time since last: 1000198901 ns, Reaching safepoint: 119404 ns, At safepoint: 8502 ns, Total: 127906 ns
[2020-09-11T19:20:48.440+0000][1][gc,start     ] GC(348) Pause Young (Allocation Failure)
[2020-09-11T19:20:48.440+0000][1][gc,task      ] GC(348) Using 1 workers of 1 for evacuation
[2020-09-11T19:20:48.444+0000][1][gc,age       ] GC(348) Desired survivor size 4358144 bytes, new threshold 6 (max threshold 6)
[2020-09-11T19:20:48.444+0000][1][gc,age       ] GC(348) Age table with threshold 6 (max threshold 6)
[2020-09-11T19:20:48.444+0000][1][gc,age       ] GC(348) - age   1:     299312 bytes,     299312 total
[2020-09-11T19:20:48.444+0000][1][gc,age       ] GC(348) - age   2:      66944 bytes,     366256 total
[2020-09-11T19:20:48.444+0000][1][gc,age       ] GC(348) - age   3:      85480 bytes,     451736 total
[2020-09-11T19:20:48.444+0000][1][gc,age       ] GC(348) - age   4:      32760 bytes,     484496 total
[2020-09-11T19:20:48.444+0000][1][gc,age       ] GC(348) - age   5:       9528 bytes,     494024 total
[2020-09-11T19:20:48.444+0000][1][gc,heap      ] GC(348) ParNew: 69088K->670K(76672K)
[2020-09-11T19:20:48.444+0000][1][gc,heap      ] GC(348) CMS: 107883K->107883K(439104K)
[2020-09-11T19:20:48.444+0000][1][gc,metaspace ] GC(348) Metaspace: 102706K->102706K(1144832K)
[2020-09-11T19:20:48.444+0000][1][gc           ] GC(348) Pause Young (Allocation Failure) 172M->106M(503M) 4.788ms
[2020-09-11T19:20:48.444+0000][1][gc,cpu       ] GC(348) User=0.00s Sys=0.00s Real=0.00s
[2020-09-11T19:20:48.445+0000][1][safepoint    ] Safepoint "GenCollectForAllocation", Time since last: 263197409 ns, Reaching safepoint: 92862 ns, At safepoint: 4954222 ns, Total: 5047084 ns
[2020-09-11T19:20:48.479+0000][1][safepoint    ] Safepoint "RevokeBias", Time since last: 34184428 ns, Reaching safepoint: 100781 ns, At safepoint: 20753 ns, Total: 121534 ns
[2020-09-11T19:20:49.479+0000][1][safepoint    ] Safepoint "Cleanup", Time since last: 1000178183 ns, Reaching safepoint: 185779 ns, At safepoint: 22301 ns, Total: 208080 ns
[2020-09-11T19:20:50.480+0000][1][safepoint    ] Safepoint "Cleanup", Time since last: 1000195221 ns, Reaching safepoint: 177961 ns, At safepoint: 17767 ns, Total: 195728 ns
[2020-09-11T19:20:51.251+0000][1][safepoint    ] Safepoint "RevokeBias", Time since last: 771507379 ns, Reaching safepoint: 234968 ns, At safepoint: 27822 ns, Total: 262790 ns
[2020-09-11T19:20:51.269+0000][1][safepoint    ] Safepoint "RevokeBias", Time since last: 17582421 ns, Reaching safepoint: 226145 ns, At safepoint: 24334 ns, Total: 250479 ns
[2020-09-11T19:20:51.287+0000][1][safepoint    ] Safepoint "RevokeBias", Time since last: 17773434 ns, Reaching safepoint: 104815 ns, At safepoint: 24808 ns, Total: 129623 ns
[2020-09-11T19:20:51.303+0000][1][safepoint    ] Safepoint "RevokeBias", Time since last: 16046340 ns, Reaching safepoint: 101634 ns, At safepoint: 21175 ns, Total: 122809 ns
[2020-09-11T19:20:51.334+0000][1][safepoint    ] Safepoint "RevokeBias", Time since last: 30355308 ns, Reaching safepoint: 606210 ns, At safepoint: 25108 ns, Total: 631318 ns
[2020-09-11T19:20:51.454+0000][1][safepoint    ] Safepoint "RevokeBias", Time since last: 119957192 ns, Reaching safepoint: 193217 ns, At safepoint: 22797 ns, Total: 216014 ns
[2020-09-11T19:20:52.455+0000][1][safepoint    ] Safepoint "Cleanup", Time since last: 1000164208 ns, Reaching safepoint: 180494 ns, At safepoint: 18332 ns, Total: 198826 ns
[2020-09-11T19:20:53.455+0000][1][safepoint    ] Safepoint "Cleanup", Time since last: 1000175938 ns, Reaching safepoint: 176595 ns, At safepoint: 17978 ns, Total: 194573 ns
[2020-09-11T19:20:55.167+0000][1][safepoint    ] Safepoint "RevokeBias", Time since last: 1711966507 ns, Reaching safepoint: 225581 ns, At safepoint: 22435 ns, Total: 248016 ns
[2020-09-11T19:20:58.456+0000][1][safepoint    ] Safepoint "RevokeBias", Time since last: 3288636731 ns, Reaching safepoint: 228478 ns, At safepoint: 21656 ns, Total: 250134 ns
[2020-09-11T19:21:01.343+0000][1][safepoint    ] Safepoint "RevokeBias", Time since last: 2886629925 ns, Reaching safepoint: 223101 ns, At safepoint: 20535 ns, Total: 243636 ns
[2020-09-11T19:21:01.373+0000][1][safepoint    ] Safepoint "RevokeBias", Time since last: 30053810 ns, Reaching safepoint: 220678 ns, At safepoint: 21114 ns, Total: 241792 ns
[2020-09-11T19:21:01.389+0000][1][safepoint    ] Safepoint "RevokeBias", Time since last: 15469048 ns, Reaching safepoint: 220813 ns, At safepoint: 20975 ns, Total: 241788 ns
[2020-09-11T19:21:01.410+0000][1][safepoint    ] Safepoint "RevokeBias", Time since last: 20248894 ns, Reaching safepoint: 99278 ns, At safepoint: 20529 ns, Total: 119807 ns
[2020-09-11T19:21:01.425+0000][1][safepoint    ] Safepoint "RevokeBias", Time since last: 15320178 ns, Reaching safepoint: 226052 ns, At safepoint: 22396 ns, Total: 248448 ns
[2020-09-11T19:21:01.547+0000][1][safepoint    ] Safepoint "RevokeBias", Time since last: 121769927 ns, Reaching safepoint: 540226 ns, At safepoint: 23005 ns, Total: 563231 ns
[2020-09-11T19:21:02.548+0000][1][safepoint    ] Safepoint "Cleanup", Time since last: 1000180204 ns, Reaching safepoint: 179578 ns, At safepoint: 18255 ns, Total: 197833 ns
[2020-09-11T19:21:03.548+0000][1][safepoint    ] Safepoint "Cleanup", Time since last: 1000188304 ns, Reaching safepoint: 130709 ns, At safepoint: 7455 ns, Total: 138164 ns
[2020-09-11T19:21:03.681+0000][1][gc,start     ] GC(349) Pause Young (Allocation Failure)
[2020-09-11T19:21:03.681+0000][1][gc,task      ] GC(349) Using 1 workers of 1 for evacuation
[2020-09-11T19:21:03.686+0000][1][gc,age       ] GC(349) Desired survivor size 4358144 bytes, new threshold 6 (max threshold 6)
[2020-09-11T19:21:03.686+0000][1][gc,age       ] GC(349) Age table with threshold 6 (max threshold 6)
[2020-09-11T19:21:03.686+0000][1][gc,age       ] GC(349) - age   1:     156848 bytes,     156848 total
[2020-09-11T19:21:03.686+0000][1][gc,age       ] GC(349) - age   2:      33848 bytes,     190696 total
[2020-09-11T19:21:03.686+0000][1][gc,age       ] GC(349) - age   3:      41312 bytes,     232008 total
[2020-09-11T19:21:03.686+0000][1][gc,age       ] GC(349) - age   4:      83832 bytes,     315840 total
[2020-09-11T19:21:03.686+0000][1][gc,age       ] GC(349) - age   5:       4256 bytes,     320096 total
[2020-09-11T19:21:03.686+0000][1][gc,age       ] GC(349) - age   6:        176 bytes,     320272 total
[2020-09-11T19:21:03.686+0000][1][gc,heap      ] GC(349) ParNew: 68830K->529K(76672K)
[2020-09-11T19:21:03.686+0000][1][gc,heap      ] GC(349) CMS: 107883K->107883K(439104K)
[2020-09-11T19:21:03.686+0000][1][gc,metaspace ] GC(349) Metaspace: 102706K->102706K(1144832K)
[2020-09-11T19:21:03.686+0000][1][gc           ] GC(349) Pause Young (Allocation Failure) 172M->105M(503M) 4.822ms
[2020-09-11T19:21:03.686+0000][1][gc,cpu       ] GC(349) User=0.01s Sys=0.00s Real=0.01s
[2020-09-11T19:21:03.686+0000][1][safepoint    ] Safepoint "GenCollectForAllocation", Time since last: 132948040 ns, Reaching safepoint: 93941 ns, At safepoint: 4894438 ns, Total: 4988379 ns
[2020-09-11T19:21:04.687+0000][1][safepoint    ] Safepoint "Cleanup", Time since last: 1001266675 ns, Reaching safepoint: 128355 ns, At safepoint: 20848 ns, Total: 149203 ns
[2020-09-11T19:21:05.171+0000][1][safepoint    ] Safepoint "RevokeBias", Time since last: 482943849 ns, Reaching safepoint: 109308 ns, At safepoint: 34303 ns, Total: 143611 ns
[2020-09-11T19:21:06.171+0000][1][safepoint    ] Safepoint "Cleanup", Time since last: 1000633114 ns, Reaching safepoint: 98891 ns, At safepoint: 20149 ns, Total: 119040 ns
[2020-09-11T19:21:07.718+0000][1][safepoint    ] Safepoint "Cleanup", Time since last: 1546468529 ns, Reaching safepoint: 125246 ns, At safepoint: 7053 ns, Total: 132299 ns
[2020-09-11T19:21:08.455+0000][1][safepoint    ] Safepoint "RevokeBias", Time since last: 736481101 ns, Reaching safepoint: 337122 ns, At safepoint: 22681 ns, Total: 359803 ns
[2020-09-11T19:21:09.455+0000][1][safepoint    ] Safepoint "Cleanup", Time since last: 1000180806 ns, Reaching safepoint: 178676 ns, At safepoint: 18121 ns, Total: 196797 ns
[2020-09-11T19:21:10.456+0000][1][safepoint    ] Safepoint "Cleanup", Time since last: 1000268226 ns, Reaching safepoint: 123863 ns, At safepoint: 7806 ns, Total: 131669 ns
[2020-09-11T19:21:11.443+0000][1][safepoint    ] Safepoint "RevokeBias", Time since last: 986867944 ns, Reaching safepoint: 191599 ns, At safepoint: 27732 ns, Total: 219331 ns
[2020-09-11T19:21:11.463+0000][1][safepoint    ] Safepoint "RevokeBias", Time since last: 20109268 ns, Reaching safepoint: 182392 ns, At safepoint: 22951 ns, Total: 205343 ns
[2020-09-11T19:21:11.479+0000][1][safepoint    ] Safepoint "RevokeBias", Time since last: 16227779 ns, Reaching safepoint: 184588 ns, At safepoint: 23535 ns, Total: 208123 ns
[2020-09-11T19:21:11.498+0000][1][safepoint    ] Safepoint "RevokeBias", Time since last: 18211049 ns, Reaching safepoint: 199666 ns, At safepoint: 22964 ns, Total: 222630 ns
[2020-09-11T19:21:11.513+0000][1][safepoint    ] Safepoint "RevokeBias", Time since last: 14922553 ns, Reaching safepoint: 98043 ns, At safepoint: 21040 ns, Total: 119083 ns
[2020-09-11T19:21:11.627+0000][1][safepoint    ] Safepoint "BulkRevokeBias", Time since last: 114096664 ns, Reaching safepoint: 181405 ns, At safepoint: 263487 ns, Total: 444892 ns
[2020-09-11T19:21:12.628+0000][1][safepoint    ] Safepoint "Cleanup", Time since last: 1000182687 ns, Reaching safepoint: 180139 ns, At safepoint: 19214 ns, Total: 199353 ns
[2020-09-11T19:21:13.628+0000][1][safepoint    ] Safepoint "Cleanup", Time since last: 1000241328 ns, Reaching safepoint: 191759 ns, At safepoint: 19417 ns, Total: 211176 ns
[2020-09-11T19:21:14.629+0000][1][safepoint    ] Safepoint "Cleanup", Time since last: 1000250065 ns, Reaching safepoint: 124427 ns, At safepoint: 8620 ns, Total: 133047 ns
[2020-09-11T19:21:15.176+0000][1][safepoint    ] Safepoint "RevokeBias", Time since last: 546884887 ns, Reaching safepoint: 223817 ns, At safepoint: 22843 ns, Total: 246660 ns
[2020-09-11T19:21:16.176+0000][1][safepoint    ] Safepoint "Cleanup", Time since last: 1000176794 ns, Reaching safepoint: 188538 ns, At safepoint: 19668 ns, Total: 208206 ns
[2020-09-11T19:21:17.177+0000][1][safepoint    ] Safepoint "Cleanup", Time since last: 1000248094 ns, Reaching safepoint: 133893 ns, At safepoint: 8126 ns, Total: 142019 ns
[2020-09-11T19:21:18.177+0000][1][safepoint    ] Safepoint "Cleanup", Time since last: 1000196585 ns, Reaching safepoint: 126738 ns, At safepoint: 7743 ns, Total: 134481 ns
[2020-09-11T19:21:18.470+0000][1][safepoint    ] Safepoint "BulkRevokeBias", Time since last: 292339996 ns, Reaching safepoint: 232513 ns, At safepoint: 317205 ns, Total: 549718 ns
[2020-09-11T19:21:18.487+0000][1][safepoint    ] Safepoint "RevokeBias", Time since last: 17281432 ns, Reaching safepoint: 217831 ns, At safepoint: 24362 ns, Total: 242193 ns
[2020-09-11T19:21:19.488+0000][1][safepoint    ] Safepoint "Cleanup", Time since last: 1000178891 ns, Reaching safepoint: 190412 ns, At safepoint: 20420 ns, Total: 210832 ns
[2020-09-11T19:21:20.488+0000][1][safepoint    ] Safepoint "Cleanup", Time since last: 1000227641 ns, Reaching safepoint: 181937 ns, At safepoint: 18739 ns, Total: 200676 ns
[2020-09-11T19:21:21.488+0000][1][safepoint    ] Safepoint "Cleanup", Time since last: 1000190256 ns, Reaching safepoint: 182351 ns, At safepoint: 18716 ns, Total: 201067 ns
[2020-09-11T19:21:21.557+0000][1][safepoint    ] Safepoint "RevokeBias", Time since last: 68699008 ns, Reaching safepoint: 95685 ns, At safepoint: 19780 ns, Total: 115465 ns
[2020-09-11T19:21:21.572+0000][1][safepoint    ] Safepoint "RevokeBias", Time since last: 14927919 ns, Reaching safepoint: 96325 ns, At safepoint: 20838 ns, Total: 117163 ns
[2020-09-11T19:21:21.599+0000][1][safepoint    ] Safepoint "RevokeBias", Time since last: 26055162 ns, Reaching safepoint: 101181 ns, At safepoint: 21060 ns, Total: 122241 ns
[2020-09-11T19:21:21.625+0000][1][safepoint    ] Safepoint "RevokeBias", Time since last: 26796997 ns, Reaching safepoint: 104274 ns, At safepoint: 21066 ns, Total: 125340 ns
[2020-09-11T19:21:21.649+0000][1][safepoint    ] Safepoint "RevokeBias", Time since last: 23441856 ns, Reaching safepoint: 98919 ns, At safepoint: 21195 ns, Total: 120114 ns
[2020-09-11T19:21:21.767+0000][1][gc,start     ] GC(350) Pause Young (Allocation Failure)
[2020-09-11T19:21:21.767+0000][1][gc,task      ] GC(350) Using 1 workers of 1 for evacuation
[2020-09-11T19:21:21.775+0000][1][gc,age       ] GC(350) Desired survivor size 4358144 bytes, new threshold 6 (max threshold 6)
[2020-09-11T19:21:21.775+0000][1][gc,age       ] GC(350) Age table with threshold 6 (max threshold 6)
[2020-09-11T19:21:21.775+0000][1][gc,age       ] GC(350) - age   1:     126848 bytes,     126848 total
[2020-09-11T19:21:21.775+0000][1][gc,age       ] GC(350) - age   2:      50920 bytes,     177768 total
[2020-09-11T19:21:21.775+0000][1][gc,age       ] GC(350) - age   3:      22016 bytes,     199784 total
[2020-09-11T19:21:21.776+0000][1][gc,age       ] GC(350) - age   4:      41312 bytes,     241096 total
[2020-09-11T19:21:21.776+0000][1][gc,age       ] GC(350) - age   5:      50952 bytes,     292048 total
[2020-09-11T19:21:21.776+0000][1][gc,age       ] GC(350) - age   6:       3544 bytes,     295592 total
[2020-09-11T19:21:21.776+0000][1][gc,heap      ] GC(350) ParNew: 68689K->499K(76672K)
[2020-09-11T19:21:21.776+0000][1][gc,heap      ] GC(350) CMS: 107883K->107883K(439104K)
[2020-09-11T19:21:21.776+0000][1][gc,metaspace ] GC(350) Metaspace: 102708K->102708K(1144832K)
[2020-09-11T19:21:21.776+0000][1][gc           ] GC(350) Pause Young (Allocation Failure) 172M->105M(503M) 8.937ms
[2020-09-11T19:21:21.776+0000][1][gc,cpu       ] GC(350) User=0.01s Sys=0.00s Real=0.00s
[2020-09-11T19:21:21.776+0000][1][safepoint    ] Safepoint "GenCollectForAllocation", Time since last: 117550562 ns, Reaching safepoint: 101987 ns, At safepoint: 9009782 ns, Total: 9111769 ns
[2020-09-11T19:21:21.782+0000][1][safepoint    ] Safepoint "RevokeBias", Time since last: 5926761 ns, Reaching safepoint: 128227 ns, At safepoint: 35591 ns, Total: 163818 ns
[2020-09-11T19:21:22.783+0000][1][safepoint    ] Safepoint "Cleanup", Time since last: 1000706234 ns, Reaching safepoint: 125610 ns, At safepoint: 20760 ns, Total: 146370 ns
[2020-09-11T19:21:23.783+0000][1][safepoint    ] Safepoint "Cleanup", Time since last: 1000186846 ns, Reaching safepoint: 118545 ns, At safepoint: 6964 ns, Total: 125509 ns
[2020-09-11T19:21:24.783+0000][1][safepoint    ] Safepoint "Cleanup", Time since last: 1000190379 ns, Reaching safepoint: 174566 ns, At safepoint: 18830 ns, Total: 193396 ns
[2020-09-11T19:21:25.174+0000][1][safepoint    ] Safepoint "RevokeBias", Time since last: 390335584 ns, Reaching safepoint: 227400 ns, At safepoint: 21803 ns, Total: 249203 ns
[2020-09-11T19:21:26.174+0000][1][safepoint    ] Safepoint "Cleanup", Time since last: 1000137966 ns, Reaching safepoint: 141142 ns, At safepoint: 8967 ns, Total: 150109 ns
[2020-09-11T19:21:27.175+0000][1][safepoint    ] Safepoint "Cleanup", Time since last: 1000182890 ns, Reaching safepoint: 184559 ns, At safepoint: 19725 ns, Total: 204284 ns
[2020-09-11T19:21:28.175+0000][1][safepoint    ] Safepoint "Cleanup", Time since last: 1000224229 ns, Reaching safepoint: 116864 ns, At safepoint: 7482 ns, Total: 124346 ns
[2020-09-11T19:21:28.481+0000][1][safepoint    ] Safepoint "RevokeBias", Time since last: 305645028 ns, Reaching safepoint: 246201 ns, At safepoint: 230890 ns, Total: 477091 ns
[2020-09-11T19:21:29.481+0000][1][safepoint    ] Safepoint "Cleanup", Time since last: 1000180106 ns, Reaching safepoint: 180913 ns, At safepoint: 19478 ns, Total: 200391 ns
[2020-09-11T19:21:30.482+0000][1][safepoint    ] Safepoint "Cleanup", Time since last: 1000245608 ns, Reaching safepoint: 182303 ns, At safepoint: 19111 ns, Total: 201414 ns
[2020-09-11T19:21:31.482+0000][1][safepoint    ] Safepoint "Cleanup", Time since last: 1000192332 ns, Reaching safepoint: 190973 ns, At safepoint: 20527 ns, Total: 211500 ns
[2020-09-11T19:21:31.672+0000][1][safepoint    ] Safepoint "RevokeBias", Time since last: 189899970 ns, Reaching safepoint: 228003 ns, At safepoint: 26232 ns, Total: 254235 ns
[2020-09-11T19:21:31.696+0000][1][safepoint    ] Safepoint "RevokeBias", Time since last: 23574294 ns, Reaching safepoint: 177378 ns, At safepoint: 24940 ns, Total: 202318 ns
[2020-09-11T19:21:31.714+0000][1][safepoint    ] Safepoint "RevokeBias", Time since last: 17108144 ns, Reaching safepoint: 218643 ns, At safepoint: 24323 ns, Total: 242966 ns
[2020-09-11T19:21:31.733+0000][1][safepoint    ] Safepoint "RevokeBias", Time since last: 18942894 ns, Reaching safepoint: 218022 ns, At safepoint: 22534 ns, Total: 240556 ns
[2020-09-11T19:21:31.748+0000][1][safepoint    ] Safepoint "RevokeBias", Time since last: 14588280 ns, Reaching safepoint: 184614 ns, At safepoint: 22908 ns, Total: 207522 ns
[2020-09-11T19:21:31.867+0000][1][safepoint    ] Safepoint "RevokeBias", Time since last: 119448967 ns, Reaching safepoint: 221371 ns, At safepoint: 22075 ns, Total: 243446 ns
[2020-09-11T19:21:32.868+0000][1][safepoint    ] Safepoint "Cleanup", Time since last: 1000129981 ns, Reaching safepoint: 170731 ns, At safepoint: 15392 ns, Total: 186123 ns
[2020-09-11T19:21:33.868+0000][1][safepoint    ] Safepoint "Cleanup", Time since last: 1000189591 ns, Reaching safepoint: 112660 ns, At safepoint: 7738 ns, Total: 120398 ns
[2020-09-11T19:21:34.868+0000][1][safepoint    ] Safepoint "Cleanup", Time since last: 1000127467 ns, Reaching safepoint: 171900 ns, At safepoint: 17460 ns, Total: 189360 ns
[2020-09-11T19:21:35.173+0000][1][safepoint    ] Safepoint "RevokeBias", Time since last: 304351847 ns, Reaching safepoint: 100756 ns, At safepoint: 21052 ns, Total: 121808 ns
[2020-09-11T19:21:36.173+0000][1][safepoint    ] Safepoint "Cleanup", Time since last: 1000131554 ns, Reaching safepoint: 170962 ns, At safepoint: 10986 ns, Total: 181948 ns
[2020-09-11T19:21:37.173+0000][1][safepoint    ] Safepoint "Cleanup", Time since last: 1000172648 ns, Reaching safepoint: 126867 ns, At safepoint: 8089 ns, Total: 134956 ns
[2020-09-11T19:21:38.174+0000][1][safepoint    ] Safepoint "Cleanup", Time since last: 1000173263 ns, Reaching safepoint: 177884 ns, At safepoint: 64213 ns, Total: 242097 ns
[2020-09-11T19:21:38.466+0000][1][safepoint    ] Safepoint "RevokeBias", Time since last: 291178510 ns, Reaching safepoint: 724739 ns, At safepoint: 58596 ns, Total: 783335 ns
[2020-09-11T19:21:38.494+0000][1][gc,start     ] GC(351) Pause Young (Allocation Failure)
[2020-09-11T19:21:38.494+0000][1][gc,task      ] GC(351) Using 1 workers of 1 for evacuation
[2020-09-11T19:21:38.500+0000][1][gc,age       ] GC(351) Desired survivor size 4358144 bytes, new threshold 6 (max threshold 6)
[2020-09-11T19:21:38.500+0000][1][gc,age       ] GC(351) Age table with threshold 6 (max threshold 6)
[2020-09-11T19:21:38.500+0000][1][gc,age       ] GC(351) - age   1:     693712 bytes,     693712 total
[2020-09-11T19:21:38.500+0000][1][gc,age       ] GC(351) - age   2:      68768 bytes,     762480 total
[2020-09-11T19:21:38.500+0000][1][gc,age       ] GC(351) - age   3:      42408 bytes,     804888 total
[2020-09-11T19:21:38.500+0000][1][gc,age       ] GC(351) - age   4:      21448 bytes,     826336 total
[2020-09-11T19:21:38.500+0000][1][gc,age       ] GC(351) - age   5:      41280 bytes,     867616 total
[2020-09-11T19:21:38.500+0000][1][gc,age       ] GC(351) - age   6:      22048 bytes,     889664 total
[2020-09-11T19:21:38.500+0000][1][gc,heap      ] GC(351) ParNew: 68659K->1023K(76672K)
[2020-09-11T19:21:38.500+0000][1][gc,heap      ] GC(351) CMS: 107883K->107887K(439104K)
[2020-09-11T19:21:38.500+0000][1][gc,metaspace ] GC(351) Metaspace: 102724K->102724K(1144832K)
[2020-09-11T19:21:38.500+0000][1][gc           ] GC(351) Pause Young (Allocation Failure) 172M->106M(503M) 6.029ms
[2020-09-11T19:21:38.500+0000][1][gc,cpu       ] GC(351) User=0.01s Sys=0.00s Real=0.01s
[2020-09-11T19:21:38.500+0000][1][safepoint    ] Safepoint "GenCollectForAllocation", Time since last: 28172524 ns, Reaching safepoint: 217655 ns, At safepoint: 6117416 ns, Total: 6335071 ns
[2020-09-11T19:21:39.510+0000][1][safepoint    ] Safepoint "Cleanup", Time since last: 1009687372 ns, Reaching safepoint: 181087 ns, At safepoint: 52754 ns, Total: 233841 ns
[2020-09-11T19:21:40.510+0000][1][safepoint    ] Safepoint "Cleanup", Time since last: 1000272762 ns, Reaching safepoint: 120873 ns, At safepoint: 17115 ns, Total: 137988 ns
                                                                                                                                                                                                                                                                                                                                                                                                                                                                                                                                                                                                                                                                                                                                                                                                                                                                                                                                                                                                                                                                                                                                                                                                                                                                                                                                                                                                                                                                                                                                                                                                                                                                                                                                                                                                                                                                                                                                                                                                                                                                                                                                                                                                                                                                                                                                                                                                                                                                                                                                                                                                                                                                                                                                                                                                                                                                                                                                                                                                                                                                                                                                                                                                                                                                                                                                                                                                                                                                                                                                                                                                                                                                                                                                                                                                                                                                                                          