[2020-09-11T14:10:57.312+0000][1][gc] Using Concurrent Mark Sweep
[2020-09-11T14:10:57.312+0000][1][gc,heap,coops] Heap address: 0x00000000e0000000, size: 512 MB, Compressed Oops mode: 32-bit
[2020-09-11T14:10:57.572+0000][1][safepoint    ] Safepoint "EnableBiasedLocking", Time since last: 224386662 ns, Reaching safepoint: 7365096 ns, At safepoint: 49757 ns, Total: 7414853 ns
[2020-09-11T14:10:57.587+0000][1][safepoint    ] Safepoint "RevokeBias", Time since last: 12275918 ns, Reaching safepoint: 3653069 ns, At safepoint: 48287 ns, Total: 3701356 ns
[2020-09-11T14:10:57.655+0000][1][safepoint    ] Safepoint "Deoptimize", Time since last: 60841944 ns, Reaching safepoint: 7109627 ns, At safepoint: 32301 ns, Total: 7141928 ns
[2020-09-11T14:10:58.383+0000][1][safepoint    ] Safepoint "Deoptimize", Time since last: 725177053 ns, Reaching safepoint: 2795241 ns, At safepoint: 31606 ns, Total: 2826847 ns
[2020-09-11T14:10:58.387+0000][1][safepoint    ] Safepoint "Deoptimize", Time since last: 1019813 ns, Reaching safepoint: 2933382 ns, At safepoint: 39178 ns, Total: 2972560 ns
[2020-09-11T14:10:58.634+0000][1][safepoint    ] Safepoint "Deoptimize", Time since last: 244551084 ns, Reaching safepoint: 1553603 ns, At safepoint: 41275 ns, Total: 1594878 ns
[2020-09-11T14:10:59.642+0000][1][safepoint    ] Safepoint "Cleanup", Time since last: 1007250972 ns, Reaching safepoint: 1413701 ns, At safepoint: 6868 ns, Total: 1420569 ns
[2020-09-11T14:11:00.643+0000][1][safepoint    ] Safepoint "Cleanup", Time since last: 1001116655 ns, Reaching safepoint: 45015 ns, At safepoint: 3746 ns, Total: 48761 ns
[2020-09-11T14:11:00.728+0000][1][safepoint    ] Safepoint "Deoptimize", Time since last: 83970314 ns, Reaching safepoint: 100324 ns, At safepoint: 59466 ns, Total: 159790 ns
[2020-09-11T14:11:01.069+0000][1][safepoint    ] Safepoint "Deoptimize", Time since last: 341641085 ns, Reaching safepoint: 190935 ns, At safepoint: 63004 ns, Total: 253939 ns
[2020-09-11T14:11:01.448+0000][1][safepoint    ] Safepoint "Deoptimize", Time since last: 377523000 ns, Reaching safepoint: 516864 ns, At safepoint: 69467 ns, Total: 586331 ns
[2020-09-11T14:11:02.460+0000][1][safepoint    ] Safepoint "Cleanup", Time since last: 1011818231 ns, Reaching safepoint: 132890 ns, At safepoint: 5945 ns, Total: 138835 ns
[2020-09-11T14:11:03.345+0000][1][safepoint    ] Safepoint "Deoptimize", Time since last: 884856381 ns, Reaching safepoint: 106774 ns, At safepoint: 70898 ns, Total: 177672 ns
[2020-09-11T14:11:04.346+0000][1][safepoint    ] Safepoint "Cleanup", Time since last: 1000999933 ns, Reaching safepoint: 40320 ns, At safepoint: 6053 ns, Total: 46373 ns
[2020-09-11T14:11:05.527+0000][1][safepoint    ] Safepoint "Deoptimize", Time since last: 1181328902 ns, Reaching safepoint: 107044 ns, At safepoint: 89358 ns, Total: 196402 ns
[2020-09-11T14:11:06.528+0000][1][safepoint    ] Safepoint "Cleanup", Time since last: 1000267937 ns, Reaching safepoint: 122025 ns, At safepoint: 4686 ns, Total: 126711 ns
[2020-09-11T14:11:07.398+0000][1][safepoint    ] Safepoint "Deoptimize", Time since last: 869989005 ns, Reaching safepoint: 110246 ns, At safepoint: 97546 ns, Total: 207792 ns
[2020-09-11T14:11:07.398+0000][1][safepoint    ] Safepoint "Deoptimize", Time since last: 198989 ns, Reaching safepoint: 5993 ns, At safepoint: 38836 ns, Total: 44829 ns
[2020-09-11T14:11:07.700+0000][1][safepoint    ] Safepoint "Deoptimize", Time since last: 297959420 ns, Reaching safepoint: 3493029 ns, At safepoint: 111072 ns, Total: 3604101 ns
[2020-09-11T14:11:07.738+0000][1][safepoint    ] Safepoint "Deoptimize", Time since last: 38679614 ns, Reaching safepoint: 97250 ns, At safepoint: 103883 ns, Total: 201133 ns
[2020-09-11T14:11:07.824+0000][1][safepoint    ] Safepoint "RevokeBias", Time since last: 85007245 ns, Reaching safepoint: 912275 ns, At safepoint: 23307 ns, Total: 935582 ns
[2020-09-11T14:11:07.825+0000][1][safepoint    ] Safepoint "RevokeBias", Time since last: 66170 ns, Reaching safepoint: 75451 ns, At safepoint: 14594 ns, Total: 90045 ns
[2020-09-11T14:11:07.825+0000][1][safepoint    ] Safepoint "RevokeBias", Time since last: 72835 ns, Reaching safepoint: 75778 ns, At safepoint: 13459 ns, Total: 89237 ns
[2020-09-11T14:11:07.825+0000][1][safepoint    ] Safepoint "RevokeBias", Time since last: 168525 ns, Reaching safepoint: 77325 ns, At safepoint: 19595 ns, Total: 96920 ns
[2020-09-11T14:11:08.829+0000][1][safepoint    ] Safepoint "Cleanup", Time since last: 1003583919 ns, Reaching safepoint: 125303 ns, At safepoint: 5479 ns, Total: 130782 ns
[2020-09-11T14:11:09.839+0000][1][safepoint    ] Safepoint "Cleanup", Time since last: 1010750521 ns, Reaching safepoint: 45364 ns, At safepoint: 5987 ns, Total: 51351 ns
[2020-09-11T14:11:10.327+0000][1][gc,start     ] GC(0) Pause Young (Allocation Failure)
[2020-09-11T14:11:10.327+0000][1][gc,task      ] GC(0) Using 1 workers of 1 for evacuation
[2020-09-11T14:11:10.401+0000][1][gc,age       ] GC(0) Desired survivor size 4358144 bytes, new threshold 1 (max threshold 6)
[2020-09-11T14:11:10.401+0000][1][gc,age       ] GC(0) Age table with threshold 1 (max threshold 6)
[2020-09-11T14:11:10.401+0000][1][gc,age       ] GC(0) - age   1:    6448680 bytes,    6448680 total
[2020-09-11T14:11:10.401+0000][1][gc,heap      ] GC(0) ParNew: 68160K->6323K(76672K)
[2020-09-11T14:11:10.401+0000][1][gc,heap      ] GC(0) CMS: 0K->0K(439104K)
[2020-09-11T14:11:10.401+0000][1][gc,metaspace ] GC(0) Metaspace: 13579K->13579K(1060864K)
[2020-09-11T14:11:10.401+0000][1][gc           ] GC(0) Pause Young (Allocation Failure) 66M->6M(503M) 73.931ms
[2020-09-11T14:11:10.401+0000][1][gc,cpu       ] GC(0) User=0.02s Sys=0.00s Real=0.07s
[2020-09-11T14:11:10.415+0000][1][safepoint    ] Safepoint "GenCollectForAllocation", Time since last: 487823908 ns, Reaching safepoint: 124263 ns, At safepoint: 87358568 ns, Total: 87482831 ns
[2020-09-11T14:11:10.443+0000][1][safepoint    ] Safepoint "RevokeBias", Time since last: 21499431 ns, Reaching safepoint: 2020111 ns, At safepoint: 4955182 ns, Total: 6975293 ns
[2020-09-11T14:11:10.444+0000][1][safepoint    ] Safepoint "RevokeBias", Time since last: 188379 ns, Reaching safepoint: 114015 ns, At safepoint: 37546 ns, Total: 151561 ns
[2020-09-11T14:11:10.450+0000][1][safepoint    ] Safepoint "RevokeBias", Time since last: 41610 ns, Reaching safepoint: 5579131 ns, At safepoint: 495067 ns, Total: 6074198 ns
[2020-09-11T14:11:10.452+0000][1][safepoint    ] Safepoint "RevokeBias", Time since last: 53592 ns, Reaching safepoint: 1530367 ns, At safepoint: 582015 ns, Total: 2112382 ns
[2020-09-11T14:11:10.452+0000][1][safepoint    ] Safepoint "RevokeBias", Time since last: 57481 ns, Reaching safepoint: 82969 ns, At safepoint: 35448 ns, Total: 118417 ns
[2020-09-11T14:11:10.455+0000][1][safepoint    ] Safepoint "RevokeBias", Time since last: 25021 ns, Reaching safepoint: 3354523 ns, At safepoint: 48092 ns, Total: 3402615 ns
[2020-09-11T14:11:10.457+0000][1][safepoint    ] Safepoint "RevokeBias", Time since last: 69483 ns, Reaching safepoint: 1378682 ns, At safepoint: 46165 ns, Total: 1424847 ns
[2020-09-11T14:11:10.457+0000][1][safepoint    ] Safepoint "RevokeBias", Time since last: 37477 ns, Reaching safepoint: 79971 ns, At safepoint: 256286 ns, Total: 336257 ns
[2020-09-11T14:11:10.458+0000][1][safepoint    ] Safepoint "RevokeBias", Time since last: 38731 ns, Reaching safepoint: 79375 ns, At safepoint: 346956 ns, Total: 426331 ns
[2020-09-11T14:11:10.459+0000][1][safepoint    ] Safepoint "RevokeBias", Time since last: 28156 ns, Reaching safepoint: 1571880 ns, At safepoint: 34895 ns, Total: 1606775 ns
[2020-09-11T14:11:10.461+0000][1][safepoint    ] Safepoint "RevokeBias", Time since last: 71538 ns, Reaching safepoint: 1412457 ns, At safepoint: 34722 ns, Total: 1447179 ns
[2020-09-11T14:11:10.465+0000][1][safepoint    ] Safepoint "RevokeBias", Time since last: 294501 ns, Reaching safepoint: 2153628 ns, At safepoint: 1548012 ns, Total: 3701640 ns
[2020-09-11T14:11:10.472+0000][1][safepoint    ] Safepoint "RevokeBias", Time since last: 91264 ns, Reaching safepoint: 6377839 ns, At safepoint: 56714 ns, Total: 6434553 ns
[2020-09-11T14:11:10.473+0000][1][safepoint    ] Safepoint "RevokeBias", Time since last: 85127 ns, Reaching safepoint: 669892 ns, At safepoint: 764211 ns, Total: 1434103 ns
[2020-09-11T14:11:10.475+0000][1][safepoint    ] Safepoint "RevokeBias", Time since last: 44232 ns, Reaching safepoint: 1475144 ns, At safepoint: 69629 ns, Total: 1544773 ns
[2020-09-11T14:11:10.475+0000][1][safepoint    ] Safepoint "RevokeBias", Time since last: 34367 ns, Reaching safepoint: 778160 ns, At safepoint: 39417 ns, Total: 817577 ns
[2020-09-11T14:11:10.479+0000][1][safepoint    ] Safepoint "RevokeBias", Time since last: 34625 ns, Reaching safepoint: 3181388 ns, At safepoint: 46038 ns, Total: 3227426 ns
[2020-09-11T14:11:10.479+0000][1][safepoint    ] Safepoint "RevokeBias", Time since last: 162595 ns, Reaching safepoint: 539699 ns, At safepoint: 33584 ns, Total: 573283 ns
[2020-09-11T14:11:10.480+0000][1][safepoint    ] Safepoint "RevokeBias", Time since last: 32416 ns, Reaching safepoint: 89260 ns, At safepoint: 29877 ns, Total: 119137 ns
[2020-09-11T14:11:10.481+0000][1][safepoint    ] Safepoint "RevokeBias", Time since last: 914835 ns, Reaching safepoint: 920791 ns, At safepoint: 32741 ns, Total: 953532 ns
[2020-09-11T14:11:10.483+0000][1][safepoint    ] Safepoint "RevokeBias", Time since last: 44254 ns, Reaching safepoint: 1904954 ns, At safepoint: 38346 ns, Total: 1943300 ns
[2020-09-11T14:11:10.485+0000][1][safepoint    ] Safepoint "RevokeBias", Time since last: 85165 ns, Reaching safepoint: 1589208 ns, At safepoint: 34224 ns, Total: 1623432 ns
[2020-09-11T14:11:10.485+0000][1][safepoint    ] Safepoint "RevokeBias", Time since last: 36596 ns, Reaching safepoint: 82441 ns, At safepoint: 26946 ns, Total: 109387 ns
[2020-09-11T14:11:10.486+0000][1][safepoint    ] Safepoint "RevokeBias", Time since last: 160774 ns, Reaching safepoint: 82931 ns, At safepoint: 27581 ns, Total: 110512 ns
[2020-09-11T14:11:10.486+0000][1][safepoint    ] Safepoint "RevokeBias", Time since last: 26984 ns, Reaching safepoint: 81735 ns, At safepoint: 57202 ns, Total: 138937 ns
[2020-09-11T14:11:10.495+0000][1][safepoint    ] Safepoint "RevokeBias", Time since last: 19008 ns, Reaching safepoint: 81140 ns, At safepoint: 9580801 ns, Total: 9661941 ns
[2020-09-11T14:11:10.497+0000][1][safepoint    ] Safepoint "RevokeBias", Time since last: 57519 ns, Reaching safepoint: 1558386 ns, At safepoint: 43359 ns, Total: 1601745 ns
[2020-09-11T14:11:10.497+0000][1][safepoint    ] Safepoint "RevokeBias", Time since last: 45983 ns, Reaching safepoint: 91906 ns, At safepoint: 29259 ns, Total: 121165 ns
[2020-09-11T14:11:10.497+0000][1][safepoint    ] Safepoint "RevokeBias", Time since last: 65146 ns, Reaching safepoint: 86431 ns, At safepoint: 30786 ns, Total: 117217 ns
[2020-09-11T14:11:10.498+0000][1][safepoint    ] Safepoint "RevokeBias", Time since last: 28850 ns, Reaching safepoint: 86515 ns, At safepoint: 26440 ns, Total: 112955 ns
[2020-09-11T14:11:10.498+0000][1][safepoint    ] Safepoint "RevokeBias", Time since last: 114116 ns, Reaching safepoint: 83151 ns, At safepoint: 24944 ns, Total: 108095 ns
[2020-09-11T14:11:10.501+0000][1][safepoint    ] Safepoint "RevokeBias", Time since last: 26077 ns, Reaching safepoint: 81236 ns, At safepoint: 3456913 ns, Total: 3538149 ns
[2020-09-11T14:11:10.695+0000][1][safepoint    ] Safepoint "Deoptimize", Time since last: 191392466 ns, Reaching safepoint: 1887706 ns, At safepoint: 166572 ns, Total: 2054278 ns
[2020-09-11T14:11:11.696+0000][1][safepoint    ] Safepoint "Cleanup", Time since last: 1000613539 ns, Reaching safepoint: 139131 ns, At safepoint: 8601 ns, Total: 147732 ns
[2020-09-11T14:11:12.209+0000][1][safepoint    ] Safepoint "RevokeBias", Time since last: 513204374 ns, Reaching safepoint: 103211 ns, At safepoint: 29881 ns, Total: 133092 ns
[2020-09-11T14:11:13.209+0000][1][safepoint    ] Safepoint "Cleanup", Time since last: 1000112630 ns, Reaching safepoint: 129921 ns, At safepoint: 6792 ns, Total: 136713 ns
[2020-09-11T14:11:14.149+0000][1][safepoint    ] Safepoint "Deoptimize", Time since last: 939345692 ns, Reaching safepoint: 128137 ns, At safepoint: 152401 ns, Total: 280538 ns
[2020-09-11T14:11:14.796+0000][1][gc,start     ] GC(1) Pause Young (Allocation Failure)
[2020-09-11T14:11:14.796+0000][1][gc,task      ] GC(1) Using 1 workers of 1 for evacuation
[2020-09-11T14:11:14.973+0000][1][gc,age       ] GC(1) Desired survivor size 4358144 bytes, new threshold 6 (max threshold 6)
[2020-09-11T14:11:14.973+0000][1][gc,age       ] GC(1) Age table with threshold 6 (max threshold 6)
[2020-09-11T14:11:14.973+0000][1][gc,age       ] GC(1) - age   1:    3740224 bytes,    3740224 total
[2020-09-11T14:11:14.973+0000][1][gc,heap      ] GC(1) ParNew: 74483K->4230K(76672K)
[2020-09-11T14:11:14.973+0000][1][gc,heap      ] GC(1) CMS: 0K->6840K(439104K)
[2020-09-11T14:11:14.973+0000][1][gc,metaspace ] GC(1) Metaspace: 18174K->18174K(1064960K)
[2020-09-11T14:11:14.973+0000][1][gc           ] GC(1) Pause Young (Allocation Failure) 72M->10M(503M) 177.141ms
[2020-09-11T14:11:14.973+0000][1][gc,cpu       ] GC(1) User=0.04s Sys=0.00s Real=0.17s
[2020-09-11T14:11:14.974+0000][1][safepoint    ] Safepoint "GenCollectForAllocation", Time since last: 646635638 ns, Reaching safepoint: 120274 ns, At safepoint: 178233405 ns, Total: 178353679 ns
[2020-09-11T14:11:15.008+0000][1][safepoint    ] Safepoint "BulkRevokeBias", Time since last: 31098670 ns, Reaching safepoint: 2564882 ns, At safepoint: 110459 ns, Total: 2675341 ns
[2020-09-11T14:11:15.011+0000][1][safepoint    ] Safepoint "RevokeBias", Time since last: 108608 ns, Reaching safepoint: 3769379 ns, At safepoint: 65667 ns, Total: 3835046 ns
[2020-09-11T14:11:15.016+0000][1][safepoint    ] Safepoint "RevokeBias", Time since last: 56231 ns, Reaching safepoint: 3883590 ns, At safepoint: 66878 ns, Total: 3950468 ns
[2020-09-11T14:11:15.016+0000][1][safepoint    ] Safepoint "RevokeBias", Time since last: 67863 ns, Reaching safepoint: 85052 ns, At safepoint: 48621 ns, Total: 133673 ns
[2020-09-11T14:11:15.016+0000][1][safepoint    ] Safepoint "RevokeBias", Time since last: 25152 ns, Reaching safepoint: 81806 ns, At safepoint: 34650 ns, Total: 116456 ns
[2020-09-11T14:11:15.016+0000][1][safepoint    ] Safepoint "RevokeBias", Time since last: 30538 ns, Reaching safepoint: 82715 ns, At safepoint: 45812 ns, Total: 128527 ns
[2020-09-11T14:11:15.016+0000][1][safepoint    ] Safepoint "RevokeBias", Time since last: 24467 ns, Reaching safepoint: 83417 ns, At safepoint: 34657 ns, Total: 118074 ns
[2020-09-11T14:11:15.016+0000][1][safepoint    ] Safepoint "BulkRevokeBias", Time since last: 29514 ns, Reaching safepoint: 82922 ns, At safepoint: 68471 ns, Total: 151393 ns
[2020-09-11T14:11:15.016+0000][1][safepoint    ] Safepoint "BulkRevokeBias", Time since last: 24008 ns, Reaching safepoint: 82094 ns, At safepoint: 59223 ns, Total: 141317 ns
[2020-09-11T14:11:15.136+0000][1][safepoint    ] Safepoint "Deoptimize", Time since last: 112980179 ns, Reaching safepoint: 5980526 ns, At safepoint: 183953 ns, Total: 6164479 ns
[2020-09-11T14:11:15.176+0000][1][safepoint    ] Safepoint "Deoptimize", Time since last: 39791014 ns, Reaching safepoint: 112861 ns, At safepoint: 189633 ns, Total: 302494 ns
[2020-09-11T14:11:16.183+0000][1][safepoint    ] Safepoint "Cleanup", Time since last: 1005923432 ns, Reaching safepoint: 1782011 ns, At safepoint: 9168 ns, Total: 1791179 ns
[2020-09-11T14:11:16.202+0000][1][safepoint    ] Safepoint "Deoptimize", Time since last: 14272720 ns, Reaching safepoint: 3947778 ns, At safepoint: 191483 ns, Total: 4139261 ns
[2020-09-11T14:11:16.207+0000][1][safepoint    ] Safepoint "RevokeBias", Time since last: 510186 ns, Reaching safepoint: 1098940 ns, At safepoint: 3896447 ns, Total: 4995387 ns
[2020-09-11T14:11:16.213+0000][1][safepoint    ] Safepoint "Deoptimize", Time since last: 988969 ns, Reaching safepoint: 4264511 ns, At safepoint: 182935 ns, Total: 4447446 ns
[2020-09-11T14:11:17.215+0000][1][safepoint    ] Safepoint "Cleanup", Time since last: 1001776578 ns, Reaching safepoint: 127764 ns, At safepoint: 7140 ns, Total: 134904 ns
[2020-09-11T14:11:17.879+0000][1][gc,start     ] GC(2) Pause Young (Allocation Failure)
[2020-09-11T14:11:17.879+0000][1][gc,task      ] GC(2) Using 1 workers of 1 for evacuation
[2020-09-11T14:11:17.919+0000][1][gc,age       ] GC(2) Desired survivor size 4358144 bytes, new threshold 2 (max threshold 6)
[2020-09-11T14:11:17.919+0000][1][gc,age       ] GC(2) Age table with threshold 2 (max threshold 6)
[2020-09-11T14:11:17.919+0000][1][gc,age       ] GC(2) - age   1:    2681448 bytes,    2681448 total
[2020-09-11T14:11:17.919+0000][1][gc,age       ] GC(2) - age   2:    3544240 bytes,    6225688 total
[2020-09-11T14:11:17.919+0000][1][gc,heap      ] GC(2) ParNew: 72390K->7607K(76672K)
[2020-09-11T14:11:17.919+0000][1][gc,heap      ] GC(2) CMS: 6840K->6840K(439104K)
[2020-09-11T14:11:17.919+0000][1][gc,metaspace ] GC(2) Metaspace: 20045K->20045K(1067008K)
[2020-09-11T14:11:17.919+0000][1][gc           ] GC(2) Pause Young (Allocation Failure) 77M->14M(503M) 39.892ms
[2020-09-11T14:11:17.919+0000][1][gc,cpu       ] GC(2) User=0.00s Sys=0.01s Real=0.04s
[2020-09-11T14:11:17.924+0000][1][safepoint    ] Safepoint "GenCollectForAllocation", Time since last: 660724961 ns, Reaching safepoint: 3889962 ns, At safepoint: 44998652 ns, Total: 48888614 ns
[2020-09-11T14:11:18.001+0000][1][safepoint    ] Safepoint "RevokeBias", Time since last: 67097071 ns, Reaching safepoint: 9084021 ns, At safepoint: 42984 ns, Total: 9127005 ns
[2020-09-11T14:11:18.019+0000][1][safepoint    ] Safepoint "RevokeBias", Time since last: 14905993 ns, Reaching safepoint: 3988712 ns, At safepoint: 49589 ns, Total: 4038301 ns
[2020-09-11T14:11:18.020+0000][1][safepoint    ] Safepoint "RevokeBias", Time since last: 185992 ns, Reaching safepoint: 93524 ns, At safepoint: 19504 ns, Total: 113028 ns
[2020-09-11T14:11:18.020+0000][1][safepoint    ] Safepoint "RevokeBias", Time since last: 35249 ns, Reaching safepoint: 79445 ns, At safepoint: 16896 ns, Total: 96341 ns
[2020-09-11T14:11:18.020+0000][1][safepoint    ] Safepoint "RevokeBias", Time since last: 32552 ns, Reaching safepoint: 79217 ns, At safepoint: 17151 ns, Total: 96368 ns
[2020-09-11T14:11:18.023+0000][1][safepoint    ] Safepoint "RevokeBias", Time since last: 30861 ns, Reaching safepoint: 3349893 ns, At safepoint: 33376 ns, Total: 3383269 ns
[2020-09-11T14:11:18.024+0000][1][safepoint    ] Safepoint "RevokeBias", Time since last: 67625 ns, Reaching safepoint: 82185 ns, At safepoint: 20224 ns, Total: 102409 ns
[2020-09-11T14:11:18.024+0000][1][safepoint    ] Safepoint "RevokeBias", Time since last: 39160 ns, Reaching safepoint: 82266 ns, At safepoint: 26142 ns, Total: 108408 ns
[2020-09-11T14:11:18.024+0000][1][safepoint    ] Safepoint "RevokeBias", Time since last: 32686 ns, Reaching safepoint: 79380 ns, At safepoint: 17749 ns, Total: 97129 ns
[2020-09-11T14:11:18.026+0000][1][safepoint    ] Safepoint "RevokeBias", Time since last: 1990806 ns, Reaching safepoint: 91602 ns, At safepoint: 27886 ns, Total: 119488 ns
[2020-09-11T14:11:18.026+0000][1][safepoint    ] Safepoint "RevokeBias", Time since last: 61642 ns, Reaching safepoint: 79765 ns, At safepoint: 18399 ns, Total: 98164 ns
[2020-09-11T14:11:19.036+0000][1][safepoint    ] Safepoint "Cleanup", Time since last: 1009233621 ns, Reaching safepoint: 126300 ns, At safepoint: 6367 ns, Total: 132667 ns
[2020-09-11T14:11:19.076+0000][1][gc,start     ] GC(3) Pause Young (Allocation Failure)
[2020-09-11T14:11:19.076+0000][1][gc,task      ] GC(3) Using 1 workers of 1 for evacuation
[2020-09-11T14:11:19.135+0000][1][gc,age       ] GC(3) Desired survivor size 4358144 bytes, new threshold 6 (max threshold 6)
[2020-09-11T14:11:19.163+0000][1][gc,age       ] GC(3) Age table with threshold 6 (max threshold 6)
[2020-09-11T14:11:19.163+0000][1][gc,age       ] GC(3) - age   1:    1643952 bytes,    1643952 total
[2020-09-11T14:11:19.163+0000][1][gc,age       ] GC(3) - age   2:     674056 bytes,    2318008 total
[2020-09-11T14:11:19.163+0000][1][gc,heap      ] GC(3) ParNew: 75767K->5499K(76672K)
[2020-09-11T14:11:19.164+0000][1][gc,heap      ] GC(3) CMS: 6840K->10329K(439104K)
[2020-09-11T14:11:19.164+0000][1][gc,metaspace ] GC(3) Metaspace: 20299K->20299K(1067008K)
[2020-09-11T14:11:19.164+0000][1][gc           ] GC(3) Pause Young (Allocation Failure) 80M->15M(503M) 87.970ms
[2020-09-11T14:11:19.164+0000][1][gc,cpu       ] GC(3) User=0.01s Sys=0.01s Real=0.09s
[2020-09-11T14:11:19.164+0000][1][safepoint    ] Safepoint "GenCollectForAllocation", Time since last: 39894358 ns, Reaching safepoint: 101212 ns, At safepoint: 88043375 ns, Total: 88144587 ns
[2020-09-11T14:11:19.199+0000][1][safepoint    ] Safepoint "RevokeBias", Time since last: 23828738 ns, Reaching safepoint: 4031835 ns, At safepoint: 7976216 ns, Total: 12008051 ns
[2020-09-11T14:11:19.207+0000][1][safepoint    ] Safepoint "RevokeBias", Time since last: 66648 ns, Reaching safepoint: 907220 ns, At safepoint: 7027857 ns, Total: 7935077 ns
[2020-09-11T14:11:19.208+0000][1][safepoint    ] Safepoint "RevokeBias", Time since last: 81428 ns, Reaching safepoint: 97854 ns, At safepoint: 39228 ns, Total: 137082 ns
[2020-09-11T14:11:19.208+0000][1][safepoint    ] Safepoint "RevokeBias", Time since last: 25811 ns, Reaching safepoint: 88109 ns, At safepoint: 39994 ns, Total: 128103 ns
[2020-09-11T14:11:19.208+0000][1][safepoint    ] Safepoint "RevokeBias", Time since last: 28435 ns, Reaching safepoint: 77164 ns, At safepoint: 23344 ns, Total: 100508 ns
[2020-09-11T14:11:19.208+0000][1][safepoint    ] Safepoint "RevokeBias", Time since last: 23245 ns, Reaching safepoint: 75739 ns, At safepoint: 21859 ns, Total: 97598 ns
[2020-09-11T14:11:19.208+0000][1][safepoint    ] Safepoint "RevokeBias", Time since last: 26100 ns, Reaching safepoint: 76055 ns, At safepoint: 22440 ns, Total: 98495 ns
[2020-09-11T14:11:19.208+0000][1][safepoint    ] Safepoint "RevokeBias", Time since last: 22205 ns, Reaching safepoint: 75181 ns, At safepoint: 21525 ns, Total: 96706 ns
[2020-09-11T14:11:19.960+0000][1][safepoint    ] Safepoint "CollectForMetadataAllocation", Time since last: 751863747 ns, Reaching safepoint: 104738 ns, At safepoint: 130849 ns, Total: 235587 ns
[2020-09-11T14:11:20.175+0000][1][safepoint    ] Safepoint "CollectForMetadataAllocation", Time since last: 214272741 ns, Reaching safepoint: 127766 ns, At safepoint: 128314 ns, Total: 256080 ns
[2020-09-11T14:11:20.367+0000][1][gc,start     ] GC(4) Pause Young (Allocation Failure)
[2020-09-11T14:11:20.368+0000][1][gc,task      ] GC(4) Using 1 workers of 1 for evacuation
[2020-09-11T14:11:20.423+0000][1][gc,age       ] GC(4) Desired survivor size 4358144 bytes, new threshold 6 (max threshold 6)
[2020-09-11T14:11:20.423+0000][1][gc,age       ] GC(4) Age table with threshold 6 (max threshold 6)
[2020-09-11T14:11:20.423+0000][1][gc,age       ] GC(4) - age   1:    2179104 bytes,    2179104 total
[2020-09-11T14:11:20.423+0000][1][gc,age       ] GC(4) - age   2:     351720 bytes,    2530824 total
[2020-09-11T14:11:20.423+0000][1][gc,age       ] GC(4) - age   3:     673960 bytes,    3204784 total
[2020-09-11T14:11:20.423+0000][1][gc,heap      ] GC(4) ParNew: 73659K->4447K(76672K)
[2020-09-11T14:11:20.423+0000][1][gc,heap      ] GC(4) CMS: 10329K->10329K(439104K)
[2020-09-11T14:11:20.423+0000][1][gc,metaspace ] GC(4) Metaspace: 20827K->20827K(1069056K)
[2020-09-11T14:11:20.423+0000][1][gc           ] GC(4) Pause Young (Allocation Failure) 82M->14M(503M) 55.320ms
[2020-09-11T14:11:20.423+0000][1][gc,cpu       ] GC(4) User=0.01s Sys=0.00s Real=0.05s
[2020-09-11T14:11:20.423+0000][1][safepoint    ] Safepoint "GenCollectForAllocation", Time since last: 186094349 ns, Reaching safepoint: 6410150 ns, At safepoint: 55385663 ns, Total: 61795813 ns
[2020-09-11T14:11:20.444+0000][1][gc,start     ] GC(5) Pause Initial Mark
[2020-09-11T14:11:20.449+0000][1][gc           ] GC(5) Pause Initial Mark 19M->19M(503M) 5.715ms
[2020-09-11T14:11:20.449+0000][1][gc,cpu       ] GC(5) User=0.00s Sys=0.00s Real=0.00s
[2020-09-11T14:11:20.491+0000][1][safepoint    ] Safepoint "BulkRevokeBias", Time since last: 20630145 ns, Reaching safepoint: 103231 ns, At safepoint: 47849810 ns, Total: 47953041 ns
[2020-09-11T14:11:20.491+0000][1][gc           ] GC(5) Concurrent Mark
[2020-09-11T14:11:20.532+0000][1][safepoint    ] Safepoint "RevokeBias", Time since last: 24003160 ns, Reaching safepoint: 16128813 ns, At safepoint: 30210 ns, Total: 16159023 ns
[2020-09-11T14:11:20.560+0000][1][safepoint    ] Safepoint "RevokeBias", Time since last: 27890926 ns, Reaching safepoint: 978757 ns, At safepoint: 30600 ns, Total: 1009357 ns
[2020-09-11T14:11:20.561+0000][1][safepoint    ] Safepoint "RevokeBias", Time since last: 55401 ns, Reaching safepoint: 78214 ns, At safepoint: 19543 ns, Total: 97757 ns
[2020-09-11T14:11:20.561+0000][1][safepoint    ] Safepoint "RevokeBias", Time since last: 30395 ns, Reaching safepoint: 78370 ns, At safepoint: 23412 ns, Total: 101782 ns
[2020-09-11T14:11:20.561+0000][1][safepoint    ] Safepoint "RevokeBias", Time since last: 24397 ns, Reaching safepoint: 80816 ns, At safepoint: 21011 ns, Total: 101827 ns
[2020-09-11T14:11:20.563+0000][1][gc           ] GC(5) Concurrent Mark 71.792ms
[2020-09-11T14:11:20.563+0000][1][gc,cpu       ] GC(5) User=0.02s Sys=0.00s Real=0.07s
[2020-09-11T14:11:20.563+0000][1][gc           ] GC(5) Concurrent Preclean
[2020-09-11T14:11:20.588+0000][1][gc           ] GC(5) Concurrent Preclean 24.651ms
[2020-09-11T14:11:20.588+0000][1][gc,cpu       ] GC(5) User=0.00s Sys=0.00s Real=0.03s
[2020-09-11T14:11:20.588+0000][1][gc           ] GC(5) Concurrent Abortable Preclean
[2020-09-11T14:11:21.204+0000][1][safepoint    ] Safepoint "RevokeBias", Time since last: 642556765 ns, Reaching safepoint: 65871 ns, At safepoint: 16703 ns, Total: 82574 ns
[2020-09-11T14:11:21.204+0000][1][safepoint    ] Safepoint "RevokeBias", Time since last: 73005 ns, Reaching safepoint: 8831 ns, At safepoint: 5151 ns, Total: 13982 ns
[2020-09-11T14:11:21.210+0000][1][safepoint    ] Safepoint "Deoptimize", Time since last: 6184264 ns, Reaching safepoint: 113563 ns, At safepoint: 193160 ns, Total: 306723 ns
[2020-09-11T14:11:21.274+0000][1][safepoint    ] Safepoint "CollectForMetadataAllocation", Time since last: 63785499 ns, Reaching safepoint: 110150 ns, At safepoint: 83201 ns, Total: 193351 ns
[2020-09-11T14:11:21.696+0000][1][safepoint    ] Safepoint "Deoptimize", Time since last: 421355294 ns, Reaching safepoint: 102546 ns, At safepoint: 194466 ns, Total: 297012 ns
[2020-09-11T14:11:21.766+0000][1][safepoint    ] Safepoint "RevokeBias", Time since last: 69860796 ns, Reaching safepoint: 59995 ns, At safepoint: 34536 ns, Total: 94531 ns
[2020-09-11T14:11:21.796+0000][1][safepoint    ] Safepoint "RevokeBias", Time since last: 29766363 ns, Reaching safepoint: 109916 ns, At safepoint: 41812 ns, Total: 151728 ns
[2020-09-11T14:11:22.048+0000][1][gc,start     ] GC(6) Pause Young (Allocation Failure)
[2020-09-11T14:11:22.048+0000][1][gc,task      ] GC(6) Using 1 workers of 1 for evacuation
[2020-09-11T14:11:22.081+0000][1][gc,age       ] GC(6) Desired survivor size 4358144 bytes, new threshold 4 (max threshold 6)
[2020-09-11T14:11:22.081+0000][1][gc,age       ] GC(6) Age table with threshold 4 (max threshold 6)
[2020-09-11T14:11:22.081+0000][1][gc,age       ] GC(6) - age   1:    2268048 bytes,    2268048 total
[2020-09-11T14:11:22.081+0000][1][gc,age       ] GC(6) - age   2:    1252376 bytes,    3520424 total
[2020-09-11T14:11:22.081+0000][1][gc,age       ] GC(6) - age   3:     351720 bytes,    3872144 total
[2020-09-11T14:11:22.081+0000][1][gc,age       ] GC(6) - age   4:     673960 bytes,    4546104 total
[2020-09-11T14:11:22.081+0000][1][gc,heap      ] GC(6) ParNew: 72607K->5806K(76672K)
[2020-09-11T14:11:22.081+0000][1][gc,heap      ] GC(6) CMS: 10329K->10329K(439104K)
[2020-09-11T14:11:22.081+0000][1][gc,metaspace ] GC(6) Metaspace: 21135K->21135K(1069056K)
[2020-09-11T14:11:22.081+0000][1][gc           ] GC(6) Pause Young (Allocation Failure) 80M->15M(503M) 33.998ms
[2020-09-11T14:11:22.082+0000][1][gc,cpu       ] GC(6) User=0.01s Sys=0.00s Real=0.03s
[2020-09-11T14:11:22.119+0000][1][safepoint    ] Safepoint "GenCollectForAllocation", Time since last: 241935670 ns, Reaching safepoint: 9951351 ns, At safepoint: 71926284 ns, Total: 81877635 ns
[2020-09-11T14:11:22.147+0000][1][safepoint    ] Safepoint "RevokeBias", Time since last: 13026376 ns, Reaching safepoint: 15018783 ns, At safepoint: 38765 ns, Total: 15057548 ns
[2020-09-11T14:11:22.151+0000][1][safepoint    ] Safepoint "RevokeBias", Time since last: 75277 ns, Reaching safepoint: 3872613 ns, At safepoint: 40525 ns, Total: 3913138 ns
[2020-09-11T14:11:22.152+0000][1][safepoint    ] Safepoint "RevokeBias", Time since last: 71624 ns, Reaching safepoint: 90836 ns, At safepoint: 25338 ns, Total: 116174 ns
[2020-09-11T14:11:22.152+0000][1][safepoint    ] Safepoint "RevokeBias", Time since last: 30256 ns, Reaching safepoint: 83379 ns, At safepoint: 20351 ns, Total: 103730 ns
[2020-09-11T14:11:22.152+0000][1][safepoint    ] Safepoint "RevokeBias", Time since last: 43326 ns, Reaching safepoint: 83265 ns, At safepoint: 20361 ns, Total: 103626 ns
[2020-09-11T14:11:22.152+0000][1][safepoint    ] Safepoint "RevokeBias", Time since last: 26314 ns, Reaching safepoint: 80855 ns, At safepoint: 19482 ns, Total: 100337 ns
[2020-09-11T14:11:22.329+0000][1][safepoint    ] Safepoint "RevokeBias", Time since last: 176759661 ns, Reaching safepoint: 105648 ns, At safepoint: 39003 ns, Total: 144651 ns
[2020-09-11T14:11:22.389+0000][1][safepoint    ] Safepoint "RevokeBias", Time since last: 46453813 ns, Reaching safepoint: 13762577 ns, At safepoint: 32515 ns, Total: 13795092 ns
[2020-09-11T14:11:22.480+0000][1][safepoint    ] Safepoint "RevokeBias", Time since last: 86201958 ns, Reaching safepoint: 4057179 ns, At safepoint: 38434 ns, Total: 4095613 ns
[2020-09-11T14:11:22.876+0000][1][safepoint    ] Safepoint "RevokeBias", Time since last: 395905273 ns, Reaching safepoint: 497278 ns, At safepoint: 31539 ns, Total: 528817 ns
[2020-09-11T14:11:22.889+0000][1][safepoint    ] Safepoint "RevokeBias", Time since last: 12542433 ns, Reaching safepoint: 93199 ns, At safepoint: 28905 ns, Total: 122104 ns
[2020-09-11T14:11:22.889+0000][1][gc           ] GC(5) Concurrent Abortable Preclean 2300.632ms
[2020-09-11T14:11:22.889+0000][1][gc,cpu       ] GC(5) User=0.57s Sys=0.01s Real=2.30s
[2020-09-11T14:11:22.889+0000][1][gc,start     ] GC(5) Pause Remark
[2020-09-11T14:11:23.019+0000][1][gc           ] GC(5) Pause Remark 68M->68M(503M) 130.444ms
[2020-09-11T14:11:23.019+0000][1][gc,cpu       ] GC(5) User=0.03s Sys=0.00s Real=0.13s
[2020-09-11T14:11:23.073+0000][1][safepoint    ] Safepoint "CMS_Final_Remark", Time since last: 72361 ns, Reaching safepoint: 7797 ns, At safepoint: 184692990 ns, Total: 184700787 ns
[2020-09-11T14:11:23.073+0000][1][gc           ] GC(5) Concurrent Sweep
[2020-09-11T14:11:23.086+0000][1][gc           ] GC(5) Concurrent Sweep 12.282ms
[2020-09-11T14:11:23.086+0000][1][gc,cpu       ] GC(5) User=0.00s Sys=0.00s Real=0.02s
[2020-09-11T14:11:23.086+0000][1][gc           ] GC(5) Concurrent Reset
[2020-09-11T14:11:23.087+0000][1][gc           ] GC(5) Concurrent Reset 0.702ms
[2020-09-11T14:11:23.087+0000][1][gc,cpu       ] GC(5) User=0.00s Sys=0.00s Real=0.00s
[2020-09-11T14:11:23.087+0000][1][gc,heap      ] GC(5) Old: 10329K->10327K(439104K)
[2020-09-11T14:11:23.248+0000][1][gc,start     ] GC(7) Pause Young (Allocation Failure)
[2020-09-11T14:11:23.248+0000][1][gc,task      ] GC(7) Using 1 workers of 1 for evacuation
[2020-09-11T14:11:23.309+0000][1][gc,age       ] GC(7) Desired survivor size 4358144 bytes, new threshold 6 (max threshold 6)
[2020-09-11T14:11:23.309+0000][1][gc,age       ] GC(7) Age table with threshold 6 (max threshold 6)
[2020-09-11T14:11:23.309+0000][1][gc,age       ] GC(7) - age   1:     756064 bytes,     756064 total
[2020-09-11T14:11:23.309+0000][1][gc,age       ] GC(7) - age   2:    1527656 bytes,    2283720 total
[2020-09-11T14:11:23.309+0000][1][gc,age       ] GC(7) - age   3:    1251768 bytes,    3535488 total
[2020-09-11T14:11:23.309+0000][1][gc,age       ] GC(7) - age   4:     351720 bytes,    3887208 total
[2020-09-11T14:11:23.309+0000][1][gc,heap      ] GC(7) ParNew: 73966K->4055K(76672K)
[2020-09-11T14:11:23.309+0000][1][gc,heap      ] GC(7) CMS: 10327K->10991K(439104K)
[2020-09-11T14:11:23.309+0000][1][gc,metaspace ] GC(7) Metaspace: 21237K->21237K(1069056K)
[2020-09-11T14:11:23.309+0000][1][gc           ] GC(7) Pause Young (Allocation Failure) 82M->14M(503M) 60.924ms
[2020-09-11T14:11:23.309+0000][1][gc,cpu       ] GC(7) User=0.02s Sys=0.00s Real=0.06s
[2020-09-11T14:11:23.309+0000][1][safepoint    ] Safepoint "GenCollectForAllocation", Time since last: 174024375 ns, Reaching safepoint: 396199 ns, At safepoint: 60998969 ns, Total: 61395168 ns
[2020-09-11T14:11:23.341+0000][1][safepoint    ] Safepoint "RevokeBias", Time since last: 15425446 ns, Reaching safepoint: 16293070 ns, At safepoint: 49332 ns, Total: 16342402 ns
[2020-09-11T14:11:23.352+0000][1][safepoint    ] Safepoint "RevokeBias", Time since last: 10871015 ns, Reaching safepoint: 98677 ns, At safepoint: 29390 ns, Total: 128067 ns
[2020-09-11T14:11:23.352+0000][1][safepoint    ] Safepoint "RevokeBias", Time since last: 72327 ns, Reaching safepoint: 79534 ns, At safepoint: 22552 ns, Total: 102086 ns
[2020-09-11T14:11:23.352+0000][1][safepoint    ] Safepoint "RevokeBias", Time since last: 29851 ns, Reaching safepoint: 77417 ns, At safepoint: 23880 ns, Total: 101297 ns
[2020-09-11T14:11:23.424+0000][1][safepoint    ] Safepoint "RevokeBias", Time since last: 72004425 ns, Reaching safepoint: 95518 ns, At safepoint: 47261 ns, Total: 142779 ns
[2020-09-11T14:11:23.436+0000][1][safepoint    ] Safepoint "RevokeBias", Time since last: 11406898 ns, Reaching safepoint: 104482 ns, At safepoint: 37980 ns, Total: 142462 ns
[2020-09-11T14:11:23.816+0000][1][safepoint    ] Safepoint "RevokeBias", Time since last: 379892191 ns, Reaching safepoint: 107637 ns, At safepoint: 89822 ns, Total: 197459 ns
[2020-09-11T14:11:23.857+0000][1][safepoint    ] Safepoint "RevokeBias", Time since last: 40992628 ns, Reaching safepoint: 94483 ns, At safepoint: 31952 ns, Total: 126435 ns
[2020-09-11T14:11:24.153+0000][1][gc,start     ] GC(8) Pause Young (Allocation Failure)
[2020-09-11T14:11:24.154+0000][1][gc,task      ] GC(8) Using 1 workers of 1 for evacuation
[2020-09-11T14:11:24.198+0000][1][gc,age       ] GC(8) Desired survivor size 4358144 bytes, new threshold 4 (max threshold 6)
[2020-09-11T14:11:24.198+0000][1][gc,age       ] GC(8) Age table with threshold 4 (max threshold 6)
[2020-09-11T14:11:24.198+0000][1][gc,age       ] GC(8) - age   1:    1621776 bytes,    1621776 total
[2020-09-11T14:11:24.198+0000][1][gc,age       ] GC(8) - age   2:     445720 bytes,    2067496 total
[2020-09-11T14:11:24.198+0000][1][gc,age       ] GC(8) - age   3:    1525720 bytes,    3593216 total
[2020-09-11T14:11:24.198+0000][1][gc,age       ] GC(8) - age   4:    1251112 bytes,    4844328 total
[2020-09-11T14:11:24.198+0000][1][gc,age       ] GC(8) - age   5:     351720 bytes,    5196048 total
[2020-09-11T14:11:24.198+0000][1][gc,heap      ] GC(8) ParNew: 72215K->7721K(76672K)
[2020-09-11T14:11:24.198+0000][1][gc,heap      ] GC(8) CMS: 10991K->10991K(439104K)
[2020-09-11T14:11:24.198+0000][1][gc,metaspace ] GC(8) Metaspace: 21417K->21417K(1069056K)
[2020-09-11T14:11:24.198+0000][1][gc           ] GC(8) Pause Young (Allocation Failure) 81M->18M(503M) 44.631ms
[2020-09-11T14:11:24.198+0000][1][gc,cpu       ] GC(8) User=0.01s Sys=0.00s Real=0.05s
[2020-09-11T14:11:24.221+0000][1][safepoint    ] Safepoint "GenCollectForAllocation", Time since last: 296536635 ns, Reaching safepoint: 99087 ns, At safepoint: 67404675 ns, Total: 67503762 ns
[2020-09-11T14:11:24.244+0000][1][safepoint    ] Safepoint "RevokeBias", Time since last: 22583242 ns, Reaching safepoint: 105120 ns, At safepoint: 31150 ns, Total: 136270 ns
[2020-09-11T14:11:24.244+0000][1][safepoint    ] Safepoint "RevokeBias", Time since last: 64244 ns, Reaching safepoint: 80037 ns, At safepoint: 17393 ns, Total: 97430 ns
[2020-09-11T14:11:24.244+0000][1][safepoint    ] Safepoint "RevokeBias", Time since last: 44523 ns, Reaching safepoint: 80401 ns, At safepoint: 24421 ns, Total: 104822 ns
[2020-09-11T14:11:24.244+0000][1][safepoint    ] Safepoint "RevokeBias", Time since last: 29576 ns, Reaching safepoint: 78499 ns, At safepoint: 22340 ns, Total: 100839 ns
[2020-09-11T14:11:24.276+0000][1][safepoint    ] Safepoint "RevokeBias", Time since last: 31436259 ns, Reaching safepoint: 105016 ns, At safepoint: 51753 ns, Total: 156769 ns
[2020-09-11T14:11:24.323+0000][1][safepoint    ] Safepoint "RevokeBias", Time since last: 47570104 ns, Reaching safepoint: 92303 ns, At safepoint: 29619 ns, Total: 121922 ns
[2020-09-11T14:11:24.369+0000][1][safepoint    ] Safepoint "RevokeBias", Time since last: 45240635 ns, Reaching safepoint: 108238 ns, At safepoint: 41813 ns, Total: 150051 ns
[2020-09-11T14:11:24.580+0000][1][safepoint    ] Safepoint "RevokeBias", Time since last: 210761272 ns, Reaching safepoint: 104920 ns, At safepoint: 38922 ns, Total: 143842 ns
[2020-09-11T14:11:24.600+0000][1][safepoint    ] Safepoint "RevokeBias", Time since last: 19868125 ns, Reaching safepoint: 107154 ns, At safepoint: 40795 ns, Total: 147949 ns
[2020-09-11T14:11:24.834+0000][1][gc,start     ] GC(9) Pause Young (Allocation Failure)
[2020-09-11T14:11:24.835+0000][1][gc,task      ] GC(9) Using 1 workers of 1 for evacuation
[2020-09-11T14:11:24.867+0000][1][gc,age       ] GC(9) Desired survivor size 4358144 bytes, new threshold 6 (max threshold 6)
[2020-09-11T14:11:24.867+0000][1][gc,age       ] GC(9) Age table with threshold 6 (max threshold 6)
[2020-09-11T14:11:24.867+0000][1][gc,age       ] GC(9) - age   1:     137368 bytes,     137368 total
[2020-09-11T14:11:24.867+0000][1][gc,age       ] GC(9) - age   2:     829208 bytes,     966576 total
[2020-09-11T14:11:24.867+0000][1][gc,age       ] GC(9) - age   3:     445640 bytes,    1412216 total
[2020-09-11T14:11:24.867+0000][1][gc,age       ] GC(9) - age   4:    1525720 bytes,    2937936 total
[2020-09-11T14:11:24.867+0000][1][gc,heap      ] GC(9) ParNew: 75881K->4770K(76672K)
[2020-09-11T14:11:24.867+0000][1][gc,heap      ] GC(9) CMS: 10991K->12575K(439104K)
[2020-09-11T14:11:24.867+0000][1][gc,metaspace ] GC(9) Metaspace: 21513K->21513K(1069056K)
[2020-09-11T14:11:24.867+0000][1][gc           ] GC(9) Pause Young (Allocation Failure) 84M->16M(503M) 33.122ms
[2020-09-11T14:11:24.867+0000][1][gc,cpu       ] GC(9) User=0.01s Sys=0.00s Real=0.04s
[2020-09-11T14:11:24.887+0000][1][safepoint    ] Safepoint "GenCollectForAllocation", Time since last: 234284633 ns, Reaching safepoint: 108675 ns, At safepoint: 53445234 ns, Total: 53553909 ns
[2020-09-11T14:11:24.890+0000][1][safepoint    ] Safepoint "RevokeBias", Time since last: 2922383 ns, Reaching safepoint: 24693 ns, At safepoint: 52826 ns, Total: 77519 ns
[2020-09-11T14:11:24.897+0000][1][safepoint    ] Safepoint "RevokeBias", Time since last: 6082197 ns, Reaching safepoint: 28950 ns, At safepoint: 56745 ns, Total: 85695 ns
[2020-09-11T14:11:24.906+0000][1][safepoint    ] Safepoint "RevokeBias", Time since last: 9249695 ns, Reaching safepoint: 103252 ns, At safepoint: 29132 ns, Total: 132384 ns
[2020-09-11T14:11:24.906+0000][1][safepoint    ] Safepoint "RevokeBias", Time since last: 69304 ns, Reaching safepoint: 78084 ns, At safepoint: 14871 ns, Total: 92955 ns
[2020-09-11T14:11:25.028+0000][1][safepoint    ] Safepoint "RevokeBias", Time since last: 121284045 ns, Reaching safepoint: 93869 ns, At safepoint: 31594 ns, Total: 125463 ns
[2020-09-11T14:11:25.048+0000][1][safepoint    ] Safepoint "RevokeBias", Time since last: 19877434 ns, Reaching safepoint: 107619 ns, At safepoint: 56240 ns, Total: 163859 ns
[2020-09-11T14:11:25.104+0000][1][safepoint    ] Safepoint "RevokeBias", Time since last: 55845233 ns, Reaching safepoint: 115599 ns, At safepoint: 19538 ns, Total: 135137 ns
[2020-09-11T14:11:25.104+0000][1][safepoint    ] Safepoint "RevokeBias", Time since last: 561033 ns, Reaching safepoint: 84256 ns, At safepoint: 9661 ns, Total: 93917 ns
[2020-09-11T14:11:25.234+0000][1][safepoint    ] Safepoint "RevokeBias", Time since last: 129572189 ns, Reaching safepoint: 99393 ns, At safepoint: 41596 ns, Total: 140989 ns
[2020-09-11T14:11:25.271+0000][1][safepoint    ] Safepoint "RevokeBias", Time since last: 35548411 ns, Reaching safepoint: 1650982 ns, At safepoint: 36546 ns, Total: 1687528 ns
[2020-09-11T14:11:25.303+0000][1][safepoint    ] Safepoint "RevokeBias", Time since last: 31787474 ns, Reaching safepoint: 26197 ns, At safepoint: 47604 ns, Total: 73801 ns
[2020-09-11T14:11:25.484+0000][1][safepoint    ] Safepoint "RevokeBias", Time since last: 180407221 ns, Reaching safepoint: 113964 ns, At safepoint: 39421 ns, Total: 153385 ns
[2020-09-11T14:11:25.485+0000][1][gc,start     ] GC(10) Pause Young (Allocation Failure)
[2020-09-11T14:11:25.485+0000][1][gc,task      ] GC(10) Using 1 workers of 1 for evacuation
[2020-09-11T14:11:25.499+0000][1][gc,age       ] GC(10) Desired survivor size 4358144 bytes, new threshold 6 (max threshold 6)
[2020-09-11T14:11:25.499+0000][1][gc,age       ] GC(10) Age table with threshold 6 (max threshold 6)
[2020-09-11T14:11:25.499+0000][1][gc,age       ] GC(10) - age   1:     437104 bytes,     437104 total
[2020-09-11T14:11:25.499+0000][1][gc,age       ] GC(10) - age   2:     119200 bytes,     556304 total
[2020-09-11T14:11:25.499+0000][1][gc,age       ] GC(10) - age   3:     829208 bytes,    1385512 total
[2020-09-11T14:11:25.499+0000][1][gc,age       ] GC(10) - age   4:     445616 bytes,    1831128 total
[2020-09-11T14:11:25.499+0000][1][gc,age       ] GC(10) - age   5:    1525720 bytes,    3356848 total
[2020-09-11T14:11:25.499+0000][1][gc,heap      ] GC(10) ParNew: 72930K->3344K(76672K)
[2020-09-11T14:11:25.499+0000][1][gc,heap      ] GC(10) CMS: 12575K->12575K(439104K)
[2020-09-11T14:11:25.499+0000][1][gc,metaspace ] GC(10) Metaspace: 21657K->21657K(1069056K)
[2020-09-11T14:11:25.499+0000][1][gc           ] GC(10) Pause Young (Allocation Failure) 83M->15M(503M) 14.251ms
[2020-09-11T14:11:25.499+0000][1][gc,cpu       ] GC(10) User=0.00s Sys=0.00s Real=0.01s
[2020-09-11T14:11:25.523+0000][1][safepoint    ] Safepoint "GenCollectForAllocation", Time since last: 1104065 ns, Reaching safepoint: 88099 ns, At safepoint: 38641315 ns, Total: 38729414 ns
[2020-09-11T14:11:25.524+0000][1][safepoint    ] Safepoint "RevokeBias", Time since last: 664901 ns, Reaching safepoint: 98133 ns, At safepoint: 61535 ns, Total: 159668 ns
[2020-09-11T14:11:25.527+0000][1][safepoint    ] Safepoint "RevokeBias", Time since last: 2297709 ns, Reaching safepoint: 80970 ns, At safepoint: 773385 ns, Total: 854355 ns
[2020-09-11T14:11:25.532+0000][1][safepoint    ] Safepoint "BulkRevokeBias", Time since last: 46091 ns, Reaching safepoint: 3992622 ns, At safepoint: 74823 ns, Total: 4067445 ns
[2020-09-11T14:11:25.532+0000][1][safepoint    ] Safepoint "BulkRevokeBias", Time since last: 60994 ns, Reaching safepoint: 79207 ns, At safepoint: 36023 ns, Total: 115230 ns
[2020-09-11T14:11:26.376+0000][1][gc,start     ] GC(11) Pause Young (Allocation Failure)
[2020-09-11T14:11:26.377+0000][1][gc,task      ] GC(11) Using 1 workers of 1 for evacuation
[2020-09-11T14:11:26.429+0000][1][gc,age       ] GC(11) Desired survivor size 4358144 bytes, new threshold 6 (max threshold 6)
[2020-09-11T14:11:26.429+0000][1][gc,age       ] GC(11) Age table with threshold 6 (max threshold 6)
[2020-09-11T14:11:26.429+0000][1][gc,age       ] GC(11) - age   1:    2165168 bytes,    2165168 total
[2020-09-11T14:11:26.429+0000][1][gc,age       ] GC(11) - age   2:     404168 bytes,    2569336 total
[2020-09-11T14:11:26.429+0000][1][gc,age       ] GC(11) - age   3:     119096 bytes,    2688432 total
[2020-09-11T14:11:26.429+0000][1][gc,age       ] GC(11) - age   4:     829208 bytes,    3517640 total
[2020-09-11T14:11:26.429+0000][1][gc,age       ] GC(11) - age   5:     445616 bytes,    3963256 total
[2020-09-11T14:11:26.429+0000][1][gc,age       ] GC(11) - age   6:    1525408 bytes,    5488664 total
[2020-09-11T14:11:26.429+0000][1][gc,heap      ] GC(11) ParNew: 71504K->6589K(76672K)
[2020-09-11T14:11:26.429+0000][1][gc,heap      ] GC(11) CMS: 12575K->12575K(439104K)
[2020-09-11T14:11:26.429+0000][1][gc,metaspace ] GC(11) Metaspace: 22575K->22575K(1071104K)
[2020-09-11T14:11:26.429+0000][1][gc           ] GC(11) Pause Young (Allocation Failure) 82M->18M(503M) 52.408ms
[2020-09-11T14:11:26.429+0000][1][gc,cpu       ] GC(11) User=0.02s Sys=0.00s Real=0.05s
[2020-09-11T14:11:26.435+0000][1][safepoint    ] Safepoint "GenCollectForAllocation", Time since last: 844636311 ns, Reaching safepoint: 102017 ns, At safepoint: 58989615 ns, Total: 59091632 ns
[2020-09-11T14:11:26.925+0000][1][gc,start     ] GC(12) Pause Young (Allocation Failure)
[2020-09-11T14:11:26.925+0000][1][gc,task      ] GC(12) Using 1 workers of 1 for evacuation
[2020-09-11T14:11:26.957+0000][1][gc,age       ] GC(12) Desired survivor size 4358144 bytes, new threshold 6 (max threshold 6)
[2020-09-11T14:11:26.957+0000][1][gc,age       ] GC(12) Age table with threshold 6 (max threshold 6)
[2020-09-11T14:11:26.957+0000][1][gc,age       ] GC(12) - age   1:     673384 bytes,     673384 total
[2020-09-11T14:11:26.957+0000][1][gc,age       ] GC(12) - age   2:     570720 bytes,    1244104 total
[2020-09-11T14:11:26.957+0000][1][gc,age       ] GC(12) - age   3:     404168 bytes,    1648272 total
[2020-09-11T14:11:26.957+0000][1][gc,age       ] GC(12) - age   4:     118992 bytes,    1767264 total
[2020-09-11T14:11:26.957+0000][1][gc,age       ] GC(12) - age   5:     829064 bytes,    2596328 total
[2020-09-11T14:11:26.957+0000][1][gc,age       ] GC(12) - age   6:     445472 bytes,    3041800 total
[2020-09-11T14:11:26.957+0000][1][gc,heap      ] GC(12) ParNew: 74749K->4843K(76672K)
[2020-09-11T14:11:26.957+0000][1][gc,heap      ] GC(12) CMS: 12575K->14077K(439104K)
[2020-09-11T14:11:26.957+0000][1][gc,metaspace ] GC(12) Metaspace: 22602K->22602K(1071104K)
[2020-09-11T14:11:26.957+0000][1][gc           ] GC(12) Pause Young (Allocation Failure) 85M->18M(503M) 31.737ms
[2020-09-11T14:11:26.957+0000][1][gc,cpu       ] GC(12) User=0.02s Sys=0.00s Real=0.03s
[2020-09-11T14:11:26.975+0000][1][safepoint    ] Safepoint "GenCollectForAllocation", Time since last: 489675613 ns, Reaching safepoint: 102543 ns, At safepoint: 50240362 ns, Total: 50342905 ns
[2020-09-11T14:11:27.432+0000][1][gc,start     ] GC(13) Pause Young (Allocation Failure)
[2020-09-11T14:11:27.432+0000][1][gc,task      ] GC(13) Using 1 workers of 1 for evacuation
[2020-09-11T14:11:27.466+0000][1][gc,age       ] GC(13) Desired survivor size 4358144 bytes, new threshold 6 (max threshold 6)
[2020-09-11T14:11:27.466+0000][1][gc,age       ] GC(13) Age table with threshold 6 (max threshold 6)
[2020-09-11T14:11:27.466+0000][1][gc,age       ] GC(13) - age   1:    1904040 bytes,    1904040 total
[2020-09-11T14:11:27.466+0000][1][gc,age       ] GC(13) - age   2:     203304 bytes,    2107344 total
[2020-09-11T14:11:27.466+0000][1][gc,age       ] GC(13) - age   3:     570608 bytes,    2677952 total
[2020-09-11T14:11:27.466+0000][1][gc,age       ] GC(13) - age   4:     404168 bytes,    3082120 total
[2020-09-11T14:11:27.466+0000][1][gc,age       ] GC(13) - age   5:     118992 bytes,    3201112 total
[2020-09-11T14:11:27.466+0000][1][gc,age       ] GC(13) - age   6:     829064 bytes,    4030176 total
[2020-09-11T14:11:27.466+0000][1][gc,heap      ] GC(13) ParNew: 73003K->6877K(76672K)
[2020-09-11T14:11:27.466+0000][1][gc,heap      ] GC(13) CMS: 14077K->14515K(439104K)
[2020-09-11T14:11:27.466+0000][1][gc,metaspace ] GC(13) Metaspace: 22702K->22702K(1071104K)
[2020-09-11T14:11:27.466+0000][1][gc           ] GC(13) Pause Young (Allocation Failure) 85M->20M(503M) 34.857ms
[2020-09-11T14:11:27.466+0000][1][gc,cpu       ] GC(13) User=0.02s Sys=0.00s Real=0.04s
[2020-09-11T14:11:27.484+0000][1][safepoint    ] Safepoint "GenCollectForAllocation", Time since last: 455972036 ns, Reaching safepoint: 108445 ns, At safepoint: 51981742 ns, Total: 52090187 ns
[2020-09-11T14:11:28.032+0000][1][gc,start     ] GC(14) Pause Young (Allocation Failure)
[2020-09-11T14:11:28.032+0000][1][gc,task      ] GC(14) Using 1 workers of 1 for evacuation
[2020-09-11T14:11:28.059+0000][1][gc,age       ] GC(14) Desired survivor size 4358144 bytes, new threshold 6 (max threshold 6)
[2020-09-11T14:11:28.059+0000][1][gc,age       ] GC(14) Age table with threshold 6 (max threshold 6)
[2020-09-11T14:11:28.059+0000][1][gc,age       ] GC(14) - age   1:     819656 bytes,     819656 total
[2020-09-11T14:11:28.059+0000][1][gc,age       ] GC(14) - age   2:     103416 bytes,     923072 total
[2020-09-11T14:11:28.059+0000][1][gc,age       ] GC(14) - age   3:     203304 bytes,    1126376 total
[2020-09-11T14:11:28.059+0000][1][gc,age       ] GC(14) - age   4:     570608 bytes,    1696984 total
[2020-09-11T14:11:28.059+0000][1][gc,age       ] GC(14) - age   5:     404168 bytes,    2101152 total
[2020-09-11T14:11:28.059+0000][1][gc,age       ] GC(14) - age   6:     118992 bytes,    2220144 total
[2020-09-11T14:11:28.059+0000][1][gc,heap      ] GC(14) ParNew: 75037K->2335K(76672K)
[2020-09-11T14:11:28.059+0000][1][gc,heap      ] GC(14) CMS: 14515K->15331K(439104K)
[2020-09-11T14:11:28.059+0000][1][gc,metaspace ] GC(14) Metaspace: 22782K->22782K(1071104K)
[2020-09-11T14:11:28.059+0000][1][gc           ] GC(14) Pause Young (Allocation Failure) 87M->17M(503M) 27.233ms
[2020-09-11T14:11:28.059+0000][1][gc,cpu       ] GC(14) User=0.01s Sys=0.00s Real=0.03s
[2020-09-11T14:11:28.077+0000][1][safepoint    ] Safepoint "GenCollectForAllocation", Time since last: 547922360 ns, Reaching safepoint: 114215 ns, At safepoint: 45777012 ns, Total: 45891227 ns
[2020-09-11T14:11:28.585+0000][1][gc,start     ] GC(15) Pause Young (Allocation Failure)
[2020-09-11T14:11:28.585+0000][1][gc,task      ] GC(15) Using 1 workers of 1 for evacuation
[2020-09-11T14:11:28.612+0000][1][gc,age       ] GC(15) Desired survivor size 4358144 bytes, new threshold 6 (max threshold 6)
[2020-09-11T14:11:28.612+0000][1][gc,age       ] GC(15) Age table with threshold 6 (max threshold 6)
[2020-09-11T14:11:28.612+0000][1][gc,age       ] GC(15) - age   1:     192120 bytes,     192120 total
[2020-09-11T14:11:28.612+0000][1][gc,age       ] GC(15) - age   2:     314664 bytes,     506784 total
[2020-09-11T14:11:28.612+0000][1][gc,age       ] GC(15) - age   3:     103416 bytes,     610200 total
[2020-09-11T14:11:28.612+0000][1][gc,age       ] GC(15) - age   4:     203304 bytes,     813504 total
[2020-09-11T14:11:28.612+0000][1][gc,age       ] GC(15) - age   5:     570608 bytes,    1384112 total
[2020-09-11T14:11:28.612+0000][1][gc,age       ] GC(15) - age   6:     404168 bytes,    1788280 total
[2020-09-11T14:11:28.612+0000][1][gc,heap      ] GC(15) ParNew: 70495K->2209K(76672K)
[2020-09-11T14:11:28.612+0000][1][gc,heap      ] GC(15) CMS: 15331K->15451K(439104K)
[2020-09-11T14:11:28.612+0000][1][gc,metaspace ] GC(15) Metaspace: 22869K->22869K(1071104K)
[2020-09-11T14:11:28.612+0000][1][gc           ] GC(15) Pause Young (Allocation Failure) 83M->17M(503M) 27.425ms
[2020-09-11T14:11:28.612+0000][1][gc,cpu       ] GC(15) User=0.01s Sys=0.00s Real=0.02s
[2020-09-11T14:11:28.613+0000][1][safepoint    ] Safepoint "GenCollectForAllocation", Time since last: 507611193 ns, Reaching safepoint: 100027 ns, At safepoint: 27485116 ns, Total: 27585143 ns
[2020-09-11T14:11:29.054+0000][1][gc,start     ] GC(16) Pause Young (Allocation Failure)
[2020-09-11T14:11:29.054+0000][1][gc,task      ] GC(16) Using 1 workers of 1 for evacuation
[2020-09-11T14:11:29.086+0000][1][gc,age       ] GC(16) Desired survivor size 4358144 bytes, new threshold 6 (max threshold 6)
[2020-09-11T14:11:29.086+0000][1][gc,age       ] GC(16) Age table with threshold 6 (max threshold 6)
[2020-09-11T14:11:29.086+0000][1][gc,age       ] GC(16) - age   1:    1832808 bytes,    1832808 total
[2020-09-11T14:11:29.086+0000][1][gc,age       ] GC(16) - age   2:     163024 bytes,    1995832 total
[2020-09-11T14:11:29.086+0000][1][gc,age       ] GC(16) - age   3:     314664 bytes,    2310496 total
[2020-09-11T14:11:29.086+0000][1][gc,age       ] GC(16) - age   4:     103416 bytes,    2413912 total
[2020-09-11T14:11:29.086+0000][1][gc,age       ] GC(16) - age   5:     203152 bytes,    2617064 total
[2020-09-11T14:11:29.086+0000][1][gc,age       ] GC(16) - age   6:     570608 bytes,    3187672 total
[2020-09-11T14:11:29.086+0000][1][gc,heap      ] GC(16) ParNew: 70369K->3724K(76672K)
[2020-09-11T14:11:29.086+0000][1][gc,heap      ] GC(16) CMS: 15451K->15850K(439104K)
[2020-09-11T14:11:29.086+0000][1][gc,metaspace ] GC(16) Metaspace: 22887K->22887K(1071104K)
[2020-09-11T14:11:29.086+0000][1][gc           ] GC(16) Pause Young (Allocation Failure) 83M->19M(503M) 32.534ms
[2020-09-11T14:11:29.086+0000][1][gc,cpu       ] GC(16) User=0.01s Sys=0.00s Real=0.04s
[2020-09-11T14:11:29.103+0000][1][safepoint    ] Safepoint "GenCollectForAllocation", Time since last: 440961010 ns, Reaching safepoint: 107489 ns, At safepoint: 49649100 ns, Total: 49756589 ns
[2020-09-11T14:11:29.189+0000][1][safepoint    ] Safepoint "Deoptimize", Time since last: 85378452 ns, Reaching safepoint: 100479 ns, At safepoint: 207621 ns, Total: 308100 ns
[2020-09-11T14:11:29.404+0000][1][safepoint    ] Safepoint "RevokeBias", Time since last: 215058335 ns, Reaching safepoint: 113491 ns, At safepoint: 14245 ns, Total: 127736 ns
[2020-09-11T14:11:30.408+0000][1][safepoint    ] Safepoint "Cleanup", Time since last: 1003327022 ns, Reaching safepoint: 262031 ns, At safepoint: 9601 ns, Total: 271632 ns
[2020-09-11T14:11:30.428+0000][1][safepoint    ] Safepoint "RevokeBias", Time since last: 19724850 ns, Reaching safepoint: 107121 ns, At safepoint: 18779 ns, Total: 125900 ns
[2020-09-11T14:11:30.436+0000][1][safepoint    ] Safepoint "RevokeBias", Time since last: 7872439 ns, Reaching safepoint: 107011 ns, At safepoint: 43665 ns, Total: 150676 ns
[2020-09-11T14:11:31.447+0000][1][safepoint    ] Safepoint "Cleanup", Time since last: 1003866153 ns, Reaching safepoint: 8010398 ns, At safepoint: 15337 ns, Total: 8025735 ns
[2020-09-11T14:11:31.630+0000][1][safepoint    ] Safepoint "Deoptimize", Time since last: 182031334 ns, Reaching safepoint: 105429 ns, At safepoint: 212478 ns, Total: 317907 ns
[2020-09-11T14:11:31.737+0000][1][safepoint    ] Safepoint "Deoptimize", Time since last: 107278186 ns, Reaching safepoint: 102068 ns, At safepoint: 225480 ns, Total: 327548 ns
[2020-09-11T14:11:32.744+0000][1][safepoint    ] Safepoint "Cleanup", Time since last: 1005988321 ns, Reaching safepoint: 273936 ns, At safepoint: 11055 ns, Total: 284991 ns
[2020-09-11T14:11:33.744+0000][1][safepoint    ] Safepoint "Cleanup", Time since last: 1000108335 ns, Reaching safepoint: 110407 ns, At safepoint: 6968 ns, Total: 117375 ns
[2020-09-11T14:11:34.724+0000][1][gc,start     ] GC(17) Pause Young (Allocation Failure)
[2020-09-11T14:11:34.724+0000][1][gc,task      ] GC(17) Using 1 workers of 1 for evacuation
[2020-09-11T14:11:34.817+0000][1][gc,age       ] GC(17) Desired survivor size 4358144 bytes, new threshold 1 (max threshold 6)
[2020-09-11T14:11:34.817+0000][1][gc,age       ] GC(17) Age table with threshold 1 (max threshold 6)
[2020-09-11T14:11:34.817+0000][1][gc,age       ] GC(17) - age   1:    7566144 bytes,    7566144 total
[2020-09-11T14:11:34.817+0000][1][gc,age       ] GC(17) - age   2:      98040 bytes,    7664184 total
[2020-09-11T14:11:34.817+0000][1][gc,age       ] GC(17) - age   3:     162528 bytes,    7826712 total
[2020-09-11T14:11:34.817+0000][1][gc,age       ] GC(17) - age   4:     312400 bytes,    8139112 total
[2020-09-11T14:11:34.817+0000][1][gc,age       ] GC(17) - age   5:     103136 bytes,    8242248 total
[2020-09-11T14:11:34.817+0000][1][gc,age       ] GC(17) - age   6:     203152 bytes,    8445400 total
[2020-09-11T14:11:34.817+0000][1][gc,heap      ] GC(17) ParNew: 71884K->8400K(76672K)
[2020-09-11T14:11:34.817+0000][1][gc,heap      ] GC(17) CMS: 15850K->16415K(439104K)
[2020-09-11T14:11:34.817+0000][1][gc,metaspace ] GC(17) Metaspace: 29660K->29660K(1077248K)
[2020-09-11T14:11:34.817+0000][1][gc           ] GC(17) Pause Young (Allocation Failure) 85M->24M(503M) 93.722ms
[2020-09-11T14:11:34.817+0000][1][gc,cpu       ] GC(17) User=0.03s Sys=0.00s Real=0.09s
[2020-09-11T14:11:34.833+0000][1][safepoint    ] Safepoint "GenCollectForAllocation", Time since last: 979493508 ns, Reaching safepoint: 109978 ns, At safepoint: 109082985 ns, Total: 109192963 ns
[2020-09-11T14:11:35.848+0000][1][safepoint    ] Safepoint "Cleanup", Time since last: 1015068390 ns, Reaching safepoint: 111014 ns, At safepoint: 6735 ns, Total: 117749 ns
[2020-09-11T14:11:36.854+0000][1][safepoint    ] Safepoint "Cleanup", Time since last: 1003636277 ns, Reaching safepoint: 2280728 ns, At safepoint: 10344 ns, Total: 2291072 ns
[2020-09-11T14:11:37.856+0000][1][safepoint    ] Safepoint "Cleanup", Time since last: 1001675573 ns, Reaching safepoint: 174669 ns, At safepoint: 6640 ns, Total: 181309 ns
[2020-09-11T14:11:38.856+0000][1][safepoint    ] Safepoint "Cleanup", Time since last: 1000136215 ns, Reaching safepoint: 100640 ns, At safepoint: 5989 ns, Total: 106629 ns
[2020-09-11T14:11:39.248+0000][1][gc,start     ] GC(18) Pause Young (Allocation Failure)
[2020-09-11T14:11:39.248+0000][1][gc,task      ] GC(18) Using 1 workers of 1 for evacuation
[2020-09-11T14:11:39.469+0000][1][gc,age       ] GC(18) Desired survivor size 4358144 bytes, new threshold 1 (max threshold 6)
[2020-09-11T14:11:39.469+0000][1][gc,age       ] GC(18) Age table with threshold 1 (max threshold 6)
[2020-09-11T14:11:39.469+0000][1][gc,age       ] GC(18) - age   1:    8527576 bytes,    8527576 total
[2020-09-11T14:11:39.469+0000][1][gc,heap      ] GC(18) ParNew: 76560K->8512K(76672K)
[2020-09-11T14:11:39.469+0000][1][gc,heap      ] GC(18) CMS: 16415K->25150K(439104K)
[2020-09-11T14:11:39.469+0000][1][gc,metaspace ] GC(18) Metaspace: 29727K->29727K(1077248K)
[2020-09-11T14:11:39.469+0000][1][gc           ] GC(18) Pause Young (Allocation Failure) 90M->32M(503M) 220.778ms
[2020-09-11T14:11:39.469+0000][1][gc,cpu       ] GC(18) User=0.07s Sys=0.00s Real=0.22s
[2020-09-11T14:11:39.491+0000][1][safepoint    ] Safepoint "GenCollectForAllocation", Time since last: 392286000 ns, Reaching safepoint: 100536 ns, At safepoint: 243208936 ns, Total: 243309472 ns
[2020-09-11T14:11:40.508+0000][1][safepoint    ] Safepoint "Cleanup", Time since last: 1015976177 ns, Reaching safepoint: 1053980 ns, At safepoint: 6786 ns, Total: 1060766 ns
[2020-09-11T14:11:41.512+0000][1][safepoint    ] Safepoint "Cleanup", Time since last: 1002953075 ns, Reaching safepoint: 711855 ns, At safepoint: 6438 ns, Total: 718293 ns
[2020-09-11T14:11:42.521+0000][1][safepoint    ] Safepoint "Cleanup", Time since last: 1001384993 ns, Reaching safepoint: 7015549 ns, At safepoint: 10189 ns, Total: 7025738 ns
[2020-09-11T14:11:43.284+0000][1][gc,start     ] GC(19) Pause Young (Allocation Failure)
[2020-09-11T14:11:43.284+0000][1][gc,task      ] GC(19) Using 1 workers of 1 for evacuation
[2020-09-11T14:11:43.395+0000][1][gc,age       ] GC(19) Desired survivor size 4358144 bytes, new threshold 1 (max threshold 6)
[2020-09-11T14:11:43.395+0000][1][gc,age       ] GC(19) Age table with threshold 1 (max threshold 6)
[2020-09-11T14:11:43.395+0000][1][gc,age       ] GC(19) - age   1:    8187112 bytes,    8187112 total
[2020-09-11T14:11:43.395+0000][1][gc,heap      ] GC(19) ParNew: 76672K->8512K(76672K)
[2020-09-11T14:11:43.395+0000][1][gc,heap      ] GC(19) CMS: 25150K->33491K(439104K)
[2020-09-11T14:11:43.395+0000][1][gc,metaspace ] GC(19) Metaspace: 29888K->29888K(1077248K)
[2020-09-11T14:11:43.395+0000][1][gc           ] GC(19) Pause Young (Allocation Failure) 99M->41M(503M) 111.795ms
[2020-09-11T14:11:43.395+0000][1][gc,cpu       ] GC(19) User=0.04s Sys=0.00s Real=0.10s
[2020-09-11T14:11:43.411+0000][1][safepoint    ] Safepoint "GenCollectForAllocation", Time since last: 762896003 ns, Reaching safepoint: 106864 ns, At safepoint: 127905331 ns, Total: 128012195 ns
[2020-09-11T14:11:45.031+0000][1][safepoint    ] Safepoint "RevokeBias", Time since last: 1619170678 ns, Reaching safepoint: 113805 ns, At safepoint: 37493 ns, Total: 151298 ns
[2020-09-11T14:11:46.032+0000][1][safepoint    ] Safepoint "Cleanup", Time since last: 1000627129 ns, Reaching safepoint: 138716 ns, At safepoint: 7202 ns, Total: 145918 ns
[2020-09-11T14:11:46.605+0000][1][gc,start     ] GC(20) Pause Young (Allocation Failure)
[2020-09-11T14:11:46.605+0000][1][gc,task      ] GC(20) Using 1 workers of 1 for evacuation
[2020-09-11T14:11:46.788+0000][1][gc,age       ] GC(20) Desired survivor size 4358144 bytes, new threshold 1 (max threshold 6)
[2020-09-11T14:11:46.788+0000][1][gc,age       ] GC(20) Age table with threshold 1 (max threshold 6)
[2020-09-11T14:11:46.788+0000][1][gc,age       ] GC(20) - age   1:    4488480 bytes,    4488480 total
[2020-09-11T14:11:46.788+0000][1][gc,heap      ] GC(20) ParNew: 76672K->7988K(76672K)
[2020-09-11T14:11:46.788+0000][1][gc,heap      ] GC(20) CMS: 33491K->41150K(439104K)
[2020-09-11T14:11:46.788+0000][1][gc,metaspace ] GC(20) Metaspace: 32106K->32106K(1079296K)
[2020-09-11T14:11:46.788+0000][1][gc           ] GC(20) Pause Young (Allocation Failure) 107M->47M(503M) 183.325ms
[2020-09-11T14:11:46.788+0000][1][gc,cpu       ] GC(20) User=0.06s Sys=0.00s Real=0.18s
[2020-09-11T14:11:46.788+0000][1][safepoint    ] Safepoint "GenCollectForAllocation", Time since last: 573136787 ns, Reaching safepoint: 99970 ns, At safepoint: 183398627 ns, Total: 183498597 ns
[2020-09-11T14:11:47.374+0000][1][safepoint    ] Safepoint "Deoptimize", Time since last: 585352527 ns, Reaching safepoint: 117490 ns, At safepoint: 296154 ns, Total: 413644 ns
[2020-09-11T14:11:48.386+0000][1][safepoint    ] Safepoint "Cleanup", Time since last: 1005472178 ns, Reaching safepoint: 6161567 ns, At safepoint: 10186 ns, Total: 6171753 ns
[2020-09-11T14:11:49.395+0000][1][safepoint    ] Safepoint "Cleanup", Time since last: 1005813297 ns, Reaching safepoint: 3873539 ns, At safepoint: 9213 ns, Total: 3882752 ns
[2020-09-11T14:11:49.444+0000][1][safepoint    ] Safepoint "Deoptimize", Time since last: 44777494 ns, Reaching safepoint: 3390399 ns, At safepoint: 287133 ns, Total: 3677532 ns
[2020-09-11T14:11:50.108+0000][1][gc,start     ] GC(21) Pause Young (Allocation Failure)
[2020-09-11T14:11:50.108+0000][1][gc,task      ] GC(21) Using 1 workers of 1 for evacuation
[2020-09-11T14:11:50.169+0000][1][gc,age       ] GC(21) Desired survivor size 4358144 bytes, new threshold 6 (max threshold 6)
[2020-09-11T14:11:50.169+0000][1][gc,age       ] GC(21) Age table with threshold 6 (max threshold 6)
[2020-09-11T14:11:50.169+0000][1][gc,age       ] GC(21) - age   1:     922976 bytes,     922976 total
[2020-09-11T14:11:50.169+0000][1][gc,heap      ] GC(21) ParNew: 76148K->3640K(76672K)
[2020-09-11T14:11:50.169+0000][1][gc,heap      ] GC(21) CMS: 41150K->45459K(439104K)
[2020-09-11T14:11:50.169+0000][1][gc,metaspace ] GC(21) Metaspace: 32409K->32409K(1079296K)
[2020-09-11T14:11:50.169+0000][1][gc           ] GC(21) Pause Young (Allocation Failure) 114M->47M(503M) 61.154ms
[2020-09-11T14:11:50.169+0000][1][gc,cpu       ] GC(21) User=0.02s Sys=0.00s Real=0.06s
[2020-09-11T14:11:50.186+0000][1][safepoint    ] Safepoint "GenCollectForAllocation", Time since last: 663710611 ns, Reaching safepoint: 63590 ns, At safepoint: 78959114 ns, Total: 79022704 ns
[2020-09-11T14:11:51.080+0000][1][gc,start     ] GC(22) Pause Young (Allocation Failure)
[2020-09-11T14:11:51.080+0000][1][gc,task      ] GC(22) Using 1 workers of 1 for evacuation
[2020-09-11T14:11:51.082+0000][1][gc,age       ] GC(22) Desired survivor size 4358144 bytes, new threshold 6 (max threshold 6)
[2020-09-11T14:11:51.082+0000][1][gc,age       ] GC(22) Age table with threshold 6 (max threshold 6)
[2020-09-11T14:11:51.082+0000][1][gc,age       ] GC(22) - age   1:     250232 bytes,     250232 total
[2020-09-11T14:11:51.082+0000][1][gc,age       ] GC(22) - age   2:     438008 bytes,     688240 total
[2020-09-11T14:11:51.082+0000][1][gc,heap      ] GC(22) ParNew: 71800K->1135K(76672K)
[2020-09-11T14:11:51.082+0000][1][gc,heap      ] GC(22) CMS: 45459K->45459K(439104K)
[2020-09-11T14:11:51.082+0000][1][gc,metaspace ] GC(22) Metaspace: 32421K->32421K(1079296K)
[2020-09-11T14:11:51.082+0000][1][gc           ] GC(22) Pause Young (Allocation Failure) 114M->45M(503M) 2.901ms
[2020-09-11T14:11:51.082+0000][1][gc,cpu       ] GC(22) User=0.00s Sys=0.00s Real=0.00s
[2020-09-11T14:11:51.087+0000][1][safepoint    ] Safepoint "GenCollectForAllocation", Time since last: 892953034 ns, Reaching safepoint: 121067 ns, At safepoint: 7896967 ns, Total: 8018034 ns
[2020-09-11T14:11:51.661+0000][1][gc,start     ] GC(23) Pause Young (Allocation Failure)
[2020-09-11T14:11:51.661+0000][1][gc,task      ] GC(23) Using 1 workers of 1 for evacuation
[2020-09-11T14:11:51.672+0000][1][gc,age       ] GC(23) Desired survivor size 4358144 bytes, new threshold 6 (max threshold 6)
[2020-09-11T14:11:51.672+0000][1][gc,age       ] GC(23) Age table with threshold 6 (max threshold 6)
[2020-09-11T14:11:51.672+0000][1][gc,age       ] GC(23) - age   2:     250176 bytes,     250176 total
[2020-09-11T14:11:51.672+0000][1][gc,age       ] GC(23) - age   3:     438008 bytes,     688184 total
[2020-09-11T14:11:51.672+0000][1][gc,heap      ] GC(23) ParNew: 69295K->1071K(76672K)
[2020-09-11T14:11:51.672+0000][1][gc,heap      ] GC(23) CMS: 45459K->45459K(439104K)
[2020-09-11T14:11:51.672+0000][1][gc,metaspace ] GC(23) Metaspace: 32422K->32422K(1079296K)
[2020-09-11T14:11:51.672+0000][1][gc           ] GC(23) Pause Young (Allocation Failure) 112M->45M(503M) 10.878ms
[2020-09-11T14:11:51.672+0000][1][gc,cpu       ] GC(23) User=0.00s Sys=0.00s Real=0.01s
[2020-09-11T14:11:51.672+0000][1][safepoint    ] Safepoint "GenCollectForAllocation", Time since last: 573186039 ns, Reaching safepoint: 145900 ns, At safepoint: 10969710 ns, Total: 11115610 ns
[2020-09-11T14:11:51.955+0000][1][gc,start     ] GC(24) Pause Young (Allocation Failure)
[2020-09-11T14:11:51.955+0000][1][gc,task      ] GC(24) Using 1 workers of 1 for evacuation
[2020-09-11T14:11:51.961+0000][1][gc,age       ] GC(24) Desired survivor size 4358144 bytes, new threshold 6 (max threshold 6)
[2020-09-11T14:11:51.961+0000][1][gc,age       ] GC(24) Age table with threshold 6 (max threshold 6)
[2020-09-11T14:11:51.961+0000][1][gc,age       ] GC(24) - age   1:        224 bytes,        224 total
[2020-09-11T14:11:51.961+0000][1][gc,age       ] GC(24) - age   3:     250176 bytes,     250400 total
[2020-09-11T14:11:51.961+0000][1][gc,age       ] GC(24) - age   4:     438008 bytes,     688408 total
[2020-09-11T14:11:51.961+0000][1][gc,heap      ] GC(24) ParNew: 69231K->1276K(76672K)
[2020-09-11T14:11:51.961+0000][1][gc,heap      ] GC(24) CMS: 45459K->45459K(439104K)
[2020-09-11T14:11:51.961+0000][1][gc,metaspace ] GC(24) Metaspace: 32425K->32425K(1079296K)
[2020-09-11T14:11:51.961+0000][1][gc           ] GC(24) Pause Young (Allocation Failure) 112M->45M(503M) 5.973ms
[2020-09-11T14:11:51.961+0000][1][gc,cpu       ] GC(24) User=0.00s Sys=0.00s Real=0.01s
[2020-09-11T14:11:51.975+0000][1][safepoint    ] Safepoint "GenCollectForAllocation", Time since last: 282944716 ns, Reaching safepoint: 119992 ns, At safepoint: 20604013 ns, Total: 20724005 ns
[2020-09-11T14:11:52.246+0000][1][gc,start     ] GC(25) Pause Young (Allocation Failure)
[2020-09-11T14:11:52.246+0000][1][gc,task      ] GC(25) Using 1 workers of 1 for evacuation
[2020-09-11T14:11:52.253+0000][1][gc,age       ] GC(25) Desired survivor size 4358144 bytes, new threshold 6 (max threshold 6)
[2020-09-11T14:11:52.253+0000][1][gc,age       ] GC(25) Age table with threshold 6 (max threshold 6)
[2020-09-11T14:11:52.253+0000][1][gc,age       ] GC(25) - age   1:         48 bytes,         48 total
[2020-09-11T14:11:52.253+0000][1][gc,age       ] GC(25) - age   4:     250176 bytes,     250224 total
[2020-09-11T14:11:52.253+0000][1][gc,age       ] GC(25) - age   5:     438008 bytes,     688232 total
[2020-09-11T14:11:52.253+0000][1][gc,heap      ] GC(25) ParNew: 69436K->823K(76672K)
[2020-09-11T14:11:52.253+0000][1][gc,heap      ] GC(25) CMS: 45459K->45459K(439104K)
[2020-09-11T14:11:52.253+0000][1][gc,metaspace ] GC(25) Metaspace: 32425K->32425K(1079296K)
[2020-09-11T14:11:52.253+0000][1][gc           ] GC(25) Pause Young (Allocation Failure) 112M->45M(503M) 7.072ms
[2020-09-11T14:11:52.253+0000][1][gc,cpu       ] GC(25) User=0.01s Sys=0.00s Real=0.00s
[2020-09-11T14:11:52.256+0000][1][safepoint    ] Safepoint "GenCollectForAllocation", Time since last: 270381710 ns, Reaching safepoint: 107901 ns, At safepoint: 9870444 ns, Total: 9978345 ns
[2020-09-11T14:11:52.492+0000][1][gc,start     ] GC(26) Pause Young (Allocation Failure)
[2020-09-11T14:11:52.493+0000][1][gc,task      ] GC(26) Using 1 workers of 1 for evacuation
[2020-09-11T14:11:52.495+0000][1][gc,age       ] GC(26) Desired survivor size 4358144 bytes, new threshold 6 (max threshold 6)
[2020-09-11T14:11:52.495+0000][1][gc,age       ] GC(26) Age table with threshold 6 (max threshold 6)
[2020-09-11T14:11:52.495+0000][1][gc,age       ] GC(26) - age   1:        176 bytes,        176 total
[2020-09-11T14:11:52.495+0000][1][gc,age       ] GC(26) - age   5:     250176 bytes,     250352 total
[2020-09-11T14:11:52.495+0000][1][gc,age       ] GC(26) - age   6:     438008 bytes,     688360 total
[2020-09-11T14:11:52.495+0000][1][gc,heap      ] GC(26) ParNew: 68983K->1213K(76672K)
[2020-09-11T14:11:52.495+0000][1][gc,heap      ] GC(26) CMS: 45459K->45459K(439104K)
[2020-09-11T14:11:52.495+0000][1][gc,metaspace ] GC(26) Metaspace: 32425K->32425K(1079296K)
[2020-09-11T14:11:52.495+0000][1][gc           ] GC(26) Pause Young (Allocation Failure) 111M->45M(503M) 2.816ms
[2020-09-11T14:11:52.495+0000][1][gc,cpu       ] GC(26) User=0.00s Sys=0.00s Real=0.00s
[2020-09-11T14:11:52.503+0000][1][safepoint    ] Safepoint "GenCollectForAllocation", Time since last: 236595154 ns, Reaching safepoint: 101911 ns, At safepoint: 11017175 ns, Total: 11119086 ns
[2020-09-11T14:11:52.736+0000][1][gc,start     ] GC(27) Pause Young (Allocation Failure)
[2020-09-11T14:11:52.736+0000][1][gc,task      ] GC(27) Using 1 workers of 1 for evacuation
[2020-09-11T14:11:52.738+0000][1][gc,age       ] GC(27) Desired survivor size 4358144 bytes, new threshold 6 (max threshold 6)
[2020-09-11T14:11:52.738+0000][1][gc,age       ] GC(27) Age table with threshold 6 (max threshold 6)
[2020-09-11T14:11:52.738+0000][1][gc,age       ] GC(27) - age   1:         88 bytes,         88 total
[2020-09-11T14:11:52.738+0000][1][gc,age       ] GC(27) - age   6:     250176 bytes,     250264 total
[2020-09-11T14:11:52.738+0000][1][gc,heap      ] GC(27) ParNew: 69373K->403K(76672K)
[2020-09-11T14:11:52.738+0000][1][gc,heap      ] GC(27) CMS: 45459K->45888K(439104K)
[2020-09-11T14:11:52.738+0000][1][gc,metaspace ] GC(27) Metaspace: 32425K->32425K(1079296K)
[2020-09-11T14:11:52.738+0000][1][gc           ] GC(27) Pause Young (Allocation Failure) 112M->45M(503M) 2.907ms
[2020-09-11T14:11:52.738+0000][1][gc,cpu       ] GC(27) User=0.00s Sys=0.00s Real=0.00s
[2020-09-11T14:11:52.743+0000][1][safepoint    ] Safepoint "GenCollectForAllocation", Time since last: 231950738 ns, Reaching safepoint: 101553 ns, At safepoint: 7219582 ns, Total: 7321135 ns
[2020-09-11T14:11:52.969+0000][1][gc,start     ] GC(28) Pause Young (Allocation Failure)
[2020-09-11T14:11:52.969+0000][1][gc,task      ] GC(28) Using 1 workers of 1 for evacuation
[2020-09-11T14:11:52.977+0000][1][gc,age       ] GC(28) Desired survivor size 4358144 bytes, new threshold 6 (max threshold 6)
[2020-09-11T14:11:52.977+0000][1][gc,age       ] GC(28) Age table with threshold 6 (max threshold 6)
[2020-09-11T14:11:52.977+0000][1][gc,age       ] GC(28) - age   1:        280 bytes,        280 total
[2020-09-11T14:11:52.977+0000][1][gc,heap      ] GC(28) ParNew: 68563K->284K(76672K)
[2020-09-11T14:11:52.977+0000][1][gc,heap      ] GC(28) CMS: 45888K->46132K(439104K)
[2020-09-11T14:11:52.977+0000][1][gc,metaspace ] GC(28) Metaspace: 32425K->32425K(1079296K)
[2020-09-11T14:11:52.977+0000][1][gc           ] GC(28) Pause Young (Allocation Failure) 111M->45M(503M) 8.224ms
[2020-09-11T14:11:52.977+0000][1][gc,cpu       ] GC(28) User=0.01s Sys=0.00s Real=0.01s
[2020-09-11T14:11:52.977+0000][1][safepoint    ] Safepoint "GenCollectForAllocation", Time since last: 225882594 ns, Reaching safepoint: 118754 ns, At safepoint: 8282870 ns, Total: 8401624 ns
[2020-09-11T14:11:53.201+0000][1][gc,start     ] GC(29) Pause Young (Allocation Failure)
[2020-09-11T14:11:53.201+0000][1][gc,task      ] GC(29) Using 1 workers of 1 for evacuation
[2020-09-11T14:11:53.208+0000][1][gc,age       ] GC(29) Desired survivor size 4358144 bytes, new threshold 6 (max threshold 6)
[2020-09-11T14:11:53.208+0000][1][gc,age       ] GC(29) Age table with threshold 6 (max threshold 6)
[2020-09-11T14:11:53.208+0000][1][gc,age       ] GC(29) - age   1:        224 bytes,        224 total
[2020-09-11T14:11:53.208+0000][1][gc,age       ] GC(29) - age   2:         72 bytes,        296 total
[2020-09-11T14:11:53.208+0000][1][gc,heap      ] GC(29) ParNew: 68444K->71K(76672K)
[2020-09-11T14:11:53.208+0000][1][gc,heap      ] GC(29) CMS: 46132K->46132K(439104K)
[2020-09-11T14:11:53.208+0000][1][gc,metaspace ] GC(29) Metaspace: 32425K->32425K(1079296K)
[2020-09-11T14:11:53.209+0000][1][gc           ] GC(29) Pause Young (Allocation Failure) 111M->45M(503M) 7.212ms
[2020-09-11T14:11:53.209+0000][1][gc,cpu       ] GC(29) User=0.00s Sys=0.00s Real=0.01s
[2020-09-11T14:11:53.209+0000][1][safepoint    ] Safepoint "GenCollectForAllocation", Time since last: 224142874 ns, Reaching safepoint: 99428 ns, At safepoint: 7270504 ns, Total: 7369932 ns
[2020-09-11T14:11:53.448+0000][1][gc,start     ] GC(30) Pause Young (Allocation Failure)
[2020-09-11T14:11:53.448+0000][1][gc,task      ] GC(30) Using 1 workers of 1 for evacuation
[2020-09-11T14:11:53.450+0000][1][gc,age       ] GC(30) Desired survivor size 4358144 bytes, new threshold 6 (max threshold 6)
[2020-09-11T14:11:53.450+0000][1][gc,age       ] GC(30) Age table with threshold 6 (max threshold 6)
[2020-09-11T14:11:53.450+0000][1][gc,age       ] GC(30) - age   1:        160 bytes,        160 total
[2020-09-11T14:11:53.450+0000][1][gc,age       ] GC(30) - age   3:         72 bytes,        232 total
[2020-09-11T14:11:53.450+0000][1][gc,heap      ] GC(30) ParNew: 68231K->17K(76672K)
[2020-09-11T14:11:53.450+0000][1][gc,heap      ] GC(30) CMS: 46132K->46132K(439104K)
[2020-09-11T14:11:53.450+0000][1][gc,metaspace ] GC(30) Metaspace: 32425K->32425K(1079296K)
[2020-09-11T14:11:53.450+0000][1][gc           ] GC(30) Pause Young (Allocation Failure) 111M->45M(503M) 2.351ms
[2020-09-11T14:11:53.450+0000][1][gc,cpu       ] GC(30) User=0.00s Sys=0.00s Real=0.00s
[2020-09-11T14:11:53.451+0000][1][safepoint    ] Safepoint "GenCollectForAllocation", Time since last: 238874286 ns, Reaching safepoint: 103412 ns, At safepoint: 3893483 ns, Total: 3996895 ns
[2020-09-11T14:11:53.676+0000][1][gc,start     ] GC(31) Pause Young (Allocation Failure)
[2020-09-11T14:11:53.676+0000][1][gc,task      ] GC(31) Using 1 workers of 1 for evacuation
[2020-09-11T14:11:53.678+0000][1][gc,age       ] GC(31) Desired survivor size 4358144 bytes, new threshold 6 (max threshold 6)
[2020-09-11T14:11:53.678+0000][1][gc,age       ] GC(31) Age table with threshold 6 (max threshold 6)
[2020-09-11T14:11:53.678+0000][1][gc,age       ] GC(31) - age   1:        232 bytes,        232 total
[2020-09-11T14:11:53.678+0000][1][gc,age       ] GC(31) - age   4:         72 bytes,        304 total
[2020-09-11T14:11:53.678+0000][1][gc,heap      ] GC(31) ParNew: 68177K->4K(76672K)
[2020-09-11T14:11:53.678+0000][1][gc,heap      ] GC(31) CMS: 46132K->46132K(439104K)
[2020-09-11T14:11:53.678+0000][1][gc,metaspace ] GC(31) Metaspace: 32425K->32425K(1079296K)
[2020-09-11T14:11:53.678+0000][1][gc           ] GC(31) Pause Young (Allocation Failure) 111M->45M(503M) 2.501ms
[2020-09-11T14:11:53.678+0000][1][gc,cpu       ] GC(31) User=0.00s Sys=0.00s Real=0.00s
[2020-09-11T14:11:53.679+0000][1][safepoint    ] Safepoint "GenCollectForAllocation", Time since last: 224020718 ns, Reaching safepoint: 104320 ns, At safepoint: 3851121 ns, Total: 3955441 ns
[2020-09-11T14:11:53.908+0000][1][gc,start     ] GC(32) Pause Young (Allocation Failure)
[2020-09-11T14:11:53.908+0000][1][gc,task      ] GC(32) Using 1 workers of 1 for evacuation
[2020-09-11T14:11:53.911+0000][1][gc,age       ] GC(32) Desired survivor size 4358144 bytes, new threshold 6 (max threshold 6)
[2020-09-11T14:11:53.911+0000][1][gc,age       ] GC(32) Age table with threshold 6 (max threshold 6)
[2020-09-11T14:11:53.911+0000][1][gc,age       ] GC(32) - age   1:        216 bytes,        216 total
[2020-09-11T14:11:53.911+0000][1][gc,age       ] GC(32) - age   5:         72 bytes,        288 total
[2020-09-11T14:11:53.911+0000][1][gc,heap      ] GC(32) ParNew: 68164K->2K(76672K)
[2020-09-11T14:11:53.911+0000][1][gc,heap      ] GC(32) CMS: 46132K->46132K(439104K)
[2020-09-11T14:11:53.911+0000][1][gc,metaspace ] GC(32) Metaspace: 32425K->32425K(1079296K)
[2020-09-11T14:11:53.911+0000][1][gc           ] GC(32) Pause Young (Allocation Failure) 111M->45M(503M) 2.346ms
[2020-09-11T14:11:53.911+0000][1][gc,cpu       ] GC(32) User=0.01s Sys=0.00s Real=0.00s
[2020-09-11T14:11:53.915+0000][1][safepoint    ] Safepoint "GenCollectForAllocation", Time since last: 228907297 ns, Reaching safepoint: 96944 ns, At safepoint: 7003590 ns, Total: 7100534 ns
[2020-09-11T14:11:54.143+0000][1][gc,start     ] GC(33) Pause Young (Allocation Failure)
[2020-09-11T14:11:54.143+0000][1][gc,task      ] GC(33) Using 1 workers of 1 for evacuation
[2020-09-11T14:11:54.146+0000][1][gc,age       ] GC(33) Desired survivor size 4358144 bytes, new threshold 6 (max threshold 6)
[2020-09-11T14:11:54.146+0000][1][gc,age       ] GC(33) Age table with threshold 6 (max threshold 6)
[2020-09-11T14:11:54.146+0000][1][gc,age       ] GC(33) - age   1:        160 bytes,        160 total
[2020-09-11T14:11:54.146+0000][1][gc,age       ] GC(33) - age   6:         72 bytes,        232 total
[2020-09-11T14:11:54.146+0000][1][gc,heap      ] GC(33) ParNew: 68162K->2K(76672K)
[2020-09-11T14:11:54.146+0000][1][gc,heap      ] GC(33) CMS: 46132K->46132K(439104K)
[2020-09-11T14:11:54.146+0000][1][gc,metaspace ] GC(33) Metaspace: 32425K->32425K(1079296K)
[2020-09-11T14:11:54.146+0000][1][gc           ] GC(33) Pause Young (Allocation Failure) 111M->45M(503M) 2.344ms
[2020-09-11T14:11:54.146+0000][1][gc,cpu       ] GC(33) User=0.00s Sys=0.00s Real=0.00s
[2020-09-11T14:11:54.146+0000][1][safepoint    ] Safepoint "GenCollectForAllocation", Time since last: 225402330 ns, Reaching safepoint: 2613733 ns, At safepoint: 2421191 ns, Total: 5034924 ns
[2020-09-11T14:11:55.147+0000][1][safepoint    ] Safepoint "Cleanup", Time since last: 1000081814 ns, Reaching safepoint: 1532465 ns, At safepoint: 12704 ns, Total: 1545169 ns
[2020-09-11T14:12:00.178+0000][1][safepoint    ] Safepoint "Cleanup", Time since last: 5015926043 ns, Reaching safepoint: 14167677 ns, At safepoint: 9347 ns, Total: 14177024 ns
[2020-09-11T14:12:00.587+0000][1][gc,start     ] GC(34) Pause Young (Allocation Failure)
[2020-09-11T14:12:00.587+0000][1][gc,task      ] GC(34) Using 1 workers of 1 for evacuation
[2020-09-11T14:12:00.589+0000][1][gc,age       ] GC(34) Desired survivor size 4358144 bytes, new threshold 6 (max threshold 6)
[2020-09-11T14:12:00.589+0000][1][gc,age       ] GC(34) Age table with threshold 6 (max threshold 6)
[2020-09-11T14:12:00.589+0000][1][gc,age       ] GC(34) - age   1:     242664 bytes,     242664 total
[2020-09-11T14:12:00.589+0000][1][gc,heap      ] GC(34) ParNew: 68162K->238K(76672K)
[2020-09-11T14:12:00.589+0000][1][gc,heap      ] GC(34) CMS: 46132K->46132K(439104K)
[2020-09-11T14:12:00.589+0000][1][gc,metaspace ] GC(34) Metaspace: 32446K->32446K(1079296K)
[2020-09-11T14:12:00.589+0000][1][gc           ] GC(34) Pause Young (Allocation Failure) 111M->45M(503M) 2.620ms
[2020-09-11T14:12:00.589+0000][1][gc,cpu       ] GC(34) User=0.00s Sys=0.00s Real=0.00s
[2020-09-11T14:12:00.594+0000][1][safepoint    ] Safepoint "GenCollectForAllocation", Time since last: 409121290 ns, Reaching safepoint: 106553 ns, At safepoint: 7182876 ns, Total: 7289429 ns
[2020-09-11T14:12:01.608+0000][1][safepoint    ] Safepoint "Cleanup", Time since last: 1013422143 ns, Reaching safepoint: 103787 ns, At safepoint: 6288 ns, Total: 110075 ns
[2020-09-11T14:12:01.930+0000][1][gc,start     ] GC(35) Pause Young (Allocation Failure)
[2020-09-11T14:12:01.930+0000][1][gc,task      ] GC(35) Using 1 workers of 1 for evacuation
[2020-09-11T14:12:01.936+0000][1][gc,age       ] GC(35) Desired survivor size 4358144 bytes, new threshold 6 (max threshold 6)
[2020-09-11T14:12:01.936+0000][1][gc,age       ] GC(35) Age table with threshold 6 (max threshold 6)
[2020-09-11T14:12:01.936+0000][1][gc,age       ] GC(35) - age   1:     512304 bytes,     512304 total
[2020-09-11T14:12:01.936+0000][1][gc,age       ] GC(35) - age   2:     150488 bytes,     662792 total
[2020-09-11T14:12:01.936+0000][1][gc,heap      ] GC(35) ParNew: 68398K->668K(76672K)
[2020-09-11T14:12:01.936+0000][1][gc,heap      ] GC(35) CMS: 46132K->46132K(439104K)
[2020-09-11T14:12:01.936+0000][1][gc,metaspace ] GC(35) Metaspace: 32446K->32446K(1079296K)
[2020-09-11T14:12:01.936+0000][1][gc           ] GC(35) Pause Young (Allocation Failure) 111M->45M(503M) 6.079ms
[2020-09-11T14:12:01.936+0000][1][gc,cpu       ] GC(35) User=0.01s Sys=0.00s Real=0.01s
[2020-09-11T14:12:01.939+0000][1][safepoint    ] Safepoint "GenCollectForAllocation", Time since last: 322719143 ns, Reaching safepoint: 103534 ns, At safepoint: 9071776 ns, Total: 9175310 ns
[2020-09-11T14:12:02.952+0000][1][safepoint    ] Safepoint "Cleanup", Time since last: 1012068485 ns, Reaching safepoint: 104005 ns, At safepoint: 6795 ns, Total: 110800 ns
[2020-09-11T14:12:02.953+0000][1][gc,start     ] GC(36) Pause Young (Allocation Failure)
[2020-09-11T14:12:02.953+0000][1][gc,task      ] GC(36) Using 1 workers of 1 for evacuation
[2020-09-11T14:12:02.955+0000][1][gc,age       ] GC(36) Desired survivor size 4358144 bytes, new threshold 6 (max threshold 6)
[2020-09-11T14:12:02.955+0000][1][gc,age       ] GC(36) Age table with threshold 6 (max threshold 6)
[2020-09-11T14:12:02.955+0000][1][gc,age       ] GC(36) - age   1:     676032 bytes,     676032 total
[2020-09-11T14:12:02.955+0000][1][gc,age       ] GC(36) - age   2:     340640 bytes,    1016672 total
[2020-09-11T14:12:02.955+0000][1][gc,age       ] GC(36) - age   3:     149904 bytes,    1166576 total
[2020-09-11T14:12:02.955+0000][1][gc,heap      ] GC(36) ParNew: 68828K->1179K(76672K)
[2020-09-11T14:12:02.955+0000][1][gc,heap      ] GC(36) CMS: 46132K->46132K(439104K)
[2020-09-11T14:12:02.955+0000][1][gc,metaspace ] GC(36) Metaspace: 32447K->32447K(1079296K)
[2020-09-11T14:12:02.959+0000][1][gc           ] GC(36) Pause Young (Allocation Failure) 112M->46M(503M) 6.771ms
[2020-09-11T14:12:02.959+0000][1][gc,cpu       ] GC(36) User=0.00s Sys=0.00s Real=0.01s
[2020-09-11T14:12:02.959+0000][1][safepoint    ] Safepoint "GenCollectForAllocation", Time since last: 949359 ns, Reaching safepoint: 80951 ns, At safepoint: 6858436 ns, Total: 6939387 ns
[2020-09-11T14:12:04.033+0000][1][gc,start     ] GC(37) Pause Young (Allocation Failure)
[2020-09-11T14:12:04.033+0000][1][gc,task      ] GC(37) Using 1 workers of 1 for evacuation
[2020-09-11T14:12:04.044+0000][1][gc,age       ] GC(37) Desired survivor size 4358144 bytes, new threshold 6 (max threshold 6)
[2020-09-11T14:12:04.044+0000][1][gc,age       ] GC(37) Age table with threshold 6 (max threshold 6)
[2020-09-11T14:12:04.044+0000][1][gc,age       ] GC(37) - age   1:     622136 bytes,     622136 total
[2020-09-11T14:12:04.044+0000][1][gc,age       ] GC(37) - age   2:     334528 bytes,     956664 total
[2020-09-11T14:12:04.044+0000][1][gc,age       ] GC(37) - age   3:     340536 bytes,    1297200 total
[2020-09-11T14:12:04.044+0000][1][gc,age       ] GC(37) - age   4:     149520 bytes,    1446720 total
[2020-09-11T14:12:04.044+0000][1][gc,heap      ] GC(37) ParNew: 69339K->1441K(76672K)
[2020-09-11T14:12:04.044+0000][1][gc,heap      ] GC(37) CMS: 46132K->46132K(439104K)
[2020-09-11T14:12:04.044+0000][1][gc,metaspace ] GC(37) Metaspace: 32447K->32447K(1079296K)
[2020-09-11T14:12:04.044+0000][1][gc           ] GC(37) Pause Young (Allocation Failure) 112M->46M(503M) 11.013ms
[2020-09-11T14:12:04.044+0000][1][gc,cpu       ] GC(37) User=0.01s Sys=0.00s Real=0.02s
[2020-09-11T14:12:04.055+0000][1][safepoint    ] Safepoint "GenCollectForAllocation", Time since last: 1073589338 ns, Reaching safepoint: 99601 ns, At safepoint: 22252864 ns, Total: 22352465 ns
[2020-09-11T14:12:05.242+0000][1][gc,start     ] GC(38) Pause Young (Allocation Failure)
[2020-09-11T14:12:05.242+0000][1][gc,task      ] GC(38) Using 1 workers of 1 for evacuation
[2020-09-11T14:12:05.253+0000][1][gc,age       ] GC(38) Desired survivor size 4358144 bytes, new threshold 6 (max threshold 6)
[2020-09-11T14:12:05.253+0000][1][gc,age       ] GC(38) Age table with threshold 6 (max threshold 6)
[2020-09-11T14:12:05.253+0000][1][gc,age       ] GC(38) - age   1:     934480 bytes,     934480 total
[2020-09-11T14:12:05.253+0000][1][gc,age       ] GC(38) - age   2:     264432 bytes,    1198912 total
[2020-09-11T14:12:05.253+0000][1][gc,age       ] GC(38) - age   3:     330368 bytes,    1529280 total
[2020-09-11T14:12:05.253+0000][1][gc,age       ] GC(38) - age   4:     340456 bytes,    1869736 total
[2020-09-11T14:12:05.253+0000][1][gc,age       ] GC(38) - age   5:     149416 bytes,    2019152 total
[2020-09-11T14:12:05.253+0000][1][gc,heap      ] GC(38) ParNew: 69601K->2003K(76672K)
[2020-09-11T14:12:05.253+0000][1][gc,heap      ] GC(38) CMS: 46132K->46132K(439104K)
[2020-09-11T14:12:05.253+0000][1][gc,metaspace ] GC(38) Metaspace: 32447K->32447K(1079296K)
[2020-09-11T14:12:05.253+0000][1][gc           ] GC(38) Pause Young (Allocation Failure) 113M->47M(503M) 11.031ms
[2020-09-11T14:12:05.253+0000][1][gc,cpu       ] GC(38) User=0.01s Sys=0.00s Real=0.01s
[2020-09-11T14:12:05.263+0000][1][safepoint    ] Safepoint "GenCollectForAllocation", Time since last: 1186557192 ns, Reaching safepoint: 101977 ns, At safepoint: 21318966 ns, Total: 21420943 ns
[2020-09-11T14:12:06.054+0000][1][gc,start     ] GC(39) Pause Young (Allocation Failure)
[2020-09-11T14:12:06.054+0000][1][gc,task      ] GC(39) Using 1 workers of 1 for evacuation
[2020-09-11T14:12:06.057+0000][1][gc,age       ] GC(39) Desired survivor size 4358144 bytes, new threshold 6 (max threshold 6)
[2020-09-11T14:12:06.057+0000][1][gc,age       ] GC(39) Age table with threshold 6 (max threshold 6)
[2020-09-11T14:12:06.057+0000][1][gc,age       ] GC(39) - age   1:     311272 bytes,     311272 total
[2020-09-11T14:12:06.057+0000][1][gc,age       ] GC(39) - age   2:     922680 bytes,    1233952 total
[2020-09-11T14:12:06.057+0000][1][gc,age       ] GC(39) - age   3:     263464 bytes,    1497416 total
[2020-09-11T14:12:06.057+0000][1][gc,age       ] GC(39) - age   4:     329760 bytes,    1827176 total
[2020-09-11T14:12:06.057+0000][1][gc,age       ] GC(39) - age   5:     340120 bytes,    2167296 total
[2020-09-11T14:12:06.057+0000][1][gc,age       ] GC(39) - age   6:     149376 bytes,    2316672 total
[2020-09-11T14:12:06.057+0000][1][gc,heap      ] GC(39) ParNew: 70163K->2274K(76672K)
[2020-09-11T14:12:06.057+0000][1][gc,heap      ] GC(39) CMS: 46132K->46132K(439104K)
[2020-09-11T14:12:06.057+0000][1][gc,metaspace ] GC(39) Metaspace: 32447K->32447K(1079296K)
[2020-09-11T14:12:06.057+0000][1][gc           ] GC(39) Pause Young (Allocation Failure) 113M->47M(503M) 3.020ms
[2020-09-11T14:12:06.057+0000][1][gc,cpu       ] GC(39) User=0.01s Sys=0.00s Real=0.01s
[2020-09-11T14:12:06.075+0000][1][safepoint    ] Safepoint "GenCollectForAllocation", Time since last: 790865332 ns, Reaching safepoint: 116898 ns, At safepoint: 21054993 ns, Total: 21171891 ns
[2020-09-11T14:12:06.176+0000][1][safepoint    ] Safepoint "RevokeBias", Time since last: 100552826 ns, Reaching safepoint: 104246 ns, At safepoint: 36060 ns, Total: 140306 ns
[2020-09-11T14:12:06.716+0000][1][gc,start     ] GC(40) Pause Young (Allocation Failure)
[2020-09-11T14:12:06.716+0000][1][gc,task      ] GC(40) Using 1 workers of 1 for evacuation
[2020-09-11T14:12:06.719+0000][1][gc,age       ] GC(40) Desired survivor size 4358144 bytes, new threshold 6 (max threshold 6)
[2020-09-11T14:12:06.719+0000][1][gc,age       ] GC(40) Age table with threshold 6 (max threshold 6)
[2020-09-11T14:12:06.719+0000][1][gc,age       ] GC(40) - age   1:     380936 bytes,     380936 total
[2020-09-11T14:12:06.719+0000][1][gc,age       ] GC(40) - age   2:     301144 bytes,     682080 total
[2020-09-11T14:12:06.719+0000][1][gc,age       ] GC(40) - age   3:     922112 bytes,    1604192 total
[2020-09-11T14:12:06.719+0000][1][gc,age       ] GC(40) - age   4:     263232 bytes,    1867424 total
[2020-09-11T14:12:06.719+0000][1][gc,age       ] GC(40) - age   5:     329640 bytes,    2197064 total
[2020-09-11T14:12:06.719+0000][1][gc,age       ] GC(40) - age   6:     340120 bytes,    2537184 total
[2020-09-11T14:12:06.726+0000][1][gc,heap      ] GC(40) ParNew: 70434K->2497K(76672K)
[2020-09-11T14:12:06.726+0000][1][gc,heap      ] GC(40) CMS: 46132K->46275K(439104K)
[2020-09-11T14:12:06.726+0000][1][gc,metaspace ] GC(40) Metaspace: 32453K->32453K(1079296K)
[2020-09-11T14:12:06.726+0000][1][gc           ] GC(40) Pause Young (Allocation Failure) 113M->47M(503M) 9.992ms
[2020-09-11T14:12:06.726+0000][1][gc,cpu       ] GC(40) User=0.01s Sys=0.00s Real=0.01s
[2020-09-11T14:12:06.731+0000][1][safepoint    ] Safepoint "GenCollectForAllocation", Time since last: 539470228 ns, Reaching safepoint: 136927 ns, At safepoint: 15677040 ns, Total: 15813967 ns
[2020-09-11T14:12:06.911+0000][1][gc,start     ] GC(41) Pause Young (Allocation Failure)
[2020-09-11T14:12:06.911+0000][1][gc,task      ] GC(41) Using 1 workers of 1 for evacuation
[2020-09-11T14:12:06.915+0000][1][gc,age       ] GC(41) Desired survivor size 4358144 bytes, new threshold 6 (max threshold 6)
[2020-09-11T14:12:06.915+0000][1][gc,age       ] GC(41) Age table with threshold 6 (max threshold 6)
[2020-09-11T14:12:06.915+0000][1][gc,age       ] GC(41) - age   1:        248 bytes,        248 total
[2020-09-11T14:12:06.915+0000][1][gc,age       ] GC(41) - age   2:     380824 bytes,     381072 total
[2020-09-11T14:12:06.915+0000][1][gc,age       ] GC(41) - age   3:     301144 bytes,     682216 total
[2020-09-11T14:12:06.915+0000][1][gc,age       ] GC(41) - age   4:     922112 bytes,    1604328 total
[2020-09-11T14:12:06.915+0000][1][gc,age       ] GC(41) - age   5:     263232 bytes,    1867560 total
[2020-09-11T14:12:06.915+0000][1][gc,age       ] GC(41) - age   6:     329640 bytes,    2197200 total
[2020-09-11T14:12:06.915+0000][1][gc,heap      ] GC(41) ParNew: 70657K->2175K(76672K)
[2020-09-11T14:12:06.915+0000][1][gc,heap      ] GC(41) CMS: 46275K->46608K(439104K)
[2020-09-11T14:12:06.915+0000][1][gc,metaspace ] GC(41) Metaspace: 32453K->32453K(1079296K)
[2020-09-11T14:12:06.915+0000][1][gc           ] GC(41) Pause Young (Allocation Failure) 114M->47M(503M) 3.340ms
[2020-09-11T14:12:06.915+0000][1][gc,cpu       ] GC(41) User=0.00s Sys=0.00s Real=0.00s
[2020-09-11T14:12:06.922+0000][1][safepoint    ] Safepoint "GenCollectForAllocation", Time since last: 178829658 ns, Reaching safepoint: 1168037 ns, At safepoint: 10568118 ns, Total: 11736155 ns
[2020-09-11T14:12:07.108+0000][1][gc,start     ] GC(42) Pause Young (Allocation Failure)
[2020-09-11T14:12:07.108+0000][1][gc,task      ] GC(42) Using 1 workers of 1 for evacuation
[2020-09-11T14:12:07.111+0000][1][gc,age       ] GC(42) Desired survivor size 4358144 bytes, new threshold 6 (max threshold 6)
[2020-09-11T14:12:07.111+0000][1][gc,age       ] GC(42) Age table with threshold 6 (max threshold 6)
[2020-09-11T14:12:07.111+0000][1][gc,age       ] GC(42) - age   1:        160 bytes,        160 total
[2020-09-11T14:12:07.111+0000][1][gc,age       ] GC(42) - age   2:        160 bytes,        320 total
[2020-09-11T14:12:07.111+0000][1][gc,age       ] GC(42) - age   3:     380824 bytes,     381144 total
[2020-09-11T14:12:07.111+0000][1][gc,age       ] GC(42) - age   4:     301144 bytes,     682288 total
[2020-09-11T14:12:07.111+0000][1][gc,age       ] GC(42) - age   5:     922112 bytes,    1604400 total
[2020-09-11T14:12:07.111+0000][1][gc,age       ] GC(42) - age   6:     263232 bytes,    1867632 total
[2020-09-11T14:12:07.111+0000][1][gc,heap      ] GC(42) ParNew: 70335K->2265K(76672K)
[2020-09-11T14:12:07.111+0000][1][gc,heap      ] GC(42) CMS: 46608K->46930K(439104K)
[2020-09-11T14:12:07.111+0000][1][gc,metaspace ] GC(42) Metaspace: 32453K->32453K(1079296K)
[2020-09-11T14:12:07.111+0000][1][gc           ] GC(42) Pause Young (Allocation Failure) 114M->48M(503M) 3.238ms
[2020-09-11T14:12:07.111+0000][1][gc,cpu       ] GC(42) User=0.00s Sys=0.00s Real=0.00s
[2020-09-11T14:12:07.116+0000][1][safepoint    ] Safepoint "GenCollectForAllocation", Time since last: 185438122 ns, Reaching safepoint: 82391 ns, At safepoint: 8589052 ns, Total: 8671443 ns
[2020-09-11T14:12:07.295+0000][1][gc,start     ] GC(43) Pause Young (Allocation Failure)
[2020-09-11T14:12:07.296+0000][1][gc,task      ] GC(43) Using 1 workers of 1 for evacuation
[2020-09-11T14:12:07.298+0000][1][gc,age       ] GC(43) Desired survivor size 4358144 bytes, new threshold 6 (max threshold 6)
[2020-09-11T14:12:07.298+0000][1][gc,age       ] GC(43) Age table with threshold 6 (max threshold 6)
[2020-09-11T14:12:07.298+0000][1][gc,age       ] GC(43) - age   1:        176 bytes,        176 total
[2020-09-11T14:12:07.298+0000][1][gc,age       ] GC(43) - age   3:        160 bytes,        336 total
[2020-09-11T14:12:07.298+0000][1][gc,age       ] GC(43) - age   4:     380824 bytes,     381160 total
[2020-09-11T14:12:07.298+0000][1][gc,age       ] GC(43) - age   5:     301144 bytes,     682304 total
[2020-09-11T14:12:07.298+0000][1][gc,age       ] GC(43) - age   6:     922112 bytes,    1604416 total
[2020-09-11T14:12:07.298+0000][1][gc,heap      ] GC(43) ParNew: 70425K->1651K(76672K)
[2020-09-11T14:12:07.298+0000][1][gc,heap      ] GC(43) CMS: 46930K->47187K(439104K)
[2020-09-11T14:12:07.298+0000][1][gc,metaspace ] GC(43) Metaspace: 32453K->32453K(1079296K)
[2020-09-11T14:12:07.298+0000][1][gc           ] GC(43) Pause Young (Allocation Failure) 114M->47M(503M) 2.945ms
[2020-09-11T14:12:07.298+0000][1][gc,cpu       ] GC(43) User=0.01s Sys=0.00s Real=0.00s
[2020-09-11T14:12:07.303+0000][1][safepoint    ] Safepoint "GenCollectForAllocation", Time since last: 175322395 ns, Reaching safepoint: 4016487 ns, At safepoint: 7978606 ns, Total: 11995093 ns
[2020-09-11T14:12:07.596+0000][1][gc,start     ] GC(44) Pause Young (Allocation Failure)
[2020-09-11T14:12:07.596+0000][1][gc,task      ] GC(44) Using 1 workers of 1 for evacuation
[2020-09-11T14:12:07.598+0000][1][gc,age       ] GC(44) Desired survivor size 4358144 bytes, new threshold 6 (max threshold 6)
[2020-09-11T14:12:07.598+0000][1][gc,age       ] GC(44) Age table with threshold 6 (max threshold 6)
[2020-09-11T14:12:07.598+0000][1][gc,age       ] GC(44) - age   1:        552 bytes,        552 total
[2020-09-11T14:12:07.598+0000][1][gc,age       ] GC(44) - age   4:        160 bytes,        712 total
[2020-09-11T14:12:07.598+0000][1][gc,age       ] GC(44) - age   5:     380824 bytes,     381536 total
[2020-09-11T14:12:07.598+0000][1][gc,age       ] GC(44) - age   6:     301144 bytes,     682680 total
[2020-09-11T14:12:07.598+0000][1][gc,heap      ] GC(44) ParNew: 69811K->1587K(76672K)
[2020-09-11T14:12:07.598+0000][1][gc,heap      ] GC(44) CMS: 47187K->48087K(439104K)
[2020-09-11T14:12:07.598+0000][1][gc,metaspace ] GC(44) Metaspace: 32453K->32453K(1079296K)
[2020-09-11T14:12:07.598+0000][1][gc           ] GC(44) Pause Young (Allocation Failure) 114M->48M(503M) 2.845ms
[2020-09-11T14:12:07.598+0000][1][gc,cpu       ] GC(44) User=0.01s Sys=0.00s Real=0.00s
[2020-09-11T14:12:07.605+0000][1][safepoint    ] Safepoint "GenCollectForAllocation", Time since last: 291827355 ns, Reaching safepoint: 344499 ns, At safepoint: 9480610 ns, Total: 9825109 ns
[2020-09-11T14:12:07.835+0000][1][safepoint    ] Safepoint "RevokeBias", Time since last: 224568730 ns, Reaching safepoint: 5659992 ns, At safepoint: 54026 ns, Total: 5714018 ns
[2020-09-11T14:12:07.836+0000][1][safepoint    ] Safepoint "BulkRevokeBias", Time since last: 71743 ns, Reaching safepoint: 84490 ns, At safepoint: 55309 ns, Total: 139799 ns
[2020-09-11T14:12:07.836+0000][1][safepoint    ] Safepoint "RevokeBias", Time since last: 212458 ns, Reaching safepoint: 84206 ns, At safepoint: 30131 ns, Total: 114337 ns
[2020-09-11T14:12:07.836+0000][1][gc,start     ] GC(45) Pause Young (Allocation Failure)
[2020-09-11T14:12:07.836+0000][1][gc,task      ] GC(45) Using 1 workers of 1 for evacuation
[2020-09-11T14:12:07.839+0000][1][gc,age       ] GC(45) Desired survivor size 4358144 bytes, new threshold 6 (max threshold 6)
[2020-09-11T14:12:07.839+0000][1][gc,age       ] GC(45) Age table with threshold 6 (max threshold 6)
[2020-09-11T14:12:07.839+0000][1][gc,age       ] GC(45) - age   1:        408 bytes,        408 total
[2020-09-11T14:12:07.839+0000][1][gc,age       ] GC(45) - age   2:        480 bytes,        888 total
[2020-09-11T14:12:07.839+0000][1][gc,age       ] GC(45) - age   5:        160 bytes,       1048 total
[2020-09-11T14:12:07.839+0000][1][gc,age       ] GC(45) - age   6:     380824 bytes,     381872 total
[2020-09-11T14:12:07.839+0000][1][gc,heap      ] GC(45) ParNew: 69747K->646K(76672K)
[2020-09-11T14:12:07.839+0000][1][gc,heap      ] GC(45) CMS: 48087K->48381K(439104K)
[2020-09-11T14:12:07.839+0000][1][gc,metaspace ] GC(45) Metaspace: 32453K->32453K(1079296K)
[2020-09-11T14:12:07.839+0000][1][gc           ] GC(45) Pause Young (Allocation Failure) 115M->47M(503M) 2.682ms
[2020-09-11T14:12:07.839+0000][1][gc,cpu       ] GC(45) User=0.00s Sys=0.00s Real=0.00s
[2020-09-11T14:12:07.839+0000][1][safepoint    ] Safepoint "GenCollectForAllocation", Time since last: 156767 ns, Reaching safepoint: 85573 ns, At safepoint: 3298573 ns, Total: 3384146 ns
[2020-09-11T14:12:08.027+0000][1][gc,start     ] GC(46) Pause Young (Allocation Failure)
[2020-09-11T14:12:08.027+0000][1][gc,task      ] GC(46) Using 1 workers of 1 for evacuation
[2020-09-11T14:12:08.031+0000][1][gc,age       ] GC(46) Desired survivor size 4358144 bytes, new threshold 6 (max threshold 6)
[2020-09-11T14:12:08.031+0000][1][gc,age       ] GC(46) Age table with threshold 6 (max threshold 6)
[2020-09-11T14:12:08.031+0000][1][gc,age       ] GC(46) - age   1:         88 bytes,         88 total
[2020-09-11T14:12:08.031+0000][1][gc,age       ] GC(46) - age   2:        360 bytes,        448 total
[2020-09-11T14:12:08.031+0000][1][gc,age       ] GC(46) - age   3:        480 bytes,        928 total
[2020-09-11T14:12:08.031+0000][1][gc,age       ] GC(46) - age   6:        160 bytes,       1088 total
[2020-09-11T14:12:08.031+0000][1][gc,heap      ] GC(46) ParNew: 68806K->301K(76672K)
[2020-09-11T14:12:08.031+0000][1][gc,heap      ] GC(46) CMS: 48381K->48754K(439104K)
[2020-09-11T14:12:08.031+0000][1][gc,metaspace ] GC(46) Metaspace: 32453K->32453K(1079296K)
[2020-09-11T14:12:08.031+0000][1][gc           ] GC(46) Pause Young (Allocation Failure) 114M->47M(503M) 3.229ms
[2020-09-11T14:12:08.031+0000][1][gc,cpu       ] GC(46) User=0.01s Sys=0.00s Real=0.00s
[2020-09-11T14:12:08.031+0000][1][safepoint    ] Safepoint "GenCollectForAllocation", Time since last: 184989790 ns, Reaching safepoint: 3005651 ns, At safepoint: 3992889 ns, Total: 6998540 ns
[2020-09-11T14:12:08.224+0000][1][gc,start     ] GC(47) Pause Young (Allocation Failure)
[2020-09-11T14:12:08.224+0000][1][gc,task      ] GC(47) Using 1 workers of 1 for evacuation
[2020-09-11T14:12:08.226+0000][1][gc,age       ] GC(47) Desired survivor size 4358144 bytes, new threshold 6 (max threshold 6)
[2020-09-11T14:12:08.226+0000][1][gc,age       ] GC(47) Age table with threshold 6 (max threshold 6)
[2020-09-11T14:12:08.226+0000][1][gc,age       ] GC(47) - age   1:        200 bytes,        200 total
[2020-09-11T14:12:08.226+0000][1][gc,age       ] GC(47) - age   3:        360 bytes,        560 total
[2020-09-11T14:12:08.226+0000][1][gc,age       ] GC(47) - age   4:        480 bytes,       1040 total
[2020-09-11T14:12:08.226+0000][1][gc,heap      ] GC(47) ParNew: 68461K->75K(76672K)
[2020-09-11T14:12:08.226+0000][1][gc,heap      ] GC(47) CMS: 48754K->48754K(439104K)
[2020-09-11T14:12:08.226+0000][1][gc,metaspace ] GC(47) Metaspace: 32453K->32453K(1079296K)
[2020-09-11T14:12:08.226+0000][1][gc           ] GC(47) Pause Young (Allocation Failure) 114M->47M(503M) 2.306ms
[2020-09-11T14:12:08.226+0000][1][gc,cpu       ] GC(47) User=0.00s Sys=0.00s Real=0.00s
[2020-09-11T14:12:08.227+0000][1][safepoint    ] Safepoint "GenCollectForAllocation", Time since last: 192529494 ns, Reaching safepoint: 107884 ns, At safepoint: 3362770 ns, Total: 3470654 ns
[2020-09-11T14:12:08.413+0000][1][gc,start     ] GC(48) Pause Young (Allocation Failure)
[2020-09-11T14:12:08.413+0000][1][gc,task      ] GC(48) Using 1 workers of 1 for evacuation
[2020-09-11T14:12:08.415+0000][1][gc,age       ] GC(48) Desired survivor size 4358144 bytes, new threshold 6 (max threshold 6)
[2020-09-11T14:12:08.415+0000][1][gc,age       ] GC(48) Age table with threshold 6 (max threshold 6)
[2020-09-11T14:12:08.415+0000][1][gc,age       ] GC(48) - age   1:        224 bytes,        224 total
[2020-09-11T14:12:08.415+0000][1][gc,age       ] GC(48) - age   4:        360 bytes,        584 total
[2020-09-11T14:12:08.415+0000][1][gc,age       ] GC(48) - age   5:        480 bytes,       1064 total
[2020-09-11T14:12:08.415+0000][1][gc,heap      ] GC(48) ParNew: 68235K->19K(76672K)
[2020-09-11T14:12:08.415+0000][1][gc,heap      ] GC(48) CMS: 48754K->48754K(439104K)
[2020-09-11T14:12:08.415+0000][1][gc,metaspace ] GC(48) Metaspace: 32453K->32453K(1079296K)
[2020-09-11T14:12:08.415+0000][1][gc           ] GC(48) Pause Young (Allocation Failure) 114M->47M(503M) 2.311ms
[2020-09-11T14:12:08.415+0000][1][gc,cpu       ] GC(48) User=0.00s Sys=0.00s Real=0.00s
[2020-09-11T14:12:08.415+0000][1][safepoint    ] Safepoint "GenCollectForAllocation", Time since last: 185092282 ns, Reaching safepoint: 110321 ns, At safepoint: 2368015 ns, Total: 2478336 ns
[2020-09-11T14:12:08.599+0000][1][gc,start     ] GC(49) Pause Young (Allocation Failure)
[2020-09-11T14:12:08.600+0000][1][gc,task      ] GC(49) Using 1 workers of 1 for evacuation
[2020-09-11T14:12:08.602+0000][1][gc,age       ] GC(49) Desired survivor size 4358144 bytes, new threshold 6 (max threshold 6)
[2020-09-11T14:12:08.602+0000][1][gc,age       ] GC(49) Age table with threshold 6 (max threshold 6)
[2020-09-11T14:12:08.602+0000][1][gc,age       ] GC(49) - age   1:        224 bytes,        224 total
[2020-09-11T14:12:08.602+0000][1][gc,age       ] GC(49) - age   5:        360 bytes,        584 total
[2020-09-11T14:12:08.602+0000][1][gc,age       ] GC(49) - age   6:        480 bytes,       1064 total
[2020-09-11T14:12:08.602+0000][1][gc,heap      ] GC(49) ParNew: 68179K->4K(76672K)
[2020-09-11T14:12:08.602+0000][1][gc,heap      ] GC(49) CMS: 48754K->48754K(439104K)
[2020-09-11T14:12:08.602+0000][1][gc,metaspace ] GC(49) Metaspace: 32453K->32453K(1079296K)
[2020-09-11T14:12:08.602+0000][1][gc           ] GC(49) Pause Young (Allocation Failure) 114M->47M(503M) 2.384ms
[2020-09-11T14:12:08.602+0000][1][gc,cpu       ] GC(49) User=0.00s Sys=0.00s Real=0.00s
[2020-09-11T14:12:08.611+0000][1][safepoint    ] Safepoint "GenCollectForAllocation", Time since last: 182824947 ns, Reaching safepoint: 1617053 ns, At safepoint: 11987496 ns, Total: 13604549 ns
[2020-09-11T14:12:09.019+0000][1][safepoint    ] Safepoint "RevokeBias", Time since last: 402697042 ns, Reaching safepoint: 4970861 ns, At safepoint: 62597 ns, Total: 5033458 ns
[2020-09-11T14:12:10.028+0000][1][safepoint    ] Safepoint "Cleanup", Time since last: 1008265865 ns, Reaching safepoint: 111832 ns, At safepoint: 7948 ns, Total: 119780 ns
[2020-09-11T14:12:10.403+0000][1][gc,start     ] GC(50) Pause Young (Allocation Failure)
[2020-09-11T14:12:10.404+0000][1][gc,task      ] GC(50) Using 1 workers of 1 for evacuation
[2020-09-11T14:12:10.406+0000][1][gc,age       ] GC(50) Desired survivor size 4358144 bytes, new threshold 6 (max threshold 6)
[2020-09-11T14:12:10.406+0000][1][gc,age       ] GC(50) Age table with threshold 6 (max threshold 6)
[2020-09-11T14:12:10.406+0000][1][gc,age       ] GC(50) - age   1:      98840 bytes,      98840 total
[2020-09-11T14:12:10.406+0000][1][gc,age       ] GC(50) - age   6:        360 bytes,      99200 total
[2020-09-11T14:12:10.406+0000][1][gc,heap      ] GC(50) ParNew: 68164K->97K(76672K)
[2020-09-11T14:12:10.406+0000][1][gc,heap      ] GC(50) CMS: 48754K->48754K(439104K)
[2020-09-11T14:12:10.406+0000][1][gc,metaspace ] GC(50) Metaspace: 32455K->32455K(1079296K)
[2020-09-11T14:12:10.406+0000][1][gc           ] GC(50) Pause Young (Allocation Failure) 114M->47M(503M) 2.542ms
[2020-09-11T14:12:10.406+0000][1][gc,cpu       ] GC(50) User=0.01s Sys=0.00s Real=0.00s
[2020-09-11T14:12:10.406+0000][1][safepoint    ] Safepoint "GenCollectForAllocation", Time since last: 372903380 ns, Reaching safepoint: 2987939 ns, At safepoint: 2605784 ns, Total: 5593723 ns
[2020-09-11T14:12:10.894+0000][1][gc,start     ] GC(51) Pause Young (Allocation Failure)
[2020-09-11T14:12:10.894+0000][1][gc,task      ] GC(51) Using 1 workers of 1 for evacuation
[2020-09-11T14:12:10.902+0000][1][gc,age       ] GC(51) Desired survivor size 4358144 bytes, new threshold 6 (max threshold 6)
[2020-09-11T14:12:10.902+0000][1][gc,age       ] GC(51) Age table with threshold 6 (max threshold 6)
[2020-09-11T14:12:10.902+0000][1][gc,age       ] GC(51) - age   1:     543344 bytes,     543344 total
[2020-09-11T14:12:10.902+0000][1][gc,age       ] GC(51) - age   2:      51112 bytes,     594456 total
[2020-09-11T14:12:10.902+0000][1][gc,heap      ] GC(51) ParNew: 68257K->581K(76672K)
[2020-09-11T14:12:10.902+0000][1][gc,heap      ] GC(51) CMS: 48754K->48755K(439104K)
[2020-09-11T14:12:10.902+0000][1][gc,metaspace ] GC(51) Metaspace: 32455K->32455K(1079296K)
[2020-09-11T14:12:10.902+0000][1][gc           ] GC(51) Pause Young (Allocation Failure) 114M->48M(503M) 8.314ms
[2020-09-11T14:12:10.902+0000][1][gc,cpu       ] GC(51) User=0.01s Sys=0.00s Real=0.01s
[2020-09-11T14:12:10.902+0000][1][safepoint    ] Safepoint "GenCollectForAllocation", Time since last: 485389949 ns, Reaching safepoint: 2272983 ns, At safepoint: 8375067 ns, Total: 10648050 ns
[2020-09-11T14:12:11.275+0000][1][gc,start     ] GC(52) Pause Young (Allocation Failure)
[2020-09-11T14:12:11.275+0000][1][gc,task      ] GC(52) Using 1 workers of 1 for evacuation
[2020-09-11T14:12:11.278+0000][1][gc,age       ] GC(52) Desired survivor size 4358144 bytes, new threshold 6 (max threshold 6)
[2020-09-11T14:12:11.278+0000][1][gc,age       ] GC(52) Age table with threshold 6 (max threshold 6)
[2020-09-11T14:12:11.278+0000][1][gc,age       ] GC(52) - age   1:     677216 bytes,     677216 total
[2020-09-11T14:12:11.278+0000][1][gc,age       ] GC(52) - age   2:     373288 bytes,    1050504 total
[2020-09-11T14:12:11.278+0000][1][gc,age       ] GC(52) - age   3:      50336 bytes,    1100840 total
[2020-09-11T14:12:11.278+0000][1][gc,heap      ] GC(52) ParNew: 68741K->1078K(76672K)
[2020-09-11T14:12:11.278+0000][1][gc,heap      ] GC(52) CMS: 48755K->48755K(439104K)
[2020-09-11T14:12:11.278+0000][1][gc,metaspace ] GC(52) Metaspace: 32455K->32455K(1079296K)
[2020-09-11T14:12:11.278+0000][1][gc           ] GC(52) Pause Young (Allocation Failure) 114M->48M(503M) 2.671ms
[2020-09-11T14:12:11.278+0000][1][gc,cpu       ] GC(52) User=0.00s Sys=0.00s Real=0.01s
[2020-09-11T14:12:11.287+0000][1][safepoint    ] Safepoint "GenCollectForAllocation", Time since last: 372993940 ns, Reaching safepoint: 112835 ns, At safepoint: 12259697 ns, Total: 12372532 ns
[2020-09-11T14:12:11.576+0000][1][gc,start     ] GC(53) Pause Young (Allocation Failure)
[2020-09-11T14:12:11.576+0000][1][gc,task      ] GC(53) Using 1 workers of 1 for evacuation
[2020-09-11T14:12:11.578+0000][1][gc,age       ] GC(53) Desired survivor size 4358144 bytes, new threshold 6 (max threshold 6)
[2020-09-11T14:12:11.578+0000][1][gc,age       ] GC(53) Age table with threshold 6 (max threshold 6)
[2020-09-11T14:12:11.578+0000][1][gc,age       ] GC(53) - age   1:     314680 bytes,     314680 total
[2020-09-11T14:12:11.578+0000][1][gc,age       ] GC(53) - age   2:     661000 bytes,     975680 total
[2020-09-11T14:12:11.578+0000][1][gc,age       ] GC(53) - age   3:     372800 bytes,    1348480 total
[2020-09-11T14:12:11.578+0000][1][gc,age       ] GC(53) - age   4:      49672 bytes,    1398152 total
[2020-09-11T14:12:11.578+0000][1][gc,heap      ] GC(53) ParNew: 69238K->1413K(76672K)
[2020-09-11T14:12:11.578+0000][1][gc,heap      ] GC(53) CMS: 48755K->48755K(439104K)
[2020-09-11T14:12:11.578+0000][1][gc,metaspace ] GC(53) Metaspace: 32455K->32455K(1079296K)
[2020-09-11T14:12:11.578+0000][1][gc           ] GC(53) Pause Young (Allocation Failure) 115M->48M(503M) 2.726ms
[2020-09-11T14:12:11.578+0000][1][gc,cpu       ] GC(53) User=0.00s Sys=0.00s Real=0.00s
[2020-09-11T14:12:11.578+0000][1][safepoint    ] Safepoint "GenCollectForAllocation", Time since last: 287974779 ns, Reaching safepoint: 102982 ns, At safepoint: 2792094 ns, Total: 2895076 ns
[2020-09-11T14:12:11.995+0000][1][gc,start     ] GC(54) Pause Young (Allocation Failure)
[2020-09-11T14:12:11.996+0000][1][gc,task      ] GC(54) Using 1 workers of 1 for evacuation
[2020-09-11T14:12:11.998+0000][1][gc,age       ] GC(54) Desired survivor size 4358144 bytes, new threshold 6 (max threshold 6)
[2020-09-11T14:12:11.998+0000][1][gc,age       ] GC(54) Age table with threshold 6 (max threshold 6)
[2020-09-11T14:12:11.998+0000][1][gc,age       ] GC(54) - age   1:     930256 bytes,     930256 total
[2020-09-11T14:12:11.998+0000][1][gc,age       ] GC(54) - age   2:     303168 bytes,    1233424 total
[2020-09-11T14:12:11.998+0000][1][gc,age       ] GC(54) - age   3:     332496 bytes,    1565920 total
[2020-09-11T14:12:11.998+0000][1][gc,age       ] GC(54) - age   4:     372800 bytes,    1938720 total
[2020-09-11T14:12:11.998+0000][1][gc,age       ] GC(54) - age   5:      49536 bytes,    1988256 total
[2020-09-11T14:12:11.998+0000][1][gc,heap      ] GC(54) ParNew: 69573K->2048K(76672K)
[2020-09-11T14:12:11.998+0000][1][gc,heap      ] GC(54) CMS: 48755K->48755K(439104K)
[2020-09-11T14:12:11.998+0000][1][gc,metaspace ] GC(54) Metaspace: 32455K->32455K(1079296K)
[2020-09-11T14:12:11.998+0000][1][gc           ] GC(54) Pause Young (Allocation Failure) 115M->49M(503M) 2.821ms
[2020-09-11T14:12:11.998+0000][1][gc,cpu       ] GC(54) User=0.00s Sys=0.00s Real=0.00s
[2020-09-11T14:12:12.003+0000][1][safepoint    ] Safepoint "GenCollectForAllocation", Time since last: 413033581 ns, Reaching safepoint: 4110215 ns, At safepoint: 7987054 ns, Total: 12097269 ns
[2020-09-11T14:12:12.667+0000][1][gc,start     ] GC(55) Pause Young (Allocation Failure)
[2020-09-11T14:12:12.667+0000][1][gc,task      ] GC(55) Using 1 workers of 1 for evacuation
[2020-09-11T14:12:12.670+0000][1][gc,age       ] GC(55) Desired survivor size 4358144 bytes, new threshold 6 (max threshold 6)
[2020-09-11T14:12:12.670+0000][1][gc,age       ] GC(55) Age table with threshold 6 (max threshold 6)
[2020-09-11T14:12:12.670+0000][1][gc,age       ] GC(55) - age   1:     347736 bytes,     347736 total
[2020-09-11T14:12:12.670+0000][1][gc,age       ] GC(55) - age   2:     918848 bytes,    1266584 total
[2020-09-11T14:12:12.670+0000][1][gc,age       ] GC(55) - age   3:     298416 bytes,    1565000 total
[2020-09-11T14:12:12.670+0000][1][gc,age       ] GC(55) - age   4:     331856 bytes,    1896856 total
[2020-09-11T14:12:12.670+0000][1][gc,age       ] GC(55) - age   5:     372672 bytes,    2269528 total
[2020-09-11T14:12:12.670+0000][1][gc,age       ] GC(55) - age   6:      49488 bytes,    2319016 total
[2020-09-11T14:12:12.670+0000][1][gc,heap      ] GC(55) ParNew: 70208K->2320K(76672K)
[2020-09-11T14:12:12.670+0000][1][gc,heap      ] GC(55) CMS: 48755K->48755K(439104K)
[2020-09-11T14:12:12.670+0000][1][gc,metaspace ] GC(55) Metaspace: 32455K->32455K(1079296K)
[2020-09-11T14:12:12.670+0000][1][gc           ] GC(55) Pause Young (Allocation Failure) 116M->49M(503M) 3.456ms
[2020-09-11T14:12:12.670+0000][1][gc,cpu       ] GC(55) User=0.01s Sys=0.00s Real=0.00s
[2020-09-11T14:12:12.687+0000][1][safepoint    ] Safepoint "GenCollectForAllocation", Time since last: 662944656 ns, Reaching safepoint: 111745 ns, At safepoint: 20922353 ns, Total: 21034098 ns
[2020-09-11T14:12:13.008+0000][1][safepoint    ] Safepoint "RevokeBias", Time since last: 320034606 ns, Reaching safepoint: 106435 ns, At safepoint: 8023 ns, Total: 114458 ns
[2020-09-11T14:12:13.008+0000][1][safepoint    ] Safepoint "RevokeBias", Time since last: 62217 ns, Reaching safepoint: 77153 ns, At safepoint: 4270 ns, Total: 81423 ns
[2020-09-11T14:12:13.892+0000][1][safepoint    ] Safepoint "Deoptimize", Time since last: 883710564 ns, Reaching safepoint: 133715 ns, At safepoint: 301879 ns, Total: 435594 ns
[2020-09-11T14:12:14.244+0000][1][safepoint    ] Safepoint "CollectForMetadataAllocation", Time since last: 351580374 ns, Reaching safepoint: 130630 ns, At safepoint: 132623 ns, Total: 263253 ns
[2020-09-11T14:12:14.360+0000][1][safepoint    ] Safepoint "CollectForMetadataAllocation", Time since last: 115908001 ns, Reaching safepoint: 101940 ns, At safepoint: 125507 ns, Total: 227447 ns
[2020-09-11T14:12:14.493+0000][1][safepoint    ] Safepoint "CollectForMetadataAllocation", Time since last: 132757440 ns, Reaching safepoint: 109615 ns, At safepoint: 124300 ns, Total: 233915 ns
[2020-09-11T14:12:14.562+0000][1][safepoint    ] Safepoint "CollectForMetadataAllocation", Time since last: 68615823 ns, Reaching safepoint: 107140 ns, At safepoint: 151459 ns, Total: 258599 ns
[2020-09-11T14:12:14.652+0000][1][safepoint    ] Safepoint "CollectForMetadataAllocation", Time since last: 90226483 ns, Reaching safepoint: 95707 ns, At safepoint: 116961 ns, Total: 212668 ns
[2020-09-11T14:12:14.703+0000][1][gc,start     ] GC(56) Pause Initial Mark
[2020-09-11T14:12:14.822+0000][1][gc           ] GC(56) Pause Initial Mark 116M->116M(503M) 118.811ms
[2020-09-11T14:12:14.822+0000][1][gc,cpu       ] GC(56) User=0.04s Sys=0.00s Real=0.12s
[2020-09-11T14:12:14.844+0000][1][safepoint    ] Safepoint "CMS_Initial_Mark", Time since last: 50846659 ns, Reaching safepoint: 104035 ns, At safepoint: 141135721 ns, Total: 141239756 ns
[2020-09-11T14:12:14.844+0000][1][gc           ] GC(56) Concurrent Mark
[2020-09-11T14:12:14.856+0000][1][gc,start     ] GC(57) Pause Young (Allocation Failure)
[2020-09-11T14:12:14.856+0000][1][gc,task      ] GC(57) Using 1 workers of 1 for evacuation
[2020-09-11T14:12:14.883+0000][1][gc,age       ] GC(57) Desired survivor size 4358144 bytes, new threshold 6 (max threshold 6)
[2020-09-11T14:12:14.883+0000][1][gc,age       ] GC(57) Age table with threshold 6 (max threshold 6)
[2020-09-11T14:12:14.883+0000][1][gc,age       ] GC(57) - age   1:    1285552 bytes,    1285552 total
[2020-09-11T14:12:14.883+0000][1][gc,age       ] GC(57) - age   2:     334408 bytes,    1619960 total
[2020-09-11T14:12:14.883+0000][1][gc,age       ] GC(57) - age   3:     918504 bytes,    2538464 total
[2020-09-11T14:12:14.883+0000][1][gc,age       ] GC(57) - age   4:     297792 bytes,    2836256 total
[2020-09-11T14:12:14.883+0000][1][gc,age       ] GC(57) - age   5:     331448 bytes,    3167704 total
[2020-09-11T14:12:14.883+0000][1][gc,age       ] GC(57) - age   6:     372672 bytes,    3540376 total
[2020-09-11T14:12:14.883+0000][1][gc,heap      ] GC(57) ParNew: 70480K->3551K(76672K)
[2020-09-11T14:12:14.883+0000][1][gc,heap      ] GC(57) CMS: 48755K->48800K(439104K)
[2020-09-11T14:12:14.883+0000][1][gc,metaspace ] GC(57) Metaspace: 35916K->35916K(1083392K)
[2020-09-11T14:12:14.883+0000][1][gc           ] GC(57) Pause Young (Allocation Failure) 116M->51M(503M) 27.324ms
[2020-09-11T14:12:14.883+0000][1][gc,cpu       ] GC(57) User=0.01s Sys=0.00s Real=0.02s
[2020-09-11T14:12:14.914+0000][1][safepoint    ] Safepoint "GenCollectForAllocation", Time since last: 11316863 ns, Reaching safepoint: 55424 ns, At safepoint: 57902345 ns, Total: 57957769 ns
[2020-09-11T14:12:15.001+0000][1][safepoint    ] Safepoint "CollectForMetadataAllocation", Time since last: 87788128 ns, Reaching safepoint: 78355 ns, At safepoint: 125068 ns, Total: 203423 ns
[2020-09-11T14:12:15.294+0000][1][gc           ] GC(56) Concurrent Mark 449.248ms
[2020-09-11T14:12:15.294+0000][1][gc,cpu       ] GC(56) User=0.15s Sys=0.00s Real=0.44s
[2020-09-11T14:12:15.294+0000][1][gc           ] GC(56) Concurrent Preclean
[2020-09-11T14:12:15.322+0000][1][gc           ] GC(56) Concurrent Preclean 28.231ms
[2020-09-11T14:12:15.322+0000][1][gc,cpu       ] GC(56) User=0.00s Sys=0.00s Real=0.03s
[2020-09-11T14:12:15.322+0000][1][gc           ] GC(56) Concurrent Abortable Preclean
[2020-09-11T14:12:15.628+0000][1][gc,start     ] GC(58) Pause Young (Allocation Failure)
[2020-09-11T14:12:15.628+0000][1][gc,task      ] GC(58) Using 1 workers of 1 for evacuation
[2020-09-11T14:12:15.656+0000][1][gc,age       ] GC(58) Desired survivor size 4358144 bytes, new threshold 6 (max threshold 6)
[2020-09-11T14:12:15.656+0000][1][gc,age       ] GC(58) Age table with threshold 6 (max threshold 6)
[2020-09-11T14:12:15.656+0000][1][gc,age       ] GC(58) - age   1:     263992 bytes,     263992 total
[2020-09-11T14:12:15.656+0000][1][gc,age       ] GC(58) - age   2:    1256080 bytes,    1520072 total
[2020-09-11T14:12:15.656+0000][1][gc,age       ] GC(58) - age   3:     334408 bytes,    1854480 total
[2020-09-11T14:12:15.656+0000][1][gc,age       ] GC(58) - age   4:     918504 bytes,    2772984 total
[2020-09-11T14:12:15.656+0000][1][gc,age       ] GC(58) - age   5:     297792 bytes,    3070776 total
[2020-09-11T14:12:15.656+0000][1][gc,age       ] GC(58) - age   6:     331448 bytes,    3402224 total
[2020-09-11T14:12:15.656+0000][1][gc,heap      ] GC(58) ParNew: 71711K->3565K(76672K)
[2020-09-11T14:12:15.656+0000][1][gc,heap      ] GC(58) CMS: 48800K->49164K(439104K)
[2020-09-11T14:12:15.656+0000][1][gc,metaspace ] GC(58) Metaspace: 36232K->36232K(1083392K)
[2020-09-11T14:12:15.656+0000][1][gc           ] GC(58) Pause Young (Allocation Failure) 117M->51M(503M) 28.708ms
[2020-09-11T14:12:15.656+0000][1][gc,cpu       ] GC(58) User=0.01s Sys=0.01s Real=0.03s
[2020-09-11T14:12:15.679+0000][1][safepoint    ] Safepoint "GenCollectForAllocation", Time since last: 626033835 ns, Reaching safepoint: 75896 ns, At safepoint: 51811916 ns, Total: 51887812 ns
[2020-09-11T14:12:15.984+0000][1][safepoint    ] Safepoint "CollectForMetadataAllocation", Time since last: 304011356 ns, Reaching safepoint: 65020 ns, At safepoint: 118585 ns, Total: 183605 ns
[2020-09-11T14:12:16.923+0000][1][gc           ] GC(56) Concurrent Abortable Preclean 1601.510ms
[2020-09-11T14:12:16.923+0000][1][gc,cpu       ] GC(56) User=0.53s Sys=0.01s Real=1.61s
[2020-09-11T14:12:16.924+0000][1][gc,start     ] GC(56) Pause Remark
[2020-09-11T14:12:16.997+0000][1][gc           ] GC(56) Pause Remark 87M->87M(503M) 73.851ms
[2020-09-11T14:12:16.997+0000][1][gc,cpu       ] GC(56) User=0.02s Sys=0.00s Real=0.07s
[2020-09-11T14:12:17.032+0000][1][safepoint    ] Safepoint "CMS_Final_Remark", Time since last: 939864027 ns, Reaching safepoint: 67092 ns, At safepoint: 108576333 ns, Total: 108643425 ns
[2020-09-11T14:12:17.032+0000][1][gc           ] GC(56) Concurrent Sweep
[2020-09-11T14:12:17.124+0000][1][safepoint    ] Safepoint "CollectForMetadataAllocation", Time since last: 79325511 ns, Reaching safepoint: 12357778 ns, At safepoint: 118331 ns, Total: 12476109 ns
[2020-09-11T14:12:17.129+0000][1][gc           ] GC(56) Concurrent Sweep 96.514ms
[2020-09-11T14:12:17.129+0000][1][gc,cpu       ] GC(56) User=0.03s Sys=0.00s Real=0.10s
[2020-09-11T14:12:17.129+0000][1][gc           ] GC(56) Concurrent Reset
[2020-09-11T14:12:17.129+0000][1][gc           ] GC(56) Concurrent Reset 0.629ms
[2020-09-11T14:12:17.129+0000][1][gc,cpu       ] GC(56) User=0.00s Sys=0.00s Real=0.00s
[2020-09-11T14:12:17.129+0000][1][gc,heap      ] GC(56) Old: 48755K->48107K(439104K)
[2020-09-11T14:12:17.289+0000][1][safepoint    ] Safepoint "RevokeBias", Time since last: 164954862 ns, Reaching safepoint: 100298 ns, At safepoint: 36137 ns, Total: 136435 ns
[2020-09-11T14:12:18.292+0000][1][safepoint    ] Safepoint "Cleanup", Time since last: 1002470341 ns, Reaching safepoint: 209608 ns, At safepoint: 5614 ns, Total: 215222 ns
[2020-09-11T14:12:19.307+0000][1][safepoint    ] Safepoint "Cleanup", Time since last: 1011751280 ns, Reaching safepoint: 3986018 ns, At safepoint: 9694 ns, Total: 3995712 ns
[2020-09-11T14:12:19.327+0000][1][gc,start     ] GC(59) Pause Young (Allocation Failure)
[2020-09-11T14:12:19.328+0000][1][gc,task      ] GC(59) Using 1 workers of 1 for evacuation
[2020-09-11T14:12:19.359+0000][1][gc,age       ] GC(59) Desired survivor size 4358144 bytes, new threshold 4 (max threshold 6)
[2020-09-11T14:12:19.359+0000][1][gc,age       ] GC(59) Age table with threshold 4 (max threshold 6)
[2020-09-11T14:12:19.359+0000][1][gc,age       ] GC(59) - age   1:    2574328 bytes,    2574328 total
[2020-09-11T14:12:19.359+0000][1][gc,age       ] GC(59) - age   2:     219696 bytes,    2794024 total
[2020-09-11T14:12:19.359+0000][1][gc,age       ] GC(59) - age   3:    1253320 bytes,    4047344 total
[2020-09-11T14:12:19.359+0000][1][gc,age       ] GC(59) - age   4:     334408 bytes,    4381752 total
[2020-09-11T14:12:19.359+0000][1][gc,age       ] GC(59) - age   5:     918504 bytes,    5300256 total
[2020-09-11T14:12:19.359+0000][1][gc,age       ] GC(59) - age   6:     297792 bytes,    5598048 total
[2020-09-11T14:12:19.359+0000][1][gc,heap      ] GC(59) ParNew: 71725K->6686K(76672K)
[2020-09-11T14:12:19.359+0000][1][gc,heap      ] GC(59) CMS: 48107K->48431K(439104K)
[2020-09-11T14:12:19.359+0000][1][gc,metaspace ] GC(59) Metaspace: 41592K->41592K(1087488K)
[2020-09-11T14:12:19.359+0000][1][gc           ] GC(59) Pause Young (Allocation Failure) 117M->53M(503M) 31.374ms
[2020-09-11T14:12:19.359+0000][1][gc,cpu       ] GC(59) User=0.01s Sys=0.00s Real=0.03s
[2020-09-11T14:12:19.369+0000][1][safepoint    ] Safepoint "GenCollectForAllocation", Time since last: 16004749 ns, Reaching safepoint: 3996411 ns, At safepoint: 41905882 ns, Total: 45902293 ns
[2020-09-11T14:12:20.404+0000][1][safepoint    ] Safepoint "Cleanup", Time since last: 1034063442 ns, Reaching safepoint: 135315 ns, At safepoint: 7243 ns, Total: 142558 ns
[2020-09-11T14:12:20.892+0000][1][safepoint    ] Safepoint "RevokeBias", Time since last: 488273394 ns, Reaching safepoint: 183677 ns, At safepoint: 8661 ns, Total: 192338 ns
[2020-09-11T14:12:21.895+0000][1][safepoint    ] Safepoint "Cleanup", Time since last: 1003254364 ns, Reaching safepoint: 130898 ns, At safepoint: 7281 ns, Total: 138179 ns
[2020-09-11T14:12:24.906+0000][1][safepoint    ] Safepoint "Cleanup", Time since last: 3010071292 ns, Reaching safepoint: 123497 ns, At safepoint: 9451 ns, Total: 132948 ns
[2020-09-11T14:12:25.878+0000][1][safepoint    ] Safepoint "RevokeBias", Time since last: 969883853 ns, Reaching safepoint: 2082566 ns, At safepoint: 8880 ns, Total: 2091446 ns
[2020-09-11T14:12:25.878+0000][1][safepoint    ] Safepoint "RevokeBias", Time since last: 300121 ns, Reaching safepoint: 85855 ns, At safepoint: 43015 ns, Total: 128870 ns
[2020-09-11T14:12:25.878+0000][1][safepoint    ] Safepoint "RevokeBias", Time since last: 66180 ns, Reaching safepoint: 86480 ns, At safepoint: 33412 ns, Total: 119892 ns
[2020-09-11T14:12:25.878+0000][1][safepoint    ] Safepoint "RevokeBias", Time since last: 35767 ns, Reaching safepoint: 82848 ns, At safepoint: 32003 ns, Total: 114851 ns
[2020-09-11T14:12:25.878+0000][1][safepoint    ] Safepoint "RevokeBias", Time since last: 28087 ns, Reaching safepoint: 82530 ns, At safepoint: 31359 ns, Total: 113889 ns
[2020-09-11T14:12:25.879+0000][1][safepoint    ] Safepoint "RevokeBias", Time since last: 28607 ns, Reaching safepoint: 82050 ns, At safepoint: 31238 ns, Total: 113288 ns
[2020-09-11T14:12:25.879+0000][1][safepoint    ] Safepoint "RevokeBias", Time since last: 27692 ns, Reaching safepoint: 81695 ns, At safepoint: 31124 ns, Total: 112819 ns
[2020-09-11T14:12:25.879+0000][1][safepoint    ] Safepoint "RevokeBias", Time since last: 27351 ns, Reaching safepoint: 82006 ns, At safepoint: 31231 ns, Total: 113237 ns
[2020-09-11T14:12:25.879+0000][1][safepoint    ] Safepoint "RevokeBias", Time since last: 29928 ns, Reaching safepoint: 83003 ns, At safepoint: 30952 ns, Total: 113955 ns
[2020-09-11T14:12:25.879+0000][1][safepoint    ] Safepoint "RevokeBias", Time since last: 27147 ns, Reaching safepoint: 82466 ns, At safepoint: 31230 ns, Total: 113696 ns
[2020-09-11T14:12:25.879+0000][1][safepoint    ] Safepoint "RevokeBias", Time since last: 27263 ns, Reaching safepoint: 82321 ns, At safepoint: 30812 ns, Total: 113133 ns
[2020-09-11T14:12:25.880+0000][1][safepoint    ] Safepoint "RevokeBias", Time since last: 27213 ns, Reaching safepoint: 102560 ns, At safepoint: 31117 ns, Total: 133677 ns
[2020-09-11T14:12:25.880+0000][1][safepoint    ] Safepoint "RevokeBias", Time since last: 30521 ns, Reaching safepoint: 70413 ns, At safepoint: 46764 ns, Total: 117177 ns
[2020-09-11T14:12:25.880+0000][1][safepoint    ] Safepoint "RevokeBias", Time since last: 51556 ns, Reaching safepoint: 82242 ns, At safepoint: 31435 ns, Total: 113677 ns
[2020-09-11T14:12:25.880+0000][1][safepoint    ] Safepoint "RevokeBias", Time since last: 62314 ns, Reaching safepoint: 84552 ns, At safepoint: 31228 ns, Total: 115780 ns
[2020-09-11T14:12:25.880+0000][1][safepoint    ] Safepoint "RevokeBias", Time since last: 37125 ns, Reaching safepoint: 83650 ns, At safepoint: 31458 ns, Total: 115108 ns
[2020-09-11T14:12:25.880+0000][1][safepoint    ] Safepoint "RevokeBias", Time since last: 83688 ns, Reaching safepoint: 84380 ns, At safepoint: 38822 ns, Total: 123202 ns
[2020-09-11T14:12:27.184+0000][1][safepoint    ] Safepoint "Cleanup", Time since last: 1303052397 ns, Reaching safepoint: 128389 ns, At safepoint: 8162 ns, Total: 136551 ns
[2020-09-11T14:12:27.326+0000][1][safepoint    ] Safepoint "RevokeBias", Time since last: 142806960 ns, Reaching safepoint: 111397 ns, At safepoint: 17357 ns, Total: 128754 ns
[2020-09-11T14:12:28.336+0000][1][safepoint    ] Safepoint "Cleanup", Time since last: 1008920176 ns, Reaching safepoint: 201283 ns, At safepoint: 6777 ns, Total: 208060 ns
[2020-09-11T14:12:28.508+0000][1][gc,start     ] GC(60) Pause Young (Allocation Failure)
[2020-09-11T14:12:28.508+0000][1][gc,task      ] GC(60) Using 1 workers of 1 for evacuation
[2020-09-11T14:12:28.603+0000][1][gc,age       ] GC(60) Desired survivor size 4358144 bytes, new threshold 2 (max threshold 6)
[2020-09-11T14:12:28.603+0000][1][gc,age       ] GC(60) Age table with threshold 2 (max threshold 6)
[2020-09-11T14:12:28.603+0000][1][gc,age       ] GC(60) - age   1:    2734352 bytes,    2734352 total
[2020-09-11T14:12:28.603+0000][1][gc,age       ] GC(60) - age   2:    2502896 bytes,    5237248 total
[2020-09-11T14:12:28.603+0000][1][gc,age       ] GC(60) - age   3:     219696 bytes,    5456944 total
[2020-09-11T14:12:28.603+0000][1][gc,age       ] GC(60) - age   4:    1253120 bytes,    6710064 total
[2020-09-11T14:12:28.603+0000][1][gc,heap      ] GC(60) ParNew: 74846K->8512K(76672K)
[2020-09-11T14:12:28.603+0000][1][gc,heap      ] GC(60) CMS: 48431K->49945K(439104K)
[2020-09-11T14:12:28.603+0000][1][gc,metaspace ] GC(60) Metaspace: 47411K->47411K(1093632K)
[2020-09-11T14:12:28.603+0000][1][gc           ] GC(60) Pause Young (Allocation Failure) 120M->57M(503M) 95.619ms
[2020-09-11T14:12:28.603+0000][1][gc,cpu       ] GC(60) User=0.03s Sys=0.00s Real=0.09s
[2020-09-11T14:12:28.614+0000][1][safepoint    ] Safepoint "GenCollectForAllocation", Time since last: 171833258 ns, Reaching safepoint: 111713 ns, At safepoint: 105965088 ns, Total: 106076801 ns
[2020-09-11T14:12:28.635+0000][1][safepoint    ] Safepoint "RevokeBias", Time since last: 21880559 ns, Reaching safepoint: 29538 ns, At safepoint: 34784 ns, Total: 64322 ns
[2020-09-11T14:12:28.636+0000][1][safepoint    ] Safepoint "RevokeBias", Time since last: 72852 ns, Reaching safepoint: 88118 ns, At safepoint: 19472 ns, Total: 107590 ns
[2020-09-11T14:12:29.086+0000][1][safepoint    ] Safepoint "RevokeBias", Time since last: 449849961 ns, Reaching safepoint: 124200 ns, At safepoint: 37770 ns, Total: 161970 ns
[2020-09-11T14:12:29.106+0000][1][safepoint    ] Safepoint "RevokeBias", Time since last: 20225870 ns, Reaching safepoint: 103302 ns, At safepoint: 40316 ns, Total: 143618 ns
[2020-09-11T14:12:30.004+0000][1][safepoint    ] Safepoint "RevokeBias", Time since last: 897634300 ns, Reaching safepoint: 414421 ns, At safepoint: 43348 ns, Total: 457769 ns
[2020-09-11T14:12:30.004+0000][1][safepoint    ] Safepoint "RevokeBias", Time since last: 222537 ns, Reaching safepoint: 96828 ns, At safepoint: 26168 ns, Total: 122996 ns
[2020-09-11T14:12:30.005+0000][1][safepoint    ] Safepoint "RevokeBias", Time since last: 52078 ns, Reaching safepoint: 89734 ns, At safepoint: 21192 ns, Total: 110926 ns
[2020-09-11T14:12:30.276+0000][1][safepoint    ] Safepoint "RevokeBias", Time since last: 270946573 ns, Reaching safepoint: 789562 ns, At safepoint: 38898 ns, Total: 828460 ns
[2020-09-11T14:12:30.277+0000][1][safepoint    ] Safepoint "RevokeBias", Time since last: 536114 ns, Reaching safepoint: 97205 ns, At safepoint: 30995 ns, Total: 128200 ns
[2020-09-11T14:12:30.277+0000][1][safepoint    ] Safepoint "RevokeBias", Time since last: 122175 ns, Reaching safepoint: 92478 ns, At safepoint: 25905 ns, Total: 118383 ns
[2020-09-11T14:12:30.278+0000][1][safepoint    ] Safepoint "RevokeBias", Time since last: 460606 ns, Reaching safepoint: 91778 ns, At safepoint: 25179 ns, Total: 116957 ns
[2020-09-11T14:12:30.279+0000][1][safepoint    ] Safepoint "RevokeBias", Time since last: 708956 ns, Reaching safepoint: 89887 ns, At safepoint: 28354 ns, Total: 118241 ns
[2020-09-11T14:12:30.284+0000][1][safepoint    ] Safepoint "RevokeBias", Time since last: 4725419 ns, Reaching safepoint: 104751 ns, At safepoint: 34259 ns, Total: 139010 ns
[2020-09-11T14:12:30.288+0000][1][safepoint    ] Safepoint "RevokeBias", Time since last: 3841299 ns, Reaching safepoint: 97785 ns, At safepoint: 31827 ns, Total: 129612 ns
[2020-09-11T14:12:30.288+0000][1][safepoint    ] Safepoint "RevokeBias", Time since last: 87783 ns, Reaching safepoint: 90209 ns, At safepoint: 36623 ns, Total: 126832 ns
[2020-09-11T14:12:30.288+0000][1][safepoint    ] Safepoint "RevokeBias", Time since last: 159832 ns, Reaching safepoint: 91119 ns, At safepoint: 32095 ns, Total: 123214 ns
[2020-09-11T14:12:30.288+0000][1][safepoint    ] Safepoint "RevokeBias", Time since last: 36550 ns, Reaching safepoint: 86595 ns, At safepoint: 28387 ns, Total: 114982 ns
[2020-09-11T14:12:30.288+0000][1][safepoint    ] Safepoint "RevokeBias", Time since last: 32264 ns, Reaching safepoint: 85536 ns, At safepoint: 22675 ns, Total: 108211 ns
[2020-09-11T14:12:30.288+0000][1][safepoint    ] Safepoint "RevokeBias", Time since last: 30838 ns, Reaching safepoint: 84313 ns, At safepoint: 22147 ns, Total: 106460 ns
[2020-09-11T14:12:30.289+0000][1][safepoint    ] Safepoint "RevokeBias", Time since last: 30484 ns, Reaching safepoint: 83613 ns, At safepoint: 21796 ns, Total: 105409 ns
[2020-09-11T14:12:30.289+0000][1][safepoint    ] Safepoint "RevokeBias", Time since last: 30015 ns, Reaching safepoint: 82887 ns, At safepoint: 21351 ns, Total: 104238 ns
[2020-09-11T14:12:30.289+0000][1][safepoint    ] Safepoint "RevokeBias", Time since last: 32102 ns, Reaching safepoint: 83270 ns, At safepoint: 26790 ns, Total: 110060 ns
[2020-09-11T14:12:30.289+0000][1][safepoint    ] Safepoint "BulkRevokeBias", Time since last: 29872 ns, Reaching safepoint: 82397 ns, At safepoint: 68165 ns, Total: 150562 ns
[2020-09-11T14:12:30.289+0000][1][safepoint    ] Safepoint "RevokeBias", Time since last: 54211 ns, Reaching safepoint: 85933 ns, At safepoint: 28534 ns, Total: 114467 ns
[2020-09-11T14:12:30.289+0000][1][safepoint    ] Safepoint "RevokeBias", Time since last: 37291 ns, Reaching safepoint: 84112 ns, At safepoint: 25490 ns, Total: 109602 ns
[2020-09-11T14:12:30.306+0000][1][safepoint    ] Safepoint "RevokeBias", Time since last: 12599492 ns, Reaching safepoint: 4078878 ns, At safepoint: 34175 ns, Total: 4113053 ns
[2020-09-11T14:12:30.306+0000][1][safepoint    ] Safepoint "RevokeBias", Time since last: 71058 ns, Reaching safepoint: 96447 ns, At safepoint: 25850 ns, Total: 122297 ns
[2020-09-11T14:12:30.306+0000][1][safepoint    ] Safepoint "RevokeBias", Time since last: 40015 ns, Reaching safepoint: 90462 ns, At safepoint: 19715 ns, Total: 110177 ns
[2020-09-11T14:12:30.336+0000][1][safepoint    ] Safepoint "RevokeBias", Time since last: 28979681 ns, Reaching safepoint: 115677 ns, At safepoint: 44070 ns, Total: 159747 ns
[2020-09-11T14:12:30.336+0000][1][safepoint    ] Safepoint "RevokeBias", Time since last: 141236 ns, Reaching safepoint: 37514 ns, At safepoint: 41967 ns, Total: 79481 ns
[2020-09-11T14:12:30.336+0000][1][safepoint    ] Safepoint "RevokeBias", Time since last: 38501 ns, Reaching safepoint: 19144 ns, At safepoint: 26219 ns, Total: 45363 ns
[2020-09-11T14:12:30.336+0000][1][safepoint    ] Safepoint "RevokeBias", Time since last: 30532 ns, Reaching safepoint: 16410 ns, At safepoint: 23902 ns, Total: 40312 ns
[2020-09-11T14:12:30.336+0000][1][safepoint    ] Safepoint "RevokeBias", Time since last: 28954 ns, Reaching safepoint: 15492 ns, At safepoint: 22987 ns, Total: 38479 ns
[2020-09-11T14:12:30.336+0000][1][safepoint    ] Safepoint "RevokeBias", Time since last: 28024 ns, Reaching safepoint: 15091 ns, At safepoint: 23381 ns, Total: 38472 ns
[2020-09-11T14:12:30.336+0000][1][safepoint    ] Safepoint "RevokeBias", Time since last: 27743 ns, Reaching safepoint: 13741 ns, At safepoint: 22208 ns, Total: 35949 ns
[2020-09-11T14:12:30.336+0000][1][safepoint    ] Safepoint "RevokeBias", Time since last: 26680 ns, Reaching safepoint: 13854 ns, At safepoint: 21432 ns, Total: 35286 ns
[2020-09-11T14:12:30.336+0000][1][safepoint    ] Safepoint "RevokeBias", Time since last: 28418 ns, Reaching safepoint: 13250 ns, At safepoint: 21412 ns, Total: 34662 ns
[2020-09-11T14:12:30.336+0000][1][safepoint    ] Safepoint "RevokeBias", Time since last: 38449 ns, Reaching safepoint: 13022 ns, At safepoint: 20759 ns, Total: 33781 ns
[2020-09-11T14:12:30.336+0000][1][safepoint    ] Safepoint "RevokeBias", Time since last: 26187 ns, Reaching safepoint: 12615 ns, At safepoint: 21088 ns, Total: 33703 ns
[2020-09-11T14:12:30.336+0000][1][safepoint    ] Safepoint "RevokeBias", Time since last: 25790 ns, Reaching safepoint: 12466 ns, At safepoint: 20401 ns, Total: 32867 ns
[2020-09-11T14:12:30.344+0000][1][safepoint    ] Safepoint "RevokeBias", Time since last: 6982960 ns, Reaching safepoint: 37572 ns, At safepoint: 38688 ns, Total: 76260 ns
[2020-09-11T14:12:30.344+0000][1][safepoint    ] Safepoint "RevokeBias", Time since last: 52959 ns, Reaching safepoint: 19567 ns, At safepoint: 27091 ns, Total: 46658 ns
[2020-09-11T14:12:30.344+0000][1][safepoint    ] Safepoint "RevokeBias", Time since last: 31045 ns, Reaching safepoint: 15801 ns, At safepoint: 23717 ns, Total: 39518 ns
[2020-09-11T14:12:30.344+0000][1][safepoint    ] Safepoint "RevokeBias", Time since last: 29042 ns, Reaching safepoint: 24511 ns, At safepoint: 42614 ns, Total: 67125 ns
[2020-09-11T14:12:30.344+0000][1][safepoint    ] Safepoint "RevokeBias", Time since last: 35350 ns, Reaching safepoint: 14806 ns, At safepoint: 29946 ns, Total: 44752 ns
[2020-09-11T14:12:30.344+0000][1][safepoint    ] Safepoint "BulkRevokeBias", Time since last: 23539 ns, Reaching safepoint: 13018 ns, At safepoint: 78178 ns, Total: 91196 ns
[2020-09-11T14:12:30.344+0000][1][safepoint    ] Safepoint "RevokeBias", Time since last: 195308 ns, Reaching safepoint: 15603 ns, At safepoint: 34441 ns, Total: 50044 ns
[2020-09-11T14:12:30.344+0000][1][safepoint    ] Safepoint "RevokeBias", Time since last: 101699 ns, Reaching safepoint: 13500 ns, At safepoint: 32319 ns, Total: 45819 ns
[2020-09-11T14:12:30.344+0000][1][safepoint    ] Safepoint "RevokeBias", Time since last: 44032 ns, Reaching safepoint: 11639 ns, At safepoint: 29030 ns, Total: 40669 ns
[2020-09-11T14:12:30.345+0000][1][safepoint    ] Safepoint "RevokeBias", Time since last: 56913 ns, Reaching safepoint: 14340 ns, At safepoint: 28555 ns, Total: 42895 ns
[2020-09-11T14:12:30.345+0000][1][safepoint    ] Safepoint "RevokeBias", Time since last: 35345 ns, Reaching safepoint: 12349 ns, At safepoint: 27271 ns, Total: 39620 ns
[2020-09-11T14:12:30.345+0000][1][safepoint    ] Safepoint "RevokeBias", Time since last: 105445 ns, Reaching safepoint: 12952 ns, At safepoint: 27585 ns, Total: 40537 ns
[2020-09-11T14:12:30.345+0000][1][safepoint    ] Safepoint "RevokeBias", Time since last: 231673 ns, Reaching safepoint: 14621 ns, At safepoint: 28123 ns, Total: 42744 ns
[2020-09-11T14:12:30.345+0000][1][safepoint    ] Safepoint "RevokeBias", Time since last: 61709 ns, Reaching safepoint: 12787 ns, At safepoint: 27747 ns, Total: 40534 ns
[2020-09-11T14:12:30.345+0000][1][safepoint    ] Safepoint "RevokeBias", Time since last: 224883 ns, Reaching safepoint: 14365 ns, At safepoint: 28255 ns, Total: 42620 ns
[2020-09-11T14:12:30.346+0000][1][safepoint    ] Safepoint "RevokeBias", Time since last: 42537 ns, Reaching safepoint: 12317 ns, At safepoint: 27325 ns, Total: 39642 ns
[2020-09-11T14:12:30.346+0000][1][safepoint    ] Safepoint "RevokeBias", Time since last: 23222 ns, Reaching safepoint: 11323 ns, At safepoint: 26504 ns, Total: 37827 ns
[2020-09-11T14:12:30.346+0000][1][safepoint    ] Safepoint "RevokeBias", Time since last: 22007 ns, Reaching safepoint: 10990 ns, At safepoint: 26099 ns, Total: 37089 ns
[2020-09-11T14:12:30.346+0000][1][safepoint    ] Safepoint "RevokeBias", Time since last: 203715 ns, Reaching safepoint: 12715 ns, At safepoint: 27537 ns, Total: 40252 ns
[2020-09-11T14:12:30.346+0000][1][safepoint    ] Safepoint "RevokeBias", Time since last: 104623 ns, Reaching safepoint: 12170 ns, At safepoint: 27578 ns, Total: 39748 ns
[2020-09-11T14:12:30.346+0000][1][safepoint    ] Safepoint "RevokeBias", Time since last: 97834 ns, Reaching safepoint: 12233 ns, At safepoint: 28572 ns, Total: 40805 ns
[2020-09-11T14:12:30.351+0000][1][safepoint    ] Safepoint "RevokeBias", Time since last: 5242018 ns, Reaching safepoint: 27319 ns, At safepoint: 49031 ns, Total: 76350 ns
[2020-09-11T14:12:30.352+0000][1][safepoint    ] Safepoint "RevokeBias", Time since last: 550086 ns, Reaching safepoint: 19077 ns, At safepoint: 38751 ns, Total: 57828 ns
[2020-09-11T14:12:30.352+0000][1][safepoint    ] Safepoint "BulkRevokeBias", Time since last: 79531 ns, Reaching safepoint: 15752 ns, At safepoint: 73371 ns, Total: 89123 ns
[2020-09-11T14:12:30.384+0000][1][safepoint    ] Safepoint "RevokeBias", Time since last: 31174857 ns, Reaching safepoint: 797367 ns, At safepoint: 30724 ns, Total: 828091 ns
[2020-09-11T14:12:30.388+0000][1][safepoint    ] Safepoint "RevokeBias", Time since last: 3161138 ns, Reaching safepoint: 175890 ns, At safepoint: 28010 ns, Total: 203900 ns
[2020-09-11T14:12:30.389+0000][1][safepoint    ] Safepoint "RevokeBias", Time since last: 892510 ns, Reaching safepoint: 91575 ns, At safepoint: 23790 ns, Total: 115365 ns
[2020-09-11T14:12:30.392+0000][1][safepoint    ] Safepoint "RevokeBias", Time since last: 2787018 ns, Reaching safepoint: 107895 ns, At safepoint: 26896 ns, Total: 134791 ns
[2020-09-11T14:12:30.392+0000][1][safepoint    ] Safepoint "RevokeBias", Time since last: 59129 ns, Reaching safepoint: 93305 ns, At safepoint: 23239 ns, Total: 116544 ns
[2020-09-11T14:12:30.522+0000][1][safepoint    ] Safepoint "RevokeBias", Time since last: 130079092 ns, Reaching safepoint: 112677 ns, At safepoint: 14776 ns, Total: 127453 ns
[2020-09-11T14:12:30.960+0000][1][safepoint    ] Safepoint "RevokeBias", Time since last: 437482536 ns, Reaching safepoint: 130910 ns, At safepoint: 20083 ns, Total: 150993 ns
[2020-09-11T14:12:30.960+0000][1][safepoint    ] Safepoint "RevokeBias", Time since last: 281421 ns, Reaching safepoint: 28497 ns, At safepoint: 11810 ns, Total: 40307 ns
[2020-09-11T14:12:31.662+0000][1][gc,start     ] GC(61) Pause Young (Allocation Failure)
[2020-09-11T14:12:31.662+0000][1][gc,task      ] GC(61) Using 1 workers of 1 for evacuation
[2020-09-11T14:12:31.885+0000][1][gc,age       ] GC(61) Desired survivor size 4358144 bytes, new threshold 2 (max threshold 6)
[2020-09-11T14:12:31.885+0000][1][gc,age       ] GC(61) Age table with threshold 2 (max threshold 6)
[2020-09-11T14:12:31.885+0000][1][gc,age       ] GC(61) - age   1:    2208592 bytes,    2208592 total
[2020-09-11T14:12:31.885+0000][1][gc,age       ] GC(61) - age   2:    2675400 bytes,    4883992 total
[2020-09-11T14:12:31.885+0000][1][gc,heap      ] GC(61) ParNew: 76672K->6078K(76672K)
[2020-09-11T14:12:31.885+0000][1][gc,heap      ] GC(61) CMS: 49945K->53930K(439104K)
[2020-09-11T14:12:31.885+0000][1][gc,metaspace ] GC(61) Metaspace: 52451K->52451K(1097728K)
[2020-09-11T14:12:31.885+0000][1][gc           ] GC(61) Pause Young (Allocation Failure) 123M->58M(503M) 222.957ms
[2020-09-11T14:12:31.885+0000][1][gc,cpu       ] GC(61) User=0.08s Sys=0.00s Real=0.23s
[2020-09-11T14:12:31.889+0000][1][safepoint    ] Safepoint "GenCollectForAllocation", Time since last: 702333974 ns, Reaching safepoint: 121436 ns, At safepoint: 226603838 ns, Total: 226725274 ns
[2020-09-11T14:12:33.317+0000][1][safepoint    ] Safepoint "Cleanup", Time since last: 1427548090 ns, Reaching safepoint: 464724 ns, At safepoint: 8241 ns, Total: 472965 ns
[2020-09-11T14:12:34.325+0000][1][safepoint    ] Safepoint "Cleanup", Time since last: 1002436917 ns, Reaching safepoint: 5481381 ns, At safepoint: 16478 ns, Total: 5497859 ns
[2020-09-11T14:12:35.325+0000][1][safepoint    ] Safepoint "Cleanup", Time since last: 1000119322 ns, Reaching safepoint: 454029 ns, At safepoint: 9400 ns, Total: 463429 ns
[2020-09-11T14:12:35.512+0000][1][gc,start     ] GC(62) Pause Young (Allocation Failure)
[2020-09-11T14:12:35.512+0000][1][gc,task      ] GC(62) Using 1 workers of 1 for evacuation
[2020-09-11T14:12:35.649+0000][1][gc,age       ] GC(62) Desired survivor size 4358144 bytes, new threshold 6 (max threshold 6)
[2020-09-11T14:12:35.649+0000][1][gc,age       ] GC(62) Age table with threshold 6 (max threshold 6)
[2020-09-11T14:12:35.649+0000][1][gc,age       ] GC(62) - age   1:    1354880 bytes,    1354880 total
[2020-09-11T14:12:35.649+0000][1][gc,age       ] GC(62) - age   2:    2174264 bytes,    3529144 total
[2020-09-11T14:12:35.649+0000][1][gc,heap      ] GC(62) ParNew: 74238K->5096K(76672K)
[2020-09-11T14:12:35.649+0000][1][gc,heap      ] GC(62) CMS: 53930K->56658K(439104K)
[2020-09-11T14:12:35.649+0000][1][gc,metaspace ] GC(62) Metaspace: 59933K->59933K(1103872K)
[2020-09-11T14:12:35.649+0000][1][gc           ] GC(62) Pause Young (Allocation Failure) 125M->60M(503M) 137.092ms
[2020-09-11T14:12:35.649+0000][1][gc,cpu       ] GC(62) User=0.04s Sys=0.00s Real=0.14s
[2020-09-11T14:12:35.649+0000][1][safepoint    ] Safepoint "GenCollectForAllocation", Time since last: 185961703 ns, Reaching safepoint: 118521 ns, At safepoint: 137249615 ns, Total: 137368136 ns
[2020-09-11T14:12:36.216+0000][1][safepoint    ] Safepoint "CollectForMetadataAllocation", Time since last: 566615174 ns, Reaching safepoint: 930747 ns, At safepoint: 127990 ns, Total: 1058737 ns
[2020-09-11T14:12:36.312+0000][1][safepoint    ] Safepoint "CollectForMetadataAllocation", Time since last: 94934880 ns, Reaching safepoint: 120314 ns, At safepoint: 140966 ns, Total: 261280 ns
[2020-09-11T14:12:36.786+0000][1][safepoint    ] Safepoint "CollectForMetadataAllocation", Time since last: 473800896 ns, Reaching safepoint: 149338 ns, At safepoint: 121690 ns, Total: 271028 ns
[2020-09-11T14:12:36.985+0000][1][safepoint    ] Safepoint "CollectForMetadataAllocation", Time since last: 198686127 ns, Reaching safepoint: 114753 ns, At safepoint: 133047 ns, Total: 247800 ns
[2020-09-11T14:12:37.304+0000][1][safepoint    ] Safepoint "CollectForMetadataAllocation", Time since last: 315014410 ns, Reaching safepoint: 3731570 ns, At safepoint: 150321 ns, Total: 3881891 ns
[2020-09-11T14:12:37.566+0000][1][safepoint    ] Safepoint "CollectForMetadataAllocation", Time since last: 261541361 ns, Reaching safepoint: 1006286 ns, At safepoint: 130204 ns, Total: 1136490 ns
[2020-09-11T14:12:37.651+0000][1][gc,start     ] GC(63) Pause Initial Mark
[2020-09-11T14:12:37.684+0000][1][gc           ] GC(63) Pause Initial Mark 89M->89M(503M) 33.238ms
[2020-09-11T14:12:37.684+0000][1][gc,cpu       ] GC(63) User=0.01s Sys=0.00s Real=0.04s
[2020-09-11T14:12:37.707+0000][1][safepoint    ] Safepoint "CMS_Initial_Mark", Time since last: 84184374 ns, Reaching safepoint: 188978 ns, At safepoint: 56792579 ns, Total: 56981557 ns
[2020-09-11T14:12:37.708+0000][1][safepoint    ] Safepoint "RevokeBias", Time since last: 53713 ns, Reaching safepoint: 40426 ns, At safepoint: 11665 ns, Total: 52091 ns
[2020-09-11T14:12:37.708+0000][1][gc           ] GC(63) Concurrent Mark
[2020-09-11T14:12:38.100+0000][1][safepoint    ] Safepoint "CollectForMetadataAllocation", Time since last: 379816956 ns, Reaching safepoint: 12118955 ns, At safepoint: 128094 ns, Total: 12247049 ns
[2020-09-11T14:12:38.234+0000][1][gc           ] GC(63) Concurrent Mark 526.719ms
[2020-09-11T14:12:38.234+0000][1][gc,cpu       ] GC(63) User=0.17s Sys=0.00s Real=0.52s
[2020-09-11T14:12:38.234+0000][1][gc           ] GC(63) Concurrent Preclean
[2020-09-11T14:12:38.255+0000][1][gc           ] GC(63) Concurrent Preclean 20.786ms
[2020-09-11T14:12:38.255+0000][1][gc,cpu       ] GC(63) User=0.01s Sys=0.00s Real=0.02s
[2020-09-11T14:12:38.255+0000][1][gc           ] GC(63) Concurrent Abortable Preclean
[2020-09-11T14:12:38.332+0000][1][safepoint    ] Safepoint "Deoptimize", Time since last: 231982869 ns, Reaching safepoint: 55587 ns, At safepoint: 380864 ns, Total: 436451 ns
[2020-09-11T14:12:38.504+0000][1][safepoint    ] Safepoint "CollectForMetadataAllocation", Time since last: 171409950 ns, Reaching safepoint: 134629 ns, At safepoint: 136505 ns, Total: 271134 ns
[2020-09-11T14:12:38.665+0000][1][safepoint    ] Safepoint "RevokeBias", Time since last: 147721215 ns, Reaching safepoint: 13872845 ns, At safepoint: 17412 ns, Total: 13890257 ns
[2020-09-11T14:12:39.012+0000][1][safepoint    ] Safepoint "CollectForMetadataAllocation", Time since last: 346099971 ns, Reaching safepoint: 119043 ns, At safepoint: 136004 ns, Total: 255047 ns
[2020-09-11T14:12:39.416+0000][1][safepoint    ] Safepoint "RevokeBias", Time since last: 403873586 ns, Reaching safepoint: 127521 ns, At safepoint: 28464 ns, Total: 155985 ns
[2020-09-11T14:12:39.444+0000][1][safepoint    ] Safepoint "RevokeBias", Time since last: 10824077 ns, Reaching safepoint: 17245231 ns, At safepoint: 44828 ns, Total: 17290059 ns
[2020-09-11T14:12:39.444+0000][1][safepoint    ] Safepoint "RevokeBias", Time since last: 78833 ns, Reaching safepoint: 87482 ns, At safepoint: 32032 ns, Total: 119514 ns
[2020-09-11T14:12:39.444+0000][1][safepoint    ] Safepoint "RevokeBias", Time since last: 76669 ns, Reaching safepoint: 85755 ns, At safepoint: 28757 ns, Total: 114512 ns
[2020-09-11T14:12:39.444+0000][1][safepoint    ] Safepoint "RevokeBias", Time since last: 124303 ns, Reaching safepoint: 86246 ns, At safepoint: 26518 ns, Total: 112764 ns
[2020-09-11T14:12:39.478+0000][1][safepoint    ] Safepoint "RevokeBias", Time since last: 33907607 ns, Reaching safepoint: 108966 ns, At safepoint: 13483 ns, Total: 122449 ns
[2020-09-11T14:12:39.509+0000][1][safepoint    ] Safepoint "RevokeBias", Time since last: 17168309 ns, Reaching safepoint: 13683364 ns, At safepoint: 12597 ns, Total: 13695961 ns
[2020-09-11T14:12:39.509+0000][1][safepoint    ] Safepoint "RevokeBias", Time since last: 121645 ns, Reaching safepoint: 13639 ns, At safepoint: 5368 ns, Total: 19007 ns
[2020-09-11T14:12:39.510+0000][1][safepoint    ] Safepoint "RevokeBias", Time since last: 42077 ns, Reaching safepoint: 11363 ns, At safepoint: 6081 ns, Total: 17444 ns
[2020-09-11T14:12:39.516+0000][1][safepoint    ] Safepoint "RevokeBias", Time since last: 5888754 ns, Reaching safepoint: 112738 ns, At safepoint: 16100 ns, Total: 128838 ns
[2020-09-11T14:12:39.520+0000][1][safepoint    ] Safepoint "RevokeBias", Time since last: 3907793 ns, Reaching safepoint: 39434 ns, At safepoint: 11674 ns, Total: 51108 ns
[2020-09-11T14:12:39.520+0000][1][safepoint    ] Safepoint "RevokeBias", Time since last: 58618 ns, Reaching safepoint: 12805 ns, At safepoint: 2002 ns, Total: 14807 ns
[2020-09-11T14:12:39.520+0000][1][safepoint    ] Safepoint "RevokeBias", Time since last: 65010 ns, Reaching safepoint: 11442 ns, At safepoint: 1974 ns, Total: 13416 ns
[2020-09-11T14:12:39.520+0000][1][safepoint    ] Safepoint "RevokeBias", Time since last: 63299 ns, Reaching safepoint: 11265 ns, At safepoint: 6677 ns, Total: 17942 ns
[2020-09-11T14:12:39.701+0000][1][safepoint    ] Safepoint "CollectForMetadataAllocation", Time since last: 181464042 ns, Reaching safepoint: 127394 ns, At safepoint: 137618 ns, Total: 265012 ns
[2020-09-11T14:12:40.420+0000][1][safepoint    ] Safepoint "CollectForMetadataAllocation", Time since last: 717967951 ns, Reaching safepoint: 72203 ns, At safepoint: 132861 ns, Total: 205064 ns
[2020-09-11T14:12:40.889+0000][1][safepoint    ] Safepoint "CollectForMetadataAllocation", Time since last: 469122974 ns, Reaching safepoint: 110880 ns, At safepoint: 146738 ns, Total: 257618 ns
[2020-09-11T14:12:41.029+0000][1][safepoint    ] Safepoint "CollectForMetadataAllocation", Time since last: 139767755 ns, Reaching safepoint: 116712 ns, At safepoint: 160484 ns, Total: 277196 ns
[2020-09-11T14:12:41.146+0000][1][safepoint    ] Safepoint "CollectForMetadataAllocation", Time since last: 117081096 ns, Reaching safepoint: 110907 ns, At safepoint: 145131 ns, Total: 256038 ns
[2020-09-11T14:12:41.268+0000][1][safepoint    ] Safepoint "CollectForMetadataAllocation", Time since last: 114744614 ns, Reaching safepoint: 6371004 ns, At safepoint: 140406 ns, Total: 6511410 ns
[2020-09-11T14:12:41.360+0000][1][safepoint    ] Safepoint "RevokeBias", Time since last: 91966303 ns, Reaching safepoint: 101050 ns, At safepoint: 14778 ns, Total: 115828 ns
[2020-09-11T14:12:41.364+0000][1][safepoint    ] Safepoint "RevokeBias", Time since last: 3997341 ns, Reaching safepoint: 38182 ns, At safepoint: 9619 ns, Total: 47801 ns
[2020-09-11T14:12:41.468+0000][1][safepoint    ] Safepoint "CollectForMetadataAllocation", Time since last: 103624236 ns, Reaching safepoint: 56988 ns, At safepoint: 108412 ns, Total: 165400 ns
[2020-09-11T14:12:41.660+0000][1][safepoint    ] Safepoint "CollectForMetadataAllocation", Time since last: 187822150 ns, Reaching safepoint: 4024212 ns, At safepoint: 173530 ns, Total: 4197742 ns
[2020-09-11T14:12:41.668+0000][1][gc,start     ] GC(64) Pause Young (Allocation Failure)
[2020-09-11T14:12:41.668+0000][1][gc,task      ] GC(64) Using 1 workers of 1 for evacuation
[2020-09-11T14:12:41.722+0000][1][gc,age       ] GC(64) Desired survivor size 4358144 bytes, new threshold 2 (max threshold 6)
[2020-09-11T14:12:41.722+0000][1][gc,age       ] GC(64) Age table with threshold 2 (max threshold 6)
[2020-09-11T14:12:41.722+0000][1][gc,age       ] GC(64) - age   1:    3536624 bytes,    3536624 total
[2020-09-11T14:12:41.722+0000][1][gc,age       ] GC(64) - age   2:    1260736 bytes,    4797360 total
[2020-09-11T14:12:41.722+0000][1][gc,age       ] GC(64) - age   3:    2169496 bytes,    6966856 total
[2020-09-11T14:12:41.723+0000][1][gc,heap      ] GC(64) ParNew: 73256K->7718K(76672K)
[2020-09-11T14:12:41.723+0000][1][gc,heap      ] GC(64) CMS: 56658K->56658K(439104K)
[2020-09-11T14:12:41.723+0000][1][gc,metaspace ] GC(64) Metaspace: 66134K->66134K(1110016K)
[2020-09-11T14:12:41.723+0000][1][gc           ] GC(64) Pause Young (Allocation Failure) 126M->62M(503M) 54.584ms
[2020-09-11T14:12:41.723+0000][1][gc,cpu       ] GC(64) User=0.03s Sys=0.00s Real=0.05s
[2020-09-11T14:12:41.747+0000][1][safepoint    ] Safepoint "GenCollectForAllocation", Time since last: 8226684 ns, Reaching safepoint: 118892 ns, At safepoint: 79449374 ns, Total: 79568266 ns
[2020-09-11T14:12:41.924+0000][1][safepoint    ] Safepoint "CollectForMetadataAllocation", Time since last: 176022641 ns, Reaching safepoint: 63023 ns, At safepoint: 144933 ns, Total: 207956 ns
[2020-09-11T14:12:41.958+0000][1][safepoint    ] Safepoint "RevokeBias", Time since last: 34282976 ns, Reaching safepoint: 42916 ns, At safepoint: 10183 ns, Total: 53099 ns
[2020-09-11T14:12:41.958+0000][1][safepoint    ] Safepoint "RevokeBias", Time since last: 86260 ns, Reaching safepoint: 93716 ns, At safepoint: 8564 ns, Total: 102280 ns
[2020-09-11T14:12:42.016+0000][1][safepoint    ] Safepoint "CollectForMetadataAllocation", Time since last: 57266698 ns, Reaching safepoint: 106464 ns, At safepoint: 131002 ns, Total: 237466 ns
[2020-09-11T14:12:42.160+0000][1][safepoint    ] Safepoint "CollectForMetadataAllocation", Time since last: 140496691 ns, Reaching safepoint: 3291282 ns, At safepoint: 110608 ns, Total: 3401890 ns
[2020-09-11T14:12:42.363+0000][1][safepoint    ] Safepoint "CollectForMetadataAllocation", Time since last: 203338334 ns, Reaching safepoint: 51414 ns, At safepoint: 146089 ns, Total: 197503 ns
[2020-09-11T14:12:42.431+0000][1][safepoint    ] Safepoint "CollectForMetadataAllocation", Time since last: 67786316 ns, Reaching safepoint: 58629 ns, At safepoint: 174036 ns, Total: 232665 ns
[2020-09-11T14:12:42.509+0000][1][safepoint    ] Safepoint "RevokeBias", Time since last: 77521677 ns, Reaching safepoint: 48618 ns, At safepoint: 33168 ns, Total: 81786 ns
[2020-09-11T14:12:42.514+0000][1][safepoint    ] Safepoint "CollectForMetadataAllocation", Time since last: 4778537 ns, Reaching safepoint: 40243 ns, At safepoint: 146646 ns, Total: 186889 ns
[2020-09-11T14:12:42.536+0000][1][safepoint    ] Safepoint "CollectForMetadataAllocation", Time since last: 21771157 ns, Reaching safepoint: 64691 ns, At safepoint: 139218 ns, Total: 203909 ns
[2020-09-11T14:12:42.564+0000][1][safepoint    ] Safepoint "Deoptimize", Time since last: 27778876 ns, Reaching safepoint: 64216 ns, At safepoint: 324914 ns, Total: 389130 ns
[2020-09-11T14:12:42.585+0000][1][safepoint    ] Safepoint "CollectForMetadataAllocation", Time since last: 20921712 ns, Reaching safepoint: 48164 ns, At safepoint: 122885 ns, Total: 171049 ns
[2020-09-11T14:12:42.588+0000][1][safepoint    ] Safepoint "Deoptimize", Time since last: 868732 ns, Reaching safepoint: 1635518 ns, At safepoint: 317037 ns, Total: 1952555 ns
[2020-09-11T14:12:42.792+0000][1][safepoint    ] Safepoint "CollectForMetadataAllocation", Time since last: 195689533 ns, Reaching safepoint: 8050302 ns, At safepoint: 125227 ns, Total: 8175529 ns
[2020-09-11T14:12:42.917+0000][1][safepoint    ] Safepoint "RevokeBias", Time since last: 124949728 ns, Reaching safepoint: 53034 ns, At safepoint: 18378 ns, Total: 71412 ns
[2020-09-11T14:12:42.917+0000][1][safepoint    ] Safepoint "RevokeBias", Time since last: 245123 ns, Reaching safepoint: 86665 ns, At safepoint: 17413 ns, Total: 104078 ns
[2020-09-11T14:12:42.917+0000][1][safepoint    ] Safepoint "RevokeBias", Time since last: 163006 ns, Reaching safepoint: 81237 ns, At safepoint: 16984 ns, Total: 98221 ns
[2020-09-11T14:12:42.918+0000][1][safepoint    ] Safepoint "CollectForMetadataAllocation", Time since last: 67522 ns, Reaching safepoint: 80875 ns, At safepoint: 135341 ns, Total: 216216 ns
[2020-09-11T14:12:42.918+0000][1][safepoint    ] Safepoint "RevokeBias", Time since last: 565539 ns, Reaching safepoint: 84216 ns, At safepoint: 18125 ns, Total: 102341 ns
[2020-09-11T14:12:42.918+0000][1][safepoint    ] Safepoint "RevokeBias", Time since last: 50032 ns, Reaching safepoint: 81693 ns, At safepoint: 18039 ns, Total: 99732 ns
[2020-09-11T14:12:42.919+0000][1][safepoint    ] Safepoint "RevokeBias", Time since last: 115549 ns, Reaching safepoint: 81203 ns, At safepoint: 16800 ns, Total: 98003 ns
[2020-09-11T14:12:42.921+0000][1][safepoint    ] Safepoint "RevokeBias", Time since last: 2803319 ns, Reaching safepoint: 48707 ns, At safepoint: 21033 ns, Total: 69740 ns
[2020-09-11T14:12:42.922+0000][1][safepoint    ] Safepoint "RevokeBias", Time since last: 61112 ns, Reaching safepoint: 85631 ns, At safepoint: 17688 ns, Total: 103319 ns
[2020-09-11T14:12:42.935+0000][1][safepoint    ] Safepoint "BulkRevokeBias", Time since last: 5892089 ns, Reaching safepoint: 7225834 ns, At safepoint: 88621 ns, Total: 7314455 ns
[2020-09-11T14:12:42.935+0000][1][safepoint    ] Safepoint "RevokeBias", Time since last: 334495 ns, Reaching safepoint: 83125 ns, At safepoint: 18371 ns, Total: 101496 ns
[2020-09-11T14:12:42.935+0000][1][safepoint    ] Safepoint "RevokeBias", Time since last: 212587 ns, Reaching safepoint: 14039 ns, At safepoint: 15275 ns, Total: 29314 ns
[2020-09-11T14:12:42.936+0000][1][safepoint    ] Safepoint "RevokeBias", Time since last: 35902 ns, Reaching safepoint: 12697 ns, At safepoint: 12676 ns, Total: 25373 ns
[2020-09-11T14:12:42.936+0000][1][safepoint    ] Safepoint "RevokeBias", Time since last: 427248 ns, Reaching safepoint: 10692 ns, At safepoint: 13531 ns, Total: 24223 ns
[2020-09-11T14:12:42.940+0000][1][safepoint    ] Safepoint "RevokeBias", Time since last: 4329601 ns, Reaching safepoint: 95644 ns, At safepoint: 23507 ns, Total: 119151 ns
[2020-09-11T14:12:42.956+0000][1][safepoint    ] Safepoint "RevokeBias", Time since last: 7085462 ns, Reaching safepoint: 7969751 ns, At safepoint: 27014 ns, Total: 7996765 ns
[2020-09-11T14:12:42.962+0000][1][safepoint    ] Safepoint "Deoptimize", Time since last: 4115512 ns, Reaching safepoint: 2130623 ns, At safepoint: 312935 ns, Total: 2443558 ns
[2020-09-11T14:12:43.143+0000][1][safepoint    ] Safepoint "CollectForMetadataAllocation", Time since last: 180906405 ns, Reaching safepoint: 94588 ns, At safepoint: 128606 ns, Total: 223194 ns
[2020-09-11T14:12:43.258+0000][1][gc           ] GC(63) Concurrent Abortable Preclean 5002.500ms
[2020-09-11T14:12:43.258+0000][1][gc,cpu       ] GC(63) User=1.90s Sys=0.03s Real=5.01s
[2020-09-11T14:12:43.260+0000][1][gc,start     ] GC(63) Pause Remark
[2020-09-11T14:12:43.303+0000][1][gc           ] GC(63) Pause Remark 88M->88M(503M) 42.839ms
[2020-09-11T14:12:43.303+0000][1][gc,cpu       ] GC(63) User=0.02s Sys=0.01s Real=0.05s
[2020-09-11T14:12:43.331+0000][1][safepoint    ] Safepoint "CMS_Final_Remark", Time since last: 117164599 ns, Reaching safepoint: 115385 ns, At safepoint: 70920089 ns, Total: 71035474 ns
[2020-09-11T14:12:43.331+0000][1][gc           ] GC(63) Concurrent Sweep
[2020-09-11T14:12:43.346+0000][1][safepoint    ] Safepoint "RevokeBias", Time since last: 8351914 ns, Reaching safepoint: 5732112 ns, At safepoint: 53627 ns, Total: 5785739 ns
[2020-09-11T14:12:43.360+0000][1][safepoint    ] Safepoint "RevokeBias", Time since last: 13882435 ns, Reaching safepoint: 126264 ns, At safepoint: 41883 ns, Total: 168147 ns
[2020-09-11T14:12:43.360+0000][1][safepoint    ] Safepoint "RevokeBias", Time since last: 84894 ns, Reaching safepoint: 82873 ns, At safepoint: 25196 ns, Total: 108069 ns
[2020-09-11T14:12:43.360+0000][1][safepoint    ] Safepoint "RevokeBias", Time since last: 37111 ns, Reaching safepoint: 81667 ns, At safepoint: 22858 ns, Total: 104525 ns
[2020-09-11T14:12:43.360+0000][1][safepoint    ] Safepoint "RevokeBias", Time since last: 35278 ns, Reaching safepoint: 82206 ns, At safepoint: 24740 ns, Total: 106946 ns
[2020-09-11T14:12:43.360+0000][1][safepoint    ] Safepoint "RevokeBias", Time since last: 39784 ns, Reaching safepoint: 80976 ns, At safepoint: 23071 ns, Total: 104047 ns
[2020-09-11T14:12:43.360+0000][1][safepoint    ] Safepoint "RevokeBias", Time since last: 35859 ns, Reaching safepoint: 81018 ns, At safepoint: 22466 ns, Total: 103484 ns
[2020-09-11T14:12:43.360+0000][1][safepoint    ] Safepoint "RevokeBias", Time since last: 36344 ns, Reaching safepoint: 81601 ns, At safepoint: 28125 ns, Total: 109726 ns
[2020-09-11T14:12:43.409+0000][1][gc           ] GC(63) Concurrent Sweep 77.929ms
[2020-09-11T14:12:43.409+0000][1][gc,cpu       ] GC(63) User=0.04s Sys=0.00s Real=0.08s
[2020-09-11T14:12:43.409+0000][1][gc           ] GC(63) Concurrent Reset
[2020-09-11T14:12:43.410+0000][1][gc           ] GC(63) Concurrent Reset 0.619ms
[2020-09-11T14:12:43.410+0000][1][gc,cpu       ] GC(63) User=0.00s Sys=0.00s Real=0.00s
[2020-09-11T14:12:43.410+0000][1][gc,heap      ] GC(63) Old: 56658K->55707K(439104K)
[2020-09-11T14:12:43.886+0000][1][safepoint    ] Safepoint "RevokeBias", Time since last: 525013370 ns, Reaching safepoint: 357417 ns, At safepoint: 48183 ns, Total: 405600 ns
[2020-09-11T14:12:43.892+0000][1][safepoint    ] Safepoint "RevokeBias", Time since last: 1337288 ns, Reaching safepoint: 101377 ns, At safepoint: 4905904 ns, Total: 5007281 ns
[2020-09-11T14:12:43.899+0000][1][safepoint    ] Safepoint "RevokeBias", Time since last: 4111770 ns, Reaching safepoint: 3066056 ns, At safepoint: 36509 ns, Total: 3102565 ns
[2020-09-11T14:12:43.905+0000][1][safepoint    ] Safepoint "RevokeBias", Time since last: 4040550 ns, Reaching safepoint: 1850214 ns, At safepoint: 34534 ns, Total: 1884748 ns
[2020-09-11T14:12:43.907+0000][1][safepoint    ] Safepoint "RevokeBias", Time since last: 94809 ns, Reaching safepoint: 1935440 ns, At safepoint: 29997 ns, Total: 1965437 ns
[2020-09-11T14:12:43.921+0000][1][safepoint    ] Safepoint "RevokeBias", Time since last: 13434544 ns, Reaching safepoint: 108555 ns, At safepoint: 38840 ns, Total: 147395 ns
[2020-09-11T14:12:43.921+0000][1][safepoint    ] Safepoint "RevokeBias", Time since last: 197940 ns, Reaching safepoint: 94330 ns, At safepoint: 28792 ns, Total: 123122 ns
[2020-09-11T14:12:43.948+0000][1][safepoint    ] Safepoint "RevokeBias", Time since last: 26084849 ns, Reaching safepoint: 248211 ns, At safepoint: 30253 ns, Total: 278464 ns
[2020-09-11T14:12:43.948+0000][1][safepoint    ] Safepoint "RevokeBias", Time since last: 79357 ns, Reaching safepoint: 90496 ns, At safepoint: 19991 ns, Total: 110487 ns
[2020-09-11T14:12:43.976+0000][1][safepoint    ] Safepoint "RevokeBias", Time since last: 28069496 ns, Reaching safepoint: 175124 ns, At safepoint: 38891 ns, Total: 214015 ns
[2020-09-11T14:12:43.984+0000][1][safepoint    ] Safepoint "RevokeBias", Time since last: 7446334 ns, Reaching safepoint: 104723 ns, At safepoint: 22167 ns, Total: 126890 ns
[2020-09-11T14:12:43.984+0000][1][safepoint    ] Safepoint "RevokeBias", Time since last: 166437 ns, Reaching safepoint: 92940 ns, At safepoint: 13277 ns, Total: 106217 ns
[2020-09-11T14:12:43.984+0000][1][safepoint    ] Safepoint "RevokeBias", Time since last: 136855 ns, Reaching safepoint: 94075 ns, At safepoint: 15566 ns, Total: 109641 ns
[2020-09-11T14:12:43.984+0000][1][safepoint    ] Safepoint "RevokeBias", Time since last: 49960 ns, Reaching safepoint: 85650 ns, At safepoint: 13989 ns, Total: 99639 ns
[2020-09-11T14:12:43.985+0000][1][safepoint    ] Safepoint "RevokeBias", Time since last: 36166 ns, Reaching safepoint: 84167 ns, At safepoint: 14258 ns, Total: 98425 ns
[2020-09-11T14:12:43.990+0000][1][safepoint    ] Safepoint "RevokeBias", Time since last: 4907110 ns, Reaching safepoint: 104893 ns, At safepoint: 20143 ns, Total: 125036 ns
[2020-09-11T14:12:43.990+0000][1][safepoint    ] Safepoint "RevokeBias", Time since last: 57471 ns, Reaching safepoint: 91642 ns, At safepoint: 14055 ns, Total: 105697 ns
[2020-09-11T14:12:43.990+0000][1][safepoint    ] Safepoint "RevokeBias", Time since last: 43968 ns, Reaching safepoint: 91102 ns, At safepoint: 15631 ns, Total: 106733 ns
[2020-09-11T14:12:43.997+0000][1][safepoint    ] Safepoint "RevokeBias", Time since last: 6619241 ns, Reaching safepoint: 105942 ns, At safepoint: 20618 ns, Total: 126560 ns
[2020-09-11T14:12:43.997+0000][1][safepoint    ] Safepoint "RevokeBias", Time since last: 56610 ns, Reaching safepoint: 93897 ns, At safepoint: 13354 ns, Total: 107251 ns
[2020-09-11T14:12:43.997+0000][1][safepoint    ] Safepoint "RevokeBias", Time since last: 40000 ns, Reaching safepoint: 90725 ns, At safepoint: 23702 ns, Total: 114427 ns
[2020-09-11T14:12:44.011+0000][1][safepoint    ] Safepoint "RevokeBias", Time since last: 6993493 ns, Reaching safepoint: 7468621 ns, At safepoint: 30009 ns, Total: 7498630 ns
[2020-09-11T14:12:44.015+0000][1][safepoint    ] Safepoint "RevokeBias", Time since last: 79058 ns, Reaching safepoint: 3883059 ns, At safepoint: 29951 ns, Total: 3913010 ns
[2020-09-11T14:12:44.139+0000][1][safepoint    ] Safepoint "RevokeBias", Time since last: 123417022 ns, Reaching safepoint: 110421 ns, At safepoint: 26678 ns, Total: 137099 ns
[2020-09-11T14:12:44.139+0000][1][safepoint    ] Safepoint "RevokeBias", Time since last: 57856 ns, Reaching safepoint: 84038 ns, At safepoint: 25343 ns, Total: 109381 ns
[2020-09-11T14:12:44.140+0000][1][safepoint    ] Safepoint "RevokeBias", Time since last: 213863 ns, Reaching safepoint: 82909 ns, At safepoint: 15299 ns, Total: 98208 ns
[2020-09-11T14:12:44.144+0000][1][safepoint    ] Safepoint "RevokeBias", Time since last: 4193350 ns, Reaching safepoint: 101580 ns, At safepoint: 27146 ns, Total: 128726 ns
[2020-09-11T14:12:44.144+0000][1][safepoint    ] Safepoint "RevokeBias", Time since last: 93520 ns, Reaching safepoint: 84953 ns, At safepoint: 15930 ns, Total: 100883 ns
[2020-09-11T14:12:44.144+0000][1][safepoint    ] Safepoint "RevokeBias", Time since last: 42174 ns, Reaching safepoint: 83042 ns, At safepoint: 14113 ns, Total: 97155 ns
[2020-09-11T14:12:44.154+0000][1][safepoint    ] Safepoint "RevokeBias", Time since last: 9380833 ns, Reaching safepoint: 119762 ns, At safepoint: 30989 ns, Total: 150751 ns
[2020-09-11T14:12:44.154+0000][1][safepoint    ] Safepoint "RevokeBias", Time since last: 509674 ns, Reaching safepoint: 87367 ns, At safepoint: 19242 ns, Total: 106609 ns
[2020-09-11T14:12:44.155+0000][1][safepoint    ] Safepoint "RevokeBias", Time since last: 572181 ns, Reaching safepoint: 84498 ns, At safepoint: 14501 ns, Total: 98999 ns
[2020-09-11T14:12:44.155+0000][1][safepoint    ] Safepoint "RevokeBias", Time since last: 125214 ns, Reaching safepoint: 81711 ns, At safepoint: 13087 ns, Total: 94798 ns
[2020-09-11T14:12:44.155+0000][1][safepoint    ] Safepoint "RevokeBias", Time since last: 111142 ns, Reaching safepoint: 104210 ns, At safepoint: 21902 ns, Total: 126112 ns
[2020-09-11T14:12:44.156+0000][1][safepoint    ] Safepoint "RevokeBias", Time since last: 38096 ns, Reaching safepoint: 83990 ns, At safepoint: 19094 ns, Total: 103084 ns
[2020-09-11T14:12:44.157+0000][1][safepoint    ] Safepoint "RevokeBias", Time since last: 864242 ns, Reaching safepoint: 86941 ns, At safepoint: 17255 ns, Total: 104196 ns
[2020-09-11T14:12:44.164+0000][1][safepoint    ] Safepoint "RevokeBias", Time since last: 7456404 ns, Reaching safepoint: 100148 ns, At safepoint: 15996 ns, Total: 116144 ns
[2020-09-11T14:12:44.164+0000][1][safepoint    ] Safepoint "RevokeBias", Time since last: 132972 ns, Reaching safepoint: 89190 ns, At safepoint: 12162 ns, Total: 101352 ns
[2020-09-11T14:12:44.165+0000][1][safepoint    ] Safepoint "RevokeBias", Time since last: 95775 ns, Reaching safepoint: 87256 ns, At safepoint: 19872 ns, Total: 107128 ns
[2020-09-11T14:12:44.218+0000][1][safepoint    ] Safepoint "RevokeBias", Time since last: 53443502 ns, Reaching safepoint: 157370 ns, At safepoint: 36272 ns, Total: 193642 ns
[2020-09-11T14:12:44.218+0000][1][safepoint    ] Safepoint "RevokeBias", Time since last: 64086 ns, Reaching safepoint: 95407 ns, At safepoint: 18844 ns, Total: 114251 ns
[2020-09-11T14:12:44.231+0000][1][safepoint    ] Safepoint "RevokeBias", Time since last: 7740320 ns, Reaching safepoint: 5314893 ns, At safepoint: 40350 ns, Total: 5355243 ns
[2020-09-11T14:12:44.254+0000][1][safepoint    ] Safepoint "RevokeBias", Time since last: 22087399 ns, Reaching safepoint: 185647 ns, At safepoint: 121460 ns, Total: 307107 ns
[2020-09-11T14:12:44.282+0000][1][safepoint    ] Safepoint "RevokeBias", Time since last: 27432810 ns, Reaching safepoint: 494596 ns, At safepoint: 43536 ns, Total: 538132 ns
[2020-09-11T14:12:44.296+0000][1][safepoint    ] Safepoint "RevokeBias", Time since last: 335426 ns, Reaching safepoint: 14056193 ns, At safepoint: 34752 ns, Total: 14090945 ns
[2020-09-11T14:12:44.298+0000][1][safepoint    ] Safepoint "RevokeBias", Time since last: 404087 ns, Reaching safepoint: 825202 ns, At safepoint: 37595 ns, Total: 862797 ns
[2020-09-11T14:12:44.298+0000][1][safepoint    ] Safepoint "RevokeBias", Time since last: 195173 ns, Reaching safepoint: 99732 ns, At safepoint: 19202 ns, Total: 118934 ns
[2020-09-11T14:12:44.298+0000][1][safepoint    ] Safepoint "RevokeBias", Time since last: 66238 ns, Reaching safepoint: 168271 ns, At safepoint: 18274 ns, Total: 186545 ns
[2020-09-11T14:12:44.305+0000][1][safepoint    ] Safepoint "RevokeBias", Time since last: 5562730 ns, Reaching safepoint: 1533703 ns, At safepoint: 42969 ns, Total: 1576672 ns
[2020-09-11T14:12:44.306+0000][1][safepoint    ] Safepoint "RevokeBias", Time since last: 860498 ns, Reaching safepoint: 102900 ns, At safepoint: 17790 ns, Total: 120690 ns
[2020-09-11T14:12:44.307+0000][1][safepoint    ] Safepoint "RevokeBias", Time since last: 41347 ns, Reaching safepoint: 1168692 ns, At safepoint: 16639 ns, Total: 1185331 ns
[2020-09-11T14:12:44.308+0000][1][safepoint    ] Safepoint "RevokeBias", Time since last: 226195 ns, Reaching safepoint: 97167 ns, At safepoint: 15213 ns, Total: 112380 ns
[2020-09-11T14:12:44.308+0000][1][safepoint    ] Safepoint "RevokeBias", Time since last: 35939 ns, Reaching safepoint: 92150 ns, At safepoint: 14218 ns, Total: 106368 ns
[2020-09-11T14:12:44.308+0000][1][safepoint    ] Safepoint "RevokeBias", Time since last: 31574 ns, Reaching safepoint: 90636 ns, At safepoint: 13630 ns, Total: 104266 ns
[2020-09-11T14:12:44.316+0000][1][safepoint    ] Safepoint "RevokeBias", Time since last: 7356075 ns, Reaching safepoint: 119887 ns, At safepoint: 23916 ns, Total: 143803 ns
[2020-09-11T14:12:44.327+0000][1][safepoint    ] Safepoint "RevokeBias", Time since last: 1926946 ns, Reaching safepoint: 9864149 ns, At safepoint: 60185 ns, Total: 9924334 ns
[2020-09-11T14:12:44.343+0000][1][safepoint    ] Safepoint "RevokeBias", Time since last: 608854 ns, Reaching safepoint: 14750741 ns, At safepoint: 23538 ns, Total: 14774279 ns
[2020-09-11T14:12:44.344+0000][1][safepoint    ] Safepoint "RevokeBias", Time since last: 663966 ns, Reaching safepoint: 98244 ns, At safepoint: 14441 ns, Total: 112685 ns
[2020-09-11T14:12:44.348+0000][1][safepoint    ] Safepoint "RevokeBias", Time since last: 4052135 ns, Reaching safepoint: 114892 ns, At safepoint: 27696 ns, Total: 142588 ns
[2020-09-11T14:12:44.348+0000][1][safepoint    ] Safepoint "RevokeBias", Time since last: 410387 ns, Reaching safepoint: 105207 ns, At safepoint: 32765 ns, Total: 137972 ns
[2020-09-11T14:12:44.348+0000][1][safepoint    ] Safepoint "RevokeBias", Time since last: 77334 ns, Reaching safepoint: 97638 ns, At safepoint: 14377 ns, Total: 112015 ns
[2020-09-11T14:12:44.353+0000][1][safepoint    ] Safepoint "RevokeBias", Time since last: 3920987 ns, Reaching safepoint: 97323 ns, At safepoint: 20014 ns, Total: 117337 ns
[2020-09-11T14:12:44.373+0000][1][safepoint    ] Safepoint "RevokeBias", Time since last: 11518144 ns, Reaching safepoint: 8448323 ns, At safepoint: 28001 ns, Total: 8476324 ns
[2020-09-11T14:12:44.374+0000][1][safepoint    ] Safepoint "RevokeBias", Time since last: 824452 ns, Reaching safepoint: 184396 ns, At safepoint: 20711 ns, Total: 205107 ns
[2020-09-11T14:12:44.384+0000][1][safepoint    ] Safepoint "RevokeBias", Time since last: 9870018 ns, Reaching safepoint: 114081 ns, At safepoint: 22615 ns, Total: 136696 ns
[2020-09-11T14:12:44.401+0000][1][safepoint    ] Safepoint "RevokeBias", Time since last: 16662197 ns, Reaching safepoint: 722256 ns, At safepoint: 32362 ns, Total: 754618 ns
[2020-09-11T14:12:44.416+0000][1][safepoint    ] Safepoint "RevokeBias", Time since last: 14444656 ns, Reaching safepoint: 121023 ns, At safepoint: 25638 ns, Total: 146661 ns
[2020-09-11T14:12:44.454+0000][1][safepoint    ] Safepoint "RevokeBias", Time since last: 38305124 ns, Reaching safepoint: 128545 ns, At safepoint: 24414 ns, Total: 152959 ns
[2020-09-11T14:12:44.454+0000][1][safepoint    ] Safepoint "RevokeBias", Time since last: 68101 ns, Reaching safepoint: 115494 ns, At safepoint: 17636 ns, Total: 133130 ns
[2020-09-11T14:12:44.454+0000][1][safepoint    ] Safepoint "RevokeBias", Time since last: 45385 ns, Reaching safepoint: 95802 ns, At safepoint: 14841 ns, Total: 110643 ns
[2020-09-11T14:12:44.455+0000][1][safepoint    ] Safepoint "RevokeBias", Time since last: 60639 ns, Reaching safepoint: 94442 ns, At safepoint: 13409 ns, Total: 107851 ns
[2020-09-11T14:12:44.460+0000][1][safepoint    ] Safepoint "RevokeBias", Time since last: 4890865 ns, Reaching safepoint: 103781 ns, At safepoint: 41567 ns, Total: 145348 ns
[2020-09-11T14:12:44.460+0000][1][safepoint    ] Safepoint "RevokeBias", Time since last: 50232 ns, Reaching safepoint: 95015 ns, At safepoint: 33451 ns, Total: 128466 ns
[2020-09-11T14:12:44.461+0000][1][safepoint    ] Safepoint "RevokeBias", Time since last: 1019409 ns, Reaching safepoint: 227647 ns, At safepoint: 26117 ns, Total: 253764 ns
[2020-09-11T14:12:44.585+0000][1][safepoint    ] Safepoint "RevokeBias", Time since last: 123535520 ns, Reaching safepoint: 126371 ns, At safepoint: 17708 ns, Total: 144079 ns
[2020-09-11T14:12:44.585+0000][1][safepoint    ] Safepoint "RevokeBias", Time since last: 501678 ns, Reaching safepoint: 93441 ns, At safepoint: 40978 ns, Total: 134419 ns
[2020-09-11T14:12:44.632+0000][1][safepoint    ] Safepoint "RevokeBias", Time since last: 46070103 ns, Reaching safepoint: 124272 ns, At safepoint: 81321 ns, Total: 205593 ns
[2020-09-11T14:12:44.880+0000][1][safepoint    ] Safepoint "RevokeBias", Time since last: 247772486 ns, Reaching safepoint: 108898 ns, At safepoint: 15090 ns, Total: 123988 ns
[2020-09-11T14:12:44.883+0000][1][safepoint    ] Safepoint "RevokeBias", Time since last: 3893027 ns, Reaching safepoint: 37708 ns, At safepoint: 16862 ns, Total: 54570 ns
[2020-09-11T14:12:44.884+0000][1][safepoint    ] Safepoint "RevokeBias", Time since last: 108434 ns, Reaching safepoint: 13230 ns, At safepoint: 8980 ns, Total: 22210 ns
[2020-09-11T14:12:44.884+0000][1][safepoint    ] Safepoint "RevokeBias", Time since last: 51615 ns, Reaching safepoint: 12540 ns, At safepoint: 11332 ns, Total: 23872 ns
[2020-09-11T14:12:44.885+0000][1][safepoint    ] Safepoint "RevokeBias", Time since last: 982414 ns, Reaching safepoint: 88434 ns, At safepoint: 11983 ns, Total: 100417 ns
[2020-09-11T14:12:44.893+0000][1][safepoint    ] Safepoint "RevokeBias", Time since last: 8013595 ns, Reaching safepoint: 115395 ns, At safepoint: 17371 ns, Total: 132766 ns
[2020-09-11T14:12:44.900+0000][1][safepoint    ] Safepoint "RevokeBias", Time since last: 7156351 ns, Reaching safepoint: 107471 ns, At safepoint: 16109 ns, Total: 123580 ns
[2020-09-11T14:12:45.068+0000][1][safepoint    ] Safepoint "RevokeBias", Time since last: 167222357 ns, Reaching safepoint: 121724 ns, At safepoint: 21403 ns, Total: 143127 ns
[2020-09-11T14:12:45.128+0000][1][safepoint    ] Safepoint "RevokeBias", Time since last: 58439810 ns, Reaching safepoint: 1442969 ns, At safepoint: 53408 ns, Total: 1496377 ns
[2020-09-11T14:12:45.128+0000][1][safepoint    ] Safepoint "RevokeBias", Time since last: 69531 ns, Reaching safepoint: 86981 ns, At safepoint: 25356 ns, Total: 112337 ns
[2020-09-11T14:12:45.133+0000][1][safepoint    ] Safepoint "RevokeBias", Time since last: 4821353 ns, Reaching safepoint: 112789 ns, At safepoint: 20214 ns, Total: 133003 ns
[2020-09-11T14:12:45.142+0000][1][safepoint    ] Safepoint "RevokeBias", Time since last: 6783014 ns, Reaching safepoint: 3000893 ns, At safepoint: 58894 ns, Total: 3059787 ns
[2020-09-11T14:12:45.248+0000][1][safepoint    ] Safepoint "RevokeBias", Time since last: 105307005 ns, Reaching safepoint: 106892 ns, At safepoint: 15295 ns, Total: 122187 ns
[2020-09-11T14:12:45.250+0000][1][safepoint    ] Safepoint "RevokeBias", Time since last: 2355811 ns, Reaching safepoint: 31874 ns, At safepoint: 12917 ns, Total: 44791 ns
[2020-09-11T14:12:45.251+0000][1][safepoint    ] Safepoint "RevokeBias", Time since last: 211641 ns, Reaching safepoint: 14285 ns, At safepoint: 9107 ns, Total: 23392 ns
[2020-09-11T14:12:45.258+0000][1][safepoint    ] Safepoint "RevokeBias", Time since last: 7095879 ns, Reaching safepoint: 113459 ns, At safepoint: 14991 ns, Total: 128450 ns
[2020-09-11T14:12:45.310+0000][1][safepoint    ] Safepoint "RevokeBias", Time since last: 52408951 ns, Reaching safepoint: 115947 ns, At safepoint: 20514 ns, Total: 136461 ns
[2020-09-11T14:12:45.320+0000][1][safepoint    ] Safepoint "RevokeBias", Time since last: 9785282 ns, Reaching safepoint: 123676 ns, At safepoint: 20297 ns, Total: 143973 ns
[2020-09-11T14:12:45.320+0000][1][safepoint    ] Safepoint "RevokeBias", Time since last: 67668 ns, Reaching safepoint: 84666 ns, At safepoint: 12444 ns, Total: 97110 ns
[2020-09-11T14:12:45.381+0000][1][safepoint    ] Safepoint "BulkRevokeBias", Time since last: 60021858 ns, Reaching safepoint: 113477 ns, At safepoint: 149017 ns, Total: 262494 ns
[2020-09-11T14:12:45.447+0000][1][safepoint    ] Safepoint "RevokeBias", Time since last: 66054652 ns, Reaching safepoint: 346192 ns, At safepoint: 24041 ns, Total: 370233 ns
[2020-09-11T14:12:45.477+0000][1][safepoint    ] Safepoint "RevokeBias", Time since last: 30037043 ns, Reaching safepoint: 121443 ns, At safepoint: 35698 ns, Total: 157141 ns
[2020-09-11T14:12:45.568+0000][1][safepoint    ] Safepoint "RevokeBias", Time since last: 90562020 ns, Reaching safepoint: 38352 ns, At safepoint: 15703 ns, Total: 54055 ns
[2020-09-11T14:12:45.569+0000][1][safepoint    ] Safepoint "RevokeBias", Time since last: 630373 ns, Reaching safepoint: 28882 ns, At safepoint: 12568 ns, Total: 41450 ns
[2020-09-11T14:12:45.600+0000][1][safepoint    ] Safepoint "RevokeBias", Time since last: 31414153 ns, Reaching safepoint: 111941 ns, At safepoint: 43626 ns, Total: 155567 ns
[2020-09-11T14:12:45.601+0000][1][safepoint    ] Safepoint "RevokeBias", Time since last: 801764 ns, Reaching safepoint: 101750 ns, At safepoint: 12729 ns, Total: 114479 ns
[2020-09-11T14:12:45.623+0000][1][safepoint    ] Safepoint "RevokeBias", Time since last: 21929302 ns, Reaching safepoint: 107247 ns, At safepoint: 23732 ns, Total: 130979 ns
[2020-09-11T14:12:45.624+0000][1][safepoint    ] Safepoint "RevokeBias", Time since last: 1081867 ns, Reaching safepoint: 100695 ns, At safepoint: 13269 ns, Total: 113964 ns
[2020-09-11T14:12:45.646+0000][1][safepoint    ] Safepoint "RevokeBias", Time since last: 21867521 ns, Reaching safepoint: 266498 ns, At safepoint: 22090 ns, Total: 288588 ns
[2020-09-11T14:12:45.680+0000][1][safepoint    ] Safepoint "RevokeBias", Time since last: 32971983 ns, Reaching safepoint: 115059 ns, At safepoint: 35546 ns, Total: 150605 ns
[2020-09-11T14:12:45.696+0000][1][safepoint    ] Safepoint "RevokeBias", Time since last: 16172737 ns, Reaching safepoint: 37776 ns, At safepoint: 19499 ns, Total: 57275 ns
[2020-09-11T14:12:45.696+0000][1][safepoint    ] Safepoint "RevokeBias", Time since last: 433422 ns, Reaching safepoint: 28827 ns, At safepoint: 16109 ns, Total: 44936 ns
[2020-09-11T14:12:45.697+0000][1][safepoint    ] Safepoint "RevokeBias", Time since last: 505272 ns, Reaching safepoint: 26163 ns, At safepoint: 11733 ns, Total: 37896 ns
[2020-09-11T14:12:45.697+0000][1][safepoint    ] Safepoint "RevokeBias", Time since last: 178777 ns, Reaching safepoint: 21848 ns, At safepoint: 8940 ns, Total: 30788 ns
[2020-09-11T14:12:45.697+0000][1][safepoint    ] Safepoint "RevokeBias", Time since last: 106491 ns, Reaching safepoint: 20650 ns, At safepoint: 18718 ns, Total: 39368 ns
[2020-09-11T14:12:45.697+0000][1][safepoint    ] Safepoint "RevokeBias", Time since last: 79546 ns, Reaching safepoint: 18348 ns, At safepoint: 8905 ns, Total: 27253 ns
[2020-09-11T14:12:45.698+0000][1][safepoint    ] Safepoint "RevokeBias", Time since last: 145843 ns, Reaching safepoint: 17381 ns, At safepoint: 8836 ns, Total: 26217 ns
[2020-09-11T14:12:45.698+0000][1][safepoint    ] Safepoint "RevokeBias", Time since last: 133717 ns, Reaching safepoint: 17090 ns, At safepoint: 8439 ns, Total: 25529 ns
[2020-09-11T14:12:45.698+0000][1][safepoint    ] Safepoint "RevokeBias", Time since last: 75037 ns, Reaching safepoint: 15590 ns, At safepoint: 8988 ns, Total: 24578 ns
[2020-09-11T14:12:45.703+0000][1][safepoint    ] Safepoint "RevokeBias", Time since last: 5645079 ns, Reaching safepoint: 40087 ns, At safepoint: 19195 ns, Total: 59282 ns
[2020-09-11T14:12:45.704+0000][1][safepoint    ] Safepoint "RevokeBias", Time since last: 307984 ns, Reaching safepoint: 26965 ns, At safepoint: 12348 ns, Total: 39313 ns
[2020-09-11T14:12:45.704+0000][1][safepoint    ] Safepoint "RevokeBias", Time since last: 190588 ns, Reaching safepoint: 23681 ns, At safepoint: 10900 ns, Total: 34581 ns
[2020-09-11T14:12:45.704+0000][1][safepoint    ] Safepoint "RevokeBias", Time since last: 124129 ns, Reaching safepoint: 20927 ns, At safepoint: 9901 ns, Total: 30828 ns
[2020-09-11T14:12:45.704+0000][1][safepoint    ] Safepoint "RevokeBias", Time since last: 90993 ns, Reaching safepoint: 19249 ns, At safepoint: 9969 ns, Total: 29218 ns
[2020-09-11T14:12:45.705+0000][1][safepoint    ] Safepoint "RevokeBias", Time since last: 156338 ns, Reaching safepoint: 18320 ns, At safepoint: 10113 ns, Total: 28433 ns
[2020-09-11T14:12:45.705+0000][1][safepoint    ] Safepoint "RevokeBias", Time since last: 141205 ns, Reaching safepoint: 16980 ns, At safepoint: 17422 ns, Total: 34402 ns
[2020-09-11T14:12:45.705+0000][1][safepoint    ] Safepoint "RevokeBias", Time since last: 77980 ns, Reaching safepoint: 16151 ns, At safepoint: 16542 ns, Total: 32693 ns
[2020-09-11T14:12:45.705+0000][1][safepoint    ] Safepoint "RevokeBias", Time since last: 72838 ns, Reaching safepoint: 16179 ns, At safepoint: 16372 ns, Total: 32551 ns
[2020-09-11T14:12:45.707+0000][1][safepoint    ] Safepoint "RevokeBias", Time since last: 2517646 ns, Reaching safepoint: 23218 ns, At safepoint: 23076 ns, Total: 46294 ns
[2020-09-11T14:12:45.709+0000][1][safepoint    ] Safepoint "BulkRevokeBias", Time since last: 172328 ns, Reaching safepoint: 17832 ns, At safepoint: 1393962 ns, Total: 1411794 ns
[2020-09-11T14:12:45.714+0000][1][safepoint    ] Safepoint "BulkRevokeBias", Time since last: 21971 ns, Reaching safepoint: 19666 ns, At safepoint: 4890178 ns, Total: 4909844 ns
[2020-09-11T14:12:45.714+0000][1][safepoint    ] Safepoint "RevokeBias", Time since last: 38637 ns, Reaching safepoint: 37525 ns, At safepoint: 30154 ns, Total: 67679 ns
[2020-09-11T14:12:45.715+0000][1][safepoint    ] Safepoint "RevokeBias", Time since last: 1332152 ns, Reaching safepoint: 29682 ns, At safepoint: 23267 ns, Total: 52949 ns
[2020-09-11T14:12:45.727+0000][1][safepoint    ] Safepoint "RevokeBias", Time since last: 11649763 ns, Reaching safepoint: 115189 ns, At safepoint: 33934 ns, Total: 149123 ns
[2020-09-11T14:12:45.732+0000][1][safepoint    ] Safepoint "RevokeBias", Time since last: 4162959 ns, Reaching safepoint: 110901 ns, At safepoint: 21949 ns, Total: 132850 ns
[2020-09-11T14:12:45.737+0000][1][safepoint    ] Safepoint "RevokeBias", Time since last: 5649382 ns, Reaching safepoint: 108431 ns, At safepoint: 30228 ns, Total: 138659 ns
[2020-09-11T14:12:45.744+0000][1][safepoint    ] Safepoint "RevokeBias", Time since last: 6068913 ns, Reaching safepoint: 113636 ns, At safepoint: 22875 ns, Total: 136511 ns
[2020-09-11T14:12:45.782+0000][1][safepoint    ] Safepoint "RevokeBias", Time since last: 28506198 ns, Reaching safepoint: 9470693 ns, At safepoint: 25982 ns, Total: 9496675 ns
[2020-09-11T14:12:45.782+0000][1][safepoint    ] Safepoint "RevokeBias", Time since last: 673962 ns, Reaching safepoint: 110956 ns, At safepoint: 15397 ns, Total: 126353 ns
[2020-09-11T14:12:45.872+0000][1][safepoint    ] Safepoint "RevokeBias", Time since last: 89756910 ns, Reaching safepoint: 131056 ns, At safepoint: 37320 ns, Total: 168376 ns
[2020-09-11T14:12:46.120+0000][1][safepoint    ] Safepoint "RevokeBias", Time since last: 247130334 ns, Reaching safepoint: 667383 ns, At safepoint: 35945 ns, Total: 703328 ns
[2020-09-11T14:12:46.125+0000][1][safepoint    ] Safepoint "RevokeBias", Time since last: 4314758 ns, Reaching safepoint: 109518 ns, At safepoint: 32500 ns, Total: 142018 ns
[2020-09-11T14:12:46.184+0000][1][safepoint    ] Safepoint "RevokeBias", Time since last: 59086439 ns, Reaching safepoint: 119303 ns, At safepoint: 38068 ns, Total: 157371 ns
[2020-09-11T14:12:46.399+0000][1][safepoint    ] Safepoint "RevokeBias", Time since last: 215292135 ns, Reaching safepoint: 129499 ns, At safepoint: 20490 ns, Total: 149989 ns
[2020-09-11T14:12:46.430+0000][1][safepoint    ] Safepoint "RevokeBias", Time since last: 30189608 ns, Reaching safepoint: 111673 ns, At safepoint: 39806 ns, Total: 151479 ns
[2020-09-11T14:12:46.556+0000][1][gc,start     ] GC(65) Pause Young (Allocation Failure)
[2020-09-11T14:12:46.556+0000][1][gc,task      ] GC(65) Using 1 workers of 1 for evacuation
[2020-09-11T14:12:46.765+0000][1][gc,age       ] GC(65) Desired survivor size 4358144 bytes, new threshold 2 (max threshold 6)
[2020-09-11T14:12:46.765+0000][1][gc,age       ] GC(65) Age table with threshold 2 (max threshold 6)
[2020-09-11T14:12:46.765+0000][1][gc,age       ] GC(65) - age   1:    2643432 bytes,    2643432 total
[2020-09-11T14:12:46.765+0000][1][gc,age       ] GC(65) - age   2:    3469688 bytes,    6113120 total
[2020-09-11T14:12:46.765+0000][1][gc,heap      ] GC(65) ParNew: 75878K->6067K(76672K)
[2020-09-11T14:12:46.765+0000][1][gc,heap      ] GC(65) CMS: 55707K->59098K(439104K)
[2020-09-11T14:12:46.765+0000][1][gc,metaspace ] GC(65) Metaspace: 73640K->73640K(1118208K)
[2020-09-11T14:12:46.765+0000][1][gc           ] GC(65) Pause Young (Allocation Failure) 128M->63M(503M) 209.364ms
[2020-09-11T14:12:46.765+0000][1][gc,cpu       ] GC(65) User=0.07s Sys=0.00s Real=0.21s
[2020-09-11T14:12:46.787+0000][1][safepoint    ] Safepoint "GenCollectForAllocation", Time since last: 126070690 ns, Reaching safepoint: 122345 ns, At safepoint: 231314504 ns, Total: 231436849 ns
[2020-09-11T14:12:47.038+0000][1][safepoint    ] Safepoint "RevokeBias", Time since last: 248505357 ns, Reaching safepoint: 2074576 ns, At safepoint: 66098 ns, Total: 2140674 ns
[2020-09-11T14:12:47.044+0000][1][safepoint    ] Safepoint "RevokeBias", Time since last: 1018695 ns, Reaching safepoint: 4803008 ns, At safepoint: 69234 ns, Total: 4872242 ns
[2020-09-11T14:12:47.044+0000][1][safepoint    ] Safepoint "RevokeBias", Time since last: 307426 ns, Reaching safepoint: 94095 ns, At safepoint: 51677 ns, Total: 145772 ns
[2020-09-11T14:12:47.069+0000][1][safepoint    ] Safepoint "RevokeBias", Time since last: 24742127 ns, Reaching safepoint: 117247 ns, At safepoint: 109089 ns, Total: 226336 ns
[2020-09-11T14:12:47.380+0000][1][safepoint    ] Safepoint "RevokeBias", Time since last: 310348416 ns, Reaching safepoint: 122477 ns, At safepoint: 16630 ns, Total: 139107 ns
[2020-09-11T14:12:47.406+0000][1][safepoint    ] Safepoint "RevokeBias", Time since last: 15877899 ns, Reaching safepoint: 10717345 ns, At safepoint: 21849 ns, Total: 10739194 ns
[2020-09-11T14:12:47.418+0000][1][safepoint    ] Safepoint "RevokeBias", Time since last: 11654968 ns, Reaching safepoint: 119184 ns, At safepoint: 15731 ns, Total: 134915 ns
[2020-09-11T14:12:47.680+0000][1][safepoint    ] Safepoint "RevokeBias", Time since last: 262219080 ns, Reaching safepoint: 125235 ns, At safepoint: 18475 ns, Total: 143710 ns
[2020-09-11T14:12:47.681+0000][1][safepoint    ] Safepoint "RevokeBias", Time since last: 596645 ns, Reaching safepoint: 100065 ns, At safepoint: 13031 ns, Total: 113096 ns
[2020-09-11T14:12:47.682+0000][1][safepoint    ] Safepoint "RevokeBias", Time since last: 476734 ns, Reaching safepoint: 96162 ns, At safepoint: 11378 ns, Total: 107540 ns
[2020-09-11T14:12:47.684+0000][1][safepoint    ] Safepoint "RevokeBias", Time since last: 1794825 ns, Reaching safepoint: 97863 ns, At safepoint: 12084 ns, Total: 109947 ns
[2020-09-11T14:12:48.251+0000][1][safepoint    ] Safepoint "RevokeBias", Time since last: 567032097 ns, Reaching safepoint: 126787 ns, At safepoint: 19926 ns, Total: 146713 ns
[2020-09-11T14:12:48.340+0000][1][safepoint    ] Safepoint "RevokeBias", Time since last: 89030093 ns, Reaching safepoint: 113844 ns, At safepoint: 14343 ns, Total: 128187 ns
[2020-09-11T14:12:48.344+0000][1][safepoint    ] Safepoint "RevokeBias", Time since last: 3818622 ns, Reaching safepoint: 36826 ns, At safepoint: 16031 ns, Total: 52857 ns
[2020-09-11T14:12:48.345+0000][1][safepoint    ] Safepoint "RevokeBias", Time since last: 874347 ns, Reaching safepoint: 93098 ns, At safepoint: 10397 ns, Total: 103495 ns
[2020-09-11T14:12:48.487+0000][1][safepoint    ] Safepoint "RevokeBias", Time since last: 141983409 ns, Reaching safepoint: 121537 ns, At safepoint: 16492 ns, Total: 138029 ns
[2020-09-11T14:12:48.727+0000][1][safepoint    ] Safepoint "RevokeBias", Time since last: 240343677 ns, Reaching safepoint: 113360 ns, At safepoint: 22605 ns, Total: 135965 ns
[2020-09-11T14:12:48.751+0000][1][safepoint    ] Safepoint "RevokeBias", Time since last: 16131732 ns, Reaching safepoint: 7146081 ns, At safepoint: 54004 ns, Total: 7200085 ns
[2020-09-11T14:12:48.785+0000][1][safepoint    ] Safepoint "RevokeBias", Time since last: 28801168 ns, Reaching safepoint: 5081350 ns, At safepoint: 21787 ns, Total: 5103137 ns
[2020-09-11T14:12:48.928+0000][1][safepoint    ] Safepoint "RevokeBias", Time since last: 143562060 ns, Reaching safepoint: 128817 ns, At safepoint: 58374 ns, Total: 187191 ns
[2020-09-11T14:12:48.929+0000][1][safepoint    ] Safepoint "RevokeBias", Time since last: 231117 ns, Reaching safepoint: 109234 ns, At safepoint: 35940 ns, Total: 145174 ns
[2020-09-11T14:12:48.938+0000][1][safepoint    ] Safepoint "RevokeBias", Time since last: 9390652 ns, Reaching safepoint: 202638 ns, At safepoint: 66528 ns, Total: 269166 ns
[2020-09-11T14:12:48.944+0000][1][safepoint    ] Safepoint "RevokeBias", Time since last: 5236666 ns, Reaching safepoint: 122372 ns, At safepoint: 46114 ns, Total: 168486 ns
[2020-09-11T14:12:48.944+0000][1][safepoint    ] Safepoint "RevokeBias", Time since last: 265248 ns, Reaching safepoint: 110815 ns, At safepoint: 36520 ns, Total: 147335 ns
[2020-09-11T14:12:48.944+0000][1][safepoint    ] Safepoint "RevokeBias", Time since last: 120163 ns, Reaching safepoint: 103367 ns, At safepoint: 31565 ns, Total: 134932 ns
[2020-09-11T14:12:48.952+0000][1][safepoint    ] Safepoint "RevokeBias", Time since last: 177642 ns, Reaching safepoint: 6886427 ns, At safepoint: 58351 ns, Total: 6944778 ns
[2020-09-11T14:12:48.952+0000][1][safepoint    ] Safepoint "RevokeBias", Time since last: 290896 ns, Reaching safepoint: 110999 ns, At safepoint: 38447 ns, Total: 149446 ns
[2020-09-11T14:12:48.952+0000][1][safepoint    ] Safepoint "RevokeBias", Time since last: 234417 ns, Reaching safepoint: 124960 ns, At safepoint: 47110 ns, Total: 172070 ns
[2020-09-11T14:12:48.961+0000][1][safepoint    ] Safepoint "RevokeBias", Time since last: 8973414 ns, Reaching safepoint: 114851 ns, At safepoint: 30376 ns, Total: 145227 ns
[2020-09-11T14:12:48.962+0000][1][safepoint    ] Safepoint "RevokeBias", Time since last: 282876 ns, Reaching safepoint: 105753 ns, At safepoint: 23093 ns, Total: 128846 ns
[2020-09-11T14:12:48.966+0000][1][safepoint    ] Safepoint "RevokeBias", Time since last: 3704528 ns, Reaching safepoint: 109921 ns, At safepoint: 23631 ns, Total: 133552 ns
[2020-09-11T14:12:48.993+0000][1][safepoint    ] Safepoint "BulkRevokeBias", Time since last: 27379196 ns, Reaching safepoint: 114616 ns, At safepoint: 163758 ns, Total: 278374 ns
[2020-09-11T14:12:49.019+0000][1][safepoint    ] Safepoint "RevokeBias", Time since last: 25670895 ns, Reaching safepoint: 113449 ns, At safepoint: 21132 ns, Total: 134581 ns
[2020-09-11T14:12:49.022+0000][1][safepoint    ] Safepoint "RevokeBias", Time since last: 2461842 ns, Reaching safepoint: 37629 ns, At safepoint: 14691 ns, Total: 52320 ns
[2020-09-11T14:12:49.022+0000][1][safepoint    ] Safepoint "RevokeBias", Time since last: 150697 ns, Reaching safepoint: 27793 ns, At safepoint: 11613 ns, Total: 39406 ns
[2020-09-11T14:12:49.022+0000][1][safepoint    ] Safepoint "RevokeBias", Time since last: 186011 ns, Reaching safepoint: 26907 ns, At safepoint: 10882 ns, Total: 37789 ns
[2020-09-11T14:12:49.027+0000][1][safepoint    ] Safepoint "RevokeBias", Time since last: 4436818 ns, Reaching safepoint: 33368 ns, At safepoint: 13278 ns, Total: 46646 ns
[2020-09-11T14:12:49.027+0000][1][safepoint    ] Safepoint "RevokeBias", Time since last: 119560 ns, Reaching safepoint: 22913 ns, At safepoint: 10144 ns, Total: 33057 ns
[2020-09-11T14:12:49.029+0000][1][safepoint    ] Safepoint "RevokeBias", Time since last: 2334257 ns, Reaching safepoint: 179992 ns, At safepoint: 15473 ns, Total: 195465 ns
[2020-09-11T14:12:49.030+0000][1][safepoint    ] Safepoint "RevokeBias", Time since last: 789317 ns, Reaching safepoint: 24371 ns, At safepoint: 10739 ns, Total: 35110 ns
[2020-09-11T14:12:49.039+0000][1][safepoint    ] Safepoint "BulkRevokeBias", Time since last: 8631400 ns, Reaching safepoint: 117815 ns, At safepoint: 209038 ns, Total: 326853 ns
[2020-09-11T14:12:49.039+0000][1][safepoint    ] Safepoint "RevokeBias", Time since last: 181227 ns, Reaching safepoint: 100678 ns, At safepoint: 38707 ns, Total: 139385 ns
[2020-09-11T14:12:49.066+0000][1][safepoint    ] Safepoint "BulkRevokeBias", Time since last: 12021626 ns, Reaching safepoint: 14324294 ns, At safepoint: 230555 ns, Total: 14554849 ns
[2020-09-11T14:12:50.012+0000][1][safepoint    ] Safepoint "RevokeBias", Time since last: 946096224 ns, Reaching safepoint: 127590 ns, At safepoint: 16424 ns, Total: 144014 ns
[2020-09-11T14:12:50.172+0000][1][safepoint    ] Safepoint "RevokeBias", Time since last: 159028718 ns, Reaching safepoint: 809136 ns, At safepoint: 25515 ns, Total: 834651 ns
[2020-09-11T14:12:50.172+0000][1][safepoint    ] Safepoint "RevokeBias", Time since last: 72291 ns, Reaching safepoint: 104337 ns, At safepoint: 16956 ns, Total: 121293 ns
[2020-09-11T14:12:50.729+0000][1][safepoint    ] Safepoint "RevokeBias", Time since last: 556857117 ns, Reaching safepoint: 148790 ns, At safepoint: 20919 ns, Total: 169709 ns
[2020-09-11T14:12:50.729+0000][1][safepoint    ] Safepoint "RevokeBias", Time since last: 77603 ns, Reaching safepoint: 87845 ns, At safepoint: 12798 ns, Total: 100643 ns
[2020-09-11T14:12:51.069+0000][1][safepoint    ] Safepoint "RevokeBias", Time since last: 339371841 ns, Reaching safepoint: 141437 ns, At safepoint: 21742 ns, Total: 163179 ns
[2020-09-11T14:12:51.076+0000][1][safepoint    ] Safepoint "RevokeBias", Time since last: 6806321 ns, Reaching safepoint: 112015 ns, At safepoint: 18349 ns, Total: 130364 ns
[2020-09-11T14:12:51.076+0000][1][safepoint    ] Safepoint "RevokeBias", Time since last: 219634 ns, Reaching safepoint: 91171 ns, At safepoint: 13691 ns, Total: 104862 ns
[2020-09-11T14:12:51.875+0000][1][safepoint    ] Safepoint "RevokeBias", Time since last: 797832152 ns, Reaching safepoint: 950630 ns, At safepoint: 21968 ns, Total: 972598 ns
[2020-09-11T14:12:52.016+0000][1][safepoint    ] Safepoint "RevokeBias", Time since last: 140737924 ns, Reaching safepoint: 130903 ns, At safepoint: 20902 ns, Total: 151805 ns
[2020-09-11T14:12:52.016+0000][1][safepoint    ] Safepoint "RevokeBias", Time since last: 163217 ns, Reaching safepoint: 88037 ns, At safepoint: 12490 ns, Total: 100527 ns
[2020-09-11T14:12:52.016+0000][1][safepoint    ] Safepoint "RevokeBias", Time since last: 34817 ns, Reaching safepoint: 94289 ns, At safepoint: 12686 ns, Total: 106975 ns
[2020-09-11T14:12:52.083+0000][1][safepoint    ] Safepoint "RevokeBias", Time since last: 66783472 ns, Reaching safepoint: 138735 ns, At safepoint: 16494 ns, Total: 155229 ns
[2020-09-11T14:12:52.380+0000][1][gc,start     ] GC(66) Pause Young (Allocation Failure)
[2020-09-11T14:12:52.381+0000][1][gc,task      ] GC(66) Using 1 workers of 1 for evacuation
[2020-09-11T14:12:52.513+0000][1][gc,age       ] GC(66) Desired survivor size 4358144 bytes, new threshold 6 (max threshold 6)
[2020-09-11T14:12:52.513+0000][1][gc,age       ] GC(66) Age table with threshold 6 (max threshold 6)
[2020-09-11T14:12:52.513+0000][1][gc,age       ] GC(66) - age   1:     903656 bytes,     903656 total
[2020-09-11T14:12:52.513+0000][1][gc,age       ] GC(66) - age   2:    2166824 bytes,    3070480 total
[2020-09-11T14:12:52.514+0000][1][gc,heap      ] GC(66) ParNew: 74227K->5994K(76672K)
[2020-09-11T14:12:52.514+0000][1][gc,heap      ] GC(66) CMS: 59098K->62623K(439104K)
[2020-09-11T14:12:52.514+0000][1][gc,metaspace ] GC(66) Metaspace: 74600K->74600K(1118208K)
[2020-09-11T14:12:52.514+0000][1][gc           ] GC(66) Pause Young (Allocation Failure) 130M->67M(503M) 133.074ms
[2020-09-11T14:12:52.514+0000][1][gc,cpu       ] GC(66) User=0.04s Sys=0.00s Real=0.13s
[2020-09-11T14:12:52.563+0000][1][safepoint    ] Safepoint "GenCollectForAllocation", Time since last: 297007350 ns, Reaching safepoint: 139063 ns, At safepoint: 182970234 ns, Total: 183109297 ns
[2020-09-11T14:12:52.576+0000][1][safepoint    ] Safepoint "RevokeBias", Time since last: 12150400 ns, Reaching safepoint: 122564 ns, At safepoint: 17878 ns, Total: 140442 ns
[2020-09-11T14:12:52.604+0000][1][safepoint    ] Safepoint "RevokeBias", Time since last: 27701390 ns, Reaching safepoint: 124000 ns, At safepoint: 16340 ns, Total: 140340 ns
[2020-09-11T14:12:52.605+0000][1][safepoint    ] Safepoint "RevokeBias", Time since last: 1546460 ns, Reaching safepoint: 101715 ns, At safepoint: 12150 ns, Total: 113865 ns
[2020-09-11T14:12:52.621+0000][1][safepoint    ] Safepoint "RevokeBias", Time since last: 15419377 ns, Reaching safepoint: 118938 ns, At safepoint: 18420 ns, Total: 137358 ns
[2020-09-11T14:12:53.514+0000][1][safepoint    ] Safepoint "RevokeBias", Time since last: 892731210 ns, Reaching safepoint: 56642 ns, At safepoint: 10726 ns, Total: 67368 ns
[2020-09-11T14:12:53.560+0000][1][safepoint    ] Safepoint "RevokeBias", Time since last: 45848320 ns, Reaching safepoint: 133493 ns, At safepoint: 9769 ns, Total: 143262 ns
[2020-09-11T14:12:53.560+0000][1][safepoint    ] Safepoint "RevokeBias", Time since last: 325303 ns, Reaching safepoint: 20397 ns, At safepoint: 4648 ns, Total: 25045 ns
[2020-09-11T14:12:53.560+0000][1][safepoint    ] Safepoint "RevokeBias", Time since last: 39430 ns, Reaching safepoint: 16884 ns, At safepoint: 3998 ns, Total: 20882 ns
[2020-09-11T14:12:53.560+0000][1][safepoint    ] Safepoint "RevokeBias", Time since last: 170646 ns, Reaching safepoint: 18771 ns, At safepoint: 4317 ns, Total: 23088 ns
[2020-09-11T14:12:53.563+0000][1][safepoint    ] Safepoint "RevokeBias", Time since last: 3222378 ns, Reaching safepoint: 21680 ns, At safepoint: 6201 ns, Total: 27881 ns
[2020-09-11T14:12:53.564+0000][1][safepoint    ] Safepoint "RevokeBias", Time since last: 246583 ns, Reaching safepoint: 46497 ns, At safepoint: 5350 ns, Total: 51847 ns
[2020-09-11T14:12:53.596+0000][1][safepoint    ] Safepoint "RevokeBias", Time since last: 31700802 ns, Reaching safepoint: 133155 ns, At safepoint: 9834 ns, Total: 142989 ns
[2020-09-11T14:12:53.596+0000][1][safepoint    ] Safepoint "RevokeBias", Time since last: 78275 ns, Reaching safepoint: 21953 ns, At safepoint: 4392 ns, Total: 26345 ns
[2020-09-11T14:12:53.927+0000][1][safepoint    ] Safepoint "Deoptimize", Time since last: 330482537 ns, Reaching safepoint: 123895 ns, At safepoint: 409393 ns, Total: 533288 ns
[2020-09-11T14:12:54.251+0000][1][safepoint    ] Safepoint "RevokeBias", Time since last: 323869168 ns, Reaching safepoint: 137695 ns, At safepoint: 8849 ns, Total: 146544 ns
[2020-09-11T14:12:54.251+0000][1][safepoint    ] Safepoint "RevokeBias", Time since last: 66212 ns, Reaching safepoint: 89792 ns, At safepoint: 5312 ns, Total: 95104 ns
[2020-09-11T14:12:54.288+0000][1][safepoint    ] Safepoint "RevokeBias", Time since last: 35538488 ns, Reaching safepoint: 1124283 ns, At safepoint: 13437 ns, Total: 1137720 ns
[2020-09-11T14:12:54.289+0000][1][safepoint    ] Safepoint "BulkRevokeBias", Time since last: 104284 ns, Reaching safepoint: 1159932 ns, At safepoint: 136754 ns, Total: 1296686 ns
[2020-09-11T14:12:54.289+0000][1][safepoint    ] Safepoint "RevokeBias", Time since last: 68845 ns, Reaching safepoint: 392687 ns, At safepoint: 8214 ns, Total: 400901 ns
[2020-09-11T14:12:54.296+0000][1][safepoint    ] Safepoint "RevokeBias", Time since last: 6028905 ns, Reaching safepoint: 128643 ns, At safepoint: 10462 ns, Total: 139105 ns
[2020-09-11T14:12:54.332+0000][1][safepoint    ] Safepoint "RevokeBias", Time since last: 36374569 ns, Reaching safepoint: 117463 ns, At safepoint: 8872 ns, Total: 126335 ns
[2020-09-11T14:12:54.332+0000][1][safepoint    ] Safepoint "BulkRevokeBias", Time since last: 94536 ns, Reaching safepoint: 31724 ns, At safepoint: 131329 ns, Total: 163053 ns
[2020-09-11T14:12:54.333+0000][1][safepoint    ] Safepoint "RevokeBias", Time since last: 210607 ns, Reaching safepoint: 28799 ns, At safepoint: 5893 ns, Total: 34692 ns
[2020-09-11T14:12:54.575+0000][1][safepoint    ] Safepoint "RevokeBias", Time since last: 242118701 ns, Reaching safepoint: 128827 ns, At safepoint: 7936 ns, Total: 136763 ns
[2020-09-11T14:12:54.624+0000][1][safepoint    ] Safepoint "RevokeBias", Time since last: 48566183 ns, Reaching safepoint: 140249 ns, At safepoint: 10701 ns, Total: 150950 ns
[2020-09-11T14:12:54.624+0000][1][safepoint    ] Safepoint "RevokeBias", Time since last: 842952 ns, Reaching safepoint: 34498 ns, At safepoint: 6259 ns, Total: 40757 ns
[2020-09-11T14:12:55.628+0000][1][safepoint    ] Safepoint "Cleanup", Time since last: 1000088007 ns, Reaching safepoint: 2957696 ns, At safepoint: 16817 ns, Total: 2974513 ns
[2020-09-11T14:12:56.418+0000][1][safepoint    ] Safepoint "RevokeBias", Time since last: 790656278 ns, Reaching safepoint: 47179 ns, At safepoint: 8138 ns, Total: 55317 ns
[2020-09-11T14:12:56.419+0000][1][safepoint    ] Safepoint "RevokeBias", Time since last: 609434 ns, Reaching safepoint: 24577 ns, At safepoint: 6451 ns, Total: 31028 ns
[2020-09-11T14:12:57.431+0000][1][safepoint    ] Safepoint "Cleanup", Time since last: 1005078377 ns, Reaching safepoint: 7537179 ns, At safepoint: 20096 ns, Total: 7557275 ns
[2020-09-11T14:12:58.432+0000][1][safepoint    ] Safepoint "Cleanup", Time since last: 1000111266 ns, Reaching safepoint: 63917 ns, At safepoint: 7238 ns, Total: 71155 ns
[2020-09-11T14:12:59.432+0000][1][safepoint    ] Safepoint "Cleanup", Time since last: 1000104221 ns, Reaching safepoint: 53069 ns, At safepoint: 7100 ns, Total: 60169 ns
[2020-09-11T14:13:00.432+0000][1][safepoint    ] Safepoint "Cleanup", Time since last: 1000172938 ns, Reaching safepoint: 132771 ns, At safepoint: 19745 ns, Total: 152516 ns
[2020-09-11T14:13:01.432+0000][1][safepoint    ] Safepoint "Cleanup", Time since last: 1000192956 ns, Reaching safepoint: 84829 ns, At safepoint: 6922 ns, Total: 91751 ns
[2020-09-11T14:13:03.434+0000][1][safepoint    ] Safepoint "Cleanup", Time since last: 2001135849 ns, Reaching safepoint: 54045 ns, At safepoint: 5321 ns, Total: 59366 ns
[2020-09-11T14:13:04.434+0000][1][safepoint    ] Safepoint "Cleanup", Time since last: 1000494819 ns, Reaching safepoint: 48919 ns, At safepoint: 6062 ns, Total: 54981 ns
[2020-09-11T14:13:05.434+0000][1][safepoint    ] Safepoint "Cleanup", Time since last: 1000213135 ns, Reaching safepoint: 80659 ns, At safepoint: 7602 ns, Total: 88261 ns
[2020-09-11T14:13:07.435+0000][1][safepoint    ] Safepoint "Cleanup", Time since last: 2000305152 ns, Reaching safepoint: 88675 ns, At safepoint: 7578 ns, Total: 96253 ns
[2020-09-11T14:13:08.435+0000][1][safepoint    ] Safepoint "Cleanup", Time since last: 1000184621 ns, Reaching safepoint: 118101 ns, At safepoint: 18870 ns, Total: 136971 ns
[2020-09-11T14:13:10.436+0000][1][safepoint    ] Safepoint "Cleanup", Time since last: 2000259013 ns, Reaching safepoint: 134328 ns, At safepoint: 7851 ns, Total: 142179 ns
[2020-09-11T14:13:11.436+0000][1][safepoint    ] Safepoint "Cleanup", Time since last: 1000175111 ns, Reaching safepoint: 79661 ns, At safepoint: 7603 ns, Total: 87264 ns
[2020-09-11T14:13:12.436+0000][1][safepoint    ] Safepoint "Cleanup", Time since last: 1000172064 ns, Reaching safepoint: 81306 ns, At safepoint: 6866 ns, Total: 88172 ns
[2020-09-11T14:13:13.436+0000][1][safepoint    ] Safepoint "Cleanup", Time since last: 1000095153 ns, Reaching safepoint: 57924 ns, At safepoint: 6648 ns, Total: 64572 ns
[2020-09-11T14:13:15.437+0000][1][safepoint    ] Safepoint "Cleanup", Time since last: 2000285104 ns, Reaching safepoint: 89431 ns, At safepoint: 7897 ns, Total: 97328 ns
[2020-09-11T14:13:16.437+0000][1][safepoint    ] Safepoint "Cleanup", Time since last: 1000142208 ns, Reaching safepoint: 121629 ns, At safepoint: 18155 ns, Total: 139784 ns
[2020-09-11T14:13:18.437+0000][1][safepoint    ] Safepoint "Cleanup", Time since last: 2000355707 ns, Reaching safepoint: 130666 ns, At safepoint: 17838 ns, Total: 148504 ns
[2020-09-11T14:13:19.438+0000][1][safepoint    ] Safepoint "Cleanup", Time since last: 1000139512 ns, Reaching safepoint: 68608 ns, At safepoint: 7310 ns, Total: 75918 ns
[2020-09-11T14:13:21.438+0000][1][safepoint    ] Safepoint "Cleanup", Time since last: 2000302186 ns, Reaching safepoint: 98235 ns, At safepoint: 17898 ns, Total: 116133 ns
[2020-09-11T14:13:23.439+0000][1][safepoint    ] Safepoint "Cleanup", Time since last: 2000361049 ns, Reaching safepoint: 64715 ns, At safepoint: 7217 ns, Total: 71932 ns
[2020-09-11T14:13:24.439+0000][1][safepoint    ] Safepoint "Cleanup", Time since last: 1000159049 ns, Reaching safepoint: 84542 ns, At safepoint: 7344 ns, Total: 91886 ns
[2020-09-11T14:13:25.439+0000][1][safepoint    ] Safepoint "Cleanup", Time since last: 1000123115 ns, Reaching safepoint: 100626 ns, At safepoint: 7203 ns, Total: 107829 ns
[2020-09-11T14:13:26.439+0000][1][safepoint    ] Safepoint "Cleanup", Time since last: 1000152741 ns, Reaching safepoint: 84447 ns, At safepoint: 7185 ns, Total: 91632 ns
[2020-09-11T14:13:27.440+0000][1][safepoint    ] Safepoint "Cleanup", Time since last: 1000153912 ns, Reaching safepoint: 118218 ns, At safepoint: 17724 ns, Total: 135942 ns
[2020-09-11T14:13:27.690+0000][1][gc,start     ] GC(67) Pause Young (Allocation Failure)
[2020-09-11T14:13:27.690+0000][1][gc,task      ] GC(67) Using 1 workers of 1 for evacuation
[2020-09-11T14:13:27.704+0000][1][gc,age       ] GC(67) Desired survivor size 4358144 bytes, new threshold 6 (max threshold 6)
[2020-09-11T14:13:27.704+0000][1][gc,age       ] GC(67) Age table with threshold 6 (max threshold 6)
[2020-09-11T14:13:27.704+0000][1][gc,age       ] GC(67) - age   1:     923936 bytes,     923936 total
[2020-09-11T14:13:27.704+0000][1][gc,age       ] GC(67) - age   2:     674824 bytes,    1598760 total
[2020-09-11T14:13:27.704+0000][1][gc,age       ] GC(67) - age   3:    2163456 bytes,    3762216 total
[2020-09-11T14:13:27.704+0000][1][gc,heap      ] GC(67) ParNew: 74154K->5246K(76672K)
[2020-09-11T14:13:27.705+0000][1][gc,heap      ] GC(67) CMS: 62623K->62623K(439104K)
[2020-09-11T14:13:27.705+0000][1][gc,metaspace ] GC(67) Metaspace: 76942K->76942K(1120256K)
[2020-09-11T14:13:27.705+0000][1][gc           ] GC(67) Pause Young (Allocation Failure) 133M->66M(503M) 14.992ms
[2020-09-11T14:13:27.705+0000][1][gc,cpu       ] GC(67) User=0.02s Sys=0.00s Real=0.02s
[2020-09-11T14:13:27.705+0000][1][safepoint    ] Safepoint "GenCollectForAllocation", Time since last: 249752899 ns, Reaching safepoint: 217566 ns, At safepoint: 15072024 ns, Total: 15289590 ns
[2020-09-11T14:13:28.708+0000][1][safepoint    ] Safepoint "Cleanup", Time since last: 1003745863 ns, Reaching safepoint: 93759 ns, At safepoint: 8248 ns, Total: 102007 ns
[2020-09-11T14:13:29.709+0000][1][safepoint    ] Safepoint "Cleanup", Time since last: 1000169282 ns, Reaching safepoint: 114733 ns, At safepoint: 17587 ns, Total: 132320 ns
[2020-09-11T14:13:30.709+0000][1][safepoint    ] Safepoint "Cleanup", Time since last: 1000181609 ns, Reaching safepoint: 127145 ns, At safepoint: 18927 ns, Total: 146072 ns
[2020-09-11T14:13:31.709+0000][1][safepoint    ] Safepoint "Cleanup", Time since last: 1000156223 ns, Reaching safepoint: 80273 ns, At safepoint: 7621 ns, Total: 87894 ns
[2020-09-11T14:13:32.710+0000][1][safepoint    ] Safepoint "Cleanup", Time since last: 1000132531 ns, Reaching safepoint: 109999 ns, At safepoint: 17313 ns, Total: 127312 ns
[2020-09-11T14:13:33.710+0000][1][safepoint    ] Safepoint "Cleanup", Time since last: 1000217131 ns, Reaching safepoint: 123924 ns, At safepoint: 17704 ns, Total: 141628 ns
[2020-09-11T14:13:40.711+0000][1][safepoint    ] Safepoint "Cleanup", Time since last: 7001085060 ns, Reaching safepoint: 120814 ns, At safepoint: 19131 ns, Total: 139945 ns
[2020-09-11T14:13:41.712+0000][1][safepoint    ] Safepoint "Cleanup", Time since last: 1000257708 ns, Reaching safepoint: 122083 ns, At safepoint: 17016 ns, Total: 139099 ns
[2020-09-11T14:13:42.712+0000][1][safepoint    ] Safepoint "Cleanup", Time since last: 1000189367 ns, Reaching safepoint: 111628 ns, At safepoint: 7932 ns, Total: 119560 ns
[2020-09-11T14:13:43.712+0000][1][safepoint    ] Safepoint "Cleanup", Time since last: 1000141699 ns, Reaching safepoint: 113547 ns, At safepoint: 6708 ns, Total: 120255 ns
[2020-09-11T14:13:45.713+0000][1][safepoint    ] Safepoint "Cleanup", Time since last: 2000240261 ns, Reaching safepoint: 115598 ns, At safepoint: 16261 ns, Total: 131859 ns
[2020-09-11T14:13:48.713+0000][1][safepoint    ] Safepoint "Cleanup", Time since last: 3000513925 ns, Reaching safepoint: 126420 ns, At safepoint: 19328 ns, Total: 145748 ns
[2020-09-11T14:13:49.714+0000][1][safepoint    ] Safepoint "Cleanup", Time since last: 1000214256 ns, Reaching safepoint: 120202 ns, At safepoint: 20187 ns, Total: 140389 ns
[2020-09-11T14:13:50.714+0000][1][safepoint    ] Safepoint "Cleanup", Time since last: 1000212571 ns, Reaching safepoint: 88833 ns, At safepoint: 7484 ns, Total: 96317 ns
[2020-09-11T14:13:52.714+0000][1][safepoint    ] Safepoint "Cleanup", Time since last: 2000278931 ns, Reaching safepoint: 116357 ns, At safepoint: 19117 ns, Total: 135474 ns
[2020-09-11T14:13:53.715+0000][1][safepoint    ] Safepoint "Cleanup", Time since last: 1000918240 ns, Reaching safepoint: 88349 ns, At safepoint: 9240 ns, Total: 97589 ns
[2020-09-11T14:13:54.716+0000][1][safepoint    ] Safepoint "Cleanup", Time since last: 1000894438 ns, Reaching safepoint: 134643 ns, At safepoint: 8054 ns, Total: 142697 ns
[2020-09-11T14:13:55.717+0000][1][safepoint    ] Safepoint "Cleanup", Time since last: 1000228903 ns, Reaching safepoint: 254902 ns, At safepoint: 11511 ns, Total: 266413 ns
[2020-09-11T14:13:57.717+0000][1][safepoint    ] Safepoint "Cleanup", Time since last: 2000261017 ns, Reaching safepoint: 68607 ns, At safepoint: 7855 ns, Total: 76462 ns
[2020-09-11T14:13:58.718+0000][1][safepoint    ] Safepoint "Cleanup", Time since last: 1000732565 ns, Reaching safepoint: 89885 ns, At safepoint: 8436 ns, Total: 98321 ns
[2020-09-11T14:14:01.719+0000][1][safepoint    ] Safepoint "Cleanup", Time since last: 3000483405 ns, Reaching safepoint: 146352 ns, At safepoint: 18733 ns, Total: 165085 ns
[2020-09-11T14:14:02.719+0000][1][safepoint    ] Safepoint "Cleanup", Time since last: 1000212306 ns, Reaching safepoint: 106414 ns, At safepoint: 18901 ns, Total: 125315 ns
[2020-09-11T14:14:03.720+0000][1][safepoint    ] Safepoint "Cleanup", Time since last: 1001079374 ns, Reaching safepoint: 132918 ns, At safepoint: 18268 ns, Total: 151186 ns
[2020-09-11T14:14:04.721+0000][1][safepoint    ] Safepoint "Cleanup", Time since last: 1000263561 ns, Reaching safepoint: 115622 ns, At safepoint: 19000 ns, Total: 134622 ns
[2020-09-11T14:14:05.721+0000][1][safepoint    ] Safepoint "Cleanup", Time since last: 1000210763 ns, Reaching safepoint: 84995 ns, At safepoint: 8377 ns, Total: 93372 ns
[2020-09-11T14:14:06.721+0000][1][safepoint    ] Safepoint "Cleanup", Time since last: 1000182071 ns, Reaching safepoint: 100309 ns, At safepoint: 7730 ns, Total: 108039 ns
[2020-09-11T14:14:07.721+0000][1][safepoint    ] Safepoint "Cleanup", Time since last: 1000181954 ns, Reaching safepoint: 110173 ns, At safepoint: 17641 ns, Total: 127814 ns
[2020-09-11T14:14:08.723+0000][1][safepoint    ] Safepoint "Cleanup", Time since last: 1001109253 ns, Reaching safepoint: 68939 ns, At safepoint: 8261 ns, Total: 77200 ns
[2020-09-11T14:14:09.723+0000][1][safepoint    ] Safepoint "Cleanup", Time since last: 1000149670 ns, Reaching safepoint: 109441 ns, At safepoint: 18773 ns, Total: 128214 ns
[2020-09-11T14:14:10.723+0000][1][safepoint    ] Safepoint "Cleanup", Time since last: 1000194970 ns, Reaching safepoint: 102607 ns, At safepoint: 8616 ns, Total: 111223 ns
[2020-09-11T14:14:11.724+0000][1][safepoint    ] Safepoint "Cleanup", Time since last: 1000174406 ns, Reaching safepoint: 112421 ns, At safepoint: 19121 ns, Total: 131542 ns
[2020-09-11T14:14:12.724+0000][1][safepoint    ] Safepoint "Cleanup", Time since last: 1000175630 ns, Reaching safepoint: 56805 ns, At safepoint: 6536 ns, Total: 63341 ns
[2020-09-11T14:14:13.725+0000][1][safepoint    ] Safepoint "Cleanup", Time since last: 1000800255 ns, Reaching safepoint: 100971 ns, At safepoint: 8553 ns, Total: 109524 ns
[2020-09-11T14:14:14.725+0000][1][safepoint    ] Safepoint "Cleanup", Time since last: 1000156877 ns, Reaching safepoint: 105957 ns, At safepoint: 8514 ns, Total: 114471 ns
[2020-09-11T14:14:15.725+0000][1][safepoint    ] Safepoint "Cleanup", Time since last: 1000164002 ns, Reaching safepoint: 92637 ns, At safepoint: 8150 ns, Total: 100787 ns
[2020-09-11T14:14:16.726+0000][1][safepoint    ] Safepoint "Cleanup", Time since last: 1000157432 ns, Reaching safepoint: 112468 ns, At safepoint: 19321 ns, Total: 131789 ns
[2020-09-11T14:14:17.726+0000][1][safepoint    ] Safepoint "Cleanup", Time since last: 1000191511 ns, Reaching safepoint: 101685 ns, At safepoint: 8057 ns, Total: 109742 ns
[2020-09-11T14:14:18.727+0000][1][safepoint    ] Safepoint "Cleanup", Time since last: 1000740614 ns, Reaching safepoint: 131157 ns, At safepoint: 18640 ns, Total: 149797 ns
[2020-09-11T14:14:19.727+0000][1][safepoint    ] Safepoint "Cleanup", Time since last: 1000175065 ns, Reaching safepoint: 94720 ns, At safepoint: 7656 ns, Total: 102376 ns
[2020-09-11T14:14:20.727+0000][1][safepoint    ] Safepoint "Cleanup", Time since last: 1000155040 ns, Reaching safepoint: 99612 ns, At safepoint: 8720 ns, Total: 108332 ns
[2020-09-11T14:14:21.728+0000][1][safepoint    ] Safepoint "Cleanup", Time since last: 1000147623 ns, Reaching safepoint: 111472 ns, At safepoint: 18406 ns, Total: 129878 ns
[2020-09-11T14:14:22.728+0000][1][safepoint    ] Safepoint "Cleanup", Time since last: 1000181114 ns, Reaching safepoint: 126306 ns, At safepoint: 18894 ns, Total: 145200 ns
[2020-09-11T14:14:23.729+0000][1][safepoint    ] Safepoint "Cleanup", Time since last: 1000927362 ns, Reaching safepoint: 108873 ns, At safepoint: 7823 ns, Total: 116696 ns
[2020-09-11T14:14:27.729+0000][1][safepoint    ] Safepoint "Cleanup", Time since last: 4000437080 ns, Reaching safepoint: 104027 ns, At safepoint: 8542 ns, Total: 112569 ns
[2020-09-11T14:14:28.730+0000][1][safepoint    ] Safepoint "Cleanup", Time since last: 1000839043 ns, Reaching safepoint: 90458 ns, At safepoint: 8500 ns, Total: 98958 ns
[2020-09-11T14:14:29.731+0000][1][safepoint    ] Safepoint "Cleanup", Time since last: 1000172955 ns, Reaching safepoint: 118959 ns, At safepoint: 18780 ns, Total: 137739 ns
[2020-09-11T14:14:31.731+0000][1][safepoint    ] Safepoint "Cleanup", Time since last: 2000375944 ns, Reaching safepoint: 79702 ns, At safepoint: 8226 ns, Total: 87928 ns
[2020-09-11T14:14:32.732+0000][1][safepoint    ] Safepoint "Cleanup", Time since last: 1000166279 ns, Reaching safepoint: 388488 ns, At safepoint: 22074 ns, Total: 410562 ns
[2020-09-11T14:14:32.833+0000][1][gc,start     ] GC(68) Pause Young (Allocation Failure)
[2020-09-11T14:14:32.833+0000][1][gc,task      ] GC(68) Using 1 workers of 1 for evacuation
[2020-09-11T14:14:32.846+0000][1][gc,age       ] GC(68) Desired survivor size 4358144 bytes, new threshold 6 (max threshold 6)
[2020-09-11T14:14:32.846+0000][1][gc,age       ] GC(68) Age table with threshold 6 (max threshold 6)
[2020-09-11T14:14:32.846+0000][1][gc,age       ] GC(68) - age   1:      12568 bytes,      12568 total
[2020-09-11T14:14:32.846+0000][1][gc,age       ] GC(68) - age   2:     910824 bytes,     923392 total
[2020-09-11T14:14:32.846+0000][1][gc,age       ] GC(68) - age   3:     672184 bytes,    1595576 total
[2020-09-11T14:14:32.846+0000][1][gc,age       ] GC(68) - age   4:    2160840 bytes,    3756416 total
[2020-09-11T14:14:32.846+0000][1][gc,heap      ] GC(68) ParNew: 73406K->6822K(76672K)
[2020-09-11T14:14:32.846+0000][1][gc,heap      ] GC(68) CMS: 62623K->62623K(439104K)
[2020-09-11T14:14:32.846+0000][1][gc,metaspace ] GC(68) Metaspace: 77182K->77182K(1120256K)
[2020-09-11T14:14:32.847+0000][1][gc           ] GC(68) Pause Young (Allocation Failure) 132M->67M(503M) 13.640ms
[2020-09-11T14:14:32.847+0000][1][gc,cpu       ] GC(68) User=0.01s Sys=0.00s Real=0.02s
[2020-09-11T14:14:32.847+0000][1][safepoint    ] Safepoint "GenCollectForAllocation", Time since last: 100925362 ns, Reaching safepoint: 197653 ns, At safepoint: 13721410 ns, Total: 13919063 ns
[2020-09-11T14:14:33.852+0000][1][safepoint    ] Safepoint "Cleanup", Time since last: 1005191080 ns, Reaching safepoint: 112327 ns, At safepoint: 18583 ns, Total: 130910 ns
[2020-09-11T14:14:34.852+0000][1][safepoint    ] Safepoint "Cleanup", Time since last: 1000178148 ns, Reaching safepoint: 113695 ns, At safepoint: 16000 ns, Total: 129695 ns
[2020-09-11T14:14:39.854+0000][1][safepoint    ] Safepoint "Cleanup", Time since last: 5001280953 ns, Reaching safepoint: 108757 ns, At safepoint: 7995 ns, Total: 116752 ns
[2020-09-11T14:14:44.854+0000][1][safepoint    ] Safepoint "Cleanup", Time since last: 5000700632 ns, Reaching safepoint: 118408 ns, At safepoint: 16929 ns, Total: 135337 ns
[2020-09-11T14:14:45.855+0000][1][safepoint    ] Safepoint "Cleanup", Time since last: 1000223704 ns, Reaching safepoint: 85468 ns, At safepoint: 8106 ns, Total: 93574 ns
[2020-09-11T14:14:46.855+0000][1][safepoint    ] Safepoint "Cleanup", Time since last: 1000185850 ns, Reaching safepoint: 89959 ns, At safepoint: 7474 ns, Total: 97433 ns
[2020-09-11T14:14:47.855+0000][1][safepoint    ] Safepoint "Cleanup", Time since last: 1000182632 ns, Reaching safepoint: 93346 ns, At safepoint: 7852 ns, Total: 101198 ns
[2020-09-11T14:14:48.856+0000][1][safepoint    ] Safepoint "Cleanup", Time since last: 1000213940 ns, Reaching safepoint: 113619 ns, At safepoint: 7805 ns, Total: 121424 ns
[2020-09-11T14:14:49.856+0000][1][safepoint    ] Safepoint "Cleanup", Time since last: 1000159587 ns, Reaching safepoint: 107996 ns, At safepoint: 7894 ns, Total: 115890 ns
[2020-09-11T14:14:50.856+0000][1][safepoint    ] Safepoint "Cleanup", Time since last: 1000207385 ns, Reaching safepoint: 93140 ns, At safepoint: 7045 ns, Total: 100185 ns
[2020-09-11T14:14:51.857+0000][1][safepoint    ] Safepoint "Cleanup", Time since last: 1000178236 ns, Reaching safepoint: 126496 ns, At safepoint: 18804 ns, Total: 145300 ns
[2020-09-11T14:14:52.857+0000][1][safepoint    ] Safepoint "Cleanup", Time since last: 1000187246 ns, Reaching safepoint: 149724 ns, At safepoint: 17570 ns, Total: 167294 ns
[2020-09-11T14:14:54.857+0000][1][safepoint    ] Safepoint "Cleanup", Time since last: 2000330280 ns, Reaching safepoint: 124041 ns, At safepoint: 15613 ns, Total: 139654 ns
[2020-09-11T14:14:58.858+0000][1][safepoint    ] Safepoint "Cleanup", Time since last: 4000630296 ns, Reaching safepoint: 84292 ns, At safepoint: 6935 ns, Total: 91227 ns
[2020-09-11T14:14:59.858+0000][1][safepoint    ] Safepoint "Cleanup", Time since last: 1000199578 ns, Reaching safepoint: 134028 ns, At safepoint: 19772 ns, Total: 153800 ns
[2020-09-11T14:15:01.859+0000][1][safepoint    ] Safepoint "Cleanup", Time since last: 2000369382 ns, Reaching safepoint: 127296 ns, At safepoint: 18469 ns, Total: 145765 ns
[2020-09-11T14:15:02.859+0000][1][safepoint    ] Safepoint "Cleanup", Time since last: 1000218267 ns, Reaching safepoint: 115896 ns, At safepoint: 17517 ns, Total: 133413 ns
[2020-09-11T14:15:05.860+0000][1][safepoint    ] Safepoint "Cleanup", Time since last: 3000515330 ns, Reaching safepoint: 120674 ns, At safepoint: 7654 ns, Total: 128328 ns
[2020-09-11T14:15:06.860+0000][1][safepoint    ] Safepoint "Cleanup", Time since last: 1000184253 ns, Reaching safepoint: 110590 ns, At safepoint: 16331 ns, Total: 126921 ns
[2020-09-11T14:15:10.861+0000][1][safepoint    ] Safepoint "Cleanup", Time since last: 4000628942 ns, Reaching safepoint: 112188 ns, At safepoint: 16227 ns, Total: 128415 ns
[2020-09-11T14:15:17.862+0000][1][safepoint    ] Safepoint "Cleanup", Time since last: 7000851271 ns, Reaching safepoint: 93967 ns, At safepoint: 8035 ns, Total: 102002 ns
[2020-09-11T14:15:18.862+0000][1][safepoint    ] Safepoint "Cleanup", Time since last: 1000197361 ns, Reaching safepoint: 125248 ns, At safepoint: 18175 ns, Total: 143423 ns
[2020-09-11T14:15:22.863+0000][1][safepoint    ] Safepoint "Cleanup", Time since last: 4000573097 ns, Reaching safepoint: 113063 ns, At safepoint: 16939 ns, Total: 130002 ns
[2020-09-11T14:15:23.863+0000][1][safepoint    ] Safepoint "Cleanup", Time since last: 1000208869 ns, Reaching safepoint: 104736 ns, At safepoint: 7616 ns, Total: 112352 ns
[2020-09-11T14:15:26.864+0000][1][safepoint    ] Safepoint "Cleanup", Time since last: 3000390514 ns, Reaching safepoint: 117975 ns, At safepoint: 6713 ns, Total: 124688 ns
[2020-09-11T14:15:27.864+0000][1][safepoint    ] Safepoint "Cleanup", Time since last: 1000185705 ns, Reaching safepoint: 114162 ns, At safepoint: 18630 ns, Total: 132792 ns
[2020-09-11T14:15:31.865+0000][1][safepoint    ] Safepoint "Cleanup", Time since last: 4000590823 ns, Reaching safepoint: 104381 ns, At safepoint: 8875 ns, Total: 113256 ns
[2020-09-11T14:15:32.865+0000][1][safepoint    ] Safepoint "Cleanup", Time since last: 1000177438 ns, Reaching safepoint: 119474 ns, At safepoint: 19024 ns, Total: 138498 ns
[2020-09-11T14:15:33.866+0000][1][safepoint    ] Safepoint "Cleanup", Time since last: 1000211018 ns, Reaching safepoint: 82653 ns, At safepoint: 7227 ns, Total: 89880 ns
[2020-09-11T14:15:36.866+0000][1][safepoint    ] Safepoint "Cleanup", Time since last: 3000373830 ns, Reaching safepoint: 119500 ns, At safepoint: 17183 ns, Total: 136683 ns
[2020-09-11T14:15:37.866+0000][1][safepoint    ] Safepoint "Cleanup", Time since last: 1000221836 ns, Reaching safepoint: 141732 ns, At safepoint: 20139 ns, Total: 161871 ns
[2020-09-11T14:15:37.977+0000][1][gc,start     ] GC(69) Pause Young (Allocation Failure)
[2020-09-11T14:15:37.977+0000][1][gc,task      ] GC(69) Using 1 workers of 1 for evacuation
[2020-09-11T14:15:37.990+0000][1][gc,age       ] GC(69) Desired survivor size 4358144 bytes, new threshold 6 (max threshold 6)
[2020-09-11T14:15:37.990+0000][1][gc,age       ] GC(69) Age table with threshold 6 (max threshold 6)
[2020-09-11T14:15:37.990+0000][1][gc,age       ] GC(69) - age   1:      14760 bytes,      14760 total
[2020-09-11T14:15:37.990+0000][1][gc,age       ] GC(69) - age   2:       4920 bytes,      19680 total
[2020-09-11T14:15:37.990+0000][1][gc,age       ] GC(69) - age   3:     909584 bytes,     929264 total
[2020-09-11T14:15:37.990+0000][1][gc,age       ] GC(69) - age   4:     672184 bytes,    1601448 total
[2020-09-11T14:15:37.990+0000][1][gc,age       ] GC(69) - age   5:    2160840 bytes,    3762288 total
[2020-09-11T14:15:37.990+0000][1][gc,heap      ] GC(69) ParNew: 74982K->4456K(76672K)
[2020-09-11T14:15:37.990+0000][1][gc,heap      ] GC(69) CMS: 62623K->62623K(439104K)
[2020-09-11T14:15:37.990+0000][1][gc,metaspace ] GC(69) Metaspace: 77359K->77359K(1120256K)
[2020-09-11T14:15:37.990+0000][1][gc           ] GC(69) Pause Young (Allocation Failure) 134M->65M(503M) 12.989ms
[2020-09-11T14:15:37.990+0000][1][gc,cpu       ] GC(69) User=0.01s Sys=0.00s Real=0.01s
[2020-09-11T14:15:37.990+0000][1][safepoint    ] Safepoint "GenCollectForAllocation", Time since last: 110307576 ns, Reaching safepoint: 219166 ns, At safepoint: 13060525 ns, Total: 13279691 ns
[2020-09-11T14:15:40.997+0000][1][safepoint    ] Safepoint "Cleanup", Time since last: 3007216875 ns, Reaching safepoint: 106140 ns, At safepoint: 17480 ns, Total: 123620 ns
[2020-09-11T14:15:49.999+0000][1][safepoint    ] Safepoint "Cleanup", Time since last: 9001142039 ns, Reaching safepoint: 89235 ns, At safepoint: 7082 ns, Total: 96317 ns
[2020-09-11T14:15:50.999+0000][1][safepoint    ] Safepoint "Cleanup", Time since last: 1000171071 ns, Reaching safepoint: 113698 ns, At safepoint: 17951 ns, Total: 131649 ns
[2020-09-11T14:15:52.999+0000][1][safepoint    ] Safepoint "Cleanup", Time since last: 2000343695 ns, Reaching safepoint: 94748 ns, At safepoint: 8089 ns, Total: 102837 ns
[2020-09-11T14:15:54.000+0000][1][safepoint    ] Safepoint "Cleanup", Time since last: 1000201730 ns, Reaching safepoint: 109912 ns, At safepoint: 16782 ns, Total: 126694 ns
[2020-09-11T14:15:59.000+0000][1][safepoint    ] Safepoint "Cleanup", Time since last: 5000670351 ns, Reaching safepoint: 118000 ns, At safepoint: 18259 ns, Total: 136259 ns
[2020-09-11T14:16:07.002+0000][1][safepoint    ] Safepoint "Cleanup", Time since last: 8001069416 ns, Reaching safepoint: 112618 ns, At safepoint: 17961 ns, Total: 130579 ns
[2020-09-11T14:16:10.002+0000][1][safepoint    ] Safepoint "Cleanup", Time since last: 3000485128 ns, Reaching safepoint: 79390 ns, At safepoint: 6669 ns, Total: 86059 ns
[2020-09-11T14:16:15.841+0000][1][safepoint    ] Safepoint "RevokeBias", Time since last: 5838514359 ns, Reaching safepoint: 121192 ns, At safepoint: 8623 ns, Total: 129815 ns
[2020-09-11T14:16:15.841+0000][1][safepoint    ] Safepoint "RevokeBias", Time since last: 93061 ns, Reaching safepoint: 91044 ns, At safepoint: 6253 ns, Total: 97297 ns
[2020-09-11T14:16:15.841+0000][1][safepoint    ] Safepoint "RevokeBias", Time since last: 254258 ns, Reaching safepoint: 128803 ns, At safepoint: 9344 ns, Total: 138147 ns
[2020-09-11T14:16:15.842+0000][1][safepoint    ] Safepoint "RevokeBias", Time since last: 169446 ns, Reaching safepoint: 123461 ns, At safepoint: 8240 ns, Total: 131701 ns
[2020-09-11T14:16:15.857+0000][1][safepoint    ] Safepoint "RevokeBias", Time since last: 1853358 ns, Reaching safepoint: 13035457 ns, At safepoint: 15998 ns, Total: 13051455 ns
[2020-09-11T14:16:15.858+0000][1][safepoint    ] Safepoint "RevokeBias", Time since last: 190364 ns, Reaching safepoint: 1183818 ns, At safepoint: 22811 ns, Total: 1206629 ns
[2020-09-11T14:16:15.859+0000][1][safepoint    ] Safepoint "RevokeBias", Time since last: 399337 ns, Reaching safepoint: 345552 ns, At safepoint: 9035 ns, Total: 354587 ns
[2020-09-11T14:16:15.860+0000][1][safepoint    ] Safepoint "RevokeBias", Time since last: 792859 ns, Reaching safepoint: 303515 ns, At safepoint: 8707 ns, Total: 312222 ns
[2020-09-11T14:16:15.869+0000][1][safepoint    ] Safepoint "RevokeBias", Time since last: 4129461 ns, Reaching safepoint: 4535912 ns, At safepoint: 21614 ns, Total: 4557526 ns
[2020-09-11T14:16:15.869+0000][1][safepoint    ] Safepoint "RevokeBias", Time since last: 326090 ns, Reaching safepoint: 212473 ns, At safepoint: 8001 ns, Total: 220474 ns
[2020-09-11T14:16:15.870+0000][1][safepoint    ] Safepoint "RevokeBias", Time since last: 397376 ns, Reaching safepoint: 169297 ns, At safepoint: 6645 ns, Total: 175942 ns
[2020-09-11T14:16:15.870+0000][1][safepoint    ] Safepoint "RevokeBias", Time since last: 288129 ns, Reaching safepoint: 266869 ns, At safepoint: 16021 ns, Total: 282890 ns
[2020-09-11T14:16:15.872+0000][1][safepoint    ] Safepoint "RevokeBias", Time since last: 1200778 ns, Reaching safepoint: 442069 ns, At safepoint: 9790 ns, Total: 451859 ns
[2020-09-11T14:16:15.875+0000][1][safepoint    ] Safepoint "RevokeBias", Time since last: 111862 ns, Reaching safepoint: 3364914 ns, At safepoint: 12121 ns, Total: 3377035 ns
[2020-09-11T14:16:15.876+0000][1][safepoint    ] Safepoint "RevokeBias", Time since last: 90850 ns, Reaching safepoint: 315402 ns, At safepoint: 7600 ns, Total: 323002 ns
[2020-09-11T14:16:15.878+0000][1][safepoint    ] Safepoint "RevokeBias", Time since last: 1186212 ns, Reaching safepoint: 961572 ns, At safepoint: 10245 ns, Total: 971817 ns
[2020-09-11T14:16:15.878+0000][1][safepoint    ] Safepoint "RevokeBias", Time since last: 81371 ns, Reaching safepoint: 337687 ns, At safepoint: 6784 ns, Total: 344471 ns
[2020-09-11T14:16:15.879+0000][1][safepoint    ] Safepoint "RevokeBias", Time since last: 183499 ns, Reaching safepoint: 810319 ns, At safepoint: 8065 ns, Total: 818384 ns
[2020-09-11T14:16:15.881+0000][1][safepoint    ] Safepoint "RevokeBias", Time since last: 765129 ns, Reaching safepoint: 713842 ns, At safepoint: 8830 ns, Total: 722672 ns
[2020-09-11T14:16:15.944+0000][1][safepoint    ] Safepoint "RevokeBias", Time since last: 62658750 ns, Reaching safepoint: 49895 ns, At safepoint: 8323 ns, Total: 58218 ns
[2020-09-11T14:16:15.944+0000][1][safepoint    ] Safepoint "RevokeBias", Time since last: 434477 ns, Reaching safepoint: 116751 ns, At safepoint: 7764 ns, Total: 124515 ns
[2020-09-11T14:16:15.947+0000][1][safepoint    ] Safepoint "RevokeBias", Time since last: 2307732 ns, Reaching safepoint: 47232 ns, At safepoint: 6491 ns, Total: 53723 ns
[2020-09-11T14:16:15.947+0000][1][safepoint    ] Safepoint "RevokeBias", Time since last: 57174 ns, Reaching safepoint: 26314 ns, At safepoint: 4660 ns, Total: 30974 ns
[2020-09-11T14:16:15.947+0000][1][safepoint    ] Safepoint "RevokeBias", Time since last: 39130 ns, Reaching safepoint: 23146 ns, At safepoint: 4252 ns, Total: 27398 ns
[2020-09-11T14:16:15.951+0000][1][safepoint    ] Safepoint "RevokeBias", Time since last: 4716420 ns, Reaching safepoint: 42082 ns, At safepoint: 6463 ns, Total: 48545 ns
[2020-09-11T14:16:15.952+0000][1][safepoint    ] Safepoint "RevokeBias", Time since last: 458766 ns, Reaching safepoint: 32979 ns, At safepoint: 5504 ns, Total: 38483 ns
[2020-09-11T14:16:15.954+0000][1][safepoint    ] Safepoint "RevokeBias", Time since last: 1209903 ns, Reaching safepoint: 1046392 ns, At safepoint: 12452 ns, Total: 1058844 ns
[2020-09-11T14:16:15.955+0000][1][safepoint    ] Safepoint "RevokeBias", Time since last: 59118 ns, Reaching safepoint: 536385 ns, At safepoint: 9631 ns, Total: 546016 ns
[2020-09-11T14:16:15.956+0000][1][safepoint    ] Safepoint "RevokeBias", Time since last: 51884 ns, Reaching safepoint: 587402 ns, At safepoint: 9093 ns, Total: 596495 ns
[2020-09-11T14:16:15.970+0000][1][safepoint    ] Safepoint "RevokeBias", Time since last: 14495789 ns, Reaching safepoint: 151706 ns, At safepoint: 11169 ns, Total: 162875 ns
[2020-09-11T14:16:15.970+0000][1][safepoint    ] Safepoint "RevokeBias", Time since last: 75391 ns, Reaching safepoint: 107112 ns, At safepoint: 7647 ns, Total: 114759 ns
[2020-09-11T14:16:15.971+0000][1][safepoint    ] Safepoint "RevokeBias", Time since last: 897269 ns, Reaching safepoint: 167891 ns, At safepoint: 7951 ns, Total: 175842 ns
[2020-09-11T14:16:15.975+0000][1][safepoint    ] Safepoint "RevokeBias", Time since last: 58803 ns, Reaching safepoint: 3952091 ns, At safepoint: 9192 ns, Total: 3961283 ns
[2020-09-11T14:16:15.976+0000][1][safepoint    ] Safepoint "RevokeBias", Time since last: 63362 ns, Reaching safepoint: 100974 ns, At safepoint: 7209 ns, Total: 108183 ns
[2020-09-11T14:16:15.976+0000][1][safepoint    ] Safepoint "RevokeBias", Time since last: 70990 ns, Reaching safepoint: 96832 ns, At safepoint: 7155 ns, Total: 103987 ns
[2020-09-11T14:16:15.979+0000][1][safepoint    ] Safepoint "RevokeBias", Time since last: 75037 ns, Reaching safepoint: 3046299 ns, At safepoint: 6685 ns, Total: 3052984 ns
[2020-09-11T14:16:15.979+0000][1][safepoint    ] Safepoint "RevokeBias", Time since last: 81241 ns, Reaching safepoint: 93440 ns, At safepoint: 6716 ns, Total: 100156 ns
[2020-09-11T14:16:15.981+0000][1][safepoint    ] Safepoint "RevokeBias", Time since last: 1893033 ns, Reaching safepoint: 120681 ns, At safepoint: 19757 ns, Total: 140438 ns
[2020-09-11T14:16:15.983+0000][1][safepoint    ] Safepoint "RevokeBias", Time since last: 1786277 ns, Reaching safepoint: 513318 ns, At safepoint: 21216 ns, Total: 534534 ns
[2020-09-11T14:16:15.987+0000][1][safepoint    ] Safepoint "RevokeBias", Time since last: 3465095 ns, Reaching safepoint: 523856 ns, At safepoint: 25298 ns, Total: 549154 ns
[2020-09-11T14:16:15.992+0000][1][safepoint    ] Safepoint "RevokeBias", Time since last: 480199 ns, Reaching safepoint: 3512796 ns, At safepoint: 41755 ns, Total: 3554551 ns
[2020-09-11T14:16:15.996+0000][1][safepoint    ] Safepoint "RevokeBias", Time since last: 756338 ns, Reaching safepoint: 3201102 ns, At safepoint: 496576 ns, Total: 3697678 ns
[2020-09-11T14:16:16.103+0000][1][safepoint    ] Safepoint "RevokeBias", Time since last: 103466132 ns, Reaching safepoint: 3092442 ns, At safepoint: 51405 ns, Total: 3143847 ns
[2020-09-11T14:16:16.110+0000][1][safepoint    ] Safepoint "RevokeBias", Time since last: 5761739 ns, Reaching safepoint: 1990432 ns, At safepoint: 45934 ns, Total: 2036366 ns
[2020-09-11T14:16:16.115+0000][1][safepoint    ] Safepoint "RevokeBias", Time since last: 1608680 ns, Reaching safepoint: 3321449 ns, At safepoint: 54387 ns, Total: 3375836 ns
[2020-09-11T14:16:16.119+0000][1][safepoint    ] Safepoint "RevokeBias", Time since last: 1136055 ns, Reaching safepoint: 2464977 ns, At safepoint: 42172 ns, Total: 2507149 ns
[2020-09-11T14:16:16.124+0000][1][safepoint    ] Safepoint "BulkRevokeBias", Time since last: 3209099 ns, Reaching safepoint: 1266950 ns, At safepoint: 197646 ns, Total: 1464596 ns
[2020-09-11T14:16:16.176+0000][1][safepoint    ] Safepoint "RevokeBias", Time since last: 52043441 ns, Reaching safepoint: 135608 ns, At safepoint: 21806 ns, Total: 157414 ns
[2020-09-11T14:16:16.208+0000][1][safepoint    ] Safepoint "RevokeBias", Time since last: 29914719 ns, Reaching safepoint: 1892336 ns, At safepoint: 23744 ns, Total: 1916080 ns
[2020-09-11T14:16:16.393+0000][1][safepoint    ] Safepoint "BulkRevokeBias", Time since last: 184682519 ns, Reaching safepoint: 343927 ns, At safepoint: 120621 ns, Total: 464548 ns
[2020-09-11T14:16:16.404+0000][1][safepoint    ] Safepoint "RevokeBias", Time since last: 10896298 ns, Reaching safepoint: 118341 ns, At safepoint: 10671 ns, Total: 129012 ns
[2020-09-11T14:16:16.460+0000][1][safepoint    ] Safepoint "RevokeBias", Time since last: 55538937 ns, Reaching safepoint: 120944 ns, At safepoint: 9347 ns, Total: 130291 ns
[2020-09-11T14:16:16.460+0000][1][safepoint    ] Safepoint "RevokeBias", Time since last: 492847 ns, Reaching safepoint: 120884 ns, At safepoint: 7361 ns, Total: 128245 ns
[2020-09-11T14:16:16.465+0000][1][safepoint    ] Safepoint "RevokeBias", Time since last: 4465099 ns, Reaching safepoint: 103169 ns, At safepoint: 8531 ns, Total: 111700 ns
[2020-09-11T14:16:16.472+0000][1][safepoint    ] Safepoint "BulkRevokeBias", Time since last: 7305170 ns, Reaching safepoint: 117575 ns, At safepoint: 92237 ns, Total: 209812 ns
[2020-09-11T14:16:16.489+0000][1][safepoint    ] Safepoint "RevokeBias", Time since last: 16369232 ns, Reaching safepoint: 106984 ns, At safepoint: 8814 ns, Total: 115798 ns
[2020-09-11T14:16:16.512+0000][1][safepoint    ] Safepoint "RevokeBias", Time since last: 22677582 ns, Reaching safepoint: 107880 ns, At safepoint: 9958 ns, Total: 117838 ns
[2020-09-11T14:16:16.512+0000][1][safepoint    ] Safepoint "RevokeBias", Time since last: 141360 ns, Reaching safepoint: 90672 ns, At safepoint: 5593 ns, Total: 96265 ns
[2020-09-11T14:16:16.536+0000][1][safepoint    ] Safepoint "RevokeBias", Time since last: 23635186 ns, Reaching safepoint: 108036 ns, At safepoint: 23175 ns, Total: 131211 ns
[2020-09-11T14:16:16.544+0000][1][safepoint    ] Safepoint "RevokeBias", Time since last: 7861392 ns, Reaching safepoint: 106257 ns, At safepoint: 8980 ns, Total: 115237 ns
[2020-09-11T14:16:16.567+0000][1][gc,heap,exit ] Heap
[2020-09-11T14:16:16.568+0000][1][gc,heap,exit ]  par new generation   total 76672K, used 52364K [0x00000000e0000000, 0x00000000e5330000, 0x00000000e5330000)
[2020-09-11T14:16:16.568+0000][1][gc,heap,exit ]   eden space 68160K,  70% used [0x00000000e0000000, 0x00000000e2ec8d48, 0x00000000e4290000)
[2020-09-11T14:16:16.568+0000][1][gc,heap,exit ]   from space 8512K,  52% used [0x00000000e4ae0000, 0x00000000e4f3a3a0, 0x00000000e5330000)
[2020-09-11T14:16:16.568+0000][1][gc,heap,exit ]   to   space 8512K,   0% used [0x00000000e4290000, 0x00000000e4290000, 0x00000000e4ae0000)
[2020-09-11T14:16:16.568+0000][1][gc,heap,exit ]  concurrent mark-sweep generation total 439104K, used 62623K [0x00000000e5330000, 0x0000000100000000, 0x0000000100000000)
[2020-09-11T14:16:16.568+0000][1][gc,heap,exit ]  Metaspace       used 77614K, capacity 83719K, committed 83948K, reserved 1120256K
[2020-09-11T14:16:16.568+0000][1][gc,heap,exit ]   class space    used 10403K, capacity 12877K, committed 12924K, reserved 1048576K
