[2020-09-11T14:22:29.736+0000][1][gc] Using Concurrent Mark Sweep
[2020-09-11T14:22:29.736+0000][1][gc,heap,coops] Heap address: 0x00000000e0000000, size: 512 MB, Compressed Oops mode: 32-bit
[2020-09-11T14:22:29.995+0000][1][safepoint    ] Safepoint "EnableBiasedLocking", Time since last: 228856395 ns, Reaching safepoint: 2245199 ns, At safepoint: 41967 ns, Total: 2287166 ns
[2020-09-11T14:22:30.005+0000][1][safepoint    ] Safepoint "RevokeBias", Time since last: 5044169 ns, Reaching safepoint: 5627927 ns, At safepoint: 44197 ns, Total: 5672124 ns
[2020-09-11T14:22:30.076+0000][1][safepoint    ] Safepoint "Deoptimize", Time since last: 62094061 ns, Reaching safepoint: 8038561 ns, At safepoint: 28931 ns, Total: 8067492 ns
[2020-09-11T14:22:30.764+0000][1][safepoint    ] Safepoint "RevokeBias", Time since last: 685109437 ns, Reaching safepoint: 2796391 ns, At safepoint: 43479 ns, Total: 2839870 ns
[2020-09-11T14:22:30.821+0000][1][safepoint    ] Safepoint "RevokeBias", Time since last: 55937945 ns, Reaching safepoint: 1901054 ns, At safepoint: 37364 ns, Total: 1938418 ns
[2020-09-11T14:22:30.830+0000][1][safepoint    ] Safepoint "Deoptimize", Time since last: 2073862 ns, Reaching safepoint: 6281292 ns, At safepoint: 39335 ns, Total: 6320627 ns
[2020-09-11T14:22:30.838+0000][1][safepoint    ] Safepoint "Deoptimize", Time since last: 6449735 ns, Reaching safepoint: 2124241 ns, At safepoint: 32599 ns, Total: 2156840 ns
[2020-09-11T14:22:31.115+0000][1][safepoint    ] Safepoint "Deoptimize", Time since last: 276497104 ns, Reaching safepoint: 246397 ns, At safepoint: 36347 ns, Total: 282744 ns
[2020-09-11T14:22:32.117+0000][1][safepoint    ] Safepoint "Cleanup", Time since last: 1000108076 ns, Reaching safepoint: 1314037 ns, At safepoint: 7103 ns, Total: 1321140 ns
[2020-09-11T14:22:33.129+0000][1][safepoint    ] Safepoint "Cleanup", Time since last: 1000112683 ns, Reaching safepoint: 11815843 ns, At safepoint: 8494 ns, Total: 11824337 ns
[2020-09-11T14:22:33.371+0000][1][safepoint    ] Safepoint "Deoptimize", Time since last: 242329477 ns, Reaching safepoint: 102026 ns, At safepoint: 54163 ns, Total: 156189 ns
[2020-09-11T14:22:33.695+0000][1][safepoint    ] Safepoint "Deoptimize", Time since last: 321959559 ns, Reaching safepoint: 1612100 ns, At safepoint: 82798 ns, Total: 1694898 ns
[2020-09-11T14:22:34.022+0000][1][safepoint    ] Safepoint "Deoptimize", Time since last: 325203876 ns, Reaching safepoint: 1711365 ns, At safepoint: 64971 ns, Total: 1776336 ns
[2020-09-11T14:22:35.024+0000][1][safepoint    ] Safepoint "Cleanup", Time since last: 1002151601 ns, Reaching safepoint: 124844 ns, At safepoint: 5126 ns, Total: 129970 ns
[2020-09-11T14:22:35.964+0000][1][safepoint    ] Safepoint "Deoptimize", Time since last: 940341620 ns, Reaching safepoint: 108496 ns, At safepoint: 75456 ns, Total: 183952 ns
[2020-09-11T14:22:36.977+0000][1][safepoint    ] Safepoint "Cleanup", Time since last: 1012624202 ns, Reaching safepoint: 39989 ns, At safepoint: 6077 ns, Total: 46066 ns
[2020-09-11T14:22:38.156+0000][1][safepoint    ] Safepoint "Deoptimize", Time since last: 1178980642 ns, Reaching safepoint: 94135 ns, At safepoint: 78548 ns, Total: 172683 ns
[2020-09-11T14:22:39.157+0000][1][safepoint    ] Safepoint "Cleanup", Time since last: 1000105747 ns, Reaching safepoint: 170784 ns, At safepoint: 5339 ns, Total: 176123 ns
[2020-09-11T14:22:40.104+0000][1][safepoint    ] Safepoint "Deoptimize", Time since last: 946845424 ns, Reaching safepoint: 107442 ns, At safepoint: 96063 ns, Total: 203505 ns
[2020-09-11T14:22:40.104+0000][1][safepoint    ] Safepoint "Deoptimize", Time since last: 163762 ns, Reaching safepoint: 77103 ns, At safepoint: 39378 ns, Total: 116481 ns
[2020-09-11T14:22:40.396+0000][1][safepoint    ] Safepoint "Deoptimize", Time since last: 291951259 ns, Reaching safepoint: 109759 ns, At safepoint: 98104 ns, Total: 207863 ns
[2020-09-11T14:22:40.424+0000][1][safepoint    ] Safepoint "Deoptimize", Time since last: 27766563 ns, Reaching safepoint: 96729 ns, At safepoint: 105098 ns, Total: 201827 ns
[2020-09-11T14:22:40.489+0000][1][safepoint    ] Safepoint "RevokeBias", Time since last: 56525759 ns, Reaching safepoint: 7947836 ns, At safepoint: 26793 ns, Total: 7974629 ns
[2020-09-11T14:22:40.489+0000][1][safepoint    ] Safepoint "RevokeBias", Time since last: 538273 ns, Reaching safepoint: 79785 ns, At safepoint: 14143 ns, Total: 93928 ns
[2020-09-11T14:22:40.489+0000][1][safepoint    ] Safepoint "RevokeBias", Time since last: 76887 ns, Reaching safepoint: 76479 ns, At safepoint: 13018 ns, Total: 89497 ns
[2020-09-11T14:22:40.490+0000][1][safepoint    ] Safepoint "RevokeBias", Time since last: 164096 ns, Reaching safepoint: 76722 ns, At safepoint: 12178 ns, Total: 88900 ns
[2020-09-11T14:22:41.492+0000][1][safepoint    ] Safepoint "Cleanup", Time since last: 1001849417 ns, Reaching safepoint: 188411 ns, At safepoint: 5837 ns, Total: 194248 ns
[2020-09-11T14:22:42.503+0000][1][safepoint    ] Safepoint "Cleanup", Time since last: 1001899186 ns, Reaching safepoint: 9940050 ns, At safepoint: 15222 ns, Total: 9955272 ns
[2020-09-11T14:22:42.800+0000][1][gc,start     ] GC(0) Pause Young (Allocation Failure)
[2020-09-11T14:22:42.800+0000][1][gc,task      ] GC(0) Using 1 workers of 1 for evacuation
[2020-09-11T14:22:42.858+0000][1][gc,age       ] GC(0) Desired survivor size 4358144 bytes, new threshold 1 (max threshold 6)
[2020-09-11T14:22:42.858+0000][1][gc,age       ] GC(0) Age table with threshold 1 (max threshold 6)
[2020-09-11T14:22:42.858+0000][1][gc,age       ] GC(0) - age   1:    6351952 bytes,    6351952 total
[2020-09-11T14:22:42.858+0000][1][gc,heap      ] GC(0) ParNew: 68160K->6230K(76672K)
[2020-09-11T14:22:42.858+0000][1][gc,heap      ] GC(0) CMS: 0K->0K(439104K)
[2020-09-11T14:22:42.858+0000][1][gc,metaspace ] GC(0) Metaspace: 13361K->13361K(1060864K)
[2020-09-11T14:22:42.858+0000][1][gc           ] GC(0) Pause Young (Allocation Failure) 66M->6M(503M) 58.684ms
[2020-09-11T14:22:42.858+0000][1][gc,cpu       ] GC(0) User=0.01s Sys=0.00s Real=0.06s
[2020-09-11T14:22:42.868+0000][1][safepoint    ] Safepoint "GenCollectForAllocation", Time since last: 295983177 ns, Reaching safepoint: 103288 ns, At safepoint: 68428981 ns, Total: 68532269 ns
[2020-09-11T14:22:42.920+0000][1][safepoint    ] Safepoint "RevokeBias", Time since last: 47441922 ns, Reaching safepoint: 4003736 ns, At safepoint: 77837 ns, Total: 4081573 ns
[2020-09-11T14:22:42.928+0000][1][safepoint    ] Safepoint "RevokeBias", Time since last: 4036197 ns, Reaching safepoint: 3981194 ns, At safepoint: 53082 ns, Total: 4034276 ns
[2020-09-11T14:22:42.928+0000][1][safepoint    ] Safepoint "RevokeBias", Time since last: 99874 ns, Reaching safepoint: 82134 ns, At safepoint: 29881 ns, Total: 112015 ns
[2020-09-11T14:22:42.928+0000][1][safepoint    ] Safepoint "RevokeBias", Time since last: 32870 ns, Reaching safepoint: 78420 ns, At safepoint: 27800 ns, Total: 106220 ns
[2020-09-11T14:22:42.950+0000][1][safepoint    ] Safepoint "RevokeBias", Time since last: 19478929 ns, Reaching safepoint: 2273647 ns, At safepoint: 36415 ns, Total: 2310062 ns
[2020-09-11T14:22:42.951+0000][1][safepoint    ] Safepoint "RevokeBias", Time since last: 73928 ns, Reaching safepoint: 1631303 ns, At safepoint: 31133 ns, Total: 1662436 ns
[2020-09-11T14:22:42.952+0000][1][safepoint    ] Safepoint "RevokeBias", Time since last: 73619 ns, Reaching safepoint: 286920 ns, At safepoint: 28259 ns, Total: 315179 ns
[2020-09-11T14:22:42.955+0000][1][safepoint    ] Safepoint "RevokeBias", Time since last: 43329 ns, Reaching safepoint: 3553084 ns, At safepoint: 48016 ns, Total: 3601100 ns
[2020-09-11T14:22:42.956+0000][1][safepoint    ] Safepoint "RevokeBias", Time since last: 82094 ns, Reaching safepoint: 81429 ns, At safepoint: 21125 ns, Total: 102554 ns
[2020-09-11T14:22:42.956+0000][1][safepoint    ] Safepoint "RevokeBias", Time since last: 30894 ns, Reaching safepoint: 78096 ns, At safepoint: 18712 ns, Total: 96808 ns
[2020-09-11T14:22:42.956+0000][1][safepoint    ] Safepoint "RevokeBias", Time since last: 51126 ns, Reaching safepoint: 78383 ns, At safepoint: 24938 ns, Total: 103321 ns
[2020-09-11T14:22:42.956+0000][1][safepoint    ] Safepoint "RevokeBias", Time since last: 29266 ns, Reaching safepoint: 80359 ns, At safepoint: 20149 ns, Total: 100508 ns
[2020-09-11T14:22:42.959+0000][1][safepoint    ] Safepoint "RevokeBias", Time since last: 53785 ns, Reaching safepoint: 3267384 ns, At safepoint: 27190 ns, Total: 3294574 ns
[2020-09-11T14:22:42.963+0000][1][safepoint    ] Safepoint "RevokeBias", Time since last: 33830 ns, Reaching safepoint: 3976977 ns, At safepoint: 51141 ns, Total: 4028118 ns
[2020-09-11T14:22:42.964+0000][1][safepoint    ] Safepoint "RevokeBias", Time since last: 223117 ns, Reaching safepoint: 82748 ns, At safepoint: 20855 ns, Total: 103603 ns
[2020-09-11T14:22:42.964+0000][1][safepoint    ] Safepoint "RevokeBias", Time since last: 31818 ns, Reaching safepoint: 80194 ns, At safepoint: 21568 ns, Total: 101762 ns
[2020-09-11T14:22:42.964+0000][1][safepoint    ] Safepoint "RevokeBias", Time since last: 48350 ns, Reaching safepoint: 85461 ns, At safepoint: 19712 ns, Total: 105173 ns
[2020-09-11T14:22:42.964+0000][1][safepoint    ] Safepoint "RevokeBias", Time since last: 29587 ns, Reaching safepoint: 79851 ns, At safepoint: 27508 ns, Total: 107359 ns
[2020-09-11T14:22:42.964+0000][1][safepoint    ] Safepoint "RevokeBias", Time since last: 32360 ns, Reaching safepoint: 79381 ns, At safepoint: 26869 ns, Total: 106250 ns
[2020-09-11T14:22:42.965+0000][1][safepoint    ] Safepoint "RevokeBias", Time since last: 25055 ns, Reaching safepoint: 80020 ns, At safepoint: 37514 ns, Total: 117534 ns
[2020-09-11T14:22:42.965+0000][1][safepoint    ] Safepoint "RevokeBias", Time since last: 32061 ns, Reaching safepoint: 79672 ns, At safepoint: 27694 ns, Total: 107366 ns
[2020-09-11T14:22:42.965+0000][1][safepoint    ] Safepoint "RevokeBias", Time since last: 25146 ns, Reaching safepoint: 79545 ns, At safepoint: 26762 ns, Total: 106307 ns
[2020-09-11T14:22:42.965+0000][1][safepoint    ] Safepoint "RevokeBias", Time since last: 36118 ns, Reaching safepoint: 88310 ns, At safepoint: 27291 ns, Total: 115601 ns
[2020-09-11T14:22:42.965+0000][1][safepoint    ] Safepoint "RevokeBias", Time since last: 25016 ns, Reaching safepoint: 79562 ns, At safepoint: 26931 ns, Total: 106493 ns
[2020-09-11T14:22:42.965+0000][1][safepoint    ] Safepoint "RevokeBias", Time since last: 31018 ns, Reaching safepoint: 78013 ns, At safepoint: 28633 ns, Total: 106646 ns
[2020-09-11T14:22:42.965+0000][1][safepoint    ] Safepoint "RevokeBias", Time since last: 24349 ns, Reaching safepoint: 78387 ns, At safepoint: 36036 ns, Total: 114423 ns
[2020-09-11T14:22:42.967+0000][1][safepoint    ] Safepoint "RevokeBias", Time since last: 1180041 ns, Reaching safepoint: 87909 ns, At safepoint: 31294 ns, Total: 119203 ns
[2020-09-11T14:22:42.967+0000][1][safepoint    ] Safepoint "RevokeBias", Time since last: 30663 ns, Reaching safepoint: 79137 ns, At safepoint: 26647 ns, Total: 105784 ns
[2020-09-11T14:22:42.967+0000][1][safepoint    ] Safepoint "RevokeBias", Time since last: 97003 ns, Reaching safepoint: 519581 ns, At safepoint: 32213 ns, Total: 551794 ns
[2020-09-11T14:22:42.971+0000][1][safepoint    ] Safepoint "RevokeBias", Time since last: 31475 ns, Reaching safepoint: 3933729 ns, At safepoint: 32248 ns, Total: 3965977 ns
[2020-09-11T14:22:43.087+0000][1][safepoint    ] Safepoint "RevokeBias", Time since last: 105591672 ns, Reaching safepoint: 32306 ns, At safepoint: 10375783 ns, Total: 10408089 ns
[2020-09-11T14:22:43.088+0000][1][safepoint    ] Safepoint "RevokeBias", Time since last: 36282 ns, Reaching safepoint: 47802 ns, At safepoint: 48043 ns, Total: 95845 ns
[2020-09-11T14:22:43.099+0000][1][safepoint    ] Safepoint "RevokeBias", Time since last: 15302 ns, Reaching safepoint: 8039 ns, At safepoint: 11845395 ns, Total: 11853434 ns
[2020-09-11T14:22:43.404+0000][1][safepoint    ] Safepoint "Deoptimize", Time since last: 300627643 ns, Reaching safepoint: 3385483 ns, At safepoint: 178174 ns, Total: 3563657 ns
[2020-09-11T14:22:44.404+0000][1][safepoint    ] Safepoint "Cleanup", Time since last: 1000114276 ns, Reaching safepoint: 121046 ns, At safepoint: 5826 ns, Total: 126872 ns
[2020-09-11T14:22:45.017+0000][1][safepoint    ] Safepoint "RevokeBias", Time since last: 612656366 ns, Reaching safepoint: 102373 ns, At safepoint: 31833 ns, Total: 134206 ns
[2020-09-11T14:22:46.017+0000][1][safepoint    ] Safepoint "Cleanup", Time since last: 1000109327 ns, Reaching safepoint: 114673 ns, At safepoint: 6680 ns, Total: 121353 ns
[2020-09-11T14:22:46.980+0000][1][safepoint    ] Safepoint "Deoptimize", Time since last: 960954671 ns, Reaching safepoint: 1631396 ns, At safepoint: 159944 ns, Total: 1791340 ns
[2020-09-11T14:22:47.425+0000][1][gc,start     ] GC(1) Pause Young (Allocation Failure)
[2020-09-11T14:22:47.425+0000][1][gc,task      ] GC(1) Using 1 workers of 1 for evacuation
[2020-09-11T14:22:47.582+0000][1][gc,age       ] GC(1) Desired survivor size 4358144 bytes, new threshold 6 (max threshold 6)
[2020-09-11T14:22:47.582+0000][1][gc,age       ] GC(1) Age table with threshold 6 (max threshold 6)
[2020-09-11T14:22:47.582+0000][1][gc,age       ] GC(1) - age   1:    3606928 bytes,    3606928 total
[2020-09-11T14:22:47.582+0000][1][gc,heap      ] GC(1) ParNew: 74390K->4109K(76672K)
[2020-09-11T14:22:47.582+0000][1][gc,heap      ] GC(1) CMS: 0K->6654K(439104K)
[2020-09-11T14:22:47.582+0000][1][gc,metaspace ] GC(1) Metaspace: 18074K->18074K(1064960K)
[2020-09-11T14:22:47.582+0000][1][gc           ] GC(1) Pause Young (Allocation Failure) 72M->10M(503M) 156.832ms
[2020-09-11T14:22:47.582+0000][1][gc,cpu       ] GC(1) User=0.04s Sys=0.00s Real=0.15s
[2020-09-11T14:22:47.588+0000][1][safepoint    ] Safepoint "GenCollectForAllocation", Time since last: 440882065 ns, Reaching safepoint: 4579345 ns, At safepoint: 162658062 ns, Total: 167237407 ns
[2020-09-11T14:22:47.619+0000][1][safepoint    ] Safepoint "BulkRevokeBias", Time since last: 31389697 ns, Reaching safepoint: 103686 ns, At safepoint: 99877 ns, Total: 203563 ns
[2020-09-11T14:22:47.620+0000][1][safepoint    ] Safepoint "RevokeBias", Time since last: 240245 ns, Reaching safepoint: 81336 ns, At safepoint: 38235 ns, Total: 119571 ns
[2020-09-11T14:22:47.620+0000][1][safepoint    ] Safepoint "RevokeBias", Time since last: 44131 ns, Reaching safepoint: 194463 ns, At safepoint: 38294 ns, Total: 232757 ns
[2020-09-11T14:22:47.624+0000][1][safepoint    ] Safepoint "RevokeBias", Time since last: 35010 ns, Reaching safepoint: 3413651 ns, At safepoint: 62421 ns, Total: 3476072 ns
[2020-09-11T14:22:47.627+0000][1][safepoint    ] Safepoint "RevokeBias", Time since last: 51463 ns, Reaching safepoint: 3876220 ns, At safepoint: 60106 ns, Total: 3936326 ns
[2020-09-11T14:22:47.631+0000][1][safepoint    ] Safepoint "RevokeBias", Time since last: 67633 ns, Reaching safepoint: 2751505 ns, At safepoint: 445085 ns, Total: 3196590 ns
[2020-09-11T14:22:47.631+0000][1][safepoint    ] Safepoint "RevokeBias", Time since last: 48661 ns, Reaching safepoint: 85316 ns, At safepoint: 52203 ns, Total: 137519 ns
[2020-09-11T14:22:47.631+0000][1][safepoint    ] Safepoint "BulkRevokeBias", Time since last: 38600 ns, Reaching safepoint: 93321 ns, At safepoint: 65491 ns, Total: 158812 ns
[2020-09-11T14:22:47.631+0000][1][safepoint    ] Safepoint "BulkRevokeBias", Time since last: 26995 ns, Reaching safepoint: 81583 ns, At safepoint: 60074 ns, Total: 141657 ns
[2020-09-11T14:22:47.909+0000][1][safepoint    ] Safepoint "Deoptimize", Time since last: 277048082 ns, Reaching safepoint: 560221 ns, At safepoint: 206480 ns, Total: 766701 ns
[2020-09-11T14:22:47.949+0000][1][safepoint    ] Safepoint "Deoptimize", Time since last: 38293535 ns, Reaching safepoint: 1394662 ns, At safepoint: 168234 ns, Total: 1562896 ns
[2020-09-11T14:22:48.949+0000][1][safepoint    ] Safepoint "Cleanup", Time since last: 1000145120 ns, Reaching safepoint: 111632 ns, At safepoint: 4998 ns, Total: 116630 ns
[2020-09-11T14:22:49.032+0000][1][safepoint    ] Safepoint "Deoptimize", Time since last: 80678899 ns, Reaching safepoint: 1517242 ns, At safepoint: 169755 ns, Total: 1686997 ns
[2020-09-11T14:22:49.035+0000][1][safepoint    ] Safepoint "RevokeBias", Time since last: 480880 ns, Reaching safepoint: 3328407 ns, At safepoint: 43269 ns, Total: 3371676 ns
[2020-09-11T14:22:49.044+0000][1][safepoint    ] Safepoint "Deoptimize", Time since last: 3966024 ns, Reaching safepoint: 3996053 ns, At safepoint: 176153 ns, Total: 4172206 ns
[2020-09-11T14:22:50.048+0000][1][safepoint    ] Safepoint "Cleanup", Time since last: 1003831380 ns, Reaching safepoint: 122956 ns, At safepoint: 7062 ns, Total: 130018 ns
[2020-09-11T14:22:50.640+0000][1][gc,start     ] GC(2) Pause Young (Allocation Failure)
[2020-09-11T14:22:50.641+0000][1][gc,task      ] GC(2) Using 1 workers of 1 for evacuation
[2020-09-11T14:22:50.709+0000][1][gc,age       ] GC(2) Desired survivor size 4358144 bytes, new threshold 2 (max threshold 6)
[2020-09-11T14:22:50.709+0000][1][gc,age       ] GC(2) Age table with threshold 2 (max threshold 6)
[2020-09-11T14:22:50.709+0000][1][gc,age       ] GC(2) - age   1:    2833064 bytes,    2833064 total
[2020-09-11T14:22:50.709+0000][1][gc,age       ] GC(2) - age   2:    3416352 bytes,    6249416 total
[2020-09-11T14:22:50.709+0000][1][gc,heap      ] GC(2) ParNew: 72269K->7351K(76672K)
[2020-09-11T14:22:50.709+0000][1][gc,heap      ] GC(2) CMS: 6654K->6654K(439104K)
[2020-09-11T14:22:50.709+0000][1][gc,metaspace ] GC(2) Metaspace: 20075K->20075K(1067008K)
[2020-09-11T14:22:50.709+0000][1][gc           ] GC(2) Pause Young (Allocation Failure) 77M->13M(503M) 68.163ms
[2020-09-11T14:22:50.709+0000][1][gc,cpu       ] GC(2) User=0.02s Sys=0.00s Real=0.07s
[2020-09-11T14:22:50.731+0000][1][safepoint    ] Safepoint "GenCollectForAllocation", Time since last: 592802608 ns, Reaching safepoint: 124237 ns, At safepoint: 90954045 ns, Total: 91078282 ns
[2020-09-11T14:22:50.760+0000][1][safepoint    ] Safepoint "RevokeBias", Time since last: 28651063 ns, Reaching safepoint: 101959 ns, At safepoint: 47262 ns, Total: 149221 ns
[2020-09-11T14:22:50.760+0000][1][safepoint    ] Safepoint "RevokeBias", Time since last: 76223 ns, Reaching safepoint: 80358 ns, At safepoint: 33484 ns, Total: 113842 ns
[2020-09-11T14:22:50.761+0000][1][safepoint    ] Safepoint "RevokeBias", Time since last: 86524 ns, Reaching safepoint: 80603 ns, At safepoint: 25517 ns, Total: 106120 ns
[2020-09-11T14:22:50.761+0000][1][safepoint    ] Safepoint "RevokeBias", Time since last: 30554 ns, Reaching safepoint: 78425 ns, At safepoint: 24549 ns, Total: 102974 ns
[2020-09-11T14:22:50.761+0000][1][safepoint    ] Safepoint "RevokeBias", Time since last: 29868 ns, Reaching safepoint: 78216 ns, At safepoint: 24302 ns, Total: 102518 ns
[2020-09-11T14:22:50.761+0000][1][safepoint    ] Safepoint "RevokeBias", Time since last: 29099 ns, Reaching safepoint: 78957 ns, At safepoint: 33397 ns, Total: 112354 ns
[2020-09-11T14:22:50.761+0000][1][safepoint    ] Safepoint "RevokeBias", Time since last: 30365 ns, Reaching safepoint: 90336 ns, At safepoint: 33734 ns, Total: 124070 ns
[2020-09-11T14:22:50.761+0000][1][safepoint    ] Safepoint "RevokeBias", Time since last: 34799 ns, Reaching safepoint: 79263 ns, At safepoint: 32449 ns, Total: 111712 ns
[2020-09-11T14:22:50.761+0000][1][safepoint    ] Safepoint "RevokeBias", Time since last: 28791 ns, Reaching safepoint: 79352 ns, At safepoint: 32613 ns, Total: 111965 ns
[2020-09-11T14:22:50.788+0000][1][safepoint    ] Safepoint "RevokeBias", Time since last: 26155051 ns, Reaching safepoint: 103098 ns, At safepoint: 73168 ns, Total: 176266 ns
[2020-09-11T14:22:51.788+0000][1][safepoint    ] Safepoint "Cleanup", Time since last: 1000128927 ns, Reaching safepoint: 111703 ns, At safepoint: 5819 ns, Total: 117522 ns
[2020-09-11T14:22:51.898+0000][1][gc,start     ] GC(3) Pause Young (Allocation Failure)
[2020-09-11T14:22:51.898+0000][1][gc,task      ] GC(3) Using 1 workers of 1 for evacuation
[2020-09-11T14:22:51.973+0000][1][gc,age       ] GC(3) Desired survivor size 4358144 bytes, new threshold 6 (max threshold 6)
[2020-09-11T14:22:51.973+0000][1][gc,age       ] GC(3) Age table with threshold 6 (max threshold 6)
[2020-09-11T14:22:51.973+0000][1][gc,age       ] GC(3) - age   1:    1183032 bytes,    1183032 total
[2020-09-11T14:22:51.973+0000][1][gc,age       ] GC(3) - age   2:    1009872 bytes,    2192904 total
[2020-09-11T14:22:51.973+0000][1][gc,heap      ] GC(3) ParNew: 75511K->5484K(76672K)
[2020-09-11T14:22:51.973+0000][1][gc,heap      ] GC(3) CMS: 6654K->10017K(439104K)
[2020-09-11T14:22:51.973+0000][1][gc,metaspace ] GC(3) Metaspace: 20347K->20347K(1067008K)
[2020-09-11T14:22:51.973+0000][1][gc           ] GC(3) Pause Young (Allocation Failure) 80M->15M(503M) 75.755ms
[2020-09-11T14:22:51.973+0000][1][gc,cpu       ] GC(3) User=0.02s Sys=0.00s Real=0.07s
[2020-09-11T14:22:51.995+0000][1][safepoint    ] Safepoint "GenCollectForAllocation", Time since last: 109516328 ns, Reaching safepoint: 114070 ns, At safepoint: 97759506 ns, Total: 97873576 ns
[2020-09-11T14:22:52.016+0000][1][safepoint    ] Safepoint "RevokeBias", Time since last: 20105175 ns, Reaching safepoint: 97702 ns, At safepoint: 24067 ns, Total: 121769 ns
[2020-09-11T14:22:52.016+0000][1][safepoint    ] Safepoint "RevokeBias", Time since last: 61321 ns, Reaching safepoint: 79300 ns, At safepoint: 18246 ns, Total: 97546 ns
[2020-09-11T14:22:52.016+0000][1][safepoint    ] Safepoint "RevokeBias", Time since last: 44843 ns, Reaching safepoint: 78588 ns, At safepoint: 19495 ns, Total: 98083 ns
[2020-09-11T14:22:52.016+0000][1][safepoint    ] Safepoint "RevokeBias", Time since last: 31534 ns, Reaching safepoint: 77989 ns, At safepoint: 18407 ns, Total: 96396 ns
[2020-09-11T14:22:52.016+0000][1][safepoint    ] Safepoint "RevokeBias", Time since last: 42633 ns, Reaching safepoint: 78731 ns, At safepoint: 17670 ns, Total: 96401 ns
[2020-09-11T14:22:52.016+0000][1][safepoint    ] Safepoint "RevokeBias", Time since last: 31230 ns, Reaching safepoint: 77137 ns, At safepoint: 17420 ns, Total: 94557 ns
[2020-09-11T14:22:52.016+0000][1][safepoint    ] Safepoint "RevokeBias", Time since last: 35989 ns, Reaching safepoint: 78887 ns, At safepoint: 22403 ns, Total: 101290 ns
[2020-09-11T14:22:52.017+0000][1][safepoint    ] Safepoint "RevokeBias", Time since last: 30351 ns, Reaching safepoint: 77665 ns, At safepoint: 19614 ns, Total: 97279 ns
[2020-09-11T14:22:52.893+0000][1][safepoint    ] Safepoint "CollectForMetadataAllocation", Time since last: 875942385 ns, Reaching safepoint: 101847 ns, At safepoint: 116333 ns, Total: 218180 ns
[2020-09-11T14:22:53.109+0000][1][safepoint    ] Safepoint "CollectForMetadataAllocation", Time since last: 216241242 ns, Reaching safepoint: 110641 ns, At safepoint: 140792 ns, Total: 251433 ns
[2020-09-11T14:22:53.218+0000][1][gc,start     ] GC(4) Pause Young (Allocation Failure)
[2020-09-11T14:22:53.218+0000][1][gc,task      ] GC(4) Using 1 workers of 1 for evacuation
[2020-09-11T14:22:53.246+0000][1][gc,age       ] GC(4) Desired survivor size 4358144 bytes, new threshold 6 (max threshold 6)
[2020-09-11T14:22:53.246+0000][1][gc,age       ] GC(4) Age table with threshold 6 (max threshold 6)
[2020-09-11T14:22:53.246+0000][1][gc,age       ] GC(4) - age   1:    2014648 bytes,    2014648 total
[2020-09-11T14:22:53.246+0000][1][gc,age       ] GC(4) - age   2:     351544 bytes,    2366192 total
[2020-09-11T14:22:53.246+0000][1][gc,age       ] GC(4) - age   3:    1009776 bytes,    3375968 total
[2020-09-11T14:22:53.246+0000][1][gc,heap      ] GC(4) ParNew: 73644K->3813K(76672K)
[2020-09-11T14:22:53.246+0000][1][gc,heap      ] GC(4) CMS: 10017K->10017K(439104K)
[2020-09-11T14:22:53.246+0000][1][gc,metaspace ] GC(4) Metaspace: 20874K->20874K(1069056K)
[2020-09-11T14:22:53.246+0000][1][gc           ] GC(4) Pause Young (Allocation Failure) 81M->13M(503M) 27.537ms
[2020-09-11T14:22:53.246+0000][1][gc,cpu       ] GC(4) User=0.01s Sys=0.00s Real=0.03s
[2020-09-11T14:22:53.271+0000][1][safepoint    ] Safepoint "GenCollectForAllocation", Time since last: 108766385 ns, Reaching safepoint: 98418 ns, At safepoint: 53300927 ns, Total: 53399345 ns
[2020-09-11T14:22:53.304+0000][1][gc,start     ] GC(5) Pause Initial Mark
[2020-09-11T14:22:53.306+0000][1][gc           ] GC(5) Pause Initial Mark 17M->17M(503M) 2.469ms
[2020-09-11T14:22:53.306+0000][1][gc,cpu       ] GC(5) User=0.00s Sys=0.00s Real=0.00s
[2020-09-11T14:22:53.332+0000][1][safepoint    ] Safepoint "BulkRevokeBias", Time since last: 16093831 ns, Reaching safepoint: 15916580 ns, At safepoint: 28047546 ns, Total: 43964126 ns
[2020-09-11T14:22:53.332+0000][1][gc           ] GC(5) Concurrent Mark
[2020-09-11T14:22:53.344+0000][1][safepoint    ] Safepoint "RevokeBias", Time since last: 11996579 ns, Reaching safepoint: 312823 ns, At safepoint: 31740 ns, Total: 344563 ns
[2020-09-11T14:22:53.344+0000][1][safepoint    ] Safepoint "RevokeBias", Time since last: 72774 ns, Reaching safepoint: 78768 ns, At safepoint: 17824 ns, Total: 96592 ns
[2020-09-11T14:22:53.344+0000][1][safepoint    ] Safepoint "RevokeBias", Time since last: 28095 ns, Reaching safepoint: 77841 ns, At safepoint: 16982 ns, Total: 94823 ns
[2020-09-11T14:22:53.347+0000][1][safepoint    ] Safepoint "RevokeBias", Time since last: 33762 ns, Reaching safepoint: 3263846 ns, At safepoint: 30020 ns, Total: 3293866 ns
[2020-09-11T14:22:53.349+0000][1][safepoint    ] Safepoint "RevokeBias", Time since last: 43491 ns, Reaching safepoint: 1068149 ns, At safepoint: 29428 ns, Total: 1097577 ns
[2020-09-11T14:22:53.425+0000][1][gc           ] GC(5) Concurrent Mark 93.671ms
[2020-09-11T14:22:53.425+0000][1][gc,cpu       ] GC(5) User=0.03s Sys=0.00s Real=0.10s
[2020-09-11T14:22:53.425+0000][1][gc           ] GC(5) Concurrent Preclean
[2020-09-11T14:22:53.426+0000][1][gc           ] GC(5) Concurrent Preclean 0.605ms
[2020-09-11T14:22:53.426+0000][1][gc,cpu       ] GC(5) User=0.00s Sys=0.00s Real=0.00s
[2020-09-11T14:22:53.426+0000][1][gc           ] GC(5) Concurrent Abortable Preclean
[2020-09-11T14:22:54.036+0000][1][safepoint    ] Safepoint "RevokeBias", Time since last: 687672199 ns, Reaching safepoint: 102362 ns, At safepoint: 17199 ns, Total: 119561 ns
[2020-09-11T14:22:54.052+0000][1][safepoint    ] Safepoint "RevokeBias", Time since last: 15071925 ns, Reaching safepoint: 51032 ns, At safepoint: 14736 ns, Total: 65768 ns
[2020-09-11T14:22:54.052+0000][1][safepoint    ] Safepoint "RevokeBias", Time since last: 64424 ns, Reaching safepoint: 79749 ns, At safepoint: 7948 ns, Total: 87697 ns
[2020-09-11T14:22:54.088+0000][1][safepoint    ] Safepoint "Deoptimize", Time since last: 35744693 ns, Reaching safepoint: 62684 ns, At safepoint: 194588 ns, Total: 257272 ns
[2020-09-11T14:22:54.157+0000][1][safepoint    ] Safepoint "CollectForMetadataAllocation", Time since last: 69230006 ns, Reaching safepoint: 87886 ns, At safepoint: 70860 ns, Total: 158746 ns
[2020-09-11T14:22:54.576+0000][1][safepoint    ] Safepoint "Deoptimize", Time since last: 418338190 ns, Reaching safepoint: 99672 ns, At safepoint: 190863 ns, Total: 290535 ns
[2020-09-11T14:22:54.877+0000][1][gc,start     ] GC(6) Pause Young (Allocation Failure)
[2020-09-11T14:22:54.878+0000][1][gc,task      ] GC(6) Using 1 workers of 1 for evacuation
[2020-09-11T14:22:54.930+0000][1][gc,age       ] GC(6) Desired survivor size 4358144 bytes, new threshold 4 (max threshold 6)
[2020-09-11T14:22:54.930+0000][1][gc,age       ] GC(6) Age table with threshold 4 (max threshold 6)
[2020-09-11T14:22:54.930+0000][1][gc,age       ] GC(6) - age   1:    1864584 bytes,    1864584 total
[2020-09-11T14:22:54.930+0000][1][gc,age       ] GC(6) - age   2:    1252128 bytes,    3116712 total
[2020-09-11T14:22:54.930+0000][1][gc,age       ] GC(6) - age   3:     351544 bytes,    3468256 total
[2020-09-11T14:22:54.930+0000][1][gc,age       ] GC(6) - age   4:    1009776 bytes,    4478032 total
[2020-09-11T14:22:54.930+0000][1][gc,heap      ] GC(6) ParNew: 71973K->5898K(76672K)
[2020-09-11T14:22:54.930+0000][1][gc,heap      ] GC(6) CMS: 10017K->10017K(439104K)
[2020-09-11T14:22:54.930+0000][1][gc,metaspace ] GC(6) Metaspace: 21190K->21190K(1069056K)
[2020-09-11T14:22:54.930+0000][1][gc           ] GC(6) Pause Young (Allocation Failure) 80M->15M(503M) 52.523ms
[2020-09-11T14:22:54.930+0000][1][gc,cpu       ] GC(6) User=0.02s Sys=0.00s Real=0.05s
[2020-09-11T14:22:54.978+0000][1][safepoint    ] Safepoint "GenCollectForAllocation", Time since last: 301656947 ns, Reaching safepoint: 103739 ns, At safepoint: 100048731 ns, Total: 100152470 ns
[2020-09-11T14:22:55.036+0000][1][safepoint    ] Safepoint "RevokeBias", Time since last: 15714286 ns, Reaching safepoint: 42333442 ns, At safepoint: 35871 ns, Total: 42369313 ns
[2020-09-11T14:22:55.096+0000][1][safepoint    ] Safepoint "RevokeBias", Time since last: 13663730 ns, Reaching safepoint: 46208727 ns, At safepoint: 30763 ns, Total: 46239490 ns
[2020-09-11T14:22:55.096+0000][1][safepoint    ] Safepoint "RevokeBias", Time since last: 83970 ns, Reaching safepoint: 9680 ns, At safepoint: 12927 ns, Total: 22607 ns
[2020-09-11T14:22:55.096+0000][1][safepoint    ] Safepoint "RevokeBias", Time since last: 26550 ns, Reaching safepoint: 7615 ns, At safepoint: 11496 ns, Total: 19111 ns
[2020-09-11T14:22:55.096+0000][1][safepoint    ] Safepoint "RevokeBias", Time since last: 28610 ns, Reaching safepoint: 8189 ns, At safepoint: 11490 ns, Total: 19679 ns
[2020-09-11T14:22:55.096+0000][1][safepoint    ] Safepoint "RevokeBias", Time since last: 24612 ns, Reaching safepoint: 7322 ns, At safepoint: 11144 ns, Total: 18466 ns
[2020-09-11T14:22:55.795+0000][1][gc           ] GC(5) Concurrent Abortable Preclean 2369.477ms
[2020-09-11T14:22:55.795+0000][1][gc,cpu       ] GC(5) User=0.58s Sys=0.01s Real=2.37s
[2020-09-11T14:22:55.796+0000][1][gc,start     ] GC(5) Pause Remark
[2020-09-11T14:22:55.934+0000][1][gc           ] GC(5) Pause Remark 69M->69M(503M) 138.572ms
[2020-09-11T14:22:55.934+0000][1][gc,cpu       ] GC(5) User=0.03s Sys=0.00s Real=0.13s
[2020-09-11T14:22:55.987+0000][1][safepoint    ] Safepoint "CMS_Final_Remark", Time since last: 699763565 ns, Reaching safepoint: 172135 ns, At safepoint: 191730378 ns, Total: 191902513 ns
[2020-09-11T14:22:55.987+0000][1][gc           ] GC(5) Concurrent Sweep
[2020-09-11T14:22:55.990+0000][1][gc           ] GC(5) Concurrent Sweep 2.554ms
[2020-09-11T14:22:55.990+0000][1][gc,cpu       ] GC(5) User=0.01s Sys=0.00s Real=0.00s
[2020-09-11T14:22:55.990+0000][1][gc           ] GC(5) Concurrent Reset
[2020-09-11T14:22:55.991+0000][1][gc           ] GC(5) Concurrent Reset 0.646ms
[2020-09-11T14:22:55.991+0000][1][gc,cpu       ] GC(5) User=0.00s Sys=0.00s Real=0.00s
[2020-09-11T14:22:55.991+0000][1][gc,heap      ] GC(5) Old: 10017K->10015K(439104K)
[2020-09-11T14:22:56.132+0000][1][gc,start     ] GC(7) Pause Young (Allocation Failure)
[2020-09-11T14:22:56.132+0000][1][gc,task      ] GC(7) Using 1 workers of 1 for evacuation
[2020-09-11T14:22:56.178+0000][1][gc,age       ] GC(7) Desired survivor size 4358144 bytes, new threshold 4 (max threshold 6)
[2020-09-11T14:22:56.178+0000][1][gc,age       ] GC(7) Age table with threshold 4 (max threshold 6)
[2020-09-11T14:22:56.178+0000][1][gc,age       ] GC(7) - age   1:    1285632 bytes,    1285632 total
[2020-09-11T14:22:56.178+0000][1][gc,age       ] GC(7) - age   2:    1525984 bytes,    2811616 total
[2020-09-11T14:22:56.178+0000][1][gc,age       ] GC(7) - age   3:    1251520 bytes,    4063136 total
[2020-09-11T14:22:56.178+0000][1][gc,age       ] GC(7) - age   4:     351544 bytes,    4414680 total
[2020-09-11T14:22:56.178+0000][1][gc,heap      ] GC(7) ParNew: 74058K->8034K(76672K)
[2020-09-11T14:22:56.178+0000][1][gc,heap      ] GC(7) CMS: 10015K->11010K(439104K)
[2020-09-11T14:22:56.178+0000][1][gc,metaspace ] GC(7) Metaspace: 21286K->21286K(1069056K)
[2020-09-11T14:22:56.178+0000][1][gc           ] GC(7) Pause Young (Allocation Failure) 82M->18M(503M) 45.893ms
[2020-09-11T14:22:56.178+0000][1][gc,cpu       ] GC(7) User=0.01s Sys=0.00s Real=0.05s
[2020-09-11T14:22:56.203+0000][1][safepoint    ] Safepoint "GenCollectForAllocation", Time since last: 142116496 ns, Reaching safepoint: 2220005 ns, At safepoint: 71697135 ns, Total: 73917140 ns
[2020-09-11T14:22:56.220+0000][1][safepoint    ] Safepoint "RevokeBias", Time since last: 16062603 ns, Reaching safepoint: 99020 ns, At safepoint: 33456 ns, Total: 132476 ns
[2020-09-11T14:22:56.220+0000][1][safepoint    ] Safepoint "RevokeBias", Time since last: 61812 ns, Reaching safepoint: 78001 ns, At safepoint: 19515 ns, Total: 97516 ns
[2020-09-11T14:22:56.220+0000][1][safepoint    ] Safepoint "RevokeBias", Time since last: 45457 ns, Reaching safepoint: 78116 ns, At safepoint: 17407 ns, Total: 95523 ns
[2020-09-11T14:22:56.220+0000][1][safepoint    ] Safepoint "RevokeBias", Time since last: 47961 ns, Reaching safepoint: 77476 ns, At safepoint: 20443 ns, Total: 97919 ns
[2020-09-11T14:22:57.032+0000][1][gc,start     ] GC(8) Pause Young (Allocation Failure)
[2020-09-11T14:22:57.032+0000][1][gc,task      ] GC(8) Using 1 workers of 1 for evacuation
[2020-09-11T14:22:57.055+0000][1][gc,age       ] GC(8) Desired survivor size 4358144 bytes, new threshold 4 (max threshold 6)
[2020-09-11T14:22:57.055+0000][1][gc,age       ] GC(8) Age table with threshold 4 (max threshold 6)
[2020-09-11T14:22:57.055+0000][1][gc,age       ] GC(8) - age   1:    1395816 bytes,    1395816 total
[2020-09-11T14:22:57.055+0000][1][gc,age       ] GC(8) - age   2:     445720 bytes,    1841536 total
[2020-09-11T14:22:57.055+0000][1][gc,age       ] GC(8) - age   3:    1524048 bytes,    3365584 total
[2020-09-11T14:22:57.055+0000][1][gc,age       ] GC(8) - age   4:    1250864 bytes,    4616448 total
[2020-09-11T14:22:57.055+0000][1][gc,heap      ] GC(8) ParNew: 76194K->5241K(76672K)
[2020-09-11T14:22:57.055+0000][1][gc,heap      ] GC(8) CMS: 11010K->11358K(439104K)
[2020-09-11T14:22:57.055+0000][1][gc,metaspace ] GC(8) Metaspace: 21466K->21466K(1069056K)
[2020-09-11T14:22:57.055+0000][1][gc           ] GC(8) Pause Young (Allocation Failure) 85M->16M(503M) 23.071ms
[2020-09-11T14:22:57.055+0000][1][gc,cpu       ] GC(8) User=0.01s Sys=0.00s Real=0.02s
[2020-09-11T14:22:57.083+0000][1][safepoint    ] Safepoint "GenCollectForAllocation", Time since last: 811345319 ns, Reaching safepoint: 117740 ns, At safepoint: 51941090 ns, Total: 52058830 ns
[2020-09-11T14:22:57.104+0000][1][safepoint    ] Safepoint "RevokeBias", Time since last: 13721416 ns, Reaching safepoint: 6270200 ns, At safepoint: 47495 ns, Total: 6317695 ns
[2020-09-11T14:22:57.104+0000][1][safepoint    ] Safepoint "RevokeBias", Time since last: 70302 ns, Reaching safepoint: 80824 ns, At safepoint: 20294 ns, Total: 101118 ns
[2020-09-11T14:22:57.104+0000][1][safepoint    ] Safepoint "RevokeBias", Time since last: 54321 ns, Reaching safepoint: 78607 ns, At safepoint: 18599 ns, Total: 97206 ns
[2020-09-11T14:22:57.104+0000][1][safepoint    ] Safepoint "RevokeBias", Time since last: 32249 ns, Reaching safepoint: 78096 ns, At safepoint: 17765 ns, Total: 95861 ns
[2020-09-11T14:22:57.763+0000][1][gc,start     ] GC(9) Pause Young (Allocation Failure)
[2020-09-11T14:22:57.764+0000][1][gc,task      ] GC(9) Using 1 workers of 1 for evacuation
[2020-09-11T14:22:57.803+0000][1][gc,age       ] GC(9) Desired survivor size 4358144 bytes, new threshold 4 (max threshold 6)
[2020-09-11T14:22:57.803+0000][1][gc,age       ] GC(9) Age table with threshold 4 (max threshold 6)
[2020-09-11T14:22:57.803+0000][1][gc,age       ] GC(9) - age   1:    2084736 bytes,    2084736 total
[2020-09-11T14:22:57.803+0000][1][gc,age       ] GC(9) - age   2:     829520 bytes,    2914256 total
[2020-09-11T14:22:57.803+0000][1][gc,age       ] GC(9) - age   3:     445640 bytes,    3359896 total
[2020-09-11T14:22:57.803+0000][1][gc,age       ] GC(9) - age   4:    1524048 bytes,    4883944 total
[2020-09-11T14:22:57.803+0000][1][gc,heap      ] GC(9) ParNew: 73401K->8072K(76672K)
[2020-09-11T14:22:57.803+0000][1][gc,heap      ] GC(9) CMS: 11358K->12593K(439104K)
[2020-09-11T14:22:57.803+0000][1][gc,metaspace ] GC(9) Metaspace: 21560K->21560K(1069056K)
[2020-09-11T14:22:57.803+0000][1][gc           ] GC(9) Pause Young (Allocation Failure) 82M->20M(503M) 39.733ms
[2020-09-11T14:22:57.803+0000][1][gc,cpu       ] GC(9) User=0.01s Sys=0.00s Real=0.03s
[2020-09-11T14:22:57.823+0000][1][safepoint    ] Safepoint "GenCollectForAllocation", Time since last: 650953143 ns, Reaching safepoint: 8504464 ns, At safepoint: 60000979 ns, Total: 68505443 ns
[2020-09-11T14:22:57.841+0000][1][safepoint    ] Safepoint "RevokeBias", Time since last: 16903677 ns, Reaching safepoint: 94897 ns, At safepoint: 873979 ns, Total: 968876 ns
[2020-09-11T14:22:57.848+0000][1][safepoint    ] Safepoint "RevokeBias", Time since last: 54182 ns, Reaching safepoint: 6090639 ns, At safepoint: 56725 ns, Total: 6147364 ns
[2020-09-11T14:22:57.851+0000][1][safepoint    ] Safepoint "RevokeBias", Time since last: 81142 ns, Reaching safepoint: 3849202 ns, At safepoint: 45088 ns, Total: 3894290 ns
[2020-09-11T14:22:57.852+0000][1][safepoint    ] Safepoint "RevokeBias", Time since last: 66486 ns, Reaching safepoint: 80784 ns, At safepoint: 25960 ns, Total: 106744 ns
[2020-09-11T14:22:58.045+0000][1][safepoint    ] Safepoint "RevokeBias", Time since last: 192954932 ns, Reaching safepoint: 107733 ns, At safepoint: 17473 ns, Total: 125206 ns
[2020-09-11T14:22:58.060+0000][1][safepoint    ] Safepoint "RevokeBias", Time since last: 14672552 ns, Reaching safepoint: 105242 ns, At safepoint: 19998 ns, Total: 125240 ns
[2020-09-11T14:22:58.384+0000][1][gc,start     ] GC(10) Pause Young (Allocation Failure)
[2020-09-11T14:22:58.384+0000][1][gc,task      ] GC(10) Using 1 workers of 1 for evacuation
[2020-09-11T14:22:58.439+0000][1][gc,age       ] GC(10) Desired survivor size 4358144 bytes, new threshold 6 (max threshold 6)
[2020-09-11T14:22:58.439+0000][1][gc,age       ] GC(10) Age table with threshold 6 (max threshold 6)
[2020-09-11T14:22:58.439+0000][1][gc,age       ] GC(10) - age   1:    2405872 bytes,    2405872 total
[2020-09-11T14:22:58.439+0000][1][gc,age       ] GC(10) - age   2:     112688 bytes,    2518560 total
[2020-09-11T14:22:58.439+0000][1][gc,age       ] GC(10) - age   3:     829520 bytes,    3348080 total
[2020-09-11T14:22:58.439+0000][1][gc,age       ] GC(10) - age   4:     445616 bytes,    3793696 total
[2020-09-11T14:22:58.439+0000][1][gc,heap      ] GC(10) ParNew: 76232K->5595K(76672K)
[2020-09-11T14:22:58.439+0000][1][gc,heap      ] GC(10) CMS: 12593K->14093K(439104K)
[2020-09-11T14:22:58.439+0000][1][gc,metaspace ] GC(10) Metaspace: 21701K->21701K(1069056K)
[2020-09-11T14:22:58.439+0000][1][gc           ] GC(10) Pause Young (Allocation Failure) 86M->19M(503M) 55.128ms
[2020-09-11T14:22:58.439+0000][1][gc,cpu       ] GC(10) User=0.02s Sys=0.00s Real=0.05s
[2020-09-11T14:22:58.462+0000][1][safepoint    ] Safepoint "GenCollectForAllocation", Time since last: 324308221 ns, Reaching safepoint: 118349 ns, At safepoint: 77547411 ns, Total: 77665760 ns
[2020-09-11T14:22:58.472+0000][1][safepoint    ] Safepoint "RevokeBias", Time since last: 9902562 ns, Reaching safepoint: 105278 ns, At safepoint: 47624 ns, Total: 152902 ns
[2020-09-11T14:22:58.472+0000][1][safepoint    ] Safepoint "RevokeBias", Time since last: 55510 ns, Reaching safepoint: 79280 ns, At safepoint: 29234 ns, Total: 108514 ns
[2020-09-11T14:22:58.472+0000][1][safepoint    ] Safepoint "BulkRevokeBias", Time since last: 45899 ns, Reaching safepoint: 78855 ns, At safepoint: 49569 ns, Total: 128424 ns
[2020-09-11T14:22:58.472+0000][1][safepoint    ] Safepoint "BulkRevokeBias", Time since last: 25547 ns, Reaching safepoint: 77120 ns, At safepoint: 39439 ns, Total: 116559 ns
[2020-09-11T14:22:59.361+0000][1][gc,start     ] GC(11) Pause Young (Allocation Failure)
[2020-09-11T14:22:59.361+0000][1][gc,task      ] GC(11) Using 1 workers of 1 for evacuation
[2020-09-11T14:22:59.383+0000][1][gc,age       ] GC(11) Desired survivor size 4358144 bytes, new threshold 6 (max threshold 6)
[2020-09-11T14:22:59.383+0000][1][gc,age       ] GC(11) Age table with threshold 6 (max threshold 6)
[2020-09-11T14:22:59.383+0000][1][gc,age       ] GC(11) - age   1:    1659216 bytes,    1659216 total
[2020-09-11T14:22:59.383+0000][1][gc,age       ] GC(11) - age   2:     403720 bytes,    2062936 total
[2020-09-11T14:22:59.383+0000][1][gc,age       ] GC(11) - age   3:     112584 bytes,    2175520 total
[2020-09-11T14:22:59.383+0000][1][gc,age       ] GC(11) - age   4:     829520 bytes,    3005040 total
[2020-09-11T14:22:59.383+0000][1][gc,age       ] GC(11) - age   5:     445616 bytes,    3450656 total
[2020-09-11T14:22:59.383+0000][1][gc,heap      ] GC(11) ParNew: 73755K->3478K(76672K)
[2020-09-11T14:22:59.383+0000][1][gc,heap      ] GC(11) CMS: 14093K->14093K(439104K)
[2020-09-11T14:22:59.383+0000][1][gc,metaspace ] GC(11) Metaspace: 22616K->22616K(1071104K)
[2020-09-11T14:22:59.383+0000][1][gc           ] GC(11) Pause Young (Allocation Failure) 85M->17M(503M) 22.363ms
[2020-09-11T14:22:59.383+0000][1][gc,cpu       ] GC(11) User=0.01s Sys=0.00s Real=0.02s
[2020-09-11T14:22:59.399+0000][1][safepoint    ] Safepoint "GenCollectForAllocation", Time since last: 888572532 ns, Reaching safepoint: 100578 ns, At safepoint: 38701566 ns, Total: 38802144 ns
[2020-09-11T14:22:59.868+0000][1][gc,start     ] GC(12) Pause Young (Allocation Failure)
[2020-09-11T14:22:59.868+0000][1][gc,task      ] GC(12) Using 1 workers of 1 for evacuation
[2020-09-11T14:22:59.877+0000][1][gc,age       ] GC(12) Desired survivor size 4358144 bytes, new threshold 6 (max threshold 6)
[2020-09-11T14:22:59.877+0000][1][gc,age       ] GC(12) Age table with threshold 6 (max threshold 6)
[2020-09-11T14:22:59.877+0000][1][gc,age       ] GC(12) - age   1:     449224 bytes,     449224 total
[2020-09-11T14:22:59.877+0000][1][gc,age       ] GC(12) - age   2:     577856 bytes,    1027080 total
[2020-09-11T14:22:59.877+0000][1][gc,age       ] GC(12) - age   3:     403720 bytes,    1430800 total
[2020-09-11T14:22:59.877+0000][1][gc,age       ] GC(12) - age   4:     112480 bytes,    1543280 total
[2020-09-11T14:22:59.877+0000][1][gc,age       ] GC(12) - age   5:     829232 bytes,    2372512 total
[2020-09-11T14:22:59.877+0000][1][gc,age       ] GC(12) - age   6:     445616 bytes,    2818128 total
[2020-09-11T14:22:59.878+0000][1][gc,heap      ] GC(12) ParNew: 71638K->3396K(76672K)
[2020-09-11T14:22:59.878+0000][1][gc,heap      ] GC(12) CMS: 14093K->14093K(439104K)
[2020-09-11T14:22:59.878+0000][1][gc,metaspace ] GC(12) Metaspace: 22640K->22640K(1071104K)
[2020-09-11T14:22:59.878+0000][1][gc           ] GC(12) Pause Young (Allocation Failure) 83M->17M(503M) 9.986ms
[2020-09-11T14:22:59.878+0000][1][gc,cpu       ] GC(12) User=0.00s Sys=0.00s Real=0.01s
[2020-09-11T14:22:59.894+0000][1][safepoint    ] Safepoint "GenCollectForAllocation", Time since last: 468017283 ns, Reaching safepoint: 106055 ns, At safepoint: 25968664 ns, Total: 26074719 ns
[2020-09-11T14:23:00.368+0000][1][gc,start     ] GC(13) Pause Young (Allocation Failure)
[2020-09-11T14:23:00.368+0000][1][gc,task      ] GC(13) Using 1 workers of 1 for evacuation
[2020-09-11T14:23:00.417+0000][1][gc,age       ] GC(13) Desired survivor size 4358144 bytes, new threshold 6 (max threshold 6)
[2020-09-11T14:23:00.417+0000][1][gc,age       ] GC(13) Age table with threshold 6 (max threshold 6)
[2020-09-11T14:23:00.417+0000][1][gc,age       ] GC(13) - age   1:    1832112 bytes,    1832112 total
[2020-09-11T14:23:00.417+0000][1][gc,age       ] GC(13) - age   2:     203304 bytes,    2035416 total
[2020-09-11T14:23:00.417+0000][1][gc,age       ] GC(13) - age   3:     577744 bytes,    2613160 total
[2020-09-11T14:23:00.417+0000][1][gc,age       ] GC(13) - age   4:     403720 bytes,    3016880 total
[2020-09-11T14:23:00.417+0000][1][gc,age       ] GC(13) - age   5:     112480 bytes,    3129360 total
[2020-09-11T14:23:00.417+0000][1][gc,age       ] GC(13) - age   6:     829232 bytes,    3958592 total
[2020-09-11T14:23:00.417+0000][1][gc,heap      ] GC(13) ParNew: 71556K->5826K(76672K)
[2020-09-11T14:23:00.417+0000][1][gc,heap      ] GC(13) CMS: 14093K->14532K(439104K)
[2020-09-11T14:23:00.417+0000][1][gc,metaspace ] GC(13) Metaspace: 22744K->22744K(1071104K)
[2020-09-11T14:23:00.417+0000][1][gc           ] GC(13) Pause Young (Allocation Failure) 83M->19M(503M) 49.355ms
[2020-09-11T14:23:00.417+0000][1][gc,cpu       ] GC(13) User=0.02s Sys=0.00s Real=0.05s
[2020-09-11T14:23:00.419+0000][1][safepoint    ] Safepoint "GenCollectForAllocation", Time since last: 473931146 ns, Reaching safepoint: 107394 ns, At safepoint: 51634597 ns, Total: 51741991 ns
[2020-09-11T14:23:00.947+0000][1][gc,start     ] GC(14) Pause Young (Allocation Failure)
[2020-09-11T14:23:00.947+0000][1][gc,task      ] GC(14) Using 1 workers of 1 for evacuation
[2020-09-11T14:23:00.958+0000][1][gc,age       ] GC(14) Desired survivor size 4358144 bytes, new threshold 6 (max threshold 6)
[2020-09-11T14:23:00.958+0000][1][gc,age       ] GC(14) Age table with threshold 6 (max threshold 6)
[2020-09-11T14:23:00.958+0000][1][gc,age       ] GC(14) - age   1:     345960 bytes,     345960 total
[2020-09-11T14:23:00.958+0000][1][gc,age       ] GC(14) - age   2:     103416 bytes,     449376 total
[2020-09-11T14:23:00.958+0000][1][gc,age       ] GC(14) - age   3:     203304 bytes,     652680 total
[2020-09-11T14:23:00.958+0000][1][gc,age       ] GC(14) - age   4:     577744 bytes,    1230424 total
[2020-09-11T14:23:00.958+0000][1][gc,age       ] GC(14) - age   5:     403720 bytes,    1634144 total
[2020-09-11T14:23:00.958+0000][1][gc,age       ] GC(14) - age   6:     112480 bytes,    1746624 total
[2020-09-11T14:23:00.958+0000][1][gc,heap      ] GC(14) ParNew: 73986K->3627K(76672K)
[2020-09-11T14:23:00.958+0000][1][gc,heap      ] GC(14) CMS: 14532K->15348K(439104K)
[2020-09-11T14:23:00.958+0000][1][gc,metaspace ] GC(14) Metaspace: 22823K->22823K(1071104K)
[2020-09-11T14:23:00.958+0000][1][gc           ] GC(14) Pause Young (Allocation Failure) 86M->18M(503M) 11.580ms
[2020-09-11T14:23:00.958+0000][1][gc,cpu       ] GC(14) User=0.01s Sys=0.00s Real=0.01s
[2020-09-11T14:23:00.979+0000][1][safepoint    ] Safepoint "GenCollectForAllocation", Time since last: 527417889 ns, Reaching safepoint: 115896 ns, At safepoint: 32722183 ns, Total: 32838079 ns
[2020-09-11T14:23:01.440+0000][1][gc,start     ] GC(15) Pause Young (Allocation Failure)
[2020-09-11T14:23:01.440+0000][1][gc,task      ] GC(15) Using 1 workers of 1 for evacuation
[2020-09-11T14:23:01.463+0000][1][gc,age       ] GC(15) Desired survivor size 4358144 bytes, new threshold 6 (max threshold 6)
[2020-09-11T14:23:01.463+0000][1][gc,age       ] GC(15) Age table with threshold 6 (max threshold 6)
[2020-09-11T14:23:01.463+0000][1][gc,age       ] GC(15) - age   1:     125312 bytes,     125312 total
[2020-09-11T14:23:01.463+0000][1][gc,age       ] GC(15) - age   2:     314664 bytes,     439976 total
[2020-09-11T14:23:01.463+0000][1][gc,age       ] GC(15) - age   3:     103416 bytes,     543392 total
[2020-09-11T14:23:01.463+0000][1][gc,age       ] GC(15) - age   4:     203304 bytes,     746696 total
[2020-09-11T14:23:01.463+0000][1][gc,age       ] GC(15) - age   5:     577744 bytes,    1324440 total
[2020-09-11T14:23:01.463+0000][1][gc,age       ] GC(15) - age   6:     403720 bytes,    1728160 total
[2020-09-11T14:23:01.463+0000][1][gc,heap      ] GC(15) ParNew: 71787K->3093K(76672K)
[2020-09-11T14:23:01.463+0000][1][gc,heap      ] GC(15) CMS: 15348K->15461K(439104K)
[2020-09-11T14:23:01.463+0000][1][gc,metaspace ] GC(15) Metaspace: 22908K->22908K(1071104K)
[2020-09-11T14:23:01.463+0000][1][gc           ] GC(15) Pause Young (Allocation Failure) 85M->18M(503M) 23.364ms
[2020-09-11T14:23:01.463+0000][1][gc,cpu       ] GC(15) User=0.00s Sys=0.00s Real=0.02s
[2020-09-11T14:23:01.466+0000][1][safepoint    ] Safepoint "GenCollectForAllocation", Time since last: 459991117 ns, Reaching safepoint: 115702 ns, At safepoint: 26835760 ns, Total: 26951462 ns
[2020-09-11T14:23:01.904+0000][1][gc,start     ] GC(16) Pause Young (Allocation Failure)
[2020-09-11T14:23:01.904+0000][1][gc,task      ] GC(16) Using 1 workers of 1 for evacuation
[2020-09-11T14:23:01.948+0000][1][gc,age       ] GC(16) Desired survivor size 4358144 bytes, new threshold 6 (max threshold 6)
[2020-09-11T14:23:01.948+0000][1][gc,age       ] GC(16) Age table with threshold 6 (max threshold 6)
[2020-09-11T14:23:01.948+0000][1][gc,age       ] GC(16) - age   1:    1589368 bytes,    1589368 total
[2020-09-11T14:23:01.948+0000][1][gc,age       ] GC(16) - age   2:     106744 bytes,    1696112 total
[2020-09-11T14:23:01.948+0000][1][gc,age       ] GC(16) - age   3:     314664 bytes,    2010776 total
[2020-09-11T14:23:01.948+0000][1][gc,age       ] GC(16) - age   4:     103416 bytes,    2114192 total
[2020-09-11T14:23:01.948+0000][1][gc,age       ] GC(16) - age   5:     203152 bytes,    2317344 total
[2020-09-11T14:23:01.948+0000][1][gc,age       ] GC(16) - age   6:     577744 bytes,    2895088 total
[2020-09-11T14:23:01.948+0000][1][gc,heap      ] GC(16) ParNew: 71253K->3058K(76672K)
[2020-09-11T14:23:01.948+0000][1][gc,heap      ] GC(16) CMS: 15461K->15860K(439104K)
[2020-09-11T14:23:01.948+0000][1][gc,metaspace ] GC(16) Metaspace: 22928K->22928K(1071104K)
[2020-09-11T14:23:01.948+0000][1][gc           ] GC(16) Pause Young (Allocation Failure) 84M->18M(503M) 44.218ms
[2020-09-11T14:23:01.948+0000][1][gc,cpu       ] GC(16) User=0.02s Sys=0.00s Real=0.04s
[2020-09-11T14:23:01.948+0000][1][safepoint    ] Safepoint "GenCollectForAllocation", Time since last: 437052993 ns, Reaching safepoint: 111875 ns, At safepoint: 44272764 ns, Total: 44384639 ns
[2020-09-11T14:23:02.046+0000][1][safepoint    ] Safepoint "Deoptimize", Time since last: 97834907 ns, Reaching safepoint: 109441 ns, At safepoint: 209451 ns, Total: 318892 ns
[2020-09-11T14:23:03.048+0000][1][safepoint    ] Safepoint "Cleanup", Time since last: 1001435742 ns, Reaching safepoint: 244987 ns, At safepoint: 7398 ns, Total: 252385 ns
[2020-09-11T14:23:03.280+0000][1][safepoint    ] Safepoint "RevokeBias", Time since last: 231782640 ns, Reaching safepoint: 111911 ns, At safepoint: 18884 ns, Total: 130795 ns
[2020-09-11T14:23:03.280+0000][1][safepoint    ] Safepoint "RevokeBias", Time since last: 188200 ns, Reaching safepoint: 80507 ns, At safepoint: 7652 ns, Total: 88159 ns
[2020-09-11T14:23:04.280+0000][1][safepoint    ] Safepoint "Cleanup", Time since last: 1000086908 ns, Reaching safepoint: 52902 ns, At safepoint: 5734 ns, Total: 58636 ns
[2020-09-11T14:23:04.588+0000][1][safepoint    ] Safepoint "Deoptimize", Time since last: 307419596 ns, Reaching safepoint: 135599 ns, At safepoint: 209520 ns, Total: 345119 ns
[2020-09-11T14:23:04.688+0000][1][safepoint    ] Safepoint "Deoptimize", Time since last: 100035038 ns, Reaching safepoint: 100521 ns, At safepoint: 208874 ns, Total: 309395 ns
[2020-09-11T14:23:05.696+0000][1][safepoint    ] Safepoint "Cleanup", Time since last: 1007297471 ns, Reaching safepoint: 270130 ns, At safepoint: 7497 ns, Total: 277627 ns
[2020-09-11T14:23:06.703+0000][1][safepoint    ] Safepoint "Cleanup", Time since last: 1003716425 ns, Reaching safepoint: 4061571 ns, At safepoint: 15601 ns, Total: 4077172 ns
[2020-09-11T14:23:07.708+0000][1][safepoint    ] Safepoint "Cleanup", Time since last: 1003948553 ns, Reaching safepoint: 123038 ns, At safepoint: 5313 ns, Total: 128351 ns
[2020-09-11T14:23:07.724+0000][1][gc,start     ] GC(17) Pause Young (Allocation Failure)
[2020-09-11T14:23:07.724+0000][1][gc,task      ] GC(17) Using 1 workers of 1 for evacuation
[2020-09-11T14:23:07.814+0000][1][gc,age       ] GC(17) Desired survivor size 4358144 bytes, new threshold 1 (max threshold 6)
[2020-09-11T14:23:07.814+0000][1][gc,age       ] GC(17) Age table with threshold 1 (max threshold 6)
[2020-09-11T14:23:07.814+0000][1][gc,age       ] GC(17) - age   1:    7549120 bytes,    7549120 total
[2020-09-11T14:23:07.814+0000][1][gc,age       ] GC(17) - age   2:     154240 bytes,    7703360 total
[2020-09-11T14:23:07.814+0000][1][gc,age       ] GC(17) - age   3:     106376 bytes,    7809736 total
[2020-09-11T14:23:07.814+0000][1][gc,age       ] GC(17) - age   4:     314536 bytes,    8124272 total
[2020-09-11T14:23:07.814+0000][1][gc,age       ] GC(17) - age   5:     103168 bytes,    8227440 total
[2020-09-11T14:23:07.814+0000][1][gc,age       ] GC(17) - age   6:     203152 bytes,    8430592 total
[2020-09-11T14:23:07.814+0000][1][gc,heap      ] GC(17) ParNew: 71218K->8512K(76672K)
[2020-09-11T14:23:07.814+0000][1][gc,heap      ] GC(17) CMS: 15860K->16432K(439104K)
[2020-09-11T14:23:07.814+0000][1][gc,metaspace ] GC(17) Metaspace: 29526K->29526K(1077248K)
[2020-09-11T14:23:07.814+0000][1][gc           ] GC(17) Pause Young (Allocation Failure) 85M->24M(503M) 90.608ms
[2020-09-11T14:23:07.814+0000][1][gc,cpu       ] GC(17) User=0.04s Sys=0.00s Real=0.08s
[2020-09-11T14:23:07.839+0000][1][safepoint    ] Safepoint "GenCollectForAllocation", Time since last: 15868904 ns, Reaching safepoint: 100219 ns, At safepoint: 115966457 ns, Total: 116066676 ns
[2020-09-11T14:23:08.872+0000][1][safepoint    ] Safepoint "Cleanup", Time since last: 1020015709 ns, Reaching safepoint: 12553345 ns, At safepoint: 8586 ns, Total: 12561931 ns
[2020-09-11T14:23:09.881+0000][1][safepoint    ] Safepoint "Cleanup", Time since last: 1003305608 ns, Reaching safepoint: 5136647 ns, At safepoint: 9448 ns, Total: 5146095 ns
[2020-09-11T14:23:10.881+0000][1][safepoint    ] Safepoint "Cleanup", Time since last: 1000118676 ns, Reaching safepoint: 590523 ns, At safepoint: 6572 ns, Total: 597095 ns
[2020-09-11T14:23:11.899+0000][1][safepoint    ] Safepoint "Cleanup", Time since last: 1002195428 ns, Reaching safepoint: 15182040 ns, At safepoint: 7514 ns, Total: 15189554 ns
[2020-09-11T14:23:12.118+0000][1][gc,start     ] GC(18) Pause Young (Allocation Failure)
[2020-09-11T14:23:12.118+0000][1][gc,task      ] GC(18) Using 1 workers of 1 for evacuation
[2020-09-11T14:23:12.390+0000][1][gc,age       ] GC(18) Desired survivor size 4358144 bytes, new threshold 1 (max threshold 6)
[2020-09-11T14:23:12.390+0000][1][gc,age       ] GC(18) Age table with threshold 1 (max threshold 6)
[2020-09-11T14:23:12.390+0000][1][gc,age       ] GC(18) - age   1:    8630168 bytes,    8630168 total
[2020-09-11T14:23:12.390+0000][1][gc,heap      ] GC(18) ParNew: 76672K->8512K(76672K)
[2020-09-11T14:23:12.390+0000][1][gc,heap      ] GC(18) CMS: 16432K->24456K(439104K)
[2020-09-11T14:23:12.391+0000][1][gc,metaspace ] GC(18) Metaspace: 29699K->29699K(1077248K)
[2020-09-11T14:23:12.391+0000][1][gc           ] GC(18) Pause Young (Allocation Failure) 90M->32M(503M) 272.211ms
[2020-09-11T14:23:12.391+0000][1][gc,cpu       ] GC(18) User=0.09s Sys=0.00s Real=0.27s
[2020-09-11T14:23:12.400+0000][1][safepoint    ] Safepoint "GenCollectForAllocation", Time since last: 219583287 ns, Reaching safepoint: 104868 ns, At safepoint: 281939171 ns, Total: 282044039 ns
[2020-09-11T14:23:13.427+0000][1][safepoint    ] Safepoint "Cleanup", Time since last: 1013874740 ns, Reaching safepoint: 13115630 ns, At safepoint: 7994 ns, Total: 13123624 ns
[2020-09-11T14:23:14.439+0000][1][safepoint    ] Safepoint "Cleanup", Time since last: 1000113962 ns, Reaching safepoint: 12098317 ns, At safepoint: 14875 ns, Total: 12113192 ns
[2020-09-11T14:23:15.400+0000][1][safepoint    ] Safepoint "RevokeBias", Time since last: 959958259 ns, Reaching safepoint: 105188 ns, At safepoint: 33895 ns, Total: 139083 ns
[2020-09-11T14:23:16.280+0000][1][gc,start     ] GC(19) Pause Young (Allocation Failure)
[2020-09-11T14:23:16.280+0000][1][gc,task      ] GC(19) Using 1 workers of 1 for evacuation
[2020-09-11T14:23:16.495+0000][1][gc,age       ] GC(19) Desired survivor size 4358144 bytes, new threshold 1 (max threshold 6)
[2020-09-11T14:23:16.495+0000][1][gc,age       ] GC(19) Age table with threshold 1 (max threshold 6)
[2020-09-11T14:23:16.495+0000][1][gc,age       ] GC(19) - age   1:    8716208 bytes,    8716208 total
[2020-09-11T14:23:16.495+0000][1][gc,heap      ] GC(19) ParNew: 76672K->8512K(76672K)
[2020-09-11T14:23:16.495+0000][1][gc,heap      ] GC(19) CMS: 24456K->33409K(439104K)
[2020-09-11T14:23:16.495+0000][1][gc,metaspace ] GC(19) Metaspace: 29899K->29899K(1077248K)
[2020-09-11T14:23:16.495+0000][1][gc           ] GC(19) Pause Young (Allocation Failure) 98M->40M(503M) 215.477ms
[2020-09-11T14:23:16.495+0000][1][gc,cpu       ] GC(19) User=0.08s Sys=0.00s Real=0.21s
[2020-09-11T14:23:16.515+0000][1][safepoint    ] Safepoint "GenCollectForAllocation", Time since last: 879846069 ns, Reaching safepoint: 108392 ns, At safepoint: 235822896 ns, Total: 235931288 ns
[2020-09-11T14:23:17.542+0000][1][safepoint    ] Safepoint "Cleanup", Time since last: 1016053800 ns, Reaching safepoint: 10168695 ns, At safepoint: 9433 ns, Total: 10178128 ns
[2020-09-11T14:23:17.960+0000][1][safepoint    ] Safepoint "RevokeBias", Time since last: 417859323 ns, Reaching safepoint: 119268 ns, At safepoint: 41614 ns, Total: 160882 ns
[2020-09-11T14:23:18.907+0000][1][safepoint    ] Safepoint "RevokeBias", Time since last: 947402369 ns, Reaching safepoint: 146900 ns, At safepoint: 40333 ns, Total: 187233 ns
[2020-09-11T14:23:19.676+0000][1][gc,start     ] GC(20) Pause Young (Allocation Failure)
[2020-09-11T14:23:19.676+0000][1][gc,task      ] GC(20) Using 1 workers of 1 for evacuation
[2020-09-11T14:23:19.800+0000][1][gc,age       ] GC(20) Desired survivor size 4358144 bytes, new threshold 1 (max threshold 6)
[2020-09-11T14:23:19.800+0000][1][gc,age       ] GC(20) Age table with threshold 1 (max threshold 6)
[2020-09-11T14:23:19.800+0000][1][gc,age       ] GC(20) - age   1:    4499536 bytes,    4499536 total
[2020-09-11T14:23:19.800+0000][1][gc,heap      ] GC(20) ParNew: 76672K->8387K(76672K)
[2020-09-11T14:23:19.800+0000][1][gc,heap      ] GC(20) CMS: 33409K->41272K(439104K)
[2020-09-11T14:23:19.800+0000][1][gc,metaspace ] GC(20) Metaspace: 32099K->32099K(1079296K)
[2020-09-11T14:23:19.800+0000][1][gc           ] GC(20) Pause Young (Allocation Failure) 107M->48M(503M) 124.385ms
[2020-09-11T14:23:19.800+0000][1][gc,cpu       ] GC(20) User=0.04s Sys=0.00s Real=0.12s
[2020-09-11T14:23:19.811+0000][1][safepoint    ] Safepoint "GenCollectForAllocation", Time since last: 768219605 ns, Reaching safepoint: 102012 ns, At safepoint: 135950384 ns, Total: 136052396 ns
[2020-09-11T14:23:20.297+0000][1][safepoint    ] Safepoint "Deoptimize", Time since last: 484324019 ns, Reaching safepoint: 1097373 ns, At safepoint: 242917 ns, Total: 1340290 ns
[2020-09-11T14:23:21.311+0000][1][safepoint    ] Safepoint "Cleanup", Time since last: 1006271018 ns, Reaching safepoint: 8074264 ns, At safepoint: 15446 ns, Total: 8089710 ns
[2020-09-11T14:23:22.327+0000][1][safepoint    ] Safepoint "Cleanup", Time since last: 1003919215 ns, Reaching safepoint: 11826005 ns, At safepoint: 8312 ns, Total: 11834317 ns
[2020-09-11T14:23:22.356+0000][1][safepoint    ] Safepoint "Deoptimize", Time since last: 24197530 ns, Reaching safepoint: 3987050 ns, At safepoint: 257219 ns, Total: 4244269 ns
[2020-09-11T14:23:23.116+0000][1][gc,start     ] GC(21) Pause Young (Allocation Failure)
[2020-09-11T14:23:23.116+0000][1][gc,task      ] GC(21) Using 1 workers of 1 for evacuation
[2020-09-11T14:23:23.165+0000][1][gc,age       ] GC(21) Desired survivor size 4358144 bytes, new threshold 6 (max threshold 6)
[2020-09-11T14:23:23.165+0000][1][gc,age       ] GC(21) Age table with threshold 6 (max threshold 6)
[2020-09-11T14:23:23.165+0000][1][gc,age       ] GC(21) - age   1:     973960 bytes,     973960 total
[2020-09-11T14:23:23.165+0000][1][gc,heap      ] GC(21) ParNew: 76547K->3744K(76672K)
[2020-09-11T14:23:23.165+0000][1][gc,heap      ] GC(21) CMS: 41272K->45592K(439104K)
[2020-09-11T14:23:23.165+0000][1][gc,metaspace ] GC(21) Metaspace: 32404K->32404K(1079296K)
[2020-09-11T14:23:23.165+0000][1][gc           ] GC(21) Pause Young (Allocation Failure) 115M->48M(503M) 49.789ms
[2020-09-11T14:23:23.165+0000][1][gc,cpu       ] GC(21) User=0.01s Sys=0.00s Real=0.05s
[2020-09-11T14:23:23.183+0000][1][safepoint    ] Safepoint "GenCollectForAllocation", Time since last: 756152005 ns, Reaching safepoint: 3720154 ns, At safepoint: 67666063 ns, Total: 71386217 ns
[2020-09-11T14:23:24.209+0000][1][safepoint    ] Safepoint "Cleanup", Time since last: 1020178224 ns, Reaching safepoint: 5174660 ns, At safepoint: 9207 ns, Total: 5183867 ns
[2020-09-11T14:23:24.216+0000][1][gc,start     ] GC(22) Pause Young (Allocation Failure)
[2020-09-11T14:23:24.216+0000][1][gc,task      ] GC(22) Using 1 workers of 1 for evacuation
[2020-09-11T14:23:24.218+0000][1][gc,age       ] GC(22) Desired survivor size 4358144 bytes, new threshold 6 (max threshold 6)
[2020-09-11T14:23:24.218+0000][1][gc,age       ] GC(22) Age table with threshold 6 (max threshold 6)
[2020-09-11T14:23:24.218+0000][1][gc,age       ] GC(22) - age   1:     250464 bytes,     250464 total
[2020-09-11T14:23:24.218+0000][1][gc,age       ] GC(22) - age   2:     438920 bytes,     689384 total
[2020-09-11T14:23:24.218+0000][1][gc,heap      ] GC(22) ParNew: 71904K->1173K(76672K)
[2020-09-11T14:23:24.218+0000][1][gc,heap      ] GC(22) CMS: 45592K->45592K(439104K)
[2020-09-11T14:23:24.218+0000][1][gc,metaspace ] GC(22) Metaspace: 32417K->32417K(1079296K)
[2020-09-11T14:23:24.218+0000][1][gc           ] GC(22) Pause Young (Allocation Failure) 114M->45M(503M) 2.868ms
[2020-09-11T14:23:24.218+0000][1][gc,cpu       ] GC(22) User=0.00s Sys=0.00s Real=0.00s
[2020-09-11T14:23:24.227+0000][1][safepoint    ] Safepoint "GenCollectForAllocation", Time since last: 6835020 ns, Reaching safepoint: 107477 ns, At safepoint: 11909744 ns, Total: 12017221 ns
[2020-09-11T14:23:24.924+0000][1][gc,start     ] GC(23) Pause Young (Allocation Failure)
[2020-09-11T14:23:24.924+0000][1][gc,task      ] GC(23) Using 1 workers of 1 for evacuation
[2020-09-11T14:23:24.926+0000][1][gc,age       ] GC(23) Desired survivor size 4358144 bytes, new threshold 6 (max threshold 6)
[2020-09-11T14:23:24.926+0000][1][gc,age       ] GC(23) Age table with threshold 6 (max threshold 6)
[2020-09-11T14:23:24.926+0000][1][gc,age       ] GC(23) - age   1:        232 bytes,        232 total
[2020-09-11T14:23:24.926+0000][1][gc,age       ] GC(23) - age   2:     250176 bytes,     250408 total
[2020-09-11T14:23:24.926+0000][1][gc,age       ] GC(23) - age   3:     438920 bytes,     689328 total
[2020-09-11T14:23:24.926+0000][1][gc,heap      ] GC(23) ParNew: 69333K->1091K(76672K)
[2020-09-11T14:23:24.926+0000][1][gc,heap      ] GC(23) CMS: 45592K->45592K(439104K)
[2020-09-11T14:23:24.926+0000][1][gc,metaspace ] GC(23) Metaspace: 32418K->32418K(1079296K)
[2020-09-11T14:23:24.926+0000][1][gc           ] GC(23) Pause Young (Allocation Failure) 112M->45M(503M) 2.844ms
[2020-09-11T14:23:24.926+0000][1][gc,cpu       ] GC(23) User=0.00s Sys=0.00s Real=0.00s
[2020-09-11T14:23:24.935+0000][1][safepoint    ] Safepoint "GenCollectForAllocation", Time since last: 696001734 ns, Reaching safepoint: 112415 ns, At safepoint: 11884012 ns, Total: 11996427 ns
[2020-09-11T14:23:25.478+0000][1][gc,start     ] GC(24) Pause Young (Allocation Failure)
[2020-09-11T14:23:25.478+0000][1][gc,task      ] GC(24) Using 1 workers of 1 for evacuation
[2020-09-11T14:23:25.485+0000][1][gc,age       ] GC(24) Desired survivor size 4358144 bytes, new threshold 6 (max threshold 6)
[2020-09-11T14:23:25.485+0000][1][gc,age       ] GC(24) Age table with threshold 6 (max threshold 6)
[2020-09-11T14:23:25.485+0000][1][gc,age       ] GC(24) - age   1:        184 bytes,        184 total
[2020-09-11T14:23:25.485+0000][1][gc,age       ] GC(24) - age   3:     250176 bytes,     250360 total
[2020-09-11T14:23:25.485+0000][1][gc,age       ] GC(24) - age   4:     438920 bytes,     689280 total
[2020-09-11T14:23:25.485+0000][1][gc,heap      ] GC(24) ParNew: 69251K->1282K(76672K)
[2020-09-11T14:23:25.485+0000][1][gc,heap      ] GC(24) CMS: 45592K->45592K(439104K)
[2020-09-11T14:23:25.485+0000][1][gc,metaspace ] GC(24) Metaspace: 32420K->32420K(1079296K)
[2020-09-11T14:23:25.485+0000][1][gc           ] GC(24) Pause Young (Allocation Failure) 112M->45M(503M) 7.086ms
[2020-09-11T14:23:25.485+0000][1][gc,cpu       ] GC(24) User=0.01s Sys=0.00s Real=0.01s
[2020-09-11T14:23:25.495+0000][1][safepoint    ] Safepoint "GenCollectForAllocation", Time since last: 542069541 ns, Reaching safepoint: 109232 ns, At safepoint: 17804203 ns, Total: 17913435 ns
[2020-09-11T14:23:25.795+0000][1][gc,start     ] GC(25) Pause Young (Allocation Failure)
[2020-09-11T14:23:25.795+0000][1][gc,task      ] GC(25) Using 1 workers of 1 for evacuation
[2020-09-11T14:23:25.798+0000][1][gc,age       ] GC(25) Desired survivor size 4358144 bytes, new threshold 6 (max threshold 6)
[2020-09-11T14:23:25.798+0000][1][gc,age       ] GC(25) Age table with threshold 6 (max threshold 6)
[2020-09-11T14:23:25.798+0000][1][gc,age       ] GC(25) - age   1:         56 bytes,         56 total
[2020-09-11T14:23:25.798+0000][1][gc,age       ] GC(25) - age   4:     250176 bytes,     250232 total
[2020-09-11T14:23:25.798+0000][1][gc,age       ] GC(25) - age   5:     438920 bytes,     689152 total
[2020-09-11T14:23:25.798+0000][1][gc,heap      ] GC(25) ParNew: 69442K->825K(76672K)
[2020-09-11T14:23:25.798+0000][1][gc,heap      ] GC(25) CMS: 45592K->45592K(439104K)
[2020-09-11T14:23:25.798+0000][1][gc,metaspace ] GC(25) Metaspace: 32420K->32420K(1079296K)
[2020-09-11T14:23:25.798+0000][1][gc           ] GC(25) Pause Young (Allocation Failure) 112M->45M(503M) 2.820ms
[2020-09-11T14:23:25.798+0000][1][gc,cpu       ] GC(25) User=0.00s Sys=0.00s Real=0.00s
[2020-09-11T14:23:25.807+0000][1][safepoint    ] Safepoint "GenCollectForAllocation", Time since last: 297520175 ns, Reaching safepoint: 2486025 ns, At safepoint: 11997030 ns, Total: 14483055 ns
[2020-09-11T14:23:26.106+0000][1][gc,start     ] GC(26) Pause Young (Allocation Failure)
[2020-09-11T14:23:26.106+0000][1][gc,task      ] GC(26) Using 1 workers of 1 for evacuation
[2020-09-11T14:23:26.115+0000][1][gc,age       ] GC(26) Desired survivor size 4358144 bytes, new threshold 6 (max threshold 6)
[2020-09-11T14:23:26.115+0000][1][gc,age       ] GC(26) Age table with threshold 6 (max threshold 6)
[2020-09-11T14:23:26.115+0000][1][gc,age       ] GC(26) - age   1:        120 bytes,        120 total
[2020-09-11T14:23:26.115+0000][1][gc,age       ] GC(26) - age   5:     250176 bytes,     250296 total
[2020-09-11T14:23:26.115+0000][1][gc,age       ] GC(26) - age   6:     438920 bytes,     689216 total
[2020-09-11T14:23:26.115+0000][1][gc,heap      ] GC(26) ParNew: 68985K->1215K(76672K)
[2020-09-11T14:23:26.115+0000][1][gc,heap      ] GC(26) CMS: 45592K->45592K(439104K)
[2020-09-11T14:23:26.115+0000][1][gc,metaspace ] GC(26) Metaspace: 32420K->32420K(1079296K)
[2020-09-11T14:23:26.115+0000][1][gc           ] GC(26) Pause Young (Allocation Failure) 111M->45M(503M) 9.253ms
[2020-09-11T14:23:26.115+0000][1][gc,cpu       ] GC(26) User=0.01s Sys=0.00s Real=0.00s
[2020-09-11T14:23:26.119+0000][1][safepoint    ] Safepoint "GenCollectForAllocation", Time since last: 298096332 ns, Reaching safepoint: 99331 ns, At safepoint: 13598560 ns, Total: 13697891 ns
[2020-09-11T14:23:26.351+0000][1][safepoint    ] Safepoint "RevokeBias", Time since last: 231074579 ns, Reaching safepoint: 1131464 ns, At safepoint: 31506 ns, Total: 1162970 ns
[2020-09-11T14:23:26.464+0000][1][gc,start     ] GC(27) Pause Young (Allocation Failure)
[2020-09-11T14:23:26.464+0000][1][gc,task      ] GC(27) Using 1 workers of 1 for evacuation
[2020-09-11T14:23:26.467+0000][1][gc,age       ] GC(27) Desired survivor size 4358144 bytes, new threshold 6 (max threshold 6)
[2020-09-11T14:23:26.467+0000][1][gc,age       ] GC(27) Age table with threshold 6 (max threshold 6)
[2020-09-11T14:23:26.467+0000][1][gc,age       ] GC(27) - age   1:        312 bytes,        312 total
[2020-09-11T14:23:26.467+0000][1][gc,age       ] GC(27) - age   6:     250176 bytes,     250488 total
[2020-09-11T14:23:26.467+0000][1][gc,heap      ] GC(27) ParNew: 69375K->404K(76672K)
[2020-09-11T14:23:26.467+0000][1][gc,heap      ] GC(27) CMS: 45592K->46021K(439104K)
[2020-09-11T14:23:26.467+0000][1][gc,metaspace ] GC(27) Metaspace: 32420K->32420K(1079296K)
[2020-09-11T14:23:26.467+0000][1][gc           ] GC(27) Pause Young (Allocation Failure) 112M->45M(503M) 3.110ms
[2020-09-11T14:23:26.467+0000][1][gc,cpu       ] GC(27) User=0.00s Sys=0.00s Real=0.00s
[2020-09-11T14:23:26.486+0000][1][safepoint    ] Safepoint "GenCollectForAllocation", Time since last: 111978512 ns, Reaching safepoint: 103932 ns, At safepoint: 21980234 ns, Total: 22084166 ns
[2020-09-11T14:23:26.904+0000][1][gc,start     ] GC(28) Pause Young (Allocation Failure)
[2020-09-11T14:23:26.904+0000][1][gc,task      ] GC(28) Using 1 workers of 1 for evacuation
[2020-09-11T14:23:26.909+0000][1][gc,age       ] GC(28) Desired survivor size 4358144 bytes, new threshold 6 (max threshold 6)
[2020-09-11T14:23:26.909+0000][1][gc,age       ] GC(28) Age table with threshold 6 (max threshold 6)
[2020-09-11T14:23:26.909+0000][1][gc,age       ] GC(28) - age   1:        352 bytes,        352 total
[2020-09-11T14:23:26.909+0000][1][gc,heap      ] GC(28) ParNew: 68564K->284K(76672K)
[2020-09-11T14:23:26.909+0000][1][gc,heap      ] GC(28) CMS: 46021K->46265K(439104K)
[2020-09-11T14:23:26.909+0000][1][gc,metaspace ] GC(28) Metaspace: 32420K->32420K(1079296K)
[2020-09-11T14:23:26.909+0000][1][gc           ] GC(28) Pause Young (Allocation Failure) 111M->45M(503M) 5.767ms
[2020-09-11T14:23:26.909+0000][1][gc,cpu       ] GC(28) User=0.00s Sys=0.00s Real=0.00s
[2020-09-11T14:23:26.911+0000][1][safepoint    ] Safepoint "GenCollectForAllocation", Time since last: 417924532 ns, Reaching safepoint: 98422 ns, At safepoint: 7873768 ns, Total: 7972190 ns
[2020-09-11T14:23:27.336+0000][1][gc,start     ] GC(29) Pause Young (Allocation Failure)
[2020-09-11T14:23:27.336+0000][1][gc,task      ] GC(29) Using 1 workers of 1 for evacuation
[2020-09-11T14:23:27.343+0000][1][gc,age       ] GC(29) Desired survivor size 4358144 bytes, new threshold 6 (max threshold 6)
[2020-09-11T14:23:27.343+0000][1][gc,age       ] GC(29) Age table with threshold 6 (max threshold 6)
[2020-09-11T14:23:27.343+0000][1][gc,age       ] GC(29) - age   1:        216 bytes,        216 total
[2020-09-11T14:23:27.343+0000][1][gc,age       ] GC(29) - age   2:         72 bytes,        288 total
[2020-09-11T14:23:27.343+0000][1][gc,heap      ] GC(29) ParNew: 68444K->71K(76672K)
[2020-09-11T14:23:27.343+0000][1][gc,heap      ] GC(29) CMS: 46265K->46265K(439104K)
[2020-09-11T14:23:27.343+0000][1][gc,metaspace ] GC(29) Metaspace: 32420K->32420K(1079296K)
[2020-09-11T14:23:27.343+0000][1][gc           ] GC(29) Pause Young (Allocation Failure) 112M->45M(503M) 7.675ms
[2020-09-11T14:23:27.343+0000][1][gc,cpu       ] GC(29) User=0.00s Sys=0.00s Real=0.00s
[2020-09-11T14:23:27.343+0000][1][safepoint    ] Safepoint "GenCollectForAllocation", Time since last: 424010617 ns, Reaching safepoint: 102203 ns, At safepoint: 7730794 ns, Total: 7832997 ns
[2020-09-11T14:23:27.772+0000][1][gc,start     ] GC(30) Pause Young (Allocation Failure)
[2020-09-11T14:23:27.772+0000][1][gc,task      ] GC(30) Using 1 workers of 1 for evacuation
[2020-09-11T14:23:27.780+0000][1][gc,age       ] GC(30) Desired survivor size 4358144 bytes, new threshold 6 (max threshold 6)
[2020-09-11T14:23:27.780+0000][1][gc,age       ] GC(30) Age table with threshold 6 (max threshold 6)
[2020-09-11T14:23:27.780+0000][1][gc,age       ] GC(30) - age   1:        272 bytes,        272 total
[2020-09-11T14:23:27.780+0000][1][gc,age       ] GC(30) - age   3:         72 bytes,        344 total
[2020-09-11T14:23:27.780+0000][1][gc,heap      ] GC(30) ParNew: 68231K->17K(76672K)
[2020-09-11T14:23:27.780+0000][1][gc,heap      ] GC(30) CMS: 46265K->46265K(439104K)
[2020-09-11T14:23:27.780+0000][1][gc,metaspace ] GC(30) Metaspace: 32420K->32420K(1079296K)
[2020-09-11T14:23:27.781+0000][1][gc           ] GC(30) Pause Young (Allocation Failure) 111M->45M(503M) 8.518ms
[2020-09-11T14:23:27.781+0000][1][gc,cpu       ] GC(30) User=0.01s Sys=0.00s Real=0.01s
[2020-09-11T14:23:27.783+0000][1][safepoint    ] Safepoint "GenCollectForAllocation", Time since last: 428639074 ns, Reaching safepoint: 97335 ns, At safepoint: 11420149 ns, Total: 11517484 ns
[2020-09-11T14:23:28.156+0000][1][gc,start     ] GC(31) Pause Young (Allocation Failure)
[2020-09-11T14:23:28.156+0000][1][gc,task      ] GC(31) Using 1 workers of 1 for evacuation
[2020-09-11T14:23:28.158+0000][1][gc,age       ] GC(31) Desired survivor size 4358144 bytes, new threshold 6 (max threshold 6)
[2020-09-11T14:23:28.158+0000][1][gc,age       ] GC(31) Age table with threshold 6 (max threshold 6)
[2020-09-11T14:23:28.158+0000][1][gc,age       ] GC(31) - age   1:         24 bytes,         24 total
[2020-09-11T14:23:28.158+0000][1][gc,age       ] GC(31) - age   4:         72 bytes,         96 total
[2020-09-11T14:23:28.158+0000][1][gc,heap      ] GC(31) ParNew: 68177K->4K(76672K)
[2020-09-11T14:23:28.158+0000][1][gc,heap      ] GC(31) CMS: 46265K->46265K(439104K)
[2020-09-11T14:23:28.158+0000][1][gc,metaspace ] GC(31) Metaspace: 32420K->32420K(1079296K)
[2020-09-11T14:23:28.158+0000][1][gc           ] GC(31) Pause Young (Allocation Failure) 111M->45M(503M) 2.385ms
[2020-09-11T14:23:28.158+0000][1][gc,cpu       ] GC(31) User=0.00s Sys=0.00s Real=0.00s
[2020-09-11T14:23:28.158+0000][1][safepoint    ] Safepoint "GenCollectForAllocation", Time since last: 372040147 ns, Reaching safepoint: 112341 ns, At safepoint: 2455603 ns, Total: 2567944 ns
[2020-09-11T14:23:28.460+0000][1][gc,start     ] GC(32) Pause Young (Allocation Failure)
[2020-09-11T14:23:28.460+0000][1][gc,task      ] GC(32) Using 1 workers of 1 for evacuation
[2020-09-11T14:23:28.462+0000][1][gc,age       ] GC(32) Desired survivor size 4358144 bytes, new threshold 6 (max threshold 6)
[2020-09-11T14:23:28.462+0000][1][gc,age       ] GC(32) Age table with threshold 6 (max threshold 6)
[2020-09-11T14:23:28.462+0000][1][gc,age       ] GC(32) - age   1:        152 bytes,        152 total
[2020-09-11T14:23:28.462+0000][1][gc,age       ] GC(32) - age   5:         72 bytes,        224 total
[2020-09-11T14:23:28.462+0000][1][gc,heap      ] GC(32) ParNew: 68164K->2K(76672K)
[2020-09-11T14:23:28.462+0000][1][gc,heap      ] GC(32) CMS: 46265K->46265K(439104K)
[2020-09-11T14:23:28.462+0000][1][gc,metaspace ] GC(32) Metaspace: 32420K->32420K(1079296K)
[2020-09-11T14:23:28.462+0000][1][gc           ] GC(32) Pause Young (Allocation Failure) 111M->45M(503M) 2.462ms
[2020-09-11T14:23:28.462+0000][1][gc,cpu       ] GC(32) User=0.00s Sys=0.00s Real=0.00s
[2020-09-11T14:23:28.462+0000][1][safepoint    ] Safepoint "GenCollectForAllocation", Time since last: 301396240 ns, Reaching safepoint: 114346 ns, At safepoint: 2522840 ns, Total: 2637186 ns
[2020-09-11T14:23:28.707+0000][1][gc,start     ] GC(33) Pause Young (Allocation Failure)
[2020-09-11T14:23:28.707+0000][1][gc,task      ] GC(33) Using 1 workers of 1 for evacuation
[2020-09-11T14:23:28.710+0000][1][gc,age       ] GC(33) Desired survivor size 4358144 bytes, new threshold 6 (max threshold 6)
[2020-09-11T14:23:28.710+0000][1][gc,age       ] GC(33) Age table with threshold 6 (max threshold 6)
[2020-09-11T14:23:28.710+0000][1][gc,age       ] GC(33) - age   1:        216 bytes,        216 total
[2020-09-11T14:23:28.710+0000][1][gc,age       ] GC(33) - age   6:         72 bytes,        288 total
[2020-09-11T14:23:28.710+0000][1][gc,heap      ] GC(33) ParNew: 68162K->2K(76672K)
[2020-09-11T14:23:28.710+0000][1][gc,heap      ] GC(33) CMS: 46265K->46265K(439104K)
[2020-09-11T14:23:28.710+0000][1][gc,metaspace ] GC(33) Metaspace: 32420K->32420K(1079296K)
[2020-09-11T14:23:28.710+0000][1][gc           ] GC(33) Pause Young (Allocation Failure) 111M->45M(503M) 2.318ms
[2020-09-11T14:23:28.710+0000][1][gc,cpu       ] GC(33) User=0.00s Sys=0.00s Real=0.00s
[2020-09-11T14:23:28.710+0000][1][safepoint    ] Safepoint "GenCollectForAllocation", Time since last: 242507408 ns, Reaching safepoint: 2862406 ns, At safepoint: 2374751 ns, Total: 5237157 ns
[2020-09-11T14:23:29.729+0000][1][safepoint    ] Safepoint "Cleanup", Time since last: 1005618653 ns, Reaching safepoint: 13096630 ns, At safepoint: 9398 ns, Total: 13106028 ns
[2020-09-11T14:23:31.748+0000][1][safepoint    ] Safepoint "Cleanup", Time since last: 2018878803 ns, Reaching safepoint: 150503 ns, At safepoint: 6092 ns, Total: 156595 ns
[2020-09-11T14:23:32.745+0000][1][gc,start     ] GC(34) Pause Young (Allocation Failure)
[2020-09-11T14:23:32.746+0000][1][gc,task      ] GC(34) Using 1 workers of 1 for evacuation
[2020-09-11T14:23:32.755+0000][1][gc,age       ] GC(34) Desired survivor size 4358144 bytes, new threshold 6 (max threshold 6)
[2020-09-11T14:23:32.755+0000][1][gc,age       ] GC(34) Age table with threshold 6 (max threshold 6)
[2020-09-11T14:23:32.755+0000][1][gc,age       ] GC(34) - age   1:     242760 bytes,     242760 total
[2020-09-11T14:23:32.755+0000][1][gc,heap      ] GC(34) ParNew: 68162K->238K(76672K)
[2020-09-11T14:23:32.755+0000][1][gc,heap      ] GC(34) CMS: 46265K->46265K(439104K)
[2020-09-11T14:23:32.755+0000][1][gc,metaspace ] GC(34) Metaspace: 32441K->32441K(1079296K)
[2020-09-11T14:23:32.755+0000][1][gc           ] GC(34) Pause Young (Allocation Failure) 111M->45M(503M) 10.016ms
[2020-09-11T14:23:32.755+0000][1][gc,cpu       ] GC(34) User=0.00s Sys=0.00s Real=0.01s
[2020-09-11T14:23:32.756+0000][1][safepoint    ] Safepoint "GenCollectForAllocation", Time since last: 997785237 ns, Reaching safepoint: 104259 ns, At safepoint: 10072208 ns, Total: 10176467 ns
[2020-09-11T14:23:34.850+0000][1][gc,start     ] GC(35) Pause Young (Allocation Failure)
[2020-09-11T14:23:34.850+0000][1][gc,task      ] GC(35) Using 1 workers of 1 for evacuation
[2020-09-11T14:23:34.861+0000][1][gc,age       ] GC(35) Desired survivor size 4358144 bytes, new threshold 6 (max threshold 6)
[2020-09-11T14:23:34.861+0000][1][gc,age       ] GC(35) Age table with threshold 6 (max threshold 6)
[2020-09-11T14:23:34.861+0000][1][gc,age       ] GC(35) - age   1:     511968 bytes,     511968 total
[2020-09-11T14:23:34.861+0000][1][gc,age       ] GC(35) - age   2:     150008 bytes,     661976 total
[2020-09-11T14:23:34.861+0000][1][gc,heap      ] GC(35) ParNew: 68398K->669K(76672K)
[2020-09-11T14:23:34.861+0000][1][gc,heap      ] GC(35) CMS: 46265K->46265K(439104K)
[2020-09-11T14:23:34.861+0000][1][gc,metaspace ] GC(35) Metaspace: 32441K->32441K(1079296K)
[2020-09-11T14:23:34.861+0000][1][gc           ] GC(35) Pause Young (Allocation Failure) 111M->45M(503M) 10.944ms
[2020-09-11T14:23:34.861+0000][1][gc,cpu       ] GC(35) User=0.01s Sys=0.00s Real=0.01s
[2020-09-11T14:23:34.862+0000][1][safepoint    ] Safepoint "GenCollectForAllocation", Time since last: 2094092863 ns, Reaching safepoint: 99612 ns, At safepoint: 12698702 ns, Total: 12798314 ns
[2020-09-11T14:23:35.789+0000][1][gc,start     ] GC(36) Pause Young (Allocation Failure)
[2020-09-11T14:23:35.789+0000][1][gc,task      ] GC(36) Using 1 workers of 1 for evacuation
[2020-09-11T14:23:35.794+0000][1][gc,age       ] GC(36) Desired survivor size 4358144 bytes, new threshold 6 (max threshold 6)
[2020-09-11T14:23:35.794+0000][1][gc,age       ] GC(36) Age table with threshold 6 (max threshold 6)
[2020-09-11T14:23:35.794+0000][1][gc,age       ] GC(36) - age   1:     675832 bytes,     675832 total
[2020-09-11T14:23:35.794+0000][1][gc,age       ] GC(36) - age   2:     340160 bytes,    1015992 total
[2020-09-11T14:23:35.794+0000][1][gc,age       ] GC(36) - age   3:     149424 bytes,    1165416 total
[2020-09-11T14:23:35.794+0000][1][gc,heap      ] GC(36) ParNew: 68829K->1177K(76672K)
[2020-09-11T14:23:35.794+0000][1][gc,heap      ] GC(36) CMS: 46265K->46265K(439104K)
[2020-09-11T14:23:35.794+0000][1][gc,metaspace ] GC(36) Metaspace: 32442K->32442K(1079296K)
[2020-09-11T14:23:35.794+0000][1][gc           ] GC(36) Pause Young (Allocation Failure) 112M->46M(503M) 5.363ms
[2020-09-11T14:23:35.794+0000][1][gc,cpu       ] GC(36) User=0.00s Sys=0.00s Real=0.00s
[2020-09-11T14:23:35.807+0000][1][safepoint    ] Safepoint "GenCollectForAllocation", Time since last: 925021102 ns, Reaching safepoint: 1586704 ns, At safepoint: 18396960 ns, Total: 19983664 ns
[2020-09-11T14:23:36.704+0000][1][gc,start     ] GC(37) Pause Young (Allocation Failure)
[2020-09-11T14:23:36.704+0000][1][gc,task      ] GC(37) Using 1 workers of 1 for evacuation
[2020-09-11T14:23:36.706+0000][1][gc,age       ] GC(37) Desired survivor size 4358144 bytes, new threshold 6 (max threshold 6)
[2020-09-11T14:23:36.706+0000][1][gc,age       ] GC(37) Age table with threshold 6 (max threshold 6)
[2020-09-11T14:23:36.706+0000][1][gc,age       ] GC(37) - age   1:     622016 bytes,     622016 total
[2020-09-11T14:23:36.706+0000][1][gc,age       ] GC(37) - age   2:     334528 bytes,     956544 total
[2020-09-11T14:23:36.706+0000][1][gc,age       ] GC(37) - age   3:     340056 bytes,    1296600 total
[2020-09-11T14:23:36.706+0000][1][gc,age       ] GC(37) - age   4:     149040 bytes,    1445640 total
[2020-09-11T14:23:36.706+0000][1][gc,heap      ] GC(37) ParNew: 69337K->1471K(76672K)
[2020-09-11T14:23:36.706+0000][1][gc,heap      ] GC(37) CMS: 46265K->46265K(439104K)
[2020-09-11T14:23:36.706+0000][1][gc,metaspace ] GC(37) Metaspace: 32442K->32442K(1079296K)
[2020-09-11T14:23:36.706+0000][1][gc           ] GC(37) Pause Young (Allocation Failure) 112M->46M(503M) 2.836ms
[2020-09-11T14:23:36.706+0000][1][gc,cpu       ] GC(37) User=0.00s Sys=0.00s Real=0.00s
[2020-09-11T14:23:36.715+0000][1][safepoint    ] Safepoint "GenCollectForAllocation", Time since last: 896018765 ns, Reaching safepoint: 116195 ns, At safepoint: 11908714 ns, Total: 12024909 ns
[2020-09-11T14:23:37.516+0000][1][gc,start     ] GC(38) Pause Young (Allocation Failure)
[2020-09-11T14:23:37.516+0000][1][gc,task      ] GC(38) Using 1 workers of 1 for evacuation
[2020-09-11T14:23:37.518+0000][1][gc,age       ] GC(38) Desired survivor size 4358144 bytes, new threshold 6 (max threshold 6)
[2020-09-11T14:23:37.518+0000][1][gc,age       ] GC(38) Age table with threshold 6 (max threshold 6)
[2020-09-11T14:23:37.518+0000][1][gc,age       ] GC(38) - age   1:     934904 bytes,     934904 total
[2020-09-11T14:23:37.518+0000][1][gc,age       ] GC(38) - age   2:     264696 bytes,    1199600 total
[2020-09-11T14:23:37.518+0000][1][gc,age       ] GC(38) - age   3:     330368 bytes,    1529968 total
[2020-09-11T14:23:37.518+0000][1][gc,age       ] GC(38) - age   4:     339976 bytes,    1869944 total
[2020-09-11T14:23:37.518+0000][1][gc,age       ] GC(38) - age   5:     148936 bytes,    2018880 total
[2020-09-11T14:23:37.518+0000][1][gc,heap      ] GC(38) ParNew: 69631K->2003K(76672K)
[2020-09-11T14:23:37.518+0000][1][gc,heap      ] GC(38) CMS: 46265K->46265K(439104K)
[2020-09-11T14:23:37.518+0000][1][gc,metaspace ] GC(38) Metaspace: 32442K->32442K(1079296K)
[2020-09-11T14:23:37.519+0000][1][gc           ] GC(38) Pause Young (Allocation Failure) 113M->47M(503M) 2.936ms
[2020-09-11T14:23:37.519+0000][1][gc,cpu       ] GC(38) User=0.01s Sys=0.01s Real=0.00s
[2020-09-11T14:23:37.527+0000][1][safepoint    ] Safepoint "GenCollectForAllocation", Time since last: 799985733 ns, Reaching safepoint: 116906 ns, At safepoint: 11869879 ns, Total: 11986785 ns
[2020-09-11T14:23:37.927+0000][1][gc,start     ] GC(39) Pause Young (Allocation Failure)
[2020-09-11T14:23:37.927+0000][1][gc,task      ] GC(39) Using 1 workers of 1 for evacuation
[2020-09-11T14:23:37.930+0000][1][gc,age       ] GC(39) Desired survivor size 4358144 bytes, new threshold 6 (max threshold 6)
[2020-09-11T14:23:37.930+0000][1][gc,age       ] GC(39) Age table with threshold 6 (max threshold 6)
[2020-09-11T14:23:37.930+0000][1][gc,age       ] GC(39) - age   1:     310936 bytes,     310936 total
[2020-09-11T14:23:37.930+0000][1][gc,age       ] GC(39) - age   2:     923240 bytes,    1234176 total
[2020-09-11T14:23:37.930+0000][1][gc,age       ] GC(39) - age   3:     263728 bytes,    1497904 total
[2020-09-11T14:23:37.930+0000][1][gc,age       ] GC(39) - age   4:     329760 bytes,    1827664 total
[2020-09-11T14:23:37.930+0000][1][gc,age       ] GC(39) - age   5:     339640 bytes,    2167304 total
[2020-09-11T14:23:37.930+0000][1][gc,age       ] GC(39) - age   6:     148896 bytes,    2316200 total
[2020-09-11T14:23:37.930+0000][1][gc,heap      ] GC(39) ParNew: 70163K->2341K(76672K)
[2020-09-11T14:23:37.930+0000][1][gc,heap      ] GC(39) CMS: 46265K->46265K(439104K)
[2020-09-11T14:23:37.930+0000][1][gc,metaspace ] GC(39) Metaspace: 32442K->32442K(1079296K)
[2020-09-11T14:23:37.930+0000][1][gc           ] GC(39) Pause Young (Allocation Failure) 113M->47M(503M) 3.031ms
[2020-09-11T14:23:37.930+0000][1][gc,cpu       ] GC(39) User=0.00s Sys=0.00s Real=0.00s
[2020-09-11T14:23:37.930+0000][1][safepoint    ] Safepoint "GenCollectForAllocation", Time since last: 399423647 ns, Reaching safepoint: 102497 ns, At safepoint: 3095058 ns, Total: 3197555 ns
[2020-09-11T14:23:37.992+0000][1][safepoint    ] Safepoint "RevokeBias", Time since last: 61543292 ns, Reaching safepoint: 99828 ns, At safepoint: 29730 ns, Total: 129558 ns
[2020-09-11T14:23:37.992+0000][1][safepoint    ] Safepoint "RevokeBias", Time since last: 95238 ns, Reaching safepoint: 77817 ns, At safepoint: 16318 ns, Total: 94135 ns
[2020-09-11T14:23:38.552+0000][1][gc,start     ] GC(40) Pause Young (Allocation Failure)
[2020-09-11T14:23:38.552+0000][1][gc,task      ] GC(40) Using 1 workers of 1 for evacuation
[2020-09-11T14:23:38.555+0000][1][gc,age       ] GC(40) Desired survivor size 4358144 bytes, new threshold 6 (max threshold 6)
[2020-09-11T14:23:38.555+0000][1][gc,age       ] GC(40) Age table with threshold 6 (max threshold 6)
[2020-09-11T14:23:38.555+0000][1][gc,age       ] GC(40) - age   1:     381184 bytes,     381184 total
[2020-09-11T14:23:38.555+0000][1][gc,age       ] GC(40) - age   2:     300800 bytes,     681984 total
[2020-09-11T14:23:38.555+0000][1][gc,age       ] GC(40) - age   3:     922672 bytes,    1604656 total
[2020-09-11T14:23:38.555+0000][1][gc,age       ] GC(40) - age   4:     263496 bytes,    1868152 total
[2020-09-11T14:23:38.555+0000][1][gc,age       ] GC(40) - age   5:     329640 bytes,    2197792 total
[2020-09-11T14:23:38.555+0000][1][gc,age       ] GC(40) - age   6:     339640 bytes,    2537432 total
[2020-09-11T14:23:38.555+0000][1][gc,heap      ] GC(40) ParNew: 70501K->2546K(76672K)
[2020-09-11T14:23:38.555+0000][1][gc,heap      ] GC(40) CMS: 46265K->46408K(439104K)
[2020-09-11T14:23:38.555+0000][1][gc,metaspace ] GC(40) Metaspace: 32446K->32446K(1079296K)
[2020-09-11T14:23:38.555+0000][1][gc           ] GC(40) Pause Young (Allocation Failure) 114M->47M(503M) 3.149ms
[2020-09-11T14:23:38.555+0000][1][gc,cpu       ] GC(40) User=0.00s Sys=0.00s Real=0.00s
[2020-09-11T14:23:38.564+0000][1][safepoint    ] Safepoint "GenCollectForAllocation", Time since last: 559528814 ns, Reaching safepoint: 120396 ns, At safepoint: 12710476 ns, Total: 12830872 ns
[2020-09-11T14:23:38.779+0000][1][gc,start     ] GC(41) Pause Young (Allocation Failure)
[2020-09-11T14:23:38.780+0000][1][gc,task      ] GC(41) Using 1 workers of 1 for evacuation
[2020-09-11T14:23:38.783+0000][1][gc,age       ] GC(41) Desired survivor size 4358144 bytes, new threshold 6 (max threshold 6)
[2020-09-11T14:23:38.783+0000][1][gc,age       ] GC(41) Age table with threshold 6 (max threshold 6)
[2020-09-11T14:23:38.783+0000][1][gc,age       ] GC(41) - age   1:        336 bytes,        336 total
[2020-09-11T14:23:38.783+0000][1][gc,age       ] GC(41) - age   2:     380848 bytes,     381184 total
[2020-09-11T14:23:38.783+0000][1][gc,age       ] GC(41) - age   3:     300800 bytes,     681984 total
[2020-09-11T14:23:38.783+0000][1][gc,age       ] GC(41) - age   4:     922672 bytes,    1604656 total
[2020-09-11T14:23:38.783+0000][1][gc,age       ] GC(41) - age   5:     263496 bytes,    1868152 total
[2020-09-11T14:23:38.783+0000][1][gc,age       ] GC(41) - age   6:     329640 bytes,    2197792 total
[2020-09-11T14:23:38.783+0000][1][gc,heap      ] GC(41) ParNew: 70706K->2161K(76672K)
[2020-09-11T14:23:38.783+0000][1][gc,heap      ] GC(41) CMS: 46408K->46740K(439104K)
[2020-09-11T14:23:38.783+0000][1][gc,metaspace ] GC(41) Metaspace: 32446K->32446K(1079296K)
[2020-09-11T14:23:38.783+0000][1][gc           ] GC(41) Pause Young (Allocation Failure) 114M->47M(503M) 3.172ms
[2020-09-11T14:23:38.783+0000][1][gc,cpu       ] GC(41) User=0.00s Sys=0.00s Real=0.00s
[2020-09-11T14:23:38.783+0000][1][safepoint    ] Safepoint "GenCollectForAllocation", Time since last: 211148877 ns, Reaching safepoint: 4017459 ns, At safepoint: 3242521 ns, Total: 7259980 ns
[2020-09-11T14:23:38.961+0000][1][gc,start     ] GC(42) Pause Young (Allocation Failure)
[2020-09-11T14:23:38.962+0000][1][gc,task      ] GC(42) Using 1 workers of 1 for evacuation
[2020-09-11T14:23:38.968+0000][1][gc,age       ] GC(42) Desired survivor size 4358144 bytes, new threshold 6 (max threshold 6)
[2020-09-11T14:23:38.968+0000][1][gc,age       ] GC(42) Age table with threshold 6 (max threshold 6)
[2020-09-11T14:23:38.968+0000][1][gc,age       ] GC(42) - age   1:         40 bytes,         40 total
[2020-09-11T14:23:38.968+0000][1][gc,age       ] GC(42) - age   2:        160 bytes,        200 total
[2020-09-11T14:23:38.968+0000][1][gc,age       ] GC(42) - age   3:     380848 bytes,     381048 total
[2020-09-11T14:23:38.968+0000][1][gc,age       ] GC(42) - age   4:     300800 bytes,     681848 total
[2020-09-11T14:23:38.968+0000][1][gc,age       ] GC(42) - age   5:     922672 bytes,    1604520 total
[2020-09-11T14:23:38.968+0000][1][gc,age       ] GC(42) - age   6:     263496 bytes,    1868016 total
[2020-09-11T14:23:38.968+0000][1][gc,heap      ] GC(42) ParNew: 70321K->2113K(76672K)
[2020-09-11T14:23:38.968+0000][1][gc,heap      ] GC(42) CMS: 46740K->47062K(439104K)
[2020-09-11T14:23:38.968+0000][1][gc,metaspace ] GC(42) Metaspace: 32446K->32446K(1079296K)
[2020-09-11T14:23:38.968+0000][1][gc           ] GC(42) Pause Young (Allocation Failure) 114M->48M(503M) 7.045ms
[2020-09-11T14:23:38.969+0000][1][gc,cpu       ] GC(42) User=0.00s Sys=0.00s Real=0.01s
[2020-09-11T14:23:38.969+0000][1][safepoint    ] Safepoint "GenCollectForAllocation", Time since last: 177270666 ns, Reaching safepoint: 1485153 ns, At safepoint: 7102717 ns, Total: 8587870 ns
[2020-09-11T14:23:39.144+0000][1][gc,start     ] GC(43) Pause Young (Allocation Failure)
[2020-09-11T14:23:39.144+0000][1][gc,task      ] GC(43) Using 1 workers of 1 for evacuation
[2020-09-11T14:23:39.146+0000][1][gc,age       ] GC(43) Desired survivor size 4358144 bytes, new threshold 6 (max threshold 6)
[2020-09-11T14:23:39.146+0000][1][gc,age       ] GC(43) Age table with threshold 6 (max threshold 6)
[2020-09-11T14:23:39.146+0000][1][gc,age       ] GC(43) - age   1:         56 bytes,         56 total
[2020-09-11T14:23:39.146+0000][1][gc,age       ] GC(43) - age   3:        160 bytes,        216 total
[2020-09-11T14:23:39.146+0000][1][gc,age       ] GC(43) - age   4:     380848 bytes,     381064 total
[2020-09-11T14:23:39.146+0000][1][gc,age       ] GC(43) - age   5:     300800 bytes,     681864 total
[2020-09-11T14:23:39.146+0000][1][gc,age       ] GC(43) - age   6:     922672 bytes,    1604536 total
[2020-09-11T14:23:39.146+0000][1][gc,heap      ] GC(43) ParNew: 70273K->1680K(76672K)
[2020-09-11T14:23:39.146+0000][1][gc,heap      ] GC(43) CMS: 47062K->47319K(439104K)
[2020-09-11T14:23:39.146+0000][1][gc,metaspace ] GC(43) Metaspace: 32446K->32446K(1079296K)
[2020-09-11T14:23:39.146+0000][1][gc           ] GC(43) Pause Young (Allocation Failure) 114M->47M(503M) 2.944ms
[2020-09-11T14:23:39.147+0000][1][gc,cpu       ] GC(43) User=0.00s Sys=0.00s Real=0.00s
[2020-09-11T14:23:39.155+0000][1][safepoint    ] Safepoint "GenCollectForAllocation", Time since last: 174886110 ns, Reaching safepoint: 102024 ns, At safepoint: 11895626 ns, Total: 11997650 ns
[2020-09-11T14:23:39.340+0000][1][gc,start     ] GC(44) Pause Young (Allocation Failure)
[2020-09-11T14:23:39.340+0000][1][gc,task      ] GC(44) Using 1 workers of 1 for evacuation
[2020-09-11T14:23:39.342+0000][1][gc,age       ] GC(44) Desired survivor size 4358144 bytes, new threshold 6 (max threshold 6)
[2020-09-11T14:23:39.342+0000][1][gc,age       ] GC(44) Age table with threshold 6 (max threshold 6)
[2020-09-11T14:23:39.342+0000][1][gc,age       ] GC(44) - age   1:        160 bytes,        160 total
[2020-09-11T14:23:39.342+0000][1][gc,age       ] GC(44) - age   4:        160 bytes,        320 total
[2020-09-11T14:23:39.342+0000][1][gc,age       ] GC(44) - age   5:     380848 bytes,     381168 total
[2020-09-11T14:23:39.342+0000][1][gc,age       ] GC(44) - age   6:     300800 bytes,     681968 total
[2020-09-11T14:23:39.342+0000][1][gc,heap      ] GC(44) ParNew: 69840K->797K(76672K)
[2020-09-11T14:23:39.342+0000][1][gc,heap      ] GC(44) CMS: 47319K->48220K(439104K)
[2020-09-11T14:23:39.342+0000][1][gc,metaspace ] GC(44) Metaspace: 32446K->32446K(1079296K)
[2020-09-11T14:23:39.342+0000][1][gc           ] GC(44) Pause Young (Allocation Failure) 114M->47M(503M) 2.930ms
[2020-09-11T14:23:39.342+0000][1][gc,cpu       ] GC(44) User=0.00s Sys=0.00s Real=0.00s
[2020-09-11T14:23:39.343+0000][1][safepoint    ] Safepoint "GenCollectForAllocation", Time since last: 184006183 ns, Reaching safepoint: 113044 ns, At safepoint: 2986004 ns, Total: 3099048 ns
[2020-09-11T14:23:39.523+0000][1][gc,start     ] GC(45) Pause Young (Allocation Failure)
[2020-09-11T14:23:39.524+0000][1][gc,task      ] GC(45) Using 1 workers of 1 for evacuation
[2020-09-11T14:23:39.526+0000][1][gc,age       ] GC(45) Desired survivor size 4358144 bytes, new threshold 6 (max threshold 6)
[2020-09-11T14:23:39.526+0000][1][gc,age       ] GC(45) Age table with threshold 6 (max threshold 6)
[2020-09-11T14:23:39.526+0000][1][gc,age       ] GC(45) - age   1:         24 bytes,         24 total
[2020-09-11T14:23:39.526+0000][1][gc,age       ] GC(45) - age   5:        160 bytes,        184 total
[2020-09-11T14:23:39.526+0000][1][gc,age       ] GC(45) - age   6:     380848 bytes,     381032 total
[2020-09-11T14:23:39.526+0000][1][gc,heap      ] GC(45) ParNew: 68957K->698K(76672K)
[2020-09-11T14:23:39.526+0000][1][gc,heap      ] GC(45) CMS: 48220K->48514K(439104K)
[2020-09-11T14:23:39.526+0000][1][gc,metaspace ] GC(45) Metaspace: 32446K->32446K(1079296K)
[2020-09-11T14:23:39.526+0000][1][gc           ] GC(45) Pause Young (Allocation Failure) 114M->48M(503M) 2.750ms
[2020-09-11T14:23:39.526+0000][1][gc,cpu       ] GC(45) User=0.00s Sys=0.00s Real=0.00s
[2020-09-11T14:23:39.526+0000][1][safepoint    ] Safepoint "GenCollectForAllocation", Time since last: 173510750 ns, Reaching safepoint: 7391042 ns, At safepoint: 2817996 ns, Total: 10209038 ns
[2020-09-11T14:23:39.707+0000][1][gc,start     ] GC(46) Pause Young (Allocation Failure)
[2020-09-11T14:23:39.707+0000][1][gc,task      ] GC(46) Using 1 workers of 1 for evacuation
[2020-09-11T14:23:39.710+0000][1][gc,age       ] GC(46) Desired survivor size 4358144 bytes, new threshold 6 (max threshold 6)
[2020-09-11T14:23:39.710+0000][1][gc,age       ] GC(46) Age table with threshold 6 (max threshold 6)
[2020-09-11T14:23:39.710+0000][1][gc,age       ] GC(46) - age   1:         88 bytes,         88 total
[2020-09-11T14:23:39.710+0000][1][gc,age       ] GC(46) - age   6:        160 bytes,        248 total
[2020-09-11T14:23:39.710+0000][1][gc,heap      ] GC(46) ParNew: 68858K->314K(76672K)
[2020-09-11T14:23:39.710+0000][1][gc,heap      ] GC(46) CMS: 48514K->48886K(439104K)
[2020-09-11T14:23:39.710+0000][1][gc,metaspace ] GC(46) Metaspace: 32446K->32446K(1079296K)
[2020-09-11T14:23:39.710+0000][1][gc           ] GC(46) Pause Young (Allocation Failure) 114M->48M(503M) 2.552ms
[2020-09-11T14:23:39.710+0000][1][gc,cpu       ] GC(46) User=0.00s Sys=0.00s Real=0.00s
[2020-09-11T14:23:39.719+0000][1][safepoint    ] Safepoint "GenCollectForAllocation", Time since last: 179578560 ns, Reaching safepoint: 1594380 ns, At safepoint: 11986732 ns, Total: 13581112 ns
[2020-09-11T14:23:39.895+0000][1][gc,start     ] GC(47) Pause Young (Allocation Failure)
[2020-09-11T14:23:39.896+0000][1][gc,task      ] GC(47) Using 1 workers of 1 for evacuation
[2020-09-11T14:23:39.898+0000][1][gc,age       ] GC(47) Desired survivor size 4358144 bytes, new threshold 6 (max threshold 6)
[2020-09-11T14:23:39.898+0000][1][gc,age       ] GC(47) Age table with threshold 6 (max threshold 6)
[2020-09-11T14:23:39.898+0000][1][gc,age       ] GC(47) - age   1:        224 bytes,        224 total
[2020-09-11T14:23:39.898+0000][1][gc,heap      ] GC(47) ParNew: 68474K->78K(76672K)
[2020-09-11T14:23:39.898+0000][1][gc,heap      ] GC(47) CMS: 48886K->48886K(439104K)
[2020-09-11T14:23:39.898+0000][1][gc,metaspace ] GC(47) Metaspace: 32446K->32446K(1079296K)
[2020-09-11T14:23:39.898+0000][1][gc           ] GC(47) Pause Young (Allocation Failure) 114M->47M(503M) 2.411ms
[2020-09-11T14:23:39.898+0000][1][gc,cpu       ] GC(47) User=0.00s Sys=0.00s Real=0.00s
[2020-09-11T14:23:39.898+0000][1][safepoint    ] Safepoint "GenCollectForAllocation", Time since last: 172273014 ns, Reaching safepoint: 3769409 ns, At safepoint: 2471104 ns, Total: 6240513 ns
[2020-09-11T14:23:40.075+0000][1][gc,start     ] GC(48) Pause Young (Allocation Failure)
[2020-09-11T14:23:40.076+0000][1][gc,task      ] GC(48) Using 1 workers of 1 for evacuation
[2020-09-11T14:23:40.078+0000][1][gc,age       ] GC(48) Desired survivor size 4358144 bytes, new threshold 6 (max threshold 6)
[2020-09-11T14:23:40.078+0000][1][gc,age       ] GC(48) Age table with threshold 6 (max threshold 6)
[2020-09-11T14:23:40.078+0000][1][gc,age       ] GC(48) - age   1:        224 bytes,        224 total
[2020-09-11T14:23:40.078+0000][1][gc,heap      ] GC(48) ParNew: 68238K->19K(76672K)
[2020-09-11T14:23:40.078+0000][1][gc,heap      ] GC(48) CMS: 48886K->48886K(439104K)
[2020-09-11T14:23:40.078+0000][1][gc,metaspace ] GC(48) Metaspace: 32446K->32446K(1079296K)
[2020-09-11T14:23:40.078+0000][1][gc           ] GC(48) Pause Young (Allocation Failure) 114M->47M(503M) 2.418ms
[2020-09-11T14:23:40.078+0000][1][gc,cpu       ] GC(48) User=0.00s Sys=0.00s Real=0.00s
[2020-09-11T14:23:40.079+0000][1][safepoint    ] Safepoint "GenCollectForAllocation", Time since last: 174906342 ns, Reaching safepoint: 2617163 ns, At safepoint: 4044339 ns, Total: 6661502 ns
[2020-09-11T14:23:40.258+0000][1][gc,start     ] GC(49) Pause Young (Allocation Failure)
[2020-09-11T14:23:40.258+0000][1][gc,task      ] GC(49) Using 1 workers of 1 for evacuation
[2020-09-11T14:23:40.264+0000][1][gc,age       ] GC(49) Desired survivor size 4358144 bytes, new threshold 6 (max threshold 6)
[2020-09-11T14:23:40.264+0000][1][gc,age       ] GC(49) Age table with threshold 6 (max threshold 6)
[2020-09-11T14:23:40.264+0000][1][gc,age       ] GC(49) - age   1:        224 bytes,        224 total
[2020-09-11T14:23:40.264+0000][1][gc,heap      ] GC(49) ParNew: 68179K->4K(76672K)
[2020-09-11T14:23:40.264+0000][1][gc,heap      ] GC(49) CMS: 48886K->48886K(439104K)
[2020-09-11T14:23:40.264+0000][1][gc,metaspace ] GC(49) Metaspace: 32446K->32446K(1079296K)
[2020-09-11T14:23:40.264+0000][1][gc           ] GC(49) Pause Young (Allocation Failure) 114M->47M(503M) 6.549ms
[2020-09-11T14:23:40.264+0000][1][gc,cpu       ] GC(49) User=0.01s Sys=0.00s Real=0.01s
[2020-09-11T14:23:40.264+0000][1][safepoint    ] Safepoint "GenCollectForAllocation", Time since last: 178029563 ns, Reaching safepoint: 107451 ns, At safepoint: 6605326 ns, Total: 6712777 ns
[2020-09-11T14:23:40.500+0000][1][safepoint    ] Safepoint "RevokeBias", Time since last: 231260894 ns, Reaching safepoint: 3942629 ns, At safepoint: 73516 ns, Total: 4016145 ns
[2020-09-11T14:23:40.500+0000][1][safepoint    ] Safepoint "BulkRevokeBias", Time since last: 72617 ns, Reaching safepoint: 355324 ns, At safepoint: 59343 ns, Total: 414667 ns
[2020-09-11T14:23:40.500+0000][1][safepoint    ] Safepoint "RevokeBias", Time since last: 235606 ns, Reaching safepoint: 84662 ns, At safepoint: 32667 ns, Total: 117329 ns
[2020-09-11T14:23:41.507+0000][1][safepoint    ] Safepoint "Cleanup", Time since last: 1005771025 ns, Reaching safepoint: 452029 ns, At safepoint: 5980 ns, Total: 458009 ns
[2020-09-11T14:23:42.322+0000][1][gc,start     ] GC(50) Pause Young (Allocation Failure)
[2020-09-11T14:23:42.322+0000][1][gc,task      ] GC(50) Using 1 workers of 1 for evacuation
[2020-09-11T14:23:42.324+0000][1][gc,age       ] GC(50) Desired survivor size 4358144 bytes, new threshold 6 (max threshold 6)
[2020-09-11T14:23:42.324+0000][1][gc,age       ] GC(50) Age table with threshold 6 (max threshold 6)
[2020-09-11T14:23:42.324+0000][1][gc,age       ] GC(50) - age   1:      97792 bytes,      97792 total
[2020-09-11T14:23:42.324+0000][1][gc,heap      ] GC(50) ParNew: 68164K->97K(76672K)
[2020-09-11T14:23:42.324+0000][1][gc,heap      ] GC(50) CMS: 48886K->48886K(439104K)
[2020-09-11T14:23:42.324+0000][1][gc,metaspace ] GC(50) Metaspace: 32448K->32448K(1079296K)
[2020-09-11T14:23:42.324+0000][1][gc           ] GC(50) Pause Young (Allocation Failure) 114M->47M(503M) 2.583ms
[2020-09-11T14:23:42.324+0000][1][gc,cpu       ] GC(50) User=0.01s Sys=0.00s Real=0.01s
[2020-09-11T14:23:42.324+0000][1][safepoint    ] Safepoint "GenCollectForAllocation", Time since last: 814929208 ns, Reaching safepoint: 112645 ns, At safepoint: 2633166 ns, Total: 2745811 ns
[2020-09-11T14:23:42.759+0000][1][gc,start     ] GC(51) Pause Young (Allocation Failure)
[2020-09-11T14:23:42.760+0000][1][gc,task      ] GC(51) Using 1 workers of 1 for evacuation
[2020-09-11T14:23:42.762+0000][1][gc,age       ] GC(51) Desired survivor size 4358144 bytes, new threshold 6 (max threshold 6)
[2020-09-11T14:23:42.762+0000][1][gc,age       ] GC(51) Age table with threshold 6 (max threshold 6)
[2020-09-11T14:23:42.762+0000][1][gc,age       ] GC(51) - age   1:     544960 bytes,     544960 total
[2020-09-11T14:23:42.762+0000][1][gc,age       ] GC(51) - age   2:      50312 bytes,     595272 total
[2020-09-11T14:23:42.762+0000][1][gc,heap      ] GC(51) ParNew: 68257K->600K(76672K)
[2020-09-11T14:23:42.762+0000][1][gc,heap      ] GC(51) CMS: 48886K->48886K(439104K)
[2020-09-11T14:23:42.762+0000][1][gc,metaspace ] GC(51) Metaspace: 32448K->32448K(1079296K)
[2020-09-11T14:23:42.762+0000][1][gc           ] GC(51) Pause Young (Allocation Failure) 114M->48M(503M) 2.824ms
[2020-09-11T14:23:42.762+0000][1][gc,cpu       ] GC(51) User=0.00s Sys=0.00s Real=0.00s
[2020-09-11T14:23:42.767+0000][1][safepoint    ] Safepoint "GenCollectForAllocation", Time since last: 432989773 ns, Reaching safepoint: 2180026 ns, At safepoint: 8003271 ns, Total: 10183297 ns
[2020-09-11T14:23:43.115+0000][1][gc,start     ] GC(52) Pause Young (Allocation Failure)
[2020-09-11T14:23:43.116+0000][1][gc,task      ] GC(52) Using 1 workers of 1 for evacuation
[2020-09-11T14:23:43.118+0000][1][gc,age       ] GC(52) Desired survivor size 4358144 bytes, new threshold 6 (max threshold 6)
[2020-09-11T14:23:43.118+0000][1][gc,age       ] GC(52) Age table with threshold 6 (max threshold 6)
[2020-09-11T14:23:43.118+0000][1][gc,age       ] GC(52) - age   1:     677304 bytes,     677304 total
[2020-09-11T14:23:43.118+0000][1][gc,age       ] GC(52) - age   2:     374128 bytes,    1051432 total
[2020-09-11T14:23:43.118+0000][1][gc,age       ] GC(52) - age   3:      49560 bytes,    1100992 total
[2020-09-11T14:23:43.118+0000][1][gc,heap      ] GC(52) ParNew: 68760K->1102K(76672K)
[2020-09-11T14:23:43.118+0000][1][gc,heap      ] GC(52) CMS: 48886K->48886K(439104K)
[2020-09-11T14:23:43.118+0000][1][gc,metaspace ] GC(52) Metaspace: 32448K->32448K(1079296K)
[2020-09-11T14:23:43.118+0000][1][gc           ] GC(52) Pause Young (Allocation Failure) 114M->48M(503M) 2.763ms
[2020-09-11T14:23:43.118+0000][1][gc,cpu       ] GC(52) User=0.01s Sys=0.00s Real=0.00s
[2020-09-11T14:23:43.119+0000][1][safepoint    ] Safepoint "GenCollectForAllocation", Time since last: 345176396 ns, Reaching safepoint: 2822357 ns, At safepoint: 4002214 ns, Total: 6824571 ns
[2020-09-11T14:23:43.443+0000][1][gc,start     ] GC(53) Pause Young (Allocation Failure)
[2020-09-11T14:23:43.443+0000][1][gc,task      ] GC(53) Using 1 workers of 1 for evacuation
[2020-09-11T14:23:43.446+0000][1][gc,age       ] GC(53) Desired survivor size 4358144 bytes, new threshold 6 (max threshold 6)
[2020-09-11T14:23:43.446+0000][1][gc,age       ] GC(53) Age table with threshold 6 (max threshold 6)
[2020-09-11T14:23:43.446+0000][1][gc,age       ] GC(53) - age   1:     315216 bytes,     315216 total
[2020-09-11T14:23:43.446+0000][1][gc,age       ] GC(53) - age   2:     661080 bytes,     976296 total
[2020-09-11T14:23:43.446+0000][1][gc,age       ] GC(53) - age   3:     373456 bytes,    1349752 total
[2020-09-11T14:23:43.446+0000][1][gc,age       ] GC(53) - age   4:      49080 bytes,    1398832 total
[2020-09-11T14:23:43.446+0000][1][gc,heap      ] GC(53) ParNew: 69262K->1376K(76672K)
[2020-09-11T14:23:43.446+0000][1][gc,heap      ] GC(53) CMS: 48886K->48886K(439104K)
[2020-09-11T14:23:43.446+0000][1][gc,metaspace ] GC(53) Metaspace: 32448K->32448K(1079296K)
[2020-09-11T14:23:43.446+0000][1][gc           ] GC(53) Pause Young (Allocation Failure) 115M->49M(503M) 2.811ms
[2020-09-11T14:23:43.446+0000][1][gc,cpu       ] GC(53) User=0.00s Sys=0.00s Real=0.00s
[2020-09-11T14:23:43.451+0000][1][safepoint    ] Safepoint "GenCollectForAllocation", Time since last: 321962534 ns, Reaching safepoint: 2014921 ns, At safepoint: 8012099 ns, Total: 10027020 ns
[2020-09-11T14:23:43.836+0000][1][gc,start     ] GC(54) Pause Young (Allocation Failure)
[2020-09-11T14:23:43.836+0000][1][gc,task      ] GC(54) Using 1 workers of 1 for evacuation
[2020-09-11T14:23:43.838+0000][1][gc,age       ] GC(54) Desired survivor size 4358144 bytes, new threshold 6 (max threshold 6)
[2020-09-11T14:23:43.838+0000][1][gc,age       ] GC(54) Age table with threshold 6 (max threshold 6)
[2020-09-11T14:23:43.838+0000][1][gc,age       ] GC(54) - age   1:     930560 bytes,     930560 total
[2020-09-11T14:23:43.838+0000][1][gc,age       ] GC(54) - age   2:     303168 bytes,    1233728 total
[2020-09-11T14:23:43.838+0000][1][gc,age       ] GC(54) - age   3:     332576 bytes,    1566304 total
[2020-09-11T14:23:43.838+0000][1][gc,age       ] GC(54) - age   4:     373320 bytes,    1939624 total
[2020-09-11T14:23:43.838+0000][1][gc,age       ] GC(54) - age   5:      49080 bytes,    1988704 total
[2020-09-11T14:23:43.838+0000][1][gc,heap      ] GC(54) ParNew: 69536K->1976K(76672K)
[2020-09-11T14:23:43.838+0000][1][gc,heap      ] GC(54) CMS: 48886K->48886K(439104K)
[2020-09-11T14:23:43.838+0000][1][gc,metaspace ] GC(54) Metaspace: 32448K->32448K(1079296K)
[2020-09-11T14:23:43.838+0000][1][gc           ] GC(54) Pause Young (Allocation Failure) 115M->49M(503M) 2.910ms
[2020-09-11T14:23:43.838+0000][1][gc,cpu       ] GC(54) User=0.00s Sys=0.00s Real=0.00s
[2020-09-11T14:23:43.843+0000][1][safepoint    ] Safepoint "GenCollectForAllocation", Time since last: 384019866 ns, Reaching safepoint: 122767 ns, At safepoint: 7849395 ns, Total: 7972162 ns
[2020-09-11T14:23:44.148+0000][1][gc,start     ] GC(55) Pause Young (Allocation Failure)
[2020-09-11T14:23:44.148+0000][1][gc,task      ] GC(55) Using 1 workers of 1 for evacuation
[2020-09-11T14:23:44.151+0000][1][gc,age       ] GC(55) Desired survivor size 4358144 bytes, new threshold 6 (max threshold 6)
[2020-09-11T14:23:44.151+0000][1][gc,age       ] GC(55) Age table with threshold 6 (max threshold 6)
[2020-09-11T14:23:44.151+0000][1][gc,age       ] GC(55) - age   1:     346920 bytes,     346920 total
[2020-09-11T14:23:44.151+0000][1][gc,age       ] GC(55) - age   2:     918848 bytes,    1265768 total
[2020-09-11T14:23:44.151+0000][1][gc,age       ] GC(55) - age   3:     298416 bytes,    1564184 total
[2020-09-11T14:23:44.151+0000][1][gc,age       ] GC(55) - age   4:     331936 bytes,    1896120 total
[2020-09-11T14:23:44.151+0000][1][gc,age       ] GC(55) - age   5:     373168 bytes,    2269288 total
[2020-09-11T14:23:44.151+0000][1][gc,age       ] GC(55) - age   6:      49056 bytes,    2318344 total
[2020-09-11T14:23:44.151+0000][1][gc,heap      ] GC(55) ParNew: 70136K->2359K(76672K)
[2020-09-11T14:23:44.151+0000][1][gc,heap      ] GC(55) CMS: 48886K->48886K(439104K)
[2020-09-11T14:23:44.151+0000][1][gc,metaspace ] GC(55) Metaspace: 32448K->32448K(1079296K)
[2020-09-11T14:23:44.151+0000][1][gc           ] GC(55) Pause Young (Allocation Failure) 116M->50M(503M) 3.028ms
[2020-09-11T14:23:44.151+0000][1][gc,cpu       ] GC(55) User=0.01s Sys=0.00s Real=0.00s
[2020-09-11T14:23:44.154+0000][1][safepoint    ] Safepoint "GenCollectForAllocation", Time since last: 304628082 ns, Reaching safepoint: 104863 ns, At safepoint: 5406061 ns, Total: 5510924 ns
[2020-09-11T14:23:45.114+0000][1][safepoint    ] Safepoint "Deoptimize", Time since last: 960476681 ns, Reaching safepoint: 121129 ns, At safepoint: 322459 ns, Total: 443588 ns
[2020-09-11T14:23:45.552+0000][1][safepoint    ] Safepoint "CollectForMetadataAllocation", Time since last: 436954238 ns, Reaching safepoint: 183815 ns, At safepoint: 131161 ns, Total: 314976 ns
[2020-09-11T14:23:45.648+0000][1][safepoint    ] Safepoint "CollectForMetadataAllocation", Time since last: 95694049 ns, Reaching safepoint: 106447 ns, At safepoint: 126350 ns, Total: 232797 ns
[2020-09-11T14:23:45.774+0000][1][safepoint    ] Safepoint "CollectForMetadataAllocation", Time since last: 125883263 ns, Reaching safepoint: 102930 ns, At safepoint: 105188 ns, Total: 208118 ns
[2020-09-11T14:23:45.848+0000][1][safepoint    ] Safepoint "CollectForMetadataAllocation", Time since last: 73686865 ns, Reaching safepoint: 105053 ns, At safepoint: 140553 ns, Total: 245606 ns
[2020-09-11T14:23:45.940+0000][1][safepoint    ] Safepoint "CollectForMetadataAllocation", Time since last: 91738073 ns, Reaching safepoint: 102584 ns, At safepoint: 124537 ns, Total: 227121 ns
[2020-09-11T14:23:45.989+0000][1][gc,start     ] GC(56) Pause Young (Allocation Failure)
[2020-09-11T14:23:45.989+0000][1][gc,task      ] GC(56) Using 1 workers of 1 for evacuation
[2020-09-11T14:23:46.035+0000][1][gc,age       ] GC(56) Desired survivor size 4358144 bytes, new threshold 6 (max threshold 6)
[2020-09-11T14:23:46.036+0000][1][gc,age       ] GC(56) Age table with threshold 6 (max threshold 6)
[2020-09-11T14:23:46.036+0000][1][gc,age       ] GC(56) - age   1:    1230640 bytes,    1230640 total
[2020-09-11T14:23:46.036+0000][1][gc,age       ] GC(56) - age   2:     334408 bytes,    1565048 total
[2020-09-11T14:23:46.036+0000][1][gc,age       ] GC(56) - age   3:     918504 bytes,    2483552 total
[2020-09-11T14:23:46.036+0000][1][gc,age       ] GC(56) - age   4:     297792 bytes,    2781344 total
[2020-09-11T14:23:46.036+0000][1][gc,age       ] GC(56) - age   5:     331528 bytes,    3112872 total
[2020-09-11T14:23:46.036+0000][1][gc,age       ] GC(56) - age   6:     373168 bytes,    3486040 total
[2020-09-11T14:23:46.036+0000][1][gc,heap      ] GC(56) ParNew: 70519K->3469K(76672K)
[2020-09-11T14:23:46.036+0000][1][gc,heap      ] GC(56) CMS: 48886K->48931K(439104K)
[2020-09-11T14:23:46.036+0000][1][gc,metaspace ] GC(56) Metaspace: 35845K->35845K(1083392K)
[2020-09-11T14:23:46.036+0000][1][gc           ] GC(56) Pause Young (Allocation Failure) 116M->51M(503M) 47.083ms
[2020-09-11T14:23:46.036+0000][1][gc,cpu       ] GC(56) User=0.02s Sys=0.00s Real=0.05s
[2020-09-11T14:23:46.036+0000][1][safepoint    ] Safepoint "GenCollectForAllocation", Time since last: 48780993 ns, Reaching safepoint: 106159 ns, At safepoint: 47158908 ns, Total: 47265067 ns
[2020-09-11T14:23:46.047+0000][1][gc,start     ] GC(57) Pause Initial Mark
[2020-09-11T14:23:46.052+0000][1][gc           ] GC(57) Pause Initial Mark 52M->52M(503M) 5.709ms
[2020-09-11T14:23:46.052+0000][1][gc,cpu       ] GC(57) User=0.01s Sys=0.00s Real=0.00s
[2020-09-11T14:23:46.071+0000][1][safepoint    ] Safepoint "CMS_Initial_Mark", Time since last: 10817447 ns, Reaching safepoint: 103003 ns, At safepoint: 24808181 ns, Total: 24911184 ns
[2020-09-11T14:23:46.071+0000][1][gc           ] GC(57) Concurrent Mark
[2020-09-11T14:23:46.208+0000][1][safepoint    ] Safepoint "CollectForMetadataAllocation", Time since last: 124014479 ns, Reaching safepoint: 12038516 ns, At safepoint: 140547 ns, Total: 12179063 ns
[2020-09-11T14:23:46.490+0000][1][gc           ] GC(57) Concurrent Mark 418.844ms
[2020-09-11T14:23:46.490+0000][1][gc,cpu       ] GC(57) User=0.14s Sys=0.00s Real=0.42s
[2020-09-11T14:23:46.490+0000][1][gc           ] GC(57) Concurrent Preclean
[2020-09-11T14:23:46.491+0000][1][gc           ] GC(57) Concurrent Preclean 0.881ms
[2020-09-11T14:23:46.491+0000][1][gc,cpu       ] GC(57) User=0.00s Sys=0.00s Real=0.00s
[2020-09-11T14:23:46.491+0000][1][gc           ] GC(57) Concurrent Abortable Preclean
[2020-09-11T14:23:46.976+0000][1][gc,start     ] GC(58) Pause Young (Allocation Failure)
[2020-09-11T14:23:46.976+0000][1][gc,task      ] GC(58) Using 1 workers of 1 for evacuation
[2020-09-11T14:23:46.999+0000][1][gc,age       ] GC(58) Desired survivor size 4358144 bytes, new threshold 6 (max threshold 6)
[2020-09-11T14:23:46.999+0000][1][gc,age       ] GC(58) Age table with threshold 6 (max threshold 6)
[2020-09-11T14:23:46.999+0000][1][gc,age       ] GC(58) - age   1:     313000 bytes,     313000 total
[2020-09-11T14:23:46.999+0000][1][gc,age       ] GC(58) - age   2:    1202208 bytes,    1515208 total
[2020-09-11T14:23:46.999+0000][1][gc,age       ] GC(58) - age   3:     334408 bytes,    1849616 total
[2020-09-11T14:23:46.999+0000][1][gc,age       ] GC(58) - age   4:     918504 bytes,    2768120 total
[2020-09-11T14:23:46.999+0000][1][gc,age       ] GC(58) - age   5:     297792 bytes,    3065912 total
[2020-09-11T14:23:46.999+0000][1][gc,age       ] GC(58) - age   6:     331528 bytes,    3397440 total
[2020-09-11T14:23:46.999+0000][1][gc,heap      ] GC(58) ParNew: 71629K->4137K(76672K)
[2020-09-11T14:23:46.999+0000][1][gc,heap      ] GC(58) CMS: 48931K->49296K(439104K)
[2020-09-11T14:23:46.999+0000][1][gc,metaspace ] GC(58) Metaspace: 36228K->36228K(1083392K)
[2020-09-11T14:23:46.999+0000][1][gc           ] GC(58) Pause Young (Allocation Failure) 117M->52M(503M) 22.715ms
[2020-09-11T14:23:46.999+0000][1][gc,cpu       ] GC(58) User=0.01s Sys=0.00s Real=0.02s
[2020-09-11T14:23:47.031+0000][1][safepoint    ] Safepoint "GenCollectForAllocation", Time since last: 768326495 ns, Reaching safepoint: 114639 ns, At safepoint: 55347465 ns, Total: 55462104 ns
[2020-09-11T14:23:47.420+0000][1][safepoint    ] Safepoint "CollectForMetadataAllocation", Time since last: 386902741 ns, Reaching safepoint: 1126908 ns, At safepoint: 123680 ns, Total: 1250588 ns
[2020-09-11T14:23:48.035+0000][1][gc           ] GC(57) Concurrent Abortable Preclean 1543.466ms
[2020-09-11T14:23:48.035+0000][1][gc,cpu       ] GC(57) User=0.50s Sys=0.02s Real=1.54s
[2020-09-11T14:23:48.039+0000][1][gc,start     ] GC(57) Pause Remark
[2020-09-11T14:23:48.092+0000][1][gc           ] GC(57) Pause Remark 86M->86M(503M) 52.961ms
[2020-09-11T14:23:48.092+0000][1][gc,cpu       ] GC(57) User=0.02s Sys=0.00s Real=0.05s
[2020-09-11T14:23:48.143+0000][1][safepoint    ] Safepoint "CMS_Final_Remark", Time since last: 615268827 ns, Reaching safepoint: 4615861 ns, At safepoint: 103966615 ns, Total: 108582476 ns
[2020-09-11T14:23:48.143+0000][1][gc           ] GC(57) Concurrent Sweep
[2020-09-11T14:23:48.281+0000][1][gc           ] GC(57) Concurrent Sweep 137.230ms
[2020-09-11T14:23:48.281+0000][1][gc,cpu       ] GC(57) User=0.04s Sys=0.00s Real=0.13s
[2020-09-11T14:23:48.281+0000][1][gc           ] GC(57) Concurrent Reset
[2020-09-11T14:23:48.281+0000][1][gc           ] GC(57) Concurrent Reset 0.610ms
[2020-09-11T14:23:48.281+0000][1][gc,cpu       ] GC(57) User=0.00s Sys=0.00s Real=0.00s
[2020-09-11T14:23:48.281+0000][1][gc,heap      ] GC(57) Old: 48931K->48214K(439104K)
[2020-09-11T14:23:49.236+0000][1][safepoint    ] Safepoint "Cleanup", Time since last: 1088064604 ns, Reaching safepoint: 4341204 ns, At safepoint: 11065 ns, Total: 4352269 ns
[2020-09-11T14:23:50.238+0000][1][safepoint    ] Safepoint "Cleanup", Time since last: 1001668038 ns, Reaching safepoint: 342043 ns, At safepoint: 6456 ns, Total: 348499 ns
[2020-09-11T14:23:50.549+0000][1][gc,start     ] GC(59) Pause Young (Allocation Failure)
[2020-09-11T14:23:50.549+0000][1][gc,task      ] GC(59) Using 1 workers of 1 for evacuation
[2020-09-11T14:23:50.589+0000][1][gc,age       ] GC(59) Desired survivor size 4358144 bytes, new threshold 5 (max threshold 6)
[2020-09-11T14:23:50.589+0000][1][gc,age       ] GC(59) Age table with threshold 5 (max threshold 6)
[2020-09-11T14:23:50.589+0000][1][gc,age       ] GC(59) - age   1:    2550904 bytes,    2550904 total
[2020-09-11T14:23:50.589+0000][1][gc,age       ] GC(59) - age   2:     268424 bytes,    2819328 total
[2020-09-11T14:23:50.589+0000][1][gc,age       ] GC(59) - age   3:    1199216 bytes,    4018544 total
[2020-09-11T14:23:50.589+0000][1][gc,age       ] GC(59) - age   4:     334408 bytes,    4352952 total
[2020-09-11T14:23:50.589+0000][1][gc,age       ] GC(59) - age   5:     918504 bytes,    5271456 total
[2020-09-11T14:23:50.589+0000][1][gc,age       ] GC(59) - age   6:     297792 bytes,    5569248 total
[2020-09-11T14:23:50.589+0000][1][gc,heap      ] GC(59) ParNew: 72297K->8085K(76672K)
[2020-09-11T14:23:50.589+0000][1][gc,heap      ] GC(59) CMS: 48214K->48538K(439104K)
[2020-09-11T14:23:50.589+0000][1][gc,metaspace ] GC(59) Metaspace: 41436K->41436K(1087488K)
[2020-09-11T14:23:50.589+0000][1][gc           ] GC(59) Pause Young (Allocation Failure) 117M->55M(503M) 39.770ms
[2020-09-11T14:23:50.589+0000][1][gc,cpu       ] GC(59) User=0.01s Sys=0.00s Real=0.04s
[2020-09-11T14:23:50.606+0000][1][safepoint    ] Safepoint "GenCollectForAllocation", Time since last: 311300422 ns, Reaching safepoint: 109047 ns, At safepoint: 57062519 ns, Total: 57171566 ns
[2020-09-11T14:23:50.640+0000][1][safepoint    ] Safepoint "RevokeBias", Time since last: 34025849 ns, Reaching safepoint: 99094 ns, At safepoint: 6930 ns, Total: 106024 ns
[2020-09-11T14:23:51.520+0000][1][safepoint    ] Safepoint "RevokeBias", Time since last: 878977370 ns, Reaching safepoint: 124684 ns, At safepoint: 8755 ns, Total: 133439 ns
[2020-09-11T14:23:52.395+0000][1][safepoint    ] Safepoint "RevokeBias", Time since last: 864108824 ns, Reaching safepoint: 11796762 ns, At safepoint: 15697 ns, Total: 11812459 ns
[2020-09-11T14:23:53.404+0000][1][safepoint    ] Safepoint "Cleanup", Time since last: 1007916286 ns, Reaching safepoint: 126079 ns, At safepoint: 6663 ns, Total: 132742 ns
[2020-09-11T14:23:56.414+0000][1][safepoint    ] Safepoint "Cleanup", Time since last: 3010454984 ns, Reaching safepoint: 108012 ns, At safepoint: 5865 ns, Total: 113877 ns
[2020-09-11T14:23:57.383+0000][1][safepoint    ] Safepoint "RevokeBias", Time since last: 965403910 ns, Reaching safepoint: 3910510 ns, At safepoint: 7949 ns, Total: 3918459 ns
[2020-09-11T14:23:57.384+0000][1][safepoint    ] Safepoint "RevokeBias", Time since last: 125521 ns, Reaching safepoint: 82901 ns, At safepoint: 42408 ns, Total: 125309 ns
[2020-09-11T14:23:57.384+0000][1][safepoint    ] Safepoint "RevokeBias", Time since last: 221722 ns, Reaching safepoint: 84005 ns, At safepoint: 32614 ns, Total: 116619 ns
[2020-09-11T14:23:57.384+0000][1][safepoint    ] Safepoint "RevokeBias", Time since last: 67667 ns, Reaching safepoint: 84373 ns, At safepoint: 31114 ns, Total: 115487 ns
[2020-09-11T14:23:57.384+0000][1][safepoint    ] Safepoint "RevokeBias", Time since last: 34247 ns, Reaching safepoint: 81548 ns, At safepoint: 30879 ns, Total: 112427 ns
[2020-09-11T14:23:57.384+0000][1][safepoint    ] Safepoint "RevokeBias", Time since last: 28731 ns, Reaching safepoint: 81353 ns, At safepoint: 30460 ns, Total: 111813 ns
[2020-09-11T14:23:57.385+0000][1][safepoint    ] Safepoint "RevokeBias", Time since last: 28764 ns, Reaching safepoint: 81445 ns, At safepoint: 30280 ns, Total: 111725 ns
[2020-09-11T14:23:57.385+0000][1][safepoint    ] Safepoint "RevokeBias", Time since last: 28161 ns, Reaching safepoint: 81152 ns, At safepoint: 30334 ns, Total: 111486 ns
[2020-09-11T14:23:57.385+0000][1][safepoint    ] Safepoint "RevokeBias", Time since last: 27640 ns, Reaching safepoint: 81307 ns, At safepoint: 30081 ns, Total: 111388 ns
[2020-09-11T14:23:57.385+0000][1][safepoint    ] Safepoint "RevokeBias", Time since last: 41043 ns, Reaching safepoint: 82316 ns, At safepoint: 30591 ns, Total: 112907 ns
[2020-09-11T14:23:57.385+0000][1][safepoint    ] Safepoint "RevokeBias", Time since last: 28568 ns, Reaching safepoint: 81357 ns, At safepoint: 30177 ns, Total: 111534 ns
[2020-09-11T14:23:57.385+0000][1][safepoint    ] Safepoint "RevokeBias", Time since last: 27584 ns, Reaching safepoint: 81244 ns, At safepoint: 30380 ns, Total: 111624 ns
[2020-09-11T14:23:57.385+0000][1][safepoint    ] Safepoint "RevokeBias", Time since last: 28093 ns, Reaching safepoint: 81431 ns, At safepoint: 30247 ns, Total: 111678 ns
[2020-09-11T14:23:57.386+0000][1][safepoint    ] Safepoint "RevokeBias", Time since last: 30127 ns, Reaching safepoint: 81607 ns, At safepoint: 30415 ns, Total: 112022 ns
[2020-09-11T14:23:57.386+0000][1][safepoint    ] Safepoint "RevokeBias", Time since last: 27802 ns, Reaching safepoint: 81355 ns, At safepoint: 30118 ns, Total: 111473 ns
[2020-09-11T14:23:57.386+0000][1][safepoint    ] Safepoint "RevokeBias", Time since last: 64624 ns, Reaching safepoint: 84623 ns, At safepoint: 30356 ns, Total: 114979 ns
[2020-09-11T14:23:57.388+0000][1][safepoint    ] Safepoint "RevokeBias", Time since last: 38040 ns, Reaching safepoint: 1541068 ns, At safepoint: 49168 ns, Total: 1590236 ns
[2020-09-11T14:23:57.388+0000][1][safepoint    ] Safepoint "RevokeBias", Time since last: 97321 ns, Reaching safepoint: 86168 ns, At safepoint: 39426 ns, Total: 125594 ns
[2020-09-11T14:23:58.607+0000][1][safepoint    ] Safepoint "Cleanup", Time since last: 1215617369 ns, Reaching safepoint: 4053572 ns, At safepoint: 8530 ns, Total: 4062102 ns
[2020-09-11T14:23:59.625+0000][1][safepoint    ] Safepoint "Cleanup", Time since last: 1003940992 ns, Reaching safepoint: 13122703 ns, At safepoint: 10057 ns, Total: 13132760 ns
[2020-09-11T14:23:59.856+0000][1][gc,start     ] GC(60) Pause Young (Allocation Failure)
[2020-09-11T14:23:59.856+0000][1][gc,task      ] GC(60) Using 1 workers of 1 for evacuation
[2020-09-11T14:23:59.962+0000][1][gc,age       ] GC(60) Desired survivor size 4358144 bytes, new threshold 2 (max threshold 6)
[2020-09-11T14:23:59.962+0000][1][gc,age       ] GC(60) Age table with threshold 2 (max threshold 6)
[2020-09-11T14:23:59.962+0000][1][gc,age       ] GC(60) - age   1:    2740048 bytes,    2740048 total
[2020-09-11T14:23:59.962+0000][1][gc,age       ] GC(60) - age   2:    2488408 bytes,    5228456 total
[2020-09-11T14:23:59.962+0000][1][gc,age       ] GC(60) - age   3:     268424 bytes,    5496880 total
[2020-09-11T14:23:59.962+0000][1][gc,age       ] GC(60) - age   4:    1199016 bytes,    6695896 total
[2020-09-11T14:23:59.962+0000][1][gc,age       ] GC(60) - age   5:     334408 bytes,    7030304 total
[2020-09-11T14:23:59.962+0000][1][gc,heap      ] GC(60) ParNew: 76245K->8512K(76672K)
[2020-09-11T14:23:59.962+0000][1][gc,heap      ] GC(60) CMS: 48538K->49726K(439104K)
[2020-09-11T14:23:59.962+0000][1][gc,metaspace ] GC(60) Metaspace: 47285K->47285K(1093632K)
[2020-09-11T14:23:59.962+0000][1][gc           ] GC(60) Pause Young (Allocation Failure) 121M->56M(503M) 106.703ms
[2020-09-11T14:23:59.962+0000][1][gc,cpu       ] GC(60) User=0.03s Sys=0.00s Real=0.10s
[2020-09-11T14:23:59.962+0000][1][safepoint    ] Safepoint "GenCollectForAllocation", Time since last: 230881039 ns, Reaching safepoint: 113026 ns, At safepoint: 106781497 ns, Total: 106894523 ns
[2020-09-11T14:24:00.019+0000][1][safepoint    ] Safepoint "RevokeBias", Time since last: 56743931 ns, Reaching safepoint: 105961 ns, At safepoint: 17285 ns, Total: 123246 ns
[2020-09-11T14:24:00.019+0000][1][safepoint    ] Safepoint "RevokeBias", Time since last: 82281 ns, Reaching safepoint: 9235 ns, At safepoint: 8540 ns, Total: 17775 ns
[2020-09-11T14:24:00.441+0000][1][safepoint    ] Safepoint "RevokeBias", Time since last: 421074268 ns, Reaching safepoint: 111208 ns, At safepoint: 31028 ns, Total: 142236 ns
[2020-09-11T14:24:00.452+0000][1][safepoint    ] Safepoint "RevokeBias", Time since last: 10907511 ns, Reaching safepoint: 94097 ns, At safepoint: 31939 ns, Total: 126036 ns
[2020-09-11T14:24:00.464+0000][1][safepoint    ] Safepoint "RevokeBias", Time since last: 11898489 ns, Reaching safepoint: 101935 ns, At safepoint: 34129 ns, Total: 136064 ns
[2020-09-11T14:24:01.224+0000][1][safepoint    ] Safepoint "RevokeBias", Time since last: 759848437 ns, Reaching safepoint: 396464 ns, At safepoint: 38595 ns, Total: 435059 ns
[2020-09-11T14:24:01.313+0000][1][safepoint    ] Safepoint "RevokeBias", Time since last: 75704160 ns, Reaching safepoint: 12940329 ns, At safepoint: 26556 ns, Total: 12966885 ns
[2020-09-11T14:24:01.313+0000][1][safepoint    ] Safepoint "RevokeBias", Time since last: 222716 ns, Reaching safepoint: 83048 ns, At safepoint: 16611 ns, Total: 99659 ns
[2020-09-11T14:24:01.313+0000][1][safepoint    ] Safepoint "RevokeBias", Time since last: 41703 ns, Reaching safepoint: 79130 ns, At safepoint: 14296 ns, Total: 93426 ns
[2020-09-11T14:24:01.544+0000][1][safepoint    ] Safepoint "RevokeBias", Time since last: 230822402 ns, Reaching safepoint: 106608 ns, At safepoint: 32222 ns, Total: 138830 ns
[2020-09-11T14:24:01.544+0000][1][safepoint    ] Safepoint "RevokeBias", Time since last: 96480 ns, Reaching safepoint: 81541 ns, At safepoint: 19371 ns, Total: 100912 ns
[2020-09-11T14:24:01.544+0000][1][safepoint    ] Safepoint "RevokeBias", Time since last: 100527 ns, Reaching safepoint: 81834 ns, At safepoint: 23682 ns, Total: 105516 ns
[2020-09-11T14:24:01.545+0000][1][safepoint    ] Safepoint "RevokeBias", Time since last: 884009 ns, Reaching safepoint: 86391 ns, At safepoint: 26683 ns, Total: 113074 ns
[2020-09-11T14:24:01.546+0000][1][safepoint    ] Safepoint "RevokeBias", Time since last: 323174 ns, Reaching safepoint: 82526 ns, At safepoint: 23781 ns, Total: 106307 ns
[2020-09-11T14:24:01.546+0000][1][safepoint    ] Safepoint "RevokeBias", Time since last: 501997 ns, Reaching safepoint: 88398 ns, At safepoint: 24183 ns, Total: 112581 ns
[2020-09-11T14:24:01.558+0000][1][safepoint    ] Safepoint "RevokeBias", Time since last: 11154820 ns, Reaching safepoint: 110257 ns, At safepoint: 33875 ns, Total: 144132 ns
[2020-09-11T14:24:01.558+0000][1][safepoint    ] Safepoint "RevokeBias", Time since last: 123345 ns, Reaching safepoint: 81249 ns, At safepoint: 18958 ns, Total: 100207 ns
[2020-09-11T14:24:01.559+0000][1][safepoint    ] Safepoint "RevokeBias", Time since last: 667268 ns, Reaching safepoint: 84922 ns, At safepoint: 20150 ns, Total: 105072 ns
[2020-09-11T14:24:01.559+0000][1][safepoint    ] Safepoint "RevokeBias", Time since last: 507721 ns, Reaching safepoint: 85365 ns, At safepoint: 21491 ns, Total: 106856 ns
[2020-09-11T14:24:01.559+0000][1][safepoint    ] Safepoint "RevokeBias", Time since last: 34335 ns, Reaching safepoint: 76561 ns, At safepoint: 18194 ns, Total: 94755 ns
[2020-09-11T14:24:01.560+0000][1][safepoint    ] Safepoint "RevokeBias", Time since last: 32258 ns, Reaching safepoint: 79992 ns, At safepoint: 17670 ns, Total: 97662 ns
[2020-09-11T14:24:01.560+0000][1][safepoint    ] Safepoint "RevokeBias", Time since last: 30862 ns, Reaching safepoint: 80989 ns, At safepoint: 22843 ns, Total: 103832 ns
[2020-09-11T14:24:01.560+0000][1][safepoint    ] Safepoint "RevokeBias", Time since last: 30341 ns, Reaching safepoint: 80542 ns, At safepoint: 20932 ns, Total: 101474 ns
[2020-09-11T14:24:01.560+0000][1][safepoint    ] Safepoint "RevokeBias", Time since last: 32558 ns, Reaching safepoint: 79818 ns, At safepoint: 17236 ns, Total: 97054 ns
[2020-09-11T14:24:01.566+0000][1][safepoint    ] Safepoint "BulkRevokeBias", Time since last: 29742 ns, Reaching safepoint: 5521178 ns, At safepoint: 86503 ns, Total: 5607681 ns
[2020-09-11T14:24:01.566+0000][1][safepoint    ] Safepoint "RevokeBias", Time since last: 107302 ns, Reaching safepoint: 86916 ns, At safepoint: 21380 ns, Total: 108296 ns
[2020-09-11T14:24:01.566+0000][1][safepoint    ] Safepoint "RevokeBias", Time since last: 44489 ns, Reaching safepoint: 86170 ns, At safepoint: 26844 ns, Total: 113014 ns
[2020-09-11T14:24:01.586+0000][1][safepoint    ] Safepoint "RevokeBias", Time since last: 9461513 ns, Reaching safepoint: 10144685 ns, At safepoint: 54659 ns, Total: 10199344 ns
[2020-09-11T14:24:01.587+0000][1][safepoint    ] Safepoint "RevokeBias", Time since last: 1794478 ns, Reaching safepoint: 16279 ns, At safepoint: 13537 ns, Total: 29816 ns
[2020-09-11T14:24:01.588+0000][1][safepoint    ] Safepoint "RevokeBias", Time since last: 31121 ns, Reaching safepoint: 10680 ns, At safepoint: 11142 ns, Total: 21822 ns
[2020-09-11T14:24:01.605+0000][1][safepoint    ] Safepoint "RevokeBias", Time since last: 17281139 ns, Reaching safepoint: 170110 ns, At safepoint: 32954 ns, Total: 203064 ns
[2020-09-11T14:24:01.605+0000][1][safepoint    ] Safepoint "RevokeBias", Time since last: 56467 ns, Reaching safepoint: 83426 ns, At safepoint: 19908 ns, Total: 103334 ns
[2020-09-11T14:24:01.605+0000][1][safepoint    ] Safepoint "RevokeBias", Time since last: 31179 ns, Reaching safepoint: 81688 ns, At safepoint: 22115 ns, Total: 103803 ns
[2020-09-11T14:24:01.605+0000][1][safepoint    ] Safepoint "RevokeBias", Time since last: 29404 ns, Reaching safepoint: 80548 ns, At safepoint: 22709 ns, Total: 103257 ns
[2020-09-11T14:24:01.606+0000][1][safepoint    ] Safepoint "RevokeBias", Time since last: 28676 ns, Reaching safepoint: 80777 ns, At safepoint: 21524 ns, Total: 102301 ns
[2020-09-11T14:24:01.606+0000][1][safepoint    ] Safepoint "RevokeBias", Time since last: 27835 ns, Reaching safepoint: 80054 ns, At safepoint: 20855 ns, Total: 100909 ns
[2020-09-11T14:24:01.606+0000][1][safepoint    ] Safepoint "RevokeBias", Time since last: 27396 ns, Reaching safepoint: 79588 ns, At safepoint: 21112 ns, Total: 100700 ns
[2020-09-11T14:24:01.606+0000][1][safepoint    ] Safepoint "RevokeBias", Time since last: 28909 ns, Reaching safepoint: 80382 ns, At safepoint: 21569 ns, Total: 101951 ns
[2020-09-11T14:24:01.606+0000][1][safepoint    ] Safepoint "RevokeBias", Time since last: 27539 ns, Reaching safepoint: 80567 ns, At safepoint: 38641 ns, Total: 119208 ns
[2020-09-11T14:24:01.611+0000][1][safepoint    ] Safepoint "RevokeBias", Time since last: 36842 ns, Reaching safepoint: 5290994 ns, At safepoint: 35853 ns, Total: 5326847 ns
[2020-09-11T14:24:01.612+0000][1][safepoint    ] Safepoint "RevokeBias", Time since last: 53669 ns, Reaching safepoint: 80857 ns, At safepoint: 26065 ns, Total: 106922 ns
[2020-09-11T14:24:01.612+0000][1][safepoint    ] Safepoint "RevokeBias", Time since last: 43091 ns, Reaching safepoint: 80791 ns, At safepoint: 25024 ns, Total: 105815 ns
[2020-09-11T14:24:01.612+0000][1][safepoint    ] Safepoint "RevokeBias", Time since last: 27763 ns, Reaching safepoint: 79963 ns, At safepoint: 24316 ns, Total: 104279 ns
[2020-09-11T14:24:01.612+0000][1][safepoint    ] Safepoint "RevokeBias", Time since last: 27310 ns, Reaching safepoint: 80367 ns, At safepoint: 22578 ns, Total: 102945 ns
[2020-09-11T14:24:01.612+0000][1][safepoint    ] Safepoint "RevokeBias", Time since last: 28040 ns, Reaching safepoint: 91643 ns, At safepoint: 24624 ns, Total: 116267 ns
[2020-09-11T14:24:01.612+0000][1][safepoint    ] Safepoint "RevokeBias", Time since last: 34674 ns, Reaching safepoint: 81783 ns, At safepoint: 26775 ns, Total: 108558 ns
[2020-09-11T14:24:01.612+0000][1][safepoint    ] Safepoint "BulkRevokeBias", Time since last: 29191 ns, Reaching safepoint: 81781 ns, At safepoint: 72422 ns, Total: 154203 ns
[2020-09-11T14:24:01.616+0000][1][safepoint    ] Safepoint "RevokeBias", Time since last: 2907127 ns, Reaching safepoint: 85043 ns, At safepoint: 30628 ns, Total: 115671 ns
[2020-09-11T14:24:01.616+0000][1][safepoint    ] Safepoint "RevokeBias", Time since last: 82752 ns, Reaching safepoint: 82298 ns, At safepoint: 23814 ns, Total: 106112 ns
[2020-09-11T14:24:01.616+0000][1][safepoint    ] Safepoint "RevokeBias", Time since last: 44540 ns, Reaching safepoint: 81348 ns, At safepoint: 22799 ns, Total: 104147 ns
[2020-09-11T14:24:01.616+0000][1][safepoint    ] Safepoint "RevokeBias", Time since last: 65212 ns, Reaching safepoint: 84288 ns, At safepoint: 28250 ns, Total: 112538 ns
[2020-09-11T14:24:01.616+0000][1][safepoint    ] Safepoint "RevokeBias", Time since last: 41614 ns, Reaching safepoint: 84413 ns, At safepoint: 27193 ns, Total: 111606 ns
[2020-09-11T14:24:01.616+0000][1][safepoint    ] Safepoint "RevokeBias", Time since last: 117250 ns, Reaching safepoint: 82557 ns, At safepoint: 27067 ns, Total: 109624 ns
[2020-09-11T14:24:01.617+0000][1][safepoint    ] Safepoint "RevokeBias", Time since last: 237135 ns, Reaching safepoint: 84775 ns, At safepoint: 27403 ns, Total: 112178 ns
[2020-09-11T14:24:01.617+0000][1][safepoint    ] Safepoint "RevokeBias", Time since last: 67321 ns, Reaching safepoint: 82872 ns, At safepoint: 27219 ns, Total: 110091 ns
[2020-09-11T14:24:01.617+0000][1][safepoint    ] Safepoint "RevokeBias", Time since last: 134410 ns, Reaching safepoint: 85379 ns, At safepoint: 27061 ns, Total: 112440 ns
[2020-09-11T14:24:01.617+0000][1][safepoint    ] Safepoint "RevokeBias", Time since last: 47868 ns, Reaching safepoint: 80978 ns, At safepoint: 23390 ns, Total: 104368 ns
[2020-09-11T14:24:01.617+0000][1][safepoint    ] Safepoint "RevokeBias", Time since last: 28749 ns, Reaching safepoint: 83047 ns, At safepoint: 22065 ns, Total: 105112 ns
[2020-09-11T14:24:01.618+0000][1][safepoint    ] Safepoint "RevokeBias", Time since last: 27774 ns, Reaching safepoint: 80432 ns, At safepoint: 26797 ns, Total: 107229 ns
[2020-09-11T14:24:01.618+0000][1][safepoint    ] Safepoint "RevokeBias", Time since last: 217063 ns, Reaching safepoint: 82728 ns, At safepoint: 27374 ns, Total: 110102 ns
[2020-09-11T14:24:01.619+0000][1][safepoint    ] Safepoint "RevokeBias", Time since last: 108244 ns, Reaching safepoint: 1378836 ns, At safepoint: 34355 ns, Total: 1413191 ns
[2020-09-11T14:24:01.620+0000][1][safepoint    ] Safepoint "RevokeBias", Time since last: 119027 ns, Reaching safepoint: 83806 ns, At safepoint: 29076 ns, Total: 112882 ns
[2020-09-11T14:24:01.628+0000][1][safepoint    ] Safepoint "RevokeBias", Time since last: 7721352 ns, Reaching safepoint: 105531 ns, At safepoint: 38962 ns, Total: 144493 ns
[2020-09-11T14:24:01.628+0000][1][safepoint    ] Safepoint "RevokeBias", Time since last: 404001 ns, Reaching safepoint: 86304 ns, At safepoint: 26699 ns, Total: 113003 ns
[2020-09-11T14:24:01.628+0000][1][safepoint    ] Safepoint "RevokeBias", Time since last: 190531 ns, Reaching safepoint: 83135 ns, At safepoint: 29279 ns, Total: 112414 ns
[2020-09-11T14:24:01.629+0000][1][safepoint    ] Safepoint "BulkRevokeBias", Time since last: 90203 ns, Reaching safepoint: 81545 ns, At safepoint: 65363 ns, Total: 146908 ns
[2020-09-11T14:24:01.629+0000][1][safepoint    ] Safepoint "RevokeBias", Time since last: 182012 ns, Reaching safepoint: 86075 ns, At safepoint: 27748 ns, Total: 113823 ns
[2020-09-11T14:24:01.637+0000][1][safepoint    ] Safepoint "RevokeBias", Time since last: 8225506 ns, Reaching safepoint: 116248 ns, At safepoint: 50037 ns, Total: 166285 ns
[2020-09-11T14:24:01.646+0000][1][safepoint    ] Safepoint "BulkRevokeBias", Time since last: 8857045 ns, Reaching safepoint: 109426 ns, At safepoint: 79687 ns, Total: 189113 ns
[2020-09-11T14:24:01.678+0000][1][safepoint    ] Safepoint "RevokeBias", Time since last: 21085960 ns, Reaching safepoint: 10145479 ns, At safepoint: 45280 ns, Total: 10190759 ns
[2020-09-11T14:24:01.684+0000][1][safepoint    ] Safepoint "RevokeBias", Time since last: 5793566 ns, Reaching safepoint: 121376 ns, At safepoint: 41898 ns, Total: 163274 ns
[2020-09-11T14:24:01.684+0000][1][safepoint    ] Safepoint "RevokeBias", Time since last: 56241 ns, Reaching safepoint: 85843 ns, At safepoint: 28583 ns, Total: 114426 ns
[2020-09-11T14:24:02.689+0000][1][safepoint    ] Safepoint "Cleanup", Time since last: 1003679935 ns, Reaching safepoint: 1121284 ns, At safepoint: 6352 ns, Total: 1127636 ns
[2020-09-11T14:24:02.717+0000][1][gc,start     ] GC(61) Pause Young (Allocation Failure)
[2020-09-11T14:24:02.717+0000][1][gc,task      ] GC(61) Using 1 workers of 1 for evacuation
[2020-09-11T14:24:02.906+0000][1][gc,age       ] GC(61) Desired survivor size 4358144 bytes, new threshold 2 (max threshold 6)
[2020-09-11T14:24:02.906+0000][1][gc,age       ] GC(61) Age table with threshold 2 (max threshold 6)
[2020-09-11T14:24:02.906+0000][1][gc,age       ] GC(61) - age   1:    2244784 bytes,    2244784 total
[2020-09-11T14:24:02.906+0000][1][gc,age       ] GC(61) - age   2:    2667520 bytes,    4912304 total
[2020-09-11T14:24:02.906+0000][1][gc,heap      ] GC(61) ParNew: 76672K->6337K(76672K)
[2020-09-11T14:24:02.906+0000][1][gc,heap      ] GC(61) CMS: 49726K->53993K(439104K)
[2020-09-11T14:24:02.906+0000][1][gc,metaspace ] GC(61) Metaspace: 52396K->52396K(1097728K)
[2020-09-11T14:24:02.906+0000][1][gc           ] GC(61) Pause Young (Allocation Failure) 123M->58M(503M) 188.886ms
[2020-09-11T14:24:02.906+0000][1][gc,cpu       ] GC(61) User=0.06s Sys=0.00s Real=0.19s
[2020-09-11T14:24:02.939+0000][1][safepoint    ] Safepoint "GenCollectForAllocation", Time since last: 28393859 ns, Reaching safepoint: 102881 ns, At safepoint: 222394120 ns, Total: 222497001 ns
[2020-09-11T14:24:04.267+0000][1][safepoint    ] Safepoint "Cleanup", Time since last: 1319899788 ns, Reaching safepoint: 7654970 ns, At safepoint: 14387 ns, Total: 7669357 ns
[2020-09-11T14:24:05.275+0000][1][safepoint    ] Safepoint "Cleanup", Time since last: 1004423090 ns, Reaching safepoint: 4019015 ns, At safepoint: 15068 ns, Total: 4034083 ns
[2020-09-11T14:24:06.276+0000][1][safepoint    ] Safepoint "Cleanup", Time since last: 1000271078 ns, Reaching safepoint: 452363 ns, At safepoint: 8596 ns, Total: 460959 ns
[2020-09-11T14:24:06.503+0000][1][gc,start     ] GC(62) Pause Young (Allocation Failure)
[2020-09-11T14:24:06.503+0000][1][gc,task      ] GC(62) Using 1 workers of 1 for evacuation
[2020-09-11T14:24:06.609+0000][1][gc,age       ] GC(62) Desired survivor size 4358144 bytes, new threshold 6 (max threshold 6)
[2020-09-11T14:24:06.609+0000][1][gc,age       ] GC(62) Age table with threshold 6 (max threshold 6)
[2020-09-11T14:24:06.609+0000][1][gc,age       ] GC(62) - age   1:    1382624 bytes,    1382624 total
[2020-09-11T14:24:06.609+0000][1][gc,age       ] GC(62) - age   2:    2202568 bytes,    3585192 total
[2020-09-11T14:24:06.609+0000][1][gc,heap      ] GC(62) ParNew: 74497K->5182K(76672K)
[2020-09-11T14:24:06.609+0000][1][gc,heap      ] GC(62) CMS: 53993K->56706K(439104K)
[2020-09-11T14:24:06.609+0000][1][gc,metaspace ] GC(62) Metaspace: 59966K->59966K(1103872K)
[2020-09-11T14:24:06.609+0000][1][gc           ] GC(62) Pause Young (Allocation Failure) 125M->60M(503M) 106.335ms
[2020-09-11T14:24:06.609+0000][1][gc,cpu       ] GC(62) User=0.03s Sys=0.00s Real=0.11s
[2020-09-11T14:24:06.623+0000][1][safepoint    ] Safepoint "GenCollectForAllocation", Time since last: 226301946 ns, Reaching safepoint: 108765 ns, At safepoint: 120820234 ns, Total: 120928999 ns
[2020-09-11T14:24:07.089+0000][1][safepoint    ] Safepoint "CollectForMetadataAllocation", Time since last: 464009835 ns, Reaching safepoint: 936150 ns, At safepoint: 136287 ns, Total: 1072437 ns
[2020-09-11T14:24:07.232+0000][1][safepoint    ] Safepoint "CollectForMetadataAllocation", Time since last: 142904148 ns, Reaching safepoint: 119587 ns, At safepoint: 122335 ns, Total: 241922 ns
[2020-09-11T14:24:07.312+0000][1][safepoint    ] Safepoint "CollectForMetadataAllocation", Time since last: 79769892 ns, Reaching safepoint: 123069 ns, At safepoint: 134734 ns, Total: 257803 ns
[2020-09-11T14:24:07.700+0000][1][safepoint    ] Safepoint "CollectForMetadataAllocation", Time since last: 388071086 ns, Reaching safepoint: 132089 ns, At safepoint: 113244 ns, Total: 245333 ns
[2020-09-11T14:24:07.940+0000][1][safepoint    ] Safepoint "CollectForMetadataAllocation", Time since last: 239939034 ns, Reaching safepoint: 115900 ns, At safepoint: 127915 ns, Total: 243815 ns
[2020-09-11T14:24:08.282+0000][1][safepoint    ] Safepoint "CollectForMetadataAllocation", Time since last: 341242208 ns, Reaching safepoint: 113018 ns, At safepoint: 148286 ns, Total: 261304 ns
[2020-09-11T14:24:08.632+0000][1][gc,start     ] GC(63) Pause Initial Mark
[2020-09-11T14:24:08.688+0000][1][gc           ] GC(63) Pause Initial Mark 89M->89M(503M) 56.226ms
[2020-09-11T14:24:08.688+0000][1][gc,cpu       ] GC(63) User=0.02s Sys=0.00s Real=0.06s
[2020-09-11T14:24:08.699+0000][1][safepoint    ] Safepoint "CMS_Initial_Mark", Time since last: 349775673 ns, Reaching safepoint: 115341 ns, At safepoint: 67821929 ns, Total: 67937270 ns
[2020-09-11T14:24:08.699+0000][1][gc           ] GC(63) Concurrent Mark
[2020-09-11T14:24:08.716+0000][1][safepoint    ] Safepoint "CollectForMetadataAllocation", Time since last: 14646213 ns, Reaching safepoint: 1386550 ns, At safepoint: 143967 ns, Total: 1530517 ns
[2020-09-11T14:24:09.096+0000][1][safepoint    ] Safepoint "CollectForMetadataAllocation", Time since last: 362844313 ns, Reaching safepoint: 17127833 ns, At safepoint: 117101 ns, Total: 17244934 ns
[2020-09-11T14:24:09.214+0000][1][gc           ] GC(63) Concurrent Mark 514.988ms
[2020-09-11T14:24:09.215+0000][1][gc,cpu       ] GC(63) User=0.17s Sys=0.00s Real=0.51s
[2020-09-11T14:24:09.215+0000][1][gc           ] GC(63) Concurrent Preclean
[2020-09-11T14:24:09.256+0000][1][gc           ] GC(63) Concurrent Preclean 41.684ms
[2020-09-11T14:24:09.256+0000][1][gc,cpu       ] GC(63) User=0.01s Sys=0.00s Real=0.05s
[2020-09-11T14:24:09.256+0000][1][gc           ] GC(63) Concurrent Abortable Preclean
[2020-09-11T14:24:09.302+0000][1][safepoint    ] Safepoint "Deoptimize", Time since last: 205342929 ns, Reaching safepoint: 543449 ns, At safepoint: 290030 ns, Total: 833479 ns
[2020-09-11T14:24:09.452+0000][1][safepoint    ] Safepoint "CollectForMetadataAllocation", Time since last: 148443527 ns, Reaching safepoint: 1161473 ns, At safepoint: 116651 ns, Total: 1278124 ns
[2020-09-11T14:24:09.768+0000][1][safepoint    ] Safepoint "CollectForMetadataAllocation", Time since last: 315862655 ns, Reaching safepoint: 72004 ns, At safepoint: 113189 ns, Total: 185193 ns
[2020-09-11T14:24:10.164+0000][1][safepoint    ] Safepoint "CollectForMetadataAllocation", Time since last: 395815704 ns, Reaching safepoint: 114511 ns, At safepoint: 78680 ns, Total: 193191 ns
[2020-09-11T14:24:10.800+0000][1][safepoint    ] Safepoint "RevokeBias", Time since last: 620050506 ns, Reaching safepoint: 15812341 ns, At safepoint: 46695 ns, Total: 15859036 ns
[2020-09-11T14:24:10.800+0000][1][safepoint    ] Safepoint "RevokeBias", Time since last: 76302 ns, Reaching safepoint: 15232 ns, At safepoint: 26543 ns, Total: 41775 ns
[2020-09-11T14:24:10.800+0000][1][safepoint    ] Safepoint "RevokeBias", Time since last: 184642 ns, Reaching safepoint: 16766 ns, At safepoint: 25440 ns, Total: 42206 ns
[2020-09-11T14:24:10.852+0000][1][safepoint    ] Safepoint "CollectForMetadataAllocation", Time since last: 39591130 ns, Reaching safepoint: 12136858 ns, At safepoint: 121049 ns, Total: 12257907 ns
[2020-09-11T14:24:11.177+0000][1][safepoint    ] Safepoint "CollectForMetadataAllocation", Time since last: 325067659 ns, Reaching safepoint: 128763 ns, At safepoint: 88160 ns, Total: 216923 ns
[2020-09-11T14:24:11.381+0000][1][safepoint    ] Safepoint "CollectForMetadataAllocation", Time since last: 203563870 ns, Reaching safepoint: 116123 ns, At safepoint: 100045 ns, Total: 216168 ns
[2020-09-11T14:24:11.532+0000][1][safepoint    ] Safepoint "CollectForMetadataAllocation", Time since last: 146622712 ns, Reaching safepoint: 4038653 ns, At safepoint: 122515 ns, Total: 4161168 ns
[2020-09-11T14:24:11.661+0000][1][safepoint    ] Safepoint "CollectForMetadataAllocation", Time since last: 129342550 ns, Reaching safepoint: 111319 ns, At safepoint: 132258 ns, Total: 243577 ns
[2020-09-11T14:24:11.868+0000][1][safepoint    ] Safepoint "RevokeBias", Time since last: 199547592 ns, Reaching safepoint: 7050290 ns, At safepoint: 13502 ns, Total: 7063792 ns
[2020-09-11T14:24:11.870+0000][1][safepoint    ] Safepoint "RevokeBias", Time since last: 406403 ns, Reaching safepoint: 2055010 ns, At safepoint: 14325 ns, Total: 2069335 ns
[2020-09-11T14:24:11.900+0000][1][safepoint    ] Safepoint "CollectForMetadataAllocation", Time since last: 29168757 ns, Reaching safepoint: 55724 ns, At safepoint: 107107 ns, Total: 162831 ns
[2020-09-11T14:24:12.219+0000][1][safepoint    ] Safepoint "CollectForMetadataAllocation", Time since last: 318848271 ns, Reaching safepoint: 62840 ns, At safepoint: 114925 ns, Total: 177765 ns
[2020-09-11T14:24:12.380+0000][1][gc,start     ] GC(64) Pause Young (Allocation Failure)
[2020-09-11T14:24:12.380+0000][1][gc,task      ] GC(64) Using 1 workers of 1 for evacuation
[2020-09-11T14:24:12.406+0000][1][gc           ] GC(63) Concurrent Abortable Preclean 3150.157ms
[2020-09-11T14:24:12.406+0000][1][gc,cpu       ] GC(63) User=1.02s Sys=0.01s Real=3.15s
[2020-09-11T14:24:12.459+0000][1][gc,age       ] GC(64) Desired survivor size 4358144 bytes, new threshold 2 (max threshold 6)
[2020-09-11T14:24:12.459+0000][1][gc,age       ] GC(64) Age table with threshold 2 (max threshold 6)
[2020-09-11T14:24:12.459+0000][1][gc,age       ] GC(64) - age   1:    3555560 bytes,    3555560 total
[2020-09-11T14:24:12.459+0000][1][gc,age       ] GC(64) - age   2:    1309264 bytes,    4864824 total
[2020-09-11T14:24:12.459+0000][1][gc,age       ] GC(64) - age   3:    2187736 bytes,    7052560 total
[2020-09-11T14:24:12.459+0000][1][gc,heap      ] GC(64) ParNew: 73342K->7842K(76672K)
[2020-09-11T14:24:12.459+0000][1][gc,heap      ] GC(64) CMS: 56706K->56706K(439104K)
[2020-09-11T14:24:12.459+0000][1][gc,metaspace ] GC(64) Metaspace: 66193K->66193K(1110016K)
[2020-09-11T14:24:12.459+0000][1][gc           ] GC(64) Pause Young (Allocation Failure) 127M->63M(503M) 79.153ms
[2020-09-11T14:24:12.459+0000][1][gc,cpu       ] GC(64) User=0.03s Sys=0.00s Real=0.08s
[2020-09-11T14:24:12.468+0000][1][safepoint    ] Safepoint "GenCollectForAllocation", Time since last: 160865815 ns, Reaching safepoint: 112623 ns, At safepoint: 88892763 ns, Total: 89005386 ns
[2020-09-11T14:24:12.476+0000][1][safepoint    ] Safepoint "CollectForMetadataAllocation", Time since last: 6958215 ns, Reaching safepoint: 41278 ns, At safepoint: 112449 ns, Total: 153727 ns
[2020-09-11T14:24:12.491+0000][1][gc,start     ] GC(63) Pause Remark
[2020-09-11T14:24:12.536+0000][1][gc           ] GC(63) Pause Remark 64M->64M(503M) 44.718ms
[2020-09-11T14:24:12.536+0000][1][gc,cpu       ] GC(63) User=0.01s Sys=0.00s Real=0.05s
[2020-09-11T14:24:12.555+0000][1][safepoint    ] Safepoint "CMS_Final_Remark", Time since last: 12825539 ns, Reaching safepoint: 3039003 ns, At safepoint: 63214179 ns, Total: 66253182 ns
[2020-09-11T14:24:12.555+0000][1][gc           ] GC(63) Concurrent Sweep
[2020-09-11T14:24:12.642+0000][1][gc           ] GC(63) Concurrent Sweep 87.689ms
[2020-09-11T14:24:12.642+0000][1][gc,cpu       ] GC(63) User=0.03s Sys=0.00s Real=0.09s
[2020-09-11T14:24:12.643+0000][1][gc           ] GC(63) Concurrent Reset
[2020-09-11T14:24:12.643+0000][1][gc           ] GC(63) Concurrent Reset 0.635ms
[2020-09-11T14:24:12.643+0000][1][gc,cpu       ] GC(63) User=0.00s Sys=0.00s Real=0.00s
[2020-09-11T14:24:12.643+0000][1][gc,heap      ] GC(63) Old: 56706K->55782K(439104K)
[2020-09-11T14:24:13.303+0000][1][safepoint    ] Safepoint "Deoptimize", Time since last: 744895992 ns, Reaching safepoint: 764494 ns, At safepoint: 3087612 ns, Total: 3852106 ns
[2020-09-11T14:24:13.356+0000][1][safepoint    ] Safepoint "Deoptimize", Time since last: 52016172 ns, Reaching safepoint: 114415 ns, At safepoint: 310623 ns, Total: 425038 ns
[2020-09-11T14:24:13.649+0000][1][safepoint    ] Safepoint "RevokeBias", Time since last: 292745637 ns, Reaching safepoint: 119826 ns, At safepoint: 20375 ns, Total: 140201 ns
[2020-09-11T14:24:13.656+0000][1][safepoint    ] Safepoint "RevokeBias", Time since last: 6705274 ns, Reaching safepoint: 106191 ns, At safepoint: 30783 ns, Total: 136974 ns
[2020-09-11T14:24:13.657+0000][1][safepoint    ] Safepoint "RevokeBias", Time since last: 969126 ns, Reaching safepoint: 93640 ns, At safepoint: 24127 ns, Total: 117767 ns
[2020-09-11T14:24:13.657+0000][1][safepoint    ] Safepoint "RevokeBias", Time since last: 525658 ns, Reaching safepoint: 97819 ns, At safepoint: 22317 ns, Total: 120136 ns
[2020-09-11T14:24:13.657+0000][1][safepoint    ] Safepoint "RevokeBias", Time since last: 51152 ns, Reaching safepoint: 92358 ns, At safepoint: 20014 ns, Total: 112372 ns
[2020-09-11T14:24:13.660+0000][1][safepoint    ] Safepoint "RevokeBias", Time since last: 2238265 ns, Reaching safepoint: 87319 ns, At safepoint: 21269 ns, Total: 108588 ns
[2020-09-11T14:24:13.672+0000][1][safepoint    ] Safepoint "RevokeBias", Time since last: 11626578 ns, Reaching safepoint: 110737 ns, At safepoint: 26607 ns, Total: 137344 ns
[2020-09-11T14:24:13.672+0000][1][safepoint    ] Safepoint "RevokeBias", Time since last: 75104 ns, Reaching safepoint: 13002 ns, At safepoint: 16251 ns, Total: 29253 ns
[2020-09-11T14:24:13.672+0000][1][safepoint    ] Safepoint "RevokeBias", Time since last: 594087 ns, Reaching safepoint: 10944 ns, At safepoint: 16305 ns, Total: 27249 ns
[2020-09-11T14:24:13.673+0000][1][safepoint    ] Safepoint "RevokeBias", Time since last: 891373 ns, Reaching safepoint: 87132 ns, At safepoint: 17395 ns, Total: 104527 ns
[2020-09-11T14:24:13.678+0000][1][safepoint    ] Safepoint "RevokeBias", Time since last: 4226049 ns, Reaching safepoint: 105613 ns, At safepoint: 25126 ns, Total: 130739 ns
[2020-09-11T14:24:13.689+0000][1][safepoint    ] Safepoint "Deoptimize", Time since last: 10625446 ns, Reaching safepoint: 101334 ns, At safepoint: 309511 ns, Total: 410845 ns
[2020-09-11T14:24:14.017+0000][1][safepoint    ] Safepoint "RevokeBias", Time since last: 319122613 ns, Reaching safepoint: 8710844 ns, At safepoint: 26710 ns, Total: 8737554 ns
[2020-09-11T14:24:14.017+0000][1][safepoint    ] Safepoint "RevokeBias", Time since last: 90047 ns, Reaching safepoint: 81937 ns, At safepoint: 14181 ns, Total: 96118 ns
[2020-09-11T14:24:14.017+0000][1][safepoint    ] Safepoint "RevokeBias", Time since last: 40832 ns, Reaching safepoint: 79847 ns, At safepoint: 21783 ns, Total: 101630 ns
[2020-09-11T14:24:14.017+0000][1][safepoint    ] Safepoint "RevokeBias", Time since last: 38361 ns, Reaching safepoint: 78678 ns, At safepoint: 14346 ns, Total: 93024 ns
[2020-09-11T14:24:14.019+0000][1][safepoint    ] Safepoint "RevokeBias", Time since last: 2370176 ns, Reaching safepoint: 90122 ns, At safepoint: 15092 ns, Total: 105214 ns
[2020-09-11T14:24:14.020+0000][1][safepoint    ] Safepoint "RevokeBias", Time since last: 56060 ns, Reaching safepoint: 78932 ns, At safepoint: 20848 ns, Total: 99780 ns
[2020-09-11T14:24:14.020+0000][1][safepoint    ] Safepoint "RevokeBias", Time since last: 53295 ns, Reaching safepoint: 77874 ns, At safepoint: 13456 ns, Total: 91330 ns
[2020-09-11T14:24:14.020+0000][1][safepoint    ] Safepoint "RevokeBias", Time since last: 37584 ns, Reaching safepoint: 77987 ns, At safepoint: 12982 ns, Total: 90969 ns
[2020-09-11T14:24:15.020+0000][1][safepoint    ] Safepoint "Cleanup", Time since last: 1000078629 ns, Reaching safepoint: 141724 ns, At safepoint: 6309 ns, Total: 148033 ns
[2020-09-11T14:24:15.095+0000][1][safepoint    ] Safepoint "RevokeBias", Time since last: 71436475 ns, Reaching safepoint: 3847238 ns, At safepoint: 35541 ns, Total: 3882779 ns
[2020-09-11T14:24:15.100+0000][1][safepoint    ] Safepoint "RevokeBias", Time since last: 3811261 ns, Reaching safepoint: 243050 ns, At safepoint: 31039 ns, Total: 274089 ns
[2020-09-11T14:24:15.119+0000][1][safepoint    ] Safepoint "RevokeBias", Time since last: 17262380 ns, Reaching safepoint: 2626144 ns, At safepoint: 39747 ns, Total: 2665891 ns
[2020-09-11T14:24:15.132+0000][1][safepoint    ] Safepoint "RevokeBias", Time since last: 838600 ns, Reaching safepoint: 11169798 ns, At safepoint: 45071 ns, Total: 11214869 ns
[2020-09-11T14:24:15.132+0000][1][safepoint    ] Safepoint "RevokeBias", Time since last: 402958 ns, Reaching safepoint: 91536 ns, At safepoint: 27641 ns, Total: 119177 ns
[2020-09-11T14:24:15.132+0000][1][safepoint    ] Safepoint "RevokeBias", Time since last: 44328 ns, Reaching safepoint: 85227 ns, At safepoint: 18658 ns, Total: 103885 ns
[2020-09-11T14:24:15.136+0000][1][safepoint    ] Safepoint "RevokeBias", Time since last: 2042781 ns, Reaching safepoint: 1268025 ns, At safepoint: 27786 ns, Total: 1295811 ns
[2020-09-11T14:24:15.146+0000][1][safepoint    ] Safepoint "RevokeBias", Time since last: 8209695 ns, Reaching safepoint: 2623113 ns, At safepoint: 30894 ns, Total: 2654007 ns
[2020-09-11T14:24:15.150+0000][1][safepoint    ] Safepoint "RevokeBias", Time since last: 1958522 ns, Reaching safepoint: 1123890 ns, At safepoint: 21389 ns, Total: 1145279 ns
[2020-09-11T14:24:15.163+0000][1][safepoint    ] Safepoint "RevokeBias", Time since last: 10236594 ns, Reaching safepoint: 3178745 ns, At safepoint: 33596 ns, Total: 3212341 ns
[2020-09-11T14:24:15.176+0000][1][safepoint    ] Safepoint "RevokeBias", Time since last: 12484080 ns, Reaching safepoint: 124061 ns, At safepoint: 26828 ns, Total: 150889 ns
[2020-09-11T14:24:15.176+0000][1][safepoint    ] Safepoint "RevokeBias", Time since last: 462541 ns, Reaching safepoint: 89152 ns, At safepoint: 23599 ns, Total: 112751 ns
[2020-09-11T14:24:15.176+0000][1][safepoint    ] Safepoint "RevokeBias", Time since last: 105279 ns, Reaching safepoint: 86783 ns, At safepoint: 21715 ns, Total: 108498 ns
[2020-09-11T14:24:15.180+0000][1][safepoint    ] Safepoint "RevokeBias", Time since last: 352789 ns, Reaching safepoint: 2708113 ns, At safepoint: 54456 ns, Total: 2762569 ns
[2020-09-11T14:24:15.180+0000][1][safepoint    ] Safepoint "RevokeBias", Time since last: 85231 ns, Reaching safepoint: 90457 ns, At safepoint: 11695 ns, Total: 102152 ns
[2020-09-11T14:24:15.180+0000][1][safepoint    ] Safepoint "RevokeBias", Time since last: 367684 ns, Reaching safepoint: 89433 ns, At safepoint: 12346 ns, Total: 101779 ns
[2020-09-11T14:24:15.180+0000][1][safepoint    ] Safepoint "RevokeBias", Time since last: 37303 ns, Reaching safepoint: 87924 ns, At safepoint: 11617 ns, Total: 99541 ns
[2020-09-11T14:24:15.183+0000][1][safepoint    ] Safepoint "RevokeBias", Time since last: 958949 ns, Reaching safepoint: 1657660 ns, At safepoint: 21950 ns, Total: 1679610 ns
[2020-09-11T14:24:15.183+0000][1][safepoint    ] Safepoint "RevokeBias", Time since last: 111318 ns, Reaching safepoint: 91729 ns, At safepoint: 13720 ns, Total: 105449 ns
[2020-09-11T14:24:15.183+0000][1][safepoint    ] Safepoint "RevokeBias", Time since last: 55032 ns, Reaching safepoint: 88364 ns, At safepoint: 12312 ns, Total: 100676 ns
[2020-09-11T14:24:15.204+0000][1][safepoint    ] Safepoint "RevokeBias", Time since last: 20884395 ns, Reaching safepoint: 125211 ns, At safepoint: 52225 ns, Total: 177436 ns
[2020-09-11T14:24:15.240+0000][1][safepoint    ] Safepoint "RevokeBias", Time since last: 15639020 ns, Reaching safepoint: 19592797 ns, At safepoint: 19513 ns, Total: 19612310 ns
[2020-09-11T14:24:15.240+0000][1][safepoint    ] Safepoint "RevokeBias", Time since last: 430941 ns, Reaching safepoint: 14690 ns, At safepoint: 12486 ns, Total: 27176 ns
[2020-09-11T14:24:15.247+0000][1][safepoint    ] Safepoint "RevokeBias", Time since last: 7335523 ns, Reaching safepoint: 49513 ns, At safepoint: 22898 ns, Total: 72411 ns
[2020-09-11T14:24:15.248+0000][1][safepoint    ] Safepoint "RevokeBias", Time since last: 108903 ns, Reaching safepoint: 16131 ns, At safepoint: 8527 ns, Total: 24658 ns
[2020-09-11T14:24:15.248+0000][1][safepoint    ] Safepoint "RevokeBias", Time since last: 77032 ns, Reaching safepoint: 16400 ns, At safepoint: 34024 ns, Total: 50424 ns
[2020-09-11T14:24:15.248+0000][1][safepoint    ] Safepoint "RevokeBias", Time since last: 42876 ns, Reaching safepoint: 15411 ns, At safepoint: 9820 ns, Total: 25231 ns
[2020-09-11T14:24:15.248+0000][1][safepoint    ] Safepoint "RevokeBias", Time since last: 38706 ns, Reaching safepoint: 16821 ns, At safepoint: 9794 ns, Total: 26615 ns
[2020-09-11T14:24:15.256+0000][1][safepoint    ] Safepoint "RevokeBias", Time since last: 7619119 ns, Reaching safepoint: 117320 ns, At safepoint: 37855 ns, Total: 155175 ns
[2020-09-11T14:24:15.258+0000][1][safepoint    ] Safepoint "RevokeBias", Time since last: 1862065 ns, Reaching safepoint: 101852 ns, At safepoint: 137751 ns, Total: 239603 ns
[2020-09-11T14:24:15.260+0000][1][safepoint    ] Safepoint "RevokeBias", Time since last: 1697204 ns, Reaching safepoint: 101674 ns, At safepoint: 14939 ns, Total: 116613 ns
[2020-09-11T14:24:15.283+0000][1][safepoint    ] Safepoint "RevokeBias", Time since last: 16946453 ns, Reaching safepoint: 6935428 ns, At safepoint: 36968 ns, Total: 6972396 ns
[2020-09-11T14:24:15.284+0000][1][safepoint    ] Safepoint "RevokeBias", Time since last: 304532 ns, Reaching safepoint: 595102 ns, At safepoint: 16538 ns, Total: 611640 ns
[2020-09-11T14:24:15.288+0000][1][safepoint    ] Safepoint "RevokeBias", Time since last: 3036015 ns, Reaching safepoint: 89423 ns, At safepoint: 14253 ns, Total: 103676 ns
[2020-09-11T14:24:15.305+0000][1][safepoint    ] Safepoint "RevokeBias", Time since last: 17750498 ns, Reaching safepoint: 111724 ns, At safepoint: 20031 ns, Total: 131755 ns
[2020-09-11T14:24:15.306+0000][1][safepoint    ] Safepoint "RevokeBias", Time since last: 86255 ns, Reaching safepoint: 58613 ns, At safepoint: 14762 ns, Total: 73375 ns
[2020-09-11T14:24:15.306+0000][1][safepoint    ] Safepoint "RevokeBias", Time since last: 77704 ns, Reaching safepoint: 82803 ns, At safepoint: 11220 ns, Total: 94023 ns
[2020-09-11T14:24:15.308+0000][1][safepoint    ] Safepoint "RevokeBias", Time since last: 1653207 ns, Reaching safepoint: 91824 ns, At safepoint: 15102 ns, Total: 106926 ns
[2020-09-11T14:24:15.312+0000][1][safepoint    ] Safepoint "RevokeBias", Time since last: 3912745 ns, Reaching safepoint: 165768 ns, At safepoint: 21736 ns, Total: 187504 ns
[2020-09-11T14:24:15.312+0000][1][safepoint    ] Safepoint "RevokeBias", Time since last: 52307 ns, Reaching safepoint: 83630 ns, At safepoint: 15613 ns, Total: 99243 ns
[2020-09-11T14:24:15.415+0000][1][safepoint    ] Safepoint "RevokeBias", Time since last: 103382309 ns, Reaching safepoint: 129504 ns, At safepoint: 18097 ns, Total: 147601 ns
[2020-09-11T14:24:15.419+0000][1][safepoint    ] Safepoint "RevokeBias", Time since last: 3390842 ns, Reaching safepoint: 110280 ns, At safepoint: 15066 ns, Total: 125346 ns
[2020-09-11T14:24:15.420+0000][1][safepoint    ] Safepoint "RevokeBias", Time since last: 605467 ns, Reaching safepoint: 111389 ns, At safepoint: 14063 ns, Total: 125452 ns
[2020-09-11T14:24:15.435+0000][1][safepoint    ] Safepoint "RevokeBias", Time since last: 12544032 ns, Reaching safepoint: 2511574 ns, At safepoint: 30866 ns, Total: 2542440 ns
[2020-09-11T14:24:15.438+0000][1][safepoint    ] Safepoint "RevokeBias", Time since last: 3335622 ns, Reaching safepoint: 107772 ns, At safepoint: 14651 ns, Total: 122423 ns
[2020-09-11T14:24:15.487+0000][1][safepoint    ] Safepoint "RevokeBias", Time since last: 48533122 ns, Reaching safepoint: 126867 ns, At safepoint: 21414 ns, Total: 148281 ns
[2020-09-11T14:24:15.487+0000][1][safepoint    ] Safepoint "RevokeBias", Time since last: 68810 ns, Reaching safepoint: 17392 ns, At safepoint: 10326 ns, Total: 27718 ns
[2020-09-11T14:24:15.554+0000][1][safepoint    ] Safepoint "RevokeBias", Time since last: 64559760 ns, Reaching safepoint: 2497296 ns, At safepoint: 24632 ns, Total: 2521928 ns
[2020-09-11T14:24:15.555+0000][1][safepoint    ] Safepoint "RevokeBias", Time since last: 94584 ns, Reaching safepoint: 1386033 ns, At safepoint: 21048 ns, Total: 1407081 ns
[2020-09-11T14:24:15.556+0000][1][safepoint    ] Safepoint "RevokeBias", Time since last: 50871 ns, Reaching safepoint: 90721 ns, At safepoint: 22072 ns, Total: 112793 ns
[2020-09-11T14:24:15.556+0000][1][safepoint    ] Safepoint "RevokeBias", Time since last: 40262 ns, Reaching safepoint: 88690 ns, At safepoint: 13425 ns, Total: 102115 ns
[2020-09-11T14:24:15.556+0000][1][safepoint    ] Safepoint "RevokeBias", Time since last: 31513 ns, Reaching safepoint: 88525 ns, At safepoint: 12527 ns, Total: 101052 ns
[2020-09-11T14:24:15.556+0000][1][safepoint    ] Safepoint "RevokeBias", Time since last: 221825 ns, Reaching safepoint: 90155 ns, At safepoint: 12108 ns, Total: 102263 ns
[2020-09-11T14:24:15.556+0000][1][safepoint    ] Safepoint "RevokeBias", Time since last: 34422 ns, Reaching safepoint: 88241 ns, At safepoint: 12325 ns, Total: 100566 ns
[2020-09-11T14:24:15.556+0000][1][safepoint    ] Safepoint "RevokeBias", Time since last: 31842 ns, Reaching safepoint: 89566 ns, At safepoint: 23283 ns, Total: 112849 ns
[2020-09-11T14:24:15.592+0000][1][safepoint    ] Safepoint "RevokeBias", Time since last: 35079879 ns, Reaching safepoint: 117358 ns, At safepoint: 21355 ns, Total: 138713 ns
[2020-09-11T14:24:15.688+0000][1][safepoint    ] Safepoint "RevokeBias", Time since last: 92930924 ns, Reaching safepoint: 2826113 ns, At safepoint: 30004 ns, Total: 2856117 ns
[2020-09-11T14:24:15.688+0000][1][safepoint    ] Safepoint "RevokeBias", Time since last: 73880 ns, Reaching safepoint: 721418 ns, At safepoint: 16286 ns, Total: 737704 ns
[2020-09-11T14:24:15.690+0000][1][safepoint    ] Safepoint "RevokeBias", Time since last: 44859 ns, Reaching safepoint: 2074927 ns, At safepoint: 24419 ns, Total: 2099346 ns
[2020-09-11T14:24:15.691+0000][1][safepoint    ] Safepoint "RevokeBias", Time since last: 98823 ns, Reaching safepoint: 98687 ns, At safepoint: 12496 ns, Total: 111183 ns
[2020-09-11T14:24:15.772+0000][1][safepoint    ] Safepoint "RevokeBias", Time since last: 76754661 ns, Reaching safepoint: 4048380 ns, At safepoint: 39596 ns, Total: 4087976 ns
[2020-09-11T14:24:16.080+0000][1][safepoint    ] Safepoint "RevokeBias", Time since last: 308738525 ns, Reaching safepoint: 121933 ns, At safepoint: 19770 ns, Total: 141703 ns
[2020-09-11T14:24:16.083+0000][1][safepoint    ] Safepoint "RevokeBias", Time since last: 2476331 ns, Reaching safepoint: 569694 ns, At safepoint: 16206 ns, Total: 585900 ns
[2020-09-11T14:24:16.087+0000][1][safepoint    ] Safepoint "RevokeBias", Time since last: 280186 ns, Reaching safepoint: 3704486 ns, At safepoint: 18329 ns, Total: 3722815 ns
[2020-09-11T14:24:16.095+0000][1][safepoint    ] Safepoint "RevokeBias", Time since last: 4609726 ns, Reaching safepoint: 2850096 ns, At safepoint: 21680 ns, Total: 2871776 ns
[2020-09-11T14:24:16.263+0000][1][safepoint    ] Safepoint "RevokeBias", Time since last: 166084179 ns, Reaching safepoint: 1627169 ns, At safepoint: 26091 ns, Total: 1653260 ns
[2020-09-11T14:24:16.263+0000][1][safepoint    ] Safepoint "RevokeBias", Time since last: 100270 ns, Reaching safepoint: 646819 ns, At safepoint: 16362 ns, Total: 663181 ns
[2020-09-11T14:24:16.266+0000][1][safepoint    ] Safepoint "RevokeBias", Time since last: 65516 ns, Reaching safepoint: 2855934 ns, At safepoint: 21652 ns, Total: 2877586 ns
[2020-09-11T14:24:16.267+0000][1][safepoint    ] Safepoint "RevokeBias", Time since last: 567505 ns, Reaching safepoint: 475145 ns, At safepoint: 16721 ns, Total: 491866 ns
[2020-09-11T14:24:16.270+0000][1][safepoint    ] Safepoint "RevokeBias", Time since last: 567822 ns, Reaching safepoint: 1803195 ns, At safepoint: 21028 ns, Total: 1824223 ns
[2020-09-11T14:24:16.632+0000][1][safepoint    ] Safepoint "RevokeBias", Time since last: 361595898 ns, Reaching safepoint: 343031 ns, At safepoint: 20985 ns, Total: 364016 ns
[2020-09-11T14:24:16.633+0000][1][safepoint    ] Safepoint "Deoptimize", Time since last: 768064 ns, Reaching safepoint: 94788 ns, At safepoint: 340285 ns, Total: 435073 ns
[2020-09-11T14:24:16.647+0000][1][safepoint    ] Safepoint "RevokeBias", Time since last: 11623704 ns, Reaching safepoint: 2815014 ns, At safepoint: 25969 ns, Total: 2840983 ns
[2020-09-11T14:24:16.728+0000][1][safepoint    ] Safepoint "RevokeBias", Time since last: 73936305 ns, Reaching safepoint: 6071404 ns, At safepoint: 89670 ns, Total: 6161074 ns
[2020-09-11T14:24:17.008+0000][1][safepoint    ] Safepoint "RevokeBias", Time since last: 279876630 ns, Reaching safepoint: 121713 ns, At safepoint: 18273 ns, Total: 139986 ns
[2020-09-11T14:24:17.089+0000][1][safepoint    ] Safepoint "RevokeBias", Time since last: 81487851 ns, Reaching safepoint: 33024 ns, At safepoint: 13079 ns, Total: 46103 ns
[2020-09-11T14:24:17.089+0000][1][safepoint    ] Safepoint "RevokeBias", Time since last: 228879 ns, Reaching safepoint: 14438 ns, At safepoint: 9077 ns, Total: 23515 ns
[2020-09-11T14:24:17.091+0000][1][safepoint    ] Safepoint "RevokeBias", Time since last: 2055300 ns, Reaching safepoint: 26866 ns, At safepoint: 12077 ns, Total: 38943 ns
[2020-09-11T14:24:17.191+0000][1][safepoint    ] Safepoint "RevokeBias", Time since last: 96701095 ns, Reaching safepoint: 3295544 ns, At safepoint: 35147 ns, Total: 3330691 ns
[2020-09-11T14:24:17.204+0000][1][safepoint    ] Safepoint "RevokeBias", Time since last: 12200367 ns, Reaching safepoint: 113006 ns, At safepoint: 20029 ns, Total: 133035 ns
[2020-09-11T14:24:17.494+0000][1][safepoint    ] Safepoint "RevokeBias", Time since last: 290351566 ns, Reaching safepoint: 119121 ns, At safepoint: 19688 ns, Total: 138809 ns
[2020-09-11T14:24:17.590+0000][1][safepoint    ] Safepoint "RevokeBias", Time since last: 95830384 ns, Reaching safepoint: 123256 ns, At safepoint: 19761 ns, Total: 143017 ns
[2020-09-11T14:24:17.617+0000][1][safepoint    ] Safepoint "RevokeBias", Time since last: 26278687 ns, Reaching safepoint: 112332 ns, At safepoint: 27274 ns, Total: 139606 ns
[2020-09-11T14:24:17.728+0000][1][safepoint    ] Safepoint "RevokeBias", Time since last: 109417877 ns, Reaching safepoint: 1330208 ns, At safepoint: 49263 ns, Total: 1379471 ns
[2020-09-11T14:24:17.743+0000][1][safepoint    ] Safepoint "RevokeBias", Time since last: 11779952 ns, Reaching safepoint: 4172407 ns, At safepoint: 24050 ns, Total: 4196457 ns
[2020-09-11T14:24:17.747+0000][1][safepoint    ] Safepoint "RevokeBias", Time since last: 316909 ns, Reaching safepoint: 3668443 ns, At safepoint: 24816 ns, Total: 3693259 ns
[2020-09-11T14:24:17.748+0000][1][safepoint    ] Safepoint "RevokeBias", Time since last: 201906 ns, Reaching safepoint: 92285 ns, At safepoint: 10949 ns, Total: 103234 ns
[2020-09-11T14:24:17.759+0000][1][safepoint    ] Safepoint "RevokeBias", Time since last: 7872882 ns, Reaching safepoint: 3776497 ns, At safepoint: 23555 ns, Total: 3800052 ns
[2020-09-11T14:24:17.760+0000][1][safepoint    ] Safepoint "RevokeBias", Time since last: 194214 ns, Reaching safepoint: 91606 ns, At safepoint: 11454 ns, Total: 103060 ns
[2020-09-11T14:24:17.760+0000][1][safepoint    ] Safepoint "RevokeBias", Time since last: 233251 ns, Reaching safepoint: 123945 ns, At safepoint: 17971 ns, Total: 141916 ns
[2020-09-11T14:24:17.761+0000][1][safepoint    ] Safepoint "RevokeBias", Time since last: 74786 ns, Reaching safepoint: 486302 ns, At safepoint: 11802 ns, Total: 498104 ns
[2020-09-11T14:24:17.761+0000][1][safepoint    ] Safepoint "RevokeBias", Time since last: 148410 ns, Reaching safepoint: 88055 ns, At safepoint: 9798 ns, Total: 97853 ns
[2020-09-11T14:24:17.761+0000][1][safepoint    ] Safepoint "RevokeBias", Time since last: 93255 ns, Reaching safepoint: 118962 ns, At safepoint: 10447 ns, Total: 129409 ns
[2020-09-11T14:24:17.763+0000][1][safepoint    ] Safepoint "RevokeBias", Time since last: 130516 ns, Reaching safepoint: 2137887 ns, At safepoint: 18890 ns, Total: 2156777 ns
[2020-09-11T14:24:17.764+0000][1][safepoint    ] Safepoint "RevokeBias", Time since last: 168731 ns, Reaching safepoint: 93648 ns, At safepoint: 11382 ns, Total: 105030 ns
[2020-09-11T14:24:17.767+0000][1][safepoint    ] Safepoint "RevokeBias", Time since last: 486778 ns, Reaching safepoint: 3235895 ns, At safepoint: 25248 ns, Total: 3261143 ns
[2020-09-11T14:24:17.769+0000][1][safepoint    ] Safepoint "RevokeBias", Time since last: 1167765 ns, Reaching safepoint: 469346 ns, At safepoint: 13732 ns, Total: 483078 ns
[2020-09-11T14:24:17.777+0000][1][safepoint    ] Safepoint "RevokeBias", Time since last: 7599384 ns, Reaching safepoint: 126396 ns, At safepoint: 17617 ns, Total: 144013 ns
[2020-09-11T14:24:17.779+0000][1][safepoint    ] Safepoint "RevokeBias", Time since last: 612108 ns, Reaching safepoint: 1194340 ns, At safepoint: 15944 ns, Total: 1210284 ns
[2020-09-11T14:24:17.782+0000][1][safepoint    ] Safepoint "RevokeBias", Time since last: 702241 ns, Reaching safepoint: 2246764 ns, At safepoint: 18546 ns, Total: 2265310 ns
[2020-09-11T14:24:17.788+0000][1][safepoint    ] Safepoint "RevokeBias", Time since last: 4908757 ns, Reaching safepoint: 962407 ns, At safepoint: 40404 ns, Total: 1002811 ns
[2020-09-11T14:24:17.795+0000][1][safepoint    ] Safepoint "RevokeBias", Time since last: 5067111 ns, Reaching safepoint: 2785975 ns, At safepoint: 20658 ns, Total: 2806633 ns
[2020-09-11T14:24:17.835+0000][1][safepoint    ] Safepoint "RevokeBias", Time since last: 37482534 ns, Reaching safepoint: 2497821 ns, At safepoint: 20169 ns, Total: 2517990 ns
[2020-09-11T14:24:17.837+0000][1][safepoint    ] Safepoint "RevokeBias", Time since last: 295723 ns, Reaching safepoint: 1438029 ns, At safepoint: 16977 ns, Total: 1455006 ns
[2020-09-11T14:24:17.839+0000][1][safepoint    ] Safepoint "RevokeBias", Time since last: 129792 ns, Reaching safepoint: 1652438 ns, At safepoint: 16239 ns, Total: 1668677 ns
[2020-09-11T14:24:17.839+0000][1][safepoint    ] Safepoint "RevokeBias", Time since last: 214319 ns, Reaching safepoint: 92117 ns, At safepoint: 12872 ns, Total: 104989 ns
[2020-09-11T14:24:17.843+0000][1][safepoint    ] Safepoint "RevokeBias", Time since last: 1810404 ns, Reaching safepoint: 2317363 ns, At safepoint: 22210 ns, Total: 2339573 ns
[2020-09-11T14:24:17.847+0000][1][safepoint    ] Safepoint "RevokeBias", Time since last: 314560 ns, Reaching safepoint: 3443211 ns, At safepoint: 15647 ns, Total: 3458858 ns
[2020-09-11T14:24:17.858+0000][1][safepoint    ] Safepoint "RevokeBias", Time since last: 10522450 ns, Reaching safepoint: 116207 ns, At safepoint: 50431 ns, Total: 166638 ns
[2020-09-11T14:24:17.858+0000][1][safepoint    ] Safepoint "RevokeBias", Time since last: 284233 ns, Reaching safepoint: 88980 ns, At safepoint: 23258 ns, Total: 112238 ns
[2020-09-11T14:24:17.859+0000][1][safepoint    ] Safepoint "RevokeBias", Time since last: 116814 ns, Reaching safepoint: 963813 ns, At safepoint: 13929 ns, Total: 977742 ns
[2020-09-11T14:24:17.873+0000][1][safepoint    ] Safepoint "RevokeBias", Time since last: 12263089 ns, Reaching safepoint: 1148465 ns, At safepoint: 21552 ns, Total: 1170017 ns
[2020-09-11T14:24:17.874+0000][1][safepoint    ] Safepoint "RevokeBias", Time since last: 155601 ns, Reaching safepoint: 471110 ns, At safepoint: 24111 ns, Total: 495221 ns
[2020-09-11T14:24:17.874+0000][1][safepoint    ] Safepoint "RevokeBias", Time since last: 232762 ns, Reaching safepoint: 644375 ns, At safepoint: 14302 ns, Total: 658677 ns
[2020-09-11T14:24:17.875+0000][1][safepoint    ] Safepoint "RevokeBias", Time since last: 101271 ns, Reaching safepoint: 905130 ns, At safepoint: 12820 ns, Total: 917950 ns
[2020-09-11T14:24:17.876+0000][1][safepoint    ] Safepoint "RevokeBias", Time since last: 165309 ns, Reaching safepoint: 277784 ns, At safepoint: 13404 ns, Total: 291188 ns
[2020-09-11T14:24:17.878+0000][1][safepoint    ] Safepoint "RevokeBias", Time since last: 553117 ns, Reaching safepoint: 1350768 ns, At safepoint: 15207 ns, Total: 1365975 ns
[2020-09-11T14:24:17.883+0000][1][safepoint    ] Safepoint "RevokeBias", Time since last: 1357346 ns, Reaching safepoint: 4261769 ns, At safepoint: 15678 ns, Total: 4277447 ns
[2020-09-11T14:24:17.887+0000][1][safepoint    ] Safepoint "RevokeBias", Time since last: 393699 ns, Reaching safepoint: 2706526 ns, At safepoint: 15543 ns, Total: 2722069 ns
[2020-09-11T14:24:17.887+0000][1][safepoint    ] Safepoint "RevokeBias", Time since last: 442613 ns, Reaching safepoint: 93263 ns, At safepoint: 12552 ns, Total: 105815 ns
[2020-09-11T14:24:17.897+0000][1][safepoint    ] Safepoint "RevokeBias", Time since last: 10057135 ns, Reaching safepoint: 120141 ns, At safepoint: 39748 ns, Total: 159889 ns
[2020-09-11T14:24:17.912+0000][1][safepoint    ] Safepoint "RevokeBias", Time since last: 14099983 ns, Reaching safepoint: 132161 ns, At safepoint: 18421 ns, Total: 150582 ns
[2020-09-11T14:24:17.912+0000][1][safepoint    ] Safepoint "RevokeBias", Time since last: 655927 ns, Reaching safepoint: 91921 ns, At safepoint: 11965 ns, Total: 103886 ns
[2020-09-11T14:24:18.004+0000][1][safepoint    ] Safepoint "RevokeBias", Time since last: 91093322 ns, Reaching safepoint: 132786 ns, At safepoint: 51777 ns, Total: 184563 ns
[2020-09-11T14:24:18.008+0000][1][safepoint    ] Safepoint "BulkRevokeBias", Time since last: 3816760 ns, Reaching safepoint: 111130 ns, At safepoint: 291493 ns, Total: 402623 ns
[2020-09-11T14:24:18.156+0000][1][safepoint    ] Safepoint "BulkRevokeBias", Time since last: 144652440 ns, Reaching safepoint: 2965247 ns, At safepoint: 253779 ns, Total: 3219026 ns
[2020-09-11T14:24:18.159+0000][1][safepoint    ] Safepoint "RevokeBias", Time since last: 316093 ns, Reaching safepoint: 3409923 ns, At safepoint: 12288 ns, Total: 3422211 ns
[2020-09-11T14:24:18.180+0000][1][safepoint    ] Safepoint "RevokeBias", Time since last: 20742633 ns, Reaching safepoint: 117975 ns, At safepoint: 16367 ns, Total: 134342 ns
[2020-09-11T14:24:18.242+0000][1][safepoint    ] Safepoint "RevokeBias", Time since last: 61679186 ns, Reaching safepoint: 115616 ns, At safepoint: 16220 ns, Total: 131836 ns
[2020-09-11T14:24:18.357+0000][1][gc,start     ] GC(65) Pause Young (Allocation Failure)
[2020-09-11T14:24:18.357+0000][1][gc,task      ] GC(65) Using 1 workers of 1 for evacuation
[2020-09-11T14:24:18.488+0000][1][gc,age       ] GC(65) Desired survivor size 4358144 bytes, new threshold 2 (max threshold 6)
[2020-09-11T14:24:18.488+0000][1][gc,age       ] GC(65) Age table with threshold 2 (max threshold 6)
[2020-09-11T14:24:18.488+0000][1][gc,age       ] GC(65) - age   1:    2457352 bytes,    2457352 total
[2020-09-11T14:24:18.488+0000][1][gc,age       ] GC(65) - age   2:    3485616 bytes,    5942968 total
[2020-09-11T14:24:18.488+0000][1][gc,heap      ] GC(65) ParNew: 76002K->6145K(76672K)
[2020-09-11T14:24:18.488+0000][1][gc,heap      ] GC(65) CMS: 55782K->59226K(439104K)
[2020-09-11T14:24:18.488+0000][1][gc,metaspace ] GC(65) Metaspace: 73638K->73638K(1116160K)
[2020-09-11T14:24:18.488+0000][1][gc           ] GC(65) Pause Young (Allocation Failure) 128M->63M(503M) 131.486ms
[2020-09-11T14:24:18.488+0000][1][gc,cpu       ] GC(65) User=0.04s Sys=0.00s Real=0.13s
[2020-09-11T14:24:18.517+0000][1][safepoint    ] Safepoint "GenCollectForAllocation", Time since last: 114249305 ns, Reaching safepoint: 116063 ns, At safepoint: 160892504 ns, Total: 161008567 ns
[2020-09-11T14:24:18.542+0000][1][safepoint    ] Safepoint "RevokeBias", Time since last: 21263810 ns, Reaching safepoint: 3644664 ns, At safepoint: 55744 ns, Total: 3700408 ns
[2020-09-11T14:24:18.576+0000][1][safepoint    ] Safepoint "RevokeBias", Time since last: 17935747 ns, Reaching safepoint: 15173365 ns, At safepoint: 118722 ns, Total: 15292087 ns
[2020-09-11T14:24:18.780+0000][1][safepoint    ] Safepoint "RevokeBias", Time since last: 203839702 ns, Reaching safepoint: 122639 ns, At safepoint: 15612 ns, Total: 138251 ns
[2020-09-11T14:24:18.812+0000][1][safepoint    ] Safepoint "RevokeBias", Time since last: 31887629 ns, Reaching safepoint: 151243 ns, At safepoint: 60783 ns, Total: 212026 ns
[2020-09-11T14:24:18.813+0000][1][safepoint    ] Safepoint "RevokeBias", Time since last: 1189722 ns, Reaching safepoint: 97072 ns, At safepoint: 39549 ns, Total: 136621 ns
[2020-09-11T14:24:18.813+0000][1][safepoint    ] Safepoint "RevokeBias", Time since last: 151561 ns, Reaching safepoint: 85751 ns, At safepoint: 33338 ns, Total: 119089 ns
[2020-09-11T14:24:18.820+0000][1][safepoint    ] Safepoint "RevokeBias", Time since last: 6166964 ns, Reaching safepoint: 118617 ns, At safepoint: 58474 ns, Total: 177091 ns
[2020-09-11T14:24:18.820+0000][1][safepoint    ] Safepoint "RevokeBias", Time since last: 205053 ns, Reaching safepoint: 86321 ns, At safepoint: 34921 ns, Total: 121242 ns
[2020-09-11T14:24:18.824+0000][1][safepoint    ] Safepoint "RevokeBias", Time since last: 3505958 ns, Reaching safepoint: 513630 ns, At safepoint: 34823 ns, Total: 548453 ns
[2020-09-11T14:24:18.825+0000][1][safepoint    ] Safepoint "RevokeBias", Time since last: 547868 ns, Reaching safepoint: 91897 ns, At safepoint: 37722 ns, Total: 129619 ns
[2020-09-11T14:24:18.831+0000][1][safepoint    ] Safepoint "RevokeBias", Time since last: 5600820 ns, Reaching safepoint: 309640 ns, At safepoint: 35277 ns, Total: 344917 ns
[2020-09-11T14:24:18.840+0000][1][safepoint    ] Safepoint "RevokeBias", Time since last: 8925711 ns, Reaching safepoint: 117790 ns, At safepoint: 51390 ns, Total: 169180 ns
[2020-09-11T14:24:18.842+0000][1][safepoint    ] Safepoint "RevokeBias", Time since last: 2418306 ns, Reaching safepoint: 105675 ns, At safepoint: 28260 ns, Total: 133935 ns
[2020-09-11T14:24:18.853+0000][1][safepoint    ] Safepoint "RevokeBias", Time since last: 10315878 ns, Reaching safepoint: 113577 ns, At safepoint: 50742 ns, Total: 164319 ns
[2020-09-11T14:24:18.854+0000][1][safepoint    ] Safepoint "RevokeBias", Time since last: 1176673 ns, Reaching safepoint: 96789 ns, At safepoint: 41544 ns, Total: 138333 ns
[2020-09-11T14:24:18.884+0000][1][safepoint    ] Safepoint "RevokeBias", Time since last: 29379410 ns, Reaching safepoint: 126661 ns, At safepoint: 66293 ns, Total: 192954 ns
[2020-09-11T14:24:19.685+0000][1][safepoint    ] Safepoint "RevokeBias", Time since last: 801301814 ns, Reaching safepoint: 121220 ns, At safepoint: 14589 ns, Total: 135809 ns
[2020-09-11T14:24:19.685+0000][1][safepoint    ] Safepoint "RevokeBias", Time since last: 183625 ns, Reaching safepoint: 85456 ns, At safepoint: 10306 ns, Total: 95762 ns
[2020-09-11T14:24:19.688+0000][1][safepoint    ] Safepoint "RevokeBias", Time since last: 2320616 ns, Reaching safepoint: 100469 ns, At safepoint: 14398 ns, Total: 114867 ns
[2020-09-11T14:24:19.688+0000][1][safepoint    ] Safepoint "RevokeBias", Time since last: 408397 ns, Reaching safepoint: 86927 ns, At safepoint: 10518 ns, Total: 97445 ns
[2020-09-11T14:24:19.688+0000][1][safepoint    ] Safepoint "RevokeBias", Time since last: 129168 ns, Reaching safepoint: 84262 ns, At safepoint: 9754 ns, Total: 94016 ns
[2020-09-11T14:24:19.689+0000][1][safepoint    ] Safepoint "RevokeBias", Time since last: 79910 ns, Reaching safepoint: 83542 ns, At safepoint: 9109 ns, Total: 92651 ns
[2020-09-11T14:24:19.689+0000][1][safepoint    ] Safepoint "RevokeBias", Time since last: 112623 ns, Reaching safepoint: 83590 ns, At safepoint: 9258 ns, Total: 92848 ns
[2020-09-11T14:24:19.689+0000][1][safepoint    ] Safepoint "RevokeBias", Time since last: 71567 ns, Reaching safepoint: 83031 ns, At safepoint: 8917 ns, Total: 91948 ns
[2020-09-11T14:24:19.689+0000][1][safepoint    ] Safepoint "RevokeBias", Time since last: 115208 ns, Reaching safepoint: 84525 ns, At safepoint: 9104 ns, Total: 93629 ns
[2020-09-11T14:24:19.689+0000][1][safepoint    ] Safepoint "RevokeBias", Time since last: 69300 ns, Reaching safepoint: 82857 ns, At safepoint: 8774 ns, Total: 91631 ns
[2020-09-11T14:24:19.694+0000][1][safepoint    ] Safepoint "RevokeBias", Time since last: 4858534 ns, Reaching safepoint: 101991 ns, At safepoint: 12833 ns, Total: 114824 ns
[2020-09-11T14:24:19.695+0000][1][safepoint    ] Safepoint "RevokeBias", Time since last: 121344 ns, Reaching safepoint: 85199 ns, At safepoint: 9629 ns, Total: 94828 ns
[2020-09-11T14:24:19.695+0000][1][safepoint    ] Safepoint "RevokeBias", Time since last: 132662 ns, Reaching safepoint: 84378 ns, At safepoint: 9123 ns, Total: 93501 ns
[2020-09-11T14:24:19.695+0000][1][safepoint    ] Safepoint "RevokeBias", Time since last: 75392 ns, Reaching safepoint: 83425 ns, At safepoint: 9080 ns, Total: 92505 ns
[2020-09-11T14:24:19.700+0000][1][safepoint    ] Safepoint "RevokeBias", Time since last: 5017142 ns, Reaching safepoint: 105300 ns, At safepoint: 12875 ns, Total: 118175 ns
[2020-09-11T14:24:19.704+0000][1][safepoint    ] Safepoint "BulkRevokeBias", Time since last: 3294623 ns, Reaching safepoint: 107151 ns, At safepoint: 150855 ns, Total: 258006 ns
[2020-09-11T14:24:19.876+0000][1][safepoint    ] Safepoint "RevokeBias", Time since last: 171741641 ns, Reaching safepoint: 586394 ns, At safepoint: 40796 ns, Total: 627190 ns
[2020-09-11T14:24:19.877+0000][1][safepoint    ] Safepoint "RevokeBias", Time since last: 1016041 ns, Reaching safepoint: 100026 ns, At safepoint: 29831 ns, Total: 129857 ns
[2020-09-11T14:24:19.877+0000][1][safepoint    ] Safepoint "RevokeBias", Time since last: 146378 ns, Reaching safepoint: 85346 ns, At safepoint: 10627 ns, Total: 95973 ns
[2020-09-11T14:24:19.878+0000][1][safepoint    ] Safepoint "RevokeBias", Time since last: 135525 ns, Reaching safepoint: 86298 ns, At safepoint: 10168 ns, Total: 96466 ns
[2020-09-11T14:24:19.878+0000][1][safepoint    ] Safepoint "RevokeBias", Time since last: 81633 ns, Reaching safepoint: 84203 ns, At safepoint: 9190 ns, Total: 93393 ns
[2020-09-11T14:24:19.901+0000][1][safepoint    ] Safepoint "RevokeBias", Time since last: 10024661 ns, Reaching safepoint: 12629037 ns, At safepoint: 18240 ns, Total: 12647277 ns
[2020-09-11T14:24:19.901+0000][1][safepoint    ] Safepoint "RevokeBias", Time since last: 181287 ns, Reaching safepoint: 88531 ns, At safepoint: 10223 ns, Total: 98754 ns
[2020-09-11T14:24:19.908+0000][1][safepoint    ] Safepoint "RevokeBias", Time since last: 6629628 ns, Reaching safepoint: 116419 ns, At safepoint: 16768 ns, Total: 133187 ns
[2020-09-11T14:24:19.908+0000][1][safepoint    ] Safepoint "RevokeBias", Time since last: 201154 ns, Reaching safepoint: 87467 ns, At safepoint: 10530 ns, Total: 97997 ns
[2020-09-11T14:24:19.908+0000][1][safepoint    ] Safepoint "BulkRevokeBias", Time since last: 250790 ns, Reaching safepoint: 89749 ns, At safepoint: 214890 ns, Total: 304639 ns
[2020-09-11T14:24:19.909+0000][1][safepoint    ] Safepoint "RevokeBias", Time since last: 86126 ns, Reaching safepoint: 86017 ns, At safepoint: 9701 ns, Total: 95718 ns
[2020-09-11T14:24:19.909+0000][1][safepoint    ] Safepoint "BulkRevokeBias", Time since last: 157125 ns, Reaching safepoint: 86231 ns, At safepoint: 92850 ns, Total: 179081 ns
[2020-09-11T14:24:20.909+0000][1][safepoint    ] Safepoint "Cleanup", Time since last: 1000079689 ns, Reaching safepoint: 125740 ns, At safepoint: 6910 ns, Total: 132650 ns
[2020-09-11T14:24:21.426+0000][1][safepoint    ] Safepoint "RevokeBias", Time since last: 516556843 ns, Reaching safepoint: 95803 ns, At safepoint: 21933 ns, Total: 117736 ns
[2020-09-11T14:24:21.427+0000][1][safepoint    ] Safepoint "RevokeBias", Time since last: 727844 ns, Reaching safepoint: 881779 ns, At safepoint: 17718 ns, Total: 899497 ns
[2020-09-11T14:24:21.439+0000][1][safepoint    ] Safepoint "RevokeBias", Time since last: 7981284 ns, Reaching safepoint: 4011812 ns, At safepoint: 22204 ns, Total: 4034016 ns
[2020-09-11T14:24:21.440+0000][1][safepoint    ] Safepoint "RevokeBias", Time since last: 697866 ns, Reaching safepoint: 94259 ns, At safepoint: 13489 ns, Total: 107748 ns
[2020-09-11T14:24:21.524+0000][1][safepoint    ] Safepoint "RevokeBias", Time since last: 83176153 ns, Reaching safepoint: 138185 ns, At safepoint: 23234 ns, Total: 161419 ns
[2020-09-11T14:24:22.531+0000][1][safepoint    ] Safepoint "Cleanup", Time since last: 1007809609 ns, Reaching safepoint: 63387 ns, At safepoint: 4819 ns, Total: 68206 ns
[2020-09-11T14:24:22.580+0000][1][safepoint    ] Safepoint "RevokeBias", Time since last: 48550524 ns, Reaching safepoint: 190409 ns, At safepoint: 25613 ns, Total: 216022 ns
[2020-09-11T14:24:23.064+0000][1][safepoint    ] Safepoint "RevokeBias", Time since last: 483293214 ns, Reaching safepoint: 132951 ns, At safepoint: 22464 ns, Total: 155415 ns
[2020-09-11T14:24:23.064+0000][1][safepoint    ] Safepoint "RevokeBias", Time since last: 63993 ns, Reaching safepoint: 86808 ns, At safepoint: 11831 ns, Total: 98639 ns
[2020-09-11T14:24:23.249+0000][1][safepoint    ] Safepoint "RevokeBias", Time since last: 184906853 ns, Reaching safepoint: 122321 ns, At safepoint: 16460 ns, Total: 138781 ns
[2020-09-11T14:24:24.120+0000][1][safepoint    ] Safepoint "RevokeBias", Time since last: 870636834 ns, Reaching safepoint: 343168 ns, At safepoint: 15297 ns, Total: 358465 ns
[2020-09-11T14:24:24.120+0000][1][safepoint    ] Safepoint "RevokeBias", Time since last: 98978 ns, Reaching safepoint: 88963 ns, At safepoint: 10381 ns, Total: 99344 ns
[2020-09-11T14:24:24.212+0000][1][safepoint    ] Safepoint "RevokeBias", Time since last: 91339907 ns, Reaching safepoint: 132661 ns, At safepoint: 21959 ns, Total: 154620 ns
[2020-09-11T14:24:24.247+0000][1][safepoint    ] Safepoint "RevokeBias", Time since last: 23847803 ns, Reaching safepoint: 12022389 ns, At safepoint: 30632 ns, Total: 12053021 ns
[2020-09-11T14:24:24.368+0000][1][safepoint    ] Safepoint "RevokeBias", Time since last: 119928853 ns, Reaching safepoint: 133199 ns, At safepoint: 22411 ns, Total: 155610 ns
[2020-09-11T14:24:24.485+0000][1][safepoint    ] Safepoint "RevokeBias", Time since last: 117635181 ns, Reaching safepoint: 129419 ns, At safepoint: 20125 ns, Total: 149544 ns
[2020-09-11T14:24:24.486+0000][1][safepoint    ] Safepoint "RevokeBias", Time since last: 68762 ns, Reaching safepoint: 93888 ns, At safepoint: 13686 ns, Total: 107574 ns
[2020-09-11T14:24:24.939+0000][1][gc,start     ] GC(66) Pause Young (Allocation Failure)
[2020-09-11T14:24:24.939+0000][1][gc,task      ] GC(66) Using 1 workers of 1 for evacuation
[2020-09-11T14:24:25.084+0000][1][gc,age       ] GC(66) Desired survivor size 4358144 bytes, new threshold 6 (max threshold 6)
[2020-09-11T14:24:25.084+0000][1][gc,age       ] GC(66) Age table with threshold 6 (max threshold 6)
[2020-09-11T14:24:25.084+0000][1][gc,age       ] GC(66) - age   1:    1077688 bytes,    1077688 total
[2020-09-11T14:24:25.084+0000][1][gc,age       ] GC(66) - age   2:    2160072 bytes,    3237760 total
[2020-09-11T14:24:25.084+0000][1][gc,heap      ] GC(66) ParNew: 74305K->5889K(76672K)
[2020-09-11T14:24:25.084+0000][1][gc,heap      ] GC(66) CMS: 59226K->62768K(439104K)
[2020-09-11T14:24:25.084+0000][1][gc,metaspace ] GC(66) Metaspace: 74908K->74908K(1118208K)
[2020-09-11T14:24:25.084+0000][1][gc           ] GC(66) Pause Young (Allocation Failure) 130M->67M(503M) 145.523ms
[2020-09-11T14:24:25.084+0000][1][gc,cpu       ] GC(66) User=0.05s Sys=0.00s Real=0.15s
[2020-09-11T14:24:25.116+0000][1][safepoint    ] Safepoint "GenCollectForAllocation", Time since last: 452822240 ns, Reaching safepoint: 155022 ns, At safepoint: 177072532 ns, Total: 177227554 ns
[2020-09-11T14:24:25.148+0000][1][safepoint    ] Safepoint "RevokeBias", Time since last: 31644498 ns, Reaching safepoint: 828250 ns, At safepoint: 23372 ns, Total: 851622 ns
[2020-09-11T14:24:25.153+0000][1][safepoint    ] Safepoint "RevokeBias", Time since last: 4558403 ns, Reaching safepoint: 118981 ns, At safepoint: 19301 ns, Total: 138282 ns
[2020-09-11T14:24:25.156+0000][1][safepoint    ] Safepoint "RevokeBias", Time since last: 2637529 ns, Reaching safepoint: 111510 ns, At safepoint: 18289 ns, Total: 129799 ns
[2020-09-11T14:24:25.480+0000][1][safepoint    ] Safepoint "Deoptimize", Time since last: 319586228 ns, Reaching safepoint: 129064 ns, At safepoint: 4520973 ns, Total: 4650037 ns
[2020-09-11T14:24:25.705+0000][1][safepoint    ] Safepoint "RevokeBias", Time since last: 224695383 ns, Reaching safepoint: 130664 ns, At safepoint: 17597 ns, Total: 148261 ns
[2020-09-11T14:24:25.705+0000][1][safepoint    ] Safepoint "RevokeBias", Time since last: 115164 ns, Reaching safepoint: 88925 ns, At safepoint: 11417 ns, Total: 100342 ns
[2020-09-11T14:24:25.705+0000][1][safepoint    ] Safepoint "RevokeBias", Time since last: 35889 ns, Reaching safepoint: 85455 ns, At safepoint: 10561 ns, Total: 96016 ns
[2020-09-11T14:24:25.740+0000][1][safepoint    ] Safepoint "RevokeBias", Time since last: 32988162 ns, Reaching safepoint: 1779678 ns, At safepoint: 33382 ns, Total: 1813060 ns
[2020-09-11T14:24:25.756+0000][1][safepoint    ] Safepoint "RevokeBias", Time since last: 7823120 ns, Reaching safepoint: 8384052 ns, At safepoint: 29541 ns, Total: 8413593 ns
[2020-09-11T14:24:25.764+0000][1][safepoint    ] Safepoint "RevokeBias", Time since last: 2091906 ns, Reaching safepoint: 5456604 ns, At safepoint: 44354 ns, Total: 5500958 ns
[2020-09-11T14:24:25.765+0000][1][safepoint    ] Safepoint "RevokeBias", Time since last: 887420 ns, Reaching safepoint: 105031 ns, At safepoint: 22504 ns, Total: 127535 ns
[2020-09-11T14:24:25.768+0000][1][safepoint    ] Safepoint "RevokeBias", Time since last: 3160278 ns, Reaching safepoint: 123255 ns, At safepoint: 19925 ns, Total: 143180 ns
[2020-09-11T14:24:25.772+0000][1][safepoint    ] Safepoint "RevokeBias", Time since last: 3873366 ns, Reaching safepoint: 128334 ns, At safepoint: 17321 ns, Total: 145655 ns
[2020-09-11T14:24:25.776+0000][1][safepoint    ] Safepoint "RevokeBias", Time since last: 147624 ns, Reaching safepoint: 3383431 ns, At safepoint: 65866 ns, Total: 3449297 ns
[2020-09-11T14:24:25.785+0000][1][safepoint    ] Safepoint "RevokeBias", Time since last: 3036737 ns, Reaching safepoint: 5969533 ns, At safepoint: 60201 ns, Total: 6029734 ns
[2020-09-11T14:24:25.785+0000][1][safepoint    ] Safepoint "RevokeBias", Time since last: 629840 ns, Reaching safepoint: 112790 ns, At safepoint: 37454 ns, Total: 150244 ns
[2020-09-11T14:24:25.786+0000][1][safepoint    ] Safepoint "RevokeBias", Time since last: 229299 ns, Reaching safepoint: 99195 ns, At safepoint: 59801 ns, Total: 158996 ns
[2020-09-11T14:24:25.796+0000][1][safepoint    ] Safepoint "RevokeBias", Time since last: 9681586 ns, Reaching safepoint: 491789 ns, At safepoint: 18019 ns, Total: 509808 ns
[2020-09-11T14:24:25.890+0000][1][safepoint    ] Safepoint "RevokeBias", Time since last: 93582714 ns, Reaching safepoint: 144574 ns, At safepoint: 37354 ns, Total: 181928 ns
[2020-09-11T14:24:26.472+0000][1][safepoint    ] Safepoint "RevokeBias", Time since last: 581682412 ns, Reaching safepoint: 139822 ns, At safepoint: 8280 ns, Total: 148102 ns
[2020-09-11T14:24:26.488+0000][1][safepoint    ] Safepoint "RevokeBias", Time since last: 15862173 ns, Reaching safepoint: 128093 ns, At safepoint: 10077 ns, Total: 138170 ns
[2020-09-11T14:24:26.488+0000][1][safepoint    ] Safepoint "RevokeBias", Time since last: 172584 ns, Reaching safepoint: 21814 ns, At safepoint: 4972 ns, Total: 26786 ns
[2020-09-11T14:24:26.488+0000][1][safepoint    ] Safepoint "RevokeBias", Time since last: 67432 ns, Reaching safepoint: 20762 ns, At safepoint: 4454 ns, Total: 25216 ns
[2020-09-11T14:24:26.488+0000][1][safepoint    ] Safepoint "RevokeBias", Time since last: 63399 ns, Reaching safepoint: 19876 ns, At safepoint: 4391 ns, Total: 24267 ns
[2020-09-11T14:24:26.488+0000][1][safepoint    ] Safepoint "RevokeBias", Time since last: 62653 ns, Reaching safepoint: 19847 ns, At safepoint: 4354 ns, Total: 24201 ns
[2020-09-11T14:24:27.488+0000][1][safepoint    ] Safepoint "Cleanup", Time since last: 1000084511 ns, Reaching safepoint: 84884 ns, At safepoint: 5328 ns, Total: 90212 ns
[2020-09-11T14:24:28.488+0000][1][safepoint    ] Safepoint "Cleanup", Time since last: 1000112304 ns, Reaching safepoint: 66175 ns, At safepoint: 7984 ns, Total: 74159 ns
[2020-09-11T14:24:29.178+0000][1][safepoint    ] Safepoint "RevokeBias", Time since last: 688730494 ns, Reaching safepoint: 1297884 ns, At safepoint: 11542 ns, Total: 1309426 ns
[2020-09-11T14:24:29.234+0000][1][safepoint    ] Safepoint "RevokeBias", Time since last: 54931218 ns, Reaching safepoint: 136145 ns, At safepoint: 8671 ns, Total: 144816 ns
[2020-09-11T14:24:29.272+0000][1][safepoint    ] Safepoint "RevokeBias", Time since last: 38628743 ns, Reaching safepoint: 130575 ns, At safepoint: 8894 ns, Total: 139469 ns
[2020-09-11T14:24:29.283+0000][1][safepoint    ] Safepoint "RevokeBias", Time since last: 10619245 ns, Reaching safepoint: 129098 ns, At safepoint: 9129 ns, Total: 138227 ns
[2020-09-11T14:24:29.283+0000][1][safepoint    ] Safepoint "RevokeBias", Time since last: 79108 ns, Reaching safepoint: 98469 ns, At safepoint: 6066 ns, Total: 104535 ns
[2020-09-11T14:24:29.504+0000][1][safepoint    ] Safepoint "BulkRevokeBias", Time since last: 220222523 ns, Reaching safepoint: 150730 ns, At safepoint: 179257 ns, Total: 329987 ns
[2020-09-11T14:24:29.504+0000][1][safepoint    ] Safepoint "RevokeBias", Time since last: 81377 ns, Reaching safepoint: 24045 ns, At safepoint: 4755 ns, Total: 28800 ns
[2020-09-11T14:24:29.560+0000][1][safepoint    ] Safepoint "RevokeBias", Time since last: 56155014 ns, Reaching safepoint: 125374 ns, At safepoint: 8243 ns, Total: 133617 ns
[2020-09-11T14:24:29.648+0000][1][safepoint    ] Safepoint "RevokeBias", Time since last: 87275735 ns, Reaching safepoint: 297313 ns, At safepoint: 9794 ns, Total: 307107 ns
[2020-09-11T14:24:29.843+0000][1][safepoint    ] Safepoint "RevokeBias", Time since last: 195329051 ns, Reaching safepoint: 131060 ns, At safepoint: 7959 ns, Total: 139019 ns
[2020-09-11T14:24:29.846+0000][1][safepoint    ] Safepoint "BulkRevokeBias", Time since last: 89837 ns, Reaching safepoint: 2195651 ns, At safepoint: 193693 ns, Total: 2389344 ns
[2020-09-11T14:24:29.846+0000][1][safepoint    ] Safepoint "RevokeBias", Time since last: 360223 ns, Reaching safepoint: 105687 ns, At safepoint: 5860 ns, Total: 111547 ns
[2020-09-11T14:24:30.028+0000][1][safepoint    ] Safepoint "RevokeBias", Time since last: 181344686 ns, Reaching safepoint: 146400 ns, At safepoint: 9949 ns, Total: 156349 ns
[2020-09-11T14:24:30.028+0000][1][safepoint    ] Safepoint "RevokeBias", Time since last: 271655 ns, Reaching safepoint: 99788 ns, At safepoint: 5609 ns, Total: 105397 ns
[2020-09-11T14:24:30.318+0000][1][safepoint    ] Safepoint "RevokeBias", Time since last: 290015273 ns, Reaching safepoint: 159804 ns, At safepoint: 24108 ns, Total: 183912 ns
[2020-09-11T14:24:30.472+0000][1][safepoint    ] Safepoint "RevokeBias", Time since last: 153167323 ns, Reaching safepoint: 161123 ns, At safepoint: 10585 ns, Total: 171708 ns
[2020-09-11T14:24:30.475+0000][1][safepoint    ] Safepoint "RevokeBias", Time since last: 2932826 ns, Reaching safepoint: 132386 ns, At safepoint: 8468 ns, Total: 140854 ns
[2020-09-11T14:24:30.492+0000][1][safepoint    ] Safepoint "RevokeBias", Time since last: 16785055 ns, Reaching safepoint: 139338 ns, At safepoint: 10217 ns, Total: 149555 ns
[2020-09-11T14:24:30.500+0000][1][safepoint    ] Safepoint "Deoptimize", Time since last: 7869868 ns, Reaching safepoint: 148888 ns, At safepoint: 412554 ns, Total: 561442 ns
[2020-09-11T14:24:30.567+0000][1][safepoint    ] Safepoint "RevokeBias", Time since last: 66368042 ns, Reaching safepoint: 148493 ns, At safepoint: 56945 ns, Total: 205438 ns
[2020-09-11T14:24:30.572+0000][1][safepoint    ] Safepoint "RevokeBias", Time since last: 4845006 ns, Reaching safepoint: 193136 ns, At safepoint: 66475 ns, Total: 259611 ns
[2020-09-11T14:24:30.579+0000][1][safepoint    ] Safepoint "RevokeBias", Time since last: 7130211 ns, Reaching safepoint: 204042 ns, At safepoint: 9520 ns, Total: 213562 ns
[2020-09-11T14:24:30.678+0000][1][safepoint    ] Safepoint "RevokeBias", Time since last: 98512594 ns, Reaching safepoint: 152833 ns, At safepoint: 20820 ns, Total: 173653 ns
[2020-09-11T14:24:30.678+0000][1][safepoint    ] Safepoint "RevokeBias", Time since last: 407684 ns, Reaching safepoint: 99096 ns, At safepoint: 38062 ns, Total: 137158 ns
[2020-09-11T14:24:30.724+0000][1][gc,start     ] GC(67) Pause Young (Allocation Failure)
[2020-09-11T14:24:30.724+0000][1][gc,task      ] GC(67) Using 1 workers of 1 for evacuation
[2020-09-11T14:24:30.772+0000][1][gc,age       ] GC(67) Desired survivor size 4358144 bytes, new threshold 3 (max threshold 6)
[2020-09-11T14:24:30.772+0000][1][gc,age       ] GC(67) Age table with threshold 3 (max threshold 6)
[2020-09-11T14:24:30.772+0000][1][gc,age       ] GC(67) - age   1:    1954840 bytes,    1954840 total
[2020-09-11T14:24:30.772+0000][1][gc,age       ] GC(67) - age   2:     762520 bytes,    2717360 total
[2020-09-11T14:24:30.772+0000][1][gc,age       ] GC(67) - age   3:    2092376 bytes,    4809736 total
[2020-09-11T14:24:30.772+0000][1][gc,heap      ] GC(67) ParNew: 74049K->5316K(76672K)
[2020-09-11T14:24:30.772+0000][1][gc,heap      ] GC(67) CMS: 62768K->62768K(439104K)
[2020-09-11T14:24:30.772+0000][1][gc,metaspace ] GC(67) Metaspace: 79908K->79908K(1122304K)
[2020-09-11T14:24:30.773+0000][1][gc           ] GC(67) Pause Young (Allocation Failure) 133M->66M(503M) 48.984ms
[2020-09-11T14:24:30.773+0000][1][gc,cpu       ] GC(67) User=0.03s Sys=0.00s Real=0.04s
[2020-09-11T14:24:30.779+0000][1][safepoint    ] Safepoint "GenCollectForAllocation", Time since last: 40281154 ns, Reaching safepoint: 4941531 ns, At safepoint: 55979909 ns, Total: 60921440 ns
[2020-09-11T14:24:30.827+0000][1][safepoint    ] Safepoint "RevokeBias", Time since last: 47281032 ns, Reaching safepoint: 140425 ns, At safepoint: 11149 ns, Total: 151574 ns
[2020-09-11T14:24:30.836+0000][1][safepoint    ] Safepoint "RevokeBias", Time since last: 8093560 ns, Reaching safepoint: 518572 ns, At safepoint: 59000 ns, Total: 577572 ns
[2020-09-11T14:24:30.851+0000][1][safepoint    ] Safepoint "RevokeBias", Time since last: 14597246 ns, Reaching safepoint: 340984 ns, At safepoint: 49511 ns, Total: 390495 ns
[2020-09-11T14:24:30.876+0000][1][safepoint    ] Safepoint "Deoptimize", Time since last: 25190968 ns, Reaching safepoint: 214080 ns, At safepoint: 413727 ns, Total: 627807 ns
[2020-09-11T14:24:31.004+0000][1][safepoint    ] Safepoint "RevokeBias", Time since last: 127027013 ns, Reaching safepoint: 157281 ns, At safepoint: 9779 ns, Total: 167060 ns
[2020-09-11T14:24:31.004+0000][1][safepoint    ] Safepoint "RevokeBias", Time since last: 249834 ns, Reaching safepoint: 132293 ns, At safepoint: 8254 ns, Total: 140547 ns
[2020-09-11T14:24:31.029+0000][1][safepoint    ] Safepoint "RevokeBias", Time since last: 24804218 ns, Reaching safepoint: 134647 ns, At safepoint: 11489 ns, Total: 146136 ns
[2020-09-11T14:24:31.029+0000][1][safepoint    ] Safepoint "RevokeBias", Time since last: 236040 ns, Reaching safepoint: 121024 ns, At safepoint: 7674 ns, Total: 128698 ns
[2020-09-11T14:24:31.041+0000][1][safepoint    ] Safepoint "RevokeBias", Time since last: 11609445 ns, Reaching safepoint: 140260 ns, At safepoint: 11225 ns, Total: 151485 ns
[2020-09-11T14:24:31.147+0000][1][safepoint    ] Safepoint "RevokeBias", Time since last: 106235998 ns, Reaching safepoint: 155450 ns, At safepoint: 8355 ns, Total: 163805 ns
[2020-09-11T14:24:31.168+0000][1][safepoint    ] Safepoint "RevokeBias", Time since last: 20694955 ns, Reaching safepoint: 133302 ns, At safepoint: 8035 ns, Total: 141337 ns
[2020-09-11T14:24:31.169+0000][1][safepoint    ] Safepoint "RevokeBias", Time since last: 671065 ns, Reaching safepoint: 103564 ns, At safepoint: 6066 ns, Total: 109630 ns
[2020-09-11T14:24:31.179+0000][1][safepoint    ] Safepoint "RevokeBias", Time since last: 9419160 ns, Reaching safepoint: 133961 ns, At safepoint: 27142 ns, Total: 161103 ns
[2020-09-11T14:24:31.180+0000][1][safepoint    ] Safepoint "RevokeBias", Time since last: 730047 ns, Reaching safepoint: 125950 ns, At safepoint: 17296 ns, Total: 143246 ns
[2020-09-11T14:24:31.180+0000][1][safepoint    ] Safepoint "RevokeBias", Time since last: 58205 ns, Reaching safepoint: 96282 ns, At safepoint: 13218 ns, Total: 109500 ns
[2020-09-11T14:24:31.456+0000][1][safepoint    ] Safepoint "RevokeBias", Time since last: 275432633 ns, Reaching safepoint: 716647 ns, At safepoint: 12280 ns, Total: 728927 ns
[2020-09-11T14:24:31.457+0000][1][safepoint    ] Safepoint "RevokeBias", Time since last: 984479 ns, Reaching safepoint: 118188 ns, At safepoint: 9452 ns, Total: 127640 ns
[2020-09-11T14:24:31.684+0000][1][safepoint    ] Safepoint "RevokeBias", Time since last: 227044062 ns, Reaching safepoint: 64991 ns, At safepoint: 20395 ns, Total: 85386 ns
[2020-09-11T14:24:31.684+0000][1][safepoint    ] Safepoint "RevokeBias", Time since last: 82147 ns, Reaching safepoint: 23941 ns, At safepoint: 10619 ns, Total: 34560 ns
[2020-09-11T14:24:32.480+0000][1][safepoint    ] Safepoint "RevokeBias", Time since last: 795496987 ns, Reaching safepoint: 78908 ns, At safepoint: 22625 ns, Total: 101533 ns
[2020-09-11T14:24:32.480+0000][1][safepoint    ] Safepoint "RevokeBias", Time since last: 71447 ns, Reaching safepoint: 24040 ns, At safepoint: 10545 ns, Total: 34585 ns
[2020-09-11T14:24:32.839+0000][1][safepoint    ] Safepoint "RevokeBias", Time since last: 358981618 ns, Reaching safepoint: 163748 ns, At safepoint: 23122 ns, Total: 186870 ns
[2020-09-11T14:24:32.848+0000][1][safepoint    ] Safepoint "RevokeBias", Time since last: 8467520 ns, Reaching safepoint: 131469 ns, At safepoint: 24752 ns, Total: 156221 ns
[2020-09-11T14:24:32.913+0000][1][safepoint    ] Safepoint "BulkRevokeBias", Time since last: 64317948 ns, Reaching safepoint: 771575 ns, At safepoint: 436435 ns, Total: 1208010 ns
[2020-09-11T14:24:32.932+0000][1][safepoint    ] Safepoint "RevokeBias", Time since last: 14065259 ns, Reaching safepoint: 4866400 ns, At safepoint: 24087 ns, Total: 4890487 ns
[2020-09-11T14:24:32.937+0000][1][safepoint    ] Safepoint "RevokeBias", Time since last: 2782609 ns, Reaching safepoint: 2021346 ns, At safepoint: 67936 ns, Total: 2089282 ns
[2020-09-11T14:24:32.995+0000][1][safepoint    ] Safepoint "RevokeBias", Time since last: 57452959 ns, Reaching safepoint: 424394 ns, At safepoint: 38222 ns, Total: 462616 ns
[2020-09-11T14:24:32.996+0000][1][safepoint    ] Safepoint "RevokeBias", Time since last: 1127741 ns, Reaching safepoint: 256884 ns, At safepoint: 15868 ns, Total: 272752 ns
[2020-09-11T14:24:33.025+0000][1][safepoint    ] Safepoint "RevokeBias", Time since last: 28434610 ns, Reaching safepoint: 346267 ns, At safepoint: 28383 ns, Total: 374650 ns
[2020-09-11T14:24:33.048+0000][1][safepoint    ] Safepoint "RevokeBias", Time since last: 22238557 ns, Reaching safepoint: 914390 ns, At safepoint: 41359 ns, Total: 955749 ns
[2020-09-11T14:24:33.060+0000][1][safepoint    ] Safepoint "RevokeBias", Time since last: 11052302 ns, Reaching safepoint: 144570 ns, At safepoint: 39194 ns, Total: 183764 ns
[2020-09-11T14:24:33.072+0000][1][safepoint    ] Safepoint "RevokeBias", Time since last: 11813856 ns, Reaching safepoint: 199424 ns, At safepoint: 29413 ns, Total: 228837 ns
[2020-09-11T14:24:33.084+0000][1][safepoint    ] Safepoint "RevokeBias", Time since last: 12377936 ns, Reaching safepoint: 134896 ns, At safepoint: 39119 ns, Total: 174015 ns
[2020-09-11T14:24:33.380+0000][1][safepoint    ] Safepoint "RevokeBias", Time since last: 295393180 ns, Reaching safepoint: 82735 ns, At safepoint: 22042 ns, Total: 104777 ns
[2020-09-11T14:24:33.742+0000][1][safepoint    ] Safepoint "RevokeBias", Time since last: 362124919 ns, Reaching safepoint: 196446 ns, At safepoint: 13642 ns, Total: 210088 ns
[2020-09-11T14:24:33.751+0000][1][safepoint    ] Safepoint "RevokeBias", Time since last: 5897038 ns, Reaching safepoint: 3076188 ns, At safepoint: 26920 ns, Total: 3103108 ns
[2020-09-11T14:24:33.753+0000][1][safepoint    ] Safepoint "RevokeBias", Time since last: 66332 ns, Reaching safepoint: 1794754 ns, At safepoint: 24200 ns, Total: 1818954 ns
[2020-09-11T14:24:33.806+0000][1][safepoint    ] Safepoint "RevokeBias", Time since last: 50233187 ns, Reaching safepoint: 2664748 ns, At safepoint: 31353 ns, Total: 2696101 ns
[2020-09-11T14:24:33.813+0000][1][safepoint    ] Safepoint "RevokeBias", Time since last: 6611657 ns, Reaching safepoint: 145676 ns, At safepoint: 23952 ns, Total: 169628 ns
[2020-09-11T14:24:33.816+0000][1][safepoint    ] Safepoint "RevokeBias", Time since last: 2815841 ns, Reaching safepoint: 135956 ns, At safepoint: 20327 ns, Total: 156283 ns
[2020-09-11T14:24:33.880+0000][1][safepoint    ] Safepoint "RevokeBias", Time since last: 60802973 ns, Reaching safepoint: 3066517 ns, At safepoint: 28521 ns, Total: 3095038 ns
[2020-09-11T14:24:33.906+0000][1][safepoint    ] Safepoint "RevokeBias", Time since last: 21031323 ns, Reaching safepoint: 5518792 ns, At safepoint: 27184 ns, Total: 5545976 ns
[2020-09-11T14:24:34.016+0000][1][safepoint    ] Safepoint "RevokeBias", Time since last: 109779251 ns, Reaching safepoint: 162991 ns, At safepoint: 58398 ns, Total: 221389 ns
[2020-09-11T14:24:34.036+0000][1][safepoint    ] Safepoint "BulkRevokeBias", Time since last: 19587799 ns, Reaching safepoint: 138111 ns, At safepoint: 259685 ns, Total: 397796 ns
[2020-09-11T14:24:34.074+0000][1][safepoint    ] Safepoint "RevokeBias", Time since last: 37878558 ns, Reaching safepoint: 147587 ns, At safepoint: 18461 ns, Total: 166048 ns
[2020-09-11T14:24:34.074+0000][1][safepoint    ] Safepoint "RevokeBias", Time since last: 45203 ns, Reaching safepoint: 96579 ns, At safepoint: 13438 ns, Total: 110017 ns
[2020-09-11T14:24:34.074+0000][1][safepoint    ] Safepoint "RevokeBias", Time since last: 78602 ns, Reaching safepoint: 94724 ns, At safepoint: 13196 ns, Total: 107920 ns
[2020-09-11T14:24:34.079+0000][1][safepoint    ] Safepoint "RevokeBias", Time since last: 4243782 ns, Reaching safepoint: 140847 ns, At safepoint: 18573 ns, Total: 159420 ns
[2020-09-11T14:24:34.102+0000][1][safepoint    ] Safepoint "RevokeBias", Time since last: 22286075 ns, Reaching safepoint: 405611 ns, At safepoint: 58912 ns, Total: 464523 ns
[2020-09-11T14:24:34.149+0000][1][safepoint    ] Safepoint "RevokeBias", Time since last: 47577171 ns, Reaching safepoint: 147319 ns, At safepoint: 22792 ns, Total: 170111 ns
[2020-09-11T14:24:34.151+0000][1][safepoint    ] Safepoint "RevokeBias", Time since last: 362410 ns, Reaching safepoint: 930565 ns, At safepoint: 23769 ns, Total: 954334 ns
[2020-09-11T14:24:34.163+0000][1][safepoint    ] Safepoint "RevokeBias", Time since last: 11033544 ns, Reaching safepoint: 1765483 ns, At safepoint: 24180 ns, Total: 1789663 ns
[2020-09-11T14:24:34.168+0000][1][safepoint    ] Safepoint "RevokeBias", Time since last: 61304 ns, Reaching safepoint: 3937835 ns, At safepoint: 33864 ns, Total: 3971699 ns
[2020-09-11T14:24:34.170+0000][1][safepoint    ] Safepoint "RevokeBias", Time since last: 805898 ns, Reaching safepoint: 1701892 ns, At safepoint: 27011 ns, Total: 1728903 ns
[2020-09-11T14:24:34.205+0000][1][safepoint    ] Safepoint "RevokeBias", Time since last: 34627906 ns, Reaching safepoint: 371537 ns, At safepoint: 41492 ns, Total: 413029 ns
[2020-09-11T14:24:34.274+0000][1][safepoint    ] Safepoint "RevokeBias", Time since last: 68739816 ns, Reaching safepoint: 140872 ns, At safepoint: 17163 ns, Total: 158035 ns
[2020-09-11T14:24:34.285+0000][1][safepoint    ] Safepoint "RevokeBias", Time since last: 11231861 ns, Reaching safepoint: 143263 ns, At safepoint: 45941 ns, Total: 189204 ns
[2020-09-11T14:24:34.294+0000][1][safepoint    ] Safepoint "RevokeBias", Time since last: 6659723 ns, Reaching safepoint: 1610627 ns, At safepoint: 47122 ns, Total: 1657749 ns
[2020-09-11T14:24:34.345+0000][1][safepoint    ] Safepoint "RevokeBias", Time since last: 51040506 ns, Reaching safepoint: 147192 ns, At safepoint: 21449 ns, Total: 168641 ns
[2020-09-11T14:24:34.378+0000][1][safepoint    ] Safepoint "RevokeBias", Time since last: 31122510 ns, Reaching safepoint: 1623410 ns, At safepoint: 63048 ns, Total: 1686458 ns
[2020-09-11T14:24:34.379+0000][1][safepoint    ] Safepoint "RevokeBias", Time since last: 647853 ns, Reaching safepoint: 187492 ns, At safepoint: 50056 ns, Total: 237548 ns
[2020-09-11T14:24:34.384+0000][1][safepoint    ] Safepoint "RevokeBias", Time since last: 4132175 ns, Reaching safepoint: 698217 ns, At safepoint: 23336 ns, Total: 721553 ns
[2020-09-11T14:24:34.388+0000][1][safepoint    ] Safepoint "RevokeBias", Time since last: 998855 ns, Reaching safepoint: 3111818 ns, At safepoint: 28867 ns, Total: 3140685 ns
[2020-09-11T14:24:34.407+0000][1][safepoint    ] Safepoint "RevokeBias", Time since last: 3843868 ns, Reaching safepoint: 15939990 ns, At safepoint: 62695 ns, Total: 16002685 ns
[2020-09-11T14:24:34.420+0000][1][safepoint    ] Safepoint "RevokeBias", Time since last: 12110401 ns, Reaching safepoint: 207517 ns, At safepoint: 23075 ns, Total: 230592 ns
[2020-09-11T14:24:34.442+0000][1][safepoint    ] Safepoint "RevokeBias", Time since last: 22034066 ns, Reaching safepoint: 191206 ns, At safepoint: 24991 ns, Total: 216197 ns
[2020-09-11T14:24:34.452+0000][1][safepoint    ] Safepoint "RevokeBias", Time since last: 9520184 ns, Reaching safepoint: 328031 ns, At safepoint: 20773 ns, Total: 348804 ns
[2020-09-11T14:24:34.488+0000][1][safepoint    ] Safepoint "RevokeBias", Time since last: 35478545 ns, Reaching safepoint: 151735 ns, At safepoint: 23837 ns, Total: 175572 ns
[2020-09-11T14:24:34.546+0000][1][gc,start     ] GC(68) Pause Young (Allocation Failure)
[2020-09-11T14:24:34.546+0000][1][gc,task      ] GC(68) Using 1 workers of 1 for evacuation
[2020-09-11T14:24:34.619+0000][1][gc,age       ] GC(68) Desired survivor size 4358144 bytes, new threshold 3 (max threshold 6)
[2020-09-11T14:24:34.619+0000][1][gc,age       ] GC(68) Age table with threshold 3 (max threshold 6)
[2020-09-11T14:24:34.619+0000][1][gc,age       ] GC(68) - age   1:    2628048 bytes,    2628048 total
[2020-09-11T14:24:34.619+0000][1][gc,age       ] GC(68) - age   2:    1655632 bytes,    4283680 total
[2020-09-11T14:24:34.619+0000][1][gc,age       ] GC(68) - age   3:     740448 bytes,    5024128 total
[2020-09-11T14:24:34.619+0000][1][gc,heap      ] GC(68) ParNew: 73476K->5211K(76672K)
[2020-09-11T14:24:34.619+0000][1][gc,heap      ] GC(68) CMS: 62768K->64850K(439104K)
[2020-09-11T14:24:34.619+0000][1][gc,metaspace ] GC(68) Metaspace: 82905K->82905K(1124352K)
[2020-09-11T14:24:34.619+0000][1][gc           ] GC(68) Pause Young (Allocation Failure) 133M->68M(503M) 73.110ms
[2020-09-11T14:24:34.620+0000][1][gc,cpu       ] GC(68) User=0.02s Sys=0.01s Real=0.07s
[2020-09-11T14:24:34.645+0000][1][safepoint    ] Safepoint "GenCollectForAllocation", Time since last: 58488463 ns, Reaching safepoint: 153135 ns, At safepoint: 98725948 ns, Total: 98879083 ns
[2020-09-11T14:24:34.678+0000][1][safepoint    ] Safepoint "RevokeBias", Time since last: 24786616 ns, Reaching safepoint: 3955874 ns, At safepoint: 4175645 ns, Total: 8131519 ns
[2020-09-11T14:24:34.680+0000][1][safepoint    ] Safepoint "RevokeBias", Time since last: 650015 ns, Reaching safepoint: 936979 ns, At safepoint: 40584 ns, Total: 977563 ns
[2020-09-11T14:24:34.682+0000][1][safepoint    ] Safepoint "RevokeBias", Time since last: 2610985 ns, Reaching safepoint: 149534 ns, At safepoint: 54778 ns, Total: 204312 ns
[2020-09-11T14:24:34.699+0000][1][safepoint    ] Safepoint "RevokeBias", Time since last: 8180508 ns, Reaching safepoint: 155342 ns, At safepoint: 8660143 ns, Total: 8815485 ns
[2020-09-11T14:24:34.702+0000][1][safepoint    ] Safepoint "RevokeBias", Time since last: 2184815 ns, Reaching safepoint: 148975 ns, At safepoint: 225764 ns, Total: 374739 ns
[2020-09-11T14:24:34.732+0000][1][safepoint    ] Safepoint "RevokeBias", Time since last: 26913094 ns, Reaching safepoint: 2695861 ns, At safepoint: 70601 ns, Total: 2766462 ns
[2020-09-11T14:24:34.773+0000][1][safepoint    ] Safepoint "RevokeBias", Time since last: 40865731 ns, Reaching safepoint: 864196 ns, At safepoint: 110773 ns, Total: 974969 ns
[2020-09-11T14:24:34.776+0000][1][safepoint    ] Safepoint "RevokeBias", Time since last: 2400546 ns, Reaching safepoint: 245547 ns, At safepoint: 42913 ns, Total: 288460 ns
[2020-09-11T14:24:34.779+0000][1][safepoint    ] Safepoint "RevokeBias", Time since last: 2872804 ns, Reaching safepoint: 259999 ns, At safepoint: 47526 ns, Total: 307525 ns
[2020-09-11T14:24:34.780+0000][1][safepoint    ] Safepoint "RevokeBias", Time since last: 97586 ns, Reaching safepoint: 195948 ns, At safepoint: 50329 ns, Total: 246277 ns
[2020-09-11T14:24:34.788+0000][1][safepoint    ] Safepoint "RevokeBias", Time since last: 8200594 ns, Reaching safepoint: 305212 ns, At safepoint: 47256 ns, Total: 352468 ns
[2020-09-11T14:24:34.788+0000][1][safepoint    ] Safepoint "RevokeBias", Time since last: 173272 ns, Reaching safepoint: 116620 ns, At safepoint: 29003 ns, Total: 145623 ns
[2020-09-11T14:24:34.846+0000][1][safepoint    ] Safepoint "RevokeBias", Time since last: 57722812 ns, Reaching safepoint: 144548 ns, At safepoint: 32035 ns, Total: 176583 ns
[2020-09-11T14:24:34.847+0000][1][safepoint    ] Safepoint "RevokeBias", Time since last: 157632 ns, Reaching safepoint: 104487 ns, At safepoint: 15046 ns, Total: 119533 ns
[2020-09-11T14:24:34.847+0000][1][safepoint    ] Safepoint "RevokeBias", Time since last: 56744 ns, Reaching safepoint: 101780 ns, At safepoint: 13154 ns, Total: 114934 ns
[2020-09-11T14:24:34.854+0000][1][safepoint    ] Safepoint "RevokeBias", Time since last: 4366999 ns, Reaching safepoint: 2346161 ns, At safepoint: 30497 ns, Total: 2376658 ns
[2020-09-11T14:24:34.854+0000][1][safepoint    ] Safepoint "RevokeBias", Time since last: 564099 ns, Reaching safepoint: 122258 ns, At safepoint: 15672 ns, Total: 137930 ns
[2020-09-11T14:24:34.855+0000][1][safepoint    ] Safepoint "RevokeBias", Time since last: 762468 ns, Reaching safepoint: 112776 ns, At safepoint: 15740 ns, Total: 128516 ns
[2020-09-11T14:24:34.855+0000][1][safepoint    ] Safepoint "RevokeBias", Time since last: 54984 ns, Reaching safepoint: 105394 ns, At safepoint: 13506 ns, Total: 118900 ns
[2020-09-11T14:24:34.885+0000][1][safepoint    ] Safepoint "RevokeBias", Time since last: 21588460 ns, Reaching safepoint: 7603872 ns, At safepoint: 29534 ns, Total: 7633406 ns
[2020-09-11T14:24:34.908+0000][1][safepoint    ] Safepoint "RevokeBias", Time since last: 22862688 ns, Reaching safepoint: 694361 ns, At safepoint: 22422 ns, Total: 716783 ns
[2020-09-11T14:24:34.927+0000][1][safepoint    ] Safepoint "RevokeBias", Time since last: 18194806 ns, Reaching safepoint: 156714 ns, At safepoint: 21115 ns, Total: 177829 ns
[2020-09-11T14:24:34.948+0000][1][safepoint    ] Safepoint "RevokeBias", Time since last: 21434538 ns, Reaching safepoint: 465316 ns, At safepoint: 23613 ns, Total: 488929 ns
[2020-09-11T14:24:34.963+0000][1][safepoint    ] Safepoint "RevokeBias", Time since last: 14208764 ns, Reaching safepoint: 147637 ns, At safepoint: 21338 ns, Total: 168975 ns
[2020-09-11T14:24:34.963+0000][1][safepoint    ] Safepoint "RevokeBias", Time since last: 91463 ns, Reaching safepoint: 103455 ns, At safepoint: 13247 ns, Total: 116702 ns
[2020-09-11T14:24:34.963+0000][1][safepoint    ] Safepoint "RevokeBias", Time since last: 73344 ns, Reaching safepoint: 102803 ns, At safepoint: 12477 ns, Total: 115280 ns
[2020-09-11T14:24:34.969+0000][1][safepoint    ] Safepoint "RevokeBias", Time since last: 5895182 ns, Reaching safepoint: 147878 ns, At safepoint: 20662 ns, Total: 168540 ns
[2020-09-11T14:24:34.970+0000][1][safepoint    ] Safepoint "RevokeBias", Time since last: 182179 ns, Reaching safepoint: 108060 ns, At safepoint: 15256 ns, Total: 123316 ns
[2020-09-11T14:24:35.972+0000][1][safepoint    ] Safepoint "Cleanup", Time since last: 1001826538 ns, Reaching safepoint: 86803 ns, At safepoint: 9246 ns, Total: 96049 ns
[2020-09-11T14:24:36.972+0000][1][safepoint    ] Safepoint "Cleanup", Time since last: 1000133414 ns, Reaching safepoint: 125866 ns, At safepoint: 7554 ns, Total: 133420 ns
[2020-09-11T14:24:37.480+0000][1][safepoint    ] Safepoint "RevokeBias", Time since last: 508449579 ns, Reaching safepoint: 74466 ns, At safepoint: 21219 ns, Total: 95685 ns
[2020-09-11T14:24:37.480+0000][1][safepoint    ] Safepoint "RevokeBias", Time since last: 68790 ns, Reaching safepoint: 28520 ns, At safepoint: 11094 ns, Total: 39614 ns
[2020-09-11T14:24:38.481+0000][1][safepoint    ] Safepoint "Cleanup", Time since last: 1000144594 ns, Reaching safepoint: 116089 ns, At safepoint: 8579 ns, Total: 124668 ns
[2020-09-11T14:24:39.481+0000][1][safepoint    ] Safepoint "Cleanup", Time since last: 1000153493 ns, Reaching safepoint: 150565 ns, At safepoint: 18262 ns, Total: 168827 ns
[2020-09-11T14:24:40.481+0000][1][safepoint    ] Safepoint "Cleanup", Time since last: 1000239006 ns, Reaching safepoint: 149416 ns, At safepoint: 17844 ns, Total: 167260 ns
[2020-09-11T14:24:41.482+0000][1][safepoint    ] Safepoint "Cleanup", Time since last: 1000209658 ns, Reaching safepoint: 164561 ns, At safepoint: 19996 ns, Total: 184557 ns
[2020-09-11T14:24:42.482+0000][1][safepoint    ] Safepoint "Cleanup", Time since last: 1000200735 ns, Reaching safepoint: 153385 ns, At safepoint: 17854 ns, Total: 171239 ns
[2020-09-11T14:24:43.483+0000][1][safepoint    ] Safepoint "Cleanup", Time since last: 1000235675 ns, Reaching safepoint: 154043 ns, At safepoint: 17340 ns, Total: 171383 ns
[2020-09-11T14:24:44.483+0000][1][safepoint    ] Safepoint "Cleanup", Time since last: 1000225128 ns, Reaching safepoint: 111975 ns, At safepoint: 7843 ns, Total: 119818 ns
[2020-09-11T14:24:45.483+0000][1][safepoint    ] Safepoint "Cleanup", Time since last: 1000177018 ns, Reaching safepoint: 175322 ns, At safepoint: 19725 ns, Total: 195047 ns
[2020-09-11T14:24:46.484+0000][1][safepoint    ] Safepoint "Cleanup", Time since last: 1000254569 ns, Reaching safepoint: 105066 ns, At safepoint: 7395 ns, Total: 112461 ns
[2020-09-11T14:24:47.484+0000][1][safepoint    ] Safepoint "Cleanup", Time since last: 1000202452 ns, Reaching safepoint: 114321 ns, At safepoint: 8285 ns, Total: 122606 ns
[2020-09-11T14:24:48.484+0000][1][safepoint    ] Safepoint "Cleanup", Time since last: 1000180196 ns, Reaching safepoint: 182649 ns, At safepoint: 17968 ns, Total: 200617 ns
[2020-09-11T14:24:49.485+0000][1][safepoint    ] Safepoint "Cleanup", Time since last: 1000229570 ns, Reaching safepoint: 105217 ns, At safepoint: 7253 ns, Total: 112470 ns
[2020-09-11T14:24:50.485+0000][1][safepoint    ] Safepoint "Cleanup", Time since last: 1000186394 ns, Reaching safepoint: 163505 ns, At safepoint: 17454 ns, Total: 180959 ns
[2020-09-11T14:24:51.486+0000][1][safepoint    ] Safepoint "Cleanup", Time since last: 1000209726 ns, Reaching safepoint: 168797 ns, At safepoint: 17199 ns, Total: 185996 ns
[2020-09-11T14:24:52.486+0000][1][safepoint    ] Safepoint "Cleanup", Time since last: 1000224511 ns, Reaching safepoint: 104172 ns, At safepoint: 7907 ns, Total: 112079 ns
[2020-09-11T14:24:53.486+0000][1][safepoint    ] Safepoint "Cleanup", Time since last: 1000161277 ns, Reaching safepoint: 125916 ns, At safepoint: 8420 ns, Total: 134336 ns
[2020-09-11T14:24:54.486+0000][1][safepoint    ] Safepoint "Cleanup", Time since last: 1000169822 ns, Reaching safepoint: 149720 ns, At safepoint: 17614 ns, Total: 167334 ns
[2020-09-11T14:24:55.487+0000][1][safepoint    ] Safepoint "Cleanup", Time since last: 1000181780 ns, Reaching safepoint: 150031 ns, At safepoint: 17357 ns, Total: 167388 ns
[2020-09-11T14:24:55.776+0000][1][safepoint    ] Safepoint "RevokeBias", Time since last: 288528053 ns, Reaching safepoint: 146361 ns, At safepoint: 20017 ns, Total: 166378 ns
[2020-09-11T14:24:55.776+0000][1][safepoint    ] Safepoint "RevokeBias", Time since last: 360220 ns, Reaching safepoint: 115491 ns, At safepoint: 15017 ns, Total: 130508 ns
[2020-09-11T14:24:56.776+0000][1][safepoint    ] Safepoint "Cleanup", Time since last: 1000153073 ns, Reaching safepoint: 118782 ns, At safepoint: 8077 ns, Total: 126859 ns
[2020-09-11T14:24:57.777+0000][1][safepoint    ] Safepoint "Cleanup", Time since last: 1000169204 ns, Reaching safepoint: 171560 ns, At safepoint: 22688 ns, Total: 194248 ns
[2020-09-11T14:24:58.777+0000][1][safepoint    ] Safepoint "Cleanup", Time since last: 1000153553 ns, Reaching safepoint: 78712 ns, At safepoint: 5814 ns, Total: 84526 ns
[2020-09-11T14:24:59.658+0000][1][safepoint    ] Safepoint "RevokeBias", Time since last: 881193919 ns, Reaching safepoint: 147402 ns, At safepoint: 41946 ns, Total: 189348 ns
[2020-09-11T14:24:59.663+0000][1][safepoint    ] Safepoint "RevokeBias", Time since last: 4679069 ns, Reaching safepoint: 141772 ns, At safepoint: 19081 ns, Total: 160853 ns
[2020-09-11T14:25:00.179+0000][1][safepoint    ] Safepoint "RevokeBias", Time since last: 515751178 ns, Reaching safepoint: 140993 ns, At safepoint: 53530 ns, Total: 194523 ns
[2020-09-11T14:25:01.179+0000][1][safepoint    ] Safepoint "Cleanup", Time since last: 1000215854 ns, Reaching safepoint: 123741 ns, At safepoint: 6598 ns, Total: 130339 ns
[2020-09-11T14:25:02.180+0000][1][safepoint    ] Safepoint "Cleanup", Time since last: 1000138987 ns, Reaching safepoint: 173722 ns, At safepoint: 18476 ns, Total: 192198 ns
[2020-09-11T14:25:03.180+0000][1][safepoint    ] Safepoint "Cleanup", Time since last: 1000151713 ns, Reaching safepoint: 120067 ns, At safepoint: 8256 ns, Total: 128323 ns
[2020-09-11T14:25:03.234+0000][1][gc,start     ] GC(69) Pause Young (Allocation Failure)
[2020-09-11T14:25:03.234+0000][1][gc,task      ] GC(69) Using 1 workers of 1 for evacuation
[2020-09-11T14:25:03.249+0000][1][gc,age       ] GC(69) Desired survivor size 4358144 bytes, new threshold 6 (max threshold 6)
[2020-09-11T14:25:03.249+0000][1][gc,age       ] GC(69) Age table with threshold 6 (max threshold 6)
[2020-09-11T14:25:03.249+0000][1][gc,age       ] GC(69) - age   1:     305400 bytes,     305400 total
[2020-09-11T14:25:03.249+0000][1][gc,age       ] GC(69) - age   2:    1389792 bytes,    1695192 total
[2020-09-11T14:25:03.249+0000][1][gc,age       ] GC(69) - age   3:    1649848 bytes,    3345040 total
[2020-09-11T14:25:03.249+0000][1][gc,heap      ] GC(69) ParNew: 73371K->3958K(76672K)
[2020-09-11T14:25:03.249+0000][1][gc,heap      ] GC(69) CMS: 64850K->65587K(439104K)
[2020-09-11T14:25:03.249+0000][1][gc,metaspace ] GC(69) Metaspace: 83667K->83667K(1126400K)
[2020-09-11T14:25:03.249+0000][1][gc           ] GC(69) Pause Young (Allocation Failure) 134M->67M(503M) 15.026ms
[2020-09-11T14:25:03.249+0000][1][gc,cpu       ] GC(69) User=0.01s Sys=0.00s Real=0.02s
[2020-09-11T14:25:03.249+0000][1][safepoint    ] Safepoint "GenCollectForAllocation", Time since last: 53884382 ns, Reaching safepoint: 201147 ns, At safepoint: 15098622 ns, Total: 15299769 ns
[2020-09-11T14:25:03.417+0000][1][safepoint    ] Safepoint "RevokeBias", Time since last: 167833063 ns, Reaching safepoint: 156636 ns, At safepoint: 54839 ns, Total: 211475 ns
[2020-09-11T14:25:03.447+0000][1][safepoint    ] Safepoint "RevokeBias", Time since last: 29291131 ns, Reaching safepoint: 114804 ns, At safepoint: 45234 ns, Total: 160038 ns
[2020-09-11T14:25:04.447+0000][1][safepoint    ] Safepoint "Cleanup", Time since last: 1000214010 ns, Reaching safepoint: 168828 ns, At safepoint: 18408 ns, Total: 187236 ns
[2020-09-11T14:25:05.447+0000][1][safepoint    ] Safepoint "Cleanup", Time since last: 1000214818 ns, Reaching safepoint: 119597 ns, At safepoint: 6703 ns, Total: 126300 ns
[2020-09-11T14:25:06.448+0000][1][safepoint    ] Safepoint "Cleanup", Time since last: 1000849785 ns, Reaching safepoint: 161159 ns, At safepoint: 18042 ns, Total: 179201 ns
[2020-09-11T14:25:07.449+0000][1][safepoint    ] Safepoint "Cleanup", Time since last: 1000227804 ns, Reaching safepoint: 101977 ns, At safepoint: 7201 ns, Total: 109178 ns
[2020-09-11T14:25:08.449+0000][1][safepoint    ] Safepoint "Cleanup", Time since last: 1000127915 ns, Reaching safepoint: 151136 ns, At safepoint: 15777 ns, Total: 166913 ns
[2020-09-11T14:25:09.449+0000][1][safepoint    ] Safepoint "Cleanup", Time since last: 1000225481 ns, Reaching safepoint: 109723 ns, At safepoint: 8137 ns, Total: 117860 ns
[2020-09-11T14:25:10.450+0000][1][safepoint    ] Safepoint "Cleanup", Time since last: 1000173733 ns, Reaching safepoint: 144819 ns, At safepoint: 17540 ns, Total: 162359 ns
[2020-09-11T14:25:11.451+0000][1][safepoint    ] Safepoint "Cleanup", Time since last: 1001216599 ns, Reaching safepoint: 205661 ns, At safepoint: 17738 ns, Total: 223399 ns
[2020-09-11T14:25:12.454+0000][1][safepoint    ] Safepoint "Cleanup", Time since last: 1002131797 ns, Reaching safepoint: 169465 ns, At safepoint: 16999 ns, Total: 186464 ns
[2020-09-11T14:25:13.454+0000][1][safepoint    ] Safepoint "Cleanup", Time since last: 1000288130 ns, Reaching safepoint: 92506 ns, At safepoint: 6833 ns, Total: 99339 ns
[2020-09-11T14:25:14.454+0000][1][safepoint    ] Safepoint "Cleanup", Time since last: 1000162099 ns, Reaching safepoint: 108888 ns, At safepoint: 7091 ns, Total: 115979 ns
[2020-09-11T14:25:15.455+0000][1][safepoint    ] Safepoint "Cleanup", Time since last: 1000168262 ns, Reaching safepoint: 148731 ns, At safepoint: 17200 ns, Total: 165931 ns
[2020-09-11T14:25:16.456+0000][1][safepoint    ] Safepoint "Cleanup", Time since last: 1001058280 ns, Reaching safepoint: 150883 ns, At safepoint: 16905 ns, Total: 167788 ns
[2020-09-11T14:25:17.456+0000][1][safepoint    ] Safepoint "Cleanup", Time since last: 1000164652 ns, Reaching safepoint: 147272 ns, At safepoint: 17740 ns, Total: 165012 ns
[2020-09-11T14:25:18.456+0000][1][safepoint    ] Safepoint "Cleanup", Time since last: 1000216348 ns, Reaching safepoint: 165971 ns, At safepoint: 17650 ns, Total: 183621 ns
[2020-09-11T14:25:19.457+0000][1][safepoint    ] Safepoint "Cleanup", Time since last: 1000217020 ns, Reaching safepoint: 143302 ns, At safepoint: 16665 ns, Total: 159967 ns
[2020-09-11T14:25:20.457+0000][1][safepoint    ] Safepoint "Cleanup", Time since last: 1000195396 ns, Reaching safepoint: 147586 ns, At safepoint: 17453 ns, Total: 165039 ns
[2020-09-11T14:25:21.458+0000][1][safepoint    ] Safepoint "Cleanup", Time since last: 1000954346 ns, Reaching safepoint: 104438 ns, At safepoint: 8151 ns, Total: 112589 ns
[2020-09-11T14:25:22.459+0000][1][safepoint    ] Safepoint "Cleanup", Time since last: 1000182454 ns, Reaching safepoint: 110159 ns, At safepoint: 7597 ns, Total: 117756 ns
[2020-09-11T14:25:23.459+0000][1][safepoint    ] Safepoint "Cleanup", Time since last: 1000174679 ns, Reaching safepoint: 108662 ns, At safepoint: 7269 ns, Total: 115931 ns
[2020-09-11T14:25:24.459+0000][1][safepoint    ] Safepoint "Cleanup", Time since last: 1000164565 ns, Reaching safepoint: 96881 ns, At safepoint: 7336 ns, Total: 104217 ns
[2020-09-11T14:25:25.459+0000][1][safepoint    ] Safepoint "Cleanup", Time since last: 1000126903 ns, Reaching safepoint: 122874 ns, At safepoint: 6344 ns, Total: 129218 ns
[2020-09-11T14:25:25.882+0000][1][safepoint    ] Safepoint "RevokeBias", Time since last: 421899222 ns, Reaching safepoint: 937138 ns, At safepoint: 27211 ns, Total: 964349 ns
[2020-09-11T14:25:25.883+0000][1][safepoint    ] Safepoint "RevokeBias", Time since last: 190713 ns, Reaching safepoint: 507187 ns, At safepoint: 17033 ns, Total: 524220 ns
[2020-09-11T14:25:26.883+0000][1][safepoint    ] Safepoint "Cleanup", Time since last: 1000166075 ns, Reaching safepoint: 113581 ns, At safepoint: 7678 ns, Total: 121259 ns
[2020-09-11T14:25:27.067+0000][1][safepoint    ] Safepoint "RevokeBias", Time since last: 183566654 ns, Reaching safepoint: 527674 ns, At safepoint: 36357 ns, Total: 564031 ns
[2020-09-11T14:25:27.398+0000][1][safepoint    ] Safepoint "RevokeBias", Time since last: 329564267 ns, Reaching safepoint: 989717 ns, At safepoint: 24369 ns, Total: 1014086 ns
[2020-09-11T14:25:28.399+0000][1][safepoint    ] Safepoint "Cleanup", Time since last: 1000436293 ns, Reaching safepoint: 162891 ns, At safepoint: 19256 ns, Total: 182147 ns
[2020-09-11T14:25:29.399+0000][1][safepoint    ] Safepoint "Cleanup", Time since last: 1000162531 ns, Reaching safepoint: 122591 ns, At safepoint: 7562 ns, Total: 130153 ns
[2020-09-11T14:25:30.399+0000][1][safepoint    ] Safepoint "Cleanup", Time since last: 1000148246 ns, Reaching safepoint: 159817 ns, At safepoint: 17393 ns, Total: 177210 ns
[2020-09-11T14:25:31.400+0000][1][safepoint    ] Safepoint "Cleanup", Time since last: 1001031089 ns, Reaching safepoint: 159870 ns, At safepoint: 16993 ns, Total: 176863 ns
[2020-09-11T14:25:32.401+0000][1][safepoint    ] Safepoint "Cleanup", Time since last: 1000220151 ns, Reaching safepoint: 152770 ns, At safepoint: 18359 ns, Total: 171129 ns
[2020-09-11T14:25:33.401+0000][1][safepoint    ] Safepoint "Cleanup", Time since last: 1000176648 ns, Reaching safepoint: 135414 ns, At safepoint: 9028 ns, Total: 144442 ns
[2020-09-11T14:25:34.401+0000][1][safepoint    ] Safepoint "Cleanup", Time since last: 1000135815 ns, Reaching safepoint: 182455 ns, At safepoint: 17049 ns, Total: 199504 ns
[2020-09-11T14:25:35.402+0000][1][safepoint    ] Safepoint "Cleanup", Time since last: 1000198759 ns, Reaching safepoint: 126076 ns, At safepoint: 7369 ns, Total: 133445 ns
[2020-09-11T14:25:36.402+0000][1][safepoint    ] Safepoint "Cleanup", Time since last: 1000137298 ns, Reaching safepoint: 143924 ns, At safepoint: 16594 ns, Total: 160518 ns
[2020-09-11T14:25:37.408+0000][1][safepoint    ] Safepoint "Cleanup", Time since last: 1005326145 ns, Reaching safepoint: 179338 ns, At safepoint: 18713 ns, Total: 198051 ns
[2020-09-11T14:25:38.408+0000][1][safepoint    ] Safepoint "Cleanup", Time since last: 1000205082 ns, Reaching safepoint: 152333 ns, At safepoint: 17967 ns, Total: 170300 ns
[2020-09-11T14:25:39.408+0000][1][safepoint    ] Safepoint "Cleanup", Time since last: 1000208732 ns, Reaching safepoint: 150565 ns, At safepoint: 18052 ns, Total: 168617 ns
[2020-09-11T14:25:40.409+0000][1][safepoint    ] Safepoint "Cleanup", Time since last: 1000211895 ns, Reaching safepoint: 136119 ns, At safepoint: 17764 ns, Total: 153883 ns
[2020-09-11T14:25:40.532+0000][1][safepoint    ] Safepoint "RevokeBias", Time since last: 123403090 ns, Reaching safepoint: 204866 ns, At safepoint: 35971 ns, Total: 240837 ns
[2020-09-11T14:25:40.550+0000][1][safepoint    ] Safepoint "RevokeBias", Time since last: 17374555 ns, Reaching safepoint: 161886 ns, At safepoint: 22137 ns, Total: 184023 ns
[2020-09-11T14:25:40.550+0000][1][safepoint    ] Safepoint "RevokeBias", Time since last: 92659 ns, Reaching safepoint: 129336 ns, At safepoint: 15275 ns, Total: 144611 ns
[2020-09-11T14:25:40.552+0000][1][safepoint    ] Safepoint "RevokeBias", Time since last: 126322 ns, Reaching safepoint: 1184461 ns, At safepoint: 16050 ns, Total: 1200511 ns
[2020-09-11T14:25:40.552+0000][1][safepoint    ] Safepoint "RevokeBias", Time since last: 58327 ns, Reaching safepoint: 119423 ns, At safepoint: 13799 ns, Total: 133222 ns
[2020-09-11T14:25:40.552+0000][1][safepoint    ] Safepoint "RevokeBias", Time since last: 192767 ns, Reaching safepoint: 117204 ns, At safepoint: 13243 ns, Total: 130447 ns
[2020-09-11T14:25:40.552+0000][1][safepoint    ] Safepoint "RevokeBias", Time since last: 47440 ns, Reaching safepoint: 113344 ns, At safepoint: 12497 ns, Total: 125841 ns
[2020-09-11T14:25:40.552+0000][1][safepoint    ] Safepoint "RevokeBias", Time since last: 44169 ns, Reaching safepoint: 110588 ns, At safepoint: 11945 ns, Total: 122533 ns
[2020-09-11T14:25:40.553+0000][1][safepoint    ] Safepoint "RevokeBias", Time since last: 42963 ns, Reaching safepoint: 109083 ns, At safepoint: 11374 ns, Total: 120457 ns
[2020-09-11T14:25:40.553+0000][1][safepoint    ] Safepoint "RevokeBias", Time since last: 140946 ns, Reaching safepoint: 110242 ns, At safepoint: 12311 ns, Total: 122553 ns
[2020-09-11T14:25:40.553+0000][1][safepoint    ] Safepoint "RevokeBias", Time since last: 43220 ns, Reaching safepoint: 107771 ns, At safepoint: 11261 ns, Total: 119032 ns
[2020-09-11T14:25:40.553+0000][1][safepoint    ] Safepoint "RevokeBias", Time since last: 41956 ns, Reaching safepoint: 106605 ns, At safepoint: 11606 ns, Total: 118211 ns
[2020-09-11T14:25:40.553+0000][1][safepoint    ] Safepoint "RevokeBias", Time since last: 56722 ns, Reaching safepoint: 108182 ns, At safepoint: 11197 ns, Total: 119379 ns
[2020-09-11T14:25:40.553+0000][1][safepoint    ] Safepoint "RevokeBias", Time since last: 41940 ns, Reaching safepoint: 105637 ns, At safepoint: 11408 ns, Total: 117045 ns
[2020-09-11T14:25:40.554+0000][1][safepoint    ] Safepoint "RevokeBias", Time since last: 132659 ns, Reaching safepoint: 106067 ns, At safepoint: 11247 ns, Total: 117314 ns
[2020-09-11T14:25:40.555+0000][1][safepoint    ] Safepoint "RevokeBias", Time since last: 41801 ns, Reaching safepoint: 1688355 ns, At safepoint: 14149 ns, Total: 1702504 ns
[2020-09-11T14:25:40.556+0000][1][safepoint    ] Safepoint "RevokeBias", Time since last: 51486 ns, Reaching safepoint: 106182 ns, At safepoint: 11636 ns, Total: 117818 ns
[2020-09-11T14:25:40.556+0000][1][safepoint    ] Safepoint "RevokeBias", Time since last: 56261 ns, Reaching safepoint: 105038 ns, At safepoint: 11519 ns, Total: 116557 ns
[2020-09-11T14:25:40.571+0000][1][safepoint    ] Safepoint "RevokeBias", Time since last: 7977789 ns, Reaching safepoint: 80221 ns, At safepoint: 7600179 ns, Total: 7680400 ns
[2020-09-11T14:25:40.572+0000][1][safepoint    ] Safepoint "RevokeBias", Time since last: 45529 ns, Reaching safepoint: 148818 ns, At safepoint: 52109 ns, Total: 200927 ns
[2020-09-11T14:25:40.572+0000][1][safepoint    ] Safepoint "RevokeBias", Time since last: 20337 ns, Reaching safepoint: 128200 ns, At safepoint: 49817 ns, Total: 178017 ns
[2020-09-11T14:25:40.572+0000][1][safepoint    ] Safepoint "RevokeBias", Time since last: 24527 ns, Reaching safepoint: 108341 ns, At safepoint: 21018 ns, Total: 129359 ns
[2020-09-11T14:25:40.579+0000][1][safepoint    ] Safepoint "RevokeBias", Time since last: 34114 ns, Reaching safepoint: 106733 ns, At safepoint: 7205526 ns, Total: 7312259 ns
[2020-09-11T14:25:40.580+0000][1][safepoint    ] Safepoint "RevokeBias", Time since last: 303894 ns, Reaching safepoint: 177979 ns, At safepoint: 21790 ns, Total: 199769 ns
[2020-09-11T14:25:40.580+0000][1][safepoint    ] Safepoint "RevokeBias", Time since last: 194436 ns, Reaching safepoint: 124471 ns, At safepoint: 15506 ns, Total: 139977 ns
[2020-09-11T14:25:40.581+0000][1][safepoint    ] Safepoint "RevokeBias", Time since last: 175212 ns, Reaching safepoint: 122471 ns, At safepoint: 14356 ns, Total: 136827 ns
[2020-09-11T14:25:40.581+0000][1][safepoint    ] Safepoint "RevokeBias", Time since last: 45378 ns, Reaching safepoint: 117263 ns, At safepoint: 12669 ns, Total: 129932 ns
[2020-09-11T14:25:40.581+0000][1][safepoint    ] Safepoint "RevokeBias", Time since last: 41997 ns, Reaching safepoint: 108506 ns, At safepoint: 11919 ns, Total: 120425 ns
[2020-09-11T14:25:40.581+0000][1][safepoint    ] Safepoint "RevokeBias", Time since last: 40277 ns, Reaching safepoint: 106973 ns, At safepoint: 11053 ns, Total: 118026 ns
[2020-09-11T14:25:40.581+0000][1][safepoint    ] Safepoint "RevokeBias", Time since last: 35752 ns, Reaching safepoint: 102758 ns, At safepoint: 11350 ns, Total: 114108 ns
[2020-09-11T14:25:40.581+0000][1][safepoint    ] Safepoint "RevokeBias", Time since last: 35613 ns, Reaching safepoint: 101457 ns, At safepoint: 10825 ns, Total: 112282 ns
[2020-09-11T14:25:40.581+0000][1][safepoint    ] Safepoint "RevokeBias", Time since last: 36540 ns, Reaching safepoint: 101114 ns, At safepoint: 11032 ns, Total: 112146 ns
[2020-09-11T14:25:40.582+0000][1][safepoint    ] Safepoint "RevokeBias", Time since last: 35220 ns, Reaching safepoint: 101850 ns, At safepoint: 10365 ns, Total: 112215 ns
[2020-09-11T14:25:40.582+0000][1][safepoint    ] Safepoint "RevokeBias", Time since last: 36142 ns, Reaching safepoint: 101290 ns, At safepoint: 10406 ns, Total: 111696 ns
[2020-09-11T14:25:40.582+0000][1][safepoint    ] Safepoint "RevokeBias", Time since last: 189840 ns, Reaching safepoint: 101828 ns, At safepoint: 10871 ns, Total: 112699 ns
[2020-09-11T14:25:40.582+0000][1][safepoint    ] Safepoint "RevokeBias", Time since last: 35963 ns, Reaching safepoint: 100248 ns, At safepoint: 10514 ns, Total: 110762 ns
[2020-09-11T14:25:40.582+0000][1][safepoint    ] Safepoint "RevokeBias", Time since last: 35689 ns, Reaching safepoint: 100229 ns, At safepoint: 17959 ns, Total: 118188 ns
[2020-09-11T14:25:40.583+0000][1][safepoint    ] Safepoint "BulkRevokeBias", Time since last: 31078 ns, Reaching safepoint: 100923 ns, At safepoint: 200803 ns, Total: 301726 ns
[2020-09-11T14:25:40.829+0000][1][gc,start     ] GC(70) Pause Young (Allocation Failure)
[2020-09-11T14:25:40.829+0000][1][gc,task      ] GC(70) Using 1 workers of 1 for evacuation
[2020-09-11T14:25:40.844+0000][1][gc,age       ] GC(70) Desired survivor size 4358144 bytes, new threshold 6 (max threshold 6)
[2020-09-11T14:25:40.844+0000][1][gc,age       ] GC(70) Age table with threshold 6 (max threshold 6)
[2020-09-11T14:25:40.844+0000][1][gc,age       ] GC(70) - age   1:     179920 bytes,     179920 total
[2020-09-11T14:25:40.844+0000][1][gc,age       ] GC(70) - age   2:     261584 bytes,     441504 total
[2020-09-11T14:25:40.844+0000][1][gc,age       ] GC(70) - age   3:    1386688 bytes,    1828192 total
[2020-09-11T14:25:40.844+0000][1][gc,age       ] GC(70) - age   4:    1649768 bytes,    3477960 total
[2020-09-11T14:25:40.844+0000][1][gc,heap      ] GC(70) ParNew: 72118K->3439K(76672K)
[2020-09-11T14:25:40.844+0000][1][gc,heap      ] GC(70) CMS: 65587K->65587K(439104K)
[2020-09-11T14:25:40.844+0000][1][gc,metaspace ] GC(70) Metaspace: 84170K->84170K(1126400K)
[2020-09-11T14:25:40.844+0000][1][gc           ] GC(70) Pause Young (Allocation Failure) 134M->67M(503M) 15.367ms
[2020-09-11T14:25:40.844+0000][1][gc,cpu       ] GC(70) User=0.01s Sys=0.00s Real=0.02s
[2020-09-11T14:25:40.847+0000][1][safepoint    ] Safepoint "GenCollectForAllocation", Time since last: 245890876 ns, Reaching safepoint: 209639 ns, At safepoint: 18604246 ns, Total: 18813885 ns
[2020-09-11T14:25:41.849+0000][1][safepoint    ] Safepoint "Cleanup", Time since last: 1001853671 ns, Reaching safepoint: 169767 ns, At safepoint: 17877 ns, Total: 187644 ns
[2020-09-11T14:25:42.850+0000][1][safepoint    ] Safepoint "Cleanup", Time since last: 1000162153 ns, Reaching safepoint: 151966 ns, At safepoint: 15111 ns, Total: 167077 ns
[2020-09-11T14:25:43.850+0000][1][safepoint    ] Safepoint "Cleanup", Time since last: 1000200143 ns, Reaching safepoint: 149333 ns, At safepoint: 17276 ns, Total: 166609 ns
[2020-09-11T14:25:44.851+0000][1][safepoint    ] Safepoint "Cleanup", Time since last: 1000221965 ns, Reaching safepoint: 124315 ns, At safepoint: 7104 ns, Total: 131419 ns
[2020-09-11T14:25:45.851+0000][1][safepoint    ] Safepoint "Cleanup", Time since last: 1000146993 ns, Reaching safepoint: 120437 ns, At safepoint: 7952 ns, Total: 128389 ns
[2020-09-11T14:25:46.851+0000][1][safepoint    ] Safepoint "Cleanup", Time since last: 1000217195 ns, Reaching safepoint: 161461 ns, At safepoint: 17283 ns, Total: 178744 ns
[2020-09-11T14:25:47.852+0000][1][safepoint    ] Safepoint "Cleanup", Time since last: 1000226058 ns, Reaching safepoint: 113364 ns, At safepoint: 7939 ns, Total: 121303 ns
[2020-09-11T14:25:48.853+0000][1][safepoint    ] Safepoint "Cleanup", Time since last: 1001019222 ns, Reaching safepoint: 95526 ns, At safepoint: 6160 ns, Total: 101686 ns
[2020-09-11T14:25:49.853+0000][1][safepoint    ] Safepoint "Cleanup", Time since last: 1000164452 ns, Reaching safepoint: 159743 ns, At safepoint: 17610 ns, Total: 177353 ns
[2020-09-11T14:25:50.853+0000][1][safepoint    ] Safepoint "Cleanup", Time since last: 1000221855 ns, Reaching safepoint: 159767 ns, At safepoint: 17236 ns, Total: 177003 ns
[2020-09-11T14:25:51.261+0000][1][safepoint    ] Safepoint "RevokeBias", Time since last: 407500889 ns, Reaching safepoint: 184931 ns, At safepoint: 26279 ns, Total: 211210 ns
[2020-09-11T14:25:51.270+0000][1][safepoint    ] Safepoint "RevokeBias", Time since last: 8767030 ns, Reaching safepoint: 243008 ns, At safepoint: 21649 ns, Total: 264657 ns
[2020-09-11T14:25:51.280+0000][1][safepoint    ] Safepoint "RevokeBias", Time since last: 9719447 ns, Reaching safepoint: 170656 ns, At safepoint: 82167 ns, Total: 252823 ns
[2020-09-11T14:25:51.300+0000][1][safepoint    ] Safepoint "RevokeBias", Time since last: 19702434 ns, Reaching safepoint: 156010 ns, At safepoint: 30387 ns, Total: 186397 ns
[2020-09-11T14:25:51.301+0000][1][safepoint    ] Safepoint "RevokeBias", Time since last: 705776 ns, Reaching safepoint: 125884 ns, At safepoint: 55552 ns, Total: 181436 ns
[2020-09-11T14:25:51.309+0000][1][safepoint    ] Safepoint "RevokeBias", Time since last: 5621616 ns, Reaching safepoint: 2344191 ns, At safepoint: 72655 ns, Total: 2416846 ns
[2020-09-11T14:25:51.313+0000][1][safepoint    ] Safepoint "RevokeBias", Time since last: 1667458 ns, Reaching safepoint: 2024427 ns, At safepoint: 66479 ns, Total: 2090906 ns
[2020-09-11T14:25:51.333+0000][1][safepoint    ] Safepoint "RevokeBias", Time since last: 19795376 ns, Reaching safepoint: 300789 ns, At safepoint: 40857 ns, Total: 341646 ns
[2020-09-11T14:25:51.631+0000][1][safepoint    ] Safepoint "RevokeBias", Time since last: 297839267 ns, Reaching safepoint: 174732 ns, At safepoint: 22485 ns, Total: 197217 ns
[2020-09-11T14:25:51.631+0000][1][safepoint    ] Safepoint "RevokeBias", Time since last: 73107 ns, Reaching safepoint: 100391 ns, At safepoint: 12087 ns, Total: 112478 ns
[2020-09-11T14:25:51.633+0000][1][safepoint    ] Safepoint "RevokeBias", Time since last: 1317878 ns, Reaching safepoint: 181216 ns, At safepoint: 20306 ns, Total: 201522 ns
[2020-09-11T14:25:51.633+0000][1][safepoint    ] Safepoint "RevokeBias", Time since last: 58493 ns, Reaching safepoint: 99767 ns, At safepoint: 13193 ns, Total: 112960 ns
[2020-09-11T14:25:51.812+0000][1][safepoint    ] Safepoint "RevokeBias", Time since last: 179513309 ns, Reaching safepoint: 94040 ns, At safepoint: 28126 ns, Total: 122166 ns
[2020-09-11T14:25:51.824+0000][1][safepoint    ] Safepoint "RevokeBias", Time since last: 11624273 ns, Reaching safepoint: 236388 ns, At safepoint: 30626 ns, Total: 267014 ns
[2020-09-11T14:25:51.825+0000][1][safepoint    ] Safepoint "RevokeBias", Time since last: 356965 ns, Reaching safepoint: 162597 ns, At safepoint: 64287 ns, Total: 226884 ns
[2020-09-11T14:25:51.825+0000][1][safepoint    ] Safepoint "RevokeBias", Time since last: 57518 ns, Reaching safepoint: 164019 ns, At safepoint: 40284 ns, Total: 204303 ns
[2020-09-11T14:25:51.833+0000][1][safepoint    ] Safepoint "RevokeBias", Time since last: 7985532 ns, Reaching safepoint: 177978 ns, At safepoint: 28939 ns, Total: 206917 ns
[2020-09-11T14:25:51.834+0000][1][safepoint    ] Safepoint "RevokeBias", Time since last: 59083 ns, Reaching safepoint: 1059930 ns, At safepoint: 26371 ns, Total: 1086301 ns
[2020-09-11T14:25:51.835+0000][1][safepoint    ] Safepoint "RevokeBias", Time since last: 56966 ns, Reaching safepoint: 110887 ns, At safepoint: 19938 ns, Total: 130825 ns
[2020-09-11T14:25:51.835+0000][1][safepoint    ] Safepoint "RevokeBias", Time since last: 42939 ns, Reaching safepoint: 106764 ns, At safepoint: 18633 ns, Total: 125397 ns
[2020-09-11T14:25:51.835+0000][1][safepoint    ] Safepoint "RevokeBias", Time since last: 42399 ns, Reaching safepoint: 106420 ns, At safepoint: 26707 ns, Total: 133127 ns
[2020-09-11T14:25:51.835+0000][1][safepoint    ] Safepoint "RevokeBias", Time since last: 37832 ns, Reaching safepoint: 355208 ns, At safepoint: 51751 ns, Total: 406959 ns
[2020-09-11T14:25:51.836+0000][1][safepoint    ] Safepoint "RevokeBias", Time since last: 41044 ns, Reaching safepoint: 105144 ns, At safepoint: 27644 ns, Total: 132788 ns
[2020-09-11T14:25:51.836+0000][1][safepoint    ] Safepoint "RevokeBias", Time since last: 37140 ns, Reaching safepoint: 148171 ns, At safepoint: 26935 ns, Total: 175106 ns
[2020-09-11T14:25:51.837+0000][1][safepoint    ] Safepoint "RevokeBias", Time since last: 37540 ns, Reaching safepoint: 823127 ns, At safepoint: 35308 ns, Total: 858435 ns
[2020-09-11T14:25:51.837+0000][1][safepoint    ] Safepoint "RevokeBias", Time since last: 46228 ns, Reaching safepoint: 105695 ns, At safepoint: 28863 ns, Total: 134558 ns
[2020-09-11T14:25:51.839+0000][1][safepoint    ] Safepoint "RevokeBias", Time since last: 994903 ns, Reaching safepoint: 833028 ns, At safepoint: 26873 ns, Total: 859901 ns
[2020-09-11T14:25:51.856+0000][1][safepoint    ] Safepoint "RevokeBias", Time since last: 16731255 ns, Reaching safepoint: 158624 ns, At safepoint: 41618 ns, Total: 200242 ns
[2020-09-11T14:25:51.857+0000][1][safepoint    ] Safepoint "RevokeBias", Time since last: 390893 ns, Reaching safepoint: 474678 ns, At safepoint: 162967 ns, Total: 637645 ns
[2020-09-11T14:25:51.863+0000][1][safepoint    ] Safepoint "RevokeBias", Time since last: 53559 ns, Reaching safepoint: 6120579 ns, At safepoint: 557321 ns, Total: 6677900 ns
[2020-09-11T14:25:51.864+0000][1][safepoint    ] Safepoint "RevokeBias", Time since last: 81840 ns, Reaching safepoint: 247998 ns, At safepoint: 34810 ns, Total: 282808 ns
[2020-09-11T14:25:51.871+0000][1][safepoint    ] Safepoint "RevokeBias", Time since last: 46927 ns, Reaching safepoint: 431758 ns, At safepoint: 7158411 ns, Total: 7590169 ns
[2020-09-11T14:25:51.872+0000][1][safepoint    ] Safepoint "BulkRevokeBias", Time since last: 98761 ns, Reaching safepoint: 158257 ns, At safepoint: 220245 ns, Total: 378502 ns
[2020-09-11T14:25:51.885+0000][1][safepoint    ] Safepoint "RevokeBias", Time since last: 12807435 ns, Reaching safepoint: 192712 ns, At safepoint: 26496 ns, Total: 219208 ns
[2020-09-11T14:25:51.966+0000][1][safepoint    ] Safepoint "RevokeBias", Time since last: 81085139 ns, Reaching safepoint: 201613 ns, At safepoint: 48878 ns, Total: 250491 ns
[2020-09-11T14:25:51.966+0000][1][safepoint    ] Safepoint "RevokeBias", Time since last: 59945 ns, Reaching safepoint: 106541 ns, At safepoint: 31172 ns, Total: 137713 ns
[2020-09-11T14:25:51.996+0000][1][safepoint    ] Safepoint "RevokeBias", Time since last: 29506265 ns, Reaching safepoint: 175879 ns, At safepoint: 64941 ns, Total: 240820 ns
[2020-09-11T14:25:52.000+0000][1][safepoint    ] Safepoint "RevokeBias", Time since last: 169116 ns, Reaching safepoint: 3131690 ns, At safepoint: 28909 ns, Total: 3160599 ns
[2020-09-11T14:25:52.005+0000][1][safepoint    ] Safepoint "RevokeBias", Time since last: 5279308 ns, Reaching safepoint: 282282 ns, At safepoint: 22910 ns, Total: 305192 ns
[2020-09-11T14:25:52.073+0000][1][safepoint    ] Safepoint "RevokeBias", Time since last: 67737165 ns, Reaching safepoint: 157148 ns, At safepoint: 55718 ns, Total: 212866 ns
[2020-09-11T14:25:52.116+0000][1][safepoint    ] Safepoint "RevokeBias", Time since last: 39232142 ns, Reaching safepoint: 3216655 ns, At safepoint: 22576 ns, Total: 3239231 ns
[2020-09-11T14:25:52.126+0000][1][safepoint    ] Safepoint "RevokeBias", Time since last: 10018196 ns, Reaching safepoint: 149776 ns, At safepoint: 17130 ns, Total: 166906 ns
[2020-09-11T14:25:52.129+0000][1][safepoint    ] Safepoint "RevokeBias", Time since last: 3367498 ns, Reaching safepoint: 141206 ns, At safepoint: 17603 ns, Total: 158809 ns
[2020-09-11T14:25:52.144+0000][1][safepoint    ] Safepoint "RevokeBias", Time since last: 14851909 ns, Reaching safepoint: 161248 ns, At safepoint: 19701 ns, Total: 180949 ns
[2020-09-11T14:25:52.153+0000][1][safepoint    ] Safepoint "RevokeBias", Time since last: 8121758 ns, Reaching safepoint: 167718 ns, At safepoint: 21669 ns, Total: 189387 ns
[2020-09-11T14:25:52.168+0000][1][gc,start     ] GC(71) Pause Young (Allocation Failure)
[2020-09-11T14:25:52.168+0000][1][gc,task      ] GC(71) Using 1 workers of 1 for evacuation
[2020-09-11T14:25:52.183+0000][1][gc,age       ] GC(71) Desired survivor size 4358144 bytes, new threshold 6 (max threshold 6)
[2020-09-11T14:25:52.183+0000][1][gc,age       ] GC(71) Age table with threshold 6 (max threshold 6)
[2020-09-11T14:25:52.183+0000][1][gc,age       ] GC(71) - age   1:     534408 bytes,     534408 total
[2020-09-11T14:25:52.183+0000][1][gc,age       ] GC(71) - age   2:      78008 bytes,     612416 total
[2020-09-11T14:25:52.183+0000][1][gc,age       ] GC(71) - age   3:     202424 bytes,     814840 total
[2020-09-11T14:25:52.183+0000][1][gc,age       ] GC(71) - age   4:    1382088 bytes,    2196928 total
[2020-09-11T14:25:52.183+0000][1][gc,age       ] GC(71) - age   5:    1646792 bytes,    3843720 total
[2020-09-11T14:25:52.183+0000][1][gc,heap      ] GC(71) ParNew: 71599K->6814K(76672K)
[2020-09-11T14:25:52.183+0000][1][gc,heap      ] GC(71) CMS: 65587K->65587K(439104K)
[2020-09-11T14:25:52.183+0000][1][gc,metaspace ] GC(71) Metaspace: 84367K->84367K(1126400K)
[2020-09-11T14:25:52.183+0000][1][gc           ] GC(71) Pause Young (Allocation Failure) 133M->70M(503M) 15.058ms
[2020-09-11T14:25:52.183+0000][1][gc,cpu       ] GC(71) User=0.01s Sys=0.00s Real=0.01s
[2020-09-11T14:25:52.187+0000][1][safepoint    ] Safepoint "GenCollectForAllocation", Time since last: 14811034 ns, Reaching safepoint: 159884 ns, At safepoint: 19190663 ns, Total: 19350547 ns
[2020-09-11T14:25:52.207+0000][1][safepoint    ] Safepoint "RevokeBias", Time since last: 16963856 ns, Reaching safepoint: 3007468 ns, At safepoint: 40548 ns, Total: 3048016 ns
[2020-09-11T14:25:52.214+0000][1][safepoint    ] Safepoint "RevokeBias", Time since last: 6726875 ns, Reaching safepoint: 78916 ns, At safepoint: 20866 ns, Total: 99782 ns
[2020-09-11T14:25:52.216+0000][1][safepoint    ] Safepoint "RevokeBias", Time since last: 1810539 ns, Reaching safepoint: 141893 ns, At safepoint: 20121 ns, Total: 162014 ns
[2020-09-11T14:25:52.216+0000][1][safepoint    ] Safepoint "RevokeBias", Time since last: 58667 ns, Reaching safepoint: 126504 ns, At safepoint: 17264 ns, Total: 143768 ns
[2020-09-11T14:25:52.216+0000][1][safepoint    ] Safepoint "RevokeBias", Time since last: 88681 ns, Reaching safepoint: 124708 ns, At safepoint: 15513 ns, Total: 140221 ns
[2020-09-11T14:25:52.221+0000][1][safepoint    ] Safepoint "RevokeBias", Time since last: 4467260 ns, Reaching safepoint: 224913 ns, At safepoint: 23479 ns, Total: 248392 ns
[2020-09-11T14:25:52.221+0000][1][safepoint    ] Safepoint "RevokeBias", Time since last: 158200 ns, Reaching safepoint: 134322 ns, At safepoint: 17948 ns, Total: 152270 ns
[2020-09-11T14:25:52.247+0000][1][safepoint    ] Safepoint "RevokeBias", Time since last: 25701811 ns, Reaching safepoint: 156509 ns, At safepoint: 21890 ns, Total: 178399 ns
[2020-09-11T14:25:52.288+0000][1][safepoint    ] Safepoint "RevokeBias", Time since last: 40415665 ns, Reaching safepoint: 176621 ns, At safepoint: 21228 ns, Total: 197849 ns
[2020-09-11T14:25:52.288+0000][1][safepoint    ] Safepoint "RevokeBias", Time since last: 461759 ns, Reaching safepoint: 125384 ns, At safepoint: 16076 ns, Total: 141460 ns
[2020-09-11T14:25:52.295+0000][1][safepoint    ] Safepoint "RevokeBias", Time since last: 5950152 ns, Reaching safepoint: 771041 ns, At safepoint: 24983 ns, Total: 796024 ns
[2020-09-11T14:25:52.295+0000][1][safepoint    ] Safepoint "RevokeBias", Time since last: 55447 ns, Reaching safepoint: 141891 ns, At safepoint: 19516 ns, Total: 161407 ns
[2020-09-11T14:25:52.296+0000][1][safepoint    ] Safepoint "RevokeBias", Time since last: 310272 ns, Reaching safepoint: 250189 ns, At safepoint: 19164 ns, Total: 269353 ns
[2020-09-11T14:25:52.299+0000][1][safepoint    ] Safepoint "RevokeBias", Time since last: 3244335 ns, Reaching safepoint: 159997 ns, At safepoint: 23386 ns, Total: 183383 ns
[2020-09-11T14:25:52.307+0000][1][safepoint    ] Safepoint "RevokeBias", Time since last: 7498760 ns, Reaching safepoint: 391011 ns, At safepoint: 24532 ns, Total: 415543 ns
[2020-09-11T14:25:52.308+0000][1][safepoint    ] Safepoint "BulkRevokeBias", Time since last: 511281 ns, Reaching safepoint: 129108 ns, At safepoint: 255331 ns, Total: 384439 ns
[2020-09-11T14:25:52.317+0000][1][safepoint    ] Safepoint "RevokeBias", Time since last: 9130998 ns, Reaching safepoint: 166042 ns, At safepoint: 22369 ns, Total: 188411 ns
[2020-09-11T14:25:52.318+0000][1][safepoint    ] Safepoint "RevokeBias", Time since last: 201411 ns, Reaching safepoint: 108633 ns, At safepoint: 22607 ns, Total: 131240 ns
[2020-09-11T14:25:52.318+0000][1][safepoint    ] Safepoint "RevokeBias", Time since last: 84529 ns, Reaching safepoint: 105355 ns, At safepoint: 21806 ns, Total: 127161 ns
[2020-09-11T14:25:52.319+0000][1][safepoint    ] Safepoint "RevokeBias", Time since last: 840769 ns, Reaching safepoint: 114357 ns, At safepoint: 23764 ns, Total: 138121 ns
[2020-09-11T14:25:52.328+0000][1][safepoint    ] Safepoint "RevokeBias", Time since last: 9032802 ns, Reaching safepoint: 229813 ns, At safepoint: 21600 ns, Total: 251413 ns
[2020-09-11T14:25:52.328+0000][1][safepoint    ] Safepoint "RevokeBias", Time since last: 146163 ns, Reaching safepoint: 110044 ns, At safepoint: 58037 ns, Total: 168081 ns
[2020-09-11T14:25:52.430+0000][1][safepoint    ] Safepoint "RevokeBias", Time since last: 100945858 ns, Reaching safepoint: 431839 ns, At safepoint: 26367 ns, Total: 458206 ns
[2020-09-11T14:25:52.430+0000][1][safepoint    ] Safepoint "RevokeBias", Time since last: 88656 ns, Reaching safepoint: 129242 ns, At safepoint: 16965 ns, Total: 146207 ns
[2020-09-11T14:25:52.444+0000][1][safepoint    ] Safepoint "RevokeBias", Time since last: 13854564 ns, Reaching safepoint: 76286 ns, At safepoint: 22718 ns, Total: 99004 ns
[2020-09-11T14:25:52.487+0000][1][safepoint    ] Safepoint "RevokeBias", Time since last: 42543825 ns, Reaching safepoint: 171536 ns, At safepoint: 22488 ns, Total: 194024 ns
[2020-09-11T14:25:52.491+0000][1][safepoint    ] Safepoint "RevokeBias", Time since last: 4514749 ns, Reaching safepoint: 167675 ns, At safepoint: 42149 ns, Total: 209824 ns
[2020-09-11T14:25:52.873+0000][1][safepoint    ] Safepoint "RevokeBias", Time since last: 381773692 ns, Reaching safepoint: 80436 ns, At safepoint: 20475 ns, Total: 100911 ns
[2020-09-11T14:25:52.934+0000][1][safepoint    ] Safepoint "RevokeBias", Time since last: 60874277 ns, Reaching safepoint: 86985 ns, At safepoint: 21465 ns, Total: 108450 ns
[2020-09-11T14:25:53.367+0000][1][safepoint    ] Safepoint "RevokeBias", Time since last: 432264795 ns, Reaching safepoint: 451552 ns, At safepoint: 19637 ns, Total: 471189 ns
[2020-09-11T14:25:53.367+0000][1][safepoint    ] Safepoint "RevokeBias", Time since last: 60383 ns, Reaching safepoint: 114389 ns, At safepoint: 15760 ns, Total: 130149 ns
[2020-09-11T14:25:53.367+0000][1][safepoint    ] Safepoint "RevokeBias", Time since last: 51536 ns, Reaching safepoint: 238094 ns, At safepoint: 13933 ns, Total: 252027 ns
[2020-09-11T14:25:53.368+0000][1][safepoint    ] Safepoint "RevokeBias", Time since last: 60643 ns, Reaching safepoint: 115636 ns, At safepoint: 14392 ns, Total: 130028 ns
[2020-09-11T14:25:53.384+0000][1][safepoint    ] Safepoint "RevokeBias", Time since last: 16111134 ns, Reaching safepoint: 233092 ns, At safepoint: 22509 ns, Total: 255601 ns
[2020-09-11T14:25:53.384+0000][1][safepoint    ] Safepoint "RevokeBias", Time since last: 277657 ns, Reaching safepoint: 152929 ns, At safepoint: 15258 ns, Total: 168187 ns
[2020-09-11T14:25:53.385+0000][1][safepoint    ] Safepoint "RevokeBias", Time since last: 48272 ns, Reaching safepoint: 166079 ns, At safepoint: 12954 ns, Total: 179033 ns
[2020-09-11T14:25:53.430+0000][1][safepoint    ] Safepoint "RevokeBias", Time since last: 44631536 ns, Reaching safepoint: 163937 ns, At safepoint: 21454 ns, Total: 185391 ns
[2020-09-11T14:25:53.430+0000][1][safepoint    ] Safepoint "RevokeBias", Time since last: 76293 ns, Reaching safepoint: 111781 ns, At safepoint: 13988 ns, Total: 125769 ns
[2020-09-11T14:25:53.454+0000][1][safepoint    ] Safepoint "RevokeBias", Time since last: 24508460 ns, Reaching safepoint: 76158 ns, At safepoint: 20138 ns, Total: 96296 ns
[2020-09-11T14:25:53.455+0000][1][safepoint    ] Safepoint "RevokeBias", Time since last: 673994 ns, Reaching safepoint: 39772 ns, At safepoint: 13055 ns, Total: 52827 ns
[2020-09-11T14:25:53.457+0000][1][safepoint    ] Safepoint "RevokeBias", Time since last: 1723310 ns, Reaching safepoint: 165026 ns, At safepoint: 21295 ns, Total: 186321 ns
[2020-09-11T14:25:53.473+0000][1][safepoint    ] Safepoint "RevokeBias", Time since last: 16309971 ns, Reaching safepoint: 167093 ns, At safepoint: 23524 ns, Total: 190617 ns
[2020-09-11T14:25:53.474+0000][1][safepoint    ] Safepoint "RevokeBias", Time since last: 148182 ns, Reaching safepoint: 114602 ns, At safepoint: 14310 ns, Total: 128912 ns
[2020-09-11T14:25:54.474+0000][1][safepoint    ] Safepoint "Cleanup", Time since last: 1000082876 ns, Reaching safepoint: 83985 ns, At safepoint: 6851 ns, Total: 90836 ns
[2020-09-11T14:25:56.389+0000][1][safepoint    ] Safepoint "Cleanup", Time since last: 1906053844 ns, Reaching safepoint: 2295182 ns, At safepoint: 7067915 ns, Total: 9363097 ns
[2020-09-11T14:25:56.395+0000][1][safepoint    ] Safepoint "RevokeBias", Time since last: 2741962 ns, Reaching safepoint: 3272673 ns, At safepoint: 61762 ns, Total: 3334435 ns
[2020-09-11T14:25:56.398+0000][1][safepoint    ] Safepoint "RevokeBias", Time since last: 241497 ns, Reaching safepoint: 2076060 ns, At safepoint: 35255 ns, Total: 2111315 ns
[2020-09-11T14:25:56.416+0000][1][safepoint    ] Safepoint "RevokeBias", Time since last: 17437378 ns, Reaching safepoint: 272993 ns, At safepoint: 27996 ns, Total: 300989 ns
[2020-09-11T14:25:56.420+0000][1][safepoint    ] Safepoint "RevokeBias", Time since last: 746437 ns, Reaching safepoint: 3221391 ns, At safepoint: 27048 ns, Total: 3248439 ns
[2020-09-11T14:25:57.420+0000][1][safepoint    ] Safepoint "Cleanup", Time since last: 1000106609 ns, Reaching safepoint: 80304 ns, At safepoint: 7477 ns, Total: 87781 ns
[2020-09-11T14:25:58.421+0000][1][safepoint    ] Safepoint "Cleanup", Time since last: 1000636832 ns, Reaching safepoint: 148982 ns, At safepoint: 19745 ns, Total: 168727 ns
[2020-09-11T14:25:59.421+0000][1][safepoint    ] Safepoint "Cleanup", Time since last: 1000249761 ns, Reaching safepoint: 107118 ns, At safepoint: 7040 ns, Total: 114158 ns
[2020-09-11T14:25:59.693+0000][1][safepoint    ] Safepoint "RevokeBias", Time since last: 271752576 ns, Reaching safepoint: 200206 ns, At safepoint: 21335 ns, Total: 221541 ns
[2020-09-11T14:26:00.693+0000][1][safepoint    ] Safepoint "Cleanup", Time since last: 1000166969 ns, Reaching safepoint: 106804 ns, At safepoint: 7149 ns, Total: 113953 ns
[2020-09-11T14:26:01.693+0000][1][safepoint    ] Safepoint "Cleanup", Time since last: 1000150789 ns, Reaching safepoint: 110434 ns, At safepoint: 7504 ns, Total: 117938 ns
[2020-09-11T14:26:02.694+0000][1][safepoint    ] Safepoint "Cleanup", Time since last: 1000171613 ns, Reaching safepoint: 110891 ns, At safepoint: 8183 ns, Total: 119074 ns
[2020-09-11T14:26:03.694+0000][1][safepoint    ] Safepoint "Cleanup", Time since last: 1000163303 ns, Reaching safepoint: 160315 ns, At safepoint: 19307 ns, Total: 179622 ns
[2020-09-11T14:26:04.695+0000][1][safepoint    ] Safepoint "Cleanup", Time since last: 1000160839 ns, Reaching safepoint: 451319 ns, At safepoint: 20159 ns, Total: 471478 ns
[2020-09-11T14:26:05.696+0000][1][safepoint    ] Safepoint "Cleanup", Time since last: 1000667541 ns, Reaching safepoint: 223807 ns, At safepoint: 17333 ns, Total: 241140 ns
[2020-09-11T14:26:07.696+0000][1][safepoint    ] Safepoint "Cleanup", Time since last: 2000282421 ns, Reaching safepoint: 166693 ns, At safepoint: 17420 ns, Total: 184113 ns
[2020-09-11T14:26:08.696+0000][1][safepoint    ] Safepoint "Cleanup", Time since last: 1000185543 ns, Reaching safepoint: 171190 ns, At safepoint: 19348 ns, Total: 190538 ns
[2020-09-11T14:26:09.697+0000][1][safepoint    ] Safepoint "Cleanup", Time since last: 1000208611 ns, Reaching safepoint: 165182 ns, At safepoint: 19351 ns, Total: 184533 ns
[2020-09-11T14:26:10.698+0000][1][safepoint    ] Safepoint "Cleanup", Time since last: 1001141654 ns, Reaching safepoint: 167521 ns, At safepoint: 17550 ns, Total: 185071 ns
[2020-09-11T14:26:11.699+0000][1][safepoint    ] Safepoint "Cleanup", Time since last: 1000217861 ns, Reaching safepoint: 155039 ns, At safepoint: 18529 ns, Total: 173568 ns
[2020-09-11T14:26:13.411+0000][1][gc,start     ] GC(72) Pause Young (Allocation Failure)
[2020-09-11T14:26:13.411+0000][1][gc,task      ] GC(72) Using 1 workers of 1 for evacuation
[2020-09-11T14:26:13.424+0000][1][gc,age       ] GC(72) Desired survivor size 4358144 bytes, new threshold 6 (max threshold 6)
[2020-09-11T14:26:13.424+0000][1][gc,age       ] GC(72) Age table with threshold 6 (max threshold 6)
[2020-09-11T14:26:13.424+0000][1][gc,age       ] GC(72) - age   1:     173632 bytes,     173632 total
[2020-09-11T14:26:13.424+0000][1][gc,age       ] GC(72) - age   2:     415624 bytes,     589256 total
[2020-09-11T14:26:13.424+0000][1][gc,age       ] GC(72) - age   3:      65592 bytes,     654848 total
[2020-09-11T14:26:13.424+0000][1][gc,age       ] GC(72) - age   4:     192664 bytes,     847512 total
[2020-09-11T14:26:13.424+0000][1][gc,age       ] GC(72) - age   5:    1380864 bytes,    2228376 total
[2020-09-11T14:26:13.424+0000][1][gc,age       ] GC(72) - age   6:    1646792 bytes,    3875168 total
[2020-09-11T14:26:13.424+0000][1][gc,heap      ] GC(72) ParNew: 74974K->4518K(76672K)
[2020-09-11T14:26:13.424+0000][1][gc,heap      ] GC(72) CMS: 65587K->65587K(439104K)
[2020-09-11T14:26:13.424+0000][1][gc,metaspace ] GC(72) Metaspace: 84539K->84539K(1126400K)
[2020-09-11T14:26:13.424+0000][1][gc           ] GC(72) Pause Young (Allocation Failure) 137M->68M(503M) 13.239ms
[2020-09-11T14:26:13.424+0000][1][gc,cpu       ] GC(72) User=0.01s Sys=0.00s Real=0.02s
[2020-09-11T14:26:13.424+0000][1][safepoint    ] Safepoint "GenCollectForAllocation", Time since last: 1712329343 ns, Reaching safepoint: 201312 ns, At safepoint: 13312287 ns, Total: 13513599 ns
[2020-09-11T14:26:14.427+0000][1][safepoint    ] Safepoint "Cleanup", Time since last: 1001971721 ns, Reaching safepoint: 152246 ns, At safepoint: 39798 ns, Total: 192044 ns
[2020-09-11T14:26:15.427+0000][1][safepoint    ] Safepoint "Cleanup", Time since last: 1000444206 ns, Reaching safepoint: 262466 ns, At safepoint: 20363 ns, Total: 282829 ns
[2020-09-11T14:26:17.428+0000][1][safepoint    ] Safepoint "Cleanup", Time since last: 2000448498 ns, Reaching safepoint: 165827 ns, At safepoint: 16551 ns, Total: 182378 ns
[2020-09-11T14:26:18.429+0000][1][safepoint    ] Safepoint "Cleanup", Time since last: 1000929556 ns, Reaching safepoint: 232758 ns, At safepoint: 8262 ns, Total: 241020 ns
[2020-09-11T14:26:19.429+0000][1][safepoint    ] Safepoint "Cleanup", Time since last: 1000161015 ns, Reaching safepoint: 115473 ns, At safepoint: 6447 ns, Total: 121920 ns
[2020-09-11T14:26:20.430+0000][1][safepoint    ] Safepoint "Cleanup", Time since last: 1000184876 ns, Reaching safepoint: 170240 ns, At safepoint: 18216 ns, Total: 188456 ns
[2020-09-11T14:26:21.874+0000][1][safepoint    ] Safepoint "RevokeBias", Time since last: 1443671419 ns, Reaching safepoint: 139667 ns, At safepoint: 53359 ns, Total: 193026 ns
[2020-09-11T14:26:21.934+0000][1][safepoint    ] Safepoint "RevokeBias", Time since last: 60675043 ns, Reaching safepoint: 115736 ns, At safepoint: 32625 ns, Total: 148361 ns
[2020-09-11T14:26:21.935+0000][1][safepoint    ] Safepoint "RevokeBias", Time since last: 241334 ns, Reaching safepoint: 84497 ns, At safepoint: 28365 ns, Total: 112862 ns
[2020-09-11T14:26:23.935+0000][1][safepoint    ] Safepoint "Cleanup", Time since last: 2000359812 ns, Reaching safepoint: 105518 ns, At safepoint: 8315 ns, Total: 113833 ns
[2020-09-11T14:26:25.936+0000][1][safepoint    ] Safepoint "Cleanup", Time since last: 2000247077 ns, Reaching safepoint: 170221 ns, At safepoint: 8313 ns, Total: 178534 ns
[2020-09-11T14:26:26.936+0000][1][safepoint    ] Safepoint "Cleanup", Time since last: 1000135413 ns, Reaching safepoint: 161487 ns, At safepoint: 18078 ns, Total: 179565 ns
[2020-09-11T14:26:27.170+0000][1][safepoint    ] Safepoint "RevokeBias", Time since last: 232813470 ns, Reaching safepoint: 1048552 ns, At safepoint: 56222 ns, Total: 1104774 ns
[2020-09-11T14:26:28.170+0000][1][safepoint    ] Safepoint "Cleanup", Time since last: 1000191211 ns, Reaching safepoint: 129771 ns, At safepoint: 7443 ns, Total: 137214 ns
[2020-09-11T14:26:29.171+0000][1][safepoint    ] Safepoint "Cleanup", Time since last: 1000139115 ns, Reaching safepoint: 126082 ns, At safepoint: 7412 ns, Total: 133494 ns
[2020-09-11T14:26:30.171+0000][1][safepoint    ] Safepoint "Cleanup", Time since last: 1000104571 ns, Reaching safepoint: 88676 ns, At safepoint: 8116 ns, Total: 96792 ns
[2020-09-11T14:26:31.171+0000][1][safepoint    ] Safepoint "Cleanup", Time since last: 1000140351 ns, Reaching safepoint: 166806 ns, At safepoint: 17273 ns, Total: 184079 ns
[2020-09-11T14:26:33.172+0000][1][safepoint    ] Safepoint "Cleanup", Time since last: 2000309020 ns, Reaching safepoint: 228454 ns, At safepoint: 15917 ns, Total: 244371 ns
[2020-09-11T14:26:34.172+0000][1][safepoint    ] Safepoint "Cleanup", Time since last: 1000175770 ns, Reaching safepoint: 165296 ns, At safepoint: 16996 ns, Total: 182292 ns
[2020-09-11T14:26:38.173+0000][1][safepoint    ] Safepoint "Cleanup", Time since last: 4000602270 ns, Reaching safepoint: 210676 ns, At safepoint: 17030 ns, Total: 227706 ns
[2020-09-11T14:26:39.173+0000][1][safepoint    ] Safepoint "Cleanup", Time since last: 1000200494 ns, Reaching safepoint: 192425 ns, At safepoint: 19816 ns, Total: 212241 ns
[2020-09-11T14:26:41.174+0000][1][safepoint    ] Safepoint "Cleanup", Time since last: 2000341215 ns, Reaching safepoint: 117379 ns, At safepoint: 6719 ns, Total: 124098 ns
[2020-09-11T14:26:45.174+0000][1][safepoint    ] Safepoint "Cleanup", Time since last: 4000509465 ns, Reaching safepoint: 86745 ns, At safepoint: 6619 ns, Total: 93364 ns
[2020-09-11T14:26:46.175+0000][1][safepoint    ] Safepoint "Cleanup", Time since last: 1000129971 ns, Reaching safepoint: 125034 ns, At safepoint: 7005 ns, Total: 132039 ns
[2020-09-11T14:26:47.175+0000][1][safepoint    ] Safepoint "Cleanup", Time since last: 1000160921 ns, Reaching safepoint: 110858 ns, At safepoint: 6950 ns, Total: 117808 ns
[2020-09-11T14:26:48.175+0000][1][safepoint    ] Safepoint "Cleanup", Time since last: 1000167091 ns, Reaching safepoint: 99530 ns, At safepoint: 6931 ns, Total: 106461 ns
[2020-09-11T14:26:50.176+0000][1][safepoint    ] Safepoint "Cleanup", Time since last: 2000194769 ns, Reaching safepoint: 328280 ns, At safepoint: 19852 ns, Total: 348132 ns
[2020-09-11T14:26:52.176+0000][1][safepoint    ] Safepoint "Cleanup", Time since last: 2000364264 ns, Reaching safepoint: 118780 ns, At safepoint: 7740 ns, Total: 126520 ns
[2020-09-11T14:26:53.176+0000][1][safepoint    ] Safepoint "Cleanup", Time since last: 1000149519 ns, Reaching safepoint: 147642 ns, At safepoint: 16551 ns, Total: 164193 ns
[2020-09-11T14:26:54.177+0000][1][safepoint    ] Safepoint "Cleanup", Time since last: 1000159416 ns, Reaching safepoint: 88457 ns, At safepoint: 7249 ns, Total: 95706 ns
[2020-09-11T14:26:55.177+0000][1][safepoint    ] Safepoint "Cleanup", Time since last: 1000167130 ns, Reaching safepoint: 104471 ns, At safepoint: 7056 ns, Total: 111527 ns
[2020-09-11T14:26:56.177+0000][1][safepoint    ] Safepoint "Cleanup", Time since last: 1000133581 ns, Reaching safepoint: 167858 ns, At safepoint: 21837 ns, Total: 189695 ns
[2020-09-11T14:26:57.309+0000][1][safepoint    ] Safepoint "RevokeBias", Time since last: 1131434066 ns, Reaching safepoint: 296045 ns, At safepoint: 60005 ns, Total: 356050 ns
[2020-09-11T14:26:58.490+0000][1][gc,start     ] GC(73) Pause Young (Allocation Failure)
[2020-09-11T14:26:58.490+0000][1][gc,task      ] GC(73) Using 1 workers of 1 for evacuation
[2020-09-11T14:26:58.506+0000][1][gc,age       ] GC(73) Desired survivor size 4358144 bytes, new threshold 6 (max threshold 6)
[2020-09-11T14:26:58.506+0000][1][gc,age       ] GC(73) Age table with threshold 6 (max threshold 6)
[2020-09-11T14:26:58.506+0000][1][gc,age       ] GC(73) - age   1:      48112 bytes,      48112 total
[2020-09-11T14:26:58.506+0000][1][gc,age       ] GC(73) - age   2:     132216 bytes,     180328 total
[2020-09-11T14:26:58.506+0000][1][gc,age       ] GC(73) - age   3:     415000 bytes,     595328 total
[2020-09-11T14:26:58.506+0000][1][gc,age       ] GC(73) - age   4:      65512 bytes,     660840 total
[2020-09-11T14:26:58.506+0000][1][gc,age       ] GC(73) - age   5:     190184 bytes,     851024 total
[2020-09-11T14:26:58.506+0000][1][gc,age       ] GC(73) - age   6:    1380864 bytes,    2231888 total
[2020-09-11T14:26:58.506+0000][1][gc,heap      ] GC(73) ParNew: 72678K->3403K(76672K)
[2020-09-11T14:26:58.506+0000][1][gc,heap      ] GC(73) CMS: 65587K->67242K(439104K)
[2020-09-11T14:26:58.506+0000][1][gc,metaspace ] GC(73) Metaspace: 84652K->84652K(1126400K)
[2020-09-11T14:26:58.506+0000][1][gc           ] GC(73) Pause Young (Allocation Failure) 135M->68M(503M) 15.702ms
[2020-09-11T14:26:58.506+0000][1][gc,cpu       ] GC(73) User=0.01s Sys=0.00s Real=0.02s
[2020-09-11T14:26:58.506+0000][1][safepoint    ] Safepoint "GenCollectForAllocation", Time since last: 1181098349 ns, Reaching safepoint: 202536 ns, At safepoint: 15778328 ns, Total: 15980864 ns
[2020-09-11T14:26:59.513+0000][1][safepoint    ] Safepoint "Cleanup", Time since last: 1006450050 ns, Reaching safepoint: 76309 ns, At safepoint: 5627 ns, Total: 81936 ns
[2020-09-11T14:27:00.513+0000][1][safepoint    ] Safepoint "Cleanup", Time since last: 1000486798 ns, Reaching safepoint: 92604 ns, At safepoint: 5890 ns, Total: 98494 ns
[2020-09-11T14:27:02.515+0000][1][safepoint    ] Safepoint "Cleanup", Time since last: 2001370364 ns, Reaching safepoint: 247360 ns, At safepoint: 22422 ns, Total: 269782 ns
[2020-09-11T14:27:03.515+0000][1][safepoint    ] Safepoint "Cleanup", Time since last: 1000216021 ns, Reaching safepoint: 157758 ns, At safepoint: 16923 ns, Total: 174681 ns
[2020-09-11T14:27:04.516+0000][1][safepoint    ] Safepoint "Cleanup", Time since last: 1000202344 ns, Reaching safepoint: 175489 ns, At safepoint: 17470 ns, Total: 192959 ns
[2020-09-11T14:27:05.516+0000][1][safepoint    ] Safepoint "Cleanup", Time since last: 1000217123 ns, Reaching safepoint: 111076 ns, At safepoint: 7831 ns, Total: 118907 ns
[2020-09-11T14:27:12.517+0000][1][safepoint    ] Safepoint "Cleanup", Time since last: 7000911278 ns, Reaching safepoint: 160211 ns, At safepoint: 16812 ns, Total: 177023 ns
[2020-09-11T14:27:14.518+0000][1][safepoint    ] Safepoint "Cleanup", Time since last: 2000352195 ns, Reaching safepoint: 166438 ns, At safepoint: 17858 ns, Total: 184296 ns
[2020-09-11T14:27:20.519+0000][1][safepoint    ] Safepoint "Cleanup", Time since last: 6000879999 ns, Reaching safepoint: 115755 ns, At safepoint: 7240 ns, Total: 122995 ns
[2020-09-11T14:27:23.519+0000][1][safepoint    ] Safepoint "Cleanup", Time since last: 3000451453 ns, Reaching safepoint: 210380 ns, At safepoint: 18235 ns, Total: 228615 ns
[2020-09-11T14:27:24.520+0000][1][safepoint    ] Safepoint "Cleanup", Time since last: 1000226966 ns, Reaching safepoint: 84208 ns, At safepoint: 6456 ns, Total: 90664 ns
[2020-09-11T14:27:26.520+0000][1][safepoint    ] Safepoint "Cleanup", Time since last: 2000303069 ns, Reaching safepoint: 167801 ns, At safepoint: 17915 ns, Total: 185716 ns
[2020-09-11T14:27:30.521+0000][1][safepoint    ] Safepoint "Cleanup", Time since last: 4000612054 ns, Reaching safepoint: 107645 ns, At safepoint: 6374 ns, Total: 114019 ns
[2020-09-11T14:27:33.522+0000][1][safepoint    ] Safepoint "Cleanup", Time since last: 3000475369 ns, Reaching safepoint: 154965 ns, At safepoint: 18493 ns, Total: 173458 ns
[2020-09-11T14:27:34.522+0000][1][safepoint    ] Safepoint "Cleanup", Time since last: 1000221300 ns, Reaching safepoint: 158126 ns, At safepoint: 17504 ns, Total: 175630 ns
[2020-09-11T14:27:36.522+0000][1][safepoint    ] Safepoint "Cleanup", Time since last: 2000369419 ns, Reaching safepoint: 115325 ns, At safepoint: 6889 ns, Total: 122214 ns
[2020-09-11T14:27:38.523+0000][1][safepoint    ] Safepoint "Cleanup", Time since last: 2000308431 ns, Reaching safepoint: 209400 ns, At safepoint: 18216 ns, Total: 227616 ns
[2020-09-11T14:27:39.523+0000][1][safepoint    ] Safepoint "Cleanup", Time since last: 1000234757 ns, Reaching safepoint: 167822 ns, At safepoint: 18409 ns, Total: 186231 ns
[2020-09-11T14:27:41.524+0000][1][safepoint    ] Safepoint "Cleanup", Time since last: 2000372449 ns, Reaching safepoint: 111031 ns, At safepoint: 7541 ns, Total: 118572 ns
[2020-09-11T14:27:42.524+0000][1][safepoint    ] Safepoint "Cleanup", Time since last: 1000135535 ns, Reaching safepoint: 128544 ns, At safepoint: 6317 ns, Total: 134861 ns
[2020-09-11T14:27:43.524+0000][1][safepoint    ] Safepoint "Cleanup", Time since last: 1000188430 ns, Reaching safepoint: 158548 ns, At safepoint: 17540 ns, Total: 176088 ns
[2020-09-11T14:27:43.577+0000][1][gc,start     ] GC(74) Pause Young (Allocation Failure)
[2020-09-11T14:27:43.578+0000][1][gc,task      ] GC(74) Using 1 workers of 1 for evacuation
[2020-09-11T14:27:43.589+0000][1][gc,age       ] GC(74) Desired survivor size 4358144 bytes, new threshold 6 (max threshold 6)
[2020-09-11T14:27:43.589+0000][1][gc,age       ] GC(74) Age table with threshold 6 (max threshold 6)
[2020-09-11T14:27:43.589+0000][1][gc,age       ] GC(74) - age   1:      49496 bytes,      49496 total
[2020-09-11T14:27:43.589+0000][1][gc,age       ] GC(74) - age   2:      13920 bytes,      63416 total
[2020-09-11T14:27:43.589+0000][1][gc,age       ] GC(74) - age   3:     127592 bytes,     191008 total
[2020-09-11T14:27:43.589+0000][1][gc,age       ] GC(74) - age   4:     414376 bytes,     605384 total
[2020-09-11T14:27:43.589+0000][1][gc,age       ] GC(74) - age   5:      65512 bytes,     670896 total
[2020-09-11T14:27:43.589+0000][1][gc,age       ] GC(74) - age   6:     190184 bytes,     861080 total
[2020-09-11T14:27:43.589+0000][1][gc,heap      ] GC(74) ParNew: 71563K->2485K(76672K)
[2020-09-11T14:27:43.589+0000][1][gc,heap      ] GC(74) CMS: 67242K->68623K(439104K)
[2020-09-11T14:27:43.589+0000][1][gc,metaspace ] GC(74) Metaspace: 84823K->84823K(1126400K)
[2020-09-11T14:27:43.589+0000][1][gc           ] GC(74) Pause Young (Allocation Failure) 135M->69M(503M) 11.585ms
[2020-09-11T14:27:43.589+0000][1][gc,cpu       ] GC(74) User=0.01s Sys=0.00s Real=0.01s
[2020-09-11T14:27:43.589+0000][1][safepoint    ] Safepoint "GenCollectForAllocation", Time since last: 52745474 ns, Reaching safepoint: 213580 ns, At safepoint: 11650813 ns, Total: 11864393 ns
[2020-09-11T14:27:44.592+0000][1][safepoint    ] Safepoint "Cleanup", Time since last: 1002355972 ns, Reaching safepoint: 259752 ns, At safepoint: 17778 ns, Total: 277530 ns
[2020-09-11T14:27:47.592+0000][1][safepoint    ] Safepoint "Cleanup", Time since last: 3000412511 ns, Reaching safepoint: 121785 ns, At safepoint: 6230 ns, Total: 128015 ns
[2020-09-11T14:27:48.593+0000][1][safepoint    ] Safepoint "Cleanup", Time since last: 1000104676 ns, Reaching safepoint: 202288 ns, At safepoint: 7635 ns, Total: 209923 ns
[2020-09-11T14:27:51.593+0000][1][safepoint    ] Safepoint "Cleanup", Time since last: 3000387708 ns, Reaching safepoint: 199939 ns, At safepoint: 18339 ns, Total: 218278 ns
[2020-09-11T14:27:52.594+0000][1][safepoint    ] Safepoint "Cleanup", Time since last: 1000217508 ns, Reaching safepoint: 194413 ns, At safepoint: 28872 ns, Total: 223285 ns
[2020-09-11T14:27:55.594+0000][1][safepoint    ] Safepoint "Cleanup", Time since last: 3000436606 ns, Reaching safepoint: 112392 ns, At safepoint: 8750 ns, Total: 121142 ns
[2020-09-11T14:27:56.594+0000][1][safepoint    ] Safepoint "Cleanup", Time since last: 1000189320 ns, Reaching safepoint: 111376 ns, At safepoint: 7252 ns, Total: 118628 ns
[2020-09-11T14:27:57.595+0000][1][safepoint    ] Safepoint "Cleanup", Time since last: 1000172174 ns, Reaching safepoint: 163422 ns, At safepoint: 16969 ns, Total: 180391 ns
[2020-09-11T14:28:00.596+0000][1][safepoint    ] Safepoint "Cleanup", Time since last: 3000519141 ns, Reaching safepoint: 193951 ns, At safepoint: 17270 ns, Total: 211221 ns
[2020-09-11T14:28:10.597+0000][1][safepoint    ] Safepoint "Cleanup", Time since last: 10001356435 ns, Reaching safepoint: 188746 ns, At safepoint: 18890 ns, Total: 207636 ns
[2020-09-11T14:28:11.598+0000][1][safepoint    ] Safepoint "Cleanup", Time since last: 1000242400 ns, Reaching safepoint: 188984 ns, At safepoint: 18095 ns, Total: 207079 ns
[2020-09-11T14:28:12.598+0000][1][safepoint    ] Safepoint "Cleanup", Time since last: 1000181664 ns, Reaching safepoint: 168867 ns, At safepoint: 19254 ns, Total: 188121 ns
[2020-09-11T14:28:13.598+0000][1][safepoint    ] Safepoint "Cleanup", Time since last: 1000238567 ns, Reaching safepoint: 105810 ns, At safepoint: 6836 ns, Total: 112646 ns
[2020-09-11T14:28:14.599+0000][1][safepoint    ] Safepoint "Cleanup", Time since last: 1000169446 ns, Reaching safepoint: 187603 ns, At safepoint: 19094 ns, Total: 206697 ns
[2020-09-11T14:28:15.599+0000][1][safepoint    ] Safepoint "Cleanup", Time since last: 1000235175 ns, Reaching safepoint: 116809 ns, At safepoint: 6387 ns, Total: 123196 ns
[2020-09-11T14:28:16.599+0000][1][safepoint    ] Safepoint "Cleanup", Time since last: 1000143756 ns, Reaching safepoint: 143128 ns, At safepoint: 16355 ns, Total: 159483 ns
[2020-09-11T14:28:17.600+0000][1][safepoint    ] Safepoint "Cleanup", Time since last: 1000393600 ns, Reaching safepoint: 149853 ns, At safepoint: 15382 ns, Total: 165235 ns
[2020-09-11T14:28:18.600+0000][1][safepoint    ] Safepoint "Cleanup", Time since last: 1000209333 ns, Reaching safepoint: 181096 ns, At safepoint: 20189 ns, Total: 201285 ns
[2020-09-11T14:28:19.601+0000][1][safepoint    ] Safepoint "Cleanup", Time since last: 1000220139 ns, Reaching safepoint: 109622 ns, At safepoint: 6778 ns, Total: 116400 ns
[2020-09-11T14:28:22.601+0000][1][safepoint    ] Safepoint "Cleanup", Time since last: 3000471064 ns, Reaching safepoint: 182599 ns, At safepoint: 17721 ns, Total: 200320 ns
[2020-09-11T14:28:23.602+0000][1][safepoint    ] Safepoint "Cleanup", Time since last: 1000203304 ns, Reaching safepoint: 147555 ns, At safepoint: 16892 ns, Total: 164447 ns
[2020-09-11T14:28:26.602+0000][1][safepoint    ] Safepoint "Cleanup", Time since last: 3000510026 ns, Reaching safepoint: 162623 ns, At safepoint: 17487 ns, Total: 180110 ns
[2020-09-11T14:28:27.603+0000][1][safepoint    ] Safepoint "Cleanup", Time since last: 1000221656 ns, Reaching safepoint: 126441 ns, At safepoint: 6805 ns, Total: 133246 ns
[2020-09-11T14:28:28.671+0000][1][gc,start     ] GC(75) Pause Young (Allocation Failure)
[2020-09-11T14:28:28.671+0000][1][gc,task      ] GC(75) Using 1 workers of 1 for evacuation
[2020-09-11T14:28:28.677+0000][1][gc,age       ] GC(75) Desired survivor size 4358144 bytes, new threshold 6 (max threshold 6)
[2020-09-11T14:28:28.677+0000][1][gc,age       ] GC(75) Age table with threshold 6 (max threshold 6)
[2020-09-11T14:28:28.677+0000][1][gc,age       ] GC(75) - age   1:      47880 bytes,      47880 total
[2020-09-11T14:28:28.677+0000][1][gc,age       ] GC(75) - age   2:      14056 bytes,      61936 total
[2020-09-11T14:28:28.677+0000][1][gc,age       ] GC(75) - age   3:       6224 bytes,      68160 total
[2020-09-11T14:28:28.677+0000][1][gc,age       ] GC(75) - age   4:     127592 bytes,     195752 total
[2020-09-11T14:28:28.677+0000][1][gc,age       ] GC(75) - age   5:     414376 bytes,     610128 total
[2020-09-11T14:28:28.677+0000][1][gc,age       ] GC(75) - age   6:      65512 bytes,     675640 total
[2020-09-11T14:28:28.677+0000][1][gc,heap      ] GC(75) ParNew: 70645K->831K(76672K)
[2020-09-11T14:28:28.677+0000][1][gc,heap      ] GC(75) CMS: 68623K->68811K(439104K)
[2020-09-11T14:28:28.677+0000][1][gc,metaspace ] GC(75) Metaspace: 84880K->84880K(1126400K)
[2020-09-11T14:28:28.677+0000][1][gc           ] GC(75) Pause Young (Allocation Failure) 136M->68M(503M) 6.506ms
[2020-09-11T14:28:28.677+0000][1][gc,cpu       ] GC(75) User=0.01s Sys=0.00s Real=0.01s
[2020-09-11T14:28:28.677+0000][1][safepoint    ] Safepoint "GenCollectForAllocation", Time since last: 1067963037 ns, Reaching safepoint: 197676 ns, At safepoint: 6571764 ns, Total: 6769440 ns
[2020-09-11T14:28:29.682+0000][1][safepoint    ] Safepoint "Cleanup", Time since last: 1003540723 ns, Reaching safepoint: 200003 ns, At safepoint: 837232 ns, Total: 1037235 ns
[2020-09-11T14:28:30.682+0000][1][safepoint    ] Safepoint "Cleanup", Time since last: 1000134309 ns, Reaching safepoint: 164979 ns, At safepoint: 14330 ns, Total: 179309 ns
[2020-09-11T14:28:32.686+0000][1][safepoint    ] Safepoint "Cleanup", Time since last: 2003524690 ns, Reaching safepoint: 105182 ns, At safepoint: 6776 ns, Total: 111958 ns
[2020-09-11T14:28:33.687+0000][1][safepoint    ] Safepoint "Cleanup", Time since last: 1000138393 ns, Reaching safepoint: 721091 ns, At safepoint: 21987 ns, Total: 743078 ns
[2020-09-11T14:28:37.688+0000][1][safepoint    ] Safepoint "Cleanup", Time since last: 4000706151 ns, Reaching safepoint: 159770 ns, At safepoint: 17925 ns, Total: 177695 ns
[2020-09-11T14:28:45.689+0000][1][safepoint    ] Safepoint "Cleanup", Time since last: 8001136529 ns, Reaching safepoint: 154250 ns, At safepoint: 7426 ns, Total: 161676 ns
[2020-09-11T14:28:49.690+0000][1][safepoint    ] Safepoint "Cleanup", Time since last: 4000490434 ns, Reaching safepoint: 193070 ns, At safepoint: 17954 ns, Total: 211024 ns
[2020-09-11T14:28:50.690+0000][1][safepoint    ] Safepoint "Cleanup", Time since last: 1000224170 ns, Reaching safepoint: 199481 ns, At safepoint: 16662 ns, Total: 216143 ns
[2020-09-11T14:28:51.691+0000][1][safepoint    ] Safepoint "Cleanup", Time since last: 1000186988 ns, Reaching safepoint: 160833 ns, At safepoint: 17780 ns, Total: 178613 ns
[2020-09-11T14:28:52.691+0000][1][safepoint    ] Safepoint "Cleanup", Time since last: 1000197553 ns, Reaching safepoint: 156906 ns, At safepoint: 18018 ns, Total: 174924 ns
[2020-09-11T14:28:55.692+0000][1][safepoint    ] Safepoint "Cleanup", Time since last: 3000509547 ns, Reaching safepoint: 165092 ns, At safepoint: 18703 ns, Total: 183795 ns
[2020-09-11T14:28:56.692+0000][1][safepoint    ] Safepoint "Cleanup", Time since last: 1000190753 ns, Reaching safepoint: 171637 ns, At safepoint: 18011 ns, Total: 189648 ns
[2020-09-11T14:28:59.693+0000][1][safepoint    ] Safepoint "Cleanup", Time since last: 3000499893 ns, Reaching safepoint: 110326 ns, At safepoint: 7618 ns, Total: 117944 ns
[2020-09-11T14:29:03.693+0000][1][safepoint    ] Safepoint "Cleanup", Time since last: 4000588822 ns, Reaching safepoint: 112472 ns, At safepoint: 7206 ns, Total: 119678 ns
[2020-09-11T14:29:04.694+0000][1][safepoint    ] Safepoint "Cleanup", Time since last: 1000208454 ns, Reaching safepoint: 96283 ns, At safepoint: 6656 ns, Total: 102939 ns
[2020-09-11T14:29:06.694+0000][1][safepoint    ] Safepoint "Cleanup", Time since last: 2000321140 ns, Reaching safepoint: 150906 ns, At safepoint: 16765 ns, Total: 167671 ns
[2020-09-11T14:29:10.695+0000][1][safepoint    ] Safepoint "Cleanup", Time since last: 4000613452 ns, Reaching safepoint: 106569 ns, At safepoint: 6605 ns, Total: 113174 ns
[2020-09-11T14:29:12.695+0000][1][safepoint    ] Safepoint "Cleanup", Time since last: 2000321112 ns, Reaching safepoint: 158460 ns, At safepoint: 16758 ns, Total: 175218 ns
[2020-09-11T14:29:13.696+0000][1][safepoint    ] Safepoint "Cleanup", Time since last: 1000244330 ns, Reaching safepoint: 162436 ns, At safepoint: 17795 ns, Total: 180231 ns
[2020-09-11T14:29:13.739+0000][1][gc,start     ] GC(76) Pause Young (Allocation Failure)
[2020-09-11T14:29:13.739+0000][1][gc,task      ] GC(76) Using 1 workers of 1 for evacuation
[2020-09-11T14:29:13.745+0000][1][gc,age       ] GC(76) Desired survivor size 4358144 bytes, new threshold 6 (max threshold 6)
[2020-09-11T14:29:13.745+0000][1][gc,age       ] GC(76) Age table with threshold 6 (max threshold 6)
[2020-09-11T14:29:13.745+0000][1][gc,age       ] GC(76) - age   1:      45488 bytes,      45488 total
[2020-09-11T14:29:13.745+0000][1][gc,age       ] GC(76) - age   2:      11728 bytes,      57216 total
[2020-09-11T14:29:13.745+0000][1][gc,age       ] GC(76) - age   3:       9096 bytes,      66312 total
[2020-09-11T14:29:13.745+0000][1][gc,age       ] GC(76) - age   4:       6224 bytes,      72536 total
[2020-09-11T14:29:13.745+0000][1][gc,age       ] GC(76) - age   5:     127592 bytes,     200128 total
[2020-09-11T14:29:13.745+0000][1][gc,age       ] GC(76) - age   6:     414376 bytes,     614504 total
[2020-09-11T14:29:13.745+0000][1][gc,heap      ] GC(76) ParNew: 68991K->702K(76672K)
[2020-09-11T14:29:13.745+0000][1][gc,heap      ] GC(76) CMS: 68811K->68875K(439104K)
[2020-09-11T14:29:13.745+0000][1][gc,metaspace ] GC(76) Metaspace: 84921K->84921K(1126400K)
[2020-09-11T14:29:13.745+0000][1][gc           ] GC(76) Pause Young (Allocation Failure) 134M->67M(503M) 6.733ms
[2020-09-11T14:29:13.745+0000][1][gc,cpu       ] GC(76) User=0.01s Sys=0.00s Real=0.01s
[2020-09-11T14:29:13.745+0000][1][safepoint    ] Safepoint "GenCollectForAllocation", Time since last: 42460376 ns, Reaching safepoint: 248338 ns, At safepoint: 6807604 ns, Total: 7055942 ns
[2020-09-11T14:29:15.749+0000][1][safepoint    ] Safepoint "Cleanup", Time since last: 2003412496 ns, Reaching safepoint: 205444 ns, At safepoint: 6546 ns, Total: 211990 ns
[2020-09-11T14:29:16.750+0000][1][safepoint    ] Safepoint "Cleanup", Time since last: 1000411631 ns, Reaching safepoint: 162833 ns, At safepoint: 15643 ns, Total: 178476 ns
[2020-09-11T14:29:18.750+0000][1][safepoint    ] Safepoint "Cleanup", Time since last: 2000286250 ns, Reaching safepoint: 398748 ns, At safepoint: 20584 ns, Total: 419332 ns
[2020-09-11T14:29:23.751+0000][1][safepoint    ] Safepoint "Cleanup", Time since last: 5000674107 ns, Reaching safepoint: 142454 ns, At safepoint: 7963 ns, Total: 150417 ns
[2020-09-11T14:29:24.751+0000][1][safepoint    ] Safepoint "Cleanup", Time since last: 1000164096 ns, Reaching safepoint: 121129 ns, At safepoint: 7367 ns, Total: 128496 ns
[2020-09-11T14:29:29.752+0000][1][safepoint    ] Safepoint "Cleanup", Time since last: 5000741953 ns, Reaching safepoint: 122083 ns, At safepoint: 7328 ns, Total: 129411 ns
[2020-09-11T14:29:30.820+0000][1][safepoint    ] Safepoint "RevokeBias", Time since last: 1065490143 ns, Reaching safepoint: 1870277 ns, At safepoint: 52003 ns, Total: 1922280 ns
[2020-09-11T14:29:30.828+0000][1][safepoint    ] Safepoint "RevokeBias", Time since last: 8129822 ns, Reaching safepoint: 157545 ns, At safepoint: 19902 ns, Total: 177447 ns
[2020-09-11T14:29:30.828+0000][1][safepoint    ] Safepoint "RevokeBias", Time since last: 98582 ns, Reaching safepoint: 106494 ns, At safepoint: 12271 ns, Total: 118765 ns
[2020-09-11T14:29:30.828+0000][1][safepoint    ] Safepoint "RevokeBias", Time since last: 56754 ns, Reaching safepoint: 114059 ns, At safepoint: 11141 ns, Total: 125200 ns
[2020-09-11T14:29:30.828+0000][1][safepoint    ] Safepoint "RevokeBias", Time since last: 38144 ns, Reaching safepoint: 104031 ns, At safepoint: 10824 ns, Total: 114855 ns
[2020-09-11T14:29:30.829+0000][1][safepoint    ] Safepoint "RevokeBias", Time since last: 67736 ns, Reaching safepoint: 103271 ns, At safepoint: 10822 ns, Total: 114093 ns
[2020-09-11T14:29:30.830+0000][1][safepoint    ] Safepoint "RevokeBias", Time since last: 533052 ns, Reaching safepoint: 776672 ns, At safepoint: 15064 ns, Total: 791736 ns
[2020-09-11T14:29:30.836+0000][1][safepoint    ] Safepoint "RevokeBias", Time since last: 5417123 ns, Reaching safepoint: 153222 ns, At safepoint: 19067 ns, Total: 172289 ns
[2020-09-11T14:29:30.851+0000][1][safepoint    ] Safepoint "RevokeBias", Time since last: 15106250 ns, Reaching safepoint: 167463 ns, At safepoint: 19461 ns, Total: 186924 ns
[2020-09-11T14:29:30.851+0000][1][safepoint    ] Safepoint "RevokeBias", Time since last: 81633 ns, Reaching safepoint: 106400 ns, At safepoint: 12850 ns, Total: 119250 ns
[2020-09-11T14:29:30.851+0000][1][safepoint    ] Safepoint "RevokeBias", Time since last: 47350 ns, Reaching safepoint: 104704 ns, At safepoint: 11460 ns, Total: 116164 ns
[2020-09-11T14:29:30.851+0000][1][safepoint    ] Safepoint "RevokeBias", Time since last: 39831 ns, Reaching safepoint: 126547 ns, At safepoint: 10959 ns, Total: 137506 ns
[2020-09-11T14:29:30.852+0000][1][safepoint    ] Safepoint "RevokeBias", Time since last: 54037 ns, Reaching safepoint: 102287 ns, At safepoint: 10994 ns, Total: 113281 ns
[2020-09-11T14:29:30.852+0000][1][safepoint    ] Safepoint "RevokeBias", Time since last: 121413 ns, Reaching safepoint: 106556 ns, At safepoint: 10968 ns, Total: 117524 ns
[2020-09-11T14:29:30.860+0000][1][safepoint    ] Safepoint "RevokeBias", Time since last: 8412787 ns, Reaching safepoint: 222402 ns, At safepoint: 18910 ns, Total: 241312 ns
[2020-09-11T14:29:31.004+0000][1][safepoint    ] Safepoint "RevokeBias", Time since last: 143806587 ns, Reaching safepoint: 154381 ns, At safepoint: 43236 ns, Total: 197617 ns
[2020-09-11T14:29:31.785+0000][1][safepoint    ] Safepoint "RevokeBias", Time since last: 780750143 ns, Reaching safepoint: 79498 ns, At safepoint: 20314 ns, Total: 99812 ns
[2020-09-11T14:29:32.285+0000][1][safepoint    ] Safepoint "RevokeBias", Time since last: 499656246 ns, Reaching safepoint: 160686 ns, At safepoint: 21930 ns, Total: 182616 ns
[2020-09-11T14:29:32.286+0000][1][safepoint    ] Safepoint "RevokeBias", Time since last: 546855 ns, Reaching safepoint: 110736 ns, At safepoint: 13047 ns, Total: 123783 ns
[2020-09-11T14:29:32.286+0000][1][safepoint    ] Safepoint "RevokeBias", Time since last: 53734 ns, Reaching safepoint: 31354 ns, At safepoint: 11487 ns, Total: 42841 ns
[2020-09-11T14:29:32.286+0000][1][safepoint    ] Safepoint "RevokeBias", Time since last: 35230 ns, Reaching safepoint: 30020 ns, At safepoint: 9523 ns, Total: 39543 ns
[2020-09-11T14:29:32.286+0000][1][safepoint    ] Safepoint "RevokeBias", Time since last: 142166 ns, Reaching safepoint: 33904 ns, At safepoint: 10078 ns, Total: 43982 ns
[2020-09-11T14:29:32.316+0000][1][safepoint    ] Safepoint "RevokeBias", Time since last: 28642331 ns, Reaching safepoint: 652393 ns, At safepoint: 21751 ns, Total: 674144 ns
[2020-09-11T14:29:32.316+0000][1][safepoint    ] Safepoint "RevokeBias", Time since last: 111902 ns, Reaching safepoint: 312375 ns, At safepoint: 13386 ns, Total: 325761 ns
[2020-09-11T14:29:32.316+0000][1][safepoint    ] Safepoint "RevokeBias", Time since last: 49704 ns, Reaching safepoint: 222882 ns, At safepoint: 18471 ns, Total: 241353 ns
[2020-09-11T14:29:32.317+0000][1][safepoint    ] Safepoint "RevokeBias", Time since last: 49477 ns, Reaching safepoint: 406620 ns, At safepoint: 12821 ns, Total: 419441 ns
[2020-09-11T14:29:32.317+0000][1][safepoint    ] Safepoint "RevokeBias", Time since last: 63056 ns, Reaching safepoint: 158726 ns, At safepoint: 12196 ns, Total: 170922 ns
[2020-09-11T14:29:32.317+0000][1][safepoint    ] Safepoint "RevokeBias", Time since last: 143646 ns, Reaching safepoint: 152460 ns, At safepoint: 16913 ns, Total: 169373 ns
[2020-09-11T14:29:32.322+0000][1][safepoint    ] Safepoint "RevokeBias", Time since last: 4127612 ns, Reaching safepoint: 506924 ns, At safepoint: 18579 ns, Total: 525503 ns
[2020-09-11T14:29:32.537+0000][1][safepoint    ] Safepoint "RevokeBias", Time since last: 214789673 ns, Reaching safepoint: 200077 ns, At safepoint: 21676 ns, Total: 221753 ns
[2020-09-11T14:29:32.537+0000][1][safepoint    ] Safepoint "RevokeBias", Time since last: 93083 ns, Reaching safepoint: 146748 ns, At safepoint: 14927 ns, Total: 161675 ns
[2020-09-11T14:29:32.537+0000][1][safepoint    ] Safepoint "RevokeBias", Time since last: 44304 ns, Reaching safepoint: 151453 ns, At safepoint: 12783 ns, Total: 164236 ns
[2020-09-11T14:29:32.538+0000][1][safepoint    ] Safepoint "RevokeBias", Time since last: 41385 ns, Reaching safepoint: 110662 ns, At safepoint: 12273 ns, Total: 122935 ns
[2020-09-11T14:29:32.539+0000][1][safepoint    ] Safepoint "RevokeBias", Time since last: 1202694 ns, Reaching safepoint: 159279 ns, At safepoint: 14395 ns, Total: 173674 ns
[2020-09-11T14:29:32.564+0000][1][safepoint    ] Safepoint "RevokeBias", Time since last: 25290523 ns, Reaching safepoint: 199263 ns, At safepoint: 20580 ns, Total: 219843 ns
[2020-09-11T14:29:32.565+0000][1][safepoint    ] Safepoint "RevokeBias", Time since last: 173956 ns, Reaching safepoint: 123936 ns, At safepoint: 13911 ns, Total: 137847 ns
[2020-09-11T14:29:32.569+0000][1][safepoint    ] Safepoint "RevokeBias", Time since last: 3740992 ns, Reaching safepoint: 191336 ns, At safepoint: 17901 ns, Total: 209237 ns
[2020-09-11T14:29:32.569+0000][1][safepoint    ] Safepoint "RevokeBias", Time since last: 355360 ns, Reaching safepoint: 157648 ns, At safepoint: 14972 ns, Total: 172620 ns
[2020-09-11T14:29:32.569+0000][1][safepoint    ] Safepoint "RevokeBias", Time since last: 51349 ns, Reaching safepoint: 153925 ns, At safepoint: 13000 ns, Total: 166925 ns
[2020-09-11T14:29:32.570+0000][1][safepoint    ] Safepoint "RevokeBias", Time since last: 40791 ns, Reaching safepoint: 148547 ns, At safepoint: 12808 ns, Total: 161355 ns
[2020-09-11T14:29:32.571+0000][1][safepoint    ] Safepoint "RevokeBias", Time since last: 143184 ns, Reaching safepoint: 812475 ns, At safepoint: 17352 ns, Total: 829827 ns
[2020-09-11T14:29:32.796+0000][1][safepoint    ] Safepoint "RevokeBias", Time since last: 224825461 ns, Reaching safepoint: 276555 ns, At safepoint: 48017 ns, Total: 324572 ns
[2020-09-11T14:29:32.799+0000][1][safepoint    ] Safepoint "RevokeBias", Time since last: 3539677 ns, Reaching safepoint: 135591 ns, At safepoint: 35548 ns, Total: 171139 ns
[2020-09-11T14:29:32.801+0000][1][safepoint    ] Safepoint "RevokeBias", Time since last: 1929980 ns, Reaching safepoint: 49749 ns, At safepoint: 15875 ns, Total: 65624 ns
[2020-09-11T14:29:32.941+0000][1][safepoint    ] Safepoint "RevokeBias", Time since last: 139294526 ns, Reaching safepoint: 78007 ns, At safepoint: 18811 ns, Total: 96818 ns
[2020-09-11T14:29:36.942+0000][1][safepoint    ] Safepoint "Cleanup", Time since last: 4000591378 ns, Reaching safepoint: 158861 ns, At safepoint: 18302 ns, Total: 177163 ns
[2020-09-11T14:29:48.811+0000][1][gc,start     ] GC(77) Pause Young (Allocation Failure)
[2020-09-11T14:29:48.811+0000][1][gc,task      ] GC(77) Using 1 workers of 1 for evacuation
[2020-09-11T14:29:48.817+0000][1][gc,age       ] GC(77) Desired survivor size 4358144 bytes, new threshold 6 (max threshold 6)
[2020-09-11T14:29:48.817+0000][1][gc,age       ] GC(77) Age table with threshold 6 (max threshold 6)
[2020-09-11T14:29:48.817+0000][1][gc,age       ] GC(77) - age   1:     122560 bytes,     122560 total
[2020-09-11T14:29:48.817+0000][1][gc,age       ] GC(77) - age   2:       7344 bytes,     129904 total
[2020-09-11T14:29:48.817+0000][1][gc,age       ] GC(77) - age   3:       5392 bytes,     135296 total
[2020-09-11T14:29:48.817+0000][1][gc,age       ] GC(77) - age   4:       8976 bytes,     144272 total
[2020-09-11T14:29:48.817+0000][1][gc,age       ] GC(77) - age   5:       6224 bytes,     150496 total
[2020-09-11T14:29:48.817+0000][1][gc,age       ] GC(77) - age   6:     122312 bytes,     272808 total
[2020-09-11T14:29:48.817+0000][1][gc,heap      ] GC(77) ParNew: 68862K->625K(76672K)
[2020-09-11T14:29:48.817+0000][1][gc,heap      ] GC(77) CMS: 68875K->69298K(439104K)
[2020-09-11T14:29:48.817+0000][1][gc,metaspace ] GC(77) Metaspace: 85038K->85038K(1128448K)
[2020-09-11T14:29:48.817+0000][1][gc           ] GC(77) Pause Young (Allocation Failure) 134M->68M(503M) 6.551ms
[2020-09-11T14:29:48.817+0000][1][gc,cpu       ] GC(77) User=0.00s Sys=0.00s Real=0.01s
[2020-09-11T14:29:48.817+0000][1][safepoint    ] Safepoint "GenCollectForAllocation", Time since last: 11868857466 ns, Reaching safepoint: 200453 ns, At safepoint: 6617371 ns, Total: 6817824 ns
[2020-09-11T14:29:49.819+0000][1][safepoint    ] Safepoint "Cleanup", Time since last: 1001491782 ns, Reaching safepoint: 151899 ns, At safepoint: 43757 ns, Total: 195656 ns
[2020-09-11T14:29:50.820+0000][1][safepoint    ] Safepoint "Cleanup", Time since last: 1000333802 ns, Reaching safepoint: 212167 ns, At safepoint: 14664 ns, Total: 226831 ns
[2020-09-11T14:29:51.820+0000][1][safepoint    ] Safepoint "Cleanup", Time since last: 1000379868 ns, Reaching safepoint: 157120 ns, At safepoint: 15519 ns, Total: 172639 ns
[2020-09-11T14:29:54.821+0000][1][safepoint    ] Safepoint "Cleanup", Time since last: 3000552376 ns, Reaching safepoint: 116027 ns, At safepoint: 6646 ns, Total: 122673 ns
[2020-09-11T14:29:59.822+0000][1][safepoint    ] Safepoint "Cleanup", Time since last: 5000675222 ns, Reaching safepoint: 122997 ns, At safepoint: 7487 ns, Total: 130484 ns
[2020-09-11T14:30:00.822+0000][1][safepoint    ] Safepoint "Cleanup", Time since last: 1000178094 ns, Reaching safepoint: 170187 ns, At safepoint: 16708 ns, Total: 186895 ns
[2020-09-11T14:30:15.824+0000][1][safepoint    ] Safepoint "Cleanup", Time since last: 15001972657 ns, Reaching safepoint: 120151 ns, At safepoint: 7363 ns, Total: 127514 ns
[2020-09-11T14:30:19.825+0000][1][safepoint    ] Safepoint "Cleanup", Time since last: 4000551458 ns, Reaching safepoint: 170127 ns, At safepoint: 17928 ns, Total: 188055 ns
[2020-09-11T14:30:26.826+0000][1][safepoint    ] Safepoint "Cleanup", Time since last: 7000971244 ns, Reaching safepoint: 129569 ns, At safepoint: 7374 ns, Total: 136943 ns
[2020-09-11T14:30:29.826+0000][1][safepoint    ] Safepoint "Cleanup", Time since last: 3000354024 ns, Reaching safepoint: 124232 ns, At safepoint: 6978 ns, Total: 131210 ns
[2020-09-11T14:30:32.827+0000][1][safepoint    ] Safepoint "Cleanup", Time since last: 3000386701 ns, Reaching safepoint: 163840 ns, At safepoint: 18469 ns, Total: 182309 ns
[2020-09-11T14:30:33.886+0000][1][gc,start     ] GC(78) Pause Young (Allocation Failure)
[2020-09-11T14:30:33.886+0000][1][gc,task      ] GC(78) Using 1 workers of 1 for evacuation
[2020-09-11T14:30:33.891+0000][1][gc,age       ] GC(78) Desired survivor size 4358144 bytes, new threshold 6 (max threshold 6)
[2020-09-11T14:30:33.891+0000][1][gc,age       ] GC(78) Age table with threshold 6 (max threshold 6)
[2020-09-11T14:30:33.891+0000][1][gc,age       ] GC(78) - age   1:      48880 bytes,      48880 total
[2020-09-11T14:30:33.891+0000][1][gc,age       ] GC(78) - age   2:      79872 bytes,     128752 total
[2020-09-11T14:30:33.891+0000][1][gc,age       ] GC(78) - age   3:       4320 bytes,     133072 total
[2020-09-11T14:30:33.891+0000][1][gc,age       ] GC(78) - age   4:       4032 bytes,     137104 total
[2020-09-11T14:30:33.891+0000][1][gc,age       ] GC(78) - age   5:       8976 bytes,     146080 total
[2020-09-11T14:30:33.891+0000][1][gc,age       ] GC(78) - age   6:       6224 bytes,     152304 total
[2020-09-11T14:30:33.891+0000][1][gc,heap      ] GC(78) ParNew: 68785K->256K(76672K)
[2020-09-11T14:30:33.891+0000][1][gc,heap      ] GC(78) CMS: 69298K->69420K(439104K)
[2020-09-11T14:30:33.891+0000][1][gc,metaspace ] GC(78) Metaspace: 85064K->85064K(1128448K)
[2020-09-11T14:30:33.891+0000][1][gc           ] GC(78) Pause Young (Allocation Failure) 134M->68M(503M) 5.238ms
[2020-09-11T14:30:33.891+0000][1][gc,cpu       ] GC(78) User=0.00s Sys=0.01s Real=0.00s
[2020-09-11T14:30:33.891+0000][1][safepoint    ] Safepoint "GenCollectForAllocation", Time since last: 1059009736 ns, Reaching safepoint: 220161 ns, At safepoint: 5299794 ns, Total: 5519955 ns
[2020-09-11T14:30:35.895+0000][1][safepoint    ] Safepoint "Cleanup", Time since last: 2003659257 ns, Reaching safepoint: 79987 ns, At safepoint: 5605 ns, Total: 85592 ns
[2020-09-11T14:30:36.896+0000][1][safepoint    ] Safepoint "Cleanup", Time since last: 1000189147 ns, Reaching safepoint: 158347 ns, At safepoint: 18352 ns, Total: 176699 ns
[2020-09-11T14:30:42.899+0000][1][safepoint    ] Safepoint "Cleanup", Time since last: 6002838060 ns, Reaching safepoint: 137857 ns, At safepoint: 7667 ns, Total: 145524 ns
[2020-09-11T14:30:43.899+0000][1][safepoint    ] Safepoint "Cleanup", Time since last: 1000175712 ns, Reaching safepoint: 111673 ns, At safepoint: 7022 ns, Total: 118695 ns
[2020-09-11T14:30:44.899+0000][1][safepoint    ] Safepoint "Cleanup", Time since last: 1000195754 ns, Reaching safepoint: 117302 ns, At safepoint: 7401 ns, Total: 124703 ns
[2020-09-11T14:30:47.900+0000][1][safepoint    ] Safepoint "Cleanup", Time since last: 3000458039 ns, Reaching safepoint: 120572 ns, At safepoint: 7138 ns, Total: 127710 ns
[2020-09-11T14:30:49.900+0000][1][safepoint    ] Safepoint "Cleanup", Time since last: 2000320292 ns, Reaching safepoint: 158701 ns, At safepoint: 18118 ns, Total: 176819 ns
[2020-09-11T14:30:51.901+0000][1][safepoint    ] Safepoint "Cleanup", Time since last: 2000314568 ns, Reaching safepoint: 151561 ns, At safepoint: 16004 ns, Total: 167565 ns
[2020-09-11T14:30:52.901+0000][1][safepoint    ] Safepoint "Cleanup", Time since last: 1000198626 ns, Reaching safepoint: 113664 ns, At safepoint: 7406 ns, Total: 121070 ns
[2020-09-11T14:30:54.901+0000][1][safepoint    ] Safepoint "Cleanup", Time since last: 2000283509 ns, Reaching safepoint: 111766 ns, At safepoint: 8942 ns, Total: 120708 ns
[2020-09-11T14:30:56.902+0000][1][safepoint    ] Safepoint "Cleanup", Time since last: 2000241763 ns, Reaching safepoint: 165326 ns, At safepoint: 17964 ns, Total: 183290 ns
[2020-09-11T14:30:57.903+0000][1][safepoint    ] Safepoint "Cleanup", Time since last: 1001204767 ns, Reaching safepoint: 147542 ns, At safepoint: 16956 ns, Total: 164498 ns
[2020-09-11T14:30:59.904+0000][1][safepoint    ] Safepoint "Cleanup", Time since last: 2000420196 ns, Reaching safepoint: 113737 ns, At safepoint: 7575 ns, Total: 121312 ns
[2020-09-11T14:31:02.904+0000][1][safepoint    ] Safepoint "Cleanup", Time since last: 3000459222 ns, Reaching safepoint: 105011 ns, At safepoint: 7148 ns, Total: 112159 ns
[2020-09-11T14:31:04.905+0000][1][safepoint    ] Safepoint "Cleanup", Time since last: 2000316781 ns, Reaching safepoint: 122799 ns, At safepoint: 7437 ns, Total: 130236 ns
[2020-09-11T14:31:09.906+0000][1][safepoint    ] Safepoint "Cleanup", Time since last: 5000604670 ns, Reaching safepoint: 89795 ns, At safepoint: 11043 ns, Total: 100838 ns
[2020-09-11T14:31:11.906+0000][1][safepoint    ] Safepoint "Cleanup", Time since last: 2000184292 ns, Reaching safepoint: 86300 ns, At safepoint: 9486 ns, Total: 95786 ns
[2020-09-11T14:31:12.906+0000][1][safepoint    ] Safepoint "Cleanup", Time since last: 1000123325 ns, Reaching safepoint: 85139 ns, At safepoint: 9633 ns, Total: 94772 ns
[2020-09-11T14:31:13.906+0000][1][safepoint    ] Safepoint "Cleanup", Time since last: 1000122594 ns, Reaching safepoint: 84172 ns, At safepoint: 9646 ns, Total: 93818 ns
[2020-09-11T14:31:14.906+0000][1][safepoint    ] Safepoint "Cleanup", Time since last: 1000112166 ns, Reaching safepoint: 84290 ns, At safepoint: 9994 ns, Total: 94284 ns
[2020-09-11T14:31:15.907+0000][1][safepoint    ] Safepoint "Cleanup", Time since last: 1000113089 ns, Reaching safepoint: 84131 ns, At safepoint: 9615 ns, Total: 93746 ns
[2020-09-11T14:31:18.907+0000][1][safepoint    ] Safepoint "Cleanup", Time since last: 3000290413 ns, Reaching safepoint: 91592 ns, At safepoint: 7929 ns, Total: 99521 ns
[2020-09-11T14:31:18.968+0000][1][gc,start     ] GC(79) Pause Young (Allocation Failure)
[2020-09-11T14:31:18.968+0000][1][gc,task      ] GC(79) Using 1 workers of 1 for evacuation
[2020-09-11T14:31:18.974+0000][1][gc,age       ] GC(79) Desired survivor size 4358144 bytes, new threshold 6 (max threshold 6)
[2020-09-11T14:31:18.974+0000][1][gc,age       ] GC(79) Age table with threshold 6 (max threshold 6)
[2020-09-11T14:31:18.974+0000][1][gc,age       ] GC(79) - age   1:      48464 bytes,      48464 total
[2020-09-11T14:31:18.974+0000][1][gc,age       ] GC(79) - age   2:      13112 bytes,      61576 total
[2020-09-11T14:31:18.974+0000][1][gc,age       ] GC(79) - age   3:      74968 bytes,     136544 total
[2020-09-11T14:31:18.974+0000][1][gc,age       ] GC(79) - age   4:       4320 bytes,     140864 total
[2020-09-11T14:31:18.974+0000][1][gc,age       ] GC(79) - age   5:       4032 bytes,     144896 total
[2020-09-11T14:31:18.974+0000][1][gc,age       ] GC(79) - age   6:       8976 bytes,     153872 total
[2020-09-11T14:31:18.974+0000][1][gc,heap      ] GC(79) ParNew: 68416K->239K(76672K)
[2020-09-11T14:31:18.974+0000][1][gc,heap      ] GC(79) CMS: 69420K->69426K(439104K)
[2020-09-11T14:31:18.974+0000][1][gc,metaspace ] GC(79) Metaspace: 85107K->85107K(1128448K)
[2020-09-11T14:31:18.974+0000][1][gc           ] GC(79) Pause Young (Allocation Failure) 134M->68M(503M) 6.683ms
[2020-09-11T14:31:18.974+0000][1][gc,cpu       ] GC(79) User=0.00s Sys=0.00s Real=0.00s
[2020-09-11T14:31:18.974+0000][1][safepoint    ] Safepoint "GenCollectForAllocation", Time since last: 56909894 ns, Reaching safepoint: 3548351 ns, At safepoint: 6761108 ns, Total: 10309459 ns
[2020-09-11T14:31:19.981+0000][1][safepoint    ] Safepoint "Cleanup", Time since last: 1006746054 ns, Reaching safepoint: 153916 ns, At safepoint: 18947 ns, Total: 172863 ns
[2020-09-11T14:31:21.982+0000][1][safepoint    ] Safepoint "Cleanup", Time since last: 2000359454 ns, Reaching safepoint: 72882 ns, At safepoint: 5924 ns, Total: 78806 ns
[2020-09-11T14:31:26.982+0000][1][safepoint    ] Safepoint "Cleanup", Time since last: 5000573613 ns, Reaching safepoint: 87903 ns, At safepoint: 9545 ns, Total: 97448 ns
[2020-09-11T14:31:37.983+0000][1][safepoint    ] Safepoint "Cleanup", Time since last: 11000907574 ns, Reaching safepoint: 85393 ns, At safepoint: 7480 ns, Total: 92873 ns
[2020-09-11T14:31:38.984+0000][1][safepoint    ] Safepoint "Cleanup", Time since last: 1000099764 ns, Reaching safepoint: 86243 ns, At safepoint: 10278 ns, Total: 96521 ns
[2020-09-11T14:31:46.984+0000][1][safepoint    ] Safepoint "Cleanup", Time since last: 8000653051 ns, Reaching safepoint: 87814 ns, At safepoint: 10203 ns, Total: 98017 ns
[2020-09-11T14:31:50.985+0000][1][safepoint    ] Safepoint "Cleanup", Time since last: 4000364609 ns, Reaching safepoint: 165921 ns, At safepoint: 18349 ns, Total: 184270 ns
[2020-09-11T14:31:51.985+0000][1][safepoint    ] Safepoint "Cleanup", Time since last: 1000159502 ns, Reaching safepoint: 86411 ns, At safepoint: 7174 ns, Total: 93585 ns
[2020-09-11T14:31:56.986+0000][1][safepoint    ] Safepoint "Cleanup", Time since last: 5000799420 ns, Reaching safepoint: 144093 ns, At safepoint: 16632 ns, Total: 160725 ns
[2020-09-11T14:32:01.987+0000][1][safepoint    ] Safepoint "Cleanup", Time since last: 5000785828 ns, Reaching safepoint: 153997 ns, At safepoint: 17600 ns, Total: 171597 ns
[2020-09-11T14:32:03.987+0000][1][safepoint    ] Safepoint "Cleanup", Time since last: 2000357685 ns, Reaching safepoint: 124991 ns, At safepoint: 6878 ns, Total: 131869 ns
[2020-09-11T14:32:04.041+0000][1][gc,start     ] GC(80) Pause Young (Allocation Failure)
[2020-09-11T14:32:04.041+0000][1][gc,task      ] GC(80) Using 1 workers of 1 for evacuation
[2020-09-11T14:32:04.048+0000][1][gc,age       ] GC(80) Desired survivor size 4358144 bytes, new threshold 6 (max threshold 6)
[2020-09-11T14:32:04.048+0000][1][gc,age       ] GC(80) Age table with threshold 6 (max threshold 6)
[2020-09-11T14:32:04.048+0000][1][gc,age       ] GC(80) - age   1:      48136 bytes,      48136 total
[2020-09-11T14:32:04.048+0000][1][gc,age       ] GC(80) - age   2:      13960 bytes,      62096 total
[2020-09-11T14:32:04.048+0000][1][gc,age       ] GC(80) - age   3:       2816 bytes,      64912 total
[2020-09-11T14:32:04.048+0000][1][gc,age       ] GC(80) - age   4:      74968 bytes,     139880 total
[2020-09-11T14:32:04.048+0000][1][gc,age       ] GC(80) - age   5:       4320 bytes,     144200 total
[2020-09-11T14:32:04.048+0000][1][gc,age       ] GC(80) - age   6:       4032 bytes,     148232 total
[2020-09-11T14:32:04.048+0000][1][gc,heap      ] GC(80) ParNew: 68399K->285K(76672K)
[2020-09-11T14:32:04.048+0000][1][gc,heap      ] GC(80) CMS: 69426K->69435K(439104K)
[2020-09-11T14:32:04.048+0000][1][gc,metaspace ] GC(80) Metaspace: 85114K->85114K(1128448K)
[2020-09-11T14:32:04.048+0000][1][gc           ] GC(80) Pause Young (Allocation Failure) 134M->68M(503M) 6.692ms
[2020-09-11T14:32:04.048+0000][1][gc,cpu       ] GC(80) User=0.01s Sys=0.00s Real=0.01s
[2020-09-11T14:32:04.048+0000][1][safepoint    ] Safepoint "GenCollectForAllocation", Time since last: 52006892 ns, Reaching safepoint: 1480283 ns, At safepoint: 6770165 ns, Total: 8250448 ns
[2020-09-11T14:32:06.056+0000][1][safepoint    ] Safepoint "Cleanup", Time since last: 2008035252 ns, Reaching safepoint: 135397 ns, At safepoint: 14507 ns, Total: 149904 ns
[2020-09-11T14:32:07.056+0000][1][safepoint    ] Safepoint "Cleanup", Time since last: 1000195399 ns, Reaching safepoint: 92688 ns, At safepoint: 6090 ns, Total: 98778 ns
[2020-09-11T14:32:08.056+0000][1][safepoint    ] Safepoint "Cleanup", Time since last: 1000122312 ns, Reaching safepoint: 121961 ns, At safepoint: 5554 ns, Total: 127515 ns
[2020-09-11T14:32:12.057+0000][1][safepoint    ] Safepoint "Cleanup", Time since last: 4000410815 ns, Reaching safepoint: 98889 ns, At safepoint: 7227 ns, Total: 106116 ns
[2020-09-11T14:32:13.057+0000][1][safepoint    ] Safepoint "Cleanup", Time since last: 1000160602 ns, Reaching safepoint: 109909 ns, At safepoint: 7052 ns, Total: 116961 ns
[2020-09-11T14:32:20.058+0000][1][safepoint    ] Safepoint "Cleanup", Time since last: 7000922493 ns, Reaching safepoint: 121984 ns, At safepoint: 7165 ns, Total: 129149 ns
[2020-09-11T14:32:27.059+0000][1][safepoint    ] Safepoint "Cleanup", Time since last: 7000872557 ns, Reaching safepoint: 108798 ns, At safepoint: 7590 ns, Total: 116388 ns
[2020-09-11T14:32:29.060+0000][1][safepoint    ] Safepoint "Cleanup", Time since last: 2000195239 ns, Reaching safepoint: 105000 ns, At safepoint: 10569 ns, Total: 115569 ns
[2020-09-11T14:32:41.061+0000][1][safepoint    ] Safepoint "Cleanup", Time since last: 12001236453 ns, Reaching safepoint: 121916 ns, At safepoint: 7959 ns, Total: 129875 ns
[2020-09-11T14:32:46.062+0000][1][safepoint    ] Safepoint "Cleanup", Time since last: 5000547167 ns, Reaching safepoint: 120771 ns, At safepoint: 7931 ns, Total: 128702 ns
[2020-09-11T14:32:49.103+0000][1][gc,start     ] GC(81) Pause Young (Allocation Failure)
[2020-09-11T14:32:49.103+0000][1][gc,task      ] GC(81) Using 1 workers of 1 for evacuation
[2020-09-11T14:32:49.107+0000][1][gc,age       ] GC(81) Desired survivor size 4358144 bytes, new threshold 6 (max threshold 6)
[2020-09-11T14:32:49.107+0000][1][gc,age       ] GC(81) Age table with threshold 6 (max threshold 6)
[2020-09-11T14:32:49.107+0000][1][gc,age       ] GC(81) - age   1:      41120 bytes,      41120 total
[2020-09-11T14:32:49.107+0000][1][gc,age       ] GC(81) - age   2:      12936 bytes,      54056 total
[2020-09-11T14:32:49.107+0000][1][gc,age       ] GC(81) - age   3:       9832 bytes,      63888 total
[2020-09-11T14:32:49.107+0000][1][gc,age       ] GC(81) - age   4:       2816 bytes,      66704 total
[2020-09-11T14:32:49.107+0000][1][gc,age       ] GC(81) - age   5:      74968 bytes,     141672 total
[2020-09-11T14:32:49.107+0000][1][gc,age       ] GC(81) - age   6:       4320 bytes,     145992 total
[2020-09-11T14:32:49.107+0000][1][gc,heap      ] GC(81) ParNew: 68445K->179K(76672K)
[2020-09-11T14:32:49.107+0000][1][gc,heap      ] GC(81) CMS: 69435K->69439K(439104K)
[2020-09-11T14:32:49.107+0000][1][gc,metaspace ] GC(81) Metaspace: 85124K->85124K(1128448K)
[2020-09-11T14:32:49.107+0000][1][gc           ] GC(81) Pause Young (Allocation Failure) 134M->67M(503M) 4.626ms
[2020-09-11T14:32:49.107+0000][1][gc,cpu       ] GC(81) User=0.00s Sys=0.00s Real=0.01s
[2020-09-11T14:32:49.107+0000][1][safepoint    ] Safepoint "GenCollectForAllocation", Time since last: 3040859186 ns, Reaching safepoint: 191566 ns, At safepoint: 4723847 ns, Total: 4915413 ns
[2020-09-11T14:32:54.113+0000][1][safepoint    ] Safepoint "Cleanup", Time since last: 5004818471 ns, Reaching safepoint: 245600 ns, At safepoint: 19030 ns, Total: 264630 ns
[2020-09-11T14:32:56.113+0000][1][safepoint    ] Safepoint "Cleanup", Time since last: 2000342285 ns, Reaching safepoint: 152834 ns, At safepoint: 21459 ns, Total: 174293 ns
[2020-09-11T14:32:57.113+0000][1][safepoint    ] Safepoint "Cleanup", Time since last: 1000209737 ns, Reaching safepoint: 105579 ns, At safepoint: 7567 ns, Total: 113146 ns
[2020-09-11T14:32:59.114+0000][1][safepoint    ] Safepoint "Cleanup", Time since last: 2000309022 ns, Reaching safepoint: 172632 ns, At safepoint: 17333 ns, Total: 189965 ns
[2020-09-11T14:33:00.114+0000][1][safepoint    ] Safepoint "Cleanup", Time since last: 1000204088 ns, Reaching safepoint: 108520 ns, At safepoint: 9180 ns, Total: 117700 ns
[2020-09-11T14:33:17.117+0000][1][safepoint    ] Safepoint "Cleanup", Time since last: 17002243127 ns, Reaching safepoint: 99724 ns, At safepoint: 6419 ns, Total: 106143 ns
[2020-09-11T14:33:26.118+0000][1][safepoint    ] Safepoint "Cleanup", Time since last: 9001204740 ns, Reaching safepoint: 126899 ns, At safepoint: 6596 ns, Total: 133495 ns
[2020-09-11T14:33:31.119+0000][1][safepoint    ] Safepoint "Cleanup", Time since last: 5000692100 ns, Reaching safepoint: 141442 ns, At safepoint: 17002 ns, Total: 158444 ns
[2020-09-11T14:33:32.119+0000][1][safepoint    ] Safepoint "Cleanup", Time since last: 1000207537 ns, Reaching safepoint: 145778 ns, At safepoint: 18259 ns, Total: 164037 ns
[2020-09-11T14:33:32.804+0000][1][gc,start     ] GC(82) Pause Young (Allocation Failure)
[2020-09-11T14:33:32.804+0000][1][gc,task      ] GC(82) Using 1 workers of 1 for evacuation
[2020-09-11T14:33:32.810+0000][1][gc,age       ] GC(82) Desired survivor size 4358144 bytes, new threshold 6 (max threshold 6)
[2020-09-11T14:33:32.810+0000][1][gc,age       ] GC(82) Age table with threshold 6 (max threshold 6)
[2020-09-11T14:33:32.810+0000][1][gc,age       ] GC(82) - age   1:      46656 bytes,      46656 total
[2020-09-11T14:33:32.810+0000][1][gc,age       ] GC(82) - age   2:       5240 bytes,      51896 total
[2020-09-11T14:33:32.810+0000][1][gc,age       ] GC(82) - age   3:       4056 bytes,      55952 total
[2020-09-11T14:33:32.810+0000][1][gc,age       ] GC(82) - age   4:       9832 bytes,      65784 total
[2020-09-11T14:33:32.810+0000][1][gc,age       ] GC(82) - age   5:       2816 bytes,      68600 total
[2020-09-11T14:33:32.810+0000][1][gc,age       ] GC(82) - age   6:      74968 bytes,     143568 total
[2020-09-11T14:33:32.810+0000][1][gc,heap      ] GC(82) ParNew: 68339K->258K(76672K)
[2020-09-11T14:33:32.810+0000][1][gc,heap      ] GC(82) CMS: 69439K->69443K(439104K)
[2020-09-11T14:33:32.810+0000][1][gc,metaspace ] GC(82) Metaspace: 85130K->85130K(1128448K)
[2020-09-11T14:33:32.811+0000][1][gc           ] GC(82) Pause Young (Allocation Failure) 134M->68M(503M) 6.269ms
[2020-09-11T14:33:32.811+0000][1][gc,cpu       ] GC(82) User=0.01s Sys=0.00s Real=0.00s
[2020-09-11T14:33:32.811+0000][1][safepoint    ] Safepoint "GenCollectForAllocation", Time since last: 683697567 ns, Reaching safepoint: 1444400 ns, At safepoint: 6351583 ns, Total: 7795983 ns
[2020-09-11T14:33:34.813+0000][1][safepoint    ] Safepoint "Cleanup", Time since last: 2002339152 ns, Reaching safepoint: 141765 ns, At safepoint: 16505 ns, Total: 158270 ns
[2020-09-11T14:33:38.814+0000][1][safepoint    ] Safepoint "Cleanup", Time since last: 4000636857 ns, Reaching safepoint: 191526 ns, At safepoint: 18640 ns, Total: 210166 ns
[2020-09-11T14:33:39.814+0000][1][safepoint    ] Safepoint "Cleanup", Time since last: 1000163479 ns, Reaching safepoint: 235401 ns, At safepoint: 16133 ns, Total: 251534 ns
[2020-09-11T14:33:40.815+0000][1][safepoint    ] Safepoint "Cleanup", Time since last: 1000123668 ns, Reaching safepoint: 71985 ns, At safepoint: 6118 ns, Total: 78103 ns
[2020-09-11T14:33:41.815+0000][1][safepoint    ] Safepoint "Cleanup", Time since last: 1000152240 ns, Reaching safepoint: 145847 ns, At safepoint: 18991 ns, Total: 164838 ns
[2020-09-11T14:33:42.815+0000][1][safepoint    ] Safepoint "Cleanup", Time since last: 1000182940 ns, Reaching safepoint: 145207 ns, At safepoint: 17934 ns, Total: 163141 ns
[2020-09-11T14:33:49.816+0000][1][safepoint    ] Safepoint "Cleanup", Time since last: 7001008090 ns, Reaching safepoint: 134769 ns, At safepoint: 17965 ns, Total: 152734 ns
[2020-09-11T14:33:51.817+0000][1][safepoint    ] Safepoint "Cleanup", Time since last: 2000388341 ns, Reaching safepoint: 96258 ns, At safepoint: 7630 ns, Total: 103888 ns
[2020-09-11T14:34:02.819+0000][1][safepoint    ] Safepoint "Cleanup", Time since last: 11001798845 ns, Reaching safepoint: 151314 ns, At safepoint: 17584 ns, Total: 168898 ns
[2020-09-11T14:34:04.819+0000][1][safepoint    ] Safepoint "Cleanup", Time since last: 2000383144 ns, Reaching safepoint: 225655 ns, At safepoint: 16507 ns, Total: 242162 ns
[2020-09-11T14:34:06.820+0000][1][safepoint    ] Safepoint "Cleanup", Time since last: 2000371719 ns, Reaching safepoint: 107015 ns, At safepoint: 7508 ns, Total: 114523 ns
[2020-09-11T14:34:14.223+0000][1][gc,start     ] GC(83) Pause Young (Allocation Failure)
[2020-09-11T14:34:14.223+0000][1][gc,task      ] GC(83) Using 1 workers of 1 for evacuation
[2020-09-11T14:34:14.231+0000][1][gc,age       ] GC(83) Desired survivor size 4358144 bytes, new threshold 6 (max threshold 6)
[2020-09-11T14:34:14.231+0000][1][gc,age       ] GC(83) Age table with threshold 6 (max threshold 6)
[2020-09-11T14:34:14.231+0000][1][gc,age       ] GC(83) - age   1:      41856 bytes,      41856 total
[2020-09-11T14:34:14.231+0000][1][gc,age       ] GC(83) - age   2:      10160 bytes,      52016 total
[2020-09-11T14:34:14.231+0000][1][gc,age       ] GC(83) - age   3:       1520 bytes,      53536 total
[2020-09-11T14:34:14.231+0000][1][gc,age       ] GC(83) - age   4:       3880 bytes,      57416 total
[2020-09-11T14:34:14.231+0000][1][gc,age       ] GC(83) - age   5:       9832 bytes,      67248 total
[2020-09-11T14:34:14.231+0000][1][gc,age       ] GC(83) - age   6:       2816 bytes,      70064 total
[2020-09-11T14:34:14.231+0000][1][gc,heap      ] GC(83) ParNew: 68418K->84K(76672K)
[2020-09-11T14:34:14.231+0000][1][gc,heap      ] GC(83) CMS: 69443K->69517K(439104K)
[2020-09-11T14:34:14.231+0000][1][gc,metaspace ] GC(83) Metaspace: 85146K->85146K(1128448K)
[2020-09-11T14:34:14.231+0000][1][gc           ] GC(83) Pause Young (Allocation Failure) 134M->67M(503M) 7.862ms
[2020-09-11T14:34:14.231+0000][1][gc,cpu       ] GC(83) User=0.01s Sys=0.00s Real=0.01s
[2020-09-11T14:34:14.231+0000][1][safepoint    ] Safepoint "GenCollectForAllocation", Time since last: 7402818768 ns, Reaching safepoint: 265499 ns, At safepoint: 7969020 ns, Total: 8234519 ns
[2020-09-11T14:34:27.237+0000][1][safepoint    ] Safepoint "Cleanup", Time since last: 13005471794 ns, Reaching safepoint: 151057 ns, At safepoint: 18599 ns, Total: 169656 ns
[2020-09-11T14:34:29.658+0000][1][safepoint    ] Safepoint "RevokeBias", Time since last: 2421132339 ns, Reaching safepoint: 249880 ns, At safepoint: 47840 ns, Total: 297720 ns
[2020-09-11T14:34:29.659+0000][1][safepoint    ] Safepoint "RevokeBias", Time since last: 428292 ns, Reaching safepoint: 214446 ns, At safepoint: 36751 ns, Total: 251197 ns
[2020-09-11T14:34:29.659+0000][1][safepoint    ] Safepoint "RevokeBias", Time since last: 97473 ns, Reaching safepoint: 168447 ns, At safepoint: 30466 ns, Total: 198913 ns
[2020-09-11T14:34:29.659+0000][1][safepoint    ] Safepoint "RevokeBias", Time since last: 162506 ns, Reaching safepoint: 180050 ns, At safepoint: 72106 ns, Total: 252156 ns
[2020-09-11T14:34:29.660+0000][1][safepoint    ] Safepoint "RevokeBias", Time since last: 176311 ns, Reaching safepoint: 176749 ns, At safepoint: 31529 ns, Total: 208278 ns
[2020-09-11T14:34:30.179+0000][1][safepoint    ] Safepoint "RevokeBias", Time since last: 518842651 ns, Reaching safepoint: 203871 ns, At safepoint: 22087 ns, Total: 225958 ns
[2020-09-11T14:34:30.179+0000][1][safepoint    ] Safepoint "RevokeBias", Time since last: 143208 ns, Reaching safepoint: 155416 ns, At safepoint: 13630 ns, Total: 169046 ns
[2020-09-11T14:34:30.179+0000][1][safepoint    ] Safepoint "RevokeBias", Time since last: 34593 ns, Reaching safepoint: 137427 ns, At safepoint: 21779 ns, Total: 159206 ns
[2020-09-11T14:34:30.180+0000][1][safepoint    ] Safepoint "RevokeBias", Time since last: 50696 ns, Reaching safepoint: 143099 ns, At safepoint: 11385 ns, Total: 154484 ns
[2020-09-11T14:34:30.180+0000][1][safepoint    ] Safepoint "RevokeBias", Time since last: 53877 ns, Reaching safepoint: 142520 ns, At safepoint: 11082 ns, Total: 153602 ns
[2020-09-11T14:34:33.417+0000][1][safepoint    ] Safepoint "RevokeBias", Time since last: 3236885207 ns, Reaching safepoint: 65553 ns, At safepoint: 20200 ns, Total: 85753 ns
[2020-09-11T14:34:33.417+0000][1][safepoint    ] Safepoint "RevokeBias", Time since last: 126277 ns, Reaching safepoint: 29725 ns, At safepoint: 11382 ns, Total: 41107 ns
[2020-09-11T14:34:33.417+0000][1][safepoint    ] Safepoint "RevokeBias", Time since last: 31182 ns, Reaching safepoint: 25658 ns, At safepoint: 8854 ns, Total: 34512 ns
[2020-09-11T14:34:33.417+0000][1][safepoint    ] Safepoint "RevokeBias", Time since last: 63655 ns, Reaching safepoint: 25387 ns, At safepoint: 8615 ns, Total: 34002 ns
[2020-09-11T14:34:33.418+0000][1][safepoint    ] Safepoint "RevokeBias", Time since last: 1002839 ns, Reaching safepoint: 31464 ns, At safepoint: 11751 ns, Total: 43215 ns
[2020-09-11T14:34:33.418+0000][1][safepoint    ] Safepoint "RevokeBias", Time since last: 35659 ns, Reaching safepoint: 26079 ns, At safepoint: 9380 ns, Total: 35459 ns
[2020-09-11T14:34:33.446+0000][1][safepoint    ] Safepoint "RevokeBias", Time since last: 28159644 ns, Reaching safepoint: 59339 ns, At safepoint: 16750 ns, Total: 76089 ns
[2020-09-11T14:34:33.447+0000][1][safepoint    ] Safepoint "RevokeBias", Time since last: 119049 ns, Reaching safepoint: 28818 ns, At safepoint: 10124 ns, Total: 38942 ns
[2020-09-11T14:34:33.447+0000][1][safepoint    ] Safepoint "RevokeBias", Time since last: 39256 ns, Reaching safepoint: 26842 ns, At safepoint: 9591 ns, Total: 36433 ns
[2020-09-11T14:34:33.448+0000][1][safepoint    ] Safepoint "BulkRevokeBias", Time since last: 801256 ns, Reaching safepoint: 153621 ns, At safepoint: 177364 ns, Total: 330985 ns
[2020-09-11T14:34:33.448+0000][1][safepoint    ] Safepoint "RevokeBias", Time since last: 41977 ns, Reaching safepoint: 147882 ns, At safepoint: 12263 ns, Total: 160145 ns
[2020-09-11T14:34:53.451+0000][1][safepoint    ] Safepoint "Cleanup", Time since last: 20002909576 ns, Reaching safepoint: 147635 ns, At safepoint: 18202 ns, Total: 165837 ns
[2020-09-11T14:34:54.451+0000][1][safepoint    ] Safepoint "Cleanup", Time since last: 1000233264 ns, Reaching safepoint: 135894 ns, At safepoint: 7161 ns, Total: 143055 ns
[2020-09-11T14:34:55.452+0000][1][safepoint    ] Safepoint "Cleanup", Time since last: 1000196835 ns, Reaching safepoint: 152176 ns, At safepoint: 18639 ns, Total: 170815 ns
[2020-09-11T14:34:56.452+0000][1][safepoint    ] Safepoint "Cleanup", Time since last: 1000221226 ns, Reaching safepoint: 146961 ns, At safepoint: 17781 ns, Total: 164742 ns
[2020-09-11T14:34:57.453+0000][1][safepoint    ] Safepoint "Cleanup", Time since last: 1000182461 ns, Reaching safepoint: 150933 ns, At safepoint: 18843 ns, Total: 169776 ns
[2020-09-11T14:34:58.453+0000][1][safepoint    ] Safepoint "Cleanup", Time since last: 1000213986 ns, Reaching safepoint: 106722 ns, At safepoint: 7629 ns, Total: 114351 ns
[2020-09-11T14:34:59.289+0000][1][gc,start     ] GC(84) Pause Young (Allocation Failure)
[2020-09-11T14:34:59.289+0000][1][gc,task      ] GC(84) Using 1 workers of 1 for evacuation
[2020-09-11T14:34:59.293+0000][1][gc,age       ] GC(84) Desired survivor size 4358144 bytes, new threshold 6 (max threshold 6)
[2020-09-11T14:34:59.293+0000][1][gc,age       ] GC(84) Age table with threshold 6 (max threshold 6)
[2020-09-11T14:34:59.293+0000][1][gc,age       ] GC(84) - age   1:      51416 bytes,      51416 total
[2020-09-11T14:34:59.293+0000][1][gc,age       ] GC(84) - age   2:       3704 bytes,      55120 total
[2020-09-11T14:34:59.293+0000][1][gc,age       ] GC(84) - age   3:       2640 bytes,      57760 total
[2020-09-11T14:34:59.293+0000][1][gc,age       ] GC(84) - age   4:       1520 bytes,      59280 total
[2020-09-11T14:34:59.293+0000][1][gc,age       ] GC(84) - age   5:       3880 bytes,      63160 total
[2020-09-11T14:34:59.293+0000][1][gc,age       ] GC(84) - age   6:       9768 bytes,      72928 total
[2020-09-11T14:34:59.293+0000][1][gc,heap      ] GC(84) ParNew: 68244K->72K(76672K)
[2020-09-11T14:34:59.293+0000][1][gc,heap      ] GC(84) CMS: 69517K->69520K(439104K)
[2020-09-11T14:34:59.293+0000][1][gc,metaspace ] GC(84) Metaspace: 85156K->85156K(1128448K)
[2020-09-11T14:34:59.293+0000][1][gc           ] GC(84) Pause Young (Allocation Failure) 134M->67M(503M) 4.588ms
[2020-09-11T14:34:59.293+0000][1][gc,cpu       ] GC(84) User=0.01s Sys=0.00s Real=0.00s
[2020-09-11T14:34:59.293+0000][1][safepoint    ] Safepoint "GenCollectForAllocation", Time since last: 835617934 ns, Reaching safepoint: 248848 ns, At safepoint: 4664741 ns, Total: 4913589 ns
[2020-09-11T14:35:14.301+0000][1][safepoint    ] Safepoint "Cleanup", Time since last: 15007396448 ns, Reaching safepoint: 157668 ns, At safepoint: 19648 ns, Total: 177316 ns
[2020-09-11T14:35:16.301+0000][1][safepoint    ] Safepoint "Cleanup", Time since last: 2000306129 ns, Reaching safepoint: 122285 ns, At safepoint: 8596 ns, Total: 130881 ns
[2020-09-11T14:35:18.302+0000][1][safepoint    ] Safepoint "Cleanup", Time since last: 2000347725 ns, Reaching safepoint: 152784 ns, At safepoint: 17570 ns, Total: 170354 ns
[2020-09-11T14:35:26.303+0000][1][safepoint    ] Safepoint "Cleanup", Time since last: 8001115666 ns, Reaching safepoint: 190857 ns, At safepoint: 8254 ns, Total: 199111 ns
[2020-09-11T14:35:30.304+0000][1][safepoint    ] Safepoint "Cleanup", Time since last: 4000617959 ns, Reaching safepoint: 103285 ns, At safepoint: 7390 ns, Total: 110675 ns
[2020-09-11T14:35:44.345+0000][1][gc,start     ] GC(85) Pause Young (Allocation Failure)
[2020-09-11T14:35:44.345+0000][1][gc,task      ] GC(85) Using 1 workers of 1 for evacuation
[2020-09-11T14:35:44.349+0000][1][gc,age       ] GC(85) Desired survivor size 4358144 bytes, new threshold 6 (max threshold 6)
[2020-09-11T14:35:44.349+0000][1][gc,age       ] GC(85) Age table with threshold 6 (max threshold 6)
[2020-09-11T14:35:44.349+0000][1][gc,age       ] GC(85) - age   1:      57568 bytes,      57568 total
[2020-09-11T14:35:44.349+0000][1][gc,age       ] GC(85) - age   2:      13720 bytes,      71288 total
[2020-09-11T14:35:44.349+0000][1][gc,age       ] GC(85) - age   3:        816 bytes,      72104 total
[2020-09-11T14:35:44.349+0000][1][gc,age       ] GC(85) - age   4:       2640 bytes,      74744 total
[2020-09-11T14:35:44.349+0000][1][gc,age       ] GC(85) - age   5:       1520 bytes,      76264 total
[2020-09-11T14:35:44.349+0000][1][gc,age       ] GC(85) - age   6:       3880 bytes,      80144 total
[2020-09-11T14:35:44.349+0000][1][gc,heap      ] GC(85) ParNew: 68232K->143K(76672K)
[2020-09-11T14:35:44.349+0000][1][gc,heap      ] GC(85) CMS: 69520K->69530K(439104K)
[2020-09-11T14:35:44.349+0000][1][gc,metaspace ] GC(85) Metaspace: 85162K->85162K(1128448K)
[2020-09-11T14:35:44.349+0000][1][gc           ] GC(85) Pause Young (Allocation Failure) 134M->68M(503M) 4.456ms
[2020-09-11T14:35:44.349+0000][1][gc,cpu       ] GC(85) User=0.01s Sys=0.00s Real=0.00s
[2020-09-11T14:35:44.349+0000][1][safepoint    ] Safepoint "GenCollectForAllocation", Time since last: 14040639870 ns, Reaching safepoint: 186823 ns, At safepoint: 4522059 ns, Total: 4708882 ns
[2020-09-11T14:35:51.873+0000][1][safepoint    ] Safepoint "RevokeBias", Time since last: 7523862726 ns, Reaching safepoint: 192967 ns, At safepoint: 20493 ns, Total: 213460 ns
[2020-09-11T14:35:51.874+0000][1][safepoint    ] Safepoint "RevokeBias", Time since last: 195092 ns, Reaching safepoint: 153388 ns, At safepoint: 12849 ns, Total: 166237 ns
[2020-09-11T14:35:51.875+0000][1][safepoint    ] Safepoint "RevokeBias", Time since last: 1054480 ns, Reaching safepoint: 31957 ns, At safepoint: 12197 ns, Total: 44154 ns
[2020-09-11T14:35:51.934+0000][1][safepoint    ] Safepoint "RevokeBias", Time since last: 59275633 ns, Reaching safepoint: 158583 ns, At safepoint: 14808 ns, Total: 173391 ns
[2020-09-11T14:35:51.935+0000][1][safepoint    ] Safepoint "RevokeBias", Time since last: 82159 ns, Reaching safepoint: 151112 ns, At safepoint: 12159 ns, Total: 163271 ns
[2020-09-11T14:35:51.935+0000][1][safepoint    ] Safepoint "RevokeBias", Time since last: 735611 ns, Reaching safepoint: 29068 ns, At safepoint: 10809 ns, Total: 39877 ns
[2020-09-11T14:35:53.936+0000][1][safepoint    ] Safepoint "Cleanup", Time since last: 2000282752 ns, Reaching safepoint: 153015 ns, At safepoint: 19210 ns, Total: 172225 ns
[2020-09-11T14:35:54.936+0000][1][safepoint    ] Safepoint "Cleanup", Time since last: 1000212928 ns, Reaching safepoint: 109132 ns, At safepoint: 7565 ns, Total: 116697 ns
[2020-09-11T14:35:56.937+0000][1][safepoint    ] Safepoint "Cleanup", Time since last: 2000299281 ns, Reaching safepoint: 154552 ns, At safepoint: 18967 ns, Total: 173519 ns
[2020-09-11T14:35:59.937+0000][1][safepoint    ] Safepoint "Cleanup", Time since last: 3000486099 ns, Reaching safepoint: 148408 ns, At safepoint: 17005 ns, Total: 165413 ns
[2020-09-11T14:36:09.939+0000][1][safepoint    ] Safepoint "Cleanup", Time since last: 10001379330 ns, Reaching safepoint: 103748 ns, At safepoint: 7677 ns, Total: 111425 ns
[2020-09-11T14:36:11.939+0000][1][safepoint    ] Safepoint "Cleanup", Time since last: 2000274155 ns, Reaching safepoint: 154411 ns, At safepoint: 17226 ns, Total: 171637 ns
[2020-09-11T14:36:29.401+0000][1][gc,start     ] GC(86) Pause Young (Allocation Failure)
[2020-09-11T14:36:29.401+0000][1][gc,task      ] GC(86) Using 1 workers of 1 for evacuation
[2020-09-11T14:36:29.405+0000][1][gc,age       ] GC(86) Desired survivor size 4358144 bytes, new threshold 6 (max threshold 6)
[2020-09-11T14:36:29.405+0000][1][gc,age       ] GC(86) Age table with threshold 6 (max threshold 6)
[2020-09-11T14:36:29.405+0000][1][gc,age       ] GC(86) - age   1:      58872 bytes,      58872 total
[2020-09-11T14:36:29.405+0000][1][gc,age       ] GC(86) - age   2:      19160 bytes,      78032 total
[2020-09-11T14:36:29.405+0000][1][gc,age       ] GC(86) - age   3:       5744 bytes,      83776 total
[2020-09-11T14:36:29.405+0000][1][gc,age       ] GC(86) - age   4:        816 bytes,      84592 total
[2020-09-11T14:36:29.405+0000][1][gc,age       ] GC(86) - age   5:       2640 bytes,      87232 total
[2020-09-11T14:36:29.405+0000][1][gc,age       ] GC(86) - age   6:       1520 bytes,      88752 total
[2020-09-11T14:36:29.405+0000][1][gc,heap      ] GC(86) ParNew: 68303K->94K(76672K)
[2020-09-11T14:36:29.405+0000][1][gc,heap      ] GC(86) CMS: 69530K->69534K(439104K)
[2020-09-11T14:36:29.405+0000][1][gc,metaspace ] GC(86) Metaspace: 85180K->85180K(1128448K)
[2020-09-11T14:36:29.405+0000][1][gc           ] GC(86) Pause Young (Allocation Failure) 134M->67M(503M) 4.109ms
[2020-09-11T14:36:29.405+0000][1][gc,cpu       ] GC(86) User=0.01s Sys=0.00s Real=0.01s
[2020-09-11T14:36:29.405+0000][1][safepoint    ] Safepoint "GenCollectForAllocation", Time since last: 17461235733 ns, Reaching safepoint: 95129 ns, At safepoint: 4168205 ns, Total: 4263334 ns
[2020-09-11T14:36:33.409+0000][1][safepoint    ] Safepoint "Cleanup", Time since last: 4004251665 ns, Reaching safepoint: 155249 ns, At safepoint: 18152 ns, Total: 173401 ns
[2020-09-11T14:36:35.412+0000][1][safepoint    ] Safepoint "Cleanup", Time since last: 2002396536 ns, Reaching safepoint: 152373 ns, At safepoint: 18763 ns, Total: 171136 ns
[2020-09-11T14:36:36.412+0000][1][safepoint    ] Safepoint "Cleanup", Time since last: 1000235174 ns, Reaching safepoint: 172152 ns, At safepoint: 20871 ns, Total: 193023 ns
[2020-09-11T14:36:37.413+0000][1][safepoint    ] Safepoint "Cleanup", Time since last: 1000199769 ns, Reaching safepoint: 149055 ns, At safepoint: 18195 ns, Total: 167250 ns
[2020-09-11T14:36:38.413+0000][1][safepoint    ] Safepoint "Cleanup", Time since last: 1000282062 ns, Reaching safepoint: 149252 ns, At safepoint: 17216 ns, Total: 166468 ns
[2020-09-11T14:36:39.413+0000][1][safepoint    ] Safepoint "Cleanup", Time since last: 1000295273 ns, Reaching safepoint: 199808 ns, At safepoint: 19087 ns, Total: 218895 ns
[2020-09-11T14:36:40.414+0000][1][safepoint    ] Safepoint "Cleanup", Time since last: 1000254466 ns, Reaching safepoint: 158865 ns, At safepoint: 18175 ns, Total: 177040 ns
[2020-09-11T14:36:41.414+0000][1][safepoint    ] Safepoint "Cleanup", Time since last: 1000297008 ns, Reaching safepoint: 84521 ns, At safepoint: 7363 ns, Total: 91884 ns
[2020-09-11T14:36:42.415+0000][1][safepoint    ] Safepoint "Cleanup", Time since last: 1000241678 ns, Reaching safepoint: 149777 ns, At safepoint: 17714 ns, Total: 167491 ns
[2020-09-11T14:36:43.415+0000][1][safepoint    ] Safepoint "Cleanup", Time since last: 1000212497 ns, Reaching safepoint: 148344 ns, At safepoint: 16996 ns, Total: 165340 ns
[2020-09-11T14:36:44.415+0000][1][safepoint    ] Safepoint "Cleanup", Time since last: 1000182452 ns, Reaching safepoint: 132748 ns, At safepoint: 7139 ns, Total: 139887 ns
[2020-09-11T14:36:45.416+0000][1][safepoint    ] Safepoint "Cleanup", Time since last: 1000762929 ns, Reaching safepoint: 110141 ns, At safepoint: 7295 ns, Total: 117436 ns
[2020-09-11T14:36:46.417+0000][1][safepoint    ] Safepoint "Cleanup", Time since last: 1000182757 ns, Reaching safepoint: 110531 ns, At safepoint: 8766 ns, Total: 119297 ns
[2020-09-11T14:36:47.417+0000][1][safepoint    ] Safepoint "Cleanup", Time since last: 1000144915 ns, Reaching safepoint: 153446 ns, At safepoint: 18429 ns, Total: 171875 ns
[2020-09-11T14:36:48.417+0000][1][safepoint    ] Safepoint "Cleanup", Time since last: 1000239758 ns, Reaching safepoint: 149018 ns, At safepoint: 18757 ns, Total: 167775 ns
[2020-09-11T14:36:49.418+0000][1][safepoint    ] Safepoint "Cleanup", Time since last: 1000228050 ns, Reaching safepoint: 149904 ns, At safepoint: 17931 ns, Total: 167835 ns
[2020-09-11T14:36:50.419+0000][1][safepoint    ] Safepoint "Cleanup", Time since last: 1001024626 ns, Reaching safepoint: 153222 ns, At safepoint: 17881 ns, Total: 171103 ns
[2020-09-11T14:36:51.419+0000][1][safepoint    ] Safepoint "Cleanup", Time since last: 1000210718 ns, Reaching safepoint: 146363 ns, At safepoint: 16969 ns, Total: 163332 ns
[2020-09-11T14:36:52.420+0000][1][safepoint    ] Safepoint "Cleanup", Time since last: 1000198916 ns, Reaching safepoint: 143402 ns, At safepoint: 18105 ns, Total: 161507 ns
[2020-09-11T14:36:53.420+0000][1][safepoint    ] Safepoint "Cleanup", Time since last: 1000191765 ns, Reaching safepoint: 154197 ns, At safepoint: 15854 ns, Total: 170051 ns
[2020-09-11T14:36:54.420+0000][1][safepoint    ] Safepoint "Cleanup", Time since last: 1000240786 ns, Reaching safepoint: 150806 ns, At safepoint: 18031 ns, Total: 168837 ns
[2020-09-11T14:36:55.422+0000][1][safepoint    ] Safepoint "Cleanup", Time since last: 1001104298 ns, Reaching safepoint: 154294 ns, At safepoint: 17707 ns, Total: 172001 ns
[2020-09-11T14:36:56.422+0000][1][safepoint    ] Safepoint "Cleanup", Time since last: 1000239807 ns, Reaching safepoint: 99972 ns, At safepoint: 7174 ns, Total: 107146 ns
[2020-09-11T14:36:57.423+0000][1][safepoint    ] Safepoint "Cleanup", Time since last: 1000460437 ns, Reaching safepoint: 330832 ns, At safepoint: 8248 ns, Total: 339080 ns
[2020-09-11T14:36:58.423+0000][1][safepoint    ] Safepoint "Cleanup", Time since last: 1000165456 ns, Reaching safepoint: 152690 ns, At safepoint: 18071 ns, Total: 170761 ns
[2020-09-11T14:36:59.424+0000][1][safepoint    ] Safepoint "Cleanup", Time since last: 1000250253 ns, Reaching safepoint: 155066 ns, At safepoint: 15582 ns, Total: 170648 ns
[2020-09-11T14:37:00.425+0000][1][safepoint    ] Safepoint "Cleanup", Time since last: 1001221659 ns, Reaching safepoint: 152102 ns, At safepoint: 18165 ns, Total: 170267 ns
[2020-09-11T14:37:01.425+0000][1][safepoint    ] Safepoint "Cleanup", Time since last: 1000218323 ns, Reaching safepoint: 147034 ns, At safepoint: 17734 ns, Total: 164768 ns
[2020-09-11T14:37:02.426+0000][1][safepoint    ] Safepoint "Cleanup", Time since last: 1000237371 ns, Reaching safepoint: 152640 ns, At safepoint: 18850 ns, Total: 171490 ns
[2020-09-11T14:37:03.426+0000][1][safepoint    ] Safepoint "Cleanup", Time since last: 1000215599 ns, Reaching safepoint: 110144 ns, At safepoint: 7036 ns, Total: 117180 ns
[2020-09-11T14:37:04.426+0000][1][safepoint    ] Safepoint "Cleanup", Time since last: 1000153247 ns, Reaching safepoint: 132985 ns, At safepoint: 7642 ns, Total: 140627 ns
[2020-09-11T14:37:05.427+0000][1][safepoint    ] Safepoint "Cleanup", Time since last: 1000919521 ns, Reaching safepoint: 128900 ns, At safepoint: 7274 ns, Total: 136174 ns
[2020-09-11T14:37:06.428+0000][1][safepoint    ] Safepoint "Cleanup", Time since last: 1000207768 ns, Reaching safepoint: 88346 ns, At safepoint: 7304 ns, Total: 95650 ns
[2020-09-11T14:37:07.428+0000][1][safepoint    ] Safepoint "Cleanup", Time since last: 1000177754 ns, Reaching safepoint: 155053 ns, At safepoint: 18509 ns, Total: 173562 ns
[2020-09-11T14:37:08.429+0000][1][safepoint    ] Safepoint "Cleanup", Time since last: 1000222763 ns, Reaching safepoint: 157769 ns, At safepoint: 18178 ns, Total: 175947 ns
[2020-09-11T14:37:09.429+0000][1][safepoint    ] Safepoint "Cleanup", Time since last: 1000194631 ns, Reaching safepoint: 122611 ns, At safepoint: 6814 ns, Total: 129425 ns
[2020-09-11T14:37:10.430+0000][1][safepoint    ] Safepoint "Cleanup", Time since last: 1000741650 ns, Reaching safepoint: 145196 ns, At safepoint: 18195 ns, Total: 163391 ns
[2020-09-11T14:37:11.430+0000][1][safepoint    ] Safepoint "Cleanup", Time since last: 1000194785 ns, Reaching safepoint: 158364 ns, At safepoint: 17991 ns, Total: 176355 ns
[2020-09-11T14:37:12.431+0000][1][safepoint    ] Safepoint "Cleanup", Time since last: 1000226712 ns, Reaching safepoint: 153927 ns, At safepoint: 17620 ns, Total: 171547 ns
[2020-09-11T14:37:13.431+0000][1][safepoint    ] Safepoint "Cleanup", Time since last: 1000223619 ns, Reaching safepoint: 115408 ns, At safepoint: 6730 ns, Total: 122138 ns
[2020-09-11T14:37:14.431+0000][1][safepoint    ] Safepoint "Cleanup", Time since last: 1000172407 ns, Reaching safepoint: 111052 ns, At safepoint: 8144 ns, Total: 119196 ns
[2020-09-11T14:37:14.475+0000][1][gc,start     ] GC(87) Pause Young (Allocation Failure)
[2020-09-11T14:37:14.475+0000][1][gc,task      ] GC(87) Using 1 workers of 1 for evacuation
[2020-09-11T14:37:14.484+0000][1][gc,age       ] GC(87) Desired survivor size 4358144 bytes, new threshold 6 (max threshold 6)
[2020-09-11T14:37:14.484+0000][1][gc,age       ] GC(87) Age table with threshold 6 (max threshold 6)
[2020-09-11T14:37:14.484+0000][1][gc,age       ] GC(87) - age   1:      42624 bytes,      42624 total
[2020-09-11T14:37:14.484+0000][1][gc,age       ] GC(87) - age   2:      20816 bytes,      63440 total
[2020-09-11T14:37:14.484+0000][1][gc,age       ] GC(87) - age   3:      16624 bytes,      80064 total
[2020-09-11T14:37:14.484+0000][1][gc,age       ] GC(87) - age   4:       5624 bytes,      85688 total
[2020-09-11T14:37:14.484+0000][1][gc,age       ] GC(87) - age   5:        816 bytes,      86504 total
[2020-09-11T14:37:14.484+0000][1][gc,age       ] GC(87) - age   6:       2640 bytes,      89144 total
[2020-09-11T14:37:14.484+0000][1][gc,heap      ] GC(87) ParNew: 68254K->153K(76672K)
[2020-09-11T14:37:14.484+0000][1][gc,heap      ] GC(87) CMS: 69534K->69535K(439104K)
[2020-09-11T14:37:14.484+0000][1][gc,metaspace ] GC(87) Metaspace: 85184K->85184K(1128448K)
[2020-09-11T14:37:14.484+0000][1][gc           ] GC(87) Pause Young (Allocation Failure) 134M->68M(503M) 9.306ms
[2020-09-11T14:37:14.484+0000][1][gc,cpu       ] GC(87) User=0.01s Sys=0.00s Real=0.02s
[2020-09-11T14:37:14.484+0000][1][safepoint    ] Safepoint "GenCollectForAllocation", Time since last: 43325742 ns, Reaching safepoint: 226266 ns, At safepoint: 9421667 ns, Total: 9647933 ns
[2020-09-11T14:37:15.488+0000][1][safepoint    ] Safepoint "Cleanup", Time since last: 1003348007 ns, Reaching safepoint: 176288 ns, At safepoint: 15532 ns, Total: 191820 ns
[2020-09-11T14:37:16.488+0000][1][safepoint    ] Safepoint "Cleanup", Time since last: 1000189961 ns, Reaching safepoint: 149262 ns, At safepoint: 16792 ns, Total: 166054 ns
[2020-09-11T14:37:17.488+0000][1][safepoint    ] Safepoint "Cleanup", Time since last: 1000181462 ns, Reaching safepoint: 150322 ns, At safepoint: 18064 ns, Total: 168386 ns
[2020-09-11T14:37:18.489+0000][1][safepoint    ] Safepoint "Cleanup", Time since last: 1000172670 ns, Reaching safepoint: 147378 ns, At safepoint: 14965 ns, Total: 162343 ns
[2020-09-11T14:37:19.489+0000][1][safepoint    ] Safepoint "Cleanup", Time since last: 1000147968 ns, Reaching safepoint: 193494 ns, At safepoint: 7023 ns, Total: 200517 ns
[2020-09-11T14:37:20.490+0000][1][safepoint    ] Safepoint "Cleanup", Time since last: 1000717104 ns, Reaching safepoint: 107250 ns, At safepoint: 7066 ns, Total: 114316 ns
[2020-09-11T14:37:21.490+0000][1][safepoint    ] Safepoint "Cleanup", Time since last: 1000176364 ns, Reaching safepoint: 109440 ns, At safepoint: 8193 ns, Total: 117633 ns
[2020-09-11T14:37:22.490+0000][1][safepoint    ] Safepoint "Cleanup", Time since last: 1000194652 ns, Reaching safepoint: 117831 ns, At safepoint: 8010 ns, Total: 125841 ns
[2020-09-11T14:37:23.491+0000][1][safepoint    ] Safepoint "Cleanup", Time since last: 1000175445 ns, Reaching safepoint: 103882 ns, At safepoint: 7483 ns, Total: 111365 ns
[2020-09-11T14:37:24.491+0000][1][safepoint    ] Safepoint "Cleanup", Time since last: 1000176792 ns, Reaching safepoint: 102218 ns, At safepoint: 6760 ns, Total: 108978 ns
[2020-09-11T14:37:25.492+0000][1][safepoint    ] Safepoint "Cleanup", Time since last: 1000736916 ns, Reaching safepoint: 142149 ns, At safepoint: 18065 ns, Total: 160214 ns
[2020-09-11T14:37:26.492+0000][1][safepoint    ] Safepoint "Cleanup", Time since last: 1000211935 ns, Reaching safepoint: 212374 ns, At safepoint: 17416 ns, Total: 229790 ns
[2020-09-11T14:37:27.493+0000][1][safepoint    ] Safepoint "Cleanup", Time since last: 1000174898 ns, Reaching safepoint: 147475 ns, At safepoint: 16164 ns, Total: 163639 ns
[2020-09-11T14:37:28.493+0000][1][safepoint    ] Safepoint "Cleanup", Time since last: 1000182112 ns, Reaching safepoint: 187403 ns, At safepoint: 17143 ns, Total: 204546 ns
[2020-09-11T14:37:29.493+0000][1][safepoint    ] Safepoint "Cleanup", Time since last: 1000200378 ns, Reaching safepoint: 105815 ns, At safepoint: 7961 ns, Total: 113776 ns
[2020-09-11T14:37:30.494+0000][1][safepoint    ] Safepoint "Cleanup", Time since last: 1000924289 ns, Reaching safepoint: 112453 ns, At safepoint: 6325 ns, Total: 118778 ns
[2020-09-11T14:37:31.495+0000][1][safepoint    ] Safepoint "Cleanup", Time since last: 1000203729 ns, Reaching safepoint: 107171 ns, At safepoint: 7699 ns, Total: 114870 ns
[2020-09-11T14:37:32.495+0000][1][safepoint    ] Safepoint "Cleanup", Time since last: 1000201828 ns, Reaching safepoint: 92437 ns, At safepoint: 6946 ns, Total: 99383 ns
[2020-09-11T14:37:33.496+0000][1][safepoint    ] Safepoint "Cleanup", Time since last: 1000527612 ns, Reaching safepoint: 95907 ns, At safepoint: 8945 ns, Total: 104852 ns
[2020-09-11T14:37:34.496+0000][1][safepoint    ] Safepoint "Cleanup", Time since last: 1000152047 ns, Reaching safepoint: 120025 ns, At safepoint: 6812 ns, Total: 126837 ns
[2020-09-11T14:37:35.497+0000][1][safepoint    ] Safepoint "Cleanup", Time since last: 1000869485 ns, Reaching safepoint: 123582 ns, At safepoint: 7595 ns, Total: 131177 ns
[2020-09-11T14:37:36.497+0000][1][safepoint    ] Safepoint "Cleanup", Time since last: 1000189129 ns, Reaching safepoint: 100695 ns, At safepoint: 6870 ns, Total: 107565 ns
[2020-09-11T14:37:37.498+0000][1][safepoint    ] Safepoint "Cleanup", Time since last: 1000173825 ns, Reaching safepoint: 149470 ns, At safepoint: 17443 ns, Total: 166913 ns
[2020-09-11T14:37:38.498+0000][1][safepoint    ] Safepoint "Cleanup", Time since last: 1000186128 ns, Reaching safepoint: 135894 ns, At safepoint: 7227 ns, Total: 143121 ns
[2020-09-11T14:37:39.498+0000][1][safepoint    ] Safepoint "Cleanup", Time since last: 1000138571 ns, Reaching safepoint: 123991 ns, At safepoint: 7009 ns, Total: 131000 ns
[2020-09-11T14:37:40.499+0000][1][safepoint    ] Safepoint "Cleanup", Time since last: 1000932067 ns, Reaching safepoint: 119791 ns, At safepoint: 11238 ns, Total: 131029 ns
[2020-09-11T14:37:41.500+0000][1][safepoint    ] Safepoint "Cleanup", Time since last: 1000359910 ns, Reaching safepoint: 149903 ns, At safepoint: 16792 ns, Total: 166695 ns
[2020-09-11T14:37:42.500+0000][1][safepoint    ] Safepoint "Cleanup", Time since last: 1000184423 ns, Reaching safepoint: 146249 ns, At safepoint: 16395 ns, Total: 162644 ns
[2020-09-11T14:37:43.501+0000][1][safepoint    ] Safepoint "Cleanup", Time since last: 1000216992 ns, Reaching safepoint: 105528 ns, At safepoint: 7629 ns, Total: 113157 ns
[2020-09-11T14:37:44.501+0000][1][safepoint    ] Safepoint "Cleanup", Time since last: 1000175884 ns, Reaching safepoint: 105915 ns, At safepoint: 7941 ns, Total: 113856 ns
[2020-09-11T14:37:45.502+0000][1][safepoint    ] Safepoint "Cleanup", Time since last: 1000835842 ns, Reaching safepoint: 150869 ns, At safepoint: 17537 ns, Total: 168406 ns
[2020-09-11T14:37:46.502+0000][1][safepoint    ] Safepoint "Cleanup", Time since last: 1000214663 ns, Reaching safepoint: 112729 ns, At safepoint: 7806 ns, Total: 120535 ns
[2020-09-11T14:37:47.502+0000][1][safepoint    ] Safepoint "Cleanup", Time since last: 1000178262 ns, Reaching safepoint: 107655 ns, At safepoint: 7574 ns, Total: 115229 ns
[2020-09-11T14:37:48.503+0000][1][safepoint    ] Safepoint "Cleanup", Time since last: 1000177548 ns, Reaching safepoint: 107501 ns, At safepoint: 7077 ns, Total: 114578 ns
[2020-09-11T14:37:49.503+0000][1][safepoint    ] Safepoint "Cleanup", Time since last: 1000188901 ns, Reaching safepoint: 108274 ns, At safepoint: 7687 ns, Total: 115961 ns
[2020-09-11T14:37:50.504+0000][1][safepoint    ] Safepoint "Cleanup", Time since last: 1000723969 ns, Reaching safepoint: 148164 ns, At safepoint: 17887 ns, Total: 166051 ns
[2020-09-11T14:37:51.504+0000][1][safepoint    ] Safepoint "Cleanup", Time since last: 1000224431 ns, Reaching safepoint: 122393 ns, At safepoint: 8053 ns, Total: 130446 ns
[2020-09-11T14:37:52.505+0000][1][safepoint    ] Safepoint "Cleanup", Time since last: 1000171790 ns, Reaching safepoint: 146303 ns, At safepoint: 17546 ns, Total: 163849 ns
[2020-09-11T14:37:53.505+0000][1][safepoint    ] Safepoint "Cleanup", Time since last: 1000200407 ns, Reaching safepoint: 134726 ns, At safepoint: 7209 ns, Total: 141935 ns
[2020-09-11T14:37:54.505+0000][1][safepoint    ] Safepoint "Cleanup", Time since last: 1000160333 ns, Reaching safepoint: 104963 ns, At safepoint: 7369 ns, Total: 112332 ns
[2020-09-11T14:37:55.506+0000][1][safepoint    ] Safepoint "Cleanup", Time since last: 1000826225 ns, Reaching safepoint: 148030 ns, At safepoint: 17026 ns, Total: 165056 ns
[2020-09-11T14:37:56.507+0000][1][safepoint    ] Safepoint "Cleanup", Time since last: 1000221411 ns, Reaching safepoint: 157424 ns, At safepoint: 16214 ns, Total: 173638 ns
[2020-09-11T14:37:57.507+0000][1][safepoint    ] Safepoint "Cleanup", Time since last: 1000217726 ns, Reaching safepoint: 112219 ns, At safepoint: 7656 ns, Total: 119875 ns
[2020-09-11T14:37:58.507+0000][1][safepoint    ] Safepoint "Cleanup", Time since last: 1000136505 ns, Reaching safepoint: 123201 ns, At safepoint: 6916 ns, Total: 130117 ns
[2020-09-11T14:37:59.386+0000][1][gc,start     ] GC(88) Pause Young (Allocation Failure)
[2020-09-11T14:37:59.386+0000][1][gc,task      ] GC(88) Using 1 workers of 1 for evacuation
[2020-09-11T14:37:59.395+0000][1][gc,age       ] GC(88) Desired survivor size 4358144 bytes, new threshold 6 (max threshold 6)
[2020-09-11T14:37:59.395+0000][1][gc,age       ] GC(88) Age table with threshold 6 (max threshold 6)
[2020-09-11T14:37:59.395+0000][1][gc,age       ] GC(88) - age   1:      43128 bytes,      43128 total
[2020-09-11T14:37:59.395+0000][1][gc,age       ] GC(88) - age   2:       6224 bytes,      49352 total
[2020-09-11T14:37:59.395+0000][1][gc,age       ] GC(88) - age   3:      14296 bytes,      63648 total
[2020-09-11T14:37:59.395+0000][1][gc,age       ] GC(88) - age   4:      16624 bytes,      80272 total
[2020-09-11T14:37:59.395+0000][1][gc,age       ] GC(88) - age   5:       5624 bytes,      85896 total
[2020-09-11T14:37:59.395+0000][1][gc,age       ] GC(88) - age   6:        816 bytes,      86712 total
[2020-09-11T14:37:59.395+0000][1][gc,heap      ] GC(88) ParNew: 68313K->103K(76672K)
[2020-09-11T14:37:59.395+0000][1][gc,heap      ] GC(88) CMS: 69535K->69538K(439104K)
[2020-09-11T14:37:59.395+0000][1][gc,metaspace ] GC(88) Metaspace: 85191K->85191K(1128448K)
[2020-09-11T14:37:59.395+0000][1][gc           ] GC(88) Pause Young (Allocation Failure) 134M->68M(503M) 9.365ms
[2020-09-11T14:37:59.395+0000][1][gc,cpu       ] GC(88) User=0.01s Sys=0.00s Real=0.00s
[2020-09-11T14:37:59.395+0000][1][safepoint    ] Safepoint "GenCollectForAllocation", Time since last: 878056532 ns, Reaching safepoint: 265416 ns, At safepoint: 9448089 ns, Total: 9713505 ns
[2020-09-11T14:38:00.395+0000][1][safepoint    ] Safepoint "Cleanup", Time since last: 1000296827 ns, Reaching safepoint: 175629 ns, At safepoint: 16127 ns, Total: 191756 ns
[2020-09-11T14:38:01.396+0000][1][safepoint    ] Safepoint "Cleanup", Time since last: 1000225076 ns, Reaching safepoint: 110326 ns, At safepoint: 7470 ns, Total: 117796 ns
[2020-09-11T14:38:02.396+0000][1][safepoint    ] Safepoint "Cleanup", Time since last: 1000170305 ns, Reaching safepoint: 107433 ns, At safepoint: 8207 ns, Total: 115640 ns
[2020-09-11T14:38:03.396+0000][1][safepoint    ] Safepoint "Cleanup", Time since last: 1000186829 ns, Reaching safepoint: 99258 ns, At safepoint: 7071 ns, Total: 106329 ns
[2020-09-11T14:38:04.397+0000][1][safepoint    ] Safepoint "Cleanup", Time since last: 1000182062 ns, Reaching safepoint: 147579 ns, At safepoint: 19211 ns, Total: 166790 ns
[2020-09-11T14:38:05.397+0000][1][safepoint    ] Safepoint "Cleanup", Time since last: 1000204343 ns, Reaching safepoint: 107613 ns, At safepoint: 6257 ns, Total: 113870 ns
[2020-09-11T14:38:06.397+0000][1][safepoint    ] Safepoint "Cleanup", Time since last: 1000193427 ns, Reaching safepoint: 108196 ns, At safepoint: 7994 ns, Total: 116190 ns
[2020-09-11T14:38:07.398+0000][1][safepoint    ] Safepoint "Cleanup", Time since last: 1000192433 ns, Reaching safepoint: 149509 ns, At safepoint: 18028 ns, Total: 167537 ns
[2020-09-11T14:38:08.398+0000][1][safepoint    ] Safepoint "Cleanup", Time since last: 1000217627 ns, Reaching safepoint: 104143 ns, At safepoint: 8016 ns, Total: 112159 ns
[2020-09-11T14:38:09.398+0000][1][safepoint    ] Safepoint "Cleanup", Time since last: 1000154385 ns, Reaching safepoint: 114571 ns, At safepoint: 7398 ns, Total: 121969 ns
[2020-09-11T14:38:10.399+0000][1][safepoint    ] Safepoint "Cleanup", Time since last: 1000104313 ns, Reaching safepoint: 202559 ns, At safepoint: 6796 ns, Total: 209355 ns
[2020-09-11T14:38:11.399+0000][1][safepoint    ] Safepoint "Cleanup", Time since last: 1000198486 ns, Reaching safepoint: 91631 ns, At safepoint: 7349 ns, Total: 98980 ns
[2020-09-11T14:38:12.399+0000][1][safepoint    ] Safepoint "Cleanup", Time since last: 1000109262 ns, Reaching safepoint: 69488 ns, At safepoint: 5867 ns, Total: 75355 ns
[2020-09-11T14:38:13.399+0000][1][safepoint    ] Safepoint "Cleanup", Time since last: 1000123729 ns, Reaching safepoint: 132024 ns, At safepoint: 5550 ns, Total: 137574 ns
[2020-09-11T14:38:14.400+0000][1][safepoint    ] Safepoint "Cleanup", Time since last: 1000079270 ns, Reaching safepoint: 146870 ns, At safepoint: 17210 ns, Total: 164080 ns
[2020-09-11T14:38:15.400+0000][1][safepoint    ] Safepoint "Cleanup", Time since last: 1000182538 ns, Reaching safepoint: 144658 ns, At safepoint: 16381 ns, Total: 161039 ns
[2020-09-11T14:38:16.400+0000][1][safepoint    ] Safepoint "Cleanup", Time since last: 1000172726 ns, Reaching safepoint: 119420 ns, At safepoint: 7676 ns, Total: 127096 ns
[2020-09-11T14:38:17.401+0000][1][safepoint    ] Safepoint "Cleanup", Time since last: 1000189898 ns, Reaching safepoint: 108624 ns, At safepoint: 6660 ns, Total: 115284 ns
[2020-09-11T14:38:18.401+0000][1][safepoint    ] Safepoint "Cleanup", Time since last: 1000134734 ns, Reaching safepoint: 82598 ns, At safepoint: 6620 ns, Total: 89218 ns
[2020-09-11T14:38:19.401+0000][1][safepoint    ] Safepoint "Cleanup", Time since last: 1000191873 ns, Reaching safepoint: 114874 ns, At safepoint: 7064 ns, Total: 121938 ns
[2020-09-11T14:38:20.401+0000][1][safepoint    ] Safepoint "Cleanup", Time since last: 1000164446 ns, Reaching safepoint: 102836 ns, At safepoint: 7309 ns, Total: 110145 ns
[2020-09-11T14:38:21.402+0000][1][safepoint    ] Safepoint "Cleanup", Time since last: 1000140185 ns, Reaching safepoint: 115859 ns, At safepoint: 7844 ns, Total: 123703 ns
[2020-09-11T14:38:22.402+0000][1][safepoint    ] Safepoint "Cleanup", Time since last: 1000178206 ns, Reaching safepoint: 150365 ns, At safepoint: 17894 ns, Total: 168259 ns
[2020-09-11T14:38:23.402+0000][1][safepoint    ] Safepoint "Cleanup", Time since last: 1000219247 ns, Reaching safepoint: 110573 ns, At safepoint: 6806 ns, Total: 117379 ns
[2020-09-11T14:38:24.403+0000][1][safepoint    ] Safepoint "Cleanup", Time since last: 1000178653 ns, Reaching safepoint: 131644 ns, At safepoint: 7283 ns, Total: 138927 ns
[2020-09-11T14:38:25.403+0000][1][safepoint    ] Safepoint "Cleanup", Time since last: 1000188469 ns, Reaching safepoint: 107886 ns, At safepoint: 6769 ns, Total: 114655 ns
[2020-09-11T14:38:26.407+0000][1][safepoint    ] Safepoint "Cleanup", Time since last: 1004291327 ns, Reaching safepoint: 192973 ns, At safepoint: 8785 ns, Total: 201758 ns
[2020-09-11T14:38:27.408+0000][1][safepoint    ] Safepoint "Cleanup", Time since last: 1000142141 ns, Reaching safepoint: 118195 ns, At safepoint: 6398 ns, Total: 124593 ns
[2020-09-11T14:38:28.408+0000][1][safepoint    ] Safepoint "Cleanup", Time since last: 1000149432 ns, Reaching safepoint: 102333 ns, At safepoint: 7282 ns, Total: 109615 ns
[2020-09-11T14:38:29.408+0000][1][safepoint    ] Safepoint "Cleanup", Time since last: 1000153080 ns, Reaching safepoint: 109784 ns, At safepoint: 6767 ns, Total: 116551 ns
[2020-09-11T14:38:30.409+0000][1][safepoint    ] Safepoint "Cleanup", Time since last: 1000192412 ns, Reaching safepoint: 108412 ns, At safepoint: 7352 ns, Total: 115764 ns
[2020-09-11T14:38:31.409+0000][1][safepoint    ] Safepoint "Cleanup", Time since last: 1000183013 ns, Reaching safepoint: 107463 ns, At safepoint: 7670 ns, Total: 115133 ns
[2020-09-11T14:38:32.409+0000][1][safepoint    ] Safepoint "Cleanup", Time since last: 1000142816 ns, Reaching safepoint: 138651 ns, At safepoint: 16431 ns, Total: 155082 ns
[2020-09-11T14:38:33.409+0000][1][safepoint    ] Safepoint "Cleanup", Time since last: 1000166829 ns, Reaching safepoint: 144435 ns, At safepoint: 16508 ns, Total: 160943 ns
[2020-09-11T14:38:34.410+0000][1][safepoint    ] Safepoint "Cleanup", Time since last: 1000133872 ns, Reaching safepoint: 82352 ns, At safepoint: 7724 ns, Total: 90076 ns
[2020-09-11T14:38:35.410+0000][1][safepoint    ] Safepoint "Cleanup", Time since last: 1000153135 ns, Reaching safepoint: 335988 ns, At safepoint: 18452 ns, Total: 354440 ns
[2020-09-11T14:38:36.410+0000][1][safepoint    ] Safepoint "Cleanup", Time since last: 1000151700 ns, Reaching safepoint: 99193 ns, At safepoint: 7391 ns, Total: 106584 ns
[2020-09-11T14:38:37.411+0000][1][safepoint    ] Safepoint "Cleanup", Time since last: 1000166024 ns, Reaching safepoint: 99626 ns, At safepoint: 6441 ns, Total: 106067 ns
[2020-09-11T14:38:38.411+0000][1][safepoint    ] Safepoint "Cleanup", Time since last: 1000123947 ns, Reaching safepoint: 144414 ns, At safepoint: 16932 ns, Total: 161346 ns
[2020-09-11T14:38:39.411+0000][1][safepoint    ] Safepoint "Cleanup", Time since last: 1000201618 ns, Reaching safepoint: 102017 ns, At safepoint: 6570 ns, Total: 108587 ns
[2020-09-11T14:38:40.412+0000][1][safepoint    ] Safepoint "Cleanup", Time since last: 1000115788 ns, Reaching safepoint: 165289 ns, At safepoint: 18332 ns, Total: 183621 ns
[2020-09-11T14:38:41.415+0000][1][safepoint    ] Safepoint "Cleanup", Time since last: 1003759758 ns, Reaching safepoint: 77007 ns, At safepoint: 6529 ns, Total: 83536 ns
[2020-09-11T14:38:42.416+0000][1][safepoint    ] Safepoint "Cleanup", Time since last: 1000561485 ns, Reaching safepoint: 74406 ns, At safepoint: 6024 ns, Total: 80430 ns
[2020-09-11T14:38:43.416+0000][1][safepoint    ] Safepoint "Cleanup", Time since last: 1000198518 ns, Reaching safepoint: 81275 ns, At safepoint: 5605 ns, Total: 86880 ns
[2020-09-11T14:38:44.417+0000][1][safepoint    ] Safepoint "Cleanup", Time since last: 1000245311 ns, Reaching safepoint: 85080 ns, At safepoint: 9500 ns, Total: 94580 ns
[2020-09-11T14:38:44.475+0000][1][gc,start     ] GC(89) Pause Young (Allocation Failure)
[2020-09-11T14:38:44.475+0000][1][gc,task      ] GC(89) Using 1 workers of 1 for evacuation
[2020-09-11T14:38:44.484+0000][1][gc,age       ] GC(89) Desired survivor size 4358144 bytes, new threshold 6 (max threshold 6)
[2020-09-11T14:38:44.484+0000][1][gc,age       ] GC(89) Age table with threshold 6 (max threshold 6)
[2020-09-11T14:38:44.484+0000][1][gc,age       ] GC(89) - age   1:     192536 bytes,     192536 total
[2020-09-11T14:38:44.484+0000][1][gc,age       ] GC(89) - age   2:       8160 bytes,     200696 total
[2020-09-11T14:38:44.484+0000][1][gc,age       ] GC(89) - age   3:        976 bytes,     201672 total
[2020-09-11T14:38:44.484+0000][1][gc,age       ] GC(89) - age   4:      14296 bytes,     215968 total
[2020-09-11T14:38:44.484+0000][1][gc,age       ] GC(89) - age   5:      16624 bytes,     232592 total
[2020-09-11T14:38:44.484+0000][1][gc,age       ] GC(89) - age   6:       5624 bytes,     238216 total
[2020-09-11T14:38:44.484+0000][1][gc,heap      ] GC(89) ParNew: 68263K->293K(76672K)
[2020-09-11T14:38:44.484+0000][1][gc,heap      ] GC(89) CMS: 69538K->69539K(439104K)
[2020-09-11T14:38:44.484+0000][1][gc,metaspace ] GC(89) Metaspace: 85196K->85196K(1128448K)
[2020-09-11T14:38:44.484+0000][1][gc           ] GC(89) Pause Young (Allocation Failure) 134M->68M(503M) 9.503ms
[2020-09-11T14:38:44.484+0000][1][gc,cpu       ] GC(89) User=0.00s Sys=0.00s Real=0.02s
[2020-09-11T14:38:44.487+0000][1][safepoint    ] Safepoint "GenCollectForAllocation", Time since last: 57942314 ns, Reaching safepoint: 263670 ns, At safepoint: 11776268 ns, Total: 12039938 ns
[2020-09-11T14:38:45.489+0000][1][safepoint    ] Safepoint "Cleanup", Time since last: 1001709184 ns, Reaching safepoint: 148343 ns, At safepoint: 16729 ns, Total: 165072 ns
[2020-09-11T14:38:46.489+0000][1][safepoint    ] Safepoint "Cleanup", Time since last: 1000199703 ns, Reaching safepoint: 141621 ns, At safepoint: 14270 ns, Total: 155891 ns
[2020-09-11T14:38:47.492+0000][1][safepoint    ] Safepoint "Cleanup", Time since last: 1002569813 ns, Reaching safepoint: 140833 ns, At safepoint: 7299 ns, Total: 148132 ns
[2020-09-11T14:38:48.492+0000][1][safepoint    ] Safepoint "Cleanup", Time since last: 1000170340 ns, Reaching safepoint: 103768 ns, At safepoint: 7348 ns, Total: 111116 ns
[2020-09-11T14:38:49.492+0000][1][safepoint    ] Safepoint "Cleanup", Time since last: 1000182438 ns, Reaching safepoint: 110566 ns, At safepoint: 8739 ns, Total: 119305 ns
[2020-09-11T14:38:50.493+0000][1][safepoint    ] Safepoint "Cleanup", Time since last: 1000172870 ns, Reaching safepoint: 108372 ns, At safepoint: 6734 ns, Total: 115106 ns
[2020-09-11T14:38:51.493+0000][1][safepoint    ] Safepoint "Cleanup", Time since last: 1000175729 ns, Reaching safepoint: 107593 ns, At safepoint: 8233 ns, Total: 115826 ns
[2020-09-11T14:38:52.493+0000][1][safepoint    ] Safepoint "Cleanup", Time since last: 1000186565 ns, Reaching safepoint: 158627 ns, At safepoint: 18275 ns, Total: 176902 ns
[2020-09-11T14:38:53.494+0000][1][safepoint    ] Safepoint "Cleanup", Time since last: 1000221027 ns, Reaching safepoint: 156776 ns, At safepoint: 18940 ns, Total: 175716 ns
[2020-09-11T14:38:54.494+0000][1][safepoint    ] Safepoint "Cleanup", Time since last: 1000227269 ns, Reaching safepoint: 100804 ns, At safepoint: 8283 ns, Total: 109087 ns
[2020-09-11T14:38:55.494+0000][1][safepoint    ] Safepoint "Cleanup", Time since last: 1000113062 ns, Reaching safepoint: 98168 ns, At safepoint: 6192 ns, Total: 104360 ns
[2020-09-11T14:38:56.494+0000][1][safepoint    ] Safepoint "Cleanup", Time since last: 1000107733 ns, Reaching safepoint: 150760 ns, At safepoint: 7111 ns, Total: 157871 ns
[2020-09-11T14:38:57.495+0000][1][safepoint    ] Safepoint "Cleanup", Time since last: 1000169093 ns, Reaching safepoint: 77447 ns, At safepoint: 6801 ns, Total: 84248 ns
[2020-09-11T14:38:58.495+0000][1][safepoint    ] Safepoint "Cleanup", Time since last: 1000158470 ns, Reaching safepoint: 144885 ns, At safepoint: 16662 ns, Total: 161547 ns
[2020-09-11T14:38:59.495+0000][1][safepoint    ] Safepoint "Cleanup", Time since last: 1000144018 ns, Reaching safepoint: 80281 ns, At safepoint: 6900 ns, Total: 87181 ns
[2020-09-11T14:39:00.496+0000][1][safepoint    ] Safepoint "Cleanup", Time since last: 1000277209 ns, Reaching safepoint: 92166 ns, At safepoint: 6620 ns, Total: 98786 ns
[2020-09-11T14:39:01.496+0000][1][safepoint    ] Safepoint "Cleanup", Time since last: 1000177859 ns, Reaching safepoint: 158664 ns, At safepoint: 18398 ns, Total: 177062 ns
[2020-09-11T14:39:02.496+0000][1][safepoint    ] Safepoint "Cleanup", Time since last: 1000242774 ns, Reaching safepoint: 94201 ns, At safepoint: 6504 ns, Total: 100705 ns
[2020-09-11T14:39:03.497+0000][1][safepoint    ] Safepoint "Cleanup", Time since last: 1000166653 ns, Reaching safepoint: 129701 ns, At safepoint: 17126 ns, Total: 146827 ns
[2020-09-11T14:39:04.497+0000][1][safepoint    ] Safepoint "Cleanup", Time since last: 1000230725 ns, Reaching safepoint: 97311 ns, At safepoint: 6063 ns, Total: 103374 ns
[2020-09-11T14:39:05.497+0000][1][safepoint    ] Safepoint "Cleanup", Time since last: 1000185133 ns, Reaching safepoint: 99642 ns, At safepoint: 7122 ns, Total: 106764 ns
[2020-09-11T14:39:06.498+0000][1][safepoint    ] Safepoint "Cleanup", Time since last: 1000151436 ns, Reaching safepoint: 147515 ns, At safepoint: 17103 ns, Total: 164618 ns
[2020-09-11T14:39:07.498+0000][1][safepoint    ] Safepoint "Cleanup", Time since last: 1000209267 ns, Reaching safepoint: 112570 ns, At safepoint: 7107 ns, Total: 119677 ns
[2020-09-11T14:39:08.498+0000][1][safepoint    ] Safepoint "Cleanup", Time since last: 1000129125 ns, Reaching safepoint: 113768 ns, At safepoint: 6589 ns, Total: 120357 ns
[2020-09-11T14:39:09.498+0000][1][safepoint    ] Safepoint "Cleanup", Time since last: 1000164473 ns, Reaching safepoint: 108866 ns, At safepoint: 6778 ns, Total: 115644 ns
[2020-09-11T14:39:10.499+0000][1][safepoint    ] Safepoint "Cleanup", Time since last: 1000118356 ns, Reaching safepoint: 86071 ns, At safepoint: 6600 ns, Total: 92671 ns
[2020-09-11T14:39:11.500+0000][1][safepoint    ] Safepoint "Cleanup", Time since last: 1000963575 ns, Reaching safepoint: 148718 ns, At safepoint: 17587 ns, Total: 166305 ns
[2020-09-11T14:39:12.500+0000][1][safepoint    ] Safepoint "Cleanup", Time since last: 1000223084 ns, Reaching safepoint: 149690 ns, At safepoint: 16979 ns, Total: 166669 ns
[2020-09-11T14:39:13.501+0000][1][safepoint    ] Safepoint "Cleanup", Time since last: 1000252240 ns, Reaching safepoint: 151200 ns, At safepoint: 17697 ns, Total: 168897 ns
[2020-09-11T14:39:14.501+0000][1][safepoint    ] Safepoint "Cleanup", Time since last: 1000189792 ns, Reaching safepoint: 150585 ns, At safepoint: 15169 ns, Total: 165754 ns
[2020-09-11T14:39:15.501+0000][1][safepoint    ] Safepoint "Cleanup", Time since last: 1000203110 ns, Reaching safepoint: 117395 ns, At safepoint: 7041 ns, Total: 124436 ns
[2020-09-11T14:39:16.502+0000][1][safepoint    ] Safepoint "Cleanup", Time since last: 1000711377 ns, Reaching safepoint: 139174 ns, At safepoint: 7513 ns, Total: 146687 ns
[2020-09-11T14:39:17.502+0000][1][safepoint    ] Safepoint "Cleanup", Time since last: 1000139940 ns, Reaching safepoint: 146256 ns, At safepoint: 17700 ns, Total: 163956 ns
[2020-09-11T14:39:18.503+0000][1][safepoint    ] Safepoint "Cleanup", Time since last: 1000225038 ns, Reaching safepoint: 99502 ns, At safepoint: 6805 ns, Total: 106307 ns
[2020-09-11T14:39:19.503+0000][1][safepoint    ] Safepoint "Cleanup", Time since last: 1000163573 ns, Reaching safepoint: 98444 ns, At safepoint: 7015 ns, Total: 105459 ns
[2020-09-11T14:39:20.503+0000][1][safepoint    ] Safepoint "Cleanup", Time since last: 1000174268 ns, Reaching safepoint: 226565 ns, At safepoint: 7042 ns, Total: 233607 ns
[2020-09-11T14:39:21.504+0000][1][safepoint    ] Safepoint "Cleanup", Time since last: 1000903897 ns, Reaching safepoint: 109901 ns, At safepoint: 7902 ns, Total: 117803 ns
[2020-09-11T14:39:22.505+0000][1][safepoint    ] Safepoint "Cleanup", Time since last: 1000188247 ns, Reaching safepoint: 108271 ns, At safepoint: 6950 ns, Total: 115221 ns
[2020-09-11T14:39:23.505+0000][1][safepoint    ] Safepoint "Cleanup", Time since last: 1000191856 ns, Reaching safepoint: 151989 ns, At safepoint: 17333 ns, Total: 169322 ns
[2020-09-11T14:39:24.505+0000][1][safepoint    ] Safepoint "Cleanup", Time since last: 1000193910 ns, Reaching safepoint: 161176 ns, At safepoint: 16732 ns, Total: 177908 ns
[2020-09-11T14:39:25.506+0000][1][safepoint    ] Safepoint "Cleanup", Time since last: 1000190783 ns, Reaching safepoint: 151575 ns, At safepoint: 17881 ns, Total: 169456 ns
[2020-09-11T14:39:25.765+0000][1][safepoint    ] Safepoint "RevokeBias", Time since last: 259149291 ns, Reaching safepoint: 190217 ns, At safepoint: 9209 ns, Total: 199426 ns
[2020-09-11T14:39:25.766+0000][1][safepoint    ] Safepoint "RevokeBias", Time since last: 561581 ns, Reaching safepoint: 158037 ns, At safepoint: 7206 ns, Total: 165243 ns
[2020-09-11T14:39:26.767+0000][1][safepoint    ] Safepoint "Cleanup", Time since last: 1001179476 ns, Reaching safepoint: 224908 ns, At safepoint: 8514 ns, Total: 233422 ns
[2020-09-11T14:39:27.630+0000][1][gc,start     ] GC(90) Pause Young (Allocation Failure)
[2020-09-11T14:39:27.630+0000][1][gc,task      ] GC(90) Using 1 workers of 1 for evacuation
[2020-09-11T14:39:27.634+0000][1][gc,age       ] GC(90) Desired survivor size 4358144 bytes, new threshold 6 (max threshold 6)
[2020-09-11T14:39:27.634+0000][1][gc,age       ] GC(90) Age table with threshold 6 (max threshold 6)
[2020-09-11T14:39:27.634+0000][1][gc,age       ] GC(90) - age   1:      65232 bytes,      65232 total
[2020-09-11T14:39:27.634+0000][1][gc,age       ] GC(90) - age   2:       3144 bytes,      68376 total
[2020-09-11T14:39:27.634+0000][1][gc,age       ] GC(90) - age   3:        520 bytes,      68896 total
[2020-09-11T14:39:27.634+0000][1][gc,age       ] GC(90) - age   4:        856 bytes,      69752 total
[2020-09-11T14:39:27.634+0000][1][gc,age       ] GC(90) - age   5:      14296 bytes,      84048 total
[2020-09-11T14:39:27.634+0000][1][gc,age       ] GC(90) - age   6:      16624 bytes,     100672 total
[2020-09-11T14:39:27.634+0000][1][gc,heap      ] GC(90) ParNew: 68453K->145K(76672K)
[2020-09-11T14:39:27.634+0000][1][gc,heap      ] GC(90) CMS: 69539K->69544K(439104K)
[2020-09-11T14:39:27.634+0000][1][gc,metaspace ] GC(90) Metaspace: 85242K->85242K(1128448K)
[2020-09-11T14:39:27.634+0000][1][gc           ] GC(90) Pause Young (Allocation Failure) 134M->68M(503M) 4.220ms
[2020-09-11T14:39:27.634+0000][1][gc,cpu       ] GC(90) User=0.00s Sys=0.00s Real=0.00s
[2020-09-11T14:39:27.634+0000][1][safepoint    ] Safepoint "GenCollectForAllocation", Time since last: 862447823 ns, Reaching safepoint: 82327 ns, At safepoint: 4301464 ns, Total: 4383791 ns
[2020-09-11T14:39:29.635+0000][1][safepoint    ] Safepoint "Cleanup", Time since last: 2000341213 ns, Reaching safepoint: 255329 ns, At safepoint: 18736 ns, Total: 274065 ns
[2020-09-11T14:39:30.635+0000][1][safepoint    ] Safepoint "Cleanup", Time since last: 1000230737 ns, Reaching safepoint: 154782 ns, At safepoint: 18763 ns, Total: 173545 ns
[2020-09-11T14:39:32.637+0000][1][safepoint    ] Safepoint "Cleanup", Time since last: 2001327697 ns, Reaching safepoint: 139687 ns, At safepoint: 17343 ns, Total: 157030 ns
[2020-09-11T14:39:33.637+0000][1][safepoint    ] Safepoint "Cleanup", Time since last: 1000210962 ns, Reaching safepoint: 206280 ns, At safepoint: 20607 ns, Total: 226887 ns
[2020-09-11T14:39:34.637+0000][1][safepoint    ] Safepoint "Cleanup", Time since last: 1000201361 ns, Reaching safepoint: 115433 ns, At safepoint: 7738 ns, Total: 123171 ns
[2020-09-11T14:39:35.638+0000][1][safepoint    ] Safepoint "Cleanup", Time since last: 1000157352 ns, Reaching safepoint: 113019 ns, At safepoint: 7188 ns, Total: 120207 ns
[2020-09-11T14:39:36.639+0000][1][safepoint    ] Safepoint "Cleanup", Time since last: 1000706669 ns, Reaching safepoint: 142801 ns, At safepoint: 17109 ns, Total: 159910 ns
[2020-09-11T14:39:37.639+0000][1][safepoint    ] Safepoint "Cleanup", Time since last: 1000203227 ns, Reaching safepoint: 150969 ns, At safepoint: 17410 ns, Total: 168379 ns
[2020-09-11T14:39:38.639+0000][1][safepoint    ] Safepoint "Cleanup", Time since last: 1000197185 ns, Reaching safepoint: 121555 ns, At safepoint: 8230 ns, Total: 129785 ns
[2020-09-11T14:39:39.640+0000][1][safepoint    ] Safepoint "Cleanup", Time since last: 1000140168 ns, Reaching safepoint: 121687 ns, At safepoint: 7240 ns, Total: 128927 ns
[2020-09-11T14:39:40.640+0000][1][safepoint    ] Safepoint "Cleanup", Time since last: 1000198334 ns, Reaching safepoint: 96702 ns, At safepoint: 7655 ns, Total: 104357 ns
[2020-09-11T14:39:41.662+0000][1][safepoint    ] Safepoint "Cleanup", Time since last: 1021641041 ns, Reaching safepoint: 124809 ns, At safepoint: 7569 ns, Total: 132378 ns
[2020-09-11T14:39:42.662+0000][1][safepoint    ] Safepoint "Cleanup", Time since last: 1000155626 ns, Reaching safepoint: 121286 ns, At safepoint: 8887 ns, Total: 130173 ns
[2020-09-11T14:39:43.662+0000][1][safepoint    ] Safepoint "Cleanup", Time since last: 1000204877 ns, Reaching safepoint: 96309 ns, At safepoint: 7097 ns, Total: 103406 ns
[2020-09-11T14:39:44.663+0000][1][safepoint    ] Safepoint "Cleanup", Time since last: 1000178451 ns, Reaching safepoint: 100245 ns, At safepoint: 7497 ns, Total: 107742 ns
[2020-09-11T14:39:45.663+0000][1][safepoint    ] Safepoint "Cleanup", Time since last: 1000143629 ns, Reaching safepoint: 140903 ns, At safepoint: 16629 ns, Total: 157532 ns
[2020-09-11T14:39:46.664+0000][1][safepoint    ] Safepoint "Cleanup", Time since last: 1001211269 ns, Reaching safepoint: 110075 ns, At safepoint: 8065 ns, Total: 118140 ns
[2020-09-11T14:39:47.664+0000][1][safepoint    ] Safepoint "Cleanup", Time since last: 1000185355 ns, Reaching safepoint: 107614 ns, At safepoint: 6837 ns, Total: 114451 ns
[2020-09-11T14:39:48.665+0000][1][safepoint    ] Safepoint "Cleanup", Time since last: 1000185349 ns, Reaching safepoint: 103865 ns, At safepoint: 6855 ns, Total: 110720 ns
[2020-09-11T14:39:49.665+0000][1][safepoint    ] Safepoint "Cleanup", Time since last: 1000173234 ns, Reaching safepoint: 108744 ns, At safepoint: 7325 ns, Total: 116069 ns
[2020-09-11T14:39:50.665+0000][1][safepoint    ] Safepoint "Cleanup", Time since last: 1000180541 ns, Reaching safepoint: 140667 ns, At safepoint: 17406 ns, Total: 158073 ns
[2020-09-11T14:39:51.666+0000][1][safepoint    ] Safepoint "Cleanup", Time since last: 1000993969 ns, Reaching safepoint: 81935 ns, At safepoint: 7223 ns, Total: 89158 ns
[2020-09-11T14:39:52.667+0000][1][safepoint    ] Safepoint "Cleanup", Time since last: 1000204400 ns, Reaching safepoint: 163916 ns, At safepoint: 17621 ns, Total: 181537 ns
[2020-09-11T14:39:53.667+0000][1][safepoint    ] Safepoint "Cleanup", Time since last: 1000234613 ns, Reaching safepoint: 101485 ns, At safepoint: 7146 ns, Total: 108631 ns
[2020-09-11T14:39:54.667+0000][1][safepoint    ] Safepoint "Cleanup", Time since last: 1000166823 ns, Reaching safepoint: 123392 ns, At safepoint: 6684 ns, Total: 130076 ns
[2020-09-11T14:39:55.668+0000][1][safepoint    ] Safepoint "Cleanup", Time since last: 1000218382 ns, Reaching safepoint: 99496 ns, At safepoint: 7551 ns, Total: 107047 ns
[2020-09-11T14:39:56.669+0000][1][safepoint    ] Safepoint "Cleanup", Time since last: 1000852849 ns, Reaching safepoint: 116816 ns, At safepoint: 7520 ns, Total: 124336 ns
[2020-09-11T14:39:57.669+0000][1][safepoint    ] Safepoint "Cleanup", Time since last: 1000177804 ns, Reaching safepoint: 102661 ns, At safepoint: 7083 ns, Total: 109744 ns
[2020-09-11T14:39:58.669+0000][1][safepoint    ] Safepoint "Cleanup", Time since last: 1000189188 ns, Reaching safepoint: 101840 ns, At safepoint: 7292 ns, Total: 109132 ns
[2020-09-11T14:39:59.670+0000][1][safepoint    ] Safepoint "Cleanup", Time since last: 1000192531 ns, Reaching safepoint: 103151 ns, At safepoint: 7187 ns, Total: 110338 ns
[2020-09-11T14:40:00.670+0000][1][safepoint    ] Safepoint "Cleanup", Time since last: 1000181163 ns, Reaching safepoint: 141391 ns, At safepoint: 16741 ns, Total: 158132 ns
[2020-09-11T14:40:01.671+0000][1][safepoint    ] Safepoint "Cleanup", Time since last: 1001173517 ns, Reaching safepoint: 102180 ns, At safepoint: 7676 ns, Total: 109856 ns
[2020-09-11T14:40:02.672+0000][1][safepoint    ] Safepoint "Cleanup", Time since last: 1000181319 ns, Reaching safepoint: 96215 ns, At safepoint: 6915 ns, Total: 103130 ns
[2020-09-11T14:40:03.672+0000][1][safepoint    ] Safepoint "Cleanup", Time since last: 1000179460 ns, Reaching safepoint: 108427 ns, At safepoint: 7678 ns, Total: 116105 ns
[2020-09-11T14:40:04.672+0000][1][safepoint    ] Safepoint "Cleanup", Time since last: 1000224431 ns, Reaching safepoint: 72192 ns, At safepoint: 7538 ns, Total: 79730 ns
[2020-09-11T14:40:05.672+0000][1][safepoint    ] Safepoint "Cleanup", Time since last: 1000162010 ns, Reaching safepoint: 107288 ns, At safepoint: 6681 ns, Total: 113969 ns
[2020-09-11T14:40:06.673+0000][1][safepoint    ] Safepoint "Cleanup", Time since last: 1000855789 ns, Reaching safepoint: 138932 ns, At safepoint: 17838 ns, Total: 156770 ns
[2020-09-11T14:40:07.674+0000][1][safepoint    ] Safepoint "Cleanup", Time since last: 1000187770 ns, Reaching safepoint: 119258 ns, At safepoint: 6459 ns, Total: 125717 ns
[2020-09-11T14:40:08.674+0000][1][safepoint    ] Safepoint "Cleanup", Time since last: 1000165321 ns, Reaching safepoint: 107577 ns, At safepoint: 7827 ns, Total: 115404 ns
[2020-09-11T14:40:09.674+0000][1][safepoint    ] Safepoint "Cleanup", Time since last: 1000160788 ns, Reaching safepoint: 72558 ns, At safepoint: 7054 ns, Total: 79612 ns
[2020-09-11T14:40:10.675+0000][1][safepoint    ] Safepoint "Cleanup", Time since last: 1000171959 ns, Reaching safepoint: 125279 ns, At safepoint: 6582 ns, Total: 131861 ns
[2020-09-11T14:40:11.676+0000][1][safepoint    ] Safepoint "Cleanup", Time since last: 1000728000 ns, Reaching safepoint: 320558 ns, At safepoint: 11099 ns, Total: 331657 ns
[2020-09-11T14:40:12.656+0000][1][gc,start     ] GC(91) Pause Young (Allocation Failure)
[2020-09-11T14:40:12.657+0000][1][gc,task      ] GC(91) Using 1 workers of 1 for evacuation
[2020-09-11T14:40:12.661+0000][1][gc,age       ] GC(91) Desired survivor size 4358144 bytes, new threshold 6 (max threshold 6)
[2020-09-11T14:40:12.661+0000][1][gc,age       ] GC(91) Age table with threshold 6 (max threshold 6)
[2020-09-11T14:40:12.661+0000][1][gc,age       ] GC(91) - age   1:      42048 bytes,      42048 total
[2020-09-11T14:40:12.661+0000][1][gc,age       ] GC(91) - age   2:      28048 bytes,      70096 total
[2020-09-11T14:40:12.661+0000][1][gc,age       ] GC(91) - age   3:        664 bytes,      70760 total
[2020-09-11T14:40:12.661+0000][1][gc,age       ] GC(91) - age   4:        520 bytes,      71280 total
[2020-09-11T14:40:12.661+0000][1][gc,age       ] GC(91) - age   5:        856 bytes,      72136 total
[2020-09-11T14:40:12.661+0000][1][gc,age       ] GC(91) - age   6:      14296 bytes,      86432 total
[2020-09-11T14:40:12.661+0000][1][gc,heap      ] GC(91) ParNew: 68305K->110K(76672K)
[2020-09-11T14:40:12.661+0000][1][gc,heap      ] GC(91) CMS: 69544K->69561K(439104K)
[2020-09-11T14:40:12.661+0000][1][gc,metaspace ] GC(91) Metaspace: 85243K->85243K(1128448K)
[2020-09-11T14:40:12.661+0000][1][gc           ] GC(91) Pause Young (Allocation Failure) 134M->68M(503M) 4.358ms
[2020-09-11T14:40:12.661+0000][1][gc,cpu       ] GC(91) User=0.00s Sys=0.00s Real=0.00s
[2020-09-11T14:40:12.661+0000][1][safepoint    ] Safepoint "GenCollectForAllocation", Time since last: 980655926 ns, Reaching safepoint: 155739 ns, At safepoint: 4446761 ns, Total: 4602500 ns
[2020-09-11T14:40:13.661+0000][1][safepoint    ] Safepoint "Cleanup", Time since last: 1000453272 ns, Reaching safepoint: 72447 ns, At safepoint: 5711 ns, Total: 78158 ns
[2020-09-11T14:40:14.662+0000][1][safepoint    ] Safepoint "Cleanup", Time since last: 1000133483 ns, Reaching safepoint: 70147 ns, At safepoint: 5209 ns, Total: 75356 ns
[2020-09-11T14:40:15.662+0000][1][safepoint    ] Safepoint "Cleanup", Time since last: 1000127496 ns, Reaching safepoint: 151341 ns, At safepoint: 15856 ns, Total: 167197 ns
[2020-09-11T14:40:16.663+0000][1][safepoint    ] Safepoint "Cleanup", Time since last: 1000141465 ns, Reaching safepoint: 970046 ns, At safepoint: 9200 ns, Total: 979246 ns
[2020-09-11T14:40:17.663+0000][1][safepoint    ] Safepoint "Cleanup", Time since last: 1000140465 ns, Reaching safepoint: 216379 ns, At safepoint: 15172 ns, Total: 231551 ns
[2020-09-11T14:40:18.664+0000][1][safepoint    ] Safepoint "Cleanup", Time since last: 1000220692 ns, Reaching safepoint: 155945 ns, At safepoint: 19775 ns, Total: 175720 ns
[2020-09-11T14:40:19.664+0000][1][safepoint    ] Safepoint "Cleanup", Time since last: 1000173697 ns, Reaching safepoint: 142738 ns, At safepoint: 16457 ns, Total: 159195 ns
[2020-09-11T14:40:20.665+0000][1][safepoint    ] Safepoint "Cleanup", Time since last: 1000195001 ns, Reaching safepoint: 152253 ns, At safepoint: 18325 ns, Total: 170578 ns
[2020-09-11T14:40:21.665+0000][1][safepoint    ] Safepoint "Cleanup", Time since last: 1000216509 ns, Reaching safepoint: 104087 ns, At safepoint: 7637 ns, Total: 111724 ns
[2020-09-11T14:40:22.665+0000][1][safepoint    ] Safepoint "Cleanup", Time since last: 1000175779 ns, Reaching safepoint: 149339 ns, At safepoint: 17948 ns, Total: 167287 ns
[2020-09-11T14:40:23.666+0000][1][safepoint    ] Safepoint "Cleanup", Time since last: 1000192689 ns, Reaching safepoint: 164654 ns, At safepoint: 21526 ns, Total: 186180 ns
[2020-09-11T14:40:24.666+0000][1][safepoint    ] Safepoint "Cleanup", Time since last: 1000462319 ns, Reaching safepoint: 146011 ns, At safepoint: 17367 ns, Total: 163378 ns
[2020-09-11T14:40:25.667+0000][1][safepoint    ] Safepoint "Cleanup", Time since last: 1000236858 ns, Reaching safepoint: 107122 ns, At safepoint: 7552 ns, Total: 114674 ns
[2020-09-11T14:40:26.667+0000][1][safepoint    ] Safepoint "Cleanup", Time since last: 1000174835 ns, Reaching safepoint: 110440 ns, At safepoint: 6716 ns, Total: 117156 ns
[2020-09-11T14:40:27.667+0000][1][safepoint    ] Safepoint "Cleanup", Time since last: 1000174796 ns, Reaching safepoint: 112391 ns, At safepoint: 8320 ns, Total: 120711 ns
[2020-09-11T14:40:28.668+0000][1][safepoint    ] Safepoint "Cleanup", Time since last: 1000180555 ns, Reaching safepoint: 189983 ns, At safepoint: 15843 ns, Total: 205826 ns
[2020-09-11T14:40:29.668+0000][1][safepoint    ] Safepoint "Cleanup", Time since last: 1000204820 ns, Reaching safepoint: 150398 ns, At safepoint: 17881 ns, Total: 168279 ns
[2020-09-11T14:40:30.668+0000][1][safepoint    ] Safepoint "Cleanup", Time since last: 1000234837 ns, Reaching safepoint: 158821 ns, At safepoint: 18198 ns, Total: 177019 ns
[2020-09-11T14:40:31.669+0000][1][safepoint    ] Safepoint "Cleanup", Time since last: 1000226646 ns, Reaching safepoint: 129726 ns, At safepoint: 8844 ns, Total: 138570 ns
[2020-09-11T14:40:32.669+0000][1][safepoint    ] Safepoint "Cleanup", Time since last: 1000154928 ns, Reaching safepoint: 145991 ns, At safepoint: 17160 ns, Total: 163151 ns
[2020-09-11T14:40:33.669+0000][1][safepoint    ] Safepoint "Cleanup", Time since last: 1000215398 ns, Reaching safepoint: 140172 ns, At safepoint: 17537 ns, Total: 157709 ns
[2020-09-11T14:40:34.670+0000][1][safepoint    ] Safepoint "Cleanup", Time since last: 1000247265 ns, Reaching safepoint: 97530 ns, At safepoint: 7512 ns, Total: 105042 ns
[2020-09-11T14:40:35.670+0000][1][safepoint    ] Safepoint "Cleanup", Time since last: 1000166849 ns, Reaching safepoint: 107441 ns, At safepoint: 7760 ns, Total: 115201 ns
[2020-09-11T14:40:36.672+0000][1][safepoint    ] Safepoint "Cleanup", Time since last: 1001410785 ns, Reaching safepoint: 338036 ns, At safepoint: 19739 ns, Total: 357775 ns
[2020-09-11T14:40:37.672+0000][1][safepoint    ] Safepoint "Cleanup", Time since last: 1000179379 ns, Reaching safepoint: 142533 ns, At safepoint: 7461 ns, Total: 149994 ns
[2020-09-11T14:40:38.672+0000][1][safepoint    ] Safepoint "Cleanup", Time since last: 1000167079 ns, Reaching safepoint: 109435 ns, At safepoint: 6624 ns, Total: 116059 ns
[2020-09-11T14:40:39.673+0000][1][safepoint    ] Safepoint "Cleanup", Time since last: 1000155916 ns, Reaching safepoint: 147481 ns, At safepoint: 17815 ns, Total: 165296 ns
[2020-09-11T14:40:40.673+0000][1][safepoint    ] Safepoint "Cleanup", Time since last: 1000295558 ns, Reaching safepoint: 79040 ns, At safepoint: 7421 ns, Total: 86461 ns
[2020-09-11T14:40:41.673+0000][1][safepoint    ] Safepoint "Cleanup", Time since last: 1000184999 ns, Reaching safepoint: 105471 ns, At safepoint: 6922 ns, Total: 112393 ns
[2020-09-11T14:40:42.674+0000][1][safepoint    ] Safepoint "Cleanup", Time since last: 1000177654 ns, Reaching safepoint: 105521 ns, At safepoint: 6955 ns, Total: 112476 ns
[2020-09-11T14:40:43.674+0000][1][safepoint    ] Safepoint "Cleanup", Time since last: 1000203030 ns, Reaching safepoint: 139841 ns, At safepoint: 17764 ns, Total: 157605 ns
[2020-09-11T14:40:44.674+0000][1][safepoint    ] Safepoint "Cleanup", Time since last: 1000230390 ns, Reaching safepoint: 104876 ns, At safepoint: 6558 ns, Total: 111434 ns
[2020-09-11T14:40:45.675+0000][1][safepoint    ] Safepoint "Cleanup", Time since last: 1000183920 ns, Reaching safepoint: 147662 ns, At safepoint: 18526 ns, Total: 166188 ns
[2020-09-11T14:40:46.675+0000][1][safepoint    ] Safepoint "Cleanup", Time since last: 1000237615 ns, Reaching safepoint: 163441 ns, At safepoint: 18843 ns, Total: 182284 ns
[2020-09-11T14:40:47.676+0000][1][safepoint    ] Safepoint "Cleanup", Time since last: 1000219297 ns, Reaching safepoint: 127094 ns, At safepoint: 6700 ns, Total: 133794 ns
[2020-09-11T14:40:48.676+0000][1][safepoint    ] Safepoint "Cleanup", Time since last: 1000179697 ns, Reaching safepoint: 103408 ns, At safepoint: 6919 ns, Total: 110327 ns
[2020-09-11T14:40:49.676+0000][1][safepoint    ] Safepoint "Cleanup", Time since last: 1000175437 ns, Reaching safepoint: 144204 ns, At safepoint: 18315 ns, Total: 162519 ns
[2020-09-11T14:40:50.677+0000][1][safepoint    ] Safepoint "Cleanup", Time since last: 1000195905 ns, Reaching safepoint: 146035 ns, At safepoint: 18165 ns, Total: 164200 ns
[2020-09-11T14:40:51.677+0000][1][safepoint    ] Safepoint "Cleanup", Time since last: 1000190623 ns, Reaching safepoint: 149667 ns, At safepoint: 17934 ns, Total: 167601 ns
[2020-09-11T14:40:52.677+0000][1][safepoint    ] Safepoint "Cleanup", Time since last: 1000234838 ns, Reaching safepoint: 145143 ns, At safepoint: 17701 ns, Total: 162844 ns
[2020-09-11T14:40:53.678+0000][1][safepoint    ] Safepoint "Cleanup", Time since last: 1000239371 ns, Reaching safepoint: 143282 ns, At safepoint: 18606 ns, Total: 161888 ns
[2020-09-11T14:40:54.678+0000][1][safepoint    ] Safepoint "Cleanup", Time since last: 1000217555 ns, Reaching safepoint: 142357 ns, At safepoint: 17226 ns, Total: 159583 ns
[2020-09-11T14:40:55.678+0000][1][safepoint    ] Safepoint "Cleanup", Time since last: 1000214858 ns, Reaching safepoint: 147087 ns, At safepoint: 20414 ns, Total: 167501 ns
[2020-09-11T14:40:56.679+0000][1][safepoint    ] Safepoint "Cleanup", Time since last: 1000208777 ns, Reaching safepoint: 140329 ns, At safepoint: 17507 ns, Total: 157836 ns
[2020-09-11T14:40:57.122+0000][1][gc,start     ] GC(92) Pause Young (Allocation Failure)
[2020-09-11T14:40:57.123+0000][1][gc,task      ] GC(92) Using 1 workers of 1 for evacuation
[2020-09-11T14:40:57.131+0000][1][gc,age       ] GC(92) Desired survivor size 4358144 bytes, new threshold 6 (max threshold 6)
[2020-09-11T14:40:57.131+0000][1][gc,age       ] GC(92) Age table with threshold 6 (max threshold 6)
[2020-09-11T14:40:57.131+0000][1][gc,age       ] GC(92) - age   1:     114112 bytes,     114112 total
[2020-09-11T14:40:57.131+0000][1][gc,age       ] GC(92) - age   2:       6584 bytes,     120696 total
[2020-09-11T14:40:57.131+0000][1][gc,age       ] GC(92) - age   3:      20160 bytes,     140856 total
[2020-09-11T14:40:57.131+0000][1][gc,age       ] GC(92) - age   4:        544 bytes,     141400 total
[2020-09-11T14:40:57.131+0000][1][gc,age       ] GC(92) - age   5:        520 bytes,     141920 total
[2020-09-11T14:40:57.131+0000][1][gc,age       ] GC(92) - age   6:        856 bytes,     142776 total
[2020-09-11T14:40:57.131+0000][1][gc,heap      ] GC(92) ParNew: 68270K->181K(76672K)
[2020-09-11T14:40:57.131+0000][1][gc,heap      ] GC(92) CMS: 69561K->69575K(439104K)
[2020-09-11T14:40:57.131+0000][1][gc,metaspace ] GC(92) Metaspace: 85246K->85246K(1128448K)
[2020-09-11T14:40:57.131+0000][1][gc           ] GC(92) Pause Young (Allocation Failure) 134M->68M(503M) 8.660ms
[2020-09-11T14:40:57.131+0000][1][gc,cpu       ] GC(92) User=0.01s Sys=0.00s Real=0.01s
[2020-09-11T14:40:57.131+0000][1][safepoint    ] Safepoint "GenCollectForAllocation", Time since last: 443305718 ns, Reaching safepoint: 271590 ns, At safepoint: 8783377 ns, Total: 9054967 ns
[2020-09-11T14:40:58.132+0000][1][safepoint    ] Safepoint "Cleanup", Time since last: 1000858679 ns, Reaching safepoint: 154458 ns, At safepoint: 18005 ns, Total: 172463 ns
[2020-09-11T14:40:59.133+0000][1][safepoint    ] Safepoint "Cleanup", Time since last: 1000183351 ns, Reaching safepoint: 131919 ns, At safepoint: 16956 ns, Total: 148875 ns
[2020-09-11T14:41:00.133+0000][1][safepoint    ] Safepoint "Cleanup", Time since last: 1000194933 ns, Reaching safepoint: 136276 ns, At safepoint: 17460 ns, Total: 153736 ns
[2020-09-11T14:41:01.133+0000][1][safepoint    ] Safepoint "Cleanup", Time since last: 1000188378 ns, Reaching safepoint: 141862 ns, At safepoint: 17289 ns, Total: 159151 ns
[2020-09-11T14:41:02.133+0000][1][safepoint    ] Safepoint "Cleanup", Time since last: 1000166681 ns, Reaching safepoint: 108008 ns, At safepoint: 7006 ns, Total: 115014 ns
[2020-09-11T14:41:03.134+0000][1][safepoint    ] Safepoint "Cleanup", Time since last: 1000151366 ns, Reaching safepoint: 80772 ns, At safepoint: 6240 ns, Total: 87012 ns
[2020-09-11T14:41:04.134+0000][1][safepoint    ] Safepoint "Cleanup", Time since last: 1000171974 ns, Reaching safepoint: 143787 ns, At safepoint: 17814 ns, Total: 161601 ns
[2020-09-11T14:41:05.134+0000][1][safepoint    ] Safepoint "Cleanup", Time since last: 1000200150 ns, Reaching safepoint: 95128 ns, At safepoint: 6514 ns, Total: 101642 ns
[2020-09-11T14:41:06.135+0000][1][safepoint    ] Safepoint "Cleanup", Time since last: 1000160154 ns, Reaching safepoint: 128992 ns, At safepoint: 17009 ns, Total: 146001 ns
[2020-09-11T14:41:07.135+0000][1][safepoint    ] Safepoint "Cleanup", Time since last: 1000186266 ns, Reaching safepoint: 98977 ns, At safepoint: 5999 ns, Total: 104976 ns
[2020-09-11T14:41:08.135+0000][1][safepoint    ] Safepoint "Cleanup", Time since last: 1000182385 ns, Reaching safepoint: 132892 ns, At safepoint: 16223 ns, Total: 149115 ns
[2020-09-11T14:41:09.136+0000][1][safepoint    ] Safepoint "Cleanup", Time since last: 1000192363 ns, Reaching safepoint: 133673 ns, At safepoint: 16124 ns, Total: 149797 ns
[2020-09-11T14:41:10.136+0000][1][safepoint    ] Safepoint "Cleanup", Time since last: 1000203036 ns, Reaching safepoint: 91282 ns, At safepoint: 7269 ns, Total: 98551 ns
[2020-09-11T14:41:11.136+0000][1][safepoint    ] Safepoint "Cleanup", Time since last: 1000158484 ns, Reaching safepoint: 131217 ns, At safepoint: 16448 ns, Total: 147665 ns
[2020-09-11T14:41:12.137+0000][1][safepoint    ] Safepoint "Cleanup", Time since last: 1000153860 ns, Reaching safepoint: 124068 ns, At safepoint: 14878 ns, Total: 138946 ns
[2020-09-11T14:41:13.137+0000][1][safepoint    ] Safepoint "Cleanup", Time since last: 1000155310 ns, Reaching safepoint: 62148 ns, At safepoint: 5347 ns, Total: 67495 ns
[2020-09-11T14:41:14.137+0000][1][safepoint    ] Safepoint "Cleanup", Time since last: 1000165351 ns, Reaching safepoint: 102107 ns, At safepoint: 7091 ns, Total: 109198 ns
[2020-09-11T14:41:15.137+0000][1][safepoint    ] Safepoint "Cleanup", Time since last: 1000178553 ns, Reaching safepoint: 94005 ns, At safepoint: 7197 ns, Total: 101202 ns
[2020-09-11T14:41:16.138+0000][1][safepoint    ] Safepoint "Cleanup", Time since last: 1000122053 ns, Reaching safepoint: 129917 ns, At safepoint: 5957 ns, Total: 135874 ns
[2020-09-11T14:41:17.138+0000][1][safepoint    ] Safepoint "Cleanup", Time since last: 1000118860 ns, Reaching safepoint: 116624 ns, At safepoint: 6050 ns, Total: 122674 ns
[2020-09-11T14:41:18.138+0000][1][safepoint    ] Safepoint "Cleanup", Time since last: 1000173150 ns, Reaching safepoint: 138127 ns, At safepoint: 18596 ns, Total: 156723 ns
[2020-09-11T14:41:19.139+0000][1][safepoint    ] Safepoint "Cleanup", Time since last: 1000212745 ns, Reaching safepoint: 137128 ns, At safepoint: 16548 ns, Total: 153676 ns
[2020-09-11T14:41:20.139+0000][1][safepoint    ] Safepoint "Cleanup", Time since last: 1000225943 ns, Reaching safepoint: 136994 ns, At safepoint: 18349 ns, Total: 155343 ns
[2020-09-11T14:41:21.139+0000][1][safepoint    ] Safepoint "Cleanup", Time since last: 1000226338 ns, Reaching safepoint: 105761 ns, At safepoint: 6923 ns, Total: 112684 ns
[2020-09-11T14:41:22.141+0000][1][safepoint    ] Safepoint "Cleanup", Time since last: 1002126591 ns, Reaching safepoint: 76876 ns, At safepoint: 6707 ns, Total: 83583 ns
[2020-09-11T14:41:23.142+0000][1][safepoint    ] Safepoint "Cleanup", Time since last: 1000184417 ns, Reaching safepoint: 134913 ns, At safepoint: 17376 ns, Total: 152289 ns
[2020-09-11T14:41:24.142+0000][1][safepoint    ] Safepoint "Cleanup", Time since last: 1000231395 ns, Reaching safepoint: 146446 ns, At safepoint: 23067 ns, Total: 169513 ns
[2020-09-11T14:41:25.143+0000][1][safepoint    ] Safepoint "Cleanup", Time since last: 1000198983 ns, Reaching safepoint: 138154 ns, At safepoint: 17911 ns, Total: 156065 ns
[2020-09-11T14:41:26.143+0000][1][safepoint    ] Safepoint "Cleanup", Time since last: 1000216762 ns, Reaching safepoint: 141304 ns, At safepoint: 17386 ns, Total: 158690 ns
[2020-09-11T14:41:27.144+0000][1][safepoint    ] Safepoint "Cleanup", Time since last: 1001028687 ns, Reaching safepoint: 114215 ns, At safepoint: 8082 ns, Total: 122297 ns
[2020-09-11T14:41:28.144+0000][1][safepoint    ] Safepoint "Cleanup", Time since last: 1000139149 ns, Reaching safepoint: 123776 ns, At safepoint: 7131 ns, Total: 130907 ns
[2020-09-11T14:41:29.145+0000][1][safepoint    ] Safepoint "Cleanup", Time since last: 1000177789 ns, Reaching safepoint: 124150 ns, At safepoint: 7352 ns, Total: 131502 ns
[2020-09-11T14:41:30.145+0000][1][safepoint    ] Safepoint "Cleanup", Time since last: 1000167401 ns, Reaching safepoint: 102367 ns, At safepoint: 7903 ns, Total: 110270 ns
[2020-09-11T14:41:31.145+0000][1][safepoint    ] Safepoint "Cleanup", Time since last: 1000130617 ns, Reaching safepoint: 121215 ns, At safepoint: 5638 ns, Total: 126853 ns
[2020-09-11T14:41:32.153+0000][1][safepoint    ] Safepoint "Cleanup", Time since last: 1007496913 ns, Reaching safepoint: 106720 ns, At safepoint: 7594 ns, Total: 114314 ns
[2020-09-11T14:41:33.153+0000][1][safepoint    ] Safepoint "Cleanup", Time since last: 1000185674 ns, Reaching safepoint: 135049 ns, At safepoint: 16515 ns, Total: 151564 ns
[2020-09-11T14:41:34.153+0000][1][safepoint    ] Safepoint "Cleanup", Time since last: 1000219078 ns, Reaching safepoint: 99566 ns, At safepoint: 7755 ns, Total: 107321 ns
[2020-09-11T14:41:35.154+0000][1][safepoint    ] Safepoint "Cleanup", Time since last: 1000200688 ns, Reaching safepoint: 138093 ns, At safepoint: 17657 ns, Total: 155750 ns
[2020-09-11T14:41:36.154+0000][1][safepoint    ] Safepoint "Cleanup", Time since last: 1000232491 ns, Reaching safepoint: 141137 ns, At safepoint: 18559 ns, Total: 159696 ns
[2020-09-11T14:41:37.156+0000][1][safepoint    ] Safepoint "Cleanup", Time since last: 1001236398 ns, Reaching safepoint: 138872 ns, At safepoint: 16317 ns, Total: 155189 ns
[2020-09-11T14:41:38.156+0000][1][safepoint    ] Safepoint "Cleanup", Time since last: 1000209216 ns, Reaching safepoint: 138862 ns, At safepoint: 17807 ns, Total: 156669 ns
[2020-09-11T14:41:39.156+0000][1][safepoint    ] Safepoint "Cleanup", Time since last: 1000211799 ns, Reaching safepoint: 102019 ns, At safepoint: 7557 ns, Total: 109576 ns
[2020-09-11T14:41:40.157+0000][1][safepoint    ] Safepoint "Cleanup", Time since last: 1000180044 ns, Reaching safepoint: 141154 ns, At safepoint: 18218 ns, Total: 159372 ns
[2020-09-11T14:41:41.068+0000][1][gc,start     ] GC(93) Pause Young (Allocation Failure)
[2020-09-11T14:41:41.068+0000][1][gc,task      ] GC(93) Using 1 workers of 1 for evacuation
[2020-09-11T14:41:41.073+0000][1][gc,age       ] GC(93) Desired survivor size 4358144 bytes, new threshold 6 (max threshold 6)
[2020-09-11T14:41:41.073+0000][1][gc,age       ] GC(93) Age table with threshold 6 (max threshold 6)
[2020-09-11T14:41:41.073+0000][1][gc,age       ] GC(93) - age   1:     197416 bytes,     197416 total
[2020-09-11T14:41:41.073+0000][1][gc,age       ] GC(93) - age   2:       6624 bytes,     204040 total
[2020-09-11T14:41:41.073+0000][1][gc,age       ] GC(93) - age   3:       2024 bytes,     206064 total
[2020-09-11T14:41:41.073+0000][1][gc,age       ] GC(93) - age   4:      20160 bytes,     226224 total
[2020-09-11T14:41:41.073+0000][1][gc,age       ] GC(93) - age   5:        544 bytes,     226768 total
[2020-09-11T14:41:41.073+0000][1][gc,age       ] GC(93) - age   6:        520 bytes,     227288 total
[2020-09-11T14:41:41.073+0000][1][gc,heap      ] GC(93) ParNew: 68341K->334K(76672K)
[2020-09-11T14:41:41.073+0000][1][gc,heap      ] GC(93) CMS: 69575K->69575K(439104K)
[2020-09-11T14:41:41.073+0000][1][gc,metaspace ] GC(93) Metaspace: 85252K->85252K(1128448K)
[2020-09-11T14:41:41.073+0000][1][gc           ] GC(93) Pause Young (Allocation Failure) 134M->68M(503M) 5.177ms
[2020-09-11T14:41:41.073+0000][1][gc,cpu       ] GC(93) User=0.00s Sys=0.00s Real=0.00s
[2020-09-11T14:41:41.073+0000][1][safepoint    ] Safepoint "GenCollectForAllocation", Time since last: 910325124 ns, Reaching safepoint: 878081 ns, At safepoint: 5241362 ns, Total: 6119443 ns
[2020-09-11T14:41:42.078+0000][1][safepoint    ] Safepoint "Cleanup", Time since last: 1004274466 ns, Reaching safepoint: 150485 ns, At safepoint: 52347 ns, Total: 202832 ns
[2020-09-11T14:41:43.078+0000][1][safepoint    ] Safepoint "Cleanup", Time since last: 1000159213 ns, Reaching safepoint: 78104 ns, At safepoint: 20712 ns, Total: 98816 ns
[2020-09-11T14:41:44.080+0000][1][safepoint    ] Safepoint "Cleanup", Time since last: 1002076678 ns, Reaching safepoint: 73645 ns, At safepoint: 7326 ns, Total: 80971 ns
[2020-09-11T14:41:45.080+0000][1][safepoint    ] Safepoint "Cleanup", Time since last: 1000144460 ns, Reaching safepoint: 81334 ns, At safepoint: 10277 ns, Total: 91611 ns
[2020-09-11T14:41:46.080+0000][1][safepoint    ] Safepoint "Cleanup", Time since last: 1000113349 ns, Reaching safepoint: 77772 ns, At safepoint: 7285 ns, Total: 85057 ns
[2020-09-11T14:41:47.081+0000][1][safepoint    ] Safepoint "Cleanup", Time since last: 1000125298 ns, Reaching safepoint: 86914 ns, At safepoint: 8213 ns, Total: 95127 ns
[2020-09-11T14:41:48.081+0000][1][safepoint    ] Safepoint "Cleanup", Time since last: 1000135854 ns, Reaching safepoint: 92236 ns, At safepoint: 11131 ns, Total: 103367 ns
[2020-09-11T14:41:49.082+0000][1][safepoint    ] Safepoint "Cleanup", Time since last: 1001075059 ns, Reaching safepoint: 78821 ns, At safepoint: 8935 ns, Total: 87756 ns
[2020-09-11T14:41:50.082+0000][1][safepoint    ] Safepoint "Cleanup", Time since last: 1000109537 ns, Reaching safepoint: 79442 ns, At safepoint: 9039 ns, Total: 88481 ns
[2020-09-11T14:41:51.082+0000][1][safepoint    ] Safepoint "Cleanup", Time since last: 1000110624 ns, Reaching safepoint: 74959 ns, At safepoint: 7575 ns, Total: 82534 ns
[2020-09-11T14:41:52.084+0000][1][safepoint    ] Safepoint "Cleanup", Time since last: 1001088241 ns, Reaching safepoint: 99819 ns, At safepoint: 11299 ns, Total: 111118 ns
[2020-09-11T14:41:53.084+0000][1][safepoint    ] Safepoint "Cleanup", Time since last: 1000110535 ns, Reaching safepoint: 84095 ns, At safepoint: 7343 ns, Total: 91438 ns
[2020-09-11T14:41:54.084+0000][1][safepoint    ] Safepoint "Cleanup", Time since last: 1000117209 ns, Reaching safepoint: 77143 ns, At safepoint: 7450 ns, Total: 84593 ns
[2020-09-11T14:41:55.084+0000][1][safepoint    ] Safepoint "Cleanup", Time since last: 1000126356 ns, Reaching safepoint: 76238 ns, At safepoint: 6953 ns, Total: 83191 ns
[2020-09-11T14:41:56.085+0000][1][safepoint    ] Safepoint "Cleanup", Time since last: 1001028290 ns, Reaching safepoint: 74099 ns, At safepoint: 7545 ns, Total: 81644 ns
[2020-09-11T14:41:57.086+0000][1][safepoint    ] Safepoint "Cleanup", Time since last: 1000110237 ns, Reaching safepoint: 76587 ns, At safepoint: 7294 ns, Total: 83881 ns
[2020-09-11T14:41:58.086+0000][1][safepoint    ] Safepoint "Cleanup", Time since last: 1000110079 ns, Reaching safepoint: 77940 ns, At safepoint: 6386 ns, Total: 84326 ns
[2020-09-11T14:41:59.086+0000][1][safepoint    ] Safepoint "Cleanup", Time since last: 1000112824 ns, Reaching safepoint: 76552 ns, At safepoint: 6920 ns, Total: 83472 ns
[2020-09-11T14:42:00.086+0000][1][safepoint    ] Safepoint "Cleanup", Time since last: 1000108266 ns, Reaching safepoint: 203168 ns, At safepoint: 8528 ns, Total: 211696 ns
[2020-09-11T14:42:01.087+0000][1][safepoint    ] Safepoint "Cleanup", Time since last: 1000617282 ns, Reaching safepoint: 75403 ns, At safepoint: 6455 ns, Total: 81858 ns
[2020-09-11T14:42:02.087+0000][1][safepoint    ] Safepoint "Cleanup", Time since last: 1000116625 ns, Reaching safepoint: 77712 ns, At safepoint: 6981 ns, Total: 84693 ns
[2020-09-11T14:42:03.087+0000][1][safepoint    ] Safepoint "Cleanup", Time since last: 1000129822 ns, Reaching safepoint: 80488 ns, At safepoint: 9398 ns, Total: 89886 ns
[2020-09-11T14:42:04.088+0000][1][safepoint    ] Safepoint "Cleanup", Time since last: 1000072370 ns, Reaching safepoint: 78217 ns, At safepoint: 9285 ns, Total: 87502 ns
[2020-09-11T14:42:05.088+0000][1][safepoint    ] Safepoint "Cleanup", Time since last: 1000104104 ns, Reaching safepoint: 81417 ns, At safepoint: 8375 ns, Total: 89792 ns
[2020-09-11T14:42:06.089+0000][1][safepoint    ] Safepoint "Cleanup", Time since last: 1000804542 ns, Reaching safepoint: 75150 ns, At safepoint: 7631 ns, Total: 82781 ns
[2020-09-11T14:42:07.089+0000][1][safepoint    ] Safepoint "Cleanup", Time since last: 1000113068 ns, Reaching safepoint: 86969 ns, At safepoint: 10140 ns, Total: 97109 ns
[2020-09-11T14:42:08.089+0000][1][safepoint    ] Safepoint "Cleanup", Time since last: 1000099288 ns, Reaching safepoint: 75554 ns, At safepoint: 6666 ns, Total: 82220 ns
[2020-09-11T14:42:09.089+0000][1][safepoint    ] Safepoint "Cleanup", Time since last: 1000102908 ns, Reaching safepoint: 77902 ns, At safepoint: 7555 ns, Total: 85457 ns
[2020-09-11T14:42:10.089+0000][1][safepoint    ] Safepoint "Cleanup", Time since last: 1000118510 ns, Reaching safepoint: 75504 ns, At safepoint: 8013 ns, Total: 83517 ns
[2020-09-11T14:42:11.090+0000][1][safepoint    ] Safepoint "Cleanup", Time since last: 1000882620 ns, Reaching safepoint: 76902 ns, At safepoint: 6748 ns, Total: 83650 ns
[2020-09-11T14:42:12.091+0000][1][safepoint    ] Safepoint "Cleanup", Time since last: 1000127572 ns, Reaching safepoint: 84070 ns, At safepoint: 8248 ns, Total: 92318 ns
[2020-09-11T14:42:13.091+0000][1][safepoint    ] Safepoint "Cleanup", Time since last: 1000108481 ns, Reaching safepoint: 75283 ns, At safepoint: 7131 ns, Total: 82414 ns
[2020-09-11T14:42:14.091+0000][1][safepoint    ] Safepoint "Cleanup", Time since last: 1000123803 ns, Reaching safepoint: 80008 ns, At safepoint: 7674 ns, Total: 87682 ns
[2020-09-11T14:42:15.091+0000][1][safepoint    ] Safepoint "Cleanup", Time since last: 1000115097 ns, Reaching safepoint: 74954 ns, At safepoint: 7294 ns, Total: 82248 ns
[2020-09-11T14:42:16.092+0000][1][safepoint    ] Safepoint "Cleanup", Time since last: 1000897635 ns, Reaching safepoint: 69063 ns, At safepoint: 5946 ns, Total: 75009 ns
[2020-09-11T14:42:17.092+0000][1][safepoint    ] Safepoint "Cleanup", Time since last: 1000093009 ns, Reaching safepoint: 77259 ns, At safepoint: 7156 ns, Total: 84415 ns
[2020-09-11T14:42:18.092+0000][1][safepoint    ] Safepoint "Cleanup", Time since last: 1000112937 ns, Reaching safepoint: 77683 ns, At safepoint: 7978 ns, Total: 85661 ns
[2020-09-11T14:42:19.093+0000][1][safepoint    ] Safepoint "Cleanup", Time since last: 1000113622 ns, Reaching safepoint: 79047 ns, At safepoint: 7429 ns, Total: 86476 ns
[2020-09-11T14:42:20.093+0000][1][safepoint    ] Safepoint "Cleanup", Time since last: 1000112295 ns, Reaching safepoint: 80073 ns, At safepoint: 8776 ns, Total: 88849 ns
[2020-09-11T14:42:21.093+0000][1][safepoint    ] Safepoint "Cleanup", Time since last: 1000100502 ns, Reaching safepoint: 78023 ns, At safepoint: 7144 ns, Total: 85167 ns
[2020-09-11T14:42:22.093+0000][1][safepoint    ] Safepoint "Cleanup", Time since last: 1000191689 ns, Reaching safepoint: 108206 ns, At safepoint: 8422 ns, Total: 116628 ns
[2020-09-11T14:42:23.094+0000][1][safepoint    ] Safepoint "Cleanup", Time since last: 1000118723 ns, Reaching safepoint: 79507 ns, At safepoint: 7199 ns, Total: 86706 ns
[2020-09-11T14:42:24.094+0000][1][safepoint    ] Safepoint "Cleanup", Time since last: 1000156834 ns, Reaching safepoint: 124195 ns, At safepoint: 8146 ns, Total: 132341 ns
[2020-09-11T14:42:25.094+0000][1][safepoint    ] Safepoint "Cleanup", Time since last: 1000138566 ns, Reaching safepoint: 146790 ns, At safepoint: 18175 ns, Total: 164965 ns
[2020-09-11T14:42:26.096+0000][1][safepoint    ] Safepoint "Cleanup", Time since last: 1001255450 ns, Reaching safepoint: 142887 ns, At safepoint: 17400 ns, Total: 160287 ns
[2020-09-11T14:42:26.328+0000][1][gc,start     ] GC(94) Pause Young (Allocation Failure)
[2020-09-11T14:42:26.328+0000][1][gc,task      ] GC(94) Using 1 workers of 1 for evacuation
[2020-09-11T14:42:26.339+0000][1][gc,age       ] GC(94) Desired survivor size 4358144 bytes, new threshold 6 (max threshold 6)
[2020-09-11T14:42:26.339+0000][1][gc,age       ] GC(94) Age table with threshold 6 (max threshold 6)
[2020-09-11T14:42:26.339+0000][1][gc,age       ] GC(94) - age   1:     185792 bytes,     185792 total
[2020-09-11T14:42:26.339+0000][1][gc,age       ] GC(94) - age   2:      13736 bytes,     199528 total
[2020-09-11T14:42:26.339+0000][1][gc,age       ] GC(94) - age   3:       4512 bytes,     204040 total
[2020-09-11T14:42:26.339+0000][1][gc,age       ] GC(94) - age   4:       2024 bytes,     206064 total
[2020-09-11T14:42:26.339+0000][1][gc,age       ] GC(94) - age   5:      20160 bytes,     226224 total
[2020-09-11T14:42:26.339+0000][1][gc,age       ] GC(94) - age   6:        544 bytes,     226768 total
[2020-09-11T14:42:26.339+0000][1][gc,heap      ] GC(94) ParNew: 68494K->233K(76672K)
[2020-09-11T14:42:26.339+0000][1][gc,heap      ] GC(94) CMS: 69575K->69576K(439104K)
[2020-09-11T14:42:26.339+0000][1][gc,metaspace ] GC(94) Metaspace: 85255K->85255K(1128448K)
[2020-09-11T14:42:26.339+0000][1][gc           ] GC(94) Pause Young (Allocation Failure) 134M->68M(503M) 11.027ms
[2020-09-11T14:42:26.339+0000][1][gc,cpu       ] GC(94) User=0.01s Sys=0.00s Real=0.01s
[2020-09-11T14:42:26.341+0000][1][safepoint    ] Safepoint "GenCollectForAllocation", Time since last: 231719270 ns, Reaching safepoint: 303135 ns, At safepoint: 12972606 ns, Total: 13275741 ns
[2020-09-11T14:42:27.341+0000][1][safepoint    ] Safepoint "Cleanup", Time since last: 1000318472 ns, Reaching safepoint: 124825 ns, At safepoint: 7142 ns, Total: 131967 ns
[2020-09-11T14:42:28.341+0000][1][safepoint    ] Safepoint "Cleanup", Time since last: 1000166613 ns, Reaching safepoint: 157608 ns, At safepoint: 18282 ns, Total: 175890 ns
[2020-09-11T14:42:29.343+0000][1][safepoint    ] Safepoint "Cleanup", Time since last: 1001730731 ns, Reaching safepoint: 122216 ns, At safepoint: 14810 ns, Total: 137026 ns
[2020-09-11T14:42:30.344+0000][1][safepoint    ] Safepoint "Cleanup", Time since last: 1000139201 ns, Reaching safepoint: 105580 ns, At safepoint: 11851 ns, Total: 117431 ns
[2020-09-11T14:42:48.354+0000][1][safepoint    ] Safepoint "Cleanup", Time since last: 18010785115 ns, Reaching safepoint: 128183 ns, At safepoint: 9612 ns, Total: 137795 ns
[2020-09-11T14:42:55.356+0000][1][safepoint    ] Safepoint "Cleanup", Time since last: 7000933007 ns, Reaching safepoint: 122867 ns, At safepoint: 9699 ns, Total: 132566 ns
[2020-09-11T14:43:10.129+0000][1][gc,start     ] GC(95) Pause Young (Allocation Failure)
[2020-09-11T14:43:10.129+0000][1][gc,task      ] GC(95) Using 1 workers of 1 for evacuation
[2020-09-11T14:43:10.134+0000][1][gc,age       ] GC(95) Desired survivor size 4358144 bytes, new threshold 6 (max threshold 6)
[2020-09-11T14:43:10.134+0000][1][gc,age       ] GC(95) Age table with threshold 6 (max threshold 6)
[2020-09-11T14:43:10.134+0000][1][gc,age       ] GC(95) - age   1:      48320 bytes,      48320 total
[2020-09-11T14:43:10.134+0000][1][gc,age       ] GC(95) - age   2:       4032 bytes,      52352 total
[2020-09-11T14:43:10.134+0000][1][gc,age       ] GC(95) - age   3:       2504 bytes,      54856 total
[2020-09-11T14:43:10.134+0000][1][gc,age       ] GC(95) - age   4:       1912 bytes,      56768 total
[2020-09-11T14:43:10.134+0000][1][gc,age       ] GC(95) - age   5:       2024 bytes,      58792 total
[2020-09-11T14:43:10.134+0000][1][gc,age       ] GC(95) - age   6:      20040 bytes,      78832 total
[2020-09-11T14:43:10.134+0000][1][gc,heap      ] GC(95) ParNew: 68393K->139K(76672K)
[2020-09-11T14:43:10.134+0000][1][gc,heap      ] GC(95) CMS: 69576K->69576K(439104K)
[2020-09-11T14:43:10.134+0000][1][gc,metaspace ] GC(95) Metaspace: 85270K->85270K(1128448K)
[2020-09-11T14:43:10.134+0000][1][gc           ] GC(95) Pause Young (Allocation Failure) 134M->68M(503M) 4.444ms
[2020-09-11T14:43:10.134+0000][1][gc,cpu       ] GC(95) User=0.00s Sys=0.00s Real=0.00s
[2020-09-11T14:43:10.134+0000][1][safepoint    ] Safepoint "GenCollectForAllocation", Time since last: 14773804987 ns, Reaching safepoint: 74248 ns, At safepoint: 4559071 ns, Total: 4633319 ns
[2020-09-11T14:43:14.137+0000][1][safepoint    ] Safepoint "Cleanup", Time since last: 4003231508 ns, Reaching safepoint: 146406 ns, At safepoint: 21098 ns, Total: 167504 ns
[2020-09-11T14:43:15.138+0000][1][safepoint    ] Safepoint "Cleanup", Time since last: 1000222052 ns, Reaching safepoint: 153312 ns, At safepoint: 18499 ns, Total: 171811 ns
[2020-09-11T14:43:23.139+0000][1][safepoint    ] Safepoint "Cleanup", Time since last: 8001217956 ns, Reaching safepoint: 99640 ns, At safepoint: 8055 ns, Total: 107695 ns
[2020-09-11T14:43:27.140+0000][1][safepoint    ] Safepoint "Cleanup", Time since last: 4000616973 ns, Reaching safepoint: 150733 ns, At safepoint: 17975 ns, Total: 168708 ns
[2020-09-11T14:43:34.141+0000][1][safepoint    ] Safepoint "Cleanup", Time since last: 7000956915 ns, Reaching safepoint: 189248 ns, At safepoint: 17197 ns, Total: 206445 ns
[2020-09-11T14:43:55.415+0000][1][gc,start     ] GC(96) Pause Young (Allocation Failure)
[2020-09-11T14:43:55.415+0000][1][gc,task      ] GC(96) Using 1 workers of 1 for evacuation
[2020-09-11T14:43:55.421+0000][1][gc,age       ] GC(96) Desired survivor size 4358144 bytes, new threshold 6 (max threshold 6)
[2020-09-11T14:43:55.421+0000][1][gc,age       ] GC(96) Age table with threshold 6 (max threshold 6)
[2020-09-11T14:43:55.421+0000][1][gc,age       ] GC(96) - age   1:     119584 bytes,     119584 total
[2020-09-11T14:43:55.421+0000][1][gc,age       ] GC(96) - age   2:      15568 bytes,     135152 total
[2020-09-11T14:43:55.421+0000][1][gc,age       ] GC(96) - age   4:       2504 bytes,     137656 total
[2020-09-11T14:43:55.421+0000][1][gc,age       ] GC(96) - age   5:       1912 bytes,     139568 total
[2020-09-11T14:43:55.421+0000][1][gc,age       ] GC(96) - age   6:       2024 bytes,     141592 total
[2020-09-11T14:43:55.421+0000][1][gc,heap      ] GC(96) ParNew: 68299K->191K(76672K)
[2020-09-11T14:43:55.421+0000][1][gc,heap      ] GC(96) CMS: 69576K->69596K(439104K)
[2020-09-11T14:43:55.421+0000][1][gc,metaspace ] GC(96) Metaspace: 85274K->85274K(1128448K)
[2020-09-11T14:43:55.421+0000][1][gc           ] GC(96) Pause Young (Allocation Failure) 134M->68M(503M) 5.716ms
[2020-09-11T14:43:55.421+0000][1][gc,cpu       ] GC(96) User=0.01s Sys=0.00s Real=0.01s
[2020-09-11T14:43:55.421+0000][1][safepoint    ] Safepoint "GenCollectForAllocation", Time since last: 21273874722 ns, Reaching safepoint: 116683 ns, At safepoint: 5778890 ns, Total: 5895573 ns
[2020-09-11T14:43:59.426+0000][1][safepoint    ] Safepoint "Cleanup", Time since last: 4004832154 ns, Reaching safepoint: 102099 ns, At safepoint: 7031 ns, Total: 109130 ns
[2020-09-11T14:44:14.428+0000][1][safepoint    ] Safepoint "Cleanup", Time since last: 15002159604 ns, Reaching safepoint: 110649 ns, At safepoint: 7256 ns, Total: 117905 ns
[2020-09-11T14:44:17.429+0000][1][safepoint    ] Safepoint "Cleanup", Time since last: 3000448057 ns, Reaching safepoint: 151237 ns, At safepoint: 17350 ns, Total: 168587 ns
[2020-09-11T14:44:27.430+0000][1][safepoint    ] Safepoint "Cleanup", Time since last: 10001322911 ns, Reaching safepoint: 112739 ns, At safepoint: 7057 ns, Total: 119796 ns
[2020-09-11T14:44:40.097+0000][1][gc,start     ] GC(97) Pause Young (Allocation Failure)
[2020-09-11T14:44:40.097+0000][1][gc,task      ] GC(97) Using 1 workers of 1 for evacuation
[2020-09-11T14:44:40.101+0000][1][gc,age       ] GC(97) Desired survivor size 4358144 bytes, new threshold 6 (max threshold 6)
[2020-09-11T14:44:40.101+0000][1][gc,age       ] GC(97) Age table with threshold 6 (max threshold 6)
[2020-09-11T14:44:40.101+0000][1][gc,age       ] GC(97) - age   1:      47080 bytes,      47080 total
[2020-09-11T14:44:40.101+0000][1][gc,age       ] GC(97) - age   2:       2784 bytes,      49864 total
[2020-09-11T14:44:40.101+0000][1][gc,age       ] GC(97) - age   3:       5176 bytes,      55040 total
[2020-09-11T14:44:40.101+0000][1][gc,age       ] GC(97) - age   5:       2504 bytes,      57544 total
[2020-09-11T14:44:40.101+0000][1][gc,age       ] GC(97) - age   6:       1912 bytes,      59456 total
[2020-09-11T14:44:40.101+0000][1][gc,heap      ] GC(97) ParNew: 68351K->87K(76672K)
[2020-09-11T14:44:40.101+0000][1][gc,heap      ] GC(97) CMS: 69596K->69598K(439104K)
[2020-09-11T14:44:40.101+0000][1][gc,metaspace ] GC(97) Metaspace: 85283K->85283K(1128448K)
[2020-09-11T14:44:40.101+0000][1][gc           ] GC(97) Pause Young (Allocation Failure) 134M->68M(503M) 4.111ms
[2020-09-11T14:44:40.101+0000][1][gc,cpu       ] GC(97) User=0.01s Sys=0.00s Real=0.00s
[2020-09-11T14:44:40.101+0000][1][safepoint    ] Safepoint "GenCollectForAllocation", Time since last: 12666546522 ns, Reaching safepoint: 204404 ns, At safepoint: 4187326 ns, Total: 4391730 ns
[2020-09-11T14:44:57.104+0000][1][safepoint    ] Safepoint "Cleanup", Time since last: 17003027709 ns, Reaching safepoint: 175557 ns, At safepoint: 21262 ns, Total: 196819 ns
[2020-09-11T14:45:01.105+0000][1][safepoint    ] Safepoint "Cleanup", Time since last: 4000704325 ns, Reaching safepoint: 149580 ns, At safepoint: 17894 ns, Total: 167474 ns
[2020-09-11T14:45:25.168+0000][1][gc,start     ] GC(98) Pause Young (Allocation Failure)
[2020-09-11T14:45:25.168+0000][1][gc,task      ] GC(98) Using 1 workers of 1 for evacuation
[2020-09-11T14:45:25.172+0000][1][gc,age       ] GC(98) Desired survivor size 4358144 bytes, new threshold 6 (max threshold 6)
[2020-09-11T14:45:25.172+0000][1][gc,age       ] GC(98) Age table with threshold 6 (max threshold 6)
[2020-09-11T14:45:25.172+0000][1][gc,age       ] GC(98) - age   1:      38864 bytes,      38864 total
[2020-09-11T14:45:25.172+0000][1][gc,age       ] GC(98) - age   2:       9672 bytes,      48536 total
[2020-09-11T14:45:25.172+0000][1][gc,age       ] GC(98) - age   3:        184 bytes,      48720 total
[2020-09-11T14:45:25.172+0000][1][gc,age       ] GC(98) - age   4:       5176 bytes,      53896 total
[2020-09-11T14:45:25.172+0000][1][gc,age       ] GC(98) - age   6:       2504 bytes,      56400 total
[2020-09-11T14:45:25.172+0000][1][gc,heap      ] GC(98) ParNew: 68247K->108K(76672K)
[2020-09-11T14:45:25.172+0000][1][gc,heap      ] GC(98) CMS: 69598K->69600K(439104K)
[2020-09-11T14:45:25.172+0000][1][gc,metaspace ] GC(98) Metaspace: 85304K->85304K(1128448K)
[2020-09-11T14:45:25.172+0000][1][gc           ] GC(98) Pause Young (Allocation Failure) 134M->68M(503M) 4.146ms
[2020-09-11T14:45:25.172+0000][1][gc,cpu       ] GC(98) User=0.01s Sys=0.00s Real=0.00s
[2020-09-11T14:45:25.172+0000][1][safepoint    ] Safepoint "GenCollectForAllocation", Time since last: 24062868582 ns, Reaching safepoint: 187839 ns, At safepoint: 4261358 ns, Total: 4449197 ns
[2020-09-11T14:45:53.176+0000][1][safepoint    ] Safepoint "Cleanup", Time since last: 28003755290 ns, Reaching safepoint: 138675 ns, At safepoint: 16414 ns, Total: 155089 ns
[2020-09-11T14:45:55.177+0000][1][safepoint    ] Safepoint "Cleanup", Time since last: 2000376653 ns, Reaching safepoint: 130687 ns, At safepoint: 16815 ns, Total: 147502 ns
[2020-09-11T14:45:57.177+0000][1][safepoint    ] Safepoint "Cleanup", Time since last: 2000323135 ns, Reaching safepoint: 146183 ns, At safepoint: 16809 ns, Total: 162992 ns
[2020-09-11T14:45:58.178+0000][1][safepoint    ] Safepoint "Cleanup", Time since last: 1000218981 ns, Reaching safepoint: 146433 ns, At safepoint: 18379 ns, Total: 164812 ns
[2020-09-11T14:46:00.178+0000][1][safepoint    ] Safepoint "Cleanup", Time since last: 2000269522 ns, Reaching safepoint: 145334 ns, At safepoint: 18863 ns, Total: 164197 ns
[2020-09-11T14:46:10.239+0000][1][gc,start     ] GC(99) Pause Young (Allocation Failure)
[2020-09-11T14:46:10.239+0000][1][gc,task      ] GC(99) Using 1 workers of 1 for evacuation
[2020-09-11T14:46:10.243+0000][1][gc,age       ] GC(99) Desired survivor size 4358144 bytes, new threshold 6 (max threshold 6)
[2020-09-11T14:46:10.243+0000][1][gc,age       ] GC(99) Age table with threshold 6 (max threshold 6)
[2020-09-11T14:46:10.243+0000][1][gc,age       ] GC(99) - age   1:      46432 bytes,      46432 total
[2020-09-11T14:46:10.243+0000][1][gc,age       ] GC(99) - age   2:       3600 bytes,      50032 total
[2020-09-11T14:46:10.243+0000][1][gc,age       ] GC(99) - age   3:        672 bytes,      50704 total
[2020-09-11T14:46:10.243+0000][1][gc,age       ] GC(99) - age   4:        184 bytes,      50888 total
[2020-09-11T14:46:10.243+0000][1][gc,age       ] GC(99) - age   5:       5176 bytes,      56064 total
[2020-09-11T14:46:10.243+0000][1][gc,heap      ] GC(99) ParNew: 68268K->68K(76672K)
[2020-09-11T14:46:10.243+0000][1][gc,heap      ] GC(99) CMS: 69600K->69603K(439104K)
[2020-09-11T14:46:10.243+0000][1][gc,metaspace ] GC(99) Metaspace: 85311K->85311K(1128448K)
[2020-09-11T14:46:10.243+0000][1][gc           ] GC(99) Pause Young (Allocation Failure) 134M->68M(503M) 4.224ms
[2020-09-11T14:46:10.243+0000][1][gc,cpu       ] GC(99) User=0.00s Sys=0.01s Real=0.01s
[2020-09-11T14:46:10.243+0000][1][safepoint    ] Safepoint "GenCollectForAllocation", Time since last: 10060785136 ns, Reaching safepoint: 190953 ns, At safepoint: 4321408 ns, Total: 4512361 ns
[2020-09-11T14:46:15.246+0000][1][safepoint    ] Safepoint "Cleanup", Time since last: 5002158453 ns, Reaching safepoint: 192512 ns, At safepoint: 8615 ns, Total: 201127 ns
[2020-09-11T14:46:27.247+0000][1][safepoint    ] Safepoint "Cleanup", Time since last: 12001480838 ns, Reaching safepoint: 176679 ns, At safepoint: 16511 ns, Total: 193190 ns
[2020-09-11T14:46:34.249+0000][1][safepoint    ] Safepoint "Cleanup", Time since last: 7000949274 ns, Reaching safepoint: 143162 ns, At safepoint: 17905 ns, Total: 161067 ns
[2020-09-11T14:46:55.322+0000][1][gc,start     ] GC(100) Pause Young (Allocation Failure)
[2020-09-11T14:46:55.322+0000][1][gc,task      ] GC(100) Using 1 workers of 1 for evacuation
[2020-09-11T14:46:55.326+0000][1][gc,age       ] GC(100) Desired survivor size 4358144 bytes, new threshold 6 (max threshold 6)
[2020-09-11T14:46:55.326+0000][1][gc,age       ] GC(100) Age table with threshold 6 (max threshold 6)
[2020-09-11T14:46:55.326+0000][1][gc,age       ] GC(100) - age   1:      39592 bytes,      39592 total
[2020-09-11T14:46:55.326+0000][1][gc,age       ] GC(100) - age   2:      10016 bytes,      49608 total
[2020-09-11T14:46:55.326+0000][1][gc,age       ] GC(100) - age   3:        808 bytes,      50416 total
[2020-09-11T14:46:55.326+0000][1][gc,age       ] GC(100) - age   4:        672 bytes,      51088 total
[2020-09-11T14:46:55.326+0000][1][gc,age       ] GC(100) - age   5:        184 bytes,      51272 total
[2020-09-11T14:46:55.326+0000][1][gc,age       ] GC(100) - age   6:       5176 bytes,      56448 total
[2020-09-11T14:46:55.326+0000][1][gc,heap      ] GC(100) ParNew: 68228K->99K(76672K)
[2020-09-11T14:46:55.326+0000][1][gc,heap      ] GC(100) CMS: 69603K->69603K(439104K)
[2020-09-11T14:46:55.326+0000][1][gc,metaspace ] GC(100) Metaspace: 85339K->85339K(1128448K)
[2020-09-11T14:46:55.326+0000][1][gc           ] GC(100) Pause Young (Allocation Failure) 134M->68M(503M) 4.311ms
[2020-09-11T14:46:55.326+0000][1][gc,cpu       ] GC(100) User=0.00s Sys=0.00s Real=0.01s
[2020-09-11T14:46:55.326+0000][1][safepoint    ] Safepoint "GenCollectForAllocation", Time since last: 21072803283 ns, Reaching safepoint: 200479 ns, At safepoint: 4377045 ns, Total: 4577524 ns
[2020-09-11T14:47:26.332+0000][1][safepoint    ] Safepoint "Cleanup", Time since last: 31006183118 ns, Reaching safepoint: 151812 ns, At safepoint: 20901 ns, Total: 172713 ns
[2020-09-11T14:47:31.333+0000][1][safepoint    ] Safepoint "Cleanup", Time since last: 5000811340 ns, Reaching safepoint: 114054 ns, At safepoint: 6826 ns, Total: 120880 ns
[2020-09-11T14:47:40.387+0000][1][gc,start     ] GC(101) Pause Young (Allocation Failure)
[2020-09-11T14:47:40.387+0000][1][gc,task      ] GC(101) Using 1 workers of 1 for evacuation
[2020-09-11T14:47:40.393+0000][1][gc,age       ] GC(101) Desired survivor size 4358144 bytes, new threshold 6 (max threshold 6)
[2020-09-11T14:47:40.393+0000][1][gc,age       ] GC(101) Age table with threshold 6 (max threshold 6)
[2020-09-11T14:47:40.393+0000][1][gc,age       ] GC(101) - age   1:      45088 bytes,      45088 total
[2020-09-11T14:47:40.393+0000][1][gc,age       ] GC(101) - age   2:       4168 bytes,      49256 total
[2020-09-11T14:47:40.393+0000][1][gc,age       ] GC(101) - age   3:        864 bytes,      50120 total
[2020-09-11T14:47:40.393+0000][1][gc,age       ] GC(101) - age   4:        808 bytes,      50928 total
[2020-09-11T14:47:40.393+0000][1][gc,age       ] GC(101) - age   5:        672 bytes,      51600 total
[2020-09-11T14:47:40.393+0000][1][gc,age       ] GC(101) - age   6:        184 bytes,      51784 total
[2020-09-11T14:47:40.393+0000][1][gc,heap      ] GC(101) ParNew: 68259K->66K(76672K)
[2020-09-11T14:47:40.393+0000][1][gc,heap      ] GC(101) CMS: 69603K->69608K(439104K)
[2020-09-11T14:47:40.393+0000][1][gc,metaspace ] GC(101) Metaspace: 85347K->85347K(1128448K)
[2020-09-11T14:47:40.393+0000][1][gc           ] GC(101) Pause Young (Allocation Failure) 134M->68M(503M) 6.798ms
[2020-09-11T14:47:40.393+0000][1][gc,cpu       ] GC(101) User=0.01s Sys=0.00s Real=0.00s
[2020-09-11T14:47:40.393+0000][1][safepoint    ] Safepoint "GenCollectForAllocation", Time since last: 9053061838 ns, Reaching safepoint: 291022 ns, At safepoint: 6876518 ns, Total: 7167540 ns
[2020-09-11T14:47:45.401+0000][1][safepoint    ] Safepoint "Cleanup", Time since last: 5007620593 ns, Reaching safepoint: 93298 ns, At safepoint: 6845 ns, Total: 100143 ns
[2020-09-11T14:48:11.406+0000][1][safepoint    ] Safepoint "Cleanup", Time since last: 26004563762 ns, Reaching safepoint: 153636 ns, At safepoint: 19321 ns, Total: 172957 ns
[2020-09-11T14:48:15.407+0000][1][safepoint    ] Safepoint "Cleanup", Time since last: 4000639140 ns, Reaching safepoint: 168988 ns, At safepoint: 21576 ns, Total: 190564 ns
[2020-09-11T14:48:23.408+0000][1][safepoint    ] Safepoint "Cleanup", Time since last: 8001084512 ns, Reaching safepoint: 151336 ns, At safepoint: 7458 ns, Total: 158794 ns
[2020-09-11T14:48:25.448+0000][1][gc,start     ] GC(102) Pause Young (Allocation Failure)
[2020-09-11T14:48:25.449+0000][1][gc,task      ] GC(102) Using 1 workers of 1 for evacuation
[2020-09-11T14:48:25.453+0000][1][gc,age       ] GC(102) Desired survivor size 4358144 bytes, new threshold 6 (max threshold 6)
[2020-09-11T14:48:25.453+0000][1][gc,age       ] GC(102) Age table with threshold 6 (max threshold 6)
[2020-09-11T14:48:25.453+0000][1][gc,age       ] GC(102) - age   1:      40496 bytes,      40496 total
[2020-09-11T14:48:25.453+0000][1][gc,age       ] GC(102) - age   2:       8936 bytes,      49432 total
[2020-09-11T14:48:25.453+0000][1][gc,age       ] GC(102) - age   3:        448 bytes,      49880 total
[2020-09-11T14:48:25.453+0000][1][gc,age       ] GC(102) - age   4:        864 bytes,      50744 total
[2020-09-11T14:48:25.453+0000][1][gc,age       ] GC(102) - age   5:        808 bytes,      51552 total
[2020-09-11T14:48:25.453+0000][1][gc,age       ] GC(102) - age   6:        672 bytes,      52224 total
[2020-09-11T14:48:25.453+0000][1][gc,heap      ] GC(102) ParNew: 68226K->92K(76672K)
[2020-09-11T14:48:25.453+0000][1][gc,heap      ] GC(102) CMS: 69608K->69608K(439104K)
[2020-09-11T14:48:25.453+0000][1][gc,metaspace ] GC(102) Metaspace: 85350K->85350K(1128448K)
[2020-09-11T14:48:25.453+0000][1][gc           ] GC(102) Pause Young (Allocation Failure) 134M->68M(503M) 4.372ms
[2020-09-11T14:48:25.453+0000][1][gc,cpu       ] GC(102) User=0.01s Sys=0.00s Real=0.00s
[2020-09-11T14:48:25.453+0000][1][safepoint    ] Safepoint "GenCollectForAllocation", Time since last: 2040228434 ns, Reaching safepoint: 191499 ns, At safepoint: 4437822 ns, Total: 4629321 ns
[2020-09-11T14:48:30.455+0000][1][safepoint    ] Safepoint "Cleanup", Time since last: 5002191443 ns, Reaching safepoint: 194476 ns, At safepoint: 7609 ns, Total: 202085 ns
[2020-09-11T14:48:39.457+0000][1][safepoint    ] Safepoint "Cleanup", Time since last: 9001128701 ns, Reaching safepoint: 147676 ns, At safepoint: 17690 ns, Total: 165366 ns
[2020-09-11T14:48:57.460+0000][1][safepoint    ] Safepoint "Cleanup", Time since last: 18003064730 ns, Reaching safepoint: 153908 ns, At safepoint: 16865 ns, Total: 170773 ns
[2020-09-11T14:49:00.460+0000][1][safepoint    ] Safepoint "Cleanup", Time since last: 3000471465 ns, Reaching safepoint: 81360 ns, At safepoint: 7060 ns, Total: 88420 ns
[2020-09-11T14:49:10.517+0000][1][gc,start     ] GC(103) Pause Young (Allocation Failure)
[2020-09-11T14:49:10.517+0000][1][gc,task      ] GC(103) Using 1 workers of 1 for evacuation
[2020-09-11T14:49:10.521+0000][1][gc,age       ] GC(103) Desired survivor size 4358144 bytes, new threshold 6 (max threshold 6)
[2020-09-11T14:49:10.521+0000][1][gc,age       ] GC(103) Age table with threshold 6 (max threshold 6)
[2020-09-11T14:49:10.521+0000][1][gc,age       ] GC(103) - age   1:      45424 bytes,      45424 total
[2020-09-11T14:49:10.521+0000][1][gc,age       ] GC(103) - age   2:       5136 bytes,      50560 total
[2020-09-11T14:49:10.521+0000][1][gc,age       ] GC(103) - age   3:        120 bytes,      50680 total
[2020-09-11T14:49:10.521+0000][1][gc,age       ] GC(103) - age   4:        328 bytes,      51008 total
[2020-09-11T14:49:10.521+0000][1][gc,age       ] GC(103) - age   5:        864 bytes,      51872 total
[2020-09-11T14:49:10.521+0000][1][gc,age       ] GC(103) - age   6:        808 bytes,      52680 total
[2020-09-11T14:49:10.521+0000][1][gc,heap      ] GC(103) ParNew: 68252K->61K(76672K)
[2020-09-11T14:49:10.521+0000][1][gc,heap      ] GC(103) CMS: 69608K->69609K(439104K)
[2020-09-11T14:49:10.521+0000][1][gc,metaspace ] GC(103) Metaspace: 85351K->85351K(1128448K)
[2020-09-11T14:49:10.521+0000][1][gc           ] GC(103) Pause Young (Allocation Failure) 134M->68M(503M) 4.297ms
[2020-09-11T14:49:10.521+0000][1][gc,cpu       ] GC(103) User=0.00s Sys=0.00s Real=0.00s
[2020-09-11T14:49:10.521+0000][1][safepoint    ] Safepoint "GenCollectForAllocation", Time since last: 10056007998 ns, Reaching safepoint: 205351 ns, At safepoint: 4362297 ns, Total: 4567648 ns
[2020-09-11T14:49:17.524+0000][1][safepoint    ] Safepoint "Cleanup", Time since last: 7002659210 ns, Reaching safepoint: 117307 ns, At safepoint: 7885 ns, Total: 125192 ns
[2020-09-11T14:49:32.530+0000][1][safepoint    ] Safepoint "Cleanup", Time since last: 15006018108 ns, Reaching safepoint: 146660 ns, At safepoint: 17116 ns, Total: 163776 ns
[2020-09-11T14:49:40.608+0000][1][safepoint    ] Safepoint "Cleanup", Time since last: 8077507403 ns, Reaching safepoint: 208728 ns, At safepoint: 8677 ns, Total: 217405 ns
[2020-09-11T14:49:41.608+0000][1][safepoint    ] Safepoint "Cleanup", Time since last: 1000154042 ns, Reaching safepoint: 210927 ns, At safepoint: 8201 ns, Total: 219128 ns
[2020-09-11T14:49:55.577+0000][1][gc,start     ] GC(104) Pause Young (Allocation Failure)
[2020-09-11T14:49:55.577+0000][1][gc,task      ] GC(104) Using 1 workers of 1 for evacuation
[2020-09-11T14:49:55.580+0000][1][gc,age       ] GC(104) Desired survivor size 4358144 bytes, new threshold 6 (max threshold 6)
[2020-09-11T14:49:55.580+0000][1][gc,age       ] GC(104) Age table with threshold 6 (max threshold 6)
[2020-09-11T14:49:55.580+0000][1][gc,age       ] GC(104) - age   1:      38552 bytes,      38552 total
[2020-09-11T14:49:55.580+0000][1][gc,age       ] GC(104) - age   2:      11016 bytes,      49568 total
[2020-09-11T14:49:55.580+0000][1][gc,age       ] GC(104) - age   3:       1224 bytes,      50792 total
[2020-09-11T14:49:55.580+0000][1][gc,age       ] GC(104) - age   4:        120 bytes,      50912 total
[2020-09-11T14:49:55.580+0000][1][gc,age       ] GC(104) - age   5:        328 bytes,      51240 total
[2020-09-11T14:49:55.581+0000][1][gc,age       ] GC(104) - age   6:        864 bytes,      52104 total
[2020-09-11T14:49:55.581+0000][1][gc,heap      ] GC(104) ParNew: 68221K->92K(76672K)
[2020-09-11T14:49:55.581+0000][1][gc,heap      ] GC(104) CMS: 69609K->69609K(439104K)
[2020-09-11T14:49:55.581+0000][1][gc,metaspace ] GC(104) Metaspace: 85359K->85359K(1128448K)
[2020-09-11T14:49:55.581+0000][1][gc           ] GC(104) Pause Young (Allocation Failure) 134M->68M(503M) 3.967ms
[2020-09-11T14:49:55.581+0000][1][gc,cpu       ] GC(104) User=0.01s Sys=0.00s Real=0.00s
[2020-09-11T14:49:55.581+0000][1][safepoint    ] Safepoint "GenCollectForAllocation", Time since last: 13968387634 ns, Reaching safepoint: 201663 ns, At safepoint: 4812397 ns, Total: 5014060 ns
[2020-09-11T14:49:57.582+0000][1][safepoint    ] Safepoint "Cleanup", Time since last: 2000334235 ns, Reaching safepoint: 107592 ns, At safepoint: 9753 ns, Total: 117345 ns
[2020-09-11T14:50:04.583+0000][1][safepoint    ] Safepoint "Cleanup", Time since last: 7000649262 ns, Reaching safepoint: 82531 ns, At safepoint: 9814 ns, Total: 92345 ns
[2020-09-11T14:50:22.585+0000][1][safepoint    ] Safepoint "Cleanup", Time since last: 18002060610 ns, Reaching safepoint: 85523 ns, At safepoint: 7589 ns, Total: 93112 ns
[2020-09-11T14:50:27.585+0000][1][safepoint    ] Safepoint "Cleanup", Time since last: 5000380113 ns, Reaching safepoint: 80803 ns, At safepoint: 6601 ns, Total: 87404 ns
[2020-09-11T14:50:30.586+0000][1][safepoint    ] Safepoint "Cleanup", Time since last: 3000277453 ns, Reaching safepoint: 104848 ns, At safepoint: 7766 ns, Total: 112614 ns
[2020-09-11T14:50:38.327+0000][1][safepoint    ] Safepoint "Cleanup", Time since last: 7733795565 ns, Reaching safepoint: 8019385 ns, At safepoint: 26076 ns, Total: 8045461 ns
[2020-09-11T14:50:39.916+0000][1][safepoint    ] Safepoint "Cleanup", Time since last: 1588046312 ns, Reaching safepoint: 96979 ns, At safepoint: 6732 ns, Total: 103711 ns
[2020-09-11T14:50:40.124+0000][1][safepoint    ] Safepoint "RevokeBias", Time since last: 207955081 ns, Reaching safepoint: 142963 ns, At safepoint: 21501 ns, Total: 164464 ns
[2020-09-11T14:50:40.610+0000][1][gc,start     ] GC(105) Pause Young (Allocation Failure)
[2020-09-11T14:50:40.610+0000][1][gc,task      ] GC(105) Using 1 workers of 1 for evacuation
[2020-09-11T14:50:40.615+0000][1][gc,age       ] GC(105) Desired survivor size 4358144 bytes, new threshold 6 (max threshold 6)
[2020-09-11T14:50:40.615+0000][1][gc,age       ] GC(105) Age table with threshold 6 (max threshold 6)
[2020-09-11T14:50:40.615+0000][1][gc,age       ] GC(105) - age   1:      93504 bytes,      93504 total
[2020-09-11T14:50:40.615+0000][1][gc,age       ] GC(105) - age   2:       4416 bytes,      97920 total
[2020-09-11T14:50:40.615+0000][1][gc,age       ] GC(105) - age   3:        800 bytes,      98720 total
[2020-09-11T14:50:40.615+0000][1][gc,age       ] GC(105) - age   4:       1224 bytes,      99944 total
[2020-09-11T14:50:40.615+0000][1][gc,age       ] GC(105) - age   5:        120 bytes,     100064 total
[2020-09-11T14:50:40.615+0000][1][gc,age       ] GC(105) - age   6:        328 bytes,     100392 total
[2020-09-11T14:50:40.615+0000][1][gc,heap      ] GC(105) ParNew: 68252K->99K(76672K)
[2020-09-11T14:50:40.615+0000][1][gc,heap      ] GC(105) CMS: 69609K->69610K(439104K)
[2020-09-11T14:50:40.615+0000][1][gc,metaspace ] GC(105) Metaspace: 85395K->85395K(1128448K)
[2020-09-11T14:50:40.615+0000][1][gc           ] GC(105) Pause Young (Allocation Failure) 134M->68M(503M) 4.473ms
[2020-09-11T14:50:40.615+0000][1][gc,cpu       ] GC(105) User=0.01s Sys=0.00s Real=0.00s
[2020-09-11T14:50:40.622+0000][1][safepoint    ] Safepoint "GenCollectForAllocation", Time since last: 486584037 ns, Reaching safepoint: 80527 ns, At safepoint: 11801335 ns, Total: 11881862 ns
[2020-09-11T14:50:41.640+0000][1][safepoint    ] Safepoint "Cleanup", Time since last: 1017219025 ns, Reaching safepoint: 109915 ns, At safepoint: 7336 ns, Total: 117251 ns
[2020-09-11T14:50:42.146+0000][1][safepoint    ] Safepoint "RevokeBias", Time since last: 503903264 ns, Reaching safepoint: 2664528 ns, At safepoint: 26229 ns, Total: 2690757 ns
[2020-09-11T14:50:42.151+0000][1][safepoint    ] Safepoint "RevokeBias", Time since last: 4403550 ns, Reaching safepoint: 145796 ns, At safepoint: 23940 ns, Total: 169736 ns
[2020-09-11T14:50:42.155+0000][1][safepoint    ] Safepoint "RevokeBias", Time since last: 1983854 ns, Reaching safepoint: 1821823 ns, At safepoint: 29696 ns, Total: 1851519 ns
[2020-09-11T14:50:42.156+0000][1][safepoint    ] Safepoint "RevokeBias", Time since last: 1204688 ns, Reaching safepoint: 121111 ns, At safepoint: 19015 ns, Total: 140126 ns
[2020-09-11T14:50:42.160+0000][1][safepoint    ] Safepoint "RevokeBias", Time since last: 995005 ns, Reaching safepoint: 2617605 ns, At safepoint: 33720 ns, Total: 2651325 ns
[2020-09-11T14:50:42.169+0000][1][safepoint    ] Safepoint "RevokeBias", Time since last: 9122371 ns, Reaching safepoint: 137821 ns, At safepoint: 21515 ns, Total: 159336 ns
[2020-09-11T14:50:42.169+0000][1][safepoint    ] Safepoint "RevokeBias", Time since last: 623002 ns, Reaching safepoint: 33121 ns, At safepoint: 14992 ns, Total: 48113 ns
[2020-09-11T14:50:42.848+0000][1][safepoint    ] Safepoint "RevokeBias", Time since last: 678464453 ns, Reaching safepoint: 198040 ns, At safepoint: 22192 ns, Total: 220232 ns
[2020-09-11T14:50:43.848+0000][1][safepoint    ] Safepoint "Cleanup", Time since last: 1000112040 ns, Reaching safepoint: 139823 ns, At safepoint: 6888 ns, Total: 146711 ns
[2020-09-11T14:50:44.849+0000][1][safepoint    ] Safepoint "Cleanup", Time since last: 1000101129 ns, Reaching safepoint: 83326 ns, At safepoint: 6903 ns, Total: 90229 ns
[2020-09-11T14:50:45.856+0000][1][safepoint    ] Safepoint "Cleanup", Time since last: 1006812866 ns, Reaching safepoint: 184808 ns, At safepoint: 10902 ns, Total: 195710 ns
[2020-09-11T14:50:46.860+0000][1][safepoint    ] Safepoint "Cleanup", Time since last: 1003817727 ns, Reaching safepoint: 259512 ns, At safepoint: 10029 ns, Total: 269541 ns
[2020-09-11T14:50:46.969+0000][1][safepoint    ] Safepoint "RevokeBias", Time since last: 108453778 ns, Reaching safepoint: 652241 ns, At safepoint: 22698 ns, Total: 674939 ns
[2020-09-11T14:50:46.986+0000][1][safepoint    ] Safepoint "RevokeBias", Time since last: 16647801 ns, Reaching safepoint: 271596 ns, At safepoint: 21960 ns, Total: 293556 ns
[2020-09-11T14:50:47.024+0000][1][safepoint    ] Safepoint "RevokeBias", Time since last: 26187255 ns, Reaching safepoint: 11550032 ns, At safepoint: 34040 ns, Total: 11584072 ns
[2020-09-11T14:50:47.027+0000][1][safepoint    ] Safepoint "RevokeBias", Time since last: 3021715 ns, Reaching safepoint: 176293 ns, At safepoint: 44745 ns, Total: 221038 ns
[2020-09-11T14:50:47.027+0000][1][safepoint    ] Safepoint "RevokeBias", Time since last: 69852 ns, Reaching safepoint: 108787 ns, At safepoint: 29616 ns, Total: 138403 ns
[2020-09-11T14:50:47.055+0000][1][safepoint    ] Safepoint "RevokeBias", Time since last: 27950532 ns, Reaching safepoint: 90122 ns, At safepoint: 20923 ns, Total: 111045 ns
[2020-09-11T14:50:47.055+0000][1][safepoint    ] Safepoint "RevokeBias", Time since last: 216946 ns, Reaching safepoint: 33248 ns, At safepoint: 12882 ns, Total: 46130 ns
[2020-09-11T14:50:47.055+0000][1][safepoint    ] Safepoint "RevokeBias", Time since last: 37687 ns, Reaching safepoint: 65925 ns, At safepoint: 10957 ns, Total: 76882 ns
[2020-09-11T14:50:47.149+0000][1][safepoint    ] Safepoint "RevokeBias", Time since last: 92977626 ns, Reaching safepoint: 82277 ns, At safepoint: 20164 ns, Total: 102441 ns
[2020-09-11T14:50:47.149+0000][1][safepoint    ] Safepoint "RevokeBias", Time since last: 623765 ns, Reaching safepoint: 37041 ns, At safepoint: 13417 ns, Total: 50458 ns
[2020-09-11T14:50:47.152+0000][1][safepoint    ] Safepoint "RevokeBias", Time since last: 2569473 ns, Reaching safepoint: 73277 ns, At safepoint: 20129 ns, Total: 93406 ns
[2020-09-11T14:50:47.169+0000][1][safepoint    ] Safepoint "RevokeBias", Time since last: 17447472 ns, Reaching safepoint: 85663 ns, At safepoint: 21584 ns, Total: 107247 ns
[2020-09-11T14:50:47.175+0000][1][safepoint    ] Safepoint "RevokeBias", Time since last: 5717433 ns, Reaching safepoint: 155582 ns, At safepoint: 18225 ns, Total: 173807 ns
[2020-09-11T14:50:47.254+0000][1][safepoint    ] Safepoint "RevokeBias", Time since last: 78754390 ns, Reaching safepoint: 75533 ns, At safepoint: 18739 ns, Total: 94272 ns
[2020-09-11T14:50:47.254+0000][1][safepoint    ] Safepoint "RevokeBias", Time since last: 67463 ns, Reaching safepoint: 30106 ns, At safepoint: 11305 ns, Total: 41411 ns
[2020-09-11T14:50:47.255+0000][1][safepoint    ] Safepoint "RevokeBias", Time since last: 211705 ns, Reaching safepoint: 37708 ns, At safepoint: 11498 ns, Total: 49206 ns
[2020-09-11T14:50:47.255+0000][1][safepoint    ] Safepoint "RevokeBias", Time since last: 332918 ns, Reaching safepoint: 110664 ns, At safepoint: 12302 ns, Total: 122966 ns
[2020-09-11T14:50:47.255+0000][1][safepoint    ] Safepoint "RevokeBias", Time since last: 46736 ns, Reaching safepoint: 30095 ns, At safepoint: 10118 ns, Total: 40213 ns
[2020-09-11T14:50:47.255+0000][1][safepoint    ] Safepoint "RevokeBias", Time since last: 86255 ns, Reaching safepoint: 30612 ns, At safepoint: 10217 ns, Total: 40829 ns
[2020-09-11T14:50:47.256+0000][1][safepoint    ] Safepoint "RevokeBias", Time since last: 517009 ns, Reaching safepoint: 471320 ns, At safepoint: 13548 ns, Total: 484868 ns
[2020-09-11T14:50:47.287+0000][1][safepoint    ] Safepoint "BulkRevokeBias", Time since last: 27639457 ns, Reaching safepoint: 3182460 ns, At safepoint: 264991 ns, Total: 3447451 ns
[2020-09-11T14:50:47.306+0000][1][safepoint    ] Safepoint "RevokeBias", Time since last: 16800704 ns, Reaching safepoint: 2235037 ns, At safepoint: 36294 ns, Total: 2271331 ns
[2020-09-11T14:50:47.579+0000][1][gc,start     ] GC(106) Pause Young (Allocation Failure)
[2020-09-11T14:50:47.579+0000][1][gc,task      ] GC(106) Using 1 workers of 1 for evacuation
[2020-09-11T14:50:47.588+0000][1][gc,age       ] GC(106) Desired survivor size 4358144 bytes, new threshold 6 (max threshold 6)
[2020-09-11T14:50:47.588+0000][1][gc,age       ] GC(106) Age table with threshold 6 (max threshold 6)
[2020-09-11T14:50:47.588+0000][1][gc,age       ] GC(106) - age   1:     349040 bytes,     349040 total
[2020-09-11T14:50:47.588+0000][1][gc,age       ] GC(106) - age   2:      41808 bytes,     390848 total
[2020-09-11T14:50:47.588+0000][1][gc,age       ] GC(106) - age   3:       1760 bytes,     392608 total
[2020-09-11T14:50:47.588+0000][1][gc,age       ] GC(106) - age   4:        800 bytes,     393408 total
[2020-09-11T14:50:47.588+0000][1][gc,age       ] GC(106) - age   5:       1224 bytes,     394632 total
[2020-09-11T14:50:47.588+0000][1][gc,heap      ] GC(106) ParNew: 68259K->453K(76672K)
[2020-09-11T14:50:47.588+0000][1][gc,heap      ] GC(106) CMS: 69610K->69611K(439104K)
[2020-09-11T14:50:47.588+0000][1][gc,metaspace ] GC(106) Metaspace: 85604K->85604K(1128448K)
[2020-09-11T14:50:47.588+0000][1][gc           ] GC(106) Pause Young (Allocation Failure) 134M->68M(503M) 8.636ms
[2020-09-11T14:50:47.588+0000][1][gc,cpu       ] GC(106) User=0.00s Sys=0.00s Real=0.01s
[2020-09-11T14:50:47.588+0000][1][safepoint    ] Safepoint "GenCollectForAllocation", Time since last: 272562574 ns, Reaching safepoint: 167550 ns, At safepoint: 8703760 ns, Total: 8871310 ns
[2020-09-11T14:50:47.645+0000][1][safepoint    ] Safepoint "RevokeBias", Time since last: 56775829 ns, Reaching safepoint: 100177 ns, At safepoint: 32571 ns, Total: 132748 ns
[2020-09-11T14:50:47.645+0000][1][safepoint    ] Safepoint "RevokeBias", Time since last: 410623 ns, Reaching safepoint: 43040 ns, At safepoint: 21630 ns, Total: 64670 ns
[2020-09-11T14:50:47.686+0000][1][safepoint    ] Safepoint "RevokeBias", Time since last: 40339707 ns, Reaching safepoint: 75765 ns, At safepoint: 21202 ns, Total: 96967 ns
[2020-09-11T14:50:47.686+0000][1][safepoint    ] Safepoint "BulkRevokeBias", Time since last: 62838 ns, Reaching safepoint: 30803 ns, At safepoint: 204249 ns, Total: 235052 ns
[2020-09-11T14:50:47.689+0000][1][safepoint    ] Safepoint "RevokeBias", Time since last: 1453426 ns, Reaching safepoint: 2055504 ns, At safepoint: 23698 ns, Total: 2079202 ns
[2020-09-11T14:50:47.690+0000][1][safepoint    ] Safepoint "RevokeBias", Time since last: 179145 ns, Reaching safepoint: 45368 ns, At safepoint: 12563 ns, Total: 57931 ns
[2020-09-11T14:50:47.690+0000][1][safepoint    ] Safepoint "RevokeBias", Time since last: 281217 ns, Reaching safepoint: 34390 ns, At safepoint: 10816 ns, Total: 45206 ns
[2020-09-11T14:50:47.690+0000][1][safepoint    ] Safepoint "RevokeBias", Time since last: 73783 ns, Reaching safepoint: 31984 ns, At safepoint: 9894 ns, Total: 41878 ns
[2020-09-11T14:50:47.710+0000][1][safepoint    ] Safepoint "RevokeBias", Time since last: 19764143 ns, Reaching safepoint: 165485 ns, At safepoint: 22116 ns, Total: 187601 ns
[2020-09-11T14:50:47.710+0000][1][safepoint    ] Safepoint "RevokeBias", Time since last: 219121 ns, Reaching safepoint: 107317 ns, At safepoint: 14366 ns, Total: 121683 ns
[2020-09-11T14:50:47.711+0000][1][safepoint    ] Safepoint "RevokeBias", Time since last: 36898 ns, Reaching safepoint: 101045 ns, At safepoint: 12133 ns, Total: 113178 ns
[2020-09-11T14:50:47.754+0000][1][safepoint    ] Safepoint "RevokeBias", Time since last: 43579692 ns, Reaching safepoint: 157352 ns, At safepoint: 20650 ns, Total: 178002 ns
[2020-09-11T14:50:47.754+0000][1][safepoint    ] Safepoint "RevokeBias", Time since last: 69676 ns, Reaching safepoint: 102465 ns, At safepoint: 13173 ns, Total: 115638 ns
[2020-09-11T14:50:47.806+0000][1][safepoint    ] Safepoint "RevokeBias", Time since last: 51730375 ns, Reaching safepoint: 81168 ns, At safepoint: 21443 ns, Total: 102611 ns
[2020-09-11T14:50:47.807+0000][1][safepoint    ] Safepoint "RevokeBias", Time since last: 578761 ns, Reaching safepoint: 34724 ns, At safepoint: 11718 ns, Total: 46442 ns
[2020-09-11T14:50:47.810+0000][1][safepoint    ] Safepoint "RevokeBias", Time since last: 2993304 ns, Reaching safepoint: 72198 ns, At safepoint: 19682 ns, Total: 91880 ns
[2020-09-11T14:50:47.832+0000][1][safepoint    ] Safepoint "RevokeBias", Time since last: 21697221 ns, Reaching safepoint: 78063 ns, At safepoint: 22146 ns, Total: 100209 ns
[2020-09-11T14:50:48.832+0000][1][safepoint    ] Safepoint "Cleanup", Time since last: 1000171721 ns, Reaching safepoint: 126644 ns, At safepoint: 7776 ns, Total: 134420 ns
[2020-09-11T14:50:49.832+0000][1][safepoint    ] Safepoint "Cleanup", Time since last: 1000175495 ns, Reaching safepoint: 113257 ns, At safepoint: 7290 ns, Total: 120547 ns
[2020-09-11T14:50:50.833+0000][1][safepoint    ] Safepoint "Cleanup", Time since last: 1000140058 ns, Reaching safepoint: 149704 ns, At safepoint: 16628 ns, Total: 166332 ns
[2020-09-11T14:50:51.833+0000][1][safepoint    ] Safepoint "Cleanup", Time since last: 1000168759 ns, Reaching safepoint: 103790 ns, At safepoint: 6719 ns, Total: 110509 ns
[2020-09-11T14:50:52.833+0000][1][safepoint    ] Safepoint "Cleanup", Time since last: 1000171820 ns, Reaching safepoint: 170866 ns, At safepoint: 17583 ns, Total: 188449 ns
[2020-09-11T14:50:53.834+0000][1][safepoint    ] Safepoint "Cleanup", Time since last: 1000150197 ns, Reaching safepoint: 114952 ns, At safepoint: 6671 ns, Total: 121623 ns
[2020-09-11T14:50:54.834+0000][1][safepoint    ] Safepoint "Cleanup", Time since last: 1000155975 ns, Reaching safepoint: 106810 ns, At safepoint: 7425 ns, Total: 114235 ns
[2020-09-11T14:50:55.834+0000][1][safepoint    ] Safepoint "Cleanup", Time since last: 1000159349 ns, Reaching safepoint: 148388 ns, At safepoint: 17029 ns, Total: 165417 ns
[2020-09-11T14:50:56.835+0000][1][safepoint    ] Safepoint "Cleanup", Time since last: 1000211805 ns, Reaching safepoint: 141732 ns, At safepoint: 8044 ns, Total: 149776 ns
[2020-09-11T14:50:57.835+0000][1][safepoint    ] Safepoint "Cleanup", Time since last: 1000183793 ns, Reaching safepoint: 153001 ns, At safepoint: 17607 ns, Total: 170608 ns
[2020-09-11T14:50:58.835+0000][1][safepoint    ] Safepoint "Cleanup", Time since last: 1000240984 ns, Reaching safepoint: 162363 ns, At safepoint: 40496 ns, Total: 202859 ns
[2020-09-11T14:50:59.836+0000][1][safepoint    ] Safepoint "Cleanup", Time since last: 1000289055 ns, Reaching safepoint: 154521 ns, At safepoint: 19148 ns, Total: 173669 ns
[2020-09-11T14:51:00.268+0000][1][safepoint    ] Safepoint "RevokeBias", Time since last: 431411264 ns, Reaching safepoint: 191546 ns, At safepoint: 40924 ns, Total: 232470 ns
[2020-09-11T14:51:01.268+0000][1][safepoint    ] Safepoint "Cleanup", Time since last: 1000136108 ns, Reaching safepoint: 137834 ns, At safepoint: 7836 ns, Total: 145670 ns
[2020-09-11T14:51:02.268+0000][1][safepoint    ] Safepoint "Cleanup", Time since last: 1000189013 ns, Reaching safepoint: 107229 ns, At safepoint: 6933 ns, Total: 114162 ns
[2020-09-11T14:51:03.268+0000][1][safepoint    ] Safepoint "Cleanup", Time since last: 1000162539 ns, Reaching safepoint: 117761 ns, At safepoint: 7208 ns, Total: 124969 ns
[2020-09-11T14:51:04.269+0000][1][safepoint    ] Safepoint "Cleanup", Time since last: 1000136181 ns, Reaching safepoint: 125259 ns, At safepoint: 6503 ns, Total: 131762 ns
[2020-09-11T14:51:05.269+0000][1][safepoint    ] Safepoint "Cleanup", Time since last: 1000168451 ns, Reaching safepoint: 114994 ns, At safepoint: 7635 ns, Total: 122629 ns
[2020-09-11T14:51:06.270+0000][1][safepoint    ] Safepoint "Cleanup", Time since last: 1000937509 ns, Reaching safepoint: 119241 ns, At safepoint: 7539 ns, Total: 126780 ns
[2020-09-11T14:51:07.270+0000][1][safepoint    ] Safepoint "Cleanup", Time since last: 1000109932 ns, Reaching safepoint: 223147 ns, At safepoint: 7888 ns, Total: 231035 ns
[2020-09-11T14:51:08.271+0000][1][safepoint    ] Safepoint "Cleanup", Time since last: 1000118710 ns, Reaching safepoint: 152827 ns, At safepoint: 17143 ns, Total: 169970 ns
[2020-09-11T14:51:09.271+0000][1][safepoint    ] Safepoint "Cleanup", Time since last: 1000243079 ns, Reaching safepoint: 122004 ns, At safepoint: 6720 ns, Total: 128724 ns
[2020-09-11T14:51:10.271+0000][1][safepoint    ] Safepoint "Cleanup", Time since last: 1000167469 ns, Reaching safepoint: 165150 ns, At safepoint: 17971 ns, Total: 183121 ns
[2020-09-11T14:51:11.273+0000][1][safepoint    ] Safepoint "Cleanup", Time since last: 1001194679 ns, Reaching safepoint: 127591 ns, At safepoint: 7197 ns, Total: 134788 ns
[2020-09-11T14:51:12.273+0000][1][safepoint    ] Safepoint "Cleanup", Time since last: 1000170036 ns, Reaching safepoint: 144679 ns, At safepoint: 17804 ns, Total: 162483 ns
[2020-09-11T14:51:13.273+0000][1][safepoint    ] Safepoint "Cleanup", Time since last: 1000175778 ns, Reaching safepoint: 125907 ns, At safepoint: 7586 ns, Total: 133493 ns
[2020-09-11T14:51:14.274+0000][1][safepoint    ] Safepoint "Cleanup", Time since last: 1000177108 ns, Reaching safepoint: 111146 ns, At safepoint: 6902 ns, Total: 118048 ns
[2020-09-11T14:51:15.274+0000][1][safepoint    ] Safepoint "Cleanup", Time since last: 1000170404 ns, Reaching safepoint: 151408 ns, At safepoint: 17747 ns, Total: 169155 ns
[2020-09-11T14:51:16.275+0000][1][safepoint    ] Safepoint "Cleanup", Time since last: 1000997170 ns, Reaching safepoint: 81347 ns, At safepoint: 6880 ns, Total: 88227 ns
[2020-09-11T14:51:17.275+0000][1][safepoint    ] Safepoint "Cleanup", Time since last: 1000119866 ns, Reaching safepoint: 92456 ns, At safepoint: 7310 ns, Total: 99766 ns
[2020-09-11T14:51:18.276+0000][1][safepoint    ] Safepoint "Cleanup", Time since last: 1000187266 ns, Reaching safepoint: 147198 ns, At safepoint: 17032 ns, Total: 164230 ns
[2020-09-11T14:51:19.276+0000][1][safepoint    ] Safepoint "Cleanup", Time since last: 1000199914 ns, Reaching safepoint: 106707 ns, At safepoint: 6586 ns, Total: 113293 ns
[2020-09-11T14:51:20.276+0000][1][safepoint    ] Safepoint "Cleanup", Time since last: 1000160336 ns, Reaching safepoint: 104245 ns, At safepoint: 6809 ns, Total: 111054 ns
[2020-09-11T14:51:20.687+0000][1][gc,start     ] GC(107) Pause Young (Allocation Failure)
[2020-09-11T14:51:20.687+0000][1][gc,task      ] GC(107) Using 1 workers of 1 for evacuation
[2020-09-11T14:51:20.692+0000][1][gc,age       ] GC(107) Desired survivor size 4358144 bytes, new threshold 6 (max threshold 6)
[2020-09-11T14:51:20.692+0000][1][gc,age       ] GC(107) Age table with threshold 6 (max threshold 6)
[2020-09-11T14:51:20.692+0000][1][gc,age       ] GC(107) - age   1:     111424 bytes,     111424 total
[2020-09-11T14:51:20.692+0000][1][gc,age       ] GC(107) - age   2:     272904 bytes,     384328 total
[2020-09-11T14:51:20.692+0000][1][gc,age       ] GC(107) - age   3:      32520 bytes,     416848 total
[2020-09-11T14:51:20.692+0000][1][gc,age       ] GC(107) - age   4:       1760 bytes,     418608 total
[2020-09-11T14:51:20.692+0000][1][gc,age       ] GC(107) - age   5:        800 bytes,     419408 total
[2020-09-11T14:51:20.692+0000][1][gc,age       ] GC(107) - age   6:       1224 bytes,     420632 total
[2020-09-11T14:51:20.692+0000][1][gc,heap      ] GC(107) ParNew: 68613K->615K(76672K)
[2020-09-11T14:51:20.692+0000][1][gc,heap      ] GC(107) CMS: 69611K->69611K(439104K)
[2020-09-11T14:51:20.692+0000][1][gc,metaspace ] GC(107) Metaspace: 85626K->85626K(1128448K)
[2020-09-11T14:51:20.692+0000][1][gc           ] GC(107) Pause Young (Allocation Failure) 134M->68M(503M) 4.929ms
[2020-09-11T14:51:20.692+0000][1][gc,cpu       ] GC(107) User=0.00s Sys=0.00s Real=0.00s
[2020-09-11T14:51:20.692+0000][1][safepoint    ] Safepoint "GenCollectForAllocation", Time since last: 410438644 ns, Reaching safepoint: 77636 ns, At safepoint: 4990073 ns, Total: 5067709 ns
[2020-09-11T14:51:21.695+0000][1][safepoint    ] Safepoint "Cleanup", Time since last: 1003501512 ns, Reaching safepoint: 107791 ns, At safepoint: 19351 ns, Total: 127142 ns
[2020-09-11T14:51:22.696+0000][1][safepoint    ] Safepoint "Cleanup", Time since last: 1000178816 ns, Reaching safepoint: 115892 ns, At safepoint: 15796 ns, Total: 131688 ns
[2020-09-11T14:51:23.696+0000][1][safepoint    ] Safepoint "Cleanup", Time since last: 1000171059 ns, Reaching safepoint: 136940 ns, At safepoint: 6929 ns, Total: 143869 ns
[2020-09-11T14:51:24.696+0000][1][safepoint    ] Safepoint "Cleanup", Time since last: 1000179489 ns, Reaching safepoint: 123700 ns, At safepoint: 6081 ns, Total: 129781 ns
[2020-09-11T14:51:25.697+0000][1][safepoint    ] Safepoint "Cleanup", Time since last: 1000103679 ns, Reaching safepoint: 176254 ns, At safepoint: 6968 ns, Total: 183222 ns
[2020-09-11T14:51:26.697+0000][1][safepoint    ] Safepoint "Cleanup", Time since last: 1000128274 ns, Reaching safepoint: 148578 ns, At safepoint: 14985 ns, Total: 163563 ns
[2020-09-11T14:51:27.698+0000][1][safepoint    ] Safepoint "Cleanup", Time since last: 1000963391 ns, Reaching safepoint: 110648 ns, At safepoint: 7372 ns, Total: 118020 ns
[2020-09-11T14:51:28.698+0000][1][safepoint    ] Safepoint "Cleanup", Time since last: 1000191030 ns, Reaching safepoint: 150198 ns, At safepoint: 16725 ns, Total: 166923 ns
[2020-09-11T14:51:29.699+0000][1][safepoint    ] Safepoint "Cleanup", Time since last: 1000222970 ns, Reaching safepoint: 134817 ns, At safepoint: 7661 ns, Total: 142478 ns
[2020-09-11T14:51:30.699+0000][1][safepoint    ] Safepoint "Cleanup", Time since last: 1000114939 ns, Reaching safepoint: 154892 ns, At safepoint: 16698 ns, Total: 171590 ns
[2020-09-11T14:51:31.699+0000][1][safepoint    ] Safepoint "Cleanup", Time since last: 1000186240 ns, Reaching safepoint: 168614 ns, At safepoint: 17754 ns, Total: 186368 ns
[2020-09-11T14:51:32.701+0000][1][safepoint    ] Safepoint "Cleanup", Time since last: 1001100047 ns, Reaching safepoint: 148330 ns, At safepoint: 16739 ns, Total: 165069 ns
[2020-09-11T14:51:33.701+0000][1][safepoint    ] Safepoint "Cleanup", Time since last: 1000284781 ns, Reaching safepoint: 173508 ns, At safepoint: 18824 ns, Total: 192332 ns
[2020-09-11T14:51:34.701+0000][1][safepoint    ] Safepoint "Cleanup", Time since last: 1000215586 ns, Reaching safepoint: 154191 ns, At safepoint: 16568 ns, Total: 170759 ns
[2020-09-11T14:51:35.702+0000][1][safepoint    ] Safepoint "Cleanup", Time since last: 1000215553 ns, Reaching safepoint: 138220 ns, At safepoint: 16628 ns, Total: 154848 ns
[2020-09-11T14:51:36.702+0000][1][safepoint    ] Safepoint "Cleanup", Time since last: 1000198007 ns, Reaching safepoint: 139129 ns, At safepoint: 16986 ns, Total: 156115 ns
[2020-09-11T14:51:37.702+0000][1][safepoint    ] Safepoint "Cleanup", Time since last: 1000206217 ns, Reaching safepoint: 108446 ns, At safepoint: 7160 ns, Total: 115606 ns
[2020-09-11T14:51:38.703+0000][1][safepoint    ] Safepoint "Cleanup", Time since last: 1000178806 ns, Reaching safepoint: 107830 ns, At safepoint: 6422 ns, Total: 114252 ns
[2020-09-11T14:51:39.703+0000][1][safepoint    ] Safepoint "Cleanup", Time since last: 1000160468 ns, Reaching safepoint: 103123 ns, At safepoint: 7209 ns, Total: 110332 ns
[2020-09-11T14:51:40.703+0000][1][safepoint    ] Safepoint "Cleanup", Time since last: 1000159484 ns, Reaching safepoint: 113326 ns, At safepoint: 6189 ns, Total: 119515 ns
[2020-09-11T14:51:41.704+0000][1][safepoint    ] Safepoint "Cleanup", Time since last: 1000173025 ns, Reaching safepoint: 150894 ns, At safepoint: 17430 ns, Total: 168324 ns
[2020-09-11T14:51:42.704+0000][1][safepoint    ] Safepoint "Cleanup", Time since last: 1000250448 ns, Reaching safepoint: 112642 ns, At safepoint: 6845 ns, Total: 119487 ns
[2020-09-11T14:51:43.704+0000][1][safepoint    ] Safepoint "Cleanup", Time since last: 1000179883 ns, Reaching safepoint: 149634 ns, At safepoint: 17784 ns, Total: 167418 ns
[2020-09-11T14:51:44.705+0000][1][safepoint    ] Safepoint "Cleanup", Time since last: 1000220469 ns, Reaching safepoint: 152707 ns, At safepoint: 17534 ns, Total: 170241 ns
[2020-09-11T14:51:45.706+0000][1][safepoint    ] Safepoint "Cleanup", Time since last: 1000990665 ns, Reaching safepoint: 114438 ns, At safepoint: 7348 ns, Total: 121786 ns
[2020-09-11T14:51:46.706+0000][1][safepoint    ] Safepoint "Cleanup", Time since last: 1000172474 ns, Reaching safepoint: 106371 ns, At safepoint: 6533 ns, Total: 112904 ns
[2020-09-11T14:51:47.707+0000][1][safepoint    ] Safepoint "Cleanup", Time since last: 1000191850 ns, Reaching safepoint: 148130 ns, At safepoint: 17360 ns, Total: 165490 ns
[2020-09-11T14:51:48.707+0000][1][safepoint    ] Safepoint "Cleanup", Time since last: 1000216322 ns, Reaching safepoint: 108149 ns, At safepoint: 6867 ns, Total: 115016 ns
[2020-09-11T14:51:49.707+0000][1][safepoint    ] Safepoint "Cleanup", Time since last: 1000174815 ns, Reaching safepoint: 151037 ns, At safepoint: 17397 ns, Total: 168434 ns
[2020-09-11T14:51:50.708+0000][1][safepoint    ] Safepoint "Cleanup", Time since last: 1000913714 ns, Reaching safepoint: 147973 ns, At safepoint: 16495 ns, Total: 164468 ns
[2020-09-11T14:51:51.709+0000][1][safepoint    ] Safepoint "Cleanup", Time since last: 1000230613 ns, Reaching safepoint: 111017 ns, At safepoint: 7857 ns, Total: 118874 ns
[2020-09-11T14:51:52.709+0000][1][safepoint    ] Safepoint "Cleanup", Time since last: 1000109540 ns, Reaching safepoint: 84566 ns, At safepoint: 6568 ns, Total: 91134 ns
[2020-09-11T14:51:53.709+0000][1][safepoint    ] Safepoint "Cleanup", Time since last: 1000181823 ns, Reaching safepoint: 108673 ns, At safepoint: 7162 ns, Total: 115835 ns
[2020-09-11T14:51:54.709+0000][1][safepoint    ] Safepoint "Cleanup", Time since last: 1000205342 ns, Reaching safepoint: 103416 ns, At safepoint: 7041 ns, Total: 110457 ns
[2020-09-11T14:51:55.710+0000][1][safepoint    ] Safepoint "Cleanup", Time since last: 1000913313 ns, Reaching safepoint: 116142 ns, At safepoint: 7398 ns, Total: 123540 ns
[2020-09-11T14:51:56.711+0000][1][safepoint    ] Safepoint "Cleanup", Time since last: 1000188392 ns, Reaching safepoint: 104023 ns, At safepoint: 6592 ns, Total: 110615 ns
[2020-09-11T14:51:57.711+0000][1][safepoint    ] Safepoint "Cleanup", Time since last: 1000188047 ns, Reaching safepoint: 95836 ns, At safepoint: 7586 ns, Total: 103422 ns
[2020-09-11T14:51:58.711+0000][1][safepoint    ] Safepoint "Cleanup", Time since last: 1000204869 ns, Reaching safepoint: 129925 ns, At safepoint: 7283 ns, Total: 137208 ns
[2020-09-11T14:51:59.712+0000][1][safepoint    ] Safepoint "Cleanup", Time since last: 1000142023 ns, Reaching safepoint: 154164 ns, At safepoint: 16184 ns, Total: 170348 ns
[2020-09-11T14:52:00.229+0000][1][gc,start     ] GC(108) Pause Young (Allocation Failure)
[2020-09-11T14:52:00.229+0000][1][gc,task      ] GC(108) Using 1 workers of 1 for evacuation
[2020-09-11T14:52:00.243+0000][1][gc,age       ] GC(108) Desired survivor size 4358144 bytes, new threshold 6 (max threshold 6)
[2020-09-11T14:52:00.243+0000][1][gc,age       ] GC(108) Age table with threshold 6 (max threshold 6)
[2020-09-11T14:52:00.243+0000][1][gc,age       ] GC(108) - age   1:      52968 bytes,      52968 total
[2020-09-11T14:52:00.243+0000][1][gc,age       ] GC(108) - age   2:      64256 bytes,     117224 total
[2020-09-11T14:52:00.243+0000][1][gc,age       ] GC(108) - age   3:     271288 bytes,     388512 total
[2020-09-11T14:52:00.243+0000][1][gc,age       ] GC(108) - age   4:      27560 bytes,     416072 total
[2020-09-11T14:52:00.243+0000][1][gc,age       ] GC(108) - age   5:       1760 bytes,     417832 total
[2020-09-11T14:52:00.243+0000][1][gc,age       ] GC(108) - age   6:        800 bytes,     418632 total
[2020-09-11T14:52:00.243+0000][1][gc,heap      ] GC(108) ParNew: 68775K->770K(76672K)
[2020-09-11T14:52:00.243+0000][1][gc,heap      ] GC(108) CMS: 69611K->69612K(439104K)
[2020-09-11T14:52:00.243+0000][1][gc,metaspace ] GC(108) Metaspace: 85637K->85637K(1128448K)
[2020-09-11T14:52:00.243+0000][1][gc           ] GC(108) Pause Young (Allocation Failure) 135M->68M(503M) 14.225ms
[2020-09-11T14:52:00.243+0000][1][gc,cpu       ] GC(108) User=0.01s Sys=0.00s Real=0.01s
[2020-09-11T14:52:00.243+0000][1][safepoint    ] Safepoint "GenCollectForAllocation", Time since last: 516779506 ns, Reaching safepoint: 163241 ns, At safepoint: 14300887 ns, Total: 14464128 ns
[2020-09-11T14:52:01.247+0000][1][safepoint    ] Safepoint "Cleanup", Time since last: 1004273163 ns, Reaching safepoint: 113000 ns, At safepoint: 33137 ns, Total: 146137 ns
[2020-09-11T14:52:02.248+0000][1][safepoint    ] Safepoint "Cleanup", Time since last: 1000124718 ns, Reaching safepoint: 133295 ns, At safepoint: 8950 ns, Total: 142245 ns
[2020-09-11T14:52:03.248+0000][1][safepoint    ] Safepoint "Cleanup", Time since last: 1000136737 ns, Reaching safepoint: 152230 ns, At safepoint: 17533 ns, Total: 169763 ns
[2020-09-11T14:52:04.248+0000][1][safepoint    ] Safepoint "Cleanup", Time since last: 1000235904 ns, Reaching safepoint: 90151 ns, At safepoint: 6721 ns, Total: 96872 ns
[2020-09-11T14:52:05.249+0000][1][safepoint    ] Safepoint "Cleanup", Time since last: 1000182464 ns, Reaching safepoint: 97950 ns, At safepoint: 8003 ns, Total: 105953 ns
[2020-09-11T14:52:06.249+0000][1][safepoint    ] Safepoint "Cleanup", Time since last: 1000174300 ns, Reaching safepoint: 152196 ns, At safepoint: 17437 ns, Total: 169633 ns
[2020-09-11T14:52:07.249+0000][1][safepoint    ] Safepoint "Cleanup", Time since last: 1000225202 ns, Reaching safepoint: 112063 ns, At safepoint: 8006 ns, Total: 120069 ns
[2020-09-11T14:52:08.250+0000][1][safepoint    ] Safepoint "Cleanup", Time since last: 1000194274 ns, Reaching safepoint: 152223 ns, At safepoint: 17590 ns, Total: 169813 ns
[2020-09-11T14:52:09.250+0000][1][safepoint    ] Safepoint "Cleanup", Time since last: 1000209612 ns, Reaching safepoint: 215742 ns, At safepoint: 21345 ns, Total: 237087 ns
[2020-09-11T14:52:10.250+0000][1][safepoint    ] Safepoint "Cleanup", Time since last: 1000209791 ns, Reaching safepoint: 155029 ns, At safepoint: 17073 ns, Total: 172102 ns
[2020-09-11T14:52:11.252+0000][1][safepoint    ] Safepoint "Cleanup", Time since last: 1001132954 ns, Reaching safepoint: 127565 ns, At safepoint: 7983 ns, Total: 135548 ns
[2020-09-11T14:52:12.252+0000][1][safepoint    ] Safepoint "Cleanup", Time since last: 1000181064 ns, Reaching safepoint: 161073 ns, At safepoint: 17056 ns, Total: 178129 ns
[2020-09-11T14:52:13.253+0000][1][safepoint    ] Safepoint "Cleanup", Time since last: 1000211634 ns, Reaching safepoint: 161551 ns, At safepoint: 18572 ns, Total: 180123 ns
[2020-09-11T14:52:14.253+0000][1][safepoint    ] Safepoint "Cleanup", Time since last: 1000208807 ns, Reaching safepoint: 172409 ns, At safepoint: 15258 ns, Total: 187667 ns
[2020-09-11T14:52:15.253+0000][1][safepoint    ] Safepoint "Cleanup", Time since last: 1000209866 ns, Reaching safepoint: 106921 ns, At safepoint: 8171 ns, Total: 115092 ns
[2020-09-11T14:52:16.254+0000][1][safepoint    ] Safepoint "Cleanup", Time since last: 1000923141 ns, Reaching safepoint: 153676 ns, At safepoint: 17791 ns, Total: 171467 ns
[2020-09-11T14:52:17.255+0000][1][safepoint    ] Safepoint "Cleanup", Time since last: 1000223128 ns, Reaching safepoint: 150201 ns, At safepoint: 18199 ns, Total: 168400 ns
[2020-09-11T14:52:18.255+0000][1][safepoint    ] Safepoint "Cleanup", Time since last: 1000237806 ns, Reaching safepoint: 98134 ns, At safepoint: 7116 ns, Total: 105250 ns
[2020-09-11T14:52:19.255+0000][1][safepoint    ] Safepoint "Cleanup", Time since last: 1000167770 ns, Reaching safepoint: 151675 ns, At safepoint: 39303 ns, Total: 190978 ns
[2020-09-11T14:52:20.256+0000][1][safepoint    ] Safepoint "Cleanup", Time since last: 1000215841 ns, Reaching safepoint: 148544 ns, At safepoint: 17714 ns, Total: 166258 ns
[2020-09-11T14:52:21.257+0000][1][safepoint    ] Safepoint "Cleanup", Time since last: 1000977049 ns, Reaching safepoint: 164711 ns, At safepoint: 19048 ns, Total: 183759 ns
[2020-09-11T14:52:22.257+0000][1][safepoint    ] Safepoint "Cleanup", Time since last: 1000233473 ns, Reaching safepoint: 110841 ns, At safepoint: 7040 ns, Total: 117881 ns
[2020-09-11T14:52:23.258+0000][1][safepoint    ] Safepoint "Cleanup", Time since last: 1000183574 ns, Reaching safepoint: 104468 ns, At safepoint: 8187 ns, Total: 112655 ns
[2020-09-11T14:52:24.258+0000][1][safepoint    ] Safepoint "Cleanup", Time since last: 1000166143 ns, Reaching safepoint: 150376 ns, At safepoint: 18255 ns, Total: 168631 ns
[2020-09-11T14:52:25.258+0000][1][safepoint    ] Safepoint "Cleanup", Time since last: 1000262157 ns, Reaching safepoint: 161898 ns, At safepoint: 18626 ns, Total: 180524 ns
[2020-09-11T14:52:26.260+0000][1][safepoint    ] Safepoint "Cleanup", Time since last: 1001079229 ns, Reaching safepoint: 145798 ns, At safepoint: 16791 ns, Total: 162589 ns
[2020-09-11T14:52:27.260+0000][1][safepoint    ] Safepoint "Cleanup", Time since last: 1000180100 ns, Reaching safepoint: 186298 ns, At safepoint: 17844 ns, Total: 204142 ns
[2020-09-11T14:52:28.260+0000][1][safepoint    ] Safepoint "Cleanup", Time since last: 1000177281 ns, Reaching safepoint: 173840 ns, At safepoint: 18318 ns, Total: 192158 ns
[2020-09-11T14:52:29.261+0000][1][safepoint    ] Safepoint "Cleanup", Time since last: 1000200933 ns, Reaching safepoint: 153021 ns, At safepoint: 18185 ns, Total: 171206 ns
[2020-09-11T14:52:30.261+0000][1][safepoint    ] Safepoint "Cleanup", Time since last: 1000209176 ns, Reaching safepoint: 130778 ns, At safepoint: 14919 ns, Total: 145697 ns
[2020-09-11T14:52:31.262+0000][1][safepoint    ] Safepoint "Cleanup", Time since last: 1001072326 ns, Reaching safepoint: 153916 ns, At safepoint: 16198 ns, Total: 170114 ns
[2020-09-11T14:52:32.263+0000][1][safepoint    ] Safepoint "Cleanup", Time since last: 1000186938 ns, Reaching safepoint: 135266 ns, At safepoint: 7356 ns, Total: 142622 ns
[2020-09-11T14:52:33.263+0000][1][safepoint    ] Safepoint "Cleanup", Time since last: 1000174590 ns, Reaching safepoint: 106807 ns, At safepoint: 7379 ns, Total: 114186 ns
[2020-09-11T14:52:34.263+0000][1][safepoint    ] Safepoint "Cleanup", Time since last: 1000189484 ns, Reaching safepoint: 106924 ns, At safepoint: 7219 ns, Total: 114143 ns
[2020-09-11T14:52:35.264+0000][1][safepoint    ] Safepoint "Cleanup", Time since last: 1000157277 ns, Reaching safepoint: 125389 ns, At safepoint: 8042 ns, Total: 133431 ns
[2020-09-11T14:52:36.264+0000][1][safepoint    ] Safepoint "Cleanup", Time since last: 1000785851 ns, Reaching safepoint: 97959 ns, At safepoint: 7602 ns, Total: 105561 ns
[2020-09-11T14:52:37.265+0000][1][safepoint    ] Safepoint "Cleanup", Time since last: 1000187914 ns, Reaching safepoint: 102820 ns, At safepoint: 7182 ns, Total: 110002 ns
[2020-09-11T14:52:38.265+0000][1][safepoint    ] Safepoint "Cleanup", Time since last: 1000162540 ns, Reaching safepoint: 112623 ns, At safepoint: 7182 ns, Total: 119805 ns
[2020-09-11T14:52:39.265+0000][1][safepoint    ] Safepoint "Cleanup", Time since last: 1000187702 ns, Reaching safepoint: 106445 ns, At safepoint: 7090 ns, Total: 113535 ns
[2020-09-11T14:52:40.266+0000][1][safepoint    ] Safepoint "Cleanup", Time since last: 1000173832 ns, Reaching safepoint: 150422 ns, At safepoint: 17758 ns, Total: 168180 ns
[2020-09-11T14:52:40.579+0000][1][gc,start     ] GC(109) Pause Young (Allocation Failure)
[2020-09-11T14:52:40.580+0000][1][gc,task      ] GC(109) Using 1 workers of 1 for evacuation
[2020-09-11T14:52:40.585+0000][1][gc,age       ] GC(109) Desired survivor size 4358144 bytes, new threshold 6 (max threshold 6)
[2020-09-11T14:52:40.585+0000][1][gc,age       ] GC(109) Age table with threshold 6 (max threshold 6)
[2020-09-11T14:52:40.585+0000][1][gc,age       ] GC(109) - age   1:      44584 bytes,      44584 total
[2020-09-11T14:52:40.585+0000][1][gc,age       ] GC(109) - age   2:      14040 bytes,      58624 total
[2020-09-11T14:52:40.585+0000][1][gc,age       ] GC(109) - age   3:      59008 bytes,     117632 total
[2020-09-11T14:52:40.585+0000][1][gc,age       ] GC(109) - age   4:     270048 bytes,     387680 total
[2020-09-11T14:52:40.585+0000][1][gc,age       ] GC(109) - age   5:      27560 bytes,     415240 total
[2020-09-11T14:52:40.585+0000][1][gc,age       ] GC(109) - age   6:       1760 bytes,     417000 total
[2020-09-11T14:52:40.585+0000][1][gc,heap      ] GC(109) ParNew: 68930K->499K(76672K)
[2020-09-11T14:52:40.585+0000][1][gc,heap      ] GC(109) CMS: 69612K->69612K(439104K)
[2020-09-11T14:52:40.585+0000][1][gc,metaspace ] GC(109) Metaspace: 85640K->85640K(1128448K)
[2020-09-11T14:52:40.585+0000][1][gc           ] GC(109) Pause Young (Allocation Failure) 135M->68M(503M) 5.597ms
[2020-09-11T14:52:40.585+0000][1][gc,cpu       ] GC(109) User=0.00s Sys=0.00s Real=0.01s
[2020-09-11T14:52:40.585+0000][1][safepoint    ] Safepoint "GenCollectForAllocation", Time since last: 313480388 ns, Reaching safepoint: 156817 ns, At safepoint: 5689934 ns, Total: 5846751 ns
[2020-09-11T14:52:41.590+0000][1][safepoint    ] Safepoint "Cleanup", Time since last: 1005278707 ns, Reaching safepoint: 97685 ns, At safepoint: 7849 ns, Total: 105534 ns
[2020-09-11T14:52:42.591+0000][1][safepoint    ] Safepoint "Cleanup", Time since last: 1000191774 ns, Reaching safepoint: 103636 ns, At safepoint: 7775 ns, Total: 111411 ns
[2020-09-11T14:52:43.591+0000][1][safepoint    ] Safepoint "Cleanup", Time since last: 1000119007 ns, Reaching safepoint: 79377 ns, At safepoint: 6532 ns, Total: 85909 ns
[2020-09-11T14:52:44.591+0000][1][safepoint    ] Safepoint "Cleanup", Time since last: 1000100519 ns, Reaching safepoint: 81297 ns, At safepoint: 5970 ns, Total: 87267 ns
[2020-09-11T14:52:45.591+0000][1][safepoint    ] Safepoint "Cleanup", Time since last: 1000181079 ns, Reaching safepoint: 177785 ns, At safepoint: 15967 ns, Total: 193752 ns
[2020-09-11T14:52:46.592+0000][1][safepoint    ] Safepoint "Cleanup", Time since last: 1000244314 ns, Reaching safepoint: 100600 ns, At safepoint: 6452 ns, Total: 107052 ns
[2020-09-11T14:52:47.592+0000][1][safepoint    ] Safepoint "Cleanup", Time since last: 1000146567 ns, Reaching safepoint: 116149 ns, At safepoint: 7065 ns, Total: 123214 ns
[2020-09-11T14:52:48.592+0000][1][safepoint    ] Safepoint "Cleanup", Time since last: 1000169619 ns, Reaching safepoint: 103116 ns, At safepoint: 6817 ns, Total: 109933 ns
[2020-09-11T14:52:49.593+0000][1][safepoint    ] Safepoint "Cleanup", Time since last: 1000129259 ns, Reaching safepoint: 149904 ns, At safepoint: 18034 ns, Total: 167938 ns
[2020-09-11T14:52:50.593+0000][1][safepoint    ] Safepoint "Cleanup", Time since last: 1000208543 ns, Reaching safepoint: 131950 ns, At safepoint: 6723 ns, Total: 138673 ns
[2020-09-11T14:52:51.593+0000][1][safepoint    ] Safepoint "Cleanup", Time since last: 1000166924 ns, Reaching safepoint: 109848 ns, At safepoint: 7270 ns, Total: 117118 ns
[2020-09-11T14:52:52.594+0000][1][safepoint    ] Safepoint "Cleanup", Time since last: 1000174745 ns, Reaching safepoint: 160431 ns, At safepoint: 18052 ns, Total: 178483 ns
[2020-09-11T14:52:53.594+0000][1][safepoint    ] Safepoint "Cleanup", Time since last: 1000206482 ns, Reaching safepoint: 103882 ns, At safepoint: 7497 ns, Total: 111379 ns
[2020-09-11T14:52:54.594+0000][1][safepoint    ] Safepoint "Cleanup", Time since last: 1000120798 ns, Reaching safepoint: 124560 ns, At safepoint: 5704 ns, Total: 130264 ns
[2020-09-11T14:52:55.595+0000][1][safepoint    ] Safepoint "Cleanup", Time since last: 1000155315 ns, Reaching safepoint: 150091 ns, At safepoint: 16999 ns, Total: 167090 ns
[2020-09-11T14:52:56.595+0000][1][safepoint    ] Safepoint "Cleanup", Time since last: 1000217253 ns, Reaching safepoint: 148458 ns, At safepoint: 16858 ns, Total: 165316 ns
[2020-09-11T14:52:57.595+0000][1][safepoint    ] Safepoint "Cleanup", Time since last: 1000214556 ns, Reaching safepoint: 173061 ns, At safepoint: 14984 ns, Total: 188045 ns
[2020-09-11T14:52:58.596+0000][1][safepoint    ] Safepoint "Cleanup", Time since last: 1000310523 ns, Reaching safepoint: 129702 ns, At safepoint: 6580 ns, Total: 136282 ns
[2020-09-11T14:52:59.596+0000][1][safepoint    ] Safepoint "Cleanup", Time since last: 1000173823 ns, Reaching safepoint: 105505 ns, At safepoint: 7456 ns, Total: 112961 ns
[2020-09-11T14:53:00.596+0000][1][safepoint    ] Safepoint "Cleanup", Time since last: 1000174950 ns, Reaching safepoint: 144512 ns, At safepoint: 16805 ns, Total: 161317 ns
[2020-09-11T14:53:01.597+0000][1][safepoint    ] Safepoint "Cleanup", Time since last: 1000186610 ns, Reaching safepoint: 131191 ns, At safepoint: 6979 ns, Total: 138170 ns
[2020-09-11T14:53:02.597+0000][1][safepoint    ] Safepoint "Cleanup", Time since last: 1000174668 ns, Reaching safepoint: 145962 ns, At safepoint: 16447 ns, Total: 162409 ns
[2020-09-11T14:53:03.597+0000][1][safepoint    ] Safepoint "Cleanup", Time since last: 1000267469 ns, Reaching safepoint: 150495 ns, At safepoint: 18873 ns, Total: 169368 ns
[2020-09-11T14:53:04.598+0000][1][safepoint    ] Safepoint "Cleanup", Time since last: 1000185490 ns, Reaching safepoint: 108427 ns, At safepoint: 6797 ns, Total: 115224 ns
[2020-09-11T14:53:05.598+0000][1][safepoint    ] Safepoint "Cleanup", Time since last: 1000171648 ns, Reaching safepoint: 159853 ns, At safepoint: 17938 ns, Total: 177791 ns
[2020-09-11T14:53:06.599+0000][1][safepoint    ] Safepoint "Cleanup", Time since last: 1000217407 ns, Reaching safepoint: 146306 ns, At safepoint: 16408 ns, Total: 162714 ns
[2020-09-11T14:53:07.599+0000][1][safepoint    ] Safepoint "Cleanup", Time since last: 1000233360 ns, Reaching safepoint: 147626 ns, At safepoint: 17610 ns, Total: 165236 ns
[2020-09-11T14:53:08.599+0000][1][safepoint    ] Safepoint "Cleanup", Time since last: 1000242844 ns, Reaching safepoint: 145731 ns, At safepoint: 16545 ns, Total: 162276 ns
[2020-09-11T14:53:09.600+0000][1][safepoint    ] Safepoint "Cleanup", Time since last: 1000291072 ns, Reaching safepoint: 147780 ns, At safepoint: 17623 ns, Total: 165403 ns
[2020-09-11T14:53:10.600+0000][1][safepoint    ] Safepoint "Cleanup", Time since last: 1000230592 ns, Reaching safepoint: 145247 ns, At safepoint: 17210 ns, Total: 162457 ns
[2020-09-11T14:53:11.601+0000][1][safepoint    ] Safepoint "Cleanup", Time since last: 1000217434 ns, Reaching safepoint: 112987 ns, At safepoint: 7191 ns, Total: 120178 ns
[2020-09-11T14:53:12.601+0000][1][safepoint    ] Safepoint "Cleanup", Time since last: 1000193236 ns, Reaching safepoint: 99584 ns, At safepoint: 7586 ns, Total: 107170 ns
[2020-09-11T14:53:13.601+0000][1][safepoint    ] Safepoint "Cleanup", Time since last: 1000140126 ns, Reaching safepoint: 150262 ns, At safepoint: 16912 ns, Total: 167174 ns
[2020-09-11T14:53:14.601+0000][1][safepoint    ] Safepoint "Cleanup", Time since last: 1000230762 ns, Reaching safepoint: 106296 ns, At safepoint: 6221 ns, Total: 112517 ns
[2020-09-11T14:53:15.602+0000][1][safepoint    ] Safepoint "Cleanup", Time since last: 1000166389 ns, Reaching safepoint: 111704 ns, At safepoint: 7519 ns, Total: 119223 ns
[2020-09-11T14:53:16.602+0000][1][safepoint    ] Safepoint "Cleanup", Time since last: 1000173533 ns, Reaching safepoint: 106773 ns, At safepoint: 6738 ns, Total: 113511 ns
[2020-09-11T14:53:17.602+0000][1][safepoint    ] Safepoint "Cleanup", Time since last: 1000201318 ns, Reaching safepoint: 145557 ns, At safepoint: 16622 ns, Total: 162179 ns
[2020-09-11T14:53:18.603+0000][1][safepoint    ] Safepoint "Cleanup", Time since last: 1000215396 ns, Reaching safepoint: 99021 ns, At safepoint: 6353 ns, Total: 105374 ns
[2020-09-11T14:53:19.603+0000][1][safepoint    ] Safepoint "Cleanup", Time since last: 1000173466 ns, Reaching safepoint: 120051 ns, At safepoint: 7092 ns, Total: 127143 ns
[2020-09-11T14:53:20.551+0000][1][gc,start     ] GC(110) Pause Young (Allocation Failure)
[2020-09-11T14:53:20.551+0000][1][gc,task      ] GC(110) Using 1 workers of 1 for evacuation
[2020-09-11T14:53:20.567+0000][1][gc,age       ] GC(110) Desired survivor size 4358144 bytes, new threshold 6 (max threshold 6)
[2020-09-11T14:53:20.567+0000][1][gc,age       ] GC(110) Age table with threshold 6 (max threshold 6)
[2020-09-11T14:53:20.567+0000][1][gc,age       ] GC(110) - age   1:      45656 bytes,      45656 total
[2020-09-11T14:53:20.567+0000][1][gc,age       ] GC(110) - age   2:      10056 bytes,      55712 total
[2020-09-11T14:53:20.567+0000][1][gc,age       ] GC(110) - age   3:       4040 bytes,      59752 total
[2020-09-11T14:53:20.567+0000][1][gc,age       ] GC(110) - age   4:      59008 bytes,     118760 total
[2020-09-11T14:53:20.567+0000][1][gc,age       ] GC(110) - age   5:     270048 bytes,     388808 total
[2020-09-11T14:53:20.567+0000][1][gc,age       ] GC(110) - age   6:      27560 bytes,     416368 total
[2020-09-11T14:53:20.567+0000][1][gc,heap      ] GC(110) ParNew: 68597K->735K(76672K)
[2020-09-11T14:53:20.567+0000][1][gc,heap      ] GC(110) CMS: 69612K->69614K(439104K)
[2020-09-11T14:53:20.567+0000][1][gc,metaspace ] GC(110) Metaspace: 85645K->85645K(1128448K)
[2020-09-11T14:53:20.567+0000][1][gc           ] GC(110) Pause Young (Allocation Failure) 134M->68M(503M) 15.590ms
[2020-09-11T14:53:20.567+0000][1][gc,cpu       ] GC(110) User=0.01s Sys=0.00s Real=0.02s
[2020-09-11T14:53:20.567+0000][1][safepoint    ] Safepoint "GenCollectForAllocation", Time since last: 947829707 ns, Reaching safepoint: 257327 ns, At safepoint: 15667310 ns, Total: 15924637 ns
[2020-09-11T14:53:21.567+0000][1][safepoint    ] Safepoint "Cleanup", Time since last: 1000314017 ns, Reaching safepoint: 110874 ns, At safepoint: 6630 ns, Total: 117504 ns
[2020-09-11T14:53:22.568+0000][1][safepoint    ] Safepoint "Cleanup", Time since last: 1000138431 ns, Reaching safepoint: 176502 ns, At safepoint: 15151 ns, Total: 191653 ns
[2020-09-11T14:53:23.568+0000][1][safepoint    ] Safepoint "Cleanup", Time since last: 1000199979 ns, Reaching safepoint: 128005 ns, At safepoint: 6726 ns, Total: 134731 ns
[2020-09-11T14:53:24.568+0000][1][safepoint    ] Safepoint "Cleanup", Time since last: 1000111972 ns, Reaching safepoint: 154778 ns, At safepoint: 16849 ns, Total: 171627 ns
[2020-09-11T14:53:25.568+0000][1][safepoint    ] Safepoint "Cleanup", Time since last: 1000229178 ns, Reaching safepoint: 115474 ns, At safepoint: 7195 ns, Total: 122669 ns
[2020-09-11T14:53:26.569+0000][1][safepoint    ] Safepoint "Cleanup", Time since last: 1000175603 ns, Reaching safepoint: 116174 ns, At safepoint: 6572 ns, Total: 122746 ns
[2020-09-11T14:53:27.569+0000][1][safepoint    ] Safepoint "Cleanup", Time since last: 1000178914 ns, Reaching safepoint: 144054 ns, At safepoint: 18209 ns, Total: 162263 ns
[2020-09-11T14:53:28.569+0000][1][safepoint    ] Safepoint "Cleanup", Time since last: 1000215829 ns, Reaching safepoint: 108613 ns, At safepoint: 6593 ns, Total: 115206 ns
[2020-09-11T14:53:29.570+0000][1][safepoint    ] Safepoint "Cleanup", Time since last: 1000174904 ns, Reaching safepoint: 138121 ns, At safepoint: 7128 ns, Total: 145249 ns
[2020-09-11T14:53:30.570+0000][1][safepoint    ] Safepoint "Cleanup", Time since last: 1000170574 ns, Reaching safepoint: 115479 ns, At safepoint: 6928 ns, Total: 122407 ns
[2020-09-11T14:53:31.570+0000][1][safepoint    ] Safepoint "Cleanup", Time since last: 1000194108 ns, Reaching safepoint: 105292 ns, At safepoint: 7694 ns, Total: 112986 ns
[2020-09-11T14:53:32.571+0000][1][safepoint    ] Safepoint "Cleanup", Time since last: 1000165937 ns, Reaching safepoint: 114611 ns, At safepoint: 7006 ns, Total: 121617 ns
[2020-09-11T14:53:33.571+0000][1][safepoint    ] Safepoint "Cleanup", Time since last: 1000190288 ns, Reaching safepoint: 103033 ns, At safepoint: 7452 ns, Total: 110485 ns
[2020-09-11T14:53:34.571+0000][1][safepoint    ] Safepoint "Cleanup", Time since last: 1000191266 ns, Reaching safepoint: 154638 ns, At safepoint: 16642 ns, Total: 171280 ns
[2020-09-11T14:53:35.572+0000][1][safepoint    ] Safepoint "Cleanup", Time since last: 1000261046 ns, Reaching safepoint: 107595 ns, At safepoint: 7712 ns, Total: 115307 ns
[2020-09-11T14:53:36.572+0000][1][safepoint    ] Safepoint "Cleanup", Time since last: 1000134413 ns, Reaching safepoint: 124972 ns, At safepoint: 6991 ns, Total: 131963 ns
[2020-09-11T14:53:37.572+0000][1][safepoint    ] Safepoint "Cleanup", Time since last: 1000139925 ns, Reaching safepoint: 126455 ns, At safepoint: 7209 ns, Total: 133664 ns
[2020-09-11T14:53:38.573+0000][1][safepoint    ] Safepoint "Cleanup", Time since last: 1000186536 ns, Reaching safepoint: 112341 ns, At safepoint: 6443 ns, Total: 118784 ns
[2020-09-11T14:53:39.573+0000][1][safepoint    ] Safepoint "Cleanup", Time since last: 1000140258 ns, Reaching safepoint: 165570 ns, At safepoint: 18536 ns, Total: 184106 ns
[2020-09-11T14:53:40.573+0000][1][safepoint    ] Safepoint "Cleanup", Time since last: 1000218694 ns, Reaching safepoint: 105377 ns, At safepoint: 6898 ns, Total: 112275 ns
[2020-09-11T14:53:41.574+0000][1][safepoint    ] Safepoint "Cleanup", Time since last: 1000193602 ns, Reaching safepoint: 121606 ns, At safepoint: 8278 ns, Total: 129884 ns
[2020-09-11T14:53:42.574+0000][1][safepoint    ] Safepoint "Cleanup", Time since last: 1000197467 ns, Reaching safepoint: 105943 ns, At safepoint: 7314 ns, Total: 113257 ns
[2020-09-11T14:53:43.574+0000][1][safepoint    ] Safepoint "Cleanup", Time since last: 1000180363 ns, Reaching safepoint: 105332 ns, At safepoint: 7399 ns, Total: 112731 ns
[2020-09-11T14:53:44.574+0000][1][safepoint    ] Safepoint "Cleanup", Time since last: 1000161780 ns, Reaching safepoint: 106775 ns, At safepoint: 6244 ns, Total: 113019 ns
[2020-09-11T14:53:45.575+0000][1][safepoint    ] Safepoint "Cleanup", Time since last: 1000180007 ns, Reaching safepoint: 110170 ns, At safepoint: 7836 ns, Total: 118006 ns
[2020-09-11T14:53:46.575+0000][1][safepoint    ] Safepoint "Cleanup", Time since last: 1000193183 ns, Reaching safepoint: 101713 ns, At safepoint: 6461 ns, Total: 108174 ns
[2020-09-11T14:53:47.575+0000][1][safepoint    ] Safepoint "Cleanup", Time since last: 1000172441 ns, Reaching safepoint: 112815 ns, At safepoint: 7151 ns, Total: 119966 ns
[2020-09-11T14:53:48.576+0000][1][safepoint    ] Safepoint "Cleanup", Time since last: 1000169075 ns, Reaching safepoint: 147275 ns, At safepoint: 16905 ns, Total: 164180 ns
[2020-09-11T14:53:49.576+0000][1][safepoint    ] Safepoint "Cleanup", Time since last: 1000200651 ns, Reaching safepoint: 150896 ns, At safepoint: 18068 ns, Total: 168964 ns
[2020-09-11T14:53:50.576+0000][1][safepoint    ] Safepoint "Cleanup", Time since last: 1000215890 ns, Reaching safepoint: 106100 ns, At safepoint: 6604 ns, Total: 112704 ns
[2020-09-11T14:53:51.577+0000][1][safepoint    ] Safepoint "Cleanup", Time since last: 1000169709 ns, Reaching safepoint: 110164 ns, At safepoint: 7238 ns, Total: 117402 ns
[2020-09-11T14:53:52.577+0000][1][safepoint    ] Safepoint "Cleanup", Time since last: 1000191995 ns, Reaching safepoint: 150539 ns, At safepoint: 17069 ns, Total: 167608 ns
[2020-09-11T14:53:53.577+0000][1][safepoint    ] Safepoint "Cleanup", Time since last: 1000215075 ns, Reaching safepoint: 108185 ns, At safepoint: 7121 ns, Total: 115306 ns
[2020-09-11T14:53:54.578+0000][1][safepoint    ] Safepoint "Cleanup", Time since last: 1000187011 ns, Reaching safepoint: 108570 ns, At safepoint: 6796 ns, Total: 115366 ns
[2020-09-11T14:53:55.578+0000][1][safepoint    ] Safepoint "Cleanup", Time since last: 1000168025 ns, Reaching safepoint: 115124 ns, At safepoint: 7512 ns, Total: 122636 ns
[2020-09-11T14:53:56.578+0000][1][safepoint    ] Safepoint "Cleanup", Time since last: 1000173852 ns, Reaching safepoint: 149650 ns, At safepoint: 16595 ns, Total: 166245 ns
[2020-09-11T14:53:57.579+0000][1][safepoint    ] Safepoint "Cleanup", Time since last: 1000202773 ns, Reaching safepoint: 161895 ns, At safepoint: 18005 ns, Total: 179900 ns
[2020-09-11T14:53:59.346+0000][1][gc,start     ] GC(111) Pause Young (Allocation Failure)
[2020-09-11T14:53:59.346+0000][1][gc,task      ] GC(111) Using 1 workers of 1 for evacuation
[2020-09-11T14:53:59.351+0000][1][gc,age       ] GC(111) Desired survivor size 4358144 bytes, new threshold 6 (max threshold 6)
[2020-09-11T14:53:59.351+0000][1][gc,age       ] GC(111) Age table with threshold 6 (max threshold 6)
[2020-09-11T14:53:59.351+0000][1][gc,age       ] GC(111) - age   1:     117136 bytes,     117136 total
[2020-09-11T14:53:59.351+0000][1][gc,age       ] GC(111) - age   2:       6704 bytes,     123840 total
[2020-09-11T14:53:59.351+0000][1][gc,age       ] GC(111) - age   4:       4040 bytes,     127880 total
[2020-09-11T14:53:59.351+0000][1][gc,age       ] GC(111) - age   5:      59008 bytes,     186888 total
[2020-09-11T14:53:59.351+0000][1][gc,age       ] GC(111) - age   6:     270048 bytes,     456936 total
[2020-09-11T14:53:59.351+0000][1][gc,heap      ] GC(111) ParNew: 68895K->488K(76672K)
[2020-09-11T14:53:59.351+0000][1][gc,heap      ] GC(111) CMS: 69614K->69642K(439104K)
[2020-09-11T14:53:59.351+0000][1][gc,metaspace ] GC(111) Metaspace: 85648K->85648K(1128448K)
[2020-09-11T14:53:59.351+0000][1][gc           ] GC(111) Pause Young (Allocation Failure) 135M->68M(503M) 5.642ms
[2020-09-11T14:53:59.351+0000][1][gc,cpu       ] GC(111) User=0.00s Sys=0.01s Real=0.00s
[2020-09-11T14:53:59.351+0000][1][safepoint    ] Safepoint "GenCollectForAllocation", Time since last: 1766963528 ns, Reaching safepoint: 182037 ns, At safepoint: 5707956 ns, Total: 5889993 ns
[2020-09-11T14:54:02.353+0000][1][safepoint    ] Safepoint "Cleanup", Time since last: 3001266442 ns, Reaching safepoint: 158036 ns, At safepoint: 17868 ns, Total: 175904 ns
[2020-09-11T14:54:03.353+0000][1][safepoint    ] Safepoint "Cleanup", Time since last: 1000225812 ns, Reaching safepoint: 113768 ns, At safepoint: 6753 ns, Total: 120521 ns
[2020-09-11T14:54:26.358+0000][1][safepoint    ] Safepoint "Cleanup", Time since last: 23004677642 ns, Reaching safepoint: 81353 ns, At safepoint: 7233 ns, Total: 88586 ns
[2020-09-11T14:54:29.359+0000][1][safepoint    ] Safepoint "Cleanup", Time since last: 3000335222 ns, Reaching safepoint: 126473 ns, At safepoint: 6910 ns, Total: 133383 ns
[2020-09-11T14:54:39.893+0000][1][gc,start     ] GC(112) Pause Young (Allocation Failure)
[2020-09-11T14:54:39.893+0000][1][gc,task      ] GC(112) Using 1 workers of 1 for evacuation
[2020-09-11T14:54:39.900+0000][1][gc,age       ] GC(112) Desired survivor size 4358144 bytes, new threshold 6 (max threshold 6)
[2020-09-11T14:54:39.900+0000][1][gc,age       ] GC(112) Age table with threshold 6 (max threshold 6)
[2020-09-11T14:54:39.900+0000][1][gc,age       ] GC(112) - age   1:     113248 bytes,     113248 total
[2020-09-11T14:54:39.900+0000][1][gc,age       ] GC(112) - age   2:      10240 bytes,     123488 total
[2020-09-11T14:54:39.900+0000][1][gc,age       ] GC(112) - age   3:        216 bytes,     123704 total
[2020-09-11T14:54:39.900+0000][1][gc,age       ] GC(112) - age   5:       3920 bytes,     127624 total
[2020-09-11T14:54:39.900+0000][1][gc,age       ] GC(112) - age   6:      59008 bytes,     186632 total
[2020-09-11T14:54:39.900+0000][1][gc,heap      ] GC(112) ParNew: 68648K->395K(76672K)
[2020-09-11T14:54:39.900+0000][1][gc,heap      ] GC(112) CMS: 69642K->69914K(439104K)
[2020-09-11T14:54:39.900+0000][1][gc,metaspace ] GC(112) Metaspace: 85650K->85650K(1128448K)
[2020-09-11T14:54:39.900+0000][1][gc           ] GC(112) Pause Young (Allocation Failure) 135M->68M(503M) 6.467ms
[2020-09-11T14:54:39.900+0000][1][gc,cpu       ] GC(112) User=0.00s Sys=0.00s Real=0.01s
[2020-09-11T14:54:39.900+0000][1][safepoint    ] Safepoint "GenCollectForAllocation", Time since last: 10534497078 ns, Reaching safepoint: 160399 ns, At safepoint: 6582511 ns, Total: 6742910 ns
[2020-09-11T14:54:54.903+0000][1][safepoint    ] Safepoint "Cleanup", Time since last: 15003011496 ns, Reaching safepoint: 109346 ns, At safepoint: 7095 ns, Total: 116441 ns
[2020-09-11T14:54:57.904+0000][1][safepoint    ] Safepoint "Cleanup", Time since last: 3000496494 ns, Reaching safepoint: 123789 ns, At safepoint: 6490 ns, Total: 130279 ns
[2020-09-11T14:55:11.906+0000][1][safepoint    ] Safepoint "Cleanup", Time since last: 14001862106 ns, Reaching safepoint: 151829 ns, At safepoint: 17343 ns, Total: 169172 ns
[2020-09-11T14:55:15.906+0000][1][safepoint    ] Safepoint "Cleanup", Time since last: 4000611225 ns, Reaching safepoint: 99773 ns, At safepoint: 7336 ns, Total: 107109 ns
[2020-09-11T14:55:19.988+0000][1][gc,start     ] GC(113) Pause Young (Allocation Failure)
[2020-09-11T14:55:19.988+0000][1][gc,task      ] GC(113) Using 1 workers of 1 for evacuation
[2020-09-11T14:55:19.996+0000][1][gc,age       ] GC(113) Desired survivor size 4358144 bytes, new threshold 6 (max threshold 6)
[2020-09-11T14:55:19.996+0000][1][gc,age       ] GC(113) Age table with threshold 6 (max threshold 6)
[2020-09-11T14:55:19.996+0000][1][gc,age       ] GC(113) - age   1:     111928 bytes,     111928 total
[2020-09-11T14:55:19.996+0000][1][gc,age       ] GC(113) - age   2:       8360 bytes,     120288 total
[2020-09-11T14:55:19.997+0000][1][gc,age       ] GC(113) - age   3:       2720 bytes,     123008 total
[2020-09-11T14:55:19.997+0000][1][gc,age       ] GC(113) - age   4:        216 bytes,     123224 total
[2020-09-11T14:55:19.997+0000][1][gc,age       ] GC(113) - age   6:       3920 bytes,     127144 total
[2020-09-11T14:55:19.997+0000][1][gc,heap      ] GC(113) ParNew: 68555K->167K(76672K)
[2020-09-11T14:55:19.997+0000][1][gc,heap      ] GC(113) CMS: 69914K->69973K(439104K)
[2020-09-11T14:55:19.997+0000][1][gc,metaspace ] GC(113) Metaspace: 85654K->85654K(1128448K)
[2020-09-11T14:55:19.997+0000][1][gc           ] GC(113) Pause Young (Allocation Failure) 135M->68M(503M) 9.101ms
[2020-09-11T14:55:19.997+0000][1][gc,cpu       ] GC(113) User=0.01s Sys=0.00s Real=0.01s
[2020-09-11T14:55:19.997+0000][1][safepoint    ] Safepoint "GenCollectForAllocation", Time since last: 4080882434 ns, Reaching safepoint: 339205 ns, At safepoint: 9177974 ns, Total: 9517179 ns
[2020-09-11T14:55:29.001+0000][1][safepoint    ] Safepoint "Cleanup", Time since last: 9004179604 ns, Reaching safepoint: 138044 ns, At safepoint: 7244 ns, Total: 145288 ns
[2020-09-11T14:55:32.002+0000][1][safepoint    ] Safepoint "Cleanup", Time since last: 3000448962 ns, Reaching safepoint: 111800 ns, At safepoint: 6756 ns, Total: 118556 ns
[2020-09-11T14:55:47.004+0000][1][safepoint    ] Safepoint "Cleanup", Time since last: 15002148341 ns, Reaching safepoint: 99803 ns, At safepoint: 7420 ns, Total: 107223 ns
[2020-09-11T14:55:58.005+0000][1][safepoint    ] Safepoint "Cleanup", Time since last: 11001420204 ns, Reaching safepoint: 105789 ns, At safepoint: 7172 ns, Total: 112961 ns
[2020-09-11T14:55:58.059+0000][1][gc,start     ] GC(114) Pause Young (Allocation Failure)
[2020-09-11T14:55:58.060+0000][1][gc,task      ] GC(114) Using 1 workers of 1 for evacuation
[2020-09-11T14:55:58.064+0000][1][gc,age       ] GC(114) Desired survivor size 4358144 bytes, new threshold 6 (max threshold 6)
[2020-09-11T14:55:58.064+0000][1][gc,age       ] GC(114) Age table with threshold 6 (max threshold 6)
[2020-09-11T14:55:58.064+0000][1][gc,age       ] GC(114) - age   1:      65456 bytes,      65456 total
[2020-09-11T14:55:58.064+0000][1][gc,age       ] GC(114) - age   2:       6488 bytes,      71944 total
[2020-09-11T14:55:58.064+0000][1][gc,age       ] GC(114) - age   3:        784 bytes,      72728 total
[2020-09-11T14:55:58.064+0000][1][gc,age       ] GC(114) - age   4:        120 bytes,      72848 total
[2020-09-11T14:55:58.064+0000][1][gc,age       ] GC(114) - age   5:        216 bytes,      73064 total
[2020-09-11T14:55:58.064+0000][1][gc,heap      ] GC(114) ParNew: 68327K->134K(76672K)
[2020-09-11T14:55:58.064+0000][1][gc,heap      ] GC(114) CMS: 69973K->69976K(439104K)
[2020-09-11T14:55:58.064+0000][1][gc,metaspace ] GC(114) Metaspace: 85691K->85691K(1128448K)
[2020-09-11T14:55:58.064+0000][1][gc           ] GC(114) Pause Young (Allocation Failure) 135M->68M(503M) 4.690ms
[2020-09-11T14:55:58.064+0000][1][gc,cpu       ] GC(114) User=0.00s Sys=0.00s Real=0.01s
[2020-09-11T14:55:58.064+0000][1][safepoint    ] Safepoint "GenCollectForAllocation", Time since last: 53927404 ns, Reaching safepoint: 180977 ns, At safepoint: 4790009 ns, Total: 4970986 ns
[2020-09-11T14:56:02.065+0000][1][safepoint    ] Safepoint "Cleanup", Time since last: 4000771743 ns, Reaching safepoint: 102666 ns, At safepoint: 6541 ns, Total: 109207 ns
[2020-09-11T14:56:20.687+0000][1][safepoint    ] Safepoint "RevokeBias", Time since last: 18621957634 ns, Reaching safepoint: 268980 ns, At safepoint: 76097 ns, Total: 345077 ns
[2020-09-11T14:56:20.924+0000][1][safepoint    ] Safepoint "RevokeBias", Time since last: 231264262 ns, Reaching safepoint: 4815749 ns, At safepoint: 42628 ns, Total: 4858377 ns
[2020-09-11T14:56:21.924+0000][1][safepoint    ] Safepoint "Cleanup", Time since last: 1000147795 ns, Reaching safepoint: 129439 ns, At safepoint: 7873 ns, Total: 137312 ns
[2020-09-11T14:56:27.925+0000][1][safepoint    ] Safepoint "Cleanup", Time since last: 6000889492 ns, Reaching safepoint: 151879 ns, At safepoint: 18359 ns, Total: 170238 ns
[2020-09-11T14:56:36.122+0000][1][gc,start     ] GC(115) Pause Young (Allocation Failure)
[2020-09-11T14:56:36.122+0000][1][gc,task      ] GC(115) Using 1 workers of 1 for evacuation
[2020-09-11T14:56:36.129+0000][1][gc,age       ] GC(115) Desired survivor size 4358144 bytes, new threshold 6 (max threshold 6)
[2020-09-11T14:56:36.129+0000][1][gc,age       ] GC(115) Age table with threshold 6 (max threshold 6)
[2020-09-11T14:56:36.129+0000][1][gc,age       ] GC(115) - age   1:      74936 bytes,      74936 total
[2020-09-11T14:56:36.129+0000][1][gc,age       ] GC(115) - age   2:      27600 bytes,     102536 total
[2020-09-11T14:56:36.129+0000][1][gc,age       ] GC(115) - age   4:        784 bytes,     103320 total
[2020-09-11T14:56:36.129+0000][1][gc,age       ] GC(115) - age   5:        120 bytes,     103440 total
[2020-09-11T14:56:36.129+0000][1][gc,age       ] GC(115) - age   6:        216 bytes,     103656 total
[2020-09-11T14:56:36.129+0000][1][gc,heap      ] GC(115) ParNew: 68294K->120K(76672K)
[2020-09-11T14:56:36.129+0000][1][gc,heap      ] GC(115) CMS: 69976K->69976K(439104K)
[2020-09-11T14:56:36.129+0000][1][gc,metaspace ] GC(115) Metaspace: 85755K->85755K(1128448K)
[2020-09-11T14:56:36.129+0000][1][gc           ] GC(115) Pause Young (Allocation Failure) 135M->68M(503M) 7.657ms
[2020-09-11T14:56:36.129+0000][1][gc,cpu       ] GC(115) User=0.01s Sys=0.00s Real=0.01s
[2020-09-11T14:56:36.129+0000][1][safepoint    ] Safepoint "GenCollectForAllocation", Time since last: 8196529967 ns, Reaching safepoint: 250993 ns, At safepoint: 7739271 ns, Total: 7990264 ns
[2020-09-11T14:56:57.136+0000][1][safepoint    ] Safepoint "Cleanup", Time since last: 21006451664 ns, Reaching safepoint: 105369 ns, At safepoint: 7643 ns, Total: 113012 ns
[2020-09-11T14:57:01.137+0000][1][safepoint    ] Safepoint "Cleanup", Time since last: 4000612895 ns, Reaching safepoint: 111038 ns, At safepoint: 8294 ns, Total: 119332 ns
[2020-09-11T14:57:04.137+0000][1][safepoint    ] Safepoint "Cleanup", Time since last: 3000492992 ns, Reaching safepoint: 150298 ns, At safepoint: 17527 ns, Total: 167825 ns
[2020-09-11T14:57:06.138+0000][1][safepoint    ] Safepoint "Cleanup", Time since last: 2000379651 ns, Reaching safepoint: 153646 ns, At safepoint: 18098 ns, Total: 171744 ns
[2020-09-11T14:57:10.139+0000][1][safepoint    ] Safepoint "Cleanup", Time since last: 4000568285 ns, Reaching safepoint: 167371 ns, At safepoint: 18442 ns, Total: 185813 ns
[2020-09-11T14:57:16.176+0000][1][gc,start     ] GC(116) Pause Young (Allocation Failure)
[2020-09-11T14:57:16.176+0000][1][gc,task      ] GC(116) Using 1 workers of 1 for evacuation
[2020-09-11T14:57:16.180+0000][1][gc,age       ] GC(116) Desired survivor size 4358144 bytes, new threshold 6 (max threshold 6)
[2020-09-11T14:57:16.180+0000][1][gc,age       ] GC(116) Age table with threshold 6 (max threshold 6)
[2020-09-11T14:57:16.180+0000][1][gc,age       ] GC(116) - age   1:      41136 bytes,      41136 total
[2020-09-11T14:57:16.180+0000][1][gc,age       ] GC(116) - age   2:      40696 bytes,      81832 total
[2020-09-11T14:57:16.180+0000][1][gc,age       ] GC(116) - age   3:      21320 bytes,     103152 total
[2020-09-11T14:57:16.180+0000][1][gc,age       ] GC(116) - age   5:        784 bytes,     103936 total
[2020-09-11T14:57:16.180+0000][1][gc,age       ] GC(116) - age   6:        120 bytes,     104056 total
[2020-09-11T14:57:16.180+0000][1][gc,heap      ] GC(116) ParNew: 68280K->182K(76672K)
[2020-09-11T14:57:16.180+0000][1][gc,heap      ] GC(116) CMS: 69976K->69977K(439104K)
[2020-09-11T14:57:16.180+0000][1][gc,metaspace ] GC(116) Metaspace: 85755K->85755K(1128448K)
[2020-09-11T14:57:16.180+0000][1][gc           ] GC(116) Pause Young (Allocation Failure) 135M->68M(503M) 4.540ms
[2020-09-11T14:57:16.180+0000][1][gc,cpu       ] GC(116) User=0.01s Sys=0.00s Real=0.00s
[2020-09-11T14:57:16.180+0000][1][safepoint    ] Safepoint "GenCollectForAllocation", Time since last: 6036645202 ns, Reaching safepoint: 189618 ns, At safepoint: 4602419 ns, Total: 4792037 ns
[2020-09-11T14:57:17.183+0000][1][safepoint    ] Safepoint "Cleanup", Time since last: 1003029981 ns, Reaching safepoint: 78301 ns, At safepoint: 5739 ns, Total: 84040 ns
[2020-09-11T14:57:18.183+0000][1][safepoint    ] Safepoint "Cleanup", Time since last: 1000149259 ns, Reaching safepoint: 113226 ns, At safepoint: 5911 ns, Total: 119137 ns
[2020-09-11T14:57:18.877+0000][1][safepoint    ] Safepoint "RevokeBias", Time since last: 693351426 ns, Reaching safepoint: 65383 ns, At safepoint: 22304 ns, Total: 87687 ns
[2020-09-11T14:57:19.080+0000][1][safepoint    ] Safepoint "RevokeBias", Time since last: 202886190 ns, Reaching safepoint: 80446 ns, At safepoint: 20308 ns, Total: 100754 ns
[2020-09-11T14:57:19.080+0000][1][safepoint    ] Safepoint "RevokeBias", Time since last: 83530 ns, Reaching safepoint: 27078 ns, At safepoint: 10919 ns, Total: 37997 ns
[2020-09-11T14:57:19.080+0000][1][safepoint    ] Safepoint "RevokeBias", Time since last: 408990 ns, Reaching safepoint: 31748 ns, At safepoint: 10903 ns, Total: 42651 ns
[2020-09-11T14:57:19.081+0000][1][safepoint    ] Safepoint "RevokeBias", Time since last: 74428 ns, Reaching safepoint: 26731 ns, At safepoint: 9836 ns, Total: 36567 ns
[2020-09-11T14:57:19.100+0000][1][safepoint    ] Safepoint "RevokeBias", Time since last: 19192994 ns, Reaching safepoint: 138225 ns, At safepoint: 17325 ns, Total: 155550 ns
[2020-09-11T14:57:20.100+0000][1][safepoint    ] Safepoint "Cleanup", Time since last: 1000175180 ns, Reaching safepoint: 160201 ns, At safepoint: 17564 ns, Total: 177765 ns
[2020-09-11T14:57:27.101+0000][1][safepoint    ] Safepoint "Cleanup", Time since last: 7000991054 ns, Reaching safepoint: 159523 ns, At safepoint: 18249 ns, Total: 177772 ns
[2020-09-11T14:57:43.435+0000][1][safepoint    ] Safepoint "RevokeBias", Time since last: 16331592508 ns, Reaching safepoint: 1538960 ns, At safepoint: 579040 ns, Total: 2118000 ns
[2020-09-11T14:57:43.449+0000][1][safepoint    ] Safepoint "RevokeBias", Time since last: 12142458 ns, Reaching safepoint: 2113042 ns, At safepoint: 57756 ns, Total: 2170798 ns
[2020-09-11T14:57:43.490+0000][1][safepoint    ] Safepoint "RevokeBias", Time since last: 40600464 ns, Reaching safepoint: 197801 ns, At safepoint: 18705 ns, Total: 216506 ns
[2020-09-11T14:57:43.491+0000][1][safepoint    ] Safepoint "RevokeBias", Time since last: 70762 ns, Reaching safepoint: 149425 ns, At safepoint: 10814 ns, Total: 160239 ns
[2020-09-11T14:57:43.589+0000][1][safepoint    ] Safepoint "RevokeBias", Time since last: 98051053 ns, Reaching safepoint: 205411 ns, At safepoint: 52530 ns, Total: 257941 ns
[2020-09-11T14:57:43.589+0000][1][safepoint    ] Safepoint "RevokeBias", Time since last: 478059 ns, Reaching safepoint: 115197 ns, At safepoint: 15285 ns, Total: 130482 ns
[2020-09-11T14:57:43.772+0000][1][safepoint    ] Safepoint "RevokeBias", Time since last: 181961865 ns, Reaching safepoint: 191478 ns, At safepoint: 30375 ns, Total: 221853 ns
[2020-09-11T14:57:43.792+0000][1][gc,start     ] GC(117) Pause Young (Allocation Failure)
[2020-09-11T14:57:43.792+0000][1][gc,task      ] GC(117) Using 1 workers of 1 for evacuation
[2020-09-11T14:57:43.799+0000][1][gc,age       ] GC(117) Desired survivor size 4358144 bytes, new threshold 6 (max threshold 6)
[2020-09-11T14:57:43.799+0000][1][gc,age       ] GC(117) Age table with threshold 6 (max threshold 6)
[2020-09-11T14:57:43.799+0000][1][gc,age       ] GC(117) - age   1:     421728 bytes,     421728 total
[2020-09-11T14:57:43.799+0000][1][gc,age       ] GC(117) - age   2:       9360 bytes,     431088 total
[2020-09-11T14:57:43.799+0000][1][gc,age       ] GC(117) - age   3:      18352 bytes,     449440 total
[2020-09-11T14:57:43.799+0000][1][gc,age       ] GC(117) - age   4:      18720 bytes,     468160 total
[2020-09-11T14:57:43.799+0000][1][gc,age       ] GC(117) - age   6:        648 bytes,     468808 total
[2020-09-11T14:57:43.799+0000][1][gc,heap      ] GC(117) ParNew: 68342K->486K(76672K)
[2020-09-11T14:57:43.799+0000][1][gc,heap      ] GC(117) CMS: 69977K->69977K(439104K)
[2020-09-11T14:57:43.799+0000][1][gc,metaspace ] GC(117) Metaspace: 85876K->85876K(1128448K)
[2020-09-11T14:57:43.799+0000][1][gc           ] GC(117) Pause Young (Allocation Failure) 135M->68M(503M) 7.568ms
[2020-09-11T14:57:43.799+0000][1][gc,cpu       ] GC(117) User=0.01s Sys=0.00s Real=0.01s
[2020-09-11T14:57:43.811+0000][1][safepoint    ] Safepoint "GenCollectForAllocation", Time since last: 18167208 ns, Reaching safepoint: 1666409 ns, At safepoint: 19951913 ns, Total: 21618322 ns
[2020-09-11T14:57:43.914+0000][1][safepoint    ] Safepoint "RevokeBias", Time since last: 98598597 ns, Reaching safepoint: 4180718 ns, At safepoint: 29736 ns, Total: 4210454 ns
[2020-09-11T14:57:44.052+0000][1][safepoint    ] Safepoint "RevokeBias", Time since last: 136635073 ns, Reaching safepoint: 693177 ns, At safepoint: 24852 ns, Total: 718029 ns
[2020-09-11T14:57:44.204+0000][1][safepoint    ] Safepoint "Deoptimize", Time since last: 151627855 ns, Reaching safepoint: 178896 ns, At safepoint: 945242 ns, Total: 1124138 ns
[2020-09-11T14:57:44.621+0000][1][safepoint    ] Safepoint "RevokeBias", Time since last: 416059729 ns, Reaching safepoint: 149049 ns, At safepoint: 20561 ns, Total: 169610 ns
[2020-09-11T14:57:44.634+0000][1][safepoint    ] Safepoint "Deoptimize", Time since last: 12735357 ns, Reaching safepoint: 153893 ns, At safepoint: 684364 ns, Total: 838257 ns
[2020-09-11T14:57:44.775+0000][1][safepoint    ] Safepoint "RevokeBias", Time since last: 140949491 ns, Reaching safepoint: 78802 ns, At safepoint: 21357 ns, Total: 100159 ns
[2020-09-11T14:57:44.781+0000][1][safepoint    ] Safepoint "RevokeBias", Time since last: 5752394 ns, Reaching safepoint: 138457 ns, At safepoint: 18053 ns, Total: 156510 ns
[2020-09-11T14:57:44.781+0000][1][safepoint    ] Safepoint "RevokeBias", Time since last: 57051 ns, Reaching safepoint: 97377 ns, At safepoint: 11810 ns, Total: 109187 ns
[2020-09-11T14:57:44.811+0000][1][safepoint    ] Safepoint "RevokeBias", Time since last: 24257897 ns, Reaching safepoint: 5019247 ns, At safepoint: 31305 ns, Total: 5050552 ns
[2020-09-11T14:57:44.947+0000][1][safepoint    ] Safepoint "RevokeBias", Time since last: 135903042 ns, Reaching safepoint: 245309 ns, At safepoint: 729947 ns, Total: 975256 ns
[2020-09-11T14:57:44.964+0000][1][safepoint    ] Safepoint "RevokeBias", Time since last: 15973286 ns, Reaching safepoint: 127481 ns, At safepoint: 23616 ns, Total: 151097 ns
[2020-09-11T14:57:44.971+0000][1][safepoint    ] Safepoint "RevokeBias", Time since last: 7021033 ns, Reaching safepoint: 180330 ns, At safepoint: 21897 ns, Total: 202227 ns
[2020-09-11T14:57:45.068+0000][1][safepoint    ] Safepoint "RevokeBias", Time since last: 94172333 ns, Reaching safepoint: 2509509 ns, At safepoint: 38213 ns, Total: 2547722 ns
[2020-09-11T14:57:45.120+0000][1][safepoint    ] Safepoint "RevokeBias", Time since last: 52274730 ns, Reaching safepoint: 76062 ns, At safepoint: 18890 ns, Total: 94952 ns
[2020-09-11T14:57:45.120+0000][1][safepoint    ] Safepoint "RevokeBias", Time since last: 81029 ns, Reaching safepoint: 28726 ns, At safepoint: 11408 ns, Total: 40134 ns
[2020-09-11T14:57:45.132+0000][1][safepoint    ] Safepoint "BulkRevokeBias", Time since last: 11534336 ns, Reaching safepoint: 65396 ns, At safepoint: 341972 ns, Total: 407368 ns
[2020-09-11T14:57:45.132+0000][1][safepoint    ] Safepoint "RevokeBias", Time since last: 425496 ns, Reaching safepoint: 38201 ns, At safepoint: 10792 ns, Total: 48993 ns
[2020-09-11T14:57:45.144+0000][1][safepoint    ] Safepoint "RevokeBias", Time since last: 11273028 ns, Reaching safepoint: 69963 ns, At safepoint: 15323 ns, Total: 85286 ns
[2020-09-11T14:57:45.144+0000][1][safepoint    ] Safepoint "RevokeBias", Time since last: 62859 ns, Reaching safepoint: 29685 ns, At safepoint: 9779 ns, Total: 39464 ns
[2020-09-11T14:57:45.152+0000][1][safepoint    ] Safepoint "RevokeBias", Time since last: 8271232 ns, Reaching safepoint: 152107 ns, At safepoint: 19537 ns, Total: 171644 ns
[2020-09-11T14:57:45.388+0000][1][safepoint    ] Safepoint "RevokeBias", Time since last: 235426206 ns, Reaching safepoint: 76038 ns, At safepoint: 19840 ns, Total: 95878 ns
[2020-09-11T14:57:45.397+0000][1][safepoint    ] Safepoint "RevokeBias", Time since last: 9474861 ns, Reaching safepoint: 69989 ns, At safepoint: 19794 ns, Total: 89783 ns
[2020-09-11T14:57:45.398+0000][1][safepoint    ] Safepoint "RevokeBias", Time since last: 127387 ns, Reaching safepoint: 31780 ns, At safepoint: 20330 ns, Total: 52110 ns
[2020-09-11T14:57:45.430+0000][1][safepoint    ] Safepoint "RevokeBias", Time since last: 32532487 ns, Reaching safepoint: 95119 ns, At safepoint: 20994 ns, Total: 116113 ns
[2020-09-11T14:57:46.435+0000][1][safepoint    ] Safepoint "Cleanup", Time since last: 1005150911 ns, Reaching safepoint: 82426 ns, At safepoint: 7907 ns, Total: 90333 ns
[2020-09-11T14:57:47.661+0000][1][safepoint    ] Safepoint "RevokeBias", Time since last: 1225387583 ns, Reaching safepoint: 75582 ns, At safepoint: 23997 ns, Total: 99579 ns
[2020-09-11T14:57:48.661+0000][1][safepoint    ] Safepoint "Cleanup", Time since last: 1000111966 ns, Reaching safepoint: 83658 ns, At safepoint: 10210 ns, Total: 93868 ns
[2020-09-11T14:57:49.246+0000][1][safepoint    ] Safepoint "RevokeBias", Time since last: 584260046 ns, Reaching safepoint: 191884 ns, At safepoint: 237843 ns, Total: 429727 ns
[2020-09-11T14:57:49.273+0000][1][safepoint    ] Safepoint "RevokeBias", Time since last: 26227386 ns, Reaching safepoint: 399922 ns, At safepoint: 55611 ns, Total: 455533 ns
[2020-09-11T14:57:49.274+0000][1][safepoint    ] Safepoint "RevokeBias", Time since last: 164090 ns, Reaching safepoint: 889224 ns, At safepoint: 14482 ns, Total: 903706 ns
[2020-09-11T14:57:49.851+0000][1][safepoint    ] Safepoint "RevokeBias", Time since last: 573801436 ns, Reaching safepoint: 3237627 ns, At safepoint: 47800 ns, Total: 3285427 ns
[2020-09-11T14:57:49.915+0000][1][safepoint    ] Safepoint "RevokeBias", Time since last: 60558724 ns, Reaching safepoint: 4189244 ns, At safepoint: 25983 ns, Total: 4215227 ns
[2020-09-11T14:57:49.916+0000][1][safepoint    ] Safepoint "RevokeBias", Time since last: 71528 ns, Reaching safepoint: 106830 ns, At safepoint: 13949 ns, Total: 120779 ns
[2020-09-11T14:57:49.923+0000][1][safepoint    ] Safepoint "RevokeBias", Time since last: 6664011 ns, Reaching safepoint: 147979 ns, At safepoint: 17346 ns, Total: 165325 ns
[2020-09-11T14:57:49.951+0000][1][safepoint    ] Safepoint "RevokeBias", Time since last: 28055622 ns, Reaching safepoint: 162335 ns, At safepoint: 29735 ns, Total: 192070 ns
[2020-09-11T14:57:49.969+0000][1][gc,start     ] GC(118) Pause Young (Allocation Failure)
[2020-09-11T14:57:49.969+0000][1][gc,task      ] GC(118) Using 1 workers of 1 for evacuation
[2020-09-11T14:57:49.995+0000][1][gc,age       ] GC(118) Desired survivor size 4358144 bytes, new threshold 6 (max threshold 6)
[2020-09-11T14:57:49.996+0000][1][gc,age       ] GC(118) Age table with threshold 6 (max threshold 6)
[2020-09-11T14:57:49.996+0000][1][gc,age       ] GC(118) - age   1:     675208 bytes,     675208 total
[2020-09-11T14:57:49.996+0000][1][gc,age       ] GC(118) - age   2:     206472 bytes,     881680 total
[2020-09-11T14:57:49.996+0000][1][gc,age       ] GC(118) - age   3:       5640 bytes,     887320 total
[2020-09-11T14:57:49.996+0000][1][gc,age       ] GC(118) - age   4:      16696 bytes,     904016 total
[2020-09-11T14:57:49.996+0000][1][gc,age       ] GC(118) - age   5:      16240 bytes,     920256 total
[2020-09-11T14:57:49.996+0000][1][gc,heap      ] GC(118) ParNew: 68646K->1075K(76672K)
[2020-09-11T14:57:49.996+0000][1][gc,heap      ] GC(118) CMS: 69977K->69977K(439104K)
[2020-09-11T14:57:49.996+0000][1][gc,metaspace ] GC(118) Metaspace: 86196K->86196K(1128448K)
[2020-09-11T14:57:49.996+0000][1][gc           ] GC(118) Pause Young (Allocation Failure) 135M->69M(503M) 26.890ms
[2020-09-11T14:57:49.996+0000][1][gc,cpu       ] GC(118) User=0.01s Sys=0.00s Real=0.03s
[2020-09-11T14:57:50.004+0000][1][safepoint    ] Safepoint "GenCollectForAllocation", Time since last: 17811486 ns, Reaching safepoint: 158230 ns, At safepoint: 35501615 ns, Total: 35659845 ns
[2020-09-11T14:57:50.024+0000][1][safepoint    ] Safepoint "RevokeBias", Time since last: 18180740 ns, Reaching safepoint: 1367370 ns, At safepoint: 36064 ns, Total: 1403434 ns
[2020-09-11T14:57:50.033+0000][1][safepoint    ] Safepoint "RevokeBias", Time since last: 7870607 ns, Reaching safepoint: 1757082 ns, At safepoint: 23913 ns, Total: 1780995 ns
[2020-09-11T14:57:50.084+0000][1][safepoint    ] Safepoint "RevokeBias", Time since last: 50473392 ns, Reaching safepoint: 152531 ns, At safepoint: 21155 ns, Total: 173686 ns
[2020-09-11T14:57:50.102+0000][1][safepoint    ] Safepoint "RevokeBias", Time since last: 15307709 ns, Reaching safepoint: 2395526 ns, At safepoint: 25762 ns, Total: 2421288 ns
[2020-09-11T14:57:50.106+0000][1][safepoint    ] Safepoint "RevokeBias", Time since last: 3871061 ns, Reaching safepoint: 141481 ns, At safepoint: 21141 ns, Total: 162622 ns
[2020-09-11T14:57:50.106+0000][1][safepoint    ] Safepoint "RevokeBias", Time since last: 219844 ns, Reaching safepoint: 107735 ns, At safepoint: 12796 ns, Total: 120531 ns
[2020-09-11T14:57:50.106+0000][1][safepoint    ] Safepoint "RevokeBias", Time since last: 40673 ns, Reaching safepoint: 103910 ns, At safepoint: 11999 ns, Total: 115909 ns
[2020-09-11T14:57:50.107+0000][1][safepoint    ] Safepoint "RevokeBias", Time since last: 56146 ns, Reaching safepoint: 103812 ns, At safepoint: 11838 ns, Total: 115650 ns
[2020-09-11T14:57:50.112+0000][1][safepoint    ] Safepoint "RevokeBias", Time since last: 1820273 ns, Reaching safepoint: 3127447 ns, At safepoint: 29333 ns, Total: 3156780 ns
[2020-09-11T14:57:50.113+0000][1][safepoint    ] Safepoint "RevokeBias", Time since last: 150793 ns, Reaching safepoint: 1583755 ns, At safepoint: 22639 ns, Total: 1606394 ns
[2020-09-11T14:57:50.854+0000][1][safepoint    ] Safepoint "RevokeBias", Time since last: 740356464 ns, Reaching safepoint: 84165 ns, At safepoint: 21149 ns, Total: 105314 ns
[2020-09-11T14:57:51.854+0000][1][safepoint    ] Safepoint "Cleanup", Time since last: 1000116391 ns, Reaching safepoint: 82548 ns, At safepoint: 7451 ns, Total: 89999 ns
[2020-09-11T14:57:51.889+0000][1][safepoint    ] Safepoint "RevokeBias", Time since last: 27405003 ns, Reaching safepoint: 7451191 ns, At safepoint: 69510 ns, Total: 7520701 ns
[2020-09-11T14:57:52.622+0000][1][safepoint    ] Safepoint "RevokeBias", Time since last: 731413715 ns, Reaching safepoint: 1500920 ns, At safepoint: 26158 ns, Total: 1527078 ns
[2020-09-11T14:57:52.661+0000][1][safepoint    ] Safepoint "RevokeBias", Time since last: 39467237 ns, Reaching safepoint: 75490 ns, At safepoint: 20037 ns, Total: 95527 ns
[2020-09-11T14:57:52.800+0000][1][safepoint    ] Safepoint "RevokeBias", Time since last: 136825368 ns, Reaching safepoint: 1284177 ns, At safepoint: 76338 ns, Total: 1360515 ns
[2020-09-11T14:57:52.819+0000][1][safepoint    ] Safepoint "RevokeBias", Time since last: 14435209 ns, Reaching safepoint: 4780553 ns, At safepoint: 30308 ns, Total: 4810861 ns
[2020-09-11T14:57:52.907+0000][1][safepoint    ] Safepoint "RevokeBias", Time since last: 86948527 ns, Reaching safepoint: 1063857 ns, At safepoint: 42356 ns, Total: 1106213 ns
[2020-09-11T14:57:53.395+0000][1][safepoint    ] Safepoint "RevokeBias", Time since last: 487527029 ns, Reaching safepoint: 172633 ns, At safepoint: 20139 ns, Total: 192772 ns
[2020-09-11T14:57:53.401+0000][1][safepoint    ] Safepoint "RevokeBias", Time since last: 6356019 ns, Reaching safepoint: 142024 ns, At safepoint: 27220 ns, Total: 169244 ns
[2020-09-11T14:57:53.500+0000][1][safepoint    ] Safepoint "RevokeBias", Time since last: 98326744 ns, Reaching safepoint: 287064 ns, At safepoint: 20672 ns, Total: 307736 ns
[2020-09-11T14:57:53.508+0000][1][safepoint    ] Safepoint "RevokeBias", Time since last: 8435964 ns, Reaching safepoint: 144126 ns, At safepoint: 21635 ns, Total: 165761 ns
[2020-09-11T14:57:53.620+0000][1][safepoint    ] Safepoint "RevokeBias", Time since last: 111087349 ns, Reaching safepoint: 147057 ns, At safepoint: 20237 ns, Total: 167294 ns
[2020-09-11T14:57:53.624+0000][1][safepoint    ] Safepoint "RevokeBias", Time since last: 4332034 ns, Reaching safepoint: 141648 ns, At safepoint: 20179 ns, Total: 161827 ns
[2020-09-11T14:57:53.639+0000][1][safepoint    ] Safepoint "RevokeBias", Time since last: 15196747 ns, Reaching safepoint: 155984 ns, At safepoint: 18506 ns, Total: 174490 ns
[2020-09-11T14:57:53.812+0000][1][safepoint    ] Safepoint "RevokeBias", Time since last: 172485397 ns, Reaching safepoint: 65194 ns, At safepoint: 15747 ns, Total: 80941 ns
[2020-09-11T14:57:53.812+0000][1][safepoint    ] Safepoint "RevokeBias", Time since last: 188844 ns, Reaching safepoint: 30928 ns, At safepoint: 12089 ns, Total: 43017 ns
[2020-09-11T14:57:53.815+0000][1][safepoint    ] Safepoint "RevokeBias", Time since last: 1892750 ns, Reaching safepoint: 424651 ns, At safepoint: 20302 ns, Total: 444953 ns
[2020-09-11T14:57:53.818+0000][1][safepoint    ] Safepoint "RevokeBias", Time since last: 2975912 ns, Reaching safepoint: 435876 ns, At safepoint: 20902 ns, Total: 456778 ns
[2020-09-11T14:57:53.819+0000][1][safepoint    ] Safepoint "RevokeBias", Time since last: 399770 ns, Reaching safepoint: 607132 ns, At safepoint: 18092 ns, Total: 625224 ns
[2020-09-11T14:57:53.823+0000][1][safepoint    ] Safepoint "RevokeBias", Time since last: 1669021 ns, Reaching safepoint: 1810706 ns, At safepoint: 23430 ns, Total: 1834136 ns
[2020-09-11T14:57:53.823+0000][1][safepoint    ] Safepoint "RevokeBias", Time since last: 425325 ns, Reaching safepoint: 488809 ns, At safepoint: 17971 ns, Total: 506780 ns
[2020-09-11T14:57:53.840+0000][1][safepoint    ] Safepoint "Deoptimize", Time since last: 14677121 ns, Reaching safepoint: 1071287 ns, At safepoint: 747523 ns, Total: 1818810 ns
[2020-09-11T14:57:53.887+0000][1][safepoint    ] Safepoint "RevokeBias", Time since last: 45567065 ns, Reaching safepoint: 1680502 ns, At safepoint: 26267 ns, Total: 1706769 ns
[2020-09-11T14:57:53.890+0000][1][safepoint    ] Safepoint "RevokeBias", Time since last: 1230534 ns, Reaching safepoint: 1423857 ns, At safepoint: 22448 ns, Total: 1446305 ns
[2020-09-11T14:57:53.891+0000][1][safepoint    ] Safepoint "RevokeBias", Time since last: 326086 ns, Reaching safepoint: 513044 ns, At safepoint: 18110 ns, Total: 531154 ns
[2020-09-11T14:57:53.891+0000][1][safepoint    ] Safepoint "RevokeBias", Time since last: 70844 ns, Reaching safepoint: 210526 ns, At safepoint: 14499 ns, Total: 225025 ns
[2020-09-11T14:57:53.908+0000][1][safepoint    ] Safepoint "Deoptimize", Time since last: 14659914 ns, Reaching safepoint: 1717347 ns, At safepoint: 721502 ns, Total: 2438849 ns
[2020-09-11T14:57:53.978+0000][1][safepoint    ] Safepoint "RevokeBias", Time since last: 69335730 ns, Reaching safepoint: 144833 ns, At safepoint: 20882 ns, Total: 165715 ns
[2020-09-11T14:57:53.978+0000][1][safepoint    ] Safepoint "RevokeBias", Time since last: 191665 ns, Reaching safepoint: 128485 ns, At safepoint: 17681 ns, Total: 146166 ns
[2020-09-11T14:57:54.036+0000][1][safepoint    ] Safepoint "Deoptimize", Time since last: 57202615 ns, Reaching safepoint: 172436 ns, At safepoint: 736381 ns, Total: 908817 ns
[2020-09-11T14:57:54.112+0000][1][safepoint    ] Safepoint "RevokeBias", Time since last: 75424049 ns, Reaching safepoint: 348136 ns, At safepoint: 35371 ns, Total: 383507 ns
[2020-09-11T14:57:54.113+0000][1][safepoint    ] Safepoint "RevokeBias", Time since last: 837566 ns, Reaching safepoint: 116221 ns, At safepoint: 23378 ns, Total: 139599 ns
[2020-09-11T14:57:54.126+0000][1][safepoint    ] Safepoint "RevokeBias", Time since last: 12822990 ns, Reaching safepoint: 147044 ns, At safepoint: 20142 ns, Total: 167186 ns
[2020-09-11T14:57:54.803+0000][1][safepoint    ] Safepoint "RevokeBias", Time since last: 677392826 ns, Reaching safepoint: 161504 ns, At safepoint: 18185 ns, Total: 179689 ns
[2020-09-11T14:57:55.804+0000][1][safepoint    ] Safepoint "Cleanup", Time since last: 1000090568 ns, Reaching safepoint: 77222 ns, At safepoint: 6346 ns, Total: 83568 ns
[2020-09-11T14:57:56.226+0000][1][gc,start     ] GC(119) Pause Young (Allocation Failure)
[2020-09-11T14:57:56.226+0000][1][gc,task      ] GC(119) Using 1 workers of 1 for evacuation
[2020-09-11T14:57:56.239+0000][1][gc,age       ] GC(119) Desired survivor size 4358144 bytes, new threshold 6 (max threshold 6)
[2020-09-11T14:57:56.239+0000][1][gc,age       ] GC(119) Age table with threshold 6 (max threshold 6)
[2020-09-11T14:57:56.239+0000][1][gc,age       ] GC(119) - age   1:    3164080 bytes,    3164080 total
[2020-09-11T14:57:56.239+0000][1][gc,age       ] GC(119) - age   2:     405496 bytes,    3569576 total
[2020-09-11T14:57:56.239+0000][1][gc,age       ] GC(119) - age   3:     191144 bytes,    3760720 total
[2020-09-11T14:57:56.239+0000][1][gc,age       ] GC(119) - age   4:       5520 bytes,    3766240 total
[2020-09-11T14:57:56.239+0000][1][gc,age       ] GC(119) - age   5:      16696 bytes,    3782936 total
[2020-09-11T14:57:56.239+0000][1][gc,age       ] GC(119) - age   6:      16240 bytes,    3799176 total
[2020-09-11T14:57:56.239+0000][1][gc,heap      ] GC(119) ParNew: 69235K->4466K(76672K)
[2020-09-11T14:57:56.239+0000][1][gc,heap      ] GC(119) CMS: 69977K->69977K(439104K)
[2020-09-11T14:57:56.239+0000][1][gc,metaspace ] GC(119) Metaspace: 88261K->88261K(1130496K)
[2020-09-11T14:57:56.239+0000][1][gc           ] GC(119) Pause Young (Allocation Failure) 135M->72M(503M) 13.282ms
[2020-09-11T14:57:56.239+0000][1][gc,cpu       ] GC(119) User=0.01s Sys=0.00s Real=0.01s
[2020-09-11T14:57:56.243+0000][1][safepoint    ] Safepoint "GenCollectForAllocation", Time since last: 421706367 ns, Reaching safepoint: 155922 ns, At safepoint: 17916636 ns, Total: 18072558 ns
[2020-09-11T14:57:57.056+0000][1][safepoint    ] Safepoint "RevokeBias", Time since last: 811062731 ns, Reaching safepoint: 909144 ns, At safepoint: 249299 ns, Total: 1158443 ns
[2020-09-11T14:57:57.081+0000][1][safepoint    ] Safepoint "RevokeBias", Time since last: 24481827 ns, Reaching safepoint: 945245 ns, At safepoint: 40758 ns, Total: 986003 ns
[2020-09-11T14:57:57.452+0000][1][safepoint    ] Safepoint "RevokeBias", Time since last: 367359266 ns, Reaching safepoint: 2999743 ns, At safepoint: 26665 ns, Total: 3026408 ns
[2020-09-11T14:57:57.759+0000][1][safepoint    ] Safepoint "RevokeBias", Time since last: 307216635 ns, Reaching safepoint: 159496 ns, At safepoint: 23599 ns, Total: 183095 ns
[2020-09-11T14:57:57.768+0000][1][safepoint    ] Safepoint "RevokeBias", Time since last: 8643579 ns, Reaching safepoint: 148001 ns, At safepoint: 21652 ns, Total: 169653 ns
[2020-09-11T14:57:57.844+0000][1][safepoint    ] Safepoint "RevokeBias", Time since last: 74969281 ns, Reaching safepoint: 149500 ns, At safepoint: 1434373 ns, Total: 1583873 ns
[2020-09-11T14:57:57.851+0000][1][safepoint    ] Safepoint "RevokeBias", Time since last: 6582295 ns, Reaching safepoint: 172541 ns, At safepoint: 65641 ns, Total: 238182 ns
[2020-09-11T14:57:57.922+0000][1][safepoint    ] Safepoint "RevokeBias", Time since last: 70401606 ns, Reaching safepoint: 85686 ns, At safepoint: 20030 ns, Total: 105716 ns
[2020-09-11T14:57:58.922+0000][1][safepoint    ] Safepoint "Cleanup", Time since last: 1000114582 ns, Reaching safepoint: 94817 ns, At safepoint: 11427 ns, Total: 106244 ns
[2020-09-11T14:57:59.922+0000][1][safepoint    ] Safepoint "Cleanup", Time since last: 1000100646 ns, Reaching safepoint: 96288 ns, At safepoint: 16094 ns, Total: 112382 ns
[2020-09-11T14:58:00.922+0000][1][safepoint    ] Safepoint "Cleanup", Time since last: 1000124373 ns, Reaching safepoint: 92397 ns, At safepoint: 7548 ns, Total: 99945 ns
[2020-09-11T14:58:01.922+0000][1][safepoint    ] Safepoint "Cleanup", Time since last: 1000125738 ns, Reaching safepoint: 79601 ns, At safepoint: 7912 ns, Total: 87513 ns
[2020-09-11T14:58:02.579+0000][1][safepoint    ] Safepoint "RevokeBias", Time since last: 653547566 ns, Reaching safepoint: 3161193 ns, At safepoint: 27737 ns, Total: 3188930 ns
[2020-09-11T14:58:02.584+0000][1][safepoint    ] Safepoint "RevokeBias", Time since last: 4225552 ns, Reaching safepoint: 154296 ns, At safepoint: 23520 ns, Total: 177816 ns
[2020-09-11T14:58:02.587+0000][1][safepoint    ] Safepoint "Deoptimize", Time since last: 1813442 ns, Reaching safepoint: 652478 ns, At safepoint: 750453 ns, Total: 1402931 ns
[2020-09-11T14:58:02.658+0000][1][safepoint    ] Safepoint "RevokeBias", Time since last: 71457506 ns, Reaching safepoint: 152336 ns, At safepoint: 22664 ns, Total: 175000 ns
[2020-09-11T14:58:03.093+0000][1][safepoint    ] Safepoint "Deoptimize", Time since last: 431817341 ns, Reaching safepoint: 469400 ns, At safepoint: 1828937 ns, Total: 2298337 ns
[2020-09-11T14:58:03.178+0000][1][safepoint    ] Safepoint "ICBufferFull", Time since last: 82882209 ns, Reaching safepoint: 2381513 ns, At safepoint: 17748 ns, Total: 2399261 ns
[2020-09-11T14:58:04.225+0000][1][safepoint    ] Safepoint "Cleanup", Time since last: 1047049260 ns, Reaching safepoint: 118593 ns, At safepoint: 7245 ns, Total: 125838 ns
[2020-09-11T14:58:05.225+0000][1][safepoint    ] Safepoint "Cleanup", Time since last: 1000095572 ns, Reaching safepoint: 86640 ns, At safepoint: 7715 ns, Total: 94355 ns
[2020-09-11T14:58:06.226+0000][1][safepoint    ] Safepoint "Cleanup", Time since last: 1000168048 ns, Reaching safepoint: 110071 ns, At safepoint: 7150 ns, Total: 117221 ns
[2020-09-11T14:58:07.226+0000][1][safepoint    ] Safepoint "Cleanup", Time since last: 1000112303 ns, Reaching safepoint: 85016 ns, At safepoint: 7305 ns, Total: 92321 ns
[2020-09-11T14:58:07.901+0000][1][safepoint    ] Safepoint "RevokeBias", Time since last: 674713984 ns, Reaching safepoint: 185436 ns, At safepoint: 19588 ns, Total: 205024 ns
[2020-09-11T14:58:07.941+0000][1][safepoint    ] Safepoint "RevokeBias", Time since last: 27652016 ns, Reaching safepoint: 13069759 ns, At safepoint: 28938 ns, Total: 13098697 ns
[2020-09-11T14:58:07.942+0000][1][safepoint    ] Safepoint "RevokeBias", Time since last: 825145 ns, Reaching safepoint: 136990 ns, At safepoint: 14669 ns, Total: 151659 ns
[2020-09-11T14:58:07.948+0000][1][safepoint    ] Safepoint "RevokeBias", Time since last: 5175619 ns, Reaching safepoint: 251236 ns, At safepoint: 22329 ns, Total: 273565 ns
[2020-09-11T14:58:07.948+0000][1][safepoint    ] Safepoint "RevokeBias", Time since last: 76967 ns, Reaching safepoint: 115734 ns, At safepoint: 13100 ns, Total: 128834 ns
[2020-09-11T14:58:07.948+0000][1][safepoint    ] Safepoint "RevokeBias", Time since last: 60863 ns, Reaching safepoint: 115372 ns, At safepoint: 11851 ns, Total: 127223 ns
[2020-09-11T14:58:07.949+0000][1][safepoint    ] Safepoint "RevokeBias", Time since last: 183064 ns, Reaching safepoint: 114810 ns, At safepoint: 14254 ns, Total: 129064 ns
[2020-09-11T14:58:07.952+0000][1][safepoint    ] Safepoint "RevokeBias", Time since last: 2906148 ns, Reaching safepoint: 146651 ns, At safepoint: 17693 ns, Total: 164344 ns
[2020-09-11T14:58:07.952+0000][1][safepoint    ] Safepoint "RevokeBias", Time since last: 556319 ns, Reaching safepoint: 136096 ns, At safepoint: 14286 ns, Total: 150382 ns
[2020-09-11T14:58:07.960+0000][1][safepoint    ] Safepoint "RevokeBias", Time since last: 7190020 ns, Reaching safepoint: 299099 ns, At safepoint: 23161 ns, Total: 322260 ns
[2020-09-11T14:58:07.960+0000][1][safepoint    ] Safepoint "RevokeBias", Time since last: 149798 ns, Reaching safepoint: 116243 ns, At safepoint: 13586 ns, Total: 129829 ns
[2020-09-11T14:58:07.961+0000][1][safepoint    ] Safepoint "RevokeBias", Time since last: 534746 ns, Reaching safepoint: 118981 ns, At safepoint: 14015 ns, Total: 132996 ns
[2020-09-11T14:58:07.968+0000][1][safepoint    ] Safepoint "RevokeBias", Time since last: 6791487 ns, Reaching safepoint: 213674 ns, At safepoint: 37541 ns, Total: 251215 ns
[2020-09-11T14:58:07.968+0000][1][safepoint    ] Safepoint "RevokeBias", Time since last: 272650 ns, Reaching safepoint: 103655 ns, At safepoint: 22274 ns, Total: 125929 ns
[2020-09-11T14:58:07.984+0000][1][safepoint    ] Safepoint "RevokeBias", Time since last: 11243558 ns, Reaching safepoint: 4055169 ns, At safepoint: 34561 ns, Total: 4089730 ns
[2020-09-11T14:58:07.997+0000][1][safepoint    ] Safepoint "RevokeBias", Time since last: 12864825 ns, Reaching safepoint: 764115 ns, At safepoint: 25514 ns, Total: 789629 ns
[2020-09-11T14:58:08.018+0000][1][safepoint    ] Safepoint "RevokeBias", Time since last: 21103060 ns, Reaching safepoint: 152013 ns, At safepoint: 19741 ns, Total: 171754 ns
[2020-09-11T14:58:08.021+0000][1][safepoint    ] Safepoint "RevokeBias", Time since last: 2167596 ns, Reaching safepoint: 135684 ns, At safepoint: 17409 ns, Total: 153093 ns
[2020-09-11T14:58:08.023+0000][1][safepoint    ] Safepoint "RevokeBias", Time since last: 223849 ns, Reaching safepoint: 2469782 ns, At safepoint: 23098 ns, Total: 2492880 ns
[2020-09-11T14:58:08.024+0000][1][safepoint    ] Safepoint "RevokeBias", Time since last: 82149 ns, Reaching safepoint: 189510 ns, At safepoint: 14015 ns, Total: 203525 ns
[2020-09-11T14:58:08.025+0000][1][safepoint    ] Safepoint "RevokeBias", Time since last: 812033 ns, Reaching safepoint: 110348 ns, At safepoint: 13966 ns, Total: 124314 ns
[2020-09-11T14:58:08.034+0000][1][safepoint    ] Safepoint "RevokeBias", Time since last: 9089951 ns, Reaching safepoint: 166821 ns, At safepoint: 21606 ns, Total: 188427 ns
[2020-09-11T14:58:08.035+0000][1][safepoint    ] Safepoint "RevokeBias", Time since last: 232932 ns, Reaching safepoint: 1228405 ns, At safepoint: 18023 ns, Total: 1246428 ns
[2020-09-11T14:58:08.038+0000][1][safepoint    ] Safepoint "RevokeBias", Time since last: 479651 ns, Reaching safepoint: 1599183 ns, At safepoint: 20685 ns, Total: 1619868 ns
[2020-09-11T14:58:08.038+0000][1][safepoint    ] Safepoint "RevokeBias", Time since last: 110565 ns, Reaching safepoint: 112670 ns, At safepoint: 14000 ns, Total: 126670 ns
[2020-09-11T14:58:08.038+0000][1][safepoint    ] Safepoint "RevokeBias", Time since last: 47226 ns, Reaching safepoint: 109334 ns, At safepoint: 12984 ns, Total: 122318 ns
[2020-09-11T14:58:08.038+0000][1][safepoint    ] Safepoint "RevokeBias", Time since last: 52060 ns, Reaching safepoint: 108287 ns, At safepoint: 14099 ns, Total: 122386 ns
[2020-09-11T14:58:08.038+0000][1][safepoint    ] Safepoint "RevokeBias", Time since last: 41391 ns, Reaching safepoint: 108801 ns, At safepoint: 13294 ns, Total: 122095 ns
[2020-09-11T14:58:08.040+0000][1][safepoint    ] Safepoint "RevokeBias", Time since last: 1088184 ns, Reaching safepoint: 320063 ns, At safepoint: 26046 ns, Total: 346109 ns
[2020-09-11T14:58:08.040+0000][1][safepoint    ] Safepoint "RevokeBias", Time since last: 46041 ns, Reaching safepoint: 107562 ns, At safepoint: 21205 ns, Total: 128767 ns
[2020-09-11T14:58:08.040+0000][1][safepoint    ] Safepoint "RevokeBias", Time since last: 96880 ns, Reaching safepoint: 107091 ns, At safepoint: 20062 ns, Total: 127153 ns
[2020-09-11T14:58:08.054+0000][1][safepoint    ] Safepoint "BulkRevokeBias", Time since last: 13896055 ns, Reaching safepoint: 160172 ns, At safepoint: 284009 ns, Total: 444181 ns
[2020-09-11T14:58:08.055+0000][1][safepoint    ] Safepoint "RevokeBias", Time since last: 304984 ns, Reaching safepoint: 113965 ns, At safepoint: 13745 ns, Total: 127710 ns
[2020-09-11T14:58:08.096+0000][1][safepoint    ] Safepoint "RevokeBias", Time since last: 40496699 ns, Reaching safepoint: 181355 ns, At safepoint: 21581 ns, Total: 202936 ns
[2020-09-11T14:58:08.096+0000][1][safepoint    ] Safepoint "RevokeBias", Time since last: 89010 ns, Reaching safepoint: 156770 ns, At safepoint: 12956 ns, Total: 169726 ns
[2020-09-11T14:58:08.135+0000][1][safepoint    ] Safepoint "RevokeBias", Time since last: 39176071 ns, Reaching safepoint: 217234 ns, At safepoint: 24681 ns, Total: 241915 ns
[2020-09-11T14:58:08.140+0000][1][safepoint    ] Safepoint "RevokeBias", Time since last: 4123778 ns, Reaching safepoint: 196926 ns, At safepoint: 11592 ns, Total: 208518 ns
[2020-09-11T14:58:08.140+0000][1][safepoint    ] Safepoint "RevokeBias", Time since last: 501567 ns, Reaching safepoint: 191161 ns, At safepoint: 9196 ns, Total: 200357 ns
[2020-09-11T14:58:08.142+0000][1][safepoint    ] Safepoint "RevokeBias", Time since last: 1101271 ns, Reaching safepoint: 181805 ns, At safepoint: 8756 ns, Total: 190561 ns
[2020-09-11T14:58:08.156+0000][1][safepoint    ] Safepoint "RevokeBias", Time since last: 13789485 ns, Reaching safepoint: 205951 ns, At safepoint: 12348 ns, Total: 218299 ns
[2020-09-11T14:58:08.158+0000][1][safepoint    ] Safepoint "RevokeBias", Time since last: 2157465 ns, Reaching safepoint: 187402 ns, At safepoint: 22579 ns, Total: 209981 ns
[2020-09-11T14:58:09.158+0000][1][safepoint    ] Safepoint "Cleanup", Time since last: 1000191159 ns, Reaching safepoint: 164261 ns, At safepoint: 20340 ns, Total: 184601 ns
[2020-09-11T14:58:10.159+0000][1][safepoint    ] Safepoint "Cleanup", Time since last: 1000155081 ns, Reaching safepoint: 90344 ns, At safepoint: 6518 ns, Total: 96862 ns
[2020-09-11T14:58:11.159+0000][1][safepoint    ] Safepoint "Cleanup", Time since last: 1000179799 ns, Reaching safepoint: 98845 ns, At safepoint: 7433 ns, Total: 106278 ns
[2020-09-11T14:58:12.159+0000][1][safepoint    ] Safepoint "Cleanup", Time since last: 1000156940 ns, Reaching safepoint: 106168 ns, At safepoint: 7415 ns, Total: 113583 ns
[2020-09-11T14:58:13.160+0000][1][safepoint    ] Safepoint "Cleanup", Time since last: 1000125291 ns, Reaching safepoint: 196688 ns, At safepoint: 16725 ns, Total: 213413 ns
[2020-09-11T14:58:13.775+0000][1][safepoint    ] Safepoint "RevokeBias", Time since last: 615631974 ns, Reaching safepoint: 197192 ns, At safepoint: 29835 ns, Total: 227027 ns
[2020-09-11T14:58:13.776+0000][1][safepoint    ] Safepoint "RevokeBias", Time since last: 193151 ns, Reaching safepoint: 182057 ns, At safepoint: 23957 ns, Total: 206014 ns
[2020-09-11T14:58:14.776+0000][1][safepoint    ] Safepoint "Cleanup", Time since last: 1000111220 ns, Reaching safepoint: 171477 ns, At safepoint: 16592 ns, Total: 188069 ns
[2020-09-11T14:58:15.776+0000][1][safepoint    ] Safepoint "Cleanup", Time since last: 1000214341 ns, Reaching safepoint: 128309 ns, At safepoint: 7505 ns, Total: 135814 ns
[2020-09-11T14:58:16.262+0000][1][gc,start     ] GC(120) Pause Young (Allocation Failure)
[2020-09-11T14:58:16.262+0000][1][gc,task      ] GC(120) Using 1 workers of 1 for evacuation
[2020-09-11T14:58:16.273+0000][1][gc,age       ] GC(120) Desired survivor size 4358144 bytes, new threshold 6 (max threshold 6)
[2020-09-11T14:58:16.273+0000][1][gc,age       ] GC(120) Age table with threshold 6 (max threshold 6)
[2020-09-11T14:58:16.273+0000][1][gc,age       ] GC(120) - age   1:     723920 bytes,     723920 total
[2020-09-11T14:58:16.273+0000][1][gc,age       ] GC(120) - age   2:    3019872 bytes,    3743792 total
[2020-09-11T14:58:16.273+0000][1][gc,age       ] GC(120) - age   3:     386504 bytes,    4130296 total
[2020-09-11T14:58:16.273+0000][1][gc,age       ] GC(120) - age   4:     180720 bytes,    4311016 total
[2020-09-11T14:58:16.273+0000][1][gc,age       ] GC(120) - age   5:       1432 bytes,    4312448 total
[2020-09-11T14:58:16.273+0000][1][gc,age       ] GC(120) - age   6:      12976 bytes,    4325424 total
[2020-09-11T14:58:16.273+0000][1][gc,heap      ] GC(120) ParNew: 72626K->4859K(76672K)
[2020-09-11T14:58:16.273+0000][1][gc,heap      ] GC(120) CMS: 69977K->69992K(439104K)
[2020-09-11T14:58:16.273+0000][1][gc,metaspace ] GC(120) Metaspace: 90188K->90188K(1132544K)
[2020-09-11T14:58:16.273+0000][1][gc           ] GC(120) Pause Young (Allocation Failure) 139M->73M(503M) 11.046ms
[2020-09-11T14:58:16.273+0000][1][gc,cpu       ] GC(120) User=0.01s Sys=0.00s Real=0.01s
[2020-09-11T14:58:16.273+0000][1][safepoint    ] Safepoint "GenCollectForAllocation", Time since last: 485131343 ns, Reaching safepoint: 204774 ns, At safepoint: 11110899 ns, Total: 11315673 ns
[2020-09-11T14:58:17.275+0000][1][safepoint    ] Safepoint "Cleanup", Time since last: 1002095058 ns, Reaching safepoint: 80309 ns, At safepoint: 15485 ns, Total: 95794 ns
[2020-09-11T14:58:18.275+0000][1][safepoint    ] Safepoint "Cleanup", Time since last: 1000102898 ns, Reaching safepoint: 186956 ns, At safepoint: 6664 ns, Total: 193620 ns
[2020-09-11T14:58:19.276+0000][1][safepoint    ] Safepoint "Cleanup", Time since last: 1000160026 ns, Reaching safepoint: 130924 ns, At safepoint: 7597 ns, Total: 138521 ns
[2020-09-11T14:58:19.854+0000][1][safepoint    ] Safepoint "RevokeBias", Time since last: 578010535 ns, Reaching safepoint: 79708 ns, At safepoint: 31247 ns, Total: 110955 ns
[2020-09-11T14:58:20.854+0000][1][safepoint    ] Safepoint "Cleanup", Time since last: 1000171143 ns, Reaching safepoint: 137949 ns, At safepoint: 7755 ns, Total: 145704 ns
[2020-09-11T14:58:21.854+0000][1][safepoint    ] Safepoint "Cleanup", Time since last: 1000188572 ns, Reaching safepoint: 103133 ns, At safepoint: 7734 ns, Total: 110867 ns
[2020-09-11T14:58:22.855+0000][1][safepoint    ] Safepoint "Cleanup", Time since last: 1000146082 ns, Reaching safepoint: 190978 ns, At safepoint: 17394 ns, Total: 208372 ns
[2020-09-11T14:58:23.855+0000][1][safepoint    ] Safepoint "Cleanup", Time since last: 1000218228 ns, Reaching safepoint: 108456 ns, At safepoint: 7842 ns, Total: 116298 ns
[2020-09-11T14:58:24.855+0000][1][safepoint    ] Safepoint "Cleanup", Time since last: 1000173545 ns, Reaching safepoint: 105290 ns, At safepoint: 15474 ns, Total: 120764 ns
[2020-09-11T14:58:25.856+0000][1][safepoint    ] Safepoint "Cleanup", Time since last: 1000143304 ns, Reaching safepoint: 121648 ns, At safepoint: 8877 ns, Total: 130525 ns
[2020-09-11T14:58:27.114+0000][1][safepoint    ] Safepoint "RevokeBias", Time since last: 1257831992 ns, Reaching safepoint: 188203 ns, At safepoint: 20745 ns, Total: 208948 ns
[2020-09-11T14:58:28.164+0000][1][safepoint    ] Safepoint "Cleanup", Time since last: 1049775391 ns, Reaching safepoint: 114157 ns, At safepoint: 7864 ns, Total: 122021 ns
[2020-09-11T14:58:29.164+0000][1][safepoint    ] Safepoint "Cleanup", Time since last: 1000184708 ns, Reaching safepoint: 102739 ns, At safepoint: 7688 ns, Total: 110427 ns
[2020-09-11T14:58:30.164+0000][1][safepoint    ] Safepoint "Cleanup", Time since last: 1000175141 ns, Reaching safepoint: 159506 ns, At safepoint: 18593 ns, Total: 178099 ns
[2020-09-11T14:58:31.165+0000][1][safepoint    ] Safepoint "Cleanup", Time since last: 1000158123 ns, Reaching safepoint: 150893 ns, At safepoint: 18092 ns, Total: 168985 ns
[2020-09-11T14:58:32.165+0000][1][safepoint    ] Safepoint "Cleanup", Time since last: 1000199096 ns, Reaching safepoint: 110188 ns, At safepoint: 7900 ns, Total: 118088 ns
[2020-09-11T14:58:33.165+0000][1][safepoint    ] Safepoint "Cleanup", Time since last: 1000261685 ns, Reaching safepoint: 178202 ns, At safepoint: 18777 ns, Total: 196979 ns
[2020-09-11T14:58:34.166+0000][1][safepoint    ] Safepoint "Cleanup", Time since last: 1000221697 ns, Reaching safepoint: 141284 ns, At safepoint: 17654 ns, Total: 158938 ns
[2020-09-11T14:58:35.166+0000][1][safepoint    ] Safepoint "Cleanup", Time since last: 1000189267 ns, Reaching safepoint: 152777 ns, At safepoint: 18098 ns, Total: 170875 ns
[2020-09-11T14:58:36.166+0000][1][safepoint    ] Safepoint "Cleanup", Time since last: 1000183390 ns, Reaching safepoint: 159536 ns, At safepoint: 18653 ns, Total: 178189 ns
[2020-09-11T14:58:37.167+0000][1][safepoint    ] Safepoint "Cleanup", Time since last: 1000216924 ns, Reaching safepoint: 147566 ns, At safepoint: 18008 ns, Total: 165574 ns
[2020-09-11T14:58:38.167+0000][1][safepoint    ] Safepoint "Cleanup", Time since last: 1000151652 ns, Reaching safepoint: 94324 ns, At safepoint: 7563 ns, Total: 101887 ns
[2020-09-11T14:58:39.167+0000][1][safepoint    ] Safepoint "Cleanup", Time since last: 1000147587 ns, Reaching safepoint: 181457 ns, At safepoint: 16100 ns, Total: 197557 ns
[2020-09-11T14:58:40.168+0000][1][safepoint    ] Safepoint "Cleanup", Time since last: 1000172910 ns, Reaching safepoint: 153599 ns, At safepoint: 15903 ns, Total: 169502 ns
[2020-09-11T14:58:41.168+0000][1][safepoint    ] Safepoint "Cleanup", Time since last: 1000278252 ns, Reaching safepoint: 76067 ns, At safepoint: 6162 ns, Total: 82229 ns
[2020-09-11T14:58:42.169+0000][1][safepoint    ] Safepoint "Cleanup", Time since last: 1000231156 ns, Reaching safepoint: 151644 ns, At safepoint: 15837 ns, Total: 167481 ns
[2020-09-11T14:58:43.169+0000][1][safepoint    ] Safepoint "Cleanup", Time since last: 1000132743 ns, Reaching safepoint: 113642 ns, At safepoint: 10341 ns, Total: 123983 ns
[2020-09-11T14:58:44.169+0000][1][safepoint    ] Safepoint "Cleanup", Time since last: 1000182952 ns, Reaching safepoint: 100197 ns, At safepoint: 7139 ns, Total: 107336 ns
[2020-09-11T14:58:45.169+0000][1][safepoint    ] Safepoint "Cleanup", Time since last: 1000110688 ns, Reaching safepoint: 94555 ns, At safepoint: 7218 ns, Total: 101773 ns
[2020-09-11T14:58:46.170+0000][1][safepoint    ] Safepoint "Cleanup", Time since last: 1000206025 ns, Reaching safepoint: 148668 ns, At safepoint: 17707 ns, Total: 166375 ns
[2020-09-11T14:58:47.170+0000][1][safepoint    ] Safepoint "Cleanup", Time since last: 1000177178 ns, Reaching safepoint: 112965 ns, At safepoint: 7536 ns, Total: 120501 ns
[2020-09-11T14:58:48.170+0000][1][safepoint    ] Safepoint "Cleanup", Time since last: 1000170500 ns, Reaching safepoint: 107904 ns, At safepoint: 7263 ns, Total: 115167 ns
[2020-09-11T14:58:49.171+0000][1][safepoint    ] Safepoint "Cleanup", Time since last: 1000120605 ns, Reaching safepoint: 138111 ns, At safepoint: 15916 ns, Total: 154027 ns
[2020-09-11T14:58:50.171+0000][1][safepoint    ] Safepoint "Cleanup", Time since last: 1000191773 ns, Reaching safepoint: 108900 ns, At safepoint: 7049 ns, Total: 115949 ns
[2020-09-11T14:58:51.171+0000][1][safepoint    ] Safepoint "Cleanup", Time since last: 1000153470 ns, Reaching safepoint: 105740 ns, At safepoint: 7107 ns, Total: 112847 ns
[2020-09-11T14:58:52.171+0000][1][safepoint    ] Safepoint "Cleanup", Time since last: 1000127509 ns, Reaching safepoint: 118642 ns, At safepoint: 7372 ns, Total: 126014 ns
[2020-09-11T14:58:53.172+0000][1][safepoint    ] Safepoint "Cleanup", Time since last: 1000105077 ns, Reaching safepoint: 185996 ns, At safepoint: 8608 ns, Total: 194604 ns
[2020-09-11T14:58:54.172+0000][1][safepoint    ] Safepoint "Cleanup", Time since last: 1000139140 ns, Reaching safepoint: 133991 ns, At safepoint: 7404 ns, Total: 141395 ns
[2020-09-11T14:58:55.172+0000][1][safepoint    ] Safepoint "Cleanup", Time since last: 1000127281 ns, Reaching safepoint: 133305 ns, At safepoint: 7264 ns, Total: 140569 ns
[2020-09-11T14:58:56.172+0000][1][safepoint    ] Safepoint "Cleanup", Time since last: 1000155605 ns, Reaching safepoint: 106966 ns, At safepoint: 7469 ns, Total: 114435 ns
[2020-09-11T14:58:56.716+0000][1][gc,start     ] GC(121) Pause Young (Allocation Failure)
[2020-09-11T14:58:56.716+0000][1][gc,task      ] GC(121) Using 1 workers of 1 for evacuation
[2020-09-11T14:58:56.732+0000][1][gc,age       ] GC(121) Desired survivor size 4358144 bytes, new threshold 6 (max threshold 6)
[2020-09-11T14:58:56.732+0000][1][gc,age       ] GC(121) Age table with threshold 6 (max threshold 6)
[2020-09-11T14:58:56.732+0000][1][gc,age       ] GC(121) - age   1:      78312 bytes,      78312 total
[2020-09-11T14:58:56.732+0000][1][gc,age       ] GC(121) - age   2:     668400 bytes,     746712 total
[2020-09-11T14:58:56.732+0000][1][gc,age       ] GC(121) - age   3:    3018296 bytes,    3765008 total
[2020-09-11T14:58:56.732+0000][1][gc,age       ] GC(121) - age   4:     384992 bytes,    4150000 total
[2020-09-11T14:58:56.732+0000][1][gc,age       ] GC(121) - age   5:     179400 bytes,    4329400 total
[2020-09-11T14:58:56.732+0000][1][gc,age       ] GC(121) - age   6:       1432 bytes,    4330832 total
[2020-09-11T14:58:56.732+0000][1][gc,heap      ] GC(121) ParNew: 73019K->5918K(76672K)
[2020-09-11T14:58:56.732+0000][1][gc,heap      ] GC(121) CMS: 69992K->70005K(439104K)
[2020-09-11T14:58:56.732+0000][1][gc,metaspace ] GC(121) Metaspace: 90307K->90307K(1132544K)
[2020-09-11T14:58:56.732+0000][1][gc           ] GC(121) Pause Young (Allocation Failure) 139M->74M(503M) 16.337ms
[2020-09-11T14:58:56.732+0000][1][gc,cpu       ] GC(121) User=0.02s Sys=0.00s Real=0.01s
[2020-09-11T14:58:56.732+0000][1][safepoint    ] Safepoint "GenCollectForAllocation", Time since last: 539379428 ns, Reaching safepoint: 3693290 ns, At safepoint: 16459152 ns, Total: 20152442 ns
[2020-09-11T14:58:57.733+0000][1][safepoint    ] Safepoint "Cleanup", Time since last: 1001016708 ns, Reaching safepoint: 89981 ns, At safepoint: 18421 ns, Total: 108402 ns
[2020-09-11T14:58:58.733+0000][1][safepoint    ] Safepoint "Cleanup", Time since last: 1000135607 ns, Reaching safepoint: 160732 ns, At safepoint: 44448 ns, Total: 205180 ns
[2020-09-11T14:58:59.734+0000][1][safepoint    ] Safepoint "Cleanup", Time since last: 1000229112 ns, Reaching safepoint: 161153 ns, At safepoint: 17921 ns, Total: 179074 ns
[2020-09-11T14:59:00.734+0000][1][safepoint    ] Safepoint "Cleanup", Time since last: 1000152076 ns, Reaching safepoint: 85351 ns, At safepoint: 6466 ns, Total: 91817 ns
[2020-09-11T14:59:01.734+0000][1][safepoint    ] Safepoint "Cleanup", Time since last: 1000113641 ns, Reaching safepoint: 86998 ns, At safepoint: 8016 ns, Total: 95014 ns
[2020-09-11T14:59:02.531+0000][1][safepoint    ] Safepoint "RevokeBias", Time since last: 796074031 ns, Reaching safepoint: 281602 ns, At safepoint: 20883 ns, Total: 302485 ns
[2020-09-11T14:59:03.531+0000][1][safepoint    ] Safepoint "Cleanup", Time since last: 1000176265 ns, Reaching safepoint: 164211 ns, At safepoint: 18362 ns, Total: 182573 ns
[2020-09-11T14:59:04.531+0000][1][safepoint    ] Safepoint "Cleanup", Time since last: 1000220603 ns, Reaching safepoint: 118547 ns, At safepoint: 6649 ns, Total: 125196 ns
[2020-09-11T14:59:05.532+0000][1][safepoint    ] Safepoint "Cleanup", Time since last: 1000108037 ns, Reaching safepoint: 84114 ns, At safepoint: 6578 ns, Total: 90692 ns
[2020-09-11T14:59:06.532+0000][1][safepoint    ] Safepoint "Cleanup", Time since last: 1000703089 ns, Reaching safepoint: 83231 ns, At safepoint: 7133 ns, Total: 90364 ns
[2020-09-11T14:59:07.533+0000][1][safepoint    ] Safepoint "Cleanup", Time since last: 1000161819 ns, Reaching safepoint: 159790 ns, At safepoint: 17440 ns, Total: 177230 ns
[2020-09-11T14:59:08.533+0000][1][safepoint    ] Safepoint "Cleanup", Time since last: 1000195879 ns, Reaching safepoint: 114101 ns, At safepoint: 8043 ns, Total: 122144 ns
[2020-09-11T14:59:09.534+0000][1][safepoint    ] Safepoint "Cleanup", Time since last: 1000995012 ns, Reaching safepoint: 88175 ns, At safepoint: 7947 ns, Total: 96122 ns
[2020-09-11T14:59:10.534+0000][1][safepoint    ] Safepoint "Cleanup", Time since last: 1000152774 ns, Reaching safepoint: 130795 ns, At safepoint: 8100 ns, Total: 138895 ns
[2020-09-11T14:59:11.535+0000][1][safepoint    ] Safepoint "Cleanup", Time since last: 1000165711 ns, Reaching safepoint: 115285 ns, At safepoint: 8102 ns, Total: 123387 ns
[2020-09-11T14:59:12.535+0000][1][safepoint    ] Safepoint "Cleanup", Time since last: 1000117273 ns, Reaching safepoint: 86367 ns, At safepoint: 7620 ns, Total: 93987 ns
[2020-09-11T14:59:13.535+0000][1][safepoint    ] Safepoint "Cleanup", Time since last: 1000175779 ns, Reaching safepoint: 114349 ns, At safepoint: 7705 ns, Total: 122054 ns
[2020-09-11T14:59:14.536+0000][1][safepoint    ] Safepoint "Cleanup", Time since last: 1000829018 ns, Reaching safepoint: 167685 ns, At safepoint: 18981 ns, Total: 186666 ns
[2020-09-11T14:59:15.537+0000][1][safepoint    ] Safepoint "Cleanup", Time since last: 1000219743 ns, Reaching safepoint: 114696 ns, At safepoint: 8585 ns, Total: 123281 ns
[2020-09-11T14:59:16.537+0000][1][safepoint    ] Safepoint "Cleanup", Time since last: 1000183597 ns, Reaching safepoint: 162182 ns, At safepoint: 18890 ns, Total: 181072 ns
[2020-09-11T14:59:17.537+0000][1][safepoint    ] Safepoint "Cleanup", Time since last: 1000222351 ns, Reaching safepoint: 165340 ns, At safepoint: 17644 ns, Total: 182984 ns
[2020-09-11T14:59:18.538+0000][1][safepoint    ] Safepoint "Cleanup", Time since last: 1000234979 ns, Reaching safepoint: 124783 ns, At safepoint: 8598 ns, Total: 133381 ns
[2020-09-11T14:59:19.499+0000][1][safepoint    ] Safepoint "RevokeBias", Time since last: 960796093 ns, Reaching safepoint: 213119 ns, At safepoint: 21684 ns, Total: 234803 ns
[2020-09-11T14:59:20.499+0000][1][safepoint    ] Safepoint "Cleanup", Time since last: 1000185400 ns, Reaching safepoint: 108204 ns, At safepoint: 8013 ns, Total: 116217 ns
[2020-09-11T14:59:21.499+0000][1][safepoint    ] Safepoint "Cleanup", Time since last: 1000179621 ns, Reaching safepoint: 112807 ns, At safepoint: 8590 ns, Total: 121397 ns
[2020-09-11T14:59:22.500+0000][1][safepoint    ] Safepoint "Cleanup", Time since last: 1000249364 ns, Reaching safepoint: 163940 ns, At safepoint: 18750 ns, Total: 182690 ns
[2020-09-11T14:59:23.500+0000][1][safepoint    ] Safepoint "Cleanup", Time since last: 1000268067 ns, Reaching safepoint: 245871 ns, At safepoint: 18667 ns, Total: 264538 ns
[2020-09-11T14:59:24.501+0000][1][safepoint    ] Safepoint "Cleanup", Time since last: 1000177786 ns, Reaching safepoint: 179870 ns, At safepoint: 19538 ns, Total: 199408 ns
[2020-09-11T14:59:25.504+0000][1][safepoint    ] Safepoint "Cleanup", Time since last: 1002687935 ns, Reaching safepoint: 150366 ns, At safepoint: 7549 ns, Total: 157915 ns
[2020-09-11T14:59:26.504+0000][1][safepoint    ] Safepoint "Cleanup", Time since last: 1000181077 ns, Reaching safepoint: 167230 ns, At safepoint: 19114 ns, Total: 186344 ns
[2020-09-11T14:59:27.504+0000][1][safepoint    ] Safepoint "Cleanup", Time since last: 1000249899 ns, Reaching safepoint: 115624 ns, At safepoint: 8160 ns, Total: 123784 ns
[2020-09-11T14:59:28.505+0000][1][safepoint    ] Safepoint "Cleanup", Time since last: 1000147472 ns, Reaching safepoint: 176298 ns, At safepoint: 20363 ns, Total: 196661 ns
[2020-09-11T14:59:29.505+0000][1][safepoint    ] Safepoint "Cleanup", Time since last: 1000233889 ns, Reaching safepoint: 169659 ns, At safepoint: 19749 ns, Total: 189408 ns
[2020-09-11T14:59:30.506+0000][1][safepoint    ] Safepoint "Cleanup", Time since last: 1000253264 ns, Reaching safepoint: 168297 ns, At safepoint: 18886 ns, Total: 187183 ns
[2020-09-11T14:59:31.506+0000][1][safepoint    ] Safepoint "Cleanup", Time since last: 1000227986 ns, Reaching safepoint: 167060 ns, At safepoint: 18777 ns, Total: 185837 ns
[2020-09-11T14:59:32.506+0000][1][safepoint    ] Safepoint "Cleanup", Time since last: 1000196901 ns, Reaching safepoint: 124029 ns, At safepoint: 7724 ns, Total: 131753 ns
[2020-09-11T14:59:33.507+0000][1][safepoint    ] Safepoint "Cleanup", Time since last: 1000196359 ns, Reaching safepoint: 169596 ns, At safepoint: 18415 ns, Total: 188011 ns
[2020-09-11T14:59:34.507+0000][1][safepoint    ] Safepoint "Cleanup", Time since last: 1000293060 ns, Reaching safepoint: 166920 ns, At safepoint: 20060 ns, Total: 186980 ns
[2020-09-11T14:59:35.507+0000][1][safepoint    ] Safepoint "Cleanup", Time since last: 1000184457 ns, Reaching safepoint: 90516 ns, At safepoint: 6676 ns, Total: 97192 ns
[2020-09-11T14:59:36.508+0000][1][safepoint    ] Safepoint "Cleanup", Time since last: 1000168382 ns, Reaching safepoint: 170221 ns, At safepoint: 19217 ns, Total: 189438 ns
[2020-09-11T14:59:37.508+0000][1][safepoint    ] Safepoint "Cleanup", Time since last: 1000190881 ns, Reaching safepoint: 132978 ns, At safepoint: 8094 ns, Total: 141072 ns
[2020-09-11T14:59:38.508+0000][1][safepoint    ] Safepoint "Cleanup", Time since last: 1000204559 ns, Reaching safepoint: 166428 ns, At safepoint: 19238 ns, Total: 185666 ns
[2020-09-11T14:59:39.509+0000][1][safepoint    ] Safepoint "Cleanup", Time since last: 1000248429 ns, Reaching safepoint: 120999 ns, At safepoint: 8948 ns, Total: 129947 ns
[2020-09-11T14:59:40.004+0000][1][gc,start     ] GC(122) Pause Young (Allocation Failure)
[2020-09-11T14:59:40.004+0000][1][gc,task      ] GC(122) Using 1 workers of 1 for evacuation
[2020-09-11T14:59:40.014+0000][1][gc,age       ] GC(122) Desired survivor size 4358144 bytes, new threshold 6 (max threshold 6)
[2020-09-11T14:59:40.014+0000][1][gc,age       ] GC(122) Age table with threshold 6 (max threshold 6)
[2020-09-11T14:59:40.014+0000][1][gc,age       ] GC(122) - age   1:      56232 bytes,      56232 total
[2020-09-11T14:59:40.014+0000][1][gc,age       ] GC(122) - age   2:      33912 bytes,      90144 total
[2020-09-11T14:59:40.014+0000][1][gc,age       ] GC(122) - age   3:     665432 bytes,     755576 total
[2020-09-11T14:59:40.014+0000][1][gc,age       ] GC(122) - age   4:    3017680 bytes,    3773256 total
[2020-09-11T14:59:40.014+0000][1][gc,age       ] GC(122) - age   5:     383128 bytes,    4156384 total
[2020-09-11T14:59:40.014+0000][1][gc,age       ] GC(122) - age   6:     176920 bytes,    4333304 total
[2020-09-11T14:59:40.014+0000][1][gc,heap      ] GC(122) ParNew: 74078K->4651K(76672K)
[2020-09-11T14:59:40.014+0000][1][gc,heap      ] GC(122) CMS: 70005K->70007K(439104K)
[2020-09-11T14:59:40.014+0000][1][gc,metaspace ] GC(122) Metaspace: 90332K->90332K(1132544K)
[2020-09-11T14:59:40.014+0000][1][gc           ] GC(122) Pause Young (Allocation Failure) 140M->72M(503M) 9.830ms
[2020-09-11T14:59:40.014+0000][1][gc,cpu       ] GC(122) User=0.01s Sys=0.00s Real=0.00s
[2020-09-11T14:59:40.014+0000][1][safepoint    ] Safepoint "GenCollectForAllocation", Time since last: 495253732 ns, Reaching safepoint: 80868 ns, At safepoint: 9903702 ns, Total: 9984570 ns
[2020-09-11T14:59:41.015+0000][1][safepoint    ] Safepoint "Cleanup", Time since last: 1000802018 ns, Reaching safepoint: 84474 ns, At safepoint: 16589 ns, Total: 101063 ns
[2020-09-11T14:59:42.015+0000][1][safepoint    ] Safepoint "Cleanup", Time since last: 1000162237 ns, Reaching safepoint: 160201 ns, At safepoint: 17801 ns, Total: 178002 ns
[2020-09-11T14:59:43.016+0000][1][safepoint    ] Safepoint "Cleanup", Time since last: 1000239657 ns, Reaching safepoint: 195946 ns, At safepoint: 20113 ns, Total: 216059 ns
[2020-09-11T14:59:44.016+0000][1][safepoint    ] Safepoint "Cleanup", Time since last: 1000201937 ns, Reaching safepoint: 160622 ns, At safepoint: 18345 ns, Total: 178967 ns
[2020-09-11T14:59:45.017+0000][1][safepoint    ] Safepoint "Cleanup", Time since last: 1000224221 ns, Reaching safepoint: 106076 ns, At safepoint: 7867 ns, Total: 113943 ns
[2020-09-11T14:59:46.017+0000][1][safepoint    ] Safepoint "Cleanup", Time since last: 1000186798 ns, Reaching safepoint: 111456 ns, At safepoint: 6626 ns, Total: 118082 ns
[2020-09-11T14:59:47.017+0000][1][safepoint    ] Safepoint "Cleanup", Time since last: 1000174215 ns, Reaching safepoint: 160144 ns, At safepoint: 17955 ns, Total: 178099 ns
[2020-09-11T14:59:48.018+0000][1][safepoint    ] Safepoint "Cleanup", Time since last: 1000211551 ns, Reaching safepoint: 165630 ns, At safepoint: 17420 ns, Total: 183050 ns
[2020-09-11T14:59:49.018+0000][1][safepoint    ] Safepoint "Cleanup", Time since last: 1000220204 ns, Reaching safepoint: 159233 ns, At safepoint: 17256 ns, Total: 176489 ns
[2020-09-11T14:59:50.018+0000][1][safepoint    ] Safepoint "Cleanup", Time since last: 1000213035 ns, Reaching safepoint: 160772 ns, At safepoint: 17467 ns, Total: 178239 ns
[2020-09-11T14:59:51.019+0000][1][safepoint    ] Safepoint "Cleanup", Time since last: 1000241989 ns, Reaching safepoint: 108523 ns, At safepoint: 8054 ns, Total: 116577 ns
[2020-09-11T14:59:52.019+0000][1][safepoint    ] Safepoint "Cleanup", Time since last: 1000175546 ns, Reaching safepoint: 111393 ns, At safepoint: 6689 ns, Total: 118082 ns
[2020-09-11T14:59:52.654+0000][1][safepoint    ] Safepoint "RevokeBias", Time since last: 633272620 ns, Reaching safepoint: 1718701 ns, At safepoint: 147130 ns, Total: 1865831 ns
[2020-09-11T14:59:52.656+0000][1][safepoint    ] Safepoint "RevokeBias", Time since last: 88153 ns, Reaching safepoint: 1314973 ns, At safepoint: 133982 ns, Total: 1448955 ns
[2020-09-11T14:59:53.656+0000][1][safepoint    ] Safepoint "Cleanup", Time since last: 1000178000 ns, Reaching safepoint: 172653 ns, At safepoint: 18957 ns, Total: 191610 ns
[2020-09-11T14:59:54.656+0000][1][safepoint    ] Safepoint "Cleanup", Time since last: 1000216788 ns, Reaching safepoint: 135388 ns, At safepoint: 7264 ns, Total: 142652 ns
[2020-09-11T14:59:55.657+0000][1][safepoint    ] Safepoint "Cleanup", Time since last: 1000185190 ns, Reaching safepoint: 106739 ns, At safepoint: 7620 ns, Total: 114359 ns
[2020-09-11T14:59:56.657+0000][1][safepoint    ] Safepoint "Cleanup", Time since last: 1000179021 ns, Reaching safepoint: 159345 ns, At safepoint: 18176 ns, Total: 177521 ns
[2020-09-11T14:59:57.657+0000][1][safepoint    ] Safepoint "Cleanup", Time since last: 1000271412 ns, Reaching safepoint: 108156 ns, At safepoint: 7504 ns, Total: 115660 ns
[2020-09-11T14:59:58.658+0000][1][safepoint    ] Safepoint "Cleanup", Time since last: 1000194629 ns, Reaching safepoint: 175717 ns, At safepoint: 18449 ns, Total: 194166 ns
[2020-09-11T14:59:59.658+0000][1][safepoint    ] Safepoint "Cleanup", Time since last: 1000240814 ns, Reaching safepoint: 161276 ns, At safepoint: 18506 ns, Total: 179782 ns
[2020-09-11T15:00:00.659+0000][1][safepoint    ] Safepoint "Cleanup", Time since last: 1000241536 ns, Reaching safepoint: 122080 ns, At safepoint: 8080 ns, Total: 130160 ns
[2020-09-11T15:00:01.659+0000][1][safepoint    ] Safepoint "Cleanup", Time since last: 1000206490 ns, Reaching safepoint: 111964 ns, At safepoint: 7928 ns, Total: 119892 ns
[2020-09-11T15:00:02.659+0000][1][safepoint    ] Safepoint "Cleanup", Time since last: 1000180309 ns, Reaching safepoint: 83952 ns, At safepoint: 6193 ns, Total: 90145 ns
[2020-09-11T15:00:03.660+0000][1][safepoint    ] Safepoint "Cleanup", Time since last: 1000140673 ns, Reaching safepoint: 192769 ns, At safepoint: 15756 ns, Total: 208525 ns
[2020-09-11T15:00:04.660+0000][1][safepoint    ] Safepoint "Cleanup", Time since last: 1000218366 ns, Reaching safepoint: 161507 ns, At safepoint: 18309 ns, Total: 179816 ns
[2020-09-11T15:00:05.660+0000][1][safepoint    ] Safepoint "Cleanup", Time since last: 1000229465 ns, Reaching safepoint: 112401 ns, At safepoint: 8092 ns, Total: 120493 ns
[2020-09-11T15:00:06.661+0000][1][safepoint    ] Safepoint "Cleanup", Time since last: 1000145515 ns, Reaching safepoint: 159720 ns, At safepoint: 18499 ns, Total: 178219 ns
[2020-09-11T15:00:07.661+0000][1][safepoint    ] Safepoint "Cleanup", Time since last: 1000246039 ns, Reaching safepoint: 103490 ns, At safepoint: 7450 ns, Total: 110940 ns
[2020-09-11T15:00:08.661+0000][1][safepoint    ] Safepoint "Cleanup", Time since last: 1000141804 ns, Reaching safepoint: 160923 ns, At safepoint: 19278 ns, Total: 180201 ns
[2020-09-11T15:00:09.662+0000][1][safepoint    ] Safepoint "Cleanup", Time since last: 1000263528 ns, Reaching safepoint: 89830 ns, At safepoint: 7598 ns, Total: 97428 ns
[2020-09-11T15:00:10.662+0000][1][safepoint    ] Safepoint "Cleanup", Time since last: 1000142945 ns, Reaching safepoint: 124104 ns, At safepoint: 7688 ns, Total: 131792 ns
[2020-09-11T15:00:11.662+0000][1][safepoint    ] Safepoint "Cleanup", Time since last: 1000212755 ns, Reaching safepoint: 110934 ns, At safepoint: 7687 ns, Total: 118621 ns
[2020-09-11T15:00:12.663+0000][1][safepoint    ] Safepoint "Cleanup", Time since last: 1000112375 ns, Reaching safepoint: 91069 ns, At safepoint: 7333 ns, Total: 98402 ns
[2020-09-11T15:00:13.663+0000][1][safepoint    ] Safepoint "Cleanup", Time since last: 1000182799 ns, Reaching safepoint: 113315 ns, At safepoint: 8144 ns, Total: 121459 ns
[2020-09-11T15:00:14.663+0000][1][safepoint    ] Safepoint "Cleanup", Time since last: 1000182791 ns, Reaching safepoint: 159186 ns, At safepoint: 18786 ns, Total: 177972 ns
[2020-09-11T15:00:15.664+0000][1][safepoint    ] Safepoint "Cleanup", Time since last: 1000239371 ns, Reaching safepoint: 162887 ns, At safepoint: 17277 ns, Total: 180164 ns
[2020-09-11T15:00:16.664+0000][1][safepoint    ] Safepoint "Cleanup", Time since last: 1000243881 ns, Reaching safepoint: 173411 ns, At safepoint: 19558 ns, Total: 192969 ns
[2020-09-11T15:00:17.664+0000][1][safepoint    ] Safepoint "Cleanup", Time since last: 1000199682 ns, Reaching safepoint: 146430 ns, At safepoint: 17349 ns, Total: 163779 ns
[2020-09-11T15:00:18.665+0000][1][safepoint    ] Safepoint "Cleanup", Time since last: 1000224821 ns, Reaching safepoint: 111150 ns, At safepoint: 7704 ns, Total: 118854 ns
[2020-09-11T15:00:21.427+0000][1][gc,start     ] GC(123) Pause Young (Allocation Failure)
[2020-09-11T15:00:21.427+0000][1][gc,task      ] GC(123) Using 1 workers of 1 for evacuation
[2020-09-11T15:00:21.438+0000][1][gc,age       ] GC(123) Desired survivor size 4358144 bytes, new threshold 6 (max threshold 6)
[2020-09-11T15:00:21.438+0000][1][gc,age       ] GC(123) Age table with threshold 6 (max threshold 6)
[2020-09-11T15:00:21.438+0000][1][gc,age       ] GC(123) - age   1:      77528 bytes,      77528 total
[2020-09-11T15:00:21.438+0000][1][gc,age       ] GC(123) - age   2:       8976 bytes,      86504 total
[2020-09-11T15:00:21.438+0000][1][gc,age       ] GC(123) - age   3:      32192 bytes,     118696 total
[2020-09-11T15:00:21.438+0000][1][gc,age       ] GC(123) - age   4:     665432 bytes,     784128 total
[2020-09-11T15:00:21.438+0000][1][gc,age       ] GC(123) - age   5:    3017680 bytes,    3801808 total
[2020-09-11T15:00:21.438+0000][1][gc,age       ] GC(123) - age   6:     381888 bytes,    4183696 total
[2020-09-11T15:00:21.438+0000][1][gc,heap      ] GC(123) ParNew: 72811K->5878K(76672K)
[2020-09-11T15:00:21.438+0000][1][gc,heap      ] GC(123) CMS: 70007K->70188K(439104K)
[2020-09-11T15:00:21.438+0000][1][gc,metaspace ] GC(123) Metaspace: 90537K->90537K(1132544K)
[2020-09-11T15:00:21.438+0000][1][gc           ] GC(123) Pause Young (Allocation Failure) 139M->74M(503M) 10.796ms
[2020-09-11T15:00:21.438+0000][1][gc,cpu       ] GC(123) User=0.01s Sys=0.00s Real=0.01s
[2020-09-11T15:00:21.438+0000][1][safepoint    ] Safepoint "GenCollectForAllocation", Time since last: 2762034724 ns, Reaching safepoint: 200879 ns, At safepoint: 10869334 ns, Total: 11070213 ns
[2020-09-11T15:00:23.442+0000][1][safepoint    ] Safepoint "Cleanup", Time since last: 2003728104 ns, Reaching safepoint: 88162 ns, At safepoint: 6753 ns, Total: 94915 ns
[2020-09-11T15:00:30.444+0000][1][safepoint    ] Safepoint "Cleanup", Time since last: 7002193982 ns, Reaching safepoint: 119342 ns, At safepoint: 8736 ns, Total: 128078 ns
[2020-09-11T15:00:33.445+0000][1][safepoint    ] Safepoint "Cleanup", Time since last: 3000410586 ns, Reaching safepoint: 138708 ns, At safepoint: 8155 ns, Total: 146863 ns
[2020-09-11T15:00:44.446+0000][1][safepoint    ] Safepoint "Cleanup", Time since last: 11001620734 ns, Reaching safepoint: 218104 ns, At safepoint: 20731 ns, Total: 238835 ns
[2020-09-11T15:00:53.448+0000][1][safepoint    ] Safepoint "Cleanup", Time since last: 9001318435 ns, Reaching safepoint: 167558 ns, At safepoint: 18539 ns, Total: 186097 ns
[2020-09-11T15:00:57.449+0000][1][safepoint    ] Safepoint "Cleanup", Time since last: 4000570195 ns, Reaching safepoint: 158975 ns, At safepoint: 17169 ns, Total: 176144 ns
[2020-09-11T15:01:00.449+0000][1][safepoint    ] Safepoint "Cleanup", Time since last: 3000482823 ns, Reaching safepoint: 170765 ns, At safepoint: 18793 ns, Total: 189558 ns
[2020-09-11T15:01:01.450+0000][1][safepoint    ] Safepoint "Cleanup", Time since last: 1000209739 ns, Reaching safepoint: 168614 ns, At safepoint: 17854 ns, Total: 186468 ns
[2020-09-11T15:01:01.485+0000][1][gc,start     ] GC(124) Pause Young (Allocation Failure)
[2020-09-11T15:01:01.485+0000][1][gc,task      ] GC(124) Using 1 workers of 1 for evacuation
[2020-09-11T15:01:01.496+0000][1][gc,age       ] GC(124) Desired survivor size 4358144 bytes, new threshold 6 (max threshold 6)
[2020-09-11T15:01:01.496+0000][1][gc,age       ] GC(124) Age table with threshold 6 (max threshold 6)
[2020-09-11T15:01:01.496+0000][1][gc,age       ] GC(124) - age   1:      57400 bytes,      57400 total
[2020-09-11T15:01:01.496+0000][1][gc,age       ] GC(124) - age   2:      29824 bytes,      87224 total
[2020-09-11T15:01:01.496+0000][1][gc,age       ] GC(124) - age   3:       2696 bytes,      89920 total
[2020-09-11T15:01:01.496+0000][1][gc,age       ] GC(124) - age   4:      30952 bytes,     120872 total
[2020-09-11T15:01:01.496+0000][1][gc,age       ] GC(124) - age   5:     664192 bytes,     785064 total
[2020-09-11T15:01:01.496+0000][1][gc,age       ] GC(124) - age   6:    3017680 bytes,    3802744 total
[2020-09-11T15:01:01.496+0000][1][gc,heap      ] GC(124) ParNew: 74038K->4533K(76672K)
[2020-09-11T15:01:01.496+0000][1][gc,heap      ] GC(124) CMS: 70188K->70573K(439104K)
[2020-09-11T15:01:01.496+0000][1][gc,metaspace ] GC(124) Metaspace: 90573K->90573K(1132544K)
[2020-09-11T15:01:01.496+0000][1][gc           ] GC(124) Pause Young (Allocation Failure) 140M->73M(503M) 10.528ms
[2020-09-11T15:01:01.496+0000][1][gc,cpu       ] GC(124) User=0.01s Sys=0.00s Real=0.01s
[2020-09-11T15:01:01.496+0000][1][safepoint    ] Safepoint "GenCollectForAllocation", Time since last: 35454508 ns, Reaching safepoint: 206840 ns, At safepoint: 10593387 ns, Total: 10800227 ns
[2020-09-11T15:01:03.501+0000][1][safepoint    ] Safepoint "Cleanup", Time since last: 2005112832 ns, Reaching safepoint: 105479 ns, At safepoint: 6818 ns, Total: 112297 ns
[2020-09-11T15:01:04.501+0000][1][safepoint    ] Safepoint "Cleanup", Time since last: 1000142177 ns, Reaching safepoint: 132050 ns, At safepoint: 6300 ns, Total: 138350 ns
[2020-09-11T15:01:10.502+0000][1][safepoint    ] Safepoint "Cleanup", Time since last: 6000763939 ns, Reaching safepoint: 165874 ns, At safepoint: 18806 ns, Total: 184680 ns
[2020-09-11T15:01:13.503+0000][1][safepoint    ] Safepoint "Cleanup", Time since last: 3000476918 ns, Reaching safepoint: 122414 ns, At safepoint: 7369 ns, Total: 129783 ns
[2020-09-11T15:01:14.503+0000][1][safepoint    ] Safepoint "Cleanup", Time since last: 1000121639 ns, Reaching safepoint: 91472 ns, At safepoint: 6992 ns, Total: 98464 ns
[2020-09-11T15:01:19.504+0000][1][safepoint    ] Safepoint "Cleanup", Time since last: 5000646346 ns, Reaching safepoint: 104096 ns, At safepoint: 7892 ns, Total: 111988 ns
[2020-09-11T15:01:39.507+0000][1][safepoint    ] Safepoint "Cleanup", Time since last: 20002819693 ns, Reaching safepoint: 169094 ns, At safepoint: 12693 ns, Total: 181787 ns
[2020-09-11T15:01:41.507+0000][1][safepoint    ] Safepoint "Cleanup", Time since last: 2000323052 ns, Reaching safepoint: 133921 ns, At safepoint: 8035 ns, Total: 141956 ns
[2020-09-11T15:01:42.664+0000][1][gc,start     ] GC(125) Pause Young (Allocation Failure)
[2020-09-11T15:01:42.664+0000][1][gc,task      ] GC(125) Using 1 workers of 1 for evacuation
[2020-09-11T15:01:42.677+0000][1][gc,age       ] GC(125) Desired survivor size 4358144 bytes, new threshold 6 (max threshold 6)
[2020-09-11T15:01:42.678+0000][1][gc,age       ] GC(125) Age table with threshold 6 (max threshold 6)
[2020-09-11T15:01:42.678+0000][1][gc,age       ] GC(125) - age   1:     122096 bytes,     122096 total
[2020-09-11T15:01:42.678+0000][1][gc,age       ] GC(125) - age   2:       9592 bytes,     131688 total
[2020-09-11T15:01:42.678+0000][1][gc,age       ] GC(125) - age   3:      28296 bytes,     159984 total
[2020-09-11T15:01:42.678+0000][1][gc,age       ] GC(125) - age   4:       2696 bytes,     162680 total
[2020-09-11T15:01:42.678+0000][1][gc,age       ] GC(125) - age   5:      30952 bytes,     193632 total
[2020-09-11T15:01:42.678+0000][1][gc,age       ] GC(125) - age   6:     664192 bytes,     857824 total
[2020-09-11T15:01:42.678+0000][1][gc,heap      ] GC(125) ParNew: 72693K->1447K(76672K)
[2020-09-11T15:01:42.678+0000][1][gc,heap      ] GC(125) CMS: 70573K->73541K(439104K)
[2020-09-11T15:01:42.678+0000][1][gc,metaspace ] GC(125) Metaspace: 90626K->90626K(1132544K)
[2020-09-11T15:01:42.678+0000][1][gc           ] GC(125) Pause Young (Allocation Failure) 139M->73M(503M) 13.896ms
[2020-09-11T15:01:42.678+0000][1][gc,cpu       ] GC(125) User=0.01s Sys=0.00s Real=0.01s
[2020-09-11T15:01:42.679+0000][1][safepoint    ] Safepoint "GenCollectForAllocation", Time since last: 1156030380 ns, Reaching safepoint: 213666 ns, At safepoint: 15029016 ns, Total: 15242682 ns
[2020-09-11T15:01:52.693+0000][1][safepoint    ] Safepoint "Cleanup", Time since last: 10014061815 ns, Reaching safepoint: 90103 ns, At safepoint: 7202 ns, Total: 97305 ns
[2020-09-11T15:01:54.693+0000][1][safepoint    ] Safepoint "Cleanup", Time since last: 2000306764 ns, Reaching safepoint: 113431 ns, At safepoint: 7078 ns, Total: 120509 ns
[2020-09-11T15:01:55.694+0000][1][safepoint    ] Safepoint "Cleanup", Time since last: 1000142426 ns, Reaching safepoint: 160986 ns, At safepoint: 17610 ns, Total: 178596 ns
[2020-09-11T15:01:57.694+0000][1][safepoint    ] Safepoint "Cleanup", Time since last: 2000273904 ns, Reaching safepoint: 129397 ns, At safepoint: 7389 ns, Total: 136786 ns
[2020-09-11T15:02:00.695+0000][1][safepoint    ] Safepoint "Cleanup", Time since last: 3000399601 ns, Reaching safepoint: 118709 ns, At safepoint: 7647 ns, Total: 126356 ns
[2020-09-11T15:02:02.695+0000][1][safepoint    ] Safepoint "Cleanup", Time since last: 2000239597 ns, Reaching safepoint: 88500 ns, At safepoint: 7069 ns, Total: 95569 ns
[2020-09-11T15:02:12.697+0000][1][safepoint    ] Safepoint "Cleanup", Time since last: 10001706051 ns, Reaching safepoint: 95839 ns, At safepoint: 7174 ns, Total: 103013 ns
[2020-09-11T15:02:22.698+0000][1][safepoint    ] Safepoint "Cleanup", Time since last: 10001489476 ns, Reaching safepoint: 172032 ns, At safepoint: 7383 ns, Total: 179415 ns
[2020-09-11T15:02:26.597+0000][1][gc,start     ] GC(126) Pause Young (Allocation Failure)
[2020-09-11T15:02:26.597+0000][1][gc,task      ] GC(126) Using 1 workers of 1 for evacuation
[2020-09-11T15:02:26.604+0000][1][gc,age       ] GC(126) Desired survivor size 4358144 bytes, new threshold 6 (max threshold 6)
[2020-09-11T15:02:26.604+0000][1][gc,age       ] GC(126) Age table with threshold 6 (max threshold 6)
[2020-09-11T15:02:26.604+0000][1][gc,age       ] GC(126) - age   1:      56800 bytes,      56800 total
[2020-09-11T15:02:26.604+0000][1][gc,age       ] GC(126) - age   2:       7192 bytes,      63992 total
[2020-09-11T15:02:26.604+0000][1][gc,age       ] GC(126) - age   3:       3112 bytes,      67104 total
[2020-09-11T15:02:26.604+0000][1][gc,age       ] GC(126) - age   4:      25688 bytes,      92792 total
[2020-09-11T15:02:26.604+0000][1][gc,age       ] GC(126) - age   5:       2696 bytes,      95488 total
[2020-09-11T15:02:26.604+0000][1][gc,age       ] GC(126) - age   6:      30952 bytes,     126440 total
[2020-09-11T15:02:26.605+0000][1][gc,heap      ] GC(126) ParNew: 69607K->676K(76672K)
[2020-09-11T15:02:26.605+0000][1][gc,heap      ] GC(126) CMS: 73541K->74200K(439104K)
[2020-09-11T15:02:26.605+0000][1][gc,metaspace ] GC(126) Metaspace: 90685K->90685K(1132544K)
[2020-09-11T15:02:26.605+0000][1][gc           ] GC(126) Pause Young (Allocation Failure) 139M->73M(503M) 7.304ms
[2020-09-11T15:02:26.605+0000][1][gc,cpu       ] GC(126) User=0.00s Sys=0.00s Real=0.01s
[2020-09-11T15:02:26.605+0000][1][safepoint    ] Safepoint "GenCollectForAllocation", Time since last: 3898625648 ns, Reaching safepoint: 198335 ns, At safepoint: 7368309 ns, Total: 7566644 ns
[2020-09-11T15:02:27.609+0000][1][safepoint    ] Safepoint "Cleanup", Time since last: 1004004375 ns, Reaching safepoint: 119412 ns, At safepoint: 19647 ns, Total: 139059 ns
[2020-09-11T15:02:32.609+0000][1][safepoint    ] Safepoint "Cleanup", Time since last: 5000623162 ns, Reaching safepoint: 87675 ns, At safepoint: 7017 ns, Total: 94692 ns
[2020-09-11T15:02:43.611+0000][1][safepoint    ] Safepoint "Cleanup", Time since last: 11001531160 ns, Reaching safepoint: 139663 ns, At safepoint: 8309 ns, Total: 147972 ns
[2020-09-11T15:02:46.364+0000][1][safepoint    ] Safepoint "RevokeBias", Time since last: 2745437266 ns, Reaching safepoint: 6945333 ns, At safepoint: 30300 ns, Total: 6975633 ns
[2020-09-11T15:02:46.366+0000][1][safepoint    ] Safepoint "RevokeBias", Time since last: 225294 ns, Reaching safepoint: 1867725 ns, At safepoint: 22948 ns, Total: 1890673 ns
[2020-09-11T15:02:50.900+0000][1][safepoint    ] Safepoint "RevokeBias", Time since last: 4534225832 ns, Reaching safepoint: 167731 ns, At safepoint: 20205 ns, Total: 187936 ns
[2020-09-11T15:02:50.900+0000][1][safepoint    ] Safepoint "RevokeBias", Time since last: 84511 ns, Reaching safepoint: 112421 ns, At safepoint: 13192 ns, Total: 125613 ns
[2020-09-11T15:02:50.900+0000][1][safepoint    ] Safepoint "RevokeBias", Time since last: 53050 ns, Reaching safepoint: 109295 ns, At safepoint: 11844 ns, Total: 121139 ns
[2020-09-11T15:02:50.901+0000][1][safepoint    ] Safepoint "RevokeBias", Time since last: 38508 ns, Reaching safepoint: 108087 ns, At safepoint: 11649 ns, Total: 119736 ns
[2020-09-11T15:02:50.901+0000][1][safepoint    ] Safepoint "RevokeBias", Time since last: 50211 ns, Reaching safepoint: 108154 ns, At safepoint: 11553 ns, Total: 119707 ns
[2020-09-11T15:02:50.901+0000][1][safepoint    ] Safepoint "RevokeBias", Time since last: 107443 ns, Reaching safepoint: 111432 ns, At safepoint: 11581 ns, Total: 123013 ns
[2020-09-11T15:02:50.907+0000][1][safepoint    ] Safepoint "RevokeBias", Time since last: 5591787 ns, Reaching safepoint: 192934 ns, At safepoint: 56663 ns, Total: 249597 ns
[2020-09-11T15:02:51.221+0000][1][safepoint    ] Safepoint "RevokeBias", Time since last: 313949095 ns, Reaching safepoint: 85807 ns, At safepoint: 21171 ns, Total: 106978 ns
[2020-09-11T15:02:52.221+0000][1][safepoint    ] Safepoint "Cleanup", Time since last: 1000137352 ns, Reaching safepoint: 163261 ns, At safepoint: 15232 ns, Total: 178493 ns
[2020-09-11T15:02:54.222+0000][1][safepoint    ] Safepoint "Cleanup", Time since last: 2000276569 ns, Reaching safepoint: 112234 ns, At safepoint: 6299 ns, Total: 118533 ns
[2020-09-11T15:02:55.222+0000][1][safepoint    ] Safepoint "Cleanup", Time since last: 1000103507 ns, Reaching safepoint: 86695 ns, At safepoint: 5769 ns, Total: 92464 ns
[2020-09-11T15:02:57.703+0000][1][safepoint    ] Safepoint "RevokeBias", Time since last: 2480887440 ns, Reaching safepoint: 189409 ns, At safepoint: 17898 ns, Total: 207307 ns
[2020-09-11T15:02:57.703+0000][1][safepoint    ] Safepoint "RevokeBias", Time since last: 80128 ns, Reaching safepoint: 129862 ns, At safepoint: 13008 ns, Total: 142870 ns
[2020-09-11T15:02:57.715+0000][1][safepoint    ] Safepoint "RevokeBias", Time since last: 11356597 ns, Reaching safepoint: 208212 ns, At safepoint: 18776 ns, Total: 226988 ns
[2020-09-11T15:02:57.715+0000][1][safepoint    ] Safepoint "RevokeBias", Time since last: 469860 ns, Reaching safepoint: 163626 ns, At safepoint: 33039 ns, Total: 196665 ns
[2020-09-11T15:02:57.717+0000][1][safepoint    ] Safepoint "RevokeBias", Time since last: 1696164 ns, Reaching safepoint: 192972 ns, At safepoint: 18516 ns, Total: 211488 ns
[2020-09-11T15:02:57.718+0000][1][safepoint    ] Safepoint "RevokeBias", Time since last: 49556 ns, Reaching safepoint: 159598 ns, At safepoint: 12019 ns, Total: 171617 ns
[2020-09-11T15:02:57.719+0000][1][safepoint    ] Safepoint "RevokeBias", Time since last: 911780 ns, Reaching safepoint: 167346 ns, At safepoint: 12291 ns, Total: 179637 ns
[2020-09-11T15:02:57.721+0000][1][safepoint    ] Safepoint "RevokeBias", Time since last: 2652704 ns, Reaching safepoint: 191890 ns, At safepoint: 17912 ns, Total: 209802 ns
[2020-09-11T15:02:57.722+0000][1][safepoint    ] Safepoint "RevokeBias", Time since last: 168015 ns, Reaching safepoint: 163634 ns, At safepoint: 12378 ns, Total: 176012 ns
[2020-09-11T15:02:58.722+0000][1][safepoint    ] Safepoint "Cleanup", Time since last: 1000159295 ns, Reaching safepoint: 107787 ns, At safepoint: 7060 ns, Total: 114847 ns
[2020-09-11T15:03:00.722+0000][1][safepoint    ] Safepoint "Cleanup", Time since last: 2000263100 ns, Reaching safepoint: 115233 ns, At safepoint: 7440 ns, Total: 122673 ns
[2020-09-11T15:03:01.641+0000][1][gc,start     ] GC(127) Pause Young (Allocation Failure)
[2020-09-11T15:03:01.641+0000][1][gc,task      ] GC(127) Using 1 workers of 1 for evacuation
[2020-09-11T15:03:01.646+0000][1][gc,age       ] GC(127) Desired survivor size 4358144 bytes, new threshold 6 (max threshold 6)
[2020-09-11T15:03:01.646+0000][1][gc,age       ] GC(127) Age table with threshold 6 (max threshold 6)
[2020-09-11T15:03:01.646+0000][1][gc,age       ] GC(127) - age   1:      85832 bytes,      85832 total
[2020-09-11T15:03:01.646+0000][1][gc,age       ] GC(127) - age   2:       6488 bytes,      92320 total
[2020-09-11T15:03:01.646+0000][1][gc,age       ] GC(127) - age   3:       3272 bytes,      95592 total
[2020-09-11T15:03:01.646+0000][1][gc,age       ] GC(127) - age   4:       3112 bytes,      98704 total
[2020-09-11T15:03:01.646+0000][1][gc,age       ] GC(127) - age   5:      25600 bytes,     124304 total
[2020-09-11T15:03:01.646+0000][1][gc,age       ] GC(127) - age   6:       2576 bytes,     126880 total
[2020-09-11T15:03:01.646+0000][1][gc,heap      ] GC(127) ParNew: 68836K->192K(76672K)
[2020-09-11T15:03:01.646+0000][1][gc,heap      ] GC(127) CMS: 74200K->74231K(439104K)
[2020-09-11T15:03:01.646+0000][1][gc,metaspace ] GC(127) Metaspace: 90720K->90720K(1132544K)
[2020-09-11T15:03:01.646+0000][1][gc           ] GC(127) Pause Young (Allocation Failure) 139M->72M(503M) 5.092ms
[2020-09-11T15:03:01.646+0000][1][gc,cpu       ] GC(127) User=0.01s Sys=0.00s Real=0.01s
[2020-09-11T15:03:01.646+0000][1][safepoint    ] Safepoint "GenCollectForAllocation", Time since last: 918457732 ns, Reaching safepoint: 203985 ns, At safepoint: 5180028 ns, Total: 5384013 ns
[2020-09-11T15:03:02.550+0000][1][safepoint    ] Safepoint "RevokeBias", Time since last: 903088050 ns, Reaching safepoint: 228485 ns, At safepoint: 36448 ns, Total: 264933 ns
[2020-09-11T15:03:03.551+0000][1][safepoint    ] Safepoint "Cleanup", Time since last: 1000669223 ns, Reaching safepoint: 199691 ns, At safepoint: 18593 ns, Total: 218284 ns
[2020-09-11T15:03:06.551+0000][1][safepoint    ] Safepoint "Cleanup", Time since last: 3000491113 ns, Reaching safepoint: 116357 ns, At safepoint: 8051 ns, Total: 124408 ns
[2020-09-11T15:03:09.552+0000][1][safepoint    ] Safepoint "Cleanup", Time since last: 3000428162 ns, Reaching safepoint: 91121 ns, At safepoint: 7687 ns, Total: 98808 ns
[2020-09-11T15:03:13.553+0000][1][safepoint    ] Safepoint "Cleanup", Time since last: 4000700283 ns, Reaching safepoint: 178623 ns, At safepoint: 18359 ns, Total: 196982 ns
[2020-09-11T15:03:22.554+0000][1][safepoint    ] Safepoint "Cleanup", Time since last: 9001288167 ns, Reaching safepoint: 153641 ns, At safepoint: 7494 ns, Total: 161135 ns
[2020-09-11T15:03:23.554+0000][1][safepoint    ] Safepoint "Cleanup", Time since last: 1000130555 ns, Reaching safepoint: 176131 ns, At safepoint: 16909 ns, Total: 193040 ns
[2020-09-11T15:03:33.557+0000][1][safepoint    ] Safepoint "Cleanup", Time since last: 10002203180 ns, Reaching safepoint: 175313 ns, At safepoint: 17774 ns, Total: 193087 ns
[2020-09-11T15:03:35.557+0000][1][safepoint    ] Safepoint "Cleanup", Time since last: 2000359625 ns, Reaching safepoint: 156940 ns, At safepoint: 17520 ns, Total: 174460 ns
[2020-09-11T15:03:41.558+0000][1][safepoint    ] Safepoint "Cleanup", Time since last: 6000891189 ns, Reaching safepoint: 161952 ns, At safepoint: 18546 ns, Total: 180498 ns
[2020-09-11T15:03:41.708+0000][1][gc,start     ] GC(128) Pause Young (Allocation Failure)
[2020-09-11T15:03:41.708+0000][1][gc,task      ] GC(128) Using 1 workers of 1 for evacuation
[2020-09-11T15:03:41.714+0000][1][gc,age       ] GC(128) Desired survivor size 4358144 bytes, new threshold 6 (max threshold 6)
[2020-09-11T15:03:41.714+0000][1][gc,age       ] GC(128) Age table with threshold 6 (max threshold 6)
[2020-09-11T15:03:41.714+0000][1][gc,age       ] GC(128) - age   1:      58784 bytes,      58784 total
[2020-09-11T15:03:41.714+0000][1][gc,age       ] GC(128) - age   2:      43016 bytes,     101800 total
[2020-09-11T15:03:41.714+0000][1][gc,age       ] GC(128) - age   3:       6176 bytes,     107976 total
[2020-09-11T15:03:41.714+0000][1][gc,age       ] GC(128) - age   4:       3272 bytes,     111248 total
[2020-09-11T15:03:41.714+0000][1][gc,age       ] GC(128) - age   5:        632 bytes,     111880 total
[2020-09-11T15:03:41.714+0000][1][gc,age       ] GC(128) - age   6:      25504 bytes,     137384 total
[2020-09-11T15:03:41.714+0000][1][gc,heap      ] GC(128) ParNew: 68352K->140K(76672K)
[2020-09-11T15:03:41.714+0000][1][gc,heap      ] GC(128) CMS: 74231K->74232K(439104K)
[2020-09-11T15:03:41.714+0000][1][gc,metaspace ] GC(128) Metaspace: 90769K->90769K(1132544K)
[2020-09-11T15:03:41.714+0000][1][gc           ] GC(128) Pause Young (Allocation Failure) 139M->72M(503M) 5.481ms
[2020-09-11T15:03:41.714+0000][1][gc,cpu       ] GC(128) User=0.01s Sys=0.00s Real=0.00s
[2020-09-11T15:03:41.714+0000][1][safepoint    ] Safepoint "GenCollectForAllocation", Time since last: 149620279 ns, Reaching safepoint: 264775 ns, At safepoint: 5567596 ns, Total: 5832371 ns
[2020-09-11T15:03:42.715+0000][1][safepoint    ] Safepoint "Cleanup", Time since last: 1001210589 ns, Reaching safepoint: 194516 ns, At safepoint: 16281 ns, Total: 210797 ns
[2020-09-11T15:03:52.717+0000][1][safepoint    ] Safepoint "Cleanup", Time since last: 10001297972 ns, Reaching safepoint: 161865 ns, At safepoint: 18055 ns, Total: 179920 ns
[2020-09-11T15:03:57.718+0000][1][safepoint    ] Safepoint "Cleanup", Time since last: 5000832262 ns, Reaching safepoint: 154030 ns, At safepoint: 17096 ns, Total: 171126 ns
[2020-09-11T15:04:02.719+0000][1][safepoint    ] Safepoint "Cleanup", Time since last: 5000765326 ns, Reaching safepoint: 104350 ns, At safepoint: 9077 ns, Total: 113427 ns
[2020-09-11T15:04:12.720+0000][1][safepoint    ] Safepoint "Cleanup", Time since last: 10001363239 ns, Reaching safepoint: 130373 ns, At safepoint: 10509 ns, Total: 140882 ns
[2020-09-11T15:04:20.721+0000][1][safepoint    ] Safepoint "Cleanup", Time since last: 8001047066 ns, Reaching safepoint: 162924 ns, At safepoint: 16170 ns, Total: 179094 ns
[2020-09-11T15:04:22.622+0000][1][gc,start     ] GC(129) Pause Young (Allocation Failure)
[2020-09-11T15:04:22.622+0000][1][gc,task      ] GC(129) Using 1 workers of 1 for evacuation
[2020-09-11T15:04:22.627+0000][1][gc,age       ] GC(129) Desired survivor size 4358144 bytes, new threshold 6 (max threshold 6)
[2020-09-11T15:04:22.627+0000][1][gc,age       ] GC(129) Age table with threshold 6 (max threshold 6)
[2020-09-11T15:04:22.627+0000][1][gc,age       ] GC(129) - age   1:     126744 bytes,     126744 total
[2020-09-11T15:04:22.627+0000][1][gc,age       ] GC(129) - age   2:      13552 bytes,     140296 total
[2020-09-11T15:04:22.627+0000][1][gc,age       ] GC(129) - age   3:      37952 bytes,     178248 total
[2020-09-11T15:04:22.627+0000][1][gc,age       ] GC(129) - age   4:       6176 bytes,     184424 total
[2020-09-11T15:04:22.627+0000][1][gc,age       ] GC(129) - age   5:       2032 bytes,     186456 total
[2020-09-11T15:04:22.627+0000][1][gc,age       ] GC(129) - age   6:        632 bytes,     187088 total
[2020-09-11T15:04:22.627+0000][1][gc,heap      ] GC(129) ParNew: 68300K->271K(76672K)
[2020-09-11T15:04:22.627+0000][1][gc,heap      ] GC(129) CMS: 74232K->74257K(439104K)
[2020-09-11T15:04:22.627+0000][1][gc,metaspace ] GC(129) Metaspace: 90830K->90830K(1132544K)
[2020-09-11T15:04:22.627+0000][1][gc           ] GC(129) Pause Young (Allocation Failure) 139M->72M(503M) 4.910ms
[2020-09-11T15:04:22.627+0000][1][gc,cpu       ] GC(129) User=0.01s Sys=0.00s Real=0.01s
[2020-09-11T15:04:22.627+0000][1][safepoint    ] Safepoint "GenCollectForAllocation", Time since last: 1900516885 ns, Reaching safepoint: 117475 ns, At safepoint: 5166982 ns, Total: 5284457 ns
[2020-09-11T15:04:22.666+0000][1][safepoint    ] Safepoint "RevokeBias", Time since last: 39110581 ns, Reaching safepoint: 84726 ns, At safepoint: 35454 ns, Total: 120180 ns
[2020-09-11T15:04:27.667+0000][1][safepoint    ] Safepoint "Cleanup", Time since last: 5000884320 ns, Reaching safepoint: 202248 ns, At safepoint: 17510 ns, Total: 219758 ns
[2020-09-11T15:04:42.670+0000][1][safepoint    ] Safepoint "Cleanup", Time since last: 15002756361 ns, Reaching safepoint: 86230 ns, At safepoint: 6998 ns, Total: 93228 ns
[2020-09-11T15:04:48.671+0000][1][safepoint    ] Safepoint "Cleanup", Time since last: 6000905040 ns, Reaching safepoint: 126330 ns, At safepoint: 70875 ns, Total: 197205 ns
[2020-09-11T15:04:52.672+0000][1][safepoint    ] Safepoint "Cleanup", Time since last: 4000565186 ns, Reaching safepoint: 91135 ns, At safepoint: 6739 ns, Total: 97874 ns
[2020-09-11T15:05:02.674+0000][1][safepoint    ] Safepoint "Cleanup", Time since last: 10001419827 ns, Reaching safepoint: 90548 ns, At safepoint: 7271 ns, Total: 97819 ns
[2020-09-11T15:05:02.817+0000][1][gc,start     ] GC(130) Pause Young (Allocation Failure)
[2020-09-11T15:05:02.817+0000][1][gc,task      ] GC(130) Using 1 workers of 1 for evacuation
[2020-09-11T15:05:02.836+0000][1][gc,age       ] GC(130) Desired survivor size 4358144 bytes, new threshold 6 (max threshold 6)
[2020-09-11T15:05:02.837+0000][1][gc,age       ] GC(130) Age table with threshold 6 (max threshold 6)
[2020-09-11T15:05:02.837+0000][1][gc,age       ] GC(130) - age   1:     127264 bytes,     127264 total
[2020-09-11T15:05:02.837+0000][1][gc,age       ] GC(130) - age   2:       5888 bytes,     133152 total
[2020-09-11T15:05:02.837+0000][1][gc,age       ] GC(130) - age   3:      10992 bytes,     144144 total
[2020-09-11T15:05:02.837+0000][1][gc,age       ] GC(130) - age   4:      37832 bytes,     181976 total
[2020-09-11T15:05:02.837+0000][1][gc,age       ] GC(130) - age   5:       6176 bytes,     188152 total
[2020-09-11T15:05:02.837+0000][1][gc,age       ] GC(130) - age   6:       2032 bytes,     190184 total
[2020-09-11T15:05:02.837+0000][1][gc,heap      ] GC(130) ParNew: 68431K->341K(76672K)
[2020-09-11T15:05:02.837+0000][1][gc,heap      ] GC(130) CMS: 74257K->74258K(439104K)
[2020-09-11T15:05:02.837+0000][1][gc,metaspace ] GC(130) Metaspace: 90865K->90865K(1132544K)
[2020-09-11T15:05:02.837+0000][1][gc           ] GC(130) Pause Young (Allocation Failure) 139M->72M(503M) 19.976ms
[2020-09-11T15:05:02.837+0000][1][gc,cpu       ] GC(130) User=0.00s Sys=0.00s Real=0.02s
[2020-09-11T15:05:02.837+0000][1][safepoint    ] Safepoint "GenCollectForAllocation", Time since last: 142729722 ns, Reaching safepoint: 305060 ns, At safepoint: 20100442 ns, Total: 20405502 ns
[2020-09-11T15:05:12.842+0000][1][safepoint    ] Safepoint "Cleanup", Time since last: 10004996651 ns, Reaching safepoint: 78571 ns, At safepoint: 6196 ns, Total: 84767 ns
[2020-09-11T15:05:22.843+0000][1][safepoint    ] Safepoint "Cleanup", Time since last: 10001449351 ns, Reaching safepoint: 182762 ns, At safepoint: 16425 ns, Total: 199187 ns
[2020-09-11T15:05:32.845+0000][1][safepoint    ] Safepoint "Cleanup", Time since last: 10001443125 ns, Reaching safepoint: 99781 ns, At safepoint: 9047 ns, Total: 108828 ns
[2020-09-11T15:05:33.845+0000][1][safepoint    ] Safepoint "Cleanup", Time since last: 1000165702 ns, Reaching safepoint: 91913 ns, At safepoint: 7818 ns, Total: 99731 ns
[2020-09-11T15:05:42.848+0000][1][safepoint    ] Safepoint "Cleanup", Time since last: 9002866229 ns, Reaching safepoint: 171309 ns, At safepoint: 18042 ns, Total: 189351 ns
[2020-09-11T15:05:46.266+0000][1][gc,start     ] GC(131) Pause Young (Allocation Failure)
[2020-09-11T15:05:46.266+0000][1][gc,task      ] GC(131) Using 1 workers of 1 for evacuation
[2020-09-11T15:05:46.271+0000][1][gc,age       ] GC(131) Desired survivor size 4358144 bytes, new threshold 6 (max threshold 6)
[2020-09-11T15:05:46.271+0000][1][gc,age       ] GC(131) Age table with threshold 6 (max threshold 6)
[2020-09-11T15:05:46.271+0000][1][gc,age       ] GC(131) - age   1:      48112 bytes,      48112 total
[2020-09-11T15:05:46.271+0000][1][gc,age       ] GC(131) - age   2:       8704 bytes,      56816 total
[2020-09-11T15:05:46.271+0000][1][gc,age       ] GC(131) - age   3:       4216 bytes,      61032 total
[2020-09-11T15:05:46.271+0000][1][gc,age       ] GC(131) - age   4:      10992 bytes,      72024 total
[2020-09-11T15:05:46.271+0000][1][gc,age       ] GC(131) - age   5:      36592 bytes,     108616 total
[2020-09-11T15:05:46.271+0000][1][gc,age       ] GC(131) - age   6:       6176 bytes,     114792 total
[2020-09-11T15:05:46.271+0000][1][gc,heap      ] GC(131) ParNew: 68501K->112K(76672K)
[2020-09-11T15:05:46.271+0000][1][gc,heap      ] GC(131) CMS: 74258K->74259K(439104K)
[2020-09-11T15:05:46.271+0000][1][gc,metaspace ] GC(131) Metaspace: 90917K->90917K(1132544K)
[2020-09-11T15:05:46.271+0000][1][gc           ] GC(131) Pause Young (Allocation Failure) 139M->72M(503M) 4.715ms
[2020-09-11T15:05:46.271+0000][1][gc,cpu       ] GC(131) User=0.01s Sys=0.00s Real=0.00s
[2020-09-11T15:05:46.271+0000][1][safepoint    ] Safepoint "GenCollectForAllocation", Time since last: 3417775000 ns, Reaching safepoint: 79309 ns, At safepoint: 4780288 ns, Total: 4859597 ns
[2020-09-11T15:05:53.272+0000][1][safepoint    ] Safepoint "Cleanup", Time since last: 7001032797 ns, Reaching safepoint: 114943 ns, At safepoint: 7810 ns, Total: 122753 ns
[2020-09-11T15:06:03.274+0000][1][safepoint    ] Safepoint "Cleanup", Time since last: 10001628178 ns, Reaching safepoint: 220283 ns, At safepoint: 18856 ns, Total: 239139 ns
[2020-09-11T15:06:13.275+0000][1][safepoint    ] Safepoint "Cleanup", Time since last: 10001371407 ns, Reaching safepoint: 86931 ns, At safepoint: 7329 ns, Total: 94260 ns
[2020-09-11T15:06:23.277+0000][1][safepoint    ] Safepoint "Cleanup", Time since last: 10001210314 ns, Reaching safepoint: 162740 ns, At safepoint: 17844 ns, Total: 180584 ns
[2020-09-11T15:06:26.278+0000][1][safepoint    ] Safepoint "Cleanup", Time since last: 3000481421 ns, Reaching safepoint: 165447 ns, At safepoint: 21766 ns, Total: 187213 ns
[2020-09-11T15:06:26.892+0000][1][gc,start     ] GC(132) Pause Young (Allocation Failure)
[2020-09-11T15:06:26.892+0000][1][gc,task      ] GC(132) Using 1 workers of 1 for evacuation
[2020-09-11T15:06:26.896+0000][1][gc,age       ] GC(132) Desired survivor size 4358144 bytes, new threshold 6 (max threshold 6)
[2020-09-11T15:06:26.896+0000][1][gc,age       ] GC(132) Age table with threshold 6 (max threshold 6)
[2020-09-11T15:06:26.896+0000][1][gc,age       ] GC(132) - age   1:      53848 bytes,      53848 total
[2020-09-11T15:06:26.896+0000][1][gc,age       ] GC(132) - age   2:       6584 bytes,      60432 total
[2020-09-11T15:06:26.896+0000][1][gc,age       ] GC(132) - age   3:       3544 bytes,      63976 total
[2020-09-11T15:06:26.896+0000][1][gc,age       ] GC(132) - age   4:       2976 bytes,      66952 total
[2020-09-11T15:06:26.896+0000][1][gc,age       ] GC(132) - age   5:      10992 bytes,      77944 total
[2020-09-11T15:06:26.896+0000][1][gc,age       ] GC(132) - age   6:      34112 bytes,     112056 total
[2020-09-11T15:06:26.896+0000][1][gc,heap      ] GC(132) ParNew: 68272K->112K(76672K)
[2020-09-11T15:06:26.896+0000][1][gc,heap      ] GC(132) CMS: 74259K->74265K(439104K)
[2020-09-11T15:06:26.896+0000][1][gc,metaspace ] GC(132) Metaspace: 90986K->90986K(1132544K)
[2020-09-11T15:06:26.896+0000][1][gc           ] GC(132) Pause Young (Allocation Failure) 139M->72M(503M) 4.472ms
[2020-09-11T15:06:26.896+0000][1][gc,cpu       ] GC(132) User=0.01s Sys=0.00s Real=0.01s
[2020-09-11T15:06:26.896+0000][1][safepoint    ] Safepoint "GenCollectForAllocation", Time since last: 613902488 ns, Reaching safepoint: 202194 ns, At safepoint: 4537016 ns, Total: 4739210 ns
[2020-09-11T15:06:27.899+0000][1][safepoint    ] Safepoint "Cleanup", Time since last: 1002640773 ns, Reaching safepoint: 271323 ns, At safepoint: 46163 ns, Total: 317486 ns
[2020-09-11T15:06:32.900+0000][1][safepoint    ] Safepoint "Cleanup", Time since last: 5000554526 ns, Reaching safepoint: 233950 ns, At safepoint: 17059 ns, Total: 251009 ns
[2020-09-11T15:06:33.900+0000][1][safepoint    ] Safepoint "Cleanup", Time since last: 1000226293 ns, Reaching safepoint: 109750 ns, At safepoint: 7416 ns, Total: 117166 ns
[2020-09-11T15:06:36.901+0000][1][safepoint    ] Safepoint "Cleanup", Time since last: 3000477103 ns, Reaching safepoint: 170198 ns, At safepoint: 18181 ns, Total: 188379 ns
[2020-09-11T15:06:42.902+0000][1][safepoint    ] Safepoint "Cleanup", Time since last: 6000914835 ns, Reaching safepoint: 116083 ns, At safepoint: 7297 ns, Total: 123380 ns
[2020-09-11T15:06:43.902+0000][1][safepoint    ] Safepoint "Cleanup", Time since last: 1000177596 ns, Reaching safepoint: 181837 ns, At safepoint: 19275 ns, Total: 201112 ns
[2020-09-11T15:06:52.904+0000][1][safepoint    ] Safepoint "Cleanup", Time since last: 9001296367 ns, Reaching safepoint: 190594 ns, At safepoint: 18580 ns, Total: 209174 ns
[2020-09-11T15:07:06.954+0000][1][gc,start     ] GC(133) Pause Young (Allocation Failure)
[2020-09-11T15:07:06.954+0000][1][gc,task      ] GC(133) Using 1 workers of 1 for evacuation
[2020-09-11T15:07:06.958+0000][1][gc,age       ] GC(133) Desired survivor size 4358144 bytes, new threshold 6 (max threshold 6)
[2020-09-11T15:07:06.958+0000][1][gc,age       ] GC(133) Age table with threshold 6 (max threshold 6)
[2020-09-11T15:07:06.958+0000][1][gc,age       ] GC(133) - age   1:      56696 bytes,      56696 total
[2020-09-11T15:07:06.958+0000][1][gc,age       ] GC(133) - age   2:       7056 bytes,      63752 total
[2020-09-11T15:07:06.958+0000][1][gc,age       ] GC(133) - age   3:       2664 bytes,      66416 total
[2020-09-11T15:07:06.958+0000][1][gc,age       ] GC(133) - age   4:       3544 bytes,      69960 total
[2020-09-11T15:07:06.958+0000][1][gc,age       ] GC(133) - age   5:       2920 bytes,      72880 total
[2020-09-11T15:07:06.958+0000][1][gc,age       ] GC(133) - age   6:       8136 bytes,      81016 total
[2020-09-11T15:07:06.958+0000][1][gc,heap      ] GC(133) ParNew: 68272K->110K(76672K)
[2020-09-11T15:07:06.958+0000][1][gc,heap      ] GC(133) CMS: 74265K->74299K(439104K)
[2020-09-11T15:07:06.958+0000][1][gc,metaspace ] GC(133) Metaspace: 91025K->91025K(1132544K)
[2020-09-11T15:07:06.958+0000][1][gc           ] GC(133) Pause Young (Allocation Failure) 139M->72M(503M) 4.645ms
[2020-09-11T15:07:06.958+0000][1][gc,cpu       ] GC(133) User=0.01s Sys=0.00s Real=0.01s
[2020-09-11T15:07:06.958+0000][1][safepoint    ] Safepoint "GenCollectForAllocation", Time since last: 14049511054 ns, Reaching safepoint: 204791 ns, At safepoint: 4717024 ns, Total: 4921815 ns
[2020-09-11T15:07:12.960+0000][1][safepoint    ] Safepoint "Cleanup", Time since last: 6001942372 ns, Reaching safepoint: 164236 ns, At safepoint: 18079 ns, Total: 182315 ns
[2020-09-11T15:07:22.962+0000][1][safepoint    ] Safepoint "Cleanup", Time since last: 10001646148 ns, Reaching safepoint: 181670 ns, At safepoint: 16415 ns, Total: 198085 ns
[2020-09-11T15:07:32.964+0000][1][safepoint    ] Safepoint "Cleanup", Time since last: 10001150463 ns, Reaching safepoint: 181256 ns, At safepoint: 110731 ns, Total: 291987 ns
[2020-09-11T15:07:42.965+0000][1][safepoint    ] Safepoint "Cleanup", Time since last: 10001414272 ns, Reaching safepoint: 168303 ns, At safepoint: 17981 ns, Total: 186284 ns
[2020-09-11T15:07:43.776+0000][1][safepoint    ] Safepoint "RevokeBias", Time since last: 809863021 ns, Reaching safepoint: 311444 ns, At safepoint: 48849 ns, Total: 360293 ns
[2020-09-11T15:07:49.520+0000][1][gc,start     ] GC(134) Pause Young (Allocation Failure)
[2020-09-11T15:07:49.520+0000][1][gc,task      ] GC(134) Using 1 workers of 1 for evacuation
[2020-09-11T15:07:49.526+0000][1][gc,age       ] GC(134) Desired survivor size 4358144 bytes, new threshold 6 (max threshold 6)
[2020-09-11T15:07:49.526+0000][1][gc,age       ] GC(134) Age table with threshold 6 (max threshold 6)
[2020-09-11T15:07:49.526+0000][1][gc,age       ] GC(134) - age   1:      53264 bytes,      53264 total
[2020-09-11T15:07:49.526+0000][1][gc,age       ] GC(134) - age   2:       8584 bytes,      61848 total
[2020-09-11T15:07:49.526+0000][1][gc,age       ] GC(134) - age   3:       5624 bytes,      67472 total
[2020-09-11T15:07:49.526+0000][1][gc,age       ] GC(134) - age   4:       1424 bytes,      68896 total
[2020-09-11T15:07:49.526+0000][1][gc,age       ] GC(134) - age   5:       3544 bytes,      72440 total
[2020-09-11T15:07:49.526+0000][1][gc,age       ] GC(134) - age   6:       2920 bytes,      75360 total
[2020-09-11T15:07:49.526+0000][1][gc,heap      ] GC(134) ParNew: 68270K->86K(76672K)
[2020-09-11T15:07:49.526+0000][1][gc,heap      ] GC(134) CMS: 74299K->74307K(439104K)
[2020-09-11T15:07:49.526+0000][1][gc,metaspace ] GC(134) Metaspace: 91045K->91045K(1132544K)
[2020-09-11T15:07:49.526+0000][1][gc           ] GC(134) Pause Young (Allocation Failure) 139M->72M(503M) 5.564ms
[2020-09-11T15:07:49.526+0000][1][gc,cpu       ] GC(134) User=0.01s Sys=0.00s Real=0.01s
[2020-09-11T15:07:49.531+0000][1][safepoint    ] Safepoint "GenCollectForAllocation", Time since last: 5744411281 ns, Reaching safepoint: 155593 ns, At safepoint: 11339421 ns, Total: 11495014 ns
[2020-09-11T15:07:49.854+0000][1][safepoint    ] Safepoint "RevokeBias", Time since last: 322259614 ns, Reaching safepoint: 78832 ns, At safepoint: 31299 ns, Total: 110131 ns
[2020-09-11T15:07:49.854+0000][1][safepoint    ] Safepoint "RevokeBias", Time since last: 132298 ns, Reaching safepoint: 35847 ns, At safepoint: 19945 ns, Total: 55792 ns
[2020-09-11T15:07:49.854+0000][1][safepoint    ] Safepoint "RevokeBias", Time since last: 29713 ns, Reaching safepoint: 29621 ns, At safepoint: 16625 ns, Total: 46246 ns
[2020-09-11T15:07:49.862+0000][1][safepoint    ] Safepoint "RevokeBias", Time since last: 8188132 ns, Reaching safepoint: 36182 ns, At safepoint: 21280 ns, Total: 57462 ns
[2020-09-11T15:07:49.862+0000][1][safepoint    ] Safepoint "RevokeBias", Time since last: 43961 ns, Reaching safepoint: 29813 ns, At safepoint: 17204 ns, Total: 47017 ns
[2020-09-11T15:08:00.869+0000][1][safepoint    ] Safepoint "Cleanup", Time since last: 11006304562 ns, Reaching safepoint: 141414 ns, At safepoint: 8160 ns, Total: 149574 ns
[2020-09-11T15:08:02.869+0000][1][safepoint    ] Safepoint "Cleanup", Time since last: 2000264813 ns, Reaching safepoint: 97422 ns, At safepoint: 7803 ns, Total: 105225 ns
[2020-09-11T15:08:12.871+0000][1][safepoint    ] Safepoint "Cleanup", Time since last: 10001337623 ns, Reaching safepoint: 93352 ns, At safepoint: 7562 ns, Total: 100914 ns
[2020-09-11T15:08:21.873+0000][1][safepoint    ] Safepoint "Cleanup", Time since last: 9002505522 ns, Reaching safepoint: 166770 ns, At safepoint: 18151 ns, Total: 184921 ns
[2020-09-11T15:08:30.361+0000][1][gc,start     ] GC(135) Pause Young (Allocation Failure)
[2020-09-11T15:08:30.361+0000][1][gc,task      ] GC(135) Using 1 workers of 1 for evacuation
[2020-09-11T15:08:30.365+0000][1][gc,age       ] GC(135) Desired survivor size 4358144 bytes, new threshold 6 (max threshold 6)
[2020-09-11T15:08:30.365+0000][1][gc,age       ] GC(135) Age table with threshold 6 (max threshold 6)
[2020-09-11T15:08:30.365+0000][1][gc,age       ] GC(135) - age   1:      55664 bytes,      55664 total
[2020-09-11T15:08:30.365+0000][1][gc,age       ] GC(135) - age   2:       6632 bytes,      62296 total
[2020-09-11T15:08:30.365+0000][1][gc,age       ] GC(135) - age   3:       4544 bytes,      66840 total
[2020-09-11T15:08:30.365+0000][1][gc,age       ] GC(135) - age   4:       5624 bytes,      72464 total
[2020-09-11T15:08:30.365+0000][1][gc,age       ] GC(135) - age   5:       1424 bytes,      73888 total
[2020-09-11T15:08:30.365+0000][1][gc,age       ] GC(135) - age   6:       1064 bytes,      74952 total
[2020-09-11T15:08:30.365+0000][1][gc,heap      ] GC(135) ParNew: 68246K->76K(76672K)
[2020-09-11T15:08:30.365+0000][1][gc,heap      ] GC(135) CMS: 74307K->74310K(439104K)
[2020-09-11T15:08:30.365+0000][1][gc,metaspace ] GC(135) Metaspace: 91074K->91074K(1132544K)
[2020-09-11T15:08:30.365+0000][1][gc           ] GC(135) Pause Young (Allocation Failure) 139M->72M(503M) 4.452ms
[2020-09-11T15:08:30.365+0000][1][gc,cpu       ] GC(135) User=0.01s Sys=0.00s Real=0.01s
[2020-09-11T15:08:30.365+0000][1][safepoint    ] Safepoint "GenCollectForAllocation", Time since last: 8487297530 ns, Reaching safepoint: 196970 ns, At safepoint: 4522218 ns, Total: 4719188 ns
[2020-09-11T15:08:33.367+0000][1][safepoint    ] Safepoint "Cleanup", Time since last: 3001621330 ns, Reaching safepoint: 167357 ns, At safepoint: 18733 ns, Total: 186090 ns
[2020-09-11T15:08:43.369+0000][1][safepoint    ] Safepoint "Cleanup", Time since last: 10001299326 ns, Reaching safepoint: 162296 ns, At safepoint: 18830 ns, Total: 181126 ns
[2020-09-11T15:08:53.370+0000][1][safepoint    ] Safepoint "Cleanup", Time since last: 10001500538 ns, Reaching safepoint: 116271 ns, At safepoint: 7172 ns, Total: 123443 ns
[2020-09-11T15:09:00.372+0000][1][safepoint    ] Safepoint "Cleanup", Time since last: 7001014353 ns, Reaching safepoint: 193193 ns, At safepoint: 15947 ns, Total: 209140 ns
[2020-09-11T15:09:03.372+0000][1][safepoint    ] Safepoint "Cleanup", Time since last: 3000444354 ns, Reaching safepoint: 228919 ns, At safepoint: 18051 ns, Total: 246970 ns
[2020-09-11T15:09:09.373+0000][1][safepoint    ] Safepoint "Cleanup", Time since last: 6000829903 ns, Reaching safepoint: 139046 ns, At safepoint: 8875 ns, Total: 147921 ns
[2020-09-11T15:09:12.140+0000][1][gc,start     ] GC(136) Pause Young (Allocation Failure)
[2020-09-11T15:09:12.141+0000][1][gc,task      ] GC(136) Using 1 workers of 1 for evacuation
[2020-09-11T15:09:12.145+0000][1][gc,age       ] GC(136) Desired survivor size 4358144 bytes, new threshold 6 (max threshold 6)
[2020-09-11T15:09:12.145+0000][1][gc,age       ] GC(136) Age table with threshold 6 (max threshold 6)
[2020-09-11T15:09:12.145+0000][1][gc,age       ] GC(136) - age   1:      48040 bytes,      48040 total
[2020-09-11T15:09:12.145+0000][1][gc,age       ] GC(136) - age   2:      10688 bytes,      58728 total
[2020-09-11T15:09:12.145+0000][1][gc,age       ] GC(136) - age   3:       6632 bytes,      65360 total
[2020-09-11T15:09:12.145+0000][1][gc,age       ] GC(136) - age   4:       4544 bytes,      69904 total
[2020-09-11T15:09:12.145+0000][1][gc,age       ] GC(136) - age   5:       4384 bytes,      74288 total
[2020-09-11T15:09:12.145+0000][1][gc,age       ] GC(136) - age   6:       1424 bytes,      75712 total
[2020-09-11T15:09:12.145+0000][1][gc,heap      ] GC(136) ParNew: 68236K->74K(76672K)
[2020-09-11T15:09:12.145+0000][1][gc,heap      ] GC(136) CMS: 74310K->74311K(439104K)
[2020-09-11T15:09:12.145+0000][1][gc,metaspace ] GC(136) Metaspace: 91123K->91123K(1132544K)
[2020-09-11T15:09:12.145+0000][1][gc           ] GC(136) Pause Young (Allocation Failure) 139M->72M(503M) 4.366ms
[2020-09-11T15:09:12.145+0000][1][gc,cpu       ] GC(136) User=0.01s Sys=0.00s Real=0.01s
[2020-09-11T15:09:12.145+0000][1][safepoint    ] Safepoint "GenCollectForAllocation", Time since last: 2767053702 ns, Reaching safepoint: 215136 ns, At safepoint: 4430201 ns, Total: 4645337 ns
[2020-09-11T15:09:13.147+0000][1][safepoint    ] Safepoint "Cleanup", Time since last: 1002079446 ns, Reaching safepoint: 160415 ns, At safepoint: 17897 ns, Total: 178312 ns
[2020-09-11T15:09:23.156+0000][1][safepoint    ] Safepoint "Cleanup", Time since last: 10008413056 ns, Reaching safepoint: 168510 ns, At safepoint: 19601 ns, Total: 188111 ns
[2020-09-11T15:09:26.156+0000][1][safepoint    ] Safepoint "Cleanup", Time since last: 3000454328 ns, Reaching safepoint: 118398 ns, At safepoint: 6617 ns, Total: 125015 ns
[2020-09-11T15:09:43.159+0000][1][safepoint    ] Safepoint "Cleanup", Time since last: 17002540233 ns, Reaching safepoint: 166239 ns, At safepoint: 17998 ns, Total: 184237 ns
[2020-09-11T15:09:50.160+0000][1][safepoint    ] Safepoint "Cleanup", Time since last: 7001050822 ns, Reaching safepoint: 170200 ns, At safepoint: 17654 ns, Total: 187854 ns
[2020-09-11T15:09:52.205+0000][1][gc,start     ] GC(137) Pause Young (Allocation Failure)
[2020-09-11T15:09:52.205+0000][1][gc,task      ] GC(137) Using 1 workers of 1 for evacuation
[2020-09-11T15:09:52.213+0000][1][gc,age       ] GC(137) Desired survivor size 4358144 bytes, new threshold 6 (max threshold 6)
[2020-09-11T15:09:52.213+0000][1][gc,age       ] GC(137) Age table with threshold 6 (max threshold 6)
[2020-09-11T15:09:52.213+0000][1][gc,age       ] GC(137) - age   1:      51648 bytes,      51648 total
[2020-09-11T15:09:52.213+0000][1][gc,age       ] GC(137) - age   2:       6744 bytes,      58392 total
[2020-09-11T15:09:52.213+0000][1][gc,age       ] GC(137) - age   3:       4096 bytes,      62488 total
[2020-09-11T15:09:52.213+0000][1][gc,age       ] GC(137) - age   4:       6632 bytes,      69120 total
[2020-09-11T15:09:52.213+0000][1][gc,age       ] GC(137) - age   5:       3304 bytes,      72424 total
[2020-09-11T15:09:52.213+0000][1][gc,age       ] GC(137) - age   6:       4384 bytes,      76808 total
[2020-09-11T15:09:52.213+0000][1][gc,heap      ] GC(137) ParNew: 68234K->147K(76672K)
[2020-09-11T15:09:52.213+0000][1][gc,heap      ] GC(137) CMS: 74311K->74311K(439104K)
[2020-09-11T15:09:52.213+0000][1][gc,metaspace ] GC(137) Metaspace: 91280K->91280K(1132544K)
[2020-09-11T15:09:52.213+0000][1][gc           ] GC(137) Pause Young (Allocation Failure) 139M->72M(503M) 7.829ms
[2020-09-11T15:09:52.213+0000][1][gc,cpu       ] GC(137) User=0.01s Sys=0.00s Real=0.00s
[2020-09-11T15:09:52.213+0000][1][safepoint    ] Safepoint "GenCollectForAllocation", Time since last: 2044249742 ns, Reaching safepoint: 266849 ns, At safepoint: 7923516 ns, Total: 8190365 ns
[2020-09-11T15:09:53.214+0000][1][safepoint    ] Safepoint "Cleanup", Time since last: 1001320228 ns, Reaching safepoint: 161627 ns, At safepoint: 13929 ns, Total: 175556 ns
[2020-09-11T15:09:57.215+0000][1][safepoint    ] Safepoint "Cleanup", Time since last: 4000500202 ns, Reaching safepoint: 197664 ns, At safepoint: 6729 ns, Total: 204393 ns
[2020-09-11T15:10:13.217+0000][1][safepoint    ] Safepoint "Cleanup", Time since last: 16002309759 ns, Reaching safepoint: 165566 ns, At safepoint: 17303 ns, Total: 182869 ns
[2020-09-11T15:10:23.219+0000][1][safepoint    ] Safepoint "Cleanup", Time since last: 10001435103 ns, Reaching safepoint: 175533 ns, At safepoint: 18746 ns, Total: 194279 ns
[2020-09-11T15:10:32.261+0000][1][gc,start     ] GC(138) Pause Young (Allocation Failure)
[2020-09-11T15:10:32.261+0000][1][gc,task      ] GC(138) Using 1 workers of 1 for evacuation
[2020-09-11T15:10:32.265+0000][1][gc,age       ] GC(138) Desired survivor size 4358144 bytes, new threshold 6 (max threshold 6)
[2020-09-11T15:10:32.265+0000][1][gc,age       ] GC(138) Age table with threshold 6 (max threshold 6)
[2020-09-11T15:10:32.265+0000][1][gc,age       ] GC(138) - age   1:      53408 bytes,      53408 total
[2020-09-11T15:10:32.265+0000][1][gc,age       ] GC(138) - age   2:       3128 bytes,      56536 total
[2020-09-11T15:10:32.265+0000][1][gc,age       ] GC(138) - age   3:       1488 bytes,      58024 total
[2020-09-11T15:10:32.265+0000][1][gc,age       ] GC(138) - age   4:       4096 bytes,      62120 total
[2020-09-11T15:10:32.265+0000][1][gc,age       ] GC(138) - age   5:       5392 bytes,      67512 total
[2020-09-11T15:10:32.265+0000][1][gc,age       ] GC(138) - age   6:       3304 bytes,      70816 total
[2020-09-11T15:10:32.265+0000][1][gc,heap      ] GC(138) ParNew: 68307K->93K(76672K)
[2020-09-11T15:10:32.265+0000][1][gc,heap      ] GC(138) CMS: 74311K->74315K(439104K)
[2020-09-11T15:10:32.265+0000][1][gc,metaspace ] GC(138) Metaspace: 91302K->91302K(1132544K)
[2020-09-11T15:10:32.266+0000][1][gc           ] GC(138) Pause Young (Allocation Failure) 139M->72M(503M) 4.342ms
[2020-09-11T15:10:32.266+0000][1][gc,cpu       ] GC(138) User=0.00s Sys=0.00s Real=0.01s
[2020-09-11T15:10:32.266+0000][1][safepoint    ] Safepoint "GenCollectForAllocation", Time since last: 9041887010 ns, Reaching safepoint: 214639 ns, At safepoint: 4474998 ns, Total: 4689637 ns
[2020-09-11T15:11:03.270+0000][1][safepoint    ] Safepoint "Cleanup", Time since last: 31003926701 ns, Reaching safepoint: 112228 ns, At safepoint: 7409 ns, Total: 119637 ns
[2020-09-11T15:11:13.271+0000][1][safepoint    ] Safepoint "Cleanup", Time since last: 10001457695 ns, Reaching safepoint: 159389 ns, At safepoint: 17560 ns, Total: 176949 ns
[2020-09-11T15:11:14.009+0000][1][gc,start     ] GC(139) Pause Young (Allocation Failure)
[2020-09-11T15:11:14.009+0000][1][gc,task      ] GC(139) Using 1 workers of 1 for evacuation
[2020-09-11T15:11:14.013+0000][1][gc,age       ] GC(139) Desired survivor size 4358144 bytes, new threshold 6 (max threshold 6)
[2020-09-11T15:11:14.013+0000][1][gc,age       ] GC(139) Age table with threshold 6 (max threshold 6)
[2020-09-11T15:11:14.013+0000][1][gc,age       ] GC(139) - age   1:      49896 bytes,      49896 total
[2020-09-11T15:11:14.013+0000][1][gc,age       ] GC(139) - age   2:       7704 bytes,      57600 total
[2020-09-11T15:11:14.013+0000][1][gc,age       ] GC(139) - age   3:       1888 bytes,      59488 total
[2020-09-11T15:11:14.013+0000][1][gc,age       ] GC(139) - age   4:       1488 bytes,      60976 total
[2020-09-11T15:11:14.014+0000][1][gc,age       ] GC(139) - age   5:       2856 bytes,      63832 total
[2020-09-11T15:11:14.014+0000][1][gc,age       ] GC(139) - age   6:       5392 bytes,      69224 total
[2020-09-11T15:11:14.014+0000][1][gc,heap      ] GC(139) ParNew: 68253K->127K(76672K)
[2020-09-11T15:11:14.014+0000][1][gc,heap      ] GC(139) CMS: 74315K->74319K(439104K)
[2020-09-11T15:11:14.014+0000][1][gc,metaspace ] GC(139) Metaspace: 91326K->91326K(1132544K)
[2020-09-11T15:11:14.014+0000][1][gc           ] GC(139) Pause Young (Allocation Failure) 139M->72M(503M) 4.372ms
[2020-09-11T15:11:14.014+0000][1][gc,cpu       ] GC(139) User=0.01s Sys=0.00s Real=0.00s
[2020-09-11T15:11:14.014+0000][1][safepoint    ] Safepoint "GenCollectForAllocation", Time since last: 737799308 ns, Reaching safepoint: 83651 ns, At safepoint: 4447040 ns, Total: 4530691 ns
[2020-09-11T15:11:28.016+0000][1][safepoint    ] Safepoint "Cleanup", Time since last: 14002624730 ns, Reaching safepoint: 124925 ns, At safepoint: 7482 ns, Total: 132407 ns
[2020-09-11T15:11:29.017+0000][1][safepoint    ] Safepoint "Cleanup", Time since last: 1000207692 ns, Reaching safepoint: 170548 ns, At safepoint: 19602 ns, Total: 190150 ns
[2020-09-11T15:11:30.017+0000][1][safepoint    ] Safepoint "Cleanup", Time since last: 1000285124 ns, Reaching safepoint: 95253 ns, At safepoint: 7243 ns, Total: 102496 ns
[2020-09-11T15:11:31.017+0000][1][safepoint    ] Safepoint "Cleanup", Time since last: 1000156505 ns, Reaching safepoint: 130607 ns, At safepoint: 8836 ns, Total: 139443 ns
[2020-09-11T15:11:32.018+0000][1][safepoint    ] Safepoint "Cleanup", Time since last: 1000237848 ns, Reaching safepoint: 89722 ns, At safepoint: 7107 ns, Total: 96829 ns
[2020-09-11T15:11:33.018+0000][1][safepoint    ] Safepoint "Cleanup", Time since last: 1000156966 ns, Reaching safepoint: 166780 ns, At safepoint: 18789 ns, Total: 185569 ns
[2020-09-11T15:11:34.019+0000][1][safepoint    ] Safepoint "Cleanup", Time since last: 1000243929 ns, Reaching safepoint: 167064 ns, At safepoint: 18512 ns, Total: 185576 ns
[2020-09-11T15:11:35.019+0000][1][safepoint    ] Safepoint "Cleanup", Time since last: 1000208011 ns, Reaching safepoint: 137683 ns, At safepoint: 8215 ns, Total: 145898 ns
[2020-09-11T15:11:36.019+0000][1][safepoint    ] Safepoint "Cleanup", Time since last: 1000148440 ns, Reaching safepoint: 156002 ns, At safepoint: 17530 ns, Total: 173532 ns
[2020-09-11T15:11:37.020+0000][1][safepoint    ] Safepoint "Cleanup", Time since last: 1000230628 ns, Reaching safepoint: 167223 ns, At safepoint: 18302 ns, Total: 185525 ns
[2020-09-11T15:11:38.020+0000][1][safepoint    ] Safepoint "Cleanup", Time since last: 1000193317 ns, Reaching safepoint: 165914 ns, At safepoint: 18198 ns, Total: 184112 ns
[2020-09-11T15:11:39.020+0000][1][safepoint    ] Safepoint "Cleanup", Time since last: 1000230773 ns, Reaching safepoint: 169562 ns, At safepoint: 18997 ns, Total: 188559 ns
[2020-09-11T15:11:40.021+0000][1][safepoint    ] Safepoint "Cleanup", Time since last: 1000189390 ns, Reaching safepoint: 167578 ns, At safepoint: 15960 ns, Total: 183538 ns
[2020-09-11T15:11:41.021+0000][1][safepoint    ] Safepoint "Cleanup", Time since last: 1000246402 ns, Reaching safepoint: 116760 ns, At safepoint: 7898 ns, Total: 124658 ns
[2020-09-11T15:11:42.022+0000][1][safepoint    ] Safepoint "Cleanup", Time since last: 1000179545 ns, Reaching safepoint: 163395 ns, At safepoint: 20333 ns, Total: 183728 ns
[2020-09-11T15:11:43.022+0000][1][safepoint    ] Safepoint "Cleanup", Time since last: 1000223885 ns, Reaching safepoint: 178496 ns, At safepoint: 19118 ns, Total: 197614 ns
[2020-09-11T15:11:44.022+0000][1][safepoint    ] Safepoint "Cleanup", Time since last: 1000231308 ns, Reaching safepoint: 121893 ns, At safepoint: 7418 ns, Total: 129311 ns
[2020-09-11T15:11:45.023+0000][1][safepoint    ] Safepoint "Cleanup", Time since last: 1000192018 ns, Reaching safepoint: 124870 ns, At safepoint: 7991 ns, Total: 132861 ns
[2020-09-11T15:11:46.023+0000][1][safepoint    ] Safepoint "Cleanup", Time since last: 1000187620 ns, Reaching safepoint: 113712 ns, At safepoint: 7532 ns, Total: 121244 ns
[2020-09-11T15:11:47.023+0000][1][safepoint    ] Safepoint "Cleanup", Time since last: 1000203640 ns, Reaching safepoint: 113664 ns, At safepoint: 8033 ns, Total: 121697 ns
[2020-09-11T15:11:48.024+0000][1][safepoint    ] Safepoint "Cleanup", Time since last: 1000203257 ns, Reaching safepoint: 156496 ns, At safepoint: 34817 ns, Total: 191313 ns
[2020-09-11T15:11:49.024+0000][1][safepoint    ] Safepoint "Cleanup", Time since last: 1000211077 ns, Reaching safepoint: 118316 ns, At safepoint: 8237 ns, Total: 126553 ns
[2020-09-11T15:11:50.024+0000][1][safepoint    ] Safepoint "Cleanup", Time since last: 1000186502 ns, Reaching safepoint: 166231 ns, At safepoint: 17894 ns, Total: 184125 ns
[2020-09-11T15:11:51.025+0000][1][safepoint    ] Safepoint "Cleanup", Time since last: 1000229275 ns, Reaching safepoint: 210817 ns, At safepoint: 18650 ns, Total: 229467 ns
[2020-09-11T15:11:52.025+0000][1][safepoint    ] Safepoint "Cleanup", Time since last: 1000245739 ns, Reaching safepoint: 158745 ns, At safepoint: 17015 ns, Total: 175760 ns
[2020-09-11T15:11:53.026+0000][1][safepoint    ] Safepoint "Cleanup", Time since last: 1000226493 ns, Reaching safepoint: 175963 ns, At safepoint: 18957 ns, Total: 194920 ns
[2020-09-11T15:11:54.026+0000][1][safepoint    ] Safepoint "Cleanup", Time since last: 1000204894 ns, Reaching safepoint: 166449 ns, At safepoint: 18442 ns, Total: 184891 ns
[2020-09-11T15:11:55.027+0000][1][safepoint    ] Safepoint "Cleanup", Time since last: 1000188507 ns, Reaching safepoint: 166990 ns, At safepoint: 18656 ns, Total: 185646 ns
[2020-09-11T15:11:56.027+0000][1][safepoint    ] Safepoint "Cleanup", Time since last: 1000234834 ns, Reaching safepoint: 111413 ns, At safepoint: 7200 ns, Total: 118613 ns
[2020-09-11T15:11:56.398+0000][1][gc,start     ] GC(140) Pause Young (Allocation Failure)
[2020-09-11T15:11:56.399+0000][1][gc,task      ] GC(140) Using 1 workers of 1 for evacuation
[2020-09-11T15:11:56.402+0000][1][gc,age       ] GC(140) Desired survivor size 4358144 bytes, new threshold 6 (max threshold 6)
[2020-09-11T15:11:56.402+0000][1][gc,age       ] GC(140) Age table with threshold 6 (max threshold 6)
[2020-09-11T15:11:56.402+0000][1][gc,age       ] GC(140) - age   1:      47672 bytes,      47672 total
[2020-09-11T15:11:56.402+0000][1][gc,age       ] GC(140) - age   2:       6832 bytes,      54504 total
[2020-09-11T15:11:56.402+0000][1][gc,age       ] GC(140) - age   3:       3904 bytes,      58408 total
[2020-09-11T15:11:56.403+0000][1][gc,age       ] GC(140) - age   4:       1888 bytes,      60296 total
[2020-09-11T15:11:56.403+0000][1][gc,age       ] GC(140) - age   5:       1488 bytes,      61784 total
[2020-09-11T15:11:56.403+0000][1][gc,age       ] GC(140) - age   6:       2856 bytes,      64640 total
[2020-09-11T15:11:56.403+0000][1][gc,heap      ] GC(140) ParNew: 68287K->82K(76672K)
[2020-09-11T15:11:56.403+0000][1][gc,heap      ] GC(140) CMS: 74319K->74323K(439104K)
[2020-09-11T15:11:56.403+0000][1][gc,metaspace ] GC(140) Metaspace: 91332K->91332K(1132544K)
[2020-09-11T15:11:56.403+0000][1][gc           ] GC(140) Pause Young (Allocation Failure) 139M->72M(503M) 4.114ms
[2020-09-11T15:11:56.403+0000][1][gc,cpu       ] GC(140) User=0.01s Sys=0.00s Real=0.00s
[2020-09-11T15:11:56.403+0000][1][safepoint    ] Safepoint "GenCollectForAllocation", Time since last: 371384716 ns, Reaching safepoint: 215132 ns, At safepoint: 4246594 ns, Total: 4461726 ns
[2020-09-11T15:11:57.403+0000][1][safepoint    ] Safepoint "Cleanup", Time since last: 1000187334 ns, Reaching safepoint: 155851 ns, At safepoint: 16936 ns, Total: 172787 ns
[2020-09-11T15:11:58.403+0000][1][safepoint    ] Safepoint "Cleanup", Time since last: 1000169180 ns, Reaching safepoint: 211476 ns, At safepoint: 17770 ns, Total: 229246 ns
[2020-09-11T15:11:59.404+0000][1][safepoint    ] Safepoint "Cleanup", Time since last: 1000265575 ns, Reaching safepoint: 122151 ns, At safepoint: 8753 ns, Total: 130904 ns
[2020-09-11T15:12:00.404+0000][1][safepoint    ] Safepoint "Cleanup", Time since last: 1000182481 ns, Reaching safepoint: 218512 ns, At safepoint: 21586 ns, Total: 240098 ns
[2020-09-11T15:12:01.405+0000][1][safepoint    ] Safepoint "Cleanup", Time since last: 1000252856 ns, Reaching safepoint: 111901 ns, At safepoint: 9831 ns, Total: 121732 ns
[2020-09-11T15:12:02.405+0000][1][safepoint    ] Safepoint "Cleanup", Time since last: 1000179760 ns, Reaching safepoint: 120434 ns, At safepoint: 7741 ns, Total: 128175 ns
[2020-09-11T15:12:03.405+0000][1][safepoint    ] Safepoint "Cleanup", Time since last: 1000143765 ns, Reaching safepoint: 193801 ns, At safepoint: 19041 ns, Total: 212842 ns
[2020-09-11T15:12:04.406+0000][1][safepoint    ] Safepoint "Cleanup", Time since last: 1000216064 ns, Reaching safepoint: 136328 ns, At safepoint: 7871 ns, Total: 144199 ns
[2020-09-11T15:12:05.406+0000][1][safepoint    ] Safepoint "Cleanup", Time since last: 1000198016 ns, Reaching safepoint: 175001 ns, At safepoint: 20487 ns, Total: 195488 ns
[2020-09-11T15:12:06.406+0000][1][safepoint    ] Safepoint "Cleanup", Time since last: 1000203936 ns, Reaching safepoint: 96078 ns, At safepoint: 7358 ns, Total: 103436 ns
[2020-09-11T15:12:07.407+0000][1][safepoint    ] Safepoint "Cleanup", Time since last: 1000160429 ns, Reaching safepoint: 129285 ns, At safepoint: 10091 ns, Total: 139376 ns
[2020-09-11T15:12:08.407+0000][1][safepoint    ] Safepoint "Cleanup", Time since last: 1000185500 ns, Reaching safepoint: 114262 ns, At safepoint: 8067 ns, Total: 122329 ns
[2020-09-11T15:12:09.407+0000][1][safepoint    ] Safepoint "Cleanup", Time since last: 1000257564 ns, Reaching safepoint: 101617 ns, At safepoint: 9110 ns, Total: 110727 ns
[2020-09-11T15:12:10.408+0000][1][safepoint    ] Safepoint "Cleanup", Time since last: 1000203011 ns, Reaching safepoint: 173217 ns, At safepoint: 18971 ns, Total: 192188 ns
[2020-09-11T15:12:11.408+0000][1][safepoint    ] Safepoint "Cleanup", Time since last: 1000289137 ns, Reaching safepoint: 176876 ns, At safepoint: 21439 ns, Total: 198315 ns
[2020-09-11T15:12:12.409+0000][1][safepoint    ] Safepoint "Cleanup", Time since last: 1000224601 ns, Reaching safepoint: 173435 ns, At safepoint: 19174 ns, Total: 192609 ns
[2020-09-11T15:12:13.409+0000][1][safepoint    ] Safepoint "Cleanup", Time since last: 1000197293 ns, Reaching safepoint: 190935 ns, At safepoint: 20477 ns, Total: 211412 ns
[2020-09-11T15:12:14.409+0000][1][safepoint    ] Safepoint "Cleanup", Time since last: 1000224650 ns, Reaching safepoint: 132244 ns, At safepoint: 6934 ns, Total: 139178 ns
[2020-09-11T15:12:15.410+0000][1][safepoint    ] Safepoint "Cleanup", Time since last: 1000230912 ns, Reaching safepoint: 98641 ns, At safepoint: 9820 ns, Total: 108461 ns
[2020-09-11T15:12:16.410+0000][1][safepoint    ] Safepoint "Cleanup", Time since last: 1000192917 ns, Reaching safepoint: 119255 ns, At safepoint: 7741 ns, Total: 126996 ns
[2020-09-11T15:12:17.410+0000][1][safepoint    ] Safepoint "Cleanup", Time since last: 1000198089 ns, Reaching safepoint: 171303 ns, At safepoint: 19384 ns, Total: 190687 ns
[2020-09-11T15:12:18.411+0000][1][safepoint    ] Safepoint "Cleanup", Time since last: 1000229529 ns, Reaching safepoint: 172600 ns, At safepoint: 19010 ns, Total: 191610 ns
[2020-09-11T15:12:19.411+0000][1][safepoint    ] Safepoint "Cleanup", Time since last: 1000192730 ns, Reaching safepoint: 188736 ns, At safepoint: 20815 ns, Total: 209551 ns
[2020-09-11T15:12:20.412+0000][1][safepoint    ] Safepoint "Cleanup", Time since last: 1000220226 ns, Reaching safepoint: 168774 ns, At safepoint: 19485 ns, Total: 188259 ns
[2020-09-11T15:12:21.412+0000][1][safepoint    ] Safepoint "Cleanup", Time since last: 1000185815 ns, Reaching safepoint: 173638 ns, At safepoint: 18186 ns, Total: 191824 ns
[2020-09-11T15:12:22.412+0000][1][safepoint    ] Safepoint "Cleanup", Time since last: 1000193817 ns, Reaching safepoint: 172423 ns, At safepoint: 18746 ns, Total: 191169 ns
[2020-09-11T15:12:23.413+0000][1][safepoint    ] Safepoint "Cleanup", Time since last: 1000221597 ns, Reaching safepoint: 120671 ns, At safepoint: 8864 ns, Total: 129535 ns
[2020-09-11T15:12:24.413+0000][1][safepoint    ] Safepoint "Cleanup", Time since last: 1000179686 ns, Reaching safepoint: 122899 ns, At safepoint: 8471 ns, Total: 131370 ns
[2020-09-11T15:12:25.413+0000][1][safepoint    ] Safepoint "Cleanup", Time since last: 1000178955 ns, Reaching safepoint: 121519 ns, At safepoint: 9461 ns, Total: 130980 ns
[2020-09-11T15:12:26.414+0000][1][safepoint    ] Safepoint "Cleanup", Time since last: 1000148483 ns, Reaching safepoint: 136330 ns, At safepoint: 7970 ns, Total: 144300 ns
[2020-09-11T15:12:27.414+0000][1][safepoint    ] Safepoint "Cleanup", Time since last: 1000200947 ns, Reaching safepoint: 169208 ns, At safepoint: 19124 ns, Total: 188332 ns
[2020-09-11T15:12:28.415+0000][1][safepoint    ] Safepoint "Cleanup", Time since last: 1000186438 ns, Reaching safepoint: 172910 ns, At safepoint: 18399 ns, Total: 191309 ns
[2020-09-11T15:12:29.415+0000][1][safepoint    ] Safepoint "Cleanup", Time since last: 1000235091 ns, Reaching safepoint: 194326 ns, At safepoint: 22054 ns, Total: 216380 ns
[2020-09-11T15:12:30.415+0000][1][safepoint    ] Safepoint "Cleanup", Time since last: 1000257027 ns, Reaching safepoint: 162603 ns, At safepoint: 46466 ns, Total: 209069 ns
[2020-09-11T15:12:31.416+0000][1][safepoint    ] Safepoint "Cleanup", Time since last: 1000241257 ns, Reaching safepoint: 115491 ns, At safepoint: 8571 ns, Total: 124062 ns
[2020-09-11T15:12:32.416+0000][1][safepoint    ] Safepoint "Cleanup", Time since last: 1000185291 ns, Reaching safepoint: 168760 ns, At safepoint: 18413 ns, Total: 187173 ns
[2020-09-11T15:12:33.417+0000][1][safepoint    ] Safepoint "Cleanup", Time since last: 1000229344 ns, Reaching safepoint: 183515 ns, At safepoint: 20273 ns, Total: 203788 ns
[2020-09-11T15:12:34.417+0000][1][safepoint    ] Safepoint "Cleanup", Time since last: 1000234383 ns, Reaching safepoint: 174453 ns, At safepoint: 19325 ns, Total: 193778 ns
[2020-09-11T15:12:35.417+0000][1][safepoint    ] Safepoint "Cleanup", Time since last: 1000233745 ns, Reaching safepoint: 141399 ns, At safepoint: 15061 ns, Total: 156460 ns
[2020-09-11T15:12:36.418+0000][1][safepoint    ] Safepoint "Cleanup", Time since last: 1000198943 ns, Reaching safepoint: 170655 ns, At safepoint: 19077 ns, Total: 189732 ns
[2020-09-11T15:12:37.418+0000][1][safepoint    ] Safepoint "Cleanup", Time since last: 1000230715 ns, Reaching safepoint: 165697 ns, At safepoint: 18566 ns, Total: 184263 ns
[2020-09-11T15:12:37.468+0000][1][gc,start     ] GC(141) Pause Young (Allocation Failure)
[2020-09-11T15:12:37.469+0000][1][gc,task      ] GC(141) Using 1 workers of 1 for evacuation
[2020-09-11T15:12:37.476+0000][1][gc,age       ] GC(141) Desired survivor size 4358144 bytes, new threshold 6 (max threshold 6)
[2020-09-11T15:12:37.476+0000][1][gc,age       ] GC(141) Age table with threshold 6 (max threshold 6)
[2020-09-11T15:12:37.476+0000][1][gc,age       ] GC(141) - age   1:      53480 bytes,      53480 total
[2020-09-11T15:12:37.476+0000][1][gc,age       ] GC(141) - age   2:       1360 bytes,      54840 total
[2020-09-11T15:12:37.476+0000][1][gc,age       ] GC(141) - age   3:       2744 bytes,      57584 total
[2020-09-11T15:12:37.476+0000][1][gc,age       ] GC(141) - age   4:       2664 bytes,      60248 total
[2020-09-11T15:12:37.476+0000][1][gc,age       ] GC(141) - age   5:       1888 bytes,      62136 total
[2020-09-11T15:12:37.476+0000][1][gc,age       ] GC(141) - age   6:       1488 bytes,      63624 total
[2020-09-11T15:12:37.476+0000][1][gc,heap      ] GC(141) ParNew: 68242K->115K(76672K)
[2020-09-11T15:12:37.476+0000][1][gc,heap      ] GC(141) CMS: 74323K->74326K(439104K)
[2020-09-11T15:12:37.476+0000][1][gc,metaspace ] GC(141) Metaspace: 91359K->91359K(1132544K)
[2020-09-11T15:12:37.476+0000][1][gc           ] GC(141) Pause Young (Allocation Failure) 139M->72M(503M) 7.866ms
[2020-09-11T15:12:37.476+0000][1][gc,cpu       ] GC(141) User=0.01s Sys=0.00s Real=0.01s
[2020-09-11T15:12:37.476+0000][1][safepoint    ] Safepoint "GenCollectForAllocation", Time since last: 49929895 ns, Reaching safepoint: 261176 ns, At safepoint: 7941993 ns, Total: 8203169 ns
[2020-09-11T15:12:38.480+0000][1][safepoint    ] Safepoint "Cleanup", Time since last: 1003425725 ns, Reaching safepoint: 145896 ns, At safepoint: 15079 ns, Total: 160975 ns
[2020-09-11T15:12:39.480+0000][1][safepoint    ] Safepoint "Cleanup", Time since last: 1000109317 ns, Reaching safepoint: 274279 ns, At safepoint: 44519 ns, Total: 318798 ns
[2020-09-11T15:12:40.481+0000][1][safepoint    ] Safepoint "Cleanup", Time since last: 1000162023 ns, Reaching safepoint: 129368 ns, At safepoint: 25743 ns, Total: 155111 ns
[2020-09-11T15:12:41.481+0000][1][safepoint    ] Safepoint "Cleanup", Time since last: 1000151216 ns, Reaching safepoint: 193303 ns, At safepoint: 46711 ns, Total: 240014 ns
[2020-09-11T15:12:42.481+0000][1][safepoint    ] Safepoint "Cleanup", Time since last: 1000166885 ns, Reaching safepoint: 196308 ns, At safepoint: 7472 ns, Total: 203780 ns
[2020-09-11T15:12:43.482+0000][1][safepoint    ] Safepoint "Cleanup", Time since last: 1000186636 ns, Reaching safepoint: 216554 ns, At safepoint: 19384 ns, Total: 235938 ns
[2020-09-11T15:12:44.482+0000][1][safepoint    ] Safepoint "Cleanup", Time since last: 1000208318 ns, Reaching safepoint: 117090 ns, At safepoint: 8345 ns, Total: 125435 ns
[2020-09-11T15:12:45.483+0000][1][safepoint    ] Safepoint "Cleanup", Time since last: 1000141107 ns, Reaching safepoint: 161571 ns, At safepoint: 15178 ns, Total: 176749 ns
[2020-09-11T15:12:46.483+0000][1][safepoint    ] Safepoint "Cleanup", Time since last: 1000211263 ns, Reaching safepoint: 160037 ns, At safepoint: 19328 ns, Total: 179365 ns
[2020-09-11T15:12:47.483+0000][1][safepoint    ] Safepoint "Cleanup", Time since last: 1000216559 ns, Reaching safepoint: 167288 ns, At safepoint: 18335 ns, Total: 185623 ns
[2020-09-11T15:12:48.484+0000][1][safepoint    ] Safepoint "Cleanup", Time since last: 1000269290 ns, Reaching safepoint: 157144 ns, At safepoint: 18776 ns, Total: 175920 ns
[2020-09-11T15:12:49.484+0000][1][safepoint    ] Safepoint "Cleanup", Time since last: 1000179556 ns, Reaching safepoint: 135729 ns, At safepoint: 7353 ns, Total: 143082 ns
[2020-09-11T15:12:50.486+0000][1][safepoint    ] Safepoint "Cleanup", Time since last: 1000327154 ns, Reaching safepoint: 1644664 ns, At safepoint: 8545 ns, Total: 1653209 ns
[2020-09-11T15:12:51.486+0000][1][safepoint    ] Safepoint "Cleanup", Time since last: 1000138422 ns, Reaching safepoint: 135282 ns, At safepoint: 7428 ns, Total: 142710 ns
[2020-09-11T15:12:52.487+0000][1][safepoint    ] Safepoint "Cleanup", Time since last: 1000245907 ns, Reaching safepoint: 113776 ns, At safepoint: 7449 ns, Total: 121225 ns
[2020-09-11T15:12:53.615+0000][1][safepoint    ] Safepoint "Cleanup", Time since last: 1127787016 ns, Reaching safepoint: 147219 ns, At safepoint: 6917 ns, Total: 154136 ns
[2020-09-11T15:12:54.615+0000][1][safepoint    ] Safepoint "Cleanup", Time since last: 1000117576 ns, Reaching safepoint: 83831 ns, At safepoint: 7809 ns, Total: 91640 ns
[2020-09-11T15:12:55.615+0000][1][safepoint    ] Safepoint "Cleanup", Time since last: 1000176762 ns, Reaching safepoint: 115982 ns, At safepoint: 7185 ns, Total: 123167 ns
[2020-09-11T15:12:56.615+0000][1][safepoint    ] Safepoint "Cleanup", Time since last: 1000175012 ns, Reaching safepoint: 112748 ns, At safepoint: 6709 ns, Total: 119457 ns
[2020-09-11T15:12:57.616+0000][1][safepoint    ] Safepoint "Cleanup", Time since last: 1000146783 ns, Reaching safepoint: 161354 ns, At safepoint: 19591 ns, Total: 180945 ns
[2020-09-11T15:12:58.616+0000][1][safepoint    ] Safepoint "Cleanup", Time since last: 1000214288 ns, Reaching safepoint: 153636 ns, At safepoint: 17978 ns, Total: 171614 ns
[2020-09-11T15:12:59.617+0000][1][safepoint    ] Safepoint "Cleanup", Time since last: 1000222319 ns, Reaching safepoint: 158430 ns, At safepoint: 18048 ns, Total: 176478 ns
[2020-09-11T15:13:00.617+0000][1][safepoint    ] Safepoint "Cleanup", Time since last: 1000223727 ns, Reaching safepoint: 157154 ns, At safepoint: 17934 ns, Total: 175088 ns
[2020-09-11T15:13:01.617+0000][1][safepoint    ] Safepoint "Cleanup", Time since last: 1000214796 ns, Reaching safepoint: 108815 ns, At safepoint: 6551 ns, Total: 115366 ns
[2020-09-11T15:13:02.618+0000][1][safepoint    ] Safepoint "Cleanup", Time since last: 1000119771 ns, Reaching safepoint: 81216 ns, At safepoint: 7286 ns, Total: 88502 ns
[2020-09-11T15:13:03.618+0000][1][safepoint    ] Safepoint "Cleanup", Time since last: 1000185782 ns, Reaching safepoint: 101724 ns, At safepoint: 6635 ns, Total: 108359 ns
[2020-09-11T15:13:04.618+0000][1][safepoint    ] Safepoint "Cleanup", Time since last: 1000137534 ns, Reaching safepoint: 98097 ns, At safepoint: 6808 ns, Total: 104905 ns
[2020-09-11T15:13:05.618+0000][1][safepoint    ] Safepoint "Cleanup", Time since last: 1000182669 ns, Reaching safepoint: 162159 ns, At safepoint: 17721 ns, Total: 179880 ns
[2020-09-11T15:13:06.619+0000][1][safepoint    ] Safepoint "Cleanup", Time since last: 1000234336 ns, Reaching safepoint: 155354 ns, At safepoint: 17426 ns, Total: 172780 ns
[2020-09-11T15:13:07.619+0000][1][safepoint    ] Safepoint "Cleanup", Time since last: 1000253744 ns, Reaching safepoint: 147429 ns, At safepoint: 16992 ns, Total: 164421 ns
[2020-09-11T15:13:08.620+0000][1][safepoint    ] Safepoint "Cleanup", Time since last: 1000249261 ns, Reaching safepoint: 90887 ns, At safepoint: 7320 ns, Total: 98207 ns
[2020-09-11T15:13:09.620+0000][1][safepoint    ] Safepoint "Cleanup", Time since last: 1000175367 ns, Reaching safepoint: 109014 ns, At safepoint: 7478 ns, Total: 116492 ns
[2020-09-11T15:13:10.620+0000][1][safepoint    ] Safepoint "Cleanup", Time since last: 1000172684 ns, Reaching safepoint: 122839 ns, At safepoint: 7716 ns, Total: 130555 ns
[2020-09-11T15:13:11.620+0000][1][safepoint    ] Safepoint "Cleanup", Time since last: 1000195415 ns, Reaching safepoint: 118417 ns, At safepoint: 7962 ns, Total: 126379 ns
[2020-09-11T15:13:12.621+0000][1][safepoint    ] Safepoint "Cleanup", Time since last: 1000115687 ns, Reaching safepoint: 77136 ns, At safepoint: 6440 ns, Total: 83576 ns
[2020-09-11T15:13:13.621+0000][1][safepoint    ] Safepoint "Cleanup", Time since last: 1000180987 ns, Reaching safepoint: 163375 ns, At safepoint: 19344 ns, Total: 182719 ns
[2020-09-11T15:13:14.621+0000][1][safepoint    ] Safepoint "Cleanup", Time since last: 1000188713 ns, Reaching safepoint: 160328 ns, At safepoint: 18412 ns, Total: 178740 ns
[2020-09-11T15:13:15.622+0000][1][safepoint    ] Safepoint "Cleanup", Time since last: 1000254722 ns, Reaching safepoint: 169850 ns, At safepoint: 20400 ns, Total: 190250 ns
[2020-09-11T15:13:16.622+0000][1][safepoint    ] Safepoint "Cleanup", Time since last: 1000208139 ns, Reaching safepoint: 153222 ns, At safepoint: 18259 ns, Total: 171481 ns
[2020-09-11T15:13:17.540+0000][1][gc,start     ] GC(142) Pause Young (Allocation Failure)
[2020-09-11T15:13:17.540+0000][1][gc,task      ] GC(142) Using 1 workers of 1 for evacuation
[2020-09-11T15:13:17.544+0000][1][gc,age       ] GC(142) Desired survivor size 4358144 bytes, new threshold 6 (max threshold 6)
[2020-09-11T15:13:17.544+0000][1][gc,age       ] GC(142) Age table with threshold 6 (max threshold 6)
[2020-09-11T15:13:17.544+0000][1][gc,age       ] GC(142) - age   1:      51832 bytes,      51832 total
[2020-09-11T15:13:17.544+0000][1][gc,age       ] GC(142) - age   2:       5400 bytes,      57232 total
[2020-09-11T15:13:17.544+0000][1][gc,age       ] GC(142) - age   3:        120 bytes,      57352 total
[2020-09-11T15:13:17.544+0000][1][gc,age       ] GC(142) - age   4:       1504 bytes,      58856 total
[2020-09-11T15:13:17.544+0000][1][gc,age       ] GC(142) - age   5:       2544 bytes,      61400 total
[2020-09-11T15:13:17.544+0000][1][gc,age       ] GC(142) - age   6:       1888 bytes,      63288 total
[2020-09-11T15:13:17.544+0000][1][gc,heap      ] GC(142) ParNew: 68275K->75K(76672K)
[2020-09-11T15:13:17.544+0000][1][gc,heap      ] GC(142) CMS: 74326K->74327K(439104K)
[2020-09-11T15:13:17.544+0000][1][gc,metaspace ] GC(142) Metaspace: 91368K->91368K(1132544K)
[2020-09-11T15:13:17.544+0000][1][gc           ] GC(142) Pause Young (Allocation Failure) 139M->72M(503M) 4.058ms
[2020-09-11T15:13:17.544+0000][1][gc,cpu       ] GC(142) User=0.01s Sys=0.00s Real=0.01s
[2020-09-11T15:13:17.544+0000][1][safepoint    ] Safepoint "GenCollectForAllocation", Time since last: 917126975 ns, Reaching safepoint: 221356 ns, At safepoint: 4119398 ns, Total: 4340754 ns
[2020-09-11T15:13:18.546+0000][1][safepoint    ] Safepoint "Cleanup", Time since last: 1001707851 ns, Reaching safepoint: 265095 ns, At safepoint: 45187 ns, Total: 310282 ns
[2020-09-11T15:13:19.546+0000][1][safepoint    ] Safepoint "Cleanup", Time since last: 1000180446 ns, Reaching safepoint: 121286 ns, At safepoint: 14376 ns, Total: 135662 ns
[2020-09-11T15:13:20.546+0000][1][safepoint    ] Safepoint "Cleanup", Time since last: 1000142500 ns, Reaching safepoint: 168914 ns, At safepoint: 22395 ns, Total: 191309 ns
[2020-09-11T15:13:21.547+0000][1][safepoint    ] Safepoint "Cleanup", Time since last: 1000171241 ns, Reaching safepoint: 171377 ns, At safepoint: 13611 ns, Total: 184988 ns
[2020-09-11T15:13:22.547+0000][1][safepoint    ] Safepoint "Cleanup", Time since last: 1000181966 ns, Reaching safepoint: 84572 ns, At safepoint: 7018 ns, Total: 91590 ns
[2020-09-11T15:13:23.547+0000][1][safepoint    ] Safepoint "Cleanup", Time since last: 1000185701 ns, Reaching safepoint: 125262 ns, At safepoint: 6517 ns, Total: 131779 ns
[2020-09-11T15:13:24.548+0000][1][safepoint    ] Safepoint "Cleanup", Time since last: 1000175360 ns, Reaching safepoint: 166759 ns, At safepoint: 19284 ns, Total: 186043 ns
[2020-09-11T15:13:25.548+0000][1][safepoint    ] Safepoint "Cleanup", Time since last: 1000240299 ns, Reaching safepoint: 114790 ns, At safepoint: 7128 ns, Total: 121918 ns
[2020-09-11T15:13:26.548+0000][1][safepoint    ] Safepoint "Cleanup", Time since last: 1000170263 ns, Reaching safepoint: 166549 ns, At safepoint: 18737 ns, Total: 185286 ns
[2020-09-11T15:13:27.549+0000][1][safepoint    ] Safepoint "Cleanup", Time since last: 1000244721 ns, Reaching safepoint: 163355 ns, At safepoint: 17857 ns, Total: 181212 ns
[2020-09-11T15:13:28.549+0000][1][safepoint    ] Safepoint "Cleanup", Time since last: 1000242520 ns, Reaching safepoint: 162974 ns, At safepoint: 18550 ns, Total: 181524 ns
[2020-09-11T15:13:29.550+0000][1][safepoint    ] Safepoint "Cleanup", Time since last: 1000213899 ns, Reaching safepoint: 167735 ns, At safepoint: 18459 ns, Total: 186194 ns
[2020-09-11T15:13:30.550+0000][1][safepoint    ] Safepoint "Cleanup", Time since last: 1000181160 ns, Reaching safepoint: 160943 ns, At safepoint: 16344 ns, Total: 177287 ns
[2020-09-11T15:13:31.550+0000][1][safepoint    ] Safepoint "Cleanup", Time since last: 1000230568 ns, Reaching safepoint: 118168 ns, At safepoint: 7434 ns, Total: 125602 ns
[2020-09-11T15:13:32.551+0000][1][safepoint    ] Safepoint "Cleanup", Time since last: 1000169913 ns, Reaching safepoint: 164310 ns, At safepoint: 18603 ns, Total: 182913 ns
[2020-09-11T15:13:33.646+0000][1][safepoint    ] Safepoint "Cleanup", Time since last: 1095347523 ns, Reaching safepoint: 120781 ns, At safepoint: 7080 ns, Total: 127861 ns
[2020-09-11T15:13:34.647+0000][1][safepoint    ] Safepoint "Cleanup", Time since last: 1000191887 ns, Reaching safepoint: 157842 ns, At safepoint: 18553 ns, Total: 176395 ns
[2020-09-11T15:13:35.647+0000][1][safepoint    ] Safepoint "Cleanup", Time since last: 1000269353 ns, Reaching safepoint: 93692 ns, At safepoint: 7397 ns, Total: 101089 ns
[2020-09-11T15:13:36.647+0000][1][safepoint    ] Safepoint "Cleanup", Time since last: 1000161916 ns, Reaching safepoint: 112660 ns, At safepoint: 7307 ns, Total: 119967 ns
[2020-09-11T15:13:37.648+0000][1][safepoint    ] Safepoint "Cleanup", Time since last: 1000199984 ns, Reaching safepoint: 92401 ns, At safepoint: 7434 ns, Total: 99835 ns
[2020-09-11T15:13:38.648+0000][1][safepoint    ] Safepoint "Cleanup", Time since last: 1000255828 ns, Reaching safepoint: 181680 ns, At safepoint: 20902 ns, Total: 202582 ns
[2020-09-11T15:13:39.648+0000][1][safepoint    ] Safepoint "Cleanup", Time since last: 1000231636 ns, Reaching safepoint: 109044 ns, At safepoint: 7152 ns, Total: 116196 ns
[2020-09-11T15:13:40.649+0000][1][safepoint    ] Safepoint "Cleanup", Time since last: 1000199630 ns, Reaching safepoint: 105216 ns, At safepoint: 7387 ns, Total: 112603 ns
[2020-09-11T15:13:41.649+0000][1][safepoint    ] Safepoint "Cleanup", Time since last: 1000168232 ns, Reaching safepoint: 121748 ns, At safepoint: 6806 ns, Total: 128554 ns
[2020-09-11T15:13:42.649+0000][1][safepoint    ] Safepoint "Cleanup", Time since last: 1000112158 ns, Reaching safepoint: 82577 ns, At safepoint: 6351 ns, Total: 88928 ns
[2020-09-11T15:13:43.649+0000][1][safepoint    ] Safepoint "Cleanup", Time since last: 1000179747 ns, Reaching safepoint: 115610 ns, At safepoint: 7560 ns, Total: 123170 ns
[2020-09-11T15:13:44.650+0000][1][safepoint    ] Safepoint "Cleanup", Time since last: 1000190557 ns, Reaching safepoint: 197721 ns, At safepoint: 19738 ns, Total: 217459 ns
[2020-09-11T15:13:45.650+0000][1][safepoint    ] Safepoint "Cleanup", Time since last: 1000225715 ns, Reaching safepoint: 154183 ns, At safepoint: 17240 ns, Total: 171423 ns
[2020-09-11T15:13:46.651+0000][1][safepoint    ] Safepoint "Cleanup", Time since last: 1000260607 ns, Reaching safepoint: 102543 ns, At safepoint: 7526 ns, Total: 110069 ns
[2020-09-11T15:13:47.651+0000][1][safepoint    ] Safepoint "Cleanup", Time since last: 1000189742 ns, Reaching safepoint: 150930 ns, At safepoint: 17681 ns, Total: 168611 ns
[2020-09-11T15:13:48.651+0000][1][safepoint    ] Safepoint "Cleanup", Time since last: 1000209024 ns, Reaching safepoint: 117930 ns, At safepoint: 9359 ns, Total: 127289 ns
[2020-09-11T15:13:49.652+0000][1][safepoint    ] Safepoint "Cleanup", Time since last: 1000174976 ns, Reaching safepoint: 107792 ns, At safepoint: 7387 ns, Total: 115179 ns
[2020-09-11T15:13:50.652+0000][1][safepoint    ] Safepoint "Cleanup", Time since last: 1000181392 ns, Reaching safepoint: 149764 ns, At safepoint: 17697 ns, Total: 167461 ns
[2020-09-11T15:13:51.652+0000][1][safepoint    ] Safepoint "Cleanup", Time since last: 1000197299 ns, Reaching safepoint: 164063 ns, At safepoint: 18406 ns, Total: 182469 ns
[2020-09-11T15:13:52.653+0000][1][safepoint    ] Safepoint "Cleanup", Time since last: 1000153119 ns, Reaching safepoint: 90172 ns, At safepoint: 7418 ns, Total: 97590 ns
[2020-09-11T15:13:53.653+0000][1][safepoint    ] Safepoint "Cleanup", Time since last: 1000167573 ns, Reaching safepoint: 176972 ns, At safepoint: 17601 ns, Total: 194573 ns
[2020-09-11T15:13:54.653+0000][1][safepoint    ] Safepoint "Cleanup", Time since last: 1000216940 ns, Reaching safepoint: 157298 ns, At safepoint: 17741 ns, Total: 175039 ns
[2020-09-11T15:13:55.654+0000][1][safepoint    ] Safepoint "Cleanup", Time since last: 1000242308 ns, Reaching safepoint: 109266 ns, At safepoint: 6526 ns, Total: 115792 ns
[2020-09-11T15:13:56.654+0000][1][safepoint    ] Safepoint "Cleanup", Time since last: 1000146015 ns, Reaching safepoint: 116672 ns, At safepoint: 7337 ns, Total: 124009 ns
[2020-09-11T15:13:57.654+0000][1][safepoint    ] Safepoint "Cleanup", Time since last: 1000134056 ns, Reaching safepoint: 147589 ns, At safepoint: 16224 ns, Total: 163813 ns
[2020-09-11T15:13:57.754+0000][1][gc,start     ] GC(143) Pause Young (Allocation Failure)
[2020-09-11T15:13:57.754+0000][1][gc,task      ] GC(143) Using 1 workers of 1 for evacuation
[2020-09-11T15:13:57.758+0000][1][gc,age       ] GC(143) Desired survivor size 4358144 bytes, new threshold 6 (max threshold 6)
[2020-09-11T15:13:57.758+0000][1][gc,age       ] GC(143) Age table with threshold 6 (max threshold 6)
[2020-09-11T15:13:57.758+0000][1][gc,age       ] GC(143) - age   1:      59944 bytes,      59944 total
[2020-09-11T15:13:57.758+0000][1][gc,age       ] GC(143) - age   2:       4136 bytes,      64080 total
[2020-09-11T15:13:57.758+0000][1][gc,age       ] GC(143) - age   3:       1456 bytes,      65536 total
[2020-09-11T15:13:57.758+0000][1][gc,age       ] GC(143) - age   4:        120 bytes,      65656 total
[2020-09-11T15:13:57.758+0000][1][gc,age       ] GC(143) - age   5:        264 bytes,      65920 total
[2020-09-11T15:13:57.758+0000][1][gc,age       ] GC(143) - age   6:         64 bytes,      65984 total
[2020-09-11T15:13:57.758+0000][1][gc,heap      ] GC(143) ParNew: 68235K->111K(76672K)
[2020-09-11T15:13:57.758+0000][1][gc,heap      ] GC(143) CMS: 74327K->74329K(439104K)
[2020-09-11T15:13:57.758+0000][1][gc,metaspace ] GC(143) Metaspace: 91381K->91381K(1132544K)
[2020-09-11T15:13:57.758+0000][1][gc           ] GC(143) Pause Young (Allocation Failure) 139M->72M(503M) 4.466ms
[2020-09-11T15:13:57.758+0000][1][gc,cpu       ] GC(143) User=0.00s Sys=0.00s Real=0.01s
[2020-09-11T15:13:57.758+0000][1][safepoint    ] Safepoint "GenCollectForAllocation", Time since last: 99156668 ns, Reaching safepoint: 80909 ns, At safepoint: 4530965 ns, Total: 4611874 ns
[2020-09-11T15:13:58.759+0000][1][safepoint    ] Safepoint "Cleanup", Time since last: 1000531291 ns, Reaching safepoint: 109211 ns, At safepoint: 20146 ns, Total: 129357 ns
[2020-09-11T15:13:59.759+0000][1][safepoint    ] Safepoint "Cleanup", Time since last: 1000151642 ns, Reaching safepoint: 157247 ns, At safepoint: 42391 ns, Total: 199638 ns
[2020-09-11T15:14:00.759+0000][1][safepoint    ] Safepoint "Cleanup", Time since last: 1000180742 ns, Reaching safepoint: 188008 ns, At safepoint: 16371 ns, Total: 204379 ns
[2020-09-11T15:14:01.760+0000][1][safepoint    ] Safepoint "Cleanup", Time since last: 1000215023 ns, Reaching safepoint: 115106 ns, At safepoint: 7095 ns, Total: 122201 ns
[2020-09-11T15:14:02.760+0000][1][safepoint    ] Safepoint "Cleanup", Time since last: 1000178541 ns, Reaching safepoint: 161441 ns, At safepoint: 18883 ns, Total: 180324 ns
[2020-09-11T15:14:03.760+0000][1][safepoint    ] Safepoint "Cleanup", Time since last: 1000177533 ns, Reaching safepoint: 125464 ns, At safepoint: 5602 ns, Total: 131066 ns
[2020-09-11T15:14:04.761+0000][1][safepoint    ] Safepoint "Cleanup", Time since last: 1000123792 ns, Reaching safepoint: 128124 ns, At safepoint: 7127 ns, Total: 135251 ns
[2020-09-11T15:14:05.761+0000][1][safepoint    ] Safepoint "Cleanup", Time since last: 1000175841 ns, Reaching safepoint: 155126 ns, At safepoint: 17006 ns, Total: 172132 ns
[2020-09-11T15:14:06.761+0000][1][safepoint    ] Safepoint "Cleanup", Time since last: 1000229752 ns, Reaching safepoint: 156603 ns, At safepoint: 18292 ns, Total: 174895 ns
[2020-09-11T15:14:07.762+0000][1][safepoint    ] Safepoint "Cleanup", Time since last: 1000220542 ns, Reaching safepoint: 105197 ns, At safepoint: 6448 ns, Total: 111645 ns
[2020-09-11T15:14:08.762+0000][1][safepoint    ] Safepoint "Cleanup", Time since last: 1000191592 ns, Reaching safepoint: 161107 ns, At safepoint: 18408 ns, Total: 179515 ns
[2020-09-11T15:14:09.762+0000][1][safepoint    ] Safepoint "Cleanup", Time since last: 1000206269 ns, Reaching safepoint: 121582 ns, At safepoint: 7397 ns, Total: 128979 ns
[2020-09-11T15:14:10.763+0000][1][safepoint    ] Safepoint "Cleanup", Time since last: 1000175617 ns, Reaching safepoint: 111729 ns, At safepoint: 7295 ns, Total: 119024 ns
[2020-09-11T15:14:11.763+0000][1][safepoint    ] Safepoint "Cleanup", Time since last: 1000253376 ns, Reaching safepoint: 157017 ns, At safepoint: 18505 ns, Total: 175522 ns
[2020-09-11T15:14:12.764+0000][1][safepoint    ] Safepoint "Cleanup", Time since last: 1000245223 ns, Reaching safepoint: 154117 ns, At safepoint: 18826 ns, Total: 172943 ns
[2020-09-11T15:14:13.764+0000][1][safepoint    ] Safepoint "Cleanup", Time since last: 1000214369 ns, Reaching safepoint: 113100 ns, At safepoint: 7155 ns, Total: 120255 ns
[2020-09-11T15:14:14.764+0000][1][safepoint    ] Safepoint "Cleanup", Time since last: 1000163715 ns, Reaching safepoint: 157327 ns, At safepoint: 18643 ns, Total: 175970 ns
[2020-09-11T15:14:15.765+0000][1][safepoint    ] Safepoint "Cleanup", Time since last: 1000214804 ns, Reaching safepoint: 152510 ns, At safepoint: 17470 ns, Total: 169980 ns
[2020-09-11T15:14:16.765+0000][1][safepoint    ] Safepoint "Cleanup", Time since last: 1000186708 ns, Reaching safepoint: 112696 ns, At safepoint: 8152 ns, Total: 120848 ns
[2020-09-11T15:14:17.765+0000][1][safepoint    ] Safepoint "Cleanup", Time since last: 1000175881 ns, Reaching safepoint: 173712 ns, At safepoint: 14416 ns, Total: 188128 ns
[2020-09-11T15:14:18.766+0000][1][safepoint    ] Safepoint "Cleanup", Time since last: 1000188413 ns, Reaching safepoint: 129751 ns, At safepoint: 9098 ns, Total: 138849 ns
[2020-09-11T15:14:19.766+0000][1][safepoint    ] Safepoint "Cleanup", Time since last: 1000188974 ns, Reaching safepoint: 158667 ns, At safepoint: 17534 ns, Total: 176201 ns
[2020-09-11T15:14:20.766+0000][1][safepoint    ] Safepoint "Cleanup", Time since last: 1000190151 ns, Reaching safepoint: 153759 ns, At safepoint: 18673 ns, Total: 172432 ns
[2020-09-11T15:14:21.767+0000][1][safepoint    ] Safepoint "Cleanup", Time since last: 1000182931 ns, Reaching safepoint: 155948 ns, At safepoint: 18338 ns, Total: 174286 ns
[2020-09-11T15:14:22.767+0000][1][safepoint    ] Safepoint "Cleanup", Time since last: 1000190377 ns, Reaching safepoint: 110634 ns, At safepoint: 7260 ns, Total: 117894 ns
[2020-09-11T15:14:23.767+0000][1][safepoint    ] Safepoint "Cleanup", Time since last: 1000131868 ns, Reaching safepoint: 135868 ns, At safepoint: 7108 ns, Total: 142976 ns
[2020-09-11T15:14:24.768+0000][1][safepoint    ] Safepoint "Cleanup", Time since last: 1000101209 ns, Reaching safepoint: 150018 ns, At safepoint: 7612 ns, Total: 157630 ns
[2020-09-11T15:14:25.768+0000][1][safepoint    ] Safepoint "Cleanup", Time since last: 1000139937 ns, Reaching safepoint: 121635 ns, At safepoint: 6656 ns, Total: 128291 ns
[2020-09-11T15:14:26.768+0000][1][safepoint    ] Safepoint "Cleanup", Time since last: 1000173191 ns, Reaching safepoint: 156556 ns, At safepoint: 32969 ns, Total: 189525 ns
[2020-09-11T15:14:27.769+0000][1][safepoint    ] Safepoint "Cleanup", Time since last: 1000308491 ns, Reaching safepoint: 899044 ns, At safepoint: 13365 ns, Total: 912409 ns
[2020-09-11T15:14:28.784+0000][1][safepoint    ] Safepoint "Cleanup", Time since last: 1014082750 ns, Reaching safepoint: 156396 ns, At safepoint: 17934 ns, Total: 174330 ns
[2020-09-11T15:14:29.784+0000][1][safepoint    ] Safepoint "Cleanup", Time since last: 1000214961 ns, Reaching safepoint: 159011 ns, At safepoint: 17133 ns, Total: 176144 ns
[2020-09-11T15:14:30.785+0000][1][safepoint    ] Safepoint "Cleanup", Time since last: 1000232220 ns, Reaching safepoint: 166974 ns, At safepoint: 19538 ns, Total: 186512 ns
[2020-09-11T15:14:31.785+0000][1][safepoint    ] Safepoint "Cleanup", Time since last: 1000184698 ns, Reaching safepoint: 124553 ns, At safepoint: 7093 ns, Total: 131646 ns
[2020-09-11T15:14:32.785+0000][1][safepoint    ] Safepoint "Cleanup", Time since last: 1000136445 ns, Reaching safepoint: 169078 ns, At safepoint: 18886 ns, Total: 187964 ns
[2020-09-11T15:14:33.786+0000][1][safepoint    ] Safepoint "Cleanup", Time since last: 1000276469 ns, Reaching safepoint: 138813 ns, At safepoint: 7894 ns, Total: 146707 ns
[2020-09-11T15:14:34.786+0000][1][safepoint    ] Safepoint "Cleanup", Time since last: 1000174504 ns, Reaching safepoint: 114606 ns, At safepoint: 7514 ns, Total: 122120 ns
[2020-09-11T15:14:35.786+0000][1][safepoint    ] Safepoint "Cleanup", Time since last: 1000173252 ns, Reaching safepoint: 105730 ns, At safepoint: 6391 ns, Total: 112121 ns
[2020-09-11T15:14:36.786+0000][1][safepoint    ] Safepoint "Cleanup", Time since last: 1000164449 ns, Reaching safepoint: 114552 ns, At safepoint: 8238 ns, Total: 122790 ns
[2020-09-11T15:14:37.787+0000][1][safepoint    ] Safepoint "Cleanup", Time since last: 1000183969 ns, Reaching safepoint: 148651 ns, At safepoint: 17143 ns, Total: 165794 ns
[2020-09-11T15:14:38.787+0000][1][safepoint    ] Safepoint "Cleanup", Time since last: 1000214805 ns, Reaching safepoint: 159055 ns, At safepoint: 18255 ns, Total: 177310 ns
[2020-09-11T15:14:39.788+0000][1][safepoint    ] Safepoint "Cleanup", Time since last: 1000240616 ns, Reaching safepoint: 162092 ns, At safepoint: 16147 ns, Total: 178239 ns
[2020-09-11T15:14:40.649+0000][1][gc,start     ] GC(144) Pause Young (Allocation Failure)
[2020-09-11T15:14:40.649+0000][1][gc,task      ] GC(144) Using 1 workers of 1 for evacuation
[2020-09-11T15:14:40.658+0000][1][gc,age       ] GC(144) Desired survivor size 4358144 bytes, new threshold 6 (max threshold 6)
[2020-09-11T15:14:40.658+0000][1][gc,age       ] GC(144) Age table with threshold 6 (max threshold 6)
[2020-09-11T15:14:40.658+0000][1][gc,age       ] GC(144) - age   1:      50544 bytes,      50544 total
[2020-09-11T15:14:40.658+0000][1][gc,age       ] GC(144) - age   2:       5704 bytes,      56248 total
[2020-09-11T15:14:40.658+0000][1][gc,age       ] GC(144) - age   3:       3848 bytes,      60096 total
[2020-09-11T15:14:40.658+0000][1][gc,age       ] GC(144) - age   4:       1456 bytes,      61552 total
[2020-09-11T15:14:40.658+0000][1][gc,age       ] GC(144) - age   5:        120 bytes,      61672 total
[2020-09-11T15:14:40.658+0000][1][gc,age       ] GC(144) - age   6:        264 bytes,      61936 total
[2020-09-11T15:14:40.658+0000][1][gc,heap      ] GC(144) ParNew: 68271K->76K(76672K)
[2020-09-11T15:14:40.658+0000][1][gc,heap      ] GC(144) CMS: 74329K->74329K(439104K)
[2020-09-11T15:14:40.658+0000][1][gc,metaspace ] GC(144) Metaspace: 91390K->91390K(1132544K)
[2020-09-11T15:14:40.658+0000][1][gc           ] GC(144) Pause Young (Allocation Failure) 139M->72M(503M) 9.229ms
[2020-09-11T15:14:40.658+0000][1][gc,cpu       ] GC(144) User=0.01s Sys=0.00s Real=0.01s
[2020-09-11T15:14:40.658+0000][1][safepoint    ] Safepoint "GenCollectForAllocation", Time since last: 861035093 ns, Reaching safepoint: 261640 ns, At safepoint: 9457673 ns, Total: 9719313 ns
[2020-09-11T15:14:41.659+0000][1][safepoint    ] Safepoint "Cleanup", Time since last: 1000409095 ns, Reaching safepoint: 75335 ns, At safepoint: 16666 ns, Total: 92001 ns
[2020-09-11T15:14:42.659+0000][1][safepoint    ] Safepoint "Cleanup", Time since last: 1000102911 ns, Reaching safepoint: 78853 ns, At safepoint: 5039 ns, Total: 83892 ns
[2020-09-11T15:14:43.660+0000][1][safepoint    ] Safepoint "Cleanup", Time since last: 1000142490 ns, Reaching safepoint: 280768 ns, At safepoint: 16865 ns, Total: 297633 ns
[2020-09-11T15:14:44.660+0000][1][safepoint    ] Safepoint "Cleanup", Time since last: 1000176503 ns, Reaching safepoint: 190340 ns, At safepoint: 27353 ns, Total: 217693 ns
[2020-09-11T15:14:45.660+0000][1][safepoint    ] Safepoint "Cleanup", Time since last: 1000193174 ns, Reaching safepoint: 165871 ns, At safepoint: 14319 ns, Total: 180190 ns
[2020-09-11T15:14:46.661+0000][1][safepoint    ] Safepoint "Cleanup", Time since last: 1000156281 ns, Reaching safepoint: 162460 ns, At safepoint: 12963 ns, Total: 175423 ns
[2020-09-11T15:14:47.661+0000][1][safepoint    ] Safepoint "Cleanup", Time since last: 1000127063 ns, Reaching safepoint: 193206 ns, At safepoint: 7108 ns, Total: 200314 ns
[2020-09-11T15:14:48.661+0000][1][safepoint    ] Safepoint "Cleanup", Time since last: 1000101235 ns, Reaching safepoint: 197073 ns, At safepoint: 6591 ns, Total: 203664 ns
[2020-09-11T15:15:06.664+0000][1][safepoint    ] Safepoint "Cleanup", Time since last: 18002419208 ns, Reaching safepoint: 110229 ns, At safepoint: 7351 ns, Total: 117580 ns
[2020-09-11T15:15:22.581+0000][1][gc,start     ] GC(145) Pause Young (Allocation Failure)
[2020-09-11T15:15:22.581+0000][1][gc,task      ] GC(145) Using 1 workers of 1 for evacuation
[2020-09-11T15:15:22.585+0000][1][gc,age       ] GC(145) Desired survivor size 4358144 bytes, new threshold 6 (max threshold 6)
[2020-09-11T15:15:22.585+0000][1][gc,age       ] GC(145) Age table with threshold 6 (max threshold 6)
[2020-09-11T15:15:22.585+0000][1][gc,age       ] GC(145) - age   1:      48112 bytes,      48112 total
[2020-09-11T15:15:22.585+0000][1][gc,age       ] GC(145) - age   2:       7536 bytes,      55648 total
[2020-09-11T15:15:22.585+0000][1][gc,age       ] GC(145) - age   3:       1984 bytes,      57632 total
[2020-09-11T15:15:22.585+0000][1][gc,age       ] GC(145) - age   4:       2608 bytes,      60240 total
[2020-09-11T15:15:22.585+0000][1][gc,age       ] GC(145) - age   5:       1456 bytes,      61696 total
[2020-09-11T15:15:22.585+0000][1][gc,age       ] GC(145) - age   6:        120 bytes,      61816 total
[2020-09-11T15:15:22.585+0000][1][gc,heap      ] GC(145) ParNew: 68175K->109K(76672K)
[2020-09-11T15:15:22.585+0000][1][gc,heap      ] GC(145) CMS: 74329K->74329K(439104K)
[2020-09-11T15:15:22.585+0000][1][gc,metaspace ] GC(145) Metaspace: 91399K->91399K(1132544K)
[2020-09-11T15:15:22.585+0000][1][gc           ] GC(145) Pause Young (Allocation Failure) 139M->72M(503M) 3.940ms
[2020-09-11T15:15:22.585+0000][1][gc,cpu       ] GC(145) User=0.00s Sys=0.00s Real=0.01s
[2020-09-11T15:15:22.585+0000][1][safepoint    ] Safepoint "GenCollectForAllocation", Time since last: 15917257646 ns, Reaching safepoint: 155530 ns, At safepoint: 4074121 ns, Total: 4229651 ns
[2020-09-11T15:15:23.598+0000][1][safepoint    ] Safepoint "Cleanup", Time since last: 1012939649 ns, Reaching safepoint: 163820 ns, At safepoint: 18161 ns, Total: 181981 ns
[2020-09-11T15:15:28.599+0000][1][safepoint    ] Safepoint "Cleanup", Time since last: 5000740657 ns, Reaching safepoint: 157808 ns, At safepoint: 17901 ns, Total: 175709 ns
[2020-09-11T15:15:32.600+0000][1][safepoint    ] Safepoint "Cleanup", Time since last: 4000530335 ns, Reaching safepoint: 86285 ns, At safepoint: 7390 ns, Total: 93675 ns
[2020-09-11T15:15:33.600+0000][1][safepoint    ] Safepoint "Cleanup", Time since last: 1000141472 ns, Reaching safepoint: 135963 ns, At safepoint: 8672 ns, Total: 144635 ns
[2020-09-11T15:15:43.602+0000][1][safepoint    ] Safepoint "Cleanup", Time since last: 10001858863 ns, Reaching safepoint: 173548 ns, At safepoint: 18673 ns, Total: 192221 ns
[2020-09-11T15:15:50.603+0000][1][safepoint    ] Safepoint "Cleanup", Time since last: 7001041383 ns, Reaching safepoint: 119348 ns, At safepoint: 7090 ns, Total: 126438 ns
[2020-09-11T15:15:53.604+0000][1][safepoint    ] Safepoint "Cleanup", Time since last: 3000374383 ns, Reaching safepoint: 111933 ns, At safepoint: 7833 ns, Total: 119766 ns
[2020-09-11T15:16:02.613+0000][1][gc,start     ] GC(146) Pause Young (Allocation Failure)
[2020-09-11T15:16:02.613+0000][1][gc,task      ] GC(146) Using 1 workers of 1 for evacuation
[2020-09-11T15:16:02.619+0000][1][gc,age       ] GC(146) Desired survivor size 4358144 bytes, new threshold 6 (max threshold 6)
[2020-09-11T15:16:02.619+0000][1][gc,age       ] GC(146) Age table with threshold 6 (max threshold 6)
[2020-09-11T15:16:02.619+0000][1][gc,age       ] GC(146) - age   1:     130960 bytes,     130960 total
[2020-09-11T15:16:02.619+0000][1][gc,age       ] GC(146) - age   2:       2768 bytes,     133728 total
[2020-09-11T15:16:02.619+0000][1][gc,age       ] GC(146) - age   3:       3736 bytes,     137464 total
[2020-09-11T15:16:02.619+0000][1][gc,age       ] GC(146) - age   4:        744 bytes,     138208 total
[2020-09-11T15:16:02.619+0000][1][gc,age       ] GC(146) - age   5:       1368 bytes,     139576 total
[2020-09-11T15:16:02.619+0000][1][gc,age       ] GC(146) - age   6:       1456 bytes,     141032 total
[2020-09-11T15:16:02.619+0000][1][gc,heap      ] GC(146) ParNew: 68269K->173K(76672K)
[2020-09-11T15:16:02.619+0000][1][gc,heap      ] GC(146) CMS: 74329K->74329K(439104K)
[2020-09-11T15:16:02.619+0000][1][gc,metaspace ] GC(146) Metaspace: 91427K->91427K(1132544K)
[2020-09-11T15:16:02.619+0000][1][gc           ] GC(146) Pause Young (Allocation Failure) 139M->72M(503M) 6.386ms
[2020-09-11T15:16:02.619+0000][1][gc,cpu       ] GC(146) User=0.01s Sys=0.00s Real=0.01s
[2020-09-11T15:16:02.619+0000][1][safepoint    ] Safepoint "GenCollectForAllocation", Time since last: 9008511926 ns, Reaching safepoint: 188337 ns, At safepoint: 6519904 ns, Total: 6708241 ns
[2020-09-11T15:16:03.620+0000][1][safepoint    ] Safepoint "Cleanup", Time since last: 1000820557 ns, Reaching safepoint: 163579 ns, At safepoint: 17540 ns, Total: 181119 ns
[2020-09-11T15:16:13.622+0000][1][safepoint    ] Safepoint "Cleanup", Time since last: 10001288007 ns, Reaching safepoint: 166211 ns, At safepoint: 16518 ns, Total: 182729 ns
[2020-09-11T15:16:22.623+0000][1][safepoint    ] Safepoint "Cleanup", Time since last: 9001321343 ns, Reaching safepoint: 198785 ns, At safepoint: 7404 ns, Total: 206189 ns
[2020-09-11T15:16:30.624+0000][1][safepoint    ] Safepoint "Cleanup", Time since last: 8001022544 ns, Reaching safepoint: 169191 ns, At safepoint: 17023 ns, Total: 186214 ns
[2020-09-11T15:16:42.796+0000][1][gc,start     ] GC(147) Pause Young (Allocation Failure)
[2020-09-11T15:16:42.796+0000][1][gc,task      ] GC(147) Using 1 workers of 1 for evacuation
[2020-09-11T15:16:42.804+0000][1][gc,age       ] GC(147) Desired survivor size 4358144 bytes, new threshold 6 (max threshold 6)
[2020-09-11T15:16:42.804+0000][1][gc,age       ] GC(147) Age table with threshold 6 (max threshold 6)
[2020-09-11T15:16:42.804+0000][1][gc,age       ] GC(147) - age   1:      49424 bytes,      49424 total
[2020-09-11T15:16:42.804+0000][1][gc,age       ] GC(147) - age   2:      10928 bytes,      60352 total
[2020-09-11T15:16:42.804+0000][1][gc,age       ] GC(147) - age   3:       1240 bytes,      61592 total
[2020-09-11T15:16:42.804+0000][1][gc,age       ] GC(147) - age   4:       1256 bytes,      62848 total
[2020-09-11T15:16:42.804+0000][1][gc,age       ] GC(147) - age   5:        744 bytes,      63592 total
[2020-09-11T15:16:42.804+0000][1][gc,age       ] GC(147) - age   6:       1368 bytes,      64960 total
[2020-09-11T15:16:42.804+0000][1][gc,heap      ] GC(147) ParNew: 68333K->64K(76672K)
[2020-09-11T15:16:42.804+0000][1][gc,heap      ] GC(147) CMS: 74329K->74331K(439104K)
[2020-09-11T15:16:42.804+0000][1][gc,metaspace ] GC(147) Metaspace: 91450K->91450K(1132544K)
[2020-09-11T15:16:42.804+0000][1][gc           ] GC(147) Pause Young (Allocation Failure) 139M->72M(503M) 7.939ms
[2020-09-11T15:16:42.804+0000][1][gc,cpu       ] GC(147) User=0.00s Sys=0.00s Real=0.01s
[2020-09-11T15:16:42.804+0000][1][safepoint    ] Safepoint "GenCollectForAllocation", Time since last: 12171619138 ns, Reaching safepoint: 152666 ns, At safepoint: 8017490 ns, Total: 8170156 ns
[2020-09-11T15:16:50.808+0000][1][safepoint    ] Safepoint "Cleanup", Time since last: 8004214905 ns, Reaching safepoint: 134178 ns, At safepoint: 6878 ns, Total: 141056 ns
[2020-09-11T15:17:02.810+0000][1][safepoint    ] Safepoint "Cleanup", Time since last: 12001585086 ns, Reaching safepoint: 125358 ns, At safepoint: 6506 ns, Total: 131864 ns
[2020-09-11T15:17:13.812+0000][1][safepoint    ] Safepoint "Cleanup", Time since last: 11001515771 ns, Reaching safepoint: 131816 ns, At safepoint: 6551 ns, Total: 138367 ns
[2020-09-11T15:17:14.812+0000][1][safepoint    ] Safepoint "Cleanup", Time since last: 1000205331 ns, Reaching safepoint: 90498 ns, At safepoint: 6625 ns, Total: 97123 ns
[2020-09-11T15:17:22.813+0000][1][safepoint    ] Safepoint "Cleanup", Time since last: 8001074421 ns, Reaching safepoint: 95528 ns, At safepoint: 11358 ns, Total: 106886 ns
[2020-09-11T15:17:22.860+0000][1][gc,start     ] GC(148) Pause Young (Allocation Failure)
[2020-09-11T15:17:22.860+0000][1][gc,task      ] GC(148) Using 1 workers of 1 for evacuation
[2020-09-11T15:17:22.869+0000][1][gc,age       ] GC(148) Desired survivor size 4358144 bytes, new threshold 6 (max threshold 6)
[2020-09-11T15:17:22.869+0000][1][gc,age       ] GC(148) Age table with threshold 6 (max threshold 6)
[2020-09-11T15:17:22.869+0000][1][gc,age       ] GC(148) - age   1:      49712 bytes,      49712 total
[2020-09-11T15:17:22.869+0000][1][gc,age       ] GC(148) - age   2:       6552 bytes,      56264 total
[2020-09-11T15:17:22.869+0000][1][gc,age       ] GC(148) - age   3:       5888 bytes,      62152 total
[2020-09-11T15:17:22.869+0000][1][gc,age       ] GC(148) - age   5:       1256 bytes,      63408 total
[2020-09-11T15:17:22.869+0000][1][gc,age       ] GC(148) - age   6:        744 bytes,      64152 total
[2020-09-11T15:17:22.869+0000][1][gc,heap      ] GC(148) ParNew: 68224K->63K(76672K)
[2020-09-11T15:17:22.869+0000][1][gc,heap      ] GC(148) CMS: 74331K->74332K(439104K)
[2020-09-11T15:17:22.869+0000][1][gc,metaspace ] GC(148) Metaspace: 91466K->91466K(1132544K)
[2020-09-11T15:17:22.869+0000][1][gc           ] GC(148) Pause Young (Allocation Failure) 139M->72M(503M) 9.069ms
[2020-09-11T15:17:22.869+0000][1][gc,cpu       ] GC(148) User=0.01s Sys=0.00s Real=0.01s
[2020-09-11T15:17:22.870+0000][1][safepoint    ] Safepoint "GenCollectForAllocation", Time since last: 46655858 ns, Reaching safepoint: 155813 ns, At safepoint: 9846750 ns, Total: 10002563 ns
[2020-09-11T15:17:42.873+0000][1][safepoint    ] Safepoint "Cleanup", Time since last: 20002509393 ns, Reaching safepoint: 179351 ns, At safepoint: 20294 ns, Total: 199645 ns
[2020-09-11T15:18:03.906+0000][1][gc,start     ] GC(149) Pause Young (Allocation Failure)
[2020-09-11T15:18:03.906+0000][1][gc,task      ] GC(149) Using 1 workers of 1 for evacuation
[2020-09-11T15:18:03.910+0000][1][gc,age       ] GC(149) Desired survivor size 4358144 bytes, new threshold 6 (max threshold 6)
[2020-09-11T15:18:03.910+0000][1][gc,age       ] GC(149) Age table with threshold 6 (max threshold 6)
[2020-09-11T15:18:03.910+0000][1][gc,age       ] GC(149) - age   1:      54800 bytes,      54800 total
[2020-09-11T15:18:03.910+0000][1][gc,age       ] GC(149) - age   2:       4504 bytes,      59304 total
[2020-09-11T15:18:03.910+0000][1][gc,age       ] GC(149) - age   3:       1512 bytes,      60816 total
[2020-09-11T15:18:03.910+0000][1][gc,age       ] GC(149) - age   4:       2144 bytes,      62960 total
[2020-09-11T15:18:03.910+0000][1][gc,age       ] GC(149) - age   6:       1256 bytes,      64216 total
[2020-09-11T15:18:03.910+0000][1][gc,heap      ] GC(149) ParNew: 68223K->62K(76672K)
[2020-09-11T15:18:03.910+0000][1][gc,heap      ] GC(149) CMS: 74332K->74333K(439104K)
[2020-09-11T15:18:03.910+0000][1][gc,metaspace ] GC(149) Metaspace: 91472K->91472K(1132544K)
[2020-09-11T15:18:03.910+0000][1][gc           ] GC(149) Pause Young (Allocation Failure) 139M->72M(503M) 4.381ms
[2020-09-11T15:18:03.910+0000][1][gc,cpu       ] GC(149) User=0.01s Sys=0.00s Real=0.00s
[2020-09-11T15:18:03.910+0000][1][safepoint    ] Safepoint "GenCollectForAllocation", Time since last: 21032954770 ns, Reaching safepoint: 190656 ns, At safepoint: 4481957 ns, Total: 4672613 ns
[2020-09-11T15:18:42.916+0000][1][safepoint    ] Safepoint "Cleanup", Time since last: 39005448400 ns, Reaching safepoint: 185836 ns, At safepoint: 18269 ns, Total: 204105 ns
[2020-09-11T15:18:43.916+0000][1][safepoint    ] Safepoint "Cleanup", Time since last: 1000252214 ns, Reaching safepoint: 120987 ns, At safepoint: 8638 ns, Total: 129625 ns
[2020-09-11T15:18:47.781+0000][1][gc,start     ] GC(150) Pause Young (Allocation Failure)
[2020-09-11T15:18:47.781+0000][1][gc,task      ] GC(150) Using 1 workers of 1 for evacuation
[2020-09-11T15:18:47.785+0000][1][gc,age       ] GC(150) Desired survivor size 4358144 bytes, new threshold 6 (max threshold 6)
[2020-09-11T15:18:47.785+0000][1][gc,age       ] GC(150) Age table with threshold 6 (max threshold 6)
[2020-09-11T15:18:47.785+0000][1][gc,age       ] GC(150) - age   1:      50328 bytes,      50328 total
[2020-09-11T15:18:47.785+0000][1][gc,age       ] GC(150) - age   2:       8240 bytes,      58568 total
[2020-09-11T15:18:47.785+0000][1][gc,age       ] GC(150) - age   3:       2976 bytes,      61544 total
[2020-09-11T15:18:47.785+0000][1][gc,age       ] GC(150) - age   4:       1512 bytes,      63056 total
[2020-09-11T15:18:47.785+0000][1][gc,age       ] GC(150) - age   5:        904 bytes,      63960 total
[2020-09-11T15:18:47.785+0000][1][gc,heap      ] GC(150) ParNew: 68222K->62K(76672K)
[2020-09-11T15:18:47.785+0000][1][gc,heap      ] GC(150) CMS: 74333K->74334K(439104K)
[2020-09-11T15:18:47.785+0000][1][gc,metaspace ] GC(150) Metaspace: 91473K->91473K(1132544K)
[2020-09-11T15:18:47.785+0000][1][gc           ] GC(150) Pause Young (Allocation Failure) 139M->72M(503M) 4.325ms
[2020-09-11T15:18:47.785+0000][1][gc,cpu       ] GC(150) User=0.00s Sys=0.00s Real=0.01s
[2020-09-11T15:18:47.785+0000][1][safepoint    ] Safepoint "GenCollectForAllocation", Time since last: 3864475592 ns, Reaching safepoint: 91708 ns, At safepoint: 4416464 ns, Total: 4508172 ns
[2020-09-11T15:18:53.788+0000][1][safepoint    ] Safepoint "Cleanup", Time since last: 6002006711 ns, Reaching safepoint: 132090 ns, At safepoint: 6746 ns, Total: 138836 ns
[2020-09-11T15:19:16.638+0000][1][safepoint    ] Safepoint "RevokeBias", Time since last: 22850005113 ns, Reaching safepoint: 121169 ns, At safepoint: 20592 ns, Total: 141761 ns
[2020-09-11T15:19:16.645+0000][1][safepoint    ] Safepoint "RevokeBias", Time since last: 6996701 ns, Reaching safepoint: 174288 ns, At safepoint: 18611 ns, Total: 192899 ns
[2020-09-11T15:19:16.645+0000][1][safepoint    ] Safepoint "RevokeBias", Time since last: 54012 ns, Reaching safepoint: 113154 ns, At safepoint: 12089 ns, Total: 125243 ns
[2020-09-11T15:19:16.645+0000][1][safepoint    ] Safepoint "RevokeBias", Time since last: 306292 ns, Reaching safepoint: 118343 ns, At safepoint: 11936 ns, Total: 130279 ns
[2020-09-11T15:19:16.993+0000][1][safepoint    ] Safepoint "RevokeBias", Time since last: 347104606 ns, Reaching safepoint: 81327 ns, At safepoint: 21842 ns, Total: 103169 ns
[2020-09-11T15:19:17.000+0000][1][safepoint    ] Safepoint "RevokeBias", Time since last: 7474373 ns, Reaching safepoint: 200279 ns, At safepoint: 26742 ns, Total: 227021 ns
[2020-09-11T15:19:17.001+0000][1][safepoint    ] Safepoint "RevokeBias", Time since last: 508168 ns, Reaching safepoint: 112561 ns, At safepoint: 13637 ns, Total: 126198 ns
[2020-09-11T15:19:17.002+0000][1][safepoint    ] Safepoint "RevokeBias", Time since last: 603274 ns, Reaching safepoint: 115785 ns, At safepoint: 13668 ns, Total: 129453 ns
[2020-09-11T15:19:17.002+0000][1][safepoint    ] Safepoint "RevokeBias", Time since last: 60910 ns, Reaching safepoint: 107349 ns, At safepoint: 12079 ns, Total: 119428 ns
[2020-09-11T15:19:17.028+0000][1][safepoint    ] Safepoint "RevokeBias", Time since last: 25839710 ns, Reaching safepoint: 163856 ns, At safepoint: 22976 ns, Total: 186832 ns
[2020-09-11T15:19:17.042+0000][1][safepoint    ] Safepoint "RevokeBias", Time since last: 13537822 ns, Reaching safepoint: 412339 ns, At safepoint: 29734 ns, Total: 442073 ns
[2020-09-11T15:19:17.141+0000][1][safepoint    ] Safepoint "RevokeBias", Time since last: 99253693 ns, Reaching safepoint: 91560 ns, At safepoint: 18012 ns, Total: 109572 ns
[2020-09-11T15:19:17.201+0000][1][safepoint    ] Safepoint "RevokeBias", Time since last: 60093836 ns, Reaching safepoint: 88386 ns, At safepoint: 23010 ns, Total: 111396 ns
[2020-09-11T15:19:17.202+0000][1][safepoint    ] Safepoint "RevokeBias", Time since last: 62251 ns, Reaching safepoint: 32826 ns, At safepoint: 11187 ns, Total: 44013 ns
[2020-09-11T15:19:17.202+0000][1][safepoint    ] Safepoint "RevokeBias", Time since last: 714957 ns, Reaching safepoint: 41169 ns, At safepoint: 12225 ns, Total: 53394 ns
[2020-09-11T15:19:22.828+0000][1][gc,start     ] GC(151) Pause Young (Allocation Failure)
[2020-09-11T15:19:22.828+0000][1][gc,task      ] GC(151) Using 1 workers of 1 for evacuation
[2020-09-11T15:19:22.838+0000][1][gc,age       ] GC(151) Desired survivor size 4358144 bytes, new threshold 6 (max threshold 6)
[2020-09-11T15:19:22.838+0000][1][gc,age       ] GC(151) Age table with threshold 6 (max threshold 6)
[2020-09-11T15:19:22.838+0000][1][gc,age       ] GC(151) - age   1:     343360 bytes,     343360 total
[2020-09-11T15:19:22.838+0000][1][gc,age       ] GC(151) - age   2:       7536 bytes,     350896 total
[2020-09-11T15:19:22.838+0000][1][gc,age       ] GC(151) - age   3:       3080 bytes,     353976 total
[2020-09-11T15:19:22.838+0000][1][gc,age       ] GC(151) - age   4:       2976 bytes,     356952 total
[2020-09-11T15:19:22.838+0000][1][gc,age       ] GC(151) - age   5:        272 bytes,     357224 total
[2020-09-11T15:19:22.838+0000][1][gc,age       ] GC(151) - age   6:        904 bytes,     358128 total
[2020-09-11T15:19:22.838+0000][1][gc,heap      ] GC(151) ParNew: 68222K->376K(76672K)
[2020-09-11T15:19:22.838+0000][1][gc,heap      ] GC(151) CMS: 74334K->74334K(439104K)
[2020-09-11T15:19:22.838+0000][1][gc,metaspace ] GC(151) Metaspace: 91741K->91741K(1134592K)
[2020-09-11T15:19:22.838+0000][1][gc           ] GC(151) Pause Young (Allocation Failure) 139M->72M(503M) 10.784ms
[2020-09-11T15:19:22.838+0000][1][gc,cpu       ] GC(151) User=0.01s Sys=0.00s Real=0.01s
[2020-09-11T15:19:22.839+0000][1][safepoint    ] Safepoint "GenCollectForAllocation", Time since last: 5624766183 ns, Reaching safepoint: 376008 ns, At safepoint: 11267549 ns, Total: 11643557 ns
[2020-09-11T15:19:32.841+0000][1][safepoint    ] Safepoint "Cleanup", Time since last: 10002154099 ns, Reaching safepoint: 114169 ns, At safepoint: 9508 ns, Total: 123677 ns
[2020-09-11T15:19:39.842+0000][1][safepoint    ] Safepoint "Cleanup", Time since last: 7001017505 ns, Reaching safepoint: 178786 ns, At safepoint: 18847 ns, Total: 197633 ns
[2020-09-11T15:19:42.843+0000][1][safepoint    ] Safepoint "Cleanup", Time since last: 3000531575 ns, Reaching safepoint: 175549 ns, At safepoint: 18248 ns, Total: 193797 ns
[2020-09-11T15:19:43.843+0000][1][safepoint    ] Safepoint "Cleanup", Time since last: 1000186904 ns, Reaching safepoint: 194720 ns, At safepoint: 43947 ns, Total: 238667 ns
[2020-09-11T15:19:52.845+0000][1][safepoint    ] Safepoint "Cleanup", Time since last: 9001247134 ns, Reaching safepoint: 205037 ns, At safepoint: 17410 ns, Total: 222447 ns
[2020-09-11T15:19:58.846+0000][1][safepoint    ] Safepoint "Cleanup", Time since last: 6000858230 ns, Reaching safepoint: 177023 ns, At safepoint: 17987 ns, Total: 195010 ns
[2020-09-11T15:20:00.289+0000][1][gc,start     ] GC(152) Pause Young (Allocation Failure)
[2020-09-11T15:20:00.290+0000][1][gc,task      ] GC(152) Using 1 workers of 1 for evacuation
[2020-09-11T15:20:00.295+0000][1][gc,age       ] GC(152) Desired survivor size 4358144 bytes, new threshold 6 (max threshold 6)
[2020-09-11T15:20:00.295+0000][1][gc,age       ] GC(152) Age table with threshold 6 (max threshold 6)
[2020-09-11T15:20:00.295+0000][1][gc,age       ] GC(152) - age   1:      63304 bytes,      63304 total
[2020-09-11T15:20:00.295+0000][1][gc,age       ] GC(152) - age   2:     224416 bytes,     287720 total
[2020-09-11T15:20:00.295+0000][1][gc,age       ] GC(152) - age   3:       3616 bytes,     291336 total
[2020-09-11T15:20:00.295+0000][1][gc,age       ] GC(152) - age   4:        600 bytes,     291936 total
[2020-09-11T15:20:00.295+0000][1][gc,age       ] GC(152) - age   5:       1736 bytes,     293672 total
[2020-09-11T15:20:00.295+0000][1][gc,age       ] GC(152) - age   6:        272 bytes,     293944 total
[2020-09-11T15:20:00.295+0000][1][gc,heap      ] GC(152) ParNew: 68486K->459K(76672K)
[2020-09-11T15:20:00.295+0000][1][gc,heap      ] GC(152) CMS: 74334K->74335K(439104K)
[2020-09-11T15:20:00.295+0000][1][gc,metaspace ] GC(152) Metaspace: 91754K->91754K(1134592K)
[2020-09-11T15:20:00.295+0000][1][gc           ] GC(152) Pause Young (Allocation Failure) 139M->73M(503M) 5.276ms
[2020-09-11T15:20:00.295+0000][1][gc,cpu       ] GC(152) User=0.01s Sys=0.00s Real=0.00s
[2020-09-11T15:20:00.295+0000][1][safepoint    ] Safepoint "GenCollectForAllocation", Time since last: 1443407230 ns, Reaching safepoint: 83253 ns, At safepoint: 5339160 ns, Total: 5422413 ns
[2020-09-11T15:20:02.581+0000][1][safepoint    ] Safepoint "RevokeBias", Time since last: 2285652101 ns, Reaching safepoint: 215493 ns, At safepoint: 36786 ns, Total: 252279 ns
[2020-09-11T15:20:02.581+0000][1][safepoint    ] Safepoint "RevokeBias", Time since last: 55402 ns, Reaching safepoint: 118981 ns, At safepoint: 21971 ns, Total: 140952 ns
[2020-09-11T15:20:03.583+0000][1][safepoint    ] Safepoint "Cleanup", Time since last: 1001698177 ns, Reaching safepoint: 189635 ns, At safepoint: 13220 ns, Total: 202855 ns
[2020-09-11T15:20:13.584+0000][1][safepoint    ] Safepoint "Cleanup", Time since last: 10001419271 ns, Reaching safepoint: 168703 ns, At safepoint: 18018 ns, Total: 186721 ns
[2020-09-11T15:20:20.586+0000][1][safepoint    ] Safepoint "Cleanup", Time since last: 7000997993 ns, Reaching safepoint: 176421 ns, At safepoint: 17931 ns, Total: 194352 ns
[2020-09-11T15:20:42.591+0000][1][gc,start     ] GC(153) Pause Young (Allocation Failure)
[2020-09-11T15:20:42.591+0000][1][gc,task      ] GC(153) Using 1 workers of 1 for evacuation
[2020-09-11T15:20:42.600+0000][1][gc,age       ] GC(153) Desired survivor size 4358144 bytes, new threshold 6 (max threshold 6)
[2020-09-11T15:20:42.600+0000][1][gc,age       ] GC(153) Age table with threshold 6 (max threshold 6)
[2020-09-11T15:20:42.600+0000][1][gc,age       ] GC(153) - age   1:     126264 bytes,     126264 total
[2020-09-11T15:20:42.600+0000][1][gc,age       ] GC(153) - age   2:      15232 bytes,     141496 total
[2020-09-11T15:20:42.600+0000][1][gc,age       ] GC(153) - age   3:     221616 bytes,     363112 total
[2020-09-11T15:20:42.600+0000][1][gc,age       ] GC(153) - age   4:       3616 bytes,     366728 total
[2020-09-11T15:20:42.600+0000][1][gc,age       ] GC(153) - age   5:        600 bytes,     367328 total
[2020-09-11T15:20:42.600+0000][1][gc,age       ] GC(153) - age   6:       1736 bytes,     369064 total
[2020-09-11T15:20:42.600+0000][1][gc,heap      ] GC(153) ParNew: 68619K->545K(76672K)
[2020-09-11T15:20:42.600+0000][1][gc,heap      ] GC(153) CMS: 74335K->74335K(439104K)
[2020-09-11T15:20:42.600+0000][1][gc,metaspace ] GC(153) Metaspace: 91773K->91773K(1134592K)
[2020-09-11T15:20:42.600+0000][1][gc           ] GC(153) Pause Young (Allocation Failure) 139M->73M(503M) 8.926ms
[2020-09-11T15:20:42.600+0000][1][gc,cpu       ] GC(153) User=0.00s Sys=0.00s Real=0.01s
[2020-09-11T15:20:42.600+0000][1][safepoint    ] Safepoint "GenCollectForAllocation", Time since last: 22005101844 ns, Reaching safepoint: 192891 ns, At safepoint: 9050366 ns, Total: 9243257 ns
[2020-09-11T15:20:43.608+0000][1][safepoint    ] Safepoint "Cleanup", Time since last: 1008351670 ns, Reaching safepoint: 162462 ns, At safepoint: 8426 ns, Total: 170888 ns
[2020-09-11T15:20:57.249+0000][1][safepoint    ] Safepoint "RevokeBias", Time since last: 13640371339 ns, Reaching safepoint: 217277 ns, At safepoint: 23860 ns, Total: 241137 ns
[2020-09-11T15:20:58.170+0000][1][safepoint    ] Safepoint "RevokeBias", Time since last: 921144373 ns, Reaching safepoint: 202513 ns, At safepoint: 22707 ns, Total: 225220 ns
[2020-09-11T15:20:58.172+0000][1][safepoint    ] Safepoint "RevokeBias", Time since last: 1729436 ns, Reaching safepoint: 186199 ns, At safepoint: 20567 ns, Total: 206766 ns
[2020-09-11T15:20:58.173+0000][1][safepoint    ] Safepoint "RevokeBias", Time since last: 102460 ns, Reaching safepoint: 144182 ns, At safepoint: 12921 ns, Total: 157103 ns
[2020-09-11T15:20:58.173+0000][1][safepoint    ] Safepoint "RevokeBias", Time since last: 102215 ns, Reaching safepoint: 154710 ns, At safepoint: 12366 ns, Total: 167076 ns
[2020-09-11T15:20:58.173+0000][1][safepoint    ] Safepoint "RevokeBias", Time since last: 46831 ns, Reaching safepoint: 150868 ns, At safepoint: 11985 ns, Total: 162853 ns
[2020-09-11T15:20:58.182+0000][1][safepoint    ] Safepoint "RevokeBias", Time since last: 8363430 ns, Reaching safepoint: 196470 ns, At safepoint: 19935 ns, Total: 216405 ns
[2020-09-11T15:20:58.188+0000][1][safepoint    ] Safepoint "RevokeBias", Time since last: 5994191 ns, Reaching safepoint: 153865 ns, At safepoint: 27249 ns, Total: 181114 ns
[2020-09-11T15:20:58.277+0000][1][safepoint    ] Safepoint "RevokeBias", Time since last: 89382008 ns, Reaching safepoint: 93157 ns, At safepoint: 18756 ns, Total: 111913 ns
[2020-09-11T15:21:02.580+0000][1][safepoint    ] Safepoint "RevokeBias", Time since last: 4302828357 ns, Reaching safepoint: 210549 ns, At safepoint: 25674 ns, Total: 236223 ns
[2020-09-11T15:21:02.581+0000][1][safepoint    ] Safepoint "RevokeBias", Time since last: 57389 ns, Reaching safepoint: 117830 ns, At safepoint: 13918 ns, Total: 131748 ns
[2020-09-11T15:21:02.581+0000][1][safepoint    ] Safepoint "RevokeBias", Time since last: 32133 ns, Reaching safepoint: 116448 ns, At safepoint: 12173 ns, Total: 128621 ns
[2020-09-11T15:21:02.690+0000][1][safepoint    ] Safepoint "RevokeBias", Time since last: 108817167 ns, Reaching safepoint: 194212 ns, At safepoint: 21120 ns, Total: 215332 ns
[2020-09-11T15:21:03.690+0000][1][safepoint    ] Safepoint "Cleanup", Time since last: 1000203917 ns, Reaching safepoint: 184082 ns, At safepoint: 18432 ns, Total: 202514 ns
[2020-09-11T15:21:16.692+0000][1][safepoint    ] Safepoint "Cleanup", Time since last: 13001642799 ns, Reaching safepoint: 134127 ns, At safepoint: 6525 ns, Total: 140652 ns
[2020-09-11T15:21:18.201+0000][1][gc,start     ] GC(154) Pause Young (Allocation Failure)
[2020-09-11T15:21:18.201+0000][1][gc,task      ] GC(154) Using 1 workers of 1 for evacuation
[2020-09-11T15:21:18.206+0000][1][gc,age       ] GC(154) Desired survivor size 4358144 bytes, new threshold 6 (max threshold 6)
[2020-09-11T15:21:18.206+0000][1][gc,age       ] GC(154) Age table with threshold 6 (max threshold 6)
[2020-09-11T15:21:18.206+0000][1][gc,age       ] GC(154) - age   1:     245176 bytes,     245176 total
[2020-09-11T15:21:18.206+0000][1][gc,age       ] GC(154) - age   2:       6896 bytes,     252072 total
[2020-09-11T15:21:18.206+0000][1][gc,age       ] GC(154) - age   3:       6360 bytes,     258432 total
[2020-09-11T15:21:18.206+0000][1][gc,age       ] GC(154) - age   4:     198168 bytes,     456600 total
[2020-09-11T15:21:18.206+0000][1][gc,age       ] GC(154) - age   5:       2376 bytes,     458976 total
[2020-09-11T15:21:18.206+0000][1][gc,age       ] GC(154) - age   6:        600 bytes,     459576 total
[2020-09-11T15:21:18.207+0000][1][gc,heap      ] GC(154) ParNew: 68705K->677K(76672K)
[2020-09-11T15:21:18.207+0000][1][gc,heap      ] GC(154) CMS: 74335K->74337K(439104K)
[2020-09-11T15:21:18.207+0000][1][gc,metaspace ] GC(154) Metaspace: 91829K->91829K(1134592K)
[2020-09-11T15:21:18.207+0000][1][gc           ] GC(154) Pause Young (Allocation Failure) 139M->73M(503M) 5.570ms
[2020-09-11T15:21:18.207+0000][1][gc,cpu       ] GC(154) User=0.00s Sys=0.00s Real=0.01s
[2020-09-11T15:21:18.207+0000][1][safepoint    ] Safepoint "GenCollectForAllocation", Time since last: 1508783644 ns, Reaching safepoint: 205750 ns, At safepoint: 5641264 ns, Total: 5847014 ns
[2020-09-11T15:21:26.769+0000][1][safepoint    ] Safepoint "RevokeBias", Time since last: 8562321554 ns, Reaching safepoint: 227857 ns, At safepoint: 101398 ns, Total: 329255 ns
[2020-09-11T15:21:26.770+0000][1][safepoint    ] Safepoint "RevokeBias", Time since last: 89979 ns, Reaching safepoint: 177148 ns, At safepoint: 69115 ns, Total: 246263 ns
[2020-09-11T15:21:26.776+0000][1][safepoint    ] Safepoint "BulkRevokeBias", Time since last: 5661466 ns, Reaching safepoint: 224383 ns, At safepoint: 525525 ns, Total: 749908 ns
[2020-09-11T15:21:27.188+0000][1][safepoint    ] Safepoint "RevokeBias", Time since last: 403416199 ns, Reaching safepoint: 8127376 ns, At safepoint: 40208 ns, Total: 8167584 ns
[2020-09-11T15:21:28.188+0000][1][safepoint    ] Safepoint "Cleanup", Time since last: 1000151974 ns, Reaching safepoint: 131654 ns, At safepoint: 7228 ns, Total: 138882 ns
[2020-09-11T15:21:32.705+0000][1][safepoint    ] Safepoint "RevokeBias", Time since last: 4517100315 ns, Reaching safepoint: 80584 ns, At safepoint: 20932 ns, Total: 101516 ns
[2020-09-11T15:21:32.705+0000][1][safepoint    ] Safepoint "RevokeBias", Time since last: 148512 ns, Reaching safepoint: 52708 ns, At safepoint: 14625 ns, Total: 67333 ns
[2020-09-11T15:21:32.948+0000][1][safepoint    ] Safepoint "RevokeBias", Time since last: 240050097 ns, Reaching safepoint: 2180934 ns, At safepoint: 27824 ns, Total: 2208758 ns
[2020-09-11T15:21:32.969+0000][1][safepoint    ] Safepoint "RevokeBias", Time since last: 20945579 ns, Reaching safepoint: 93916 ns, At safepoint: 18889 ns, Total: 112805 ns
[2020-09-11T15:21:33.212+0000][1][safepoint    ] Safepoint "RevokeBias", Time since last: 243083723 ns, Reaching safepoint: 112461 ns, At safepoint: 23807 ns, Total: 136268 ns
[2020-09-11T15:21:33.212+0000][1][safepoint    ] Safepoint "RevokeBias", Time since last: 67614 ns, Reaching safepoint: 34812 ns, At safepoint: 11520 ns, Total: 46332 ns
[2020-09-11T15:21:33.236+0000][1][safepoint    ] Safepoint "RevokeBias", Time since last: 23568830 ns, Reaching safepoint: 178939 ns, At safepoint: 22513 ns, Total: 201452 ns
[2020-09-11T15:21:33.267+0000][1][safepoint    ] Safepoint "RevokeBias", Time since last: 30994934 ns, Reaching safepoint: 162923 ns, At safepoint: 21284 ns, Total: 184207 ns
[2020-09-11T15:21:33.308+0000][1][safepoint    ] Safepoint "BulkRevokeBias", Time since last: 40521349 ns, Reaching safepoint: 168597 ns, At safepoint: 240585 ns, Total: 409182 ns
[2020-09-11T15:21:33.321+0000][1][safepoint    ] Safepoint "BulkRevokeBias", Time since last: 11319704 ns, Reaching safepoint: 156061 ns, At safepoint: 1963961 ns, Total: 2120022 ns
[2020-09-11T15:21:33.322+0000][1][safepoint    ] Safepoint "RevokeBias", Time since last: 489291 ns, Reaching safepoint: 133917 ns, At safepoint: 13624 ns, Total: 147541 ns
[2020-09-11T15:21:33.334+0000][1][safepoint    ] Safepoint "RevokeBias", Time since last: 11849074 ns, Reaching safepoint: 153976 ns, At safepoint: 20382 ns, Total: 174358 ns
[2020-09-11T15:21:33.345+0000][1][gc,start     ] GC(155) Pause Young (Allocation Failure)
[2020-09-11T15:21:33.345+0000][1][gc,task      ] GC(155) Using 1 workers of 1 for evacuation
[2020-09-11T15:21:33.373+0000][1][gc,age       ] GC(155) Desired survivor size 4358144 bytes, new threshold 6 (max threshold 6)
[2020-09-11T15:21:33.373+0000][1][gc,age       ] GC(155) Age table with threshold 6 (max threshold 6)
[2020-09-11T15:21:33.373+0000][1][gc,age       ] GC(155) - age   1:     344584 bytes,     344584 total
[2020-09-11T15:21:33.373+0000][1][gc,age       ] GC(155) - age   2:     199080 bytes,     543664 total
[2020-09-11T15:21:33.373+0000][1][gc,age       ] GC(155) - age   3:       3096 bytes,     546760 total
[2020-09-11T15:21:33.373+0000][1][gc,age       ] GC(155) - age   4:       3768 bytes,     550528 total
[2020-09-11T15:21:33.373+0000][1][gc,age       ] GC(155) - age   5:     196928 bytes,     747456 total
[2020-09-11T15:21:33.373+0000][1][gc,age       ] GC(155) - age   6:       1136 bytes,     748592 total
[2020-09-11T15:21:33.373+0000][1][gc,heap      ] GC(155) ParNew: 68836K->842K(76672K)
[2020-09-11T15:21:33.373+0000][1][gc,heap      ] GC(155) CMS: 74337K->74337K(439104K)
[2020-09-11T15:21:33.373+0000][1][gc,metaspace ] GC(155) Metaspace: 91975K->91975K(1134592K)
[2020-09-11T15:21:33.373+0000][1][gc           ] GC(155) Pause Young (Allocation Failure) 139M->73M(503M) 28.462ms
[2020-09-11T15:21:33.373+0000][1][gc,cpu       ] GC(155) User=0.01s Sys=0.00s Real=0.02s
[2020-09-11T15:21:33.376+0000][1][safepoint    ] Safepoint "GenCollectForAllocation", Time since last: 10760424 ns, Reaching safepoint: 157774 ns, At safepoint: 31386260 ns, Total: 31544034 ns
[2020-09-11T15:21:33.464+0000][1][safepoint    ] Safepoint "RevokeBias", Time since last: 87197746 ns, Reaching safepoint: 174846 ns, At safepoint: 22857 ns, Total: 197703 ns
[2020-09-11T15:21:33.528+0000][1][safepoint    ] Safepoint "RevokeBias", Time since last: 64221542 ns, Reaching safepoint: 161756 ns, At safepoint: 21068 ns, Total: 182824 ns
[2020-09-11T15:21:33.529+0000][1][safepoint    ] Safepoint "RevokeBias", Time since last: 800937 ns, Reaching safepoint: 124580 ns, At safepoint: 14215 ns, Total: 138795 ns
[2020-09-11T15:21:33.557+0000][1][safepoint    ] Safepoint "RevokeBias", Time since last: 28287182 ns, Reaching safepoint: 161415 ns, At safepoint: 19073 ns, Total: 180488 ns
[2020-09-11T15:21:33.564+0000][1][safepoint    ] Safepoint "RevokeBias", Time since last: 6132264 ns, Reaching safepoint: 88504 ns, At safepoint: 19893 ns, Total: 108397 ns
[2020-09-11T15:21:33.564+0000][1][safepoint    ] Safepoint "RevokeBias", Time since last: 203395 ns, Reaching safepoint: 41388 ns, At safepoint: 12119 ns, Total: 53507 ns
[2020-09-11T15:21:33.596+0000][1][safepoint    ] Safepoint "RevokeBias", Time since last: 31598372 ns, Reaching safepoint: 100622 ns, At safepoint: 25413 ns, Total: 126035 ns
[2020-09-11T15:21:33.596+0000][1][safepoint    ] Safepoint "RevokeBias", Time since last: 302284 ns, Reaching safepoint: 38163 ns, At safepoint: 12395 ns, Total: 50558 ns
[2020-09-11T15:21:33.596+0000][1][safepoint    ] Safepoint "RevokeBias", Time since last: 39723 ns, Reaching safepoint: 32462 ns, At safepoint: 9994 ns, Total: 42456 ns
[2020-09-11T15:21:33.596+0000][1][safepoint    ] Safepoint "RevokeBias", Time since last: 71476 ns, Reaching safepoint: 33631 ns, At safepoint: 9930 ns, Total: 43561 ns
[2020-09-11T15:21:33.597+0000][1][safepoint    ] Safepoint "RevokeBias", Time since last: 1021476 ns, Reaching safepoint: 40107 ns, At safepoint: 11972 ns, Total: 52079 ns
[2020-09-11T15:21:33.645+0000][1][safepoint    ] Safepoint "RevokeBias", Time since last: 47461404 ns, Reaching safepoint: 157854 ns, At safepoint: 19517 ns, Total: 177371 ns
[2020-09-11T15:21:33.645+0000][1][safepoint    ] Safepoint "RevokeBias", Time since last: 258042 ns, Reaching safepoint: 107108 ns, At safepoint: 12561 ns, Total: 119669 ns
[2020-09-11T15:21:33.646+0000][1][safepoint    ] Safepoint "RevokeBias", Time since last: 92409 ns, Reaching safepoint: 110101 ns, At safepoint: 11095 ns, Total: 121196 ns
[2020-09-11T15:21:33.648+0000][1][safepoint    ] Safepoint "RevokeBias", Time since last: 1957015 ns, Reaching safepoint: 127603 ns, At safepoint: 14404 ns, Total: 142007 ns
[2020-09-11T15:21:33.721+0000][1][safepoint    ] Safepoint "RevokeBias", Time since last: 73562517 ns, Reaching safepoint: 155716 ns, At safepoint: 21140 ns, Total: 176856 ns
[2020-09-11T15:21:33.722+0000][1][safepoint    ] Safepoint "RevokeBias", Time since last: 284764 ns, Reaching safepoint: 142874 ns, At safepoint: 16118 ns, Total: 158992 ns
[2020-09-11T15:21:33.744+0000][1][safepoint    ] Safepoint "RevokeBias", Time since last: 21943544 ns, Reaching safepoint: 153830 ns, At safepoint: 21905 ns, Total: 175735 ns
[2020-09-11T15:21:33.772+0000][1][safepoint    ] Safepoint "RevokeBias", Time since last: 27515294 ns, Reaching safepoint: 167195 ns, At safepoint: 22662 ns, Total: 189857 ns
[2020-09-11T15:21:33.800+0000][1][safepoint    ] Safepoint "RevokeBias", Time since last: 28666024 ns, Reaching safepoint: 94450 ns, At safepoint: 21839 ns, Total: 116289 ns
[2020-09-11T15:21:33.816+0000][1][safepoint    ] Safepoint "RevokeBias", Time since last: 15125530 ns, Reaching safepoint: 84345 ns, At safepoint: 20744 ns, Total: 105089 ns
[2020-09-11T15:21:33.822+0000][1][safepoint    ] Safepoint "RevokeBias", Time since last: 6287780 ns, Reaching safepoint: 166842 ns, At safepoint: 22473 ns, Total: 189315 ns
[2020-09-11T15:21:33.822+0000][1][safepoint    ] Safepoint "RevokeBias", Time since last: 64801 ns, Reaching safepoint: 105628 ns, At safepoint: 12310 ns, Total: 117938 ns
[2020-09-11T15:21:33.823+0000][1][safepoint    ] Safepoint "RevokeBias", Time since last: 930967 ns, Reaching safepoint: 211380 ns, At safepoint: 14928 ns, Total: 226308 ns
[2020-09-11T15:21:33.837+0000][1][safepoint    ] Safepoint "RevokeBias", Time since last: 13142362 ns, Reaching safepoint: 161166 ns, At safepoint: 19299 ns, Total: 180465 ns
[2020-09-11T15:21:33.837+0000][1][safepoint    ] Safepoint "RevokeBias", Time since last: 117937 ns, Reaching safepoint: 108112 ns, At safepoint: 43805 ns, Total: 151917 ns
[2020-09-11T15:21:34.011+0000][1][safepoint    ] Safepoint "RevokeBias", Time since last: 174082508 ns, Reaching safepoint: 96772 ns, At safepoint: 21844 ns, Total: 118616 ns
[2020-09-11T15:21:36.989+0000][1][safepoint    ] Safepoint "RevokeBias", Time since last: 2977903959 ns, Reaching safepoint: 80232 ns, At safepoint: 23213 ns, Total: 103445 ns
[2020-09-11T15:21:36.989+0000][1][safepoint    ] Safepoint "RevokeBias", Time since last: 160611 ns, Reaching safepoint: 64348 ns, At safepoint: 17887 ns, Total: 82235 ns
[2020-09-11T15:21:37.125+0000][1][safepoint    ] Safepoint "RevokeBias", Time since last: 135425899 ns, Reaching safepoint: 248583 ns, At safepoint: 22165 ns, Total: 270748 ns
[2020-09-11T15:21:37.125+0000][1][safepoint    ] Safepoint "RevokeBias", Time since last: 88753 ns, Reaching safepoint: 112109 ns, At safepoint: 13984 ns, Total: 126093 ns
[2020-09-11T15:21:37.237+0000][1][safepoint    ] Safepoint "RevokeBias", Time since last: 110780174 ns, Reaching safepoint: 463444 ns, At safepoint: 26599 ns, Total: 490043 ns
[2020-09-11T15:21:37.539+0000][1][safepoint    ] Safepoint "RevokeBias", Time since last: 298497222 ns, Reaching safepoint: 3968237 ns, At safepoint: 88657 ns, Total: 4056894 ns
[2020-09-11T15:21:37.839+0000][1][safepoint    ] Safepoint "RevokeBias", Time since last: 299665870 ns, Reaching safepoint: 178445 ns, At safepoint: 21433 ns, Total: 199878 ns
[2020-09-11T15:21:37.856+0000][1][safepoint    ] Safepoint "RevokeBias", Time since last: 16525990 ns, Reaching safepoint: 519057 ns, At safepoint: 24285 ns, Total: 543342 ns
[2020-09-11T15:21:38.012+0000][1][safepoint    ] Safepoint "RevokeBias", Time since last: 155268466 ns, Reaching safepoint: 191639 ns, At safepoint: 25117 ns, Total: 216756 ns
[2020-09-11T15:21:38.122+0000][1][gc,start     ] GC(156) Pause Young (Allocation Failure)
[2020-09-11T15:21:38.122+0000][1][gc,task      ] GC(156) Using 1 workers of 1 for evacuation
[2020-09-11T15:21:38.146+0000][1][gc,age       ] GC(156) Desired survivor size 4358144 bytes, new threshold 6 (max threshold 6)
[2020-09-11T15:21:38.146+0000][1][gc,age       ] GC(156) Age table with threshold 6 (max threshold 6)
[2020-09-11T15:21:38.146+0000][1][gc,age       ] GC(156) - age   1:     887512 bytes,     887512 total
[2020-09-11T15:21:38.146+0000][1][gc,age       ] GC(156) - age   2:     264544 bytes,    1152056 total
[2020-09-11T15:21:38.146+0000][1][gc,age       ] GC(156) - age   3:     194896 bytes,    1346952 total
[2020-09-11T15:21:38.146+0000][1][gc,age       ] GC(156) - age   4:       1240 bytes,    1348192 total
[2020-09-11T15:21:38.146+0000][1][gc,age       ] GC(156) - age   5:       3144 bytes,    1351336 total
[2020-09-11T15:21:38.146+0000][1][gc,age       ] GC(156) - age   6:     196928 bytes,    1548264 total
[2020-09-11T15:21:38.146+0000][1][gc,heap      ] GC(156) ParNew: 68984K->1960K(76672K)
[2020-09-11T15:21:38.146+0000][1][gc,heap      ] GC(156) CMS: 74337K->74338K(439104K)
[2020-09-11T15:21:38.146+0000][1][gc,metaspace ] GC(156) Metaspace: 92534K->92534K(1134592K)
[2020-09-11T15:21:38.146+0000][1][gc           ] GC(156) Pause Young (Allocation Failure) 139M->74M(503M) 24.292ms
[2020-09-11T15:21:38.146+0000][1][gc,cpu       ] GC(156) User=0.00s Sys=0.00s Real=0.03s
[2020-09-11T15:21:38.152+0000][1][safepoint    ] Safepoint "GenCollectForAllocation", Time since last: 110146691 ns, Reaching safepoint: 221507 ns, At safepoint: 30279830 ns, Total: 30501337 ns
[2020-09-11T15:21:38.161+0000][1][safepoint    ] Safepoint "Deoptimize", Time since last: 7167683 ns, Reaching safepoint: 136868 ns, At safepoint: 974452 ns, Total: 1111320 ns
[2020-09-11T15:21:38.194+0000][1][safepoint    ] Safepoint "RevokeBias", Time since last: 32744248 ns, Reaching safepoint: 134579 ns, At safepoint: 44168 ns, Total: 178747 ns
[2020-09-11T15:21:38.229+0000][1][safepoint    ] Safepoint "Deoptimize", Time since last: 33957994 ns, Reaching safepoint: 203414 ns, At safepoint: 834951 ns, Total: 1038365 ns
[2020-09-11T15:21:38.398+0000][1][safepoint    ] Safepoint "RevokeBias", Time since last: 169427602 ns, Reaching safepoint: 92676 ns, At safepoint: 18407 ns, Total: 111083 ns
[2020-09-11T15:21:38.420+0000][1][safepoint    ] Safepoint "RevokeBias", Time since last: 21254384 ns, Reaching safepoint: 216137 ns, At safepoint: 20938 ns, Total: 237075 ns
[2020-09-11T15:21:38.424+0000][1][safepoint    ] Safepoint "RevokeBias", Time since last: 3941433 ns, Reaching safepoint: 192056 ns, At safepoint: 19181 ns, Total: 211237 ns
[2020-09-11T15:21:38.711+0000][1][safepoint    ] Safepoint "RevokeBias", Time since last: 285649597 ns, Reaching safepoint: 1884124 ns, At safepoint: 17085 ns, Total: 1901209 ns
[2020-09-11T15:21:38.716+0000][1][safepoint    ] Safepoint "RevokeBias", Time since last: 3136131 ns, Reaching safepoint: 1140510 ns, At safepoint: 11071 ns, Total: 1151581 ns
[2020-09-11T15:21:38.772+0000][1][safepoint    ] Safepoint "RevokeBias", Time since last: 53084194 ns, Reaching safepoint: 2907102 ns, At safepoint: 23130 ns, Total: 2930232 ns
[2020-09-11T15:21:38.784+0000][1][safepoint    ] Safepoint "RevokeBias", Time since last: 11891045 ns, Reaching safepoint: 214926 ns, At safepoint: 27429 ns, Total: 242355 ns
[2020-09-11T15:21:38.862+0000][1][safepoint    ] Safepoint "RevokeBias", Time since last: 75742468 ns, Reaching safepoint: 2372481 ns, At safepoint: 30898 ns, Total: 2403379 ns
[2020-09-11T15:21:38.864+0000][1][safepoint    ] Safepoint "RevokeBias", Time since last: 89300 ns, Reaching safepoint: 1628559 ns, At safepoint: 15825 ns, Total: 1644384 ns
[2020-09-11T15:21:39.224+0000][1][safepoint    ] Safepoint "RevokeBias", Time since last: 360726951 ns, Reaching safepoint: 188834 ns, At safepoint: 22468 ns, Total: 211302 ns
[2020-09-11T15:21:39.228+0000][1][safepoint    ] Safepoint "RevokeBias", Time since last: 2932943 ns, Reaching safepoint: 126516 ns, At safepoint: 17363 ns, Total: 143879 ns
[2020-09-11T15:21:39.228+0000][1][safepoint    ] Safepoint "RevokeBias", Time since last: 164862 ns, Reaching safepoint: 107429 ns, At safepoint: 12969 ns, Total: 120398 ns
[2020-09-11T15:21:39.264+0000][1][safepoint    ] Safepoint "RevokeBias", Time since last: 36210109 ns, Reaching safepoint: 155360 ns, At safepoint: 27473 ns, Total: 182833 ns
[2020-09-11T15:21:39.266+0000][1][safepoint    ] Safepoint "RevokeBias", Time since last: 1772557 ns, Reaching safepoint: 47999 ns, At safepoint: 12812 ns, Total: 60811 ns
[2020-09-11T15:21:39.266+0000][1][safepoint    ] Safepoint "RevokeBias", Time since last: 118615 ns, Reaching safepoint: 33718 ns, At safepoint: 10418 ns, Total: 44136 ns
[2020-09-11T15:21:40.267+0000][1][safepoint    ] Safepoint "Cleanup", Time since last: 1000080441 ns, Reaching safepoint: 106656 ns, At safepoint: 90257 ns, Total: 196913 ns
[2020-09-11T15:21:42.623+0000][1][safepoint    ] Safepoint "RevokeBias", Time since last: 2356603993 ns, Reaching safepoint: 191141 ns, At safepoint: 21558 ns, Total: 212699 ns
[2020-09-11T15:21:42.626+0000][1][safepoint    ] Safepoint "RevokeBias", Time since last: 1299475 ns, Reaching safepoint: 1319504 ns, At safepoint: 22711 ns, Total: 1342215 ns
[2020-09-11T15:21:42.630+0000][1][safepoint    ] Safepoint "RevokeBias", Time since last: 4302711 ns, Reaching safepoint: 185287 ns, At safepoint: 20743 ns, Total: 206030 ns
[2020-09-11T15:21:42.631+0000][1][safepoint    ] Safepoint "RevokeBias", Time since last: 66504 ns, Reaching safepoint: 163980 ns, At safepoint: 12655 ns, Total: 176635 ns
[2020-09-11T15:21:42.631+0000][1][safepoint    ] Safepoint "RevokeBias", Time since last: 318038 ns, Reaching safepoint: 170896 ns, At safepoint: 12850 ns, Total: 183746 ns
[2020-09-11T15:21:42.637+0000][1][safepoint    ] Safepoint "RevokeBias", Time since last: 5615898 ns, Reaching safepoint: 203982 ns, At safepoint: 170472 ns, Total: 374454 ns
[2020-09-11T15:21:42.637+0000][1][safepoint    ] Safepoint "RevokeBias", Time since last: 75188 ns, Reaching safepoint: 166979 ns, At safepoint: 14769 ns, Total: 181748 ns
[2020-09-11T15:21:43.037+0000][1][safepoint    ] Safepoint "RevokeBias", Time since last: 399267755 ns, Reaching safepoint: 78477 ns, At safepoint: 20850 ns, Total: 99327 ns
[2020-09-11T15:21:43.044+0000][1][safepoint    ] Safepoint "RevokeBias", Time since last: 7159483 ns, Reaching safepoint: 200389 ns, At safepoint: 21880 ns, Total: 222269 ns
[2020-09-11T15:21:43.045+0000][1][safepoint    ] Safepoint "RevokeBias", Time since last: 141345 ns, Reaching safepoint: 173750 ns, At safepoint: 15019 ns, Total: 188769 ns
[2020-09-11T15:21:43.045+0000][1][safepoint    ] Safepoint "RevokeBias", Time since last: 100559 ns, Reaching safepoint: 170065 ns, At safepoint: 13793 ns, Total: 183858 ns
[2020-09-11T15:21:43.045+0000][1][safepoint    ] Safepoint "RevokeBias", Time since last: 59744 ns, Reaching safepoint: 160548 ns, At safepoint: 12634 ns, Total: 173182 ns
[2020-09-11T15:21:43.052+0000][1][safepoint    ] Safepoint "RevokeBias", Time since last: 6287563 ns, Reaching safepoint: 125752 ns, At safepoint: 19189 ns, Total: 144941 ns
[2020-09-11T15:21:43.052+0000][1][safepoint    ] Safepoint "RevokeBias", Time since last: 133736 ns, Reaching safepoint: 172155 ns, At safepoint: 16029 ns, Total: 188184 ns
[2020-09-11T15:21:43.062+0000][1][safepoint    ] Safepoint "RevokeBias", Time since last: 10401314 ns, Reaching safepoint: 212270 ns, At safepoint: 22514 ns, Total: 234784 ns
[2020-09-11T15:21:43.063+0000][1][safepoint    ] Safepoint "RevokeBias", Time since last: 620963 ns, Reaching safepoint: 191143 ns, At safepoint: 16554 ns, Total: 207697 ns
[2020-09-11T15:21:43.064+0000][1][safepoint    ] Safepoint "RevokeBias", Time since last: 162010 ns, Reaching safepoint: 179283 ns, At safepoint: 13696 ns, Total: 192979 ns
[2020-09-11T15:21:47.138+0000][1][safepoint    ] Safepoint "RevokeBias", Time since last: 4073964470 ns, Reaching safepoint: 94731 ns, At safepoint: 21006 ns, Total: 115737 ns
[2020-09-11T15:21:47.138+0000][1][safepoint    ] Safepoint "RevokeBias", Time since last: 149357 ns, Reaching safepoint: 35212 ns, At safepoint: 11503 ns, Total: 46715 ns
[2020-09-11T15:21:47.144+0000][1][safepoint    ] Safepoint "RevokeBias", Time since last: 6207633 ns, Reaching safepoint: 166226 ns, At safepoint: 19755 ns, Total: 185981 ns
[2020-09-11T15:21:47.334+0000][1][safepoint    ] Safepoint "RevokeBias", Time since last: 189112388 ns, Reaching safepoint: 235607 ns, At safepoint: 197166 ns, Total: 432773 ns
[2020-09-11T15:21:47.397+0000][1][gc,start     ] GC(157) Pause Young (Allocation Failure)
[2020-09-11T15:21:47.397+0000][1][gc,task      ] GC(157) Using 1 workers of 1 for evacuation
[2020-09-11T15:21:47.414+0000][1][gc,age       ] GC(157) Desired survivor size 4358144 bytes, new threshold 6 (max threshold 6)
[2020-09-11T15:21:47.414+0000][1][gc,age       ] GC(157) Age table with threshold 6 (max threshold 6)
[2020-09-11T15:21:47.414+0000][1][gc,age       ] GC(157) - age   1:    1045488 bytes,    1045488 total
[2020-09-11T15:21:47.414+0000][1][gc,age       ] GC(157) - age   2:     288608 bytes,    1334096 total
[2020-09-11T15:21:47.414+0000][1][gc,age       ] GC(157) - age   3:     247864 bytes,    1581960 total
[2020-09-11T15:21:47.414+0000][1][gc,age       ] GC(157) - age   4:     191440 bytes,    1773400 total
[2020-09-11T15:21:47.414+0000][1][gc,age       ] GC(157) - age   5:       1240 bytes,    1774640 total
[2020-09-11T15:21:47.414+0000][1][gc,age       ] GC(157) - age   6:       1880 bytes,    1776520 total
[2020-09-11T15:21:47.414+0000][1][gc,heap      ] GC(157) ParNew: 70120K->2594K(76672K)
[2020-09-11T15:21:47.414+0000][1][gc,heap      ] GC(157) CMS: 74338K->74539K(439104K)
[2020-09-11T15:21:47.414+0000][1][gc,metaspace ] GC(157) Metaspace: 93900K->93900K(1136640K)
[2020-09-11T15:21:47.414+0000][1][gc           ] GC(157) Pause Young (Allocation Failure) 141M->75M(503M) 17.085ms
[2020-09-11T15:21:47.414+0000][1][gc,cpu       ] GC(157) User=0.01s Sys=0.00s Real=0.01s
[2020-09-11T15:21:47.438+0000][1][safepoint    ] Safepoint "GenCollectForAllocation", Time since last: 63149089 ns, Reaching safepoint: 179697 ns, At safepoint: 40705656 ns, Total: 40885353 ns
[2020-09-11T15:21:48.439+0000][1][safepoint    ] Safepoint "Cleanup", Time since last: 1000883463 ns, Reaching safepoint: 136722 ns, At safepoint: 5842 ns, Total: 142564 ns
[2020-09-11T15:21:49.439+0000][1][safepoint    ] Safepoint "Cleanup", Time since last: 1000161880 ns, Reaching safepoint: 117072 ns, At safepoint: 7770 ns, Total: 124842 ns
[2020-09-11T15:21:50.439+0000][1][safepoint    ] Safepoint "Cleanup", Time since last: 1000124468 ns, Reaching safepoint: 109898 ns, At safepoint: 7525 ns, Total: 117423 ns
[2020-09-11T15:21:50.812+0000][1][safepoint    ] Safepoint "BulkRevokeBias", Time since last: 370029787 ns, Reaching safepoint: 2033444 ns, At safepoint: 368042 ns, Total: 2401486 ns
[2020-09-11T15:21:51.976+0000][1][safepoint    ] Safepoint "Cleanup", Time since last: 1163636842 ns, Reaching safepoint: 206358 ns, At safepoint: 6782 ns, Total: 213140 ns
[2020-09-11T15:21:52.976+0000][1][safepoint    ] Safepoint "Cleanup", Time since last: 1000190746 ns, Reaching safepoint: 138857 ns, At safepoint: 10315 ns, Total: 149172 ns
[2020-09-11T15:21:53.069+0000][1][safepoint    ] Safepoint "RevokeBias", Time since last: 92817572 ns, Reaching safepoint: 90034 ns, At safepoint: 26363 ns, Total: 116397 ns
[2020-09-11T15:21:53.079+0000][1][safepoint    ] Safepoint "RevokeBias", Time since last: 10140143 ns, Reaching safepoint: 200491 ns, At safepoint: 23114 ns, Total: 223605 ns
[2020-09-11T15:21:53.080+0000][1][safepoint    ] Safepoint "RevokeBias", Time since last: 159522 ns, Reaching safepoint: 184938 ns, At safepoint: 16585 ns, Total: 201523 ns
[2020-09-11T15:21:53.080+0000][1][safepoint    ] Safepoint "RevokeBias", Time since last: 106268 ns, Reaching safepoint: 178740 ns, At safepoint: 14197 ns, Total: 192937 ns
[2020-09-11T15:21:53.080+0000][1][safepoint    ] Safepoint "RevokeBias", Time since last: 52522 ns, Reaching safepoint: 220495 ns, At safepoint: 35034 ns, Total: 255529 ns
[2020-09-11T15:21:53.090+0000][1][safepoint    ] Safepoint "RevokeBias", Time since last: 9900419 ns, Reaching safepoint: 203591 ns, At safepoint: 24818 ns, Total: 228409 ns
[2020-09-11T15:21:54.091+0000][1][safepoint    ] Safepoint "Cleanup", Time since last: 1000181897 ns, Reaching safepoint: 126952 ns, At safepoint: 7550 ns, Total: 134502 ns
[2020-09-11T15:21:57.136+0000][1][safepoint    ] Safepoint "RevokeBias", Time since last: 3043252366 ns, Reaching safepoint: 1477077 ns, At safepoint: 24389 ns, Total: 1501466 ns
[2020-09-11T15:21:57.330+0000][1][safepoint    ] Safepoint "RevokeBias", Time since last: 192282029 ns, Reaching safepoint: 2220609 ns, At safepoint: 208454 ns, Total: 2429063 ns
[2020-09-11T15:21:58.331+0000][1][safepoint    ] Safepoint "Cleanup", Time since last: 1000131941 ns, Reaching safepoint: 118264 ns, At safepoint: 7345 ns, Total: 125609 ns
[2020-09-11T15:22:02.331+0000][1][safepoint    ] Safepoint "Cleanup", Time since last: 4000507535 ns, Reaching safepoint: 222981 ns, At safepoint: 18767 ns, Total: 241748 ns
[2020-09-11T15:22:02.636+0000][1][gc,start     ] GC(158) Pause Young (Allocation Failure)
[2020-09-11T15:22:02.636+0000][1][gc,task      ] GC(158) Using 1 workers of 1 for evacuation
[2020-09-11T15:22:02.645+0000][1][gc,age       ] GC(158) Desired survivor size 4358144 bytes, new threshold 6 (max threshold 6)
[2020-09-11T15:22:02.645+0000][1][gc,age       ] GC(158) Age table with threshold 6 (max threshold 6)
[2020-09-11T15:22:02.645+0000][1][gc,age       ] GC(158) - age   1:    2322288 bytes,    2322288 total
[2020-09-11T15:22:02.645+0000][1][gc,age       ] GC(158) - age   2:     521320 bytes,    2843608 total
[2020-09-11T15:22:02.645+0000][1][gc,age       ] GC(158) - age   3:     284040 bytes,    3127648 total
[2020-09-11T15:22:02.645+0000][1][gc,age       ] GC(158) - age   4:     233184 bytes,    3360832 total
[2020-09-11T15:22:02.645+0000][1][gc,age       ] GC(158) - age   5:     191440 bytes,    3552272 total
[2020-09-11T15:22:02.645+0000][1][gc,age       ] GC(158) - age   6:       1240 bytes,    3553512 total
[2020-09-11T15:22:02.645+0000][1][gc,heap      ] GC(158) ParNew: 70754K->4876K(76672K)
[2020-09-11T15:22:02.645+0000][1][gc,heap      ] GC(158) CMS: 74539K->74541K(439104K)
[2020-09-11T15:22:02.645+0000][1][gc,metaspace ] GC(158) Metaspace: 94168K->94168K(1136640K)
[2020-09-11T15:22:02.645+0000][1][gc           ] GC(158) Pause Young (Allocation Failure) 141M->77M(503M) 8.916ms
[2020-09-11T15:22:02.645+0000][1][gc,cpu       ] GC(158) User=0.01s Sys=0.00s Real=0.01s
[2020-09-11T15:22:02.645+0000][1][safepoint    ] Safepoint "GenCollectForAllocation", Time since last: 304721656 ns, Reaching safepoint: 239696 ns, At safepoint: 8983963 ns, Total: 9223659 ns
[2020-09-11T15:22:03.012+0000][1][safepoint    ] Safepoint "RevokeBias", Time since last: 366140322 ns, Reaching safepoint: 231237 ns, At safepoint: 84908 ns, Total: 316145 ns
[2020-09-11T15:22:03.105+0000][1][safepoint    ] Safepoint "RevokeBias", Time since last: 92960485 ns, Reaching safepoint: 76552 ns, At safepoint: 31449 ns, Total: 108001 ns
[2020-09-11T15:22:03.120+0000][1][safepoint    ] Safepoint "RevokeBias", Time since last: 13662838 ns, Reaching safepoint: 1091044 ns, At safepoint: 24596 ns, Total: 1115640 ns
[2020-09-11T15:22:03.124+0000][1][safepoint    ] Safepoint "RevokeBias", Time since last: 145172 ns, Reaching safepoint: 3846229 ns, At safepoint: 38208 ns, Total: 3884437 ns
[2020-09-11T15:22:03.124+0000][1][safepoint    ] Safepoint "BulkRevokeBias", Time since last: 171764 ns, Reaching safepoint: 116461 ns, At safepoint: 259610 ns, Total: 376071 ns
[2020-09-11T15:22:03.152+0000][1][safepoint    ] Safepoint "RevokeBias", Time since last: 28019848 ns, Reaching safepoint: 164383 ns, At safepoint: 24686 ns, Total: 189069 ns
[2020-09-11T15:22:04.153+0000][1][safepoint    ] Safepoint "Cleanup", Time since last: 1000197746 ns, Reaching safepoint: 176291 ns, At safepoint: 19775 ns, Total: 196066 ns
[2020-09-11T15:22:07.130+0000][1][safepoint    ] Safepoint "RevokeBias", Time since last: 2976980772 ns, Reaching safepoint: 88105 ns, At safepoint: 21938 ns, Total: 110043 ns
[2020-09-11T15:22:07.316+0000][1][safepoint    ] Safepoint "RevokeBias", Time since last: 185984189 ns, Reaching safepoint: 89631 ns, At safepoint: 20246 ns, Total: 109877 ns
[2020-09-11T15:22:08.316+0000][1][safepoint    ] Safepoint "Cleanup", Time since last: 1000165770 ns, Reaching safepoint: 184373 ns, At safepoint: 17908 ns, Total: 202281 ns
[2020-09-11T15:22:09.317+0000][1][safepoint    ] Safepoint "Cleanup", Time since last: 1000231097 ns, Reaching safepoint: 128060 ns, At safepoint: 9280 ns, Total: 137340 ns
[2020-09-11T15:22:11.317+0000][1][safepoint    ] Safepoint "Cleanup", Time since last: 2000288384 ns, Reaching safepoint: 142463 ns, At safepoint: 7694 ns, Total: 150157 ns
[2020-09-11T15:22:12.317+0000][1][safepoint    ] Safepoint "Cleanup", Time since last: 1000125628 ns, Reaching safepoint: 101590 ns, At safepoint: 7980 ns, Total: 109570 ns
[2020-09-11T15:22:13.169+0000][1][safepoint    ] Safepoint "RevokeBias", Time since last: 851288929 ns, Reaching safepoint: 292915 ns, At safepoint: 52737 ns, Total: 345652 ns
[2020-09-11T15:22:13.183+0000][1][gc,start     ] GC(159) Pause Young (Allocation Failure)
[2020-09-11T15:22:13.184+0000][1][gc,task      ] GC(159) Using 1 workers of 1 for evacuation
[2020-09-11T15:22:13.192+0000][1][gc,age       ] GC(159) Desired survivor size 4358144 bytes, new threshold 6 (max threshold 6)
[2020-09-11T15:22:13.192+0000][1][gc,age       ] GC(159) Age table with threshold 6 (max threshold 6)
[2020-09-11T15:22:13.192+0000][1][gc,age       ] GC(159) - age   1:     596304 bytes,     596304 total
[2020-09-11T15:22:13.192+0000][1][gc,age       ] GC(159) - age   2:     103192 bytes,     699496 total
[2020-09-11T15:22:13.192+0000][1][gc,age       ] GC(159) - age   3:     512328 bytes,    1211824 total
[2020-09-11T15:22:13.192+0000][1][gc,age       ] GC(159) - age   4:     282848 bytes,    1494672 total
[2020-09-11T15:22:13.192+0000][1][gc,age       ] GC(159) - age   5:     231592 bytes,    1726264 total
[2020-09-11T15:22:13.192+0000][1][gc,age       ] GC(159) - age   6:     190856 bytes,    1917120 total
[2020-09-11T15:22:13.192+0000][1][gc,heap      ] GC(159) ParNew: 73027K->3009K(76672K)
[2020-09-11T15:22:13.192+0000][1][gc,heap      ] GC(159) CMS: 74541K->74542K(439104K)
[2020-09-11T15:22:13.192+0000][1][gc,metaspace ] GC(159) Metaspace: 94283K->94283K(1136640K)
[2020-09-11T15:22:13.192+0000][1][gc           ] GC(159) Pause Young (Allocation Failure) 144M->75M(503M) 8.894ms
[2020-09-11T15:22:13.192+0000][1][gc,cpu       ] GC(159) User=0.01s Sys=0.00s Real=0.00s
[2020-09-11T15:22:13.193+0000][1][safepoint    ] Safepoint "GenCollectForAllocation", Time since last: 14372541 ns, Reaching safepoint: 184412 ns, At safepoint: 9105323 ns, Total: 9289735 ns
[2020-09-11T15:22:13.194+0000][1][safepoint    ] Safepoint "RevokeBias", Time since last: 1245323 ns, Reaching safepoint: 71137 ns, At safepoint: 29025 ns, Total: 100162 ns
[2020-09-11T15:22:13.194+0000][1][safepoint    ] Safepoint "RevokeBias", Time since last: 114826 ns, Reaching safepoint: 51725 ns, At safepoint: 20896 ns, Total: 72621 ns
[2020-09-11T15:22:13.194+0000][1][safepoint    ] Safepoint "RevokeBias", Time since last: 86006 ns, Reaching safepoint: 46743 ns, At safepoint: 19790 ns, Total: 66533 ns
[2020-09-11T15:22:13.194+0000][1][safepoint    ] Safepoint "RevokeBias", Time since last: 40849 ns, Reaching safepoint: 33194 ns, At safepoint: 17957 ns, Total: 51151 ns
[2020-09-11T15:22:13.201+0000][1][safepoint    ] Safepoint "RevokeBias", Time since last: 6433222 ns, Reaching safepoint: 192580 ns, At safepoint: 32211 ns, Total: 224791 ns
[2020-09-11T15:22:14.201+0000][1][safepoint    ] Safepoint "Cleanup", Time since last: 1000134380 ns, Reaching safepoint: 144224 ns, At safepoint: 7947 ns, Total: 152171 ns
[2020-09-11T15:22:16.202+0000][1][safepoint    ] Safepoint "Cleanup", Time since last: 2000269757 ns, Reaching safepoint: 180010 ns, At safepoint: 17299 ns, Total: 197309 ns
[2020-09-11T15:22:17.140+0000][1][safepoint    ] Safepoint "RevokeBias", Time since last: 937174143 ns, Reaching safepoint: 1033975 ns, At safepoint: 28595 ns, Total: 1062570 ns
[2020-09-11T15:22:17.457+0000][1][safepoint    ] Safepoint "RevokeBias", Time since last: 316575976 ns, Reaching safepoint: 607622 ns, At safepoint: 24998 ns, Total: 632620 ns
[2020-09-11T15:22:18.458+0000][1][safepoint    ] Safepoint "Cleanup", Time since last: 1000171167 ns, Reaching safepoint: 144756 ns, At safepoint: 11142 ns, Total: 155898 ns
[2020-09-11T15:22:23.213+0000][1][safepoint    ] Safepoint "RevokeBias", Time since last: 4755235421 ns, Reaching safepoint: 183270 ns, At safepoint: 64150 ns, Total: 247420 ns
[2020-09-11T15:22:26.214+0000][1][safepoint    ] Safepoint "Cleanup", Time since last: 3000478338 ns, Reaching safepoint: 195866 ns, At safepoint: 15879 ns, Total: 211745 ns
[2020-09-11T15:22:27.214+0000][1][safepoint    ] Safepoint "Cleanup", Time since last: 1000155941 ns, Reaching safepoint: 94348 ns, At safepoint: 6669 ns, Total: 101017 ns
[2020-09-11T15:22:27.405+0000][1][safepoint    ] Safepoint "BulkRevokeBias", Time since last: 190336145 ns, Reaching safepoint: 94728 ns, At safepoint: 247067 ns, Total: 341795 ns
[2020-09-11T15:22:27.545+0000][1][safepoint    ] Safepoint "RevokeBias", Time since last: 140635116 ns, Reaching safepoint: 167006 ns, At safepoint: 21586 ns, Total: 188592 ns
[2020-09-11T15:22:28.546+0000][1][safepoint    ] Safepoint "Cleanup", Time since last: 1000139968 ns, Reaching safepoint: 175666 ns, At safepoint: 18393 ns, Total: 194059 ns
[2020-09-11T15:22:33.325+0000][1][gc,start     ] GC(160) Pause Young (Allocation Failure)
[2020-09-11T15:22:33.325+0000][1][gc,task      ] GC(160) Using 1 workers of 1 for evacuation
[2020-09-11T15:22:33.338+0000][1][gc,age       ] GC(160) Desired survivor size 4358144 bytes, new threshold 6 (max threshold 6)
[2020-09-11T15:22:33.338+0000][1][gc,age       ] GC(160) Age table with threshold 6 (max threshold 6)
[2020-09-11T15:22:33.338+0000][1][gc,age       ] GC(160) - age   1:    2322024 bytes,    2322024 total
[2020-09-11T15:22:33.338+0000][1][gc,age       ] GC(160) - age   2:      60448 bytes,    2382472 total
[2020-09-11T15:22:33.338+0000][1][gc,age       ] GC(160) - age   3:      77488 bytes,    2459960 total
[2020-09-11T15:22:33.338+0000][1][gc,age       ] GC(160) - age   4:     512056 bytes,    2972016 total
[2020-09-11T15:22:33.338+0000][1][gc,age       ] GC(160) - age   5:     282848 bytes,    3254864 total
[2020-09-11T15:22:33.338+0000][1][gc,age       ] GC(160) - age   6:     228840 bytes,    3483704 total
[2020-09-11T15:22:33.338+0000][1][gc,heap      ] GC(160) ParNew: 71169K->4312K(76672K)
[2020-09-11T15:22:33.338+0000][1][gc,heap      ] GC(160) CMS: 74542K->74735K(439104K)
[2020-09-11T15:22:33.338+0000][1][gc,metaspace ] GC(160) Metaspace: 94376K->94376K(1136640K)
[2020-09-11T15:22:33.338+0000][1][gc           ] GC(160) Pause Young (Allocation Failure) 142M->77M(503M) 13.139ms
[2020-09-11T15:22:33.338+0000][1][gc,cpu       ] GC(160) User=0.01s Sys=0.00s Real=0.01s
[2020-09-11T15:22:33.338+0000][1][safepoint    ] Safepoint "GenCollectForAllocation", Time since last: 4778915863 ns, Reaching safepoint: 289521 ns, At safepoint: 13225469 ns, Total: 13514990 ns
[2020-09-11T15:22:37.351+0000][1][safepoint    ] Safepoint "Cleanup", Time since last: 4009225583 ns, Reaching safepoint: 4005314 ns, At safepoint: 15929 ns, Total: 4021243 ns
[2020-09-11T15:22:37.396+0000][1][safepoint    ] Safepoint "RevokeBias", Time since last: 36699915 ns, Reaching safepoint: 7346860 ns, At safepoint: 42678 ns, Total: 7389538 ns
[2020-09-11T15:22:38.396+0000][1][safepoint    ] Safepoint "Cleanup", Time since last: 1000151398 ns, Reaching safepoint: 212942 ns, At safepoint: 19468 ns, Total: 232410 ns
[2020-09-11T15:22:43.397+0000][1][safepoint    ] Safepoint "Cleanup", Time since last: 5000794127 ns, Reaching safepoint: 92478 ns, At safepoint: 6351 ns, Total: 98829 ns
[2020-09-11T15:22:44.397+0000][1][safepoint    ] Safepoint "Cleanup", Time since last: 1000142033 ns, Reaching safepoint: 183216 ns, At safepoint: 21142 ns, Total: 204358 ns
[2020-09-11T15:22:47.247+0000][1][safepoint    ] Safepoint "RevokeBias", Time since last: 2849715032 ns, Reaching safepoint: 221467 ns, At safepoint: 200946 ns, Total: 422413 ns
[2020-09-11T15:22:48.248+0000][1][safepoint    ] Safepoint "Cleanup", Time since last: 1000076432 ns, Reaching safepoint: 105053 ns, At safepoint: 10276 ns, Total: 115329 ns
[2020-09-11T15:22:54.222+0000][1][safepoint    ] Safepoint "RevokeBias", Time since last: 5974021579 ns, Reaching safepoint: 300923 ns, At safepoint: 54916 ns, Total: 355839 ns
[2020-09-11T15:22:54.230+0000][1][gc,start     ] GC(161) Pause Young (Allocation Failure)
[2020-09-11T15:22:54.230+0000][1][gc,task      ] GC(161) Using 1 workers of 1 for evacuation
[2020-09-11T15:22:54.240+0000][1][gc,age       ] GC(161) Desired survivor size 4358144 bytes, new threshold 6 (max threshold 6)
[2020-09-11T15:22:54.240+0000][1][gc,age       ] GC(161) Age table with threshold 6 (max threshold 6)
[2020-09-11T15:22:54.240+0000][1][gc,age       ] GC(161) - age   1:     708120 bytes,     708120 total
[2020-09-11T15:22:54.240+0000][1][gc,age       ] GC(161) - age   2:    2008072 bytes,    2716192 total
[2020-09-11T15:22:54.240+0000][1][gc,age       ] GC(161) - age   3:      55120 bytes,    2771312 total
[2020-09-11T15:22:54.240+0000][1][gc,age       ] GC(161) - age   4:      77256 bytes,    2848568 total
[2020-09-11T15:22:54.240+0000][1][gc,age       ] GC(161) - age   5:     512056 bytes,    3360624 total
[2020-09-11T15:22:54.240+0000][1][gc,age       ] GC(161) - age   6:     282848 bytes,    3643472 total
[2020-09-11T15:22:54.240+0000][1][gc,heap      ] GC(161) ParNew: 72400K->6181K(76672K)
[2020-09-11T15:22:54.240+0000][1][gc,heap      ] GC(161) CMS: 74735K->74969K(439104K)
[2020-09-11T15:22:54.240+0000][1][gc,metaspace ] GC(161) Metaspace: 94472K->94472K(1136640K)
[2020-09-11T15:22:54.240+0000][1][gc           ] GC(161) Pause Young (Allocation Failure) 143M->79M(503M) 10.931ms
[2020-09-11T15:22:54.240+0000][1][gc,cpu       ] GC(161) User=0.01s Sys=0.00s Real=0.01s
[2020-09-11T15:22:54.241+0000][1][safepoint    ] Safepoint "GenCollectForAllocation", Time since last: 7242601 ns, Reaching safepoint: 366971 ns, At safepoint: 11011628 ns, Total: 11378599 ns
[2020-09-11T15:22:54.252+0000][1][safepoint    ] Safepoint "RevokeBias", Time since last: 11065125 ns, Reaching safepoint: 214388 ns, At safepoint: 40349 ns, Total: 254737 ns
[2020-09-11T15:22:54.252+0000][1][safepoint    ] Safepoint "BulkRevokeBias", Time since last: 195235 ns, Reaching safepoint: 158939 ns, At safepoint: 296765 ns, Total: 455704 ns
[2020-09-11T15:22:54.253+0000][1][safepoint    ] Safepoint "RevokeBias", Time since last: 130376 ns, Reaching safepoint: 171962 ns, At safepoint: 20821 ns, Total: 192783 ns
[2020-09-11T15:22:54.253+0000][1][safepoint    ] Safepoint "RevokeBias", Time since last: 56417 ns, Reaching safepoint: 157366 ns, At safepoint: 18787 ns, Total: 176153 ns
[2020-09-11T15:22:54.260+0000][1][safepoint    ] Safepoint "RevokeBias", Time since last: 6935398 ns, Reaching safepoint: 203333 ns, At safepoint: 20668 ns, Total: 224001 ns
[2020-09-11T15:22:54.269+0000][1][safepoint    ] Safepoint "RevokeBias", Time since last: 8702471 ns, Reaching safepoint: 217963 ns, At safepoint: 30157 ns, Total: 248120 ns
[2020-09-11T15:22:54.269+0000][1][safepoint    ] Safepoint "RevokeBias", Time since last: 67768 ns, Reaching safepoint: 184654 ns, At safepoint: 21701 ns, Total: 206355 ns
[2020-09-11T15:22:54.270+0000][1][safepoint    ] Safepoint "RevokeBias", Time since last: 42346 ns, Reaching safepoint: 168372 ns, At safepoint: 25313 ns, Total: 193685 ns
[2020-09-11T15:22:54.270+0000][1][safepoint    ] Safepoint "RevokeBias", Time since last: 39236 ns, Reaching safepoint: 171420 ns, At safepoint: 23248 ns, Total: 194668 ns
[2020-09-11T15:22:54.270+0000][1][safepoint    ] Safepoint "RevokeBias", Time since last: 37588 ns, Reaching safepoint: 164334 ns, At safepoint: 21104 ns, Total: 185438 ns
[2020-09-11T15:22:54.270+0000][1][safepoint    ] Safepoint "RevokeBias", Time since last: 35591 ns, Reaching safepoint: 158259 ns, At safepoint: 19387 ns, Total: 177646 ns
[2020-09-11T15:22:54.276+0000][1][safepoint    ] Safepoint "RevokeBias", Time since last: 5112892 ns, Reaching safepoint: 214820 ns, At safepoint: 55189 ns, Total: 270009 ns
[2020-09-11T15:22:54.283+0000][1][safepoint    ] Safepoint "RevokeBias", Time since last: 7494102 ns, Reaching safepoint: 236357 ns, At safepoint: 21285 ns, Total: 257642 ns
[2020-09-11T15:22:54.285+0000][1][safepoint    ] Safepoint "RevokeBias", Time since last: 1738702 ns, Reaching safepoint: 157260 ns, At safepoint: 51965 ns, Total: 209225 ns
[2020-09-11T15:22:54.288+0000][1][safepoint    ] Safepoint "RevokeBias", Time since last: 1993036 ns, Reaching safepoint: 200206 ns, At safepoint: 18824 ns, Total: 219030 ns
[2020-09-11T15:22:54.292+0000][1][safepoint    ] Safepoint "RevokeBias", Time since last: 4008395 ns, Reaching safepoint: 181920 ns, At safepoint: 28061 ns, Total: 209981 ns
[2020-09-11T15:22:55.292+0000][1][safepoint    ] Safepoint "Cleanup", Time since last: 1000115145 ns, Reaching safepoint: 95448 ns, At safepoint: 7445 ns, Total: 102893 ns
[2020-09-11T15:22:56.292+0000][1][safepoint    ] Safepoint "Cleanup", Time since last: 1000147598 ns, Reaching safepoint: 176144 ns, At safepoint: 18479 ns, Total: 194623 ns
[2020-09-11T15:22:57.136+0000][1][safepoint    ] Safepoint "RevokeBias", Time since last: 843582769 ns, Reaching safepoint: 212779 ns, At safepoint: 19884 ns, Total: 232663 ns
[2020-09-11T15:22:57.240+0000][1][safepoint    ] Safepoint "RevokeBias", Time since last: 103184555 ns, Reaching safepoint: 227676 ns, At safepoint: 221836 ns, Total: 449512 ns
[2020-09-11T15:22:58.240+0000][1][safepoint    ] Safepoint "Cleanup", Time since last: 1000138710 ns, Reaching safepoint: 225166 ns, At safepoint: 20207 ns, Total: 245373 ns
[2020-09-11T15:22:59.241+0000][1][safepoint    ] Safepoint "Cleanup", Time since last: 1000185549 ns, Reaching safepoint: 181800 ns, At safepoint: 18299 ns, Total: 200099 ns
[2020-09-11T15:23:01.241+0000][1][safepoint    ] Safepoint "Cleanup", Time since last: 2000374113 ns, Reaching safepoint: 170197 ns, At safepoint: 19371 ns, Total: 189568 ns
[2020-09-11T15:23:03.242+0000][1][safepoint    ] Safepoint "Cleanup", Time since last: 2000384683 ns, Reaching safepoint: 124094 ns, At safepoint: 9607 ns, Total: 133701 ns
[2020-09-11T15:23:03.283+0000][1][safepoint    ] Safepoint "RevokeBias", Time since last: 40926061 ns, Reaching safepoint: 269267 ns, At safepoint: 48555 ns, Total: 317822 ns
[2020-09-11T15:23:03.300+0000][1][safepoint    ] Safepoint "RevokeBias", Time since last: 16762129 ns, Reaching safepoint: 196105 ns, At safepoint: 24021 ns, Total: 220126 ns
[2020-09-11T15:23:03.301+0000][1][safepoint    ] Safepoint "RevokeBias", Time since last: 1187870 ns, Reaching safepoint: 183950 ns, At safepoint: 17565 ns, Total: 201515 ns
[2020-09-11T15:23:03.302+0000][1][safepoint    ] Safepoint "RevokeBias", Time since last: 799253 ns, Reaching safepoint: 147949 ns, At safepoint: 19053 ns, Total: 167002 ns
[2020-09-11T15:23:03.303+0000][1][safepoint    ] Safepoint "RevokeBias", Time since last: 73911 ns, Reaching safepoint: 172178 ns, At safepoint: 15030 ns, Total: 187208 ns
[2020-09-11T15:23:03.312+0000][1][safepoint    ] Safepoint "RevokeBias", Time since last: 9647094 ns, Reaching safepoint: 196133 ns, At safepoint: 23154 ns, Total: 219287 ns
[2020-09-11T15:23:03.399+0000][1][gc,start     ] GC(162) Pause Young (Allocation Failure)
[2020-09-11T15:23:03.399+0000][1][gc,task      ] GC(162) Using 1 workers of 1 for evacuation
[2020-09-11T15:23:03.410+0000][1][gc,age       ] GC(162) Desired survivor size 4358144 bytes, new threshold 6 (max threshold 6)
[2020-09-11T15:23:03.410+0000][1][gc,age       ] GC(162) Age table with threshold 6 (max threshold 6)
[2020-09-11T15:23:03.410+0000][1][gc,age       ] GC(162) - age   1:     198952 bytes,     198952 total
[2020-09-11T15:23:03.410+0000][1][gc,age       ] GC(162) - age   2:      40552 bytes,     239504 total
[2020-09-11T15:23:03.410+0000][1][gc,age       ] GC(162) - age   3:      80768 bytes,     320272 total
[2020-09-11T15:23:03.410+0000][1][gc,age       ] GC(162) - age   4:      53896 bytes,     374168 total
[2020-09-11T15:23:03.410+0000][1][gc,age       ] GC(162) - age   5:      75720 bytes,     449888 total
[2020-09-11T15:23:03.410+0000][1][gc,age       ] GC(162) - age   6:     512056 bytes,     961944 total
[2020-09-11T15:23:03.410+0000][1][gc,heap      ] GC(162) ParNew: 74341K->2106K(76672K)
[2020-09-11T15:23:03.410+0000][1][gc,heap      ] GC(162) CMS: 74969K->75251K(439104K)
[2020-09-11T15:23:03.410+0000][1][gc,metaspace ] GC(162) Metaspace: 94684K->94684K(1136640K)
[2020-09-11T15:23:03.410+0000][1][gc           ] GC(162) Pause Young (Allocation Failure) 145M->75M(503M) 11.045ms
[2020-09-11T15:23:03.410+0000][1][gc,cpu       ] GC(162) User=0.01s Sys=0.00s Real=0.01s
[2020-09-11T15:23:03.410+0000][1][safepoint    ] Safepoint "GenCollectForAllocation", Time since last: 86014231 ns, Reaching safepoint: 174575 ns, At safepoint: 11130370 ns, Total: 11304945 ns
[2020-09-11T15:23:05.413+0000][1][safepoint    ] Safepoint "Cleanup", Time since last: 2002860743 ns, Reaching safepoint: 101749 ns, At safepoint: 21611 ns, Total: 123360 ns
[2020-09-11T15:23:07.144+0000][1][safepoint    ] Safepoint "RevokeBias", Time since last: 1730734314 ns, Reaching safepoint: 208436 ns, At safepoint: 19446 ns, Total: 227882 ns
[2020-09-11T15:23:07.306+0000][1][safepoint    ] Safepoint "RevokeBias", Time since last: 161605779 ns, Reaching safepoint: 754167 ns, At safepoint: 227790 ns, Total: 981957 ns
[2020-09-11T15:23:08.307+0000][1][safepoint    ] Safepoint "Cleanup", Time since last: 1000178559 ns, Reaching safepoint: 258961 ns, At safepoint: 21763 ns, Total: 280724 ns
[2020-09-11T15:23:09.307+0000][1][safepoint    ] Safepoint "Cleanup", Time since last: 1000224538 ns, Reaching safepoint: 158327 ns, At safepoint: 17730 ns, Total: 176057 ns
[2020-09-11T15:23:10.307+0000][1][safepoint    ] Safepoint "Cleanup", Time since last: 1000269929 ns, Reaching safepoint: 83962 ns, At safepoint: 7360 ns, Total: 91322 ns
[2020-09-11T15:23:11.308+0000][1][safepoint    ] Safepoint "Cleanup", Time since last: 1000162161 ns, Reaching safepoint: 120430 ns, At safepoint: 7517 ns, Total: 127947 ns
[2020-09-11T15:23:12.308+0000][1][safepoint    ] Safepoint "Cleanup", Time since last: 1000141945 ns, Reaching safepoint: 169856 ns, At safepoint: 18756 ns, Total: 188612 ns
[2020-09-11T15:23:13.308+0000][1][safepoint    ] Safepoint "Cleanup", Time since last: 1000147956 ns, Reaching safepoint: 118933 ns, At safepoint: 8576 ns, Total: 127509 ns
[2020-09-11T15:23:13.324+0000][1][safepoint    ] Safepoint "RevokeBias", Time since last: 15677876 ns, Reaching safepoint: 80446 ns, At safepoint: 21222 ns, Total: 101668 ns
[2020-09-11T15:23:13.345+0000][1][safepoint    ] Safepoint "RevokeBias", Time since last: 20616213 ns, Reaching safepoint: 157196 ns, At safepoint: 22181 ns, Total: 179377 ns
[2020-09-11T15:23:13.345+0000][1][safepoint    ] Safepoint "RevokeBias", Time since last: 133067 ns, Reaching safepoint: 105144 ns, At safepoint: 13123 ns, Total: 118267 ns
[2020-09-11T15:23:13.348+0000][1][safepoint    ] Safepoint "RevokeBias", Time since last: 2205715 ns, Reaching safepoint: 151388 ns, At safepoint: 19791 ns, Total: 171179 ns
[2020-09-11T15:23:13.348+0000][1][safepoint    ] Safepoint "RevokeBias", Time since last: 92041 ns, Reaching safepoint: 106868 ns, At safepoint: 13613 ns, Total: 120481 ns
[2020-09-11T15:23:13.382+0000][1][safepoint    ] Safepoint "RevokeBias", Time since last: 33838976 ns, Reaching safepoint: 162864 ns, At safepoint: 27447 ns, Total: 190311 ns
[2020-09-11T15:23:14.382+0000][1][safepoint    ] Safepoint "Cleanup", Time since last: 1000177075 ns, Reaching safepoint: 168927 ns, At safepoint: 18743 ns, Total: 187670 ns
[2020-09-11T15:23:15.383+0000][1][safepoint    ] Safepoint "Cleanup", Time since last: 1000234012 ns, Reaching safepoint: 176796 ns, At safepoint: 19314 ns, Total: 196110 ns
[2020-09-11T15:23:16.383+0000][1][safepoint    ] Safepoint "Cleanup", Time since last: 1000205481 ns, Reaching safepoint: 168440 ns, At safepoint: 18572 ns, Total: 187012 ns
[2020-09-11T15:23:17.138+0000][1][safepoint    ] Safepoint "RevokeBias", Time since last: 755098398 ns, Reaching safepoint: 84598 ns, At safepoint: 19345 ns, Total: 103943 ns
[2020-09-11T15:23:17.444+0000][1][safepoint    ] Safepoint "RevokeBias", Time since last: 302185107 ns, Reaching safepoint: 3152655 ns, At safepoint: 242340 ns, Total: 3394995 ns
[2020-09-11T15:23:17.576+0000][1][gc,start     ] GC(163) Pause Young (Allocation Failure)
[2020-09-11T15:23:17.576+0000][1][gc,task      ] GC(163) Using 1 workers of 1 for evacuation
[2020-09-11T15:23:17.606+0000][1][gc,age       ] GC(163) Desired survivor size 4358144 bytes, new threshold 6 (max threshold 6)
[2020-09-11T15:23:17.606+0000][1][gc,age       ] GC(163) Age table with threshold 6 (max threshold 6)
[2020-09-11T15:23:17.606+0000][1][gc,age       ] GC(163) - age   1:     583144 bytes,     583144 total
[2020-09-11T15:23:17.606+0000][1][gc,age       ] GC(163) - age   2:     145728 bytes,     728872 total
[2020-09-11T15:23:17.606+0000][1][gc,age       ] GC(163) - age   3:      30544 bytes,     759416 total
[2020-09-11T15:23:17.606+0000][1][gc,age       ] GC(163) - age   4:      78768 bytes,     838184 total
[2020-09-11T15:23:17.606+0000][1][gc,age       ] GC(163) - age   5:      53464 bytes,     891648 total
[2020-09-11T15:23:17.606+0000][1][gc,age       ] GC(163) - age   6:      75720 bytes,     967368 total
[2020-09-11T15:23:17.606+0000][1][gc,heap      ] GC(163) ParNew: 70266K->1758K(76672K)
[2020-09-11T15:23:17.606+0000][1][gc,heap      ] GC(163) CMS: 75251K->75758K(439104K)
[2020-09-11T15:23:17.606+0000][1][gc,metaspace ] GC(163) Metaspace: 94776K->94776K(1136640K)
[2020-09-11T15:23:17.606+0000][1][gc           ] GC(163) Pause Young (Allocation Failure) 142M->75M(503M) 30.955ms
[2020-09-11T15:23:17.607+0000][1][gc,cpu       ] GC(163) User=0.01s Sys=0.00s Real=0.03s
[2020-09-11T15:23:17.607+0000][1][safepoint    ] Safepoint "GenCollectForAllocation", Time since last: 128421664 ns, Reaching safepoint: 3296065 ns, At safepoint: 31026343 ns, Total: 34322408 ns
[2020-09-11T15:23:18.636+0000][1][safepoint    ] Safepoint "Cleanup", Time since last: 1028959100 ns, Reaching safepoint: 102089 ns, At safepoint: 11344 ns, Total: 113433 ns
[2020-09-11T15:23:19.636+0000][1][safepoint    ] Safepoint "Cleanup", Time since last: 1000150632 ns, Reaching safepoint: 135685 ns, At safepoint: 7428 ns, Total: 143113 ns
[2020-09-11T15:23:20.636+0000][1][safepoint    ] Safepoint "Cleanup", Time since last: 1000140453 ns, Reaching safepoint: 188333 ns, At safepoint: 8706 ns, Total: 197039 ns
[2020-09-11T15:23:21.637+0000][1][safepoint    ] Safepoint "Cleanup", Time since last: 1000247019 ns, Reaching safepoint: 83075 ns, At safepoint: 6509 ns, Total: 89584 ns
[2020-09-11T15:23:22.637+0000][1][safepoint    ] Safepoint "Cleanup", Time since last: 1000121209 ns, Reaching safepoint: 136022 ns, At safepoint: 6758 ns, Total: 142780 ns
[2020-09-11T15:23:23.400+0000][1][safepoint    ] Safepoint "BulkRevokeBias", Time since last: 763083202 ns, Reaching safepoint: 199466 ns, At safepoint: 267839 ns, Total: 467305 ns
[2020-09-11T15:23:23.408+0000][1][safepoint    ] Safepoint "RevokeBias", Time since last: 7654116 ns, Reaching safepoint: 197087 ns, At safepoint: 22770 ns, Total: 219857 ns
[2020-09-11T15:23:23.409+0000][1][safepoint    ] Safepoint "RevokeBias", Time since last: 154105 ns, Reaching safepoint: 185158 ns, At safepoint: 17603 ns, Total: 202761 ns
[2020-09-11T15:23:23.409+0000][1][safepoint    ] Safepoint "RevokeBias", Time since last: 168510 ns, Reaching safepoint: 182495 ns, At safepoint: 15646 ns, Total: 198141 ns
[2020-09-11T15:23:23.409+0000][1][safepoint    ] Safepoint "RevokeBias", Time since last: 60652 ns, Reaching safepoint: 173679 ns, At safepoint: 13536 ns, Total: 187215 ns
[2020-09-11T15:23:23.418+0000][1][safepoint    ] Safepoint "RevokeBias", Time since last: 8849140 ns, Reaching safepoint: 194875 ns, At safepoint: 22879 ns, Total: 217754 ns
[2020-09-11T15:23:24.419+0000][1][safepoint    ] Safepoint "Cleanup", Time since last: 1000166146 ns, Reaching safepoint: 192475 ns, At safepoint: 20541 ns, Total: 213016 ns
[2020-09-11T15:23:25.419+0000][1][safepoint    ] Safepoint "Cleanup", Time since last: 1000161791 ns, Reaching safepoint: 83792 ns, At safepoint: 6725 ns, Total: 90517 ns
[2020-09-11T15:23:26.419+0000][1][safepoint    ] Safepoint "Cleanup", Time since last: 1000091667 ns, Reaching safepoint: 83018 ns, At safepoint: 6322 ns, Total: 89340 ns
[2020-09-11T15:23:27.135+0000][1][safepoint    ] Safepoint "BulkRevokeBias", Time since last: 714812666 ns, Reaching safepoint: 298737 ns, At safepoint: 395206 ns, Total: 693943 ns
[2020-09-11T15:23:27.145+0000][1][safepoint    ] Safepoint "RevokeBias", Time since last: 10556394 ns, Reaching safepoint: 190228 ns, At safepoint: 46643 ns, Total: 236871 ns
[2020-09-11T15:23:27.254+0000][1][safepoint    ] Safepoint "RevokeBias", Time since last: 106820107 ns, Reaching safepoint: 1818324 ns, At safepoint: 201903 ns, Total: 2020227 ns
[2020-09-11T15:23:28.255+0000][1][safepoint    ] Safepoint "Cleanup", Time since last: 1000221157 ns, Reaching safepoint: 107597 ns, At safepoint: 7935 ns, Total: 115532 ns
[2020-09-11T15:23:29.255+0000][1][safepoint    ] Safepoint "Cleanup", Time since last: 1000143664 ns, Reaching safepoint: 162867 ns, At safepoint: 18015 ns, Total: 180882 ns
[2020-09-11T15:23:30.255+0000][1][safepoint    ] Safepoint "Cleanup", Time since last: 1000220226 ns, Reaching safepoint: 158827 ns, At safepoint: 17701 ns, Total: 176528 ns
[2020-09-11T15:23:31.256+0000][1][safepoint    ] Safepoint "Cleanup", Time since last: 1000235532 ns, Reaching safepoint: 126132 ns, At safepoint: 8387 ns, Total: 134519 ns
[2020-09-11T15:23:32.256+0000][1][safepoint    ] Safepoint "Cleanup", Time since last: 1000240220 ns, Reaching safepoint: 202678 ns, At safepoint: 18288 ns, Total: 220966 ns
[2020-09-11T15:23:33.257+0000][1][safepoint    ] Safepoint "Cleanup", Time since last: 1000255014 ns, Reaching safepoint: 93883 ns, At safepoint: 6816 ns, Total: 100699 ns
[2020-09-11T15:23:33.450+0000][1][gc,start     ] GC(164) Pause Young (Allocation Failure)
[2020-09-11T15:23:33.450+0000][1][gc,task      ] GC(164) Using 1 workers of 1 for evacuation
[2020-09-11T15:23:33.458+0000][1][gc,age       ] GC(164) Desired survivor size 4358144 bytes, new threshold 6 (max threshold 6)
[2020-09-11T15:23:33.458+0000][1][gc,age       ] GC(164) Age table with threshold 6 (max threshold 6)
[2020-09-11T15:23:33.458+0000][1][gc,age       ] GC(164) - age   1:    2299056 bytes,    2299056 total
[2020-09-11T15:23:33.458+0000][1][gc,age       ] GC(164) - age   2:      67848 bytes,    2366904 total
[2020-09-11T15:23:33.458+0000][1][gc,age       ] GC(164) - age   3:     124920 bytes,    2491824 total
[2020-09-11T15:23:33.458+0000][1][gc,age       ] GC(164) - age   4:      27520 bytes,    2519344 total
[2020-09-11T15:23:33.458+0000][1][gc,age       ] GC(164) - age   5:      77208 bytes,    2596552 total
[2020-09-11T15:23:33.458+0000][1][gc,age       ] GC(164) - age   6:      53440 bytes,    2649992 total
[2020-09-11T15:23:33.458+0000][1][gc,heap      ] GC(164) ParNew: 69918K->2870K(76672K)
[2020-09-11T15:23:33.458+0000][1][gc,heap      ] GC(164) CMS: 75758K->75833K(439104K)
[2020-09-11T15:23:33.458+0000][1][gc,metaspace ] GC(164) Metaspace: 94866K->94866K(1136640K)
[2020-09-11T15:23:33.458+0000][1][gc           ] GC(164) Pause Young (Allocation Failure) 142M->76M(503M) 8.318ms
[2020-09-11T15:23:33.458+0000][1][gc,cpu       ] GC(164) User=0.01s Sys=0.00s Real=0.01s
[2020-09-11T15:23:33.458+0000][1][safepoint    ] Safepoint "GenCollectForAllocation", Time since last: 192822383 ns, Reaching safepoint: 275585 ns, At safepoint: 8430208 ns, Total: 8705793 ns
[2020-09-11T15:23:34.462+0000][1][safepoint    ] Safepoint "Cleanup", Time since last: 1003570354 ns, Reaching safepoint: 114145 ns, At safepoint: 18782 ns, Total: 132927 ns
[2020-09-11T15:23:35.462+0000][1][safepoint    ] Safepoint "Cleanup", Time since last: 1000195824 ns, Reaching safepoint: 188436 ns, At safepoint: 47325 ns, Total: 235761 ns
[2020-09-11T15:23:36.462+0000][1][safepoint    ] Safepoint "Cleanup", Time since last: 1000178074 ns, Reaching safepoint: 87365 ns, At safepoint: 7370 ns, Total: 94735 ns
[2020-09-11T15:23:37.324+0000][1][safepoint    ] Safepoint "RevokeBias", Time since last: 861255895 ns, Reaching safepoint: 171863 ns, At safepoint: 22021 ns, Total: 193884 ns
[2020-09-11T15:23:38.324+0000][1][safepoint    ] Safepoint "Cleanup", Time since last: 1000198686 ns, Reaching safepoint: 235229 ns, At safepoint: 18887 ns, Total: 254116 ns
[2020-09-11T15:23:39.325+0000][1][safepoint    ] Safepoint "Cleanup", Time since last: 1000219300 ns, Reaching safepoint: 166642 ns, At safepoint: 18964 ns, Total: 185606 ns
[2020-09-11T15:23:40.325+0000][1][safepoint    ] Safepoint "Cleanup", Time since last: 1000299401 ns, Reaching safepoint: 114028 ns, At safepoint: 9127 ns, Total: 123155 ns
[2020-09-11T15:23:41.325+0000][1][safepoint    ] Safepoint "Cleanup", Time since last: 1000172794 ns, Reaching safepoint: 109205 ns, At safepoint: 7183 ns, Total: 116388 ns
[2020-09-11T15:23:42.326+0000][1][safepoint    ] Safepoint "Cleanup", Time since last: 1000192336 ns, Reaching safepoint: 114179 ns, At safepoint: 8226 ns, Total: 122405 ns
[2020-09-11T15:23:43.326+0000][1][safepoint    ] Safepoint "Cleanup", Time since last: 1000177600 ns, Reaching safepoint: 116387 ns, At safepoint: 8542 ns, Total: 124929 ns
[2020-09-11T15:23:44.326+0000][1][safepoint    ] Safepoint "Cleanup", Time since last: 1000160730 ns, Reaching safepoint: 115554 ns, At safepoint: 7587 ns, Total: 123141 ns
[2020-09-11T15:23:45.327+0000][1][safepoint    ] Safepoint "Cleanup", Time since last: 1000111094 ns, Reaching safepoint: 90787 ns, At safepoint: 7108 ns, Total: 97895 ns
[2020-09-11T15:23:46.327+0000][1][safepoint    ] Safepoint "Cleanup", Time since last: 1000355107 ns, Reaching safepoint: 117873 ns, At safepoint: 11387 ns, Total: 129260 ns
[2020-09-11T15:23:47.255+0000][1][safepoint    ] Safepoint "RevokeBias", Time since last: 927557137 ns, Reaching safepoint: 186947 ns, At safepoint: 34445 ns, Total: 221392 ns
[2020-09-11T15:23:48.255+0000][1][safepoint    ] Safepoint "Cleanup", Time since last: 1000179742 ns, Reaching safepoint: 182750 ns, At safepoint: 19077 ns, Total: 201827 ns
[2020-09-11T15:23:49.256+0000][1][safepoint    ] Safepoint "Cleanup", Time since last: 1000209570 ns, Reaching safepoint: 162944 ns, At safepoint: 18305 ns, Total: 181249 ns
[2020-09-11T15:23:50.256+0000][1][safepoint    ] Safepoint "Cleanup", Time since last: 1000223251 ns, Reaching safepoint: 108419 ns, At safepoint: 7859 ns, Total: 116278 ns
[2020-09-11T15:23:51.256+0000][1][safepoint    ] Safepoint "Cleanup", Time since last: 1000137559 ns, Reaching safepoint: 132727 ns, At safepoint: 8445 ns, Total: 141172 ns
[2020-09-11T15:23:52.257+0000][1][safepoint    ] Safepoint "Cleanup", Time since last: 1000177446 ns, Reaching safepoint: 161811 ns, At safepoint: 18780 ns, Total: 180591 ns
[2020-09-11T15:23:53.257+0000][1][safepoint    ] Safepoint "Cleanup", Time since last: 1000177063 ns, Reaching safepoint: 166000 ns, At safepoint: 17678 ns, Total: 183678 ns
[2020-09-11T15:23:54.257+0000][1][safepoint    ] Safepoint "Cleanup", Time since last: 1000183793 ns, Reaching safepoint: 122537 ns, At safepoint: 7874 ns, Total: 130411 ns
[2020-09-11T15:23:55.258+0000][1][safepoint    ] Safepoint "Cleanup", Time since last: 1000193066 ns, Reaching safepoint: 109100 ns, At safepoint: 7203 ns, Total: 116303 ns
[2020-09-11T15:23:56.258+0000][1][safepoint    ] Safepoint "Cleanup", Time since last: 1000173714 ns, Reaching safepoint: 84856 ns, At safepoint: 6999 ns, Total: 91855 ns
[2020-09-11T15:23:57.172+0000][1][gc,start     ] GC(165) Pause Young (Allocation Failure)
[2020-09-11T15:23:57.172+0000][1][gc,task      ] GC(165) Using 1 workers of 1 for evacuation
[2020-09-11T15:23:57.180+0000][1][gc,age       ] GC(165) Desired survivor size 4358144 bytes, new threshold 6 (max threshold 6)
[2020-09-11T15:23:57.180+0000][1][gc,age       ] GC(165) Age table with threshold 6 (max threshold 6)
[2020-09-11T15:23:57.180+0000][1][gc,age       ] GC(165) - age   1:     350600 bytes,     350600 total
[2020-09-11T15:23:57.180+0000][1][gc,age       ] GC(165) - age   2:    2250096 bytes,    2600696 total
[2020-09-11T15:23:57.180+0000][1][gc,age       ] GC(165) - age   3:      58224 bytes,    2658920 total
[2020-09-11T15:23:57.180+0000][1][gc,age       ] GC(165) - age   4:     124840 bytes,    2783760 total
[2020-09-11T15:23:57.180+0000][1][gc,age       ] GC(165) - age   5:      27520 bytes,    2811280 total
[2020-09-11T15:23:57.180+0000][1][gc,age       ] GC(165) - age   6:      77208 bytes,    2888488 total
[2020-09-11T15:23:57.180+0000][1][gc,heap      ] GC(165) ParNew: 71030K->4168K(76672K)
[2020-09-11T15:23:57.180+0000][1][gc,heap      ] GC(165) CMS: 75833K->75885K(439104K)
[2020-09-11T15:23:57.180+0000][1][gc,metaspace ] GC(165) Metaspace: 94996K->94996K(1136640K)
[2020-09-11T15:23:57.180+0000][1][gc           ] GC(165) Pause Young (Allocation Failure) 143M->78M(503M) 8.951ms
[2020-09-11T15:23:57.181+0000][1][gc,cpu       ] GC(165) User=0.01s Sys=0.00s Real=0.01s
[2020-09-11T15:23:57.195+0000][1][safepoint    ] Safepoint "GenCollectForAllocation", Time since last: 912358918 ns, Reaching safepoint: 1319518 ns, At safepoint: 23374188 ns, Total: 24693706 ns
[2020-09-11T15:23:57.253+0000][1][safepoint    ] Safepoint "RevokeBias", Time since last: 57944706 ns, Reaching safepoint: 222530 ns, At safepoint: 225318 ns, Total: 447848 ns
[2020-09-11T15:23:58.254+0000][1][safepoint    ] Safepoint "Cleanup", Time since last: 1000115771 ns, Reaching safepoint: 118538 ns, At safepoint: 11422 ns, Total: 129960 ns
[2020-09-11T15:23:59.254+0000][1][safepoint    ] Safepoint "Cleanup", Time since last: 1000130771 ns, Reaching safepoint: 94862 ns, At safepoint: 7706 ns, Total: 102568 ns
[2020-09-11T15:24:00.254+0000][1][safepoint    ] Safepoint "Cleanup", Time since last: 1000201900 ns, Reaching safepoint: 157848 ns, At safepoint: 17948 ns, Total: 175796 ns
[2020-09-11T15:24:01.255+0000][1][safepoint    ] Safepoint "Cleanup", Time since last: 1000247427 ns, Reaching safepoint: 113129 ns, At safepoint: 7648 ns, Total: 120777 ns
[2020-09-11T15:24:02.255+0000][1][safepoint    ] Safepoint "Cleanup", Time since last: 1000198806 ns, Reaching safepoint: 116165 ns, At safepoint: 7970 ns, Total: 124135 ns
[2020-09-11T15:24:03.255+0000][1][safepoint    ] Safepoint "Cleanup", Time since last: 1000203564 ns, Reaching safepoint: 128927 ns, At safepoint: 7134 ns, Total: 136061 ns
[2020-09-11T15:24:04.255+0000][1][safepoint    ] Safepoint "Cleanup", Time since last: 1000176463 ns, Reaching safepoint: 122357 ns, At safepoint: 6809 ns, Total: 129166 ns
[2020-09-11T15:24:05.256+0000][1][safepoint    ] Safepoint "Cleanup", Time since last: 1000198861 ns, Reaching safepoint: 111314 ns, At safepoint: 7535 ns, Total: 118849 ns
[2020-09-11T15:24:06.256+0000][1][safepoint    ] Safepoint "Cleanup", Time since last: 1000184947 ns, Reaching safepoint: 110166 ns, At safepoint: 7845 ns, Total: 118011 ns
[2020-09-11T15:24:07.256+0000][1][safepoint    ] Safepoint "Cleanup", Time since last: 1000116767 ns, Reaching safepoint: 92771 ns, At safepoint: 6915 ns, Total: 99686 ns
[2020-09-11T15:24:07.418+0000][1][safepoint    ] Safepoint "RevokeBias", Time since last: 161383620 ns, Reaching safepoint: 87136 ns, At safepoint: 19942 ns, Total: 107078 ns
[2020-09-11T15:24:08.418+0000][1][safepoint    ] Safepoint "Cleanup", Time since last: 1000236787 ns, Reaching safepoint: 119957 ns, At safepoint: 9742 ns, Total: 129699 ns
[2020-09-11T15:24:09.418+0000][1][safepoint    ] Safepoint "Cleanup", Time since last: 1000167279 ns, Reaching safepoint: 135111 ns, At safepoint: 9444 ns, Total: 144555 ns
[2020-09-11T15:24:10.419+0000][1][safepoint    ] Safepoint "Cleanup", Time since last: 1000145441 ns, Reaching safepoint: 161752 ns, At safepoint: 16269 ns, Total: 178021 ns
[2020-09-11T15:24:11.419+0000][1][safepoint    ] Safepoint "Cleanup", Time since last: 1000182415 ns, Reaching safepoint: 140085 ns, At safepoint: 8787 ns, Total: 148872 ns
[2020-09-11T15:24:12.419+0000][1][safepoint    ] Safepoint "Cleanup", Time since last: 1000158511 ns, Reaching safepoint: 141138 ns, At safepoint: 7928 ns, Total: 149066 ns
[2020-09-11T15:24:13.420+0000][1][safepoint    ] Safepoint "Cleanup", Time since last: 1000165989 ns, Reaching safepoint: 124231 ns, At safepoint: 9096 ns, Total: 133327 ns
[2020-09-11T15:24:14.420+0000][1][safepoint    ] Safepoint "Cleanup", Time since last: 1000156975 ns, Reaching safepoint: 118316 ns, At safepoint: 9431 ns, Total: 127747 ns
[2020-09-11T15:24:15.420+0000][1][safepoint    ] Safepoint "Cleanup", Time since last: 1000169509 ns, Reaching safepoint: 128438 ns, At safepoint: 8967 ns, Total: 137405 ns
[2020-09-11T15:24:16.421+0000][1][safepoint    ] Safepoint "Cleanup", Time since last: 1000147688 ns, Reaching safepoint: 137664 ns, At safepoint: 7932 ns, Total: 145596 ns
[2020-09-11T15:24:17.299+0000][1][safepoint    ] Safepoint "RevokeBias", Time since last: 875113618 ns, Reaching safepoint: 3097162 ns, At safepoint: 243137 ns, Total: 3340299 ns
[2020-09-11T15:24:17.377+0000][1][gc,start     ] GC(166) Pause Young (Allocation Failure)
[2020-09-11T15:24:17.377+0000][1][gc,task      ] GC(166) Using 1 workers of 1 for evacuation
[2020-09-11T15:24:17.389+0000][1][gc,age       ] GC(166) Desired survivor size 4358144 bytes, new threshold 6 (max threshold 6)
[2020-09-11T15:24:17.389+0000][1][gc,age       ] GC(166) Age table with threshold 6 (max threshold 6)
[2020-09-11T15:24:17.389+0000][1][gc,age       ] GC(166) - age   1:     514352 bytes,     514352 total
[2020-09-11T15:24:17.389+0000][1][gc,age       ] GC(166) - age   2:      21240 bytes,     535592 total
[2020-09-11T15:24:17.389+0000][1][gc,age       ] GC(166) - age   3:    2233536 bytes,    2769128 total
[2020-09-11T15:24:17.389+0000][1][gc,age       ] GC(166) - age   4:      57936 bytes,    2827064 total
[2020-09-11T15:24:17.389+0000][1][gc,age       ] GC(166) - age   5:     124544 bytes,    2951608 total
[2020-09-11T15:24:17.389+0000][1][gc,age       ] GC(166) - age   6:      26280 bytes,    2977888 total
[2020-09-11T15:24:17.389+0000][1][gc,heap      ] GC(166) ParNew: 72328K->5273K(76672K)
[2020-09-11T15:24:17.389+0000][1][gc,heap      ] GC(166) CMS: 75885K->75961K(439104K)
[2020-09-11T15:24:17.389+0000][1][gc,metaspace ] GC(166) Metaspace: 95029K->95029K(1136640K)
[2020-09-11T15:24:17.389+0000][1][gc           ] GC(166) Pause Young (Allocation Failure) 144M->79M(503M) 12.025ms
[2020-09-11T15:24:17.389+0000][1][gc,cpu       ] GC(166) User=0.01s Sys=0.00s Real=0.01s
[2020-09-11T15:24:17.390+0000][1][safepoint    ] Safepoint "GenCollectForAllocation", Time since last: 77358351 ns, Reaching safepoint: 169111 ns, At safepoint: 13564215 ns, Total: 13733326 ns
[2020-09-11T15:24:18.394+0000][1][safepoint    ] Safepoint "Cleanup", Time since last: 1003410393 ns, Reaching safepoint: 227940 ns, At safepoint: 19320 ns, Total: 247260 ns
[2020-09-11T15:24:19.394+0000][1][safepoint    ] Safepoint "Cleanup", Time since last: 1000191946 ns, Reaching safepoint: 182372 ns, At safepoint: 16808 ns, Total: 199180 ns
[2020-09-11T15:24:20.395+0000][1][safepoint    ] Safepoint "Cleanup", Time since last: 1000210653 ns, Reaching safepoint: 167347 ns, At safepoint: 17861 ns, Total: 185208 ns
[2020-09-11T15:24:21.395+0000][1][safepoint    ] Safepoint "Cleanup", Time since last: 1000185639 ns, Reaching safepoint: 164567 ns, At safepoint: 16000 ns, Total: 180567 ns
[2020-09-11T15:24:22.395+0000][1][safepoint    ] Safepoint "Cleanup", Time since last: 1000270600 ns, Reaching safepoint: 210984 ns, At safepoint: 16268 ns, Total: 227252 ns
[2020-09-11T15:24:23.396+0000][1][safepoint    ] Safepoint "Cleanup", Time since last: 1000213806 ns, Reaching safepoint: 172378 ns, At safepoint: 17851 ns, Total: 190229 ns
[2020-09-11T15:24:24.396+0000][1][safepoint    ] Safepoint "Cleanup", Time since last: 1000235201 ns, Reaching safepoint: 181243 ns, At safepoint: 20266 ns, Total: 201509 ns
[2020-09-11T15:24:25.397+0000][1][safepoint    ] Safepoint "Cleanup", Time since last: 1000221824 ns, Reaching safepoint: 113894 ns, At safepoint: 7442 ns, Total: 121336 ns
[2020-09-11T15:24:26.397+0000][1][safepoint    ] Safepoint "Cleanup", Time since last: 1000169165 ns, Reaching safepoint: 121452 ns, At safepoint: 7756 ns, Total: 129208 ns
[2020-09-11T15:24:27.280+0000][1][safepoint    ] Safepoint "RevokeBias", Time since last: 882549060 ns, Reaching safepoint: 940958 ns, At safepoint: 23087 ns, Total: 964045 ns
[2020-09-11T15:24:28.281+0000][1][safepoint    ] Safepoint "Cleanup", Time since last: 1000109966 ns, Reaching safepoint: 87612 ns, At safepoint: 6402 ns, Total: 94014 ns
[2020-09-11T15:24:29.281+0000][1][safepoint    ] Safepoint "Cleanup", Time since last: 1000157642 ns, Reaching safepoint: 165777 ns, At safepoint: 18192 ns, Total: 183969 ns
[2020-09-11T15:24:30.281+0000][1][safepoint    ] Safepoint "Cleanup", Time since last: 1000185978 ns, Reaching safepoint: 86506 ns, At safepoint: 7805 ns, Total: 94311 ns
[2020-09-11T15:24:31.282+0000][1][safepoint    ] Safepoint "Cleanup", Time since last: 1000176903 ns, Reaching safepoint: 112848 ns, At safepoint: 8792 ns, Total: 121640 ns
[2020-09-11T15:24:32.282+0000][1][safepoint    ] Safepoint "Cleanup", Time since last: 1000181548 ns, Reaching safepoint: 113225 ns, At safepoint: 8642 ns, Total: 121867 ns
[2020-09-11T15:24:33.282+0000][1][safepoint    ] Safepoint "Cleanup", Time since last: 1000166840 ns, Reaching safepoint: 174203 ns, At safepoint: 18599 ns, Total: 192802 ns
[2020-09-11T15:24:34.283+0000][1][safepoint    ] Safepoint "Cleanup", Time since last: 1000195056 ns, Reaching safepoint: 165426 ns, At safepoint: 17941 ns, Total: 183367 ns
[2020-09-11T15:24:35.283+0000][1][safepoint    ] Safepoint "Cleanup", Time since last: 1000221952 ns, Reaching safepoint: 166689 ns, At safepoint: 18212 ns, Total: 184901 ns
[2020-09-11T15:24:36.283+0000][1][safepoint    ] Safepoint "Cleanup", Time since last: 1000222717 ns, Reaching safepoint: 131796 ns, At safepoint: 7018 ns, Total: 138814 ns
[2020-09-11T15:24:37.233+0000][1][safepoint    ] Safepoint "RevokeBias", Time since last: 949452330 ns, Reaching safepoint: 226504 ns, At safepoint: 209714 ns, Total: 436218 ns
[2020-09-11T15:24:37.639+0000][1][gc,start     ] GC(167) Pause Young (Allocation Failure)
[2020-09-11T15:24:37.639+0000][1][gc,task      ] GC(167) Using 1 workers of 1 for evacuation
[2020-09-11T15:24:37.649+0000][1][gc,age       ] GC(167) Desired survivor size 4358144 bytes, new threshold 6 (max threshold 6)
[2020-09-11T15:24:37.649+0000][1][gc,age       ] GC(167) Age table with threshold 6 (max threshold 6)
[2020-09-11T15:24:37.649+0000][1][gc,age       ] GC(167) - age   1:     136416 bytes,     136416 total
[2020-09-11T15:24:37.649+0000][1][gc,age       ] GC(167) - age   2:      27880 bytes,     164296 total
[2020-09-11T15:24:37.649+0000][1][gc,age       ] GC(167) - age   3:      17968 bytes,     182264 total
[2020-09-11T15:24:37.649+0000][1][gc,age       ] GC(167) - age   4:    2232000 bytes,    2414264 total
[2020-09-11T15:24:37.649+0000][1][gc,age       ] GC(167) - age   5:      57936 bytes,    2472200 total
[2020-09-11T15:24:37.649+0000][1][gc,age       ] GC(167) - age   6:     124544 bytes,    2596744 total
[2020-09-11T15:24:37.649+0000][1][gc,heap      ] GC(167) ParNew: 73433K->3499K(76672K)
[2020-09-11T15:24:37.649+0000][1][gc,heap      ] GC(167) CMS: 75961K->75987K(439104K)
[2020-09-11T15:24:37.649+0000][1][gc,metaspace ] GC(167) Metaspace: 95083K->95083K(1136640K)
[2020-09-11T15:24:37.649+0000][1][gc           ] GC(167) Pause Young (Allocation Failure) 145M->77M(503M) 10.036ms
[2020-09-11T15:24:37.649+0000][1][gc,cpu       ] GC(167) User=0.01s Sys=0.00s Real=0.01s
[2020-09-11T15:24:37.651+0000][1][safepoint    ] Safepoint "GenCollectForAllocation", Time since last: 405686333 ns, Reaching safepoint: 106422 ns, At safepoint: 12325769 ns, Total: 12432191 ns
[2020-09-11T15:24:38.652+0000][1][safepoint    ] Safepoint "Cleanup", Time since last: 1000439985 ns, Reaching safepoint: 87834 ns, At safepoint: 20254 ns, Total: 108088 ns
[2020-09-11T15:24:39.652+0000][1][safepoint    ] Safepoint "Cleanup", Time since last: 1000137335 ns, Reaching safepoint: 154564 ns, At safepoint: 15462 ns, Total: 170026 ns
[2020-09-11T15:24:42.653+0000][1][safepoint    ] Safepoint "Cleanup", Time since last: 3000427687 ns, Reaching safepoint: 209230 ns, At safepoint: 21850 ns, Total: 231080 ns
[2020-09-11T15:24:47.234+0000][1][safepoint    ] Safepoint "RevokeBias", Time since last: 4581020317 ns, Reaching safepoint: 331627 ns, At safepoint: 203516 ns, Total: 535143 ns
[2020-09-11T15:24:48.235+0000][1][safepoint    ] Safepoint "Cleanup", Time since last: 1000175029 ns, Reaching safepoint: 203300 ns, At safepoint: 23644 ns, Total: 226944 ns
[2020-09-11T15:24:49.460+0000][1][safepoint    ] Safepoint "RevokeBias", Time since last: 1224724936 ns, Reaching safepoint: 156435 ns, At safepoint: 22820 ns, Total: 179255 ns
[2020-09-11T15:24:49.485+0000][1][safepoint    ] Safepoint "RevokeBias", Time since last: 24521119 ns, Reaching safepoint: 233969 ns, At safepoint: 23117 ns, Total: 257086 ns
[2020-09-11T15:24:49.485+0000][1][safepoint    ] Safepoint "RevokeBias", Time since last: 529733 ns, Reaching safepoint: 113781 ns, At safepoint: 16685 ns, Total: 130466 ns
[2020-09-11T15:24:49.486+0000][1][safepoint    ] Safepoint "RevokeBias", Time since last: 136809 ns, Reaching safepoint: 115307 ns, At safepoint: 14169 ns, Total: 129476 ns
[2020-09-11T15:24:49.486+0000][1][safepoint    ] Safepoint "RevokeBias", Time since last: 55916 ns, Reaching safepoint: 109459 ns, At safepoint: 13686 ns, Total: 123145 ns
[2020-09-11T15:24:49.504+0000][1][safepoint    ] Safepoint "RevokeBias", Time since last: 17773687 ns, Reaching safepoint: 318249 ns, At safepoint: 24341 ns, Total: 342590 ns
[2020-09-11T15:24:49.535+0000][1][safepoint    ] Safepoint "RevokeBias", Time since last: 23574815 ns, Reaching safepoint: 7207512 ns, At safepoint: 49539 ns, Total: 7257051 ns
[2020-09-11T15:24:49.535+0000][1][safepoint    ] Safepoint "RevokeBias", Time since last: 113219 ns, Reaching safepoint: 110528 ns, At safepoint: 22650 ns, Total: 133178 ns
[2020-09-11T15:24:49.535+0000][1][safepoint    ] Safepoint "RevokeBias", Time since last: 61979 ns, Reaching safepoint: 107891 ns, At safepoint: 24881 ns, Total: 132772 ns
[2020-09-11T15:24:49.535+0000][1][safepoint    ] Safepoint "RevokeBias", Time since last: 37889 ns, Reaching safepoint: 105194 ns, At safepoint: 22150 ns, Total: 127344 ns
[2020-09-11T15:24:49.535+0000][1][safepoint    ] Safepoint "RevokeBias", Time since last: 37122 ns, Reaching safepoint: 127372 ns, At safepoint: 19973 ns, Total: 147345 ns
[2020-09-11T15:24:49.536+0000][1][safepoint    ] Safepoint "RevokeBias", Time since last: 37744 ns, Reaching safepoint: 103643 ns, At safepoint: 15120 ns, Total: 118763 ns
[2020-09-11T15:24:49.536+0000][1][safepoint    ] Safepoint "RevokeBias", Time since last: 35722 ns, Reaching safepoint: 102224 ns, At safepoint: 14050 ns, Total: 116274 ns
[2020-09-11T15:24:49.536+0000][1][safepoint    ] Safepoint "RevokeBias", Time since last: 34895 ns, Reaching safepoint: 111252 ns, At safepoint: 15445 ns, Total: 126697 ns
[2020-09-11T15:24:49.536+0000][1][safepoint    ] Safepoint "RevokeBias", Time since last: 45970 ns, Reaching safepoint: 103301 ns, At safepoint: 18701 ns, Total: 122002 ns
[2020-09-11T15:24:49.536+0000][1][safepoint    ] Safepoint "BulkRevokeBias", Time since last: 35753 ns, Reaching safepoint: 102383 ns, At safepoint: 245464 ns, Total: 347847 ns
[2020-09-11T15:24:50.537+0000][1][safepoint    ] Safepoint "Cleanup", Time since last: 1000149040 ns, Reaching safepoint: 193053 ns, At safepoint: 19504 ns, Total: 212557 ns
[2020-09-11T15:24:53.537+0000][1][safepoint    ] Safepoint "Cleanup", Time since last: 3000387109 ns, Reaching safepoint: 118774 ns, At safepoint: 8560 ns, Total: 127334 ns
[2020-09-11T15:24:53.555+0000][1][safepoint    ] Safepoint "RevokeBias", Time since last: 17820743 ns, Reaching safepoint: 192821 ns, At safepoint: 22859 ns, Total: 215680 ns
[2020-09-11T15:24:53.556+0000][1][gc,start     ] GC(168) Pause Young (Allocation Failure)
[2020-09-11T15:24:53.556+0000][1][gc,task      ] GC(168) Using 1 workers of 1 for evacuation
[2020-09-11T15:24:53.562+0000][1][gc,age       ] GC(168) Desired survivor size 4358144 bytes, new threshold 6 (max threshold 6)
[2020-09-11T15:24:53.562+0000][1][gc,age       ] GC(168) Age table with threshold 6 (max threshold 6)
[2020-09-11T15:24:53.562+0000][1][gc,age       ] GC(168) - age   1:    2344616 bytes,    2344616 total
[2020-09-11T15:24:53.562+0000][1][gc,age       ] GC(168) - age   2:      31232 bytes,    2375848 total
[2020-09-11T15:24:53.562+0000][1][gc,age       ] GC(168) - age   3:      24176 bytes,    2400024 total
[2020-09-11T15:24:53.562+0000][1][gc,age       ] GC(168) - age   4:      17968 bytes,    2417992 total
[2020-09-11T15:24:53.562+0000][1][gc,age       ] GC(168) - age   5:      55856 bytes,    2473848 total
[2020-09-11T15:24:53.562+0000][1][gc,age       ] GC(168) - age   6:      57272 bytes,    2531120 total
[2020-09-11T15:24:53.562+0000][1][gc,heap      ] GC(168) ParNew: 71587K->4678K(76672K)
[2020-09-11T15:24:53.562+0000][1][gc,heap      ] GC(168) CMS: 75987K->76110K(439104K)
[2020-09-11T15:24:53.562+0000][1][gc,metaspace ] GC(168) Metaspace: 95148K->95148K(1136640K)
[2020-09-11T15:24:53.562+0000][1][gc           ] GC(168) Pause Young (Allocation Failure) 144M->78M(503M) 6.410ms
[2020-09-11T15:24:53.562+0000][1][gc,cpu       ] GC(168) User=0.01s Sys=0.00s Real=0.00s
[2020-09-11T15:24:53.562+0000][1][safepoint    ] Safepoint "GenCollectForAllocation", Time since last: 231242 ns, Reaching safepoint: 157163 ns, At safepoint: 6518877 ns, Total: 6676040 ns
[2020-09-11T15:24:53.571+0000][1][safepoint    ] Safepoint "RevokeBias", Time since last: 8221109 ns, Reaching safepoint: 195703 ns, At safepoint: 30646 ns, Total: 226349 ns
[2020-09-11T15:24:53.571+0000][1][safepoint    ] Safepoint "RevokeBias", Time since last: 128748 ns, Reaching safepoint: 169025 ns, At safepoint: 30858 ns, Total: 199883 ns
[2020-09-11T15:24:53.571+0000][1][safepoint    ] Safepoint "RevokeBias", Time since last: 299395 ns, Reaching safepoint: 134570 ns, At safepoint: 20872 ns, Total: 155442 ns
[2020-09-11T15:24:53.572+0000][1][safepoint    ] Safepoint "RevokeBias", Time since last: 48292 ns, Reaching safepoint: 158844 ns, At safepoint: 20101 ns, Total: 178945 ns
[2020-09-11T15:24:53.578+0000][1][safepoint    ] Safepoint "RevokeBias", Time since last: 5637814 ns, Reaching safepoint: 204532 ns, At safepoint: 19517 ns, Total: 224049 ns
[2020-09-11T15:24:53.588+0000][1][safepoint    ] Safepoint "RevokeBias", Time since last: 10530938 ns, Reaching safepoint: 205543 ns, At safepoint: 21579 ns, Total: 227122 ns
[2020-09-11T15:24:53.597+0000][1][safepoint    ] Safepoint "RevokeBias", Time since last: 7992456 ns, Reaching safepoint: 638221 ns, At safepoint: 26012 ns, Total: 664233 ns
[2020-09-11T15:24:53.599+0000][1][safepoint    ] Safepoint "RevokeBias", Time since last: 891948 ns, Reaching safepoint: 1248125 ns, At safepoint: 21747 ns, Total: 1269872 ns
[2020-09-11T15:24:53.634+0000][1][safepoint    ] Safepoint "Deoptimize", Time since last: 33619337 ns, Reaching safepoint: 209573 ns, At safepoint: 1120104 ns, Total: 1329677 ns
[2020-09-11T15:24:54.588+0000][1][safepoint    ] Safepoint "RevokeBias", Time since last: 953685366 ns, Reaching safepoint: 203199 ns, At safepoint: 22612 ns, Total: 225811 ns
[2020-09-11T15:24:54.597+0000][1][safepoint    ] Safepoint "RevokeBias", Time since last: 8580015 ns, Reaching safepoint: 206827 ns, At safepoint: 18835 ns, Total: 225662 ns
[2020-09-11T15:24:54.599+0000][1][safepoint    ] Safepoint "RevokeBias", Time since last: 1747819 ns, Reaching safepoint: 175079 ns, At safepoint: 16363 ns, Total: 191442 ns
[2020-09-11T15:24:54.599+0000][1][safepoint    ] Safepoint "RevokeBias", Time since last: 113400 ns, Reaching safepoint: 159139 ns, At safepoint: 12277 ns, Total: 171416 ns
[2020-09-11T15:24:54.599+0000][1][safepoint    ] Safepoint "RevokeBias", Time since last: 108141 ns, Reaching safepoint: 157973 ns, At safepoint: 12212 ns, Total: 170185 ns
[2020-09-11T15:24:55.600+0000][1][safepoint    ] Safepoint "Cleanup", Time since last: 1000129562 ns, Reaching safepoint: 77514 ns, At safepoint: 6426 ns, Total: 83940 ns
[2020-09-11T15:24:56.600+0000][1][safepoint    ] Safepoint "Cleanup", Time since last: 1000170806 ns, Reaching safepoint: 154053 ns, At safepoint: 19826 ns, Total: 173879 ns
[2020-09-11T15:24:57.137+0000][1][safepoint    ] Safepoint "RevokeBias", Time since last: 537147389 ns, Reaching safepoint: 200897 ns, At safepoint: 20102 ns, Total: 220999 ns
[2020-09-11T15:24:57.138+0000][1][safepoint    ] Safepoint "RevokeBias", Time since last: 97202 ns, Reaching safepoint: 164482 ns, At safepoint: 13322 ns, Total: 177804 ns
[2020-09-11T15:24:57.248+0000][1][safepoint    ] Safepoint "RevokeBias", Time since last: 110281425 ns, Reaching safepoint: 220405 ns, At safepoint: 209210 ns, Total: 429615 ns
[2020-09-11T15:24:58.249+0000][1][safepoint    ] Safepoint "Cleanup", Time since last: 1000178861 ns, Reaching safepoint: 184794 ns, At safepoint: 22552 ns, Total: 207346 ns
[2020-09-11T15:24:58.546+0000][1][gc,start     ] GC(169) Pause Young (Allocation Failure)
[2020-09-11T15:24:58.546+0000][1][gc,task      ] GC(169) Using 1 workers of 1 for evacuation
[2020-09-11T15:24:58.552+0000][1][gc,age       ] GC(169) Desired survivor size 4358144 bytes, new threshold 6 (max threshold 6)
[2020-09-11T15:24:58.552+0000][1][gc,age       ] GC(169) Age table with threshold 6 (max threshold 6)
[2020-09-11T15:24:58.552+0000][1][gc,age       ] GC(169) - age   1:     158280 bytes,     158280 total
[2020-09-11T15:24:58.552+0000][1][gc,age       ] GC(169) - age   2:      76736 bytes,     235016 total
[2020-09-11T15:24:58.552+0000][1][gc,age       ] GC(169) - age   3:      15976 bytes,     250992 total
[2020-09-11T15:24:58.552+0000][1][gc,age       ] GC(169) - age   4:      24176 bytes,     275168 total
[2020-09-11T15:24:58.552+0000][1][gc,age       ] GC(169) - age   5:      17528 bytes,     292696 total
[2020-09-11T15:24:58.552+0000][1][gc,age       ] GC(169) - age   6:       5776 bytes,     298472 total
[2020-09-11T15:24:58.552+0000][1][gc,heap      ] GC(169) ParNew: 72838K->1511K(76672K)
[2020-09-11T15:24:58.552+0000][1][gc,heap      ] GC(169) CMS: 76110K->76131K(439104K)
[2020-09-11T15:24:58.552+0000][1][gc,metaspace ] GC(169) Metaspace: 95565K->95565K(1136640K)
[2020-09-11T15:24:58.552+0000][1][gc           ] GC(169) Pause Young (Allocation Failure) 145M->75M(503M) 5.619ms
[2020-09-11T15:24:58.552+0000][1][gc,cpu       ] GC(169) User=0.01s Sys=0.00s Real=0.00s
[2020-09-11T15:24:58.552+0000][1][safepoint    ] Safepoint "GenCollectForAllocation", Time since last: 297323251 ns, Reaching safepoint: 202825 ns, At safepoint: 5686357 ns, Total: 5889182 ns
[2020-09-11T15:24:59.556+0000][1][safepoint    ] Safepoint "Cleanup", Time since last: 1003789581 ns, Reaching safepoint: 125988 ns, At safepoint: 19428 ns, Total: 145416 ns
[2020-09-11T15:25:00.556+0000][1][safepoint    ] Safepoint "Cleanup", Time since last: 1000193091 ns, Reaching safepoint: 129880 ns, At safepoint: 17118 ns, Total: 146998 ns
[2020-09-11T15:25:01.557+0000][1][safepoint    ] Safepoint "Cleanup", Time since last: 1000206696 ns, Reaching safepoint: 192458 ns, At safepoint: 17329 ns, Total: 209787 ns
[2020-09-11T15:25:02.557+0000][1][safepoint    ] Safepoint "Cleanup", Time since last: 1000233126 ns, Reaching safepoint: 112013 ns, At safepoint: 7198 ns, Total: 119211 ns
[2020-09-11T15:25:02.610+0000][1][safepoint    ] Safepoint "RevokeBias", Time since last: 52726518 ns, Reaching safepoint: 235842 ns, At safepoint: 127897 ns, Total: 363739 ns
[2020-09-11T15:25:02.619+0000][1][safepoint    ] Safepoint "RevokeBias", Time since last: 8903784 ns, Reaching safepoint: 215724 ns, At safepoint: 103881 ns, Total: 319605 ns
[2020-09-11T15:25:02.620+0000][1][safepoint    ] Safepoint "RevokeBias", Time since last: 437863 ns, Reaching safepoint: 173237 ns, At safepoint: 91481 ns, Total: 264718 ns
[2020-09-11T15:25:02.620+0000][1][safepoint    ] Safepoint "RevokeBias", Time since last: 122758 ns, Reaching safepoint: 173770 ns, At safepoint: 88724 ns, Total: 262494 ns
[2020-09-11T15:25:02.628+0000][1][safepoint    ] Safepoint "RevokeBias", Time since last: 7654180 ns, Reaching safepoint: 160096 ns, At safepoint: 21551 ns, Total: 181647 ns
[2020-09-11T15:25:02.642+0000][1][safepoint    ] Safepoint "RevokeBias", Time since last: 13472673 ns, Reaching safepoint: 113833 ns, At safepoint: 19515 ns, Total: 133348 ns
[2020-09-11T15:25:03.642+0000][1][safepoint    ] Safepoint "Cleanup", Time since last: 1000189418 ns, Reaching safepoint: 116762 ns, At safepoint: 8032 ns, Total: 124794 ns
[2020-09-11T15:25:04.642+0000][1][safepoint    ] Safepoint "Cleanup", Time since last: 1000153526 ns, Reaching safepoint: 174557 ns, At safepoint: 21292 ns, Total: 195849 ns
[2020-09-11T15:25:05.643+0000][1][safepoint    ] Safepoint "Cleanup", Time since last: 1000219172 ns, Reaching safepoint: 90388 ns, At safepoint: 8191 ns, Total: 98579 ns
[2020-09-11T15:25:06.643+0000][1][safepoint    ] Safepoint "Cleanup", Time since last: 1000202850 ns, Reaching safepoint: 162640 ns, At safepoint: 18599 ns, Total: 181239 ns
[2020-09-11T15:25:07.134+0000][1][safepoint    ] Safepoint "RevokeBias", Time since last: 490784088 ns, Reaching safepoint: 88835 ns, At safepoint: 19094 ns, Total: 107929 ns
[2020-09-11T15:25:07.215+0000][1][safepoint    ] Safepoint "RevokeBias", Time since last: 80626865 ns, Reaching safepoint: 191163 ns, At safepoint: 24438 ns, Total: 215601 ns
[2020-09-11T15:25:08.215+0000][1][safepoint    ] Safepoint "Cleanup", Time since last: 1000141270 ns, Reaching safepoint: 109055 ns, At safepoint: 9172 ns, Total: 118227 ns
[2020-09-11T15:25:09.215+0000][1][safepoint    ] Safepoint "Cleanup", Time since last: 1000185663 ns, Reaching safepoint: 136257 ns, At safepoint: 7600 ns, Total: 143857 ns
[2020-09-11T15:25:10.216+0000][1][safepoint    ] Safepoint "Cleanup", Time since last: 1000129242 ns, Reaching safepoint: 88405 ns, At safepoint: 7488 ns, Total: 95893 ns
[2020-09-11T15:25:11.216+0000][1][safepoint    ] Safepoint "Cleanup", Time since last: 1000134841 ns, Reaching safepoint: 171790 ns, At safepoint: 20985 ns, Total: 192775 ns
[2020-09-11T15:25:12.216+0000][1][safepoint    ] Safepoint "Cleanup", Time since last: 1000189340 ns, Reaching safepoint: 168784 ns, At safepoint: 18579 ns, Total: 187363 ns
[2020-09-11T15:25:12.658+0000][1][safepoint    ] Safepoint "RevokeBias", Time since last: 441466072 ns, Reaching safepoint: 86958 ns, At safepoint: 21964 ns, Total: 108922 ns
[2020-09-11T15:25:12.666+0000][1][gc,start     ] GC(170) Pause Young (Allocation Failure)
[2020-09-11T15:25:12.666+0000][1][gc,task      ] GC(170) Using 1 workers of 1 for evacuation
[2020-09-11T15:25:12.678+0000][1][gc,age       ] GC(170) Desired survivor size 4358144 bytes, new threshold 6 (max threshold 6)
[2020-09-11T15:25:12.678+0000][1][gc,age       ] GC(170) Age table with threshold 6 (max threshold 6)
[2020-09-11T15:25:12.678+0000][1][gc,age       ] GC(170) - age   1:    2266504 bytes,    2266504 total
[2020-09-11T15:25:12.678+0000][1][gc,age       ] GC(170) - age   2:     128368 bytes,    2394872 total
[2020-09-11T15:25:12.678+0000][1][gc,age       ] GC(170) - age   3:      62952 bytes,    2457824 total
[2020-09-11T15:25:12.678+0000][1][gc,age       ] GC(170) - age   4:       8480 bytes,    2466304 total
[2020-09-11T15:25:12.678+0000][1][gc,age       ] GC(170) - age   5:      24080 bytes,    2490384 total
[2020-09-11T15:25:12.678+0000][1][gc,age       ] GC(170) - age   6:      16256 bytes,    2506640 total
[2020-09-11T15:25:12.678+0000][1][gc,heap      ] GC(170) ParNew: 69517K->2674K(76672K)
[2020-09-11T15:25:12.678+0000][1][gc,heap      ] GC(170) CMS: 76131K->76137K(439104K)
[2020-09-11T15:25:12.678+0000][1][gc,metaspace ] GC(170) Metaspace: 95604K->95604K(1136640K)
[2020-09-11T15:25:12.678+0000][1][gc           ] GC(170) Pause Young (Allocation Failure) 142M->76M(503M) 12.325ms
[2020-09-11T15:25:12.678+0000][1][gc,cpu       ] GC(170) User=0.01s Sys=0.00s Real=0.01s
[2020-09-11T15:25:12.679+0000][1][safepoint    ] Safepoint "GenCollectForAllocation", Time since last: 7078574 ns, Reaching safepoint: 595154 ns, At safepoint: 13695360 ns, Total: 14290514 ns
[2020-09-11T15:25:12.690+0000][1][safepoint    ] Safepoint "RevokeBias", Time since last: 10910476 ns, Reaching safepoint: 79642 ns, At safepoint: 31412 ns, Total: 111054 ns
[2020-09-11T15:25:12.690+0000][1][safepoint    ] Safepoint "RevokeBias", Time since last: 126876 ns, Reaching safepoint: 32815 ns, At safepoint: 19786 ns, Total: 52601 ns
[2020-09-11T15:25:12.691+0000][1][safepoint    ] Safepoint "RevokeBias", Time since last: 86714 ns, Reaching safepoint: 37871 ns, At safepoint: 18903 ns, Total: 56774 ns
[2020-09-11T15:25:12.691+0000][1][safepoint    ] Safepoint "RevokeBias", Time since last: 41332 ns, Reaching safepoint: 32815 ns, At safepoint: 18115 ns, Total: 50930 ns
[2020-09-11T15:25:12.698+0000][1][safepoint    ] Safepoint "RevokeBias", Time since last: 7296006 ns, Reaching safepoint: 195196 ns, At safepoint: 23379 ns, Total: 218575 ns
[2020-09-11T15:25:13.699+0000][1][safepoint    ] Safepoint "Cleanup", Time since last: 1000174980 ns, Reaching safepoint: 161891 ns, At safepoint: 20788 ns, Total: 182679 ns
[2020-09-11T15:25:14.699+0000][1][safepoint    ] Safepoint "Cleanup", Time since last: 1000192891 ns, Reaching safepoint: 155710 ns, At safepoint: 19455 ns, Total: 175165 ns
[2020-09-11T15:25:15.699+0000][1][safepoint    ] Safepoint "Cleanup", Time since last: 1000195080 ns, Reaching safepoint: 110527 ns, At safepoint: 8211 ns, Total: 118738 ns
[2020-09-11T15:25:16.700+0000][1][safepoint    ] Safepoint "Cleanup", Time since last: 1000190114 ns, Reaching safepoint: 87434 ns, At safepoint: 7148 ns, Total: 94582 ns
[2020-09-11T15:25:17.142+0000][1][safepoint    ] Safepoint "RevokeBias", Time since last: 441668387 ns, Reaching safepoint: 279211 ns, At safepoint: 47241 ns, Total: 326452 ns
[2020-09-11T15:25:17.253+0000][1][safepoint    ] Safepoint "RevokeBias", Time since last: 110807173 ns, Reaching safepoint: 218791 ns, At safepoint: 203993 ns, Total: 422784 ns
[2020-09-11T15:25:18.253+0000][1][safepoint    ] Safepoint "Cleanup", Time since last: 1000184273 ns, Reaching safepoint: 193072 ns, At safepoint: 20517 ns, Total: 213589 ns
[2020-09-11T15:25:19.254+0000][1][safepoint    ] Safepoint "Cleanup", Time since last: 1000225585 ns, Reaching safepoint: 105676 ns, At safepoint: 7865 ns, Total: 113541 ns
[2020-09-11T15:25:20.254+0000][1][safepoint    ] Safepoint "Cleanup", Time since last: 1000189219 ns, Reaching safepoint: 114034 ns, At safepoint: 8411 ns, Total: 122445 ns
[2020-09-11T15:25:21.254+0000][1][safepoint    ] Safepoint "Cleanup", Time since last: 1000128628 ns, Reaching safepoint: 170518 ns, At safepoint: 18893 ns, Total: 189411 ns
[2020-09-11T15:25:22.255+0000][1][safepoint    ] Safepoint "Cleanup", Time since last: 1000234161 ns, Reaching safepoint: 113154 ns, At safepoint: 7813 ns, Total: 120967 ns
[2020-09-11T15:25:23.255+0000][1][safepoint    ] Safepoint "Cleanup", Time since last: 1000113158 ns, Reaching safepoint: 120959 ns, At safepoint: 10558 ns, Total: 131517 ns
[2020-09-11T15:25:24.255+0000][1][safepoint    ] Safepoint "Cleanup", Time since last: 1000187259 ns, Reaching safepoint: 113207 ns, At safepoint: 8716 ns, Total: 121923 ns
[2020-09-11T15:25:25.255+0000][1][safepoint    ] Safepoint "Cleanup", Time since last: 1000178980 ns, Reaching safepoint: 217660 ns, At safepoint: 18014 ns, Total: 235674 ns
[2020-09-11T15:25:26.256+0000][1][safepoint    ] Safepoint "Cleanup", Time since last: 1000203850 ns, Reaching safepoint: 172930 ns, At safepoint: 20624 ns, Total: 193554 ns
[2020-09-11T15:25:27.255+0000][1][safepoint    ] Safepoint "RevokeBias", Time since last: 998260239 ns, Reaching safepoint: 232970 ns, At safepoint: 217068 ns, Total: 450038 ns
[2020-09-11T15:25:28.255+0000][1][safepoint    ] Safepoint "Cleanup", Time since last: 1000119696 ns, Reaching safepoint: 100096 ns, At safepoint: 12175 ns, Total: 112271 ns
[2020-09-11T15:25:28.462+0000][1][gc,start     ] GC(171) Pause Young (Allocation Failure)
[2020-09-11T15:25:28.462+0000][1][gc,task      ] GC(171) Using 1 workers of 1 for evacuation
[2020-09-11T15:25:28.476+0000][1][gc,age       ] GC(171) Desired survivor size 4358144 bytes, new threshold 6 (max threshold 6)
[2020-09-11T15:25:28.476+0000][1][gc,age       ] GC(171) Age table with threshold 6 (max threshold 6)
[2020-09-11T15:25:28.476+0000][1][gc,age       ] GC(171) - age   1:    2302968 bytes,    2302968 total
[2020-09-11T15:25:28.476+0000][1][gc,age       ] GC(171) - age   2:      66792 bytes,    2369760 total
[2020-09-11T15:25:28.476+0000][1][gc,age       ] GC(171) - age   3:     107928 bytes,    2477688 total
[2020-09-11T15:25:28.476+0000][1][gc,age       ] GC(171) - age   4:      55056 bytes,    2532744 total
[2020-09-11T15:25:28.476+0000][1][gc,age       ] GC(171) - age   5:       7240 bytes,    2539984 total
[2020-09-11T15:25:28.476+0000][1][gc,age       ] GC(171) - age   6:      22648 bytes,    2562632 total
[2020-09-11T15:25:28.476+0000][1][gc,heap      ] GC(171) ParNew: 70802K->3120K(76672K)
[2020-09-11T15:25:28.476+0000][1][gc,heap      ] GC(171) CMS: 76137K->76153K(439104K)
[2020-09-11T15:25:28.476+0000][1][gc,metaspace ] GC(171) Metaspace: 95633K->95633K(1136640K)
[2020-09-11T15:25:28.477+0000][1][gc           ] GC(171) Pause Young (Allocation Failure) 143M->77M(503M) 15.005ms
[2020-09-11T15:25:28.477+0000][1][gc,cpu       ] GC(171) User=0.02s Sys=0.00s Real=0.02s
[2020-09-11T15:25:28.477+0000][1][safepoint    ] Safepoint "GenCollectForAllocation", Time since last: 206451144 ns, Reaching safepoint: 202598 ns, At safepoint: 15839162 ns, Total: 16041760 ns
[2020-09-11T15:25:29.479+0000][1][safepoint    ] Safepoint "Cleanup", Time since last: 1000422610 ns, Reaching safepoint: 1034035 ns, At safepoint: 23464 ns, Total: 1057499 ns
[2020-09-11T15:25:30.479+0000][1][safepoint    ] Safepoint "Cleanup", Time since last: 1000182423 ns, Reaching safepoint: 123133 ns, At safepoint: 7809 ns, Total: 130942 ns
[2020-09-11T15:25:31.479+0000][1][safepoint    ] Safepoint "Cleanup", Time since last: 1000149413 ns, Reaching safepoint: 204823 ns, At safepoint: 19281 ns, Total: 224104 ns
[2020-09-11T15:25:32.480+0000][1][safepoint    ] Safepoint "Cleanup", Time since last: 1000199038 ns, Reaching safepoint: 132228 ns, At safepoint: 7174 ns, Total: 139402 ns
[2020-09-11T15:25:33.481+0000][1][safepoint    ] Safepoint "Cleanup", Time since last: 1001086123 ns, Reaching safepoint: 115150 ns, At safepoint: 8944 ns, Total: 124094 ns
[2020-09-11T15:25:34.481+0000][1][safepoint    ] Safepoint "Cleanup", Time since last: 1000210866 ns, Reaching safepoint: 107129 ns, At safepoint: 8024 ns, Total: 115153 ns
[2020-09-11T15:25:35.482+0000][1][safepoint    ] Safepoint "Cleanup", Time since last: 1000194436 ns, Reaching safepoint: 177540 ns, At safepoint: 21102 ns, Total: 198642 ns
[2020-09-11T15:25:36.482+0000][1][safepoint    ] Safepoint "Cleanup", Time since last: 1000242201 ns, Reaching safepoint: 115054 ns, At safepoint: 8098 ns, Total: 123152 ns
[2020-09-11T15:25:37.227+0000][1][safepoint    ] Safepoint "RevokeBias", Time since last: 744685236 ns, Reaching safepoint: 223049 ns, At safepoint: 221925 ns, Total: 444974 ns
[2020-09-11T15:25:38.227+0000][1][safepoint    ] Safepoint "Cleanup", Time since last: 1000150274 ns, Reaching safepoint: 94783 ns, At safepoint: 8135 ns, Total: 102918 ns
[2020-09-11T15:25:39.228+0000][1][safepoint    ] Safepoint "Cleanup", Time since last: 1000264872 ns, Reaching safepoint: 90865 ns, At safepoint: 7981 ns, Total: 98846 ns
[2020-09-11T15:25:40.228+0000][1][safepoint    ] Safepoint "Cleanup", Time since last: 1000172148 ns, Reaching safepoint: 110692 ns, At safepoint: 8082 ns, Total: 118774 ns
[2020-09-11T15:25:41.228+0000][1][safepoint    ] Safepoint "Cleanup", Time since last: 1000160727 ns, Reaching safepoint: 111008 ns, At safepoint: 8606 ns, Total: 119614 ns
[2020-09-11T15:25:42.229+0000][1][safepoint    ] Safepoint "Cleanup", Time since last: 1000123045 ns, Reaching safepoint: 140233 ns, At safepoint: 7650 ns, Total: 147883 ns
[2020-09-11T15:25:43.229+0000][1][safepoint    ] Safepoint "Cleanup", Time since last: 1000180665 ns, Reaching safepoint: 179672 ns, At safepoint: 20457 ns, Total: 200129 ns
[2020-09-11T15:25:44.229+0000][1][safepoint    ] Safepoint "Cleanup", Time since last: 1000255697 ns, Reaching safepoint: 111306 ns, At safepoint: 8793 ns, Total: 120099 ns
[2020-09-11T15:25:45.230+0000][1][safepoint    ] Safepoint "Cleanup", Time since last: 1000206681 ns, Reaching safepoint: 115260 ns, At safepoint: 8204 ns, Total: 123464 ns
[2020-09-11T15:25:46.230+0000][1][safepoint    ] Safepoint "Cleanup", Time since last: 1000183490 ns, Reaching safepoint: 122074 ns, At safepoint: 8503 ns, Total: 130577 ns
[2020-09-11T15:25:47.230+0000][1][safepoint    ] Safepoint "Cleanup", Time since last: 1000111870 ns, Reaching safepoint: 92518 ns, At safepoint: 8046 ns, Total: 100564 ns
[2020-09-11T15:25:47.322+0000][1][safepoint    ] Safepoint "RevokeBias", Time since last: 90772545 ns, Reaching safepoint: 211159 ns, At safepoint: 203642 ns, Total: 414801 ns
[2020-09-11T15:25:48.322+0000][1][safepoint    ] Safepoint "Cleanup", Time since last: 1000116852 ns, Reaching safepoint: 93201 ns, At safepoint: 8976 ns, Total: 102177 ns
[2020-09-11T15:25:49.322+0000][1][safepoint    ] Safepoint "Cleanup", Time since last: 1000211996 ns, Reaching safepoint: 117042 ns, At safepoint: 8034 ns, Total: 125076 ns
[2020-09-11T15:25:50.322+0000][1][safepoint    ] Safepoint "Cleanup", Time since last: 1000179064 ns, Reaching safepoint: 106991 ns, At safepoint: 7819 ns, Total: 114810 ns
[2020-09-11T15:25:51.323+0000][1][safepoint    ] Safepoint "Cleanup", Time since last: 1000174868 ns, Reaching safepoint: 111294 ns, At safepoint: 8125 ns, Total: 119419 ns
[2020-09-11T15:25:52.323+0000][1][safepoint    ] Safepoint "Cleanup", Time since last: 1000162944 ns, Reaching safepoint: 107948 ns, At safepoint: 8363 ns, Total: 116311 ns
[2020-09-11T15:25:53.236+0000][1][gc,start     ] GC(172) Pause Young (Allocation Failure)
[2020-09-11T15:25:53.236+0000][1][gc,task      ] GC(172) Using 1 workers of 1 for evacuation
[2020-09-11T15:25:53.242+0000][1][gc,age       ] GC(172) Desired survivor size 4358144 bytes, new threshold 6 (max threshold 6)
[2020-09-11T15:25:53.242+0000][1][gc,age       ] GC(172) Age table with threshold 6 (max threshold 6)
[2020-09-11T15:25:53.242+0000][1][gc,age       ] GC(172) - age   1:      61672 bytes,      61672 total
[2020-09-11T15:25:53.242+0000][1][gc,age       ] GC(172) - age   2:    2257328 bytes,    2319000 total
[2020-09-11T15:25:53.242+0000][1][gc,age       ] GC(172) - age   3:      56616 bytes,    2375616 total
[2020-09-11T15:25:53.242+0000][1][gc,age       ] GC(172) - age   4:     107808 bytes,    2483424 total
[2020-09-11T15:25:53.242+0000][1][gc,age       ] GC(172) - age   5:      53816 bytes,    2537240 total
[2020-09-11T15:25:53.242+0000][1][gc,age       ] GC(172) - age   6:       6000 bytes,    2543240 total
[2020-09-11T15:25:53.242+0000][1][gc,heap      ] GC(172) ParNew: 71280K->4533K(76672K)
[2020-09-11T15:25:53.242+0000][1][gc,heap      ] GC(172) CMS: 76153K->76175K(439104K)
[2020-09-11T15:25:53.242+0000][1][gc,metaspace ] GC(172) Metaspace: 95675K->95675K(1136640K)
[2020-09-11T15:25:53.242+0000][1][gc           ] GC(172) Pause Young (Allocation Failure) 143M->78M(503M) 6.205ms
[2020-09-11T15:25:53.242+0000][1][gc,cpu       ] GC(172) User=0.00s Sys=0.00s Real=0.00s
[2020-09-11T15:25:53.242+0000][1][safepoint    ] Safepoint "GenCollectForAllocation", Time since last: 913129396 ns, Reaching safepoint: 91701 ns, At safepoint: 6268484 ns, Total: 6360185 ns
[2020-09-11T15:25:54.243+0000][1][safepoint    ] Safepoint "Cleanup", Time since last: 1000325496 ns, Reaching safepoint: 84873 ns, At safepoint: 18498 ns, Total: 103371 ns
[2020-09-11T15:25:55.243+0000][1][safepoint    ] Safepoint "Cleanup", Time since last: 1000191079 ns, Reaching safepoint: 108298 ns, At safepoint: 14889 ns, Total: 123187 ns
[2020-09-11T15:25:57.220+0000][1][safepoint    ] Safepoint "RevokeBias", Time since last: 1976328978 ns, Reaching safepoint: 198141 ns, At safepoint: 33423 ns, Total: 231564 ns
[2020-09-11T15:25:58.220+0000][1][safepoint    ] Safepoint "Cleanup", Time since last: 1000181155 ns, Reaching safepoint: 173999 ns, At safepoint: 20510 ns, Total: 194509 ns
[2020-09-11T15:25:58.649+0000][1][safepoint    ] Safepoint "RevokeBias", Time since last: 428144393 ns, Reaching safepoint: 283327 ns, At safepoint: 24528 ns, Total: 307855 ns
[2020-09-11T15:25:58.661+0000][1][safepoint    ] Safepoint "RevokeBias", Time since last: 12136916 ns, Reaching safepoint: 166466 ns, At safepoint: 22972 ns, Total: 189438 ns
[2020-09-11T15:25:58.669+0000][1][safepoint    ] Safepoint "RevokeBias", Time since last: 8247987 ns, Reaching safepoint: 85303 ns, At safepoint: 21282 ns, Total: 106585 ns
[2020-09-11T15:25:58.669+0000][1][safepoint    ] Safepoint "RevokeBias", Time since last: 152393 ns, Reaching safepoint: 42778 ns, At safepoint: 11671 ns, Total: 54449 ns
[2020-09-11T15:25:58.721+0000][1][safepoint    ] Safepoint "RevokeBias", Time since last: 50876305 ns, Reaching safepoint: 163846 ns, At safepoint: 48448 ns, Total: 212294 ns
[2020-09-11T15:25:58.722+0000][1][safepoint    ] Safepoint "RevokeBias", Time since last: 1494534 ns, Reaching safepoint: 328467 ns, At safepoint: 43035 ns, Total: 371502 ns
[2020-09-11T15:25:59.723+0000][1][safepoint    ] Safepoint "Cleanup", Time since last: 1000191140 ns, Reaching safepoint: 133948 ns, At safepoint: 7434 ns, Total: 141382 ns
[2020-09-11T15:26:02.071+0000][1][safepoint    ] Safepoint "RevokeBias", Time since last: 2348255795 ns, Reaching safepoint: 196436 ns, At safepoint: 23352 ns, Total: 219788 ns
[2020-09-11T15:26:02.071+0000][1][safepoint    ] Safepoint "RevokeBias", Time since last: 64982 ns, Reaching safepoint: 131946 ns, At safepoint: 13129 ns, Total: 145075 ns
[2020-09-11T15:26:02.072+0000][1][safepoint    ] Safepoint "RevokeBias", Time since last: 34084 ns, Reaching safepoint: 116124 ns, At safepoint: 12323 ns, Total: 128447 ns
[2020-09-11T15:26:07.234+0000][1][safepoint    ] Safepoint "BulkRevokeBias", Time since last: 5162491245 ns, Reaching safepoint: 92024 ns, At safepoint: 235404 ns, Total: 327428 ns
[2020-09-11T15:26:07.278+0000][1][safepoint    ] Safepoint "RevokeBias", Time since last: 42977295 ns, Reaching safepoint: 210831 ns, At safepoint: 24361 ns, Total: 235192 ns
[2020-09-11T15:26:12.545+0000][1][gc,start     ] GC(173) Pause Young (Allocation Failure)
[2020-09-11T15:26:12.545+0000][1][gc,task      ] GC(173) Using 1 workers of 1 for evacuation
[2020-09-11T15:26:12.551+0000][1][gc,age       ] GC(173) Desired survivor size 4358144 bytes, new threshold 6 (max threshold 6)
[2020-09-11T15:26:12.551+0000][1][gc,age       ] GC(173) Age table with threshold 6 (max threshold 6)
[2020-09-11T15:26:12.551+0000][1][gc,age       ] GC(173) - age   1:     106928 bytes,     106928 total
[2020-09-11T15:26:12.551+0000][1][gc,age       ] GC(173) - age   2:      13288 bytes,     120216 total
[2020-09-11T15:26:12.551+0000][1][gc,age       ] GC(173) - age   3:    2241920 bytes,    2362136 total
[2020-09-11T15:26:12.551+0000][1][gc,age       ] GC(173) - age   4:      56224 bytes,    2418360 total
[2020-09-11T15:26:12.551+0000][1][gc,age       ] GC(173) - age   5:     107488 bytes,    2525848 total
[2020-09-11T15:26:12.551+0000][1][gc,age       ] GC(173) - age   6:      52576 bytes,    2578424 total
[2020-09-11T15:26:12.551+0000][1][gc,heap      ] GC(173) ParNew: 72668K->2996K(76672K)
[2020-09-11T15:26:12.551+0000][1][gc,heap      ] GC(173) CMS: 76175K->76181K(439104K)
[2020-09-11T15:26:12.551+0000][1][gc,metaspace ] GC(173) Metaspace: 95708K->95708K(1136640K)
[2020-09-11T15:26:12.551+0000][1][gc           ] GC(173) Pause Young (Allocation Failure) 145M->77M(503M) 5.980ms
[2020-09-11T15:26:12.551+0000][1][gc,cpu       ] GC(173) User=0.00s Sys=0.00s Real=0.00s
[2020-09-11T15:26:12.565+0000][1][safepoint    ] Safepoint "GenCollectForAllocation", Time since last: 5267484492 ns, Reaching safepoint: 168017 ns, At safepoint: 19438107 ns, Total: 19606124 ns
[2020-09-11T15:26:17.228+0000][1][safepoint    ] Safepoint "RevokeBias", Time since last: 4663090130 ns, Reaching safepoint: 210823 ns, At safepoint: 204034 ns, Total: 414857 ns
[2020-09-11T15:26:18.229+0000][1][safepoint    ] Safepoint "Cleanup", Time since last: 1000198226 ns, Reaching safepoint: 112221 ns, At safepoint: 7935 ns, Total: 120156 ns
[2020-09-11T15:26:22.229+0000][1][safepoint    ] Safepoint "Cleanup", Time since last: 4000559992 ns, Reaching safepoint: 174557 ns, At safepoint: 20357 ns, Total: 194914 ns
[2020-09-11T15:26:23.230+0000][1][safepoint    ] Safepoint "Cleanup", Time since last: 1000190018 ns, Reaching safepoint: 175960 ns, At safepoint: 20400 ns, Total: 196360 ns
[2020-09-11T15:26:27.216+0000][1][safepoint    ] Safepoint "RevokeBias", Time since last: 3986230988 ns, Reaching safepoint: 211006 ns, At safepoint: 21882 ns, Total: 232888 ns
[2020-09-11T15:26:28.216+0000][1][safepoint    ] Safepoint "Cleanup", Time since last: 1000170572 ns, Reaching safepoint: 169726 ns, At safepoint: 19909 ns, Total: 189635 ns
[2020-09-11T15:26:33.217+0000][1][safepoint    ] Safepoint "Cleanup", Time since last: 5000695835 ns, Reaching safepoint: 90957 ns, At safepoint: 7966 ns, Total: 98923 ns
[2020-09-11T15:26:37.136+0000][1][gc,start     ] GC(174) Pause Young (Allocation Failure)
[2020-09-11T15:26:37.136+0000][1][gc,task      ] GC(174) Using 1 workers of 1 for evacuation
[2020-09-11T15:26:37.142+0000][1][gc,age       ] GC(174) Desired survivor size 4358144 bytes, new threshold 6 (max threshold 6)
[2020-09-11T15:26:37.142+0000][1][gc,age       ] GC(174) Age table with threshold 6 (max threshold 6)
[2020-09-11T15:26:37.142+0000][1][gc,age       ] GC(174) - age   1:     164680 bytes,     164680 total
[2020-09-11T15:26:37.142+0000][1][gc,age       ] GC(174) - age   2:      43160 bytes,     207840 total
[2020-09-11T15:26:37.142+0000][1][gc,age       ] GC(174) - age   3:       4608 bytes,     212448 total
[2020-09-11T15:26:37.142+0000][1][gc,age       ] GC(174) - age   4:    2240488 bytes,    2452936 total
[2020-09-11T15:26:37.142+0000][1][gc,age       ] GC(174) - age   5:      56224 bytes,    2509160 total
[2020-09-11T15:26:37.142+0000][1][gc,age       ] GC(174) - age   6:     106248 bytes,    2615408 total
[2020-09-11T15:26:37.142+0000][1][gc,heap      ] GC(174) ParNew: 71156K->4526K(76672K)
[2020-09-11T15:26:37.142+0000][1][gc,heap      ] GC(174) CMS: 76181K->76233K(439104K)
[2020-09-11T15:26:37.142+0000][1][gc,metaspace ] GC(174) Metaspace: 95740K->95740K(1136640K)
[2020-09-11T15:26:37.142+0000][1][gc           ] GC(174) Pause Young (Allocation Failure) 143M->78M(503M) 6.568ms
[2020-09-11T15:26:37.142+0000][1][gc,cpu       ] GC(174) User=0.01s Sys=0.00s Real=0.00s
[2020-09-11T15:26:37.143+0000][1][safepoint    ] Safepoint "GenCollectForAllocation", Time since last: 3918413138 ns, Reaching safepoint: 173863 ns, At safepoint: 6698308 ns, Total: 6872171 ns
[2020-09-11T15:26:37.240+0000][1][safepoint    ] Safepoint "RevokeBias", Time since last: 97155417 ns, Reaching safepoint: 246721 ns, At safepoint: 210002 ns, Total: 456723 ns
[2020-09-11T15:26:38.240+0000][1][safepoint    ] Safepoint "Cleanup", Time since last: 1000120531 ns, Reaching safepoint: 95660 ns, At safepoint: 12028 ns, Total: 107688 ns
[2020-09-11T15:26:43.241+0000][1][safepoint    ] Safepoint "Cleanup", Time since last: 5000669992 ns, Reaching safepoint: 162616 ns, At safepoint: 18873 ns, Total: 181489 ns
[2020-09-11T15:26:47.285+0000][1][safepoint    ] Safepoint "RevokeBias", Time since last: 4043589165 ns, Reaching safepoint: 227442 ns, At safepoint: 267251 ns, Total: 494693 ns
[2020-09-11T15:26:48.286+0000][1][safepoint    ] Safepoint "Cleanup", Time since last: 1000123346 ns, Reaching safepoint: 108975 ns, At safepoint: 8540 ns, Total: 117515 ns
[2020-09-11T15:26:53.287+0000][1][safepoint    ] Safepoint "Cleanup", Time since last: 5000832418 ns, Reaching safepoint: 176585 ns, At safepoint: 20721 ns, Total: 197306 ns
[2020-09-11T15:26:54.287+0000][1][safepoint    ] Safepoint "Cleanup", Time since last: 1000213136 ns, Reaching safepoint: 178122 ns, At safepoint: 20962 ns, Total: 199084 ns
[2020-09-11T15:26:57.232+0000][1][safepoint    ] Safepoint "RevokeBias", Time since last: 2944488874 ns, Reaching safepoint: 222115 ns, At safepoint: 201078 ns, Total: 423193 ns
[2020-09-11T15:26:57.255+0000][1][gc,start     ] GC(175) Pause Young (Allocation Failure)
[2020-09-11T15:26:57.255+0000][1][gc,task      ] GC(175) Using 1 workers of 1 for evacuation
[2020-09-11T15:26:57.262+0000][1][gc,age       ] GC(175) Desired survivor size 4358144 bytes, new threshold 6 (max threshold 6)
[2020-09-11T15:26:57.262+0000][1][gc,age       ] GC(175) Age table with threshold 6 (max threshold 6)
[2020-09-11T15:26:57.262+0000][1][gc,age       ] GC(175) - age   1:     494616 bytes,     494616 total
[2020-09-11T15:26:57.262+0000][1][gc,age       ] GC(175) - age   2:      21280 bytes,     515896 total
[2020-09-11T15:26:57.262+0000][1][gc,age       ] GC(175) - age   3:      40560 bytes,     556456 total
[2020-09-11T15:26:57.262+0000][1][gc,age       ] GC(175) - age   4:       4608 bytes,     561064 total
[2020-09-11T15:26:57.262+0000][1][gc,age       ] GC(175) - age   5:    2240488 bytes,    2801552 total
[2020-09-11T15:26:57.262+0000][1][gc,age       ] GC(175) - age   6:      56224 bytes,    2857776 total
[2020-09-11T15:26:57.262+0000][1][gc,heap      ] GC(175) ParNew: 72686K->3047K(76672K)
[2020-09-11T15:26:57.262+0000][1][gc,heap      ] GC(175) CMS: 76233K->76340K(439104K)
[2020-09-11T15:26:57.262+0000][1][gc,metaspace ] GC(175) Metaspace: 95790K->95790K(1136640K)
[2020-09-11T15:26:57.262+0000][1][gc           ] GC(175) Pause Young (Allocation Failure) 145M->77M(503M) 7.057ms
[2020-09-11T15:26:57.262+0000][1][gc,cpu       ] GC(175) User=0.01s Sys=0.00s Real=0.01s
[2020-09-11T15:26:57.262+0000][1][safepoint    ] Safepoint "GenCollectForAllocation", Time since last: 22976050 ns, Reaching safepoint: 202103 ns, At safepoint: 7136561 ns, Total: 7338664 ns
[2020-09-11T15:26:58.267+0000][1][safepoint    ] Safepoint "Cleanup", Time since last: 1004873631 ns, Reaching safepoint: 108168 ns, At safepoint: 8566 ns, Total: 116734 ns
[2020-09-11T15:27:01.268+0000][1][safepoint    ] Safepoint "Cleanup", Time since last: 3000477780 ns, Reaching safepoint: 117021 ns, At safepoint: 6933 ns, Total: 123954 ns
[2020-09-11T15:27:03.268+0000][1][safepoint    ] Safepoint "Cleanup", Time since last: 2000377952 ns, Reaching safepoint: 181132 ns, At safepoint: 19451 ns, Total: 200583 ns
[2020-09-11T15:27:07.221+0000][1][safepoint    ] Safepoint "RevokeBias", Time since last: 3952436703 ns, Reaching safepoint: 252293 ns, At safepoint: 23976 ns, Total: 276269 ns
[2020-09-11T15:27:13.222+0000][1][safepoint    ] Safepoint "Cleanup", Time since last: 6000818281 ns, Reaching safepoint: 121144 ns, At safepoint: 8557 ns, Total: 129701 ns
[2020-09-11T15:27:15.753+0000][1][safepoint    ] Safepoint "RevokeBias", Time since last: 2530694713 ns, Reaching safepoint: 330629 ns, At safepoint: 53683 ns, Total: 384312 ns
[2020-09-11T15:27:15.776+0000][1][gc,start     ] GC(176) Pause Young (Allocation Failure)
[2020-09-11T15:27:15.776+0000][1][gc,task      ] GC(176) Using 1 workers of 1 for evacuation
[2020-09-11T15:27:15.782+0000][1][gc,age       ] GC(176) Desired survivor size 4358144 bytes, new threshold 6 (max threshold 6)
[2020-09-11T15:27:15.782+0000][1][gc,age       ] GC(176) Age table with threshold 6 (max threshold 6)
[2020-09-11T15:27:15.782+0000][1][gc,age       ] GC(176) - age   1:     102696 bytes,     102696 total
[2020-09-11T15:27:15.782+0000][1][gc,age       ] GC(176) - age   2:      10680 bytes,     113376 total
[2020-09-11T15:27:15.782+0000][1][gc,age       ] GC(176) - age   3:       3808 bytes,     117184 total
[2020-09-11T15:27:15.782+0000][1][gc,age       ] GC(176) - age   4:      40464 bytes,     157648 total
[2020-09-11T15:27:15.782+0000][1][gc,age       ] GC(176) - age   5:       3072 bytes,     160720 total
[2020-09-11T15:27:15.782+0000][1][gc,age       ] GC(176) - age   6:     869216 bytes,    1029936 total
[2020-09-11T15:27:15.782+0000][1][gc,heap      ] GC(176) ParNew: 71196K->2473K(76672K)
[2020-09-11T15:27:15.782+0000][1][gc,heap      ] GC(176) CMS: 76340K->76395K(439104K)
[2020-09-11T15:27:15.782+0000][1][gc,metaspace ] GC(176) Metaspace: 95820K->95820K(1136640K)
[2020-09-11T15:27:15.782+0000][1][gc           ] GC(176) Pause Young (Allocation Failure) 144M->77M(503M) 6.737ms
[2020-09-11T15:27:15.782+0000][1][gc,cpu       ] GC(176) User=0.01s Sys=0.00s Real=0.00s
[2020-09-11T15:27:15.786+0000][1][safepoint    ] Safepoint "GenCollectForAllocation", Time since last: 22277812 ns, Reaching safepoint: 162290 ns, At safepoint: 10182441 ns, Total: 10344731 ns
[2020-09-11T15:27:15.791+0000][1][safepoint    ] Safepoint "RevokeBias", Time since last: 5170825 ns, Reaching safepoint: 151807 ns, At safepoint: 22255 ns, Total: 174062 ns
[2020-09-11T15:27:15.792+0000][1][safepoint    ] Safepoint "RevokeBias", Time since last: 313240 ns, Reaching safepoint: 105173 ns, At safepoint: 15323 ns, Total: 120496 ns
[2020-09-11T15:27:15.792+0000][1][safepoint    ] Safepoint "RevokeBias", Time since last: 121352 ns, Reaching safepoint: 109334 ns, At safepoint: 14810 ns, Total: 124144 ns
[2020-09-11T15:27:15.792+0000][1][safepoint    ] Safepoint "RevokeBias", Time since last: 56065 ns, Reaching safepoint: 103999 ns, At safepoint: 14252 ns, Total: 118251 ns
[2020-09-11T15:27:15.805+0000][1][safepoint    ] Safepoint "RevokeBias", Time since last: 12326001 ns, Reaching safepoint: 198249 ns, At safepoint: 21325 ns, Total: 219574 ns
[2020-09-11T15:27:15.813+0000][1][safepoint    ] Safepoint "RevokeBias", Time since last: 8475837 ns, Reaching safepoint: 207272 ns, At safepoint: 31377 ns, Total: 238649 ns
[2020-09-11T15:27:15.814+0000][1][safepoint    ] Safepoint "RevokeBias", Time since last: 65473 ns, Reaching safepoint: 182526 ns, At safepoint: 23387 ns, Total: 205913 ns
[2020-09-11T15:27:15.814+0000][1][safepoint    ] Safepoint "RevokeBias", Time since last: 41227 ns, Reaching safepoint: 166530 ns, At safepoint: 24951 ns, Total: 191481 ns
[2020-09-11T15:27:15.814+0000][1][safepoint    ] Safepoint "RevokeBias", Time since last: 35846 ns, Reaching safepoint: 153435 ns, At safepoint: 23626 ns, Total: 177061 ns
[2020-09-11T15:27:15.814+0000][1][safepoint    ] Safepoint "RevokeBias", Time since last: 33198 ns, Reaching safepoint: 147635 ns, At safepoint: 21808 ns, Total: 169443 ns
[2020-09-11T15:27:15.820+0000][1][safepoint    ] Safepoint "RevokeBias", Time since last: 5260377 ns, Reaching safepoint: 236943 ns, At safepoint: 28515 ns, Total: 265458 ns
[2020-09-11T15:27:15.820+0000][1][safepoint    ] Safepoint "RevokeBias", Time since last: 490601 ns, Reaching safepoint: 169120 ns, At safepoint: 15498 ns, Total: 184618 ns
[2020-09-11T15:27:15.824+0000][1][safepoint    ] Safepoint "BulkRevokeBias", Time since last: 3059347 ns, Reaching safepoint: 155327 ns, At safepoint: 240223 ns, Total: 395550 ns
[2020-09-11T15:27:17.141+0000][1][safepoint    ] Safepoint "RevokeBias", Time since last: 1317055278 ns, Reaching safepoint: 205692 ns, At safepoint: 22252 ns, Total: 227944 ns
[2020-09-11T15:27:17.228+0000][1][safepoint    ] Safepoint "RevokeBias", Time since last: 86597429 ns, Reaching safepoint: 156167 ns, At safepoint: 21682 ns, Total: 177849 ns
[2020-09-11T15:27:18.228+0000][1][safepoint    ] Safepoint "Cleanup", Time since last: 1000190616 ns, Reaching safepoint: 182539 ns, At safepoint: 19922 ns, Total: 202461 ns
[2020-09-11T15:27:22.822+0000][1][safepoint    ] Safepoint "RevokeBias", Time since last: 4593942324 ns, Reaching safepoint: 212763 ns, At safepoint: 23235 ns, Total: 235998 ns
[2020-09-11T15:27:22.829+0000][1][safepoint    ] Safepoint "RevokeBias", Time since last: 6151349 ns, Reaching safepoint: 202273 ns, At safepoint: 23236 ns, Total: 225509 ns
[2020-09-11T15:27:22.829+0000][1][safepoint    ] Safepoint "RevokeBias", Time since last: 438576 ns, Reaching safepoint: 160014 ns, At safepoint: 14597 ns, Total: 174611 ns
[2020-09-11T15:27:22.830+0000][1][safepoint    ] Safepoint "RevokeBias", Time since last: 106719 ns, Reaching safepoint: 164740 ns, At safepoint: 12704 ns, Total: 177444 ns
[2020-09-11T15:27:22.830+0000][1][safepoint    ] Safepoint "BulkRevokeBias", Time since last: 52213 ns, Reaching safepoint: 158415 ns, At safepoint: 234183 ns, Total: 392598 ns
[2020-09-11T15:27:22.839+0000][1][safepoint    ] Safepoint "RevokeBias", Time since last: 8172107 ns, Reaching safepoint: 199387 ns, At safepoint: 22574 ns, Total: 221961 ns
[2020-09-11T15:27:23.839+0000][1][safepoint    ] Safepoint "Cleanup", Time since last: 1000160855 ns, Reaching safepoint: 115148 ns, At safepoint: 7676 ns, Total: 122824 ns
[2020-09-11T15:27:27.140+0000][1][safepoint    ] Safepoint "RevokeBias", Time since last: 3300941458 ns, Reaching safepoint: 194070 ns, At safepoint: 22735 ns, Total: 216805 ns
[2020-09-11T15:27:27.226+0000][1][safepoint    ] Safepoint "RevokeBias", Time since last: 85397150 ns, Reaching safepoint: 235139 ns, At safepoint: 212579 ns, Total: 447718 ns
[2020-09-11T15:27:27.251+0000][1][gc,start     ] GC(177) Pause Young (Allocation Failure)
[2020-09-11T15:27:27.252+0000][1][gc,task      ] GC(177) Using 1 workers of 1 for evacuation
[2020-09-11T15:27:27.258+0000][1][gc,age       ] GC(177) Desired survivor size 4358144 bytes, new threshold 6 (max threshold 6)
[2020-09-11T15:27:27.258+0000][1][gc,age       ] GC(177) Age table with threshold 6 (max threshold 6)
[2020-09-11T15:27:27.258+0000][1][gc,age       ] GC(177) - age   1:     622632 bytes,     622632 total
[2020-09-11T15:27:27.258+0000][1][gc,age       ] GC(177) - age   2:      25568 bytes,     648200 total
[2020-09-11T15:27:27.258+0000][1][gc,age       ] GC(177) - age   3:       2656 bytes,     650856 total
[2020-09-11T15:27:27.258+0000][1][gc,age       ] GC(177) - age   4:       3664 bytes,     654520 total
[2020-09-11T15:27:27.258+0000][1][gc,age       ] GC(177) - age   5:      40392 bytes,     694912 total
[2020-09-11T15:27:27.258+0000][1][gc,age       ] GC(177) - age   6:       3072 bytes,     697984 total
[2020-09-11T15:27:27.258+0000][1][gc,heap      ] GC(177) ParNew: 70633K->995K(76672K)
[2020-09-11T15:27:27.258+0000][1][gc,heap      ] GC(177) CMS: 76395K->76467K(439104K)
[2020-09-11T15:27:27.258+0000][1][gc,metaspace ] GC(177) Metaspace: 95869K->95869K(1138688K)
[2020-09-11T15:27:27.258+0000][1][gc           ] GC(177) Pause Young (Allocation Failure) 143M->75M(503M) 6.809ms
[2020-09-11T15:27:27.258+0000][1][gc,cpu       ] GC(177) User=0.01s Sys=0.00s Real=0.01s
[2020-09-11T15:27:27.258+0000][1][safepoint    ] Safepoint "GenCollectForAllocation", Time since last: 25010610 ns, Reaching safepoint: 626047 ns, At safepoint: 6884473 ns, Total: 7510520 ns
[2020-09-11T15:27:28.268+0000][1][safepoint    ] Safepoint "Cleanup", Time since last: 1009101521 ns, Reaching safepoint: 217415 ns, At safepoint: 20831 ns, Total: 238246 ns
[2020-09-11T15:27:31.268+0000][1][safepoint    ] Safepoint "Cleanup", Time since last: 3000539324 ns, Reaching safepoint: 125047 ns, At safepoint: 9952 ns, Total: 134999 ns
[2020-09-11T15:27:32.852+0000][1][safepoint    ] Safepoint "RevokeBias", Time since last: 1583207153 ns, Reaching safepoint: 205363 ns, At safepoint: 23384 ns, Total: 228747 ns
[2020-09-11T15:27:32.861+0000][1][safepoint    ] Safepoint "RevokeBias", Time since last: 9228838 ns, Reaching safepoint: 165968 ns, At safepoint: 22049 ns, Total: 188017 ns
[2020-09-11T15:27:32.862+0000][1][safepoint    ] Safepoint "RevokeBias", Time since last: 159469 ns, Reaching safepoint: 156824 ns, At safepoint: 13957 ns, Total: 170781 ns
[2020-09-11T15:27:32.862+0000][1][safepoint    ] Safepoint "RevokeBias", Time since last: 112407 ns, Reaching safepoint: 162448 ns, At safepoint: 13612 ns, Total: 176060 ns
[2020-09-11T15:27:32.862+0000][1][safepoint    ] Safepoint "RevokeBias", Time since last: 55318 ns, Reaching safepoint: 157057 ns, At safepoint: 13703 ns, Total: 170760 ns
[2020-09-11T15:27:32.870+0000][1][safepoint    ] Safepoint "RevokeBias", Time since last: 7600479 ns, Reaching safepoint: 202002 ns, At safepoint: 21772 ns, Total: 223774 ns
[2020-09-11T15:27:33.870+0000][1][safepoint    ] Safepoint "Cleanup", Time since last: 1000203528 ns, Reaching safepoint: 114386 ns, At safepoint: 8308 ns, Total: 122694 ns
[2020-09-11T15:27:37.141+0000][1][safepoint    ] Safepoint "RevokeBias", Time since last: 3270391818 ns, Reaching safepoint: 336461 ns, At safepoint: 22175 ns, Total: 358636 ns
[2020-09-11T15:27:37.266+0000][1][safepoint    ] Safepoint "RevokeBias", Time since last: 124998219 ns, Reaching safepoint: 219073 ns, At safepoint: 203525 ns, Total: 422598 ns
[2020-09-11T15:27:38.267+0000][1][safepoint    ] Safepoint "Cleanup", Time since last: 1000180721 ns, Reaching safepoint: 239105 ns, At safepoint: 21593 ns, Total: 260698 ns
[2020-09-11T15:27:42.608+0000][1][gc,start     ] GC(178) Pause Young (Allocation Failure)
[2020-09-11T15:27:42.608+0000][1][gc,task      ] GC(178) Using 1 workers of 1 for evacuation
[2020-09-11T15:27:42.613+0000][1][gc,age       ] GC(178) Desired survivor size 4358144 bytes, new threshold 6 (max threshold 6)
[2020-09-11T15:27:42.613+0000][1][gc,age       ] GC(178) Age table with threshold 6 (max threshold 6)
[2020-09-11T15:27:42.613+0000][1][gc,age       ] GC(178) - age   1:     208536 bytes,     208536 total
[2020-09-11T15:27:42.613+0000][1][gc,age       ] GC(178) - age   2:     124152 bytes,     332688 total
[2020-09-11T15:27:42.613+0000][1][gc,age       ] GC(178) - age   3:       3160 bytes,     335848 total
[2020-09-11T15:27:42.613+0000][1][gc,age       ] GC(178) - age   4:       2656 bytes,     338504 total
[2020-09-11T15:27:42.613+0000][1][gc,age       ] GC(178) - age   5:       2128 bytes,     340632 total
[2020-09-11T15:27:42.613+0000][1][gc,age       ] GC(178) - age   6:      39152 bytes,     379784 total
[2020-09-11T15:27:42.613+0000][1][gc,heap      ] GC(178) ParNew: 69155K->760K(76672K)
[2020-09-11T15:27:42.613+0000][1][gc,heap      ] GC(178) CMS: 76467K->76470K(439104K)
[2020-09-11T15:27:42.613+0000][1][gc,metaspace ] GC(178) Metaspace: 95898K->95898K(1138688K)
[2020-09-11T15:27:42.613+0000][1][gc           ] GC(178) Pause Young (Allocation Failure) 142M->75M(503M) 5.541ms
[2020-09-11T15:27:42.613+0000][1][gc,cpu       ] GC(178) User=0.01s Sys=0.00s Real=0.00s
[2020-09-11T15:27:42.613+0000][1][safepoint    ] Safepoint "GenCollectForAllocation", Time since last: 4340782972 ns, Reaching safepoint: 196501 ns, At safepoint: 5673770 ns, Total: 5870271 ns
[2020-09-11T15:27:42.875+0000][1][safepoint    ] Safepoint "RevokeBias", Time since last: 261855948 ns, Reaching safepoint: 91049 ns, At safepoint: 22588 ns, Total: 113637 ns
[2020-09-11T15:27:42.881+0000][1][safepoint    ] Safepoint "RevokeBias", Time since last: 4978560 ns, Reaching safepoint: 205098 ns, At safepoint: 22277 ns, Total: 227375 ns
[2020-09-11T15:27:42.881+0000][1][safepoint    ] Safepoint "RevokeBias", Time since last: 368962 ns, Reaching safepoint: 149174 ns, At safepoint: 15980 ns, Total: 165154 ns
[2020-09-11T15:27:42.882+0000][1][safepoint    ] Safepoint "RevokeBias", Time since last: 124266 ns, Reaching safepoint: 163671 ns, At safepoint: 13964 ns, Total: 177635 ns
[2020-09-11T15:27:42.882+0000][1][safepoint    ] Safepoint "RevokeBias", Time since last: 57423 ns, Reaching safepoint: 145074 ns, At safepoint: 13488 ns, Total: 158562 ns
[2020-09-11T15:27:42.896+0000][1][safepoint    ] Safepoint "BulkRevokeBias", Time since last: 13628833 ns, Reaching safepoint: 123321 ns, At safepoint: 227942 ns, Total: 351263 ns
[2020-09-11T15:27:42.898+0000][1][safepoint    ] Safepoint "BulkRevokeBias", Time since last: 2057048 ns, Reaching safepoint: 177909 ns, At safepoint: 195223 ns, Total: 373132 ns
[2020-09-11T15:27:43.900+0000][1][safepoint    ] Safepoint "Cleanup", Time since last: 1001451105 ns, Reaching safepoint: 108547 ns, At safepoint: 10101 ns, Total: 118648 ns
[2020-09-11T15:27:47.137+0000][1][safepoint    ] Safepoint "RevokeBias", Time since last: 3237412206 ns, Reaching safepoint: 180148 ns, At safepoint: 21732 ns, Total: 201880 ns
[2020-09-11T15:27:47.364+0000][1][safepoint    ] Safepoint "RevokeBias", Time since last: 225870647 ns, Reaching safepoint: 299092 ns, At safepoint: 294575 ns, Total: 593667 ns
[2020-09-11T15:27:48.364+0000][1][safepoint    ] Safepoint "Cleanup", Time since last: 1000210541 ns, Reaching safepoint: 133108 ns, At safepoint: 9551 ns, Total: 142659 ns
[2020-09-11T15:27:53.365+0000][1][safepoint    ] Safepoint "Cleanup", Time since last: 5000831465 ns, Reaching safepoint: 179668 ns, At safepoint: 21837 ns, Total: 201505 ns
[2020-09-11T15:27:57.214+0000][1][safepoint    ] Safepoint "RevokeBias", Time since last: 3847678465 ns, Reaching safepoint: 747127 ns, At safepoint: 210463 ns, Total: 957590 ns
[2020-09-11T15:27:57.229+0000][1][gc,start     ] GC(179) Pause Young (Allocation Failure)
[2020-09-11T15:27:57.229+0000][1][gc,task      ] GC(179) Using 1 workers of 1 for evacuation
[2020-09-11T15:27:57.242+0000][1][gc,age       ] GC(179) Desired survivor size 4358144 bytes, new threshold 6 (max threshold 6)
[2020-09-11T15:27:57.242+0000][1][gc,age       ] GC(179) Age table with threshold 6 (max threshold 6)
[2020-09-11T15:27:57.242+0000][1][gc,age       ] GC(179) - age   1:    2694792 bytes,    2694792 total
[2020-09-11T15:27:57.242+0000][1][gc,age       ] GC(179) - age   2:      77048 bytes,    2771840 total
[2020-09-11T15:27:57.242+0000][1][gc,age       ] GC(179) - age   3:     116768 bytes,    2888608 total
[2020-09-11T15:27:57.242+0000][1][gc,age       ] GC(179) - age   4:       2168 bytes,    2890776 total
[2020-09-11T15:27:57.242+0000][1][gc,age       ] GC(179) - age   5:       2656 bytes,    2893432 total
[2020-09-11T15:27:57.242+0000][1][gc,age       ] GC(179) - age   6:       2128 bytes,    2895560 total
[2020-09-11T15:27:57.242+0000][1][gc,heap      ] GC(179) ParNew: 68858K->2961K(76672K)
[2020-09-11T15:27:57.242+0000][1][gc,heap      ] GC(179) CMS: 76470K->76508K(439104K)
[2020-09-11T15:27:57.242+0000][1][gc,metaspace ] GC(179) Metaspace: 95941K->95941K(1138688K)
[2020-09-11T15:27:57.242+0000][1][gc           ] GC(179) Pause Young (Allocation Failure) 141M->77M(503M) 13.517ms
[2020-09-11T15:27:57.242+0000][1][gc,cpu       ] GC(179) User=0.01s Sys=0.00s Real=0.01s
[2020-09-11T15:27:57.246+0000][1][safepoint    ] Safepoint "GenCollectForAllocation", Time since last: 14678486 ns, Reaching safepoint: 378631 ns, At safepoint: 17073221 ns, Total: 17451852 ns
[2020-09-11T15:27:58.257+0000][1][safepoint    ] Safepoint "Cleanup", Time since last: 1010986291 ns, Reaching safepoint: 169880 ns, At safepoint: 8418 ns, Total: 178298 ns
[2020-09-11T15:27:59.257+0000][1][safepoint    ] Safepoint "Cleanup", Time since last: 1000137259 ns, Reaching safepoint: 177290 ns, At safepoint: 18192 ns, Total: 195482 ns
[2020-09-11T15:28:03.262+0000][1][safepoint    ] Safepoint "Cleanup", Time since last: 4004136843 ns, Reaching safepoint: 102955 ns, At safepoint: 9079 ns, Total: 112034 ns
[2020-09-11T15:28:07.228+0000][1][safepoint    ] Safepoint "RevokeBias", Time since last: 3966048626 ns, Reaching safepoint: 93736 ns, At safepoint: 20509 ns, Total: 114245 ns
[2020-09-11T15:28:08.228+0000][1][safepoint    ] Safepoint "Cleanup", Time since last: 1000143465 ns, Reaching safepoint: 178583 ns, At safepoint: 18820 ns, Total: 197403 ns
[2020-09-11T15:28:17.236+0000][1][safepoint    ] Safepoint "Cleanup", Time since last: 9001202736 ns, Reaching safepoint: 6132413 ns, At safepoint: 24255 ns, Total: 6156668 ns
[2020-09-11T15:28:17.280+0000][1][safepoint    ] Safepoint "RevokeBias", Time since last: 44536695 ns, Reaching safepoint: 174116 ns, At safepoint: 24432 ns, Total: 198548 ns
[2020-09-11T15:28:17.323+0000][1][gc,start     ] GC(180) Pause Young (Allocation Failure)
[2020-09-11T15:28:17.323+0000][1][gc,task      ] GC(180) Using 1 workers of 1 for evacuation
[2020-09-11T15:28:17.333+0000][1][gc,age       ] GC(180) Desired survivor size 4358144 bytes, new threshold 6 (max threshold 6)
[2020-09-11T15:28:17.333+0000][1][gc,age       ] GC(180) Age table with threshold 6 (max threshold 6)
[2020-09-11T15:28:17.333+0000][1][gc,age       ] GC(180) - age   1:     539728 bytes,     539728 total
[2020-09-11T15:28:17.333+0000][1][gc,age       ] GC(180) - age   2:    2234664 bytes,    2774392 total
[2020-09-11T15:28:17.333+0000][1][gc,age       ] GC(180) - age   3:      53400 bytes,    2827792 total
[2020-09-11T15:28:17.333+0000][1][gc,age       ] GC(180) - age   4:     113472 bytes,    2941264 total
[2020-09-11T15:28:17.333+0000][1][gc,age       ] GC(180) - age   5:       1880 bytes,    2943144 total
[2020-09-11T15:28:17.333+0000][1][gc,age       ] GC(180) - age   6:       1416 bytes,    2944560 total
[2020-09-11T15:28:17.333+0000][1][gc,heap      ] GC(180) ParNew: 71121K->4406K(76672K)
[2020-09-11T15:28:17.333+0000][1][gc,heap      ] GC(180) CMS: 76508K->76509K(439104K)
[2020-09-11T15:28:17.333+0000][1][gc,metaspace ] GC(180) Metaspace: 95963K->95963K(1138688K)
[2020-09-11T15:28:17.333+0000][1][gc           ] GC(180) Pause Young (Allocation Failure) 144M->79M(503M) 10.469ms
[2020-09-11T15:28:17.333+0000][1][gc,cpu       ] GC(180) User=0.01s Sys=0.00s Real=0.01s
[2020-09-11T15:28:17.334+0000][1][safepoint    ] Safepoint "GenCollectForAllocation", Time since last: 42532193 ns, Reaching safepoint: 164543 ns, At safepoint: 11017424 ns, Total: 11181967 ns
[2020-09-11T15:28:18.345+0000][1][safepoint    ] Safepoint "Cleanup", Time since last: 1010450972 ns, Reaching safepoint: 92731 ns, At safepoint: 16814 ns, Total: 109545 ns
[2020-09-11T15:28:27.263+0000][1][safepoint    ] Safepoint "RevokeBias", Time since last: 8917913761 ns, Reaching safepoint: 220237 ns, At safepoint: 240361 ns, Total: 460598 ns
[2020-09-11T15:28:28.264+0000][1][safepoint    ] Safepoint "Cleanup", Time since last: 1000615562 ns, Reaching safepoint: 177533 ns, At safepoint: 12463 ns, Total: 189996 ns
[2020-09-11T15:28:33.265+0000][1][safepoint    ] Safepoint "Cleanup", Time since last: 5000632250 ns, Reaching safepoint: 172486 ns, At safepoint: 20440 ns, Total: 192926 ns
[2020-09-11T15:28:37.246+0000][1][safepoint    ] Safepoint "RevokeBias", Time since last: 3980812896 ns, Reaching safepoint: 223552 ns, At safepoint: 223926 ns, Total: 447478 ns
[2020-09-11T15:28:38.246+0000][1][safepoint    ] Safepoint "Cleanup", Time since last: 1000195372 ns, Reaching safepoint: 178406 ns, At safepoint: 23444 ns, Total: 201850 ns
[2020-09-11T15:28:38.845+0000][1][gc,start     ] GC(181) Pause Young (Allocation Failure)
[2020-09-11T15:28:38.845+0000][1][gc,task      ] GC(181) Using 1 workers of 1 for evacuation
[2020-09-11T15:28:38.851+0000][1][gc,age       ] GC(181) Desired survivor size 4358144 bytes, new threshold 6 (max threshold 6)
[2020-09-11T15:28:38.851+0000][1][gc,age       ] GC(181) Age table with threshold 6 (max threshold 6)
[2020-09-11T15:28:38.851+0000][1][gc,age       ] GC(181) - age   1:      73960 bytes,      73960 total
[2020-09-11T15:28:38.851+0000][1][gc,age       ] GC(181) - age   2:       7352 bytes,      81312 total
[2020-09-11T15:28:38.851+0000][1][gc,age       ] GC(181) - age   3:    2231640 bytes,    2312952 total
[2020-09-11T15:28:38.851+0000][1][gc,age       ] GC(181) - age   4:      53400 bytes,    2366352 total
[2020-09-11T15:28:38.851+0000][1][gc,age       ] GC(181) - age   5:     112232 bytes,    2478584 total
[2020-09-11T15:28:38.851+0000][1][gc,age       ] GC(181) - age   6:        640 bytes,    2479224 total
[2020-09-11T15:28:38.851+0000][1][gc,heap      ] GC(181) ParNew: 72566K->2707K(76672K)
[2020-09-11T15:28:38.851+0000][1][gc,heap      ] GC(181) CMS: 76509K->76511K(439104K)
[2020-09-11T15:28:38.851+0000][1][gc,metaspace ] GC(181) Metaspace: 95998K->95998K(1138688K)
[2020-09-11T15:28:38.851+0000][1][gc           ] GC(181) Pause Young (Allocation Failure) 145M->77M(503M) 5.695ms
[2020-09-11T15:28:38.851+0000][1][gc,cpu       ] GC(181) User=0.01s Sys=0.00s Real=0.00s
[2020-09-11T15:28:38.851+0000][1][safepoint    ] Safepoint "GenCollectForAllocation", Time since last: 598655414 ns, Reaching safepoint: 203514 ns, At safepoint: 5779269 ns, Total: 5982783 ns
[2020-09-11T15:28:43.854+0000][1][safepoint    ] Safepoint "Cleanup", Time since last: 5002756087 ns, Reaching safepoint: 278291 ns, At safepoint: 20992 ns, Total: 299283 ns
[2020-09-11T15:30:55.819+0000][1][safepoint    ] Safepoint "Cleanup", Time since last: 125985731707 ns, Reaching safepoint: 5377953589 ns, At safepoint: 604338348 ns, Total: 5982291937 ns
[2020-09-11T15:30:56.865+0000][1][safepoint    ] Safepoint "RevokeBias", Time since last: 200353053 ns, Reaching safepoint: 546808695 ns, At safepoint: 298907710 ns, Total: 845716405 ns
[2020-09-11T15:30:58.010+0000][1][safepoint    ] Safepoint "RevokeBias", Time since last: 144150573 ns, Reaching safepoint: 556703531 ns, At safepoint: 443560051 ns, Total: 1000263582 ns
[2020-09-11T15:31:01.757+0000][1][safepoint    ] Safepoint "Cleanup", Time since last: 2487340995 ns, Reaching safepoint: 694268253 ns, At safepoint: 565259876 ns, Total: 1259528129 ns
[2020-09-11T15:31:03.627+0000][1][safepoint    ] Safepoint "Cleanup", Time since last: 1018630567 ns, Reaching safepoint: 132499661 ns, At safepoint: 718743896 ns, Total: 851243557 ns
[2020-09-11T15:31:06.102+0000][1][safepoint    ] Safepoint "Cleanup", Time since last: 1001234915 ns, Reaching safepoint: 492937638 ns, At safepoint: 981397986 ns, Total: 1474335624 ns
[2020-09-11T15:31:18.644+0000][1][safepoint    ] Safepoint "Cleanup", Time since last: 11799339721 ns, Reaching safepoint: 320329347 ns, At safepoint: 422092330 ns, Total: 742421677 ns
[2020-09-11T15:31:23.225+0000][1][safepoint    ] Safepoint "Cleanup", Time since last: 2335526696 ns, Reaching safepoint: 2001566335 ns, At safepoint: 243947757 ns, Total: 2245514092 ns
[2020-09-11T15:31:55.378+0000][1][safepoint    ] Safepoint "Cleanup", Time since last: 31085391417 ns, Reaching safepoint: 482591473 ns, At safepoint: 584929034 ns, Total: 1067520507 ns
[2020-09-11T15:32:00.585+0000][1][safepoint    ] Safepoint "Cleanup", Time since last: 4410906743 ns, Reaching safepoint: 502330142 ns, At safepoint: 294369170 ns, Total: 796699312 ns
[2020-09-11T15:32:07.953+0000][1][safepoint    ] Safepoint "RevokeBias", Time since last: 7238085142 ns, Reaching safepoint: 129530274 ns, At safepoint: 81362 ns, Total: 129611636 ns
[2020-09-11T15:32:10.533+0000][1][safepoint    ] Safepoint "Cleanup", Time since last: 2251748756 ns, Reaching safepoint: 104269955 ns, At safepoint: 223801306 ns, Total: 328071261 ns
[2020-09-11T15:32:11.737+0000][1][safepoint    ] Safepoint "Cleanup", Time since last: 1037827131 ns, Reaching safepoint: 166278869 ns, At safepoint: 40307 ns, Total: 166319176 ns
[2020-09-11T15:32:31.120+0000][1][safepoint    ] Safepoint "Cleanup", Time since last: 19223739093 ns, Reaching safepoint: 62943478 ns, At safepoint: 95883258 ns, Total: 158826736 ns
[2020-09-11T15:32:32.048+0000][1][safepoint    ] Safepoint "RevokeBias", Time since last: 927180872 ns, Reaching safepoint: 643580 ns, At safepoint: 82121 ns, Total: 725701 ns
[2020-09-11T15:32:33.387+0000][1][safepoint    ] Safepoint "Cleanup", Time since last: 1021771048 ns, Reaching safepoint: 124505091 ns, At safepoint: 192771278 ns, Total: 317276369 ns
[2020-09-11T15:32:34.397+0000][1][safepoint    ] Safepoint "Cleanup", Time since last: 1010412515 ns, Reaching safepoint: 423518 ns, At safepoint: 16575 ns, Total: 440093 ns
[2020-09-11T15:32:38.125+0000][1][safepoint    ] Safepoint "Cleanup", Time since last: 3548093852 ns, Reaching safepoint: 179423124 ns, At safepoint: 18974 ns, Total: 179442098 ns
[2020-09-11T15:32:40.473+0000][1][safepoint    ] Safepoint "Cleanup", Time since last: 2251349415 ns, Reaching safepoint: 392285 ns, At safepoint: 96531725 ns, Total: 96924010 ns
[2020-09-11T15:32:41.493+0000][1][safepoint    ] Safepoint "Cleanup", Time since last: 1019846028 ns, Reaching safepoint: 209707 ns, At safepoint: 9780 ns, Total: 219487 ns
[2020-09-11T15:32:43.734+0000][1][safepoint    ] Safepoint "Cleanup", Time since last: 2236812262 ns, Reaching safepoint: 2180182 ns, At safepoint: 1285457 ns, Total: 3465639 ns
[2020-09-11T15:32:44.742+0000][1][safepoint    ] Safepoint "Cleanup", Time since last: 1007864339 ns, Reaching safepoint: 136508 ns, At safepoint: 10227 ns, Total: 146735 ns
[2020-09-11T15:32:49.993+0000][1][safepoint    ] Safepoint "Cleanup", Time since last: 5251223608 ns, Reaching safepoint: 297004 ns, At safepoint: 23948 ns, Total: 320952 ns
[2020-09-11T15:32:54.168+0000][1][safepoint    ] Safepoint "Cleanup", Time since last: 4174355508 ns, Reaching safepoint: 520719 ns, At safepoint: 33335 ns, Total: 554054 ns
[2020-09-11T15:32:54.636+0000][1][gc,start     ] GC(182) Pause Young (Allocation Failure)
[2020-09-11T15:32:54.714+0000][1][gc,task      ] GC(182) Using 1 workers of 1 for evacuation
[2020-09-11T15:32:55.352+0000][1][gc,age       ] GC(182) Desired survivor size 4358144 bytes, new threshold 6 (max threshold 6)
[2020-09-11T15:32:55.357+0000][1][gc,age       ] GC(182) Age table with threshold 6 (max threshold 6)
[2020-09-11T15:32:55.357+0000][1][gc,age       ] GC(182) - age   1:     302384 bytes,     302384 total
[2020-09-11T15:32:55.357+0000][1][gc,age       ] GC(182) - age   2:      11064 bytes,     313448 total
[2020-09-11T15:32:55.357+0000][1][gc,age       ] GC(182) - age   3:       2608 bytes,     316056 total
[2020-09-11T15:32:55.357+0000][1][gc,age       ] GC(182) - age   4:    2230368 bytes,    2546424 total
[2020-09-11T15:32:55.357+0000][1][gc,age       ] GC(182) - age   5:      53104 bytes,    2599528 total
[2020-09-11T15:32:55.357+0000][1][gc,age       ] GC(182) - age   6:     112088 bytes,    2711616 total
[2020-09-11T15:32:55.357+0000][1][gc,heap      ] GC(182) ParNew: 70867K->4985K(76672K)
[2020-09-11T15:32:55.357+0000][1][gc,heap      ] GC(182) CMS: 76511K->76511K(439104K)
[2020-09-11T15:32:55.357+0000][1][gc,metaspace ] GC(182) Metaspace: 96025K->96025K(1138688K)
[2020-09-11T15:32:55.357+0000][1][gc           ] GC(182) Pause Young (Allocation Failure) 143M->79M(503M) 721.779ms
[2020-09-11T15:32:55.357+0000][1][gc,cpu       ] GC(182) User=0.21s Sys=0.01s Real=0.72s
[2020-09-11T15:32:55.437+0000][1][safepoint    ] Safepoint "GenCollectForAllocation", Time since last: 373359023 ns, Reaching safepoint: 94221426 ns, At safepoint: 801617534 ns, Total: 895838960 ns
[2020-09-11T15:32:56.505+0000][1][safepoint    ] Safepoint "Cleanup", Time since last: 1066936415 ns, Reaching safepoint: 434396 ns, At safepoint: 18964 ns, Total: 453360 ns
[2020-09-11T15:33:01.611+0000][1][safepoint    ] Safepoint "Cleanup", Time since last: 5106170982 ns, Reaching safepoint: 219236 ns, At safepoint: 26383 ns, Total: 245619 ns
[2020-09-11T15:33:02.621+0000][1][safepoint    ] Safepoint "Cleanup", Time since last: 1009479064 ns, Reaching safepoint: 394231 ns, At safepoint: 21704 ns, Total: 415935 ns
[2020-09-11T15:33:02.930+0000][1][safepoint    ] Safepoint "RevokeBias", Time since last: 309164246 ns, Reaching safepoint: 107666 ns, At safepoint: 24874 ns, Total: 132540 ns
[2020-09-11T15:33:04.050+0000][1][safepoint    ] Safepoint "Cleanup", Time since last: 1119288567 ns, Reaching safepoint: 112898 ns, At safepoint: 9950 ns, Total: 122848 ns
[2020-09-11T15:33:10.072+0000][1][safepoint    ] Safepoint "Cleanup", Time since last: 6022077332 ns, Reaching safepoint: 204947 ns, At safepoint: 22975 ns, Total: 227922 ns
[2020-09-11T15:33:11.045+0000][1][safepoint    ] Safepoint "RevokeBias", Time since last: 949586482 ns, Reaching safepoint: 19545772 ns, At safepoint: 4002596 ns, Total: 23548368 ns
[2020-09-11T15:33:12.108+0000][1][safepoint    ] Safepoint "Cleanup", Time since last: 1062249092 ns, Reaching safepoint: 265147 ns, At safepoint: 10733 ns, Total: 275880 ns
[2020-09-11T15:33:12.242+0000][1][safepoint    ] Safepoint "RevokeBias", Time since last: 134552152 ns, Reaching safepoint: 183058 ns, At safepoint: 24503 ns, Total: 207561 ns
[2020-09-11T15:33:12.271+0000][1][safepoint    ] Safepoint "RevokeBias", Time since last: 28377458 ns, Reaching safepoint: 193577 ns, At safepoint: 25766 ns, Total: 219343 ns
[2020-09-11T15:33:12.271+0000][1][safepoint    ] Safepoint "RevokeBias", Time since last: 60211 ns, Reaching safepoint: 113754 ns, At safepoint: 15084 ns, Total: 128838 ns
[2020-09-11T15:33:12.271+0000][1][safepoint    ] Safepoint "RevokeBias", Time since last: 36615 ns, Reaching safepoint: 111723 ns, At safepoint: 14334 ns, Total: 126057 ns
[2020-09-11T15:33:12.272+0000][1][safepoint    ] Safepoint "RevokeBias", Time since last: 36010 ns, Reaching safepoint: 120672 ns, At safepoint: 15166 ns, Total: 135838 ns
[2020-09-11T15:33:12.550+0000][1][safepoint    ] Safepoint "RevokeBias", Time since last: 277486560 ns, Reaching safepoint: 712895 ns, At safepoint: 24814 ns, Total: 737709 ns
[2020-09-11T15:33:13.033+0000][1][safepoint    ] Safepoint "RevokeBias", Time since last: 482763816 ns, Reaching safepoint: 193821 ns, At safepoint: 170260 ns, Total: 364081 ns
[2020-09-11T15:33:13.115+0000][1][safepoint    ] Safepoint "RevokeBias", Time since last: 82276524 ns, Reaching safepoint: 227800 ns, At safepoint: 27088 ns, Total: 254888 ns
[2020-09-11T15:33:14.250+0000][1][safepoint    ] Safepoint "RevokeBias", Time since last: 1134716136 ns, Reaching safepoint: 104211 ns, At safepoint: 23353 ns, Total: 127564 ns
[2020-09-11T15:33:15.787+0000][1][safepoint    ] Safepoint "Cleanup", Time since last: 1332035654 ns, Reaching safepoint: 204550986 ns, At safepoint: 20702 ns, Total: 204571688 ns
[2020-09-11T15:33:15.916+0000][1][gc,start     ] GC(183) Pause Young (Allocation Failure)
[2020-09-11T15:33:15.916+0000][1][gc,task      ] GC(183) Using 1 workers of 1 for evacuation
[2020-09-11T15:33:16.300+0000][1][gc,age       ] GC(183) Desired survivor size 4358144 bytes, new threshold 6 (max threshold 6)
[2020-09-11T15:33:16.300+0000][1][gc,age       ] GC(183) Age table with threshold 6 (max threshold 6)
[2020-09-11T15:33:16.300+0000][1][gc,age       ] GC(183) - age   1:     509104 bytes,     509104 total
[2020-09-11T15:33:16.300+0000][1][gc,age       ] GC(183) - age   2:     103016 bytes,     612120 total
[2020-09-11T15:33:16.300+0000][1][gc,age       ] GC(183) - age   3:       5896 bytes,     618016 total
[2020-09-11T15:33:16.300+0000][1][gc,age       ] GC(183) - age   4:       2608 bytes,     620624 total
[2020-09-11T15:33:16.300+0000][1][gc,age       ] GC(183) - age   5:    2213928 bytes,    2834552 total
[2020-09-11T15:33:16.300+0000][1][gc,age       ] GC(183) - age   6:      53104 bytes,    2887656 total
[2020-09-11T15:33:16.300+0000][1][gc,heap      ] GC(183) ParNew: 73145K->3232K(76672K)
[2020-09-11T15:33:16.300+0000][1][gc,heap      ] GC(183) CMS: 76511K->76622K(439104K)
[2020-09-11T15:33:16.300+0000][1][gc,metaspace ] GC(183) Metaspace: 96127K->96127K(1138688K)
[2020-09-11T15:33:16.300+0000][1][gc           ] GC(183) Pause Young (Allocation Failure) 146M->77M(503M) 383.527ms
[2020-09-11T15:33:16.300+0000][1][gc,cpu       ] GC(183) User=0.25s Sys=0.02s Real=0.38s
[2020-09-11T15:33:16.303+0000][1][safepoint    ] Safepoint "GenCollectForAllocation", Time since last: 129297780 ns, Reaching safepoint: 146552 ns, At safepoint: 386759866 ns, Total: 386906418 ns
[2020-09-11T15:33:16.505+0000][1][safepoint    ] Safepoint "RevokeBias", Time since last: 14022997 ns, Reaching safepoint: 188023690 ns, At safepoint: 204677 ns, Total: 188228367 ns
[2020-09-11T15:33:16.547+0000][1][safepoint    ] Safepoint "RevokeBias", Time since last: 36031659 ns, Reaching safepoint: 5127069 ns, At safepoint: 38347 ns, Total: 5165416 ns
[2020-09-11T15:33:16.851+0000][1][safepoint    ] Safepoint "RevokeBias", Time since last: 219554155 ns, Reaching safepoint: 84395795 ns, At safepoint: 53735 ns, Total: 84449530 ns
[2020-09-11T15:33:17.657+0000][1][safepoint    ] Safepoint "RevokeBias", Time since last: 475045618 ns, Reaching safepoint: 331561198 ns, At safepoint: 89374 ns, Total: 331650572 ns
[2020-09-11T15:33:17.965+0000][1][safepoint    ] Safepoint "RevokeBias", Time since last: 70865907 ns, Reaching safepoint: 183126208 ns, At safepoint: 53333126 ns, Total: 236459334 ns
[2020-09-11T15:33:18.331+0000][1][safepoint    ] Safepoint "RevokeBias", Time since last: 68856452 ns, Reaching safepoint: 297239667 ns, At safepoint: 119587 ns, Total: 297359254 ns
[2020-09-11T15:33:18.333+0000][1][safepoint    ] Safepoint "RevokeBias", Time since last: 2202609 ns, Reaching safepoint: 96984 ns, At safepoint: 32156 ns, Total: 129140 ns
[2020-09-11T15:33:18.344+0000][1][safepoint    ] Safepoint "RevokeBias", Time since last: 3715930 ns, Reaching safepoint: 6853383 ns, At safepoint: 42051 ns, Total: 6895434 ns
[2020-09-11T15:33:18.352+0000][1][safepoint    ] Safepoint "RevokeBias", Time since last: 8302486 ns, Reaching safepoint: 288900 ns, At safepoint: 85806 ns, Total: 374706 ns
[2020-09-11T15:33:18.386+0000][1][safepoint    ] Safepoint "RevokeBias", Time since last: 33694555 ns, Reaching safepoint: 172006 ns, At safepoint: 32873 ns, Total: 204879 ns
[2020-09-11T15:33:18.393+0000][1][safepoint    ] Safepoint "RevokeBias", Time since last: 6604402 ns, Reaching safepoint: 173276 ns, At safepoint: 27652 ns, Total: 200928 ns
[2020-09-11T15:33:18.404+0000][1][safepoint    ] Safepoint "RevokeBias", Time since last: 10549187 ns, Reaching safepoint: 174521 ns, At safepoint: 25577 ns, Total: 200098 ns
[2020-09-11T15:33:18.404+0000][1][safepoint    ] Safepoint "RevokeBias", Time since last: 74965 ns, Reaching safepoint: 139666 ns, At safepoint: 17243 ns, Total: 156909 ns
[2020-09-11T15:33:18.404+0000][1][safepoint    ] Safepoint "RevokeBias", Time since last: 51052 ns, Reaching safepoint: 130290 ns, At safepoint: 16028 ns, Total: 146318 ns
[2020-09-11T15:33:18.404+0000][1][safepoint    ] Safepoint "RevokeBias", Time since last: 45098 ns, Reaching safepoint: 123666 ns, At safepoint: 15093 ns, Total: 138759 ns
[2020-09-11T15:33:18.405+0000][1][safepoint    ] Safepoint "RevokeBias", Time since last: 41512 ns, Reaching safepoint: 44320 ns, At safepoint: 13394 ns, Total: 57714 ns
[2020-09-11T15:33:18.405+0000][1][safepoint    ] Safepoint "RevokeBias", Time since last: 37978 ns, Reaching safepoint: 43514 ns, At safepoint: 12557 ns, Total: 56071 ns
[2020-09-11T15:33:18.405+0000][1][safepoint    ] Safepoint "RevokeBias", Time since last: 48955 ns, Reaching safepoint: 43059 ns, At safepoint: 12534 ns, Total: 55593 ns
[2020-09-11T15:33:18.405+0000][1][safepoint    ] Safepoint "RevokeBias", Time since last: 58665 ns, Reaching safepoint: 41475 ns, At safepoint: 11694 ns, Total: 53169 ns
[2020-09-11T15:33:18.405+0000][1][safepoint    ] Safepoint "RevokeBias", Time since last: 36688 ns, Reaching safepoint: 39204 ns, At safepoint: 11706 ns, Total: 50910 ns
[2020-09-11T15:33:18.405+0000][1][safepoint    ] Safepoint "RevokeBias", Time since last: 33753 ns, Reaching safepoint: 38175 ns, At safepoint: 11143 ns, Total: 49318 ns
[2020-09-11T15:33:18.405+0000][1][safepoint    ] Safepoint "RevokeBias", Time since last: 33258 ns, Reaching safepoint: 37619 ns, At safepoint: 11162 ns, Total: 48781 ns
[2020-09-11T15:33:18.405+0000][1][safepoint    ] Safepoint "RevokeBias", Time since last: 32554 ns, Reaching safepoint: 36462 ns, At safepoint: 11013 ns, Total: 47475 ns
[2020-09-11T15:33:18.405+0000][1][safepoint    ] Safepoint "RevokeBias", Time since last: 33281 ns, Reaching safepoint: 36059 ns, At safepoint: 11222 ns, Total: 47281 ns
[2020-09-11T15:33:18.405+0000][1][safepoint    ] Safepoint "RevokeBias", Time since last: 33799 ns, Reaching safepoint: 35283 ns, At safepoint: 19200 ns, Total: 54483 ns
[2020-09-11T15:33:19.557+0000][1][safepoint    ] Safepoint "RevokeBias", Time since last: 978019043 ns, Reaching safepoint: 173680936 ns, At safepoint: 42753 ns, Total: 173723689 ns
[2020-09-11T15:33:20.109+0000][1][safepoint    ] Safepoint "RevokeBias", Time since last: 475862876 ns, Reaching safepoint: 76040101 ns, At safepoint: 43179 ns, Total: 76083280 ns
[2020-09-11T15:33:20.282+0000][1][safepoint    ] Safepoint "RevokeBias", Time since last: 27738128 ns, Reaching safepoint: 38166534 ns, At safepoint: 106850820 ns, Total: 145017354 ns
[2020-09-11T15:33:20.285+0000][1][safepoint    ] Safepoint "RevokeBias", Time since last: 170089 ns, Reaching safepoint: 2964871 ns, At safepoint: 59337 ns, Total: 3024208 ns
[2020-09-11T15:33:20.361+0000][1][safepoint    ] Safepoint "RevokeBias", Time since last: 75885581 ns, Reaching safepoint: 215920 ns, At safepoint: 43358 ns, Total: 259278 ns
[2020-09-11T15:33:20.438+0000][1][safepoint    ] Safepoint "RevokeBias", Time since last: 76682349 ns, Reaching safepoint: 199752 ns, At safepoint: 39377 ns, Total: 239129 ns
[2020-09-11T15:33:20.447+0000][1][safepoint    ] Safepoint "RevokeBias", Time since last: 6944376 ns, Reaching safepoint: 2130656 ns, At safepoint: 46454 ns, Total: 2177110 ns
[2020-09-11T15:33:20.447+0000][1][safepoint    ] Safepoint "RevokeBias", Time since last: 114975 ns, Reaching safepoint: 126726 ns, At safepoint: 25520 ns, Total: 152246 ns
[2020-09-11T15:33:20.521+0000][1][safepoint    ] Safepoint "RevokeBias", Time since last: 72431877 ns, Reaching safepoint: 1317120 ns, At safepoint: 58221 ns, Total: 1375341 ns
[2020-09-11T15:33:20.525+0000][1][safepoint    ] Safepoint "RevokeBias", Time since last: 197610 ns, Reaching safepoint: 3536854 ns, At safepoint: 55805 ns, Total: 3592659 ns
[2020-09-11T15:33:20.527+0000][1][safepoint    ] Safepoint "RevokeBias", Time since last: 175238 ns, Reaching safepoint: 1406614 ns, At safepoint: 36700 ns, Total: 1443314 ns
[2020-09-11T15:33:20.527+0000][1][safepoint    ] Safepoint "RevokeBias", Time since last: 62187 ns, Reaching safepoint: 122339 ns, At safepoint: 26640 ns, Total: 148979 ns
[2020-09-11T15:33:20.558+0000][1][safepoint    ] Safepoint "RevokeBias", Time since last: 27136477 ns, Reaching safepoint: 4013009 ns, At safepoint: 106100 ns, Total: 4119109 ns
[2020-09-11T15:33:20.922+0000][1][safepoint    ] Safepoint "RevokeBias", Time since last: 363201624 ns, Reaching safepoint: 630050 ns, At safepoint: 25150 ns, Total: 655200 ns
[2020-09-11T15:33:21.119+0000][1][safepoint    ] Safepoint "RevokeBias", Time since last: 194115692 ns, Reaching safepoint: 2414901 ns, At safepoint: 32910 ns, Total: 2447811 ns
[2020-09-11T15:33:21.127+0000][1][safepoint    ] Safepoint "RevokeBias", Time since last: 7459119 ns, Reaching safepoint: 1176771 ns, At safepoint: 27067 ns, Total: 1203838 ns
[2020-09-11T15:33:21.260+0000][1][safepoint    ] Safepoint "RevokeBias", Time since last: 131948238 ns, Reaching safepoint: 371364 ns, At safepoint: 56607 ns, Total: 427971 ns
[2020-09-11T15:33:21.260+0000][1][safepoint    ] Safepoint "RevokeBias", Time since last: 185683 ns, Reaching safepoint: 209311 ns, At safepoint: 44996 ns, Total: 254307 ns
[2020-09-11T15:33:22.365+0000][1][safepoint    ] Safepoint "Cleanup", Time since last: 1104575569 ns, Reaching safepoint: 270375 ns, At safepoint: 9953 ns, Total: 280328 ns
[2020-09-11T15:33:22.574+0000][1][safepoint    ] Safepoint "RevokeBias", Time since last: 208539984 ns, Reaching safepoint: 183342 ns, At safepoint: 32571 ns, Total: 215913 ns
[2020-09-11T15:33:23.579+0000][1][safepoint    ] Safepoint "Cleanup", Time since last: 1004460443 ns, Reaching safepoint: 711729 ns, At safepoint: 32204 ns, Total: 743933 ns
[2020-09-11T15:33:23.708+0000][1][safepoint    ] Safepoint "RevokeBias", Time since last: 128707210 ns, Reaching safepoint: 331512 ns, At safepoint: 268133 ns, Total: 599645 ns
[2020-09-11T15:33:24.709+0000][1][safepoint    ] Safepoint "Cleanup", Time since last: 1000458514 ns, Reaching safepoint: 186030 ns, At safepoint: 9198 ns, Total: 195228 ns
[2020-09-11T15:33:25.709+0000][1][safepoint    ] Safepoint "Cleanup", Time since last: 1000130601 ns, Reaching safepoint: 108129 ns, At safepoint: 10571 ns, Total: 118700 ns
[2020-09-11T15:33:26.721+0000][1][safepoint    ] Safepoint "Cleanup", Time since last: 1011665165 ns, Reaching safepoint: 271282 ns, At safepoint: 25137 ns, Total: 296419 ns
[2020-09-11T15:33:27.394+0000][1][safepoint    ] Safepoint "RevokeBias", Time since last: 672410557 ns, Reaching safepoint: 193733 ns, At safepoint: 28647 ns, Total: 222380 ns
[2020-09-11T15:33:28.394+0000][1][safepoint    ] Safepoint "Cleanup", Time since last: 1000196166 ns, Reaching safepoint: 127481 ns, At safepoint: 9248 ns, Total: 136729 ns
[2020-09-11T15:33:29.498+0000][1][safepoint    ] Safepoint "Cleanup", Time since last: 1103649701 ns, Reaching safepoint: 126914 ns, At safepoint: 11051 ns, Total: 137965 ns
[2020-09-11T15:33:30.315+0000][1][gc,start     ] GC(184) Pause Young (Allocation Failure)
[2020-09-11T15:33:30.315+0000][1][gc,task      ] GC(184) Using 1 workers of 1 for evacuation
[2020-09-11T15:33:30.359+0000][1][gc,age       ] GC(184) Desired survivor size 4358144 bytes, new threshold 6 (max threshold 6)
[2020-09-11T15:33:30.359+0000][1][gc,age       ] GC(184) Age table with threshold 6 (max threshold 6)
[2020-09-11T15:33:30.359+0000][1][gc,age       ] GC(184) - age   1:    2356728 bytes,    2356728 total
[2020-09-11T15:33:30.359+0000][1][gc,age       ] GC(184) - age   2:      91360 bytes,    2448088 total
[2020-09-11T15:33:30.359+0000][1][gc,age       ] GC(184) - age   3:      95864 bytes,    2543952 total
[2020-09-11T15:33:30.359+0000][1][gc,age       ] GC(184) - age   4:       2800 bytes,    2546752 total
[2020-09-11T15:33:30.359+0000][1][gc,age       ] GC(184) - age   5:       1368 bytes,    2548120 total
[2020-09-11T15:33:30.359+0000][1][gc,age       ] GC(184) - age   6:      63168 bytes,    2611288 total
[2020-09-11T15:33:30.359+0000][1][gc,heap      ] GC(184) ParNew: 71392K->5038K(76672K)
[2020-09-11T15:33:30.359+0000][1][gc,heap      ] GC(184) CMS: 76622K->76673K(439104K)
[2020-09-11T15:33:30.359+0000][1][gc,metaspace ] GC(184) Metaspace: 96238K->96238K(1138688K)
[2020-09-11T15:33:30.359+0000][1][gc           ] GC(184) Pause Young (Allocation Failure) 144M->79M(503M) 44.363ms
[2020-09-11T15:33:30.359+0000][1][gc,cpu       ] GC(184) User=0.01s Sys=0.00s Real=0.04s
[2020-09-11T15:33:30.360+0000][1][safepoint    ] Safepoint "GenCollectForAllocation", Time since last: 709089897 ns, Reaching safepoint: 107731418 ns, At safepoint: 45434607 ns, Total: 153166025 ns
[2020-09-11T15:33:31.399+0000][1][safepoint    ] Safepoint "Cleanup", Time since last: 1036893903 ns, Reaching safepoint: 170281 ns, At safepoint: 2213310 ns, Total: 2383591 ns
[2020-09-11T15:33:32.415+0000][1][safepoint    ] Safepoint "Cleanup", Time since last: 1015201171 ns, Reaching safepoint: 123974 ns, At safepoint: 26310 ns, Total: 150284 ns
[2020-09-11T15:33:32.657+0000][1][safepoint    ] Safepoint "RevokeBias", Time since last: 241426591 ns, Reaching safepoint: 558398 ns, At safepoint: 59179 ns, Total: 617577 ns
[2020-09-11T15:33:32.933+0000][1][safepoint    ] Safepoint "RevokeBias", Time since last: 275677437 ns, Reaching safepoint: 253307 ns, At safepoint: 263311 ns, Total: 516618 ns
[2020-09-11T15:33:33.941+0000][1][safepoint    ] Safepoint "Cleanup", Time since last: 1007926314 ns, Reaching safepoint: 204622 ns, At safepoint: 22841 ns, Total: 227463 ns
[2020-09-11T15:33:37.756+0000][1][safepoint    ] Safepoint "Cleanup", Time since last: 3814688057 ns, Reaching safepoint: 100894 ns, At safepoint: 7864 ns, Total: 108758 ns
[2020-09-11T15:33:38.818+0000][1][safepoint    ] Safepoint "Cleanup", Time since last: 1061802925 ns, Reaching safepoint: 105824 ns, At safepoint: 8341 ns, Total: 114165 ns
[2020-09-11T15:33:39.849+0000][1][safepoint    ] Safepoint "Cleanup", Time since last: 1031406927 ns, Reaching safepoint: 100354 ns, At safepoint: 8437 ns, Total: 108791 ns
[2020-09-11T15:33:40.856+0000][1][safepoint    ] Safepoint "Cleanup", Time since last: 1006571505 ns, Reaching safepoint: 183134 ns, At safepoint: 19704 ns, Total: 202838 ns
[2020-09-11T15:33:41.866+0000][1][safepoint    ] Safepoint "Cleanup", Time since last: 1009463605 ns, Reaching safepoint: 208552 ns, At safepoint: 29493 ns, Total: 238045 ns
[2020-09-11T15:33:42.705+0000][1][safepoint    ] Safepoint "RevokeBias", Time since last: 839037228 ns, Reaching safepoint: 204314 ns, At safepoint: 28111 ns, Total: 232425 ns
[2020-09-11T15:33:43.375+0000][1][safepoint    ] Safepoint "RevokeBias", Time since last: 668761656 ns, Reaching safepoint: 515312 ns, At safepoint: 634710 ns, Total: 1150022 ns
[2020-09-11T15:33:44.771+0000][1][safepoint    ] Safepoint "Cleanup", Time since last: 1395721165 ns, Reaching safepoint: 107283 ns, At safepoint: 10334 ns, Total: 117617 ns
[2020-09-11T15:33:45.902+0000][1][safepoint    ] Safepoint "Cleanup", Time since last: 1131277741 ns, Reaching safepoint: 94958 ns, At safepoint: 9258 ns, Total: 104216 ns
[2020-09-11T15:33:47.273+0000][1][safepoint    ] Safepoint "Cleanup", Time since last: 1370765296 ns, Reaching safepoint: 110999 ns, At safepoint: 9155 ns, Total: 120154 ns
[2020-09-11T15:33:48.286+0000][1][safepoint    ] Safepoint "Cleanup", Time since last: 1012864539 ns, Reaching safepoint: 110177 ns, At safepoint: 10091 ns, Total: 120268 ns
[2020-09-11T15:33:49.286+0000][1][safepoint    ] Safepoint "Cleanup", Time since last: 1000270396 ns, Reaching safepoint: 97203 ns, At safepoint: 10786 ns, Total: 107989 ns
[2020-09-11T15:33:50.290+0000][1][safepoint    ] Safepoint "Cleanup", Time since last: 1003778499 ns, Reaching safepoint: 207466 ns, At safepoint: 26249 ns, Total: 233715 ns
[2020-09-11T15:33:51.316+0000][1][safepoint    ] Safepoint "Cleanup", Time since last: 1025715373 ns, Reaching safepoint: 184792 ns, At safepoint: 21367 ns, Total: 206159 ns
[2020-09-11T15:33:52.324+0000][1][safepoint    ] Safepoint "Cleanup", Time since last: 1007310089 ns, Reaching safepoint: 213685 ns, At safepoint: 11566 ns, Total: 225251 ns
[2020-09-11T15:33:53.326+0000][1][safepoint    ] Safepoint "Cleanup", Time since last: 1001435622 ns, Reaching safepoint: 315165 ns, At safepoint: 10644 ns, Total: 325809 ns
[2020-09-11T15:33:53.511+0000][1][safepoint    ] Safepoint "RevokeBias", Time since last: 185173910 ns, Reaching safepoint: 237940 ns, At safepoint: 236458 ns, Total: 474398 ns
[2020-09-11T15:33:53.601+0000][1][gc,start     ] GC(185) Pause Young (Allocation Failure)
[2020-09-11T15:33:53.601+0000][1][gc,task      ] GC(185) Using 1 workers of 1 for evacuation
[2020-09-11T15:33:53.620+0000][1][gc,age       ] GC(185) Desired survivor size 4358144 bytes, new threshold 6 (max threshold 6)
[2020-09-11T15:33:53.620+0000][1][gc,age       ] GC(185) Age table with threshold 6 (max threshold 6)
[2020-09-11T15:33:53.620+0000][1][gc,age       ] GC(185) - age   1:     550448 bytes,     550448 total
[2020-09-11T15:33:53.620+0000][1][gc,age       ] GC(185) - age   2:    2319128 bytes,    2869576 total
[2020-09-11T15:33:53.620+0000][1][gc,age       ] GC(185) - age   3:      82728 bytes,    2952304 total
[2020-09-11T15:33:53.620+0000][1][gc,age       ] GC(185) - age   4:      95256 bytes,    3047560 total
[2020-09-11T15:33:53.620+0000][1][gc,age       ] GC(185) - age   5:       1520 bytes,    3049080 total
[2020-09-11T15:33:53.620+0000][1][gc,age       ] GC(185) - age   6:       1368 bytes,    3050448 total
[2020-09-11T15:33:53.620+0000][1][gc,heap      ] GC(185) ParNew: 73198K->3172K(76672K)
[2020-09-11T15:33:53.620+0000][1][gc,heap      ] GC(185) CMS: 76673K->76736K(439104K)
[2020-09-11T15:33:53.620+0000][1][gc,metaspace ] GC(185) Metaspace: 96266K->96266K(1138688K)
[2020-09-11T15:33:53.620+0000][1][gc           ] GC(185) Pause Young (Allocation Failure) 146M->78M(503M) 19.341ms
[2020-09-11T15:33:53.620+0000][1][gc,cpu       ] GC(185) User=0.02s Sys=0.00s Real=0.01s
[2020-09-11T15:33:53.621+0000][1][safepoint    ] Safepoint "GenCollectForAllocation", Time since last: 89585544 ns, Reaching safepoint: 191158 ns, At safepoint: 20044659 ns, Total: 20235817 ns
[2020-09-11T15:33:54.644+0000][1][safepoint    ] Safepoint "Cleanup", Time since last: 1022670963 ns, Reaching safepoint: 211233 ns, At safepoint: 27489 ns, Total: 238722 ns
[2020-09-11T15:33:55.683+0000][1][safepoint    ] Safepoint "Cleanup", Time since last: 1038650662 ns, Reaching safepoint: 102835 ns, At safepoint: 7835 ns, Total: 110670 ns
[2020-09-11T15:33:56.685+0000][1][safepoint    ] Safepoint "Cleanup", Time since last: 1002429547 ns, Reaching safepoint: 195911 ns, At safepoint: 24110 ns, Total: 220021 ns
[2020-09-11T15:33:57.472+0000][1][safepoint    ] Safepoint "RevokeBias", Time since last: 783449082 ns, Reaching safepoint: 2677546 ns, At safepoint: 28823 ns, Total: 2706369 ns
[2020-09-11T15:33:58.476+0000][1][safepoint    ] Safepoint "Cleanup", Time since last: 1004684673 ns, Reaching safepoint: 204293 ns, At safepoint: 22720 ns, Total: 227013 ns
[2020-09-11T15:33:59.477+0000][1][safepoint    ] Safepoint "Cleanup", Time since last: 1000451930 ns, Reaching safepoint: 115583 ns, At safepoint: 14937 ns, Total: 130520 ns
[2020-09-11T15:34:00.480+0000][1][safepoint    ] Safepoint "Cleanup", Time since last: 1002825715 ns, Reaching safepoint: 207774 ns, At safepoint: 25510 ns, Total: 233284 ns
[2020-09-11T15:34:01.481+0000][1][safepoint    ] Safepoint "Cleanup", Time since last: 1000230462 ns, Reaching safepoint: 256482 ns, At safepoint: 24839 ns, Total: 281321 ns
[2020-09-11T15:34:02.481+0000][1][safepoint    ] Safepoint "Cleanup", Time since last: 1000220092 ns, Reaching safepoint: 201161 ns, At safepoint: 23445 ns, Total: 224606 ns
[2020-09-11T15:34:05.409+0000][1][safepoint    ] Safepoint "BulkRevokeBias", Time since last: 615792470 ns, Reaching safepoint: 2296358560 ns, At safepoint: 15996586 ns, Total: 2312355146 ns
[2020-09-11T15:34:05.654+0000][1][safepoint    ] Safepoint "RevokeBias", Time since last: 244125580 ns, Reaching safepoint: 390655 ns, At safepoint: 26701 ns, Total: 417356 ns
[2020-09-11T15:34:06.673+0000][1][safepoint    ] Safepoint "Cleanup", Time since last: 1019475132 ns, Reaching safepoint: 97455 ns, At safepoint: 8319 ns, Total: 105774 ns
[2020-09-11T15:34:07.471+0000][1][safepoint    ] Safepoint "RevokeBias", Time since last: 797670991 ns, Reaching safepoint: 273564 ns, At safepoint: 29543 ns, Total: 303107 ns
[2020-09-11T15:34:07.472+0000][1][safepoint    ] Safepoint "RevokeBias", Time since last: 302548 ns, Reaching safepoint: 164160 ns, At safepoint: 29235 ns, Total: 193395 ns
[2020-09-11T15:34:07.633+0000][1][safepoint    ] Safepoint "RevokeBias", Time since last: 105253156 ns, Reaching safepoint: 55416071 ns, At safepoint: 39296 ns, Total: 55455367 ns
[2020-09-11T15:34:07.634+0000][1][safepoint    ] Safepoint "RevokeBias", Time since last: 1308058 ns, Reaching safepoint: 158052 ns, At safepoint: 30131 ns, Total: 188183 ns
[2020-09-11T15:34:07.637+0000][1][safepoint    ] Safepoint "RevokeBias", Time since last: 3095207 ns, Reaching safepoint: 156986 ns, At safepoint: 25012 ns, Total: 181998 ns
[2020-09-11T15:34:07.638+0000][1][safepoint    ] Safepoint "RevokeBias", Time since last: 274128 ns, Reaching safepoint: 125379 ns, At safepoint: 48905 ns, Total: 174284 ns
[2020-09-11T15:34:07.792+0000][1][safepoint    ] Safepoint "RevokeBias", Time since last: 154033652 ns, Reaching safepoint: 280156 ns, At safepoint: 26202 ns, Total: 306358 ns
[2020-09-11T15:34:08.003+0000][1][safepoint    ] Safepoint "RevokeBias", Time since last: 6410075 ns, Reaching safepoint: 203808428 ns, At safepoint: 194471 ns, Total: 204002899 ns
[2020-09-11T15:34:08.009+0000][1][safepoint    ] Safepoint "RevokeBias", Time since last: 2664029 ns, Reaching safepoint: 3883802 ns, At safepoint: 13503 ns, Total: 3897305 ns
[2020-09-11T15:34:08.014+0000][1][safepoint    ] Safepoint "RevokeBias", Time since last: 3847779 ns, Reaching safepoint: 774449 ns, At safepoint: 11857 ns, Total: 786306 ns
[2020-09-11T15:34:08.014+0000][1][safepoint    ] Safepoint "RevokeBias", Time since last: 123062 ns, Reaching safepoint: 139676 ns, At safepoint: 19748 ns, Total: 159424 ns
[2020-09-11T15:34:08.049+0000][1][safepoint    ] Safepoint "RevokeBias", Time since last: 34187384 ns, Reaching safepoint: 350691 ns, At safepoint: 30325 ns, Total: 381016 ns
[2020-09-11T15:34:08.049+0000][1][safepoint    ] Safepoint "RevokeBias", Time since last: 318406 ns, Reaching safepoint: 423990 ns, At safepoint: 29827 ns, Total: 453817 ns
[2020-09-11T15:34:08.050+0000][1][safepoint    ] Safepoint "RevokeBias", Time since last: 195984 ns, Reaching safepoint: 215307 ns, At safepoint: 25971 ns, Total: 241278 ns
[2020-09-11T15:34:08.050+0000][1][safepoint    ] Safepoint "RevokeBias", Time since last: 246921 ns, Reaching safepoint: 209516 ns, At safepoint: 49560 ns, Total: 259076 ns
[2020-09-11T15:34:08.051+0000][1][safepoint    ] Safepoint "RevokeBias", Time since last: 127489 ns, Reaching safepoint: 200445 ns, At safepoint: 48925 ns, Total: 249370 ns
[2020-09-11T15:34:08.059+0000][1][safepoint    ] Safepoint "RevokeBias", Time since last: 647086 ns, Reaching safepoint: 213963 ns, At safepoint: 7532356 ns, Total: 7746319 ns
[2020-09-11T15:34:08.072+0000][1][safepoint    ] Safepoint "RevokeBias", Time since last: 1530964 ns, Reaching safepoint: 10956353 ns, At safepoint: 14095 ns, Total: 10970448 ns
[2020-09-11T15:34:08.143+0000][1][safepoint    ] Safepoint "RevokeBias", Time since last: 21779375 ns, Reaching safepoint: 49432158 ns, At safepoint: 16426 ns, Total: 49448584 ns
[2020-09-11T15:34:08.576+0000][1][safepoint    ] Safepoint "RevokeBias", Time since last: 433184978 ns, Reaching safepoint: 388394 ns, At safepoint: 32667 ns, Total: 421061 ns
[2020-09-11T15:34:08.587+0000][1][safepoint    ] Safepoint "RevokeBias", Time since last: 10329688 ns, Reaching safepoint: 234471 ns, At safepoint: 130206 ns, Total: 364677 ns
[2020-09-11T15:34:08.589+0000][1][safepoint    ] Safepoint "RevokeBias", Time since last: 1190631 ns, Reaching safepoint: 279841 ns, At safepoint: 26306 ns, Total: 306147 ns
[2020-09-11T15:34:08.676+0000][1][safepoint    ] Safepoint "RevokeBias", Time since last: 11725704 ns, Reaching safepoint: 75263555 ns, At safepoint: 40074 ns, Total: 75303629 ns
[2020-09-11T15:34:08.708+0000][1][safepoint    ] Safepoint "RevokeBias", Time since last: 32185356 ns, Reaching safepoint: 186629 ns, At safepoint: 23963 ns, Total: 210592 ns
[2020-09-11T15:34:08.710+0000][1][safepoint    ] Safepoint "RevokeBias", Time since last: 2211740 ns, Reaching safepoint: 69853 ns, At safepoint: 8943 ns, Total: 78796 ns
[2020-09-11T15:34:08.713+0000][1][safepoint    ] Safepoint "RevokeBias", Time since last: 2533506 ns, Reaching safepoint: 212677 ns, At safepoint: 10138 ns, Total: 222815 ns
[2020-09-11T15:34:08.714+0000][1][safepoint    ] Safepoint "RevokeBias", Time since last: 1071590 ns, Reaching safepoint: 164025 ns, At safepoint: 15577 ns, Total: 179602 ns
[2020-09-11T15:34:08.715+0000][1][safepoint    ] Safepoint "RevokeBias", Time since last: 105090 ns, Reaching safepoint: 121618 ns, At safepoint: 28849 ns, Total: 150467 ns
[2020-09-11T15:34:08.715+0000][1][safepoint    ] Safepoint "RevokeBias", Time since last: 87245 ns, Reaching safepoint: 127730 ns, At safepoint: 25390 ns, Total: 153120 ns
[2020-09-11T15:34:08.715+0000][1][safepoint    ] Safepoint "RevokeBias", Time since last: 76975 ns, Reaching safepoint: 110268 ns, At safepoint: 22896 ns, Total: 133164 ns
[2020-09-11T15:34:08.715+0000][1][safepoint    ] Safepoint "RevokeBias", Time since last: 70161 ns, Reaching safepoint: 103379 ns, At safepoint: 16381 ns, Total: 119760 ns
[2020-09-11T15:34:08.715+0000][1][safepoint    ] Safepoint "RevokeBias", Time since last: 68758 ns, Reaching safepoint: 101869 ns, At safepoint: 16314 ns, Total: 118183 ns
[2020-09-11T15:34:08.818+0000][1][safepoint    ] Safepoint "RevokeBias", Time since last: 10273748 ns, Reaching safepoint: 92763963 ns, At safepoint: 23461 ns, Total: 92787424 ns
[2020-09-11T15:34:08.819+0000][1][safepoint    ] Safepoint "RevokeBias", Time since last: 797286 ns, Reaching safepoint: 122674 ns, At safepoint: 9515 ns, Total: 132189 ns
[2020-09-11T15:34:08.946+0000][1][safepoint    ] Safepoint "RevokeBias", Time since last: 54159371 ns, Reaching safepoint: 72773049 ns, At safepoint: 107407 ns, Total: 72880456 ns
[2020-09-11T15:34:09.028+0000][1][safepoint    ] Safepoint "RevokeBias", Time since last: 19073275 ns, Reaching safepoint: 62639593 ns, At safepoint: 171823 ns, Total: 62811416 ns
[2020-09-11T15:34:09.035+0000][1][safepoint    ] Safepoint "RevokeBias", Time since last: 5828924 ns, Reaching safepoint: 968379 ns, At safepoint: 51973 ns, Total: 1020352 ns
[2020-09-11T15:34:09.043+0000][1][safepoint    ] Safepoint "RevokeBias", Time since last: 2579988 ns, Reaching safepoint: 338349 ns, At safepoint: 4992798 ns, Total: 5331147 ns
[2020-09-11T15:34:09.046+0000][1][safepoint    ] Safepoint "RevokeBias", Time since last: 49426 ns, Reaching safepoint: 166458 ns, At safepoint: 2367071 ns, Total: 2533529 ns
[2020-09-11T15:34:09.048+0000][1][safepoint    ] Safepoint "RevokeBias", Time since last: 53099 ns, Reaching safepoint: 162337 ns, At safepoint: 1818676 ns, Total: 1981013 ns
[2020-09-11T15:34:09.048+0000][1][safepoint    ] Safepoint "RevokeBias", Time since last: 38492 ns, Reaching safepoint: 161277 ns, At safepoint: 408336 ns, Total: 569613 ns
[2020-09-11T15:34:09.063+0000][1][safepoint    ] Safepoint "RevokeBias", Time since last: 31509 ns, Reaching safepoint: 150973 ns, At safepoint: 14614900 ns, Total: 14765873 ns
[2020-09-11T15:34:09.064+0000][1][safepoint    ] Safepoint "RevokeBias", Time since last: 155075 ns, Reaching safepoint: 253442 ns, At safepoint: 122779 ns, Total: 376221 ns
[2020-09-11T15:34:09.074+0000][1][safepoint    ] Safepoint "RevokeBias", Time since last: 68184 ns, Reaching safepoint: 1286815 ns, At safepoint: 8936927 ns, Total: 10223742 ns
[2020-09-11T15:34:09.096+0000][1][safepoint    ] Safepoint "RevokeBias", Time since last: 42949 ns, Reaching safepoint: 21515638 ns, At safepoint: 165102 ns, Total: 21680740 ns
[2020-09-11T15:34:09.306+0000][1][safepoint    ] Safepoint "RevokeBias", Time since last: 31745420 ns, Reaching safepoint: 92180533 ns, At safepoint: 86675074 ns, Total: 178855607 ns
[2020-09-11T15:34:10.080+0000][1][safepoint    ] Safepoint "RevokeBias", Time since last: 754723146 ns, Reaching safepoint: 18558687 ns, At safepoint: 209002 ns, Total: 18767689 ns
[2020-09-11T15:34:10.489+0000][1][safepoint    ] Safepoint "RevokeBias", Time since last: 405497816 ns, Reaching safepoint: 3640034 ns, At safepoint: 17439 ns, Total: 3657473 ns
[2020-09-11T15:34:10.497+0000][1][safepoint    ] Safepoint "RevokeBias", Time since last: 356483 ns, Reaching safepoint: 7320813 ns, At safepoint: 19455 ns, Total: 7340268 ns
[2020-09-11T15:34:10.505+0000][1][safepoint    ] Safepoint "RevokeBias", Time since last: 1194302 ns, Reaching safepoint: 7389170 ns, At safepoint: 44996 ns, Total: 7434166 ns
[2020-09-11T15:34:10.534+0000][1][safepoint    ] Safepoint "RevokeBias", Time since last: 1321869 ns, Reaching safepoint: 27361159 ns, At safepoint: 41031 ns, Total: 27402190 ns
[2020-09-11T15:34:10.544+0000][1][safepoint    ] Safepoint "RevokeBias", Time since last: 10370665 ns, Reaching safepoint: 177545 ns, At safepoint: 14817 ns, Total: 192362 ns
[2020-09-11T15:34:10.545+0000][1][safepoint    ] Safepoint "RevokeBias", Time since last: 620467 ns, Reaching safepoint: 143312 ns, At safepoint: 37281 ns, Total: 180593 ns
[2020-09-11T15:34:10.548+0000][1][safepoint    ] Safepoint "BulkRevokeBias", Time since last: 862613 ns, Reaching safepoint: 1347101 ns, At safepoint: 293181 ns, Total: 1640282 ns
[2020-09-11T15:34:10.552+0000][1][safepoint    ] Safepoint "RevokeBias", Time since last: 3405218 ns, Reaching safepoint: 658508 ns, At safepoint: 33573 ns, Total: 692081 ns
[2020-09-11T15:34:10.570+0000][1][safepoint    ] Safepoint "RevokeBias", Time since last: 17420833 ns, Reaching safepoint: 178667 ns, At safepoint: 33475 ns, Total: 212142 ns
[2020-09-11T15:34:10.656+0000][1][safepoint    ] Safepoint "RevokeBias", Time since last: 86299304 ns, Reaching safepoint: 186669 ns, At safepoint: 55273 ns, Total: 241942 ns
[2020-09-11T15:34:10.665+0000][1][safepoint    ] Safepoint "RevokeBias", Time since last: 8742871 ns, Reaching safepoint: 244857 ns, At safepoint: 24924 ns, Total: 269781 ns
[2020-09-11T15:34:10.665+0000][1][safepoint    ] Safepoint "RevokeBias", Time since last: 89327 ns, Reaching safepoint: 113919 ns, At safepoint: 17136 ns, Total: 131055 ns
[2020-09-11T15:34:10.666+0000][1][safepoint    ] Safepoint "RevokeBias", Time since last: 466485 ns, Reaching safepoint: 115989 ns, At safepoint: 17585 ns, Total: 133574 ns
[2020-09-11T15:34:10.667+0000][1][safepoint    ] Safepoint "RevokeBias", Time since last: 310138 ns, Reaching safepoint: 1192598 ns, At safepoint: 19230 ns, Total: 1211828 ns
[2020-09-11T15:34:10.668+0000][1][safepoint    ] Safepoint "RevokeBias", Time since last: 108719 ns, Reaching safepoint: 115467 ns, At safepoint: 15589 ns, Total: 131056 ns
[2020-09-11T15:34:10.677+0000][1][safepoint    ] Safepoint "BulkRevokeBias", Time since last: 9363408 ns, Reaching safepoint: 178193 ns, At safepoint: 245201 ns, Total: 423394 ns
[2020-09-11T15:34:10.682+0000][1][safepoint    ] Safepoint "RevokeBias", Time since last: 3416516 ns, Reaching safepoint: 1249968 ns, At safepoint: 25582 ns, Total: 1275550 ns
[2020-09-11T15:34:10.682+0000][1][safepoint    ] Safepoint "RevokeBias", Time since last: 72756 ns, Reaching safepoint: 187007 ns, At safepoint: 15486 ns, Total: 202493 ns
[2020-09-11T15:34:10.684+0000][1][safepoint    ] Safepoint "RevokeBias", Time since last: 846235 ns, Reaching safepoint: 366284 ns, At safepoint: 18219 ns, Total: 384503 ns
[2020-09-11T15:34:10.684+0000][1][safepoint    ] Safepoint "RevokeBias", Time since last: 86453 ns, Reaching safepoint: 384928 ns, At safepoint: 17404 ns, Total: 402332 ns
[2020-09-11T15:34:10.684+0000][1][safepoint    ] Safepoint "RevokeBias", Time since last: 114435 ns, Reaching safepoint: 113912 ns, At safepoint: 15912 ns, Total: 129824 ns
[2020-09-11T15:34:10.685+0000][1][safepoint    ] Safepoint "RevokeBias", Time since last: 45271 ns, Reaching safepoint: 397941 ns, At safepoint: 17593 ns, Total: 415534 ns
[2020-09-11T15:34:10.686+0000][1][safepoint    ] Safepoint "RevokeBias", Time since last: 171192 ns, Reaching safepoint: 954771 ns, At safepoint: 18300 ns, Total: 973071 ns
[2020-09-11T15:34:10.686+0000][1][safepoint    ] Safepoint "BulkRevokeBias", Time since last: 82192 ns, Reaching safepoint: 113850 ns, At safepoint: 236241 ns, Total: 350091 ns
[2020-09-11T15:34:10.687+0000][1][safepoint    ] Safepoint "RevokeBias", Time since last: 87627 ns, Reaching safepoint: 119500 ns, At safepoint: 13994 ns, Total: 133494 ns
[2020-09-11T15:34:10.687+0000][1][safepoint    ] Safepoint "RevokeBias", Time since last: 183172 ns, Reaching safepoint: 120740 ns, At safepoint: 24162 ns, Total: 144902 ns
[2020-09-11T15:34:10.878+0000][1][safepoint    ] Safepoint "RevokeBias", Time since last: 190649960 ns, Reaching safepoint: 599452 ns, At safepoint: 56533 ns, Total: 655985 ns
[2020-09-11T15:34:10.879+0000][1][safepoint    ] Safepoint "RevokeBias", Time since last: 406091 ns, Reaching safepoint: 204958 ns, At safepoint: 42600 ns, Total: 247558 ns
[2020-09-11T15:34:10.881+0000][1][safepoint    ] Safepoint "RevokeBias", Time since last: 1617011 ns, Reaching safepoint: 290564 ns, At safepoint: 20023 ns, Total: 310587 ns
[2020-09-11T15:34:10.882+0000][1][safepoint    ] Safepoint "RevokeBias", Time since last: 92827 ns, Reaching safepoint: 1218679 ns, At safepoint: 17110 ns, Total: 1235789 ns
[2020-09-11T15:34:10.897+0000][1][safepoint    ] Safepoint "RevokeBias", Time since last: 14562446 ns, Reaching safepoint: 185323 ns, At safepoint: 24461 ns, Total: 209784 ns
[2020-09-11T15:34:11.455+0000][1][safepoint    ] Safepoint "RevokeBias", Time since last: 557560045 ns, Reaching safepoint: 181948 ns, At safepoint: 24080 ns, Total: 206028 ns
[2020-09-11T15:34:11.504+0000][1][safepoint    ] Safepoint "RevokeBias", Time since last: 48731804 ns, Reaching safepoint: 528057 ns, At safepoint: 50278 ns, Total: 578335 ns
[2020-09-11T15:34:11.523+0000][1][safepoint    ] Safepoint "RevokeBias", Time since last: 19115520 ns, Reaching safepoint: 174581 ns, At safepoint: 23980 ns, Total: 198561 ns
[2020-09-11T15:34:11.524+0000][1][safepoint    ] Safepoint "RevokeBias", Time since last: 181076 ns, Reaching safepoint: 115273 ns, At safepoint: 15408 ns, Total: 130681 ns
[2020-09-11T15:34:11.524+0000][1][safepoint    ] Safepoint "RevokeBias", Time since last: 134890 ns, Reaching safepoint: 114390 ns, At safepoint: 14498 ns, Total: 128888 ns
[2020-09-11T15:34:11.524+0000][1][safepoint    ] Safepoint "RevokeBias", Time since last: 128933 ns, Reaching safepoint: 114151 ns, At safepoint: 14802 ns, Total: 128953 ns
[2020-09-11T15:34:11.524+0000][1][safepoint    ] Safepoint "RevokeBias", Time since last: 129457 ns, Reaching safepoint: 113626 ns, At safepoint: 13790 ns, Total: 127416 ns
[2020-09-11T15:34:11.525+0000][1][safepoint    ] Safepoint "RevokeBias", Time since last: 166430 ns, Reaching safepoint: 112837 ns, At safepoint: 13659 ns, Total: 126496 ns
[2020-09-11T15:34:11.525+0000][1][safepoint    ] Safepoint "RevokeBias", Time since last: 191589 ns, Reaching safepoint: 113428 ns, At safepoint: 14235 ns, Total: 127663 ns
[2020-09-11T15:34:11.569+0000][1][safepoint    ] Safepoint "RevokeBias", Time since last: 43914183 ns, Reaching safepoint: 304805 ns, At safepoint: 22042 ns, Total: 326847 ns
[2020-09-11T15:34:11.570+0000][1][safepoint    ] Safepoint "RevokeBias", Time since last: 903309 ns, Reaching safepoint: 123334 ns, At safepoint: 16932 ns, Total: 140266 ns
[2020-09-11T15:34:11.571+0000][1][safepoint    ] Safepoint "RevokeBias", Time since last: 306382 ns, Reaching safepoint: 686605 ns, At safepoint: 17581 ns, Total: 704186 ns
[2020-09-11T15:34:11.592+0000][1][safepoint    ] Safepoint "RevokeBias", Time since last: 5808597 ns, Reaching safepoint: 14493889 ns, At safepoint: 64097 ns, Total: 14557986 ns
[2020-09-11T15:34:11.810+0000][1][safepoint    ] Safepoint "RevokeBias", Time since last: 218036330 ns, Reaching safepoint: 272921 ns, At safepoint: 27017 ns, Total: 299938 ns
[2020-09-11T15:34:11.871+0000][1][safepoint    ] Safepoint "RevokeBias", Time since last: 60380374 ns, Reaching safepoint: 286162 ns, At safepoint: 11063 ns, Total: 297225 ns
[2020-09-11T15:34:12.777+0000][1][safepoint    ] Safepoint "RevokeBias", Time since last: 905492160 ns, Reaching safepoint: 707023 ns, At safepoint: 12604 ns, Total: 719627 ns
[2020-09-11T15:34:12.989+0000][1][safepoint    ] Safepoint "RevokeBias", Time since last: 210539042 ns, Reaching safepoint: 1355255 ns, At safepoint: 18489 ns, Total: 1373744 ns
[2020-09-11T15:34:13.051+0000][1][safepoint    ] Safepoint "RevokeBias", Time since last: 59946922 ns, Reaching safepoint: 2597018 ns, At safepoint: 26657 ns, Total: 2623675 ns
[2020-09-11T15:34:13.148+0000][1][gc,heap,exit ] Heap
[2020-09-11T15:34:13.148+0000][1][gc,heap,exit ]  par new generation   total 76672K, used 68655K [0x00000000e0000000, 0x00000000e5330000, 0x00000000e5330000)
[2020-09-11T15:34:13.148+0000][1][gc,heap,exit ]   eden space 68160K,  96% used [0x00000000e0000000, 0x00000000e3ff2be0, 0x00000000e4290000)
[2020-09-11T15:34:13.148+0000][1][gc,heap,exit ]   from space 8512K,  37% used [0x00000000e4ae0000, 0x00000000e4df9040, 0x00000000e5330000)
[2020-09-11T15:34:13.148+0000][1][gc,heap,exit ]   to   space 8512K,   0% used [0x00000000e4290000, 0x00000000e4290000, 0x00000000e4ae0000)
[2020-09-11T15:34:13.148+0000][1][gc,heap,exit ]  concurrent mark-sweep generation total 439104K, used 76736K [0x00000000e5330000, 0x0000000100000000, 0x0000000100000000)
[2020-09-11T15:34:13.148+0000][1][gc,heap,exit ]  Metaspace       used 96426K, capacity 103899K, committed 104064K, reserved 1138688K
[2020-09-11T15:34:13.148+0000][1][gc,heap,exit ]   class space    used 12495K, capacity 15618K, committed 15700K, reserved 1048576K
