[2020-09-11T15:37:21.057+0000][1][gc] Using Concurrent Mark Sweep
[2020-09-11T15:37:21.057+0000][1][gc,heap,coops] Heap address: 0x00000000e0000000, size: 512 MB, Compressed Oops mode: 32-bit
[2020-09-11T15:37:21.392+0000][1][safepoint    ] Safepoint "EnableBiasedLocking", Time since last: 296779831 ns, Reaching safepoint: 1589446 ns, At safepoint: 41162 ns, Total: 1630608 ns
[2020-09-11T15:37:21.415+0000][1][safepoint    ] Safepoint "RevokeBias", Time since last: 17240290 ns, Reaching safepoint: 5953025 ns, At safepoint: 48086 ns, Total: 6001111 ns
[2020-09-11T15:37:21.489+0000][1][safepoint    ] Safepoint "Deoptimize", Time since last: 71962324 ns, Reaching safepoint: 1959284 ns, At safepoint: 30757 ns, Total: 1990041 ns
[2020-09-11T15:37:22.329+0000][1][safepoint    ] Safepoint "RevokeBias", Time since last: 838865679 ns, Reaching safepoint: 1116046 ns, At safepoint: 45455 ns, Total: 1161501 ns
[2020-09-11T15:37:22.393+0000][1][safepoint    ] Safepoint "RevokeBias", Time since last: 63920244 ns, Reaching safepoint: 106941 ns, At safepoint: 39101 ns, Total: 146042 ns
[2020-09-11T15:37:22.397+0000][1][safepoint    ] Safepoint "Deoptimize", Time since last: 1637462 ns, Reaching safepoint: 2228160 ns, At safepoint: 39020 ns, Total: 2267180 ns
[2020-09-11T15:37:22.413+0000][1][safepoint    ] Safepoint "Deoptimize", Time since last: 11975057 ns, Reaching safepoint: 3879593 ns, At safepoint: 35309 ns, Total: 3914902 ns
[2020-09-11T15:37:22.726+0000][1][safepoint    ] Safepoint "Deoptimize", Time since last: 312648529 ns, Reaching safepoint: 795346 ns, At safepoint: 37646 ns, Total: 832992 ns
[2020-09-11T15:37:23.733+0000][1][safepoint    ] Safepoint "Cleanup", Time since last: 1006575970 ns, Reaching safepoint: 327564 ns, At safepoint: 5902 ns, Total: 333466 ns
[2020-09-11T15:37:24.735+0000][1][safepoint    ] Safepoint "Cleanup", Time since last: 1000836990 ns, Reaching safepoint: 946122 ns, At safepoint: 6329 ns, Total: 952451 ns
[2020-09-11T15:37:25.737+0000][1][safepoint    ] Safepoint "Cleanup", Time since last: 1001868243 ns, Reaching safepoint: 50190 ns, At safepoint: 4898 ns, Total: 55088 ns
[2020-09-11T15:37:26.030+0000][1][safepoint    ] Safepoint "Deoptimize", Time since last: 291974471 ns, Reaching safepoint: 1149602 ns, At safepoint: 68606 ns, Total: 1218208 ns
[2020-09-11T15:37:26.462+0000][1][safepoint    ] Safepoint "Deoptimize", Time since last: 429834332 ns, Reaching safepoint: 2241184 ns, At safepoint: 65278 ns, Total: 2306462 ns
[2020-09-11T15:37:27.471+0000][1][safepoint    ] Safepoint "Cleanup", Time since last: 1008735278 ns, Reaching safepoint: 116174 ns, At safepoint: 4764 ns, Total: 120938 ns
[2020-09-11T15:37:28.473+0000][1][safepoint    ] Safepoint "Cleanup", Time since last: 1001758302 ns, Reaching safepoint: 55968 ns, At safepoint: 4939 ns, Total: 60907 ns
[2020-09-11T15:37:28.804+0000][1][safepoint    ] Safepoint "Deoptimize", Time since last: 330998648 ns, Reaching safepoint: 94791 ns, At safepoint: 77720 ns, Total: 172511 ns
[2020-09-11T15:37:29.819+0000][1][safepoint    ] Safepoint "Cleanup", Time since last: 1015000715 ns, Reaching safepoint: 46116 ns, At safepoint: 4403 ns, Total: 50519 ns
[2020-09-11T15:37:31.540+0000][1][safepoint    ] Safepoint "Deoptimize", Time since last: 1720975610 ns, Reaching safepoint: 110166 ns, At safepoint: 87589 ns, Total: 197755 ns
[2020-09-11T15:37:32.553+0000][1][safepoint    ] Safepoint "Cleanup", Time since last: 1012568481 ns, Reaching safepoint: 124556 ns, At safepoint: 6576 ns, Total: 131132 ns
[2020-09-11T15:37:33.569+0000][1][safepoint    ] Safepoint "Cleanup", Time since last: 1015857898 ns, Reaching safepoint: 178971 ns, At safepoint: 5791 ns, Total: 184762 ns
[2020-09-11T15:37:33.921+0000][1][safepoint    ] Safepoint "Deoptimize", Time since last: 351839125 ns, Reaching safepoint: 107443 ns, At safepoint: 117323 ns, Total: 224766 ns
[2020-09-11T15:37:33.921+0000][1][safepoint    ] Safepoint "Deoptimize", Time since last: 210075 ns, Reaching safepoint: 77389 ns, At safepoint: 37832 ns, Total: 115221 ns
[2020-09-11T15:37:34.243+0000][1][safepoint    ] Safepoint "Deoptimize", Time since last: 316859337 ns, Reaching safepoint: 5045795 ns, At safepoint: 106825 ns, Total: 5152620 ns
[2020-09-11T15:37:34.281+0000][1][safepoint    ] Safepoint "Deoptimize", Time since last: 36524005 ns, Reaching safepoint: 891837 ns, At safepoint: 108398 ns, Total: 1000235 ns
[2020-09-11T15:37:34.369+0000][1][safepoint    ] Safepoint "RevokeBias", Time since last: 88044261 ns, Reaching safepoint: 95120 ns, At safepoint: 28622 ns, Total: 123742 ns
[2020-09-11T15:37:34.370+0000][1][safepoint    ] Safepoint "RevokeBias", Time since last: 346192 ns, Reaching safepoint: 78936 ns, At safepoint: 21590 ns, Total: 100526 ns
[2020-09-11T15:37:34.370+0000][1][safepoint    ] Safepoint "RevokeBias", Time since last: 181977 ns, Reaching safepoint: 77151 ns, At safepoint: 19510 ns, Total: 96661 ns
[2020-09-11T15:37:34.379+0000][1][safepoint    ] Safepoint "RevokeBias", Time since last: 9281245 ns, Reaching safepoint: 168786 ns, At safepoint: 31579 ns, Total: 200365 ns
[2020-09-11T15:37:34.389+0000][1][safepoint    ] Safepoint "RevokeBias", Time since last: 9921436 ns, Reaching safepoint: 95108 ns, At safepoint: 23779 ns, Total: 118887 ns
[2020-09-11T15:37:35.392+0000][1][safepoint    ] Safepoint "Cleanup", Time since last: 1001971603 ns, Reaching safepoint: 338306 ns, At safepoint: 7230 ns, Total: 345536 ns
[2020-09-11T15:37:36.393+0000][1][safepoint    ] Safepoint "Cleanup", Time since last: 1000112939 ns, Reaching safepoint: 776058 ns, At safepoint: 7860 ns, Total: 783918 ns
[2020-09-11T15:37:37.398+0000][1][safepoint    ] Safepoint "Cleanup", Time since last: 1000240483 ns, Reaching safepoint: 5114759 ns, At safepoint: 10913 ns, Total: 5125672 ns
[2020-09-11T15:37:37.581+0000][1][gc,start     ] GC(0) Pause Young (Allocation Failure)
[2020-09-11T15:37:37.581+0000][1][gc,task      ] GC(0) Using 1 workers of 1 for evacuation
[2020-09-11T15:37:37.655+0000][1][gc,age       ] GC(0) Desired survivor size 4358144 bytes, new threshold 1 (max threshold 6)
[2020-09-11T15:37:37.655+0000][1][gc,age       ] GC(0) Age table with threshold 1 (max threshold 6)
[2020-09-11T15:37:37.655+0000][1][gc,age       ] GC(0) - age   1:    6433224 bytes,    6433224 total
[2020-09-11T15:37:37.655+0000][1][gc,heap      ] GC(0) ParNew: 68160K->6309K(76672K)
[2020-09-11T15:37:37.655+0000][1][gc,heap      ] GC(0) CMS: 0K->0K(439104K)
[2020-09-11T15:37:37.655+0000][1][gc,metaspace ] GC(0) Metaspace: 13594K->13594K(1060864K)
[2020-09-11T15:37:37.656+0000][1][gc           ] GC(0) Pause Young (Allocation Failure) 66M->6M(503M) 74.598ms
[2020-09-11T15:37:37.656+0000][1][gc,cpu       ] GC(0) User=0.02s Sys=0.00s Real=0.07s
[2020-09-11T15:37:37.685+0000][1][safepoint    ] Safepoint "GenCollectForAllocation", Time since last: 182897404 ns, Reaching safepoint: 112344 ns, At safepoint: 103918194 ns, Total: 104030538 ns
[2020-09-11T15:37:37.723+0000][1][safepoint    ] Safepoint "RevokeBias", Time since last: 35968986 ns, Reaching safepoint: 2086110 ns, At safepoint: 55795 ns, Total: 2141905 ns
[2020-09-11T15:37:37.732+0000][1][safepoint    ] Safepoint "RevokeBias", Time since last: 9227669 ns, Reaching safepoint: 102091 ns, At safepoint: 24786 ns, Total: 126877 ns
[2020-09-11T15:37:37.732+0000][1][safepoint    ] Safepoint "RevokeBias", Time since last: 82405 ns, Reaching safepoint: 78879 ns, At safepoint: 19620 ns, Total: 98499 ns
[2020-09-11T15:37:37.733+0000][1][safepoint    ] Safepoint "RevokeBias", Time since last: 29441 ns, Reaching safepoint: 76790 ns, At safepoint: 13776 ns, Total: 90566 ns
[2020-09-11T15:37:37.733+0000][1][safepoint    ] Safepoint "RevokeBias", Time since last: 35399 ns, Reaching safepoint: 77416 ns, At safepoint: 14536 ns, Total: 91952 ns
[2020-09-11T15:37:37.734+0000][1][safepoint    ] Safepoint "RevokeBias", Time since last: 1280050 ns, Reaching safepoint: 85185 ns, At safepoint: 19299 ns, Total: 104484 ns
[2020-09-11T15:37:37.734+0000][1][safepoint    ] Safepoint "RevokeBias", Time since last: 46935 ns, Reaching safepoint: 78709 ns, At safepoint: 14070 ns, Total: 92779 ns
[2020-09-11T15:37:37.734+0000][1][safepoint    ] Safepoint "RevokeBias", Time since last: 28389 ns, Reaching safepoint: 81461 ns, At safepoint: 23103 ns, Total: 104564 ns
[2020-09-11T15:37:37.735+0000][1][safepoint    ] Safepoint "RevokeBias", Time since last: 46353 ns, Reaching safepoint: 77954 ns, At safepoint: 14055 ns, Total: 92009 ns
[2020-09-11T15:37:37.735+0000][1][safepoint    ] Safepoint "RevokeBias", Time since last: 27645 ns, Reaching safepoint: 75901 ns, At safepoint: 13028 ns, Total: 88929 ns
[2020-09-11T15:37:37.735+0000][1][safepoint    ] Safepoint "RevokeBias", Time since last: 34235 ns, Reaching safepoint: 76791 ns, At safepoint: 13186 ns, Total: 89977 ns
[2020-09-11T15:37:37.735+0000][1][safepoint    ] Safepoint "RevokeBias", Time since last: 27105 ns, Reaching safepoint: 79106 ns, At safepoint: 16777 ns, Total: 95883 ns
[2020-09-11T15:37:37.735+0000][1][safepoint    ] Safepoint "RevokeBias", Time since last: 68456 ns, Reaching safepoint: 77334 ns, At safepoint: 13652 ns, Total: 90986 ns
[2020-09-11T15:37:37.735+0000][1][safepoint    ] Safepoint "RevokeBias", Time since last: 26997 ns, Reaching safepoint: 75831 ns, At safepoint: 12534 ns, Total: 88365 ns
[2020-09-11T15:37:37.735+0000][1][safepoint    ] Safepoint "RevokeBias", Time since last: 43450 ns, Reaching safepoint: 77234 ns, At safepoint: 15746 ns, Total: 92980 ns
[2020-09-11T15:37:37.739+0000][1][safepoint    ] Safepoint "RevokeBias", Time since last: 3425522 ns, Reaching safepoint: 97228 ns, At safepoint: 25704 ns, Total: 122932 ns
[2020-09-11T15:37:37.739+0000][1][safepoint    ] Safepoint "RevokeBias", Time since last: 198596 ns, Reaching safepoint: 79892 ns, At safepoint: 16571 ns, Total: 96463 ns
[2020-09-11T15:37:37.739+0000][1][safepoint    ] Safepoint "RevokeBias", Time since last: 30639 ns, Reaching safepoint: 77727 ns, At safepoint: 15074 ns, Total: 92801 ns
[2020-09-11T15:37:37.739+0000][1][safepoint    ] Safepoint "RevokeBias", Time since last: 37499 ns, Reaching safepoint: 80502 ns, At safepoint: 27511 ns, Total: 108013 ns
[2020-09-11T15:37:37.740+0000][1][safepoint    ] Safepoint "RevokeBias", Time since last: 29120 ns, Reaching safepoint: 78067 ns, At safepoint: 16682 ns, Total: 94749 ns
[2020-09-11T15:37:37.740+0000][1][safepoint    ] Safepoint "RevokeBias", Time since last: 48698 ns, Reaching safepoint: 78045 ns, At safepoint: 16678 ns, Total: 94723 ns
[2020-09-11T15:37:37.765+0000][1][safepoint    ] Safepoint "RevokeBias", Time since last: 25119278 ns, Reaching safepoint: 168874 ns, At safepoint: 20526 ns, Total: 189400 ns
[2020-09-11T15:37:37.765+0000][1][safepoint    ] Safepoint "RevokeBias", Time since last: 148747 ns, Reaching safepoint: 78263 ns, At safepoint: 14129 ns, Total: 92392 ns
[2020-09-11T15:37:37.766+0000][1][safepoint    ] Safepoint "RevokeBias", Time since last: 29872 ns, Reaching safepoint: 350537 ns, At safepoint: 14407 ns, Total: 364944 ns
[2020-09-11T15:37:37.766+0000][1][safepoint    ] Safepoint "RevokeBias", Time since last: 41953 ns, Reaching safepoint: 78010 ns, At safepoint: 16618 ns, Total: 94628 ns
[2020-09-11T15:37:37.766+0000][1][safepoint    ] Safepoint "RevokeBias", Time since last: 29172 ns, Reaching safepoint: 77402 ns, At safepoint: 13865 ns, Total: 91267 ns
[2020-09-11T15:37:37.766+0000][1][safepoint    ] Safepoint "RevokeBias", Time since last: 41629 ns, Reaching safepoint: 77143 ns, At safepoint: 13213 ns, Total: 90356 ns
[2020-09-11T15:37:37.766+0000][1][safepoint    ] Safepoint "RevokeBias", Time since last: 27808 ns, Reaching safepoint: 77147 ns, At safepoint: 16618 ns, Total: 93765 ns
[2020-09-11T15:37:37.766+0000][1][safepoint    ] Safepoint "RevokeBias", Time since last: 107961 ns, Reaching safepoint: 85916 ns, At safepoint: 29937 ns, Total: 115853 ns
[2020-09-11T15:37:37.766+0000][1][safepoint    ] Safepoint "RevokeBias", Time since last: 38289 ns, Reaching safepoint: 77142 ns, At safepoint: 16424 ns, Total: 93566 ns
[2020-09-11T15:37:37.994+0000][1][safepoint    ] Safepoint "Deoptimize", Time since last: 226872519 ns, Reaching safepoint: 876517 ns, At safepoint: 187284 ns, Total: 1063801 ns
[2020-09-11T15:37:38.999+0000][1][safepoint    ] Safepoint "Cleanup", Time since last: 1002369064 ns, Reaching safepoint: 2535783 ns, At safepoint: 10372 ns, Total: 2546155 ns
[2020-09-11T15:37:40.011+0000][1][safepoint    ] Safepoint "Cleanup", Time since last: 1011420197 ns, Reaching safepoint: 122567 ns, At safepoint: 5757 ns, Total: 128324 ns
[2020-09-11T15:37:40.119+0000][1][safepoint    ] Safepoint "RevokeBias", Time since last: 108249776 ns, Reaching safepoint: 105807 ns, At safepoint: 36311 ns, Total: 142118 ns
[2020-09-11T15:37:41.121+0000][1][safepoint    ] Safepoint "Cleanup", Time since last: 1000122671 ns, Reaching safepoint: 1401573 ns, At safepoint: 9580 ns, Total: 1411153 ns
[2020-09-11T15:37:42.141+0000][1][safepoint    ] Safepoint "Cleanup", Time since last: 1011145556 ns, Reaching safepoint: 8892801 ns, At safepoint: 14764 ns, Total: 8907565 ns
[2020-09-11T15:37:42.509+0000][1][safepoint    ] Safepoint "Deoptimize", Time since last: 367407828 ns, Reaching safepoint: 547034 ns, At safepoint: 158591 ns, Total: 705625 ns
[2020-09-11T15:37:42.981+0000][1][gc,start     ] GC(1) Pause Young (Allocation Failure)
[2020-09-11T15:37:42.981+0000][1][gc,task      ] GC(1) Using 1 workers of 1 for evacuation
[2020-09-11T15:37:43.180+0000][1][gc,age       ] GC(1) Desired survivor size 4358144 bytes, new threshold 6 (max threshold 6)
[2020-09-11T15:37:43.180+0000][1][gc,age       ] GC(1) Age table with threshold 6 (max threshold 6)
[2020-09-11T15:37:43.180+0000][1][gc,age       ] GC(1) - age   1:    3311088 bytes,    3311088 total
[2020-09-11T15:37:43.180+0000][1][gc,heap      ] GC(1) ParNew: 74469K->4196K(76672K)
[2020-09-11T15:37:43.180+0000][1][gc,heap      ] GC(1) CMS: 0K->6824K(439104K)
[2020-09-11T15:37:43.180+0000][1][gc,metaspace ] GC(1) Metaspace: 18078K->18078K(1064960K)
[2020-09-11T15:37:43.180+0000][1][gc           ] GC(1) Pause Young (Allocation Failure) 72M->10M(503M) 198.813ms
[2020-09-11T15:37:43.180+0000][1][gc,cpu       ] GC(1) User=0.04s Sys=0.00s Real=0.19s
[2020-09-11T15:37:43.189+0000][1][safepoint    ] Safepoint "GenCollectForAllocation", Time since last: 469901702 ns, Reaching safepoint: 1946945 ns, At safepoint: 208360264 ns, Total: 210307209 ns
[2020-09-11T15:37:43.247+0000][1][safepoint    ] Safepoint "BulkRevokeBias", Time since last: 45834753 ns, Reaching safepoint: 12335830 ns, At safepoint: 135843 ns, Total: 12471673 ns
[2020-09-11T15:37:43.248+0000][1][safepoint    ] Safepoint "RevokeBias", Time since last: 114005 ns, Reaching safepoint: 88482 ns, At safepoint: 45685 ns, Total: 134167 ns
[2020-09-11T15:37:43.248+0000][1][safepoint    ] Safepoint "RevokeBias", Time since last: 49002 ns, Reaching safepoint: 81308 ns, At safepoint: 44588 ns, Total: 125896 ns
[2020-09-11T15:37:43.248+0000][1][safepoint    ] Safepoint "RevokeBias", Time since last: 30297 ns, Reaching safepoint: 78842 ns, At safepoint: 44299 ns, Total: 123141 ns
[2020-09-11T15:37:43.248+0000][1][safepoint    ] Safepoint "RevokeBias", Time since last: 22738 ns, Reaching safepoint: 78063 ns, At safepoint: 50732 ns, Total: 128795 ns
[2020-09-11T15:37:43.248+0000][1][safepoint    ] Safepoint "RevokeBias", Time since last: 27674 ns, Reaching safepoint: 77563 ns, At safepoint: 43301 ns, Total: 120864 ns
[2020-09-11T15:37:43.249+0000][1][safepoint    ] Safepoint "RevokeBias", Time since last: 21560 ns, Reaching safepoint: 77030 ns, At safepoint: 92828 ns, Total: 169858 ns
[2020-09-11T15:37:43.287+0000][1][safepoint    ] Safepoint "BulkRevokeBias", Time since last: 36248043 ns, Reaching safepoint: 2538001 ns, At safepoint: 75524 ns, Total: 2613525 ns
[2020-09-11T15:37:43.289+0000][1][safepoint    ] Safepoint "BulkRevokeBias", Time since last: 68290 ns, Reaching safepoint: 1316133 ns, At safepoint: 64834 ns, Total: 1380967 ns
[2020-09-11T15:37:43.769+0000][1][safepoint    ] Safepoint "Deoptimize", Time since last: 479929290 ns, Reaching safepoint: 124271 ns, At safepoint: 172579 ns, Total: 296850 ns
[2020-09-11T15:37:43.837+0000][1][safepoint    ] Safepoint "Deoptimize", Time since last: 67711953 ns, Reaching safepoint: 103190 ns, At safepoint: 160553 ns, Total: 263743 ns
[2020-09-11T15:37:44.845+0000][1][safepoint    ] Safepoint "Cleanup", Time since last: 1000116895 ns, Reaching safepoint: 7640164 ns, At safepoint: 15605 ns, Total: 7655769 ns
[2020-09-11T15:37:45.230+0000][1][safepoint    ] Safepoint "Deoptimize", Time since last: 384029469 ns, Reaching safepoint: 936674 ns, At safepoint: 181354 ns, Total: 1118028 ns
[2020-09-11T15:37:45.232+0000][1][safepoint    ] Safepoint "RevokeBias", Time since last: 664045 ns, Reaching safepoint: 1693124 ns, At safepoint: 47968 ns, Total: 1741092 ns
[2020-09-11T15:37:45.236+0000][1][safepoint    ] Safepoint "Deoptimize", Time since last: 988714 ns, Reaching safepoint: 2506455 ns, At safepoint: 193338 ns, Total: 2699793 ns
[2020-09-11T15:37:46.245+0000][1][safepoint    ] Safepoint "Cleanup", Time since last: 1004717122 ns, Reaching safepoint: 4013348 ns, At safepoint: 12716 ns, Total: 4026064 ns
[2020-09-11T15:37:46.863+0000][1][gc,start     ] GC(2) Pause Young (Allocation Failure)
[2020-09-11T15:37:46.908+0000][1][gc,task      ] GC(2) Using 1 workers of 1 for evacuation
[2020-09-11T15:37:46.947+0000][1][gc,age       ] GC(2) Desired survivor size 4358144 bytes, new threshold 2 (max threshold 6)
[2020-09-11T15:37:46.947+0000][1][gc,age       ] GC(2) Age table with threshold 2 (max threshold 6)
[2020-09-11T15:37:46.947+0000][1][gc,age       ] GC(2) - age   1:    2875352 bytes,    2875352 total
[2020-09-11T15:37:46.947+0000][1][gc,age       ] GC(2) - age   2:    3191560 bytes,    6066912 total
[2020-09-11T15:37:46.948+0000][1][gc,heap      ] GC(2) ParNew: 72356K->6961K(76672K)
[2020-09-11T15:37:46.948+0000][1][gc,heap      ] GC(2) CMS: 6824K->6824K(439104K)
[2020-09-11T15:37:46.948+0000][1][gc,metaspace ] GC(2) Metaspace: 20040K->20040K(1067008K)
[2020-09-11T15:37:46.948+0000][1][gc           ] GC(2) Pause Young (Allocation Failure) 77M->13M(503M) 84.669ms
[2020-09-11T15:37:46.948+0000][1][gc,cpu       ] GC(2) User=0.01s Sys=0.00s Real=0.08s
[2020-09-11T15:37:46.973+0000][1][safepoint    ] Safepoint "GenCollectForAllocation", Time since last: 617935066 ns, Reaching safepoint: 113889 ns, At safepoint: 109909126 ns, Total: 110023015 ns
[2020-09-11T15:37:47.013+0000][1][safepoint    ] Safepoint "RevokeBias", Time since last: 20084632 ns, Reaching safepoint: 19951176 ns, At safepoint: 84090 ns, Total: 20035266 ns
[2020-09-11T15:37:47.017+0000][1][safepoint    ] Safepoint "RevokeBias", Time since last: 87294 ns, Reaching safepoint: 3818480 ns, At safepoint: 64659 ns, Total: 3883139 ns
[2020-09-11T15:37:47.026+0000][1][safepoint    ] Safepoint "RevokeBias", Time since last: 8028876 ns, Reaching safepoint: 969407 ns, At safepoint: 101272 ns, Total: 1070679 ns
[2020-09-11T15:37:47.041+0000][1][safepoint    ] Safepoint "RevokeBias", Time since last: 14291146 ns, Reaching safepoint: 367789 ns, At safepoint: 28903 ns, Total: 396692 ns
[2020-09-11T15:37:47.041+0000][1][safepoint    ] Safepoint "RevokeBias", Time since last: 51583 ns, Reaching safepoint: 120028 ns, At safepoint: 21682 ns, Total: 141710 ns
[2020-09-11T15:37:47.050+0000][1][safepoint    ] Safepoint "RevokeBias", Time since last: 8586972 ns, Reaching safepoint: 167971 ns, At safepoint: 31385 ns, Total: 199356 ns
[2020-09-11T15:37:47.050+0000][1][safepoint    ] Safepoint "RevokeBias", Time since last: 78745 ns, Reaching safepoint: 147393 ns, At safepoint: 68389 ns, Total: 215782 ns
[2020-09-11T15:37:48.059+0000][1][safepoint    ] Safepoint "Cleanup", Time since last: 1008939902 ns, Reaching safepoint: 121052 ns, At safepoint: 5593 ns, Total: 126645 ns
[2020-09-11T15:37:48.174+0000][1][gc,start     ] GC(3) Pause Young (Allocation Failure)
[2020-09-11T15:37:48.174+0000][1][gc,task      ] GC(3) Using 1 workers of 1 for evacuation
[2020-09-11T15:37:48.223+0000][1][gc,age       ] GC(3) Desired survivor size 4358144 bytes, new threshold 6 (max threshold 6)
[2020-09-11T15:37:48.223+0000][1][gc,age       ] GC(3) Age table with threshold 6 (max threshold 6)
[2020-09-11T15:37:48.223+0000][1][gc,age       ] GC(3) - age   1:    1153792 bytes,    1153792 total
[2020-09-11T15:37:48.223+0000][1][gc,age       ] GC(3) - age   2:    1060656 bytes,    2214448 total
[2020-09-11T15:37:48.223+0000][1][gc,heap      ] GC(3) ParNew: 75121K->5302K(76672K)
[2020-09-11T15:37:48.223+0000][1][gc,heap      ] GC(3) CMS: 6824K->9965K(439104K)
[2020-09-11T15:37:48.223+0000][1][gc,metaspace ] GC(3) Metaspace: 20291K->20291K(1067008K)
[2020-09-11T15:37:48.223+0000][1][gc           ] GC(3) Pause Young (Allocation Failure) 80M->14M(503M) 49.508ms
[2020-09-11T15:37:48.223+0000][1][gc,cpu       ] GC(3) User=0.02s Sys=0.00s Real=0.05s
[2020-09-11T15:37:48.242+0000][1][safepoint    ] Safepoint "GenCollectForAllocation", Time since last: 114395824 ns, Reaching safepoint: 99469 ns, At safepoint: 68947774 ns, Total: 69047243 ns
[2020-09-11T15:37:48.273+0000][1][safepoint    ] Safepoint "RevokeBias", Time since last: 17518534 ns, Reaching safepoint: 94914 ns, At safepoint: 12740967 ns, Total: 12835881 ns
[2020-09-11T15:37:48.273+0000][1][safepoint    ] Safepoint "RevokeBias", Time since last: 64143 ns, Reaching safepoint: 103567 ns, At safepoint: 37445 ns, Total: 141012 ns
[2020-09-11T15:37:48.273+0000][1][safepoint    ] Safepoint "RevokeBias", Time since last: 40018 ns, Reaching safepoint: 77934 ns, At safepoint: 22116 ns, Total: 100050 ns
[2020-09-11T15:37:48.273+0000][1][safepoint    ] Safepoint "RevokeBias", Time since last: 24280 ns, Reaching safepoint: 77708 ns, At safepoint: 28315 ns, Total: 106023 ns
[2020-09-11T15:37:48.273+0000][1][safepoint    ] Safepoint "RevokeBias", Time since last: 27916 ns, Reaching safepoint: 77552 ns, At safepoint: 28382 ns, Total: 105934 ns
[2020-09-11T15:37:48.274+0000][1][safepoint    ] Safepoint "RevokeBias", Time since last: 23628 ns, Reaching safepoint: 77372 ns, At safepoint: 29530 ns, Total: 106902 ns
[2020-09-11T15:37:48.274+0000][1][safepoint    ] Safepoint "RevokeBias", Time since last: 27424 ns, Reaching safepoint: 77524 ns, At safepoint: 30844 ns, Total: 108368 ns
[2020-09-11T15:37:48.274+0000][1][safepoint    ] Safepoint "RevokeBias", Time since last: 22851 ns, Reaching safepoint: 78055 ns, At safepoint: 31462 ns, Total: 109517 ns
[2020-09-11T15:37:49.030+0000][1][safepoint    ] Safepoint "CollectForMetadataAllocation", Time since last: 756301647 ns, Reaching safepoint: 113480 ns, At safepoint: 154243 ns, Total: 267723 ns
[2020-09-11T15:37:49.235+0000][1][safepoint    ] Safepoint "CollectForMetadataAllocation", Time since last: 204012405 ns, Reaching safepoint: 101037 ns, At safepoint: 119809 ns, Total: 220846 ns
[2020-09-11T15:37:49.423+0000][1][gc,start     ] GC(4) Pause Young (Allocation Failure)
[2020-09-11T15:37:49.423+0000][1][gc,task      ] GC(4) Using 1 workers of 1 for evacuation
[2020-09-11T15:37:49.463+0000][1][gc,age       ] GC(4) Desired survivor size 4358144 bytes, new threshold 6 (max threshold 6)
[2020-09-11T15:37:49.463+0000][1][gc,age       ] GC(4) Age table with threshold 6 (max threshold 6)
[2020-09-11T15:37:49.463+0000][1][gc,age       ] GC(4) - age   1:    2014432 bytes,    2014432 total
[2020-09-11T15:37:49.463+0000][1][gc,age       ] GC(4) - age   2:     351024 bytes,    2365456 total
[2020-09-11T15:37:49.463+0000][1][gc,age       ] GC(4) - age   3:    1060560 bytes,    3426016 total
[2020-09-11T15:37:49.463+0000][1][gc,heap      ] GC(4) ParNew: 73462K->4273K(76672K)
[2020-09-11T15:37:49.463+0000][1][gc,heap      ] GC(4) CMS: 9965K->9965K(439104K)
[2020-09-11T15:37:49.463+0000][1][gc,metaspace ] GC(4) Metaspace: 20822K->20822K(1069056K)
[2020-09-11T15:37:49.463+0000][1][gc           ] GC(4) Pause Young (Allocation Failure) 81M->13M(503M) 39.390ms
[2020-09-11T15:37:49.463+0000][1][gc,cpu       ] GC(4) User=0.01s Sys=0.00s Real=0.04s
[2020-09-11T15:37:49.491+0000][1][safepoint    ] Safepoint "GenCollectForAllocation", Time since last: 188612779 ns, Reaching safepoint: 103805 ns, At safepoint: 67407117 ns, Total: 67510922 ns
[2020-09-11T15:37:49.506+0000][1][gc,start     ] GC(5) Pause Initial Mark
[2020-09-11T15:37:49.509+0000][1][gc           ] GC(5) Pause Initial Mark 17M->17M(503M) 2.277ms
[2020-09-11T15:37:49.509+0000][1][gc,cpu       ] GC(5) User=0.00s Sys=0.00s Real=0.00s
[2020-09-11T15:37:49.525+0000][1][safepoint    ] Safepoint "BulkRevokeBias", Time since last: 15376796 ns, Reaching safepoint: 99363 ns, At safepoint: 18580701 ns, Total: 18680064 ns
[2020-09-11T15:37:49.525+0000][1][gc           ] GC(5) Concurrent Mark
[2020-09-11T15:37:49.551+0000][1][safepoint    ] Safepoint "RevokeBias", Time since last: 13910456 ns, Reaching safepoint: 10951391 ns, At safepoint: 1466219 ns, Total: 12417610 ns
[2020-09-11T15:37:49.553+0000][1][safepoint    ] Safepoint "RevokeBias", Time since last: 66788 ns, Reaching safepoint: 1600129 ns, At safepoint: 28728 ns, Total: 1628857 ns
[2020-09-11T15:37:49.585+0000][1][safepoint    ] Safepoint "RevokeBias", Time since last: 3989963 ns, Reaching safepoint: 28098725 ns, At safepoint: 75195 ns, Total: 28173920 ns
[2020-09-11T15:37:49.595+0000][1][safepoint    ] Safepoint "RevokeBias", Time since last: 9729906 ns, Reaching safepoint: 105172 ns, At safepoint: 30568 ns, Total: 135740 ns
[2020-09-11T15:37:49.607+0000][1][safepoint    ] Safepoint "RevokeBias", Time since last: 9932333 ns, Reaching safepoint: 2189572 ns, At safepoint: 30496 ns, Total: 2220068 ns
[2020-09-11T15:37:49.640+0000][1][gc           ] GC(5) Concurrent Mark 115.180ms
[2020-09-11T15:37:49.640+0000][1][gc,cpu       ] GC(5) User=0.03s Sys=0.00s Real=0.11s
[2020-09-11T15:37:49.640+0000][1][gc           ] GC(5) Concurrent Preclean
[2020-09-11T15:37:49.641+0000][1][gc           ] GC(5) Concurrent Preclean 0.626ms
[2020-09-11T15:37:49.664+0000][1][gc,cpu       ] GC(5) User=0.00s Sys=0.00s Real=0.03s
[2020-09-11T15:37:49.664+0000][1][gc           ] GC(5) Concurrent Abortable Preclean
[2020-09-11T15:37:50.223+0000][1][safepoint    ] Safepoint "RevokeBias", Time since last: 616370254 ns, Reaching safepoint: 106626 ns, At safepoint: 17881 ns, Total: 124507 ns
[2020-09-11T15:37:50.264+0000][1][safepoint    ] Safepoint "RevokeBias", Time since last: 21331318 ns, Reaching safepoint: 19513273 ns, At safepoint: 44134 ns, Total: 19557407 ns
[2020-09-11T15:37:50.268+0000][1][safepoint    ] Safepoint "Deoptimize", Time since last: 3732546 ns, Reaching safepoint: 99491 ns, At safepoint: 203118 ns, Total: 302609 ns
[2020-09-11T15:37:50.345+0000][1][safepoint    ] Safepoint "CollectForMetadataAllocation", Time since last: 76383610 ns, Reaching safepoint: 102487 ns, At safepoint: 84046 ns, Total: 186533 ns
[2020-09-11T15:37:50.801+0000][1][safepoint    ] Safepoint "Deoptimize", Time since last: 455832676 ns, Reaching safepoint: 63551 ns, At safepoint: 213121 ns, Total: 276672 ns
[2020-09-11T15:37:51.081+0000][1][gc,start     ] GC(6) Pause Young (Allocation Failure)
[2020-09-11T15:37:51.081+0000][1][gc,task      ] GC(6) Using 1 workers of 1 for evacuation
[2020-09-11T15:37:51.137+0000][1][gc,age       ] GC(6) Desired survivor size 4358144 bytes, new threshold 4 (max threshold 6)
[2020-09-11T15:37:51.137+0000][1][gc,age       ] GC(6) Age table with threshold 4 (max threshold 6)
[2020-09-11T15:37:51.137+0000][1][gc,age       ] GC(6) - age   1:    1880096 bytes,    1880096 total
[2020-09-11T15:37:51.137+0000][1][gc,age       ] GC(6) - age   2:    1252392 bytes,    3132488 total
[2020-09-11T15:37:51.137+0000][1][gc,age       ] GC(6) - age   3:     351024 bytes,    3483512 total
[2020-09-11T15:37:51.137+0000][1][gc,age       ] GC(6) - age   4:    1060560 bytes,    4544072 total
[2020-09-11T15:37:51.137+0000][1][gc,heap      ] GC(6) ParNew: 72433K->6086K(76672K)
[2020-09-11T15:37:51.169+0000][1][gc,heap      ] GC(6) CMS: 9965K->9965K(439104K)
[2020-09-11T15:37:51.169+0000][1][gc,metaspace ] GC(6) Metaspace: 21142K->21142K(1069056K)
[2020-09-11T15:37:51.169+0000][1][gc           ] GC(6) Pause Young (Allocation Failure) 80M->15M(503M) 87.921ms
[2020-09-11T15:37:51.169+0000][1][gc,cpu       ] GC(6) User=0.02s Sys=0.00s Real=0.08s
[2020-09-11T15:37:51.185+0000][1][safepoint    ] Safepoint "GenCollectForAllocation", Time since last: 279721118 ns, Reaching safepoint: 108866 ns, At safepoint: 103863064 ns, Total: 103971930 ns
[2020-09-11T15:37:51.201+0000][1][safepoint    ] Safepoint "RevokeBias", Time since last: 15723605 ns, Reaching safepoint: 109053 ns, At safepoint: 27527 ns, Total: 136580 ns
[2020-09-11T15:37:51.201+0000][1][safepoint    ] Safepoint "RevokeBias", Time since last: 63592 ns, Reaching safepoint: 56758 ns, At safepoint: 17508 ns, Total: 74266 ns
[2020-09-11T15:37:51.201+0000][1][safepoint    ] Safepoint "RevokeBias", Time since last: 31551 ns, Reaching safepoint: 76792 ns, At safepoint: 16777 ns, Total: 93569 ns
[2020-09-11T15:37:51.201+0000][1][safepoint    ] Safepoint "RevokeBias", Time since last: 23862 ns, Reaching safepoint: 76639 ns, At safepoint: 17337 ns, Total: 93976 ns
[2020-09-11T15:37:51.249+0000][1][safepoint    ] Safepoint "RevokeBias", Time since last: 15750780 ns, Reaching safepoint: 32119471 ns, At safepoint: 27276 ns, Total: 32146747 ns
[2020-09-11T15:37:51.249+0000][1][safepoint    ] Safepoint "RevokeBias", Time since last: 64381 ns, Reaching safepoint: 77899 ns, At safepoint: 17432 ns, Total: 95331 ns
[2020-09-11T15:37:51.965+0000][1][gc           ] GC(5) Concurrent Abortable Preclean 2301.019ms
[2020-09-11T15:37:51.965+0000][1][gc,cpu       ] GC(5) User=0.57s Sys=0.00s Real=2.30s
[2020-09-11T15:37:51.985+0000][1][gc,start     ] GC(5) Pause Remark
[2020-09-11T15:37:52.147+0000][1][gc           ] GC(5) Pause Remark 69M->69M(503M) 162.185ms
[2020-09-11T15:37:52.147+0000][1][gc,cpu       ] GC(5) User=0.04s Sys=0.00s Real=0.16s
[2020-09-11T15:37:52.169+0000][1][safepoint    ] Safepoint "CMS_Final_Remark", Time since last: 715617796 ns, Reaching safepoint: 20097220 ns, At safepoint: 183999879 ns, Total: 204097099 ns
[2020-09-11T15:37:52.169+0000][1][gc           ] GC(5) Concurrent Sweep
[2020-09-11T15:37:52.171+0000][1][gc           ] GC(5) Concurrent Sweep 2.450ms
[2020-09-11T15:37:52.171+0000][1][gc,cpu       ] GC(5) User=0.00s Sys=0.00s Real=0.00s
[2020-09-11T15:37:52.171+0000][1][gc           ] GC(5) Concurrent Reset
[2020-09-11T15:37:52.172+0000][1][gc           ] GC(5) Concurrent Reset 0.636ms
[2020-09-11T15:37:52.172+0000][1][gc,cpu       ] GC(5) User=0.00s Sys=0.00s Real=0.00s
[2020-09-11T15:37:52.172+0000][1][gc,heap      ] GC(5) Old: 9965K->9963K(439104K)
[2020-09-11T15:37:52.331+0000][1][gc,start     ] GC(7) Pause Young (Allocation Failure)
[2020-09-11T15:37:52.331+0000][1][gc,task      ] GC(7) Using 1 workers of 1 for evacuation
[2020-09-11T15:37:52.374+0000][1][gc,age       ] GC(7) Desired survivor size 4358144 bytes, new threshold 4 (max threshold 6)
[2020-09-11T15:37:52.374+0000][1][gc,age       ] GC(7) Age table with threshold 4 (max threshold 6)
[2020-09-11T15:37:52.374+0000][1][gc,age       ] GC(7) - age   1:    1337904 bytes,    1337904 total
[2020-09-11T15:37:52.374+0000][1][gc,age       ] GC(7) - age   2:    1525984 bytes,    2863888 total
[2020-09-11T15:37:52.374+0000][1][gc,age       ] GC(7) - age   3:    1251784 bytes,    4115672 total
[2020-09-11T15:37:52.374+0000][1][gc,age       ] GC(7) - age   4:     351024 bytes,    4466696 total
[2020-09-11T15:37:52.374+0000][1][gc,heap      ] GC(7) ParNew: 74246K->8178K(76672K)
[2020-09-11T15:37:52.374+0000][1][gc,heap      ] GC(7) CMS: 9963K->11008K(439104K)
[2020-09-11T15:37:52.374+0000][1][gc,metaspace ] GC(7) Metaspace: 21243K->21243K(1069056K)
[2020-09-11T15:37:52.374+0000][1][gc           ] GC(7) Pause Young (Allocation Failure) 82M->18M(503M) 43.549ms
[2020-09-11T15:37:52.374+0000][1][gc,cpu       ] GC(7) User=0.01s Sys=0.00s Real=0.05s
[2020-09-11T15:37:52.390+0000][1][safepoint    ] Safepoint "GenCollectForAllocation", Time since last: 161737870 ns, Reaching safepoint: 387789 ns, At safepoint: 59133491 ns, Total: 59521280 ns
[2020-09-11T15:37:52.421+0000][1][safepoint    ] Safepoint "RevokeBias", Time since last: 29123895 ns, Reaching safepoint: 1704012 ns, At safepoint: 62776 ns, Total: 1766788 ns
[2020-09-11T15:37:52.423+0000][1][safepoint    ] Safepoint "RevokeBias", Time since last: 74461 ns, Reaching safepoint: 2387956 ns, At safepoint: 43645 ns, Total: 2431601 ns
[2020-09-11T15:37:52.424+0000][1][safepoint    ] Safepoint "RevokeBias", Time since last: 62499 ns, Reaching safepoint: 707240 ns, At safepoint: 39900 ns, Total: 747140 ns
[2020-09-11T15:37:52.425+0000][1][safepoint    ] Safepoint "RevokeBias", Time since last: 40240 ns, Reaching safepoint: 466063 ns, At safepoint: 37595 ns, Total: 503658 ns
[2020-09-11T15:37:53.247+0000][1][gc,start     ] GC(8) Pause Young (Allocation Failure)
[2020-09-11T15:37:53.247+0000][1][gc,task      ] GC(8) Using 1 workers of 1 for evacuation
[2020-09-11T15:37:53.288+0000][1][gc,age       ] GC(8) Desired survivor size 4358144 bytes, new threshold 4 (max threshold 6)
[2020-09-11T15:37:53.288+0000][1][gc,age       ] GC(8) Age table with threshold 4 (max threshold 6)
[2020-09-11T15:37:53.288+0000][1][gc,age       ] GC(8) - age   1:    1464384 bytes,    1464384 total
[2020-09-11T15:37:53.288+0000][1][gc,age       ] GC(8) - age   2:     445544 bytes,    1909928 total
[2020-09-11T15:37:53.288+0000][1][gc,age       ] GC(8) - age   3:    1524048 bytes,    3433976 total
[2020-09-11T15:37:53.288+0000][1][gc,age       ] GC(8) - age   4:    1251128 bytes,    4685104 total
[2020-09-11T15:37:53.288+0000][1][gc,heap      ] GC(8) ParNew: 76338K->5316K(76672K)
[2020-09-11T15:37:53.288+0000][1][gc,heap      ] GC(8) CMS: 11008K->11356K(439104K)
[2020-09-11T15:37:53.288+0000][1][gc,metaspace ] GC(8) Metaspace: 21423K->21423K(1069056K)
[2020-09-11T15:37:53.288+0000][1][gc           ] GC(8) Pause Young (Allocation Failure) 85M->16M(503M) 40.786ms
[2020-09-11T15:37:53.288+0000][1][gc,cpu       ] GC(8) User=0.01s Sys=0.00s Real=0.04s
[2020-09-11T15:37:53.302+0000][1][safepoint    ] Safepoint "GenCollectForAllocation", Time since last: 822320997 ns, Reaching safepoint: 112497 ns, At safepoint: 55154902 ns, Total: 55267399 ns
[2020-09-11T15:37:53.317+0000][1][safepoint    ] Safepoint "RevokeBias", Time since last: 11851989 ns, Reaching safepoint: 2651958 ns, At safepoint: 349900 ns, Total: 3001858 ns
[2020-09-11T15:37:53.329+0000][1][safepoint    ] Safepoint "RevokeBias", Time since last: 52216 ns, Reaching safepoint: 1555506 ns, At safepoint: 9940987 ns, Total: 11496493 ns
[2020-09-11T15:37:53.329+0000][1][safepoint    ] Safepoint "RevokeBias", Time since last: 83755 ns, Reaching safepoint: 96433 ns, At safepoint: 28660 ns, Total: 125093 ns
[2020-09-11T15:37:53.329+0000][1][safepoint    ] Safepoint "RevokeBias", Time since last: 24619 ns, Reaching safepoint: 77345 ns, At safepoint: 24100 ns, Total: 101445 ns
[2020-09-11T15:37:53.977+0000][1][gc,start     ] GC(9) Pause Young (Allocation Failure)
[2020-09-11T15:37:53.977+0000][1][gc,task      ] GC(9) Using 1 workers of 1 for evacuation
[2020-09-11T15:37:54.031+0000][1][gc,age       ] GC(9) Desired survivor size 4358144 bytes, new threshold 4 (max threshold 6)
[2020-09-11T15:37:54.031+0000][1][gc,age       ] GC(9) Age table with threshold 4 (max threshold 6)
[2020-09-11T15:37:54.031+0000][1][gc,age       ] GC(9) - age   1:    2111088 bytes,    2111088 total
[2020-09-11T15:37:54.031+0000][1][gc,age       ] GC(9) - age   2:     829440 bytes,    2940528 total
[2020-09-11T15:37:54.031+0000][1][gc,age       ] GC(9) - age   3:     445464 bytes,    3385992 total
[2020-09-11T15:37:54.031+0000][1][gc,age       ] GC(9) - age   4:    1524048 bytes,    4910040 total
[2020-09-11T15:37:54.031+0000][1][gc,heap      ] GC(9) ParNew: 73476K->8191K(76672K)
[2020-09-11T15:37:54.031+0000][1][gc,heap      ] GC(9) CMS: 11356K->12591K(439104K)
[2020-09-11T15:37:54.031+0000][1][gc,metaspace ] GC(9) Metaspace: 21514K->21514K(1069056K)
[2020-09-11T15:37:54.031+0000][1][gc           ] GC(9) Pause Young (Allocation Failure) 82M->20M(503M) 54.579ms
[2020-09-11T15:37:54.032+0000][1][gc,cpu       ] GC(9) User=0.02s Sys=0.00s Real=0.05s
[2020-09-11T15:37:54.065+0000][1][safepoint    ] Safepoint "GenCollectForAllocation", Time since last: 647654061 ns, Reaching safepoint: 114188 ns, At safepoint: 87901270 ns, Total: 88015458 ns
[2020-09-11T15:37:54.086+0000][1][safepoint    ] Safepoint "RevokeBias", Time since last: 21526384 ns, Reaching safepoint: 98085 ns, At safepoint: 20626 ns, Total: 118711 ns
[2020-09-11T15:37:54.087+0000][1][safepoint    ] Safepoint "RevokeBias", Time since last: 51299 ns, Reaching safepoint: 79308 ns, At safepoint: 19265 ns, Total: 98573 ns
[2020-09-11T15:37:54.089+0000][1][safepoint    ] Safepoint "RevokeBias", Time since last: 52048 ns, Reaching safepoint: 2161539 ns, At safepoint: 37717 ns, Total: 2199256 ns
[2020-09-11T15:37:54.089+0000][1][safepoint    ] Safepoint "RevokeBias", Time since last: 65309 ns, Reaching safepoint: 80020 ns, At safepoint: 19789 ns, Total: 99809 ns
[2020-09-11T15:37:54.330+0000][1][safepoint    ] Safepoint "RevokeBias", Time since last: 240795829 ns, Reaching safepoint: 105540 ns, At safepoint: 15919 ns, Total: 121459 ns
[2020-09-11T15:37:54.330+0000][1][safepoint    ] Safepoint "RevokeBias", Time since last: 391373 ns, Reaching safepoint: 12792 ns, At safepoint: 8754 ns, Total: 21546 ns
[2020-09-11T15:37:54.785+0000][1][gc,start     ] GC(10) Pause Young (Allocation Failure)
[2020-09-11T15:37:54.785+0000][1][gc,task      ] GC(10) Using 1 workers of 1 for evacuation
[2020-09-11T15:37:54.823+0000][1][gc,age       ] GC(10) Desired survivor size 4358144 bytes, new threshold 6 (max threshold 6)
[2020-09-11T15:37:54.823+0000][1][gc,age       ] GC(10) Age table with threshold 6 (max threshold 6)
[2020-09-11T15:37:54.823+0000][1][gc,age       ] GC(10) - age   1:     428440 bytes,     428440 total
[2020-09-11T15:37:54.823+0000][1][gc,age       ] GC(10) - age   2:     112744 bytes,     541184 total
[2020-09-11T15:37:54.823+0000][1][gc,age       ] GC(10) - age   3:     829440 bytes,    1370624 total
[2020-09-11T15:37:54.823+0000][1][gc,age       ] GC(10) - age   4:     445440 bytes,    1816064 total
[2020-09-11T15:37:54.823+0000][1][gc,heap      ] GC(10) ParNew: 76351K->2822K(76672K)
[2020-09-11T15:37:54.823+0000][1][gc,heap      ] GC(10) CMS: 12591K->14091K(439104K)
[2020-09-11T15:37:54.823+0000][1][gc,metaspace ] GC(10) Metaspace: 21652K->21652K(1069056K)
[2020-09-11T15:37:54.823+0000][1][gc           ] GC(10) Pause Young (Allocation Failure) 86M->16M(503M) 38.080ms
[2020-09-11T15:37:54.823+0000][1][gc,cpu       ] GC(10) User=0.01s Sys=0.00s Real=0.04s
[2020-09-11T15:37:54.845+0000][1][safepoint    ] Safepoint "GenCollectForAllocation", Time since last: 454430688 ns, Reaching safepoint: 118322 ns, At safepoint: 59906761 ns, Total: 60025083 ns
[2020-09-11T15:37:54.861+0000][1][safepoint    ] Safepoint "RevokeBias", Time since last: 16061983 ns, Reaching safepoint: 99569 ns, At safepoint: 33545 ns, Total: 133114 ns
[2020-09-11T15:37:54.861+0000][1][safepoint    ] Safepoint "RevokeBias", Time since last: 52044 ns, Reaching safepoint: 78790 ns, At safepoint: 27744 ns, Total: 106534 ns
[2020-09-11T15:37:54.861+0000][1][safepoint    ] Safepoint "BulkRevokeBias", Time since last: 31040 ns, Reaching safepoint: 77317 ns, At safepoint: 45333 ns, Total: 122650 ns
[2020-09-11T15:37:54.861+0000][1][safepoint    ] Safepoint "BulkRevokeBias", Time since last: 22703 ns, Reaching safepoint: 78093 ns, At safepoint: 40317 ns, Total: 118410 ns
[2020-09-11T15:37:55.862+0000][1][safepoint    ] Safepoint "Cleanup", Time since last: 1000107525 ns, Reaching safepoint: 110467 ns, At safepoint: 6507 ns, Total: 116974 ns
[2020-09-11T15:37:55.985+0000][1][gc,start     ] GC(11) Pause Young (Allocation Failure)
[2020-09-11T15:37:55.985+0000][1][gc,task      ] GC(11) Using 1 workers of 1 for evacuation
[2020-09-11T15:37:56.024+0000][1][gc,age       ] GC(11) Desired survivor size 4358144 bytes, new threshold 6 (max threshold 6)
[2020-09-11T15:37:56.025+0000][1][gc,age       ] GC(11) Age table with threshold 6 (max threshold 6)
[2020-09-11T15:37:56.025+0000][1][gc,age       ] GC(11) - age   1:    1920976 bytes,    1920976 total
[2020-09-11T15:37:56.025+0000][1][gc,age       ] GC(11) - age   2:     405776 bytes,    2326752 total
[2020-09-11T15:37:56.025+0000][1][gc,age       ] GC(11) - age   3:     112640 bytes,    2439392 total
[2020-09-11T15:37:56.025+0000][1][gc,age       ] GC(11) - age   4:     829440 bytes,    3268832 total
[2020-09-11T15:37:56.025+0000][1][gc,age       ] GC(11) - age   5:     445440 bytes,    3714272 total
[2020-09-11T15:37:56.025+0000][1][gc,heap      ] GC(11) ParNew: 70982K->4071K(76672K)
[2020-09-11T15:37:56.025+0000][1][gc,heap      ] GC(11) CMS: 14091K->14091K(439104K)
[2020-09-11T15:37:56.025+0000][1][gc,metaspace ] GC(11) Metaspace: 22569K->22569K(1071104K)
[2020-09-11T15:37:56.025+0000][1][gc           ] GC(11) Pause Young (Allocation Failure) 83M->17M(503M) 39.701ms
[2020-09-11T15:37:56.025+0000][1][gc,cpu       ] GC(11) User=0.01s Sys=0.00s Real=0.04s
[2020-09-11T15:37:56.045+0000][1][safepoint    ] Safepoint "GenCollectForAllocation", Time since last: 123138262 ns, Reaching safepoint: 102643 ns, At safepoint: 59884063 ns, Total: 59986706 ns
[2020-09-11T15:37:56.681+0000][1][gc,start     ] GC(12) Pause Young (Allocation Failure)
[2020-09-11T15:37:56.681+0000][1][gc,task      ] GC(12) Using 1 workers of 1 for evacuation
[2020-09-11T15:37:56.702+0000][1][gc,age       ] GC(12) Desired survivor size 4358144 bytes, new threshold 6 (max threshold 6)
[2020-09-11T15:37:56.702+0000][1][gc,age       ] GC(12) Age table with threshold 6 (max threshold 6)
[2020-09-11T15:37:56.702+0000][1][gc,age       ] GC(12) - age   1:     644720 bytes,     644720 total
[2020-09-11T15:37:56.702+0000][1][gc,age       ] GC(12) - age   2:     575384 bytes,    1220104 total
[2020-09-11T15:37:56.702+0000][1][gc,age       ] GC(12) - age   3:     405776 bytes,    1625880 total
[2020-09-11T15:37:56.702+0000][1][gc,age       ] GC(12) - age   4:     112536 bytes,    1738416 total
[2020-09-11T15:37:56.702+0000][1][gc,age       ] GC(12) - age   5:     829152 bytes,    2567568 total
[2020-09-11T15:37:56.703+0000][1][gc,age       ] GC(12) - age   6:     445440 bytes,    3013008 total
[2020-09-11T15:37:56.703+0000][1][gc,heap      ] GC(12) ParNew: 72231K->3229K(76672K)
[2020-09-11T15:37:56.703+0000][1][gc,heap      ] GC(12) CMS: 14091K->14091K(439104K)
[2020-09-11T15:37:56.703+0000][1][gc,metaspace ] GC(12) Metaspace: 22600K->22600K(1071104K)
[2020-09-11T15:37:56.703+0000][1][gc           ] GC(12) Pause Young (Allocation Failure) 84M->16M(503M) 21.593ms
[2020-09-11T15:37:56.703+0000][1][gc,cpu       ] GC(12) User=0.01s Sys=0.00s Real=0.02s
[2020-09-11T15:37:56.717+0000][1][safepoint    ] Safepoint "GenCollectForAllocation", Time since last: 636056094 ns, Reaching safepoint: 107571 ns, At safepoint: 35844547 ns, Total: 35952118 ns
[2020-09-11T15:37:57.345+0000][1][gc,start     ] GC(13) Pause Young (Allocation Failure)
[2020-09-11T15:37:57.345+0000][1][gc,task      ] GC(13) Using 1 workers of 1 for evacuation
[2020-09-11T15:37:57.410+0000][1][gc,age       ] GC(13) Desired survivor size 4358144 bytes, new threshold 6 (max threshold 6)
[2020-09-11T15:37:57.410+0000][1][gc,age       ] GC(13) Age table with threshold 6 (max threshold 6)
[2020-09-11T15:37:57.410+0000][1][gc,age       ] GC(13) - age   1:    1899624 bytes,    1899624 total
[2020-09-11T15:37:57.410+0000][1][gc,age       ] GC(13) - age   2:     203440 bytes,    2103064 total
[2020-09-11T15:37:57.410+0000][1][gc,age       ] GC(13) - age   3:     575272 bytes,    2678336 total
[2020-09-11T15:37:57.410+0000][1][gc,age       ] GC(13) - age   4:     405776 bytes,    3084112 total
[2020-09-11T15:37:57.410+0000][1][gc,age       ] GC(13) - age   5:     112536 bytes,    3196648 total
[2020-09-11T15:37:57.410+0000][1][gc,age       ] GC(13) - age   6:     829152 bytes,    4025800 total
[2020-09-11T15:37:57.410+0000][1][gc,heap      ] GC(13) ParNew: 71389K->6028K(76672K)
[2020-09-11T15:37:57.410+0000][1][gc,heap      ] GC(13) CMS: 14091K->14530K(439104K)
[2020-09-11T15:37:57.410+0000][1][gc,metaspace ] GC(13) Metaspace: 22700K->22700K(1071104K)
[2020-09-11T15:37:57.410+0000][1][gc           ] GC(13) Pause Young (Allocation Failure) 83M->20M(503M) 65.421ms
[2020-09-11T15:37:57.410+0000][1][gc,cpu       ] GC(13) User=0.02s Sys=0.00s Real=0.06s
[2020-09-11T15:37:57.410+0000][1][safepoint    ] Safepoint "GenCollectForAllocation", Time since last: 627974862 ns, Reaching safepoint: 103962 ns, At safepoint: 65483231 ns, Total: 65587193 ns
[2020-09-11T15:37:58.168+0000][1][gc,start     ] GC(14) Pause Young (Allocation Failure)
[2020-09-11T15:37:58.168+0000][1][gc,task      ] GC(14) Using 1 workers of 1 for evacuation
[2020-09-11T15:37:58.186+0000][1][gc,age       ] GC(14) Desired survivor size 4358144 bytes, new threshold 6 (max threshold 6)
[2020-09-11T15:37:58.186+0000][1][gc,age       ] GC(14) Age table with threshold 6 (max threshold 6)
[2020-09-11T15:37:58.186+0000][1][gc,age       ] GC(14) - age   1:     682000 bytes,     682000 total
[2020-09-11T15:37:58.186+0000][1][gc,age       ] GC(14) - age   2:     103416 bytes,     785416 total
[2020-09-11T15:37:58.186+0000][1][gc,age       ] GC(14) - age   3:     203440 bytes,     988856 total
[2020-09-11T15:37:58.186+0000][1][gc,age       ] GC(14) - age   4:     575272 bytes,    1564128 total
[2020-09-11T15:37:58.186+0000][1][gc,age       ] GC(14) - age   5:     405776 bytes,    1969904 total
[2020-09-11T15:37:58.186+0000][1][gc,age       ] GC(14) - age   6:     112536 bytes,    2082440 total
[2020-09-11T15:37:58.186+0000][1][gc,heap      ] GC(14) ParNew: 74188K->3702K(76672K)
[2020-09-11T15:37:58.186+0000][1][gc,heap      ] GC(14) CMS: 14530K->15345K(439104K)
[2020-09-11T15:37:58.186+0000][1][gc,metaspace ] GC(14) Metaspace: 22780K->22780K(1071104K)
[2020-09-11T15:37:58.186+0000][1][gc           ] GC(14) Pause Young (Allocation Failure) 86M->18M(503M) 17.937ms
[2020-09-11T15:37:58.186+0000][1][gc,cpu       ] GC(14) User=0.01s Sys=0.00s Real=0.02s
[2020-09-11T15:37:58.209+0000][1][safepoint    ] Safepoint "GenCollectForAllocation", Time since last: 753839413 ns, Reaching safepoint: 4158287 ns, At safepoint: 40435974 ns, Total: 44594261 ns
[2020-09-11T15:37:58.848+0000][1][gc,start     ] GC(15) Pause Young (Allocation Failure)
[2020-09-11T15:37:58.848+0000][1][gc,task      ] GC(15) Using 1 workers of 1 for evacuation
[2020-09-11T15:37:58.870+0000][1][gc,age       ] GC(15) Desired survivor size 4358144 bytes, new threshold 6 (max threshold 6)
[2020-09-11T15:37:58.870+0000][1][gc,age       ] GC(15) Age table with threshold 6 (max threshold 6)
[2020-09-11T15:37:58.870+0000][1][gc,age       ] GC(15) - age   1:     194104 bytes,     194104 total
[2020-09-11T15:37:58.870+0000][1][gc,age       ] GC(15) - age   2:     315232 bytes,     509336 total
[2020-09-11T15:37:58.870+0000][1][gc,age       ] GC(15) - age   3:     103416 bytes,     612752 total
[2020-09-11T15:37:58.870+0000][1][gc,age       ] GC(15) - age   4:     203440 bytes,     816192 total
[2020-09-11T15:37:58.870+0000][1][gc,age       ] GC(15) - age   5:     575272 bytes,    1391464 total
[2020-09-11T15:37:58.870+0000][1][gc,age       ] GC(15) - age   6:     405776 bytes,    1797240 total
[2020-09-11T15:37:58.870+0000][1][gc,heap      ] GC(15) ParNew: 71862K->3376K(76672K)
[2020-09-11T15:37:58.870+0000][1][gc,heap      ] GC(15) CMS: 15345K->15459K(439104K)
[2020-09-11T15:37:58.870+0000][1][gc,metaspace ] GC(15) Metaspace: 22867K->22867K(1071104K)
[2020-09-11T15:37:58.870+0000][1][gc           ] GC(15) Pause Young (Allocation Failure) 85M->18M(503M) 22.030ms
[2020-09-11T15:37:58.870+0000][1][gc,cpu       ] GC(15) User=0.01s Sys=0.00s Real=0.02s
[2020-09-11T15:37:58.885+0000][1][safepoint    ] Safepoint "GenCollectForAllocation", Time since last: 638124750 ns, Reaching safepoint: 971979 ns, At safepoint: 36916001 ns, Total: 37887980 ns
[2020-09-11T15:37:59.457+0000][1][gc,start     ] GC(16) Pause Young (Allocation Failure)
[2020-09-11T15:37:59.457+0000][1][gc,task      ] GC(16) Using 1 workers of 1 for evacuation
[2020-09-11T15:37:59.490+0000][1][gc,age       ] GC(16) Desired survivor size 4358144 bytes, new threshold 6 (max threshold 6)
[2020-09-11T15:37:59.490+0000][1][gc,age       ] GC(16) Age table with threshold 6 (max threshold 6)
[2020-09-11T15:37:59.490+0000][1][gc,age       ] GC(16) - age   1:    1821648 bytes,    1821648 total
[2020-09-11T15:37:59.490+0000][1][gc,age       ] GC(16) - age   2:     165952 bytes,    1987600 total
[2020-09-11T15:37:59.490+0000][1][gc,age       ] GC(16) - age   3:     315232 bytes,    2302832 total
[2020-09-11T15:37:59.490+0000][1][gc,age       ] GC(16) - age   4:     103416 bytes,    2406248 total
[2020-09-11T15:37:59.490+0000][1][gc,age       ] GC(16) - age   5:     203288 bytes,    2609536 total
[2020-09-11T15:37:59.490+0000][1][gc,age       ] GC(16) - age   6:     575272 bytes,    3184808 total
[2020-09-11T15:37:59.490+0000][1][gc,heap      ] GC(16) ParNew: 71536K->3240K(76672K)
[2020-09-11T15:37:59.490+0000][1][gc,heap      ] GC(16) CMS: 15459K->15860K(439104K)
[2020-09-11T15:37:59.490+0000][1][gc,metaspace ] GC(16) Metaspace: 22886K->22886K(1071104K)
[2020-09-11T15:37:59.490+0000][1][gc           ] GC(16) Pause Young (Allocation Failure) 84M->18M(503M) 33.129ms
[2020-09-11T15:37:59.490+0000][1][gc,cpu       ] GC(16) User=0.01s Sys=0.00s Real=0.03s
[2020-09-11T15:37:59.519+0000][1][safepoint    ] Safepoint "GenCollectForAllocation", Time since last: 563414993 ns, Reaching safepoint: 8573608 ns, At safepoint: 62075401 ns, Total: 70649009 ns
[2020-09-11T15:37:59.625+0000][1][safepoint    ] Safepoint "Deoptimize", Time since last: 106272908 ns, Reaching safepoint: 103097 ns, At safepoint: 242279 ns, Total: 345376 ns
[2020-09-11T15:38:00.629+0000][1][safepoint    ] Safepoint "Cleanup", Time since last: 1003266348 ns, Reaching safepoint: 129014 ns, At safepoint: 6335 ns, Total: 135349 ns
[2020-09-11T15:38:01.275+0000][1][safepoint    ] Safepoint "RevokeBias", Time since last: 645418172 ns, Reaching safepoint: 226377 ns, At safepoint: 15176 ns, Total: 241553 ns
[2020-09-11T15:38:02.285+0000][1][safepoint    ] Safepoint "Cleanup", Time since last: 1008282111 ns, Reaching safepoint: 1970111 ns, At safepoint: 9440 ns, Total: 1979551 ns
[2020-09-11T15:38:03.069+0000][1][safepoint    ] Safepoint "Deoptimize", Time since last: 783989353 ns, Reaching safepoint: 123550 ns, At safepoint: 244426 ns, Total: 367976 ns
[2020-09-11T15:38:04.075+0000][1][safepoint    ] Safepoint "Cleanup", Time since last: 1005701855 ns, Reaching safepoint: 310504 ns, At safepoint: 8266 ns, Total: 318770 ns
[2020-09-11T15:38:04.845+0000][1][safepoint    ] Safepoint "RevokeBias", Time since last: 769591122 ns, Reaching safepoint: 111908 ns, At safepoint: 35395 ns, Total: 147303 ns
[2020-09-11T15:38:05.865+0000][1][safepoint    ] Safepoint "Cleanup", Time since last: 1015831942 ns, Reaching safepoint: 4059328 ns, At safepoint: 15386 ns, Total: 4074714 ns
[2020-09-11T15:38:06.873+0000][1][safepoint    ] Safepoint "Cleanup", Time since last: 1007953637 ns, Reaching safepoint: 123915 ns, At safepoint: 6396 ns, Total: 130311 ns
[2020-09-11T15:38:06.957+0000][1][gc,start     ] GC(17) Pause Young (Allocation Failure)
[2020-09-11T15:38:06.957+0000][1][gc,task      ] GC(17) Using 1 workers of 1 for evacuation
[2020-09-11T15:38:07.066+0000][1][gc,age       ] GC(17) Desired survivor size 4358144 bytes, new threshold 1 (max threshold 6)
[2020-09-11T15:38:07.066+0000][1][gc,age       ] GC(17) Age table with threshold 1 (max threshold 6)
[2020-09-11T15:38:07.066+0000][1][gc,age       ] GC(17) - age   1:    7846456 bytes,    7846456 total
[2020-09-11T15:38:07.066+0000][1][gc,age       ] GC(17) - age   2:      96584 bytes,    7943040 total
[2020-09-11T15:38:07.066+0000][1][gc,age       ] GC(17) - age   3:     163392 bytes,    8106432 total
[2020-09-11T15:38:07.066+0000][1][gc,age       ] GC(17) - age   4:     307648 bytes,    8414080 total
[2020-09-11T15:38:07.066+0000][1][gc,age       ] GC(17) - age   5:     100656 bytes,    8514736 total
[2020-09-11T15:38:07.066+0000][1][gc,age       ] GC(17) - age   6:     200216 bytes,    8714952 total
[2020-09-11T15:38:07.066+0000][1][gc,heap      ] GC(17) ParNew: 71400K->8512K(76672K)
[2020-09-11T15:38:07.066+0000][1][gc,heap      ] GC(17) CMS: 15860K->16708K(439104K)
[2020-09-11T15:38:07.066+0000][1][gc,metaspace ] GC(17) Metaspace: 29726K->29726K(1077248K)
[2020-09-11T15:38:07.066+0000][1][gc           ] GC(17) Pause Young (Allocation Failure) 85M->24M(503M) 109.163ms
[2020-09-11T15:38:07.066+0000][1][gc,cpu       ] GC(17) User=0.03s Sys=0.00s Real=0.11s
[2020-09-11T15:38:07.084+0000][1][safepoint    ] Safepoint "GenCollectForAllocation", Time since last: 83876955 ns, Reaching safepoint: 110382 ns, At safepoint: 127099993 ns, Total: 127210375 ns
[2020-09-11T15:38:08.097+0000][1][safepoint    ] Safepoint "Cleanup", Time since last: 1008807448 ns, Reaching safepoint: 3971753 ns, At safepoint: 10497 ns, Total: 3982250 ns
[2020-09-11T15:38:10.118+0000][1][safepoint    ] Safepoint "Cleanup", Time since last: 2019970900 ns, Reaching safepoint: 844456 ns, At safepoint: 6181 ns, Total: 850637 ns
[2020-09-11T15:38:11.121+0000][1][safepoint    ] Safepoint "Cleanup", Time since last: 1003175926 ns, Reaching safepoint: 120403 ns, At safepoint: 7287 ns, Total: 127690 ns
[2020-09-11T15:38:12.133+0000][1][safepoint    ] Safepoint "Cleanup", Time since last: 1011846861 ns, Reaching safepoint: 108240 ns, At safepoint: 6637 ns, Total: 114877 ns
[2020-09-11T15:38:13.085+0000][1][gc,start     ] GC(18) Pause Young (Allocation Failure)
[2020-09-11T15:38:13.112+0000][1][gc,task      ] GC(18) Using 1 workers of 1 for evacuation
[2020-09-11T15:38:13.294+0000][1][gc,age       ] GC(18) Desired survivor size 4358144 bytes, new threshold 1 (max threshold 6)
[2020-09-11T15:38:13.294+0000][1][gc,age       ] GC(18) Age table with threshold 1 (max threshold 6)
[2020-09-11T15:38:13.294+0000][1][gc,age       ] GC(18) - age   1:    8185264 bytes,    8185264 total
[2020-09-11T15:38:13.294+0000][1][gc,heap      ] GC(18) ParNew: 76672K->8512K(76672K)
[2020-09-11T15:38:13.294+0000][1][gc,heap      ] GC(18) CMS: 16708K->25569K(439104K)
[2020-09-11T15:38:13.294+0000][1][gc,metaspace ] GC(18) Metaspace: 29841K->29841K(1077248K)
[2020-09-11T15:38:13.294+0000][1][gc           ] GC(18) Pause Young (Allocation Failure) 91M->33M(503M) 209.295ms
[2020-09-11T15:38:13.294+0000][1][gc,cpu       ] GC(18) User=0.05s Sys=0.00s Real=0.21s
[2020-09-11T15:38:13.321+0000][1][safepoint    ] Safepoint "GenCollectForAllocation", Time since last: 947890594 ns, Reaching safepoint: 4035516 ns, At safepoint: 235942572 ns, Total: 239978088 ns
[2020-09-11T15:38:14.349+0000][1][safepoint    ] Safepoint "Cleanup", Time since last: 1028029428 ns, Reaching safepoint: 116711 ns, At safepoint: 7764 ns, Total: 124475 ns
[2020-09-11T15:38:17.381+0000][1][safepoint    ] Safepoint "Cleanup", Time since last: 3031848408 ns, Reaching safepoint: 130430 ns, At safepoint: 6134 ns, Total: 136564 ns
[2020-09-11T15:38:17.605+0000][1][gc,start     ] GC(19) Pause Young (Allocation Failure)
[2020-09-11T15:38:17.605+0000][1][gc,task      ] GC(19) Using 1 workers of 1 for evacuation
[2020-09-11T15:38:17.882+0000][1][gc,age       ] GC(19) Desired survivor size 4358144 bytes, new threshold 1 (max threshold 6)
[2020-09-11T15:38:17.882+0000][1][gc,age       ] GC(19) Age table with threshold 1 (max threshold 6)
[2020-09-11T15:38:17.882+0000][1][gc,age       ] GC(19) - age   1:    8716248 bytes,    8716248 total
[2020-09-11T15:38:17.882+0000][1][gc,heap      ] GC(19) ParNew: 76672K->8512K(76672K)
[2020-09-11T15:38:17.882+0000][1][gc,heap      ] GC(19) CMS: 25569K->33531K(439104K)
[2020-09-11T15:38:17.882+0000][1][gc,metaspace ] GC(19) Metaspace: 29902K->29902K(1077248K)
[2020-09-11T15:38:17.882+0000][1][gc           ] GC(19) Pause Young (Allocation Failure) 99M->41M(503M) 276.728ms
[2020-09-11T15:38:17.882+0000][1][gc,cpu       ] GC(19) User=0.07s Sys=0.00s Real=0.28s
[2020-09-11T15:38:17.917+0000][1][safepoint    ] Safepoint "GenCollectForAllocation", Time since last: 223887697 ns, Reaching safepoint: 95801 ns, At safepoint: 311909518 ns, Total: 312005319 ns
[2020-09-11T15:38:18.928+0000][1][safepoint    ] Safepoint "Cleanup", Time since last: 1011182249 ns, Reaching safepoint: 42641 ns, At safepoint: 6716 ns, Total: 49357 ns
[2020-09-11T15:38:19.931+0000][1][safepoint    ] Safepoint "Cleanup", Time since last: 1002690945 ns, Reaching safepoint: 84746 ns, At safepoint: 5449 ns, Total: 90195 ns
[2020-09-11T15:38:20.732+0000][1][safepoint    ] Safepoint "RevokeBias", Time since last: 801158020 ns, Reaching safepoint: 164964 ns, At safepoint: 39161 ns, Total: 204125 ns
[2020-09-11T15:38:21.745+0000][1][safepoint    ] Safepoint "Cleanup", Time since last: 1012620791 ns, Reaching safepoint: 112505 ns, At safepoint: 7114 ns, Total: 119619 ns
[2020-09-11T15:38:21.778+0000][1][gc,start     ] GC(20) Pause Young (Allocation Failure)
[2020-09-11T15:38:21.778+0000][1][gc,task      ] GC(20) Using 1 workers of 1 for evacuation
[2020-09-11T15:38:21.906+0000][1][gc,age       ] GC(20) Desired survivor size 4358144 bytes, new threshold 6 (max threshold 6)
[2020-09-11T15:38:21.906+0000][1][gc,age       ] GC(20) Age table with threshold 6 (max threshold 6)
[2020-09-11T15:38:21.906+0000][1][gc,age       ] GC(20) - age   1:    3722168 bytes,    3722168 total
[2020-09-11T15:38:21.906+0000][1][gc,heap      ] GC(20) ParNew: 76672K->8322K(76672K)
[2020-09-11T15:38:21.906+0000][1][gc,heap      ] GC(20) CMS: 33531K->42029K(439104K)
[2020-09-11T15:38:21.906+0000][1][gc,metaspace ] GC(20) Metaspace: 32132K->32132K(1079296K)
[2020-09-11T15:38:21.906+0000][1][gc           ] GC(20) Pause Young (Allocation Failure) 107M->49M(503M) 128.551ms
[2020-09-11T15:38:21.906+0000][1][gc,cpu       ] GC(20) User=0.04s Sys=0.00s Real=0.13s
[2020-09-11T15:38:21.925+0000][1][safepoint    ] Safepoint "GenCollectForAllocation", Time since last: 32777385 ns, Reaching safepoint: 105575 ns, At safepoint: 147028450 ns, Total: 147134025 ns
[2020-09-11T15:38:22.382+0000][1][safepoint    ] Safepoint "Deoptimize", Time since last: 456885203 ns, Reaching safepoint: 123360 ns, At safepoint: 260760 ns, Total: 384120 ns
[2020-09-11T15:38:23.389+0000][1][safepoint    ] Safepoint "Cleanup", Time since last: 1006705191 ns, Reaching safepoint: 125248 ns, At safepoint: 6352 ns, Total: 131600 ns
[2020-09-11T15:38:24.392+0000][1][safepoint    ] Safepoint "Cleanup", Time since last: 1003185779 ns, Reaching safepoint: 120747 ns, At safepoint: 5393 ns, Total: 126140 ns
[2020-09-11T15:38:25.392+0000][1][safepoint    ] Safepoint "Cleanup", Time since last: 1000110129 ns, Reaching safepoint: 114866 ns, At safepoint: 6769 ns, Total: 121635 ns
[2020-09-11T15:38:26.445+0000][1][safepoint    ] Safepoint "RevokeBias", Time since last: 1052338908 ns, Reaching safepoint: 108662 ns, At safepoint: 40798 ns, Total: 149460 ns
[2020-09-11T15:38:26.449+0000][1][safepoint    ] Safepoint "Deoptimize", Time since last: 3851405 ns, Reaching safepoint: 93486 ns, At safepoint: 276456 ns, Total: 369942 ns
[2020-09-11T15:38:27.421+0000][1][gc,start     ] GC(21) Pause Young (Allocation Failure)
[2020-09-11T15:38:27.421+0000][1][gc,task      ] GC(21) Using 1 workers of 1 for evacuation
[2020-09-11T15:38:27.460+0000][1][gc,age       ] GC(21) Desired survivor size 4358144 bytes, new threshold 2 (max threshold 6)
[2020-09-11T15:38:27.460+0000][1][gc,age       ] GC(21) Age table with threshold 2 (max threshold 6)
[2020-09-11T15:38:27.460+0000][1][gc,age       ] GC(21) - age   1:    1040632 bytes,    1040632 total
[2020-09-11T15:38:27.460+0000][1][gc,age       ] GC(21) - age   2:    3628464 bytes,    4669096 total
[2020-09-11T15:38:27.460+0000][1][gc,heap      ] GC(21) ParNew: 76482K->6887K(76672K)
[2020-09-11T15:38:27.460+0000][1][gc,heap      ] GC(21) CMS: 42029K->42029K(439104K)
[2020-09-11T15:38:27.460+0000][1][gc,metaspace ] GC(21) Metaspace: 32434K->32434K(1079296K)
[2020-09-11T15:38:27.460+0000][1][gc           ] GC(21) Pause Young (Allocation Failure) 115M->47M(503M) 39.493ms
[2020-09-11T15:38:27.460+0000][1][gc,cpu       ] GC(21) User=0.01s Sys=0.00s Real=0.03s
[2020-09-11T15:38:27.484+0000][1][safepoint    ] Safepoint "GenCollectForAllocation", Time since last: 967919854 ns, Reaching safepoint: 3718098 ns, At safepoint: 63573124 ns, Total: 67291222 ns
[2020-09-11T15:38:28.501+0000][1][safepoint    ] Safepoint "Cleanup", Time since last: 1016468234 ns, Reaching safepoint: 111784 ns, At safepoint: 6402 ns, Total: 118186 ns
[2020-09-11T15:38:28.676+0000][1][gc,start     ] GC(22) Pause Young (Allocation Failure)
[2020-09-11T15:38:28.676+0000][1][gc,task      ] GC(22) Using 1 workers of 1 for evacuation
[2020-09-11T15:38:28.719+0000][1][gc,age       ] GC(22) Desired survivor size 4358144 bytes, new threshold 6 (max threshold 6)
[2020-09-11T15:38:28.719+0000][1][gc,age       ] GC(22) Age table with threshold 6 (max threshold 6)
[2020-09-11T15:38:28.719+0000][1][gc,age       ] GC(22) - age   1:     249696 bytes,     249696 total
[2020-09-11T15:38:28.719+0000][1][gc,age       ] GC(22) - age   2:     438024 bytes,     687720 total
[2020-09-11T15:38:28.719+0000][1][gc,heap      ] GC(22) ParNew: 75047K->4280K(76672K)
[2020-09-11T15:38:28.719+0000][1][gc,heap      ] GC(22) CMS: 42029K->45590K(439104K)
[2020-09-11T15:38:28.719+0000][1][gc,metaspace ] GC(22) Metaspace: 32447K->32447K(1079296K)
[2020-09-11T15:38:28.719+0000][1][gc           ] GC(22) Pause Young (Allocation Failure) 114M->48M(503M) 42.520ms
[2020-09-11T15:38:28.719+0000][1][gc,cpu       ] GC(22) User=0.02s Sys=0.00s Real=0.04s
[2020-09-11T15:38:28.750+0000][1][safepoint    ] Safepoint "GenCollectForAllocation", Time since last: 171830811 ns, Reaching safepoint: 3539452 ns, At safepoint: 73921836 ns, Total: 77461288 ns
[2020-09-11T15:38:29.477+0000][1][gc,start     ] GC(23) Pause Young (Allocation Failure)
[2020-09-11T15:38:29.477+0000][1][gc,task      ] GC(23) Using 1 workers of 1 for evacuation
[2020-09-11T15:38:29.480+0000][1][gc,age       ] GC(23) Desired survivor size 4358144 bytes, new threshold 6 (max threshold 6)
[2020-09-11T15:38:29.480+0000][1][gc,age       ] GC(23) Age table with threshold 6 (max threshold 6)
[2020-09-11T15:38:29.480+0000][1][gc,age       ] GC(23) - age   1:         24 bytes,         24 total
[2020-09-11T15:38:29.480+0000][1][gc,age       ] GC(23) - age   2:     249432 bytes,     249456 total
[2020-09-11T15:38:29.480+0000][1][gc,age       ] GC(23) - age   3:     438024 bytes,     687480 total
[2020-09-11T15:38:29.480+0000][1][gc,heap      ] GC(23) ParNew: 72440K->1196K(76672K)
[2020-09-11T15:38:29.480+0000][1][gc,heap      ] GC(23) CMS: 45590K->45590K(439104K)
[2020-09-11T15:38:29.480+0000][1][gc,metaspace ] GC(23) Metaspace: 32448K->32448K(1079296K)
[2020-09-11T15:38:29.480+0000][1][gc           ] GC(23) Pause Young (Allocation Failure) 115M->45M(503M) 2.664ms
[2020-09-11T15:38:29.480+0000][1][gc,cpu       ] GC(23) User=0.01s Sys=0.00s Real=0.00s
[2020-09-11T15:38:29.485+0000][1][safepoint    ] Safepoint "GenCollectForAllocation", Time since last: 726900155 ns, Reaching safepoint: 95857 ns, At safepoint: 7524233 ns, Total: 7620090 ns
[2020-09-11T15:38:30.131+0000][1][gc,start     ] GC(24) Pause Young (Allocation Failure)
[2020-09-11T15:38:30.131+0000][1][gc,task      ] GC(24) Using 1 workers of 1 for evacuation
[2020-09-11T15:38:30.138+0000][1][gc,age       ] GC(24) Desired survivor size 4358144 bytes, new threshold 6 (max threshold 6)
[2020-09-11T15:38:30.138+0000][1][gc,age       ] GC(24) Age table with threshold 6 (max threshold 6)
[2020-09-11T15:38:30.138+0000][1][gc,age       ] GC(24) - age   1:        240 bytes,        240 total
[2020-09-11T15:38:30.138+0000][1][gc,age       ] GC(24) - age   3:     249432 bytes,     249672 total
[2020-09-11T15:38:30.138+0000][1][gc,age       ] GC(24) - age   4:     438024 bytes,     687696 total
[2020-09-11T15:38:30.138+0000][1][gc,heap      ] GC(24) ParNew: 69356K->1101K(76672K)
[2020-09-11T15:38:30.138+0000][1][gc,heap      ] GC(24) CMS: 45590K->45590K(439104K)
[2020-09-11T15:38:30.138+0000][1][gc,metaspace ] GC(24) Metaspace: 32450K->32450K(1079296K)
[2020-09-11T15:38:30.138+0000][1][gc           ] GC(24) Pause Young (Allocation Failure) 112M->45M(503M) 6.976ms
[2020-09-11T15:38:30.138+0000][1][gc,cpu       ] GC(24) User=0.00s Sys=0.00s Real=0.01s
[2020-09-11T15:38:30.150+0000][1][safepoint    ] Safepoint "GenCollectForAllocation", Time since last: 646091900 ns, Reaching safepoint: 107073 ns, At safepoint: 19023489 ns, Total: 19130562 ns
[2020-09-11T15:38:30.641+0000][1][gc,start     ] GC(25) Pause Young (Allocation Failure)
[2020-09-11T15:38:30.641+0000][1][gc,task      ] GC(25) Using 1 workers of 1 for evacuation
[2020-09-11T15:38:30.644+0000][1][gc,age       ] GC(25) Desired survivor size 4358144 bytes, new threshold 6 (max threshold 6)
[2020-09-11T15:38:30.644+0000][1][gc,age       ] GC(25) Age table with threshold 6 (max threshold 6)
[2020-09-11T15:38:30.644+0000][1][gc,age       ] GC(25) - age   1:        184 bytes,        184 total
[2020-09-11T15:38:30.644+0000][1][gc,age       ] GC(25) - age   4:     249432 bytes,     249616 total
[2020-09-11T15:38:30.644+0000][1][gc,age       ] GC(25) - age   5:     438024 bytes,     687640 total
[2020-09-11T15:38:30.644+0000][1][gc,heap      ] GC(25) ParNew: 69261K->1282K(76672K)
[2020-09-11T15:38:30.644+0000][1][gc,heap      ] GC(25) CMS: 45590K->45590K(439104K)
[2020-09-11T15:38:30.644+0000][1][gc,metaspace ] GC(25) Metaspace: 32450K->32450K(1079296K)
[2020-09-11T15:38:30.644+0000][1][gc           ] GC(25) Pause Young (Allocation Failure) 112M->45M(503M) 2.703ms
[2020-09-11T15:38:30.644+0000][1][gc,cpu       ] GC(25) User=0.00s Sys=0.00s Real=0.00s
[2020-09-11T15:38:30.653+0000][1][safepoint    ] Safepoint "GenCollectForAllocation", Time since last: 490802242 ns, Reaching safepoint: 112944 ns, At safepoint: 11891505 ns, Total: 12004449 ns
[2020-09-11T15:38:31.109+0000][1][gc,start     ] GC(26) Pause Young (Allocation Failure)
[2020-09-11T15:38:31.109+0000][1][gc,task      ] GC(26) Using 1 workers of 1 for evacuation
[2020-09-11T15:38:31.112+0000][1][gc,age       ] GC(26) Desired survivor size 4358144 bytes, new threshold 6 (max threshold 6)
[2020-09-11T15:38:31.112+0000][1][gc,age       ] GC(26) Age table with threshold 6 (max threshold 6)
[2020-09-11T15:38:31.112+0000][1][gc,age       ] GC(26) - age   1:        128 bytes,        128 total
[2020-09-11T15:38:31.112+0000][1][gc,age       ] GC(26) - age   5:     249432 bytes,     249560 total
[2020-09-11T15:38:31.112+0000][1][gc,age       ] GC(26) - age   6:     438024 bytes,     687584 total
[2020-09-11T15:38:31.112+0000][1][gc,heap      ] GC(26) ParNew: 69442K->824K(76672K)
[2020-09-11T15:38:31.112+0000][1][gc,heap      ] GC(26) CMS: 45590K->45590K(439104K)
[2020-09-11T15:38:31.112+0000][1][gc,metaspace ] GC(26) Metaspace: 32450K->32450K(1079296K)
[2020-09-11T15:38:31.112+0000][1][gc           ] GC(26) Pause Young (Allocation Failure) 112M->45M(503M) 2.669ms
[2020-09-11T15:38:31.112+0000][1][gc,cpu       ] GC(26) User=0.00s Sys=0.00s Real=0.00s
[2020-09-11T15:38:31.117+0000][1][safepoint    ] Safepoint "GenCollectForAllocation", Time since last: 456051239 ns, Reaching safepoint: 107939 ns, At safepoint: 7817491 ns, Total: 7925430 ns
[2020-09-11T15:38:31.541+0000][1][gc,start     ] GC(27) Pause Young (Allocation Failure)
[2020-09-11T15:38:31.541+0000][1][gc,task      ] GC(27) Using 1 workers of 1 for evacuation
[2020-09-11T15:38:31.544+0000][1][gc,age       ] GC(27) Desired survivor size 4358144 bytes, new threshold 6 (max threshold 6)
[2020-09-11T15:38:31.544+0000][1][gc,age       ] GC(27) Age table with threshold 6 (max threshold 6)
[2020-09-11T15:38:31.544+0000][1][gc,age       ] GC(27) - age   1:        216 bytes,        216 total
[2020-09-11T15:38:31.544+0000][1][gc,age       ] GC(27) - age   6:     249432 bytes,     249648 total
[2020-09-11T15:38:31.544+0000][1][gc,heap      ] GC(27) ParNew: 68984K->606K(76672K)
[2020-09-11T15:38:31.544+0000][1][gc,heap      ] GC(27) CMS: 45590K->46018K(439104K)
[2020-09-11T15:38:31.544+0000][1][gc,metaspace ] GC(27) Metaspace: 32450K->32450K(1079296K)
[2020-09-11T15:38:31.544+0000][1][gc           ] GC(27) Pause Young (Allocation Failure) 111M->45M(503M) 2.785ms
[2020-09-11T15:38:31.544+0000][1][gc,cpu       ] GC(27) User=0.00s Sys=0.00s Real=0.00s
[2020-09-11T15:38:31.556+0000][1][safepoint    ] Safepoint "GenCollectForAllocation", Time since last: 424427355 ns, Reaching safepoint: 96713 ns, At safepoint: 14665934 ns, Total: 14762647 ns
[2020-09-11T15:38:31.949+0000][1][gc,start     ] GC(28) Pause Young (Allocation Failure)
[2020-09-11T15:38:31.949+0000][1][gc,task      ] GC(28) Using 1 workers of 1 for evacuation
[2020-09-11T15:38:31.951+0000][1][gc,age       ] GC(28) Desired survivor size 4358144 bytes, new threshold 6 (max threshold 6)
[2020-09-11T15:38:31.951+0000][1][gc,age       ] GC(28) Age table with threshold 6 (max threshold 6)
[2020-09-11T15:38:31.951+0000][1][gc,heap      ] GC(28) ParNew: 68766K->0K(76672K)
[2020-09-11T15:38:31.951+0000][1][gc,heap      ] GC(28) CMS: 46018K->46262K(439104K)
[2020-09-11T15:38:31.951+0000][1][gc,metaspace ] GC(28) Metaspace: 32450K->32450K(1079296K)
[2020-09-11T15:38:31.952+0000][1][gc           ] GC(28) Pause Young (Allocation Failure) 112M->45M(503M) 2.610ms
[2020-09-11T15:38:31.952+0000][1][gc,cpu       ] GC(28) User=0.00s Sys=0.00s Real=0.00s
[2020-09-11T15:38:31.957+0000][1][safepoint    ] Safepoint "GenCollectForAllocation", Time since last: 392817307 ns, Reaching safepoint: 98779 ns, At safepoint: 7879537 ns, Total: 7978316 ns
[2020-09-11T15:38:32.355+0000][1][gc,start     ] GC(29) Pause Young (Allocation Failure)
[2020-09-11T15:38:32.355+0000][1][gc,task      ] GC(29) Using 1 workers of 1 for evacuation
[2020-09-11T15:38:32.362+0000][1][gc,age       ] GC(29) Desired survivor size 4358144 bytes, new threshold 6 (max threshold 6)
[2020-09-11T15:38:32.362+0000][1][gc,age       ] GC(29) Age table with threshold 6 (max threshold 6)
[2020-09-11T15:38:32.362+0000][1][gc,age       ] GC(29) - age   1:        232 bytes,        232 total
[2020-09-11T15:38:32.363+0000][1][gc,heap      ] GC(29) ParNew: 68160K->60K(76672K)
[2020-09-11T15:38:32.363+0000][1][gc,heap      ] GC(29) CMS: 46262K->46262K(439104K)
[2020-09-11T15:38:32.363+0000][1][gc,metaspace ] GC(29) Metaspace: 32450K->32450K(1079296K)
[2020-09-11T15:38:32.363+0000][1][gc           ] GC(29) Pause Young (Allocation Failure) 111M->45M(503M) 7.549ms
[2020-09-11T15:38:32.363+0000][1][gc,cpu       ] GC(29) User=0.01s Sys=0.00s Real=0.01s
[2020-09-11T15:38:32.365+0000][1][safepoint    ] Safepoint "GenCollectForAllocation", Time since last: 398098822 ns, Reaching safepoint: 105222 ns, At safepoint: 9799679 ns, Total: 9904901 ns
[2020-09-11T15:38:32.761+0000][1][gc,start     ] GC(30) Pause Young (Allocation Failure)
[2020-09-11T15:38:32.761+0000][1][gc,task      ] GC(30) Using 1 workers of 1 for evacuation
[2020-09-11T15:38:32.763+0000][1][gc,age       ] GC(30) Desired survivor size 4358144 bytes, new threshold 6 (max threshold 6)
[2020-09-11T15:38:32.763+0000][1][gc,age       ] GC(30) Age table with threshold 6 (max threshold 6)
[2020-09-11T15:38:32.763+0000][1][gc,age       ] GC(30) - age   1:         72 bytes,         72 total
[2020-09-11T15:38:32.763+0000][1][gc,heap      ] GC(30) ParNew: 68220K->15K(76672K)
[2020-09-11T15:38:32.763+0000][1][gc,heap      ] GC(30) CMS: 46262K->46262K(439104K)
[2020-09-11T15:38:32.763+0000][1][gc,metaspace ] GC(30) Metaspace: 32450K->32450K(1079296K)
[2020-09-11T15:38:32.763+0000][1][gc           ] GC(30) Pause Young (Allocation Failure) 111M->45M(503M) 2.210ms
[2020-09-11T15:38:32.763+0000][1][gc,cpu       ] GC(30) User=0.00s Sys=0.00s Real=0.00s
[2020-09-11T15:38:32.773+0000][1][safepoint    ] Safepoint "GenCollectForAllocation", Time since last: 396376268 ns, Reaching safepoint: 98742 ns, At safepoint: 11520707 ns, Total: 11619449 ns
[2020-09-11T15:38:33.037+0000][1][gc,start     ] GC(31) Pause Young (Allocation Failure)
[2020-09-11T15:38:33.037+0000][1][gc,task      ] GC(31) Using 1 workers of 1 for evacuation
[2020-09-11T15:38:33.039+0000][1][gc,age       ] GC(31) Desired survivor size 4358144 bytes, new threshold 6 (max threshold 6)
[2020-09-11T15:38:33.039+0000][1][gc,age       ] GC(31) Age table with threshold 6 (max threshold 6)
[2020-09-11T15:38:33.039+0000][1][gc,age       ] GC(31) - age   1:        240 bytes,        240 total
[2020-09-11T15:38:33.039+0000][1][gc,heap      ] GC(31) ParNew: 68175K->3K(76672K)
[2020-09-11T15:38:33.039+0000][1][gc,heap      ] GC(31) CMS: 46262K->46262K(439104K)
[2020-09-11T15:38:33.039+0000][1][gc,metaspace ] GC(31) Metaspace: 32450K->32450K(1079296K)
[2020-09-11T15:38:33.039+0000][1][gc           ] GC(31) Pause Young (Allocation Failure) 111M->45M(503M) 2.263ms
[2020-09-11T15:38:33.039+0000][1][gc,cpu       ] GC(31) User=0.01s Sys=0.00s Real=0.00s
[2020-09-11T15:38:33.045+0000][1][safepoint    ] Safepoint "GenCollectForAllocation", Time since last: 256008852 ns, Reaching safepoint: 8026681 ns, At safepoint: 7971421 ns, Total: 15998102 ns
[2020-09-11T15:38:33.240+0000][1][gc,start     ] GC(32) Pause Young (Allocation Failure)
[2020-09-11T15:38:33.240+0000][1][gc,task      ] GC(32) Using 1 workers of 1 for evacuation
[2020-09-11T15:38:33.242+0000][1][gc,age       ] GC(32) Desired survivor size 4358144 bytes, new threshold 6 (max threshold 6)
[2020-09-11T15:38:33.242+0000][1][gc,age       ] GC(32) Age table with threshold 6 (max threshold 6)
[2020-09-11T15:38:33.242+0000][1][gc,age       ] GC(32) - age   1:         24 bytes,         24 total
[2020-09-11T15:38:33.242+0000][1][gc,heap      ] GC(32) ParNew: 68163K->2K(76672K)
[2020-09-11T15:38:33.242+0000][1][gc,heap      ] GC(32) CMS: 46262K->46262K(439104K)
[2020-09-11T15:38:33.242+0000][1][gc,metaspace ] GC(32) Metaspace: 32450K->32450K(1079296K)
[2020-09-11T15:38:33.242+0000][1][gc           ] GC(32) Pause Young (Allocation Failure) 111M->45M(503M) 2.228ms
[2020-09-11T15:38:33.242+0000][1][gc,cpu       ] GC(32) User=0.01s Sys=0.00s Real=0.01s
[2020-09-11T15:38:33.248+0000][1][safepoint    ] Safepoint "GenCollectForAllocation", Time since last: 191006929 ns, Reaching safepoint: 4001662 ns, At safepoint: 7940839 ns, Total: 11942501 ns
[2020-09-11T15:38:33.453+0000][1][gc,start     ] GC(33) Pause Young (Allocation Failure)
[2020-09-11T15:38:33.453+0000][1][gc,task      ] GC(33) Using 1 workers of 1 for evacuation
[2020-09-11T15:38:33.455+0000][1][gc,age       ] GC(33) Desired survivor size 4358144 bytes, new threshold 6 (max threshold 6)
[2020-09-11T15:38:33.455+0000][1][gc,age       ] GC(33) Age table with threshold 6 (max threshold 6)
[2020-09-11T15:38:33.455+0000][1][gc,heap      ] GC(33) ParNew: 68162K->0K(76672K)
[2020-09-11T15:38:33.455+0000][1][gc,heap      ] GC(33) CMS: 46262K->46262K(439104K)
[2020-09-11T15:38:33.455+0000][1][gc,metaspace ] GC(33) Metaspace: 32450K->32450K(1079296K)
[2020-09-11T15:38:33.455+0000][1][gc           ] GC(33) Pause Young (Allocation Failure) 111M->45M(503M) 2.223ms
[2020-09-11T15:38:33.455+0000][1][gc,cpu       ] GC(33) User=0.00s Sys=0.00s Real=0.00s
[2020-09-11T15:38:33.460+0000][1][safepoint    ] Safepoint "GenCollectForAllocation", Time since last: 205049717 ns, Reaching safepoint: 103946 ns, At safepoint: 7303657 ns, Total: 7407603 ns
[2020-09-11T15:38:34.409+0000][1][safepoint    ] Safepoint "RevokeBias", Time since last: 944671902 ns, Reaching safepoint: 3966901 ns, At safepoint: 72405 ns, Total: 4039306 ns
[2020-09-11T15:38:34.409+0000][1][safepoint    ] Safepoint "RevokeBias", Time since last: 77328 ns, Reaching safepoint: 85144 ns, At safepoint: 41345 ns, Total: 126489 ns
[2020-09-11T15:38:34.409+0000][1][safepoint    ] Safepoint "RevokeBias", Time since last: 31568 ns, Reaching safepoint: 82930 ns, At safepoint: 39662 ns, Total: 122592 ns
[2020-09-11T15:38:34.409+0000][1][safepoint    ] Safepoint "RevokeBias", Time since last: 28905 ns, Reaching safepoint: 82692 ns, At safepoint: 40152 ns, Total: 122844 ns
[2020-09-11T15:38:34.410+0000][1][safepoint    ] Safepoint "RevokeBias", Time since last: 27992 ns, Reaching safepoint: 82024 ns, At safepoint: 38845 ns, Total: 120869 ns
[2020-09-11T15:38:34.410+0000][1][safepoint    ] Safepoint "RevokeBias", Time since last: 200741 ns, Reaching safepoint: 82010 ns, At safepoint: 39391 ns, Total: 121401 ns
[2020-09-11T15:38:36.416+0000][1][safepoint    ] Safepoint "Cleanup", Time since last: 2003089138 ns, Reaching safepoint: 2519586 ns, At safepoint: 11333 ns, Total: 2530919 ns
[2020-09-11T15:38:37.417+0000][1][safepoint    ] Safepoint "Cleanup", Time since last: 1000120688 ns, Reaching safepoint: 916505 ns, At safepoint: 6158 ns, Total: 922663 ns
[2020-09-11T15:38:37.574+0000][1][gc,start     ] GC(34) Pause Young (Allocation Failure)
[2020-09-11T15:38:37.575+0000][1][gc,task      ] GC(34) Using 1 workers of 1 for evacuation
[2020-09-11T15:38:37.585+0000][1][gc,age       ] GC(34) Desired survivor size 4358144 bytes, new threshold 6 (max threshold 6)
[2020-09-11T15:38:37.585+0000][1][gc,age       ] GC(34) Age table with threshold 6 (max threshold 6)
[2020-09-11T15:38:37.585+0000][1][gc,age       ] GC(34) - age   1:     277800 bytes,     277800 total
[2020-09-11T15:38:37.585+0000][1][gc,heap      ] GC(34) ParNew: 68160K->272K(76672K)
[2020-09-11T15:38:37.585+0000][1][gc,heap      ] GC(34) CMS: 46262K->46262K(439104K)
[2020-09-11T15:38:37.585+0000][1][gc,metaspace ] GC(34) Metaspace: 32471K->32471K(1079296K)
[2020-09-11T15:38:37.585+0000][1][gc           ] GC(34) Pause Young (Allocation Failure) 111M->45M(503M) 10.696ms
[2020-09-11T15:38:37.585+0000][1][gc,cpu       ] GC(34) User=0.00s Sys=0.00s Real=0.01s
[2020-09-11T15:38:37.585+0000][1][safepoint    ] Safepoint "GenCollectForAllocation", Time since last: 157783388 ns, Reaching safepoint: 104931 ns, At safepoint: 10752408 ns, Total: 10857339 ns
[2020-09-11T15:38:38.601+0000][1][safepoint    ] Safepoint "Cleanup", Time since last: 1013589077 ns, Reaching safepoint: 2005326 ns, At safepoint: 10626 ns, Total: 2015952 ns
[2020-09-11T15:38:39.237+0000][1][gc,start     ] GC(35) Pause Young (Allocation Failure)
[2020-09-11T15:38:39.237+0000][1][gc,task      ] GC(35) Using 1 workers of 1 for evacuation
[2020-09-11T15:38:39.239+0000][1][gc,age       ] GC(35) Desired survivor size 4358144 bytes, new threshold 6 (max threshold 6)
[2020-09-11T15:38:39.239+0000][1][gc,age       ] GC(35) Age table with threshold 6 (max threshold 6)
[2020-09-11T15:38:39.239+0000][1][gc,age       ] GC(35) - age   1:     512584 bytes,     512584 total
[2020-09-11T15:38:39.239+0000][1][gc,age       ] GC(35) - age   2:     183976 bytes,     696560 total
[2020-09-11T15:38:39.239+0000][1][gc,heap      ] GC(35) ParNew: 68432K->681K(76672K)
[2020-09-11T15:38:39.239+0000][1][gc,heap      ] GC(35) CMS: 46262K->46262K(439104K)
[2020-09-11T15:38:39.239+0000][1][gc,metaspace ] GC(35) Metaspace: 32471K->32471K(1079296K)
[2020-09-11T15:38:39.239+0000][1][gc           ] GC(35) Pause Young (Allocation Failure) 112M->45M(503M) 2.568ms
[2020-09-11T15:38:39.239+0000][1][gc,cpu       ] GC(35) User=0.00s Sys=0.00s Real=0.00s
[2020-09-11T15:38:39.245+0000][1][safepoint    ] Safepoint "GenCollectForAllocation", Time since last: 635997626 ns, Reaching safepoint: 106606 ns, At safepoint: 7902219 ns, Total: 8008825 ns
[2020-09-11T15:38:40.273+0000][1][safepoint    ] Safepoint "Cleanup", Time since last: 1028000814 ns, Reaching safepoint: 148469 ns, At safepoint: 6574 ns, Total: 155043 ns
[2020-09-11T15:38:40.337+0000][1][gc,start     ] GC(36) Pause Young (Allocation Failure)
[2020-09-11T15:38:40.337+0000][1][gc,task      ] GC(36) Using 1 workers of 1 for evacuation
[2020-09-11T15:38:40.339+0000][1][gc,age       ] GC(36) Desired survivor size 4358144 bytes, new threshold 6 (max threshold 6)
[2020-09-11T15:38:40.339+0000][1][gc,age       ] GC(36) Age table with threshold 6 (max threshold 6)
[2020-09-11T15:38:40.339+0000][1][gc,age       ] GC(36) - age   1:     642408 bytes,     642408 total
[2020-09-11T15:38:40.339+0000][1][gc,age       ] GC(36) - age   2:     340208 bytes,     982616 total
[2020-09-11T15:38:40.339+0000][1][gc,age       ] GC(36) - age   3:     183256 bytes,    1165872 total
[2020-09-11T15:38:40.339+0000][1][gc,heap      ] GC(36) ParNew: 68841K->1172K(76672K)
[2020-09-11T15:38:40.339+0000][1][gc,heap      ] GC(36) CMS: 46262K->46262K(439104K)
[2020-09-11T15:38:40.339+0000][1][gc,metaspace ] GC(36) Metaspace: 32472K->32472K(1079296K)
[2020-09-11T15:38:40.340+0000][1][gc           ] GC(36) Pause Young (Allocation Failure) 112M->46M(503M) 2.613ms
[2020-09-11T15:38:40.340+0000][1][gc,cpu       ] GC(36) User=0.01s Sys=0.00s Real=0.00s
[2020-09-11T15:38:40.353+0000][1][safepoint    ] Safepoint "GenCollectForAllocation", Time since last: 63832520 ns, Reaching safepoint: 110307 ns, At safepoint: 15882950 ns, Total: 15993257 ns
[2020-09-11T15:38:41.133+0000][1][gc,start     ] GC(37) Pause Young (Allocation Failure)
[2020-09-11T15:38:41.133+0000][1][gc,task      ] GC(37) Using 1 workers of 1 for evacuation
[2020-09-11T15:38:41.136+0000][1][gc,age       ] GC(37) Desired survivor size 4358144 bytes, new threshold 6 (max threshold 6)
[2020-09-11T15:38:41.136+0000][1][gc,age       ] GC(37) Age table with threshold 6 (max threshold 6)
[2020-09-11T15:38:41.136+0000][1][gc,age       ] GC(37) - age   1:     621168 bytes,     621168 total
[2020-09-11T15:38:41.136+0000][1][gc,age       ] GC(37) - age   2:     301488 bytes,     922656 total
[2020-09-11T15:38:41.136+0000][1][gc,age       ] GC(37) - age   3:     340024 bytes,    1262680 total
[2020-09-11T15:38:41.136+0000][1][gc,age       ] GC(37) - age   4:     182952 bytes,    1445632 total
[2020-09-11T15:38:41.136+0000][1][gc,heap      ] GC(37) ParNew: 69332K->1419K(76672K)
[2020-09-11T15:38:41.136+0000][1][gc,heap      ] GC(37) CMS: 46262K->46262K(439104K)
[2020-09-11T15:38:41.136+0000][1][gc,metaspace ] GC(37) Metaspace: 32473K->32473K(1079296K)
[2020-09-11T15:38:41.136+0000][1][gc           ] GC(37) Pause Young (Allocation Failure) 112M->46M(503M) 2.737ms
[2020-09-11T15:38:41.136+0000][1][gc,cpu       ] GC(37) User=0.00s Sys=0.01s Real=0.00s
[2020-09-11T15:38:41.141+0000][1][safepoint    ] Safepoint "GenCollectForAllocation", Time since last: 779999641 ns, Reaching safepoint: 129164 ns, At safepoint: 7873189 ns, Total: 8002353 ns
[2020-09-11T15:38:41.865+0000][1][gc,start     ] GC(38) Pause Young (Allocation Failure)
[2020-09-11T15:38:41.865+0000][1][gc,task      ] GC(38) Using 1 workers of 1 for evacuation
[2020-09-11T15:38:41.868+0000][1][gc,age       ] GC(38) Desired survivor size 4358144 bytes, new threshold 6 (max threshold 6)
[2020-09-11T15:38:41.868+0000][1][gc,age       ] GC(38) Age table with threshold 6 (max threshold 6)
[2020-09-11T15:38:41.868+0000][1][gc,age       ] GC(38) - age   1:     934792 bytes,     934792 total
[2020-09-11T15:38:41.868+0000][1][gc,age       ] GC(38) - age   2:     264672 bytes,    1199464 total
[2020-09-11T15:38:41.868+0000][1][gc,age       ] GC(38) - age   3:     297464 bytes,    1496928 total
[2020-09-11T15:38:41.868+0000][1][gc,age       ] GC(38) - age   4:     339944 bytes,    1836872 total
[2020-09-11T15:38:41.868+0000][1][gc,age       ] GC(38) - age   5:     182848 bytes,    2019720 total
[2020-09-11T15:38:41.868+0000][1][gc,heap      ] GC(38) ParNew: 69579K->1980K(76672K)
[2020-09-11T15:38:41.868+0000][1][gc,heap      ] GC(38) CMS: 46262K->46262K(439104K)
[2020-09-11T15:38:41.868+0000][1][gc,metaspace ] GC(38) Metaspace: 32473K->32473K(1079296K)
[2020-09-11T15:38:41.868+0000][1][gc           ] GC(38) Pause Young (Allocation Failure) 113M->47M(503M) 2.793ms
[2020-09-11T15:38:41.868+0000][1][gc,cpu       ] GC(38) User=0.00s Sys=0.00s Real=0.00s
[2020-09-11T15:38:41.869+0000][1][safepoint    ] Safepoint "GenCollectForAllocation", Time since last: 724042691 ns, Reaching safepoint: 115823 ns, At safepoint: 3953598 ns, Total: 4069421 ns
[2020-09-11T15:38:42.347+0000][1][gc,start     ] GC(39) Pause Young (Allocation Failure)
[2020-09-11T15:38:42.347+0000][1][gc,task      ] GC(39) Using 1 workers of 1 for evacuation
[2020-09-11T15:38:42.356+0000][1][gc,age       ] GC(39) Desired survivor size 4358144 bytes, new threshold 6 (max threshold 6)
[2020-09-11T15:38:42.356+0000][1][gc,age       ] GC(39) Age table with threshold 6 (max threshold 6)
[2020-09-11T15:38:42.356+0000][1][gc,age       ] GC(39) - age   1:     344288 bytes,     344288 total
[2020-09-11T15:38:42.356+0000][1][gc,age       ] GC(39) - age   2:     922640 bytes,    1266928 total
[2020-09-11T15:38:42.356+0000][1][gc,age       ] GC(39) - age   3:     263464 bytes,    1530392 total
[2020-09-11T15:38:42.356+0000][1][gc,age       ] GC(39) - age   4:     296976 bytes,    1827368 total
[2020-09-11T15:38:42.356+0000][1][gc,age       ] GC(39) - age   5:     339608 bytes,    2166976 total
[2020-09-11T15:38:42.356+0000][1][gc,age       ] GC(39) - age   6:     182808 bytes,    2349784 total
[2020-09-11T15:38:42.356+0000][1][gc,heap      ] GC(39) ParNew: 70140K->2357K(76672K)
[2020-09-11T15:38:42.356+0000][1][gc,heap      ] GC(39) CMS: 46262K->46262K(439104K)
[2020-09-11T15:38:42.356+0000][1][gc,metaspace ] GC(39) Metaspace: 32473K->32473K(1079296K)
[2020-09-11T15:38:42.356+0000][1][gc           ] GC(39) Pause Young (Allocation Failure) 113M->47M(503M) 9.555ms
[2020-09-11T15:38:42.356+0000][1][gc,cpu       ] GC(39) User=0.00s Sys=0.00s Real=0.01s
[2020-09-11T15:38:42.361+0000][1][safepoint    ] Safepoint "GenCollectForAllocation", Time since last: 475874547 ns, Reaching safepoint: 1924972 ns, At safepoint: 14113979 ns, Total: 16038951 ns
[2020-09-11T15:38:43.293+0000][1][gc,start     ] GC(40) Pause Young (Allocation Failure)
[2020-09-11T15:38:43.293+0000][1][gc,task      ] GC(40) Using 1 workers of 1 for evacuation
[2020-09-11T15:38:43.296+0000][1][gc,age       ] GC(40) Desired survivor size 4358144 bytes, new threshold 6 (max threshold 6)
[2020-09-11T15:38:43.296+0000][1][gc,age       ] GC(40) Age table with threshold 6 (max threshold 6)
[2020-09-11T15:38:43.296+0000][1][gc,age       ] GC(40) - age   1:     347920 bytes,     347920 total
[2020-09-11T15:38:43.296+0000][1][gc,age       ] GC(40) - age   2:     333984 bytes,     681904 total
[2020-09-11T15:38:43.296+0000][1][gc,age       ] GC(40) - age   3:     922288 bytes,    1604192 total
[2020-09-11T15:38:43.296+0000][1][gc,age       ] GC(40) - age   4:     263232 bytes,    1867424 total
[2020-09-11T15:38:43.296+0000][1][gc,age       ] GC(40) - age   5:     296856 bytes,    2164280 total
[2020-09-11T15:38:43.296+0000][1][gc,age       ] GC(40) - age   6:     339608 bytes,    2503888 total
[2020-09-11T15:38:43.296+0000][1][gc,heap      ] GC(40) ParNew: 70517K->2464K(76672K)
[2020-09-11T15:38:43.296+0000][1][gc,heap      ] GC(40) CMS: 46262K->46438K(439104K)
[2020-09-11T15:38:43.296+0000][1][gc,metaspace ] GC(40) Metaspace: 32474K->32474K(1079296K)
[2020-09-11T15:38:43.296+0000][1][gc           ] GC(40) Pause Young (Allocation Failure) 114M->47M(503M) 3.210ms
[2020-09-11T15:38:43.296+0000][1][gc,cpu       ] GC(40) User=0.00s Sys=0.00s Real=0.00s
[2020-09-11T15:38:43.305+0000][1][safepoint    ] Safepoint "GenCollectForAllocation", Time since last: 931985704 ns, Reaching safepoint: 128278 ns, At safepoint: 12454982 ns, Total: 12583260 ns
[2020-09-11T15:38:43.541+0000][1][gc,start     ] GC(41) Pause Young (Allocation Failure)
[2020-09-11T15:38:43.541+0000][1][gc,task      ] GC(41) Using 1 workers of 1 for evacuation
[2020-09-11T15:38:43.544+0000][1][gc,age       ] GC(41) Desired survivor size 4358144 bytes, new threshold 6 (max threshold 6)
[2020-09-11T15:38:43.544+0000][1][gc,age       ] GC(41) Age table with threshold 6 (max threshold 6)
[2020-09-11T15:38:43.544+0000][1][gc,age       ] GC(41) - age   1:        328 bytes,        328 total
[2020-09-11T15:38:43.544+0000][1][gc,age       ] GC(41) - age   2:     347632 bytes,     347960 total
[2020-09-11T15:38:43.544+0000][1][gc,age       ] GC(41) - age   3:     333984 bytes,     681944 total
[2020-09-11T15:38:43.544+0000][1][gc,age       ] GC(41) - age   4:     922288 bytes,    1604232 total
[2020-09-11T15:38:43.544+0000][1][gc,age       ] GC(41) - age   5:     263232 bytes,    1867464 total
[2020-09-11T15:38:43.544+0000][1][gc,age       ] GC(41) - age   6:     296856 bytes,    2164320 total
[2020-09-11T15:38:43.544+0000][1][gc,heap      ] GC(41) ParNew: 70624K->2225K(76672K)
[2020-09-11T15:38:43.544+0000][1][gc,heap      ] GC(41) CMS: 46438K->46769K(439104K)
[2020-09-11T15:38:43.544+0000][1][gc,metaspace ] GC(41) Metaspace: 32474K->32474K(1079296K)
[2020-09-11T15:38:43.544+0000][1][gc           ] GC(41) Pause Young (Allocation Failure) 114M->47M(503M) 2.956ms
[2020-09-11T15:38:43.544+0000][1][gc,cpu       ] GC(41) User=0.00s Sys=0.00s Real=0.00s
[2020-09-11T15:38:43.544+0000][1][safepoint    ] Safepoint "GenCollectForAllocation", Time since last: 230899774 ns, Reaching safepoint: 4535423 ns, At safepoint: 3027413 ns, Total: 7562836 ns
[2020-09-11T15:38:43.801+0000][1][gc,start     ] GC(42) Pause Young (Allocation Failure)
[2020-09-11T15:38:43.801+0000][1][gc,task      ] GC(42) Using 1 workers of 1 for evacuation
[2020-09-11T15:38:43.803+0000][1][gc,age       ] GC(42) Desired survivor size 4358144 bytes, new threshold 6 (max threshold 6)
[2020-09-11T15:38:43.803+0000][1][gc,age       ] GC(42) Age table with threshold 6 (max threshold 6)
[2020-09-11T15:38:43.804+0000][1][gc,age       ] GC(42) - age   1:        480 bytes,        480 total
[2020-09-11T15:38:43.804+0000][1][gc,age       ] GC(42) - age   2:        160 bytes,        640 total
[2020-09-11T15:38:43.804+0000][1][gc,age       ] GC(42) - age   3:     347632 bytes,     348272 total
[2020-09-11T15:38:43.804+0000][1][gc,age       ] GC(42) - age   4:     333984 bytes,     682256 total
[2020-09-11T15:38:43.804+0000][1][gc,age       ] GC(42) - age   5:     922288 bytes,    1604544 total
[2020-09-11T15:38:43.804+0000][1][gc,age       ] GC(42) - age   6:     263232 bytes,    1867776 total
[2020-09-11T15:38:43.804+0000][1][gc,heap      ] GC(42) ParNew: 70385K->1843K(76672K)
[2020-09-11T15:38:43.804+0000][1][gc,heap      ] GC(42) CMS: 46769K->47059K(439104K)
[2020-09-11T15:38:43.804+0000][1][gc,metaspace ] GC(42) Metaspace: 32474K->32474K(1079296K)
[2020-09-11T15:38:43.804+0000][1][gc           ] GC(42) Pause Young (Allocation Failure) 114M->47M(503M) 2.796ms
[2020-09-11T15:38:43.804+0000][1][gc,cpu       ] GC(42) User=0.00s Sys=0.00s Real=0.00s
[2020-09-11T15:38:43.812+0000][1][safepoint    ] Safepoint "GenCollectForAllocation", Time since last: 251810057 ns, Reaching safepoint: 5142632 ns, At safepoint: 11382060 ns, Total: 16524692 ns
[2020-09-11T15:38:44.021+0000][1][gc,start     ] GC(43) Pause Young (Allocation Failure)
[2020-09-11T15:38:44.021+0000][1][gc,task      ] GC(43) Using 1 workers of 1 for evacuation
[2020-09-11T15:38:44.026+0000][1][gc,age       ] GC(43) Desired survivor size 4358144 bytes, new threshold 6 (max threshold 6)
[2020-09-11T15:38:44.026+0000][1][gc,age       ] GC(43) Age table with threshold 6 (max threshold 6)
[2020-09-11T15:38:44.026+0000][1][gc,age       ] GC(43) - age   1:        144 bytes,        144 total
[2020-09-11T15:38:44.026+0000][1][gc,age       ] GC(43) - age   2:        480 bytes,        624 total
[2020-09-11T15:38:44.026+0000][1][gc,age       ] GC(43) - age   3:        160 bytes,        784 total
[2020-09-11T15:38:44.026+0000][1][gc,age       ] GC(43) - age   4:     347632 bytes,     348416 total
[2020-09-11T15:38:44.026+0000][1][gc,age       ] GC(43) - age   5:     333984 bytes,     682400 total
[2020-09-11T15:38:44.026+0000][1][gc,age       ] GC(43) - age   6:     922288 bytes,    1604688 total
[2020-09-11T15:38:44.026+0000][1][gc,heap      ] GC(43) ParNew: 70003K->1628K(76672K)
[2020-09-11T15:38:44.026+0000][1][gc,heap      ] GC(43) CMS: 47059K->47316K(439104K)
[2020-09-11T15:38:44.026+0000][1][gc,metaspace ] GC(43) Metaspace: 32474K->32474K(1079296K)
[2020-09-11T15:38:44.026+0000][1][gc           ] GC(43) Pause Young (Allocation Failure) 114M->47M(503M) 5.681ms
[2020-09-11T15:38:44.026+0000][1][gc,cpu       ] GC(43) User=0.01s Sys=0.00s Real=0.00s
[2020-09-11T15:38:44.027+0000][1][safepoint    ] Safepoint "GenCollectForAllocation", Time since last: 205471218 ns, Reaching safepoint: 3133534 ns, At safepoint: 5739948 ns, Total: 8873482 ns
[2020-09-11T15:38:44.241+0000][1][gc,start     ] GC(44) Pause Young (Allocation Failure)
[2020-09-11T15:38:44.241+0000][1][gc,task      ] GC(44) Using 1 workers of 1 for evacuation
[2020-09-11T15:38:44.244+0000][1][gc,age       ] GC(44) Desired survivor size 4358144 bytes, new threshold 6 (max threshold 6)
[2020-09-11T15:38:44.244+0000][1][gc,age       ] GC(44) Age table with threshold 6 (max threshold 6)
[2020-09-11T15:38:44.244+0000][1][gc,age       ] GC(44) - age   1:        176 bytes,        176 total
[2020-09-11T15:38:44.244+0000][1][gc,age       ] GC(44) - age   3:        480 bytes,        656 total
[2020-09-11T15:38:44.244+0000][1][gc,age       ] GC(44) - age   4:        160 bytes,        816 total
[2020-09-11T15:38:44.244+0000][1][gc,age       ] GC(44) - age   5:     347632 bytes,     348448 total
[2020-09-11T15:38:44.244+0000][1][gc,age       ] GC(44) - age   6:     333984 bytes,     682432 total
[2020-09-11T15:38:44.244+0000][1][gc,heap      ] GC(44) ParNew: 69788K->790K(76672K)
[2020-09-11T15:38:44.244+0000][1][gc,heap      ] GC(44) CMS: 47316K->48217K(439104K)
[2020-09-11T15:38:44.244+0000][1][gc,metaspace ] GC(44) Metaspace: 32474K->32474K(1079296K)
[2020-09-11T15:38:44.244+0000][1][gc           ] GC(44) Pause Young (Allocation Failure) 114M->47M(503M) 2.904ms
[2020-09-11T15:38:44.244+0000][1][gc,cpu       ] GC(44) User=0.00s Sys=0.00s Real=0.00s
[2020-09-11T15:38:44.257+0000][1][safepoint    ] Safepoint "GenCollectForAllocation", Time since last: 212765316 ns, Reaching safepoint: 1494637 ns, At safepoint: 16005315 ns, Total: 17499952 ns
[2020-09-11T15:38:44.483+0000][1][gc,start     ] GC(45) Pause Young (Allocation Failure)
[2020-09-11T15:38:44.483+0000][1][gc,task      ] GC(45) Using 1 workers of 1 for evacuation
[2020-09-11T15:38:44.490+0000][1][gc,age       ] GC(45) Desired survivor size 4358144 bytes, new threshold 6 (max threshold 6)
[2020-09-11T15:38:44.490+0000][1][gc,age       ] GC(45) Age table with threshold 6 (max threshold 6)
[2020-09-11T15:38:44.490+0000][1][gc,age       ] GC(45) - age   1:        496 bytes,        496 total
[2020-09-11T15:38:44.490+0000][1][gc,age       ] GC(45) - age   4:        480 bytes,        976 total
[2020-09-11T15:38:44.490+0000][1][gc,age       ] GC(45) - age   5:        160 bytes,       1136 total
[2020-09-11T15:38:44.490+0000][1][gc,age       ] GC(45) - age   6:     347632 bytes,     348768 total
[2020-09-11T15:38:44.490+0000][1][gc,heap      ] GC(45) ParNew: 68950K->697K(76672K)
[2020-09-11T15:38:44.490+0000][1][gc,heap      ] GC(45) CMS: 48217K->48543K(439104K)
[2020-09-11T15:38:44.490+0000][1][gc,metaspace ] GC(45) Metaspace: 32474K->32474K(1079296K)
[2020-09-11T15:38:44.490+0000][1][gc           ] GC(45) Pause Young (Allocation Failure) 114M->48M(503M) 7.002ms
[2020-09-11T15:38:44.490+0000][1][gc,cpu       ] GC(45) User=0.01s Sys=0.00s Real=0.00s
[2020-09-11T15:38:44.495+0000][1][safepoint    ] Safepoint "GenCollectForAllocation", Time since last: 224898481 ns, Reaching safepoint: 1677234 ns, At safepoint: 11505265 ns, Total: 13182499 ns
[2020-09-11T15:38:44.709+0000][1][gc,start     ] GC(46) Pause Young (Allocation Failure)
[2020-09-11T15:38:44.709+0000][1][gc,task      ] GC(46) Using 1 workers of 1 for evacuation
[2020-09-11T15:38:44.711+0000][1][gc,age       ] GC(46) Desired survivor size 4358144 bytes, new threshold 6 (max threshold 6)
[2020-09-11T15:38:44.711+0000][1][gc,age       ] GC(46) Age table with threshold 6 (max threshold 6)
[2020-09-11T15:38:44.711+0000][1][gc,age       ] GC(46) - age   1:        216 bytes,        216 total
[2020-09-11T15:38:44.711+0000][1][gc,age       ] GC(46) - age   2:        296 bytes,        512 total
[2020-09-11T15:38:44.711+0000][1][gc,age       ] GC(46) - age   5:        480 bytes,        992 total
[2020-09-11T15:38:44.711+0000][1][gc,age       ] GC(46) - age   6:        160 bytes,       1152 total
[2020-09-11T15:38:44.711+0000][1][gc,heap      ] GC(46) ParNew: 68857K->302K(76672K)
[2020-09-11T15:38:44.711+0000][1][gc,heap      ] GC(46) CMS: 48543K->48883K(439104K)
[2020-09-11T15:38:44.711+0000][1][gc,metaspace ] GC(46) Metaspace: 32474K->32474K(1079296K)
[2020-09-11T15:38:44.711+0000][1][gc           ] GC(46) Pause Young (Allocation Failure) 114M->48M(503M) 2.528ms
[2020-09-11T15:38:44.711+0000][1][gc,cpu       ] GC(46) User=0.00s Sys=0.00s Real=0.00s
[2020-09-11T15:38:44.717+0000][1][safepoint    ] Safepoint "GenCollectForAllocation", Time since last: 210768270 ns, Reaching safepoint: 3174653 ns, At safepoint: 7980414 ns, Total: 11155067 ns
[2020-09-11T15:38:44.923+0000][1][gc,start     ] GC(47) Pause Young (Allocation Failure)
[2020-09-11T15:38:44.923+0000][1][gc,task      ] GC(47) Using 1 workers of 1 for evacuation
[2020-09-11T15:38:44.926+0000][1][gc,age       ] GC(47) Desired survivor size 4358144 bytes, new threshold 6 (max threshold 6)
[2020-09-11T15:38:44.926+0000][1][gc,age       ] GC(47) Age table with threshold 6 (max threshold 6)
[2020-09-11T15:38:44.926+0000][1][gc,age       ] GC(47) - age   1:        160 bytes,        160 total
[2020-09-11T15:38:44.926+0000][1][gc,age       ] GC(47) - age   3:        296 bytes,        456 total
[2020-09-11T15:38:44.926+0000][1][gc,age       ] GC(47) - age   6:        480 bytes,        936 total
[2020-09-11T15:38:44.926+0000][1][gc,heap      ] GC(47) ParNew: 68462K->75K(76672K)
[2020-09-11T15:38:44.926+0000][1][gc,heap      ] GC(47) CMS: 48883K->48883K(439104K)
[2020-09-11T15:38:44.926+0000][1][gc,metaspace ] GC(47) Metaspace: 32474K->32474K(1079296K)
[2020-09-11T15:38:44.926+0000][1][gc           ] GC(47) Pause Young (Allocation Failure) 114M->47M(503M) 2.585ms
[2020-09-11T15:38:44.926+0000][1][gc,cpu       ] GC(47) User=0.00s Sys=0.00s Real=0.00s
[2020-09-11T15:38:44.929+0000][1][safepoint    ] Safepoint "GenCollectForAllocation", Time since last: 205664739 ns, Reaching safepoint: 933011 ns, At safepoint: 5475986 ns, Total: 6408997 ns
[2020-09-11T15:38:45.141+0000][1][gc,start     ] GC(48) Pause Young (Allocation Failure)
[2020-09-11T15:38:45.141+0000][1][gc,task      ] GC(48) Using 1 workers of 1 for evacuation
[2020-09-11T15:38:45.143+0000][1][gc,age       ] GC(48) Desired survivor size 4358144 bytes, new threshold 6 (max threshold 6)
[2020-09-11T15:38:45.143+0000][1][gc,age       ] GC(48) Age table with threshold 6 (max threshold 6)
[2020-09-11T15:38:45.143+0000][1][gc,age       ] GC(48) - age   1:        192 bytes,        192 total
[2020-09-11T15:38:45.143+0000][1][gc,age       ] GC(48) - age   4:        296 bytes,        488 total
[2020-09-11T15:38:45.143+0000][1][gc,heap      ] GC(48) ParNew: 68235K->19K(76672K)
[2020-09-11T15:38:45.143+0000][1][gc,heap      ] GC(48) CMS: 48883K->48884K(439104K)
[2020-09-11T15:38:45.143+0000][1][gc,metaspace ] GC(48) Metaspace: 32474K->32474K(1079296K)
[2020-09-11T15:38:45.143+0000][1][gc           ] GC(48) Pause Young (Allocation Failure) 114M->47M(503M) 2.626ms
[2020-09-11T15:38:45.143+0000][1][gc,cpu       ] GC(48) User=0.00s Sys=0.00s Real=0.00s
[2020-09-11T15:38:45.149+0000][1][safepoint    ] Safepoint "GenCollectForAllocation", Time since last: 207937718 ns, Reaching safepoint: 4011449 ns, At safepoint: 7960607 ns, Total: 11972056 ns
[2020-09-11T15:38:45.368+0000][1][gc,start     ] GC(49) Pause Young (Allocation Failure)
[2020-09-11T15:38:45.368+0000][1][gc,task      ] GC(49) Using 1 workers of 1 for evacuation
[2020-09-11T15:38:45.376+0000][1][gc,age       ] GC(49) Desired survivor size 4358144 bytes, new threshold 6 (max threshold 6)
[2020-09-11T15:38:45.376+0000][1][gc,age       ] GC(49) Age table with threshold 6 (max threshold 6)
[2020-09-11T15:38:45.376+0000][1][gc,age       ] GC(49) - age   1:        160 bytes,        160 total
[2020-09-11T15:38:45.376+0000][1][gc,age       ] GC(49) - age   5:        296 bytes,        456 total
[2020-09-11T15:38:45.376+0000][1][gc,heap      ] GC(49) ParNew: 68179K->4K(76672K)
[2020-09-11T15:38:45.376+0000][1][gc,heap      ] GC(49) CMS: 48884K->48884K(439104K)
[2020-09-11T15:38:45.376+0000][1][gc,metaspace ] GC(49) Metaspace: 32474K->32474K(1079296K)
[2020-09-11T15:38:45.376+0000][1][gc           ] GC(49) Pause Young (Allocation Failure) 114M->47M(503M) 7.359ms
[2020-09-11T15:38:45.376+0000][1][gc,cpu       ] GC(49) User=0.00s Sys=0.00s Real=0.01s
[2020-09-11T15:38:45.376+0000][1][safepoint    ] Safepoint "GenCollectForAllocation", Time since last: 211518673 ns, Reaching safepoint: 8045422 ns, At safepoint: 7438636 ns, Total: 15484058 ns
[2020-09-11T15:38:46.378+0000][1][safepoint    ] Safepoint "Cleanup", Time since last: 1000985777 ns, Reaching safepoint: 1314394 ns, At safepoint: 7854 ns, Total: 1322248 ns
[2020-09-11T15:38:47.388+0000][1][safepoint    ] Safepoint "Cleanup", Time since last: 1004996992 ns, Reaching safepoint: 4867284 ns, At safepoint: 8082 ns, Total: 4875366 ns
[2020-09-11T15:38:47.543+0000][1][gc,start     ] GC(50) Pause Young (Allocation Failure)
[2020-09-11T15:38:47.543+0000][1][gc,task      ] GC(50) Using 1 workers of 1 for evacuation
[2020-09-11T15:38:47.558+0000][1][gc,age       ] GC(50) Desired survivor size 4358144 bytes, new threshold 6 (max threshold 6)
[2020-09-11T15:38:47.558+0000][1][gc,age       ] GC(50) Age table with threshold 6 (max threshold 6)
[2020-09-11T15:38:47.558+0000][1][gc,age       ] GC(50) - age   1:     133416 bytes,     133416 total
[2020-09-11T15:38:47.558+0000][1][gc,age       ] GC(50) - age   6:        296 bytes,     133712 total
[2020-09-11T15:38:47.558+0000][1][gc,heap      ] GC(50) ParNew: 68164K->131K(76672K)
[2020-09-11T15:38:47.558+0000][1][gc,heap      ] GC(50) CMS: 48884K->48884K(439104K)
[2020-09-11T15:38:47.558+0000][1][gc,metaspace ] GC(50) Metaspace: 32477K->32477K(1079296K)
[2020-09-11T15:38:47.558+0000][1][gc           ] GC(50) Pause Young (Allocation Failure) 114M->47M(503M) 15.034ms
[2020-09-11T15:38:47.558+0000][1][gc,cpu       ] GC(50) User=0.00s Sys=0.00s Real=0.01s
[2020-09-11T15:38:47.569+0000][1][safepoint    ] Safepoint "GenCollectForAllocation", Time since last: 154909529 ns, Reaching safepoint: 100695 ns, At safepoint: 25817062 ns, Total: 25917757 ns
[2020-09-11T15:38:48.101+0000][1][gc,start     ] GC(51) Pause Young (Allocation Failure)
[2020-09-11T15:38:48.101+0000][1][gc,task      ] GC(51) Using 1 workers of 1 for evacuation
[2020-09-11T15:38:48.104+0000][1][gc,age       ] GC(51) Desired survivor size 4358144 bytes, new threshold 6 (max threshold 6)
[2020-09-11T15:38:48.104+0000][1][gc,age       ] GC(51) Age table with threshold 6 (max threshold 6)
[2020-09-11T15:38:48.104+0000][1][gc,age       ] GC(51) - age   1:     546160 bytes,     546160 total
[2020-09-11T15:38:48.104+0000][1][gc,age       ] GC(51) - age   2:      83504 bytes,     629664 total
[2020-09-11T15:38:48.104+0000][1][gc,heap      ] GC(51) ParNew: 68291K->635K(76672K)
[2020-09-11T15:38:48.104+0000][1][gc,heap      ] GC(51) CMS: 48884K->48884K(439104K)
[2020-09-11T15:38:48.104+0000][1][gc,metaspace ] GC(51) Metaspace: 32477K->32477K(1079296K)
[2020-09-11T15:38:48.104+0000][1][gc           ] GC(51) Pause Young (Allocation Failure) 114M->48M(503M) 2.830ms
[2020-09-11T15:38:48.104+0000][1][gc,cpu       ] GC(51) User=0.00s Sys=0.00s Real=0.00s
[2020-09-11T15:38:48.113+0000][1][safepoint    ] Safepoint "GenCollectForAllocation", Time since last: 528010330 ns, Reaching safepoint: 4010916 ns, At safepoint: 11968048 ns, Total: 15978964 ns
[2020-09-11T15:38:48.615+0000][1][gc,start     ] GC(52) Pause Young (Allocation Failure)
[2020-09-11T15:38:48.615+0000][1][gc,task      ] GC(52) Using 1 workers of 1 for evacuation
[2020-09-11T15:38:48.623+0000][1][gc,age       ] GC(52) Desired survivor size 4358144 bytes, new threshold 6 (max threshold 6)
[2020-09-11T15:38:48.623+0000][1][gc,age       ] GC(52) Age table with threshold 6 (max threshold 6)
[2020-09-11T15:38:48.623+0000][1][gc,age       ] GC(52) - age   1:     643176 bytes,     643176 total
[2020-09-11T15:38:48.623+0000][1][gc,age       ] GC(52) - age   2:     374824 bytes,    1018000 total
[2020-09-11T15:38:48.623+0000][1][gc,age       ] GC(52) - age   3:      82904 bytes,    1100904 total
[2020-09-11T15:38:48.623+0000][1][gc,heap      ] GC(52) ParNew: 68795K->1105K(76672K)
[2020-09-11T15:38:48.623+0000][1][gc,heap      ] GC(52) CMS: 48884K->48884K(439104K)
[2020-09-11T15:38:48.623+0000][1][gc,metaspace ] GC(52) Metaspace: 32477K->32477K(1079296K)
[2020-09-11T15:38:48.623+0000][1][gc           ] GC(52) Pause Young (Allocation Failure) 114M->48M(503M) 8.148ms
[2020-09-11T15:38:48.623+0000][1][gc,cpu       ] GC(52) User=0.00s Sys=0.00s Real=0.01s
[2020-09-11T15:38:48.623+0000][1][safepoint    ] Safepoint "GenCollectForAllocation", Time since last: 500737777 ns, Reaching safepoint: 1317410 ns, At safepoint: 8201161 ns, Total: 9518571 ns
[2020-09-11T15:38:48.993+0000][1][gc,start     ] GC(53) Pause Young (Allocation Failure)
[2020-09-11T15:38:49.000+0000][1][gc,task      ] GC(53) Using 1 workers of 1 for evacuation
[2020-09-11T15:38:49.003+0000][1][gc,age       ] GC(53) Desired survivor size 4358144 bytes, new threshold 6 (max threshold 6)
[2020-09-11T15:38:49.003+0000][1][gc,age       ] GC(53) Age table with threshold 6 (max threshold 6)
[2020-09-11T15:38:49.003+0000][1][gc,age       ] GC(53) - age   1:     313776 bytes,     313776 total
[2020-09-11T15:38:49.003+0000][1][gc,age       ] GC(53) - age   2:     626728 bytes,     940504 total
[2020-09-11T15:38:49.003+0000][1][gc,age       ] GC(53) - age   3:     374088 bytes,    1314592 total
[2020-09-11T15:38:49.003+0000][1][gc,age       ] GC(53) - age   4:      82240 bytes,    1396832 total
[2020-09-11T15:38:49.003+0000][1][gc,heap      ] GC(53) ParNew: 69265K->1384K(76672K)
[2020-09-11T15:38:49.003+0000][1][gc,heap      ] GC(53) CMS: 48884K->48884K(439104K)
[2020-09-11T15:38:49.003+0000][1][gc,metaspace ] GC(53) Metaspace: 32477K->32477K(1079296K)
[2020-09-11T15:38:49.003+0000][1][gc           ] GC(53) Pause Young (Allocation Failure) 115M->49M(503M) 10.148ms
[2020-09-11T15:38:49.003+0000][1][gc,cpu       ] GC(53) User=0.01s Sys=0.00s Real=0.01s
[2020-09-11T15:38:49.005+0000][1][safepoint    ] Safepoint "GenCollectForAllocation", Time since last: 368862646 ns, Reaching safepoint: 884812 ns, At safepoint: 12001427 ns, Total: 12886239 ns
[2020-09-11T15:38:49.473+0000][1][gc,start     ] GC(54) Pause Young (Allocation Failure)
[2020-09-11T15:38:49.473+0000][1][gc,task      ] GC(54) Using 1 workers of 1 for evacuation
[2020-09-11T15:38:49.476+0000][1][gc,age       ] GC(54) Desired survivor size 4358144 bytes, new threshold 6 (max threshold 6)
[2020-09-11T15:38:49.476+0000][1][gc,age       ] GC(54) Age table with threshold 6 (max threshold 6)
[2020-09-11T15:38:49.476+0000][1][gc,age       ] GC(54) - age   1:     963824 bytes,     963824 total
[2020-09-11T15:38:49.476+0000][1][gc,age       ] GC(54) - age   2:     302440 bytes,    1266264 total
[2020-09-11T15:38:49.476+0000][1][gc,age       ] GC(54) - age   3:     298064 bytes,    1564328 total
[2020-09-11T15:38:49.476+0000][1][gc,age       ] GC(54) - age   4:     374088 bytes,    1938416 total
[2020-09-11T15:38:49.476+0000][1][gc,age       ] GC(54) - age   5:      82080 bytes,    2020496 total
[2020-09-11T15:38:49.476+0000][1][gc,heap      ] GC(54) ParNew: 69544K->2026K(76672K)
[2020-09-11T15:38:49.476+0000][1][gc,heap      ] GC(54) CMS: 48884K->48884K(439104K)
[2020-09-11T15:38:49.476+0000][1][gc,metaspace ] GC(54) Metaspace: 32477K->32477K(1079296K)
[2020-09-11T15:38:49.476+0000][1][gc           ] GC(54) Pause Young (Allocation Failure) 115M->49M(503M) 3.325ms
[2020-09-11T15:38:49.476+0000][1][gc,cpu       ] GC(54) User=0.00s Sys=0.00s Real=0.00s
[2020-09-11T15:38:49.481+0000][1][safepoint    ] Safepoint "GenCollectForAllocation", Time since last: 468025964 ns, Reaching safepoint: 112312 ns, At safepoint: 7861475 ns, Total: 7973787 ns
[2020-09-11T15:38:49.877+0000][1][gc,start     ] GC(55) Pause Young (Allocation Failure)
[2020-09-11T15:38:49.877+0000][1][gc,task      ] GC(55) Using 1 workers of 1 for evacuation
[2020-09-11T15:38:49.880+0000][1][gc,age       ] GC(55) Desired survivor size 4358144 bytes, new threshold 6 (max threshold 6)
[2020-09-11T15:38:49.880+0000][1][gc,age       ] GC(55) Age table with threshold 6 (max threshold 6)
[2020-09-11T15:38:49.880+0000][1][gc,age       ] GC(55) - age   1:     313808 bytes,     313808 total
[2020-09-11T15:38:49.880+0000][1][gc,age       ] GC(55) - age   2:     952336 bytes,    1266144 total
[2020-09-11T15:38:49.880+0000][1][gc,age       ] GC(55) - age   3:     298208 bytes,    1564352 total
[2020-09-11T15:38:49.880+0000][1][gc,age       ] GC(55) - age   4:     297424 bytes,    1861776 total
[2020-09-11T15:38:49.880+0000][1][gc,age       ] GC(55) - age   5:     373832 bytes,    2235608 total
[2020-09-11T15:38:49.880+0000][1][gc,age       ] GC(55) - age   6:      82056 bytes,    2317664 total
[2020-09-11T15:38:49.880+0000][1][gc,heap      ] GC(55) ParNew: 70186K->2322K(76672K)
[2020-09-11T15:38:49.880+0000][1][gc,heap      ] GC(55) CMS: 48884K->48884K(439104K)
[2020-09-11T15:38:49.880+0000][1][gc,metaspace ] GC(55) Metaspace: 32477K->32477K(1079296K)
[2020-09-11T15:38:49.880+0000][1][gc           ] GC(55) Pause Young (Allocation Failure) 116M->50M(503M) 3.170ms
[2020-09-11T15:38:49.880+0000][1][gc,cpu       ] GC(55) User=0.00s Sys=0.00s Real=0.00s
[2020-09-11T15:38:49.880+0000][1][safepoint    ] Safepoint "GenCollectForAllocation", Time since last: 392009872 ns, Reaching safepoint: 3991976 ns, At safepoint: 3238303 ns, Total: 7230279 ns
[2020-09-11T15:38:51.090+0000][1][safepoint    ] Safepoint "ICBufferFull", Time since last: 1210077930 ns, Reaching safepoint: 150379 ns, At safepoint: 6362 ns, Total: 156741 ns
[2020-09-11T15:38:51.225+0000][1][safepoint    ] Safepoint "Deoptimize", Time since last: 134523043 ns, Reaching safepoint: 106966 ns, At safepoint: 319487 ns, Total: 426453 ns
[2020-09-11T15:38:51.656+0000][1][safepoint    ] Safepoint "CollectForMetadataAllocation", Time since last: 430850091 ns, Reaching safepoint: 123134 ns, At safepoint: 132203 ns, Total: 255337 ns
[2020-09-11T15:38:51.833+0000][1][safepoint    ] Safepoint "CollectForMetadataAllocation", Time since last: 176478386 ns, Reaching safepoint: 108657 ns, At safepoint: 133030 ns, Total: 241687 ns
[2020-09-11T15:38:51.882+0000][1][gc,start     ] GC(56) Pause Initial Mark
[2020-09-11T15:38:52.032+0000][1][gc           ] GC(56) Pause Initial Mark 109M->109M(503M) 150.171ms
[2020-09-11T15:38:52.032+0000][1][gc,cpu       ] GC(56) User=0.04s Sys=0.00s Real=0.14s
[2020-09-11T15:38:52.067+0000][1][safepoint    ] Safepoint "CMS_Initial_Mark", Time since last: 47790829 ns, Reaching safepoint: 706965 ns, At safepoint: 185343781 ns, Total: 186050746 ns
[2020-09-11T15:38:52.067+0000][1][gc           ] GC(56) Concurrent Mark
[2020-09-11T15:38:52.137+0000][1][safepoint    ] Safepoint "CollectForMetadataAllocation", Time since last: 53923504 ns, Reaching safepoint: 16026047 ns, At safepoint: 125408 ns, Total: 16151455 ns
[2020-09-11T15:38:52.317+0000][1][safepoint    ] Safepoint "CollectForMetadataAllocation", Time since last: 179830601 ns, Reaching safepoint: 41289 ns, At safepoint: 128609 ns, Total: 169898 ns
[2020-09-11T15:38:52.485+0000][1][safepoint    ] Safepoint "CollectForMetadataAllocation", Time since last: 167838831 ns, Reaching safepoint: 50901 ns, At safepoint: 139234 ns, Total: 190135 ns
[2020-09-11T15:38:52.593+0000][1][gc           ] GC(56) Concurrent Mark 526.125ms
[2020-09-11T15:38:52.593+0000][1][gc,cpu       ] GC(56) User=0.13s Sys=0.00s Real=0.53s
[2020-09-11T15:38:52.593+0000][1][gc           ] GC(56) Concurrent Preclean
[2020-09-11T15:38:52.595+0000][1][gc           ] GC(56) Concurrent Preclean 1.417ms
[2020-09-11T15:38:52.595+0000][1][gc,cpu       ] GC(56) User=0.00s Sys=0.00s Real=0.00s
[2020-09-11T15:38:52.595+0000][1][gc           ] GC(56) Concurrent Abortable Preclean
[2020-09-11T15:38:52.753+0000][1][safepoint    ] Safepoint "CollectForMetadataAllocation", Time since last: 267805767 ns, Reaching safepoint: 104841 ns, At safepoint: 143585 ns, Total: 248426 ns
[2020-09-11T15:38:52.870+0000][1][gc,start     ] GC(57) Pause Young (Allocation Failure)
[2020-09-11T15:38:52.870+0000][1][gc,task      ] GC(57) Using 1 workers of 1 for evacuation
[2020-09-11T15:38:52.909+0000][1][gc,age       ] GC(57) Desired survivor size 4358144 bytes, new threshold 6 (max threshold 6)
[2020-09-11T15:38:52.909+0000][1][gc,age       ] GC(57) Age table with threshold 6 (max threshold 6)
[2020-09-11T15:38:52.909+0000][1][gc,age       ] GC(57) - age   1:    1481232 bytes,    1481232 total
[2020-09-11T15:38:52.909+0000][1][gc,age       ] GC(57) - age   2:     301760 bytes,    1782992 total
[2020-09-11T15:38:52.909+0000][1][gc,age       ] GC(57) - age   3:     951640 bytes,    2734632 total
[2020-09-11T15:38:52.910+0000][1][gc,age       ] GC(57) - age   4:     297792 bytes,    3032424 total
[2020-09-11T15:38:52.910+0000][1][gc,age       ] GC(57) - age   5:     297304 bytes,    3329728 total
[2020-09-11T15:38:52.910+0000][1][gc,age       ] GC(57) - age   6:     373832 bytes,    3703560 total
[2020-09-11T15:38:52.910+0000][1][gc,heap      ] GC(57) ParNew: 70482K->3777K(76672K)
[2020-09-11T15:38:52.910+0000][1][gc,heap      ] GC(57) CMS: 48884K->48961K(439104K)
[2020-09-11T15:38:52.910+0000][1][gc,metaspace ] GC(57) Metaspace: 36251K->36251K(1083392K)
[2020-09-11T15:38:52.910+0000][1][gc           ] GC(57) Pause Young (Allocation Failure) 116M->51M(503M) 39.132ms
[2020-09-11T15:38:52.910+0000][1][gc,cpu       ] GC(57) User=0.01s Sys=0.00s Real=0.04s
[2020-09-11T15:38:52.955+0000][1][safepoint    ] Safepoint "GenCollectForAllocation", Time since last: 117304488 ns, Reaching safepoint: 99118 ns, At safepoint: 84992252 ns, Total: 85091370 ns
[2020-09-11T15:38:53.513+0000][1][gc           ] GC(56) Concurrent Abortable Preclean 918.216ms
[2020-09-11T15:38:53.513+0000][1][gc,cpu       ] GC(56) User=0.22s Sys=0.00s Real=0.92s
[2020-09-11T15:38:53.513+0000][1][gc,start     ] GC(56) Pause Remark
[2020-09-11T15:38:53.650+0000][1][gc           ] GC(56) Pause Remark 106M->106M(503M) 136.968ms
[2020-09-11T15:38:53.650+0000][1][gc,cpu       ] GC(56) User=0.04s Sys=0.00s Real=0.13s
[2020-09-11T15:38:53.697+0000][1][safepoint    ] Safepoint "CMS_Final_Remark", Time since last: 557412630 ns, Reaching safepoint: 108790 ns, At safepoint: 183855557 ns, Total: 183964347 ns
[2020-09-11T15:38:53.697+0000][1][gc           ] GC(56) Concurrent Sweep
[2020-09-11T15:38:53.810+0000][1][gc           ] GC(56) Concurrent Sweep 112.660ms
[2020-09-11T15:38:53.810+0000][1][gc,cpu       ] GC(56) User=0.03s Sys=0.00s Real=0.11s
[2020-09-11T15:38:53.825+0000][1][gc,start     ] GC(58) Pause Young (Allocation Failure)
[2020-09-11T15:38:53.825+0000][1][gc,task      ] GC(58) Using 1 workers of 1 for evacuation
[2020-09-11T15:38:53.860+0000][1][gc,age       ] GC(58) Desired survivor size 4358144 bytes, new threshold 6 (max threshold 6)
[2020-09-11T15:38:53.860+0000][1][gc,age       ] GC(58) Age table with threshold 6 (max threshold 6)
[2020-09-11T15:38:53.860+0000][1][gc,age       ] GC(58) - age   1:      62232 bytes,      62232 total
[2020-09-11T15:38:53.860+0000][1][gc,age       ] GC(58) - age   2:    1454552 bytes,    1516784 total
[2020-09-11T15:38:53.860+0000][1][gc,age       ] GC(58) - age   3:     301760 bytes,    1818544 total
[2020-09-11T15:38:53.860+0000][1][gc,age       ] GC(58) - age   4:     951640 bytes,    2770184 total
[2020-09-11T15:38:53.860+0000][1][gc,age       ] GC(58) - age   5:     297792 bytes,    3067976 total
[2020-09-11T15:38:53.860+0000][1][gc,age       ] GC(58) - age   6:     297136 bytes,    3365112 total
[2020-09-11T15:38:53.860+0000][1][gc,heap      ] GC(58) ParNew: 71937K->3645K(76672K)
[2020-09-11T15:38:53.860+0000][1][gc,heap      ] GC(58) CMS: 47900K->48265K(439104K)
[2020-09-11T15:38:53.860+0000][1][gc,metaspace ] GC(58) Metaspace: 36255K->36255K(1083392K)
[2020-09-11T15:38:53.860+0000][1][gc           ] GC(58) Pause Young (Allocation Failure) 117M->50M(503M) 34.575ms
[2020-09-11T15:38:53.860+0000][1][gc,cpu       ] GC(58) User=0.01s Sys=0.00s Real=0.03s
[2020-09-11T15:38:53.860+0000][1][safepoint    ] Safepoint "GenCollectForAllocation", Time since last: 127973076 ns, Reaching safepoint: 375532 ns, At safepoint: 34621725 ns, Total: 34997257 ns
[2020-09-11T15:38:53.885+0000][1][gc           ] GC(56) Concurrent Reset
[2020-09-11T15:38:53.885+0000][1][gc           ] GC(56) Concurrent Reset 0.707ms
[2020-09-11T15:38:53.886+0000][1][gc,cpu       ] GC(56) User=0.01s Sys=0.00s Real=0.00s
[2020-09-11T15:38:53.886+0000][1][gc,heap      ] GC(56) Old: 48884K->48265K(439104K)
[2020-09-11T15:38:54.893+0000][1][safepoint    ] Safepoint "Cleanup", Time since last: 1029007278 ns, Reaching safepoint: 4053965 ns, At safepoint: 12140 ns, Total: 4066105 ns
[2020-09-11T15:38:55.898+0000][1][safepoint    ] Safepoint "Cleanup", Time since last: 1005501427 ns, Reaching safepoint: 128911 ns, At safepoint: 5626 ns, Total: 134537 ns
[2020-09-11T15:38:56.909+0000][1][safepoint    ] Safepoint "Cleanup", Time since last: 1010293047 ns, Reaching safepoint: 384808 ns, At safepoint: 5740 ns, Total: 390548 ns
[2020-09-11T15:38:57.909+0000][1][safepoint    ] Safepoint "Cleanup", Time since last: 1000109603 ns, Reaching safepoint: 55166 ns, At safepoint: 7018 ns, Total: 62184 ns
[2020-09-11T15:38:58.466+0000][1][gc,start     ] GC(59) Pause Young (Allocation Failure)
[2020-09-11T15:38:58.466+0000][1][gc,task      ] GC(59) Using 1 workers of 1 for evacuation
[2020-09-11T15:38:58.540+0000][1][gc,age       ] GC(59) Desired survivor size 4358144 bytes, new threshold 4 (max threshold 6)
[2020-09-11T15:38:58.540+0000][1][gc,age       ] GC(59) Age table with threshold 4 (max threshold 6)
[2020-09-11T15:38:58.540+0000][1][gc,age       ] GC(59) - age   1:    2713096 bytes,    2713096 total
[2020-09-11T15:38:58.540+0000][1][gc,age       ] GC(59) - age   2:      60048 bytes,    2773144 total
[2020-09-11T15:38:58.540+0000][1][gc,age       ] GC(59) - age   3:    1408800 bytes,    4181944 total
[2020-09-11T15:38:58.540+0000][1][gc,age       ] GC(59) - age   4:     301760 bytes,    4483704 total
[2020-09-11T15:38:58.540+0000][1][gc,age       ] GC(59) - age   5:     951640 bytes,    5435344 total
[2020-09-11T15:38:58.540+0000][1][gc,age       ] GC(59) - age   6:     297792 bytes,    5733136 total
[2020-09-11T15:38:58.540+0000][1][gc,heap      ] GC(59) ParNew: 71805K->6209K(76672K)
[2020-09-11T15:38:58.540+0000][1][gc,heap      ] GC(59) CMS: 48265K->48555K(439104K)
[2020-09-11T15:38:58.540+0000][1][gc,metaspace ] GC(59) Metaspace: 42141K->42141K(1089536K)
[2020-09-11T15:38:58.540+0000][1][gc           ] GC(59) Pause Young (Allocation Failure) 117M->53M(503M) 74.209ms
[2020-09-11T15:38:58.540+0000][1][gc,cpu       ] GC(59) User=0.02s Sys=0.00s Real=0.07s
[2020-09-11T15:38:58.569+0000][1][safepoint    ] Safepoint "GenCollectForAllocation", Time since last: 556093155 ns, Reaching safepoint: 97094 ns, At safepoint: 103257052 ns, Total: 103354146 ns
[2020-09-11T15:38:58.571+0000][1][safepoint    ] Safepoint "RevokeBias", Time since last: 2406352 ns, Reaching safepoint: 23022 ns, At safepoint: 40407 ns, Total: 63429 ns
[2020-09-11T15:38:59.600+0000][1][safepoint    ] Safepoint "Cleanup", Time since last: 1028172724 ns, Reaching safepoint: 192739 ns, At safepoint: 5326 ns, Total: 198065 ns
[2020-09-11T15:39:00.609+0000][1][safepoint    ] Safepoint "Cleanup", Time since last: 1009149838 ns, Reaching safepoint: 111982 ns, At safepoint: 6494 ns, Total: 118476 ns
[2020-09-11T15:39:00.757+0000][1][safepoint    ] Safepoint "RevokeBias", Time since last: 140248817 ns, Reaching safepoint: 7677763 ns, At safepoint: 65607 ns, Total: 7743370 ns
[2020-09-11T15:39:00.761+0000][1][safepoint    ] Safepoint "BulkRevokeBias", Time since last: 209957 ns, Reaching safepoint: 3715733 ns, At safepoint: 80834 ns, Total: 3796567 ns
[2020-09-11T15:39:01.769+0000][1][safepoint    ] Safepoint "Cleanup", Time since last: 1007875411 ns, Reaching safepoint: 261902 ns, At safepoint: 7258 ns, Total: 269160 ns
[2020-09-11T15:39:05.774+0000][1][safepoint    ] Safepoint "RevokeBias", Time since last: 3986940140 ns, Reaching safepoint: 17915538 ns, At safepoint: 49218 ns, Total: 17964756 ns
[2020-09-11T15:39:05.774+0000][1][safepoint    ] Safepoint "RevokeBias", Time since last: 115638 ns, Reaching safepoint: 84765 ns, At safepoint: 33557 ns, Total: 118322 ns
[2020-09-11T15:39:05.774+0000][1][safepoint    ] Safepoint "RevokeBias", Time since last: 36198 ns, Reaching safepoint: 79724 ns, At safepoint: 30796 ns, Total: 110520 ns
[2020-09-11T15:39:05.774+0000][1][safepoint    ] Safepoint "RevokeBias", Time since last: 28435 ns, Reaching safepoint: 79502 ns, At safepoint: 30674 ns, Total: 110176 ns
[2020-09-11T15:39:05.777+0000][1][safepoint    ] Safepoint "RevokeBias", Time since last: 2340240 ns, Reaching safepoint: 90088 ns, At safepoint: 38542 ns, Total: 128630 ns
[2020-09-11T15:39:05.777+0000][1][safepoint    ] Safepoint "RevokeBias", Time since last: 40625 ns, Reaching safepoint: 80999 ns, At safepoint: 32530 ns, Total: 113529 ns
[2020-09-11T15:39:05.777+0000][1][safepoint    ] Safepoint "RevokeBias", Time since last: 29828 ns, Reaching safepoint: 80195 ns, At safepoint: 31114 ns, Total: 111309 ns
[2020-09-11T15:39:05.777+0000][1][safepoint    ] Safepoint "RevokeBias", Time since last: 32173 ns, Reaching safepoint: 79290 ns, At safepoint: 30813 ns, Total: 110103 ns
[2020-09-11T15:39:05.778+0000][1][safepoint    ] Safepoint "RevokeBias", Time since last: 28139 ns, Reaching safepoint: 78829 ns, At safepoint: 30604 ns, Total: 109433 ns
[2020-09-11T15:39:05.778+0000][1][safepoint    ] Safepoint "RevokeBias", Time since last: 27313 ns, Reaching safepoint: 79030 ns, At safepoint: 30516 ns, Total: 109546 ns
[2020-09-11T15:39:05.778+0000][1][safepoint    ] Safepoint "RevokeBias", Time since last: 27768 ns, Reaching safepoint: 79546 ns, At safepoint: 30849 ns, Total: 110395 ns
[2020-09-11T15:39:05.778+0000][1][safepoint    ] Safepoint "RevokeBias", Time since last: 29629 ns, Reaching safepoint: 79084 ns, At safepoint: 35456 ns, Total: 114540 ns
[2020-09-11T15:39:05.778+0000][1][safepoint    ] Safepoint "RevokeBias", Time since last: 27028 ns, Reaching safepoint: 78395 ns, At safepoint: 30565 ns, Total: 108960 ns
[2020-09-11T15:39:05.778+0000][1][safepoint    ] Safepoint "RevokeBias", Time since last: 82389 ns, Reaching safepoint: 81100 ns, At safepoint: 30999 ns, Total: 112099 ns
[2020-09-11T15:39:05.778+0000][1][safepoint    ] Safepoint "RevokeBias", Time since last: 35171 ns, Reaching safepoint: 91713 ns, At safepoint: 32013 ns, Total: 123726 ns
[2020-09-11T15:39:06.811+0000][1][safepoint    ] Safepoint "Cleanup", Time since last: 1032393351 ns, Reaching safepoint: 121098 ns, At safepoint: 6139 ns, Total: 127237 ns
[2020-09-11T15:39:07.819+0000][1][safepoint    ] Safepoint "Cleanup", Time since last: 1005246560 ns, Reaching safepoint: 2746957 ns, At safepoint: 11129 ns, Total: 2758086 ns
[2020-09-11T15:39:08.833+0000][1][safepoint    ] Safepoint "Cleanup", Time since last: 1013453061 ns, Reaching safepoint: 137301 ns, At safepoint: 7380 ns, Total: 144681 ns
[2020-09-11T15:39:09.854+0000][1][safepoint    ] Safepoint "Cleanup", Time since last: 1012234254 ns, Reaching safepoint: 3891885 ns, At safepoint: 5592009 ns, Total: 9483894 ns
[2020-09-11T15:39:10.866+0000][1][safepoint    ] Safepoint "Cleanup", Time since last: 1000106789 ns, Reaching safepoint: 11537958 ns, At safepoint: 10947 ns, Total: 11548905 ns
[2020-09-11T15:39:11.009+0000][1][gc,start     ] GC(60) Pause Young (Allocation Failure)
[2020-09-11T15:39:11.009+0000][1][gc,task      ] GC(60) Using 1 workers of 1 for evacuation
[2020-09-11T15:39:11.081+0000][1][gc,age       ] GC(60) Desired survivor size 4358144 bytes, new threshold 2 (max threshold 6)
[2020-09-11T15:39:11.081+0000][1][gc,age       ] GC(60) Age table with threshold 2 (max threshold 6)
[2020-09-11T15:39:11.082+0000][1][gc,age       ] GC(60) - age   1:    2739800 bytes,    2739800 total
[2020-09-11T15:39:11.082+0000][1][gc,age       ] GC(60) - age   2:    2610640 bytes,    5350440 total
[2020-09-11T15:39:11.082+0000][1][gc,age       ] GC(60) - age   3:      60048 bytes,    5410488 total
[2020-09-11T15:39:11.082+0000][1][gc,age       ] GC(60) - age   4:    1403592 bytes,    6814080 total
[2020-09-11T15:39:11.082+0000][1][gc,heap      ] GC(60) ParNew: 74369K->8512K(76672K)
[2020-09-11T15:39:11.082+0000][1][gc,heap      ] GC(60) CMS: 48555K->50070K(439104K)
[2020-09-11T15:39:11.082+0000][1][gc,metaspace ] GC(60) Metaspace: 47652K->47652K(1093632K)
[2020-09-11T15:39:11.082+0000][1][gc           ] GC(60) Pause Young (Allocation Failure) 120M->57M(503M) 72.651ms
[2020-09-11T15:39:11.082+0000][1][gc,cpu       ] GC(60) User=0.02s Sys=0.00s Real=0.08s
[2020-09-11T15:39:11.097+0000][1][safepoint    ] Safepoint "GenCollectForAllocation", Time since last: 142879005 ns, Reaching safepoint: 133253 ns, At safepoint: 87890543 ns, Total: 88023796 ns
[2020-09-11T15:39:11.201+0000][1][safepoint    ] Safepoint "RevokeBias", Time since last: 100359859 ns, Reaching safepoint: 3618882 ns, At safepoint: 17885 ns, Total: 3636767 ns
[2020-09-11T15:39:11.201+0000][1][safepoint    ] Safepoint "RevokeBias", Time since last: 65852 ns, Reaching safepoint: 83653 ns, At safepoint: 10893 ns, Total: 94546 ns
[2020-09-11T15:39:11.201+0000][1][safepoint    ] Safepoint "RevokeBias", Time since last: 33754 ns, Reaching safepoint: 80828 ns, At safepoint: 9839 ns, Total: 90667 ns
[2020-09-11T15:39:11.201+0000][1][safepoint    ] Safepoint "RevokeBias", Time since last: 36590 ns, Reaching safepoint: 80360 ns, At safepoint: 9358 ns, Total: 89718 ns
[2020-09-11T15:39:11.201+0000][1][safepoint    ] Safepoint "RevokeBias", Time since last: 29140 ns, Reaching safepoint: 81061 ns, At safepoint: 9817 ns, Total: 90878 ns
[2020-09-11T15:39:11.201+0000][1][safepoint    ] Safepoint "RevokeBias", Time since last: 34331 ns, Reaching safepoint: 80082 ns, At safepoint: 9235 ns, Total: 89317 ns
[2020-09-11T15:39:11.544+0000][1][safepoint    ] Safepoint "RevokeBias", Time since last: 342772635 ns, Reaching safepoint: 107990 ns, At safepoint: 32363 ns, Total: 140353 ns
[2020-09-11T15:39:11.573+0000][1][safepoint    ] Safepoint "RevokeBias", Time since last: 28393834 ns, Reaching safepoint: 106186 ns, At safepoint: 39171 ns, Total: 145357 ns
[2020-09-11T15:39:12.593+0000][1][safepoint    ] Safepoint "Cleanup", Time since last: 1000103199 ns, Reaching safepoint: 20079233 ns, At safepoint: 13914 ns, Total: 20093147 ns
[2020-09-11T15:39:12.723+0000][1][safepoint    ] Safepoint "RevokeBias", Time since last: 129980445 ns, Reaching safepoint: 175882 ns, At safepoint: 29315 ns, Total: 205197 ns
[2020-09-11T15:39:12.724+0000][1][safepoint    ] Safepoint "RevokeBias", Time since last: 186087 ns, Reaching safepoint: 84737 ns, At safepoint: 22827 ns, Total: 107564 ns
[2020-09-11T15:39:12.724+0000][1][safepoint    ] Safepoint "RevokeBias", Time since last: 40956 ns, Reaching safepoint: 81758 ns, At safepoint: 19508 ns, Total: 101266 ns
[2020-09-11T15:39:13.066+0000][1][safepoint    ] Safepoint "RevokeBias", Time since last: 337219524 ns, Reaching safepoint: 4921436 ns, At safepoint: 35815 ns, Total: 4957251 ns
[2020-09-11T15:39:13.069+0000][1][safepoint    ] Safepoint "RevokeBias", Time since last: 2967207 ns, Reaching safepoint: 99802 ns, At safepoint: 31235 ns, Total: 131037 ns
[2020-09-11T15:39:13.069+0000][1][safepoint    ] Safepoint "RevokeBias", Time since last: 123634 ns, Reaching safepoint: 81843 ns, At safepoint: 20211 ns, Total: 102054 ns
[2020-09-11T15:39:13.081+0000][1][safepoint    ] Safepoint "RevokeBias", Time since last: 3523617 ns, Reaching safepoint: 8254749 ns, At safepoint: 49992 ns, Total: 8304741 ns
[2020-09-11T15:39:13.082+0000][1][safepoint    ] Safepoint "RevokeBias", Time since last: 1000309 ns, Reaching safepoint: 89207 ns, At safepoint: 28930 ns, Total: 118137 ns
[2020-09-11T15:39:13.083+0000][1][safepoint    ] Safepoint "RevokeBias", Time since last: 522315 ns, Reaching safepoint: 95064 ns, At safepoint: 28896 ns, Total: 123960 ns
[2020-09-11T15:39:13.094+0000][1][safepoint    ] Safepoint "RevokeBias", Time since last: 7324491 ns, Reaching safepoint: 4071618 ns, At safepoint: 42608 ns, Total: 4114226 ns
[2020-09-11T15:39:13.095+0000][1][safepoint    ] Safepoint "RevokeBias", Time since last: 166232 ns, Reaching safepoint: 84928 ns, At safepoint: 20819 ns, Total: 105747 ns
[2020-09-11T15:39:13.105+0000][1][safepoint    ] Safepoint "RevokeBias", Time since last: 10673954 ns, Reaching safepoint: 117861 ns, At safepoint: 41775 ns, Total: 159636 ns
[2020-09-11T15:39:13.106+0000][1][safepoint    ] Safepoint "RevokeBias", Time since last: 68722 ns, Reaching safepoint: 81996 ns, At safepoint: 22058 ns, Total: 104054 ns
[2020-09-11T15:39:13.106+0000][1][safepoint    ] Safepoint "RevokeBias", Time since last: 32082 ns, Reaching safepoint: 81486 ns, At safepoint: 19988 ns, Total: 101474 ns
[2020-09-11T15:39:13.106+0000][1][safepoint    ] Safepoint "RevokeBias", Time since last: 30645 ns, Reaching safepoint: 86119 ns, At safepoint: 20276 ns, Total: 106395 ns
[2020-09-11T15:39:13.106+0000][1][safepoint    ] Safepoint "RevokeBias", Time since last: 30405 ns, Reaching safepoint: 80274 ns, At safepoint: 19818 ns, Total: 100092 ns
[2020-09-11T15:39:13.106+0000][1][safepoint    ] Safepoint "RevokeBias", Time since last: 29267 ns, Reaching safepoint: 80592 ns, At safepoint: 20188 ns, Total: 100780 ns
[2020-09-11T15:39:13.106+0000][1][safepoint    ] Safepoint "RevokeBias", Time since last: 32271 ns, Reaching safepoint: 80611 ns, At safepoint: 19558 ns, Total: 100169 ns
[2020-09-11T15:39:13.106+0000][1][safepoint    ] Safepoint "BulkRevokeBias", Time since last: 27093 ns, Reaching safepoint: 11455 ns, At safepoint: 67142 ns, Total: 78597 ns
[2020-09-11T15:39:13.106+0000][1][safepoint    ] Safepoint "RevokeBias", Time since last: 66987 ns, Reaching safepoint: 14737 ns, At safepoint: 22551 ns, Total: 37288 ns
[2020-09-11T15:39:13.106+0000][1][safepoint    ] Safepoint "RevokeBias", Time since last: 35088 ns, Reaching safepoint: 12822 ns, At safepoint: 19046 ns, Total: 31868 ns
[2020-09-11T15:39:13.142+0000][1][safepoint    ] Safepoint "RevokeBias", Time since last: 34962659 ns, Reaching safepoint: 109826 ns, At safepoint: 49679 ns, Total: 159505 ns
[2020-09-11T15:39:13.142+0000][1][safepoint    ] Safepoint "RevokeBias", Time since last: 63947 ns, Reaching safepoint: 13145 ns, At safepoint: 11539 ns, Total: 24684 ns
[2020-09-11T15:39:13.142+0000][1][safepoint    ] Safepoint "RevokeBias", Time since last: 41802 ns, Reaching safepoint: 12030 ns, At safepoint: 11153 ns, Total: 23183 ns
[2020-09-11T15:39:13.158+0000][1][safepoint    ] Safepoint "RevokeBias", Time since last: 15129139 ns, Reaching safepoint: 625654 ns, At safepoint: 43979 ns, Total: 669633 ns
[2020-09-11T15:39:13.158+0000][1][safepoint    ] Safepoint "RevokeBias", Time since last: 59286 ns, Reaching safepoint: 84610 ns, At safepoint: 25892 ns, Total: 110502 ns
[2020-09-11T15:39:13.158+0000][1][safepoint    ] Safepoint "RevokeBias", Time since last: 31034 ns, Reaching safepoint: 82369 ns, At safepoint: 22767 ns, Total: 105136 ns
[2020-09-11T15:39:13.158+0000][1][safepoint    ] Safepoint "RevokeBias", Time since last: 29854 ns, Reaching safepoint: 81250 ns, At safepoint: 21380 ns, Total: 102630 ns
[2020-09-11T15:39:13.161+0000][1][safepoint    ] Safepoint "RevokeBias", Time since last: 2798636 ns, Reaching safepoint: 96333 ns, At safepoint: 31484 ns, Total: 127817 ns
[2020-09-11T15:39:13.161+0000][1][safepoint    ] Safepoint "RevokeBias", Time since last: 42327 ns, Reaching safepoint: 83031 ns, At safepoint: 24007 ns, Total: 107038 ns
[2020-09-11T15:39:13.161+0000][1][safepoint    ] Safepoint "RevokeBias", Time since last: 31256 ns, Reaching safepoint: 82094 ns, At safepoint: 22858 ns, Total: 104952 ns
[2020-09-11T15:39:13.161+0000][1][safepoint    ] Safepoint "RevokeBias", Time since last: 33155 ns, Reaching safepoint: 83091 ns, At safepoint: 27593 ns, Total: 110684 ns
[2020-09-11T15:39:13.161+0000][1][safepoint    ] Safepoint "RevokeBias", Time since last: 29833 ns, Reaching safepoint: 82115 ns, At safepoint: 22548 ns, Total: 104663 ns
[2020-09-11T15:39:13.165+0000][1][safepoint    ] Safepoint "RevokeBias", Time since last: 29025 ns, Reaching safepoint: 3301359 ns, At safepoint: 43363 ns, Total: 3344722 ns
[2020-09-11T15:39:13.165+0000][1][safepoint    ] Safepoint "RevokeBias", Time since last: 59326 ns, Reaching safepoint: 85056 ns, At safepoint: 25434 ns, Total: 110490 ns
[2020-09-11T15:39:13.165+0000][1][safepoint    ] Safepoint "RevokeBias", Time since last: 31935 ns, Reaching safepoint: 83433 ns, At safepoint: 26906 ns, Total: 110339 ns
[2020-09-11T15:39:13.165+0000][1][safepoint    ] Safepoint "RevokeBias", Time since last: 29840 ns, Reaching safepoint: 83382 ns, At safepoint: 28011 ns, Total: 111393 ns
[2020-09-11T15:39:13.165+0000][1][safepoint    ] Safepoint "RevokeBias", Time since last: 29331 ns, Reaching safepoint: 82156 ns, At safepoint: 26330 ns, Total: 108486 ns
[2020-09-11T15:39:13.166+0000][1][safepoint    ] Safepoint "RevokeBias", Time since last: 29047 ns, Reaching safepoint: 82224 ns, At safepoint: 25459 ns, Total: 107683 ns
[2020-09-11T15:39:13.166+0000][1][safepoint    ] Safepoint "RevokeBias", Time since last: 28590 ns, Reaching safepoint: 82310 ns, At safepoint: 25412 ns, Total: 107722 ns
[2020-09-11T15:39:13.166+0000][1][safepoint    ] Safepoint "BulkRevokeBias", Time since last: 28801 ns, Reaching safepoint: 81787 ns, At safepoint: 72502 ns, Total: 154289 ns
[2020-09-11T15:39:13.169+0000][1][safepoint    ] Safepoint "RevokeBias", Time since last: 3095794 ns, Reaching safepoint: 94214 ns, At safepoint: 35641 ns, Total: 129855 ns
[2020-09-11T15:39:13.169+0000][1][safepoint    ] Safepoint "RevokeBias", Time since last: 60988 ns, Reaching safepoint: 81823 ns, At safepoint: 23290 ns, Total: 105113 ns
[2020-09-11T15:39:13.169+0000][1][safepoint    ] Safepoint "RevokeBias", Time since last: 66256 ns, Reaching safepoint: 84378 ns, At safepoint: 22116 ns, Total: 106494 ns
[2020-09-11T15:39:13.173+0000][1][safepoint    ] Safepoint "RevokeBias", Time since last: 39894 ns, Reaching safepoint: 3255946 ns, At safepoint: 20461 ns, Total: 3276407 ns
[2020-09-11T15:39:13.173+0000][1][safepoint    ] Safepoint "RevokeBias", Time since last: 115494 ns, Reaching safepoint: 82148 ns, At safepoint: 21453 ns, Total: 103601 ns
[2020-09-11T15:39:13.173+0000][1][safepoint    ] Safepoint "RevokeBias", Time since last: 228995 ns, Reaching safepoint: 83749 ns, At safepoint: 20624 ns, Total: 104373 ns
[2020-09-11T15:39:13.174+0000][1][safepoint    ] Safepoint "RevokeBias", Time since last: 80877 ns, Reaching safepoint: 82430 ns, At safepoint: 21000 ns, Total: 103430 ns
[2020-09-11T15:39:13.174+0000][1][safepoint    ] Safepoint "RevokeBias", Time since last: 124697 ns, Reaching safepoint: 82669 ns, At safepoint: 20277 ns, Total: 102946 ns
[2020-09-11T15:39:13.174+0000][1][safepoint    ] Safepoint "RevokeBias", Time since last: 44666 ns, Reaching safepoint: 80479 ns, At safepoint: 20835 ns, Total: 101314 ns
[2020-09-11T15:39:13.174+0000][1][safepoint    ] Safepoint "RevokeBias", Time since last: 26739 ns, Reaching safepoint: 79227 ns, At safepoint: 19674 ns, Total: 98901 ns
[2020-09-11T15:39:13.177+0000][1][safepoint    ] Safepoint "RevokeBias", Time since last: 2745962 ns, Reaching safepoint: 81206 ns, At safepoint: 18085 ns, Total: 99291 ns
[2020-09-11T15:39:13.177+0000][1][safepoint    ] Safepoint "RevokeBias", Time since last: 203748 ns, Reaching safepoint: 81766 ns, At safepoint: 17194 ns, Total: 98960 ns
[2020-09-11T15:39:13.177+0000][1][safepoint    ] Safepoint "RevokeBias", Time since last: 103913 ns, Reaching safepoint: 81034 ns, At safepoint: 16197 ns, Total: 97231 ns
[2020-09-11T15:39:13.185+0000][1][safepoint    ] Safepoint "RevokeBias", Time since last: 7399532 ns, Reaching safepoint: 313510 ns, At safepoint: 27839 ns, Total: 341349 ns
[2020-09-11T15:39:13.186+0000][1][safepoint    ] Safepoint "RevokeBias", Time since last: 615553 ns, Reaching safepoint: 97473 ns, At safepoint: 25158 ns, Total: 122631 ns
[2020-09-11T15:39:13.186+0000][1][safepoint    ] Safepoint "RevokeBias", Time since last: 83309 ns, Reaching safepoint: 82311 ns, At safepoint: 19286 ns, Total: 101597 ns
[2020-09-11T15:39:13.186+0000][1][safepoint    ] Safepoint "RevokeBias", Time since last: 205277 ns, Reaching safepoint: 82977 ns, At safepoint: 20652 ns, Total: 103629 ns
[2020-09-11T15:39:13.231+0000][1][safepoint    ] Safepoint "RevokeBias", Time since last: 44963864 ns, Reaching safepoint: 120732 ns, At safepoint: 40822 ns, Total: 161554 ns
[2020-09-11T15:39:13.232+0000][1][safepoint    ] Safepoint "RevokeBias", Time since last: 897473 ns, Reaching safepoint: 86384 ns, At safepoint: 28490 ns, Total: 114874 ns
[2020-09-11T15:39:13.241+0000][1][safepoint    ] Safepoint "RevokeBias", Time since last: 8352096 ns, Reaching safepoint: 113673 ns, At safepoint: 33860 ns, Total: 147533 ns
[2020-09-11T15:39:13.241+0000][1][safepoint    ] Safepoint "RevokeBias", Time since last: 57289 ns, Reaching safepoint: 85006 ns, At safepoint: 26112 ns, Total: 111118 ns
[2020-09-11T15:39:13.917+0000][1][safepoint    ] Safepoint "RevokeBias", Time since last: 675622034 ns, Reaching safepoint: 123784 ns, At safepoint: 21597 ns, Total: 145381 ns
[2020-09-11T15:39:13.917+0000][1][safepoint    ] Safepoint "RevokeBias", Time since last: 171031 ns, Reaching safepoint: 12754 ns, At safepoint: 7626 ns, Total: 20380 ns
[2020-09-11T15:39:13.917+0000][1][safepoint    ] Safepoint "RevokeBias", Time since last: 189343 ns, Reaching safepoint: 12060 ns, At safepoint: 7067 ns, Total: 19127 ns
[2020-09-11T15:39:14.813+0000][1][gc,start     ] GC(61) Pause Young (Allocation Failure)
[2020-09-11T15:39:14.813+0000][1][gc,task      ] GC(61) Using 1 workers of 1 for evacuation
[2020-09-11T15:39:15.024+0000][1][gc,age       ] GC(61) Desired survivor size 4358144 bytes, new threshold 2 (max threshold 6)
[2020-09-11T15:39:15.024+0000][1][gc,age       ] GC(61) Age table with threshold 2 (max threshold 6)
[2020-09-11T15:39:15.024+0000][1][gc,age       ] GC(61) - age   1:    2232096 bytes,    2232096 total
[2020-09-11T15:39:15.024+0000][1][gc,age       ] GC(61) - age   2:    2622152 bytes,    4854248 total
[2020-09-11T15:39:15.024+0000][1][gc,heap      ] GC(61) ParNew: 76672K->6087K(76672K)
[2020-09-11T15:39:15.024+0000][1][gc,heap      ] GC(61) CMS: 50070K->54110K(439104K)
[2020-09-11T15:39:15.024+0000][1][gc,metaspace ] GC(61) Metaspace: 52610K->52610K(1097728K)
[2020-09-11T15:39:15.024+0000][1][gc           ] GC(61) Pause Young (Allocation Failure) 123M->58M(503M) 210.962ms
[2020-09-11T15:39:15.024+0000][1][gc,cpu       ] GC(61) User=0.07s Sys=0.00s Real=0.21s
[2020-09-11T15:39:15.042+0000][1][safepoint    ] Safepoint "GenCollectForAllocation", Time since last: 895435053 ns, Reaching safepoint: 119921 ns, At safepoint: 229237160 ns, Total: 229357081 ns
[2020-09-11T15:39:16.357+0000][1][safepoint    ] Safepoint "Cleanup", Time since last: 1314717622 ns, Reaching safepoint: 540727 ns, At safepoint: 7818 ns, Total: 548545 ns
[2020-09-11T15:39:16.996+0000][1][safepoint    ] Safepoint "RevokeBias", Time since last: 638623259 ns, Reaching safepoint: 113416 ns, At safepoint: 62330 ns, Total: 175746 ns
[2020-09-11T15:39:18.009+0000][1][safepoint    ] Safepoint "Cleanup", Time since last: 1000115335 ns, Reaching safepoint: 12861377 ns, At safepoint: 15204 ns, Total: 12876581 ns
[2020-09-11T15:39:18.261+0000][1][safepoint    ] Safepoint "RevokeBias", Time since last: 248445607 ns, Reaching safepoint: 3174422 ns, At safepoint: 30231 ns, Total: 3204653 ns
[2020-09-11T15:39:18.707+0000][1][safepoint    ] Safepoint "CollectForMetadataAllocation", Time since last: 444998836 ns, Reaching safepoint: 939548 ns, At safepoint: 90285 ns, Total: 1029833 ns
[2020-09-11T15:39:18.713+0000][1][gc,start     ] GC(62) Pause Young (Allocation Failure)
[2020-09-11T15:39:18.717+0000][1][gc,task      ] GC(62) Using 1 workers of 1 for evacuation
[2020-09-11T15:39:18.855+0000][1][gc,age       ] GC(62) Desired survivor size 4358144 bytes, new threshold 6 (max threshold 6)
[2020-09-11T15:39:18.855+0000][1][gc,age       ] GC(62) Age table with threshold 6 (max threshold 6)
[2020-09-11T15:39:18.855+0000][1][gc,age       ] GC(62) - age   1:    1630368 bytes,    1630368 total
[2020-09-11T15:39:18.855+0000][1][gc,age       ] GC(62) - age   2:    2201320 bytes,    3831688 total
[2020-09-11T15:39:18.855+0000][1][gc,heap      ] GC(62) ParNew: 74247K->5077K(76672K)
[2020-09-11T15:39:18.855+0000][1][gc,heap      ] GC(62) CMS: 54110K->56781K(439104K)
[2020-09-11T15:39:18.855+0000][1][gc,metaspace ] GC(62) Metaspace: 60265K->60265K(1103872K)
[2020-09-11T15:39:18.855+0000][1][gc           ] GC(62) Pause Young (Allocation Failure) 125M->60M(503M) 142.226ms
[2020-09-11T15:39:18.855+0000][1][gc,cpu       ] GC(62) User=0.05s Sys=0.00s Real=0.15s
[2020-09-11T15:39:18.855+0000][1][safepoint    ] Safepoint "GenCollectForAllocation", Time since last: 5794320 ns, Reaching safepoint: 41648 ns, At safepoint: 142388643 ns, Total: 142430291 ns
[2020-09-11T15:39:18.885+0000][1][gc,start     ] GC(63) Pause Initial Mark
[2020-09-11T15:39:18.899+0000][1][gc           ] GC(63) Pause Initial Mark 61M->61M(503M) 13.105ms
[2020-09-11T15:39:18.899+0000][1][gc,cpu       ] GC(63) User=0.00s Sys=0.00s Real=0.01s
[2020-09-11T15:39:18.899+0000][1][safepoint    ] Safepoint "CMS_Initial_Mark", Time since last: 21705726 ns, Reaching safepoint: 8626219 ns, At safepoint: 13192626 ns, Total: 21818845 ns
[2020-09-11T15:39:18.909+0000][1][gc           ] GC(63) Concurrent Mark
[2020-09-11T15:39:18.927+0000][1][safepoint    ] Safepoint "CollectForMetadataAllocation", Time since last: 22180314 ns, Reaching safepoint: 6129099 ns, At safepoint: 142135 ns, Total: 6271234 ns
[2020-09-11T15:39:19.054+0000][1][safepoint    ] Safepoint "CollectForMetadataAllocation", Time since last: 126525289 ns, Reaching safepoint: 38834 ns, At safepoint: 122340 ns, Total: 161174 ns
[2020-09-11T15:39:19.379+0000][1][gc           ] GC(63) Concurrent Mark 470.697ms
[2020-09-11T15:39:19.380+0000][1][gc,cpu       ] GC(63) User=0.15s Sys=0.00s Real=0.47s
[2020-09-11T15:39:19.380+0000][1][gc           ] GC(63) Concurrent Preclean
[2020-09-11T15:39:19.401+0000][1][safepoint    ] Safepoint "CollectForMetadataAllocation", Time since last: 335391171 ns, Reaching safepoint: 11762953 ns, At safepoint: 116625 ns, Total: 11879578 ns
[2020-09-11T15:39:19.413+0000][1][gc           ] GC(63) Concurrent Preclean 33.211ms
[2020-09-11T15:39:19.413+0000][1][gc,cpu       ] GC(63) User=0.01s Sys=0.00s Real=0.04s
[2020-09-11T15:39:19.413+0000][1][gc           ] GC(63) Concurrent Abortable Preclean
[2020-09-11T15:39:19.545+0000][1][safepoint    ] Safepoint "CollectForMetadataAllocation", Time since last: 132093332 ns, Reaching safepoint: 11734665 ns, At safepoint: 130357 ns, Total: 11865022 ns
[2020-09-11T15:39:19.978+0000][1][safepoint    ] Safepoint "CollectForMetadataAllocation", Time since last: 432673569 ns, Reaching safepoint: 66891 ns, At safepoint: 77449 ns, Total: 144340 ns
[2020-09-11T15:39:20.257+0000][1][safepoint    ] Safepoint "CollectForMetadataAllocation", Time since last: 278999813 ns, Reaching safepoint: 59945 ns, At safepoint: 114228 ns, Total: 174173 ns
[2020-09-11T15:39:21.343+0000][1][safepoint    ] Safepoint "Cleanup", Time since last: 1036682666 ns, Reaching safepoint: 49048336 ns, At safepoint: 2482 ns, Total: 49050818 ns
[2020-09-11T15:39:21.343+0000][1][safepoint    ] Safepoint "CollectForMetadataAllocation", Time since last: 41379 ns, Reaching safepoint: 11775 ns, At safepoint: 128642 ns, Total: 140417 ns
[2020-09-11T15:39:22.027+0000][1][safepoint    ] Safepoint "RevokeBias", Time since last: 646198573 ns, Reaching safepoint: 37824318 ns, At safepoint: 71336 ns, Total: 37895654 ns
[2020-09-11T15:39:22.035+0000][1][safepoint    ] Safepoint "RevokeBias", Time since last: 7411826 ns, Reaching safepoint: 428735 ns, At safepoint: 43563 ns, Total: 472298 ns
[2020-09-11T15:39:22.035+0000][1][safepoint    ] Safepoint "RevokeBias", Time since last: 57708 ns, Reaching safepoint: 13992 ns, At safepoint: 25418 ns, Total: 39410 ns
[2020-09-11T15:39:22.035+0000][1][safepoint    ] Safepoint "RevokeBias", Time since last: 58436 ns, Reaching safepoint: 14353 ns, At safepoint: 23046 ns, Total: 37399 ns
[2020-09-11T15:39:22.035+0000][1][safepoint    ] Safepoint "RevokeBias", Time since last: 96414 ns, Reaching safepoint: 14785 ns, At safepoint: 22884 ns, Total: 37669 ns
[2020-09-11T15:39:22.353+0000][1][safepoint    ] Safepoint "CollectForMetadataAllocation", Time since last: 302950443 ns, Reaching safepoint: 14846844 ns, At safepoint: 79704 ns, Total: 14926548 ns
[2020-09-11T15:39:22.473+0000][1][safepoint    ] Safepoint "RevokeBias", Time since last: 115734670 ns, Reaching safepoint: 4037232 ns, At safepoint: 24095 ns, Total: 4061327 ns
[2020-09-11T15:39:22.992+0000][1][safepoint    ] Safepoint "CollectForMetadataAllocation", Time since last: 510071951 ns, Reaching safepoint: 8877591 ns, At safepoint: 112636 ns, Total: 8990227 ns
[2020-09-11T15:39:23.225+0000][1][safepoint    ] Safepoint "Deoptimize", Time since last: 232791855 ns, Reaching safepoint: 86573 ns, At safepoint: 299369 ns, Total: 385942 ns
[2020-09-11T15:39:23.738+0000][1][safepoint    ] Safepoint "CollectForMetadataAllocation", Time since last: 513003713 ns, Reaching safepoint: 61621 ns, At safepoint: 112904 ns, Total: 174525 ns
[2020-09-11T15:39:24.190+0000][1][safepoint    ] Safepoint "CollectForMetadataAllocation", Time since last: 451610542 ns, Reaching safepoint: 70070 ns, At safepoint: 112452 ns, Total: 182522 ns
[2020-09-11T15:39:24.602+0000][1][gc           ] GC(63) Concurrent Abortable Preclean 5189.510ms
[2020-09-11T15:39:24.602+0000][1][gc,cpu       ] GC(63) User=1.17s Sys=0.01s Real=5.19s
[2020-09-11T15:39:24.637+0000][1][gc,start     ] GC(63) Pause Remark
[2020-09-11T15:39:24.829+0000][1][gc           ] GC(63) Pause Remark 101M->101M(503M) 192.346ms
[2020-09-11T15:39:24.829+0000][1][gc,cpu       ] GC(63) User=0.05s Sys=0.00s Real=0.19s
[2020-09-11T15:39:24.842+0000][1][safepoint    ] Safepoint "CMS_Final_Remark", Time since last: 446729925 ns, Reaching safepoint: 109679 ns, At safepoint: 205487742 ns, Total: 205597421 ns
[2020-09-11T15:39:24.842+0000][1][gc           ] GC(63) Concurrent Sweep
[2020-09-11T15:39:24.954+0000][1][safepoint    ] Safepoint "RevokeBias", Time since last: 110425032 ns, Reaching safepoint: 710453 ns, At safepoint: 17323 ns, Total: 727776 ns
[2020-09-11T15:39:24.954+0000][1][safepoint    ] Safepoint "BulkRevokeBias", Time since last: 146342 ns, Reaching safepoint: 18096 ns, At safepoint: 75328 ns, Total: 93424 ns
[2020-09-11T15:39:25.018+0000][1][gc           ] GC(63) Concurrent Sweep 176.019ms
[2020-09-11T15:39:25.019+0000][1][gc,cpu       ] GC(63) User=0.04s Sys=0.00s Real=0.17s
[2020-09-11T15:39:25.019+0000][1][gc           ] GC(63) Concurrent Reset
[2020-09-11T15:39:25.019+0000][1][gc           ] GC(63) Concurrent Reset 0.647ms
[2020-09-11T15:39:25.019+0000][1][gc,cpu       ] GC(63) User=0.00s Sys=0.00s Real=0.00s
[2020-09-11T15:39:25.019+0000][1][gc,heap      ] GC(63) Old: 56781K->55826K(439104K)
[2020-09-11T15:39:25.966+0000][1][safepoint    ] Safepoint "Cleanup", Time since last: 1000085690 ns, Reaching safepoint: 12012866 ns, At safepoint: 10405 ns, Total: 12023271 ns
[2020-09-11T15:39:26.967+0000][1][safepoint    ] Safepoint "Cleanup", Time since last: 1000668419 ns, Reaching safepoint: 122103 ns, At safepoint: 7638 ns, Total: 129741 ns
[2020-09-11T15:39:27.357+0000][1][gc,start     ] GC(64) Pause Young (Allocation Failure)
[2020-09-11T15:39:27.368+0000][1][gc,task      ] GC(64) Using 1 workers of 1 for evacuation
[2020-09-11T15:39:27.453+0000][1][gc,age       ] GC(64) Desired survivor size 4358144 bytes, new threshold 2 (max threshold 6)
[2020-09-11T15:39:27.453+0000][1][gc,age       ] GC(64) Age table with threshold 2 (max threshold 6)
[2020-09-11T15:39:27.453+0000][1][gc,age       ] GC(64) - age   1:    3427344 bytes,    3427344 total
[2020-09-11T15:39:27.453+0000][1][gc,age       ] GC(64) - age   2:    1449576 bytes,    4876920 total
[2020-09-11T15:39:27.453+0000][1][gc,age       ] GC(64) - age   3:    2186376 bytes,    7063296 total
[2020-09-11T15:39:27.453+0000][1][gc,heap      ] GC(64) ParNew: 73237K->8151K(76672K)
[2020-09-11T15:39:27.453+0000][1][gc,heap      ] GC(64) CMS: 55826K->55826K(439104K)
[2020-09-11T15:39:27.453+0000][1][gc,metaspace ] GC(64) Metaspace: 66203K->66203K(1110016K)
[2020-09-11T15:39:27.453+0000][1][gc           ] GC(64) Pause Young (Allocation Failure) 126M->62M(503M) 95.592ms
[2020-09-11T15:39:27.453+0000][1][gc,cpu       ] GC(64) User=0.03s Sys=0.00s Real=0.09s
[2020-09-11T15:39:27.483+0000][1][safepoint    ] Safepoint "GenCollectForAllocation", Time since last: 390248538 ns, Reaching safepoint: 114025 ns, At safepoint: 126104849 ns, Total: 126218874 ns
[2020-09-11T15:39:28.449+0000][1][safepoint    ] Safepoint "Deoptimize", Time since last: 965443148 ns, Reaching safepoint: 126642 ns, At safepoint: 351676 ns, Total: 478318 ns
[2020-09-11T15:39:28.513+0000][1][safepoint    ] Safepoint "Deoptimize", Time since last: 63701926 ns, Reaching safepoint: 94801 ns, At safepoint: 320631 ns, Total: 415432 ns
[2020-09-11T15:39:29.005+0000][1][safepoint    ] Safepoint "RevokeBias", Time since last: 491868703 ns, Reaching safepoint: 120864 ns, At safepoint: 30915 ns, Total: 151779 ns
[2020-09-11T15:39:29.006+0000][1][safepoint    ] Safepoint "RevokeBias", Time since last: 465275 ns, Reaching safepoint: 92333 ns, At safepoint: 25553 ns, Total: 117886 ns
[2020-09-11T15:39:29.027+0000][1][safepoint    ] Safepoint "RevokeBias", Time since last: 21530353 ns, Reaching safepoint: 112287 ns, At safepoint: 32012 ns, Total: 144299 ns
[2020-09-11T15:39:29.028+0000][1][safepoint    ] Safepoint "RevokeBias", Time since last: 662045 ns, Reaching safepoint: 28027 ns, At safepoint: 24865 ns, Total: 52892 ns
[2020-09-11T15:39:29.028+0000][1][safepoint    ] Safepoint "RevokeBias", Time since last: 51721 ns, Reaching safepoint: 17901 ns, At safepoint: 19447 ns, Total: 37348 ns
[2020-09-11T15:39:29.029+0000][1][safepoint    ] Safepoint "RevokeBias", Time since last: 319514 ns, Reaching safepoint: 15901 ns, At safepoint: 21043 ns, Total: 36944 ns
[2020-09-11T15:39:29.037+0000][1][safepoint    ] Safepoint "RevokeBias", Time since last: 8145876 ns, Reaching safepoint: 36592 ns, At safepoint: 28592 ns, Total: 65184 ns
[2020-09-11T15:39:29.037+0000][1][safepoint    ] Safepoint "RevokeBias", Time since last: 68170 ns, Reaching safepoint: 19307 ns, At safepoint: 20781 ns, Total: 40088 ns
[2020-09-11T15:39:29.038+0000][1][safepoint    ] Safepoint "RevokeBias", Time since last: 608680 ns, Reaching safepoint: 89727 ns, At safepoint: 20078 ns, Total: 109805 ns
[2020-09-11T15:39:29.041+0000][1][safepoint    ] Safepoint "RevokeBias", Time since last: 3103954 ns, Reaching safepoint: 100878 ns, At safepoint: 26054 ns, Total: 126932 ns
[2020-09-11T15:39:29.041+0000][1][safepoint    ] Safepoint "RevokeBias", Time since last: 124110 ns, Reaching safepoint: 91058 ns, At safepoint: 21019 ns, Total: 112077 ns
[2020-09-11T15:39:29.054+0000][1][safepoint    ] Safepoint "Deoptimize", Time since last: 11661814 ns, Reaching safepoint: 519716 ns, At safepoint: 351053 ns, Total: 870769 ns
[2020-09-11T15:39:29.074+0000][1][safepoint    ] Safepoint "RevokeBias", Time since last: 19583704 ns, Reaching safepoint: 987856 ns, At safepoint: 43271 ns, Total: 1031127 ns
[2020-09-11T15:39:29.075+0000][1][safepoint    ] Safepoint "RevokeBias", Time since last: 547459 ns, Reaching safepoint: 94236 ns, At safepoint: 49559 ns, Total: 143795 ns
[2020-09-11T15:39:29.075+0000][1][safepoint    ] Safepoint "RevokeBias", Time since last: 52805 ns, Reaching safepoint: 87740 ns, At safepoint: 43754 ns, Total: 131494 ns
[2020-09-11T15:39:29.075+0000][1][safepoint    ] Safepoint "RevokeBias", Time since last: 46616 ns, Reaching safepoint: 85770 ns, At safepoint: 44123 ns, Total: 129893 ns
[2020-09-11T15:39:29.076+0000][1][safepoint    ] Safepoint "RevokeBias", Time since last: 43198 ns, Reaching safepoint: 83752 ns, At safepoint: 40467 ns, Total: 124219 ns
[2020-09-11T15:39:29.076+0000][1][safepoint    ] Safepoint "RevokeBias", Time since last: 43876 ns, Reaching safepoint: 82004 ns, At safepoint: 27149 ns, Total: 109153 ns
[2020-09-11T15:39:29.076+0000][1][safepoint    ] Safepoint "RevokeBias", Time since last: 41535 ns, Reaching safepoint: 81725 ns, At safepoint: 24995 ns, Total: 106720 ns
[2020-09-11T15:39:29.076+0000][1][safepoint    ] Safepoint "RevokeBias", Time since last: 40754 ns, Reaching safepoint: 80449 ns, At safepoint: 25149 ns, Total: 105598 ns
[2020-09-11T15:39:30.239+0000][1][safepoint    ] Safepoint "Cleanup", Time since last: 1160844652 ns, Reaching safepoint: 2213560 ns, At safepoint: 8844 ns, Total: 2222404 ns
[2020-09-11T15:39:31.065+0000][1][safepoint    ] Safepoint "RevokeBias", Time since last: 826208133 ns, Reaching safepoint: 152391 ns, At safepoint: 35046 ns, Total: 187437 ns
[2020-09-11T15:39:31.134+0000][1][safepoint    ] Safepoint "RevokeBias", Time since last: 67499063 ns, Reaching safepoint: 1192572 ns, At safepoint: 40177 ns, Total: 1232749 ns
[2020-09-11T15:39:31.149+0000][1][safepoint    ] Safepoint "RevokeBias", Time since last: 10699001 ns, Reaching safepoint: 3993393 ns, At safepoint: 51601 ns, Total: 4044994 ns
[2020-09-11T15:39:31.177+0000][1][safepoint    ] Safepoint "RevokeBias", Time since last: 27877037 ns, Reaching safepoint: 131764 ns, At safepoint: 24628 ns, Total: 156392 ns
[2020-09-11T15:39:31.201+0000][1][safepoint    ] Safepoint "RevokeBias", Time since last: 228886 ns, Reaching safepoint: 23804771 ns, At safepoint: 34947 ns, Total: 23839718 ns
[2020-09-11T15:39:31.202+0000][1][safepoint    ] Safepoint "RevokeBias", Time since last: 467126 ns, Reaching safepoint: 88786 ns, At safepoint: 17054 ns, Total: 105840 ns
[2020-09-11T15:39:31.202+0000][1][safepoint    ] Safepoint "RevokeBias", Time since last: 42786 ns, Reaching safepoint: 83537 ns, At safepoint: 14229 ns, Total: 97766 ns
[2020-09-11T15:39:31.208+0000][1][safepoint    ] Safepoint "RevokeBias", Time since last: 5688467 ns, Reaching safepoint: 101131 ns, At safepoint: 23269 ns, Total: 124400 ns
[2020-09-11T15:39:31.214+0000][1][safepoint    ] Safepoint "RevokeBias", Time since last: 5989031 ns, Reaching safepoint: 102586 ns, At safepoint: 22757 ns, Total: 125343 ns
[2020-09-11T15:39:31.238+0000][1][safepoint    ] Safepoint "RevokeBias", Time since last: 19601347 ns, Reaching safepoint: 4335084 ns, At safepoint: 30562 ns, Total: 4365646 ns
[2020-09-11T15:39:31.248+0000][1][safepoint    ] Safepoint "RevokeBias", Time since last: 10578000 ns, Reaching safepoint: 193592 ns, At safepoint: 19102 ns, Total: 212694 ns
[2020-09-11T15:39:31.253+0000][1][safepoint    ] Safepoint "RevokeBias", Time since last: 242022 ns, Reaching safepoint: 4125457 ns, At safepoint: 45357 ns, Total: 4170814 ns
[2020-09-11T15:39:31.258+0000][1][safepoint    ] Safepoint "RevokeBias", Time since last: 4288810 ns, Reaching safepoint: 789807 ns, At safepoint: 21156 ns, Total: 810963 ns
[2020-09-11T15:39:31.272+0000][1][safepoint    ] Safepoint "RevokeBias", Time since last: 13928174 ns, Reaching safepoint: 122387 ns, At safepoint: 22208 ns, Total: 144595 ns
[2020-09-11T15:39:31.272+0000][1][safepoint    ] Safepoint "RevokeBias", Time since last: 387872 ns, Reaching safepoint: 108784 ns, At safepoint: 17394 ns, Total: 126178 ns
[2020-09-11T15:39:31.273+0000][1][safepoint    ] Safepoint "RevokeBias", Time since last: 53203 ns, Reaching safepoint: 102296 ns, At safepoint: 23876 ns, Total: 126172 ns
[2020-09-11T15:39:31.273+0000][1][safepoint    ] Safepoint "RevokeBias", Time since last: 412843 ns, Reaching safepoint: 104765 ns, At safepoint: 15488 ns, Total: 120253 ns
[2020-09-11T15:39:31.273+0000][1][safepoint    ] Safepoint "RevokeBias", Time since last: 44656 ns, Reaching safepoint: 96826 ns, At safepoint: 13756 ns, Total: 110582 ns
[2020-09-11T15:39:31.299+0000][1][safepoint    ] Safepoint "RevokeBias", Time since last: 25265809 ns, Reaching safepoint: 122697 ns, At safepoint: 19784 ns, Total: 142481 ns
[2020-09-11T15:39:31.299+0000][1][safepoint    ] Safepoint "RevokeBias", Time since last: 116830 ns, Reaching safepoint: 26852 ns, At safepoint: 13741 ns, Total: 40593 ns
[2020-09-11T15:39:31.299+0000][1][safepoint    ] Safepoint "RevokeBias", Time since last: 58500 ns, Reaching safepoint: 22545 ns, At safepoint: 11657 ns, Total: 34202 ns
[2020-09-11T15:39:31.350+0000][1][safepoint    ] Safepoint "RevokeBias", Time since last: 34205762 ns, Reaching safepoint: 17252630 ns, At safepoint: 18846 ns, Total: 17271476 ns
[2020-09-11T15:39:31.351+0000][1][safepoint    ] Safepoint "RevokeBias", Time since last: 108712 ns, Reaching safepoint: 96462 ns, At safepoint: 13940 ns, Total: 110402 ns
[2020-09-11T15:39:31.351+0000][1][safepoint    ] Safepoint "RevokeBias", Time since last: 626087 ns, Reaching safepoint: 102603 ns, At safepoint: 18556 ns, Total: 121159 ns
[2020-09-11T15:39:31.352+0000][1][safepoint    ] Safepoint "RevokeBias", Time since last: 40416 ns, Reaching safepoint: 96118 ns, At safepoint: 15656 ns, Total: 111774 ns
[2020-09-11T15:39:31.352+0000][1][safepoint    ] Safepoint "RevokeBias", Time since last: 38283 ns, Reaching safepoint: 93810 ns, At safepoint: 16393 ns, Total: 110203 ns
[2020-09-11T15:39:31.389+0000][1][safepoint    ] Safepoint "RevokeBias", Time since last: 37015502 ns, Reaching safepoint: 130488 ns, At safepoint: 27231 ns, Total: 157719 ns
[2020-09-11T15:39:31.389+0000][1][safepoint    ] Safepoint "RevokeBias", Time since last: 135425 ns, Reaching safepoint: 105237 ns, At safepoint: 15756 ns, Total: 120993 ns
[2020-09-11T15:39:31.389+0000][1][safepoint    ] Safepoint "RevokeBias", Time since last: 70286 ns, Reaching safepoint: 97848 ns, At safepoint: 12695 ns, Total: 110543 ns
[2020-09-11T15:39:31.390+0000][1][safepoint    ] Safepoint "RevokeBias", Time since last: 358394 ns, Reaching safepoint: 99729 ns, At safepoint: 42157 ns, Total: 141886 ns
[2020-09-11T15:39:31.395+0000][1][safepoint    ] Safepoint "RevokeBias", Time since last: 4990523 ns, Reaching safepoint: 123190 ns, At safepoint: 20276 ns, Total: 143466 ns
[2020-09-11T15:39:31.425+0000][1][safepoint    ] Safepoint "RevokeBias", Time since last: 29776912 ns, Reaching safepoint: 121873 ns, At safepoint: 24348 ns, Total: 146221 ns
[2020-09-11T15:39:31.425+0000][1][safepoint    ] Safepoint "RevokeBias", Time since last: 349134 ns, Reaching safepoint: 108085 ns, At safepoint: 17068 ns, Total: 125153 ns
[2020-09-11T15:39:31.426+0000][1][safepoint    ] Safepoint "RevokeBias", Time since last: 58051 ns, Reaching safepoint: 98170 ns, At safepoint: 14267 ns, Total: 112437 ns
[2020-09-11T15:39:31.431+0000][1][safepoint    ] Safepoint "RevokeBias", Time since last: 5374716 ns, Reaching safepoint: 106170 ns, At safepoint: 39634 ns, Total: 145804 ns
[2020-09-11T15:39:31.455+0000][1][safepoint    ] Safepoint "RevokeBias", Time since last: 23752728 ns, Reaching safepoint: 119223 ns, At safepoint: 22774 ns, Total: 141997 ns
[2020-09-11T15:39:31.455+0000][1][safepoint    ] Safepoint "RevokeBias", Time since last: 135465 ns, Reaching safepoint: 98837 ns, At safepoint: 16696 ns, Total: 115533 ns
[2020-09-11T15:39:31.458+0000][1][safepoint    ] Safepoint "RevokeBias", Time since last: 3071822 ns, Reaching safepoint: 104524 ns, At safepoint: 20677 ns, Total: 125201 ns
[2020-09-11T15:39:31.459+0000][1][safepoint    ] Safepoint "RevokeBias", Time since last: 51858 ns, Reaching safepoint: 96225 ns, At safepoint: 16873 ns, Total: 113098 ns
[2020-09-11T15:39:31.459+0000][1][safepoint    ] Safepoint "RevokeBias", Time since last: 41900 ns, Reaching safepoint: 92721 ns, At safepoint: 14596 ns, Total: 107317 ns
[2020-09-11T15:39:31.493+0000][1][safepoint    ] Safepoint "RevokeBias", Time since last: 22433934 ns, Reaching safepoint: 11762209 ns, At safepoint: 43212 ns, Total: 11805421 ns
[2020-09-11T15:39:31.525+0000][1][safepoint    ] Safepoint "RevokeBias", Time since last: 18474814 ns, Reaching safepoint: 13362645 ns, At safepoint: 71391 ns, Total: 13434036 ns
[2020-09-11T15:39:31.526+0000][1][safepoint    ] Safepoint "RevokeBias", Time since last: 693161 ns, Reaching safepoint: 105700 ns, At safepoint: 33668 ns, Total: 139368 ns
[2020-09-11T15:39:31.537+0000][1][safepoint    ] Safepoint "RevokeBias", Time since last: 11516659 ns, Reaching safepoint: 110295 ns, At safepoint: 22274 ns, Total: 132569 ns
[2020-09-11T15:39:31.542+0000][1][safepoint    ] Safepoint "BulkRevokeBias", Time since last: 4276244 ns, Reaching safepoint: 645893 ns, At safepoint: 131886 ns, Total: 777779 ns
[2020-09-11T15:39:31.545+0000][1][safepoint    ] Safepoint "RevokeBias", Time since last: 89643 ns, Reaching safepoint: 2263303 ns, At safepoint: 16284 ns, Total: 2279587 ns
[2020-09-11T15:39:31.557+0000][1][safepoint    ] Safepoint "RevokeBias", Time since last: 11993367 ns, Reaching safepoint: 119599 ns, At safepoint: 22837 ns, Total: 142436 ns
[2020-09-11T15:39:31.585+0000][1][safepoint    ] Safepoint "RevokeBias", Time since last: 28365307 ns, Reaching safepoint: 105092 ns, At safepoint: 15700 ns, Total: 120792 ns
[2020-09-11T15:39:32.131+0000][1][safepoint    ] Safepoint "RevokeBias", Time since last: 545589341 ns, Reaching safepoint: 45571 ns, At safepoint: 14307 ns, Total: 59878 ns
[2020-09-11T15:39:32.131+0000][1][safepoint    ] Safepoint "RevokeBias", Time since last: 228777 ns, Reaching safepoint: 14365 ns, At safepoint: 9643 ns, Total: 24008 ns
[2020-09-11T15:39:32.132+0000][1][safepoint    ] Safepoint "RevokeBias", Time since last: 517850 ns, Reaching safepoint: 15172 ns, At safepoint: 8959 ns, Total: 24131 ns
[2020-09-11T15:39:32.132+0000][1][safepoint    ] Safepoint "RevokeBias", Time since last: 434256 ns, Reaching safepoint: 14730 ns, At safepoint: 8901 ns, Total: 23631 ns
[2020-09-11T15:39:32.133+0000][1][safepoint    ] Safepoint "RevokeBias", Time since last: 156751 ns, Reaching safepoint: 14225 ns, At safepoint: 8495 ns, Total: 22720 ns
[2020-09-11T15:39:32.137+0000][1][safepoint    ] Safepoint "RevokeBias", Time since last: 4597590 ns, Reaching safepoint: 39105 ns, At safepoint: 13883 ns, Total: 52988 ns
[2020-09-11T15:39:32.138+0000][1][safepoint    ] Safepoint "RevokeBias", Time since last: 341296 ns, Reaching safepoint: 16267 ns, At safepoint: 9493 ns, Total: 25760 ns
[2020-09-11T15:39:32.138+0000][1][safepoint    ] Safepoint "RevokeBias", Time since last: 204112 ns, Reaching safepoint: 16108 ns, At safepoint: 9013 ns, Total: 25121 ns
[2020-09-11T15:39:33.141+0000][1][safepoint    ] Safepoint "Cleanup", Time since last: 1003159861 ns, Reaching safepoint: 51091 ns, At safepoint: 5646 ns, Total: 56737 ns
[2020-09-11T15:39:33.141+0000][1][safepoint    ] Safepoint "RevokeBias", Time since last: 312910 ns, Reaching safepoint: 14334 ns, At safepoint: 14661 ns, Total: 28995 ns
[2020-09-11T15:39:33.154+0000][1][safepoint    ] Safepoint "RevokeBias", Time since last: 12796798 ns, Reaching safepoint: 34327 ns, At safepoint: 19533 ns, Total: 53860 ns
[2020-09-11T15:39:33.157+0000][1][safepoint    ] Safepoint "RevokeBias", Time since last: 2703391 ns, Reaching safepoint: 29931 ns, At safepoint: 17782 ns, Total: 47713 ns
[2020-09-11T15:39:33.158+0000][1][safepoint    ] Safepoint "RevokeBias", Time since last: 903570 ns, Reaching safepoint: 20344 ns, At safepoint: 13455 ns, Total: 33799 ns
[2020-09-11T15:39:33.158+0000][1][safepoint    ] Safepoint "RevokeBias", Time since last: 297872 ns, Reaching safepoint: 15494 ns, At safepoint: 8879 ns, Total: 24373 ns
[2020-09-11T15:39:33.158+0000][1][safepoint    ] Safepoint "RevokeBias", Time since last: 188064 ns, Reaching safepoint: 16239 ns, At safepoint: 8461 ns, Total: 24700 ns
[2020-09-11T15:39:34.143+0000][1][safepoint    ] Safepoint "RevokeBias", Time since last: 984275006 ns, Reaching safepoint: 34145 ns, At safepoint: 14368 ns, Total: 48513 ns
[2020-09-11T15:39:34.143+0000][1][safepoint    ] Safepoint "RevokeBias", Time since last: 590931 ns, Reaching safepoint: 15360 ns, At safepoint: 13611 ns, Total: 28971 ns
[2020-09-11T15:39:34.144+0000][1][safepoint    ] Safepoint "RevokeBias", Time since last: 628281 ns, Reaching safepoint: 15844 ns, At safepoint: 12843 ns, Total: 28687 ns
[2020-09-11T15:39:34.150+0000][1][safepoint    ] Safepoint "RevokeBias", Time since last: 5716538 ns, Reaching safepoint: 37848 ns, At safepoint: 19828 ns, Total: 57676 ns
[2020-09-11T15:39:34.166+0000][1][safepoint    ] Safepoint "RevokeBias", Time since last: 15283147 ns, Reaching safepoint: 1358911 ns, At safepoint: 24026 ns, Total: 1382937 ns
[2020-09-11T15:39:35.143+0000][1][safepoint    ] Safepoint "RevokeBias", Time since last: 976832393 ns, Reaching safepoint: 33115 ns, At safepoint: 18925 ns, Total: 52040 ns
[2020-09-11T15:39:35.144+0000][1][safepoint    ] Safepoint "RevokeBias", Time since last: 341565 ns, Reaching safepoint: 14257 ns, At safepoint: 11908 ns, Total: 26165 ns
[2020-09-11T15:39:35.145+0000][1][safepoint    ] Safepoint "RevokeBias", Time since last: 849495 ns, Reaching safepoint: 16410 ns, At safepoint: 12309 ns, Total: 28719 ns
[2020-09-11T15:39:35.157+0000][1][safepoint    ] Safepoint "RevokeBias", Time since last: 10962493 ns, Reaching safepoint: 1266676 ns, At safepoint: 19805 ns, Total: 1286481 ns
[2020-09-11T15:39:35.173+0000][1][safepoint    ] Safepoint "RevokeBias", Time since last: 11456349 ns, Reaching safepoint: 4232461 ns, At safepoint: 25192 ns, Total: 4257653 ns
[2020-09-11T15:39:35.183+0000][1][safepoint    ] Safepoint "RevokeBias", Time since last: 9504852 ns, Reaching safepoint: 599855 ns, At safepoint: 17724 ns, Total: 617579 ns
[2020-09-11T15:39:35.183+0000][1][safepoint    ] Safepoint "RevokeBias", Time since last: 66625 ns, Reaching safepoint: 357775 ns, At safepoint: 13616 ns, Total: 371391 ns
[2020-09-11T15:39:35.285+0000][1][safepoint    ] Safepoint "RevokeBias", Time since last: 101980727 ns, Reaching safepoint: 120298 ns, At safepoint: 20212 ns, Total: 140510 ns
[2020-09-11T15:39:35.285+0000][1][safepoint    ] Safepoint "RevokeBias", Time since last: 78975 ns, Reaching safepoint: 85928 ns, At safepoint: 11377 ns, Total: 97305 ns
[2020-09-11T15:39:35.285+0000][1][safepoint    ] Safepoint "RevokeBias", Time since last: 29020 ns, Reaching safepoint: 16170 ns, At safepoint: 9962 ns, Total: 26132 ns
[2020-09-11T15:39:35.285+0000][1][safepoint    ] Safepoint "RevokeBias", Time since last: 26471 ns, Reaching safepoint: 15912 ns, At safepoint: 9738 ns, Total: 25650 ns
[2020-09-11T15:39:35.286+0000][1][safepoint    ] Safepoint "RevokeBias", Time since last: 24448 ns, Reaching safepoint: 15532 ns, At safepoint: 9504 ns, Total: 25036 ns
[2020-09-11T15:39:35.286+0000][1][safepoint    ] Safepoint "RevokeBias", Time since last: 176843 ns, Reaching safepoint: 17900 ns, At safepoint: 10736 ns, Total: 28636 ns
[2020-09-11T15:39:35.286+0000][1][safepoint    ] Safepoint "RevokeBias", Time since last: 28749 ns, Reaching safepoint: 15944 ns, At safepoint: 9524 ns, Total: 25468 ns
[2020-09-11T15:39:35.286+0000][1][safepoint    ] Safepoint "RevokeBias", Time since last: 25024 ns, Reaching safepoint: 15697 ns, At safepoint: 9586 ns, Total: 25283 ns
[2020-09-11T15:39:35.313+0000][1][safepoint    ] Safepoint "RevokeBias", Time since last: 24176978 ns, Reaching safepoint: 2856830 ns, At safepoint: 22030 ns, Total: 2878860 ns
[2020-09-11T15:39:35.445+0000][1][safepoint    ] Safepoint "RevokeBias", Time since last: 132052941 ns, Reaching safepoint: 131718 ns, At safepoint: 23389 ns, Total: 155107 ns
[2020-09-11T15:39:35.446+0000][1][safepoint    ] Safepoint "RevokeBias", Time since last: 765252 ns, Reaching safepoint: 94223 ns, At safepoint: 14988 ns, Total: 109211 ns
[2020-09-11T15:39:35.446+0000][1][safepoint    ] Safepoint "RevokeBias", Time since last: 39024 ns, Reaching safepoint: 88850 ns, At safepoint: 11689 ns, Total: 100539 ns
[2020-09-11T15:39:35.446+0000][1][safepoint    ] Safepoint "RevokeBias", Time since last: 51108 ns, Reaching safepoint: 88490 ns, At safepoint: 11247 ns, Total: 99737 ns
[2020-09-11T15:39:35.609+0000][1][safepoint    ] Safepoint "RevokeBias", Time since last: 161894912 ns, Reaching safepoint: 410205 ns, At safepoint: 22432 ns, Total: 432637 ns
[2020-09-11T15:39:36.609+0000][1][safepoint    ] Safepoint "Cleanup", Time since last: 1000111295 ns, Reaching safepoint: 75052 ns, At safepoint: 7092 ns, Total: 82144 ns
[2020-09-11T15:39:36.631+0000][1][safepoint    ] Safepoint "RevokeBias", Time since last: 20398804 ns, Reaching safepoint: 1297436 ns, At safepoint: 27417 ns, Total: 1324853 ns
[2020-09-11T15:39:37.144+0000][1][safepoint    ] Safepoint "RevokeBias", Time since last: 513541692 ns, Reaching safepoint: 110323 ns, At safepoint: 15760 ns, Total: 126083 ns
[2020-09-11T15:39:37.145+0000][1][safepoint    ] Safepoint "RevokeBias", Time since last: 234994 ns, Reaching safepoint: 363768 ns, At safepoint: 12992 ns, Total: 376760 ns
[2020-09-11T15:39:37.146+0000][1][safepoint    ] Safepoint "RevokeBias", Time since last: 522574 ns, Reaching safepoint: 910376 ns, At safepoint: 14004 ns, Total: 924380 ns
[2020-09-11T15:39:37.148+0000][1][safepoint    ] Safepoint "RevokeBias", Time since last: 737552 ns, Reaching safepoint: 1328786 ns, At safepoint: 20406 ns, Total: 1349192 ns
[2020-09-11T15:39:37.172+0000][1][safepoint    ] Safepoint "RevokeBias", Time since last: 23069988 ns, Reaching safepoint: 119583 ns, At safepoint: 16176 ns, Total: 135759 ns
[2020-09-11T15:39:37.173+0000][1][safepoint    ] Safepoint "RevokeBias", Time since last: 1230462 ns, Reaching safepoint: 96091 ns, At safepoint: 12714 ns, Total: 108805 ns
[2020-09-11T15:39:37.589+0000][1][safepoint    ] Safepoint "RevokeBias", Time since last: 415891910 ns, Reaching safepoint: 133345 ns, At safepoint: 21879 ns, Total: 155224 ns
[2020-09-11T15:39:37.608+0000][1][safepoint    ] Safepoint "RevokeBias", Time since last: 18471811 ns, Reaching safepoint: 90569 ns, At safepoint: 21004 ns, Total: 111573 ns
[2020-09-11T15:39:37.656+0000][1][safepoint    ] Safepoint "Deoptimize", Time since last: 46271903 ns, Reaching safepoint: 2060780 ns, At safepoint: 383382 ns, Total: 2444162 ns
[2020-09-11T15:39:37.745+0000][1][safepoint    ] Safepoint "RevokeBias", Time since last: 88314035 ns, Reaching safepoint: 269802 ns, At safepoint: 59379 ns, Total: 329181 ns
[2020-09-11T15:39:37.763+0000][1][safepoint    ] Safepoint "RevokeBias", Time since last: 17881790 ns, Reaching safepoint: 132834 ns, At safepoint: 58648 ns, Total: 191482 ns
[2020-09-11T15:39:38.045+0000][1][safepoint    ] Safepoint "RevokeBias", Time since last: 281848100 ns, Reaching safepoint: 118348 ns, At safepoint: 16954 ns, Total: 135302 ns
[2020-09-11T15:39:38.053+0000][1][safepoint    ] Safepoint "RevokeBias", Time since last: 7853719 ns, Reaching safepoint: 116482 ns, At safepoint: 20467 ns, Total: 136949 ns
[2020-09-11T15:39:38.053+0000][1][safepoint    ] Safepoint "RevokeBias", Time since last: 111410 ns, Reaching safepoint: 87127 ns, At safepoint: 12149 ns, Total: 99276 ns
[2020-09-11T15:39:38.053+0000][1][safepoint    ] Safepoint "RevokeBias", Time since last: 41952 ns, Reaching safepoint: 83591 ns, At safepoint: 10897 ns, Total: 94488 ns
[2020-09-11T15:39:38.054+0000][1][safepoint    ] Safepoint "RevokeBias", Time since last: 503754 ns, Reaching safepoint: 86151 ns, At safepoint: 11191 ns, Total: 97342 ns
[2020-09-11T15:39:38.061+0000][1][safepoint    ] Safepoint "RevokeBias", Time since last: 6913777 ns, Reaching safepoint: 97993 ns, At safepoint: 14292 ns, Total: 112285 ns
[2020-09-11T15:39:38.061+0000][1][safepoint    ] Safepoint "RevokeBias", Time since last: 158845 ns, Reaching safepoint: 85181 ns, At safepoint: 13860 ns, Total: 99041 ns
[2020-09-11T15:39:38.186+0000][1][safepoint    ] Safepoint "RevokeBias", Time since last: 124863522 ns, Reaching safepoint: 114482 ns, At safepoint: 14660 ns, Total: 129142 ns
[2020-09-11T15:39:38.279+0000][1][safepoint    ] Safepoint "RevokeBias", Time since last: 90760581 ns, Reaching safepoint: 2203060 ns, At safepoint: 23564 ns, Total: 2226624 ns
[2020-09-11T15:39:38.397+0000][1][safepoint    ] Safepoint "RevokeBias", Time since last: 118038018 ns, Reaching safepoint: 114762 ns, At safepoint: 32940 ns, Total: 147702 ns
[2020-09-11T15:39:38.853+0000][1][safepoint    ] Safepoint "RevokeBias", Time since last: 454515604 ns, Reaching safepoint: 966313 ns, At safepoint: 19045 ns, Total: 985358 ns
[2020-09-11T15:39:39.114+0000][1][gc,start     ] GC(65) Pause Young (Allocation Failure)
[2020-09-11T15:39:39.114+0000][1][gc,task      ] GC(65) Using 1 workers of 1 for evacuation
[2020-09-11T15:39:39.244+0000][1][gc,age       ] GC(65) Desired survivor size 4358144 bytes, new threshold 2 (max threshold 6)
[2020-09-11T15:39:39.244+0000][1][gc,age       ] GC(65) Age table with threshold 2 (max threshold 6)
[2020-09-11T15:39:39.244+0000][1][gc,age       ] GC(65) - age   1:    2804440 bytes,    2804440 total
[2020-09-11T15:39:39.244+0000][1][gc,age       ] GC(65) - age   2:    3351280 bytes,    6155720 total
[2020-09-11T15:39:39.244+0000][1][gc,heap      ] GC(65) ParNew: 76311K->6192K(76672K)
[2020-09-11T15:39:39.244+0000][1][gc,heap      ] GC(65) CMS: 55826K->59384K(439104K)
[2020-09-11T15:39:39.244+0000][1][gc,metaspace ] GC(65) Metaspace: 73520K->73520K(1116160K)
[2020-09-11T15:39:39.244+0000][1][gc           ] GC(65) Pause Young (Allocation Failure) 129M->64M(503M) 130.550ms
[2020-09-11T15:39:39.244+0000][1][gc,cpu       ] GC(65) User=0.04s Sys=0.00s Real=0.13s
[2020-09-11T15:39:39.282+0000][1][safepoint    ] Safepoint "GenCollectForAllocation", Time since last: 259995853 ns, Reaching safepoint: 697043 ns, At safepoint: 168214750 ns, Total: 168911793 ns
[2020-09-11T15:39:39.315+0000][1][safepoint    ] Safepoint "RevokeBias", Time since last: 33224841 ns, Reaching safepoint: 179098 ns, At safepoint: 17080 ns, Total: 196178 ns
[2020-09-11T15:39:39.318+0000][1][safepoint    ] Safepoint "RevokeBias", Time since last: 739861 ns, Reaching safepoint: 2092259 ns, At safepoint: 20630 ns, Total: 2112889 ns
[2020-09-11T15:39:39.324+0000][1][safepoint    ] Safepoint "RevokeBias", Time since last: 556662 ns, Reaching safepoint: 5088883 ns, At safepoint: 23175 ns, Total: 5112058 ns
[2020-09-11T15:39:39.367+0000][1][safepoint    ] Safepoint "RevokeBias", Time since last: 43216501 ns, Reaching safepoint: 111332 ns, At safepoint: 14306 ns, Total: 125638 ns
[2020-09-11T15:39:39.367+0000][1][safepoint    ] Safepoint "RevokeBias", Time since last: 258749 ns, Reaching safepoint: 86879 ns, At safepoint: 9131 ns, Total: 96010 ns
[2020-09-11T15:39:39.374+0000][1][safepoint    ] Safepoint "RevokeBias", Time since last: 5640642 ns, Reaching safepoint: 490893 ns, At safepoint: 15653 ns, Total: 506546 ns
[2020-09-11T15:39:39.418+0000][1][safepoint    ] Safepoint "RevokeBias", Time since last: 44037336 ns, Reaching safepoint: 104947 ns, At safepoint: 19830 ns, Total: 124777 ns
[2020-09-11T15:39:39.424+0000][1][safepoint    ] Safepoint "RevokeBias", Time since last: 6160159 ns, Reaching safepoint: 37750 ns, At safepoint: 12802 ns, Total: 50552 ns
[2020-09-11T15:39:40.205+0000][1][safepoint    ] Safepoint "RevokeBias", Time since last: 781374576 ns, Reaching safepoint: 40732 ns, At safepoint: 13772 ns, Total: 54504 ns
[2020-09-11T15:39:40.206+0000][1][safepoint    ] Safepoint "RevokeBias", Time since last: 531299 ns, Reaching safepoint: 15057 ns, At safepoint: 9789 ns, Total: 24846 ns
[2020-09-11T15:39:40.225+0000][1][safepoint    ] Safepoint "RevokeBias", Time since last: 19409028 ns, Reaching safepoint: 104760 ns, At safepoint: 21705 ns, Total: 126465 ns
[2020-09-11T15:39:40.233+0000][1][safepoint    ] Safepoint "RevokeBias", Time since last: 7423598 ns, Reaching safepoint: 115696 ns, At safepoint: 16361 ns, Total: 132057 ns
[2020-09-11T15:39:40.250+0000][1][safepoint    ] Safepoint "BulkRevokeBias", Time since last: 17085536 ns, Reaching safepoint: 109234 ns, At safepoint: 109185 ns, Total: 218419 ns
[2020-09-11T15:39:40.267+0000][1][safepoint    ] Safepoint "BulkRevokeBias", Time since last: 16775246 ns, Reaching safepoint: 33415 ns, At safepoint: 121980 ns, Total: 155395 ns
[2020-09-11T15:39:40.270+0000][1][safepoint    ] Safepoint "RevokeBias", Time since last: 2660772 ns, Reaching safepoint: 32634 ns, At safepoint: 13887 ns, Total: 46521 ns
[2020-09-11T15:39:40.338+0000][1][safepoint    ] Safepoint "RevokeBias", Time since last: 68162865 ns, Reaching safepoint: 31827 ns, At safepoint: 11380 ns, Total: 43207 ns
[2020-09-11T15:39:40.408+0000][1][safepoint    ] Safepoint "RevokeBias", Time since last: 70342749 ns, Reaching safepoint: 36483 ns, At safepoint: 13801 ns, Total: 50284 ns
[2020-09-11T15:39:40.411+0000][1][safepoint    ] Safepoint "RevokeBias", Time since last: 1967787 ns, Reaching safepoint: 26627 ns, At safepoint: 11592 ns, Total: 38219 ns
[2020-09-11T15:39:40.411+0000][1][safepoint    ] Safepoint "RevokeBias", Time since last: 137218 ns, Reaching safepoint: 13723 ns, At safepoint: 9139 ns, Total: 22862 ns
[2020-09-11T15:39:40.411+0000][1][safepoint    ] Safepoint "RevokeBias", Time since last: 343282 ns, Reaching safepoint: 13975 ns, At safepoint: 8508 ns, Total: 22483 ns
[2020-09-11T15:39:40.412+0000][1][safepoint    ] Safepoint "RevokeBias", Time since last: 462070 ns, Reaching safepoint: 15613 ns, At safepoint: 10134 ns, Total: 25747 ns
[2020-09-11T15:39:40.421+0000][1][safepoint    ] Safepoint "RevokeBias", Time since last: 9795112 ns, Reaching safepoint: 111964 ns, At safepoint: 16413 ns, Total: 128377 ns
[2020-09-11T15:39:40.422+0000][1][safepoint    ] Safepoint "RevokeBias", Time since last: 218268 ns, Reaching safepoint: 87166 ns, At safepoint: 10872 ns, Total: 98038 ns
[2020-09-11T15:39:40.423+0000][1][safepoint    ] Safepoint "RevokeBias", Time since last: 915587 ns, Reaching safepoint: 88287 ns, At safepoint: 11231 ns, Total: 99518 ns
[2020-09-11T15:39:40.674+0000][1][safepoint    ] Safepoint "RevokeBias", Time since last: 250008848 ns, Reaching safepoint: 923312 ns, At safepoint: 18364 ns, Total: 941676 ns
[2020-09-11T15:39:41.609+0000][1][safepoint    ] Safepoint "RevokeBias", Time since last: 935376315 ns, Reaching safepoint: 115543 ns, At safepoint: 14610 ns, Total: 130153 ns
[2020-09-11T15:39:41.610+0000][1][safepoint    ] Safepoint "RevokeBias", Time since last: 340348 ns, Reaching safepoint: 86821 ns, At safepoint: 11334 ns, Total: 98155 ns
[2020-09-11T15:39:41.619+0000][1][safepoint    ] Safepoint "RevokeBias", Time since last: 9702004 ns, Reaching safepoint: 109445 ns, At safepoint: 17991 ns, Total: 127436 ns
[2020-09-11T15:39:41.621+0000][1][safepoint    ] Safepoint "RevokeBias", Time since last: 1454042 ns, Reaching safepoint: 87096 ns, At safepoint: 10368 ns, Total: 97464 ns
[2020-09-11T15:39:41.625+0000][1][safepoint    ] Safepoint "RevokeBias", Time since last: 3808058 ns, Reaching safepoint: 91604 ns, At safepoint: 28287 ns, Total: 119891 ns
[2020-09-11T15:39:41.649+0000][1][safepoint    ] Safepoint "RevokeBias", Time since last: 23748384 ns, Reaching safepoint: 336548 ns, At safepoint: 48803 ns, Total: 385351 ns
[2020-09-11T15:39:42.377+0000][1][safepoint    ] Safepoint "RevokeBias", Time since last: 727769174 ns, Reaching safepoint: 115088 ns, At safepoint: 22975 ns, Total: 138063 ns
[2020-09-11T15:39:42.415+0000][1][safepoint    ] Safepoint "RevokeBias", Time since last: 31788979 ns, Reaching safepoint: 6235576 ns, At safepoint: 61903 ns, Total: 6297479 ns
[2020-09-11T15:39:42.613+0000][1][safepoint    ] Safepoint "RevokeBias", Time since last: 197797178 ns, Reaching safepoint: 116473 ns, At safepoint: 23352 ns, Total: 139825 ns
[2020-09-11T15:39:42.617+0000][1][safepoint    ] Safepoint "RevokeBias", Time since last: 3762817 ns, Reaching safepoint: 116898 ns, At safepoint: 25137 ns, Total: 142035 ns
[2020-09-11T15:39:42.814+0000][1][safepoint    ] Safepoint "RevokeBias", Time since last: 196151495 ns, Reaching safepoint: 1106565 ns, At safepoint: 35422 ns, Total: 1141987 ns
[2020-09-11T15:39:42.825+0000][1][safepoint    ] Safepoint "RevokeBias", Time since last: 10552667 ns, Reaching safepoint: 121920 ns, At safepoint: 45647 ns, Total: 167567 ns
[2020-09-11T15:39:42.825+0000][1][safepoint    ] Safepoint "RevokeBias", Time since last: 241954 ns, Reaching safepoint: 87694 ns, At safepoint: 31951 ns, Total: 119645 ns
[2020-09-11T15:39:42.826+0000][1][safepoint    ] Safepoint "RevokeBias", Time since last: 564701 ns, Reaching safepoint: 85640 ns, At safepoint: 21324 ns, Total: 106964 ns
[2020-09-11T15:39:43.231+0000][1][safepoint    ] Safepoint "RevokeBias", Time since last: 404973281 ns, Reaching safepoint: 135081 ns, At safepoint: 17897 ns, Total: 152978 ns
[2020-09-11T15:39:43.290+0000][1][safepoint    ] Safepoint "RevokeBias", Time since last: 58803026 ns, Reaching safepoint: 115223 ns, At safepoint: 14661 ns, Total: 129884 ns
[2020-09-11T15:39:43.291+0000][1][safepoint    ] Safepoint "RevokeBias", Time since last: 503402 ns, Reaching safepoint: 91371 ns, At safepoint: 11189 ns, Total: 102560 ns
[2020-09-11T15:39:43.298+0000][1][safepoint    ] Safepoint "RevokeBias", Time since last: 6991904 ns, Reaching safepoint: 109901 ns, At safepoint: 13775 ns, Total: 123676 ns
[2020-09-11T15:39:43.333+0000][1][safepoint    ] Safepoint "RevokeBias", Time since last: 35006602 ns, Reaching safepoint: 208383 ns, At safepoint: 18515 ns, Total: 226898 ns
[2020-09-11T15:39:43.334+0000][1][safepoint    ] Safepoint "RevokeBias", Time since last: 791624 ns, Reaching safepoint: 93706 ns, At safepoint: 48726 ns, Total: 142432 ns
[2020-09-11T15:39:43.335+0000][1][safepoint    ] Safepoint "RevokeBias", Time since last: 989944 ns, Reaching safepoint: 21520 ns, At safepoint: 11525 ns, Total: 33045 ns
[2020-09-11T15:39:43.335+0000][1][safepoint    ] Safepoint "RevokeBias", Time since last: 107921 ns, Reaching safepoint: 13457 ns, At safepoint: 8585 ns, Total: 22042 ns
[2020-09-11T15:39:43.337+0000][1][safepoint    ] Safepoint "RevokeBias", Time since last: 1813639 ns, Reaching safepoint: 17079 ns, At safepoint: 10784 ns, Total: 27863 ns
[2020-09-11T15:39:43.338+0000][1][safepoint    ] Safepoint "RevokeBias", Time since last: 750797 ns, Reaching safepoint: 88057 ns, At safepoint: 10480 ns, Total: 98537 ns
[2020-09-11T15:39:43.913+0000][1][safepoint    ] Safepoint "RevokeBias", Time since last: 574603441 ns, Reaching safepoint: 130492 ns, At safepoint: 16502 ns, Total: 146994 ns
[2020-09-11T15:39:43.985+0000][1][safepoint    ] Safepoint "RevokeBias", Time since last: 72692217 ns, Reaching safepoint: 114561 ns, At safepoint: 16914 ns, Total: 131475 ns
[2020-09-11T15:39:44.077+0000][1][safepoint    ] Safepoint "RevokeBias", Time since last: 91880988 ns, Reaching safepoint: 117885 ns, At safepoint: 16682 ns, Total: 134567 ns
[2020-09-11T15:39:44.109+0000][1][safepoint    ] Safepoint "RevokeBias", Time since last: 31408321 ns, Reaching safepoint: 119374 ns, At safepoint: 16347 ns, Total: 135721 ns
[2020-09-11T15:39:44.144+0000][1][safepoint    ] Safepoint "BulkRevokeBias", Time since last: 34759113 ns, Reaching safepoint: 119909 ns, At safepoint: 129251 ns, Total: 249160 ns
[2020-09-11T15:39:44.173+0000][1][safepoint    ] Safepoint "RevokeBias", Time since last: 29306062 ns, Reaching safepoint: 38493 ns, At safepoint: 21073 ns, Total: 59566 ns
[2020-09-11T15:39:44.173+0000][1][safepoint    ] Safepoint "RevokeBias", Time since last: 62257 ns, Reaching safepoint: 14559 ns, At safepoint: 10651 ns, Total: 25210 ns
[2020-09-11T15:39:44.219+0000][1][safepoint    ] Safepoint "RevokeBias", Time since last: 45044253 ns, Reaching safepoint: 123640 ns, At safepoint: 23183 ns, Total: 146823 ns
[2020-09-11T15:39:44.223+0000][1][safepoint    ] Safepoint "RevokeBias", Time since last: 3894794 ns, Reaching safepoint: 114945 ns, At safepoint: 18275 ns, Total: 133220 ns
[2020-09-11T15:39:44.338+0000][1][safepoint    ] Safepoint "RevokeBias", Time since last: 114465234 ns, Reaching safepoint: 989638 ns, At safepoint: 32757 ns, Total: 1022395 ns
[2020-09-11T15:39:44.348+0000][1][safepoint    ] Safepoint "RevokeBias", Time since last: 9482596 ns, Reaching safepoint: 226054 ns, At safepoint: 26624 ns, Total: 252678 ns
[2020-09-11T15:39:44.429+0000][1][safepoint    ] Safepoint "RevokeBias", Time since last: 81076754 ns, Reaching safepoint: 142738 ns, At safepoint: 24888 ns, Total: 167626 ns
[2020-09-11T15:39:44.457+0000][1][safepoint    ] Safepoint "RevokeBias", Time since last: 27424779 ns, Reaching safepoint: 211918 ns, At safepoint: 19079 ns, Total: 230997 ns
[2020-09-11T15:39:44.477+0000][1][safepoint    ] Safepoint "RevokeBias", Time since last: 20158758 ns, Reaching safepoint: 203337 ns, At safepoint: 39392 ns, Total: 242729 ns
[2020-09-11T15:39:44.478+0000][1][safepoint    ] Safepoint "RevokeBias", Time since last: 315110 ns, Reaching safepoint: 92478 ns, At safepoint: 21625 ns, Total: 114103 ns
[2020-09-11T15:39:44.485+0000][1][safepoint    ] Safepoint "RevokeBias", Time since last: 7622741 ns, Reaching safepoint: 121022 ns, At safepoint: 36518 ns, Total: 157540 ns
[2020-09-11T15:39:44.517+0000][1][safepoint    ] Safepoint "RevokeBias", Time since last: 14397160 ns, Reaching safepoint: 17128587 ns, At safepoint: 44373 ns, Total: 17172960 ns
[2020-09-11T15:39:44.557+0000][1][safepoint    ] Safepoint "RevokeBias", Time since last: 40216448 ns, Reaching safepoint: 124922 ns, At safepoint: 16251 ns, Total: 141173 ns
[2020-09-11T15:39:44.558+0000][1][safepoint    ] Safepoint "BulkRevokeBias", Time since last: 642484 ns, Reaching safepoint: 95443 ns, At safepoint: 472161 ns, Total: 567604 ns
[2020-09-11T15:39:44.565+0000][1][safepoint    ] Safepoint "BulkRevokeBias", Time since last: 6256686 ns, Reaching safepoint: 135688 ns, At safepoint: 163583 ns, Total: 299271 ns
[2020-09-11T15:39:44.616+0000][1][safepoint    ] Safepoint "RevokeBias", Time since last: 51242236 ns, Reaching safepoint: 122297 ns, At safepoint: 15316 ns, Total: 137613 ns
[2020-09-11T15:39:45.018+0000][1][safepoint    ] Safepoint "RevokeBias", Time since last: 401295913 ns, Reaching safepoint: 197728 ns, At safepoint: 19128 ns, Total: 216856 ns
[2020-09-11T15:39:45.303+0000][1][safepoint    ] Safepoint "RevokeBias", Time since last: 276900776 ns, Reaching safepoint: 8250075 ns, At safepoint: 25584 ns, Total: 8275659 ns
[2020-09-11T15:39:45.321+0000][1][safepoint    ] Safepoint "RevokeBias", Time since last: 17263902 ns, Reaching safepoint: 265053 ns, At safepoint: 17775 ns, Total: 282828 ns
[2020-09-11T15:39:45.333+0000][1][safepoint    ] Safepoint "RevokeBias", Time since last: 12416665 ns, Reaching safepoint: 124574 ns, At safepoint: 17618 ns, Total: 142192 ns
[2020-09-11T15:39:45.365+0000][1][safepoint    ] Safepoint "RevokeBias", Time since last: 14407744 ns, Reaching safepoint: 17213016 ns, At safepoint: 27465 ns, Total: 17240481 ns
[2020-09-11T15:39:45.378+0000][1][safepoint    ] Safepoint "RevokeBias", Time since last: 12704974 ns, Reaching safepoint: 112379 ns, At safepoint: 16368 ns, Total: 128747 ns
[2020-09-11T15:39:45.378+0000][1][safepoint    ] Safepoint "RevokeBias", Time since last: 332351 ns, Reaching safepoint: 89375 ns, At safepoint: 11358 ns, Total: 100733 ns
[2020-09-11T15:39:45.379+0000][1][safepoint    ] Safepoint "RevokeBias", Time since last: 317029 ns, Reaching safepoint: 89493 ns, At safepoint: 10550 ns, Total: 100043 ns
[2020-09-11T15:39:45.398+0000][1][safepoint    ] Safepoint "RevokeBias", Time since last: 15057628 ns, Reaching safepoint: 4374940 ns, At safepoint: 21736 ns, Total: 4396676 ns
[2020-09-11T15:39:45.465+0000][1][safepoint    ] Safepoint "RevokeBias", Time since last: 66591544 ns, Reaching safepoint: 126630 ns, At safepoint: 16056 ns, Total: 142686 ns
[2020-09-11T15:39:45.485+0000][1][safepoint    ] Safepoint "RevokeBias", Time since last: 20063428 ns, Reaching safepoint: 115482 ns, At safepoint: 16872 ns, Total: 132354 ns
[2020-09-11T15:39:45.495+0000][1][safepoint    ] Safepoint "RevokeBias", Time since last: 9544940 ns, Reaching safepoint: 120266 ns, At safepoint: 16078 ns, Total: 136344 ns
[2020-09-11T15:39:45.510+0000][1][safepoint    ] Safepoint "RevokeBias", Time since last: 14246345 ns, Reaching safepoint: 651628 ns, At safepoint: 16428 ns, Total: 668056 ns
[2020-09-11T15:39:45.511+0000][1][safepoint    ] Safepoint "RevokeBias", Time since last: 1123960 ns, Reaching safepoint: 96849 ns, At safepoint: 11769 ns, Total: 108618 ns
[2020-09-11T15:39:45.511+0000][1][safepoint    ] Safepoint "RevokeBias", Time since last: 347722 ns, Reaching safepoint: 88795 ns, At safepoint: 10198 ns, Total: 98993 ns
[2020-09-11T15:39:46.538+0000][1][safepoint    ] Safepoint "Cleanup", Time since last: 1008672106 ns, Reaching safepoint: 18137438 ns, At safepoint: 12256 ns, Total: 18149694 ns
[2020-09-11T15:39:46.821+0000][1][gc,start     ] GC(66) Pause Young (Allocation Failure)
[2020-09-11T15:39:46.821+0000][1][gc,task      ] GC(66) Using 1 workers of 1 for evacuation
[2020-09-11T15:39:46.983+0000][1][gc,age       ] GC(66) Desired survivor size 4358144 bytes, new threshold 6 (max threshold 6)
[2020-09-11T15:39:46.983+0000][1][gc,age       ] GC(66) Age table with threshold 6 (max threshold 6)
[2020-09-11T15:39:46.983+0000][1][gc,age       ] GC(66) - age   1:     849528 bytes,     849528 total
[2020-09-11T15:39:46.983+0000][1][gc,age       ] GC(66) - age   2:    2096000 bytes,    2945528 total
[2020-09-11T15:39:46.983+0000][1][gc,heap      ] GC(66) ParNew: 74352K->6056K(76672K)
[2020-09-11T15:39:46.983+0000][1][gc,heap      ] GC(66) CMS: 59384K->62789K(439104K)
[2020-09-11T15:39:46.983+0000][1][gc,metaspace ] GC(66) Metaspace: 74357K->74357K(1118208K)
[2020-09-11T15:39:46.983+0000][1][gc           ] GC(66) Pause Young (Allocation Failure) 130M->67M(503M) 162.252ms
[2020-09-11T15:39:46.983+0000][1][gc,cpu       ] GC(66) User=0.04s Sys=0.00s Real=0.16s
[2020-09-11T15:39:46.999+0000][1][safepoint    ] Safepoint "GenCollectForAllocation", Time since last: 282755047 ns, Reaching safepoint: 138572 ns, At safepoint: 178119156 ns, Total: 178257728 ns
[2020-09-11T15:39:47.689+0000][1][safepoint    ] Safepoint "RevokeBias", Time since last: 678342355 ns, Reaching safepoint: 11462580 ns, At safepoint: 29523 ns, Total: 11492103 ns
[2020-09-11T15:39:48.059+0000][1][safepoint    ] Safepoint "RevokeBias", Time since last: 370386230 ns, Reaching safepoint: 128953 ns, At safepoint: 17953 ns, Total: 146906 ns
[2020-09-11T15:39:48.805+0000][1][safepoint    ] Safepoint "RevokeBias", Time since last: 745372541 ns, Reaching safepoint: 131131 ns, At safepoint: 21217 ns, Total: 152348 ns
[2020-09-11T15:39:48.805+0000][1][safepoint    ] Safepoint "RevokeBias", Time since last: 80661 ns, Reaching safepoint: 105263 ns, At safepoint: 15500 ns, Total: 120763 ns
[2020-09-11T15:39:49.774+0000][1][safepoint    ] Safepoint "RevokeBias", Time since last: 968287846 ns, Reaching safepoint: 73599 ns, At safepoint: 20280 ns, Total: 93879 ns
[2020-09-11T15:39:49.778+0000][1][safepoint    ] Safepoint "RevokeBias", Time since last: 4720798 ns, Reaching safepoint: 125261 ns, At safepoint: 20106 ns, Total: 145367 ns
[2020-09-11T15:39:49.779+0000][1][safepoint    ] Safepoint "RevokeBias", Time since last: 402656 ns, Reaching safepoint: 88855 ns, At safepoint: 12827 ns, Total: 101682 ns
[2020-09-11T15:39:50.451+0000][1][safepoint    ] Safepoint "RevokeBias", Time since last: 671770471 ns, Reaching safepoint: 137065 ns, At safepoint: 20515 ns, Total: 157580 ns
[2020-09-11T15:39:50.520+0000][1][safepoint    ] Safepoint "RevokeBias", Time since last: 69507565 ns, Reaching safepoint: 126922 ns, At safepoint: 15881 ns, Total: 142803 ns
[2020-09-11T15:39:50.521+0000][1][safepoint    ] Safepoint "RevokeBias", Time since last: 159071 ns, Reaching safepoint: 30108 ns, At safepoint: 12518 ns, Total: 42626 ns
[2020-09-11T15:39:50.521+0000][1][safepoint    ] Safepoint "RevokeBias", Time since last: 46561 ns, Reaching safepoint: 16199 ns, At safepoint: 10356 ns, Total: 26555 ns
[2020-09-11T15:39:50.569+0000][1][safepoint    ] Safepoint "RevokeBias", Time since last: 48078929 ns, Reaching safepoint: 279098 ns, At safepoint: 18508 ns, Total: 297606 ns
[2020-09-11T15:39:50.629+0000][1][safepoint    ] Safepoint "RevokeBias", Time since last: 60048996 ns, Reaching safepoint: 124150 ns, At safepoint: 17374 ns, Total: 141524 ns
[2020-09-11T15:39:50.812+0000][1][safepoint    ] Safepoint "RevokeBias", Time since last: 175187754 ns, Reaching safepoint: 7103958 ns, At safepoint: 30409 ns, Total: 7134367 ns
[2020-09-11T15:39:50.948+0000][1][safepoint    ] Safepoint "RevokeBias", Time since last: 135412428 ns, Reaching safepoint: 554008 ns, At safepoint: 12387 ns, Total: 566395 ns
[2020-09-11T15:39:50.948+0000][1][safepoint    ] Safepoint "RevokeBias", Time since last: 70028 ns, Reaching safepoint: 604051 ns, At safepoint: 9708 ns, Total: 613759 ns
[2020-09-11T15:39:50.998+0000][1][safepoint    ] Safepoint "RevokeBias", Time since last: 49880837 ns, Reaching safepoint: 132737 ns, At safepoint: 20264 ns, Total: 153001 ns
[2020-09-11T15:39:51.122+0000][1][safepoint    ] Safepoint "RevokeBias", Time since last: 124012507 ns, Reaching safepoint: 128654 ns, At safepoint: 42470 ns, Total: 171124 ns
[2020-09-11T15:39:51.793+0000][1][safepoint    ] Safepoint "RevokeBias", Time since last: 668646112 ns, Reaching safepoint: 1697240 ns, At safepoint: 11752 ns, Total: 1708992 ns
[2020-09-11T15:39:51.938+0000][1][safepoint    ] Safepoint "RevokeBias", Time since last: 145014183 ns, Reaching safepoint: 137787 ns, At safepoint: 10340 ns, Total: 148127 ns
[2020-09-11T15:39:51.939+0000][1][safepoint    ] Safepoint "RevokeBias", Time since last: 1135495 ns, Reaching safepoint: 33172 ns, At safepoint: 6485 ns, Total: 39657 ns
[2020-09-11T15:39:51.947+0000][1][safepoint    ] Safepoint "RevokeBias", Time since last: 7567434 ns, Reaching safepoint: 58537 ns, At safepoint: 7854 ns, Total: 66391 ns
[2020-09-11T15:39:51.947+0000][1][safepoint    ] Safepoint "RevokeBias", Time since last: 213294 ns, Reaching safepoint: 24802 ns, At safepoint: 5187 ns, Total: 29989 ns
[2020-09-11T15:39:51.948+0000][1][safepoint    ] Safepoint "RevokeBias", Time since last: 887429 ns, Reaching safepoint: 103300 ns, At safepoint: 5970 ns, Total: 109270 ns
[2020-09-11T15:39:51.948+0000][1][safepoint    ] Safepoint "RevokeBias", Time since last: 242796 ns, Reaching safepoint: 93225 ns, At safepoint: 6018 ns, Total: 99243 ns
[2020-09-11T15:39:51.969+0000][1][gc,start     ] GC(67) Pause Young (Allocation Failure)
[2020-09-11T15:39:51.969+0000][1][gc,task      ] GC(67) Using 1 workers of 1 for evacuation
[2020-09-11T15:39:52.068+0000][1][gc,age       ] GC(67) Desired survivor size 4358144 bytes, new threshold 6 (max threshold 6)
[2020-09-11T15:39:52.068+0000][1][gc,age       ] GC(67) Age table with threshold 6 (max threshold 6)
[2020-09-11T15:39:52.068+0000][1][gc,age       ] GC(67) - age   1:     878808 bytes,     878808 total
[2020-09-11T15:39:52.068+0000][1][gc,age       ] GC(67) - age   2:     656160 bytes,    1534968 total
[2020-09-11T15:39:52.068+0000][1][gc,age       ] GC(67) - age   3:    1904864 bytes,    3439832 total
[2020-09-11T15:39:52.068+0000][1][gc,heap      ] GC(67) ParNew: 74207K->5185K(76672K)
[2020-09-11T15:39:52.068+0000][1][gc,heap      ] GC(67) CMS: 62789K->62789K(439104K)
[2020-09-11T15:39:52.068+0000][1][gc,metaspace ] GC(67) Metaspace: 75940K->75940K(1120256K)
[2020-09-11T15:39:52.068+0000][1][gc           ] GC(67) Pause Young (Allocation Failure) 133M->66M(503M) 98.732ms
[2020-09-11T15:39:52.068+0000][1][gc,cpu       ] GC(67) User=0.02s Sys=0.00s Real=0.10s
[2020-09-11T15:39:52.069+0000][1][safepoint    ] Safepoint "GenCollectForAllocation", Time since last: 20384165 ns, Reaching safepoint: 130349 ns, At safepoint: 100015095 ns, Total: 100145444 ns
[2020-09-11T15:39:52.085+0000][1][safepoint    ] Safepoint "BulkRevokeBias", Time since last: 15926789 ns, Reaching safepoint: 60606 ns, At safepoint: 192284 ns, Total: 252890 ns
[2020-09-11T15:39:52.085+0000][1][safepoint    ] Safepoint "RevokeBias", Time since last: 81955 ns, Reaching safepoint: 26891 ns, At safepoint: 12591 ns, Total: 39482 ns
[2020-09-11T15:39:52.477+0000][1][safepoint    ] Safepoint "Deoptimize", Time since last: 386615519 ns, Reaching safepoint: 4748994 ns, At safepoint: 447172 ns, Total: 5196166 ns
[2020-09-11T15:39:52.959+0000][1][safepoint    ] Safepoint "BulkRevokeBias", Time since last: 482035747 ns, Reaching safepoint: 153558 ns, At safepoint: 171548 ns, Total: 325106 ns
[2020-09-11T15:39:53.000+0000][1][safepoint    ] Safepoint "RevokeBias", Time since last: 40022128 ns, Reaching safepoint: 345692 ns, At safepoint: 19701 ns, Total: 365393 ns
[2020-09-11T15:39:53.001+0000][1][safepoint    ] Safepoint "RevokeBias", Time since last: 279650 ns, Reaching safepoint: 732574 ns, At safepoint: 9902 ns, Total: 742476 ns
[2020-09-11T15:39:53.089+0000][1][safepoint    ] Safepoint "RevokeBias", Time since last: 86786162 ns, Reaching safepoint: 1222147 ns, At safepoint: 10380 ns, Total: 1232527 ns
[2020-09-11T15:39:53.090+0000][1][safepoint    ] Safepoint "RevokeBias", Time since last: 382714 ns, Reaching safepoint: 1019138 ns, At safepoint: 6942 ns, Total: 1026080 ns
[2020-09-11T15:39:53.365+0000][1][safepoint    ] Safepoint "RevokeBias", Time since last: 273310152 ns, Reaching safepoint: 1289095 ns, At safepoint: 12216 ns, Total: 1301311 ns
[2020-09-11T15:39:53.462+0000][1][safepoint    ] Safepoint "RevokeBias", Time since last: 96578114 ns, Reaching safepoint: 138377 ns, At safepoint: 8985 ns, Total: 147362 ns
[2020-09-11T15:39:53.473+0000][1][safepoint    ] Safepoint "RevokeBias", Time since last: 6213077 ns, Reaching safepoint: 4687659 ns, At safepoint: 21834 ns, Total: 4709493 ns
[2020-09-11T15:39:54.473+0000][1][safepoint    ] Safepoint "Cleanup", Time since last: 1000119846 ns, Reaching safepoint: 65909 ns, At safepoint: 6636 ns, Total: 72545 ns
[2020-09-11T15:39:54.761+0000][1][safepoint    ] Safepoint "RevokeBias", Time since last: 288093847 ns, Reaching safepoint: 160337 ns, At safepoint: 10049 ns, Total: 170386 ns
[2020-09-11T15:39:54.761+0000][1][safepoint    ] Safepoint "RevokeBias", Time since last: 154134 ns, Reaching safepoint: 92766 ns, At safepoint: 6191 ns, Total: 98957 ns
[2020-09-11T15:39:55.773+0000][1][safepoint    ] Safepoint "Cleanup", Time since last: 1007542687 ns, Reaching safepoint: 4086000 ns, At safepoint: 16227 ns, Total: 4102227 ns
[2020-09-11T15:39:56.773+0000][1][safepoint    ] Safepoint "Cleanup", Time since last: 1000119097 ns, Reaching safepoint: 90108 ns, At safepoint: 8127 ns, Total: 98235 ns
[2020-09-11T15:39:57.774+0000][1][safepoint    ] Safepoint "Cleanup", Time since last: 1001149129 ns, Reaching safepoint: 79353 ns, At safepoint: 9660 ns, Total: 89013 ns
[2020-09-11T15:39:58.539+0000][1][safepoint    ] Safepoint "RevokeBias", Time since last: 762127810 ns, Reaching safepoint: 2768943 ns, At safepoint: 25517 ns, Total: 2794460 ns
[2020-09-11T15:39:58.794+0000][1][safepoint    ] Safepoint "RevokeBias", Time since last: 254798163 ns, Reaching safepoint: 157314 ns, At safepoint: 8982 ns, Total: 166296 ns
[2020-09-11T15:39:59.018+0000][1][safepoint    ] Safepoint "RevokeBias", Time since last: 222606524 ns, Reaching safepoint: 880303 ns, At safepoint: 12703 ns, Total: 893006 ns
[2020-09-11T15:39:59.018+0000][1][safepoint    ] Safepoint "RevokeBias", Time since last: 227848 ns, Reaching safepoint: 96846 ns, At safepoint: 5753 ns, Total: 102599 ns
[2020-09-11T15:39:59.096+0000][1][safepoint    ] Safepoint "RevokeBias", Time since last: 76657670 ns, Reaching safepoint: 1086750 ns, At safepoint: 20643 ns, Total: 1107393 ns
[2020-09-11T15:39:59.175+0000][1][safepoint    ] Safepoint "RevokeBias", Time since last: 77846137 ns, Reaching safepoint: 1271612 ns, At safepoint: 21580 ns, Total: 1293192 ns
[2020-09-11T15:39:59.277+0000][1][safepoint    ] Safepoint "RevokeBias", Time since last: 100990975 ns, Reaching safepoint: 890163 ns, At safepoint: 9614 ns, Total: 899777 ns
[2020-09-11T15:39:59.281+0000][1][safepoint    ] Safepoint "RevokeBias", Time since last: 350384 ns, Reaching safepoint: 3642836 ns, At safepoint: 12947 ns, Total: 3655783 ns
[2020-09-11T15:39:59.526+0000][1][safepoint    ] Safepoint "RevokeBias", Time since last: 241620900 ns, Reaching safepoint: 3109933 ns, At safepoint: 31077 ns, Total: 3141010 ns
[2020-09-11T15:39:59.721+0000][1][safepoint    ] Safepoint "RevokeBias", Time since last: 194442148 ns, Reaching safepoint: 795094 ns, At safepoint: 32823 ns, Total: 827917 ns
[2020-09-11T15:39:59.722+0000][1][safepoint    ] Safepoint "RevokeBias", Time since last: 65354 ns, Reaching safepoint: 1329294 ns, At safepoint: 25300 ns, Total: 1354594 ns
[2020-09-11T15:39:59.777+0000][1][safepoint    ] Safepoint "RevokeBias", Time since last: 54512896 ns, Reaching safepoint: 154686 ns, At safepoint: 10136 ns, Total: 164822 ns
[2020-09-11T15:39:59.796+0000][1][safepoint    ] Safepoint "Deoptimize", Time since last: 18720240 ns, Reaching safepoint: 127812 ns, At safepoint: 492869 ns, Total: 620681 ns
[2020-09-11T15:39:59.813+0000][1][safepoint    ] Safepoint "RevokeBias", Time since last: 16490452 ns, Reaching safepoint: 139504 ns, At safepoint: 32518 ns, Total: 172022 ns
[2020-09-11T15:39:59.882+0000][1][safepoint    ] Safepoint "RevokeBias", Time since last: 68053953 ns, Reaching safepoint: 606937 ns, At safepoint: 19933 ns, Total: 626870 ns
[2020-09-11T15:39:59.882+0000][1][safepoint    ] Safepoint "RevokeBias", Time since last: 70056 ns, Reaching safepoint: 91149 ns, At safepoint: 21333 ns, Total: 112482 ns
[2020-09-11T15:40:00.140+0000][1][safepoint    ] Safepoint "RevokeBias", Time since last: 258076759 ns, Reaching safepoint: 69039 ns, At safepoint: 29842 ns, Total: 98881 ns
[2020-09-11T15:40:00.218+0000][1][safepoint    ] Safepoint "RevokeBias", Time since last: 77608364 ns, Reaching safepoint: 323677 ns, At safepoint: 35800 ns, Total: 359477 ns
[2020-09-11T15:40:00.232+0000][1][safepoint    ] Safepoint "RevokeBias", Time since last: 9239229 ns, Reaching safepoint: 4587306 ns, At safepoint: 42397 ns, Total: 4629703 ns
[2020-09-11T15:40:00.308+0000][1][gc,start     ] GC(68) Pause Young (Allocation Failure)
[2020-09-11T15:40:00.309+0000][1][gc,task      ] GC(68) Using 1 workers of 1 for evacuation
[2020-09-11T15:40:00.367+0000][1][gc,age       ] GC(68) Desired survivor size 4358144 bytes, new threshold 4 (max threshold 6)
[2020-09-11T15:40:00.367+0000][1][gc,age       ] GC(68) Age table with threshold 4 (max threshold 6)
[2020-09-11T15:40:00.367+0000][1][gc,age       ] GC(68) - age   1:    2197816 bytes,    2197816 total
[2020-09-11T15:40:00.367+0000][1][gc,age       ] GC(68) - age   2:     673312 bytes,    2871128 total
[2020-09-11T15:40:00.367+0000][1][gc,age       ] GC(68) - age   3:     655952 bytes,    3527080 total
[2020-09-11T15:40:00.367+0000][1][gc,age       ] GC(68) - age   4:    1896376 bytes,    5423456 total
[2020-09-11T15:40:00.367+0000][1][gc,heap      ] GC(68) ParNew: 73345K->6335K(76672K)
[2020-09-11T15:40:00.367+0000][1][gc,heap      ] GC(68) CMS: 62789K->62789K(439104K)
[2020-09-11T15:40:00.367+0000][1][gc,metaspace ] GC(68) Metaspace: 80061K->80061K(1122304K)
[2020-09-11T15:40:00.367+0000][1][gc           ] GC(68) Pause Young (Allocation Failure) 132M->67M(503M) 58.187ms
[2020-09-11T15:40:00.367+0000][1][gc,cpu       ] GC(68) User=0.01s Sys=0.00s Real=0.06s
[2020-09-11T15:40:00.434+0000][1][safepoint    ] Safepoint "GenCollectForAllocation", Time since last: 75175090 ns, Reaching safepoint: 1453087 ns, At safepoint: 124974264 ns, Total: 126427351 ns
[2020-09-11T15:40:00.451+0000][1][safepoint    ] Safepoint "RevokeBias", Time since last: 11630105 ns, Reaching safepoint: 3768284 ns, At safepoint: 1884545 ns, Total: 5652829 ns
[2020-09-11T15:40:00.477+0000][1][safepoint    ] Safepoint "RevokeBias", Time since last: 39930 ns, Reaching safepoint: 10092159 ns, At safepoint: 16599820 ns, Total: 26691979 ns
[2020-09-11T15:40:00.569+0000][1][safepoint    ] Safepoint "RevokeBias", Time since last: 89838141 ns, Reaching safepoint: 1544059 ns, At safepoint: 28155 ns, Total: 1572214 ns
[2020-09-11T15:40:00.787+0000][1][safepoint    ] Safepoint "RevokeBias", Time since last: 214938371 ns, Reaching safepoint: 2743026 ns, At safepoint: 17977 ns, Total: 2761003 ns
[2020-09-11T15:40:00.905+0000][1][safepoint    ] Safepoint "RevokeBias", Time since last: 118241834 ns, Reaching safepoint: 152511 ns, At safepoint: 11647 ns, Total: 164158 ns
[2020-09-11T15:40:00.941+0000][1][safepoint    ] Safepoint "RevokeBias", Time since last: 31835917 ns, Reaching safepoint: 4042270 ns, At safepoint: 42196 ns, Total: 4084466 ns
[2020-09-11T15:40:00.967+0000][1][safepoint    ] Safepoint "Deoptimize", Time since last: 24385180 ns, Reaching safepoint: 774429 ns, At safepoint: 454548 ns, Total: 1228977 ns
[2020-09-11T15:40:00.995+0000][1][safepoint    ] Safepoint "RevokeBias", Time since last: 28304447 ns, Reaching safepoint: 157797 ns, At safepoint: 22262 ns, Total: 180059 ns
[2020-09-11T15:40:00.997+0000][1][safepoint    ] Safepoint "RevokeBias", Time since last: 902336 ns, Reaching safepoint: 928147 ns, At safepoint: 15621 ns, Total: 943768 ns
[2020-09-11T15:40:01.019+0000][1][safepoint    ] Safepoint "RevokeBias", Time since last: 22046435 ns, Reaching safepoint: 148085 ns, At safepoint: 24945 ns, Total: 173030 ns
[2020-09-11T15:40:01.159+0000][1][safepoint    ] Safepoint "RevokeBias", Time since last: 138449977 ns, Reaching safepoint: 1102446 ns, At safepoint: 26398 ns, Total: 1128844 ns
[2020-09-11T15:40:01.170+0000][1][safepoint    ] Safepoint "RevokeBias", Time since last: 10888468 ns, Reaching safepoint: 445305 ns, At safepoint: 24775 ns, Total: 470080 ns
[2020-09-11T15:40:01.512+0000][1][safepoint    ] Safepoint "RevokeBias", Time since last: 342277008 ns, Reaching safepoint: 143718 ns, At safepoint: 31706 ns, Total: 175424 ns
[2020-09-11T15:40:01.528+0000][1][safepoint    ] Safepoint "RevokeBias", Time since last: 15188880 ns, Reaching safepoint: 268097 ns, At safepoint: 31785 ns, Total: 299882 ns
[2020-09-11T15:40:01.594+0000][1][safepoint    ] Safepoint "RevokeBias", Time since last: 65522479 ns, Reaching safepoint: 538469 ns, At safepoint: 40835 ns, Total: 579304 ns
[2020-09-11T15:40:01.594+0000][1][safepoint    ] Safepoint "RevokeBias", Time since last: 91695 ns, Reaching safepoint: 92992 ns, At safepoint: 12604 ns, Total: 105596 ns
[2020-09-11T15:40:01.597+0000][1][safepoint    ] Safepoint "RevokeBias", Time since last: 2911867 ns, Reaching safepoint: 122296 ns, At safepoint: 30434 ns, Total: 152730 ns
[2020-09-11T15:40:01.598+0000][1][safepoint    ] Safepoint "RevokeBias", Time since last: 270744 ns, Reaching safepoint: 97036 ns, At safepoint: 15614 ns, Total: 112650 ns
[2020-09-11T15:40:01.691+0000][1][safepoint    ] Safepoint "RevokeBias", Time since last: 92797727 ns, Reaching safepoint: 846498 ns, At safepoint: 23801 ns, Total: 870299 ns
[2020-09-11T15:40:01.865+0000][1][safepoint    ] Safepoint "RevokeBias", Time since last: 169830626 ns, Reaching safepoint: 3680673 ns, At safepoint: 30776 ns, Total: 3711449 ns
[2020-09-11T15:40:01.869+0000][1][safepoint    ] Safepoint "RevokeBias", Time since last: 91361 ns, Reaching safepoint: 3836164 ns, At safepoint: 24625 ns, Total: 3860789 ns
[2020-09-11T15:40:01.889+0000][1][safepoint    ] Safepoint "RevokeBias", Time since last: 16451491 ns, Reaching safepoint: 3523737 ns, At safepoint: 25600 ns, Total: 3549337 ns
[2020-09-11T15:40:01.893+0000][1][safepoint    ] Safepoint "RevokeBias", Time since last: 91997 ns, Reaching safepoint: 3890258 ns, At safepoint: 26019 ns, Total: 3916277 ns
[2020-09-11T15:40:01.897+0000][1][safepoint    ] Safepoint "RevokeBias", Time since last: 61497 ns, Reaching safepoint: 3933025 ns, At safepoint: 31519 ns, Total: 3964544 ns
[2020-09-11T15:40:01.897+0000][1][safepoint    ] Safepoint "RevokeBias", Time since last: 77495 ns, Reaching safepoint: 100908 ns, At safepoint: 12350 ns, Total: 113258 ns
[2020-09-11T15:40:01.897+0000][1][safepoint    ] Safepoint "RevokeBias", Time since last: 31415 ns, Reaching safepoint: 100337 ns, At safepoint: 11653 ns, Total: 111990 ns
[2020-09-11T15:40:01.897+0000][1][safepoint    ] Safepoint "RevokeBias", Time since last: 31130 ns, Reaching safepoint: 99711 ns, At safepoint: 11898 ns, Total: 111609 ns
[2020-09-11T15:40:01.898+0000][1][safepoint    ] Safepoint "RevokeBias", Time since last: 46477 ns, Reaching safepoint: 98865 ns, At safepoint: 11745 ns, Total: 110610 ns
[2020-09-11T15:40:01.898+0000][1][safepoint    ] Safepoint "RevokeBias", Time since last: 30120 ns, Reaching safepoint: 99804 ns, At safepoint: 11766 ns, Total: 111570 ns
[2020-09-11T15:40:01.898+0000][1][safepoint    ] Safepoint "RevokeBias", Time since last: 30402 ns, Reaching safepoint: 99367 ns, At safepoint: 11924 ns, Total: 111291 ns
[2020-09-11T15:40:01.898+0000][1][safepoint    ] Safepoint "RevokeBias", Time since last: 29974 ns, Reaching safepoint: 99211 ns, At safepoint: 11698 ns, Total: 110909 ns
[2020-09-11T15:40:01.898+0000][1][safepoint    ] Safepoint "RevokeBias", Time since last: 30127 ns, Reaching safepoint: 98791 ns, At safepoint: 11589 ns, Total: 110380 ns
[2020-09-11T15:40:01.898+0000][1][safepoint    ] Safepoint "RevokeBias", Time since last: 29886 ns, Reaching safepoint: 107360 ns, At safepoint: 11642 ns, Total: 119002 ns
[2020-09-11T15:40:02.062+0000][1][safepoint    ] Safepoint "RevokeBias", Time since last: 163309553 ns, Reaching safepoint: 207992 ns, At safepoint: 20215 ns, Total: 228207 ns
[2020-09-11T15:40:02.073+0000][1][safepoint    ] Safepoint "RevokeBias", Time since last: 11067347 ns, Reaching safepoint: 152378 ns, At safepoint: 22212 ns, Total: 174590 ns
[2020-09-11T15:40:02.073+0000][1][safepoint    ] Safepoint "RevokeBias", Time since last: 174746 ns, Reaching safepoint: 109120 ns, At safepoint: 14858 ns, Total: 123978 ns
[2020-09-11T15:40:02.074+0000][1][safepoint    ] Safepoint "RevokeBias", Time since last: 150328 ns, Reaching safepoint: 99020 ns, At safepoint: 12932 ns, Total: 111952 ns
[2020-09-11T15:40:02.085+0000][1][safepoint    ] Safepoint "RevokeBias", Time since last: 11655629 ns, Reaching safepoint: 142424 ns, At safepoint: 22536 ns, Total: 164960 ns
[2020-09-11T15:40:02.133+0000][1][safepoint    ] Safepoint "RevokeBias", Time since last: 43413152 ns, Reaching safepoint: 4044967 ns, At safepoint: 20575 ns, Total: 4065542 ns
[2020-09-11T15:40:02.201+0000][1][safepoint    ] Safepoint "RevokeBias", Time since last: 66026428 ns, Reaching safepoint: 1943566 ns, At safepoint: 28986 ns, Total: 1972552 ns
[2020-09-11T15:40:02.267+0000][1][safepoint    ] Safepoint "BulkRevokeBias", Time since last: 65995086 ns, Reaching safepoint: 78085 ns, At safepoint: 278319 ns, Total: 356404 ns
[2020-09-11T15:40:02.281+0000][1][safepoint    ] Safepoint "RevokeBias", Time since last: 13136973 ns, Reaching safepoint: 149222 ns, At safepoint: 32568 ns, Total: 181790 ns
[2020-09-11T15:40:02.286+0000][1][safepoint    ] Safepoint "RevokeBias", Time since last: 4248211 ns, Reaching safepoint: 1514235 ns, At safepoint: 28068 ns, Total: 1542303 ns
[2020-09-11T15:40:02.289+0000][1][safepoint    ] Safepoint "RevokeBias", Time since last: 259695 ns, Reaching safepoint: 2225643 ns, At safepoint: 27730 ns, Total: 2253373 ns
[2020-09-11T15:40:02.300+0000][1][safepoint    ] Safepoint "RevokeBias", Time since last: 10196217 ns, Reaching safepoint: 1172039 ns, At safepoint: 33864 ns, Total: 1205903 ns
[2020-09-11T15:40:02.301+0000][1][safepoint    ] Safepoint "RevokeBias", Time since last: 163709 ns, Reaching safepoint: 308292 ns, At safepoint: 197808 ns, Total: 506100 ns
[2020-09-11T15:40:02.302+0000][1][safepoint    ] Safepoint "RevokeBias", Time since last: 21408 ns, Reaching safepoint: 99981 ns, At safepoint: 969856 ns, Total: 1069837 ns
[2020-09-11T15:40:02.302+0000][1][safepoint    ] Safepoint "RevokeBias", Time since last: 24311 ns, Reaching safepoint: 115826 ns, At safepoint: 190251 ns, Total: 306077 ns
[2020-09-11T15:40:02.305+0000][1][safepoint    ] Safepoint "RevokeBias", Time since last: 17552 ns, Reaching safepoint: 2479824 ns, At safepoint: 175370 ns, Total: 2655194 ns
[2020-09-11T15:40:02.414+0000][1][safepoint    ] Safepoint "RevokeBias", Time since last: 108447766 ns, Reaching safepoint: 83401 ns, At safepoint: 689786 ns, Total: 773187 ns
[2020-09-11T15:40:02.414+0000][1][safepoint    ] Safepoint "RevokeBias", Time since last: 41647 ns, Reaching safepoint: 40242 ns, At safepoint: 21338 ns, Total: 61580 ns
[2020-09-11T15:40:02.415+0000][1][safepoint    ] Safepoint "RevokeBias", Time since last: 125703 ns, Reaching safepoint: 28133 ns, At safepoint: 19171 ns, Total: 47304 ns
[2020-09-11T15:40:02.415+0000][1][safepoint    ] Safepoint "RevokeBias", Time since last: 823841 ns, Reaching safepoint: 32164 ns, At safepoint: 27776 ns, Total: 59940 ns
[2020-09-11T15:40:02.502+0000][1][safepoint    ] Safepoint "RevokeBias", Time since last: 85386316 ns, Reaching safepoint: 1313585 ns, At safepoint: 27042 ns, Total: 1340627 ns
[2020-09-11T15:40:02.695+0000][1][safepoint    ] Safepoint "RevokeBias", Time since last: 192266870 ns, Reaching safepoint: 834516 ns, At safepoint: 14208 ns, Total: 848724 ns
[2020-09-11T15:40:02.817+0000][1][safepoint    ] Safepoint "RevokeBias", Time since last: 121561272 ns, Reaching safepoint: 220866 ns, At safepoint: 21587 ns, Total: 242453 ns
[2020-09-11T15:40:02.854+0000][1][safepoint    ] Safepoint "RevokeBias", Time since last: 36361004 ns, Reaching safepoint: 148566 ns, At safepoint: 10816 ns, Total: 159382 ns
[2020-09-11T15:40:02.918+0000][1][safepoint    ] Safepoint "RevokeBias", Time since last: 63973624 ns, Reaching safepoint: 132533 ns, At safepoint: 20998 ns, Total: 153531 ns
[2020-09-11T15:40:03.262+0000][1][gc,start     ] GC(69) Pause Young (Allocation Failure)
[2020-09-11T15:40:03.262+0000][1][gc,task      ] GC(69) Using 1 workers of 1 for evacuation
[2020-09-11T15:40:03.443+0000][1][gc,age       ] GC(69) Desired survivor size 4358144 bytes, new threshold 3 (max threshold 6)
[2020-09-11T15:40:03.443+0000][1][gc,age       ] GC(69) Age table with threshold 3 (max threshold 6)
[2020-09-11T15:40:03.443+0000][1][gc,age       ] GC(69) - age   1:    1891880 bytes,    1891880 total
[2020-09-11T15:40:03.443+0000][1][gc,age       ] GC(69) - age   2:    2057104 bytes,    3948984 total
[2020-09-11T15:40:03.443+0000][1][gc,age       ] GC(69) - age   3:     623704 bytes,    4572688 total
[2020-09-11T15:40:03.443+0000][1][gc,age       ] GC(69) - age   4:     655040 bytes,    5227728 total
[2020-09-11T15:40:03.443+0000][1][gc,heap      ] GC(69) ParNew: 74495K->8512K(76672K)
[2020-09-11T15:40:03.443+0000][1][gc,heap      ] GC(69) CMS: 62789K->64681K(439104K)
[2020-09-11T15:40:03.443+0000][1][gc,metaspace ] GC(69) Metaspace: 83100K->83100K(1126400K)
[2020-09-11T15:40:03.443+0000][1][gc           ] GC(69) Pause Young (Allocation Failure) 134M->71M(503M) 180.590ms
[2020-09-11T15:40:03.443+0000][1][gc,cpu       ] GC(69) User=0.04s Sys=0.00s Real=0.18s
[2020-09-11T15:40:03.461+0000][1][safepoint    ] Safepoint "GenCollectForAllocation", Time since last: 344429430 ns, Reaching safepoint: 154793 ns, At safepoint: 198529470 ns, Total: 198684263 ns
[2020-09-11T15:40:03.725+0000][1][safepoint    ] Safepoint "Deoptimize", Time since last: 254168880 ns, Reaching safepoint: 9889673 ns, At safepoint: 546861 ns, Total: 10436534 ns
[2020-09-11T15:40:04.931+0000][1][safepoint    ] Safepoint "RevokeBias", Time since last: 1205775238 ns, Reaching safepoint: 152674 ns, At safepoint: 20273 ns, Total: 172947 ns
[2020-09-11T15:40:04.932+0000][1][safepoint    ] Safepoint "RevokeBias", Time since last: 788268 ns, Reaching safepoint: 106800 ns, At safepoint: 13365 ns, Total: 120165 ns
[2020-09-11T15:40:04.986+0000][1][safepoint    ] Safepoint "RevokeBias", Time since last: 53692470 ns, Reaching safepoint: 131676 ns, At safepoint: 16592 ns, Total: 148268 ns
[2020-09-11T15:40:04.992+0000][1][safepoint    ] Safepoint "RevokeBias", Time since last: 534723 ns, Reaching safepoint: 5062849 ns, At safepoint: 28689 ns, Total: 5091538 ns
[2020-09-11T15:40:05.073+0000][1][safepoint    ] Safepoint "RevokeBias", Time since last: 75058059 ns, Reaching safepoint: 6053072 ns, At safepoint: 28124 ns, Total: 6081196 ns
[2020-09-11T15:40:05.114+0000][1][safepoint    ] Safepoint "RevokeBias", Time since last: 40757338 ns, Reaching safepoint: 143149 ns, At safepoint: 20793 ns, Total: 163942 ns
[2020-09-11T15:40:05.161+0000][1][safepoint    ] Safepoint "RevokeBias", Time since last: 28511350 ns, Reaching safepoint: 18563454 ns, At safepoint: 30136 ns, Total: 18593590 ns
[2020-09-11T15:40:05.173+0000][1][safepoint    ] Safepoint "RevokeBias", Time since last: 11471157 ns, Reaching safepoint: 138284 ns, At safepoint: 18952 ns, Total: 157236 ns
[2020-09-11T15:40:05.190+0000][1][safepoint    ] Safepoint "RevokeBias", Time since last: 17313098 ns, Reaching safepoint: 212360 ns, At safepoint: 23186 ns, Total: 235546 ns
[2020-09-11T15:40:05.190+0000][1][safepoint    ] Safepoint "RevokeBias", Time since last: 281122 ns, Reaching safepoint: 104096 ns, At safepoint: 15064 ns, Total: 119160 ns
[2020-09-11T15:40:05.233+0000][1][safepoint    ] Safepoint "RevokeBias", Time since last: 42317165 ns, Reaching safepoint: 146883 ns, At safepoint: 22309 ns, Total: 169192 ns
[2020-09-11T15:40:05.293+0000][1][safepoint    ] Safepoint "RevokeBias", Time since last: 59832588 ns, Reaching safepoint: 144499 ns, At safepoint: 22807 ns, Total: 167306 ns
[2020-09-11T15:40:05.318+0000][1][safepoint    ] Safepoint "RevokeBias", Time since last: 24654254 ns, Reaching safepoint: 138797 ns, At safepoint: 22810 ns, Total: 161607 ns
[2020-09-11T15:40:05.330+0000][1][safepoint    ] Safepoint "RevokeBias", Time since last: 7852024 ns, Reaching safepoint: 4319118 ns, At safepoint: 26555 ns, Total: 4345673 ns
[2020-09-11T15:40:05.417+0000][1][safepoint    ] Safepoint "RevokeBias", Time since last: 81185970 ns, Reaching safepoint: 5673625 ns, At safepoint: 30905 ns, Total: 5704530 ns
[2020-09-11T15:40:05.567+0000][1][safepoint    ] Safepoint "RevokeBias", Time since last: 149991273 ns, Reaching safepoint: 155823 ns, At safepoint: 22787 ns, Total: 178610 ns
[2020-09-11T15:40:05.569+0000][1][safepoint    ] Safepoint "RevokeBias", Time since last: 1753842 ns, Reaching safepoint: 122908 ns, At safepoint: 18317 ns, Total: 141225 ns
[2020-09-11T15:40:05.569+0000][1][safepoint    ] Safepoint "RevokeBias", Time since last: 83334 ns, Reaching safepoint: 102250 ns, At safepoint: 13464 ns, Total: 115714 ns
[2020-09-11T15:40:05.575+0000][1][safepoint    ] Safepoint "RevokeBias", Time since last: 5154639 ns, Reaching safepoint: 215818 ns, At safepoint: 36240 ns, Total: 252058 ns
[2020-09-11T15:40:05.575+0000][1][safepoint    ] Safepoint "RevokeBias", Time since last: 83433 ns, Reaching safepoint: 102773 ns, At safepoint: 24995 ns, Total: 127768 ns
[2020-09-11T15:40:05.575+0000][1][safepoint    ] Safepoint "RevokeBias", Time since last: 39946 ns, Reaching safepoint: 100385 ns, At safepoint: 23787 ns, Total: 124172 ns
[2020-09-11T15:40:05.575+0000][1][safepoint    ] Safepoint "RevokeBias", Time since last: 90638 ns, Reaching safepoint: 101707 ns, At safepoint: 13790 ns, Total: 115497 ns
[2020-09-11T15:40:05.575+0000][1][safepoint    ] Safepoint "RevokeBias", Time since last: 53721 ns, Reaching safepoint: 101854 ns, At safepoint: 12978 ns, Total: 114832 ns
[2020-09-11T15:40:05.589+0000][1][safepoint    ] Safepoint "RevokeBias", Time since last: 46706 ns, Reaching safepoint: 13530215 ns, At safepoint: 37667 ns, Total: 13567882 ns
[2020-09-11T15:40:05.597+0000][1][safepoint    ] Safepoint "RevokeBias", Time since last: 7967982 ns, Reaching safepoint: 151772 ns, At safepoint: 24044 ns, Total: 175816 ns
[2020-09-11T15:40:05.597+0000][1][safepoint    ] Safepoint "RevokeBias", Time since last: 146494 ns, Reaching safepoint: 101497 ns, At safepoint: 13008 ns, Total: 114505 ns
[2020-09-11T15:40:05.597+0000][1][safepoint    ] Safepoint "RevokeBias", Time since last: 39596 ns, Reaching safepoint: 97996 ns, At safepoint: 12100 ns, Total: 110096 ns
[2020-09-11T15:40:06.455+0000][1][safepoint    ] Safepoint "RevokeBias", Time since last: 840306760 ns, Reaching safepoint: 17466080 ns, At safepoint: 65768 ns, Total: 17531848 ns
[2020-09-11T15:40:06.508+0000][1][safepoint    ] Safepoint "RevokeBias", Time since last: 52835198 ns, Reaching safepoint: 151802 ns, At safepoint: 10933 ns, Total: 162735 ns
[2020-09-11T15:40:06.529+0000][1][safepoint    ] Safepoint "RevokeBias", Time since last: 20591404 ns, Reaching safepoint: 220001 ns, At safepoint: 22822 ns, Total: 242823 ns
[2020-09-11T15:40:06.964+0000][1][safepoint    ] Safepoint "RevokeBias", Time since last: 434479864 ns, Reaching safepoint: 286919 ns, At safepoint: 57476 ns, Total: 344395 ns
[2020-09-11T15:40:07.014+0000][1][safepoint    ] Safepoint "RevokeBias", Time since last: 38212507 ns, Reaching safepoint: 11760578 ns, At safepoint: 45794 ns, Total: 11806372 ns
[2020-09-11T15:40:07.132+0000][1][safepoint    ] Safepoint "RevokeBias", Time since last: 117905462 ns, Reaching safepoint: 220564 ns, At safepoint: 23207 ns, Total: 243771 ns
[2020-09-11T15:40:07.417+0000][1][safepoint    ] Safepoint "RevokeBias", Time since last: 284338286 ns, Reaching safepoint: 147004 ns, At safepoint: 17874 ns, Total: 164878 ns
[2020-09-11T15:40:07.422+0000][1][safepoint    ] Safepoint "RevokeBias", Time since last: 5445238 ns, Reaching safepoint: 79823 ns, At safepoint: 19380 ns, Total: 99203 ns
[2020-09-11T15:40:07.422+0000][1][safepoint    ] Safepoint "RevokeBias", Time since last: 101784 ns, Reaching safepoint: 26725 ns, At safepoint: 12046 ns, Total: 38771 ns
[2020-09-11T15:40:07.423+0000][1][safepoint    ] Safepoint "RevokeBias", Time since last: 454767 ns, Reaching safepoint: 101206 ns, At safepoint: 11582 ns, Total: 112788 ns
[2020-09-11T15:40:07.438+0000][1][safepoint    ] Safepoint "RevokeBias", Time since last: 14556418 ns, Reaching safepoint: 270427 ns, At safepoint: 30725 ns, Total: 301152 ns
[2020-09-11T15:40:07.446+0000][1][safepoint    ] Safepoint "RevokeBias", Time since last: 8253563 ns, Reaching safepoint: 157876 ns, At safepoint: 22198 ns, Total: 180074 ns
[2020-09-11T15:40:07.502+0000][1][safepoint    ] Safepoint "RevokeBias", Time since last: 55551809 ns, Reaching safepoint: 140160 ns, At safepoint: 20999 ns, Total: 161159 ns
[2020-09-11T15:40:07.515+0000][1][safepoint    ] Safepoint "RevokeBias", Time since last: 12547420 ns, Reaching safepoint: 159360 ns, At safepoint: 23587 ns, Total: 182947 ns
[2020-09-11T15:40:07.515+0000][1][safepoint    ] Safepoint "RevokeBias", Time since last: 57188 ns, Reaching safepoint: 104576 ns, At safepoint: 14175 ns, Total: 118751 ns
[2020-09-11T15:40:07.562+0000][1][safepoint    ] Safepoint "RevokeBias", Time since last: 47391882 ns, Reaching safepoint: 75657 ns, At safepoint: 22268 ns, Total: 97925 ns
[2020-09-11T15:40:07.570+0000][1][safepoint    ] Safepoint "RevokeBias", Time since last: 7492158 ns, Reaching safepoint: 141160 ns, At safepoint: 21315 ns, Total: 162475 ns
[2020-09-11T15:40:07.622+0000][1][safepoint    ] Safepoint "RevokeBias", Time since last: 52325930 ns, Reaching safepoint: 170792 ns, At safepoint: 24553 ns, Total: 195345 ns
[2020-09-11T15:40:07.637+0000][1][safepoint    ] Safepoint "RevokeBias", Time since last: 14728922 ns, Reaching safepoint: 153434 ns, At safepoint: 28161 ns, Total: 181595 ns
[2020-09-11T15:40:07.643+0000][1][safepoint    ] Safepoint "RevokeBias", Time since last: 5744497 ns, Reaching safepoint: 156741 ns, At safepoint: 20824 ns, Total: 177565 ns
[2020-09-11T15:40:07.705+0000][1][safepoint    ] Safepoint "RevokeBias", Time since last: 61599279 ns, Reaching safepoint: 153369 ns, At safepoint: 20524 ns, Total: 173893 ns
[2020-09-11T15:40:07.775+0000][1][safepoint    ] Safepoint "RevokeBias", Time since last: 64475018 ns, Reaching safepoint: 5827094 ns, At safepoint: 29459 ns, Total: 5856553 ns
[2020-09-11T15:40:07.789+0000][1][safepoint    ] Safepoint "RevokeBias", Time since last: 1497702 ns, Reaching safepoint: 11978700 ns, At safepoint: 35964 ns, Total: 12014664 ns
[2020-09-11T15:40:07.801+0000][1][safepoint    ] Safepoint "RevokeBias", Time since last: 11635109 ns, Reaching safepoint: 142696 ns, At safepoint: 20182 ns, Total: 162878 ns
[2020-09-11T15:40:07.846+0000][1][safepoint    ] Safepoint "RevokeBias", Time since last: 44949872 ns, Reaching safepoint: 619203 ns, At safepoint: 21992 ns, Total: 641195 ns
[2020-09-11T15:40:07.847+0000][1][safepoint    ] Safepoint "RevokeBias", Time since last: 682707 ns, Reaching safepoint: 110577 ns, At safepoint: 14461 ns, Total: 125038 ns
[2020-09-11T15:40:07.878+0000][1][safepoint    ] Safepoint "RevokeBias", Time since last: 30381429 ns, Reaching safepoint: 65594 ns, At safepoint: 19473 ns, Total: 85067 ns
[2020-09-11T15:40:07.893+0000][1][safepoint    ] Safepoint "RevokeBias", Time since last: 15222897 ns, Reaching safepoint: 77142 ns, At safepoint: 22216 ns, Total: 99358 ns
[2020-09-11T15:40:08.004+0000][1][safepoint    ] Safepoint "RevokeBias", Time since last: 110835398 ns, Reaching safepoint: 76075 ns, At safepoint: 21942 ns, Total: 98017 ns
[2020-09-11T15:40:08.004+0000][1][safepoint    ] Safepoint "RevokeBias", Time since last: 61494 ns, Reaching safepoint: 31766 ns, At safepoint: 10814 ns, Total: 42580 ns
[2020-09-11T15:40:08.115+0000][1][safepoint    ] Safepoint "RevokeBias", Time since last: 110791420 ns, Reaching safepoint: 157930 ns, At safepoint: 9899 ns, Total: 167829 ns
[2020-09-11T15:40:08.221+0000][1][safepoint    ] Safepoint "RevokeBias", Time since last: 106397910 ns, Reaching safepoint: 73774 ns, At safepoint: 20203 ns, Total: 93977 ns
[2020-09-11T15:40:08.242+0000][1][safepoint    ] Safepoint "RevokeBias", Time since last: 20824198 ns, Reaching safepoint: 72776 ns, At safepoint: 21485 ns, Total: 94261 ns
[2020-09-11T15:40:08.279+0000][1][safepoint    ] Safepoint "RevokeBias", Time since last: 36106257 ns, Reaching safepoint: 146794 ns, At safepoint: 20146 ns, Total: 166940 ns
[2020-09-11T15:40:08.318+0000][1][safepoint    ] Safepoint "RevokeBias", Time since last: 38822577 ns, Reaching safepoint: 146072 ns, At safepoint: 24010 ns, Total: 170082 ns
[2020-09-11T15:40:08.377+0000][1][safepoint    ] Safepoint "RevokeBias", Time since last: 59266131 ns, Reaching safepoint: 81139 ns, At safepoint: 20014 ns, Total: 101153 ns
[2020-09-11T15:40:08.408+0000][1][safepoint    ] Safepoint "RevokeBias", Time since last: 30948622 ns, Reaching safepoint: 81907 ns, At safepoint: 22631 ns, Total: 104538 ns
[2020-09-11T15:40:08.415+0000][1][safepoint    ] Safepoint "RevokeBias", Time since last: 6525201 ns, Reaching safepoint: 149738 ns, At safepoint: 24101 ns, Total: 173839 ns
[2020-09-11T15:40:08.423+0000][1][safepoint    ] Safepoint "RevokeBias", Time since last: 8066990 ns, Reaching safepoint: 148791 ns, At safepoint: 23424 ns, Total: 172215 ns
[2020-09-11T15:40:08.482+0000][1][safepoint    ] Safepoint "RevokeBias", Time since last: 58656564 ns, Reaching safepoint: 239325 ns, At safepoint: 24210 ns, Total: 263535 ns
[2020-09-11T15:40:08.515+0000][1][safepoint    ] Safepoint "RevokeBias", Time since last: 33099125 ns, Reaching safepoint: 87553 ns, At safepoint: 24628 ns, Total: 112181 ns
[2020-09-11T15:40:08.537+0000][1][safepoint    ] Safepoint "RevokeBias", Time since last: 21881821 ns, Reaching safepoint: 68474 ns, At safepoint: 20497 ns, Total: 88971 ns
[2020-09-11T15:40:08.537+0000][1][safepoint    ] Safepoint "RevokeBias", Time since last: 313003 ns, Reaching safepoint: 29724 ns, At safepoint: 11686 ns, Total: 41410 ns
[2020-09-11T15:40:08.538+0000][1][safepoint    ] Safepoint "RevokeBias", Time since last: 491984 ns, Reaching safepoint: 30604 ns, At safepoint: 11364 ns, Total: 41968 ns
[2020-09-11T15:40:08.538+0000][1][safepoint    ] Safepoint "RevokeBias", Time since last: 56139 ns, Reaching safepoint: 27615 ns, At safepoint: 10170 ns, Total: 37785 ns
[2020-09-11T15:40:08.545+0000][1][safepoint    ] Safepoint "RevokeBias", Time since last: 7041228 ns, Reaching safepoint: 73851 ns, At safepoint: 21669 ns, Total: 95520 ns
[2020-09-11T15:40:08.589+0000][1][safepoint    ] Safepoint "RevokeBias", Time since last: 32785720 ns, Reaching safepoint: 10940049 ns, At safepoint: 35783 ns, Total: 10975832 ns
[2020-09-11T15:40:08.614+0000][1][safepoint    ] Safepoint "RevokeBias", Time since last: 23908657 ns, Reaching safepoint: 827083 ns, At safepoint: 26945 ns, Total: 854028 ns
[2020-09-11T15:40:08.647+0000][1][safepoint    ] Safepoint "RevokeBias", Time since last: 33623195 ns, Reaching safepoint: 146707 ns, At safepoint: 23423 ns, Total: 170130 ns
[2020-09-11T15:40:08.649+0000][1][safepoint    ] Safepoint "RevokeBias", Time since last: 406639 ns, Reaching safepoint: 953082 ns, At safepoint: 20853 ns, Total: 973935 ns
[2020-09-11T15:40:08.808+0000][1][safepoint    ] Safepoint "RevokeBias", Time since last: 159289033 ns, Reaching safepoint: 159049 ns, At safepoint: 23678 ns, Total: 182727 ns
[2020-09-11T15:40:08.809+0000][1][safepoint    ] Safepoint "RevokeBias", Time since last: 236069 ns, Reaching safepoint: 105446 ns, At safepoint: 34030 ns, Total: 139476 ns
[2020-09-11T15:40:08.843+0000][1][safepoint    ] Safepoint "RevokeBias", Time since last: 34141691 ns, Reaching safepoint: 67712 ns, At safepoint: 20876 ns, Total: 88588 ns
[2020-09-11T15:40:08.849+0000][1][safepoint    ] Safepoint "RevokeBias", Time since last: 5873592 ns, Reaching safepoint: 258193 ns, At safepoint: 25338 ns, Total: 283531 ns
[2020-09-11T15:40:08.850+0000][1][safepoint    ] Safepoint "RevokeBias", Time since last: 1198806 ns, Reaching safepoint: 130315 ns, At safepoint: 18096 ns, Total: 148411 ns
[2020-09-11T15:40:08.881+0000][1][safepoint    ] Safepoint "RevokeBias", Time since last: 30486990 ns, Reaching safepoint: 74154 ns, At safepoint: 21040 ns, Total: 95194 ns
[2020-09-11T15:40:08.881+0000][1][safepoint    ] Safepoint "RevokeBias", Time since last: 250300 ns, Reaching safepoint: 30249 ns, At safepoint: 12086 ns, Total: 42335 ns
[2020-09-11T15:40:08.881+0000][1][safepoint    ] Safepoint "RevokeBias", Time since last: 44301 ns, Reaching safepoint: 27626 ns, At safepoint: 9982 ns, Total: 37608 ns
[2020-09-11T15:40:08.881+0000][1][safepoint    ] Safepoint "RevokeBias", Time since last: 55167 ns, Reaching safepoint: 27691 ns, At safepoint: 12660 ns, Total: 40351 ns
[2020-09-11T15:40:08.949+0000][1][safepoint    ] Safepoint "RevokeBias", Time since last: 65388317 ns, Reaching safepoint: 1981505 ns, At safepoint: 28328 ns, Total: 2009833 ns
[2020-09-11T15:40:08.963+0000][1][safepoint    ] Safepoint "RevokeBias", Time since last: 14019848 ns, Reaching safepoint: 215706 ns, At safepoint: 24832 ns, Total: 240538 ns
[2020-09-11T15:40:08.963+0000][1][safepoint    ] Safepoint "RevokeBias", Time since last: 114416 ns, Reaching safepoint: 99877 ns, At safepoint: 13740 ns, Total: 113617 ns
[2020-09-11T15:40:08.973+0000][1][safepoint    ] Safepoint "RevokeBias", Time since last: 1256636 ns, Reaching safepoint: 115655 ns, At safepoint: 8045281 ns, Total: 8160936 ns
[2020-09-11T15:40:08.973+0000][1][safepoint    ] Safepoint "RevokeBias", Time since last: 83729 ns, Reaching safepoint: 144628 ns, At safepoint: 19862 ns, Total: 164490 ns
[2020-09-11T15:40:08.973+0000][1][gc,start     ] GC(70) Pause Young (Allocation Failure)
[2020-09-11T15:40:08.973+0000][1][gc,task      ] GC(70) Using 1 workers of 1 for evacuation
[2020-09-11T15:40:09.067+0000][1][gc,age       ] GC(70) Desired survivor size 4358144 bytes, new threshold 3 (max threshold 6)
[2020-09-11T15:40:09.067+0000][1][gc,age       ] GC(70) Age table with threshold 3 (max threshold 6)
[2020-09-11T15:40:09.067+0000][1][gc,age       ] GC(70) - age   1:    1886704 bytes,    1886704 total
[2020-09-11T15:40:09.067+0000][1][gc,age       ] GC(70) - age   2:    1746760 bytes,    3633464 total
[2020-09-11T15:40:09.067+0000][1][gc,age       ] GC(70) - age   3:    2018128 bytes,    5651592 total
[2020-09-11T15:40:09.067+0000][1][gc,heap      ] GC(70) ParNew: 76672K->8512K(76672K)
[2020-09-11T15:40:09.067+0000][1][gc,heap      ] GC(70) CMS: 64681K->65936K(439104K)
[2020-09-11T15:40:09.067+0000][1][gc,metaspace ] GC(70) Metaspace: 84227K->84227K(1126400K)
[2020-09-11T15:40:09.067+0000][1][gc           ] GC(70) Pause Young (Allocation Failure) 138M->72M(503M) 93.951ms
[2020-09-11T15:40:09.067+0000][1][gc,cpu       ] GC(70) User=0.02s Sys=0.00s Real=0.09s
[2020-09-11T15:40:09.098+0000][1][safepoint    ] Safepoint "GenCollectForAllocation", Time since last: 169218 ns, Reaching safepoint: 105764 ns, At safepoint: 125023562 ns, Total: 125129326 ns
[2020-09-11T15:40:09.100+0000][1][safepoint    ] Safepoint "RevokeBias", Time since last: 1509574 ns, Reaching safepoint: 70440 ns, At safepoint: 29621 ns, Total: 100061 ns
[2020-09-11T15:40:09.106+0000][1][safepoint    ] Safepoint "RevokeBias", Time since last: 5923839 ns, Reaching safepoint: 73519 ns, At safepoint: 29339 ns, Total: 102858 ns
[2020-09-11T15:40:09.149+0000][1][safepoint    ] Safepoint "RevokeBias", Time since last: 43065162 ns, Reaching safepoint: 76481 ns, At safepoint: 21354 ns, Total: 97835 ns
[2020-09-11T15:40:09.163+0000][1][safepoint    ] Safepoint "RevokeBias", Time since last: 14207731 ns, Reaching safepoint: 147039 ns, At safepoint: 19061 ns, Total: 166100 ns
[2020-09-11T15:40:09.164+0000][1][safepoint    ] Safepoint "RevokeBias", Time since last: 88529 ns, Reaching safepoint: 102307 ns, At safepoint: 12811 ns, Total: 115118 ns
[2020-09-11T15:40:09.218+0000][1][safepoint    ] Safepoint "RevokeBias", Time since last: 53685815 ns, Reaching safepoint: 152038 ns, At safepoint: 20573 ns, Total: 172611 ns
[2020-09-11T15:40:09.218+0000][1][safepoint    ] Safepoint "RevokeBias", Time since last: 57102 ns, Reaching safepoint: 104372 ns, At safepoint: 14697 ns, Total: 119069 ns
[2020-09-11T15:40:10.218+0000][1][safepoint    ] Safepoint "Cleanup", Time since last: 1000087663 ns, Reaching safepoint: 82308 ns, At safepoint: 7177 ns, Total: 89485 ns
[2020-09-11T15:40:10.487+0000][1][safepoint    ] Safepoint "RevokeBias", Time since last: 269166744 ns, Reaching safepoint: 164463 ns, At safepoint: 22547 ns, Total: 187010 ns
[2020-09-11T15:40:10.487+0000][1][safepoint    ] Safepoint "RevokeBias", Time since last: 102808 ns, Reaching safepoint: 30147 ns, At safepoint: 11752 ns, Total: 41899 ns
[2020-09-11T15:40:10.505+0000][1][safepoint    ] Safepoint "RevokeBias", Time since last: 17749003 ns, Reaching safepoint: 147483 ns, At safepoint: 22942 ns, Total: 170425 ns
[2020-09-11T15:40:10.506+0000][1][safepoint    ] Safepoint "RevokeBias", Time since last: 77109 ns, Reaching safepoint: 106102 ns, At safepoint: 14911 ns, Total: 121013 ns
[2020-09-11T15:40:10.568+0000][1][safepoint    ] Safepoint "RevokeBias", Time since last: 62156720 ns, Reaching safepoint: 73462 ns, At safepoint: 21372 ns, Total: 94834 ns
[2020-09-11T15:40:10.568+0000][1][safepoint    ] Safepoint "RevokeBias", Time since last: 238761 ns, Reaching safepoint: 31707 ns, At safepoint: 12882 ns, Total: 44589 ns
[2020-09-11T15:40:10.826+0000][1][safepoint    ] Safepoint "RevokeBias", Time since last: 258310872 ns, Reaching safepoint: 73772 ns, At safepoint: 44677 ns, Total: 118449 ns
[2020-09-11T15:40:10.827+0000][1][safepoint    ] Safepoint "RevokeBias", Time since last: 358562 ns, Reaching safepoint: 32679 ns, At safepoint: 13180 ns, Total: 45859 ns
[2020-09-11T15:40:11.214+0000][1][safepoint    ] Safepoint "RevokeBias", Time since last: 387133265 ns, Reaching safepoint: 76419 ns, At safepoint: 21449 ns, Total: 97868 ns
[2020-09-11T15:40:11.269+0000][1][safepoint    ] Safepoint "RevokeBias", Time since last: 54682817 ns, Reaching safepoint: 152931 ns, At safepoint: 22896 ns, Total: 175827 ns
[2020-09-11T15:40:11.391+0000][1][safepoint    ] Safepoint "RevokeBias", Time since last: 121863808 ns, Reaching safepoint: 65711 ns, At safepoint: 20337 ns, Total: 86048 ns
[2020-09-11T15:40:11.629+0000][1][safepoint    ] Safepoint "RevokeBias", Time since last: 233977208 ns, Reaching safepoint: 4071471 ns, At safepoint: 38986 ns, Total: 4110457 ns
[2020-09-11T15:40:11.632+0000][1][safepoint    ] Safepoint "RevokeBias", Time since last: 951828 ns, Reaching safepoint: 1517230 ns, At safepoint: 24970 ns, Total: 1542200 ns
[2020-09-11T15:40:11.633+0000][1][safepoint    ] Safepoint "RevokeBias", Time since last: 863421 ns, Reaching safepoint: 445746 ns, At safepoint: 21470 ns, Total: 467216 ns
[2020-09-11T15:40:11.635+0000][1][safepoint    ] Safepoint "RevokeBias", Time since last: 520919 ns, Reaching safepoint: 1354978 ns, At safepoint: 28040 ns, Total: 1383018 ns
[2020-09-11T15:40:11.641+0000][1][safepoint    ] Safepoint "RevokeBias", Time since last: 928265 ns, Reaching safepoint: 5189009 ns, At safepoint: 31879 ns, Total: 5220888 ns
[2020-09-11T15:40:12.149+0000][1][safepoint    ] Safepoint "RevokeBias", Time since last: 501691821 ns, Reaching safepoint: 6192310 ns, At safepoint: 36349 ns, Total: 6228659 ns
[2020-09-11T15:40:12.227+0000][1][safepoint    ] Safepoint "BulkRevokeBias", Time since last: 77026151 ns, Reaching safepoint: 1075206 ns, At safepoint: 216215 ns, Total: 1291421 ns
[2020-09-11T15:40:12.503+0000][1][safepoint    ] Safepoint "RevokeBias", Time since last: 275849763 ns, Reaching safepoint: 70030 ns, At safepoint: 19795 ns, Total: 89825 ns
[2020-09-11T15:40:12.519+0000][1][safepoint    ] Safepoint "RevokeBias", Time since last: 15774291 ns, Reaching safepoint: 152375 ns, At safepoint: 20943 ns, Total: 173318 ns
[2020-09-11T15:40:13.519+0000][1][safepoint    ] Safepoint "Cleanup", Time since last: 1000109066 ns, Reaching safepoint: 89778 ns, At safepoint: 6590 ns, Total: 96368 ns
[2020-09-11T15:40:14.520+0000][1][safepoint    ] Safepoint "Cleanup", Time since last: 1000625052 ns, Reaching safepoint: 83068 ns, At safepoint: 6238 ns, Total: 89306 ns
[2020-09-11T15:40:14.621+0000][1][safepoint    ] Safepoint "RevokeBias", Time since last: 100700992 ns, Reaching safepoint: 175650 ns, At safepoint: 19964 ns, Total: 195614 ns
[2020-09-11T15:40:14.773+0000][1][safepoint    ] Safepoint "RevokeBias", Time since last: 151484572 ns, Reaching safepoint: 580423 ns, At safepoint: 17106 ns, Total: 597529 ns
[2020-09-11T15:40:14.818+0000][1][safepoint    ] Safepoint "RevokeBias", Time since last: 44746893 ns, Reaching safepoint: 77920 ns, At safepoint: 24095 ns, Total: 102015 ns
[2020-09-11T15:40:14.875+0000][1][safepoint    ] Safepoint "RevokeBias", Time since last: 53403190 ns, Reaching safepoint: 3585466 ns, At safepoint: 28069 ns, Total: 3613535 ns
[2020-09-11T15:40:14.875+0000][1][safepoint    ] Safepoint "RevokeBias", Time since last: 637789 ns, Reaching safepoint: 35489 ns, At safepoint: 13515 ns, Total: 49004 ns
[2020-09-11T15:40:14.876+0000][1][safepoint    ] Safepoint "RevokeBias", Time since last: 59178 ns, Reaching safepoint: 27663 ns, At safepoint: 10402 ns, Total: 38065 ns
[2020-09-11T15:40:15.361+0000][1][safepoint    ] Safepoint "RevokeBias", Time since last: 485562236 ns, Reaching safepoint: 154289 ns, At safepoint: 20717 ns, Total: 175006 ns
[2020-09-11T15:40:15.525+0000][1][safepoint    ] Safepoint "RevokeBias", Time since last: 163780403 ns, Reaching safepoint: 76822 ns, At safepoint: 20198 ns, Total: 97020 ns
[2020-09-11T15:40:15.528+0000][1][safepoint    ] Safepoint "RevokeBias", Time since last: 2544562 ns, Reaching safepoint: 68974 ns, At safepoint: 37257 ns, Total: 106231 ns
[2020-09-11T15:40:15.528+0000][1][safepoint    ] Safepoint "RevokeBias", Time since last: 143581 ns, Reaching safepoint: 31837 ns, At safepoint: 12233 ns, Total: 44070 ns
[2020-09-11T15:40:15.662+0000][1][safepoint    ] Safepoint "RevokeBias", Time since last: 133870363 ns, Reaching safepoint: 145192 ns, At safepoint: 21493 ns, Total: 166685 ns
[2020-09-11T15:40:15.662+0000][1][safepoint    ] Safepoint "RevokeBias", Time since last: 211043 ns, Reaching safepoint: 108410 ns, At safepoint: 15749 ns, Total: 124159 ns
[2020-09-11T15:40:15.663+0000][1][safepoint    ] Safepoint "RevokeBias", Time since last: 47606 ns, Reaching safepoint: 105268 ns, At safepoint: 13259 ns, Total: 118527 ns
[2020-09-11T15:40:15.663+0000][1][safepoint    ] Safepoint "RevokeBias", Time since last: 59632 ns, Reaching safepoint: 103947 ns, At safepoint: 13798 ns, Total: 117745 ns
[2020-09-11T15:40:15.678+0000][1][safepoint    ] Safepoint "RevokeBias", Time since last: 15008772 ns, Reaching safepoint: 72223 ns, At safepoint: 20656 ns, Total: 92879 ns
[2020-09-11T15:40:15.678+0000][1][safepoint    ] Safepoint "RevokeBias", Time since last: 146121 ns, Reaching safepoint: 31118 ns, At safepoint: 12456 ns, Total: 43574 ns
[2020-09-11T15:40:15.827+0000][1][safepoint    ] Safepoint "RevokeBias", Time since last: 149177359 ns, Reaching safepoint: 79483 ns, At safepoint: 22067 ns, Total: 101550 ns
[2020-09-11T15:40:16.828+0000][1][safepoint    ] Safepoint "Cleanup", Time since last: 1000126275 ns, Reaching safepoint: 82474 ns, At safepoint: 7642 ns, Total: 90116 ns
[2020-09-11T15:40:17.057+0000][1][safepoint    ] Safepoint "RevokeBias", Time since last: 218205894 ns, Reaching safepoint: 11131874 ns, At safepoint: 34519 ns, Total: 11166393 ns
[2020-09-11T15:40:17.174+0000][1][safepoint    ] Safepoint "RevokeBias", Time since last: 116850752 ns, Reaching safepoint: 68392 ns, At safepoint: 20129 ns, Total: 88521 ns
[2020-09-11T15:40:17.640+0000][1][safepoint    ] Safepoint "RevokeBias", Time since last: 465964601 ns, Reaching safepoint: 74439 ns, At safepoint: 22260 ns, Total: 96699 ns
[2020-09-11T15:40:17.640+0000][1][safepoint    ] Safepoint "RevokeBias", Time since last: 66433 ns, Reaching safepoint: 29080 ns, At safepoint: 11018 ns, Total: 40098 ns
[2020-09-11T15:40:17.728+0000][1][safepoint    ] Safepoint "RevokeBias", Time since last: 87493615 ns, Reaching safepoint: 70625 ns, At safepoint: 20758 ns, Total: 91383 ns
[2020-09-11T15:40:17.754+0000][1][safepoint    ] Safepoint "RevokeBias", Time since last: 26684114 ns, Reaching safepoint: 160421 ns, At safepoint: 23757 ns, Total: 184178 ns
[2020-09-11T15:40:18.067+0000][1][safepoint    ] Safepoint "RevokeBias", Time since last: 312612936 ns, Reaching safepoint: 76457 ns, At safepoint: 19812 ns, Total: 96269 ns
[2020-09-11T15:40:18.386+0000][1][safepoint    ] Safepoint "RevokeBias", Time since last: 319162992 ns, Reaching safepoint: 67300 ns, At safepoint: 17657 ns, Total: 84957 ns
[2020-09-11T15:40:18.615+0000][1][safepoint    ] Safepoint "BulkRevokeBias", Time since last: 228401714 ns, Reaching safepoint: 83810 ns, At safepoint: 205958 ns, Total: 289768 ns
[2020-09-11T15:40:18.615+0000][1][safepoint    ] Safepoint "RevokeBias", Time since last: 91079 ns, Reaching safepoint: 30307 ns, At safepoint: 10484 ns, Total: 40791 ns
[2020-09-11T15:40:18.615+0000][1][safepoint    ] Safepoint "RevokeBias", Time since last: 44022 ns, Reaching safepoint: 26787 ns, At safepoint: 9642 ns, Total: 36429 ns
[2020-09-11T15:40:18.615+0000][1][safepoint    ] Safepoint "RevokeBias", Time since last: 144387 ns, Reaching safepoint: 27717 ns, At safepoint: 10048 ns, Total: 37765 ns
[2020-09-11T15:40:18.621+0000][1][safepoint    ] Safepoint "RevokeBias", Time since last: 3099354 ns, Reaching safepoint: 2245642 ns, At safepoint: 35536 ns, Total: 2281178 ns
[2020-09-11T15:40:18.624+0000][1][safepoint    ] Safepoint "RevokeBias", Time since last: 665986 ns, Reaching safepoint: 2008226 ns, At safepoint: 18215 ns, Total: 2026441 ns
[2020-09-11T15:40:18.814+0000][1][safepoint    ] Safepoint "RevokeBias", Time since last: 190747735 ns, Reaching safepoint: 77132 ns, At safepoint: 20066 ns, Total: 97198 ns
[2020-09-11T15:40:19.270+0000][1][safepoint    ] Safepoint "RevokeBias", Time since last: 450602311 ns, Reaching safepoint: 5216707 ns, At safepoint: 33579 ns, Total: 5250286 ns
[2020-09-11T15:40:19.655+0000][1][safepoint    ] Safepoint "RevokeBias", Time since last: 384208275 ns, Reaching safepoint: 89774 ns, At safepoint: 20774 ns, Total: 110548 ns
[2020-09-11T15:40:19.661+0000][1][safepoint    ] Safepoint "RevokeBias", Time since last: 6374556 ns, Reaching safepoint: 75549 ns, At safepoint: 20281 ns, Total: 95830 ns
[2020-09-11T15:40:19.661+0000][1][safepoint    ] Safepoint "RevokeBias", Time since last: 78330 ns, Reaching safepoint: 32706 ns, At safepoint: 11154 ns, Total: 43860 ns
[2020-09-11T15:40:19.661+0000][1][safepoint    ] Safepoint "RevokeBias", Time since last: 50764 ns, Reaching safepoint: 34073 ns, At safepoint: 10173 ns, Total: 44246 ns
[2020-09-11T15:40:19.661+0000][1][safepoint    ] Safepoint "RevokeBias", Time since last: 62306 ns, Reaching safepoint: 32453 ns, At safepoint: 10497 ns, Total: 42950 ns
[2020-09-11T15:40:20.021+0000][1][gc,start     ] GC(71) Pause Young (Allocation Failure)
[2020-09-11T15:40:20.021+0000][1][gc,task      ] GC(71) Using 1 workers of 1 for evacuation
[2020-09-11T15:40:20.102+0000][1][gc,age       ] GC(71) Desired survivor size 4358144 bytes, new threshold 6 (max threshold 6)
[2020-09-11T15:40:20.102+0000][1][gc,age       ] GC(71) Age table with threshold 6 (max threshold 6)
[2020-09-11T15:40:20.102+0000][1][gc,age       ] GC(71) - age   1:     625400 bytes,     625400 total
[2020-09-11T15:40:20.102+0000][1][gc,age       ] GC(71) - age   2:     711472 bytes,    1336872 total
[2020-09-11T15:40:20.102+0000][1][gc,age       ] GC(71) - age   3:    1734328 bytes,    3071200 total
[2020-09-11T15:40:20.102+0000][1][gc,heap      ] GC(71) ParNew: 76672K->5394K(76672K)
[2020-09-11T15:40:20.102+0000][1][gc,heap      ] GC(71) CMS: 65936K->67976K(439104K)
[2020-09-11T15:40:20.102+0000][1][gc,metaspace ] GC(71) Metaspace: 84719K->84719K(1126400K)
[2020-09-11T15:40:20.102+0000][1][gc           ] GC(71) Pause Young (Allocation Failure) 139M->71M(503M) 81.494ms
[2020-09-11T15:40:20.102+0000][1][gc,cpu       ] GC(71) User=0.02s Sys=0.00s Real=0.08s
[2020-09-11T15:40:20.112+0000][1][safepoint    ] Safepoint "GenCollectForAllocation", Time since last: 355388828 ns, Reaching safepoint: 4114378 ns, At safepoint: 91542286 ns, Total: 95656664 ns
[2020-09-11T15:40:20.155+0000][1][safepoint    ] Safepoint "RevokeBias", Time since last: 40850675 ns, Reaching safepoint: 1208987 ns, At safepoint: 20507 ns, Total: 1229494 ns
[2020-09-11T15:40:20.187+0000][1][safepoint    ] Safepoint "RevokeBias", Time since last: 32301930 ns, Reaching safepoint: 73448 ns, At safepoint: 20673 ns, Total: 94121 ns
[2020-09-11T15:40:20.255+0000][1][safepoint    ] Safepoint "RevokeBias", Time since last: 67628383 ns, Reaching safepoint: 153228 ns, At safepoint: 19065 ns, Total: 172293 ns
[2020-09-11T15:40:20.614+0000][1][safepoint    ] Safepoint "RevokeBias", Time since last: 359014982 ns, Reaching safepoint: 172942 ns, At safepoint: 21209 ns, Total: 194151 ns
[2020-09-11T15:40:20.829+0000][1][safepoint    ] Safepoint "RevokeBias", Time since last: 215218809 ns, Reaching safepoint: 87365 ns, At safepoint: 20778 ns, Total: 108143 ns
[2020-09-11T15:40:20.838+0000][1][safepoint    ] Safepoint "RevokeBias", Time since last: 8169866 ns, Reaching safepoint: 144852 ns, At safepoint: 20906 ns, Total: 165758 ns
[2020-09-11T15:40:20.861+0000][1][safepoint    ] Safepoint "RevokeBias", Time since last: 23396974 ns, Reaching safepoint: 70798 ns, At safepoint: 18082 ns, Total: 88880 ns
[2020-09-11T15:40:20.861+0000][1][safepoint    ] Safepoint "RevokeBias", Time since last: 221411 ns, Reaching safepoint: 31495 ns, At safepoint: 12793 ns, Total: 44288 ns
[2020-09-11T15:40:20.862+0000][1][safepoint    ] Safepoint "RevokeBias", Time since last: 240051 ns, Reaching safepoint: 31392 ns, At safepoint: 11603 ns, Total: 42995 ns
[2020-09-11T15:40:20.862+0000][1][safepoint    ] Safepoint "RevokeBias", Time since last: 35056 ns, Reaching safepoint: 29531 ns, At safepoint: 10521 ns, Total: 40052 ns
[2020-09-11T15:40:20.862+0000][1][safepoint    ] Safepoint "RevokeBias", Time since last: 28895 ns, Reaching safepoint: 28077 ns, At safepoint: 9961 ns, Total: 38038 ns
[2020-09-11T15:40:20.862+0000][1][safepoint    ] Safepoint "RevokeBias", Time since last: 52220 ns, Reaching safepoint: 28526 ns, At safepoint: 10220 ns, Total: 38746 ns
[2020-09-11T15:40:20.862+0000][1][safepoint    ] Safepoint "RevokeBias", Time since last: 82203 ns, Reaching safepoint: 29108 ns, At safepoint: 10468 ns, Total: 39576 ns
[2020-09-11T15:40:20.865+0000][1][safepoint    ] Safepoint "RevokeBias", Time since last: 2865320 ns, Reaching safepoint: 59681 ns, At safepoint: 17998 ns, Total: 77679 ns
[2020-09-11T15:40:20.866+0000][1][safepoint    ] Safepoint "RevokeBias", Time since last: 610411 ns, Reaching safepoint: 107732 ns, At safepoint: 14012 ns, Total: 121744 ns
[2020-09-11T15:40:20.873+0000][1][safepoint    ] Safepoint "RevokeBias", Time since last: 7258753 ns, Reaching safepoint: 144109 ns, At safepoint: 19670 ns, Total: 163779 ns
[2020-09-11T15:40:20.886+0000][1][safepoint    ] Safepoint "RevokeBias", Time since last: 12279504 ns, Reaching safepoint: 145009 ns, At safepoint: 20590 ns, Total: 165599 ns
[2020-09-11T15:40:20.886+0000][1][safepoint    ] Safepoint "RevokeBias", Time since last: 143212 ns, Reaching safepoint: 100799 ns, At safepoint: 35004 ns, Total: 135803 ns
[2020-09-11T15:40:21.886+0000][1][safepoint    ] Safepoint "Cleanup", Time since last: 1000089762 ns, Reaching safepoint: 94267 ns, At safepoint: 6750 ns, Total: 101017 ns
[2020-09-11T15:40:22.590+0000][1][safepoint    ] Safepoint "RevokeBias", Time since last: 703987835 ns, Reaching safepoint: 90168 ns, At safepoint: 25630 ns, Total: 115798 ns
[2020-09-11T15:40:22.590+0000][1][safepoint    ] Safepoint "RevokeBias", Time since last: 329768 ns, Reaching safepoint: 34986 ns, At safepoint: 12949 ns, Total: 47935 ns
[2020-09-11T15:40:22.915+0000][1][safepoint    ] Safepoint "RevokeBias", Time since last: 324589252 ns, Reaching safepoint: 85053 ns, At safepoint: 16596 ns, Total: 101649 ns
[2020-09-11T15:40:22.931+0000][1][safepoint    ] Safepoint "BulkRevokeBias", Time since last: 12436260 ns, Reaching safepoint: 1258343 ns, At safepoint: 2458929 ns, Total: 3717272 ns
[2020-09-11T15:40:22.940+0000][1][safepoint    ] Safepoint "RevokeBias", Time since last: 8358757 ns, Reaching safepoint: 199755 ns, At safepoint: 22130 ns, Total: 221885 ns
[2020-09-11T15:40:23.173+0000][1][safepoint    ] Safepoint "RevokeBias", Time since last: 232668936 ns, Reaching safepoint: 272119 ns, At safepoint: 21025 ns, Total: 293144 ns
[2020-09-11T15:40:23.175+0000][1][safepoint    ] Safepoint "RevokeBias", Time since last: 403545 ns, Reaching safepoint: 1304387 ns, At safepoint: 17877 ns, Total: 1322264 ns
[2020-09-11T15:40:23.177+0000][1][safepoint    ] Safepoint "RevokeBias", Time since last: 48566 ns, Reaching safepoint: 2641630 ns, At safepoint: 28231 ns, Total: 2669861 ns
[2020-09-11T15:40:23.241+0000][1][safepoint    ] Safepoint "RevokeBias", Time since last: 63247589 ns, Reaching safepoint: 155260 ns, At safepoint: 22558 ns, Total: 177818 ns
[2020-09-11T15:40:23.249+0000][1][safepoint    ] Safepoint "RevokeBias", Time since last: 4071834 ns, Reaching safepoint: 4076500 ns, At safepoint: 31939 ns, Total: 4108439 ns
[2020-09-11T15:40:23.250+0000][1][safepoint    ] Safepoint "RevokeBias", Time since last: 78661 ns, Reaching safepoint: 541501 ns, At safepoint: 16184 ns, Total: 557685 ns
[2020-09-11T15:40:24.090+0000][1][safepoint    ] Safepoint "RevokeBias", Time since last: 839002468 ns, Reaching safepoint: 1831135 ns, At safepoint: 29926 ns, Total: 1861061 ns
[2020-09-11T15:40:24.508+0000][1][safepoint    ] Safepoint "RevokeBias", Time since last: 417193060 ns, Reaching safepoint: 90571 ns, At safepoint: 21400 ns, Total: 111971 ns
[2020-09-11T15:40:25.215+0000][1][safepoint    ] Safepoint "RevokeBias", Time since last: 707274621 ns, Reaching safepoint: 171344 ns, At safepoint: 21164 ns, Total: 192508 ns
[2020-09-11T15:40:25.215+0000][1][safepoint    ] Safepoint "RevokeBias", Time since last: 74313 ns, Reaching safepoint: 107227 ns, At safepoint: 13093 ns, Total: 120320 ns
[2020-09-11T15:40:25.216+0000][1][safepoint    ] Safepoint "RevokeBias", Time since last: 212930 ns, Reaching safepoint: 110761 ns, At safepoint: 12760 ns, Total: 123521 ns
[2020-09-11T15:40:25.216+0000][1][safepoint    ] Safepoint "RevokeBias", Time since last: 51172 ns, Reaching safepoint: 108228 ns, At safepoint: 12771 ns, Total: 120999 ns
[2020-09-11T15:40:26.216+0000][1][safepoint    ] Safepoint "Cleanup", Time since last: 1000093651 ns, Reaching safepoint: 103932 ns, At safepoint: 8057 ns, Total: 111989 ns
[2020-09-11T15:40:26.327+0000][1][safepoint    ] Safepoint "RevokeBias", Time since last: 110721592 ns, Reaching safepoint: 75960 ns, At safepoint: 20002 ns, Total: 95962 ns
[2020-09-11T15:40:26.346+0000][1][safepoint    ] Safepoint "RevokeBias", Time since last: 19285288 ns, Reaching safepoint: 92557 ns, At safepoint: 23099 ns, Total: 115656 ns
[2020-09-11T15:40:26.904+0000][1][safepoint    ] Safepoint "RevokeBias", Time since last: 557355958 ns, Reaching safepoint: 159898 ns, At safepoint: 21294 ns, Total: 181192 ns
[2020-09-11T15:40:26.905+0000][1][safepoint    ] Safepoint "RevokeBias", Time since last: 721994 ns, Reaching safepoint: 112925 ns, At safepoint: 15844 ns, Total: 128769 ns
[2020-09-11T15:40:26.911+0000][1][safepoint    ] Safepoint "RevokeBias", Time since last: 5852044 ns, Reaching safepoint: 163166 ns, At safepoint: 22219 ns, Total: 185385 ns
[2020-09-11T15:40:27.067+0000][1][safepoint    ] Safepoint "RevokeBias", Time since last: 156316194 ns, Reaching safepoint: 73344 ns, At safepoint: 17169 ns, Total: 90513 ns
[2020-09-11T15:40:27.067+0000][1][safepoint    ] Safepoint "RevokeBias", Time since last: 146929 ns, Reaching safepoint: 31864 ns, At safepoint: 11703 ns, Total: 43567 ns
[2020-09-11T15:40:28.067+0000][1][safepoint    ] Safepoint "Cleanup", Time since last: 1000085551 ns, Reaching safepoint: 88925 ns, At safepoint: 6220 ns, Total: 95145 ns
[2020-09-11T15:40:28.865+0000][1][safepoint    ] Safepoint "RevokeBias", Time since last: 797041428 ns, Reaching safepoint: 162094 ns, At safepoint: 20522 ns, Total: 182616 ns
[2020-09-11T15:40:28.866+0000][1][safepoint    ] Safepoint "RevokeBias", Time since last: 1485880 ns, Reaching safepoint: 138509 ns, At safepoint: 16502 ns, Total: 155011 ns
[2020-09-11T15:40:28.912+0000][1][safepoint    ] Safepoint "RevokeBias", Time since last: 45806134 ns, Reaching safepoint: 89343 ns, At safepoint: 20921 ns, Total: 110264 ns
[2020-09-11T15:40:29.140+0000][1][safepoint    ] Safepoint "RevokeBias", Time since last: 227607485 ns, Reaching safepoint: 82036 ns, At safepoint: 17989 ns, Total: 100025 ns
[2020-09-11T15:40:29.140+0000][1][safepoint    ] Safepoint "RevokeBias", Time since last: 258419 ns, Reaching safepoint: 32216 ns, At safepoint: 11309 ns, Total: 43525 ns
[2020-09-11T15:40:29.227+0000][1][safepoint    ] Safepoint "RevokeBias", Time since last: 86961190 ns, Reaching safepoint: 83789 ns, At safepoint: 30506 ns, Total: 114295 ns
[2020-09-11T15:40:29.253+0000][1][safepoint    ] Safepoint "RevokeBias", Time since last: 24587109 ns, Reaching safepoint: 892654 ns, At safepoint: 24971 ns, Total: 917625 ns
[2020-09-11T15:40:29.376+0000][1][safepoint    ] Safepoint "RevokeBias", Time since last: 123271973 ns, Reaching safepoint: 95645 ns, At safepoint: 22255 ns, Total: 117900 ns
[2020-09-11T15:40:29.567+0000][1][safepoint    ] Safepoint "RevokeBias", Time since last: 191070151 ns, Reaching safepoint: 82946 ns, At safepoint: 23875 ns, Total: 106821 ns
[2020-09-11T15:40:29.811+0000][1][safepoint    ] Safepoint "RevokeBias", Time since last: 243195737 ns, Reaching safepoint: 90407 ns, At safepoint: 22738 ns, Total: 113145 ns
[2020-09-11T15:40:30.811+0000][1][safepoint    ] Safepoint "Cleanup", Time since last: 1000115602 ns, Reaching safepoint: 102159 ns, At safepoint: 7925 ns, Total: 110084 ns
[2020-09-11T15:40:31.384+0000][1][safepoint    ] Safepoint "RevokeBias", Time since last: 572438405 ns, Reaching safepoint: 174666 ns, At safepoint: 23717 ns, Total: 198383 ns
[2020-09-11T15:40:31.871+0000][1][safepoint    ] Safepoint "RevokeBias", Time since last: 487072197 ns, Reaching safepoint: 81755 ns, At safepoint: 23733 ns, Total: 105488 ns
[2020-09-11T15:40:31.871+0000][1][safepoint    ] Safepoint "RevokeBias", Time since last: 249734 ns, Reaching safepoint: 33277 ns, At safepoint: 11087 ns, Total: 44364 ns
[2020-09-11T15:40:31.871+0000][1][safepoint    ] Safepoint "RevokeBias", Time since last: 43194 ns, Reaching safepoint: 30902 ns, At safepoint: 9881 ns, Total: 40783 ns
[2020-09-11T15:40:31.871+0000][1][safepoint    ] Safepoint "RevokeBias", Time since last: 95488 ns, Reaching safepoint: 31531 ns, At safepoint: 10191 ns, Total: 41722 ns
[2020-09-11T15:40:31.871+0000][1][safepoint    ] Safepoint "RevokeBias", Time since last: 127440 ns, Reaching safepoint: 31657 ns, At safepoint: 10293 ns, Total: 41950 ns
[2020-09-11T15:40:31.872+0000][1][safepoint    ] Safepoint "RevokeBias", Time since last: 223769 ns, Reaching safepoint: 31734 ns, At safepoint: 10312 ns, Total: 42046 ns
[2020-09-11T15:40:31.872+0000][1][safepoint    ] Safepoint "RevokeBias", Time since last: 39722 ns, Reaching safepoint: 30543 ns, At safepoint: 9771 ns, Total: 40314 ns
[2020-09-11T15:40:31.879+0000][1][gc,start     ] GC(72) Pause Young (Allocation Failure)
[2020-09-11T15:40:31.879+0000][1][gc,task      ] GC(72) Using 1 workers of 1 for evacuation
[2020-09-11T15:40:31.934+0000][1][gc,age       ] GC(72) Desired survivor size 4358144 bytes, new threshold 6 (max threshold 6)
[2020-09-11T15:40:31.934+0000][1][gc,age       ] GC(72) Age table with threshold 6 (max threshold 6)
[2020-09-11T15:40:31.934+0000][1][gc,age       ] GC(72) - age   1:     601440 bytes,     601440 total
[2020-09-11T15:40:31.934+0000][1][gc,age       ] GC(72) - age   2:     499928 bytes,    1101368 total
[2020-09-11T15:40:31.934+0000][1][gc,age       ] GC(72) - age   3:     708664 bytes,    1810032 total
[2020-09-11T15:40:31.934+0000][1][gc,age       ] GC(72) - age   4:    1724272 bytes,    3534304 total
[2020-09-11T15:40:31.934+0000][1][gc,heap      ] GC(72) ParNew: 73554K->4946K(76672K)
[2020-09-11T15:40:31.934+0000][1][gc,heap      ] GC(72) CMS: 67976K->67976K(439104K)
[2020-09-11T15:40:31.934+0000][1][gc,metaspace ] GC(72) Metaspace: 85394K->85394K(1128448K)
[2020-09-11T15:40:31.934+0000][1][gc           ] GC(72) Pause Young (Allocation Failure) 138M->71M(503M) 54.621ms
[2020-09-11T15:40:31.934+0000][1][gc,cpu       ] GC(72) User=0.01s Sys=0.00s Real=0.06s
[2020-09-11T15:40:31.944+0000][1][safepoint    ] Safepoint "GenCollectForAllocation", Time since last: 6945961 ns, Reaching safepoint: 317523 ns, At safepoint: 64674005 ns, Total: 64991528 ns
[2020-09-11T15:40:31.944+0000][1][safepoint    ] Safepoint "RevokeBias", Time since last: 402029 ns, Reaching safepoint: 82708 ns, At safepoint: 27560 ns, Total: 110268 ns
[2020-09-11T15:40:31.948+0000][1][safepoint    ] Safepoint "BulkRevokeBias", Time since last: 449158 ns, Reaching safepoint: 2989449 ns, At safepoint: 274889 ns, Total: 3264338 ns
[2020-09-11T15:40:31.948+0000][1][safepoint    ] Safepoint "RevokeBias", Time since last: 291416 ns, Reaching safepoint: 49123 ns, At safepoint: 20818 ns, Total: 69941 ns
[2020-09-11T15:40:31.956+0000][1][safepoint    ] Safepoint "RevokeBias", Time since last: 7231450 ns, Reaching safepoint: 79939 ns, At safepoint: 28893 ns, Total: 108832 ns
[2020-09-11T15:40:31.962+0000][1][safepoint    ] Safepoint "RevokeBias", Time since last: 6357685 ns, Reaching safepoint: 90698 ns, At safepoint: 38212 ns, Total: 128910 ns
[2020-09-11T15:40:31.972+0000][1][safepoint    ] Safepoint "RevokeBias", Time since last: 9535960 ns, Reaching safepoint: 84881 ns, At safepoint: 34282 ns, Total: 119163 ns
[2020-09-11T15:40:32.039+0000][1][safepoint    ] Safepoint "RevokeBias", Time since last: 66069934 ns, Reaching safepoint: 1184443 ns, At safepoint: 25508 ns, Total: 1209951 ns
[2020-09-11T15:40:32.136+0000][1][safepoint    ] Safepoint "RevokeBias", Time since last: 96671740 ns, Reaching safepoint: 281881 ns, At safepoint: 21443 ns, Total: 303324 ns
[2020-09-11T15:40:32.583+0000][1][safepoint    ] Safepoint "RevokeBias", Time since last: 447244324 ns, Reaching safepoint: 89764 ns, At safepoint: 21824 ns, Total: 111588 ns
[2020-09-11T15:40:32.584+0000][1][safepoint    ] Safepoint "RevokeBias", Time since last: 196760 ns, Reaching safepoint: 34521 ns, At safepoint: 12732 ns, Total: 47253 ns
[2020-09-11T15:40:32.584+0000][1][safepoint    ] Safepoint "RevokeBias", Time since last: 34782 ns, Reaching safepoint: 33891 ns, At safepoint: 11009 ns, Total: 44900 ns
[2020-09-11T15:40:32.584+0000][1][safepoint    ] Safepoint "RevokeBias", Time since last: 38760 ns, Reaching safepoint: 31776 ns, At safepoint: 10365 ns, Total: 42141 ns
[2020-09-11T15:40:32.584+0000][1][safepoint    ] Safepoint "RevokeBias", Time since last: 29039 ns, Reaching safepoint: 31316 ns, At safepoint: 10205 ns, Total: 41521 ns
[2020-09-11T15:40:32.584+0000][1][safepoint    ] Safepoint "RevokeBias", Time since last: 35006 ns, Reaching safepoint: 31348 ns, At safepoint: 10141 ns, Total: 41489 ns
[2020-09-11T15:40:32.584+0000][1][safepoint    ] Safepoint "RevokeBias", Time since last: 28529 ns, Reaching safepoint: 30941 ns, At safepoint: 10089 ns, Total: 41030 ns
[2020-09-11T15:40:32.584+0000][1][safepoint    ] Safepoint "RevokeBias", Time since last: 34543 ns, Reaching safepoint: 31232 ns, At safepoint: 10107 ns, Total: 41339 ns
[2020-09-11T15:40:32.584+0000][1][safepoint    ] Safepoint "RevokeBias", Time since last: 28308 ns, Reaching safepoint: 30835 ns, At safepoint: 10127 ns, Total: 40962 ns
[2020-09-11T15:40:32.584+0000][1][safepoint    ] Safepoint "RevokeBias", Time since last: 37114 ns, Reaching safepoint: 31171 ns, At safepoint: 10243 ns, Total: 41414 ns
[2020-09-11T15:40:32.584+0000][1][safepoint    ] Safepoint "RevokeBias", Time since last: 43484 ns, Reaching safepoint: 31365 ns, At safepoint: 10253 ns, Total: 41618 ns
[2020-09-11T15:40:32.584+0000][1][safepoint    ] Safepoint "RevokeBias", Time since last: 34962 ns, Reaching safepoint: 31246 ns, At safepoint: 10187 ns, Total: 41433 ns
[2020-09-11T15:40:32.585+0000][1][safepoint    ] Safepoint "RevokeBias", Time since last: 28142 ns, Reaching safepoint: 30964 ns, At safepoint: 10334 ns, Total: 41298 ns
[2020-09-11T15:40:32.585+0000][1][safepoint    ] Safepoint "RevokeBias", Time since last: 34954 ns, Reaching safepoint: 31232 ns, At safepoint: 10267 ns, Total: 41499 ns
[2020-09-11T15:40:32.585+0000][1][safepoint    ] Safepoint "RevokeBias", Time since last: 28013 ns, Reaching safepoint: 30942 ns, At safepoint: 10099 ns, Total: 41041 ns
[2020-09-11T15:40:32.585+0000][1][safepoint    ] Safepoint "BulkRevokeBias", Time since last: 34670 ns, Reaching safepoint: 31310 ns, At safepoint: 261540 ns, Total: 292850 ns
[2020-09-11T15:40:32.585+0000][1][safepoint    ] Safepoint "RevokeBias", Time since last: 28564 ns, Reaching safepoint: 32696 ns, At safepoint: 18473 ns, Total: 51169 ns
[2020-09-11T15:40:32.585+0000][1][safepoint    ] Safepoint "RevokeBias", Time since last: 33716 ns, Reaching safepoint: 32119 ns, At safepoint: 17671 ns, Total: 49790 ns
[2020-09-11T15:40:32.585+0000][1][safepoint    ] Safepoint "RevokeBias", Time since last: 32981 ns, Reaching safepoint: 31852 ns, At safepoint: 17931 ns, Total: 49783 ns
[2020-09-11T15:40:32.778+0000][1][safepoint    ] Safepoint "RevokeBias", Time since last: 192355495 ns, Reaching safepoint: 105481 ns, At safepoint: 21086 ns, Total: 126567 ns
[2020-09-11T15:40:32.779+0000][1][safepoint    ] Safepoint "RevokeBias", Time since last: 1163722 ns, Reaching safepoint: 52530 ns, At safepoint: 14390 ns, Total: 66920 ns
[2020-09-11T15:40:32.803+0000][1][safepoint    ] Safepoint "RevokeBias", Time since last: 24187472 ns, Reaching safepoint: 74095 ns, At safepoint: 18108 ns, Total: 92203 ns
[2020-09-11T15:40:32.804+0000][1][safepoint    ] Safepoint "RevokeBias", Time since last: 280216 ns, Reaching safepoint: 35492 ns, At safepoint: 11799 ns, Total: 47291 ns
[2020-09-11T15:40:32.804+0000][1][safepoint    ] Safepoint "RevokeBias", Time since last: 30702 ns, Reaching safepoint: 30712 ns, At safepoint: 9704 ns, Total: 40416 ns
[2020-09-11T15:40:32.839+0000][1][safepoint    ] Safepoint "BulkRevokeBias", Time since last: 34613153 ns, Reaching safepoint: 81538 ns, At safepoint: 242720 ns, Total: 324258 ns
[2020-09-11T15:40:32.839+0000][1][safepoint    ] Safepoint "RevokeBias", Time since last: 187450 ns, Reaching safepoint: 38284 ns, At safepoint: 12076 ns, Total: 50360 ns
[2020-09-11T15:40:32.847+0000][1][safepoint    ] Safepoint "RevokeBias", Time since last: 8501725 ns, Reaching safepoint: 83039 ns, At safepoint: 21576 ns, Total: 104615 ns
[2020-09-11T15:40:32.847+0000][1][safepoint    ] Safepoint "RevokeBias", Time since last: 52496 ns, Reaching safepoint: 33156 ns, At safepoint: 11091 ns, Total: 44247 ns
[2020-09-11T15:40:33.175+0000][1][safepoint    ] Safepoint "RevokeBias", Time since last: 327234721 ns, Reaching safepoint: 88424 ns, At safepoint: 23382 ns, Total: 111806 ns
[2020-09-11T15:40:33.175+0000][1][safepoint    ] Safepoint "RevokeBias", Time since last: 52909 ns, Reaching safepoint: 46177 ns, At safepoint: 15174 ns, Total: 61351 ns
[2020-09-11T15:40:33.200+0000][1][safepoint    ] Safepoint "RevokeBias", Time since last: 24909613 ns, Reaching safepoint: 83134 ns, At safepoint: 21134 ns, Total: 104268 ns
[2020-09-11T15:40:33.200+0000][1][safepoint    ] Safepoint "RevokeBias", Time since last: 55745 ns, Reaching safepoint: 33016 ns, At safepoint: 11951 ns, Total: 44967 ns
[2020-09-11T15:40:33.218+0000][1][safepoint    ] Safepoint "RevokeBias", Time since last: 17597203 ns, Reaching safepoint: 81081 ns, At safepoint: 23466 ns, Total: 104547 ns
[2020-09-11T15:40:33.218+0000][1][safepoint    ] Safepoint "RevokeBias", Time since last: 320610 ns, Reaching safepoint: 38003 ns, At safepoint: 12726 ns, Total: 50729 ns
[2020-09-11T15:40:33.244+0000][1][safepoint    ] Safepoint "RevokeBias", Time since last: 23916364 ns, Reaching safepoint: 1617194 ns, At safepoint: 28256 ns, Total: 1645450 ns
[2020-09-11T15:40:33.245+0000][1][safepoint    ] Safepoint "RevokeBias", Time since last: 68763 ns, Reaching safepoint: 1039843 ns, At safepoint: 15627 ns, Total: 1055470 ns
[2020-09-11T15:40:33.275+0000][1][safepoint    ] Safepoint "RevokeBias", Time since last: 30031772 ns, Reaching safepoint: 78644 ns, At safepoint: 20313 ns, Total: 98957 ns
[2020-09-11T15:40:33.291+0000][1][safepoint    ] Safepoint "RevokeBias", Time since last: 15700200 ns, Reaching safepoint: 92972 ns, At safepoint: 22762 ns, Total: 115734 ns
[2020-09-11T15:40:33.293+0000][1][safepoint    ] Safepoint "RevokeBias", Time since last: 1940835 ns, Reaching safepoint: 112020 ns, At safepoint: 20295 ns, Total: 132315 ns
[2020-09-11T15:40:33.296+0000][1][safepoint    ] Safepoint "RevokeBias", Time since last: 3105019 ns, Reaching safepoint: 99577 ns, At safepoint: 21799 ns, Total: 121376 ns
[2020-09-11T15:40:33.305+0000][1][safepoint    ] Safepoint "RevokeBias", Time since last: 4625624 ns, Reaching safepoint: 4189255 ns, At safepoint: 33046 ns, Total: 4222301 ns
[2020-09-11T15:40:33.308+0000][1][safepoint    ] Safepoint "RevokeBias", Time since last: 73768 ns, Reaching safepoint: 2933672 ns, At safepoint: 31440 ns, Total: 2965112 ns
[2020-09-11T15:40:33.327+0000][1][safepoint    ] Safepoint "RevokeBias", Time since last: 18075869 ns, Reaching safepoint: 194220 ns, At safepoint: 325675 ns, Total: 519895 ns
[2020-09-11T15:40:33.327+0000][1][safepoint    ] Safepoint "RevokeBias", Time since last: 54950 ns, Reaching safepoint: 114094 ns, At safepoint: 23139 ns, Total: 137233 ns
[2020-09-11T15:40:33.330+0000][1][safepoint    ] Safepoint "RevokeBias", Time since last: 2186038 ns, Reaching safepoint: 774753 ns, At safepoint: 23950 ns, Total: 798703 ns
[2020-09-11T15:40:33.330+0000][1][safepoint    ] Safepoint "RevokeBias", Time since last: 48924 ns, Reaching safepoint: 198790 ns, At safepoint: 22919 ns, Total: 221709 ns
[2020-09-11T15:40:33.386+0000][1][safepoint    ] Safepoint "RevokeBias", Time since last: 55488992 ns, Reaching safepoint: 79320 ns, At safepoint: 19923 ns, Total: 99243 ns
[2020-09-11T15:40:33.386+0000][1][safepoint    ] Safepoint "RevokeBias", Time since last: 63591 ns, Reaching safepoint: 33218 ns, At safepoint: 11844 ns, Total: 45062 ns
[2020-09-11T15:40:33.450+0000][1][safepoint    ] Safepoint "RevokeBias", Time since last: 64417651 ns, Reaching safepoint: 80111 ns, At safepoint: 21521 ns, Total: 101632 ns
[2020-09-11T15:40:33.451+0000][1][safepoint    ] Safepoint "RevokeBias", Time since last: 332651 ns, Reaching safepoint: 38400 ns, At safepoint: 13217 ns, Total: 51617 ns
[2020-09-11T15:40:33.653+0000][1][safepoint    ] Safepoint "RevokeBias", Time since last: 201486192 ns, Reaching safepoint: 632605 ns, At safepoint: 227521 ns, Total: 860126 ns
[2020-09-11T15:40:33.661+0000][1][safepoint    ] Safepoint "RevokeBias", Time since last: 7919708 ns, Reaching safepoint: 155206 ns, At safepoint: 20682 ns, Total: 175888 ns
[2020-09-11T15:40:33.751+0000][1][safepoint    ] Safepoint "RevokeBias", Time since last: 89583926 ns, Reaching safepoint: 98636 ns, At safepoint: 21104 ns, Total: 119740 ns
[2020-09-11T15:40:33.751+0000][1][safepoint    ] Safepoint "RevokeBias", Time since last: 59925 ns, Reaching safepoint: 33432 ns, At safepoint: 11405 ns, Total: 44837 ns
[2020-09-11T15:40:33.843+0000][1][safepoint    ] Safepoint "RevokeBias", Time since last: 92521058 ns, Reaching safepoint: 81656 ns, At safepoint: 21241 ns, Total: 102897 ns
[2020-09-11T15:40:33.844+0000][1][safepoint    ] Safepoint "RevokeBias", Time since last: 67371 ns, Reaching safepoint: 33483 ns, At safepoint: 11507 ns, Total: 44990 ns
[2020-09-11T15:40:33.864+0000][1][safepoint    ] Safepoint "RevokeBias", Time since last: 20604188 ns, Reaching safepoint: 81875 ns, At safepoint: 20211 ns, Total: 102086 ns
[2020-09-11T15:40:33.864+0000][1][safepoint    ] Safepoint "RevokeBias", Time since last: 69034 ns, Reaching safepoint: 33923 ns, At safepoint: 11681 ns, Total: 45604 ns
[2020-09-11T15:40:33.869+0000][1][safepoint    ] Safepoint "RevokeBias", Time since last: 4880642 ns, Reaching safepoint: 85303 ns, At safepoint: 21287 ns, Total: 106590 ns
[2020-09-11T15:40:33.870+0000][1][safepoint    ] Safepoint "RevokeBias", Time since last: 54936 ns, Reaching safepoint: 33440 ns, At safepoint: 11336 ns, Total: 44776 ns
[2020-09-11T15:40:33.886+0000][1][safepoint    ] Safepoint "RevokeBias", Time since last: 16742217 ns, Reaching safepoint: 80781 ns, At safepoint: 20199 ns, Total: 100980 ns
[2020-09-11T15:40:33.886+0000][1][safepoint    ] Safepoint "RevokeBias", Time since last: 59342 ns, Reaching safepoint: 33035 ns, At safepoint: 11624 ns, Total: 44659 ns
[2020-09-11T15:40:33.914+0000][1][safepoint    ] Safepoint "RevokeBias", Time since last: 27763368 ns, Reaching safepoint: 170392 ns, At safepoint: 21637 ns, Total: 192029 ns
[2020-09-11T15:40:33.915+0000][1][safepoint    ] Safepoint "BulkRevokeBias", Time since last: 481732 ns, Reaching safepoint: 114047 ns, At safepoint: 227828 ns, Total: 341875 ns
[2020-09-11T15:40:34.387+0000][1][safepoint    ] Safepoint "RevokeBias", Time since last: 471846837 ns, Reaching safepoint: 83135 ns, At safepoint: 20823 ns, Total: 103958 ns
[2020-09-11T15:40:34.734+0000][1][safepoint    ] Safepoint "RevokeBias", Time since last: 346852454 ns, Reaching safepoint: 92655 ns, At safepoint: 21414 ns, Total: 114069 ns
[2020-09-11T15:40:34.734+0000][1][safepoint    ] Safepoint "RevokeBias", Time since last: 262865 ns, Reaching safepoint: 34165 ns, At safepoint: 13176 ns, Total: 47341 ns
[2020-09-11T15:40:34.735+0000][1][safepoint    ] Safepoint "RevokeBias", Time since last: 51579 ns, Reaching safepoint: 32386 ns, At safepoint: 10927 ns, Total: 43313 ns
[2020-09-11T15:40:34.926+0000][1][safepoint    ] Safepoint "RevokeBias", Time since last: 191007742 ns, Reaching safepoint: 170020 ns, At safepoint: 22061 ns, Total: 192081 ns
[2020-09-11T15:40:34.926+0000][1][safepoint    ] Safepoint "RevokeBias", Time since last: 73427 ns, Reaching safepoint: 133403 ns, At safepoint: 15979 ns, Total: 149382 ns
[2020-09-11T15:40:35.566+0000][1][safepoint    ] Safepoint "RevokeBias", Time since last: 640377152 ns, Reaching safepoint: 82793 ns, At safepoint: 8390 ns, Total: 91183 ns
[2020-09-11T15:40:35.567+0000][1][safepoint    ] Safepoint "RevokeBias", Time since last: 549273 ns, Reaching safepoint: 40286 ns, At safepoint: 5654 ns, Total: 45940 ns
[2020-09-11T15:40:35.740+0000][1][safepoint    ] Safepoint "RevokeBias", Time since last: 172476558 ns, Reaching safepoint: 160296 ns, At safepoint: 23345 ns, Total: 183641 ns
[2020-09-11T15:40:35.740+0000][1][safepoint    ] Safepoint "RevokeBias", Time since last: 66424 ns, Reaching safepoint: 108292 ns, At safepoint: 13974 ns, Total: 122266 ns
[2020-09-11T15:40:35.740+0000][1][safepoint    ] Safepoint "RevokeBias", Time since last: 108321 ns, Reaching safepoint: 128359 ns, At safepoint: 13509 ns, Total: 141868 ns
[2020-09-11T15:40:35.741+0000][1][safepoint    ] Safepoint "RevokeBias", Time since last: 38354 ns, Reaching safepoint: 558764 ns, At safepoint: 51324 ns, Total: 610088 ns
[2020-09-11T15:40:35.996+0000][1][safepoint    ] Safepoint "RevokeBias", Time since last: 255326346 ns, Reaching safepoint: 168170 ns, At safepoint: 22834 ns, Total: 191004 ns
[2020-09-11T15:40:35.997+0000][1][safepoint    ] Safepoint "RevokeBias", Time since last: 333439 ns, Reaching safepoint: 140793 ns, At safepoint: 14906 ns, Total: 155699 ns
[2020-09-11T15:40:35.997+0000][1][safepoint    ] Safepoint "RevokeBias", Time since last: 43974 ns, Reaching safepoint: 108135 ns, At safepoint: 13584 ns, Total: 121719 ns
[2020-09-11T15:40:35.997+0000][1][safepoint    ] Safepoint "RevokeBias", Time since last: 40445 ns, Reaching safepoint: 107480 ns, At safepoint: 14423 ns, Total: 121903 ns
[2020-09-11T15:40:36.001+0000][1][safepoint    ] Safepoint "BulkRevokeBias", Time since last: 1570397 ns, Reaching safepoint: 1636314 ns, At safepoint: 224635 ns, Total: 1860949 ns
[2020-09-11T15:40:36.020+0000][1][safepoint    ] Safepoint "RevokeBias", Time since last: 19080732 ns, Reaching safepoint: 79516 ns, At safepoint: 20193 ns, Total: 99709 ns
[2020-09-11T15:40:36.705+0000][1][safepoint    ] Safepoint "RevokeBias", Time since last: 685157498 ns, Reaching safepoint: 94029 ns, At safepoint: 22991 ns, Total: 117020 ns
[2020-09-11T15:40:36.799+0000][1][safepoint    ] Safepoint "RevokeBias", Time since last: 94300161 ns, Reaching safepoint: 79508 ns, At safepoint: 20709 ns, Total: 100217 ns
[2020-09-11T15:40:37.201+0000][1][safepoint    ] Safepoint "RevokeBias", Time since last: 401386301 ns, Reaching safepoint: 202509 ns, At safepoint: 11179 ns, Total: 213688 ns
[2020-09-11T15:40:37.201+0000][1][safepoint    ] Safepoint "RevokeBias", Time since last: 308896 ns, Reaching safepoint: 123345 ns, At safepoint: 7402 ns, Total: 130747 ns
[2020-09-11T15:40:37.341+0000][1][safepoint    ] Safepoint "RevokeBias", Time since last: 139410612 ns, Reaching safepoint: 180026 ns, At safepoint: 10766 ns, Total: 190792 ns
[2020-09-11T15:40:37.341+0000][1][safepoint    ] Safepoint "RevokeBias", Time since last: 63486 ns, Reaching safepoint: 104628 ns, At safepoint: 5776 ns, Total: 110404 ns
[2020-09-11T15:40:37.341+0000][1][safepoint    ] Safepoint "RevokeBias", Time since last: 32513 ns, Reaching safepoint: 104478 ns, At safepoint: 5972 ns, Total: 110450 ns
[2020-09-11T15:40:37.568+0000][1][safepoint    ] Safepoint "RevokeBias", Time since last: 224862114 ns, Reaching safepoint: 1705585 ns, At safepoint: 36560 ns, Total: 1742145 ns
[2020-09-11T15:40:37.705+0000][1][safepoint    ] Safepoint "RevokeBias", Time since last: 133098624 ns, Reaching safepoint: 3860282 ns, At safepoint: 33311 ns, Total: 3893593 ns
[2020-09-11T15:40:38.083+0000][1][safepoint    ] Safepoint "RevokeBias", Time since last: 378069237 ns, Reaching safepoint: 169940 ns, At safepoint: 23105 ns, Total: 193045 ns
[2020-09-11T15:40:38.175+0000][1][safepoint    ] Safepoint "RevokeBias", Time since last: 91189005 ns, Reaching safepoint: 151635 ns, At safepoint: 19596 ns, Total: 171231 ns
[2020-09-11T15:40:39.175+0000][1][safepoint    ] Safepoint "Cleanup", Time since last: 1000094877 ns, Reaching safepoint: 110352 ns, At safepoint: 10658 ns, Total: 121010 ns
[2020-09-11T15:40:40.175+0000][1][safepoint    ] Safepoint "Cleanup", Time since last: 1000110126 ns, Reaching safepoint: 94122 ns, At safepoint: 8068 ns, Total: 102190 ns
[2020-09-11T15:40:41.175+0000][1][safepoint    ] Safepoint "Cleanup", Time since last: 1000118351 ns, Reaching safepoint: 100913 ns, At safepoint: 10361 ns, Total: 111274 ns
[2020-09-11T15:40:41.503+0000][1][safepoint    ] Safepoint "RevokeBias", Time since last: 327736029 ns, Reaching safepoint: 77963 ns, At safepoint: 24267 ns, Total: 102230 ns
[2020-09-11T15:40:42.503+0000][1][safepoint    ] Safepoint "Cleanup", Time since last: 1000101224 ns, Reaching safepoint: 104112 ns, At safepoint: 7476 ns, Total: 111588 ns
[2020-09-11T15:40:43.504+0000][1][safepoint    ] Safepoint "Cleanup", Time since last: 1000117672 ns, Reaching safepoint: 100755 ns, At safepoint: 7039 ns, Total: 107794 ns
[2020-09-11T15:40:44.076+0000][1][safepoint    ] Safepoint "RevokeBias", Time since last: 572684933 ns, Reaching safepoint: 194277 ns, At safepoint: 23951 ns, Total: 218228 ns
[2020-09-11T15:40:44.113+0000][1][safepoint    ] Safepoint "RevokeBias", Time since last: 32839078 ns, Reaching safepoint: 3624254 ns, At safepoint: 31820 ns, Total: 3656074 ns
[2020-09-11T15:40:44.117+0000][1][safepoint    ] Safepoint "RevokeBias", Time since last: 1497031 ns, Reaching safepoint: 2460344 ns, At safepoint: 30417 ns, Total: 2490761 ns
[2020-09-11T15:40:44.214+0000][1][safepoint    ] Safepoint "RevokeBias", Time since last: 96804771 ns, Reaching safepoint: 94984 ns, At safepoint: 23299 ns, Total: 118283 ns
[2020-09-11T15:40:44.214+0000][1][safepoint    ] Safepoint "RevokeBias", Time since last: 112877 ns, Reaching safepoint: 36041 ns, At safepoint: 13732 ns, Total: 49773 ns
[2020-09-11T15:40:44.215+0000][1][safepoint    ] Safepoint "RevokeBias", Time since last: 656446 ns, Reaching safepoint: 124238 ns, At safepoint: 15853 ns, Total: 140091 ns
[2020-09-11T15:40:44.215+0000][1][safepoint    ] Safepoint "RevokeBias", Time since last: 53739 ns, Reaching safepoint: 114655 ns, At safepoint: 13983 ns, Total: 128638 ns
[2020-09-11T15:40:44.377+0000][1][gc,start     ] GC(73) Pause Young (Allocation Failure)
[2020-09-11T15:40:44.377+0000][1][gc,task      ] GC(73) Using 1 workers of 1 for evacuation
[2020-09-11T15:40:44.416+0000][1][gc,age       ] GC(73) Desired survivor size 4358144 bytes, new threshold 3 (max threshold 6)
[2020-09-11T15:40:44.416+0000][1][gc,age       ] GC(73) Age table with threshold 3 (max threshold 6)
[2020-09-11T15:40:44.416+0000][1][gc,age       ] GC(73) - age   1:    3338544 bytes,    3338544 total
[2020-09-11T15:40:44.416+0000][1][gc,age       ] GC(73) - age   2:     531176 bytes,    3869720 total
[2020-09-11T15:40:44.416+0000][1][gc,age       ] GC(73) - age   3:     491304 bytes,    4361024 total
[2020-09-11T15:40:44.416+0000][1][gc,age       ] GC(73) - age   4:     705096 bytes,    5066120 total
[2020-09-11T15:40:44.416+0000][1][gc,age       ] GC(73) - age   5:    1669736 bytes,    6735856 total
[2020-09-11T15:40:44.416+0000][1][gc,heap      ] GC(73) ParNew: 73106K->8512K(76672K)
[2020-09-11T15:40:44.416+0000][1][gc,heap      ] GC(73) CMS: 67976K->67976K(439104K)
[2020-09-11T15:40:44.416+0000][1][gc,metaspace ] GC(73) Metaspace: 88070K->88070K(1130496K)
[2020-09-11T15:40:44.416+0000][1][gc           ] GC(73) Pause Young (Allocation Failure) 137M->74M(503M) 39.115ms
[2020-09-11T15:40:44.416+0000][1][gc,cpu       ] GC(73) User=0.01s Sys=0.00s Real=0.04s
[2020-09-11T15:40:44.427+0000][1][safepoint    ] Safepoint "GenCollectForAllocation", Time since last: 159042941 ns, Reaching safepoint: 2841514 ns, At safepoint: 50008111 ns, Total: 52849625 ns
[2020-09-11T15:40:44.983+0000][1][safepoint    ] Safepoint "RevokeBias", Time since last: 555612056 ns, Reaching safepoint: 86275 ns, At safepoint: 20102 ns, Total: 106377 ns
[2020-09-11T15:40:45.983+0000][1][safepoint    ] Safepoint "Cleanup", Time since last: 1000119364 ns, Reaching safepoint: 122617 ns, At safepoint: 9504 ns, Total: 132121 ns
[2020-09-11T15:40:46.983+0000][1][safepoint    ] Safepoint "Cleanup", Time since last: 1000127065 ns, Reaching safepoint: 86409 ns, At safepoint: 8119 ns, Total: 94528 ns
[2020-09-11T15:40:47.386+0000][1][safepoint    ] Safepoint "RevokeBias", Time since last: 402542727 ns, Reaching safepoint: 82698 ns, At safepoint: 25409 ns, Total: 108107 ns
[2020-09-11T15:40:48.386+0000][1][safepoint    ] Safepoint "Cleanup", Time since last: 1000110556 ns, Reaching safepoint: 92568 ns, At safepoint: 8185 ns, Total: 100753 ns
[2020-09-11T15:40:49.386+0000][1][safepoint    ] Safepoint "Cleanup", Time since last: 1000108343 ns, Reaching safepoint: 93990 ns, At safepoint: 9150 ns, Total: 103140 ns
[2020-09-11T15:40:50.386+0000][1][safepoint    ] Safepoint "Cleanup", Time since last: 1000110140 ns, Reaching safepoint: 99446 ns, At safepoint: 9800 ns, Total: 109246 ns
[2020-09-11T15:40:51.407+0000][1][safepoint    ] Safepoint "Cleanup", Time since last: 1020358020 ns, Reaching safepoint: 89605 ns, At safepoint: 7736 ns, Total: 97341 ns
[2020-09-11T15:40:52.407+0000][1][safepoint    ] Safepoint "Cleanup", Time since last: 1000111326 ns, Reaching safepoint: 123524 ns, At safepoint: 10648 ns, Total: 134172 ns
[2020-09-11T15:40:53.287+0000][1][safepoint    ] Safepoint "RevokeBias", Time since last: 879716243 ns, Reaching safepoint: 92971 ns, At safepoint: 22528 ns, Total: 115499 ns
[2020-09-11T15:40:54.287+0000][1][safepoint    ] Safepoint "Cleanup", Time since last: 1000107485 ns, Reaching safepoint: 106244 ns, At safepoint: 8090 ns, Total: 114334 ns
[2020-09-11T15:40:55.287+0000][1][safepoint    ] Safepoint "Cleanup", Time since last: 1000117934 ns, Reaching safepoint: 95676 ns, At safepoint: 6982 ns, Total: 102658 ns
[2020-09-11T15:40:56.288+0000][1][safepoint    ] Safepoint "Cleanup", Time since last: 1000131538 ns, Reaching safepoint: 85985 ns, At safepoint: 7806 ns, Total: 93791 ns
[2020-09-11T15:40:57.289+0000][1][safepoint    ] Safepoint "Cleanup", Time since last: 1001240047 ns, Reaching safepoint: 266750 ns, At safepoint: 9728 ns, Total: 276478 ns
[2020-09-11T15:40:58.289+0000][1][safepoint    ] Safepoint "Cleanup", Time since last: 1000201508 ns, Reaching safepoint: 111226 ns, At safepoint: 7755 ns, Total: 118981 ns
[2020-09-11T15:40:58.943+0000][1][safepoint    ] Safepoint "RevokeBias", Time since last: 653516157 ns, Reaching safepoint: 94688 ns, At safepoint: 29954 ns, Total: 124642 ns
[2020-09-11T15:40:59.943+0000][1][safepoint    ] Safepoint "Cleanup", Time since last: 1000188901 ns, Reaching safepoint: 190890 ns, At safepoint: 19478 ns, Total: 210368 ns
[2020-09-11T15:41:01.633+0000][1][safepoint    ] Safepoint "RevokeBias", Time since last: 1689060427 ns, Reaching safepoint: 142118 ns, At safepoint: 61559 ns, Total: 203677 ns
[2020-09-11T15:41:03.161+0000][1][safepoint    ] Safepoint "Cleanup", Time since last: 1528061284 ns, Reaching safepoint: 200746 ns, At safepoint: 19549 ns, Total: 220295 ns
[2020-09-11T15:41:04.161+0000][1][safepoint    ] Safepoint "Cleanup", Time since last: 1000292129 ns, Reaching safepoint: 124593 ns, At safepoint: 9182 ns, Total: 133775 ns
[2020-09-11T15:41:05.162+0000][1][safepoint    ] Safepoint "Cleanup", Time since last: 1000175916 ns, Reaching safepoint: 134570 ns, At safepoint: 7068 ns, Total: 141638 ns
[2020-09-11T15:41:07.162+0000][1][safepoint    ] Safepoint "Cleanup", Time since last: 2000345702 ns, Reaching safepoint: 121655 ns, At safepoint: 7712 ns, Total: 129367 ns
[2020-09-11T15:41:08.163+0000][1][safepoint    ] Safepoint "Cleanup", Time since last: 1000186916 ns, Reaching safepoint: 129172 ns, At safepoint: 8355 ns, Total: 137527 ns
[2020-09-11T15:41:09.163+0000][1][safepoint    ] Safepoint "Cleanup", Time since last: 1000175843 ns, Reaching safepoint: 135150 ns, At safepoint: 8536 ns, Total: 143686 ns
[2020-09-11T15:41:10.177+0000][1][safepoint    ] Safepoint "RevokeBias", Time since last: 1009651700 ns, Reaching safepoint: 4507874 ns, At safepoint: 31980 ns, Total: 4539854 ns
[2020-09-11T15:41:10.377+0000][1][safepoint    ] Safepoint "RevokeBias", Time since last: 195612249 ns, Reaching safepoint: 95666 ns, At safepoint: 4076704 ns, Total: 4172370 ns
[2020-09-11T15:41:11.377+0000][1][safepoint    ] Safepoint "Cleanup", Time since last: 1000122498 ns, Reaching safepoint: 98602 ns, At safepoint: 7901 ns, Total: 106503 ns
[2020-09-11T15:41:12.385+0000][1][safepoint    ] Safepoint "Cleanup", Time since last: 1007752481 ns, Reaching safepoint: 179328 ns, At safepoint: 8565 ns, Total: 187893 ns
[2020-09-11T15:41:13.357+0000][1][safepoint    ] Safepoint "RevokeBias", Time since last: 972240894 ns, Reaching safepoint: 239579 ns, At safepoint: 23418 ns, Total: 262997 ns
[2020-09-11T15:41:13.391+0000][1][gc,start     ] GC(74) Pause Young (Allocation Failure)
[2020-09-11T15:41:13.391+0000][1][gc,task      ] GC(74) Using 1 workers of 1 for evacuation
[2020-09-11T15:41:13.473+0000][1][gc,age       ] GC(74) Desired survivor size 4358144 bytes, new threshold 6 (max threshold 6)
[2020-09-11T15:41:13.474+0000][1][gc,age       ] GC(74) Age table with threshold 6 (max threshold 6)
[2020-09-11T15:41:13.474+0000][1][gc,age       ] GC(74) - age   1:     453552 bytes,     453552 total
[2020-09-11T15:41:13.474+0000][1][gc,age       ] GC(74) - age   2:    3285144 bytes,    3738696 total
[2020-09-11T15:41:13.474+0000][1][gc,age       ] GC(74) - age   3:     526288 bytes,    4264984 total
[2020-09-11T15:41:13.474+0000][1][gc,heap      ] GC(74) ParNew: 76672K->5735K(76672K)
[2020-09-11T15:41:13.474+0000][1][gc,heap      ] GC(74) CMS: 67976K->70856K(439104K)
[2020-09-11T15:41:13.474+0000][1][gc,metaspace ] GC(74) Metaspace: 88383K->88383K(1130496K)
[2020-09-11T15:41:13.474+0000][1][gc           ] GC(74) Pause Young (Allocation Failure) 141M->74M(503M) 82.289ms
[2020-09-11T15:41:13.474+0000][1][gc,cpu       ] GC(74) User=0.03s Sys=0.00s Real=0.09s
[2020-09-11T15:41:13.481+0000][1][safepoint    ] Safepoint "GenCollectForAllocation", Time since last: 33665844 ns, Reaching safepoint: 161131 ns, At safepoint: 89478805 ns, Total: 89639936 ns
[2020-09-11T15:41:14.483+0000][1][safepoint    ] Safepoint "Cleanup", Time since last: 1001735670 ns, Reaching safepoint: 105680 ns, At safepoint: 7969 ns, Total: 113649 ns
[2020-09-11T15:41:15.483+0000][1][safepoint    ] Safepoint "Cleanup", Time since last: 1000111957 ns, Reaching safepoint: 107105 ns, At safepoint: 6631 ns, Total: 113736 ns
[2020-09-11T15:41:16.484+0000][1][safepoint    ] Safepoint "Cleanup", Time since last: 1000991635 ns, Reaching safepoint: 102698 ns, At safepoint: 6573 ns, Total: 109271 ns
[2020-09-11T15:41:17.484+0000][1][safepoint    ] Safepoint "Cleanup", Time since last: 1000129635 ns, Reaching safepoint: 134692 ns, At safepoint: 6277 ns, Total: 140969 ns
[2020-09-11T15:41:18.085+0000][1][safepoint    ] Safepoint "RevokeBias", Time since last: 599501062 ns, Reaching safepoint: 1124476 ns, At safepoint: 54550 ns, Total: 1179026 ns
[2020-09-11T15:41:18.097+0000][1][safepoint    ] Safepoint "RevokeBias", Time since last: 9712651 ns, Reaching safepoint: 2225446 ns, At safepoint: 53485 ns, Total: 2278931 ns
[2020-09-11T15:41:18.099+0000][1][safepoint    ] Safepoint "RevokeBias", Time since last: 554884 ns, Reaching safepoint: 1486223 ns, At safepoint: 32685 ns, Total: 1518908 ns
[2020-09-11T15:41:18.110+0000][1][safepoint    ] Safepoint "RevokeBias", Time since last: 9814837 ns, Reaching safepoint: 750997 ns, At safepoint: 53155 ns, Total: 804152 ns
[2020-09-11T15:41:18.137+0000][1][safepoint    ] Safepoint "RevokeBias", Time since last: 24963531 ns, Reaching safepoint: 2291355 ns, At safepoint: 34215 ns, Total: 2325570 ns
[2020-09-11T15:41:18.138+0000][1][safepoint    ] Safepoint "RevokeBias", Time since last: 964145 ns, Reaching safepoint: 387547 ns, At safepoint: 40697 ns, Total: 428244 ns
[2020-09-11T15:41:18.140+0000][1][safepoint    ] Safepoint "RevokeBias", Time since last: 672288 ns, Reaching safepoint: 872836 ns, At safepoint: 28080 ns, Total: 900916 ns
[2020-09-11T15:41:18.145+0000][1][safepoint    ] Safepoint "RevokeBias", Time since last: 4190400 ns, Reaching safepoint: 794459 ns, At safepoint: 25895 ns, Total: 820354 ns
[2020-09-11T15:41:19.145+0000][1][safepoint    ] Safepoint "Cleanup", Time since last: 1000136922 ns, Reaching safepoint: 103829 ns, At safepoint: 7655 ns, Total: 111484 ns
[2020-09-11T15:41:20.145+0000][1][safepoint    ] Safepoint "Cleanup", Time since last: 1000123161 ns, Reaching safepoint: 104760 ns, At safepoint: 7784 ns, Total: 112544 ns
[2020-09-11T15:41:21.146+0000][1][safepoint    ] Safepoint "Cleanup", Time since last: 1000120663 ns, Reaching safepoint: 101692 ns, At safepoint: 7699 ns, Total: 109391 ns
[2020-09-11T15:41:21.349+0000][1][safepoint    ] Safepoint "RevokeBias", Time since last: 203678149 ns, Reaching safepoint: 80122 ns, At safepoint: 21419 ns, Total: 101541 ns
[2020-09-11T15:41:21.381+0000][1][safepoint    ] Safepoint "RevokeBias", Time since last: 31150961 ns, Reaching safepoint: 201743 ns, At safepoint: 19454 ns, Total: 221197 ns
[2020-09-11T15:41:21.768+0000][1][safepoint    ] Safepoint "RevokeBias", Time since last: 387390009 ns, Reaching safepoint: 91221 ns, At safepoint: 20488 ns, Total: 111709 ns
[2020-09-11T15:41:22.768+0000][1][safepoint    ] Safepoint "Cleanup", Time since last: 1000119049 ns, Reaching safepoint: 111862 ns, At safepoint: 8860 ns, Total: 120722 ns
[2020-09-11T15:41:22.822+0000][1][safepoint    ] Safepoint "RevokeBias", Time since last: 53795698 ns, Reaching safepoint: 164263 ns, At safepoint: 21746 ns, Total: 186009 ns
[2020-09-11T15:41:23.688+0000][1][safepoint    ] Safepoint "RevokeBias", Time since last: 865746613 ns, Reaching safepoint: 81989 ns, At safepoint: 18895 ns, Total: 100884 ns
[2020-09-11T15:41:23.787+0000][1][safepoint    ] Safepoint "RevokeBias", Time since last: 98363816 ns, Reaching safepoint: 95870 ns, At safepoint: 23822 ns, Total: 119692 ns
[2020-09-11T15:41:23.991+0000][1][safepoint    ] Safepoint "RevokeBias", Time since last: 203698471 ns, Reaching safepoint: 76493 ns, At safepoint: 21172 ns, Total: 97665 ns
[2020-09-11T15:41:24.006+0000][1][safepoint    ] Safepoint "RevokeBias", Time since last: 14643873 ns, Reaching safepoint: 835899 ns, At safepoint: 21114 ns, Total: 857013 ns
[2020-09-11T15:41:24.008+0000][1][safepoint    ] Safepoint "RevokeBias", Time since last: 155394 ns, Reaching safepoint: 1797548 ns, At safepoint: 19807 ns, Total: 1817355 ns
[2020-09-11T15:41:24.008+0000][1][safepoint    ] Safepoint "RevokeBias", Time since last: 69047 ns, Reaching safepoint: 106307 ns, At safepoint: 12644 ns, Total: 118951 ns
[2020-09-11T15:41:24.008+0000][1][safepoint    ] Safepoint "RevokeBias", Time since last: 43738 ns, Reaching safepoint: 101441 ns, At safepoint: 11565 ns, Total: 113006 ns
[2020-09-11T15:41:24.013+0000][1][safepoint    ] Safepoint "RevokeBias", Time since last: 292924 ns, Reaching safepoint: 4142294 ns, At safepoint: 21609 ns, Total: 4163903 ns
[2020-09-11T15:41:24.015+0000][1][safepoint    ] Safepoint "RevokeBias", Time since last: 546407 ns, Reaching safepoint: 1810564 ns, At safepoint: 20206 ns, Total: 1830770 ns
[2020-09-11T15:41:24.016+0000][1][safepoint    ] Safepoint "RevokeBias", Time since last: 616929 ns, Reaching safepoint: 168678 ns, At safepoint: 13877 ns, Total: 182555 ns
[2020-09-11T15:41:24.037+0000][1][safepoint    ] Safepoint "RevokeBias", Time since last: 15348814 ns, Reaching safepoint: 5480811 ns, At safepoint: 30062 ns, Total: 5510873 ns
[2020-09-11T15:41:24.479+0000][1][safepoint    ] Safepoint "RevokeBias", Time since last: 438888896 ns, Reaching safepoint: 3156378 ns, At safepoint: 27905 ns, Total: 3184283 ns
[2020-09-11T15:41:24.480+0000][1][safepoint    ] Safepoint "RevokeBias", Time since last: 79759 ns, Reaching safepoint: 1212024 ns, At safepoint: 21165 ns, Total: 1233189 ns
[2020-09-11T15:41:25.480+0000][1][safepoint    ] Safepoint "Cleanup", Time since last: 1000089735 ns, Reaching safepoint: 87012 ns, At safepoint: 4986 ns, Total: 91998 ns
[2020-09-11T15:41:25.636+0000][1][safepoint    ] Safepoint "BulkRevokeBias", Time since last: 153914903 ns, Reaching safepoint: 1346083 ns, At safepoint: 211333 ns, Total: 1557416 ns
[2020-09-11T15:41:25.860+0000][1][gc,start     ] GC(75) Pause Young (Allocation Failure)
[2020-09-11T15:41:25.860+0000][1][gc,task      ] GC(75) Using 1 workers of 1 for evacuation
[2020-09-11T15:41:25.893+0000][1][gc,age       ] GC(75) Desired survivor size 4358144 bytes, new threshold 6 (max threshold 6)
[2020-09-11T15:41:25.893+0000][1][gc,age       ] GC(75) Age table with threshold 6 (max threshold 6)
[2020-09-11T15:41:25.893+0000][1][gc,age       ] GC(75) - age   1:     211872 bytes,     211872 total
[2020-09-11T15:41:25.893+0000][1][gc,age       ] GC(75) - age   2:      56760 bytes,     268632 total
[2020-09-11T15:41:25.893+0000][1][gc,age       ] GC(75) - age   3:    3269088 bytes,    3537720 total
[2020-09-11T15:41:25.893+0000][1][gc,age       ] GC(75) - age   4:     521280 bytes,    4059000 total
[2020-09-11T15:41:25.893+0000][1][gc,heap      ] GC(75) ParNew: 73895K->4557K(76672K)
[2020-09-11T15:41:25.893+0000][1][gc,heap      ] GC(75) CMS: 70856K->70856K(439104K)
[2020-09-11T15:41:25.893+0000][1][gc,metaspace ] GC(75) Metaspace: 88653K->88653K(1130496K)
[2020-09-11T15:41:25.893+0000][1][gc           ] GC(75) Pause Young (Allocation Failure) 141M->73M(503M) 33.008ms
[2020-09-11T15:41:25.893+0000][1][gc,cpu       ] GC(75) User=0.00s Sys=0.00s Real=0.04s
[2020-09-11T15:41:25.913+0000][1][safepoint    ] Safepoint "GenCollectForAllocation", Time since last: 222417055 ns, Reaching safepoint: 1822310 ns, At safepoint: 52857147 ns, Total: 54679457 ns
[2020-09-11T15:41:25.916+0000][1][safepoint    ] Safepoint "RevokeBias", Time since last: 817858 ns, Reaching safepoint: 70095 ns, At safepoint: 2240313 ns, Total: 2310408 ns
[2020-09-11T15:41:26.625+0000][1][safepoint    ] Safepoint "RevokeBias", Time since last: 708875172 ns, Reaching safepoint: 99289 ns, At safepoint: 21965 ns, Total: 121254 ns
[2020-09-11T15:41:26.626+0000][1][safepoint    ] Safepoint "RevokeBias", Time since last: 1036188 ns, Reaching safepoint: 57061 ns, At safepoint: 15922 ns, Total: 72983 ns
[2020-09-11T15:41:27.627+0000][1][safepoint    ] Safepoint "Cleanup", Time since last: 1000146421 ns, Reaching safepoint: 166914 ns, At safepoint: 19051 ns, Total: 185965 ns
[2020-09-11T15:41:28.118+0000][1][safepoint    ] Safepoint "RevokeBias", Time since last: 491677805 ns, Reaching safepoint: 184199 ns, At safepoint: 24323 ns, Total: 208522 ns
[2020-09-11T15:41:28.487+0000][1][safepoint    ] Safepoint "RevokeBias", Time since last: 368236303 ns, Reaching safepoint: 89960 ns, At safepoint: 21815 ns, Total: 111775 ns
[2020-09-11T15:41:29.457+0000][1][safepoint    ] Safepoint "RevokeBias", Time since last: 970231403 ns, Reaching safepoint: 409242 ns, At safepoint: 24799 ns, Total: 434041 ns
[2020-09-11T15:41:29.461+0000][1][safepoint    ] Safepoint "RevokeBias", Time since last: 3775251 ns, Reaching safepoint: 170589 ns, At safepoint: 24984 ns, Total: 195573 ns
[2020-09-11T15:41:30.462+0000][1][safepoint    ] Safepoint "Cleanup", Time since last: 1000228324 ns, Reaching safepoint: 116549 ns, At safepoint: 9868 ns, Total: 126417 ns
[2020-09-11T15:41:31.462+0000][1][safepoint    ] Safepoint "Cleanup", Time since last: 1000211433 ns, Reaching safepoint: 99581 ns, At safepoint: 9891 ns, Total: 109472 ns
[2020-09-11T15:41:32.463+0000][1][safepoint    ] Safepoint "Cleanup", Time since last: 1000250851 ns, Reaching safepoint: 111420 ns, At safepoint: 10049 ns, Total: 121469 ns
[2020-09-11T15:41:33.268+0000][1][safepoint    ] Safepoint "RevokeBias", Time since last: 804854016 ns, Reaching safepoint: 213871 ns, At safepoint: 23956 ns, Total: 237827 ns
[2020-09-11T15:41:34.268+0000][1][safepoint    ] Safepoint "Cleanup", Time since last: 1000181640 ns, Reaching safepoint: 177646 ns, At safepoint: 17941 ns, Total: 195587 ns
[2020-09-11T15:41:35.268+0000][1][safepoint    ] Safepoint "Cleanup", Time since last: 1000203237 ns, Reaching safepoint: 153894 ns, At safepoint: 14436 ns, Total: 168330 ns
[2020-09-11T15:41:36.269+0000][1][safepoint    ] Safepoint "Cleanup", Time since last: 1000219309 ns, Reaching safepoint: 104177 ns, At safepoint: 7045 ns, Total: 111222 ns
[2020-09-11T15:41:36.889+0000][1][safepoint    ] Safepoint "RevokeBias", Time since last: 619941017 ns, Reaching safepoint: 224825 ns, At safepoint: 21401 ns, Total: 246226 ns
[2020-09-11T15:41:37.889+0000][1][safepoint    ] Safepoint "Cleanup", Time since last: 1000211307 ns, Reaching safepoint: 111367 ns, At safepoint: 7592 ns, Total: 118959 ns
[2020-09-11T15:41:38.890+0000][1][safepoint    ] Safepoint "Cleanup", Time since last: 1000145435 ns, Reaching safepoint: 155789 ns, At safepoint: 18008 ns, Total: 173797 ns
[2020-09-11T15:41:39.890+0000][1][safepoint    ] Safepoint "Cleanup", Time since last: 1000147629 ns, Reaching safepoint: 84983 ns, At safepoint: 7284 ns, Total: 92267 ns
[2020-09-11T15:41:40.890+0000][1][safepoint    ] Safepoint "Cleanup", Time since last: 1000183277 ns, Reaching safepoint: 97551 ns, At safepoint: 6963 ns, Total: 104514 ns
[2020-09-11T15:41:41.890+0000][1][safepoint    ] Safepoint "Cleanup", Time since last: 1000100625 ns, Reaching safepoint: 210250 ns, At safepoint: 7717 ns, Total: 217967 ns
[2020-09-11T15:41:42.891+0000][1][safepoint    ] Safepoint "Cleanup", Time since last: 1000183745 ns, Reaching safepoint: 110953 ns, At safepoint: 7925 ns, Total: 118878 ns
[2020-09-11T15:41:43.239+0000][1][safepoint    ] Safepoint "RevokeBias", Time since last: 348651949 ns, Reaching safepoint: 95704 ns, At safepoint: 22552 ns, Total: 118256 ns
[2020-09-11T15:41:44.240+0000][1][safepoint    ] Safepoint "Cleanup", Time since last: 1000121258 ns, Reaching safepoint: 95168 ns, At safepoint: 8142 ns, Total: 103310 ns
[2020-09-11T15:41:45.240+0000][1][safepoint    ] Safepoint "Cleanup", Time since last: 1000183491 ns, Reaching safepoint: 101146 ns, At safepoint: 6674 ns, Total: 107820 ns
[2020-09-11T15:41:46.240+0000][1][safepoint    ] Safepoint "Cleanup", Time since last: 1000165653 ns, Reaching safepoint: 111584 ns, At safepoint: 7326 ns, Total: 118910 ns
[2020-09-11T15:41:47.241+0000][1][safepoint    ] Safepoint "Cleanup", Time since last: 1000173037 ns, Reaching safepoint: 110378 ns, At safepoint: 7443 ns, Total: 117821 ns
[2020-09-11T15:41:48.241+0000][1][safepoint    ] Safepoint "Cleanup", Time since last: 1000100164 ns, Reaching safepoint: 242368 ns, At safepoint: 17717 ns, Total: 260085 ns
[2020-09-11T15:41:49.241+0000][1][safepoint    ] Safepoint "Cleanup", Time since last: 1000160508 ns, Reaching safepoint: 120653 ns, At safepoint: 7213 ns, Total: 127866 ns
[2020-09-11T15:41:50.241+0000][1][safepoint    ] Safepoint "Cleanup", Time since last: 1000156126 ns, Reaching safepoint: 129518 ns, At safepoint: 8441 ns, Total: 137959 ns
[2020-09-11T15:41:51.242+0000][1][safepoint    ] Safepoint "Cleanup", Time since last: 1000202637 ns, Reaching safepoint: 87699 ns, At safepoint: 8168 ns, Total: 95867 ns
[2020-09-11T15:41:52.242+0000][1][safepoint    ] Safepoint "Cleanup", Time since last: 1000177759 ns, Reaching safepoint: 115403 ns, At safepoint: 7330 ns, Total: 122733 ns
[2020-09-11T15:41:53.215+0000][1][safepoint    ] Safepoint "RevokeBias", Time since last: 972756132 ns, Reaching safepoint: 212469 ns, At safepoint: 23602 ns, Total: 236071 ns
[2020-09-11T15:41:53.654+0000][1][gc,start     ] GC(76) Pause Young (Allocation Failure)
[2020-09-11T15:41:53.654+0000][1][gc,task      ] GC(76) Using 1 workers of 1 for evacuation
[2020-09-11T15:41:53.665+0000][1][gc,age       ] GC(76) Desired survivor size 4358144 bytes, new threshold 6 (max threshold 6)
[2020-09-11T15:41:53.665+0000][1][gc,age       ] GC(76) Age table with threshold 6 (max threshold 6)
[2020-09-11T15:41:53.665+0000][1][gc,age       ] GC(76) - age   1:     148368 bytes,     148368 total
[2020-09-11T15:41:53.665+0000][1][gc,age       ] GC(76) - age   2:     121944 bytes,     270312 total
[2020-09-11T15:41:53.665+0000][1][gc,age       ] GC(76) - age   3:      45144 bytes,     315456 total
[2020-09-11T15:41:53.665+0000][1][gc,age       ] GC(76) - age   4:    3266888 bytes,    3582344 total
[2020-09-11T15:41:53.665+0000][1][gc,age       ] GC(76) - age   5:     517976 bytes,    4100320 total
[2020-09-11T15:41:53.665+0000][1][gc,heap      ] GC(76) ParNew: 72717K->4112K(76672K)
[2020-09-11T15:41:53.665+0000][1][gc,heap      ] GC(76) CMS: 70856K->70856K(439104K)
[2020-09-11T15:41:53.665+0000][1][gc,metaspace ] GC(76) Metaspace: 88904K->88904K(1130496K)
[2020-09-11T15:41:53.665+0000][1][gc           ] GC(76) Pause Young (Allocation Failure) 140M->73M(503M) 10.974ms
[2020-09-11T15:41:53.665+0000][1][gc,cpu       ] GC(76) User=0.01s Sys=0.00s Real=0.01s
[2020-09-11T15:41:53.666+0000][1][safepoint    ] Safepoint "GenCollectForAllocation", Time since last: 439181237 ns, Reaching safepoint: 159219 ns, At safepoint: 11584717 ns, Total: 11743936 ns
[2020-09-11T15:41:54.674+0000][1][safepoint    ] Safepoint "Cleanup", Time since last: 1007558728 ns, Reaching safepoint: 124141 ns, At safepoint: 8145 ns, Total: 132286 ns
[2020-09-11T15:41:55.674+0000][1][safepoint    ] Safepoint "Cleanup", Time since last: 1000140343 ns, Reaching safepoint: 130975 ns, At safepoint: 6388 ns, Total: 137363 ns
[2020-09-11T15:41:56.674+0000][1][safepoint    ] Safepoint "Cleanup", Time since last: 1000145242 ns, Reaching safepoint: 220915 ns, At safepoint: 19956 ns, Total: 240871 ns
[2020-09-11T15:41:58.675+0000][1][safepoint    ] Safepoint "Cleanup", Time since last: 2000281818 ns, Reaching safepoint: 161261 ns, At safepoint: 18015 ns, Total: 179276 ns
[2020-09-11T15:41:59.675+0000][1][safepoint    ] Safepoint "Cleanup", Time since last: 1000197834 ns, Reaching safepoint: 119330 ns, At safepoint: 6712 ns, Total: 126042 ns
[2020-09-11T15:42:01.676+0000][1][safepoint    ] Safepoint "Cleanup", Time since last: 2000318475 ns, Reaching safepoint: 112966 ns, At safepoint: 5126 ns, Total: 118092 ns
[2020-09-11T15:42:02.676+0000][1][safepoint    ] Safepoint "Cleanup", Time since last: 1000177087 ns, Reaching safepoint: 119716 ns, At safepoint: 7870 ns, Total: 127586 ns
[2020-09-11T15:42:03.211+0000][1][safepoint    ] Safepoint "RevokeBias", Time since last: 535264655 ns, Reaching safepoint: 213433 ns, At safepoint: 22966 ns, Total: 236399 ns
[2020-09-11T15:42:04.212+0000][1][safepoint    ] Safepoint "Cleanup", Time since last: 1000201045 ns, Reaching safepoint: 164354 ns, At safepoint: 17123 ns, Total: 181477 ns
[2020-09-11T15:42:06.212+0000][1][safepoint    ] Safepoint "Cleanup", Time since last: 2000391306 ns, Reaching safepoint: 122008 ns, At safepoint: 7164 ns, Total: 129172 ns
[2020-09-11T15:42:07.213+0000][1][safepoint    ] Safepoint "Cleanup", Time since last: 1000144935 ns, Reaching safepoint: 134745 ns, At safepoint: 6425 ns, Total: 141170 ns
[2020-09-11T15:42:08.848+0000][1][safepoint    ] Safepoint "RevokeBias", Time since last: 1635394218 ns, Reaching safepoint: 150275 ns, At safepoint: 32915 ns, Total: 183190 ns
[2020-09-11T15:42:09.848+0000][1][safepoint    ] Safepoint "Cleanup", Time since last: 1000183198 ns, Reaching safepoint: 113346 ns, At safepoint: 6818 ns, Total: 120164 ns
[2020-09-11T15:42:10.849+0000][1][safepoint    ] Safepoint "Cleanup", Time since last: 1000159907 ns, Reaching safepoint: 186308 ns, At safepoint: 16615 ns, Total: 202923 ns
[2020-09-11T15:42:11.849+0000][1][safepoint    ] Safepoint "Cleanup", Time since last: 1000129816 ns, Reaching safepoint: 91894 ns, At safepoint: 7110 ns, Total: 99004 ns
[2020-09-11T15:42:12.860+0000][1][safepoint    ] Safepoint "Cleanup", Time since last: 1010551084 ns, Reaching safepoint: 174705 ns, At safepoint: 18262 ns, Total: 192967 ns
[2020-09-11T15:42:13.277+0000][1][safepoint    ] Safepoint "BulkRevokeBias", Time since last: 416511501 ns, Reaching safepoint: 95894 ns, At safepoint: 233039 ns, Total: 328933 ns
[2020-09-11T15:42:14.277+0000][1][safepoint    ] Safepoint "Cleanup", Time since last: 1000174891 ns, Reaching safepoint: 180468 ns, At safepoint: 18372 ns, Total: 198840 ns
[2020-09-11T15:42:15.277+0000][1][safepoint    ] Safepoint "Cleanup", Time since last: 1000173536 ns, Reaching safepoint: 78935 ns, At safepoint: 7221 ns, Total: 86156 ns
[2020-09-11T15:42:16.278+0000][1][safepoint    ] Safepoint "Cleanup", Time since last: 1000139395 ns, Reaching safepoint: 109128 ns, At safepoint: 7144 ns, Total: 116272 ns
[2020-09-11T15:42:17.278+0000][1][safepoint    ] Safepoint "Cleanup", Time since last: 1000157685 ns, Reaching safepoint: 137519 ns, At safepoint: 6973 ns, Total: 144492 ns
[2020-09-11T15:42:18.278+0000][1][safepoint    ] Safepoint "Cleanup", Time since last: 1000126074 ns, Reaching safepoint: 123019 ns, At safepoint: 6893 ns, Total: 129912 ns
[2020-09-11T15:42:19.278+0000][1][safepoint    ] Safepoint "Cleanup", Time since last: 1000178418 ns, Reaching safepoint: 152491 ns, At safepoint: 17684 ns, Total: 170175 ns
[2020-09-11T15:42:20.279+0000][1][safepoint    ] Safepoint "Cleanup", Time since last: 1000164790 ns, Reaching safepoint: 165510 ns, At safepoint: 18770 ns, Total: 184280 ns
[2020-09-11T15:42:21.279+0000][1][safepoint    ] Safepoint "Cleanup", Time since last: 1000242239 ns, Reaching safepoint: 104828 ns, At safepoint: 7700 ns, Total: 112528 ns
[2020-09-11T15:42:22.281+0000][1][safepoint    ] Safepoint "Cleanup", Time since last: 1001652494 ns, Reaching safepoint: 90538 ns, At safepoint: 9507 ns, Total: 100045 ns
[2020-09-11T15:42:23.281+0000][1][safepoint    ] Safepoint "Cleanup", Time since last: 1000167445 ns, Reaching safepoint: 166109 ns, At safepoint: 7954 ns, Total: 174063 ns
[2020-09-11T15:42:23.528+0000][1][safepoint    ] Safepoint "RevokeBias", Time since last: 246363997 ns, Reaching safepoint: 94971 ns, At safepoint: 111194 ns, Total: 206165 ns
[2020-09-11T15:42:23.893+0000][1][gc,start     ] GC(77) Pause Young (Allocation Failure)
[2020-09-11T15:42:23.893+0000][1][gc,task      ] GC(77) Using 1 workers of 1 for evacuation
[2020-09-11T15:42:23.914+0000][1][gc,age       ] GC(77) Desired survivor size 4358144 bytes, new threshold 6 (max threshold 6)
[2020-09-11T15:42:23.914+0000][1][gc,age       ] GC(77) Age table with threshold 6 (max threshold 6)
[2020-09-11T15:42:23.914+0000][1][gc,age       ] GC(77) - age   1:      47648 bytes,      47648 total
[2020-09-11T15:42:23.914+0000][1][gc,age       ] GC(77) - age   2:      95216 bytes,     142864 total
[2020-09-11T15:42:23.915+0000][1][gc,age       ] GC(77) - age   3:     121576 bytes,     264440 total
[2020-09-11T15:42:23.915+0000][1][gc,age       ] GC(77) - age   4:      43480 bytes,     307920 total
[2020-09-11T15:42:23.915+0000][1][gc,age       ] GC(77) - age   5:    3266888 bytes,    3574808 total
[2020-09-11T15:42:23.915+0000][1][gc,age       ] GC(77) - age   6:     515496 bytes,    4090304 total
[2020-09-11T15:42:23.915+0000][1][gc,heap      ] GC(77) ParNew: 72272K->4031K(76672K)
[2020-09-11T15:42:23.915+0000][1][gc,heap      ] GC(77) CMS: 70856K->70856K(439104K)
[2020-09-11T15:42:23.915+0000][1][gc,metaspace ] GC(77) Metaspace: 89103K->89103K(1130496K)
[2020-09-11T15:42:23.915+0000][1][gc           ] GC(77) Pause Young (Allocation Failure) 139M->73M(503M) 21.390ms
[2020-09-11T15:42:23.915+0000][1][gc,cpu       ] GC(77) User=0.01s Sys=0.00s Real=0.02s
[2020-09-11T15:42:23.917+0000][1][safepoint    ] Safepoint "GenCollectForAllocation", Time since last: 365108393 ns, Reaching safepoint: 300858 ns, At safepoint: 23592535 ns, Total: 23893393 ns
[2020-09-11T15:42:24.923+0000][1][safepoint    ] Safepoint "Cleanup", Time since last: 1006299444 ns, Reaching safepoint: 170057 ns, At safepoint: 21810 ns, Total: 191867 ns
[2020-09-11T15:42:25.923+0000][1][safepoint    ] Safepoint "Cleanup", Time since last: 1000110334 ns, Reaching safepoint: 91313 ns, At safepoint: 9691 ns, Total: 101004 ns
[2020-09-11T15:42:26.924+0000][1][safepoint    ] Safepoint "Cleanup", Time since last: 1000113667 ns, Reaching safepoint: 101129 ns, At safepoint: 9198 ns, Total: 110327 ns
[2020-09-11T15:42:27.924+0000][1][safepoint    ] Safepoint "Cleanup", Time since last: 1000116318 ns, Reaching safepoint: 96422 ns, At safepoint: 10521 ns, Total: 106943 ns
[2020-09-11T15:42:28.924+0000][1][safepoint    ] Safepoint "Cleanup", Time since last: 1000105312 ns, Reaching safepoint: 172237 ns, At safepoint: 10502 ns, Total: 182739 ns
[2020-09-11T15:42:29.956+0000][1][safepoint    ] Safepoint "Cleanup", Time since last: 1031761018 ns, Reaching safepoint: 94852 ns, At safepoint: 7187 ns, Total: 102039 ns
[2020-09-11T15:42:30.956+0000][1][safepoint    ] Safepoint "Cleanup", Time since last: 1000111452 ns, Reaching safepoint: 87499 ns, At safepoint: 9030 ns, Total: 96529 ns
[2020-09-11T15:42:31.957+0000][1][safepoint    ] Safepoint "Cleanup", Time since last: 1000473605 ns, Reaching safepoint: 168499 ns, At safepoint: 7696 ns, Total: 176195 ns
[2020-09-11T15:42:32.957+0000][1][safepoint    ] Safepoint "Cleanup", Time since last: 1000117156 ns, Reaching safepoint: 98067 ns, At safepoint: 10104 ns, Total: 108171 ns
[2020-09-11T15:42:33.282+0000][1][safepoint    ] Safepoint "RevokeBias", Time since last: 324397827 ns, Reaching safepoint: 96639 ns, At safepoint: 25885 ns, Total: 122524 ns
[2020-09-11T15:42:34.282+0000][1][safepoint    ] Safepoint "Cleanup", Time since last: 1000117054 ns, Reaching safepoint: 107287 ns, At safepoint: 7867 ns, Total: 115154 ns
[2020-09-11T15:42:35.282+0000][1][safepoint    ] Safepoint "Cleanup", Time since last: 1000138334 ns, Reaching safepoint: 94727 ns, At safepoint: 8157 ns, Total: 102884 ns
[2020-09-11T15:42:36.282+0000][1][safepoint    ] Safepoint "Cleanup", Time since last: 1000116865 ns, Reaching safepoint: 83560 ns, At safepoint: 6987 ns, Total: 90547 ns
[2020-09-11T15:42:37.283+0000][1][safepoint    ] Safepoint "Cleanup", Time since last: 1000146329 ns, Reaching safepoint: 157291 ns, At safepoint: 16669 ns, Total: 173960 ns
[2020-09-11T15:42:38.283+0000][1][safepoint    ] Safepoint "Cleanup", Time since last: 1000228034 ns, Reaching safepoint: 130001 ns, At safepoint: 8121 ns, Total: 138122 ns
[2020-09-11T15:42:39.283+0000][1][safepoint    ] Safepoint "Cleanup", Time since last: 1000162606 ns, Reaching safepoint: 110536 ns, At safepoint: 8340 ns, Total: 118876 ns
[2020-09-11T15:42:40.284+0000][1][safepoint    ] Safepoint "Cleanup", Time since last: 1000175175 ns, Reaching safepoint: 108288 ns, At safepoint: 7194 ns, Total: 115482 ns
[2020-09-11T15:42:41.284+0000][1][safepoint    ] Safepoint "Cleanup", Time since last: 1000115694 ns, Reaching safepoint: 83649 ns, At safepoint: 7566 ns, Total: 91215 ns
[2020-09-11T15:42:42.284+0000][1][safepoint    ] Safepoint "Cleanup", Time since last: 1000187678 ns, Reaching safepoint: 118521 ns, At safepoint: 8924 ns, Total: 127445 ns
[2020-09-11T15:42:43.221+0000][1][safepoint    ] Safepoint "RevokeBias", Time since last: 936745639 ns, Reaching safepoint: 103659 ns, At safepoint: 22588 ns, Total: 126247 ns
[2020-09-11T15:42:44.221+0000][1][safepoint    ] Safepoint "Cleanup", Time since last: 1000130417 ns, Reaching safepoint: 100113 ns, At safepoint: 7992 ns, Total: 108105 ns
[2020-09-11T15:42:45.222+0000][1][safepoint    ] Safepoint "Cleanup", Time since last: 1000194270 ns, Reaching safepoint: 104409 ns, At safepoint: 7724 ns, Total: 112133 ns
[2020-09-11T15:42:46.222+0000][1][safepoint    ] Safepoint "Cleanup", Time since last: 1000306790 ns, Reaching safepoint: 81781 ns, At safepoint: 5567 ns, Total: 87348 ns
[2020-09-11T15:42:47.222+0000][1][safepoint    ] Safepoint "Cleanup", Time since last: 1000188564 ns, Reaching safepoint: 157422 ns, At safepoint: 16992 ns, Total: 174414 ns
[2020-09-11T15:42:48.223+0000][1][safepoint    ] Safepoint "Cleanup", Time since last: 1000180962 ns, Reaching safepoint: 110963 ns, At safepoint: 6691 ns, Total: 117654 ns
[2020-09-11T15:42:49.223+0000][1][safepoint    ] Safepoint "Cleanup", Time since last: 1000143447 ns, Reaching safepoint: 127285 ns, At safepoint: 6654 ns, Total: 133939 ns
[2020-09-11T15:42:50.223+0000][1][safepoint    ] Safepoint "Cleanup", Time since last: 1000140354 ns, Reaching safepoint: 126926 ns, At safepoint: 7147 ns, Total: 134073 ns
[2020-09-11T15:42:51.224+0000][1][safepoint    ] Safepoint "Cleanup", Time since last: 1000139621 ns, Reaching safepoint: 173325 ns, At safepoint: 16120 ns, Total: 189445 ns
[2020-09-11T15:42:52.224+0000][1][safepoint    ] Safepoint "Cleanup", Time since last: 1000209363 ns, Reaching safepoint: 168694 ns, At safepoint: 18289 ns, Total: 186983 ns
[2020-09-11T15:42:53.224+0000][1][safepoint    ] Safepoint "Cleanup", Time since last: 1000225488 ns, Reaching safepoint: 198148 ns, At safepoint: 17270 ns, Total: 215418 ns
[2020-09-11T15:42:53.245+0000][1][safepoint    ] Safepoint "RevokeBias", Time since last: 20091852 ns, Reaching safepoint: 92779 ns, At safepoint: 23623 ns, Total: 116402 ns
[2020-09-11T15:42:53.767+0000][1][gc,start     ] GC(78) Pause Young (Allocation Failure)
[2020-09-11T15:42:53.767+0000][1][gc,task      ] GC(78) Using 1 workers of 1 for evacuation
[2020-09-11T15:42:53.788+0000][1][gc,age       ] GC(78) Desired survivor size 4358144 bytes, new threshold 6 (max threshold 6)
[2020-09-11T15:42:53.788+0000][1][gc,age       ] GC(78) Age table with threshold 6 (max threshold 6)
[2020-09-11T15:42:53.788+0000][1][gc,age       ] GC(78) - age   1:      51304 bytes,      51304 total
[2020-09-11T15:42:53.788+0000][1][gc,age       ] GC(78) - age   2:      12568 bytes,      63872 total
[2020-09-11T15:42:53.788+0000][1][gc,age       ] GC(78) - age   3:      88520 bytes,     152392 total
[2020-09-11T15:42:53.788+0000][1][gc,age       ] GC(78) - age   4:     121008 bytes,     273400 total
[2020-09-11T15:42:53.788+0000][1][gc,age       ] GC(78) - age   5:      43480 bytes,     316880 total
[2020-09-11T15:42:53.788+0000][1][gc,age       ] GC(78) - age   6:    3266888 bytes,    3583768 total
[2020-09-11T15:42:53.788+0000][1][gc,heap      ] GC(78) ParNew: 72191K->4003K(76672K)
[2020-09-11T15:42:53.788+0000][1][gc,heap      ] GC(78) CMS: 70856K->71377K(439104K)
[2020-09-11T15:42:53.788+0000][1][gc,metaspace ] GC(78) Metaspace: 89187K->89187K(1130496K)
[2020-09-11T15:42:53.788+0000][1][gc           ] GC(78) Pause Young (Allocation Failure) 139M->73M(503M) 21.026ms
[2020-09-11T15:42:53.788+0000][1][gc,cpu       ] GC(78) User=0.01s Sys=0.00s Real=0.02s
[2020-09-11T15:42:53.793+0000][1][safepoint    ] Safepoint "GenCollectForAllocation", Time since last: 522057781 ns, Reaching safepoint: 591051 ns, At safepoint: 25585142 ns, Total: 26176193 ns
[2020-09-11T15:42:54.801+0000][1][safepoint    ] Safepoint "Cleanup", Time since last: 1007812840 ns, Reaching safepoint: 204857 ns, At safepoint: 18690 ns, Total: 223547 ns
[2020-09-11T15:42:55.801+0000][1][safepoint    ] Safepoint "Cleanup", Time since last: 1000229351 ns, Reaching safepoint: 123803 ns, At safepoint: 7032 ns, Total: 130835 ns
[2020-09-11T15:42:56.802+0000][1][safepoint    ] Safepoint "Cleanup", Time since last: 1000686398 ns, Reaching safepoint: 101330 ns, At safepoint: 9849 ns, Total: 111179 ns
[2020-09-11T15:42:57.802+0000][1][safepoint    ] Safepoint "Cleanup", Time since last: 1000191609 ns, Reaching safepoint: 113692 ns, At safepoint: 7803 ns, Total: 121495 ns
[2020-09-11T15:42:58.803+0000][1][safepoint    ] Safepoint "Cleanup", Time since last: 1000185454 ns, Reaching safepoint: 162199 ns, At safepoint: 18145 ns, Total: 180344 ns
[2020-09-11T15:42:59.803+0000][1][safepoint    ] Safepoint "Cleanup", Time since last: 1000279950 ns, Reaching safepoint: 109912 ns, At safepoint: 7629 ns, Total: 117541 ns
[2020-09-11T15:43:00.803+0000][1][safepoint    ] Safepoint "Cleanup", Time since last: 1000189365 ns, Reaching safepoint: 171361 ns, At safepoint: 18325 ns, Total: 189686 ns
[2020-09-11T15:43:01.804+0000][1][safepoint    ] Safepoint "Cleanup", Time since last: 1000224462 ns, Reaching safepoint: 178450 ns, At safepoint: 20096 ns, Total: 198546 ns
[2020-09-11T15:43:02.804+0000][1][safepoint    ] Safepoint "Cleanup", Time since last: 1000237176 ns, Reaching safepoint: 171998 ns, At safepoint: 20116 ns, Total: 192114 ns
[2020-09-11T15:43:03.277+0000][1][safepoint    ] Safepoint "RevokeBias", Time since last: 472024641 ns, Reaching safepoint: 184621 ns, At safepoint: 49133 ns, Total: 233754 ns
[2020-09-11T15:43:04.277+0000][1][safepoint    ] Safepoint "Cleanup", Time since last: 1000235939 ns, Reaching safepoint: 101687 ns, At safepoint: 7122 ns, Total: 108809 ns
[2020-09-11T15:43:05.277+0000][1][safepoint    ] Safepoint "Cleanup", Time since last: 1000177509 ns, Reaching safepoint: 108786 ns, At safepoint: 7346 ns, Total: 116132 ns
[2020-09-11T15:43:06.277+0000][1][safepoint    ] Safepoint "Cleanup", Time since last: 1000149116 ns, Reaching safepoint: 142260 ns, At safepoint: 6687 ns, Total: 148947 ns
[2020-09-11T15:43:07.278+0000][1][safepoint    ] Safepoint "Cleanup", Time since last: 1000169080 ns, Reaching safepoint: 113280 ns, At safepoint: 7110 ns, Total: 120390 ns
[2020-09-11T15:43:08.278+0000][1][safepoint    ] Safepoint "Cleanup", Time since last: 1000136118 ns, Reaching safepoint: 154425 ns, At safepoint: 14630 ns, Total: 169055 ns
[2020-09-11T15:43:09.647+0000][1][safepoint    ] Safepoint "Cleanup", Time since last: 1368365107 ns, Reaching safepoint: 168950 ns, At safepoint: 732083 ns, Total: 901033 ns
[2020-09-11T15:43:10.648+0000][1][safepoint    ] Safepoint "Cleanup", Time since last: 1000341995 ns, Reaching safepoint: 92497 ns, At safepoint: 7350 ns, Total: 99847 ns
[2020-09-11T15:43:11.648+0000][1][safepoint    ] Safepoint "Cleanup", Time since last: 1000131082 ns, Reaching safepoint: 367127 ns, At safepoint: 22919 ns, Total: 390046 ns
[2020-09-11T15:43:12.649+0000][1][safepoint    ] Safepoint "Cleanup", Time since last: 1000214886 ns, Reaching safepoint: 119632 ns, At safepoint: 9449 ns, Total: 129081 ns
[2020-09-11T15:43:13.212+0000][1][safepoint    ] Safepoint "RevokeBias", Time since last: 563026249 ns, Reaching safepoint: 91380 ns, At safepoint: 21836 ns, Total: 113216 ns
[2020-09-11T15:43:14.212+0000][1][safepoint    ] Safepoint "Cleanup", Time since last: 1000138941 ns, Reaching safepoint: 133697 ns, At safepoint: 8915 ns, Total: 142612 ns
[2020-09-11T15:43:15.212+0000][1][safepoint    ] Safepoint "Cleanup", Time since last: 1000206999 ns, Reaching safepoint: 172680 ns, At safepoint: 20046 ns, Total: 192726 ns
[2020-09-11T15:43:18.213+0000][1][safepoint    ] Safepoint "Cleanup", Time since last: 3000510580 ns, Reaching safepoint: 115964 ns, At safepoint: 7051 ns, Total: 123015 ns
[2020-09-11T15:43:20.214+0000][1][safepoint    ] Safepoint "Cleanup", Time since last: 2000286947 ns, Reaching safepoint: 166673 ns, At safepoint: 17296 ns, Total: 183969 ns
[2020-09-11T15:43:22.214+0000][1][safepoint    ] Safepoint "Cleanup", Time since last: 2000387013 ns, Reaching safepoint: 160722 ns, At safepoint: 18346 ns, Total: 179068 ns
[2020-09-11T15:43:23.215+0000][1][safepoint    ] Safepoint "Cleanup", Time since last: 1000210436 ns, Reaching safepoint: 165086 ns, At safepoint: 7563 ns, Total: 172649 ns
[2020-09-11T15:43:23.258+0000][1][safepoint    ] Safepoint "RevokeBias", Time since last: 43563156 ns, Reaching safepoint: 94947 ns, At safepoint: 23750 ns, Total: 118697 ns
[2020-09-11T15:43:24.006+0000][1][gc,start     ] GC(79) Pause Young (Allocation Failure)
[2020-09-11T15:43:24.006+0000][1][gc,task      ] GC(79) Using 1 workers of 1 for evacuation
[2020-09-11T15:43:24.029+0000][1][gc,age       ] GC(79) Desired survivor size 4358144 bytes, new threshold 6 (max threshold 6)
[2020-09-11T15:43:24.029+0000][1][gc,age       ] GC(79) Age table with threshold 6 (max threshold 6)
[2020-09-11T15:43:24.029+0000][1][gc,age       ] GC(79) - age   1:      48672 bytes,      48672 total
[2020-09-11T15:43:24.029+0000][1][gc,age       ] GC(79) - age   2:      10624 bytes,      59296 total
[2020-09-11T15:43:24.029+0000][1][gc,age       ] GC(79) - age   3:       8720 bytes,      68016 total
[2020-09-11T15:43:24.029+0000][1][gc,age       ] GC(79) - age   4:      88376 bytes,     156392 total
[2020-09-11T15:43:24.029+0000][1][gc,age       ] GC(79) - age   5:     121008 bytes,     277400 total
[2020-09-11T15:43:24.029+0000][1][gc,age       ] GC(79) - age   6:      42160 bytes,     319560 total
[2020-09-11T15:43:24.029+0000][1][gc,heap      ] GC(79) ParNew: 72163K->3625K(76672K)
[2020-09-11T15:43:24.029+0000][1][gc,heap      ] GC(79) CMS: 71377K->74578K(439104K)
[2020-09-11T15:43:24.029+0000][1][gc,metaspace ] GC(79) Metaspace: 89316K->89316K(1130496K)
[2020-09-11T15:43:24.029+0000][1][gc           ] GC(79) Pause Young (Allocation Failure) 140M->76M(503M) 23.038ms
[2020-09-11T15:43:24.029+0000][1][gc,cpu       ] GC(79) User=0.01s Sys=0.00s Real=0.02s
[2020-09-11T15:43:24.029+0000][1][safepoint    ] Safepoint "GenCollectForAllocation", Time since last: 747988071 ns, Reaching safepoint: 168277 ns, At safepoint: 23105490 ns, Total: 23273767 ns
[2020-09-11T15:43:25.037+0000][1][safepoint    ] Safepoint "Cleanup", Time since last: 1007446603 ns, Reaching safepoint: 170655 ns, At safepoint: 19789 ns, Total: 190444 ns
[2020-09-11T15:43:26.037+0000][1][safepoint    ] Safepoint "Cleanup", Time since last: 1000195831 ns, Reaching safepoint: 114312 ns, At safepoint: 6282 ns, Total: 120594 ns
[2020-09-11T15:43:27.038+0000][1][safepoint    ] Safepoint "Cleanup", Time since last: 1000174155 ns, Reaching safepoint: 153810 ns, At safepoint: 17777 ns, Total: 171587 ns
[2020-09-11T15:43:28.038+0000][1][safepoint    ] Safepoint "Cleanup", Time since last: 1000214014 ns, Reaching safepoint: 110232 ns, At safepoint: 6731 ns, Total: 116963 ns
[2020-09-11T15:43:29.038+0000][1][safepoint    ] Safepoint "Cleanup", Time since last: 1000103310 ns, Reaching safepoint: 77070 ns, At safepoint: 6370 ns, Total: 83440 ns
[2020-09-11T15:43:30.039+0000][1][safepoint    ] Safepoint "Cleanup", Time since last: 1000164783 ns, Reaching safepoint: 177978 ns, At safepoint: 17881 ns, Total: 195859 ns
[2020-09-11T15:43:31.039+0000][1][safepoint    ] Safepoint "Cleanup", Time since last: 1000220551 ns, Reaching safepoint: 113710 ns, At safepoint: 9329 ns, Total: 123039 ns
[2020-09-11T15:43:32.039+0000][1][safepoint    ] Safepoint "Cleanup", Time since last: 1000112116 ns, Reaching safepoint: 87213 ns, At safepoint: 6915 ns, Total: 94128 ns
[2020-09-11T15:43:33.039+0000][1][safepoint    ] Safepoint "Cleanup", Time since last: 1000190410 ns, Reaching safepoint: 105103 ns, At safepoint: 8066 ns, Total: 113169 ns
[2020-09-11T15:43:33.224+0000][1][safepoint    ] Safepoint "RevokeBias", Time since last: 184005630 ns, Reaching safepoint: 735967 ns, At safepoint: 23589 ns, Total: 759556 ns
[2020-09-11T15:43:34.225+0000][1][safepoint    ] Safepoint "Cleanup", Time since last: 1000168922 ns, Reaching safepoint: 154151 ns, At safepoint: 17286 ns, Total: 171437 ns
[2020-09-11T15:43:35.225+0000][1][safepoint    ] Safepoint "Cleanup", Time since last: 1000272755 ns, Reaching safepoint: 92658 ns, At safepoint: 7704 ns, Total: 100362 ns
[2020-09-11T15:43:36.225+0000][1][safepoint    ] Safepoint "Cleanup", Time since last: 1000178202 ns, Reaching safepoint: 147973 ns, At safepoint: 17313 ns, Total: 165286 ns
[2020-09-11T15:43:37.226+0000][1][safepoint    ] Safepoint "Cleanup", Time since last: 1000223457 ns, Reaching safepoint: 116253 ns, At safepoint: 9380 ns, Total: 125633 ns
[2020-09-11T15:43:38.226+0000][1][safepoint    ] Safepoint "Cleanup", Time since last: 1000179061 ns, Reaching safepoint: 115812 ns, At safepoint: 8554 ns, Total: 124366 ns
[2020-09-11T15:43:39.226+0000][1][safepoint    ] Safepoint "Cleanup", Time since last: 1000181154 ns, Reaching safepoint: 198940 ns, At safepoint: 20591 ns, Total: 219531 ns
[2020-09-11T15:43:40.227+0000][1][safepoint    ] Safepoint "Cleanup", Time since last: 1000225947 ns, Reaching safepoint: 173375 ns, At safepoint: 18375 ns, Total: 191750 ns
[2020-09-11T15:43:41.227+0000][1][safepoint    ] Safepoint "Cleanup", Time since last: 1000236582 ns, Reaching safepoint: 179449 ns, At safepoint: 26347 ns, Total: 205796 ns
[2020-09-11T15:43:42.228+0000][1][safepoint    ] Safepoint "Cleanup", Time since last: 1000216871 ns, Reaching safepoint: 117986 ns, At safepoint: 9282 ns, Total: 127268 ns
[2020-09-11T15:43:43.220+0000][1][safepoint    ] Safepoint "RevokeBias", Time since last: 992146821 ns, Reaching safepoint: 236189 ns, At safepoint: 28139 ns, Total: 264328 ns
[2020-09-11T15:43:44.220+0000][1][safepoint    ] Safepoint "Cleanup", Time since last: 1000143328 ns, Reaching safepoint: 129748 ns, At safepoint: 9310 ns, Total: 139058 ns
[2020-09-11T15:43:45.221+0000][1][safepoint    ] Safepoint "Cleanup", Time since last: 1000140813 ns, Reaching safepoint: 128608 ns, At safepoint: 9772 ns, Total: 138380 ns
[2020-09-11T15:43:46.221+0000][1][safepoint    ] Safepoint "Cleanup", Time since last: 1000224674 ns, Reaching safepoint: 100471 ns, At safepoint: 6556 ns, Total: 107027 ns
[2020-09-11T15:43:47.221+0000][1][safepoint    ] Safepoint "Cleanup", Time since last: 1000121911 ns, Reaching safepoint: 97955 ns, At safepoint: 10959 ns, Total: 108914 ns
[2020-09-11T15:43:48.221+0000][1][safepoint    ] Safepoint "Cleanup", Time since last: 1000176257 ns, Reaching safepoint: 156934 ns, At safepoint: 17660 ns, Total: 174594 ns
[2020-09-11T15:43:49.222+0000][1][safepoint    ] Safepoint "Cleanup", Time since last: 1000212563 ns, Reaching safepoint: 159927 ns, At safepoint: 17628 ns, Total: 177555 ns
[2020-09-11T15:43:50.222+0000][1][safepoint    ] Safepoint "Cleanup", Time since last: 1000186117 ns, Reaching safepoint: 91558 ns, At safepoint: 9113 ns, Total: 100671 ns
[2020-09-11T15:43:51.222+0000][1][safepoint    ] Safepoint "Cleanup", Time since last: 1000135325 ns, Reaching safepoint: 168179 ns, At safepoint: 17908 ns, Total: 186087 ns
[2020-09-11T15:43:52.223+0000][1][safepoint    ] Safepoint "Cleanup", Time since last: 1000217317 ns, Reaching safepoint: 173943 ns, At safepoint: 20935 ns, Total: 194878 ns
[2020-09-11T15:43:53.223+0000][1][safepoint    ] Safepoint "Cleanup", Time since last: 1000195459 ns, Reaching safepoint: 135036 ns, At safepoint: 9246 ns, Total: 144282 ns
[2020-09-11T15:43:53.288+0000][1][safepoint    ] Safepoint "RevokeBias", Time since last: 64710790 ns, Reaching safepoint: 90901 ns, At safepoint: 22507 ns, Total: 113408 ns
[2020-09-11T15:43:54.080+0000][1][gc,start     ] GC(80) Pause Young (Allocation Failure)
[2020-09-11T15:43:54.080+0000][1][gc,task      ] GC(80) Using 1 workers of 1 for evacuation
[2020-09-11T15:43:54.086+0000][1][gc,age       ] GC(80) Desired survivor size 4358144 bytes, new threshold 6 (max threshold 6)
[2020-09-11T15:43:54.086+0000][1][gc,age       ] GC(80) Age table with threshold 6 (max threshold 6)
[2020-09-11T15:43:54.086+0000][1][gc,age       ] GC(80) - age   1:      48160 bytes,      48160 total
[2020-09-11T15:43:54.086+0000][1][gc,age       ] GC(80) - age   2:      13224 bytes,      61384 total
[2020-09-11T15:43:54.086+0000][1][gc,age       ] GC(80) - age   3:       6192 bytes,      67576 total
[2020-09-11T15:43:54.086+0000][1][gc,age       ] GC(80) - age   4:       7480 bytes,      75056 total
[2020-09-11T15:43:54.086+0000][1][gc,age       ] GC(80) - age   5:      88080 bytes,     163136 total
[2020-09-11T15:43:54.086+0000][1][gc,age       ] GC(80) - age   6:     121008 bytes,     284144 total
[2020-09-11T15:43:54.086+0000][1][gc,heap      ] GC(80) ParNew: 71785K->964K(76672K)
[2020-09-11T15:43:54.086+0000][1][gc,heap      ] GC(80) CMS: 74578K->74618K(439104K)
[2020-09-11T15:43:54.086+0000][1][gc,metaspace ] GC(80) Metaspace: 89420K->89420K(1132544K)
[2020-09-11T15:43:54.086+0000][1][gc           ] GC(80) Pause Young (Allocation Failure) 142M->73M(503M) 5.880ms
[2020-09-11T15:43:54.086+0000][1][gc,cpu       ] GC(80) User=0.01s Sys=0.00s Real=0.01s
[2020-09-11T15:43:54.086+0000][1][safepoint    ] Safepoint "GenCollectForAllocation", Time since last: 791575945 ns, Reaching safepoint: 211192 ns, At safepoint: 5948398 ns, Total: 6159590 ns
[2020-09-11T15:43:55.087+0000][1][safepoint    ] Safepoint "Cleanup", Time since last: 1001408389 ns, Reaching safepoint: 86445 ns, At safepoint: 19038 ns, Total: 105483 ns
[2020-09-11T15:43:57.088+0000][1][safepoint    ] Safepoint "Cleanup", Time since last: 2000886872 ns, Reaching safepoint: 225892 ns, At safepoint: 18152 ns, Total: 244044 ns
[2020-09-11T15:43:59.089+0000][1][safepoint    ] Safepoint "Cleanup", Time since last: 2000276251 ns, Reaching safepoint: 565195 ns, At safepoint: 20170 ns, Total: 585365 ns
[2020-09-11T15:44:00.090+0000][1][safepoint    ] Safepoint "Cleanup", Time since last: 1000207881 ns, Reaching safepoint: 178152 ns, At safepoint: 20150 ns, Total: 198302 ns
[2020-09-11T15:44:01.090+0000][1][safepoint    ] Safepoint "Cleanup", Time since last: 1000222036 ns, Reaching safepoint: 165420 ns, At safepoint: 20153 ns, Total: 185573 ns
[2020-09-11T15:44:02.091+0000][1][safepoint    ] Safepoint "Cleanup", Time since last: 1000236632 ns, Reaching safepoint: 174444 ns, At safepoint: 18883 ns, Total: 193327 ns
[2020-09-11T15:44:03.091+0000][1][safepoint    ] Safepoint "Cleanup", Time since last: 1000188838 ns, Reaching safepoint: 180384 ns, At safepoint: 20307 ns, Total: 200691 ns
[2020-09-11T15:44:03.252+0000][1][safepoint    ] Safepoint "RevokeBias", Time since last: 160943692 ns, Reaching safepoint: 100912 ns, At safepoint: 26347 ns, Total: 127259 ns
[2020-09-11T15:44:04.252+0000][1][safepoint    ] Safepoint "Cleanup", Time since last: 1000180439 ns, Reaching safepoint: 163646 ns, At safepoint: 17911 ns, Total: 181557 ns
[2020-09-11T15:44:05.253+0000][1][safepoint    ] Safepoint "Cleanup", Time since last: 1000292411 ns, Reaching safepoint: 86796 ns, At safepoint: 7239 ns, Total: 94035 ns
[2020-09-11T15:44:09.253+0000][1][safepoint    ] Safepoint "Cleanup", Time since last: 4000474759 ns, Reaching safepoint: 131032 ns, At safepoint: 8796 ns, Total: 139828 ns
[2020-09-11T15:44:10.254+0000][1][safepoint    ] Safepoint "Cleanup", Time since last: 1000154027 ns, Reaching safepoint: 151041 ns, At safepoint: 10791 ns, Total: 161832 ns
[2020-09-11T15:44:11.254+0000][1][safepoint    ] Safepoint "Cleanup", Time since last: 1000196070 ns, Reaching safepoint: 115987 ns, At safepoint: 9913 ns, Total: 125900 ns
[2020-09-11T15:44:12.254+0000][1][safepoint    ] Safepoint "Cleanup", Time since last: 1000186347 ns, Reaching safepoint: 170539 ns, At safepoint: 18509 ns, Total: 189048 ns
[2020-09-11T15:44:13.224+0000][1][safepoint    ] Safepoint "RevokeBias", Time since last: 969539934 ns, Reaching safepoint: 109665 ns, At safepoint: 23658 ns, Total: 133323 ns
[2020-09-11T15:44:14.224+0000][1][safepoint    ] Safepoint "Cleanup", Time since last: 1000153146 ns, Reaching safepoint: 133484 ns, At safepoint: 8608 ns, Total: 142092 ns
[2020-09-11T15:44:15.225+0000][1][safepoint    ] Safepoint "Cleanup", Time since last: 1000109062 ns, Reaching safepoint: 100027 ns, At safepoint: 8809 ns, Total: 108836 ns
[2020-09-11T15:44:16.225+0000][1][safepoint    ] Safepoint "Cleanup", Time since last: 1000174424 ns, Reaching safepoint: 391729 ns, At safepoint: 21433 ns, Total: 413162 ns
[2020-09-11T15:44:17.226+0000][1][safepoint    ] Safepoint "Cleanup", Time since last: 1000253379 ns, Reaching safepoint: 144667 ns, At safepoint: 8810 ns, Total: 153477 ns
[2020-09-11T15:44:18.226+0000][1][safepoint    ] Safepoint "Cleanup", Time since last: 1000160164 ns, Reaching safepoint: 119292 ns, At safepoint: 8687 ns, Total: 127979 ns
[2020-09-11T15:44:19.226+0000][1][safepoint    ] Safepoint "Cleanup", Time since last: 1000184760 ns, Reaching safepoint: 106238 ns, At safepoint: 9041 ns, Total: 115279 ns
[2020-09-11T15:44:20.226+0000][1][safepoint    ] Safepoint "Cleanup", Time since last: 1000142238 ns, Reaching safepoint: 134717 ns, At safepoint: 9224 ns, Total: 143941 ns
[2020-09-11T15:44:21.227+0000][1][safepoint    ] Safepoint "Cleanup", Time since last: 1000148553 ns, Reaching safepoint: 152227 ns, At safepoint: 17944 ns, Total: 170171 ns
[2020-09-11T15:44:22.227+0000][1][safepoint    ] Safepoint "Cleanup", Time since last: 1000220619 ns, Reaching safepoint: 171684 ns, At safepoint: 19706 ns, Total: 191390 ns
[2020-09-11T15:44:23.228+0000][1][safepoint    ] Safepoint "Cleanup", Time since last: 1000192678 ns, Reaching safepoint: 153853 ns, At safepoint: 17115 ns, Total: 170968 ns
[2020-09-11T15:44:23.242+0000][1][safepoint    ] Safepoint "RevokeBias", Time since last: 14024351 ns, Reaching safepoint: 120250 ns, At safepoint: 31156 ns, Total: 151406 ns
[2020-09-11T15:44:24.122+0000][1][gc,start     ] GC(81) Pause Young (Allocation Failure)
[2020-09-11T15:44:24.122+0000][1][gc,task      ] GC(81) Using 1 workers of 1 for evacuation
[2020-09-11T15:44:24.129+0000][1][gc,age       ] GC(81) Desired survivor size 4358144 bytes, new threshold 6 (max threshold 6)
[2020-09-11T15:44:24.129+0000][1][gc,age       ] GC(81) Age table with threshold 6 (max threshold 6)
[2020-09-11T15:44:24.129+0000][1][gc,age       ] GC(81) - age   1:      49704 bytes,      49704 total
[2020-09-11T15:44:24.129+0000][1][gc,age       ] GC(81) - age   2:      12816 bytes,      62520 total
[2020-09-11T15:44:24.129+0000][1][gc,age       ] GC(81) - age   3:       6312 bytes,      68832 total
[2020-09-11T15:44:24.129+0000][1][gc,age       ] GC(81) - age   4:       4952 bytes,      73784 total
[2020-09-11T15:44:24.129+0000][1][gc,age       ] GC(81) - age   5:       7480 bytes,      81264 total
[2020-09-11T15:44:24.129+0000][1][gc,age       ] GC(81) - age   6:      88080 bytes,     169344 total
[2020-09-11T15:44:24.129+0000][1][gc,heap      ] GC(81) ParNew: 69124K->310K(76672K)
[2020-09-11T15:44:24.129+0000][1][gc,heap      ] GC(81) CMS: 74618K->74738K(439104K)
[2020-09-11T15:44:24.129+0000][1][gc,metaspace ] GC(81) Metaspace: 89555K->89555K(1132544K)
[2020-09-11T15:44:24.129+0000][1][gc           ] GC(81) Pause Young (Allocation Failure) 140M->73M(503M) 7.532ms
[2020-09-11T15:44:24.129+0000][1][gc,cpu       ] GC(81) User=0.01s Sys=0.00s Real=0.00s
[2020-09-11T15:44:24.129+0000][1][safepoint    ] Safepoint "GenCollectForAllocation", Time since last: 879561103 ns, Reaching safepoint: 282712 ns, At safepoint: 7608308 ns, Total: 7891020 ns
[2020-09-11T15:44:25.133+0000][1][safepoint    ] Safepoint "Cleanup", Time since last: 1003756025 ns, Reaching safepoint: 187166 ns, At safepoint: 50560 ns, Total: 237726 ns
[2020-09-11T15:44:26.133+0000][1][safepoint    ] Safepoint "Cleanup", Time since last: 1000214227 ns, Reaching safepoint: 117376 ns, At safepoint: 9510 ns, Total: 126886 ns
[2020-09-11T15:44:27.134+0000][1][safepoint    ] Safepoint "Cleanup", Time since last: 1000141222 ns, Reaching safepoint: 135604 ns, At safepoint: 9086 ns, Total: 144690 ns
[2020-09-11T15:44:28.134+0000][1][safepoint    ] Safepoint "Cleanup", Time since last: 1000131693 ns, Reaching safepoint: 128745 ns, At safepoint: 7872 ns, Total: 136617 ns
[2020-09-11T15:44:29.134+0000][1][safepoint    ] Safepoint "Cleanup", Time since last: 1000133382 ns, Reaching safepoint: 162339 ns, At safepoint: 19675 ns, Total: 182014 ns
[2020-09-11T15:44:30.135+0000][1][safepoint    ] Safepoint "Cleanup", Time since last: 1000217673 ns, Reaching safepoint: 170925 ns, At safepoint: 19973 ns, Total: 190898 ns
[2020-09-11T15:44:31.135+0000][1][safepoint    ] Safepoint "Cleanup", Time since last: 1000256561 ns, Reaching safepoint: 169539 ns, At safepoint: 21997 ns, Total: 191536 ns
[2020-09-11T15:44:32.135+0000][1][safepoint    ] Safepoint "Cleanup", Time since last: 1000145718 ns, Reaching safepoint: 86781 ns, At safepoint: 5859 ns, Total: 92640 ns
[2020-09-11T15:44:33.136+0000][1][safepoint    ] Safepoint "Cleanup", Time since last: 1000179669 ns, Reaching safepoint: 171808 ns, At safepoint: 19949 ns, Total: 191757 ns
[2020-09-11T15:44:33.243+0000][1][safepoint    ] Safepoint "RevokeBias", Time since last: 106902908 ns, Reaching safepoint: 175112 ns, At safepoint: 51385 ns, Total: 226497 ns
[2020-09-11T15:44:34.243+0000][1][safepoint    ] Safepoint "Cleanup", Time since last: 1000174359 ns, Reaching safepoint: 160448 ns, At safepoint: 19732 ns, Total: 180180 ns
[2020-09-11T15:44:35.244+0000][1][safepoint    ] Safepoint "Cleanup", Time since last: 1000184826 ns, Reaching safepoint: 126787 ns, At safepoint: 9040 ns, Total: 135827 ns
[2020-09-11T15:44:36.244+0000][1][safepoint    ] Safepoint "Cleanup", Time since last: 1000139122 ns, Reaching safepoint: 150241 ns, At safepoint: 17009 ns, Total: 167250 ns
[2020-09-11T15:44:37.244+0000][1][safepoint    ] Safepoint "Cleanup", Time since last: 1000211223 ns, Reaching safepoint: 113849 ns, At safepoint: 8247 ns, Total: 122096 ns
[2020-09-11T15:44:38.245+0000][1][safepoint    ] Safepoint "Cleanup", Time since last: 1000142566 ns, Reaching safepoint: 131446 ns, At safepoint: 7969 ns, Total: 139415 ns
[2020-09-11T15:44:39.245+0000][1][safepoint    ] Safepoint "Cleanup", Time since last: 1000176737 ns, Reaching safepoint: 217586 ns, At safepoint: 20677 ns, Total: 238263 ns
[2020-09-11T15:44:40.245+0000][1][safepoint    ] Safepoint "Cleanup", Time since last: 1000204319 ns, Reaching safepoint: 118057 ns, At safepoint: 9926 ns, Total: 127983 ns
[2020-09-11T15:44:41.246+0000][1][safepoint    ] Safepoint "Cleanup", Time since last: 1000177962 ns, Reaching safepoint: 152978 ns, At safepoint: 23106 ns, Total: 176084 ns
[2020-09-11T15:44:42.246+0000][1][safepoint    ] Safepoint "Cleanup", Time since last: 1000189868 ns, Reaching safepoint: 164184 ns, At safepoint: 17921 ns, Total: 182105 ns
[2020-09-11T15:44:43.250+0000][1][safepoint    ] Safepoint "Cleanup", Time since last: 1004263213 ns, Reaching safepoint: 182144 ns, At safepoint: 16685 ns, Total: 198829 ns
[2020-09-11T15:44:43.255+0000][1][safepoint    ] Safepoint "RevokeBias", Time since last: 4596369 ns, Reaching safepoint: 159150 ns, At safepoint: 22495 ns, Total: 181645 ns
[2020-09-11T15:44:44.256+0000][1][safepoint    ] Safepoint "Cleanup", Time since last: 1000168015 ns, Reaching safepoint: 153602 ns, At safepoint: 17086 ns, Total: 170688 ns
[2020-09-11T15:44:45.256+0000][1][safepoint    ] Safepoint "Cleanup", Time since last: 1000218688 ns, Reaching safepoint: 160201 ns, At safepoint: 17544 ns, Total: 177745 ns
[2020-09-11T15:44:46.256+0000][1][safepoint    ] Safepoint "Cleanup", Time since last: 1000232476 ns, Reaching safepoint: 144970 ns, At safepoint: 16835 ns, Total: 161805 ns
[2020-09-11T15:44:47.257+0000][1][safepoint    ] Safepoint "Cleanup", Time since last: 1000246715 ns, Reaching safepoint: 99875 ns, At safepoint: 7634 ns, Total: 107509 ns
[2020-09-11T15:44:48.257+0000][1][safepoint    ] Safepoint "Cleanup", Time since last: 1000150211 ns, Reaching safepoint: 77031 ns, At safepoint: 6232 ns, Total: 83263 ns
[2020-09-11T15:44:49.257+0000][1][safepoint    ] Safepoint "Cleanup", Time since last: 1000172622 ns, Reaching safepoint: 97764 ns, At safepoint: 6853 ns, Total: 104617 ns
[2020-09-11T15:44:50.258+0000][1][safepoint    ] Safepoint "Cleanup", Time since last: 1000172852 ns, Reaching safepoint: 160946 ns, At safepoint: 20032 ns, Total: 180978 ns
[2020-09-11T15:44:51.258+0000][1][safepoint    ] Safepoint "Cleanup", Time since last: 1000171761 ns, Reaching safepoint: 152256 ns, At safepoint: 17831 ns, Total: 170087 ns
[2020-09-11T15:44:52.258+0000][1][safepoint    ] Safepoint "Cleanup", Time since last: 1000236411 ns, Reaching safepoint: 129417 ns, At safepoint: 9094 ns, Total: 138511 ns
[2020-09-11T15:44:53.225+0000][1][safepoint    ] Safepoint "RevokeBias", Time since last: 966289188 ns, Reaching safepoint: 369189 ns, At safepoint: 27207 ns, Total: 396396 ns
[2020-09-11T15:44:54.192+0000][1][gc,start     ] GC(82) Pause Young (Allocation Failure)
[2020-09-11T15:44:54.192+0000][1][gc,task      ] GC(82) Using 1 workers of 1 for evacuation
[2020-09-11T15:44:54.199+0000][1][gc,age       ] GC(82) Desired survivor size 4358144 bytes, new threshold 6 (max threshold 6)
[2020-09-11T15:44:54.199+0000][1][gc,age       ] GC(82) Age table with threshold 6 (max threshold 6)
[2020-09-11T15:44:54.199+0000][1][gc,age       ] GC(82) - age   1:      50704 bytes,      50704 total
[2020-09-11T15:44:54.199+0000][1][gc,age       ] GC(82) - age   2:      12288 bytes,      62992 total
[2020-09-11T15:44:54.199+0000][1][gc,age       ] GC(82) - age   3:       6960 bytes,      69952 total
[2020-09-11T15:44:54.199+0000][1][gc,age       ] GC(82) - age   4:       5072 bytes,      75024 total
[2020-09-11T15:44:54.199+0000][1][gc,age       ] GC(82) - age   5:       4952 bytes,      79976 total
[2020-09-11T15:44:54.199+0000][1][gc,age       ] GC(82) - age   6:       7184 bytes,      87160 total
[2020-09-11T15:44:54.199+0000][1][gc,heap      ] GC(82) ParNew: 68470K->139K(76672K)
[2020-09-11T15:44:54.199+0000][1][gc,heap      ] GC(82) CMS: 74738K->74826K(439104K)
[2020-09-11T15:44:54.199+0000][1][gc,metaspace ] GC(82) Metaspace: 89652K->89652K(1132544K)
[2020-09-11T15:44:54.199+0000][1][gc           ] GC(82) Pause Young (Allocation Failure) 139M->73M(503M) 7.099ms
[2020-09-11T15:44:54.199+0000][1][gc,cpu       ] GC(82) User=0.00s Sys=0.00s Real=0.01s
[2020-09-11T15:44:54.199+0000][1][safepoint    ] Safepoint "GenCollectForAllocation", Time since last: 966854973 ns, Reaching safepoint: 264220 ns, At safepoint: 7177882 ns, Total: 7442102 ns
[2020-09-11T15:44:55.203+0000][1][safepoint    ] Safepoint "Cleanup", Time since last: 1003501852 ns, Reaching safepoint: 79905 ns, At safepoint: 17810 ns, Total: 97715 ns
[2020-09-11T15:44:56.203+0000][1][safepoint    ] Safepoint "Cleanup", Time since last: 1000109101 ns, Reaching safepoint: 194872 ns, At safepoint: 15751 ns, Total: 210623 ns
[2020-09-11T15:44:57.204+0000][1][safepoint    ] Safepoint "Cleanup", Time since last: 1000144289 ns, Reaching safepoint: 133957 ns, At safepoint: 8699 ns, Total: 142656 ns
[2020-09-11T15:44:58.204+0000][1][safepoint    ] Safepoint "Cleanup", Time since last: 1000153899 ns, Reaching safepoint: 255263 ns, At safepoint: 20995 ns, Total: 276258 ns
[2020-09-11T15:44:59.205+0000][1][safepoint    ] Safepoint "Cleanup", Time since last: 1000175096 ns, Reaching safepoint: 377529 ns, At safepoint: 22352 ns, Total: 399881 ns
[2020-09-11T15:45:00.205+0000][1][safepoint    ] Safepoint "Cleanup", Time since last: 1000163744 ns, Reaching safepoint: 113435 ns, At safepoint: 8989 ns, Total: 122424 ns
[2020-09-11T15:45:00.888+0000][1][safepoint    ] Safepoint "RevokeBias", Time since last: 683034266 ns, Reaching safepoint: 205946 ns, At safepoint: 48255 ns, Total: 254201 ns
[2020-09-11T15:45:01.889+0000][1][safepoint    ] Safepoint "Cleanup", Time since last: 1000547693 ns, Reaching safepoint: 216131 ns, At safepoint: 8622 ns, Total: 224753 ns
[2020-09-11T15:45:02.889+0000][1][safepoint    ] Safepoint "Cleanup", Time since last: 1000160511 ns, Reaching safepoint: 166916 ns, At safepoint: 19655 ns, Total: 186571 ns
[2020-09-11T15:45:03.222+0000][1][safepoint    ] Safepoint "RevokeBias", Time since last: 332911765 ns, Reaching safepoint: 199333 ns, At safepoint: 22294 ns, Total: 221627 ns
[2020-09-11T15:45:04.223+0000][1][safepoint    ] Safepoint "Cleanup", Time since last: 1000127744 ns, Reaching safepoint: 226323 ns, At safepoint: 20640 ns, Total: 246963 ns
[2020-09-11T15:45:05.223+0000][1][safepoint    ] Safepoint "Cleanup", Time since last: 1000221749 ns, Reaching safepoint: 159592 ns, At safepoint: 22362 ns, Total: 181954 ns
[2020-09-11T15:45:06.224+0000][1][safepoint    ] Safepoint "Cleanup", Time since last: 1000260431 ns, Reaching safepoint: 160585 ns, At safepoint: 21068 ns, Total: 181653 ns
[2020-09-11T15:45:07.224+0000][1][safepoint    ] Safepoint "Cleanup", Time since last: 1000184929 ns, Reaching safepoint: 168563 ns, At safepoint: 19365 ns, Total: 187928 ns
[2020-09-11T15:45:08.224+0000][1][safepoint    ] Safepoint "Cleanup", Time since last: 1000213708 ns, Reaching safepoint: 168530 ns, At safepoint: 18432 ns, Total: 186962 ns
[2020-09-11T15:45:09.225+0000][1][safepoint    ] Safepoint "Cleanup", Time since last: 1000229857 ns, Reaching safepoint: 158898 ns, At safepoint: 44946 ns, Total: 203844 ns
[2020-09-11T15:45:10.265+0000][1][safepoint    ] Safepoint "Cleanup", Time since last: 1040223274 ns, Reaching safepoint: 178266 ns, At safepoint: 22619 ns, Total: 200885 ns
[2020-09-11T15:45:11.266+0000][1][safepoint    ] Safepoint "Cleanup", Time since last: 1000188439 ns, Reaching safepoint: 128800 ns, At safepoint: 10025 ns, Total: 138825 ns
[2020-09-11T15:45:12.266+0000][1][safepoint    ] Safepoint "Cleanup", Time since last: 1000117185 ns, Reaching safepoint: 145340 ns, At safepoint: 9297 ns, Total: 154637 ns
[2020-09-11T15:45:13.224+0000][1][safepoint    ] Safepoint "RevokeBias", Time since last: 958084702 ns, Reaching safepoint: 95341 ns, At safepoint: 23303 ns, Total: 118644 ns
[2020-09-11T15:45:14.224+0000][1][safepoint    ] Safepoint "Cleanup", Time since last: 1000173457 ns, Reaching safepoint: 183253 ns, At safepoint: 22716 ns, Total: 205969 ns
[2020-09-11T15:45:16.225+0000][1][safepoint    ] Safepoint "Cleanup", Time since last: 2000449545 ns, Reaching safepoint: 171233 ns, At safepoint: 27714 ns, Total: 198947 ns
[2020-09-11T15:45:18.226+0000][1][safepoint    ] Safepoint "Cleanup", Time since last: 2000364757 ns, Reaching safepoint: 110911 ns, At safepoint: 10191 ns, Total: 121102 ns
[2020-09-11T15:45:19.226+0000][1][safepoint    ] Safepoint "Cleanup", Time since last: 1000180329 ns, Reaching safepoint: 181714 ns, At safepoint: 38999 ns, Total: 220713 ns
[2020-09-11T15:45:22.227+0000][1][safepoint    ] Safepoint "Cleanup", Time since last: 3000459438 ns, Reaching safepoint: 172222 ns, At safepoint: 19502 ns, Total: 191724 ns
[2020-09-11T15:45:23.254+0000][1][safepoint    ] Safepoint "RevokeBias", Time since last: 1026976567 ns, Reaching safepoint: 271884 ns, At safepoint: 51875 ns, Total: 323759 ns
[2020-09-11T15:45:23.756+0000][1][gc,start     ] GC(83) Pause Young (Allocation Failure)
[2020-09-11T15:45:23.756+0000][1][gc,task      ] GC(83) Using 1 workers of 1 for evacuation
[2020-09-11T15:45:23.772+0000][1][gc,age       ] GC(83) Desired survivor size 4358144 bytes, new threshold 6 (max threshold 6)
[2020-09-11T15:45:23.772+0000][1][gc,age       ] GC(83) Age table with threshold 6 (max threshold 6)
[2020-09-11T15:45:23.772+0000][1][gc,age       ] GC(83) - age   1:      81848 bytes,      81848 total
[2020-09-11T15:45:23.772+0000][1][gc,age       ] GC(83) - age   2:      10120 bytes,      91968 total
[2020-09-11T15:45:23.772+0000][1][gc,age       ] GC(83) - age   3:       7200 bytes,      99168 total
[2020-09-11T15:45:23.772+0000][1][gc,age       ] GC(83) - age   4:       5720 bytes,     104888 total
[2020-09-11T15:45:23.772+0000][1][gc,age       ] GC(83) - age   5:       5072 bytes,     109960 total
[2020-09-11T15:45:23.772+0000][1][gc,age       ] GC(83) - age   6:       4952 bytes,     114912 total
[2020-09-11T15:45:23.772+0000][1][gc,heap      ] GC(83) ParNew: 68299K->197K(76672K)
[2020-09-11T15:45:23.772+0000][1][gc,heap      ] GC(83) CMS: 74826K->74833K(439104K)
[2020-09-11T15:45:23.772+0000][1][gc,metaspace ] GC(83) Metaspace: 89814K->89814K(1132544K)
[2020-09-11T15:45:23.772+0000][1][gc           ] GC(83) Pause Young (Allocation Failure) 139M->73M(503M) 15.711ms
[2020-09-11T15:45:23.772+0000][1][gc,cpu       ] GC(83) User=0.01s Sys=0.00s Real=0.01s
[2020-09-11T15:45:23.772+0000][1][safepoint    ] Safepoint "GenCollectForAllocation", Time since last: 502063010 ns, Reaching safepoint: 175583 ns, At safepoint: 15782719 ns, Total: 15958302 ns
[2020-09-11T15:45:24.782+0000][1][safepoint    ] Safepoint "Cleanup", Time since last: 1009800588 ns, Reaching safepoint: 103110 ns, At safepoint: 8526 ns, Total: 111636 ns
[2020-09-11T15:45:29.783+0000][1][safepoint    ] Safepoint "Cleanup", Time since last: 5000674651 ns, Reaching safepoint: 117542 ns, At safepoint: 9271 ns, Total: 126813 ns
[2020-09-11T15:45:30.783+0000][1][safepoint    ] Safepoint "Cleanup", Time since last: 1000201833 ns, Reaching safepoint: 174530 ns, At safepoint: 22946 ns, Total: 197476 ns
[2020-09-11T15:45:32.784+0000][1][safepoint    ] Safepoint "Cleanup", Time since last: 2000410866 ns, Reaching safepoint: 171537 ns, At safepoint: 19822 ns, Total: 191359 ns
[2020-09-11T15:45:33.215+0000][1][safepoint    ] Safepoint "RevokeBias", Time since last: 431226331 ns, Reaching safepoint: 94609 ns, At safepoint: 21920 ns, Total: 116529 ns
[2020-09-11T15:45:34.215+0000][1][safepoint    ] Safepoint "Cleanup", Time since last: 1000188430 ns, Reaching safepoint: 173061 ns, At safepoint: 22522 ns, Total: 195583 ns
[2020-09-11T15:45:35.216+0000][1][safepoint    ] Safepoint "Cleanup", Time since last: 1000236082 ns, Reaching safepoint: 105661 ns, At safepoint: 10742 ns, Total: 116403 ns
[2020-09-11T15:45:36.216+0000][1][safepoint    ] Safepoint "Cleanup", Time since last: 1000185674 ns, Reaching safepoint: 110959 ns, At safepoint: 11129 ns, Total: 122088 ns
[2020-09-11T15:45:37.216+0000][1][safepoint    ] Safepoint "Cleanup", Time since last: 1000148524 ns, Reaching safepoint: 127520 ns, At safepoint: 11875 ns, Total: 139395 ns
[2020-09-11T15:45:38.217+0000][1][safepoint    ] Safepoint "Cleanup", Time since last: 1000248210 ns, Reaching safepoint: 101661 ns, At safepoint: 10953 ns, Total: 112614 ns
[2020-09-11T15:45:39.217+0000][1][safepoint    ] Safepoint "Cleanup", Time since last: 1000199555 ns, Reaching safepoint: 103714 ns, At safepoint: 9810 ns, Total: 113524 ns
[2020-09-11T15:45:40.217+0000][1][safepoint    ] Safepoint "Cleanup", Time since last: 1000144972 ns, Reaching safepoint: 164174 ns, At safepoint: 20858 ns, Total: 185032 ns
[2020-09-11T15:45:41.218+0000][1][safepoint    ] Safepoint "Cleanup", Time since last: 1000185646 ns, Reaching safepoint: 124921 ns, At safepoint: 10132 ns, Total: 135053 ns
[2020-09-11T15:45:42.074+0000][1][safepoint    ] Safepoint "RevokeBias", Time since last: 856540666 ns, Reaching safepoint: 171535 ns, At safepoint: 32008 ns, Total: 203543 ns
[2020-09-11T15:45:42.074+0000][1][safepoint    ] Safepoint "RevokeBias", Time since last: 91868 ns, Reaching safepoint: 58716 ns, At safepoint: 14931 ns, Total: 73647 ns
[2020-09-11T15:45:42.075+0000][1][safepoint    ] Safepoint "RevokeBias", Time since last: 49991 ns, Reaching safepoint: 48296 ns, At safepoint: 11977 ns, Total: 60273 ns
[2020-09-11T15:45:42.075+0000][1][safepoint    ] Safepoint "RevokeBias", Time since last: 39658 ns, Reaching safepoint: 40994 ns, At safepoint: 11126 ns, Total: 52120 ns
[2020-09-11T15:45:42.076+0000][1][safepoint    ] Safepoint "RevokeBias", Time since last: 587901 ns, Reaching safepoint: 499284 ns, At safepoint: 22994 ns, Total: 522278 ns
[2020-09-11T15:45:42.091+0000][1][safepoint    ] Safepoint "RevokeBias", Time since last: 14605715 ns, Reaching safepoint: 210111 ns, At safepoint: 24331 ns, Total: 234442 ns
[2020-09-11T15:45:42.576+0000][1][safepoint    ] Safepoint "RevokeBias", Time since last: 485565026 ns, Reaching safepoint: 162169 ns, At safepoint: 49904 ns, Total: 212073 ns
[2020-09-11T15:45:42.578+0000][1][safepoint    ] Safepoint "RevokeBias", Time since last: 1559228 ns, Reaching safepoint: 225828 ns, At safepoint: 39414 ns, Total: 265242 ns
[2020-09-11T15:45:43.215+0000][1][safepoint    ] Safepoint "RevokeBias", Time since last: 636703680 ns, Reaching safepoint: 220634 ns, At safepoint: 26021 ns, Total: 246655 ns
[2020-09-11T15:45:44.216+0000][1][safepoint    ] Safepoint "Cleanup", Time since last: 1000191766 ns, Reaching safepoint: 167120 ns, At safepoint: 19692 ns, Total: 186812 ns
[2020-09-11T15:45:45.216+0000][1][safepoint    ] Safepoint "Cleanup", Time since last: 1000194606 ns, Reaching safepoint: 156636 ns, At safepoint: 16892 ns, Total: 173528 ns
[2020-09-11T15:45:46.216+0000][1][safepoint    ] Safepoint "Cleanup", Time since last: 1000269978 ns, Reaching safepoint: 111082 ns, At safepoint: 11231 ns, Total: 122313 ns
[2020-09-11T15:45:47.217+0000][1][safepoint    ] Safepoint "Cleanup", Time since last: 1000135224 ns, Reaching safepoint: 157218 ns, At safepoint: 16832 ns, Total: 174050 ns
[2020-09-11T15:45:48.217+0000][1][safepoint    ] Safepoint "Cleanup", Time since last: 1000407769 ns, Reaching safepoint: 174386 ns, At safepoint: 23718 ns, Total: 198104 ns
[2020-09-11T15:45:48.505+0000][1][safepoint    ] Safepoint "RevokeBias", Time since last: 287069771 ns, Reaching safepoint: 369742 ns, At safepoint: 109558 ns, Total: 479300 ns
[2020-09-11T15:45:48.506+0000][1][safepoint    ] Safepoint "RevokeBias", Time since last: 160615 ns, Reaching safepoint: 510037 ns, At safepoint: 74331 ns, Total: 584368 ns
[2020-09-11T15:45:49.506+0000][1][safepoint    ] Safepoint "Cleanup", Time since last: 1000215873 ns, Reaching safepoint: 193237 ns, At safepoint: 23638 ns, Total: 216875 ns
[2020-09-11T15:45:50.506+0000][1][safepoint    ] Safepoint "Cleanup", Time since last: 1000238655 ns, Reaching safepoint: 166949 ns, At safepoint: 23832 ns, Total: 190781 ns
[2020-09-11T15:45:51.507+0000][1][safepoint    ] Safepoint "Cleanup", Time since last: 1000197217 ns, Reaching safepoint: 166963 ns, At safepoint: 37055 ns, Total: 204018 ns
[2020-09-11T15:45:51.892+0000][1][gc,start     ] GC(84) Pause Young (Allocation Failure)
[2020-09-11T15:45:51.892+0000][1][gc,task      ] GC(84) Using 1 workers of 1 for evacuation
[2020-09-11T15:45:51.898+0000][1][gc,age       ] GC(84) Desired survivor size 4358144 bytes, new threshold 6 (max threshold 6)
[2020-09-11T15:45:51.898+0000][1][gc,age       ] GC(84) Age table with threshold 6 (max threshold 6)
[2020-09-11T15:45:51.898+0000][1][gc,age       ] GC(84) - age   1:     176672 bytes,     176672 total
[2020-09-11T15:45:51.898+0000][1][gc,age       ] GC(84) - age   2:      37696 bytes,     214368 total
[2020-09-11T15:45:51.898+0000][1][gc,age       ] GC(84) - age   3:       7928 bytes,     222296 total
[2020-09-11T15:45:51.898+0000][1][gc,age       ] GC(84) - age   4:       5960 bytes,     228256 total
[2020-09-11T15:45:51.898+0000][1][gc,age       ] GC(84) - age   5:       5720 bytes,     233976 total
[2020-09-11T15:45:51.898+0000][1][gc,age       ] GC(84) - age   6:       4800 bytes,     238776 total
[2020-09-11T15:45:51.898+0000][1][gc,heap      ] GC(84) ParNew: 68357K->233K(76672K)
[2020-09-11T15:45:51.898+0000][1][gc,heap      ] GC(84) CMS: 74833K->74836K(439104K)
[2020-09-11T15:45:51.898+0000][1][gc,metaspace ] GC(84) Metaspace: 89889K->89889K(1132544K)
[2020-09-11T15:45:51.898+0000][1][gc           ] GC(84) Pause Young (Allocation Failure) 139M->73M(503M) 5.615ms
[2020-09-11T15:45:51.898+0000][1][gc,cpu       ] GC(84) User=0.01s Sys=0.00s Real=0.01s
[2020-09-11T15:45:51.898+0000][1][safepoint    ] Safepoint "GenCollectForAllocation", Time since last: 385277775 ns, Reaching safepoint: 216003 ns, At safepoint: 5722659 ns, Total: 5938662 ns
[2020-09-11T15:45:52.909+0000][1][safepoint    ] Safepoint "Cleanup", Time since last: 1010900771 ns, Reaching safepoint: 125199 ns, At safepoint: 10938 ns, Total: 136137 ns
[2020-09-11T15:45:53.262+0000][1][safepoint    ] Safepoint "BulkRevokeBias", Time since last: 352150964 ns, Reaching safepoint: 205735 ns, At safepoint: 250404 ns, Total: 456139 ns
[2020-09-11T15:45:54.262+0000][1][safepoint    ] Safepoint "Cleanup", Time since last: 1000182793 ns, Reaching safepoint: 120230 ns, At safepoint: 11232 ns, Total: 131462 ns
[2020-09-11T15:45:55.262+0000][1][safepoint    ] Safepoint "Cleanup", Time since last: 1000150349 ns, Reaching safepoint: 163769 ns, At safepoint: 21716 ns, Total: 185485 ns
[2020-09-11T15:45:56.263+0000][1][safepoint    ] Safepoint "Cleanup", Time since last: 1000234586 ns, Reaching safepoint: 178467 ns, At safepoint: 22976 ns, Total: 201443 ns
[2020-09-11T15:45:57.263+0000][1][safepoint    ] Safepoint "Cleanup", Time since last: 1000243249 ns, Reaching safepoint: 193892 ns, At safepoint: 24479 ns, Total: 218371 ns
[2020-09-11T15:45:58.264+0000][1][safepoint    ] Safepoint "Cleanup", Time since last: 1000249759 ns, Reaching safepoint: 116011 ns, At safepoint: 10956 ns, Total: 126967 ns
[2020-09-11T15:45:59.264+0000][1][safepoint    ] Safepoint "Cleanup", Time since last: 1000203455 ns, Reaching safepoint: 112996 ns, At safepoint: 10087 ns, Total: 123083 ns
[2020-09-11T15:46:00.264+0000][1][safepoint    ] Safepoint "Cleanup", Time since last: 1000171055 ns, Reaching safepoint: 116781 ns, At safepoint: 11300 ns, Total: 128081 ns
[2020-09-11T15:46:01.265+0000][1][safepoint    ] Safepoint "Cleanup", Time since last: 1000186810 ns, Reaching safepoint: 179869 ns, At safepoint: 22010 ns, Total: 201879 ns
[2020-09-11T15:46:02.265+0000][1][safepoint    ] Safepoint "Cleanup", Time since last: 1000233503 ns, Reaching safepoint: 107018 ns, At safepoint: 10470 ns, Total: 117488 ns
[2020-09-11T15:46:03.222+0000][1][safepoint    ] Safepoint "RevokeBias", Time since last: 956560453 ns, Reaching safepoint: 87088 ns, At safepoint: 22282 ns, Total: 109370 ns
[2020-09-11T15:46:04.222+0000][1][safepoint    ] Safepoint "Cleanup", Time since last: 1000169889 ns, Reaching safepoint: 167564 ns, At safepoint: 18436 ns, Total: 186000 ns
[2020-09-11T15:46:05.222+0000][1][safepoint    ] Safepoint "Cleanup", Time since last: 1000225491 ns, Reaching safepoint: 109686 ns, At safepoint: 7691 ns, Total: 117377 ns
[2020-09-11T15:46:06.223+0000][1][safepoint    ] Safepoint "Cleanup", Time since last: 1000176071 ns, Reaching safepoint: 112377 ns, At safepoint: 8537 ns, Total: 120914 ns
[2020-09-11T15:46:07.223+0000][1][safepoint    ] Safepoint "Cleanup", Time since last: 1000171633 ns, Reaching safepoint: 157135 ns, At safepoint: 20998 ns, Total: 178133 ns
[2020-09-11T15:46:08.223+0000][1][safepoint    ] Safepoint "Cleanup", Time since last: 1000202725 ns, Reaching safepoint: 128102 ns, At safepoint: 10441 ns, Total: 138543 ns
[2020-09-11T15:46:09.224+0000][1][safepoint    ] Safepoint "Cleanup", Time since last: 1000198404 ns, Reaching safepoint: 116308 ns, At safepoint: 10896 ns, Total: 127204 ns
[2020-09-11T15:46:10.224+0000][1][safepoint    ] Safepoint "Cleanup", Time since last: 1000188421 ns, Reaching safepoint: 107712 ns, At safepoint: 10039 ns, Total: 117751 ns
[2020-09-11T15:46:11.224+0000][1][safepoint    ] Safepoint "Cleanup", Time since last: 1000184483 ns, Reaching safepoint: 105323 ns, At safepoint: 10341 ns, Total: 115664 ns
[2020-09-11T15:46:12.225+0000][1][safepoint    ] Safepoint "Cleanup", Time since last: 1000180572 ns, Reaching safepoint: 172122 ns, At safepoint: 20965 ns, Total: 193087 ns
[2020-09-11T15:46:13.214+0000][1][safepoint    ] Safepoint "RevokeBias", Time since last: 988605397 ns, Reaching safepoint: 324115 ns, At safepoint: 23789 ns, Total: 347904 ns
[2020-09-11T15:46:14.214+0000][1][safepoint    ] Safepoint "Cleanup", Time since last: 1000169676 ns, Reaching safepoint: 157087 ns, At safepoint: 18503 ns, Total: 175590 ns
[2020-09-11T15:46:15.214+0000][1][safepoint    ] Safepoint "Cleanup", Time since last: 1000221116 ns, Reaching safepoint: 112690 ns, At safepoint: 8239 ns, Total: 120929 ns
[2020-09-11T15:46:16.215+0000][1][safepoint    ] Safepoint "Cleanup", Time since last: 1000170816 ns, Reaching safepoint: 140760 ns, At safepoint: 18165 ns, Total: 158925 ns
[2020-09-11T15:46:17.215+0000][1][safepoint    ] Safepoint "Cleanup", Time since last: 1000212520 ns, Reaching safepoint: 147994 ns, At safepoint: 17092 ns, Total: 165086 ns
[2020-09-11T15:46:18.215+0000][1][safepoint    ] Safepoint "Cleanup", Time since last: 1000230902 ns, Reaching safepoint: 115962 ns, At safepoint: 10729 ns, Total: 126691 ns
[2020-09-11T15:46:19.216+0000][1][safepoint    ] Safepoint "Cleanup", Time since last: 1000148334 ns, Reaching safepoint: 130053 ns, At safepoint: 7707 ns, Total: 137760 ns
[2020-09-11T15:46:23.219+0000][1][safepoint    ] Safepoint "Cleanup", Time since last: 4002731961 ns, Reaching safepoint: 239170 ns, At safepoint: 8328 ns, Total: 247498 ns
[2020-09-11T15:46:23.231+0000][1][safepoint    ] Safepoint "RevokeBias", Time since last: 12724199 ns, Reaching safepoint: 88249 ns, At safepoint: 23488 ns, Total: 111737 ns
[2020-09-11T15:46:23.614+0000][1][gc,start     ] GC(85) Pause Young (Allocation Failure)
[2020-09-11T15:46:23.614+0000][1][gc,task      ] GC(85) Using 1 workers of 1 for evacuation
[2020-09-11T15:46:23.623+0000][1][gc,age       ] GC(85) Desired survivor size 4358144 bytes, new threshold 6 (max threshold 6)
[2020-09-11T15:46:23.623+0000][1][gc,age       ] GC(85) Age table with threshold 6 (max threshold 6)
[2020-09-11T15:46:23.623+0000][1][gc,age       ] GC(85) - age   1:      70536 bytes,      70536 total
[2020-09-11T15:46:23.623+0000][1][gc,age       ] GC(85) - age   2:      68360 bytes,     138896 total
[2020-09-11T15:46:23.623+0000][1][gc,age       ] GC(85) - age   3:      27448 bytes,     166344 total
[2020-09-11T15:46:23.623+0000][1][gc,age       ] GC(85) - age   4:       6688 bytes,     173032 total
[2020-09-11T15:46:23.623+0000][1][gc,age       ] GC(85) - age   5:       5960 bytes,     178992 total
[2020-09-11T15:46:23.623+0000][1][gc,age       ] GC(85) - age   6:       5720 bytes,     184712 total
[2020-09-11T15:46:23.623+0000][1][gc,heap      ] GC(85) ParNew: 68393K->333K(76672K)
[2020-09-11T15:46:23.623+0000][1][gc,heap      ] GC(85) CMS: 74836K->74841K(439104K)
[2020-09-11T15:46:23.623+0000][1][gc,metaspace ] GC(85) Metaspace: 90016K->90016K(1132544K)
[2020-09-11T15:46:23.623+0000][1][gc           ] GC(85) Pause Young (Allocation Failure) 139M->73M(503M) 9.348ms
[2020-09-11T15:46:23.623+0000][1][gc,cpu       ] GC(85) User=0.00s Sys=0.00s Real=0.01s
[2020-09-11T15:46:23.624+0000][1][safepoint    ] Safepoint "GenCollectForAllocation", Time since last: 381998035 ns, Reaching safepoint: 161451 ns, At safepoint: 10066156 ns, Total: 10227607 ns
[2020-09-11T15:46:24.631+0000][1][safepoint    ] Safepoint "Cleanup", Time since last: 1007297483 ns, Reaching safepoint: 173796 ns, At safepoint: 20173 ns, Total: 193969 ns
[2020-09-11T15:46:25.631+0000][1][safepoint    ] Safepoint "Cleanup", Time since last: 1000155329 ns, Reaching safepoint: 74171 ns, At safepoint: 5668 ns, Total: 79839 ns
[2020-09-11T15:46:25.967+0000][1][safepoint    ] Safepoint "BulkRevokeBias", Time since last: 334070514 ns, Reaching safepoint: 1062789 ns, At safepoint: 257990 ns, Total: 1320779 ns
[2020-09-11T15:46:26.176+0000][1][safepoint    ] Safepoint "RevokeBias", Time since last: 209544146 ns, Reaching safepoint: 90895 ns, At safepoint: 18115 ns, Total: 109010 ns
[2020-09-11T15:46:26.177+0000][1][safepoint    ] Safepoint "RevokeBias", Time since last: 53901 ns, Reaching safepoint: 27787 ns, At safepoint: 11113 ns, Total: 38900 ns
[2020-09-11T15:46:26.179+0000][1][safepoint    ] Safepoint "RevokeBias", Time since last: 1979557 ns, Reaching safepoint: 157331 ns, At safepoint: 19416 ns, Total: 176747 ns
[2020-09-11T15:46:26.257+0000][1][safepoint    ] Safepoint "RevokeBias", Time since last: 77368652 ns, Reaching safepoint: 897668 ns, At safepoint: 47372 ns, Total: 945040 ns
[2020-09-11T15:46:26.772+0000][1][safepoint    ] Safepoint "RevokeBias", Time since last: 514422738 ns, Reaching safepoint: 291348 ns, At safepoint: 39935 ns, Total: 331283 ns
[2020-09-11T15:46:26.902+0000][1][safepoint    ] Safepoint "RevokeBias", Time since last: 130246586 ns, Reaching safepoint: 257956 ns, At safepoint: 46610 ns, Total: 304566 ns
[2020-09-11T15:46:26.912+0000][1][safepoint    ] Safepoint "RevokeBias", Time since last: 9032520 ns, Reaching safepoint: 203039 ns, At safepoint: 22464 ns, Total: 225503 ns
[2020-09-11T15:46:26.980+0000][1][safepoint    ] Safepoint "RevokeBias", Time since last: 67749261 ns, Reaching safepoint: 173034 ns, At safepoint: 45715 ns, Total: 218749 ns
[2020-09-11T15:46:27.159+0000][1][safepoint    ] Safepoint "RevokeBias", Time since last: 178973586 ns, Reaching safepoint: 198865 ns, At safepoint: 18830 ns, Total: 217695 ns
[2020-09-11T15:46:27.276+0000][1][safepoint    ] Safepoint "RevokeBias", Time since last: 116868678 ns, Reaching safepoint: 274500 ns, At safepoint: 50088 ns, Total: 324588 ns
[2020-09-11T15:46:27.568+0000][1][safepoint    ] Safepoint "RevokeBias", Time since last: 292040980 ns, Reaching safepoint: 200644 ns, At safepoint: 22697 ns, Total: 223341 ns
[2020-09-11T15:46:27.569+0000][1][safepoint    ] Safepoint "RevokeBias", Time since last: 218159 ns, Reaching safepoint: 173807 ns, At safepoint: 14729 ns, Total: 188536 ns
[2020-09-11T15:46:27.569+0000][1][safepoint    ] Safepoint "RevokeBias", Time since last: 45404 ns, Reaching safepoint: 167971 ns, At safepoint: 11018 ns, Total: 178989 ns
[2020-09-11T15:46:27.569+0000][1][safepoint    ] Safepoint "RevokeBias", Time since last: 70544 ns, Reaching safepoint: 151455 ns, At safepoint: 10664 ns, Total: 162119 ns
[2020-09-11T15:46:27.573+0000][1][safepoint    ] Safepoint "RevokeBias", Time since last: 3827205 ns, Reaching safepoint: 68695 ns, At safepoint: 17680 ns, Total: 86375 ns
[2020-09-11T15:46:27.573+0000][1][safepoint    ] Safepoint "RevokeBias", Time since last: 124504 ns, Reaching safepoint: 27119 ns, At safepoint: 11764 ns, Total: 38883 ns
[2020-09-11T15:46:28.573+0000][1][safepoint    ] Safepoint "Cleanup", Time since last: 1000122370 ns, Reaching safepoint: 156683 ns, At safepoint: 17634 ns, Total: 174317 ns
[2020-09-11T15:46:29.574+0000][1][safepoint    ] Safepoint "Cleanup", Time since last: 1000156400 ns, Reaching safepoint: 120940 ns, At safepoint: 7889 ns, Total: 128829 ns
[2020-09-11T15:46:30.574+0000][1][safepoint    ] Safepoint "Cleanup", Time since last: 1000158793 ns, Reaching safepoint: 154829 ns, At safepoint: 21383 ns, Total: 176212 ns
[2020-09-11T15:46:30.901+0000][1][safepoint    ] Safepoint "RevokeBias", Time since last: 326678655 ns, Reaching safepoint: 288392 ns, At safepoint: 51662 ns, Total: 340054 ns
[2020-09-11T15:46:31.902+0000][1][safepoint    ] Safepoint "Cleanup", Time since last: 1000900276 ns, Reaching safepoint: 312783 ns, At safepoint: 12366 ns, Total: 325149 ns
[2020-09-11T15:46:32.903+0000][1][safepoint    ] Safepoint "Cleanup", Time since last: 1000156110 ns, Reaching safepoint: 168854 ns, At safepoint: 22936 ns, Total: 191790 ns
[2020-09-11T15:46:33.332+0000][1][safepoint    ] Safepoint "RevokeBias", Time since last: 429112084 ns, Reaching safepoint: 170902 ns, At safepoint: 48612 ns, Total: 219514 ns
[2020-09-11T15:46:34.332+0000][1][safepoint    ] Safepoint "Cleanup", Time since last: 1000221803 ns, Reaching safepoint: 169121 ns, At safepoint: 19853 ns, Total: 188974 ns
[2020-09-11T15:46:35.333+0000][1][safepoint    ] Safepoint "Cleanup", Time since last: 1000237509 ns, Reaching safepoint: 99270 ns, At safepoint: 8956 ns, Total: 108226 ns
[2020-09-11T15:46:36.333+0000][1][safepoint    ] Safepoint "Cleanup", Time since last: 1000174121 ns, Reaching safepoint: 131494 ns, At safepoint: 8532 ns, Total: 140026 ns
[2020-09-11T15:46:37.333+0000][1][safepoint    ] Safepoint "Cleanup", Time since last: 1000170073 ns, Reaching safepoint: 144833 ns, At safepoint: 19060 ns, Total: 163893 ns
[2020-09-11T15:46:38.334+0000][1][safepoint    ] Safepoint "Cleanup", Time since last: 1000240735 ns, Reaching safepoint: 151421 ns, At safepoint: 21954 ns, Total: 173375 ns
[2020-09-11T15:46:39.334+0000][1][safepoint    ] Safepoint "Cleanup", Time since last: 1000221508 ns, Reaching safepoint: 105944 ns, At safepoint: 9514 ns, Total: 115458 ns
[2020-09-11T15:46:40.334+0000][1][safepoint    ] Safepoint "Cleanup", Time since last: 1000193865 ns, Reaching safepoint: 147605 ns, At safepoint: 19562 ns, Total: 167167 ns
[2020-09-11T15:46:41.335+0000][1][safepoint    ] Safepoint "Cleanup", Time since last: 1000232841 ns, Reaching safepoint: 98733 ns, At safepoint: 10337 ns, Total: 109070 ns
[2020-09-11T15:46:42.335+0000][1][safepoint    ] Safepoint "Cleanup", Time since last: 1000193168 ns, Reaching safepoint: 175883 ns, At safepoint: 22402 ns, Total: 198285 ns
[2020-09-11T15:46:43.229+0000][1][safepoint    ] Safepoint "RevokeBias", Time since last: 893930044 ns, Reaching safepoint: 234336 ns, At safepoint: 32982 ns, Total: 267318 ns
[2020-09-11T15:46:44.230+0000][1][safepoint    ] Safepoint "Cleanup", Time since last: 1000197374 ns, Reaching safepoint: 207089 ns, At safepoint: 22558 ns, Total: 229647 ns
[2020-09-11T15:46:44.374+0000][1][gc,start     ] GC(86) Pause Young (Allocation Failure)
[2020-09-11T15:46:44.375+0000][1][gc,task      ] GC(86) Using 1 workers of 1 for evacuation
[2020-09-11T15:46:44.382+0000][1][gc,age       ] GC(86) Desired survivor size 4358144 bytes, new threshold 6 (max threshold 6)
[2020-09-11T15:46:44.382+0000][1][gc,age       ] GC(86) Age table with threshold 6 (max threshold 6)
[2020-09-11T15:46:44.382+0000][1][gc,age       ] GC(86) - age   1:     257328 bytes,     257328 total
[2020-09-11T15:46:44.382+0000][1][gc,age       ] GC(86) - age   2:      30096 bytes,     287424 total
[2020-09-11T15:46:44.382+0000][1][gc,age       ] GC(86) - age   3:      61896 bytes,     349320 total
[2020-09-11T15:46:44.382+0000][1][gc,age       ] GC(86) - age   4:      26208 bytes,     375528 total
[2020-09-11T15:46:44.382+0000][1][gc,age       ] GC(86) - age   5:       6688 bytes,     382216 total
[2020-09-11T15:46:44.382+0000][1][gc,age       ] GC(86) - age   6:       5664 bytes,     387880 total
[2020-09-11T15:46:44.383+0000][1][gc,heap      ] GC(86) ParNew: 68493K->437K(76672K)
[2020-09-11T15:46:44.383+0000][1][gc,heap      ] GC(86) CMS: 74841K->74846K(439104K)
[2020-09-11T15:46:44.383+0000][1][gc,metaspace ] GC(86) Metaspace: 90084K->90084K(1132544K)
[2020-09-11T15:46:44.383+0000][1][gc           ] GC(86) Pause Young (Allocation Failure) 139M->73M(503M) 8.207ms
[2020-09-11T15:46:44.383+0000][1][gc,cpu       ] GC(86) User=0.00s Sys=0.00s Real=0.01s
[2020-09-11T15:46:44.383+0000][1][safepoint    ] Safepoint "GenCollectForAllocation", Time since last: 144239957 ns, Reaching safepoint: 258286 ns, At safepoint: 8286601 ns, Total: 8544887 ns
[2020-09-11T15:46:45.387+0000][1][safepoint    ] Safepoint "Cleanup", Time since last: 1004000697 ns, Reaching safepoint: 81988 ns, At safepoint: 19850 ns, Total: 101838 ns
[2020-09-11T15:46:46.387+0000][1][safepoint    ] Safepoint "Cleanup", Time since last: 1000175556 ns, Reaching safepoint: 107055 ns, At safepoint: 24106 ns, Total: 131161 ns
[2020-09-11T15:46:47.387+0000][1][safepoint    ] Safepoint "Cleanup", Time since last: 1000193746 ns, Reaching safepoint: 163171 ns, At safepoint: 15358 ns, Total: 178529 ns
[2020-09-11T15:46:48.388+0000][1][safepoint    ] Safepoint "Cleanup", Time since last: 1000161269 ns, Reaching safepoint: 79935 ns, At safepoint: 7694 ns, Total: 87629 ns
[2020-09-11T15:46:48.887+0000][1][safepoint    ] Safepoint "RevokeBias", Time since last: 499633119 ns, Reaching safepoint: 190920 ns, At safepoint: 21781 ns, Total: 212701 ns
[2020-09-11T15:46:48.888+0000][1][safepoint    ] Safepoint "BulkRevokeBias", Time since last: 57573 ns, Reaching safepoint: 172708 ns, At safepoint: 470514 ns, Total: 643222 ns
[2020-09-11T15:46:49.889+0000][1][safepoint    ] Safepoint "Cleanup", Time since last: 1000163537 ns, Reaching safepoint: 151721 ns, At safepoint: 39471 ns, Total: 191192 ns
[2020-09-11T15:46:50.889+0000][1][safepoint    ] Safepoint "Cleanup", Time since last: 1000259646 ns, Reaching safepoint: 108515 ns, At safepoint: 10288 ns, Total: 118803 ns
[2020-09-11T15:46:51.880+0000][1][safepoint    ] Safepoint "RevokeBias", Time since last: 991075518 ns, Reaching safepoint: 210179 ns, At safepoint: 22980 ns, Total: 233159 ns
[2020-09-11T15:46:52.881+0000][1][safepoint    ] Safepoint "Cleanup", Time since last: 1000185718 ns, Reaching safepoint: 104646 ns, At safepoint: 7699 ns, Total: 112345 ns
[2020-09-11T15:46:53.306+0000][1][safepoint    ] Safepoint "RevokeBias", Time since last: 425182687 ns, Reaching safepoint: 82105 ns, At safepoint: 21965 ns, Total: 104070 ns
[2020-09-11T15:46:54.306+0000][1][safepoint    ] Safepoint "Cleanup", Time since last: 1000195506 ns, Reaching safepoint: 155417 ns, At safepoint: 22548 ns, Total: 177965 ns
[2020-09-11T15:46:55.307+0000][1][safepoint    ] Safepoint "Cleanup", Time since last: 1000261954 ns, Reaching safepoint: 96725 ns, At safepoint: 9629 ns, Total: 106354 ns
[2020-09-11T15:46:55.980+0000][1][safepoint    ] Safepoint "RevokeBias", Time since last: 672762316 ns, Reaching safepoint: 254694 ns, At safepoint: 52314 ns, Total: 307008 ns
[2020-09-11T15:46:55.980+0000][1][safepoint    ] Safepoint "RevokeBias", Time since last: 290938 ns, Reaching safepoint: 200540 ns, At safepoint: 38976 ns, Total: 239516 ns
[2020-09-11T15:46:56.980+0000][1][safepoint    ] Safepoint "Cleanup", Time since last: 1000184403 ns, Reaching safepoint: 110004 ns, At safepoint: 9220 ns, Total: 119224 ns
[2020-09-11T15:46:57.981+0000][1][safepoint    ] Safepoint "Cleanup", Time since last: 1000180106 ns, Reaching safepoint: 188520 ns, At safepoint: 20674 ns, Total: 209194 ns
[2020-09-11T15:46:58.981+0000][1][safepoint    ] Safepoint "Cleanup", Time since last: 1000242088 ns, Reaching safepoint: 164074 ns, At safepoint: 7450 ns, Total: 171524 ns
[2020-09-11T15:46:59.982+0000][1][safepoint    ] Safepoint "Cleanup", Time since last: 1000189371 ns, Reaching safepoint: 144956 ns, At safepoint: 20968 ns, Total: 165924 ns
[2020-09-11T15:47:00.982+0000][1][safepoint    ] Safepoint "Cleanup", Time since last: 1000164273 ns, Reaching safepoint: 75189 ns, At safepoint: 9553 ns, Total: 84742 ns
[2020-09-11T15:47:01.982+0000][1][safepoint    ] Safepoint "Cleanup", Time since last: 1000167428 ns, Reaching safepoint: 116260 ns, At safepoint: 11348 ns, Total: 127608 ns
[2020-09-11T15:47:02.982+0000][1][safepoint    ] Safepoint "Cleanup", Time since last: 1000162948 ns, Reaching safepoint: 114291 ns, At safepoint: 11038 ns, Total: 125329 ns
[2020-09-11T15:47:03.227+0000][1][safepoint    ] Safepoint "RevokeBias", Time since last: 244831526 ns, Reaching safepoint: 89690 ns, At safepoint: 22968 ns, Total: 112658 ns
[2020-09-11T15:47:04.228+0000][1][safepoint    ] Safepoint "Cleanup", Time since last: 1000137373 ns, Reaching safepoint: 155594 ns, At safepoint: 20704 ns, Total: 176298 ns
[2020-09-11T15:47:05.228+0000][1][safepoint    ] Safepoint "Cleanup", Time since last: 1000230802 ns, Reaching safepoint: 139741 ns, At safepoint: 20123 ns, Total: 159864 ns
[2020-09-11T15:47:06.229+0000][1][safepoint    ] Safepoint "Cleanup", Time since last: 1000234584 ns, Reaching safepoint: 146981 ns, At safepoint: 21142 ns, Total: 168123 ns
[2020-09-11T15:47:07.229+0000][1][safepoint    ] Safepoint "Cleanup", Time since last: 1000224851 ns, Reaching safepoint: 173863 ns, At safepoint: 18799 ns, Total: 192662 ns
[2020-09-11T15:47:08.229+0000][1][safepoint    ] Safepoint "Cleanup", Time since last: 1000220322 ns, Reaching safepoint: 137824 ns, At safepoint: 19935 ns, Total: 157759 ns
[2020-09-11T15:47:09.230+0000][1][safepoint    ] Safepoint "Cleanup", Time since last: 1000237415 ns, Reaching safepoint: 102176 ns, At safepoint: 10200 ns, Total: 112376 ns
[2020-09-11T15:47:10.230+0000][1][safepoint    ] Safepoint "Cleanup", Time since last: 1000118808 ns, Reaching safepoint: 78163 ns, At safepoint: 8689 ns, Total: 86852 ns
[2020-09-11T15:47:11.230+0000][1][safepoint    ] Safepoint "Cleanup", Time since last: 1000201602 ns, Reaching safepoint: 98299 ns, At safepoint: 8618 ns, Total: 106917 ns
[2020-09-11T15:47:12.230+0000][1][safepoint    ] Safepoint "Cleanup", Time since last: 1000198480 ns, Reaching safepoint: 98813 ns, At safepoint: 10903 ns, Total: 109716 ns
[2020-09-11T15:47:13.231+0000][1][safepoint    ] Safepoint "Cleanup", Time since last: 1000210122 ns, Reaching safepoint: 153128 ns, At safepoint: 21673 ns, Total: 174801 ns
[2020-09-11T15:47:13.296+0000][1][safepoint    ] Safepoint "RevokeBias", Time since last: 64738076 ns, Reaching safepoint: 753550 ns, At safepoint: 53727 ns, Total: 807277 ns
[2020-09-11T15:47:13.629+0000][1][gc,start     ] GC(87) Pause Young (Allocation Failure)
[2020-09-11T15:47:13.629+0000][1][gc,task      ] GC(87) Using 1 workers of 1 for evacuation
[2020-09-11T15:47:13.639+0000][1][gc,age       ] GC(87) Desired survivor size 4358144 bytes, new threshold 6 (max threshold 6)
[2020-09-11T15:47:13.639+0000][1][gc,age       ] GC(87) Age table with threshold 6 (max threshold 6)
[2020-09-11T15:47:13.639+0000][1][gc,age       ] GC(87) - age   1:      84184 bytes,      84184 total
[2020-09-11T15:47:13.639+0000][1][gc,age       ] GC(87) - age   2:     222016 bytes,     306200 total
[2020-09-11T15:47:13.639+0000][1][gc,age       ] GC(87) - age   3:      15984 bytes,     322184 total
[2020-09-11T15:47:13.639+0000][1][gc,age       ] GC(87) - age   4:      61600 bytes,     383784 total
[2020-09-11T15:47:13.639+0000][1][gc,age       ] GC(87) - age   5:      26208 bytes,     409992 total
[2020-09-11T15:47:13.639+0000][1][gc,age       ] GC(87) - age   6:       6688 bytes,     416680 total
[2020-09-11T15:47:13.639+0000][1][gc,heap      ] GC(87) ParNew: 68597K->622K(76672K)
[2020-09-11T15:47:13.639+0000][1][gc,heap      ] GC(87) CMS: 74846K->74852K(439104K)
[2020-09-11T15:47:13.639+0000][1][gc,metaspace ] GC(87) Metaspace: 90150K->90150K(1132544K)
[2020-09-11T15:47:13.639+0000][1][gc           ] GC(87) Pause Young (Allocation Failure) 140M->73M(503M) 9.930ms
[2020-09-11T15:47:13.639+0000][1][gc,cpu       ] GC(87) User=0.01s Sys=0.00s Real=0.01s
[2020-09-11T15:47:13.639+0000][1][safepoint    ] Safepoint "GenCollectForAllocation", Time since last: 330504173 ns, Reaching safepoint: 1924919 ns, At safepoint: 10005915 ns, Total: 11930834 ns
[2020-09-11T15:47:14.646+0000][1][safepoint    ] Safepoint "Cleanup", Time since last: 1006971473 ns, Reaching safepoint: 129428 ns, At safepoint: 7825 ns, Total: 137253 ns
[2020-09-11T15:47:15.646+0000][1][safepoint    ] Safepoint "Cleanup", Time since last: 1000180039 ns, Reaching safepoint: 93344 ns, At safepoint: 7162 ns, Total: 100506 ns
[2020-09-11T15:47:16.647+0000][1][safepoint    ] Safepoint "Cleanup", Time since last: 1000206666 ns, Reaching safepoint: 100843 ns, At safepoint: 7826 ns, Total: 108669 ns
[2020-09-11T15:47:17.647+0000][1][safepoint    ] Safepoint "Cleanup", Time since last: 1000185965 ns, Reaching safepoint: 128669 ns, At safepoint: 16969 ns, Total: 145638 ns
[2020-09-11T15:47:18.647+0000][1][safepoint    ] Safepoint "Cleanup", Time since last: 1000222577 ns, Reaching safepoint: 137007 ns, At safepoint: 19124 ns, Total: 156131 ns
[2020-09-11T15:47:19.083+0000][1][safepoint    ] Safepoint "RevokeBias", Time since last: 435709091 ns, Reaching safepoint: 70067 ns, At safepoint: 155899 ns, Total: 225966 ns
[2020-09-11T15:47:20.089+0000][1][safepoint    ] Safepoint "Cleanup", Time since last: 1005368781 ns, Reaching safepoint: 103313 ns, At safepoint: 10503 ns, Total: 113816 ns
[2020-09-11T15:47:21.089+0000][1][safepoint    ] Safepoint "Cleanup", Time since last: 1000192119 ns, Reaching safepoint: 145935 ns, At safepoint: 21379 ns, Total: 167314 ns
[2020-09-11T15:47:22.089+0000][1][safepoint    ] Safepoint "Cleanup", Time since last: 1000189081 ns, Reaching safepoint: 155276 ns, At safepoint: 19572 ns, Total: 174848 ns
[2020-09-11T15:47:22.294+0000][1][safepoint    ] Safepoint "RevokeBias", Time since last: 203635163 ns, Reaching safepoint: 677455 ns, At safepoint: 59654 ns, Total: 737109 ns
[2020-09-11T15:47:23.215+0000][1][safepoint    ] Safepoint "RevokeBias", Time since last: 921095686 ns, Reaching safepoint: 94944 ns, At safepoint: 26616 ns, Total: 121560 ns
[2020-09-11T15:47:24.215+0000][1][safepoint    ] Safepoint "Cleanup", Time since last: 1000173073 ns, Reaching safepoint: 154872 ns, At safepoint: 21636 ns, Total: 176508 ns
[2020-09-11T15:47:25.216+0000][1][safepoint    ] Safepoint "Cleanup", Time since last: 1000227269 ns, Reaching safepoint: 141231 ns, At safepoint: 21349 ns, Total: 162580 ns
[2020-09-11T15:47:26.216+0000][1][safepoint    ] Safepoint "Cleanup", Time since last: 1000199046 ns, Reaching safepoint: 138261 ns, At safepoint: 18933 ns, Total: 157194 ns
[2020-09-11T15:47:27.216+0000][1][safepoint    ] Safepoint "Cleanup", Time since last: 1000227202 ns, Reaching safepoint: 93822 ns, At safepoint: 7926 ns, Total: 101748 ns
[2020-09-11T15:47:28.217+0000][1][safepoint    ] Safepoint "Cleanup", Time since last: 1000183291 ns, Reaching safepoint: 120699 ns, At safepoint: 8566 ns, Total: 129265 ns
[2020-09-11T15:47:29.217+0000][1][safepoint    ] Safepoint "Cleanup", Time since last: 1000113528 ns, Reaching safepoint: 150362 ns, At safepoint: 21897 ns, Total: 172259 ns
[2020-09-11T15:47:30.217+0000][1][safepoint    ] Safepoint "Cleanup", Time since last: 1000250983 ns, Reaching safepoint: 102749 ns, At safepoint: 10199 ns, Total: 112948 ns
[2020-09-11T15:47:31.218+0000][1][safepoint    ] Safepoint "Cleanup", Time since last: 1000159116 ns, Reaching safepoint: 123233 ns, At safepoint: 11247 ns, Total: 134480 ns
[2020-09-11T15:47:32.218+0000][1][safepoint    ] Safepoint "Cleanup", Time since last: 1000182853 ns, Reaching safepoint: 149253 ns, At safepoint: 19130 ns, Total: 168383 ns
[2020-09-11T15:47:33.218+0000][1][safepoint    ] Safepoint "Cleanup", Time since last: 1000209222 ns, Reaching safepoint: 72875 ns, At safepoint: 7979 ns, Total: 80854 ns
[2020-09-11T15:47:33.238+0000][1][safepoint    ] Safepoint "RevokeBias", Time since last: 19947735 ns, Reaching safepoint: 73224 ns, At safepoint: 23629 ns, Total: 96853 ns
[2020-09-11T15:47:34.239+0000][1][safepoint    ] Safepoint "Cleanup", Time since last: 1000199592 ns, Reaching safepoint: 90846 ns, At safepoint: 9658 ns, Total: 100504 ns
[2020-09-11T15:47:35.239+0000][1][safepoint    ] Safepoint "Cleanup", Time since last: 1000191904 ns, Reaching safepoint: 140406 ns, At safepoint: 20069 ns, Total: 160475 ns
[2020-09-11T15:47:36.239+0000][1][safepoint    ] Safepoint "Cleanup", Time since last: 1000235843 ns, Reaching safepoint: 100466 ns, At safepoint: 10078 ns, Total: 110544 ns
[2020-09-11T15:47:37.240+0000][1][safepoint    ] Safepoint "Cleanup", Time since last: 1000141046 ns, Reaching safepoint: 124503 ns, At safepoint: 9804 ns, Total: 134307 ns
[2020-09-11T15:47:38.240+0000][1][safepoint    ] Safepoint "Cleanup", Time since last: 1000181105 ns, Reaching safepoint: 98844 ns, At safepoint: 10726 ns, Total: 109570 ns
[2020-09-11T15:47:39.240+0000][1][safepoint    ] Safepoint "Cleanup", Time since last: 1000208116 ns, Reaching safepoint: 149684 ns, At safepoint: 21733 ns, Total: 171417 ns
[2020-09-11T15:47:40.241+0000][1][safepoint    ] Safepoint "Cleanup", Time since last: 1000230118 ns, Reaching safepoint: 123529 ns, At safepoint: 16320 ns, Total: 139849 ns
[2020-09-11T15:47:41.241+0000][1][safepoint    ] Safepoint "Cleanup", Time since last: 1000255714 ns, Reaching safepoint: 160051 ns, At safepoint: 23905 ns, Total: 183956 ns
[2020-09-11T15:47:42.241+0000][1][safepoint    ] Safepoint "Cleanup", Time since last: 1000247735 ns, Reaching safepoint: 96436 ns, At safepoint: 9958 ns, Total: 106394 ns
[2020-09-11T15:47:43.216+0000][1][safepoint    ] Safepoint "RevokeBias", Time since last: 974034258 ns, Reaching safepoint: 86489 ns, At safepoint: 25284 ns, Total: 111773 ns
[2020-09-11T15:47:43.706+0000][1][gc,start     ] GC(88) Pause Young (Allocation Failure)
[2020-09-11T15:47:43.706+0000][1][gc,task      ] GC(88) Using 1 workers of 1 for evacuation
[2020-09-11T15:47:43.715+0000][1][gc,age       ] GC(88) Desired survivor size 4358144 bytes, new threshold 6 (max threshold 6)
[2020-09-11T15:47:43.715+0000][1][gc,age       ] GC(88) Age table with threshold 6 (max threshold 6)
[2020-09-11T15:47:43.715+0000][1][gc,age       ] GC(88) - age   1:      42408 bytes,      42408 total
[2020-09-11T15:47:43.715+0000][1][gc,age       ] GC(88) - age   2:      33184 bytes,      75592 total
[2020-09-11T15:47:43.715+0000][1][gc,age       ] GC(88) - age   3:     215624 bytes,     291216 total
[2020-09-11T15:47:43.715+0000][1][gc,age       ] GC(88) - age   4:      15592 bytes,     306808 total
[2020-09-11T15:47:43.715+0000][1][gc,age       ] GC(88) - age   5:      61600 bytes,     368408 total
[2020-09-11T15:47:43.715+0000][1][gc,age       ] GC(88) - age   6:      26208 bytes,     394616 total
[2020-09-11T15:47:43.715+0000][1][gc,heap      ] GC(88) ParNew: 68782K->766K(76672K)
[2020-09-11T15:47:43.715+0000][1][gc,heap      ] GC(88) CMS: 74852K->74857K(439104K)
[2020-09-11T15:47:43.715+0000][1][gc,metaspace ] GC(88) Metaspace: 90210K->90210K(1132544K)
[2020-09-11T15:47:43.715+0000][1][gc           ] GC(88) Pause Young (Allocation Failure) 140M->73M(503M) 8.615ms
[2020-09-11T15:47:43.715+0000][1][gc,cpu       ] GC(88) User=0.01s Sys=0.00s Real=0.01s
[2020-09-11T15:47:43.715+0000][1][safepoint    ] Safepoint "GenCollectForAllocation", Time since last: 490441206 ns, Reaching safepoint: 161956 ns, At safepoint: 8699259 ns, Total: 8861215 ns
[2020-09-11T15:47:44.721+0000][1][safepoint    ] Safepoint "Cleanup", Time since last: 1005534121 ns, Reaching safepoint: 132331 ns, At safepoint: 9525 ns, Total: 141856 ns
[2020-09-11T15:47:45.721+0000][1][safepoint    ] Safepoint "Cleanup", Time since last: 1000150175 ns, Reaching safepoint: 200099 ns, At safepoint: 18352 ns, Total: 218451 ns
[2020-09-11T15:47:46.721+0000][1][safepoint    ] Safepoint "Cleanup", Time since last: 1000211048 ns, Reaching safepoint: 75097 ns, At safepoint: 6358 ns, Total: 81455 ns
[2020-09-11T15:47:47.722+0000][1][safepoint    ] Safepoint "Cleanup", Time since last: 1000173501 ns, Reaching safepoint: 94228 ns, At safepoint: 6313 ns, Total: 100541 ns
[2020-09-11T15:47:48.722+0000][1][safepoint    ] Safepoint "Cleanup", Time since last: 1000164663 ns, Reaching safepoint: 84897 ns, At safepoint: 7709 ns, Total: 92606 ns
[2020-09-11T15:47:49.722+0000][1][safepoint    ] Safepoint "Cleanup", Time since last: 1000179560 ns, Reaching safepoint: 94715 ns, At safepoint: 6266 ns, Total: 100981 ns
[2020-09-11T15:47:50.722+0000][1][safepoint    ] Safepoint "Cleanup", Time since last: 1000185584 ns, Reaching safepoint: 110574 ns, At safepoint: 9930 ns, Total: 120504 ns
[2020-09-11T15:47:51.723+0000][1][safepoint    ] Safepoint "Cleanup", Time since last: 1000173128 ns, Reaching safepoint: 133800 ns, At safepoint: 19184 ns, Total: 152984 ns
[2020-09-11T15:47:52.723+0000][1][safepoint    ] Safepoint "Cleanup", Time since last: 1000203870 ns, Reaching safepoint: 130610 ns, At safepoint: 20179 ns, Total: 150789 ns
[2020-09-11T15:47:53.257+0000][1][safepoint    ] Safepoint "RevokeBias", Time since last: 533660230 ns, Reaching safepoint: 225264 ns, At safepoint: 49540 ns, Total: 274804 ns
[2020-09-11T15:47:54.257+0000][1][safepoint    ] Safepoint "Cleanup", Time since last: 1000222557 ns, Reaching safepoint: 101233 ns, At safepoint: 10401 ns, Total: 111634 ns
[2020-09-11T15:47:55.258+0000][1][safepoint    ] Safepoint "Cleanup", Time since last: 1000182743 ns, Reaching safepoint: 99275 ns, At safepoint: 8187 ns, Total: 107462 ns
[2020-09-11T15:47:56.258+0000][1][safepoint    ] Safepoint "Cleanup", Time since last: 1000171818 ns, Reaching safepoint: 107729 ns, At safepoint: 10549 ns, Total: 118278 ns
[2020-09-11T15:47:57.258+0000][1][safepoint    ] Safepoint "Cleanup", Time since last: 1000188040 ns, Reaching safepoint: 96234 ns, At safepoint: 9902 ns, Total: 106136 ns
[2020-09-11T15:47:58.258+0000][1][safepoint    ] Safepoint "Cleanup", Time since last: 1000185154 ns, Reaching safepoint: 101570 ns, At safepoint: 10316 ns, Total: 111886 ns
[2020-09-11T15:47:59.259+0000][1][safepoint    ] Safepoint "Cleanup", Time since last: 1000188785 ns, Reaching safepoint: 106584 ns, At safepoint: 9375 ns, Total: 115959 ns
[2020-09-11T15:48:00.259+0000][1][safepoint    ] Safepoint "Cleanup", Time since last: 1000193751 ns, Reaching safepoint: 107839 ns, At safepoint: 10473 ns, Total: 118312 ns
[2020-09-11T15:48:01.259+0000][1][safepoint    ] Safepoint "Cleanup", Time since last: 1000228296 ns, Reaching safepoint: 94492 ns, At safepoint: 10373 ns, Total: 104865 ns
[2020-09-11T15:48:02.260+0000][1][safepoint    ] Safepoint "Cleanup", Time since last: 1000212492 ns, Reaching safepoint: 103438 ns, At safepoint: 10460 ns, Total: 113898 ns
[2020-09-11T15:48:03.240+0000][1][safepoint    ] Safepoint "RevokeBias", Time since last: 979868803 ns, Reaching safepoint: 162986 ns, At safepoint: 24519 ns, Total: 187505 ns
[2020-09-11T15:48:04.240+0000][1][safepoint    ] Safepoint "Cleanup", Time since last: 1000175778 ns, Reaching safepoint: 78933 ns, At safepoint: 8633 ns, Total: 87566 ns
[2020-09-11T15:48:05.240+0000][1][safepoint    ] Safepoint "Cleanup", Time since last: 1000200895 ns, Reaching safepoint: 151681 ns, At safepoint: 20801 ns, Total: 172482 ns
[2020-09-11T15:48:06.241+0000][1][safepoint    ] Safepoint "Cleanup", Time since last: 1000162520 ns, Reaching safepoint: 77458 ns, At safepoint: 10237 ns, Total: 87695 ns
[2020-09-11T15:48:07.241+0000][1][safepoint    ] Safepoint "Cleanup", Time since last: 1000236705 ns, Reaching safepoint: 98409 ns, At safepoint: 7475 ns, Total: 105884 ns
[2020-09-11T15:48:08.241+0000][1][safepoint    ] Safepoint "Cleanup", Time since last: 1000190475 ns, Reaching safepoint: 139934 ns, At safepoint: 18626 ns, Total: 158560 ns
[2020-09-11T15:48:09.242+0000][1][safepoint    ] Safepoint "Cleanup", Time since last: 1000243511 ns, Reaching safepoint: 101706 ns, At safepoint: 9713 ns, Total: 111419 ns
[2020-09-11T15:48:10.242+0000][1][safepoint    ] Safepoint "Cleanup", Time since last: 1000203119 ns, Reaching safepoint: 137583 ns, At safepoint: 21793 ns, Total: 159376 ns
[2020-09-11T15:48:11.242+0000][1][safepoint    ] Safepoint "Cleanup", Time since last: 1000146879 ns, Reaching safepoint: 69162 ns, At safepoint: 7504 ns, Total: 76666 ns
[2020-09-11T15:48:12.243+0000][1][safepoint    ] Safepoint "Cleanup", Time since last: 1000199813 ns, Reaching safepoint: 103802 ns, At safepoint: 10080 ns, Total: 113882 ns
[2020-09-11T15:48:13.243+0000][1][safepoint    ] Safepoint "Cleanup", Time since last: 1000251406 ns, Reaching safepoint: 128283 ns, At safepoint: 9035 ns, Total: 137318 ns
[2020-09-11T15:48:13.253+0000][1][safepoint    ] Safepoint "RevokeBias", Time since last: 9999489 ns, Reaching safepoint: 206468 ns, At safepoint: 24855 ns, Total: 231323 ns
[2020-09-11T15:48:13.737+0000][1][gc,start     ] GC(89) Pause Young (Allocation Failure)
[2020-09-11T15:48:13.737+0000][1][gc,task      ] GC(89) Using 1 workers of 1 for evacuation
[2020-09-11T15:48:13.747+0000][1][gc,age       ] GC(89) Desired survivor size 4358144 bytes, new threshold 6 (max threshold 6)
[2020-09-11T15:48:13.747+0000][1][gc,age       ] GC(89) Age table with threshold 6 (max threshold 6)
[2020-09-11T15:48:13.747+0000][1][gc,age       ] GC(89) - age   1:      58488 bytes,      58488 total
[2020-09-11T15:48:13.747+0000][1][gc,age       ] GC(89) - age   2:       8744 bytes,      67232 total
[2020-09-11T15:48:13.747+0000][1][gc,age       ] GC(89) - age   3:      22376 bytes,      89608 total
[2020-09-11T15:48:13.747+0000][1][gc,age       ] GC(89) - age   4:     212576 bytes,     302184 total
[2020-09-11T15:48:13.747+0000][1][gc,age       ] GC(89) - age   5:      15592 bytes,     317776 total
[2020-09-11T15:48:13.747+0000][1][gc,age       ] GC(89) - age   6:      61600 bytes,     379376 total
[2020-09-11T15:48:13.747+0000][1][gc,heap      ] GC(89) ParNew: 68926K->480K(76672K)
[2020-09-11T15:48:13.747+0000][1][gc,heap      ] GC(89) CMS: 74857K->74883K(439104K)
[2020-09-11T15:48:13.747+0000][1][gc,metaspace ] GC(89) Metaspace: 90252K->90252K(1132544K)
[2020-09-11T15:48:13.747+0000][1][gc           ] GC(89) Pause Young (Allocation Failure) 140M->73M(503M) 9.867ms
[2020-09-11T15:48:13.747+0000][1][gc,cpu       ] GC(89) User=0.00s Sys=0.00s Real=0.01s
[2020-09-11T15:48:13.759+0000][1][safepoint    ] Safepoint "GenCollectForAllocation", Time since last: 481895430 ns, Reaching safepoint: 1677645 ns, At safepoint: 21858347 ns, Total: 23535992 ns
[2020-09-11T15:48:14.765+0000][1][safepoint    ] Safepoint "Cleanup", Time since last: 1006480666 ns, Reaching safepoint: 137415 ns, At safepoint: 17962 ns, Total: 155377 ns
[2020-09-11T15:48:15.766+0000][1][safepoint    ] Safepoint "Cleanup", Time since last: 1000142719 ns, Reaching safepoint: 104240 ns, At safepoint: 11986 ns, Total: 116226 ns
[2020-09-11T15:48:16.766+0000][1][safepoint    ] Safepoint "Cleanup", Time since last: 1000188558 ns, Reaching safepoint: 99005 ns, At safepoint: 7691 ns, Total: 106696 ns
[2020-09-11T15:48:22.767+0000][1][safepoint    ] Safepoint "Cleanup", Time since last: 6000788181 ns, Reaching safepoint: 157274 ns, At safepoint: 21276 ns, Total: 178550 ns
[2020-09-11T15:48:23.248+0000][1][safepoint    ] Safepoint "RevokeBias", Time since last: 480269902 ns, Reaching safepoint: 341871 ns, At safepoint: 53075 ns, Total: 394946 ns
[2020-09-11T15:48:26.248+0000][1][safepoint    ] Safepoint "Cleanup", Time since last: 3000537653 ns, Reaching safepoint: 136353 ns, At safepoint: 19421 ns, Total: 155774 ns
[2020-09-11T15:48:27.249+0000][1][safepoint    ] Safepoint "Cleanup", Time since last: 1000251589 ns, Reaching safepoint: 93927 ns, At safepoint: 7793 ns, Total: 101720 ns
[2020-09-11T15:48:28.249+0000][1][safepoint    ] Safepoint "Cleanup", Time since last: 1000231619 ns, Reaching safepoint: 130115 ns, At safepoint: 16388 ns, Total: 146503 ns
[2020-09-11T15:48:29.249+0000][1][safepoint    ] Safepoint "Cleanup", Time since last: 1000237961 ns, Reaching safepoint: 130597 ns, At safepoint: 20119 ns, Total: 150716 ns
[2020-09-11T15:48:30.250+0000][1][safepoint    ] Safepoint "Cleanup", Time since last: 1000194460 ns, Reaching safepoint: 167678 ns, At safepoint: 25345 ns, Total: 193023 ns
[2020-09-11T15:48:31.250+0000][1][safepoint    ] Safepoint "Cleanup", Time since last: 1000229317 ns, Reaching safepoint: 134873 ns, At safepoint: 19678 ns, Total: 154551 ns
[2020-09-11T15:48:32.250+0000][1][safepoint    ] Safepoint "Cleanup", Time since last: 1000224635 ns, Reaching safepoint: 94277 ns, At safepoint: 8779 ns, Total: 103056 ns
[2020-09-11T15:48:33.213+0000][1][safepoint    ] Safepoint "RevokeBias", Time since last: 962928479 ns, Reaching safepoint: 86433 ns, At safepoint: 22733 ns, Total: 109166 ns
[2020-09-11T15:48:34.214+0000][1][safepoint    ] Safepoint "Cleanup", Time since last: 1000183310 ns, Reaching safepoint: 89716 ns, At safepoint: 10051 ns, Total: 99767 ns
[2020-09-11T15:48:35.214+0000][1][safepoint    ] Safepoint "Cleanup", Time since last: 1000161255 ns, Reaching safepoint: 120168 ns, At safepoint: 9687 ns, Total: 129855 ns
[2020-09-11T15:48:36.214+0000][1][safepoint    ] Safepoint "Cleanup", Time since last: 1000196893 ns, Reaching safepoint: 135054 ns, At safepoint: 19130 ns, Total: 154184 ns
[2020-09-11T15:48:37.215+0000][1][safepoint    ] Safepoint "Cleanup", Time since last: 1000235830 ns, Reaching safepoint: 95195 ns, At safepoint: 8516 ns, Total: 103711 ns
[2020-09-11T15:48:38.215+0000][1][safepoint    ] Safepoint "Cleanup", Time since last: 1000156902 ns, Reaching safepoint: 119841 ns, At safepoint: 8338 ns, Total: 128179 ns
[2020-09-11T15:48:39.215+0000][1][safepoint    ] Safepoint "Cleanup", Time since last: 1000197791 ns, Reaching safepoint: 90891 ns, At safepoint: 7579 ns, Total: 98470 ns
[2020-09-11T15:48:40.216+0000][1][safepoint    ] Safepoint "Cleanup", Time since last: 1000190652 ns, Reaching safepoint: 97759 ns, At safepoint: 8425 ns, Total: 106184 ns
[2020-09-11T15:48:41.216+0000][1][safepoint    ] Safepoint "Cleanup", Time since last: 1000182669 ns, Reaching safepoint: 134806 ns, At safepoint: 19247 ns, Total: 154053 ns
[2020-09-11T15:48:42.216+0000][1][safepoint    ] Safepoint "Cleanup", Time since last: 1000281757 ns, Reaching safepoint: 89711 ns, At safepoint: 10368 ns, Total: 100079 ns
[2020-09-11T15:48:43.217+0000][1][safepoint    ] Safepoint "Cleanup", Time since last: 1000459049 ns, Reaching safepoint: 82724 ns, At safepoint: 9312 ns, Total: 92036 ns
[2020-09-11T15:48:43.218+0000][1][safepoint    ] Safepoint "RevokeBias", Time since last: 1037994 ns, Reaching safepoint: 177816 ns, At safepoint: 23486 ns, Total: 201302 ns
[2020-09-11T15:48:43.631+0000][1][gc,start     ] GC(90) Pause Young (Allocation Failure)
[2020-09-11T15:48:43.631+0000][1][gc,task      ] GC(90) Using 1 workers of 1 for evacuation
[2020-09-11T15:48:43.636+0000][1][gc,age       ] GC(90) Desired survivor size 4358144 bytes, new threshold 6 (max threshold 6)
[2020-09-11T15:48:43.636+0000][1][gc,age       ] GC(90) Age table with threshold 6 (max threshold 6)
[2020-09-11T15:48:43.636+0000][1][gc,age       ] GC(90) - age   1:      60728 bytes,      60728 total
[2020-09-11T15:48:43.636+0000][1][gc,age       ] GC(90) - age   2:      14304 bytes,      75032 total
[2020-09-11T15:48:43.636+0000][1][gc,age       ] GC(90) - age   3:       4736 bytes,      79768 total
[2020-09-11T15:48:43.636+0000][1][gc,age       ] GC(90) - age   4:      19896 bytes,      99664 total
[2020-09-11T15:48:43.637+0000][1][gc,age       ] GC(90) - age   5:     212576 bytes,     312240 total
[2020-09-11T15:48:43.637+0000][1][gc,age       ] GC(90) - age   6:      15592 bytes,     327832 total
[2020-09-11T15:48:43.637+0000][1][gc,heap      ] GC(90) ParNew: 68640K->337K(76672K)
[2020-09-11T15:48:43.637+0000][1][gc,heap      ] GC(90) CMS: 74883K->74944K(439104K)
[2020-09-11T15:48:43.637+0000][1][gc,metaspace ] GC(90) Metaspace: 90292K->90292K(1132544K)
[2020-09-11T15:48:43.637+0000][1][gc           ] GC(90) Pause Young (Allocation Failure) 140M->73M(503M) 5.506ms
[2020-09-11T15:48:43.637+0000][1][gc,cpu       ] GC(90) User=0.01s Sys=0.00s Real=0.01s
[2020-09-11T15:48:43.637+0000][1][safepoint    ] Safepoint "GenCollectForAllocation", Time since last: 412773557 ns, Reaching safepoint: 173545 ns, At safepoint: 5584914 ns, Total: 5758459 ns
[2020-09-11T15:48:44.643+0000][1][safepoint    ] Safepoint "Cleanup", Time since last: 1006356434 ns, Reaching safepoint: 251841 ns, At safepoint: 19709 ns, Total: 271550 ns
[2020-09-11T15:48:45.644+0000][1][safepoint    ] Safepoint "Cleanup", Time since last: 1000184987 ns, Reaching safepoint: 138057 ns, At safepoint: 18191 ns, Total: 156248 ns
[2020-09-11T15:48:46.646+0000][1][safepoint    ] Safepoint "Cleanup", Time since last: 1001843595 ns, Reaching safepoint: 136737 ns, At safepoint: 19000 ns, Total: 155737 ns
[2020-09-11T15:48:47.646+0000][1][safepoint    ] Safepoint "Cleanup", Time since last: 1000198727 ns, Reaching safepoint: 165681 ns, At safepoint: 15342 ns, Total: 181023 ns
[2020-09-11T15:48:49.647+0000][1][safepoint    ] Safepoint "Cleanup", Time since last: 2000348300 ns, Reaching safepoint: 185205 ns, At safepoint: 18940 ns, Total: 204145 ns
[2020-09-11T15:48:52.647+0000][1][safepoint    ] Safepoint "Cleanup", Time since last: 3000440212 ns, Reaching safepoint: 130807 ns, At safepoint: 10790 ns, Total: 141597 ns
[2020-09-11T15:48:53.243+0000][1][safepoint    ] Safepoint "RevokeBias", Time since last: 595132703 ns, Reaching safepoint: 264627 ns, At safepoint: 51224 ns, Total: 315851 ns
[2020-09-11T15:48:54.243+0000][1][safepoint    ] Safepoint "Cleanup", Time since last: 1000149173 ns, Reaching safepoint: 86160 ns, At safepoint: 8225 ns, Total: 94385 ns
[2020-09-11T15:48:59.244+0000][1][safepoint    ] Safepoint "Cleanup", Time since last: 5000816229 ns, Reaching safepoint: 160816 ns, At safepoint: 18763 ns, Total: 179579 ns
[2020-09-11T15:49:00.244+0000][1][safepoint    ] Safepoint "Cleanup", Time since last: 1000232303 ns, Reaching safepoint: 148324 ns, At safepoint: 17550 ns, Total: 165874 ns
[2020-09-11T15:49:03.252+0000][1][safepoint    ] Safepoint "RevokeBias", Time since last: 3007242208 ns, Reaching safepoint: 81563 ns, At safepoint: 22776 ns, Total: 104339 ns
[2020-09-11T15:49:04.252+0000][1][safepoint    ] Safepoint "Cleanup", Time since last: 1000189476 ns, Reaching safepoint: 147435 ns, At safepoint: 19765 ns, Total: 167200 ns
[2020-09-11T15:49:06.252+0000][1][safepoint    ] Safepoint "Cleanup", Time since last: 2000419281 ns, Reaching safepoint: 98618 ns, At safepoint: 8837 ns, Total: 107455 ns
[2020-09-11T15:49:07.253+0000][1][safepoint    ] Safepoint "Cleanup", Time since last: 1000150549 ns, Reaching safepoint: 168493 ns, At safepoint: 16855 ns, Total: 185348 ns
[2020-09-11T15:49:08.253+0000][1][safepoint    ] Safepoint "Cleanup", Time since last: 1000205021 ns, Reaching safepoint: 135755 ns, At safepoint: 17263 ns, Total: 153018 ns
[2020-09-11T15:49:09.254+0000][1][safepoint    ] Safepoint "Cleanup", Time since last: 1000216108 ns, Reaching safepoint: 133266 ns, At safepoint: 17236 ns, Total: 150502 ns
[2020-09-11T15:49:10.254+0000][1][safepoint    ] Safepoint "Cleanup", Time since last: 1000224586 ns, Reaching safepoint: 130870 ns, At safepoint: 17256 ns, Total: 148126 ns
[2020-09-11T15:49:11.254+0000][1][safepoint    ] Safepoint "Cleanup", Time since last: 1000221094 ns, Reaching safepoint: 100164 ns, At safepoint: 9406 ns, Total: 109570 ns
[2020-09-11T15:49:12.254+0000][1][safepoint    ] Safepoint "Cleanup", Time since last: 1000141172 ns, Reaching safepoint: 123484 ns, At safepoint: 9263 ns, Total: 132747 ns
[2020-09-11T15:49:13.217+0000][1][safepoint    ] Safepoint "RevokeBias", Time since last: 962368219 ns, Reaching safepoint: 193294 ns, At safepoint: 22837 ns, Total: 216131 ns
[2020-09-11T15:49:14.217+0000][1][safepoint    ] Safepoint "Cleanup", Time since last: 1000141930 ns, Reaching safepoint: 166880 ns, At safepoint: 19625 ns, Total: 186505 ns
[2020-09-11T15:49:14.603+0000][1][gc,start     ] GC(91) Pause Young (Allocation Failure)
[2020-09-11T15:49:14.603+0000][1][gc,task      ] GC(91) Using 1 workers of 1 for evacuation
[2020-09-11T15:49:14.614+0000][1][gc,age       ] GC(91) Desired survivor size 4358144 bytes, new threshold 6 (max threshold 6)
[2020-09-11T15:49:14.614+0000][1][gc,age       ] GC(91) Age table with threshold 6 (max threshold 6)
[2020-09-11T15:49:14.614+0000][1][gc,age       ] GC(91) - age   1:      52760 bytes,      52760 total
[2020-09-11T15:49:14.614+0000][1][gc,age       ] GC(91) - age   2:       9704 bytes,      62464 total
[2020-09-11T15:49:14.614+0000][1][gc,age       ] GC(91) - age   3:       2776 bytes,      65240 total
[2020-09-11T15:49:14.614+0000][1][gc,age       ] GC(91) - age   4:       1960 bytes,      67200 total
[2020-09-11T15:49:14.614+0000][1][gc,age       ] GC(91) - age   5:      19896 bytes,      87096 total
[2020-09-11T15:49:14.614+0000][1][gc,age       ] GC(91) - age   6:     212576 bytes,     299672 total
[2020-09-11T15:49:14.614+0000][1][gc,heap      ] GC(91) ParNew: 68497K->324K(76672K)
[2020-09-11T15:49:14.614+0000][1][gc,heap      ] GC(91) CMS: 74944K->74959K(439104K)
[2020-09-11T15:49:14.614+0000][1][gc,metaspace ] GC(91) Metaspace: 90365K->90365K(1132544K)
[2020-09-11T15:49:14.614+0000][1][gc           ] GC(91) Pause Young (Allocation Failure) 140M->73M(503M) 11.061ms
[2020-09-11T15:49:14.614+0000][1][gc,cpu       ] GC(91) User=0.01s Sys=0.00s Real=0.01s
[2020-09-11T15:49:14.614+0000][1][safepoint    ] Safepoint "GenCollectForAllocation", Time since last: 385009910 ns, Reaching safepoint: 256836 ns, At safepoint: 11150558 ns, Total: 11407394 ns
[2020-09-11T15:49:15.618+0000][1][safepoint    ] Safepoint "Cleanup", Time since last: 1003444109 ns, Reaching safepoint: 244177 ns, At safepoint: 46747 ns, Total: 290924 ns
[2020-09-11T15:49:16.618+0000][1][safepoint    ] Safepoint "Cleanup", Time since last: 1000177552 ns, Reaching safepoint: 345804 ns, At safepoint: 50506 ns, Total: 396310 ns
[2020-09-11T15:49:17.619+0000][1][safepoint    ] Safepoint "Cleanup", Time since last: 1000252339 ns, Reaching safepoint: 131432 ns, At safepoint: 6660 ns, Total: 138092 ns
[2020-09-11T15:49:18.619+0000][1][safepoint    ] Safepoint "Cleanup", Time since last: 1000178722 ns, Reaching safepoint: 117352 ns, At safepoint: 6253 ns, Total: 123605 ns
[2020-09-11T15:49:19.619+0000][1][safepoint    ] Safepoint "Cleanup", Time since last: 1000115599 ns, Reaching safepoint: 182947 ns, At safepoint: 7452 ns, Total: 190399 ns
[2020-09-11T15:49:20.619+0000][1][safepoint    ] Safepoint "Cleanup", Time since last: 1000167279 ns, Reaching safepoint: 116708 ns, At safepoint: 9016 ns, Total: 125724 ns
[2020-09-11T15:49:21.620+0000][1][safepoint    ] Safepoint "Cleanup", Time since last: 1000177195 ns, Reaching safepoint: 153442 ns, At safepoint: 20086 ns, Total: 173528 ns
[2020-09-11T15:49:22.620+0000][1][safepoint    ] Safepoint "Cleanup", Time since last: 1000210951 ns, Reaching safepoint: 145530 ns, At safepoint: 17614 ns, Total: 163144 ns
[2020-09-11T15:49:23.274+0000][1][safepoint    ] Safepoint "RevokeBias", Time since last: 653142591 ns, Reaching safepoint: 244364 ns, At safepoint: 48197 ns, Total: 292561 ns
[2020-09-11T15:49:24.274+0000][1][safepoint    ] Safepoint "Cleanup", Time since last: 1000205277 ns, Reaching safepoint: 131639 ns, At safepoint: 17577 ns, Total: 149216 ns
[2020-09-11T15:49:25.274+0000][1][safepoint    ] Safepoint "Cleanup", Time since last: 1000288752 ns, Reaching safepoint: 80593 ns, At safepoint: 7504 ns, Total: 88097 ns
[2020-09-11T15:49:26.275+0000][1][safepoint    ] Safepoint "Cleanup", Time since last: 1000190805 ns, Reaching safepoint: 106449 ns, At safepoint: 7758 ns, Total: 114207 ns
[2020-09-11T15:49:27.275+0000][1][safepoint    ] Safepoint "Cleanup", Time since last: 1000215632 ns, Reaching safepoint: 95880 ns, At safepoint: 7572 ns, Total: 103452 ns
[2020-09-11T15:49:28.275+0000][1][safepoint    ] Safepoint "Cleanup", Time since last: 1000191948 ns, Reaching safepoint: 90504 ns, At safepoint: 7964 ns, Total: 98468 ns
[2020-09-11T15:49:29.276+0000][1][safepoint    ] Safepoint "Cleanup", Time since last: 1000164007 ns, Reaching safepoint: 111746 ns, At safepoint: 7616 ns, Total: 119362 ns
[2020-09-11T15:49:30.276+0000][1][safepoint    ] Safepoint "Cleanup", Time since last: 1000179869 ns, Reaching safepoint: 143777 ns, At safepoint: 20126 ns, Total: 163903 ns
[2020-09-11T15:49:31.276+0000][1][safepoint    ] Safepoint "Cleanup", Time since last: 1000227523 ns, Reaching safepoint: 105226 ns, At safepoint: 9249 ns, Total: 114475 ns
[2020-09-11T15:49:32.276+0000][1][safepoint    ] Safepoint "Cleanup", Time since last: 1000181776 ns, Reaching safepoint: 106682 ns, At safepoint: 9491 ns, Total: 116173 ns
[2020-09-11T15:49:33.215+0000][1][safepoint    ] Safepoint "BulkRevokeBias", Time since last: 938591017 ns, Reaching safepoint: 88620 ns, At safepoint: 207614 ns, Total: 296234 ns
[2020-09-11T15:49:34.216+0000][1][safepoint    ] Safepoint "Cleanup", Time since last: 1000130885 ns, Reaching safepoint: 143022 ns, At safepoint: 18071 ns, Total: 161093 ns
[2020-09-11T15:49:35.216+0000][1][safepoint    ] Safepoint "Cleanup", Time since last: 1000213434 ns, Reaching safepoint: 76452 ns, At safepoint: 7577 ns, Total: 84029 ns
[2020-09-11T15:49:36.216+0000][1][safepoint    ] Safepoint "Cleanup", Time since last: 1000177294 ns, Reaching safepoint: 101047 ns, At safepoint: 8592 ns, Total: 109639 ns
[2020-09-11T15:49:37.217+0000][1][safepoint    ] Safepoint "Cleanup", Time since last: 1000176936 ns, Reaching safepoint: 146820 ns, At safepoint: 18913 ns, Total: 165733 ns
[2020-09-11T15:49:38.217+0000][1][safepoint    ] Safepoint "Cleanup", Time since last: 1000226602 ns, Reaching safepoint: 150706 ns, At safepoint: 16701 ns, Total: 167407 ns
[2020-09-11T15:49:42.218+0000][1][safepoint    ] Safepoint "Cleanup", Time since last: 4000558385 ns, Reaching safepoint: 104371 ns, At safepoint: 6805 ns, Total: 111176 ns
[2020-09-11T15:49:43.225+0000][1][safepoint    ] Safepoint "RevokeBias", Time since last: 1007382009 ns, Reaching safepoint: 354504 ns, At safepoint: 23903 ns, Total: 378407 ns
[2020-09-11T15:49:43.628+0000][1][gc,start     ] GC(92) Pause Young (Allocation Failure)
[2020-09-11T15:49:43.628+0000][1][gc,task      ] GC(92) Using 1 workers of 1 for evacuation
[2020-09-11T15:49:43.633+0000][1][gc,age       ] GC(92) Desired survivor size 4358144 bytes, new threshold 6 (max threshold 6)
[2020-09-11T15:49:43.633+0000][1][gc,age       ] GC(92) Age table with threshold 6 (max threshold 6)
[2020-09-11T15:49:43.633+0000][1][gc,age       ] GC(92) - age   1:      59888 bytes,      59888 total
[2020-09-11T15:49:43.633+0000][1][gc,age       ] GC(92) - age   2:      17064 bytes,      76952 total
[2020-09-11T15:49:43.633+0000][1][gc,age       ] GC(92) - age   3:       4456 bytes,      81408 total
[2020-09-11T15:49:43.633+0000][1][gc,age       ] GC(92) - age   4:       1536 bytes,      82944 total
[2020-09-11T15:49:43.633+0000][1][gc,age       ] GC(92) - age   5:        720 bytes,      83664 total
[2020-09-11T15:49:43.633+0000][1][gc,age       ] GC(92) - age   6:      19600 bytes,     103264 total
[2020-09-11T15:49:43.633+0000][1][gc,heap      ] GC(92) ParNew: 68484K->300K(76672K)
[2020-09-11T15:49:43.633+0000][1][gc,heap      ] GC(92) CMS: 74959K->75177K(439104K)
[2020-09-11T15:49:43.633+0000][1][gc,metaspace ] GC(92) Metaspace: 90448K->90448K(1132544K)
[2020-09-11T15:49:43.633+0000][1][gc           ] GC(92) Pause Young (Allocation Failure) 140M->73M(503M) 5.474ms
[2020-09-11T15:49:43.633+0000][1][gc,cpu       ] GC(92) User=0.01s Sys=0.00s Real=0.01s
[2020-09-11T15:49:43.634+0000][1][safepoint    ] Safepoint "GenCollectForAllocation", Time since last: 402365195 ns, Reaching safepoint: 198672 ns, At safepoint: 5564972 ns, Total: 5763644 ns
[2020-09-11T15:49:44.641+0000][1][safepoint    ] Safepoint "Cleanup", Time since last: 1007445475 ns, Reaching safepoint: 107403 ns, At safepoint: 22735 ns, Total: 130138 ns
[2020-09-11T15:49:45.641+0000][1][safepoint    ] Safepoint "Cleanup", Time since last: 1000190688 ns, Reaching safepoint: 99176 ns, At safepoint: 8155 ns, Total: 107331 ns
[2020-09-11T15:49:46.642+0000][1][safepoint    ] Safepoint "Cleanup", Time since last: 1000183282 ns, Reaching safepoint: 98986 ns, At safepoint: 7396 ns, Total: 106382 ns
[2020-09-11T15:49:47.642+0000][1][safepoint    ] Safepoint "Cleanup", Time since last: 1000111409 ns, Reaching safepoint: 81409 ns, At safepoint: 9495 ns, Total: 90904 ns
[2020-09-11T15:49:48.642+0000][1][safepoint    ] Safepoint "Cleanup", Time since last: 1000204572 ns, Reaching safepoint: 122209 ns, At safepoint: 9335 ns, Total: 131544 ns
[2020-09-11T15:49:49.643+0000][1][safepoint    ] Safepoint "Cleanup", Time since last: 1000135143 ns, Reaching safepoint: 141866 ns, At safepoint: 16919 ns, Total: 158785 ns
[2020-09-11T15:49:50.643+0000][1][safepoint    ] Safepoint "Cleanup", Time since last: 1000221558 ns, Reaching safepoint: 106935 ns, At safepoint: 8777 ns, Total: 115712 ns
[2020-09-11T15:49:51.643+0000][1][safepoint    ] Safepoint "Cleanup", Time since last: 1000135622 ns, Reaching safepoint: 116221 ns, At safepoint: 6780 ns, Total: 123001 ns
[2020-09-11T15:49:52.644+0000][1][safepoint    ] Safepoint "Cleanup", Time since last: 1000205096 ns, Reaching safepoint: 161464 ns, At safepoint: 19458 ns, Total: 180922 ns
[2020-09-11T15:49:53.245+0000][1][safepoint    ] Safepoint "RevokeBias", Time since last: 600999760 ns, Reaching safepoint: 171209 ns, At safepoint: 24866 ns, Total: 196075 ns
[2020-09-11T15:49:54.245+0000][1][safepoint    ] Safepoint "Cleanup", Time since last: 1000184322 ns, Reaching safepoint: 145697 ns, At safepoint: 19545 ns, Total: 165242 ns
[2020-09-11T15:49:55.245+0000][1][safepoint    ] Safepoint "Cleanup", Time since last: 1000224011 ns, Reaching safepoint: 145203 ns, At safepoint: 19549 ns, Total: 164752 ns
[2020-09-11T15:49:56.246+0000][1][safepoint    ] Safepoint "Cleanup", Time since last: 1000229935 ns, Reaching safepoint: 91105 ns, At safepoint: 8035 ns, Total: 99140 ns
[2020-09-11T15:49:57.246+0000][1][safepoint    ] Safepoint "Cleanup", Time since last: 1000205353 ns, Reaching safepoint: 98477 ns, At safepoint: 7398 ns, Total: 105875 ns
[2020-09-11T15:49:58.246+0000][1][safepoint    ] Safepoint "Cleanup", Time since last: 1000135166 ns, Reaching safepoint: 143456 ns, At safepoint: 15212 ns, Total: 158668 ns
[2020-09-11T15:49:58.865+0000][1][safepoint    ] Safepoint "RevokeBias", Time since last: 617934552 ns, Reaching safepoint: 266862 ns, At safepoint: 46818 ns, Total: 313680 ns
[2020-09-11T15:49:58.933+0000][1][safepoint    ] Safepoint "RevokeBias", Time since last: 68223615 ns, Reaching safepoint: 104239 ns, At safepoint: 39310 ns, Total: 143549 ns
[2020-09-11T15:49:59.140+0000][1][safepoint    ] Safepoint "RevokeBias", Time since last: 206950917 ns, Reaching safepoint: 156569 ns, At safepoint: 45485 ns, Total: 202054 ns
[2020-09-11T15:49:59.140+0000][1][safepoint    ] Safepoint "RevokeBias", Time since last: 206534 ns, Reaching safepoint: 72566 ns, At safepoint: 29484 ns, Total: 102050 ns
[2020-09-11T15:49:59.227+0000][1][safepoint    ] Safepoint "RevokeBias", Time since last: 86745356 ns, Reaching safepoint: 129694 ns, At safepoint: 40777 ns, Total: 170471 ns
[2020-09-11T15:49:59.228+0000][1][safepoint    ] Safepoint "RevokeBias", Time since last: 188312 ns, Reaching safepoint: 71952 ns, At safepoint: 29167 ns, Total: 101119 ns
[2020-09-11T15:50:00.228+0000][1][safepoint    ] Safepoint "Cleanup", Time since last: 1000149811 ns, Reaching safepoint: 112310 ns, At safepoint: 6727 ns, Total: 119037 ns
[2020-09-11T15:50:01.228+0000][1][safepoint    ] Safepoint "Cleanup", Time since last: 1000145663 ns, Reaching safepoint: 136861 ns, At safepoint: 15615 ns, Total: 152476 ns
[2020-09-11T15:50:02.229+0000][1][safepoint    ] Safepoint "Cleanup", Time since last: 1000206193 ns, Reaching safepoint: 137158 ns, At safepoint: 15278 ns, Total: 152436 ns
[2020-09-11T15:50:03.229+0000][1][safepoint    ] Safepoint "Cleanup", Time since last: 1000308849 ns, Reaching safepoint: 73110 ns, At safepoint: 6822 ns, Total: 79932 ns
[2020-09-11T15:50:03.233+0000][1][safepoint    ] Safepoint "RevokeBias", Time since last: 3619430 ns, Reaching safepoint: 207384 ns, At safepoint: 21947 ns, Total: 229331 ns
[2020-09-11T15:50:04.233+0000][1][safepoint    ] Safepoint "Cleanup", Time since last: 1000124688 ns, Reaching safepoint: 144448 ns, At safepoint: 15526 ns, Total: 159974 ns
[2020-09-11T15:50:05.233+0000][1][safepoint    ] Safepoint "Cleanup", Time since last: 1000180230 ns, Reaching safepoint: 115157 ns, At safepoint: 6414 ns, Total: 121571 ns
[2020-09-11T15:50:06.234+0000][1][safepoint    ] Safepoint "Cleanup", Time since last: 1000138511 ns, Reaching safepoint: 122478 ns, At safepoint: 16210 ns, Total: 138688 ns
[2020-09-11T15:50:06.705+0000][1][safepoint    ] Safepoint "RevokeBias", Time since last: 471165872 ns, Reaching safepoint: 181971 ns, At safepoint: 16341 ns, Total: 198312 ns
[2020-09-11T15:50:06.800+0000][1][safepoint    ] Safepoint "RevokeBias", Time since last: 94269179 ns, Reaching safepoint: 188785 ns, At safepoint: 21078 ns, Total: 209863 ns
[2020-09-11T15:50:07.800+0000][1][safepoint    ] Safepoint "Cleanup", Time since last: 1000178924 ns, Reaching safepoint: 136443 ns, At safepoint: 17387 ns, Total: 153830 ns
[2020-09-11T15:50:08.800+0000][1][safepoint    ] Safepoint "Cleanup", Time since last: 1000230170 ns, Reaching safepoint: 166766 ns, At safepoint: 19641 ns, Total: 186407 ns
[2020-09-11T15:50:09.801+0000][1][safepoint    ] Safepoint "Cleanup", Time since last: 1000207938 ns, Reaching safepoint: 103086 ns, At safepoint: 7605 ns, Total: 110691 ns
[2020-09-11T15:50:10.801+0000][1][safepoint    ] Safepoint "Cleanup", Time since last: 1000132986 ns, Reaching safepoint: 143215 ns, At safepoint: 17280 ns, Total: 160495 ns
[2020-09-11T15:50:11.503+0000][1][safepoint    ] Safepoint "RevokeBias", Time since last: 702075084 ns, Reaching safepoint: 248780 ns, At safepoint: 46551 ns, Total: 295331 ns
[2020-09-11T15:50:12.504+0000][1][safepoint    ] Safepoint "Cleanup", Time since last: 1000191944 ns, Reaching safepoint: 121122 ns, At safepoint: 7296 ns, Total: 128418 ns
[2020-09-11T15:50:13.216+0000][1][safepoint    ] Safepoint "RevokeBias", Time since last: 711835292 ns, Reaching safepoint: 78672 ns, At safepoint: 20681 ns, Total: 99353 ns
[2020-09-11T15:50:13.771+0000][1][gc,start     ] GC(93) Pause Young (Allocation Failure)
[2020-09-11T15:50:13.771+0000][1][gc,task      ] GC(93) Using 1 workers of 1 for evacuation
[2020-09-11T15:50:13.775+0000][1][gc,age       ] GC(93) Desired survivor size 4358144 bytes, new threshold 6 (max threshold 6)
[2020-09-11T15:50:13.775+0000][1][gc,age       ] GC(93) Age table with threshold 6 (max threshold 6)
[2020-09-11T15:50:13.775+0000][1][gc,age       ] GC(93) - age   1:      48496 bytes,      48496 total
[2020-09-11T15:50:13.775+0000][1][gc,age       ] GC(93) - age   2:       8376 bytes,      56872 total
[2020-09-11T15:50:13.775+0000][1][gc,age       ] GC(93) - age   3:       9328 bytes,      66200 total
[2020-09-11T15:50:13.775+0000][1][gc,age       ] GC(93) - age   4:       1976 bytes,      68176 total
[2020-09-11T15:50:13.775+0000][1][gc,age       ] GC(93) - age   5:       1536 bytes,      69712 total
[2020-09-11T15:50:13.775+0000][1][gc,age       ] GC(93) - age   6:        720 bytes,      70432 total
[2020-09-11T15:50:13.775+0000][1][gc,heap      ] GC(93) ParNew: 68460K->100K(76672K)
[2020-09-11T15:50:13.775+0000][1][gc,heap      ] GC(93) CMS: 75177K->75196K(439104K)
[2020-09-11T15:50:13.775+0000][1][gc,metaspace ] GC(93) Metaspace: 90499K->90499K(1132544K)
[2020-09-11T15:50:13.775+0000][1][gc           ] GC(93) Pause Young (Allocation Failure) 140M->73M(503M) 4.723ms
[2020-09-11T15:50:13.775+0000][1][gc,cpu       ] GC(93) User=0.00s Sys=0.00s Real=0.01s
[2020-09-11T15:50:13.775+0000][1][safepoint    ] Safepoint "GenCollectForAllocation", Time since last: 554888817 ns, Reaching safepoint: 149082 ns, At safepoint: 4785343 ns, Total: 4934425 ns
[2020-09-11T15:50:14.781+0000][1][safepoint    ] Safepoint "Cleanup", Time since last: 1005723856 ns, Reaching safepoint: 120387 ns, At safepoint: 16478 ns, Total: 136865 ns
[2020-09-11T15:50:15.782+0000][1][safepoint    ] Safepoint "Cleanup", Time since last: 1000193600 ns, Reaching safepoint: 131726 ns, At safepoint: 15736 ns, Total: 147462 ns
[2020-09-11T15:50:16.782+0000][1][safepoint    ] Safepoint "Cleanup", Time since last: 1000211075 ns, Reaching safepoint: 119328 ns, At safepoint: 15889 ns, Total: 135217 ns
[2020-09-11T15:50:17.386+0000][1][safepoint    ] Safepoint "RevokeBias", Time since last: 603611955 ns, Reaching safepoint: 139343 ns, At safepoint: 43844 ns, Total: 183187 ns
[2020-09-11T15:50:18.386+0000][1][safepoint    ] Safepoint "Cleanup", Time since last: 1000212232 ns, Reaching safepoint: 103901 ns, At safepoint: 7237 ns, Total: 111138 ns
[2020-09-11T15:50:19.386+0000][1][safepoint    ] Safepoint "Cleanup", Time since last: 1000191117 ns, Reaching safepoint: 91171 ns, At safepoint: 6689 ns, Total: 97860 ns
[2020-09-11T15:50:20.387+0000][1][safepoint    ] Safepoint "Cleanup", Time since last: 1000198927 ns, Reaching safepoint: 137025 ns, At safepoint: 17837 ns, Total: 154862 ns
[2020-09-11T15:50:21.387+0000][1][safepoint    ] Safepoint "Cleanup", Time since last: 1000210453 ns, Reaching safepoint: 101520 ns, At safepoint: 7205 ns, Total: 108725 ns
[2020-09-11T15:50:22.387+0000][1][safepoint    ] Safepoint "Cleanup", Time since last: 1000177353 ns, Reaching safepoint: 102673 ns, At safepoint: 7104 ns, Total: 109777 ns
[2020-09-11T15:50:23.248+0000][1][safepoint    ] Safepoint "RevokeBias", Time since last: 860968057 ns, Reaching safepoint: 87209 ns, At safepoint: 21878 ns, Total: 109087 ns
[2020-09-11T15:50:24.249+0000][1][safepoint    ] Safepoint "Cleanup", Time since last: 1000175817 ns, Reaching safepoint: 100192 ns, At safepoint: 6713 ns, Total: 106905 ns
[2020-09-11T15:50:25.249+0000][1][safepoint    ] Safepoint "Cleanup", Time since last: 1000149118 ns, Reaching safepoint: 96606 ns, At safepoint: 6927 ns, Total: 103533 ns
[2020-09-11T15:50:26.249+0000][1][safepoint    ] Safepoint "Cleanup", Time since last: 1000168048 ns, Reaching safepoint: 103875 ns, At safepoint: 7154 ns, Total: 111029 ns
[2020-09-11T15:50:27.249+0000][1][safepoint    ] Safepoint "Cleanup", Time since last: 1000177434 ns, Reaching safepoint: 93560 ns, At safepoint: 6548 ns, Total: 100108 ns
[2020-09-11T15:50:28.250+0000][1][safepoint    ] Safepoint "Cleanup", Time since last: 1000122934 ns, Reaching safepoint: 119580 ns, At safepoint: 6894 ns, Total: 126474 ns
[2020-09-11T15:50:29.250+0000][1][safepoint    ] Safepoint "Cleanup", Time since last: 1000179813 ns, Reaching safepoint: 128983 ns, At safepoint: 18309 ns, Total: 147292 ns
[2020-09-11T15:50:30.250+0000][1][safepoint    ] Safepoint "Cleanup", Time since last: 1000216637 ns, Reaching safepoint: 110172 ns, At safepoint: 6766 ns, Total: 116938 ns
[2020-09-11T15:50:31.251+0000][1][safepoint    ] Safepoint "Cleanup", Time since last: 1000189093 ns, Reaching safepoint: 138087 ns, At safepoint: 18546 ns, Total: 156633 ns
[2020-09-11T15:50:32.251+0000][1][safepoint    ] Safepoint "Cleanup", Time since last: 1000221704 ns, Reaching safepoint: 151457 ns, At safepoint: 18068 ns, Total: 169525 ns
[2020-09-11T15:50:33.233+0000][1][safepoint    ] Safepoint "RevokeBias", Time since last: 981580755 ns, Reaching safepoint: 261406 ns, At safepoint: 47930 ns, Total: 309336 ns
[2020-09-11T15:50:34.233+0000][1][safepoint    ] Safepoint "Cleanup", Time since last: 1000208080 ns, Reaching safepoint: 142620 ns, At safepoint: 17360 ns, Total: 159980 ns
[2020-09-11T15:50:35.234+0000][1][safepoint    ] Safepoint "Cleanup", Time since last: 1000227870 ns, Reaching safepoint: 102347 ns, At safepoint: 6746 ns, Total: 109093 ns
[2020-09-11T15:50:36.234+0000][1][safepoint    ] Safepoint "Cleanup", Time since last: 1000188930 ns, Reaching safepoint: 98785 ns, At safepoint: 7574 ns, Total: 106359 ns
[2020-09-11T15:50:37.234+0000][1][safepoint    ] Safepoint "Cleanup", Time since last: 1000190233 ns, Reaching safepoint: 94778 ns, At safepoint: 7196 ns, Total: 101974 ns
[2020-09-11T15:50:38.235+0000][1][safepoint    ] Safepoint "Cleanup", Time since last: 1000131593 ns, Reaching safepoint: 136533 ns, At safepoint: 15703 ns, Total: 152236 ns
[2020-09-11T15:50:39.235+0000][1][safepoint    ] Safepoint "Cleanup", Time since last: 1000176036 ns, Reaching safepoint: 115399 ns, At safepoint: 7201 ns, Total: 122600 ns
[2020-09-11T15:50:40.235+0000][1][safepoint    ] Safepoint "Cleanup", Time since last: 1000163364 ns, Reaching safepoint: 156238 ns, At safepoint: 19071 ns, Total: 175309 ns
[2020-09-11T15:50:41.235+0000][1][safepoint    ] Safepoint "Cleanup", Time since last: 1000167896 ns, Reaching safepoint: 86762 ns, At safepoint: 9849 ns, Total: 96611 ns
[2020-09-11T15:50:42.236+0000][1][safepoint    ] Safepoint "Cleanup", Time since last: 1000185693 ns, Reaching safepoint: 149874 ns, At safepoint: 17427 ns, Total: 167301 ns
[2020-09-11T15:50:43.224+0000][1][safepoint    ] Safepoint "RevokeBias", Time since last: 987803060 ns, Reaching safepoint: 86485 ns, At safepoint: 24092 ns, Total: 110577 ns
[2020-09-11T15:50:44.225+0000][1][safepoint    ] Safepoint "Cleanup", Time since last: 1001036256 ns, Reaching safepoint: 76496 ns, At safepoint: 6885 ns, Total: 83381 ns
[2020-09-11T15:50:44.734+0000][1][gc,start     ] GC(94) Pause Young (Allocation Failure)
[2020-09-11T15:50:44.734+0000][1][gc,task      ] GC(94) Using 1 workers of 1 for evacuation
[2020-09-11T15:50:44.741+0000][1][gc,age       ] GC(94) Desired survivor size 4358144 bytes, new threshold 6 (max threshold 6)
[2020-09-11T15:50:44.741+0000][1][gc,age       ] GC(94) Age table with threshold 6 (max threshold 6)
[2020-09-11T15:50:44.741+0000][1][gc,age       ] GC(94) - age   1:      51208 bytes,      51208 total
[2020-09-11T15:50:44.741+0000][1][gc,age       ] GC(94) - age   2:      13592 bytes,      64800 total
[2020-09-11T15:50:44.741+0000][1][gc,age       ] GC(94) - age   3:       4368 bytes,      69168 total
[2020-09-11T15:50:44.741+0000][1][gc,age       ] GC(94) - age   4:       2136 bytes,      71304 total
[2020-09-11T15:50:44.741+0000][1][gc,age       ] GC(94) - age   5:       1680 bytes,      72984 total
[2020-09-11T15:50:44.741+0000][1][gc,age       ] GC(94) - age   6:       1536 bytes,      74520 total
[2020-09-11T15:50:44.741+0000][1][gc,heap      ] GC(94) ParNew: 68260K->76K(76672K)
[2020-09-11T15:50:44.741+0000][1][gc,heap      ] GC(94) CMS: 75196K->75197K(439104K)
[2020-09-11T15:50:44.741+0000][1][gc,metaspace ] GC(94) Metaspace: 90543K->90543K(1132544K)
[2020-09-11T15:50:44.741+0000][1][gc           ] GC(94) Pause Young (Allocation Failure) 140M->73M(503M) 7.471ms
[2020-09-11T15:50:44.741+0000][1][gc,cpu       ] GC(94) User=0.01s Sys=0.00s Real=0.01s
[2020-09-11T15:50:44.741+0000][1][safepoint    ] Safepoint "GenCollectForAllocation", Time since last: 508059970 ns, Reaching safepoint: 639265 ns, At safepoint: 7538044 ns, Total: 8177309 ns
[2020-09-11T15:50:45.747+0000][1][safepoint    ] Safepoint "Cleanup", Time since last: 1006132606 ns, Reaching safepoint: 68568 ns, At safepoint: 16814 ns, Total: 85382 ns
[2020-09-11T15:50:46.747+0000][1][safepoint    ] Safepoint "Cleanup", Time since last: 1000103970 ns, Reaching safepoint: 65824 ns, At safepoint: 14148 ns, Total: 79972 ns
[2020-09-11T15:50:47.748+0000][1][safepoint    ] Safepoint "Cleanup", Time since last: 1000103385 ns, Reaching safepoint: 79017 ns, At safepoint: 18811 ns, Total: 97828 ns
[2020-09-11T15:50:48.748+0000][1][safepoint    ] Safepoint "Cleanup", Time since last: 1000109088 ns, Reaching safepoint: 72226 ns, At safepoint: 6853 ns, Total: 79079 ns
[2020-09-11T15:50:49.749+0000][1][safepoint    ] Safepoint "Cleanup", Time since last: 1000878736 ns, Reaching safepoint: 66841 ns, At safepoint: 6333 ns, Total: 73174 ns
[2020-09-11T15:50:50.749+0000][1][safepoint    ] Safepoint "Cleanup", Time since last: 1000100345 ns, Reaching safepoint: 68976 ns, At safepoint: 6220 ns, Total: 75196 ns
[2020-09-11T15:50:51.749+0000][1][safepoint    ] Safepoint "Cleanup", Time since last: 1000123591 ns, Reaching safepoint: 78186 ns, At safepoint: 6781 ns, Total: 84967 ns
[2020-09-11T15:50:52.749+0000][1][safepoint    ] Safepoint "Cleanup", Time since last: 1000142099 ns, Reaching safepoint: 111005 ns, At safepoint: 5960 ns, Total: 116965 ns
[2020-09-11T15:50:53.594+0000][1][safepoint    ] Safepoint "RevokeBias", Time since last: 844863395 ns, Reaching safepoint: 89967 ns, At safepoint: 42198 ns, Total: 132165 ns
[2020-09-11T15:50:54.599+0000][1][safepoint    ] Safepoint "Cleanup", Time since last: 1004151941 ns, Reaching safepoint: 76765 ns, At safepoint: 6696 ns, Total: 83461 ns
[2020-09-11T15:50:55.599+0000][1][safepoint    ] Safepoint "Cleanup", Time since last: 1000176213 ns, Reaching safepoint: 76632 ns, At safepoint: 6899 ns, Total: 83531 ns
[2020-09-11T15:50:56.599+0000][1][safepoint    ] Safepoint "Cleanup", Time since last: 1000209255 ns, Reaching safepoint: 108717 ns, At safepoint: 7232 ns, Total: 115949 ns
[2020-09-11T15:50:57.600+0000][1][safepoint    ] Safepoint "Cleanup", Time since last: 1000244499 ns, Reaching safepoint: 102442 ns, At safepoint: 8084 ns, Total: 110526 ns
[2020-09-11T15:50:58.600+0000][1][safepoint    ] Safepoint "Cleanup", Time since last: 1000247512 ns, Reaching safepoint: 157952 ns, At safepoint: 17350 ns, Total: 175302 ns
[2020-09-11T15:50:59.600+0000][1][safepoint    ] Safepoint "Cleanup", Time since last: 1000244291 ns, Reaching safepoint: 117378 ns, At safepoint: 7156 ns, Total: 124534 ns
[2020-09-11T15:51:00.601+0000][1][safepoint    ] Safepoint "Cleanup", Time since last: 1000195236 ns, Reaching safepoint: 126980 ns, At safepoint: 9069 ns, Total: 136049 ns
[2020-09-11T15:51:01.601+0000][1][safepoint    ] Safepoint "Cleanup", Time since last: 1000193737 ns, Reaching safepoint: 112781 ns, At safepoint: 10540 ns, Total: 123321 ns
[2020-09-11T15:51:02.601+0000][1][safepoint    ] Safepoint "Cleanup", Time since last: 1000144334 ns, Reaching safepoint: 136748 ns, At safepoint: 10193 ns, Total: 146941 ns
[2020-09-11T15:51:03.224+0000][1][safepoint    ] Safepoint "RevokeBias", Time since last: 622491334 ns, Reaching safepoint: 90540 ns, At safepoint: 26090 ns, Total: 116630 ns
[2020-09-11T15:51:04.224+0000][1][safepoint    ] Safepoint "Cleanup", Time since last: 1000123070 ns, Reaching safepoint: 80859 ns, At safepoint: 7238 ns, Total: 88097 ns
[2020-09-11T15:51:05.224+0000][1][safepoint    ] Safepoint "Cleanup", Time since last: 1000192685 ns, Reaching safepoint: 98813 ns, At safepoint: 6873 ns, Total: 105686 ns
[2020-09-11T15:51:06.225+0000][1][safepoint    ] Safepoint "Cleanup", Time since last: 1000126105 ns, Reaching safepoint: 181934 ns, At safepoint: 12782 ns, Total: 194716 ns
[2020-09-11T15:51:07.225+0000][1][safepoint    ] Safepoint "Cleanup", Time since last: 1000169232 ns, Reaching safepoint: 112958 ns, At safepoint: 9099 ns, Total: 122057 ns
[2020-09-11T15:51:08.225+0000][1][safepoint    ] Safepoint "Cleanup", Time since last: 1000172205 ns, Reaching safepoint: 138572 ns, At safepoint: 18499 ns, Total: 157071 ns
[2020-09-11T15:51:09.226+0000][1][safepoint    ] Safepoint "Cleanup", Time since last: 1000203737 ns, Reaching safepoint: 102072 ns, At safepoint: 8919 ns, Total: 110991 ns
[2020-09-11T15:51:10.226+0000][1][safepoint    ] Safepoint "Cleanup", Time since last: 1000204300 ns, Reaching safepoint: 111540 ns, At safepoint: 6794 ns, Total: 118334 ns
[2020-09-11T15:51:11.226+0000][1][safepoint    ] Safepoint "Cleanup", Time since last: 1000161030 ns, Reaching safepoint: 103261 ns, At safepoint: 8660 ns, Total: 111921 ns
[2020-09-11T15:51:12.227+0000][1][safepoint    ] Safepoint "Cleanup", Time since last: 1000133546 ns, Reaching safepoint: 133700 ns, At safepoint: 14543 ns, Total: 148243 ns
[2020-09-11T15:51:13.227+0000][1][safepoint    ] Safepoint "Cleanup", Time since last: 1000156794 ns, Reaching safepoint: 114879 ns, At safepoint: 7156 ns, Total: 122035 ns
[2020-09-11T15:51:13.249+0000][1][safepoint    ] Safepoint "RevokeBias", Time since last: 22396151 ns, Reaching safepoint: 82240 ns, At safepoint: 22389 ns, Total: 104629 ns
[2020-09-11T15:51:13.640+0000][1][gc,start     ] GC(95) Pause Young (Allocation Failure)
[2020-09-11T15:51:13.640+0000][1][gc,task      ] GC(95) Using 1 workers of 1 for evacuation
[2020-09-11T15:51:13.649+0000][1][gc,age       ] GC(95) Desired survivor size 4358144 bytes, new threshold 6 (max threshold 6)
[2020-09-11T15:51:13.649+0000][1][gc,age       ] GC(95) Age table with threshold 6 (max threshold 6)
[2020-09-11T15:51:13.649+0000][1][gc,age       ] GC(95) - age   1:      46360 bytes,      46360 total
[2020-09-11T15:51:13.649+0000][1][gc,age       ] GC(95) - age   2:      13856 bytes,      60216 total
[2020-09-11T15:51:13.649+0000][1][gc,age       ] GC(95) - age   3:       8632 bytes,      68848 total
[2020-09-11T15:51:13.649+0000][1][gc,age       ] GC(95) - age   4:       3128 bytes,      71976 total
[2020-09-11T15:51:13.649+0000][1][gc,age       ] GC(95) - age   5:       2136 bytes,      74112 total
[2020-09-11T15:51:13.649+0000][1][gc,age       ] GC(95) - age   6:       1680 bytes,      75792 total
[2020-09-11T15:51:13.649+0000][1][gc,heap      ] GC(95) ParNew: 68236K->147K(76672K)
[2020-09-11T15:51:13.649+0000][1][gc,heap      ] GC(95) CMS: 75197K->75199K(439104K)
[2020-09-11T15:51:13.649+0000][1][gc,metaspace ] GC(95) Metaspace: 90590K->90590K(1132544K)
[2020-09-11T15:51:13.649+0000][1][gc           ] GC(95) Pause Young (Allocation Failure) 140M->73M(503M) 8.492ms
[2020-09-11T15:51:13.649+0000][1][gc,cpu       ] GC(95) User=0.01s Sys=0.00s Real=0.01s
[2020-09-11T15:51:13.649+0000][1][safepoint    ] Safepoint "GenCollectForAllocation", Time since last: 390915287 ns, Reaching safepoint: 73938 ns, At safepoint: 8555897 ns, Total: 8629835 ns
[2020-09-11T15:51:14.650+0000][1][safepoint    ] Safepoint "Cleanup", Time since last: 1000784129 ns, Reaching safepoint: 71560 ns, At safepoint: 17510 ns, Total: 89070 ns
[2020-09-11T15:51:15.650+0000][1][safepoint    ] Safepoint "Cleanup", Time since last: 1000135521 ns, Reaching safepoint: 145974 ns, At safepoint: 42000 ns, Total: 187974 ns
[2020-09-11T15:51:16.650+0000][1][safepoint    ] Safepoint "Cleanup", Time since last: 1000206411 ns, Reaching safepoint: 110395 ns, At safepoint: 7547 ns, Total: 117942 ns
[2020-09-11T15:51:17.651+0000][1][safepoint    ] Safepoint "Cleanup", Time since last: 1000188999 ns, Reaching safepoint: 113176 ns, At safepoint: 6735 ns, Total: 119911 ns
[2020-09-11T15:51:18.651+0000][1][safepoint    ] Safepoint "Cleanup", Time since last: 1000188954 ns, Reaching safepoint: 102622 ns, At safepoint: 8082 ns, Total: 110704 ns
[2020-09-11T15:51:19.651+0000][1][safepoint    ] Safepoint "Cleanup", Time since last: 1000175697 ns, Reaching safepoint: 108239 ns, At safepoint: 7358 ns, Total: 115597 ns
[2020-09-11T15:51:20.652+0000][1][safepoint    ] Safepoint "Cleanup", Time since last: 1000189417 ns, Reaching safepoint: 162833 ns, At safepoint: 18937 ns, Total: 181770 ns
[2020-09-11T15:51:21.652+0000][1][safepoint    ] Safepoint "Cleanup", Time since last: 1000159493 ns, Reaching safepoint: 82548 ns, At safepoint: 9455 ns, Total: 92003 ns
[2020-09-11T15:51:22.652+0000][1][safepoint    ] Safepoint "Cleanup", Time since last: 1000141847 ns, Reaching safepoint: 170468 ns, At safepoint: 21897 ns, Total: 192365 ns
[2020-09-11T15:51:23.320+0000][1][safepoint    ] Safepoint "RevokeBias", Time since last: 667499621 ns, Reaching safepoint: 89886 ns, At safepoint: 23047 ns, Total: 112933 ns
[2020-09-11T15:51:24.320+0000][1][safepoint    ] Safepoint "Cleanup", Time since last: 1000169093 ns, Reaching safepoint: 122294 ns, At safepoint: 6914 ns, Total: 129208 ns
[2020-09-11T15:51:25.321+0000][1][safepoint    ] Safepoint "Cleanup", Time since last: 1000133305 ns, Reaching safepoint: 110794 ns, At safepoint: 15228 ns, Total: 126022 ns
[2020-09-11T15:51:26.321+0000][1][safepoint    ] Safepoint "Cleanup", Time since last: 1000182153 ns, Reaching safepoint: 107202 ns, At safepoint: 6140 ns, Total: 113342 ns
[2020-09-11T15:51:27.321+0000][1][safepoint    ] Safepoint "Cleanup", Time since last: 1000210269 ns, Reaching safepoint: 105499 ns, At safepoint: 6996 ns, Total: 112495 ns
[2020-09-11T15:51:28.321+0000][1][safepoint    ] Safepoint "Cleanup", Time since last: 1000208001 ns, Reaching safepoint: 100548 ns, At safepoint: 6784 ns, Total: 107332 ns
[2020-09-11T15:51:29.322+0000][1][safepoint    ] Safepoint "Cleanup", Time since last: 1000173637 ns, Reaching safepoint: 142109 ns, At safepoint: 17914 ns, Total: 160023 ns
[2020-09-11T15:51:30.322+0000][1][safepoint    ] Safepoint "Cleanup", Time since last: 1000227446 ns, Reaching safepoint: 104687 ns, At safepoint: 7008 ns, Total: 111695 ns
[2020-09-11T15:51:32.322+0000][1][safepoint    ] Safepoint "Cleanup", Time since last: 2000220609 ns, Reaching safepoint: 89746 ns, At safepoint: 9855 ns, Total: 99601 ns
[2020-09-11T15:51:33.215+0000][1][safepoint    ] Safepoint "RevokeBias", Time since last: 892624737 ns, Reaching safepoint: 97507 ns, At safepoint: 23552 ns, Total: 121059 ns
[2020-09-11T15:51:34.215+0000][1][safepoint    ] Safepoint "Cleanup", Time since last: 1000138474 ns, Reaching safepoint: 131143 ns, At safepoint: 8932 ns, Total: 140075 ns
[2020-09-11T15:51:36.216+0000][1][safepoint    ] Safepoint "Cleanup", Time since last: 2000335899 ns, Reaching safepoint: 107983 ns, At safepoint: 9211 ns, Total: 117194 ns
[2020-09-11T15:51:37.216+0000][1][safepoint    ] Safepoint "Cleanup", Time since last: 1000183866 ns, Reaching safepoint: 154100 ns, At safepoint: 19144 ns, Total: 173244 ns
[2020-09-11T15:51:38.217+0000][1][safepoint    ] Safepoint "Cleanup", Time since last: 1000214181 ns, Reaching safepoint: 102901 ns, At safepoint: 10189 ns, Total: 113090 ns
[2020-09-11T15:51:39.217+0000][1][safepoint    ] Safepoint "Cleanup", Time since last: 1000139690 ns, Reaching safepoint: 184884 ns, At safepoint: 19104 ns, Total: 203988 ns
[2020-09-11T15:51:40.217+0000][1][safepoint    ] Safepoint "Cleanup", Time since last: 1000189164 ns, Reaching safepoint: 147331 ns, At safepoint: 18429 ns, Total: 165760 ns
[2020-09-11T15:51:41.218+0000][1][safepoint    ] Safepoint "Cleanup", Time since last: 1000181284 ns, Reaching safepoint: 147726 ns, At safepoint: 18786 ns, Total: 166512 ns
[2020-09-11T15:51:42.218+0000][1][safepoint    ] Safepoint "Cleanup", Time since last: 1000219329 ns, Reaching safepoint: 101525 ns, At safepoint: 8406 ns, Total: 109931 ns
[2020-09-11T15:51:43.218+0000][1][safepoint    ] Safepoint "Cleanup", Time since last: 1000122635 ns, Reaching safepoint: 161672 ns, At safepoint: 7996 ns, Total: 169668 ns
[2020-09-11T15:51:43.275+0000][1][safepoint    ] Safepoint "RevokeBias", Time since last: 56985898 ns, Reaching safepoint: 155213 ns, At safepoint: 23500 ns, Total: 178713 ns
[2020-09-11T15:51:43.810+0000][1][gc,start     ] GC(96) Pause Young (Allocation Failure)
[2020-09-11T15:51:43.810+0000][1][gc,task      ] GC(96) Using 1 workers of 1 for evacuation
[2020-09-11T15:51:43.819+0000][1][gc,age       ] GC(96) Desired survivor size 4358144 bytes, new threshold 6 (max threshold 6)
[2020-09-11T15:51:43.819+0000][1][gc,age       ] GC(96) Age table with threshold 6 (max threshold 6)
[2020-09-11T15:51:43.819+0000][1][gc,age       ] GC(96) - age   1:      68016 bytes,      68016 total
[2020-09-11T15:51:43.819+0000][1][gc,age       ] GC(96) - age   2:      11720 bytes,      79736 total
[2020-09-11T15:51:43.819+0000][1][gc,age       ] GC(96) - age   3:       3256 bytes,      82992 total
[2020-09-11T15:51:43.819+0000][1][gc,age       ] GC(96) - age   4:       4824 bytes,      87816 total
[2020-09-11T15:51:43.819+0000][1][gc,age       ] GC(96) - age   5:       1888 bytes,      89704 total
[2020-09-11T15:51:43.819+0000][1][gc,age       ] GC(96) - age   6:       1840 bytes,      91544 total
[2020-09-11T15:51:43.819+0000][1][gc,heap      ] GC(96) ParNew: 68307K->92K(76672K)
[2020-09-11T15:51:43.819+0000][1][gc,heap      ] GC(96) CMS: 75199K->75200K(439104K)
[2020-09-11T15:51:43.819+0000][1][gc,metaspace ] GC(96) Metaspace: 90630K->90630K(1132544K)
[2020-09-11T15:51:43.819+0000][1][gc           ] GC(96) Pause Young (Allocation Failure) 140M->73M(503M) 8.758ms
[2020-09-11T15:51:43.819+0000][1][gc,cpu       ] GC(96) User=0.00s Sys=0.00s Real=0.01s
[2020-09-11T15:51:43.825+0000][1][safepoint    ] Safepoint "GenCollectForAllocation", Time since last: 533946339 ns, Reaching safepoint: 729782 ns, At safepoint: 14680796 ns, Total: 15410578 ns
[2020-09-11T15:51:44.833+0000][1][safepoint    ] Safepoint "Cleanup", Time since last: 1008161852 ns, Reaching safepoint: 92341 ns, At safepoint: 7423 ns, Total: 99764 ns
[2020-09-11T15:51:45.836+0000][1][safepoint    ] Safepoint "Cleanup", Time since last: 1002680692 ns, Reaching safepoint: 78119 ns, At safepoint: 6868 ns, Total: 84987 ns
[2020-09-11T15:51:46.836+0000][1][safepoint    ] Safepoint "Cleanup", Time since last: 1000399799 ns, Reaching safepoint: 65015 ns, At safepoint: 5164 ns, Total: 70179 ns
[2020-09-11T15:51:47.837+0000][1][safepoint    ] Safepoint "Cleanup", Time since last: 1000522110 ns, Reaching safepoint: 136360 ns, At safepoint: 14957 ns, Total: 151317 ns
[2020-09-11T15:51:48.837+0000][1][safepoint    ] Safepoint "Cleanup", Time since last: 1000169696 ns, Reaching safepoint: 105902 ns, At safepoint: 5792 ns, Total: 111694 ns
[2020-09-11T15:51:49.838+0000][1][safepoint    ] Safepoint "Cleanup", Time since last: 1000129514 ns, Reaching safepoint: 133005 ns, At safepoint: 15462 ns, Total: 148467 ns
[2020-09-11T15:51:50.838+0000][1][safepoint    ] Safepoint "Cleanup", Time since last: 1000144863 ns, Reaching safepoint: 66576 ns, At safepoint: 6051 ns, Total: 72627 ns
[2020-09-11T15:51:51.838+0000][1][safepoint    ] Safepoint "Cleanup", Time since last: 1000100561 ns, Reaching safepoint: 78701 ns, At safepoint: 7069 ns, Total: 85770 ns
[2020-09-11T15:51:52.838+0000][1][safepoint    ] Safepoint "Cleanup", Time since last: 1000185830 ns, Reaching safepoint: 106130 ns, At safepoint: 8460 ns, Total: 114590 ns
[2020-09-11T15:51:53.267+0000][1][safepoint    ] Safepoint "RevokeBias", Time since last: 428353692 ns, Reaching safepoint: 207330 ns, At safepoint: 24140 ns, Total: 231470 ns
[2020-09-11T15:51:54.267+0000][1][safepoint    ] Safepoint "Cleanup", Time since last: 1000166817 ns, Reaching safepoint: 155741 ns, At safepoint: 18733 ns, Total: 174474 ns
[2020-09-11T15:51:55.268+0000][1][safepoint    ] Safepoint "Cleanup", Time since last: 1000305015 ns, Reaching safepoint: 184256 ns, At safepoint: 17276 ns, Total: 201532 ns
[2020-09-11T15:51:56.268+0000][1][safepoint    ] Safepoint "Cleanup", Time since last: 1000215175 ns, Reaching safepoint: 146379 ns, At safepoint: 19889 ns, Total: 166268 ns
[2020-09-11T15:51:57.469+0000][1][safepoint    ] Safepoint "Cleanup", Time since last: 1201021922 ns, Reaching safepoint: 327625 ns, At safepoint: 26324 ns, Total: 353949 ns
[2020-09-11T15:51:58.470+0000][1][safepoint    ] Safepoint "Cleanup", Time since last: 1000224393 ns, Reaching safepoint: 108411 ns, At safepoint: 10718 ns, Total: 119129 ns
[2020-09-11T15:52:00.181+0000][1][safepoint    ] Safepoint "Cleanup", Time since last: 1711123141 ns, Reaching safepoint: 185466 ns, At safepoint: 18816 ns, Total: 204282 ns
[2020-09-11T15:52:01.181+0000][1][safepoint    ] Safepoint "Cleanup", Time since last: 1000231234 ns, Reaching safepoint: 163482 ns, At safepoint: 21275 ns, Total: 184757 ns
[2020-09-11T15:52:02.182+0000][1][safepoint    ] Safepoint "Cleanup", Time since last: 1000232315 ns, Reaching safepoint: 100493 ns, At safepoint: 8002 ns, Total: 108495 ns
[2020-09-11T15:52:03.182+0000][1][safepoint    ] Safepoint "Cleanup", Time since last: 1000134225 ns, Reaching safepoint: 151301 ns, At safepoint: 18329 ns, Total: 169630 ns
[2020-09-11T15:52:03.306+0000][1][safepoint    ] Safepoint "RevokeBias", Time since last: 123971642 ns, Reaching safepoint: 85344 ns, At safepoint: 22940 ns, Total: 108284 ns
[2020-09-11T15:52:04.307+0000][1][safepoint    ] Safepoint "Cleanup", Time since last: 1000188930 ns, Reaching safepoint: 106322 ns, At safepoint: 8884 ns, Total: 115206 ns
[2020-09-11T15:52:07.307+0000][1][safepoint    ] Safepoint "Cleanup", Time since last: 3000384937 ns, Reaching safepoint: 149286 ns, At safepoint: 17286 ns, Total: 166572 ns
[2020-09-11T15:52:12.308+0000][1][safepoint    ] Safepoint "Cleanup", Time since last: 5000695649 ns, Reaching safepoint: 164447 ns, At safepoint: 18503 ns, Total: 182950 ns
[2020-09-11T15:52:13.250+0000][1][safepoint    ] Safepoint "RevokeBias", Time since last: 941915832 ns, Reaching safepoint: 269458 ns, At safepoint: 52096 ns, Total: 321554 ns
[2020-09-11T15:52:13.637+0000][1][gc,start     ] GC(97) Pause Young (Allocation Failure)
[2020-09-11T15:52:13.638+0000][1][gc,task      ] GC(97) Using 1 workers of 1 for evacuation
[2020-09-11T15:52:13.642+0000][1][gc,age       ] GC(97) Desired survivor size 4358144 bytes, new threshold 6 (max threshold 6)
[2020-09-11T15:52:13.642+0000][1][gc,age       ] GC(97) Age table with threshold 6 (max threshold 6)
[2020-09-11T15:52:13.642+0000][1][gc,age       ] GC(97) - age   1:      59384 bytes,      59384 total
[2020-09-11T15:52:13.642+0000][1][gc,age       ] GC(97) - age   2:      25528 bytes,      84912 total
[2020-09-11T15:52:13.642+0000][1][gc,age       ] GC(97) - age   3:       6728 bytes,      91640 total
[2020-09-11T15:52:13.642+0000][1][gc,age       ] GC(97) - age   4:       2016 bytes,      93656 total
[2020-09-11T15:52:13.642+0000][1][gc,age       ] GC(97) - age   5:       4528 bytes,      98184 total
[2020-09-11T15:52:13.642+0000][1][gc,age       ] GC(97) - age   6:        648 bytes,      98832 total
[2020-09-11T15:52:13.642+0000][1][gc,heap      ] GC(97) ParNew: 68252K->157K(76672K)
[2020-09-11T15:52:13.642+0000][1][gc,heap      ] GC(97) CMS: 75200K->75202K(439104K)
[2020-09-11T15:52:13.642+0000][1][gc,metaspace ] GC(97) Metaspace: 90640K->90640K(1132544K)
[2020-09-11T15:52:13.642+0000][1][gc           ] GC(97) Pause Young (Allocation Failure) 140M->73M(503M) 4.754ms
[2020-09-11T15:52:13.642+0000][1][gc,cpu       ] GC(97) User=0.00s Sys=0.00s Real=0.01s
[2020-09-11T15:52:13.642+0000][1][safepoint    ] Safepoint "GenCollectForAllocation", Time since last: 387047794 ns, Reaching safepoint: 205647 ns, At safepoint: 4816378 ns, Total: 5022025 ns
[2020-09-11T15:52:23.234+0000][1][safepoint    ] Safepoint "RevokeBias", Time since last: 9591398863 ns, Reaching safepoint: 209626 ns, At safepoint: 26198 ns, Total: 235824 ns
[2020-09-11T15:52:32.235+0000][1][safepoint    ] Safepoint "Cleanup", Time since last: 9001218227 ns, Reaching safepoint: 161747 ns, At safepoint: 20588 ns, Total: 182335 ns
[2020-09-11T15:52:33.253+0000][1][safepoint    ] Safepoint "RevokeBias", Time since last: 1017564850 ns, Reaching safepoint: 79221 ns, At safepoint: 23276 ns, Total: 102497 ns
[2020-09-11T15:52:34.253+0000][1][safepoint    ] Safepoint "Cleanup", Time since last: 1000148752 ns, Reaching safepoint: 159105 ns, At safepoint: 19899 ns, Total: 179004 ns
[2020-09-11T15:52:39.254+0000][1][safepoint    ] Safepoint "Cleanup", Time since last: 5000689218 ns, Reaching safepoint: 150265 ns, At safepoint: 18395 ns, Total: 168660 ns
[2020-09-11T15:52:42.255+0000][1][safepoint    ] Safepoint "Cleanup", Time since last: 3000319946 ns, Reaching safepoint: 87749 ns, At safepoint: 7610 ns, Total: 95359 ns
[2020-09-11T15:52:43.242+0000][1][safepoint    ] Safepoint "RevokeBias", Time since last: 987153315 ns, Reaching safepoint: 168299 ns, At safepoint: 27045 ns, Total: 195344 ns
[2020-09-11T15:52:44.242+0000][1][safepoint    ] Safepoint "Cleanup", Time since last: 1000108859 ns, Reaching safepoint: 86676 ns, At safepoint: 10122 ns, Total: 96798 ns
[2020-09-11T15:52:44.883+0000][1][gc,start     ] GC(98) Pause Young (Allocation Failure)
[2020-09-11T15:52:44.883+0000][1][gc,task      ] GC(98) Using 1 workers of 1 for evacuation
[2020-09-11T15:52:44.891+0000][1][gc,age       ] GC(98) Desired survivor size 4358144 bytes, new threshold 6 (max threshold 6)
[2020-09-11T15:52:44.891+0000][1][gc,age       ] GC(98) Age table with threshold 6 (max threshold 6)
[2020-09-11T15:52:44.891+0000][1][gc,age       ] GC(98) - age   1:      45672 bytes,      45672 total
[2020-09-11T15:52:44.891+0000][1][gc,age       ] GC(98) - age   2:       8456 bytes,      54128 total
[2020-09-11T15:52:44.891+0000][1][gc,age       ] GC(98) - age   3:      19952 bytes,      74080 total
[2020-09-11T15:52:44.891+0000][1][gc,age       ] GC(98) - age   4:       4248 bytes,      78328 total
[2020-09-11T15:52:44.891+0000][1][gc,age       ] GC(98) - age   5:       2016 bytes,      80344 total
[2020-09-11T15:52:44.891+0000][1][gc,age       ] GC(98) - age   6:       4528 bytes,      84872 total
[2020-09-11T15:52:44.891+0000][1][gc,heap      ] GC(98) ParNew: 68317K->92K(76672K)
[2020-09-11T15:52:44.891+0000][1][gc,heap      ] GC(98) CMS: 75202K->75203K(439104K)
[2020-09-11T15:52:44.891+0000][1][gc,metaspace ] GC(98) Metaspace: 90663K->90663K(1132544K)
[2020-09-11T15:52:44.891+0000][1][gc           ] GC(98) Pause Young (Allocation Failure) 140M->73M(503M) 8.325ms
[2020-09-11T15:52:44.891+0000][1][gc,cpu       ] GC(98) User=0.00s Sys=0.00s Real=0.00s
[2020-09-11T15:52:44.891+0000][1][safepoint    ] Safepoint "GenCollectForAllocation", Time since last: 640461796 ns, Reaching safepoint: 147305 ns, At safepoint: 8393730 ns, Total: 8541035 ns
[2020-09-11T15:52:47.898+0000][1][safepoint    ] Safepoint "Cleanup", Time since last: 3006337615 ns, Reaching safepoint: 77904 ns, At safepoint: 5379 ns, Total: 83283 ns
[2020-09-11T15:52:50.898+0000][1][safepoint    ] Safepoint "Cleanup", Time since last: 3000251154 ns, Reaching safepoint: 91883 ns, At safepoint: 8181 ns, Total: 100064 ns
[2020-09-11T15:52:51.900+0000][1][safepoint    ] Safepoint "Cleanup", Time since last: 1001774842 ns, Reaching safepoint: 542683 ns, At safepoint: 10989 ns, Total: 553672 ns
[2020-09-11T15:52:52.900+0000][1][safepoint    ] Safepoint "Cleanup", Time since last: 1000104752 ns, Reaching safepoint: 86555 ns, At safepoint: 7488 ns, Total: 94043 ns
[2020-09-11T15:52:53.252+0000][1][safepoint    ] Safepoint "RevokeBias", Time since last: 350909601 ns, Reaching safepoint: 159257 ns, At safepoint: 23270 ns, Total: 182527 ns
[2020-09-11T15:52:54.252+0000][1][safepoint    ] Safepoint "Cleanup", Time since last: 1000108733 ns, Reaching safepoint: 80633 ns, At safepoint: 8504 ns, Total: 89137 ns
[2020-09-11T15:52:55.252+0000][1][safepoint    ] Safepoint "Cleanup", Time since last: 1000117800 ns, Reaching safepoint: 77238 ns, At safepoint: 7461 ns, Total: 84699 ns
[2020-09-11T15:52:56.252+0000][1][safepoint    ] Safepoint "Cleanup", Time since last: 1000114191 ns, Reaching safepoint: 102518 ns, At safepoint: 6933 ns, Total: 109451 ns
[2020-09-11T15:52:57.252+0000][1][safepoint    ] Safepoint "Cleanup", Time since last: 1000102428 ns, Reaching safepoint: 71231 ns, At safepoint: 6010 ns, Total: 77241 ns
[2020-09-11T15:52:58.253+0000][1][safepoint    ] Safepoint "Cleanup", Time since last: 1000107317 ns, Reaching safepoint: 83204 ns, At safepoint: 7027 ns, Total: 90231 ns
[2020-09-11T15:52:59.253+0000][1][safepoint    ] Safepoint "Cleanup", Time since last: 1000117036 ns, Reaching safepoint: 80219 ns, At safepoint: 6950 ns, Total: 87169 ns
[2020-09-11T15:53:00.253+0000][1][safepoint    ] Safepoint "Cleanup", Time since last: 1000132211 ns, Reaching safepoint: 79191 ns, At safepoint: 8479 ns, Total: 87670 ns
[2020-09-11T15:53:01.253+0000][1][safepoint    ] Safepoint "Cleanup", Time since last: 1000116694 ns, Reaching safepoint: 81234 ns, At safepoint: 20725 ns, Total: 101959 ns
[2020-09-11T15:53:02.253+0000][1][safepoint    ] Safepoint "Cleanup", Time since last: 1000122106 ns, Reaching safepoint: 80182 ns, At safepoint: 7843 ns, Total: 88025 ns
[2020-09-11T15:53:03.254+0000][1][safepoint    ] Safepoint "Cleanup", Time since last: 1000121262 ns, Reaching safepoint: 122336 ns, At safepoint: 7688 ns, Total: 130024 ns
[2020-09-11T15:53:03.272+0000][1][safepoint    ] Safepoint "RevokeBias", Time since last: 18251613 ns, Reaching safepoint: 170952 ns, At safepoint: 23598 ns, Total: 194550 ns
[2020-09-11T15:53:04.272+0000][1][safepoint    ] Safepoint "Cleanup", Time since last: 1000118548 ns, Reaching safepoint: 89596 ns, At safepoint: 7804 ns, Total: 97400 ns
[2020-09-11T15:53:05.272+0000][1][safepoint    ] Safepoint "Cleanup", Time since last: 1000128878 ns, Reaching safepoint: 84051 ns, At safepoint: 9556 ns, Total: 93607 ns
[2020-09-11T15:53:06.273+0000][1][safepoint    ] Safepoint "Cleanup", Time since last: 1000130230 ns, Reaching safepoint: 77114 ns, At safepoint: 7568 ns, Total: 84682 ns
[2020-09-11T15:53:07.273+0000][1][safepoint    ] Safepoint "Cleanup", Time since last: 1000142765 ns, Reaching safepoint: 84032 ns, At safepoint: 6919 ns, Total: 90951 ns
[2020-09-11T15:53:08.273+0000][1][safepoint    ] Safepoint "Cleanup", Time since last: 1000105048 ns, Reaching safepoint: 79250 ns, At safepoint: 9758 ns, Total: 89008 ns
[2020-09-11T15:53:09.273+0000][1][safepoint    ] Safepoint "Cleanup", Time since last: 1000113136 ns, Reaching safepoint: 80752 ns, At safepoint: 8795 ns, Total: 89547 ns
[2020-09-11T15:53:10.274+0000][1][safepoint    ] Safepoint "Cleanup", Time since last: 1000114652 ns, Reaching safepoint: 76964 ns, At safepoint: 7570 ns, Total: 84534 ns
[2020-09-11T15:53:11.274+0000][1][safepoint    ] Safepoint "Cleanup", Time since last: 1000111586 ns, Reaching safepoint: 78772 ns, At safepoint: 6988 ns, Total: 85760 ns
[2020-09-11T15:53:12.274+0000][1][safepoint    ] Safepoint "Cleanup", Time since last: 1000136029 ns, Reaching safepoint: 118996 ns, At safepoint: 10239 ns, Total: 129235 ns
[2020-09-11T15:53:13.255+0000][1][safepoint    ] Safepoint "BulkRevokeBias", Time since last: 980588649 ns, Reaching safepoint: 85283 ns, At safepoint: 245032 ns, Total: 330315 ns
[2020-09-11T15:53:14.255+0000][1][safepoint    ] Safepoint "Cleanup", Time since last: 1000101566 ns, Reaching safepoint: 76028 ns, At safepoint: 6935 ns, Total: 82963 ns
[2020-09-11T15:53:14.922+0000][1][gc,start     ] GC(99) Pause Young (Allocation Failure)
[2020-09-11T15:53:14.922+0000][1][gc,task      ] GC(99) Using 1 workers of 1 for evacuation
[2020-09-11T15:53:14.926+0000][1][gc,age       ] GC(99) Desired survivor size 4358144 bytes, new threshold 6 (max threshold 6)
[2020-09-11T15:53:14.926+0000][1][gc,age       ] GC(99) Age table with threshold 6 (max threshold 6)
[2020-09-11T15:53:14.926+0000][1][gc,age       ] GC(99) - age   1:      46936 bytes,      46936 total
[2020-09-11T15:53:14.926+0000][1][gc,age       ] GC(99) - age   2:       8976 bytes,      55912 total
[2020-09-11T15:53:14.926+0000][1][gc,age       ] GC(99) - age   3:       4408 bytes,      60320 total
[2020-09-11T15:53:14.926+0000][1][gc,age       ] GC(99) - age   4:      14544 bytes,      74864 total
[2020-09-11T15:53:14.926+0000][1][gc,age       ] GC(99) - age   5:       4248 bytes,      79112 total
[2020-09-11T15:53:14.926+0000][1][gc,age       ] GC(99) - age   6:       2016 bytes,      81128 total
[2020-09-11T15:53:14.926+0000][1][gc,heap      ] GC(99) ParNew: 68252K->85K(76672K)
[2020-09-11T15:53:14.926+0000][1][gc,heap      ] GC(99) CMS: 75203K->75207K(439104K)
[2020-09-11T15:53:14.926+0000][1][gc,metaspace ] GC(99) Metaspace: 90697K->90697K(1132544K)
[2020-09-11T15:53:14.927+0000][1][gc           ] GC(99) Pause Young (Allocation Failure) 140M->73M(503M) 4.450ms
[2020-09-11T15:53:14.927+0000][1][gc,cpu       ] GC(99) User=0.00s Sys=0.00s Real=0.00s
[2020-09-11T15:53:14.929+0000][1][safepoint    ] Safepoint "GenCollectForAllocation", Time since last: 666770087 ns, Reaching safepoint: 161009 ns, At safepoint: 6767026 ns, Total: 6928035 ns
[2020-09-11T15:53:15.930+0000][1][safepoint    ] Safepoint "Cleanup", Time since last: 1000921663 ns, Reaching safepoint: 68470 ns, At safepoint: 15730 ns, Total: 84200 ns
[2020-09-11T15:53:16.930+0000][1][safepoint    ] Safepoint "Cleanup", Time since last: 1000139520 ns, Reaching safepoint: 66779 ns, At safepoint: 5058 ns, Total: 71837 ns
[2020-09-11T15:53:17.930+0000][1][safepoint    ] Safepoint "Cleanup", Time since last: 1000168546 ns, Reaching safepoint: 68352 ns, At safepoint: 6054 ns, Total: 74406 ns
[2020-09-11T15:53:18.930+0000][1][safepoint    ] Safepoint "Cleanup", Time since last: 1000108803 ns, Reaching safepoint: 76900 ns, At safepoint: 7677 ns, Total: 84577 ns
[2020-09-11T15:53:19.946+0000][1][safepoint    ] Safepoint "Cleanup", Time since last: 1013553982 ns, Reaching safepoint: 2150052 ns, At safepoint: 12796 ns, Total: 2162848 ns
[2020-09-11T15:53:20.071+0000][1][safepoint    ] Safepoint "RevokeBias", Time since last: 121214672 ns, Reaching safepoint: 3414128 ns, At safepoint: 30694 ns, Total: 3444822 ns
[2020-09-11T15:53:21.076+0000][1][safepoint    ] Safepoint "Cleanup", Time since last: 1005210794 ns, Reaching safepoint: 171485 ns, At safepoint: 6521 ns, Total: 178006 ns
[2020-09-11T15:53:22.076+0000][1][safepoint    ] Safepoint "Cleanup", Time since last: 1000095464 ns, Reaching safepoint: 90623 ns, At safepoint: 9274 ns, Total: 99897 ns
[2020-09-11T15:53:23.077+0000][1][safepoint    ] Safepoint "Cleanup", Time since last: 1000116487 ns, Reaching safepoint: 91170 ns, At safepoint: 10757 ns, Total: 101927 ns
[2020-09-11T15:53:23.228+0000][1][safepoint    ] Safepoint "RevokeBias", Time since last: 151138721 ns, Reaching safepoint: 164476 ns, At safepoint: 22334 ns, Total: 186810 ns
[2020-09-11T15:53:23.596+0000][1][safepoint    ] Safepoint "RevokeBias", Time since last: 367273224 ns, Reaching safepoint: 301022 ns, At safepoint: 23915 ns, Total: 324937 ns
[2020-09-11T15:53:23.601+0000][1][safepoint    ] Safepoint "RevokeBias", Time since last: 600861 ns, Reaching safepoint: 4645700 ns, At safepoint: 31234 ns, Total: 4676934 ns
[2020-09-11T15:53:23.602+0000][1][safepoint    ] Safepoint "RevokeBias", Time since last: 915435 ns, Reaching safepoint: 121517 ns, At safepoint: 20157 ns, Total: 141674 ns
[2020-09-11T15:53:23.613+0000][1][safepoint    ] Safepoint "RevokeBias", Time since last: 7648134 ns, Reaching safepoint: 3305940 ns, At safepoint: 42002 ns, Total: 3347942 ns
[2020-09-11T15:53:23.614+0000][1][safepoint    ] Safepoint "RevokeBias", Time since last: 702200 ns, Reaching safepoint: 113178 ns, At safepoint: 23151 ns, Total: 136329 ns
[2020-09-11T15:53:23.622+0000][1][safepoint    ] Safepoint "BulkRevokeBias", Time since last: 7616450 ns, Reaching safepoint: 149225 ns, At safepoint: 228694 ns, Total: 377919 ns
[2020-09-11T15:53:24.622+0000][1][safepoint    ] Safepoint "Cleanup", Time since last: 1000121797 ns, Reaching safepoint: 98009 ns, At safepoint: 7714 ns, Total: 105723 ns
[2020-09-11T15:53:24.981+0000][1][safepoint    ] Safepoint "RevokeBias", Time since last: 359132026 ns, Reaching safepoint: 158727 ns, At safepoint: 23126 ns, Total: 181853 ns
[2020-09-11T15:53:25.981+0000][1][safepoint    ] Safepoint "Cleanup", Time since last: 1000099779 ns, Reaching safepoint: 84940 ns, At safepoint: 6736 ns, Total: 91676 ns
[2020-09-11T15:53:26.929+0000][1][safepoint    ] Safepoint "RevokeBias", Time since last: 947826066 ns, Reaching safepoint: 76711 ns, At safepoint: 20247 ns, Total: 96958 ns
[2020-09-11T15:53:26.944+0000][1][safepoint    ] Safepoint "RevokeBias", Time since last: 14145230 ns, Reaching safepoint: 280780 ns, At safepoint: 25229 ns, Total: 306009 ns
[2020-09-11T15:53:26.957+0000][1][safepoint    ] Safepoint "RevokeBias", Time since last: 13063488 ns, Reaching safepoint: 71735 ns, At safepoint: 15439 ns, Total: 87174 ns
[2020-09-11T15:53:26.961+0000][1][safepoint    ] Safepoint "RevokeBias", Time since last: 3500320 ns, Reaching safepoint: 152552 ns, At safepoint: 20287 ns, Total: 172839 ns
[2020-09-11T15:53:26.964+0000][1][safepoint    ] Safepoint "RevokeBias", Time since last: 3109944 ns, Reaching safepoint: 156557 ns, At safepoint: 20913 ns, Total: 177470 ns
[2020-09-11T15:53:26.967+0000][1][safepoint    ] Safepoint "RevokeBias", Time since last: 3157495 ns, Reaching safepoint: 147491 ns, At safepoint: 18403 ns, Total: 165894 ns
[2020-09-11T15:53:26.971+0000][1][safepoint    ] Safepoint "RevokeBias", Time since last: 3896053 ns, Reaching safepoint: 249966 ns, At safepoint: 23270 ns, Total: 273236 ns
[2020-09-11T15:53:26.978+0000][1][safepoint    ] Safepoint "RevokeBias", Time since last: 6542916 ns, Reaching safepoint: 159450 ns, At safepoint: 17341 ns, Total: 176791 ns
[2020-09-11T15:53:26.987+0000][1][safepoint    ] Safepoint "RevokeBias", Time since last: 8178977 ns, Reaching safepoint: 1004224 ns, At safepoint: 26434 ns, Total: 1030658 ns
[2020-09-11T15:53:27.223+0000][1][safepoint    ] Safepoint "RevokeBias", Time since last: 235556105 ns, Reaching safepoint: 168856 ns, At safepoint: 20848 ns, Total: 189704 ns
[2020-09-11T15:53:27.260+0000][1][safepoint    ] Safepoint "RevokeBias", Time since last: 36832225 ns, Reaching safepoint: 262539 ns, At safepoint: 68721 ns, Total: 331260 ns
[2020-09-11T15:53:27.758+0000][1][safepoint    ] Safepoint "RevokeBias", Time since last: 497724596 ns, Reaching safepoint: 266163 ns, At safepoint: 46671 ns, Total: 312834 ns
[2020-09-11T15:53:28.759+0000][1][safepoint    ] Safepoint "Cleanup", Time since last: 1000151137 ns, Reaching safepoint: 83897 ns, At safepoint: 9963 ns, Total: 93860 ns
[2020-09-11T15:53:28.837+0000][1][safepoint    ] Safepoint "RevokeBias", Time since last: 78344037 ns, Reaching safepoint: 159299 ns, At safepoint: 21017 ns, Total: 180316 ns
[2020-09-11T15:53:28.933+0000][1][safepoint    ] Safepoint "RevokeBias", Time since last: 96139456 ns, Reaching safepoint: 156630 ns, At safepoint: 20652 ns, Total: 177282 ns
[2020-09-11T15:53:29.081+0000][1][gc,start     ] GC(100) Pause Young (Allocation Failure)
[2020-09-11T15:53:29.081+0000][1][gc,task      ] GC(100) Using 1 workers of 1 for evacuation
[2020-09-11T15:53:29.091+0000][1][gc,age       ] GC(100) Desired survivor size 4358144 bytes, new threshold 6 (max threshold 6)
[2020-09-11T15:53:29.091+0000][1][gc,age       ] GC(100) Age table with threshold 6 (max threshold 6)
[2020-09-11T15:53:29.091+0000][1][gc,age       ] GC(100) - age   1:     352248 bytes,     352248 total
[2020-09-11T15:53:29.091+0000][1][gc,age       ] GC(100) - age   2:      17400 bytes,     369648 total
[2020-09-11T15:53:29.091+0000][1][gc,age       ] GC(100) - age   3:       6056 bytes,     375704 total
[2020-09-11T15:53:29.091+0000][1][gc,age       ] GC(100) - age   4:       4408 bytes,     380112 total
[2020-09-11T15:53:29.091+0000][1][gc,age       ] GC(100) - age   5:       8464 bytes,     388576 total
[2020-09-11T15:53:29.091+0000][1][gc,age       ] GC(100) - age   6:       3952 bytes,     392528 total
[2020-09-11T15:53:29.091+0000][1][gc,heap      ] GC(100) ParNew: 68245K->403K(76672K)
[2020-09-11T15:53:29.091+0000][1][gc,heap      ] GC(100) CMS: 75207K->75209K(439104K)
[2020-09-11T15:53:29.091+0000][1][gc,metaspace ] GC(100) Metaspace: 90765K->90765K(1132544K)
[2020-09-11T15:53:29.091+0000][1][gc           ] GC(100) Pause Young (Allocation Failure) 140M->73M(503M) 10.056ms
[2020-09-11T15:53:29.091+0000][1][gc,cpu       ] GC(100) User=0.01s Sys=0.00s Real=0.01s
[2020-09-11T15:53:29.091+0000][1][safepoint    ] Safepoint "GenCollectForAllocation", Time since last: 147029482 ns, Reaching safepoint: 179438 ns, At safepoint: 10129335 ns, Total: 10308773 ns
[2020-09-11T15:53:29.492+0000][1][safepoint    ] Safepoint "RevokeBias", Time since last: 400798736 ns, Reaching safepoint: 79648 ns, At safepoint: 30219 ns, Total: 109867 ns
[2020-09-11T15:53:29.492+0000][1][safepoint    ] Safepoint "RevokeBias", Time since last: 88603 ns, Reaching safepoint: 27202 ns, At safepoint: 18499 ns, Total: 45701 ns
[2020-09-11T15:53:29.492+0000][1][safepoint    ] Safepoint "RevokeBias", Time since last: 41032 ns, Reaching safepoint: 25732 ns, At safepoint: 17427 ns, Total: 43159 ns
[2020-09-11T15:53:29.492+0000][1][safepoint    ] Safepoint "RevokeBias", Time since last: 30855 ns, Reaching safepoint: 25035 ns, At safepoint: 16863 ns, Total: 41898 ns
[2020-09-11T15:53:29.492+0000][1][safepoint    ] Safepoint "RevokeBias", Time since last: 213788 ns, Reaching safepoint: 29065 ns, At safepoint: 18282 ns, Total: 47347 ns
[2020-09-11T15:53:29.493+0000][1][safepoint    ] Safepoint "RevokeBias", Time since last: 69121 ns, Reaching safepoint: 26270 ns, At safepoint: 479534 ns, Total: 505804 ns
[2020-09-11T15:53:29.497+0000][1][safepoint    ] Safepoint "RevokeBias", Time since last: 3856492 ns, Reaching safepoint: 76742 ns, At safepoint: 105905 ns, Total: 182647 ns
[2020-09-11T15:53:29.506+0000][1][safepoint    ] Safepoint "RevokeBias", Time since last: 8788445 ns, Reaching safepoint: 75786 ns, At safepoint: 30831 ns, Total: 106617 ns
[2020-09-11T15:53:30.350+0000][1][safepoint    ] Safepoint "RevokeBias", Time since last: 844383513 ns, Reaching safepoint: 89973 ns, At safepoint: 21548 ns, Total: 111521 ns
[2020-09-11T15:53:30.350+0000][1][safepoint    ] Safepoint "RevokeBias", Time since last: 224247 ns, Reaching safepoint: 32218 ns, At safepoint: 13237 ns, Total: 45455 ns
[2020-09-11T15:53:30.358+0000][1][safepoint    ] Safepoint "Deoptimize", Time since last: 6572714 ns, Reaching safepoint: 209445 ns, At safepoint: 1099397 ns, Total: 1308842 ns
[2020-09-11T15:53:30.365+0000][1][safepoint    ] Safepoint "Deoptimize", Time since last: 2976532 ns, Reaching safepoint: 3046247 ns, At safepoint: 1029593 ns, Total: 4075840 ns
[2020-09-11T15:53:30.367+0000][1][safepoint    ] Safepoint "RevokeBias", Time since last: 390165 ns, Reaching safepoint: 1110848 ns, At safepoint: 34812 ns, Total: 1145660 ns
[2020-09-11T15:53:30.368+0000][1][safepoint    ] Safepoint "RevokeBias", Time since last: 394070 ns, Reaching safepoint: 297079 ns, At safepoint: 30026 ns, Total: 327105 ns
[2020-09-11T15:53:30.523+0000][1][safepoint    ] Safepoint "RevokeBias", Time since last: 153166185 ns, Reaching safepoint: 1650370 ns, At safepoint: 29280 ns, Total: 1679650 ns
[2020-09-11T15:53:30.525+0000][1][safepoint    ] Safepoint "RevokeBias", Time since last: 104098 ns, Reaching safepoint: 2221651 ns, At safepoint: 22259 ns, Total: 2243910 ns
[2020-09-11T15:53:30.525+0000][1][safepoint    ] Safepoint "RevokeBias", Time since last: 317351 ns, Reaching safepoint: 126260 ns, At safepoint: 17249 ns, Total: 143509 ns
[2020-09-11T15:53:30.534+0000][1][safepoint    ] Safepoint "Deoptimize", Time since last: 7483658 ns, Reaching safepoint: 209511 ns, At safepoint: 841854 ns, Total: 1051365 ns
[2020-09-11T15:53:30.584+0000][1][safepoint    ] Safepoint "RevokeBias", Time since last: 50361984 ns, Reaching safepoint: 150966 ns, At safepoint: 59837 ns, Total: 210803 ns
[2020-09-11T15:53:30.591+0000][1][safepoint    ] Safepoint "RevokeBias", Time since last: 6628219 ns, Reaching safepoint: 227783 ns, At safepoint: 19454 ns, Total: 247237 ns
[2020-09-11T15:53:30.592+0000][1][safepoint    ] Safepoint "RevokeBias", Time since last: 288590 ns, Reaching safepoint: 119161 ns, At safepoint: 16251 ns, Total: 135412 ns
[2020-09-11T15:53:30.631+0000][1][safepoint    ] Safepoint "RevokeBias", Time since last: 39180586 ns, Reaching safepoint: 167653 ns, At safepoint: 48173 ns, Total: 215826 ns
[2020-09-11T15:53:30.631+0000][1][safepoint    ] Safepoint "RevokeBias", Time since last: 86375 ns, Reaching safepoint: 103607 ns, At safepoint: 15595 ns, Total: 119202 ns
[2020-09-11T15:53:30.648+0000][1][safepoint    ] Safepoint "RevokeBias", Time since last: 14051381 ns, Reaching safepoint: 2172474 ns, At safepoint: 50458 ns, Total: 2222932 ns
[2020-09-11T15:53:30.673+0000][1][safepoint    ] Safepoint "RevokeBias", Time since last: 24720691 ns, Reaching safepoint: 226240 ns, At safepoint: 20732 ns, Total: 246972 ns
[2020-09-11T15:53:30.689+0000][1][safepoint    ] Safepoint "Deoptimize", Time since last: 15306990 ns, Reaching safepoint: 160281 ns, At safepoint: 846609 ns, Total: 1006890 ns
[2020-09-11T15:53:30.772+0000][1][gc,start     ] GC(101) Pause Young (Allocation Failure)
[2020-09-11T15:53:30.807+0000][1][gc,task      ] GC(101) Using 1 workers of 1 for evacuation
[2020-09-11T15:53:30.820+0000][1][gc,age       ] GC(101) Desired survivor size 4358144 bytes, new threshold 6 (max threshold 6)
[2020-09-11T15:53:30.820+0000][1][gc,age       ] GC(101) Age table with threshold 6 (max threshold 6)
[2020-09-11T15:53:30.820+0000][1][gc,age       ] GC(101) - age   1:    1034920 bytes,    1034920 total
[2020-09-11T15:53:30.820+0000][1][gc,age       ] GC(101) - age   2:     288256 bytes,    1323176 total
[2020-09-11T15:53:30.820+0000][1][gc,age       ] GC(101) - age   3:      14432 bytes,    1337608 total
[2020-09-11T15:53:30.820+0000][1][gc,age       ] GC(101) - age   4:       3576 bytes,    1341184 total
[2020-09-11T15:53:30.820+0000][1][gc,age       ] GC(101) - age   5:       1928 bytes,    1343112 total
[2020-09-11T15:53:30.820+0000][1][gc,age       ] GC(101) - age   6:       8464 bytes,    1351576 total
[2020-09-11T15:53:30.820+0000][1][gc,heap      ] GC(101) ParNew: 68350K->1435K(76672K)
[2020-09-11T15:53:30.820+0000][1][gc,heap      ] GC(101) CMS: 75209K->75213K(439104K)
[2020-09-11T15:53:30.820+0000][1][gc,metaspace ] GC(101) Metaspace: 91544K->91544K(1134592K)
[2020-09-11T15:53:30.820+0000][1][gc           ] GC(101) Pause Young (Allocation Failure) 140M->74M(503M) 48.311ms
[2020-09-11T15:53:30.820+0000][1][gc,cpu       ] GC(101) User=0.04s Sys=0.00s Real=0.05s
[2020-09-11T15:53:30.822+0000][1][safepoint    ] Safepoint "GenCollectForAllocation", Time since last: 82553819 ns, Reaching safepoint: 160377 ns, At safepoint: 50009500 ns, Total: 50169877 ns
[2020-09-11T15:53:30.841+0000][1][safepoint    ] Safepoint "RevokeBias", Time since last: 19664719 ns, Reaching safepoint: 148879 ns, At safepoint: 20427 ns, Total: 169306 ns
[2020-09-11T15:53:30.845+0000][1][safepoint    ] Safepoint "RevokeBias", Time since last: 3189879 ns, Reaching safepoint: 262873 ns, At safepoint: 20721 ns, Total: 283594 ns
[2020-09-11T15:53:31.060+0000][1][safepoint    ] Safepoint "RevokeBias", Time since last: 214528838 ns, Reaching safepoint: 862906 ns, At safepoint: 23047 ns, Total: 885953 ns
[2020-09-11T15:53:31.066+0000][1][safepoint    ] Safepoint "RevokeBias", Time since last: 4722960 ns, Reaching safepoint: 640298 ns, At safepoint: 23397 ns, Total: 663695 ns
[2020-09-11T15:53:31.306+0000][1][safepoint    ] Safepoint "RevokeBias", Time since last: 240440965 ns, Reaching safepoint: 275191 ns, At safepoint: 46845 ns, Total: 322036 ns
[2020-09-11T15:53:31.567+0000][1][safepoint    ] Safepoint "RevokeBias", Time since last: 260336291 ns, Reaching safepoint: 267363 ns, At safepoint: 51057 ns, Total: 318420 ns
[2020-09-11T15:53:31.600+0000][1][safepoint    ] Safepoint "RevokeBias", Time since last: 32437708 ns, Reaching safepoint: 85782 ns, At safepoint: 22734 ns, Total: 108516 ns
[2020-09-11T15:53:31.700+0000][1][safepoint    ] Safepoint "RevokeBias", Time since last: 100379154 ns, Reaching safepoint: 272405 ns, At safepoint: 49226 ns, Total: 321631 ns
[2020-09-11T15:53:31.906+0000][1][safepoint    ] Safepoint "RevokeBias", Time since last: 205338502 ns, Reaching safepoint: 203922 ns, At safepoint: 26558 ns, Total: 230480 ns
[2020-09-11T15:53:31.993+0000][1][safepoint    ] Safepoint "RevokeBias", Time since last: 85893553 ns, Reaching safepoint: 1454905 ns, At safepoint: 25975 ns, Total: 1480880 ns
[2020-09-11T15:53:32.015+0000][1][safepoint    ] Safepoint "RevokeBias", Time since last: 21348243 ns, Reaching safepoint: 178488 ns, At safepoint: 25689 ns, Total: 204177 ns
[2020-09-11T15:53:32.026+0000][1][safepoint    ] Safepoint "RevokeBias", Time since last: 10820576 ns, Reaching safepoint: 168165 ns, At safepoint: 22725 ns, Total: 190890 ns
[2020-09-11T15:53:32.045+0000][1][safepoint    ] Safepoint "RevokeBias", Time since last: 17478731 ns, Reaching safepoint: 1476781 ns, At safepoint: 29997 ns, Total: 1506778 ns
[2020-09-11T15:53:32.101+0000][1][safepoint    ] Safepoint "BulkRevokeBias", Time since last: 55704858 ns, Reaching safepoint: 92989 ns, At safepoint: 299328 ns, Total: 392317 ns
[2020-09-11T15:53:32.236+0000][1][safepoint    ] Safepoint "RevokeBias", Time since last: 135085371 ns, Reaching safepoint: 79002 ns, At safepoint: 19221 ns, Total: 98223 ns
[2020-09-11T15:53:32.239+0000][1][safepoint    ] Safepoint "RevokeBias", Time since last: 2649682 ns, Reaching safepoint: 77199 ns, At safepoint: 20470 ns, Total: 97669 ns
[2020-09-11T15:53:32.402+0000][1][safepoint    ] Safepoint "RevokeBias", Time since last: 162857439 ns, Reaching safepoint: 83538 ns, At safepoint: 21013 ns, Total: 104551 ns
[2020-09-11T15:53:32.438+0000][1][safepoint    ] Safepoint "RevokeBias", Time since last: 35619186 ns, Reaching safepoint: 473281 ns, At safepoint: 22977 ns, Total: 496258 ns
[2020-09-11T15:53:32.439+0000][1][safepoint    ] Safepoint "RevokeBias", Time since last: 76491 ns, Reaching safepoint: 1297911 ns, At safepoint: 18748 ns, Total: 1316659 ns
[2020-09-11T15:53:32.441+0000][1][safepoint    ] Safepoint "RevokeBias", Time since last: 50774 ns, Reaching safepoint: 1169739 ns, At safepoint: 19532 ns, Total: 1189271 ns
[2020-09-11T15:53:32.441+0000][1][safepoint    ] Safepoint "RevokeBias", Time since last: 292178 ns, Reaching safepoint: 553720 ns, At safepoint: 15734 ns, Total: 569454 ns
[2020-09-11T15:53:32.442+0000][1][safepoint    ] Safepoint "RevokeBias", Time since last: 96442 ns, Reaching safepoint: 105532 ns, At safepoint: 13623 ns, Total: 119155 ns
[2020-09-11T15:53:32.444+0000][1][safepoint    ] Safepoint "RevokeBias", Time since last: 1420048 ns, Reaching safepoint: 587274 ns, At safepoint: 29640 ns, Total: 616914 ns
[2020-09-11T15:53:32.481+0000][1][safepoint    ] Safepoint "RevokeBias", Time since last: 36630107 ns, Reaching safepoint: 164856 ns, At safepoint: 22758 ns, Total: 187614 ns
[2020-09-11T15:53:32.630+0000][1][safepoint    ] Safepoint "RevokeBias", Time since last: 149219992 ns, Reaching safepoint: 187229 ns, At safepoint: 57510 ns, Total: 244739 ns
[2020-09-11T15:53:32.683+0000][1][safepoint    ] Safepoint "RevokeBias", Time since last: 52845617 ns, Reaching safepoint: 156442 ns, At safepoint: 46520 ns, Total: 202962 ns
[2020-09-11T15:53:33.355+0000][1][safepoint    ] Safepoint "RevokeBias", Time since last: 671710328 ns, Reaching safepoint: 601065 ns, At safepoint: 54285 ns, Total: 655350 ns
[2020-09-11T15:53:33.623+0000][1][safepoint    ] Safepoint "RevokeBias", Time since last: 267720096 ns, Reaching safepoint: 93767 ns, At safepoint: 22677 ns, Total: 116444 ns
[2020-09-11T15:53:34.434+0000][1][safepoint    ] Safepoint "RevokeBias", Time since last: 811007310 ns, Reaching safepoint: 167148 ns, At safepoint: 23319 ns, Total: 190467 ns
[2020-09-11T15:53:34.470+0000][1][safepoint    ] Safepoint "RevokeBias", Time since last: 35223394 ns, Reaching safepoint: 155096 ns, At safepoint: 23074 ns, Total: 178170 ns
[2020-09-11T15:53:34.470+0000][1][safepoint    ] Safepoint "RevokeBias", Time since last: 167473 ns, Reaching safepoint: 106773 ns, At safepoint: 13566 ns, Total: 120339 ns
[2020-09-11T15:53:34.491+0000][1][safepoint    ] Safepoint "RevokeBias", Time since last: 20910449 ns, Reaching safepoint: 151441 ns, At safepoint: 20286 ns, Total: 171727 ns
[2020-09-11T15:53:34.496+0000][1][safepoint    ] Safepoint "RevokeBias", Time since last: 1164867 ns, Reaching safepoint: 3678560 ns, At safepoint: 16186 ns, Total: 3694746 ns
[2020-09-11T15:53:34.521+0000][1][safepoint    ] Safepoint "RevokeBias", Time since last: 20704205 ns, Reaching safepoint: 3868204 ns, At safepoint: 29609 ns, Total: 3897813 ns
[2020-09-11T15:53:34.521+0000][1][safepoint    ] Safepoint "RevokeBias", Time since last: 666414 ns, Reaching safepoint: 114092 ns, At safepoint: 13746 ns, Total: 127838 ns
[2020-09-11T15:53:35.180+0000][1][safepoint    ] Safepoint "RevokeBias", Time since last: 657911288 ns, Reaching safepoint: 94586 ns, At safepoint: 19444 ns, Total: 114030 ns
[2020-09-11T15:53:35.180+0000][1][safepoint    ] Safepoint "RevokeBias", Time since last: 110277 ns, Reaching safepoint: 30720 ns, At safepoint: 11327 ns, Total: 42047 ns
[2020-09-11T15:53:35.180+0000][1][safepoint    ] Safepoint "RevokeBias", Time since last: 40339 ns, Reaching safepoint: 28140 ns, At safepoint: 9357 ns, Total: 37497 ns
[2020-09-11T15:53:35.180+0000][1][safepoint    ] Safepoint "RevokeBias", Time since last: 33704 ns, Reaching safepoint: 27445 ns, At safepoint: 9159 ns, Total: 36604 ns
[2020-09-11T15:53:35.229+0000][1][safepoint    ] Safepoint "RevokeBias", Time since last: 48956314 ns, Reaching safepoint: 161571 ns, At safepoint: 21590 ns, Total: 183161 ns
[2020-09-11T15:53:35.867+0000][1][gc,start     ] GC(102) Pause Young (Allocation Failure)
[2020-09-11T15:53:35.867+0000][1][gc,task      ] GC(102) Using 1 workers of 1 for evacuation
[2020-09-11T15:53:35.886+0000][1][gc,age       ] GC(102) Desired survivor size 4358144 bytes, new threshold 6 (max threshold 6)
[2020-09-11T15:53:35.886+0000][1][gc,age       ] GC(102) Age table with threshold 6 (max threshold 6)
[2020-09-11T15:53:35.886+0000][1][gc,age       ] GC(102) - age   1:     336520 bytes,     336520 total
[2020-09-11T15:53:35.886+0000][1][gc,age       ] GC(102) - age   2:     736960 bytes,    1073480 total
[2020-09-11T15:53:35.886+0000][1][gc,age       ] GC(102) - age   3:     276232 bytes,    1349712 total
[2020-09-11T15:53:35.886+0000][1][gc,age       ] GC(102) - age   4:       7936 bytes,    1357648 total
[2020-09-11T15:53:35.886+0000][1][gc,age       ] GC(102) - age   5:       3576 bytes,    1361224 total
[2020-09-11T15:53:35.886+0000][1][gc,age       ] GC(102) - age   6:       1928 bytes,    1363152 total
[2020-09-11T15:53:35.886+0000][1][gc,heap      ] GC(102) ParNew: 69595K->1877K(76672K)
[2020-09-11T15:53:35.886+0000][1][gc,heap      ] GC(102) CMS: 75213K->75221K(439104K)
[2020-09-11T15:53:35.886+0000][1][gc,metaspace ] GC(102) Metaspace: 91694K->91694K(1134592K)
[2020-09-11T15:53:35.886+0000][1][gc           ] GC(102) Pause Young (Allocation Failure) 141M->75M(503M) 18.889ms
[2020-09-11T15:53:35.886+0000][1][gc,cpu       ] GC(102) User=0.01s Sys=0.00s Real=0.02s
[2020-09-11T15:53:35.886+0000][1][safepoint    ] Safepoint "GenCollectForAllocation", Time since last: 637997670 ns, Reaching safepoint: 212900 ns, At safepoint: 18975068 ns, Total: 19187968 ns
[2020-09-11T15:53:41.893+0000][1][safepoint    ] Safepoint "RevokeBias", Time since last: 6006443881 ns, Reaching safepoint: 219384 ns, At safepoint: 33386 ns, Total: 252770 ns
[2020-09-11T15:53:42.893+0000][1][safepoint    ] Safepoint "Cleanup", Time since last: 1000158425 ns, Reaching safepoint: 120403 ns, At safepoint: 8885 ns, Total: 129288 ns
[2020-09-11T15:53:43.284+0000][1][safepoint    ] Safepoint "RevokeBias", Time since last: 390661719 ns, Reaching safepoint: 195077 ns, At safepoint: 30161 ns, Total: 225238 ns
[2020-09-11T15:53:44.284+0000][1][safepoint    ] Safepoint "Cleanup", Time since last: 1000188976 ns, Reaching safepoint: 112037 ns, At safepoint: 8865 ns, Total: 120902 ns
[2020-09-11T15:53:45.285+0000][1][safepoint    ] Safepoint "Cleanup", Time since last: 1000195145 ns, Reaching safepoint: 108543 ns, At safepoint: 9235 ns, Total: 117778 ns
[2020-09-11T15:53:46.285+0000][1][safepoint    ] Safepoint "Cleanup", Time since last: 1000201382 ns, Reaching safepoint: 153398 ns, At safepoint: 20718 ns, Total: 174116 ns
[2020-09-11T15:53:47.285+0000][1][safepoint    ] Safepoint "Cleanup", Time since last: 1000195780 ns, Reaching safepoint: 157731 ns, At safepoint: 29090 ns, Total: 186821 ns
[2020-09-11T15:53:48.286+0000][1][safepoint    ] Safepoint "Cleanup", Time since last: 1000212286 ns, Reaching safepoint: 111833 ns, At safepoint: 6979 ns, Total: 118812 ns
[2020-09-11T15:53:49.286+0000][1][safepoint    ] Safepoint "Cleanup", Time since last: 1000144735 ns, Reaching safepoint: 86057 ns, At safepoint: 8782 ns, Total: 94839 ns
[2020-09-11T15:53:50.286+0000][1][safepoint    ] Safepoint "Cleanup", Time since last: 1000132422 ns, Reaching safepoint: 155690 ns, At safepoint: 16358 ns, Total: 172048 ns
[2020-09-11T15:53:51.287+0000][1][safepoint    ] Safepoint "Cleanup", Time since last: 1000247658 ns, Reaching safepoint: 112351 ns, At safepoint: 9869 ns, Total: 122220 ns
[2020-09-11T15:53:52.287+0000][1][safepoint    ] Safepoint "Cleanup", Time since last: 1000179254 ns, Reaching safepoint: 152854 ns, At safepoint: 19498 ns, Total: 172352 ns
[2020-09-11T15:53:53.286+0000][1][safepoint    ] Safepoint "RevokeBias", Time since last: 999182755 ns, Reaching safepoint: 261955 ns, At safepoint: 50806 ns, Total: 312761 ns
[2020-09-11T15:53:54.287+0000][1][safepoint    ] Safepoint "Cleanup", Time since last: 1000244282 ns, Reaching safepoint: 87655 ns, At safepoint: 8407 ns, Total: 96062 ns
[2020-09-11T15:53:55.287+0000][1][safepoint    ] Safepoint "Cleanup", Time since last: 1000178653 ns, Reaching safepoint: 157967 ns, At safepoint: 8447 ns, Total: 166414 ns
[2020-09-11T15:53:56.287+0000][1][safepoint    ] Safepoint "Cleanup", Time since last: 1000211422 ns, Reaching safepoint: 92015 ns, At safepoint: 8820 ns, Total: 100835 ns
[2020-09-11T15:53:57.288+0000][1][safepoint    ] Safepoint "Cleanup", Time since last: 1000185833 ns, Reaching safepoint: 108606 ns, At safepoint: 8626 ns, Total: 117232 ns
[2020-09-11T15:53:58.288+0000][1][safepoint    ] Safepoint "Cleanup", Time since last: 1000212157 ns, Reaching safepoint: 107765 ns, At safepoint: 8659 ns, Total: 116424 ns
[2020-09-11T15:53:59.028+0000][1][safepoint    ] Safepoint "RevokeBias", Time since last: 739657984 ns, Reaching safepoint: 99979 ns, At safepoint: 24012 ns, Total: 123991 ns
[2020-09-11T15:53:59.331+0000][1][safepoint    ] Safepoint "RevokeBias", Time since last: 303208159 ns, Reaching safepoint: 179965 ns, At safepoint: 24735 ns, Total: 204700 ns
[2020-09-11T15:53:59.988+0000][1][gc,start     ] GC(103) Pause Young (Allocation Failure)
[2020-09-11T15:53:59.988+0000][1][gc,task      ] GC(103) Using 1 workers of 1 for evacuation
[2020-09-11T15:53:59.995+0000][1][gc,age       ] GC(103) Desired survivor size 4358144 bytes, new threshold 6 (max threshold 6)
[2020-09-11T15:53:59.995+0000][1][gc,age       ] GC(103) Age table with threshold 6 (max threshold 6)
[2020-09-11T15:53:59.995+0000][1][gc,age       ] GC(103) - age   1:    2237360 bytes,    2237360 total
[2020-09-11T15:53:59.995+0000][1][gc,age       ] GC(103) - age   2:     243264 bytes,    2480624 total
[2020-09-11T15:53:59.995+0000][1][gc,age       ] GC(103) - age   3:     179448 bytes,    2660072 total
[2020-09-11T15:53:59.995+0000][1][gc,age       ] GC(103) - age   4:     266696 bytes,    2926768 total
[2020-09-11T15:53:59.995+0000][1][gc,age       ] GC(103) - age   5:       5168 bytes,    2931936 total
[2020-09-11T15:53:59.995+0000][1][gc,age       ] GC(103) - age   6:       2304 bytes,    2934240 total
[2020-09-11T15:53:59.995+0000][1][gc,heap      ] GC(103) ParNew: 70037K->3345K(76672K)
[2020-09-11T15:53:59.995+0000][1][gc,heap      ] GC(103) CMS: 75221K->75223K(439104K)
[2020-09-11T15:53:59.995+0000][1][gc,metaspace ] GC(103) Metaspace: 91732K->91732K(1134592K)
[2020-09-11T15:53:59.995+0000][1][gc           ] GC(103) Pause Young (Allocation Failure) 141M->76M(503M) 6.938ms
[2020-09-11T15:53:59.995+0000][1][gc,cpu       ] GC(103) User=0.01s Sys=0.00s Real=0.01s
[2020-09-11T15:53:59.995+0000][1][safepoint    ] Safepoint "GenCollectForAllocation", Time since last: 656266651 ns, Reaching safepoint: 195448 ns, At safepoint: 7010895 ns, Total: 7206343 ns
[2020-09-11T15:54:00.998+0000][1][safepoint    ] Safepoint "Cleanup", Time since last: 1003417067 ns, Reaching safepoint: 77746 ns, At safepoint: 7784 ns, Total: 85530 ns
[2020-09-11T15:54:01.999+0000][1][safepoint    ] Safepoint "Cleanup", Time since last: 1000174020 ns, Reaching safepoint: 158858 ns, At safepoint: 19591 ns, Total: 178449 ns
[2020-09-11T15:54:02.999+0000][1][safepoint    ] Safepoint "Cleanup", Time since last: 1000218521 ns, Reaching safepoint: 105516 ns, At safepoint: 9920 ns, Total: 115436 ns
[2020-09-11T15:54:03.303+0000][1][safepoint    ] Safepoint "RevokeBias", Time since last: 303581218 ns, Reaching safepoint: 156927 ns, At safepoint: 20436 ns, Total: 177363 ns
[2020-09-11T15:54:04.303+0000][1][safepoint    ] Safepoint "Cleanup", Time since last: 1000174314 ns, Reaching safepoint: 162903 ns, At safepoint: 19943 ns, Total: 182846 ns
[2020-09-11T15:54:05.303+0000][1][safepoint    ] Safepoint "Cleanup", Time since last: 1000213175 ns, Reaching safepoint: 113447 ns, At safepoint: 8365 ns, Total: 121812 ns
[2020-09-11T15:54:06.304+0000][1][safepoint    ] Safepoint "Cleanup", Time since last: 1000180861 ns, Reaching safepoint: 110644 ns, At safepoint: 8980 ns, Total: 119624 ns
[2020-09-11T15:54:07.304+0000][1][safepoint    ] Safepoint "Cleanup", Time since last: 1000185515 ns, Reaching safepoint: 154822 ns, At safepoint: 20073 ns, Total: 174895 ns
[2020-09-11T15:54:08.304+0000][1][safepoint    ] Safepoint "Cleanup", Time since last: 1000217360 ns, Reaching safepoint: 118303 ns, At safepoint: 10270 ns, Total: 128573 ns
[2020-09-11T15:54:09.305+0000][1][safepoint    ] Safepoint "Cleanup", Time since last: 1000110138 ns, Reaching safepoint: 83289 ns, At safepoint: 8530 ns, Total: 91819 ns
[2020-09-11T15:54:10.305+0000][1][safepoint    ] Safepoint "Cleanup", Time since last: 1000104877 ns, Reaching safepoint: 99197 ns, At safepoint: 9555 ns, Total: 108752 ns
[2020-09-11T15:54:11.305+0000][1][safepoint    ] Safepoint "Cleanup", Time since last: 1000160074 ns, Reaching safepoint: 154802 ns, At safepoint: 19307 ns, Total: 174109 ns
[2020-09-11T15:54:12.306+0000][1][safepoint    ] Safepoint "Cleanup", Time since last: 1000192320 ns, Reaching safepoint: 155576 ns, At safepoint: 20588 ns, Total: 176164 ns
[2020-09-11T15:54:13.232+0000][1][safepoint    ] Safepoint "RevokeBias", Time since last: 925998237 ns, Reaching safepoint: 166332 ns, At safepoint: 23057 ns, Total: 189389 ns
[2020-09-11T15:54:14.232+0000][1][safepoint    ] Safepoint "Cleanup", Time since last: 1000192840 ns, Reaching safepoint: 160337 ns, At safepoint: 19498 ns, Total: 179835 ns
[2020-09-11T15:54:15.233+0000][1][safepoint    ] Safepoint "Cleanup", Time since last: 1000228316 ns, Reaching safepoint: 150683 ns, At safepoint: 18555 ns, Total: 169238 ns
[2020-09-11T15:54:16.233+0000][1][safepoint    ] Safepoint "Cleanup", Time since last: 1000199901 ns, Reaching safepoint: 178876 ns, At safepoint: 18549 ns, Total: 197425 ns
[2020-09-11T15:54:17.233+0000][1][safepoint    ] Safepoint "Cleanup", Time since last: 1000203520 ns, Reaching safepoint: 148854 ns, At safepoint: 19208 ns, Total: 168062 ns
[2020-09-11T15:54:18.234+0000][1][safepoint    ] Safepoint "Cleanup", Time since last: 1000729589 ns, Reaching safepoint: 154067 ns, At safepoint: 19181 ns, Total: 173248 ns
[2020-09-11T15:54:19.235+0000][1][safepoint    ] Safepoint "Cleanup", Time since last: 1000203899 ns, Reaching safepoint: 158904 ns, At safepoint: 18139 ns, Total: 177043 ns
[2020-09-11T15:54:20.235+0000][1][safepoint    ] Safepoint "Cleanup", Time since last: 1000237146 ns, Reaching safepoint: 110972 ns, At safepoint: 7884 ns, Total: 118856 ns
[2020-09-11T15:54:21.235+0000][1][safepoint    ] Safepoint "Cleanup", Time since last: 1000113091 ns, Reaching safepoint: 91915 ns, At safepoint: 9667 ns, Total: 101582 ns
[2020-09-11T15:54:22.235+0000][1][safepoint    ] Safepoint "Cleanup", Time since last: 1000138393 ns, Reaching safepoint: 154060 ns, At safepoint: 19665 ns, Total: 173725 ns
[2020-09-11T15:54:23.236+0000][1][safepoint    ] Safepoint "Cleanup", Time since last: 1000174834 ns, Reaching safepoint: 217643 ns, At safepoint: 19484 ns, Total: 237127 ns
[2020-09-11T15:54:23.284+0000][1][safepoint    ] Safepoint "RevokeBias", Time since last: 47624427 ns, Reaching safepoint: 88104 ns, At safepoint: 24059 ns, Total: 112163 ns
[2020-09-11T15:54:24.284+0000][1][safepoint    ] Safepoint "Cleanup", Time since last: 1000152841 ns, Reaching safepoint: 122907 ns, At safepoint: 6897 ns, Total: 129804 ns
[2020-09-11T15:54:25.024+0000][1][gc,start     ] GC(104) Pause Young (Allocation Failure)
[2020-09-11T15:54:25.024+0000][1][gc,task      ] GC(104) Using 1 workers of 1 for evacuation
[2020-09-11T15:54:25.030+0000][1][gc,age       ] GC(104) Desired survivor size 4358144 bytes, new threshold 6 (max threshold 6)
[2020-09-11T15:54:25.030+0000][1][gc,age       ] GC(104) Age table with threshold 6 (max threshold 6)
[2020-09-11T15:54:25.030+0000][1][gc,age       ] GC(104) - age   1:      44600 bytes,      44600 total
[2020-09-11T15:54:25.030+0000][1][gc,age       ] GC(104) - age   2:    2204640 bytes,    2249240 total
[2020-09-11T15:54:25.030+0000][1][gc,age       ] GC(104) - age   3:     239368 bytes,    2488608 total
[2020-09-11T15:54:25.030+0000][1][gc,age       ] GC(104) - age   4:     179448 bytes,    2668056 total
[2020-09-11T15:54:25.030+0000][1][gc,age       ] GC(104) - age   5:     262408 bytes,    2930464 total
[2020-09-11T15:54:25.030+0000][1][gc,age       ] GC(104) - age   6:       5136 bytes,    2935600 total
[2020-09-11T15:54:25.030+0000][1][gc,heap      ] GC(104) ParNew: 71505K->4537K(76672K)
[2020-09-11T15:54:25.030+0000][1][gc,heap      ] GC(104) CMS: 75223K->75225K(439104K)
[2020-09-11T15:54:25.031+0000][1][gc,metaspace ] GC(104) Metaspace: 91766K->91766K(1134592K)
[2020-09-11T15:54:25.031+0000][1][gc           ] GC(104) Pause Young (Allocation Failure) 143M->77M(503M) 6.200ms
[2020-09-11T15:54:25.031+0000][1][gc,cpu       ] GC(104) User=0.01s Sys=0.00s Real=0.00s
[2020-09-11T15:54:25.031+0000][1][safepoint    ] Safepoint "GenCollectForAllocation", Time since last: 740260367 ns, Reaching safepoint: 203125 ns, At safepoint: 6284050 ns, Total: 6487175 ns
[2020-09-11T15:54:26.034+0000][1][safepoint    ] Safepoint "Cleanup", Time since last: 1003219513 ns, Reaching safepoint: 193149 ns, At safepoint: 20418 ns, Total: 213567 ns
[2020-09-11T15:54:27.035+0000][1][safepoint    ] Safepoint "Cleanup", Time since last: 1000440408 ns, Reaching safepoint: 252753 ns, At safepoint: 44616 ns, Total: 297369 ns
[2020-09-11T15:54:28.035+0000][1][safepoint    ] Safepoint "Cleanup", Time since last: 1000176553 ns, Reaching safepoint: 340307 ns, At safepoint: 22588 ns, Total: 362895 ns
[2020-09-11T15:54:29.036+0000][1][safepoint    ] Safepoint "Cleanup", Time since last: 1000235006 ns, Reaching safepoint: 147282 ns, At safepoint: 19451 ns, Total: 166733 ns
[2020-09-11T15:54:30.036+0000][1][safepoint    ] Safepoint "Cleanup", Time since last: 1000175914 ns, Reaching safepoint: 249118 ns, At safepoint: 21703 ns, Total: 270821 ns
[2020-09-11T15:54:31.037+0000][1][safepoint    ] Safepoint "Cleanup", Time since last: 1000211400 ns, Reaching safepoint: 108850 ns, At safepoint: 9013 ns, Total: 117863 ns
[2020-09-11T15:54:32.037+0000][1][safepoint    ] Safepoint "Cleanup", Time since last: 1000178537 ns, Reaching safepoint: 179960 ns, At safepoint: 18051 ns, Total: 198011 ns
[2020-09-11T15:54:33.037+0000][1][safepoint    ] Safepoint "Cleanup", Time since last: 1000204040 ns, Reaching safepoint: 104005 ns, At safepoint: 8159 ns, Total: 112164 ns
[2020-09-11T15:54:33.266+0000][1][safepoint    ] Safepoint "RevokeBias", Time since last: 228569755 ns, Reaching safepoint: 162797 ns, At safepoint: 24213 ns, Total: 187010 ns
[2020-09-11T15:54:34.266+0000][1][safepoint    ] Safepoint "Cleanup", Time since last: 1000147206 ns, Reaching safepoint: 159462 ns, At safepoint: 17461 ns, Total: 176923 ns
[2020-09-11T15:54:35.267+0000][1][safepoint    ] Safepoint "Cleanup", Time since last: 1000174329 ns, Reaching safepoint: 154437 ns, At safepoint: 18783 ns, Total: 173220 ns
[2020-09-11T15:54:36.267+0000][1][safepoint    ] Safepoint "Cleanup", Time since last: 1000179676 ns, Reaching safepoint: 129692 ns, At safepoint: 7218 ns, Total: 136910 ns
[2020-09-11T15:54:37.267+0000][1][safepoint    ] Safepoint "Cleanup", Time since last: 1000146992 ns, Reaching safepoint: 123420 ns, At safepoint: 7278 ns, Total: 130698 ns
[2020-09-11T15:54:38.268+0000][1][safepoint    ] Safepoint "Cleanup", Time since last: 1000143752 ns, Reaching safepoint: 147051 ns, At safepoint: 18720 ns, Total: 165771 ns
[2020-09-11T15:54:39.268+0000][1][safepoint    ] Safepoint "Cleanup", Time since last: 1000167345 ns, Reaching safepoint: 170174 ns, At safepoint: 22161 ns, Total: 192335 ns
[2020-09-11T15:54:40.268+0000][1][safepoint    ] Safepoint "Cleanup", Time since last: 1000180406 ns, Reaching safepoint: 145557 ns, At safepoint: 18269 ns, Total: 163826 ns
[2020-09-11T15:54:41.269+0000][1][safepoint    ] Safepoint "Cleanup", Time since last: 1000181212 ns, Reaching safepoint: 149008 ns, At safepoint: 18937 ns, Total: 167945 ns
[2020-09-11T15:54:42.269+0000][1][safepoint    ] Safepoint "Cleanup", Time since last: 1000207158 ns, Reaching safepoint: 154037 ns, At safepoint: 19047 ns, Total: 173084 ns
[2020-09-11T15:54:43.227+0000][1][safepoint    ] Safepoint "RevokeBias", Time since last: 957609365 ns, Reaching safepoint: 163572 ns, At safepoint: 23598 ns, Total: 187170 ns
[2020-09-11T15:54:44.227+0000][1][safepoint    ] Safepoint "Cleanup", Time since last: 1000170255 ns, Reaching safepoint: 104314 ns, At safepoint: 7629 ns, Total: 111943 ns
[2020-09-11T15:54:45.227+0000][1][safepoint    ] Safepoint "Cleanup", Time since last: 1000138979 ns, Reaching safepoint: 125748 ns, At safepoint: 8559 ns, Total: 134307 ns
[2020-09-11T15:54:46.228+0000][1][safepoint    ] Safepoint "Cleanup", Time since last: 1000130017 ns, Reaching safepoint: 149837 ns, At safepoint: 20571 ns, Total: 170408 ns
[2020-09-11T15:54:47.228+0000][1][safepoint    ] Safepoint "Cleanup", Time since last: 1000250881 ns, Reaching safepoint: 147485 ns, At safepoint: 24917 ns, Total: 172402 ns
[2020-09-11T15:54:48.228+0000][1][safepoint    ] Safepoint "Cleanup", Time since last: 1000192796 ns, Reaching safepoint: 147027 ns, At safepoint: 18763 ns, Total: 165790 ns
[2020-09-11T15:54:49.229+0000][1][safepoint    ] Safepoint "Cleanup", Time since last: 1000211838 ns, Reaching safepoint: 179224 ns, At safepoint: 17123 ns, Total: 196347 ns
[2020-09-11T15:54:50.229+0000][1][safepoint    ] Safepoint "Cleanup", Time since last: 1000185017 ns, Reaching safepoint: 154979 ns, At safepoint: 20611 ns, Total: 175590 ns
[2020-09-11T15:54:51.229+0000][1][safepoint    ] Safepoint "Cleanup", Time since last: 1000217282 ns, Reaching safepoint: 102807 ns, At safepoint: 8842 ns, Total: 111649 ns
[2020-09-11T15:54:52.230+0000][1][safepoint    ] Safepoint "Cleanup", Time since last: 1000166863 ns, Reaching safepoint: 110114 ns, At safepoint: 9399 ns, Total: 119513 ns
[2020-09-11T15:54:53.230+0000][1][safepoint    ] Safepoint "Cleanup", Time since last: 1000186655 ns, Reaching safepoint: 150397 ns, At safepoint: 10641 ns, Total: 161038 ns
[2020-09-11T15:54:53.275+0000][1][safepoint    ] Safepoint "RevokeBias", Time since last: 44260591 ns, Reaching safepoint: 157151 ns, At safepoint: 23406 ns, Total: 180557 ns
[2020-09-11T15:54:54.275+0000][1][safepoint    ] Safepoint "Cleanup", Time since last: 1000128758 ns, Reaching safepoint: 147541 ns, At safepoint: 17691 ns, Total: 165232 ns
[2020-09-11T15:54:54.812+0000][1][gc,start     ] GC(105) Pause Young (Allocation Failure)
[2020-09-11T15:54:54.812+0000][1][gc,task      ] GC(105) Using 1 workers of 1 for evacuation
[2020-09-11T15:54:54.824+0000][1][gc,age       ] GC(105) Desired survivor size 4358144 bytes, new threshold 6 (max threshold 6)
[2020-09-11T15:54:54.824+0000][1][gc,age       ] GC(105) Age table with threshold 6 (max threshold 6)
[2020-09-11T15:54:54.824+0000][1][gc,age       ] GC(105) - age   1:     117040 bytes,     117040 total
[2020-09-11T15:54:54.824+0000][1][gc,age       ] GC(105) - age   2:       8096 bytes,     125136 total
[2020-09-11T15:54:54.824+0000][1][gc,age       ] GC(105) - age   3:    2197576 bytes,    2322712 total
[2020-09-11T15:54:54.824+0000][1][gc,age       ] GC(105) - age   4:     239368 bytes,    2562080 total
[2020-09-11T15:54:54.824+0000][1][gc,age       ] GC(105) - age   5:     178832 bytes,    2740912 total
[2020-09-11T15:54:54.824+0000][1][gc,age       ] GC(105) - age   6:     260976 bytes,    3001888 total
[2020-09-11T15:54:54.824+0000][1][gc,heap      ] GC(105) ParNew: 72691K->5434K(76672K)
[2020-09-11T15:54:54.824+0000][1][gc,heap      ] GC(105) CMS: 75225K->75230K(439104K)
[2020-09-11T15:54:54.824+0000][1][gc,metaspace ] GC(105) Metaspace: 91820K->91820K(1134592K)
[2020-09-11T15:54:54.825+0000][1][gc           ] GC(105) Pause Young (Allocation Failure) 144M->78M(503M) 12.700ms
[2020-09-11T15:54:54.825+0000][1][gc,cpu       ] GC(105) User=0.01s Sys=0.00s Real=0.02s
[2020-09-11T15:54:54.825+0000][1][safepoint    ] Safepoint "GenCollectForAllocation", Time since last: 536625542 ns, Reaching safepoint: 308618 ns, At safepoint: 12790067 ns, Total: 13098685 ns
[2020-09-11T15:54:55.825+0000][1][safepoint    ] Safepoint "Cleanup", Time since last: 1000764966 ns, Reaching safepoint: 82650 ns, At safepoint: 7587 ns, Total: 90237 ns
[2020-09-11T15:54:56.826+0000][1][safepoint    ] Safepoint "Cleanup", Time since last: 1000133699 ns, Reaching safepoint: 153729 ns, At safepoint: 17681 ns, Total: 171410 ns
[2020-09-11T15:54:57.826+0000][1][safepoint    ] Safepoint "Cleanup", Time since last: 1000176969 ns, Reaching safepoint: 199474 ns, At safepoint: 21115 ns, Total: 220589 ns
[2020-09-11T15:54:58.827+0000][1][safepoint    ] Safepoint "Cleanup", Time since last: 1000214746 ns, Reaching safepoint: 165750 ns, At safepoint: 19552 ns, Total: 185302 ns
[2020-09-11T15:55:02.827+0000][1][safepoint    ] Safepoint "Cleanup", Time since last: 4000603215 ns, Reaching safepoint: 165697 ns, At safepoint: 18552 ns, Total: 184249 ns
[2020-09-11T15:55:03.288+0000][1][safepoint    ] Safepoint "RevokeBias", Time since last: 460320651 ns, Reaching safepoint: 166025 ns, At safepoint: 24118 ns, Total: 190143 ns
[2020-09-11T15:55:04.288+0000][1][safepoint    ] Safepoint "Cleanup", Time since last: 1000127497 ns, Reaching safepoint: 86715 ns, At safepoint: 8222 ns, Total: 94937 ns
[2020-09-11T15:55:08.289+0000][1][safepoint    ] Safepoint "Cleanup", Time since last: 4000636163 ns, Reaching safepoint: 108614 ns, At safepoint: 8464 ns, Total: 117078 ns
[2020-09-11T15:55:13.232+0000][1][safepoint    ] Safepoint "RevokeBias", Time since last: 4942497087 ns, Reaching safepoint: 198072 ns, At safepoint: 23511 ns, Total: 221583 ns
[2020-09-11T15:55:14.232+0000][1][safepoint    ] Safepoint "Cleanup", Time since last: 1000172052 ns, Reaching safepoint: 115113 ns, At safepoint: 8078 ns, Total: 123191 ns
[2020-09-11T15:55:20.233+0000][1][safepoint    ] Safepoint "Cleanup", Time since last: 6000740674 ns, Reaching safepoint: 126753 ns, At safepoint: 9680 ns, Total: 136433 ns
[2020-09-11T15:55:22.233+0000][1][safepoint    ] Safepoint "Cleanup", Time since last: 2000287768 ns, Reaching safepoint: 96427 ns, At safepoint: 9142 ns, Total: 105569 ns
[2020-09-11T15:55:23.264+0000][1][safepoint    ] Safepoint "RevokeBias", Time since last: 1030735316 ns, Reaching safepoint: 165047 ns, At safepoint: 24715 ns, Total: 189762 ns
[2020-09-11T15:55:23.745+0000][1][gc,start     ] GC(106) Pause Young (Allocation Failure)
[2020-09-11T15:55:23.746+0000][1][gc,task      ] GC(106) Using 1 workers of 1 for evacuation
[2020-09-11T15:55:23.769+0000][1][gc,age       ] GC(106) Desired survivor size 4358144 bytes, new threshold 6 (max threshold 6)
[2020-09-11T15:55:23.769+0000][1][gc,age       ] GC(106) Age table with threshold 6 (max threshold 6)
[2020-09-11T15:55:23.769+0000][1][gc,age       ] GC(106) - age   1:      51480 bytes,      51480 total
[2020-09-11T15:55:23.769+0000][1][gc,age       ] GC(106) - age   2:       5632 bytes,      57112 total
[2020-09-11T15:55:23.769+0000][1][gc,age       ] GC(106) - age   3:       6760 bytes,      63872 total
[2020-09-11T15:55:23.769+0000][1][gc,age       ] GC(106) - age   4:    2197576 bytes,    2261448 total
[2020-09-11T15:55:23.769+0000][1][gc,age       ] GC(106) - age   5:     239368 bytes,    2500816 total
[2020-09-11T15:55:23.769+0000][1][gc,age       ] GC(106) - age   6:     178832 bytes,    2679648 total
[2020-09-11T15:55:23.770+0000][1][gc,heap      ] GC(106) ParNew: 73594K->3557K(76672K)
[2020-09-11T15:55:23.770+0000][1][gc,heap      ] GC(106) CMS: 75230K->75492K(439104K)
[2020-09-11T15:55:23.770+0000][1][gc,metaspace ] GC(106) Metaspace: 91838K->91838K(1134592K)
[2020-09-11T15:55:23.770+0000][1][gc           ] GC(106) Pause Young (Allocation Failure) 145M->77M(503M) 24.092ms
[2020-09-11T15:55:23.770+0000][1][gc,cpu       ] GC(106) User=0.01s Sys=0.00s Real=0.02s
[2020-09-11T15:55:23.775+0000][1][safepoint    ] Safepoint "GenCollectForAllocation", Time since last: 481278135 ns, Reaching safepoint: 163275 ns, At safepoint: 29058709 ns, Total: 29221984 ns
[2020-09-11T15:55:25.799+0000][1][safepoint    ] Safepoint "Cleanup", Time since last: 2024011669 ns, Reaching safepoint: 151925 ns, At safepoint: 18599 ns, Total: 170524 ns
[2020-09-11T15:55:26.799+0000][1][safepoint    ] Safepoint "Cleanup", Time since last: 1000215605 ns, Reaching safepoint: 152593 ns, At safepoint: 40166 ns, Total: 192759 ns
[2020-09-11T15:55:27.800+0000][1][safepoint    ] Safepoint "Cleanup", Time since last: 1000208280 ns, Reaching safepoint: 154307 ns, At safepoint: 19448 ns, Total: 173755 ns
[2020-09-11T15:55:28.801+0000][1][safepoint    ] Safepoint "Cleanup", Time since last: 1000373246 ns, Reaching safepoint: 928021 ns, At safepoint: 10558 ns, Total: 938579 ns
[2020-09-11T15:55:29.801+0000][1][safepoint    ] Safepoint "Cleanup", Time since last: 1000264961 ns, Reaching safepoint: 163853 ns, At safepoint: 18392 ns, Total: 182245 ns
[2020-09-11T15:55:30.802+0000][1][safepoint    ] Safepoint "Cleanup", Time since last: 1000178343 ns, Reaching safepoint: 154765 ns, At safepoint: 19455 ns, Total: 174220 ns
[2020-09-11T15:55:31.802+0000][1][safepoint    ] Safepoint "Cleanup", Time since last: 1000220233 ns, Reaching safepoint: 120949 ns, At safepoint: 8510 ns, Total: 129459 ns
[2020-09-11T15:55:32.802+0000][1][safepoint    ] Safepoint "Cleanup", Time since last: 1000139493 ns, Reaching safepoint: 122845 ns, At safepoint: 8585 ns, Total: 131430 ns
[2020-09-11T15:55:33.280+0000][1][safepoint    ] Safepoint "RevokeBias", Time since last: 477558522 ns, Reaching safepoint: 163907 ns, At safepoint: 25715 ns, Total: 189622 ns
[2020-09-11T15:55:34.280+0000][1][safepoint    ] Safepoint "Cleanup", Time since last: 1000133778 ns, Reaching safepoint: 164755 ns, At safepoint: 20433 ns, Total: 185188 ns
[2020-09-11T15:55:35.281+0000][1][safepoint    ] Safepoint "Cleanup", Time since last: 1000227323 ns, Reaching safepoint: 103903 ns, At safepoint: 8736 ns, Total: 112639 ns
[2020-09-11T15:55:36.281+0000][1][safepoint    ] Safepoint "Cleanup", Time since last: 1000177408 ns, Reaching safepoint: 102786 ns, At safepoint: 8222 ns, Total: 111008 ns
[2020-09-11T15:55:37.281+0000][1][safepoint    ] Safepoint "Cleanup", Time since last: 1000192540 ns, Reaching safepoint: 105172 ns, At safepoint: 7139 ns, Total: 112311 ns
[2020-09-11T15:55:38.281+0000][1][safepoint    ] Safepoint "Cleanup", Time since last: 1000145900 ns, Reaching safepoint: 72495 ns, At safepoint: 6438 ns, Total: 78933 ns
[2020-09-11T15:55:39.282+0000][1][safepoint    ] Safepoint "Cleanup", Time since last: 1000138563 ns, Reaching safepoint: 112857 ns, At safepoint: 8914 ns, Total: 121771 ns
[2020-09-11T15:55:40.282+0000][1][safepoint    ] Safepoint "Cleanup", Time since last: 1000171391 ns, Reaching safepoint: 111823 ns, At safepoint: 10663 ns, Total: 122486 ns
[2020-09-11T15:55:41.282+0000][1][safepoint    ] Safepoint "Cleanup", Time since last: 1000183563 ns, Reaching safepoint: 106727 ns, At safepoint: 9177 ns, Total: 115904 ns
[2020-09-11T15:55:42.283+0000][1][safepoint    ] Safepoint "Cleanup", Time since last: 1000162063 ns, Reaching safepoint: 109393 ns, At safepoint: 8733 ns, Total: 118126 ns
[2020-09-11T15:55:43.283+0000][1][safepoint    ] Safepoint "Cleanup", Time since last: 1000164706 ns, Reaching safepoint: 108323 ns, At safepoint: 8035 ns, Total: 116358 ns
[2020-09-11T15:55:43.297+0000][1][safepoint    ] Safepoint "RevokeBias", Time since last: 14324505 ns, Reaching safepoint: 202583 ns, At safepoint: 25052 ns, Total: 227635 ns
[2020-09-11T15:55:44.298+0000][1][safepoint    ] Safepoint "Cleanup", Time since last: 1000108069 ns, Reaching safepoint: 99443 ns, At safepoint: 9708 ns, Total: 109151 ns
[2020-09-11T15:55:45.298+0000][1][safepoint    ] Safepoint "Cleanup", Time since last: 1000182455 ns, Reaching safepoint: 97548 ns, At safepoint: 8633 ns, Total: 106181 ns
[2020-09-11T15:55:46.298+0000][1][safepoint    ] Safepoint "Cleanup", Time since last: 1000198553 ns, Reaching safepoint: 100929 ns, At safepoint: 8086 ns, Total: 109015 ns
[2020-09-11T15:55:47.299+0000][1][safepoint    ] Safepoint "Cleanup", Time since last: 1000179131 ns, Reaching safepoint: 99931 ns, At safepoint: 7162 ns, Total: 107093 ns
[2020-09-11T15:55:48.299+0000][1][safepoint    ] Safepoint "Cleanup", Time since last: 1000170903 ns, Reaching safepoint: 112855 ns, At safepoint: 7226 ns, Total: 120081 ns
[2020-09-11T15:55:53.265+0000][1][safepoint    ] Safepoint "RevokeBias", Time since last: 4966207589 ns, Reaching safepoint: 91574 ns, At safepoint: 23230 ns, Total: 114804 ns
[2020-09-11T15:55:53.631+0000][1][gc,start     ] GC(107) Pause Young (Allocation Failure)
[2020-09-11T15:55:53.631+0000][1][gc,task      ] GC(107) Using 1 workers of 1 for evacuation
[2020-09-11T15:55:53.647+0000][1][gc,age       ] GC(107) Desired survivor size 4358144 bytes, new threshold 6 (max threshold 6)
[2020-09-11T15:55:53.647+0000][1][gc,age       ] GC(107) Age table with threshold 6 (max threshold 6)
[2020-09-11T15:55:53.647+0000][1][gc,age       ] GC(107) - age   1:      54128 bytes,      54128 total
[2020-09-11T15:55:53.647+0000][1][gc,age       ] GC(107) - age   2:       5840 bytes,      59968 total
[2020-09-11T15:55:53.647+0000][1][gc,age       ] GC(107) - age   3:       4200 bytes,      64168 total
[2020-09-11T15:55:53.647+0000][1][gc,age       ] GC(107) - age   4:       6760 bytes,      70928 total
[2020-09-11T15:55:53.647+0000][1][gc,age       ] GC(107) - age   5:    2197280 bytes,    2268208 total
[2020-09-11T15:55:53.647+0000][1][gc,age       ] GC(107) - age   6:     239368 bytes,    2507576 total
[2020-09-11T15:55:53.647+0000][1][gc,heap      ] GC(107) ParNew: 71717K->4814K(76672K)
[2020-09-11T15:55:53.647+0000][1][gc,heap      ] GC(107) CMS: 75492K->75672K(439104K)
[2020-09-11T15:55:53.647+0000][1][gc,metaspace ] GC(107) Metaspace: 91843K->91843K(1134592K)
[2020-09-11T15:55:53.647+0000][1][gc           ] GC(107) Pause Young (Allocation Failure) 143M->78M(503M) 16.533ms
[2020-09-11T15:55:53.648+0000][1][gc,cpu       ] GC(107) User=0.01s Sys=0.00s Real=0.02s
[2020-09-11T15:55:53.648+0000][1][safepoint    ] Safepoint "GenCollectForAllocation", Time since last: 365613915 ns, Reaching safepoint: 195661 ns, At safepoint: 16610186 ns, Total: 16805847 ns
[2020-09-11T15:55:54.655+0000][1][safepoint    ] Safepoint "Cleanup", Time since last: 1006806961 ns, Reaching safepoint: 164270 ns, At safepoint: 19348 ns, Total: 183618 ns
[2020-09-11T15:55:55.655+0000][1][safepoint    ] Safepoint "Cleanup", Time since last: 1000227866 ns, Reaching safepoint: 187580 ns, At safepoint: 21780 ns, Total: 209360 ns
[2020-09-11T15:56:01.656+0000][1][safepoint    ] Safepoint "Cleanup", Time since last: 6001010572 ns, Reaching safepoint: 224789 ns, At safepoint: 22505 ns, Total: 247294 ns
[2020-09-11T15:56:03.280+0000][1][safepoint    ] Safepoint "RevokeBias", Time since last: 1623368747 ns, Reaching safepoint: 176182 ns, At safepoint: 24206 ns, Total: 200388 ns
[2020-09-11T15:56:04.280+0000][1][safepoint    ] Safepoint "Cleanup", Time since last: 1000140611 ns, Reaching safepoint: 156318 ns, At safepoint: 20701 ns, Total: 177019 ns
[2020-09-11T15:56:07.281+0000][1][safepoint    ] Safepoint "Cleanup", Time since last: 3000516254 ns, Reaching safepoint: 178159 ns, At safepoint: 18860 ns, Total: 197019 ns
[2020-09-11T15:56:13.270+0000][1][safepoint    ] Safepoint "RevokeBias", Time since last: 5989163415 ns, Reaching safepoint: 170306 ns, At safepoint: 25788 ns, Total: 196094 ns
[2020-09-11T15:56:14.270+0000][1][safepoint    ] Safepoint "Cleanup", Time since last: 1000120969 ns, Reaching safepoint: 89602 ns, At safepoint: 30181 ns, Total: 119783 ns
[2020-09-11T15:56:15.227+0000][1][gc,start     ] GC(108) Pause Young (Allocation Failure)
[2020-09-11T15:56:15.227+0000][1][gc,task      ] GC(108) Using 1 workers of 1 for evacuation
[2020-09-11T15:56:15.233+0000][1][gc,age       ] GC(108) Desired survivor size 4358144 bytes, new threshold 6 (max threshold 6)
[2020-09-11T15:56:15.233+0000][1][gc,age       ] GC(108) Age table with threshold 6 (max threshold 6)
[2020-09-11T15:56:15.233+0000][1][gc,age       ] GC(108) - age   1:      40744 bytes,      40744 total
[2020-09-11T15:56:15.233+0000][1][gc,age       ] GC(108) - age   2:       9568 bytes,      50312 total
[2020-09-11T15:56:15.233+0000][1][gc,age       ] GC(108) - age   3:       3896 bytes,      54208 total
[2020-09-11T15:56:15.233+0000][1][gc,age       ] GC(108) - age   4:       4056 bytes,      58264 total
[2020-09-11T15:56:15.233+0000][1][gc,age       ] GC(108) - age   5:       5520 bytes,      63784 total
[2020-09-11T15:56:15.233+0000][1][gc,age       ] GC(108) - age   6:    2197280 bytes,    2261064 total
[2020-09-11T15:56:15.233+0000][1][gc,heap      ] GC(108) ParNew: 72974K->3040K(76672K)
[2020-09-11T15:56:15.233+0000][1][gc,heap      ] GC(108) CMS: 75672K->75908K(439104K)
[2020-09-11T15:56:15.233+0000][1][gc,metaspace ] GC(108) Metaspace: 91850K->91850K(1134592K)
[2020-09-11T15:56:15.233+0000][1][gc           ] GC(108) Pause Young (Allocation Failure) 145M->77M(503M) 5.876ms
[2020-09-11T15:56:15.233+0000][1][gc,cpu       ] GC(108) User=0.01s Sys=0.00s Real=0.00s
[2020-09-11T15:56:15.233+0000][1][safepoint    ] Safepoint "GenCollectForAllocation", Time since last: 956131167 ns, Reaching safepoint: 200646 ns, At safepoint: 5953419 ns, Total: 6154065 ns
[2020-09-11T15:56:16.234+0000][1][safepoint    ] Safepoint "Cleanup", Time since last: 1000860670 ns, Reaching safepoint: 72876 ns, At safepoint: 16761 ns, Total: 89637 ns
[2020-09-11T15:56:17.234+0000][1][safepoint    ] Safepoint "Cleanup", Time since last: 1000442831 ns, Reaching safepoint: 143927 ns, At safepoint: 15586 ns, Total: 159513 ns
[2020-09-11T15:56:18.235+0000][1][safepoint    ] Safepoint "Cleanup", Time since last: 1000174365 ns, Reaching safepoint: 283083 ns, At safepoint: 22708 ns, Total: 305791 ns
[2020-09-11T15:56:19.235+0000][1][safepoint    ] Safepoint "Cleanup", Time since last: 1000230258 ns, Reaching safepoint: 113943 ns, At safepoint: 8130 ns, Total: 122073 ns
[2020-09-11T15:56:20.235+0000][1][safepoint    ] Safepoint "Cleanup", Time since last: 1000122344 ns, Reaching safepoint: 194301 ns, At safepoint: 9594 ns, Total: 203895 ns
[2020-09-11T15:56:21.236+0000][1][safepoint    ] Safepoint "Cleanup", Time since last: 1000106898 ns, Reaching safepoint: 76966 ns, At safepoint: 8753 ns, Total: 85719 ns
[2020-09-11T15:56:22.236+0000][1][safepoint    ] Safepoint "Cleanup", Time since last: 1000205656 ns, Reaching safepoint: 166977 ns, At safepoint: 21456 ns, Total: 188433 ns
[2020-09-11T15:56:23.239+0000][1][safepoint    ] Safepoint "Cleanup", Time since last: 1000743229 ns, Reaching safepoint: 2257312 ns, At safepoint: 14476 ns, Total: 2271788 ns
[2020-09-11T15:56:23.301+0000][1][safepoint    ] Safepoint "RevokeBias", Time since last: 61294333 ns, Reaching safepoint: 384426 ns, At safepoint: 44186 ns, Total: 428612 ns
[2020-09-11T15:56:24.301+0000][1][safepoint    ] Safepoint "Cleanup", Time since last: 1000227856 ns, Reaching safepoint: 155300 ns, At safepoint: 21472 ns, Total: 176772 ns
[2020-09-11T15:56:25.302+0000][1][safepoint    ] Safepoint "Cleanup", Time since last: 1000216271 ns, Reaching safepoint: 110481 ns, At safepoint: 8871 ns, Total: 119352 ns
[2020-09-11T15:56:26.302+0000][1][safepoint    ] Safepoint "Cleanup", Time since last: 1000167335 ns, Reaching safepoint: 103988 ns, At safepoint: 8165 ns, Total: 112153 ns
[2020-09-11T15:56:27.302+0000][1][safepoint    ] Safepoint "Cleanup", Time since last: 1000176494 ns, Reaching safepoint: 107489 ns, At safepoint: 8275 ns, Total: 115764 ns
[2020-09-11T15:56:28.302+0000][1][safepoint    ] Safepoint "Cleanup", Time since last: 1000187010 ns, Reaching safepoint: 134599 ns, At safepoint: 18743 ns, Total: 153342 ns
[2020-09-11T15:56:29.303+0000][1][safepoint    ] Safepoint "Cleanup", Time since last: 1000216838 ns, Reaching safepoint: 149710 ns, At safepoint: 17724 ns, Total: 167434 ns
[2020-09-11T15:56:30.303+0000][1][safepoint    ] Safepoint "Cleanup", Time since last: 1000228076 ns, Reaching safepoint: 139564 ns, At safepoint: 18927 ns, Total: 158491 ns
[2020-09-11T15:56:31.304+0000][1][safepoint    ] Safepoint "Cleanup", Time since last: 1000218179 ns, Reaching safepoint: 105996 ns, At safepoint: 8858 ns, Total: 114854 ns
[2020-09-11T15:56:32.304+0000][1][safepoint    ] Safepoint "Cleanup", Time since last: 1000183050 ns, Reaching safepoint: 136608 ns, At safepoint: 8687 ns, Total: 145295 ns
[2020-09-11T15:56:33.304+0000][1][safepoint    ] Safepoint "Cleanup", Time since last: 1000136475 ns, Reaching safepoint: 154648 ns, At safepoint: 18539 ns, Total: 173187 ns
[2020-09-11T15:56:33.306+0000][1][safepoint    ] Safepoint "BulkRevokeBias", Time since last: 1438644 ns, Reaching safepoint: 162551 ns, At safepoint: 258236 ns, Total: 420787 ns
[2020-09-11T15:56:34.306+0000][1][safepoint    ] Safepoint "Cleanup", Time since last: 1000174727 ns, Reaching safepoint: 140112 ns, At safepoint: 18659 ns, Total: 158771 ns
[2020-09-11T15:56:35.307+0000][1][safepoint    ] Safepoint "Cleanup", Time since last: 1000252276 ns, Reaching safepoint: 139374 ns, At safepoint: 19701 ns, Total: 159075 ns
[2020-09-11T15:56:36.307+0000][1][safepoint    ] Safepoint "Cleanup", Time since last: 1000192888 ns, Reaching safepoint: 114983 ns, At safepoint: 8581 ns, Total: 123564 ns
[2020-09-11T15:56:37.307+0000][1][safepoint    ] Safepoint "Cleanup", Time since last: 1000176412 ns, Reaching safepoint: 109007 ns, At safepoint: 8927 ns, Total: 117934 ns
[2020-09-11T15:56:38.308+0000][1][safepoint    ] Safepoint "Cleanup", Time since last: 1000189434 ns, Reaching safepoint: 144190 ns, At safepoint: 19625 ns, Total: 163815 ns
[2020-09-11T15:56:39.308+0000][1][safepoint    ] Safepoint "Cleanup", Time since last: 1000222870 ns, Reaching safepoint: 111610 ns, At safepoint: 10200 ns, Total: 121810 ns
[2020-09-11T15:56:40.313+0000][1][safepoint    ] Safepoint "Cleanup", Time since last: 1004688259 ns, Reaching safepoint: 78199 ns, At safepoint: 8674 ns, Total: 86873 ns
[2020-09-11T15:56:41.313+0000][1][safepoint    ] Safepoint "Cleanup", Time since last: 1000147108 ns, Reaching safepoint: 144845 ns, At safepoint: 19518 ns, Total: 164363 ns
[2020-09-11T15:56:42.314+0000][1][safepoint    ] Safepoint "Cleanup", Time since last: 1000238334 ns, Reaching safepoint: 146239 ns, At safepoint: 19555 ns, Total: 165794 ns
[2020-09-11T15:56:43.242+0000][1][safepoint    ] Safepoint "RevokeBias", Time since last: 927982643 ns, Reaching safepoint: 212251 ns, At safepoint: 23105 ns, Total: 235356 ns
[2020-09-11T15:56:44.781+0000][1][safepoint    ] Safepoint "Cleanup", Time since last: 1539113977 ns, Reaching safepoint: 197974 ns, At safepoint: 9502 ns, Total: 207476 ns
[2020-09-11T15:56:45.274+0000][1][gc,start     ] GC(109) Pause Young (Allocation Failure)
[2020-09-11T15:56:45.274+0000][1][gc,task      ] GC(109) Using 1 workers of 1 for evacuation
[2020-09-11T15:56:45.279+0000][1][gc,age       ] GC(109) Desired survivor size 4358144 bytes, new threshold 6 (max threshold 6)
[2020-09-11T15:56:45.279+0000][1][gc,age       ] GC(109) Age table with threshold 6 (max threshold 6)
[2020-09-11T15:56:45.279+0000][1][gc,age       ] GC(109) - age   1:      49064 bytes,      49064 total
[2020-09-11T15:56:45.279+0000][1][gc,age       ] GC(109) - age   2:       5248 bytes,      54312 total
[2020-09-11T15:56:45.279+0000][1][gc,age       ] GC(109) - age   3:       2872 bytes,      57184 total
[2020-09-11T15:56:45.279+0000][1][gc,age       ] GC(109) - age   4:       3800 bytes,      60984 total
[2020-09-11T15:56:45.279+0000][1][gc,age       ] GC(109) - age   5:       2816 bytes,      63800 total
[2020-09-11T15:56:45.279+0000][1][gc,age       ] GC(109) - age   6:       5520 bytes,      69320 total
[2020-09-11T15:56:45.279+0000][1][gc,heap      ] GC(109) ParNew: 71200K->2036K(76672K)
[2020-09-11T15:56:45.279+0000][1][gc,heap      ] GC(109) CMS: 75908K->78051K(439104K)
[2020-09-11T15:56:45.279+0000][1][gc,metaspace ] GC(109) Metaspace: 91864K->91864K(1134592K)
[2020-09-11T15:56:45.279+0000][1][gc           ] GC(109) Pause Young (Allocation Failure) 143M->78M(503M) 5.775ms
[2020-09-11T15:56:45.280+0000][1][gc,cpu       ] GC(109) User=0.01s Sys=0.00s Real=0.00s
[2020-09-11T15:56:45.280+0000][1][safepoint    ] Safepoint "GenCollectForAllocation", Time since last: 492401371 ns, Reaching safepoint: 199363 ns, At safepoint: 5846867 ns, Total: 6046230 ns
[2020-09-11T15:56:46.281+0000][1][safepoint    ] Safepoint "Cleanup", Time since last: 1001596938 ns, Reaching safepoint: 72539 ns, At safepoint: 7967 ns, Total: 80506 ns
[2020-09-11T15:56:47.282+0000][1][safepoint    ] Safepoint "Cleanup", Time since last: 1000302530 ns, Reaching safepoint: 191034 ns, At safepoint: 8745 ns, Total: 199779 ns
[2020-09-11T15:56:48.282+0000][1][safepoint    ] Safepoint "Cleanup", Time since last: 1000121861 ns, Reaching safepoint: 189407 ns, At safepoint: 6413 ns, Total: 195820 ns
[2020-09-11T15:56:49.282+0000][1][safepoint    ] Safepoint "Cleanup", Time since last: 1000165058 ns, Reaching safepoint: 189604 ns, At safepoint: 6473 ns, Total: 196077 ns
[2020-09-11T15:56:50.283+0000][1][safepoint    ] Safepoint "Cleanup", Time since last: 1000110257 ns, Reaching safepoint: 195025 ns, At safepoint: 9678 ns, Total: 204703 ns
[2020-09-11T15:56:51.283+0000][1][safepoint    ] Safepoint "Cleanup", Time since last: 1000174903 ns, Reaching safepoint: 109632 ns, At safepoint: 8114 ns, Total: 117746 ns
[2020-09-11T15:56:52.283+0000][1][safepoint    ] Safepoint "Cleanup", Time since last: 1000205485 ns, Reaching safepoint: 99495 ns, At safepoint: 6839 ns, Total: 106334 ns
[2020-09-11T15:56:53.248+0000][1][safepoint    ] Safepoint "RevokeBias", Time since last: 963995926 ns, Reaching safepoint: 167291 ns, At safepoint: 24426 ns, Total: 191717 ns
[2020-09-11T15:56:54.248+0000][1][safepoint    ] Safepoint "Cleanup", Time since last: 1000126725 ns, Reaching safepoint: 159152 ns, At safepoint: 20343 ns, Total: 179495 ns
[2020-09-11T15:56:55.248+0000][1][safepoint    ] Safepoint "Cleanup", Time since last: 1000249711 ns, Reaching safepoint: 99608 ns, At safepoint: 9511 ns, Total: 109119 ns
[2020-09-11T15:56:56.249+0000][1][safepoint    ] Safepoint "Cleanup", Time since last: 1000197078 ns, Reaching safepoint: 150308 ns, At safepoint: 17884 ns, Total: 168192 ns
[2020-09-11T15:56:57.249+0000][1][safepoint    ] Safepoint "Cleanup", Time since last: 1000313487 ns, Reaching safepoint: 152696 ns, At safepoint: 17554 ns, Total: 170250 ns
[2020-09-11T15:56:58.250+0000][1][safepoint    ] Safepoint "Cleanup", Time since last: 1000300929 ns, Reaching safepoint: 150559 ns, At safepoint: 19230 ns, Total: 169789 ns
[2020-09-11T15:56:59.250+0000][1][safepoint    ] Safepoint "Cleanup", Time since last: 1000331922 ns, Reaching safepoint: 182856 ns, At safepoint: 22431 ns, Total: 205287 ns
[2020-09-11T15:57:00.250+0000][1][safepoint    ] Safepoint "Cleanup", Time since last: 1000228661 ns, Reaching safepoint: 152377 ns, At safepoint: 20821 ns, Total: 173198 ns
[2020-09-11T15:57:01.251+0000][1][safepoint    ] Safepoint "Cleanup", Time since last: 1000214984 ns, Reaching safepoint: 102592 ns, At safepoint: 9329 ns, Total: 111921 ns
[2020-09-11T15:57:02.253+0000][1][safepoint    ] Safepoint "Cleanup", Time since last: 1002387807 ns, Reaching safepoint: 181770 ns, At safepoint: 17537 ns, Total: 199307 ns
[2020-09-11T15:57:03.254+0000][1][safepoint    ] Safepoint "Cleanup", Time since last: 1000921002 ns, Reaching safepoint: 75497 ns, At safepoint: 7015 ns, Total: 82512 ns
[2020-09-11T15:57:03.308+0000][1][safepoint    ] Safepoint "RevokeBias", Time since last: 53408468 ns, Reaching safepoint: 101090 ns, At safepoint: 26243 ns, Total: 127333 ns
[2020-09-11T15:57:04.308+0000][1][safepoint    ] Safepoint "Cleanup", Time since last: 1000269978 ns, Reaching safepoint: 96514 ns, At safepoint: 7121 ns, Total: 103635 ns
[2020-09-11T15:57:05.309+0000][1][safepoint    ] Safepoint "Cleanup", Time since last: 1000174578 ns, Reaching safepoint: 99596 ns, At safepoint: 8031 ns, Total: 107627 ns
[2020-09-11T15:57:06.309+0000][1][safepoint    ] Safepoint "Cleanup", Time since last: 1000178725 ns, Reaching safepoint: 114584 ns, At safepoint: 8031 ns, Total: 122615 ns
[2020-09-11T15:57:07.309+0000][1][safepoint    ] Safepoint "Cleanup", Time since last: 1000125180 ns, Reaching safepoint: 128949 ns, At safepoint: 16287 ns, Total: 145236 ns
[2020-09-11T15:57:08.309+0000][1][safepoint    ] Safepoint "Cleanup", Time since last: 1000185292 ns, Reaching safepoint: 67750 ns, At safepoint: 5859 ns, Total: 73609 ns
[2020-09-11T15:57:09.310+0000][1][safepoint    ] Safepoint "Cleanup", Time since last: 1000121709 ns, Reaching safepoint: 116219 ns, At safepoint: 8004 ns, Total: 124223 ns
[2020-09-11T15:57:10.313+0000][1][safepoint    ] Safepoint "Cleanup", Time since last: 1003142056 ns, Reaching safepoint: 76474 ns, At safepoint: 7351 ns, Total: 83825 ns
[2020-09-11T15:57:11.313+0000][1][safepoint    ] Safepoint "Cleanup", Time since last: 1000127250 ns, Reaching safepoint: 139594 ns, At safepoint: 15622 ns, Total: 155216 ns
[2020-09-11T15:57:12.313+0000][1][safepoint    ] Safepoint "Cleanup", Time since last: 1000164283 ns, Reaching safepoint: 121630 ns, At safepoint: 8994 ns, Total: 130624 ns
[2020-09-11T15:57:13.258+0000][1][safepoint    ] Safepoint "RevokeBias", Time since last: 944170402 ns, Reaching safepoint: 176681 ns, At safepoint: 23863 ns, Total: 200544 ns
[2020-09-11T15:57:14.258+0000][1][safepoint    ] Safepoint "Cleanup", Time since last: 1000189150 ns, Reaching safepoint: 161140 ns, At safepoint: 21462 ns, Total: 182602 ns
[2020-09-11T15:57:15.259+0000][1][safepoint    ] Safepoint "Cleanup", Time since last: 1000246685 ns, Reaching safepoint: 151785 ns, At safepoint: 20353 ns, Total: 172138 ns
[2020-09-11T15:57:15.312+0000][1][gc,start     ] GC(110) Pause Young (Allocation Failure)
[2020-09-11T15:57:15.312+0000][1][gc,task      ] GC(110) Using 1 workers of 1 for evacuation
[2020-09-11T15:57:15.319+0000][1][gc,age       ] GC(110) Desired survivor size 4358144 bytes, new threshold 6 (max threshold 6)
[2020-09-11T15:57:15.319+0000][1][gc,age       ] GC(110) Age table with threshold 6 (max threshold 6)
[2020-09-11T15:57:15.319+0000][1][gc,age       ] GC(110) - age   1:      47528 bytes,      47528 total
[2020-09-11T15:57:15.319+0000][1][gc,age       ] GC(110) - age   2:       5224 bytes,      52752 total
[2020-09-11T15:57:15.319+0000][1][gc,age       ] GC(110) - age   3:       3976 bytes,      56728 total
[2020-09-11T15:57:15.319+0000][1][gc,age       ] GC(110) - age   4:       2576 bytes,      59304 total
[2020-09-11T15:57:15.319+0000][1][gc,age       ] GC(110) - age   5:       2560 bytes,      61864 total
[2020-09-11T15:57:15.319+0000][1][gc,age       ] GC(110) - age   6:       2816 bytes,      64680 total
[2020-09-11T15:57:15.319+0000][1][gc,heap      ] GC(110) ParNew: 70196K->521K(76672K)
[2020-09-11T15:57:15.319+0000][1][gc,heap      ] GC(110) CMS: 78051K->78057K(439104K)
[2020-09-11T15:57:15.319+0000][1][gc,metaspace ] GC(110) Metaspace: 91888K->91888K(1134592K)
[2020-09-11T15:57:15.319+0000][1][gc           ] GC(110) Pause Young (Allocation Failure) 144M->76M(503M) 7.288ms
[2020-09-11T15:57:15.319+0000][1][gc,cpu       ] GC(110) User=0.01s Sys=0.00s Real=0.01s
[2020-09-11T15:57:15.319+0000][1][safepoint    ] Safepoint "GenCollectForAllocation", Time since last: 52958914 ns, Reaching safepoint: 257651 ns, At safepoint: 7361313 ns, Total: 7618964 ns
[2020-09-11T15:57:16.322+0000][1][safepoint    ] Safepoint "Cleanup", Time since last: 1002704241 ns, Reaching safepoint: 197578 ns, At safepoint: 187214 ns, Total: 384792 ns
[2020-09-11T15:57:17.323+0000][1][safepoint    ] Safepoint "Cleanup", Time since last: 1000203412 ns, Reaching safepoint: 248069 ns, At safepoint: 45758 ns, Total: 293827 ns
[2020-09-11T15:57:18.323+0000][1][safepoint    ] Safepoint "Cleanup", Time since last: 1000233431 ns, Reaching safepoint: 248226 ns, At safepoint: 47740 ns, Total: 295966 ns
[2020-09-11T15:57:19.324+0000][1][safepoint    ] Safepoint "Cleanup", Time since last: 1000181941 ns, Reaching safepoint: 250518 ns, At safepoint: 126503 ns, Total: 377021 ns
[2020-09-11T15:57:20.324+0000][1][safepoint    ] Safepoint "Cleanup", Time since last: 1000150408 ns, Reaching safepoint: 196012 ns, At safepoint: 9644 ns, Total: 205656 ns
[2020-09-11T15:57:21.324+0000][1][safepoint    ] Safepoint "Cleanup", Time since last: 1000147796 ns, Reaching safepoint: 121695 ns, At safepoint: 8643 ns, Total: 130338 ns
[2020-09-11T15:57:22.325+0000][1][safepoint    ] Safepoint "Cleanup", Time since last: 1000181099 ns, Reaching safepoint: 184072 ns, At safepoint: 18626 ns, Total: 202698 ns
[2020-09-11T15:57:23.259+0000][1][safepoint    ] Safepoint "RevokeBias", Time since last: 934323496 ns, Reaching safepoint: 164374 ns, At safepoint: 23473 ns, Total: 187847 ns
[2020-09-11T15:57:24.260+0000][1][safepoint    ] Safepoint "Cleanup", Time since last: 1000182889 ns, Reaching safepoint: 81942 ns, At safepoint: 7927 ns, Total: 89869 ns
[2020-09-11T15:57:25.260+0000][1][safepoint    ] Safepoint "Cleanup", Time since last: 1000207769 ns, Reaching safepoint: 95651 ns, At safepoint: 10450 ns, Total: 106101 ns
[2020-09-11T15:57:26.260+0000][1][safepoint    ] Safepoint "Cleanup", Time since last: 1000183318 ns, Reaching safepoint: 157347 ns, At safepoint: 20795 ns, Total: 178142 ns
[2020-09-11T15:57:27.261+0000][1][safepoint    ] Safepoint "Cleanup", Time since last: 1000217490 ns, Reaching safepoint: 150833 ns, At safepoint: 19127 ns, Total: 169960 ns
[2020-09-11T15:57:28.261+0000][1][safepoint    ] Safepoint "Cleanup", Time since last: 1000269737 ns, Reaching safepoint: 108566 ns, At safepoint: 9654 ns, Total: 118220 ns
[2020-09-11T15:57:29.261+0000][1][safepoint    ] Safepoint "Cleanup", Time since last: 1000193051 ns, Reaching safepoint: 156566 ns, At safepoint: 19942 ns, Total: 176508 ns
[2020-09-11T15:57:30.262+0000][1][safepoint    ] Safepoint "Cleanup", Time since last: 1000223547 ns, Reaching safepoint: 151804 ns, At safepoint: 20828 ns, Total: 172632 ns
[2020-09-11T15:57:31.262+0000][1][safepoint    ] Safepoint "Cleanup", Time since last: 1000228480 ns, Reaching safepoint: 148417 ns, At safepoint: 21276 ns, Total: 169693 ns
[2020-09-11T15:57:32.263+0000][1][safepoint    ] Safepoint "Cleanup", Time since last: 1000191112 ns, Reaching safepoint: 169362 ns, At safepoint: 22952 ns, Total: 192314 ns
[2020-09-11T15:57:33.241+0000][1][safepoint    ] Safepoint "RevokeBias", Time since last: 977798932 ns, Reaching safepoint: 176017 ns, At safepoint: 22558 ns, Total: 198575 ns
[2020-09-11T15:57:34.241+0000][1][safepoint    ] Safepoint "Cleanup", Time since last: 1000133437 ns, Reaching safepoint: 170064 ns, At safepoint: 19608 ns, Total: 189672 ns
[2020-09-11T15:57:35.241+0000][1][safepoint    ] Safepoint "Cleanup", Time since last: 1000243098 ns, Reaching safepoint: 101817 ns, At safepoint: 7701 ns, Total: 109518 ns
[2020-09-11T15:57:36.242+0000][1][safepoint    ] Safepoint "Cleanup", Time since last: 1000184729 ns, Reaching safepoint: 153192 ns, At safepoint: 20316 ns, Total: 173508 ns
[2020-09-11T15:57:37.242+0000][1][safepoint    ] Safepoint "Cleanup", Time since last: 1000222502 ns, Reaching safepoint: 107443 ns, At safepoint: 7488 ns, Total: 114931 ns
[2020-09-11T15:57:38.242+0000][1][safepoint    ] Safepoint "Cleanup", Time since last: 1000185258 ns, Reaching safepoint: 152787 ns, At safepoint: 20578 ns, Total: 173365 ns
[2020-09-11T15:57:39.243+0000][1][safepoint    ] Safepoint "Cleanup", Time since last: 1000235798 ns, Reaching safepoint: 154942 ns, At safepoint: 20163 ns, Total: 175105 ns
[2020-09-11T15:57:40.243+0000][1][safepoint    ] Safepoint "Cleanup", Time since last: 1000226751 ns, Reaching safepoint: 150278 ns, At safepoint: 21051 ns, Total: 171329 ns
[2020-09-11T15:57:41.244+0000][1][safepoint    ] Safepoint "Cleanup", Time since last: 1000228374 ns, Reaching safepoint: 154798 ns, At safepoint: 19542 ns, Total: 174340 ns
[2020-09-11T15:57:42.244+0000][1][safepoint    ] Safepoint "Cleanup", Time since last: 1000233366 ns, Reaching safepoint: 152163 ns, At safepoint: 20450 ns, Total: 172613 ns
[2020-09-11T15:57:43.237+0000][1][safepoint    ] Safepoint "RevokeBias", Time since last: 992574692 ns, Reaching safepoint: 167370 ns, At safepoint: 41481 ns, Total: 208851 ns
[2020-09-11T15:57:43.640+0000][1][gc,start     ] GC(111) Pause Young (Allocation Failure)
[2020-09-11T15:57:43.640+0000][1][gc,task      ] GC(111) Using 1 workers of 1 for evacuation
[2020-09-11T15:57:43.644+0000][1][gc,age       ] GC(111) Desired survivor size 4358144 bytes, new threshold 6 (max threshold 6)
[2020-09-11T15:57:43.644+0000][1][gc,age       ] GC(111) Age table with threshold 6 (max threshold 6)
[2020-09-11T15:57:43.644+0000][1][gc,age       ] GC(111) - age   1:      65816 bytes,      65816 total
[2020-09-11T15:57:43.644+0000][1][gc,age       ] GC(111) - age   2:       3000 bytes,      68816 total
[2020-09-11T15:57:43.644+0000][1][gc,age       ] GC(111) - age   3:       3096 bytes,      71912 total
[2020-09-11T15:57:43.644+0000][1][gc,age       ] GC(111) - age   4:       3976 bytes,      75888 total
[2020-09-11T15:57:43.644+0000][1][gc,age       ] GC(111) - age   5:       1336 bytes,      77224 total
[2020-09-11T15:57:43.644+0000][1][gc,age       ] GC(111) - age   6:       2560 bytes,      79784 total
[2020-09-11T15:57:43.644+0000][1][gc,heap      ] GC(111) ParNew: 68681K->142K(76672K)
[2020-09-11T15:57:43.644+0000][1][gc,heap      ] GC(111) CMS: 78057K->78060K(439104K)
[2020-09-11T15:57:43.644+0000][1][gc,metaspace ] GC(111) Metaspace: 91897K->91897K(1134592K)
[2020-09-11T15:57:43.644+0000][1][gc           ] GC(111) Pause Young (Allocation Failure) 143M->76M(503M) 4.120ms
[2020-09-11T15:57:43.644+0000][1][gc,cpu       ] GC(111) User=0.00s Sys=0.00s Real=0.01s
[2020-09-11T15:57:43.653+0000][1][safepoint    ] Safepoint "GenCollectForAllocation", Time since last: 403341975 ns, Reaching safepoint: 167311 ns, At safepoint: 12502533 ns, Total: 12669844 ns
[2020-09-11T15:57:44.669+0000][1][safepoint    ] Safepoint "Cleanup", Time since last: 1016115888 ns, Reaching safepoint: 169015 ns, At safepoint: 21292 ns, Total: 190307 ns
[2020-09-11T15:57:45.669+0000][1][safepoint    ] Safepoint "Cleanup", Time since last: 1000239140 ns, Reaching safepoint: 105486 ns, At safepoint: 8478 ns, Total: 113964 ns
[2020-09-11T15:57:46.670+0000][1][safepoint    ] Safepoint "Cleanup", Time since last: 1000192401 ns, Reaching safepoint: 102406 ns, At safepoint: 7664 ns, Total: 110070 ns
[2020-09-11T15:57:47.670+0000][1][safepoint    ] Safepoint "Cleanup", Time since last: 1000197119 ns, Reaching safepoint: 111266 ns, At safepoint: 6935 ns, Total: 118201 ns
[2020-09-11T15:57:48.670+0000][1][safepoint    ] Safepoint "Cleanup", Time since last: 1000124953 ns, Reaching safepoint: 82581 ns, At safepoint: 7581 ns, Total: 90162 ns
[2020-09-11T15:57:49.670+0000][1][safepoint    ] Safepoint "Cleanup", Time since last: 1000121228 ns, Reaching safepoint: 84864 ns, At safepoint: 10424 ns, Total: 95288 ns
[2020-09-11T15:57:50.671+0000][1][safepoint    ] Safepoint "Cleanup", Time since last: 1000183392 ns, Reaching safepoint: 112238 ns, At safepoint: 9218 ns, Total: 121456 ns
[2020-09-11T15:57:51.671+0000][1][safepoint    ] Safepoint "Cleanup", Time since last: 1000200690 ns, Reaching safepoint: 155794 ns, At safepoint: 20553 ns, Total: 176347 ns
[2020-09-11T15:57:52.672+0000][1][safepoint    ] Safepoint "Cleanup", Time since last: 1000222443 ns, Reaching safepoint: 111704 ns, At safepoint: 9925 ns, Total: 121629 ns
[2020-09-11T15:57:53.371+0000][1][safepoint    ] Safepoint "RevokeBias", Time since last: 698939828 ns, Reaching safepoint: 162887 ns, At safepoint: 48445 ns, Total: 211332 ns
[2020-09-11T15:57:54.372+0000][1][safepoint    ] Safepoint "Cleanup", Time since last: 1000852875 ns, Reaching safepoint: 76676 ns, At safepoint: 7404 ns, Total: 84080 ns
[2020-09-11T15:57:55.372+0000][1][safepoint    ] Safepoint "Cleanup", Time since last: 1000183477 ns, Reaching safepoint: 91149 ns, At safepoint: 8776 ns, Total: 99925 ns
[2020-09-11T15:57:56.372+0000][1][safepoint    ] Safepoint "Cleanup", Time since last: 1000145250 ns, Reaching safepoint: 117062 ns, At safepoint: 9151 ns, Total: 126213 ns
[2020-09-11T15:57:57.372+0000][1][safepoint    ] Safepoint "Cleanup", Time since last: 1000198767 ns, Reaching safepoint: 105369 ns, At safepoint: 9068 ns, Total: 114437 ns
[2020-09-11T15:57:58.373+0000][1][safepoint    ] Safepoint "Cleanup", Time since last: 1000175795 ns, Reaching safepoint: 110032 ns, At safepoint: 7822 ns, Total: 117854 ns
[2020-09-11T15:57:59.373+0000][1][safepoint    ] Safepoint "Cleanup", Time since last: 1000144165 ns, Reaching safepoint: 87196 ns, At safepoint: 7567 ns, Total: 94763 ns
[2020-09-11T15:58:00.373+0000][1][safepoint    ] Safepoint "Cleanup", Time since last: 1000144685 ns, Reaching safepoint: 117115 ns, At safepoint: 8149 ns, Total: 125264 ns
[2020-09-11T15:58:01.374+0000][1][safepoint    ] Safepoint "Cleanup", Time since last: 1000188917 ns, Reaching safepoint: 150542 ns, At safepoint: 19819 ns, Total: 170361 ns
[2020-09-11T15:58:02.374+0000][1][safepoint    ] Safepoint "Cleanup", Time since last: 1000216034 ns, Reaching safepoint: 154371 ns, At safepoint: 20002 ns, Total: 174373 ns
[2020-09-11T15:58:03.253+0000][1][safepoint    ] Safepoint "RevokeBias", Time since last: 879227826 ns, Reaching safepoint: 170600 ns, At safepoint: 23935 ns, Total: 194535 ns
[2020-09-11T15:58:04.254+0000][1][safepoint    ] Safepoint "Cleanup", Time since last: 1000205592 ns, Reaching safepoint: 150435 ns, At safepoint: 17339 ns, Total: 167774 ns
[2020-09-11T15:58:05.254+0000][1][safepoint    ] Safepoint "Cleanup", Time since last: 1000230597 ns, Reaching safepoint: 144959 ns, At safepoint: 21432 ns, Total: 166391 ns
[2020-09-11T15:58:06.255+0000][1][safepoint    ] Safepoint "Cleanup", Time since last: 1000256016 ns, Reaching safepoint: 114404 ns, At safepoint: 10009 ns, Total: 124413 ns
[2020-09-11T15:58:07.255+0000][1][safepoint    ] Safepoint "Cleanup", Time since last: 1000177994 ns, Reaching safepoint: 103711 ns, At safepoint: 9014 ns, Total: 112725 ns
[2020-09-11T15:58:08.255+0000][1][safepoint    ] Safepoint "Cleanup", Time since last: 1000144985 ns, Reaching safepoint: 130371 ns, At safepoint: 9921 ns, Total: 140292 ns
[2020-09-11T15:58:09.255+0000][1][safepoint    ] Safepoint "Cleanup", Time since last: 1000193078 ns, Reaching safepoint: 104843 ns, At safepoint: 10025 ns, Total: 114868 ns
[2020-09-11T15:58:10.256+0000][1][safepoint    ] Safepoint "Cleanup", Time since last: 1000175812 ns, Reaching safepoint: 102861 ns, At safepoint: 9838 ns, Total: 112699 ns
[2020-09-11T15:58:10.370+0000][1][gc,start     ] GC(112) Pause Young (Allocation Failure)
[2020-09-11T15:58:10.370+0000][1][gc,task      ] GC(112) Using 1 workers of 1 for evacuation
[2020-09-11T15:58:10.375+0000][1][gc,age       ] GC(112) Desired survivor size 4358144 bytes, new threshold 6 (max threshold 6)
[2020-09-11T15:58:10.375+0000][1][gc,age       ] GC(112) Age table with threshold 6 (max threshold 6)
[2020-09-11T15:58:10.375+0000][1][gc,age       ] GC(112) - age   1:      40528 bytes,      40528 total
[2020-09-11T15:58:10.375+0000][1][gc,age       ] GC(112) - age   2:      14392 bytes,      54920 total
[2020-09-11T15:58:10.375+0000][1][gc,age       ] GC(112) - age   3:       1728 bytes,      56648 total
[2020-09-11T15:58:10.375+0000][1][gc,age       ] GC(112) - age   4:       3096 bytes,      59744 total
[2020-09-11T15:58:10.375+0000][1][gc,age       ] GC(112) - age   5:       2736 bytes,      62480 total
[2020-09-11T15:58:10.375+0000][1][gc,age       ] GC(112) - age   6:       1336 bytes,      63816 total
[2020-09-11T15:58:10.375+0000][1][gc,heap      ] GC(112) ParNew: 68302K->64K(76672K)
[2020-09-11T15:58:10.375+0000][1][gc,heap      ] GC(112) CMS: 78060K->78062K(439104K)
[2020-09-11T15:58:10.375+0000][1][gc,metaspace ] GC(112) Metaspace: 91936K->91936K(1134592K)
[2020-09-11T15:58:10.375+0000][1][gc           ] GC(112) Pause Young (Allocation Failure) 142M->76M(503M) 4.525ms
[2020-09-11T15:58:10.375+0000][1][gc,cpu       ] GC(112) User=0.00s Sys=0.00s Real=0.01s
[2020-09-11T15:58:10.375+0000][1][safepoint    ] Safepoint "GenCollectForAllocation", Time since last: 114385407 ns, Reaching safepoint: 199570 ns, At safepoint: 4587668 ns, Total: 4787238 ns
[2020-09-11T15:58:11.378+0000][1][safepoint    ] Safepoint "Cleanup", Time since last: 1002515359 ns, Reaching safepoint: 216826 ns, At safepoint: 31709 ns, Total: 248535 ns
[2020-09-11T15:58:12.378+0000][1][safepoint    ] Safepoint "Cleanup", Time since last: 1000107197 ns, Reaching safepoint: 187663 ns, At safepoint: 9254 ns, Total: 196917 ns
[2020-09-11T15:58:13.252+0000][1][safepoint    ] Safepoint "RevokeBias", Time since last: 874176660 ns, Reaching safepoint: 88650 ns, At safepoint: 23074 ns, Total: 111724 ns
[2020-09-11T15:58:14.253+0000][1][safepoint    ] Safepoint "Cleanup", Time since last: 1000140526 ns, Reaching safepoint: 164471 ns, At safepoint: 21078 ns, Total: 185549 ns
[2020-09-11T15:58:15.253+0000][1][safepoint    ] Safepoint "Cleanup", Time since last: 1000193388 ns, Reaching safepoint: 156242 ns, At safepoint: 20083 ns, Total: 176325 ns
[2020-09-11T15:58:16.253+0000][1][safepoint    ] Safepoint "Cleanup", Time since last: 1000243139 ns, Reaching safepoint: 104590 ns, At safepoint: 9853 ns, Total: 114443 ns
[2020-09-11T15:58:17.254+0000][1][safepoint    ] Safepoint "Cleanup", Time since last: 1000176094 ns, Reaching safepoint: 109429 ns, At safepoint: 9890 ns, Total: 119319 ns
[2020-09-11T15:58:18.254+0000][1][safepoint    ] Safepoint "Cleanup", Time since last: 1000214577 ns, Reaching safepoint: 87594 ns, At safepoint: 9614 ns, Total: 97208 ns
[2020-09-11T15:58:19.254+0000][1][safepoint    ] Safepoint "Cleanup", Time since last: 1000173264 ns, Reaching safepoint: 145006 ns, At safepoint: 19975 ns, Total: 164981 ns
[2020-09-11T15:58:20.258+0000][1][safepoint    ] Safepoint "Cleanup", Time since last: 1000210089 ns, Reaching safepoint: 3121808 ns, At safepoint: 25505 ns, Total: 3147313 ns
[2020-09-11T15:58:21.258+0000][1][safepoint    ] Safepoint "Cleanup", Time since last: 1000266616 ns, Reaching safepoint: 140850 ns, At safepoint: 19685 ns, Total: 160535 ns
[2020-09-11T15:58:22.258+0000][1][safepoint    ] Safepoint "Cleanup", Time since last: 1000219226 ns, Reaching safepoint: 154695 ns, At safepoint: 20483 ns, Total: 175178 ns
[2020-09-11T15:58:23.242+0000][1][safepoint    ] Safepoint "RevokeBias", Time since last: 983260639 ns, Reaching safepoint: 178422 ns, At safepoint: 28513 ns, Total: 206935 ns
[2020-09-11T15:58:24.242+0000][1][safepoint    ] Safepoint "Cleanup", Time since last: 1000180068 ns, Reaching safepoint: 153261 ns, At safepoint: 18941 ns, Total: 172202 ns
[2020-09-11T15:58:25.243+0000][1][safepoint    ] Safepoint "Cleanup", Time since last: 1000212855 ns, Reaching safepoint: 103649 ns, At safepoint: 10070 ns, Total: 113719 ns
[2020-09-11T15:58:26.243+0000][1][safepoint    ] Safepoint "Cleanup", Time since last: 1000193326 ns, Reaching safepoint: 146222 ns, At safepoint: 20387 ns, Total: 166609 ns
[2020-09-11T15:58:27.243+0000][1][safepoint    ] Safepoint "Cleanup", Time since last: 1000221111 ns, Reaching safepoint: 143632 ns, At safepoint: 19859 ns, Total: 163491 ns
[2020-09-11T15:58:28.244+0000][1][safepoint    ] Safepoint "Cleanup", Time since last: 1000184948 ns, Reaching safepoint: 142811 ns, At safepoint: 18904 ns, Total: 161715 ns
[2020-09-11T15:58:29.244+0000][1][safepoint    ] Safepoint "Cleanup", Time since last: 1000177223 ns, Reaching safepoint: 105635 ns, At safepoint: 9510 ns, Total: 115145 ns
[2020-09-11T15:58:30.244+0000][1][safepoint    ] Safepoint "Cleanup", Time since last: 1000184436 ns, Reaching safepoint: 99665 ns, At safepoint: 7696 ns, Total: 107361 ns
[2020-09-11T15:58:31.245+0000][1][safepoint    ] Safepoint "Cleanup", Time since last: 1000201306 ns, Reaching safepoint: 97192 ns, At safepoint: 9369 ns, Total: 106561 ns
[2020-09-11T15:58:32.245+0000][1][safepoint    ] Safepoint "Cleanup", Time since last: 1000176820 ns, Reaching safepoint: 147736 ns, At safepoint: 20597 ns, Total: 168333 ns
[2020-09-11T15:58:33.245+0000][1][safepoint    ] Safepoint "Cleanup", Time since last: 1000195613 ns, Reaching safepoint: 141925 ns, At safepoint: 9813 ns, Total: 151738 ns
[2020-09-11T15:58:33.319+0000][1][safepoint    ] Safepoint "RevokeBias", Time since last: 73242038 ns, Reaching safepoint: 257534 ns, At safepoint: 50001 ns, Total: 307535 ns
[2020-09-11T15:58:34.319+0000][1][safepoint    ] Safepoint "Cleanup", Time since last: 1000219628 ns, Reaching safepoint: 107087 ns, At safepoint: 9024 ns, Total: 116111 ns
[2020-09-11T15:58:35.320+0000][1][safepoint    ] Safepoint "Cleanup", Time since last: 1000204814 ns, Reaching safepoint: 210968 ns, At safepoint: 20654 ns, Total: 231622 ns
[2020-09-11T15:58:36.320+0000][1][safepoint    ] Safepoint "Cleanup", Time since last: 1000218812 ns, Reaching safepoint: 101201 ns, At safepoint: 9867 ns, Total: 111068 ns
[2020-09-11T15:58:37.320+0000][1][safepoint    ] Safepoint "Cleanup", Time since last: 1000141525 ns, Reaching safepoint: 119587 ns, At safepoint: 9273 ns, Total: 128860 ns
[2020-09-11T15:58:38.321+0000][1][safepoint    ] Safepoint "Cleanup", Time since last: 1000180768 ns, Reaching safepoint: 108123 ns, At safepoint: 9248 ns, Total: 117371 ns
[2020-09-11T15:58:39.321+0000][1][safepoint    ] Safepoint "Cleanup", Time since last: 1000170917 ns, Reaching safepoint: 134882 ns, At safepoint: 8343 ns, Total: 143225 ns
[2020-09-11T15:58:39.983+0000][1][gc,start     ] GC(113) Pause Young (Allocation Failure)
[2020-09-11T15:58:39.983+0000][1][gc,task      ] GC(113) Using 1 workers of 1 for evacuation
[2020-09-11T15:58:39.987+0000][1][gc,age       ] GC(113) Desired survivor size 4358144 bytes, new threshold 6 (max threshold 6)
[2020-09-11T15:58:39.987+0000][1][gc,age       ] GC(113) Age table with threshold 6 (max threshold 6)
[2020-09-11T15:58:39.987+0000][1][gc,age       ] GC(113) - age   1:      52648 bytes,      52648 total
[2020-09-11T15:58:39.987+0000][1][gc,age       ] GC(113) - age   2:       2568 bytes,      55216 total
[2020-09-11T15:58:39.987+0000][1][gc,age       ] GC(113) - age   3:       3160 bytes,      58376 total
[2020-09-11T15:58:39.987+0000][1][gc,age       ] GC(113) - age   4:        456 bytes,      58832 total
[2020-09-11T15:58:39.987+0000][1][gc,age       ] GC(113) - age   5:       3096 bytes,      61928 total
[2020-09-11T15:58:39.987+0000][1][gc,age       ] GC(113) - age   6:       2440 bytes,      64368 total
[2020-09-11T15:58:39.987+0000][1][gc,heap      ] GC(113) ParNew: 68224K->62K(76672K)
[2020-09-11T15:58:39.987+0000][1][gc,heap      ] GC(113) CMS: 78062K->78063K(439104K)
[2020-09-11T15:58:39.987+0000][1][gc,metaspace ] GC(113) Metaspace: 91981K->91981K(1134592K)
[2020-09-11T15:58:39.987+0000][1][gc           ] GC(113) Pause Young (Allocation Failure) 142M->76M(503M) 4.527ms
[2020-09-11T15:58:39.987+0000][1][gc,cpu       ] GC(113) User=0.01s Sys=0.00s Real=0.00s
[2020-09-11T15:58:39.987+0000][1][safepoint    ] Safepoint "GenCollectForAllocation", Time since last: 661862326 ns, Reaching safepoint: 82951 ns, At safepoint: 4591557 ns, Total: 4674508 ns
[2020-09-11T15:58:40.988+0000][1][safepoint    ] Safepoint "Cleanup", Time since last: 1000191990 ns, Reaching safepoint: 134521 ns, At safepoint: 44620 ns, Total: 179141 ns
[2020-09-11T15:58:41.988+0000][1][safepoint    ] Safepoint "Cleanup", Time since last: 1000070893 ns, Reaching safepoint: 85053 ns, At safepoint: 7826 ns, Total: 92879 ns
[2020-09-11T15:58:42.988+0000][1][safepoint    ] Safepoint "Cleanup", Time since last: 1000162056 ns, Reaching safepoint: 156245 ns, At safepoint: 20130 ns, Total: 176375 ns
[2020-09-11T15:58:43.234+0000][1][safepoint    ] Safepoint "RevokeBias", Time since last: 245835284 ns, Reaching safepoint: 164257 ns, At safepoint: 24311 ns, Total: 188568 ns
[2020-09-11T15:58:44.235+0000][1][safepoint    ] Safepoint "Cleanup", Time since last: 1000171205 ns, Reaching safepoint: 115415 ns, At safepoint: 7513 ns, Total: 122928 ns
[2020-09-11T15:58:45.235+0000][1][safepoint    ] Safepoint "Cleanup", Time since last: 1000145259 ns, Reaching safepoint: 138054 ns, At safepoint: 17042 ns, Total: 155096 ns
[2020-09-11T15:58:46.235+0000][1][safepoint    ] Safepoint "Cleanup", Time since last: 1000180897 ns, Reaching safepoint: 142126 ns, At safepoint: 19064 ns, Total: 161190 ns
[2020-09-11T15:58:47.236+0000][1][safepoint    ] Safepoint "Cleanup", Time since last: 1000202738 ns, Reaching safepoint: 142714 ns, At safepoint: 19478 ns, Total: 162192 ns
[2020-09-11T15:58:48.236+0000][1][safepoint    ] Safepoint "Cleanup", Time since last: 1000231673 ns, Reaching safepoint: 147936 ns, At safepoint: 20260 ns, Total: 168196 ns
[2020-09-11T15:58:49.236+0000][1][safepoint    ] Safepoint "Cleanup", Time since last: 1000207344 ns, Reaching safepoint: 145310 ns, At safepoint: 20046 ns, Total: 165356 ns
[2020-09-11T15:58:50.237+0000][1][safepoint    ] Safepoint "Cleanup", Time since last: 1000184948 ns, Reaching safepoint: 117259 ns, At safepoint: 9784 ns, Total: 127043 ns
[2020-09-11T15:58:51.237+0000][1][safepoint    ] Safepoint "Cleanup", Time since last: 1000191569 ns, Reaching safepoint: 147959 ns, At safepoint: 18950 ns, Total: 166909 ns
[2020-09-11T15:58:52.237+0000][1][safepoint    ] Safepoint "Cleanup", Time since last: 1000205567 ns, Reaching safepoint: 154291 ns, At safepoint: 21028 ns, Total: 175319 ns
[2020-09-11T15:58:53.240+0000][1][safepoint    ] Safepoint "Cleanup", Time since last: 1002097285 ns, Reaching safepoint: 125463 ns, At safepoint: 10637 ns, Total: 136100 ns
[2020-09-11T15:58:53.250+0000][1][safepoint    ] Safepoint "RevokeBias", Time since last: 9879170 ns, Reaching safepoint: 172473 ns, At safepoint: 27482 ns, Total: 199955 ns
[2020-09-11T15:58:54.250+0000][1][safepoint    ] Safepoint "Cleanup", Time since last: 1000142715 ns, Reaching safepoint: 122959 ns, At safepoint: 8979 ns, Total: 131938 ns
[2020-09-11T15:58:55.250+0000][1][safepoint    ] Safepoint "Cleanup", Time since last: 1000169355 ns, Reaching safepoint: 157849 ns, At safepoint: 21258 ns, Total: 179107 ns
[2020-09-11T15:58:56.251+0000][1][safepoint    ] Safepoint "Cleanup", Time since last: 1000161496 ns, Reaching safepoint: 83597 ns, At safepoint: 9528 ns, Total: 93125 ns
[2020-09-11T15:58:57.251+0000][1][safepoint    ] Safepoint "Cleanup", Time since last: 1000186882 ns, Reaching safepoint: 107963 ns, At safepoint: 17755 ns, Total: 125718 ns
[2020-09-11T15:58:58.251+0000][1][safepoint    ] Safepoint "Cleanup", Time since last: 1000251335 ns, Reaching safepoint: 148130 ns, At safepoint: 21339 ns, Total: 169469 ns
[2020-09-11T15:58:59.252+0000][1][safepoint    ] Safepoint "Cleanup", Time since last: 1000206854 ns, Reaching safepoint: 153837 ns, At safepoint: 19180 ns, Total: 173017 ns
[2020-09-11T15:59:00.252+0000][1][safepoint    ] Safepoint "Cleanup", Time since last: 1000222717 ns, Reaching safepoint: 106761 ns, At safepoint: 9611 ns, Total: 116372 ns
[2020-09-11T15:59:01.252+0000][1][safepoint    ] Safepoint "Cleanup", Time since last: 1000156535 ns, Reaching safepoint: 112707 ns, At safepoint: 8625 ns, Total: 121332 ns
[2020-09-11T15:59:02.253+0000][1][safepoint    ] Safepoint "Cleanup", Time since last: 1000185585 ns, Reaching safepoint: 107567 ns, At safepoint: 9534 ns, Total: 117101 ns
[2020-09-11T15:59:03.250+0000][1][safepoint    ] Safepoint "RevokeBias", Time since last: 996889190 ns, Reaching safepoint: 85125 ns, At safepoint: 22781 ns, Total: 107906 ns
[2020-09-11T15:59:04.250+0000][1][safepoint    ] Safepoint "Cleanup", Time since last: 1000194436 ns, Reaching safepoint: 111665 ns, At safepoint: 7245 ns, Total: 118910 ns
[2020-09-11T15:59:05.250+0000][1][safepoint    ] Safepoint "Cleanup", Time since last: 1000195034 ns, Reaching safepoint: 109182 ns, At safepoint: 8865 ns, Total: 118047 ns
[2020-09-11T15:59:06.251+0000][1][safepoint    ] Safepoint "Cleanup", Time since last: 1000138623 ns, Reaching safepoint: 119944 ns, At safepoint: 8724 ns, Total: 128668 ns
[2020-09-11T15:59:06.502+0000][1][gc,start     ] GC(114) Pause Young (Allocation Failure)
[2020-09-11T15:59:06.502+0000][1][gc,task      ] GC(114) Using 1 workers of 1 for evacuation
[2020-09-11T15:59:06.510+0000][1][gc,age       ] GC(114) Desired survivor size 4358144 bytes, new threshold 6 (max threshold 6)
[2020-09-11T15:59:06.510+0000][1][gc,age       ] GC(114) Age table with threshold 6 (max threshold 6)
[2020-09-11T15:59:06.510+0000][1][gc,age       ] GC(114) - age   1:      50296 bytes,      50296 total
[2020-09-11T15:59:06.510+0000][1][gc,age       ] GC(114) - age   2:       7888 bytes,      58184 total
[2020-09-11T15:59:06.510+0000][1][gc,age       ] GC(114) - age   3:       1840 bytes,      60024 total
[2020-09-11T15:59:06.510+0000][1][gc,age       ] GC(114) - age   4:       3128 bytes,      63152 total
[2020-09-11T15:59:06.510+0000][1][gc,age       ] GC(114) - age   5:        456 bytes,      63608 total
[2020-09-11T15:59:06.510+0000][1][gc,age       ] GC(114) - age   6:       1560 bytes,      65168 total
[2020-09-11T15:59:06.510+0000][1][gc,heap      ] GC(114) ParNew: 68199K->125K(76672K)
[2020-09-11T15:59:06.510+0000][1][gc,heap      ] GC(114) CMS: 78063K->78066K(439104K)
[2020-09-11T15:59:06.510+0000][1][gc,metaspace ] GC(114) Metaspace: 91995K->91995K(1134592K)
[2020-09-11T15:59:06.510+0000][1][gc           ] GC(114) Pause Young (Allocation Failure) 142M->76M(503M) 8.035ms
[2020-09-11T15:59:06.510+0000][1][gc,cpu       ] GC(114) User=0.00s Sys=0.00s Real=0.00s
[2020-09-11T15:59:06.517+0000][1][safepoint    ] Safepoint "GenCollectForAllocation", Time since last: 251308342 ns, Reaching safepoint: 354029 ns, At safepoint: 14603769 ns, Total: 14957798 ns
[2020-09-11T15:59:07.517+0000][1][safepoint    ] Safepoint "Cleanup", Time since last: 1000362710 ns, Reaching safepoint: 99583 ns, At safepoint: 8023 ns, Total: 107606 ns
[2020-09-11T15:59:08.518+0000][1][safepoint    ] Safepoint "Cleanup", Time since last: 1000185188 ns, Reaching safepoint: 111593 ns, At safepoint: 8458 ns, Total: 120051 ns
[2020-09-11T15:59:09.518+0000][1][safepoint    ] Safepoint "Cleanup", Time since last: 1000212815 ns, Reaching safepoint: 163245 ns, At safepoint: 21292 ns, Total: 184537 ns
[2020-09-11T15:59:10.538+0000][1][safepoint    ] Safepoint "Cleanup", Time since last: 1019945369 ns, Reaching safepoint: 156986 ns, At safepoint: 19669 ns, Total: 176655 ns
[2020-09-11T15:59:11.538+0000][1][safepoint    ] Safepoint "Cleanup", Time since last: 1000227117 ns, Reaching safepoint: 158550 ns, At safepoint: 20741 ns, Total: 179291 ns
[2020-09-11T15:59:12.539+0000][1][safepoint    ] Safepoint "Cleanup", Time since last: 1000213768 ns, Reaching safepoint: 148655 ns, At safepoint: 18646 ns, Total: 167301 ns
[2020-09-11T15:59:13.308+0000][1][safepoint    ] Safepoint "RevokeBias", Time since last: 769178384 ns, Reaching safepoint: 264269 ns, At safepoint: 48772 ns, Total: 313041 ns
[2020-09-11T15:59:14.309+0000][1][safepoint    ] Safepoint "Cleanup", Time since last: 1000212903 ns, Reaching safepoint: 158396 ns, At safepoint: 88600 ns, Total: 246996 ns
[2020-09-11T15:59:15.309+0000][1][safepoint    ] Safepoint "Cleanup", Time since last: 1000226382 ns, Reaching safepoint: 144772 ns, At safepoint: 20838 ns, Total: 165610 ns
[2020-09-11T15:59:16.310+0000][1][safepoint    ] Safepoint "Cleanup", Time since last: 1000266839 ns, Reaching safepoint: 77474 ns, At safepoint: 8458 ns, Total: 85932 ns
[2020-09-11T15:59:17.310+0000][1][safepoint    ] Safepoint "Cleanup", Time since last: 1000121637 ns, Reaching safepoint: 81619 ns, At safepoint: 9432 ns, Total: 91051 ns
[2020-09-11T15:59:18.310+0000][1][safepoint    ] Safepoint "Cleanup", Time since last: 1000211940 ns, Reaching safepoint: 103031 ns, At safepoint: 9564 ns, Total: 112595 ns
[2020-09-11T15:59:19.310+0000][1][safepoint    ] Safepoint "Cleanup", Time since last: 1000217948 ns, Reaching safepoint: 104418 ns, At safepoint: 10727 ns, Total: 115145 ns
[2020-09-11T15:59:20.311+0000][1][safepoint    ] Safepoint "Cleanup", Time since last: 1000179532 ns, Reaching safepoint: 104247 ns, At safepoint: 9549 ns, Total: 113796 ns
[2020-09-11T15:59:21.311+0000][1][safepoint    ] Safepoint "Cleanup", Time since last: 1000150660 ns, Reaching safepoint: 127554 ns, At safepoint: 9614 ns, Total: 137168 ns
[2020-09-11T15:59:22.311+0000][1][safepoint    ] Safepoint "Cleanup", Time since last: 1000173762 ns, Reaching safepoint: 105668 ns, At safepoint: 9629 ns, Total: 115297 ns
[2020-09-11T15:59:23.236+0000][1][safepoint    ] Safepoint "RevokeBias", Time since last: 924086137 ns, Reaching safepoint: 162132 ns, At safepoint: 22654 ns, Total: 184786 ns
[2020-09-11T15:59:24.236+0000][1][safepoint    ] Safepoint "Cleanup", Time since last: 1000134651 ns, Reaching safepoint: 147468 ns, At safepoint: 18726 ns, Total: 166194 ns
[2020-09-11T15:59:25.236+0000][1][safepoint    ] Safepoint "Cleanup", Time since last: 1000204430 ns, Reaching safepoint: 119561 ns, At safepoint: 10698 ns, Total: 130259 ns
[2020-09-11T15:59:26.237+0000][1][safepoint    ] Safepoint "Cleanup", Time since last: 1000148175 ns, Reaching safepoint: 150789 ns, At safepoint: 20327 ns, Total: 171116 ns
[2020-09-11T15:59:27.237+0000][1][safepoint    ] Safepoint "Cleanup", Time since last: 1000243414 ns, Reaching safepoint: 144010 ns, At safepoint: 17420 ns, Total: 161430 ns
[2020-09-11T15:59:28.237+0000][1][safepoint    ] Safepoint "Cleanup", Time since last: 1000236817 ns, Reaching safepoint: 150408 ns, At safepoint: 21326 ns, Total: 171734 ns
[2020-09-11T15:59:29.238+0000][1][safepoint    ] Safepoint "Cleanup", Time since last: 1000174397 ns, Reaching safepoint: 91379 ns, At safepoint: 9175 ns, Total: 100554 ns
[2020-09-11T15:59:33.242+0000][1][safepoint    ] Safepoint "Cleanup", Time since last: 4003221175 ns, Reaching safepoint: 826768 ns, At safepoint: 11194 ns, Total: 837962 ns
[2020-09-11T15:59:33.244+0000][1][safepoint    ] Safepoint "RevokeBias", Time since last: 1724655 ns, Reaching safepoint: 158360 ns, At safepoint: 24268 ns, Total: 182628 ns
[2020-09-11T15:59:33.729+0000][1][gc,start     ] GC(115) Pause Young (Allocation Failure)
[2020-09-11T15:59:33.729+0000][1][gc,task      ] GC(115) Using 1 workers of 1 for evacuation
[2020-09-11T15:59:33.739+0000][1][gc,age       ] GC(115) Desired survivor size 4358144 bytes, new threshold 6 (max threshold 6)
[2020-09-11T15:59:33.739+0000][1][gc,age       ] GC(115) Age table with threshold 6 (max threshold 6)
[2020-09-11T15:59:33.739+0000][1][gc,age       ] GC(115) - age   1:      52448 bytes,      52448 total
[2020-09-11T15:59:33.739+0000][1][gc,age       ] GC(115) - age   2:       7744 bytes,      60192 total
[2020-09-11T15:59:33.739+0000][1][gc,age       ] GC(115) - age   3:       7000 bytes,      67192 total
[2020-09-11T15:59:33.739+0000][1][gc,age       ] GC(115) - age   4:        600 bytes,      67792 total
[2020-09-11T15:59:33.739+0000][1][gc,age       ] GC(115) - age   5:       3128 bytes,      70920 total
[2020-09-11T15:59:33.739+0000][1][gc,age       ] GC(115) - age   6:        456 bytes,      71376 total
[2020-09-11T15:59:33.739+0000][1][gc,heap      ] GC(115) ParNew: 68285K->79K(76672K)
[2020-09-11T15:59:33.739+0000][1][gc,heap      ] GC(115) CMS: 78066K->78067K(439104K)
[2020-09-11T15:59:33.739+0000][1][gc,metaspace ] GC(115) Metaspace: 92008K->92008K(1134592K)
[2020-09-11T15:59:33.740+0000][1][gc           ] GC(115) Pause Young (Allocation Failure) 142M->76M(503M) 10.574ms
[2020-09-11T15:59:33.740+0000][1][gc,cpu       ] GC(115) User=0.01s Sys=0.00s Real=0.01s
[2020-09-11T15:59:33.743+0000][1][safepoint    ] Safepoint "GenCollectForAllocation", Time since last: 482496710 ns, Reaching safepoint: 2850532 ns, At safepoint: 14304699 ns, Total: 17155231 ns
[2020-09-11T15:59:35.752+0000][1][safepoint    ] Safepoint "Cleanup", Time since last: 2008305234 ns, Reaching safepoint: 103631 ns, At safepoint: 8166 ns, Total: 111797 ns
[2020-09-11T15:59:36.752+0000][1][safepoint    ] Safepoint "Cleanup", Time since last: 1000146280 ns, Reaching safepoint: 152128 ns, At safepoint: 10857 ns, Total: 162985 ns
[2020-09-11T15:59:37.752+0000][1][safepoint    ] Safepoint "Cleanup", Time since last: 1000219441 ns, Reaching safepoint: 79836 ns, At safepoint: 9426 ns, Total: 89262 ns
[2020-09-11T15:59:38.753+0000][1][safepoint    ] Safepoint "Cleanup", Time since last: 1000170937 ns, Reaching safepoint: 145257 ns, At safepoint: 20283 ns, Total: 165540 ns
[2020-09-11T15:59:39.753+0000][1][safepoint    ] Safepoint "Cleanup", Time since last: 1000194720 ns, Reaching safepoint: 108076 ns, At safepoint: 8378 ns, Total: 116454 ns
[2020-09-11T15:59:40.753+0000][1][safepoint    ] Safepoint "Cleanup", Time since last: 1000167599 ns, Reaching safepoint: 144555 ns, At safepoint: 19057 ns, Total: 163612 ns
[2020-09-11T15:59:41.754+0000][1][safepoint    ] Safepoint "Cleanup", Time since last: 1000203825 ns, Reaching safepoint: 113499 ns, At safepoint: 9263 ns, Total: 122762 ns
[2020-09-11T15:59:42.754+0000][1][safepoint    ] Safepoint "Cleanup", Time since last: 1000193087 ns, Reaching safepoint: 95164 ns, At safepoint: 9068 ns, Total: 104232 ns
[2020-09-11T15:59:43.274+0000][1][safepoint    ] Safepoint "RevokeBias", Time since last: 519560176 ns, Reaching safepoint: 82555 ns, At safepoint: 22370 ns, Total: 104925 ns
[2020-09-11T15:59:44.274+0000][1][safepoint    ] Safepoint "Cleanup", Time since last: 1000135657 ns, Reaching safepoint: 127676 ns, At safepoint: 10568 ns, Total: 138244 ns
[2020-09-11T15:59:45.274+0000][1][safepoint    ] Safepoint "Cleanup", Time since last: 1000124976 ns, Reaching safepoint: 91812 ns, At safepoint: 8325 ns, Total: 100137 ns
[2020-09-11T15:59:46.274+0000][1][safepoint    ] Safepoint "Cleanup", Time since last: 1000184075 ns, Reaching safepoint: 102054 ns, At safepoint: 8256 ns, Total: 110310 ns
[2020-09-11T15:59:47.275+0000][1][safepoint    ] Safepoint "Cleanup", Time since last: 1000159201 ns, Reaching safepoint: 117612 ns, At safepoint: 8390 ns, Total: 126002 ns
[2020-09-11T15:59:48.275+0000][1][safepoint    ] Safepoint "Cleanup", Time since last: 1000176476 ns, Reaching safepoint: 148621 ns, At safepoint: 19472 ns, Total: 168093 ns
[2020-09-11T15:59:49.275+0000][1][safepoint    ] Safepoint "Cleanup", Time since last: 1000208596 ns, Reaching safepoint: 109464 ns, At safepoint: 9722 ns, Total: 119186 ns
[2020-09-11T15:59:50.276+0000][1][safepoint    ] Safepoint "Cleanup", Time since last: 1000188928 ns, Reaching safepoint: 144097 ns, At safepoint: 18008 ns, Total: 162105 ns
[2020-09-11T15:59:51.276+0000][1][safepoint    ] Safepoint "Cleanup", Time since last: 1000220678 ns, Reaching safepoint: 108090 ns, At safepoint: 10647 ns, Total: 118737 ns
[2020-09-11T15:59:52.276+0000][1][safepoint    ] Safepoint "Cleanup", Time since last: 1000186663 ns, Reaching safepoint: 102986 ns, At safepoint: 9940 ns, Total: 112926 ns
[2020-09-11T15:59:53.245+0000][1][safepoint    ] Safepoint "RevokeBias", Time since last: 968390884 ns, Reaching safepoint: 109798 ns, At safepoint: 23414 ns, Total: 133212 ns
[2020-09-11T15:59:54.245+0000][1][safepoint    ] Safepoint "Cleanup", Time since last: 1000164823 ns, Reaching safepoint: 129662 ns, At safepoint: 7511 ns, Total: 137173 ns
[2020-09-11T15:59:55.245+0000][1][safepoint    ] Safepoint "Cleanup", Time since last: 1000135912 ns, Reaching safepoint: 125927 ns, At safepoint: 7093 ns, Total: 133020 ns
[2020-09-11T15:59:56.246+0000][1][safepoint    ] Safepoint "Cleanup", Time since last: 1000150582 ns, Reaching safepoint: 152138 ns, At safepoint: 20414 ns, Total: 172552 ns
[2020-09-11T15:59:57.246+0000][1][safepoint    ] Safepoint "Cleanup", Time since last: 1000224219 ns, Reaching safepoint: 160071 ns, At safepoint: 20059 ns, Total: 180130 ns
[2020-09-11T15:59:58.246+0000][1][safepoint    ] Safepoint "Cleanup", Time since last: 1000219544 ns, Reaching safepoint: 149994 ns, At safepoint: 19579 ns, Total: 169573 ns
[2020-09-11T15:59:59.247+0000][1][safepoint    ] Safepoint "Cleanup", Time since last: 1000216307 ns, Reaching safepoint: 142437 ns, At safepoint: 18730 ns, Total: 161167 ns
[2020-09-11T16:00:00.247+0000][1][safepoint    ] Safepoint "Cleanup", Time since last: 1000239255 ns, Reaching safepoint: 150912 ns, At safepoint: 18737 ns, Total: 169649 ns
[2020-09-11T16:00:01.248+0000][1][safepoint    ] Safepoint "Cleanup", Time since last: 1000220879 ns, Reaching safepoint: 138010 ns, At safepoint: 17460 ns, Total: 155470 ns
[2020-09-11T16:00:01.921+0000][1][gc,start     ] GC(116) Pause Young (Allocation Failure)
[2020-09-11T16:00:01.921+0000][1][gc,task      ] GC(116) Using 1 workers of 1 for evacuation
[2020-09-11T16:00:01.926+0000][1][gc,age       ] GC(116) Desired survivor size 4358144 bytes, new threshold 6 (max threshold 6)
[2020-09-11T16:00:01.926+0000][1][gc,age       ] GC(116) Age table with threshold 6 (max threshold 6)
[2020-09-11T16:00:01.926+0000][1][gc,age       ] GC(116) - age   1:      53568 bytes,      53568 total
[2020-09-11T16:00:01.926+0000][1][gc,age       ] GC(116) - age   2:       7608 bytes,      61176 total
[2020-09-11T16:00:01.926+0000][1][gc,age       ] GC(116) - age   3:       7712 bytes,      68888 total
[2020-09-11T16:00:01.926+0000][1][gc,age       ] GC(116) - age   4:       5760 bytes,      74648 total
[2020-09-11T16:00:01.926+0000][1][gc,age       ] GC(116) - age   5:        600 bytes,      75248 total
[2020-09-11T16:00:01.926+0000][1][gc,age       ] GC(116) - age   6:       3128 bytes,      78376 total
[2020-09-11T16:00:01.926+0000][1][gc,heap      ] GC(116) ParNew: 68239K->124K(76672K)
[2020-09-11T16:00:01.926+0000][1][gc,heap      ] GC(116) CMS: 78067K->78068K(439104K)
[2020-09-11T16:00:01.926+0000][1][gc,metaspace ] GC(116) Metaspace: 92066K->92066K(1134592K)
[2020-09-11T16:00:01.926+0000][1][gc           ] GC(116) Pause Young (Allocation Failure) 142M->76M(503M) 4.632ms
[2020-09-11T16:00:01.926+0000][1][gc,cpu       ] GC(116) User=0.01s Sys=0.00s Real=0.00s
[2020-09-11T16:00:01.926+0000][1][safepoint    ] Safepoint "GenCollectForAllocation", Time since last: 673339472 ns, Reaching safepoint: 204866 ns, At safepoint: 4694106 ns, Total: 4898972 ns
[2020-09-11T16:00:03.257+0000][1][safepoint    ] Safepoint "RevokeBias", Time since last: 1331459695 ns, Reaching safepoint: 84818 ns, At safepoint: 22318 ns, Total: 107136 ns
[2020-09-11T16:00:13.247+0000][1][safepoint    ] Safepoint "BulkRevokeBias", Time since last: 9989626230 ns, Reaching safepoint: 158439 ns, At safepoint: 209539 ns, Total: 367978 ns
[2020-09-11T16:00:18.248+0000][1][safepoint    ] Safepoint "Cleanup", Time since last: 5000750950 ns, Reaching safepoint: 116889 ns, At safepoint: 9764 ns, Total: 126653 ns
[2020-09-11T16:00:23.282+0000][1][safepoint    ] Safepoint "RevokeBias", Time since last: 5033092065 ns, Reaching safepoint: 231401 ns, At safepoint: 43650 ns, Total: 275051 ns
[2020-09-11T16:00:24.282+0000][1][safepoint    ] Safepoint "Cleanup", Time since last: 1000182265 ns, Reaching safepoint: 164413 ns, At safepoint: 21416 ns, Total: 185829 ns
[2020-09-11T16:00:29.283+0000][1][safepoint    ] Safepoint "Cleanup", Time since last: 5000688719 ns, Reaching safepoint: 123267 ns, At safepoint: 7736 ns, Total: 131003 ns
[2020-09-11T16:00:30.567+0000][1][gc,start     ] GC(117) Pause Young (Allocation Failure)
[2020-09-11T16:00:30.568+0000][1][gc,task      ] GC(117) Using 1 workers of 1 for evacuation
[2020-09-11T16:00:30.571+0000][1][gc,age       ] GC(117) Desired survivor size 4358144 bytes, new threshold 6 (max threshold 6)
[2020-09-11T16:00:30.571+0000][1][gc,age       ] GC(117) Age table with threshold 6 (max threshold 6)
[2020-09-11T16:00:30.571+0000][1][gc,age       ] GC(117) - age   1:      54128 bytes,      54128 total
[2020-09-11T16:00:30.571+0000][1][gc,age       ] GC(117) - age   2:       3896 bytes,      58024 total
[2020-09-11T16:00:30.571+0000][1][gc,age       ] GC(117) - age   3:       1400 bytes,      59424 total
[2020-09-11T16:00:30.571+0000][1][gc,age       ] GC(117) - age   4:       2272 bytes,      61696 total
[2020-09-11T16:00:30.571+0000][1][gc,age       ] GC(117) - age   5:       4520 bytes,      66216 total
[2020-09-11T16:00:30.571+0000][1][gc,age       ] GC(117) - age   6:        304 bytes,      66520 total
[2020-09-11T16:00:30.571+0000][1][gc,heap      ] GC(117) ParNew: 68284K->72K(76672K)
[2020-09-11T16:00:30.571+0000][1][gc,heap      ] GC(117) CMS: 78068K->78071K(439104K)
[2020-09-11T16:00:30.571+0000][1][gc,metaspace ] GC(117) Metaspace: 92087K->92087K(1134592K)
[2020-09-11T16:00:30.571+0000][1][gc           ] GC(117) Pause Young (Allocation Failure) 142M->76M(503M) 3.960ms
[2020-09-11T16:00:30.571+0000][1][gc,cpu       ] GC(117) User=0.00s Sys=0.00s Real=0.00s
[2020-09-11T16:00:30.571+0000][1][safepoint    ] Safepoint "GenCollectForAllocation", Time since last: 1284335251 ns, Reaching safepoint: 194621 ns, At safepoint: 4025682 ns, Total: 4220303 ns
[2020-09-11T16:00:31.573+0000][1][safepoint    ] Safepoint "Cleanup", Time since last: 1001420566 ns, Reaching safepoint: 100010 ns, At safepoint: 23180 ns, Total: 123190 ns
[2020-09-11T16:00:32.573+0000][1][safepoint    ] Safepoint "Cleanup", Time since last: 1000141761 ns, Reaching safepoint: 125127 ns, At safepoint: 9079 ns, Total: 134206 ns
[2020-09-11T16:00:33.264+0000][1][safepoint    ] Safepoint "RevokeBias", Time since last: 690999662 ns, Reaching safepoint: 158123 ns, At safepoint: 23010 ns, Total: 181133 ns
[2020-09-11T16:00:34.265+0000][1][safepoint    ] Safepoint "Cleanup", Time since last: 1000130509 ns, Reaching safepoint: 146286 ns, At safepoint: 16374 ns, Total: 162660 ns
[2020-09-11T16:00:35.265+0000][1][safepoint    ] Safepoint "Cleanup", Time since last: 1000206905 ns, Reaching safepoint: 97462 ns, At safepoint: 7296 ns, Total: 104758 ns
[2020-09-11T16:00:36.265+0000][1][safepoint    ] Safepoint "Cleanup", Time since last: 1000197938 ns, Reaching safepoint: 170702 ns, At safepoint: 16471 ns, Total: 187173 ns
[2020-09-11T16:00:37.266+0000][1][safepoint    ] Safepoint "Cleanup", Time since last: 1000212532 ns, Reaching safepoint: 106398 ns, At safepoint: 7720 ns, Total: 114118 ns
[2020-09-11T16:00:38.266+0000][1][safepoint    ] Safepoint "Cleanup", Time since last: 1000178556 ns, Reaching safepoint: 104639 ns, At safepoint: 8026 ns, Total: 112665 ns
[2020-09-11T16:00:39.266+0000][1][safepoint    ] Safepoint "Cleanup", Time since last: 1000139610 ns, Reaching safepoint: 134606 ns, At safepoint: 6933 ns, Total: 141539 ns
[2020-09-11T16:00:40.267+0000][1][safepoint    ] Safepoint "Cleanup", Time since last: 1000165812 ns, Reaching safepoint: 118384 ns, At safepoint: 8549 ns, Total: 126933 ns
[2020-09-11T16:00:41.267+0000][1][safepoint    ] Safepoint "Cleanup", Time since last: 1000148247 ns, Reaching safepoint: 123291 ns, At safepoint: 7065 ns, Total: 130356 ns
[2020-09-11T16:00:42.267+0000][1][safepoint    ] Safepoint "Cleanup", Time since last: 1000116354 ns, Reaching safepoint: 74153 ns, At safepoint: 7429 ns, Total: 81582 ns
[2020-09-11T16:00:43.257+0000][1][safepoint    ] Safepoint "RevokeBias", Time since last: 989906807 ns, Reaching safepoint: 161994 ns, At safepoint: 24813 ns, Total: 186807 ns
[2020-09-11T16:00:44.257+0000][1][safepoint    ] Safepoint "Cleanup", Time since last: 1000187316 ns, Reaching safepoint: 99887 ns, At safepoint: 7579 ns, Total: 107466 ns
[2020-09-11T16:00:45.258+0000][1][safepoint    ] Safepoint "Cleanup", Time since last: 1000114083 ns, Reaching safepoint: 76828 ns, At safepoint: 6965 ns, Total: 83793 ns
[2020-09-11T16:00:46.258+0000][1][safepoint    ] Safepoint "Cleanup", Time since last: 1000182211 ns, Reaching safepoint: 106421 ns, At safepoint: 8255 ns, Total: 114676 ns
[2020-09-11T16:00:47.259+0000][1][safepoint    ] Safepoint "Cleanup", Time since last: 1000522302 ns, Reaching safepoint: 142543 ns, At safepoint: 15118 ns, Total: 157661 ns
[2020-09-11T16:00:48.259+0000][1][safepoint    ] Safepoint "Cleanup", Time since last: 1000214554 ns, Reaching safepoint: 108669 ns, At safepoint: 8173 ns, Total: 116842 ns
[2020-09-11T16:00:49.259+0000][1][safepoint    ] Safepoint "Cleanup", Time since last: 1000177239 ns, Reaching safepoint: 152115 ns, At safepoint: 20053 ns, Total: 172168 ns
[2020-09-11T16:00:50.260+0000][1][safepoint    ] Safepoint "Cleanup", Time since last: 1000217968 ns, Reaching safepoint: 106873 ns, At safepoint: 8001 ns, Total: 114874 ns
[2020-09-11T16:00:51.260+0000][1][safepoint    ] Safepoint "Cleanup", Time since last: 1000194893 ns, Reaching safepoint: 109935 ns, At safepoint: 9339 ns, Total: 119274 ns
[2020-09-11T16:00:52.260+0000][1][safepoint    ] Safepoint "Cleanup", Time since last: 1000180278 ns, Reaching safepoint: 107364 ns, At safepoint: 8298 ns, Total: 115662 ns
[2020-09-11T16:00:53.244+0000][1][safepoint    ] Safepoint "RevokeBias", Time since last: 983977319 ns, Reaching safepoint: 89031 ns, At safepoint: 21299 ns, Total: 110330 ns
[2020-09-11T16:00:54.245+0000][1][safepoint    ] Safepoint "Cleanup", Time since last: 1000176563 ns, Reaching safepoint: 165273 ns, At safepoint: 19835 ns, Total: 185108 ns
[2020-09-11T16:00:55.245+0000][1][safepoint    ] Safepoint "Cleanup", Time since last: 1000253612 ns, Reaching safepoint: 103001 ns, At safepoint: 9078 ns, Total: 112079 ns
[2020-09-11T16:00:56.245+0000][1][safepoint    ] Safepoint "Cleanup", Time since last: 1000141278 ns, Reaching safepoint: 126557 ns, At safepoint: 9442 ns, Total: 135999 ns
[2020-09-11T16:00:57.246+0000][1][safepoint    ] Safepoint "Cleanup", Time since last: 1000178189 ns, Reaching safepoint: 144939 ns, At safepoint: 17954 ns, Total: 162893 ns
[2020-09-11T16:00:58.246+0000][1][safepoint    ] Safepoint "Cleanup", Time since last: 1000217995 ns, Reaching safepoint: 147157 ns, At safepoint: 18202 ns, Total: 165359 ns
[2020-09-11T16:00:59.247+0000][1][safepoint    ] Safepoint "Cleanup", Time since last: 1000172256 ns, Reaching safepoint: 446096 ns, At safepoint: 20510 ns, Total: 466606 ns
[2020-09-11T16:01:00.247+0000][1][safepoint    ] Safepoint "Cleanup", Time since last: 1000228502 ns, Reaching safepoint: 99010 ns, At safepoint: 7989 ns, Total: 106999 ns
[2020-09-11T16:01:00.597+0000][1][gc,start     ] GC(118) Pause Young (Allocation Failure)
[2020-09-11T16:01:00.597+0000][1][gc,task      ] GC(118) Using 1 workers of 1 for evacuation
[2020-09-11T16:01:00.604+0000][1][gc,age       ] GC(118) Desired survivor size 4358144 bytes, new threshold 6 (max threshold 6)
[2020-09-11T16:01:00.604+0000][1][gc,age       ] GC(118) Age table with threshold 6 (max threshold 6)
[2020-09-11T16:01:00.604+0000][1][gc,age       ] GC(118) - age   1:      44952 bytes,      44952 total
[2020-09-11T16:01:00.604+0000][1][gc,age       ] GC(118) - age   2:      12464 bytes,      57416 total
[2020-09-11T16:01:00.604+0000][1][gc,age       ] GC(118) - age   3:       3568 bytes,      60984 total
[2020-09-11T16:01:00.604+0000][1][gc,age       ] GC(118) - age   4:        160 bytes,      61144 total
[2020-09-11T16:01:00.604+0000][1][gc,age       ] GC(118) - age   5:       2272 bytes,      63416 total
[2020-09-11T16:01:00.604+0000][1][gc,age       ] GC(118) - age   6:       3280 bytes,      66696 total
[2020-09-11T16:01:00.604+0000][1][gc,heap      ] GC(118) ParNew: 68232K->66K(76672K)
[2020-09-11T16:01:00.604+0000][1][gc,heap      ] GC(118) CMS: 78071K->78071K(439104K)
[2020-09-11T16:01:00.604+0000][1][gc,metaspace ] GC(118) Metaspace: 92104K->92104K(1134592K)
[2020-09-11T16:01:00.604+0000][1][gc           ] GC(118) Pause Young (Allocation Failure) 142M->76M(503M) 7.419ms
[2020-09-11T16:01:00.604+0000][1][gc,cpu       ] GC(118) User=0.01s Sys=0.00s Real=0.01s
[2020-09-11T16:01:00.604+0000][1][safepoint    ] Safepoint "GenCollectForAllocation", Time since last: 349550285 ns, Reaching safepoint: 288940 ns, At safepoint: 7492508 ns, Total: 7781448 ns
[2020-09-11T16:01:01.609+0000][1][safepoint    ] Safepoint "Cleanup", Time since last: 1004458450 ns, Reaching safepoint: 97674 ns, At safepoint: 22831 ns, Total: 120505 ns
[2020-09-11T16:01:02.609+0000][1][safepoint    ] Safepoint "Cleanup", Time since last: 1000142613 ns, Reaching safepoint: 136132 ns, At safepoint: 35505 ns, Total: 171637 ns
[2020-09-11T16:01:03.274+0000][1][safepoint    ] Safepoint "RevokeBias", Time since last: 664401148 ns, Reaching safepoint: 162709 ns, At safepoint: 25695 ns, Total: 188404 ns
[2020-09-11T16:01:04.274+0000][1][safepoint    ] Safepoint "Cleanup", Time since last: 1000158332 ns, Reaching safepoint: 153508 ns, At safepoint: 20223 ns, Total: 173731 ns
[2020-09-11T16:01:05.275+0000][1][safepoint    ] Safepoint "Cleanup", Time since last: 1000251593 ns, Reaching safepoint: 101687 ns, At safepoint: 10118 ns, Total: 111805 ns
[2020-09-11T16:01:06.275+0000][1][safepoint    ] Safepoint "Cleanup", Time since last: 1000182404 ns, Reaching safepoint: 149670 ns, At safepoint: 20637 ns, Total: 170307 ns
[2020-09-11T16:01:07.275+0000][1][safepoint    ] Safepoint "Cleanup", Time since last: 1000224314 ns, Reaching safepoint: 149911 ns, At safepoint: 18479 ns, Total: 168390 ns
[2020-09-11T16:01:08.276+0000][1][safepoint    ] Safepoint "Cleanup", Time since last: 1000190206 ns, Reaching safepoint: 103298 ns, At safepoint: 7874 ns, Total: 111172 ns
[2020-09-11T16:01:09.276+0000][1][safepoint    ] Safepoint "Cleanup", Time since last: 1000177636 ns, Reaching safepoint: 99204 ns, At safepoint: 9258 ns, Total: 108462 ns
[2020-09-11T16:01:10.276+0000][1][safepoint    ] Safepoint "Cleanup", Time since last: 1000156876 ns, Reaching safepoint: 150880 ns, At safepoint: 18896 ns, Total: 169776 ns
[2020-09-11T16:01:11.277+0000][1][safepoint    ] Safepoint "Cleanup", Time since last: 1000234054 ns, Reaching safepoint: 103805 ns, At safepoint: 8730 ns, Total: 112535 ns
[2020-09-11T16:01:12.277+0000][1][safepoint    ] Safepoint "Cleanup", Time since last: 1000200377 ns, Reaching safepoint: 153385 ns, At safepoint: 21713 ns, Total: 175098 ns
[2020-09-11T16:01:13.244+0000][1][safepoint    ] Safepoint "RevokeBias", Time since last: 966586651 ns, Reaching safepoint: 212095 ns, At safepoint: 27054 ns, Total: 239149 ns
[2020-09-11T16:01:14.244+0000][1][safepoint    ] Safepoint "Cleanup", Time since last: 1000185175 ns, Reaching safepoint: 148430 ns, At safepoint: 20340 ns, Total: 168770 ns
[2020-09-11T16:01:15.245+0000][1][safepoint    ] Safepoint "Cleanup", Time since last: 1000239763 ns, Reaching safepoint: 146436 ns, At safepoint: 20139 ns, Total: 166575 ns
[2020-09-11T16:01:16.245+0000][1][safepoint    ] Safepoint "Cleanup", Time since last: 1000271004 ns, Reaching safepoint: 97913 ns, At safepoint: 8162 ns, Total: 106075 ns
[2020-09-11T16:01:17.245+0000][1][safepoint    ] Safepoint "Cleanup", Time since last: 1000151808 ns, Reaching safepoint: 93894 ns, At safepoint: 9551 ns, Total: 103445 ns
[2020-09-11T16:01:18.246+0000][1][safepoint    ] Safepoint "Cleanup", Time since last: 1000175935 ns, Reaching safepoint: 241173 ns, At safepoint: 20397 ns, Total: 261570 ns
[2020-09-11T16:01:19.246+0000][1][safepoint    ] Safepoint "Cleanup", Time since last: 1000204804 ns, Reaching safepoint: 151875 ns, At safepoint: 21306 ns, Total: 173181 ns
[2020-09-11T16:01:20.246+0000][1][safepoint    ] Safepoint "Cleanup", Time since last: 1000226976 ns, Reaching safepoint: 147201 ns, At safepoint: 20069 ns, Total: 167270 ns
[2020-09-11T16:01:21.247+0000][1][safepoint    ] Safepoint "Cleanup", Time since last: 1000200182 ns, Reaching safepoint: 151728 ns, At safepoint: 22181 ns, Total: 173909 ns
[2020-09-11T16:01:22.247+0000][1][safepoint    ] Safepoint "Cleanup", Time since last: 1000270661 ns, Reaching safepoint: 146359 ns, At safepoint: 21590 ns, Total: 167949 ns
[2020-09-11T16:01:23.248+0000][1][safepoint    ] Safepoint "Cleanup", Time since last: 1000249640 ns, Reaching safepoint: 212678 ns, At safepoint: 21175 ns, Total: 233853 ns
[2020-09-11T16:01:23.303+0000][1][safepoint    ] Safepoint "RevokeBias", Time since last: 54640969 ns, Reaching safepoint: 265191 ns, At safepoint: 52778 ns, Total: 317969 ns
[2020-09-11T16:01:24.303+0000][1][safepoint    ] Safepoint "Cleanup", Time since last: 1000184654 ns, Reaching safepoint: 167187 ns, At safepoint: 22885 ns, Total: 190072 ns
[2020-09-11T16:01:25.303+0000][1][safepoint    ] Safepoint "Cleanup", Time since last: 1000235887 ns, Reaching safepoint: 110634 ns, At safepoint: 7965 ns, Total: 118599 ns
[2020-09-11T16:01:26.304+0000][1][safepoint    ] Safepoint "Cleanup", Time since last: 1000147109 ns, Reaching safepoint: 123503 ns, At safepoint: 8090 ns, Total: 131593 ns
[2020-09-11T16:01:27.304+0000][1][safepoint    ] Safepoint "Cleanup", Time since last: 1000200238 ns, Reaching safepoint: 145126 ns, At safepoint: 19565 ns, Total: 164691 ns
[2020-09-11T16:01:28.304+0000][1][safepoint    ] Safepoint "Cleanup", Time since last: 1000234627 ns, Reaching safepoint: 98176 ns, At safepoint: 10326 ns, Total: 108502 ns
[2020-09-11T16:01:29.305+0000][1][safepoint    ] Safepoint "Cleanup", Time since last: 1000150855 ns, Reaching safepoint: 138284 ns, At safepoint: 17373 ns, Total: 155657 ns
[2020-09-11T16:01:30.305+0000][1][safepoint    ] Safepoint "Cleanup", Time since last: 1000220871 ns, Reaching safepoint: 154806 ns, At safepoint: 18769 ns, Total: 173575 ns
[2020-09-11T16:01:30.641+0000][1][gc,start     ] GC(119) Pause Young (Allocation Failure)
[2020-09-11T16:01:30.641+0000][1][gc,task      ] GC(119) Using 1 workers of 1 for evacuation
[2020-09-11T16:01:30.644+0000][1][gc,age       ] GC(119) Desired survivor size 4358144 bytes, new threshold 6 (max threshold 6)
[2020-09-11T16:01:30.645+0000][1][gc,age       ] GC(119) Age table with threshold 6 (max threshold 6)
[2020-09-11T16:01:30.645+0000][1][gc,age       ] GC(119) - age   1:      51632 bytes,      51632 total
[2020-09-11T16:01:30.645+0000][1][gc,age       ] GC(119) - age   2:       4048 bytes,      55680 total
[2020-09-11T16:01:30.645+0000][1][gc,age       ] GC(119) - age   3:       5088 bytes,      60768 total
[2020-09-11T16:01:30.645+0000][1][gc,age       ] GC(119) - age   4:       3568 bytes,      64336 total
[2020-09-11T16:01:30.645+0000][1][gc,age       ] GC(119) - age   5:        160 bytes,      64496 total
[2020-09-11T16:01:30.645+0000][1][gc,age       ] GC(119) - age   6:       1032 bytes,      65528 total
[2020-09-11T16:01:30.645+0000][1][gc,heap      ] GC(119) ParNew: 68226K->65K(76672K)
[2020-09-11T16:01:30.645+0000][1][gc,heap      ] GC(119) CMS: 78071K->78074K(439104K)
[2020-09-11T16:01:30.645+0000][1][gc,metaspace ] GC(119) Metaspace: 92120K->92120K(1134592K)
[2020-09-11T16:01:30.645+0000][1][gc           ] GC(119) Pause Young (Allocation Failure) 142M->76M(503M) 4.073ms
[2020-09-11T16:01:30.645+0000][1][gc,cpu       ] GC(119) User=0.00s Sys=0.00s Real=0.01s
[2020-09-11T16:01:30.645+0000][1][safepoint    ] Safepoint "GenCollectForAllocation", Time since last: 335277319 ns, Reaching safepoint: 188072 ns, At safepoint: 4136510 ns, Total: 4324582 ns
[2020-09-11T16:01:31.648+0000][1][safepoint    ] Safepoint "Cleanup", Time since last: 1003232537 ns, Reaching safepoint: 151674 ns, At safepoint: 54215 ns, Total: 205889 ns
[2020-09-11T16:01:32.649+0000][1][safepoint    ] Safepoint "Cleanup", Time since last: 1000216715 ns, Reaching safepoint: 168954 ns, At safepoint: 15662 ns, Total: 184616 ns
[2020-09-11T16:01:33.241+0000][1][safepoint    ] Safepoint "RevokeBias", Time since last: 592082930 ns, Reaching safepoint: 182993 ns, At safepoint: 22661 ns, Total: 205654 ns
[2020-09-11T16:01:34.241+0000][1][safepoint    ] Safepoint "Cleanup", Time since last: 1000175887 ns, Reaching safepoint: 167478 ns, At safepoint: 22401 ns, Total: 189879 ns
[2020-09-11T16:01:35.242+0000][1][safepoint    ] Safepoint "Cleanup", Time since last: 1000301185 ns, Reaching safepoint: 137218 ns, At safepoint: 20588 ns, Total: 157806 ns
[2020-09-11T16:01:36.242+0000][1][safepoint    ] Safepoint "Cleanup", Time since last: 1000222237 ns, Reaching safepoint: 148852 ns, At safepoint: 20323 ns, Total: 169175 ns
[2020-09-11T16:01:37.242+0000][1][safepoint    ] Safepoint "Cleanup", Time since last: 1000215942 ns, Reaching safepoint: 146539 ns, At safepoint: 18446 ns, Total: 164985 ns
[2020-09-11T16:01:38.243+0000][1][safepoint    ] Safepoint "Cleanup", Time since last: 1000218364 ns, Reaching safepoint: 108019 ns, At safepoint: 8906 ns, Total: 116925 ns
[2020-09-11T16:01:39.243+0000][1][safepoint    ] Safepoint "Cleanup", Time since last: 1000165655 ns, Reaching safepoint: 124997 ns, At safepoint: 8718 ns, Total: 133715 ns
[2020-09-11T16:01:40.243+0000][1][safepoint    ] Safepoint "Cleanup", Time since last: 1000164063 ns, Reaching safepoint: 123847 ns, At safepoint: 8468 ns, Total: 132315 ns
[2020-09-11T16:01:41.244+0000][1][safepoint    ] Safepoint "Cleanup", Time since last: 1000155248 ns, Reaching safepoint: 110219 ns, At safepoint: 8378 ns, Total: 118597 ns
[2020-09-11T16:01:42.244+0000][1][safepoint    ] Safepoint "Cleanup", Time since last: 1000188512 ns, Reaching safepoint: 149990 ns, At safepoint: 20768 ns, Total: 170758 ns
[2020-09-11T16:01:43.244+0000][1][safepoint    ] Safepoint "Cleanup", Time since last: 1000180507 ns, Reaching safepoint: 258752 ns, At safepoint: 9753 ns, Total: 268505 ns
[2020-09-11T16:01:43.248+0000][1][safepoint    ] Safepoint "RevokeBias", Time since last: 3690998 ns, Reaching safepoint: 268696 ns, At safepoint: 23415 ns, Total: 292111 ns
[2020-09-11T16:01:44.249+0000][1][safepoint    ] Safepoint "Cleanup", Time since last: 1000111249 ns, Reaching safepoint: 86767 ns, At safepoint: 7772 ns, Total: 94539 ns
[2020-09-11T16:01:45.249+0000][1][safepoint    ] Safepoint "Cleanup", Time since last: 1000210034 ns, Reaching safepoint: 105665 ns, At safepoint: 9311 ns, Total: 114976 ns
[2020-09-11T16:01:46.249+0000][1][safepoint    ] Safepoint "Cleanup", Time since last: 1000197081 ns, Reaching safepoint: 98307 ns, At safepoint: 8782 ns, Total: 107089 ns
[2020-09-11T16:01:47.250+0000][1][safepoint    ] Safepoint "Cleanup", Time since last: 1000189001 ns, Reaching safepoint: 103176 ns, At safepoint: 9069 ns, Total: 112245 ns
[2020-09-11T16:01:48.250+0000][1][safepoint    ] Safepoint "Cleanup", Time since last: 1000151109 ns, Reaching safepoint: 146783 ns, At safepoint: 19338 ns, Total: 166121 ns
[2020-09-11T16:01:49.250+0000][1][safepoint    ] Safepoint "Cleanup", Time since last: 1000221038 ns, Reaching safepoint: 149159 ns, At safepoint: 21893 ns, Total: 171052 ns
[2020-09-11T16:01:50.251+0000][1][safepoint    ] Safepoint "Cleanup", Time since last: 1000220368 ns, Reaching safepoint: 144013 ns, At safepoint: 21456 ns, Total: 165469 ns
[2020-09-11T16:01:51.251+0000][1][safepoint    ] Safepoint "Cleanup", Time since last: 1000215311 ns, Reaching safepoint: 86286 ns, At safepoint: 9704 ns, Total: 95990 ns
[2020-09-11T16:01:52.251+0000][1][safepoint    ] Safepoint "Cleanup", Time since last: 1000142896 ns, Reaching safepoint: 159526 ns, At safepoint: 21075 ns, Total: 180601 ns
[2020-09-11T16:01:53.252+0000][1][safepoint    ] Safepoint "Cleanup", Time since last: 1000317131 ns, Reaching safepoint: 114596 ns, At safepoint: 10388 ns, Total: 124984 ns
[2020-09-11T16:01:53.286+0000][1][safepoint    ] Safepoint "RevokeBias", Time since last: 34205461 ns, Reaching safepoint: 91268 ns, At safepoint: 27778 ns, Total: 119046 ns
[2020-09-11T16:01:53.764+0000][1][gc,start     ] GC(120) Pause Young (Allocation Failure)
[2020-09-11T16:01:53.764+0000][1][gc,task      ] GC(120) Using 1 workers of 1 for evacuation
[2020-09-11T16:01:53.768+0000][1][gc,age       ] GC(120) Desired survivor size 4358144 bytes, new threshold 6 (max threshold 6)
[2020-09-11T16:01:53.768+0000][1][gc,age       ] GC(120) Age table with threshold 6 (max threshold 6)
[2020-09-11T16:01:53.768+0000][1][gc,age       ] GC(120) - age   1:      47064 bytes,      47064 total
[2020-09-11T16:01:53.768+0000][1][gc,age       ] GC(120) - age   2:      16168 bytes,      63232 total
[2020-09-11T16:01:53.768+0000][1][gc,age       ] GC(120) - age   3:       2712 bytes,      65944 total
[2020-09-11T16:01:53.768+0000][1][gc,age       ] GC(120) - age   4:       5088 bytes,      71032 total
[2020-09-11T16:01:53.768+0000][1][gc,age       ] GC(120) - age   5:       2328 bytes,      73360 total
[2020-09-11T16:01:53.768+0000][1][gc,age       ] GC(120) - age   6:        160 bytes,      73520 total
[2020-09-11T16:01:53.768+0000][1][gc,heap      ] GC(120) ParNew: 68225K->128K(76672K)
[2020-09-11T16:01:53.768+0000][1][gc,heap      ] GC(120) CMS: 78074K->78075K(439104K)
[2020-09-11T16:01:53.768+0000][1][gc,metaspace ] GC(120) Metaspace: 92160K->92160K(1134592K)
[2020-09-11T16:01:53.768+0000][1][gc           ] GC(120) Pause Young (Allocation Failure) 142M->76M(503M) 4.535ms
[2020-09-11T16:01:53.768+0000][1][gc,cpu       ] GC(120) User=0.00s Sys=0.00s Real=0.00s
[2020-09-11T16:01:53.768+0000][1][safepoint    ] Safepoint "GenCollectForAllocation", Time since last: 477314119 ns, Reaching safepoint: 203747 ns, At safepoint: 4599085 ns, Total: 4802832 ns
[2020-09-11T16:01:54.781+0000][1][safepoint    ] Safepoint "Cleanup", Time since last: 1012839044 ns, Reaching safepoint: 69119 ns, At safepoint: 20919 ns, Total: 90038 ns
[2020-09-11T16:01:55.781+0000][1][safepoint    ] Safepoint "Cleanup", Time since last: 1000136968 ns, Reaching safepoint: 106738 ns, At safepoint: 20542 ns, Total: 127280 ns
[2020-09-11T16:01:56.782+0000][1][safepoint    ] Safepoint "Cleanup", Time since last: 1000163031 ns, Reaching safepoint: 129981 ns, At safepoint: 19786 ns, Total: 149767 ns
[2020-09-11T16:01:57.782+0000][1][safepoint    ] Safepoint "Cleanup", Time since last: 1000174262 ns, Reaching safepoint: 129296 ns, At safepoint: 17704 ns, Total: 147000 ns
[2020-09-11T16:01:58.782+0000][1][safepoint    ] Safepoint "Cleanup", Time since last: 1000129121 ns, Reaching safepoint: 81204 ns, At safepoint: 6773 ns, Total: 87977 ns
[2020-09-11T16:01:59.783+0000][1][safepoint    ] Safepoint "Cleanup", Time since last: 1000155285 ns, Reaching safepoint: 149122 ns, At safepoint: 20611 ns, Total: 169733 ns
[2020-09-11T16:02:00.783+0000][1][safepoint    ] Safepoint "Cleanup", Time since last: 1000202497 ns, Reaching safepoint: 90361 ns, At safepoint: 7991 ns, Total: 98352 ns
[2020-09-11T16:02:01.783+0000][1][safepoint    ] Safepoint "Cleanup", Time since last: 1000159187 ns, Reaching safepoint: 102112 ns, At safepoint: 7356 ns, Total: 109468 ns
[2020-09-11T16:02:02.783+0000][1][safepoint    ] Safepoint "Cleanup", Time since last: 1000167728 ns, Reaching safepoint: 103934 ns, At safepoint: 9319 ns, Total: 113253 ns
[2020-09-11T16:02:03.300+0000][1][safepoint    ] Safepoint "RevokeBias", Time since last: 516644863 ns, Reaching safepoint: 375267 ns, At safepoint: 51689 ns, Total: 426956 ns
[2020-09-11T16:02:04.301+0000][1][safepoint    ] Safepoint "Cleanup", Time since last: 1000223453 ns, Reaching safepoint: 212029 ns, At safepoint: 19265 ns, Total: 231294 ns
[2020-09-11T16:02:05.301+0000][1][safepoint    ] Safepoint "Cleanup", Time since last: 1000226629 ns, Reaching safepoint: 122309 ns, At safepoint: 10392 ns, Total: 132701 ns
[2020-09-11T16:02:06.302+0000][1][safepoint    ] Safepoint "Cleanup", Time since last: 1000224731 ns, Reaching safepoint: 107668 ns, At safepoint: 10256 ns, Total: 117924 ns
[2020-09-11T16:02:07.302+0000][1][safepoint    ] Safepoint "Cleanup", Time since last: 1000185826 ns, Reaching safepoint: 99246 ns, At safepoint: 9027 ns, Total: 108273 ns
[2020-09-11T16:02:08.302+0000][1][safepoint    ] Safepoint "Cleanup", Time since last: 1000181504 ns, Reaching safepoint: 101666 ns, At safepoint: 9091 ns, Total: 110757 ns
[2020-09-11T16:02:09.302+0000][1][safepoint    ] Safepoint "Cleanup", Time since last: 1000178124 ns, Reaching safepoint: 107976 ns, At safepoint: 8034 ns, Total: 116010 ns
[2020-09-11T16:02:10.303+0000][1][safepoint    ] Safepoint "Cleanup", Time since last: 1000194577 ns, Reaching safepoint: 131077 ns, At safepoint: 8988 ns, Total: 140065 ns
[2020-09-11T16:02:11.303+0000][1][safepoint    ] Safepoint "Cleanup", Time since last: 1000161131 ns, Reaching safepoint: 136637 ns, At safepoint: 18662 ns, Total: 155299 ns
[2020-09-11T16:02:12.303+0000][1][safepoint    ] Safepoint "Cleanup", Time since last: 1000242288 ns, Reaching safepoint: 93389 ns, At safepoint: 8120 ns, Total: 101509 ns
[2020-09-11T16:02:13.241+0000][1][safepoint    ] Safepoint "RevokeBias", Time since last: 937163600 ns, Reaching safepoint: 237242 ns, At safepoint: 24924 ns, Total: 262166 ns
[2020-09-11T16:02:14.241+0000][1][safepoint    ] Safepoint "Cleanup", Time since last: 1000107116 ns, Reaching safepoint: 80137 ns, At safepoint: 12141 ns, Total: 92278 ns
[2020-09-11T16:02:15.241+0000][1][safepoint    ] Safepoint "Cleanup", Time since last: 1000192000 ns, Reaching safepoint: 100646 ns, At safepoint: 9336 ns, Total: 109982 ns
[2020-09-11T16:02:16.242+0000][1][safepoint    ] Safepoint "Cleanup", Time since last: 1000193227 ns, Reaching safepoint: 103986 ns, At safepoint: 8025 ns, Total: 112011 ns
[2020-09-11T16:02:17.242+0000][1][safepoint    ] Safepoint "Cleanup", Time since last: 1000174186 ns, Reaching safepoint: 101914 ns, At safepoint: 8840 ns, Total: 110754 ns
[2020-09-11T16:02:18.242+0000][1][safepoint    ] Safepoint "Cleanup", Time since last: 1000175370 ns, Reaching safepoint: 146402 ns, At safepoint: 19351 ns, Total: 165753 ns
[2020-09-11T16:02:19.243+0000][1][safepoint    ] Safepoint "Cleanup", Time since last: 1000225712 ns, Reaching safepoint: 146737 ns, At safepoint: 19261 ns, Total: 165998 ns
[2020-09-11T16:02:20.243+0000][1][safepoint    ] Safepoint "Cleanup", Time since last: 1000216906 ns, Reaching safepoint: 148989 ns, At safepoint: 20697 ns, Total: 169686 ns
[2020-09-11T16:02:21.243+0000][1][safepoint    ] Safepoint "Cleanup", Time since last: 1000219028 ns, Reaching safepoint: 93034 ns, At safepoint: 10576 ns, Total: 103610 ns
[2020-09-11T16:02:22.244+0000][1][safepoint    ] Safepoint "Cleanup", Time since last: 1000208756 ns, Reaching safepoint: 102443 ns, At safepoint: 8988 ns, Total: 111431 ns
[2020-09-11T16:02:23.244+0000][1][safepoint    ] Safepoint "Cleanup", Time since last: 1000117554 ns, Reaching safepoint: 251788 ns, At safepoint: 9230 ns, Total: 261018 ns
[2020-09-11T16:02:23.250+0000][1][safepoint    ] Safepoint "RevokeBias", Time since last: 5303973 ns, Reaching safepoint: 81832 ns, At safepoint: 24674 ns, Total: 106506 ns
[2020-09-11T16:02:23.655+0000][1][gc,start     ] GC(121) Pause Young (Allocation Failure)
[2020-09-11T16:02:23.655+0000][1][gc,task      ] GC(121) Using 1 workers of 1 for evacuation
[2020-09-11T16:02:23.660+0000][1][gc,age       ] GC(121) Desired survivor size 4358144 bytes, new threshold 6 (max threshold 6)
[2020-09-11T16:02:23.660+0000][1][gc,age       ] GC(121) Age table with threshold 6 (max threshold 6)
[2020-09-11T16:02:23.660+0000][1][gc,age       ] GC(121) - age   1:      71200 bytes,      71200 total
[2020-09-11T16:02:23.660+0000][1][gc,age       ] GC(121) - age   2:       4144 bytes,      75344 total
[2020-09-11T16:02:23.660+0000][1][gc,age       ] GC(121) - age   3:       1792 bytes,      77136 total
[2020-09-11T16:02:23.660+0000][1][gc,age       ] GC(121) - age   4:       2712 bytes,      79848 total
[2020-09-11T16:02:23.660+0000][1][gc,age       ] GC(121) - age   5:       3552 bytes,      83400 total
[2020-09-11T16:02:23.660+0000][1][gc,age       ] GC(121) - age   6:       2328 bytes,      85728 total
[2020-09-11T16:02:23.660+0000][1][gc,heap      ] GC(121) ParNew: 68288K->86K(76672K)
[2020-09-11T16:02:23.660+0000][1][gc,heap      ] GC(121) CMS: 78075K->78075K(439104K)
[2020-09-11T16:02:23.660+0000][1][gc,metaspace ] GC(121) Metaspace: 92173K->92173K(1134592K)
[2020-09-11T16:02:23.660+0000][1][gc           ] GC(121) Pause Young (Allocation Failure) 142M->76M(503M) 4.763ms
[2020-09-11T16:02:23.660+0000][1][gc,cpu       ] GC(121) User=0.01s Sys=0.00s Real=0.00s
[2020-09-11T16:02:23.660+0000][1][safepoint    ] Safepoint "GenCollectForAllocation", Time since last: 405176698 ns, Reaching safepoint: 203002 ns, At safepoint: 4832174 ns, Total: 5035176 ns
[2020-09-11T16:02:24.662+0000][1][safepoint    ] Safepoint "Cleanup", Time since last: 1002212970 ns, Reaching safepoint: 137348 ns, At safepoint: 51087 ns, Total: 188435 ns
[2020-09-11T16:02:25.662+0000][1][safepoint    ] Safepoint "Cleanup", Time since last: 1000226230 ns, Reaching safepoint: 99147 ns, At safepoint: 18870 ns, Total: 118017 ns
[2020-09-11T16:02:26.663+0000][1][safepoint    ] Safepoint "Cleanup", Time since last: 1000183256 ns, Reaching safepoint: 98867 ns, At safepoint: 7576 ns, Total: 106443 ns
[2020-09-11T16:02:27.663+0000][1][safepoint    ] Safepoint "Cleanup", Time since last: 1000189330 ns, Reaching safepoint: 97552 ns, At safepoint: 8158 ns, Total: 105710 ns
[2020-09-11T16:02:28.663+0000][1][safepoint    ] Safepoint "Cleanup", Time since last: 1000196925 ns, Reaching safepoint: 100307 ns, At safepoint: 8768 ns, Total: 109075 ns
[2020-09-11T16:02:29.664+0000][1][safepoint    ] Safepoint "Cleanup", Time since last: 1000197029 ns, Reaching safepoint: 97442 ns, At safepoint: 7659 ns, Total: 105101 ns
[2020-09-11T16:02:30.664+0000][1][safepoint    ] Safepoint "Cleanup", Time since last: 1000246957 ns, Reaching safepoint: 82277 ns, At safepoint: 8589 ns, Total: 90866 ns
[2020-09-11T16:02:31.664+0000][1][safepoint    ] Safepoint "Cleanup", Time since last: 1000178260 ns, Reaching safepoint: 137302 ns, At safepoint: 19544 ns, Total: 156846 ns
[2020-09-11T16:02:32.665+0000][1][safepoint    ] Safepoint "Cleanup", Time since last: 1000294074 ns, Reaching safepoint: 205562 ns, At safepoint: 24753 ns, Total: 230315 ns
[2020-09-11T16:02:33.280+0000][1][safepoint    ] Safepoint "RevokeBias", Time since last: 614929359 ns, Reaching safepoint: 172911 ns, At safepoint: 23833 ns, Total: 196744 ns
[2020-09-11T16:02:34.280+0000][1][safepoint    ] Safepoint "Cleanup", Time since last: 1000147168 ns, Reaching safepoint: 158430 ns, At safepoint: 19903 ns, Total: 178333 ns
[2020-09-11T16:02:35.281+0000][1][safepoint    ] Safepoint "Cleanup", Time since last: 1000234064 ns, Reaching safepoint: 98525 ns, At safepoint: 9106 ns, Total: 107631 ns
[2020-09-11T16:02:36.281+0000][1][safepoint    ] Safepoint "Cleanup", Time since last: 1000203776 ns, Reaching safepoint: 97471 ns, At safepoint: 8987 ns, Total: 106458 ns
[2020-09-11T16:02:37.281+0000][1][safepoint    ] Safepoint "Cleanup", Time since last: 1000191251 ns, Reaching safepoint: 97838 ns, At safepoint: 9011 ns, Total: 106849 ns
[2020-09-11T16:02:38.282+0000][1][safepoint    ] Safepoint "Cleanup", Time since last: 1000153986 ns, Reaching safepoint: 148257 ns, At safepoint: 19815 ns, Total: 168072 ns
[2020-09-11T16:02:39.282+0000][1][safepoint    ] Safepoint "Cleanup", Time since last: 1000233601 ns, Reaching safepoint: 103649 ns, At safepoint: 8702 ns, Total: 112351 ns
[2020-09-11T16:02:40.282+0000][1][safepoint    ] Safepoint "Cleanup", Time since last: 1000176067 ns, Reaching safepoint: 174607 ns, At safepoint: 20865 ns, Total: 195472 ns
[2020-09-11T16:02:41.283+0000][1][safepoint    ] Safepoint "Cleanup", Time since last: 1000204915 ns, Reaching safepoint: 145988 ns, At safepoint: 20306 ns, Total: 166294 ns
[2020-09-11T16:02:42.283+0000][1][safepoint    ] Safepoint "Cleanup", Time since last: 1000225559 ns, Reaching safepoint: 111102 ns, At safepoint: 10042 ns, Total: 121144 ns
[2020-09-11T16:02:43.277+0000][1][safepoint    ] Safepoint "RevokeBias", Time since last: 994043798 ns, Reaching safepoint: 86207 ns, At safepoint: 23748 ns, Total: 109955 ns
[2020-09-11T16:02:44.278+0000][1][safepoint    ] Safepoint "Cleanup", Time since last: 1000154301 ns, Reaching safepoint: 142317 ns, At safepoint: 20059 ns, Total: 162376 ns
[2020-09-11T16:02:45.278+0000][1][safepoint    ] Safepoint "Cleanup", Time since last: 1000218065 ns, Reaching safepoint: 147188 ns, At safepoint: 18395 ns, Total: 165583 ns
[2020-09-11T16:02:46.278+0000][1][safepoint    ] Safepoint "Cleanup", Time since last: 1000214449 ns, Reaching safepoint: 106857 ns, At safepoint: 9013 ns, Total: 115870 ns
[2020-09-11T16:02:47.279+0000][1][safepoint    ] Safepoint "Cleanup", Time since last: 1000196336 ns, Reaching safepoint: 147070 ns, At safepoint: 20317 ns, Total: 167387 ns
[2020-09-11T16:02:48.279+0000][1][safepoint    ] Safepoint "Cleanup", Time since last: 1000230018 ns, Reaching safepoint: 98280 ns, At safepoint: 8509 ns, Total: 106789 ns
[2020-09-11T16:02:49.279+0000][1][safepoint    ] Safepoint "Cleanup", Time since last: 1000185368 ns, Reaching safepoint: 148260 ns, At safepoint: 18910 ns, Total: 167170 ns
[2020-09-11T16:02:50.280+0000][1][safepoint    ] Safepoint "Cleanup", Time since last: 1000217609 ns, Reaching safepoint: 106862 ns, At safepoint: 9476 ns, Total: 116338 ns
[2020-09-11T16:02:51.280+0000][1][safepoint    ] Safepoint "Cleanup", Time since last: 1000171667 ns, Reaching safepoint: 103881 ns, At safepoint: 8758 ns, Total: 112639 ns
[2020-09-11T16:02:51.921+0000][1][gc,start     ] GC(122) Pause Young (Allocation Failure)
[2020-09-11T16:02:51.921+0000][1][gc,task      ] GC(122) Using 1 workers of 1 for evacuation
[2020-09-11T16:02:51.929+0000][1][gc,age       ] GC(122) Desired survivor size 4358144 bytes, new threshold 6 (max threshold 6)
[2020-09-11T16:02:51.929+0000][1][gc,age       ] GC(122) Age table with threshold 6 (max threshold 6)
[2020-09-11T16:02:51.929+0000][1][gc,age       ] GC(122) - age   1:      97944 bytes,      97944 total
[2020-09-11T16:02:51.929+0000][1][gc,age       ] GC(122) - age   2:      18768 bytes,     116712 total
[2020-09-11T16:02:51.929+0000][1][gc,age       ] GC(122) - age   3:       2904 bytes,     119616 total
[2020-09-11T16:02:51.929+0000][1][gc,age       ] GC(122) - age   4:       1304 bytes,     120920 total
[2020-09-11T16:02:51.929+0000][1][gc,age       ] GC(122) - age   5:       1472 bytes,     122392 total
[2020-09-11T16:02:51.929+0000][1][gc,age       ] GC(122) - age   6:       3552 bytes,     125944 total
[2020-09-11T16:02:51.929+0000][1][gc,heap      ] GC(122) ParNew: 68246K->147K(76672K)
[2020-09-11T16:02:51.929+0000][1][gc,heap      ] GC(122) CMS: 78075K->78078K(439104K)
[2020-09-11T16:02:51.929+0000][1][gc,metaspace ] GC(122) Metaspace: 92195K->92195K(1134592K)
[2020-09-11T16:02:51.929+0000][1][gc           ] GC(122) Pause Young (Allocation Failure) 142M->76M(503M) 8.578ms
[2020-09-11T16:02:51.929+0000][1][gc,cpu       ] GC(122) User=0.01s Sys=0.00s Real=0.00s
[2020-09-11T16:02:51.930+0000][1][safepoint    ] Safepoint "GenCollectForAllocation", Time since last: 637738761 ns, Reaching safepoint: 3232426 ns, At safepoint: 9546500 ns, Total: 12778926 ns
[2020-09-11T16:02:52.947+0000][1][safepoint    ] Safepoint "Cleanup", Time since last: 1016410664 ns, Reaching safepoint: 148253 ns, At safepoint: 22144 ns, Total: 170397 ns
[2020-09-11T16:02:53.256+0000][1][safepoint    ] Safepoint "RevokeBias", Time since last: 308315108 ns, Reaching safepoint: 170726 ns, At safepoint: 29745 ns, Total: 200471 ns
[2020-09-11T16:02:54.256+0000][1][safepoint    ] Safepoint "Cleanup", Time since last: 1000189846 ns, Reaching safepoint: 106910 ns, At safepoint: 8074 ns, Total: 114984 ns
[2020-09-11T16:02:55.256+0000][1][safepoint    ] Safepoint "Cleanup", Time since last: 1000198790 ns, Reaching safepoint: 103614 ns, At safepoint: 9856 ns, Total: 113470 ns
[2020-09-11T16:02:56.256+0000][1][safepoint    ] Safepoint "Cleanup", Time since last: 1000238171 ns, Reaching safepoint: 77602 ns, At safepoint: 8236 ns, Total: 85838 ns
[2020-09-11T16:02:57.257+0000][1][safepoint    ] Safepoint "Cleanup", Time since last: 1000161726 ns, Reaching safepoint: 103373 ns, At safepoint: 10282 ns, Total: 113655 ns
[2020-09-11T16:02:58.257+0000][1][safepoint    ] Safepoint "Cleanup", Time since last: 1000179635 ns, Reaching safepoint: 108522 ns, At safepoint: 10051 ns, Total: 118573 ns
[2020-09-11T16:02:59.257+0000][1][safepoint    ] Safepoint "Cleanup", Time since last: 1000146702 ns, Reaching safepoint: 150806 ns, At safepoint: 22853 ns, Total: 173659 ns
[2020-09-11T16:03:00.258+0000][1][safepoint    ] Safepoint "Cleanup", Time since last: 1000219982 ns, Reaching safepoint: 145434 ns, At safepoint: 22031 ns, Total: 167465 ns
[2020-09-11T16:03:01.258+0000][1][safepoint    ] Safepoint "Cleanup", Time since last: 1000240780 ns, Reaching safepoint: 101372 ns, At safepoint: 11027 ns, Total: 112399 ns
[2020-09-11T16:03:02.258+0000][1][safepoint    ] Safepoint "Cleanup", Time since last: 1000193582 ns, Reaching safepoint: 113165 ns, At safepoint: 10759 ns, Total: 123924 ns
[2020-09-11T16:03:03.250+0000][1][safepoint    ] Safepoint "RevokeBias", Time since last: 991543305 ns, Reaching safepoint: 85209 ns, At safepoint: 60552 ns, Total: 145761 ns
[2020-09-11T16:03:04.250+0000][1][safepoint    ] Safepoint "Cleanup", Time since last: 1000233758 ns, Reaching safepoint: 106154 ns, At safepoint: 8893 ns, Total: 115047 ns
[2020-09-11T16:03:05.251+0000][1][safepoint    ] Safepoint "Cleanup", Time since last: 1000188437 ns, Reaching safepoint: 98090 ns, At safepoint: 10278 ns, Total: 108368 ns
[2020-09-11T16:03:06.251+0000][1][safepoint    ] Safepoint "Cleanup", Time since last: 1000198213 ns, Reaching safepoint: 147074 ns, At safepoint: 21991 ns, Total: 169065 ns
[2020-09-11T16:03:07.251+0000][1][safepoint    ] Safepoint "Cleanup", Time since last: 1000235882 ns, Reaching safepoint: 102415 ns, At safepoint: 9943 ns, Total: 112358 ns
[2020-09-11T16:03:08.252+0000][1][safepoint    ] Safepoint "Cleanup", Time since last: 1000184748 ns, Reaching safepoint: 105184 ns, At safepoint: 11290 ns, Total: 116474 ns
[2020-09-11T16:03:09.252+0000][1][safepoint    ] Safepoint "Cleanup", Time since last: 1000175616 ns, Reaching safepoint: 150476 ns, At safepoint: 22348 ns, Total: 172824 ns
[2020-09-11T16:03:10.252+0000][1][safepoint    ] Safepoint "Cleanup", Time since last: 1000248373 ns, Reaching safepoint: 104291 ns, At safepoint: 9845 ns, Total: 114136 ns
[2020-09-11T16:03:11.253+0000][1][safepoint    ] Safepoint "Cleanup", Time since last: 1000199356 ns, Reaching safepoint: 115514 ns, At safepoint: 8710 ns, Total: 124224 ns
[2020-09-11T16:03:12.253+0000][1][safepoint    ] Safepoint "Cleanup", Time since last: 1000184428 ns, Reaching safepoint: 100309 ns, At safepoint: 11111 ns, Total: 111420 ns
[2020-09-11T16:03:13.251+0000][1][safepoint    ] Safepoint "RevokeBias", Time since last: 997755178 ns, Reaching safepoint: 191856 ns, At safepoint: 30792 ns, Total: 222648 ns
[2020-09-11T16:03:14.251+0000][1][safepoint    ] Safepoint "Cleanup", Time since last: 1000215510 ns, Reaching safepoint: 97869 ns, At safepoint: 9375 ns, Total: 107244 ns
[2020-09-11T16:03:15.252+0000][1][safepoint    ] Safepoint "Cleanup", Time since last: 1000159964 ns, Reaching safepoint: 116893 ns, At safepoint: 8331 ns, Total: 125224 ns
[2020-09-11T16:03:16.252+0000][1][safepoint    ] Safepoint "Cleanup", Time since last: 1000189949 ns, Reaching safepoint: 110429 ns, At safepoint: 8953 ns, Total: 119382 ns
[2020-09-11T16:03:17.252+0000][1][safepoint    ] Safepoint "Cleanup", Time since last: 1000210580 ns, Reaching safepoint: 146423 ns, At safepoint: 21065 ns, Total: 167488 ns
[2020-09-11T16:03:18.253+0000][1][safepoint    ] Safepoint "Cleanup", Time since last: 1000232605 ns, Reaching safepoint: 108733 ns, At safepoint: 8553 ns, Total: 117286 ns
[2020-09-11T16:03:19.253+0000][1][safepoint    ] Safepoint "Cleanup", Time since last: 1000171177 ns, Reaching safepoint: 126719 ns, At safepoint: 8489 ns, Total: 135208 ns
[2020-09-11T16:03:20.253+0000][1][safepoint    ] Safepoint "Cleanup", Time since last: 1000241605 ns, Reaching safepoint: 94659 ns, At safepoint: 8701 ns, Total: 103360 ns
[2020-09-11T16:03:21.254+0000][1][safepoint    ] Safepoint "Cleanup", Time since last: 1000199819 ns, Reaching safepoint: 141766 ns, At safepoint: 21587 ns, Total: 163353 ns
[2020-09-11T16:03:21.911+0000][1][gc,start     ] GC(123) Pause Young (Allocation Failure)
[2020-09-11T16:03:21.911+0000][1][gc,task      ] GC(123) Using 1 workers of 1 for evacuation
[2020-09-11T16:03:21.915+0000][1][gc,age       ] GC(123) Desired survivor size 4358144 bytes, new threshold 6 (max threshold 6)
[2020-09-11T16:03:21.915+0000][1][gc,age       ] GC(123) Age table with threshold 6 (max threshold 6)
[2020-09-11T16:03:21.915+0000][1][gc,age       ] GC(123) - age   1:      60800 bytes,      60800 total
[2020-09-11T16:03:21.915+0000][1][gc,age       ] GC(123) - age   2:       8040 bytes,      68840 total
[2020-09-11T16:03:21.915+0000][1][gc,age       ] GC(123) - age   3:      12440 bytes,      81280 total
[2020-09-11T16:03:21.915+0000][1][gc,age       ] GC(123) - age   4:       2904 bytes,      84184 total
[2020-09-11T16:03:21.915+0000][1][gc,age       ] GC(123) - age   5:         64 bytes,      84248 total
[2020-09-11T16:03:21.915+0000][1][gc,age       ] GC(123) - age   6:       1472 bytes,      85720 total
[2020-09-11T16:03:21.915+0000][1][gc,heap      ] GC(123) ParNew: 68307K->110K(76672K)
[2020-09-11T16:03:21.915+0000][1][gc,heap      ] GC(123) CMS: 78078K->78081K(439104K)
[2020-09-11T16:03:21.915+0000][1][gc,metaspace ] GC(123) Metaspace: 92197K->92197K(1134592K)
[2020-09-11T16:03:21.915+0000][1][gc           ] GC(123) Pause Young (Allocation Failure) 142M->76M(503M) 4.678ms
[2020-09-11T16:03:21.915+0000][1][gc,cpu       ] GC(123) User=0.01s Sys=0.00s Real=0.01s
[2020-09-11T16:03:21.919+0000][1][safepoint    ] Safepoint "GenCollectForAllocation", Time since last: 656764576 ns, Reaching safepoint: 157168 ns, At safepoint: 8077096 ns, Total: 8234264 ns
[2020-09-11T16:03:22.925+0000][1][safepoint    ] Safepoint "Cleanup", Time since last: 1005733259 ns, Reaching safepoint: 115465 ns, At safepoint: 10437 ns, Total: 125902 ns
[2020-09-11T16:03:23.286+0000][1][safepoint    ] Safepoint "RevokeBias", Time since last: 360985585 ns, Reaching safepoint: 83174 ns, At safepoint: 25219 ns, Total: 108393 ns
[2020-09-11T16:03:24.286+0000][1][safepoint    ] Safepoint "Cleanup", Time since last: 1000137392 ns, Reaching safepoint: 164879 ns, At safepoint: 22372 ns, Total: 187251 ns
[2020-09-11T16:03:25.286+0000][1][safepoint    ] Safepoint "Cleanup", Time since last: 1000229391 ns, Reaching safepoint: 103089 ns, At safepoint: 9416 ns, Total: 112505 ns
[2020-09-11T16:03:26.287+0000][1][safepoint    ] Safepoint "Cleanup", Time since last: 1000181816 ns, Reaching safepoint: 107969 ns, At safepoint: 8813 ns, Total: 116782 ns
[2020-09-11T16:03:27.287+0000][1][safepoint    ] Safepoint "Cleanup", Time since last: 1000193159 ns, Reaching safepoint: 144352 ns, At safepoint: 19652 ns, Total: 164004 ns
[2020-09-11T16:03:28.287+0000][1][safepoint    ] Safepoint "Cleanup", Time since last: 1000246120 ns, Reaching safepoint: 97638 ns, At safepoint: 8207 ns, Total: 105845 ns
[2020-09-11T16:03:29.288+0000][1][safepoint    ] Safepoint "Cleanup", Time since last: 1000163316 ns, Reaching safepoint: 159992 ns, At safepoint: 22775 ns, Total: 182767 ns
[2020-09-11T16:03:30.288+0000][1][safepoint    ] Safepoint "Cleanup", Time since last: 1000240232 ns, Reaching safepoint: 101639 ns, At safepoint: 8546 ns, Total: 110185 ns
[2020-09-11T16:03:31.288+0000][1][safepoint    ] Safepoint "Cleanup", Time since last: 1000180732 ns, Reaching safepoint: 146998 ns, At safepoint: 19672 ns, Total: 166670 ns
[2020-09-11T16:03:32.289+0000][1][safepoint    ] Safepoint "Cleanup", Time since last: 1000245258 ns, Reaching safepoint: 192947 ns, At safepoint: 22472 ns, Total: 215419 ns
[2020-09-11T16:03:33.252+0000][1][safepoint    ] Safepoint "RevokeBias", Time since last: 962500814 ns, Reaching safepoint: 210267 ns, At safepoint: 24265 ns, Total: 234532 ns
[2020-09-11T16:03:34.252+0000][1][safepoint    ] Safepoint "Cleanup", Time since last: 1000198229 ns, Reaching safepoint: 152765 ns, At safepoint: 22795 ns, Total: 175560 ns
[2020-09-11T16:03:35.252+0000][1][safepoint    ] Safepoint "Cleanup", Time since last: 1000148872 ns, Reaching safepoint: 80242 ns, At safepoint: 9289 ns, Total: 89531 ns
[2020-09-11T16:03:36.253+0000][1][safepoint    ] Safepoint "Cleanup", Time since last: 1000194364 ns, Reaching safepoint: 151000 ns, At safepoint: 21503 ns, Total: 172503 ns
[2020-09-11T16:03:37.253+0000][1][safepoint    ] Safepoint "Cleanup", Time since last: 1000219662 ns, Reaching safepoint: 156369 ns, At safepoint: 19846 ns, Total: 176215 ns
[2020-09-11T16:03:38.253+0000][1][safepoint    ] Safepoint "Cleanup", Time since last: 1000201127 ns, Reaching safepoint: 146320 ns, At safepoint: 19943 ns, Total: 166263 ns
[2020-09-11T16:03:39.254+0000][1][safepoint    ] Safepoint "Cleanup", Time since last: 1000228109 ns, Reaching safepoint: 101305 ns, At safepoint: 8940 ns, Total: 110245 ns
[2020-09-11T16:03:40.254+0000][1][safepoint    ] Safepoint "Cleanup", Time since last: 1000151037 ns, Reaching safepoint: 122485 ns, At safepoint: 8598 ns, Total: 131083 ns
[2020-09-11T16:03:41.254+0000][1][safepoint    ] Safepoint "Cleanup", Time since last: 1000197399 ns, Reaching safepoint: 105155 ns, At safepoint: 9417 ns, Total: 114572 ns
[2020-09-11T16:03:42.255+0000][1][safepoint    ] Safepoint "Cleanup", Time since last: 1000177089 ns, Reaching safepoint: 110524 ns, At safepoint: 8808 ns, Total: 119332 ns
[2020-09-11T16:03:43.255+0000][1][safepoint    ] Safepoint "Cleanup", Time since last: 1000216655 ns, Reaching safepoint: 124753 ns, At safepoint: 8796 ns, Total: 133549 ns
[2020-09-11T16:03:43.298+0000][1][safepoint    ] Safepoint "RevokeBias", Time since last: 42386756 ns, Reaching safepoint: 203262 ns, At safepoint: 25194 ns, Total: 228456 ns
[2020-09-11T16:03:44.298+0000][1][safepoint    ] Safepoint "Cleanup", Time since last: 1000199585 ns, Reaching safepoint: 152511 ns, At safepoint: 22836 ns, Total: 175347 ns
[2020-09-11T16:03:45.298+0000][1][safepoint    ] Safepoint "Cleanup", Time since last: 1000237621 ns, Reaching safepoint: 148926 ns, At safepoint: 22214 ns, Total: 171140 ns
[2020-09-11T16:03:46.299+0000][1][safepoint    ] Safepoint "Cleanup", Time since last: 1000236379 ns, Reaching safepoint: 147359 ns, At safepoint: 21386 ns, Total: 168745 ns
[2020-09-11T16:03:47.299+0000][1][safepoint    ] Safepoint "Cleanup", Time since last: 1000237683 ns, Reaching safepoint: 146818 ns, At safepoint: 20901 ns, Total: 167719 ns
[2020-09-11T16:03:48.299+0000][1][safepoint    ] Safepoint "Cleanup", Time since last: 1000204986 ns, Reaching safepoint: 128700 ns, At safepoint: 9469 ns, Total: 138169 ns
[2020-09-11T16:03:49.300+0000][1][safepoint    ] Safepoint "Cleanup", Time since last: 1000178866 ns, Reaching safepoint: 104843 ns, At safepoint: 8586 ns, Total: 113429 ns
[2020-09-11T16:03:50.300+0000][1][safepoint    ] Safepoint "Cleanup", Time since last: 1000200835 ns, Reaching safepoint: 145004 ns, At safepoint: 21015 ns, Total: 166019 ns
[2020-09-11T16:03:50.813+0000][1][gc,start     ] GC(124) Pause Young (Allocation Failure)
[2020-09-11T16:03:50.813+0000][1][gc,task      ] GC(124) Using 1 workers of 1 for evacuation
[2020-09-11T16:03:50.817+0000][1][gc,age       ] GC(124) Desired survivor size 4358144 bytes, new threshold 6 (max threshold 6)
[2020-09-11T16:03:50.817+0000][1][gc,age       ] GC(124) Age table with threshold 6 (max threshold 6)
[2020-09-11T16:03:50.817+0000][1][gc,age       ] GC(124) - age   1:      53160 bytes,      53160 total
[2020-09-11T16:03:50.817+0000][1][gc,age       ] GC(124) - age   2:       3368 bytes,      56528 total
[2020-09-11T16:03:50.817+0000][1][gc,age       ] GC(124) - age   3:       6608 bytes,      63136 total
[2020-09-11T16:03:50.817+0000][1][gc,age       ] GC(124) - age   4:       4656 bytes,      67792 total
[2020-09-11T16:03:50.817+0000][1][gc,age       ] GC(124) - age   5:       1664 bytes,      69456 total
[2020-09-11T16:03:50.817+0000][1][gc,age       ] GC(124) - age   6:         64 bytes,      69520 total
[2020-09-11T16:03:50.817+0000][1][gc,heap      ] GC(124) ParNew: 68270K->90K(76672K)
[2020-09-11T16:03:50.817+0000][1][gc,heap      ] GC(124) CMS: 78081K->78082K(439104K)
[2020-09-11T16:03:50.817+0000][1][gc,metaspace ] GC(124) Metaspace: 92199K->92199K(1134592K)
[2020-09-11T16:03:50.817+0000][1][gc           ] GC(124) Pause Young (Allocation Failure) 142M->76M(503M) 4.333ms
[2020-09-11T16:03:50.817+0000][1][gc,cpu       ] GC(124) User=0.00s Sys=0.00s Real=0.01s
[2020-09-11T16:03:50.817+0000][1][safepoint    ] Safepoint "GenCollectForAllocation", Time since last: 512332861 ns, Reaching safepoint: 199798 ns, At safepoint: 4402074 ns, Total: 4601872 ns
[2020-09-11T16:03:51.818+0000][1][safepoint    ] Safepoint "Cleanup", Time since last: 1000914240 ns, Reaching safepoint: 67309 ns, At safepoint: 16953 ns, Total: 84262 ns
[2020-09-11T16:03:52.818+0000][1][safepoint    ] Safepoint "Cleanup", Time since last: 1000121927 ns, Reaching safepoint: 66054 ns, At safepoint: 5202 ns, Total: 71256 ns
[2020-09-11T16:03:53.254+0000][1][safepoint    ] Safepoint "BulkRevokeBias", Time since last: 435911309 ns, Reaching safepoint: 80528 ns, At safepoint: 224490 ns, Total: 305018 ns
[2020-09-11T16:03:54.255+0000][1][safepoint    ] Safepoint "Cleanup", Time since last: 1000109042 ns, Reaching safepoint: 81836 ns, At safepoint: 10424 ns, Total: 92260 ns
[2020-09-11T16:03:55.255+0000][1][safepoint    ] Safepoint "Cleanup", Time since last: 1000182070 ns, Reaching safepoint: 142661 ns, At safepoint: 21476 ns, Total: 164137 ns
[2020-09-11T16:03:56.255+0000][1][safepoint    ] Safepoint "Cleanup", Time since last: 1000239083 ns, Reaching safepoint: 104336 ns, At safepoint: 11017 ns, Total: 115353 ns
[2020-09-11T16:03:57.256+0000][1][safepoint    ] Safepoint "Cleanup", Time since last: 1000114970 ns, Reaching safepoint: 80698 ns, At safepoint: 10090 ns, Total: 90788 ns
[2020-09-11T16:03:58.256+0000][1][safepoint    ] Safepoint "Cleanup", Time since last: 1000173361 ns, Reaching safepoint: 118466 ns, At safepoint: 10865 ns, Total: 129331 ns
[2020-09-11T16:03:59.256+0000][1][safepoint    ] Safepoint "Cleanup", Time since last: 1000165013 ns, Reaching safepoint: 146050 ns, At safepoint: 15938 ns, Total: 161988 ns
[2020-09-11T16:04:00.256+0000][1][safepoint    ] Safepoint "Cleanup", Time since last: 1000139120 ns, Reaching safepoint: 80741 ns, At safepoint: 7602 ns, Total: 88343 ns
[2020-09-11T16:04:01.257+0000][1][safepoint    ] Safepoint "Cleanup", Time since last: 1000129373 ns, Reaching safepoint: 76584 ns, At safepoint: 11508 ns, Total: 88092 ns
[2020-09-11T16:04:01.398+0000][1][safepoint    ] Safepoint "RevokeBias", Time since last: 141254240 ns, Reaching safepoint: 197378 ns, At safepoint: 21504 ns, Total: 218882 ns
[2020-09-11T16:04:02.034+0000][1][safepoint    ] Safepoint "Deoptimize", Time since last: 631036612 ns, Reaching safepoint: 3216559 ns, At safepoint: 1341528 ns, Total: 4558087 ns
[2020-09-11T16:04:03.034+0000][1][safepoint    ] Safepoint "Cleanup", Time since last: 1000124410 ns, Reaching safepoint: 127575 ns, At safepoint: 12082 ns, Total: 139657 ns
[2020-09-11T16:04:03.282+0000][1][safepoint    ] Safepoint "RevokeBias", Time since last: 247448281 ns, Reaching safepoint: 167289 ns, At safepoint: 24176 ns, Total: 191465 ns
[2020-09-11T16:04:04.282+0000][1][safepoint    ] Safepoint "Cleanup", Time since last: 1000119940 ns, Reaching safepoint: 110330 ns, At safepoint: 7648 ns, Total: 117978 ns
[2020-09-11T16:04:05.282+0000][1][safepoint    ] Safepoint "Cleanup", Time since last: 1000100304 ns, Reaching safepoint: 77955 ns, At safepoint: 8552 ns, Total: 86507 ns
[2020-09-11T16:04:06.282+0000][1][safepoint    ] Safepoint "Cleanup", Time since last: 1000207451 ns, Reaching safepoint: 146641 ns, At safepoint: 20059 ns, Total: 166700 ns
[2020-09-11T16:04:07.283+0000][1][safepoint    ] Safepoint "Cleanup", Time since last: 1000244588 ns, Reaching safepoint: 151094 ns, At safepoint: 20421 ns, Total: 171515 ns
[2020-09-11T16:04:08.283+0000][1][safepoint    ] Safepoint "Cleanup", Time since last: 1000242900 ns, Reaching safepoint: 106578 ns, At safepoint: 8868 ns, Total: 115446 ns
[2020-09-11T16:04:09.283+0000][1][safepoint    ] Safepoint "Cleanup", Time since last: 1000153570 ns, Reaching safepoint: 74495 ns, At safepoint: 6268 ns, Total: 80763 ns
[2020-09-11T16:04:10.284+0000][1][safepoint    ] Safepoint "Cleanup", Time since last: 1000173320 ns, Reaching safepoint: 162874 ns, At safepoint: 22572 ns, Total: 185446 ns
[2020-09-11T16:04:11.284+0000][1][safepoint    ] Safepoint "Cleanup", Time since last: 1000233322 ns, Reaching safepoint: 104910 ns, At safepoint: 10361 ns, Total: 115271 ns
[2020-09-11T16:04:11.971+0000][1][safepoint    ] Safepoint "RevokeBias", Time since last: 687043380 ns, Reaching safepoint: 223878 ns, At safepoint: 22049 ns, Total: 245927 ns
[2020-09-11T16:04:12.838+0000][1][safepoint    ] Safepoint "RevokeBias", Time since last: 866684969 ns, Reaching safepoint: 224450 ns, At safepoint: 22322 ns, Total: 246772 ns
[2020-09-11T16:04:12.845+0000][1][gc,start     ] GC(125) Pause Young (Allocation Failure)
[2020-09-11T16:04:12.845+0000][1][gc,task      ] GC(125) Using 1 workers of 1 for evacuation
[2020-09-11T16:04:12.850+0000][1][gc,age       ] GC(125) Desired survivor size 4358144 bytes, new threshold 6 (max threshold 6)
[2020-09-11T16:04:12.850+0000][1][gc,age       ] GC(125) Age table with threshold 6 (max threshold 6)
[2020-09-11T16:04:12.851+0000][1][gc,age       ] GC(125) - age   1:     201672 bytes,     201672 total
[2020-09-11T16:04:12.851+0000][1][gc,age       ] GC(125) - age   2:      15592 bytes,     217264 total
[2020-09-11T16:04:12.851+0000][1][gc,age       ] GC(125) - age   3:       2032 bytes,     219296 total
[2020-09-11T16:04:12.851+0000][1][gc,age       ] GC(125) - age   4:       6312 bytes,     225608 total
[2020-09-11T16:04:12.851+0000][1][gc,age       ] GC(125) - age   5:       3416 bytes,     229024 total
[2020-09-11T16:04:12.851+0000][1][gc,age       ] GC(125) - age   6:       1664 bytes,     230688 total
[2020-09-11T16:04:12.851+0000][1][gc,heap      ] GC(125) ParNew: 67946K->252K(76672K)
[2020-09-11T16:04:12.851+0000][1][gc,heap      ] GC(125) CMS: 78082K->78083K(439104K)
[2020-09-11T16:04:12.851+0000][1][gc,metaspace ] GC(125) Metaspace: 92592K->92592K(1134592K)
[2020-09-11T16:04:12.851+0000][1][gc           ] GC(125) Pause Young (Allocation Failure) 142M->76M(503M) 5.449ms
[2020-09-11T16:04:12.851+0000][1][gc,cpu       ] GC(125) User=0.00s Sys=0.00s Real=0.00s
[2020-09-11T16:04:12.851+0000][1][safepoint    ] Safepoint "GenCollectForAllocation", Time since last: 6601560 ns, Reaching safepoint: 192669 ns, At safepoint: 5515009 ns, Total: 5707678 ns
[2020-09-11T16:04:12.872+0000][1][safepoint    ] Safepoint "RevokeBias", Time since last: 21492256 ns, Reaching safepoint: 282757 ns, At safepoint: 24023 ns, Total: 306780 ns
[2020-09-11T16:04:12.874+0000][1][safepoint    ] Safepoint "RevokeBias", Time since last: 1394755 ns, Reaching safepoint: 468488 ns, At safepoint: 21666 ns, Total: 490154 ns
[2020-09-11T16:04:12.891+0000][1][safepoint    ] Safepoint "RevokeBias", Time since last: 16241290 ns, Reaching safepoint: 189900 ns, At safepoint: 26094 ns, Total: 215994 ns
[2020-09-11T16:04:12.896+0000][1][safepoint    ] Safepoint "RevokeBias", Time since last: 4610708 ns, Reaching safepoint: 184015 ns, At safepoint: 20565 ns, Total: 204580 ns
[2020-09-11T16:04:12.896+0000][1][safepoint    ] Safepoint "RevokeBias", Time since last: 60261 ns, Reaching safepoint: 163252 ns, At safepoint: 14253 ns, Total: 177505 ns
[2020-09-11T16:04:12.911+0000][1][safepoint    ] Safepoint "RevokeBias", Time since last: 15110517 ns, Reaching safepoint: 148309 ns, At safepoint: 24242 ns, Total: 172551 ns
[2020-09-11T16:04:12.912+0000][1][safepoint    ] Safepoint "RevokeBias", Time since last: 1060850 ns, Reaching safepoint: 58460 ns, At safepoint: 17831 ns, Total: 76291 ns
[2020-09-11T16:04:12.913+0000][1][safepoint    ] Safepoint "RevokeBias", Time since last: 431321 ns, Reaching safepoint: 79145 ns, At safepoint: 17096 ns, Total: 96241 ns
[2020-09-11T16:04:12.913+0000][1][safepoint    ] Safepoint "RevokeBias", Time since last: 88824 ns, Reaching safepoint: 40088 ns, At safepoint: 12720 ns, Total: 52808 ns
[2020-09-11T16:04:12.915+0000][1][safepoint    ] Safepoint "RevokeBias", Time since last: 1636472 ns, Reaching safepoint: 56498 ns, At safepoint: 19465 ns, Total: 75963 ns
[2020-09-11T16:04:12.915+0000][1][safepoint    ] Safepoint "RevokeBias", Time since last: 86383 ns, Reaching safepoint: 40878 ns, At safepoint: 13345 ns, Total: 54223 ns
[2020-09-11T16:04:12.915+0000][1][safepoint    ] Safepoint "RevokeBias", Time since last: 131143 ns, Reaching safepoint: 46001 ns, At safepoint: 13603 ns, Total: 59604 ns
[2020-09-11T16:04:12.915+0000][1][safepoint    ] Safepoint "RevokeBias", Time since last: 74752 ns, Reaching safepoint: 34178 ns, At safepoint: 11404 ns, Total: 45582 ns
[2020-09-11T16:04:12.915+0000][1][safepoint    ] Safepoint "RevokeBias", Time since last: 129627 ns, Reaching safepoint: 34260 ns, At safepoint: 11733 ns, Total: 45993 ns
[2020-09-11T16:04:12.915+0000][1][safepoint    ] Safepoint "RevokeBias", Time since last: 55702 ns, Reaching safepoint: 30941 ns, At safepoint: 10645 ns, Total: 41586 ns
[2020-09-11T16:04:12.916+0000][1][safepoint    ] Safepoint "RevokeBias", Time since last: 152547 ns, Reaching safepoint: 31961 ns, At safepoint: 11173 ns, Total: 43134 ns
[2020-09-11T16:04:12.916+0000][1][safepoint    ] Safepoint "RevokeBias", Time since last: 55503 ns, Reaching safepoint: 30268 ns, At safepoint: 10812 ns, Total: 41080 ns
[2020-09-11T16:04:12.917+0000][1][safepoint    ] Safepoint "RevokeBias", Time since last: 786643 ns, Reaching safepoint: 34066 ns, At safepoint: 21380 ns, Total: 55446 ns
[2020-09-11T16:04:12.917+0000][1][safepoint    ] Safepoint "RevokeBias", Time since last: 59356 ns, Reaching safepoint: 29931 ns, At safepoint: 18293 ns, Total: 48224 ns
[2020-09-11T16:04:12.917+0000][1][safepoint    ] Safepoint "RevokeBias", Time since last: 472711 ns, Reaching safepoint: 30877 ns, At safepoint: 19334 ns, Total: 50211 ns
[2020-09-11T16:04:12.918+0000][1][safepoint    ] Safepoint "RevokeBias", Time since last: 588843 ns, Reaching safepoint: 31144 ns, At safepoint: 19700 ns, Total: 50844 ns
[2020-09-11T16:04:12.918+0000][1][safepoint    ] Safepoint "RevokeBias", Time since last: 386205 ns, Reaching safepoint: 30339 ns, At safepoint: 19728 ns, Total: 50067 ns
[2020-09-11T16:04:12.919+0000][1][safepoint    ] Safepoint "BulkRevokeBias", Time since last: 52289 ns, Reaching safepoint: 28251 ns, At safepoint: 216117 ns, Total: 244368 ns
[2020-09-11T16:04:12.919+0000][1][safepoint    ] Safepoint "RevokeBias", Time since last: 291417 ns, Reaching safepoint: 28669 ns, At safepoint: 19282 ns, Total: 47951 ns
[2020-09-11T16:04:12.930+0000][1][safepoint    ] Safepoint "RevokeBias", Time since last: 10956517 ns, Reaching safepoint: 617377 ns, At safepoint: 20647 ns, Total: 638024 ns
[2020-09-11T16:04:13.329+0000][1][safepoint    ] Safepoint "RevokeBias", Time since last: 398878313 ns, Reaching safepoint: 87358 ns, At safepoint: 22467 ns, Total: 109825 ns
[2020-09-11T16:04:13.649+0000][1][safepoint    ] Safepoint "RevokeBias", Time since last: 318919080 ns, Reaching safepoint: 485087 ns, At safepoint: 23438 ns, Total: 508525 ns
[2020-09-11T16:04:13.930+0000][1][safepoint    ] Safepoint "RevokeBias", Time since last: 281449109 ns, Reaching safepoint: 74583 ns, At safepoint: 21262 ns, Total: 95845 ns
[2020-09-11T16:04:13.945+0000][1][safepoint    ] Safepoint "RevokeBias", Time since last: 12360264 ns, Reaching safepoint: 2117727 ns, At safepoint: 27904 ns, Total: 2145631 ns
[2020-09-11T16:04:13.946+0000][1][safepoint    ] Safepoint "RevokeBias", Time since last: 682358 ns, Reaching safepoint: 389045 ns, At safepoint: 17145 ns, Total: 406190 ns
[2020-09-11T16:04:13.990+0000][1][safepoint    ] Safepoint "RevokeBias", Time since last: 44240402 ns, Reaching safepoint: 148355 ns, At safepoint: 22664 ns, Total: 171019 ns
[2020-09-11T16:04:14.993+0000][1][safepoint    ] Safepoint "Cleanup", Time since last: 1002388846 ns, Reaching safepoint: 156035 ns, At safepoint: 21209 ns, Total: 177244 ns
[2020-09-11T16:04:15.993+0000][1][safepoint    ] Safepoint "Cleanup", Time since last: 1000246272 ns, Reaching safepoint: 94909 ns, At safepoint: 8307 ns, Total: 103216 ns
[2020-09-11T16:04:16.994+0000][1][safepoint    ] Safepoint "Cleanup", Time since last: 1000179085 ns, Reaching safepoint: 145448 ns, At safepoint: 19608 ns, Total: 165056 ns
[2020-09-11T16:04:17.994+0000][1][safepoint    ] Safepoint "Cleanup", Time since last: 1000222411 ns, Reaching safepoint: 104025 ns, At safepoint: 8226 ns, Total: 112251 ns
[2020-09-11T16:04:18.994+0000][1][safepoint    ] Safepoint "Cleanup", Time since last: 1000176106 ns, Reaching safepoint: 112766 ns, At safepoint: 7656 ns, Total: 120422 ns
[2020-09-11T16:04:19.995+0000][1][safepoint    ] Safepoint "Cleanup", Time since last: 1000177641 ns, Reaching safepoint: 95210 ns, At safepoint: 7777 ns, Total: 102987 ns
[2020-09-11T16:04:20.995+0000][1][safepoint    ] Safepoint "Cleanup", Time since last: 1000128517 ns, Reaching safepoint: 80704 ns, At safepoint: 8804 ns, Total: 89508 ns
[2020-09-11T16:04:21.933+0000][1][safepoint    ] Safepoint "RevokeBias", Time since last: 938068879 ns, Reaching safepoint: 166548 ns, At safepoint: 28416 ns, Total: 194964 ns
[2020-09-11T16:04:22.933+0000][1][safepoint    ] Safepoint "Cleanup", Time since last: 1000144432 ns, Reaching safepoint: 151429 ns, At safepoint: 21362 ns, Total: 172791 ns
[2020-09-11T16:04:23.255+0000][1][safepoint    ] Safepoint "RevokeBias", Time since last: 321189657 ns, Reaching safepoint: 317829 ns, At safepoint: 23732 ns, Total: 341561 ns
[2020-09-11T16:04:23.983+0000][1][gc,start     ] GC(126) Pause Young (Allocation Failure)
[2020-09-11T16:04:23.984+0000][1][gc,task      ] GC(126) Using 1 workers of 1 for evacuation
[2020-09-11T16:04:23.999+0000][1][gc,age       ] GC(126) Desired survivor size 4358144 bytes, new threshold 6 (max threshold 6)
[2020-09-11T16:04:23.999+0000][1][gc,age       ] GC(126) Age table with threshold 6 (max threshold 6)
[2020-09-11T16:04:23.999+0000][1][gc,age       ] GC(126) - age   1:    2359448 bytes,    2359448 total
[2020-09-11T16:04:23.999+0000][1][gc,age       ] GC(126) - age   2:      95824 bytes,    2455272 total
[2020-09-11T16:04:23.999+0000][1][gc,age       ] GC(126) - age   3:      11600 bytes,    2466872 total
[2020-09-11T16:04:23.999+0000][1][gc,age       ] GC(126) - age   4:       1936 bytes,    2468808 total
[2020-09-11T16:04:23.999+0000][1][gc,age       ] GC(126) - age   5:       6312 bytes,    2475120 total
[2020-09-11T16:04:23.999+0000][1][gc,age       ] GC(126) - age   6:       3416 bytes,    2478536 total
[2020-09-11T16:04:23.999+0000][1][gc,heap      ] GC(126) ParNew: 68412K->2577K(76672K)
[2020-09-11T16:04:23.999+0000][1][gc,heap      ] GC(126) CMS: 78083K->78084K(439104K)
[2020-09-11T16:04:23.999+0000][1][gc,metaspace ] GC(126) Metaspace: 92654K->92654K(1134592K)
[2020-09-11T16:04:23.999+0000][1][gc           ] GC(126) Pause Young (Allocation Failure) 143M->78M(503M) 15.325ms
[2020-09-11T16:04:23.999+0000][1][gc,cpu       ] GC(126) User=0.00s Sys=0.00s Real=0.01s
[2020-09-11T16:04:23.999+0000][1][safepoint    ] Safepoint "GenCollectForAllocation", Time since last: 728395492 ns, Reaching safepoint: 168374 ns, At safepoint: 15408809 ns, Total: 15577183 ns
[2020-09-11T16:04:24.012+0000][1][safepoint    ] Safepoint "RevokeBias", Time since last: 12772916 ns, Reaching safepoint: 85372 ns, At safepoint: 34809 ns, Total: 120181 ns
[2020-09-11T16:04:24.021+0000][1][safepoint    ] Safepoint "RevokeBias", Time since last: 9155752 ns, Reaching safepoint: 200736 ns, At safepoint: 30431 ns, Total: 231167 ns
[2020-09-11T16:04:24.021+0000][1][safepoint    ] Safepoint "RevokeBias", Time since last: 140625 ns, Reaching safepoint: 157858 ns, At safepoint: 21558 ns, Total: 179416 ns
[2020-09-11T16:04:24.027+0000][1][safepoint    ] Safepoint "RevokeBias", Time since last: 4879444 ns, Reaching safepoint: 201833 ns, At safepoint: 21335 ns, Total: 223168 ns
[2020-09-11T16:04:24.028+0000][1][safepoint    ] Safepoint "BulkRevokeBias", Time since last: 939409 ns, Reaching safepoint: 157670 ns, At safepoint: 227478 ns, Total: 385148 ns
[2020-09-11T16:04:25.029+0000][1][safepoint    ] Safepoint "Cleanup", Time since last: 1000864013 ns, Reaching safepoint: 98188 ns, At safepoint: 7736 ns, Total: 105924 ns
[2020-09-11T16:04:25.906+0000][1][safepoint    ] Safepoint "RevokeBias", Time since last: 876945759 ns, Reaching safepoint: 73512 ns, At safepoint: 20317 ns, Total: 93829 ns
[2020-09-11T16:04:26.093+0000][1][safepoint    ] Safepoint "RevokeBias", Time since last: 187395294 ns, Reaching safepoint: 91481 ns, At safepoint: 20959 ns, Total: 112440 ns
[2020-09-11T16:04:26.094+0000][1][safepoint    ] Safepoint "RevokeBias", Time since last: 64453 ns, Reaching safepoint: 27544 ns, At safepoint: 10904 ns, Total: 38448 ns
[2020-09-11T16:04:26.129+0000][1][safepoint    ] Safepoint "RevokeBias", Time since last: 35775135 ns, Reaching safepoint: 75725 ns, At safepoint: 20034 ns, Total: 95759 ns
[2020-09-11T16:04:26.160+0000][1][safepoint    ] Safepoint "RevokeBias", Time since last: 30146738 ns, Reaching safepoint: 75943 ns, At safepoint: 19456 ns, Total: 95399 ns
[2020-09-11T16:04:26.182+0000][1][safepoint    ] Safepoint "RevokeBias", Time since last: 22190439 ns, Reaching safepoint: 155294 ns, At safepoint: 17666 ns, Total: 172960 ns
[2020-09-11T16:04:26.192+0000][1][safepoint    ] Safepoint "RevokeBias", Time since last: 9624018 ns, Reaching safepoint: 151847 ns, At safepoint: 20129 ns, Total: 171976 ns
[2020-09-11T16:04:26.524+0000][1][safepoint    ] Safepoint "RevokeBias", Time since last: 332381981 ns, Reaching safepoint: 158482 ns, At safepoint: 21243 ns, Total: 179725 ns
[2020-09-11T16:04:26.930+0000][1][safepoint    ] Safepoint "RevokeBias", Time since last: 405285211 ns, Reaching safepoint: 78292 ns, At safepoint: 20903 ns, Total: 99195 ns
[2020-09-11T16:04:26.949+0000][1][safepoint    ] Safepoint "RevokeBias", Time since last: 18945603 ns, Reaching safepoint: 173746 ns, At safepoint: 19566 ns, Total: 193312 ns
[2020-09-11T16:04:26.949+0000][1][safepoint    ] Safepoint "RevokeBias", Time since last: 86622 ns, Reaching safepoint: 490037 ns, At safepoint: 13584 ns, Total: 503621 ns
[2020-09-11T16:04:26.957+0000][1][safepoint    ] Safepoint "RevokeBias", Time since last: 6992030 ns, Reaching safepoint: 159714 ns, At safepoint: 18664 ns, Total: 178378 ns
[2020-09-11T16:04:26.962+0000][1][safepoint    ] Safepoint "RevokeBias", Time since last: 595807 ns, Reaching safepoint: 4838948 ns, At safepoint: 27826 ns, Total: 4866774 ns
[2020-09-11T16:04:27.032+0000][1][safepoint    ] Safepoint "RevokeBias", Time since last: 69218296 ns, Reaching safepoint: 166002 ns, At safepoint: 22331 ns, Total: 188333 ns
[2020-09-11T16:04:27.032+0000][1][safepoint    ] Safepoint "RevokeBias", Time since last: 128464 ns, Reaching safepoint: 615603 ns, At safepoint: 16064 ns, Total: 631667 ns
[2020-09-11T16:04:27.100+0000][1][safepoint    ] Safepoint "RevokeBias", Time since last: 67544336 ns, Reaching safepoint: 172474 ns, At safepoint: 21467 ns, Total: 193941 ns
[2020-09-11T16:04:27.340+0000][1][safepoint    ] Safepoint "RevokeBias", Time since last: 239765860 ns, Reaching safepoint: 92538 ns, At safepoint: 20990 ns, Total: 113528 ns
[2020-09-11T16:04:27.340+0000][1][safepoint    ] Safepoint "RevokeBias", Time since last: 191474 ns, Reaching safepoint: 33822 ns, At safepoint: 12429 ns, Total: 46251 ns
[2020-09-11T16:04:27.340+0000][1][safepoint    ] Safepoint "RevokeBias", Time since last: 40956 ns, Reaching safepoint: 28157 ns, At safepoint: 10697 ns, Total: 38854 ns
[2020-09-11T16:04:27.340+0000][1][safepoint    ] Safepoint "RevokeBias", Time since last: 72354 ns, Reaching safepoint: 28846 ns, At safepoint: 11039 ns, Total: 39885 ns
[2020-09-11T16:04:27.345+0000][1][safepoint    ] Safepoint "RevokeBias", Time since last: 4869758 ns, Reaching safepoint: 145853 ns, At safepoint: 20206 ns, Total: 166059 ns
[2020-09-11T16:04:27.377+0000][1][safepoint    ] Safepoint "Deoptimize", Time since last: 29329264 ns, Reaching safepoint: 172746 ns, At safepoint: 2578270 ns, Total: 2751016 ns
[2020-09-11T16:04:27.413+0000][1][gc,start     ] GC(127) Pause Young (Allocation Failure)
[2020-09-11T16:04:27.413+0000][1][gc,task      ] GC(127) Using 1 workers of 1 for evacuation
[2020-09-11T16:04:27.429+0000][1][gc,age       ] GC(127) Desired survivor size 4358144 bytes, new threshold 1 (max threshold 6)
[2020-09-11T16:04:27.429+0000][1][gc,age       ] GC(127) Age table with threshold 1 (max threshold 6)
[2020-09-11T16:04:27.429+0000][1][gc,age       ] GC(127) - age   1:    4919864 bytes,    4919864 total
[2020-09-11T16:04:27.429+0000][1][gc,age       ] GC(127) - age   2:     152880 bytes,    5072744 total
[2020-09-11T16:04:27.429+0000][1][gc,age       ] GC(127) - age   3:      93856 bytes,    5166600 total
[2020-09-11T16:04:27.429+0000][1][gc,age       ] GC(127) - age   4:      10984 bytes,    5177584 total
[2020-09-11T16:04:27.429+0000][1][gc,age       ] GC(127) - age   5:        696 bytes,    5178280 total
[2020-09-11T16:04:27.429+0000][1][gc,age       ] GC(127) - age   6:       5072 bytes,    5183352 total
[2020-09-11T16:04:27.429+0000][1][gc,heap      ] GC(127) ParNew: 70602K->5450K(76672K)
[2020-09-11T16:04:27.429+0000][1][gc,heap      ] GC(127) CMS: 78084K->78087K(439104K)
[2020-09-11T16:04:27.429+0000][1][gc,metaspace ] GC(127) Metaspace: 92966K->92966K(1134592K)
[2020-09-11T16:04:27.429+0000][1][gc           ] GC(127) Pause Young (Allocation Failure) 145M->81M(503M) 16.375ms
[2020-09-11T16:04:27.429+0000][1][gc,cpu       ] GC(127) User=0.00s Sys=0.00s Real=0.01s
[2020-09-11T16:04:27.449+0000][1][safepoint    ] Safepoint "GenCollectForAllocation", Time since last: 35349677 ns, Reaching safepoint: 144260 ns, At safepoint: 35851004 ns, Total: 35995264 ns
[2020-09-11T16:04:27.507+0000][1][safepoint    ] Safepoint "RevokeBias", Time since last: 57505046 ns, Reaching safepoint: 200723 ns, At safepoint: 28456 ns, Total: 229179 ns
[2020-09-11T16:04:27.507+0000][1][safepoint    ] Safepoint "RevokeBias", Time since last: 632339 ns, Reaching safepoint: 101553 ns, At safepoint: 13121 ns, Total: 114674 ns
[2020-09-11T16:04:27.682+0000][1][safepoint    ] Safepoint "RevokeBias", Time since last: 174443772 ns, Reaching safepoint: 188366 ns, At safepoint: 21874 ns, Total: 210240 ns
[2020-09-11T16:04:27.682+0000][1][safepoint    ] Safepoint "RevokeBias", Time since last: 98190 ns, Reaching safepoint: 99397 ns, At safepoint: 13301 ns, Total: 112698 ns
[2020-09-11T16:04:27.686+0000][1][safepoint    ] Safepoint "RevokeBias", Time since last: 3885534 ns, Reaching safepoint: 128663 ns, At safepoint: 17633 ns, Total: 146296 ns
[2020-09-11T16:04:27.702+0000][1][safepoint    ] Safepoint "RevokeBias", Time since last: 15934017 ns, Reaching safepoint: 154336 ns, At safepoint: 22512 ns, Total: 176848 ns
[2020-09-11T16:04:27.729+0000][1][safepoint    ] Safepoint "RevokeBias", Time since last: 26793158 ns, Reaching safepoint: 89961 ns, At safepoint: 21194 ns, Total: 111155 ns
[2020-09-11T16:04:27.757+0000][1][safepoint    ] Safepoint "RevokeBias", Time since last: 27715641 ns, Reaching safepoint: 87835 ns, At safepoint: 21995 ns, Total: 109830 ns
[2020-09-11T16:04:27.839+0000][1][safepoint    ] Safepoint "RevokeBias", Time since last: 81909445 ns, Reaching safepoint: 74700 ns, At safepoint: 19626 ns, Total: 94326 ns
[2020-09-11T16:04:27.839+0000][1][safepoint    ] Safepoint "RevokeBias", Time since last: 125601 ns, Reaching safepoint: 27273 ns, At safepoint: 11429 ns, Total: 38702 ns
[2020-09-11T16:04:28.795+0000][1][safepoint    ] Safepoint "RevokeBias", Time since last: 955341390 ns, Reaching safepoint: 203708 ns, At safepoint: 21057 ns, Total: 224765 ns
[2020-09-11T16:04:28.817+0000][1][safepoint    ] Safepoint "RevokeBias", Time since last: 22036285 ns, Reaching safepoint: 185727 ns, At safepoint: 23240 ns, Total: 208967 ns
[2020-09-11T16:04:28.863+0000][1][safepoint    ] Safepoint "RevokeBias", Time since last: 45538289 ns, Reaching safepoint: 175541 ns, At safepoint: 20528 ns, Total: 196069 ns
[2020-09-11T16:04:28.864+0000][1][safepoint    ] Safepoint "RevokeBias", Time since last: 738231 ns, Reaching safepoint: 134304 ns, At safepoint: 14193 ns, Total: 148497 ns
[2020-09-11T16:04:28.864+0000][1][safepoint    ] Safepoint "RevokeBias", Time since last: 310119 ns, Reaching safepoint: 115454 ns, At safepoint: 13479 ns, Total: 128933 ns
[2020-09-11T16:04:28.871+0000][1][safepoint    ] Safepoint "RevokeBias", Time since last: 6865589 ns, Reaching safepoint: 182070 ns, At safepoint: 20285 ns, Total: 202355 ns
[2020-09-11T16:04:28.933+0000][1][safepoint    ] Safepoint "RevokeBias", Time since last: 61331543 ns, Reaching safepoint: 204644 ns, At safepoint: 152793 ns, Total: 357437 ns
[2020-09-11T16:04:28.946+0000][1][gc,start     ] GC(128) Pause Young (Allocation Failure)
[2020-09-11T16:04:28.946+0000][1][gc,task      ] GC(128) Using 1 workers of 1 for evacuation
[2020-09-11T16:04:28.961+0000][1][gc,age       ] GC(128) Desired survivor size 4358144 bytes, new threshold 6 (max threshold 6)
[2020-09-11T16:04:28.961+0000][1][gc,age       ] GC(128) Age table with threshold 6 (max threshold 6)
[2020-09-11T16:04:28.961+0000][1][gc,age       ] GC(128) - age   1:    4112616 bytes,    4112616 total
[2020-09-11T16:04:28.961+0000][1][gc,heap      ] GC(128) ParNew: 73424K->5147K(76672K)
[2020-09-11T16:04:28.961+0000][1][gc,heap      ] GC(128) CMS: 78087K->80950K(439104K)
[2020-09-11T16:04:28.961+0000][1][gc,metaspace ] GC(128) Metaspace: 93133K->93133K(1134592K)
[2020-09-11T16:04:28.961+0000][1][gc           ] GC(128) Pause Young (Allocation Failure) 147M->84M(503M) 14.827ms
[2020-09-11T16:04:28.961+0000][1][gc,cpu       ] GC(128) User=0.02s Sys=0.00s Real=0.02s
[2020-09-11T16:04:28.968+0000][1][safepoint    ] Safepoint "GenCollectForAllocation", Time since last: 12931590 ns, Reaching safepoint: 189049 ns, At safepoint: 22321982 ns, Total: 22511031 ns
[2020-09-11T16:04:28.995+0000][1][safepoint    ] Safepoint "RevokeBias", Time since last: 22950517 ns, Reaching safepoint: 3372366 ns, At safepoint: 180336 ns, Total: 3552702 ns
[2020-09-11T16:04:28.996+0000][1][safepoint    ] Safepoint "RevokeBias", Time since last: 688172 ns, Reaching safepoint: 130610 ns, At safepoint: 139781 ns, Total: 270391 ns
[2020-09-11T16:04:29.043+0000][1][safepoint    ] Safepoint "RevokeBias", Time since last: 47044804 ns, Reaching safepoint: 183452 ns, At safepoint: 21477 ns, Total: 204929 ns
[2020-09-11T16:04:29.044+0000][1][safepoint    ] Safepoint "RevokeBias", Time since last: 330265 ns, Reaching safepoint: 115259 ns, At safepoint: 159186 ns, Total: 274445 ns
[2020-09-11T16:04:29.058+0000][1][safepoint    ] Safepoint "RevokeBias", Time since last: 14453127 ns, Reaching safepoint: 191586 ns, At safepoint: 22837 ns, Total: 214423 ns
[2020-09-11T16:04:29.059+0000][1][safepoint    ] Safepoint "RevokeBias", Time since last: 869360 ns, Reaching safepoint: 133389 ns, At safepoint: 14902 ns, Total: 148291 ns
[2020-09-11T16:04:29.060+0000][1][safepoint    ] Safepoint "RevokeBias", Time since last: 726169 ns, Reaching safepoint: 120817 ns, At safepoint: 14448 ns, Total: 135265 ns
[2020-09-11T16:04:30.069+0000][1][safepoint    ] Safepoint "Cleanup", Time since last: 1000108819 ns, Reaching safepoint: 8661991 ns, At safepoint: 23608 ns, Total: 8685599 ns
[2020-09-11T16:04:30.070+0000][1][safepoint    ] Safepoint "RevokeBias", Time since last: 1047608 ns, Reaching safepoint: 163605 ns, At safepoint: 135739 ns, Total: 299344 ns
[2020-09-11T16:04:30.176+0000][1][gc,start     ] GC(129) Pause Young (Allocation Failure)
[2020-09-11T16:04:30.176+0000][1][gc,task      ] GC(129) Using 1 workers of 1 for evacuation
[2020-09-11T16:04:30.197+0000][1][gc,age       ] GC(129) Desired survivor size 4358144 bytes, new threshold 1 (max threshold 6)
[2020-09-11T16:04:30.197+0000][1][gc,age       ] GC(129) Age table with threshold 1 (max threshold 6)
[2020-09-11T16:04:30.197+0000][1][gc,age       ] GC(129) - age   1:    4686600 bytes,    4686600 total
[2020-09-11T16:04:30.198+0000][1][gc,age       ] GC(129) - age   2:    1827728 bytes,    6514328 total
[2020-09-11T16:04:30.198+0000][1][gc,heap      ] GC(129) ParNew: 72933K->7311K(76672K)
[2020-09-11T16:04:30.198+0000][1][gc,heap      ] GC(129) CMS: 80950K->80950K(439104K)
[2020-09-11T16:04:30.198+0000][1][gc,metaspace ] GC(129) Metaspace: 93345K->93345K(1134592K)
[2020-09-11T16:04:30.198+0000][1][gc           ] GC(129) Pause Young (Allocation Failure) 150M->86M(503M) 21.482ms
[2020-09-11T16:04:30.198+0000][1][gc,cpu       ] GC(129) User=0.00s Sys=0.00s Real=0.02s
[2020-09-11T16:04:30.214+0000][1][safepoint    ] Safepoint "GenCollectForAllocation", Time since last: 103624489 ns, Reaching safepoint: 2217169 ns, At safepoint: 37838386 ns, Total: 40055555 ns
[2020-09-11T16:04:30.275+0000][1][safepoint    ] Safepoint "RevokeBias", Time since last: 60442542 ns, Reaching safepoint: 191135 ns, At safepoint: 135565 ns, Total: 326700 ns
[2020-09-11T16:04:30.276+0000][1][safepoint    ] Safepoint "RevokeBias", Time since last: 1400061 ns, Reaching safepoint: 124412 ns, At safepoint: 98543 ns, Total: 222955 ns
[2020-09-11T16:04:30.277+0000][1][safepoint    ] Safepoint "RevokeBias", Time since last: 106426 ns, Reaching safepoint: 124202 ns, At safepoint: 104955 ns, Total: 229157 ns
[2020-09-11T16:04:30.277+0000][1][safepoint    ] Safepoint "RevokeBias", Time since last: 32858 ns, Reaching safepoint: 103522 ns, At safepoint: 129817 ns, Total: 233339 ns
[2020-09-11T16:04:30.357+0000][1][safepoint    ] Safepoint "RevokeBias", Time since last: 79600325 ns, Reaching safepoint: 191923 ns, At safepoint: 138249 ns, Total: 330172 ns
[2020-09-11T16:04:30.785+0000][1][safepoint    ] Safepoint "RevokeBias", Time since last: 428086659 ns, Reaching safepoint: 192091 ns, At safepoint: 22454 ns, Total: 214545 ns
[2020-09-11T16:04:30.787+0000][1][safepoint    ] Safepoint "RevokeBias", Time since last: 1689714 ns, Reaching safepoint: 159448 ns, At safepoint: 18613 ns, Total: 178061 ns
[2020-09-11T16:04:30.803+0000][1][safepoint    ] Safepoint "RevokeBias", Time since last: 15690339 ns, Reaching safepoint: 84906 ns, At safepoint: 23815 ns, Total: 108721 ns
[2020-09-11T16:04:30.803+0000][1][safepoint    ] Safepoint "RevokeBias", Time since last: 125865 ns, Reaching safepoint: 50795 ns, At safepoint: 16433 ns, Total: 67228 ns
[2020-09-11T16:04:30.803+0000][1][safepoint    ] Safepoint "RevokeBias", Time since last: 37995 ns, Reaching safepoint: 37815 ns, At safepoint: 12478 ns, Total: 50293 ns
[2020-09-11T16:04:31.361+0000][1][safepoint    ] Safepoint "RevokeBias", Time since last: 558167321 ns, Reaching safepoint: 72881 ns, At safepoint: 19002 ns, Total: 91883 ns
[2020-09-11T16:04:31.427+0000][1][gc,start     ] GC(130) Pause Young (Allocation Failure)
[2020-09-11T16:04:31.427+0000][1][gc,task      ] GC(130) Using 1 workers of 1 for evacuation
[2020-09-11T16:04:31.442+0000][1][gc,age       ] GC(130) Desired survivor size 4358144 bytes, new threshold 6 (max threshold 6)
[2020-09-11T16:04:31.442+0000][1][gc,age       ] GC(130) Age table with threshold 6 (max threshold 6)
[2020-09-11T16:04:31.442+0000][1][gc,age       ] GC(130) - age   1:     546696 bytes,     546696 total
[2020-09-11T16:04:31.442+0000][1][gc,heap      ] GC(130) ParNew: 75456K->5685K(76672K)
[2020-09-11T16:04:31.442+0000][1][gc,heap      ] GC(130) CMS: 80950K->83132K(439104K)
[2020-09-11T16:04:31.442+0000][1][gc,metaspace ] GC(130) Metaspace: 93583K->93583K(1134592K)
[2020-09-11T16:04:31.442+0000][1][gc           ] GC(130) Pause Young (Allocation Failure) 152M->86M(503M) 14.845ms
[2020-09-11T16:04:31.442+0000][1][gc,cpu       ] GC(130) User=0.00s Sys=0.00s Real=0.02s
[2020-09-11T16:04:31.449+0000][1][safepoint    ] Safepoint "GenCollectForAllocation", Time since last: 65594563 ns, Reaching safepoint: 163430 ns, At safepoint: 21672071 ns, Total: 21835501 ns
[2020-09-11T16:04:31.541+0000][1][safepoint    ] Safepoint "RevokeBias", Time since last: 91996590 ns, Reaching safepoint: 300981 ns, At safepoint: 23334 ns, Total: 324315 ns
[2020-09-11T16:04:31.542+0000][1][safepoint    ] Safepoint "BulkRevokeBias", Time since last: 145030 ns, Reaching safepoint: 105814 ns, At safepoint: 189812 ns, Total: 295626 ns
[2020-09-11T16:04:31.542+0000][1][safepoint    ] Safepoint "RevokeBias", Time since last: 42315 ns, Reaching safepoint: 105403 ns, At safepoint: 12854 ns, Total: 118257 ns
[2020-09-11T16:04:31.542+0000][1][safepoint    ] Safepoint "RevokeBias", Time since last: 40319 ns, Reaching safepoint: 102015 ns, At safepoint: 13030 ns, Total: 115045 ns
[2020-09-11T16:04:31.692+0000][1][safepoint    ] Safepoint "RevokeBias", Time since last: 149508546 ns, Reaching safepoint: 157038 ns, At safepoint: 22716 ns, Total: 179754 ns
[2020-09-11T16:04:31.952+0000][1][safepoint    ] Safepoint "RevokeBias", Time since last: 260320937 ns, Reaching safepoint: 175608 ns, At safepoint: 23004 ns, Total: 198612 ns
[2020-09-11T16:04:31.952+0000][1][safepoint    ] Safepoint "RevokeBias", Time since last: 88758 ns, Reaching safepoint: 103039 ns, At safepoint: 13739 ns, Total: 116778 ns
[2020-09-11T16:04:31.952+0000][1][safepoint    ] Safepoint "RevokeBias", Time since last: 49309 ns, Reaching safepoint: 102317 ns, At safepoint: 12639 ns, Total: 114956 ns
[2020-09-11T16:04:31.953+0000][1][safepoint    ] Safepoint "RevokeBias", Time since last: 51174 ns, Reaching safepoint: 101821 ns, At safepoint: 11631 ns, Total: 113452 ns
[2020-09-11T16:04:31.990+0000][1][safepoint    ] Safepoint "RevokeBias", Time since last: 36178354 ns, Reaching safepoint: 975259 ns, At safepoint: 27082 ns, Total: 1002341 ns
[2020-09-11T16:04:32.702+0000][1][safepoint    ] Safepoint "RevokeBias", Time since last: 712157713 ns, Reaching safepoint: 252112 ns, At safepoint: 140261 ns, Total: 392373 ns
[2020-09-11T16:04:32.729+0000][1][gc,start     ] GC(131) Pause Young (Allocation Failure)
[2020-09-11T16:04:32.729+0000][1][gc,task      ] GC(131) Using 1 workers of 1 for evacuation
[2020-09-11T16:04:32.744+0000][1][gc,age       ] GC(131) Desired survivor size 4358144 bytes, new threshold 1 (max threshold 6)
[2020-09-11T16:04:32.744+0000][1][gc,age       ] GC(131) Age table with threshold 1 (max threshold 6)
[2020-09-11T16:04:32.744+0000][1][gc,age       ] GC(131) - age   1:    4524752 bytes,    4524752 total
[2020-09-11T16:04:32.744+0000][1][gc,age       ] GC(131) - age   2:     481656 bytes,    5006408 total
[2020-09-11T16:04:32.745+0000][1][gc,heap      ] GC(131) ParNew: 73380K->6085K(76672K)
[2020-09-11T16:04:32.745+0000][1][gc,heap      ] GC(131) CMS: 83132K->83132K(439104K)
[2020-09-11T16:04:32.745+0000][1][gc,metaspace ] GC(131) Metaspace: 93632K->93632K(1134592K)
[2020-09-11T16:04:32.745+0000][1][gc           ] GC(131) Pause Young (Allocation Failure) 152M->87M(503M) 15.467ms
[2020-09-11T16:04:32.745+0000][1][gc,cpu       ] GC(131) User=0.01s Sys=0.00s Real=0.02s
[2020-09-11T16:04:32.803+0000][1][safepoint    ] Safepoint "GenCollectForAllocation", Time since last: 26447869 ns, Reaching safepoint: 273806 ns, At safepoint: 74072784 ns, Total: 74346590 ns
[2020-09-11T16:04:32.868+0000][1][safepoint    ] Safepoint "RevokeBias", Time since last: 63733853 ns, Reaching safepoint: 1132113 ns, At safepoint: 180855 ns, Total: 1312968 ns
[2020-09-11T16:04:32.869+0000][1][safepoint    ] Safepoint "RevokeBias", Time since last: 283011 ns, Reaching safepoint: 340881 ns, At safepoint: 133588 ns, Total: 474469 ns
[2020-09-11T16:04:32.873+0000][1][safepoint    ] Safepoint "RevokeBias", Time since last: 3882126 ns, Reaching safepoint: 179787 ns, At safepoint: 166783 ns, Total: 346570 ns
[2020-09-11T16:04:32.874+0000][1][safepoint    ] Safepoint "RevokeBias", Time since last: 390071 ns, Reaching safepoint: 133979 ns, At safepoint: 140744 ns, Total: 274723 ns
[2020-09-11T16:04:32.950+0000][1][safepoint    ] Safepoint "RevokeBias", Time since last: 75007097 ns, Reaching safepoint: 806904 ns, At safepoint: 200429 ns, Total: 1007333 ns
[2020-09-11T16:04:33.651+0000][1][safepoint    ] Safepoint "RevokeBias", Time since last: 700840412 ns, Reaching safepoint: 236652 ns, At safepoint: 22709 ns, Total: 259361 ns
[2020-09-11T16:04:33.974+0000][1][safepoint    ] Safepoint "RevokeBias", Time since last: 322930776 ns, Reaching safepoint: 194869 ns, At safepoint: 183623 ns, Total: 378492 ns
[2020-09-11T16:04:33.977+0000][1][gc,start     ] GC(132) Pause Young (Allocation Failure)
[2020-09-11T16:04:33.977+0000][1][gc,task      ] GC(132) Using 1 workers of 1 for evacuation
[2020-09-11T16:04:33.985+0000][1][gc,age       ] GC(132) Desired survivor size 4358144 bytes, new threshold 6 (max threshold 6)
[2020-09-11T16:04:33.985+0000][1][gc,age       ] GC(132) Age table with threshold 6 (max threshold 6)
[2020-09-11T16:04:33.985+0000][1][gc,age       ] GC(132) - age   1:    2937472 bytes,    2937472 total
[2020-09-11T16:04:33.985+0000][1][gc,heap      ] GC(132) ParNew: 74245K->4047K(76672K)
[2020-09-11T16:04:33.985+0000][1][gc,heap      ] GC(132) CMS: 83132K->85481K(439104K)
[2020-09-11T16:04:33.985+0000][1][gc,metaspace ] GC(132) Metaspace: 93746K->93746K(1136640K)
[2020-09-11T16:04:33.985+0000][1][gc           ] GC(132) Pause Young (Allocation Failure) 153M->87M(503M) 8.010ms
[2020-09-11T16:04:33.985+0000][1][gc,cpu       ] GC(132) User=0.01s Sys=0.00s Real=0.01s
[2020-09-11T16:04:33.997+0000][1][safepoint    ] Safepoint "GenCollectForAllocation", Time since last: 2578037 ns, Reaching safepoint: 156280 ns, At safepoint: 19948913 ns, Total: 20105193 ns
[2020-09-11T16:04:34.099+0000][1][safepoint    ] Safepoint "RevokeBias", Time since last: 101608485 ns, Reaching safepoint: 204348 ns, At safepoint: 181846 ns, Total: 386194 ns
[2020-09-11T16:04:34.099+0000][1][safepoint    ] Safepoint "RevokeBias", Time since last: 238636 ns, Reaching safepoint: 119778 ns, At safepoint: 144319 ns, Total: 264097 ns
[2020-09-11T16:04:34.100+0000][1][safepoint    ] Safepoint "RevokeBias", Time since last: 104154 ns, Reaching safepoint: 116686 ns, At safepoint: 135732 ns, Total: 252418 ns
[2020-09-11T16:04:34.100+0000][1][safepoint    ] Safepoint "RevokeBias", Time since last: 34610 ns, Reaching safepoint: 113400 ns, At safepoint: 132063 ns, Total: 245463 ns
[2020-09-11T16:04:34.234+0000][1][safepoint    ] Safepoint "RevokeBias", Time since last: 133411396 ns, Reaching safepoint: 179799 ns, At safepoint: 23417 ns, Total: 203216 ns
[2020-09-11T16:04:34.282+0000][1][safepoint    ] Safepoint "RevokeBias", Time since last: 48069331 ns, Reaching safepoint: 148177 ns, At safepoint: 24701 ns, Total: 172878 ns
[2020-09-11T16:04:34.298+0000][1][safepoint    ] Safepoint "RevokeBias", Time since last: 16352242 ns, Reaching safepoint: 150361 ns, At safepoint: 24070 ns, Total: 174431 ns
[2020-09-11T16:04:34.303+0000][1][gc,start     ] GC(133) Pause Young (Allocation Failure)
[2020-09-11T16:04:34.303+0000][1][gc,task      ] GC(133) Using 1 workers of 1 for evacuation
[2020-09-11T16:04:34.319+0000][1][gc,age       ] GC(133) Desired survivor size 4358144 bytes, new threshold 1 (max threshold 6)
[2020-09-11T16:04:34.319+0000][1][gc,age       ] GC(133) Age table with threshold 1 (max threshold 6)
[2020-09-11T16:04:34.319+0000][1][gc,age       ] GC(133) - age   1:    4417688 bytes,    4417688 total
[2020-09-11T16:04:34.319+0000][1][gc,age       ] GC(133) - age   2:     830336 bytes,    5248024 total
[2020-09-11T16:04:34.319+0000][1][gc,heap      ] GC(133) ParNew: 72207K->6326K(76672K)
[2020-09-11T16:04:34.319+0000][1][gc,heap      ] GC(133) CMS: 85481K->85481K(439104K)
[2020-09-11T16:04:34.319+0000][1][gc,metaspace ] GC(133) Metaspace: 93794K->93794K(1136640K)
[2020-09-11T16:04:34.319+0000][1][gc           ] GC(133) Pause Young (Allocation Failure) 153M->89M(503M) 15.788ms
[2020-09-11T16:04:34.319+0000][1][gc,cpu       ] GC(133) User=0.01s Sys=0.00s Real=0.01s
[2020-09-11T16:04:34.324+0000][1][safepoint    ] Safepoint "GenCollectForAllocation", Time since last: 4392441 ns, Reaching safepoint: 186664 ns, At safepoint: 21254833 ns, Total: 21441497 ns
[2020-09-11T16:04:34.334+0000][1][safepoint    ] Safepoint "RevokeBias", Time since last: 9314354 ns, Reaching safepoint: 75873 ns, At safepoint: 30779 ns, Total: 106652 ns
[2020-09-11T16:04:34.334+0000][1][safepoint    ] Safepoint "RevokeBias", Time since last: 499202 ns, Reaching safepoint: 29500 ns, At safepoint: 20886 ns, Total: 50386 ns
[2020-09-11T16:04:34.355+0000][1][safepoint    ] Safepoint "RevokeBias", Time since last: 20127613 ns, Reaching safepoint: 139130 ns, At safepoint: 19399 ns, Total: 158529 ns
[2020-09-11T16:04:35.299+0000][1][safepoint    ] Safepoint "RevokeBias", Time since last: 943987527 ns, Reaching safepoint: 84279 ns, At safepoint: 24658 ns, Total: 108937 ns
[2020-09-11T16:04:35.358+0000][1][safepoint    ] Safepoint "RevokeBias", Time since last: 59249772 ns, Reaching safepoint: 155626 ns, At safepoint: 19415 ns, Total: 175041 ns
[2020-09-11T16:04:35.358+0000][1][safepoint    ] Safepoint "RevokeBias", Time since last: 193419 ns, Reaching safepoint: 101740 ns, At safepoint: 13545 ns, Total: 115285 ns
[2020-09-11T16:04:35.359+0000][1][safepoint    ] Safepoint "RevokeBias", Time since last: 34427 ns, Reaching safepoint: 98451 ns, At safepoint: 11949 ns, Total: 110400 ns
[2020-09-11T16:04:35.359+0000][1][safepoint    ] Safepoint "RevokeBias", Time since last: 134913 ns, Reaching safepoint: 116781 ns, At safepoint: 13136 ns, Total: 129917 ns
[2020-09-11T16:04:35.396+0000][1][safepoint    ] Safepoint "RevokeBias", Time since last: 36633457 ns, Reaching safepoint: 148030 ns, At safepoint: 21501 ns, Total: 169531 ns
[2020-09-11T16:04:35.859+0000][1][gc,start     ] GC(134) Pause Young (Allocation Failure)
[2020-09-11T16:04:35.859+0000][1][gc,task      ] GC(134) Using 1 workers of 1 for evacuation
[2020-09-11T16:04:35.875+0000][1][gc,age       ] GC(134) Desired survivor size 4358144 bytes, new threshold 6 (max threshold 6)
[2020-09-11T16:04:35.875+0000][1][gc,age       ] GC(134) Age table with threshold 6 (max threshold 6)
[2020-09-11T16:04:35.875+0000][1][gc,age       ] GC(134) - age   1:    4286080 bytes,    4286080 total
[2020-09-11T16:04:35.875+0000][1][gc,heap      ] GC(134) ParNew: 74486K->4634K(76672K)
[2020-09-11T16:04:35.875+0000][1][gc,heap      ] GC(134) CMS: 85481K->86419K(439104K)
[2020-09-11T16:04:35.875+0000][1][gc,metaspace ] GC(134) Metaspace: 93815K->93815K(1136640K)
[2020-09-11T16:04:35.875+0000][1][gc           ] GC(134) Pause Young (Allocation Failure) 156M->88M(503M) 15.894ms
[2020-09-11T16:04:35.875+0000][1][gc,cpu       ] GC(134) User=0.01s Sys=0.00s Real=0.02s
[2020-09-11T16:04:35.895+0000][1][safepoint    ] Safepoint "GenCollectForAllocation", Time since last: 463498121 ns, Reaching safepoint: 190118 ns, At safepoint: 35233817 ns, Total: 35423935 ns
[2020-09-11T16:04:36.416+0000][1][safepoint    ] Safepoint "RevokeBias", Time since last: 521095575 ns, Reaching safepoint: 195219 ns, At safepoint: 167489 ns, Total: 362708 ns
[2020-09-11T16:04:36.492+0000][1][gc,start     ] GC(135) Pause Young (Allocation Failure)
[2020-09-11T16:04:36.492+0000][1][gc,task      ] GC(135) Using 1 workers of 1 for evacuation
[2020-09-11T16:04:36.503+0000][1][gc,age       ] GC(135) Desired survivor size 4358144 bytes, new threshold 2 (max threshold 6)
[2020-09-11T16:04:36.503+0000][1][gc,age       ] GC(135) Age table with threshold 2 (max threshold 6)
[2020-09-11T16:04:36.503+0000][1][gc,age       ] GC(135) - age   1:    3275896 bytes,    3275896 total
[2020-09-11T16:04:36.503+0000][1][gc,age       ] GC(135) - age   2:    2269376 bytes,    5545272 total
[2020-09-11T16:04:36.503+0000][1][gc,heap      ] GC(135) ParNew: 72794K->8512K(76672K)
[2020-09-11T16:04:36.503+0000][1][gc,heap      ] GC(135) CMS: 86419K->86419K(439104K)
[2020-09-11T16:04:36.503+0000][1][gc,metaspace ] GC(135) Metaspace: 93826K->93826K(1136640K)
[2020-09-11T16:04:36.503+0000][1][gc           ] GC(135) Pause Young (Allocation Failure) 155M->92M(503M) 10.560ms
[2020-09-11T16:04:36.503+0000][1][gc,cpu       ] GC(135) User=0.01s Sys=0.00s Real=0.02s
[2020-09-11T16:04:36.506+0000][1][safepoint    ] Safepoint "GenCollectForAllocation", Time since last: 75924754 ns, Reaching safepoint: 204298 ns, At safepoint: 14216453 ns, Total: 14420751 ns
[2020-09-11T16:04:36.517+0000][1][safepoint    ] Safepoint "RevokeBias", Time since last: 10487561 ns, Reaching safepoint: 187537 ns, At safepoint: 180721 ns, Total: 368258 ns
[2020-09-11T16:04:36.518+0000][1][safepoint    ] Safepoint "RevokeBias", Time since last: 114969 ns, Reaching safepoint: 119908 ns, At safepoint: 136436 ns, Total: 256344 ns
[2020-09-11T16:04:36.518+0000][1][safepoint    ] Safepoint "RevokeBias", Time since last: 33440 ns, Reaching safepoint: 113618 ns, At safepoint: 149180 ns, Total: 262798 ns
[2020-09-11T16:04:36.518+0000][1][safepoint    ] Safepoint "RevokeBias", Time since last: 161925 ns, Reaching safepoint: 112411 ns, At safepoint: 128378 ns, Total: 240789 ns
[2020-09-11T16:04:36.591+0000][1][safepoint    ] Safepoint "RevokeBias", Time since last: 71932955 ns, Reaching safepoint: 196569 ns, At safepoint: 135001 ns, Total: 331570 ns
[2020-09-11T16:04:37.594+0000][1][safepoint    ] Safepoint "Cleanup", Time since last: 1003581950 ns, Reaching safepoint: 82459 ns, At safepoint: 9017 ns, Total: 91476 ns
[2020-09-11T16:04:37.595+0000][1][safepoint    ] Safepoint "RevokeBias", Time since last: 554652 ns, Reaching safepoint: 53562 ns, At safepoint: 21602 ns, Total: 75164 ns
[2020-09-11T16:04:37.673+0000][1][safepoint    ] Safepoint "RevokeBias", Time since last: 77983673 ns, Reaching safepoint: 155118 ns, At safepoint: 24703 ns, Total: 179821 ns
[2020-09-11T16:04:37.673+0000][1][safepoint    ] Safepoint "RevokeBias", Time since last: 146606 ns, Reaching safepoint: 103084 ns, At safepoint: 13610 ns, Total: 116694 ns
[2020-09-11T16:04:37.673+0000][1][safepoint    ] Safepoint "RevokeBias", Time since last: 37678 ns, Reaching safepoint: 99342 ns, At safepoint: 12249 ns, Total: 111591 ns
[2020-09-11T16:04:37.674+0000][1][safepoint    ] Safepoint "RevokeBias", Time since last: 70262 ns, Reaching safepoint: 98346 ns, At safepoint: 14270 ns, Total: 112616 ns
[2020-09-11T16:04:37.735+0000][1][safepoint    ] Safepoint "RevokeBias", Time since last: 60780767 ns, Reaching safepoint: 147251 ns, At safepoint: 23003 ns, Total: 170254 ns
[2020-09-11T16:04:38.060+0000][1][gc,start     ] GC(136) Pause Young (Allocation Failure)
[2020-09-11T16:04:38.060+0000][1][gc,task      ] GC(136) Using 1 workers of 1 for evacuation
[2020-09-11T16:04:38.066+0000][1][gc,age       ] GC(136) Desired survivor size 4358144 bytes, new threshold 6 (max threshold 6)
[2020-09-11T16:04:38.066+0000][1][gc,age       ] GC(136) Age table with threshold 6 (max threshold 6)
[2020-09-11T16:04:38.066+0000][1][gc,age       ] GC(136) - age   1:     861760 bytes,     861760 total
[2020-09-11T16:04:38.066+0000][1][gc,age       ] GC(136) - age   2:       3456 bytes,     865216 total
[2020-09-11T16:04:38.066+0000][1][gc,heap      ] GC(136) ParNew: 76629K->5135K(76672K)
[2020-09-11T16:04:38.066+0000][1][gc,heap      ] GC(136) CMS: 86419K->86576K(439104K)
[2020-09-11T16:04:38.066+0000][1][gc,metaspace ] GC(136) Metaspace: 93838K->93838K(1136640K)
[2020-09-11T16:04:38.066+0000][1][gc           ] GC(136) Pause Young (Allocation Failure) 159M->89M(503M) 6.067ms
[2020-09-11T16:04:38.066+0000][1][gc,cpu       ] GC(136) User=0.00s Sys=0.00s Real=0.01s
[2020-09-11T16:04:38.069+0000][1][safepoint    ] Safepoint "GenCollectForAllocation", Time since last: 325546154 ns, Reaching safepoint: 163226 ns, At safepoint: 8575285 ns, Total: 8738511 ns
[2020-09-11T16:04:38.763+0000][1][safepoint    ] Safepoint "RevokeBias", Time since last: 688432480 ns, Reaching safepoint: 5812993 ns, At safepoint: 204445 ns, Total: 6017438 ns
[2020-09-11T16:04:38.875+0000][1][gc,start     ] GC(137) Pause Young (Allocation Failure)
[2020-09-11T16:04:38.875+0000][1][gc,task      ] GC(137) Using 1 workers of 1 for evacuation
[2020-09-11T16:04:38.894+0000][1][gc,age       ] GC(137) Desired survivor size 4358144 bytes, new threshold 1 (max threshold 6)
[2020-09-11T16:04:38.894+0000][1][gc,age       ] GC(137) Age table with threshold 1 (max threshold 6)
[2020-09-11T16:04:38.894+0000][1][gc,age       ] GC(137) - age   1:    6050704 bytes,    6050704 total
[2020-09-11T16:04:38.894+0000][1][gc,age       ] GC(137) - age   2:     211272 bytes,    6261976 total
[2020-09-11T16:04:38.894+0000][1][gc,age       ] GC(137) - age   3:       2880 bytes,    6264856 total
[2020-09-11T16:04:38.894+0000][1][gc,heap      ] GC(137) ParNew: 73295K->7212K(76672K)
[2020-09-11T16:04:38.894+0000][1][gc,heap      ] GC(137) CMS: 86576K->86576K(439104K)
[2020-09-11T16:04:38.894+0000][1][gc,metaspace ] GC(137) Metaspace: 93843K->93843K(1136640K)
[2020-09-11T16:04:38.895+0000][1][gc           ] GC(137) Pause Young (Allocation Failure) 156M->91M(503M) 19.485ms
[2020-09-11T16:04:38.895+0000][1][gc,cpu       ] GC(137) User=0.01s Sys=0.00s Real=0.02s
[2020-09-11T16:04:38.907+0000][1][safepoint    ] Safepoint "GenCollectForAllocation", Time since last: 111545321 ns, Reaching safepoint: 201449 ns, At safepoint: 31725964 ns, Total: 31927413 ns
[2020-09-11T16:04:38.961+0000][1][safepoint    ] Safepoint "RevokeBias", Time since last: 54052213 ns, Reaching safepoint: 196787 ns, At safepoint: 176426 ns, Total: 373213 ns
[2020-09-11T16:04:38.962+0000][1][safepoint    ] Safepoint "RevokeBias", Time since last: 118415 ns, Reaching safepoint: 112454 ns, At safepoint: 136044 ns, Total: 248498 ns
[2020-09-11T16:04:38.962+0000][1][safepoint    ] Safepoint "RevokeBias", Time since last: 119270 ns, Reaching safepoint: 115740 ns, At safepoint: 128883 ns, Total: 244623 ns
[2020-09-11T16:04:38.962+0000][1][safepoint    ] Safepoint "RevokeBias", Time since last: 33510 ns, Reaching safepoint: 111905 ns, At safepoint: 125535 ns, Total: 237440 ns
[2020-09-11T16:04:39.097+0000][1][safepoint    ] Safepoint "RevokeBias", Time since last: 133725631 ns, Reaching safepoint: 1019699 ns, At safepoint: 189186 ns, Total: 1208885 ns
[2020-09-11T16:04:40.097+0000][1][safepoint    ] Safepoint "Cleanup", Time since last: 1000113246 ns, Reaching safepoint: 88071 ns, At safepoint: 7191 ns, Total: 95262 ns
[2020-09-11T16:04:40.119+0000][1][safepoint    ] Safepoint "RevokeBias", Time since last: 21505762 ns, Reaching safepoint: 88096 ns, At safepoint: 28324 ns, Total: 116420 ns
[2020-09-11T16:04:40.197+0000][1][gc,start     ] GC(138) Pause Young (Allocation Failure)
[2020-09-11T16:04:40.197+0000][1][gc,task      ] GC(138) Using 1 workers of 1 for evacuation
[2020-09-11T16:04:40.213+0000][1][gc,age       ] GC(138) Desired survivor size 4358144 bytes, new threshold 1 (max threshold 6)
[2020-09-11T16:04:40.213+0000][1][gc,age       ] GC(138) Age table with threshold 1 (max threshold 6)
[2020-09-11T16:04:40.213+0000][1][gc,age       ] GC(138) - age   1:    4413120 bytes,    4413120 total
[2020-09-11T16:04:40.213+0000][1][gc,heap      ] GC(138) ParNew: 75316K->4949K(76672K)
[2020-09-11T16:04:40.213+0000][1][gc,heap      ] GC(138) CMS: 86576K->88043K(439104K)
[2020-09-11T16:04:40.213+0000][1][gc,metaspace ] GC(138) Metaspace: 93875K->93875K(1136640K)
[2020-09-11T16:04:40.221+0000][1][gc           ] GC(138) Pause Young (Allocation Failure) 158M->90M(503M) 23.548ms
[2020-09-11T16:04:40.221+0000][1][gc,cpu       ] GC(138) User=0.01s Sys=0.00s Real=0.03s
[2020-09-11T16:04:40.229+0000][1][safepoint    ] Safepoint "GenCollectForAllocation", Time since last: 78097903 ns, Reaching safepoint: 197667 ns, At safepoint: 31575845 ns, Total: 31773512 ns
[2020-09-11T16:04:40.257+0000][1][safepoint    ] Safepoint "RevokeBias", Time since last: 27993474 ns, Reaching safepoint: 286033 ns, At safepoint: 189489 ns, Total: 475522 ns
[2020-09-11T16:04:40.258+0000][1][safepoint    ] Safepoint "RevokeBias", Time since last: 168137 ns, Reaching safepoint: 115182 ns, At safepoint: 153223 ns, Total: 268405 ns
[2020-09-11T16:04:40.261+0000][1][safepoint    ] Safepoint "RevokeBias", Time since last: 100282 ns, Reaching safepoint: 116638 ns, At safepoint: 2873928 ns, Total: 2990566 ns
[2020-09-11T16:04:40.261+0000][1][safepoint    ] Safepoint "RevokeBias", Time since last: 60569 ns, Reaching safepoint: 179192 ns, At safepoint: 189139 ns, Total: 368331 ns
[2020-09-11T16:04:40.319+0000][1][safepoint    ] Safepoint "RevokeBias", Time since last: 56101463 ns, Reaching safepoint: 1085391 ns, At safepoint: 187390 ns, Total: 1272781 ns
[2020-09-11T16:04:40.330+0000][1][safepoint    ] Safepoint "RevokeBias", Time since last: 11530094 ns, Reaching safepoint: 188537 ns, At safepoint: 21496 ns, Total: 210033 ns
[2020-09-11T16:04:40.342+0000][1][safepoint    ] Safepoint "RevokeBias", Time since last: 11161673 ns, Reaching safepoint: 182221 ns, At safepoint: 22920 ns, Total: 205141 ns
[2020-09-11T16:04:40.346+0000][1][safepoint    ] Safepoint "RevokeBias", Time since last: 3985063 ns, Reaching safepoint: 141513 ns, At safepoint: 16152 ns, Total: 157665 ns
[2020-09-11T16:04:40.346+0000][1][safepoint    ] Safepoint "RevokeBias", Time since last: 44911 ns, Reaching safepoint: 111797 ns, At safepoint: 13617 ns, Total: 125414 ns
[2020-09-11T16:04:40.346+0000][1][safepoint    ] Safepoint "RevokeBias", Time since last: 114498 ns, Reaching safepoint: 111650 ns, At safepoint: 12665 ns, Total: 124315 ns
[2020-09-11T16:04:40.347+0000][1][safepoint    ] Safepoint "RevokeBias", Time since last: 221609 ns, Reaching safepoint: 111249 ns, At safepoint: 13348 ns, Total: 124597 ns
[2020-09-11T16:04:40.347+0000][1][safepoint    ] Safepoint "RevokeBias", Time since last: 115557 ns, Reaching safepoint: 111280 ns, At safepoint: 13042 ns, Total: 124322 ns
[2020-09-11T16:04:40.349+0000][1][safepoint    ] Safepoint "RevokeBias", Time since last: 1220434 ns, Reaching safepoint: 977441 ns, At safepoint: 19111 ns, Total: 996552 ns
[2020-09-11T16:04:41.354+0000][1][safepoint    ] Safepoint "Cleanup", Time since last: 1000096558 ns, Reaching safepoint: 4427903 ns, At safepoint: 15188 ns, Total: 4443091 ns
[2020-09-11T16:04:41.362+0000][1][safepoint    ] Safepoint "RevokeBias", Time since last: 5747333 ns, Reaching safepoint: 2207197 ns, At safepoint: 162075 ns, Total: 2369272 ns
[2020-09-11T16:04:41.384+0000][1][gc,start     ] GC(139) Pause Young (Allocation Failure)
[2020-09-11T16:04:41.770+0000][1][gc,task      ] GC(139) Using 1 workers of 1 for evacuation
[2020-09-11T16:04:41.786+0000][1][gc,age       ] GC(139) Desired survivor size 4358144 bytes, new threshold 1 (max threshold 6)
[2020-09-11T16:04:41.786+0000][1][gc,age       ] GC(139) Age table with threshold 1 (max threshold 6)
[2020-09-11T16:04:41.786+0000][1][gc,age       ] GC(139) - age   1:    4587528 bytes,    4587528 total
[2020-09-11T16:04:41.786+0000][1][gc,heap      ] GC(139) ParNew: 73109K->8512K(76672K)
[2020-09-11T16:04:41.786+0000][1][gc,heap      ] GC(139) CMS: 88043K->91995K(439104K)
[2020-09-11T16:04:41.786+0000][1][gc,metaspace ] GC(139) Metaspace: 93970K->93970K(1136640K)
[2020-09-11T16:04:41.786+0000][1][gc           ] GC(139) Pause Young (Allocation Failure) 157M->98M(503M) 401.658ms
[2020-09-11T16:04:41.786+0000][1][gc,cpu       ] GC(139) User=0.04s Sys=0.00s Real=0.40s
[2020-09-11T16:04:41.798+0000][1][safepoint    ] Safepoint "GenCollectForAllocation", Time since last: 21803361 ns, Reaching safepoint: 842935 ns, At safepoint: 413770665 ns, Total: 414613600 ns
[2020-09-11T16:04:41.951+0000][1][safepoint    ] Safepoint "RevokeBias", Time since last: 149338414 ns, Reaching safepoint: 3963341 ns, At safepoint: 57501 ns, Total: 4020842 ns
[2020-09-11T16:04:41.955+0000][1][safepoint    ] Safepoint "BulkRevokeBias", Time since last: 3171533 ns, Reaching safepoint: 293594 ns, At safepoint: 438971 ns, Total: 732565 ns
[2020-09-11T16:04:42.062+0000][1][safepoint    ] Safepoint "RevokeBias", Time since last: 105475454 ns, Reaching safepoint: 1157612 ns, At safepoint: 180784 ns, Total: 1338396 ns
[2020-09-11T16:04:42.064+0000][1][gc,start     ] GC(140) Pause Young (Allocation Failure)
[2020-09-11T16:04:42.064+0000][1][gc,task      ] GC(140) Using 1 workers of 1 for evacuation
[2020-09-11T16:04:42.074+0000][1][gc,age       ] GC(140) Desired survivor size 4358144 bytes, new threshold 6 (max threshold 6)
[2020-09-11T16:04:42.365+0000][1][gc,age       ] GC(140) Age table with threshold 6 (max threshold 6)
[2020-09-11T16:04:42.365+0000][1][gc,age       ] GC(140) - age   1:     368088 bytes,     368088 total
[2020-09-11T16:04:42.365+0000][1][gc,heap      ] GC(140) ParNew: 76492K->2797K(76672K)
[2020-09-11T16:04:42.365+0000][1][gc,heap      ] GC(140) CMS: 91995K->95659K(439104K)
[2020-09-11T16:04:42.365+0000][1][gc,metaspace ] GC(140) Metaspace: 94008K->94008K(1136640K)
[2020-09-11T16:04:42.365+0000][1][gc           ] GC(140) Pause Young (Allocation Failure) 164M->96M(503M) 301.289ms
[2020-09-11T16:04:42.365+0000][1][gc,cpu       ] GC(140) User=0.04s Sys=0.00s Real=0.30s
[2020-09-11T16:04:42.366+0000][1][safepoint    ] Safepoint "GenCollectForAllocation", Time since last: 1440140 ns, Reaching safepoint: 159347 ns, At safepoint: 301792150 ns, Total: 301951497 ns
[2020-09-11T16:04:42.385+0000][1][safepoint    ] Safepoint "RevokeBias", Time since last: 17929943 ns, Reaching safepoint: 278553 ns, At safepoint: 971812 ns, Total: 1250365 ns
[2020-09-11T16:04:42.385+0000][1][safepoint    ] Safepoint "RevokeBias", Time since last: 59331 ns, Reaching safepoint: 149667 ns, At safepoint: 160819 ns, Total: 310486 ns
[2020-09-11T16:04:42.622+0000][1][safepoint    ] Safepoint "RevokeBias", Time since last: 236703321 ns, Reaching safepoint: 225232 ns, At safepoint: 143617 ns, Total: 368849 ns
[2020-09-11T16:04:43.266+0000][1][safepoint    ] Safepoint "ICBufferFull", Time since last: 643194327 ns, Reaching safepoint: 277698 ns, At safepoint: 10289 ns, Total: 287987 ns
[2020-09-11T16:04:43.282+0000][1][safepoint    ] Safepoint "RevokeBias", Time since last: 16048590 ns, Reaching safepoint: 198492 ns, At safepoint: 21074 ns, Total: 219566 ns
[2020-09-11T16:04:43.634+0000][1][safepoint    ] Safepoint "RevokeBias", Time since last: 351261393 ns, Reaching safepoint: 120736 ns, At safepoint: 142669 ns, Total: 263405 ns
[2020-09-11T16:04:43.668+0000][1][gc,start     ] GC(141) Pause Young (Allocation Failure)
[2020-09-11T16:04:43.668+0000][1][gc,task      ] GC(141) Using 1 workers of 1 for evacuation
[2020-09-11T16:04:43.678+0000][1][gc,age       ] GC(141) Desired survivor size 4358144 bytes, new threshold 6 (max threshold 6)
[2020-09-11T16:04:43.678+0000][1][gc,age       ] GC(141) Age table with threshold 6 (max threshold 6)
[2020-09-11T16:04:43.678+0000][1][gc,age       ] GC(141) - age   1:    2438392 bytes,    2438392 total
[2020-09-11T16:04:43.678+0000][1][gc,age       ] GC(141) - age   2:     196488 bytes,    2634880 total
[2020-09-11T16:04:43.678+0000][1][gc,heap      ] GC(141) ParNew: 70670K->3066K(76672K)
[2020-09-11T16:04:43.678+0000][1][gc,heap      ] GC(141) CMS: 95659K->95659K(439104K)
[2020-09-11T16:04:43.678+0000][1][gc,metaspace ] GC(141) Metaspace: 94153K->94153K(1136640K)
[2020-09-11T16:04:43.678+0000][1][gc           ] GC(141) Pause Young (Allocation Failure) 162M->96M(503M) 10.029ms
[2020-09-11T16:04:43.678+0000][1][gc,cpu       ] GC(141) User=0.01s Sys=0.00s Real=0.01s
[2020-09-11T16:04:43.695+0000][1][safepoint    ] Safepoint "GenCollectForAllocation", Time since last: 34536998 ns, Reaching safepoint: 212058 ns, At safepoint: 26411840 ns, Total: 26623898 ns
[2020-09-11T16:04:43.697+0000][1][safepoint    ] Safepoint "RevokeBias", Time since last: 54159 ns, Reaching safepoint: 239468 ns, At safepoint: 1949908 ns, Total: 2189376 ns
[2020-09-11T16:04:43.725+0000][1][safepoint    ] Safepoint "RevokeBias", Time since last: 27864038 ns, Reaching safepoint: 192058 ns, At safepoint: 175014 ns, Total: 367072 ns
[2020-09-11T16:04:43.726+0000][1][safepoint    ] Safepoint "BulkRevokeBias", Time since last: 111658 ns, Reaching safepoint: 120115 ns, At safepoint: 402088 ns, Total: 522203 ns
[2020-09-11T16:04:43.733+0000][1][safepoint    ] Safepoint "RevokeBias", Time since last: 7094646 ns, Reaching safepoint: 187316 ns, At safepoint: 145164 ns, Total: 332480 ns
[2020-09-11T16:04:43.733+0000][1][safepoint    ] Safepoint "RevokeBias", Time since last: 48239 ns, Reaching safepoint: 113957 ns, At safepoint: 100536 ns, Total: 214493 ns
[2020-09-11T16:04:43.763+0000][1][safepoint    ] Safepoint "RevokeBias", Time since last: 29044646 ns, Reaching safepoint: 186810 ns, At safepoint: 146169 ns, Total: 332979 ns
[2020-09-11T16:04:43.783+0000][1][safepoint    ] Safepoint "RevokeBias", Time since last: 19721086 ns, Reaching safepoint: 196054 ns, At safepoint: 11432 ns, Total: 207486 ns
[2020-09-11T16:04:43.814+0000][1][safepoint    ] Safepoint "RevokeBias", Time since last: 30888571 ns, Reaching safepoint: 295180 ns, At safepoint: 21377 ns, Total: 316557 ns
[2020-09-11T16:04:43.814+0000][1][safepoint    ] Safepoint "RevokeBias", Time since last: 123556 ns, Reaching safepoint: 116715 ns, At safepoint: 12720 ns, Total: 129435 ns
[2020-09-11T16:04:44.025+0000][1][safepoint    ] Safepoint "RevokeBias", Time since last: 209655871 ns, Reaching safepoint: 1070346 ns, At safepoint: 215857 ns, Total: 1286203 ns
[2020-09-11T16:04:44.110+0000][1][gc,start     ] GC(142) Pause Young (Allocation Failure)
[2020-09-11T16:04:44.110+0000][1][gc,task      ] GC(142) Using 1 workers of 1 for evacuation
[2020-09-11T16:04:44.137+0000][1][gc,age       ] GC(142) Desired survivor size 4358144 bytes, new threshold 1 (max threshold 6)
[2020-09-11T16:04:44.137+0000][1][gc,age       ] GC(142) Age table with threshold 1 (max threshold 6)
[2020-09-11T16:04:44.137+0000][1][gc,age       ] GC(142) - age   1:    4386432 bytes,    4386432 total
[2020-09-11T16:04:44.137+0000][1][gc,age       ] GC(142) - age   2:    2336864 bytes,    6723296 total
[2020-09-11T16:04:44.137+0000][1][gc,age       ] GC(142) - age   3:     196296 bytes,    6919592 total
[2020-09-11T16:04:44.137+0000][1][gc,heap      ] GC(142) ParNew: 71226K->8486K(76672K)
[2020-09-11T16:04:44.137+0000][1][gc,heap      ] GC(142) CMS: 95659K->95659K(439104K)
[2020-09-11T16:04:44.137+0000][1][gc,metaspace ] GC(142) Metaspace: 94160K->94160K(1136640K)
[2020-09-11T16:04:44.137+0000][1][gc           ] GC(142) Pause Young (Allocation Failure) 162M->101M(503M) 27.332ms
[2020-09-11T16:04:44.137+0000][1][gc,cpu       ] GC(142) User=0.01s Sys=0.00s Real=0.03s
[2020-09-11T16:04:44.161+0000][1][safepoint    ] Safepoint "GenCollectForAllocation", Time since last: 83286658 ns, Reaching safepoint: 1191280 ns, At safepoint: 51169281 ns, Total: 52360561 ns
[2020-09-11T16:04:44.197+0000][1][safepoint    ] Safepoint "RevokeBias", Time since last: 35984909 ns, Reaching safepoint: 210170 ns, At safepoint: 27862 ns, Total: 238032 ns
[2020-09-11T16:04:44.197+0000][1][safepoint    ] Safepoint "RevokeBias", Time since last: 126977 ns, Reaching safepoint: 121603 ns, At safepoint: 15389 ns, Total: 136992 ns
[2020-09-11T16:04:44.198+0000][1][safepoint    ] Safepoint "RevokeBias", Time since last: 167658 ns, Reaching safepoint: 121885 ns, At safepoint: 13535 ns, Total: 135420 ns
[2020-09-11T16:04:44.889+0000][1][safepoint    ] Safepoint "RevokeBias", Time since last: 691194592 ns, Reaching safepoint: 419629 ns, At safepoint: 185012 ns, Total: 604641 ns
[2020-09-11T16:04:45.059+0000][1][safepoint    ] Safepoint "RevokeBias", Time since last: 169123112 ns, Reaching safepoint: 198993 ns, At safepoint: 183302 ns, Total: 382295 ns
[2020-09-11T16:04:45.063+0000][1][safepoint    ] Safepoint "RevokeBias", Time since last: 4110675 ns, Reaching safepoint: 200201 ns, At safepoint: 194044 ns, Total: 394245 ns
[2020-09-11T16:04:45.194+0000][1][safepoint    ] Safepoint "BulkRevokeBias", Time since last: 124321786 ns, Reaching safepoint: 200566 ns, At safepoint: 5634144 ns, Total: 5834710 ns
[2020-09-11T16:04:45.761+0000][1][gc,start     ] GC(143) Pause Young (Allocation Failure)
[2020-09-11T16:04:45.761+0000][1][gc,task      ] GC(143) Using 1 workers of 1 for evacuation
[2020-09-11T16:04:45.801+0000][1][gc,age       ] GC(143) Desired survivor size 4358144 bytes, new threshold 6 (max threshold 6)
[2020-09-11T16:04:45.801+0000][1][gc,age       ] GC(143) Age table with threshold 6 (max threshold 6)
[2020-09-11T16:04:45.801+0000][1][gc,age       ] GC(143) - age   1:    3080720 bytes,    3080720 total
[2020-09-11T16:04:45.801+0000][1][gc,heap      ] GC(143) ParNew: 76646K->5598K(76672K)
[2020-09-11T16:04:45.801+0000][1][gc,heap      ] GC(143) CMS: 95659K->99620K(439104K)
[2020-09-11T16:04:45.801+0000][1][gc,metaspace ] GC(143) Metaspace: 94162K->94162K(1136640K)
[2020-09-11T16:04:45.801+0000][1][gc           ] GC(143) Pause Young (Allocation Failure) 168M->102M(503M) 39.727ms
[2020-09-11T16:04:45.801+0000][1][gc,cpu       ] GC(143) User=0.01s Sys=0.00s Real=0.03s
[2020-09-11T16:04:45.839+0000][1][safepoint    ] Safepoint "GenCollectForAllocation", Time since last: 555280156 ns, Reaching safepoint: 12046275 ns, At safepoint: 77735788 ns, Total: 89782063 ns
[2020-09-11T16:04:46.266+0000][1][safepoint    ] Safepoint "RevokeBias", Time since last: 426713562 ns, Reaching safepoint: 184854 ns, At safepoint: 137627 ns, Total: 322481 ns
[2020-09-11T16:04:46.383+0000][1][safepoint    ] Safepoint "RevokeBias", Time since last: 100664603 ns, Reaching safepoint: 16720840 ns, At safepoint: 33234 ns, Total: 16754074 ns
[2020-09-11T16:04:46.575+0000][1][safepoint    ] Safepoint "RevokeBias", Time since last: 184466650 ns, Reaching safepoint: 1149678 ns, At safepoint: 6328602 ns, Total: 7478280 ns
[2020-09-11T16:04:46.575+0000][1][safepoint    ] Safepoint "RevokeBias", Time since last: 105666 ns, Reaching safepoint: 182960 ns, At safepoint: 152465 ns, Total: 335425 ns
[2020-09-11T16:04:46.645+0000][1][gc,start     ] GC(144) Pause Young (Allocation Failure)
[2020-09-11T16:04:46.645+0000][1][gc,task      ] GC(144) Using 1 workers of 1 for evacuation
[2020-09-11T16:04:46.663+0000][1][gc,age       ] GC(144) Desired survivor size 4358144 bytes, new threshold 6 (max threshold 6)
[2020-09-11T16:04:46.663+0000][1][gc,age       ] GC(144) Age table with threshold 6 (max threshold 6)
[2020-09-11T16:04:46.663+0000][1][gc,age       ] GC(144) - age   1:    3522856 bytes,    3522856 total
[2020-09-11T16:04:46.663+0000][1][gc,age       ] GC(144) - age   2:     511240 bytes,    4034096 total
[2020-09-11T16:04:46.663+0000][1][gc,heap      ] GC(144) ParNew: 73758K->5055K(76672K)
[2020-09-11T16:04:46.663+0000][1][gc,heap      ] GC(144) CMS: 99620K->99620K(439104K)
[2020-09-11T16:04:46.663+0000][1][gc,metaspace ] GC(144) Metaspace: 94189K->94189K(1136640K)
[2020-09-11T16:04:46.663+0000][1][gc           ] GC(144) Pause Young (Allocation Failure) 169M->102M(503M) 18.416ms
[2020-09-11T16:04:46.663+0000][1][gc,cpu       ] GC(144) User=0.01s Sys=0.00s Real=0.02s
[2020-09-11T16:04:46.685+0000][1][safepoint    ] Safepoint "GenCollectForAllocation", Time since last: 69311307 ns, Reaching safepoint: 192230 ns, At safepoint: 39832289 ns, Total: 40024519 ns
[2020-09-11T16:04:46.703+0000][1][safepoint    ] Safepoint "RevokeBias", Time since last: 17045920 ns, Reaching safepoint: 1148196 ns, At safepoint: 204892 ns, Total: 1353088 ns
[2020-09-11T16:04:47.060+0000][1][safepoint    ] Safepoint "RevokeBias", Time since last: 356363415 ns, Reaching safepoint: 102135 ns, At safepoint: 20544 ns, Total: 122679 ns
[2020-09-11T16:04:47.060+0000][1][safepoint    ] Safepoint "RevokeBias", Time since last: 53432 ns, Reaching safepoint: 40727 ns, At safepoint: 11980 ns, Total: 52707 ns
[2020-09-11T16:04:47.067+0000][1][safepoint    ] Safepoint "RevokeBias", Time since last: 6665351 ns, Reaching safepoint: 259295 ns, At safepoint: 23308 ns, Total: 282603 ns
[2020-09-11T16:04:47.186+0000][1][safepoint    ] Safepoint "RevokeBias", Time since last: 118684109 ns, Reaching safepoint: 80700 ns, At safepoint: 20207 ns, Total: 100907 ns
[2020-09-11T16:04:47.417+0000][1][safepoint    ] Safepoint "RevokeBias", Time since last: 231342929 ns, Reaching safepoint: 95761 ns, At safepoint: 17090 ns, Total: 112851 ns
[2020-09-11T16:04:47.438+0000][1][safepoint    ] Safepoint "RevokeBias", Time since last: 20622229 ns, Reaching safepoint: 69125 ns, At safepoint: 16606 ns, Total: 85731 ns
[2020-09-11T16:04:47.603+0000][1][safepoint    ] Safepoint "RevokeBias", Time since last: 165259118 ns, Reaching safepoint: 77443 ns, At safepoint: 19884 ns, Total: 97327 ns
[2020-09-11T16:04:47.719+0000][1][safepoint    ] Safepoint "RevokeBias", Time since last: 116157794 ns, Reaching safepoint: 66607 ns, At safepoint: 19732 ns, Total: 86339 ns
[2020-09-11T16:04:47.867+0000][1][safepoint    ] Safepoint "RevokeBias", Time since last: 147058770 ns, Reaching safepoint: 156913 ns, At safepoint: 22959 ns, Total: 179872 ns
[2020-09-11T16:04:47.867+0000][1][safepoint    ] Safepoint "RevokeBias", Time since last: 60621 ns, Reaching safepoint: 99060 ns, At safepoint: 13543 ns, Total: 112603 ns
[2020-09-11T16:04:47.978+0000][1][safepoint    ] Safepoint "RevokeBias", Time since last: 110884581 ns, Reaching safepoint: 143176 ns, At safepoint: 23135 ns, Total: 166311 ns
[2020-09-11T16:04:48.505+0000][1][gc,start     ] GC(145) Pause Young (Allocation Failure)
[2020-09-11T16:04:48.506+0000][1][gc,task      ] GC(145) Using 1 workers of 1 for evacuation
[2020-09-11T16:04:48.539+0000][1][gc,age       ] GC(145) Desired survivor size 4358144 bytes, new threshold 6 (max threshold 6)
[2020-09-11T16:04:48.539+0000][1][gc,age       ] GC(145) Age table with threshold 6 (max threshold 6)
[2020-09-11T16:04:48.539+0000][1][gc,age       ] GC(145) - age   1:     274856 bytes,     274856 total
[2020-09-11T16:04:48.539+0000][1][gc,age       ] GC(145) - age   2:     252920 bytes,     527776 total
[2020-09-11T16:04:48.539+0000][1][gc,age       ] GC(145) - age   3:     101920 bytes,     629696 total
[2020-09-11T16:04:48.539+0000][1][gc,heap      ] GC(145) ParNew: 73215K->3586K(76672K)
[2020-09-11T16:04:48.539+0000][1][gc,heap      ] GC(145) CMS: 99620K->99620K(439104K)
[2020-09-11T16:04:48.539+0000][1][gc,metaspace ] GC(145) Metaspace: 94221K->94221K(1136640K)
[2020-09-11T16:04:48.539+0000][1][gc           ] GC(145) Pause Young (Allocation Failure) 168M->100M(503M) 33.486ms
[2020-09-11T16:04:48.539+0000][1][gc,cpu       ] GC(145) User=0.01s Sys=0.00s Real=0.03s
[2020-09-11T16:04:48.545+0000][1][safepoint    ] Safepoint "GenCollectForAllocation", Time since last: 527562769 ns, Reaching safepoint: 160963 ns, At safepoint: 39330910 ns, Total: 39491873 ns
[2020-09-11T16:04:48.586+0000][1][safepoint    ] Safepoint "RevokeBias", Time since last: 41520436 ns, Reaching safepoint: 141164 ns, At safepoint: 20451 ns, Total: 161615 ns
[2020-09-11T16:04:49.569+0000][1][safepoint    ] Safepoint "RevokeBias", Time since last: 980889863 ns, Reaching safepoint: 1481995 ns, At safepoint: 25781 ns, Total: 1507776 ns
[2020-09-11T16:04:49.572+0000][1][safepoint    ] Safepoint "BulkRevokeBias", Time since last: 260470 ns, Reaching safepoint: 2391986 ns, At safepoint: 229641 ns, Total: 2621627 ns
[2020-09-11T16:04:49.589+0000][1][safepoint    ] Safepoint "RevokeBias", Time since last: 17247025 ns, Reaching safepoint: 159659 ns, At safepoint: 33067 ns, Total: 192726 ns
[2020-09-11T16:04:49.589+0000][1][safepoint    ] Safepoint "RevokeBias", Time since last: 82843 ns, Reaching safepoint: 31656 ns, At safepoint: 11989 ns, Total: 43645 ns
[2020-09-11T16:04:49.935+0000][1][safepoint    ] Safepoint "RevokeBias", Time since last: 345711099 ns, Reaching safepoint: 93648 ns, At safepoint: 20267 ns, Total: 113915 ns
[2020-09-11T16:04:49.935+0000][1][safepoint    ] Safepoint "RevokeBias", Time since last: 220953 ns, Reaching safepoint: 35169 ns, At safepoint: 12830 ns, Total: 47999 ns
[2020-09-11T16:04:49.936+0000][1][safepoint    ] Safepoint "RevokeBias", Time since last: 41298 ns, Reaching safepoint: 28728 ns, At safepoint: 10923 ns, Total: 39651 ns
[2020-09-11T16:04:49.936+0000][1][safepoint    ] Safepoint "RevokeBias", Time since last: 74129 ns, Reaching safepoint: 29611 ns, At safepoint: 10929 ns, Total: 40540 ns
[2020-09-11T16:04:49.936+0000][1][safepoint    ] Safepoint "RevokeBias", Time since last: 209826 ns, Reaching safepoint: 34020 ns, At safepoint: 11270 ns, Total: 45290 ns
[2020-09-11T16:04:49.936+0000][1][safepoint    ] Safepoint "RevokeBias", Time since last: 256218 ns, Reaching safepoint: 32116 ns, At safepoint: 11376 ns, Total: 43492 ns
[2020-09-11T16:04:49.982+0000][1][safepoint    ] Safepoint "RevokeBias", Time since last: 45453963 ns, Reaching safepoint: 158033 ns, At safepoint: 21320 ns, Total: 179353 ns
[2020-09-11T16:04:49.982+0000][1][safepoint    ] Safepoint "RevokeBias", Time since last: 55530 ns, Reaching safepoint: 105986 ns, At safepoint: 12545 ns, Total: 118531 ns
[2020-09-11T16:04:50.019+0000][1][safepoint    ] Safepoint "RevokeBias", Time since last: 36608801 ns, Reaching safepoint: 151937 ns, At safepoint: 21528 ns, Total: 173465 ns
[2020-09-11T16:04:50.019+0000][1][safepoint    ] Safepoint "RevokeBias", Time since last: 97804 ns, Reaching safepoint: 101846 ns, At safepoint: 13445 ns, Total: 115291 ns
[2020-09-11T16:04:50.054+0000][1][safepoint    ] Safepoint "RevokeBias", Time since last: 34479537 ns, Reaching safepoint: 150024 ns, At safepoint: 20800 ns, Total: 170824 ns
[2020-09-11T16:04:50.074+0000][1][safepoint    ] Safepoint "RevokeBias", Time since last: 20057270 ns, Reaching safepoint: 150043 ns, At safepoint: 21172 ns, Total: 171215 ns
[2020-09-11T16:04:50.094+0000][1][safepoint    ] Safepoint "RevokeBias", Time since last: 19775368 ns, Reaching safepoint: 87804 ns, At safepoint: 22277 ns, Total: 110081 ns
[2020-09-11T16:04:50.197+0000][1][safepoint    ] Safepoint "RevokeBias", Time since last: 102899549 ns, Reaching safepoint: 218523 ns, At safepoint: 20935 ns, Total: 239458 ns
[2020-09-11T16:04:50.221+0000][1][safepoint    ] Safepoint "RevokeBias", Time since last: 24246205 ns, Reaching safepoint: 260906 ns, At safepoint: 22220 ns, Total: 283126 ns
[2020-09-11T16:04:50.222+0000][1][safepoint    ] Safepoint "RevokeBias", Time since last: 141532 ns, Reaching safepoint: 113371 ns, At safepoint: 14628 ns, Total: 127999 ns
[2020-09-11T16:04:51.001+0000][1][safepoint    ] Safepoint "RevokeBias", Time since last: 775637040 ns, Reaching safepoint: 3564333 ns, At safepoint: 183678 ns, Total: 3748011 ns
[2020-09-11T16:04:51.009+0000][1][gc,start     ] GC(146) Pause Young (Allocation Failure)
[2020-09-11T16:04:51.009+0000][1][gc,task      ] GC(146) Using 1 workers of 1 for evacuation
[2020-09-11T16:04:51.031+0000][1][gc,age       ] GC(146) Desired survivor size 4358144 bytes, new threshold 2 (max threshold 6)
[2020-09-11T16:04:51.032+0000][1][gc,age       ] GC(146) Age table with threshold 2 (max threshold 6)
[2020-09-11T16:04:51.032+0000][1][gc,age       ] GC(146) - age   1:    4287816 bytes,    4287816 total
[2020-09-11T16:04:51.032+0000][1][gc,age       ] GC(146) - age   2:     250136 bytes,    4537952 total
[2020-09-11T16:04:51.032+0000][1][gc,age       ] GC(146) - age   3:     248696 bytes,    4786648 total
[2020-09-11T16:04:51.032+0000][1][gc,age       ] GC(146) - age   4:     101264 bytes,    4887912 total
[2020-09-11T16:04:51.032+0000][1][gc,heap      ] GC(146) ParNew: 71393K->5059K(76672K)
[2020-09-11T16:04:51.032+0000][1][gc,heap      ] GC(146) CMS: 99620K->99620K(439104K)
[2020-09-11T16:04:51.032+0000][1][gc,metaspace ] GC(146) Metaspace: 94262K->94262K(1136640K)
[2020-09-11T16:04:51.032+0000][1][gc           ] GC(146) Pause Young (Allocation Failure) 167M->102M(503M) 22.692ms
[2020-09-11T16:04:51.032+0000][1][gc,cpu       ] GC(146) User=0.01s Sys=0.00s Real=0.02s
[2020-09-11T16:04:51.075+0000][1][safepoint    ] Safepoint "GenCollectForAllocation", Time since last: 5600292 ns, Reaching safepoint: 2237646 ns, At safepoint: 65905882 ns, Total: 68143528 ns
[2020-09-11T16:04:51.258+0000][1][safepoint    ] Safepoint "RevokeBias", Time since last: 170030192 ns, Reaching safepoint: 13408251 ns, At safepoint: 197654 ns, Total: 13605905 ns
[2020-09-11T16:04:51.259+0000][1][safepoint    ] Safepoint "RevokeBias", Time since last: 93802 ns, Reaching safepoint: 121174 ns, At safepoint: 141544 ns, Total: 262718 ns
[2020-09-11T16:04:51.403+0000][1][safepoint    ] Safepoint "RevokeBias", Time since last: 142643201 ns, Reaching safepoint: 871782 ns, At safepoint: 188822 ns, Total: 1060604 ns
[2020-09-11T16:04:51.938+0000][1][safepoint    ] Safepoint "RevokeBias", Time since last: 535234837 ns, Reaching safepoint: 190136 ns, At safepoint: 29195 ns, Total: 219331 ns
[2020-09-11T16:04:51.961+0000][1][safepoint    ] Safepoint "RevokeBias", Time since last: 21560752 ns, Reaching safepoint: 1348886 ns, At safepoint: 25485 ns, Total: 1374371 ns
[2020-09-11T16:04:51.962+0000][1][safepoint    ] Safepoint "RevokeBias", Time since last: 95897 ns, Reaching safepoint: 643095 ns, At safepoint: 16384 ns, Total: 659479 ns
[2020-09-11T16:04:51.962+0000][1][safepoint    ] Safepoint "RevokeBias", Time since last: 48484 ns, Reaching safepoint: 174363 ns, At safepoint: 14563 ns, Total: 188926 ns
[2020-09-11T16:04:51.965+0000][1][safepoint    ] Safepoint "RevokeBias", Time since last: 47790 ns, Reaching safepoint: 2896744 ns, At safepoint: 31507 ns, Total: 2928251 ns
[2020-09-11T16:04:52.005+0000][1][gc,start     ] GC(147) Pause Young (Allocation Failure)
[2020-09-11T16:04:52.005+0000][1][gc,task      ] GC(147) Using 1 workers of 1 for evacuation
[2020-09-11T16:04:52.028+0000][1][gc,age       ] GC(147) Desired survivor size 4358144 bytes, new threshold 2 (max threshold 6)
[2020-09-11T16:04:52.028+0000][1][gc,age       ] GC(147) Age table with threshold 2 (max threshold 6)
[2020-09-11T16:04:52.028+0000][1][gc,age       ] GC(147) - age   1:    3295312 bytes,    3295312 total
[2020-09-11T16:04:52.028+0000][1][gc,age       ] GC(147) - age   2:    1453480 bytes,    4748792 total
[2020-09-11T16:04:52.028+0000][1][gc,heap      ] GC(147) ParNew: 73219K->7666K(76672K)
[2020-09-11T16:04:52.028+0000][1][gc,heap      ] GC(147) CMS: 99620K->100217K(439104K)
[2020-09-11T16:04:52.028+0000][1][gc,metaspace ] GC(147) Metaspace: 94262K->94262K(1136640K)
[2020-09-11T16:04:52.028+0000][1][gc           ] GC(147) Pause Young (Allocation Failure) 168M->105M(503M) 23.307ms
[2020-09-11T16:04:52.028+0000][1][gc,cpu       ] GC(147) User=0.01s Sys=0.00s Real=0.02s
[2020-09-11T16:04:52.067+0000][1][safepoint    ] Safepoint "GenCollectForAllocation", Time since last: 39922420 ns, Reaching safepoint: 202102 ns, At safepoint: 62483303 ns, Total: 62685405 ns
[2020-09-11T16:04:52.214+0000][1][safepoint    ] Safepoint "RevokeBias", Time since last: 146032242 ns, Reaching safepoint: 172073 ns, At safepoint: 22201 ns, Total: 194274 ns
[2020-09-11T16:04:52.241+0000][1][safepoint    ] Safepoint "RevokeBias", Time since last: 27440633 ns, Reaching safepoint: 211730 ns, At safepoint: 23541 ns, Total: 235271 ns
[2020-09-11T16:04:52.327+0000][1][safepoint    ] Safepoint "RevokeBias", Time since last: 85775028 ns, Reaching safepoint: 183652 ns, At safepoint: 21015 ns, Total: 204667 ns
[2020-09-11T16:04:52.445+0000][1][safepoint    ] Safepoint "RevokeBias", Time since last: 116925193 ns, Reaching safepoint: 115934 ns, At safepoint: 148768 ns, Total: 264702 ns
[2020-09-11T16:04:52.485+0000][1][safepoint    ] Safepoint "RevokeBias", Time since last: 25183411 ns, Reaching safepoint: 15163597 ns, At safepoint: 31638 ns, Total: 15195235 ns
[2020-09-11T16:04:52.765+0000][1][safepoint    ] Safepoint "RevokeBias", Time since last: 279862476 ns, Reaching safepoint: 268107 ns, At safepoint: 183085 ns, Total: 451192 ns
[2020-09-11T16:04:52.766+0000][1][safepoint    ] Safepoint "RevokeBias", Time since last: 95203 ns, Reaching safepoint: 123920 ns, At safepoint: 140514 ns, Total: 264434 ns
[2020-09-11T16:04:53.377+0000][1][safepoint    ] Safepoint "RevokeBias", Time since last: 608298463 ns, Reaching safepoint: 3029003 ns, At safepoint: 27838 ns, Total: 3056841 ns
[2020-09-11T16:04:53.429+0000][1][safepoint    ] Safepoint "RevokeBias", Time since last: 51931015 ns, Reaching safepoint: 186214 ns, At safepoint: 181490 ns, Total: 367704 ns
[2020-09-11T16:04:53.494+0000][1][safepoint    ] Safepoint "RevokeBias", Time since last: 64100103 ns, Reaching safepoint: 197349 ns, At safepoint: 178911 ns, Total: 376260 ns
[2020-09-11T16:04:53.500+0000][1][gc,start     ] GC(148) Pause Young (Allocation Failure)
[2020-09-11T16:04:53.500+0000][1][gc,task      ] GC(148) Using 1 workers of 1 for evacuation
[2020-09-11T16:04:53.546+0000][1][gc,age       ] GC(148) Desired survivor size 4358144 bytes, new threshold 6 (max threshold 6)
[2020-09-11T16:04:53.546+0000][1][gc,age       ] GC(148) Age table with threshold 6 (max threshold 6)
[2020-09-11T16:04:53.546+0000][1][gc,age       ] GC(148) - age   1:    2870584 bytes,    2870584 total
[2020-09-11T16:04:53.546+0000][1][gc,age       ] GC(148) - age   2:     102720 bytes,    2973304 total
[2020-09-11T16:04:53.546+0000][1][gc,heap      ] GC(148) ParNew: 75826K->4436K(76672K)
[2020-09-11T16:04:53.546+0000][1][gc,heap      ] GC(148) CMS: 100217K->100346K(439104K)
[2020-09-11T16:04:53.546+0000][1][gc,metaspace ] GC(148) Metaspace: 94287K->94287K(1136640K)
[2020-09-11T16:04:53.546+0000][1][gc           ] GC(148) Pause Young (Allocation Failure) 171M->102M(503M) 46.867ms
[2020-09-11T16:04:53.546+0000][1][gc,cpu       ] GC(148) User=0.02s Sys=0.00s Real=0.05s
[2020-09-11T16:04:53.549+0000][1][safepoint    ] Safepoint "GenCollectForAllocation", Time since last: 5654492 ns, Reaching safepoint: 176015 ns, At safepoint: 49246353 ns, Total: 49422368 ns
[2020-09-11T16:04:53.630+0000][1][safepoint    ] Safepoint "RevokeBias", Time since last: 80852864 ns, Reaching safepoint: 193468 ns, At safepoint: 190196 ns, Total: 383664 ns
[2020-09-11T16:04:53.633+0000][1][safepoint    ] Safepoint "RevokeBias", Time since last: 61329 ns, Reaching safepoint: 2767952 ns, At safepoint: 199416 ns, Total: 2967368 ns
[2020-09-11T16:04:53.661+0000][1][safepoint    ] Safepoint "RevokeBias", Time since last: 27729393 ns, Reaching safepoint: 203265 ns, At safepoint: 56804 ns, Total: 260069 ns
[2020-09-11T16:04:53.750+0000][1][safepoint    ] Safepoint "RevokeBias", Time since last: 88122631 ns, Reaching safepoint: 717534 ns, At safepoint: 24150 ns, Total: 741684 ns
[2020-09-11T16:04:53.751+0000][1][safepoint    ] Safepoint "RevokeBias", Time since last: 109112 ns, Reaching safepoint: 1012645 ns, At safepoint: 187216 ns, Total: 1199861 ns
[2020-09-11T16:04:53.777+0000][1][safepoint    ] Safepoint "RevokeBias", Time since last: 25382318 ns, Reaching safepoint: 224082 ns, At safepoint: 26833 ns, Total: 250915 ns
[2020-09-11T16:04:53.792+0000][1][safepoint    ] Safepoint "RevokeBias", Time since last: 15223057 ns, Reaching safepoint: 264392 ns, At safepoint: 24910 ns, Total: 289302 ns
[2020-09-11T16:04:53.793+0000][1][safepoint    ] Safepoint "RevokeBias", Time since last: 178756 ns, Reaching safepoint: 250109 ns, At safepoint: 14873 ns, Total: 264982 ns
[2020-09-11T16:04:54.209+0000][1][safepoint    ] Safepoint "RevokeBias", Time since last: 416340750 ns, Reaching safepoint: 165241 ns, At safepoint: 33668 ns, Total: 198909 ns
[2020-09-11T16:04:54.217+0000][1][safepoint    ] Safepoint "RevokeBias", Time since last: 7428718 ns, Reaching safepoint: 191671 ns, At safepoint: 23951 ns, Total: 215622 ns
[2020-09-11T16:04:54.265+0000][1][safepoint    ] Safepoint "RevokeBias", Time since last: 48203969 ns, Reaching safepoint: 94032 ns, At safepoint: 21672 ns, Total: 115704 ns
[2020-09-11T16:04:54.266+0000][1][safepoint    ] Safepoint "RevokeBias", Time since last: 125012 ns, Reaching safepoint: 30823 ns, At safepoint: 12295 ns, Total: 43118 ns
[2020-09-11T16:04:54.270+0000][1][safepoint    ] Safepoint "RevokeBias", Time since last: 4655922 ns, Reaching safepoint: 79310 ns, At safepoint: 23702 ns, Total: 103012 ns
[2020-09-11T16:04:54.290+0000][1][safepoint    ] Safepoint "RevokeBias", Time since last: 19461859 ns, Reaching safepoint: 74336 ns, At safepoint: 20657 ns, Total: 94993 ns
[2020-09-11T16:04:54.798+0000][1][safepoint    ] Safepoint "RevokeBias", Time since last: 507819816 ns, Reaching safepoint: 71768 ns, At safepoint: 20167 ns, Total: 91935 ns
[2020-09-11T16:04:54.809+0000][1][gc,start     ] GC(149) Pause Young (Allocation Failure)
[2020-09-11T16:04:54.809+0000][1][gc,task      ] GC(149) Using 1 workers of 1 for evacuation
[2020-09-11T16:04:54.834+0000][1][gc,age       ] GC(149) Desired survivor size 4358144 bytes, new threshold 6 (max threshold 6)
[2020-09-11T16:04:54.834+0000][1][gc,age       ] GC(149) Age table with threshold 6 (max threshold 6)
[2020-09-11T16:04:54.834+0000][1][gc,age       ] GC(149) - age   1:    1856088 bytes,    1856088 total
[2020-09-11T16:04:54.834+0000][1][gc,age       ] GC(149) - age   2:     164272 bytes,    2020360 total
[2020-09-11T16:04:54.834+0000][1][gc,age       ] GC(149) - age   3:     100848 bytes,    2121208 total
[2020-09-11T16:04:54.834+0000][1][gc,heap      ] GC(149) ParNew: 72575K->3286K(76672K)
[2020-09-11T16:04:54.834+0000][1][gc,heap      ] GC(149) CMS: 100346K->100346K(439104K)
[2020-09-11T16:04:54.834+0000][1][gc,metaspace ] GC(149) Metaspace: 94297K->94297K(1136640K)
[2020-09-11T16:04:54.834+0000][1][gc           ] GC(149) Pause Young (Allocation Failure) 168M->101M(503M) 25.224ms
[2020-09-11T16:04:54.834+0000][1][gc,cpu       ] GC(149) User=0.01s Sys=0.00s Real=0.03s
[2020-09-11T16:04:54.847+0000][1][safepoint    ] Safepoint "GenCollectForAllocation", Time since last: 11068127 ns, Reaching safepoint: 153394 ns, At safepoint: 38459506 ns, Total: 38612900 ns
[2020-09-11T16:04:54.888+0000][1][safepoint    ] Safepoint "RevokeBias", Time since last: 40372439 ns, Reaching safepoint: 146736 ns, At safepoint: 22807 ns, Total: 169543 ns
[2020-09-11T16:04:54.888+0000][1][safepoint    ] Safepoint "RevokeBias", Time since last: 64598 ns, Reaching safepoint: 100882 ns, At safepoint: 12962 ns, Total: 113844 ns
[2020-09-11T16:04:55.009+0000][1][safepoint    ] Safepoint "RevokeBias", Time since last: 120817029 ns, Reaching safepoint: 148827 ns, At safepoint: 24479 ns, Total: 173306 ns
[2020-09-11T16:04:55.529+0000][1][safepoint    ] Safepoint "RevokeBias", Time since last: 508209863 ns, Reaching safepoint: 11592243 ns, At safepoint: 203916 ns, Total: 11796159 ns
[2020-09-11T16:04:55.609+0000][1][gc,start     ] GC(150) Pause Young (Allocation Failure)
[2020-09-11T16:04:55.609+0000][1][gc,task      ] GC(150) Using 1 workers of 1 for evacuation
[2020-09-11T16:04:55.658+0000][1][gc,age       ] GC(150) Desired survivor size 4358144 bytes, new threshold 1 (max threshold 6)
[2020-09-11T16:04:55.658+0000][1][gc,age       ] GC(150) Age table with threshold 1 (max threshold 6)
[2020-09-11T16:04:55.658+0000][1][gc,age       ] GC(150) - age   1:    6234296 bytes,    6234296 total
[2020-09-11T16:04:55.658+0000][1][gc,age       ] GC(150) - age   2:     102352 bytes,    6336648 total
[2020-09-11T16:04:55.658+0000][1][gc,age       ] GC(150) - age   3:     141864 bytes,    6478512 total
[2020-09-11T16:04:55.658+0000][1][gc,age       ] GC(150) - age   4:     100312 bytes,    6578824 total
[2020-09-11T16:04:55.658+0000][1][gc,heap      ] GC(150) ParNew: 71345K->7125K(76672K)
[2020-09-11T16:04:55.658+0000][1][gc,heap      ] GC(150) CMS: 100346K->100346K(439104K)
[2020-09-11T16:04:55.658+0000][1][gc,metaspace ] GC(150) Metaspace: 94312K->94312K(1136640K)
[2020-09-11T16:04:55.658+0000][1][gc           ] GC(150) Pause Young (Allocation Failure) 167M->104M(503M) 49.013ms
[2020-09-11T16:04:55.658+0000][1][gc,cpu       ] GC(150) User=0.01s Sys=0.00s Real=0.05s
[2020-09-11T16:04:55.705+0000][1][safepoint    ] Safepoint "GenCollectForAllocation", Time since last: 79663722 ns, Reaching safepoint: 209988 ns, At safepoint: 95810996 ns, Total: 96020984 ns
[2020-09-11T16:04:55.764+0000][1][safepoint    ] Safepoint "BulkRevokeBias", Time since last: 58085284 ns, Reaching safepoint: 197269 ns, At safepoint: 421426 ns, Total: 618695 ns
[2020-09-11T16:04:55.764+0000][1][safepoint    ] Safepoint "RevokeBias", Time since last: 72039 ns, Reaching safepoint: 124889 ns, At safepoint: 142478 ns, Total: 267367 ns
[2020-09-11T16:04:55.814+0000][1][safepoint    ] Safepoint "RevokeBias", Time since last: 40710525 ns, Reaching safepoint: 9410287 ns, At safepoint: 200051 ns, Total: 9610338 ns
[2020-09-11T16:04:55.942+0000][1][safepoint    ] Safepoint "RevokeBias", Time since last: 126693196 ns, Reaching safepoint: 676034 ns, At safepoint: 27266 ns, Total: 703300 ns
[2020-09-11T16:04:55.944+0000][1][safepoint    ] Safepoint "RevokeBias", Time since last: 1944746 ns, Reaching safepoint: 160586 ns, At safepoint: 178068 ns, Total: 338654 ns
[2020-09-11T16:04:56.975+0000][1][safepoint    ] Safepoint "Cleanup", Time since last: 1012055167 ns, Reaching safepoint: 19216445 ns, At safepoint: 16419 ns, Total: 19232864 ns
[2020-09-11T16:04:57.066+0000][1][safepoint    ] Safepoint "RevokeBias", Time since last: 78237400 ns, Reaching safepoint: 12576333 ns, At safepoint: 211924 ns, Total: 12788257 ns
[2020-09-11T16:04:57.082+0000][1][gc,start     ] GC(151) Pause Young (Allocation Failure)
[2020-09-11T16:04:57.082+0000][1][gc,task      ] GC(151) Using 1 workers of 1 for evacuation
[2020-09-11T16:04:57.148+0000][1][gc,age       ] GC(151) Desired survivor size 4358144 bytes, new threshold 6 (max threshold 6)
[2020-09-11T16:04:57.148+0000][1][gc,age       ] GC(151) Age table with threshold 6 (max threshold 6)
[2020-09-11T16:04:57.148+0000][1][gc,age       ] GC(151) - age   1:    3209072 bytes,    3209072 total
[2020-09-11T16:04:57.148+0000][1][gc,heap      ] GC(151) ParNew: 75285K->5412K(76672K)
[2020-09-11T16:04:57.148+0000][1][gc,heap      ] GC(151) CMS: 100346K->103435K(439104K)
[2020-09-11T16:04:57.148+0000][1][gc,metaspace ] GC(151) Metaspace: 94317K->94317K(1136640K)
[2020-09-11T16:04:57.148+0000][1][gc           ] GC(151) Pause Young (Allocation Failure) 171M->106M(503M) 65.943ms
[2020-09-11T16:04:57.148+0000][1][gc,cpu       ] GC(151) User=0.02s Sys=0.00s Real=0.06s
[2020-09-11T16:04:57.148+0000][1][safepoint    ] Safepoint "GenCollectForAllocation", Time since last: 15699168 ns, Reaching safepoint: 173614 ns, At safepoint: 66047104 ns, Total: 66220718 ns
[2020-09-11T16:04:57.197+0000][1][safepoint    ] Safepoint "RevokeBias", Time since last: 48247293 ns, Reaching safepoint: 485000 ns, At safepoint: 182744 ns, Total: 667744 ns
[2020-09-11T16:04:57.197+0000][1][safepoint    ] Safepoint "RevokeBias", Time since last: 64080 ns, Reaching safepoint: 114139 ns, At safepoint: 136847 ns, Total: 250986 ns
[2020-09-11T16:04:57.302+0000][1][safepoint    ] Safepoint "RevokeBias", Time since last: 103941875 ns, Reaching safepoint: 181661 ns, At safepoint: 187062 ns, Total: 368723 ns
[2020-09-11T16:04:58.302+0000][1][safepoint    ] Safepoint "Cleanup", Time since last: 1000117203 ns, Reaching safepoint: 91678 ns, At safepoint: 6184 ns, Total: 97862 ns
[2020-09-11T16:04:58.343+0000][1][safepoint    ] Safepoint "RevokeBias", Time since last: 40720905 ns, Reaching safepoint: 67920 ns, At safepoint: 22187 ns, Total: 90107 ns
[2020-09-11T16:04:58.427+0000][1][safepoint    ] Safepoint "RevokeBias", Time since last: 83279661 ns, Reaching safepoint: 762444 ns, At safepoint: 27470 ns, Total: 789914 ns
[2020-09-11T16:04:58.429+0000][1][safepoint    ] Safepoint "RevokeBias", Time since last: 66939 ns, Reaching safepoint: 2018735 ns, At safepoint: 19664 ns, Total: 2038399 ns
[2020-09-11T16:04:58.574+0000][1][safepoint    ] Safepoint "RevokeBias", Time since last: 145101625 ns, Reaching safepoint: 149373 ns, At safepoint: 23953 ns, Total: 173326 ns
[2020-09-11T16:04:59.383+0000][1][gc,start     ] GC(152) Pause Young (Allocation Failure)
[2020-09-11T16:04:59.383+0000][1][gc,task      ] GC(152) Using 1 workers of 1 for evacuation
[2020-09-11T16:04:59.424+0000][1][gc,age       ] GC(152) Desired survivor size 4358144 bytes, new threshold 6 (max threshold 6)
[2020-09-11T16:04:59.424+0000][1][gc,age       ] GC(152) Age table with threshold 6 (max threshold 6)
[2020-09-11T16:04:59.424+0000][1][gc,age       ] GC(152) - age   1:    3201352 bytes,    3201352 total
[2020-09-11T16:04:59.424+0000][1][gc,age       ] GC(152) - age   2:     607224 bytes,    3808576 total
[2020-09-11T16:04:59.424+0000][1][gc,heap      ] GC(152) ParNew: 73572K->6080K(76672K)
[2020-09-11T16:04:59.424+0000][1][gc,heap      ] GC(152) CMS: 103435K->103435K(439104K)
[2020-09-11T16:04:59.424+0000][1][gc,metaspace ] GC(152) Metaspace: 94324K->94324K(1136640K)
[2020-09-11T16:04:59.424+0000][1][gc           ] GC(152) Pause Young (Allocation Failure) 172M->106M(503M) 40.931ms
[2020-09-11T16:04:59.424+0000][1][gc,cpu       ] GC(152) User=0.01s Sys=0.00s Real=0.04s
[2020-09-11T16:04:59.424+0000][1][safepoint    ] Safepoint "GenCollectForAllocation", Time since last: 808555133 ns, Reaching safepoint: 161508 ns, At safepoint: 41124716 ns, Total: 41286224 ns
[2020-09-11T16:05:00.462+0000][1][safepoint    ] Safepoint "Cleanup", Time since last: 1024122754 ns, Reaching safepoint: 13888525 ns, At safepoint: 13159 ns, Total: 13901684 ns
[2020-09-11T16:05:01.462+0000][1][safepoint    ] Safepoint "Cleanup", Time since last: 1000148450 ns, Reaching safepoint: 75005 ns, At safepoint: 6188 ns, Total: 81193 ns
[2020-09-11T16:05:02.000+0000][1][safepoint    ] Safepoint "RevokeBias", Time since last: 537111070 ns, Reaching safepoint: 232193 ns, At safepoint: 21871 ns, Total: 254064 ns
[2020-09-11T16:05:02.000+0000][1][safepoint    ] Safepoint "RevokeBias", Time since last: 135386 ns, Reaching safepoint: 118601 ns, At safepoint: 14466 ns, Total: 133067 ns
[2020-09-11T16:05:02.000+0000][1][safepoint    ] Safepoint "RevokeBias", Time since last: 147478 ns, Reaching safepoint: 119671 ns, At safepoint: 12592 ns, Total: 132263 ns
[2020-09-11T16:05:02.009+0000][1][safepoint    ] Safepoint "RevokeBias", Time since last: 9160127 ns, Reaching safepoint: 189243 ns, At safepoint: 19499 ns, Total: 208742 ns
[2020-09-11T16:05:02.606+0000][1][safepoint    ] Safepoint "RevokeBias", Time since last: 595768073 ns, Reaching safepoint: 181801 ns, At safepoint: 174225 ns, Total: 356026 ns
[2020-09-11T16:05:02.658+0000][1][gc,start     ] GC(153) Pause Young (Allocation Failure)
[2020-09-11T16:05:02.658+0000][1][gc,task      ] GC(153) Using 1 workers of 1 for evacuation
[2020-09-11T16:05:02.706+0000][1][gc,age       ] GC(153) Desired survivor size 4358144 bytes, new threshold 1 (max threshold 6)
[2020-09-11T16:05:02.706+0000][1][gc,age       ] GC(153) Age table with threshold 1 (max threshold 6)
[2020-09-11T16:05:02.706+0000][1][gc,age       ] GC(153) - age   1:    5919168 bytes,    5919168 total
[2020-09-11T16:05:02.706+0000][1][gc,age       ] GC(153) - age   2:     160720 bytes,    6079888 total
[2020-09-11T16:05:02.706+0000][1][gc,age       ] GC(153) - age   3:     299792 bytes,    6379680 total
[2020-09-11T16:05:02.706+0000][1][gc,heap      ] GC(153) ParNew: 74240K->6571K(76672K)
[2020-09-11T16:05:02.706+0000][1][gc,heap      ] GC(153) CMS: 103435K->103435K(439104K)
[2020-09-11T16:05:02.706+0000][1][gc,metaspace ] GC(153) Metaspace: 94326K->94326K(1136640K)
[2020-09-11T16:05:02.706+0000][1][gc           ] GC(153) Pause Young (Allocation Failure) 173M->107M(503M) 48.522ms
[2020-09-11T16:05:02.707+0000][1][gc,cpu       ] GC(153) User=0.02s Sys=0.00s Real=0.05s
[2020-09-11T16:05:02.749+0000][1][safepoint    ] Safepoint "GenCollectForAllocation", Time since last: 32252080 ns, Reaching safepoint: 20089148 ns, At safepoint: 90838714 ns, Total: 110927862 ns
[2020-09-11T16:05:02.809+0000][1][safepoint    ] Safepoint "RevokeBias", Time since last: 59995515 ns, Reaching safepoint: 477250 ns, At safepoint: 181533 ns, Total: 658783 ns
[2020-09-11T16:05:02.810+0000][1][safepoint    ] Safepoint "RevokeBias", Time since last: 71430 ns, Reaching safepoint: 117820 ns, At safepoint: 159936 ns, Total: 277756 ns
[2020-09-11T16:05:02.934+0000][1][safepoint    ] Safepoint "RevokeBias", Time since last: 123452709 ns, Reaching safepoint: 183152 ns, At safepoint: 188068 ns, Total: 371220 ns
[2020-09-11T16:05:03.718+0000][1][safepoint    ] Safepoint "RevokeBias", Time since last: 763189342 ns, Reaching safepoint: 21168323 ns, At safepoint: 29019 ns, Total: 21197342 ns
[2020-09-11T16:05:03.879+0000][1][safepoint    ] Safepoint "RevokeBias", Time since last: 161295054 ns, Reaching safepoint: 87356 ns, At safepoint: 22935 ns, Total: 110291 ns
[2020-09-11T16:05:03.980+0000][1][safepoint    ] Safepoint "RevokeBias", Time since last: 100772239 ns, Reaching safepoint: 77648 ns, At safepoint: 24722 ns, Total: 102370 ns
[2020-09-11T16:05:04.037+0000][1][safepoint    ] Safepoint "RevokeBias", Time since last: 54512063 ns, Reaching safepoint: 2038226 ns, At safepoint: 24225 ns, Total: 2062451 ns
[2020-09-11T16:05:04.037+0000][1][safepoint    ] Safepoint "RevokeBias", Time since last: 59759 ns, Reaching safepoint: 102864 ns, At safepoint: 12836 ns, Total: 115700 ns
[2020-09-11T16:05:04.118+0000][1][safepoint    ] Safepoint "RevokeBias", Time since last: 80757417 ns, Reaching safepoint: 146993 ns, At safepoint: 23588 ns, Total: 170581 ns
[2020-09-11T16:05:04.129+0000][1][gc,start     ] GC(154) Pause Young (Allocation Failure)
[2020-09-11T16:05:04.129+0000][1][gc,task      ] GC(154) Using 1 workers of 1 for evacuation
[2020-09-11T16:05:04.162+0000][1][gc,age       ] GC(154) Desired survivor size 4358144 bytes, new threshold 6 (max threshold 6)
[2020-09-11T16:05:04.162+0000][1][gc,age       ] GC(154) Age table with threshold 6 (max threshold 6)
[2020-09-11T16:05:04.162+0000][1][gc,age       ] GC(154) - age   1:    1046936 bytes,    1046936 total
[2020-09-11T16:05:04.163+0000][1][gc,heap      ] GC(154) ParNew: 74719K->5083K(76672K)
[2020-09-11T16:05:04.163+0000][1][gc,heap      ] GC(154) CMS: 103435K->104321K(439104K)
[2020-09-11T16:05:04.163+0000][1][gc,metaspace ] GC(154) Metaspace: 94329K->94329K(1136640K)
[2020-09-11T16:05:04.163+0000][1][gc           ] GC(154) Pause Young (Allocation Failure) 173M->106M(503M) 33.686ms
[2020-09-11T16:05:04.163+0000][1][gc,cpu       ] GC(154) User=0.01s Sys=0.00s Real=0.04s
[2020-09-11T16:05:04.163+0000][1][safepoint    ] Safepoint "GenCollectForAllocation", Time since last: 2816642 ns, Reaching safepoint: 8084389 ns, At safepoint: 33793941 ns, Total: 41878330 ns
[2020-09-11T16:05:04.586+0000][1][safepoint    ] Safepoint "Deoptimize", Time since last: 422175931 ns, Reaching safepoint: 226667 ns, At safepoint: 1077459 ns, Total: 1304126 ns
[2020-09-11T16:05:05.154+0000][1][safepoint    ] Safepoint "RevokeBias", Time since last: 567099971 ns, Reaching safepoint: 245217 ns, At safepoint: 20390 ns, Total: 265607 ns
[2020-09-11T16:05:05.382+0000][1][safepoint    ] Safepoint "RevokeBias", Time since last: 228643379 ns, Reaching safepoint: 173842 ns, At safepoint: 20481 ns, Total: 194323 ns
[2020-09-11T16:05:05.384+0000][1][safepoint    ] Safepoint "RevokeBias", Time since last: 1377590 ns, Reaching safepoint: 124431 ns, At safepoint: 16673 ns, Total: 141104 ns
[2020-09-11T16:05:05.384+0000][1][safepoint    ] Safepoint "RevokeBias", Time since last: 70570 ns, Reaching safepoint: 101982 ns, At safepoint: 12560 ns, Total: 114542 ns
[2020-09-11T16:05:06.384+0000][1][safepoint    ] Safepoint "Cleanup", Time since last: 1000085030 ns, Reaching safepoint: 152214 ns, At safepoint: 7747 ns, Total: 159961 ns
[2020-09-11T16:05:06.644+0000][1][safepoint    ] Safepoint "BulkRevokeBias", Time since last: 258181529 ns, Reaching safepoint: 606330 ns, At safepoint: 452743 ns, Total: 1059073 ns
[2020-09-11T16:05:06.746+0000][1][gc,start     ] GC(155) Pause Young (Allocation Failure)
[2020-09-11T16:05:06.746+0000][1][gc,task      ] GC(155) Using 1 workers of 1 for evacuation
[2020-09-11T16:05:06.789+0000][1][gc,age       ] GC(155) Desired survivor size 4358144 bytes, new threshold 1 (max threshold 6)
[2020-09-11T16:05:06.789+0000][1][gc,age       ] GC(155) Age table with threshold 1 (max threshold 6)
[2020-09-11T16:05:06.789+0000][1][gc,age       ] GC(155) - age   1:    5633136 bytes,    5633136 total
[2020-09-11T16:05:06.789+0000][1][gc,age       ] GC(155) - age   2:    1031904 bytes,    6665040 total
[2020-09-11T16:05:06.789+0000][1][gc,heap      ] GC(155) ParNew: 73243K->7042K(76672K)
[2020-09-11T16:05:06.789+0000][1][gc,heap      ] GC(155) CMS: 104321K->104321K(439104K)
[2020-09-11T16:05:06.789+0000][1][gc,metaspace ] GC(155) Metaspace: 94451K->94451K(1136640K)
[2020-09-11T16:05:06.789+0000][1][gc           ] GC(155) Pause Young (Allocation Failure) 173M->108M(503M) 42.978ms
[2020-09-11T16:05:06.789+0000][1][gc,cpu       ] GC(155) User=0.01s Sys=0.00s Real=0.04s
[2020-09-11T16:05:06.845+0000][1][safepoint    ] Safepoint "GenCollectForAllocation", Time since last: 102546751 ns, Reaching safepoint: 189979 ns, At safepoint: 98553929 ns, Total: 98743908 ns
[2020-09-11T16:05:06.885+0000][1][safepoint    ] Safepoint "RevokeBias", Time since last: 21347488 ns, Reaching safepoint: 18742388 ns, At safepoint: 193021 ns, Total: 18935409 ns
[2020-09-11T16:05:06.901+0000][1][safepoint    ] Safepoint "RevokeBias", Time since last: 15745227 ns, Reaching safepoint: 335763 ns, At safepoint: 180969 ns, Total: 516732 ns
[2020-09-11T16:05:07.007+0000][1][safepoint    ] Safepoint "RevokeBias", Time since last: 105474508 ns, Reaching safepoint: 260639 ns, At safepoint: 176342 ns, Total: 436981 ns
[2020-09-11T16:05:07.068+0000][1][safepoint    ] Safepoint "RevokeBias", Time since last: 57176880 ns, Reaching safepoint: 3262567 ns, At safepoint: 31505 ns, Total: 3294072 ns
[2020-09-11T16:05:07.068+0000][1][safepoint    ] Safepoint "RevokeBias", Time since last: 364601 ns, Reaching safepoint: 122104 ns, At safepoint: 15075 ns, Total: 137179 ns
[2020-09-11T16:05:07.069+0000][1][safepoint    ] Safepoint "RevokeBias", Time since last: 245328 ns, Reaching safepoint: 118217 ns, At safepoint: 219417 ns, Total: 337634 ns
[2020-09-11T16:05:07.223+0000][1][safepoint    ] Safepoint "RevokeBias", Time since last: 153702322 ns, Reaching safepoint: 194609 ns, At safepoint: 21203 ns, Total: 215812 ns
[2020-09-11T16:05:07.223+0000][1][safepoint    ] Safepoint "RevokeBias", Time since last: 119084 ns, Reaching safepoint: 112152 ns, At safepoint: 167266 ns, Total: 279418 ns
[2020-09-11T16:05:07.285+0000][1][safepoint    ] Safepoint "RevokeBias", Time since last: 54910818 ns, Reaching safepoint: 6830657 ns, At safepoint: 48632 ns, Total: 6879289 ns
[2020-09-11T16:05:07.297+0000][1][safepoint    ] Safepoint "RevokeBias", Time since last: 8026886 ns, Reaching safepoint: 3912129 ns, At safepoint: 28533 ns, Total: 3940662 ns
[2020-09-11T16:05:07.938+0000][1][safepoint    ] Safepoint "RevokeBias", Time since last: 640397593 ns, Reaching safepoint: 182246 ns, At safepoint: 23301 ns, Total: 205547 ns
[2020-09-11T16:05:07.938+0000][1][safepoint    ] Safepoint "RevokeBias", Time since last: 66474 ns, Reaching safepoint: 114665 ns, At safepoint: 14413 ns, Total: 129078 ns
[2020-09-11T16:05:07.938+0000][1][safepoint    ] Safepoint "RevokeBias", Time since last: 32434 ns, Reaching safepoint: 122927 ns, At safepoint: 14900 ns, Total: 137827 ns
[2020-09-11T16:05:07.938+0000][1][safepoint    ] Safepoint "RevokeBias", Time since last: 32287 ns, Reaching safepoint: 111408 ns, At safepoint: 12264 ns, Total: 123672 ns
[2020-09-11T16:05:08.177+0000][1][safepoint    ] Safepoint "RevokeBias", Time since last: 238789618 ns, Reaching safepoint: 205396 ns, At safepoint: 183743 ns, Total: 389139 ns
[2020-09-11T16:05:08.177+0000][1][safepoint    ] Safepoint "RevokeBias", Time since last: 72374 ns, Reaching safepoint: 123668 ns, At safepoint: 94703 ns, Total: 218371 ns
[2020-09-11T16:05:08.319+0000][1][safepoint    ] Safepoint "RevokeBias", Time since last: 135527269 ns, Reaching safepoint: 5516545 ns, At safepoint: 35707 ns, Total: 5552252 ns
[2020-09-11T16:05:08.453+0000][1][safepoint    ] Safepoint "RevokeBias", Time since last: 130782893 ns, Reaching safepoint: 3487072 ns, At safepoint: 31817 ns, Total: 3518889 ns
[2020-09-11T16:05:08.480+0000][1][safepoint    ] Safepoint "RevokeBias", Time since last: 20695643 ns, Reaching safepoint: 6021711 ns, At safepoint: 30388 ns, Total: 6052099 ns
[2020-09-11T16:05:08.523+0000][1][gc,start     ] GC(156) Pause Young (Allocation Failure)
[2020-09-11T16:05:08.523+0000][1][gc,task      ] GC(156) Using 1 workers of 1 for evacuation
[2020-09-11T16:05:08.555+0000][1][gc,age       ] GC(156) Desired survivor size 4358144 bytes, new threshold 6 (max threshold 6)
[2020-09-11T16:05:08.555+0000][1][gc,age       ] GC(156) Age table with threshold 6 (max threshold 6)
[2020-09-11T16:05:08.555+0000][1][gc,age       ] GC(156) - age   1:    3061440 bytes,    3061440 total
[2020-09-11T16:05:08.555+0000][1][gc,heap      ] GC(156) ParNew: 75046K->4560K(76672K)
[2020-09-11T16:05:08.555+0000][1][gc,heap      ] GC(156) CMS: 104321K->106451K(439104K)
[2020-09-11T16:05:08.555+0000][1][gc,metaspace ] GC(156) Metaspace: 94480K->94480K(1136640K)
[2020-09-11T16:05:08.555+0000][1][gc           ] GC(156) Pause Young (Allocation Failure) 175M->108M(503M) 31.752ms
[2020-09-11T16:05:08.555+0000][1][gc,cpu       ] GC(156) User=0.01s Sys=0.00s Real=0.03s
[2020-09-11T16:05:08.579+0000][1][safepoint    ] Safepoint "GenCollectForAllocation", Time since last: 38878660 ns, Reaching safepoint: 4426251 ns, At safepoint: 56231767 ns, Total: 60658018 ns
[2020-09-11T16:05:08.799+0000][1][safepoint    ] Safepoint "RevokeBias", Time since last: 219957954 ns, Reaching safepoint: 92095 ns, At safepoint: 24186 ns, Total: 116281 ns
[2020-09-11T16:05:08.853+0000][1][safepoint    ] Safepoint "RevokeBias", Time since last: 53040646 ns, Reaching safepoint: 635949 ns, At safepoint: 38122 ns, Total: 674071 ns
[2020-09-11T16:05:09.478+0000][1][safepoint    ] Safepoint "RevokeBias", Time since last: 625093729 ns, Reaching safepoint: 82411 ns, At safepoint: 21836 ns, Total: 104247 ns
[2020-09-11T16:05:09.529+0000][1][safepoint    ] Safepoint "RevokeBias", Time since last: 50650808 ns, Reaching safepoint: 176837 ns, At safepoint: 24911 ns, Total: 201748 ns
[2020-09-11T16:05:09.529+0000][1][safepoint    ] Safepoint "RevokeBias", Time since last: 68003 ns, Reaching safepoint: 29009 ns, At safepoint: 12105 ns, Total: 41114 ns
[2020-09-11T16:05:09.578+0000][1][safepoint    ] Safepoint "RevokeBias", Time since last: 48714388 ns, Reaching safepoint: 140364 ns, At safepoint: 22763 ns, Total: 163127 ns
[2020-09-11T16:05:10.105+0000][1][safepoint    ] Safepoint "RevokeBias", Time since last: 526994469 ns, Reaching safepoint: 95734 ns, At safepoint: 29417 ns, Total: 125151 ns
[2020-09-11T16:05:10.214+0000][1][safepoint    ] Safepoint "RevokeBias", Time since last: 108409384 ns, Reaching safepoint: 216826 ns, At safepoint: 23201 ns, Total: 240027 ns
[2020-09-11T16:05:10.266+0000][1][safepoint    ] Safepoint "RevokeBias", Time since last: 51277974 ns, Reaching safepoint: 876483 ns, At safepoint: 35984 ns, Total: 912467 ns
[2020-09-11T16:05:11.217+0000][1][gc,start     ] GC(157) Pause Young (Allocation Failure)
[2020-09-11T16:05:11.217+0000][1][gc,task      ] GC(157) Using 1 workers of 1 for evacuation
[2020-09-11T16:05:11.227+0000][1][gc,age       ] GC(157) Desired survivor size 4358144 bytes, new threshold 6 (max threshold 6)
[2020-09-11T16:05:11.227+0000][1][gc,age       ] GC(157) Age table with threshold 6 (max threshold 6)
[2020-09-11T16:05:11.227+0000][1][gc,age       ] GC(157) - age   1:    1842608 bytes,    1842608 total
[2020-09-11T16:05:11.227+0000][1][gc,age       ] GC(157) - age   2:     279448 bytes,    2122056 total
[2020-09-11T16:05:11.227+0000][1][gc,heap      ] GC(157) ParNew: 72664K->3382K(76672K)
[2020-09-11T16:05:11.227+0000][1][gc,heap      ] GC(157) CMS: 106451K->106451K(439104K)
[2020-09-11T16:05:11.227+0000][1][gc,metaspace ] GC(157) Metaspace: 94721K->94721K(1136640K)
[2020-09-11T16:05:11.227+0000][1][gc           ] GC(157) Pause Young (Allocation Failure) 174M->107M(503M) 10.412ms
[2020-09-11T16:05:11.227+0000][1][gc,cpu       ] GC(157) User=0.01s Sys=0.00s Real=0.01s
[2020-09-11T16:05:11.254+0000][1][safepoint    ] Safepoint "GenCollectForAllocation", Time since last: 946885766 ns, Reaching safepoint: 4034213 ns, At safepoint: 37475902 ns, Total: 41510115 ns
[2020-09-11T16:05:11.277+0000][1][safepoint    ] Safepoint "RevokeBias", Time since last: 22930343 ns, Reaching safepoint: 70298 ns, At safepoint: 20074 ns, Total: 90372 ns
[2020-09-11T16:05:11.363+0000][1][safepoint    ] Safepoint "RevokeBias", Time since last: 85851857 ns, Reaching safepoint: 147649 ns, At safepoint: 19587 ns, Total: 167236 ns
[2020-09-11T16:05:11.400+0000][1][safepoint    ] Safepoint "RevokeBias", Time since last: 36815586 ns, Reaching safepoint: 166185 ns, At safepoint: 31242 ns, Total: 197427 ns
[2020-09-11T16:05:11.962+0000][1][safepoint    ] Safepoint "RevokeBias", Time since last: 561034893 ns, Reaching safepoint: 177006 ns, At safepoint: 22851 ns, Total: 199857 ns
[2020-09-11T16:05:11.962+0000][1][safepoint    ] Safepoint "RevokeBias", Time since last: 104026 ns, Reaching safepoint: 109380 ns, At safepoint: 13579 ns, Total: 122959 ns
[2020-09-11T16:05:11.962+0000][1][safepoint    ] Safepoint "RevokeBias", Time since last: 48846 ns, Reaching safepoint: 118839 ns, At safepoint: 13684 ns, Total: 132523 ns
[2020-09-11T16:05:12.045+0000][1][safepoint    ] Safepoint "RevokeBias", Time since last: 82748263 ns, Reaching safepoint: 285718 ns, At safepoint: 25145 ns, Total: 310863 ns
[2020-09-11T16:05:12.045+0000][1][safepoint    ] Safepoint "RevokeBias", Time since last: 112018 ns, Reaching safepoint: 122343 ns, At safepoint: 15299 ns, Total: 137642 ns
[2020-09-11T16:05:12.046+0000][1][safepoint    ] Safepoint "RevokeBias", Time since last: 50546 ns, Reaching safepoint: 120370 ns, At safepoint: 13569 ns, Total: 133939 ns
[2020-09-11T16:05:12.049+0000][1][safepoint    ] Safepoint "RevokeBias", Time since last: 3330058 ns, Reaching safepoint: 240707 ns, At safepoint: 19933 ns, Total: 260640 ns
[2020-09-11T16:05:12.637+0000][1][safepoint    ] Safepoint "RevokeBias", Time since last: 583268654 ns, Reaching safepoint: 278735 ns, At safepoint: 4216151 ns, Total: 4494886 ns
[2020-09-11T16:05:12.737+0000][1][safepoint    ] Safepoint "RevokeBias", Time since last: 99917835 ns, Reaching safepoint: 216860 ns, At safepoint: 181619 ns, Total: 398479 ns
[2020-09-11T16:05:12.738+0000][1][safepoint    ] Safepoint "RevokeBias", Time since last: 65315 ns, Reaching safepoint: 124027 ns, At safepoint: 139384 ns, Total: 263411 ns
[2020-09-11T16:05:12.749+0000][1][gc,start     ] GC(158) Pause Young (Allocation Failure)
[2020-09-11T16:05:12.749+0000][1][gc,task      ] GC(158) Using 1 workers of 1 for evacuation
[2020-09-11T16:05:12.769+0000][1][gc,age       ] GC(158) Desired survivor size 4358144 bytes, new threshold 3 (max threshold 6)
[2020-09-11T16:05:12.769+0000][1][gc,age       ] GC(158) Age table with threshold 3 (max threshold 6)
[2020-09-11T16:05:12.769+0000][1][gc,age       ] GC(158) - age   1:    3633408 bytes,    3633408 total
[2020-09-11T16:05:12.769+0000][1][gc,age       ] GC(158) - age   2:     499416 bytes,    4132824 total
[2020-09-11T16:05:12.769+0000][1][gc,age       ] GC(158) - age   3:     276880 bytes,    4409704 total
[2020-09-11T16:05:12.770+0000][1][gc,heap      ] GC(158) ParNew: 71542K->4799K(76672K)
[2020-09-11T16:05:12.770+0000][1][gc,heap      ] GC(158) CMS: 106451K->106451K(439104K)
[2020-09-11T16:05:12.770+0000][1][gc,metaspace ] GC(158) Metaspace: 94735K->94735K(1136640K)
[2020-09-11T16:05:12.770+0000][1][gc           ] GC(158) Pause Young (Allocation Failure) 173M->108M(503M) 20.560ms
[2020-09-11T16:05:12.770+0000][1][gc,cpu       ] GC(158) User=0.01s Sys=0.00s Real=0.02s
[2020-09-11T16:05:12.795+0000][1][safepoint    ] Safepoint "GenCollectForAllocation", Time since last: 11244650 ns, Reaching safepoint: 206078 ns, At safepoint: 45913488 ns, Total: 46119566 ns
[2020-09-11T16:05:12.870+0000][1][safepoint    ] Safepoint "RevokeBias", Time since last: 74369239 ns, Reaching safepoint: 191982 ns, At safepoint: 178221 ns, Total: 370203 ns
[2020-09-11T16:05:12.901+0000][1][safepoint    ] Safepoint "RevokeBias", Time since last: 31161510 ns, Reaching safepoint: 189649 ns, At safepoint: 22230 ns, Total: 211879 ns
[2020-09-11T16:05:12.921+0000][1][safepoint    ] Safepoint "RevokeBias", Time since last: 16401616 ns, Reaching safepoint: 3454945 ns, At safepoint: 25903 ns, Total: 3480848 ns
[2020-09-11T16:05:12.925+0000][1][safepoint    ] Safepoint "RevokeBias", Time since last: 319070 ns, Reaching safepoint: 3654670 ns, At safepoint: 26286 ns, Total: 3680956 ns
[2020-09-11T16:05:12.925+0000][1][safepoint    ] Safepoint "RevokeBias", Time since last: 251292 ns, Reaching safepoint: 118257 ns, At safepoint: 14334 ns, Total: 132591 ns
[2020-09-11T16:05:13.541+0000][1][safepoint    ] Safepoint "RevokeBias", Time since last: 615876214 ns, Reaching safepoint: 187274 ns, At safepoint: 36544 ns, Total: 223818 ns
[2020-09-11T16:05:13.561+0000][1][safepoint    ] Safepoint "RevokeBias", Time since last: 19402691 ns, Reaching safepoint: 170174 ns, At safepoint: 36378 ns, Total: 206552 ns
[2020-09-11T16:05:13.561+0000][1][safepoint    ] Safepoint "BulkRevokeBias", Time since last: 60539 ns, Reaching safepoint: 106880 ns, At safepoint: 232127 ns, Total: 339007 ns
[2020-09-11T16:05:13.754+0000][1][safepoint    ] Safepoint "RevokeBias", Time since last: 191541516 ns, Reaching safepoint: 660381 ns, At safepoint: 22317 ns, Total: 682698 ns
[2020-09-11T16:05:13.827+0000][1][safepoint    ] Safepoint "RevokeBias", Time since last: 60562365 ns, Reaching safepoint: 12836670 ns, At safepoint: 48432 ns, Total: 12885102 ns
[2020-09-11T16:05:13.918+0000][1][safepoint    ] Safepoint "RevokeBias", Time since last: 90598830 ns, Reaching safepoint: 391274 ns, At safepoint: 24825 ns, Total: 416099 ns
[2020-09-11T16:05:13.962+0000][1][safepoint    ] Safepoint "RevokeBias", Time since last: 38715597 ns, Reaching safepoint: 5131618 ns, At safepoint: 75058 ns, Total: 5206676 ns
[2020-09-11T16:05:14.036+0000][1][gc,start     ] GC(159) Pause Young (Allocation Failure)
[2020-09-11T16:05:14.036+0000][1][gc,task      ] GC(159) Using 1 workers of 1 for evacuation
[2020-09-11T16:05:14.096+0000][1][gc,age       ] GC(159) Desired survivor size 4358144 bytes, new threshold 6 (max threshold 6)
[2020-09-11T16:05:14.097+0000][1][gc,age       ] GC(159) Age table with threshold 6 (max threshold 6)
[2020-09-11T16:05:14.097+0000][1][gc,age       ] GC(159) - age   1:    2227632 bytes,    2227632 total
[2020-09-11T16:05:14.097+0000][1][gc,age       ] GC(159) - age   2:    1045568 bytes,    3273200 total
[2020-09-11T16:05:14.097+0000][1][gc,age       ] GC(159) - age   3:     477520 bytes,    3750720 total
[2020-09-11T16:05:14.097+0000][1][gc,heap      ] GC(159) ParNew: 72959K->3829K(76672K)
[2020-09-11T16:05:14.097+0000][1][gc,heap      ] GC(159) CMS: 106451K->106727K(439104K)
[2020-09-11T16:05:14.097+0000][1][gc,metaspace ] GC(159) Metaspace: 94774K->94774K(1136640K)
[2020-09-11T16:05:14.097+0000][1][gc           ] GC(159) Pause Young (Allocation Failure) 175M->107M(503M) 60.850ms
[2020-09-11T16:05:14.097+0000][1][gc,cpu       ] GC(159) User=0.01s Sys=0.00s Real=0.06s
[2020-09-11T16:05:14.131+0000][1][safepoint    ] Safepoint "GenCollectForAllocation", Time since last: 73600330 ns, Reaching safepoint: 176944 ns, At safepoint: 94830739 ns, Total: 95007683 ns
[2020-09-11T16:05:14.160+0000][1][safepoint    ] Safepoint "RevokeBias", Time since last: 28708470 ns, Reaching safepoint: 183614 ns, At safepoint: 31713 ns, Total: 215327 ns
[2020-09-11T16:05:14.437+0000][1][safepoint    ] Safepoint "RevokeBias", Time since last: 256539498 ns, Reaching safepoint: 20781090 ns, At safepoint: 41659 ns, Total: 20822749 ns
[2020-09-11T16:05:14.881+0000][1][safepoint    ] Safepoint "RevokeBias", Time since last: 444294207 ns, Reaching safepoint: 193043 ns, At safepoint: 20524 ns, Total: 213567 ns
[2020-09-11T16:05:15.097+0000][1][safepoint    ] Safepoint "RevokeBias", Time since last: 196798439 ns, Reaching safepoint: 18730899 ns, At safepoint: 41008 ns, Total: 18771907 ns
[2020-09-11T16:05:15.098+0000][1][safepoint    ] Safepoint "RevokeBias", Time since last: 1078283 ns, Reaching safepoint: 150772 ns, At safepoint: 15442 ns, Total: 166214 ns
[2020-09-11T16:05:15.112+0000][1][safepoint    ] Safepoint "RevokeBias", Time since last: 13711455 ns, Reaching safepoint: 193734 ns, At safepoint: 184165 ns, Total: 377899 ns
[2020-09-11T16:05:15.278+0000][1][safepoint    ] Safepoint "RevokeBias", Time since last: 152616265 ns, Reaching safepoint: 13040176 ns, At safepoint: 29906 ns, Total: 13070082 ns
[2020-09-11T16:05:15.278+0000][1][safepoint    ] Safepoint "RevokeBias", Time since last: 245526 ns, Reaching safepoint: 117733 ns, At safepoint: 14163 ns, Total: 131896 ns
[2020-09-11T16:05:15.279+0000][1][safepoint    ] Safepoint "RevokeBias", Time since last: 32575 ns, Reaching safepoint: 111132 ns, At safepoint: 12261 ns, Total: 123393 ns
[2020-09-11T16:05:15.279+0000][1][safepoint    ] Safepoint "BulkRevokeBias", Time since last: 30590 ns, Reaching safepoint: 109736 ns, At safepoint: 343117 ns, Total: 452853 ns
[2020-09-11T16:05:15.539+0000][1][gc,start     ] GC(160) Pause Young (Allocation Failure)
[2020-09-11T16:05:15.539+0000][1][gc,task      ] GC(160) Using 1 workers of 1 for evacuation
[2020-09-11T16:05:15.588+0000][1][gc,age       ] GC(160) Desired survivor size 4358144 bytes, new threshold 2 (max threshold 6)
[2020-09-11T16:05:15.588+0000][1][gc,age       ] GC(160) Age table with threshold 2 (max threshold 6)
[2020-09-11T16:05:15.588+0000][1][gc,age       ] GC(160) - age   1:    4060256 bytes,    4060256 total
[2020-09-11T16:05:15.588+0000][1][gc,age       ] GC(160) - age   2:    1316872 bytes,    5377128 total
[2020-09-11T16:05:15.588+0000][1][gc,age       ] GC(160) - age   3:     371792 bytes,    5748920 total
[2020-09-11T16:05:15.588+0000][1][gc,age       ] GC(160) - age   4:     476720 bytes,    6225640 total
[2020-09-11T16:05:15.588+0000][1][gc,heap      ] GC(160) ParNew: 71772K->7409K(76672K)
[2020-09-11T16:05:15.588+0000][1][gc,heap      ] GC(160) CMS: 106727K->106727K(439104K)
[2020-09-11T16:05:15.588+0000][1][gc,metaspace ] GC(160) Metaspace: 94810K->94810K(1136640K)
[2020-09-11T16:05:15.588+0000][1][gc           ] GC(160) Pause Young (Allocation Failure) 174M->111M(503M) 48.923ms
[2020-09-11T16:05:15.588+0000][1][gc,cpu       ] GC(160) User=0.01s Sys=0.00s Real=0.05s
[2020-09-11T16:05:15.625+0000][1][safepoint    ] Safepoint "GenCollectForAllocation", Time since last: 246515167 ns, Reaching safepoint: 13871617 ns, At safepoint: 85380297 ns, Total: 99251914 ns
[2020-09-11T16:05:15.666+0000][1][safepoint    ] Safepoint "RevokeBias", Time since last: 41109617 ns, Reaching safepoint: 200143 ns, At safepoint: 191819 ns, Total: 391962 ns
[2020-09-11T16:05:15.801+0000][1][safepoint    ] Safepoint "RevokeBias", Time since last: 134604184 ns, Reaching safepoint: 190105 ns, At safepoint: 192446 ns, Total: 382551 ns
[2020-09-11T16:05:15.803+0000][1][safepoint    ] Safepoint "BulkRevokeBias", Time since last: 1179901 ns, Reaching safepoint: 127647 ns, At safepoint: 320608 ns, Total: 448255 ns
[2020-09-11T16:05:15.889+0000][1][safepoint    ] Safepoint "RevokeBias", Time since last: 86053553 ns, Reaching safepoint: 199054 ns, At safepoint: 20474 ns, Total: 219528 ns
[2020-09-11T16:05:16.314+0000][1][safepoint    ] Safepoint "RevokeBias", Time since last: 425003936 ns, Reaching safepoint: 177547 ns, At safepoint: 22925 ns, Total: 200472 ns
[2020-09-11T16:05:16.346+0000][1][safepoint    ] Safepoint "RevokeBias", Time since last: 31188055 ns, Reaching safepoint: 188965 ns, At safepoint: 21316 ns, Total: 210281 ns
[2020-09-11T16:05:16.409+0000][1][safepoint    ] Safepoint "RevokeBias", Time since last: 63092448 ns, Reaching safepoint: 79361 ns, At safepoint: 25217 ns, Total: 104578 ns
[2020-09-11T16:05:17.023+0000][1][safepoint    ] Safepoint "RevokeBias", Time since last: 614063370 ns, Reaching safepoint: 147643 ns, At safepoint: 19855 ns, Total: 167498 ns
[2020-09-11T16:05:17.062+0000][1][safepoint    ] Safepoint "Deoptimize", Time since last: 34603084 ns, Reaching safepoint: 3053379 ns, At safepoint: 1016967 ns, Total: 4070346 ns
[2020-09-11T16:05:17.113+0000][1][safepoint    ] Safepoint "RevokeBias", Time since last: 47356262 ns, Reaching safepoint: 3657002 ns, At safepoint: 28682 ns, Total: 3685684 ns
[2020-09-11T16:05:17.200+0000][1][safepoint    ] Safepoint "RevokeBias", Time since last: 87057859 ns, Reaching safepoint: 81319 ns, At safepoint: 19552 ns, Total: 100871 ns
[2020-09-11T16:05:18.200+0000][1][safepoint    ] Safepoint "Cleanup", Time since last: 1000099940 ns, Reaching safepoint: 196047 ns, At safepoint: 6139 ns, Total: 202186 ns
[2020-09-11T16:05:18.429+0000][1][safepoint    ] Safepoint "RevokeBias", Time since last: 228657014 ns, Reaching safepoint: 87438 ns, At safepoint: 23012 ns, Total: 110450 ns
[2020-09-11T16:05:19.274+0000][1][gc,start     ] GC(161) Pause Young (Allocation Failure)
[2020-09-11T16:05:19.274+0000][1][gc,task      ] GC(161) Using 1 workers of 1 for evacuation
[2020-09-11T16:05:19.299+0000][1][gc,age       ] GC(161) Desired survivor size 4358144 bytes, new threshold 2 (max threshold 6)
[2020-09-11T16:05:19.299+0000][1][gc,age       ] GC(161) Age table with threshold 2 (max threshold 6)
[2020-09-11T16:05:19.299+0000][1][gc,age       ] GC(161) - age   1:    2958288 bytes,    2958288 total
[2020-09-11T16:05:19.299+0000][1][gc,age       ] GC(161) - age   2:    1725880 bytes,    4684168 total
[2020-09-11T16:05:19.299+0000][1][gc,heap      ] GC(161) ParNew: 75565K->5485K(76672K)
[2020-09-11T16:05:19.299+0000][1][gc,heap      ] GC(161) CMS: 106727K->108469K(439104K)
[2020-09-11T16:05:19.299+0000][1][gc,metaspace ] GC(161) Metaspace: 95063K->95063K(1136640K)
[2020-09-11T16:05:19.299+0000][1][gc           ] GC(161) Pause Young (Allocation Failure) 178M->111M(503M) 25.276ms
[2020-09-11T16:05:19.299+0000][1][gc,cpu       ] GC(161) User=0.01s Sys=0.00s Real=0.02s
[2020-09-11T16:05:19.321+0000][1][safepoint    ] Safepoint "GenCollectForAllocation", Time since last: 844426686 ns, Reaching safepoint: 90102 ns, At safepoint: 47138232 ns, Total: 47228334 ns
[2020-09-11T16:05:20.339+0000][1][safepoint    ] Safepoint "Cleanup", Time since last: 1018086869 ns, Reaching safepoint: 87759 ns, At safepoint: 7861 ns, Total: 95620 ns
[2020-09-11T16:05:21.349+0000][1][safepoint    ] Safepoint "Cleanup", Time since last: 1005790746 ns, Reaching safepoint: 4117219 ns, At safepoint: 13562 ns, Total: 4130781 ns
[2020-09-11T16:05:21.944+0000][1][safepoint    ] Safepoint "RevokeBias", Time since last: 594450876 ns, Reaching safepoint: 1024266 ns, At safepoint: 22479 ns, Total: 1046745 ns
[2020-09-11T16:05:21.945+0000][1][safepoint    ] Safepoint "RevokeBias", Time since last: 142178 ns, Reaching safepoint: 106736 ns, At safepoint: 12895 ns, Total: 119631 ns
[2020-09-11T16:05:21.947+0000][1][safepoint    ] Safepoint "RevokeBias", Time since last: 524486 ns, Reaching safepoint: 1864001 ns, At safepoint: 15096 ns, Total: 1879097 ns
[2020-09-11T16:05:21.981+0000][1][gc,start     ] GC(162) Pause Young (Allocation Failure)
[2020-09-11T16:05:21.981+0000][1][gc,task      ] GC(162) Using 1 workers of 1 for evacuation
[2020-09-11T16:05:21.991+0000][1][gc,age       ] GC(162) Desired survivor size 4358144 bytes, new threshold 6 (max threshold 6)
[2020-09-11T16:05:21.991+0000][1][gc,age       ] GC(162) Age table with threshold 6 (max threshold 6)
[2020-09-11T16:05:21.991+0000][1][gc,age       ] GC(162) - age   1:    1324520 bytes,    1324520 total
[2020-09-11T16:05:21.991+0000][1][gc,age       ] GC(162) - age   2:    1372376 bytes,    2696896 total
[2020-09-11T16:05:21.991+0000][1][gc,heap      ] GC(162) ParNew: 73623K->4802K(76672K)
[2020-09-11T16:05:21.991+0000][1][gc,heap      ] GC(162) CMS: 108469K->110154K(439104K)
[2020-09-11T16:05:21.991+0000][1][gc,metaspace ] GC(162) Metaspace: 95068K->95068K(1136640K)
[2020-09-11T16:05:21.991+0000][1][gc           ] GC(162) Pause Young (Allocation Failure) 177M->112M(503M) 10.770ms
[2020-09-11T16:05:21.991+0000][1][gc,cpu       ] GC(162) User=0.01s Sys=0.00s Real=0.01s
[2020-09-11T16:05:22.013+0000][1][safepoint    ] Safepoint "GenCollectForAllocation", Time since last: 33423907 ns, Reaching safepoint: 179044 ns, At safepoint: 32164861 ns, Total: 32343905 ns
[2020-09-11T16:05:23.023+0000][1][safepoint    ] Safepoint "Cleanup", Time since last: 1009692470 ns, Reaching safepoint: 79990 ns, At safepoint: 6097 ns, Total: 86087 ns
[2020-09-11T16:05:24.041+0000][1][safepoint    ] Safepoint "Cleanup", Time since last: 1018199831 ns, Reaching safepoint: 192893 ns, At safepoint: 8185 ns, Total: 201078 ns
[2020-09-11T16:05:24.926+0000][1][safepoint    ] Safepoint "RevokeBias", Time since last: 884394592 ns, Reaching safepoint: 107421 ns, At safepoint: 27407 ns, Total: 134828 ns
[2020-09-11T16:05:25.926+0000][1][safepoint    ] Safepoint "Cleanup", Time since last: 1000110410 ns, Reaching safepoint: 96863 ns, At safepoint: 7022 ns, Total: 103885 ns
[2020-09-11T16:05:26.081+0000][1][gc,start     ] GC(163) Pause Young (Allocation Failure)
[2020-09-11T16:05:26.081+0000][1][gc,task      ] GC(163) Using 1 workers of 1 for evacuation
[2020-09-11T16:05:26.099+0000][1][gc,age       ] GC(163) Desired survivor size 4358144 bytes, new threshold 6 (max threshold 6)
[2020-09-11T16:05:26.099+0000][1][gc,age       ] GC(163) Age table with threshold 6 (max threshold 6)
[2020-09-11T16:05:26.099+0000][1][gc,age       ] GC(163) - age   1:    1634248 bytes,    1634248 total
[2020-09-11T16:05:26.099+0000][1][gc,age       ] GC(163) - age   2:     812832 bytes,    2447080 total
[2020-09-11T16:05:26.099+0000][1][gc,age       ] GC(163) - age   3:    1349136 bytes,    3796216 total
[2020-09-11T16:05:26.099+0000][1][gc,heap      ] GC(163) ParNew: 72482K->4376K(76672K)
[2020-09-11T16:05:26.099+0000][1][gc,heap      ] GC(163) CMS: 110154K->110154K(439104K)
[2020-09-11T16:05:26.099+0000][1][gc,metaspace ] GC(163) Metaspace: 95081K->95081K(1136640K)
[2020-09-11T16:05:26.100+0000][1][gc           ] GC(163) Pause Young (Allocation Failure) 178M->111M(503M) 18.541ms
[2020-09-11T16:05:26.100+0000][1][gc,cpu       ] GC(163) User=0.01s Sys=0.00s Real=0.01s
[2020-09-11T16:05:26.141+0000][1][safepoint    ] Safepoint "GenCollectForAllocation", Time since last: 155054817 ns, Reaching safepoint: 169020 ns, At safepoint: 59823668 ns, Total: 59992688 ns
[2020-09-11T16:05:26.404+0000][1][safepoint    ] Safepoint "RevokeBias", Time since last: 263081443 ns, Reaching safepoint: 216895 ns, At safepoint: 189730 ns, Total: 406625 ns
[2020-09-11T16:05:27.166+0000][1][safepoint    ] Safepoint "RevokeBias", Time since last: 761690280 ns, Reaching safepoint: 205399 ns, At safepoint: 166902 ns, Total: 372301 ns
[2020-09-11T16:05:28.167+0000][1][safepoint    ] Safepoint "Cleanup", Time since last: 1000322048 ns, Reaching safepoint: 82980 ns, At safepoint: 6809 ns, Total: 89789 ns
[2020-09-11T16:05:28.282+0000][1][gc,start     ] GC(164) Pause Young (Allocation Failure)
[2020-09-11T16:05:28.282+0000][1][gc,task      ] GC(164) Using 1 workers of 1 for evacuation
[2020-09-11T16:05:28.308+0000][1][gc,age       ] GC(164) Desired survivor size 4358144 bytes, new threshold 4 (max threshold 6)
[2020-09-11T16:05:28.308+0000][1][gc,age       ] GC(164) Age table with threshold 4 (max threshold 6)
[2020-09-11T16:05:28.308+0000][1][gc,age       ] GC(164) - age   1:    1822840 bytes,    1822840 total
[2020-09-11T16:05:28.308+0000][1][gc,age       ] GC(164) - age   2:    1554056 bytes,    3376896 total
[2020-09-11T16:05:28.308+0000][1][gc,age       ] GC(164) - age   3:     810792 bytes,    4187688 total
[2020-09-11T16:05:28.308+0000][1][gc,age       ] GC(164) - age   4:    1261120 bytes,    5448808 total
[2020-09-11T16:05:28.308+0000][1][gc,heap      ] GC(164) ParNew: 72096K->6654K(76672K)
[2020-09-11T16:05:28.308+0000][1][gc,heap      ] GC(164) CMS: 110154K->110154K(439104K)
[2020-09-11T16:05:28.308+0000][1][gc,metaspace ] GC(164) Metaspace: 95108K->95108K(1136640K)
[2020-09-11T16:05:28.308+0000][1][gc           ] GC(164) Pause Young (Allocation Failure) 177M->114M(503M) 26.540ms
[2020-09-11T16:05:28.308+0000][1][gc,cpu       ] GC(164) User=0.01s Sys=0.00s Real=0.02s
[2020-09-11T16:05:28.333+0000][1][safepoint    ] Safepoint "GenCollectForAllocation", Time since last: 114660492 ns, Reaching safepoint: 147425 ns, At safepoint: 51225735 ns, Total: 51373160 ns
[2020-09-11T16:05:28.393+0000][1][safepoint    ] Safepoint "RevokeBias", Time since last: 60353405 ns, Reaching safepoint: 148608 ns, At safepoint: 22500 ns, Total: 171108 ns
[2020-09-11T16:05:28.510+0000][1][safepoint    ] Safepoint "RevokeBias", Time since last: 116308714 ns, Reaching safepoint: 141254 ns, At safepoint: 25749 ns, Total: 167003 ns
[2020-09-11T16:05:29.510+0000][1][safepoint    ] Safepoint "Cleanup", Time since last: 1000102954 ns, Reaching safepoint: 190302 ns, At safepoint: 7774 ns, Total: 198076 ns
[2020-09-11T16:05:29.640+0000][1][safepoint    ] Safepoint "RevokeBias", Time since last: 126685798 ns, Reaching safepoint: 3397348 ns, At safepoint: 189120 ns, Total: 3586468 ns
[2020-09-11T16:05:29.745+0000][1][safepoint    ] Safepoint "RevokeBias", Time since last: 104121127 ns, Reaching safepoint: 181936 ns, At safepoint: 199520 ns, Total: 381456 ns
[2020-09-11T16:05:29.793+0000][1][gc,start     ] GC(165) Pause Young (Allocation Failure)
[2020-09-11T16:05:29.793+0000][1][gc,task      ] GC(165) Using 1 workers of 1 for evacuation
[2020-09-11T16:05:29.827+0000][1][gc,age       ] GC(165) Desired survivor size 4358144 bytes, new threshold 3 (max threshold 6)
[2020-09-11T16:05:29.827+0000][1][gc,age       ] GC(165) Age table with threshold 3 (max threshold 6)
[2020-09-11T16:05:29.827+0000][1][gc,age       ] GC(165) - age   1:    2976408 bytes,    2976408 total
[2020-09-11T16:05:29.827+0000][1][gc,age       ] GC(165) - age   2:     152352 bytes,    3128760 total
[2020-09-11T16:05:29.827+0000][1][gc,age       ] GC(165) - age   3:    1550576 bytes,    4679336 total
[2020-09-11T16:05:29.827+0000][1][gc,age       ] GC(165) - age   4:     810672 bytes,    5490008 total
[2020-09-11T16:05:29.827+0000][1][gc,heap      ] GC(165) ParNew: 74814K->8512K(76672K)
[2020-09-11T16:05:29.827+0000][1][gc,heap      ] GC(165) CMS: 110154K->111400K(439104K)
[2020-09-11T16:05:29.827+0000][1][gc,metaspace ] GC(165) Metaspace: 95110K->95110K(1136640K)
[2020-09-11T16:05:29.827+0000][1][gc           ] GC(165) Pause Young (Allocation Failure) 180M->117M(503M) 34.029ms
[2020-09-11T16:05:29.827+0000][1][gc,cpu       ] GC(165) User=0.01s Sys=0.00s Real=0.03s
[2020-09-11T16:05:29.849+0000][1][safepoint    ] Safepoint "GenCollectForAllocation", Time since last: 47894888 ns, Reaching safepoint: 191811 ns, At safepoint: 55835188 ns, Total: 56026999 ns
[2020-09-11T16:05:30.796+0000][1][safepoint    ] Safepoint "RevokeBias", Time since last: 946568646 ns, Reaching safepoint: 146542 ns, At safepoint: 20070 ns, Total: 166612 ns
[2020-09-11T16:05:30.880+0000][1][safepoint    ] Safepoint "RevokeBias", Time since last: 84482246 ns, Reaching safepoint: 150763 ns, At safepoint: 21697 ns, Total: 172460 ns
[2020-09-11T16:05:30.920+0000][1][safepoint    ] Safepoint "RevokeBias", Time since last: 39858830 ns, Reaching safepoint: 104293 ns, At safepoint: 23691 ns, Total: 127984 ns
[2020-09-11T16:05:31.917+0000][1][gc,start     ] GC(166) Pause Young (Allocation Failure)
[2020-09-11T16:05:31.921+0000][1][gc,task      ] GC(166) Using 1 workers of 1 for evacuation
[2020-09-11T16:05:31.939+0000][1][gc,age       ] GC(166) Desired survivor size 4358144 bytes, new threshold 6 (max threshold 6)
[2020-09-11T16:05:31.939+0000][1][gc,age       ] GC(166) Age table with threshold 6 (max threshold 6)
[2020-09-11T16:05:31.939+0000][1][gc,age       ] GC(166) - age   1:    2143880 bytes,    2143880 total
[2020-09-11T16:05:31.939+0000][1][gc,age       ] GC(166) - age   2:     147288 bytes,    2291168 total
[2020-09-11T16:05:31.939+0000][1][gc,age       ] GC(166) - age   3:     149040 bytes,    2440208 total
[2020-09-11T16:05:31.939+0000][1][gc,heap      ] GC(166) ParNew: 76630K->5226K(76672K)
[2020-09-11T16:05:31.939+0000][1][gc,heap      ] GC(166) CMS: 111400K->113706K(439104K)
[2020-09-11T16:05:31.939+0000][1][gc,metaspace ] GC(166) Metaspace: 95117K->95117K(1136640K)
[2020-09-11T16:05:31.939+0000][1][gc           ] GC(166) Pause Young (Allocation Failure) 183M->116M(503M) 22.361ms
[2020-09-11T16:05:31.939+0000][1][gc,cpu       ] GC(166) User=0.01s Sys=0.00s Real=0.02s
[2020-09-11T16:05:31.957+0000][1][safepoint    ] Safepoint "GenCollectForAllocation", Time since last: 996318315 ns, Reaching safepoint: 178564 ns, At safepoint: 40143092 ns, Total: 40321656 ns
[2020-09-11T16:05:31.983+0000][1][safepoint    ] Safepoint "RevokeBias", Time since last: 12022781 ns, Reaching safepoint: 14478324 ns, At safepoint: 61323 ns, Total: 14539647 ns
[2020-09-11T16:05:31.985+0000][1][safepoint    ] Safepoint "RevokeBias", Time since last: 1445588 ns, Reaching safepoint: 118528 ns, At safepoint: 44274 ns, Total: 162802 ns
[2020-09-11T16:05:31.985+0000][1][safepoint    ] Safepoint "RevokeBias", Time since last: 52281 ns, Reaching safepoint: 104278 ns, At safepoint: 37188 ns, Total: 141466 ns
[2020-09-11T16:05:31.991+0000][1][safepoint    ] Safepoint "BulkRevokeBias", Time since last: 3598883 ns, Reaching safepoint: 2333133 ns, At safepoint: 254209 ns, Total: 2587342 ns
[2020-09-11T16:05:32.025+0000][1][safepoint    ] Safepoint "RevokeBias", Time since last: 21792210 ns, Reaching safepoint: 12199279 ns, At safepoint: 34335 ns, Total: 12233614 ns
[2020-09-11T16:05:32.174+0000][1][safepoint    ] Safepoint "RevokeBias", Time since last: 148557109 ns, Reaching safepoint: 139915 ns, At safepoint: 21544 ns, Total: 161459 ns
[2020-09-11T16:05:32.229+0000][1][safepoint    ] Safepoint "RevokeBias", Time since last: 55175266 ns, Reaching safepoint: 141897 ns, At safepoint: 21361 ns, Total: 163258 ns
[2020-09-11T16:05:32.243+0000][1][safepoint    ] Safepoint "RevokeBias", Time since last: 13715332 ns, Reaching safepoint: 143625 ns, At safepoint: 19284 ns, Total: 162909 ns
[2020-09-11T16:05:32.274+0000][1][safepoint    ] Safepoint "RevokeBias", Time since last: 30292401 ns, Reaching safepoint: 150834 ns, At safepoint: 20026 ns, Total: 170860 ns
[2020-09-11T16:05:32.274+0000][1][safepoint    ] Safepoint "RevokeBias", Time since last: 52896 ns, Reaching safepoint: 97733 ns, At safepoint: 11869 ns, Total: 109602 ns
[2020-09-11T16:05:32.359+0000][1][safepoint    ] Safepoint "RevokeBias", Time since last: 85425381 ns, Reaching safepoint: 80614 ns, At safepoint: 19256 ns, Total: 99870 ns
[2020-09-11T16:05:33.054+0000][1][gc,start     ] GC(167) Pause Young (Allocation Failure)
[2020-09-11T16:05:33.054+0000][1][gc,task      ] GC(167) Using 1 workers of 1 for evacuation
[2020-09-11T16:05:33.079+0000][1][gc,age       ] GC(167) Desired survivor size 4358144 bytes, new threshold 6 (max threshold 6)
[2020-09-11T16:05:33.079+0000][1][gc,age       ] GC(167) Age table with threshold 6 (max threshold 6)
[2020-09-11T16:05:33.079+0000][1][gc,age       ] GC(167) - age   1:    3385536 bytes,    3385536 total
[2020-09-11T16:05:33.079+0000][1][gc,age       ] GC(167) - age   2:      99496 bytes,    3485032 total
[2020-09-11T16:05:33.079+0000][1][gc,age       ] GC(167) - age   3:     146232 bytes,    3631264 total
[2020-09-11T16:05:33.079+0000][1][gc,age       ] GC(167) - age   4:     148904 bytes,    3780168 total
[2020-09-11T16:05:33.079+0000][1][gc,heap      ] GC(167) ParNew: 73386K->4400K(76672K)
[2020-09-11T16:05:33.079+0000][1][gc,heap      ] GC(167) CMS: 113706K->113706K(439104K)
[2020-09-11T16:05:33.079+0000][1][gc,metaspace ] GC(167) Metaspace: 95126K->95126K(1136640K)
[2020-09-11T16:05:33.079+0000][1][gc           ] GC(167) Pause Young (Allocation Failure) 182M->115M(503M) 24.514ms
[2020-09-11T16:05:33.079+0000][1][gc,cpu       ] GC(167) User=0.01s Sys=0.00s Real=0.02s
[2020-09-11T16:05:33.101+0000][1][safepoint    ] Safepoint "GenCollectForAllocation", Time since last: 694612233 ns, Reaching safepoint: 188884 ns, At safepoint: 46520702 ns, Total: 46709586 ns
[2020-09-11T16:05:33.301+0000][1][safepoint    ] Safepoint "RevokeBias", Time since last: 195395063 ns, Reaching safepoint: 4671801 ns, At safepoint: 32935 ns, Total: 4704736 ns
[2020-09-11T16:05:33.439+0000][1][safepoint    ] Safepoint "RevokeBias", Time since last: 138253274 ns, Reaching safepoint: 147334 ns, At safepoint: 22143 ns, Total: 169477 ns
[2020-09-11T16:05:33.668+0000][1][safepoint    ] Safepoint "RevokeBias", Time since last: 228326752 ns, Reaching safepoint: 158581 ns, At safepoint: 18120 ns, Total: 176701 ns
[2020-09-11T16:05:33.668+0000][1][safepoint    ] Safepoint "RevokeBias", Time since last: 96652 ns, Reaching safepoint: 99287 ns, At safepoint: 11827 ns, Total: 111114 ns
[2020-09-11T16:05:33.668+0000][1][safepoint    ] Safepoint "RevokeBias", Time since last: 49269 ns, Reaching safepoint: 99356 ns, At safepoint: 11265 ns, Total: 110621 ns
[2020-09-11T16:05:33.674+0000][1][safepoint    ] Safepoint "RevokeBias", Time since last: 5389259 ns, Reaching safepoint: 160108 ns, At safepoint: 20561 ns, Total: 180669 ns
[2020-09-11T16:05:33.977+0000][1][safepoint    ] Safepoint "RevokeBias", Time since last: 301147943 ns, Reaching safepoint: 2006033 ns, At safepoint: 22989 ns, Total: 2029022 ns
[2020-09-11T16:05:34.493+0000][1][gc,start     ] GC(168) Pause Young (Allocation Failure)
[2020-09-11T16:05:34.493+0000][1][gc,task      ] GC(168) Using 1 workers of 1 for evacuation
[2020-09-11T16:05:34.512+0000][1][gc,age       ] GC(168) Desired survivor size 4358144 bytes, new threshold 6 (max threshold 6)
[2020-09-11T16:05:34.512+0000][1][gc,age       ] GC(168) Age table with threshold 6 (max threshold 6)
[2020-09-11T16:05:34.512+0000][1][gc,age       ] GC(168) - age   1:     920976 bytes,     920976 total
[2020-09-11T16:05:34.512+0000][1][gc,age       ] GC(168) - age   2:     202120 bytes,    1123096 total
[2020-09-11T16:05:34.512+0000][1][gc,age       ] GC(168) - age   3:      94856 bytes,    1217952 total
[2020-09-11T16:05:34.512+0000][1][gc,age       ] GC(168) - age   4:     146136 bytes,    1364088 total
[2020-09-11T16:05:34.512+0000][1][gc,age       ] GC(168) - age   5:     147664 bytes,    1511752 total
[2020-09-11T16:05:34.512+0000][1][gc,heap      ] GC(168) ParNew: 72560K->3318K(76672K)
[2020-09-11T16:05:34.512+0000][1][gc,heap      ] GC(168) CMS: 113706K->113706K(439104K)
[2020-09-11T16:05:34.512+0000][1][gc,metaspace ] GC(168) Metaspace: 95137K->95137K(1136640K)
[2020-09-11T16:05:34.512+0000][1][gc           ] GC(168) Pause Young (Allocation Failure) 181M->114M(503M) 18.902ms
[2020-09-11T16:05:34.512+0000][1][gc,cpu       ] GC(168) User=0.00s Sys=0.00s Real=0.01s
[2020-09-11T16:05:34.538+0000][1][safepoint    ] Safepoint "GenCollectForAllocation", Time since last: 514548068 ns, Reaching safepoint: 1381612 ns, At safepoint: 44825755 ns, Total: 46207367 ns
[2020-09-11T16:05:34.553+0000][1][safepoint    ] Safepoint "RevokeBias", Time since last: 15416184 ns, Reaching safepoint: 79469 ns, At safepoint: 31727 ns, Total: 111196 ns
[2020-09-11T16:05:34.677+0000][1][safepoint    ] Safepoint "RevokeBias", Time since last: 123008878 ns, Reaching safepoint: 193752 ns, At safepoint: 152664 ns, Total: 346416 ns
[2020-09-11T16:05:34.750+0000][1][safepoint    ] Safepoint "RevokeBias", Time since last: 62063837 ns, Reaching safepoint: 11322278 ns, At safepoint: 30210 ns, Total: 11352488 ns
[2020-09-11T16:05:35.281+0000][1][safepoint    ] Safepoint "RevokeBias", Time since last: 530792614 ns, Reaching safepoint: 123885 ns, At safepoint: 25330 ns, Total: 149215 ns
[2020-09-11T16:05:35.281+0000][1][safepoint    ] Safepoint "RevokeBias", Time since last: 384208 ns, Reaching safepoint: 54945 ns, At safepoint: 13501 ns, Total: 68446 ns
[2020-09-11T16:05:35.312+0000][1][safepoint    ] Safepoint "RevokeBias", Time since last: 28972467 ns, Reaching safepoint: 1030159 ns, At safepoint: 149547 ns, Total: 1179706 ns
[2020-09-11T16:05:35.521+0000][1][safepoint    ] Safepoint "RevokeBias", Time since last: 206671399 ns, Reaching safepoint: 2667262 ns, At safepoint: 28635 ns, Total: 2695897 ns
[2020-09-11T16:05:35.603+0000][1][safepoint    ] Safepoint "RevokeBias", Time since last: 82329801 ns, Reaching safepoint: 147359 ns, At safepoint: 20193 ns, Total: 167552 ns
[2020-09-11T16:05:35.632+0000][1][safepoint    ] Safepoint "RevokeBias", Time since last: 28364979 ns, Reaching safepoint: 141199 ns, At safepoint: 21801 ns, Total: 163000 ns
[2020-09-11T16:05:35.632+0000][1][safepoint    ] Safepoint "RevokeBias", Time since last: 258177 ns, Reaching safepoint: 28523 ns, At safepoint: 12418 ns, Total: 40941 ns
[2020-09-11T16:05:35.632+0000][1][safepoint    ] Safepoint "RevokeBias", Time since last: 175151 ns, Reaching safepoint: 26668 ns, At safepoint: 10026 ns, Total: 36694 ns
[2020-09-11T16:05:35.790+0000][1][safepoint    ] Safepoint "RevokeBias", Time since last: 157074244 ns, Reaching safepoint: 295601 ns, At safepoint: 21047 ns, Total: 316648 ns
[2020-09-11T16:05:35.834+0000][1][safepoint    ] Safepoint "RevokeBias", Time since last: 35139317 ns, Reaching safepoint: 9014041 ns, At safepoint: 34036 ns, Total: 9048077 ns
[2020-09-11T16:05:35.978+0000][1][gc,start     ] GC(169) Pause Young (Allocation Failure)
[2020-09-11T16:05:35.978+0000][1][gc,task      ] GC(169) Using 1 workers of 1 for evacuation
[2020-09-11T16:05:35.989+0000][1][gc,age       ] GC(169) Desired survivor size 4358144 bytes, new threshold 6 (max threshold 6)
[2020-09-11T16:05:35.989+0000][1][gc,age       ] GC(169) Age table with threshold 6 (max threshold 6)
[2020-09-11T16:05:35.989+0000][1][gc,age       ] GC(169) - age   1:    1123704 bytes,    1123704 total
[2020-09-11T16:05:35.989+0000][1][gc,age       ] GC(169) - age   2:     179152 bytes,    1302856 total
[2020-09-11T16:05:35.989+0000][1][gc,age       ] GC(169) - age   3:     190480 bytes,    1493336 total
[2020-09-11T16:05:35.989+0000][1][gc,age       ] GC(169) - age   4:      92928 bytes,    1586264 total
[2020-09-11T16:05:35.989+0000][1][gc,age       ] GC(169) - age   5:     143624 bytes,    1729888 total
[2020-09-11T16:05:35.989+0000][1][gc,age       ] GC(169) - age   6:     147600 bytes,    1877488 total
[2020-09-11T16:05:35.989+0000][1][gc,heap      ] GC(169) ParNew: 71478K->2766K(76672K)
[2020-09-11T16:05:35.989+0000][1][gc,heap      ] GC(169) CMS: 113706K->113706K(439104K)
[2020-09-11T16:05:35.989+0000][1][gc,metaspace ] GC(169) Metaspace: 95157K->95157K(1136640K)
[2020-09-11T16:05:35.989+0000][1][gc           ] GC(169) Pause Young (Allocation Failure) 180M->113M(503M) 10.762ms
[2020-09-11T16:05:35.989+0000][1][gc,cpu       ] GC(169) User=0.01s Sys=0.00s Real=0.01s
[2020-09-11T16:05:36.001+0000][1][safepoint    ] Safepoint "GenCollectForAllocation", Time since last: 143709618 ns, Reaching safepoint: 153646 ns, At safepoint: 22699217 ns, Total: 22852863 ns
[2020-09-11T16:05:36.662+0000][1][gc,start     ] GC(170) Pause Young (Allocation Failure)
[2020-09-11T16:05:36.662+0000][1][gc,task      ] GC(170) Using 1 workers of 1 for evacuation
[2020-09-11T16:05:36.681+0000][1][gc,age       ] GC(170) Desired survivor size 4358144 bytes, new threshold 6 (max threshold 6)
[2020-09-11T16:05:36.681+0000][1][gc,age       ] GC(170) Age table with threshold 6 (max threshold 6)
[2020-09-11T16:05:36.681+0000][1][gc,age       ] GC(170) - age   1:    1594032 bytes,    1594032 total
[2020-09-11T16:05:36.681+0000][1][gc,age       ] GC(170) - age   2:     676344 bytes,    2270376 total
[2020-09-11T16:05:36.681+0000][1][gc,age       ] GC(170) - age   3:     178248 bytes,    2448624 total
[2020-09-11T16:05:36.681+0000][1][gc,age       ] GC(170) - age   4:     190256 bytes,    2638880 total
[2020-09-11T16:05:36.681+0000][1][gc,age       ] GC(170) - age   5:      92128 bytes,    2731008 total
[2020-09-11T16:05:36.681+0000][1][gc,age       ] GC(170) - age   6:     143624 bytes,    2874632 total
[2020-09-11T16:05:36.681+0000][1][gc,heap      ] GC(170) ParNew: 70641K->3441K(76672K)
[2020-09-11T16:05:36.681+0000][1][gc,heap      ] GC(170) CMS: 113706K->113851K(439104K)
[2020-09-11T16:05:36.681+0000][1][gc,metaspace ] GC(170) Metaspace: 95167K->95167K(1136640K)
[2020-09-11T16:05:36.681+0000][1][gc           ] GC(170) Pause Young (Allocation Failure) 180M->114M(503M) 19.759ms
[2020-09-11T16:05:36.681+0000][1][gc,cpu       ] GC(170) User=0.01s Sys=0.00s Real=0.02s
[2020-09-11T16:05:36.719+0000][1][safepoint    ] Safepoint "GenCollectForAllocation", Time since last: 660857891 ns, Reaching safepoint: 185133 ns, At safepoint: 57121642 ns, Total: 57306775 ns
[2020-09-11T16:05:36.727+0000][1][safepoint    ] Safepoint "RevokeBias", Time since last: 7590448 ns, Reaching safepoint: 150321 ns, At safepoint: 18726 ns, Total: 169047 ns
[2020-09-11T16:05:36.873+0000][1][safepoint    ] Safepoint "RevokeBias", Time since last: 146664155 ns, Reaching safepoint: 150334 ns, At safepoint: 20991 ns, Total: 171325 ns
[2020-09-11T16:05:37.204+0000][1][safepoint    ] Safepoint "RevokeBias", Time since last: 330107056 ns, Reaching safepoint: 217891 ns, At safepoint: 19725 ns, Total: 237616 ns
[2020-09-11T16:05:37.893+0000][1][gc,start     ] GC(171) Pause Young (Allocation Failure)
[2020-09-11T16:05:37.893+0000][1][gc,task      ] GC(171) Using 1 workers of 1 for evacuation
[2020-09-11T16:05:37.903+0000][1][gc,age       ] GC(171) Desired survivor size 4358144 bytes, new threshold 6 (max threshold 6)
[2020-09-11T16:05:37.903+0000][1][gc,age       ] GC(171) Age table with threshold 6 (max threshold 6)
[2020-09-11T16:05:37.903+0000][1][gc,age       ] GC(171) - age   1:    1889152 bytes,    1889152 total
[2020-09-11T16:05:37.903+0000][1][gc,age       ] GC(171) - age   2:      24832 bytes,    1913984 total
[2020-09-11T16:05:37.903+0000][1][gc,age       ] GC(171) - age   3:     417160 bytes,    2331144 total
[2020-09-11T16:05:37.903+0000][1][gc,age       ] GC(171) - age   4:     177112 bytes,    2508256 total
[2020-09-11T16:05:37.903+0000][1][gc,age       ] GC(171) - age   5:     189808 bytes,    2698064 total
[2020-09-11T16:05:37.903+0000][1][gc,age       ] GC(171) - age   6:      91808 bytes,    2789872 total
[2020-09-11T16:05:37.903+0000][1][gc,heap      ] GC(171) ParNew: 71195K->5071K(76672K)
[2020-09-11T16:05:37.903+0000][1][gc,heap      ] GC(171) CMS: 113851K->113992K(439104K)
[2020-09-11T16:05:37.903+0000][1][gc,metaspace ] GC(171) Metaspace: 95186K->95186K(1136640K)
[2020-09-11T16:05:37.903+0000][1][gc           ] GC(171) Pause Young (Allocation Failure) 180M->116M(503M) 10.330ms
[2020-09-11T16:05:37.903+0000][1][gc,cpu       ] GC(171) User=0.01s Sys=0.00s Real=0.01s
[2020-09-11T16:05:37.916+0000][1][safepoint    ] Safepoint "GenCollectForAllocation", Time since last: 688908222 ns, Reaching safepoint: 168119 ns, At safepoint: 22776741 ns, Total: 22944860 ns
[2020-09-11T16:05:37.941+0000][1][safepoint    ] Safepoint "RevokeBias", Time since last: 21012640 ns, Reaching safepoint: 4306336 ns, At safepoint: 29009 ns, Total: 4335345 ns
[2020-09-11T16:05:37.995+0000][1][safepoint    ] Safepoint "RevokeBias", Time since last: 54289343 ns, Reaching safepoint: 140830 ns, At safepoint: 21061 ns, Total: 161891 ns
[2020-09-11T16:05:38.000+0000][1][safepoint    ] Safepoint "RevokeBias", Time since last: 4148996 ns, Reaching safepoint: 141763 ns, At safepoint: 9176 ns, Total: 150939 ns
[2020-09-11T16:05:39.001+0000][1][safepoint    ] Safepoint "Cleanup", Time since last: 1001136218 ns, Reaching safepoint: 98508 ns, At safepoint: 7955 ns, Total: 106463 ns
[2020-09-11T16:05:39.065+0000][1][gc,start     ] GC(172) Pause Young (Allocation Failure)
[2020-09-11T16:05:39.065+0000][1][gc,task      ] GC(172) Using 1 workers of 1 for evacuation
[2020-09-11T16:05:39.080+0000][1][gc,age       ] GC(172) Desired survivor size 4358144 bytes, new threshold 6 (max threshold 6)
[2020-09-11T16:05:39.080+0000][1][gc,age       ] GC(172) Age table with threshold 6 (max threshold 6)
[2020-09-11T16:05:39.080+0000][1][gc,age       ] GC(172) - age   1:    1338128 bytes,    1338128 total
[2020-09-11T16:05:39.080+0000][1][gc,age       ] GC(172) - age   2:      78120 bytes,    1416248 total
[2020-09-11T16:05:39.080+0000][1][gc,age       ] GC(172) - age   3:      22392 bytes,    1438640 total
[2020-09-11T16:05:39.080+0000][1][gc,age       ] GC(172) - age   4:     342712 bytes,    1781352 total
[2020-09-11T16:05:39.080+0000][1][gc,age       ] GC(172) - age   5:     108224 bytes,    1889576 total
[2020-09-11T16:05:39.080+0000][1][gc,age       ] GC(172) - age   6:     122960 bytes,    2012536 total
[2020-09-11T16:05:39.080+0000][1][gc,heap      ] GC(172) ParNew: 72981K->3311K(76672K)
[2020-09-11T16:05:39.080+0000][1][gc,heap      ] GC(172) CMS: 113992K->114010K(439104K)
[2020-09-11T16:05:39.080+0000][1][gc,metaspace ] GC(172) Metaspace: 95190K->95190K(1136640K)
[2020-09-11T16:05:39.081+0000][1][gc           ] GC(172) Pause Young (Allocation Failure) 182M->114M(503M) 15.553ms
[2020-09-11T16:05:39.081+0000][1][gc,cpu       ] GC(172) User=0.01s Sys=0.00s Real=0.01s
[2020-09-11T16:05:39.085+0000][1][safepoint    ] Safepoint "GenCollectForAllocation", Time since last: 63902630 ns, Reaching safepoint: 154478 ns, At safepoint: 19833317 ns, Total: 19987795 ns
[2020-09-11T16:05:39.095+0000][1][safepoint    ] Safepoint "RevokeBias", Time since last: 10539083 ns, Reaching safepoint: 72626 ns, At safepoint: 30420 ns, Total: 103046 ns
[2020-09-11T16:05:39.176+0000][1][safepoint    ] Safepoint "BulkRevokeBias", Time since last: 75524579 ns, Reaching safepoint: 4382342 ns, At safepoint: 384533 ns, Total: 4766875 ns
[2020-09-11T16:05:40.176+0000][1][safepoint    ] Safepoint "Cleanup", Time since last: 1000119828 ns, Reaching safepoint: 263078 ns, At safepoint: 7901 ns, Total: 270979 ns
[2020-09-11T16:05:40.365+0000][1][gc,start     ] GC(173) Pause Young (Allocation Failure)
[2020-09-11T16:05:40.365+0000][1][gc,task      ] GC(173) Using 1 workers of 1 for evacuation
[2020-09-11T16:05:40.390+0000][1][gc,age       ] GC(173) Desired survivor size 4358144 bytes, new threshold 5 (max threshold 6)
[2020-09-11T16:05:40.390+0000][1][gc,age       ] GC(173) Age table with threshold 5 (max threshold 6)
[2020-09-11T16:05:40.390+0000][1][gc,age       ] GC(173) - age   1:    3930640 bytes,    3930640 total
[2020-09-11T16:05:40.390+0000][1][gc,age       ] GC(173) - age   2:     137072 bytes,    4067712 total
[2020-09-11T16:05:40.390+0000][1][gc,age       ] GC(173) - age   3:      76184 bytes,    4143896 total
[2020-09-11T16:05:40.390+0000][1][gc,age       ] GC(173) - age   4:      21120 bytes,    4165016 total
[2020-09-11T16:05:40.390+0000][1][gc,age       ] GC(173) - age   5:     342648 bytes,    4507664 total
[2020-09-11T16:05:40.390+0000][1][gc,age       ] GC(173) - age   6:     108128 bytes,    4615792 total
[2020-09-11T16:05:40.390+0000][1][gc,heap      ] GC(173) ParNew: 71471K->4603K(76672K)
[2020-09-11T16:05:40.390+0000][1][gc,heap      ] GC(173) CMS: 114010K->114137K(439104K)
[2020-09-11T16:05:40.390+0000][1][gc,metaspace ] GC(173) Metaspace: 95190K->95190K(1136640K)
[2020-09-11T16:05:40.390+0000][1][gc           ] GC(173) Pause Young (Allocation Failure) 181M->115M(503M) 24.644ms
[2020-09-11T16:05:40.390+0000][1][gc,cpu       ] GC(173) User=0.02s Sys=0.00s Real=0.02s
[2020-09-11T16:05:40.405+0000][1][safepoint    ] Safepoint "GenCollectForAllocation", Time since last: 188707517 ns, Reaching safepoint: 608942 ns, At safepoint: 39482244 ns, Total: 40091186 ns
[2020-09-11T16:05:40.417+0000][1][safepoint    ] Safepoint "RevokeBias", Time since last: 2234425 ns, Reaching safepoint: 9751244 ns, At safepoint: 184477 ns, Total: 9935721 ns
[2020-09-11T16:05:40.546+0000][1][safepoint    ] Safepoint "RevokeBias", Time since last: 128981147 ns, Reaching safepoint: 184006 ns, At safepoint: 179810 ns, Total: 363816 ns
[2020-09-11T16:05:41.547+0000][1][safepoint    ] Safepoint "Cleanup", Time since last: 1000100269 ns, Reaching safepoint: 123779 ns, At safepoint: 10926 ns, Total: 134705 ns
[2020-09-11T16:05:41.573+0000][1][safepoint    ] Safepoint "RevokeBias", Time since last: 26147885 ns, Reaching safepoint: 194184 ns, At safepoint: 134160 ns, Total: 328344 ns
[2020-09-11T16:05:41.591+0000][1][safepoint    ] Safepoint "RevokeBias", Time since last: 17314387 ns, Reaching safepoint: 178017 ns, At safepoint: 139496 ns, Total: 317513 ns
[2020-09-11T16:05:41.949+0000][1][safepoint    ] Safepoint "RevokeBias", Time since last: 357657510 ns, Reaching safepoint: 189192 ns, At safepoint: 20550 ns, Total: 209742 ns
[2020-09-11T16:05:41.952+0000][1][safepoint    ] Safepoint "RevokeBias", Time since last: 3265925 ns, Reaching safepoint: 166474 ns, At safepoint: 44796 ns, Total: 211270 ns
[2020-09-11T16:05:41.952+0000][1][safepoint    ] Safepoint "RevokeBias", Time since last: 79423 ns, Reaching safepoint: 43370 ns, At safepoint: 11448 ns, Total: 54818 ns
[2020-09-11T16:05:41.952+0000][1][safepoint    ] Safepoint "RevokeBias", Time since last: 45010 ns, Reaching safepoint: 41872 ns, At safepoint: 11079 ns, Total: 52951 ns
[2020-09-11T16:05:41.952+0000][1][safepoint    ] Safepoint "RevokeBias", Time since last: 44425 ns, Reaching safepoint: 41451 ns, At safepoint: 10422 ns, Total: 51873 ns
[2020-09-11T16:05:41.953+0000][1][safepoint    ] Safepoint "RevokeBias", Time since last: 46914 ns, Reaching safepoint: 41283 ns, At safepoint: 9736 ns, Total: 51019 ns
[2020-09-11T16:05:41.953+0000][1][safepoint    ] Safepoint "RevokeBias", Time since last: 872593 ns, Reaching safepoint: 45897 ns, At safepoint: 10870 ns, Total: 56767 ns
[2020-09-11T16:05:41.954+0000][1][safepoint    ] Safepoint "RevokeBias", Time since last: 40127 ns, Reaching safepoint: 40685 ns, At safepoint: 9756 ns, Total: 50441 ns
[2020-09-11T16:05:42.794+0000][1][gc,start     ] GC(174) Pause Young (Allocation Failure)
[2020-09-11T16:05:42.794+0000][1][gc,task      ] GC(174) Using 1 workers of 1 for evacuation
[2020-09-11T16:05:42.807+0000][1][gc,age       ] GC(174) Desired survivor size 4358144 bytes, new threshold 6 (max threshold 6)
[2020-09-11T16:05:42.807+0000][1][gc,age       ] GC(174) Age table with threshold 6 (max threshold 6)
[2020-09-11T16:05:42.807+0000][1][gc,age       ] GC(174) - age   1:    3084816 bytes,    3084816 total
[2020-09-11T16:05:42.807+0000][1][gc,age       ] GC(174) - age   2:      69808 bytes,    3154624 total
[2020-09-11T16:05:42.807+0000][1][gc,age       ] GC(174) - age   3:     133512 bytes,    3288136 total
[2020-09-11T16:05:42.807+0000][1][gc,age       ] GC(174) - age   4:      75400 bytes,    3363536 total
[2020-09-11T16:05:42.807+0000][1][gc,age       ] GC(174) - age   5:      20320 bytes,    3383856 total
[2020-09-11T16:05:42.807+0000][1][gc,heap      ] GC(174) ParNew: 72763K->3668K(76672K)
[2020-09-11T16:05:42.807+0000][1][gc,heap      ] GC(174) CMS: 114137K->114591K(439104K)
[2020-09-11T16:05:42.807+0000][1][gc,metaspace ] GC(174) Metaspace: 95193K->95193K(1136640K)
[2020-09-11T16:05:42.807+0000][1][gc           ] GC(174) Pause Young (Allocation Failure) 182M->115M(503M) 13.508ms
[2020-09-11T16:05:42.807+0000][1][gc,cpu       ] GC(174) User=0.01s Sys=0.00s Real=0.01s
[2020-09-11T16:05:42.813+0000][1][safepoint    ] Safepoint "GenCollectForAllocation", Time since last: 839811953 ns, Reaching safepoint: 199860 ns, At safepoint: 19460736 ns, Total: 19660596 ns
[2020-09-11T16:05:43.552+0000][1][safepoint    ] Safepoint "RevokeBias", Time since last: 738749407 ns, Reaching safepoint: 105671 ns, At safepoint: 20842 ns, Total: 126513 ns
[2020-09-11T16:05:43.695+0000][1][safepoint    ] Safepoint "RevokeBias", Time since last: 142677903 ns, Reaching safepoint: 173263 ns, At safepoint: 23588 ns, Total: 196851 ns
[2020-09-11T16:05:43.741+0000][1][gc,start     ] GC(175) Pause Young (Allocation Failure)
[2020-09-11T16:05:43.741+0000][1][gc,task      ] GC(175) Using 1 workers of 1 for evacuation
[2020-09-11T16:05:43.746+0000][1][gc,age       ] GC(175) Desired survivor size 4358144 bytes, new threshold 6 (max threshold 6)
[2020-09-11T16:05:43.746+0000][1][gc,age       ] GC(175) Age table with threshold 6 (max threshold 6)
[2020-09-11T16:05:43.746+0000][1][gc,age       ] GC(175) - age   1:     777368 bytes,     777368 total
[2020-09-11T16:05:43.746+0000][1][gc,age       ] GC(175) - age   2:     518304 bytes,    1295672 total
[2020-09-11T16:05:43.746+0000][1][gc,age       ] GC(175) - age   3:      67664 bytes,    1363336 total
[2020-09-11T16:05:43.746+0000][1][gc,age       ] GC(175) - age   4:     131648 bytes,    1494984 total
[2020-09-11T16:05:43.746+0000][1][gc,age       ] GC(175) - age   5:      75400 bytes,    1570384 total
[2020-09-11T16:05:43.746+0000][1][gc,age       ] GC(175) - age   6:      20320 bytes,    1590704 total
[2020-09-11T16:05:43.746+0000][1][gc,heap      ] GC(175) ParNew: 71828K->3395K(76672K)
[2020-09-11T16:05:43.746+0000][1][gc,heap      ] GC(175) CMS: 114591K->114591K(439104K)
[2020-09-11T16:05:43.746+0000][1][gc,metaspace ] GC(175) Metaspace: 95199K->95199K(1136640K)
[2020-09-11T16:05:43.746+0000][1][gc           ] GC(175) Pause Young (Allocation Failure) 182M->115M(503M) 4.851ms
[2020-09-11T16:05:43.746+0000][1][gc,cpu       ] GC(175) User=0.01s Sys=0.00s Real=0.00s
[2020-09-11T16:05:43.764+0000][1][safepoint    ] Safepoint "GenCollectForAllocation", Time since last: 42027863 ns, Reaching safepoint: 4227744 ns, At safepoint: 22970912 ns, Total: 27198656 ns
[2020-09-11T16:05:43.862+0000][1][safepoint    ] Safepoint "RevokeBias", Time since last: 91938363 ns, Reaching safepoint: 5991913 ns, At safepoint: 28805 ns, Total: 6020718 ns
[2020-09-11T16:05:44.138+0000][1][safepoint    ] Safepoint "RevokeBias", Time since last: 275859086 ns, Reaching safepoint: 101476 ns, At safepoint: 24150 ns, Total: 125626 ns
[2020-09-11T16:05:44.939+0000][1][safepoint    ] Safepoint "RevokeBias", Time since last: 800564043 ns, Reaching safepoint: 166673 ns, At safepoint: 23368 ns, Total: 190041 ns
[2020-09-11T16:05:44.991+0000][1][safepoint    ] Safepoint "RevokeBias", Time since last: 51803464 ns, Reaching safepoint: 141384 ns, At safepoint: 21890 ns, Total: 163274 ns
[2020-09-11T16:05:45.246+0000][1][gc,start     ] GC(176) Pause Young (Allocation Failure)
[2020-09-11T16:05:45.247+0000][1][gc,task      ] GC(176) Using 1 workers of 1 for evacuation
[2020-09-11T16:05:45.264+0000][1][gc,age       ] GC(176) Desired survivor size 4358144 bytes, new threshold 6 (max threshold 6)
[2020-09-11T16:05:45.264+0000][1][gc,age       ] GC(176) Age table with threshold 6 (max threshold 6)
[2020-09-11T16:05:45.264+0000][1][gc,age       ] GC(176) - age   1:    1575016 bytes,    1575016 total
[2020-09-11T16:05:45.264+0000][1][gc,age       ] GC(176) - age   2:       9704 bytes,    1584720 total
[2020-09-11T16:05:45.264+0000][1][gc,age       ] GC(176) - age   3:     148552 bytes,    1733272 total
[2020-09-11T16:05:45.264+0000][1][gc,age       ] GC(176) - age   4:      67232 bytes,    1800504 total
[2020-09-11T16:05:45.264+0000][1][gc,age       ] GC(176) - age   5:     131616 bytes,    1932120 total
[2020-09-11T16:05:45.264+0000][1][gc,age       ] GC(176) - age   6:      75400 bytes,    2007520 total
[2020-09-11T16:05:45.264+0000][1][gc,heap      ] GC(176) ParNew: 71555K->2862K(76672K)
[2020-09-11T16:05:45.264+0000][1][gc,heap      ] GC(176) CMS: 114591K->114611K(439104K)
[2020-09-11T16:05:45.264+0000][1][gc,metaspace ] GC(176) Metaspace: 95204K->95204K(1136640K)
[2020-09-11T16:05:45.264+0000][1][gc           ] GC(176) Pause Young (Allocation Failure) 181M->114M(503M) 17.257ms
[2020-09-11T16:05:45.264+0000][1][gc,cpu       ] GC(176) User=0.00s Sys=0.00s Real=0.02s
[2020-09-11T16:05:45.270+0000][1][safepoint    ] Safepoint "GenCollectForAllocation", Time since last: 255603340 ns, Reaching safepoint: 183926 ns, At safepoint: 23153751 ns, Total: 23337677 ns
[2020-09-11T16:05:46.025+0000][1][safepoint    ] Safepoint "RevokeBias", Time since last: 754829240 ns, Reaching safepoint: 164577 ns, At safepoint: 20210 ns, Total: 184787 ns
[2020-09-11T16:05:46.058+0000][1][safepoint    ] Safepoint "RevokeBias", Time since last: 33237661 ns, Reaching safepoint: 141530 ns, At safepoint: 22774 ns, Total: 164304 ns
[2020-09-11T16:05:47.058+0000][1][safepoint    ] Safepoint "Cleanup", Time since last: 1000156985 ns, Reaching safepoint: 109346 ns, At safepoint: 8774 ns, Total: 118120 ns
[2020-09-11T16:05:47.493+0000][1][gc,start     ] GC(177) Pause Young (Allocation Failure)
[2020-09-11T16:05:47.493+0000][1][gc,task      ] GC(177) Using 1 workers of 1 for evacuation
[2020-09-11T16:05:47.517+0000][1][gc,age       ] GC(177) Desired survivor size 4358144 bytes, new threshold 6 (max threshold 6)
[2020-09-11T16:05:47.517+0000][1][gc,age       ] GC(177) Age table with threshold 6 (max threshold 6)
[2020-09-11T16:05:47.517+0000][1][gc,age       ] GC(177) - age   1:    3115656 bytes,    3115656 total
[2020-09-11T16:05:47.517+0000][1][gc,age       ] GC(177) - age   2:     140816 bytes,    3256472 total
[2020-09-11T16:05:47.517+0000][1][gc,age       ] GC(177) - age   3:       8352 bytes,    3264824 total
[2020-09-11T16:05:47.517+0000][1][gc,age       ] GC(177) - age   4:     147000 bytes,    3411824 total
[2020-09-11T16:05:47.517+0000][1][gc,age       ] GC(177) - age   5:      67232 bytes,    3479056 total
[2020-09-11T16:05:47.517+0000][1][gc,age       ] GC(177) - age   6:     131616 bytes,    3610672 total
[2020-09-11T16:05:47.517+0000][1][gc,heap      ] GC(177) ParNew: 71022K->3656K(76672K)
[2020-09-11T16:05:47.517+0000][1][gc,heap      ] GC(177) CMS: 114611K->114685K(439104K)
[2020-09-11T16:05:47.517+0000][1][gc,metaspace ] GC(177) Metaspace: 95204K->95204K(1136640K)
[2020-09-11T16:05:47.517+0000][1][gc           ] GC(177) Pause Young (Allocation Failure) 181M->115M(503M) 24.728ms
[2020-09-11T16:05:47.517+0000][1][gc,cpu       ] GC(177) User=0.02s Sys=0.00s Real=0.03s
[2020-09-11T16:05:47.519+0000][1][safepoint    ] Safepoint "GenCollectForAllocation", Time since last: 434056057 ns, Reaching safepoint: 191646 ns, At safepoint: 26915426 ns, Total: 27107072 ns
[2020-09-11T16:05:48.132+0000][1][safepoint    ] Safepoint "RevokeBias", Time since last: 612564379 ns, Reaching safepoint: 233654 ns, At safepoint: 193529 ns, Total: 427183 ns
[2020-09-11T16:05:48.239+0000][1][safepoint    ] Safepoint "RevokeBias", Time since last: 106647458 ns, Reaching safepoint: 190658 ns, At safepoint: 184143 ns, Total: 374801 ns
[2020-09-11T16:05:48.280+0000][1][safepoint    ] Safepoint "RevokeBias", Time since last: 29989069 ns, Reaching safepoint: 10617349 ns, At safepoint: 29914 ns, Total: 10647263 ns
[2020-09-11T16:05:48.281+0000][1][safepoint    ] Safepoint "RevokeBias", Time since last: 661359 ns, Reaching safepoint: 131507 ns, At safepoint: 15402 ns, Total: 146909 ns
[2020-09-11T16:05:48.281+0000][1][safepoint    ] Safepoint "RevokeBias", Time since last: 320306 ns, Reaching safepoint: 115731 ns, At safepoint: 14065 ns, Total: 129796 ns
[2020-09-11T16:05:48.282+0000][1][safepoint    ] Safepoint "RevokeBias", Time since last: 79831 ns, Reaching safepoint: 112052 ns, At safepoint: 12589 ns, Total: 124641 ns
[2020-09-11T16:05:48.282+0000][1][safepoint    ] Safepoint "RevokeBias", Time since last: 81789 ns, Reaching safepoint: 111319 ns, At safepoint: 12161 ns, Total: 123480 ns
[2020-09-11T16:05:48.787+0000][1][gc,start     ] GC(178) Pause Young (Allocation Failure)
[2020-09-11T16:05:48.787+0000][1][gc,task      ] GC(178) Using 1 workers of 1 for evacuation
[2020-09-11T16:05:48.817+0000][1][gc,age       ] GC(178) Desired survivor size 4358144 bytes, new threshold 6 (max threshold 6)
[2020-09-11T16:05:48.817+0000][1][gc,age       ] GC(178) Age table with threshold 6 (max threshold 6)
[2020-09-11T16:05:48.817+0000][1][gc,age       ] GC(178) - age   1:    2711784 bytes,    2711784 total
[2020-09-11T16:05:48.817+0000][1][gc,age       ] GC(178) - age   2:      72760 bytes,    2784544 total
[2020-09-11T16:05:48.817+0000][1][gc,age       ] GC(178) - age   3:     136568 bytes,    2921112 total
[2020-09-11T16:05:48.817+0000][1][gc,age       ] GC(178) - age   4:       6800 bytes,    2927912 total
[2020-09-11T16:05:48.817+0000][1][gc,age       ] GC(178) - age   5:     146968 bytes,    3074880 total
[2020-09-11T16:05:48.817+0000][1][gc,age       ] GC(178) - age   6:      67232 bytes,    3142112 total
[2020-09-11T16:05:48.817+0000][1][gc,heap      ] GC(178) ParNew: 71816K->3101K(76672K)
[2020-09-11T16:05:48.817+0000][1][gc,heap      ] GC(178) CMS: 114685K->114814K(439104K)
[2020-09-11T16:05:48.817+0000][1][gc,metaspace ] GC(178) Metaspace: 95219K->95219K(1136640K)
[2020-09-11T16:05:48.818+0000][1][gc           ] GC(178) Pause Young (Allocation Failure) 182M->115M(503M) 30.576ms
[2020-09-11T16:05:48.818+0000][1][gc,cpu       ] GC(178) User=0.01s Sys=0.00s Real=0.03s
[2020-09-11T16:05:48.829+0000][1][safepoint    ] Safepoint "GenCollectForAllocation", Time since last: 504988563 ns, Reaching safepoint: 164963 ns, At safepoint: 41872745 ns, Total: 42037708 ns
[2020-09-11T16:05:49.318+0000][1][safepoint    ] Safepoint "RevokeBias", Time since last: 488004296 ns, Reaching safepoint: 904050 ns, At safepoint: 209313 ns, Total: 1113363 ns
[2020-09-11T16:05:49.378+0000][1][safepoint    ] Safepoint "RevokeBias", Time since last: 56208024 ns, Reaching safepoint: 3351925 ns, At safepoint: 222766 ns, Total: 3574691 ns
[2020-09-11T16:05:49.390+0000][1][gc,start     ] GC(179) Pause Young (Allocation Failure)
[2020-09-11T16:05:49.390+0000][1][gc,task      ] GC(179) Using 1 workers of 1 for evacuation
[2020-09-11T16:05:49.401+0000][1][gc,age       ] GC(179) Desired survivor size 4358144 bytes, new threshold 6 (max threshold 6)
[2020-09-11T16:05:49.401+0000][1][gc,age       ] GC(179) Age table with threshold 6 (max threshold 6)
[2020-09-11T16:05:49.401+0000][1][gc,age       ] GC(179) - age   1:    3098264 bytes,    3098264 total
[2020-09-11T16:05:49.401+0000][1][gc,age       ] GC(179) - age   2:     451968 bytes,    3550232 total
[2020-09-11T16:05:49.401+0000][1][gc,age       ] GC(179) - age   3:      71248 bytes,    3621480 total
[2020-09-11T16:05:49.401+0000][1][gc,age       ] GC(179) - age   4:     135264 bytes,    3756744 total
[2020-09-11T16:05:49.401+0000][1][gc,age       ] GC(179) - age   5:       6800 bytes,    3763544 total
[2020-09-11T16:05:49.401+0000][1][gc,age       ] GC(179) - age   6:     146968 bytes,    3910512 total
[2020-09-11T16:05:49.402+0000][1][gc,heap      ] GC(179) ParNew: 71261K->6153K(76672K)
[2020-09-11T16:05:49.402+0000][1][gc,heap      ] GC(179) CMS: 114814K->114880K(439104K)
[2020-09-11T16:05:49.402+0000][1][gc,metaspace ] GC(179) Metaspace: 95227K->95227K(1136640K)
[2020-09-11T16:05:49.402+0000][1][gc           ] GC(179) Pause Young (Allocation Failure) 181M->118M(503M) 11.334ms
[2020-09-11T16:05:49.402+0000][1][gc,cpu       ] GC(179) User=0.01s Sys=0.00s Real=0.02s
[2020-09-11T16:05:49.421+0000][1][safepoint    ] Safepoint "GenCollectForAllocation", Time since last: 9225379 ns, Reaching safepoint: 3290460 ns, At safepoint: 30567956 ns, Total: 33858416 ns
[2020-09-11T16:05:49.726+0000][1][safepoint    ] Safepoint "BulkRevokeBias", Time since last: 299364535 ns, Reaching safepoint: 5447971 ns, At safepoint: 654309 ns, Total: 6102280 ns
[2020-09-11T16:05:49.965+0000][1][safepoint    ] Safepoint "RevokeBias", Time since last: 238641215 ns, Reaching safepoint: 173163 ns, At safepoint: 22334 ns, Total: 195497 ns
[2020-09-11T16:05:50.406+0000][1][gc,start     ] GC(180) Pause Young (Allocation Failure)
[2020-09-11T16:05:50.406+0000][1][gc,task      ] GC(180) Using 1 workers of 1 for evacuation
[2020-09-11T16:05:50.413+0000][1][gc,age       ] GC(180) Desired survivor size 4358144 bytes, new threshold 6 (max threshold 6)
[2020-09-11T16:05:50.413+0000][1][gc,age       ] GC(180) Age table with threshold 6 (max threshold 6)
[2020-09-11T16:05:50.414+0000][1][gc,age       ] GC(180) - age   1:    2324672 bytes,    2324672 total
[2020-09-11T16:05:50.414+0000][1][gc,age       ] GC(180) - age   2:    1123784 bytes,    3448456 total
[2020-09-11T16:05:50.414+0000][1][gc,age       ] GC(180) - age   3:      87152 bytes,    3535608 total
[2020-09-11T16:05:50.414+0000][1][gc,age       ] GC(180) - age   4:      69544 bytes,    3605152 total
[2020-09-11T16:05:50.414+0000][1][gc,age       ] GC(180) - age   5:     134608 bytes,    3739760 total
[2020-09-11T16:05:50.414+0000][1][gc,age       ] GC(180) - age   6:       6800 bytes,    3746560 total
[2020-09-11T16:05:50.414+0000][1][gc,heap      ] GC(180) ParNew: 74313K->7266K(76672K)
[2020-09-11T16:05:50.414+0000][1][gc,heap      ] GC(180) CMS: 114880K->115024K(439104K)
[2020-09-11T16:05:50.414+0000][1][gc,metaspace ] GC(180) Metaspace: 95233K->95233K(1136640K)
[2020-09-11T16:05:50.414+0000][1][gc           ] GC(180) Pause Young (Allocation Failure) 184M->119M(503M) 7.324ms
[2020-09-11T16:05:50.414+0000][1][gc,cpu       ] GC(180) User=0.00s Sys=0.00s Real=0.01s
[2020-09-11T16:05:50.417+0000][1][safepoint    ] Safepoint "GenCollectForAllocation", Time since last: 441032187 ns, Reaching safepoint: 175479 ns, At safepoint: 10504613 ns, Total: 10680092 ns
[2020-09-11T16:05:50.421+0000][1][safepoint    ] Safepoint "RevokeBias", Time since last: 3580048 ns, Reaching safepoint: 71223 ns, At safepoint: 324950 ns, Total: 396173 ns
[2020-09-11T16:05:50.442+0000][1][safepoint    ] Safepoint "RevokeBias", Time since last: 20669830 ns, Reaching safepoint: 138790 ns, At safepoint: 21825 ns, Total: 160615 ns
[2020-09-11T16:05:50.443+0000][1][safepoint    ] Safepoint "RevokeBias", Time since last: 1130981 ns, Reaching safepoint: 103313 ns, At safepoint: 5934 ns, Total: 109247 ns
[2020-09-11T16:05:50.466+0000][1][safepoint    ] Safepoint "BulkRevokeBias", Time since last: 22885758 ns, Reaching safepoint: 150103 ns, At safepoint: 206530 ns, Total: 356633 ns
[2020-09-11T16:05:50.480+0000][1][safepoint    ] Safepoint "RevokeBias", Time since last: 13308182 ns, Reaching safepoint: 182383 ns, At safepoint: 22767 ns, Total: 205150 ns
[2020-09-11T16:05:50.491+0000][1][safepoint    ] Safepoint "RevokeBias", Time since last: 11719750 ns, Reaching safepoint: 138709 ns, At safepoint: 18535 ns, Total: 157244 ns
[2020-09-11T16:05:50.492+0000][1][safepoint    ] Safepoint "RevokeBias", Time since last: 55986 ns, Reaching safepoint: 97785 ns, At safepoint: 11874 ns, Total: 109659 ns
[2020-09-11T16:05:50.492+0000][1][safepoint    ] Safepoint "RevokeBias", Time since last: 43715 ns, Reaching safepoint: 96520 ns, At safepoint: 12909 ns, Total: 109429 ns
[2020-09-11T16:05:50.492+0000][1][safepoint    ] Safepoint "RevokeBias", Time since last: 220892 ns, Reaching safepoint: 99687 ns, At safepoint: 11820 ns, Total: 111507 ns
[2020-09-11T16:05:50.550+0000][1][gc,start     ] GC(181) Pause Young (Allocation Failure)
[2020-09-11T16:05:50.550+0000][1][gc,task      ] GC(181) Using 1 workers of 1 for evacuation
[2020-09-11T16:05:50.555+0000][1][gc,age       ] GC(181) Desired survivor size 4358144 bytes, new threshold 6 (max threshold 6)
[2020-09-11T16:05:50.555+0000][1][gc,age       ] GC(181) Age table with threshold 6 (max threshold 6)
[2020-09-11T16:05:50.555+0000][1][gc,age       ] GC(181) - age   1:     626184 bytes,     626184 total
[2020-09-11T16:05:50.555+0000][1][gc,age       ] GC(181) - age   2:     268104 bytes,     894288 total
[2020-09-11T16:05:50.555+0000][1][gc,age       ] GC(181) - age   3:      69736 bytes,     964024 total
[2020-09-11T16:05:50.555+0000][1][gc,age       ] GC(181) - age   4:      14984 bytes,     979008 total
[2020-09-11T16:05:50.555+0000][1][gc,age       ] GC(181) - age   5:       2920 bytes,     981928 total
[2020-09-11T16:05:50.555+0000][1][gc,age       ] GC(181) - age   6:       2512 bytes,     984440 total
[2020-09-11T16:05:50.555+0000][1][gc,heap      ] GC(181) ParNew: 75345K->2280K(76672K)
[2020-09-11T16:05:50.555+0000][1][gc,heap      ] GC(181) CMS: 115024K->115031K(439104K)
[2020-09-11T16:05:50.555+0000][1][gc,metaspace ] GC(181) Metaspace: 95248K->95248K(1136640K)
[2020-09-11T16:05:50.555+0000][1][gc           ] GC(181) Pause Young (Allocation Failure) 185M->114M(503M) 5.442ms
[2020-09-11T16:05:50.556+0000][1][gc,cpu       ] GC(181) User=0.01s Sys=0.00s Real=0.01s
[2020-09-11T16:05:50.561+0000][1][safepoint    ] Safepoint "GenCollectForAllocation", Time since last: 57734533 ns, Reaching safepoint: 168427 ns, At safepoint: 10750384 ns, Total: 10918811 ns
[2020-09-11T16:05:50.823+0000][1][safepoint    ] Safepoint "RevokeBias", Time since last: 261749127 ns, Reaching safepoint: 159269 ns, At safepoint: 17904 ns, Total: 177173 ns
[2020-09-11T16:05:51.498+0000][1][safepoint    ] Safepoint "RevokeBias", Time since last: 675519137 ns, Reaching safepoint: 225041 ns, At safepoint: 21880 ns, Total: 246921 ns
[2020-09-11T16:05:51.500+0000][1][safepoint    ] Safepoint "RevokeBias", Time since last: 912667 ns, Reaching safepoint: 177375 ns, At safepoint: 7764 ns, Total: 185139 ns
[2020-09-11T16:05:51.510+0000][1][safepoint    ] Safepoint "RevokeBias", Time since last: 9920430 ns, Reaching safepoint: 152471 ns, At safepoint: 20492 ns, Total: 172963 ns
[2020-09-11T16:05:51.510+0000][1][safepoint    ] Safepoint "RevokeBias", Time since last: 96562 ns, Reaching safepoint: 46426 ns, At safepoint: 14634 ns, Total: 61060 ns
[2020-09-11T16:05:51.510+0000][1][safepoint    ] Safepoint "RevokeBias", Time since last: 35106 ns, Reaching safepoint: 36314 ns, At safepoint: 11987 ns, Total: 48301 ns
[2020-09-11T16:05:51.510+0000][1][safepoint    ] Safepoint "RevokeBias", Time since last: 34187 ns, Reaching safepoint: 26682 ns, At safepoint: 10033 ns, Total: 36715 ns
[2020-09-11T16:05:51.511+0000][1][safepoint    ] Safepoint "RevokeBias", Time since last: 581494 ns, Reaching safepoint: 31480 ns, At safepoint: 11455 ns, Total: 42935 ns
[2020-09-11T16:05:51.511+0000][1][safepoint    ] Safepoint "RevokeBias", Time since last: 32699 ns, Reaching safepoint: 26383 ns, At safepoint: 10301 ns, Total: 36684 ns
[2020-09-11T16:05:51.511+0000][1][safepoint    ] Safepoint "RevokeBias", Time since last: 27519 ns, Reaching safepoint: 25968 ns, At safepoint: 9197 ns, Total: 35165 ns
[2020-09-11T16:05:51.511+0000][1][safepoint    ] Safepoint "RevokeBias", Time since last: 102393 ns, Reaching safepoint: 28335 ns, At safepoint: 10151 ns, Total: 38486 ns
[2020-09-11T16:05:51.511+0000][1][safepoint    ] Safepoint "RevokeBias", Time since last: 28699 ns, Reaching safepoint: 25547 ns, At safepoint: 9156 ns, Total: 34703 ns
[2020-09-11T16:05:51.511+0000][1][safepoint    ] Safepoint "RevokeBias", Time since last: 26914 ns, Reaching safepoint: 25548 ns, At safepoint: 9168 ns, Total: 34716 ns
[2020-09-11T16:05:51.511+0000][1][safepoint    ] Safepoint "RevokeBias", Time since last: 96062 ns, Reaching safepoint: 28143 ns, At safepoint: 9864 ns, Total: 38007 ns
[2020-09-11T16:05:51.511+0000][1][safepoint    ] Safepoint "RevokeBias", Time since last: 27434 ns, Reaching safepoint: 25595 ns, At safepoint: 9332 ns, Total: 34927 ns
[2020-09-11T16:05:51.511+0000][1][safepoint    ] Safepoint "RevokeBias", Time since last: 26081 ns, Reaching safepoint: 39182 ns, At safepoint: 10433 ns, Total: 49615 ns
[2020-09-11T16:05:51.511+0000][1][safepoint    ] Safepoint "RevokeBias", Time since last: 94695 ns, Reaching safepoint: 28112 ns, At safepoint: 9964 ns, Total: 38076 ns
[2020-09-11T16:05:51.511+0000][1][safepoint    ] Safepoint "RevokeBias", Time since last: 27165 ns, Reaching safepoint: 25542 ns, At safepoint: 9200 ns, Total: 34742 ns
[2020-09-11T16:05:51.512+0000][1][safepoint    ] Safepoint "RevokeBias", Time since last: 26520 ns, Reaching safepoint: 25451 ns, At safepoint: 9196 ns, Total: 34647 ns
[2020-09-11T16:05:51.512+0000][1][safepoint    ] Safepoint "RevokeBias", Time since last: 98362 ns, Reaching safepoint: 27955 ns, At safepoint: 9702 ns, Total: 37657 ns
[2020-09-11T16:05:51.512+0000][1][safepoint    ] Safepoint "BulkRevokeBias", Time since last: 27019 ns, Reaching safepoint: 25495 ns, At safepoint: 193596 ns, Total: 219091 ns
[2020-09-11T16:05:51.862+0000][1][safepoint    ] Safepoint "RevokeBias", Time since last: 349636837 ns, Reaching safepoint: 91183 ns, At safepoint: 20621 ns, Total: 111804 ns
[2020-09-11T16:05:52.862+0000][1][safepoint    ] Safepoint "Cleanup", Time since last: 1000147027 ns, Reaching safepoint: 110480 ns, At safepoint: 8557 ns, Total: 119037 ns
[2020-09-11T16:05:53.390+0000][1][safepoint    ] Safepoint "RevokeBias", Time since last: 527472106 ns, Reaching safepoint: 165981 ns, At safepoint: 23629 ns, Total: 189610 ns
[2020-09-11T16:05:53.805+0000][1][gc,start     ] GC(182) Pause Young (Allocation Failure)
[2020-09-11T16:05:53.805+0000][1][gc,task      ] GC(182) Using 1 workers of 1 for evacuation
[2020-09-11T16:05:53.811+0000][1][gc,age       ] GC(182) Desired survivor size 4358144 bytes, new threshold 6 (max threshold 6)
[2020-09-11T16:05:53.811+0000][1][gc,age       ] GC(182) Age table with threshold 6 (max threshold 6)
[2020-09-11T16:05:53.811+0000][1][gc,age       ] GC(182) - age   1:     369936 bytes,     369936 total
[2020-09-11T16:05:53.811+0000][1][gc,age       ] GC(182) - age   2:     152744 bytes,     522680 total
[2020-09-11T16:05:53.811+0000][1][gc,age       ] GC(182) - age   3:     160456 bytes,     683136 total
[2020-09-11T16:05:53.811+0000][1][gc,age       ] GC(182) - age   4:      67672 bytes,     750808 total
[2020-09-11T16:05:53.811+0000][1][gc,age       ] GC(182) - age   5:      11704 bytes,     762512 total
[2020-09-11T16:05:53.811+0000][1][gc,age       ] GC(182) - age   6:       1712 bytes,     764224 total
[2020-09-11T16:05:53.811+0000][1][gc,heap      ] GC(182) ParNew: 70440K->930K(76672K)
[2020-09-11T16:05:53.811+0000][1][gc,heap      ] GC(182) CMS: 115031K->115032K(439104K)
[2020-09-11T16:05:53.811+0000][1][gc,metaspace ] GC(182) Metaspace: 95250K->95250K(1136640K)
[2020-09-11T16:05:53.811+0000][1][gc           ] GC(182) Pause Young (Allocation Failure) 181M->113M(503M) 5.895ms
[2020-09-11T16:05:53.811+0000][1][gc,cpu       ] GC(182) User=0.00s Sys=0.00s Real=0.00s
[2020-09-11T16:05:53.817+0000][1][safepoint    ] Safepoint "GenCollectForAllocation", Time since last: 415193606 ns, Reaching safepoint: 209322 ns, At safepoint: 11802672 ns, Total: 12011994 ns
[2020-09-11T16:05:54.828+0000][1][safepoint    ] Safepoint "Cleanup", Time since last: 1011328189 ns, Reaching safepoint: 103221 ns, At safepoint: 8469 ns, Total: 111690 ns
[2020-09-11T16:05:55.828+0000][1][safepoint    ] Safepoint "Cleanup", Time since last: 1000130834 ns, Reaching safepoint: 104382 ns, At safepoint: 11769 ns, Total: 116151 ns
[2020-09-11T16:05:56.829+0000][1][safepoint    ] Safepoint "Cleanup", Time since last: 1000281518 ns, Reaching safepoint: 177295 ns, At safepoint: 8776 ns, Total: 186071 ns
[2020-09-11T16:05:57.829+0000][1][safepoint    ] Safepoint "Cleanup", Time since last: 1000151542 ns, Reaching safepoint: 150523 ns, At safepoint: 18990 ns, Total: 169513 ns
[2020-09-11T16:05:58.830+0000][1][safepoint    ] Safepoint "Cleanup", Time since last: 1000235790 ns, Reaching safepoint: 109897 ns, At safepoint: 7400 ns, Total: 117297 ns
[2020-09-11T16:05:59.830+0000][1][safepoint    ] Safepoint "Cleanup", Time since last: 1000167582 ns, Reaching safepoint: 109982 ns, At safepoint: 7211 ns, Total: 117193 ns
[2020-09-11T16:06:00.830+0000][1][safepoint    ] Safepoint "Cleanup", Time since last: 1000189630 ns, Reaching safepoint: 150753 ns, At safepoint: 18365 ns, Total: 169118 ns
[2020-09-11T16:06:01.832+0000][1][safepoint    ] Safepoint "Cleanup", Time since last: 1001782760 ns, Reaching safepoint: 77763 ns, At safepoint: 8013 ns, Total: 85776 ns
[2020-09-11T16:06:02.832+0000][1][safepoint    ] Safepoint "Cleanup", Time since last: 1000141606 ns, Reaching safepoint: 173345 ns, At safepoint: 19575 ns, Total: 192920 ns
[2020-09-11T16:06:03.352+0000][1][safepoint    ] Safepoint "RevokeBias", Time since last: 519691136 ns, Reaching safepoint: 92229 ns, At safepoint: 22556 ns, Total: 114785 ns
[2020-09-11T16:06:04.360+0000][1][safepoint    ] Safepoint "Cleanup", Time since last: 1007901179 ns, Reaching safepoint: 89798 ns, At safepoint: 7803 ns, Total: 97601 ns
[2020-09-11T16:06:05.361+0000][1][safepoint    ] Safepoint "Cleanup", Time since last: 1000172092 ns, Reaching safepoint: 156891 ns, At safepoint: 19077 ns, Total: 175968 ns
[2020-09-11T16:06:06.361+0000][1][safepoint    ] Safepoint "Cleanup", Time since last: 1000203790 ns, Reaching safepoint: 155948 ns, At safepoint: 21423 ns, Total: 177371 ns
[2020-09-11T16:06:07.361+0000][1][safepoint    ] Safepoint "Cleanup", Time since last: 1000153938 ns, Reaching safepoint: 80854 ns, At safepoint: 7272 ns, Total: 88126 ns
[2020-09-11T16:06:07.529+0000][1][gc,start     ] GC(183) Pause Young (Allocation Failure)
[2020-09-11T16:06:07.529+0000][1][gc,task      ] GC(183) Using 1 workers of 1 for evacuation
[2020-09-11T16:06:07.539+0000][1][gc,age       ] GC(183) Desired survivor size 4358144 bytes, new threshold 6 (max threshold 6)
[2020-09-11T16:06:07.539+0000][1][gc,age       ] GC(183) Age table with threshold 6 (max threshold 6)
[2020-09-11T16:06:07.539+0000][1][gc,age       ] GC(183) - age   1:     157064 bytes,     157064 total
[2020-09-11T16:06:07.539+0000][1][gc,age       ] GC(183) - age   2:     334096 bytes,     491160 total
[2020-09-11T16:06:07.539+0000][1][gc,age       ] GC(183) - age   3:     152688 bytes,     643848 total
[2020-09-11T16:06:07.539+0000][1][gc,age       ] GC(183) - age   4:     159624 bytes,     803472 total
[2020-09-11T16:06:07.539+0000][1][gc,age       ] GC(183) - age   5:      67672 bytes,     871144 total
[2020-09-11T16:06:07.539+0000][1][gc,age       ] GC(183) - age   6:      11640 bytes,     882784 total
[2020-09-11T16:06:07.539+0000][1][gc,heap      ] GC(183) ParNew: 68989K->1584K(76672K)
[2020-09-11T16:06:07.539+0000][1][gc,heap      ] GC(183) CMS: 115032K->115034K(439104K)
[2020-09-11T16:06:07.539+0000][1][gc,metaspace ] GC(183) Metaspace: 95319K->95319K(1136640K)
[2020-09-11T16:06:07.539+0000][1][gc           ] GC(183) Pause Young (Allocation Failure) 179M->113M(503M) 10.419ms
[2020-09-11T16:06:07.539+0000][1][gc,cpu       ] GC(183) User=0.01s Sys=0.00s Real=0.01s
[2020-09-11T16:06:07.551+0000][1][safepoint    ] Safepoint "GenCollectForAllocation", Time since last: 163981778 ns, Reaching safepoint: 3627666 ns, At safepoint: 22631205 ns, Total: 26258871 ns
[2020-09-11T16:06:07.761+0000][1][safepoint    ] Safepoint "RevokeBias", Time since last: 206553341 ns, Reaching safepoint: 2753903 ns, At safepoint: 42843 ns, Total: 2796746 ns
[2020-09-11T16:06:07.766+0000][1][safepoint    ] Safepoint "RevokeBias", Time since last: 4786380 ns, Reaching safepoint: 145868 ns, At safepoint: 21655 ns, Total: 167523 ns
[2020-09-11T16:06:07.769+0000][1][safepoint    ] Safepoint "RevokeBias", Time since last: 2984433 ns, Reaching safepoint: 120375 ns, At safepoint: 14517 ns, Total: 134892 ns
[2020-09-11T16:06:08.319+0000][1][gc,start     ] GC(184) Pause Young (Allocation Failure)
[2020-09-11T16:06:08.319+0000][1][gc,task      ] GC(184) Using 1 workers of 1 for evacuation
[2020-09-11T16:06:08.329+0000][1][gc,age       ] GC(184) Desired survivor size 4358144 bytes, new threshold 6 (max threshold 6)
[2020-09-11T16:06:08.329+0000][1][gc,age       ] GC(184) Age table with threshold 6 (max threshold 6)
[2020-09-11T16:06:08.329+0000][1][gc,age       ] GC(184) - age   1:     638248 bytes,     638248 total
[2020-09-11T16:06:08.329+0000][1][gc,age       ] GC(184) - age   2:      84856 bytes,     723104 total
[2020-09-11T16:06:08.329+0000][1][gc,age       ] GC(184) - age   3:     333992 bytes,    1057096 total
[2020-09-11T16:06:08.329+0000][1][gc,age       ] GC(184) - age   4:     152688 bytes,    1209784 total
[2020-09-11T16:06:08.329+0000][1][gc,age       ] GC(184) - age   5:     159624 bytes,    1369408 total
[2020-09-11T16:06:08.329+0000][1][gc,age       ] GC(184) - age   6:      67672 bytes,    1437080 total
[2020-09-11T16:06:08.341+0000][1][gc,heap      ] GC(184) ParNew: 69744K->1564K(76672K)
[2020-09-11T16:06:08.341+0000][1][gc,heap      ] GC(184) CMS: 115034K->115048K(439104K)
[2020-09-11T16:06:08.341+0000][1][gc,metaspace ] GC(184) Metaspace: 95329K->95329K(1136640K)
[2020-09-11T16:06:08.341+0000][1][gc           ] GC(184) Pause Young (Allocation Failure) 180M->113M(503M) 21.487ms
[2020-09-11T16:06:08.341+0000][1][gc,cpu       ] GC(184) User=0.01s Sys=0.00s Real=0.03s
[2020-09-11T16:06:08.341+0000][1][safepoint    ] Safepoint "GenCollectForAllocation", Time since last: 550300703 ns, Reaching safepoint: 154608 ns, At safepoint: 21562878 ns, Total: 21717486 ns
[2020-09-11T16:06:09.349+0000][1][safepoint    ] Safepoint "Cleanup", Time since last: 1007659664 ns, Reaching safepoint: 97776 ns, At safepoint: 9476 ns, Total: 107252 ns
[2020-09-11T16:06:09.766+0000][1][safepoint    ] Safepoint "RevokeBias", Time since last: 417590515 ns, Reaching safepoint: 70598 ns, At safepoint: 8035 ns, Total: 78633 ns
[2020-09-11T16:06:10.767+0000][1][safepoint    ] Safepoint "Cleanup", Time since last: 1000181700 ns, Reaching safepoint: 172556 ns, At safepoint: 13181 ns, Total: 185737 ns
[2020-09-11T16:06:11.221+0000][1][safepoint    ] Safepoint "RevokeBias", Time since last: 454148655 ns, Reaching safepoint: 79804 ns, At safepoint: 21540 ns, Total: 101344 ns
[2020-09-11T16:06:11.954+0000][1][gc,start     ] GC(185) Pause Young (Allocation Failure)
[2020-09-11T16:06:11.954+0000][1][gc,task      ] GC(185) Using 1 workers of 1 for evacuation
[2020-09-11T16:06:11.963+0000][1][gc,age       ] GC(185) Desired survivor size 4358144 bytes, new threshold 6 (max threshold 6)
[2020-09-11T16:06:11.963+0000][1][gc,age       ] GC(185) Age table with threshold 6 (max threshold 6)
[2020-09-11T16:06:11.963+0000][1][gc,age       ] GC(185) - age   1:     132736 bytes,     132736 total
[2020-09-11T16:06:11.963+0000][1][gc,age       ] GC(185) - age   2:      47424 bytes,     180160 total
[2020-09-11T16:06:11.963+0000][1][gc,age       ] GC(185) - age   3:      75640 bytes,     255800 total
[2020-09-11T16:06:11.963+0000][1][gc,age       ] GC(185) - age   4:     333896 bytes,     589696 total
[2020-09-11T16:06:11.963+0000][1][gc,age       ] GC(185) - age   5:     152560 bytes,     742256 total
[2020-09-11T16:06:11.963+0000][1][gc,age       ] GC(185) - age   6:     159624 bytes,     901880 total
[2020-09-11T16:06:11.963+0000][1][gc,heap      ] GC(185) ParNew: 69724K->1182K(76672K)
[2020-09-11T16:06:11.963+0000][1][gc,heap      ] GC(185) CMS: 115048K->115115K(439104K)
[2020-09-11T16:06:11.963+0000][1][gc,metaspace ] GC(185) Metaspace: 95336K->95336K(1136640K)
[2020-09-11T16:06:11.964+0000][1][gc           ] GC(185) Pause Young (Allocation Failure) 180M->113M(503M) 9.917ms
[2020-09-11T16:06:11.964+0000][1][gc,cpu       ] GC(185) User=0.01s Sys=0.00s Real=0.01s
[2020-09-11T16:06:11.964+0000][1][safepoint    ] Safepoint "GenCollectForAllocation", Time since last: 732442656 ns, Reaching safepoint: 169252 ns, At safepoint: 9995526 ns, Total: 10164778 ns
[2020-09-11T16:06:12.974+0000][1][safepoint    ] Safepoint "Cleanup", Time since last: 1010820892 ns, Reaching safepoint: 84691 ns, At safepoint: 7193 ns, Total: 91884 ns
[2020-09-11T16:06:13.332+0000][1][safepoint    ] Safepoint "BulkRevokeBias", Time since last: 357142436 ns, Reaching safepoint: 85849 ns, At safepoint: 206532 ns, Total: 292381 ns
[2020-09-11T16:06:14.332+0000][1][safepoint    ] Safepoint "Cleanup", Time since last: 1000237047 ns, Reaching safepoint: 161752 ns, At safepoint: 20026 ns, Total: 181778 ns
[2020-09-11T16:06:15.333+0000][1][safepoint    ] Safepoint "Cleanup", Time since last: 1000223966 ns, Reaching safepoint: 188781 ns, At safepoint: 19084 ns, Total: 207865 ns
[2020-09-11T16:06:16.333+0000][1][safepoint    ] Safepoint "Cleanup", Time since last: 1000188624 ns, Reaching safepoint: 85848 ns, At safepoint: 8222 ns, Total: 94070 ns
[2020-09-11T16:06:17.336+0000][1][safepoint    ] Safepoint "Cleanup", Time since last: 1002575905 ns, Reaching safepoint: 321069 ns, At safepoint: 14324 ns, Total: 335393 ns
[2020-09-11T16:06:17.787+0000][1][safepoint    ] Safepoint "RevokeBias", Time since last: 450628485 ns, Reaching safepoint: 196882 ns, At safepoint: 24914 ns, Total: 221796 ns
[2020-09-11T16:06:17.888+0000][1][safepoint    ] Safepoint "RevokeBias", Time since last: 101165911 ns, Reaching safepoint: 92213 ns, At safepoint: 19077 ns, Total: 111290 ns
[2020-09-11T16:06:18.805+0000][1][safepoint    ] Safepoint "RevokeBias", Time since last: 916247777 ns, Reaching safepoint: 198048 ns, At safepoint: 20922 ns, Total: 218970 ns
[2020-09-11T16:06:18.925+0000][1][safepoint    ] Safepoint "RevokeBias", Time since last: 120037357 ns, Reaching safepoint: 108712 ns, At safepoint: 63122 ns, Total: 171834 ns
[2020-09-11T16:06:19.925+0000][1][safepoint    ] Safepoint "Cleanup", Time since last: 1000115095 ns, Reaching safepoint: 134723 ns, At safepoint: 15048 ns, Total: 149771 ns
[2020-09-11T16:06:20.926+0000][1][safepoint    ] Safepoint "Cleanup", Time since last: 1000145785 ns, Reaching safepoint: 140282 ns, At safepoint: 17049 ns, Total: 157331 ns
[2020-09-11T16:06:21.926+0000][1][safepoint    ] Safepoint "Cleanup", Time since last: 1000371944 ns, Reaching safepoint: 116616 ns, At safepoint: 7069 ns, Total: 123685 ns
[2020-09-11T16:06:22.887+0000][1][gc,start     ] GC(186) Pause Young (Allocation Failure)
[2020-09-11T16:06:23.255+0000][1][gc,task      ] GC(186) Using 1 workers of 1 for evacuation
[2020-09-11T16:06:23.269+0000][1][gc,age       ] GC(186) Desired survivor size 4358144 bytes, new threshold 6 (max threshold 6)
[2020-09-11T16:06:23.270+0000][1][gc,age       ] GC(186) Age table with threshold 6 (max threshold 6)
[2020-09-11T16:06:23.270+0000][1][gc,age       ] GC(186) - age   1:    2336208 bytes,    2336208 total
[2020-09-11T16:06:23.270+0000][1][gc,age       ] GC(186) - age   2:     100752 bytes,    2436960 total
[2020-09-11T16:06:23.270+0000][1][gc,age       ] GC(186) - age   3:      47288 bytes,    2484248 total
[2020-09-11T16:06:23.270+0000][1][gc,age       ] GC(186) - age   4:      57888 bytes,    2542136 total
[2020-09-11T16:06:23.270+0000][1][gc,age       ] GC(186) - age   5:     322032 bytes,    2864168 total
[2020-09-11T16:06:23.270+0000][1][gc,age       ] GC(186) - age   6:     152480 bytes,    3016648 total
[2020-09-11T16:06:23.270+0000][1][gc,heap      ] GC(186) ParNew: 69331K->3805K(76672K)
[2020-09-11T16:06:23.270+0000][1][gc,heap      ] GC(186) CMS: 115115K->115247K(439104K)
[2020-09-11T16:06:23.270+0000][1][gc,metaspace ] GC(186) Metaspace: 95433K->95433K(1136640K)
[2020-09-11T16:06:23.270+0000][1][gc           ] GC(186) Pause Young (Allocation Failure) 180M->116M(503M) 382.682ms
[2020-09-11T16:06:23.270+0000][1][gc,cpu       ] GC(186) User=0.01s Sys=0.00s Real=0.38s
[2020-09-11T16:06:23.285+0000][1][safepoint    ] Safepoint "GenCollectForAllocation", Time since last: 959215133 ns, Reaching safepoint: 1975305 ns, At safepoint: 397752032 ns, Total: 399727337 ns
[2020-09-11T16:06:23.320+0000][1][safepoint    ] Safepoint "RevokeBias", Time since last: 35200910 ns, Reaching safepoint: 80877 ns, At safepoint: 21410 ns, Total: 102287 ns
[2020-09-11T16:06:23.378+0000][1][safepoint    ] Safepoint "RevokeBias", Time since last: 52960003 ns, Reaching safepoint: 5395402 ns, At safepoint: 31379 ns, Total: 5426781 ns
[2020-09-11T16:06:24.379+0000][1][safepoint    ] Safepoint "Cleanup", Time since last: 1000120292 ns, Reaching safepoint: 106305 ns, At safepoint: 10326 ns, Total: 116631 ns
[2020-09-11T16:06:25.379+0000][1][safepoint    ] Safepoint "Cleanup", Time since last: 1000189080 ns, Reaching safepoint: 145207 ns, At safepoint: 18044 ns, Total: 163251 ns
[2020-09-11T16:06:26.379+0000][1][safepoint    ] Safepoint "Cleanup", Time since last: 1000217019 ns, Reaching safepoint: 106444 ns, At safepoint: 7749 ns, Total: 114193 ns
[2020-09-11T16:06:27.380+0000][1][safepoint    ] Safepoint "Cleanup", Time since last: 1000173289 ns, Reaching safepoint: 146473 ns, At safepoint: 18499 ns, Total: 164972 ns
[2020-09-11T16:06:28.380+0000][1][safepoint    ] Safepoint "Cleanup", Time since last: 1000209301 ns, Reaching safepoint: 125164 ns, At safepoint: 7441 ns, Total: 132605 ns
[2020-09-11T16:06:29.380+0000][1][safepoint    ] Safepoint "Cleanup", Time since last: 1000148689 ns, Reaching safepoint: 117873 ns, At safepoint: 7297 ns, Total: 125170 ns
[2020-09-11T16:06:30.381+0000][1][safepoint    ] Safepoint "Cleanup", Time since last: 1000202934 ns, Reaching safepoint: 115568 ns, At safepoint: 7694 ns, Total: 123262 ns
[2020-09-11T16:06:31.381+0000][1][safepoint    ] Safepoint "Cleanup", Time since last: 1000191429 ns, Reaching safepoint: 99934 ns, At safepoint: 7231 ns, Total: 107165 ns
[2020-09-11T16:06:32.381+0000][1][safepoint    ] Safepoint "Cleanup", Time since last: 1000173667 ns, Reaching safepoint: 143717 ns, At safepoint: 17527 ns, Total: 161244 ns
[2020-09-11T16:06:33.346+0000][1][safepoint    ] Safepoint "RevokeBias", Time since last: 964422117 ns, Reaching safepoint: 90924 ns, At safepoint: 29039 ns, Total: 119963 ns
[2020-09-11T16:06:34.346+0000][1][safepoint    ] Safepoint "Cleanup", Time since last: 1000178493 ns, Reaching safepoint: 100689 ns, At safepoint: 8492 ns, Total: 109181 ns
[2020-09-11T16:06:35.346+0000][1][safepoint    ] Safepoint "Cleanup", Time since last: 1000104167 ns, Reaching safepoint: 80344 ns, At safepoint: 7458 ns, Total: 87802 ns
[2020-09-11T16:06:36.347+0000][1][safepoint    ] Safepoint "Cleanup", Time since last: 1000175175 ns, Reaching safepoint: 131425 ns, At safepoint: 16855 ns, Total: 148280 ns
[2020-09-11T16:06:37.347+0000][1][safepoint    ] Safepoint "Cleanup", Time since last: 1000221903 ns, Reaching safepoint: 102120 ns, At safepoint: 7378 ns, Total: 109498 ns
[2020-09-11T16:06:38.347+0000][1][safepoint    ] Safepoint "Cleanup", Time since last: 1000164276 ns, Reaching safepoint: 99902 ns, At safepoint: 6348 ns, Total: 106250 ns
[2020-09-11T16:06:39.348+0000][1][safepoint    ] Safepoint "Cleanup", Time since last: 1000126201 ns, Reaching safepoint: 110975 ns, At safepoint: 6357 ns, Total: 117332 ns
[2020-09-11T16:06:40.348+0000][1][safepoint    ] Safepoint "Cleanup", Time since last: 1000099082 ns, Reaching safepoint: 91771 ns, At safepoint: 6951 ns, Total: 98722 ns
[2020-09-11T16:06:40.824+0000][1][gc,start     ] GC(187) Pause Young (Allocation Failure)
[2020-09-11T16:06:40.824+0000][1][gc,task      ] GC(187) Using 1 workers of 1 for evacuation
[2020-09-11T16:06:40.831+0000][1][gc,age       ] GC(187) Desired survivor size 4358144 bytes, new threshold 6 (max threshold 6)
[2020-09-11T16:06:40.831+0000][1][gc,age       ] GC(187) Age table with threshold 6 (max threshold 6)
[2020-09-11T16:06:40.831+0000][1][gc,age       ] GC(187) - age   1:     486712 bytes,     486712 total
[2020-09-11T16:06:40.831+0000][1][gc,age       ] GC(187) - age   2:     636696 bytes,    1123408 total
[2020-09-11T16:06:40.831+0000][1][gc,age       ] GC(187) - age   3:     100752 bytes,    1224160 total
[2020-09-11T16:06:40.831+0000][1][gc,age       ] GC(187) - age   4:      46312 bytes,    1270472 total
[2020-09-11T16:06:40.831+0000][1][gc,age       ] GC(187) - age   5:      47864 bytes,    1318336 total
[2020-09-11T16:06:40.831+0000][1][gc,age       ] GC(187) - age   6:     322032 bytes,    1640368 total
[2020-09-11T16:06:40.831+0000][1][gc,heap      ] GC(187) ParNew: 71947K->1746K(76672K)
[2020-09-11T16:06:40.831+0000][1][gc,heap      ] GC(187) CMS: 115247K->115399K(439104K)
[2020-09-11T16:06:40.831+0000][1][gc,metaspace ] GC(187) Metaspace: 95472K->95472K(1136640K)
[2020-09-11T16:06:40.831+0000][1][gc           ] GC(187) Pause Young (Allocation Failure) 182M->114M(503M) 6.982ms
[2020-09-11T16:06:40.831+0000][1][gc,cpu       ] GC(187) User=0.00s Sys=0.00s Real=0.00s
[2020-09-11T16:06:40.832+0000][1][safepoint    ] Safepoint "GenCollectForAllocation", Time since last: 475946187 ns, Reaching safepoint: 205500 ns, At safepoint: 8605698 ns, Total: 8811198 ns
[2020-09-11T16:06:40.840+0000][1][safepoint    ] Safepoint "RevokeBias", Time since last: 7146528 ns, Reaching safepoint: 187484 ns, At safepoint: 41079 ns, Total: 228563 ns
[2020-09-11T16:06:40.843+0000][1][safepoint    ] Safepoint "RevokeBias", Time since last: 2943437 ns, Reaching safepoint: 165123 ns, At safepoint: 18597 ns, Total: 183720 ns
[2020-09-11T16:06:40.959+0000][1][safepoint    ] Safepoint "RevokeBias", Time since last: 115779055 ns, Reaching safepoint: 91250 ns, At safepoint: 18601 ns, Total: 109851 ns
[2020-09-11T16:06:41.959+0000][1][safepoint    ] Safepoint "Cleanup", Time since last: 1000098409 ns, Reaching safepoint: 278609 ns, At safepoint: 9048 ns, Total: 287657 ns
[2020-09-11T16:06:42.960+0000][1][safepoint    ] Safepoint "Cleanup", Time since last: 1000183730 ns, Reaching safepoint: 104832 ns, At safepoint: 8789 ns, Total: 113621 ns
[2020-09-11T16:06:43.555+0000][1][safepoint    ] Safepoint "RevokeBias", Time since last: 595444372 ns, Reaching safepoint: 84814 ns, At safepoint: 23055 ns, Total: 107869 ns
[2020-09-11T16:06:44.555+0000][1][safepoint    ] Safepoint "Cleanup", Time since last: 1000185286 ns, Reaching safepoint: 112076 ns, At safepoint: 7602 ns, Total: 119678 ns
[2020-09-11T16:06:45.556+0000][1][safepoint    ] Safepoint "Cleanup", Time since last: 1000186403 ns, Reaching safepoint: 107140 ns, At safepoint: 7690 ns, Total: 114830 ns
[2020-09-11T16:06:46.556+0000][1][safepoint    ] Safepoint "Cleanup", Time since last: 1000177330 ns, Reaching safepoint: 150463 ns, At safepoint: 17663 ns, Total: 168126 ns
[2020-09-11T16:06:47.556+0000][1][safepoint    ] Safepoint "Cleanup", Time since last: 1000190108 ns, Reaching safepoint: 131699 ns, At safepoint: 6473 ns, Total: 138172 ns
[2020-09-11T16:06:48.557+0000][1][safepoint    ] Safepoint "Cleanup", Time since last: 1000144956 ns, Reaching safepoint: 194193 ns, At safepoint: 18603 ns, Total: 212796 ns
[2020-09-11T16:06:49.557+0000][1][safepoint    ] Safepoint "Cleanup", Time since last: 1000238612 ns, Reaching safepoint: 149684 ns, At safepoint: 17620 ns, Total: 167304 ns
[2020-09-11T16:06:50.587+0000][1][safepoint    ] Safepoint "Cleanup", Time since last: 1029809183 ns, Reaching safepoint: 160536 ns, At safepoint: 20183 ns, Total: 180719 ns
[2020-09-11T16:06:51.588+0000][1][safepoint    ] Safepoint "Cleanup", Time since last: 1000235824 ns, Reaching safepoint: 151626 ns, At safepoint: 20209 ns, Total: 171835 ns
[2020-09-11T16:06:52.588+0000][1][safepoint    ] Safepoint "Cleanup", Time since last: 1000227623 ns, Reaching safepoint: 161925 ns, At safepoint: 19642 ns, Total: 181567 ns
[2020-09-11T16:06:53.373+0000][1][safepoint    ] Safepoint "RevokeBias", Time since last: 785114922 ns, Reaching safepoint: 281590 ns, At safepoint: 62549 ns, Total: 344139 ns
[2020-09-11T16:06:54.377+0000][1][safepoint    ] Safepoint "Cleanup", Time since last: 1003100695 ns, Reaching safepoint: 150670 ns, At safepoint: 16247 ns, Total: 166917 ns
[2020-09-11T16:06:55.377+0000][1][safepoint    ] Safepoint "Cleanup", Time since last: 1000149705 ns, Reaching safepoint: 137373 ns, At safepoint: 16010 ns, Total: 153383 ns
[2020-09-11T16:06:56.377+0000][1][safepoint    ] Safepoint "Cleanup", Time since last: 1000211696 ns, Reaching safepoint: 104237 ns, At safepoint: 6774 ns, Total: 111011 ns
[2020-09-11T16:06:57.378+0000][1][safepoint    ] Safepoint "Cleanup", Time since last: 1000173149 ns, Reaching safepoint: 131797 ns, At safepoint: 16671 ns, Total: 148468 ns
[2020-09-11T16:06:58.378+0000][1][safepoint    ] Safepoint "Cleanup", Time since last: 1000179993 ns, Reaching safepoint: 103610 ns, At safepoint: 6689 ns, Total: 110299 ns
[2020-09-11T16:06:59.378+0000][1][safepoint    ] Safepoint "Cleanup", Time since last: 1000119534 ns, Reaching safepoint: 99953 ns, At safepoint: 8239 ns, Total: 108192 ns
[2020-09-11T16:07:00.378+0000][1][safepoint    ] Safepoint "Cleanup", Time since last: 1000130315 ns, Reaching safepoint: 152307 ns, At safepoint: 18896 ns, Total: 171203 ns
[2020-09-11T16:07:01.379+0000][1][safepoint    ] Safepoint "Cleanup", Time since last: 1000135439 ns, Reaching safepoint: 78420 ns, At safepoint: 6629 ns, Total: 85049 ns
[2020-09-11T16:07:01.953+0000][1][gc,start     ] GC(188) Pause Young (Allocation Failure)
[2020-09-11T16:07:01.954+0000][1][gc,task      ] GC(188) Using 1 workers of 1 for evacuation
[2020-09-11T16:07:01.962+0000][1][gc,age       ] GC(188) Desired survivor size 4358144 bytes, new threshold 6 (max threshold 6)
[2020-09-11T16:07:01.962+0000][1][gc,age       ] GC(188) Age table with threshold 6 (max threshold 6)
[2020-09-11T16:07:01.962+0000][1][gc,age       ] GC(188) - age   1:     215280 bytes,     215280 total
[2020-09-11T16:07:01.962+0000][1][gc,age       ] GC(188) - age   2:     134736 bytes,     350016 total
[2020-09-11T16:07:01.962+0000][1][gc,age       ] GC(188) - age   3:     605256 bytes,     955272 total
[2020-09-11T16:07:01.962+0000][1][gc,age       ] GC(188) - age   4:     100480 bytes,    1055752 total
[2020-09-11T16:07:01.962+0000][1][gc,age       ] GC(188) - age   5:      46312 bytes,    1102064 total
[2020-09-11T16:07:01.962+0000][1][gc,age       ] GC(188) - age   6:      45640 bytes,    1147704 total
[2020-09-11T16:07:01.962+0000][1][gc,heap      ] GC(188) ParNew: 69906K->1637K(76672K)
[2020-09-11T16:07:01.962+0000][1][gc,heap      ] GC(188) CMS: 115399K->115726K(439104K)
[2020-09-11T16:07:01.962+0000][1][gc,metaspace ] GC(188) Metaspace: 95474K->95474K(1136640K)
[2020-09-11T16:07:01.962+0000][1][gc           ] GC(188) Pause Young (Allocation Failure) 180M->114M(503M) 8.786ms
[2020-09-11T16:07:01.962+0000][1][gc,cpu       ] GC(188) User=0.01s Sys=0.00s Real=0.01s
[2020-09-11T16:07:01.962+0000][1][safepoint    ] Safepoint "GenCollectForAllocation", Time since last: 574179891 ns, Reaching safepoint: 588342 ns, At safepoint: 8899730 ns, Total: 9488072 ns
[2020-09-11T16:07:02.966+0000][1][safepoint    ] Safepoint "Cleanup", Time since last: 1003614442 ns, Reaching safepoint: 129815 ns, At safepoint: 17396 ns, Total: 147211 ns
[2020-09-11T16:07:03.329+0000][1][safepoint    ] Safepoint "RevokeBias", Time since last: 362828565 ns, Reaching safepoint: 207616 ns, At safepoint: 22937 ns, Total: 230553 ns
[2020-09-11T16:07:04.329+0000][1][safepoint    ] Safepoint "Cleanup", Time since last: 1000137930 ns, Reaching safepoint: 142601 ns, At safepoint: 17143 ns, Total: 159744 ns
[2020-09-11T16:07:05.330+0000][1][safepoint    ] Safepoint "Cleanup", Time since last: 1000244507 ns, Reaching safepoint: 139668 ns, At safepoint: 17219 ns, Total: 156887 ns
[2020-09-11T16:07:06.330+0000][1][safepoint    ] Safepoint "Cleanup", Time since last: 1000230684 ns, Reaching safepoint: 96929 ns, At safepoint: 7016 ns, Total: 103945 ns
[2020-09-11T16:07:07.330+0000][1][safepoint    ] Safepoint "Cleanup", Time since last: 1000173781 ns, Reaching safepoint: 108927 ns, At safepoint: 7472 ns, Total: 116399 ns
[2020-09-11T16:07:08.331+0000][1][safepoint    ] Safepoint "Cleanup", Time since last: 1000185009 ns, Reaching safepoint: 102929 ns, At safepoint: 7078 ns, Total: 110007 ns
[2020-09-11T16:07:09.331+0000][1][safepoint    ] Safepoint "Cleanup", Time since last: 1000233060 ns, Reaching safepoint: 139290 ns, At safepoint: 17831 ns, Total: 157121 ns
[2020-09-11T16:07:10.331+0000][1][safepoint    ] Safepoint "Cleanup", Time since last: 1000236752 ns, Reaching safepoint: 98582 ns, At safepoint: 7087 ns, Total: 105669 ns
[2020-09-11T16:07:11.332+0000][1][safepoint    ] Safepoint "Cleanup", Time since last: 1000198584 ns, Reaching safepoint: 103740 ns, At safepoint: 7510 ns, Total: 111250 ns
[2020-09-11T16:07:12.332+0000][1][safepoint    ] Safepoint "Cleanup", Time since last: 1000135633 ns, Reaching safepoint: 150182 ns, At safepoint: 19217 ns, Total: 169399 ns
[2020-09-11T16:07:13.332+0000][1][safepoint    ] Safepoint "Cleanup", Time since last: 1000163524 ns, Reaching safepoint: 123694 ns, At safepoint: 7700 ns, Total: 131394 ns
[2020-09-11T16:07:13.347+0000][1][safepoint    ] Safepoint "RevokeBias", Time since last: 14573525 ns, Reaching safepoint: 82189 ns, At safepoint: 26804 ns, Total: 108993 ns
[2020-09-11T16:07:14.347+0000][1][safepoint    ] Safepoint "Cleanup", Time since last: 1000165619 ns, Reaching safepoint: 175259 ns, At safepoint: 15649 ns, Total: 190908 ns
[2020-09-11T16:07:15.348+0000][1][safepoint    ] Safepoint "Cleanup", Time since last: 1000195416 ns, Reaching safepoint: 137262 ns, At safepoint: 14964 ns, Total: 152226 ns
[2020-09-11T16:07:16.348+0000][1][safepoint    ] Safepoint "Cleanup", Time since last: 1000218641 ns, Reaching safepoint: 134983 ns, At safepoint: 17310 ns, Total: 152293 ns
[2020-09-11T16:07:17.348+0000][1][safepoint    ] Safepoint "Cleanup", Time since last: 1000224668 ns, Reaching safepoint: 107917 ns, At safepoint: 7246 ns, Total: 115163 ns
[2020-09-11T16:07:18.349+0000][1][safepoint    ] Safepoint "Cleanup", Time since last: 1000189240 ns, Reaching safepoint: 112299 ns, At safepoint: 6489 ns, Total: 118788 ns
[2020-09-11T16:07:19.349+0000][1][safepoint    ] Safepoint "Cleanup", Time since last: 1000139967 ns, Reaching safepoint: 183010 ns, At safepoint: 17808 ns, Total: 200818 ns
[2020-09-11T16:07:20.350+0000][1][safepoint    ] Safepoint "Cleanup", Time since last: 1000212589 ns, Reaching safepoint: 140246 ns, At safepoint: 17336 ns, Total: 157582 ns
[2020-09-11T16:07:21.350+0000][1][safepoint    ] Safepoint "Cleanup", Time since last: 1000178627 ns, Reaching safepoint: 121607 ns, At safepoint: 6603 ns, Total: 128210 ns
[2020-09-11T16:07:22.350+0000][1][safepoint    ] Safepoint "Cleanup", Time since last: 1000179328 ns, Reaching safepoint: 112381 ns, At safepoint: 8162 ns, Total: 120543 ns
[2020-09-11T16:07:23.330+0000][1][safepoint    ] Safepoint "RevokeBias", Time since last: 979803869 ns, Reaching safepoint: 96726 ns, At safepoint: 24254 ns, Total: 120980 ns
[2020-09-11T16:07:23.765+0000][1][gc,start     ] GC(189) Pause Young (Allocation Failure)
[2020-09-11T16:07:23.765+0000][1][gc,task      ] GC(189) Using 1 workers of 1 for evacuation
[2020-09-11T16:07:23.779+0000][1][gc,age       ] GC(189) Desired survivor size 4358144 bytes, new threshold 6 (max threshold 6)
[2020-09-11T16:07:23.779+0000][1][gc,age       ] GC(189) Age table with threshold 6 (max threshold 6)
[2020-09-11T16:07:23.779+0000][1][gc,age       ] GC(189) - age   1:      58352 bytes,      58352 total
[2020-09-11T16:07:23.779+0000][1][gc,age       ] GC(189) - age   2:     163816 bytes,     222168 total
[2020-09-11T16:07:23.779+0000][1][gc,age       ] GC(189) - age   3:     129096 bytes,     351264 total
[2020-09-11T16:07:23.779+0000][1][gc,age       ] GC(189) - age   4:     604536 bytes,     955800 total
[2020-09-11T16:07:23.779+0000][1][gc,age       ] GC(189) - age   5:     100480 bytes,    1056280 total
[2020-09-11T16:07:23.779+0000][1][gc,age       ] GC(189) - age   6:      46312 bytes,    1102592 total
[2020-09-11T16:07:23.779+0000][1][gc,heap      ] GC(189) ParNew: 69797K->1250K(76672K)
[2020-09-11T16:07:23.779+0000][1][gc,heap      ] GC(189) CMS: 115726K->115770K(439104K)
[2020-09-11T16:07:23.779+0000][1][gc,metaspace ] GC(189) Metaspace: 95488K->95488K(1136640K)
[2020-09-11T16:07:23.779+0000][1][gc           ] GC(189) Pause Young (Allocation Failure) 181M->114M(503M) 13.959ms
[2020-09-11T16:07:23.779+0000][1][gc,cpu       ] GC(189) User=0.01s Sys=0.00s Real=0.01s
[2020-09-11T16:07:23.784+0000][1][safepoint    ] Safepoint "GenCollectForAllocation", Time since last: 434192560 ns, Reaching safepoint: 611192 ns, At safepoint: 19638670 ns, Total: 20249862 ns
[2020-09-11T16:07:24.805+0000][1][safepoint    ] Safepoint "Cleanup", Time since last: 1020702933 ns, Reaching safepoint: 74109 ns, At safepoint: 16817 ns, Total: 90926 ns
[2020-09-11T16:07:25.806+0000][1][safepoint    ] Safepoint "Cleanup", Time since last: 1000352522 ns, Reaching safepoint: 141639 ns, At safepoint: 42838 ns, Total: 184477 ns
[2020-09-11T16:07:26.806+0000][1][safepoint    ] Safepoint "Cleanup", Time since last: 1000183856 ns, Reaching safepoint: 123845 ns, At safepoint: 6401 ns, Total: 130246 ns
[2020-09-11T16:07:27.806+0000][1][safepoint    ] Safepoint "Cleanup", Time since last: 1000142576 ns, Reaching safepoint: 162182 ns, At safepoint: 17280 ns, Total: 179462 ns
[2020-09-11T16:07:28.807+0000][1][safepoint    ] Safepoint "Cleanup", Time since last: 1000184600 ns, Reaching safepoint: 144796 ns, At safepoint: 13768 ns, Total: 158564 ns
[2020-09-11T16:07:29.807+0000][1][safepoint    ] Safepoint "Cleanup", Time since last: 1000210104 ns, Reaching safepoint: 113533 ns, At safepoint: 10700 ns, Total: 124233 ns
[2020-09-11T16:07:30.807+0000][1][safepoint    ] Safepoint "Cleanup", Time since last: 1000158406 ns, Reaching safepoint: 132678 ns, At safepoint: 6764 ns, Total: 139442 ns
[2020-09-11T16:07:31.808+0000][1][safepoint    ] Safepoint "Cleanup", Time since last: 1000150272 ns, Reaching safepoint: 143891 ns, At safepoint: 14272 ns, Total: 158163 ns
[2020-09-11T16:07:32.808+0000][1][safepoint    ] Safepoint "Cleanup", Time since last: 1000177756 ns, Reaching safepoint: 128405 ns, At safepoint: 6484 ns, Total: 134889 ns
[2020-09-11T16:07:33.366+0000][1][safepoint    ] Safepoint "RevokeBias", Time since last: 557285909 ns, Reaching safepoint: 231303 ns, At safepoint: 23335 ns, Total: 254638 ns
[2020-09-11T16:07:34.366+0000][1][safepoint    ] Safepoint "Cleanup", Time since last: 1000164607 ns, Reaching safepoint: 161721 ns, At safepoint: 19940 ns, Total: 181661 ns
[2020-09-11T16:07:35.366+0000][1][safepoint    ] Safepoint "Cleanup", Time since last: 1000237299 ns, Reaching safepoint: 100900 ns, At safepoint: 8958 ns, Total: 109858 ns
[2020-09-11T16:07:36.367+0000][1][safepoint    ] Safepoint "Cleanup", Time since last: 1000190099 ns, Reaching safepoint: 146897 ns, At safepoint: 16989 ns, Total: 163886 ns
[2020-09-11T16:07:37.367+0000][1][safepoint    ] Safepoint "Cleanup", Time since last: 1000175518 ns, Reaching safepoint: 89226 ns, At safepoint: 8356 ns, Total: 97582 ns
[2020-09-11T16:07:38.367+0000][1][safepoint    ] Safepoint "Cleanup", Time since last: 1000112457 ns, Reaching safepoint: 76495 ns, At safepoint: 6869 ns, Total: 83364 ns
[2020-09-11T16:07:38.514+0000][1][safepoint    ] Safepoint "Deoptimize", Time since last: 145383188 ns, Reaching safepoint: 182960 ns, At safepoint: 1119750 ns, Total: 1302710 ns
[2020-09-11T16:07:39.514+0000][1][safepoint    ] Safepoint "Cleanup", Time since last: 1000181691 ns, Reaching safepoint: 140610 ns, At safepoint: 18746 ns, Total: 159356 ns
[2020-09-11T16:07:40.514+0000][1][safepoint    ] Safepoint "Cleanup", Time since last: 1000231130 ns, Reaching safepoint: 113824 ns, At safepoint: 9862 ns, Total: 123686 ns
[2020-09-11T16:07:41.515+0000][1][safepoint    ] Safepoint "Cleanup", Time since last: 1000188711 ns, Reaching safepoint: 98955 ns, At safepoint: 7426 ns, Total: 106381 ns
[2020-09-11T16:07:42.515+0000][1][safepoint    ] Safepoint "Cleanup", Time since last: 1000190748 ns, Reaching safepoint: 91728 ns, At safepoint: 7447 ns, Total: 99175 ns
[2020-09-11T16:07:43.328+0000][1][safepoint    ] Safepoint "RevokeBias", Time since last: 812786745 ns, Reaching safepoint: 210148 ns, At safepoint: 25734 ns, Total: 235882 ns
[2020-09-11T16:07:44.328+0000][1][safepoint    ] Safepoint "Cleanup", Time since last: 1000185132 ns, Reaching safepoint: 153970 ns, At safepoint: 18115 ns, Total: 172085 ns
[2020-09-11T16:07:45.329+0000][1][safepoint    ] Safepoint "Cleanup", Time since last: 1000245161 ns, Reaching safepoint: 219364 ns, At safepoint: 18373 ns, Total: 237737 ns
[2020-09-11T16:07:46.330+0000][1][safepoint    ] Safepoint "Cleanup", Time since last: 1000550026 ns, Reaching safepoint: 224656 ns, At safepoint: 23200 ns, Total: 247856 ns
[2020-09-11T16:07:47.330+0000][1][safepoint    ] Safepoint "Cleanup", Time since last: 1000233462 ns, Reaching safepoint: 101811 ns, At safepoint: 7683 ns, Total: 109494 ns
[2020-09-11T16:07:48.330+0000][1][safepoint    ] Safepoint "Cleanup", Time since last: 1000164912 ns, Reaching safepoint: 107193 ns, At safepoint: 6863 ns, Total: 114056 ns
[2020-09-11T16:07:49.331+0000][1][safepoint    ] Safepoint "Cleanup", Time since last: 1000213831 ns, Reaching safepoint: 96231 ns, At safepoint: 7032 ns, Total: 103263 ns
[2020-09-11T16:07:50.331+0000][1][safepoint    ] Safepoint "Cleanup", Time since last: 1000146029 ns, Reaching safepoint: 176068 ns, At safepoint: 19892 ns, Total: 195960 ns
[2020-09-11T16:07:51.331+0000][1][safepoint    ] Safepoint "Cleanup", Time since last: 1000207245 ns, Reaching safepoint: 113371 ns, At safepoint: 8182 ns, Total: 121553 ns
[2020-09-11T16:07:51.953+0000][1][gc,start     ] GC(190) Pause Young (Allocation Failure)
[2020-09-11T16:07:51.953+0000][1][gc,task      ] GC(190) Using 1 workers of 1 for evacuation
[2020-09-11T16:07:51.960+0000][1][gc,age       ] GC(190) Desired survivor size 4358144 bytes, new threshold 6 (max threshold 6)
[2020-09-11T16:07:51.960+0000][1][gc,age       ] GC(190) Age table with threshold 6 (max threshold 6)
[2020-09-11T16:07:51.960+0000][1][gc,age       ] GC(190) - age   1:     310264 bytes,     310264 total
[2020-09-11T16:07:51.960+0000][1][gc,age       ] GC(190) - age   2:       8424 bytes,     318688 total
[2020-09-11T16:07:51.960+0000][1][gc,age       ] GC(190) - age   3:     156984 bytes,     475672 total
[2020-09-11T16:07:51.960+0000][1][gc,age       ] GC(190) - age   4:     127352 bytes,     603024 total
[2020-09-11T16:07:51.960+0000][1][gc,age       ] GC(190) - age   5:     604456 bytes,    1207480 total
[2020-09-11T16:07:51.960+0000][1][gc,age       ] GC(190) - age   6:      99840 bytes,    1307320 total
[2020-09-11T16:07:51.960+0000][1][gc,heap      ] GC(190) ParNew: 69410K->2240K(76672K)
[2020-09-11T16:07:51.960+0000][1][gc,heap      ] GC(190) CMS: 115770K->115821K(439104K)
[2020-09-11T16:07:51.960+0000][1][gc,metaspace ] GC(190) Metaspace: 96087K->96087K(1138688K)
[2020-09-11T16:07:51.960+0000][1][gc           ] GC(190) Pause Young (Allocation Failure) 180M->115M(503M) 7.033ms
[2020-09-11T16:07:51.960+0000][1][gc,cpu       ] GC(190) User=0.01s Sys=0.00s Real=0.00s
[2020-09-11T16:07:51.960+0000][1][safepoint    ] Safepoint "GenCollectForAllocation", Time since last: 621595821 ns, Reaching safepoint: 212264 ns, At safepoint: 7132510 ns, Total: 7344774 ns
[2020-09-11T16:07:52.967+0000][1][safepoint    ] Safepoint "Cleanup", Time since last: 1006677844 ns, Reaching safepoint: 104804 ns, At safepoint: 21268 ns, Total: 126072 ns
[2020-09-11T16:07:53.359+0000][1][safepoint    ] Safepoint "RevokeBias", Time since last: 392211671 ns, Reaching safepoint: 92287 ns, At safepoint: 32908 ns, Total: 125195 ns
[2020-09-11T16:07:54.360+0000][1][safepoint    ] Safepoint "Cleanup", Time since last: 1000083721 ns, Reaching safepoint: 103740 ns, At safepoint: 8391 ns, Total: 112131 ns
[2020-09-11T16:07:55.360+0000][1][safepoint    ] Safepoint "Cleanup", Time since last: 1000182207 ns, Reaching safepoint: 104396 ns, At safepoint: 8303 ns, Total: 112699 ns
[2020-09-11T16:07:56.360+0000][1][safepoint    ] Safepoint "Cleanup", Time since last: 1000176901 ns, Reaching safepoint: 99670 ns, At safepoint: 8240 ns, Total: 107910 ns
[2020-09-11T16:07:57.360+0000][1][safepoint    ] Safepoint "Cleanup", Time since last: 1000177658 ns, Reaching safepoint: 100300 ns, At safepoint: 8249 ns, Total: 108549 ns
[2020-09-11T16:07:58.361+0000][1][safepoint    ] Safepoint "Cleanup", Time since last: 1000165448 ns, Reaching safepoint: 126944 ns, At safepoint: 9129 ns, Total: 136073 ns
[2020-09-11T16:07:59.361+0000][1][safepoint    ] Safepoint "Cleanup", Time since last: 1000139509 ns, Reaching safepoint: 147108 ns, At safepoint: 16485 ns, Total: 163593 ns
[2020-09-11T16:08:00.361+0000][1][safepoint    ] Safepoint "Cleanup", Time since last: 1000187279 ns, Reaching safepoint: 117814 ns, At safepoint: 8844 ns, Total: 126658 ns
[2020-09-11T16:08:01.362+0000][1][safepoint    ] Safepoint "Cleanup", Time since last: 1000178970 ns, Reaching safepoint: 101286 ns, At safepoint: 8542 ns, Total: 109828 ns
[2020-09-11T16:08:02.362+0000][1][safepoint    ] Safepoint "Cleanup", Time since last: 1000174175 ns, Reaching safepoint: 159787 ns, At safepoint: 19448 ns, Total: 179235 ns
[2020-09-11T16:08:03.362+0000][1][safepoint    ] Safepoint "Cleanup", Time since last: 1000150147 ns, Reaching safepoint: 139252 ns, At safepoint: 7378 ns, Total: 146630 ns
[2020-09-11T16:08:03.379+0000][1][safepoint    ] Safepoint "RevokeBias", Time since last: 16107674 ns, Reaching safepoint: 129373 ns, At safepoint: 36912 ns, Total: 166285 ns
[2020-09-11T16:08:04.379+0000][1][safepoint    ] Safepoint "Cleanup", Time since last: 1000154065 ns, Reaching safepoint: 161895 ns, At safepoint: 20377 ns, Total: 182272 ns
[2020-09-11T16:08:05.379+0000][1][safepoint    ] Safepoint "Cleanup", Time since last: 1000220864 ns, Reaching safepoint: 102282 ns, At safepoint: 8863 ns, Total: 111145 ns
[2020-09-11T16:08:06.379+0000][1][safepoint    ] Safepoint "Cleanup", Time since last: 1000122502 ns, Reaching safepoint: 70386 ns, At safepoint: 6452 ns, Total: 76838 ns
[2020-09-11T16:08:07.380+0000][1][safepoint    ] Safepoint "Cleanup", Time since last: 1000191211 ns, Reaching safepoint: 100413 ns, At safepoint: 8170 ns, Total: 108583 ns
[2020-09-11T16:08:08.380+0000][1][safepoint    ] Safepoint "Cleanup", Time since last: 1000200737 ns, Reaching safepoint: 100811 ns, At safepoint: 7324 ns, Total: 108135 ns
[2020-09-11T16:08:09.380+0000][1][safepoint    ] Safepoint "Cleanup", Time since last: 1000173941 ns, Reaching safepoint: 101563 ns, At safepoint: 7624 ns, Total: 109187 ns
[2020-09-11T16:08:10.381+0000][1][safepoint    ] Safepoint "Cleanup", Time since last: 1000101445 ns, Reaching safepoint: 73460 ns, At safepoint: 6080 ns, Total: 79540 ns
[2020-09-11T16:08:11.381+0000][1][safepoint    ] Safepoint "Cleanup", Time since last: 1000253033 ns, Reaching safepoint: 69762 ns, At safepoint: 6560 ns, Total: 76322 ns
[2020-09-11T16:08:12.381+0000][1][safepoint    ] Safepoint "Cleanup", Time since last: 1000179837 ns, Reaching safepoint: 140456 ns, At safepoint: 17257 ns, Total: 157713 ns
[2020-09-11T16:08:13.345+0000][1][safepoint    ] Safepoint "RevokeBias", Time since last: 963725370 ns, Reaching safepoint: 477464 ns, At safepoint: 22633 ns, Total: 500097 ns
[2020-09-11T16:08:14.346+0000][1][safepoint    ] Safepoint "Cleanup", Time since last: 1000174921 ns, Reaching safepoint: 99769 ns, At safepoint: 7128 ns, Total: 106897 ns
[2020-09-11T16:08:15.346+0000][1][safepoint    ] Safepoint "Cleanup", Time since last: 1000198605 ns, Reaching safepoint: 93877 ns, At safepoint: 7405 ns, Total: 101282 ns
[2020-09-11T16:08:16.346+0000][1][safepoint    ] Safepoint "Cleanup", Time since last: 1000152521 ns, Reaching safepoint: 129735 ns, At safepoint: 16668 ns, Total: 146403 ns
[2020-09-11T16:08:17.347+0000][1][safepoint    ] Safepoint "Cleanup", Time since last: 1000221336 ns, Reaching safepoint: 113419 ns, At safepoint: 6917 ns, Total: 120336 ns
[2020-09-11T16:08:18.347+0000][1][safepoint    ] Safepoint "Cleanup", Time since last: 1000192326 ns, Reaching safepoint: 142357 ns, At safepoint: 17694 ns, Total: 160051 ns
[2020-09-11T16:08:19.347+0000][1][safepoint    ] Safepoint "Cleanup", Time since last: 1000201619 ns, Reaching safepoint: 137937 ns, At safepoint: 16228 ns, Total: 154165 ns
[2020-09-11T16:08:20.348+0000][1][safepoint    ] Safepoint "Cleanup", Time since last: 1000211325 ns, Reaching safepoint: 139554 ns, At safepoint: 17604 ns, Total: 157158 ns
[2020-09-11T16:08:20.798+0000][1][gc,start     ] GC(191) Pause Young (Allocation Failure)
[2020-09-11T16:08:20.798+0000][1][gc,task      ] GC(191) Using 1 workers of 1 for evacuation
[2020-09-11T16:08:20.810+0000][1][gc,age       ] GC(191) Desired survivor size 4358144 bytes, new threshold 6 (max threshold 6)
[2020-09-11T16:08:20.810+0000][1][gc,age       ] GC(191) Age table with threshold 6 (max threshold 6)
[2020-09-11T16:08:20.810+0000][1][gc,age       ] GC(191) - age   1:     129296 bytes,     129296 total
[2020-09-11T16:08:20.810+0000][1][gc,age       ] GC(191) - age   2:     190840 bytes,     320136 total
[2020-09-11T16:08:20.810+0000][1][gc,age       ] GC(191) - age   3:        968 bytes,     321104 total
[2020-09-11T16:08:20.810+0000][1][gc,age       ] GC(191) - age   4:     156688 bytes,     477792 total
[2020-09-11T16:08:20.810+0000][1][gc,age       ] GC(191) - age   5:     127352 bytes,     605144 total
[2020-09-11T16:08:20.810+0000][1][gc,age       ] GC(191) - age   6:     604456 bytes,    1209600 total
[2020-09-11T16:08:20.810+0000][1][gc,heap      ] GC(191) ParNew: 70400K->1517K(76672K)
[2020-09-11T16:08:20.810+0000][1][gc,heap      ] GC(191) CMS: 115821K->115920K(439104K)
[2020-09-11T16:08:20.810+0000][1][gc,metaspace ] GC(191) Metaspace: 96119K->96119K(1138688K)
[2020-09-11T16:08:20.810+0000][1][gc           ] GC(191) Pause Young (Allocation Failure) 181M->114M(503M) 12.010ms
[2020-09-11T16:08:20.810+0000][1][gc,cpu       ] GC(191) User=0.01s Sys=0.00s Real=0.01s
[2020-09-11T16:08:20.810+0000][1][safepoint    ] Safepoint "GenCollectForAllocation", Time since last: 448576131 ns, Reaching safepoint: 1697671 ns, At safepoint: 12134480 ns, Total: 13832151 ns
[2020-09-11T16:08:21.816+0000][1][safepoint    ] Safepoint "Cleanup", Time since last: 1005495800 ns, Reaching safepoint: 110251 ns, At safepoint: 7458 ns, Total: 117709 ns
[2020-09-11T16:08:22.816+0000][1][safepoint    ] Safepoint "Cleanup", Time since last: 1000169931 ns, Reaching safepoint: 177345 ns, At safepoint: 18382 ns, Total: 195727 ns
[2020-09-11T16:08:23.419+0000][1][safepoint    ] Safepoint "RevokeBias", Time since last: 602522754 ns, Reaching safepoint: 88926 ns, At safepoint: 22493 ns, Total: 111419 ns
[2020-09-11T16:08:24.419+0000][1][safepoint    ] Safepoint "Cleanup", Time since last: 1000167628 ns, Reaching safepoint: 160573 ns, At safepoint: 24937 ns, Total: 185510 ns
[2020-09-11T16:08:25.419+0000][1][safepoint    ] Safepoint "Cleanup", Time since last: 1000190903 ns, Reaching safepoint: 132555 ns, At safepoint: 15890 ns, Total: 148445 ns
[2020-09-11T16:08:26.420+0000][1][safepoint    ] Safepoint "Cleanup", Time since last: 1000201581 ns, Reaching safepoint: 210079 ns, At safepoint: 17437 ns, Total: 227516 ns
[2020-09-11T16:08:27.420+0000][1][safepoint    ] Safepoint "Cleanup", Time since last: 1000194173 ns, Reaching safepoint: 133006 ns, At safepoint: 16785 ns, Total: 149791 ns
[2020-09-11T16:08:28.421+0000][1][safepoint    ] Safepoint "Cleanup", Time since last: 1000188316 ns, Reaching safepoint: 109342 ns, At safepoint: 15776 ns, Total: 125118 ns
[2020-09-11T16:08:29.421+0000][1][safepoint    ] Safepoint "Cleanup", Time since last: 1000177535 ns, Reaching safepoint: 200671 ns, At safepoint: 16081 ns, Total: 216752 ns
[2020-09-11T16:08:30.421+0000][1][safepoint    ] Safepoint "Cleanup", Time since last: 1000198420 ns, Reaching safepoint: 132361 ns, At safepoint: 17326 ns, Total: 149687 ns
[2020-09-11T16:08:31.422+0000][1][safepoint    ] Safepoint "Cleanup", Time since last: 1000192999 ns, Reaching safepoint: 127600 ns, At safepoint: 17006 ns, Total: 144606 ns
[2020-09-11T16:08:32.422+0000][1][safepoint    ] Safepoint "Cleanup", Time since last: 1000158714 ns, Reaching safepoint: 143420 ns, At safepoint: 17072 ns, Total: 160492 ns
[2020-09-11T16:08:32.493+0000][1][safepoint    ] Safepoint "RevokeBias", Time since last: 71088167 ns, Reaching safepoint: 168822 ns, At safepoint: 23747 ns, Total: 192569 ns
[2020-09-11T16:08:32.497+0000][1][safepoint    ] Safepoint "RevokeBias", Time since last: 2272482 ns, Reaching safepoint: 1346263 ns, At safepoint: 24901 ns, Total: 1371164 ns
[2020-09-11T16:08:32.497+0000][1][safepoint    ] Safepoint "RevokeBias", Time since last: 60528 ns, Reaching safepoint: 147842 ns, At safepoint: 14548 ns, Total: 162390 ns
[2020-09-11T16:08:32.497+0000][1][safepoint    ] Safepoint "RevokeBias", Time since last: 33242 ns, Reaching safepoint: 153152 ns, At safepoint: 13005 ns, Total: 166157 ns
[2020-09-11T16:08:32.497+0000][1][safepoint    ] Safepoint "RevokeBias", Time since last: 30537 ns, Reaching safepoint: 147957 ns, At safepoint: 13665 ns, Total: 161622 ns
[2020-09-11T16:08:32.498+0000][1][safepoint    ] Safepoint "RevokeBias", Time since last: 29711 ns, Reaching safepoint: 152136 ns, At safepoint: 12387 ns, Total: 164523 ns
[2020-09-11T16:08:32.881+0000][1][safepoint    ] Safepoint "RevokeBias", Time since last: 383103582 ns, Reaching safepoint: 183863 ns, At safepoint: 24548 ns, Total: 208411 ns
[2020-09-11T16:08:33.017+0000][1][safepoint    ] Safepoint "RevokeBias", Time since last: 135437430 ns, Reaching safepoint: 81267 ns, At safepoint: 18568 ns, Total: 99835 ns
[2020-09-11T16:08:33.353+0000][1][safepoint    ] Safepoint "RevokeBias", Time since last: 335693760 ns, Reaching safepoint: 266924 ns, At safepoint: 24084 ns, Total: 291008 ns
[2020-09-11T16:08:34.353+0000][1][safepoint    ] Safepoint "Cleanup", Time since last: 1000167906 ns, Reaching safepoint: 185316 ns, At safepoint: 17457 ns, Total: 202773 ns
[2020-09-11T16:08:35.353+0000][1][safepoint    ] Safepoint "Cleanup", Time since last: 1000194685 ns, Reaching safepoint: 144532 ns, At safepoint: 17770 ns, Total: 162302 ns
[2020-09-11T16:08:36.354+0000][1][safepoint    ] Safepoint "Cleanup", Time since last: 1000222730 ns, Reaching safepoint: 102340 ns, At safepoint: 7069 ns, Total: 109409 ns
[2020-09-11T16:08:36.498+0000][1][gc,start     ] GC(192) Pause Young (Allocation Failure)
[2020-09-11T16:08:36.499+0000][1][gc,task      ] GC(192) Using 1 workers of 1 for evacuation
[2020-09-11T16:08:36.505+0000][1][gc,age       ] GC(192) Desired survivor size 4358144 bytes, new threshold 6 (max threshold 6)
[2020-09-11T16:08:36.505+0000][1][gc,age       ] GC(192) Age table with threshold 6 (max threshold 6)
[2020-09-11T16:08:36.505+0000][1][gc,age       ] GC(192) - age   1:     200840 bytes,     200840 total
[2020-09-11T16:08:36.505+0000][1][gc,age       ] GC(192) - age   2:       9376 bytes,     210216 total
[2020-09-11T16:08:36.505+0000][1][gc,age       ] GC(192) - age   3:     189920 bytes,     400136 total
[2020-09-11T16:08:36.505+0000][1][gc,age       ] GC(192) - age   4:        968 bytes,     401104 total
[2020-09-11T16:08:36.505+0000][1][gc,age       ] GC(192) - age   5:     126296 bytes,     527400 total
[2020-09-11T16:08:36.505+0000][1][gc,age       ] GC(192) - age   6:     126544 bytes,     653944 total
[2020-09-11T16:08:36.505+0000][1][gc,heap      ] GC(192) ParNew: 69677K->1075K(76672K)
[2020-09-11T16:08:36.505+0000][1][gc,heap      ] GC(192) CMS: 115920K->116523K(439104K)
[2020-09-11T16:08:36.505+0000][1][gc,metaspace ] GC(192) Metaspace: 96163K->96163K(1138688K)
[2020-09-11T16:08:36.505+0000][1][gc           ] GC(192) Pause Young (Allocation Failure) 181M->114M(503M) 6.799ms
[2020-09-11T16:08:36.505+0000][1][gc,cpu       ] GC(192) User=0.01s Sys=0.00s Real=0.01s
[2020-09-11T16:08:36.505+0000][1][safepoint    ] Safepoint "GenCollectForAllocation", Time since last: 144678901 ns, Reaching safepoint: 200955 ns, At safepoint: 6900904 ns, Total: 7101859 ns
[2020-09-11T16:08:37.506+0000][1][safepoint    ] Safepoint "Cleanup", Time since last: 1000659266 ns, Reaching safepoint: 80653 ns, At safepoint: 17222 ns, Total: 97875 ns
[2020-09-11T16:08:38.506+0000][1][safepoint    ] Safepoint "Cleanup", Time since last: 1000140439 ns, Reaching safepoint: 126910 ns, At safepoint: 16862 ns, Total: 143772 ns
[2020-09-11T16:08:39.507+0000][1][safepoint    ] Safepoint "Cleanup", Time since last: 1000228222 ns, Reaching safepoint: 90138 ns, At safepoint: 23030 ns, Total: 113168 ns
[2020-09-11T16:08:40.507+0000][1][safepoint    ] Safepoint "Cleanup", Time since last: 1000211502 ns, Reaching safepoint: 122670 ns, At safepoint: 17007 ns, Total: 139677 ns
[2020-09-11T16:08:41.507+0000][1][safepoint    ] Safepoint "Cleanup", Time since last: 1000196189 ns, Reaching safepoint: 113997 ns, At safepoint: 8392 ns, Total: 122389 ns
[2020-09-11T16:08:42.508+0000][1][safepoint    ] Safepoint "Cleanup", Time since last: 1000212510 ns, Reaching safepoint: 124313 ns, At safepoint: 10351 ns, Total: 134664 ns
[2020-09-11T16:08:43.383+0000][1][safepoint    ] Safepoint "RevokeBias", Time since last: 875073104 ns, Reaching safepoint: 271260 ns, At safepoint: 49807 ns, Total: 321067 ns
[2020-09-11T16:08:44.384+0000][1][safepoint    ] Safepoint "Cleanup", Time since last: 1000174535 ns, Reaching safepoint: 155688 ns, At safepoint: 16635 ns, Total: 172323 ns
[2020-09-11T16:08:45.384+0000][1][safepoint    ] Safepoint "Cleanup", Time since last: 1000200936 ns, Reaching safepoint: 101814 ns, At safepoint: 7660 ns, Total: 109474 ns
[2020-09-11T16:08:46.384+0000][1][safepoint    ] Safepoint "Cleanup", Time since last: 1000241154 ns, Reaching safepoint: 70133 ns, At safepoint: 6325 ns, Total: 76458 ns
[2020-09-11T16:08:47.384+0000][1][safepoint    ] Safepoint "Cleanup", Time since last: 1000193683 ns, Reaching safepoint: 151719 ns, At safepoint: 17898 ns, Total: 169617 ns
[2020-09-11T16:08:48.385+0000][1][safepoint    ] Safepoint "Cleanup", Time since last: 1000216161 ns, Reaching safepoint: 166840 ns, At safepoint: 17237 ns, Total: 184077 ns
[2020-09-11T16:08:49.385+0000][1][safepoint    ] Safepoint "Cleanup", Time since last: 1000177932 ns, Reaching safepoint: 153700 ns, At safepoint: 16444 ns, Total: 170144 ns
[2020-09-11T16:08:50.386+0000][1][safepoint    ] Safepoint "Cleanup", Time since last: 1000223835 ns, Reaching safepoint: 105044 ns, At safepoint: 7465 ns, Total: 112509 ns
[2020-09-11T16:08:51.386+0000][1][safepoint    ] Safepoint "Cleanup", Time since last: 1000146584 ns, Reaching safepoint: 285145 ns, At safepoint: 19017 ns, Total: 304162 ns
[2020-09-11T16:08:52.386+0000][1][safepoint    ] Safepoint "Cleanup", Time since last: 1000207077 ns, Reaching safepoint: 163419 ns, At safepoint: 18934 ns, Total: 182353 ns
[2020-09-11T16:08:53.340+0000][1][safepoint    ] Safepoint "RevokeBias", Time since last: 953663838 ns, Reaching safepoint: 84540 ns, At safepoint: 27111 ns, Total: 111651 ns
[2020-09-11T16:08:55.341+0000][1][safepoint    ] Safepoint "Cleanup", Time since last: 2000279026 ns, Reaching safepoint: 105749 ns, At safepoint: 7776 ns, Total: 113525 ns
[2020-09-11T16:08:57.341+0000][1][safepoint    ] Safepoint "Cleanup", Time since last: 2000324720 ns, Reaching safepoint: 145722 ns, At safepoint: 17577 ns, Total: 163299 ns
[2020-09-11T16:08:58.341+0000][1][safepoint    ] Safepoint "Cleanup", Time since last: 1000228836 ns, Reaching safepoint: 85968 ns, At safepoint: 8173 ns, Total: 94141 ns
[2020-09-11T16:08:59.342+0000][1][safepoint    ] Safepoint "Cleanup", Time since last: 1000177306 ns, Reaching safepoint: 144535 ns, At safepoint: 18242 ns, Total: 162777 ns
[2020-09-11T16:09:00.342+0000][1][safepoint    ] Safepoint "Cleanup", Time since last: 1000189474 ns, Reaching safepoint: 169760 ns, At safepoint: 17817 ns, Total: 187577 ns
[2020-09-11T16:09:01.342+0000][1][safepoint    ] Safepoint "Cleanup", Time since last: 1000173833 ns, Reaching safepoint: 149269 ns, At safepoint: 17417 ns, Total: 166686 ns
[2020-09-11T16:09:02.343+0000][1][safepoint    ] Safepoint "Cleanup", Time since last: 1000168039 ns, Reaching safepoint: 133552 ns, At safepoint: 9659 ns, Total: 143211 ns
[2020-09-11T16:09:03.343+0000][1][safepoint    ] Safepoint "Cleanup", Time since last: 1000173124 ns, Reaching safepoint: 164539 ns, At safepoint: 8575 ns, Total: 173114 ns
[2020-09-11T16:09:03.378+0000][1][safepoint    ] Safepoint "RevokeBias", Time since last: 35059680 ns, Reaching safepoint: 171630 ns, At safepoint: 24182 ns, Total: 195812 ns
[2020-09-11T16:09:03.665+0000][1][gc,start     ] GC(193) Pause Young (Allocation Failure)
[2020-09-11T16:09:03.665+0000][1][gc,task      ] GC(193) Using 1 workers of 1 for evacuation
[2020-09-11T16:09:03.678+0000][1][gc,age       ] GC(193) Desired survivor size 4358144 bytes, new threshold 6 (max threshold 6)
[2020-09-11T16:09:03.678+0000][1][gc,age       ] GC(193) Age table with threshold 6 (max threshold 6)
[2020-09-11T16:09:03.678+0000][1][gc,age       ] GC(193) - age   1:      53168 bytes,      53168 total
[2020-09-11T16:09:03.678+0000][1][gc,age       ] GC(193) - age   2:     163504 bytes,     216672 total
[2020-09-11T16:09:03.678+0000][1][gc,age       ] GC(193) - age   3:       1408 bytes,     218080 total
[2020-09-11T16:09:03.678+0000][1][gc,age       ] GC(193) - age   4:     189624 bytes,     407704 total
[2020-09-11T16:09:03.678+0000][1][gc,age       ] GC(193) - age   5:        968 bytes,     408672 total
[2020-09-11T16:09:03.678+0000][1][gc,age       ] GC(193) - age   6:     125728 bytes,     534400 total
[2020-09-11T16:09:03.678+0000][1][gc,heap      ] GC(193) ParNew: 69235K->1016K(76672K)
[2020-09-11T16:09:03.678+0000][1][gc,heap      ] GC(193) CMS: 116523K->116645K(439104K)
[2020-09-11T16:09:03.678+0000][1][gc,metaspace ] GC(193) Metaspace: 96169K->96169K(1138688K)
[2020-09-11T16:09:03.678+0000][1][gc           ] GC(193) Pause Young (Allocation Failure) 181M->114M(503M) 13.892ms
[2020-09-11T16:09:03.679+0000][1][gc,cpu       ] GC(193) User=0.01s Sys=0.00s Real=0.01s
[2020-09-11T16:09:03.680+0000][1][safepoint    ] Safepoint "GenCollectForAllocation", Time since last: 286140430 ns, Reaching safepoint: 75498 ns, At safepoint: 14983165 ns, Total: 15058663 ns
[2020-09-11T16:09:04.689+0000][1][safepoint    ] Safepoint "Cleanup", Time since last: 1009445303 ns, Reaching safepoint: 108047 ns, At safepoint: 7727 ns, Total: 115774 ns
[2020-09-11T16:09:05.689+0000][1][safepoint    ] Safepoint "Cleanup", Time since last: 1000149783 ns, Reaching safepoint: 79358 ns, At safepoint: 7928 ns, Total: 87286 ns
[2020-09-11T16:09:06.690+0000][1][safepoint    ] Safepoint "Cleanup", Time since last: 1000246102 ns, Reaching safepoint: 89968 ns, At safepoint: 8508 ns, Total: 98476 ns
[2020-09-11T16:09:07.690+0000][1][safepoint    ] Safepoint "Cleanup", Time since last: 1000187054 ns, Reaching safepoint: 107356 ns, At safepoint: 8369 ns, Total: 115725 ns
[2020-09-11T16:09:08.690+0000][1][safepoint    ] Safepoint "Cleanup", Time since last: 1000151100 ns, Reaching safepoint: 119033 ns, At safepoint: 7981 ns, Total: 127014 ns
[2020-09-11T16:09:09.691+0000][1][safepoint    ] Safepoint "Cleanup", Time since last: 1000815561 ns, Reaching safepoint: 76071 ns, At safepoint: 6055 ns, Total: 82126 ns
[2020-09-11T16:09:10.692+0000][1][safepoint    ] Safepoint "Cleanup", Time since last: 1000200365 ns, Reaching safepoint: 106587 ns, At safepoint: 8018 ns, Total: 114605 ns
[2020-09-11T16:09:11.692+0000][1][safepoint    ] Safepoint "Cleanup", Time since last: 1000191147 ns, Reaching safepoint: 113957 ns, At safepoint: 9100 ns, Total: 123057 ns
[2020-09-11T16:09:12.692+0000][1][safepoint    ] Safepoint "Cleanup", Time since last: 1000177036 ns, Reaching safepoint: 112231 ns, At safepoint: 10176 ns, Total: 122407 ns
[2020-09-11T16:09:13.332+0000][1][safepoint    ] Safepoint "RevokeBias", Time since last: 639670559 ns, Reaching safepoint: 96212 ns, At safepoint: 26680 ns, Total: 122892 ns
[2020-09-11T16:09:14.332+0000][1][safepoint    ] Safepoint "Cleanup", Time since last: 1000165226 ns, Reaching safepoint: 160956 ns, At safepoint: 17934 ns, Total: 178890 ns
[2020-09-11T16:09:15.333+0000][1][safepoint    ] Safepoint "Cleanup", Time since last: 1000222945 ns, Reaching safepoint: 108645 ns, At safepoint: 7423 ns, Total: 116068 ns
[2020-09-11T16:09:16.333+0000][1][safepoint    ] Safepoint "Cleanup", Time since last: 1000201421 ns, Reaching safepoint: 148044 ns, At safepoint: 18175 ns, Total: 166219 ns
[2020-09-11T16:09:17.333+0000][1][safepoint    ] Safepoint "Cleanup", Time since last: 1000225191 ns, Reaching safepoint: 104771 ns, At safepoint: 8061 ns, Total: 112832 ns
[2020-09-11T16:09:18.334+0000][1][safepoint    ] Safepoint "Cleanup", Time since last: 1000181780 ns, Reaching safepoint: 102056 ns, At safepoint: 7845 ns, Total: 109901 ns
[2020-09-11T16:09:19.334+0000][1][safepoint    ] Safepoint "Cleanup", Time since last: 1000189086 ns, Reaching safepoint: 114667 ns, At safepoint: 7924 ns, Total: 122591 ns
[2020-09-11T16:09:20.334+0000][1][safepoint    ] Safepoint "Cleanup", Time since last: 1000174065 ns, Reaching safepoint: 149230 ns, At safepoint: 18152 ns, Total: 167382 ns
[2020-09-11T16:09:21.335+0000][1][safepoint    ] Safepoint "Cleanup", Time since last: 1000303586 ns, Reaching safepoint: 146326 ns, At safepoint: 16511 ns, Total: 162837 ns
[2020-09-11T16:09:22.335+0000][1][safepoint    ] Safepoint "Cleanup", Time since last: 1000216592 ns, Reaching safepoint: 202204 ns, At safepoint: 19358 ns, Total: 221562 ns
[2020-09-11T16:09:23.336+0000][1][safepoint    ] Safepoint "Cleanup", Time since last: 1000202678 ns, Reaching safepoint: 150073 ns, At safepoint: 8257 ns, Total: 158330 ns
[2020-09-11T16:09:23.373+0000][1][safepoint    ] Safepoint "RevokeBias", Time since last: 37214243 ns, Reaching safepoint: 203204 ns, At safepoint: 47833 ns, Total: 251037 ns
[2020-09-11T16:09:24.373+0000][1][safepoint    ] Safepoint "Cleanup", Time since last: 1000207838 ns, Reaching safepoint: 165434 ns, At safepoint: 20651 ns, Total: 186085 ns
[2020-09-11T16:09:25.374+0000][1][safepoint    ] Safepoint "Cleanup", Time since last: 1000222646 ns, Reaching safepoint: 145879 ns, At safepoint: 17560 ns, Total: 163439 ns
[2020-09-11T16:09:26.374+0000][1][safepoint    ] Safepoint "Cleanup", Time since last: 1000241639 ns, Reaching safepoint: 159159 ns, At safepoint: 19356 ns, Total: 178515 ns
[2020-09-11T16:09:27.375+0000][1][safepoint    ] Safepoint "Cleanup", Time since last: 1000209245 ns, Reaching safepoint: 145080 ns, At safepoint: 18095 ns, Total: 163175 ns
[2020-09-11T16:09:28.375+0000][1][safepoint    ] Safepoint "Cleanup", Time since last: 1000255877 ns, Reaching safepoint: 100432 ns, At safepoint: 8132 ns, Total: 108564 ns
[2020-09-11T16:09:29.375+0000][1][safepoint    ] Safepoint "Cleanup", Time since last: 1000184479 ns, Reaching safepoint: 101317 ns, At safepoint: 8033 ns, Total: 109350 ns
[2020-09-11T16:09:30.375+0000][1][safepoint    ] Safepoint "Cleanup", Time since last: 1000124529 ns, Reaching safepoint: 83533 ns, At safepoint: 7981 ns, Total: 91514 ns
[2020-09-11T16:09:31.376+0000][1][safepoint    ] Safepoint "Cleanup", Time since last: 1000174787 ns, Reaching safepoint: 106647 ns, At safepoint: 7913 ns, Total: 114560 ns
[2020-09-11T16:09:31.452+0000][1][gc,start     ] GC(194) Pause Young (Allocation Failure)
[2020-09-11T16:09:31.452+0000][1][gc,task      ] GC(194) Using 1 workers of 1 for evacuation
[2020-09-11T16:09:31.458+0000][1][gc,age       ] GC(194) Desired survivor size 4358144 bytes, new threshold 6 (max threshold 6)
[2020-09-11T16:09:31.458+0000][1][gc,age       ] GC(194) Age table with threshold 6 (max threshold 6)
[2020-09-11T16:09:31.458+0000][1][gc,age       ] GC(194) - age   1:      44704 bytes,      44704 total
[2020-09-11T16:09:31.458+0000][1][gc,age       ] GC(194) - age   2:      12976 bytes,      57680 total
[2020-09-11T16:09:31.458+0000][1][gc,age       ] GC(194) - age   3:     161776 bytes,     219456 total
[2020-09-11T16:09:31.458+0000][1][gc,age       ] GC(194) - age   4:       1312 bytes,     220768 total
[2020-09-11T16:09:31.458+0000][1][gc,age       ] GC(194) - age   5:     189624 bytes,     410392 total
[2020-09-11T16:09:31.458+0000][1][gc,age       ] GC(194) - age   6:        968 bytes,     411360 total
[2020-09-11T16:09:31.458+0000][1][gc,heap      ] GC(194) ParNew: 69176K->645K(76672K)
[2020-09-11T16:09:31.458+0000][1][gc,heap      ] GC(194) CMS: 116645K->116775K(439104K)
[2020-09-11T16:09:31.458+0000][1][gc,metaspace ] GC(194) Metaspace: 96174K->96174K(1138688K)
[2020-09-11T16:09:31.458+0000][1][gc           ] GC(194) Pause Young (Allocation Failure) 181M->114M(503M) 5.856ms
[2020-09-11T16:09:31.458+0000][1][gc,cpu       ] GC(194) User=0.00s Sys=0.00s Real=0.01s
[2020-09-11T16:09:31.458+0000][1][safepoint    ] Safepoint "GenCollectForAllocation", Time since last: 76427477 ns, Reaching safepoint: 208980 ns, At safepoint: 5934290 ns, Total: 6143270 ns
[2020-09-11T16:09:32.461+0000][1][safepoint    ] Safepoint "Cleanup", Time since last: 1002224015 ns, Reaching safepoint: 141599 ns, At safepoint: 15218 ns, Total: 156817 ns
[2020-09-11T16:09:33.331+0000][1][safepoint    ] Safepoint "BulkRevokeBias", Time since last: 870353534 ns, Reaching safepoint: 165649 ns, At safepoint: 206481 ns, Total: 372130 ns
[2020-09-11T16:09:34.332+0000][1][safepoint    ] Safepoint "Cleanup", Time since last: 1000165122 ns, Reaching safepoint: 155140 ns, At safepoint: 18419 ns, Total: 173559 ns
[2020-09-11T16:09:35.332+0000][1][safepoint    ] Safepoint "Cleanup", Time since last: 1000242371 ns, Reaching safepoint: 147402 ns, At safepoint: 19254 ns, Total: 166656 ns
[2020-09-11T16:09:36.332+0000][1][safepoint    ] Safepoint "Cleanup", Time since last: 1000217290 ns, Reaching safepoint: 103891 ns, At safepoint: 8489 ns, Total: 112380 ns
[2020-09-11T16:09:37.333+0000][1][safepoint    ] Safepoint "Cleanup", Time since last: 1000145976 ns, Reaching safepoint: 121419 ns, At safepoint: 15052 ns, Total: 136471 ns
[2020-09-11T16:09:38.333+0000][1][safepoint    ] Safepoint "Cleanup", Time since last: 1000174631 ns, Reaching safepoint: 150583 ns, At safepoint: 19565 ns, Total: 170148 ns
[2020-09-11T16:09:39.333+0000][1][safepoint    ] Safepoint "Cleanup", Time since last: 1000217521 ns, Reaching safepoint: 107436 ns, At safepoint: 7468 ns, Total: 114904 ns
[2020-09-11T16:09:40.869+0000][1][safepoint    ] Safepoint "Cleanup", Time since last: 1535460037 ns, Reaching safepoint: 150578 ns, At safepoint: 9647 ns, Total: 160225 ns
[2020-09-11T16:09:42.869+0000][1][safepoint    ] Safepoint "Cleanup", Time since last: 2000313395 ns, Reaching safepoint: 105531 ns, At safepoint: 7632 ns, Total: 113163 ns
[2020-09-11T16:09:43.344+0000][1][safepoint    ] Safepoint "RevokeBias", Time since last: 474773047 ns, Reaching safepoint: 87193 ns, At safepoint: 20434 ns, Total: 107627 ns
[2020-09-11T16:09:53.367+0000][1][safepoint    ] Safepoint "RevokeBias", Time since last: 10022551486 ns, Reaching safepoint: 197119 ns, At safepoint: 51385 ns, Total: 248504 ns
[2020-09-11T16:09:53.781+0000][1][gc,start     ] GC(195) Pause Young (Allocation Failure)
[2020-09-11T16:09:53.781+0000][1][gc,task      ] GC(195) Using 1 workers of 1 for evacuation
[2020-09-11T16:09:53.786+0000][1][gc,age       ] GC(195) Desired survivor size 4358144 bytes, new threshold 6 (max threshold 6)
[2020-09-11T16:09:53.786+0000][1][gc,age       ] GC(195) Age table with threshold 6 (max threshold 6)
[2020-09-11T16:09:53.786+0000][1][gc,age       ] GC(195) - age   1:      56040 bytes,      56040 total
[2020-09-11T16:09:53.786+0000][1][gc,age       ] GC(195) - age   2:      12392 bytes,      68432 total
[2020-09-11T16:09:53.786+0000][1][gc,age       ] GC(195) - age   3:       6016 bytes,      74448 total
[2020-09-11T16:09:53.786+0000][1][gc,age       ] GC(195) - age   4:     161776 bytes,     236224 total
[2020-09-11T16:09:53.786+0000][1][gc,age       ] GC(195) - age   5:       1312 bytes,     237536 total
[2020-09-11T16:09:53.786+0000][1][gc,age       ] GC(195) - age   6:     189624 bytes,     427160 total
[2020-09-11T16:09:53.786+0000][1][gc,heap      ] GC(195) ParNew: 68805K->763K(76672K)
[2020-09-11T16:09:53.786+0000][1][gc,heap      ] GC(195) CMS: 116775K->116775K(439104K)
[2020-09-11T16:09:53.786+0000][1][gc,metaspace ] GC(195) Metaspace: 96190K->96190K(1138688K)
[2020-09-11T16:09:53.786+0000][1][gc           ] GC(195) Pause Young (Allocation Failure) 181M->114M(503M) 5.354ms
[2020-09-11T16:09:53.786+0000][1][gc,cpu       ] GC(195) User=0.00s Sys=0.00s Real=0.01s
[2020-09-11T16:09:53.786+0000][1][safepoint    ] Safepoint "GenCollectForAllocation", Time since last: 413301917 ns, Reaching safepoint: 205625 ns, At safepoint: 5418599 ns, Total: 5624224 ns
[2020-09-11T16:09:58.790+0000][1][safepoint    ] Safepoint "Cleanup", Time since last: 5003385441 ns, Reaching safepoint: 160709 ns, At safepoint: 18285 ns, Total: 178994 ns
[2020-09-11T16:09:59.790+0000][1][safepoint    ] Safepoint "Cleanup", Time since last: 1000192535 ns, Reaching safepoint: 124468 ns, At safepoint: 6806 ns, Total: 131274 ns
[2020-09-11T16:10:02.791+0000][1][safepoint    ] Safepoint "Cleanup", Time since last: 3000434775 ns, Reaching safepoint: 104947 ns, At safepoint: 9226 ns, Total: 114173 ns
[2020-09-11T16:10:03.413+0000][1][safepoint    ] Safepoint "RevokeBias", Time since last: 622298269 ns, Reaching safepoint: 175157 ns, At safepoint: 22757 ns, Total: 197914 ns
[2020-09-11T16:10:04.413+0000][1][safepoint    ] Safepoint "Cleanup", Time since last: 1000139299 ns, Reaching safepoint: 170382 ns, At safepoint: 17530 ns, Total: 187912 ns
[2020-09-11T16:10:07.414+0000][1][safepoint    ] Safepoint "Cleanup", Time since last: 3000491675 ns, Reaching safepoint: 93789 ns, At safepoint: 6680 ns, Total: 100469 ns
[2020-09-11T16:10:12.415+0000][1][safepoint    ] Safepoint "Cleanup", Time since last: 5000788859 ns, Reaching safepoint: 166716 ns, At safepoint: 20070 ns, Total: 186786 ns
[2020-09-11T16:10:13.336+0000][1][safepoint    ] Safepoint "RevokeBias", Time since last: 921109047 ns, Reaching safepoint: 210210 ns, At safepoint: 25126 ns, Total: 235336 ns
[2020-09-11T16:10:17.337+0000][1][safepoint    ] Safepoint "Cleanup", Time since last: 4000609321 ns, Reaching safepoint: 143904 ns, At safepoint: 16989 ns, Total: 160893 ns
[2020-09-11T16:10:18.337+0000][1][safepoint    ] Safepoint "Cleanup", Time since last: 1000199279 ns, Reaching safepoint: 119950 ns, At safepoint: 8096 ns, Total: 128046 ns
[2020-09-11T16:10:19.338+0000][1][safepoint    ] Safepoint "Cleanup", Time since last: 1000172216 ns, Reaching safepoint: 147599 ns, At safepoint: 18098 ns, Total: 165697 ns
[2020-09-11T16:10:20.338+0000][1][safepoint    ] Safepoint "Cleanup", Time since last: 1000218111 ns, Reaching safepoint: 147118 ns, At safepoint: 18232 ns, Total: 165350 ns
[2020-09-11T16:10:21.338+0000][1][safepoint    ] Safepoint "Cleanup", Time since last: 1000272575 ns, Reaching safepoint: 99805 ns, At safepoint: 9458 ns, Total: 109263 ns
[2020-09-11T16:10:21.510+0000][1][gc,start     ] GC(196) Pause Young (Allocation Failure)
[2020-09-11T16:10:21.510+0000][1][gc,task      ] GC(196) Using 1 workers of 1 for evacuation
[2020-09-11T16:10:21.516+0000][1][gc,age       ] GC(196) Desired survivor size 4358144 bytes, new threshold 6 (max threshold 6)
[2020-09-11T16:10:21.516+0000][1][gc,age       ] GC(196) Age table with threshold 6 (max threshold 6)
[2020-09-11T16:10:21.516+0000][1][gc,age       ] GC(196) - age   1:      77016 bytes,      77016 total
[2020-09-11T16:10:21.516+0000][1][gc,age       ] GC(196) - age   2:       7296 bytes,      84312 total
[2020-09-11T16:10:21.516+0000][1][gc,age       ] GC(196) - age   3:        712 bytes,      85024 total
[2020-09-11T16:10:21.516+0000][1][gc,age       ] GC(196) - age   4:       5720 bytes,      90744 total
[2020-09-11T16:10:21.516+0000][1][gc,age       ] GC(196) - age   5:     161704 bytes,     252448 total
[2020-09-11T16:10:21.516+0000][1][gc,age       ] GC(196) - age   6:       1312 bytes,     253760 total
[2020-09-11T16:10:21.516+0000][1][gc,heap      ] GC(196) ParNew: 68923K->251K(76672K)
[2020-09-11T16:10:21.516+0000][1][gc,heap      ] GC(196) CMS: 116775K->116964K(439104K)
[2020-09-11T16:10:21.516+0000][1][gc,metaspace ] GC(196) Metaspace: 96191K->96191K(1138688K)
[2020-09-11T16:10:21.516+0000][1][gc           ] GC(196) Pause Young (Allocation Failure) 181M->114M(503M) 6.033ms
[2020-09-11T16:10:21.516+0000][1][gc,cpu       ] GC(196) User=0.00s Sys=0.00s Real=0.01s
[2020-09-11T16:10:21.516+0000][1][safepoint    ] Safepoint "GenCollectForAllocation", Time since last: 171115080 ns, Reaching safepoint: 209011 ns, At safepoint: 6108172 ns, Total: 6317183 ns
[2020-09-11T16:10:22.519+0000][1][safepoint    ] Safepoint "Cleanup", Time since last: 1002570982 ns, Reaching safepoint: 81467 ns, At safepoint: 6168 ns, Total: 87635 ns
[2020-09-11T16:10:23.333+0000][1][safepoint    ] Safepoint "RevokeBias", Time since last: 814366353 ns, Reaching safepoint: 107778 ns, At safepoint: 21127 ns, Total: 128905 ns
[2020-09-11T16:10:24.333+0000][1][safepoint    ] Safepoint "Cleanup", Time since last: 1000164235 ns, Reaching safepoint: 146263 ns, At safepoint: 18519 ns, Total: 164782 ns
[2020-09-11T16:10:25.334+0000][1][safepoint    ] Safepoint "Cleanup", Time since last: 1000223487 ns, Reaching safepoint: 105875 ns, At safepoint: 8275 ns, Total: 114150 ns
[2020-09-11T16:10:26.334+0000][1][safepoint    ] Safepoint "Cleanup", Time since last: 1000180303 ns, Reaching safepoint: 107731 ns, At safepoint: 7976 ns, Total: 115707 ns
[2020-09-11T16:10:27.334+0000][1][safepoint    ] Safepoint "Cleanup", Time since last: 1000180211 ns, Reaching safepoint: 105779 ns, At safepoint: 7422 ns, Total: 113201 ns
[2020-09-11T16:10:28.335+0000][1][safepoint    ] Safepoint "Cleanup", Time since last: 1000203955 ns, Reaching safepoint: 115358 ns, At safepoint: 7810 ns, Total: 123168 ns
[2020-09-11T16:10:29.335+0000][1][safepoint    ] Safepoint "Cleanup", Time since last: 1000104072 ns, Reaching safepoint: 78744 ns, At safepoint: 6426 ns, Total: 85170 ns
[2020-09-11T16:10:30.335+0000][1][safepoint    ] Safepoint "Cleanup", Time since last: 1000147961 ns, Reaching safepoint: 150576 ns, At safepoint: 17380 ns, Total: 167956 ns
[2020-09-11T16:10:31.336+0000][1][safepoint    ] Safepoint "Cleanup", Time since last: 1000236478 ns, Reaching safepoint: 146005 ns, At safepoint: 18245 ns, Total: 164250 ns
[2020-09-11T16:10:32.336+0000][1][safepoint    ] Safepoint "Cleanup", Time since last: 1000211126 ns, Reaching safepoint: 164512 ns, At safepoint: 20430 ns, Total: 184942 ns
[2020-09-11T16:10:33.337+0000][1][safepoint    ] Safepoint "Cleanup", Time since last: 1000871772 ns, Reaching safepoint: 77431 ns, At safepoint: 7111 ns, Total: 84542 ns
[2020-09-11T16:10:33.339+0000][1][safepoint    ] Safepoint "RevokeBias", Time since last: 1824266 ns, Reaching safepoint: 153442 ns, At safepoint: 23005 ns, Total: 176447 ns
[2020-09-11T16:10:34.340+0000][1][safepoint    ] Safepoint "Cleanup", Time since last: 1001162608 ns, Reaching safepoint: 87794 ns, At safepoint: 18865 ns, Total: 106659 ns
[2020-09-11T16:10:35.341+0000][1][safepoint    ] Safepoint "Cleanup", Time since last: 1000180251 ns, Reaching safepoint: 147466 ns, At safepoint: 18088 ns, Total: 165554 ns
[2020-09-11T16:10:36.341+0000][1][safepoint    ] Safepoint "Cleanup", Time since last: 1000182375 ns, Reaching safepoint: 164755 ns, At safepoint: 16397 ns, Total: 181152 ns
[2020-09-11T16:10:37.341+0000][1][safepoint    ] Safepoint "Cleanup", Time since last: 1000170817 ns, Reaching safepoint: 149313 ns, At safepoint: 17921 ns, Total: 167234 ns
[2020-09-11T16:10:38.342+0000][1][safepoint    ] Safepoint "Cleanup", Time since last: 1000217221 ns, Reaching safepoint: 166606 ns, At safepoint: 15596 ns, Total: 182202 ns
[2020-09-11T16:10:39.342+0000][1][safepoint    ] Safepoint "Cleanup", Time since last: 1000218881 ns, Reaching safepoint: 106395 ns, At safepoint: 7951 ns, Total: 114346 ns
[2020-09-11T16:10:40.342+0000][1][safepoint    ] Safepoint "Cleanup", Time since last: 1000188469 ns, Reaching safepoint: 147639 ns, At safepoint: 18219 ns, Total: 165858 ns
[2020-09-11T16:10:41.343+0000][1][safepoint    ] Safepoint "Cleanup", Time since last: 1000272338 ns, Reaching safepoint: 92811 ns, At safepoint: 7402 ns, Total: 100213 ns
[2020-09-11T16:10:42.343+0000][1][safepoint    ] Safepoint "Cleanup", Time since last: 1000196007 ns, Reaching safepoint: 150038 ns, At safepoint: 19024 ns, Total: 169062 ns
[2020-09-11T16:10:43.343+0000][1][safepoint    ] Safepoint "Cleanup", Time since last: 1000185599 ns, Reaching safepoint: 249008 ns, At safepoint: 19515 ns, Total: 268523 ns
[2020-09-11T16:10:43.383+0000][1][safepoint    ] Safepoint "RevokeBias", Time since last: 39832481 ns, Reaching safepoint: 162815 ns, At safepoint: 23336 ns, Total: 186151 ns
[2020-09-11T16:10:44.384+0000][1][safepoint    ] Safepoint "Cleanup", Time since last: 1000137844 ns, Reaching safepoint: 154412 ns, At safepoint: 17530 ns, Total: 171942 ns
[2020-09-11T16:10:45.384+0000][1][safepoint    ] Safepoint "Cleanup", Time since last: 1000222319 ns, Reaching safepoint: 146429 ns, At safepoint: 17634 ns, Total: 164063 ns
[2020-09-11T16:10:46.385+0000][1][safepoint    ] Safepoint "Cleanup", Time since last: 1000221227 ns, Reaching safepoint: 158444 ns, At safepoint: 20674 ns, Total: 179118 ns
[2020-09-11T16:10:46.560+0000][1][gc,start     ] GC(197) Pause Young (Allocation Failure)
[2020-09-11T16:10:46.560+0000][1][gc,task      ] GC(197) Using 1 workers of 1 for evacuation
[2020-09-11T16:10:46.564+0000][1][gc,age       ] GC(197) Desired survivor size 4358144 bytes, new threshold 6 (max threshold 6)
[2020-09-11T16:10:46.564+0000][1][gc,age       ] GC(197) Age table with threshold 6 (max threshold 6)
[2020-09-11T16:10:46.564+0000][1][gc,age       ] GC(197) - age   1:      48400 bytes,      48400 total
[2020-09-11T16:10:46.564+0000][1][gc,age       ] GC(197) - age   2:      38376 bytes,      86776 total
[2020-09-11T16:10:46.564+0000][1][gc,age       ] GC(197) - age   3:       1464 bytes,      88240 total
[2020-09-11T16:10:46.564+0000][1][gc,age       ] GC(197) - age   4:        224 bytes,      88464 total
[2020-09-11T16:10:46.564+0000][1][gc,age       ] GC(197) - age   5:       5720 bytes,      94184 total
[2020-09-11T16:10:46.564+0000][1][gc,age       ] GC(197) - age   6:     161704 bytes,     255888 total
[2020-09-11T16:10:46.564+0000][1][gc,heap      ] GC(197) ParNew: 68411K->497K(76672K)
[2020-09-11T16:10:46.564+0000][1][gc,heap      ] GC(197) CMS: 116964K->116966K(439104K)
[2020-09-11T16:10:46.564+0000][1][gc,metaspace ] GC(197) Metaspace: 96193K->96193K(1138688K)
[2020-09-11T16:10:46.564+0000][1][gc           ] GC(197) Pause Young (Allocation Failure) 181M->114M(503M) 4.865ms
[2020-09-11T16:10:46.564+0000][1][gc,cpu       ] GC(197) User=0.01s Sys=0.00s Real=0.01s
[2020-09-11T16:10:46.564+0000][1][safepoint    ] Safepoint "GenCollectForAllocation", Time since last: 174685449 ns, Reaching safepoint: 255708 ns, At safepoint: 4952083 ns, Total: 5207791 ns
[2020-09-11T16:10:47.566+0000][1][safepoint    ] Safepoint "Cleanup", Time since last: 1001655545 ns, Reaching safepoint: 210442 ns, At safepoint: 74427 ns, Total: 284869 ns
[2020-09-11T16:10:48.567+0000][1][safepoint    ] Safepoint "Cleanup", Time since last: 1000104211 ns, Reaching safepoint: 68290 ns, At safepoint: 13435 ns, Total: 81725 ns
[2020-09-11T16:10:49.567+0000][1][safepoint    ] Safepoint "Cleanup", Time since last: 1000134071 ns, Reaching safepoint: 253726 ns, At safepoint: 46911 ns, Total: 300637 ns
[2020-09-11T16:10:50.567+0000][1][safepoint    ] Safepoint "Cleanup", Time since last: 1000213383 ns, Reaching safepoint: 148137 ns, At safepoint: 68210 ns, Total: 216347 ns
[2020-09-11T16:10:51.568+0000][1][safepoint    ] Safepoint "Cleanup", Time since last: 1000174316 ns, Reaching safepoint: 148538 ns, At safepoint: 18031 ns, Total: 166569 ns
[2020-09-11T16:10:52.568+0000][1][safepoint    ] Safepoint "Cleanup", Time since last: 1000211050 ns, Reaching safepoint: 150398 ns, At safepoint: 17587 ns, Total: 167985 ns
[2020-09-11T16:10:53.338+0000][1][safepoint    ] Safepoint "RevokeBias", Time since last: 769346881 ns, Reaching safepoint: 87513 ns, At safepoint: 26692 ns, Total: 114205 ns
[2020-09-11T16:10:54.166+0000][1][safepoint    ] Safepoint "RevokeBias", Time since last: 827277087 ns, Reaching safepoint: 621158 ns, At safepoint: 30024 ns, Total: 651182 ns
[2020-09-11T16:10:55.166+0000][1][safepoint    ] Safepoint "Cleanup", Time since last: 1000167826 ns, Reaching safepoint: 112624 ns, At safepoint: 7904 ns, Total: 120528 ns
[2020-09-11T16:10:56.166+0000][1][safepoint    ] Safepoint "Cleanup", Time since last: 1000179497 ns, Reaching safepoint: 107503 ns, At safepoint: 8746 ns, Total: 116249 ns
[2020-09-11T16:10:57.166+0000][1][safepoint    ] Safepoint "Cleanup", Time since last: 1000179875 ns, Reaching safepoint: 108032 ns, At safepoint: 9645 ns, Total: 117677 ns
[2020-09-11T16:10:58.167+0000][1][safepoint    ] Safepoint "Cleanup", Time since last: 1000118252 ns, Reaching safepoint: 84491 ns, At safepoint: 10630 ns, Total: 95121 ns
[2020-09-11T16:10:59.167+0000][1][safepoint    ] Safepoint "Cleanup", Time since last: 1000202327 ns, Reaching safepoint: 145805 ns, At safepoint: 17881 ns, Total: 163686 ns
[2020-09-11T16:11:00.167+0000][1][safepoint    ] Safepoint "Cleanup", Time since last: 1000216936 ns, Reaching safepoint: 118700 ns, At safepoint: 8452 ns, Total: 127152 ns
[2020-09-11T16:11:01.168+0000][1][safepoint    ] Safepoint "Cleanup", Time since last: 1000193128 ns, Reaching safepoint: 106352 ns, At safepoint: 8155 ns, Total: 114507 ns
[2020-09-11T16:11:02.168+0000][1][safepoint    ] Safepoint "Cleanup", Time since last: 1000182921 ns, Reaching safepoint: 113069 ns, At safepoint: 9447 ns, Total: 122516 ns
[2020-09-11T16:11:03.168+0000][1][safepoint    ] Safepoint "Cleanup", Time since last: 1000186076 ns, Reaching safepoint: 106485 ns, At safepoint: 10268 ns, Total: 116753 ns
[2020-09-11T16:11:03.334+0000][1][safepoint    ] Safepoint "RevokeBias", Time since last: 165567332 ns, Reaching safepoint: 90667 ns, At safepoint: 23032 ns, Total: 113699 ns
[2020-09-11T16:11:04.334+0000][1][safepoint    ] Safepoint "Cleanup", Time since last: 1000106305 ns, Reaching safepoint: 76130 ns, At safepoint: 6435 ns, Total: 82565 ns
[2020-09-11T16:11:06.706+0000][1][gc,start     ] GC(198) Pause Young (Allocation Failure)
[2020-09-11T16:11:06.706+0000][1][gc,task      ] GC(198) Using 1 workers of 1 for evacuation
[2020-09-11T16:11:06.712+0000][1][gc,age       ] GC(198) Desired survivor size 4358144 bytes, new threshold 6 (max threshold 6)
[2020-09-11T16:11:06.712+0000][1][gc,age       ] GC(198) Age table with threshold 6 (max threshold 6)
[2020-09-11T16:11:06.712+0000][1][gc,age       ] GC(198) - age   1:      82192 bytes,      82192 total
[2020-09-11T16:11:06.712+0000][1][gc,age       ] GC(198) - age   2:       9496 bytes,      91688 total
[2020-09-11T16:11:06.712+0000][1][gc,age       ] GC(198) - age   3:      33056 bytes,     124744 total
[2020-09-11T16:11:06.712+0000][1][gc,age       ] GC(198) - age   4:       1464 bytes,     126208 total
[2020-09-11T16:11:06.712+0000][1][gc,age       ] GC(198) - age   5:        224 bytes,     126432 total
[2020-09-11T16:11:06.712+0000][1][gc,age       ] GC(198) - age   6:       5720 bytes,     132152 total
[2020-09-11T16:11:06.712+0000][1][gc,heap      ] GC(198) ParNew: 68657K->155K(76672K)
[2020-09-11T16:11:06.712+0000][1][gc,heap      ] GC(198) CMS: 116966K->117129K(439104K)
[2020-09-11T16:11:06.712+0000][1][gc,metaspace ] GC(198) Metaspace: 96207K->96207K(1138688K)
[2020-09-11T16:11:06.712+0000][1][gc           ] GC(198) Pause Young (Allocation Failure) 181M->114M(503M) 5.424ms
[2020-09-11T16:11:06.712+0000][1][gc,cpu       ] GC(198) User=0.01s Sys=0.00s Real=0.00s
[2020-09-11T16:11:06.712+0000][1][safepoint    ] Safepoint "GenCollectForAllocation", Time since last: 2371977490 ns, Reaching safepoint: 163566 ns, At safepoint: 5520681 ns, Total: 5684247 ns
[2020-09-11T16:11:13.332+0000][1][safepoint    ] Safepoint "RevokeBias", Time since last: 6620255302 ns, Reaching safepoint: 210808 ns, At safepoint: 25647 ns, Total: 236455 ns
[2020-09-11T16:11:14.333+0000][1][safepoint    ] Safepoint "Cleanup", Time since last: 1000233916 ns, Reaching safepoint: 108283 ns, At safepoint: 7112 ns, Total: 115395 ns
[2020-09-11T16:11:23.334+0000][1][safepoint    ] Safepoint "RevokeBias", Time since last: 9000814798 ns, Reaching safepoint: 111601 ns, At safepoint: 33355 ns, Total: 144956 ns
[2020-09-11T16:11:24.334+0000][1][safepoint    ] Safepoint "Cleanup", Time since last: 1000252066 ns, Reaching safepoint: 164193 ns, At safepoint: 20477 ns, Total: 184670 ns
[2020-09-11T16:11:30.335+0000][1][safepoint    ] Safepoint "Cleanup", Time since last: 6000877957 ns, Reaching safepoint: 114667 ns, At safepoint: 7299 ns, Total: 121966 ns
[2020-09-11T16:11:32.336+0000][1][safepoint    ] Safepoint "Cleanup", Time since last: 2000336994 ns, Reaching safepoint: 168039 ns, At safepoint: 20832 ns, Total: 188871 ns
[2020-09-11T16:11:33.335+0000][1][safepoint    ] Safepoint "RevokeBias", Time since last: 999594330 ns, Reaching safepoint: 159699 ns, At safepoint: 22696 ns, Total: 182395 ns
[2020-09-11T16:11:33.941+0000][1][gc,start     ] GC(199) Pause Young (Allocation Failure)
[2020-09-11T16:11:33.941+0000][1][gc,task      ] GC(199) Using 1 workers of 1 for evacuation
[2020-09-11T16:11:33.947+0000][1][gc,age       ] GC(199) Desired survivor size 4358144 bytes, new threshold 6 (max threshold 6)
[2020-09-11T16:11:33.947+0000][1][gc,age       ] GC(199) Age table with threshold 6 (max threshold 6)
[2020-09-11T16:11:33.947+0000][1][gc,age       ] GC(199) - age   1:      46288 bytes,      46288 total
[2020-09-11T16:11:33.947+0000][1][gc,age       ] GC(199) - age   2:      43992 bytes,      90280 total
[2020-09-11T16:11:33.947+0000][1][gc,age       ] GC(199) - age   3:       1384 bytes,      91664 total
[2020-09-11T16:11:33.947+0000][1][gc,age       ] GC(199) - age   4:      32960 bytes,     124624 total
[2020-09-11T16:11:33.947+0000][1][gc,age       ] GC(199) - age   5:       1464 bytes,     126088 total
[2020-09-11T16:11:33.947+0000][1][gc,age       ] GC(199) - age   6:        224 bytes,     126312 total
[2020-09-11T16:11:33.947+0000][1][gc,heap      ] GC(199) ParNew: 68315K->135K(76672K)
[2020-09-11T16:11:33.947+0000][1][gc,heap      ] GC(199) CMS: 117129K->117134K(439104K)
[2020-09-11T16:11:33.947+0000][1][gc,metaspace ] GC(199) Metaspace: 96220K->96220K(1138688K)
[2020-09-11T16:11:33.947+0000][1][gc           ] GC(199) Pause Young (Allocation Failure) 181M->114M(503M) 5.954ms
[2020-09-11T16:11:33.947+0000][1][gc,cpu       ] GC(199) User=0.00s Sys=0.00s Real=0.00s
[2020-09-11T16:11:33.947+0000][1][safepoint    ] Safepoint "GenCollectForAllocation", Time since last: 605281186 ns, Reaching safepoint: 103432 ns, At safepoint: 6020505 ns, Total: 6123937 ns
[2020-09-11T16:11:43.335+0000][1][safepoint    ] Safepoint "RevokeBias", Time since last: 9388393300 ns, Reaching safepoint: 174646 ns, At safepoint: 24997 ns, Total: 199643 ns
[2020-09-11T16:11:53.331+0000][1][safepoint    ] Safepoint "RevokeBias", Time since last: 9995107183 ns, Reaching safepoint: 84710 ns, At safepoint: 21751 ns, Total: 106461 ns
[2020-09-11T16:11:55.331+0000][1][safepoint    ] Safepoint "Cleanup", Time since last: 2000279861 ns, Reaching safepoint: 110713 ns, At safepoint: 7393 ns, Total: 118106 ns
[2020-09-11T16:12:01.664+0000][1][gc,start     ] GC(200) Pause Young (Allocation Failure)
[2020-09-11T16:12:01.664+0000][1][gc,task      ] GC(200) Using 1 workers of 1 for evacuation
[2020-09-11T16:12:01.669+0000][1][gc,age       ] GC(200) Desired survivor size 4358144 bytes, new threshold 6 (max threshold 6)
[2020-09-11T16:12:01.669+0000][1][gc,age       ] GC(200) Age table with threshold 6 (max threshold 6)
[2020-09-11T16:12:01.669+0000][1][gc,age       ] GC(200) - age   1:      41400 bytes,      41400 total
[2020-09-11T16:12:01.669+0000][1][gc,age       ] GC(200) - age   2:      10336 bytes,      51736 total
[2020-09-11T16:12:01.669+0000][1][gc,age       ] GC(200) - age   3:      42752 bytes,      94488 total
[2020-09-11T16:12:01.669+0000][1][gc,age       ] GC(200) - age   4:       1352 bytes,      95840 total
[2020-09-11T16:12:01.669+0000][1][gc,age       ] GC(200) - age   5:      31720 bytes,     127560 total
[2020-09-11T16:12:01.669+0000][1][gc,age       ] GC(200) - age   6:       1464 bytes,     129024 total
[2020-09-11T16:12:01.669+0000][1][gc,heap      ] GC(200) ParNew: 68295K->126K(76672K)
[2020-09-11T16:12:01.669+0000][1][gc,heap      ] GC(200) CMS: 117134K->117134K(439104K)
[2020-09-11T16:12:01.669+0000][1][gc,metaspace ] GC(200) Metaspace: 96261K->96261K(1138688K)
[2020-09-11T16:12:01.669+0000][1][gc           ] GC(200) Pause Young (Allocation Failure) 181M->114M(503M) 4.811ms
[2020-09-11T16:12:01.669+0000][1][gc,cpu       ] GC(200) User=0.01s Sys=0.00s Real=0.00s
[2020-09-11T16:12:01.669+0000][1][safepoint    ] Safepoint "GenCollectForAllocation", Time since last: 6333145419 ns, Reaching safepoint: 210567 ns, At safepoint: 4881515 ns, Total: 5092082 ns
[2020-09-11T16:12:03.370+0000][1][safepoint    ] Safepoint "RevokeBias", Time since last: 1700684149 ns, Reaching safepoint: 162323 ns, At safepoint: 24782 ns, Total: 187105 ns
[2020-09-11T16:12:13.331+0000][1][safepoint    ] Safepoint "RevokeBias", Time since last: 9960776956 ns, Reaching safepoint: 208157 ns, At safepoint: 23974 ns, Total: 232131 ns
[2020-09-11T16:12:14.331+0000][1][safepoint    ] Safepoint "Cleanup", Time since last: 1000161295 ns, Reaching safepoint: 109836 ns, At safepoint: 7707 ns, Total: 117543 ns
[2020-09-11T16:12:22.333+0000][1][safepoint    ] Safepoint "Cleanup", Time since last: 8001026079 ns, Reaching safepoint: 172577 ns, At safepoint: 20357 ns, Total: 192934 ns
[2020-09-11T16:12:23.335+0000][1][safepoint    ] Safepoint "Cleanup", Time since last: 1002077089 ns, Reaching safepoint: 129335 ns, At safepoint: 12210 ns, Total: 141545 ns
[2020-09-11T16:12:23.337+0000][1][safepoint    ] Safepoint "RevokeBias", Time since last: 2108156 ns, Reaching safepoint: 79649 ns, At safepoint: 24636 ns, Total: 104285 ns
[2020-09-11T16:12:23.810+0000][1][gc,start     ] GC(201) Pause Young (Allocation Failure)
[2020-09-11T16:12:23.810+0000][1][gc,task      ] GC(201) Using 1 workers of 1 for evacuation
[2020-09-11T16:12:23.818+0000][1][gc,age       ] GC(201) Desired survivor size 4358144 bytes, new threshold 6 (max threshold 6)
[2020-09-11T16:12:23.818+0000][1][gc,age       ] GC(201) Age table with threshold 6 (max threshold 6)
[2020-09-11T16:12:23.818+0000][1][gc,age       ] GC(201) - age   1:      61152 bytes,      61152 total
[2020-09-11T16:12:23.818+0000][1][gc,age       ] GC(201) - age   2:       8632 bytes,      69784 total
[2020-09-11T16:12:23.818+0000][1][gc,age       ] GC(201) - age   3:       2960 bytes,      72744 total
[2020-09-11T16:12:23.818+0000][1][gc,age       ] GC(201) - age   4:      37952 bytes,     110696 total
[2020-09-11T16:12:23.818+0000][1][gc,age       ] GC(201) - age   5:       1352 bytes,     112048 total
[2020-09-11T16:12:23.818+0000][1][gc,age       ] GC(201) - age   6:      31720 bytes,     143768 total
[2020-09-11T16:12:23.818+0000][1][gc,heap      ] GC(201) ParNew: 68286K->252K(76672K)
[2020-09-11T16:12:23.818+0000][1][gc,heap      ] GC(201) CMS: 117134K->117136K(439104K)
[2020-09-11T16:12:23.818+0000][1][gc,metaspace ] GC(201) Metaspace: 96292K->96292K(1138688K)
[2020-09-11T16:12:23.818+0000][1][gc           ] GC(201) Pause Young (Allocation Failure) 181M->114M(503M) 8.496ms
[2020-09-11T16:12:23.818+0000][1][gc,cpu       ] GC(201) User=0.01s Sys=0.00s Real=0.01s
[2020-09-11T16:12:23.818+0000][1][safepoint    ] Safepoint "GenCollectForAllocation", Time since last: 472585931 ns, Reaching safepoint: 173455 ns, At safepoint: 8587264 ns, Total: 8760719 ns
[2020-09-11T16:12:24.318+0000][1][safepoint    ] Safepoint "RevokeBias", Time since last: 499617716 ns, Reaching safepoint: 83875 ns, At safepoint: 26110 ns, Total: 109985 ns
[2020-09-11T16:12:24.318+0000][1][safepoint    ] Safepoint "RevokeBias", Time since last: 67344 ns, Reaching safepoint: 51978 ns, At safepoint: 14273 ns, Total: 66251 ns
[2020-09-11T16:12:24.318+0000][1][safepoint    ] Safepoint "RevokeBias", Time since last: 35604 ns, Reaching safepoint: 40908 ns, At safepoint: 12164 ns, Total: 53072 ns
[2020-09-11T16:12:24.318+0000][1][safepoint    ] Safepoint "RevokeBias", Time since last: 31276 ns, Reaching safepoint: 37791 ns, At safepoint: 10535 ns, Total: 48326 ns
[2020-09-11T16:12:24.319+0000][1][safepoint    ] Safepoint "RevokeBias", Time since last: 28732 ns, Reaching safepoint: 37566 ns, At safepoint: 43800 ns, Total: 81366 ns
[2020-09-11T16:12:24.319+0000][1][safepoint    ] Safepoint "RevokeBias", Time since last: 32227 ns, Reaching safepoint: 38337 ns, At safepoint: 10435 ns, Total: 48772 ns
[2020-09-11T16:12:24.319+0000][1][safepoint    ] Safepoint "RevokeBias", Time since last: 30143 ns, Reaching safepoint: 35584 ns, At safepoint: 10314 ns, Total: 45898 ns
[2020-09-11T16:12:32.320+0000][1][safepoint    ] Safepoint "Cleanup", Time since last: 8001216502 ns, Reaching safepoint: 122279 ns, At safepoint: 9637 ns, Total: 131916 ns
[2020-09-11T16:12:33.347+0000][1][safepoint    ] Safepoint "RevokeBias", Time since last: 1026599169 ns, Reaching safepoint: 157203 ns, At safepoint: 23795 ns, Total: 180998 ns
[2020-09-11T16:12:34.347+0000][1][safepoint    ] Safepoint "Cleanup", Time since last: 1000133491 ns, Reaching safepoint: 150924 ns, At safepoint: 16497 ns, Total: 167421 ns
[2020-09-11T16:12:35.347+0000][1][safepoint    ] Safepoint "Cleanup", Time since last: 1000195485 ns, Reaching safepoint: 152467 ns, At safepoint: 18753 ns, Total: 171220 ns
[2020-09-11T16:12:36.348+0000][1][safepoint    ] Safepoint "Cleanup", Time since last: 1000191073 ns, Reaching safepoint: 120053 ns, At safepoint: 8398 ns, Total: 128451 ns
[2020-09-11T16:12:37.348+0000][1][safepoint    ] Safepoint "Cleanup", Time since last: 1000173223 ns, Reaching safepoint: 150158 ns, At safepoint: 15335 ns, Total: 165493 ns
[2020-09-11T16:12:38.349+0000][1][safepoint    ] Safepoint "Cleanup", Time since last: 1000200091 ns, Reaching safepoint: 175125 ns, At safepoint: 20771 ns, Total: 195896 ns
[2020-09-11T16:12:39.349+0000][1][safepoint    ] Safepoint "Cleanup", Time since last: 1000237401 ns, Reaching safepoint: 156650 ns, At safepoint: 19792 ns, Total: 176442 ns
[2020-09-11T16:12:40.349+0000][1][safepoint    ] Safepoint "Cleanup", Time since last: 1000223650 ns, Reaching safepoint: 153145 ns, At safepoint: 19479 ns, Total: 172624 ns
[2020-09-11T16:12:41.350+0000][1][safepoint    ] Safepoint "Cleanup", Time since last: 1000215126 ns, Reaching safepoint: 146460 ns, At safepoint: 17497 ns, Total: 163957 ns
[2020-09-11T16:12:42.350+0000][1][safepoint    ] Safepoint "Cleanup", Time since last: 1000224020 ns, Reaching safepoint: 163800 ns, At safepoint: 19682 ns, Total: 183482 ns
[2020-09-11T16:12:43.352+0000][1][safepoint    ] Safepoint "RevokeBias", Time since last: 998873707 ns, Reaching safepoint: 3447735 ns, At safepoint: 26576 ns, Total: 3474311 ns
[2020-09-11T16:12:44.353+0000][1][safepoint    ] Safepoint "Cleanup", Time since last: 1000168681 ns, Reaching safepoint: 179215 ns, At safepoint: 18536 ns, Total: 197751 ns
[2020-09-11T16:12:45.353+0000][1][safepoint    ] Safepoint "Cleanup", Time since last: 1000277237 ns, Reaching safepoint: 153005 ns, At safepoint: 19809 ns, Total: 172814 ns
[2020-09-11T16:12:46.354+0000][1][safepoint    ] Safepoint "Cleanup", Time since last: 1000218898 ns, Reaching safepoint: 111938 ns, At safepoint: 9477 ns, Total: 121415 ns
[2020-09-11T16:12:47.354+0000][1][safepoint    ] Safepoint "Cleanup", Time since last: 1000182137 ns, Reaching safepoint: 103212 ns, At safepoint: 7569 ns, Total: 110781 ns
[2020-09-11T16:12:48.354+0000][1][safepoint    ] Safepoint "Cleanup", Time since last: 1000169100 ns, Reaching safepoint: 106202 ns, At safepoint: 18887 ns, Total: 125089 ns
[2020-09-11T16:12:49.355+0000][1][safepoint    ] Safepoint "Cleanup", Time since last: 1000201540 ns, Reaching safepoint: 107317 ns, At safepoint: 7794 ns, Total: 115111 ns
[2020-09-11T16:12:50.355+0000][1][safepoint    ] Safepoint "Cleanup", Time since last: 1000137869 ns, Reaching safepoint: 147388 ns, At safepoint: 16528 ns, Total: 163916 ns
[2020-09-11T16:12:51.355+0000][1][safepoint    ] Safepoint "Cleanup", Time since last: 1000248937 ns, Reaching safepoint: 138704 ns, At safepoint: 16659 ns, Total: 155363 ns
[2020-09-11T16:12:52.356+0000][1][safepoint    ] Safepoint "Cleanup", Time since last: 1000212414 ns, Reaching safepoint: 106468 ns, At safepoint: 7029 ns, Total: 113497 ns
[2020-09-11T16:12:53.356+0000][1][safepoint    ] Safepoint "Cleanup", Time since last: 1000122198 ns, Reaching safepoint: 72220 ns, At safepoint: 7279 ns, Total: 79499 ns
[2020-09-11T16:12:53.359+0000][1][safepoint    ] Safepoint "RevokeBias", Time since last: 3613031 ns, Reaching safepoint: 66723 ns, At safepoint: 21846 ns, Total: 88569 ns
[2020-09-11T16:12:53.678+0000][1][gc,start     ] GC(202) Pause Young (Allocation Failure)
[2020-09-11T16:12:53.678+0000][1][gc,task      ] GC(202) Using 1 workers of 1 for evacuation
[2020-09-11T16:12:53.682+0000][1][gc,age       ] GC(202) Desired survivor size 4358144 bytes, new threshold 6 (max threshold 6)
[2020-09-11T16:12:53.682+0000][1][gc,age       ] GC(202) Age table with threshold 6 (max threshold 6)
[2020-09-11T16:12:53.682+0000][1][gc,age       ] GC(202) - age   1:      72136 bytes,      72136 total
[2020-09-11T16:12:53.682+0000][1][gc,age       ] GC(202) - age   2:       7552 bytes,      79688 total
[2020-09-11T16:12:53.682+0000][1][gc,age       ] GC(202) - age   3:       1560 bytes,      81248 total
[2020-09-11T16:12:53.682+0000][1][gc,age       ] GC(202) - age   4:       2768 bytes,      84016 total
[2020-09-11T16:12:53.682+0000][1][gc,age       ] GC(202) - age   5:      37952 bytes,     121968 total
[2020-09-11T16:12:53.682+0000][1][gc,age       ] GC(202) - age   6:        112 bytes,     122080 total
[2020-09-11T16:12:53.682+0000][1][gc,heap      ] GC(202) ParNew: 68412K->168K(76672K)
[2020-09-11T16:12:53.683+0000][1][gc,heap      ] GC(202) CMS: 117136K->117167K(439104K)
[2020-09-11T16:12:53.683+0000][1][gc,metaspace ] GC(202) Metaspace: 96308K->96308K(1138688K)
[2020-09-11T16:12:53.683+0000][1][gc           ] GC(202) Pause Young (Allocation Failure) 181M->114M(503M) 4.519ms
[2020-09-11T16:12:53.683+0000][1][gc,cpu       ] GC(202) User=0.00s Sys=0.00s Real=0.01s
[2020-09-11T16:12:53.683+0000][1][safepoint    ] Safepoint "GenCollectForAllocation", Time since last: 318340367 ns, Reaching safepoint: 200814 ns, At safepoint: 4583753 ns, Total: 4784567 ns
[2020-09-11T16:12:54.685+0000][1][safepoint    ] Safepoint "Cleanup", Time since last: 1002290028 ns, Reaching safepoint: 154548 ns, At safepoint: 19134 ns, Total: 173682 ns
[2020-09-11T16:12:55.685+0000][1][safepoint    ] Safepoint "Cleanup", Time since last: 1000223173 ns, Reaching safepoint: 169218 ns, At safepoint: 18265 ns, Total: 187483 ns
[2020-09-11T16:12:56.686+0000][1][safepoint    ] Safepoint "Cleanup", Time since last: 1000218700 ns, Reaching safepoint: 155026 ns, At safepoint: 17777 ns, Total: 172803 ns
[2020-09-11T16:12:57.686+0000][1][safepoint    ] Safepoint "Cleanup", Time since last: 1000222124 ns, Reaching safepoint: 156797 ns, At safepoint: 17199 ns, Total: 173996 ns
[2020-09-11T16:12:58.687+0000][1][safepoint    ] Safepoint "Cleanup", Time since last: 1000253959 ns, Reaching safepoint: 110390 ns, At safepoint: 8448 ns, Total: 118838 ns
[2020-09-11T16:12:59.687+0000][1][safepoint    ] Safepoint "Cleanup", Time since last: 1000174928 ns, Reaching safepoint: 155179 ns, At safepoint: 16725 ns, Total: 171904 ns
[2020-09-11T16:13:00.687+0000][1][safepoint    ] Safepoint "Cleanup", Time since last: 1000199669 ns, Reaching safepoint: 192112 ns, At safepoint: 20908 ns, Total: 213020 ns
[2020-09-11T16:13:01.688+0000][1][safepoint    ] Safepoint "Cleanup", Time since last: 1000236121 ns, Reaching safepoint: 119681 ns, At safepoint: 7015 ns, Total: 126696 ns
[2020-09-11T16:13:02.688+0000][1][safepoint    ] Safepoint "Cleanup", Time since last: 1000146122 ns, Reaching safepoint: 157652 ns, At safepoint: 19424 ns, Total: 177076 ns
[2020-09-11T16:13:03.343+0000][1][safepoint    ] Safepoint "RevokeBias", Time since last: 654982866 ns, Reaching safepoint: 214897 ns, At safepoint: 24093 ns, Total: 238990 ns
[2020-09-11T16:13:04.344+0000][1][safepoint    ] Safepoint "Cleanup", Time since last: 1000160092 ns, Reaching safepoint: 108979 ns, At safepoint: 8848 ns, Total: 117827 ns
[2020-09-11T16:13:05.344+0000][1][safepoint    ] Safepoint "Cleanup", Time since last: 1000144318 ns, Reaching safepoint: 150429 ns, At safepoint: 18148 ns, Total: 168577 ns
[2020-09-11T16:13:06.344+0000][1][safepoint    ] Safepoint "Cleanup", Time since last: 1000218892 ns, Reaching safepoint: 107722 ns, At safepoint: 8463 ns, Total: 116185 ns
[2020-09-11T16:13:07.344+0000][1][safepoint    ] Safepoint "Cleanup", Time since last: 1000148514 ns, Reaching safepoint: 122445 ns, At safepoint: 7487 ns, Total: 129932 ns
[2020-09-11T16:13:08.345+0000][1][safepoint    ] Safepoint "Cleanup", Time since last: 1000185310 ns, Reaching safepoint: 145221 ns, At safepoint: 10191 ns, Total: 155412 ns
[2020-09-11T16:13:09.345+0000][1][safepoint    ] Safepoint "Cleanup", Time since last: 1000182157 ns, Reaching safepoint: 110295 ns, At safepoint: 9067 ns, Total: 119362 ns
[2020-09-11T16:13:10.345+0000][1][safepoint    ] Safepoint "Cleanup", Time since last: 1000167125 ns, Reaching safepoint: 152303 ns, At safepoint: 17894 ns, Total: 170197 ns
[2020-09-11T16:13:11.346+0000][1][safepoint    ] Safepoint "Cleanup", Time since last: 1000238089 ns, Reaching safepoint: 152216 ns, At safepoint: 17777 ns, Total: 169993 ns
[2020-09-11T16:13:12.346+0000][1][safepoint    ] Safepoint "Cleanup", Time since last: 1000231722 ns, Reaching safepoint: 150509 ns, At safepoint: 18616 ns, Total: 169125 ns
[2020-09-11T16:13:13.347+0000][1][safepoint    ] Safepoint "Cleanup", Time since last: 1000188888 ns, Reaching safepoint: 125863 ns, At safepoint: 12662 ns, Total: 138525 ns
[2020-09-11T16:13:13.351+0000][1][safepoint    ] Safepoint "BulkRevokeBias", Time since last: 3612367 ns, Reaching safepoint: 192266 ns, At safepoint: 441587 ns, Total: 633853 ns
[2020-09-11T16:13:14.351+0000][1][safepoint    ] Safepoint "Cleanup", Time since last: 1000148781 ns, Reaching safepoint: 149303 ns, At safepoint: 17056 ns, Total: 166359 ns
[2020-09-11T16:13:15.351+0000][1][safepoint    ] Safepoint "Cleanup", Time since last: 1000191482 ns, Reaching safepoint: 123999 ns, At safepoint: 7483 ns, Total: 131482 ns
[2020-09-11T16:13:16.352+0000][1][safepoint    ] Safepoint "Cleanup", Time since last: 1000141877 ns, Reaching safepoint: 129317 ns, At safepoint: 9211 ns, Total: 138528 ns
[2020-09-11T16:13:17.352+0000][1][safepoint    ] Safepoint "Cleanup", Time since last: 1000141571 ns, Reaching safepoint: 95558 ns, At safepoint: 7972 ns, Total: 103530 ns
[2020-09-11T16:13:18.352+0000][1][safepoint    ] Safepoint "Cleanup", Time since last: 1000147229 ns, Reaching safepoint: 123463 ns, At safepoint: 9310 ns, Total: 132773 ns
[2020-09-11T16:13:19.353+0000][1][safepoint    ] Safepoint "Cleanup", Time since last: 1000140837 ns, Reaching safepoint: 104010 ns, At safepoint: 7648 ns, Total: 111658 ns
[2020-09-11T16:13:20.353+0000][1][safepoint    ] Safepoint "Cleanup", Time since last: 1000121492 ns, Reaching safepoint: 89829 ns, At safepoint: 6977 ns, Total: 96806 ns
[2020-09-11T16:13:20.996+0000][1][gc,start     ] GC(203) Pause Young (Allocation Failure)
[2020-09-11T16:13:20.996+0000][1][gc,task      ] GC(203) Using 1 workers of 1 for evacuation
[2020-09-11T16:13:21.001+0000][1][gc,age       ] GC(203) Desired survivor size 4358144 bytes, new threshold 6 (max threshold 6)
[2020-09-11T16:13:21.001+0000][1][gc,age       ] GC(203) Age table with threshold 6 (max threshold 6)
[2020-09-11T16:13:21.001+0000][1][gc,age       ] GC(203) - age   1:      61880 bytes,      61880 total
[2020-09-11T16:13:21.001+0000][1][gc,age       ] GC(203) - age   2:      13392 bytes,      75272 total
[2020-09-11T16:13:21.001+0000][1][gc,age       ] GC(203) - age   3:        856 bytes,      76128 total
[2020-09-11T16:13:21.001+0000][1][gc,age       ] GC(203) - age   4:       1560 bytes,      77688 total
[2020-09-11T16:13:21.001+0000][1][gc,age       ] GC(203) - age   5:       2472 bytes,      80160 total
[2020-09-11T16:13:21.001+0000][1][gc,age       ] GC(203) - age   6:      37952 bytes,     118112 total
[2020-09-11T16:13:21.001+0000][1][gc,heap      ] GC(203) ParNew: 68328K->220K(76672K)
[2020-09-11T16:13:21.001+0000][1][gc,heap      ] GC(203) CMS: 117167K->117167K(439104K)
[2020-09-11T16:13:21.001+0000][1][gc,metaspace ] GC(203) Metaspace: 96310K->96310K(1138688K)
[2020-09-11T16:13:21.001+0000][1][gc           ] GC(203) Pause Young (Allocation Failure) 181M->114M(503M) 5.173ms
[2020-09-11T16:13:21.001+0000][1][gc,cpu       ] GC(203) User=0.00s Sys=0.00s Real=0.01s
[2020-09-11T16:13:21.001+0000][1][safepoint    ] Safepoint "GenCollectForAllocation", Time since last: 638860142 ns, Reaching safepoint: 4120640 ns, At safepoint: 5239982 ns, Total: 9360622 ns
[2020-09-11T16:13:22.005+0000][1][safepoint    ] Safepoint "Cleanup", Time since last: 1003591872 ns, Reaching safepoint: 119014 ns, At safepoint: 9521 ns, Total: 128535 ns
[2020-09-11T16:13:23.005+0000][1][safepoint    ] Safepoint "Cleanup", Time since last: 1000173740 ns, Reaching safepoint: 165276 ns, At safepoint: 16645 ns, Total: 181921 ns
[2020-09-11T16:13:23.340+0000][1][safepoint    ] Safepoint "RevokeBias", Time since last: 334605728 ns, Reaching safepoint: 89394 ns, At safepoint: 22893 ns, Total: 112287 ns
[2020-09-11T16:13:24.340+0000][1][safepoint    ] Safepoint "Cleanup", Time since last: 1000221329 ns, Reaching safepoint: 142057 ns, At safepoint: 15689 ns, Total: 157746 ns
[2020-09-11T16:13:25.340+0000][1][safepoint    ] Safepoint "Cleanup", Time since last: 1000194567 ns, Reaching safepoint: 122829 ns, At safepoint: 9681 ns, Total: 132510 ns
[2020-09-11T16:13:26.341+0000][1][safepoint    ] Safepoint "Cleanup", Time since last: 1000192113 ns, Reaching safepoint: 194120 ns, At safepoint: 8369 ns, Total: 202489 ns
[2020-09-11T16:13:27.341+0000][1][safepoint    ] Safepoint "Cleanup", Time since last: 1000153521 ns, Reaching safepoint: 111854 ns, At safepoint: 7926 ns, Total: 119780 ns
[2020-09-11T16:13:28.341+0000][1][safepoint    ] Safepoint "Cleanup", Time since last: 1000218904 ns, Reaching safepoint: 104835 ns, At safepoint: 6991 ns, Total: 111826 ns
[2020-09-11T16:13:29.342+0000][1][safepoint    ] Safepoint "Cleanup", Time since last: 1000175976 ns, Reaching safepoint: 104211 ns, At safepoint: 7200 ns, Total: 111411 ns
[2020-09-11T16:13:30.342+0000][1][safepoint    ] Safepoint "Cleanup", Time since last: 1000179384 ns, Reaching safepoint: 151995 ns, At safepoint: 18005 ns, Total: 170000 ns
[2020-09-11T16:13:31.342+0000][1][safepoint    ] Safepoint "Cleanup", Time since last: 1000191236 ns, Reaching safepoint: 124557 ns, At safepoint: 7448 ns, Total: 132005 ns
[2020-09-11T16:13:32.343+0000][1][safepoint    ] Safepoint "Cleanup", Time since last: 1000182713 ns, Reaching safepoint: 119222 ns, At safepoint: 9078 ns, Total: 128300 ns
[2020-09-11T16:13:33.343+0000][1][safepoint    ] Safepoint "Cleanup", Time since last: 1000138138 ns, Reaching safepoint: 182967 ns, At safepoint: 8243 ns, Total: 191210 ns
[2020-09-11T16:13:33.349+0000][1][safepoint    ] Safepoint "RevokeBias", Time since last: 6278464 ns, Reaching safepoint: 83611 ns, At safepoint: 23270 ns, Total: 106881 ns
[2020-09-11T16:13:34.350+0000][1][safepoint    ] Safepoint "Cleanup", Time since last: 1000130718 ns, Reaching safepoint: 157014 ns, At safepoint: 17827 ns, Total: 174841 ns
[2020-09-11T16:13:35.350+0000][1][safepoint    ] Safepoint "Cleanup", Time since last: 1000186962 ns, Reaching safepoint: 168547 ns, At safepoint: 18566 ns, Total: 187113 ns
[2020-09-11T16:13:36.351+0000][1][safepoint    ] Safepoint "Cleanup", Time since last: 1000186366 ns, Reaching safepoint: 153443 ns, At safepoint: 19458 ns, Total: 172901 ns
[2020-09-11T16:13:36.888+0000][1][safepoint    ] Safepoint "RevokeBias", Time since last: 536842436 ns, Reaching safepoint: 174800 ns, At safepoint: 21439 ns, Total: 196239 ns
[2020-09-11T16:13:37.029+0000][1][safepoint    ] Safepoint "RevokeBias", Time since last: 141306277 ns, Reaching safepoint: 156821 ns, At safepoint: 21629 ns, Total: 178450 ns
[2020-09-11T16:13:38.029+0000][1][safepoint    ] Safepoint "Cleanup", Time since last: 1000175838 ns, Reaching safepoint: 98359 ns, At safepoint: 7021 ns, Total: 105380 ns
[2020-09-11T16:13:39.030+0000][1][safepoint    ] Safepoint "Cleanup", Time since last: 1000182777 ns, Reaching safepoint: 144799 ns, At safepoint: 16712 ns, Total: 161511 ns
[2020-09-11T16:13:40.030+0000][1][safepoint    ] Safepoint "Cleanup", Time since last: 1000300508 ns, Reaching safepoint: 139444 ns, At safepoint: 17774 ns, Total: 157218 ns
[2020-09-11T16:13:41.030+0000][1][safepoint    ] Safepoint "Cleanup", Time since last: 1000189137 ns, Reaching safepoint: 104183 ns, At safepoint: 7021 ns, Total: 111204 ns
[2020-09-11T16:13:41.964+0000][1][gc,start     ] GC(204) Pause Young (Allocation Failure)
[2020-09-11T16:13:41.964+0000][1][gc,task      ] GC(204) Using 1 workers of 1 for evacuation
[2020-09-11T16:13:41.969+0000][1][gc,age       ] GC(204) Desired survivor size 4358144 bytes, new threshold 6 (max threshold 6)
[2020-09-11T16:13:41.969+0000][1][gc,age       ] GC(204) Age table with threshold 6 (max threshold 6)
[2020-09-11T16:13:41.969+0000][1][gc,age       ] GC(204) - age   1:     106440 bytes,     106440 total
[2020-09-11T16:13:41.969+0000][1][gc,age       ] GC(204) - age   2:      13448 bytes,     119888 total
[2020-09-11T16:13:41.969+0000][1][gc,age       ] GC(204) - age   3:       8240 bytes,     128128 total
[2020-09-11T16:13:41.969+0000][1][gc,age       ] GC(204) - age   4:        856 bytes,     128984 total
[2020-09-11T16:13:41.969+0000][1][gc,age       ] GC(204) - age   5:       1560 bytes,     130544 total
[2020-09-11T16:13:41.969+0000][1][gc,age       ] GC(204) - age   6:       2472 bytes,     133016 total
[2020-09-11T16:13:41.969+0000][1][gc,heap      ] GC(204) ParNew: 68380K->141K(76672K)
[2020-09-11T16:13:41.969+0000][1][gc,heap      ] GC(204) CMS: 117167K->117204K(439104K)
[2020-09-11T16:13:41.969+0000][1][gc,metaspace ] GC(204) Metaspace: 96328K->96328K(1138688K)
[2020-09-11T16:13:41.969+0000][1][gc           ] GC(204) Pause Young (Allocation Failure) 181M->114M(503M) 5.109ms
[2020-09-11T16:13:41.969+0000][1][gc,cpu       ] GC(204) User=0.01s Sys=0.00s Real=0.00s
[2020-09-11T16:13:41.969+0000][1][safepoint    ] Safepoint "GenCollectForAllocation", Time since last: 933640429 ns, Reaching safepoint: 213488 ns, At safepoint: 5217164 ns, Total: 5430652 ns
[2020-09-11T16:13:42.975+0000][1][safepoint    ] Safepoint "Cleanup", Time since last: 1005657647 ns, Reaching safepoint: 151137 ns, At safepoint: 47519 ns, Total: 198656 ns
[2020-09-11T16:13:43.376+0000][1][safepoint    ] Safepoint "RevokeBias", Time since last: 400620497 ns, Reaching safepoint: 88200 ns, At safepoint: 34456 ns, Total: 122656 ns
[2020-09-11T16:13:44.377+0000][1][safepoint    ] Safepoint "Cleanup", Time since last: 1000890362 ns, Reaching safepoint: 98495 ns, At safepoint: 7610 ns, Total: 106105 ns
[2020-09-11T16:13:45.377+0000][1][safepoint    ] Safepoint "Cleanup", Time since last: 1000178189 ns, Reaching safepoint: 106022 ns, At safepoint: 7423 ns, Total: 113445 ns
[2020-09-11T16:13:46.378+0000][1][safepoint    ] Safepoint "Cleanup", Time since last: 1000191765 ns, Reaching safepoint: 105822 ns, At safepoint: 7878 ns, Total: 113700 ns
[2020-09-11T16:13:47.378+0000][1][safepoint    ] Safepoint "Cleanup", Time since last: 1000140246 ns, Reaching safepoint: 119740 ns, At safepoint: 7630 ns, Total: 127370 ns
[2020-09-11T16:13:48.378+0000][1][safepoint    ] Safepoint "Cleanup", Time since last: 1000167335 ns, Reaching safepoint: 107781 ns, At safepoint: 8376 ns, Total: 116157 ns
[2020-09-11T16:13:49.379+0000][1][safepoint    ] Safepoint "Cleanup", Time since last: 1000161509 ns, Reaching safepoint: 148684 ns, At safepoint: 18065 ns, Total: 166749 ns
[2020-09-11T16:13:50.379+0000][1][safepoint    ] Safepoint "Cleanup", Time since last: 1000213291 ns, Reaching safepoint: 109567 ns, At safepoint: 7844 ns, Total: 117411 ns
[2020-09-11T16:13:51.379+0000][1][safepoint    ] Safepoint "Cleanup", Time since last: 1000177399 ns, Reaching safepoint: 150231 ns, At safepoint: 18479 ns, Total: 168710 ns
[2020-09-11T16:13:52.380+0000][1][safepoint    ] Safepoint "Cleanup", Time since last: 1000227212 ns, Reaching safepoint: 153867 ns, At safepoint: 20110 ns, Total: 173977 ns
[2020-09-11T16:13:53.344+0000][1][safepoint    ] Safepoint "RevokeBias", Time since last: 964197040 ns, Reaching safepoint: 91020 ns, At safepoint: 22482 ns, Total: 113502 ns
[2020-09-11T16:13:54.344+0000][1][safepoint    ] Safepoint "Cleanup", Time since last: 1000133953 ns, Reaching safepoint: 152641 ns, At safepoint: 17229 ns, Total: 169870 ns
[2020-09-11T16:13:55.345+0000][1][safepoint    ] Safepoint "Cleanup", Time since last: 1000176412 ns, Reaching safepoint: 164668 ns, At safepoint: 18516 ns, Total: 183184 ns
[2020-09-11T16:13:56.345+0000][1][safepoint    ] Safepoint "Cleanup", Time since last: 1000224667 ns, Reaching safepoint: 106965 ns, At safepoint: 8060 ns, Total: 115025 ns
[2020-09-11T16:13:57.345+0000][1][safepoint    ] Safepoint "Cleanup", Time since last: 1000179058 ns, Reaching safepoint: 94936 ns, At safepoint: 9367 ns, Total: 104303 ns
[2020-09-11T16:13:58.346+0000][1][safepoint    ] Safepoint "Cleanup", Time since last: 1000196468 ns, Reaching safepoint: 117691 ns, At safepoint: 7663 ns, Total: 125354 ns
[2020-09-11T16:13:59.346+0000][1][safepoint    ] Safepoint "Cleanup", Time since last: 1000159718 ns, Reaching safepoint: 107803 ns, At safepoint: 7730 ns, Total: 115533 ns
[2020-09-11T16:14:00.346+0000][1][safepoint    ] Safepoint "Cleanup", Time since last: 1000188396 ns, Reaching safepoint: 103162 ns, At safepoint: 7402 ns, Total: 110564 ns
[2020-09-11T16:14:01.346+0000][1][safepoint    ] Safepoint "Cleanup", Time since last: 1000175094 ns, Reaching safepoint: 111307 ns, At safepoint: 8595 ns, Total: 119902 ns
[2020-09-11T16:14:02.347+0000][1][safepoint    ] Safepoint "Cleanup", Time since last: 1000187286 ns, Reaching safepoint: 122830 ns, At safepoint: 9430 ns, Total: 132260 ns
[2020-09-11T16:14:03.347+0000][1][safepoint    ] Safepoint "Cleanup", Time since last: 1000168626 ns, Reaching safepoint: 153518 ns, At safepoint: 10030 ns, Total: 163548 ns
[2020-09-11T16:14:03.369+0000][1][safepoint    ] Safepoint "RevokeBias", Time since last: 21563723 ns, Reaching safepoint: 218184 ns, At safepoint: 23638 ns, Total: 241822 ns
[2020-09-11T16:14:04.369+0000][1][safepoint    ] Safepoint "Cleanup", Time since last: 1000127066 ns, Reaching safepoint: 124184 ns, At safepoint: 7963 ns, Total: 132147 ns
[2020-09-11T16:14:05.369+0000][1][safepoint    ] Safepoint "Cleanup", Time since last: 1000148716 ns, Reaching safepoint: 123481 ns, At safepoint: 7708 ns, Total: 131189 ns
[2020-09-11T16:14:06.370+0000][1][safepoint    ] Safepoint "Cleanup", Time since last: 1000145706 ns, Reaching safepoint: 81371 ns, At safepoint: 7060 ns, Total: 88431 ns
[2020-09-11T16:14:07.370+0000][1][safepoint    ] Safepoint "Cleanup", Time since last: 1000141178 ns, Reaching safepoint: 147609 ns, At safepoint: 17858 ns, Total: 165467 ns
[2020-09-11T16:14:08.370+0000][1][safepoint    ] Safepoint "Cleanup", Time since last: 1000181714 ns, Reaching safepoint: 150115 ns, At safepoint: 17059 ns, Total: 167174 ns
[2020-09-11T16:14:08.984+0000][1][gc,start     ] GC(205) Pause Young (Allocation Failure)
[2020-09-11T16:14:08.984+0000][1][gc,task      ] GC(205) Using 1 workers of 1 for evacuation
[2020-09-11T16:14:08.988+0000][1][gc,age       ] GC(205) Desired survivor size 4358144 bytes, new threshold 6 (max threshold 6)
[2020-09-11T16:14:08.988+0000][1][gc,age       ] GC(205) Age table with threshold 6 (max threshold 6)
[2020-09-11T16:14:08.988+0000][1][gc,age       ] GC(205) - age   1:      58056 bytes,      58056 total
[2020-09-11T16:14:08.988+0000][1][gc,age       ] GC(205) - age   2:      47688 bytes,     105744 total
[2020-09-11T16:14:08.988+0000][1][gc,age       ] GC(205) - age   3:       8856 bytes,     114600 total
[2020-09-11T16:14:08.988+0000][1][gc,age       ] GC(205) - age   4:       8208 bytes,     122808 total
[2020-09-11T16:14:08.988+0000][1][gc,age       ] GC(205) - age   5:        856 bytes,     123664 total
[2020-09-11T16:14:08.988+0000][1][gc,age       ] GC(205) - age   6:       1560 bytes,     125224 total
[2020-09-11T16:14:08.988+0000][1][gc,heap      ] GC(205) ParNew: 68301K->230K(76672K)
[2020-09-11T16:14:08.988+0000][1][gc,heap      ] GC(205) CMS: 117204K->117206K(439104K)
[2020-09-11T16:14:08.988+0000][1][gc,metaspace ] GC(205) Metaspace: 96330K->96330K(1138688K)
[2020-09-11T16:14:08.988+0000][1][gc           ] GC(205) Pause Young (Allocation Failure) 181M->114M(503M) 4.599ms
[2020-09-11T16:14:08.988+0000][1][gc,cpu       ] GC(205) User=0.00s Sys=0.00s Real=0.00s
[2020-09-11T16:14:08.993+0000][1][safepoint    ] Safepoint "GenCollectForAllocation", Time since last: 613149337 ns, Reaching safepoint: 152333 ns, At safepoint: 9208758 ns, Total: 9361091 ns
[2020-09-11T16:14:09.994+0000][1][safepoint    ] Safepoint "Cleanup", Time since last: 1000959757 ns, Reaching safepoint: 135140 ns, At safepoint: 17073 ns, Total: 152213 ns
[2020-09-11T16:14:10.994+0000][1][safepoint    ] Safepoint "Cleanup", Time since last: 1000206580 ns, Reaching safepoint: 138585 ns, At safepoint: 17213 ns, Total: 155798 ns
[2020-09-11T16:14:11.995+0000][1][safepoint    ] Safepoint "Cleanup", Time since last: 1000181914 ns, Reaching safepoint: 104526 ns, At safepoint: 11741 ns, Total: 116267 ns
[2020-09-11T16:14:12.995+0000][1][safepoint    ] Safepoint "Cleanup", Time since last: 1000144886 ns, Reaching safepoint: 117997 ns, At safepoint: 8034 ns, Total: 126031 ns
[2020-09-11T16:14:13.402+0000][1][safepoint    ] Safepoint "RevokeBias", Time since last: 407287038 ns, Reaching safepoint: 213470 ns, At safepoint: 25670 ns, Total: 239140 ns
[2020-09-11T16:14:14.403+0000][1][safepoint    ] Safepoint "Cleanup", Time since last: 1000141149 ns, Reaching safepoint: 104470 ns, At safepoint: 10809 ns, Total: 115279 ns
[2020-09-11T16:14:15.403+0000][1][safepoint    ] Safepoint "Cleanup", Time since last: 1000112373 ns, Reaching safepoint: 103097 ns, At safepoint: 7865 ns, Total: 110962 ns
[2020-09-11T16:14:16.403+0000][1][safepoint    ] Safepoint "Cleanup", Time since last: 1000141348 ns, Reaching safepoint: 102282 ns, At safepoint: 7798 ns, Total: 110080 ns
[2020-09-11T16:14:17.403+0000][1][safepoint    ] Safepoint "Cleanup", Time since last: 1000140753 ns, Reaching safepoint: 124928 ns, At safepoint: 8480 ns, Total: 133408 ns
[2020-09-11T16:14:18.404+0000][1][safepoint    ] Safepoint "Cleanup", Time since last: 1000137795 ns, Reaching safepoint: 127129 ns, At safepoint: 8661 ns, Total: 135790 ns
[2020-09-11T16:14:19.404+0000][1][safepoint    ] Safepoint "Cleanup", Time since last: 1000174084 ns, Reaching safepoint: 109743 ns, At safepoint: 9462 ns, Total: 119205 ns
[2020-09-11T16:14:20.439+0000][1][safepoint    ] Safepoint "Cleanup", Time since last: 1034666806 ns, Reaching safepoint: 151190 ns, At safepoint: 18656 ns, Total: 169846 ns
[2020-09-11T16:14:21.439+0000][1][safepoint    ] Safepoint "Cleanup", Time since last: 1000257029 ns, Reaching safepoint: 103247 ns, At safepoint: 174045 ns, Total: 277292 ns
[2020-09-11T16:14:22.440+0000][1][safepoint    ] Safepoint "Cleanup", Time since last: 1000174177 ns, Reaching safepoint: 160302 ns, At safepoint: 21075 ns, Total: 181377 ns
[2020-09-11T16:14:23.350+0000][1][safepoint    ] Safepoint "RevokeBias", Time since last: 910039627 ns, Reaching safepoint: 255787 ns, At safepoint: 42781 ns, Total: 298568 ns
[2020-09-11T16:14:24.350+0000][1][safepoint    ] Safepoint "Cleanup", Time since last: 1000158935 ns, Reaching safepoint: 162320 ns, At safepoint: 18957 ns, Total: 181277 ns
[2020-09-11T16:14:25.351+0000][1][safepoint    ] Safepoint "Cleanup", Time since last: 1000243768 ns, Reaching safepoint: 147375 ns, At safepoint: 18332 ns, Total: 165707 ns
[2020-09-11T16:14:25.930+0000][1][safepoint    ] Safepoint "RevokeBias", Time since last: 578947257 ns, Reaching safepoint: 195599 ns, At safepoint: 21476 ns, Total: 217075 ns
[2020-09-11T16:14:26.930+0000][1][safepoint    ] Safepoint "Cleanup", Time since last: 1000137202 ns, Reaching safepoint: 146439 ns, At safepoint: 15195 ns, Total: 161634 ns
[2020-09-11T16:14:27.931+0000][1][safepoint    ] Safepoint "Cleanup", Time since last: 1000212618 ns, Reaching safepoint: 143640 ns, At safepoint: 16892 ns, Total: 160532 ns
[2020-09-11T16:14:28.931+0000][1][safepoint    ] Safepoint "Cleanup", Time since last: 1000221543 ns, Reaching safepoint: 131432 ns, At safepoint: 17045 ns, Total: 148477 ns
[2020-09-11T16:14:29.931+0000][1][safepoint    ] Safepoint "Cleanup", Time since last: 1000214832 ns, Reaching safepoint: 101779 ns, At safepoint: 6626 ns, Total: 108405 ns
[2020-09-11T16:14:30.932+0000][1][safepoint    ] Safepoint "Cleanup", Time since last: 1000177794 ns, Reaching safepoint: 102813 ns, At safepoint: 7111 ns, Total: 109924 ns
[2020-09-11T16:14:31.932+0000][1][safepoint    ] Safepoint "Cleanup", Time since last: 1000151329 ns, Reaching safepoint: 147983 ns, At safepoint: 17203 ns, Total: 165186 ns
[2020-09-11T16:14:32.932+0000][1][safepoint    ] Safepoint "Cleanup", Time since last: 1000213796 ns, Reaching safepoint: 149272 ns, At safepoint: 19789 ns, Total: 169061 ns
[2020-09-11T16:14:33.352+0000][1][safepoint    ] Safepoint "RevokeBias", Time since last: 419716979 ns, Reaching safepoint: 271334 ns, At safepoint: 45804 ns, Total: 317138 ns
[2020-09-11T16:14:33.789+0000][1][gc,start     ] GC(206) Pause Young (Allocation Failure)
[2020-09-11T16:14:33.789+0000][1][gc,task      ] GC(206) Using 1 workers of 1 for evacuation
[2020-09-11T16:14:33.793+0000][1][gc,age       ] GC(206) Desired survivor size 4358144 bytes, new threshold 6 (max threshold 6)
[2020-09-11T16:14:33.795+0000][1][gc,age       ] GC(206) Age table with threshold 6 (max threshold 6)
[2020-09-11T16:14:33.795+0000][1][gc,age       ] GC(206) - age   1:      70408 bytes,      70408 total
[2020-09-11T16:14:33.795+0000][1][gc,age       ] GC(206) - age   2:      15856 bytes,      86264 total
[2020-09-11T16:14:33.795+0000][1][gc,age       ] GC(206) - age   3:      47224 bytes,     133488 total
[2020-09-11T16:14:33.797+0000][1][gc,age       ] GC(206) - age   4:       1240 bytes,     134728 total
[2020-09-11T16:14:33.797+0000][1][gc,age       ] GC(206) - age   5:       7912 bytes,     142640 total
[2020-09-11T16:14:33.797+0000][1][gc,age       ] GC(206) - age   6:        856 bytes,     143496 total
[2020-09-11T16:14:33.797+0000][1][gc,heap      ] GC(206) ParNew: 68390K->149K(76672K)
[2020-09-11T16:14:33.797+0000][1][gc,heap      ] GC(206) CMS: 117206K->117208K(439104K)
[2020-09-11T16:14:33.797+0000][1][gc,metaspace ] GC(206) Metaspace: 96332K->96332K(1138688K)
[2020-09-11T16:14:33.797+0000][1][gc           ] GC(206) Pause Young (Allocation Failure) 181M->114M(503M) 8.340ms
[2020-09-11T16:14:33.797+0000][1][gc,cpu       ] GC(206) User=0.00s Sys=0.00s Real=0.01s
[2020-09-11T16:14:33.797+0000][1][safepoint    ] Safepoint "GenCollectForAllocation", Time since last: 436029607 ns, Reaching safepoint: 154343 ns, At safepoint: 8402760 ns, Total: 8557103 ns
[2020-09-11T16:14:34.805+0000][1][safepoint    ] Safepoint "Cleanup", Time since last: 1008018045 ns, Reaching safepoint: 106729 ns, At safepoint: 7004 ns, Total: 113733 ns
[2020-09-11T16:14:35.805+0000][1][safepoint    ] Safepoint "Cleanup", Time since last: 1000138437 ns, Reaching safepoint: 132738 ns, At safepoint: 16852 ns, Total: 149590 ns
[2020-09-11T16:14:36.806+0000][1][safepoint    ] Safepoint "Cleanup", Time since last: 1000192131 ns, Reaching safepoint: 110773 ns, At safepoint: 9742 ns, Total: 120515 ns
[2020-09-11T16:14:37.806+0000][1][safepoint    ] Safepoint "Cleanup", Time since last: 1000178456 ns, Reaching safepoint: 140853 ns, At safepoint: 18439 ns, Total: 159292 ns
[2020-09-11T16:14:38.806+0000][1][safepoint    ] Safepoint "Cleanup", Time since last: 1000199906 ns, Reaching safepoint: 150402 ns, At safepoint: 19588 ns, Total: 169990 ns
[2020-09-11T16:14:39.807+0000][1][safepoint    ] Safepoint "Cleanup", Time since last: 1000199515 ns, Reaching safepoint: 109067 ns, At safepoint: 6019 ns, Total: 115086 ns
[2020-09-11T16:14:40.807+0000][1][safepoint    ] Safepoint "Cleanup", Time since last: 1000153621 ns, Reaching safepoint: 142614 ns, At safepoint: 17260 ns, Total: 159874 ns
[2020-09-11T16:14:41.807+0000][1][safepoint    ] Safepoint "Cleanup", Time since last: 1000157797 ns, Reaching safepoint: 138889 ns, At safepoint: 15278 ns, Total: 154167 ns
[2020-09-11T16:14:42.808+0000][1][safepoint    ] Safepoint "Cleanup", Time since last: 1000180101 ns, Reaching safepoint: 141148 ns, At safepoint: 8610 ns, Total: 149758 ns
[2020-09-11T16:14:43.346+0000][1][safepoint    ] Safepoint "RevokeBias", Time since last: 537835867 ns, Reaching safepoint: 206055 ns, At safepoint: 22613 ns, Total: 228668 ns
[2020-09-11T16:14:44.346+0000][1][safepoint    ] Safepoint "Cleanup", Time since last: 1000160476 ns, Reaching safepoint: 109456 ns, At safepoint: 7392 ns, Total: 116848 ns
[2020-09-11T16:14:45.346+0000][1][safepoint    ] Safepoint "Cleanup", Time since last: 1000195369 ns, Reaching safepoint: 101447 ns, At safepoint: 6497 ns, Total: 107944 ns
[2020-09-11T16:14:46.347+0000][1][safepoint    ] Safepoint "Cleanup", Time since last: 1000139460 ns, Reaching safepoint: 148635 ns, At safepoint: 17797 ns, Total: 166432 ns
[2020-09-11T16:14:46.408+0000][1][safepoint    ] Safepoint "RevokeBias", Time since last: 61364879 ns, Reaching safepoint: 201670 ns, At safepoint: 48334 ns, Total: 250004 ns
[2020-09-11T16:14:47.408+0000][1][safepoint    ] Safepoint "Cleanup", Time since last: 1000160660 ns, Reaching safepoint: 118990 ns, At safepoint: 5971 ns, Total: 124961 ns
[2020-09-11T16:14:48.409+0000][1][safepoint    ] Safepoint "Cleanup", Time since last: 1000151411 ns, Reaching safepoint: 125900 ns, At safepoint: 7065 ns, Total: 132965 ns
[2020-09-11T16:14:49.409+0000][1][safepoint    ] Safepoint "Cleanup", Time since last: 1000165097 ns, Reaching safepoint: 115526 ns, At safepoint: 7093 ns, Total: 122619 ns
[2020-09-11T16:14:50.415+0000][1][safepoint    ] Safepoint "Cleanup", Time since last: 1005305780 ns, Reaching safepoint: 149700 ns, At safepoint: 17353 ns, Total: 167053 ns
[2020-09-11T16:14:51.415+0000][1][safepoint    ] Safepoint "Cleanup", Time since last: 1000193181 ns, Reaching safepoint: 117077 ns, At safepoint: 8166 ns, Total: 125243 ns
[2020-09-11T16:14:52.415+0000][1][safepoint    ] Safepoint "Cleanup", Time since last: 1000138403 ns, Reaching safepoint: 121985 ns, At safepoint: 6969 ns, Total: 128954 ns
[2020-09-11T16:14:53.375+0000][1][safepoint    ] Safepoint "RevokeBias", Time since last: 959551591 ns, Reaching safepoint: 217506 ns, At safepoint: 22503 ns, Total: 240009 ns
[2020-09-11T16:14:54.375+0000][1][safepoint    ] Safepoint "Cleanup", Time since last: 1000123254 ns, Reaching safepoint: 124540 ns, At safepoint: 7105 ns, Total: 131645 ns
[2020-09-11T16:14:55.375+0000][1][safepoint    ] Safepoint "Cleanup", Time since last: 1000141798 ns, Reaching safepoint: 144518 ns, At safepoint: 15245 ns, Total: 159763 ns
[2020-09-11T16:14:56.376+0000][1][safepoint    ] Safepoint "Cleanup", Time since last: 1000242371 ns, Reaching safepoint: 107563 ns, At safepoint: 7805 ns, Total: 115368 ns
[2020-09-11T16:14:57.376+0000][1][safepoint    ] Safepoint "Cleanup", Time since last: 1000187312 ns, Reaching safepoint: 107724 ns, At safepoint: 10669 ns, Total: 118393 ns
[2020-09-11T16:14:58.376+0000][1][safepoint    ] Safepoint "Cleanup", Time since last: 1000184502 ns, Reaching safepoint: 150793 ns, At safepoint: 19107 ns, Total: 169900 ns
[2020-09-11T16:14:59.377+0000][1][safepoint    ] Safepoint "Cleanup", Time since last: 1000193804 ns, Reaching safepoint: 135592 ns, At safepoint: 7144 ns, Total: 142736 ns
[2020-09-11T16:15:00.377+0000][1][safepoint    ] Safepoint "Cleanup", Time since last: 1000143382 ns, Reaching safepoint: 147024 ns, At safepoint: 15954 ns, Total: 162978 ns
[2020-09-11T16:15:01.378+0000][1][safepoint    ] Safepoint "Cleanup", Time since last: 1000216734 ns, Reaching safepoint: 170214 ns, At safepoint: 22174 ns, Total: 192388 ns
[2020-09-11T16:15:01.962+0000][1][gc,start     ] GC(207) Pause Young (Allocation Failure)
[2020-09-11T16:15:02.061+0000][1][gc,task      ] GC(207) Using 1 workers of 1 for evacuation
[2020-09-11T16:15:02.071+0000][1][gc,age       ] GC(207) Desired survivor size 4358144 bytes, new threshold 6 (max threshold 6)
[2020-09-11T16:15:02.071+0000][1][gc,age       ] GC(207) Age table with threshold 6 (max threshold 6)
[2020-09-11T16:15:02.071+0000][1][gc,age       ] GC(207) - age   1:      58216 bytes,      58216 total
[2020-09-11T16:15:02.071+0000][1][gc,age       ] GC(207) - age   2:      17920 bytes,      76136 total
[2020-09-11T16:15:02.071+0000][1][gc,age       ] GC(207) - age   3:      13920 bytes,      90056 total
[2020-09-11T16:15:02.071+0000][1][gc,age       ] GC(207) - age   4:      47224 bytes,     137280 total
[2020-09-11T16:15:02.071+0000][1][gc,age       ] GC(207) - age   5:       1240 bytes,     138520 total
[2020-09-11T16:15:02.071+0000][1][gc,age       ] GC(207) - age   6:       7912 bytes,     146432 total
[2020-09-11T16:15:02.071+0000][1][gc,heap      ] GC(207) ParNew: 68309K->247K(76672K)
[2020-09-11T16:15:02.071+0000][1][gc,heap      ] GC(207) CMS: 117208K->117209K(439104K)
[2020-09-11T16:15:02.071+0000][1][gc,metaspace ] GC(207) Metaspace: 96338K->96338K(1138688K)
[2020-09-11T16:15:02.071+0000][1][gc           ] GC(207) Pause Young (Allocation Failure) 181M->114M(503M) 109.246ms
[2020-09-11T16:15:02.071+0000][1][gc,cpu       ] GC(207) User=0.01s Sys=0.00s Real=0.10s
[2020-09-11T16:15:02.073+0000][1][safepoint    ] Safepoint "GenCollectForAllocation", Time since last: 584384755 ns, Reaching safepoint: 202519 ns, At safepoint: 110590535 ns, Total: 110793054 ns
[2020-09-11T16:15:03.077+0000][1][safepoint    ] Safepoint "Cleanup", Time since last: 1004249855 ns, Reaching safepoint: 145581 ns, At safepoint: 19091 ns, Total: 164672 ns
[2020-09-11T16:15:03.349+0000][1][safepoint    ] Safepoint "RevokeBias", Time since last: 272021775 ns, Reaching safepoint: 80701 ns, At safepoint: 21290 ns, Total: 101991 ns
[2020-09-11T16:15:04.350+0000][1][safepoint    ] Safepoint "Cleanup", Time since last: 1000180785 ns, Reaching safepoint: 105136 ns, At safepoint: 9415 ns, Total: 114551 ns
[2020-09-11T16:15:05.350+0000][1][safepoint    ] Safepoint "Cleanup", Time since last: 1000149530 ns, Reaching safepoint: 119158 ns, At safepoint: 8309 ns, Total: 127467 ns
[2020-09-11T16:15:06.350+0000][1][safepoint    ] Safepoint "Cleanup", Time since last: 1000106328 ns, Reaching safepoint: 77582 ns, At safepoint: 8568 ns, Total: 86150 ns
[2020-09-11T16:15:07.350+0000][1][safepoint    ] Safepoint "Cleanup", Time since last: 1000143951 ns, Reaching safepoint: 121997 ns, At safepoint: 7762 ns, Total: 129759 ns
[2020-09-11T16:15:08.351+0000][1][safepoint    ] Safepoint "Cleanup", Time since last: 1000202345 ns, Reaching safepoint: 95848 ns, At safepoint: 7444 ns, Total: 103292 ns
[2020-09-11T16:15:09.351+0000][1][safepoint    ] Safepoint "Cleanup", Time since last: 1000172498 ns, Reaching safepoint: 108584 ns, At safepoint: 6897 ns, Total: 115481 ns
[2020-09-11T16:15:10.351+0000][1][safepoint    ] Safepoint "Cleanup", Time since last: 1000179254 ns, Reaching safepoint: 102836 ns, At safepoint: 7232 ns, Total: 110068 ns
[2020-09-11T16:15:11.351+0000][1][safepoint    ] Safepoint "Cleanup", Time since last: 1000185307 ns, Reaching safepoint: 105273 ns, At safepoint: 7139 ns, Total: 112412 ns
[2020-09-11T16:15:12.352+0000][1][safepoint    ] Safepoint "Cleanup", Time since last: 1000194735 ns, Reaching safepoint: 146951 ns, At safepoint: 17076 ns, Total: 164027 ns
[2020-09-11T16:15:13.352+0000][1][safepoint    ] Safepoint "Cleanup", Time since last: 1000199583 ns, Reaching safepoint: 150131 ns, At safepoint: 7722 ns, Total: 157853 ns
[2020-09-11T16:15:13.387+0000][1][safepoint    ] Safepoint "RevokeBias", Time since last: 34833913 ns, Reaching safepoint: 88764 ns, At safepoint: 22671 ns, Total: 111435 ns
[2020-09-11T16:15:14.387+0000][1][safepoint    ] Safepoint "Cleanup", Time since last: 1000127391 ns, Reaching safepoint: 152022 ns, At safepoint: 18052 ns, Total: 170074 ns
[2020-09-11T16:15:15.388+0000][1][safepoint    ] Safepoint "Cleanup", Time since last: 1000290846 ns, Reaching safepoint: 79040 ns, At safepoint: 8758 ns, Total: 87798 ns
[2020-09-11T16:15:16.388+0000][1][safepoint    ] Safepoint "Cleanup", Time since last: 1000171590 ns, Reaching safepoint: 107113 ns, At safepoint: 9345 ns, Total: 116458 ns
[2020-09-11T16:15:17.388+0000][1][safepoint    ] Safepoint "Cleanup", Time since last: 1000174397 ns, Reaching safepoint: 111051 ns, At safepoint: 8977 ns, Total: 120028 ns
[2020-09-11T16:15:18.389+0000][1][safepoint    ] Safepoint "Cleanup", Time since last: 1000191297 ns, Reaching safepoint: 204727 ns, At safepoint: 21393 ns, Total: 226120 ns
[2020-09-11T16:15:19.389+0000][1][safepoint    ] Safepoint "Cleanup", Time since last: 1000151945 ns, Reaching safepoint: 155283 ns, At safepoint: 18893 ns, Total: 174176 ns
[2020-09-11T16:15:20.390+0000][1][safepoint    ] Safepoint "Cleanup", Time since last: 1000212298 ns, Reaching safepoint: 163479 ns, At safepoint: 20490 ns, Total: 183969 ns
[2020-09-11T16:15:21.390+0000][1][safepoint    ] Safepoint "Cleanup", Time since last: 1000235855 ns, Reaching safepoint: 112120 ns, At safepoint: 7886 ns, Total: 120006 ns
[2020-09-11T16:15:22.390+0000][1][safepoint    ] Safepoint "Cleanup", Time since last: 1000174940 ns, Reaching safepoint: 115435 ns, At safepoint: 8960 ns, Total: 124395 ns
[2020-09-11T16:15:23.350+0000][1][safepoint    ] Safepoint "RevokeBias", Time since last: 960164283 ns, Reaching safepoint: 108060 ns, At safepoint: 29590 ns, Total: 137650 ns
[2020-09-11T16:15:24.351+0000][1][safepoint    ] Safepoint "Cleanup", Time since last: 1000187917 ns, Reaching safepoint: 105322 ns, At safepoint: 7517 ns, Total: 112839 ns
[2020-09-11T16:15:25.351+0000][1][safepoint    ] Safepoint "Cleanup", Time since last: 1000203755 ns, Reaching safepoint: 86814 ns, At safepoint: 6580 ns, Total: 93394 ns
[2020-09-11T16:15:26.108+0000][1][gc,start     ] GC(208) Pause Young (Allocation Failure)
[2020-09-11T16:15:26.108+0000][1][gc,task      ] GC(208) Using 1 workers of 1 for evacuation
[2020-09-11T16:15:26.118+0000][1][gc,age       ] GC(208) Desired survivor size 4358144 bytes, new threshold 6 (max threshold 6)
[2020-09-11T16:15:26.118+0000][1][gc,age       ] GC(208) Age table with threshold 6 (max threshold 6)
[2020-09-11T16:15:26.118+0000][1][gc,age       ] GC(208) - age   1:      44408 bytes,      44408 total
[2020-09-11T16:15:26.118+0000][1][gc,age       ] GC(208) - age   2:       7856 bytes,      52264 total
[2020-09-11T16:15:26.118+0000][1][gc,age       ] GC(208) - age   3:      11592 bytes,      63856 total
[2020-09-11T16:15:26.118+0000][1][gc,age       ] GC(208) - age   4:      13920 bytes,      77776 total
[2020-09-11T16:15:26.118+0000][1][gc,age       ] GC(208) - age   5:      47224 bytes,     125000 total
[2020-09-11T16:15:26.118+0000][1][gc,age       ] GC(208) - age   6:       1240 bytes,     126240 total
[2020-09-11T16:15:26.118+0000][1][gc,heap      ] GC(208) ParNew: 68407K->169K(76672K)
[2020-09-11T16:15:26.118+0000][1][gc,heap      ] GC(208) CMS: 117209K->117216K(439104K)
[2020-09-11T16:15:26.118+0000][1][gc,metaspace ] GC(208) Metaspace: 96347K->96347K(1138688K)
[2020-09-11T16:15:26.118+0000][1][gc           ] GC(208) Pause Young (Allocation Failure) 181M->114M(503M) 9.746ms
[2020-09-11T16:15:26.118+0000][1][gc,cpu       ] GC(208) User=0.01s Sys=0.00s Real=0.01s
[2020-09-11T16:15:26.118+0000][1][safepoint    ] Safepoint "GenCollectForAllocation", Time since last: 757091378 ns, Reaching safepoint: 75129 ns, At safepoint: 10157868 ns, Total: 10232997 ns
[2020-09-11T16:15:27.119+0000][1][safepoint    ] Safepoint "Cleanup", Time since last: 1000826139 ns, Reaching safepoint: 72699 ns, At safepoint: 5798 ns, Total: 78497 ns
[2020-09-11T16:15:28.120+0000][1][safepoint    ] Safepoint "Cleanup", Time since last: 1000210549 ns, Reaching safepoint: 153401 ns, At safepoint: 6232 ns, Total: 159633 ns
[2020-09-11T16:15:29.120+0000][1][safepoint    ] Safepoint "Cleanup", Time since last: 1000136992 ns, Reaching safepoint: 154245 ns, At safepoint: 17433 ns, Total: 171678 ns
[2020-09-11T16:15:30.120+0000][1][safepoint    ] Safepoint "Cleanup", Time since last: 1000221550 ns, Reaching safepoint: 98529 ns, At safepoint: 6667 ns, Total: 105196 ns
[2020-09-11T16:15:31.121+0000][1][safepoint    ] Safepoint "Cleanup", Time since last: 1000155125 ns, Reaching safepoint: 140439 ns, At safepoint: 7600 ns, Total: 148039 ns
[2020-09-11T16:15:32.121+0000][1][safepoint    ] Safepoint "Cleanup", Time since last: 1000147572 ns, Reaching safepoint: 120491 ns, At safepoint: 7709 ns, Total: 128200 ns
[2020-09-11T16:15:33.121+0000][1][safepoint    ] Safepoint "Cleanup", Time since last: 1000178735 ns, Reaching safepoint: 111303 ns, At safepoint: 9133 ns, Total: 120436 ns
[2020-09-11T16:15:33.344+0000][1][safepoint    ] Safepoint "RevokeBias", Time since last: 222309363 ns, Reaching safepoint: 209052 ns, At safepoint: 40636 ns, Total: 249688 ns
[2020-09-11T16:15:34.344+0000][1][safepoint    ] Safepoint "Cleanup", Time since last: 1000141562 ns, Reaching safepoint: 149964 ns, At safepoint: 17644 ns, Total: 167608 ns
[2020-09-11T16:15:35.344+0000][1][safepoint    ] Safepoint "Cleanup", Time since last: 1000221169 ns, Reaching safepoint: 105475 ns, At safepoint: 6868 ns, Total: 112343 ns
[2020-09-11T16:15:36.345+0000][1][safepoint    ] Safepoint "Cleanup", Time since last: 1000186719 ns, Reaching safepoint: 147980 ns, At safepoint: 39668 ns, Total: 187648 ns
[2020-09-11T16:15:37.345+0000][1][safepoint    ] Safepoint "Cleanup", Time since last: 1000188293 ns, Reaching safepoint: 157756 ns, At safepoint: 20213 ns, Total: 177969 ns
[2020-09-11T16:15:38.345+0000][1][safepoint    ] Safepoint "Cleanup", Time since last: 1000241084 ns, Reaching safepoint: 108776 ns, At safepoint: 7956 ns, Total: 116732 ns
[2020-09-11T16:15:39.346+0000][1][safepoint    ] Safepoint "Cleanup", Time since last: 1000180978 ns, Reaching safepoint: 104332 ns, At safepoint: 9164 ns, Total: 113496 ns
[2020-09-11T16:15:40.346+0000][1][safepoint    ] Safepoint "Cleanup", Time since last: 1000173109 ns, Reaching safepoint: 147976 ns, At safepoint: 20093 ns, Total: 168069 ns
[2020-09-11T16:15:41.346+0000][1][safepoint    ] Safepoint "Cleanup", Time since last: 1000188500 ns, Reaching safepoint: 125090 ns, At safepoint: 9641 ns, Total: 134731 ns
[2020-09-11T16:15:42.347+0000][1][safepoint    ] Safepoint "Cleanup", Time since last: 1000179302 ns, Reaching safepoint: 105362 ns, At safepoint: 9576 ns, Total: 114938 ns
[2020-09-11T16:15:43.347+0000][1][safepoint    ] Safepoint "Cleanup", Time since last: 1000166440 ns, Reaching safepoint: 151748 ns, At safepoint: 8163 ns, Total: 159911 ns
[2020-09-11T16:15:43.417+0000][1][safepoint    ] Safepoint "RevokeBias", Time since last: 69440123 ns, Reaching safepoint: 205566 ns, At safepoint: 43050 ns, Total: 248616 ns
[2020-09-11T16:15:44.417+0000][1][safepoint    ] Safepoint "Cleanup", Time since last: 1000136924 ns, Reaching safepoint: 113222 ns, At safepoint: 11241 ns, Total: 124463 ns
[2020-09-11T16:15:45.417+0000][1][safepoint    ] Safepoint "Cleanup", Time since last: 1000183251 ns, Reaching safepoint: 96983 ns, At safepoint: 6813 ns, Total: 103796 ns
[2020-09-11T16:15:46.418+0000][1][safepoint    ] Safepoint "Cleanup", Time since last: 1000154927 ns, Reaching safepoint: 116432 ns, At safepoint: 6681 ns, Total: 123113 ns
[2020-09-11T16:15:47.418+0000][1][safepoint    ] Safepoint "Cleanup", Time since last: 1000166721 ns, Reaching safepoint: 101090 ns, At safepoint: 7074 ns, Total: 108164 ns
[2020-09-11T16:15:48.418+0000][1][safepoint    ] Safepoint "Cleanup", Time since last: 1000126371 ns, Reaching safepoint: 141475 ns, At safepoint: 17681 ns, Total: 159156 ns
[2020-09-11T16:15:49.418+0000][1][safepoint    ] Safepoint "Cleanup", Time since last: 1000160247 ns, Reaching safepoint: 140780 ns, At safepoint: 16845 ns, Total: 157625 ns
[2020-09-11T16:15:50.419+0000][1][safepoint    ] Safepoint "Cleanup", Time since last: 1000163230 ns, Reaching safepoint: 111475 ns, At safepoint: 6364 ns, Total: 117839 ns
[2020-09-11T16:15:51.419+0000][1][safepoint    ] Safepoint "Cleanup", Time since last: 1000119177 ns, Reaching safepoint: 147064 ns, At safepoint: 17634 ns, Total: 164698 ns
[2020-09-11T16:15:51.950+0000][1][gc,start     ] GC(209) Pause Young (Allocation Failure)
[2020-09-11T16:15:51.950+0000][1][gc,task      ] GC(209) Using 1 workers of 1 for evacuation
[2020-09-11T16:15:51.954+0000][1][gc,age       ] GC(209) Desired survivor size 4358144 bytes, new threshold 6 (max threshold 6)
[2020-09-11T16:15:51.954+0000][1][gc,age       ] GC(209) Age table with threshold 6 (max threshold 6)
[2020-09-11T16:15:51.954+0000][1][gc,age       ] GC(209) - age   1:      55816 bytes,      55816 total
[2020-09-11T16:15:51.954+0000][1][gc,age       ] GC(209) - age   2:      11688 bytes,      67504 total
[2020-09-11T16:15:51.954+0000][1][gc,age       ] GC(209) - age   3:       2592 bytes,      70096 total
[2020-09-11T16:15:51.954+0000][1][gc,age       ] GC(209) - age   4:       2952 bytes,      73048 total
[2020-09-11T16:15:51.954+0000][1][gc,age       ] GC(209) - age   5:      13832 bytes,      86880 total
[2020-09-11T16:15:51.954+0000][1][gc,age       ] GC(209) - age   6:      46928 bytes,     133808 total
[2020-09-11T16:15:51.954+0000][1][gc,heap      ] GC(209) ParNew: 68329K->227K(76672K)
[2020-09-11T16:15:51.954+0000][1][gc,heap      ] GC(209) CMS: 117216K->117218K(439104K)
[2020-09-11T16:15:51.954+0000][1][gc,metaspace ] GC(209) Metaspace: 96353K->96353K(1138688K)
[2020-09-11T16:15:51.954+0000][1][gc           ] GC(209) Pause Young (Allocation Failure) 181M->114M(503M) 4.413ms
[2020-09-11T16:15:51.954+0000][1][gc,cpu       ] GC(209) User=0.00s Sys=0.00s Real=0.01s
[2020-09-11T16:15:51.954+0000][1][safepoint    ] Safepoint "GenCollectForAllocation", Time since last: 530602961 ns, Reaching safepoint: 225412 ns, At safepoint: 4477905 ns, Total: 4703317 ns
[2020-09-11T16:15:52.955+0000][1][safepoint    ] Safepoint "Cleanup", Time since last: 1000594011 ns, Reaching safepoint: 73665 ns, At safepoint: 5604 ns, Total: 79269 ns
[2020-09-11T16:15:53.383+0000][1][safepoint    ] Safepoint "RevokeBias", Time since last: 427403460 ns, Reaching safepoint: 268884 ns, At safepoint: 61898 ns, Total: 330782 ns
[2020-09-11T16:15:54.383+0000][1][safepoint    ] Safepoint "Cleanup", Time since last: 1000144055 ns, Reaching safepoint: 77628 ns, At safepoint: 6511 ns, Total: 84139 ns
[2020-09-11T16:15:55.383+0000][1][safepoint    ] Safepoint "Cleanup", Time since last: 1000181376 ns, Reaching safepoint: 144355 ns, At safepoint: 16839 ns, Total: 161194 ns
[2020-09-11T16:15:56.384+0000][1][safepoint    ] Safepoint "Cleanup", Time since last: 1000237300 ns, Reaching safepoint: 106597 ns, At safepoint: 6980 ns, Total: 113577 ns
[2020-09-11T16:15:57.384+0000][1][safepoint    ] Safepoint "Cleanup", Time since last: 1000174416 ns, Reaching safepoint: 111576 ns, At safepoint: 7194 ns, Total: 118770 ns
[2020-09-11T16:15:58.384+0000][1][safepoint    ] Safepoint "Cleanup", Time since last: 1000159360 ns, Reaching safepoint: 147719 ns, At safepoint: 18262 ns, Total: 165981 ns
[2020-09-11T16:15:59.385+0000][1][safepoint    ] Safepoint "Cleanup", Time since last: 1000221919 ns, Reaching safepoint: 100144 ns, At safepoint: 7312 ns, Total: 107456 ns
[2020-09-11T16:16:00.385+0000][1][safepoint    ] Safepoint "Cleanup", Time since last: 1000209719 ns, Reaching safepoint: 93088 ns, At safepoint: 7540 ns, Total: 100628 ns
[2020-09-11T16:16:01.385+0000][1][safepoint    ] Safepoint "Cleanup", Time since last: 1000162321 ns, Reaching safepoint: 160257 ns, At safepoint: 7830 ns, Total: 168087 ns
[2020-09-11T16:16:02.386+0000][1][safepoint    ] Safepoint "Cleanup", Time since last: 1000187529 ns, Reaching safepoint: 149917 ns, At safepoint: 17861 ns, Total: 167778 ns
[2020-09-11T16:16:03.347+0000][1][safepoint    ] Safepoint "RevokeBias", Time since last: 961227001 ns, Reaching safepoint: 163520 ns, At safepoint: 24135 ns, Total: 187655 ns
[2020-09-11T16:16:04.347+0000][1][safepoint    ] Safepoint "Cleanup", Time since last: 1000170508 ns, Reaching safepoint: 151210 ns, At safepoint: 20023 ns, Total: 171233 ns
[2020-09-11T16:16:05.348+0000][1][safepoint    ] Safepoint "Cleanup", Time since last: 1000226474 ns, Reaching safepoint: 104225 ns, At safepoint: 8047 ns, Total: 112272 ns
[2020-09-11T16:16:06.348+0000][1][safepoint    ] Safepoint "Cleanup", Time since last: 1000130148 ns, Reaching safepoint: 126923 ns, At safepoint: 6530 ns, Total: 133453 ns
[2020-09-11T16:16:07.348+0000][1][safepoint    ] Safepoint "Cleanup", Time since last: 1000195884 ns, Reaching safepoint: 152119 ns, At safepoint: 17159 ns, Total: 169278 ns
[2020-09-11T16:16:08.349+0000][1][safepoint    ] Safepoint "Cleanup", Time since last: 1000226586 ns, Reaching safepoint: 149891 ns, At safepoint: 20310 ns, Total: 170201 ns
[2020-09-11T16:16:09.349+0000][1][safepoint    ] Safepoint "Cleanup", Time since last: 1000208232 ns, Reaching safepoint: 183993 ns, At safepoint: 22034 ns, Total: 206027 ns
[2020-09-11T16:16:10.349+0000][1][safepoint    ] Safepoint "Cleanup", Time since last: 1000225467 ns, Reaching safepoint: 102332 ns, At safepoint: 8154 ns, Total: 110486 ns
[2020-09-11T16:16:11.350+0000][1][safepoint    ] Safepoint "Cleanup", Time since last: 1000173807 ns, Reaching safepoint: 107177 ns, At safepoint: 7689 ns, Total: 114866 ns
[2020-09-11T16:16:12.350+0000][1][safepoint    ] Safepoint "Cleanup", Time since last: 1000185735 ns, Reaching safepoint: 99774 ns, At safepoint: 7490 ns, Total: 107264 ns
[2020-09-11T16:16:13.350+0000][1][safepoint    ] Safepoint "Cleanup", Time since last: 1000116146 ns, Reaching safepoint: 160830 ns, At safepoint: 9005 ns, Total: 169835 ns
[2020-09-11T16:16:13.380+0000][1][safepoint    ] Safepoint "RevokeBias", Time since last: 29110003 ns, Reaching safepoint: 87363 ns, At safepoint: 22846 ns, Total: 110209 ns
[2020-09-11T16:16:14.380+0000][1][safepoint    ] Safepoint "Cleanup", Time since last: 1000170263 ns, Reaching safepoint: 155725 ns, At safepoint: 20413 ns, Total: 176138 ns
[2020-09-11T16:16:15.380+0000][1][safepoint    ] Safepoint "Cleanup", Time since last: 1000223143 ns, Reaching safepoint: 148448 ns, At safepoint: 17433 ns, Total: 165881 ns
[2020-09-11T16:16:16.381+0000][1][safepoint    ] Safepoint "Cleanup", Time since last: 1000238809 ns, Reaching safepoint: 168229 ns, At safepoint: 15155 ns, Total: 183384 ns
[2020-09-11T16:16:17.258+0000][1][gc,start     ] GC(210) Pause Young (Allocation Failure)
[2020-09-11T16:16:17.258+0000][1][gc,task      ] GC(210) Using 1 workers of 1 for evacuation
[2020-09-11T16:16:17.264+0000][1][gc,age       ] GC(210) Desired survivor size 4358144 bytes, new threshold 6 (max threshold 6)
[2020-09-11T16:16:17.264+0000][1][gc,age       ] GC(210) Age table with threshold 6 (max threshold 6)
[2020-09-11T16:16:17.264+0000][1][gc,age       ] GC(210) - age   1:      53800 bytes,      53800 total
[2020-09-11T16:16:17.264+0000][1][gc,age       ] GC(210) - age   2:      17616 bytes,      71416 total
[2020-09-11T16:16:17.264+0000][1][gc,age       ] GC(210) - age   3:       5184 bytes,      76600 total
[2020-09-11T16:16:17.265+0000][1][gc,age       ] GC(210) - age   4:       2296 bytes,      78896 total
[2020-09-11T16:16:17.265+0000][1][gc,age       ] GC(210) - age   5:       2952 bytes,      81848 total
[2020-09-11T16:16:17.265+0000][1][gc,age       ] GC(210) - age   6:      13832 bytes,      95680 total
[2020-09-11T16:16:17.265+0000][1][gc,heap      ] GC(210) ParNew: 68387K->154K(76672K)
[2020-09-11T16:16:17.265+0000][1][gc,heap      ] GC(210) CMS: 117218K->117264K(439104K)
[2020-09-11T16:16:17.265+0000][1][gc,metaspace ] GC(210) Metaspace: 96354K->96354K(1138688K)
[2020-09-11T16:16:17.265+0000][1][gc           ] GC(210) Pause Young (Allocation Failure) 181M->114M(503M) 7.067ms
[2020-09-11T16:16:17.265+0000][1][gc,cpu       ] GC(210) User=0.00s Sys=0.00s Real=0.01s
[2020-09-11T16:16:17.265+0000][1][safepoint    ] Safepoint "GenCollectForAllocation", Time since last: 876719469 ns, Reaching safepoint: 73667 ns, At safepoint: 7131865 ns, Total: 7205532 ns
[2020-09-11T16:16:18.268+0000][1][safepoint    ] Safepoint "Cleanup", Time since last: 1003053271 ns, Reaching safepoint: 148251 ns, At safepoint: 50476 ns, Total: 198727 ns
[2020-09-11T16:16:19.268+0000][1][safepoint    ] Safepoint "Cleanup", Time since last: 1000264577 ns, Reaching safepoint: 74482 ns, At safepoint: 6071 ns, Total: 80553 ns
[2020-09-11T16:16:20.270+0000][1][safepoint    ] Safepoint "Cleanup", Time since last: 1001182588 ns, Reaching safepoint: 171390 ns, At safepoint: 20103 ns, Total: 191493 ns
[2020-09-11T16:16:21.270+0000][1][safepoint    ] Safepoint "Cleanup", Time since last: 1000228538 ns, Reaching safepoint: 103729 ns, At safepoint: 7079 ns, Total: 110808 ns
[2020-09-11T16:16:22.270+0000][1][safepoint    ] Safepoint "Cleanup", Time since last: 1000140534 ns, Reaching safepoint: 150034 ns, At safepoint: 19491 ns, Total: 169525 ns
[2020-09-11T16:16:23.271+0000][1][safepoint    ] Safepoint "Cleanup", Time since last: 1000235697 ns, Reaching safepoint: 129939 ns, At safepoint: 9410 ns, Total: 139349 ns
[2020-09-11T16:16:23.388+0000][1][safepoint    ] Safepoint "RevokeBias", Time since last: 116937626 ns, Reaching safepoint: 207236 ns, At safepoint: 24032 ns, Total: 231268 ns
[2020-09-11T16:16:24.388+0000][1][safepoint    ] Safepoint "Cleanup", Time since last: 1000133070 ns, Reaching safepoint: 162670 ns, At safepoint: 18843 ns, Total: 181513 ns
[2020-09-11T16:16:25.389+0000][1][safepoint    ] Safepoint "Cleanup", Time since last: 1000233539 ns, Reaching safepoint: 140883 ns, At safepoint: 17000 ns, Total: 157883 ns
[2020-09-11T16:16:26.389+0000][1][safepoint    ] Safepoint "Cleanup", Time since last: 1000244732 ns, Reaching safepoint: 87813 ns, At safepoint: 7052 ns, Total: 94865 ns
[2020-09-11T16:16:27.389+0000][1][safepoint    ] Safepoint "Cleanup", Time since last: 1000142203 ns, Reaching safepoint: 134567 ns, At safepoint: 6850 ns, Total: 141417 ns
[2020-09-11T16:16:28.390+0000][1][safepoint    ] Safepoint "Cleanup", Time since last: 1000185725 ns, Reaching safepoint: 147409 ns, At safepoint: 17854 ns, Total: 165263 ns
[2020-09-11T16:16:29.390+0000][1][safepoint    ] Safepoint "Cleanup", Time since last: 1000217713 ns, Reaching safepoint: 151344 ns, At safepoint: 17577 ns, Total: 168921 ns
[2020-09-11T16:16:30.390+0000][1][safepoint    ] Safepoint "Cleanup", Time since last: 1000151602 ns, Reaching safepoint: 90292 ns, At safepoint: 9566 ns, Total: 99858 ns
[2020-09-11T16:16:30.474+0000][1][safepoint    ] Safepoint "RevokeBias", Time since last: 83303563 ns, Reaching safepoint: 145238 ns, At safepoint: 22062 ns, Total: 167300 ns
[2020-09-11T16:16:30.474+0000][1][safepoint    ] Safepoint "RevokeBias", Time since last: 126013 ns, Reaching safepoint: 29543 ns, At safepoint: 11802 ns, Total: 41345 ns
[2020-09-11T16:16:30.476+0000][1][safepoint    ] Safepoint "RevokeBias", Time since last: 741827 ns, Reaching safepoint: 1020327 ns, At safepoint: 18541 ns, Total: 1038868 ns
[2020-09-11T16:16:30.480+0000][1][safepoint    ] Safepoint "RevokeBias", Time since last: 3173494 ns, Reaching safepoint: 1209897 ns, At safepoint: 441371 ns, Total: 1651268 ns
[2020-09-11T16:16:30.484+0000][1][safepoint    ] Safepoint "RevokeBias", Time since last: 1924275 ns, Reaching safepoint: 1782193 ns, At safepoint: 25196 ns, Total: 1807389 ns
[2020-09-11T16:16:30.486+0000][1][safepoint    ] Safepoint "RevokeBias", Time since last: 529803 ns, Reaching safepoint: 1679974 ns, At safepoint: 25875 ns, Total: 1705849 ns
[2020-09-11T16:16:30.488+0000][1][safepoint    ] Safepoint "RevokeBias", Time since last: 547892 ns, Reaching safepoint: 1447292 ns, At safepoint: 31391 ns, Total: 1478683 ns
[2020-09-11T16:16:30.493+0000][1][safepoint    ] Safepoint "RevokeBias", Time since last: 1615841 ns, Reaching safepoint: 3400028 ns, At safepoint: 28425 ns, Total: 3428453 ns
[2020-09-11T16:16:30.510+0000][1][safepoint    ] Safepoint "RevokeBias", Time since last: 15411366 ns, Reaching safepoint: 997708 ns, At safepoint: 24539 ns, Total: 1022247 ns
[2020-09-11T16:16:30.517+0000][1][safepoint    ] Safepoint "RevokeBias", Time since last: 5646140 ns, Reaching safepoint: 1342519 ns, At safepoint: 28337 ns, Total: 1370856 ns
[2020-09-11T16:16:30.579+0000][1][safepoint    ] Safepoint "RevokeBias", Time since last: 58317030 ns, Reaching safepoint: 3813873 ns, At safepoint: 31635 ns, Total: 3845508 ns
[2020-09-11T16:16:30.761+0000][1][safepoint    ] Safepoint "RevokeBias", Time since last: 181336256 ns, Reaching safepoint: 180567 ns, At safepoint: 63920 ns, Total: 244487 ns
[2020-09-11T16:16:31.761+0000][1][safepoint    ] Safepoint "Cleanup", Time since last: 1000190902 ns, Reaching safepoint: 207229 ns, At safepoint: 20841 ns, Total: 228070 ns
[2020-09-11T16:16:32.761+0000][1][safepoint    ] Safepoint "Cleanup", Time since last: 1000174332 ns, Reaching safepoint: 176639 ns, At safepoint: 18008 ns, Total: 194647 ns
[2020-09-11T16:16:32.967+0000][1][gc,start     ] GC(211) Pause Young (Allocation Failure)
[2020-09-11T16:16:32.967+0000][1][gc,task      ] GC(211) Using 1 workers of 1 for evacuation
[2020-09-11T16:16:32.975+0000][1][gc,age       ] GC(211) Desired survivor size 4358144 bytes, new threshold 6 (max threshold 6)
[2020-09-11T16:16:32.975+0000][1][gc,age       ] GC(211) Age table with threshold 6 (max threshold 6)
[2020-09-11T16:16:32.975+0000][1][gc,age       ] GC(211) - age   1:     163400 bytes,     163400 total
[2020-09-11T16:16:32.975+0000][1][gc,age       ] GC(211) - age   2:      11688 bytes,     175088 total
[2020-09-11T16:16:32.975+0000][1][gc,age       ] GC(211) - age   3:      17152 bytes,     192240 total
[2020-09-11T16:16:32.975+0000][1][gc,age       ] GC(211) - age   4:       5088 bytes,     197328 total
[2020-09-11T16:16:32.975+0000][1][gc,age       ] GC(211) - age   5:       2296 bytes,     199624 total
[2020-09-11T16:16:32.975+0000][1][gc,age       ] GC(211) - age   6:       2656 bytes,     202280 total
[2020-09-11T16:16:32.975+0000][1][gc,heap      ] GC(211) ParNew: 68314K->268K(76672K)
[2020-09-11T16:16:32.975+0000][1][gc,heap      ] GC(211) CMS: 117264K->117278K(439104K)
[2020-09-11T16:16:32.975+0000][1][gc,metaspace ] GC(211) Metaspace: 96374K->96374K(1138688K)
[2020-09-11T16:16:32.975+0000][1][gc           ] GC(211) Pause Young (Allocation Failure) 181M->114M(503M) 8.410ms
[2020-09-11T16:16:32.975+0000][1][gc,cpu       ] GC(211) User=0.01s Sys=0.00s Real=0.01s
[2020-09-11T16:16:32.975+0000][1][safepoint    ] Safepoint "GenCollectForAllocation", Time since last: 202972699 ns, Reaching safepoint: 2585528 ns, At safepoint: 8478545 ns, Total: 11064073 ns
[2020-09-11T16:16:33.155+0000][1][safepoint    ] Safepoint "RevokeBias", Time since last: 178856081 ns, Reaching safepoint: 340726 ns, At safepoint: 49403 ns, Total: 390129 ns
[2020-09-11T16:16:33.193+0000][1][safepoint    ] Safepoint "RevokeBias", Time since last: 38028212 ns, Reaching safepoint: 140468 ns, At safepoint: 18644 ns, Total: 159112 ns
[2020-09-11T16:16:33.619+0000][1][safepoint    ] Safepoint "RevokeBias", Time since last: 426351203 ns, Reaching safepoint: 105828 ns, At safepoint: 20165 ns, Total: 125993 ns
[2020-09-11T16:16:34.513+0000][1][safepoint    ] Safepoint "RevokeBias", Time since last: 893673030 ns, Reaching safepoint: 87517 ns, At safepoint: 23436 ns, Total: 110953 ns
[2020-09-11T16:16:34.513+0000][1][safepoint    ] Safepoint "RevokeBias", Time since last: 75715 ns, Reaching safepoint: 31651 ns, At safepoint: 12178 ns, Total: 43829 ns
[2020-09-11T16:16:34.535+0000][1][safepoint    ] Safepoint "RevokeBias", Time since last: 20904909 ns, Reaching safepoint: 294570 ns, At safepoint: 50245 ns, Total: 344815 ns
[2020-09-11T16:16:34.535+0000][1][safepoint    ] Safepoint "RevokeBias", Time since last: 680719 ns, Reaching safepoint: 101169 ns, At safepoint: 32331 ns, Total: 133500 ns
[2020-09-11T16:16:35.536+0000][1][safepoint    ] Safepoint "Cleanup", Time since last: 1000182957 ns, Reaching safepoint: 119411 ns, At safepoint: 8478 ns, Total: 127889 ns
[2020-09-11T16:16:41.537+0000][1][safepoint    ] Safepoint "Cleanup", Time since last: 6000991843 ns, Reaching safepoint: 196488 ns, At safepoint: 16434 ns, Total: 212922 ns
[2020-09-11T16:16:42.537+0000][1][safepoint    ] Safepoint "Cleanup", Time since last: 1000192002 ns, Reaching safepoint: 132698 ns, At safepoint: 7858 ns, Total: 140556 ns
[2020-09-11T16:16:43.538+0000][1][safepoint    ] Safepoint "Cleanup", Time since last: 1000186051 ns, Reaching safepoint: 159537 ns, At safepoint: 18632 ns, Total: 178169 ns
[2020-09-11T16:16:44.538+0000][1][safepoint    ] Safepoint "Cleanup", Time since last: 1000226990 ns, Reaching safepoint: 157930 ns, At safepoint: 17199 ns, Total: 175129 ns
[2020-09-11T16:16:45.538+0000][1][safepoint    ] Safepoint "Cleanup", Time since last: 1000220352 ns, Reaching safepoint: 113087 ns, At safepoint: 8413 ns, Total: 121500 ns
[2020-09-11T16:16:46.539+0000][1][safepoint    ] Safepoint "Cleanup", Time since last: 1000203830 ns, Reaching safepoint: 117209 ns, At safepoint: 9103 ns, Total: 126312 ns
[2020-09-11T16:16:47.539+0000][1][safepoint    ] Safepoint "Cleanup", Time since last: 1000185883 ns, Reaching safepoint: 163496 ns, At safepoint: 19137 ns, Total: 182633 ns
[2020-09-11T16:16:48.539+0000][1][safepoint    ] Safepoint "Cleanup", Time since last: 1000232421 ns, Reaching safepoint: 165326 ns, At safepoint: 19535 ns, Total: 184861 ns
[2020-09-11T16:16:49.540+0000][1][safepoint    ] Safepoint "Cleanup", Time since last: 1000226811 ns, Reaching safepoint: 113271 ns, At safepoint: 8808 ns, Total: 122079 ns
[2020-09-11T16:16:50.540+0000][1][safepoint    ] Safepoint "Cleanup", Time since last: 1000176335 ns, Reaching safepoint: 116580 ns, At safepoint: 8742 ns, Total: 125322 ns
[2020-09-11T16:16:51.540+0000][1][safepoint    ] Safepoint "Cleanup", Time since last: 1000177497 ns, Reaching safepoint: 115103 ns, At safepoint: 7562 ns, Total: 122665 ns
[2020-09-11T16:16:52.541+0000][1][safepoint    ] Safepoint "Cleanup", Time since last: 1000186279 ns, Reaching safepoint: 114089 ns, At safepoint: 8256 ns, Total: 122345 ns
[2020-09-11T16:16:53.541+0000][1][safepoint    ] Safepoint "Cleanup", Time since last: 1000288048 ns, Reaching safepoint: 87322 ns, At safepoint: 7849 ns, Total: 95171 ns
[2020-09-11T16:16:54.541+0000][1][safepoint    ] Safepoint "Cleanup", Time since last: 1000190320 ns, Reaching safepoint: 162353 ns, At safepoint: 20360 ns, Total: 182713 ns
[2020-09-11T16:16:55.542+0000][1][safepoint    ] Safepoint "Cleanup", Time since last: 1000276168 ns, Reaching safepoint: 92085 ns, At safepoint: 9312 ns, Total: 101397 ns
[2020-09-11T16:16:56.542+0000][1][safepoint    ] Safepoint "Cleanup", Time since last: 1000189179 ns, Reaching safepoint: 157488 ns, At safepoint: 19191 ns, Total: 176679 ns
[2020-09-11T16:16:57.023+0000][1][gc,start     ] GC(212) Pause Young (Allocation Failure)
[2020-09-11T16:16:57.023+0000][1][gc,task      ] GC(212) Using 1 workers of 1 for evacuation
[2020-09-11T16:16:57.032+0000][1][gc,age       ] GC(212) Desired survivor size 4358144 bytes, new threshold 6 (max threshold 6)
[2020-09-11T16:16:57.032+0000][1][gc,age       ] GC(212) Age table with threshold 6 (max threshold 6)
[2020-09-11T16:16:57.032+0000][1][gc,age       ] GC(212) - age   1:     120032 bytes,     120032 total
[2020-09-11T16:16:57.032+0000][1][gc,age       ] GC(212) - age   2:     113832 bytes,     233864 total
[2020-09-11T16:16:57.032+0000][1][gc,age       ] GC(212) - age   3:       7080 bytes,     240944 total
[2020-09-11T16:16:57.032+0000][1][gc,age       ] GC(212) - age   4:      17152 bytes,     258096 total
[2020-09-11T16:16:57.032+0000][1][gc,age       ] GC(212) - age   5:       5088 bytes,     263184 total
[2020-09-11T16:16:57.032+0000][1][gc,age       ] GC(212) - age   6:       2296 bytes,     265480 total
[2020-09-11T16:16:57.032+0000][1][gc,heap      ] GC(212) ParNew: 68428K->341K(76672K)
[2020-09-11T16:16:57.032+0000][1][gc,heap      ] GC(212) CMS: 117278K->117280K(439104K)
[2020-09-11T16:16:57.032+0000][1][gc,metaspace ] GC(212) Metaspace: 96416K->96416K(1138688K)
[2020-09-11T16:16:57.032+0000][1][gc           ] GC(212) Pause Young (Allocation Failure) 181M->114M(503M) 9.430ms
[2020-09-11T16:16:57.032+0000][1][gc,cpu       ] GC(212) User=0.01s Sys=0.00s Real=0.00s
[2020-09-11T16:16:57.033+0000][1][safepoint    ] Safepoint "GenCollectForAllocation", Time since last: 480623569 ns, Reaching safepoint: 254681 ns, At safepoint: 9508336 ns, Total: 9763017 ns
[2020-09-11T16:16:58.042+0000][1][safepoint    ] Safepoint "Cleanup", Time since last: 1008973348 ns, Reaching safepoint: 162199 ns, At safepoint: 15459 ns, Total: 177658 ns
[2020-09-11T16:16:59.042+0000][1][safepoint    ] Safepoint "Cleanup", Time since last: 1000268627 ns, Reaching safepoint: 172324 ns, At safepoint: 10851 ns, Total: 183175 ns
[2020-09-11T16:17:00.042+0000][1][safepoint    ] Safepoint "Cleanup", Time since last: 1000099336 ns, Reaching safepoint: 76468 ns, At safepoint: 6493 ns, Total: 82961 ns
[2020-09-11T16:17:01.043+0000][1][safepoint    ] Safepoint "Cleanup", Time since last: 1000177201 ns, Reaching safepoint: 161210 ns, At safepoint: 18065 ns, Total: 179275 ns
[2020-09-11T16:17:02.043+0000][1][safepoint    ] Safepoint "Cleanup", Time since last: 1000149249 ns, Reaching safepoint: 196540 ns, At safepoint: 10060 ns, Total: 206600 ns
[2020-09-11T16:17:03.043+0000][1][safepoint    ] Safepoint "Cleanup", Time since last: 1000193747 ns, Reaching safepoint: 187554 ns, At safepoint: 17614 ns, Total: 205168 ns
[2020-09-11T16:17:04.044+0000][1][safepoint    ] Safepoint "Cleanup", Time since last: 1000185520 ns, Reaching safepoint: 158735 ns, At safepoint: 25388 ns, Total: 184123 ns
[2020-09-11T16:17:05.044+0000][1][safepoint    ] Safepoint "Cleanup", Time since last: 1000216752 ns, Reaching safepoint: 155978 ns, At safepoint: 18733 ns, Total: 174711 ns
[2020-09-11T16:17:06.045+0000][1][safepoint    ] Safepoint "Cleanup", Time since last: 1000218177 ns, Reaching safepoint: 146654 ns, At safepoint: 18058 ns, Total: 164712 ns
[2020-09-11T16:17:07.045+0000][1][safepoint    ] Safepoint "Cleanup", Time since last: 1000139110 ns, Reaching safepoint: 215442 ns, At safepoint: 6791 ns, Total: 222233 ns
[2020-09-11T16:17:08.045+0000][1][safepoint    ] Safepoint "Cleanup", Time since last: 1000146690 ns, Reaching safepoint: 133300 ns, At safepoint: 7601 ns, Total: 140901 ns
[2020-09-11T16:17:09.046+0000][1][safepoint    ] Safepoint "Cleanup", Time since last: 1000171762 ns, Reaching safepoint: 152807 ns, At safepoint: 17955 ns, Total: 170762 ns
[2020-09-11T16:17:10.046+0000][1][safepoint    ] Safepoint "Cleanup", Time since last: 1000214693 ns, Reaching safepoint: 151838 ns, At safepoint: 18914 ns, Total: 170752 ns
[2020-09-11T16:17:11.046+0000][1][safepoint    ] Safepoint "Cleanup", Time since last: 1000274045 ns, Reaching safepoint: 89132 ns, At safepoint: 6722 ns, Total: 95854 ns
[2020-09-11T16:17:12.047+0000][1][safepoint    ] Safepoint "Cleanup", Time since last: 1000170658 ns, Reaching safepoint: 112316 ns, At safepoint: 9323 ns, Total: 121639 ns
[2020-09-11T16:17:13.047+0000][1][safepoint    ] Safepoint "Cleanup", Time since last: 1000198044 ns, Reaching safepoint: 99998 ns, At safepoint: 6021 ns, Total: 106019 ns
[2020-09-11T16:17:14.047+0000][1][safepoint    ] Safepoint "Cleanup", Time since last: 1000161687 ns, Reaching safepoint: 160783 ns, At safepoint: 19905 ns, Total: 180688 ns
[2020-09-11T16:17:15.048+0000][1][safepoint    ] Safepoint "Cleanup", Time since last: 1000227959 ns, Reaching safepoint: 168878 ns, At safepoint: 19351 ns, Total: 188229 ns
[2020-09-11T16:17:16.048+0000][1][safepoint    ] Safepoint "Cleanup", Time since last: 1000219480 ns, Reaching safepoint: 158738 ns, At safepoint: 18733 ns, Total: 177471 ns
[2020-09-11T16:17:17.048+0000][1][safepoint    ] Safepoint "Cleanup", Time since last: 1000202002 ns, Reaching safepoint: 146573 ns, At safepoint: 16471 ns, Total: 163044 ns
[2020-09-11T16:17:18.049+0000][1][safepoint    ] Safepoint "Cleanup", Time since last: 1000283275 ns, Reaching safepoint: 199869 ns, At safepoint: 18035 ns, Total: 217904 ns
[2020-09-11T16:17:19.049+0000][1][safepoint    ] Safepoint "Cleanup", Time since last: 1000214280 ns, Reaching safepoint: 105114 ns, At safepoint: 6682 ns, Total: 111796 ns
[2020-09-11T16:17:20.050+0000][1][safepoint    ] Safepoint "Cleanup", Time since last: 1000160471 ns, Reaching safepoint: 107353 ns, At safepoint: 7134 ns, Total: 114487 ns
[2020-09-11T16:17:21.050+0000][1][safepoint    ] Safepoint "Cleanup", Time since last: 1000173760 ns, Reaching safepoint: 109069 ns, At safepoint: 6668 ns, Total: 115737 ns
[2020-09-11T16:17:22.050+0000][1][safepoint    ] Safepoint "Cleanup", Time since last: 1000173407 ns, Reaching safepoint: 156930 ns, At safepoint: 20611 ns, Total: 177541 ns
[2020-09-11T16:17:22.075+0000][1][gc,start     ] GC(213) Pause Young (Allocation Failure)
[2020-09-11T16:17:22.075+0000][1][gc,task      ] GC(213) Using 1 workers of 1 for evacuation
[2020-09-11T16:17:22.080+0000][1][gc,age       ] GC(213) Desired survivor size 4358144 bytes, new threshold 6 (max threshold 6)
[2020-09-11T16:17:22.080+0000][1][gc,age       ] GC(213) Age table with threshold 6 (max threshold 6)
[2020-09-11T16:17:22.080+0000][1][gc,age       ] GC(213) - age   1:      36568 bytes,      36568 total
[2020-09-11T16:17:22.080+0000][1][gc,age       ] GC(213) - age   2:      91512 bytes,     128080 total
[2020-09-11T16:17:22.080+0000][1][gc,age       ] GC(213) - age   3:     111136 bytes,     239216 total
[2020-09-11T16:17:22.080+0000][1][gc,age       ] GC(213) - age   4:       6784 bytes,     246000 total
[2020-09-11T16:17:22.080+0000][1][gc,age       ] GC(213) - age   5:      14264 bytes,     260264 total
[2020-09-11T16:17:22.080+0000][1][gc,age       ] GC(213) - age   6:       5088 bytes,     265352 total
[2020-09-11T16:17:22.080+0000][1][gc,heap      ] GC(213) ParNew: 68501K->474K(76672K)
[2020-09-11T16:17:22.080+0000][1][gc,heap      ] GC(213) CMS: 117280K->117283K(439104K)
[2020-09-11T16:17:22.080+0000][1][gc,metaspace ] GC(213) Metaspace: 96422K->96422K(1138688K)
[2020-09-11T16:17:22.080+0000][1][gc           ] GC(213) Pause Young (Allocation Failure) 181M->114M(503M) 4.806ms
[2020-09-11T16:17:22.080+0000][1][gc,cpu       ] GC(213) User=0.01s Sys=0.00s Real=0.00s
[2020-09-11T16:17:22.080+0000][1][safepoint    ] Safepoint "GenCollectForAllocation", Time since last: 24796116 ns, Reaching safepoint: 196238 ns, At safepoint: 4869507 ns, Total: 5065745 ns
[2020-09-11T16:17:23.082+0000][1][safepoint    ] Safepoint "Cleanup", Time since last: 1001601952 ns, Reaching safepoint: 138204 ns, At safepoint: 41305 ns, Total: 179509 ns
[2020-09-11T16:17:24.082+0000][1][safepoint    ] Safepoint "Cleanup", Time since last: 1000173244 ns, Reaching safepoint: 266038 ns, At safepoint: 42347 ns, Total: 308385 ns
[2020-09-11T16:17:25.083+0000][1][safepoint    ] Safepoint "Cleanup", Time since last: 1000224099 ns, Reaching safepoint: 124403 ns, At safepoint: 6567 ns, Total: 130970 ns
[2020-09-11T16:17:27.083+0000][1][safepoint    ] Safepoint "Cleanup", Time since last: 2000262622 ns, Reaching safepoint: 188362 ns, At safepoint: 10208 ns, Total: 198570 ns
[2020-09-11T16:17:28.083+0000][1][safepoint    ] Safepoint "Cleanup", Time since last: 1000151234 ns, Reaching safepoint: 120025 ns, At safepoint: 6897 ns, Total: 126922 ns
[2020-09-11T16:17:30.698+0000][1][safepoint    ] Safepoint "RevokeBias", Time since last: 2614025937 ns, Reaching safepoint: 79814 ns, At safepoint: 16479 ns, Total: 96293 ns
[2020-09-11T16:17:30.798+0000][1][safepoint    ] Safepoint "BulkRevokeBias", Time since last: 100324359 ns, Reaching safepoint: 86175 ns, At safepoint: 200021 ns, Total: 286196 ns
[2020-09-11T16:17:30.842+0000][1][safepoint    ] Safepoint "RevokeBias", Time since last: 44009815 ns, Reaching safepoint: 150232 ns, At safepoint: 20021 ns, Total: 170253 ns
[2020-09-11T16:17:30.914+0000][1][safepoint    ] Safepoint "RevokeBias", Time since last: 71264504 ns, Reaching safepoint: 155051 ns, At safepoint: 23339 ns, Total: 178390 ns
[2020-09-11T16:17:30.963+0000][1][safepoint    ] Safepoint "RevokeBias", Time since last: 48913021 ns, Reaching safepoint: 103020 ns, At safepoint: 22936 ns, Total: 125956 ns
[2020-09-11T16:17:31.820+0000][1][safepoint    ] Safepoint "RevokeBias", Time since last: 857260453 ns, Reaching safepoint: 200000 ns, At safepoint: 26580 ns, Total: 226580 ns
[2020-09-11T16:17:32.089+0000][1][gc,start     ] GC(214) Pause Young (Allocation Failure)
[2020-09-11T16:17:32.089+0000][1][gc,task      ] GC(214) Using 1 workers of 1 for evacuation
[2020-09-11T16:17:32.098+0000][1][gc,age       ] GC(214) Desired survivor size 4358144 bytes, new threshold 6 (max threshold 6)
[2020-09-11T16:17:32.098+0000][1][gc,age       ] GC(214) Age table with threshold 6 (max threshold 6)
[2020-09-11T16:17:32.098+0000][1][gc,age       ] GC(214) - age   1:    1260160 bytes,    1260160 total
[2020-09-11T16:17:32.098+0000][1][gc,age       ] GC(214) - age   2:      13976 bytes,    1274136 total
[2020-09-11T16:17:32.098+0000][1][gc,age       ] GC(214) - age   3:      70184 bytes,    1344320 total
[2020-09-11T16:17:32.098+0000][1][gc,age       ] GC(214) - age   4:     101560 bytes,    1445880 total
[2020-09-11T16:17:32.098+0000][1][gc,age       ] GC(214) - age   5:       6784 bytes,    1452664 total
[2020-09-11T16:17:32.098+0000][1][gc,age       ] GC(214) - age   6:       6608 bytes,    1459272 total
[2020-09-11T16:17:32.098+0000][1][gc,heap      ] GC(214) ParNew: 68634K->1493K(76672K)
[2020-09-11T16:17:32.098+0000][1][gc,heap      ] GC(214) CMS: 117283K->117288K(439104K)
[2020-09-11T16:17:32.098+0000][1][gc,metaspace ] GC(214) Metaspace: 96467K->96467K(1138688K)
[2020-09-11T16:17:32.098+0000][1][gc           ] GC(214) Pause Young (Allocation Failure) 181M->115M(503M) 9.444ms
[2020-09-11T16:17:32.098+0000][1][gc,cpu       ] GC(214) User=0.00s Sys=0.00s Real=0.01s
[2020-09-11T16:17:32.102+0000][1][safepoint    ] Safepoint "GenCollectForAllocation", Time since last: 267945252 ns, Reaching safepoint: 622560 ns, At safepoint: 12998823 ns, Total: 13621383 ns
[2020-09-11T16:17:33.103+0000][1][safepoint    ] Safepoint "Cleanup", Time since last: 1001245733 ns, Reaching safepoint: 155253 ns, At safepoint: 13989 ns, Total: 169242 ns
[2020-09-11T16:17:34.104+0000][1][safepoint    ] Safepoint "Cleanup", Time since last: 1000180964 ns, Reaching safepoint: 125374 ns, At safepoint: 6823 ns, Total: 132197 ns
[2020-09-11T16:17:35.026+0000][1][safepoint    ] Safepoint "RevokeBias", Time since last: 921979675 ns, Reaching safepoint: 159179 ns, At safepoint: 20229 ns, Total: 179408 ns
[2020-09-11T16:17:35.026+0000][1][safepoint    ] Safepoint "BulkRevokeBias", Time since last: 74827 ns, Reaching safepoint: 107347 ns, At safepoint: 206168 ns, Total: 313515 ns
[2020-09-11T16:17:35.704+0000][1][safepoint    ] Safepoint "RevokeBias", Time since last: 677175027 ns, Reaching safepoint: 179375 ns, At safepoint: 21992 ns, Total: 201367 ns
[2020-09-11T16:17:35.704+0000][1][safepoint    ] Safepoint "RevokeBias", Time since last: 73294 ns, Reaching safepoint: 132821 ns, At safepoint: 18449 ns, Total: 151270 ns
[2020-09-11T16:17:35.987+0000][1][safepoint    ] Safepoint "RevokeBias", Time since last: 282165056 ns, Reaching safepoint: 596542 ns, At safepoint: 25097 ns, Total: 621639 ns
[2020-09-11T16:17:35.990+0000][1][safepoint    ] Safepoint "BulkRevokeBias", Time since last: 3450099 ns, Reaching safepoint: 193386 ns, At safepoint: 283048 ns, Total: 476434 ns
[2020-09-11T16:17:36.588+0000][1][safepoint    ] Safepoint "RevokeBias", Time since last: 597042399 ns, Reaching safepoint: 88404 ns, At safepoint: 18660 ns, Total: 107064 ns
[2020-09-11T16:17:36.936+0000][1][safepoint    ] Safepoint "RevokeBias", Time since last: 348114986 ns, Reaching safepoint: 95615 ns, At safepoint: 18424 ns, Total: 114039 ns
[2020-09-11T16:17:37.768+0000][1][safepoint    ] Safepoint "RevokeBias", Time since last: 831601386 ns, Reaching safepoint: 82760 ns, At safepoint: 16822 ns, Total: 99582 ns
[2020-09-11T16:17:37.885+0000][1][safepoint    ] Safepoint "RevokeBias", Time since last: 117599995 ns, Reaching safepoint: 87046 ns, At safepoint: 22872 ns, Total: 109918 ns
[2020-09-11T16:17:37.894+0000][1][gc,start     ] GC(215) Pause Young (Allocation Failure)
[2020-09-11T16:17:37.894+0000][1][gc,task      ] GC(215) Using 1 workers of 1 for evacuation
[2020-09-11T16:17:37.910+0000][1][gc,age       ] GC(215) Desired survivor size 4358144 bytes, new threshold 6 (max threshold 6)
[2020-09-11T16:17:37.910+0000][1][gc,age       ] GC(215) Age table with threshold 6 (max threshold 6)
[2020-09-11T16:17:37.910+0000][1][gc,age       ] GC(215) - age   1:     955376 bytes,     955376 total
[2020-09-11T16:17:37.910+0000][1][gc,age       ] GC(215) - age   2:     645208 bytes,    1600584 total
[2020-09-11T16:17:37.910+0000][1][gc,age       ] GC(215) - age   3:       7800 bytes,    1608384 total
[2020-09-11T16:17:37.910+0000][1][gc,age       ] GC(215) - age   4:      67296 bytes,    1675680 total
[2020-09-11T16:17:37.910+0000][1][gc,age       ] GC(215) - age   5:      98776 bytes,    1774456 total
[2020-09-11T16:17:37.910+0000][1][gc,age       ] GC(215) - age   6:       6784 bytes,    1781240 total
[2020-09-11T16:17:37.910+0000][1][gc,heap      ] GC(215) ParNew: 69653K->1767K(76672K)
[2020-09-11T16:17:37.910+0000][1][gc,heap      ] GC(215) CMS: 117288K->117294K(439104K)
[2020-09-11T16:17:37.910+0000][1][gc,metaspace ] GC(215) Metaspace: 96493K->96493K(1138688K)
[2020-09-11T16:17:37.910+0000][1][gc           ] GC(215) Pause Young (Allocation Failure) 182M->116M(503M) 15.839ms
[2020-09-11T16:17:37.910+0000][1][gc,cpu       ] GC(215) User=0.00s Sys=0.00s Real=0.01s
[2020-09-11T16:17:37.911+0000][1][safepoint    ] Safepoint "GenCollectForAllocation", Time since last: 9094420 ns, Reaching safepoint: 81172 ns, At safepoint: 16113695 ns, Total: 16194867 ns
[2020-09-11T16:17:38.915+0000][1][safepoint    ] Safepoint "Cleanup", Time since last: 1004170200 ns, Reaching safepoint: 102339 ns, At safepoint: 20701 ns, Total: 123040 ns
[2020-09-11T16:17:39.915+0000][1][safepoint    ] Safepoint "Cleanup", Time since last: 1000154063 ns, Reaching safepoint: 98545 ns, At safepoint: 7182 ns, Total: 105727 ns
[2020-09-11T16:17:40.915+0000][1][safepoint    ] Safepoint "Cleanup", Time since last: 1000160055 ns, Reaching safepoint: 185337 ns, At safepoint: 8675 ns, Total: 194012 ns
[2020-09-11T16:17:41.493+0000][1][safepoint    ] Safepoint "RevokeBias", Time since last: 577838280 ns, Reaching safepoint: 76249 ns, At safepoint: 18980 ns, Total: 95229 ns
[2020-09-11T16:17:41.499+0000][1][safepoint    ] Safepoint "RevokeBias", Time since last: 5519154 ns, Reaching safepoint: 78518 ns, At safepoint: 16785 ns, Total: 95303 ns
[2020-09-11T16:17:41.499+0000][1][safepoint    ] Safepoint "RevokeBias", Time since last: 73864 ns, Reaching safepoint: 31982 ns, At safepoint: 10712 ns, Total: 42694 ns
[2020-09-11T16:17:41.656+0000][1][safepoint    ] Safepoint "RevokeBias", Time since last: 156491521 ns, Reaching safepoint: 80520 ns, At safepoint: 22645 ns, Total: 103165 ns
[2020-09-11T16:17:42.656+0000][1][safepoint    ] Safepoint "Cleanup", Time since last: 1000180437 ns, Reaching safepoint: 124360 ns, At safepoint: 8336 ns, Total: 132696 ns
[2020-09-11T16:17:42.679+0000][1][safepoint    ] Safepoint "RevokeBias", Time since last: 23313753 ns, Reaching safepoint: 81944 ns, At safepoint: 20269 ns, Total: 102213 ns
[2020-09-11T16:17:42.680+0000][1][safepoint    ] Safepoint "RevokeBias", Time since last: 69409 ns, Reaching safepoint: 33317 ns, At safepoint: 10901 ns, Total: 44218 ns
[2020-09-11T16:17:42.816+0000][1][safepoint    ] Safepoint "RevokeBias", Time since last: 136069371 ns, Reaching safepoint: 160218 ns, At safepoint: 19174 ns, Total: 179392 ns
[2020-09-11T16:17:42.816+0000][1][safepoint    ] Safepoint "RevokeBias", Time since last: 51638 ns, Reaching safepoint: 148670 ns, At safepoint: 15316 ns, Total: 163986 ns
[2020-09-11T16:17:42.908+0000][1][safepoint    ] Safepoint "RevokeBias", Time since last: 91760141 ns, Reaching safepoint: 46658 ns, At safepoint: 15171 ns, Total: 61829 ns
[2020-09-11T16:17:42.908+0000][1][safepoint    ] Safepoint "BulkRevokeBias", Time since last: 72494 ns, Reaching safepoint: 31385 ns, At safepoint: 221743 ns, Total: 253128 ns
[2020-09-11T16:17:42.979+0000][1][safepoint    ] Safepoint "RevokeBias", Time since last: 70443004 ns, Reaching safepoint: 170308 ns, At safepoint: 21132 ns, Total: 191440 ns
[2020-09-11T16:17:43.437+0000][1][safepoint    ] Safepoint "RevokeBias", Time since last: 458083858 ns, Reaching safepoint: 157601 ns, At safepoint: 21866 ns, Total: 179467 ns
[2020-09-11T16:17:43.954+0000][1][safepoint    ] Safepoint "RevokeBias", Time since last: 517042949 ns, Reaching safepoint: 174735 ns, At safepoint: 50368 ns, Total: 225103 ns
[2020-09-11T16:17:45.955+0000][1][safepoint    ] Safepoint "Cleanup", Time since last: 2000338297 ns, Reaching safepoint: 169025 ns, At safepoint: 18362 ns, Total: 187387 ns
[2020-09-11T16:17:47.454+0000][1][safepoint    ] Safepoint "RevokeBias", Time since last: 1499388762 ns, Reaching safepoint: 88365 ns, At safepoint: 20985 ns, Total: 109350 ns
[2020-09-11T16:17:48.455+0000][1][safepoint    ] Safepoint "Cleanup", Time since last: 1000137536 ns, Reaching safepoint: 164825 ns, At safepoint: 18189 ns, Total: 183014 ns
[2020-09-11T16:17:49.455+0000][1][safepoint    ] Safepoint "Cleanup", Time since last: 1000225004 ns, Reaching safepoint: 101441 ns, At safepoint: 6906 ns, Total: 108347 ns
[2020-09-11T16:17:50.455+0000][1][safepoint    ] Safepoint "Cleanup", Time since last: 1000175940 ns, Reaching safepoint: 105372 ns, At safepoint: 7727 ns, Total: 113099 ns
[2020-09-11T16:17:51.456+0000][1][safepoint    ] Safepoint "Cleanup", Time since last: 1000164831 ns, Reaching safepoint: 107298 ns, At safepoint: 6898 ns, Total: 114196 ns
[2020-09-11T16:17:52.456+0000][1][safepoint    ] Safepoint "Cleanup", Time since last: 1000143389 ns, Reaching safepoint: 108536 ns, At safepoint: 7339 ns, Total: 115875 ns
[2020-09-11T16:17:53.395+0000][1][safepoint    ] Safepoint "RevokeBias", Time since last: 939349870 ns, Reaching safepoint: 89140 ns, At safepoint: 21024 ns, Total: 110164 ns
[2020-09-11T16:17:53.691+0000][1][gc,start     ] GC(216) Pause Young (Allocation Failure)
[2020-09-11T16:17:53.691+0000][1][gc,task      ] GC(216) Using 1 workers of 1 for evacuation
[2020-09-11T16:17:53.697+0000][1][gc,age       ] GC(216) Desired survivor size 4358144 bytes, new threshold 6 (max threshold 6)
[2020-09-11T16:17:53.697+0000][1][gc,age       ] GC(216) Age table with threshold 6 (max threshold 6)
[2020-09-11T16:17:53.697+0000][1][gc,age       ] GC(216) - age   1:    2260680 bytes,    2260680 total
[2020-09-11T16:17:53.697+0000][1][gc,age       ] GC(216) - age   2:     313432 bytes,    2574112 total
[2020-09-11T16:17:53.697+0000][1][gc,age       ] GC(216) - age   3:      89920 bytes,    2664032 total
[2020-09-11T16:17:53.697+0000][1][gc,age       ] GC(216) - age   4:       3264 bytes,    2667296 total
[2020-09-11T16:17:53.697+0000][1][gc,age       ] GC(216) - age   5:      63640 bytes,    2730936 total
[2020-09-11T16:17:53.697+0000][1][gc,age       ] GC(216) - age   6:      95712 bytes,    2826648 total
[2020-09-11T16:17:53.697+0000][1][gc,heap      ] GC(216) ParNew: 69927K->2867K(76672K)
[2020-09-11T16:17:53.697+0000][1][gc,heap      ] GC(216) CMS: 117294K->117301K(439104K)
[2020-09-11T16:17:53.697+0000][1][gc,metaspace ] GC(216) Metaspace: 96533K->96533K(1138688K)
[2020-09-11T16:17:53.697+0000][1][gc           ] GC(216) Pause Young (Allocation Failure) 182M->117M(503M) 6.627ms
[2020-09-11T16:17:53.697+0000][1][gc,cpu       ] GC(216) User=0.01s Sys=0.00s Real=0.01s
[2020-09-11T16:17:53.697+0000][1][safepoint    ] Safepoint "GenCollectForAllocation", Time since last: 295217168 ns, Reaching safepoint: 78880 ns, At safepoint: 6693134 ns, Total: 6772014 ns
[2020-09-11T16:17:54.705+0000][1][safepoint    ] Safepoint "Cleanup", Time since last: 1007656538 ns, Reaching safepoint: 156639 ns, At safepoint: 18349 ns, Total: 174988 ns
[2020-09-11T16:17:55.705+0000][1][safepoint    ] Safepoint "Cleanup", Time since last: 1000188927 ns, Reaching safepoint: 159804 ns, At safepoint: 16845 ns, Total: 176649 ns
[2020-09-11T16:17:55.971+0000][1][safepoint    ] Safepoint "RevokeBias", Time since last: 265021090 ns, Reaching safepoint: 118921 ns, At safepoint: 28806 ns, Total: 147727 ns
[2020-09-11T16:17:56.971+0000][1][safepoint    ] Safepoint "Cleanup", Time since last: 1000182350 ns, Reaching safepoint: 111029 ns, At safepoint: 6788 ns, Total: 117817 ns
[2020-09-11T16:17:57.971+0000][1][safepoint    ] Safepoint "Cleanup", Time since last: 1000165244 ns, Reaching safepoint: 105135 ns, At safepoint: 7144 ns, Total: 112279 ns
[2020-09-11T16:17:58.972+0000][1][safepoint    ] Safepoint "Cleanup", Time since last: 1000190245 ns, Reaching safepoint: 141862 ns, At safepoint: 16926 ns, Total: 158788 ns
[2020-09-11T16:17:59.099+0000][1][safepoint    ] Safepoint "RevokeBias", Time since last: 126848993 ns, Reaching safepoint: 168413 ns, At safepoint: 43537 ns, Total: 211950 ns
[2020-09-11T16:17:59.412+0000][1][safepoint    ] Safepoint "RevokeBias", Time since last: 313320629 ns, Reaching safepoint: 87504 ns, At safepoint: 21078 ns, Total: 108582 ns
[2020-09-11T16:18:00.412+0000][1][safepoint    ] Safepoint "Cleanup", Time since last: 1000169756 ns, Reaching safepoint: 131514 ns, At safepoint: 15920 ns, Total: 147434 ns
[2020-09-11T16:18:01.413+0000][1][safepoint    ] Safepoint "Cleanup", Time since last: 1000207624 ns, Reaching safepoint: 221772 ns, At safepoint: 17260 ns, Total: 239032 ns
[2020-09-11T16:18:02.413+0000][1][safepoint    ] Safepoint "Cleanup", Time since last: 1000208046 ns, Reaching safepoint: 145755 ns, At safepoint: 17105 ns, Total: 162860 ns
[2020-09-11T16:18:03.324+0000][1][safepoint    ] Safepoint "RevokeBias", Time since last: 911014852 ns, Reaching safepoint: 156339 ns, At safepoint: 44806 ns, Total: 201145 ns
[2020-09-11T16:18:03.325+0000][1][safepoint    ] Safepoint "RevokeBias", Time since last: 134505 ns, Reaching safepoint: 80455 ns, At safepoint: 29945 ns, Total: 110400 ns
[2020-09-11T16:18:03.325+0000][1][safepoint    ] Safepoint "RevokeBias", Time since last: 84177 ns, Reaching safepoint: 224134 ns, At safepoint: 31977 ns, Total: 256111 ns
[2020-09-11T16:18:03.368+0000][1][safepoint    ] Safepoint "RevokeBias", Time since last: 42859751 ns, Reaching safepoint: 265523 ns, At safepoint: 49627 ns, Total: 315150 ns
[2020-09-11T16:18:04.368+0000][1][safepoint    ] Safepoint "Cleanup", Time since last: 1000212456 ns, Reaching safepoint: 106820 ns, At safepoint: 6981 ns, Total: 113801 ns
[2020-09-11T16:18:05.369+0000][1][safepoint    ] Safepoint "Cleanup", Time since last: 1000219136 ns, Reaching safepoint: 126908 ns, At safepoint: 6542 ns, Total: 133450 ns
[2020-09-11T16:18:06.369+0000][1][safepoint    ] Safepoint "Cleanup", Time since last: 1000179790 ns, Reaching safepoint: 126766 ns, At safepoint: 7298 ns, Total: 134064 ns
[2020-09-11T16:18:07.370+0000][1][safepoint    ] Safepoint "Cleanup", Time since last: 1000201016 ns, Reaching safepoint: 156686 ns, At safepoint: 17471 ns, Total: 174157 ns
[2020-09-11T16:18:08.370+0000][1][safepoint    ] Safepoint "Cleanup", Time since last: 1000220125 ns, Reaching safepoint: 102900 ns, At safepoint: 7835 ns, Total: 110735 ns
[2020-09-11T16:18:09.370+0000][1][safepoint    ] Safepoint "Cleanup", Time since last: 1000167895 ns, Reaching safepoint: 113314 ns, At safepoint: 7072 ns, Total: 120386 ns
[2020-09-11T16:18:10.370+0000][1][safepoint    ] Safepoint "Cleanup", Time since last: 1000174360 ns, Reaching safepoint: 154808 ns, At safepoint: 18152 ns, Total: 172960 ns
[2020-09-11T16:18:11.371+0000][1][safepoint    ] Safepoint "Cleanup", Time since last: 1000214995 ns, Reaching safepoint: 111689 ns, At safepoint: 7388 ns, Total: 119077 ns
[2020-09-11T16:18:12.371+0000][1][safepoint    ] Safepoint "Cleanup", Time since last: 1000183250 ns, Reaching safepoint: 152444 ns, At safepoint: 16641 ns, Total: 169085 ns
[2020-09-11T16:18:13.372+0000][1][safepoint    ] Safepoint "Cleanup", Time since last: 1000210146 ns, Reaching safepoint: 229173 ns, At safepoint: 18225 ns, Total: 247398 ns
[2020-09-11T16:18:13.391+0000][1][safepoint    ] Safepoint "RevokeBias", Time since last: 19401304 ns, Reaching safepoint: 165560 ns, At safepoint: 50486 ns, Total: 216046 ns
[2020-09-11T16:18:14.392+0000][1][safepoint    ] Safepoint "Cleanup", Time since last: 1000199942 ns, Reaching safepoint: 114618 ns, At safepoint: 7427 ns, Total: 122045 ns
[2020-09-11T16:18:15.392+0000][1][safepoint    ] Safepoint "Cleanup", Time since last: 1000145733 ns, Reaching safepoint: 155751 ns, At safepoint: 16414 ns, Total: 172165 ns
[2020-09-11T16:18:16.392+0000][1][safepoint    ] Safepoint "Cleanup", Time since last: 1000202740 ns, Reaching safepoint: 118788 ns, At safepoint: 6966 ns, Total: 125754 ns
[2020-09-11T16:18:17.392+0000][1][safepoint    ] Safepoint "Cleanup", Time since last: 1000146455 ns, Reaching safepoint: 122403 ns, At safepoint: 6838 ns, Total: 129241 ns
[2020-09-11T16:18:17.760+0000][1][gc,start     ] GC(217) Pause Young (Allocation Failure)
[2020-09-11T16:18:17.760+0000][1][gc,task      ] GC(217) Using 1 workers of 1 for evacuation
[2020-09-11T16:18:17.766+0000][1][gc,age       ] GC(217) Desired survivor size 4358144 bytes, new threshold 6 (max threshold 6)
[2020-09-11T16:18:17.766+0000][1][gc,age       ] GC(217) Age table with threshold 6 (max threshold 6)
[2020-09-11T16:18:17.766+0000][1][gc,age       ] GC(217) - age   1:      78480 bytes,      78480 total
[2020-09-11T16:18:17.766+0000][1][gc,age       ] GC(217) - age   2:    2220744 bytes,    2299224 total
[2020-09-11T16:18:17.766+0000][1][gc,age       ] GC(217) - age   3:     308584 bytes,    2607808 total
[2020-09-11T16:18:17.766+0000][1][gc,age       ] GC(217) - age   4:      88344 bytes,    2696152 total
[2020-09-11T16:18:17.766+0000][1][gc,age       ] GC(217) - age   5:       2024 bytes,    2698176 total
[2020-09-11T16:18:17.766+0000][1][gc,age       ] GC(217) - age   6:      63640 bytes,    2761816 total
[2020-09-11T16:18:17.766+0000][1][gc,heap      ] GC(217) ParNew: 71027K->4427K(76672K)
[2020-09-11T16:18:17.766+0000][1][gc,heap      ] GC(217) CMS: 117301K->117395K(439104K)
[2020-09-11T16:18:17.766+0000][1][gc,metaspace ] GC(217) Metaspace: 96538K->96538K(1138688K)
[2020-09-11T16:18:17.766+0000][1][gc           ] GC(217) Pause Young (Allocation Failure) 183M->118M(503M) 6.096ms
[2020-09-11T16:18:17.766+0000][1][gc,cpu       ] GC(217) User=0.00s Sys=0.00s Real=0.01s
[2020-09-11T16:18:17.766+0000][1][safepoint    ] Safepoint "GenCollectForAllocation", Time since last: 367127006 ns, Reaching safepoint: 90754 ns, At safepoint: 6160755 ns, Total: 6251509 ns
[2020-09-11T16:18:18.768+0000][1][safepoint    ] Safepoint "Cleanup", Time since last: 1002456788 ns, Reaching safepoint: 107673 ns, At safepoint: 19421 ns, Total: 127094 ns
[2020-09-11T16:18:19.769+0000][1][safepoint    ] Safepoint "Cleanup", Time since last: 1000175611 ns, Reaching safepoint: 183668 ns, At safepoint: 47052 ns, Total: 230720 ns
[2020-09-11T16:18:20.770+0000][1][safepoint    ] Safepoint "Cleanup", Time since last: 1001320806 ns, Reaching safepoint: 211064 ns, At safepoint: 46216 ns, Total: 257280 ns
[2020-09-11T16:18:21.771+0000][1][safepoint    ] Safepoint "Cleanup", Time since last: 1000202393 ns, Reaching safepoint: 157357 ns, At safepoint: 16742 ns, Total: 174099 ns
[2020-09-11T16:18:22.771+0000][1][safepoint    ] Safepoint "Cleanup", Time since last: 1000221249 ns, Reaching safepoint: 110374 ns, At safepoint: 7999 ns, Total: 118373 ns
[2020-09-11T16:18:23.350+0000][1][safepoint    ] Safepoint "RevokeBias", Time since last: 578645684 ns, Reaching safepoint: 105644 ns, At safepoint: 26494 ns, Total: 132138 ns
[2020-09-11T16:18:24.350+0000][1][safepoint    ] Safepoint "Cleanup", Time since last: 1000138890 ns, Reaching safepoint: 207365 ns, At safepoint: 11548 ns, Total: 218913 ns
[2020-09-11T16:18:25.351+0000][1][safepoint    ] Safepoint "Cleanup", Time since last: 1000188170 ns, Reaching safepoint: 116237 ns, At safepoint: 9278 ns, Total: 125515 ns
[2020-09-11T16:18:26.351+0000][1][safepoint    ] Safepoint "Cleanup", Time since last: 1000179602 ns, Reaching safepoint: 108540 ns, At safepoint: 7113 ns, Total: 115653 ns
[2020-09-11T16:18:27.351+0000][1][safepoint    ] Safepoint "Cleanup", Time since last: 1000190757 ns, Reaching safepoint: 117358 ns, At safepoint: 7102 ns, Total: 124460 ns
[2020-09-11T16:18:28.352+0000][1][safepoint    ] Safepoint "Cleanup", Time since last: 1000176029 ns, Reaching safepoint: 152433 ns, At safepoint: 17988 ns, Total: 170421 ns
[2020-09-11T16:18:29.352+0000][1][safepoint    ] Safepoint "Cleanup", Time since last: 1000231014 ns, Reaching safepoint: 106934 ns, At safepoint: 7576 ns, Total: 114510 ns
[2020-09-11T16:18:30.352+0000][1][safepoint    ] Safepoint "Cleanup", Time since last: 1000170850 ns, Reaching safepoint: 156663 ns, At safepoint: 17203 ns, Total: 173866 ns
[2020-09-11T16:18:31.353+0000][1][safepoint    ] Safepoint "Cleanup", Time since last: 1000218000 ns, Reaching safepoint: 151885 ns, At safepoint: 17093 ns, Total: 168978 ns
[2020-09-11T16:18:33.394+0000][1][safepoint    ] Safepoint "RevokeBias", Time since last: 2041290317 ns, Reaching safepoint: 212849 ns, At safepoint: 25693 ns, Total: 238542 ns
[2020-09-11T16:18:43.396+0000][1][safepoint    ] Safepoint "Cleanup", Time since last: 10001278951 ns, Reaching safepoint: 258670 ns, At safepoint: 19719 ns, Total: 278389 ns
[2020-09-11T16:18:43.412+0000][1][safepoint    ] Safepoint "RevokeBias", Time since last: 15867247 ns, Reaching safepoint: 171079 ns, At safepoint: 49193 ns, Total: 220272 ns
[2020-09-11T16:18:43.690+0000][1][gc,start     ] GC(218) Pause Young (Allocation Failure)
[2020-09-11T16:18:43.690+0000][1][gc,task      ] GC(218) Using 1 workers of 1 for evacuation
[2020-09-11T16:18:43.702+0000][1][gc,age       ] GC(218) Desired survivor size 4358144 bytes, new threshold 6 (max threshold 6)
[2020-09-11T16:18:43.703+0000][1][gc,age       ] GC(218) Age table with threshold 6 (max threshold 6)
[2020-09-11T16:18:43.703+0000][1][gc,age       ] GC(218) - age   1:      45200 bytes,      45200 total
[2020-09-11T16:18:43.703+0000][1][gc,age       ] GC(218) - age   2:       8384 bytes,      53584 total
[2020-09-11T16:18:43.703+0000][1][gc,age       ] GC(218) - age   3:    2216696 bytes,    2270280 total
[2020-09-11T16:18:43.703+0000][1][gc,age       ] GC(218) - age   4:     308312 bytes,    2578592 total
[2020-09-11T16:18:43.703+0000][1][gc,age       ] GC(218) - age   5:      88152 bytes,    2666744 total
[2020-09-11T16:18:43.703+0000][1][gc,age       ] GC(218) - age   6:       1928 bytes,    2668672 total
[2020-09-11T16:18:43.703+0000][1][gc,heap      ] GC(218) ParNew: 72587K->5152K(76672K)
[2020-09-11T16:18:43.703+0000][1][gc,heap      ] GC(218) CMS: 117395K->117457K(439104K)
[2020-09-11T16:18:43.703+0000][1][gc,metaspace ] GC(218) Metaspace: 96547K->96547K(1138688K)
[2020-09-11T16:18:43.703+0000][1][gc           ] GC(218) Pause Young (Allocation Failure) 185M->119M(503M) 12.487ms
[2020-09-11T16:18:43.703+0000][1][gc,cpu       ] GC(218) User=0.00s Sys=0.00s Real=0.02s
[2020-09-11T16:18:43.703+0000][1][safepoint    ] Safepoint "GenCollectForAllocation", Time since last: 278149266 ns, Reaching safepoint: 150940 ns, At safepoint: 12562364 ns, Total: 12713304 ns
[2020-09-11T16:18:45.709+0000][1][safepoint    ] Safepoint "Cleanup", Time since last: 2006385458 ns, Reaching safepoint: 115242 ns, At safepoint: 6778 ns, Total: 122020 ns
[2020-09-11T16:18:48.710+0000][1][safepoint    ] Safepoint "Cleanup", Time since last: 3000501880 ns, Reaching safepoint: 175710 ns, At safepoint: 25582 ns, Total: 201292 ns
[2020-09-11T16:18:53.354+0000][1][safepoint    ] Safepoint "RevokeBias", Time since last: 4643710509 ns, Reaching safepoint: 291037 ns, At safepoint: 47420 ns, Total: 338457 ns
[2020-09-11T16:19:03.350+0000][1][safepoint    ] Safepoint "RevokeBias", Time since last: 9995832107 ns, Reaching safepoint: 92603 ns, At safepoint: 23887 ns, Total: 116490 ns
[2020-09-11T16:19:03.882+0000][1][gc,start     ] GC(219) Pause Young (Allocation Failure)
[2020-09-11T16:19:03.882+0000][1][gc,task      ] GC(219) Using 1 workers of 1 for evacuation
[2020-09-11T16:19:03.895+0000][1][gc,age       ] GC(219) Desired survivor size 4358144 bytes, new threshold 6 (max threshold 6)
[2020-09-11T16:19:03.895+0000][1][gc,age       ] GC(219) Age table with threshold 6 (max threshold 6)
[2020-09-11T16:19:03.895+0000][1][gc,age       ] GC(219) - age   1:      53792 bytes,      53792 total
[2020-09-11T16:19:03.895+0000][1][gc,age       ] GC(219) - age   2:       9072 bytes,      62864 total
[2020-09-11T16:19:03.895+0000][1][gc,age       ] GC(219) - age   3:       4984 bytes,      67848 total
[2020-09-11T16:19:03.895+0000][1][gc,age       ] GC(219) - age   4:    2214216 bytes,    2282064 total
[2020-09-11T16:19:03.895+0000][1][gc,age       ] GC(219) - age   5:     308312 bytes,    2590376 total
[2020-09-11T16:19:03.895+0000][1][gc,age       ] GC(219) - age   6:      86912 bytes,    2677288 total
[2020-09-11T16:19:03.895+0000][1][gc,heap      ] GC(219) ParNew: 73312K->3242K(76672K)
[2020-09-11T16:19:03.895+0000][1][gc,heap      ] GC(219) CMS: 117457K->117459K(439104K)
[2020-09-11T16:19:03.895+0000][1][gc,metaspace ] GC(219) Metaspace: 96551K->96551K(1138688K)
[2020-09-11T16:19:03.895+0000][1][gc           ] GC(219) Pause Young (Allocation Failure) 186M->117M(503M) 13.222ms
[2020-09-11T16:19:03.895+0000][1][gc,cpu       ] GC(219) User=0.01s Sys=0.00s Real=0.01s
[2020-09-11T16:19:03.895+0000][1][safepoint    ] Safepoint "GenCollectForAllocation", Time since last: 531701682 ns, Reaching safepoint: 156321 ns, At safepoint: 13297227 ns, Total: 13453548 ns
[2020-09-11T16:19:04.906+0000][1][safepoint    ] Safepoint "Cleanup", Time since last: 1011009449 ns, Reaching safepoint: 156799 ns, At safepoint: 50944 ns, Total: 207743 ns
[2020-09-11T16:19:05.907+0000][1][safepoint    ] Safepoint "Cleanup", Time since last: 1000271997 ns, Reaching safepoint: 96698 ns, At safepoint: 14906 ns, Total: 111604 ns
[2020-09-11T16:19:06.907+0000][1][safepoint    ] Safepoint "Cleanup", Time since last: 1000200661 ns, Reaching safepoint: 105979 ns, At safepoint: 19286 ns, Total: 125265 ns
[2020-09-11T16:19:07.907+0000][1][safepoint    ] Safepoint "Cleanup", Time since last: 1000189877 ns, Reaching safepoint: 109016 ns, At safepoint: 6427 ns, Total: 115443 ns
[2020-09-11T16:19:08.908+0000][1][safepoint    ] Safepoint "Cleanup", Time since last: 1000184458 ns, Reaching safepoint: 157558 ns, At safepoint: 18994 ns, Total: 176552 ns
[2020-09-11T16:19:09.908+0000][1][safepoint    ] Safepoint "Cleanup", Time since last: 1000220064 ns, Reaching safepoint: 157598 ns, At safepoint: 16929 ns, Total: 174527 ns
[2020-09-11T16:19:10.908+0000][1][safepoint    ] Safepoint "Cleanup", Time since last: 1000188896 ns, Reaching safepoint: 158457 ns, At safepoint: 17991 ns, Total: 176448 ns
[2020-09-11T16:19:11.909+0000][1][safepoint    ] Safepoint "Cleanup", Time since last: 1000162147 ns, Reaching safepoint: 88680 ns, At safepoint: 7485 ns, Total: 96165 ns
[2020-09-11T16:19:12.909+0000][1][safepoint    ] Safepoint "Cleanup", Time since last: 1000163256 ns, Reaching safepoint: 158514 ns, At safepoint: 17961 ns, Total: 176475 ns
[2020-09-11T16:19:13.349+0000][1][safepoint    ] Safepoint "RevokeBias", Time since last: 439867360 ns, Reaching safepoint: 200028 ns, At safepoint: 27549 ns, Total: 227577 ns
[2020-09-11T16:19:14.349+0000][1][safepoint    ] Safepoint "Cleanup", Time since last: 1000139261 ns, Reaching safepoint: 115446 ns, At safepoint: 9319 ns, Total: 124765 ns
[2020-09-11T16:19:15.350+0000][1][safepoint    ] Safepoint "Cleanup", Time since last: 1000177163 ns, Reaching safepoint: 108059 ns, At safepoint: 7036 ns, Total: 115095 ns
[2020-09-11T16:19:16.350+0000][1][safepoint    ] Safepoint "Cleanup", Time since last: 1000181990 ns, Reaching safepoint: 108617 ns, At safepoint: 6906 ns, Total: 115523 ns
[2020-09-11T16:19:17.350+0000][1][safepoint    ] Safepoint "Cleanup", Time since last: 1000186273 ns, Reaching safepoint: 100972 ns, At safepoint: 6864 ns, Total: 107836 ns
[2020-09-11T16:19:18.351+0000][1][safepoint    ] Safepoint "Cleanup", Time since last: 1000189902 ns, Reaching safepoint: 102142 ns, At safepoint: 7375 ns, Total: 109517 ns
[2020-09-11T16:19:19.351+0000][1][safepoint    ] Safepoint "Cleanup", Time since last: 1000190677 ns, Reaching safepoint: 163759 ns, At safepoint: 18536 ns, Total: 182295 ns
[2020-09-11T16:19:20.351+0000][1][safepoint    ] Safepoint "Cleanup", Time since last: 1000231029 ns, Reaching safepoint: 109263 ns, At safepoint: 6906 ns, Total: 116169 ns
[2020-09-11T16:19:21.351+0000][1][safepoint    ] Safepoint "Cleanup", Time since last: 1000124037 ns, Reaching safepoint: 88040 ns, At safepoint: 9975 ns, Total: 98015 ns
[2020-09-11T16:19:22.352+0000][1][safepoint    ] Safepoint "Cleanup", Time since last: 1000186254 ns, Reaching safepoint: 83703 ns, At safepoint: 8779 ns, Total: 92482 ns
[2020-09-11T16:19:23.352+0000][1][safepoint    ] Safepoint "Cleanup", Time since last: 1000183792 ns, Reaching safepoint: 158244 ns, At safepoint: 11597 ns, Total: 169841 ns
[2020-09-11T16:19:23.371+0000][1][safepoint    ] Safepoint "RevokeBias", Time since last: 18542644 ns, Reaching safepoint: 211587 ns, At safepoint: 23086 ns, Total: 234673 ns
[2020-09-11T16:19:24.371+0000][1][safepoint    ] Safepoint "Cleanup", Time since last: 1000164016 ns, Reaching safepoint: 156920 ns, At safepoint: 16705 ns, Total: 173625 ns
[2020-09-11T16:19:25.372+0000][1][safepoint    ] Safepoint "Cleanup", Time since last: 1000214705 ns, Reaching safepoint: 121118 ns, At safepoint: 6841 ns, Total: 127959 ns
[2020-09-11T16:19:26.372+0000][1][safepoint    ] Safepoint "Cleanup", Time since last: 1000178315 ns, Reaching safepoint: 148310 ns, At safepoint: 17002 ns, Total: 165312 ns
[2020-09-11T16:19:27.372+0000][1][safepoint    ] Safepoint "Cleanup", Time since last: 1000184340 ns, Reaching safepoint: 156843 ns, At safepoint: 15085 ns, Total: 171928 ns
[2020-09-11T16:19:28.373+0000][1][safepoint    ] Safepoint "Cleanup", Time since last: 1000200163 ns, Reaching safepoint: 153238 ns, At safepoint: 17383 ns, Total: 170621 ns
[2020-09-11T16:19:29.373+0000][1][safepoint    ] Safepoint "Cleanup", Time since last: 1000211393 ns, Reaching safepoint: 114235 ns, At safepoint: 9274 ns, Total: 123509 ns
[2020-09-11T16:19:30.373+0000][1][safepoint    ] Safepoint "Cleanup", Time since last: 1000183586 ns, Reaching safepoint: 154929 ns, At safepoint: 16905 ns, Total: 171834 ns
[2020-09-11T16:19:31.374+0000][1][safepoint    ] Safepoint "Cleanup", Time since last: 1000227770 ns, Reaching safepoint: 140412 ns, At safepoint: 16946 ns, Total: 157358 ns
[2020-09-11T16:19:31.977+0000][1][gc,start     ] GC(220) Pause Young (Allocation Failure)
[2020-09-11T16:19:31.977+0000][1][gc,task      ] GC(220) Using 1 workers of 1 for evacuation
[2020-09-11T16:19:31.983+0000][1][gc,age       ] GC(220) Desired survivor size 4358144 bytes, new threshold 6 (max threshold 6)
[2020-09-11T16:19:31.983+0000][1][gc,age       ] GC(220) Age table with threshold 6 (max threshold 6)
[2020-09-11T16:19:31.983+0000][1][gc,age       ] GC(220) - age   1:      59448 bytes,      59448 total
[2020-09-11T16:19:31.983+0000][1][gc,age       ] GC(220) - age   2:       5464 bytes,      64912 total
[2020-09-11T16:19:31.983+0000][1][gc,age       ] GC(220) - age   3:       3896 bytes,      68808 total
[2020-09-11T16:19:31.983+0000][1][gc,age       ] GC(220) - age   4:       2504 bytes,      71312 total
[2020-09-11T16:19:31.983+0000][1][gc,age       ] GC(220) - age   5:    2212976 bytes,    2284288 total
[2020-09-11T16:19:31.983+0000][1][gc,age       ] GC(220) - age   6:     308312 bytes,    2592600 total
[2020-09-11T16:19:31.983+0000][1][gc,heap      ] GC(220) ParNew: 71402K->4732K(76672K)
[2020-09-11T16:19:31.983+0000][1][gc,heap      ] GC(220) CMS: 117459K->117545K(439104K)
[2020-09-11T16:19:31.983+0000][1][gc,metaspace ] GC(220) Metaspace: 96553K->96553K(1138688K)
[2020-09-11T16:19:31.983+0000][1][gc           ] GC(220) Pause Young (Allocation Failure) 184M->119M(503M) 6.010ms
[2020-09-11T16:19:31.983+0000][1][gc,cpu       ] GC(220) User=0.01s Sys=0.00s Real=0.01s
[2020-09-11T16:19:31.984+0000][1][safepoint    ] Safepoint "GenCollectForAllocation", Time since last: 603478722 ns, Reaching safepoint: 208068 ns, At safepoint: 6103960 ns, Total: 6312028 ns
[2020-09-11T16:19:32.993+0000][1][safepoint    ] Safepoint "Cleanup", Time since last: 1009469207 ns, Reaching safepoint: 153085 ns, At safepoint: 48034 ns, Total: 201119 ns
[2020-09-11T16:19:33.362+0000][1][safepoint    ] Safepoint "RevokeBias", Time since last: 369014250 ns, Reaching safepoint: 92593 ns, At safepoint: 35610 ns, Total: 128203 ns
[2020-09-11T16:19:34.363+0000][1][safepoint    ] Safepoint "Cleanup", Time since last: 1000161781 ns, Reaching safepoint: 158841 ns, At safepoint: 19221 ns, Total: 178062 ns
[2020-09-11T16:19:35.363+0000][1][safepoint    ] Safepoint "Cleanup", Time since last: 1000224287 ns, Reaching safepoint: 106440 ns, At safepoint: 8884 ns, Total: 115324 ns
[2020-09-11T16:19:36.363+0000][1][safepoint    ] Safepoint "Cleanup", Time since last: 1000149312 ns, Reaching safepoint: 126169 ns, At safepoint: 7054 ns, Total: 133223 ns
[2020-09-11T16:19:37.364+0000][1][safepoint    ] Safepoint "Cleanup", Time since last: 1000153831 ns, Reaching safepoint: 118193 ns, At safepoint: 6756 ns, Total: 124949 ns
[2020-09-11T16:19:38.364+0000][1][safepoint    ] Safepoint "Cleanup", Time since last: 1000188534 ns, Reaching safepoint: 141267 ns, At safepoint: 8996 ns, Total: 150263 ns
[2020-09-11T16:19:39.364+0000][1][safepoint    ] Safepoint "Cleanup", Time since last: 1000169326 ns, Reaching safepoint: 157682 ns, At safepoint: 17594 ns, Total: 175276 ns
[2020-09-11T16:19:40.365+0000][1][safepoint    ] Safepoint "Cleanup", Time since last: 1000180882 ns, Reaching safepoint: 148274 ns, At safepoint: 15458 ns, Total: 163732 ns
[2020-09-11T16:19:41.365+0000][1][safepoint    ] Safepoint "Cleanup", Time since last: 1000168997 ns, Reaching safepoint: 83648 ns, At safepoint: 8357 ns, Total: 92005 ns
[2020-09-11T16:19:42.365+0000][1][safepoint    ] Safepoint "Cleanup", Time since last: 1000130440 ns, Reaching safepoint: 124710 ns, At safepoint: 8288 ns, Total: 132998 ns
[2020-09-11T16:19:43.365+0000][1][safepoint    ] Safepoint "Cleanup", Time since last: 1000127219 ns, Reaching safepoint: 236787 ns, At safepoint: 16999 ns, Total: 253786 ns
[2020-09-11T16:19:43.462+0000][1][safepoint    ] Safepoint "RevokeBias", Time since last: 96770599 ns, Reaching safepoint: 93776 ns, At safepoint: 43097 ns, Total: 136873 ns
[2020-09-11T16:19:44.463+0000][1][safepoint    ] Safepoint "Cleanup", Time since last: 1000182388 ns, Reaching safepoint: 114519 ns, At safepoint: 9291 ns, Total: 123810 ns
[2020-09-11T16:19:45.463+0000][1][safepoint    ] Safepoint "Cleanup", Time since last: 1000094162 ns, Reaching safepoint: 88073 ns, At safepoint: 8911 ns, Total: 96984 ns
[2020-09-11T16:19:46.463+0000][1][safepoint    ] Safepoint "Cleanup", Time since last: 1000104811 ns, Reaching safepoint: 85341 ns, At safepoint: 9213 ns, Total: 94554 ns
[2020-09-11T16:19:47.463+0000][1][safepoint    ] Safepoint "Cleanup", Time since last: 1000100037 ns, Reaching safepoint: 98392 ns, At safepoint: 8299 ns, Total: 106691 ns
[2020-09-11T16:19:48.464+0000][1][safepoint    ] Safepoint "Cleanup", Time since last: 1000137998 ns, Reaching safepoint: 89914 ns, At safepoint: 7741 ns, Total: 97655 ns
[2020-09-11T16:19:49.464+0000][1][safepoint    ] Safepoint "Cleanup", Time since last: 1000101169 ns, Reaching safepoint: 85270 ns, At safepoint: 7408 ns, Total: 92678 ns
[2020-09-11T16:19:50.464+0000][1][safepoint    ] Safepoint "Cleanup", Time since last: 1000148240 ns, Reaching safepoint: 87938 ns, At safepoint: 8595 ns, Total: 96533 ns
[2020-09-11T16:19:51.464+0000][1][safepoint    ] Safepoint "Cleanup", Time since last: 1000140691 ns, Reaching safepoint: 88818 ns, At safepoint: 9244 ns, Total: 98062 ns
[2020-09-11T16:19:52.464+0000][1][safepoint    ] Safepoint "Cleanup", Time since last: 1000073819 ns, Reaching safepoint: 107779 ns, At safepoint: 7925 ns, Total: 115704 ns
[2020-09-11T16:19:53.356+0000][1][safepoint    ] Safepoint "RevokeBias", Time since last: 891483133 ns, Reaching safepoint: 208594 ns, At safepoint: 24559 ns, Total: 233153 ns
[2020-09-11T16:19:54.075+0000][1][gc,start     ] GC(221) Pause Young (Allocation Failure)
[2020-09-11T16:19:54.075+0000][1][gc,task      ] GC(221) Using 1 workers of 1 for evacuation
[2020-09-11T16:19:54.084+0000][1][gc,age       ] GC(221) Desired survivor size 4358144 bytes, new threshold 6 (max threshold 6)
[2020-09-11T16:19:54.084+0000][1][gc,age       ] GC(221) Age table with threshold 6 (max threshold 6)
[2020-09-11T16:19:54.084+0000][1][gc,age       ] GC(221) - age   1:      79952 bytes,      79952 total
[2020-09-11T16:19:54.084+0000][1][gc,age       ] GC(221) - age   2:       7816 bytes,      87768 total
[2020-09-11T16:19:54.084+0000][1][gc,age       ] GC(221) - age   3:       4192 bytes,      91960 total
[2020-09-11T16:19:54.084+0000][1][gc,age       ] GC(221) - age   4:       3896 bytes,      95856 total
[2020-09-11T16:19:54.084+0000][1][gc,age       ] GC(221) - age   5:       2504 bytes,      98360 total
[2020-09-11T16:19:54.084+0000][1][gc,age       ] GC(221) - age   6:    2212976 bytes,    2311336 total
[2020-09-11T16:19:54.084+0000][1][gc,heap      ] GC(221) ParNew: 72892K->3081K(76672K)
[2020-09-11T16:19:54.084+0000][1][gc,heap      ] GC(221) CMS: 117545K->117848K(439104K)
[2020-09-11T16:19:54.084+0000][1][gc,metaspace ] GC(221) Metaspace: 96558K->96558K(1138688K)
[2020-09-11T16:19:54.084+0000][1][gc           ] GC(221) Pause Young (Allocation Failure) 185M->118M(503M) 9.011ms
[2020-09-11T16:19:54.084+0000][1][gc,cpu       ] GC(221) User=0.00s Sys=0.00s Real=0.01s
[2020-09-11T16:19:54.084+0000][1][safepoint    ] Safepoint "GenCollectForAllocation", Time since last: 717731434 ns, Reaching safepoint: 1100288 ns, At safepoint: 9085008 ns, Total: 10185296 ns
[2020-09-11T16:19:55.087+0000][1][safepoint    ] Safepoint "Cleanup", Time since last: 1003279260 ns, Reaching safepoint: 92613 ns, At safepoint: 18403 ns, Total: 111016 ns
[2020-09-11T16:19:56.088+0000][1][safepoint    ] Safepoint "Cleanup", Time since last: 1000093942 ns, Reaching safepoint: 87640 ns, At safepoint: 16559 ns, Total: 104199 ns
[2020-09-11T16:19:57.089+0000][1][safepoint    ] Safepoint "Cleanup", Time since last: 1000790386 ns, Reaching safepoint: 86464 ns, At safepoint: 37039 ns, Total: 123503 ns
[2020-09-11T16:19:58.089+0000][1][safepoint    ] Safepoint "Cleanup", Time since last: 1000132519 ns, Reaching safepoint: 101476 ns, At safepoint: 6631 ns, Total: 108107 ns
[2020-09-11T16:19:59.089+0000][1][safepoint    ] Safepoint "Cleanup", Time since last: 1000094363 ns, Reaching safepoint: 83838 ns, At safepoint: 7245 ns, Total: 91083 ns
[2020-09-11T16:20:00.089+0000][1][safepoint    ] Safepoint "Cleanup", Time since last: 1000107474 ns, Reaching safepoint: 85192 ns, At safepoint: 8625 ns, Total: 93817 ns
[2020-09-11T16:20:01.089+0000][1][safepoint    ] Safepoint "Cleanup", Time since last: 1000054477 ns, Reaching safepoint: 82060 ns, At safepoint: 7679 ns, Total: 89739 ns
[2020-09-11T16:20:02.090+0000][1][safepoint    ] Safepoint "Cleanup", Time since last: 1000176447 ns, Reaching safepoint: 87615 ns, At safepoint: 9007 ns, Total: 96622 ns
[2020-09-11T16:20:03.090+0000][1][safepoint    ] Safepoint "Cleanup", Time since last: 1000052961 ns, Reaching safepoint: 85329 ns, At safepoint: 9191 ns, Total: 94520 ns
[2020-09-11T16:20:03.358+0000][1][safepoint    ] Safepoint "RevokeBias", Time since last: 267830524 ns, Reaching safepoint: 158427 ns, At safepoint: 23002 ns, Total: 181429 ns
[2020-09-11T16:20:04.358+0000][1][safepoint    ] Safepoint "Cleanup", Time since last: 1000099298 ns, Reaching safepoint: 108173 ns, At safepoint: 9886 ns, Total: 118059 ns
[2020-09-11T16:20:05.358+0000][1][safepoint    ] Safepoint "Cleanup", Time since last: 1000143446 ns, Reaching safepoint: 88207 ns, At safepoint: 9550 ns, Total: 97757 ns
[2020-09-11T16:20:06.358+0000][1][safepoint    ] Safepoint "Cleanup", Time since last: 1000087705 ns, Reaching safepoint: 85406 ns, At safepoint: 7177 ns, Total: 92583 ns
[2020-09-11T16:20:07.359+0000][1][safepoint    ] Safepoint "Cleanup", Time since last: 1000102431 ns, Reaching safepoint: 100243 ns, At safepoint: 7673 ns, Total: 107916 ns
[2020-09-11T16:20:08.359+0000][1][safepoint    ] Safepoint "Cleanup", Time since last: 1000070227 ns, Reaching safepoint: 83182 ns, At safepoint: 7177 ns, Total: 90359 ns
[2020-09-11T16:20:09.359+0000][1][safepoint    ] Safepoint "Cleanup", Time since last: 1000106658 ns, Reaching safepoint: 88073 ns, At safepoint: 7405 ns, Total: 95478 ns
[2020-09-11T16:20:10.359+0000][1][safepoint    ] Safepoint "Cleanup", Time since last: 1000104209 ns, Reaching safepoint: 85640 ns, At safepoint: 7894 ns, Total: 93534 ns
[2020-09-11T16:20:11.359+0000][1][safepoint    ] Safepoint "Cleanup", Time since last: 1000175973 ns, Reaching safepoint: 110351 ns, At safepoint: 7753 ns, Total: 118104 ns
[2020-09-11T16:20:12.360+0000][1][safepoint    ] Safepoint "Cleanup", Time since last: 1000115397 ns, Reaching safepoint: 88294 ns, At safepoint: 7681 ns, Total: 95975 ns
[2020-09-11T16:20:13.357+0000][1][safepoint    ] Safepoint "RevokeBias", Time since last: 997047455 ns, Reaching safepoint: 101445 ns, At safepoint: 23793 ns, Total: 125238 ns
[2020-09-11T16:20:14.357+0000][1][safepoint    ] Safepoint "Cleanup", Time since last: 1000068752 ns, Reaching safepoint: 90248 ns, At safepoint: 10141 ns, Total: 100389 ns
[2020-09-11T16:20:15.357+0000][1][safepoint    ] Safepoint "Cleanup", Time since last: 1000104790 ns, Reaching safepoint: 87526 ns, At safepoint: 9137 ns, Total: 96663 ns
[2020-09-11T16:20:16.357+0000][1][safepoint    ] Safepoint "Cleanup", Time since last: 1000086502 ns, Reaching safepoint: 97682 ns, At safepoint: 7483 ns, Total: 105165 ns
[2020-09-11T16:20:17.358+0000][1][safepoint    ] Safepoint "Cleanup", Time since last: 1000103705 ns, Reaching safepoint: 81355 ns, At safepoint: 6313 ns, Total: 87668 ns
[2020-09-11T16:20:18.358+0000][1][safepoint    ] Safepoint "Cleanup", Time since last: 1000102672 ns, Reaching safepoint: 81798 ns, At safepoint: 6999 ns, Total: 88797 ns
[2020-09-11T16:20:19.358+0000][1][safepoint    ] Safepoint "Cleanup", Time since last: 1000087712 ns, Reaching safepoint: 82496 ns, At safepoint: 6878 ns, Total: 89374 ns
[2020-09-11T16:20:20.358+0000][1][safepoint    ] Safepoint "Cleanup", Time since last: 1000068931 ns, Reaching safepoint: 90946 ns, At safepoint: 9603 ns, Total: 100549 ns
[2020-09-11T16:20:21.726+0000][1][safepoint    ] Safepoint "Cleanup", Time since last: 1367461958 ns, Reaching safepoint: 111241 ns, At safepoint: 7550 ns, Total: 118791 ns
[2020-09-11T16:20:22.726+0000][1][safepoint    ] Safepoint "Cleanup", Time since last: 1000195728 ns, Reaching safepoint: 104385 ns, At safepoint: 6829 ns, Total: 111214 ns
[2020-09-11T16:20:23.726+0000][1][safepoint    ] Safepoint "Cleanup", Time since last: 1000157900 ns, Reaching safepoint: 156608 ns, At safepoint: 8267 ns, Total: 164875 ns
[2020-09-11T16:20:23.790+0000][1][gc,start     ] GC(222) Pause Young (Allocation Failure)
[2020-09-11T16:20:23.790+0000][1][gc,task      ] GC(222) Using 1 workers of 1 for evacuation
[2020-09-11T16:20:23.815+0000][1][gc,age       ] GC(222) Desired survivor size 4358144 bytes, new threshold 6 (max threshold 6)
[2020-09-11T16:20:23.815+0000][1][gc,age       ] GC(222) Age table with threshold 6 (max threshold 6)
[2020-09-11T16:20:23.815+0000][1][gc,age       ] GC(222) - age   1:      78392 bytes,      78392 total
[2020-09-11T16:20:23.815+0000][1][gc,age       ] GC(222) - age   2:       1864 bytes,      80256 total
[2020-09-11T16:20:23.815+0000][1][gc,age       ] GC(222) - age   3:       5560 bytes,      85816 total
[2020-09-11T16:20:23.815+0000][1][gc,age       ] GC(222) - age   4:       3736 bytes,      89552 total
[2020-09-11T16:20:23.815+0000][1][gc,age       ] GC(222) - age   5:       1416 bytes,      90968 total
[2020-09-11T16:20:23.815+0000][1][gc,age       ] GC(222) - age   6:       2504 bytes,      93472 total
[2020-09-11T16:20:23.815+0000][1][gc,heap      ] GC(222) ParNew: 71241K->2078K(76672K)
[2020-09-11T16:20:23.815+0000][1][gc,heap      ] GC(222) CMS: 117848K->120009K(439104K)
[2020-09-11T16:20:23.815+0000][1][gc,metaspace ] GC(222) Metaspace: 96568K->96568K(1138688K)
[2020-09-11T16:20:23.815+0000][1][gc           ] GC(222) Pause Young (Allocation Failure) 184M->119M(503M) 24.708ms
[2020-09-11T16:20:23.815+0000][1][gc,cpu       ] GC(222) User=0.00s Sys=0.00s Real=0.03s
[2020-09-11T16:20:23.815+0000][1][safepoint    ] Safepoint "GenCollectForAllocation", Time since last: 58836595 ns, Reaching safepoint: 5032734 ns, At safepoint: 24788991 ns, Total: 29821725 ns
[2020-09-11T16:20:24.830+0000][1][safepoint    ] Safepoint "Cleanup", Time since last: 1015219759 ns, Reaching safepoint: 112485 ns, At safepoint: 7187 ns, Total: 119672 ns
[2020-09-11T16:20:25.831+0000][1][safepoint    ] Safepoint "Cleanup", Time since last: 1000207541 ns, Reaching safepoint: 97951 ns, At safepoint: 7035 ns, Total: 104986 ns
[2020-09-11T16:20:30.362+0000][1][safepoint    ] Safepoint "Cleanup", Time since last: 4531332823 ns, Reaching safepoint: 136864 ns, At safepoint: 15115 ns, Total: 151979 ns
[2020-09-11T16:20:30.666+0000][1][safepoint    ] Safepoint "RevokeBias", Time since last: 301573574 ns, Reaching safepoint: 2005483 ns, At safepoint: 59861 ns, Total: 2065344 ns
[2020-09-11T16:20:31.666+0000][1][safepoint    ] Safepoint "Cleanup", Time since last: 1000213145 ns, Reaching safepoint: 158677 ns, At safepoint: 18112 ns, Total: 176789 ns
[2020-09-11T16:20:32.666+0000][1][safepoint    ] Safepoint "Cleanup", Time since last: 1000191367 ns, Reaching safepoint: 134242 ns, At safepoint: 9726 ns, Total: 143968 ns
[2020-09-11T16:20:33.667+0000][1][safepoint    ] Safepoint "Cleanup", Time since last: 1000139129 ns, Reaching safepoint: 249129 ns, At safepoint: 18098 ns, Total: 267227 ns
[2020-09-11T16:20:34.667+0000][1][safepoint    ] Safepoint "Cleanup", Time since last: 1000210671 ns, Reaching safepoint: 153606 ns, At safepoint: 7583 ns, Total: 161189 ns
[2020-09-11T16:20:35.014+0000][1][safepoint    ] Safepoint "RevokeBias", Time since last: 346887645 ns, Reaching safepoint: 87749 ns, At safepoint: 22204 ns, Total: 109953 ns
[2020-09-11T16:20:36.015+0000][1][safepoint    ] Safepoint "Cleanup", Time since last: 1000172648 ns, Reaching safepoint: 110767 ns, At safepoint: 9393 ns, Total: 120160 ns
[2020-09-11T16:20:37.015+0000][1][safepoint    ] Safepoint "Cleanup", Time since last: 1000166415 ns, Reaching safepoint: 120466 ns, At safepoint: 10270 ns, Total: 130736 ns
[2020-09-11T16:20:38.015+0000][1][safepoint    ] Safepoint "Cleanup", Time since last: 1000181254 ns, Reaching safepoint: 129498 ns, At safepoint: 6923 ns, Total: 136421 ns
[2020-09-11T16:20:39.015+0000][1][safepoint    ] Safepoint "Cleanup", Time since last: 1000142116 ns, Reaching safepoint: 157011 ns, At safepoint: 17871 ns, Total: 174882 ns
[2020-09-11T16:20:39.291+0000][1][safepoint    ] Safepoint "RevokeBias", Time since last: 275183027 ns, Reaching safepoint: 142654 ns, At safepoint: 8187 ns, Total: 150841 ns
[2020-09-11T16:20:39.291+0000][1][safepoint    ] Safepoint "RevokeBias", Time since last: 90735 ns, Reaching safepoint: 100411 ns, At safepoint: 6162 ns, Total: 106573 ns
[2020-09-11T16:20:39.292+0000][1][safepoint    ] Safepoint "RevokeBias", Time since last: 1066601 ns, Reaching safepoint: 135871 ns, At safepoint: 8722 ns, Total: 144593 ns
[2020-09-11T16:20:39.292+0000][1][safepoint    ] Safepoint "RevokeBias", Time since last: 110015 ns, Reaching safepoint: 100357 ns, At safepoint: 6658 ns, Total: 107015 ns
[2020-09-11T16:20:39.293+0000][1][safepoint    ] Safepoint "RevokeBias", Time since last: 174004 ns, Reaching safepoint: 102531 ns, At safepoint: 6076 ns, Total: 108607 ns
[2020-09-11T16:20:39.295+0000][1][safepoint    ] Safepoint "RevokeBias", Time since last: 577955 ns, Reaching safepoint: 1919565 ns, At safepoint: 8874 ns, Total: 1928439 ns
[2020-09-11T16:20:39.295+0000][1][safepoint    ] Safepoint "RevokeBias", Time since last: 96162 ns, Reaching safepoint: 101008 ns, At safepoint: 6005 ns, Total: 107013 ns
[2020-09-11T16:20:39.296+0000][1][safepoint    ] Safepoint "RevokeBias", Time since last: 329015 ns, Reaching safepoint: 109012 ns, At safepoint: 19885 ns, Total: 128897 ns
[2020-09-11T16:20:39.297+0000][1][safepoint    ] Safepoint "RevokeBias", Time since last: 1309591 ns, Reaching safepoint: 254106 ns, At safepoint: 8283 ns, Total: 262389 ns
[2020-09-11T16:20:39.300+0000][1][safepoint    ] Safepoint "RevokeBias", Time since last: 1420672 ns, Reaching safepoint: 1086840 ns, At safepoint: 9987 ns, Total: 1096827 ns
[2020-09-11T16:20:39.300+0000][1][safepoint    ] Safepoint "RevokeBias", Time since last: 323894 ns, Reaching safepoint: 107436 ns, At safepoint: 6131 ns, Total: 113567 ns
[2020-09-11T16:20:39.301+0000][1][safepoint    ] Safepoint "RevokeBias", Time since last: 210831 ns, Reaching safepoint: 248178 ns, At safepoint: 15350 ns, Total: 263528 ns
[2020-09-11T16:20:39.303+0000][1][safepoint    ] Safepoint "RevokeBias", Time since last: 394470 ns, Reaching safepoint: 1489595 ns, At safepoint: 9574 ns, Total: 1499169 ns
[2020-09-11T16:20:39.303+0000][1][safepoint    ] Safepoint "RevokeBias", Time since last: 67086 ns, Reaching safepoint: 102034 ns, At safepoint: 6765 ns, Total: 108799 ns
[2020-09-11T16:20:39.303+0000][1][safepoint    ] Safepoint "RevokeBias", Time since last: 45526 ns, Reaching safepoint: 98876 ns, At safepoint: 6820 ns, Total: 105696 ns
[2020-09-11T16:20:39.303+0000][1][safepoint    ] Safepoint "RevokeBias", Time since last: 84611 ns, Reaching safepoint: 100632 ns, At safepoint: 6684 ns, Total: 107316 ns
[2020-09-11T16:20:39.303+0000][1][safepoint    ] Safepoint "RevokeBias", Time since last: 37836 ns, Reaching safepoint: 100440 ns, At safepoint: 6666 ns, Total: 107106 ns
[2020-09-11T16:20:39.304+0000][1][safepoint    ] Safepoint "RevokeBias", Time since last: 183301 ns, Reaching safepoint: 246194 ns, At safepoint: 7034 ns, Total: 253228 ns
[2020-09-11T16:20:39.307+0000][1][safepoint    ] Safepoint "RevokeBias", Time since last: 2804897 ns, Reaching safepoint: 619344 ns, At safepoint: 10460 ns, Total: 629804 ns
[2020-09-11T16:20:39.617+0000][1][safepoint    ] Safepoint "RevokeBias", Time since last: 307296051 ns, Reaching safepoint: 1991554 ns, At safepoint: 29919 ns, Total: 2021473 ns
[2020-09-11T16:20:39.630+0000][1][safepoint    ] Safepoint "RevokeBias", Time since last: 13631215 ns, Reaching safepoint: 139931 ns, At safepoint: 18881 ns, Total: 158812 ns
[2020-09-11T16:20:39.635+0000][1][safepoint    ] Safepoint "RevokeBias", Time since last: 4155842 ns, Reaching safepoint: 151909 ns, At safepoint: 26722 ns, Total: 178631 ns
[2020-09-11T16:20:39.635+0000][1][safepoint    ] Safepoint "RevokeBias", Time since last: 362776 ns, Reaching safepoint: 131176 ns, At safepoint: 16619 ns, Total: 147795 ns
[2020-09-11T16:20:39.638+0000][1][safepoint    ] Safepoint "RevokeBias", Time since last: 2488042 ns, Reaching safepoint: 135983 ns, At safepoint: 17820 ns, Total: 153803 ns
[2020-09-11T16:20:39.638+0000][1][safepoint    ] Safepoint "RevokeBias", Time since last: 352009 ns, Reaching safepoint: 128217 ns, At safepoint: 16140 ns, Total: 144357 ns
[2020-09-11T16:20:39.642+0000][1][safepoint    ] Safepoint "RevokeBias", Time since last: 3559344 ns, Reaching safepoint: 146509 ns, At safepoint: 18406 ns, Total: 164915 ns
[2020-09-11T16:20:39.643+0000][1][safepoint    ] Safepoint "RevokeBias", Time since last: 380313 ns, Reaching safepoint: 103621 ns, At safepoint: 13865 ns, Total: 117486 ns
[2020-09-11T16:20:39.645+0000][1][safepoint    ] Safepoint "RevokeBias", Time since last: 2156345 ns, Reaching safepoint: 184193 ns, At safepoint: 19349 ns, Total: 203542 ns
[2020-09-11T16:20:39.645+0000][1][safepoint    ] Safepoint "RevokeBias", Time since last: 370784 ns, Reaching safepoint: 107598 ns, At safepoint: 14038 ns, Total: 121636 ns
[2020-09-11T16:20:39.653+0000][1][safepoint    ] Safepoint "RevokeBias", Time since last: 6838091 ns, Reaching safepoint: 210288 ns, At safepoint: 19942 ns, Total: 230230 ns
[2020-09-11T16:20:39.654+0000][1][safepoint    ] Safepoint "RevokeBias", Time since last: 1039136 ns, Reaching safepoint: 458063 ns, At safepoint: 21277 ns, Total: 479340 ns
[2020-09-11T16:20:39.656+0000][1][safepoint    ] Safepoint "RevokeBias", Time since last: 842473 ns, Reaching safepoint: 871729 ns, At safepoint: 26632 ns, Total: 898361 ns
[2020-09-11T16:20:39.657+0000][1][safepoint    ] Safepoint "RevokeBias", Time since last: 325986 ns, Reaching safepoint: 1027029 ns, At safepoint: 28145 ns, Total: 1055174 ns
[2020-09-11T16:20:39.662+0000][1][safepoint    ] Safepoint "RevokeBias", Time since last: 3274500 ns, Reaching safepoint: 143998 ns, At safepoint: 1084690 ns, Total: 1228688 ns
[2020-09-11T16:20:39.664+0000][1][safepoint    ] Safepoint "RevokeBias", Time since last: 1298580 ns, Reaching safepoint: 695365 ns, At safepoint: 27931 ns, Total: 723296 ns
[2020-09-11T16:20:39.677+0000][1][safepoint    ] Safepoint "RevokeBias", Time since last: 5454457 ns, Reaching safepoint: 7791347 ns, At safepoint: 27837 ns, Total: 7819184 ns
[2020-09-11T16:20:39.677+0000][1][safepoint    ] Safepoint "RevokeBias", Time since last: 213461 ns, Reaching safepoint: 133003 ns, At safepoint: 16302 ns, Total: 149305 ns
[2020-09-11T16:20:39.678+0000][1][safepoint    ] Safepoint "RevokeBias", Time since last: 156038 ns, Reaching safepoint: 126007 ns, At safepoint: 14593 ns, Total: 140600 ns
[2020-09-11T16:20:39.680+0000][1][safepoint    ] Safepoint "BulkRevokeBias", Time since last: 2028255 ns, Reaching safepoint: 143675 ns, At safepoint: 333464 ns, Total: 477139 ns
[2020-09-11T16:20:39.686+0000][1][safepoint    ] Safepoint "RevokeBias", Time since last: 2109646 ns, Reaching safepoint: 3395952 ns, At safepoint: 44914 ns, Total: 3440866 ns
[2020-09-11T16:20:39.687+0000][1][safepoint    ] Safepoint "RevokeBias", Time since last: 145353 ns, Reaching safepoint: 837769 ns, At safepoint: 35404 ns, Total: 873173 ns
[2020-09-11T16:20:39.687+0000][1][safepoint    ] Safepoint "RevokeBias", Time since last: 52207 ns, Reaching safepoint: 126678 ns, At safepoint: 35500 ns, Total: 162178 ns
[2020-09-11T16:20:39.704+0000][1][safepoint    ] Safepoint "RevokeBias", Time since last: 16106242 ns, Reaching safepoint: 602021 ns, At safepoint: 14545 ns, Total: 616566 ns
[2020-09-11T16:20:39.709+0000][1][safepoint    ] Safepoint "RevokeBias", Time since last: 5624512 ns, Reaching safepoint: 158714 ns, At safepoint: 21704 ns, Total: 180418 ns
[2020-09-11T16:20:39.710+0000][1][safepoint    ] Safepoint "RevokeBias", Time since last: 504603 ns, Reaching safepoint: 270805 ns, At safepoint: 18979 ns, Total: 289784 ns
[2020-09-11T16:20:39.713+0000][1][safepoint    ] Safepoint "RevokeBias", Time since last: 2562965 ns, Reaching safepoint: 150125 ns, At safepoint: 20240 ns, Total: 170365 ns
[2020-09-11T16:20:39.713+0000][1][safepoint    ] Safepoint "RevokeBias", Time since last: 135794 ns, Reaching safepoint: 126456 ns, At safepoint: 17002 ns, Total: 143458 ns
[2020-09-11T16:20:39.714+0000][1][safepoint    ] Safepoint "RevokeBias", Time since last: 34858 ns, Reaching safepoint: 113507 ns, At safepoint: 291569 ns, Total: 405076 ns
[2020-09-11T16:20:39.729+0000][1][safepoint    ] Safepoint "RevokeBias", Time since last: 12015240 ns, Reaching safepoint: 3092905 ns, At safepoint: 18004 ns, Total: 3110909 ns
[2020-09-11T16:20:39.729+0000][1][safepoint    ] Safepoint "RevokeBias", Time since last: 80403 ns, Reaching safepoint: 173926 ns, At safepoint: 9867 ns, Total: 183793 ns
[2020-09-11T16:20:39.729+0000][1][safepoint    ] Safepoint "RevokeBias", Time since last: 44969 ns, Reaching safepoint: 104187 ns, At safepoint: 8553 ns, Total: 112740 ns
[2020-09-11T16:20:39.729+0000][1][safepoint    ] Safepoint "RevokeBias", Time since last: 59811 ns, Reaching safepoint: 102518 ns, At safepoint: 9268 ns, Total: 111786 ns
[2020-09-11T16:20:39.730+0000][1][safepoint    ] Safepoint "RevokeBias", Time since last: 57355 ns, Reaching safepoint: 103797 ns, At safepoint: 8509 ns, Total: 112306 ns
[2020-09-11T16:20:39.730+0000][1][safepoint    ] Safepoint "RevokeBias", Time since last: 51894 ns, Reaching safepoint: 103452 ns, At safepoint: 8244 ns, Total: 111696 ns
[2020-09-11T16:20:39.731+0000][1][safepoint    ] Safepoint "RevokeBias", Time since last: 604832 ns, Reaching safepoint: 974386 ns, At safepoint: 12941 ns, Total: 987327 ns
[2020-09-11T16:20:39.732+0000][1][safepoint    ] Safepoint "RevokeBias", Time since last: 425764 ns, Reaching safepoint: 404398 ns, At safepoint: 9756 ns, Total: 414154 ns
[2020-09-11T16:20:39.782+0000][1][safepoint    ] Safepoint "RevokeBias", Time since last: 46151622 ns, Reaching safepoint: 3604687 ns, At safepoint: 29007 ns, Total: 3633694 ns
[2020-09-11T16:20:39.785+0000][1][safepoint    ] Safepoint "RevokeBias", Time since last: 1102556 ns, Reaching safepoint: 1735835 ns, At safepoint: 23884 ns, Total: 1759719 ns
[2020-09-11T16:20:39.796+0000][1][safepoint    ] Safepoint "RevokeBias", Time since last: 11323593 ns, Reaching safepoint: 135061 ns, At safepoint: 19641 ns, Total: 154702 ns
[2020-09-11T16:20:39.797+0000][1][safepoint    ] Safepoint "BulkRevokeBias", Time since last: 686128 ns, Reaching safepoint: 104872 ns, At safepoint: 186946 ns, Total: 291818 ns
[2020-09-11T16:20:39.805+0000][1][safepoint    ] Safepoint "RevokeBias", Time since last: 7821131 ns, Reaching safepoint: 157984 ns, At safepoint: 10450 ns, Total: 168434 ns
[2020-09-11T16:20:39.809+0000][1][safepoint    ] Safepoint "RevokeBias", Time since last: 165769 ns, Reaching safepoint: 3431651 ns, At safepoint: 9056 ns, Total: 3440707 ns
[2020-09-11T16:20:39.813+0000][1][safepoint    ] Safepoint "RevokeBias", Time since last: 186205 ns, Reaching safepoint: 3811596 ns, At safepoint: 10304 ns, Total: 3821900 ns
[2020-09-11T16:20:39.817+0000][1][safepoint    ] Safepoint "RevokeBias", Time since last: 2118993 ns, Reaching safepoint: 1916664 ns, At safepoint: 27603 ns, Total: 1944267 ns
[2020-09-11T16:20:39.818+0000][1][safepoint    ] Safepoint "RevokeBias", Time since last: 939500 ns, Reaching safepoint: 141540 ns, At safepoint: 23121 ns, Total: 164661 ns
[2020-09-11T16:20:39.818+0000][1][safepoint    ] Safepoint "RevokeBias", Time since last: 158370 ns, Reaching safepoint: 104246 ns, At safepoint: 16006 ns, Total: 120252 ns
[2020-09-11T16:20:39.819+0000][1][safepoint    ] Safepoint "RevokeBias", Time since last: 331964 ns, Reaching safepoint: 101778 ns, At safepoint: 19785 ns, Total: 121563 ns
[2020-09-11T16:20:39.819+0000][1][safepoint    ] Safepoint "RevokeBias", Time since last: 243477 ns, Reaching safepoint: 102849 ns, At safepoint: 16283 ns, Total: 119132 ns
[2020-09-11T16:20:39.820+0000][1][safepoint    ] Safepoint "RevokeBias", Time since last: 284872 ns, Reaching safepoint: 104633 ns, At safepoint: 12779 ns, Total: 117412 ns
[2020-09-11T16:20:39.820+0000][1][safepoint    ] Safepoint "RevokeBias", Time since last: 157814 ns, Reaching safepoint: 102278 ns, At safepoint: 16863 ns, Total: 119141 ns
[2020-09-11T16:20:39.821+0000][1][safepoint    ] Safepoint "BulkRevokeBias", Time since last: 473949 ns, Reaching safepoint: 103841 ns, At safepoint: 200746 ns, Total: 304587 ns
[2020-09-11T16:20:39.821+0000][1][safepoint    ] Safepoint "RevokeBias", Time since last: 667502 ns, Reaching safepoint: 111337 ns, At safepoint: 14506 ns, Total: 125843 ns
[2020-09-11T16:20:39.822+0000][1][safepoint    ] Safepoint "RevokeBias", Time since last: 114060 ns, Reaching safepoint: 102285 ns, At safepoint: 16658 ns, Total: 118943 ns
[2020-09-11T16:20:39.823+0000][1][safepoint    ] Safepoint "RevokeBias", Time since last: 1337181 ns, Reaching safepoint: 119491 ns, At safepoint: 8720 ns, Total: 128211 ns
[2020-09-11T16:20:39.823+0000][1][safepoint    ] Safepoint "RevokeBias", Time since last: 183234 ns, Reaching safepoint: 102035 ns, At safepoint: 15721 ns, Total: 117756 ns
[2020-09-11T16:20:39.824+0000][1][safepoint    ] Safepoint "RevokeBias", Time since last: 85456 ns, Reaching safepoint: 104090 ns, At safepoint: 13363 ns, Total: 117453 ns
[2020-09-11T16:20:39.825+0000][1][safepoint    ] Safepoint "RevokeBias", Time since last: 983287 ns, Reaching safepoint: 109418 ns, At safepoint: 47927 ns, Total: 157345 ns
[2020-09-11T16:20:39.825+0000][1][safepoint    ] Safepoint "RevokeBias", Time since last: 188914 ns, Reaching safepoint: 133780 ns, At safepoint: 18228 ns, Total: 152008 ns
[2020-09-11T16:20:39.826+0000][1][safepoint    ] Safepoint "RevokeBias", Time since last: 1174452 ns, Reaching safepoint: 112612 ns, At safepoint: 7259 ns, Total: 119871 ns
[2020-09-11T16:20:39.827+0000][1][safepoint    ] Safepoint "RevokeBias", Time since last: 73597 ns, Reaching safepoint: 28661 ns, At safepoint: 12195 ns, Total: 40856 ns
[2020-09-11T16:20:39.827+0000][1][safepoint    ] Safepoint "RevokeBias", Time since last: 88126 ns, Reaching safepoint: 29579 ns, At safepoint: 18283 ns, Total: 47862 ns
[2020-09-11T16:20:39.827+0000][1][safepoint    ] Safepoint "RevokeBias", Time since last: 416818 ns, Reaching safepoint: 99514 ns, At safepoint: 19498 ns, Total: 119012 ns
[2020-09-11T16:20:39.827+0000][1][safepoint    ] Safepoint "RevokeBias", Time since last: 40900 ns, Reaching safepoint: 99077 ns, At safepoint: 18463 ns, Total: 117540 ns
[2020-09-11T16:20:39.828+0000][1][safepoint    ] Safepoint "RevokeBias", Time since last: 31451 ns, Reaching safepoint: 96941 ns, At safepoint: 19323 ns, Total: 116264 ns
[2020-09-11T16:20:39.828+0000][1][safepoint    ] Safepoint "RevokeBias", Time since last: 658037 ns, Reaching safepoint: 103353 ns, At safepoint: 19504 ns, Total: 122857 ns
[2020-09-11T16:20:39.828+0000][1][safepoint    ] Safepoint "RevokeBias", Time since last: 67299 ns, Reaching safepoint: 98098 ns, At safepoint: 18648 ns, Total: 116746 ns
[2020-09-11T16:20:39.829+0000][1][safepoint    ] Safepoint "RevokeBias", Time since last: 53532 ns, Reaching safepoint: 97121 ns, At safepoint: 17950 ns, Total: 115071 ns
[2020-09-11T16:20:39.829+0000][1][safepoint    ] Safepoint "RevokeBias", Time since last: 41787 ns, Reaching safepoint: 118909 ns, At safepoint: 18390 ns, Total: 137299 ns
[2020-09-11T16:20:39.829+0000][1][safepoint    ] Safepoint "RevokeBias", Time since last: 227549 ns, Reaching safepoint: 98387 ns, At safepoint: 19808 ns, Total: 118195 ns
[2020-09-11T16:20:40.299+0000][1][safepoint    ] Safepoint "RevokeBias", Time since last: 470014263 ns, Reaching safepoint: 150512 ns, At safepoint: 41940 ns, Total: 192452 ns
[2020-09-11T16:20:48.467+0000][1][safepoint    ] Safepoint "Cleanup", Time since last: 8167070712 ns, Reaching safepoint: 95988 ns, At safepoint: 7762 ns, Total: 103750 ns
[2020-09-11T16:20:50.986+0000][1][gc,start     ] GC(223) Pause Young (Allocation Failure)
[2020-09-11T16:20:50.986+0000][1][gc,task      ] GC(223) Using 1 workers of 1 for evacuation
[2020-09-11T16:20:50.992+0000][1][gc,age       ] GC(223) Desired survivor size 4358144 bytes, new threshold 6 (max threshold 6)
[2020-09-11T16:20:50.992+0000][1][gc,age       ] GC(223) Age table with threshold 6 (max threshold 6)
[2020-09-11T16:20:50.992+0000][1][gc,age       ] GC(223) - age   1:     364896 bytes,     364896 total
[2020-09-11T16:20:50.992+0000][1][gc,age       ] GC(223) - age   2:       6512 bytes,     371408 total
[2020-09-11T16:20:50.992+0000][1][gc,age       ] GC(223) - age   4:       2264 bytes,     373672 total
[2020-09-11T16:20:50.992+0000][1][gc,age       ] GC(223) - age   5:        632 bytes,     374304 total
[2020-09-11T16:20:50.992+0000][1][gc,age       ] GC(223) - age   6:        792 bytes,     375096 total
[2020-09-11T16:20:50.992+0000][1][gc,heap      ] GC(223) ParNew: 70238K->536K(76672K)
[2020-09-11T16:20:50.992+0000][1][gc,heap      ] GC(223) CMS: 120009K->120011K(439104K)
[2020-09-11T16:20:50.992+0000][1][gc,metaspace ] GC(223) Metaspace: 96687K->96687K(1138688K)
[2020-09-11T16:20:50.992+0000][1][gc           ] GC(223) Pause Young (Allocation Failure) 185M->117M(503M) 6.420ms
[2020-09-11T16:20:50.992+0000][1][gc,cpu       ] GC(223) User=0.01s Sys=0.00s Real=0.00s
[2020-09-11T16:20:50.992+0000][1][safepoint    ] Safepoint "GenCollectForAllocation", Time since last: 2519151693 ns, Reaching safepoint: 208531 ns, At safepoint: 6496373 ns, Total: 6704904 ns
[2020-09-11T16:20:51.007+0000][1][safepoint    ] Safepoint "RevokeBias", Time since last: 14738945 ns, Reaching safepoint: 142054 ns, At safepoint: 20918 ns, Total: 162972 ns
[2020-09-11T16:20:58.008+0000][1][safepoint    ] Safepoint "Cleanup", Time since last: 7000912079 ns, Reaching safepoint: 157133 ns, At safepoint: 8475 ns, Total: 165608 ns
[2020-09-11T16:21:00.009+0000][1][safepoint    ] Safepoint "Cleanup", Time since last: 2000307563 ns, Reaching safepoint: 201115 ns, At safepoint: 16925 ns, Total: 218040 ns
[2020-09-11T16:21:02.009+0000][1][safepoint    ] Safepoint "Cleanup", Time since last: 2000302914 ns, Reaching safepoint: 162545 ns, At safepoint: 7820 ns, Total: 170365 ns
