[2020-09-11T16:23:37.899+0000][1][gc] Using Concurrent Mark Sweep
[2020-09-11T16:23:37.944+0000][1][gc,heap,coops] Heap address: 0x00000000e0000000, size: 512 MB, Compressed Oops mode: 32-bit
[2020-09-11T16:23:38.259+0000][1][safepoint    ] Safepoint "EnableBiasedLocking", Time since last: 289667115 ns, Reaching safepoint: 1287155 ns, At safepoint: 40168 ns, Total: 1327323 ns
[2020-09-11T16:23:38.279+0000][1][safepoint    ] Safepoint "RevokeBias", Time since last: 19019843 ns, Reaching safepoint: 1171733 ns, At safepoint: 46288 ns, Total: 1218021 ns
[2020-09-11T16:23:38.357+0000][1][safepoint    ] Safepoint "Deoptimize", Time since last: 75204275 ns, Reaching safepoint: 2766225 ns, At safepoint: 24124 ns, Total: 2790349 ns
[2020-09-11T16:23:39.362+0000][1][safepoint    ] Safepoint "Cleanup", Time since last: 1005342934 ns, Reaching safepoint: 44302 ns, At safepoint: 4770 ns, Total: 49072 ns
[2020-09-11T16:23:39.377+0000][1][safepoint    ] Safepoint "Deoptimize", Time since last: 11160997 ns, Reaching safepoint: 3427377 ns, At safepoint: 43908 ns, Total: 3471285 ns
[2020-09-11T16:23:39.386+0000][1][safepoint    ] Safepoint "Deoptimize", Time since last: 7537844 ns, Reaching safepoint: 1809718 ns, At safepoint: 38037 ns, Total: 1847755 ns
[2020-09-11T16:23:39.732+0000][1][safepoint    ] Safepoint "Deoptimize", Time since last: 341832605 ns, Reaching safepoint: 3705812 ns, At safepoint: 48736 ns, Total: 3754548 ns
[2020-09-11T16:23:40.732+0000][1][safepoint    ] Safepoint "Cleanup", Time since last: 1000119172 ns, Reaching safepoint: 132682 ns, At safepoint: 4497 ns, Total: 137179 ns
[2020-09-11T16:23:41.743+0000][1][safepoint    ] Safepoint "Cleanup", Time since last: 1010615194 ns, Reaching safepoint: 129658 ns, At safepoint: 6503 ns, Total: 136161 ns
[2020-09-11T16:23:42.746+0000][1][safepoint    ] Safepoint "Cleanup", Time since last: 1003429961 ns, Reaching safepoint: 128102 ns, At safepoint: 7615 ns, Total: 135717 ns
[2020-09-11T16:23:42.785+0000][1][safepoint    ] Safepoint "Deoptimize", Time since last: 38406610 ns, Reaching safepoint: 103356 ns, At safepoint: 86528 ns, Total: 189884 ns
[2020-09-11T16:23:43.238+0000][1][safepoint    ] Safepoint "Deoptimize", Time since last: 452022422 ns, Reaching safepoint: 1076057 ns, At safepoint: 80489 ns, Total: 1156546 ns
[2020-09-11T16:23:43.687+0000][1][safepoint    ] Safepoint "Deoptimize", Time since last: 439272573 ns, Reaching safepoint: 9592529 ns, At safepoint: 87354 ns, Total: 9679883 ns
[2020-09-11T16:23:44.689+0000][1][safepoint    ] Safepoint "Cleanup", Time since last: 1002173479 ns, Reaching safepoint: 118490 ns, At safepoint: 5362 ns, Total: 123852 ns
[2020-09-11T16:23:45.721+0000][1][safepoint    ] Safepoint "Cleanup", Time since last: 1008828379 ns, Reaching safepoint: 22579761 ns, At safepoint: 8328 ns, Total: 22588089 ns
[2020-09-11T16:23:46.128+0000][1][safepoint    ] Safepoint "Deoptimize", Time since last: 407284252 ns, Reaching safepoint: 98959 ns, At safepoint: 100529 ns, Total: 199488 ns
[2020-09-11T16:23:47.128+0000][1][safepoint    ] Safepoint "Cleanup", Time since last: 1000106704 ns, Reaching safepoint: 42978 ns, At safepoint: 4636 ns, Total: 47614 ns
[2020-09-11T16:23:48.909+0000][1][safepoint    ] Safepoint "Deoptimize", Time since last: 1780818579 ns, Reaching safepoint: 100074 ns, At safepoint: 102397 ns, Total: 202471 ns
[2020-09-11T16:23:49.910+0000][1][safepoint    ] Safepoint "Cleanup", Time since last: 1000109628 ns, Reaching safepoint: 103306 ns, At safepoint: 5535 ns, Total: 108841 ns
[2020-09-11T16:23:50.911+0000][1][safepoint    ] Safepoint "Cleanup", Time since last: 1001021201 ns, Reaching safepoint: 45721 ns, At safepoint: 4479 ns, Total: 50200 ns
[2020-09-11T16:23:51.485+0000][1][safepoint    ] Safepoint "Deoptimize", Time since last: 573565052 ns, Reaching safepoint: 115612 ns, At safepoint: 127436 ns, Total: 243048 ns
[2020-09-11T16:23:51.486+0000][1][safepoint    ] Safepoint "Deoptimize", Time since last: 1170824 ns, Reaching safepoint: 8769 ns, At safepoint: 68819 ns, Total: 77588 ns
[2020-09-11T16:23:51.822+0000][1][safepoint    ] Safepoint "Deoptimize", Time since last: 335773927 ns, Reaching safepoint: 110152 ns, At safepoint: 115936 ns, Total: 226088 ns
[2020-09-11T16:23:51.835+0000][1][safepoint    ] Safepoint "Deoptimize", Time since last: 11325345 ns, Reaching safepoint: 1498832 ns, At safepoint: 131417 ns, Total: 1630249 ns
[2020-09-11T16:23:51.903+0000][1][safepoint    ] Safepoint "RevokeBias", Time since last: 65026298 ns, Reaching safepoint: 2744780 ns, At safepoint: 38219 ns, Total: 2782999 ns
[2020-09-11T16:23:51.916+0000][1][safepoint    ] Safepoint "RevokeBias", Time since last: 13568243 ns, Reaching safepoint: 100609 ns, At safepoint: 37178 ns, Total: 137787 ns
[2020-09-11T16:23:51.924+0000][1][safepoint    ] Safepoint "RevokeBias", Time since last: 7702572 ns, Reaching safepoint: 95264 ns, At safepoint: 19125 ns, Total: 114389 ns
[2020-09-11T16:23:51.925+0000][1][safepoint    ] Safepoint "RevokeBias", Time since last: 54246 ns, Reaching safepoint: 594811 ns, At safepoint: 16951 ns, Total: 611762 ns
[2020-09-11T16:23:51.929+0000][1][safepoint    ] Safepoint "RevokeBias", Time since last: 63766 ns, Reaching safepoint: 3969231 ns, At safepoint: 39845 ns, Total: 4009076 ns
[2020-09-11T16:23:51.929+0000][1][safepoint    ] Safepoint "RevokeBias", Time since last: 239261 ns, Reaching safepoint: 81225 ns, At safepoint: 18544 ns, Total: 99769 ns
[2020-09-11T16:23:52.633+0000][1][safepoint    ] Safepoint "RevokeBias", Time since last: 703337564 ns, Reaching safepoint: 224799 ns, At safepoint: 15920 ns, Total: 240719 ns
[2020-09-11T16:23:52.660+0000][1][safepoint    ] Safepoint "RevokeBias", Time since last: 26834140 ns, Reaching safepoint: 111304 ns, At safepoint: 15745 ns, Total: 127049 ns
[2020-09-11T16:23:53.669+0000][1][safepoint    ] Safepoint "Cleanup", Time since last: 1005039057 ns, Reaching safepoint: 4018488 ns, At safepoint: 7796 ns, Total: 4026284 ns
[2020-09-11T16:23:54.670+0000][1][safepoint    ] Safepoint "Cleanup", Time since last: 1001268345 ns, Reaching safepoint: 119643 ns, At safepoint: 5646 ns, Total: 125289 ns
[2020-09-11T16:23:55.340+0000][1][gc,start     ] GC(0) Pause Young (Allocation Failure)
[2020-09-11T16:23:55.340+0000][1][gc,task      ] GC(0) Using 1 workers of 1 for evacuation
[2020-09-11T16:23:55.430+0000][1][gc,age       ] GC(0) Desired survivor size 4358144 bytes, new threshold 1 (max threshold 6)
[2020-09-11T16:23:55.430+0000][1][gc,age       ] GC(0) Age table with threshold 1 (max threshold 6)
[2020-09-11T16:23:55.430+0000][1][gc,age       ] GC(0) - age   1:    6401768 bytes,    6401768 total
[2020-09-11T16:23:55.430+0000][1][gc,heap      ] GC(0) ParNew: 68160K->6278K(76672K)
[2020-09-11T16:23:55.430+0000][1][gc,heap      ] GC(0) CMS: 0K->0K(439104K)
[2020-09-11T16:23:55.430+0000][1][gc,metaspace ] GC(0) Metaspace: 13549K->13549K(1060864K)
[2020-09-11T16:23:55.430+0000][1][gc           ] GC(0) Pause Young (Allocation Failure) 66M->6M(503M) 90.054ms
[2020-09-11T16:23:55.430+0000][1][gc,cpu       ] GC(0) User=0.02s Sys=0.00s Real=0.09s
[2020-09-11T16:23:55.453+0000][1][safepoint    ] Safepoint "GenCollectForAllocation", Time since last: 670056832 ns, Reaching safepoint: 110255 ns, At safepoint: 112434560 ns, Total: 112544815 ns
[2020-09-11T16:23:55.489+0000][1][safepoint    ] Safepoint "RevokeBias", Time since last: 25599211 ns, Reaching safepoint: 10405683 ns, At safepoint: 99358 ns, Total: 10505041 ns
[2020-09-11T16:23:55.493+0000][1][safepoint    ] Safepoint "RevokeBias", Time since last: 132699 ns, Reaching safepoint: 3750311 ns, At safepoint: 49124 ns, Total: 3799435 ns
[2020-09-11T16:23:55.493+0000][1][safepoint    ] Safepoint "RevokeBias", Time since last: 66968 ns, Reaching safepoint: 86827 ns, At safepoint: 33707 ns, Total: 120534 ns
[2020-09-11T16:23:55.494+0000][1][safepoint    ] Safepoint "RevokeBias", Time since last: 30564 ns, Reaching safepoint: 1277810 ns, At safepoint: 40583 ns, Total: 1318393 ns
[2020-09-11T16:23:55.495+0000][1][safepoint    ] Safepoint "RevokeBias", Time since last: 52119 ns, Reaching safepoint: 744654 ns, At safepoint: 38265 ns, Total: 782919 ns
[2020-09-11T16:23:55.495+0000][1][safepoint    ] Safepoint "RevokeBias", Time since last: 35193 ns, Reaching safepoint: 83494 ns, At safepoint: 31564 ns, Total: 115058 ns
[2020-09-11T16:23:55.496+0000][1][safepoint    ] Safepoint "RevokeBias", Time since last: 55215 ns, Reaching safepoint: 80377 ns, At safepoint: 29346 ns, Total: 109723 ns
[2020-09-11T16:23:55.496+0000][1][safepoint    ] Safepoint "RevokeBias", Time since last: 447680 ns, Reaching safepoint: 83818 ns, At safepoint: 358096 ns, Total: 441914 ns
[2020-09-11T16:23:55.501+0000][1][safepoint    ] Safepoint "RevokeBias", Time since last: 43190 ns, Reaching safepoint: 82775 ns, At safepoint: 4283241 ns, Total: 4366016 ns
[2020-09-11T16:23:55.501+0000][1][safepoint    ] Safepoint "RevokeBias", Time since last: 51271 ns, Reaching safepoint: 96732 ns, At safepoint: 38194 ns, Total: 134926 ns
[2020-09-11T16:23:55.501+0000][1][safepoint    ] Safepoint "RevokeBias", Time since last: 52512 ns, Reaching safepoint: 85320 ns, At safepoint: 32429 ns, Total: 117749 ns
[2020-09-11T16:23:55.501+0000][1][safepoint    ] Safepoint "RevokeBias", Time since last: 29209 ns, Reaching safepoint: 81731 ns, At safepoint: 28667 ns, Total: 110398 ns
[2020-09-11T16:23:55.501+0000][1][safepoint    ] Safepoint "RevokeBias", Time since last: 64578 ns, Reaching safepoint: 80066 ns, At safepoint: 26583 ns, Total: 106649 ns
[2020-09-11T16:23:55.502+0000][1][safepoint    ] Safepoint "RevokeBias", Time since last: 25655 ns, Reaching safepoint: 79130 ns, At safepoint: 91348 ns, Total: 170478 ns
[2020-09-11T16:23:55.509+0000][1][safepoint    ] Safepoint "RevokeBias", Time since last: 46248 ns, Reaching safepoint: 78936 ns, At safepoint: 7235181 ns, Total: 7314117 ns
[2020-09-11T16:23:55.529+0000][1][safepoint    ] Safepoint "RevokeBias", Time since last: 61242 ns, Reaching safepoint: 19718754 ns, At safepoint: 454146 ns, Total: 20172900 ns
[2020-09-11T16:23:55.530+0000][1][safepoint    ] Safepoint "RevokeBias", Time since last: 206442 ns, Reaching safepoint: 82703 ns, At safepoint: 17863 ns, Total: 100566 ns
[2020-09-11T16:23:55.565+0000][1][safepoint    ] Safepoint "RevokeBias", Time since last: 35197638 ns, Reaching safepoint: 39384 ns, At safepoint: 38908 ns, Total: 78292 ns
[2020-09-11T16:23:55.565+0000][1][safepoint    ] Safepoint "RevokeBias", Time since last: 90144 ns, Reaching safepoint: 9472 ns, At safepoint: 17577 ns, Total: 27049 ns
[2020-09-11T16:23:55.565+0000][1][safepoint    ] Safepoint "RevokeBias", Time since last: 27233 ns, Reaching safepoint: 7949 ns, At safepoint: 15458 ns, Total: 23407 ns
[2020-09-11T16:23:55.565+0000][1][safepoint    ] Safepoint "RevokeBias", Time since last: 47822 ns, Reaching safepoint: 8084 ns, At safepoint: 15586 ns, Total: 23670 ns
[2020-09-11T16:23:55.565+0000][1][safepoint    ] Safepoint "RevokeBias", Time since last: 24827 ns, Reaching safepoint: 7558 ns, At safepoint: 14979 ns, Total: 22537 ns
[2020-09-11T16:23:55.565+0000][1][safepoint    ] Safepoint "RevokeBias", Time since last: 87943 ns, Reaching safepoint: 7958 ns, At safepoint: 15228 ns, Total: 23186 ns
[2020-09-11T16:23:55.565+0000][1][safepoint    ] Safepoint "RevokeBias", Time since last: 24978 ns, Reaching safepoint: 7446 ns, At safepoint: 14812 ns, Total: 22258 ns
[2020-09-11T16:23:55.565+0000][1][safepoint    ] Safepoint "RevokeBias", Time since last: 32768 ns, Reaching safepoint: 7892 ns, At safepoint: 15114 ns, Total: 23006 ns
[2020-09-11T16:23:55.565+0000][1][safepoint    ] Safepoint "RevokeBias", Time since last: 24477 ns, Reaching safepoint: 7462 ns, At safepoint: 14824 ns, Total: 22286 ns
[2020-09-11T16:23:55.565+0000][1][safepoint    ] Safepoint "RevokeBias", Time since last: 35120 ns, Reaching safepoint: 7897 ns, At safepoint: 15141 ns, Total: 23038 ns
[2020-09-11T16:23:55.566+0000][1][safepoint    ] Safepoint "RevokeBias", Time since last: 24326 ns, Reaching safepoint: 7471 ns, At safepoint: 14864 ns, Total: 22335 ns
[2020-09-11T16:23:55.566+0000][1][safepoint    ] Safepoint "RevokeBias", Time since last: 102259 ns, Reaching safepoint: 8127 ns, At safepoint: 15555 ns, Total: 23682 ns
[2020-09-11T16:23:55.566+0000][1][safepoint    ] Safepoint "RevokeBias", Time since last: 34696 ns, Reaching safepoint: 8434 ns, At safepoint: 16791 ns, Total: 25225 ns
[2020-09-11T16:23:55.805+0000][1][safepoint    ] Safepoint "Deoptimize", Time since last: 236153544 ns, Reaching safepoint: 2962608 ns, At safepoint: 197635 ns, Total: 3160243 ns
[2020-09-11T16:23:56.817+0000][1][safepoint    ] Safepoint "Cleanup", Time since last: 1011764892 ns, Reaching safepoint: 55623 ns, At safepoint: 7022 ns, Total: 62645 ns
[2020-09-11T16:23:57.837+0000][1][safepoint    ] Safepoint "Cleanup", Time since last: 1019927908 ns, Reaching safepoint: 114208 ns, At safepoint: 5573 ns, Total: 119781 ns
[2020-09-11T16:23:58.104+0000][1][safepoint    ] Safepoint "RevokeBias", Time since last: 263872238 ns, Reaching safepoint: 3286284 ns, At safepoint: 44351 ns, Total: 3330635 ns
[2020-09-11T16:23:59.113+0000][1][safepoint    ] Safepoint "Cleanup", Time since last: 1000677797 ns, Reaching safepoint: 7749228 ns, At safepoint: 14427 ns, Total: 7763655 ns
[2020-09-11T16:24:00.113+0000][1][safepoint    ] Safepoint "Cleanup", Time since last: 1000115543 ns, Reaching safepoint: 163995 ns, At safepoint: 7873 ns, Total: 171868 ns
[2020-09-11T16:24:00.497+0000][1][safepoint    ] Safepoint "Deoptimize", Time since last: 381456481 ns, Reaching safepoint: 2536770 ns, At safepoint: 184088 ns, Total: 2720858 ns
[2020-09-11T16:24:00.817+0000][1][gc,start     ] GC(1) Pause Young (Allocation Failure)
[2020-09-11T16:24:00.817+0000][1][gc,task      ] GC(1) Using 1 workers of 1 for evacuation
[2020-09-11T16:24:00.996+0000][1][gc,age       ] GC(1) Desired survivor size 4358144 bytes, new threshold 6 (max threshold 6)
[2020-09-11T16:24:00.996+0000][1][gc,age       ] GC(1) Age table with threshold 6 (max threshold 6)
[2020-09-11T16:24:00.996+0000][1][gc,age       ] GC(1) - age   1:    3068328 bytes,    3068328 total
[2020-09-11T16:24:00.996+0000][1][gc,heap      ] GC(1) ParNew: 74438K->4188K(76672K)
[2020-09-11T16:24:00.996+0000][1][gc,heap      ] GC(1) CMS: 0K->6787K(439104K)
[2020-09-11T16:24:00.996+0000][1][gc,metaspace ] GC(1) Metaspace: 18009K->18009K(1064960K)
[2020-09-11T16:24:00.996+0000][1][gc           ] GC(1) Pause Young (Allocation Failure) 72M->10M(503M) 179.624ms
[2020-09-11T16:24:00.996+0000][1][gc,cpu       ] GC(1) User=0.04s Sys=0.00s Real=0.18s
[2020-09-11T16:24:01.029+0000][1][safepoint    ] Safepoint "GenCollectForAllocation", Time since last: 315795001 ns, Reaching safepoint: 4005910 ns, At safepoint: 212405504 ns, Total: 216411414 ns
[2020-09-11T16:24:01.069+0000][1][safepoint    ] Safepoint "BulkRevokeBias", Time since last: 37968059 ns, Reaching safepoint: 1617802 ns, At safepoint: 140520 ns, Total: 1758322 ns
[2020-09-11T16:24:01.089+0000][1][safepoint    ] Safepoint "RevokeBias", Time since last: 102872 ns, Reaching safepoint: 83715 ns, At safepoint: 19700258 ns, Total: 19783973 ns
[2020-09-11T16:24:01.089+0000][1][safepoint    ] Safepoint "RevokeBias", Time since last: 92106 ns, Reaching safepoint: 116505 ns, At safepoint: 62259 ns, Total: 178764 ns
[2020-09-11T16:24:01.090+0000][1][safepoint    ] Safepoint "RevokeBias", Time since last: 32394 ns, Reaching safepoint: 619397 ns, At safepoint: 44865 ns, Total: 664262 ns
[2020-09-11T16:24:01.090+0000][1][safepoint    ] Safepoint "RevokeBias", Time since last: 25340 ns, Reaching safepoint: 141798 ns, At safepoint: 38219 ns, Total: 180017 ns
[2020-09-11T16:24:01.093+0000][1][safepoint    ] Safepoint "RevokeBias", Time since last: 31677 ns, Reaching safepoint: 2346413 ns, At safepoint: 458133 ns, Total: 2804546 ns
[2020-09-11T16:24:01.093+0000][1][safepoint    ] Safepoint "RevokeBias", Time since last: 41078 ns, Reaching safepoint: 195627 ns, At safepoint: 51490 ns, Total: 247117 ns
[2020-09-11T16:24:01.097+0000][1][safepoint    ] Safepoint "BulkRevokeBias", Time since last: 35425 ns, Reaching safepoint: 3605758 ns, At safepoint: 70797 ns, Total: 3676555 ns
[2020-09-11T16:24:01.098+0000][1][safepoint    ] Safepoint "BulkRevokeBias", Time since last: 27953 ns, Reaching safepoint: 801294 ns, At safepoint: 72683 ns, Total: 873977 ns
[2020-09-11T16:24:01.834+0000][1][safepoint    ] Safepoint "Deoptimize", Time since last: 735516227 ns, Reaching safepoint: 122594 ns, At safepoint: 228431 ns, Total: 351025 ns
[2020-09-11T16:24:01.897+0000][1][safepoint    ] Safepoint "Deoptimize", Time since last: 61904426 ns, Reaching safepoint: 985487 ns, At safepoint: 197527 ns, Total: 1183014 ns
[2020-09-11T16:24:02.909+0000][1][safepoint    ] Safepoint "Cleanup", Time since last: 1012096273 ns, Reaching safepoint: 114415 ns, At safepoint: 5746 ns, Total: 120161 ns
[2020-09-11T16:24:03.244+0000][1][safepoint    ] Safepoint "Deoptimize", Time since last: 329628072 ns, Reaching safepoint: 5086977 ns, At safepoint: 209788 ns, Total: 5296765 ns
[2020-09-11T16:24:03.245+0000][1][safepoint    ] Safepoint "RevokeBias", Time since last: 617937 ns, Reaching safepoint: 333755 ns, At safepoint: 45897 ns, Total: 379652 ns
[2020-09-11T16:24:03.251+0000][1][safepoint    ] Safepoint "Deoptimize", Time since last: 1033762 ns, Reaching safepoint: 4600285 ns, At safepoint: 202337 ns, Total: 4802622 ns
[2020-09-11T16:24:04.265+0000][1][safepoint    ] Safepoint "Cleanup", Time since last: 1010115195 ns, Reaching safepoint: 4068556 ns, At safepoint: 10108 ns, Total: 4078664 ns
[2020-09-11T16:24:05.265+0000][1][safepoint    ] Safepoint "Cleanup", Time since last: 1000107334 ns, Reaching safepoint: 115970 ns, At safepoint: 6443 ns, Total: 122413 ns
[2020-09-11T16:24:05.450+0000][1][gc,start     ] GC(2) Pause Young (Allocation Failure)
[2020-09-11T16:24:05.450+0000][1][gc,task      ] GC(2) Using 1 workers of 1 for evacuation
[2020-09-11T16:24:05.526+0000][1][gc,age       ] GC(2) Desired survivor size 4358144 bytes, new threshold 2 (max threshold 6)
[2020-09-11T16:24:05.526+0000][1][gc,age       ] GC(2) Age table with threshold 2 (max threshold 6)
[2020-09-11T16:24:05.526+0000][1][gc,age       ] GC(2) - age   1:    3074656 bytes,    3074656 total
[2020-09-11T16:24:05.526+0000][1][gc,age       ] GC(2) - age   2:    2985304 bytes,    6059960 total
[2020-09-11T16:24:05.526+0000][1][gc,heap      ] GC(2) ParNew: 72348K->6602K(76672K)
[2020-09-11T16:24:05.526+0000][1][gc,heap      ] GC(2) CMS: 6787K->6787K(439104K)
[2020-09-11T16:24:05.526+0000][1][gc,metaspace ] GC(2) Metaspace: 20097K->20097K(1067008K)
[2020-09-11T16:24:05.526+0000][1][gc           ] GC(2) Pause Young (Allocation Failure) 77M->13M(503M) 76.510ms
[2020-09-11T16:24:05.526+0000][1][gc,cpu       ] GC(2) User=0.02s Sys=0.00s Real=0.08s
[2020-09-11T16:24:05.527+0000][1][safepoint    ] Safepoint "GenCollectForAllocation", Time since last: 184311201 ns, Reaching safepoint: 99627 ns, At safepoint: 77103687 ns, Total: 77203314 ns
[2020-09-11T16:24:05.630+0000][1][safepoint    ] Safepoint "RevokeBias", Time since last: 86163664 ns, Reaching safepoint: 17133766 ns, At safepoint: 118709 ns, Total: 17252475 ns
[2020-09-11T16:24:05.631+0000][1][safepoint    ] Safepoint "RevokeBias", Time since last: 99578 ns, Reaching safepoint: 882696 ns, At safepoint: 87521 ns, Total: 970217 ns
[2020-09-11T16:24:05.631+0000][1][safepoint    ] Safepoint "RevokeBias", Time since last: 196906 ns, Reaching safepoint: 91662 ns, At safepoint: 40670 ns, Total: 132332 ns
[2020-09-11T16:24:05.632+0000][1][safepoint    ] Safepoint "RevokeBias", Time since last: 46043 ns, Reaching safepoint: 84575 ns, At safepoint: 35375 ns, Total: 119950 ns
[2020-09-11T16:24:05.632+0000][1][safepoint    ] Safepoint "RevokeBias", Time since last: 36752 ns, Reaching safepoint: 83192 ns, At safepoint: 37368 ns, Total: 120560 ns
[2020-09-11T16:24:05.632+0000][1][safepoint    ] Safepoint "RevokeBias", Time since last: 33897 ns, Reaching safepoint: 81927 ns, At safepoint: 35002 ns, Total: 116929 ns
[2020-09-11T16:24:05.632+0000][1][safepoint    ] Safepoint "RevokeBias", Time since last: 41748 ns, Reaching safepoint: 91353 ns, At safepoint: 40094 ns, Total: 131447 ns
[2020-09-11T16:24:05.693+0000][1][safepoint    ] Safepoint "RevokeBias", Time since last: 56740120 ns, Reaching safepoint: 4004817 ns, At safepoint: 33258 ns, Total: 4038075 ns
[2020-09-11T16:24:06.697+0000][1][safepoint    ] Safepoint "Cleanup", Time since last: 1004048506 ns, Reaching safepoint: 333952 ns, At safepoint: 6541 ns, Total: 340493 ns
[2020-09-11T16:24:07.132+0000][1][gc,start     ] GC(3) Pause Young (Allocation Failure)
[2020-09-11T16:24:07.132+0000][1][gc,task      ] GC(3) Using 1 workers of 1 for evacuation
[2020-09-11T16:24:07.186+0000][1][gc,age       ] GC(3) Desired survivor size 4358144 bytes, new threshold 6 (max threshold 6)
[2020-09-11T16:24:07.186+0000][1][gc,age       ] GC(3) Age table with threshold 6 (max threshold 6)
[2020-09-11T16:24:07.186+0000][1][gc,age       ] GC(3) - age   1:    1024448 bytes,    1024448 total
[2020-09-11T16:24:07.186+0000][1][gc,age       ] GC(3) - age   2:    1328824 bytes,    2353272 total
[2020-09-11T16:24:07.186+0000][1][gc,heap      ] GC(3) ParNew: 74762K->5252K(76672K)
[2020-09-11T16:24:07.186+0000][1][gc,heap      ] GC(3) CMS: 6787K->9726K(439104K)
[2020-09-11T16:24:07.186+0000][1][gc,metaspace ] GC(3) Metaspace: 20365K->20365K(1067008K)
[2020-09-11T16:24:07.186+0000][1][gc           ] GC(3) Pause Young (Allocation Failure) 79M->14M(503M) 53.487ms
[2020-09-11T16:24:07.186+0000][1][gc,cpu       ] GC(3) User=0.01s Sys=0.00s Real=0.06s
[2020-09-11T16:24:07.205+0000][1][safepoint    ] Safepoint "GenCollectForAllocation", Time since last: 433919035 ns, Reaching safepoint: 986304 ns, At safepoint: 72507453 ns, Total: 73493757 ns
[2020-09-11T16:24:07.222+0000][1][safepoint    ] Safepoint "RevokeBias", Time since last: 16137136 ns, Reaching safepoint: 993654 ns, At safepoint: 42752 ns, Total: 1036406 ns
[2020-09-11T16:24:07.239+0000][1][safepoint    ] Safepoint "RevokeBias", Time since last: 17224248 ns, Reaching safepoint: 98559 ns, At safepoint: 24614 ns, Total: 123173 ns
[2020-09-11T16:24:07.239+0000][1][safepoint    ] Safepoint "RevokeBias", Time since last: 79118 ns, Reaching safepoint: 77525 ns, At safepoint: 16473 ns, Total: 93998 ns
[2020-09-11T16:24:07.239+0000][1][safepoint    ] Safepoint "RevokeBias", Time since last: 28150 ns, Reaching safepoint: 76190 ns, At safepoint: 16041 ns, Total: 92231 ns
[2020-09-11T16:24:07.240+0000][1][safepoint    ] Safepoint "RevokeBias", Time since last: 33536 ns, Reaching safepoint: 77275 ns, At safepoint: 18705 ns, Total: 95980 ns
[2020-09-11T16:24:07.240+0000][1][safepoint    ] Safepoint "RevokeBias", Time since last: 26842 ns, Reaching safepoint: 76610 ns, At safepoint: 16314 ns, Total: 92924 ns
[2020-09-11T16:24:07.240+0000][1][safepoint    ] Safepoint "RevokeBias", Time since last: 31677 ns, Reaching safepoint: 76086 ns, At safepoint: 10640 ns, Total: 86726 ns
[2020-09-11T16:24:07.240+0000][1][safepoint    ] Safepoint "RevokeBias", Time since last: 25921 ns, Reaching safepoint: 76526 ns, At safepoint: 15692 ns, Total: 92218 ns
[2020-09-11T16:24:07.240+0000][1][safepoint    ] Safepoint "RevokeBias", Time since last: 147006 ns, Reaching safepoint: 81489 ns, At safepoint: 21705 ns, Total: 103194 ns
[2020-09-11T16:24:08.240+0000][1][safepoint    ] Safepoint "Cleanup", Time since last: 1000106583 ns, Reaching safepoint: 109546 ns, At safepoint: 6531 ns, Total: 116077 ns
[2020-09-11T16:24:08.269+0000][1][safepoint    ] Safepoint "CollectForMetadataAllocation", Time since last: 28360010 ns, Reaching safepoint: 107315 ns, At safepoint: 84476 ns, Total: 191791 ns
[2020-09-11T16:24:08.637+0000][1][safepoint    ] Safepoint "CollectForMetadataAllocation", Time since last: 367843047 ns, Reaching safepoint: 116505 ns, At safepoint: 211273 ns, Total: 327778 ns
[2020-09-11T16:24:08.758+0000][1][gc,start     ] GC(4) Pause Young (Allocation Failure)
[2020-09-11T16:24:08.758+0000][1][gc,task      ] GC(4) Using 1 workers of 1 for evacuation
[2020-09-11T16:24:08.788+0000][1][gc,age       ] GC(4) Desired survivor size 4358144 bytes, new threshold 6 (max threshold 6)
[2020-09-11T16:24:08.788+0000][1][gc,age       ] GC(4) Age table with threshold 6 (max threshold 6)
[2020-09-11T16:24:08.788+0000][1][gc,age       ] GC(4) - age   1:    2005800 bytes,    2005800 total
[2020-09-11T16:24:08.788+0000][1][gc,age       ] GC(4) - age   2:     351472 bytes,    2357272 total
[2020-09-11T16:24:08.788+0000][1][gc,age       ] GC(4) - age   3:    1328728 bytes,    3686000 total
[2020-09-11T16:24:08.788+0000][1][gc,heap      ] GC(4) ParNew: 73412K->4349K(76672K)
[2020-09-11T16:24:08.788+0000][1][gc,heap      ] GC(4) CMS: 9726K->9726K(439104K)
[2020-09-11T16:24:08.788+0000][1][gc,metaspace ] GC(4) Metaspace: 20890K->20890K(1069056K)
[2020-09-11T16:24:08.788+0000][1][gc           ] GC(4) Pause Young (Allocation Failure) 81M->13M(503M) 30.436ms
[2020-09-11T16:24:08.788+0000][1][gc,cpu       ] GC(4) User=0.01s Sys=0.00s Real=0.03s
[2020-09-11T16:24:08.819+0000][1][safepoint    ] Safepoint "GenCollectForAllocation", Time since last: 120697149 ns, Reaching safepoint: 96579 ns, At safepoint: 61503766 ns, Total: 61600345 ns
[2020-09-11T16:24:08.841+0000][1][gc,start     ] GC(5) Pause Initial Mark
[2020-09-11T16:24:08.852+0000][1][gc           ] GC(5) Pause Initial Mark 17M->17M(503M) 11.385ms
[2020-09-11T16:24:08.852+0000][1][gc,cpu       ] GC(5) User=0.00s Sys=0.00s Real=0.01s
[2020-09-11T16:24:08.903+0000][1][safepoint    ] Safepoint "BulkRevokeBias", Time since last: 19365700 ns, Reaching safepoint: 1658002 ns, At safepoint: 62353921 ns, Total: 64011923 ns
[2020-09-11T16:24:08.903+0000][1][gc           ] GC(5) Concurrent Mark
[2020-09-11T16:24:08.953+0000][1][safepoint    ] Safepoint "RevokeBias", Time since last: 32111905 ns, Reaching safepoint: 17979403 ns, At safepoint: 30540 ns, Total: 18009943 ns
[2020-09-11T16:24:08.953+0000][1][safepoint    ] Safepoint "RevokeBias", Time since last: 80842 ns, Reaching safepoint: 79374 ns, At safepoint: 18534 ns, Total: 97908 ns
[2020-09-11T16:24:08.953+0000][1][safepoint    ] Safepoint "RevokeBias", Time since last: 25586 ns, Reaching safepoint: 78131 ns, At safepoint: 17016 ns, Total: 95147 ns
[2020-09-11T16:24:08.953+0000][1][safepoint    ] Safepoint "RevokeBias", Time since last: 30435 ns, Reaching safepoint: 77893 ns, At safepoint: 16877 ns, Total: 94770 ns
[2020-09-11T16:24:08.953+0000][1][safepoint    ] Safepoint "RevokeBias", Time since last: 24670 ns, Reaching safepoint: 77428 ns, At safepoint: 16958 ns, Total: 94386 ns
[2020-09-11T16:24:09.018+0000][1][gc           ] GC(5) Concurrent Mark 114.826ms
[2020-09-11T16:24:09.018+0000][1][gc,cpu       ] GC(5) User=0.02s Sys=0.00s Real=0.11s
[2020-09-11T16:24:09.018+0000][1][gc           ] GC(5) Concurrent Preclean
[2020-09-11T16:24:09.018+0000][1][gc           ] GC(5) Concurrent Preclean 0.610ms
[2020-09-11T16:24:09.018+0000][1][gc,cpu       ] GC(5) User=0.00s Sys=0.00s Real=0.00s
[2020-09-11T16:24:09.018+0000][1][gc           ] GC(5) Concurrent Abortable Preclean
[2020-09-11T16:24:09.869+0000][1][safepoint    ] Safepoint "CollectForMetadataAllocation", Time since last: 915313492 ns, Reaching safepoint: 68105 ns, At safepoint: 124188 ns, Total: 192293 ns
[2020-09-11T16:24:09.872+0000][1][safepoint    ] Safepoint "RevokeBias", Time since last: 828321 ns, Reaching safepoint: 2487687 ns, At safepoint: 18387 ns, Total: 2506074 ns
[2020-09-11T16:24:09.913+0000][1][safepoint    ] Safepoint "Deoptimize", Time since last: 40495288 ns, Reaching safepoint: 60290 ns, At safepoint: 215727 ns, Total: 276017 ns
[2020-09-11T16:24:10.569+0000][1][safepoint    ] Safepoint "Deoptimize", Time since last: 623717509 ns, Reaching safepoint: 32039574 ns, At safepoint: 223926 ns, Total: 32263500 ns
[2020-09-11T16:24:10.844+0000][1][gc,start     ] GC(6) Pause Young (Allocation Failure)
[2020-09-11T16:24:10.844+0000][1][gc,task      ] GC(6) Using 1 workers of 1 for evacuation
[2020-09-11T16:24:10.941+0000][1][gc,age       ] GC(6) Desired survivor size 4358144 bytes, new threshold 4 (max threshold 6)
[2020-09-11T16:24:10.941+0000][1][gc,age       ] GC(6) Age table with threshold 4 (max threshold 6)
[2020-09-11T16:24:10.941+0000][1][gc,age       ] GC(6) - age   1:    2529248 bytes,    2529248 total
[2020-09-11T16:24:10.941+0000][1][gc,age       ] GC(6) - age   2:    1252320 bytes,    3781568 total
[2020-09-11T16:24:10.941+0000][1][gc,age       ] GC(6) - age   3:     351472 bytes,    4133040 total
[2020-09-11T16:24:10.941+0000][1][gc,age       ] GC(6) - age   4:    1328728 bytes,    5461768 total
[2020-09-11T16:24:10.941+0000][1][gc,heap      ] GC(6) ParNew: 72509K->6486K(76672K)
[2020-09-11T16:24:10.941+0000][1][gc,heap      ] GC(6) CMS: 9726K->9726K(439104K)
[2020-09-11T16:24:10.941+0000][1][gc,metaspace ] GC(6) Metaspace: 21204K->21204K(1069056K)
[2020-09-11T16:24:10.941+0000][1][gc           ] GC(6) Pause Young (Allocation Failure) 80M->15M(503M) 97.711ms
[2020-09-11T16:24:10.941+0000][1][gc,cpu       ] GC(6) User=0.01s Sys=0.00s Real=0.10s
[2020-09-11T16:24:10.959+0000][1][safepoint    ] Safepoint "GenCollectForAllocation", Time since last: 271735757 ns, Reaching safepoint: 2717462 ns, At safepoint: 115585069 ns, Total: 118302531 ns
[2020-09-11T16:24:10.997+0000][1][safepoint    ] Safepoint "RevokeBias", Time since last: 29673185 ns, Reaching safepoint: 8125776 ns, At safepoint: 30300 ns, Total: 8156076 ns
[2020-09-11T16:24:10.997+0000][1][safepoint    ] Safepoint "RevokeBias", Time since last: 57180 ns, Reaching safepoint: 78063 ns, At safepoint: 21770 ns, Total: 99833 ns
[2020-09-11T16:24:10.997+0000][1][safepoint    ] Safepoint "RevokeBias", Time since last: 43999 ns, Reaching safepoint: 77618 ns, At safepoint: 19884 ns, Total: 97502 ns
[2020-09-11T16:24:10.997+0000][1][safepoint    ] Safepoint "RevokeBias", Time since last: 23006 ns, Reaching safepoint: 76301 ns, At safepoint: 22370 ns, Total: 98671 ns
[2020-09-11T16:24:10.997+0000][1][safepoint    ] Safepoint "RevokeBias", Time since last: 28660 ns, Reaching safepoint: 76957 ns, At safepoint: 19886 ns, Total: 96843 ns
[2020-09-11T16:24:10.998+0000][1][safepoint    ] Safepoint "RevokeBias", Time since last: 22698 ns, Reaching safepoint: 76172 ns, At safepoint: 21187 ns, Total: 97359 ns
[2020-09-11T16:24:11.776+0000][1][gc           ] GC(5) Concurrent Abortable Preclean 2757.381ms
[2020-09-11T16:24:11.776+0000][1][gc,cpu       ] GC(5) User=0.54s Sys=0.01s Real=2.76s
[2020-09-11T16:24:11.797+0000][1][gc,start     ] GC(5) Pause Remark
[2020-09-11T16:24:11.997+0000][1][gc           ] GC(5) Pause Remark 63M->63M(503M) 199.969ms
[2020-09-11T16:24:12.017+0000][1][gc,cpu       ] GC(5) User=0.04s Sys=0.00s Real=0.22s
[2020-09-11T16:24:12.017+0000][1][safepoint    ] Safepoint "CMS_Final_Remark", Time since last: 778248243 ns, Reaching safepoint: 21075183 ns, At safepoint: 219937578 ns, Total: 241012761 ns
[2020-09-11T16:24:12.036+0000][1][gc           ] GC(5) Concurrent Sweep
[2020-09-11T16:24:12.043+0000][1][gc           ] GC(5) Concurrent Sweep 6.537ms
[2020-09-11T16:24:12.043+0000][1][gc,cpu       ] GC(5) User=0.00s Sys=0.00s Real=0.01s
[2020-09-11T16:24:12.043+0000][1][gc           ] GC(5) Concurrent Reset
[2020-09-11T16:24:12.043+0000][1][gc           ] GC(5) Concurrent Reset 0.635ms
[2020-09-11T16:24:12.043+0000][1][gc,cpu       ] GC(5) User=0.00s Sys=0.00s Real=0.00s
[2020-09-11T16:24:12.043+0000][1][gc,heap      ] GC(5) Old: 9726K->9724K(439104K)
[2020-09-11T16:24:12.453+0000][1][gc,start     ] GC(7) Pause Young (Allocation Failure)
[2020-09-11T16:24:12.453+0000][1][gc,task      ] GC(7) Using 1 workers of 1 for evacuation
[2020-09-11T16:24:12.536+0000][1][gc,age       ] GC(7) Desired survivor size 4358144 bytes, new threshold 6 (max threshold 6)
[2020-09-11T16:24:12.536+0000][1][gc,age       ] GC(7) Age table with threshold 6 (max threshold 6)
[2020-09-11T16:24:12.536+0000][1][gc,age       ] GC(7) - age   1:    1205632 bytes,    1205632 total
[2020-09-11T16:24:12.536+0000][1][gc,age       ] GC(7) - age   2:    1525824 bytes,    2731456 total
[2020-09-11T16:24:12.536+0000][1][gc,age       ] GC(7) - age   3:    1251712 bytes,    3983168 total
[2020-09-11T16:24:12.536+0000][1][gc,age       ] GC(7) - age   4:     351472 bytes,    4334640 total
[2020-09-11T16:24:12.536+0000][1][gc,heap      ] GC(7) ParNew: 74646K->4811K(76672K)
[2020-09-11T16:24:12.536+0000][1][gc,heap      ] GC(7) CMS: 9724K->11033K(439104K)
[2020-09-11T16:24:12.536+0000][1][gc,metaspace ] GC(7) Metaspace: 21301K->21301K(1069056K)
[2020-09-11T16:24:12.536+0000][1][gc           ] GC(7) Pause Young (Allocation Failure) 82M->15M(503M) 83.241ms
[2020-09-11T16:24:12.536+0000][1][gc,cpu       ] GC(7) User=0.02s Sys=0.00s Real=0.08s
[2020-09-11T16:24:12.572+0000][1][safepoint    ] Safepoint "GenCollectForAllocation", Time since last: 435936143 ns, Reaching safepoint: 409334 ns, At safepoint: 118427581 ns, Total: 118836915 ns
[2020-09-11T16:24:12.593+0000][1][safepoint    ] Safepoint "RevokeBias", Time since last: 21182478 ns, Reaching safepoint: 107891 ns, At safepoint: 36846 ns, Total: 144737 ns
[2020-09-11T16:24:12.593+0000][1][safepoint    ] Safepoint "RevokeBias", Time since last: 65507 ns, Reaching safepoint: 78851 ns, At safepoint: 18838 ns, Total: 97689 ns
[2020-09-11T16:24:12.593+0000][1][safepoint    ] Safepoint "RevokeBias", Time since last: 52283 ns, Reaching safepoint: 78700 ns, At safepoint: 25689 ns, Total: 104389 ns
[2020-09-11T16:24:12.593+0000][1][safepoint    ] Safepoint "RevokeBias", Time since last: 28864 ns, Reaching safepoint: 78821 ns, At safepoint: 23682 ns, Total: 102503 ns
[2020-09-11T16:24:13.597+0000][1][gc,start     ] GC(8) Pause Young (Allocation Failure)
[2020-09-11T16:24:13.597+0000][1][gc,task      ] GC(8) Using 1 workers of 1 for evacuation
[2020-09-11T16:24:13.638+0000][1][gc,age       ] GC(8) Desired survivor size 4358144 bytes, new threshold 4 (max threshold 6)
[2020-09-11T16:24:13.638+0000][1][gc,age       ] GC(8) Age table with threshold 4 (max threshold 6)
[2020-09-11T16:24:13.638+0000][1][gc,age       ] GC(8) - age   1:    1334832 bytes,    1334832 total
[2020-09-11T16:24:13.638+0000][1][gc,age       ] GC(8) - age   2:     445752 bytes,    1780584 total
[2020-09-11T16:24:13.638+0000][1][gc,age       ] GC(8) - age   3:    1523888 bytes,    3304472 total
[2020-09-11T16:24:13.638+0000][1][gc,age       ] GC(8) - age   4:    1251056 bytes,    4555528 total
[2020-09-11T16:24:13.638+0000][1][gc,age       ] GC(8) - age   5:     351472 bytes,    4907000 total
[2020-09-11T16:24:13.638+0000][1][gc,heap      ] GC(8) ParNew: 72971K->8512K(76672K)
[2020-09-11T16:24:13.638+0000][1][gc,heap      ] GC(8) CMS: 11033K->11033K(439104K)
[2020-09-11T16:24:13.638+0000][1][gc,metaspace ] GC(8) Metaspace: 21480K->21480K(1069056K)
[2020-09-11T16:24:13.638+0000][1][gc           ] GC(8) Pause Young (Allocation Failure) 82M->19M(503M) 40.754ms
[2020-09-11T16:24:13.638+0000][1][gc,cpu       ] GC(8) User=0.01s Sys=0.00s Real=0.04s
[2020-09-11T16:24:13.653+0000][1][safepoint    ] Safepoint "GenCollectForAllocation", Time since last: 1003372911 ns, Reaching safepoint: 104973 ns, At safepoint: 55904050 ns, Total: 56009023 ns
[2020-09-11T16:24:13.721+0000][1][safepoint    ] Safepoint "RevokeBias", Time since last: 43844336 ns, Reaching safepoint: 24173279 ns, At safepoint: 84338 ns, Total: 24257617 ns
[2020-09-11T16:24:13.721+0000][1][safepoint    ] Safepoint "RevokeBias", Time since last: 74154 ns, Reaching safepoint: 80425 ns, At safepoint: 17735 ns, Total: 98160 ns
[2020-09-11T16:24:13.721+0000][1][safepoint    ] Safepoint "RevokeBias", Time since last: 48763 ns, Reaching safepoint: 77740 ns, At safepoint: 22792 ns, Total: 100532 ns
[2020-09-11T16:24:13.721+0000][1][safepoint    ] Safepoint "RevokeBias", Time since last: 28027 ns, Reaching safepoint: 77631 ns, At safepoint: 18573 ns, Total: 96204 ns
[2020-09-11T16:24:14.530+0000][1][gc,start     ] GC(9) Pause Young (Allocation Failure)
[2020-09-11T16:24:14.530+0000][1][gc,task      ] GC(9) Using 1 workers of 1 for evacuation
[2020-09-11T16:24:14.613+0000][1][gc,age       ] GC(9) Desired survivor size 4358144 bytes, new threshold 4 (max threshold 6)
[2020-09-11T16:24:14.613+0000][1][gc,age       ] GC(9) Age table with threshold 4 (max threshold 6)
[2020-09-11T16:24:14.613+0000][1][gc,age       ] GC(9) - age   1:    1974856 bytes,    1974856 total
[2020-09-11T16:24:14.613+0000][1][gc,age       ] GC(9) - age   2:     829344 bytes,    2804200 total
[2020-09-11T16:24:14.613+0000][1][gc,age       ] GC(9) - age   3:     445672 bytes,    3249872 total
[2020-09-11T16:24:14.613+0000][1][gc,age       ] GC(9) - age   4:    1523888 bytes,    4773760 total
[2020-09-11T16:24:14.613+0000][1][gc,heap      ] GC(9) ParNew: 76672K->5782K(76672K)
[2020-09-11T16:24:14.613+0000][1][gc,heap      ] GC(9) CMS: 11033K->12617K(439104K)
[2020-09-11T16:24:14.613+0000][1][gc,metaspace ] GC(9) Metaspace: 21572K->21572K(1069056K)
[2020-09-11T16:24:14.630+0000][1][gc           ] GC(9) Pause Young (Allocation Failure) 85M->17M(503M) 82.939ms
[2020-09-11T16:24:14.630+0000][1][gc,cpu       ] GC(9) User=0.02s Sys=0.00s Real=0.10s
[2020-09-11T16:24:14.637+0000][1][safepoint    ] Safepoint "GenCollectForAllocation", Time since last: 808339352 ns, Reaching safepoint: 99908 ns, At safepoint: 107594949 ns, Total: 107694857 ns
[2020-09-11T16:24:14.682+0000][1][safepoint    ] Safepoint "RevokeBias", Time since last: 31402762 ns, Reaching safepoint: 13073360 ns, At safepoint: 51008 ns, Total: 13124368 ns
[2020-09-11T16:24:14.701+0000][1][safepoint    ] Safepoint "RevokeBias", Time since last: 18888748 ns, Reaching safepoint: 101835 ns, At safepoint: 27822 ns, Total: 129657 ns
[2020-09-11T16:24:14.701+0000][1][safepoint    ] Safepoint "RevokeBias", Time since last: 92389 ns, Reaching safepoint: 79876 ns, At safepoint: 22004 ns, Total: 101880 ns
[2020-09-11T16:24:14.701+0000][1][safepoint    ] Safepoint "RevokeBias", Time since last: 29379 ns, Reaching safepoint: 78359 ns, At safepoint: 18123 ns, Total: 96482 ns
[2020-09-11T16:24:15.073+0000][1][safepoint    ] Safepoint "RevokeBias", Time since last: 371551295 ns, Reaching safepoint: 113738 ns, At safepoint: 18195 ns, Total: 131933 ns
[2020-09-11T16:24:15.073+0000][1][safepoint    ] Safepoint "RevokeBias", Time since last: 519412 ns, Reaching safepoint: 12598 ns, At safepoint: 9212 ns, Total: 21810 ns
[2020-09-11T16:24:15.625+0000][1][gc,start     ] GC(10) Pause Young (Allocation Failure)
[2020-09-11T16:24:15.629+0000][1][gc,task      ] GC(10) Using 1 workers of 1 for evacuation
[2020-09-11T16:24:15.748+0000][1][gc,age       ] GC(10) Desired survivor size 4358144 bytes, new threshold 6 (max threshold 6)
[2020-09-11T16:24:15.748+0000][1][gc,age       ] GC(10) Age table with threshold 6 (max threshold 6)
[2020-09-11T16:24:15.748+0000][1][gc,age       ] GC(10) - age   1:    2352792 bytes,    2352792 total
[2020-09-11T16:24:15.748+0000][1][gc,age       ] GC(10) - age   2:     112688 bytes,    2465480 total
[2020-09-11T16:24:15.748+0000][1][gc,age       ] GC(10) - age   3:     829344 bytes,    3294824 total
[2020-09-11T16:24:15.748+0000][1][gc,age       ] GC(10) - age   4:     445648 bytes,    3740472 total
[2020-09-11T16:24:15.748+0000][1][gc,heap      ] GC(10) ParNew: 73942K->4219K(76672K)
[2020-09-11T16:24:15.748+0000][1][gc,heap      ] GC(10) CMS: 12617K->14117K(439104K)
[2020-09-11T16:24:15.748+0000][1][gc,metaspace ] GC(10) Metaspace: 21715K->21715K(1069056K)
[2020-09-11T16:24:15.748+0000][1][gc           ] GC(10) Pause Young (Allocation Failure) 84M->17M(503M) 123.191ms
[2020-09-11T16:24:15.748+0000][1][gc,cpu       ] GC(10) User=0.02s Sys=0.00s Real=0.12s
[2020-09-11T16:24:15.753+0000][1][safepoint    ] Safepoint "GenCollectForAllocation", Time since last: 551131579 ns, Reaching safepoint: 109703 ns, At safepoint: 128078987 ns, Total: 128188690 ns
[2020-09-11T16:24:15.793+0000][1][safepoint    ] Safepoint "RevokeBias", Time since last: 20105846 ns, Reaching safepoint: 19914396 ns, At safepoint: 40155 ns, Total: 19954551 ns
[2020-09-11T16:24:15.809+0000][1][safepoint    ] Safepoint "RevokeBias", Time since last: 15970079 ns, Reaching safepoint: 103064 ns, At safepoint: 28058 ns, Total: 131122 ns
[2020-09-11T16:24:15.810+0000][1][safepoint    ] Safepoint "BulkRevokeBias", Time since last: 476282 ns, Reaching safepoint: 514095 ns, At safepoint: 53122 ns, Total: 567217 ns
[2020-09-11T16:24:15.810+0000][1][safepoint    ] Safepoint "BulkRevokeBias", Time since last: 36959 ns, Reaching safepoint: 82197 ns, At safepoint: 30378 ns, Total: 112575 ns
[2020-09-11T16:24:17.245+0000][1][safepoint    ] Safepoint "Cleanup", Time since last: 1434685099 ns, Reaching safepoint: 102038 ns, At safepoint: 4900 ns, Total: 106938 ns
[2020-09-11T16:24:17.312+0000][1][gc,start     ] GC(11) Pause Young (Allocation Failure)
[2020-09-11T16:24:17.312+0000][1][gc,task      ] GC(11) Using 1 workers of 1 for evacuation
[2020-09-11T16:24:17.355+0000][1][gc,age       ] GC(11) Desired survivor size 4358144 bytes, new threshold 6 (max threshold 6)
[2020-09-11T16:24:17.355+0000][1][gc,age       ] GC(11) Age table with threshold 6 (max threshold 6)
[2020-09-11T16:24:17.355+0000][1][gc,age       ] GC(11) - age   1:    1455936 bytes,    1455936 total
[2020-09-11T16:24:17.355+0000][1][gc,age       ] GC(11) - age   2:     403792 bytes,    1859728 total
[2020-09-11T16:24:17.355+0000][1][gc,age       ] GC(11) - age   3:     112584 bytes,    1972312 total
[2020-09-11T16:24:17.355+0000][1][gc,age       ] GC(11) - age   4:     829344 bytes,    2801656 total
[2020-09-11T16:24:17.355+0000][1][gc,age       ] GC(11) - age   5:     445648 bytes,    3247304 total
[2020-09-11T16:24:17.355+0000][1][gc,heap      ] GC(11) ParNew: 72379K->3794K(76672K)
[2020-09-11T16:24:17.355+0000][1][gc,heap      ] GC(11) CMS: 14117K->14117K(439104K)
[2020-09-11T16:24:17.355+0000][1][gc,metaspace ] GC(11) Metaspace: 22630K->22630K(1071104K)
[2020-09-11T16:24:17.355+0000][1][gc           ] GC(11) Pause Young (Allocation Failure) 84M->17M(503M) 43.096ms
[2020-09-11T16:24:17.355+0000][1][gc,cpu       ] GC(11) User=0.01s Sys=0.00s Real=0.05s
[2020-09-11T16:24:17.373+0000][1][safepoint    ] Safepoint "GenCollectForAllocation", Time since last: 67113108 ns, Reaching safepoint: 106053 ns, At safepoint: 60639283 ns, Total: 60745336 ns
[2020-09-11T16:24:18.193+0000][1][gc,start     ] GC(12) Pause Young (Allocation Failure)
[2020-09-11T16:24:18.193+0000][1][gc,task      ] GC(12) Using 1 workers of 1 for evacuation
[2020-09-11T16:24:18.226+0000][1][gc,age       ] GC(12) Desired survivor size 4358144 bytes, new threshold 6 (max threshold 6)
[2020-09-11T16:24:18.226+0000][1][gc,age       ] GC(12) Age table with threshold 6 (max threshold 6)
[2020-09-11T16:24:18.226+0000][1][gc,age       ] GC(12) - age   1:     245816 bytes,     245816 total
[2020-09-11T16:24:18.226+0000][1][gc,age       ] GC(12) - age   2:     577928 bytes,     823744 total
[2020-09-11T16:24:18.226+0000][1][gc,age       ] GC(12) - age   3:     403792 bytes,    1227536 total
[2020-09-11T16:24:18.226+0000][1][gc,age       ] GC(12) - age   4:     112480 bytes,    1340016 total
[2020-09-11T16:24:18.226+0000][1][gc,age       ] GC(12) - age   5:     829056 bytes,    2169072 total
[2020-09-11T16:24:18.226+0000][1][gc,age       ] GC(12) - age   6:     445648 bytes,    2614720 total
[2020-09-11T16:24:18.226+0000][1][gc,heap      ] GC(12) ParNew: 71954K->3327K(76672K)
[2020-09-11T16:24:18.226+0000][1][gc,heap      ] GC(12) CMS: 14117K->14117K(439104K)
[2020-09-11T16:24:18.226+0000][1][gc,metaspace ] GC(12) Metaspace: 22654K->22654K(1071104K)
[2020-09-11T16:24:18.226+0000][1][gc           ] GC(12) Pause Young (Allocation Failure) 84M->17M(503M) 33.126ms
[2020-09-11T16:24:18.226+0000][1][gc,cpu       ] GC(12) User=0.01s Sys=0.00s Real=0.03s
[2020-09-11T16:24:18.238+0000][1][safepoint    ] Safepoint "GenCollectForAllocation", Time since last: 819993764 ns, Reaching safepoint: 105960 ns, At safepoint: 44796856 ns, Total: 44902816 ns
[2020-09-11T16:24:19.021+0000][1][gc,start     ] GC(13) Pause Young (Allocation Failure)
[2020-09-11T16:24:19.021+0000][1][gc,task      ] GC(13) Using 1 workers of 1 for evacuation
[2020-09-11T16:24:19.048+0000][1][gc,age       ] GC(13) Desired survivor size 4358144 bytes, new threshold 6 (max threshold 6)
[2020-09-11T16:24:19.048+0000][1][gc,age       ] GC(13) Age table with threshold 6 (max threshold 6)
[2020-09-11T16:24:19.048+0000][1][gc,age       ] GC(13) - age   1:    1781696 bytes,    1781696 total
[2020-09-11T16:24:19.048+0000][1][gc,age       ] GC(13) - age   2:     203304 bytes,    1985000 total
[2020-09-11T16:24:19.048+0000][1][gc,age       ] GC(13) - age   3:     577816 bytes,    2562816 total
[2020-09-11T16:24:19.048+0000][1][gc,age       ] GC(13) - age   4:     403792 bytes,    2966608 total
[2020-09-11T16:24:19.048+0000][1][gc,age       ] GC(13) - age   5:     112480 bytes,    3079088 total
[2020-09-11T16:24:19.048+0000][1][gc,age       ] GC(13) - age   6:     829056 bytes,    3908144 total
[2020-09-11T16:24:19.048+0000][1][gc,heap      ] GC(13) ParNew: 71487K->5493K(76672K)
[2020-09-11T16:24:19.048+0000][1][gc,heap      ] GC(13) CMS: 14117K->14555K(439104K)
[2020-09-11T16:24:19.048+0000][1][gc,metaspace ] GC(13) Metaspace: 22757K->22757K(1071104K)
[2020-09-11T16:24:19.048+0000][1][gc           ] GC(13) Pause Young (Allocation Failure) 83M->19M(503M) 26.775ms
[2020-09-11T16:24:19.048+0000][1][gc,cpu       ] GC(13) User=0.01s Sys=0.00s Real=0.02s
[2020-09-11T16:24:19.088+0000][1][safepoint    ] Safepoint "GenCollectForAllocation", Time since last: 783104726 ns, Reaching safepoint: 109472 ns, At safepoint: 66644590 ns, Total: 66754062 ns
[2020-09-11T16:24:19.950+0000][1][gc,start     ] GC(14) Pause Young (Allocation Failure)
[2020-09-11T16:24:19.950+0000][1][gc,task      ] GC(14) Using 1 workers of 1 for evacuation
[2020-09-11T16:24:20.009+0000][1][gc,age       ] GC(14) Desired survivor size 4358144 bytes, new threshold 6 (max threshold 6)
[2020-09-11T16:24:20.009+0000][1][gc,age       ] GC(14) Age table with threshold 6 (max threshold 6)
[2020-09-11T16:24:20.009+0000][1][gc,age       ] GC(14) - age   1:    1214352 bytes,    1214352 total
[2020-09-11T16:24:20.009+0000][1][gc,age       ] GC(14) - age   2:     104192 bytes,    1318544 total
[2020-09-11T16:24:20.009+0000][1][gc,age       ] GC(14) - age   3:     203304 bytes,    1521848 total
[2020-09-11T16:24:20.009+0000][1][gc,age       ] GC(14) - age   4:     577816 bytes,    2099664 total
[2020-09-11T16:24:20.009+0000][1][gc,age       ] GC(14) - age   5:     403792 bytes,    2503456 total
[2020-09-11T16:24:20.009+0000][1][gc,age       ] GC(14) - age   6:     112480 bytes,    2615936 total
[2020-09-11T16:24:20.009+0000][1][gc,heap      ] GC(14) ParNew: 73653K->3549K(76672K)
[2020-09-11T16:24:20.009+0000][1][gc,heap      ] GC(14) CMS: 14555K->15371K(439104K)
[2020-09-11T16:24:20.009+0000][1][gc,metaspace ] GC(14) Metaspace: 22837K->22837K(1071104K)
[2020-09-11T16:24:20.009+0000][1][gc           ] GC(14) Pause Young (Allocation Failure) 86M->18M(503M) 59.747ms
[2020-09-11T16:24:20.009+0000][1][gc,cpu       ] GC(14) User=0.01s Sys=0.00s Real=0.06s
[2020-09-11T16:24:20.010+0000][1][safepoint    ] Safepoint "GenCollectForAllocation", Time since last: 861985974 ns, Reaching safepoint: 107411 ns, At safepoint: 60432202 ns, Total: 60539613 ns
[2020-09-11T16:24:20.898+0000][1][gc,start     ] GC(15) Pause Young (Allocation Failure)
[2020-09-11T16:24:20.898+0000][1][gc,task      ] GC(15) Using 1 workers of 1 for evacuation
[2020-09-11T16:24:20.939+0000][1][gc,age       ] GC(15) Desired survivor size 4358144 bytes, new threshold 6 (max threshold 6)
[2020-09-11T16:24:20.939+0000][1][gc,age       ] GC(15) Age table with threshold 6 (max threshold 6)
[2020-09-11T16:24:20.939+0000][1][gc,age       ] GC(15) - age   1:    2147880 bytes,    2147880 total
[2020-09-11T16:24:20.939+0000][1][gc,age       ] GC(15) - age   2:     314976 bytes,    2462856 total
[2020-09-11T16:24:20.939+0000][1][gc,age       ] GC(15) - age   3:     104192 bytes,    2567048 total
[2020-09-11T16:24:20.939+0000][1][gc,age       ] GC(15) - age   4:     203304 bytes,    2770352 total
[2020-09-11T16:24:20.939+0000][1][gc,age       ] GC(15) - age   5:     577816 bytes,    3348168 total
[2020-09-11T16:24:20.939+0000][1][gc,age       ] GC(15) - age   6:     403792 bytes,    3751960 total
[2020-09-11T16:24:20.939+0000][1][gc,heap      ] GC(15) ParNew: 71709K->5606K(76672K)
[2020-09-11T16:24:20.939+0000][1][gc,heap      ] GC(15) CMS: 15371K->15485K(439104K)
[2020-09-11T16:24:20.939+0000][1][gc,metaspace ] GC(15) Metaspace: 22922K->22922K(1071104K)
[2020-09-11T16:24:20.940+0000][1][gc           ] GC(15) Pause Young (Allocation Failure) 85M->20M(503M) 41.825ms
[2020-09-11T16:24:20.940+0000][1][gc,cpu       ] GC(15) User=0.01s Sys=0.00s Real=0.04s
[2020-09-11T16:24:20.977+0000][1][safepoint    ] Safepoint "GenCollectForAllocation", Time since last: 887474652 ns, Reaching safepoint: 114211 ns, At safepoint: 79247130 ns, Total: 79361341 ns
[2020-09-11T16:24:21.713+0000][1][gc,start     ] GC(16) Pause Young (Allocation Failure)
[2020-09-11T16:24:21.713+0000][1][gc,task      ] GC(16) Using 1 workers of 1 for evacuation
[2020-09-11T16:24:21.781+0000][1][gc,age       ] GC(16) Desired survivor size 4358144 bytes, new threshold 6 (max threshold 6)
[2020-09-11T16:24:21.781+0000][1][gc,age       ] GC(16) Age table with threshold 6 (max threshold 6)
[2020-09-11T16:24:21.781+0000][1][gc,age       ] GC(16) - age   1:    1564024 bytes,    1564024 total
[2020-09-11T16:24:21.781+0000][1][gc,age       ] GC(16) - age   2:     105712 bytes,    1669736 total
[2020-09-11T16:24:21.781+0000][1][gc,age       ] GC(16) - age   3:     314976 bytes,    1984712 total
[2020-09-11T16:24:21.781+0000][1][gc,age       ] GC(16) - age   4:     104192 bytes,    2088904 total
[2020-09-11T16:24:21.781+0000][1][gc,age       ] GC(16) - age   5:     203152 bytes,    2292056 total
[2020-09-11T16:24:21.781+0000][1][gc,age       ] GC(16) - age   6:     577816 bytes,    2869872 total
[2020-09-11T16:24:21.781+0000][1][gc,heap      ] GC(16) ParNew: 73766K->3448K(76672K)
[2020-09-11T16:24:21.781+0000][1][gc,heap      ] GC(16) CMS: 15485K->15884K(439104K)
[2020-09-11T16:24:21.781+0000][1][gc,metaspace ] GC(16) Metaspace: 22942K->22942K(1071104K)
[2020-09-11T16:24:21.781+0000][1][gc           ] GC(16) Pause Young (Allocation Failure) 87M->18M(503M) 68.354ms
[2020-09-11T16:24:21.781+0000][1][gc,cpu       ] GC(16) User=0.02s Sys=0.00s Real=0.07s
[2020-09-11T16:24:21.781+0000][1][safepoint    ] Safepoint "GenCollectForAllocation", Time since last: 735885408 ns, Reaching safepoint: 110728 ns, At safepoint: 68415485 ns, Total: 68526213 ns
[2020-09-11T16:24:21.949+0000][1][safepoint    ] Safepoint "Deoptimize", Time since last: 167477274 ns, Reaching safepoint: 113050 ns, At safepoint: 233718 ns, Total: 346768 ns
[2020-09-11T16:24:22.191+0000][1][safepoint    ] Safepoint "RevokeBias", Time since last: 239640300 ns, Reaching safepoint: 2126099 ns, At safepoint: 26430 ns, Total: 2152529 ns
[2020-09-11T16:24:23.191+0000][1][safepoint    ] Safepoint "Cleanup", Time since last: 1000115313 ns, Reaching safepoint: 111226 ns, At safepoint: 7011 ns, Total: 118237 ns
[2020-09-11T16:24:24.192+0000][1][safepoint    ] Safepoint "Cleanup", Time since last: 1000110709 ns, Reaching safepoint: 231618 ns, At safepoint: 7355 ns, Total: 238973 ns
[2020-09-11T16:24:24.258+0000][1][safepoint    ] Safepoint "RevokeBias", Time since last: 66595713 ns, Reaching safepoint: 99455 ns, At safepoint: 12757 ns, Total: 112212 ns
[2020-09-11T16:24:25.262+0000][1][safepoint    ] Safepoint "Cleanup", Time since last: 1004013907 ns, Reaching safepoint: 130825 ns, At safepoint: 6427 ns, Total: 137252 ns
[2020-09-11T16:24:26.273+0000][1][safepoint    ] Safepoint "Cleanup", Time since last: 1002405000 ns, Reaching safepoint: 8026887 ns, At safepoint: 8347 ns, Total: 8035234 ns
[2020-09-11T16:24:26.511+0000][1][safepoint    ] Safepoint "Deoptimize", Time since last: 237907783 ns, Reaching safepoint: 122367 ns, At safepoint: 244084 ns, Total: 366451 ns
[2020-09-11T16:24:27.526+0000][1][safepoint    ] Safepoint "Cleanup", Time since last: 1013673259 ns, Reaching safepoint: 1373020 ns, At safepoint: 9940 ns, Total: 1382960 ns
[2020-09-11T16:24:28.529+0000][1][safepoint    ] Safepoint "Cleanup", Time since last: 1002630620 ns, Reaching safepoint: 119204 ns, At safepoint: 5999 ns, Total: 125203 ns
[2020-09-11T16:24:29.538+0000][1][safepoint    ] Safepoint "Cleanup", Time since last: 1007865151 ns, Reaching safepoint: 1163910 ns, At safepoint: 11475 ns, Total: 1175385 ns
[2020-09-11T16:24:30.544+0000][1][safepoint    ] Safepoint "Cleanup", Time since last: 1005763679 ns, Reaching safepoint: 650569 ns, At safepoint: 5405 ns, Total: 655974 ns
[2020-09-11T16:24:31.565+0000][1][gc,start     ] GC(17) Pause Young (Allocation Failure)
[2020-09-11T16:24:31.565+0000][1][gc,task      ] GC(17) Using 1 workers of 1 for evacuation
[2020-09-11T16:24:31.697+0000][1][gc,age       ] GC(17) Desired survivor size 4358144 bytes, new threshold 1 (max threshold 6)
[2020-09-11T16:24:31.697+0000][1][gc,age       ] GC(17) Age table with threshold 1 (max threshold 6)
[2020-09-11T16:24:31.697+0000][1][gc,age       ] GC(17) - age   1:    7147720 bytes,    7147720 total
[2020-09-11T16:24:31.697+0000][1][gc,age       ] GC(17) - age   2:     156240 bytes,    7303960 total
[2020-09-11T16:24:31.697+0000][1][gc,age       ] GC(17) - age   3:     105216 bytes,    7409176 total
[2020-09-11T16:24:31.697+0000][1][gc,age       ] GC(17) - age   4:     312680 bytes,    7721856 total
[2020-09-11T16:24:31.697+0000][1][gc,age       ] GC(17) - age   5:     103912 bytes,    7825768 total
[2020-09-11T16:24:31.697+0000][1][gc,age       ] GC(17) - age   6:     203152 bytes,    8028920 total
[2020-09-11T16:24:31.697+0000][1][gc,heap      ] GC(17) ParNew: 71608K->8512K(76672K)
[2020-09-11T16:24:31.697+0000][1][gc,heap      ] GC(17) CMS: 15884K->16455K(439104K)
[2020-09-11T16:24:31.697+0000][1][gc,metaspace ] GC(17) Metaspace: 29690K->29690K(1077248K)
[2020-09-11T16:24:31.697+0000][1][gc           ] GC(17) Pause Young (Allocation Failure) 85M->24M(503M) 132.091ms
[2020-09-11T16:24:31.697+0000][1][gc,cpu       ] GC(17) User=0.03s Sys=0.00s Real=0.13s
[2020-09-11T16:24:31.716+0000][1][safepoint    ] Safepoint "GenCollectForAllocation", Time since last: 1020447399 ns, Reaching safepoint: 104216 ns, At safepoint: 151486079 ns, Total: 151590295 ns
[2020-09-11T16:24:32.779+0000][1][safepoint    ] Safepoint "Cleanup", Time since last: 1062776660 ns, Reaching safepoint: 121747 ns, At safepoint: 6917 ns, Total: 128664 ns
[2020-09-11T16:24:34.789+0000][1][safepoint    ] Safepoint "Cleanup", Time since last: 2003573817 ns, Reaching safepoint: 5899076 ns, At safepoint: 11717 ns, Total: 5910793 ns
[2020-09-11T16:24:35.825+0000][1][safepoint    ] Safepoint "Cleanup", Time since last: 1015983065 ns, Reaching safepoint: 20069578 ns, At safepoint: 17676 ns, Total: 20087254 ns
[2020-09-11T16:24:36.839+0000][1][safepoint    ] Safepoint "Cleanup", Time since last: 1013934824 ns, Reaching safepoint: 116527 ns, At safepoint: 6090 ns, Total: 122617 ns
[2020-09-11T16:24:37.841+0000][1][safepoint    ] Safepoint "Cleanup", Time since last: 1001854131 ns, Reaching safepoint: 114831 ns, At safepoint: 5982 ns, Total: 120813 ns
[2020-09-11T16:24:38.865+0000][1][safepoint    ] Safepoint "Cleanup", Time since last: 1023862424 ns, Reaching safepoint: 107004 ns, At safepoint: 5598 ns, Total: 112602 ns
[2020-09-11T16:24:38.866+0000][1][gc,start     ] GC(18) Pause Young (Allocation Failure)
[2020-09-11T16:24:38.866+0000][1][gc,task      ] GC(18) Using 1 workers of 1 for evacuation
[2020-09-11T16:24:39.165+0000][1][gc,age       ] GC(18) Desired survivor size 4358144 bytes, new threshold 1 (max threshold 6)
[2020-09-11T16:24:39.165+0000][1][gc,age       ] GC(18) Age table with threshold 1 (max threshold 6)
[2020-09-11T16:24:39.165+0000][1][gc,age       ] GC(18) - age   1:    8716240 bytes,    8716240 total
[2020-09-11T16:24:39.165+0000][1][gc,heap      ] GC(18) ParNew: 76672K->8512K(76672K)
[2020-09-11T16:24:39.165+0000][1][gc,heap      ] GC(18) CMS: 16455K->24345K(439104K)
[2020-09-11T16:24:39.165+0000][1][gc,metaspace ] GC(18) Metaspace: 29698K->29698K(1077248K)
[2020-09-11T16:24:39.165+0000][1][gc           ] GC(18) Pause Young (Allocation Failure) 90M->32M(503M) 298.555ms
[2020-09-11T16:24:39.165+0000][1][gc,cpu       ] GC(18) User=0.06s Sys=0.00s Real=0.30s
[2020-09-11T16:24:39.194+0000][1][safepoint    ] Safepoint "GenCollectForAllocation", Time since last: 1416700 ns, Reaching safepoint: 80806 ns, At safepoint: 327229752 ns, Total: 327310558 ns
[2020-09-11T16:24:40.221+0000][1][safepoint    ] Safepoint "Cleanup", Time since last: 1023267455 ns, Reaching safepoint: 3932846 ns, At safepoint: 15196 ns, Total: 3948042 ns
[2020-09-11T16:24:40.675+0000][1][safepoint    ] Safepoint "RevokeBias", Time since last: 454316018 ns, Reaching safepoint: 104030 ns, At safepoint: 29198 ns, Total: 133228 ns
[2020-09-11T16:24:41.705+0000][1][safepoint    ] Safepoint "Cleanup", Time since last: 1009887738 ns, Reaching safepoint: 19669615 ns, At safepoint: 17385 ns, Total: 19687000 ns
[2020-09-11T16:24:43.737+0000][1][safepoint    ] Safepoint "Cleanup", Time since last: 2006029564 ns, Reaching safepoint: 25959695 ns, At safepoint: 14311 ns, Total: 25974006 ns
[2020-09-11T16:24:44.705+0000][1][gc,start     ] GC(19) Pause Young (Allocation Failure)
[2020-09-11T16:24:44.705+0000][1][gc,task      ] GC(19) Using 1 workers of 1 for evacuation
[2020-09-11T16:24:45.041+0000][1][gc,age       ] GC(19) Desired survivor size 4358144 bytes, new threshold 1 (max threshold 6)
[2020-09-11T16:24:45.041+0000][1][gc,age       ] GC(19) Age table with threshold 1 (max threshold 6)
[2020-09-11T16:24:45.041+0000][1][gc,age       ] GC(19) - age   1:    8716224 bytes,    8716224 total
[2020-09-11T16:24:45.041+0000][1][gc,heap      ] GC(19) ParNew: 76672K->8512K(76672K)
[2020-09-11T16:24:45.041+0000][1][gc,heap      ] GC(19) CMS: 24345K->33901K(439104K)
[2020-09-11T16:24:45.041+0000][1][gc,metaspace ] GC(19) Metaspace: 29916K->29916K(1077248K)
[2020-09-11T16:24:45.041+0000][1][gc           ] GC(19) Pause Young (Allocation Failure) 98M->41M(503M) 336.284ms
[2020-09-11T16:24:45.041+0000][1][gc,cpu       ] GC(19) User=0.07s Sys=0.00s Real=0.34s
[2020-09-11T16:24:45.061+0000][1][safepoint    ] Safepoint "GenCollectForAllocation", Time since last: 967964349 ns, Reaching safepoint: 104375 ns, At safepoint: 355890018 ns, Total: 355994393 ns
[2020-09-11T16:24:47.080+0000][1][safepoint    ] Safepoint "RevokeBias", Time since last: 2019131843 ns, Reaching safepoint: 125210 ns, At safepoint: 44771 ns, Total: 169981 ns
[2020-09-11T16:24:48.110+0000][1][safepoint    ] Safepoint "Cleanup", Time since last: 1006454268 ns, Reaching safepoint: 23423067 ns, At safepoint: 9578 ns, Total: 23432645 ns
[2020-09-11T16:24:48.340+0000][1][safepoint    ] Safepoint "RevokeBias", Time since last: 230228379 ns, Reaching safepoint: 117807 ns, At safepoint: 41598 ns, Total: 159405 ns
[2020-09-11T16:24:48.693+0000][1][safepoint    ] Safepoint "RevokeBias", Time since last: 352405514 ns, Reaching safepoint: 118201 ns, At safepoint: 46678 ns, Total: 164879 ns
[2020-09-11T16:24:49.702+0000][1][safepoint    ] Safepoint "Cleanup", Time since last: 1007891760 ns, Reaching safepoint: 969121 ns, At safepoint: 5653 ns, Total: 974774 ns
[2020-09-11T16:24:50.045+0000][1][gc,start     ] GC(20) Pause Young (Allocation Failure)
[2020-09-11T16:24:50.045+0000][1][gc,task      ] GC(20) Using 1 workers of 1 for evacuation
[2020-09-11T16:24:50.194+0000][1][gc,age       ] GC(20) Desired survivor size 4358144 bytes, new threshold 6 (max threshold 6)
[2020-09-11T16:24:50.194+0000][1][gc,age       ] GC(20) Age table with threshold 6 (max threshold 6)
[2020-09-11T16:24:50.194+0000][1][gc,age       ] GC(20) - age   1:    3716592 bytes,    3716592 total
[2020-09-11T16:24:50.194+0000][1][gc,heap      ] GC(20) ParNew: 76672K->8393K(76672K)
[2020-09-11T16:24:50.194+0000][1][gc,heap      ] GC(20) CMS: 33901K->42143K(439104K)
[2020-09-11T16:24:50.194+0000][1][gc,metaspace ] GC(20) Metaspace: 32126K->32126K(1079296K)
[2020-09-11T16:24:50.194+0000][1][gc           ] GC(20) Pause Young (Allocation Failure) 107M->49M(503M) 149.310ms
[2020-09-11T16:24:50.194+0000][1][gc,cpu       ] GC(20) User=0.03s Sys=0.00s Real=0.15s
[2020-09-11T16:24:50.217+0000][1][safepoint    ] Safepoint "GenCollectForAllocation", Time since last: 339006829 ns, Reaching safepoint: 3984823 ns, At safepoint: 172009693 ns, Total: 175994516 ns
[2020-09-11T16:24:50.853+0000][1][safepoint    ] Safepoint "Deoptimize", Time since last: 632026567 ns, Reaching safepoint: 3974299 ns, At safepoint: 278578 ns, Total: 4252877 ns
[2020-09-11T16:24:51.866+0000][1][safepoint    ] Safepoint "Cleanup", Time since last: 1011699834 ns, Reaching safepoint: 1498783 ns, At safepoint: 9413 ns, Total: 1508196 ns
[2020-09-11T16:24:51.942+0000][1][safepoint    ] Safepoint "RevokeBias", Time since last: 74681344 ns, Reaching safepoint: 632594 ns, At safepoint: 30493 ns, Total: 663087 ns
[2020-09-11T16:24:52.957+0000][1][safepoint    ] Safepoint "Cleanup", Time since last: 1000105940 ns, Reaching safepoint: 15072633 ns, At safepoint: 15077 ns, Total: 15087710 ns
[2020-09-11T16:24:53.957+0000][1][safepoint    ] Safepoint "Cleanup", Time since last: 1000115959 ns, Reaching safepoint: 503404 ns, At safepoint: 5525 ns, Total: 508929 ns
[2020-09-11T16:24:54.357+0000][1][safepoint    ] Safepoint "Deoptimize", Time since last: 395131805 ns, Reaching safepoint: 114287 ns, At safepoint: 4381921 ns, Total: 4496208 ns
[2020-09-11T16:24:55.359+0000][1][safepoint    ] Safepoint "Cleanup", Time since last: 1002032909 ns, Reaching safepoint: 120453 ns, At safepoint: 6021 ns, Total: 126474 ns
[2020-09-11T16:24:55.681+0000][1][gc,start     ] GC(21) Pause Young (Allocation Failure)
[2020-09-11T16:24:55.681+0000][1][gc,task      ] GC(21) Using 1 workers of 1 for evacuation
[2020-09-11T16:24:55.740+0000][1][gc,age       ] GC(21) Desired survivor size 4358144 bytes, new threshold 2 (max threshold 6)
[2020-09-11T16:24:55.740+0000][1][gc,age       ] GC(21) Age table with threshold 2 (max threshold 6)
[2020-09-11T16:24:55.740+0000][1][gc,age       ] GC(21) - age   1:    1035408 bytes,    1035408 total
[2020-09-11T16:24:55.740+0000][1][gc,age       ] GC(21) - age   2:    3623232 bytes,    4658640 total
[2020-09-11T16:24:55.740+0000][1][gc,heap      ] GC(21) ParNew: 76553K->6919K(76672K)
[2020-09-11T16:24:55.740+0000][1][gc,heap      ] GC(21) CMS: 42143K->42143K(439104K)
[2020-09-11T16:24:55.740+0000][1][gc,metaspace ] GC(21) Metaspace: 32431K->32431K(1079296K)
[2020-09-11T16:24:55.740+0000][1][gc           ] GC(21) Pause Young (Allocation Failure) 115M->47M(503M) 59.331ms
[2020-09-11T16:24:55.740+0000][1][gc,cpu       ] GC(21) User=0.01s Sys=0.00s Real=0.05s
[2020-09-11T16:24:55.762+0000][1][safepoint    ] Safepoint "GenCollectForAllocation", Time since last: 321533537 ns, Reaching safepoint: 112051 ns, At safepoint: 80748740 ns, Total: 80860791 ns
[2020-09-11T16:24:56.785+0000][1][safepoint    ] Safepoint "Cleanup", Time since last: 1023139972 ns, Reaching safepoint: 119174 ns, At safepoint: 5362 ns, Total: 124536 ns
[2020-09-11T16:24:57.209+0000][1][gc,start     ] GC(22) Pause Young (Allocation Failure)
[2020-09-11T16:24:57.209+0000][1][gc,task      ] GC(22) Using 1 workers of 1 for evacuation
[2020-09-11T16:24:57.325+0000][1][gc,age       ] GC(22) Desired survivor size 4358144 bytes, new threshold 6 (max threshold 6)
[2020-09-11T16:24:57.325+0000][1][gc,age       ] GC(22) Age table with threshold 6 (max threshold 6)
[2020-09-11T16:24:57.325+0000][1][gc,age       ] GC(22) - age   1:     250096 bytes,     250096 total
[2020-09-11T16:24:57.325+0000][1][gc,age       ] GC(22) - age   2:     438632 bytes,     688728 total
[2020-09-11T16:24:57.325+0000][1][gc,heap      ] GC(22) ParNew: 75079K->4276K(76672K)
[2020-09-11T16:24:57.325+0000][1][gc,heap      ] GC(22) CMS: 42143K->45698K(439104K)
[2020-09-11T16:24:57.325+0000][1][gc,metaspace ] GC(22) Metaspace: 32441K->32441K(1079296K)
[2020-09-11T16:24:57.325+0000][1][gc           ] GC(22) Pause Young (Allocation Failure) 114M->48M(503M) 116.176ms
[2020-09-11T16:24:57.325+0000][1][gc,cpu       ] GC(22) User=0.03s Sys=0.00s Real=0.12s
[2020-09-11T16:24:57.325+0000][1][safepoint    ] Safepoint "GenCollectForAllocation", Time since last: 423886297 ns, Reaching safepoint: 104587 ns, At safepoint: 116260507 ns, Total: 116365094 ns
[2020-09-11T16:24:58.386+0000][1][safepoint    ] Safepoint "Cleanup", Time since last: 1049935962 ns, Reaching safepoint: 10653817 ns, At safepoint: 8080 ns, Total: 10661897 ns
[2020-09-11T16:24:58.427+0000][1][gc,start     ] GC(23) Pause Young (Allocation Failure)
[2020-09-11T16:24:58.427+0000][1][gc,task      ] GC(23) Using 1 workers of 1 for evacuation
[2020-09-11T16:24:58.441+0000][1][gc,age       ] GC(23) Desired survivor size 4358144 bytes, new threshold 6 (max threshold 6)
[2020-09-11T16:24:58.441+0000][1][gc,age       ] GC(23) Age table with threshold 6 (max threshold 6)
[2020-09-11T16:24:58.441+0000][1][gc,age       ] GC(23) - age   1:        200 bytes,        200 total
[2020-09-11T16:24:58.442+0000][1][gc,age       ] GC(23) - age   2:     250072 bytes,     250272 total
[2020-09-11T16:24:58.442+0000][1][gc,age       ] GC(23) - age   3:     438632 bytes,     688904 total
[2020-09-11T16:24:58.442+0000][1][gc,heap      ] GC(23) ParNew: 72436K->1195K(76672K)
[2020-09-11T16:24:58.442+0000][1][gc,heap      ] GC(23) CMS: 45698K->45698K(439104K)
[2020-09-11T16:24:58.442+0000][1][gc,metaspace ] GC(23) Metaspace: 32443K->32443K(1079296K)
[2020-09-11T16:24:58.442+0000][1][gc           ] GC(23) Pause Young (Allocation Failure) 115M->45M(503M) 14.285ms
[2020-09-11T16:24:58.442+0000][1][gc,cpu       ] GC(23) User=0.01s Sys=0.00s Real=0.02s
[2020-09-11T16:24:58.457+0000][1][safepoint    ] Safepoint "GenCollectForAllocation", Time since last: 41429005 ns, Reaching safepoint: 98011 ns, At safepoint: 29501836 ns, Total: 29599847 ns
[2020-09-11T16:24:59.368+0000][1][gc,start     ] GC(24) Pause Young (Allocation Failure)
[2020-09-11T16:24:59.368+0000][1][gc,task      ] GC(24) Using 1 workers of 1 for evacuation
[2020-09-11T16:24:59.372+0000][1][gc,age       ] GC(24) Desired survivor size 4358144 bytes, new threshold 6 (max threshold 6)
[2020-09-11T16:24:59.372+0000][1][gc,age       ] GC(24) Age table with threshold 6 (max threshold 6)
[2020-09-11T16:24:59.372+0000][1][gc,age       ] GC(24) - age   1:         24 bytes,         24 total
[2020-09-11T16:24:59.372+0000][1][gc,age       ] GC(24) - age   3:     250072 bytes,     250096 total
[2020-09-11T16:24:59.372+0000][1][gc,age       ] GC(24) - age   4:     438632 bytes,     688728 total
[2020-09-11T16:24:59.372+0000][1][gc,heap      ] GC(24) ParNew: 69355K->1102K(76672K)
[2020-09-11T16:24:59.372+0000][1][gc,heap      ] GC(24) CMS: 45698K->45698K(439104K)
[2020-09-11T16:24:59.372+0000][1][gc,metaspace ] GC(24) Metaspace: 32446K->32446K(1079296K)
[2020-09-11T16:24:59.372+0000][1][gc           ] GC(24) Pause Young (Allocation Failure) 112M->45M(503M) 4.303ms
[2020-09-11T16:24:59.372+0000][1][gc,cpu       ] GC(24) User=0.00s Sys=0.00s Real=0.00s
[2020-09-11T16:24:59.405+0000][1][safepoint    ] Safepoint "GenCollectForAllocation", Time since last: 910839170 ns, Reaching safepoint: 101628 ns, At safepoint: 37073240 ns, Total: 37174868 ns
[2020-09-11T16:25:00.189+0000][1][gc,start     ] GC(25) Pause Young (Allocation Failure)
[2020-09-11T16:25:00.189+0000][1][gc,task      ] GC(25) Using 1 workers of 1 for evacuation
[2020-09-11T16:25:00.192+0000][1][gc,age       ] GC(25) Desired survivor size 4358144 bytes, new threshold 6 (max threshold 6)
[2020-09-11T16:25:00.192+0000][1][gc,age       ] GC(25) Age table with threshold 6 (max threshold 6)
[2020-09-11T16:25:00.192+0000][1][gc,age       ] GC(25) - age   1:         48 bytes,         48 total
[2020-09-11T16:25:00.192+0000][1][gc,age       ] GC(25) - age   4:     250072 bytes,     250120 total
[2020-09-11T16:25:00.192+0000][1][gc,age       ] GC(25) - age   5:     438632 bytes,     688752 total
[2020-09-11T16:25:00.192+0000][1][gc,heap      ] GC(25) ParNew: 69262K->1284K(76672K)
[2020-09-11T16:25:00.192+0000][1][gc,heap      ] GC(25) CMS: 45698K->45698K(439104K)
[2020-09-11T16:25:00.192+0000][1][gc,metaspace ] GC(25) Metaspace: 32446K->32446K(1079296K)
[2020-09-11T16:25:00.192+0000][1][gc           ] GC(25) Pause Young (Allocation Failure) 112M->45M(503M) 2.952ms
[2020-09-11T16:25:00.192+0000][1][gc,cpu       ] GC(25) User=0.00s Sys=0.00s Real=0.00s
[2020-09-11T16:25:00.227+0000][1][safepoint    ] Safepoint "GenCollectForAllocation", Time since last: 783982685 ns, Reaching safepoint: 103498 ns, At safepoint: 37858327 ns, Total: 37961825 ns
[2020-09-11T16:25:00.945+0000][1][gc,start     ] GC(26) Pause Young (Allocation Failure)
[2020-09-11T16:25:00.945+0000][1][gc,task      ] GC(26) Using 1 workers of 1 for evacuation
[2020-09-11T16:25:00.948+0000][1][gc,age       ] GC(26) Desired survivor size 4358144 bytes, new threshold 6 (max threshold 6)
[2020-09-11T16:25:00.948+0000][1][gc,age       ] GC(26) Age table with threshold 6 (max threshold 6)
[2020-09-11T16:25:00.948+0000][1][gc,age       ] GC(26) - age   1:        200 bytes,        200 total
[2020-09-11T16:25:00.948+0000][1][gc,age       ] GC(26) - age   5:     250072 bytes,     250272 total
[2020-09-11T16:25:00.948+0000][1][gc,age       ] GC(26) - age   6:     438632 bytes,     688904 total
[2020-09-11T16:25:00.948+0000][1][gc,heap      ] GC(26) ParNew: 69444K->825K(76672K)
[2020-09-11T16:25:00.948+0000][1][gc,heap      ] GC(26) CMS: 45698K->45698K(439104K)
[2020-09-11T16:25:00.948+0000][1][gc,metaspace ] GC(26) Metaspace: 32446K->32446K(1079296K)
[2020-09-11T16:25:00.948+0000][1][gc           ] GC(26) Pause Young (Allocation Failure) 112M->45M(503M) 2.958ms
[2020-09-11T16:25:00.948+0000][1][gc,cpu       ] GC(26) User=0.00s Sys=0.00s Real=0.00s
[2020-09-11T16:25:00.957+0000][1][safepoint    ] Safepoint "GenCollectForAllocation", Time since last: 718038035 ns, Reaching safepoint: 112576 ns, At safepoint: 11992833 ns, Total: 12105409 ns
[2020-09-11T16:25:01.244+0000][1][gc,start     ] GC(27) Pause Young (Allocation Failure)
[2020-09-11T16:25:01.244+0000][1][gc,task      ] GC(27) Using 1 workers of 1 for evacuation
[2020-09-11T16:25:01.246+0000][1][gc,age       ] GC(27) Desired survivor size 4358144 bytes, new threshold 6 (max threshold 6)
[2020-09-11T16:25:01.246+0000][1][gc,age       ] GC(27) Age table with threshold 6 (max threshold 6)
[2020-09-11T16:25:01.246+0000][1][gc,age       ] GC(27) - age   1:        240 bytes,        240 total
[2020-09-11T16:25:01.246+0000][1][gc,age       ] GC(27) - age   6:     250072 bytes,     250312 total
[2020-09-11T16:25:01.246+0000][1][gc,heap      ] GC(27) ParNew: 68985K->607K(76672K)
[2020-09-11T16:25:01.246+0000][1][gc,heap      ] GC(27) CMS: 45698K->46127K(439104K)
[2020-09-11T16:25:01.246+0000][1][gc,metaspace ] GC(27) Metaspace: 32446K->32446K(1079296K)
[2020-09-11T16:25:01.246+0000][1][gc           ] GC(27) Pause Young (Allocation Failure) 111M->45M(503M) 2.776ms
[2020-09-11T16:25:01.246+0000][1][gc,cpu       ] GC(27) User=0.00s Sys=0.00s Real=0.00s
[2020-09-11T16:25:01.249+0000][1][safepoint    ] Safepoint "GenCollectForAllocation", Time since last: 286494786 ns, Reaching safepoint: 110946 ns, At safepoint: 5296602 ns, Total: 5407548 ns
[2020-09-11T16:25:01.456+0000][1][gc,start     ] GC(28) Pause Young (Allocation Failure)
[2020-09-11T16:25:01.456+0000][1][gc,task      ] GC(28) Using 1 workers of 1 for evacuation
[2020-09-11T16:25:01.463+0000][1][gc,age       ] GC(28) Desired survivor size 4358144 bytes, new threshold 6 (max threshold 6)
[2020-09-11T16:25:01.463+0000][1][gc,age       ] GC(28) Age table with threshold 6 (max threshold 6)
[2020-09-11T16:25:01.463+0000][1][gc,age       ] GC(28) - age   1:        136 bytes,        136 total
[2020-09-11T16:25:01.463+0000][1][gc,heap      ] GC(28) ParNew: 68767K->243K(76672K)
[2020-09-11T16:25:01.463+0000][1][gc,heap      ] GC(28) CMS: 46127K->46371K(439104K)
[2020-09-11T16:25:01.463+0000][1][gc,metaspace ] GC(28) Metaspace: 32446K->32446K(1079296K)
[2020-09-11T16:25:01.463+0000][1][gc           ] GC(28) Pause Young (Allocation Failure) 112M->45M(503M) 6.856ms
[2020-09-11T16:25:01.463+0000][1][gc,cpu       ] GC(28) User=0.00s Sys=0.00s Real=0.01s
[2020-09-11T16:25:01.469+0000][1][safepoint    ] Safepoint "GenCollectForAllocation", Time since last: 200878425 ns, Reaching safepoint: 6396418 ns, At safepoint: 12727864 ns, Total: 19124282 ns
[2020-09-11T16:25:01.665+0000][1][gc,start     ] GC(29) Pause Young (Allocation Failure)
[2020-09-11T16:25:01.665+0000][1][gc,task      ] GC(29) Using 1 workers of 1 for evacuation
[2020-09-11T16:25:01.667+0000][1][gc,age       ] GC(29) Desired survivor size 4358144 bytes, new threshold 6 (max threshold 6)
[2020-09-11T16:25:01.667+0000][1][gc,age       ] GC(29) Age table with threshold 6 (max threshold 6)
[2020-09-11T16:25:01.667+0000][1][gc,age       ] GC(29) - age   1:        184 bytes,        184 total
[2020-09-11T16:25:01.667+0000][1][gc,age       ] GC(29) - age   2:         72 bytes,        256 total
[2020-09-11T16:25:01.667+0000][1][gc,heap      ] GC(29) ParNew: 68403K->60K(76672K)
[2020-09-11T16:25:01.667+0000][1][gc,heap      ] GC(29) CMS: 46371K->46371K(439104K)
[2020-09-11T16:25:01.667+0000][1][gc,metaspace ] GC(29) Metaspace: 32446K->32446K(1079296K)
[2020-09-11T16:25:01.667+0000][1][gc           ] GC(29) Pause Young (Allocation Failure) 112M->45M(503M) 2.370ms
[2020-09-11T16:25:01.667+0000][1][gc,cpu       ] GC(29) User=0.00s Sys=0.00s Real=0.00s
[2020-09-11T16:25:01.669+0000][1][safepoint    ] Safepoint "GenCollectForAllocation", Time since last: 195977459 ns, Reaching safepoint: 109913 ns, At safepoint: 3905772 ns, Total: 4015685 ns
[2020-09-11T16:25:01.863+0000][1][gc,start     ] GC(30) Pause Young (Allocation Failure)
[2020-09-11T16:25:01.863+0000][1][gc,task      ] GC(30) Using 1 workers of 1 for evacuation
[2020-09-11T16:25:01.874+0000][1][gc,age       ] GC(30) Desired survivor size 4358144 bytes, new threshold 6 (max threshold 6)
[2020-09-11T16:25:01.874+0000][1][gc,age       ] GC(30) Age table with threshold 6 (max threshold 6)
[2020-09-11T16:25:01.874+0000][1][gc,age       ] GC(30) - age   1:        256 bytes,        256 total
[2020-09-11T16:25:01.874+0000][1][gc,age       ] GC(30) - age   3:         72 bytes,        328 total
[2020-09-11T16:25:01.874+0000][1][gc,heap      ] GC(30) ParNew: 68220K->15K(76672K)
[2020-09-11T16:25:01.874+0000][1][gc,heap      ] GC(30) CMS: 46371K->46371K(439104K)
[2020-09-11T16:25:01.874+0000][1][gc,metaspace ] GC(30) Metaspace: 32446K->32446K(1079296K)
[2020-09-11T16:25:01.874+0000][1][gc           ] GC(30) Pause Young (Allocation Failure) 111M->45M(503M) 10.716ms
[2020-09-11T16:25:01.874+0000][1][gc,cpu       ] GC(30) User=0.00s Sys=0.00s Real=0.01s
[2020-09-11T16:25:01.874+0000][1][safepoint    ] Safepoint "GenCollectForAllocation", Time since last: 191983078 ns, Reaching safepoint: 2247354 ns, At safepoint: 10778005 ns, Total: 13025359 ns
[2020-09-11T16:25:02.066+0000][1][gc,start     ] GC(31) Pause Young (Allocation Failure)
[2020-09-11T16:25:02.066+0000][1][gc,task      ] GC(31) Using 1 workers of 1 for evacuation
[2020-09-11T16:25:02.068+0000][1][gc,age       ] GC(31) Desired survivor size 4358144 bytes, new threshold 6 (max threshold 6)
[2020-09-11T16:25:02.068+0000][1][gc,age       ] GC(31) Age table with threshold 6 (max threshold 6)
[2020-09-11T16:25:02.068+0000][1][gc,age       ] GC(31) - age   1:         64 bytes,         64 total
[2020-09-11T16:25:02.068+0000][1][gc,age       ] GC(31) - age   2:        208 bytes,        272 total
[2020-09-11T16:25:02.068+0000][1][gc,age       ] GC(31) - age   4:         72 bytes,        344 total
[2020-09-11T16:25:02.068+0000][1][gc,heap      ] GC(31) ParNew: 68175K->3K(76672K)
[2020-09-11T16:25:02.068+0000][1][gc,heap      ] GC(31) CMS: 46371K->46371K(439104K)
[2020-09-11T16:25:02.068+0000][1][gc,metaspace ] GC(31) Metaspace: 32446K->32446K(1079296K)
[2020-09-11T16:25:02.068+0000][1][gc           ] GC(31) Pause Young (Allocation Failure) 111M->45M(503M) 2.402ms
[2020-09-11T16:25:02.068+0000][1][gc,cpu       ] GC(31) User=0.00s Sys=0.00s Real=0.00s
[2020-09-11T16:25:02.079+0000][1][safepoint    ] Safepoint "GenCollectForAllocation", Time since last: 191007214 ns, Reaching safepoint: 1193028 ns, At safepoint: 12988744 ns, Total: 14181772 ns
[2020-09-11T16:25:02.277+0000][1][gc,start     ] GC(32) Pause Young (Allocation Failure)
[2020-09-11T16:25:02.277+0000][1][gc,task      ] GC(32) Using 1 workers of 1 for evacuation
[2020-09-11T16:25:02.279+0000][1][gc,age       ] GC(32) Desired survivor size 4358144 bytes, new threshold 6 (max threshold 6)
[2020-09-11T16:25:02.279+0000][1][gc,age       ] GC(32) Age table with threshold 6 (max threshold 6)
[2020-09-11T16:25:02.279+0000][1][gc,age       ] GC(32) - age   1:         24 bytes,         24 total
[2020-09-11T16:25:02.279+0000][1][gc,age       ] GC(32) - age   3:        208 bytes,        232 total
[2020-09-11T16:25:02.279+0000][1][gc,age       ] GC(32) - age   5:         72 bytes,        304 total
[2020-09-11T16:25:02.279+0000][1][gc,heap      ] GC(32) ParNew: 68163K->2K(76672K)
[2020-09-11T16:25:02.279+0000][1][gc,heap      ] GC(32) CMS: 46371K->46371K(439104K)
[2020-09-11T16:25:02.279+0000][1][gc,metaspace ] GC(32) Metaspace: 32446K->32446K(1079296K)
[2020-09-11T16:25:02.279+0000][1][gc           ] GC(32) Pause Young (Allocation Failure) 111M->45M(503M) 2.363ms
[2020-09-11T16:25:02.279+0000][1][gc,cpu       ] GC(32) User=0.00s Sys=0.00s Real=0.00s
[2020-09-11T16:25:02.295+0000][1][safepoint    ] Safepoint "GenCollectForAllocation", Time since last: 196577243 ns, Reaching safepoint: 1218507 ns, At safepoint: 17778065 ns, Total: 18996572 ns
[2020-09-11T16:25:02.481+0000][1][gc,start     ] GC(33) Pause Young (Allocation Failure)
[2020-09-11T16:25:02.481+0000][1][gc,task      ] GC(33) Using 1 workers of 1 for evacuation
[2020-09-11T16:25:02.483+0000][1][gc,age       ] GC(33) Desired survivor size 4358144 bytes, new threshold 6 (max threshold 6)
[2020-09-11T16:25:02.483+0000][1][gc,age       ] GC(33) Age table with threshold 6 (max threshold 6)
[2020-09-11T16:25:02.483+0000][1][gc,age       ] GC(33) - age   1:        152 bytes,        152 total
[2020-09-11T16:25:02.483+0000][1][gc,age       ] GC(33) - age   4:        208 bytes,        360 total
[2020-09-11T16:25:02.483+0000][1][gc,age       ] GC(33) - age   6:         72 bytes,        432 total
[2020-09-11T16:25:02.483+0000][1][gc,heap      ] GC(33) ParNew: 68162K->2K(76672K)
[2020-09-11T16:25:02.483+0000][1][gc,heap      ] GC(33) CMS: 46371K->46371K(439104K)
[2020-09-11T16:25:02.483+0000][1][gc,metaspace ] GC(33) Metaspace: 32446K->32446K(1079296K)
[2020-09-11T16:25:02.483+0000][1][gc           ] GC(33) Pause Young (Allocation Failure) 111M->45M(503M) 2.389ms
[2020-09-11T16:25:02.483+0000][1][gc,cpu       ] GC(33) User=0.00s Sys=0.00s Real=0.00s
[2020-09-11T16:25:02.491+0000][1][safepoint    ] Safepoint "GenCollectForAllocation", Time since last: 186113790 ns, Reaching safepoint: 121147 ns, At safepoint: 10250801 ns, Total: 10371948 ns
[2020-09-11T16:25:03.495+0000][1][safepoint    ] Safepoint "Cleanup", Time since last: 1000123471 ns, Reaching safepoint: 3655434 ns, At safepoint: 9482 ns, Total: 3664916 ns
[2020-09-11T16:25:04.501+0000][1][safepoint    ] Safepoint "Cleanup", Time since last: 1005959643 ns, Reaching safepoint: 304873 ns, At safepoint: 4943 ns, Total: 309816 ns
[2020-09-11T16:25:08.553+0000][1][safepoint    ] Safepoint "Cleanup", Time since last: 4035102160 ns, Reaching safepoint: 17210972 ns, At safepoint: 11484 ns, Total: 17222456 ns
[2020-09-11T16:25:10.493+0000][1][gc,start     ] GC(34) Pause Young (Allocation Failure)
[2020-09-11T16:25:10.493+0000][1][gc,task      ] GC(34) Using 1 workers of 1 for evacuation
[2020-09-11T16:25:10.496+0000][1][gc,age       ] GC(34) Desired survivor size 4358144 bytes, new threshold 6 (max threshold 6)
[2020-09-11T16:25:10.496+0000][1][gc,age       ] GC(34) Age table with threshold 6 (max threshold 6)
[2020-09-11T16:25:10.496+0000][1][gc,age       ] GC(34) - age   1:     277360 bytes,     277360 total
[2020-09-11T16:25:10.496+0000][1][gc,age       ] GC(34) - age   5:        208 bytes,     277568 total
[2020-09-11T16:25:10.496+0000][1][gc,heap      ] GC(34) ParNew: 68162K->272K(76672K)
[2020-09-11T16:25:10.496+0000][1][gc,heap      ] GC(34) CMS: 46371K->46371K(439104K)
[2020-09-11T16:25:10.496+0000][1][gc,metaspace ] GC(34) Metaspace: 32467K->32467K(1079296K)
[2020-09-11T16:25:10.496+0000][1][gc           ] GC(34) Pause Young (Allocation Failure) 111M->45M(503M) 2.692ms
[2020-09-11T16:25:10.496+0000][1][gc,cpu       ] GC(34) User=0.00s Sys=0.00s Real=0.00s
[2020-09-11T16:25:10.513+0000][1][safepoint    ] Safepoint "GenCollectForAllocation", Time since last: 1939355888 ns, Reaching safepoint: 112720 ns, At safepoint: 19941605 ns, Total: 20054325 ns
[2020-09-11T16:25:13.717+0000][1][gc,start     ] GC(35) Pause Young (Allocation Failure)
[2020-09-11T16:25:13.717+0000][1][gc,task      ] GC(35) Using 1 workers of 1 for evacuation
[2020-09-11T16:25:13.719+0000][1][gc,age       ] GC(35) Desired survivor size 4358144 bytes, new threshold 6 (max threshold 6)
[2020-09-11T16:25:13.719+0000][1][gc,age       ] GC(35) Age table with threshold 6 (max threshold 6)
[2020-09-11T16:25:13.719+0000][1][gc,age       ] GC(35) - age   1:     511808 bytes,     511808 total
[2020-09-11T16:25:13.719+0000][1][gc,age       ] GC(35) - age   2:     183752 bytes,     695560 total
[2020-09-11T16:25:13.719+0000][1][gc,age       ] GC(35) - age   6:        208 bytes,     695768 total
[2020-09-11T16:25:13.719+0000][1][gc,heap      ] GC(35) ParNew: 68432K->680K(76672K)
[2020-09-11T16:25:13.720+0000][1][gc,heap      ] GC(35) CMS: 46371K->46371K(439104K)
[2020-09-11T16:25:13.720+0000][1][gc,metaspace ] GC(35) Metaspace: 32467K->32467K(1079296K)
[2020-09-11T16:25:13.720+0000][1][gc           ] GC(35) Pause Young (Allocation Failure) 112M->45M(503M) 2.707ms
[2020-09-11T16:25:13.720+0000][1][gc,cpu       ] GC(35) User=0.00s Sys=0.00s Real=0.00s
[2020-09-11T16:25:13.725+0000][1][safepoint    ] Safepoint "GenCollectForAllocation", Time since last: 3199934516 ns, Reaching safepoint: 4031814 ns, At safepoint: 7990030 ns, Total: 12021844 ns
[2020-09-11T16:25:15.312+0000][1][gc,start     ] GC(36) Pause Young (Allocation Failure)
[2020-09-11T16:25:15.312+0000][1][gc,task      ] GC(36) Using 1 workers of 1 for evacuation
[2020-09-11T16:25:15.325+0000][1][gc,age       ] GC(36) Desired survivor size 4358144 bytes, new threshold 6 (max threshold 6)
[2020-09-11T16:25:15.325+0000][1][gc,age       ] GC(36) Age table with threshold 6 (max threshold 6)
[2020-09-11T16:25:15.325+0000][1][gc,age       ] GC(36) - age   1:     642536 bytes,     642536 total
[2020-09-11T16:25:15.325+0000][1][gc,age       ] GC(36) - age   2:     339856 bytes,     982392 total
[2020-09-11T16:25:15.325+0000][1][gc,age       ] GC(36) - age   3:     183032 bytes,    1165424 total
[2020-09-11T16:25:15.325+0000][1][gc,heap      ] GC(36) ParNew: 68840K->1139K(76672K)
[2020-09-11T16:25:15.325+0000][1][gc,heap      ] GC(36) CMS: 46371K->46372K(439104K)
[2020-09-11T16:25:15.325+0000][1][gc,metaspace ] GC(36) Metaspace: 32468K->32468K(1079296K)
[2020-09-11T16:25:15.325+0000][1][gc           ] GC(36) Pause Young (Allocation Failure) 112M->46M(503M) 13.167ms
[2020-09-11T16:25:15.325+0000][1][gc,cpu       ] GC(36) User=0.00s Sys=0.00s Real=0.02s
[2020-09-11T16:25:15.345+0000][1][safepoint    ] Safepoint "GenCollectForAllocation", Time since last: 1584953807 ns, Reaching safepoint: 2084098 ns, At safepoint: 32952735 ns, Total: 35036833 ns
[2020-09-11T16:25:16.782+0000][1][gc,start     ] GC(37) Pause Young (Allocation Failure)
[2020-09-11T16:25:16.782+0000][1][gc,task      ] GC(37) Using 1 workers of 1 for evacuation
[2020-09-11T16:25:16.793+0000][1][gc,age       ] GC(37) Desired survivor size 4358144 bytes, new threshold 6 (max threshold 6)
[2020-09-11T16:25:16.793+0000][1][gc,age       ] GC(37) Age table with threshold 6 (max threshold 6)
[2020-09-11T16:25:16.793+0000][1][gc,age       ] GC(37) - age   1:     622032 bytes,     622032 total
[2020-09-11T16:25:16.793+0000][1][gc,age       ] GC(37) - age   2:     301488 bytes,     923520 total
[2020-09-11T16:25:16.793+0000][1][gc,age       ] GC(37) - age   3:     339672 bytes,    1263192 total
[2020-09-11T16:25:16.793+0000][1][gc,age       ] GC(37) - age   4:     182728 bytes,    1445920 total
[2020-09-11T16:25:16.793+0000][1][gc,heap      ] GC(37) ParNew: 69299K->1439K(76672K)
[2020-09-11T16:25:16.793+0000][1][gc,heap      ] GC(37) CMS: 46372K->46372K(439104K)
[2020-09-11T16:25:16.793+0000][1][gc,metaspace ] GC(37) Metaspace: 32468K->32468K(1079296K)
[2020-09-11T16:25:16.793+0000][1][gc           ] GC(37) Pause Young (Allocation Failure) 112M->46M(503M) 10.923ms
[2020-09-11T16:25:16.793+0000][1][gc,cpu       ] GC(37) User=0.00s Sys=0.00s Real=0.01s
[2020-09-11T16:25:16.809+0000][1][safepoint    ] Safepoint "GenCollectForAllocation", Time since last: 1437101350 ns, Reaching safepoint: 106033 ns, At safepoint: 26863752 ns, Total: 26969785 ns
[2020-09-11T16:25:18.346+0000][1][gc,start     ] GC(38) Pause Young (Allocation Failure)
[2020-09-11T16:25:18.352+0000][1][gc,task      ] GC(38) Using 1 workers of 1 for evacuation
[2020-09-11T16:25:18.371+0000][1][gc,age       ] GC(38) Desired survivor size 4358144 bytes, new threshold 6 (max threshold 6)
[2020-09-11T16:25:18.371+0000][1][gc,age       ] GC(38) Age table with threshold 6 (max threshold 6)
[2020-09-11T16:25:18.371+0000][1][gc,age       ] GC(38) - age   1:     934952 bytes,     934952 total
[2020-09-11T16:25:18.371+0000][1][gc,age       ] GC(38) - age   2:     265152 bytes,    1200104 total
[2020-09-11T16:25:18.371+0000][1][gc,age       ] GC(38) - age   3:     297464 bytes,    1497568 total
[2020-09-11T16:25:18.371+0000][1][gc,age       ] GC(38) - age   4:     339592 bytes,    1837160 total
[2020-09-11T16:25:18.371+0000][1][gc,age       ] GC(38) - age   5:     182624 bytes,    2019784 total
[2020-09-11T16:25:18.371+0000][1][gc,heap      ] GC(38) ParNew: 69599K->2001K(76672K)
[2020-09-11T16:25:18.371+0000][1][gc,heap      ] GC(38) CMS: 46372K->46372K(439104K)
[2020-09-11T16:25:18.371+0000][1][gc,metaspace ] GC(38) Metaspace: 32468K->32468K(1079296K)
[2020-09-11T16:25:18.371+0000][1][gc           ] GC(38) Pause Young (Allocation Failure) 113M->47M(503M) 25.442ms
[2020-09-11T16:25:18.371+0000][1][gc,cpu       ] GC(38) User=0.00s Sys=0.00s Real=0.02s
[2020-09-11T16:25:18.381+0000][1][safepoint    ] Safepoint "GenCollectForAllocation", Time since last: 1536656277 ns, Reaching safepoint: 97939 ns, At safepoint: 35169809 ns, Total: 35267748 ns
[2020-09-11T16:25:19.530+0000][1][gc,start     ] GC(39) Pause Young (Allocation Failure)
[2020-09-11T16:25:19.530+0000][1][gc,task      ] GC(39) Using 1 workers of 1 for evacuation
[2020-09-11T16:25:19.532+0000][1][gc,age       ] GC(39) Desired survivor size 4358144 bytes, new threshold 6 (max threshold 6)
[2020-09-11T16:25:19.532+0000][1][gc,age       ] GC(39) Age table with threshold 6 (max threshold 6)
[2020-09-11T16:25:19.532+0000][1][gc,age       ] GC(39) - age   1:     344160 bytes,     344160 total
[2020-09-11T16:25:19.532+0000][1][gc,age       ] GC(39) - age   2:     922640 bytes,    1266800 total
[2020-09-11T16:25:19.532+0000][1][gc,age       ] GC(39) - age   3:     263944 bytes,    1530744 total
[2020-09-11T16:25:19.532+0000][1][gc,age       ] GC(39) - age   4:     296976 bytes,    1827720 total
[2020-09-11T16:25:19.532+0000][1][gc,age       ] GC(39) - age   5:     339256 bytes,    2166976 total
[2020-09-11T16:25:19.532+0000][1][gc,age       ] GC(39) - age   6:     182584 bytes,    2349560 total
[2020-09-11T16:25:19.532+0000][1][gc,heap      ] GC(39) ParNew: 70161K->2305K(76672K)
[2020-09-11T16:25:19.533+0000][1][gc,heap      ] GC(39) CMS: 46372K->46372K(439104K)
[2020-09-11T16:25:19.533+0000][1][gc,metaspace ] GC(39) Metaspace: 32468K->32468K(1079296K)
[2020-09-11T16:25:19.533+0000][1][gc           ] GC(39) Pause Young (Allocation Failure) 113M->47M(503M) 3.022ms
[2020-09-11T16:25:19.533+0000][1][gc,cpu       ] GC(39) User=0.00s Sys=0.00s Real=0.00s
[2020-09-11T16:25:19.573+0000][1][safepoint    ] Safepoint "GenCollectForAllocation", Time since last: 1148623635 ns, Reaching safepoint: 98515 ns, At safepoint: 43266899 ns, Total: 43365414 ns
[2020-09-11T16:25:19.669+0000][1][safepoint    ] Safepoint "RevokeBias", Time since last: 96001831 ns, Reaching safepoint: 96351 ns, At safepoint: 27247 ns, Total: 123598 ns
[2020-09-11T16:25:20.641+0000][1][gc,start     ] GC(40) Pause Young (Allocation Failure)
[2020-09-11T16:25:20.641+0000][1][gc,task      ] GC(40) Using 1 workers of 1 for evacuation
[2020-09-11T16:25:20.644+0000][1][gc,age       ] GC(40) Desired survivor size 4358144 bytes, new threshold 6 (max threshold 6)
[2020-09-11T16:25:20.644+0000][1][gc,age       ] GC(40) Age table with threshold 6 (max threshold 6)
[2020-09-11T16:25:20.644+0000][1][gc,age       ] GC(40) - age   1:     347912 bytes,     347912 total
[2020-09-11T16:25:20.644+0000][1][gc,age       ] GC(40) - age   2:     333984 bytes,     681896 total
[2020-09-11T16:25:20.644+0000][1][gc,age       ] GC(40) - age   3:     922288 bytes,    1604184 total
[2020-09-11T16:25:20.644+0000][1][gc,age       ] GC(40) - age   4:     263712 bytes,    1867896 total
[2020-09-11T16:25:20.644+0000][1][gc,age       ] GC(40) - age   5:     296856 bytes,    2164752 total
[2020-09-11T16:25:20.644+0000][1][gc,age       ] GC(40) - age   6:     339256 bytes,    2504008 total
[2020-09-11T16:25:20.644+0000][1][gc,heap      ] GC(40) ParNew: 70465K->2538K(76672K)
[2020-09-11T16:25:20.644+0000][1][gc,heap      ] GC(40) CMS: 46372K->46547K(439104K)
[2020-09-11T16:25:20.644+0000][1][gc,metaspace ] GC(40) Metaspace: 32469K->32469K(1079296K)
[2020-09-11T16:25:20.644+0000][1][gc           ] GC(40) Pause Young (Allocation Failure) 114M->47M(503M) 3.107ms
[2020-09-11T16:25:20.644+0000][1][gc,cpu       ] GC(40) User=0.00s Sys=0.00s Real=0.00s
[2020-09-11T16:25:20.666+0000][1][safepoint    ] Safepoint "GenCollectForAllocation", Time since last: 971921897 ns, Reaching safepoint: 116155 ns, At safepoint: 25505811 ns, Total: 25621966 ns
[2020-09-11T16:25:21.310+0000][1][gc,start     ] GC(41) Pause Young (Allocation Failure)
[2020-09-11T16:25:21.310+0000][1][gc,task      ] GC(41) Using 1 workers of 1 for evacuation
[2020-09-11T16:25:21.326+0000][1][gc,age       ] GC(41) Desired survivor size 4358144 bytes, new threshold 6 (max threshold 6)
[2020-09-11T16:25:21.326+0000][1][gc,age       ] GC(41) Age table with threshold 6 (max threshold 6)
[2020-09-11T16:25:21.326+0000][1][gc,age       ] GC(41) - age   1:        352 bytes,        352 total
[2020-09-11T16:25:21.326+0000][1][gc,age       ] GC(41) - age   2:     347584 bytes,     347936 total
[2020-09-11T16:25:21.326+0000][1][gc,age       ] GC(41) - age   3:     333984 bytes,     681920 total
[2020-09-11T16:25:21.326+0000][1][gc,age       ] GC(41) - age   4:     922288 bytes,    1604208 total
[2020-09-11T16:25:21.326+0000][1][gc,age       ] GC(41) - age   5:     263712 bytes,    1867920 total
[2020-09-11T16:25:21.326+0000][1][gc,age       ] GC(41) - age   6:     296856 bytes,    2164776 total
[2020-09-11T16:25:21.326+0000][1][gc,heap      ] GC(41) ParNew: 70698K->2404K(76672K)
[2020-09-11T16:25:21.326+0000][1][gc,heap      ] GC(41) CMS: 46547K->46879K(439104K)
[2020-09-11T16:25:21.326+0000][1][gc,metaspace ] GC(41) Metaspace: 32469K->32469K(1079296K)
[2020-09-11T16:25:21.326+0000][1][gc           ] GC(41) Pause Young (Allocation Failure) 114M->48M(503M) 15.649ms
[2020-09-11T16:25:21.326+0000][1][gc,cpu       ] GC(41) User=0.01s Sys=0.00s Real=0.02s
[2020-09-11T16:25:21.353+0000][1][safepoint    ] Safepoint "GenCollectForAllocation", Time since last: 643805477 ns, Reaching safepoint: 108739 ns, At safepoint: 42453075 ns, Total: 42561814 ns
[2020-09-11T16:25:21.961+0000][1][gc,start     ] GC(42) Pause Young (Allocation Failure)
[2020-09-11T16:25:21.961+0000][1][gc,task      ] GC(42) Using 1 workers of 1 for evacuation
[2020-09-11T16:25:21.964+0000][1][gc,age       ] GC(42) Desired survivor size 4358144 bytes, new threshold 6 (max threshold 6)
[2020-09-11T16:25:21.964+0000][1][gc,age       ] GC(42) Age table with threshold 6 (max threshold 6)
[2020-09-11T16:25:21.964+0000][1][gc,age       ] GC(42) - age   1:         56 bytes,         56 total
[2020-09-11T16:25:21.964+0000][1][gc,age       ] GC(42) - age   2:        160 bytes,        216 total
[2020-09-11T16:25:21.964+0000][1][gc,age       ] GC(42) - age   3:     347584 bytes,     347800 total
[2020-09-11T16:25:21.964+0000][1][gc,age       ] GC(42) - age   4:     333984 bytes,     681784 total
[2020-09-11T16:25:21.964+0000][1][gc,age       ] GC(42) - age   5:     922288 bytes,    1604072 total
[2020-09-11T16:25:21.964+0000][1][gc,age       ] GC(42) - age   6:     263712 bytes,    1867784 total
[2020-09-11T16:25:21.964+0000][1][gc,heap      ] GC(42) ParNew: 70564K->1839K(76672K)
[2020-09-11T16:25:21.964+0000][1][gc,heap      ] GC(42) CMS: 46879K->47169K(439104K)
[2020-09-11T16:25:21.964+0000][1][gc,metaspace ] GC(42) Metaspace: 32469K->32469K(1079296K)
[2020-09-11T16:25:21.964+0000][1][gc           ] GC(42) Pause Young (Allocation Failure) 114M->47M(503M) 2.951ms
[2020-09-11T16:25:21.964+0000][1][gc,cpu       ] GC(42) User=0.01s Sys=0.00s Real=0.00s
[2020-09-11T16:25:21.980+0000][1][safepoint    ] Safepoint "GenCollectForAllocation", Time since last: 607971077 ns, Reaching safepoint: 101237 ns, At safepoint: 19254435 ns, Total: 19355672 ns
[2020-09-11T16:25:22.601+0000][1][gc,start     ] GC(43) Pause Young (Allocation Failure)
[2020-09-11T16:25:22.601+0000][1][gc,task      ] GC(43) Using 1 workers of 1 for evacuation
[2020-09-11T16:25:22.604+0000][1][gc,age       ] GC(43) Desired survivor size 4358144 bytes, new threshold 6 (max threshold 6)
[2020-09-11T16:25:22.604+0000][1][gc,age       ] GC(43) Age table with threshold 6 (max threshold 6)
[2020-09-11T16:25:22.604+0000][1][gc,age       ] GC(43) - age   1:        248 bytes,        248 total
[2020-09-11T16:25:22.604+0000][1][gc,age       ] GC(43) - age   3:        160 bytes,        408 total
[2020-09-11T16:25:22.604+0000][1][gc,age       ] GC(43) - age   4:     347584 bytes,     347992 total
[2020-09-11T16:25:22.604+0000][1][gc,age       ] GC(43) - age   5:     333984 bytes,     681976 total
[2020-09-11T16:25:22.604+0000][1][gc,age       ] GC(43) - age   6:     922288 bytes,    1604264 total
[2020-09-11T16:25:22.604+0000][1][gc,heap      ] GC(43) ParNew: 69999K->1700K(76672K)
[2020-09-11T16:25:22.604+0000][1][gc,heap      ] GC(43) CMS: 47169K->47426K(439104K)
[2020-09-11T16:25:22.604+0000][1][gc,metaspace ] GC(43) Metaspace: 32469K->32469K(1079296K)
[2020-09-11T16:25:22.604+0000][1][gc           ] GC(43) Pause Young (Allocation Failure) 114M->47M(503M) 2.906ms
[2020-09-11T16:25:22.604+0000][1][gc,cpu       ] GC(43) User=0.00s Sys=0.00s Real=0.00s
[2020-09-11T16:25:22.617+0000][1][safepoint    ] Safepoint "GenCollectForAllocation", Time since last: 620991489 ns, Reaching safepoint: 98830 ns, At safepoint: 15558647 ns, Total: 15657477 ns
[2020-09-11T16:25:23.282+0000][1][gc,start     ] GC(44) Pause Young (Allocation Failure)
[2020-09-11T16:25:23.282+0000][1][gc,task      ] GC(44) Using 1 workers of 1 for evacuation
[2020-09-11T16:25:23.290+0000][1][gc,age       ] GC(44) Desired survivor size 4358144 bytes, new threshold 6 (max threshold 6)
[2020-09-11T16:25:23.290+0000][1][gc,age       ] GC(44) Age table with threshold 6 (max threshold 6)
[2020-09-11T16:25:23.290+0000][1][gc,age       ] GC(44) - age   1:        144 bytes,        144 total
[2020-09-11T16:25:23.290+0000][1][gc,age       ] GC(44) - age   4:        160 bytes,        304 total
[2020-09-11T16:25:23.290+0000][1][gc,age       ] GC(44) - age   5:     347584 bytes,     347888 total
[2020-09-11T16:25:23.290+0000][1][gc,age       ] GC(44) - age   6:     333984 bytes,     681872 total
[2020-09-11T16:25:23.290+0000][1][gc,heap      ] GC(44) ParNew: 69860K->756K(76672K)
[2020-09-11T16:25:23.290+0000][1][gc,heap      ] GC(44) CMS: 47426K->48327K(439104K)
[2020-09-11T16:25:23.290+0000][1][gc,metaspace ] GC(44) Metaspace: 32469K->32469K(1079296K)
[2020-09-11T16:25:23.290+0000][1][gc           ] GC(44) Pause Young (Allocation Failure) 114M->47M(503M) 7.659ms
[2020-09-11T16:25:23.290+0000][1][gc,cpu       ] GC(44) User=0.00s Sys=0.00s Real=0.00s
[2020-09-11T16:25:23.317+0000][1][safepoint    ] Safepoint "GenCollectForAllocation", Time since last: 665402015 ns, Reaching safepoint: 100387 ns, At safepoint: 34493686 ns, Total: 34594073 ns
[2020-09-11T16:25:23.947+0000][1][gc,start     ] GC(45) Pause Young (Allocation Failure)
[2020-09-11T16:25:23.947+0000][1][gc,task      ] GC(45) Using 1 workers of 1 for evacuation
[2020-09-11T16:25:23.960+0000][1][gc,age       ] GC(45) Desired survivor size 4358144 bytes, new threshold 6 (max threshold 6)
[2020-09-11T16:25:23.960+0000][1][gc,age       ] GC(45) Age table with threshold 6 (max threshold 6)
[2020-09-11T16:25:23.960+0000][1][gc,age       ] GC(45) - age   1:         24 bytes,         24 total
[2020-09-11T16:25:23.960+0000][1][gc,age       ] GC(45) - age   5:        160 bytes,        184 total
[2020-09-11T16:25:23.960+0000][1][gc,age       ] GC(45) - age   6:     347584 bytes,     347768 total
[2020-09-11T16:25:23.960+0000][1][gc,heap      ] GC(45) ParNew: 68916K->688K(76672K)
[2020-09-11T16:25:23.960+0000][1][gc,heap      ] GC(45) CMS: 48327K->48653K(439104K)
[2020-09-11T16:25:23.960+0000][1][gc,metaspace ] GC(45) Metaspace: 32469K->32469K(1079296K)
[2020-09-11T16:25:23.960+0000][1][gc           ] GC(45) Pause Young (Allocation Failure) 114M->48M(503M) 13.723ms
[2020-09-11T16:25:23.960+0000][1][gc,cpu       ] GC(45) User=0.00s Sys=0.00s Real=0.01s
[2020-09-11T16:25:23.989+0000][1][safepoint    ] Safepoint "GenCollectForAllocation", Time since last: 629785565 ns, Reaching safepoint: 107381 ns, At safepoint: 42107830 ns, Total: 42215211 ns
[2020-09-11T16:25:24.521+0000][1][gc,start     ] GC(46) Pause Young (Allocation Failure)
[2020-09-11T16:25:24.521+0000][1][gc,task      ] GC(46) Using 1 workers of 1 for evacuation
[2020-09-11T16:25:24.523+0000][1][gc,age       ] GC(46) Desired survivor size 4358144 bytes, new threshold 6 (max threshold 6)
[2020-09-11T16:25:24.523+0000][1][gc,age       ] GC(46) Age table with threshold 6 (max threshold 6)
[2020-09-11T16:25:24.523+0000][1][gc,age       ] GC(46) - age   1:         96 bytes,         96 total
[2020-09-11T16:25:24.523+0000][1][gc,age       ] GC(46) - age   6:        160 bytes,        256 total
[2020-09-11T16:25:24.523+0000][1][gc,heap      ] GC(46) ParNew: 68848K->299K(76672K)
[2020-09-11T16:25:24.523+0000][1][gc,heap      ] GC(46) CMS: 48653K->48993K(439104K)
[2020-09-11T16:25:24.523+0000][1][gc,metaspace ] GC(46) Metaspace: 32469K->32469K(1079296K)
[2020-09-11T16:25:24.523+0000][1][gc           ] GC(46) Pause Young (Allocation Failure) 114M->48M(503M) 2.509ms
[2020-09-11T16:25:24.523+0000][1][gc,cpu       ] GC(46) User=0.01s Sys=0.00s Real=0.00s
[2020-09-11T16:25:24.525+0000][1][safepoint    ] Safepoint "GenCollectForAllocation", Time since last: 532017898 ns, Reaching safepoint: 111248 ns, At safepoint: 3869556 ns, Total: 3980804 ns
[2020-09-11T16:25:24.825+0000][1][gc,start     ] GC(47) Pause Young (Allocation Failure)
[2020-09-11T16:25:24.825+0000][1][gc,task      ] GC(47) Using 1 workers of 1 for evacuation
[2020-09-11T16:25:24.835+0000][1][gc,age       ] GC(47) Desired survivor size 4358144 bytes, new threshold 6 (max threshold 6)
[2020-09-11T16:25:24.835+0000][1][gc,age       ] GC(47) Age table with threshold 6 (max threshold 6)
[2020-09-11T16:25:24.835+0000][1][gc,age       ] GC(47) - age   1:        216 bytes,        216 total
[2020-09-11T16:25:24.835+0000][1][gc,heap      ] GC(47) ParNew: 68459K->74K(76672K)
[2020-09-11T16:25:24.835+0000][1][gc,heap      ] GC(47) CMS: 48993K->48993K(439104K)
[2020-09-11T16:25:24.835+0000][1][gc,metaspace ] GC(47) Metaspace: 32469K->32469K(1079296K)
[2020-09-11T16:25:24.835+0000][1][gc           ] GC(47) Pause Young (Allocation Failure) 114M->47M(503M) 10.091ms
[2020-09-11T16:25:24.835+0000][1][gc,cpu       ] GC(47) User=0.01s Sys=0.00s Real=0.01s
[2020-09-11T16:25:24.835+0000][1][safepoint    ] Safepoint "GenCollectForAllocation", Time since last: 292836448 ns, Reaching safepoint: 7197342 ns, At safepoint: 10153869 ns, Total: 17351211 ns
[2020-09-11T16:25:25.130+0000][1][gc,start     ] GC(48) Pause Young (Allocation Failure)
[2020-09-11T16:25:25.130+0000][1][gc,task      ] GC(48) Using 1 workers of 1 for evacuation
[2020-09-11T16:25:25.132+0000][1][gc,age       ] GC(48) Desired survivor size 4358144 bytes, new threshold 6 (max threshold 6)
[2020-09-11T16:25:25.132+0000][1][gc,age       ] GC(48) Age table with threshold 6 (max threshold 6)
[2020-09-11T16:25:25.132+0000][1][gc,age       ] GC(48) - age   1:         40 bytes,         40 total
[2020-09-11T16:25:25.132+0000][1][gc,heap      ] GC(48) ParNew: 68234K->18K(76672K)
[2020-09-11T16:25:25.132+0000][1][gc,heap      ] GC(48) CMS: 48993K->48993K(439104K)
[2020-09-11T16:25:25.132+0000][1][gc,metaspace ] GC(48) Metaspace: 32469K->32469K(1079296K)
[2020-09-11T16:25:25.132+0000][1][gc           ] GC(48) Pause Young (Allocation Failure) 114M->47M(503M) 2.112ms
[2020-09-11T16:25:25.132+0000][1][gc,cpu       ] GC(48) User=0.00s Sys=0.00s Real=0.00s
[2020-09-11T16:25:25.141+0000][1][safepoint    ] Safepoint "GenCollectForAllocation", Time since last: 293825401 ns, Reaching safepoint: 1110213 ns, At safepoint: 10894598 ns, Total: 12004811 ns
[2020-09-11T16:25:25.429+0000][1][gc,start     ] GC(49) Pause Young (Allocation Failure)
[2020-09-11T16:25:25.429+0000][1][gc,task      ] GC(49) Using 1 workers of 1 for evacuation
[2020-09-11T16:25:25.431+0000][1][gc,age       ] GC(49) Desired survivor size 4358144 bytes, new threshold 6 (max threshold 6)
[2020-09-11T16:25:25.431+0000][1][gc,age       ] GC(49) Age table with threshold 6 (max threshold 6)
[2020-09-11T16:25:25.431+0000][1][gc,age       ] GC(49) - age   1:        208 bytes,        208 total
[2020-09-11T16:25:25.431+0000][1][gc,heap      ] GC(49) ParNew: 68178K->4K(76672K)
[2020-09-11T16:25:25.431+0000][1][gc,heap      ] GC(49) CMS: 48993K->48993K(439104K)
[2020-09-11T16:25:25.431+0000][1][gc,metaspace ] GC(49) Metaspace: 32469K->32469K(1079296K)
[2020-09-11T16:25:25.431+0000][1][gc           ] GC(49) Pause Young (Allocation Failure) 114M->47M(503M) 2.181ms
[2020-09-11T16:25:25.431+0000][1][gc,cpu       ] GC(49) User=0.00s Sys=0.00s Real=0.00s
[2020-09-11T16:25:25.433+0000][1][safepoint    ] Safepoint "GenCollectForAllocation", Time since last: 285175364 ns, Reaching safepoint: 2816640 ns, At safepoint: 3990117 ns, Total: 6806757 ns
[2020-09-11T16:25:26.463+0000][1][safepoint    ] Safepoint "Cleanup", Time since last: 1003989862 ns, Reaching safepoint: 25764162 ns, At safepoint: 8461 ns, Total: 25772623 ns
[2020-09-11T16:25:28.481+0000][1][safepoint    ] Safepoint "Cleanup", Time since last: 2016921796 ns, Reaching safepoint: 1315914 ns, At safepoint: 8475 ns, Total: 1324389 ns
[2020-09-11T16:25:28.861+0000][1][gc,start     ] GC(50) Pause Young (Allocation Failure)
[2020-09-11T16:25:28.861+0000][1][gc,task      ] GC(50) Using 1 workers of 1 for evacuation
[2020-09-11T16:25:28.863+0000][1][gc,age       ] GC(50) Desired survivor size 4358144 bytes, new threshold 6 (max threshold 6)
[2020-09-11T16:25:28.863+0000][1][gc,age       ] GC(50) Age table with threshold 6 (max threshold 6)
[2020-09-11T16:25:28.863+0000][1][gc,age       ] GC(50) - age   1:     134368 bytes,     134368 total
[2020-09-11T16:25:28.863+0000][1][gc,heap      ] GC(50) ParNew: 68164K->133K(76672K)
[2020-09-11T16:25:28.863+0000][1][gc,heap      ] GC(50) CMS: 48993K->48993K(439104K)
[2020-09-11T16:25:28.863+0000][1][gc,metaspace ] GC(50) Metaspace: 32471K->32471K(1079296K)
[2020-09-11T16:25:28.863+0000][1][gc           ] GC(50) Pause Young (Allocation Failure) 114M->47M(503M) 2.355ms
[2020-09-11T16:25:28.863+0000][1][gc,cpu       ] GC(50) User=0.00s Sys=0.00s Real=0.00s
[2020-09-11T16:25:28.881+0000][1][safepoint    ] Safepoint "GenCollectForAllocation", Time since last: 380002432 ns, Reaching safepoint: 116399 ns, At safepoint: 19906845 ns, Total: 20023244 ns
[2020-09-11T16:25:29.885+0000][1][safepoint    ] Safepoint "Cleanup", Time since last: 1000110986 ns, Reaching safepoint: 3875585 ns, At safepoint: 14799 ns, Total: 3890384 ns
[2020-09-11T16:25:30.181+0000][1][gc,start     ] GC(51) Pause Young (Allocation Failure)
[2020-09-11T16:25:30.181+0000][1][gc,task      ] GC(51) Using 1 workers of 1 for evacuation
[2020-09-11T16:25:30.183+0000][1][gc,age       ] GC(51) Desired survivor size 4358144 bytes, new threshold 6 (max threshold 6)
[2020-09-11T16:25:30.183+0000][1][gc,age       ] GC(51) Age table with threshold 6 (max threshold 6)
[2020-09-11T16:25:30.183+0000][1][gc,age       ] GC(51) - age   1:     546408 bytes,     546408 total
[2020-09-11T16:25:30.183+0000][1][gc,age       ] GC(51) - age   2:      83488 bytes,     629896 total
[2020-09-11T16:25:30.183+0000][1][gc,heap      ] GC(51) ParNew: 68293K->636K(76672K)
[2020-09-11T16:25:30.183+0000][1][gc,heap      ] GC(51) CMS: 48993K->48993K(439104K)
[2020-09-11T16:25:30.183+0000][1][gc,metaspace ] GC(51) Metaspace: 32471K->32471K(1079296K)
[2020-09-11T16:25:30.183+0000][1][gc           ] GC(51) Pause Young (Allocation Failure) 114M->48M(503M) 2.531ms
[2020-09-11T16:25:30.183+0000][1][gc,cpu       ] GC(51) User=0.00s Sys=0.00s Real=0.00s
[2020-09-11T16:25:30.193+0000][1][safepoint    ] Safepoint "GenCollectForAllocation", Time since last: 295968583 ns, Reaching safepoint: 111390 ns, At safepoint: 11893008 ns, Total: 12004398 ns
[2020-09-11T16:25:30.929+0000][1][gc,start     ] GC(52) Pause Young (Allocation Failure)
[2020-09-11T16:25:30.929+0000][1][gc,task      ] GC(52) Using 1 workers of 1 for evacuation
[2020-09-11T16:25:30.931+0000][1][gc,age       ] GC(52) Desired survivor size 4358144 bytes, new threshold 6 (max threshold 6)
[2020-09-11T16:25:30.931+0000][1][gc,age       ] GC(52) Age table with threshold 6 (max threshold 6)
[2020-09-11T16:25:30.931+0000][1][gc,age       ] GC(52) - age   1:     642480 bytes,     642480 total
[2020-09-11T16:25:30.931+0000][1][gc,age       ] GC(52) - age   2:     375088 bytes,    1017568 total
[2020-09-11T16:25:30.931+0000][1][gc,age       ] GC(52) - age   3:      82888 bytes,    1100456 total
[2020-09-11T16:25:30.931+0000][1][gc,heap      ] GC(52) ParNew: 68796K->1114K(76672K)
[2020-09-11T16:25:30.931+0000][1][gc,heap      ] GC(52) CMS: 48993K->48993K(439104K)
[2020-09-11T16:25:30.931+0000][1][gc,metaspace ] GC(52) Metaspace: 32471K->32471K(1079296K)
[2020-09-11T16:25:30.931+0000][1][gc           ] GC(52) Pause Young (Allocation Failure) 115M->48M(503M) 2.647ms
[2020-09-11T16:25:30.932+0000][1][gc,cpu       ] GC(52) User=0.01s Sys=0.00s Real=0.00s
[2020-09-11T16:25:30.939+0000][1][safepoint    ] Safepoint "GenCollectForAllocation", Time since last: 732068216 ns, Reaching safepoint: 3977333 ns, At safepoint: 10050944 ns, Total: 14028277 ns
[2020-09-11T16:25:31.433+0000][1][gc,start     ] GC(53) Pause Young (Allocation Failure)
[2020-09-11T16:25:31.433+0000][1][gc,task      ] GC(53) Using 1 workers of 1 for evacuation
[2020-09-11T16:25:31.435+0000][1][gc,age       ] GC(53) Desired survivor size 4358144 bytes, new threshold 6 (max threshold 6)
[2020-09-11T16:25:31.435+0000][1][gc,age       ] GC(53) Age table with threshold 6 (max threshold 6)
[2020-09-11T16:25:31.435+0000][1][gc,age       ] GC(53) - age   1:     314368 bytes,     314368 total
[2020-09-11T16:25:31.435+0000][1][gc,age       ] GC(53) - age   2:     626728 bytes,     941096 total
[2020-09-11T16:25:31.435+0000][1][gc,age       ] GC(53) - age   3:     374352 bytes,    1315448 total
[2020-09-11T16:25:31.435+0000][1][gc,age       ] GC(53) - age   4:      82224 bytes,    1397672 total
[2020-09-11T16:25:31.435+0000][1][gc,heap      ] GC(53) ParNew: 69274K->1392K(76672K)
[2020-09-11T16:25:31.435+0000][1][gc,heap      ] GC(53) CMS: 48993K->48993K(439104K)
[2020-09-11T16:25:31.435+0000][1][gc,metaspace ] GC(53) Metaspace: 32471K->32471K(1079296K)
[2020-09-11T16:25:31.435+0000][1][gc           ] GC(53) Pause Young (Allocation Failure) 115M->49M(503M) 2.628ms
[2020-09-11T16:25:31.435+0000][1][gc,cpu       ] GC(53) User=0.01s Sys=0.00s Real=0.00s
[2020-09-11T16:25:31.445+0000][1][safepoint    ] Safepoint "GenCollectForAllocation", Time since last: 488014005 ns, Reaching safepoint: 5917305 ns, At safepoint: 11955181 ns, Total: 17872486 ns
[2020-09-11T16:25:32.157+0000][1][gc,start     ] GC(54) Pause Young (Allocation Failure)
[2020-09-11T16:25:32.157+0000][1][gc,task      ] GC(54) Using 1 workers of 1 for evacuation
[2020-09-11T16:25:32.160+0000][1][gc,age       ] GC(54) Desired survivor size 4358144 bytes, new threshold 6 (max threshold 6)
[2020-09-11T16:25:32.160+0000][1][gc,age       ] GC(54) Age table with threshold 6 (max threshold 6)
[2020-09-11T16:25:32.160+0000][1][gc,age       ] GC(54) - age   1:     964048 bytes,     964048 total
[2020-09-11T16:25:32.160+0000][1][gc,age       ] GC(54) - age   2:     302440 bytes,    1266488 total
[2020-09-11T16:25:32.160+0000][1][gc,age       ] GC(54) - age   3:     298064 bytes,    1564552 total
[2020-09-11T16:25:32.160+0000][1][gc,age       ] GC(54) - age   4:     374352 bytes,    1938904 total
[2020-09-11T16:25:32.160+0000][1][gc,age       ] GC(54) - age   5:      82064 bytes,    2020968 total
[2020-09-11T16:25:32.160+0000][1][gc,heap      ] GC(54) ParNew: 69552K->2035K(76672K)
[2020-09-11T16:25:32.160+0000][1][gc,heap      ] GC(54) CMS: 48993K->48993K(439104K)
[2020-09-11T16:25:32.160+0000][1][gc,metaspace ] GC(54) Metaspace: 32471K->32471K(1079296K)
[2020-09-11T16:25:32.160+0000][1][gc           ] GC(54) Pause Young (Allocation Failure) 115M->49M(503M) 2.710ms
[2020-09-11T16:25:32.160+0000][1][gc,cpu       ] GC(54) User=0.00s Sys=0.00s Real=0.00s
[2020-09-11T16:25:32.169+0000][1][safepoint    ] Safepoint "GenCollectForAllocation", Time since last: 712014419 ns, Reaching safepoint: 112562 ns, At safepoint: 11886882 ns, Total: 11999444 ns
[2020-09-11T16:25:33.187+0000][1][safepoint    ] Safepoint "Cleanup", Time since last: 1009936873 ns, Reaching safepoint: 7952851 ns, At safepoint: 13334 ns, Total: 7966185 ns
[2020-09-11T16:25:33.217+0000][1][gc,start     ] GC(55) Pause Young (Allocation Failure)
[2020-09-11T16:25:33.217+0000][1][gc,task      ] GC(55) Using 1 workers of 1 for evacuation
[2020-09-11T16:25:33.234+0000][1][gc,age       ] GC(55) Desired survivor size 4358144 bytes, new threshold 6 (max threshold 6)
[2020-09-11T16:25:33.234+0000][1][gc,age       ] GC(55) Age table with threshold 6 (max threshold 6)
[2020-09-11T16:25:33.234+0000][1][gc,age       ] GC(55) - age   1:     314080 bytes,     314080 total
[2020-09-11T16:25:33.234+0000][1][gc,age       ] GC(55) - age   2:     952336 bytes,    1266416 total
[2020-09-11T16:25:33.234+0000][1][gc,age       ] GC(55) - age   3:     298208 bytes,    1564624 total
[2020-09-11T16:25:33.234+0000][1][gc,age       ] GC(55) - age   4:     297424 bytes,    1862048 total
[2020-09-11T16:25:33.234+0000][1][gc,age       ] GC(55) - age   5:     374096 bytes,    2236144 total
[2020-09-11T16:25:33.234+0000][1][gc,age       ] GC(55) - age   6:      82040 bytes,    2318184 total
[2020-09-11T16:25:33.234+0000][1][gc,heap      ] GC(55) ParNew: 70195K->2356K(76672K)
[2020-09-11T16:25:33.234+0000][1][gc,heap      ] GC(55) CMS: 48993K->48993K(439104K)
[2020-09-11T16:25:33.234+0000][1][gc,metaspace ] GC(55) Metaspace: 32471K->32471K(1079296K)
[2020-09-11T16:25:33.234+0000][1][gc           ] GC(55) Pause Young (Allocation Failure) 116M->50M(503M) 17.172ms
[2020-09-11T16:25:33.234+0000][1][gc,cpu       ] GC(55) User=0.00s Sys=0.00s Real=0.02s
[2020-09-11T16:25:33.253+0000][1][safepoint    ] Safepoint "GenCollectForAllocation", Time since last: 30101927 ns, Reaching safepoint: 110966 ns, At safepoint: 35880566 ns, Total: 35991532 ns
[2020-09-11T16:25:34.305+0000][1][safepoint    ] Safepoint "Cleanup", Time since last: 1027989420 ns, Reaching safepoint: 24028713 ns, At safepoint: 15501 ns, Total: 24044214 ns
[2020-09-11T16:25:35.204+0000][1][safepoint    ] Safepoint "Deoptimize", Time since last: 899057416 ns, Reaching safepoint: 123902 ns, At safepoint: 345337 ns, Total: 469239 ns
[2020-09-11T16:25:35.721+0000][1][safepoint    ] Safepoint "CollectForMetadataAllocation", Time since last: 516452983 ns, Reaching safepoint: 129428 ns, At safepoint: 121867 ns, Total: 251295 ns
[2020-09-11T16:25:35.948+0000][1][safepoint    ] Safepoint "CollectForMetadataAllocation", Time since last: 226571901 ns, Reaching safepoint: 107498 ns, At safepoint: 114339 ns, Total: 221837 ns
[2020-09-11T16:25:36.167+0000][1][safepoint    ] Safepoint "CollectForMetadataAllocation", Time since last: 211913997 ns, Reaching safepoint: 7254667 ns, At safepoint: 133754 ns, Total: 7388421 ns
[2020-09-11T16:25:36.337+0000][1][safepoint    ] Safepoint "ICBufferFull", Time since last: 169659087 ns, Reaching safepoint: 223608 ns, At safepoint: 145107 ns, Total: 368715 ns
[2020-09-11T16:25:36.477+0000][1][safepoint    ] Safepoint "CollectForMetadataAllocation", Time since last: 137252609 ns, Reaching safepoint: 2367524 ns, At safepoint: 145607 ns, Total: 2513131 ns
[2020-09-11T16:25:36.541+0000][1][safepoint    ] Safepoint "CollectForMetadataAllocation", Time since last: 61830674 ns, Reaching safepoint: 2017955 ns, At safepoint: 115928 ns, Total: 2133883 ns
[2020-09-11T16:25:36.709+0000][1][safepoint    ] Safepoint "CollectForMetadataAllocation", Time since last: 167884980 ns, Reaching safepoint: 104380 ns, At safepoint: 157955 ns, Total: 262335 ns
[2020-09-11T16:25:36.819+0000][1][gc,start     ] GC(56) Pause Young (Allocation Failure)
[2020-09-11T16:25:36.819+0000][1][gc,task      ] GC(56) Using 1 workers of 1 for evacuation
[2020-09-11T16:25:36.876+0000][1][gc,age       ] GC(56) Desired survivor size 4358144 bytes, new threshold 6 (max threshold 6)
[2020-09-11T16:25:36.876+0000][1][gc,age       ] GC(56) Age table with threshold 6 (max threshold 6)
[2020-09-11T16:25:36.876+0000][1][gc,age       ] GC(56) - age   1:    1480960 bytes,    1480960 total
[2020-09-11T16:25:36.876+0000][1][gc,age       ] GC(56) - age   2:     301760 bytes,    1782720 total
[2020-09-11T16:25:36.876+0000][1][gc,age       ] GC(56) - age   3:     951640 bytes,    2734360 total
[2020-09-11T16:25:36.876+0000][1][gc,age       ] GC(56) - age   4:     297792 bytes,    3032152 total
[2020-09-11T16:25:36.876+0000][1][gc,age       ] GC(56) - age   5:     297304 bytes,    3329456 total
[2020-09-11T16:25:36.876+0000][1][gc,age       ] GC(56) - age   6:     374096 bytes,    3703552 total
[2020-09-11T16:25:36.876+0000][1][gc,heap      ] GC(56) ParNew: 70516K->3755K(76672K)
[2020-09-11T16:25:36.876+0000][1][gc,heap      ] GC(56) CMS: 48993K->49070K(439104K)
[2020-09-11T16:25:36.876+0000][1][gc,metaspace ] GC(56) Metaspace: 36242K->36242K(1083392K)
[2020-09-11T16:25:36.876+0000][1][gc           ] GC(56) Pause Young (Allocation Failure) 116M->51M(503M) 56.361ms
[2020-09-11T16:25:36.876+0000][1][gc,cpu       ] GC(56) User=0.02s Sys=0.00s Real=0.06s
[2020-09-11T16:25:36.901+0000][1][safepoint    ] Safepoint "GenCollectForAllocation", Time since last: 110229643 ns, Reaching safepoint: 109374 ns, At safepoint: 81404082 ns, Total: 81513456 ns
[2020-09-11T16:25:36.925+0000][1][gc,start     ] GC(57) Pause Initial Mark
[2020-09-11T16:25:36.927+0000][1][gc           ] GC(57) Pause Initial Mark 55M->55M(503M) 2.559ms
[2020-09-11T16:25:36.927+0000][1][gc,cpu       ] GC(57) User=0.01s Sys=0.00s Real=0.00s
[2020-09-11T16:25:36.981+0000][1][safepoint    ] Safepoint "CMS_Initial_Mark", Time since last: 16895673 ns, Reaching safepoint: 7122986 ns, At safepoint: 55956845 ns, Total: 63079831 ns
[2020-09-11T16:25:36.981+0000][1][gc           ] GC(57) Concurrent Mark
[2020-09-11T16:25:37.636+0000][1][gc           ] GC(57) Concurrent Mark 654.798ms
[2020-09-11T16:25:37.636+0000][1][gc,cpu       ] GC(57) User=0.14s Sys=0.01s Real=0.65s
[2020-09-11T16:25:37.636+0000][1][gc           ] GC(57) Concurrent Preclean
[2020-09-11T16:25:37.636+0000][1][gc           ] GC(57) Concurrent Preclean 0.713ms
[2020-09-11T16:25:37.636+0000][1][gc,cpu       ] GC(57) User=0.00s Sys=0.00s Real=0.00s
[2020-09-11T16:25:37.636+0000][1][gc           ] GC(57) Concurrent Abortable Preclean
[2020-09-11T16:25:38.005+0000][1][safepoint    ] Safepoint "Cleanup", Time since last: 1023986332 ns, Reaching safepoint: 130365 ns, At safepoint: 5118 ns, Total: 135483 ns
[2020-09-11T16:25:38.116+0000][1][gc,start     ] GC(58) Pause Young (Allocation Failure)
[2020-09-11T16:25:38.117+0000][1][gc,task      ] GC(58) Using 1 workers of 1 for evacuation
[2020-09-11T16:25:38.163+0000][1][gc,age       ] GC(58) Desired survivor size 4358144 bytes, new threshold 6 (max threshold 6)
[2020-09-11T16:25:38.163+0000][1][gc,age       ] GC(58) Age table with threshold 6 (max threshold 6)
[2020-09-11T16:25:38.163+0000][1][gc,age       ] GC(58) - age   1:      62472 bytes,      62472 total
[2020-09-11T16:25:38.163+0000][1][gc,age       ] GC(58) - age   2:    1454536 bytes,    1517008 total
[2020-09-11T16:25:38.163+0000][1][gc,age       ] GC(58) - age   3:     301760 bytes,    1818768 total
[2020-09-11T16:25:38.163+0000][1][gc,age       ] GC(58) - age   4:     951640 bytes,    2770408 total
[2020-09-11T16:25:38.163+0000][1][gc,age       ] GC(58) - age   5:     297792 bytes,    3068200 total
[2020-09-11T16:25:38.163+0000][1][gc,age       ] GC(58) - age   6:     297304 bytes,    3365504 total
[2020-09-11T16:25:38.163+0000][1][gc,heap      ] GC(58) ParNew: 71915K->4395K(76672K)
[2020-09-11T16:25:38.163+0000][1][gc,heap      ] GC(58) CMS: 49070K->49436K(439104K)
[2020-09-11T16:25:38.163+0000][1][gc,metaspace ] GC(58) Metaspace: 36247K->36247K(1083392K)
[2020-09-11T16:25:38.163+0000][1][gc           ] GC(58) Pause Young (Allocation Failure) 118M->52M(503M) 46.720ms
[2020-09-11T16:25:38.163+0000][1][gc,cpu       ] GC(58) User=0.01s Sys=0.00s Real=0.05s
[2020-09-11T16:25:38.189+0000][1][safepoint    ] Safepoint "GenCollectForAllocation", Time since last: 111471554 ns, Reaching safepoint: 100369 ns, At safepoint: 72305173 ns, Total: 72405542 ns
[2020-09-11T16:25:39.213+0000][1][safepoint    ] Safepoint "Cleanup", Time since last: 1022180420 ns, Reaching safepoint: 1864334 ns, At safepoint: 13404 ns, Total: 1877738 ns
[2020-09-11T16:25:40.226+0000][1][safepoint    ] Safepoint "Cleanup", Time since last: 1011960408 ns, Reaching safepoint: 1099882 ns, At safepoint: 5290 ns, Total: 1105172 ns
[2020-09-11T16:25:40.546+0000][1][safepoint    ] Safepoint "CollectForMetadataAllocation", Time since last: 319925581 ns, Reaching safepoint: 106293 ns, At safepoint: 125612 ns, Total: 231905 ns
[2020-09-11T16:25:40.546+0000][1][gc           ] GC(57) Concurrent Abortable Preclean 2909.654ms
[2020-09-11T16:25:40.546+0000][1][gc,cpu       ] GC(57) User=0.56s Sys=0.01s Real=2.91s
[2020-09-11T16:25:40.546+0000][1][gc,start     ] GC(57) Pause Remark
[2020-09-11T16:25:40.675+0000][1][gc           ] GC(57) Pause Remark 88M->88M(503M) 129.002ms
[2020-09-11T16:25:40.675+0000][1][gc,cpu       ] GC(57) User=0.03s Sys=0.00s Real=0.13s
[2020-09-11T16:25:40.727+0000][1][safepoint    ] Safepoint "CMS_Final_Remark", Time since last: 81689 ns, Reaching safepoint: 147155 ns, At safepoint: 180304325 ns, Total: 180451480 ns
[2020-09-11T16:25:40.727+0000][1][gc           ] GC(57) Concurrent Sweep
[2020-09-11T16:25:40.928+0000][1][gc           ] GC(57) Concurrent Sweep 201.608ms
[2020-09-11T16:25:40.928+0000][1][gc,cpu       ] GC(57) User=0.04s Sys=0.00s Real=0.20s
[2020-09-11T16:25:40.928+0000][1][gc           ] GC(57) Concurrent Reset
[2020-09-11T16:25:40.976+0000][1][gc           ] GC(57) Concurrent Reset 47.542ms
[2020-09-11T16:25:40.976+0000][1][gc,cpu       ] GC(57) User=0.01s Sys=0.00s Real=0.05s
[2020-09-11T16:25:40.976+0000][1][gc,heap      ] GC(57) Old: 49070K->48353K(439104K)
[2020-09-11T16:25:41.873+0000][1][safepoint    ] Safepoint "Cleanup", Time since last: 1142194486 ns, Reaching safepoint: 4366010 ns, At safepoint: 11144 ns, Total: 4377154 ns
[2020-09-11T16:25:42.879+0000][1][safepoint    ] Safepoint "Cleanup", Time since last: 1005814198 ns, Reaching safepoint: 129390 ns, At safepoint: 5860 ns, Total: 135250 ns
[2020-09-11T16:25:43.889+0000][1][safepoint    ] Safepoint "Cleanup", Time since last: 1009672386 ns, Reaching safepoint: 253866 ns, At safepoint: 6084 ns, Total: 259950 ns
[2020-09-11T16:25:44.555+0000][1][gc,start     ] GC(59) Pause Young (Allocation Failure)
[2020-09-11T16:25:44.555+0000][1][gc,task      ] GC(59) Using 1 workers of 1 for evacuation
[2020-09-11T16:25:44.622+0000][1][gc,age       ] GC(59) Desired survivor size 4358144 bytes, new threshold 4 (max threshold 6)
[2020-09-11T16:25:44.622+0000][1][gc,age       ] GC(59) Age table with threshold 4 (max threshold 6)
[2020-09-11T16:25:44.622+0000][1][gc,age       ] GC(59) - age   1:    2716424 bytes,    2716424 total
[2020-09-11T16:25:44.622+0000][1][gc,age       ] GC(59) - age   2:      60272 bytes,    2776696 total
[2020-09-11T16:25:44.622+0000][1][gc,age       ] GC(59) - age   3:    1408432 bytes,    4185128 total
[2020-09-11T16:25:44.622+0000][1][gc,age       ] GC(59) - age   4:     301760 bytes,    4486888 total
[2020-09-11T16:25:44.622+0000][1][gc,age       ] GC(59) - age   5:     951640 bytes,    5438528 total
[2020-09-11T16:25:44.622+0000][1][gc,age       ] GC(59) - age   6:     297792 bytes,    5736320 total
[2020-09-11T16:25:44.622+0000][1][gc,heap      ] GC(59) ParNew: 72555K->8219K(76672K)
[2020-09-11T16:25:44.622+0000][1][gc,heap      ] GC(59) CMS: 48353K->48643K(439104K)
[2020-09-11T16:25:44.622+0000][1][gc,metaspace ] GC(59) Metaspace: 42129K->42129K(1087488K)
[2020-09-11T16:25:44.622+0000][1][gc           ] GC(59) Pause Young (Allocation Failure) 118M->55M(503M) 67.557ms
[2020-09-11T16:25:44.622+0000][1][gc,cpu       ] GC(59) User=0.01s Sys=0.00s Real=0.07s
[2020-09-11T16:25:44.625+0000][1][safepoint    ] Safepoint "GenCollectForAllocation", Time since last: 663984409 ns, Reaching safepoint: 1825917 ns, At safepoint: 69944441 ns, Total: 71770358 ns
[2020-09-11T16:25:44.657+0000][1][safepoint    ] Safepoint "RevokeBias", Time since last: 32033074 ns, Reaching safepoint: 37393 ns, At safepoint: 51942 ns, Total: 89335 ns
[2020-09-11T16:25:45.673+0000][1][safepoint    ] Safepoint "Cleanup", Time since last: 1015859050 ns, Reaching safepoint: 116573 ns, At safepoint: 6207 ns, Total: 122780 ns
[2020-09-11T16:25:46.681+0000][1][safepoint    ] Safepoint "Cleanup", Time since last: 1007880337 ns, Reaching safepoint: 156541 ns, At safepoint: 7555 ns, Total: 164096 ns
[2020-09-11T16:25:47.191+0000][1][safepoint    ] Safepoint "RevokeBias", Time since last: 504268439 ns, Reaching safepoint: 5671155 ns, At safepoint: 33886 ns, Total: 5705041 ns
[2020-09-11T16:25:47.191+0000][1][safepoint    ] Safepoint "RevokeBias", Time since last: 196221 ns, Reaching safepoint: 82076 ns, At safepoint: 19867 ns, Total: 101943 ns
[2020-09-11T16:25:48.193+0000][1][safepoint    ] Safepoint "Cleanup", Time since last: 1000095013 ns, Reaching safepoint: 1486067 ns, At safepoint: 7799 ns, Total: 1493866 ns
[2020-09-11T16:25:52.197+0000][1][safepoint    ] Safepoint "BulkRevokeBias", Time since last: 4004143525 ns, Reaching safepoint: 112639 ns, At safepoint: 80877 ns, Total: 193516 ns
[2020-09-11T16:25:52.198+0000][1][safepoint    ] Safepoint "RevokeBias", Time since last: 318310 ns, Reaching safepoint: 82731 ns, At safepoint: 24911 ns, Total: 107642 ns
[2020-09-11T16:25:52.198+0000][1][safepoint    ] Safepoint "RevokeBias", Time since last: 102196 ns, Reaching safepoint: 106103 ns, At safepoint: 33592 ns, Total: 139695 ns
[2020-09-11T16:25:52.201+0000][1][safepoint    ] Safepoint "RevokeBias", Time since last: 118664 ns, Reaching safepoint: 3326071 ns, At safepoint: 130146 ns, Total: 3456217 ns
[2020-09-11T16:25:52.221+0000][1][safepoint    ] Safepoint "RevokeBias", Time since last: 19453057 ns, Reaching safepoint: 507145 ns, At safepoint: 119176 ns, Total: 626321 ns
[2020-09-11T16:25:52.222+0000][1][safepoint    ] Safepoint "RevokeBias", Time since last: 60044 ns, Reaching safepoint: 79862 ns, At safepoint: 44077 ns, Total: 123939 ns
[2020-09-11T16:25:52.222+0000][1][safepoint    ] Safepoint "RevokeBias", Time since last: 29500 ns, Reaching safepoint: 78057 ns, At safepoint: 31875 ns, Total: 109932 ns
[2020-09-11T16:25:52.222+0000][1][safepoint    ] Safepoint "RevokeBias", Time since last: 28308 ns, Reaching safepoint: 78658 ns, At safepoint: 42877 ns, Total: 121535 ns
[2020-09-11T16:25:52.225+0000][1][safepoint    ] Safepoint "RevokeBias", Time since last: 31448 ns, Reaching safepoint: 2825047 ns, At safepoint: 60357 ns, Total: 2885404 ns
[2020-09-11T16:25:52.225+0000][1][safepoint    ] Safepoint "RevokeBias", Time since last: 47091 ns, Reaching safepoint: 81823 ns, At safepoint: 23886 ns, Total: 105709 ns
[2020-09-11T16:25:52.225+0000][1][safepoint    ] Safepoint "RevokeBias", Time since last: 34455 ns, Reaching safepoint: 80237 ns, At safepoint: 44291 ns, Total: 124528 ns
[2020-09-11T16:25:52.225+0000][1][safepoint    ] Safepoint "RevokeBias", Time since last: 29009 ns, Reaching safepoint: 79219 ns, At safepoint: 31924 ns, Total: 111143 ns
[2020-09-11T16:25:52.225+0000][1][safepoint    ] Safepoint "RevokeBias", Time since last: 30620 ns, Reaching safepoint: 77662 ns, At safepoint: 39315 ns, Total: 116977 ns
[2020-09-11T16:25:52.226+0000][1][safepoint    ] Safepoint "RevokeBias", Time since last: 27319 ns, Reaching safepoint: 78895 ns, At safepoint: 45471 ns, Total: 124366 ns
[2020-09-11T16:25:52.226+0000][1][safepoint    ] Safepoint "RevokeBias", Time since last: 72203 ns, Reaching safepoint: 82389 ns, At safepoint: 43377 ns, Total: 125766 ns
[2020-09-11T16:25:52.232+0000][1][safepoint    ] Safepoint "RevokeBias", Time since last: 6480654 ns, Reaching safepoint: 111961 ns, At safepoint: 40485 ns, Total: 152446 ns
[2020-09-11T16:25:53.618+0000][1][safepoint    ] Safepoint "Cleanup", Time since last: 1384332447 ns, Reaching safepoint: 734348 ns, At safepoint: 5093 ns, Total: 739441 ns
[2020-09-11T16:25:55.657+0000][1][safepoint    ] Safepoint "Cleanup", Time since last: 2037642591 ns, Reaching safepoint: 1682598 ns, At safepoint: 15516 ns, Total: 1698114 ns
[2020-09-11T16:25:56.661+0000][1][safepoint    ] Safepoint "Cleanup", Time since last: 1004022866 ns, Reaching safepoint: 112080 ns, At safepoint: 6646 ns, Total: 118726 ns
[2020-09-11T16:25:57.669+0000][1][safepoint    ] Safepoint "Cleanup", Time since last: 1007771539 ns, Reaching safepoint: 115368 ns, At safepoint: 5300 ns, Total: 120668 ns
[2020-09-11T16:25:58.669+0000][1][safepoint    ] Safepoint "Cleanup", Time since last: 1000121698 ns, Reaching safepoint: 134486 ns, At safepoint: 5993 ns, Total: 140479 ns
[2020-09-11T16:25:59.729+0000][1][safepoint    ] Safepoint "Cleanup", Time since last: 1059631623 ns, Reaching safepoint: 66049 ns, At safepoint: 7137 ns, Total: 73186 ns
[2020-09-11T16:26:00.034+0000][1][gc,start     ] GC(60) Pause Young (Allocation Failure)
[2020-09-11T16:26:00.034+0000][1][gc,task      ] GC(60) Using 1 workers of 1 for evacuation
[2020-09-11T16:26:00.123+0000][1][gc,age       ] GC(60) Desired survivor size 4358144 bytes, new threshold 2 (max threshold 6)
[2020-09-11T16:26:00.124+0000][1][gc,age       ] GC(60) Age table with threshold 2 (max threshold 6)
[2020-09-11T16:26:00.124+0000][1][gc,age       ] GC(60) - age   1:    2743400 bytes,    2743400 total
[2020-09-11T16:26:00.124+0000][1][gc,age       ] GC(60) - age   2:    2610064 bytes,    5353464 total
[2020-09-11T16:26:00.124+0000][1][gc,age       ] GC(60) - age   3:      60272 bytes,    5413736 total
[2020-09-11T16:26:00.124+0000][1][gc,age       ] GC(60) - age   4:    1403224 bytes,    6816960 total
[2020-09-11T16:26:00.124+0000][1][gc,heap      ] GC(60) ParNew: 76379K->8512K(76672K)
[2020-09-11T16:26:00.124+0000][1][gc,heap      ] GC(60) CMS: 48643K->50158K(439104K)
[2020-09-11T16:26:00.124+0000][1][gc,metaspace ] GC(60) Metaspace: 47651K->47651K(1093632K)
[2020-09-11T16:26:00.124+0000][1][gc           ] GC(60) Pause Young (Allocation Failure) 122M->57M(503M) 89.973ms
[2020-09-11T16:26:00.124+0000][1][gc,cpu       ] GC(60) User=0.02s Sys=0.00s Real=0.09s
[2020-09-11T16:26:00.147+0000][1][safepoint    ] Safepoint "GenCollectForAllocation", Time since last: 304667435 ns, Reaching safepoint: 107601 ns, At safepoint: 113280745 ns, Total: 113388346 ns
[2020-09-11T16:26:00.245+0000][1][safepoint    ] Safepoint "RevokeBias", Time since last: 97871779 ns, Reaching safepoint: 118338 ns, At safepoint: 17257 ns, Total: 135595 ns
[2020-09-11T16:26:00.245+0000][1][safepoint    ] Safepoint "RevokeBias", Time since last: 70048 ns, Reaching safepoint: 80316 ns, At safepoint: 9676 ns, Total: 89992 ns
[2020-09-11T16:26:00.245+0000][1][safepoint    ] Safepoint "RevokeBias", Time since last: 29844 ns, Reaching safepoint: 79084 ns, At safepoint: 8764 ns, Total: 87848 ns
[2020-09-11T16:26:00.245+0000][1][safepoint    ] Safepoint "RevokeBias", Time since last: 31561 ns, Reaching safepoint: 80170 ns, At safepoint: 8974 ns, Total: 89144 ns
[2020-09-11T16:26:00.245+0000][1][safepoint    ] Safepoint "RevokeBias", Time since last: 36594 ns, Reaching safepoint: 78379 ns, At safepoint: 8207 ns, Total: 86586 ns
[2020-09-11T16:26:00.580+0000][1][safepoint    ] Safepoint "RevokeBias", Time since last: 334461289 ns, Reaching safepoint: 107169 ns, At safepoint: 33411 ns, Total: 140580 ns
[2020-09-11T16:26:00.601+0000][1][safepoint    ] Safepoint "RevokeBias", Time since last: 20729118 ns, Reaching safepoint: 102419 ns, At safepoint: 35332 ns, Total: 137751 ns
[2020-09-11T16:26:01.605+0000][1][safepoint    ] Safepoint "Cleanup", Time since last: 1003868935 ns, Reaching safepoint: 332955 ns, At safepoint: 7619 ns, Total: 340574 ns
[2020-09-11T16:26:01.793+0000][1][safepoint    ] Safepoint "RevokeBias", Time since last: 187668038 ns, Reaching safepoint: 100803 ns, At safepoint: 39727 ns, Total: 140530 ns
[2020-09-11T16:26:01.793+0000][1][safepoint    ] Safepoint "RevokeBias", Time since last: 182769 ns, Reaching safepoint: 84164 ns, At safepoint: 29553 ns, Total: 113717 ns
[2020-09-11T16:26:01.793+0000][1][safepoint    ] Safepoint "RevokeBias", Time since last: 40346 ns, Reaching safepoint: 81013 ns, At safepoint: 25563 ns, Total: 106576 ns
[2020-09-11T16:26:02.129+0000][1][safepoint    ] Safepoint "RevokeBias", Time since last: 335273204 ns, Reaching safepoint: 134173 ns, At safepoint: 40188 ns, Total: 174361 ns
[2020-09-11T16:26:02.129+0000][1][safepoint    ] Safepoint "RevokeBias", Time since last: 106427 ns, Reaching safepoint: 84213 ns, At safepoint: 22316 ns, Total: 106529 ns
[2020-09-11T16:26:02.129+0000][1][safepoint    ] Safepoint "RevokeBias", Time since last: 114899 ns, Reaching safepoint: 81774 ns, At safepoint: 21560 ns, Total: 103334 ns
[2020-09-11T16:26:02.130+0000][1][safepoint    ] Safepoint "RevokeBias", Time since last: 896271 ns, Reaching safepoint: 87039 ns, At safepoint: 24910 ns, Total: 111949 ns
[2020-09-11T16:26:02.131+0000][1][safepoint    ] Safepoint "RevokeBias", Time since last: 329480 ns, Reaching safepoint: 82949 ns, At safepoint: 24057 ns, Total: 107006 ns
[2020-09-11T16:26:02.133+0000][1][safepoint    ] Safepoint "RevokeBias", Time since last: 483030 ns, Reaching safepoint: 1613369 ns, At safepoint: 30523 ns, Total: 1643892 ns
[2020-09-11T16:26:02.146+0000][1][safepoint    ] Safepoint "RevokeBias", Time since last: 12848234 ns, Reaching safepoint: 104761 ns, At safepoint: 33519 ns, Total: 138280 ns
[2020-09-11T16:26:02.146+0000][1][safepoint    ] Safepoint "RevokeBias", Time since last: 106675 ns, Reaching safepoint: 81760 ns, At safepoint: 19760 ns, Total: 101520 ns
[2020-09-11T16:26:02.146+0000][1][safepoint    ] Safepoint "RevokeBias", Time since last: 137806 ns, Reaching safepoint: 82979 ns, At safepoint: 18821 ns, Total: 101800 ns
[2020-09-11T16:26:02.147+0000][1][safepoint    ] Safepoint "RevokeBias", Time since last: 980112 ns, Reaching safepoint: 95103 ns, At safepoint: 29846 ns, Total: 124949 ns
[2020-09-11T16:26:02.149+0000][1][safepoint    ] Safepoint "RevokeBias", Time since last: 1444633 ns, Reaching safepoint: 98643 ns, At safepoint: 28943 ns, Total: 127586 ns
[2020-09-11T16:26:02.149+0000][1][safepoint    ] Safepoint "RevokeBias", Time since last: 45010 ns, Reaching safepoint: 79934 ns, At safepoint: 19695 ns, Total: 99629 ns
[2020-09-11T16:26:02.149+0000][1][safepoint    ] Safepoint "RevokeBias", Time since last: 30780 ns, Reaching safepoint: 79319 ns, At safepoint: 18429 ns, Total: 97748 ns
[2020-09-11T16:26:02.149+0000][1][safepoint    ] Safepoint "RevokeBias", Time since last: 29110 ns, Reaching safepoint: 85086 ns, At safepoint: 39282 ns, Total: 124368 ns
[2020-09-11T16:26:02.153+0000][1][safepoint    ] Safepoint "RevokeBias", Time since last: 43822 ns, Reaching safepoint: 3404763 ns, At safepoint: 39324 ns, Total: 3444087 ns
[2020-09-11T16:26:02.153+0000][1][safepoint    ] Safepoint "BulkRevokeBias", Time since last: 55168 ns, Reaching safepoint: 81824 ns, At safepoint: 64562 ns, Total: 146386 ns
[2020-09-11T16:26:02.153+0000][1][safepoint    ] Safepoint "RevokeBias", Time since last: 74178 ns, Reaching safepoint: 82509 ns, At safepoint: 21464 ns, Total: 103973 ns
[2020-09-11T16:26:02.153+0000][1][safepoint    ] Safepoint "RevokeBias", Time since last: 39606 ns, Reaching safepoint: 80757 ns, At safepoint: 18363 ns, Total: 99120 ns
[2020-09-11T16:26:02.185+0000][1][safepoint    ] Safepoint "RevokeBias", Time since last: 31443293 ns, Reaching safepoint: 124153 ns, At safepoint: 63076 ns, Total: 187229 ns
[2020-09-11T16:26:02.185+0000][1][safepoint    ] Safepoint "RevokeBias", Time since last: 66283 ns, Reaching safepoint: 12315 ns, At safepoint: 10721 ns, Total: 23036 ns
[2020-09-11T16:26:02.185+0000][1][safepoint    ] Safepoint "RevokeBias", Time since last: 27964 ns, Reaching safepoint: 10865 ns, At safepoint: 10373 ns, Total: 21238 ns
[2020-09-11T16:26:02.213+0000][1][safepoint    ] Safepoint "RevokeBias", Time since last: 15759614 ns, Reaching safepoint: 11849275 ns, At safepoint: 52005 ns, Total: 11901280 ns
[2020-09-11T16:26:02.213+0000][1][safepoint    ] Safepoint "RevokeBias", Time since last: 67220 ns, Reaching safepoint: 81559 ns, At safepoint: 23479 ns, Total: 105038 ns
[2020-09-11T16:26:02.213+0000][1][safepoint    ] Safepoint "RevokeBias", Time since last: 28990 ns, Reaching safepoint: 79272 ns, At safepoint: 15333 ns, Total: 94605 ns
[2020-09-11T16:26:02.217+0000][1][safepoint    ] Safepoint "RevokeBias", Time since last: 3691613 ns, Reaching safepoint: 101124 ns, At safepoint: 25742 ns, Total: 126866 ns
[2020-09-11T16:26:02.217+0000][1][safepoint    ] Safepoint "RevokeBias", Time since last: 52419 ns, Reaching safepoint: 79947 ns, At safepoint: 15663 ns, Total: 95610 ns
[2020-09-11T16:26:02.217+0000][1][safepoint    ] Safepoint "RevokeBias", Time since last: 43774 ns, Reaching safepoint: 79521 ns, At safepoint: 15179 ns, Total: 94700 ns
[2020-09-11T16:26:02.217+0000][1][safepoint    ] Safepoint "RevokeBias", Time since last: 27819 ns, Reaching safepoint: 79629 ns, At safepoint: 28413 ns, Total: 108042 ns
[2020-09-11T16:26:02.217+0000][1][safepoint    ] Safepoint "RevokeBias", Time since last: 31230 ns, Reaching safepoint: 80473 ns, At safepoint: 18272 ns, Total: 98745 ns
[2020-09-11T16:26:02.218+0000][1][safepoint    ] Safepoint "RevokeBias", Time since last: 27563 ns, Reaching safepoint: 80716 ns, At safepoint: 20315 ns, Total: 101031 ns
[2020-09-11T16:26:02.218+0000][1][safepoint    ] Safepoint "RevokeBias", Time since last: 26725 ns, Reaching safepoint: 80184 ns, At safepoint: 18562 ns, Total: 98746 ns
[2020-09-11T16:26:02.218+0000][1][safepoint    ] Safepoint "RevokeBias", Time since last: 26989 ns, Reaching safepoint: 80298 ns, At safepoint: 18484 ns, Total: 98782 ns
[2020-09-11T16:26:02.218+0000][1][safepoint    ] Safepoint "RevokeBias", Time since last: 26752 ns, Reaching safepoint: 80134 ns, At safepoint: 18246 ns, Total: 98380 ns
[2020-09-11T16:26:02.218+0000][1][safepoint    ] Safepoint "RevokeBias", Time since last: 26530 ns, Reaching safepoint: 79722 ns, At safepoint: 17657 ns, Total: 97379 ns
[2020-09-11T16:26:02.218+0000][1][safepoint    ] Safepoint "RevokeBias", Time since last: 26810 ns, Reaching safepoint: 81141 ns, At safepoint: 19826 ns, Total: 100967 ns
[2020-09-11T16:26:02.218+0000][1][safepoint    ] Safepoint "RevokeBias", Time since last: 26613 ns, Reaching safepoint: 87387 ns, At safepoint: 22033 ns, Total: 109420 ns
[2020-09-11T16:26:02.218+0000][1][safepoint    ] Safepoint "RevokeBias", Time since last: 27404 ns, Reaching safepoint: 80336 ns, At safepoint: 21399 ns, Total: 101735 ns
[2020-09-11T16:26:02.219+0000][1][safepoint    ] Safepoint "BulkRevokeBias", Time since last: 26898 ns, Reaching safepoint: 80354 ns, At safepoint: 66408 ns, Total: 146762 ns
[2020-09-11T16:26:02.219+0000][1][safepoint    ] Safepoint "RevokeBias", Time since last: 208924 ns, Reaching safepoint: 83732 ns, At safepoint: 23088 ns, Total: 106820 ns
[2020-09-11T16:26:02.223+0000][1][safepoint    ] Safepoint "RevokeBias", Time since last: 3944611 ns, Reaching safepoint: 85498 ns, At safepoint: 23400 ns, Total: 108898 ns
[2020-09-11T16:26:02.223+0000][1][safepoint    ] Safepoint "RevokeBias", Time since last: 73543 ns, Reaching safepoint: 85528 ns, At safepoint: 22891 ns, Total: 108419 ns
[2020-09-11T16:26:02.223+0000][1][safepoint    ] Safepoint "RevokeBias", Time since last: 40295 ns, Reaching safepoint: 83046 ns, At safepoint: 21110 ns, Total: 104156 ns
[2020-09-11T16:26:02.224+0000][1][safepoint    ] Safepoint "RevokeBias", Time since last: 108125 ns, Reaching safepoint: 82140 ns, At safepoint: 20961 ns, Total: 103101 ns
[2020-09-11T16:26:02.224+0000][1][safepoint    ] Safepoint "RevokeBias", Time since last: 240006 ns, Reaching safepoint: 84014 ns, At safepoint: 21115 ns, Total: 105129 ns
[2020-09-11T16:26:02.224+0000][1][safepoint    ] Safepoint "RevokeBias", Time since last: 65489 ns, Reaching safepoint: 82415 ns, At safepoint: 19594 ns, Total: 102009 ns
[2020-09-11T16:26:02.224+0000][1][safepoint    ] Safepoint "RevokeBias", Time since last: 128083 ns, Reaching safepoint: 83033 ns, At safepoint: 18939 ns, Total: 101972 ns
[2020-09-11T16:26:02.237+0000][1][safepoint    ] Safepoint "RevokeBias", Time since last: 12461689 ns, Reaching safepoint: 109521 ns, At safepoint: 37133 ns, Total: 146654 ns
[2020-09-11T16:26:02.237+0000][1][safepoint    ] Safepoint "RevokeBias", Time since last: 58408 ns, Reaching safepoint: 53763 ns, At safepoint: 20761 ns, Total: 74524 ns
[2020-09-11T16:26:02.237+0000][1][safepoint    ] Safepoint "RevokeBias", Time since last: 195818 ns, Reaching safepoint: 96987 ns, At safepoint: 26376 ns, Total: 123363 ns
[2020-09-11T16:26:02.238+0000][1][safepoint    ] Safepoint "RevokeBias", Time since last: 241723 ns, Reaching safepoint: 84107 ns, At safepoint: 26128 ns, Total: 110235 ns
[2020-09-11T16:26:02.238+0000][1][safepoint    ] Safepoint "RevokeBias", Time since last: 109958 ns, Reaching safepoint: 82006 ns, At safepoint: 24267 ns, Total: 106273 ns
[2020-09-11T16:26:02.238+0000][1][safepoint    ] Safepoint "RevokeBias", Time since last: 196481 ns, Reaching safepoint: 12409 ns, At safepoint: 21384 ns, Total: 33793 ns
[2020-09-11T16:26:02.238+0000][1][safepoint    ] Safepoint "RevokeBias", Time since last: 282724 ns, Reaching safepoint: 12434 ns, At safepoint: 17721 ns, Total: 30155 ns
[2020-09-11T16:26:02.239+0000][1][safepoint    ] Safepoint "RevokeBias", Time since last: 382477 ns, Reaching safepoint: 12498 ns, At safepoint: 17704 ns, Total: 30202 ns
[2020-09-11T16:26:02.239+0000][1][safepoint    ] Safepoint "RevokeBias", Time since last: 76913 ns, Reaching safepoint: 11759 ns, At safepoint: 17305 ns, Total: 29064 ns
[2020-09-11T16:26:02.239+0000][1][safepoint    ] Safepoint "BulkRevokeBias", Time since last: 195770 ns, Reaching safepoint: 12135 ns, At safepoint: 51428 ns, Total: 63563 ns
[2020-09-11T16:26:02.275+0000][1][safepoint    ] Safepoint "RevokeBias", Time since last: 35145452 ns, Reaching safepoint: 184015 ns, At safepoint: 32917 ns, Total: 216932 ns
[2020-09-11T16:26:02.285+0000][1][safepoint    ] Safepoint "RevokeBias", Time since last: 10513212 ns, Reaching safepoint: 103762 ns, At safepoint: 36008 ns, Total: 139770 ns
[2020-09-11T16:26:02.313+0000][1][safepoint    ] Safepoint "RevokeBias", Time since last: 15591753 ns, Reaching safepoint: 11964824 ns, At safepoint: 49361 ns, Total: 12014185 ns
[2020-09-11T16:26:02.313+0000][1][safepoint    ] Safepoint "RevokeBias", Time since last: 75306 ns, Reaching safepoint: 154747 ns, At safepoint: 31140 ns, Total: 185887 ns
[2020-09-11T16:26:02.465+0000][1][safepoint    ] Safepoint "RevokeBias", Time since last: 151653774 ns, Reaching safepoint: 116680 ns, At safepoint: 16783 ns, Total: 133463 ns
[2020-09-11T16:26:02.988+0000][1][safepoint    ] Safepoint "RevokeBias", Time since last: 522601610 ns, Reaching safepoint: 129169 ns, At safepoint: 15823 ns, Total: 144992 ns
[2020-09-11T16:26:02.988+0000][1][safepoint    ] Safepoint "RevokeBias", Time since last: 180987 ns, Reaching safepoint: 83410 ns, At safepoint: 7898 ns, Total: 91308 ns
[2020-09-11T16:26:02.988+0000][1][safepoint    ] Safepoint "RevokeBias", Time since last: 206950 ns, Reaching safepoint: 82925 ns, At safepoint: 7556 ns, Total: 90481 ns
[2020-09-11T16:26:03.910+0000][1][gc,start     ] GC(61) Pause Young (Allocation Failure)
[2020-09-11T16:26:03.931+0000][1][gc,task      ] GC(61) Using 1 workers of 1 for evacuation
[2020-09-11T16:26:04.232+0000][1][gc,age       ] GC(61) Desired survivor size 4358144 bytes, new threshold 2 (max threshold 6)
[2020-09-11T16:26:04.232+0000][1][gc,age       ] GC(61) Age table with threshold 2 (max threshold 6)
[2020-09-11T16:26:04.232+0000][1][gc,age       ] GC(61) - age   1:    2226328 bytes,    2226328 total
[2020-09-11T16:26:04.232+0000][1][gc,age       ] GC(61) - age   2:    2623784 bytes,    4850112 total
[2020-09-11T16:26:04.232+0000][1][gc,heap      ] GC(61) ParNew: 76672K->6214K(76672K)
[2020-09-11T16:26:04.232+0000][1][gc,heap      ] GC(61) CMS: 50158K->54197K(439104K)
[2020-09-11T16:26:04.232+0000][1][gc,metaspace ] GC(61) Metaspace: 52577K->52577K(1097728K)
[2020-09-11T16:26:04.232+0000][1][gc           ] GC(61) Pause Young (Allocation Failure) 123M->58M(503M) 322.138ms
[2020-09-11T16:26:04.232+0000][1][gc,cpu       ] GC(61) User=0.08s Sys=0.00s Real=0.32s
[2020-09-11T16:26:04.232+0000][1][safepoint    ] Safepoint "GenCollectForAllocation", Time since last: 921291286 ns, Reaching safepoint: 108410 ns, At safepoint: 322206260 ns, Total: 322314670 ns
[2020-09-11T16:26:05.561+0000][1][safepoint    ] Safepoint "Cleanup", Time since last: 1328303868 ns, Reaching safepoint: 514041 ns, At safepoint: 7687 ns, Total: 521728 ns
[2020-09-11T16:26:06.569+0000][1][safepoint    ] Safepoint "Cleanup", Time since last: 1008112585 ns, Reaching safepoint: 439918 ns, At safepoint: 7926 ns, Total: 447844 ns
[2020-09-11T16:26:07.498+0000][1][safepoint    ] Safepoint "RevokeBias", Time since last: 928752085 ns, Reaching safepoint: 118400 ns, At safepoint: 13136 ns, Total: 131536 ns
[2020-09-11T16:26:07.854+0000][1][safepoint    ] Safepoint "RevokeBias", Time since last: 356012947 ns, Reaching safepoint: 123218 ns, At safepoint: 17436 ns, Total: 140654 ns
[2020-09-11T16:26:08.861+0000][1][safepoint    ] Safepoint "Cleanup", Time since last: 1006528892 ns, Reaching safepoint: 399410 ns, At safepoint: 9112 ns, Total: 408522 ns
[2020-09-11T16:26:09.065+0000][1][gc,start     ] GC(62) Pause Young (Allocation Failure)
[2020-09-11T16:26:09.081+0000][1][gc,task      ] GC(62) Using 1 workers of 1 for evacuation
[2020-09-11T16:26:09.249+0000][1][gc,age       ] GC(62) Desired survivor size 4358144 bytes, new threshold 6 (max threshold 6)
[2020-09-11T16:26:09.249+0000][1][gc,age       ] GC(62) Age table with threshold 6 (max threshold 6)
[2020-09-11T16:26:09.249+0000][1][gc,age       ] GC(62) - age   1:    1409448 bytes,    1409448 total
[2020-09-11T16:26:09.249+0000][1][gc,age       ] GC(62) - age   2:    2193744 bytes,    3603192 total
[2020-09-11T16:26:09.249+0000][1][gc,heap      ] GC(62) ParNew: 74374K->5105K(76672K)
[2020-09-11T16:26:09.249+0000][1][gc,heap      ] GC(62) CMS: 54197K->56870K(439104K)
[2020-09-11T16:26:09.249+0000][1][gc,metaspace ] GC(62) Metaspace: 60059K->60059K(1103872K)
[2020-09-11T16:26:09.249+0000][1][gc           ] GC(62) Pause Young (Allocation Failure) 125M->60M(503M) 184.249ms
[2020-09-11T16:26:09.249+0000][1][gc,cpu       ] GC(62) User=0.04s Sys=0.00s Real=0.18s
[2020-09-11T16:26:09.269+0000][1][safepoint    ] Safepoint "GenCollectForAllocation", Time since last: 203591204 ns, Reaching safepoint: 121741 ns, At safepoint: 203886253 ns, Total: 204007994 ns
[2020-09-11T16:26:09.998+0000][1][safepoint    ] Safepoint "CollectForMetadataAllocation", Time since last: 727997518 ns, Reaching safepoint: 957731 ns, At safepoint: 143601 ns, Total: 1101332 ns
[2020-09-11T16:26:10.248+0000][1][safepoint    ] Safepoint "CollectForMetadataAllocation", Time since last: 250211528 ns, Reaching safepoint: 120866 ns, At safepoint: 88336 ns, Total: 209202 ns
[2020-09-11T16:26:10.413+0000][1][safepoint    ] Safepoint "RevokeBias", Time since last: 164483873 ns, Reaching safepoint: 119142 ns, At safepoint: 36959 ns, Total: 156101 ns
[2020-09-11T16:26:10.413+0000][1][safepoint    ] Safepoint "RevokeBias", Time since last: 105996 ns, Reaching safepoint: 78944 ns, At safepoint: 19337 ns, Total: 98281 ns
[2020-09-11T16:26:10.413+0000][1][safepoint    ] Safepoint "RevokeBias", Time since last: 119107 ns, Reaching safepoint: 79782 ns, At safepoint: 18494 ns, Total: 98276 ns
[2020-09-11T16:26:10.441+0000][1][safepoint    ] Safepoint "RevokeBias", Time since last: 27420948 ns, Reaching safepoint: 109802 ns, At safepoint: 37583 ns, Total: 147385 ns
[2020-09-11T16:26:10.673+0000][1][safepoint    ] Safepoint "CollectForMetadataAllocation", Time since last: 228829724 ns, Reaching safepoint: 3037500 ns, At safepoint: 117221 ns, Total: 3154721 ns
[2020-09-11T16:26:11.041+0000][1][safepoint    ] Safepoint "RevokeBias", Time since last: 367987258 ns, Reaching safepoint: 117409 ns, At safepoint: 50918 ns, Total: 168327 ns
[2020-09-11T16:26:11.058+0000][1][safepoint    ] Safepoint "CollectForMetadataAllocation", Time since last: 16234912 ns, Reaching safepoint: 109439 ns, At safepoint: 170879 ns, Total: 280318 ns
[2020-09-11T16:26:11.058+0000][1][safepoint    ] Safepoint "RevokeBias", Time since last: 58384 ns, Reaching safepoint: 16824 ns, At safepoint: 30695 ns, Total: 47519 ns
[2020-09-11T16:26:11.058+0000][1][safepoint    ] Safepoint "RevokeBias", Time since last: 70221 ns, Reaching safepoint: 16798 ns, At safepoint: 28721 ns, Total: 45519 ns
[2020-09-11T16:26:11.058+0000][1][safepoint    ] Safepoint "RevokeBias", Time since last: 114367 ns, Reaching safepoint: 15459 ns, At safepoint: 28460 ns, Total: 43919 ns
[2020-09-11T16:26:11.165+0000][1][safepoint    ] Safepoint "RevokeBias", Time since last: 106712554 ns, Reaching safepoint: 118598 ns, At safepoint: 56170 ns, Total: 174768 ns
[2020-09-11T16:26:11.294+0000][1][gc,start     ] GC(63) Pause Initial Mark
[2020-09-11T16:26:11.348+0000][1][gc           ] GC(63) Pause Initial Mark 82M->82M(503M) 53.655ms
[2020-09-11T16:26:11.348+0000][1][gc,cpu       ] GC(63) User=0.02s Sys=0.00s Real=0.05s
[2020-09-11T16:26:11.378+0000][1][safepoint    ] Safepoint "CMS_Initial_Mark", Time since last: 108167630 ns, Reaching safepoint: 20906207 ns, At safepoint: 83968367 ns, Total: 104874574 ns
[2020-09-11T16:26:11.378+0000][1][gc           ] GC(63) Concurrent Mark
[2020-09-11T16:26:11.641+0000][1][safepoint    ] Safepoint "CollectForMetadataAllocation", Time since last: 252522060 ns, Reaching safepoint: 10416220 ns, At safepoint: 82166 ns, Total: 10498386 ns
[2020-09-11T16:26:12.033+0000][1][gc           ] GC(63) Concurrent Mark 655.006ms
[2020-09-11T16:26:12.033+0000][1][gc,cpu       ] GC(63) User=0.15s Sys=0.00s Real=0.66s
[2020-09-11T16:26:12.033+0000][1][gc           ] GC(63) Concurrent Preclean
[2020-09-11T16:26:12.035+0000][1][gc           ] GC(63) Concurrent Preclean 1.495ms
[2020-09-11T16:26:12.035+0000][1][gc,cpu       ] GC(63) User=0.01s Sys=0.00s Real=0.00s
[2020-09-11T16:26:12.035+0000][1][gc           ] GC(63) Concurrent Abortable Preclean
[2020-09-11T16:26:12.316+0000][1][safepoint    ] Safepoint "BulkRevokeBias", Time since last: 674540657 ns, Reaching safepoint: 464622 ns, At safepoint: 79097 ns, Total: 543719 ns
[2020-09-11T16:26:12.509+0000][1][safepoint    ] Safepoint "CollectForMetadataAllocation", Time since last: 180793434 ns, Reaching safepoint: 12044406 ns, At safepoint: 123627 ns, Total: 12168033 ns
[2020-09-11T16:26:12.754+0000][1][safepoint    ] Safepoint "CollectForMetadataAllocation", Time since last: 244889498 ns, Reaching safepoint: 108937 ns, At safepoint: 113277 ns, Total: 222214 ns
[2020-09-11T16:26:13.040+0000][1][safepoint    ] Safepoint "Deoptimize", Time since last: 282761728 ns, Reaching safepoint: 2374799 ns, At safepoint: 358562 ns, Total: 2733361 ns
[2020-09-11T16:26:13.262+0000][1][safepoint    ] Safepoint "CollectForMetadataAllocation", Time since last: 222381332 ns, Reaching safepoint: 52517 ns, At safepoint: 116785 ns, Total: 169302 ns
[2020-09-11T16:26:13.921+0000][1][safepoint    ] Safepoint "CollectForMetadataAllocation", Time since last: 642652693 ns, Reaching safepoint: 16057616 ns, At safepoint: 127970 ns, Total: 16185586 ns
[2020-09-11T16:26:14.854+0000][1][safepoint    ] Safepoint "CollectForMetadataAllocation", Time since last: 931961884 ns, Reaching safepoint: 1208130 ns, At safepoint: 77832 ns, Total: 1285962 ns
[2020-09-11T16:26:15.198+0000][1][safepoint    ] Safepoint "CollectForMetadataAllocation", Time since last: 343473723 ns, Reaching safepoint: 68150 ns, At safepoint: 131389 ns, Total: 199539 ns
[2020-09-11T16:26:15.297+0000][1][safepoint    ] Safepoint "RevokeBias", Time since last: 98898981 ns, Reaching safepoint: 65506 ns, At safepoint: 48307 ns, Total: 113813 ns
[2020-09-11T16:26:15.805+0000][1][safepoint    ] Safepoint "CollectForMetadataAllocation", Time since last: 507901630 ns, Reaching safepoint: 71688 ns, At safepoint: 122319 ns, Total: 194007 ns
[2020-09-11T16:26:16.035+0000][1][safepoint    ] Safepoint "CollectForMetadataAllocation", Time since last: 229564783 ns, Reaching safepoint: 106651 ns, At safepoint: 122203 ns, Total: 228854 ns
[2020-09-11T16:26:16.295+0000][1][safepoint    ] Safepoint "CollectForMetadataAllocation", Time since last: 257993120 ns, Reaching safepoint: 1689479 ns, At safepoint: 122780 ns, Total: 1812259 ns
[2020-09-11T16:26:16.553+0000][1][safepoint    ] Safepoint "CollectForMetadataAllocation", Time since last: 258203999 ns, Reaching safepoint: 361550 ns, At safepoint: 115766 ns, Total: 477316 ns
[2020-09-11T16:26:16.719+0000][1][safepoint    ] Safepoint "RevokeBias", Time since last: 165225889 ns, Reaching safepoint: 53277 ns, At safepoint: 11539 ns, Total: 64816 ns
[2020-09-11T16:26:16.789+0000][1][safepoint    ] Safepoint "CollectForMetadataAllocation", Time since last: 46224865 ns, Reaching safepoint: 24036301 ns, At safepoint: 129103 ns, Total: 24165404 ns
[2020-09-11T16:26:17.242+0000][1][safepoint    ] Safepoint "CollectForMetadataAllocation", Time since last: 435821999 ns, Reaching safepoint: 16983826 ns, At safepoint: 86432 ns, Total: 17070258 ns
[2020-09-11T16:26:17.250+0000][1][gc           ] GC(63) Concurrent Abortable Preclean 5215.839ms
[2020-09-11T16:26:17.250+0000][1][gc,cpu       ] GC(63) User=1.27s Sys=0.03s Real=5.21s
[2020-09-11T16:26:17.259+0000][1][gc,start     ] GC(63) Pause Remark
[2020-09-11T16:26:17.542+0000][1][gc           ] GC(63) Pause Remark 125M->125M(503M) 282.913ms
[2020-09-11T16:26:17.542+0000][1][gc,cpu       ] GC(63) User=0.07s Sys=0.00s Real=0.29s
[2020-09-11T16:26:17.571+0000][1][safepoint    ] Safepoint "CMS_Final_Remark", Time since last: 16916770 ns, Reaching safepoint: 97607 ns, At safepoint: 312493151 ns, Total: 312590758 ns
[2020-09-11T16:26:17.571+0000][1][gc           ] GC(63) Concurrent Sweep
[2020-09-11T16:26:17.701+0000][1][gc,start     ] GC(64) Pause Young (Allocation Failure)
[2020-09-11T16:26:17.702+0000][1][gc,task      ] GC(64) Using 1 workers of 1 for evacuation
[2020-09-11T16:26:17.795+0000][1][gc,age       ] GC(64) Desired survivor size 4358144 bytes, new threshold 2 (max threshold 6)
[2020-09-11T16:26:17.795+0000][1][gc,age       ] GC(64) Age table with threshold 2 (max threshold 6)
[2020-09-11T16:26:17.795+0000][1][gc,age       ] GC(64) - age   1:    3514928 bytes,    3514928 total
[2020-09-11T16:26:17.795+0000][1][gc,age       ] GC(64) - age   2:    1296608 bytes,    4811536 total
[2020-09-11T16:26:17.795+0000][1][gc,age       ] GC(64) - age   3:    2175232 bytes,    6986768 total
[2020-09-11T16:26:17.795+0000][1][gc,heap      ] GC(64) ParNew: 73265K->7831K(76672K)
[2020-09-11T16:26:17.795+0000][1][gc,heap      ] GC(64) CMS: 55975K->55975K(439104K)
[2020-09-11T16:26:17.795+0000][1][gc,metaspace ] GC(64) Metaspace: 66204K->66204K(1110016K)
[2020-09-11T16:26:17.795+0000][1][gc           ] GC(64) Pause Young (Allocation Failure) 126M->62M(503M) 93.970ms
[2020-09-11T16:26:17.795+0000][1][gc,cpu       ] GC(64) User=0.02s Sys=0.00s Real=0.09s
[2020-09-11T16:26:17.822+0000][1][gc           ] GC(63) Concurrent Sweep 250.115ms
[2020-09-11T16:26:17.822+0000][1][gc,cpu       ] GC(63) User=0.07s Sys=0.00s Real=0.26s
[2020-09-11T16:26:17.825+0000][1][safepoint    ] Safepoint "GenCollectForAllocation", Time since last: 124494333 ns, Reaching safepoint: 5598828 ns, At safepoint: 123305101 ns, Total: 128903929 ns
[2020-09-11T16:26:17.836+0000][1][gc           ] GC(63) Concurrent Reset
[2020-09-11T16:26:17.841+0000][1][gc           ] GC(63) Concurrent Reset 4.686ms
[2020-09-11T16:26:17.841+0000][1][gc,cpu       ] GC(63) User=0.00s Sys=0.00s Real=0.01s
[2020-09-11T16:26:17.841+0000][1][gc,heap      ] GC(63) Old: 56870K->55948K(439104K)
[2020-09-11T16:26:18.599+0000][1][safepoint    ] Safepoint "Deoptimize", Time since last: 772416249 ns, Reaching safepoint: 1756948 ns, At safepoint: 352280 ns, Total: 2109228 ns
[2020-09-11T16:26:18.633+0000][1][safepoint    ] Safepoint "Deoptimize", Time since last: 33493266 ns, Reaching safepoint: 116971 ns, At safepoint: 359069 ns, Total: 476040 ns
[2020-09-11T16:26:19.097+0000][1][safepoint    ] Safepoint "RevokeBias", Time since last: 459641792 ns, Reaching safepoint: 3944385 ns, At safepoint: 41556 ns, Total: 3985941 ns
[2020-09-11T16:26:19.127+0000][1][safepoint    ] Safepoint "RevokeBias", Time since last: 30516931 ns, Reaching safepoint: 30268 ns, At safepoint: 28511 ns, Total: 58779 ns
[2020-09-11T16:26:19.128+0000][1][safepoint    ] Safepoint "RevokeBias", Time since last: 809266 ns, Reaching safepoint: 90074 ns, At safepoint: 22045 ns, Total: 112119 ns
[2020-09-11T16:26:19.129+0000][1][safepoint    ] Safepoint "RevokeBias", Time since last: 561665 ns, Reaching safepoint: 92373 ns, At safepoint: 20858 ns, Total: 113231 ns
[2020-09-11T16:26:19.129+0000][1][safepoint    ] Safepoint "RevokeBias", Time since last: 44591 ns, Reaching safepoint: 88302 ns, At safepoint: 17700 ns, Total: 106002 ns
[2020-09-11T16:26:19.130+0000][1][safepoint    ] Safepoint "RevokeBias", Time since last: 295363 ns, Reaching safepoint: 414201 ns, At safepoint: 20556 ns, Total: 434757 ns
[2020-09-11T16:26:19.132+0000][1][safepoint    ] Safepoint "RevokeBias", Time since last: 173904 ns, Reaching safepoint: 2261207 ns, At safepoint: 25601 ns, Total: 2286808 ns
[2020-09-11T16:26:19.133+0000][1][safepoint    ] Safepoint "RevokeBias", Time since last: 55868 ns, Reaching safepoint: 88431 ns, At safepoint: 18957 ns, Total: 107388 ns
[2020-09-11T16:26:19.137+0000][1][safepoint    ] Safepoint "RevokeBias", Time since last: 573933 ns, Reaching safepoint: 3657906 ns, At safepoint: 30845 ns, Total: 3688751 ns
[2020-09-11T16:26:19.141+0000][1][safepoint    ] Safepoint "RevokeBias", Time since last: 1085772 ns, Reaching safepoint: 2877479 ns, At safepoint: 26449 ns, Total: 2903928 ns
[2020-09-11T16:26:19.141+0000][1][safepoint    ] Safepoint "RevokeBias", Time since last: 99103 ns, Reaching safepoint: 84004 ns, At safepoint: 17832 ns, Total: 101836 ns
[2020-09-11T16:26:19.147+0000][1][safepoint    ] Safepoint "Deoptimize", Time since last: 2823653 ns, Reaching safepoint: 3256603 ns, At safepoint: 353470 ns, Total: 3610073 ns
[2020-09-11T16:26:19.393+0000][1][safepoint    ] Safepoint "RevokeBias", Time since last: 245092240 ns, Reaching safepoint: 119049 ns, At safepoint: 23434 ns, Total: 142483 ns
[2020-09-11T16:26:19.395+0000][1][safepoint    ] Safepoint "RevokeBias", Time since last: 2197483 ns, Reaching safepoint: 92900 ns, At safepoint: 20471 ns, Total: 113371 ns
[2020-09-11T16:26:19.395+0000][1][safepoint    ] Safepoint "RevokeBias", Time since last: 53471 ns, Reaching safepoint: 79585 ns, At safepoint: 15912 ns, Total: 95497 ns
[2020-09-11T16:26:19.395+0000][1][safepoint    ] Safepoint "RevokeBias", Time since last: 37323 ns, Reaching safepoint: 78410 ns, At safepoint: 14570 ns, Total: 92980 ns
[2020-09-11T16:26:19.395+0000][1][safepoint    ] Safepoint "RevokeBias", Time since last: 36965 ns, Reaching safepoint: 78259 ns, At safepoint: 14962 ns, Total: 93221 ns
[2020-09-11T16:26:19.396+0000][1][safepoint    ] Safepoint "RevokeBias", Time since last: 40414 ns, Reaching safepoint: 78125 ns, At safepoint: 15058 ns, Total: 93183 ns
[2020-09-11T16:26:19.396+0000][1][safepoint    ] Safepoint "RevokeBias", Time since last: 36998 ns, Reaching safepoint: 77797 ns, At safepoint: 13902 ns, Total: 91699 ns
[2020-09-11T16:26:19.396+0000][1][safepoint    ] Safepoint "RevokeBias", Time since last: 37791 ns, Reaching safepoint: 87808 ns, At safepoint: 15059 ns, Total: 102867 ns
[2020-09-11T16:26:20.403+0000][1][safepoint    ] Safepoint "Cleanup", Time since last: 1007057028 ns, Reaching safepoint: 141038 ns, At safepoint: 7484 ns, Total: 148522 ns
[2020-09-11T16:26:21.363+0000][1][safepoint    ] Safepoint "RevokeBias", Time since last: 957963879 ns, Reaching safepoint: 1705208 ns, At safepoint: 39419 ns, Total: 1744627 ns
[2020-09-11T16:26:21.365+0000][1][safepoint    ] Safepoint "RevokeBias", Time since last: 71438 ns, Reaching safepoint: 2008231 ns, At safepoint: 43594 ns, Total: 2051825 ns
[2020-09-11T16:26:21.445+0000][1][safepoint    ] Safepoint "RevokeBias", Time since last: 79503876 ns, Reaching safepoint: 135619 ns, At safepoint: 24052 ns, Total: 159671 ns
[2020-09-11T16:26:21.473+0000][1][safepoint    ] Safepoint "RevokeBias", Time since last: 5602575 ns, Reaching safepoint: 23276245 ns, At safepoint: 37255 ns, Total: 23313500 ns
[2020-09-11T16:26:21.491+0000][1][safepoint    ] Safepoint "RevokeBias", Time since last: 9059661 ns, Reaching safepoint: 8280711 ns, At safepoint: 35517 ns, Total: 8316228 ns
[2020-09-11T16:26:21.491+0000][1][safepoint    ] Safepoint "RevokeBias", Time since last: 244860 ns, Reaching safepoint: 91288 ns, At safepoint: 26858 ns, Total: 118146 ns
[2020-09-11T16:26:21.506+0000][1][safepoint    ] Safepoint "RevokeBias", Time since last: 14649589 ns, Reaching safepoint: 180501 ns, At safepoint: 18174 ns, Total: 198675 ns
[2020-09-11T16:26:21.530+0000][1][safepoint    ] Safepoint "RevokeBias", Time since last: 8920081 ns, Reaching safepoint: 15182882 ns, At safepoint: 23843 ns, Total: 15206725 ns
[2020-09-11T16:26:21.542+0000][1][safepoint    ] Safepoint "RevokeBias", Time since last: 1022468 ns, Reaching safepoint: 10385340 ns, At safepoint: 26921 ns, Total: 10412261 ns
[2020-09-11T16:26:21.546+0000][1][safepoint    ] Safepoint "RevokeBias", Time since last: 4261806 ns, Reaching safepoint: 111044 ns, At safepoint: 22681 ns, Total: 133725 ns
[2020-09-11T16:26:21.546+0000][1][safepoint    ] Safepoint "RevokeBias", Time since last: 393221 ns, Reaching safepoint: 86474 ns, At safepoint: 28498 ns, Total: 114972 ns
[2020-09-11T16:26:21.558+0000][1][safepoint    ] Safepoint "RevokeBias", Time since last: 11216494 ns, Reaching safepoint: 143066 ns, At safepoint: 34484 ns, Total: 177550 ns
[2020-09-11T16:26:21.558+0000][1][safepoint    ] Safepoint "RevokeBias", Time since last: 184181 ns, Reaching safepoint: 89728 ns, At safepoint: 36382 ns, Total: 126110 ns
[2020-09-11T16:26:21.564+0000][1][safepoint    ] Safepoint "RevokeBias", Time since last: 6058312 ns, Reaching safepoint: 111017 ns, At safepoint: 19884 ns, Total: 130901 ns
[2020-09-11T16:26:21.565+0000][1][safepoint    ] Safepoint "RevokeBias", Time since last: 60902 ns, Reaching safepoint: 86987 ns, At safepoint: 12026 ns, Total: 99013 ns
[2020-09-11T16:26:21.601+0000][1][safepoint    ] Safepoint "RevokeBias", Time since last: 36301563 ns, Reaching safepoint: 113289 ns, At safepoint: 20032 ns, Total: 133321 ns
[2020-09-11T16:26:21.601+0000][1][safepoint    ] Safepoint "RevokeBias", Time since last: 115803 ns, Reaching safepoint: 15534 ns, At safepoint: 11626 ns, Total: 27160 ns
[2020-09-11T16:26:21.601+0000][1][safepoint    ] Safepoint "RevokeBias", Time since last: 51282 ns, Reaching safepoint: 15913 ns, At safepoint: 9911 ns, Total: 25824 ns
[2020-09-11T16:26:21.641+0000][1][safepoint    ] Safepoint "RevokeBias", Time since last: 39514624 ns, Reaching safepoint: 300751 ns, At safepoint: 33549 ns, Total: 334300 ns
[2020-09-11T16:26:21.641+0000][1][safepoint    ] Safepoint "RevokeBias", Time since last: 116089 ns, Reaching safepoint: 88808 ns, At safepoint: 20718 ns, Total: 109526 ns
[2020-09-11T16:26:21.649+0000][1][safepoint    ] Safepoint "RevokeBias", Time since last: 7516204 ns, Reaching safepoint: 164593 ns, At safepoint: 56808 ns, Total: 221401 ns
[2020-09-11T16:26:21.701+0000][1][safepoint    ] Safepoint "RevokeBias", Time since last: 52081398 ns, Reaching safepoint: 119218 ns, At safepoint: 25116 ns, Total: 144334 ns
[2020-09-11T16:26:21.701+0000][1][safepoint    ] Safepoint "RevokeBias", Time since last: 82114 ns, Reaching safepoint: 87694 ns, At safepoint: 15424 ns, Total: 103118 ns
[2020-09-11T16:26:21.702+0000][1][safepoint    ] Safepoint "RevokeBias", Time since last: 69150 ns, Reaching safepoint: 61512 ns, At safepoint: 44701 ns, Total: 106213 ns
[2020-09-11T16:26:21.702+0000][1][safepoint    ] Safepoint "RevokeBias", Time since last: 204058 ns, Reaching safepoint: 87511 ns, At safepoint: 11692 ns, Total: 99203 ns
[2020-09-11T16:26:21.702+0000][1][safepoint    ] Safepoint "RevokeBias", Time since last: 32562 ns, Reaching safepoint: 85953 ns, At safepoint: 11606 ns, Total: 97559 ns
[2020-09-11T16:26:21.702+0000][1][safepoint    ] Safepoint "RevokeBias", Time since last: 37746 ns, Reaching safepoint: 87455 ns, At safepoint: 11711 ns, Total: 99166 ns
[2020-09-11T16:26:21.704+0000][1][safepoint    ] Safepoint "RevokeBias", Time since last: 1550315 ns, Reaching safepoint: 660831 ns, At safepoint: 37822 ns, Total: 698653 ns
[2020-09-11T16:26:21.726+0000][1][safepoint    ] Safepoint "RevokeBias", Time since last: 21828889 ns, Reaching safepoint: 112677 ns, At safepoint: 18857 ns, Total: 131534 ns
[2020-09-11T16:26:21.727+0000][1][safepoint    ] Safepoint "RevokeBias", Time since last: 59225 ns, Reaching safepoint: 90937 ns, At safepoint: 12620 ns, Total: 103557 ns
[2020-09-11T16:26:21.793+0000][1][safepoint    ] Safepoint "RevokeBias", Time since last: 66255197 ns, Reaching safepoint: 258731 ns, At safepoint: 25727 ns, Total: 284458 ns
[2020-09-11T16:26:21.793+0000][1][safepoint    ] Safepoint "RevokeBias", Time since last: 79328 ns, Reaching safepoint: 85419 ns, At safepoint: 31192 ns, Total: 116611 ns
[2020-09-11T16:26:21.794+0000][1][safepoint    ] Safepoint "RevokeBias", Time since last: 470135 ns, Reaching safepoint: 87465 ns, At safepoint: 12285 ns, Total: 99750 ns
[2020-09-11T16:26:21.794+0000][1][safepoint    ] Safepoint "RevokeBias", Time since last: 261047 ns, Reaching safepoint: 90144 ns, At safepoint: 14554 ns, Total: 104698 ns
[2020-09-11T16:26:21.794+0000][1][safepoint    ] Safepoint "RevokeBias", Time since last: 41436 ns, Reaching safepoint: 85788 ns, At safepoint: 29184 ns, Total: 114972 ns
[2020-09-11T16:26:21.794+0000][1][safepoint    ] Safepoint "RevokeBias", Time since last: 47643 ns, Reaching safepoint: 86503 ns, At safepoint: 12147 ns, Total: 98650 ns
[2020-09-11T16:26:21.845+0000][1][safepoint    ] Safepoint "RevokeBias", Time since last: 50558183 ns, Reaching safepoint: 125835 ns, At safepoint: 21557 ns, Total: 147392 ns
[2020-09-11T16:26:21.847+0000][1][safepoint    ] Safepoint "RevokeBias", Time since last: 2104886 ns, Reaching safepoint: 94545 ns, At safepoint: 15950 ns, Total: 110495 ns
[2020-09-11T16:26:21.859+0000][1][safepoint    ] Safepoint "RevokeBias", Time since last: 11106545 ns, Reaching safepoint: 120656 ns, At safepoint: 21652 ns, Total: 142308 ns
[2020-09-11T16:26:21.859+0000][1][safepoint    ] Safepoint "RevokeBias", Time since last: 62660 ns, Reaching safepoint: 84602 ns, At safepoint: 13073 ns, Total: 97675 ns
[2020-09-11T16:26:21.859+0000][1][safepoint    ] Safepoint "RevokeBias", Time since last: 36465 ns, Reaching safepoint: 84292 ns, At safepoint: 12234 ns, Total: 96526 ns
[2020-09-11T16:26:21.953+0000][1][safepoint    ] Safepoint "RevokeBias", Time since last: 83391568 ns, Reaching safepoint: 10082693 ns, At safepoint: 136021 ns, Total: 10218714 ns
[2020-09-11T16:26:21.959+0000][1][safepoint    ] Safepoint "RevokeBias", Time since last: 5809712 ns, Reaching safepoint: 106183 ns, At safepoint: 14228 ns, Total: 120411 ns
[2020-09-11T16:26:21.980+0000][1][safepoint    ] Safepoint "RevokeBias", Time since last: 21108940 ns, Reaching safepoint: 118510 ns, At safepoint: 15649 ns, Total: 134159 ns
[2020-09-11T16:26:21.992+0000][1][safepoint    ] Safepoint "RevokeBias", Time since last: 11448392 ns, Reaching safepoint: 338361 ns, At safepoint: 14801 ns, Total: 353162 ns
[2020-09-11T16:26:22.008+0000][1][safepoint    ] Safepoint "RevokeBias", Time since last: 16547169 ns, Reaching safepoint: 113223 ns, At safepoint: 23330 ns, Total: 136553 ns
[2020-09-11T16:26:22.075+0000][1][safepoint    ] Safepoint "RevokeBias", Time since last: 63620647 ns, Reaching safepoint: 3251242 ns, At safepoint: 21088 ns, Total: 3272330 ns
[2020-09-11T16:26:22.157+0000][1][safepoint    ] Safepoint "RevokeBias", Time since last: 81822928 ns, Reaching safepoint: 126502 ns, At safepoint: 19059 ns, Total: 145561 ns
[2020-09-11T16:26:22.157+0000][1][safepoint    ] Safepoint "RevokeBias", Time since last: 49551 ns, Reaching safepoint: 16942 ns, At safepoint: 10135 ns, Total: 27077 ns
[2020-09-11T16:26:22.297+0000][1][safepoint    ] Safepoint "RevokeBias", Time since last: 139517339 ns, Reaching safepoint: 115626 ns, At safepoint: 21937 ns, Total: 137563 ns
[2020-09-11T16:26:22.298+0000][1][safepoint    ] Safepoint "RevokeBias", Time since last: 93452 ns, Reaching safepoint: 864271 ns, At safepoint: 15225 ns, Total: 879496 ns
[2020-09-11T16:26:22.298+0000][1][safepoint    ] Safepoint "RevokeBias", Time since last: 37358 ns, Reaching safepoint: 90248 ns, At safepoint: 12491 ns, Total: 102739 ns
[2020-09-11T16:26:22.298+0000][1][safepoint    ] Safepoint "RevokeBias", Time since last: 31822 ns, Reaching safepoint: 88481 ns, At safepoint: 11901 ns, Total: 100382 ns
[2020-09-11T16:26:22.298+0000][1][safepoint    ] Safepoint "RevokeBias", Time since last: 27868 ns, Reaching safepoint: 87903 ns, At safepoint: 11983 ns, Total: 99886 ns
[2020-09-11T16:26:22.301+0000][1][safepoint    ] Safepoint "RevokeBias", Time since last: 214701 ns, Reaching safepoint: 2366269 ns, At safepoint: 14973 ns, Total: 2381242 ns
[2020-09-11T16:26:22.301+0000][1][safepoint    ] Safepoint "RevokeBias", Time since last: 45718 ns, Reaching safepoint: 87420 ns, At safepoint: 12002 ns, Total: 99422 ns
[2020-09-11T16:26:22.301+0000][1][safepoint    ] Safepoint "RevokeBias", Time since last: 29131 ns, Reaching safepoint: 505272 ns, At safepoint: 13647 ns, Total: 518919 ns
[2020-09-11T16:26:22.352+0000][1][safepoint    ] Safepoint "RevokeBias", Time since last: 48277757 ns, Reaching safepoint: 2018321 ns, At safepoint: 25490 ns, Total: 2043811 ns
[2020-09-11T16:26:22.353+0000][1][safepoint    ] Safepoint "RevokeBias", Time since last: 432026 ns, Reaching safepoint: 539736 ns, At safepoint: 14067 ns, Total: 553803 ns
[2020-09-11T16:26:22.613+0000][1][safepoint    ] Safepoint "RevokeBias", Time since last: 260082749 ns, Reaching safepoint: 129415 ns, At safepoint: 24110 ns, Total: 153525 ns
[2020-09-11T16:26:22.613+0000][1][safepoint    ] Safepoint "RevokeBias", Time since last: 68662 ns, Reaching safepoint: 87940 ns, At safepoint: 12289 ns, Total: 100229 ns
[2020-09-11T16:26:22.613+0000][1][safepoint    ] Safepoint "RevokeBias", Time since last: 38970 ns, Reaching safepoint: 87575 ns, At safepoint: 11382 ns, Total: 98957 ns
[2020-09-11T16:26:22.614+0000][1][safepoint    ] Safepoint "RevokeBias", Time since last: 60988 ns, Reaching safepoint: 88078 ns, At safepoint: 15457 ns, Total: 103535 ns
[2020-09-11T16:26:22.807+0000][1][safepoint    ] Safepoint "RevokeBias", Time since last: 193246562 ns, Reaching safepoint: 127509 ns, At safepoint: 21528 ns, Total: 149037 ns
[2020-09-11T16:26:22.841+0000][1][safepoint    ] Safepoint "RevokeBias", Time since last: 33439223 ns, Reaching safepoint: 457067 ns, At safepoint: 15577 ns, Total: 472644 ns
[2020-09-11T16:26:22.849+0000][1][safepoint    ] Safepoint "RevokeBias", Time since last: 8098623 ns, Reaching safepoint: 113747 ns, At safepoint: 17078 ns, Total: 130825 ns
[2020-09-11T16:26:22.853+0000][1][safepoint    ] Safepoint "RevokeBias", Time since last: 3741208 ns, Reaching safepoint: 146815 ns, At safepoint: 16005 ns, Total: 162820 ns
[2020-09-11T16:26:22.869+0000][1][safepoint    ] Safepoint "RevokeBias", Time since last: 15840599 ns, Reaching safepoint: 123478 ns, At safepoint: 16884 ns, Total: 140362 ns
[2020-09-11T16:26:23.355+0000][1][safepoint    ] Safepoint "RevokeBias", Time since last: 485586305 ns, Reaching safepoint: 38345 ns, At safepoint: 14034 ns, Total: 52379 ns
[2020-09-11T16:26:23.355+0000][1][safepoint    ] Safepoint "RevokeBias", Time since last: 280061 ns, Reaching safepoint: 22821 ns, At safepoint: 13855 ns, Total: 36676 ns
[2020-09-11T16:26:23.355+0000][1][safepoint    ] Safepoint "RevokeBias", Time since last: 554787 ns, Reaching safepoint: 15735 ns, At safepoint: 9043 ns, Total: 24778 ns
[2020-09-11T16:26:23.356+0000][1][safepoint    ] Safepoint "RevokeBias", Time since last: 604723 ns, Reaching safepoint: 17473 ns, At safepoint: 10001 ns, Total: 27474 ns
[2020-09-11T16:26:23.819+0000][1][safepoint    ] Safepoint "RevokeBias", Time since last: 462362828 ns, Reaching safepoint: 605860 ns, At safepoint: 19690 ns, Total: 625550 ns
[2020-09-11T16:26:24.355+0000][1][safepoint    ] Safepoint "RevokeBias", Time since last: 536331185 ns, Reaching safepoint: 40982 ns, At safepoint: 15107 ns, Total: 56089 ns
[2020-09-11T16:26:24.356+0000][1][safepoint    ] Safepoint "RevokeBias", Time since last: 239224 ns, Reaching safepoint: 15990 ns, At safepoint: 9300 ns, Total: 25290 ns
[2020-09-11T16:26:24.356+0000][1][safepoint    ] Safepoint "RevokeBias", Time since last: 494780 ns, Reaching safepoint: 16519 ns, At safepoint: 9534 ns, Total: 26053 ns
[2020-09-11T16:26:24.372+0000][1][safepoint    ] Safepoint "RevokeBias", Time since last: 3071260 ns, Reaching safepoint: 12921711 ns, At safepoint: 30970 ns, Total: 12952681 ns
[2020-09-11T16:26:24.397+0000][1][safepoint    ] Safepoint "RevokeBias", Time since last: 21986444 ns, Reaching safepoint: 2635013 ns, At safepoint: 21978 ns, Total: 2656991 ns
[2020-09-11T16:26:24.398+0000][1][safepoint    ] Safepoint "RevokeBias", Time since last: 311339 ns, Reaching safepoint: 885601 ns, At safepoint: 13545 ns, Total: 899146 ns
[2020-09-11T16:26:24.401+0000][1][safepoint    ] Safepoint "RevokeBias", Time since last: 1278935 ns, Reaching safepoint: 1389059 ns, At safepoint: 17739 ns, Total: 1406798 ns
[2020-09-11T16:26:24.954+0000][1][safepoint    ] Safepoint "RevokeBias", Time since last: 553137729 ns, Reaching safepoint: 129060 ns, At safepoint: 17944 ns, Total: 147004 ns
[2020-09-11T16:26:24.991+0000][1][safepoint    ] Safepoint "RevokeBias", Time since last: 37181432 ns, Reaching safepoint: 122742 ns, At safepoint: 21075 ns, Total: 143817 ns
[2020-09-11T16:26:25.069+0000][1][safepoint    ] Safepoint "Deoptimize", Time since last: 77365438 ns, Reaching safepoint: 127931 ns, At safepoint: 397392 ns, Total: 525323 ns
[2020-09-11T16:26:25.498+0000][1][safepoint    ] Safepoint "RevokeBias", Time since last: 428915328 ns, Reaching safepoint: 115072 ns, At safepoint: 15896 ns, Total: 130968 ns
[2020-09-11T16:26:25.506+0000][1][safepoint    ] Safepoint "RevokeBias", Time since last: 7581578 ns, Reaching safepoint: 119104 ns, At safepoint: 16504 ns, Total: 135608 ns
[2020-09-11T16:26:25.507+0000][1][safepoint    ] Safepoint "RevokeBias", Time since last: 996327 ns, Reaching safepoint: 93233 ns, At safepoint: 11809 ns, Total: 105042 ns
[2020-09-11T16:26:25.509+0000][1][safepoint    ] Safepoint "RevokeBias", Time since last: 1592836 ns, Reaching safepoint: 92137 ns, At safepoint: 12358 ns, Total: 104495 ns
[2020-09-11T16:26:25.529+0000][1][safepoint    ] Safepoint "RevokeBias", Time since last: 15932935 ns, Reaching safepoint: 3725138 ns, At safepoint: 23952 ns, Total: 3749090 ns
[2020-09-11T16:26:25.901+0000][1][safepoint    ] Safepoint "RevokeBias", Time since last: 368658162 ns, Reaching safepoint: 3614901 ns, At safepoint: 29218 ns, Total: 3644119 ns
[2020-09-11T16:26:25.901+0000][1][safepoint    ] Safepoint "RevokeBias", Time since last: 135445 ns, Reaching safepoint: 282766 ns, At safepoint: 13453 ns, Total: 296219 ns
[2020-09-11T16:26:25.901+0000][1][safepoint    ] Safepoint "RevokeBias", Time since last: 41715 ns, Reaching safepoint: 95603 ns, At safepoint: 12049 ns, Total: 107652 ns
[2020-09-11T16:26:25.904+0000][1][safepoint    ] Safepoint "RevokeBias", Time since last: 546136 ns, Reaching safepoint: 1602861 ns, At safepoint: 18787 ns, Total: 1621648 ns
[2020-09-11T16:26:25.909+0000][1][safepoint    ] Safepoint "RevokeBias", Time since last: 3672818 ns, Reaching safepoint: 1515048 ns, At safepoint: 23214 ns, Total: 1538262 ns
[2020-09-11T16:26:26.085+0000][1][safepoint    ] Safepoint "RevokeBias", Time since last: 175568559 ns, Reaching safepoint: 120565 ns, At safepoint: 13861 ns, Total: 134426 ns
[2020-09-11T16:26:26.085+0000][1][safepoint    ] Safepoint "RevokeBias", Time since last: 75208 ns, Reaching safepoint: 84326 ns, At safepoint: 8958 ns, Total: 93284 ns
[2020-09-11T16:26:26.377+0000][1][safepoint    ] Safepoint "RevokeBias", Time since last: 291906956 ns, Reaching safepoint: 164256 ns, At safepoint: 17123 ns, Total: 181379 ns
[2020-09-11T16:26:26.378+0000][1][safepoint    ] Safepoint "RevokeBias", Time since last: 872463 ns, Reaching safepoint: 90588 ns, At safepoint: 12047 ns, Total: 102635 ns
[2020-09-11T16:26:26.382+0000][1][safepoint    ] Safepoint "RevokeBias", Time since last: 4031177 ns, Reaching safepoint: 115681 ns, At safepoint: 17114 ns, Total: 132795 ns
[2020-09-11T16:26:26.426+0000][1][safepoint    ] Safepoint "RevokeBias", Time since last: 44010813 ns, Reaching safepoint: 118368 ns, At safepoint: 19219 ns, Total: 137587 ns
[2020-09-11T16:26:26.476+0000][1][safepoint    ] Safepoint "RevokeBias", Time since last: 49247295 ns, Reaching safepoint: 915520 ns, At safepoint: 29240 ns, Total: 944760 ns
[2020-09-11T16:26:26.481+0000][1][safepoint    ] Safepoint "RevokeBias", Time since last: 2640029 ns, Reaching safepoint: 1896032 ns, At safepoint: 20971 ns, Total: 1917003 ns
[2020-09-11T16:26:26.502+0000][1][safepoint    ] Safepoint "RevokeBias", Time since last: 21074403 ns, Reaching safepoint: 122999 ns, At safepoint: 24551 ns, Total: 147550 ns
[2020-09-11T16:26:26.751+0000][1][safepoint    ] Safepoint "RevokeBias", Time since last: 249273034 ns, Reaching safepoint: 119129 ns, At safepoint: 16679 ns, Total: 135808 ns
[2020-09-11T16:26:26.914+0000][1][safepoint    ] Safepoint "RevokeBias", Time since last: 162254162 ns, Reaching safepoint: 120253 ns, At safepoint: 16612 ns, Total: 136865 ns
[2020-09-11T16:26:27.114+0000][1][safepoint    ] Safepoint "RevokeBias", Time since last: 200354870 ns, Reaching safepoint: 174953 ns, At safepoint: 17790 ns, Total: 192743 ns
[2020-09-11T16:26:27.141+0000][1][safepoint    ] Safepoint "RevokeBias", Time since last: 26792078 ns, Reaching safepoint: 114349 ns, At safepoint: 28263 ns, Total: 142612 ns
[2020-09-11T16:26:27.174+0000][1][safepoint    ] Safepoint "RevokeBias", Time since last: 31368300 ns, Reaching safepoint: 36643 ns, At safepoint: 1154465 ns, Total: 1191108 ns
[2020-09-11T16:26:27.175+0000][1][safepoint    ] Safepoint "RevokeBias", Time since last: 637980 ns, Reaching safepoint: 25741 ns, At safepoint: 11365 ns, Total: 37106 ns
[2020-09-11T16:26:27.257+0000][1][safepoint    ] Safepoint "RevokeBias", Time since last: 79281423 ns, Reaching safepoint: 2980542 ns, At safepoint: 29486 ns, Total: 3010028 ns
[2020-09-11T16:26:27.258+0000][1][safepoint    ] Safepoint "RevokeBias", Time since last: 635985 ns, Reaching safepoint: 88413 ns, At safepoint: 11541 ns, Total: 99954 ns
[2020-09-11T16:26:27.276+0000][1][safepoint    ] Safepoint "RevokeBias", Time since last: 18261730 ns, Reaching safepoint: 113571 ns, At safepoint: 24094 ns, Total: 137665 ns
[2020-09-11T16:26:27.285+0000][1][safepoint    ] Safepoint "RevokeBias", Time since last: 5356361 ns, Reaching safepoint: 3475924 ns, At safepoint: 20515 ns, Total: 3496439 ns
[2020-09-11T16:26:27.347+0000][1][gc,start     ] GC(65) Pause Young (Allocation Failure)
[2020-09-11T16:26:27.347+0000][1][gc,task      ] GC(65) Using 1 workers of 1 for evacuation
[2020-09-11T16:26:27.483+0000][1][gc,age       ] GC(65) Desired survivor size 4358144 bytes, new threshold 2 (max threshold 6)
[2020-09-11T16:26:27.483+0000][1][gc,age       ] GC(65) Age table with threshold 2 (max threshold 6)
[2020-09-11T16:26:27.483+0000][1][gc,age       ] GC(65) - age   1:    2438680 bytes,    2438680 total
[2020-09-11T16:26:27.483+0000][1][gc,age       ] GC(65) - age   2:    3444448 bytes,    5883128 total
[2020-09-11T16:26:27.483+0000][1][gc,heap      ] GC(65) ParNew: 75991K->6096K(76672K)
[2020-09-11T16:26:27.483+0000][1][gc,heap      ] GC(65) CMS: 55948K->59339K(439104K)
[2020-09-11T16:26:27.483+0000][1][gc,metaspace ] GC(65) Metaspace: 73648K->73648K(1116160K)
[2020-09-11T16:26:27.483+0000][1][gc           ] GC(65) Pause Young (Allocation Failure) 128M->63M(503M) 136.065ms
[2020-09-11T16:26:27.483+0000][1][gc,cpu       ] GC(65) User=0.03s Sys=0.00s Real=0.14s
[2020-09-11T16:26:27.542+0000][1][safepoint    ] Safepoint "GenCollectForAllocation", Time since last: 61705121 ns, Reaching safepoint: 131836 ns, At safepoint: 195306035 ns, Total: 195437871 ns
[2020-09-11T16:26:27.613+0000][1][safepoint    ] Safepoint "RevokeBias", Time since last: 63629438 ns, Reaching safepoint: 7189593 ns, At safepoint: 59681 ns, Total: 7249274 ns
[2020-09-11T16:26:27.721+0000][1][safepoint    ] Safepoint "RevokeBias", Time since last: 108049124 ns, Reaching safepoint: 114850 ns, At safepoint: 14198 ns, Total: 129048 ns
[2020-09-11T16:26:27.721+0000][1][safepoint    ] Safepoint "RevokeBias", Time since last: 309582 ns, Reaching safepoint: 89422 ns, At safepoint: 10404 ns, Total: 99826 ns
[2020-09-11T16:26:27.725+0000][1][safepoint    ] Safepoint "RevokeBias", Time since last: 3328183 ns, Reaching safepoint: 102547 ns, At safepoint: 12743 ns, Total: 115290 ns
[2020-09-11T16:26:27.802+0000][1][safepoint    ] Safepoint "RevokeBias", Time since last: 77148256 ns, Reaching safepoint: 123321 ns, At safepoint: 17819 ns, Total: 141140 ns
[2020-09-11T16:26:27.817+0000][1][safepoint    ] Safepoint "RevokeBias", Time since last: 14770758 ns, Reaching safepoint: 110582 ns, At safepoint: 53122 ns, Total: 163704 ns
[2020-09-11T16:26:27.818+0000][1][safepoint    ] Safepoint "RevokeBias", Time since last: 1005801 ns, Reaching safepoint: 96054 ns, At safepoint: 42267 ns, Total: 138321 ns
[2020-09-11T16:26:28.030+0000][1][safepoint    ] Safepoint "RevokeBias", Time since last: 206269451 ns, Reaching safepoint: 5348032 ns, At safepoint: 26532 ns, Total: 5374564 ns
[2020-09-11T16:26:28.126+0000][1][safepoint    ] Safepoint "RevokeBias", Time since last: 95454379 ns, Reaching safepoint: 257090 ns, At safepoint: 17553 ns, Total: 274643 ns
[2020-09-11T16:26:28.126+0000][1][safepoint    ] Safepoint "RevokeBias", Time since last: 267051 ns, Reaching safepoint: 89256 ns, At safepoint: 11899 ns, Total: 101155 ns
[2020-09-11T16:26:28.133+0000][1][safepoint    ] Safepoint "RevokeBias", Time since last: 6862524 ns, Reaching safepoint: 116684 ns, At safepoint: 16290 ns, Total: 132974 ns
[2020-09-11T16:26:28.133+0000][1][safepoint    ] Safepoint "RevokeBias", Time since last: 198995 ns, Reaching safepoint: 86252 ns, At safepoint: 10307 ns, Total: 96559 ns
[2020-09-11T16:26:28.134+0000][1][safepoint    ] Safepoint "RevokeBias", Time since last: 218925 ns, Reaching safepoint: 85958 ns, At safepoint: 9858 ns, Total: 95816 ns
[2020-09-11T16:26:28.134+0000][1][safepoint    ] Safepoint "RevokeBias", Time since last: 72417 ns, Reaching safepoint: 85449 ns, At safepoint: 9655 ns, Total: 95104 ns
[2020-09-11T16:26:28.134+0000][1][safepoint    ] Safepoint "RevokeBias", Time since last: 126238 ns, Reaching safepoint: 85465 ns, At safepoint: 9423 ns, Total: 94888 ns
[2020-09-11T16:26:28.134+0000][1][safepoint    ] Safepoint "RevokeBias", Time since last: 76162 ns, Reaching safepoint: 84626 ns, At safepoint: 9262 ns, Total: 93888 ns
[2020-09-11T16:26:28.137+0000][1][safepoint    ] Safepoint "BulkRevokeBias", Time since last: 120432 ns, Reaching safepoint: 2534402 ns, At safepoint: 129743 ns, Total: 2664145 ns
[2020-09-11T16:26:28.141+0000][1][safepoint    ] Safepoint "BulkRevokeBias", Time since last: 180715 ns, Reaching safepoint: 4100728 ns, At safepoint: 125255 ns, Total: 4225983 ns
[2020-09-11T16:26:28.180+0000][1][safepoint    ] Safepoint "RevokeBias", Time since last: 29307744 ns, Reaching safepoint: 9755728 ns, At safepoint: 22043 ns, Total: 9777771 ns
[2020-09-11T16:26:28.185+0000][1][safepoint    ] Safepoint "RevokeBias", Time since last: 4707653 ns, Reaching safepoint: 108265 ns, At safepoint: 13937 ns, Total: 122202 ns
[2020-09-11T16:26:28.186+0000][1][safepoint    ] Safepoint "RevokeBias", Time since last: 409177 ns, Reaching safepoint: 89339 ns, At safepoint: 10856 ns, Total: 100195 ns
[2020-09-11T16:26:28.189+0000][1][safepoint    ] Safepoint "RevokeBias", Time since last: 3003949 ns, Reaching safepoint: 104881 ns, At safepoint: 14134 ns, Total: 119015 ns
[2020-09-11T16:26:28.197+0000][1][safepoint    ] Safepoint "RevokeBias", Time since last: 7901721 ns, Reaching safepoint: 119589 ns, At safepoint: 17120 ns, Total: 136709 ns
[2020-09-11T16:26:28.217+0000][1][safepoint    ] Safepoint "RevokeBias", Time since last: 15840127 ns, Reaching safepoint: 4029017 ns, At safepoint: 25276 ns, Total: 4054293 ns
[2020-09-11T16:26:28.737+0000][1][safepoint    ] Safepoint "RevokeBias", Time since last: 511960296 ns, Reaching safepoint: 8020794 ns, At safepoint: 25534 ns, Total: 8046328 ns
[2020-09-11T16:26:28.765+0000][1][safepoint    ] Safepoint "RevokeBias", Time since last: 19793069 ns, Reaching safepoint: 8152682 ns, At safepoint: 25979 ns, Total: 8178661 ns
[2020-09-11T16:26:28.768+0000][1][safepoint    ] Safepoint "BulkRevokeBias", Time since last: 974985 ns, Reaching safepoint: 1609913 ns, At safepoint: 295278 ns, Total: 1905191 ns
[2020-09-11T16:26:28.891+0000][1][safepoint    ] Safepoint "RevokeBias", Time since last: 122668360 ns, Reaching safepoint: 126532 ns, At safepoint: 51314 ns, Total: 177846 ns
[2020-09-11T16:26:29.302+0000][1][safepoint    ] Safepoint "RevokeBias", Time since last: 410862337 ns, Reaching safepoint: 114604 ns, At safepoint: 21072 ns, Total: 135676 ns
[2020-09-11T16:26:29.314+0000][1][safepoint    ] Safepoint "RevokeBias", Time since last: 11745913 ns, Reaching safepoint: 314342 ns, At safepoint: 45742 ns, Total: 360084 ns
[2020-09-11T16:26:29.574+0000][1][safepoint    ] Safepoint "RevokeBias", Time since last: 259938029 ns, Reaching safepoint: 659124 ns, At safepoint: 14605 ns, Total: 673729 ns
[2020-09-11T16:26:29.575+0000][1][safepoint    ] Safepoint "RevokeBias", Time since last: 410480 ns, Reaching safepoint: 88930 ns, At safepoint: 10030 ns, Total: 98960 ns
[2020-09-11T16:26:29.575+0000][1][safepoint    ] Safepoint "RevokeBias", Time since last: 209241 ns, Reaching safepoint: 95133 ns, At safepoint: 10911 ns, Total: 106044 ns
[2020-09-11T16:26:29.591+0000][1][safepoint    ] Safepoint "RevokeBias", Time since last: 15367763 ns, Reaching safepoint: 122295 ns, At safepoint: 18139 ns, Total: 140434 ns
[2020-09-11T16:26:30.486+0000][1][safepoint    ] Safepoint "RevokeBias", Time since last: 895163438 ns, Reaching safepoint: 131663 ns, At safepoint: 17181 ns, Total: 148844 ns
[2020-09-11T16:26:30.544+0000][1][safepoint    ] Safepoint "RevokeBias", Time since last: 57936020 ns, Reaching safepoint: 125029 ns, At safepoint: 35297 ns, Total: 160326 ns
[2020-09-11T16:26:30.838+0000][1][safepoint    ] Safepoint "RevokeBias", Time since last: 292783888 ns, Reaching safepoint: 858967 ns, At safepoint: 16381 ns, Total: 875348 ns
[2020-09-11T16:26:31.134+0000][1][safepoint    ] Safepoint "RevokeBias", Time since last: 289023280 ns, Reaching safepoint: 7263530 ns, At safepoint: 22584 ns, Total: 7286114 ns
[2020-09-11T16:26:31.149+0000][1][safepoint    ] Safepoint "RevokeBias", Time since last: 10663176 ns, Reaching safepoint: 4194644 ns, At safepoint: 31590 ns, Total: 4226234 ns
[2020-09-11T16:26:31.192+0000][1][safepoint    ] Safepoint "RevokeBias", Time since last: 42474502 ns, Reaching safepoint: 119972 ns, At safepoint: 57498 ns, Total: 177470 ns
[2020-09-11T16:26:31.205+0000][1][safepoint    ] Safepoint "RevokeBias", Time since last: 13269744 ns, Reaching safepoint: 115985 ns, At safepoint: 46736 ns, Total: 162721 ns
[2020-09-11T16:26:31.205+0000][1][safepoint    ] Safepoint "RevokeBias", Time since last: 197573 ns, Reaching safepoint: 160961 ns, At safepoint: 55166 ns, Total: 216127 ns
[2020-09-11T16:26:31.206+0000][1][safepoint    ] Safepoint "RevokeBias", Time since last: 531588 ns, Reaching safepoint: 90131 ns, At safepoint: 37836 ns, Total: 127967 ns
[2020-09-11T16:26:31.427+0000][1][safepoint    ] Safepoint "RevokeBias", Time since last: 221064120 ns, Reaching safepoint: 129751 ns, At safepoint: 16975 ns, Total: 146726 ns
[2020-09-11T16:26:31.707+0000][1][safepoint    ] Safepoint "RevokeBias", Time since last: 279194222 ns, Reaching safepoint: 114807 ns, At safepoint: 26605 ns, Total: 141412 ns
[2020-09-11T16:26:31.717+0000][1][safepoint    ] Safepoint "RevokeBias", Time since last: 10337932 ns, Reaching safepoint: 115755 ns, At safepoint: 35957 ns, Total: 151712 ns
[2020-09-11T16:26:31.738+0000][1][safepoint    ] Safepoint "RevokeBias", Time since last: 20624233 ns, Reaching safepoint: 114858 ns, At safepoint: 18960 ns, Total: 133818 ns
[2020-09-11T16:26:31.749+0000][1][safepoint    ] Safepoint "RevokeBias", Time since last: 11012902 ns, Reaching safepoint: 124360 ns, At safepoint: 48937 ns, Total: 173297 ns
[2020-09-11T16:26:31.753+0000][1][safepoint    ] Safepoint "RevokeBias", Time since last: 3389173 ns, Reaching safepoint: 171227 ns, At safepoint: 19974 ns, Total: 191201 ns
[2020-09-11T16:26:31.761+0000][1][safepoint    ] Safepoint "RevokeBias", Time since last: 7896211 ns, Reaching safepoint: 41203 ns, At safepoint: 16018 ns, Total: 57221 ns
[2020-09-11T16:26:31.761+0000][1][safepoint    ] Safepoint "RevokeBias", Time since last: 594252 ns, Reaching safepoint: 22021 ns, At safepoint: 10568 ns, Total: 32589 ns
[2020-09-11T16:26:31.763+0000][1][safepoint    ] Safepoint "RevokeBias", Time since last: 1634730 ns, Reaching safepoint: 113986 ns, At safepoint: 13888 ns, Total: 127874 ns
[2020-09-11T16:26:31.817+0000][1][safepoint    ] Safepoint "RevokeBias", Time since last: 41874193 ns, Reaching safepoint: 12044112 ns, At safepoint: 48993 ns, Total: 12093105 ns
[2020-09-11T16:26:31.829+0000][1][safepoint    ] Safepoint "RevokeBias", Time since last: 11907670 ns, Reaching safepoint: 127286 ns, At safepoint: 17203 ns, Total: 144489 ns
[2020-09-11T16:26:31.981+0000][1][safepoint    ] Safepoint "RevokeBias", Time since last: 151495659 ns, Reaching safepoint: 118203 ns, At safepoint: 20265 ns, Total: 138468 ns
[2020-09-11T16:26:31.981+0000][1][safepoint    ] Safepoint "RevokeBias", Time since last: 71479 ns, Reaching safepoint: 17081 ns, At safepoint: 10772 ns, Total: 27853 ns
[2020-09-11T16:26:31.986+0000][1][safepoint    ] Safepoint "RevokeBias", Time since last: 5033546 ns, Reaching safepoint: 152678 ns, At safepoint: 18099 ns, Total: 170777 ns
[2020-09-11T16:26:31.986+0000][1][safepoint    ] Safepoint "RevokeBias", Time since last: 257567 ns, Reaching safepoint: 23034 ns, At safepoint: 14934 ns, Total: 37968 ns
[2020-09-11T16:26:32.041+0000][1][safepoint    ] Safepoint "RevokeBias", Time since last: 54615544 ns, Reaching safepoint: 42576 ns, At safepoint: 27984 ns, Total: 70560 ns
[2020-09-11T16:26:32.145+0000][1][safepoint    ] Safepoint "RevokeBias", Time since last: 103918871 ns, Reaching safepoint: 132096 ns, At safepoint: 19592 ns, Total: 151688 ns
[2020-09-11T16:26:32.176+0000][1][safepoint    ] Safepoint "RevokeBias", Time since last: 31065149 ns, Reaching safepoint: 125000 ns, At safepoint: 18890 ns, Total: 143890 ns
[2020-09-11T16:26:32.306+0000][1][safepoint    ] Safepoint "RevokeBias", Time since last: 130183219 ns, Reaching safepoint: 125329 ns, At safepoint: 17098 ns, Total: 142427 ns
[2020-09-11T16:26:32.564+0000][1][safepoint    ] Safepoint "RevokeBias", Time since last: 257572950 ns, Reaching safepoint: 50438 ns, At safepoint: 14841 ns, Total: 65279 ns
[2020-09-11T16:26:32.761+0000][1][safepoint    ] Safepoint "BulkRevokeBias", Time since last: 194168551 ns, Reaching safepoint: 2638977 ns, At safepoint: 144299 ns, Total: 2783276 ns
[2020-09-11T16:26:32.776+0000][1][safepoint    ] Safepoint "RevokeBias", Time since last: 14534629 ns, Reaching safepoint: 50931 ns, At safepoint: 18547 ns, Total: 69478 ns
[2020-09-11T16:26:33.505+0000][1][safepoint    ] Safepoint "RevokeBias", Time since last: 729186601 ns, Reaching safepoint: 119371 ns, At safepoint: 18055 ns, Total: 137426 ns
[2020-09-11T16:26:33.690+0000][1][safepoint    ] Safepoint "RevokeBias", Time since last: 184498188 ns, Reaching safepoint: 129384 ns, At safepoint: 16695 ns, Total: 146079 ns
[2020-09-11T16:26:33.690+0000][1][safepoint    ] Safepoint "RevokeBias", Time since last: 69101 ns, Reaching safepoint: 17851 ns, At safepoint: 10042 ns, Total: 27893 ns
[2020-09-11T16:26:33.978+0000][1][safepoint    ] Safepoint "RevokeBias", Time since last: 287659048 ns, Reaching safepoint: 134985 ns, At safepoint: 19214 ns, Total: 154199 ns
[2020-09-11T16:26:33.985+0000][1][safepoint    ] Safepoint "RevokeBias", Time since last: 7346990 ns, Reaching safepoint: 128372 ns, At safepoint: 21827 ns, Total: 150199 ns
[2020-09-11T16:26:33.986+0000][1][safepoint    ] Safepoint "RevokeBias", Time since last: 446453 ns, Reaching safepoint: 91704 ns, At safepoint: 13823 ns, Total: 105527 ns
[2020-09-11T16:26:34.369+0000][1][safepoint    ] Safepoint "RevokeBias", Time since last: 383252215 ns, Reaching safepoint: 45021 ns, At safepoint: 14539 ns, Total: 59560 ns
[2020-09-11T16:26:34.391+0000][1][safepoint    ] Safepoint "RevokeBias", Time since last: 15239679 ns, Reaching safepoint: 7210055 ns, At safepoint: 37258 ns, Total: 7247313 ns
[2020-09-11T16:26:34.405+0000][1][safepoint    ] Safepoint "RevokeBias", Time since last: 9522899 ns, Reaching safepoint: 3911530 ns, At safepoint: 25386 ns, Total: 3936916 ns
[2020-09-11T16:26:34.413+0000][1][safepoint    ] Safepoint "RevokeBias", Time since last: 7836798 ns, Reaching safepoint: 123510 ns, At safepoint: 44991 ns, Total: 168501 ns
[2020-09-11T16:26:34.600+0000][1][safepoint    ] Safepoint "RevokeBias", Time since last: 186980064 ns, Reaching safepoint: 119711 ns, At safepoint: 33782 ns, Total: 153493 ns
[2020-09-11T16:26:35.081+0000][1][safepoint    ] Safepoint "RevokeBias", Time since last: 476939211 ns, Reaching safepoint: 3904268 ns, At safepoint: 23523 ns, Total: 3927791 ns
[2020-09-11T16:26:35.103+0000][1][safepoint    ] Safepoint "RevokeBias", Time since last: 21993448 ns, Reaching safepoint: 122603 ns, At safepoint: 53515 ns, Total: 176118 ns
[2020-09-11T16:26:35.913+0000][1][gc,start     ] GC(66) Pause Young (Allocation Failure)
[2020-09-11T16:26:35.914+0000][1][gc,task      ] GC(66) Using 1 workers of 1 for evacuation
[2020-09-11T16:26:36.061+0000][1][gc,age       ] GC(66) Desired survivor size 4358144 bytes, new threshold 6 (max threshold 6)
[2020-09-11T16:26:36.061+0000][1][gc,age       ] GC(66) Age table with threshold 6 (max threshold 6)
[2020-09-11T16:26:36.061+0000][1][gc,age       ] GC(66) - age   1:     970056 bytes,     970056 total
[2020-09-11T16:26:36.061+0000][1][gc,age       ] GC(66) - age   2:    2209008 bytes,    3179064 total
[2020-09-11T16:26:36.061+0000][1][gc,heap      ] GC(66) ParNew: 74256K->5832K(76672K)
[2020-09-11T16:26:36.061+0000][1][gc,heap      ] GC(66) CMS: 59339K->62837K(439104K)
[2020-09-11T16:26:36.061+0000][1][gc,metaspace ] GC(66) Metaspace: 74547K->74547K(1118208K)
[2020-09-11T16:26:36.061+0000][1][gc           ] GC(66) Pause Young (Allocation Failure) 130M->67M(503M) 147.231ms
[2020-09-11T16:26:36.061+0000][1][gc,cpu       ] GC(66) User=0.03s Sys=0.00s Real=0.14s
[2020-09-11T16:26:36.093+0000][1][safepoint    ] Safepoint "GenCollectForAllocation", Time since last: 810369798 ns, Reaching safepoint: 58165 ns, At safepoint: 179433315 ns, Total: 179491480 ns
[2020-09-11T16:26:36.112+0000][1][safepoint    ] Safepoint "RevokeBias", Time since last: 19083893 ns, Reaching safepoint: 43308 ns, At safepoint: 28748 ns, Total: 72056 ns
[2020-09-11T16:26:36.998+0000][1][safepoint    ] Safepoint "RevokeBias", Time since last: 885347183 ns, Reaching safepoint: 1009965 ns, At safepoint: 19760 ns, Total: 1029725 ns
[2020-09-11T16:26:36.999+0000][1][safepoint    ] Safepoint "RevokeBias", Time since last: 175442 ns, Reaching safepoint: 95404 ns, At safepoint: 12839 ns, Total: 108243 ns
[2020-09-11T16:26:36.999+0000][1][safepoint    ] Safepoint "RevokeBias", Time since last: 38334 ns, Reaching safepoint: 90964 ns, At safepoint: 11917 ns, Total: 102881 ns
[2020-09-11T16:26:37.101+0000][1][safepoint    ] Safepoint "RevokeBias", Time since last: 97974804 ns, Reaching safepoint: 4037279 ns, At safepoint: 30645 ns, Total: 4067924 ns
[2020-09-11T16:26:37.125+0000][1][safepoint    ] Safepoint "RevokeBias", Time since last: 24252607 ns, Reaching safepoint: 114123 ns, At safepoint: 19593 ns, Total: 133716 ns
[2020-09-11T16:26:37.557+0000][1][safepoint    ] Safepoint "RevokeBias", Time since last: 431063271 ns, Reaching safepoint: 171667 ns, At safepoint: 16378 ns, Total: 188045 ns
[2020-09-11T16:26:37.866+0000][1][safepoint    ] Safepoint "RevokeBias", Time since last: 309388002 ns, Reaching safepoint: 123737 ns, At safepoint: 28162 ns, Total: 151899 ns
[2020-09-11T16:26:37.876+0000][1][safepoint    ] Safepoint "RevokeBias", Time since last: 9764889 ns, Reaching safepoint: 138586 ns, At safepoint: 31138 ns, Total: 169724 ns
[2020-09-11T16:26:37.890+0000][1][safepoint    ] Safepoint "RevokeBias", Time since last: 13447093 ns, Reaching safepoint: 118898 ns, At safepoint: 20972 ns, Total: 139870 ns
[2020-09-11T16:26:37.890+0000][1][safepoint    ] Safepoint "RevokeBias", Time since last: 275957 ns, Reaching safepoint: 90169 ns, At safepoint: 14618 ns, Total: 104787 ns
[2020-09-11T16:26:37.897+0000][1][safepoint    ] Safepoint "RevokeBias", Time since last: 6394982 ns, Reaching safepoint: 126293 ns, At safepoint: 127736 ns, Total: 254029 ns
[2020-09-11T16:26:37.921+0000][1][safepoint    ] Safepoint "RevokeBias", Time since last: 24189512 ns, Reaching safepoint: 669847 ns, At safepoint: 24223 ns, Total: 694070 ns
[2020-09-11T16:26:37.922+0000][1][safepoint    ] Safepoint "RevokeBias", Time since last: 633855 ns, Reaching safepoint: 98115 ns, At safepoint: 15865 ns, Total: 113980 ns
[2020-09-11T16:26:37.944+0000][1][safepoint    ] Safepoint "RevokeBias", Time since last: 22041400 ns, Reaching safepoint: 140874 ns, At safepoint: 31785 ns, Total: 172659 ns
[2020-09-11T16:26:37.946+0000][1][safepoint    ] Safepoint "RevokeBias", Time since last: 941425 ns, Reaching safepoint: 97152 ns, At safepoint: 21787 ns, Total: 118939 ns
[2020-09-11T16:26:37.946+0000][1][safepoint    ] Safepoint "RevokeBias", Time since last: 316704 ns, Reaching safepoint: 89832 ns, At safepoint: 13926 ns, Total: 103758 ns
[2020-09-11T16:26:37.953+0000][1][safepoint    ] Safepoint "RevokeBias", Time since last: 304011 ns, Reaching safepoint: 6472379 ns, At safepoint: 53315 ns, Total: 6525694 ns
[2020-09-11T16:26:37.956+0000][1][safepoint    ] Safepoint "RevokeBias", Time since last: 609258 ns, Reaching safepoint: 2130521 ns, At safepoint: 28735 ns, Total: 2159256 ns
[2020-09-11T16:26:37.982+0000][1][safepoint    ] Safepoint "RevokeBias", Time since last: 24877819 ns, Reaching safepoint: 1496626 ns, At safepoint: 26843 ns, Total: 1523469 ns
[2020-09-11T16:26:37.989+0000][1][safepoint    ] Safepoint "RevokeBias", Time since last: 1788710 ns, Reaching safepoint: 4752852 ns, At safepoint: 32891 ns, Total: 4785743 ns
[2020-09-11T16:26:38.409+0000][1][safepoint    ] Safepoint "RevokeBias", Time since last: 412846730 ns, Reaching safepoint: 8016590 ns, At safepoint: 26398 ns, Total: 8042988 ns
[2020-09-11T16:26:39.014+0000][1][safepoint    ] Safepoint "RevokeBias", Time since last: 603967372 ns, Reaching safepoint: 133732 ns, At safepoint: 22491 ns, Total: 156223 ns
[2020-09-11T16:26:39.756+0000][1][safepoint    ] Safepoint "RevokeBias", Time since last: 741970388 ns, Reaching safepoint: 133450 ns, At safepoint: 16855 ns, Total: 150305 ns
[2020-09-11T16:26:39.848+0000][1][safepoint    ] Safepoint "RevokeBias", Time since last: 92130430 ns, Reaching safepoint: 133588 ns, At safepoint: 17134 ns, Total: 150722 ns
[2020-09-11T16:26:39.879+0000][1][safepoint    ] Safepoint "RevokeBias", Time since last: 31091997 ns, Reaching safepoint: 123639 ns, At safepoint: 8410 ns, Total: 132049 ns
[2020-09-11T16:26:39.879+0000][1][safepoint    ] Safepoint "RevokeBias", Time since last: 55014 ns, Reaching safepoint: 91986 ns, At safepoint: 5854 ns, Total: 97840 ns
[2020-09-11T16:26:39.965+0000][1][safepoint    ] Safepoint "RevokeBias", Time since last: 85499669 ns, Reaching safepoint: 201413 ns, At safepoint: 43321 ns, Total: 244734 ns
[2020-09-11T16:26:40.407+0000][1][safepoint    ] Safepoint "RevokeBias", Time since last: 441543438 ns, Reaching safepoint: 152901 ns, At safepoint: 10657 ns, Total: 163558 ns
[2020-09-11T16:26:40.530+0000][1][gc,start     ] GC(67) Pause Young (Allocation Failure)
[2020-09-11T16:26:40.530+0000][1][gc,task      ] GC(67) Using 1 workers of 1 for evacuation
[2020-09-11T16:26:40.607+0000][1][gc,age       ] GC(67) Desired survivor size 4358144 bytes, new threshold 6 (max threshold 6)
[2020-09-11T16:26:40.607+0000][1][gc,age       ] GC(67) Age table with threshold 6 (max threshold 6)
[2020-09-11T16:26:40.607+0000][1][gc,age       ] GC(67) - age   1:     847784 bytes,     847784 total
[2020-09-11T16:26:40.607+0000][1][gc,age       ] GC(67) - age   2:     537392 bytes,    1385176 total
[2020-09-11T16:26:40.607+0000][1][gc,age       ] GC(67) - age   3:    2058592 bytes,    3443768 total
[2020-09-11T16:26:40.607+0000][1][gc,heap      ] GC(67) ParNew: 73992K->5244K(76672K)
[2020-09-11T16:26:40.607+0000][1][gc,heap      ] GC(67) CMS: 62837K->62837K(439104K)
[2020-09-11T16:26:40.607+0000][1][gc,metaspace ] GC(67) Metaspace: 75711K->75711K(1118208K)
[2020-09-11T16:26:40.607+0000][1][gc           ] GC(67) Pause Young (Allocation Failure) 133M->66M(503M) 77.421ms
[2020-09-11T16:26:40.608+0000][1][gc,cpu       ] GC(67) User=0.02s Sys=0.00s Real=0.08s
[2020-09-11T16:26:40.629+0000][1][safepoint    ] Safepoint "GenCollectForAllocation", Time since last: 123174488 ns, Reaching safepoint: 138899 ns, At safepoint: 98731289 ns, Total: 98870188 ns
[2020-09-11T16:26:40.797+0000][1][safepoint    ] Safepoint "RevokeBias", Time since last: 168039250 ns, Reaching safepoint: 136739 ns, At safepoint: 9996 ns, Total: 146735 ns
[2020-09-11T16:26:40.798+0000][1][safepoint    ] Safepoint "RevokeBias", Time since last: 632117 ns, Reaching safepoint: 95921 ns, At safepoint: 7754 ns, Total: 103675 ns
[2020-09-11T16:26:40.799+0000][1][safepoint    ] Safepoint "RevokeBias", Time since last: 1204553 ns, Reaching safepoint: 130842 ns, At safepoint: 16611 ns, Total: 147453 ns
[2020-09-11T16:26:40.809+0000][1][safepoint    ] Safepoint "RevokeBias", Time since last: 9870319 ns, Reaching safepoint: 152620 ns, At safepoint: 9294 ns, Total: 161914 ns
[2020-09-11T16:26:40.816+0000][1][safepoint    ] Safepoint "RevokeBias", Time since last: 6491228 ns, Reaching safepoint: 127179 ns, At safepoint: 9615 ns, Total: 136794 ns
[2020-09-11T16:26:40.854+0000][1][safepoint    ] Safepoint "BulkRevokeBias", Time since last: 38286794 ns, Reaching safepoint: 119548 ns, At safepoint: 178335 ns, Total: 297883 ns
[2020-09-11T16:26:40.857+0000][1][safepoint    ] Safepoint "RevokeBias", Time since last: 2467364 ns, Reaching safepoint: 62623 ns, At safepoint: 9493 ns, Total: 72116 ns
[2020-09-11T16:26:41.242+0000][1][safepoint    ] Safepoint "Deoptimize", Time since last: 382648062 ns, Reaching safepoint: 803593 ns, At safepoint: 1210522 ns, Total: 2014115 ns
[2020-09-11T16:26:41.653+0000][1][safepoint    ] Safepoint "BulkRevokeBias", Time since last: 407272624 ns, Reaching safepoint: 3827051 ns, At safepoint: 203269 ns, Total: 4030320 ns
[2020-09-11T16:26:41.705+0000][1][safepoint    ] Safepoint "RevokeBias", Time since last: 49505756 ns, Reaching safepoint: 2482807 ns, At safepoint: 12991 ns, Total: 2495798 ns
[2020-09-11T16:26:41.709+0000][1][safepoint    ] Safepoint "RevokeBias", Time since last: 278381 ns, Reaching safepoint: 3497175 ns, At safepoint: 15261 ns, Total: 3512436 ns
[2020-09-11T16:26:41.819+0000][1][safepoint    ] Safepoint "RevokeBias", Time since last: 110222596 ns, Reaching safepoint: 131920 ns, At safepoint: 9909 ns, Total: 141829 ns
[2020-09-11T16:26:41.819+0000][1][safepoint    ] Safepoint "RevokeBias", Time since last: 223574 ns, Reaching safepoint: 40357 ns, At safepoint: 6245 ns, Total: 46602 ns
[2020-09-11T16:26:42.177+0000][1][safepoint    ] Safepoint "RevokeBias", Time since last: 357543123 ns, Reaching safepoint: 145988 ns, At safepoint: 9324 ns, Total: 155312 ns
[2020-09-11T16:26:42.244+0000][1][safepoint    ] Safepoint "RevokeBias", Time since last: 66491922 ns, Reaching safepoint: 143530 ns, At safepoint: 10815 ns, Total: 154345 ns
[2020-09-11T16:26:42.249+0000][1][safepoint    ] Safepoint "RevokeBias", Time since last: 4865683 ns, Reaching safepoint: 139814 ns, At safepoint: 10683 ns, Total: 150497 ns
[2020-09-11T16:26:43.249+0000][1][safepoint    ] Safepoint "Cleanup", Time since last: 1000108855 ns, Reaching safepoint: 81807 ns, At safepoint: 6040 ns, Total: 87847 ns
[2020-09-11T16:26:44.249+0000][1][safepoint    ] Safepoint "Cleanup", Time since last: 1000114297 ns, Reaching safepoint: 86056 ns, At safepoint: 8203 ns, Total: 94259 ns
[2020-09-11T16:26:44.965+0000][1][safepoint    ] Safepoint "RevokeBias", Time since last: 712866787 ns, Reaching safepoint: 2982576 ns, At safepoint: 14450 ns, Total: 2997026 ns
[2020-09-11T16:26:44.969+0000][1][safepoint    ] Safepoint "RevokeBias", Time since last: 152726 ns, Reaching safepoint: 3762160 ns, At safepoint: 11997 ns, Total: 3774157 ns
[2020-09-11T16:26:45.980+0000][1][safepoint    ] Safepoint "Cleanup", Time since last: 1002048481 ns, Reaching safepoint: 9106672 ns, At safepoint: 10912 ns, Total: 9117584 ns
[2020-09-11T16:26:46.997+0000][1][safepoint    ] Safepoint "Cleanup", Time since last: 1012787362 ns, Reaching safepoint: 4060494 ns, At safepoint: 12419 ns, Total: 4072913 ns
[2020-09-11T16:26:47.997+0000][1][safepoint    ] Safepoint "Cleanup", Time since last: 1000119294 ns, Reaching safepoint: 79388 ns, At safepoint: 7284 ns, Total: 86672 ns
[2020-09-11T16:26:48.997+0000][1][safepoint    ] Safepoint "Cleanup", Time since last: 1000125306 ns, Reaching safepoint: 74894 ns, At safepoint: 7770 ns, Total: 82664 ns
[2020-09-11T16:26:49.997+0000][1][safepoint    ] Safepoint "Cleanup", Time since last: 1000122804 ns, Reaching safepoint: 69616 ns, At safepoint: 8198 ns, Total: 77814 ns
[2020-09-11T16:26:50.117+0000][1][safepoint    ] Safepoint "RevokeBias", Time since last: 118769981 ns, Reaching safepoint: 409077 ns, At safepoint: 46899 ns, Total: 455976 ns
[2020-09-11T16:26:50.326+0000][1][safepoint    ] Safepoint "RevokeBias", Time since last: 209497910 ns, Reaching safepoint: 133426 ns, At safepoint: 8314 ns, Total: 141740 ns
[2020-09-11T16:26:50.549+0000][1][safepoint    ] Safepoint "RevokeBias", Time since last: 219548760 ns, Reaching safepoint: 2972949 ns, At safepoint: 19211 ns, Total: 2992160 ns
[2020-09-11T16:26:50.549+0000][1][safepoint    ] Safepoint "RevokeBias", Time since last: 280021 ns, Reaching safepoint: 95619 ns, At safepoint: 6295 ns, Total: 101914 ns
[2020-09-11T16:26:50.633+0000][1][safepoint    ] Safepoint "RevokeBias", Time since last: 83825904 ns, Reaching safepoint: 136419 ns, At safepoint: 21541 ns, Total: 157960 ns
[2020-09-11T16:26:50.658+0000][1][safepoint    ] Safepoint "RevokeBias", Time since last: 23968550 ns, Reaching safepoint: 1007872 ns, At safepoint: 36779 ns, Total: 1044651 ns
[2020-09-11T16:26:50.658+0000][1][safepoint    ] Safepoint "RevokeBias", Time since last: 65354 ns, Reaching safepoint: 92855 ns, At safepoint: 23633 ns, Total: 116488 ns
[2020-09-11T16:26:50.783+0000][1][safepoint    ] Safepoint "RevokeBias", Time since last: 124409314 ns, Reaching safepoint: 133833 ns, At safepoint: 20465 ns, Total: 154298 ns
[2020-09-11T16:26:50.822+0000][1][safepoint    ] Safepoint "RevokeBias", Time since last: 36021088 ns, Reaching safepoint: 3126302 ns, At safepoint: 48728 ns, Total: 3175030 ns
[2020-09-11T16:26:50.900+0000][1][safepoint    ] Safepoint "RevokeBias", Time since last: 76065972 ns, Reaching safepoint: 1477832 ns, At safepoint: 24378 ns, Total: 1502210 ns
[2020-09-11T16:26:50.913+0000][1][safepoint    ] Safepoint "RevokeBias", Time since last: 13049839 ns, Reaching safepoint: 280939 ns, At safepoint: 14385 ns, Total: 295324 ns
[2020-09-11T16:26:50.937+0000][1][gc,start     ] GC(68) Pause Young (Allocation Failure)
[2020-09-11T16:26:50.937+0000][1][gc,task      ] GC(68) Using 1 workers of 1 for evacuation
[2020-09-11T16:26:51.008+0000][1][gc,age       ] GC(68) Desired survivor size 4358144 bytes, new threshold 4 (max threshold 6)
[2020-09-11T16:26:51.008+0000][1][gc,age       ] GC(68) Age table with threshold 4 (max threshold 6)
[2020-09-11T16:26:51.008+0000][1][gc,age       ] GC(68) - age   1:    1738136 bytes,    1738136 total
[2020-09-11T16:26:51.008+0000][1][gc,age       ] GC(68) - age   2:     675008 bytes,    2413144 total
[2020-09-11T16:26:51.008+0000][1][gc,age       ] GC(68) - age   3:     536496 bytes,    2949640 total
[2020-09-11T16:26:51.008+0000][1][gc,age       ] GC(68) - age   4:    2049264 bytes,    4998904 total
[2020-09-11T16:26:51.008+0000][1][gc,heap      ] GC(68) ParNew: 73404K->6355K(76672K)
[2020-09-11T16:26:51.008+0000][1][gc,heap      ] GC(68) CMS: 62837K->62837K(439104K)
[2020-09-11T16:26:51.008+0000][1][gc,metaspace ] GC(68) Metaspace: 79295K->79295K(1122304K)
[2020-09-11T16:26:51.008+0000][1][gc           ] GC(68) Pause Young (Allocation Failure) 133M->67M(503M) 71.177ms
[2020-09-11T16:26:51.008+0000][1][gc,cpu       ] GC(68) User=0.02s Sys=0.00s Real=0.07s
[2020-09-11T16:26:51.066+0000][1][safepoint    ] Safepoint "GenCollectForAllocation", Time since last: 23701693 ns, Reaching safepoint: 193239 ns, At safepoint: 128668443 ns, Total: 128861682 ns
[2020-09-11T16:26:51.286+0000][1][safepoint    ] Safepoint "RevokeBias", Time since last: 217703012 ns, Reaching safepoint: 2916007 ns, At safepoint: 19866 ns, Total: 2935873 ns
[2020-09-11T16:26:51.322+0000][1][safepoint    ] Safepoint "RevokeBias", Time since last: 35247037 ns, Reaching safepoint: 135038 ns, At safepoint: 20437 ns, Total: 155475 ns
[2020-09-11T16:26:51.365+0000][1][safepoint    ] Safepoint "RevokeBias", Time since last: 43107691 ns, Reaching safepoint: 152022 ns, At safepoint: 21640 ns, Total: 173662 ns
[2020-09-11T16:26:51.389+0000][1][safepoint    ] Safepoint "RevokeBias", Time since last: 19742496 ns, Reaching safepoint: 4140023 ns, At safepoint: 33341 ns, Total: 4173364 ns
[2020-09-11T16:26:51.409+0000][1][safepoint    ] Safepoint "RevokeBias", Time since last: 16921110 ns, Reaching safepoint: 3011170 ns, At safepoint: 23421 ns, Total: 3034591 ns
[2020-09-11T16:26:51.410+0000][1][safepoint    ] Safepoint "RevokeBias", Time since last: 542925 ns, Reaching safepoint: 96928 ns, At safepoint: 38522 ns, Total: 135450 ns
[2020-09-11T16:26:51.511+0000][1][safepoint    ] Safepoint "RevokeBias", Time since last: 101504632 ns, Reaching safepoint: 147396 ns, At safepoint: 8058 ns, Total: 155454 ns
[2020-09-11T16:26:51.666+0000][1][safepoint    ] Safepoint "Deoptimize", Time since last: 154013793 ns, Reaching safepoint: 142368 ns, At safepoint: 482385 ns, Total: 624753 ns
[2020-09-11T16:26:51.696+0000][1][safepoint    ] Safepoint "RevokeBias", Time since last: 29602291 ns, Reaching safepoint: 66484 ns, At safepoint: 41667 ns, Total: 108151 ns
[2020-09-11T16:26:51.698+0000][1][safepoint    ] Safepoint "RevokeBias", Time since last: 2244616 ns, Reaching safepoint: 117555 ns, At safepoint: 25723 ns, Total: 143278 ns
[2020-09-11T16:26:51.700+0000][1][safepoint    ] Safepoint "RevokeBias", Time since last: 54338 ns, Reaching safepoint: 2214472 ns, At safepoint: 27054 ns, Total: 2241526 ns
[2020-09-11T16:26:51.739+0000][1][safepoint    ] Safepoint "RevokeBias", Time since last: 38975143 ns, Reaching safepoint: 183885 ns, At safepoint: 10233 ns, Total: 194118 ns
[2020-09-11T16:26:51.786+0000][1][safepoint    ] Safepoint "Deoptimize", Time since last: 45717991 ns, Reaching safepoint: 210997 ns, At safepoint: 475751 ns, Total: 686748 ns
[2020-09-11T16:26:51.799+0000][1][safepoint    ] Safepoint "RevokeBias", Time since last: 13512745 ns, Reaching safepoint: 128348 ns, At safepoint: 34181 ns, Total: 162529 ns
[2020-09-11T16:26:51.865+0000][1][safepoint    ] Safepoint "RevokeBias", Time since last: 55141945 ns, Reaching safepoint: 10263820 ns, At safepoint: 47703 ns, Total: 10311523 ns
[2020-09-11T16:26:52.003+0000][1][safepoint    ] Safepoint "RevokeBias", Time since last: 137887193 ns, Reaching safepoint: 379048 ns, At safepoint: 24123 ns, Total: 403171 ns
[2020-09-11T16:26:52.370+0000][1][safepoint    ] Safepoint "RevokeBias", Time since last: 366780664 ns, Reaching safepoint: 132538 ns, At safepoint: 20991 ns, Total: 153529 ns
[2020-09-11T16:26:52.471+0000][1][safepoint    ] Safepoint "RevokeBias", Time since last: 101097100 ns, Reaching safepoint: 135004 ns, At safepoint: 20124 ns, Total: 155128 ns
[2020-09-11T16:26:53.224+0000][1][safepoint    ] Safepoint "RevokeBias", Time since last: 749924996 ns, Reaching safepoint: 2361452 ns, At safepoint: 16610 ns, Total: 2378062 ns
[2020-09-11T16:26:53.249+0000][1][safepoint    ] Safepoint "RevokeBias", Time since last: 24861833 ns, Reaching safepoint: 556850 ns, At safepoint: 32279 ns, Total: 589129 ns
[2020-09-11T16:26:53.433+0000][1][safepoint    ] Safepoint "Deoptimize", Time since last: 183421942 ns, Reaching safepoint: 161847 ns, At safepoint: 517221 ns, Total: 679068 ns
[2020-09-11T16:26:53.535+0000][1][safepoint    ] Safepoint "RevokeBias", Time since last: 101105597 ns, Reaching safepoint: 221567 ns, At safepoint: 74508 ns, Total: 296075 ns
[2020-09-11T16:26:53.553+0000][1][safepoint    ] Safepoint "RevokeBias", Time since last: 15705348 ns, Reaching safepoint: 2511758 ns, At safepoint: 20691 ns, Total: 2532449 ns
[2020-09-11T16:26:53.700+0000][1][safepoint    ] Safepoint "RevokeBias", Time since last: 147051407 ns, Reaching safepoint: 147648 ns, At safepoint: 19296 ns, Total: 166944 ns
[2020-09-11T16:26:53.764+0000][1][gc,start     ] GC(69) Pause Young (Allocation Failure)
[2020-09-11T16:26:53.764+0000][1][gc,task      ] GC(69) Using 1 workers of 1 for evacuation
[2020-09-11T16:26:53.936+0000][1][gc,age       ] GC(69) Desired survivor size 4358144 bytes, new threshold 6 (max threshold 6)
[2020-09-11T16:26:53.936+0000][1][gc,age       ] GC(69) Age table with threshold 6 (max threshold 6)
[2020-09-11T16:26:53.936+0000][1][gc,age       ] GC(69) - age   1:    1570544 bytes,    1570544 total
[2020-09-11T16:26:53.936+0000][1][gc,age       ] GC(69) - age   2:    1590616 bytes,    3161160 total
[2020-09-11T16:26:53.936+0000][1][gc,age       ] GC(69) - age   3:     622936 bytes,    3784096 total
[2020-09-11T16:26:53.936+0000][1][gc,age       ] GC(69) - age   4:     536496 bytes,    4320592 total
[2020-09-11T16:26:53.936+0000][1][gc,heap      ] GC(69) ParNew: 74515K->4455K(76672K)
[2020-09-11T16:26:53.936+0000][1][gc,heap      ] GC(69) CMS: 62837K->64882K(439104K)
[2020-09-11T16:26:53.936+0000][1][gc,metaspace ] GC(69) Metaspace: 82025K->82025K(1124352K)
[2020-09-11T16:26:53.936+0000][1][gc           ] GC(69) Pause Young (Allocation Failure) 134M->67M(503M) 172.700ms
[2020-09-11T16:26:53.936+0000][1][gc,cpu       ] GC(69) User=0.04s Sys=0.00s Real=0.17s
[2020-09-11T16:26:53.981+0000][1][safepoint    ] Safepoint "GenCollectForAllocation", Time since last: 48240537 ns, Reaching safepoint: 15286775 ns, At safepoint: 217207707 ns, Total: 232494482 ns
[2020-09-11T16:26:53.997+0000][1][safepoint    ] Safepoint "RevokeBias", Time since last: 15190927 ns, Reaching safepoint: 232406 ns, At safepoint: 518416 ns, Total: 750822 ns
[2020-09-11T16:26:54.253+0000][1][safepoint    ] Safepoint "RevokeBias", Time since last: 233203853 ns, Reaching safepoint: 22905016 ns, At safepoint: 55080 ns, Total: 22960096 ns
[2020-09-11T16:26:54.285+0000][1][safepoint    ] Safepoint "RevokeBias", Time since last: 20777313 ns, Reaching safepoint: 11125058 ns, At safepoint: 34746 ns, Total: 11159804 ns
[2020-09-11T16:26:54.333+0000][1][safepoint    ] Safepoint "BulkRevokeBias", Time since last: 48270753 ns, Reaching safepoint: 131270 ns, At safepoint: 206401 ns, Total: 337671 ns
[2020-09-11T16:26:54.350+0000][1][safepoint    ] Safepoint "RevokeBias", Time since last: 16070049 ns, Reaching safepoint: 598824 ns, At safepoint: 32116 ns, Total: 630940 ns
[2020-09-11T16:26:54.386+0000][1][safepoint    ] Safepoint "RevokeBias", Time since last: 35191670 ns, Reaching safepoint: 397420 ns, At safepoint: 20449 ns, Total: 417869 ns
[2020-09-11T16:26:54.386+0000][1][safepoint    ] Safepoint "RevokeBias", Time since last: 79335 ns, Reaching safepoint: 94838 ns, At safepoint: 12780 ns, Total: 107618 ns
[2020-09-11T16:26:54.386+0000][1][safepoint    ] Safepoint "RevokeBias", Time since last: 33537 ns, Reaching safepoint: 94446 ns, At safepoint: 11929 ns, Total: 106375 ns
[2020-09-11T16:26:54.386+0000][1][safepoint    ] Safepoint "RevokeBias", Time since last: 31397 ns, Reaching safepoint: 93161 ns, At safepoint: 14122 ns, Total: 107283 ns
[2020-09-11T16:26:54.478+0000][1][safepoint    ] Safepoint "RevokeBias", Time since last: 90750504 ns, Reaching safepoint: 813552 ns, At safepoint: 32737 ns, Total: 846289 ns
[2020-09-11T16:26:54.482+0000][1][safepoint    ] Safepoint "RevokeBias", Time since last: 3882991 ns, Reaching safepoint: 137794 ns, At safepoint: 28836 ns, Total: 166630 ns
[2020-09-11T16:26:54.482+0000][1][safepoint    ] Safepoint "RevokeBias", Time since last: 183722 ns, Reaching safepoint: 95254 ns, At safepoint: 19385 ns, Total: 114639 ns
[2020-09-11T16:26:54.483+0000][1][safepoint    ] Safepoint "RevokeBias", Time since last: 441038 ns, Reaching safepoint: 69611 ns, At safepoint: 18928 ns, Total: 88539 ns
[2020-09-11T16:26:54.485+0000][1][safepoint    ] Safepoint "RevokeBias", Time since last: 2047680 ns, Reaching safepoint: 120567 ns, At safepoint: 26505 ns, Total: 147072 ns
[2020-09-11T16:26:54.485+0000][1][safepoint    ] Safepoint "RevokeBias", Time since last: 339154 ns, Reaching safepoint: 165688 ns, At safepoint: 13794 ns, Total: 179482 ns
[2020-09-11T16:26:54.709+0000][1][safepoint    ] Safepoint "RevokeBias", Time since last: 223523387 ns, Reaching safepoint: 207620 ns, At safepoint: 21608 ns, Total: 229228 ns
[2020-09-11T16:26:54.709+0000][1][safepoint    ] Safepoint "RevokeBias", Time since last: 94216 ns, Reaching safepoint: 94357 ns, At safepoint: 12848 ns, Total: 107205 ns
[2020-09-11T16:26:54.805+0000][1][safepoint    ] Safepoint "RevokeBias", Time since last: 95369209 ns, Reaching safepoint: 149499 ns, At safepoint: 9611 ns, Total: 159110 ns
[2020-09-11T16:26:54.961+0000][1][safepoint    ] Safepoint "RevokeBias", Time since last: 155632220 ns, Reaching safepoint: 140960 ns, At safepoint: 21203 ns, Total: 162163 ns
[2020-09-11T16:26:54.982+0000][1][safepoint    ] Safepoint "RevokeBias", Time since last: 20239318 ns, Reaching safepoint: 666927 ns, At safepoint: 21676 ns, Total: 688603 ns
[2020-09-11T16:26:54.993+0000][1][safepoint    ] Safepoint "RevokeBias", Time since last: 10892366 ns, Reaching safepoint: 137932 ns, At safepoint: 22468 ns, Total: 160400 ns
[2020-09-11T16:26:54.997+0000][1][safepoint    ] Safepoint "RevokeBias", Time since last: 4296135 ns, Reaching safepoint: 137619 ns, At safepoint: 21505 ns, Total: 159124 ns
[2020-09-11T16:26:54.997+0000][1][safepoint    ] Safepoint "RevokeBias", Time since last: 46147 ns, Reaching safepoint: 93328 ns, At safepoint: 12257 ns, Total: 105585 ns
[2020-09-11T16:26:54.997+0000][1][safepoint    ] Safepoint "RevokeBias", Time since last: 29485 ns, Reaching safepoint: 91643 ns, At safepoint: 10879 ns, Total: 102522 ns
[2020-09-11T16:26:54.998+0000][1][safepoint    ] Safepoint "RevokeBias", Time since last: 28567 ns, Reaching safepoint: 93091 ns, At safepoint: 10803 ns, Total: 103894 ns
[2020-09-11T16:26:54.998+0000][1][safepoint    ] Safepoint "RevokeBias", Time since last: 28709 ns, Reaching safepoint: 91765 ns, At safepoint: 10724 ns, Total: 102489 ns
[2020-09-11T16:26:56.002+0000][1][safepoint    ] Safepoint "Cleanup", Time since last: 1003039531 ns, Reaching safepoint: 953364 ns, At safepoint: 7685 ns, Total: 961049 ns
[2020-09-11T16:26:56.229+0000][1][safepoint    ] Safepoint "RevokeBias", Time since last: 227435386 ns, Reaching safepoint: 142623 ns, At safepoint: 19465 ns, Total: 162088 ns
[2020-09-11T16:26:56.244+0000][1][safepoint    ] Safepoint "RevokeBias", Time since last: 14207726 ns, Reaching safepoint: 280304 ns, At safepoint: 22814 ns, Total: 303118 ns
[2020-09-11T16:26:56.253+0000][1][safepoint    ] Safepoint "RevokeBias", Time since last: 9396095 ns, Reaching safepoint: 199964 ns, At safepoint: 22919 ns, Total: 222883 ns
[2020-09-11T16:26:56.254+0000][1][safepoint    ] Safepoint "RevokeBias", Time since last: 637081 ns, Reaching safepoint: 108036 ns, At safepoint: 15804 ns, Total: 123840 ns
[2020-09-11T16:26:56.254+0000][1][safepoint    ] Safepoint "RevokeBias", Time since last: 38788 ns, Reaching safepoint: 112430 ns, At safepoint: 14442 ns, Total: 126872 ns
[2020-09-11T16:26:56.257+0000][1][safepoint    ] Safepoint "RevokeBias", Time since last: 2439289 ns, Reaching safepoint: 131695 ns, At safepoint: 19826 ns, Total: 151521 ns
[2020-09-11T16:26:56.257+0000][1][safepoint    ] Safepoint "RevokeBias", Time since last: 49563 ns, Reaching safepoint: 101507 ns, At safepoint: 13784 ns, Total: 115291 ns
[2020-09-11T16:26:56.297+0000][1][safepoint    ] Safepoint "Deoptimize", Time since last: 38326175 ns, Reaching safepoint: 1390182 ns, At safepoint: 558350 ns, Total: 1948532 ns
[2020-09-11T16:26:56.974+0000][1][safepoint    ] Safepoint "RevokeBias", Time since last: 675996679 ns, Reaching safepoint: 288228 ns, At safepoint: 18057 ns, Total: 306285 ns
[2020-09-11T16:26:56.983+0000][1][safepoint    ] Safepoint "RevokeBias", Time since last: 8788319 ns, Reaching safepoint: 204261 ns, At safepoint: 21612 ns, Total: 225873 ns
[2020-09-11T16:26:57.027+0000][1][safepoint    ] Safepoint "RevokeBias", Time since last: 43861816 ns, Reaching safepoint: 148222 ns, At safepoint: 18773 ns, Total: 166995 ns
[2020-09-11T16:26:57.040+0000][1][safepoint    ] Safepoint "RevokeBias", Time since last: 12195739 ns, Reaching safepoint: 833841 ns, At safepoint: 31007 ns, Total: 864848 ns
[2020-09-11T16:26:57.130+0000][1][safepoint    ] Safepoint "RevokeBias", Time since last: 77747721 ns, Reaching safepoint: 12374841 ns, At safepoint: 33532 ns, Total: 12408373 ns
[2020-09-11T16:26:57.271+0000][1][safepoint    ] Safepoint "RevokeBias", Time since last: 139942261 ns, Reaching safepoint: 567052 ns, At safepoint: 76309 ns, Total: 643361 ns
[2020-09-11T16:26:57.318+0000][1][safepoint    ] Safepoint "RevokeBias", Time since last: 38223544 ns, Reaching safepoint: 9166819 ns, At safepoint: 36526 ns, Total: 9203345 ns
[2020-09-11T16:26:57.341+0000][1][safepoint    ] Safepoint "RevokeBias", Time since last: 22628581 ns, Reaching safepoint: 293733 ns, At safepoint: 67465 ns, Total: 361198 ns
[2020-09-11T16:26:57.341+0000][1][safepoint    ] Safepoint "RevokeBias", Time since last: 86675 ns, Reaching safepoint: 126823 ns, At safepoint: 19329 ns, Total: 146152 ns
[2020-09-11T16:26:57.386+0000][1][safepoint    ] Safepoint "RevokeBias", Time since last: 27275034 ns, Reaching safepoint: 17938807 ns, At safepoint: 35479 ns, Total: 17974286 ns
[2020-09-11T16:26:57.600+0000][1][safepoint    ] Safepoint "RevokeBias", Time since last: 213377834 ns, Reaching safepoint: 221063 ns, At safepoint: 33115 ns, Total: 254178 ns
[2020-09-11T16:26:57.970+0000][1][safepoint    ] Safepoint "RevokeBias", Time since last: 369645520 ns, Reaching safepoint: 144171 ns, At safepoint: 19670 ns, Total: 163841 ns
[2020-09-11T16:26:58.117+0000][1][safepoint    ] Safepoint "Deoptimize", Time since last: 140091119 ns, Reaching safepoint: 6850587 ns, At safepoint: 548248 ns, Total: 7398835 ns
[2020-09-11T16:26:58.184+0000][1][gc,start     ] GC(70) Pause Young (Allocation Failure)
[2020-09-11T16:26:58.184+0000][1][gc,task      ] GC(70) Using 1 workers of 1 for evacuation
[2020-09-11T16:26:58.345+0000][1][gc,age       ] GC(70) Desired survivor size 4358144 bytes, new threshold 1 (max threshold 6)
[2020-09-11T16:26:58.345+0000][1][gc,age       ] GC(70) Age table with threshold 1 (max threshold 6)
[2020-09-11T16:26:58.345+0000][1][gc,age       ] GC(70) - age   1:    4854512 bytes,    4854512 total
[2020-09-11T16:26:58.345+0000][1][gc,age       ] GC(70) - age   2:    1382040 bytes,    6236552 total
[2020-09-11T16:26:58.345+0000][1][gc,age       ] GC(70) - age   3:    1337520 bytes,    7574072 total
[2020-09-11T16:26:58.345+0000][1][gc,age       ] GC(70) - age   4:     594384 bytes,    8168456 total
[2020-09-11T16:26:58.345+0000][1][gc,age       ] GC(70) - age   5:     492368 bytes,    8660824 total
[2020-09-11T16:26:58.345+0000][1][gc,heap      ] GC(70) ParNew: 72508K->8512K(76672K)
[2020-09-11T16:26:58.345+0000][1][gc,heap      ] GC(70) CMS: 64882K->65376K(439104K)
[2020-09-11T16:26:58.345+0000][1][gc,metaspace ] GC(70) Metaspace: 84456K->84456K(1126400K)
[2020-09-11T16:26:58.345+0000][1][gc           ] GC(70) Pause Young (Allocation Failure) 134M->72M(503M) 160.240ms
[2020-09-11T16:26:58.345+0000][1][gc,cpu       ] GC(70) User=0.04s Sys=0.00s Real=0.16s
[2020-09-11T16:26:58.353+0000][1][safepoint    ] Safepoint "GenCollectForAllocation", Time since last: 66912179 ns, Reaching safepoint: 132244 ns, At safepoint: 168423472 ns, Total: 168555716 ns
[2020-09-11T16:26:58.425+0000][1][safepoint    ] Safepoint "RevokeBias", Time since last: 72075653 ns, Reaching safepoint: 137951 ns, At safepoint: 23257 ns, Total: 161208 ns
[2020-09-11T16:26:58.425+0000][1][safepoint    ] Safepoint "RevokeBias", Time since last: 118321 ns, Reaching safepoint: 120568 ns, At safepoint: 17102 ns, Total: 137670 ns
[2020-09-11T16:26:58.426+0000][1][safepoint    ] Safepoint "RevokeBias", Time since last: 57719 ns, Reaching safepoint: 111672 ns, At safepoint: 15302 ns, Total: 126974 ns
[2020-09-11T16:26:58.732+0000][1][safepoint    ] Safepoint "RevokeBias", Time since last: 293116278 ns, Reaching safepoint: 12846763 ns, At safepoint: 70647 ns, Total: 12917410 ns
[2020-09-11T16:26:58.750+0000][1][safepoint    ] Safepoint "RevokeBias", Time since last: 18670716 ns, Reaching safepoint: 145692 ns, At safepoint: 12567 ns, Total: 158259 ns
[2020-09-11T16:26:58.789+0000][1][safepoint    ] Safepoint "RevokeBias", Time since last: 38912483 ns, Reaching safepoint: 140129 ns, At safepoint: 47060 ns, Total: 187189 ns
[2020-09-11T16:26:58.825+0000][1][safepoint    ] Safepoint "RevokeBias", Time since last: 35300037 ns, Reaching safepoint: 489230 ns, At safepoint: 75625 ns, Total: 564855 ns
[2020-09-11T16:26:58.957+0000][1][safepoint    ] Safepoint "RevokeBias", Time since last: 131432605 ns, Reaching safepoint: 153088 ns, At safepoint: 10771 ns, Total: 163859 ns
[2020-09-11T16:26:59.153+0000][1][safepoint    ] Safepoint "Deoptimize", Time since last: 195368603 ns, Reaching safepoint: 159993 ns, At safepoint: 560543 ns, Total: 720536 ns
[2020-09-11T16:26:59.364+0000][1][safepoint    ] Safepoint "RevokeBias", Time since last: 210883697 ns, Reaching safepoint: 143159 ns, At safepoint: 27405 ns, Total: 170564 ns
[2020-09-11T16:26:59.705+0000][1][safepoint    ] Safepoint "RevokeBias", Time since last: 340718992 ns, Reaching safepoint: 150108 ns, At safepoint: 23615 ns, Total: 173723 ns
[2020-09-11T16:26:59.709+0000][1][safepoint    ] Safepoint "RevokeBias", Time since last: 4295162 ns, Reaching safepoint: 142683 ns, At safepoint: 19703 ns, Total: 162386 ns
[2020-09-11T16:26:59.793+0000][1][safepoint    ] Safepoint "RevokeBias", Time since last: 80945373 ns, Reaching safepoint: 2472921 ns, At safepoint: 47559 ns, Total: 2520480 ns
[2020-09-11T16:26:59.922+0000][1][safepoint    ] Safepoint "RevokeBias", Time since last: 128473761 ns, Reaching safepoint: 153852 ns, At safepoint: 21802 ns, Total: 175654 ns
[2020-09-11T16:26:59.931+0000][1][safepoint    ] Safepoint "RevokeBias", Time since last: 9257205 ns, Reaching safepoint: 211668 ns, At safepoint: 21543 ns, Total: 233211 ns
[2020-09-11T16:27:00.057+0000][1][safepoint    ] Safepoint "RevokeBias", Time since last: 125372395 ns, Reaching safepoint: 74538 ns, At safepoint: 20979 ns, Total: 95517 ns
[2020-09-11T16:27:00.094+0000][1][safepoint    ] Safepoint "RevokeBias", Time since last: 37831125 ns, Reaching safepoint: 71643 ns, At safepoint: 18287 ns, Total: 89930 ns
[2020-09-11T16:27:00.102+0000][1][safepoint    ] Safepoint "RevokeBias", Time since last: 7347872 ns, Reaching safepoint: 72757 ns, At safepoint: 21018 ns, Total: 93775 ns
[2020-09-11T16:27:00.204+0000][1][safepoint    ] Safepoint "RevokeBias", Time since last: 91834901 ns, Reaching safepoint: 10559962 ns, At safepoint: 31302 ns, Total: 10591264 ns
[2020-09-11T16:27:00.227+0000][1][safepoint    ] Safepoint "RevokeBias", Time since last: 22118416 ns, Reaching safepoint: 143772 ns, At safepoint: 21347 ns, Total: 165119 ns
[2020-09-11T16:27:00.298+0000][1][safepoint    ] Safepoint "RevokeBias", Time since last: 70914874 ns, Reaching safepoint: 156421 ns, At safepoint: 23483 ns, Total: 179904 ns
[2020-09-11T16:27:00.338+0000][1][safepoint    ] Safepoint "RevokeBias", Time since last: 22358389 ns, Reaching safepoint: 18049002 ns, At safepoint: 32916 ns, Total: 18081918 ns
[2020-09-11T16:27:00.539+0000][1][safepoint    ] Safepoint "RevokeBias", Time since last: 201264443 ns, Reaching safepoint: 67658 ns, At safepoint: 20331 ns, Total: 87989 ns
[2020-09-11T16:27:00.540+0000][1][safepoint    ] Safepoint "RevokeBias", Time since last: 563143 ns, Reaching safepoint: 32973 ns, At safepoint: 12480 ns, Total: 45453 ns
[2020-09-11T16:27:00.693+0000][1][safepoint    ] Safepoint "RevokeBias", Time since last: 152376196 ns, Reaching safepoint: 154703 ns, At safepoint: 49003 ns, Total: 203706 ns
[2020-09-11T16:27:00.832+0000][1][safepoint    ] Safepoint "RevokeBias", Time since last: 138893118 ns, Reaching safepoint: 71169 ns, At safepoint: 18121 ns, Total: 89290 ns
[2020-09-11T16:27:00.837+0000][1][safepoint    ] Safepoint "RevokeBias", Time since last: 363048 ns, Reaching safepoint: 4953975 ns, At safepoint: 59977 ns, Total: 5013952 ns
[2020-09-11T16:27:00.858+0000][1][safepoint    ] Safepoint "RevokeBias", Time since last: 19753259 ns, Reaching safepoint: 957514 ns, At safepoint: 41029 ns, Total: 998543 ns
[2020-09-11T16:27:00.877+0000][1][safepoint    ] Safepoint "RevokeBias", Time since last: 18834100 ns, Reaching safepoint: 218458 ns, At safepoint: 45637 ns, Total: 264095 ns
[2020-09-11T16:27:00.900+0000][1][safepoint    ] Safepoint "RevokeBias", Time since last: 22627331 ns, Reaching safepoint: 290234 ns, At safepoint: 23115 ns, Total: 313349 ns
[2020-09-11T16:27:00.906+0000][1][safepoint    ] Safepoint "RevokeBias", Time since last: 6371504 ns, Reaching safepoint: 141325 ns, At safepoint: 54426 ns, Total: 195751 ns
[2020-09-11T16:27:00.907+0000][1][safepoint    ] Safepoint "RevokeBias", Time since last: 119053 ns, Reaching safepoint: 99374 ns, At safepoint: 40820 ns, Total: 140194 ns
[2020-09-11T16:27:00.938+0000][1][safepoint    ] Safepoint "RevokeBias", Time since last: 27050568 ns, Reaching safepoint: 4314073 ns, At safepoint: 46907 ns, Total: 4360980 ns
[2020-09-11T16:27:00.938+0000][1][safepoint    ] Safepoint "RevokeBias", Time since last: 101912 ns, Reaching safepoint: 103171 ns, At safepoint: 20198 ns, Total: 123369 ns
[2020-09-11T16:27:00.938+0000][1][safepoint    ] Safepoint "RevokeBias", Time since last: 80766 ns, Reaching safepoint: 97678 ns, At safepoint: 18911 ns, Total: 116589 ns
[2020-09-11T16:27:01.017+0000][1][safepoint    ] Safepoint "RevokeBias", Time since last: 74330895 ns, Reaching safepoint: 4040932 ns, At safepoint: 40194 ns, Total: 4081126 ns
[2020-09-11T16:27:01.029+0000][1][safepoint    ] Safepoint "RevokeBias", Time since last: 11921291 ns, Reaching safepoint: 150321 ns, At safepoint: 45731 ns, Total: 196052 ns
[2020-09-11T16:27:01.048+0000][1][safepoint    ] Safepoint "RevokeBias", Time since last: 18318126 ns, Reaching safepoint: 153192 ns, At safepoint: 26010 ns, Total: 179202 ns
[2020-09-11T16:27:01.053+0000][1][safepoint    ] Safepoint "RevokeBias", Time since last: 5259168 ns, Reaching safepoint: 126189 ns, At safepoint: 29105 ns, Total: 155294 ns
[2020-09-11T16:27:01.053+0000][1][safepoint    ] Safepoint "RevokeBias", Time since last: 175657 ns, Reaching safepoint: 97646 ns, At safepoint: 17280 ns, Total: 114926 ns
[2020-09-11T16:27:01.053+0000][1][safepoint    ] Safepoint "RevokeBias", Time since last: 100808 ns, Reaching safepoint: 98164 ns, At safepoint: 27088 ns, Total: 125252 ns
[2020-09-11T16:27:01.054+0000][1][safepoint    ] Safepoint "RevokeBias", Time since last: 107591 ns, Reaching safepoint: 258868 ns, At safepoint: 23607 ns, Total: 282475 ns
[2020-09-11T16:27:01.057+0000][1][safepoint    ] Safepoint "RevokeBias", Time since last: 3114831 ns, Reaching safepoint: 132027 ns, At safepoint: 23728 ns, Total: 155755 ns
[2020-09-11T16:27:01.065+0000][1][safepoint    ] Safepoint "RevokeBias", Time since last: 7686794 ns, Reaching safepoint: 154085 ns, At safepoint: 26709 ns, Total: 180794 ns
[2020-09-11T16:27:01.066+0000][1][safepoint    ] Safepoint "RevokeBias", Time since last: 667020 ns, Reaching safepoint: 106943 ns, At safepoint: 24221 ns, Total: 131164 ns
[2020-09-11T16:27:01.066+0000][1][safepoint    ] Safepoint "RevokeBias", Time since last: 121709 ns, Reaching safepoint: 100255 ns, At safepoint: 17556 ns, Total: 117811 ns
[2020-09-11T16:27:01.075+0000][1][safepoint    ] Safepoint "RevokeBias", Time since last: 9265257 ns, Reaching safepoint: 146158 ns, At safepoint: 34365 ns, Total: 180523 ns
[2020-09-11T16:27:01.109+0000][1][safepoint    ] Safepoint "RevokeBias", Time since last: 29354803 ns, Reaching safepoint: 4041084 ns, At safepoint: 40388 ns, Total: 4081472 ns
[2020-09-11T16:27:01.114+0000][1][safepoint    ] Safepoint "RevokeBias", Time since last: 1028570 ns, Reaching safepoint: 4000448 ns, At safepoint: 52376 ns, Total: 4052824 ns
[2020-09-11T16:27:01.137+0000][1][safepoint    ] Safepoint "RevokeBias", Time since last: 20459223 ns, Reaching safepoint: 2452594 ns, At safepoint: 33778 ns, Total: 2486372 ns
[2020-09-11T16:27:01.286+0000][1][safepoint    ] Safepoint "Deoptimize", Time since last: 147910052 ns, Reaching safepoint: 184660 ns, At safepoint: 552147 ns, Total: 736807 ns
[2020-09-11T16:27:01.325+0000][1][safepoint    ] Safepoint "RevokeBias", Time since last: 39358133 ns, Reaching safepoint: 146162 ns, At safepoint: 23129 ns, Total: 169291 ns
[2020-09-11T16:27:01.349+0000][1][safepoint    ] Safepoint "RevokeBias", Time since last: 23711211 ns, Reaching safepoint: 239982 ns, At safepoint: 23046 ns, Total: 263028 ns
[2020-09-11T16:27:01.374+0000][1][safepoint    ] Safepoint "RevokeBias", Time since last: 24660595 ns, Reaching safepoint: 621191 ns, At safepoint: 21624 ns, Total: 642815 ns
[2020-09-11T16:27:01.375+0000][1][safepoint    ] Safepoint "RevokeBias", Time since last: 147487 ns, Reaching safepoint: 104218 ns, At safepoint: 26934 ns, Total: 131152 ns
[2020-09-11T16:27:01.572+0000][1][gc,start     ] GC(71) Pause Young (Allocation Failure)
[2020-09-11T16:27:01.572+0000][1][gc,task      ] GC(71) Using 1 workers of 1 for evacuation
[2020-09-11T16:27:01.679+0000][1][gc,age       ] GC(71) Desired survivor size 4358144 bytes, new threshold 6 (max threshold 6)
[2020-09-11T16:27:01.679+0000][1][gc,age       ] GC(71) Age table with threshold 6 (max threshold 6)
[2020-09-11T16:27:01.679+0000][1][gc,age       ] GC(71) - age   1:    1006840 bytes,    1006840 total
[2020-09-11T16:27:01.679+0000][1][gc,heap      ] GC(71) ParNew: 76672K->7412K(76672K)
[2020-09-11T16:27:01.679+0000][1][gc,heap      ] GC(71) CMS: 65376K->71038K(439104K)
[2020-09-11T16:27:01.679+0000][1][gc,metaspace ] GC(71) Metaspace: 85653K->85653K(1128448K)
[2020-09-11T16:27:01.679+0000][1][gc           ] GC(71) Pause Young (Allocation Failure) 138M->76M(503M) 106.427ms
[2020-09-11T16:27:01.679+0000][1][gc,cpu       ] GC(71) User=0.03s Sys=0.00s Real=0.11s
[2020-09-11T16:27:01.726+0000][1][safepoint    ] Safepoint "GenCollectForAllocation", Time since last: 194447576 ns, Reaching safepoint: 3244917 ns, At safepoint: 153538906 ns, Total: 156783823 ns
[2020-09-11T16:27:01.875+0000][1][safepoint    ] Safepoint "Deoptimize", Time since last: 148102947 ns, Reaching safepoint: 145933 ns, At safepoint: 534402 ns, Total: 680335 ns
[2020-09-11T16:27:01.994+0000][1][safepoint    ] Safepoint "RevokeBias", Time since last: 118937542 ns, Reaching safepoint: 148818 ns, At safepoint: 42337 ns, Total: 191155 ns
[2020-09-11T16:27:02.048+0000][1][safepoint    ] Safepoint "RevokeBias", Time since last: 54048879 ns, Reaching safepoint: 152357 ns, At safepoint: 25204 ns, Total: 177561 ns
[2020-09-11T16:27:02.343+0000][1][safepoint    ] Safepoint "RevokeBias", Time since last: 294445732 ns, Reaching safepoint: 224361 ns, At safepoint: 29935 ns, Total: 254296 ns
[2020-09-11T16:27:02.426+0000][1][safepoint    ] Safepoint "RevokeBias", Time since last: 82696895 ns, Reaching safepoint: 219368 ns, At safepoint: 25393 ns, Total: 244761 ns
[2020-09-11T16:27:03.116+0000][1][safepoint    ] Safepoint "BulkRevokeBias", Time since last: 687286396 ns, Reaching safepoint: 2648655 ns, At safepoint: 256258 ns, Total: 2904913 ns
[2020-09-11T16:27:03.307+0000][1][safepoint    ] Safepoint "RevokeBias", Time since last: 191506918 ns, Reaching safepoint: 75684 ns, At safepoint: 21531 ns, Total: 97215 ns
[2020-09-11T16:27:03.325+0000][1][safepoint    ] Safepoint "RevokeBias", Time since last: 17152561 ns, Reaching safepoint: 66754 ns, At safepoint: 21059 ns, Total: 87813 ns
[2020-09-11T16:27:03.338+0000][1][safepoint    ] Safepoint "RevokeBias", Time since last: 12977569 ns, Reaching safepoint: 67838 ns, At safepoint: 19992 ns, Total: 87830 ns
[2020-09-11T16:27:03.338+0000][1][safepoint    ] Safepoint "RevokeBias", Time since last: 77281 ns, Reaching safepoint: 27444 ns, At safepoint: 11043 ns, Total: 38487 ns
[2020-09-11T16:27:03.338+0000][1][safepoint    ] Safepoint "BulkRevokeBias", Time since last: 33787 ns, Reaching safepoint: 26106 ns, At safepoint: 195806 ns, Total: 221912 ns
[2020-09-11T16:27:03.338+0000][1][safepoint    ] Safepoint "RevokeBias", Time since last: 58217 ns, Reaching safepoint: 28378 ns, At safepoint: 11204 ns, Total: 39582 ns
[2020-09-11T16:27:03.338+0000][1][safepoint    ] Safepoint "RevokeBias", Time since last: 87573 ns, Reaching safepoint: 27888 ns, At safepoint: 10010 ns, Total: 37898 ns
[2020-09-11T16:27:03.338+0000][1][safepoint    ] Safepoint "RevokeBias", Time since last: 42557 ns, Reaching safepoint: 26730 ns, At safepoint: 9733 ns, Total: 36463 ns
[2020-09-11T16:27:03.339+0000][1][safepoint    ] Safepoint "RevokeBias", Time since last: 255710 ns, Reaching safepoint: 27634 ns, At safepoint: 10269 ns, Total: 37903 ns
[2020-09-11T16:27:03.339+0000][1][safepoint    ] Safepoint "RevokeBias", Time since last: 228523 ns, Reaching safepoint: 116763 ns, At safepoint: 21336 ns, Total: 138099 ns
[2020-09-11T16:27:03.343+0000][1][safepoint    ] Safepoint "RevokeBias", Time since last: 3896604 ns, Reaching safepoint: 139035 ns, At safepoint: 20947 ns, Total: 159982 ns
[2020-09-11T16:27:03.396+0000][1][safepoint    ] Safepoint "RevokeBias", Time since last: 52421056 ns, Reaching safepoint: 62070 ns, At safepoint: 16970 ns, Total: 79040 ns
[2020-09-11T16:27:03.413+0000][1][safepoint    ] Safepoint "RevokeBias", Time since last: 16796729 ns, Reaching safepoint: 146631 ns, At safepoint: 27562 ns, Total: 174193 ns
[2020-09-11T16:27:03.416+0000][1][safepoint    ] Safepoint "RevokeBias", Time since last: 2811466 ns, Reaching safepoint: 142508 ns, At safepoint: 18963 ns, Total: 161471 ns
[2020-09-11T16:27:03.418+0000][1][safepoint    ] Safepoint "RevokeBias", Time since last: 2747822 ns, Reaching safepoint: 138095 ns, At safepoint: 19281 ns, Total: 157376 ns
[2020-09-11T16:27:03.437+0000][1][safepoint    ] Safepoint "RevokeBias", Time since last: 13179490 ns, Reaching safepoint: 5177707 ns, At safepoint: 24491 ns, Total: 5202198 ns
[2020-09-11T16:27:03.461+0000][1][safepoint    ] Safepoint "RevokeBias", Time since last: 24204704 ns, Reaching safepoint: 212202 ns, At safepoint: 22918 ns, Total: 235120 ns
[2020-09-11T16:27:03.465+0000][1][safepoint    ] Safepoint "RevokeBias", Time since last: 101407 ns, Reaching safepoint: 3424876 ns, At safepoint: 22973 ns, Total: 3447849 ns
[2020-09-11T16:27:03.467+0000][1][safepoint    ] Safepoint "RevokeBias", Time since last: 80805 ns, Reaching safepoint: 1997018 ns, At safepoint: 30896 ns, Total: 2027914 ns
[2020-09-11T16:27:03.517+0000][1][safepoint    ] Safepoint "RevokeBias", Time since last: 49836845 ns, Reaching safepoint: 367436 ns, At safepoint: 23936 ns, Total: 391372 ns
[2020-09-11T16:27:03.519+0000][1][safepoint    ] Safepoint "RevokeBias", Time since last: 306825 ns, Reaching safepoint: 1473755 ns, At safepoint: 21793 ns, Total: 1495548 ns
[2020-09-11T16:27:03.519+0000][1][safepoint    ] Safepoint "RevokeBias", Time since last: 191435 ns, Reaching safepoint: 104938 ns, At safepoint: 14875 ns, Total: 119813 ns
[2020-09-11T16:27:03.537+0000][1][safepoint    ] Safepoint "RevokeBias", Time since last: 17577940 ns, Reaching safepoint: 226506 ns, At safepoint: 23772 ns, Total: 250278 ns
[2020-09-11T16:27:03.537+0000][1][safepoint    ] Safepoint "RevokeBias", Time since last: 100163 ns, Reaching safepoint: 106215 ns, At safepoint: 13725 ns, Total: 119940 ns
[2020-09-11T16:27:03.538+0000][1][safepoint    ] Safepoint "RevokeBias", Time since last: 45227 ns, Reaching safepoint: 103895 ns, At safepoint: 13059 ns, Total: 116954 ns
[2020-09-11T16:27:03.538+0000][1][safepoint    ] Safepoint "BulkRevokeBias", Time since last: 54513 ns, Reaching safepoint: 101372 ns, At safepoint: 243732 ns, Total: 345104 ns
[2020-09-11T16:27:03.539+0000][1][safepoint    ] Safepoint "RevokeBias", Time since last: 466489 ns, Reaching safepoint: 108642 ns, At safepoint: 14491 ns, Total: 123133 ns
[2020-09-11T16:27:03.568+0000][1][gc,start     ] GC(72) Pause Young (Allocation Failure)
[2020-09-11T16:27:03.568+0000][1][gc,task      ] GC(72) Using 1 workers of 1 for evacuation
[2020-09-11T16:27:03.596+0000][1][gc,age       ] GC(72) Desired survivor size 4358144 bytes, new threshold 6 (max threshold 6)
[2020-09-11T16:27:03.596+0000][1][gc,age       ] GC(72) Age table with threshold 6 (max threshold 6)
[2020-09-11T16:27:03.596+0000][1][gc,age       ] GC(72) - age   1:     742616 bytes,     742616 total
[2020-09-11T16:27:03.596+0000][1][gc,age       ] GC(72) - age   2:     647288 bytes,    1389904 total
[2020-09-11T16:27:03.596+0000][1][gc,heap      ] GC(72) ParNew: 75572K->2037K(76672K)
[2020-09-11T16:27:03.596+0000][1][gc,heap      ] GC(72) CMS: 71038K->71038K(439104K)
[2020-09-11T16:27:03.596+0000][1][gc,metaspace ] GC(72) Metaspace: 86015K->86015K(1128448K)
[2020-09-11T16:27:03.596+0000][1][gc           ] GC(72) Pause Young (Allocation Failure) 143M->71M(503M) 28.572ms
[2020-09-11T16:27:03.596+0000][1][gc,cpu       ] GC(72) User=0.01s Sys=0.00s Real=0.03s
[2020-09-11T16:27:03.637+0000][1][safepoint    ] Safepoint "GenCollectForAllocation", Time since last: 28906411 ns, Reaching safepoint: 304374 ns, At safepoint: 69078491 ns, Total: 69382865 ns
[2020-09-11T16:27:03.646+0000][1][safepoint    ] Safepoint "RevokeBias", Time since last: 9334954 ns, Reaching safepoint: 71028 ns, At safepoint: 33237 ns, Total: 104265 ns
[2020-09-11T16:27:03.655+0000][1][safepoint    ] Safepoint "RevokeBias", Time since last: 8528724 ns, Reaching safepoint: 73427 ns, At safepoint: 46897 ns, Total: 120324 ns
[2020-09-11T16:27:03.662+0000][1][safepoint    ] Safepoint "RevokeBias", Time since last: 6528243 ns, Reaching safepoint: 76982 ns, At safepoint: 57607 ns, Total: 134589 ns
[2020-09-11T16:27:03.681+0000][1][safepoint    ] Safepoint "RevokeBias", Time since last: 19234573 ns, Reaching safepoint: 222616 ns, At safepoint: 20327 ns, Total: 242943 ns
[2020-09-11T16:27:03.685+0000][1][safepoint    ] Safepoint "RevokeBias", Time since last: 4016981 ns, Reaching safepoint: 86062 ns, At safepoint: 19052 ns, Total: 105114 ns
[2020-09-11T16:27:03.687+0000][1][safepoint    ] Safepoint "RevokeBias", Time since last: 1383793 ns, Reaching safepoint: 56511 ns, At safepoint: 13934 ns, Total: 70445 ns
[2020-09-11T16:27:03.688+0000][1][safepoint    ] Safepoint "RevokeBias", Time since last: 766401 ns, Reaching safepoint: 113871 ns, At safepoint: 16249 ns, Total: 130120 ns
[2020-09-11T16:27:03.694+0000][1][safepoint    ] Safepoint "RevokeBias", Time since last: 6033514 ns, Reaching safepoint: 146218 ns, At safepoint: 34270 ns, Total: 180488 ns
[2020-09-11T16:27:03.705+0000][1][safepoint    ] Safepoint "RevokeBias", Time since last: 11411576 ns, Reaching safepoint: 71379 ns, At safepoint: 21206 ns, Total: 92585 ns
[2020-09-11T16:27:03.707+0000][1][safepoint    ] Safepoint "RevokeBias", Time since last: 211061 ns, Reaching safepoint: 43365 ns, At safepoint: 1127017 ns, Total: 1170382 ns
[2020-09-11T16:27:03.922+0000][1][safepoint    ] Safepoint "RevokeBias", Time since last: 214927108 ns, Reaching safepoint: 215456 ns, At safepoint: 23768 ns, Total: 239224 ns
[2020-09-11T16:27:04.809+0000][1][safepoint    ] Safepoint "RevokeBias", Time since last: 883794487 ns, Reaching safepoint: 3310089 ns, At safepoint: 28274 ns, Total: 3338363 ns
[2020-09-11T16:27:05.003+0000][1][safepoint    ] Safepoint "RevokeBias", Time since last: 194151666 ns, Reaching safepoint: 79656 ns, At safepoint: 22664 ns, Total: 102320 ns
[2020-09-11T16:27:05.004+0000][1][safepoint    ] Safepoint "RevokeBias", Time since last: 603823 ns, Reaching safepoint: 61630 ns, At safepoint: 16964 ns, Total: 78594 ns
[2020-09-11T16:27:05.004+0000][1][safepoint    ] Safepoint "RevokeBias", Time since last: 58439 ns, Reaching safepoint: 43072 ns, At safepoint: 12098 ns, Total: 55170 ns
[2020-09-11T16:27:05.004+0000][1][safepoint    ] Safepoint "RevokeBias", Time since last: 34914 ns, Reaching safepoint: 36414 ns, At safepoint: 11091 ns, Total: 47505 ns
[2020-09-11T16:27:05.004+0000][1][safepoint    ] Safepoint "RevokeBias", Time since last: 30493 ns, Reaching safepoint: 33852 ns, At safepoint: 11243 ns, Total: 45095 ns
[2020-09-11T16:27:05.004+0000][1][safepoint    ] Safepoint "RevokeBias", Time since last: 28962 ns, Reaching safepoint: 32259 ns, At safepoint: 10207 ns, Total: 42466 ns
[2020-09-11T16:27:05.004+0000][1][safepoint    ] Safepoint "RevokeBias", Time since last: 27764 ns, Reaching safepoint: 30981 ns, At safepoint: 10113 ns, Total: 41094 ns
[2020-09-11T16:27:05.004+0000][1][safepoint    ] Safepoint "RevokeBias", Time since last: 57422 ns, Reaching safepoint: 32466 ns, At safepoint: 10903 ns, Total: 43369 ns
[2020-09-11T16:27:05.004+0000][1][safepoint    ] Safepoint "RevokeBias", Time since last: 85550 ns, Reaching safepoint: 35153 ns, At safepoint: 10807 ns, Total: 45960 ns
[2020-09-11T16:27:05.005+0000][1][safepoint    ] Safepoint "RevokeBias", Time since last: 47012 ns, Reaching safepoint: 31148 ns, At safepoint: 10060 ns, Total: 41208 ns
[2020-09-11T16:27:05.005+0000][1][safepoint    ] Safepoint "RevokeBias", Time since last: 37716 ns, Reaching safepoint: 30365 ns, At safepoint: 9723 ns, Total: 40088 ns
[2020-09-11T16:27:05.005+0000][1][safepoint    ] Safepoint "RevokeBias", Time since last: 37879 ns, Reaching safepoint: 29787 ns, At safepoint: 9602 ns, Total: 39389 ns
[2020-09-11T16:27:05.036+0000][1][safepoint    ] Safepoint "RevokeBias", Time since last: 30924550 ns, Reaching safepoint: 76161 ns, At safepoint: 35883 ns, Total: 112044 ns
[2020-09-11T16:27:05.036+0000][1][safepoint    ] Safepoint "RevokeBias", Time since last: 157201 ns, Reaching safepoint: 55825 ns, At safepoint: 18228 ns, Total: 74053 ns
[2020-09-11T16:27:05.036+0000][1][safepoint    ] Safepoint "RevokeBias", Time since last: 59959 ns, Reaching safepoint: 41975 ns, At safepoint: 13789 ns, Total: 55764 ns
[2020-09-11T16:27:05.341+0000][1][safepoint    ] Safepoint "RevokeBias", Time since last: 304683330 ns, Reaching safepoint: 72505 ns, At safepoint: 21270 ns, Total: 93775 ns
[2020-09-11T16:27:05.354+0000][1][safepoint    ] Safepoint "RevokeBias", Time since last: 13196596 ns, Reaching safepoint: 63563 ns, At safepoint: 23079 ns, Total: 86642 ns
[2020-09-11T16:27:05.354+0000][1][safepoint    ] Safepoint "RevokeBias", Time since last: 98733 ns, Reaching safepoint: 45951 ns, At safepoint: 15257 ns, Total: 61208 ns
[2020-09-11T16:27:05.354+0000][1][safepoint    ] Safepoint "RevokeBias", Time since last: 50719 ns, Reaching safepoint: 35807 ns, At safepoint: 13398 ns, Total: 49205 ns
[2020-09-11T16:27:05.355+0000][1][safepoint    ] Safepoint "RevokeBias", Time since last: 40325 ns, Reaching safepoint: 33113 ns, At safepoint: 11708 ns, Total: 44821 ns
[2020-09-11T16:27:05.460+0000][1][safepoint    ] Safepoint "RevokeBias", Time since last: 105197903 ns, Reaching safepoint: 72826 ns, At safepoint: 21877 ns, Total: 94703 ns
[2020-09-11T16:27:05.460+0000][1][safepoint    ] Safepoint "RevokeBias", Time since last: 93268 ns, Reaching safepoint: 42353 ns, At safepoint: 14154 ns, Total: 56507 ns
[2020-09-11T16:27:05.462+0000][1][safepoint    ] Safepoint "RevokeBias", Time since last: 1850731 ns, Reaching safepoint: 56004 ns, At safepoint: 16987 ns, Total: 72991 ns
[2020-09-11T16:27:05.469+0000][1][safepoint    ] Safepoint "RevokeBias", Time since last: 7329877 ns, Reaching safepoint: 76813 ns, At safepoint: 25684 ns, Total: 102497 ns
[2020-09-11T16:27:05.469+0000][1][safepoint    ] Safepoint "RevokeBias", Time since last: 108621 ns, Reaching safepoint: 55809 ns, At safepoint: 15637 ns, Total: 71446 ns
[2020-09-11T16:27:05.484+0000][1][safepoint    ] Safepoint "RevokeBias", Time since last: 9803542 ns, Reaching safepoint: 4300100 ns, At safepoint: 33014 ns, Total: 4333114 ns
[2020-09-11T16:27:05.549+0000][1][safepoint    ] Safepoint "RevokeBias", Time since last: 65430559 ns, Reaching safepoint: 87381 ns, At safepoint: 24682 ns, Total: 112063 ns
[2020-09-11T16:27:05.869+0000][1][safepoint    ] Safepoint "RevokeBias", Time since last: 314623090 ns, Reaching safepoint: 5055036 ns, At safepoint: 28930 ns, Total: 5083966 ns
[2020-09-11T16:27:05.878+0000][1][safepoint    ] Safepoint "RevokeBias", Time since last: 7906914 ns, Reaching safepoint: 916434 ns, At safepoint: 27064 ns, Total: 943498 ns
[2020-09-11T16:27:05.915+0000][1][safepoint    ] Safepoint "RevokeBias", Time since last: 37001429 ns, Reaching safepoint: 153575 ns, At safepoint: 22203 ns, Total: 175778 ns
[2020-09-11T16:27:06.689+0000][1][safepoint    ] Safepoint "RevokeBias", Time since last: 774047260 ns, Reaching safepoint: 70481 ns, At safepoint: 20291 ns, Total: 90772 ns
[2020-09-11T16:27:07.122+0000][1][safepoint    ] Safepoint "RevokeBias", Time since last: 432828725 ns, Reaching safepoint: 156919 ns, At safepoint: 17800 ns, Total: 174719 ns
[2020-09-11T16:27:07.122+0000][1][safepoint    ] Safepoint "RevokeBias", Time since last: 133840 ns, Reaching safepoint: 106471 ns, At safepoint: 14371 ns, Total: 120842 ns
[2020-09-11T16:27:07.122+0000][1][safepoint    ] Safepoint "RevokeBias", Time since last: 44785 ns, Reaching safepoint: 102325 ns, At safepoint: 12258 ns, Total: 114583 ns
[2020-09-11T16:27:07.125+0000][1][safepoint    ] Safepoint "RevokeBias", Time since last: 44793 ns, Reaching safepoint: 2303763 ns, At safepoint: 20958 ns, Total: 2324721 ns
[2020-09-11T16:27:07.125+0000][1][safepoint    ] Safepoint "RevokeBias", Time since last: 77690 ns, Reaching safepoint: 106339 ns, At safepoint: 13514 ns, Total: 119853 ns
[2020-09-11T16:27:07.343+0000][1][safepoint    ] Safepoint "RevokeBias", Time since last: 218044077 ns, Reaching safepoint: 81703 ns, At safepoint: 21725 ns, Total: 103428 ns
[2020-09-11T16:27:07.343+0000][1][safepoint    ] Safepoint "RevokeBias", Time since last: 101402 ns, Reaching safepoint: 27058 ns, At safepoint: 10663 ns, Total: 37721 ns
[2020-09-11T16:27:07.343+0000][1][safepoint    ] Safepoint "RevokeBias", Time since last: 35553 ns, Reaching safepoint: 25826 ns, At safepoint: 9359 ns, Total: 35185 ns
[2020-09-11T16:27:07.465+0000][1][safepoint    ] Safepoint "RevokeBias", Time since last: 118441721 ns, Reaching safepoint: 3060871 ns, At safepoint: 27494 ns, Total: 3088365 ns
[2020-09-11T16:27:07.497+0000][1][safepoint    ] Safepoint "RevokeBias", Time since last: 28241195 ns, Reaching safepoint: 3674773 ns, At safepoint: 34462 ns, Total: 3709235 ns
[2020-09-11T16:27:07.518+0000][1][gc,start     ] GC(73) Pause Young (Allocation Failure)
[2020-09-11T16:27:07.518+0000][1][gc,task      ] GC(73) Using 1 workers of 1 for evacuation
[2020-09-11T16:27:07.550+0000][1][gc,age       ] GC(73) Desired survivor size 4358144 bytes, new threshold 6 (max threshold 6)
[2020-09-11T16:27:07.550+0000][1][gc,age       ] GC(73) Age table with threshold 6 (max threshold 6)
[2020-09-11T16:27:07.550+0000][1][gc,age       ] GC(73) - age   1:     640792 bytes,     640792 total
[2020-09-11T16:27:07.550+0000][1][gc,age       ] GC(73) - age   2:     656416 bytes,    1297208 total
[2020-09-11T16:27:07.550+0000][1][gc,age       ] GC(73) - age   3:     626088 bytes,    1923296 total
[2020-09-11T16:27:07.550+0000][1][gc,heap      ] GC(73) ParNew: 70197K->3054K(76672K)
[2020-09-11T16:27:07.550+0000][1][gc,heap      ] GC(73) CMS: 71038K->71038K(439104K)
[2020-09-11T16:27:07.550+0000][1][gc,metaspace ] GC(73) Metaspace: 86150K->86150K(1128448K)
[2020-09-11T16:27:07.550+0000][1][gc           ] GC(73) Pause Young (Allocation Failure) 137M->72M(503M) 32.024ms
[2020-09-11T16:27:07.550+0000][1][gc,cpu       ] GC(73) User=0.01s Sys=0.00s Real=0.03s
[2020-09-11T16:27:07.553+0000][1][safepoint    ] Safepoint "GenCollectForAllocation", Time since last: 17162145 ns, Reaching safepoint: 3897318 ns, At safepoint: 35060343 ns, Total: 38957661 ns
[2020-09-11T16:27:07.561+0000][1][safepoint    ] Safepoint "RevokeBias", Time since last: 3868181 ns, Reaching safepoint: 74136 ns, At safepoint: 3889099 ns, Total: 3963235 ns
[2020-09-11T16:27:07.785+0000][1][safepoint    ] Safepoint "RevokeBias", Time since last: 224154728 ns, Reaching safepoint: 78736 ns, At safepoint: 33828 ns, Total: 112564 ns
[2020-09-11T16:27:08.357+0000][1][safepoint    ] Safepoint "RevokeBias", Time since last: 571433173 ns, Reaching safepoint: 312340 ns, At safepoint: 21024 ns, Total: 333364 ns
[2020-09-11T16:27:09.357+0000][1][safepoint    ] Safepoint "Cleanup", Time since last: 1000119521 ns, Reaching safepoint: 80751 ns, At safepoint: 7359 ns, Total: 88110 ns
[2020-09-11T16:27:10.357+0000][1][safepoint    ] Safepoint "Cleanup", Time since last: 1000115197 ns, Reaching safepoint: 81787 ns, At safepoint: 8958 ns, Total: 90745 ns
[2020-09-11T16:27:10.684+0000][1][safepoint    ] Safepoint "RevokeBias", Time since last: 327133491 ns, Reaching safepoint: 72570 ns, At safepoint: 19551 ns, Total: 92121 ns
[2020-09-11T16:27:10.685+0000][1][safepoint    ] Safepoint "RevokeBias", Time since last: 87367 ns, Reaching safepoint: 28379 ns, At safepoint: 11128 ns, Total: 39507 ns
[2020-09-11T16:27:10.685+0000][1][safepoint    ] Safepoint "RevokeBias", Time since last: 43181 ns, Reaching safepoint: 26650 ns, At safepoint: 9650 ns, Total: 36300 ns
[2020-09-11T16:27:10.685+0000][1][safepoint    ] Safepoint "RevokeBias", Time since last: 251226 ns, Reaching safepoint: 30861 ns, At safepoint: 10297 ns, Total: 41158 ns
[2020-09-11T16:27:10.685+0000][1][safepoint    ] Safepoint "RevokeBias", Time since last: 42111 ns, Reaching safepoint: 27183 ns, At safepoint: 9476 ns, Total: 36659 ns
[2020-09-11T16:27:10.686+0000][1][safepoint    ] Safepoint "RevokeBias", Time since last: 1083805 ns, Reaching safepoint: 33680 ns, At safepoint: 11658 ns, Total: 45338 ns
[2020-09-11T16:27:10.691+0000][1][safepoint    ] Safepoint "RevokeBias", Time since last: 4497043 ns, Reaching safepoint: 66488 ns, At safepoint: 19358 ns, Total: 85846 ns
[2020-09-11T16:27:10.728+0000][1][safepoint    ] Safepoint "RevokeBias", Time since last: 37487317 ns, Reaching safepoint: 69589 ns, At safepoint: 18021 ns, Total: 87610 ns
[2020-09-11T16:27:11.202+0000][1][safepoint    ] Safepoint "RevokeBias", Time since last: 473514888 ns, Reaching safepoint: 79528 ns, At safepoint: 19541 ns, Total: 99069 ns
[2020-09-11T16:27:11.547+0000][1][safepoint    ] Safepoint "RevokeBias", Time since last: 344870613 ns, Reaching safepoint: 442294 ns, At safepoint: 23251 ns, Total: 465545 ns
[2020-09-11T16:27:11.547+0000][1][safepoint    ] Safepoint "RevokeBias", Time since last: 74127 ns, Reaching safepoint: 97571 ns, At safepoint: 11605 ns, Total: 109176 ns
[2020-09-11T16:27:11.581+0000][1][safepoint    ] Safepoint "RevokeBias", Time since last: 32924426 ns, Reaching safepoint: 158834 ns, At safepoint: 22422 ns, Total: 181256 ns
[2020-09-11T16:27:12.422+0000][1][safepoint    ] Safepoint "RevokeBias", Time since last: 841177182 ns, Reaching safepoint: 86929 ns, At safepoint: 22721 ns, Total: 109650 ns
[2020-09-11T16:27:13.429+0000][1][safepoint    ] Safepoint "Cleanup", Time since last: 1006915363 ns, Reaching safepoint: 99291 ns, At safepoint: 8857 ns, Total: 108148 ns
[2020-09-11T16:27:13.582+0000][1][safepoint    ] Safepoint "RevokeBias", Time since last: 152578505 ns, Reaching safepoint: 150435 ns, At safepoint: 21031 ns, Total: 171466 ns
[2020-09-11T16:27:13.736+0000][1][safepoint    ] Safepoint "RevokeBias", Time since last: 154192326 ns, Reaching safepoint: 159753 ns, At safepoint: 18801 ns, Total: 178554 ns
[2020-09-11T16:27:13.744+0000][1][safepoint    ] Safepoint "RevokeBias", Time since last: 7865828 ns, Reaching safepoint: 144747 ns, At safepoint: 21192 ns, Total: 165939 ns
[2020-09-11T16:27:13.893+0000][1][safepoint    ] Safepoint "RevokeBias", Time since last: 146112392 ns, Reaching safepoint: 2666204 ns, At safepoint: 28991 ns, Total: 2695195 ns
[2020-09-11T16:27:14.064+0000][1][safepoint    ] Safepoint "RevokeBias", Time since last: 170626559 ns, Reaching safepoint: 86163 ns, At safepoint: 20513 ns, Total: 106676 ns
[2020-09-11T16:27:14.270+0000][1][safepoint    ] Safepoint "RevokeBias", Time since last: 206242974 ns, Reaching safepoint: 77393 ns, At safepoint: 20238 ns, Total: 97631 ns
[2020-09-11T16:27:14.289+0000][1][safepoint    ] Safepoint "RevokeBias", Time since last: 18932668 ns, Reaching safepoint: 69682 ns, At safepoint: 20027 ns, Total: 89709 ns
[2020-09-11T16:27:14.289+0000][1][safepoint    ] Safepoint "RevokeBias", Time since last: 231284 ns, Reaching safepoint: 29485 ns, At safepoint: 11581 ns, Total: 41066 ns
[2020-09-11T16:27:14.289+0000][1][safepoint    ] Safepoint "RevokeBias", Time since last: 43103 ns, Reaching safepoint: 26918 ns, At safepoint: 9393 ns, Total: 36311 ns
[2020-09-11T16:27:14.289+0000][1][safepoint    ] Safepoint "RevokeBias", Time since last: 60207 ns, Reaching safepoint: 26683 ns, At safepoint: 9393 ns, Total: 36076 ns
[2020-09-11T16:27:14.299+0000][1][safepoint    ] Safepoint "RevokeBias", Time since last: 9726656 ns, Reaching safepoint: 72056 ns, At safepoint: 18246 ns, Total: 90302 ns
[2020-09-11T16:27:14.299+0000][1][safepoint    ] Safepoint "RevokeBias", Time since last: 162886 ns, Reaching safepoint: 37604 ns, At safepoint: 12620 ns, Total: 50224 ns
[2020-09-11T16:27:15.300+0000][1][safepoint    ] Safepoint "Cleanup", Time since last: 1000091123 ns, Reaching safepoint: 91628 ns, At safepoint: 6830 ns, Total: 98458 ns
[2020-09-11T16:27:15.382+0000][1][safepoint    ] Safepoint "RevokeBias", Time since last: 78318918 ns, Reaching safepoint: 3970495 ns, At safepoint: 32397 ns, Total: 4002892 ns
[2020-09-11T16:27:15.403+0000][1][safepoint    ] Safepoint "RevokeBias", Time since last: 20650770 ns, Reaching safepoint: 148297 ns, At safepoint: 23358 ns, Total: 171655 ns
[2020-09-11T16:27:15.403+0000][1][safepoint    ] Safepoint "RevokeBias", Time since last: 68453 ns, Reaching safepoint: 27557 ns, At safepoint: 10428 ns, Total: 37985 ns
[2020-09-11T16:27:15.403+0000][1][safepoint    ] Safepoint "RevokeBias", Time since last: 31192 ns, Reaching safepoint: 25710 ns, At safepoint: 9321 ns, Total: 35031 ns
[2020-09-11T16:27:15.403+0000][1][safepoint    ] Safepoint "RevokeBias", Time since last: 28951 ns, Reaching safepoint: 25504 ns, At safepoint: 9085 ns, Total: 34589 ns
[2020-09-11T16:27:15.403+0000][1][safepoint    ] Safepoint "RevokeBias", Time since last: 28766 ns, Reaching safepoint: 25438 ns, At safepoint: 9047 ns, Total: 34485 ns
[2020-09-11T16:27:15.403+0000][1][safepoint    ] Safepoint "RevokeBias", Time since last: 28720 ns, Reaching safepoint: 25321 ns, At safepoint: 8939 ns, Total: 34260 ns
[2020-09-11T16:27:15.405+0000][1][safepoint    ] Safepoint "RevokeBias", Time since last: 1655202 ns, Reaching safepoint: 44553 ns, At safepoint: 13711 ns, Total: 58264 ns
[2020-09-11T16:27:15.409+0000][1][safepoint    ] Safepoint "RevokeBias", Time since last: 3992460 ns, Reaching safepoint: 53484 ns, At safepoint: 14418 ns, Total: 67902 ns
[2020-09-11T16:27:16.409+0000][1][safepoint    ] Safepoint "Cleanup", Time since last: 1000094797 ns, Reaching safepoint: 109935 ns, At safepoint: 7202 ns, Total: 117137 ns
[2020-09-11T16:27:16.700+0000][1][safepoint    ] Safepoint "RevokeBias", Time since last: 288451175 ns, Reaching safepoint: 2580263 ns, At safepoint: 52211 ns, Total: 2632474 ns
[2020-09-11T16:27:16.701+0000][1][safepoint    ] Safepoint "RevokeBias", Time since last: 71426 ns, Reaching safepoint: 932867 ns, At safepoint: 30216 ns, Total: 963083 ns
[2020-09-11T16:27:16.705+0000][1][safepoint    ] Safepoint "RevokeBias", Time since last: 3148162 ns, Reaching safepoint: 709137 ns, At safepoint: 27740 ns, Total: 736877 ns
[2020-09-11T16:27:17.344+0000][1][safepoint    ] Safepoint "RevokeBias", Time since last: 639136897 ns, Reaching safepoint: 96273 ns, At safepoint: 24781 ns, Total: 121054 ns
[2020-09-11T16:27:17.505+0000][1][safepoint    ] Safepoint "RevokeBias", Time since last: 160242573 ns, Reaching safepoint: 85358 ns, At safepoint: 22129 ns, Total: 107487 ns
[2020-09-11T16:27:17.723+0000][1][safepoint    ] Safepoint "RevokeBias", Time since last: 217767321 ns, Reaching safepoint: 78252 ns, At safepoint: 21221 ns, Total: 99473 ns
[2020-09-11T16:27:18.205+0000][1][safepoint    ] Safepoint "RevokeBias", Time since last: 480092390 ns, Reaching safepoint: 2270510 ns, At safepoint: 53617 ns, Total: 2324127 ns
[2020-09-11T16:27:18.576+0000][1][safepoint    ] Safepoint "RevokeBias", Time since last: 370638081 ns, Reaching safepoint: 145025 ns, At safepoint: 21447 ns, Total: 166472 ns
[2020-09-11T16:27:18.908+0000][1][safepoint    ] Safepoint "RevokeBias", Time since last: 330804633 ns, Reaching safepoint: 891067 ns, At safepoint: 26139 ns, Total: 917206 ns
[2020-09-11T16:27:18.957+0000][1][safepoint    ] Safepoint "RevokeBias", Time since last: 49246776 ns, Reaching safepoint: 144945 ns, At safepoint: 31437 ns, Total: 176382 ns
[2020-09-11T16:27:19.001+0000][1][gc,start     ] GC(74) Pause Young (Allocation Failure)
[2020-09-11T16:27:19.001+0000][1][gc,task      ] GC(74) Using 1 workers of 1 for evacuation
[2020-09-11T16:27:19.066+0000][1][gc,age       ] GC(74) Desired survivor size 4358144 bytes, new threshold 6 (max threshold 6)
[2020-09-11T16:27:19.066+0000][1][gc,age       ] GC(74) Age table with threshold 6 (max threshold 6)
[2020-09-11T16:27:19.066+0000][1][gc,age       ] GC(74) - age   1:     532672 bytes,     532672 total
[2020-09-11T16:27:19.066+0000][1][gc,age       ] GC(74) - age   2:     564768 bytes,    1097440 total
[2020-09-11T16:27:19.066+0000][1][gc,age       ] GC(74) - age   3:     650424 bytes,    1747864 total
[2020-09-11T16:27:19.066+0000][1][gc,age       ] GC(74) - age   4:     606776 bytes,    2354640 total
[2020-09-11T16:27:19.066+0000][1][gc,heap      ] GC(74) ParNew: 71214K->3581K(76672K)
[2020-09-11T16:27:19.066+0000][1][gc,heap      ] GC(74) CMS: 71038K->71038K(439104K)
[2020-09-11T16:27:19.066+0000][1][gc,metaspace ] GC(74) Metaspace: 86562K->86562K(1128448K)
[2020-09-11T16:27:19.066+0000][1][gc           ] GC(74) Pause Young (Allocation Failure) 138M->72M(503M) 65.080ms
[2020-09-11T16:27:19.066+0000][1][gc,cpu       ] GC(74) User=0.02s Sys=0.00s Real=0.07s
[2020-09-11T16:27:19.079+0000][1][safepoint    ] Safepoint "GenCollectForAllocation", Time since last: 43436011 ns, Reaching safepoint: 156832 ns, At safepoint: 78108576 ns, Total: 78265408 ns
[2020-09-11T16:27:19.079+0000][1][safepoint    ] Safepoint "RevokeBias", Time since last: 278146 ns, Reaching safepoint: 81367 ns, At safepoint: 27389 ns, Total: 108756 ns
[2020-09-11T16:27:19.103+0000][1][safepoint    ] Safepoint "RevokeBias", Time since last: 24188790 ns, Reaching safepoint: 151864 ns, At safepoint: 20481 ns, Total: 172345 ns
[2020-09-11T16:27:19.109+0000][1][safepoint    ] Safepoint "RevokeBias", Time since last: 5875280 ns, Reaching safepoint: 155970 ns, At safepoint: 31743 ns, Total: 187713 ns
[2020-09-11T16:27:19.157+0000][1][safepoint    ] Safepoint "RevokeBias", Time since last: 33766695 ns, Reaching safepoint: 13609362 ns, At safepoint: 35004 ns, Total: 13644366 ns
[2020-09-11T16:27:19.157+0000][1][safepoint    ] Safepoint "RevokeBias", Time since last: 265206 ns, Reaching safepoint: 175960 ns, At safepoint: 15100 ns, Total: 191060 ns
[2020-09-11T16:27:19.158+0000][1][safepoint    ] Safepoint "RevokeBias", Time since last: 54558 ns, Reaching safepoint: 108721 ns, At safepoint: 15681 ns, Total: 124402 ns
[2020-09-11T16:27:19.158+0000][1][safepoint    ] Safepoint "RevokeBias", Time since last: 55998 ns, Reaching safepoint: 101308 ns, At safepoint: 12346 ns, Total: 113654 ns
[2020-09-11T16:27:19.165+0000][1][safepoint    ] Safepoint "RevokeBias", Time since last: 7329240 ns, Reaching safepoint: 212630 ns, At safepoint: 20260 ns, Total: 232890 ns
[2020-09-11T16:27:19.166+0000][1][safepoint    ] Safepoint "RevokeBias", Time since last: 132828 ns, Reaching safepoint: 103729 ns, At safepoint: 37982 ns, Total: 141711 ns
[2020-09-11T16:27:19.232+0000][1][safepoint    ] Safepoint "RevokeBias", Time since last: 65827667 ns, Reaching safepoint: 312773 ns, At safepoint: 52119 ns, Total: 364892 ns
[2020-09-11T16:27:19.237+0000][1][safepoint    ] Safepoint "RevokeBias", Time since last: 4617612 ns, Reaching safepoint: 143598 ns, At safepoint: 53386 ns, Total: 196984 ns
[2020-09-11T16:27:19.320+0000][1][safepoint    ] Safepoint "RevokeBias", Time since last: 81708778 ns, Reaching safepoint: 1978966 ns, At safepoint: 66892 ns, Total: 2045858 ns
[2020-09-11T16:27:19.321+0000][1][safepoint    ] Safepoint "RevokeBias", Time since last: 75052 ns, Reaching safepoint: 567500 ns, At safepoint: 56155 ns, Total: 623655 ns
[2020-09-11T16:27:19.321+0000][1][safepoint    ] Safepoint "RevokeBias", Time since last: 116223 ns, Reaching safepoint: 246479 ns, At safepoint: 46411 ns, Total: 292890 ns
[2020-09-11T16:27:19.325+0000][1][safepoint    ] Safepoint "RevokeBias", Time since last: 557160 ns, Reaching safepoint: 2873895 ns, At safepoint: 55568 ns, Total: 2929463 ns
[2020-09-11T16:27:19.793+0000][1][safepoint    ] Safepoint "RevokeBias", Time since last: 467612102 ns, Reaching safepoint: 203047 ns, At safepoint: 67288 ns, Total: 270335 ns
[2020-09-11T16:27:20.035+0000][1][safepoint    ] Safepoint "RevokeBias", Time since last: 241881039 ns, Reaching safepoint: 86595 ns, At safepoint: 24395 ns, Total: 110990 ns
[2020-09-11T16:27:20.035+0000][1][safepoint    ] Safepoint "RevokeBias", Time since last: 98683 ns, Reaching safepoint: 56194 ns, At safepoint: 15316 ns, Total: 71510 ns
[2020-09-11T16:27:20.035+0000][1][safepoint    ] Safepoint "RevokeBias", Time since last: 151700 ns, Reaching safepoint: 52347 ns, At safepoint: 13413 ns, Total: 65760 ns
[2020-09-11T16:27:20.036+0000][1][safepoint    ] Safepoint "RevokeBias", Time since last: 605337 ns, Reaching safepoint: 50398 ns, At safepoint: 13838 ns, Total: 64236 ns
[2020-09-11T16:27:20.049+0000][1][safepoint    ] Safepoint "RevokeBias", Time since last: 12860959 ns, Reaching safepoint: 159070 ns, At safepoint: 25549 ns, Total: 184619 ns
[2020-09-11T16:27:20.124+0000][1][safepoint    ] Safepoint "BulkRevokeBias", Time since last: 74574637 ns, Reaching safepoint: 165886 ns, At safepoint: 264842 ns, Total: 430728 ns
[2020-09-11T16:27:20.392+0000][1][safepoint    ] Safepoint "RevokeBias", Time since last: 268083139 ns, Reaching safepoint: 91470 ns, At safepoint: 22056 ns, Total: 113526 ns
[2020-09-11T16:27:20.407+0000][1][safepoint    ] Safepoint "RevokeBias", Time since last: 12785121 ns, Reaching safepoint: 2181614 ns, At safepoint: 27316 ns, Total: 2208930 ns
[2020-09-11T16:27:20.694+0000][1][safepoint    ] Safepoint "RevokeBias", Time since last: 287197956 ns, Reaching safepoint: 92102 ns, At safepoint: 27971 ns, Total: 120073 ns
[2020-09-11T16:27:20.703+0000][1][safepoint    ] Safepoint "RevokeBias", Time since last: 6954148 ns, Reaching safepoint: 1344545 ns, At safepoint: 26723 ns, Total: 1371268 ns
[2020-09-11T16:27:20.850+0000][1][safepoint    ] Safepoint "RevokeBias", Time since last: 147499076 ns, Reaching safepoint: 102166 ns, At safepoint: 31112 ns, Total: 133278 ns
[2020-09-11T16:27:21.378+0000][1][safepoint    ] Safepoint "RevokeBias", Time since last: 527552734 ns, Reaching safepoint: 169974 ns, At safepoint: 22989 ns, Total: 192963 ns
[2020-09-11T16:27:21.391+0000][1][safepoint    ] Safepoint "RevokeBias", Time since last: 12915836 ns, Reaching safepoint: 230031 ns, At safepoint: 22081 ns, Total: 252112 ns
[2020-09-11T16:27:21.656+0000][1][safepoint    ] Safepoint "RevokeBias", Time since last: 264750670 ns, Reaching safepoint: 89573 ns, At safepoint: 21460 ns, Total: 111033 ns
[2020-09-11T16:27:21.657+0000][1][safepoint    ] Safepoint "RevokeBias", Time since last: 1187499 ns, Reaching safepoint: 69220 ns, At safepoint: 16946 ns, Total: 86166 ns
[2020-09-11T16:27:21.658+0000][1][safepoint    ] Safepoint "RevokeBias", Time since last: 61278 ns, Reaching safepoint: 43873 ns, At safepoint: 11970 ns, Total: 55843 ns
[2020-09-11T16:27:22.345+0000][1][safepoint    ] Safepoint "RevokeBias", Time since last: 687534824 ns, Reaching safepoint: 175676 ns, At safepoint: 49511 ns, Total: 225187 ns
[2020-09-11T16:27:22.658+0000][1][safepoint    ] Safepoint "RevokeBias", Time since last: 312914644 ns, Reaching safepoint: 87324 ns, At safepoint: 24059 ns, Total: 111383 ns
[2020-09-11T16:27:22.658+0000][1][safepoint    ] Safepoint "RevokeBias", Time since last: 96447 ns, Reaching safepoint: 58099 ns, At safepoint: 16645 ns, Total: 74744 ns
[2020-09-11T16:27:22.749+0000][1][safepoint    ] Safepoint "RevokeBias", Time since last: 90315849 ns, Reaching safepoint: 277830 ns, At safepoint: 26945 ns, Total: 304775 ns
[2020-09-11T16:27:23.749+0000][1][safepoint    ] Safepoint "Cleanup", Time since last: 1000111793 ns, Reaching safepoint: 105237 ns, At safepoint: 9784 ns, Total: 115021 ns
[2020-09-11T16:27:23.768+0000][1][safepoint    ] Safepoint "RevokeBias", Time since last: 18737539 ns, Reaching safepoint: 85345 ns, At safepoint: 23894 ns, Total: 109239 ns
[2020-09-11T16:27:24.768+0000][1][safepoint    ] Safepoint "Cleanup", Time since last: 1000115060 ns, Reaching safepoint: 90362 ns, At safepoint: 7614 ns, Total: 97976 ns
[2020-09-11T16:27:25.769+0000][1][safepoint    ] Safepoint "Cleanup", Time since last: 1000117394 ns, Reaching safepoint: 107435 ns, At safepoint: 9830 ns, Total: 117265 ns
[2020-09-11T16:27:26.769+0000][1][safepoint    ] Safepoint "Cleanup", Time since last: 1000121710 ns, Reaching safepoint: 123077 ns, At safepoint: 9060 ns, Total: 132137 ns
[2020-09-11T16:27:27.420+0000][1][safepoint    ] Safepoint "RevokeBias", Time since last: 650717999 ns, Reaching safepoint: 201445 ns, At safepoint: 24979 ns, Total: 226424 ns
[2020-09-11T16:27:27.420+0000][1][safepoint    ] Safepoint "RevokeBias", Time since last: 369527 ns, Reaching safepoint: 144236 ns, At safepoint: 17637 ns, Total: 161873 ns
[2020-09-11T16:27:27.567+0000][1][safepoint    ] Safepoint "RevokeBias", Time since last: 146177880 ns, Reaching safepoint: 86279 ns, At safepoint: 21936 ns, Total: 108215 ns
[2020-09-11T16:27:28.567+0000][1][safepoint    ] Safepoint "Cleanup", Time since last: 1000119471 ns, Reaching safepoint: 107821 ns, At safepoint: 8775 ns, Total: 116596 ns
[2020-09-11T16:27:28.822+0000][1][safepoint    ] Safepoint "RevokeBias", Time since last: 255007226 ns, Reaching safepoint: 82572 ns, At safepoint: 22375 ns, Total: 104947 ns
[2020-09-11T16:27:29.822+0000][1][safepoint    ] Safepoint "Cleanup", Time since last: 1000104981 ns, Reaching safepoint: 101539 ns, At safepoint: 8556 ns, Total: 110095 ns
[2020-09-11T16:27:30.668+0000][1][safepoint    ] Safepoint "BulkRevokeBias", Time since last: 844879211 ns, Reaching safepoint: 89268 ns, At safepoint: 476067 ns, Total: 565335 ns
[2020-09-11T16:27:30.668+0000][1][safepoint    ] Safepoint "RevokeBias", Time since last: 169966 ns, Reaching safepoint: 73628 ns, At safepoint: 13148 ns, Total: 86776 ns
[2020-09-11T16:27:30.684+0000][1][safepoint    ] Safepoint "RevokeBias", Time since last: 14854598 ns, Reaching safepoint: 1206717 ns, At safepoint: 25453 ns, Total: 1232170 ns
[2020-09-11T16:27:30.689+0000][1][safepoint    ] Safepoint "RevokeBias", Time since last: 3722827 ns, Reaching safepoint: 1149539 ns, At safepoint: 25158 ns, Total: 1174697 ns
[2020-09-11T16:27:30.693+0000][1][safepoint    ] Safepoint "RevokeBias", Time since last: 161691 ns, Reaching safepoint: 3808799 ns, At safepoint: 22010 ns, Total: 3830809 ns
[2020-09-11T16:27:30.696+0000][1][safepoint    ] Safepoint "BulkRevokeBias", Time since last: 133507 ns, Reaching safepoint: 2517422 ns, At safepoint: 283958 ns, Total: 2801380 ns
[2020-09-11T16:27:30.700+0000][1][safepoint    ] Safepoint "RevokeBias", Time since last: 2431714 ns, Reaching safepoint: 1453560 ns, At safepoint: 21585 ns, Total: 1475145 ns
[2020-09-11T16:27:30.700+0000][1][safepoint    ] Safepoint "RevokeBias", Time since last: 224706 ns, Reaching safepoint: 326573 ns, At safepoint: 15663 ns, Total: 342236 ns
[2020-09-11T16:27:30.715+0000][1][safepoint    ] Safepoint "RevokeBias", Time since last: 14200176 ns, Reaching safepoint: 154180 ns, At safepoint: 23008 ns, Total: 177188 ns
[2020-09-11T16:27:30.721+0000][1][safepoint    ] Safepoint "RevokeBias", Time since last: 5790404 ns, Reaching safepoint: 392841 ns, At safepoint: 38077 ns, Total: 430918 ns
[2020-09-11T16:27:30.722+0000][1][safepoint    ] Safepoint "RevokeBias", Time since last: 101806 ns, Reaching safepoint: 1141448 ns, At safepoint: 13397 ns, Total: 1154845 ns
[2020-09-11T16:27:30.726+0000][1][safepoint    ] Safepoint "RevokeBias", Time since last: 1144779 ns, Reaching safepoint: 2913404 ns, At safepoint: 27663 ns, Total: 2941067 ns
[2020-09-11T16:27:30.727+0000][1][safepoint    ] Safepoint "RevokeBias", Time since last: 107788 ns, Reaching safepoint: 710571 ns, At safepoint: 14650 ns, Total: 725221 ns
[2020-09-11T16:27:30.734+0000][1][safepoint    ] Safepoint "RevokeBias", Time since last: 5589803 ns, Reaching safepoint: 1737800 ns, At safepoint: 25305 ns, Total: 1763105 ns
[2020-09-11T16:27:30.737+0000][1][safepoint    ] Safepoint "RevokeBias", Time since last: 885097 ns, Reaching safepoint: 1542239 ns, At safepoint: 20685 ns, Total: 1562924 ns
[2020-09-11T16:27:30.746+0000][1][safepoint    ] Safepoint "RevokeBias", Time since last: 7953840 ns, Reaching safepoint: 1217510 ns, At safepoint: 25958 ns, Total: 1243468 ns
[2020-09-11T16:27:31.031+0000][1][safepoint    ] Safepoint "RevokeBias", Time since last: 284560974 ns, Reaching safepoint: 104177 ns, At safepoint: 21892 ns, Total: 126069 ns
[2020-09-11T16:27:32.031+0000][1][safepoint    ] Safepoint "Cleanup", Time since last: 1000124515 ns, Reaching safepoint: 88611 ns, At safepoint: 7495 ns, Total: 96106 ns
[2020-09-11T16:27:32.442+0000][1][gc,start     ] GC(75) Pause Young (Allocation Failure)
[2020-09-11T16:27:32.442+0000][1][gc,task      ] GC(75) Using 1 workers of 1 for evacuation
[2020-09-11T16:27:32.463+0000][1][gc,age       ] GC(75) Desired survivor size 4358144 bytes, new threshold 6 (max threshold 6)
[2020-09-11T16:27:32.463+0000][1][gc,age       ] GC(75) Age table with threshold 6 (max threshold 6)
[2020-09-11T16:27:32.463+0000][1][gc,age       ] GC(75) - age   1:     315272 bytes,     315272 total
[2020-09-11T16:27:32.463+0000][1][gc,age       ] GC(75) - age   2:     452240 bytes,     767512 total
[2020-09-11T16:27:32.463+0000][1][gc,age       ] GC(75) - age   3:     559936 bytes,    1327448 total
[2020-09-11T16:27:32.463+0000][1][gc,age       ] GC(75) - age   4:     650280 bytes,    1977728 total
[2020-09-11T16:27:32.463+0000][1][gc,age       ] GC(75) - age   5:     599352 bytes,    2577080 total
[2020-09-11T16:27:32.463+0000][1][gc,heap      ] GC(75) ParNew: 71693K->4344K(76672K)
[2020-09-11T16:27:32.463+0000][1][gc,heap      ] GC(75) CMS: 71038K->71038K(439104K)
[2020-09-11T16:27:32.463+0000][1][gc,metaspace ] GC(75) Metaspace: 87176K->87176K(1130496K)
[2020-09-11T16:27:32.463+0000][1][gc           ] GC(75) Pause Young (Allocation Failure) 139M->73M(503M) 21.759ms
[2020-09-11T16:27:32.463+0000][1][gc,cpu       ] GC(75) User=0.01s Sys=0.00s Real=0.02s
[2020-09-11T16:27:32.471+0000][1][safepoint    ] Safepoint "GenCollectForAllocation", Time since last: 410591408 ns, Reaching safepoint: 156229 ns, At safepoint: 28815367 ns, Total: 28971596 ns
[2020-09-11T16:27:32.912+0000][1][safepoint    ] Safepoint "RevokeBias", Time since last: 441451681 ns, Reaching safepoint: 78280 ns, At safepoint: 33300 ns, Total: 111580 ns
[2020-09-11T16:27:33.516+0000][1][safepoint    ] Safepoint "RevokeBias", Time since last: 604176620 ns, Reaching safepoint: 79186 ns, At safepoint: 21075 ns, Total: 100261 ns
[2020-09-11T16:27:33.517+0000][1][safepoint    ] Safepoint "RevokeBias", Time since last: 335409 ns, Reaching safepoint: 31657 ns, At safepoint: 12618 ns, Total: 44275 ns
[2020-09-11T16:27:33.517+0000][1][safepoint    ] Safepoint "RevokeBias", Time since last: 103871 ns, Reaching safepoint: 29819 ns, At safepoint: 10328 ns, Total: 40147 ns
[2020-09-11T16:27:33.517+0000][1][safepoint    ] Safepoint "RevokeBias", Time since last: 57606 ns, Reaching safepoint: 28812 ns, At safepoint: 9670 ns, Total: 38482 ns
[2020-09-11T16:27:33.517+0000][1][safepoint    ] Safepoint "RevokeBias", Time since last: 58250 ns, Reaching safepoint: 28422 ns, At safepoint: 9428 ns, Total: 37850 ns
[2020-09-11T16:27:33.517+0000][1][safepoint    ] Safepoint "RevokeBias", Time since last: 53623 ns, Reaching safepoint: 28354 ns, At safepoint: 16298 ns, Total: 44652 ns
[2020-09-11T16:27:33.517+0000][1][safepoint    ] Safepoint "RevokeBias", Time since last: 238380 ns, Reaching safepoint: 29103 ns, At safepoint: 9970 ns, Total: 39073 ns
[2020-09-11T16:27:33.518+0000][1][safepoint    ] Safepoint "RevokeBias", Time since last: 107208 ns, Reaching safepoint: 29158 ns, At safepoint: 17598 ns, Total: 46756 ns
[2020-09-11T16:27:33.518+0000][1][safepoint    ] Safepoint "RevokeBias", Time since last: 73334 ns, Reaching safepoint: 28227 ns, At safepoint: 16699 ns, Total: 44926 ns
[2020-09-11T16:27:33.518+0000][1][safepoint    ] Safepoint "RevokeBias", Time since last: 654605 ns, Reaching safepoint: 33783 ns, At safepoint: 19405 ns, Total: 53188 ns
[2020-09-11T16:27:33.529+0000][1][safepoint    ] Safepoint "RevokeBias", Time since last: 10020826 ns, Reaching safepoint: 79388 ns, At safepoint: 30544 ns, Total: 109932 ns
[2020-09-11T16:27:33.529+0000][1][safepoint    ] Safepoint "RevokeBias", Time since last: 489713 ns, Reaching safepoint: 32316 ns, At safepoint: 20294 ns, Total: 52610 ns
[2020-09-11T16:27:33.529+0000][1][safepoint    ] Safepoint "RevokeBias", Time since last: 119638 ns, Reaching safepoint: 30719 ns, At safepoint: 17741 ns, Total: 48460 ns
[2020-09-11T16:27:33.529+0000][1][safepoint    ] Safepoint "RevokeBias", Time since last: 79748 ns, Reaching safepoint: 29517 ns, At safepoint: 17246 ns, Total: 46763 ns
[2020-09-11T16:27:33.595+0000][1][safepoint    ] Safepoint "RevokeBias", Time since last: 66015389 ns, Reaching safepoint: 72136 ns, At safepoint: 20080 ns, Total: 92216 ns
[2020-09-11T16:27:33.596+0000][1][safepoint    ] Safepoint "RevokeBias", Time since last: 118076 ns, Reaching safepoint: 29863 ns, At safepoint: 11464 ns, Total: 41327 ns
[2020-09-11T16:27:33.596+0000][1][safepoint    ] Safepoint "RevokeBias", Time since last: 99670 ns, Reaching safepoint: 29172 ns, At safepoint: 10240 ns, Total: 39412 ns
[2020-09-11T16:27:33.596+0000][1][safepoint    ] Safepoint "RevokeBias", Time since last: 61631 ns, Reaching safepoint: 28037 ns, At safepoint: 9859 ns, Total: 37896 ns
[2020-09-11T16:27:33.596+0000][1][safepoint    ] Safepoint "RevokeBias", Time since last: 30595 ns, Reaching safepoint: 26295 ns, At safepoint: 8970 ns, Total: 35265 ns
[2020-09-11T16:27:33.596+0000][1][safepoint    ] Safepoint "RevokeBias", Time since last: 67155 ns, Reaching safepoint: 28154 ns, At safepoint: 9482 ns, Total: 37636 ns
[2020-09-11T16:27:33.596+0000][1][safepoint    ] Safepoint "RevokeBias", Time since last: 48489 ns, Reaching safepoint: 27117 ns, At safepoint: 8976 ns, Total: 36093 ns
[2020-09-11T16:27:33.596+0000][1][safepoint    ] Safepoint "RevokeBias", Time since last: 28625 ns, Reaching safepoint: 26153 ns, At safepoint: 8842 ns, Total: 34995 ns
[2020-09-11T16:27:33.596+0000][1][safepoint    ] Safepoint "RevokeBias", Time since last: 46502 ns, Reaching safepoint: 27719 ns, At safepoint: 9270 ns, Total: 36989 ns
[2020-09-11T16:27:33.596+0000][1][safepoint    ] Safepoint "RevokeBias", Time since last: 51979 ns, Reaching safepoint: 27014 ns, At safepoint: 9282 ns, Total: 36296 ns
[2020-09-11T16:27:33.596+0000][1][safepoint    ] Safepoint "RevokeBias", Time since last: 29338 ns, Reaching safepoint: 26072 ns, At safepoint: 8801 ns, Total: 34873 ns
[2020-09-11T16:27:33.597+0000][1][safepoint    ] Safepoint "RevokeBias", Time since last: 42958 ns, Reaching safepoint: 27758 ns, At safepoint: 9095 ns, Total: 36853 ns
[2020-09-11T16:27:33.597+0000][1][safepoint    ] Safepoint "RevokeBias", Time since last: 34655 ns, Reaching safepoint: 26840 ns, At safepoint: 8888 ns, Total: 35728 ns
[2020-09-11T16:27:33.597+0000][1][safepoint    ] Safepoint "RevokeBias", Time since last: 28334 ns, Reaching safepoint: 26087 ns, At safepoint: 8954 ns, Total: 35041 ns
[2020-09-11T16:27:33.597+0000][1][safepoint    ] Safepoint "RevokeBias", Time since last: 42388 ns, Reaching safepoint: 27549 ns, At safepoint: 37726 ns, Total: 65275 ns
[2020-09-11T16:27:33.597+0000][1][safepoint    ] Safepoint "RevokeBias", Time since last: 36277 ns, Reaching safepoint: 27324 ns, At safepoint: 9192 ns, Total: 36516 ns
[2020-09-11T16:27:33.597+0000][1][safepoint    ] Safepoint "RevokeBias", Time since last: 28227 ns, Reaching safepoint: 36805 ns, At safepoint: 10148 ns, Total: 46953 ns
[2020-09-11T16:27:33.597+0000][1][safepoint    ] Safepoint "RevokeBias", Time since last: 90096 ns, Reaching safepoint: 28044 ns, At safepoint: 16897 ns, Total: 44941 ns
[2020-09-11T16:27:33.597+0000][1][safepoint    ] Safepoint "RevokeBias", Time since last: 29357 ns, Reaching safepoint: 26399 ns, At safepoint: 15803 ns, Total: 42202 ns
[2020-09-11T16:27:33.709+0000][1][safepoint    ] Safepoint "ICBufferFull", Time since last: 107779232 ns, Reaching safepoint: 4112341 ns, At safepoint: 22596 ns, Total: 4134937 ns
[2020-09-11T16:27:33.711+0000][1][safepoint    ] Safepoint "Deoptimize", Time since last: 758773 ns, Reaching safepoint: 142136 ns, At safepoint: 685828 ns, Total: 827964 ns
[2020-09-11T16:27:34.347+0000][1][safepoint    ] Safepoint "RevokeBias", Time since last: 635986313 ns, Reaching safepoint: 177091 ns, At safepoint: 19883 ns, Total: 196974 ns
[2020-09-11T16:27:34.347+0000][1][safepoint    ] Safepoint "RevokeBias", Time since last: 68243 ns, Reaching safepoint: 34481 ns, At safepoint: 10386 ns, Total: 44867 ns
[2020-09-11T16:27:34.640+0000][1][safepoint    ] Safepoint "RevokeBias", Time since last: 292523058 ns, Reaching safepoint: 81355 ns, At safepoint: 8235 ns, Total: 89590 ns
[2020-09-11T16:27:34.640+0000][1][safepoint    ] Safepoint "RevokeBias", Time since last: 254737 ns, Reaching safepoint: 35529 ns, At safepoint: 5139 ns, Total: 40668 ns
[2020-09-11T16:27:34.864+0000][1][safepoint    ] Safepoint "RevokeBias", Time since last: 224024162 ns, Reaching safepoint: 75404 ns, At safepoint: 24173 ns, Total: 99577 ns
[2020-09-11T16:27:35.864+0000][1][safepoint    ] Safepoint "Cleanup", Time since last: 1000125569 ns, Reaching safepoint: 93652 ns, At safepoint: 8836 ns, Total: 102488 ns
[2020-09-11T16:27:36.494+0000][1][safepoint    ] Safepoint "RevokeBias", Time since last: 629295641 ns, Reaching safepoint: 365836 ns, At safepoint: 26945 ns, Total: 392781 ns
[2020-09-11T16:27:36.497+0000][1][safepoint    ] Safepoint "RevokeBias", Time since last: 2980038 ns, Reaching safepoint: 159133 ns, At safepoint: 27017 ns, Total: 186150 ns
[2020-09-11T16:27:36.509+0000][1][safepoint    ] Safepoint "RevokeBias", Time since last: 11987319 ns, Reaching safepoint: 170286 ns, At safepoint: 23733 ns, Total: 194019 ns
[2020-09-11T16:27:36.650+0000][1][safepoint    ] Safepoint "RevokeBias", Time since last: 140214853 ns, Reaching safepoint: 88954 ns, At safepoint: 24872 ns, Total: 113826 ns
[2020-09-11T16:27:36.650+0000][1][safepoint    ] Safepoint "RevokeBias", Time since last: 127384 ns, Reaching safepoint: 69456 ns, At safepoint: 17612 ns, Total: 87068 ns
[2020-09-11T16:27:37.650+0000][1][safepoint    ] Safepoint "Cleanup", Time since last: 1000095946 ns, Reaching safepoint: 87290 ns, At safepoint: 9997 ns, Total: 97287 ns
[2020-09-11T16:27:38.650+0000][1][safepoint    ] Safepoint "Cleanup", Time since last: 1000141414 ns, Reaching safepoint: 84983 ns, At safepoint: 8399 ns, Total: 93382 ns
[2020-09-11T16:27:40.673+0000][1][safepoint    ] Safepoint "RevokeBias", Time since last: 2022600582 ns, Reaching safepoint: 168710 ns, At safepoint: 26985 ns, Total: 195695 ns
[2020-09-11T16:27:40.721+0000][1][safepoint    ] Safepoint "RevokeBias", Time since last: 47673536 ns, Reaching safepoint: 178144 ns, At safepoint: 21848 ns, Total: 199992 ns
[2020-09-11T16:27:41.422+0000][1][safepoint    ] Safepoint "RevokeBias", Time since last: 700939295 ns, Reaching safepoint: 83803 ns, At safepoint: 26374 ns, Total: 110177 ns
[2020-09-11T16:27:42.422+0000][1][safepoint    ] Safepoint "Cleanup", Time since last: 1000118408 ns, Reaching safepoint: 88736 ns, At safepoint: 8648 ns, Total: 97384 ns
[2020-09-11T16:27:43.422+0000][1][safepoint    ] Safepoint "Cleanup", Time since last: 1000121914 ns, Reaching safepoint: 89070 ns, At safepoint: 9013 ns, Total: 98083 ns
[2020-09-11T16:27:44.423+0000][1][safepoint    ] Safepoint "Cleanup", Time since last: 1000115062 ns, Reaching safepoint: 95456 ns, At safepoint: 7235 ns, Total: 102691 ns
[2020-09-11T16:27:45.135+0000][1][safepoint    ] Safepoint "RevokeBias", Time since last: 712799442 ns, Reaching safepoint: 102181 ns, At safepoint: 22082 ns, Total: 124263 ns
[2020-09-11T16:27:45.471+0000][1][safepoint    ] Safepoint "RevokeBias", Time since last: 335647074 ns, Reaching safepoint: 188482 ns, At safepoint: 57722 ns, Total: 246204 ns
[2020-09-11T16:27:46.505+0000][1][safepoint    ] Safepoint "RevokeBias", Time since last: 1033284419 ns, Reaching safepoint: 100150 ns, At safepoint: 27025 ns, Total: 127175 ns
[2020-09-11T16:27:47.505+0000][1][safepoint    ] Safepoint "Cleanup", Time since last: 1000102129 ns, Reaching safepoint: 104068 ns, At safepoint: 6950 ns, Total: 111018 ns
[2020-09-11T16:27:49.505+0000][1][safepoint    ] Safepoint "Cleanup", Time since last: 2000252049 ns, Reaching safepoint: 136469 ns, At safepoint: 9348 ns, Total: 145817 ns
[2020-09-11T16:27:50.506+0000][1][safepoint    ] Safepoint "Cleanup", Time since last: 1000145914 ns, Reaching safepoint: 171203 ns, At safepoint: 19147 ns, Total: 190350 ns
[2020-09-11T16:27:51.785+0000][1][safepoint    ] Safepoint "RevokeBias", Time since last: 1279248187 ns, Reaching safepoint: 145413 ns, At safepoint: 47270 ns, Total: 192683 ns
[2020-09-11T16:27:51.793+0000][1][safepoint    ] Safepoint "RevokeBias", Time since last: 4296594 ns, Reaching safepoint: 3409526 ns, At safepoint: 33366 ns, Total: 3442892 ns
[2020-09-11T16:27:51.806+0000][1][safepoint    ] Safepoint "RevokeBias", Time since last: 11858973 ns, Reaching safepoint: 1154356 ns, At safepoint: 71512 ns, Total: 1225868 ns
[2020-09-11T16:27:51.819+0000][1][safepoint    ] Safepoint "RevokeBias", Time since last: 12947970 ns, Reaching safepoint: 314337 ns, At safepoint: 61088 ns, Total: 375425 ns
[2020-09-11T16:27:52.820+0000][1][safepoint    ] Safepoint "Cleanup", Time since last: 1000171435 ns, Reaching safepoint: 210794 ns, At safepoint: 17149 ns, Total: 227943 ns
[2020-09-11T16:27:58.958+0000][1][gc,start     ] GC(76) Pause Young (Allocation Failure)
[2020-09-11T16:27:58.958+0000][1][gc,task      ] GC(76) Using 1 workers of 1 for evacuation
[2020-09-11T16:27:58.971+0000][1][gc,age       ] GC(76) Desired survivor size 4358144 bytes, new threshold 5 (max threshold 6)
[2020-09-11T16:27:58.971+0000][1][gc,age       ] GC(76) Age table with threshold 5 (max threshold 6)
[2020-09-11T16:27:58.971+0000][1][gc,age       ] GC(76) - age   1:    2488816 bytes,    2488816 total
[2020-09-11T16:27:58.971+0000][1][gc,age       ] GC(76) - age   2:     249168 bytes,    2737984 total
[2020-09-11T16:27:58.971+0000][1][gc,age       ] GC(76) - age   3:     448768 bytes,    3186752 total
[2020-09-11T16:27:58.971+0000][1][gc,age       ] GC(76) - age   4:     558568 bytes,    3745320 total
[2020-09-11T16:27:58.971+0000][1][gc,age       ] GC(76) - age   5:     650152 bytes,    4395472 total
[2020-09-11T16:27:58.971+0000][1][gc,age       ] GC(76) - age   6:     598288 bytes,    4993760 total
[2020-09-11T16:27:58.971+0000][1][gc,heap      ] GC(76) ParNew: 72504K->5947K(76672K)
[2020-09-11T16:27:58.971+0000][1][gc,heap      ] GC(76) CMS: 71038K->71038K(439104K)
[2020-09-11T16:27:58.971+0000][1][gc,metaspace ] GC(76) Metaspace: 87487K->87487K(1130496K)
[2020-09-11T16:27:58.971+0000][1][gc           ] GC(76) Pause Young (Allocation Failure) 140M->75M(503M) 12.997ms
[2020-09-11T16:27:58.971+0000][1][gc,cpu       ] GC(76) User=0.01s Sys=0.00s Real=0.01s
[2020-09-11T16:27:58.976+0000][1][safepoint    ] Safepoint "GenCollectForAllocation", Time since last: 6138406968 ns, Reaching safepoint: 259576 ns, At safepoint: 17898023 ns, Total: 18157599 ns
[2020-09-11T16:27:59.978+0000][1][safepoint    ] Safepoint "Cleanup", Time since last: 1001301196 ns, Reaching safepoint: 149531 ns, At safepoint: 6892 ns, Total: 156423 ns
[2020-09-11T16:28:00.978+0000][1][safepoint    ] Safepoint "Cleanup", Time since last: 1000173276 ns, Reaching safepoint: 135008 ns, At safepoint: 6581 ns, Total: 141589 ns
[2020-09-11T16:28:01.979+0000][1][safepoint    ] Safepoint "Cleanup", Time since last: 1000176992 ns, Reaching safepoint: 233620 ns, At safepoint: 17911 ns, Total: 251531 ns
[2020-09-11T16:28:03.248+0000][1][safepoint    ] Safepoint "Cleanup", Time since last: 1269551526 ns, Reaching safepoint: 141854 ns, At safepoint: 8299 ns, Total: 150153 ns
[2020-09-11T16:28:04.244+0000][1][safepoint    ] Safepoint "RevokeBias", Time since last: 995576202 ns, Reaching safepoint: 104854 ns, At safepoint: 25401 ns, Total: 130255 ns
[2020-09-11T16:28:05.105+0000][1][safepoint    ] Safepoint "RevokeBias", Time since last: 859820883 ns, Reaching safepoint: 1133686 ns, At safepoint: 25621 ns, Total: 1159307 ns
[2020-09-11T16:28:06.105+0000][1][safepoint    ] Safepoint "Cleanup", Time since last: 1000111258 ns, Reaching safepoint: 84073 ns, At safepoint: 7447 ns, Total: 91520 ns
[2020-09-11T16:28:08.105+0000][1][safepoint    ] Safepoint "Cleanup", Time since last: 2000219899 ns, Reaching safepoint: 90032 ns, At safepoint: 9263 ns, Total: 99295 ns
[2020-09-11T16:28:09.106+0000][1][safepoint    ] Safepoint "Cleanup", Time since last: 1000112564 ns, Reaching safepoint: 215299 ns, At safepoint: 8699 ns, Total: 223998 ns
[2020-09-11T16:28:10.106+0000][1][safepoint    ] Safepoint "Cleanup", Time since last: 1000188520 ns, Reaching safepoint: 127792 ns, At safepoint: 6161 ns, Total: 133953 ns
[2020-09-11T16:28:11.997+0000][1][safepoint    ] Safepoint "Cleanup", Time since last: 1891053379 ns, Reaching safepoint: 138203 ns, At safepoint: 6226 ns, Total: 144429 ns
[2020-09-11T16:28:13.998+0000][1][safepoint    ] Safepoint "Cleanup", Time since last: 2000261785 ns, Reaching safepoint: 94248 ns, At safepoint: 6598 ns, Total: 100846 ns
[2020-09-11T16:28:15.146+0000][1][safepoint    ] Safepoint "RevokeBias", Time since last: 1147799252 ns, Reaching safepoint: 278603 ns, At safepoint: 51314 ns, Total: 329917 ns
[2020-09-11T16:28:16.146+0000][1][safepoint    ] Safepoint "Cleanup", Time since last: 1000209641 ns, Reaching safepoint: 169756 ns, At safepoint: 19121 ns, Total: 188877 ns
[2020-09-11T16:28:17.147+0000][1][safepoint    ] Safepoint "Cleanup", Time since last: 1000180781 ns, Reaching safepoint: 200738 ns, At safepoint: 20072 ns, Total: 220810 ns
[2020-09-11T16:28:21.147+0000][1][safepoint    ] Safepoint "Cleanup", Time since last: 4000568239 ns, Reaching safepoint: 198562 ns, At safepoint: 21647 ns, Total: 220209 ns
[2020-09-11T16:28:22.148+0000][1][safepoint    ] Safepoint "Cleanup", Time since last: 1000224042 ns, Reaching safepoint: 173017 ns, At safepoint: 19448 ns, Total: 192465 ns
[2020-09-11T16:28:23.148+0000][1][safepoint    ] Safepoint "Cleanup", Time since last: 1000161231 ns, Reaching safepoint: 89250 ns, At safepoint: 8464 ns, Total: 97714 ns
[2020-09-11T16:28:24.148+0000][1][safepoint    ] Safepoint "Cleanup", Time since last: 1000150199 ns, Reaching safepoint: 173481 ns, At safepoint: 19789 ns, Total: 193270 ns
[2020-09-11T16:28:25.141+0000][1][safepoint    ] Safepoint "RevokeBias", Time since last: 991953650 ns, Reaching safepoint: 191485 ns, At safepoint: 26916 ns, Total: 218401 ns
[2020-09-11T16:28:26.141+0000][1][safepoint    ] Safepoint "Cleanup", Time since last: 1000183477 ns, Reaching safepoint: 199805 ns, At safepoint: 18629 ns, Total: 218434 ns
[2020-09-11T16:28:27.141+0000][1][safepoint    ] Safepoint "Cleanup", Time since last: 1000214896 ns, Reaching safepoint: 118501 ns, At safepoint: 8026 ns, Total: 126527 ns
[2020-09-11T16:28:28.142+0000][1][safepoint    ] Safepoint "Cleanup", Time since last: 1000215306 ns, Reaching safepoint: 134286 ns, At safepoint: 6629 ns, Total: 140915 ns
[2020-09-11T16:28:29.142+0000][1][safepoint    ] Safepoint "Cleanup", Time since last: 1000205702 ns, Reaching safepoint: 164825 ns, At safepoint: 18950 ns, Total: 183775 ns
[2020-09-11T16:28:30.142+0000][1][safepoint    ] Safepoint "Cleanup", Time since last: 1000201501 ns, Reaching safepoint: 162175 ns, At safepoint: 20019 ns, Total: 182194 ns
[2020-09-11T16:28:31.180+0000][1][safepoint    ] Safepoint "Cleanup", Time since last: 1037081167 ns, Reaching safepoint: 127662 ns, At safepoint: 7656 ns, Total: 135318 ns
[2020-09-11T16:28:32.180+0000][1][safepoint    ] Safepoint "Cleanup", Time since last: 1000169868 ns, Reaching safepoint: 125475 ns, At safepoint: 9654 ns, Total: 135129 ns
[2020-09-11T16:28:33.180+0000][1][safepoint    ] Safepoint "Cleanup", Time since last: 1000114757 ns, Reaching safepoint: 95907 ns, At safepoint: 8844 ns, Total: 104751 ns
[2020-09-11T16:28:33.423+0000][1][gc,start     ] GC(77) Pause Young (Allocation Failure)
[2020-09-11T16:28:33.423+0000][1][gc,task      ] GC(77) Using 1 workers of 1 for evacuation
[2020-09-11T16:28:33.459+0000][1][gc,age       ] GC(77) Desired survivor size 4358144 bytes, new threshold 6 (max threshold 6)
[2020-09-11T16:28:33.459+0000][1][gc,age       ] GC(77) Age table with threshold 6 (max threshold 6)
[2020-09-11T16:28:33.459+0000][1][gc,age       ] GC(77) - age   1:      97640 bytes,      97640 total
[2020-09-11T16:28:33.459+0000][1][gc,age       ] GC(77) - age   2:    2419608 bytes,    2517248 total
[2020-09-11T16:28:33.459+0000][1][gc,age       ] GC(77) - age   3:     243360 bytes,    2760608 total
[2020-09-11T16:28:33.459+0000][1][gc,age       ] GC(77) - age   4:     448552 bytes,    3209160 total
[2020-09-11T16:28:33.459+0000][1][gc,age       ] GC(77) - age   5:     558568 bytes,    3767728 total
[2020-09-11T16:28:33.459+0000][1][gc,heap      ] GC(77) ParNew: 74107K->4029K(76672K)
[2020-09-11T16:28:33.459+0000][1][gc,heap      ] GC(77) CMS: 71038K->72298K(439104K)
[2020-09-11T16:28:33.459+0000][1][gc,metaspace ] GC(77) Metaspace: 87701K->87701K(1130496K)
[2020-09-11T16:28:33.459+0000][1][gc           ] GC(77) Pause Young (Allocation Failure) 141M->74M(503M) 36.436ms
[2020-09-11T16:28:33.459+0000][1][gc,cpu       ] GC(77) User=0.01s Sys=0.00s Real=0.03s
[2020-09-11T16:28:33.459+0000][1][safepoint    ] Safepoint "GenCollectForAllocation", Time since last: 242586296 ns, Reaching safepoint: 159702 ns, At safepoint: 36529198 ns, Total: 36688900 ns
[2020-09-11T16:28:34.467+0000][1][safepoint    ] Safepoint "Cleanup", Time since last: 1007775762 ns, Reaching safepoint: 148808 ns, At safepoint: 9513 ns, Total: 158321 ns
[2020-09-11T16:28:35.137+0000][1][safepoint    ] Safepoint "RevokeBias", Time since last: 669788363 ns, Reaching safepoint: 201770 ns, At safepoint: 51909 ns, Total: 253679 ns
[2020-09-11T16:28:36.138+0000][1][safepoint    ] Safepoint "Cleanup", Time since last: 1000152109 ns, Reaching safepoint: 88804 ns, At safepoint: 7980 ns, Total: 96784 ns
[2020-09-11T16:28:37.138+0000][1][safepoint    ] Safepoint "Cleanup", Time since last: 1000147640 ns, Reaching safepoint: 163181 ns, At safepoint: 16037 ns, Total: 179218 ns
[2020-09-11T16:28:38.138+0000][1][safepoint    ] Safepoint "Cleanup", Time since last: 1000157690 ns, Reaching safepoint: 152497 ns, At safepoint: 16688 ns, Total: 169185 ns
[2020-09-11T16:28:39.139+0000][1][safepoint    ] Safepoint "Cleanup", Time since last: 1000153637 ns, Reaching safepoint: 172105 ns, At safepoint: 19231 ns, Total: 191336 ns
[2020-09-11T16:28:40.139+0000][1][safepoint    ] Safepoint "Cleanup", Time since last: 1000178611 ns, Reaching safepoint: 166235 ns, At safepoint: 15559 ns, Total: 181794 ns
[2020-09-11T16:28:41.139+0000][1][safepoint    ] Safepoint "Cleanup", Time since last: 1000205590 ns, Reaching safepoint: 119077 ns, At safepoint: 6946 ns, Total: 126023 ns
[2020-09-11T16:28:42.140+0000][1][safepoint    ] Safepoint "Cleanup", Time since last: 1000159603 ns, Reaching safepoint: 169135 ns, At safepoint: 19565 ns, Total: 188700 ns
[2020-09-11T16:28:43.140+0000][1][safepoint    ] Safepoint "Cleanup", Time since last: 1000197838 ns, Reaching safepoint: 159042 ns, At safepoint: 19040 ns, Total: 178082 ns
[2020-09-11T16:28:44.140+0000][1][safepoint    ] Safepoint "Cleanup", Time since last: 1000129317 ns, Reaching safepoint: 89832 ns, At safepoint: 8475 ns, Total: 98307 ns
[2020-09-11T16:28:45.139+0000][1][safepoint    ] Safepoint "RevokeBias", Time since last: 998262202 ns, Reaching safepoint: 87981 ns, At safepoint: 23032 ns, Total: 111013 ns
[2020-09-11T16:28:45.377+0000][1][safepoint    ] Safepoint "RevokeBias", Time since last: 238130637 ns, Reaching safepoint: 217388 ns, At safepoint: 156004 ns, Total: 373392 ns
[2020-09-11T16:28:45.377+0000][1][safepoint    ] Safepoint "RevokeBias", Time since last: 80326 ns, Reaching safepoint: 125781 ns, At safepoint: 102241 ns, Total: 228022 ns
[2020-09-11T16:28:46.378+0000][1][safepoint    ] Safepoint "Cleanup", Time since last: 1000170404 ns, Reaching safepoint: 116712 ns, At safepoint: 7444 ns, Total: 124156 ns
[2020-09-11T16:28:47.378+0000][1][safepoint    ] Safepoint "Cleanup", Time since last: 1000179494 ns, Reaching safepoint: 117299 ns, At safepoint: 7676 ns, Total: 124975 ns
[2020-09-11T16:28:48.378+0000][1][safepoint    ] Safepoint "Cleanup", Time since last: 1000141534 ns, Reaching safepoint: 223266 ns, At safepoint: 17473 ns, Total: 240739 ns
[2020-09-11T16:28:49.379+0000][1][safepoint    ] Safepoint "Cleanup", Time since last: 1000225991 ns, Reaching safepoint: 111855 ns, At safepoint: 8226 ns, Total: 120081 ns
[2020-09-11T16:28:50.379+0000][1][safepoint    ] Safepoint "Cleanup", Time since last: 1000132131 ns, Reaching safepoint: 163419 ns, At safepoint: 15876 ns, Total: 179295 ns
[2020-09-11T16:28:51.267+0000][1][safepoint    ] Safepoint "RevokeBias", Time since last: 888097043 ns, Reaching safepoint: 203717 ns, At safepoint: 10873 ns, Total: 214590 ns
[2020-09-11T16:28:51.268+0000][1][safepoint    ] Safepoint "RevokeBias", Time since last: 251956 ns, Reaching safepoint: 182617 ns, At safepoint: 8388 ns, Total: 191005 ns
[2020-09-11T16:28:51.280+0000][1][safepoint    ] Safepoint "RevokeBias", Time since last: 11981117 ns, Reaching safepoint: 200243 ns, At safepoint: 11710 ns, Total: 211953 ns
[2020-09-11T16:28:51.280+0000][1][safepoint    ] Safepoint "RevokeBias", Time since last: 102748 ns, Reaching safepoint: 208965 ns, At safepoint: 8592 ns, Total: 217557 ns
[2020-09-11T16:28:51.281+0000][1][safepoint    ] Safepoint "RevokeBias", Time since last: 53972 ns, Reaching safepoint: 169337 ns, At safepoint: 7365 ns, Total: 176702 ns
[2020-09-11T16:28:52.281+0000][1][safepoint    ] Safepoint "Cleanup", Time since last: 1000154112 ns, Reaching safepoint: 215371 ns, At safepoint: 18132 ns, Total: 233503 ns
[2020-09-11T16:28:53.281+0000][1][safepoint    ] Safepoint "Cleanup", Time since last: 1000191686 ns, Reaching safepoint: 173328 ns, At safepoint: 20390 ns, Total: 193718 ns
[2020-09-11T16:28:54.282+0000][1][safepoint    ] Safepoint "Cleanup", Time since last: 1000244849 ns, Reaching safepoint: 185042 ns, At safepoint: 17954 ns, Total: 202996 ns
[2020-09-11T16:28:55.097+0000][1][safepoint    ] Safepoint "RevokeBias", Time since last: 814996042 ns, Reaching safepoint: 95631 ns, At safepoint: 22292 ns, Total: 117923 ns
[2020-09-11T16:28:56.097+0000][1][safepoint    ] Safepoint "Cleanup", Time since last: 1000171541 ns, Reaching safepoint: 164200 ns, At safepoint: 17841 ns, Total: 182041 ns
[2020-09-11T16:28:57.098+0000][1][safepoint    ] Safepoint "Cleanup", Time since last: 1000182579 ns, Reaching safepoint: 158845 ns, At safepoint: 16481 ns, Total: 175326 ns
[2020-09-11T16:28:58.098+0000][1][safepoint    ] Safepoint "Cleanup", Time since last: 1000209383 ns, Reaching safepoint: 176084 ns, At safepoint: 18753 ns, Total: 194837 ns
[2020-09-11T16:28:59.099+0000][1][safepoint    ] Safepoint "Cleanup", Time since last: 1000548940 ns, Reaching safepoint: 131332 ns, At safepoint: 15145 ns, Total: 146477 ns
[2020-09-11T16:29:00.099+0000][1][safepoint    ] Safepoint "Cleanup", Time since last: 1000167769 ns, Reaching safepoint: 172777 ns, At safepoint: 19638 ns, Total: 192415 ns
[2020-09-11T16:29:01.146+0000][1][safepoint    ] Safepoint "Cleanup", Time since last: 1046987086 ns, Reaching safepoint: 141536 ns, At safepoint: 6691 ns, Total: 148227 ns
[2020-09-11T16:29:02.147+0000][1][safepoint    ] Safepoint "Cleanup", Time since last: 1000201520 ns, Reaching safepoint: 118356 ns, At safepoint: 8673 ns, Total: 127029 ns
[2020-09-11T16:29:02.756+0000][1][gc,start     ] GC(78) Pause Young (Allocation Failure)
[2020-09-11T16:29:02.756+0000][1][gc,task      ] GC(78) Using 1 workers of 1 for evacuation
[2020-09-11T16:29:02.771+0000][1][gc,age       ] GC(78) Desired survivor size 4358144 bytes, new threshold 6 (max threshold 6)
[2020-09-11T16:29:02.771+0000][1][gc,age       ] GC(78) Age table with threshold 6 (max threshold 6)
[2020-09-11T16:29:02.771+0000][1][gc,age       ] GC(78) - age   1:     773360 bytes,     773360 total
[2020-09-11T16:29:02.771+0000][1][gc,age       ] GC(78) - age   2:      38672 bytes,     812032 total
[2020-09-11T16:29:02.771+0000][1][gc,age       ] GC(78) - age   3:    2415040 bytes,    3227072 total
[2020-09-11T16:29:02.771+0000][1][gc,age       ] GC(78) - age   4:     242744 bytes,    3469816 total
[2020-09-11T16:29:02.771+0000][1][gc,age       ] GC(78) - age   5:     447832 bytes,    3917648 total
[2020-09-11T16:29:02.771+0000][1][gc,age       ] GC(78) - age   6:     558568 bytes,    4476216 total
[2020-09-11T16:29:02.771+0000][1][gc,heap      ] GC(78) ParNew: 72186K->7533K(76672K)
[2020-09-11T16:29:02.771+0000][1][gc,heap      ] GC(78) CMS: 72298K->72298K(439104K)
[2020-09-11T16:29:02.771+0000][1][gc,metaspace ] GC(78) Metaspace: 89597K->89597K(1132544K)
[2020-09-11T16:29:02.771+0000][1][gc           ] GC(78) Pause Young (Allocation Failure) 141M->77M(503M) 15.242ms
[2020-09-11T16:29:02.771+0000][1][gc,cpu       ] GC(78) User=0.02s Sys=0.00s Real=0.01s
[2020-09-11T16:29:02.771+0000][1][safepoint    ] Safepoint "GenCollectForAllocation", Time since last: 608697095 ns, Reaching safepoint: 304245 ns, At safepoint: 15331886 ns, Total: 15636131 ns
[2020-09-11T16:29:03.773+0000][1][safepoint    ] Safepoint "Cleanup", Time since last: 1002341858 ns, Reaching safepoint: 90684 ns, At safepoint: 8727 ns, Total: 99411 ns
[2020-09-11T16:29:04.774+0000][1][safepoint    ] Safepoint "Cleanup", Time since last: 1000146078 ns, Reaching safepoint: 171513 ns, At safepoint: 16819 ns, Total: 188332 ns
[2020-09-11T16:29:05.103+0000][1][safepoint    ] Safepoint "RevokeBias", Time since last: 329438995 ns, Reaching safepoint: 91205 ns, At safepoint: 21402 ns, Total: 112607 ns
[2020-09-11T16:29:06.104+0000][1][safepoint    ] Safepoint "Cleanup", Time since last: 1000186492 ns, Reaching safepoint: 118428 ns, At safepoint: 7450 ns, Total: 125878 ns
[2020-09-11T16:29:07.104+0000][1][safepoint    ] Safepoint "Cleanup", Time since last: 1000172780 ns, Reaching safepoint: 165035 ns, At safepoint: 17788 ns, Total: 182823 ns
[2020-09-11T16:29:08.104+0000][1][safepoint    ] Safepoint "Cleanup", Time since last: 1000215200 ns, Reaching safepoint: 118408 ns, At safepoint: 9110 ns, Total: 127518 ns
[2020-09-11T16:29:09.105+0000][1][safepoint    ] Safepoint "Cleanup", Time since last: 1000170383 ns, Reaching safepoint: 134665 ns, At safepoint: 15687 ns, Total: 150352 ns
[2020-09-11T16:29:10.105+0000][1][safepoint    ] Safepoint "Cleanup", Time since last: 1000225744 ns, Reaching safepoint: 164678 ns, At safepoint: 17731 ns, Total: 182409 ns
[2020-09-11T16:29:11.119+0000][1][safepoint    ] Safepoint "Cleanup", Time since last: 1013730906 ns, Reaching safepoint: 128277 ns, At safepoint: 6534 ns, Total: 134811 ns
[2020-09-11T16:29:12.119+0000][1][safepoint    ] Safepoint "Cleanup", Time since last: 1000202551 ns, Reaching safepoint: 115352 ns, At safepoint: 9118 ns, Total: 124470 ns
[2020-09-11T16:29:13.119+0000][1][safepoint    ] Safepoint "Cleanup", Time since last: 1000145938 ns, Reaching safepoint: 144629 ns, At safepoint: 8576 ns, Total: 153205 ns
[2020-09-11T16:29:14.120+0000][1][safepoint    ] Safepoint "Cleanup", Time since last: 1000394551 ns, Reaching safepoint: 168825 ns, At safepoint: 17853 ns, Total: 186678 ns
[2020-09-11T16:29:15.092+0000][1][safepoint    ] Safepoint "RevokeBias", Time since last: 971660611 ns, Reaching safepoint: 225084 ns, At safepoint: 24215 ns, Total: 249299 ns
[2020-09-11T16:29:16.092+0000][1][safepoint    ] Safepoint "Cleanup", Time since last: 1000193559 ns, Reaching safepoint: 116472 ns, At safepoint: 9748 ns, Total: 126220 ns
[2020-09-11T16:29:17.093+0000][1][safepoint    ] Safepoint "Cleanup", Time since last: 1000181926 ns, Reaching safepoint: 116225 ns, At safepoint: 8622 ns, Total: 124847 ns
[2020-09-11T16:29:18.093+0000][1][safepoint    ] Safepoint "Cleanup", Time since last: 1000181702 ns, Reaching safepoint: 191660 ns, At safepoint: 21212 ns, Total: 212872 ns
[2020-09-11T16:29:19.093+0000][1][safepoint    ] Safepoint "Cleanup", Time since last: 1000159915 ns, Reaching safepoint: 112963 ns, At safepoint: 9392 ns, Total: 122355 ns
[2020-09-11T16:29:20.094+0000][1][safepoint    ] Safepoint "Cleanup", Time since last: 1000183531 ns, Reaching safepoint: 171731 ns, At safepoint: 20343 ns, Total: 192074 ns
[2020-09-11T16:29:21.131+0000][1][safepoint    ] Safepoint "Cleanup", Time since last: 1037338225 ns, Reaching safepoint: 187761 ns, At safepoint: 17036 ns, Total: 204797 ns
[2020-09-11T16:29:22.132+0000][1][safepoint    ] Safepoint "Cleanup", Time since last: 1000231905 ns, Reaching safepoint: 118720 ns, At safepoint: 8138 ns, Total: 126858 ns
[2020-09-11T16:29:23.132+0000][1][safepoint    ] Safepoint "Cleanup", Time since last: 1000153622 ns, Reaching safepoint: 145239 ns, At safepoint: 9060 ns, Total: 154299 ns
[2020-09-11T16:29:24.132+0000][1][safepoint    ] Safepoint "Cleanup", Time since last: 1000180494 ns, Reaching safepoint: 119916 ns, At safepoint: 9019 ns, Total: 128935 ns
[2020-09-11T16:29:25.087+0000][1][safepoint    ] Safepoint "RevokeBias", Time since last: 954163622 ns, Reaching safepoint: 225338 ns, At safepoint: 24670 ns, Total: 250008 ns
[2020-09-11T16:29:26.087+0000][1][safepoint    ] Safepoint "Cleanup", Time since last: 1000200444 ns, Reaching safepoint: 116764 ns, At safepoint: 8563 ns, Total: 125327 ns
[2020-09-11T16:29:27.087+0000][1][safepoint    ] Safepoint "Cleanup", Time since last: 1000180573 ns, Reaching safepoint: 168400 ns, At safepoint: 17717 ns, Total: 186117 ns
[2020-09-11T16:29:28.088+0000][1][safepoint    ] Safepoint "Cleanup", Time since last: 1000227157 ns, Reaching safepoint: 133922 ns, At safepoint: 7042 ns, Total: 140964 ns
[2020-09-11T16:29:29.088+0000][1][safepoint    ] Safepoint "Cleanup", Time since last: 1000145322 ns, Reaching safepoint: 161020 ns, At safepoint: 15155 ns, Total: 176175 ns
[2020-09-11T16:29:30.088+0000][1][safepoint    ] Safepoint "Cleanup", Time since last: 1000196394 ns, Reaching safepoint: 177166 ns, At safepoint: 18443 ns, Total: 195609 ns
[2020-09-11T16:29:31.147+0000][1][safepoint    ] Safepoint "Cleanup", Time since last: 1058404325 ns, Reaching safepoint: 184290 ns, At safepoint: 18388 ns, Total: 202678 ns
[2020-09-11T16:29:32.147+0000][1][safepoint    ] Safepoint "Cleanup", Time since last: 1000252057 ns, Reaching safepoint: 114380 ns, At safepoint: 6978 ns, Total: 121358 ns
[2020-09-11T16:29:33.148+0000][1][safepoint    ] Safepoint "Cleanup", Time since last: 1000177531 ns, Reaching safepoint: 180751 ns, At safepoint: 20407 ns, Total: 201158 ns
[2020-09-11T16:29:34.148+0000][1][safepoint    ] Safepoint "Cleanup", Time since last: 1000187989 ns, Reaching safepoint: 133992 ns, At safepoint: 7354 ns, Total: 141346 ns
[2020-09-11T16:29:35.130+0000][1][safepoint    ] Safepoint "RevokeBias", Time since last: 981494406 ns, Reaching safepoint: 93696 ns, At safepoint: 21812 ns, Total: 115508 ns
[2020-09-11T16:29:36.130+0000][1][safepoint    ] Safepoint "Cleanup", Time since last: 1000165234 ns, Reaching safepoint: 121672 ns, At safepoint: 7172 ns, Total: 128844 ns
[2020-09-11T16:29:37.131+0000][1][safepoint    ] Safepoint "Cleanup", Time since last: 1001277270 ns, Reaching safepoint: 174811 ns, At safepoint: 17808 ns, Total: 192619 ns
[2020-09-11T16:29:38.075+0000][1][gc,start     ] GC(79) Pause Young (Allocation Failure)
[2020-09-11T16:29:38.075+0000][1][gc,task      ] GC(79) Using 1 workers of 1 for evacuation
[2020-09-11T16:29:38.088+0000][1][gc,age       ] GC(79) Desired survivor size 4358144 bytes, new threshold 6 (max threshold 6)
[2020-09-11T16:29:38.088+0000][1][gc,age       ] GC(79) Age table with threshold 6 (max threshold 6)
[2020-09-11T16:29:38.088+0000][1][gc,age       ] GC(79) - age   1:     129784 bytes,     129784 total
[2020-09-11T16:29:38.088+0000][1][gc,age       ] GC(79) - age   2:     726584 bytes,     856368 total
[2020-09-11T16:29:38.088+0000][1][gc,age       ] GC(79) - age   3:      31344 bytes,     887712 total
[2020-09-11T16:29:38.088+0000][1][gc,age       ] GC(79) - age   4:    2414648 bytes,    3302360 total
[2020-09-11T16:29:38.088+0000][1][gc,age       ] GC(79) - age   5:     242744 bytes,    3545104 total
[2020-09-11T16:29:38.088+0000][1][gc,age       ] GC(79) - age   6:     447832 bytes,    3992936 total
[2020-09-11T16:29:38.088+0000][1][gc,heap      ] GC(79) ParNew: 75693K->5161K(76672K)
[2020-09-11T16:29:38.088+0000][1][gc,heap      ] GC(79) CMS: 72298K->72857K(439104K)
[2020-09-11T16:29:38.088+0000][1][gc,metaspace ] GC(79) Metaspace: 89729K->89729K(1132544K)
[2020-09-11T16:29:38.088+0000][1][gc           ] GC(79) Pause Young (Allocation Failure) 144M->76M(503M) 13.715ms
[2020-09-11T16:29:38.088+0000][1][gc,cpu       ] GC(79) User=0.01s Sys=0.00s Real=0.01s
[2020-09-11T16:29:38.090+0000][1][safepoint    ] Safepoint "GenCollectForAllocation", Time since last: 942917773 ns, Reaching safepoint: 179351 ns, At safepoint: 15616579 ns, Total: 15795930 ns
[2020-09-11T16:29:39.092+0000][1][safepoint    ] Safepoint "Cleanup", Time since last: 1001512064 ns, Reaching safepoint: 158751 ns, At safepoint: 49510 ns, Total: 208261 ns
[2020-09-11T16:29:40.092+0000][1][safepoint    ] Safepoint "Cleanup", Time since last: 1000216989 ns, Reaching safepoint: 125121 ns, At safepoint: 9007 ns, Total: 134128 ns
[2020-09-11T16:29:41.093+0000][1][safepoint    ] Safepoint "Cleanup", Time since last: 1000174221 ns, Reaching safepoint: 191486 ns, At safepoint: 19231 ns, Total: 210717 ns
[2020-09-11T16:29:42.093+0000][1][safepoint    ] Safepoint "Cleanup", Time since last: 1000314344 ns, Reaching safepoint: 94097 ns, At safepoint: 8069 ns, Total: 102166 ns
[2020-09-11T16:29:42.934+0000][1][safepoint    ] Safepoint "RevokeBias", Time since last: 840385149 ns, Reaching safepoint: 189094 ns, At safepoint: 38405 ns, Total: 227499 ns
[2020-09-11T16:29:42.934+0000][1][safepoint    ] Safepoint "RevokeBias", Time since last: 64673 ns, Reaching safepoint: 122959 ns, At safepoint: 14523 ns, Total: 137482 ns
[2020-09-11T16:29:42.936+0000][1][safepoint    ] Safepoint "RevokeBias", Time since last: 1016050 ns, Reaching safepoint: 834509 ns, At safepoint: 18912 ns, Total: 853421 ns
[2020-09-11T16:29:42.939+0000][1][safepoint    ] Safepoint "RevokeBias", Time since last: 1684922 ns, Reaching safepoint: 1626747 ns, At safepoint: 21926 ns, Total: 1648673 ns
[2020-09-11T16:29:43.939+0000][1][safepoint    ] Safepoint "Cleanup", Time since last: 1000135242 ns, Reaching safepoint: 201463 ns, At safepoint: 20122 ns, Total: 221585 ns
[2020-09-11T16:29:44.940+0000][1][safepoint    ] Safepoint "Cleanup", Time since last: 1000188479 ns, Reaching safepoint: 131200 ns, At safepoint: 8046 ns, Total: 139246 ns
[2020-09-11T16:29:45.169+0000][1][safepoint    ] Safepoint "RevokeBias", Time since last: 229249071 ns, Reaching safepoint: 108303 ns, At safepoint: 22273 ns, Total: 130576 ns
[2020-09-11T16:29:46.169+0000][1][safepoint    ] Safepoint "Cleanup", Time since last: 1000136947 ns, Reaching safepoint: 144036 ns, At safepoint: 7504 ns, Total: 151540 ns
[2020-09-11T16:29:47.170+0000][1][safepoint    ] Safepoint "Cleanup", Time since last: 1000177314 ns, Reaching safepoint: 190414 ns, At safepoint: 19812 ns, Total: 210226 ns
[2020-09-11T16:29:48.170+0000][1][safepoint    ] Safepoint "Cleanup", Time since last: 1000216703 ns, Reaching safepoint: 167487 ns, At safepoint: 19559 ns, Total: 187046 ns
[2020-09-11T16:29:49.170+0000][1][safepoint    ] Safepoint "Cleanup", Time since last: 1000153812 ns, Reaching safepoint: 81578 ns, At safepoint: 6301 ns, Total: 87879 ns
[2020-09-11T16:29:50.171+0000][1][safepoint    ] Safepoint "Cleanup", Time since last: 1000169934 ns, Reaching safepoint: 162008 ns, At safepoint: 16939 ns, Total: 178947 ns
[2020-09-11T16:29:51.176+0000][1][safepoint    ] Safepoint "Cleanup", Time since last: 1005529069 ns, Reaching safepoint: 106535 ns, At safepoint: 7688 ns, Total: 114223 ns
[2020-09-11T16:29:52.177+0000][1][safepoint    ] Safepoint "Cleanup", Time since last: 1000176209 ns, Reaching safepoint: 126221 ns, At safepoint: 7385 ns, Total: 133606 ns
[2020-09-11T16:29:53.177+0000][1][safepoint    ] Safepoint "Cleanup", Time since last: 1000243001 ns, Reaching safepoint: 166960 ns, At safepoint: 17738 ns, Total: 184698 ns
[2020-09-11T16:29:54.177+0000][1][safepoint    ] Safepoint "Cleanup", Time since last: 1000185885 ns, Reaching safepoint: 135601 ns, At safepoint: 7684 ns, Total: 143285 ns
[2020-09-11T16:29:55.121+0000][1][safepoint    ] Safepoint "RevokeBias", Time since last: 943652479 ns, Reaching safepoint: 137154 ns, At safepoint: 31807 ns, Total: 168961 ns
[2020-09-11T16:29:56.122+0000][1][safepoint    ] Safepoint "Cleanup", Time since last: 1000187782 ns, Reaching safepoint: 120531 ns, At safepoint: 7310 ns, Total: 127841 ns
[2020-09-11T16:29:57.122+0000][1][safepoint    ] Safepoint "Cleanup", Time since last: 1000181886 ns, Reaching safepoint: 170939 ns, At safepoint: 17684 ns, Total: 188623 ns
[2020-09-11T16:29:58.122+0000][1][safepoint    ] Safepoint "Cleanup", Time since last: 1000221678 ns, Reaching safepoint: 166613 ns, At safepoint: 17410 ns, Total: 184023 ns
[2020-09-11T16:29:59.123+0000][1][safepoint    ] Safepoint "Cleanup", Time since last: 1000218207 ns, Reaching safepoint: 164334 ns, At safepoint: 18285 ns, Total: 182619 ns
[2020-09-11T16:30:00.123+0000][1][safepoint    ] Safepoint "Cleanup", Time since last: 1000235238 ns, Reaching safepoint: 114943 ns, At safepoint: 7916 ns, Total: 122859 ns
[2020-09-11T16:30:01.129+0000][1][safepoint    ] Safepoint "Cleanup", Time since last: 1005454312 ns, Reaching safepoint: 114782 ns, At safepoint: 7560 ns, Total: 122342 ns
[2020-09-11T16:30:02.129+0000][1][safepoint    ] Safepoint "Cleanup", Time since last: 1000198317 ns, Reaching safepoint: 100264 ns, At safepoint: 8456 ns, Total: 108720 ns
[2020-09-11T16:30:03.129+0000][1][safepoint    ] Safepoint "Cleanup", Time since last: 1000158132 ns, Reaching safepoint: 154874 ns, At safepoint: 10552 ns, Total: 165426 ns
[2020-09-11T16:30:04.130+0000][1][safepoint    ] Safepoint "Cleanup", Time since last: 1000177841 ns, Reaching safepoint: 131671 ns, At safepoint: 7704 ns, Total: 139375 ns
[2020-09-11T16:30:04.198+0000][1][gc,start     ] GC(80) Pause Young (Allocation Failure)
[2020-09-11T16:30:04.198+0000][1][gc,task      ] GC(80) Using 1 workers of 1 for evacuation
[2020-09-11T16:30:04.207+0000][1][gc,age       ] GC(80) Desired survivor size 4358144 bytes, new threshold 6 (max threshold 6)
[2020-09-11T16:30:04.207+0000][1][gc,age       ] GC(80) Age table with threshold 6 (max threshold 6)
[2020-09-11T16:30:04.207+0000][1][gc,age       ] GC(80) - age   1:      52008 bytes,      52008 total
[2020-09-11T16:30:04.207+0000][1][gc,age       ] GC(80) - age   2:      16352 bytes,      68360 total
[2020-09-11T16:30:04.207+0000][1][gc,age       ] GC(80) - age   3:     721272 bytes,     789632 total
[2020-09-11T16:30:04.207+0000][1][gc,age       ] GC(80) - age   4:      31344 bytes,     820976 total
[2020-09-11T16:30:04.207+0000][1][gc,age       ] GC(80) - age   5:    2414648 bytes,    3235624 total
[2020-09-11T16:30:04.208+0000][1][gc,age       ] GC(80) - age   6:     242744 bytes,    3478368 total
[2020-09-11T16:30:04.208+0000][1][gc,heap      ] GC(80) ParNew: 73321K->3569K(76672K)
[2020-09-11T16:30:04.208+0000][1][gc,heap      ] GC(80) CMS: 72857K->73316K(439104K)
[2020-09-11T16:30:04.208+0000][1][gc,metaspace ] GC(80) Metaspace: 89929K->89929K(1132544K)
[2020-09-11T16:30:04.208+0000][1][gc           ] GC(80) Pause Young (Allocation Failure) 142M->75M(503M) 9.581ms
[2020-09-11T16:30:04.208+0000][1][gc,cpu       ] GC(80) User=0.01s Sys=0.00s Real=0.01s
[2020-09-11T16:30:04.208+0000][1][safepoint    ] Safepoint "GenCollectForAllocation", Time since last: 68109857 ns, Reaching safepoint: 209242 ns, At safepoint: 9657369 ns, Total: 9866611 ns
[2020-09-11T16:30:05.099+0000][1][safepoint    ] Safepoint "RevokeBias", Time since last: 891041191 ns, Reaching safepoint: 223265 ns, At safepoint: 33782 ns, Total: 257047 ns
[2020-09-11T16:30:06.099+0000][1][safepoint    ] Safepoint "Cleanup", Time since last: 1000186076 ns, Reaching safepoint: 182452 ns, At safepoint: 18299 ns, Total: 200751 ns
[2020-09-11T16:30:07.100+0000][1][safepoint    ] Safepoint "Cleanup", Time since last: 1000161568 ns, Reaching safepoint: 89777 ns, At safepoint: 7006 ns, Total: 96783 ns
[2020-09-11T16:30:08.100+0000][1][safepoint    ] Safepoint "Cleanup", Time since last: 1000119207 ns, Reaching safepoint: 84085 ns, At safepoint: 7147 ns, Total: 91232 ns
[2020-09-11T16:30:09.100+0000][1][safepoint    ] Safepoint "Cleanup", Time since last: 1000163591 ns, Reaching safepoint: 169733 ns, At safepoint: 19572 ns, Total: 189305 ns
[2020-09-11T16:30:10.101+0000][1][safepoint    ] Safepoint "Cleanup", Time since last: 1000252999 ns, Reaching safepoint: 156368 ns, At safepoint: 17110 ns, Total: 173478 ns
[2020-09-11T16:30:11.103+0000][1][safepoint    ] Safepoint "Cleanup", Time since last: 1002585354 ns, Reaching safepoint: 189492 ns, At safepoint: 19765 ns, Total: 209257 ns
[2020-09-11T16:30:12.104+0000][1][safepoint    ] Safepoint "Cleanup", Time since last: 1000201256 ns, Reaching safepoint: 129442 ns, At safepoint: 7485 ns, Total: 136927 ns
[2020-09-11T16:30:13.104+0000][1][safepoint    ] Safepoint "Cleanup", Time since last: 1000141088 ns, Reaching safepoint: 171160 ns, At safepoint: 18723 ns, Total: 189883 ns
[2020-09-11T16:30:14.104+0000][1][safepoint    ] Safepoint "Cleanup", Time since last: 1000218767 ns, Reaching safepoint: 194022 ns, At safepoint: 38013 ns, Total: 232035 ns
[2020-09-11T16:30:15.101+0000][1][safepoint    ] Safepoint "RevokeBias", Time since last: 996650831 ns, Reaching safepoint: 186183 ns, At safepoint: 22780 ns, Total: 208963 ns
[2020-09-11T16:30:16.102+0000][1][safepoint    ] Safepoint "Cleanup", Time since last: 1000168774 ns, Reaching safepoint: 172142 ns, At safepoint: 17613 ns, Total: 189755 ns
[2020-09-11T16:30:17.104+0000][1][safepoint    ] Safepoint "Cleanup", Time since last: 1001600558 ns, Reaching safepoint: 184490 ns, At safepoint: 17988 ns, Total: 202478 ns
[2020-09-11T16:30:18.104+0000][1][safepoint    ] Safepoint "Cleanup", Time since last: 1000213393 ns, Reaching safepoint: 123826 ns, At safepoint: 8381 ns, Total: 132207 ns
[2020-09-11T16:30:19.104+0000][1][safepoint    ] Safepoint "Cleanup", Time since last: 1000193344 ns, Reaching safepoint: 112215 ns, At safepoint: 7638 ns, Total: 119853 ns
[2020-09-11T16:30:20.105+0000][1][safepoint    ] Safepoint "Cleanup", Time since last: 1000183357 ns, Reaching safepoint: 204820 ns, At safepoint: 21149 ns, Total: 225969 ns
[2020-09-11T16:30:21.105+0000][1][safepoint    ] Safepoint "Cleanup", Time since last: 1000247957 ns, Reaching safepoint: 190611 ns, At safepoint: 20651 ns, Total: 211262 ns
[2020-09-11T16:30:22.105+0000][1][safepoint    ] Safepoint "Cleanup", Time since last: 1000199542 ns, Reaching safepoint: 129748 ns, At safepoint: 8086 ns, Total: 137834 ns
[2020-09-11T16:30:23.106+0000][1][safepoint    ] Safepoint "Cleanup", Time since last: 1000177994 ns, Reaching safepoint: 122964 ns, At safepoint: 7577 ns, Total: 130541 ns
[2020-09-11T16:30:24.106+0000][1][safepoint    ] Safepoint "Cleanup", Time since last: 1000138412 ns, Reaching safepoint: 171487 ns, At safepoint: 18071 ns, Total: 189558 ns
[2020-09-11T16:30:25.106+0000][1][safepoint    ] Safepoint "Cleanup", Time since last: 1000156835 ns, Reaching safepoint: 110123 ns, At safepoint: 5964 ns, Total: 116087 ns
[2020-09-11T16:30:25.248+0000][1][safepoint    ] Safepoint "BulkRevokeBias", Time since last: 141102756 ns, Reaching safepoint: 91149 ns, At safepoint: 224258 ns, Total: 315407 ns
[2020-09-11T16:30:26.248+0000][1][safepoint    ] Safepoint "Cleanup", Time since last: 1000187353 ns, Reaching safepoint: 115708 ns, At safepoint: 9227 ns, Total: 124935 ns
[2020-09-11T16:30:27.248+0000][1][safepoint    ] Safepoint "Cleanup", Time since last: 1000195109 ns, Reaching safepoint: 160648 ns, At safepoint: 18119 ns, Total: 178767 ns
[2020-09-11T16:30:28.249+0000][1][safepoint    ] Safepoint "Cleanup", Time since last: 1000156176 ns, Reaching safepoint: 94583 ns, At safepoint: 7078 ns, Total: 101661 ns
[2020-09-11T16:30:29.249+0000][1][safepoint    ] Safepoint "Cleanup", Time since last: 1000141635 ns, Reaching safepoint: 141874 ns, At safepoint: 8990 ns, Total: 150864 ns
[2020-09-11T16:30:30.249+0000][1][safepoint    ] Safepoint "Cleanup", Time since last: 1000139847 ns, Reaching safepoint: 169689 ns, At safepoint: 18061 ns, Total: 187750 ns
[2020-09-11T16:30:31.256+0000][1][safepoint    ] Safepoint "Cleanup", Time since last: 1006844922 ns, Reaching safepoint: 207941 ns, At safepoint: 17587 ns, Total: 225528 ns
[2020-09-11T16:30:32.257+0000][1][safepoint    ] Safepoint "Cleanup", Time since last: 1000252517 ns, Reaching safepoint: 111851 ns, At safepoint: 6548 ns, Total: 118399 ns
[2020-09-11T16:30:33.257+0000][1][safepoint    ] Safepoint "Cleanup", Time since last: 1000281572 ns, Reaching safepoint: 167918 ns, At safepoint: 17891 ns, Total: 185809 ns
[2020-09-11T16:30:34.258+0000][1][safepoint    ] Safepoint "Cleanup", Time since last: 1000188401 ns, Reaching safepoint: 171154 ns, At safepoint: 8541 ns, Total: 179695 ns
[2020-09-11T16:30:34.280+0000][1][gc,start     ] GC(81) Pause Young (Allocation Failure)
[2020-09-11T16:30:34.280+0000][1][gc,task      ] GC(81) Using 1 workers of 1 for evacuation
[2020-09-11T16:30:34.288+0000][1][gc,age       ] GC(81) Desired survivor size 4358144 bytes, new threshold 6 (max threshold 6)
[2020-09-11T16:30:34.288+0000][1][gc,age       ] GC(81) Age table with threshold 6 (max threshold 6)
[2020-09-11T16:30:34.288+0000][1][gc,age       ] GC(81) - age   1:      66136 bytes,      66136 total
[2020-09-11T16:30:34.288+0000][1][gc,age       ] GC(81) - age   2:      10736 bytes,      76872 total
[2020-09-11T16:30:34.288+0000][1][gc,age       ] GC(81) - age   3:       8352 bytes,      85224 total
[2020-09-11T16:30:34.288+0000][1][gc,age       ] GC(81) - age   4:     721272 bytes,     806496 total
[2020-09-11T16:30:34.288+0000][1][gc,age       ] GC(81) - age   5:      31344 bytes,     837840 total
[2020-09-11T16:30:34.288+0000][1][gc,age       ] GC(81) - age   6:    2412648 bytes,    3250488 total
[2020-09-11T16:30:34.288+0000][1][gc,heap      ] GC(81) ParNew: 71729K->3440K(76672K)
[2020-09-11T16:30:34.288+0000][1][gc,heap      ] GC(81) CMS: 73316K->73555K(439104K)
[2020-09-11T16:30:34.288+0000][1][gc,metaspace ] GC(81) Metaspace: 90055K->90055K(1132544K)
[2020-09-11T16:30:34.288+0000][1][gc           ] GC(81) Pause Young (Allocation Failure) 141M->75M(503M) 8.738ms
[2020-09-11T16:30:34.288+0000][1][gc,cpu       ] GC(81) User=0.01s Sys=0.00s Real=0.01s
[2020-09-11T16:30:34.288+0000][1][safepoint    ] Safepoint "GenCollectForAllocation", Time since last: 21786249 ns, Reaching safepoint: 195629 ns, At safepoint: 8823982 ns, Total: 9019611 ns
[2020-09-11T16:30:35.116+0000][1][safepoint    ] Safepoint "RevokeBias", Time since last: 827482819 ns, Reaching safepoint: 101681 ns, At safepoint: 21875 ns, Total: 123556 ns
[2020-09-11T16:30:36.116+0000][1][safepoint    ] Safepoint "Cleanup", Time since last: 1000133485 ns, Reaching safepoint: 171427 ns, At safepoint: 16087 ns, Total: 187514 ns
[2020-09-11T16:30:37.117+0000][1][safepoint    ] Safepoint "Cleanup", Time since last: 1000236300 ns, Reaching safepoint: 168143 ns, At safepoint: 18432 ns, Total: 186575 ns
[2020-09-11T16:30:38.117+0000][1][safepoint    ] Safepoint "Cleanup", Time since last: 1000263542 ns, Reaching safepoint: 127627 ns, At safepoint: 8898 ns, Total: 136525 ns
[2020-09-11T16:30:39.118+0000][1][safepoint    ] Safepoint "Cleanup", Time since last: 1000286804 ns, Reaching safepoint: 154999 ns, At safepoint: 18459 ns, Total: 173458 ns
[2020-09-11T16:30:40.118+0000][1][safepoint    ] Safepoint "Cleanup", Time since last: 1000179724 ns, Reaching safepoint: 171758 ns, At safepoint: 18389 ns, Total: 190147 ns
[2020-09-11T16:30:41.118+0000][1][safepoint    ] Safepoint "Cleanup", Time since last: 1000214342 ns, Reaching safepoint: 114750 ns, At safepoint: 8218 ns, Total: 122968 ns
[2020-09-11T16:30:42.119+0000][1][safepoint    ] Safepoint "Cleanup", Time since last: 1000188611 ns, Reaching safepoint: 108776 ns, At safepoint: 7444 ns, Total: 116220 ns
[2020-09-11T16:30:43.119+0000][1][safepoint    ] Safepoint "Cleanup", Time since last: 1000200293 ns, Reaching safepoint: 115111 ns, At safepoint: 7577 ns, Total: 122688 ns
[2020-09-11T16:30:44.119+0000][1][safepoint    ] Safepoint "Cleanup", Time since last: 1000183305 ns, Reaching safepoint: 129428 ns, At safepoint: 9517 ns, Total: 138945 ns
[2020-09-11T16:30:45.115+0000][1][safepoint    ] Safepoint "RevokeBias", Time since last: 995154835 ns, Reaching safepoint: 231847 ns, At safepoint: 24638 ns, Total: 256485 ns
[2020-09-11T16:30:46.115+0000][1][safepoint    ] Safepoint "Cleanup", Time since last: 1000132589 ns, Reaching safepoint: 149192 ns, At safepoint: 15322 ns, Total: 164514 ns
[2020-09-11T16:30:47.115+0000][1][safepoint    ] Safepoint "Cleanup", Time since last: 1000181278 ns, Reaching safepoint: 177117 ns, At safepoint: 15515 ns, Total: 192632 ns
[2020-09-11T16:30:48.116+0000][1][safepoint    ] Safepoint "Cleanup", Time since last: 1000173072 ns, Reaching safepoint: 149305 ns, At safepoint: 16361 ns, Total: 165666 ns
[2020-09-11T16:30:49.116+0000][1][safepoint    ] Safepoint "Cleanup", Time since last: 1000217677 ns, Reaching safepoint: 163282 ns, At safepoint: 18098 ns, Total: 181380 ns
[2020-09-11T16:30:50.116+0000][1][safepoint    ] Safepoint "Cleanup", Time since last: 1000215158 ns, Reaching safepoint: 158895 ns, At safepoint: 19959 ns, Total: 178854 ns
[2020-09-11T16:30:51.123+0000][1][safepoint    ] Safepoint "Cleanup", Time since last: 1005908570 ns, Reaching safepoint: 238587 ns, At safepoint: 20521 ns, Total: 259108 ns
[2020-09-11T16:30:52.123+0000][1][safepoint    ] Safepoint "Cleanup", Time since last: 1000609124 ns, Reaching safepoint: 163843 ns, At safepoint: 18649 ns, Total: 182492 ns
[2020-09-11T16:30:53.124+0000][1][safepoint    ] Safepoint "Cleanup", Time since last: 1000225343 ns, Reaching safepoint: 166054 ns, At safepoint: 17497 ns, Total: 183551 ns
[2020-09-11T16:30:54.124+0000][1][safepoint    ] Safepoint "Cleanup", Time since last: 1000463285 ns, Reaching safepoint: 170628 ns, At safepoint: 18753 ns, Total: 189381 ns
[2020-09-11T16:30:55.125+0000][1][safepoint    ] Safepoint "Cleanup", Time since last: 1000222692 ns, Reaching safepoint: 245173 ns, At safepoint: 18663 ns, Total: 263836 ns
[2020-09-11T16:30:55.166+0000][1][safepoint    ] Safepoint "RevokeBias", Time since last: 40639886 ns, Reaching safepoint: 313615 ns, At safepoint: 21995 ns, Total: 335610 ns
[2020-09-11T16:30:59.167+0000][1][safepoint    ] Safepoint "Cleanup", Time since last: 4000598237 ns, Reaching safepoint: 180140 ns, At safepoint: 19942 ns, Total: 200082 ns
[2020-09-11T16:31:00.167+0000][1][safepoint    ] Safepoint "Cleanup", Time since last: 1000235837 ns, Reaching safepoint: 166559 ns, At safepoint: 18997 ns, Total: 185556 ns
[2020-09-11T16:31:03.173+0000][1][safepoint    ] Safepoint "Cleanup", Time since last: 3006020654 ns, Reaching safepoint: 144834 ns, At safepoint: 7163 ns, Total: 151997 ns
[2020-09-11T16:31:04.174+0000][1][safepoint    ] Safepoint "Cleanup", Time since last: 1000179384 ns, Reaching safepoint: 180030 ns, At safepoint: 16832 ns, Total: 196862 ns
[2020-09-11T16:31:05.109+0000][1][safepoint    ] Safepoint "RevokeBias", Time since last: 935596936 ns, Reaching safepoint: 176963 ns, At safepoint: 22876 ns, Total: 199839 ns
[2020-09-11T16:31:08.110+0000][1][safepoint    ] Safepoint "Cleanup", Time since last: 3000519694 ns, Reaching safepoint: 92357 ns, At safepoint: 8092 ns, Total: 100449 ns
[2020-09-11T16:31:10.680+0000][1][gc,start     ] GC(82) Pause Young (Allocation Failure)
[2020-09-11T16:31:10.685+0000][1][gc,task      ] GC(82) Using 1 workers of 1 for evacuation
[2020-09-11T16:31:10.700+0000][1][gc,age       ] GC(82) Desired survivor size 4358144 bytes, new threshold 6 (max threshold 6)
[2020-09-11T16:31:10.700+0000][1][gc,age       ] GC(82) Age table with threshold 6 (max threshold 6)
[2020-09-11T16:31:10.700+0000][1][gc,age       ] GC(82) - age   1:      75560 bytes,      75560 total
[2020-09-11T16:31:10.700+0000][1][gc,age       ] GC(82) - age   2:      19360 bytes,      94920 total
[2020-09-11T16:31:10.700+0000][1][gc,age       ] GC(82) - age   3:       4536 bytes,      99456 total
[2020-09-11T16:31:10.700+0000][1][gc,age       ] GC(82) - age   4:       8352 bytes,     107808 total
[2020-09-11T16:31:10.700+0000][1][gc,age       ] GC(82) - age   5:     721272 bytes,     829080 total
[2020-09-11T16:31:10.700+0000][1][gc,age       ] GC(82) - age   6:      31032 bytes,     860112 total
[2020-09-11T16:31:10.700+0000][1][gc,heap      ] GC(82) ParNew: 71600K->3240K(76672K)
[2020-09-11T16:31:10.700+0000][1][gc,heap      ] GC(82) CMS: 73555K->75914K(439104K)
[2020-09-11T16:31:10.700+0000][1][gc,metaspace ] GC(82) Metaspace: 90240K->90240K(1132544K)
[2020-09-11T16:31:10.700+0000][1][gc           ] GC(82) Pause Young (Allocation Failure) 141M->77M(503M) 20.074ms
[2020-09-11T16:31:10.700+0000][1][gc,cpu       ] GC(82) User=0.02s Sys=0.00s Real=0.02s
[2020-09-11T16:31:10.700+0000][1][safepoint    ] Safepoint "GenCollectForAllocation", Time since last: 2569194114 ns, Reaching safepoint: 294980 ns, At safepoint: 20166348 ns, Total: 20461328 ns
[2020-09-11T16:31:11.705+0000][1][safepoint    ] Safepoint "Cleanup", Time since last: 1005500838 ns, Reaching safepoint: 171972 ns, At safepoint: 19899 ns, Total: 191871 ns
[2020-09-11T16:31:12.706+0000][1][safepoint    ] Safepoint "Cleanup", Time since last: 1000189169 ns, Reaching safepoint: 165460 ns, At safepoint: 15105 ns, Total: 180565 ns
[2020-09-11T16:31:15.100+0000][1][safepoint    ] Safepoint "RevokeBias", Time since last: 2394438576 ns, Reaching safepoint: 103313 ns, At safepoint: 21959 ns, Total: 125272 ns
[2020-09-11T16:31:16.101+0000][1][safepoint    ] Safepoint "Cleanup", Time since last: 1000163438 ns, Reaching safepoint: 131639 ns, At safepoint: 8613 ns, Total: 140252 ns
[2020-09-11T16:31:17.101+0000][1][safepoint    ] Safepoint "Cleanup", Time since last: 1000196559 ns, Reaching safepoint: 173321 ns, At safepoint: 18760 ns, Total: 192081 ns
[2020-09-11T16:31:21.102+0000][1][safepoint    ] Safepoint "Cleanup", Time since last: 4000549477 ns, Reaching safepoint: 136382 ns, At safepoint: 7917 ns, Total: 144299 ns
[2020-09-11T16:31:22.102+0000][1][safepoint    ] Safepoint "Cleanup", Time since last: 1000200739 ns, Reaching safepoint: 142020 ns, At safepoint: 8137 ns, Total: 150157 ns
[2020-09-11T16:31:23.102+0000][1][safepoint    ] Safepoint "Cleanup", Time since last: 1000150545 ns, Reaching safepoint: 182960 ns, At safepoint: 19395 ns, Total: 202355 ns
[2020-09-11T16:31:24.103+0000][1][safepoint    ] Safepoint "Cleanup", Time since last: 1000193425 ns, Reaching safepoint: 141029 ns, At safepoint: 8513 ns, Total: 149542 ns
[2020-09-11T16:31:25.103+0000][1][safepoint    ] Safepoint "Cleanup", Time since last: 1000196505 ns, Reaching safepoint: 171350 ns, At safepoint: 12093 ns, Total: 183443 ns
[2020-09-11T16:31:25.128+0000][1][safepoint    ] Safepoint "RevokeBias", Time since last: 24721268 ns, Reaching safepoint: 170756 ns, At safepoint: 22895 ns, Total: 193651 ns
[2020-09-11T16:31:27.128+0000][1][safepoint    ] Safepoint "Cleanup", Time since last: 2000257499 ns, Reaching safepoint: 130948 ns, At safepoint: 6702 ns, Total: 137650 ns
[2020-09-11T16:31:29.129+0000][1][safepoint    ] Safepoint "Cleanup", Time since last: 2000298690 ns, Reaching safepoint: 177040 ns, At safepoint: 19351 ns, Total: 196391 ns
[2020-09-11T16:31:30.129+0000][1][safepoint    ] Safepoint "Cleanup", Time since last: 1000206496 ns, Reaching safepoint: 121221 ns, At safepoint: 8518 ns, Total: 129739 ns
[2020-09-11T16:31:31.135+0000][1][safepoint    ] Safepoint "Cleanup", Time since last: 1005513161 ns, Reaching safepoint: 116577 ns, At safepoint: 8662 ns, Total: 125239 ns
[2020-09-11T16:31:32.135+0000][1][safepoint    ] Safepoint "Cleanup", Time since last: 1000180106 ns, Reaching safepoint: 120435 ns, At safepoint: 8219 ns, Total: 128654 ns
[2020-09-11T16:31:35.099+0000][1][safepoint    ] Safepoint "RevokeBias", Time since last: 2963153277 ns, Reaching safepoint: 95556 ns, At safepoint: 22141 ns, Total: 117697 ns
[2020-09-11T16:31:38.099+0000][1][safepoint    ] Safepoint "Cleanup", Time since last: 3000482901 ns, Reaching safepoint: 128518 ns, At safepoint: 8109 ns, Total: 136627 ns
[2020-09-11T16:31:38.188+0000][1][gc,start     ] GC(83) Pause Young (Allocation Failure)
[2020-09-11T16:31:38.188+0000][1][gc,task      ] GC(83) Using 1 workers of 1 for evacuation
[2020-09-11T16:31:38.200+0000][1][gc,age       ] GC(83) Desired survivor size 4358144 bytes, new threshold 6 (max threshold 6)
[2020-09-11T16:31:38.200+0000][1][gc,age       ] GC(83) Age table with threshold 6 (max threshold 6)
[2020-09-11T16:31:38.200+0000][1][gc,age       ] GC(83) - age   1:      84800 bytes,      84800 total
[2020-09-11T16:31:38.200+0000][1][gc,age       ] GC(83) - age   2:       9360 bytes,      94160 total
[2020-09-11T16:31:38.200+0000][1][gc,age       ] GC(83) - age   3:      14088 bytes,     108248 total
[2020-09-11T16:31:38.200+0000][1][gc,age       ] GC(83) - age   4:       4536 bytes,     112784 total
[2020-09-11T16:31:38.200+0000][1][gc,age       ] GC(83) - age   5:       8352 bytes,     121136 total
[2020-09-11T16:31:38.200+0000][1][gc,age       ] GC(83) - age   6:     721272 bytes,     842408 total
[2020-09-11T16:31:38.200+0000][1][gc,heap      ] GC(83) ParNew: 71400K->1020K(76672K)
[2020-09-11T16:31:38.200+0000][1][gc,heap      ] GC(83) CMS: 75914K->75944K(439104K)
[2020-09-11T16:31:38.200+0000][1][gc,metaspace ] GC(83) Metaspace: 90292K->90292K(1132544K)
[2020-09-11T16:31:38.200+0000][1][gc           ] GC(83) Pause Young (Allocation Failure) 143M->75M(503M) 11.412ms
[2020-09-11T16:31:38.200+0000][1][gc,cpu       ] GC(83) User=0.01s Sys=0.00s Real=0.01s
[2020-09-11T16:31:38.209+0000][1][safepoint    ] Safepoint "GenCollectForAllocation", Time since last: 84424568 ns, Reaching safepoint: 4745037 ns, At safepoint: 20465718 ns, Total: 25210755 ns
[2020-09-11T16:31:40.217+0000][1][safepoint    ] Safepoint "Cleanup", Time since last: 2008298957 ns, Reaching safepoint: 136991 ns, At safepoint: 6232 ns, Total: 143223 ns
[2020-09-11T16:31:41.255+0000][1][safepoint    ] Safepoint "Cleanup", Time since last: 1037649987 ns, Reaching safepoint: 120684 ns, At safepoint: 8638 ns, Total: 129322 ns
[2020-09-11T16:31:43.255+0000][1][safepoint    ] Safepoint "Cleanup", Time since last: 2000310113 ns, Reaching safepoint: 118817 ns, At safepoint: 8204 ns, Total: 127021 ns
[2020-09-11T16:31:44.256+0000][1][safepoint    ] Safepoint "Cleanup", Time since last: 1000125448 ns, Reaching safepoint: 89623 ns, At safepoint: 7942 ns, Total: 97565 ns
[2020-09-11T16:31:45.143+0000][1][safepoint    ] Safepoint "RevokeBias", Time since last: 886655011 ns, Reaching safepoint: 212075 ns, At safepoint: 21666 ns, Total: 233741 ns
[2020-09-11T16:31:46.143+0000][1][safepoint    ] Safepoint "Cleanup", Time since last: 1000174825 ns, Reaching safepoint: 160411 ns, At safepoint: 17875 ns, Total: 178286 ns
[2020-09-11T16:31:47.143+0000][1][safepoint    ] Safepoint "Cleanup", Time since last: 1000262955 ns, Reaching safepoint: 88736 ns, At safepoint: 6900 ns, Total: 95636 ns
[2020-09-11T16:31:50.144+0000][1][safepoint    ] Safepoint "Cleanup", Time since last: 3000418708 ns, Reaching safepoint: 90075 ns, At safepoint: 7904 ns, Total: 97979 ns
[2020-09-11T16:31:51.168+0000][1][safepoint    ] Safepoint "Cleanup", Time since last: 1023623194 ns, Reaching safepoint: 124455 ns, At safepoint: 7884 ns, Total: 132339 ns
[2020-09-11T16:31:52.168+0000][1][safepoint    ] Safepoint "Cleanup", Time since last: 1000195479 ns, Reaching safepoint: 158039 ns, At safepoint: 17972 ns, Total: 176011 ns
[2020-09-11T16:31:52.381+0000][1][safepoint    ] Safepoint "RevokeBias", Time since last: 212757502 ns, Reaching safepoint: 169223 ns, At safepoint: 44957 ns, Total: 214180 ns
[2020-09-11T16:31:52.382+0000][1][safepoint    ] Safepoint "RevokeBias", Time since last: 405386 ns, Reaching safepoint: 169885 ns, At safepoint: 41563 ns, Total: 211448 ns
[2020-09-11T16:31:52.385+0000][1][safepoint    ] Safepoint "RevokeBias", Time since last: 3386834 ns, Reaching safepoint: 185230 ns, At safepoint: 51796 ns, Total: 237026 ns
[2020-09-11T16:31:52.388+0000][1][safepoint    ] Safepoint "RevokeBias", Time since last: 2702765 ns, Reaching safepoint: 239457 ns, At safepoint: 23991 ns, Total: 263448 ns
[2020-09-11T16:31:52.388+0000][1][safepoint    ] Safepoint "RevokeBias", Time since last: 197999 ns, Reaching safepoint: 168142 ns, At safepoint: 13135 ns, Total: 181277 ns
[2020-09-11T16:31:53.389+0000][1][safepoint    ] Safepoint "Cleanup", Time since last: 1000146156 ns, Reaching safepoint: 124619 ns, At safepoint: 8371 ns, Total: 132990 ns
[2020-09-11T16:31:54.389+0000][1][safepoint    ] Safepoint "Cleanup", Time since last: 1000180962 ns, Reaching safepoint: 110352 ns, At safepoint: 6636 ns, Total: 116988 ns
[2020-09-11T16:31:55.126+0000][1][safepoint    ] Safepoint "RevokeBias", Time since last: 736739169 ns, Reaching safepoint: 99145 ns, At safepoint: 22390 ns, Total: 121535 ns
[2020-09-11T16:31:56.126+0000][1][safepoint    ] Safepoint "Cleanup", Time since last: 1000179939 ns, Reaching safepoint: 167604 ns, At safepoint: 18563 ns, Total: 186167 ns
[2020-09-11T16:31:57.128+0000][1][safepoint    ] Safepoint "Cleanup", Time since last: 1002031712 ns, Reaching safepoint: 90912 ns, At safepoint: 6799 ns, Total: 97711 ns
[2020-09-11T16:31:58.129+0000][1][safepoint    ] Safepoint "Cleanup", Time since last: 1000178904 ns, Reaching safepoint: 189471 ns, At safepoint: 16518 ns, Total: 205989 ns
[2020-09-11T16:31:59.129+0000][1][safepoint    ] Safepoint "Cleanup", Time since last: 1000180230 ns, Reaching safepoint: 161026 ns, At safepoint: 17256 ns, Total: 178282 ns
[2020-09-11T16:32:00.129+0000][1][safepoint    ] Safepoint "Cleanup", Time since last: 1000185392 ns, Reaching safepoint: 133484 ns, At safepoint: 7528 ns, Total: 141012 ns
[2020-09-11T16:32:01.168+0000][1][safepoint    ] Safepoint "Cleanup", Time since last: 1038636277 ns, Reaching safepoint: 156936 ns, At safepoint: 17454 ns, Total: 174390 ns
[2020-09-11T16:32:02.169+0000][1][safepoint    ] Safepoint "Cleanup", Time since last: 1000263847 ns, Reaching safepoint: 113522 ns, At safepoint: 7202 ns, Total: 120724 ns
[2020-09-11T16:32:02.392+0000][1][safepoint    ] Safepoint "RevokeBias", Time since last: 223532448 ns, Reaching safepoint: 89180 ns, At safepoint: 19926 ns, Total: 109106 ns
[2020-09-11T16:32:02.393+0000][1][safepoint    ] Safepoint "RevokeBias", Time since last: 215639 ns, Reaching safepoint: 53297 ns, At safepoint: 12745 ns, Total: 66042 ns
[2020-09-11T16:32:03.393+0000][1][safepoint    ] Safepoint "Cleanup", Time since last: 1000170957 ns, Reaching safepoint: 97306 ns, At safepoint: 6682 ns, Total: 103988 ns
[2020-09-11T16:32:04.393+0000][1][safepoint    ] Safepoint "Cleanup", Time since last: 1000158219 ns, Reaching safepoint: 196828 ns, At safepoint: 19595 ns, Total: 216423 ns
[2020-09-11T16:32:04.413+0000][1][gc,start     ] GC(84) Pause Young (Allocation Failure)
[2020-09-11T16:32:04.413+0000][1][gc,task      ] GC(84) Using 1 workers of 1 for evacuation
[2020-09-11T16:32:04.424+0000][1][gc,age       ] GC(84) Desired survivor size 4358144 bytes, new threshold 6 (max threshold 6)
[2020-09-11T16:32:04.424+0000][1][gc,age       ] GC(84) Age table with threshold 6 (max threshold 6)
[2020-09-11T16:32:04.424+0000][1][gc,age       ] GC(84) - age   1:      82008 bytes,      82008 total
[2020-09-11T16:32:04.424+0000][1][gc,age       ] GC(84) - age   2:      23432 bytes,     105440 total
[2020-09-11T16:32:04.424+0000][1][gc,age       ] GC(84) - age   3:       3752 bytes,     109192 total
[2020-09-11T16:32:04.424+0000][1][gc,age       ] GC(84) - age   4:      14088 bytes,     123280 total
[2020-09-11T16:32:04.424+0000][1][gc,age       ] GC(84) - age   5:       4536 bytes,     127816 total
[2020-09-11T16:32:04.424+0000][1][gc,age       ] GC(84) - age   6:       8352 bytes,     136168 total
[2020-09-11T16:32:04.424+0000][1][gc,heap      ] GC(84) ParNew: 69180K->872K(76672K)
[2020-09-11T16:32:04.424+0000][1][gc,heap      ] GC(84) CMS: 75944K->76655K(439104K)
[2020-09-11T16:32:04.424+0000][1][gc,metaspace ] GC(84) Metaspace: 90441K->90441K(1132544K)
[2020-09-11T16:32:04.424+0000][1][gc           ] GC(84) Pause Young (Allocation Failure) 141M->75M(503M) 10.505ms
[2020-09-11T16:32:04.424+0000][1][gc,cpu       ] GC(84) User=0.01s Sys=0.00s Real=0.01s
[2020-09-11T16:32:04.424+0000][1][safepoint    ] Safepoint "GenCollectForAllocation", Time since last: 19689642 ns, Reaching safepoint: 269205 ns, At safepoint: 10587505 ns, Total: 10856710 ns
[2020-09-11T16:32:05.108+0000][1][safepoint    ] Safepoint "RevokeBias", Time since last: 683763937 ns, Reaching safepoint: 101367 ns, At safepoint: 26137 ns, Total: 127504 ns
[2020-09-11T16:32:06.109+0000][1][safepoint    ] Safepoint "Cleanup", Time since last: 1001366017 ns, Reaching safepoint: 239596 ns, At safepoint: 25973 ns, Total: 265569 ns
[2020-09-11T16:32:07.110+0000][1][safepoint    ] Safepoint "Cleanup", Time since last: 1000273702 ns, Reaching safepoint: 110281 ns, At safepoint: 7945 ns, Total: 118226 ns
[2020-09-11T16:32:08.110+0000][1][safepoint    ] Safepoint "Cleanup", Time since last: 1000190231 ns, Reaching safepoint: 195542 ns, At safepoint: 19695 ns, Total: 215237 ns
[2020-09-11T16:32:09.110+0000][1][safepoint    ] Safepoint "Cleanup", Time since last: 1000223853 ns, Reaching safepoint: 111193 ns, At safepoint: 7482 ns, Total: 118675 ns
[2020-09-11T16:32:10.111+0000][1][safepoint    ] Safepoint "Cleanup", Time since last: 1000184826 ns, Reaching safepoint: 166659 ns, At safepoint: 90618 ns, Total: 257277 ns
[2020-09-11T16:32:11.117+0000][1][safepoint    ] Safepoint "Cleanup", Time since last: 1005903852 ns, Reaching safepoint: 179282 ns, At safepoint: 18372 ns, Total: 197654 ns
[2020-09-11T16:32:12.117+0000][1][safepoint    ] Safepoint "Cleanup", Time since last: 1000233424 ns, Reaching safepoint: 111953 ns, At safepoint: 7779 ns, Total: 119732 ns
[2020-09-11T16:32:13.118+0000][1][safepoint    ] Safepoint "Cleanup", Time since last: 1000186721 ns, Reaching safepoint: 174924 ns, At safepoint: 17808 ns, Total: 192732 ns
[2020-09-11T16:32:14.118+0000][1][safepoint    ] Safepoint "Cleanup", Time since last: 1000187149 ns, Reaching safepoint: 175830 ns, At safepoint: 18228 ns, Total: 194058 ns
[2020-09-11T16:32:15.118+0000][1][safepoint    ] Safepoint "Cleanup", Time since last: 1000187228 ns, Reaching safepoint: 170436 ns, At safepoint: 8135 ns, Total: 178571 ns
[2020-09-11T16:32:15.153+0000][1][safepoint    ] Safepoint "RevokeBias", Time since last: 34465345 ns, Reaching safepoint: 92437 ns, At safepoint: 20538 ns, Total: 112975 ns
[2020-09-11T16:32:16.153+0000][1][safepoint    ] Safepoint "Cleanup", Time since last: 1000164388 ns, Reaching safepoint: 111281 ns, At safepoint: 9031 ns, Total: 120312 ns
[2020-09-11T16:32:17.154+0000][1][safepoint    ] Safepoint "Cleanup", Time since last: 1000199458 ns, Reaching safepoint: 115725 ns, At safepoint: 6959 ns, Total: 122684 ns
[2020-09-11T16:32:18.154+0000][1][safepoint    ] Safepoint "Cleanup", Time since last: 1000172139 ns, Reaching safepoint: 169446 ns, At safepoint: 19444 ns, Total: 188890 ns
[2020-09-11T16:32:19.154+0000][1][safepoint    ] Safepoint "Cleanup", Time since last: 1000191077 ns, Reaching safepoint: 83284 ns, At safepoint: 7603 ns, Total: 90887 ns
[2020-09-11T16:32:20.155+0000][1][safepoint    ] Safepoint "Cleanup", Time since last: 1000157712 ns, Reaching safepoint: 123041 ns, At safepoint: 7303 ns, Total: 130344 ns
[2020-09-11T16:32:21.160+0000][1][safepoint    ] Safepoint "Cleanup", Time since last: 1005366044 ns, Reaching safepoint: 154624 ns, At safepoint: 17798 ns, Total: 172422 ns
[2020-09-11T16:32:22.161+0000][1][safepoint    ] Safepoint "Cleanup", Time since last: 1000231322 ns, Reaching safepoint: 152493 ns, At safepoint: 17394 ns, Total: 169887 ns
[2020-09-11T16:32:23.161+0000][1][safepoint    ] Safepoint "Cleanup", Time since last: 1000150811 ns, Reaching safepoint: 108410 ns, At safepoint: 6426 ns, Total: 114836 ns
[2020-09-11T16:32:24.161+0000][1][safepoint    ] Safepoint "Cleanup", Time since last: 1000184322 ns, Reaching safepoint: 167665 ns, At safepoint: 18245 ns, Total: 185910 ns
[2020-09-11T16:32:25.120+0000][1][safepoint    ] Safepoint "RevokeBias", Time since last: 958531668 ns, Reaching safepoint: 169612 ns, At safepoint: 20298 ns, Total: 189910 ns
[2020-09-11T16:32:26.120+0000][1][safepoint    ] Safepoint "Cleanup", Time since last: 1000188083 ns, Reaching safepoint: 114292 ns, At safepoint: 8205 ns, Total: 122497 ns
[2020-09-11T16:32:27.120+0000][1][safepoint    ] Safepoint "Cleanup", Time since last: 1000118401 ns, Reaching safepoint: 87727 ns, At safepoint: 9696 ns, Total: 97423 ns
[2020-09-11T16:32:28.121+0000][1][safepoint    ] Safepoint "Cleanup", Time since last: 1000278564 ns, Reaching safepoint: 188830 ns, At safepoint: 16852 ns, Total: 205682 ns
[2020-09-11T16:32:29.121+0000][1][safepoint    ] Safepoint "Cleanup", Time since last: 1000230406 ns, Reaching safepoint: 157398 ns, At safepoint: 18178 ns, Total: 175576 ns
[2020-09-11T16:32:30.122+0000][1][safepoint    ] Safepoint "Cleanup", Time since last: 1000250353 ns, Reaching safepoint: 121225 ns, At safepoint: 8455 ns, Total: 129680 ns
[2020-09-11T16:32:31.171+0000][1][safepoint    ] Safepoint "Cleanup", Time since last: 1049200936 ns, Reaching safepoint: 87929 ns, At safepoint: 7022 ns, Total: 94951 ns
[2020-09-11T16:32:32.171+0000][1][safepoint    ] Safepoint "Cleanup", Time since last: 1000120884 ns, Reaching safepoint: 90752 ns, At safepoint: 7448 ns, Total: 98200 ns
[2020-09-11T16:32:33.172+0000][1][safepoint    ] Safepoint "Cleanup", Time since last: 1000188811 ns, Reaching safepoint: 155463 ns, At safepoint: 18292 ns, Total: 173755 ns
[2020-09-11T16:32:33.433+0000][1][gc,start     ] GC(85) Pause Young (Allocation Failure)
[2020-09-11T16:32:33.433+0000][1][gc,task      ] GC(85) Using 1 workers of 1 for evacuation
[2020-09-11T16:32:33.444+0000][1][gc,age       ] GC(85) Desired survivor size 4358144 bytes, new threshold 6 (max threshold 6)
[2020-09-11T16:32:33.444+0000][1][gc,age       ] GC(85) Age table with threshold 6 (max threshold 6)
[2020-09-11T16:32:33.444+0000][1][gc,age       ] GC(85) - age   1:     131168 bytes,     131168 total
[2020-09-11T16:32:33.444+0000][1][gc,age       ] GC(85) - age   2:      34528 bytes,     165696 total
[2020-09-11T16:32:33.444+0000][1][gc,age       ] GC(85) - age   3:      18528 bytes,     184224 total
[2020-09-11T16:32:33.444+0000][1][gc,age       ] GC(85) - age   4:       3656 bytes,     187880 total
[2020-09-11T16:32:33.444+0000][1][gc,age       ] GC(85) - age   5:      13776 bytes,     201656 total
[2020-09-11T16:32:33.444+0000][1][gc,age       ] GC(85) - age   6:       4536 bytes,     206192 total
[2020-09-11T16:32:33.444+0000][1][gc,heap      ] GC(85) ParNew: 69032K->242K(76672K)
[2020-09-11T16:32:33.444+0000][1][gc,heap      ] GC(85) CMS: 76655K->76663K(439104K)
[2020-09-11T16:32:33.444+0000][1][gc,metaspace ] GC(85) Metaspace: 90527K->90527K(1132544K)
[2020-09-11T16:32:33.444+0000][1][gc           ] GC(85) Pause Young (Allocation Failure) 142M->75M(503M) 10.735ms
[2020-09-11T16:32:33.444+0000][1][gc,cpu       ] GC(85) User=0.01s Sys=0.00s Real=0.01s
[2020-09-11T16:32:33.444+0000][1][safepoint    ] Safepoint "GenCollectForAllocation", Time since last: 257974556 ns, Reaching safepoint: 3422535 ns, At safepoint: 10891622 ns, Total: 14314157 ns
[2020-09-11T16:32:34.462+0000][1][safepoint    ] Safepoint "Cleanup", Time since last: 1018036219 ns, Reaching safepoint: 167247 ns, At safepoint: 17868 ns, Total: 185115 ns
[2020-09-11T16:32:35.109+0000][1][safepoint    ] Safepoint "RevokeBias", Time since last: 646940296 ns, Reaching safepoint: 97618 ns, At safepoint: 22155 ns, Total: 119773 ns
[2020-09-11T16:32:36.109+0000][1][safepoint    ] Safepoint "Cleanup", Time since last: 1000169985 ns, Reaching safepoint: 121271 ns, At safepoint: 7834 ns, Total: 129105 ns
[2020-09-11T16:32:37.110+0000][1][safepoint    ] Safepoint "Cleanup", Time since last: 1000186855 ns, Reaching safepoint: 118996 ns, At safepoint: 6825 ns, Total: 125821 ns
[2020-09-11T16:32:38.110+0000][1][safepoint    ] Safepoint "Cleanup", Time since last: 1000177204 ns, Reaching safepoint: 115916 ns, At safepoint: 7152 ns, Total: 123068 ns
[2020-09-11T16:32:39.110+0000][1][safepoint    ] Safepoint "Cleanup", Time since last: 1000185753 ns, Reaching safepoint: 161373 ns, At safepoint: 17317 ns, Total: 178690 ns
[2020-09-11T16:32:40.111+0000][1][safepoint    ] Safepoint "Cleanup", Time since last: 1000627099 ns, Reaching safepoint: 83803 ns, At safepoint: 6961 ns, Total: 90764 ns
[2020-09-11T16:32:41.117+0000][1][safepoint    ] Safepoint "Cleanup", Time since last: 1005623941 ns, Reaching safepoint: 105388 ns, At safepoint: 7754 ns, Total: 113142 ns
[2020-09-11T16:32:42.117+0000][1][safepoint    ] Safepoint "Cleanup", Time since last: 1000227263 ns, Reaching safepoint: 104268 ns, At safepoint: 7627 ns, Total: 111895 ns
[2020-09-11T16:32:43.118+0000][1][safepoint    ] Safepoint "Cleanup", Time since last: 1000185578 ns, Reaching safepoint: 171366 ns, At safepoint: 19101 ns, Total: 190467 ns
[2020-09-11T16:32:44.118+0000][1][safepoint    ] Safepoint "Cleanup", Time since last: 1000229019 ns, Reaching safepoint: 177254 ns, At safepoint: 20306 ns, Total: 197560 ns
[2020-09-11T16:32:45.121+0000][1][safepoint    ] Safepoint "Cleanup", Time since last: 1000161162 ns, Reaching safepoint: 2715827 ns, At safepoint: 11146 ns, Total: 2726973 ns
[2020-09-11T16:32:45.129+0000][1][safepoint    ] Safepoint "RevokeBias", Time since last: 8221255 ns, Reaching safepoint: 83753 ns, At safepoint: 23842 ns, Total: 107595 ns
[2020-09-11T16:32:46.129+0000][1][safepoint    ] Safepoint "Cleanup", Time since last: 1000112083 ns, Reaching safepoint: 82377 ns, At safepoint: 7247 ns, Total: 89624 ns
[2020-09-11T16:32:47.130+0000][1][safepoint    ] Safepoint "Cleanup", Time since last: 1000187715 ns, Reaching safepoint: 160716 ns, At safepoint: 18583 ns, Total: 179299 ns
[2020-09-11T16:32:48.130+0000][1][safepoint    ] Safepoint "Cleanup", Time since last: 1000203085 ns, Reaching safepoint: 98590 ns, At safepoint: 7826 ns, Total: 106416 ns
[2020-09-11T16:32:49.131+0000][1][safepoint    ] Safepoint "Cleanup", Time since last: 1000204132 ns, Reaching safepoint: 162533 ns, At safepoint: 18088 ns, Total: 180621 ns
[2020-09-11T16:32:50.131+0000][1][safepoint    ] Safepoint "Cleanup", Time since last: 1000236522 ns, Reaching safepoint: 110809 ns, At safepoint: 7551 ns, Total: 118360 ns
[2020-09-11T16:32:51.131+0000][1][safepoint    ] Safepoint "Cleanup", Time since last: 1000139889 ns, Reaching safepoint: 202422 ns, At safepoint: 19531 ns, Total: 221953 ns
[2020-09-11T16:32:52.131+0000][1][safepoint    ] Safepoint "Cleanup", Time since last: 1000173288 ns, Reaching safepoint: 85140 ns, At safepoint: 8837 ns, Total: 93977 ns
[2020-09-11T16:32:53.132+0000][1][safepoint    ] Safepoint "Cleanup", Time since last: 1000182405 ns, Reaching safepoint: 139737 ns, At safepoint: 7646 ns, Total: 147383 ns
[2020-09-11T16:32:54.226+0000][1][safepoint    ] Safepoint "Cleanup", Time since last: 1000142493 ns, Reaching safepoint: 93875139 ns, At safepoint: 21282 ns, Total: 93896421 ns
[2020-09-11T16:32:55.453+0000][1][safepoint    ] Safepoint "Cleanup", Time since last: 1016149493 ns, Reaching safepoint: 210762938 ns, At safepoint: 6346 ns, Total: 210769284 ns
[2020-09-11T16:32:55.462+0000][1][safepoint    ] Safepoint "RevokeBias", Time since last: 8617933 ns, Reaching safepoint: 176269 ns, At safepoint: 22795 ns, Total: 199064 ns
[2020-09-11T16:32:56.464+0000][1][safepoint    ] Safepoint "Cleanup", Time since last: 1002287760 ns, Reaching safepoint: 108635 ns, At safepoint: 7126 ns, Total: 115761 ns
[2020-09-11T16:32:57.464+0000][1][safepoint    ] Safepoint "Cleanup", Time since last: 1000114705 ns, Reaching safepoint: 83818 ns, At safepoint: 7460 ns, Total: 91278 ns
[2020-09-11T16:32:58.464+0000][1][safepoint    ] Safepoint "Cleanup", Time since last: 1000119199 ns, Reaching safepoint: 77671 ns, At safepoint: 7999 ns, Total: 85670 ns
[2020-09-11T16:32:59.465+0000][1][safepoint    ] Safepoint "Cleanup", Time since last: 1000106111 ns, Reaching safepoint: 960783 ns, At safepoint: 15520 ns, Total: 976303 ns
[2020-09-11T16:33:00.466+0000][1][safepoint    ] Safepoint "Cleanup", Time since last: 1000115232 ns, Reaching safepoint: 87431 ns, At safepoint: 9737 ns, Total: 97168 ns
[2020-09-11T16:33:01.466+0000][1][safepoint    ] Safepoint "Cleanup", Time since last: 1000113691 ns, Reaching safepoint: 88185 ns, At safepoint: 9772 ns, Total: 97957 ns
[2020-09-11T16:33:02.466+0000][1][safepoint    ] Safepoint "Cleanup", Time since last: 1000119727 ns, Reaching safepoint: 90632 ns, At safepoint: 10766 ns, Total: 101398 ns
[2020-09-11T16:33:03.466+0000][1][safepoint    ] Safepoint "Cleanup", Time since last: 1000113848 ns, Reaching safepoint: 80317 ns, At safepoint: 6369 ns, Total: 86686 ns
[2020-09-11T16:33:03.496+0000][1][gc,start     ] GC(86) Pause Young (Allocation Failure)
[2020-09-11T16:33:03.496+0000][1][gc,task      ] GC(86) Using 1 workers of 1 for evacuation
[2020-09-11T16:33:03.503+0000][1][gc,age       ] GC(86) Desired survivor size 4358144 bytes, new threshold 6 (max threshold 6)
[2020-09-11T16:33:03.503+0000][1][gc,age       ] GC(86) Age table with threshold 6 (max threshold 6)
[2020-09-11T16:33:03.503+0000][1][gc,age       ] GC(86) - age   1:      78192 bytes,      78192 total
[2020-09-11T16:33:03.503+0000][1][gc,age       ] GC(86) - age   2:      13440 bytes,      91632 total
[2020-09-11T16:33:03.503+0000][1][gc,age       ] GC(86) - age   3:      28208 bytes,     119840 total
[2020-09-11T16:33:03.503+0000][1][gc,age       ] GC(86) - age   4:      18528 bytes,     138368 total
[2020-09-11T16:33:03.503+0000][1][gc,age       ] GC(86) - age   5:       3344 bytes,     141712 total
[2020-09-11T16:33:03.503+0000][1][gc,age       ] GC(86) - age   6:      13776 bytes,     155488 total
[2020-09-11T16:33:03.503+0000][1][gc,heap      ] GC(86) ParNew: 68402K->211K(76672K)
[2020-09-11T16:33:03.503+0000][1][gc,heap      ] GC(86) CMS: 76663K->76667K(439104K)
[2020-09-11T16:33:03.503+0000][1][gc,metaspace ] GC(86) Metaspace: 90610K->90610K(1132544K)
[2020-09-11T16:33:03.503+0000][1][gc           ] GC(86) Pause Young (Allocation Failure) 141M->75M(503M) 7.004ms
[2020-09-11T16:33:03.503+0000][1][gc,cpu       ] GC(86) User=0.01s Sys=0.00s Real=0.01s
[2020-09-11T16:33:03.509+0000][1][safepoint    ] Safepoint "GenCollectForAllocation", Time since last: 23953796 ns, Reaching safepoint: 5804311 ns, At safepoint: 12463273 ns, Total: 18267584 ns
[2020-09-11T16:33:04.523+0000][1][safepoint    ] Safepoint "Cleanup", Time since last: 1014623898 ns, Reaching safepoint: 87799 ns, At safepoint: 8568 ns, Total: 96367 ns
[2020-09-11T16:33:05.148+0000][1][safepoint    ] Safepoint "RevokeBias", Time since last: 624933264 ns, Reaching safepoint: 86720 ns, At safepoint: 22165 ns, Total: 108885 ns
[2020-09-11T16:33:06.149+0000][1][safepoint    ] Safepoint "Cleanup", Time since last: 1000117720 ns, Reaching safepoint: 89725 ns, At safepoint: 9028 ns, Total: 98753 ns
[2020-09-11T16:33:07.149+0000][1][safepoint    ] Safepoint "Cleanup", Time since last: 1000117091 ns, Reaching safepoint: 83110 ns, At safepoint: 28997 ns, Total: 112107 ns
[2020-09-11T16:33:08.149+0000][1][safepoint    ] Safepoint "Cleanup", Time since last: 1000113422 ns, Reaching safepoint: 102869 ns, At safepoint: 9662 ns, Total: 112531 ns
[2020-09-11T16:33:09.149+0000][1][safepoint    ] Safepoint "Cleanup", Time since last: 1000111114 ns, Reaching safepoint: 82146 ns, At safepoint: 9282 ns, Total: 91428 ns
[2020-09-11T16:33:10.149+0000][1][safepoint    ] Safepoint "Cleanup", Time since last: 1000111746 ns, Reaching safepoint: 80841 ns, At safepoint: 8437 ns, Total: 89278 ns
[2020-09-11T16:33:11.155+0000][1][safepoint    ] Safepoint "Cleanup", Time since last: 1005542814 ns, Reaching safepoint: 88190 ns, At safepoint: 7070 ns, Total: 95260 ns
[2020-09-11T16:33:12.155+0000][1][safepoint    ] Safepoint "Cleanup", Time since last: 1000113699 ns, Reaching safepoint: 83365 ns, At safepoint: 8161 ns, Total: 91526 ns
[2020-09-11T16:33:13.155+0000][1][safepoint    ] Safepoint "Cleanup", Time since last: 1000115847 ns, Reaching safepoint: 80300 ns, At safepoint: 9104 ns, Total: 89404 ns
[2020-09-11T16:33:14.156+0000][1][safepoint    ] Safepoint "Cleanup", Time since last: 1000118416 ns, Reaching safepoint: 82555 ns, At safepoint: 7161 ns, Total: 89716 ns
[2020-09-11T16:33:15.123+0000][1][safepoint    ] Safepoint "RevokeBias", Time since last: 967728053 ns, Reaching safepoint: 99148 ns, At safepoint: 20823 ns, Total: 119971 ns
[2020-09-11T16:33:16.124+0000][1][safepoint    ] Safepoint "Cleanup", Time since last: 1000121745 ns, Reaching safepoint: 94033 ns, At safepoint: 9084 ns, Total: 103117 ns
[2020-09-11T16:33:17.124+0000][1][safepoint    ] Safepoint "Cleanup", Time since last: 1000114763 ns, Reaching safepoint: 82356 ns, At safepoint: 9489 ns, Total: 91845 ns
[2020-09-11T16:33:18.124+0000][1][safepoint    ] Safepoint "Cleanup", Time since last: 1000125757 ns, Reaching safepoint: 87517 ns, At safepoint: 7154 ns, Total: 94671 ns
[2020-09-11T16:33:19.124+0000][1][safepoint    ] Safepoint "Cleanup", Time since last: 1000121209 ns, Reaching safepoint: 94595 ns, At safepoint: 10159 ns, Total: 104754 ns
[2020-09-11T16:33:20.125+0000][1][safepoint    ] Safepoint "Cleanup", Time since last: 1000116745 ns, Reaching safepoint: 85118 ns, At safepoint: 9181 ns, Total: 94299 ns
[2020-09-11T16:33:21.130+0000][1][safepoint    ] Safepoint "Cleanup", Time since last: 1005418667 ns, Reaching safepoint: 99956 ns, At safepoint: 10059 ns, Total: 110015 ns
[2020-09-11T16:33:22.829+0000][1][safepoint    ] Safepoint "Cleanup", Time since last: 1698719502 ns, Reaching safepoint: 172250 ns, At safepoint: 10284 ns, Total: 182534 ns
[2020-09-11T16:33:23.829+0000][1][safepoint    ] Safepoint "Cleanup", Time since last: 1000111350 ns, Reaching safepoint: 85741 ns, At safepoint: 6296 ns, Total: 92037 ns
[2020-09-11T16:33:24.829+0000][1][safepoint    ] Safepoint "Cleanup", Time since last: 1000107264 ns, Reaching safepoint: 92222 ns, At safepoint: 6858 ns, Total: 99080 ns
[2020-09-11T16:33:25.117+0000][1][safepoint    ] Safepoint "RevokeBias", Time since last: 286252543 ns, Reaching safepoint: 1205889 ns, At safepoint: 25958 ns, Total: 1231847 ns
[2020-09-11T16:33:26.123+0000][1][safepoint    ] Safepoint "Cleanup", Time since last: 1006370284 ns, Reaching safepoint: 85502 ns, At safepoint: 7706 ns, Total: 93208 ns
[2020-09-11T16:33:27.124+0000][1][safepoint    ] Safepoint "Cleanup", Time since last: 1000135272 ns, Reaching safepoint: 103253 ns, At safepoint: 8134 ns, Total: 111387 ns
[2020-09-11T16:33:28.124+0000][1][safepoint    ] Safepoint "Cleanup", Time since last: 1000124942 ns, Reaching safepoint: 80441 ns, At safepoint: 7658 ns, Total: 88099 ns
[2020-09-11T16:33:29.124+0000][1][safepoint    ] Safepoint "Cleanup", Time since last: 1000119423 ns, Reaching safepoint: 89147 ns, At safepoint: 8520 ns, Total: 97667 ns
[2020-09-11T16:33:30.124+0000][1][safepoint    ] Safepoint "Cleanup", Time since last: 1000117727 ns, Reaching safepoint: 83131 ns, At safepoint: 8923 ns, Total: 92054 ns
[2020-09-11T16:33:31.130+0000][1][safepoint    ] Safepoint "Cleanup", Time since last: 1005986134 ns, Reaching safepoint: 111567 ns, At safepoint: 8354 ns, Total: 119921 ns
[2020-09-11T16:33:32.131+0000][1][safepoint    ] Safepoint "Cleanup", Time since last: 1000167172 ns, Reaching safepoint: 121941 ns, At safepoint: 8406 ns, Total: 130347 ns
[2020-09-11T16:33:33.131+0000][1][safepoint    ] Safepoint "Cleanup", Time since last: 1000146210 ns, Reaching safepoint: 139228 ns, At safepoint: 8320 ns, Total: 147548 ns
[2020-09-11T16:33:34.131+0000][1][safepoint    ] Safepoint "Cleanup", Time since last: 1000177182 ns, Reaching safepoint: 182412 ns, At safepoint: 16247 ns, Total: 198659 ns
[2020-09-11T16:33:34.572+0000][1][gc,start     ] GC(87) Pause Young (Allocation Failure)
[2020-09-11T16:33:34.572+0000][1][gc,task      ] GC(87) Using 1 workers of 1 for evacuation
[2020-09-11T16:33:34.582+0000][1][gc,age       ] GC(87) Desired survivor size 4358144 bytes, new threshold 6 (max threshold 6)
[2020-09-11T16:33:34.582+0000][1][gc,age       ] GC(87) Age table with threshold 6 (max threshold 6)
[2020-09-11T16:33:34.582+0000][1][gc,age       ] GC(87) - age   1:      52824 bytes,      52824 total
[2020-09-11T16:33:34.582+0000][1][gc,age       ] GC(87) - age   2:      15776 bytes,      68600 total
[2020-09-11T16:33:34.582+0000][1][gc,age       ] GC(87) - age   3:       6112 bytes,      74712 total
[2020-09-11T16:33:34.582+0000][1][gc,age       ] GC(87) - age   4:      28208 bytes,     102920 total
[2020-09-11T16:33:34.582+0000][1][gc,age       ] GC(87) - age   5:      18216 bytes,     121136 total
[2020-09-11T16:33:34.582+0000][1][gc,age       ] GC(87) - age   6:       3344 bytes,     124480 total
[2020-09-11T16:33:34.582+0000][1][gc,heap      ] GC(87) ParNew: 68371K->166K(76672K)
[2020-09-11T16:33:34.582+0000][1][gc,heap      ] GC(87) CMS: 76667K->76681K(439104K)
[2020-09-11T16:33:34.582+0000][1][gc,metaspace ] GC(87) Metaspace: 90661K->90661K(1132544K)
[2020-09-11T16:33:34.582+0000][1][gc           ] GC(87) Pause Young (Allocation Failure) 141M->75M(503M) 10.384ms
[2020-09-11T16:33:34.583+0000][1][gc,cpu       ] GC(87) User=0.01s Sys=0.00s Real=0.02s
[2020-09-11T16:33:34.583+0000][1][safepoint    ] Safepoint "GenCollectForAllocation", Time since last: 440497315 ns, Reaching safepoint: 259552 ns, At safepoint: 10463666 ns, Total: 10723218 ns
[2020-09-11T16:33:35.111+0000][1][safepoint    ] Safepoint "RevokeBias", Time since last: 528338302 ns, Reaching safepoint: 92043 ns, At safepoint: 20775 ns, Total: 112818 ns
[2020-09-11T16:33:36.111+0000][1][safepoint    ] Safepoint "Cleanup", Time since last: 1000187647 ns, Reaching safepoint: 135637 ns, At safepoint: 16127 ns, Total: 151764 ns
[2020-09-11T16:33:37.112+0000][1][safepoint    ] Safepoint "Cleanup", Time since last: 1000176489 ns, Reaching safepoint: 150743 ns, At safepoint: 15749 ns, Total: 166492 ns
[2020-09-11T16:33:38.112+0000][1][safepoint    ] Safepoint "Cleanup", Time since last: 1000234563 ns, Reaching safepoint: 141381 ns, At safepoint: 16842 ns, Total: 158223 ns
[2020-09-11T16:33:39.113+0000][1][safepoint    ] Safepoint "Cleanup", Time since last: 1000216410 ns, Reaching safepoint: 180157 ns, At safepoint: 21486 ns, Total: 201643 ns
[2020-09-11T16:33:40.113+0000][1][safepoint    ] Safepoint "Cleanup", Time since last: 1000236146 ns, Reaching safepoint: 118330 ns, At safepoint: 7481 ns, Total: 125811 ns
[2020-09-11T16:33:41.119+0000][1][safepoint    ] Safepoint "Cleanup", Time since last: 1006305264 ns, Reaching safepoint: 164912 ns, At safepoint: 16712 ns, Total: 181624 ns
[2020-09-11T16:33:42.120+0000][1][safepoint    ] Safepoint "Cleanup", Time since last: 1000218446 ns, Reaching safepoint: 143256 ns, At safepoint: 16922 ns, Total: 160178 ns
[2020-09-11T16:33:43.120+0000][1][safepoint    ] Safepoint "Cleanup", Time since last: 1000182833 ns, Reaching safepoint: 152784 ns, At safepoint: 17651 ns, Total: 170435 ns
[2020-09-11T16:33:44.120+0000][1][safepoint    ] Safepoint "Cleanup", Time since last: 1000177454 ns, Reaching safepoint: 131739 ns, At safepoint: 24747 ns, Total: 156486 ns
[2020-09-11T16:33:45.104+0000][1][safepoint    ] Safepoint "RevokeBias", Time since last: 983286171 ns, Reaching safepoint: 212530 ns, At safepoint: 22107 ns, Total: 234637 ns
[2020-09-11T16:33:46.104+0000][1][safepoint    ] Safepoint "Cleanup", Time since last: 1000203294 ns, Reaching safepoint: 172713 ns, At safepoint: 19131 ns, Total: 191844 ns
[2020-09-11T16:33:47.105+0000][1][safepoint    ] Safepoint "Cleanup", Time since last: 1000184083 ns, Reaching safepoint: 144642 ns, At safepoint: 17306 ns, Total: 161948 ns
[2020-09-11T16:33:48.105+0000][1][safepoint    ] Safepoint "Cleanup", Time since last: 1000203411 ns, Reaching safepoint: 158350 ns, At safepoint: 18592 ns, Total: 176942 ns
[2020-09-11T16:33:49.105+0000][1][safepoint    ] Safepoint "Cleanup", Time since last: 1000141063 ns, Reaching safepoint: 82376 ns, At safepoint: 9686 ns, Total: 92062 ns
[2020-09-11T16:33:50.106+0000][1][safepoint    ] Safepoint "Cleanup", Time since last: 1000176002 ns, Reaching safepoint: 152440 ns, At safepoint: 19084 ns, Total: 171524 ns
[2020-09-11T16:33:51.112+0000][1][safepoint    ] Safepoint "Cleanup", Time since last: 1005860207 ns, Reaching safepoint: 175984 ns, At safepoint: 17356 ns, Total: 193340 ns
[2020-09-11T16:33:52.112+0000][1][safepoint    ] Safepoint "Cleanup", Time since last: 1000253203 ns, Reaching safepoint: 107523 ns, At safepoint: 7171 ns, Total: 114694 ns
[2020-09-11T16:33:53.112+0000][1][safepoint    ] Safepoint "Cleanup", Time since last: 1000183581 ns, Reaching safepoint: 156542 ns, At safepoint: 16602 ns, Total: 173144 ns
[2020-09-11T16:33:54.141+0000][1][safepoint    ] Safepoint "Cleanup", Time since last: 1028222541 ns, Reaching safepoint: 244466 ns, At safepoint: 19439 ns, Total: 263905 ns
[2020-09-11T16:33:55.141+0000][1][safepoint    ] Safepoint "Cleanup", Time since last: 1000184627 ns, Reaching safepoint: 138573 ns, At safepoint: 8110 ns, Total: 146683 ns
[2020-09-11T16:33:55.156+0000][1][safepoint    ] Safepoint "RevokeBias", Time since last: 14938306 ns, Reaching safepoint: 210709 ns, At safepoint: 22931 ns, Total: 233640 ns
[2020-09-11T16:33:56.157+0000][1][safepoint    ] Safepoint "Cleanup", Time since last: 1000191565 ns, Reaching safepoint: 112436 ns, At safepoint: 7847 ns, Total: 120283 ns
[2020-09-11T16:33:57.157+0000][1][safepoint    ] Safepoint "Cleanup", Time since last: 1000183065 ns, Reaching safepoint: 172753 ns, At safepoint: 17874 ns, Total: 190627 ns
[2020-09-11T16:33:58.157+0000][1][safepoint    ] Safepoint "Cleanup", Time since last: 1000213512 ns, Reaching safepoint: 131128 ns, At safepoint: 6864 ns, Total: 137992 ns
[2020-09-11T16:33:59.158+0000][1][safepoint    ] Safepoint "Cleanup", Time since last: 1000118893 ns, Reaching safepoint: 81053 ns, At safepoint: 7511 ns, Total: 88564 ns
[2020-09-11T16:34:00.158+0000][1][safepoint    ] Safepoint "Cleanup", Time since last: 1000173187 ns, Reaching safepoint: 157245 ns, At safepoint: 19404 ns, Total: 176649 ns
[2020-09-11T16:34:01.164+0000][1][safepoint    ] Safepoint "Cleanup", Time since last: 1005860818 ns, Reaching safepoint: 178052 ns, At safepoint: 15509 ns, Total: 193561 ns
[2020-09-11T16:34:02.164+0000][1][safepoint    ] Safepoint "Cleanup", Time since last: 1000285724 ns, Reaching safepoint: 112067 ns, At safepoint: 6989 ns, Total: 119056 ns
[2020-09-11T16:34:03.165+0000][1][safepoint    ] Safepoint "Cleanup", Time since last: 1000197721 ns, Reaching safepoint: 118099 ns, At safepoint: 6154 ns, Total: 124253 ns
[2020-09-11T16:34:04.165+0000][1][safepoint    ] Safepoint "Cleanup", Time since last: 1000121971 ns, Reaching safepoint: 105657 ns, At safepoint: 11304 ns, Total: 116961 ns
[2020-09-11T16:34:05.107+0000][1][safepoint    ] Safepoint "BulkRevokeBias", Time since last: 941475404 ns, Reaching safepoint: 164089 ns, At safepoint: 229914 ns, Total: 394003 ns
[2020-09-11T16:34:06.107+0000][1][safepoint    ] Safepoint "Cleanup", Time since last: 1000187261 ns, Reaching safepoint: 147138 ns, At safepoint: 16614 ns, Total: 163752 ns
[2020-09-11T16:34:07.108+0000][1][safepoint    ] Safepoint "Cleanup", Time since last: 1000173832 ns, Reaching safepoint: 145447 ns, At safepoint: 15278 ns, Total: 160725 ns
[2020-09-11T16:34:08.108+0000][1][safepoint    ] Safepoint "Cleanup", Time since last: 1000220758 ns, Reaching safepoint: 106802 ns, At safepoint: 6758 ns, Total: 113560 ns
[2020-09-11T16:34:09.108+0000][1][safepoint    ] Safepoint "Cleanup", Time since last: 1000100709 ns, Reaching safepoint: 92629 ns, At safepoint: 8494 ns, Total: 101123 ns
[2020-09-11T16:34:09.622+0000][1][gc,start     ] GC(88) Pause Young (Allocation Failure)
[2020-09-11T16:34:09.622+0000][1][gc,task      ] GC(88) Using 1 workers of 1 for evacuation
[2020-09-11T16:34:09.626+0000][1][gc,age       ] GC(88) Desired survivor size 4358144 bytes, new threshold 6 (max threshold 6)
[2020-09-11T16:34:09.626+0000][1][gc,age       ] GC(88) Age table with threshold 6 (max threshold 6)
[2020-09-11T16:34:09.626+0000][1][gc,age       ] GC(88) - age   1:      76864 bytes,      76864 total
[2020-09-11T16:34:09.626+0000][1][gc,age       ] GC(88) - age   2:       9192 bytes,      86056 total
[2020-09-11T16:34:09.626+0000][1][gc,age       ] GC(88) - age   3:       5344 bytes,      91400 total
[2020-09-11T16:34:09.626+0000][1][gc,age       ] GC(88) - age   4:       6112 bytes,      97512 total
[2020-09-11T16:34:09.626+0000][1][gc,age       ] GC(88) - age   5:      27896 bytes,     125408 total
[2020-09-11T16:34:09.626+0000][1][gc,age       ] GC(88) - age   6:      18216 bytes,     143624 total
[2020-09-11T16:34:09.626+0000][1][gc,heap      ] GC(88) ParNew: 68326K->265K(76672K)
[2020-09-11T16:34:09.626+0000][1][gc,heap      ] GC(88) CMS: 76681K->76684K(439104K)
[2020-09-11T16:34:09.626+0000][1][gc,metaspace ] GC(88) Metaspace: 90754K->90754K(1132544K)
[2020-09-11T16:34:09.626+0000][1][gc           ] GC(88) Pause Young (Allocation Failure) 141M->75M(503M) 4.339ms
[2020-09-11T16:34:09.626+0000][1][gc,cpu       ] GC(88) User=0.00s Sys=0.00s Real=0.00s
[2020-09-11T16:34:09.627+0000][1][safepoint    ] Safepoint "GenCollectForAllocation", Time since last: 513825686 ns, Reaching safepoint: 197108 ns, At safepoint: 4406844 ns, Total: 4603952 ns
[2020-09-11T16:34:10.628+0000][1][safepoint    ] Safepoint "Cleanup", Time since last: 1001342067 ns, Reaching safepoint: 86330 ns, At safepoint: 7591 ns, Total: 93921 ns
[2020-09-11T16:34:11.628+0000][1][safepoint    ] Safepoint "Cleanup", Time since last: 1000133227 ns, Reaching safepoint: 82345 ns, At safepoint: 7305 ns, Total: 89650 ns
[2020-09-11T16:34:12.628+0000][1][safepoint    ] Safepoint "Cleanup", Time since last: 1000140471 ns, Reaching safepoint: 81466 ns, At safepoint: 6822 ns, Total: 88288 ns
[2020-09-11T16:34:13.629+0000][1][safepoint    ] Safepoint "Cleanup", Time since last: 1000133004 ns, Reaching safepoint: 92746 ns, At safepoint: 7531 ns, Total: 100277 ns
[2020-09-11T16:34:14.629+0000][1][safepoint    ] Safepoint "Cleanup", Time since last: 1000109720 ns, Reaching safepoint: 86208 ns, At safepoint: 7670 ns, Total: 93878 ns
[2020-09-11T16:34:15.110+0000][1][safepoint    ] Safepoint "RevokeBias", Time since last: 481165308 ns, Reaching safepoint: 96475 ns, At safepoint: 22064 ns, Total: 118539 ns
[2020-09-11T16:34:16.110+0000][1][safepoint    ] Safepoint "Cleanup", Time since last: 1000121398 ns, Reaching safepoint: 83082 ns, At safepoint: 7152 ns, Total: 90234 ns
[2020-09-11T16:34:17.111+0000][1][safepoint    ] Safepoint "Cleanup", Time since last: 1000118761 ns, Reaching safepoint: 83783 ns, At safepoint: 6955 ns, Total: 90738 ns
[2020-09-11T16:34:18.111+0000][1][safepoint    ] Safepoint "Cleanup", Time since last: 1000136648 ns, Reaching safepoint: 83112 ns, At safepoint: 7844 ns, Total: 90956 ns
[2020-09-11T16:34:19.111+0000][1][safepoint    ] Safepoint "Cleanup", Time since last: 1000143021 ns, Reaching safepoint: 158290 ns, At safepoint: 19027 ns, Total: 177317 ns
[2020-09-11T16:34:20.112+0000][1][safepoint    ] Safepoint "Cleanup", Time since last: 1000191927 ns, Reaching safepoint: 194396 ns, At safepoint: 23304 ns, Total: 217700 ns
[2020-09-11T16:34:21.117+0000][1][safepoint    ] Safepoint "Cleanup", Time since last: 1005579691 ns, Reaching safepoint: 167007 ns, At safepoint: 17105 ns, Total: 184112 ns
[2020-09-11T16:34:22.118+0000][1][safepoint    ] Safepoint "Cleanup", Time since last: 1000216150 ns, Reaching safepoint: 159987 ns, At safepoint: 16962 ns, Total: 176949 ns
[2020-09-11T16:34:23.118+0000][1][safepoint    ] Safepoint "Cleanup", Time since last: 1000219164 ns, Reaching safepoint: 154765 ns, At safepoint: 18269 ns, Total: 173034 ns
[2020-09-11T16:34:24.118+0000][1][safepoint    ] Safepoint "Cleanup", Time since last: 1000171856 ns, Reaching safepoint: 165968 ns, At safepoint: 15318 ns, Total: 181286 ns
[2020-09-11T16:34:25.110+0000][1][safepoint    ] Safepoint "RevokeBias", Time since last: 991821712 ns, Reaching safepoint: 203864 ns, At safepoint: 21742 ns, Total: 225606 ns
[2020-09-11T16:34:26.111+0000][1][safepoint    ] Safepoint "Cleanup", Time since last: 1000171446 ns, Reaching safepoint: 105004 ns, At safepoint: 6471 ns, Total: 111475 ns
[2020-09-11T16:34:27.111+0000][1][safepoint    ] Safepoint "Cleanup", Time since last: 1000192042 ns, Reaching safepoint: 118930 ns, At safepoint: 9187 ns, Total: 128117 ns
[2020-09-11T16:34:28.111+0000][1][safepoint    ] Safepoint "Cleanup", Time since last: 1000179962 ns, Reaching safepoint: 103883 ns, At safepoint: 7025 ns, Total: 110908 ns
[2020-09-11T16:34:29.112+0000][1][safepoint    ] Safepoint "Cleanup", Time since last: 1000110338 ns, Reaching safepoint: 98131 ns, At safepoint: 9176 ns, Total: 107307 ns
[2020-09-11T16:34:30.112+0000][1][safepoint    ] Safepoint "Cleanup", Time since last: 1000112635 ns, Reaching safepoint: 107075 ns, At safepoint: 8735 ns, Total: 115810 ns
[2020-09-11T16:34:34.118+0000][1][safepoint    ] Safepoint "Cleanup", Time since last: 4005866470 ns, Reaching safepoint: 116255 ns, At safepoint: 15466 ns, Total: 131721 ns
[2020-09-11T16:34:35.118+0000][1][safepoint    ] Safepoint "Cleanup", Time since last: 1000197724 ns, Reaching safepoint: 112640 ns, At safepoint: 7562 ns, Total: 120202 ns
[2020-09-11T16:34:35.159+0000][1][safepoint    ] Safepoint "RevokeBias", Time since last: 40327257 ns, Reaching safepoint: 166442 ns, At safepoint: 47222 ns, Total: 213664 ns
[2020-09-11T16:34:36.159+0000][1][safepoint    ] Safepoint "Cleanup", Time since last: 1000218930 ns, Reaching safepoint: 163622 ns, At safepoint: 17617 ns, Total: 181239 ns
[2020-09-11T16:34:38.337+0000][1][gc,start     ] GC(89) Pause Young (Allocation Failure)
[2020-09-11T16:34:38.337+0000][1][gc,task      ] GC(89) Using 1 workers of 1 for evacuation
[2020-09-11T16:34:38.345+0000][1][gc,age       ] GC(89) Desired survivor size 4358144 bytes, new threshold 6 (max threshold 6)
[2020-09-11T16:34:38.345+0000][1][gc,age       ] GC(89) Age table with threshold 6 (max threshold 6)
[2020-09-11T16:34:38.345+0000][1][gc,age       ] GC(89) - age   1:      64672 bytes,      64672 total
[2020-09-11T16:34:38.345+0000][1][gc,age       ] GC(89) - age   2:      32152 bytes,      96824 total
[2020-09-11T16:34:38.345+0000][1][gc,age       ] GC(89) - age   3:       4040 bytes,     100864 total
[2020-09-11T16:34:38.345+0000][1][gc,age       ] GC(89) - age   4:       5344 bytes,     106208 total
[2020-09-11T16:34:38.345+0000][1][gc,age       ] GC(89) - age   5:       6112 bytes,     112320 total
[2020-09-11T16:34:38.345+0000][1][gc,age       ] GC(89) - age   6:      27896 bytes,     140216 total
[2020-09-11T16:34:38.345+0000][1][gc,heap      ] GC(89) ParNew: 68425K->171K(76672K)
[2020-09-11T16:34:38.345+0000][1][gc,heap      ] GC(89) CMS: 76684K->76702K(439104K)
[2020-09-11T16:34:38.345+0000][1][gc,metaspace ] GC(89) Metaspace: 90817K->90817K(1132544K)
[2020-09-11T16:34:38.345+0000][1][gc           ] GC(89) Pause Young (Allocation Failure) 141M->75M(503M) 7.815ms
[2020-09-11T16:34:38.345+0000][1][gc,cpu       ] GC(89) User=0.00s Sys=0.00s Real=0.01s
[2020-09-11T16:34:38.345+0000][1][safepoint    ] Safepoint "GenCollectForAllocation", Time since last: 2177839791 ns, Reaching safepoint: 166892 ns, At safepoint: 7902263 ns, Total: 8069155 ns
[2020-09-11T16:34:40.349+0000][1][safepoint    ] Safepoint "Cleanup", Time since last: 2004090322 ns, Reaching safepoint: 160535 ns, At safepoint: 16344 ns, Total: 176879 ns
[2020-09-11T16:34:41.355+0000][1][safepoint    ] Safepoint "Cleanup", Time since last: 1005953414 ns, Reaching safepoint: 152183 ns, At safepoint: 17757 ns, Total: 169940 ns
[2020-09-11T16:34:42.356+0000][1][safepoint    ] Safepoint "Cleanup", Time since last: 1000237809 ns, Reaching safepoint: 109301 ns, At safepoint: 8137 ns, Total: 117438 ns
[2020-09-11T16:34:44.356+0000][1][safepoint    ] Safepoint "Cleanup", Time since last: 2000306177 ns, Reaching safepoint: 158150 ns, At safepoint: 16167 ns, Total: 174317 ns
[2020-09-11T16:34:45.115+0000][1][safepoint    ] Safepoint "RevokeBias", Time since last: 758296729 ns, Reaching safepoint: 208551 ns, At safepoint: 22652 ns, Total: 231203 ns
[2020-09-11T16:34:47.115+0000][1][safepoint    ] Safepoint "Cleanup", Time since last: 2000317079 ns, Reaching safepoint: 112777 ns, At safepoint: 9034 ns, Total: 121811 ns
[2020-09-11T16:34:49.118+0000][1][safepoint    ] Safepoint "Cleanup", Time since last: 2002391826 ns, Reaching safepoint: 82236 ns, At safepoint: 7016 ns, Total: 89252 ns
[2020-09-11T16:34:50.118+0000][1][safepoint    ] Safepoint "Cleanup", Time since last: 1000203654 ns, Reaching safepoint: 161441 ns, At safepoint: 17820 ns, Total: 179261 ns
[2020-09-11T16:34:51.124+0000][1][safepoint    ] Safepoint "Cleanup", Time since last: 1005614230 ns, Reaching safepoint: 112385 ns, At safepoint: 8420 ns, Total: 120805 ns
[2020-09-11T16:34:54.124+0000][1][safepoint    ] Safepoint "Cleanup", Time since last: 3000230445 ns, Reaching safepoint: 88386 ns, At safepoint: 7153 ns, Total: 95539 ns
[2020-09-11T16:34:55.108+0000][1][safepoint    ] Safepoint "RevokeBias", Time since last: 984152174 ns, Reaching safepoint: 216514 ns, At safepoint: 22915 ns, Total: 239429 ns
[2020-09-11T16:34:58.109+0000][1][safepoint    ] Safepoint "Cleanup", Time since last: 3000337712 ns, Reaching safepoint: 82126 ns, At safepoint: 6827 ns, Total: 88953 ns
[2020-09-11T16:35:01.110+0000][1][safepoint    ] Safepoint "Cleanup", Time since last: 3000383996 ns, Reaching safepoint: 195011 ns, At safepoint: 17767 ns, Total: 212778 ns
[2020-09-11T16:35:05.171+0000][1][safepoint    ] Safepoint "RevokeBias", Time since last: 4061507645 ns, Reaching safepoint: 165936 ns, At safepoint: 22706 ns, Total: 188642 ns
[2020-09-11T16:35:08.172+0000][1][safepoint    ] Safepoint "Cleanup", Time since last: 3000491582 ns, Reaching safepoint: 168954 ns, At safepoint: 41312 ns, Total: 210266 ns
[2020-09-11T16:35:11.173+0000][1][safepoint    ] Safepoint "Cleanup", Time since last: 3000438528 ns, Reaching safepoint: 157244 ns, At safepoint: 18649 ns, Total: 175893 ns
[2020-09-11T16:35:12.173+0000][1][safepoint    ] Safepoint "Cleanup", Time since last: 1000191197 ns, Reaching safepoint: 197500 ns, At safepoint: 19538 ns, Total: 217038 ns
[2020-09-11T16:35:12.794+0000][1][gc,start     ] GC(90) Pause Young (Allocation Failure)
[2020-09-11T16:35:12.794+0000][1][gc,task      ] GC(90) Using 1 workers of 1 for evacuation
[2020-09-11T16:35:12.804+0000][1][gc,age       ] GC(90) Desired survivor size 4358144 bytes, new threshold 6 (max threshold 6)
[2020-09-11T16:35:12.804+0000][1][gc,age       ] GC(90) Age table with threshold 6 (max threshold 6)
[2020-09-11T16:35:12.804+0000][1][gc,age       ] GC(90) - age   1:      58808 bytes,      58808 total
[2020-09-11T16:35:12.804+0000][1][gc,age       ] GC(90) - age   2:       7296 bytes,      66104 total
[2020-09-11T16:35:12.804+0000][1][gc,age       ] GC(90) - age   3:      21216 bytes,      87320 total
[2020-09-11T16:35:12.804+0000][1][gc,age       ] GC(90) - age   4:       4040 bytes,      91360 total
[2020-09-11T16:35:12.804+0000][1][gc,age       ] GC(90) - age   5:       5344 bytes,      96704 total
[2020-09-11T16:35:12.804+0000][1][gc,age       ] GC(90) - age   6:       5800 bytes,     102504 total
[2020-09-11T16:35:12.804+0000][1][gc,heap      ] GC(90) ParNew: 68271K->124K(76672K)
[2020-09-11T16:35:12.804+0000][1][gc,heap      ] GC(90) CMS: 76702K->76729K(439104K)
[2020-09-11T16:35:12.804+0000][1][gc,metaspace ] GC(90) Metaspace: 90863K->90863K(1132544K)
[2020-09-11T16:35:12.804+0000][1][gc           ] GC(90) Pause Young (Allocation Failure) 141M->75M(503M) 10.545ms
[2020-09-11T16:35:12.804+0000][1][gc,cpu       ] GC(90) User=0.01s Sys=0.00s Real=0.01s
[2020-09-11T16:35:12.805+0000][1][safepoint    ] Safepoint "GenCollectForAllocation", Time since last: 620425609 ns, Reaching safepoint: 484418 ns, At safepoint: 10676637 ns, Total: 11161055 ns
[2020-09-11T16:35:13.806+0000][1][safepoint    ] Safepoint "Cleanup", Time since last: 1001058005 ns, Reaching safepoint: 247584 ns, At safepoint: 15864 ns, Total: 263448 ns
[2020-09-11T16:35:15.116+0000][1][safepoint    ] Safepoint "RevokeBias", Time since last: 1309630524 ns, Reaching safepoint: 250433 ns, At safepoint: 34927 ns, Total: 285360 ns
[2020-09-11T16:35:16.116+0000][1][safepoint    ] Safepoint "Cleanup", Time since last: 1000203427 ns, Reaching safepoint: 162830 ns, At safepoint: 19909 ns, Total: 182739 ns
[2020-09-11T16:35:19.117+0000][1][safepoint    ] Safepoint "Cleanup", Time since last: 3000479949 ns, Reaching safepoint: 102221 ns, At safepoint: 7014 ns, Total: 109235 ns
[2020-09-11T16:35:21.117+0000][1][safepoint    ] Safepoint "Cleanup", Time since last: 2000421158 ns, Reaching safepoint: 159526 ns, At safepoint: 18616 ns, Total: 178142 ns
[2020-09-11T16:35:22.118+0000][1][safepoint    ] Safepoint "Cleanup", Time since last: 1000193502 ns, Reaching safepoint: 157779 ns, At safepoint: 19284 ns, Total: 177063 ns
[2020-09-11T16:35:24.118+0000][1][safepoint    ] Safepoint "Cleanup", Time since last: 2000376554 ns, Reaching safepoint: 198141 ns, At safepoint: 21319 ns, Total: 219460 ns
[2020-09-11T16:35:25.119+0000][1][safepoint    ] Safepoint "Cleanup", Time since last: 1000239950 ns, Reaching safepoint: 214424 ns, At safepoint: 17067 ns, Total: 231491 ns
[2020-09-11T16:35:25.222+0000][1][safepoint    ] Safepoint "RevokeBias", Time since last: 102572524 ns, Reaching safepoint: 384806 ns, At safepoint: 50466 ns, Total: 435272 ns
[2020-09-11T16:35:28.222+0000][1][safepoint    ] Safepoint "Cleanup", Time since last: 3000466388 ns, Reaching safepoint: 166535 ns, At safepoint: 19308 ns, Total: 185843 ns
[2020-09-11T16:35:31.223+0000][1][safepoint    ] Safepoint "Cleanup", Time since last: 3000385387 ns, Reaching safepoint: 124287 ns, At safepoint: 7457 ns, Total: 131744 ns
[2020-09-11T16:35:34.224+0000][1][safepoint    ] Safepoint "Cleanup", Time since last: 3000545842 ns, Reaching safepoint: 182395 ns, At safepoint: 20781 ns, Total: 203176 ns
[2020-09-11T16:35:35.117+0000][1][safepoint    ] Safepoint "RevokeBias", Time since last: 893511713 ns, Reaching safepoint: 97461 ns, At safepoint: 20873 ns, Total: 118334 ns
[2020-09-11T16:35:39.118+0000][1][safepoint    ] Safepoint "Cleanup", Time since last: 4000489851 ns, Reaching safepoint: 151428 ns, At safepoint: 18629 ns, Total: 170057 ns
[2020-09-11T16:35:40.118+0000][1][safepoint    ] Safepoint "Cleanup", Time since last: 1000212922 ns, Reaching safepoint: 116071 ns, At safepoint: 8989 ns, Total: 125060 ns
[2020-09-11T16:35:41.120+0000][1][safepoint    ] Safepoint "Cleanup", Time since last: 1001481300 ns, Reaching safepoint: 157759 ns, At safepoint: 16949 ns, Total: 174708 ns
[2020-09-11T16:35:43.121+0000][1][safepoint    ] Safepoint "Cleanup", Time since last: 2000383860 ns, Reaching safepoint: 159923 ns, At safepoint: 18887 ns, Total: 178810 ns
[2020-09-11T16:35:43.437+0000][1][gc,start     ] GC(91) Pause Young (Allocation Failure)
[2020-09-11T16:35:43.437+0000][1][gc,task      ] GC(91) Using 1 workers of 1 for evacuation
[2020-09-11T16:35:43.446+0000][1][gc,age       ] GC(91) Desired survivor size 4358144 bytes, new threshold 6 (max threshold 6)
[2020-09-11T16:35:43.446+0000][1][gc,age       ] GC(91) Age table with threshold 6 (max threshold 6)
[2020-09-11T16:35:43.446+0000][1][gc,age       ] GC(91) - age   1:      71160 bytes,      71160 total
[2020-09-11T16:35:43.446+0000][1][gc,age       ] GC(91) - age   2:      15352 bytes,      86512 total
[2020-09-11T16:35:43.446+0000][1][gc,age       ] GC(91) - age   3:       2112 bytes,      88624 total
[2020-09-11T16:35:43.446+0000][1][gc,age       ] GC(91) - age   4:      21216 bytes,     109840 total
[2020-09-11T16:35:43.446+0000][1][gc,age       ] GC(91) - age   5:       4040 bytes,     113880 total
[2020-09-11T16:35:43.446+0000][1][gc,age       ] GC(91) - age   6:       5032 bytes,     118912 total
[2020-09-11T16:35:43.446+0000][1][gc,heap      ] GC(91) ParNew: 68284K->212K(76672K)
[2020-09-11T16:35:43.446+0000][1][gc,heap      ] GC(91) CMS: 76729K->76735K(439104K)
[2020-09-11T16:35:43.446+0000][1][gc,metaspace ] GC(91) Metaspace: 90925K->90925K(1132544K)
[2020-09-11T16:35:43.446+0000][1][gc           ] GC(91) Pause Young (Allocation Failure) 141M->75M(503M) 9.616ms
[2020-09-11T16:35:43.446+0000][1][gc,cpu       ] GC(91) User=0.00s Sys=0.00s Real=0.01s
[2020-09-11T16:35:43.447+0000][1][safepoint    ] Safepoint "GenCollectForAllocation", Time since last: 313727562 ns, Reaching safepoint: 2569055 ns, At safepoint: 9684967 ns, Total: 12254022 ns
[2020-09-11T16:35:44.452+0000][1][safepoint    ] Safepoint "Cleanup", Time since last: 1004999699 ns, Reaching safepoint: 87279 ns, At safepoint: 7782 ns, Total: 95061 ns
[2020-09-11T16:35:45.148+0000][1][safepoint    ] Safepoint "RevokeBias", Time since last: 695749102 ns, Reaching safepoint: 335777 ns, At safepoint: 51291 ns, Total: 387068 ns
[2020-09-11T16:35:46.148+0000][1][safepoint    ] Safepoint "Cleanup", Time since last: 1000212873 ns, Reaching safepoint: 154638 ns, At safepoint: 18763 ns, Total: 173401 ns
[2020-09-11T16:35:47.149+0000][1][safepoint    ] Safepoint "Cleanup", Time since last: 1000229227 ns, Reaching safepoint: 150118 ns, At safepoint: 18459 ns, Total: 168577 ns
[2020-09-11T16:35:48.149+0000][1][safepoint    ] Safepoint "Cleanup", Time since last: 1000222924 ns, Reaching safepoint: 104767 ns, At safepoint: 8641 ns, Total: 113408 ns
[2020-09-11T16:35:49.149+0000][1][safepoint    ] Safepoint "Cleanup", Time since last: 1000177434 ns, Reaching safepoint: 161791 ns, At safepoint: 17146 ns, Total: 178937 ns
[2020-09-11T16:35:50.150+0000][1][safepoint    ] Safepoint "Cleanup", Time since last: 1000217388 ns, Reaching safepoint: 109411 ns, At safepoint: 7673 ns, Total: 117084 ns
[2020-09-11T16:35:51.156+0000][1][safepoint    ] Safepoint "Cleanup", Time since last: 1005818157 ns, Reaching safepoint: 164869 ns, At safepoint: 18482 ns, Total: 183351 ns
[2020-09-11T16:35:52.156+0000][1][safepoint    ] Safepoint "Cleanup", Time since last: 1000180252 ns, Reaching safepoint: 161220 ns, At safepoint: 14677 ns, Total: 175897 ns
[2020-09-11T16:35:53.156+0000][1][safepoint    ] Safepoint "Cleanup", Time since last: 1000226610 ns, Reaching safepoint: 155510 ns, At safepoint: 19768 ns, Total: 175278 ns
[2020-09-11T16:35:54.157+0000][1][safepoint    ] Safepoint "Cleanup", Time since last: 1000182116 ns, Reaching safepoint: 79851 ns, At safepoint: 6582 ns, Total: 86433 ns
[2020-09-11T16:35:55.114+0000][1][safepoint    ] Safepoint "RevokeBias", Time since last: 957223836 ns, Reaching safepoint: 212544 ns, At safepoint: 23049 ns, Total: 235593 ns
[2020-09-11T16:35:56.114+0000][1][safepoint    ] Safepoint "Cleanup", Time since last: 1000183748 ns, Reaching safepoint: 107031 ns, At safepoint: 7302 ns, Total: 114333 ns
[2020-09-11T16:35:57.115+0000][1][safepoint    ] Safepoint "Cleanup", Time since last: 1000165883 ns, Reaching safepoint: 122903 ns, At safepoint: 7182 ns, Total: 130085 ns
[2020-09-11T16:35:58.115+0000][1][safepoint    ] Safepoint "Cleanup", Time since last: 1000114098 ns, Reaching safepoint: 76817 ns, At safepoint: 8757 ns, Total: 85574 ns
[2020-09-11T16:35:59.115+0000][1][safepoint    ] Safepoint "Cleanup", Time since last: 1000118069 ns, Reaching safepoint: 78295 ns, At safepoint: 8616 ns, Total: 86911 ns
[2020-09-11T16:36:00.115+0000][1][safepoint    ] Safepoint "Cleanup", Time since last: 1000118993 ns, Reaching safepoint: 81104 ns, At safepoint: 11158 ns, Total: 92262 ns
[2020-09-11T16:36:01.121+0000][1][safepoint    ] Safepoint "Cleanup", Time since last: 1005292796 ns, Reaching safepoint: 101174 ns, At safepoint: 9883 ns, Total: 111057 ns
[2020-09-11T16:36:02.121+0000][1][safepoint    ] Safepoint "Cleanup", Time since last: 1000112097 ns, Reaching safepoint: 78057 ns, At safepoint: 8282 ns, Total: 86339 ns
[2020-09-11T16:36:03.121+0000][1][safepoint    ] Safepoint "Cleanup", Time since last: 1000116991 ns, Reaching safepoint: 78246 ns, At safepoint: 9454 ns, Total: 87700 ns
[2020-09-11T16:36:04.121+0000][1][safepoint    ] Safepoint "Cleanup", Time since last: 1000117337 ns, Reaching safepoint: 99546 ns, At safepoint: 9702 ns, Total: 109248 ns
[2020-09-11T16:36:05.122+0000][1][safepoint    ] Safepoint "Cleanup", Time since last: 1000115583 ns, Reaching safepoint: 124157 ns, At safepoint: 7203 ns, Total: 131360 ns
[2020-09-11T16:36:05.230+0000][1][safepoint    ] Safepoint "RevokeBias", Time since last: 108192582 ns, Reaching safepoint: 87460 ns, At safepoint: 21433 ns, Total: 108893 ns
[2020-09-11T16:36:06.230+0000][1][safepoint    ] Safepoint "Cleanup", Time since last: 1000113755 ns, Reaching safepoint: 76578 ns, At safepoint: 9765 ns, Total: 86343 ns
[2020-09-11T16:36:07.230+0000][1][safepoint    ] Safepoint "Cleanup", Time since last: 1000119492 ns, Reaching safepoint: 88122 ns, At safepoint: 8976 ns, Total: 97098 ns
[2020-09-11T16:36:08.230+0000][1][safepoint    ] Safepoint "Cleanup", Time since last: 1000115892 ns, Reaching safepoint: 75613 ns, At safepoint: 6988 ns, Total: 82601 ns
[2020-09-11T16:36:09.231+0000][1][safepoint    ] Safepoint "Cleanup", Time since last: 1000112860 ns, Reaching safepoint: 76998 ns, At safepoint: 7003 ns, Total: 84001 ns
[2020-09-11T16:36:10.231+0000][1][safepoint    ] Safepoint "Cleanup", Time since last: 1000121383 ns, Reaching safepoint: 85440 ns, At safepoint: 10845 ns, Total: 96285 ns
[2020-09-11T16:36:11.236+0000][1][safepoint    ] Safepoint "Cleanup", Time since last: 1005067117 ns, Reaching safepoint: 84912 ns, At safepoint: 8068 ns, Total: 92980 ns
[2020-09-11T16:36:12.236+0000][1][safepoint    ] Safepoint "Cleanup", Time since last: 1000129918 ns, Reaching safepoint: 78858 ns, At safepoint: 9650 ns, Total: 88508 ns
[2020-09-11T16:36:13.236+0000][1][safepoint    ] Safepoint "Cleanup", Time since last: 1000123952 ns, Reaching safepoint: 83314 ns, At safepoint: 7823 ns, Total: 91137 ns
[2020-09-11T16:36:14.237+0000][1][safepoint    ] Safepoint "Cleanup", Time since last: 1000127460 ns, Reaching safepoint: 115584 ns, At safepoint: 13003 ns, Total: 128587 ns
[2020-09-11T16:36:14.797+0000][1][gc,start     ] GC(92) Pause Young (Allocation Failure)
[2020-09-11T16:36:14.798+0000][1][gc,task      ] GC(92) Using 1 workers of 1 for evacuation
[2020-09-11T16:36:14.806+0000][1][gc,age       ] GC(92) Desired survivor size 4358144 bytes, new threshold 6 (max threshold 6)
[2020-09-11T16:36:14.806+0000][1][gc,age       ] GC(92) Age table with threshold 6 (max threshold 6)
[2020-09-11T16:36:14.806+0000][1][gc,age       ] GC(92) - age   1:      61120 bytes,      61120 total
[2020-09-11T16:36:14.806+0000][1][gc,age       ] GC(92) - age   2:      10288 bytes,      71408 total
[2020-09-11T16:36:14.806+0000][1][gc,age       ] GC(92) - age   3:       3696 bytes,      75104 total
[2020-09-11T16:36:14.806+0000][1][gc,age       ] GC(92) - age   4:       2112 bytes,      77216 total
[2020-09-11T16:36:14.806+0000][1][gc,age       ] GC(92) - age   5:      21216 bytes,      98432 total
[2020-09-11T16:36:14.806+0000][1][gc,age       ] GC(92) - age   6:       3728 bytes,     102160 total
[2020-09-11T16:36:14.806+0000][1][gc,heap      ] GC(92) ParNew: 68372K->140K(76672K)
[2020-09-11T16:36:14.806+0000][1][gc,heap      ] GC(92) CMS: 76735K->76740K(439104K)
[2020-09-11T16:36:14.806+0000][1][gc,metaspace ] GC(92) Metaspace: 90983K->90983K(1132544K)
[2020-09-11T16:36:14.806+0000][1][gc           ] GC(92) Pause Young (Allocation Failure) 141M->75M(503M) 8.625ms
[2020-09-11T16:36:14.806+0000][1][gc,cpu       ] GC(92) User=0.01s Sys=0.00s Real=0.01s
[2020-09-11T16:36:14.806+0000][1][safepoint    ] Safepoint "GenCollectForAllocation", Time since last: 560572902 ns, Reaching safepoint: 145818 ns, At safepoint: 8695582 ns, Total: 8841400 ns
[2020-09-11T16:36:15.119+0000][1][safepoint    ] Safepoint "RevokeBias", Time since last: 313148250 ns, Reaching safepoint: 93016 ns, At safepoint: 36473 ns, Total: 129489 ns
[2020-09-11T16:36:16.123+0000][1][safepoint    ] Safepoint "Cleanup", Time since last: 1003241159 ns, Reaching safepoint: 84588 ns, At safepoint: 10551 ns, Total: 95139 ns
[2020-09-11T16:36:17.123+0000][1][safepoint    ] Safepoint "Cleanup", Time since last: 1000122866 ns, Reaching safepoint: 86692 ns, At safepoint: 6837 ns, Total: 93529 ns
[2020-09-11T16:36:18.123+0000][1][safepoint    ] Safepoint "Cleanup", Time since last: 1000127584 ns, Reaching safepoint: 86581 ns, At safepoint: 6402 ns, Total: 92983 ns
[2020-09-11T16:36:19.123+0000][1][safepoint    ] Safepoint "Cleanup", Time since last: 1000125455 ns, Reaching safepoint: 90231 ns, At safepoint: 7173 ns, Total: 97404 ns
[2020-09-11T16:36:20.124+0000][1][safepoint    ] Safepoint "Cleanup", Time since last: 1000121895 ns, Reaching safepoint: 93313 ns, At safepoint: 8882 ns, Total: 102195 ns
[2020-09-11T16:36:21.129+0000][1][safepoint    ] Safepoint "Cleanup", Time since last: 1005216086 ns, Reaching safepoint: 97289 ns, At safepoint: 11986 ns, Total: 109275 ns
[2020-09-11T16:36:22.129+0000][1][safepoint    ] Safepoint "Cleanup", Time since last: 1000118720 ns, Reaching safepoint: 81391 ns, At safepoint: 7151 ns, Total: 88542 ns
[2020-09-11T16:36:23.129+0000][1][safepoint    ] Safepoint "Cleanup", Time since last: 1000110714 ns, Reaching safepoint: 77356 ns, At safepoint: 9370 ns, Total: 86726 ns
[2020-09-11T16:36:24.130+0000][1][safepoint    ] Safepoint "Cleanup", Time since last: 1000120910 ns, Reaching safepoint: 82671 ns, At safepoint: 9008 ns, Total: 91679 ns
[2020-09-11T16:36:25.131+0000][1][safepoint    ] Safepoint "Cleanup", Time since last: 1001175042 ns, Reaching safepoint: 76495 ns, At safepoint: 6009 ns, Total: 82504 ns
[2020-09-11T16:36:25.145+0000][1][safepoint    ] Safepoint "RevokeBias", Time since last: 14255106 ns, Reaching safepoint: 155358 ns, At safepoint: 22009 ns, Total: 177367 ns
[2020-09-11T16:36:26.145+0000][1][safepoint    ] Safepoint "Cleanup", Time since last: 1000114299 ns, Reaching safepoint: 79927 ns, At safepoint: 7699 ns, Total: 87626 ns
[2020-09-11T16:36:27.146+0000][1][safepoint    ] Safepoint "Cleanup", Time since last: 1000156060 ns, Reaching safepoint: 80631 ns, At safepoint: 9156 ns, Total: 89787 ns
[2020-09-11T16:36:28.146+0000][1][safepoint    ] Safepoint "Cleanup", Time since last: 1000120371 ns, Reaching safepoint: 84672 ns, At safepoint: 7153 ns, Total: 91825 ns
[2020-09-11T16:36:29.146+0000][1][safepoint    ] Safepoint "Cleanup", Time since last: 1000115439 ns, Reaching safepoint: 77681 ns, At safepoint: 7470 ns, Total: 85151 ns
[2020-09-11T16:36:30.146+0000][1][safepoint    ] Safepoint "Cleanup", Time since last: 1000125834 ns, Reaching safepoint: 79114 ns, At safepoint: 9017 ns, Total: 88131 ns
[2020-09-11T16:36:31.152+0000][1][safepoint    ] Safepoint "Cleanup", Time since last: 1005338626 ns, Reaching safepoint: 87518 ns, At safepoint: 9249 ns, Total: 96767 ns
[2020-09-11T16:36:32.152+0000][1][safepoint    ] Safepoint "Cleanup", Time since last: 1000117170 ns, Reaching safepoint: 100399 ns, At safepoint: 9855 ns, Total: 110254 ns
[2020-09-11T16:36:33.152+0000][1][safepoint    ] Safepoint "Cleanup", Time since last: 1000121522 ns, Reaching safepoint: 76362 ns, At safepoint: 7380 ns, Total: 83742 ns
[2020-09-11T16:36:34.152+0000][1][safepoint    ] Safepoint "Cleanup", Time since last: 1000113029 ns, Reaching safepoint: 85917 ns, At safepoint: 7102 ns, Total: 93019 ns
[2020-09-11T16:36:35.153+0000][1][safepoint    ] Safepoint "Cleanup", Time since last: 1000113351 ns, Reaching safepoint: 86398 ns, At safepoint: 7059 ns, Total: 93457 ns
[2020-09-11T16:36:35.210+0000][1][safepoint    ] Safepoint "RevokeBias", Time since last: 57429951 ns, Reaching safepoint: 158757 ns, At safepoint: 24308 ns, Total: 183065 ns
[2020-09-11T16:36:36.210+0000][1][safepoint    ] Safepoint "Cleanup", Time since last: 1000109003 ns, Reaching safepoint: 78894 ns, At safepoint: 6537 ns, Total: 85431 ns
[2020-09-11T16:36:37.211+0000][1][safepoint    ] Safepoint "Cleanup", Time since last: 1000111568 ns, Reaching safepoint: 80424 ns, At safepoint: 6733 ns, Total: 87157 ns
[2020-09-11T16:36:38.211+0000][1][safepoint    ] Safepoint "Cleanup", Time since last: 1000107403 ns, Reaching safepoint: 77720 ns, At safepoint: 7460 ns, Total: 85180 ns
[2020-09-11T16:36:39.211+0000][1][safepoint    ] Safepoint "Cleanup", Time since last: 1000109187 ns, Reaching safepoint: 78235 ns, At safepoint: 8499 ns, Total: 86734 ns
[2020-09-11T16:36:40.211+0000][1][safepoint    ] Safepoint "Cleanup", Time since last: 1000106309 ns, Reaching safepoint: 77451 ns, At safepoint: 8212 ns, Total: 85663 ns
[2020-09-11T16:36:41.217+0000][1][safepoint    ] Safepoint "Cleanup", Time since last: 1005360501 ns, Reaching safepoint: 88919 ns, At safepoint: 9018 ns, Total: 97937 ns
[2020-09-11T16:36:42.217+0000][1][safepoint    ] Safepoint "Cleanup", Time since last: 1000101536 ns, Reaching safepoint: 80695 ns, At safepoint: 9959 ns, Total: 90654 ns
[2020-09-11T16:36:43.217+0000][1][safepoint    ] Safepoint "Cleanup", Time since last: 1000108865 ns, Reaching safepoint: 75464 ns, At safepoint: 6785 ns, Total: 82249 ns
[2020-09-11T16:36:44.217+0000][1][safepoint    ] Safepoint "Cleanup", Time since last: 1000114858 ns, Reaching safepoint: 82643 ns, At safepoint: 7544 ns, Total: 90187 ns
[2020-09-11T16:36:45.208+0000][1][safepoint    ] Safepoint "RevokeBias", Time since last: 991022585 ns, Reaching safepoint: 168355 ns, At safepoint: 25270 ns, Total: 193625 ns
[2020-09-11T16:36:46.209+0000][1][safepoint    ] Safepoint "Cleanup", Time since last: 1000130413 ns, Reaching safepoint: 78916 ns, At safepoint: 10014 ns, Total: 88930 ns
[2020-09-11T16:36:47.209+0000][1][safepoint    ] Safepoint "Cleanup", Time since last: 1000177372 ns, Reaching safepoint: 87799 ns, At safepoint: 9348 ns, Total: 97147 ns
[2020-09-11T16:36:48.209+0000][1][safepoint    ] Safepoint "Cleanup", Time since last: 1000123793 ns, Reaching safepoint: 76951 ns, At safepoint: 7220 ns, Total: 84171 ns
[2020-09-11T16:36:49.209+0000][1][safepoint    ] Safepoint "Cleanup", Time since last: 1000119357 ns, Reaching safepoint: 77542 ns, At safepoint: 6819 ns, Total: 84361 ns
[2020-09-11T16:36:50.210+0000][1][safepoint    ] Safepoint "Cleanup", Time since last: 1000117064 ns, Reaching safepoint: 78373 ns, At safepoint: 8390 ns, Total: 86763 ns
[2020-09-11T16:36:50.392+0000][1][safepoint    ] Safepoint "RevokeBias", Time since last: 182086018 ns, Reaching safepoint: 76202 ns, At safepoint: 23589 ns, Total: 99791 ns
[2020-09-11T16:36:50.392+0000][1][safepoint    ] Safepoint "RevokeBias", Time since last: 133845 ns, Reaching safepoint: 52793 ns, At safepoint: 15027 ns, Total: 67820 ns
[2020-09-11T16:36:50.683+0000][1][gc,start     ] GC(93) Pause Young (Allocation Failure)
[2020-09-11T16:36:50.683+0000][1][gc,task      ] GC(93) Using 1 workers of 1 for evacuation
[2020-09-11T16:36:50.688+0000][1][gc,age       ] GC(93) Desired survivor size 4358144 bytes, new threshold 6 (max threshold 6)
[2020-09-11T16:36:50.688+0000][1][gc,age       ] GC(93) Age table with threshold 6 (max threshold 6)
[2020-09-11T16:36:50.688+0000][1][gc,age       ] GC(93) - age   1:      73904 bytes,      73904 total
[2020-09-11T16:36:50.688+0000][1][gc,age       ] GC(93) - age   2:      15840 bytes,      89744 total
[2020-09-11T16:36:50.688+0000][1][gc,age       ] GC(93) - age   3:       5104 bytes,      94848 total
[2020-09-11T16:36:50.688+0000][1][gc,age       ] GC(93) - age   4:       3384 bytes,      98232 total
[2020-09-11T16:36:50.688+0000][1][gc,age       ] GC(93) - age   5:       2112 bytes,     100344 total
[2020-09-11T16:36:50.688+0000][1][gc,age       ] GC(93) - age   6:      20904 bytes,     121248 total
[2020-09-11T16:36:50.688+0000][1][gc,heap      ] GC(93) ParNew: 68300K->184K(76672K)
[2020-09-11T16:36:50.688+0000][1][gc,heap      ] GC(93) CMS: 76740K->76743K(439104K)
[2020-09-11T16:36:50.688+0000][1][gc,metaspace ] GC(93) Metaspace: 91034K->91034K(1132544K)
[2020-09-11T16:36:50.689+0000][1][gc           ] GC(93) Pause Young (Allocation Failure) 141M->75M(503M) 5.104ms
[2020-09-11T16:36:50.689+0000][1][gc,cpu       ] GC(93) User=0.01s Sys=0.00s Real=0.00s
[2020-09-11T16:36:50.694+0000][1][safepoint    ] Safepoint "GenCollectForAllocation", Time since last: 291338933 ns, Reaching safepoint: 92256 ns, At safepoint: 10524664 ns, Total: 10616920 ns
[2020-09-11T16:36:50.708+0000][1][safepoint    ] Safepoint "RevokeBias", Time since last: 13510118 ns, Reaching safepoint: 372215 ns, At safepoint: 21123 ns, Total: 393338 ns
[2020-09-11T16:36:50.850+0000][1][safepoint    ] Safepoint "RevokeBias", Time since last: 142291475 ns, Reaching safepoint: 81231 ns, At safepoint: 21505 ns, Total: 102736 ns
[2020-09-11T16:36:50.850+0000][1][safepoint    ] Safepoint "RevokeBias", Time since last: 106365 ns, Reaching safepoint: 53000 ns, At safepoint: 14153 ns, Total: 67153 ns
[2020-09-11T16:36:51.369+0000][1][safepoint    ] Safepoint "RevokeBias", Time since last: 518332372 ns, Reaching safepoint: 94561 ns, At safepoint: 22462 ns, Total: 117023 ns
[2020-09-11T16:36:51.369+0000][1][safepoint    ] Safepoint "RevokeBias", Time since last: 101273 ns, Reaching safepoint: 52390 ns, At safepoint: 14690 ns, Total: 67080 ns
[2020-09-11T16:36:52.369+0000][1][safepoint    ] Safepoint "Cleanup", Time since last: 1000089709 ns, Reaching safepoint: 82720 ns, At safepoint: 9512 ns, Total: 92232 ns
[2020-09-11T16:36:53.369+0000][1][safepoint    ] Safepoint "Cleanup", Time since last: 1000106926 ns, Reaching safepoint: 78466 ns, At safepoint: 8435 ns, Total: 86901 ns
[2020-09-11T16:36:54.370+0000][1][safepoint    ] Safepoint "Cleanup", Time since last: 1000115756 ns, Reaching safepoint: 78583 ns, At safepoint: 8795 ns, Total: 87378 ns
[2020-09-11T16:36:55.207+0000][1][safepoint    ] Safepoint "RevokeBias", Time since last: 837322830 ns, Reaching safepoint: 84256 ns, At safepoint: 21889 ns, Total: 106145 ns
[2020-09-11T16:36:56.209+0000][1][safepoint    ] Safepoint "Cleanup", Time since last: 1001783062 ns, Reaching safepoint: 85415 ns, At safepoint: 8227 ns, Total: 93642 ns
[2020-09-11T16:36:57.209+0000][1][safepoint    ] Safepoint "Cleanup", Time since last: 1000108247 ns, Reaching safepoint: 80535 ns, At safepoint: 8586 ns, Total: 89121 ns
[2020-09-11T16:36:57.420+0000][1][safepoint    ] Safepoint "RevokeBias", Time since last: 210502459 ns, Reaching safepoint: 156062 ns, At safepoint: 24813 ns, Total: 180875 ns
[2020-09-11T16:36:57.420+0000][1][safepoint    ] Safepoint "RevokeBias", Time since last: 111487 ns, Reaching safepoint: 130332 ns, At safepoint: 17060 ns, Total: 147392 ns
[2020-09-11T16:36:58.420+0000][1][safepoint    ] Safepoint "Cleanup", Time since last: 1000094041 ns, Reaching safepoint: 79792 ns, At safepoint: 9181 ns, Total: 88973 ns
[2020-09-11T16:36:59.420+0000][1][safepoint    ] Safepoint "Cleanup", Time since last: 1000112466 ns, Reaching safepoint: 77471 ns, At safepoint: 8411 ns, Total: 85882 ns
[2020-09-11T16:37:00.421+0000][1][safepoint    ] Safepoint "Cleanup", Time since last: 1000112576 ns, Reaching safepoint: 78136 ns, At safepoint: 9037 ns, Total: 87173 ns
[2020-09-11T16:37:01.031+0000][1][safepoint    ] Safepoint "RevokeBias", Time since last: 610077927 ns, Reaching safepoint: 543898 ns, At safepoint: 22191 ns, Total: 566089 ns
[2020-09-11T16:37:02.031+0000][1][safepoint    ] Safepoint "Cleanup", Time since last: 1000116154 ns, Reaching safepoint: 97002 ns, At safepoint: 9720 ns, Total: 106722 ns
[2020-09-11T16:37:02.912+0000][1][safepoint    ] Safepoint "RevokeBias", Time since last: 880460006 ns, Reaching safepoint: 149311 ns, At safepoint: 38584 ns, Total: 187895 ns
[2020-09-11T16:37:03.912+0000][1][safepoint    ] Safepoint "Cleanup", Time since last: 1000109892 ns, Reaching safepoint: 77123 ns, At safepoint: 9137 ns, Total: 86260 ns
[2020-09-11T16:37:04.870+0000][1][safepoint    ] Safepoint "RevokeBias", Time since last: 956987568 ns, Reaching safepoint: 158990 ns, At safepoint: 24205 ns, Total: 183195 ns
[2020-09-11T16:37:04.870+0000][1][safepoint    ] Safepoint "RevokeBias", Time since last: 98998 ns, Reaching safepoint: 128932 ns, At safepoint: 17173 ns, Total: 146105 ns
[2020-09-11T16:37:05.130+0000][1][safepoint    ] Safepoint "RevokeBias", Time since last: 260519104 ns, Reaching safepoint: 94500 ns, At safepoint: 21865 ns, Total: 116365 ns
[2020-09-11T16:37:06.131+0000][1][safepoint    ] Safepoint "Cleanup", Time since last: 1000110868 ns, Reaching safepoint: 78691 ns, At safepoint: 9782 ns, Total: 88473 ns
[2020-09-11T16:37:07.131+0000][1][safepoint    ] Safepoint "Cleanup", Time since last: 1000115904 ns, Reaching safepoint: 77502 ns, At safepoint: 9895 ns, Total: 87397 ns
[2020-09-11T16:37:08.131+0000][1][safepoint    ] Safepoint "Cleanup", Time since last: 1000115031 ns, Reaching safepoint: 77088 ns, At safepoint: 9306 ns, Total: 86394 ns
[2020-09-11T16:37:09.131+0000][1][safepoint    ] Safepoint "Cleanup", Time since last: 1000118995 ns, Reaching safepoint: 87132 ns, At safepoint: 8019 ns, Total: 95151 ns
[2020-09-11T16:37:10.131+0000][1][safepoint    ] Safepoint "Cleanup", Time since last: 1000112348 ns, Reaching safepoint: 77120 ns, At safepoint: 6608 ns, Total: 83728 ns
[2020-09-11T16:37:11.137+0000][1][safepoint    ] Safepoint "Cleanup", Time since last: 1005555161 ns, Reaching safepoint: 78832 ns, At safepoint: 9966 ns, Total: 88798 ns
[2020-09-11T16:37:11.422+0000][1][safepoint    ] Safepoint "RevokeBias", Time since last: 284687540 ns, Reaching safepoint: 77149 ns, At safepoint: 22685 ns, Total: 99834 ns
[2020-09-11T16:37:12.422+0000][1][safepoint    ] Safepoint "Cleanup", Time since last: 1000118456 ns, Reaching safepoint: 76351 ns, At safepoint: 9293 ns, Total: 85644 ns
[2020-09-11T16:37:13.422+0000][1][safepoint    ] Safepoint "Cleanup", Time since last: 1000114903 ns, Reaching safepoint: 76549 ns, At safepoint: 8275 ns, Total: 84824 ns
[2020-09-11T16:37:14.422+0000][1][safepoint    ] Safepoint "Cleanup", Time since last: 1000130065 ns, Reaching safepoint: 95721 ns, At safepoint: 11257 ns, Total: 106978 ns
[2020-09-11T16:37:14.875+0000][1][gc,start     ] GC(94) Pause Young (Allocation Failure)
[2020-09-11T16:37:14.875+0000][1][gc,task      ] GC(94) Using 1 workers of 1 for evacuation
[2020-09-11T16:37:14.884+0000][1][gc,age       ] GC(94) Desired survivor size 4358144 bytes, new threshold 6 (max threshold 6)
[2020-09-11T16:37:14.884+0000][1][gc,age       ] GC(94) Age table with threshold 6 (max threshold 6)
[2020-09-11T16:37:14.884+0000][1][gc,age       ] GC(94) - age   1:      51008 bytes,      51008 total
[2020-09-11T16:37:14.884+0000][1][gc,age       ] GC(94) - age   2:      13776 bytes,      64784 total
[2020-09-11T16:37:14.884+0000][1][gc,age       ] GC(94) - age   3:       9216 bytes,      74000 total
[2020-09-11T16:37:14.884+0000][1][gc,age       ] GC(94) - age   4:       5104 bytes,      79104 total
[2020-09-11T16:37:14.884+0000][1][gc,age       ] GC(94) - age   5:       3384 bytes,      82488 total
[2020-09-11T16:37:14.884+0000][1][gc,age       ] GC(94) - age   6:       2112 bytes,      84600 total
[2020-09-11T16:37:14.884+0000][1][gc,heap      ] GC(94) ParNew: 68344K->111K(76672K)
[2020-09-11T16:37:14.884+0000][1][gc,heap      ] GC(94) CMS: 76743K->76764K(439104K)
[2020-09-11T16:37:14.884+0000][1][gc,metaspace ] GC(94) Metaspace: 91085K->91085K(1132544K)
[2020-09-11T16:37:14.884+0000][1][gc           ] GC(94) Pause Young (Allocation Failure) 141M->75M(503M) 9.504ms
[2020-09-11T16:37:14.884+0000][1][gc,cpu       ] GC(94) User=0.01s Sys=0.00s Real=0.01s
[2020-09-11T16:37:14.884+0000][1][safepoint    ] Safepoint "GenCollectForAllocation", Time since last: 451198028 ns, Reaching safepoint: 1185838 ns, At safepoint: 9583199 ns, Total: 10769037 ns
[2020-09-11T16:37:15.134+0000][1][safepoint    ] Safepoint "RevokeBias", Time since last: 249061227 ns, Reaching safepoint: 83087 ns, At safepoint: 34273 ns, Total: 117360 ns
[2020-09-11T16:37:16.136+0000][1][safepoint    ] Safepoint "Cleanup", Time since last: 1002408182 ns, Reaching safepoint: 82919 ns, At safepoint: 10231 ns, Total: 93150 ns
[2020-09-11T16:37:16.505+0000][1][safepoint    ] Safepoint "RevokeBias", Time since last: 368488577 ns, Reaching safepoint: 73684 ns, At safepoint: 20478 ns, Total: 94162 ns
[2020-09-11T16:37:17.505+0000][1][safepoint    ] Safepoint "Cleanup", Time since last: 1000133893 ns, Reaching safepoint: 79948 ns, At safepoint: 7193 ns, Total: 87141 ns
[2020-09-11T16:37:18.505+0000][1][safepoint    ] Safepoint "Cleanup", Time since last: 1000109664 ns, Reaching safepoint: 78172 ns, At safepoint: 8792 ns, Total: 86964 ns
[2020-09-11T16:37:19.505+0000][1][safepoint    ] Safepoint "Cleanup", Time since last: 1000112318 ns, Reaching safepoint: 78992 ns, At safepoint: 7498 ns, Total: 86490 ns
[2020-09-11T16:37:20.506+0000][1][safepoint    ] Safepoint "Cleanup", Time since last: 1000109209 ns, Reaching safepoint: 99897 ns, At safepoint: 17002 ns, Total: 116899 ns
[2020-09-11T16:37:22.382+0000][1][safepoint    ] Safepoint "Cleanup", Time since last: 1876725056 ns, Reaching safepoint: 85298 ns, At safepoint: 9386 ns, Total: 94684 ns
[2020-09-11T16:37:23.383+0000][1][safepoint    ] Safepoint "Cleanup", Time since last: 1000114543 ns, Reaching safepoint: 93870 ns, At safepoint: 9838 ns, Total: 103708 ns
[2020-09-11T16:37:24.780+0000][1][safepoint    ] Safepoint "Cleanup", Time since last: 1397582587 ns, Reaching safepoint: 85982 ns, At safepoint: 8969 ns, Total: 94951 ns
[2020-09-11T16:37:25.781+0000][1][safepoint    ] Safepoint "Cleanup", Time since last: 1000123274 ns, Reaching safepoint: 147214 ns, At safepoint: 9362 ns, Total: 156576 ns
[2020-09-11T16:37:26.677+0000][1][safepoint    ] Safepoint "RevokeBias", Time since last: 895945027 ns, Reaching safepoint: 88450 ns, At safepoint: 25785 ns, Total: 114235 ns
[2020-09-11T16:37:27.677+0000][1][safepoint    ] Safepoint "Cleanup", Time since last: 1000116746 ns, Reaching safepoint: 114338 ns, At safepoint: 6467 ns, Total: 120805 ns
[2020-09-11T16:37:28.679+0000][1][safepoint    ] Safepoint "Cleanup", Time since last: 1002490818 ns, Reaching safepoint: 83030 ns, At safepoint: 8688 ns, Total: 91718 ns
[2020-09-11T16:37:29.680+0000][1][safepoint    ] Safepoint "Cleanup", Time since last: 1000114566 ns, Reaching safepoint: 78983 ns, At safepoint: 9645 ns, Total: 88628 ns
[2020-09-11T16:37:30.680+0000][1][safepoint    ] Safepoint "Cleanup", Time since last: 1000116355 ns, Reaching safepoint: 76549 ns, At safepoint: 7010 ns, Total: 83559 ns
[2020-09-11T16:37:31.680+0000][1][safepoint    ] Safepoint "Cleanup", Time since last: 1000118508 ns, Reaching safepoint: 83222 ns, At safepoint: 9232 ns, Total: 92454 ns
[2020-09-11T16:37:32.680+0000][1][safepoint    ] Safepoint "Cleanup", Time since last: 1000121836 ns, Reaching safepoint: 79242 ns, At safepoint: 8846 ns, Total: 88088 ns
[2020-09-11T16:37:33.680+0000][1][safepoint    ] Safepoint "Cleanup", Time since last: 1000121795 ns, Reaching safepoint: 81007 ns, At safepoint: 7133 ns, Total: 88140 ns
[2020-09-11T16:37:34.681+0000][1][safepoint    ] Safepoint "Cleanup", Time since last: 1000121619 ns, Reaching safepoint: 80331 ns, At safepoint: 7889 ns, Total: 88220 ns
[2020-09-11T16:37:35.681+0000][1][safepoint    ] Safepoint "Cleanup", Time since last: 1000110680 ns, Reaching safepoint: 155074 ns, At safepoint: 9934 ns, Total: 165008 ns
[2020-09-11T16:37:36.777+0000][1][safepoint    ] Safepoint "RevokeBias", Time since last: 1095742603 ns, Reaching safepoint: 112708 ns, At safepoint: 44355 ns, Total: 157063 ns
[2020-09-11T16:37:37.777+0000][1][safepoint    ] Safepoint "Cleanup", Time since last: 1000116395 ns, Reaching safepoint: 77421 ns, At safepoint: 7390 ns, Total: 84811 ns
[2020-09-11T16:37:38.777+0000][1][safepoint    ] Safepoint "Cleanup", Time since last: 1000112682 ns, Reaching safepoint: 79046 ns, At safepoint: 9429 ns, Total: 88475 ns
[2020-09-11T16:37:39.777+0000][1][safepoint    ] Safepoint "Cleanup", Time since last: 1000114451 ns, Reaching safepoint: 80870 ns, At safepoint: 7675 ns, Total: 88545 ns
[2020-09-11T16:37:40.778+0000][1][safepoint    ] Safepoint "Cleanup", Time since last: 1000117774 ns, Reaching safepoint: 87176 ns, At safepoint: 6709 ns, Total: 93885 ns
[2020-09-11T16:37:41.778+0000][1][safepoint    ] Safepoint "Cleanup", Time since last: 1000122761 ns, Reaching safepoint: 79305 ns, At safepoint: 9336 ns, Total: 88641 ns
[2020-09-11T16:37:42.778+0000][1][safepoint    ] Safepoint "Cleanup", Time since last: 1000121161 ns, Reaching safepoint: 78083 ns, At safepoint: 8924 ns, Total: 87007 ns
[2020-09-11T16:37:43.779+0000][1][safepoint    ] Safepoint "Cleanup", Time since last: 1000373560 ns, Reaching safepoint: 82951 ns, At safepoint: 7191 ns, Total: 90142 ns
[2020-09-11T16:37:44.779+0000][1][safepoint    ] Safepoint "Cleanup", Time since last: 1000113131 ns, Reaching safepoint: 75317 ns, At safepoint: 8711 ns, Total: 84028 ns
[2020-09-11T16:37:45.469+0000][1][safepoint    ] Safepoint "BulkRevokeBias", Time since last: 689611117 ns, Reaching safepoint: 168241 ns, At safepoint: 204924 ns, Total: 373165 ns
[2020-09-11T16:37:46.469+0000][1][safepoint    ] Safepoint "Cleanup", Time since last: 1000161294 ns, Reaching safepoint: 83048 ns, At safepoint: 9479 ns, Total: 92527 ns
[2020-09-11T16:37:47.469+0000][1][safepoint    ] Safepoint "Cleanup", Time since last: 1000116001 ns, Reaching safepoint: 90105 ns, At safepoint: 9485 ns, Total: 99590 ns
[2020-09-11T16:37:48.469+0000][1][safepoint    ] Safepoint "Cleanup", Time since last: 1000115673 ns, Reaching safepoint: 80113 ns, At safepoint: 9163 ns, Total: 89276 ns
[2020-09-11T16:37:49.470+0000][1][safepoint    ] Safepoint "Cleanup", Time since last: 1000114164 ns, Reaching safepoint: 78919 ns, At safepoint: 7518 ns, Total: 86437 ns
[2020-09-11T16:37:49.912+0000][1][gc,start     ] GC(95) Pause Young (Allocation Failure)
[2020-09-11T16:37:49.912+0000][1][gc,task      ] GC(95) Using 1 workers of 1 for evacuation
[2020-09-11T16:37:49.917+0000][1][gc,age       ] GC(95) Desired survivor size 4358144 bytes, new threshold 6 (max threshold 6)
[2020-09-11T16:37:49.917+0000][1][gc,age       ] GC(95) Age table with threshold 6 (max threshold 6)
[2020-09-11T16:37:49.921+0000][1][gc,age       ] GC(95) - age   1:      58264 bytes,      58264 total
[2020-09-11T16:37:49.921+0000][1][gc,age       ] GC(95) - age   2:      10432 bytes,      68696 total
[2020-09-11T16:37:49.921+0000][1][gc,age       ] GC(95) - age   3:       4552 bytes,      73248 total
[2020-09-11T16:37:49.921+0000][1][gc,age       ] GC(95) - age   4:       4504 bytes,      77752 total
[2020-09-11T16:37:49.921+0000][1][gc,age       ] GC(95) - age   5:       5104 bytes,      82856 total
[2020-09-11T16:37:49.921+0000][1][gc,age       ] GC(95) - age   6:       3384 bytes,      86240 total
[2020-09-11T16:37:49.921+0000][1][gc,heap      ] GC(95) ParNew: 68271K->89K(76672K)
[2020-09-11T16:37:49.921+0000][1][gc,heap      ] GC(95) CMS: 76764K->76765K(439104K)
[2020-09-11T16:37:49.921+0000][1][gc,metaspace ] GC(95) Metaspace: 91100K->91100K(1132544K)
[2020-09-11T16:37:49.921+0000][1][gc           ] GC(95) Pause Young (Allocation Failure) 141M->75M(503M) 8.600ms
[2020-09-11T16:37:49.921+0000][1][gc,cpu       ] GC(95) User=0.01s Sys=0.00s Real=0.02s
[2020-09-11T16:37:49.921+0000][1][safepoint    ] Safepoint "GenCollectForAllocation", Time since last: 442549539 ns, Reaching safepoint: 151429 ns, At safepoint: 8672540 ns, Total: 8823969 ns
[2020-09-11T16:37:50.926+0000][1][safepoint    ] Safepoint "Cleanup", Time since last: 1004570584 ns, Reaching safepoint: 78314 ns, At safepoint: 8915 ns, Total: 87229 ns
[2020-09-11T16:37:51.926+0000][1][safepoint    ] Safepoint "Cleanup", Time since last: 1000112121 ns, Reaching safepoint: 79410 ns, At safepoint: 6004 ns, Total: 85414 ns
[2020-09-11T16:37:52.926+0000][1][safepoint    ] Safepoint "Cleanup", Time since last: 1000114221 ns, Reaching safepoint: 82905 ns, At safepoint: 7750 ns, Total: 90655 ns
[2020-09-11T16:37:53.926+0000][1][safepoint    ] Safepoint "Cleanup", Time since last: 1000106944 ns, Reaching safepoint: 78733 ns, At safepoint: 8656 ns, Total: 87389 ns
[2020-09-11T16:37:54.932+0000][1][safepoint    ] Safepoint "Cleanup", Time since last: 1005771018 ns, Reaching safepoint: 77925 ns, At safepoint: 8313 ns, Total: 86238 ns
[2020-09-11T16:37:55.164+0000][1][safepoint    ] Safepoint "RevokeBias", Time since last: 232136760 ns, Reaching safepoint: 166409 ns, At safepoint: 24625 ns, Total: 191034 ns
[2020-09-11T16:37:56.165+0000][1][safepoint    ] Safepoint "Cleanup", Time since last: 1000107189 ns, Reaching safepoint: 88198 ns, At safepoint: 7211 ns, Total: 95409 ns
[2020-09-11T16:37:57.165+0000][1][safepoint    ] Safepoint "Cleanup", Time since last: 1000116289 ns, Reaching safepoint: 96808 ns, At safepoint: 7820 ns, Total: 104628 ns
[2020-09-11T16:37:58.165+0000][1][safepoint    ] Safepoint "Cleanup", Time since last: 1000108740 ns, Reaching safepoint: 77969 ns, At safepoint: 8150 ns, Total: 86119 ns
[2020-09-11T16:37:59.165+0000][1][safepoint    ] Safepoint "Cleanup", Time since last: 1000105372 ns, Reaching safepoint: 78223 ns, At safepoint: 6613 ns, Total: 84836 ns
[2020-09-11T16:38:00.166+0000][1][safepoint    ] Safepoint "Cleanup", Time since last: 1000513327 ns, Reaching safepoint: 74061 ns, At safepoint: 6965 ns, Total: 81026 ns
[2020-09-11T16:38:01.171+0000][1][safepoint    ] Safepoint "Cleanup", Time since last: 1005234873 ns, Reaching safepoint: 75183 ns, At safepoint: 6442 ns, Total: 81625 ns
[2020-09-11T16:38:02.171+0000][1][safepoint    ] Safepoint "Cleanup", Time since last: 1000106018 ns, Reaching safepoint: 74254 ns, At safepoint: 6108 ns, Total: 80362 ns
[2020-09-11T16:38:03.172+0000][1][safepoint    ] Safepoint "Cleanup", Time since last: 1000108130 ns, Reaching safepoint: 77298 ns, At safepoint: 6840 ns, Total: 84138 ns
[2020-09-11T16:38:04.172+0000][1][safepoint    ] Safepoint "Cleanup", Time since last: 1000113437 ns, Reaching safepoint: 71295 ns, At safepoint: 8806 ns, Total: 80101 ns
[2020-09-11T16:38:05.125+0000][1][safepoint    ] Safepoint "RevokeBias", Time since last: 953070707 ns, Reaching safepoint: 89409 ns, At safepoint: 21613 ns, Total: 111022 ns
[2020-09-11T16:38:06.125+0000][1][safepoint    ] Safepoint "Cleanup", Time since last: 1000106128 ns, Reaching safepoint: 80303 ns, At safepoint: 9970 ns, Total: 90273 ns
[2020-09-11T16:38:07.125+0000][1][safepoint    ] Safepoint "Cleanup", Time since last: 1000111273 ns, Reaching safepoint: 96824 ns, At safepoint: 6873 ns, Total: 103697 ns
[2020-09-11T16:38:08.125+0000][1][safepoint    ] Safepoint "Cleanup", Time since last: 1000105579 ns, Reaching safepoint: 77955 ns, At safepoint: 8844 ns, Total: 86799 ns
[2020-09-11T16:38:09.126+0000][1][safepoint    ] Safepoint "Cleanup", Time since last: 1000112912 ns, Reaching safepoint: 78344 ns, At safepoint: 7602 ns, Total: 85946 ns
[2020-09-11T16:38:10.126+0000][1][safepoint    ] Safepoint "Cleanup", Time since last: 1000114259 ns, Reaching safepoint: 95024 ns, At safepoint: 9847 ns, Total: 104871 ns
[2020-09-11T16:38:11.131+0000][1][safepoint    ] Safepoint "Cleanup", Time since last: 1005121839 ns, Reaching safepoint: 82498 ns, At safepoint: 8412 ns, Total: 90910 ns
[2020-09-11T16:38:12.131+0000][1][safepoint    ] Safepoint "Cleanup", Time since last: 1000111500 ns, Reaching safepoint: 77208 ns, At safepoint: 6475 ns, Total: 83683 ns
[2020-09-11T16:38:13.132+0000][1][safepoint    ] Safepoint "Cleanup", Time since last: 1000115003 ns, Reaching safepoint: 90711 ns, At safepoint: 9179 ns, Total: 99890 ns
[2020-09-11T16:38:14.132+0000][1][safepoint    ] Safepoint "Cleanup", Time since last: 1000136889 ns, Reaching safepoint: 79471 ns, At safepoint: 6886 ns, Total: 86357 ns
[2020-09-11T16:38:15.132+0000][1][safepoint    ] Safepoint "Cleanup", Time since last: 1000121042 ns, Reaching safepoint: 89265 ns, At safepoint: 8469 ns, Total: 97734 ns
[2020-09-11T16:38:15.181+0000][1][safepoint    ] Safepoint "RevokeBias", Time since last: 48572853 ns, Reaching safepoint: 81502 ns, At safepoint: 22126 ns, Total: 103628 ns
[2020-09-11T16:38:16.181+0000][1][safepoint    ] Safepoint "Cleanup", Time since last: 1000120700 ns, Reaching safepoint: 82611 ns, At safepoint: 8681 ns, Total: 91292 ns
[2020-09-11T16:38:17.181+0000][1][safepoint    ] Safepoint "Cleanup", Time since last: 1000120051 ns, Reaching safepoint: 77007 ns, At safepoint: 6802 ns, Total: 83809 ns
[2020-09-11T16:38:18.181+0000][1][safepoint    ] Safepoint "Cleanup", Time since last: 1000114329 ns, Reaching safepoint: 76640 ns, At safepoint: 9453 ns, Total: 86093 ns
[2020-09-11T16:38:19.181+0000][1][safepoint    ] Safepoint "Cleanup", Time since last: 1000109100 ns, Reaching safepoint: 79607 ns, At safepoint: 6812 ns, Total: 86419 ns
[2020-09-11T16:38:19.951+0000][1][gc,start     ] GC(96) Pause Young (Allocation Failure)
[2020-09-11T16:38:19.951+0000][1][gc,task      ] GC(96) Using 1 workers of 1 for evacuation
[2020-09-11T16:38:19.961+0000][1][gc,age       ] GC(96) Desired survivor size 4358144 bytes, new threshold 6 (max threshold 6)
[2020-09-11T16:38:19.961+0000][1][gc,age       ] GC(96) Age table with threshold 6 (max threshold 6)
[2020-09-11T16:38:19.961+0000][1][gc,age       ] GC(96) - age   1:      61120 bytes,      61120 total
[2020-09-11T16:38:19.961+0000][1][gc,age       ] GC(96) - age   2:      10736 bytes,      71856 total
[2020-09-11T16:38:19.961+0000][1][gc,age       ] GC(96) - age   3:       6296 bytes,      78152 total
[2020-09-11T16:38:19.961+0000][1][gc,age       ] GC(96) - age   4:       4552 bytes,      82704 total
[2020-09-11T16:38:19.961+0000][1][gc,age       ] GC(96) - age   5:       4504 bytes,      87208 total
[2020-09-11T16:38:19.961+0000][1][gc,age       ] GC(96) - age   6:       5104 bytes,      92312 total
[2020-09-11T16:38:19.961+0000][1][gc,heap      ] GC(96) ParNew: 68249K->171K(76672K)
[2020-09-11T16:38:19.961+0000][1][gc,heap      ] GC(96) CMS: 76765K->76769K(439104K)
[2020-09-11T16:38:19.961+0000][1][gc,metaspace ] GC(96) Metaspace: 91131K->91131K(1132544K)
[2020-09-11T16:38:19.961+0000][1][gc           ] GC(96) Pause Young (Allocation Failure) 141M->75M(503M) 10.391ms
[2020-09-11T16:38:19.961+0000][1][gc,cpu       ] GC(96) User=0.00s Sys=0.00s Real=0.02s
[2020-09-11T16:38:19.961+0000][1][safepoint    ] Safepoint "GenCollectForAllocation", Time since last: 768230504 ns, Reaching safepoint: 1189304 ns, At safepoint: 10458806 ns, Total: 11648110 ns
[2020-09-11T16:38:20.964+0000][1][safepoint    ] Safepoint "Cleanup", Time since last: 1002085557 ns, Reaching safepoint: 75651 ns, At safepoint: 6583 ns, Total: 82234 ns
[2020-09-11T16:38:21.964+0000][1][safepoint    ] Safepoint "Cleanup", Time since last: 1000196390 ns, Reaching safepoint: 71027 ns, At safepoint: 6883 ns, Total: 77910 ns
[2020-09-11T16:38:22.964+0000][1][safepoint    ] Safepoint "Cleanup", Time since last: 1000188299 ns, Reaching safepoint: 76068 ns, At safepoint: 6043 ns, Total: 82111 ns
[2020-09-11T16:38:23.964+0000][1][safepoint    ] Safepoint "Cleanup", Time since last: 1000192874 ns, Reaching safepoint: 71685 ns, At safepoint: 6043 ns, Total: 77728 ns
[2020-09-11T16:38:24.965+0000][1][safepoint    ] Safepoint "Cleanup", Time since last: 1000135198 ns, Reaching safepoint: 154287 ns, At safepoint: 10062 ns, Total: 164349 ns
[2020-09-11T16:38:25.131+0000][1][safepoint    ] Safepoint "RevokeBias", Time since last: 166653341 ns, Reaching safepoint: 159245 ns, At safepoint: 22805 ns, Total: 182050 ns
[2020-09-11T16:38:26.132+0000][1][safepoint    ] Safepoint "Cleanup", Time since last: 1000104943 ns, Reaching safepoint: 85840 ns, At safepoint: 9427 ns, Total: 95267 ns
[2020-09-11T16:38:27.132+0000][1][safepoint    ] Safepoint "Cleanup", Time since last: 1000130978 ns, Reaching safepoint: 78673 ns, At safepoint: 6368 ns, Total: 85041 ns
[2020-09-11T16:38:28.132+0000][1][safepoint    ] Safepoint "Cleanup", Time since last: 1000109356 ns, Reaching safepoint: 81294 ns, At safepoint: 8127 ns, Total: 89421 ns
[2020-09-11T16:38:29.132+0000][1][safepoint    ] Safepoint "Cleanup", Time since last: 1000111940 ns, Reaching safepoint: 92207 ns, At safepoint: 18443 ns, Total: 110650 ns
[2020-09-11T16:38:30.132+0000][1][safepoint    ] Safepoint "Cleanup", Time since last: 1000110554 ns, Reaching safepoint: 79382 ns, At safepoint: 8448 ns, Total: 87830 ns
[2020-09-11T16:38:31.167+0000][1][safepoint    ] Safepoint "Cleanup", Time since last: 1034770425 ns, Reaching safepoint: 103789 ns, At safepoint: 9813 ns, Total: 113602 ns
[2020-09-11T16:38:32.168+0000][1][safepoint    ] Safepoint "Cleanup", Time since last: 1000114024 ns, Reaching safepoint: 77657 ns, At safepoint: 6678 ns, Total: 84335 ns
[2020-09-11T16:38:33.168+0000][1][safepoint    ] Safepoint "Cleanup", Time since last: 1000108664 ns, Reaching safepoint: 77296 ns, At safepoint: 6666 ns, Total: 83962 ns
[2020-09-11T16:38:34.168+0000][1][safepoint    ] Safepoint "Cleanup", Time since last: 1000118002 ns, Reaching safepoint: 76446 ns, At safepoint: 7110 ns, Total: 83556 ns
[2020-09-11T16:38:35.147+0000][1][safepoint    ] Safepoint "RevokeBias", Time since last: 978856638 ns, Reaching safepoint: 85441 ns, At safepoint: 21950 ns, Total: 107391 ns
[2020-09-11T16:38:36.147+0000][1][safepoint    ] Safepoint "Cleanup", Time since last: 1000132972 ns, Reaching safepoint: 78053 ns, At safepoint: 6822 ns, Total: 84875 ns
[2020-09-11T16:38:37.147+0000][1][safepoint    ] Safepoint "Cleanup", Time since last: 1000109629 ns, Reaching safepoint: 104563 ns, At safepoint: 10020 ns, Total: 114583 ns
[2020-09-11T16:38:38.148+0000][1][safepoint    ] Safepoint "Cleanup", Time since last: 1000101402 ns, Reaching safepoint: 90680 ns, At safepoint: 7612 ns, Total: 98292 ns
[2020-09-11T16:38:39.148+0000][1][safepoint    ] Safepoint "Cleanup", Time since last: 1000122697 ns, Reaching safepoint: 77526 ns, At safepoint: 6957 ns, Total: 84483 ns
[2020-09-11T16:38:40.148+0000][1][safepoint    ] Safepoint "Cleanup", Time since last: 1000117135 ns, Reaching safepoint: 79952 ns, At safepoint: 7069 ns, Total: 87021 ns
[2020-09-11T16:38:41.148+0000][1][safepoint    ] Safepoint "Cleanup", Time since last: 1000110256 ns, Reaching safepoint: 79820 ns, At safepoint: 9553 ns, Total: 89373 ns
[2020-09-11T16:38:42.148+0000][1][safepoint    ] Safepoint "Cleanup", Time since last: 1000115149 ns, Reaching safepoint: 82169 ns, At safepoint: 7950 ns, Total: 90119 ns
[2020-09-11T16:38:43.149+0000][1][safepoint    ] Safepoint "Cleanup", Time since last: 1000108598 ns, Reaching safepoint: 82400 ns, At safepoint: 8863 ns, Total: 91263 ns
[2020-09-11T16:38:44.149+0000][1][safepoint    ] Safepoint "Cleanup", Time since last: 1000130467 ns, Reaching safepoint: 98410 ns, At safepoint: 6524 ns, Total: 104934 ns
[2020-09-11T16:38:45.139+0000][1][safepoint    ] Safepoint "RevokeBias", Time since last: 990386439 ns, Reaching safepoint: 163005 ns, At safepoint: 22228 ns, Total: 185233 ns
[2020-09-11T16:38:46.140+0000][1][safepoint    ] Safepoint "Cleanup", Time since last: 1000104760 ns, Reaching safepoint: 89190 ns, At safepoint: 6933 ns, Total: 96123 ns
[2020-09-11T16:38:47.141+0000][1][safepoint    ] Safepoint "Cleanup", Time since last: 1001181466 ns, Reaching safepoint: 79303 ns, At safepoint: 6705 ns, Total: 86008 ns
[2020-09-11T16:38:48.141+0000][1][safepoint    ] Safepoint "Cleanup", Time since last: 1000111728 ns, Reaching safepoint: 82532 ns, At safepoint: 9075 ns, Total: 91607 ns
[2020-09-11T16:38:49.141+0000][1][safepoint    ] Safepoint "Cleanup", Time since last: 1000115076 ns, Reaching safepoint: 81994 ns, At safepoint: 6587 ns, Total: 88581 ns
[2020-09-11T16:38:50.141+0000][1][safepoint    ] Safepoint "Cleanup", Time since last: 1000111700 ns, Reaching safepoint: 79576 ns, At safepoint: 7913 ns, Total: 87489 ns
[2020-09-11T16:38:50.701+0000][1][gc,start     ] GC(97) Pause Young (Allocation Failure)
[2020-09-11T16:38:50.701+0000][1][gc,task      ] GC(97) Using 1 workers of 1 for evacuation
[2020-09-11T16:38:50.709+0000][1][gc,age       ] GC(97) Desired survivor size 4358144 bytes, new threshold 6 (max threshold 6)
[2020-09-11T16:38:50.709+0000][1][gc,age       ] GC(97) Age table with threshold 6 (max threshold 6)
[2020-09-11T16:38:50.709+0000][1][gc,age       ] GC(97) - age   1:     161832 bytes,     161832 total
[2020-09-11T16:38:50.709+0000][1][gc,age       ] GC(97) - age   2:      13952 bytes,     175784 total
[2020-09-11T16:38:50.709+0000][1][gc,age       ] GC(97) - age   3:       1696 bytes,     177480 total
[2020-09-11T16:38:50.709+0000][1][gc,age       ] GC(97) - age   4:       3728 bytes,     181208 total
[2020-09-11T16:38:50.709+0000][1][gc,age       ] GC(97) - age   5:       4240 bytes,     185448 total
[2020-09-11T16:38:50.709+0000][1][gc,age       ] GC(97) - age   6:       4504 bytes,     189952 total
[2020-09-11T16:38:50.709+0000][1][gc,heap      ] GC(97) ParNew: 68315K->189K(76672K)
[2020-09-11T16:38:50.709+0000][1][gc,heap      ] GC(97) CMS: 76769K->76773K(439104K)
[2020-09-11T16:38:50.709+0000][1][gc,metaspace ] GC(97) Metaspace: 91154K->91154K(1132544K)
[2020-09-11T16:38:50.709+0000][1][gc           ] GC(97) Pause Young (Allocation Failure) 141M->75M(503M) 8.468ms
[2020-09-11T16:38:50.709+0000][1][gc,cpu       ] GC(97) User=0.01s Sys=0.00s Real=0.00s
[2020-09-11T16:38:50.710+0000][1][safepoint    ] Safepoint "GenCollectForAllocation", Time since last: 559342154 ns, Reaching safepoint: 176652 ns, At safepoint: 8905651 ns, Total: 9082303 ns
[2020-09-11T16:38:51.715+0000][1][safepoint    ] Safepoint "Cleanup", Time since last: 1005332987 ns, Reaching safepoint: 84346 ns, At safepoint: 7317 ns, Total: 91663 ns
[2020-09-11T16:38:52.716+0000][1][safepoint    ] Safepoint "Cleanup", Time since last: 1000114632 ns, Reaching safepoint: 84879 ns, At safepoint: 6792 ns, Total: 91671 ns
[2020-09-11T16:38:53.716+0000][1][safepoint    ] Safepoint "Cleanup", Time since last: 1000111236 ns, Reaching safepoint: 85730 ns, At safepoint: 6362 ns, Total: 92092 ns
[2020-09-11T16:38:54.716+0000][1][safepoint    ] Safepoint "Cleanup", Time since last: 1000102784 ns, Reaching safepoint: 86161 ns, At safepoint: 7048 ns, Total: 93209 ns
[2020-09-11T16:38:55.177+0000][1][safepoint    ] Safepoint "RevokeBias", Time since last: 460566117 ns, Reaching safepoint: 164111 ns, At safepoint: 23050 ns, Total: 187161 ns
[2020-09-11T16:38:56.177+0000][1][safepoint    ] Safepoint "Cleanup", Time since last: 1000096374 ns, Reaching safepoint: 89029 ns, At safepoint: 9772 ns, Total: 98801 ns
[2020-09-11T16:38:57.177+0000][1][safepoint    ] Safepoint "Cleanup", Time since last: 1000117025 ns, Reaching safepoint: 89801 ns, At safepoint: 7531 ns, Total: 97332 ns
[2020-09-11T16:38:58.177+0000][1][safepoint    ] Safepoint "Cleanup", Time since last: 1000133390 ns, Reaching safepoint: 79183 ns, At safepoint: 6736 ns, Total: 85919 ns
[2020-09-11T16:38:59.178+0000][1][safepoint    ] Safepoint "Cleanup", Time since last: 1000112891 ns, Reaching safepoint: 81626 ns, At safepoint: 7349 ns, Total: 88975 ns
[2020-09-11T16:39:00.178+0000][1][safepoint    ] Safepoint "Cleanup", Time since last: 1000114267 ns, Reaching safepoint: 82294 ns, At safepoint: 9287 ns, Total: 91581 ns
[2020-09-11T16:39:01.183+0000][1][safepoint    ] Safepoint "Cleanup", Time since last: 1005411306 ns, Reaching safepoint: 80791 ns, At safepoint: 7172 ns, Total: 87963 ns
[2020-09-11T16:39:02.183+0000][1][safepoint    ] Safepoint "Cleanup", Time since last: 1000115017 ns, Reaching safepoint: 83478 ns, At safepoint: 7193 ns, Total: 90671 ns
[2020-09-11T16:39:03.184+0000][1][safepoint    ] Safepoint "Cleanup", Time since last: 1000111164 ns, Reaching safepoint: 82781 ns, At safepoint: 7610 ns, Total: 90391 ns
[2020-09-11T16:39:04.184+0000][1][safepoint    ] Safepoint "Cleanup", Time since last: 1000117473 ns, Reaching safepoint: 78645 ns, At safepoint: 6914 ns, Total: 85559 ns
[2020-09-11T16:39:05.136+0000][1][safepoint    ] Safepoint "RevokeBias", Time since last: 952298941 ns, Reaching safepoint: 88523 ns, At safepoint: 28249 ns, Total: 116772 ns
[2020-09-11T16:39:06.136+0000][1][safepoint    ] Safepoint "Cleanup", Time since last: 1000109179 ns, Reaching safepoint: 84212 ns, At safepoint: 9906 ns, Total: 94118 ns
[2020-09-11T16:39:07.137+0000][1][safepoint    ] Safepoint "Cleanup", Time since last: 1000128037 ns, Reaching safepoint: 81307 ns, At safepoint: 7411 ns, Total: 88718 ns
[2020-09-11T16:39:08.137+0000][1][safepoint    ] Safepoint "Cleanup", Time since last: 1000129226 ns, Reaching safepoint: 103261 ns, At safepoint: 9169 ns, Total: 112430 ns
[2020-09-11T16:39:09.137+0000][1][safepoint    ] Safepoint "Cleanup", Time since last: 1000107744 ns, Reaching safepoint: 80676 ns, At safepoint: 7292 ns, Total: 87968 ns
[2020-09-11T16:39:10.138+0000][1][safepoint    ] Safepoint "Cleanup", Time since last: 1000834229 ns, Reaching safepoint: 81032 ns, At safepoint: 7750 ns, Total: 88782 ns
[2020-09-11T16:39:11.149+0000][1][safepoint    ] Safepoint "Cleanup", Time since last: 1010754578 ns, Reaching safepoint: 83620 ns, At safepoint: 8724 ns, Total: 92344 ns
[2020-09-11T16:39:12.149+0000][1][safepoint    ] Safepoint "Cleanup", Time since last: 1000118014 ns, Reaching safepoint: 82728 ns, At safepoint: 8506 ns, Total: 91234 ns
[2020-09-11T16:39:13.149+0000][1][safepoint    ] Safepoint "Cleanup", Time since last: 1000110459 ns, Reaching safepoint: 79409 ns, At safepoint: 6238 ns, Total: 85647 ns
[2020-09-11T16:39:14.391+0000][1][safepoint    ] Safepoint "Cleanup", Time since last: 1239548086 ns, Reaching safepoint: 2533577 ns, At safepoint: 32618 ns, Total: 2566195 ns
[2020-09-11T16:39:15.134+0000][1][safepoint    ] Safepoint "RevokeBias", Time since last: 742436194 ns, Reaching safepoint: 93876 ns, At safepoint: 22609 ns, Total: 116485 ns
[2020-09-11T16:39:16.134+0000][1][safepoint    ] Safepoint "Cleanup", Time since last: 1000106696 ns, Reaching safepoint: 87705 ns, At safepoint: 6813 ns, Total: 94518 ns
[2020-09-11T16:39:17.134+0000][1][safepoint    ] Safepoint "Cleanup", Time since last: 1000109684 ns, Reaching safepoint: 82559 ns, At safepoint: 9212 ns, Total: 91771 ns
[2020-09-11T16:39:18.135+0000][1][safepoint    ] Safepoint "Cleanup", Time since last: 1000112054 ns, Reaching safepoint: 80753 ns, At safepoint: 6231 ns, Total: 86984 ns
[2020-09-11T16:39:19.135+0000][1][safepoint    ] Safepoint "Cleanup", Time since last: 1000109346 ns, Reaching safepoint: 82749 ns, At safepoint: 9549 ns, Total: 92298 ns
[2020-09-11T16:39:20.135+0000][1][safepoint    ] Safepoint "Cleanup", Time since last: 1000116494 ns, Reaching safepoint: 84471 ns, At safepoint: 9038 ns, Total: 93509 ns
[2020-09-11T16:39:21.141+0000][1][safepoint    ] Safepoint "Cleanup", Time since last: 1005495835 ns, Reaching safepoint: 81083 ns, At safepoint: 9391 ns, Total: 90474 ns
[2020-09-11T16:39:22.141+0000][1][safepoint    ] Safepoint "Cleanup", Time since last: 1000123162 ns, Reaching safepoint: 102495 ns, At safepoint: 7071 ns, Total: 109566 ns
[2020-09-11T16:39:23.141+0000][1][safepoint    ] Safepoint "Cleanup", Time since last: 1000111153 ns, Reaching safepoint: 90213 ns, At safepoint: 7796 ns, Total: 98009 ns
[2020-09-11T16:39:23.454+0000][1][gc,start     ] GC(98) Pause Young (Allocation Failure)
[2020-09-11T16:39:23.454+0000][1][gc,task      ] GC(98) Using 1 workers of 1 for evacuation
[2020-09-11T16:39:23.466+0000][1][gc,age       ] GC(98) Desired survivor size 4358144 bytes, new threshold 6 (max threshold 6)
[2020-09-11T16:39:23.466+0000][1][gc,age       ] GC(98) Age table with threshold 6 (max threshold 6)
[2020-09-11T16:39:23.466+0000][1][gc,age       ] GC(98) - age   1:      74128 bytes,      74128 total
[2020-09-11T16:39:23.466+0000][1][gc,age       ] GC(98) - age   2:      11848 bytes,      85976 total
[2020-09-11T16:39:23.466+0000][1][gc,age       ] GC(98) - age   3:       9944 bytes,      95920 total
[2020-09-11T16:39:23.466+0000][1][gc,age       ] GC(98) - age   4:       1696 bytes,      97616 total
[2020-09-11T16:39:23.466+0000][1][gc,age       ] GC(98) - age   5:       3728 bytes,     101344 total
[2020-09-11T16:39:23.466+0000][1][gc,age       ] GC(98) - age   6:       3928 bytes,     105272 total
[2020-09-11T16:39:23.466+0000][1][gc,heap      ] GC(98) ParNew: 68349K->135K(76672K)
[2020-09-11T16:39:23.466+0000][1][gc,heap      ] GC(98) CMS: 76773K->76778K(439104K)
[2020-09-11T16:39:23.466+0000][1][gc,metaspace ] GC(98) Metaspace: 91176K->91176K(1132544K)
[2020-09-11T16:39:23.466+0000][1][gc           ] GC(98) Pause Young (Allocation Failure) 141M->75M(503M) 12.727ms
[2020-09-11T16:39:23.466+0000][1][gc,cpu       ] GC(98) User=0.00s Sys=0.00s Real=0.01s
[2020-09-11T16:39:23.466+0000][1][safepoint    ] Safepoint "GenCollectForAllocation", Time since last: 306248597 ns, Reaching safepoint: 6261530 ns, At safepoint: 12796253 ns, Total: 19057783 ns
[2020-09-11T16:39:24.473+0000][1][safepoint    ] Safepoint "Cleanup", Time since last: 1006632958 ns, Reaching safepoint: 82730 ns, At safepoint: 9086 ns, Total: 91816 ns
[2020-09-11T16:39:25.128+0000][1][safepoint    ] Safepoint "RevokeBias", Time since last: 654424322 ns, Reaching safepoint: 164386 ns, At safepoint: 23541 ns, Total: 187927 ns
[2020-09-11T16:39:26.128+0000][1][safepoint    ] Safepoint "Cleanup", Time since last: 1000110090 ns, Reaching safepoint: 91969 ns, At safepoint: 10388 ns, Total: 102357 ns
[2020-09-11T16:39:27.128+0000][1][safepoint    ] Safepoint "Cleanup", Time since last: 1000109764 ns, Reaching safepoint: 80696 ns, At safepoint: 7094 ns, Total: 87790 ns
[2020-09-11T16:39:28.129+0000][1][safepoint    ] Safepoint "Cleanup", Time since last: 1000749424 ns, Reaching safepoint: 82398 ns, At safepoint: 9040 ns, Total: 91438 ns
[2020-09-11T16:39:29.129+0000][1][safepoint    ] Safepoint "Cleanup", Time since last: 1000108625 ns, Reaching safepoint: 81083 ns, At safepoint: 8431 ns, Total: 89514 ns
[2020-09-11T16:39:30.129+0000][1][safepoint    ] Safepoint "Cleanup", Time since last: 1000110379 ns, Reaching safepoint: 81303 ns, At safepoint: 7274 ns, Total: 88577 ns
[2020-09-11T16:39:31.129+0000][1][safepoint    ] Safepoint "Cleanup", Time since last: 1000107412 ns, Reaching safepoint: 81656 ns, At safepoint: 8744 ns, Total: 90400 ns
[2020-09-11T16:39:32.130+0000][1][safepoint    ] Safepoint "Cleanup", Time since last: 1000116997 ns, Reaching safepoint: 81250 ns, At safepoint: 6789 ns, Total: 88039 ns
[2020-09-11T16:39:35.129+0000][1][safepoint    ] Safepoint "RevokeBias", Time since last: 2999124745 ns, Reaching safepoint: 93225 ns, At safepoint: 21348 ns, Total: 114573 ns
[2020-09-11T16:39:43.130+0000][1][safepoint    ] Safepoint "Cleanup", Time since last: 8000627889 ns, Reaching safepoint: 85297 ns, At safepoint: 7892 ns, Total: 93189 ns
[2020-09-11T16:39:45.131+0000][1][safepoint    ] Safepoint "RevokeBias", Time since last: 2000785055 ns, Reaching safepoint: 163206 ns, At safepoint: 23943 ns, Total: 187149 ns
[2020-09-11T16:39:46.131+0000][1][safepoint    ] Safepoint "Cleanup", Time since last: 1000113019 ns, Reaching safepoint: 87408 ns, At safepoint: 9575 ns, Total: 96983 ns
[2020-09-11T16:39:50.697+0000][1][gc,start     ] GC(99) Pause Young (Allocation Failure)
[2020-09-11T16:39:50.697+0000][1][gc,task      ] GC(99) Using 1 workers of 1 for evacuation
[2020-09-11T16:39:50.704+0000][1][gc,age       ] GC(99) Desired survivor size 4358144 bytes, new threshold 6 (max threshold 6)
[2020-09-11T16:39:50.704+0000][1][gc,age       ] GC(99) Age table with threshold 6 (max threshold 6)
[2020-09-11T16:39:50.704+0000][1][gc,age       ] GC(99) - age   1:      66024 bytes,      66024 total
[2020-09-11T16:39:50.704+0000][1][gc,age       ] GC(99) - age   2:      10352 bytes,      76376 total
[2020-09-11T16:39:50.704+0000][1][gc,age       ] GC(99) - age   3:      10608 bytes,      86984 total
[2020-09-11T16:39:50.704+0000][1][gc,age       ] GC(99) - age   4:       9632 bytes,      96616 total
[2020-09-11T16:39:50.704+0000][1][gc,age       ] GC(99) - age   5:       1696 bytes,      98312 total
[2020-09-11T16:39:50.704+0000][1][gc,age       ] GC(99) - age   6:       3728 bytes,     102040 total
[2020-09-11T16:39:50.704+0000][1][gc,heap      ] GC(99) ParNew: 68295K->110K(76672K)
[2020-09-11T16:39:50.704+0000][1][gc,heap      ] GC(99) CMS: 76778K->76782K(439104K)
[2020-09-11T16:39:50.704+0000][1][gc,metaspace ] GC(99) Metaspace: 91190K->91190K(1132544K)
[2020-09-11T16:39:50.704+0000][1][gc           ] GC(99) Pause Young (Allocation Failure) 141M->75M(503M) 6.938ms
[2020-09-11T16:39:50.704+0000][1][gc,cpu       ] GC(99) User=0.01s Sys=0.00s Real=0.01s
[2020-09-11T16:39:50.704+0000][1][safepoint    ] Safepoint "GenCollectForAllocation", Time since last: 4564122195 ns, Reaching safepoint: 1900752 ns, At safepoint: 7003301 ns, Total: 8904053 ns
[2020-09-11T16:39:51.709+0000][1][safepoint    ] Safepoint "Cleanup", Time since last: 1005004259 ns, Reaching safepoint: 92133 ns, At safepoint: 9375 ns, Total: 101508 ns
[2020-09-11T16:39:53.710+0000][1][safepoint    ] Safepoint "Cleanup", Time since last: 2001092566 ns, Reaching safepoint: 78971 ns, At safepoint: 5514 ns, Total: 84485 ns
[2020-09-11T16:39:55.133+0000][1][safepoint    ] Safepoint "RevokeBias", Time since last: 1422505916 ns, Reaching safepoint: 198326 ns, At safepoint: 23801 ns, Total: 222127 ns
[2020-09-11T16:40:00.133+0000][1][safepoint    ] Safepoint "Cleanup", Time since last: 5000425356 ns, Reaching safepoint: 91866 ns, At safepoint: 9302 ns, Total: 101168 ns
[2020-09-11T16:40:01.139+0000][1][safepoint    ] Safepoint "Cleanup", Time since last: 1005203818 ns, Reaching safepoint: 83779 ns, At safepoint: 7512 ns, Total: 91291 ns
[2020-09-11T16:40:02.139+0000][1][safepoint    ] Safepoint "Cleanup", Time since last: 1000115882 ns, Reaching safepoint: 86842 ns, At safepoint: 7253 ns, Total: 94095 ns
[2020-09-11T16:40:04.139+0000][1][safepoint    ] Safepoint "Cleanup", Time since last: 2000201914 ns, Reaching safepoint: 92064 ns, At safepoint: 10589 ns, Total: 102653 ns
[2020-09-11T16:40:05.131+0000][1][safepoint    ] Safepoint "RevokeBias", Time since last: 991944140 ns, Reaching safepoint: 94643 ns, At safepoint: 23798 ns, Total: 118441 ns
[2020-09-11T16:40:06.131+0000][1][safepoint    ] Safepoint "Cleanup", Time since last: 1000110413 ns, Reaching safepoint: 80593 ns, At safepoint: 6398 ns, Total: 86991 ns
[2020-09-11T16:40:07.132+0000][1][safepoint    ] Safepoint "Cleanup", Time since last: 1000112708 ns, Reaching safepoint: 82539 ns, At safepoint: 8541 ns, Total: 91080 ns
[2020-09-11T16:40:08.132+0000][1][safepoint    ] Safepoint "Cleanup", Time since last: 1000109988 ns, Reaching safepoint: 83897 ns, At safepoint: 6826 ns, Total: 90723 ns
[2020-09-11T16:40:09.132+0000][1][safepoint    ] Safepoint "Cleanup", Time since last: 1000113158 ns, Reaching safepoint: 86819 ns, At safepoint: 8964 ns, Total: 95783 ns
[2020-09-11T16:40:10.132+0000][1][safepoint    ] Safepoint "Cleanup", Time since last: 1000106479 ns, Reaching safepoint: 220965 ns, At safepoint: 9804 ns, Total: 230769 ns
[2020-09-11T16:40:11.138+0000][1][safepoint    ] Safepoint "Cleanup", Time since last: 1005024252 ns, Reaching safepoint: 86829 ns, At safepoint: 9018 ns, Total: 95847 ns
[2020-09-11T16:40:12.138+0000][1][safepoint    ] Safepoint "Cleanup", Time since last: 1000113189 ns, Reaching safepoint: 79453 ns, At safepoint: 7417 ns, Total: 86870 ns
[2020-09-11T16:40:13.138+0000][1][safepoint    ] Safepoint "Cleanup", Time since last: 1000109467 ns, Reaching safepoint: 80467 ns, At safepoint: 9290 ns, Total: 89757 ns
[2020-09-11T16:40:14.139+0000][1][safepoint    ] Safepoint "Cleanup", Time since last: 1000916000 ns, Reaching safepoint: 166077 ns, At safepoint: 9651 ns, Total: 175728 ns
[2020-09-11T16:40:15.129+0000][1][safepoint    ] Safepoint "RevokeBias", Time since last: 989386051 ns, Reaching safepoint: 204168 ns, At safepoint: 22849 ns, Total: 227017 ns
[2020-09-11T16:40:16.129+0000][1][safepoint    ] Safepoint "Cleanup", Time since last: 1000111352 ns, Reaching safepoint: 95976 ns, At safepoint: 6599 ns, Total: 102575 ns
[2020-09-11T16:40:17.131+0000][1][safepoint    ] Safepoint "Cleanup", Time since last: 1002255423 ns, Reaching safepoint: 87205 ns, At safepoint: 7899 ns, Total: 95104 ns
[2020-09-11T16:40:18.131+0000][1][safepoint    ] Safepoint "Cleanup", Time since last: 1000122893 ns, Reaching safepoint: 81862 ns, At safepoint: 7495 ns, Total: 89357 ns
[2020-09-11T16:40:19.137+0000][1][safepoint    ] Safepoint "Cleanup", Time since last: 1005362295 ns, Reaching safepoint: 84052 ns, At safepoint: 8243 ns, Total: 92295 ns
[2020-09-11T16:40:20.137+0000][1][safepoint    ] Safepoint "Cleanup", Time since last: 1000115700 ns, Reaching safepoint: 82948 ns, At safepoint: 8806 ns, Total: 91754 ns
[2020-09-11T16:40:20.701+0000][1][gc,start     ] GC(100) Pause Young (Allocation Failure)
[2020-09-11T16:40:20.701+0000][1][gc,task      ] GC(100) Using 1 workers of 1 for evacuation
[2020-09-11T16:40:20.709+0000][1][gc,age       ] GC(100) Desired survivor size 4358144 bytes, new threshold 6 (max threshold 6)
[2020-09-11T16:40:20.709+0000][1][gc,age       ] GC(100) Age table with threshold 6 (max threshold 6)
[2020-09-11T16:40:20.709+0000][1][gc,age       ] GC(100) - age   1:      93872 bytes,      93872 total
[2020-09-11T16:40:20.709+0000][1][gc,age       ] GC(100) - age   2:       3776 bytes,      97648 total
[2020-09-11T16:40:20.709+0000][1][gc,age       ] GC(100) - age   3:       4256 bytes,     101904 total
[2020-09-11T16:40:20.709+0000][1][gc,age       ] GC(100) - age   4:       1600 bytes,     103504 total
[2020-09-11T16:40:20.709+0000][1][gc,age       ] GC(100) - age   5:       9632 bytes,     113136 total
[2020-09-11T16:40:20.709+0000][1][gc,age       ] GC(100) - age   6:       1696 bytes,     114832 total
[2020-09-11T16:40:20.710+0000][1][gc,heap      ] GC(100) ParNew: 68270K->204K(76672K)
[2020-09-11T16:40:20.710+0000][1][gc,heap      ] GC(100) CMS: 76782K->76785K(439104K)
[2020-09-11T16:40:20.710+0000][1][gc,metaspace ] GC(100) Metaspace: 91229K->91229K(1132544K)
[2020-09-11T16:40:20.710+0000][1][gc           ] GC(100) Pause Young (Allocation Failure) 141M->75M(503M) 8.685ms
[2020-09-11T16:40:20.710+0000][1][gc,cpu       ] GC(100) User=0.01s Sys=0.00s Real=0.00s
[2020-09-11T16:40:20.710+0000][1][safepoint    ] Safepoint "GenCollectForAllocation", Time since last: 559926428 ns, Reaching safepoint: 3873062 ns, At safepoint: 8758212 ns, Total: 12631274 ns
[2020-09-11T16:40:21.725+0000][1][safepoint    ] Safepoint "Cleanup", Time since last: 1015315587 ns, Reaching safepoint: 105035 ns, At safepoint: 9075 ns, Total: 114110 ns
[2020-09-11T16:40:22.725+0000][1][safepoint    ] Safepoint "Cleanup", Time since last: 1000113860 ns, Reaching safepoint: 112017 ns, At safepoint: 10679 ns, Total: 122696 ns
[2020-09-11T16:40:23.729+0000][1][safepoint    ] Safepoint "Cleanup", Time since last: 1003477958 ns, Reaching safepoint: 106573 ns, At safepoint: 7313 ns, Total: 113886 ns
[2020-09-11T16:40:24.733+0000][1][safepoint    ] Safepoint "Cleanup", Time since last: 1003900423 ns, Reaching safepoint: 87220 ns, At safepoint: 8186 ns, Total: 95406 ns
[2020-09-11T16:40:25.733+0000][1][safepoint    ] Safepoint "Cleanup", Time since last: 1000113336 ns, Reaching safepoint: 140231 ns, At safepoint: 7270 ns, Total: 147501 ns
[2020-09-11T16:40:27.117+0000][1][safepoint    ] Safepoint "Cleanup", Time since last: 1383628957 ns, Reaching safepoint: 135994 ns, At safepoint: 8322 ns, Total: 144316 ns
[2020-09-11T16:40:28.117+0000][1][safepoint    ] Safepoint "Cleanup", Time since last: 1000114054 ns, Reaching safepoint: 127704 ns, At safepoint: 10160 ns, Total: 137864 ns
[2020-09-11T16:40:29.117+0000][1][safepoint    ] Safepoint "Cleanup", Time since last: 1000117429 ns, Reaching safepoint: 140970 ns, At safepoint: 7797 ns, Total: 148767 ns
[2020-09-11T16:40:30.118+0000][1][safepoint    ] Safepoint "Cleanup", Time since last: 1000115728 ns, Reaching safepoint: 145456 ns, At safepoint: 9923 ns, Total: 155379 ns
[2020-09-11T16:40:31.118+0000][1][safepoint    ] Safepoint "Cleanup", Time since last: 1000116601 ns, Reaching safepoint: 139273 ns, At safepoint: 9739 ns, Total: 149012 ns
[2020-09-11T16:40:32.118+0000][1][safepoint    ] Safepoint "Cleanup", Time since last: 1000117825 ns, Reaching safepoint: 138542 ns, At safepoint: 10427 ns, Total: 148969 ns
[2020-09-11T16:40:33.103+0000][1][safepoint    ] Safepoint "RevokeBias", Time since last: 984286476 ns, Reaching safepoint: 85462 ns, At safepoint: 22278 ns, Total: 107740 ns
[2020-09-11T16:40:34.103+0000][1][safepoint    ] Safepoint "Cleanup", Time since last: 1000104159 ns, Reaching safepoint: 86751 ns, At safepoint: 6448 ns, Total: 93199 ns
[2020-09-11T16:40:35.110+0000][1][safepoint    ] Safepoint "Cleanup", Time since last: 1007484246 ns, Reaching safepoint: 79176 ns, At safepoint: 8476 ns, Total: 87652 ns
[2020-09-11T16:40:35.151+0000][1][safepoint    ] Safepoint "RevokeBias", Time since last: 40316622 ns, Reaching safepoint: 94386 ns, At safepoint: 23422 ns, Total: 117808 ns
[2020-09-11T16:40:36.151+0000][1][safepoint    ] Safepoint "Cleanup", Time since last: 1000108043 ns, Reaching safepoint: 78206 ns, At safepoint: 6889 ns, Total: 85095 ns
[2020-09-11T16:40:37.151+0000][1][safepoint    ] Safepoint "Cleanup", Time since last: 1000110700 ns, Reaching safepoint: 79989 ns, At safepoint: 8083 ns, Total: 88072 ns
[2020-09-11T16:40:38.151+0000][1][safepoint    ] Safepoint "Cleanup", Time since last: 1000117707 ns, Reaching safepoint: 78420 ns, At safepoint: 7751 ns, Total: 86171 ns
[2020-09-11T16:40:39.152+0000][1][safepoint    ] Safepoint "Cleanup", Time since last: 1000116206 ns, Reaching safepoint: 96354 ns, At safepoint: 10744 ns, Total: 107098 ns
[2020-09-11T16:40:40.152+0000][1][safepoint    ] Safepoint "Cleanup", Time since last: 1000115152 ns, Reaching safepoint: 82022 ns, At safepoint: 8022 ns, Total: 90044 ns
[2020-09-11T16:40:41.205+0000][1][safepoint    ] Safepoint "Cleanup", Time since last: 1052989021 ns, Reaching safepoint: 130693 ns, At safepoint: 7649 ns, Total: 138342 ns
[2020-09-11T16:40:42.205+0000][1][safepoint    ] Safepoint "Cleanup", Time since last: 1000183816 ns, Reaching safepoint: 84890 ns, At safepoint: 8997 ns, Total: 93887 ns
[2020-09-11T16:40:43.205+0000][1][safepoint    ] Safepoint "Cleanup", Time since last: 1000103764 ns, Reaching safepoint: 95042 ns, At safepoint: 8706 ns, Total: 103748 ns
[2020-09-11T16:40:44.206+0000][1][safepoint    ] Safepoint "Cleanup", Time since last: 1000104276 ns, Reaching safepoint: 79997 ns, At safepoint: 9087 ns, Total: 89084 ns
[2020-09-11T16:40:45.160+0000][1][safepoint    ] Safepoint "RevokeBias", Time since last: 953886014 ns, Reaching safepoint: 86645 ns, At safepoint: 22320 ns, Total: 108965 ns
[2020-09-11T16:40:46.160+0000][1][safepoint    ] Safepoint "Cleanup", Time since last: 1000117961 ns, Reaching safepoint: 95702 ns, At safepoint: 8756 ns, Total: 104458 ns
[2020-09-11T16:40:47.160+0000][1][safepoint    ] Safepoint "Cleanup", Time since last: 1000108505 ns, Reaching safepoint: 80905 ns, At safepoint: 9051 ns, Total: 89956 ns
[2020-09-11T16:40:48.160+0000][1][safepoint    ] Safepoint "Cleanup", Time since last: 1000114100 ns, Reaching safepoint: 79367 ns, At safepoint: 9222 ns, Total: 88589 ns
[2020-09-11T16:40:49.160+0000][1][safepoint    ] Safepoint "Cleanup", Time since last: 1000109853 ns, Reaching safepoint: 85758 ns, At safepoint: 9748 ns, Total: 95506 ns
[2020-09-11T16:40:50.161+0000][1][safepoint    ] Safepoint "Cleanup", Time since last: 1000124394 ns, Reaching safepoint: 79922 ns, At safepoint: 6748 ns, Total: 86670 ns
[2020-09-11T16:40:51.170+0000][1][safepoint    ] Safepoint "Cleanup", Time since last: 1009516112 ns, Reaching safepoint: 84338 ns, At safepoint: 9026 ns, Total: 93364 ns
[2020-09-11T16:40:52.171+0000][1][safepoint    ] Safepoint "Cleanup", Time since last: 1000110273 ns, Reaching safepoint: 82184 ns, At safepoint: 7341 ns, Total: 89525 ns
[2020-09-11T16:40:53.171+0000][1][safepoint    ] Safepoint "Cleanup", Time since last: 1000110896 ns, Reaching safepoint: 78948 ns, At safepoint: 7973 ns, Total: 86921 ns
[2020-09-11T16:40:54.171+0000][1][safepoint    ] Safepoint "Cleanup", Time since last: 1000114093 ns, Reaching safepoint: 80059 ns, At safepoint: 9190 ns, Total: 89249 ns
[2020-09-11T16:40:55.112+0000][1][gc,start     ] GC(101) Pause Young (Allocation Failure)
[2020-09-11T16:40:55.112+0000][1][gc,task      ] GC(101) Using 1 workers of 1 for evacuation
[2020-09-11T16:40:55.122+0000][1][gc,age       ] GC(101) Desired survivor size 4358144 bytes, new threshold 6 (max threshold 6)
[2020-09-11T16:40:55.122+0000][1][gc,age       ] GC(101) Age table with threshold 6 (max threshold 6)
[2020-09-11T16:40:55.122+0000][1][gc,age       ] GC(101) - age   1:      54120 bytes,      54120 total
[2020-09-11T16:40:55.122+0000][1][gc,age       ] GC(101) - age   2:      14088 bytes,      68208 total
[2020-09-11T16:40:55.122+0000][1][gc,age       ] GC(101) - age   3:       1296 bytes,      69504 total
[2020-09-11T16:40:55.122+0000][1][gc,age       ] GC(101) - age   4:       3016 bytes,      72520 total
[2020-09-11T16:40:55.122+0000][1][gc,age       ] GC(101) - age   5:       1288 bytes,      73808 total
[2020-09-11T16:40:55.122+0000][1][gc,age       ] GC(101) - age   6:       9632 bytes,      83440 total
[2020-09-11T16:40:55.122+0000][1][gc,heap      ] GC(101) ParNew: 68364K->135K(76672K)
[2020-09-11T16:40:55.122+0000][1][gc,heap      ] GC(101) CMS: 76785K->76787K(439104K)
[2020-09-11T16:40:55.122+0000][1][gc,metaspace ] GC(101) Metaspace: 91260K->91260K(1132544K)
[2020-09-11T16:40:55.122+0000][1][gc           ] GC(101) Pause Young (Allocation Failure) 141M->75M(503M) 10.321ms
[2020-09-11T16:40:55.122+0000][1][gc,cpu       ] GC(101) User=0.01s Sys=0.00s Real=0.02s
[2020-09-11T16:40:55.122+0000][1][safepoint    ] Safepoint "GenCollectForAllocation", Time since last: 940732694 ns, Reaching safepoint: 76055 ns, At safepoint: 10404064 ns, Total: 10480119 ns
[2020-09-11T16:40:55.148+0000][1][safepoint    ] Safepoint "RevokeBias", Time since last: 25435333 ns, Reaching safepoint: 91758 ns, At safepoint: 35210 ns, Total: 126968 ns
[2020-09-11T16:40:56.152+0000][1][safepoint    ] Safepoint "Cleanup", Time since last: 1003747369 ns, Reaching safepoint: 80205 ns, At safepoint: 23159 ns, Total: 103364 ns
[2020-09-11T16:40:57.152+0000][1][safepoint    ] Safepoint "Cleanup", Time since last: 1000113501 ns, Reaching safepoint: 78899 ns, At safepoint: 22302 ns, Total: 101201 ns
[2020-09-11T16:40:58.152+0000][1][safepoint    ] Safepoint "Cleanup", Time since last: 1000116382 ns, Reaching safepoint: 78631 ns, At safepoint: 21256 ns, Total: 99887 ns
[2020-09-11T16:40:59.152+0000][1][safepoint    ] Safepoint "Cleanup", Time since last: 1000139771 ns, Reaching safepoint: 93669 ns, At safepoint: 25222 ns, Total: 118891 ns
[2020-09-11T16:41:00.152+0000][1][safepoint    ] Safepoint "Cleanup", Time since last: 1000124747 ns, Reaching safepoint: 85311 ns, At safepoint: 9673 ns, Total: 94984 ns
[2020-09-11T16:41:01.155+0000][1][safepoint    ] Safepoint "Cleanup", Time since last: 1002556292 ns, Reaching safepoint: 81865 ns, At safepoint: 7840 ns, Total: 89705 ns
[2020-09-11T16:41:02.155+0000][1][safepoint    ] Safepoint "Cleanup", Time since last: 1000126887 ns, Reaching safepoint: 80850 ns, At safepoint: 7107 ns, Total: 87957 ns
[2020-09-11T16:41:03.156+0000][1][safepoint    ] Safepoint "Cleanup", Time since last: 1000117590 ns, Reaching safepoint: 85507 ns, At safepoint: 7775 ns, Total: 93282 ns
[2020-09-11T16:41:04.156+0000][1][safepoint    ] Safepoint "Cleanup", Time since last: 1000115894 ns, Reaching safepoint: 83308 ns, At safepoint: 8880 ns, Total: 92188 ns
[2020-09-11T16:41:05.158+0000][1][safepoint    ] Safepoint "Cleanup", Time since last: 1002269064 ns, Reaching safepoint: 97126 ns, At safepoint: 8034 ns, Total: 105160 ns
[2020-09-11T16:41:05.431+0000][1][safepoint    ] Safepoint "RevokeBias", Time since last: 273087815 ns, Reaching safepoint: 86074 ns, At safepoint: 21942 ns, Total: 108016 ns
[2020-09-11T16:41:06.432+0000][1][safepoint    ] Safepoint "Cleanup", Time since last: 1000116034 ns, Reaching safepoint: 86666 ns, At safepoint: 9081 ns, Total: 95747 ns
[2020-09-11T16:41:07.432+0000][1][safepoint    ] Safepoint "Cleanup", Time since last: 1000116754 ns, Reaching safepoint: 80617 ns, At safepoint: 7441 ns, Total: 88058 ns
[2020-09-11T16:41:08.432+0000][1][safepoint    ] Safepoint "Cleanup", Time since last: 1000119040 ns, Reaching safepoint: 79823 ns, At safepoint: 7109 ns, Total: 86932 ns
[2020-09-11T16:41:09.432+0000][1][safepoint    ] Safepoint "Cleanup", Time since last: 1000129256 ns, Reaching safepoint: 87158 ns, At safepoint: 9904 ns, Total: 97062 ns
[2020-09-11T16:41:10.432+0000][1][safepoint    ] Safepoint "Cleanup", Time since last: 1000120586 ns, Reaching safepoint: 80194 ns, At safepoint: 7448 ns, Total: 87642 ns
[2020-09-11T16:41:11.433+0000][1][safepoint    ] Safepoint "Cleanup", Time since last: 1000145732 ns, Reaching safepoint: 90510 ns, At safepoint: 7194 ns, Total: 97704 ns
[2020-09-11T16:41:12.433+0000][1][safepoint    ] Safepoint "Cleanup", Time since last: 1000125601 ns, Reaching safepoint: 104359 ns, At safepoint: 7941 ns, Total: 112300 ns
[2020-09-11T16:41:13.441+0000][1][safepoint    ] Safepoint "Cleanup", Time since last: 1007943626 ns, Reaching safepoint: 173483 ns, At safepoint: 7985 ns, Total: 181468 ns
[2020-09-11T16:41:14.441+0000][1][safepoint    ] Safepoint "Cleanup", Time since last: 1000112537 ns, Reaching safepoint: 81860 ns, At safepoint: 6944 ns, Total: 88804 ns
[2020-09-11T16:41:15.235+0000][1][safepoint    ] Safepoint "RevokeBias", Time since last: 793800726 ns, Reaching safepoint: 173836 ns, At safepoint: 23402 ns, Total: 197238 ns
[2020-09-11T16:41:16.235+0000][1][safepoint    ] Safepoint "Cleanup", Time since last: 1000116495 ns, Reaching safepoint: 104384 ns, At safepoint: 9787 ns, Total: 114171 ns
[2020-09-11T16:41:18.236+0000][1][safepoint    ] Safepoint "Cleanup", Time since last: 2000190677 ns, Reaching safepoint: 91013 ns, At safepoint: 9427 ns, Total: 100440 ns
[2020-09-11T16:41:19.236+0000][1][safepoint    ] Safepoint "Cleanup", Time since last: 1000114556 ns, Reaching safepoint: 85449 ns, At safepoint: 6774 ns, Total: 92223 ns
[2020-09-11T16:41:20.236+0000][1][safepoint    ] Safepoint "Cleanup", Time since last: 1000109872 ns, Reaching safepoint: 88680 ns, At safepoint: 9169 ns, Total: 97849 ns
[2020-09-11T16:41:23.466+0000][1][gc,start     ] GC(102) Pause Young (Allocation Failure)
[2020-09-11T16:41:23.466+0000][1][gc,task      ] GC(102) Using 1 workers of 1 for evacuation
[2020-09-11T16:41:23.474+0000][1][gc,age       ] GC(102) Desired survivor size 4358144 bytes, new threshold 6 (max threshold 6)
[2020-09-11T16:41:23.475+0000][1][gc,age       ] GC(102) Age table with threshold 6 (max threshold 6)
[2020-09-11T16:41:23.475+0000][1][gc,age       ] GC(102) - age   1:      72448 bytes,      72448 total
[2020-09-11T16:41:23.475+0000][1][gc,age       ] GC(102) - age   2:       6552 bytes,      79000 total
[2020-09-11T16:41:23.475+0000][1][gc,age       ] GC(102) - age   3:      11320 bytes,      90320 total
[2020-09-11T16:41:23.475+0000][1][gc,age       ] GC(102) - age   4:        984 bytes,      91304 total
[2020-09-11T16:41:23.475+0000][1][gc,age       ] GC(102) - age   5:       1776 bytes,      93080 total
[2020-09-11T16:41:23.475+0000][1][gc,age       ] GC(102) - age   6:       1288 bytes,      94368 total
[2020-09-11T16:41:23.475+0000][1][gc,heap      ] GC(102) ParNew: 68295K->156K(76672K)
[2020-09-11T16:41:23.475+0000][1][gc,heap      ] GC(102) CMS: 76787K->76797K(439104K)
[2020-09-11T16:41:23.475+0000][1][gc,metaspace ] GC(102) Metaspace: 91284K->91284K(1132544K)
[2020-09-11T16:41:23.475+0000][1][gc           ] GC(102) Pause Young (Allocation Failure) 141M->75M(503M) 8.547ms
[2020-09-11T16:41:23.475+0000][1][gc,cpu       ] GC(102) User=0.01s Sys=0.00s Real=0.01s
[2020-09-11T16:41:23.475+0000][1][safepoint    ] Safepoint "GenCollectForAllocation", Time since last: 3226536560 ns, Reaching safepoint: 3445542 ns, At safepoint: 8834731 ns, Total: 12280273 ns
[2020-09-11T16:41:24.481+0000][1][safepoint    ] Safepoint "Cleanup", Time since last: 1005942303 ns, Reaching safepoint: 127230 ns, At safepoint: 8150 ns, Total: 135380 ns
[2020-09-11T16:41:25.191+0000][1][safepoint    ] Safepoint "BulkRevokeBias", Time since last: 709698484 ns, Reaching safepoint: 163007 ns, At safepoint: 209696 ns, Total: 372703 ns
[2020-09-11T16:41:34.192+0000][1][safepoint    ] Safepoint "Cleanup", Time since last: 9000712195 ns, Reaching safepoint: 84769 ns, At safepoint: 9089 ns, Total: 93858 ns
[2020-09-11T16:41:35.192+0000][1][safepoint    ] Safepoint "Cleanup", Time since last: 1000132436 ns, Reaching safepoint: 137502 ns, At safepoint: 8823 ns, Total: 146325 ns
[2020-09-11T16:41:35.228+0000][1][safepoint    ] Safepoint "RevokeBias", Time since last: 35423959 ns, Reaching safepoint: 98496 ns, At safepoint: 23000 ns, Total: 121496 ns
[2020-09-11T16:41:36.230+0000][1][safepoint    ] Safepoint "Cleanup", Time since last: 1002098157 ns, Reaching safepoint: 87037 ns, At safepoint: 9051 ns, Total: 96088 ns
[2020-09-11T16:41:41.237+0000][1][safepoint    ] Safepoint "Cleanup", Time since last: 5007047098 ns, Reaching safepoint: 87387 ns, At safepoint: 8470 ns, Total: 95857 ns
[2020-09-11T16:41:45.237+0000][1][safepoint    ] Safepoint "Cleanup", Time since last: 4000325975 ns, Reaching safepoint: 85938 ns, At safepoint: 7883 ns, Total: 93821 ns
[2020-09-11T16:41:45.499+0000][1][safepoint    ] Safepoint "RevokeBias", Time since last: 261465683 ns, Reaching safepoint: 87362 ns, At safepoint: 22915 ns, Total: 110277 ns
[2020-09-11T16:41:51.500+0000][1][safepoint    ] Safepoint "Cleanup", Time since last: 6000600673 ns, Reaching safepoint: 104600 ns, At safepoint: 10221 ns, Total: 114821 ns
[2020-09-11T16:41:53.027+0000][1][gc,start     ] GC(103) Pause Young (Allocation Failure)
[2020-09-11T16:41:53.027+0000][1][gc,task      ] GC(103) Using 1 workers of 1 for evacuation
[2020-09-11T16:41:53.032+0000][1][gc,age       ] GC(103) Desired survivor size 4358144 bytes, new threshold 6 (max threshold 6)
[2020-09-11T16:41:53.032+0000][1][gc,age       ] GC(103) Age table with threshold 6 (max threshold 6)
[2020-09-11T16:41:53.032+0000][1][gc,age       ] GC(103) - age   1:      75368 bytes,      75368 total
[2020-09-11T16:41:53.032+0000][1][gc,age       ] GC(103) - age   2:       7232 bytes,      82600 total
[2020-09-11T16:41:53.032+0000][1][gc,age       ] GC(103) - age   3:       4040 bytes,      86640 total
[2020-09-11T16:41:53.032+0000][1][gc,age       ] GC(103) - age   4:       8032 bytes,      94672 total
[2020-09-11T16:41:53.032+0000][1][gc,age       ] GC(103) - age   5:        984 bytes,      95656 total
[2020-09-11T16:41:53.032+0000][1][gc,age       ] GC(103) - age   6:       1776 bytes,      97432 total
[2020-09-11T16:41:53.032+0000][1][gc,heap      ] GC(103) ParNew: 68316K->108K(76672K)
[2020-09-11T16:41:53.032+0000][1][gc,heap      ] GC(103) CMS: 76797K->76798K(439104K)
[2020-09-11T16:41:53.032+0000][1][gc,metaspace ] GC(103) Metaspace: 91308K->91308K(1132544K)
[2020-09-11T16:41:53.032+0000][1][gc           ] GC(103) Pause Young (Allocation Failure) 141M->75M(503M) 4.718ms
[2020-09-11T16:41:53.032+0000][1][gc,cpu       ] GC(103) User=0.01s Sys=0.00s Real=0.00s
[2020-09-11T16:41:53.037+0000][1][safepoint    ] Safepoint "GenCollectForAllocation", Time since last: 1527519703 ns, Reaching safepoint: 99002 ns, At safepoint: 9430262 ns, Total: 9529264 ns
[2020-09-11T16:41:57.037+0000][1][safepoint    ] Safepoint "Cleanup", Time since last: 4000406448 ns, Reaching safepoint: 132909 ns, At safepoint: 6558 ns, Total: 139467 ns
[2020-09-11T16:42:03.038+0000][1][safepoint    ] Safepoint "Cleanup", Time since last: 6000488855 ns, Reaching safepoint: 147061 ns, At safepoint: 8932 ns, Total: 155993 ns
[2020-09-11T16:42:06.038+0000][1][safepoint    ] Safepoint "Cleanup", Time since last: 3000274351 ns, Reaching safepoint: 150397 ns, At safepoint: 8460 ns, Total: 158857 ns
[2020-09-11T16:42:10.623+0000][1][safepoint    ] Safepoint "RevokeBias", Time since last: 4584404488 ns, Reaching safepoint: 84039 ns, At safepoint: 21835 ns, Total: 105874 ns
[2020-09-11T16:42:12.531+0000][1][safepoint    ] Safepoint "RevokeBias", Time since last: 1907837512 ns, Reaching safepoint: 87820 ns, At safepoint: 24203 ns, Total: 112023 ns
[2020-09-11T16:42:15.531+0000][1][safepoint    ] Safepoint "Cleanup", Time since last: 3000263145 ns, Reaching safepoint: 132257 ns, At safepoint: 7567 ns, Total: 139824 ns
[2020-09-11T16:42:22.532+0000][1][safepoint    ] Safepoint "Cleanup", Time since last: 7000588790 ns, Reaching safepoint: 139597 ns, At safepoint: 7936 ns, Total: 147533 ns
[2020-09-11T16:42:27.533+0000][1][safepoint    ] Safepoint "Cleanup", Time since last: 5000888117 ns, Reaching safepoint: 108524 ns, At safepoint: 9766 ns, Total: 118290 ns
[2020-09-11T16:42:29.009+0000][1][safepoint    ] Safepoint "RevokeBias", Time since last: 1475411691 ns, Reaching safepoint: 181598 ns, At safepoint: 23950 ns, Total: 205548 ns
[2020-09-11T16:42:29.599+0000][1][safepoint    ] Safepoint "RevokeBias", Time since last: 590267279 ns, Reaching safepoint: 225249 ns, At safepoint: 23305 ns, Total: 248554 ns
[2020-09-11T16:42:30.693+0000][1][gc,start     ] GC(104) Pause Young (Allocation Failure)
[2020-09-11T16:42:30.693+0000][1][gc,task      ] GC(104) Using 1 workers of 1 for evacuation
[2020-09-11T16:42:30.701+0000][1][gc,age       ] GC(104) Desired survivor size 4358144 bytes, new threshold 6 (max threshold 6)
[2020-09-11T16:42:30.701+0000][1][gc,age       ] GC(104) Age table with threshold 6 (max threshold 6)
[2020-09-11T16:42:30.701+0000][1][gc,age       ] GC(104) - age   1:      82424 bytes,      82424 total
[2020-09-11T16:42:30.701+0000][1][gc,age       ] GC(104) - age   2:      11872 bytes,      94296 total
[2020-09-11T16:42:30.701+0000][1][gc,age       ] GC(104) - age   3:       1672 bytes,      95968 total
[2020-09-11T16:42:30.701+0000][1][gc,age       ] GC(104) - age   4:       2488 bytes,      98456 total
[2020-09-11T16:42:30.701+0000][1][gc,age       ] GC(104) - age   5:       1192 bytes,      99648 total
[2020-09-11T16:42:30.701+0000][1][gc,age       ] GC(104) - age   6:        984 bytes,     100632 total
[2020-09-11T16:42:30.701+0000][1][gc,heap      ] GC(104) ParNew: 68268K->169K(76672K)
[2020-09-11T16:42:30.701+0000][1][gc,heap      ] GC(104) CMS: 76798K->76799K(439104K)
[2020-09-11T16:42:30.701+0000][1][gc,metaspace ] GC(104) Metaspace: 91337K->91337K(1132544K)
[2020-09-11T16:42:30.701+0000][1][gc           ] GC(104) Pause Young (Allocation Failure) 141M->75M(503M) 8.431ms
[2020-09-11T16:42:30.701+0000][1][gc,cpu       ] GC(104) User=0.01s Sys=0.00s Real=0.01s
[2020-09-11T16:42:30.701+0000][1][safepoint    ] Safepoint "GenCollectForAllocation", Time since last: 1090761941 ns, Reaching safepoint: 2951362 ns, At safepoint: 8534489 ns, Total: 11485851 ns
[2020-09-11T16:42:33.709+0000][1][safepoint    ] Safepoint "Cleanup", Time since last: 3007678558 ns, Reaching safepoint: 84273 ns, At safepoint: 6782 ns, Total: 91055 ns
[2020-09-11T16:42:35.447+0000][1][safepoint    ] Safepoint "RevokeBias", Time since last: 1738120397 ns, Reaching safepoint: 94921 ns, At safepoint: 23024 ns, Total: 117945 ns
[2020-09-11T16:42:39.453+0000][1][safepoint    ] Safepoint "Cleanup", Time since last: 4005468770 ns, Reaching safepoint: 88581 ns, At safepoint: 9788 ns, Total: 98369 ns
[2020-09-11T16:42:45.217+0000][1][safepoint    ] Safepoint "RevokeBias", Time since last: 5763600957 ns, Reaching safepoint: 165754 ns, At safepoint: 43076 ns, Total: 208830 ns
[2020-09-11T16:42:55.227+0000][1][safepoint    ] Safepoint "RevokeBias", Time since last: 10009758128 ns, Reaching safepoint: 164073 ns, At safepoint: 24589 ns, Total: 188662 ns
[2020-09-11T16:42:55.273+0000][1][gc,start     ] GC(105) Pause Young (Allocation Failure)
[2020-09-11T16:42:55.273+0000][1][gc,task      ] GC(105) Using 1 workers of 1 for evacuation
[2020-09-11T16:42:55.281+0000][1][gc,age       ] GC(105) Desired survivor size 4358144 bytes, new threshold 6 (max threshold 6)
[2020-09-11T16:42:55.281+0000][1][gc,age       ] GC(105) Age table with threshold 6 (max threshold 6)
[2020-09-11T16:42:55.281+0000][1][gc,age       ] GC(105) - age   1:      47440 bytes,      47440 total
[2020-09-11T16:42:55.281+0000][1][gc,age       ] GC(105) - age   2:      18640 bytes,      66080 total
[2020-09-11T16:42:55.281+0000][1][gc,age       ] GC(105) - age   3:       9392 bytes,      75472 total
[2020-09-11T16:42:55.281+0000][1][gc,age       ] GC(105) - age   4:       1672 bytes,      77144 total
[2020-09-11T16:42:55.281+0000][1][gc,age       ] GC(105) - age   5:       2176 bytes,      79320 total
[2020-09-11T16:42:55.281+0000][1][gc,age       ] GC(105) - age   6:       1192 bytes,      80512 total
[2020-09-11T16:42:55.281+0000][1][gc,heap      ] GC(105) ParNew: 68329K->116K(76672K)
[2020-09-11T16:42:55.281+0000][1][gc,heap      ] GC(105) CMS: 76799K->76800K(439104K)
[2020-09-11T16:42:55.281+0000][1][gc,metaspace ] GC(105) Metaspace: 91339K->91339K(1132544K)
[2020-09-11T16:42:55.281+0000][1][gc           ] GC(105) Pause Young (Allocation Failure) 141M->75M(503M) 8.561ms
[2020-09-11T16:42:55.281+0000][1][gc,cpu       ] GC(105) User=0.01s Sys=0.00s Real=0.01s
[2020-09-11T16:42:55.282+0000][1][safepoint    ] Safepoint "GenCollectForAllocation", Time since last: 43417632 ns, Reaching safepoint: 2697955 ns, At safepoint: 8678139 ns, Total: 11376094 ns
[2020-09-11T16:43:01.284+0000][1][safepoint    ] Safepoint "Cleanup", Time since last: 6002015415 ns, Reaching safepoint: 81175 ns, At safepoint: 6766 ns, Total: 87941 ns
[2020-09-11T16:43:04.284+0000][1][safepoint    ] Safepoint "Cleanup", Time since last: 3000252026 ns, Reaching safepoint: 86055 ns, At safepoint: 9790 ns, Total: 95845 ns
[2020-09-11T16:43:05.225+0000][1][safepoint    ] Safepoint "RevokeBias", Time since last: 941309533 ns, Reaching safepoint: 177498 ns, At safepoint: 24412 ns, Total: 201910 ns
[2020-09-11T16:43:15.214+0000][1][safepoint    ] Safepoint "RevokeBias", Time since last: 9988100918 ns, Reaching safepoint: 88324 ns, At safepoint: 21886 ns, Total: 110210 ns
[2020-09-11T16:43:16.214+0000][1][safepoint    ] Safepoint "Cleanup", Time since last: 1000115731 ns, Reaching safepoint: 90650 ns, At safepoint: 6937 ns, Total: 97587 ns
[2020-09-11T16:43:21.215+0000][1][safepoint    ] Safepoint "Cleanup", Time since last: 5000853852 ns, Reaching safepoint: 102968 ns, At safepoint: 7041 ns, Total: 110009 ns
[2020-09-11T16:43:22.215+0000][1][safepoint    ] Safepoint "Cleanup", Time since last: 1000123370 ns, Reaching safepoint: 80697 ns, At safepoint: 6960 ns, Total: 87657 ns
[2020-09-11T16:43:23.215+0000][1][safepoint    ] Safepoint "Cleanup", Time since last: 1000107004 ns, Reaching safepoint: 79323 ns, At safepoint: 6671 ns, Total: 85994 ns
[2020-09-11T16:43:24.217+0000][1][safepoint    ] Safepoint "Cleanup", Time since last: 1000849630 ns, Reaching safepoint: 720836 ns, At safepoint: 9698 ns, Total: 730534 ns
[2020-09-11T16:43:25.186+0000][1][safepoint    ] Safepoint "RevokeBias", Time since last: 968802321 ns, Reaching safepoint: 163426 ns, At safepoint: 23641 ns, Total: 187067 ns
[2020-09-11T16:43:25.313+0000][1][gc,start     ] GC(106) Pause Young (Allocation Failure)
[2020-09-11T16:43:25.313+0000][1][gc,task      ] GC(106) Using 1 workers of 1 for evacuation
[2020-09-11T16:43:25.319+0000][1][gc,age       ] GC(106) Desired survivor size 4358144 bytes, new threshold 6 (max threshold 6)
[2020-09-11T16:43:25.319+0000][1][gc,age       ] GC(106) Age table with threshold 6 (max threshold 6)
[2020-09-11T16:43:25.319+0000][1][gc,age       ] GC(106) - age   1:      53672 bytes,      53672 total
[2020-09-11T16:43:25.319+0000][1][gc,age       ] GC(106) - age   2:       4896 bytes,      58568 total
[2020-09-11T16:43:25.319+0000][1][gc,age       ] GC(106) - age   3:      13088 bytes,      71656 total
[2020-09-11T16:43:25.319+0000][1][gc,age       ] GC(106) - age   4:       6104 bytes,      77760 total
[2020-09-11T16:43:25.319+0000][1][gc,age       ] GC(106) - age   5:       1672 bytes,      79432 total
[2020-09-11T16:43:25.319+0000][1][gc,age       ] GC(106) - age   6:       2176 bytes,      81608 total
[2020-09-11T16:43:25.319+0000][1][gc,heap      ] GC(106) ParNew: 68276K->146K(76672K)
[2020-09-11T16:43:25.319+0000][1][gc,heap      ] GC(106) CMS: 76800K->76802K(439104K)
[2020-09-11T16:43:25.319+0000][1][gc,metaspace ] GC(106) Metaspace: 91369K->91369K(1132544K)
[2020-09-11T16:43:25.319+0000][1][gc           ] GC(106) Pause Young (Allocation Failure) 141M->75M(503M) 6.314ms
[2020-09-11T16:43:25.319+0000][1][gc,cpu       ] GC(106) User=0.01s Sys=0.00s Real=0.00s
[2020-09-11T16:43:25.319+0000][1][safepoint    ] Safepoint "GenCollectForAllocation", Time since last: 122651697 ns, Reaching safepoint: 4355297 ns, At safepoint: 6379071 ns, Total: 10734368 ns
[2020-09-11T16:43:26.322+0000][1][safepoint    ] Safepoint "Cleanup", Time since last: 1003082865 ns, Reaching safepoint: 73488 ns, At safepoint: 17139 ns, Total: 90627 ns
[2020-09-11T16:43:27.323+0000][1][safepoint    ] Safepoint "Cleanup", Time since last: 1000111635 ns, Reaching safepoint: 147252 ns, At safepoint: 17903 ns, Total: 165155 ns
[2020-09-11T16:43:28.323+0000][1][safepoint    ] Safepoint "Cleanup", Time since last: 1000105900 ns, Reaching safepoint: 75975 ns, At safepoint: 17571 ns, Total: 93546 ns
[2020-09-11T16:43:29.323+0000][1][safepoint    ] Safepoint "Cleanup", Time since last: 1000104778 ns, Reaching safepoint: 168947 ns, At safepoint: 9362 ns, Total: 178309 ns
[2020-09-11T16:43:30.323+0000][1][safepoint    ] Safepoint "Cleanup", Time since last: 1000107239 ns, Reaching safepoint: 146329 ns, At safepoint: 7930 ns, Total: 154259 ns
[2020-09-11T16:43:31.330+0000][1][safepoint    ] Safepoint "Cleanup", Time since last: 1006033003 ns, Reaching safepoint: 79474 ns, At safepoint: 6476 ns, Total: 85950 ns
[2020-09-11T16:43:32.330+0000][1][safepoint    ] Safepoint "Cleanup", Time since last: 1000112453 ns, Reaching safepoint: 84824 ns, At safepoint: 5844 ns, Total: 90668 ns
[2020-09-11T16:43:33.330+0000][1][safepoint    ] Safepoint "Cleanup", Time since last: 1000109511 ns, Reaching safepoint: 84848 ns, At safepoint: 8180 ns, Total: 93028 ns
[2020-09-11T16:43:34.330+0000][1][safepoint    ] Safepoint "Cleanup", Time since last: 1000111172 ns, Reaching safepoint: 97315 ns, At safepoint: 7654 ns, Total: 104969 ns
[2020-09-11T16:43:35.145+0000][1][safepoint    ] Safepoint "RevokeBias", Time since last: 814614443 ns, Reaching safepoint: 162962 ns, At safepoint: 23891 ns, Total: 186853 ns
[2020-09-11T16:43:36.145+0000][1][safepoint    ] Safepoint "Cleanup", Time since last: 1000105730 ns, Reaching safepoint: 85592 ns, At safepoint: 8660 ns, Total: 94252 ns
[2020-09-11T16:43:37.145+0000][1][safepoint    ] Safepoint "Cleanup", Time since last: 1000105912 ns, Reaching safepoint: 81465 ns, At safepoint: 11817 ns, Total: 93282 ns
[2020-09-11T16:43:38.146+0000][1][safepoint    ] Safepoint "Cleanup", Time since last: 1000114030 ns, Reaching safepoint: 79180 ns, At safepoint: 7064 ns, Total: 86244 ns
[2020-09-11T16:43:39.146+0000][1][safepoint    ] Safepoint "Cleanup", Time since last: 1000192472 ns, Reaching safepoint: 80594 ns, At safepoint: 9723 ns, Total: 90317 ns
[2020-09-11T16:43:40.146+0000][1][safepoint    ] Safepoint "Cleanup", Time since last: 1000115615 ns, Reaching safepoint: 81494 ns, At safepoint: 6944 ns, Total: 88438 ns
[2020-09-11T16:43:41.210+0000][1][safepoint    ] Safepoint "Cleanup", Time since last: 1064300914 ns, Reaching safepoint: 86446 ns, At safepoint: 8715 ns, Total: 95161 ns
[2020-09-11T16:43:42.211+0000][1][safepoint    ] Safepoint "Cleanup", Time since last: 1000117754 ns, Reaching safepoint: 79982 ns, At safepoint: 9238 ns, Total: 89220 ns
[2020-09-11T16:43:43.211+0000][1][safepoint    ] Safepoint "Cleanup", Time since last: 1000116646 ns, Reaching safepoint: 79883 ns, At safepoint: 6991 ns, Total: 86874 ns
[2020-09-11T16:43:44.211+0000][1][safepoint    ] Safepoint "Cleanup", Time since last: 1000112063 ns, Reaching safepoint: 83904 ns, At safepoint: 7242 ns, Total: 91146 ns
[2020-09-11T16:43:45.211+0000][1][safepoint    ] Safepoint "Cleanup", Time since last: 1000110492 ns, Reaching safepoint: 80618 ns, At safepoint: 7048 ns, Total: 87666 ns
[2020-09-11T16:43:45.219+0000][1][safepoint    ] Safepoint "RevokeBias", Time since last: 7412802 ns, Reaching safepoint: 162184 ns, At safepoint: 24380 ns, Total: 186564 ns
[2020-09-11T16:43:46.219+0000][1][safepoint    ] Safepoint "Cleanup", Time since last: 1000106372 ns, Reaching safepoint: 87244 ns, At safepoint: 9264 ns, Total: 96508 ns
[2020-09-11T16:43:47.219+0000][1][safepoint    ] Safepoint "Cleanup", Time since last: 1000112062 ns, Reaching safepoint: 79105 ns, At safepoint: 6211 ns, Total: 85316 ns
[2020-09-11T16:43:48.219+0000][1][safepoint    ] Safepoint "Cleanup", Time since last: 1000119892 ns, Reaching safepoint: 81186 ns, At safepoint: 9031 ns, Total: 90217 ns
[2020-09-11T16:43:49.220+0000][1][safepoint    ] Safepoint "Cleanup", Time since last: 1000107872 ns, Reaching safepoint: 96196 ns, At safepoint: 7519 ns, Total: 103715 ns
[2020-09-11T16:43:50.220+0000][1][safepoint    ] Safepoint "Cleanup", Time since last: 1000109011 ns, Reaching safepoint: 208661 ns, At safepoint: 12295 ns, Total: 220956 ns
[2020-09-11T16:43:51.222+0000][1][safepoint    ] Safepoint "Cleanup", Time since last: 1001956024 ns, Reaching safepoint: 87415 ns, At safepoint: 8778 ns, Total: 96193 ns
[2020-09-11T16:43:52.222+0000][1][safepoint    ] Safepoint "Cleanup", Time since last: 1000115622 ns, Reaching safepoint: 81121 ns, At safepoint: 8274 ns, Total: 89395 ns
[2020-09-11T16:43:53.222+0000][1][safepoint    ] Safepoint "Cleanup", Time since last: 1000108211 ns, Reaching safepoint: 78367 ns, At safepoint: 6553 ns, Total: 84920 ns
[2020-09-11T16:43:54.223+0000][1][safepoint    ] Safepoint "Cleanup", Time since last: 1000113071 ns, Reaching safepoint: 77625 ns, At safepoint: 7208 ns, Total: 84833 ns
[2020-09-11T16:43:55.140+0000][1][safepoint    ] Safepoint "RevokeBias", Time since last: 917323143 ns, Reaching safepoint: 164948 ns, At safepoint: 24148 ns, Total: 189096 ns
[2020-09-11T16:43:55.345+0000][1][gc,start     ] GC(107) Pause Young (Allocation Failure)
[2020-09-11T16:43:55.345+0000][1][gc,task      ] GC(107) Using 1 workers of 1 for evacuation
[2020-09-11T16:43:55.354+0000][1][gc,age       ] GC(107) Desired survivor size 4358144 bytes, new threshold 6 (max threshold 6)
[2020-09-11T16:43:55.354+0000][1][gc,age       ] GC(107) Age table with threshold 6 (max threshold 6)
[2020-09-11T16:43:55.354+0000][1][gc,age       ] GC(107) - age   1:      60472 bytes,      60472 total
[2020-09-11T16:43:55.354+0000][1][gc,age       ] GC(107) - age   2:      11072 bytes,      71544 total
[2020-09-11T16:43:55.354+0000][1][gc,age       ] GC(107) - age   3:       1144 bytes,      72688 total
[2020-09-11T16:43:55.354+0000][1][gc,age       ] GC(107) - age   4:       4096 bytes,      76784 total
[2020-09-11T16:43:55.354+0000][1][gc,age       ] GC(107) - age   5:       4472 bytes,      81256 total
[2020-09-11T16:43:55.354+0000][1][gc,age       ] GC(107) - age   6:       1672 bytes,      82928 total
[2020-09-11T16:43:55.354+0000][1][gc,heap      ] GC(107) ParNew: 68306K->96K(76672K)
[2020-09-11T16:43:55.354+0000][1][gc,heap      ] GC(107) CMS: 76802K->76804K(439104K)
[2020-09-11T16:43:55.354+0000][1][gc,metaspace ] GC(107) Metaspace: 91382K->91382K(1132544K)
[2020-09-11T16:43:55.354+0000][1][gc           ] GC(107) Pause Young (Allocation Failure) 141M->75M(503M) 9.049ms
[2020-09-11T16:43:55.354+0000][1][gc,cpu       ] GC(107) User=0.01s Sys=0.00s Real=0.01s
[2020-09-11T16:43:55.354+0000][1][safepoint    ] Safepoint "GenCollectForAllocation", Time since last: 204405235 ns, Reaching safepoint: 255650 ns, At safepoint: 9117329 ns, Total: 9372979 ns
[2020-09-11T16:43:56.357+0000][1][safepoint    ] Safepoint "Cleanup", Time since last: 1003122725 ns, Reaching safepoint: 152356 ns, At safepoint: 84019 ns, Total: 236375 ns
[2020-09-11T16:43:57.358+0000][1][safepoint    ] Safepoint "Cleanup", Time since last: 1000103752 ns, Reaching safepoint: 71116 ns, At safepoint: 16353 ns, Total: 87469 ns
[2020-09-11T16:43:58.358+0000][1][safepoint    ] Safepoint "Cleanup", Time since last: 1000105773 ns, Reaching safepoint: 74056 ns, At safepoint: 6931 ns, Total: 80987 ns
[2020-09-11T16:43:59.358+0000][1][safepoint    ] Safepoint "Cleanup", Time since last: 1000104825 ns, Reaching safepoint: 71487 ns, At safepoint: 5827 ns, Total: 77314 ns
[2020-09-11T16:44:00.361+0000][1][safepoint    ] Safepoint "Cleanup", Time since last: 1000103798 ns, Reaching safepoint: 2865384 ns, At safepoint: 12369 ns, Total: 2877753 ns
[2020-09-11T16:44:01.366+0000][1][safepoint    ] Safepoint "Cleanup", Time since last: 1005357455 ns, Reaching safepoint: 78059 ns, At safepoint: 8069 ns, Total: 86128 ns
[2020-09-11T16:44:02.366+0000][1][safepoint    ] Safepoint "Cleanup", Time since last: 1000122634 ns, Reaching safepoint: 74390 ns, At safepoint: 5739 ns, Total: 80129 ns
[2020-09-11T16:44:03.367+0000][1][safepoint    ] Safepoint "Cleanup", Time since last: 1000136980 ns, Reaching safepoint: 73215 ns, At safepoint: 6040 ns, Total: 79255 ns
[2020-09-11T16:44:04.367+0000][1][safepoint    ] Safepoint "Cleanup", Time since last: 1000109598 ns, Reaching safepoint: 76653 ns, At safepoint: 7239 ns, Total: 83892 ns
[2020-09-11T16:44:05.161+0000][1][safepoint    ] Safepoint "RevokeBias", Time since last: 791743533 ns, Reaching safepoint: 2141952 ns, At safepoint: 25603 ns, Total: 2167555 ns
[2020-09-11T16:44:06.161+0000][1][safepoint    ] Safepoint "Cleanup", Time since last: 1000110085 ns, Reaching safepoint: 81004 ns, At safepoint: 9022 ns, Total: 90026 ns
[2020-09-11T16:44:07.161+0000][1][safepoint    ] Safepoint "Cleanup", Time since last: 1000123073 ns, Reaching safepoint: 82722 ns, At safepoint: 9422 ns, Total: 92144 ns
[2020-09-11T16:44:08.161+0000][1][safepoint    ] Safepoint "Cleanup", Time since last: 1000111047 ns, Reaching safepoint: 80669 ns, At safepoint: 7998 ns, Total: 88667 ns
[2020-09-11T16:44:09.162+0000][1][safepoint    ] Safepoint "Cleanup", Time since last: 1000111876 ns, Reaching safepoint: 80760 ns, At safepoint: 9677 ns, Total: 90437 ns
[2020-09-11T16:44:10.162+0000][1][safepoint    ] Safepoint "Cleanup", Time since last: 1000122884 ns, Reaching safepoint: 80834 ns, At safepoint: 7161 ns, Total: 87995 ns
[2020-09-11T16:44:11.167+0000][1][safepoint    ] Safepoint "Cleanup", Time since last: 1005385128 ns, Reaching safepoint: 86467 ns, At safepoint: 10346 ns, Total: 96813 ns
[2020-09-11T16:44:12.168+0000][1][safepoint    ] Safepoint "Cleanup", Time since last: 1000122705 ns, Reaching safepoint: 80526 ns, At safepoint: 6955 ns, Total: 87481 ns
[2020-09-11T16:44:13.168+0000][1][safepoint    ] Safepoint "Cleanup", Time since last: 1000114618 ns, Reaching safepoint: 82795 ns, At safepoint: 8845 ns, Total: 91640 ns
[2020-09-11T16:44:14.168+0000][1][safepoint    ] Safepoint "Cleanup", Time since last: 1000112583 ns, Reaching safepoint: 81414 ns, At safepoint: 8650 ns, Total: 90064 ns
[2020-09-11T16:44:15.169+0000][1][safepoint    ] Safepoint "Cleanup", Time since last: 1001220042 ns, Reaching safepoint: 93908 ns, At safepoint: 7444 ns, Total: 101352 ns
[2020-09-11T16:44:15.176+0000][1][safepoint    ] Safepoint "RevokeBias", Time since last: 6901557 ns, Reaching safepoint: 85862 ns, At safepoint: 22101 ns, Total: 107963 ns
[2020-09-11T16:44:16.176+0000][1][safepoint    ] Safepoint "Cleanup", Time since last: 1000113401 ns, Reaching safepoint: 82476 ns, At safepoint: 9461 ns, Total: 91937 ns
[2020-09-11T16:44:17.177+0000][1][safepoint    ] Safepoint "Cleanup", Time since last: 1000116297 ns, Reaching safepoint: 79611 ns, At safepoint: 7036 ns, Total: 86647 ns
[2020-09-11T16:44:18.177+0000][1][safepoint    ] Safepoint "Cleanup", Time since last: 1000088442 ns, Reaching safepoint: 82552 ns, At safepoint: 8744 ns, Total: 91296 ns
[2020-09-11T16:44:19.177+0000][1][safepoint    ] Safepoint "Cleanup", Time since last: 1000112593 ns, Reaching safepoint: 80023 ns, At safepoint: 6994 ns, Total: 87017 ns
[2020-09-11T16:44:20.177+0000][1][safepoint    ] Safepoint "Cleanup", Time since last: 1000108317 ns, Reaching safepoint: 206009 ns, At safepoint: 8760 ns, Total: 214769 ns
[2020-09-11T16:44:21.190+0000][1][safepoint    ] Safepoint "Cleanup", Time since last: 1012387509 ns, Reaching safepoint: 83342 ns, At safepoint: 9602 ns, Total: 92944 ns
[2020-09-11T16:44:22.190+0000][1][safepoint    ] Safepoint "Cleanup", Time since last: 1000117322 ns, Reaching safepoint: 79996 ns, At safepoint: 8358 ns, Total: 88354 ns
[2020-09-11T16:44:23.190+0000][1][safepoint    ] Safepoint "Cleanup", Time since last: 1000112992 ns, Reaching safepoint: 80285 ns, At safepoint: 8956 ns, Total: 89241 ns
[2020-09-11T16:44:24.190+0000][1][safepoint    ] Safepoint "Cleanup", Time since last: 1000117020 ns, Reaching safepoint: 79505 ns, At safepoint: 8468 ns, Total: 87973 ns
[2020-09-11T16:44:25.146+0000][1][safepoint    ] Safepoint "RevokeBias", Time since last: 955562765 ns, Reaching safepoint: 86602 ns, At safepoint: 22459 ns, Total: 109061 ns
[2020-09-11T16:44:26.146+0000][1][safepoint    ] Safepoint "Cleanup", Time since last: 1000110104 ns, Reaching safepoint: 82041 ns, At safepoint: 8943 ns, Total: 90984 ns
[2020-09-11T16:44:27.147+0000][1][safepoint    ] Safepoint "Cleanup", Time since last: 1000112941 ns, Reaching safepoint: 80808 ns, At safepoint: 9042 ns, Total: 89850 ns
[2020-09-11T16:44:27.773+0000][1][gc,start     ] GC(108) Pause Young (Allocation Failure)
[2020-09-11T16:44:27.773+0000][1][gc,task      ] GC(108) Using 1 workers of 1 for evacuation
[2020-09-11T16:44:27.781+0000][1][gc,age       ] GC(108) Desired survivor size 4358144 bytes, new threshold 6 (max threshold 6)
[2020-09-11T16:44:27.781+0000][1][gc,age       ] GC(108) Age table with threshold 6 (max threshold 6)
[2020-09-11T16:44:27.781+0000][1][gc,age       ] GC(108) - age   1:      54304 bytes,      54304 total
[2020-09-11T16:44:27.781+0000][1][gc,age       ] GC(108) - age   2:      15440 bytes,      69744 total
[2020-09-11T16:44:27.781+0000][1][gc,age       ] GC(108) - age   3:       5672 bytes,      75416 total
[2020-09-11T16:44:27.781+0000][1][gc,age       ] GC(108) - age   4:       1144 bytes,      76560 total
[2020-09-11T16:44:27.781+0000][1][gc,age       ] GC(108) - age   5:       3784 bytes,      80344 total
[2020-09-11T16:44:27.781+0000][1][gc,age       ] GC(108) - age   6:       4472 bytes,      84816 total
[2020-09-11T16:44:27.781+0000][1][gc,heap      ] GC(108) ParNew: 68209K->145K(76672K)
[2020-09-11T16:44:27.781+0000][1][gc,heap      ] GC(108) CMS: 76804K->76805K(439104K)
[2020-09-11T16:44:27.781+0000][1][gc,metaspace ] GC(108) Metaspace: 91396K->91396K(1132544K)
[2020-09-11T16:44:27.781+0000][1][gc           ] GC(108) Pause Young (Allocation Failure) 141M->75M(503M) 8.074ms
[2020-09-11T16:44:27.781+0000][1][gc,cpu       ] GC(108) User=0.01s Sys=0.00s Real=0.01s
[2020-09-11T16:44:27.781+0000][1][safepoint    ] Safepoint "GenCollectForAllocation", Time since last: 626432416 ns, Reaching safepoint: 84721 ns, At safepoint: 8144362 ns, Total: 8229083 ns
[2020-09-11T16:44:28.783+0000][1][safepoint    ] Safepoint "Cleanup", Time since last: 1001516116 ns, Reaching safepoint: 75820 ns, At safepoint: 18771 ns, Total: 94591 ns
[2020-09-11T16:44:29.783+0000][1][safepoint    ] Safepoint "Cleanup", Time since last: 1000107280 ns, Reaching safepoint: 90292 ns, At safepoint: 21797 ns, Total: 112089 ns
[2020-09-11T16:44:30.783+0000][1][safepoint    ] Safepoint "Cleanup", Time since last: 1000116122 ns, Reaching safepoint: 83986 ns, At safepoint: 6657 ns, Total: 90643 ns
[2020-09-11T16:44:31.783+0000][1][safepoint    ] Safepoint "Cleanup", Time since last: 1000113122 ns, Reaching safepoint: 81515 ns, At safepoint: 6458 ns, Total: 87973 ns
[2020-09-11T16:44:32.784+0000][1][safepoint    ] Safepoint "Cleanup", Time since last: 1000114653 ns, Reaching safepoint: 78331 ns, At safepoint: 8486 ns, Total: 86817 ns
[2020-09-11T16:44:33.784+0000][1][safepoint    ] Safepoint "Cleanup", Time since last: 1000114615 ns, Reaching safepoint: 81969 ns, At safepoint: 6728 ns, Total: 88697 ns
[2020-09-11T16:44:34.784+0000][1][safepoint    ] Safepoint "Cleanup", Time since last: 1000118389 ns, Reaching safepoint: 80373 ns, At safepoint: 9661 ns, Total: 90034 ns
[2020-09-11T16:44:35.143+0000][1][safepoint    ] Safepoint "RevokeBias", Time since last: 358892671 ns, Reaching safepoint: 208753 ns, At safepoint: 23687 ns, Total: 232440 ns
[2020-09-11T16:44:36.143+0000][1][safepoint    ] Safepoint "Cleanup", Time since last: 1000107121 ns, Reaching safepoint: 80476 ns, At safepoint: 8580 ns, Total: 89056 ns
[2020-09-11T16:44:37.144+0000][1][safepoint    ] Safepoint "Cleanup", Time since last: 1000117909 ns, Reaching safepoint: 86087 ns, At safepoint: 9250 ns, Total: 95337 ns
[2020-09-11T16:44:38.144+0000][1][safepoint    ] Safepoint "Cleanup", Time since last: 1000118014 ns, Reaching safepoint: 80412 ns, At safepoint: 9625 ns, Total: 90037 ns
[2020-09-11T16:44:39.144+0000][1][safepoint    ] Safepoint "Cleanup", Time since last: 1000128574 ns, Reaching safepoint: 83290 ns, At safepoint: 9682 ns, Total: 92972 ns
[2020-09-11T16:44:40.144+0000][1][safepoint    ] Safepoint "Cleanup", Time since last: 1000116488 ns, Reaching safepoint: 83380 ns, At safepoint: 7026 ns, Total: 90406 ns
[2020-09-11T16:44:41.170+0000][1][safepoint    ] Safepoint "Cleanup", Time since last: 1026164896 ns, Reaching safepoint: 80283 ns, At safepoint: 7032 ns, Total: 87315 ns
[2020-09-11T16:44:42.171+0000][1][safepoint    ] Safepoint "Cleanup", Time since last: 1000118257 ns, Reaching safepoint: 78465 ns, At safepoint: 10191 ns, Total: 88656 ns
[2020-09-11T16:44:43.171+0000][1][safepoint    ] Safepoint "Cleanup", Time since last: 1000115335 ns, Reaching safepoint: 81724 ns, At safepoint: 8491 ns, Total: 90215 ns
[2020-09-11T16:44:44.171+0000][1][safepoint    ] Safepoint "Cleanup", Time since last: 1000109756 ns, Reaching safepoint: 85295 ns, At safepoint: 7163 ns, Total: 92458 ns
[2020-09-11T16:44:45.145+0000][1][safepoint    ] Safepoint "RevokeBias", Time since last: 973911834 ns, Reaching safepoint: 100924 ns, At safepoint: 22480 ns, Total: 123404 ns
[2020-09-11T16:44:46.145+0000][1][safepoint    ] Safepoint "Cleanup", Time since last: 1000104471 ns, Reaching safepoint: 85627 ns, At safepoint: 7241 ns, Total: 92868 ns
[2020-09-11T16:44:47.146+0000][1][safepoint    ] Safepoint "Cleanup", Time since last: 1000148684 ns, Reaching safepoint: 80093 ns, At safepoint: 8955 ns, Total: 89048 ns
[2020-09-11T16:44:48.146+0000][1][safepoint    ] Safepoint "Cleanup", Time since last: 1000151500 ns, Reaching safepoint: 82020 ns, At safepoint: 9321 ns, Total: 91341 ns
[2020-09-11T16:44:49.146+0000][1][safepoint    ] Safepoint "Cleanup", Time since last: 1000114547 ns, Reaching safepoint: 80973 ns, At safepoint: 9032 ns, Total: 90005 ns
[2020-09-11T16:44:50.146+0000][1][safepoint    ] Safepoint "Cleanup", Time since last: 1000088710 ns, Reaching safepoint: 79911 ns, At safepoint: 8258 ns, Total: 88169 ns
[2020-09-11T16:44:51.152+0000][1][safepoint    ] Safepoint "Cleanup", Time since last: 1005475938 ns, Reaching safepoint: 109067 ns, At safepoint: 9921 ns, Total: 118988 ns
[2020-09-11T16:44:52.152+0000][1][safepoint    ] Safepoint "Cleanup", Time since last: 1000113607 ns, Reaching safepoint: 78794 ns, At safepoint: 9178 ns, Total: 87972 ns
[2020-09-11T16:44:53.152+0000][1][safepoint    ] Safepoint "Cleanup", Time since last: 1000117733 ns, Reaching safepoint: 79091 ns, At safepoint: 6430 ns, Total: 85521 ns
[2020-09-11T16:44:54.152+0000][1][safepoint    ] Safepoint "Cleanup", Time since last: 1000116021 ns, Reaching safepoint: 79596 ns, At safepoint: 6823 ns, Total: 86419 ns
[2020-09-11T16:44:55.153+0000][1][safepoint    ] Safepoint "Cleanup", Time since last: 1000121883 ns, Reaching safepoint: 125857 ns, At safepoint: 7627 ns, Total: 133484 ns
[2020-09-11T16:44:55.220+0000][1][safepoint    ] Safepoint "RevokeBias", Time since last: 67185287 ns, Reaching safepoint: 87938 ns, At safepoint: 23248 ns, Total: 111186 ns
[2020-09-11T16:45:03.439+0000][1][gc,start     ] GC(109) Pause Young (Allocation Failure)
[2020-09-11T16:45:03.439+0000][1][gc,task      ] GC(109) Using 1 workers of 1 for evacuation
[2020-09-11T16:45:03.443+0000][1][gc,age       ] GC(109) Desired survivor size 4358144 bytes, new threshold 6 (max threshold 6)
[2020-09-11T16:45:03.443+0000][1][gc,age       ] GC(109) Age table with threshold 6 (max threshold 6)
[2020-09-11T16:45:03.443+0000][1][gc,age       ] GC(109) - age   1:     133016 bytes,     133016 total
[2020-09-11T16:45:03.443+0000][1][gc,age       ] GC(109) - age   2:      11664 bytes,     144680 total
[2020-09-11T16:45:03.443+0000][1][gc,age       ] GC(109) - age   3:      11688 bytes,     156368 total
[2020-09-11T16:45:03.443+0000][1][gc,age       ] GC(109) - age   4:       5672 bytes,     162040 total
[2020-09-11T16:45:03.443+0000][1][gc,age       ] GC(109) - age   5:        832 bytes,     162872 total
[2020-09-11T16:45:03.443+0000][1][gc,age       ] GC(109) - age   6:       3784 bytes,     166656 total
[2020-09-11T16:45:03.443+0000][1][gc,heap      ] GC(109) ParNew: 68305K->211K(76672K)
[2020-09-11T16:45:03.443+0000][1][gc,heap      ] GC(109) CMS: 76805K->76810K(439104K)
[2020-09-11T16:45:03.443+0000][1][gc,metaspace ] GC(109) Metaspace: 91435K->91435K(1132544K)
[2020-09-11T16:45:03.443+0000][1][gc           ] GC(109) Pause Young (Allocation Failure) 141M->75M(503M) 4.587ms
[2020-09-11T16:45:03.443+0000][1][gc,cpu       ] GC(109) User=0.00s Sys=0.00s Real=0.01s
[2020-09-11T16:45:03.458+0000][1][safepoint    ] Safepoint "GenCollectForAllocation", Time since last: 8218724120 ns, Reaching safepoint: 163508 ns, At safepoint: 19076231 ns, Total: 19239739 ns
[2020-09-11T16:45:04.472+0000][1][safepoint    ] Safepoint "Cleanup", Time since last: 1014466410 ns, Reaching safepoint: 85089 ns, At safepoint: 7085 ns, Total: 92174 ns
[2020-09-11T16:45:05.142+0000][1][safepoint    ] Safepoint "BulkRevokeBias", Time since last: 668684646 ns, Reaching safepoint: 176382 ns, At safepoint: 239470 ns, Total: 415852 ns
[2020-09-11T16:45:06.142+0000][1][safepoint    ] Safepoint "Cleanup", Time since last: 1000112028 ns, Reaching safepoint: 80149 ns, At safepoint: 9588 ns, Total: 89737 ns
[2020-09-11T16:45:07.142+0000][1][safepoint    ] Safepoint "Cleanup", Time since last: 1000111458 ns, Reaching safepoint: 79979 ns, At safepoint: 6579 ns, Total: 86558 ns
[2020-09-11T16:45:08.142+0000][1][safepoint    ] Safepoint "Cleanup", Time since last: 1000113839 ns, Reaching safepoint: 79548 ns, At safepoint: 9619 ns, Total: 89167 ns
[2020-09-11T16:45:09.142+0000][1][safepoint    ] Safepoint "Cleanup", Time since last: 1000115913 ns, Reaching safepoint: 83755 ns, At safepoint: 9624 ns, Total: 93379 ns
[2020-09-11T16:45:10.143+0000][1][safepoint    ] Safepoint "Cleanup", Time since last: 1000110441 ns, Reaching safepoint: 79005 ns, At safepoint: 6969 ns, Total: 85974 ns
[2020-09-11T16:45:11.168+0000][1][safepoint    ] Safepoint "Cleanup", Time since last: 1025749683 ns, Reaching safepoint: 83517 ns, At safepoint: 6825 ns, Total: 90342 ns
[2020-09-11T16:45:12.169+0000][1][safepoint    ] Safepoint "Cleanup", Time since last: 1000119905 ns, Reaching safepoint: 83185 ns, At safepoint: 9114 ns, Total: 92299 ns
[2020-09-11T16:45:13.169+0000][1][safepoint    ] Safepoint "Cleanup", Time since last: 1000134660 ns, Reaching safepoint: 109904 ns, At safepoint: 7807 ns, Total: 117711 ns
[2020-09-11T16:45:14.169+0000][1][safepoint    ] Safepoint "Cleanup", Time since last: 1000113067 ns, Reaching safepoint: 81160 ns, At safepoint: 9200 ns, Total: 90360 ns
[2020-09-11T16:45:15.172+0000][1][safepoint    ] Safepoint "Cleanup", Time since last: 1002186243 ns, Reaching safepoint: 415820 ns, At safepoint: 8819 ns, Total: 424639 ns
[2020-09-11T16:45:15.181+0000][1][safepoint    ] Safepoint "RevokeBias", Time since last: 7961686 ns, Reaching safepoint: 964772 ns, At safepoint: 23838 ns, Total: 988610 ns
[2020-09-11T16:45:16.181+0000][1][safepoint    ] Safepoint "Cleanup", Time since last: 1000119593 ns, Reaching safepoint: 80366 ns, At safepoint: 8691 ns, Total: 89057 ns
[2020-09-11T16:45:17.181+0000][1][safepoint    ] Safepoint "Cleanup", Time since last: 1000108648 ns, Reaching safepoint: 78845 ns, At safepoint: 6511 ns, Total: 85356 ns
[2020-09-11T16:45:18.181+0000][1][safepoint    ] Safepoint "Cleanup", Time since last: 1000112562 ns, Reaching safepoint: 81457 ns, At safepoint: 9504 ns, Total: 90961 ns
[2020-09-11T16:45:19.181+0000][1][safepoint    ] Safepoint "Cleanup", Time since last: 1000110822 ns, Reaching safepoint: 78104 ns, At safepoint: 7021 ns, Total: 85125 ns
[2020-09-11T16:45:20.182+0000][1][safepoint    ] Safepoint "Cleanup", Time since last: 1000109117 ns, Reaching safepoint: 80735 ns, At safepoint: 9298 ns, Total: 90033 ns
[2020-09-11T16:45:21.191+0000][1][safepoint    ] Safepoint "Cleanup", Time since last: 1008861128 ns, Reaching safepoint: 84837 ns, At safepoint: 7078 ns, Total: 91915 ns
[2020-09-11T16:45:22.191+0000][1][safepoint    ] Safepoint "Cleanup", Time since last: 1000134318 ns, Reaching safepoint: 83245 ns, At safepoint: 6991 ns, Total: 90236 ns
[2020-09-11T16:45:23.191+0000][1][safepoint    ] Safepoint "Cleanup", Time since last: 1000128856 ns, Reaching safepoint: 83725 ns, At safepoint: 9339 ns, Total: 93064 ns
[2020-09-11T16:45:24.191+0000][1][safepoint    ] Safepoint "Cleanup", Time since last: 1000138882 ns, Reaching safepoint: 88230 ns, At safepoint: 9258 ns, Total: 97488 ns
[2020-09-11T16:45:25.173+0000][1][safepoint    ] Safepoint "RevokeBias", Time since last: 981919158 ns, Reaching safepoint: 163385 ns, At safepoint: 22936 ns, Total: 186321 ns
[2020-09-11T16:45:26.174+0000][1][safepoint    ] Safepoint "Cleanup", Time since last: 1000103983 ns, Reaching safepoint: 74972 ns, At safepoint: 6660 ns, Total: 81632 ns
[2020-09-11T16:45:27.174+0000][1][safepoint    ] Safepoint "Cleanup", Time since last: 1000094442 ns, Reaching safepoint: 73886 ns, At safepoint: 7815 ns, Total: 81701 ns
[2020-09-11T16:45:28.174+0000][1][safepoint    ] Safepoint "Cleanup", Time since last: 1000093300 ns, Reaching safepoint: 72367 ns, At safepoint: 6520 ns, Total: 78887 ns
[2020-09-11T16:45:29.174+0000][1][safepoint    ] Safepoint "Cleanup", Time since last: 1000091602 ns, Reaching safepoint: 72880 ns, At safepoint: 7519 ns, Total: 80399 ns
[2020-09-11T16:45:30.174+0000][1][safepoint    ] Safepoint "Cleanup", Time since last: 1000096041 ns, Reaching safepoint: 75166 ns, At safepoint: 7653 ns, Total: 82819 ns
[2020-09-11T16:45:31.207+0000][1][safepoint    ] Safepoint "Cleanup", Time since last: 1032600770 ns, Reaching safepoint: 80510 ns, At safepoint: 7975 ns, Total: 88485 ns
[2020-09-11T16:45:32.207+0000][1][safepoint    ] Safepoint "Cleanup", Time since last: 1000127958 ns, Reaching safepoint: 80731 ns, At safepoint: 8693 ns, Total: 89424 ns
[2020-09-11T16:45:33.207+0000][1][safepoint    ] Safepoint "Cleanup", Time since last: 1000148201 ns, Reaching safepoint: 73806 ns, At safepoint: 6412 ns, Total: 80218 ns
[2020-09-11T16:45:34.208+0000][1][safepoint    ] Safepoint "Cleanup", Time since last: 1000150807 ns, Reaching safepoint: 75647 ns, At safepoint: 6079 ns, Total: 81726 ns
[2020-09-11T16:45:35.193+0000][1][safepoint    ] Safepoint "RevokeBias", Time since last: 985156404 ns, Reaching safepoint: 165111 ns, At safepoint: 22971 ns, Total: 188082 ns
[2020-09-11T16:45:36.193+0000][1][safepoint    ] Safepoint "Cleanup", Time since last: 1000103373 ns, Reaching safepoint: 78212 ns, At safepoint: 6357 ns, Total: 84569 ns
[2020-09-11T16:45:37.193+0000][1][safepoint    ] Safepoint "Cleanup", Time since last: 1000104651 ns, Reaching safepoint: 78847 ns, At safepoint: 6661 ns, Total: 85508 ns
[2020-09-11T16:45:38.194+0000][1][safepoint    ] Safepoint "Cleanup", Time since last: 1000110543 ns, Reaching safepoint: 98994 ns, At safepoint: 17597 ns, Total: 116591 ns
[2020-09-11T16:45:38.727+0000][1][gc,start     ] GC(110) Pause Young (Allocation Failure)
[2020-09-11T16:45:38.727+0000][1][gc,task      ] GC(110) Using 1 workers of 1 for evacuation
[2020-09-11T16:45:38.731+0000][1][gc,age       ] GC(110) Desired survivor size 4358144 bytes, new threshold 6 (max threshold 6)
[2020-09-11T16:45:38.731+0000][1][gc,age       ] GC(110) Age table with threshold 6 (max threshold 6)
[2020-09-11T16:45:38.731+0000][1][gc,age       ] GC(110) - age   1:      51664 bytes,      51664 total
[2020-09-11T16:45:38.731+0000][1][gc,age       ] GC(110) - age   2:       6104 bytes,      57768 total
[2020-09-11T16:45:38.731+0000][1][gc,age       ] GC(110) - age   3:       5144 bytes,      62912 total
[2020-09-11T16:45:38.731+0000][1][gc,age       ] GC(110) - age   4:      11688 bytes,      74600 total
[2020-09-11T16:45:38.731+0000][1][gc,age       ] GC(110) - age   5:       3344 bytes,      77944 total
[2020-09-11T16:45:38.731+0000][1][gc,age       ] GC(110) - age   6:        832 bytes,      78776 total
[2020-09-11T16:45:38.731+0000][1][gc,heap      ] GC(110) ParNew: 68339K->86K(76672K)
[2020-09-11T16:45:38.731+0000][1][gc,heap      ] GC(110) CMS: 76810K->76813K(439104K)
[2020-09-11T16:45:38.731+0000][1][gc,metaspace ] GC(110) Metaspace: 91451K->91451K(1132544K)
[2020-09-11T16:45:38.731+0000][1][gc           ] GC(110) Pause Young (Allocation Failure) 141M->75M(503M) 4.169ms
[2020-09-11T16:45:38.731+0000][1][gc,cpu       ] GC(110) User=0.00s Sys=0.00s Real=0.00s
[2020-09-11T16:45:38.741+0000][1][safepoint    ] Safepoint "GenCollectForAllocation", Time since last: 532767107 ns, Reaching safepoint: 159300 ns, At safepoint: 14258884 ns, Total: 14418184 ns
[2020-09-11T16:45:39.747+0000][1][safepoint    ] Safepoint "Cleanup", Time since last: 1006597284 ns, Reaching safepoint: 81854 ns, At safepoint: 8144 ns, Total: 89998 ns
[2020-09-11T16:45:40.748+0000][1][safepoint    ] Safepoint "Cleanup", Time since last: 1000104567 ns, Reaching safepoint: 94581 ns, At safepoint: 7592 ns, Total: 102173 ns
[2020-09-11T16:45:41.748+0000][1][safepoint    ] Safepoint "Cleanup", Time since last: 1000117286 ns, Reaching safepoint: 81651 ns, At safepoint: 9602 ns, Total: 91253 ns
[2020-09-11T16:45:42.748+0000][1][safepoint    ] Safepoint "Cleanup", Time since last: 1000117704 ns, Reaching safepoint: 80117 ns, At safepoint: 6678 ns, Total: 86795 ns
[2020-09-11T16:45:43.748+0000][1][safepoint    ] Safepoint "Cleanup", Time since last: 1000113090 ns, Reaching safepoint: 86692 ns, At safepoint: 6580 ns, Total: 93272 ns
[2020-09-11T16:45:44.748+0000][1][safepoint    ] Safepoint "Cleanup", Time since last: 1000112665 ns, Reaching safepoint: 76079 ns, At safepoint: 6385 ns, Total: 82464 ns
[2020-09-11T16:45:45.141+0000][1][safepoint    ] Safepoint "RevokeBias", Time since last: 392032369 ns, Reaching safepoint: 88268 ns, At safepoint: 21582 ns, Total: 109850 ns
[2020-09-11T16:45:46.141+0000][1][safepoint    ] Safepoint "Cleanup", Time since last: 1000139538 ns, Reaching safepoint: 81827 ns, At safepoint: 6136 ns, Total: 87963 ns
[2020-09-11T16:45:47.141+0000][1][safepoint    ] Safepoint "Cleanup", Time since last: 1000111839 ns, Reaching safepoint: 77452 ns, At safepoint: 6870 ns, Total: 84322 ns
[2020-09-11T16:45:48.141+0000][1][safepoint    ] Safepoint "Cleanup", Time since last: 1000109954 ns, Reaching safepoint: 80619 ns, At safepoint: 9390 ns, Total: 90009 ns
[2020-09-11T16:45:49.141+0000][1][safepoint    ] Safepoint "Cleanup", Time since last: 1000112298 ns, Reaching safepoint: 79955 ns, At safepoint: 7339 ns, Total: 87294 ns
[2020-09-11T16:45:50.142+0000][1][safepoint    ] Safepoint "Cleanup", Time since last: 1000108085 ns, Reaching safepoint: 78347 ns, At safepoint: 8409 ns, Total: 86756 ns
[2020-09-11T16:45:51.147+0000][1][safepoint    ] Safepoint "Cleanup", Time since last: 1005526708 ns, Reaching safepoint: 81479 ns, At safepoint: 9280 ns, Total: 90759 ns
[2020-09-11T16:45:52.147+0000][1][safepoint    ] Safepoint "Cleanup", Time since last: 1000119737 ns, Reaching safepoint: 79406 ns, At safepoint: 6499 ns, Total: 85905 ns
[2020-09-11T16:45:53.148+0000][1][safepoint    ] Safepoint "Cleanup", Time since last: 1000156253 ns, Reaching safepoint: 78766 ns, At safepoint: 7468 ns, Total: 86234 ns
[2020-09-11T16:45:54.162+0000][1][safepoint    ] Safepoint "Cleanup", Time since last: 1014615860 ns, Reaching safepoint: 87275 ns, At safepoint: 7231 ns, Total: 94506 ns
[2020-09-11T16:45:55.163+0000][1][safepoint    ] Safepoint "Cleanup", Time since last: 1000134294 ns, Reaching safepoint: 134383 ns, At safepoint: 7296 ns, Total: 141679 ns
[2020-09-11T16:45:55.233+0000][1][safepoint    ] Safepoint "RevokeBias", Time since last: 69979099 ns, Reaching safepoint: 153812 ns, At safepoint: 22830 ns, Total: 176642 ns
[2020-09-11T16:45:56.233+0000][1][safepoint    ] Safepoint "Cleanup", Time since last: 1000108415 ns, Reaching safepoint: 80557 ns, At safepoint: 7660 ns, Total: 88217 ns
[2020-09-11T16:45:57.233+0000][1][safepoint    ] Safepoint "Cleanup", Time since last: 1000112096 ns, Reaching safepoint: 82315 ns, At safepoint: 9162 ns, Total: 91477 ns
[2020-09-11T16:45:58.233+0000][1][safepoint    ] Safepoint "Cleanup", Time since last: 1000110466 ns, Reaching safepoint: 80984 ns, At safepoint: 9781 ns, Total: 90765 ns
[2020-09-11T16:45:59.234+0000][1][safepoint    ] Safepoint "Cleanup", Time since last: 1000138915 ns, Reaching safepoint: 80050 ns, At safepoint: 8249 ns, Total: 88299 ns
[2020-09-11T16:46:00.234+0000][1][safepoint    ] Safepoint "Cleanup", Time since last: 1000123595 ns, Reaching safepoint: 78631 ns, At safepoint: 9347 ns, Total: 87978 ns
[2020-09-11T16:46:01.239+0000][1][safepoint    ] Safepoint "Cleanup", Time since last: 1005386756 ns, Reaching safepoint: 85888 ns, At safepoint: 7071 ns, Total: 92959 ns
[2020-09-11T16:46:02.240+0000][1][safepoint    ] Safepoint "Cleanup", Time since last: 1000122345 ns, Reaching safepoint: 80116 ns, At safepoint: 7162 ns, Total: 87278 ns
[2020-09-11T16:46:03.240+0000][1][safepoint    ] Safepoint "Cleanup", Time since last: 1000117641 ns, Reaching safepoint: 78996 ns, At safepoint: 8625 ns, Total: 87621 ns
[2020-09-11T16:46:04.240+0000][1][safepoint    ] Safepoint "Cleanup", Time since last: 1000115823 ns, Reaching safepoint: 87066 ns, At safepoint: 9234 ns, Total: 96300 ns
[2020-09-11T16:46:05.147+0000][1][safepoint    ] Safepoint "RevokeBias", Time since last: 906664428 ns, Reaching safepoint: 165517 ns, At safepoint: 24602 ns, Total: 190119 ns
[2020-09-11T16:46:07.147+0000][1][safepoint    ] Safepoint "Cleanup", Time since last: 2000184990 ns, Reaching safepoint: 86795 ns, At safepoint: 7278 ns, Total: 94073 ns
[2020-09-11T16:46:08.754+0000][1][gc,start     ] GC(111) Pause Young (Allocation Failure)
[2020-09-11T16:46:08.754+0000][1][gc,task      ] GC(111) Using 1 workers of 1 for evacuation
[2020-09-11T16:46:08.764+0000][1][gc,age       ] GC(111) Desired survivor size 4358144 bytes, new threshold 6 (max threshold 6)
[2020-09-11T16:46:08.764+0000][1][gc,age       ] GC(111) Age table with threshold 6 (max threshold 6)
[2020-09-11T16:46:08.764+0000][1][gc,age       ] GC(111) - age   1:     133104 bytes,     133104 total
[2020-09-11T16:46:08.764+0000][1][gc,age       ] GC(111) - age   2:       8880 bytes,     141984 total
[2020-09-11T16:46:08.764+0000][1][gc,age       ] GC(111) - age   3:       1144 bytes,     143128 total
[2020-09-11T16:46:08.764+0000][1][gc,age       ] GC(111) - age   4:       5144 bytes,     148272 total
[2020-09-11T16:46:08.764+0000][1][gc,age       ] GC(111) - age   5:       9832 bytes,     158104 total
[2020-09-11T16:46:08.764+0000][1][gc,age       ] GC(111) - age   6:       3032 bytes,     161136 total
[2020-09-11T16:46:08.764+0000][1][gc,heap      ] GC(111) ParNew: 68246K->158K(76672K)
[2020-09-11T16:46:08.764+0000][1][gc,heap      ] GC(111) CMS: 76813K->76814K(439104K)
[2020-09-11T16:46:08.764+0000][1][gc,metaspace ] GC(111) Metaspace: 91467K->91467K(1132544K)
[2020-09-11T16:46:08.764+0000][1][gc           ] GC(111) Pause Young (Allocation Failure) 141M->75M(503M) 10.380ms
[2020-09-11T16:46:08.764+0000][1][gc,cpu       ] GC(111) User=0.01s Sys=0.00s Real=0.01s
[2020-09-11T16:46:08.777+0000][1][safepoint    ] Safepoint "GenCollectForAllocation", Time since last: 1606363749 ns, Reaching safepoint: 171537 ns, At safepoint: 23103147 ns, Total: 23274684 ns
[2020-09-11T16:46:10.778+0000][1][safepoint    ] Safepoint "Cleanup", Time since last: 2000969408 ns, Reaching safepoint: 80998 ns, At safepoint: 6410 ns, Total: 87408 ns
[2020-09-11T16:46:13.778+0000][1][safepoint    ] Safepoint "Cleanup", Time since last: 3000256752 ns, Reaching safepoint: 84288 ns, At safepoint: 7177 ns, Total: 91465 ns
[2020-09-11T16:46:14.778+0000][1][safepoint    ] Safepoint "Cleanup", Time since last: 1000106995 ns, Reaching safepoint: 86601 ns, At safepoint: 8850 ns, Total: 95451 ns
[2020-09-11T16:46:15.151+0000][1][safepoint    ] Safepoint "RevokeBias", Time since last: 372663963 ns, Reaching safepoint: 87354 ns, At safepoint: 21797 ns, Total: 109151 ns
[2020-09-11T16:46:16.151+0000][1][safepoint    ] Safepoint "Cleanup", Time since last: 1000103071 ns, Reaching safepoint: 84839 ns, At safepoint: 8194 ns, Total: 93033 ns
[2020-09-11T16:46:21.157+0000][1][safepoint    ] Safepoint "Cleanup", Time since last: 5005240922 ns, Reaching safepoint: 87907 ns, At safepoint: 9285 ns, Total: 97192 ns
[2020-09-11T16:46:22.157+0000][1][safepoint    ] Safepoint "Cleanup", Time since last: 1000146358 ns, Reaching safepoint: 86683 ns, At safepoint: 8257 ns, Total: 94940 ns
[2020-09-11T16:46:25.232+0000][1][safepoint    ] Safepoint "RevokeBias", Time since last: 3075190390 ns, Reaching safepoint: 97909 ns, At safepoint: 21859 ns, Total: 119768 ns
[2020-09-11T16:46:31.233+0000][1][safepoint    ] Safepoint "Cleanup", Time since last: 6000509183 ns, Reaching safepoint: 84729 ns, At safepoint: 7042 ns, Total: 91771 ns
[2020-09-11T16:46:33.462+0000][1][gc,start     ] GC(112) Pause Young (Allocation Failure)
[2020-09-11T16:46:33.462+0000][1][gc,task      ] GC(112) Using 1 workers of 1 for evacuation
[2020-09-11T16:46:33.470+0000][1][gc,age       ] GC(112) Desired survivor size 4358144 bytes, new threshold 6 (max threshold 6)
[2020-09-11T16:46:33.470+0000][1][gc,age       ] GC(112) Age table with threshold 6 (max threshold 6)
[2020-09-11T16:46:33.470+0000][1][gc,age       ] GC(112) - age   1:      76128 bytes,      76128 total
[2020-09-11T16:46:33.470+0000][1][gc,age       ] GC(112) - age   2:      11344 bytes,      87472 total
[2020-09-11T16:46:33.470+0000][1][gc,age       ] GC(112) - age   3:       3728 bytes,      91200 total
[2020-09-11T16:46:33.470+0000][1][gc,age       ] GC(112) - age   4:       1144 bytes,      92344 total
[2020-09-11T16:46:33.470+0000][1][gc,age       ] GC(112) - age   5:       4832 bytes,      97176 total
[2020-09-11T16:46:33.470+0000][1][gc,age       ] GC(112) - age   6:       1016 bytes,      98192 total
[2020-09-11T16:46:33.470+0000][1][gc,heap      ] GC(112) ParNew: 68318K->137K(76672K)
[2020-09-11T16:46:33.470+0000][1][gc,heap      ] GC(112) CMS: 76814K->76817K(439104K)
[2020-09-11T16:46:33.470+0000][1][gc,metaspace ] GC(112) Metaspace: 91492K->91492K(1132544K)
[2020-09-11T16:46:33.470+0000][1][gc           ] GC(112) Pause Young (Allocation Failure) 141M->75M(503M) 8.360ms
[2020-09-11T16:46:33.470+0000][1][gc,cpu       ] GC(112) User=0.01s Sys=0.00s Real=0.00s
[2020-09-11T16:46:33.471+0000][1][safepoint    ] Safepoint "GenCollectForAllocation", Time since last: 2225096969 ns, Reaching safepoint: 4147041 ns, At safepoint: 8433060 ns, Total: 12580101 ns
[2020-09-11T16:46:34.498+0000][1][safepoint    ] Safepoint "Cleanup", Time since last: 1027814822 ns, Reaching safepoint: 84292 ns, At safepoint: 21360 ns, Total: 105652 ns
[2020-09-11T16:46:35.156+0000][1][safepoint    ] Safepoint "RevokeBias", Time since last: 657016911 ns, Reaching safepoint: 85205 ns, At safepoint: 23981 ns, Total: 109186 ns
[2020-09-11T16:46:41.156+0000][1][safepoint    ] Safepoint "Cleanup", Time since last: 6000504342 ns, Reaching safepoint: 85527 ns, At safepoint: 7229 ns, Total: 92756 ns
[2020-09-11T16:46:43.156+0000][1][safepoint    ] Safepoint "Cleanup", Time since last: 2000209349 ns, Reaching safepoint: 83768 ns, At safepoint: 8188 ns, Total: 91956 ns
[2020-09-11T16:46:45.151+0000][1][safepoint    ] Safepoint "RevokeBias", Time since last: 1994047830 ns, Reaching safepoint: 89650 ns, At safepoint: 21974 ns, Total: 111624 ns
[2020-09-11T16:46:46.151+0000][1][safepoint    ] Safepoint "Cleanup", Time since last: 1000106552 ns, Reaching safepoint: 82294 ns, At safepoint: 8982 ns, Total: 91276 ns
[2020-09-11T16:46:50.708+0000][1][safepoint    ] Safepoint "RevokeBias", Time since last: 4557310641 ns, Reaching safepoint: 155835 ns, At safepoint: 20199 ns, Total: 176034 ns
[2020-09-11T16:46:53.709+0000][1][safepoint    ] Safepoint "Cleanup", Time since last: 3000274828 ns, Reaching safepoint: 106890 ns, At safepoint: 7569 ns, Total: 114459 ns
[2020-09-11T16:46:55.169+0000][1][safepoint    ] Safepoint "RevokeBias", Time since last: 1460635495 ns, Reaching safepoint: 83113 ns, At safepoint: 22302 ns, Total: 105415 ns
[2020-09-11T16:47:01.170+0000][1][safepoint    ] Safepoint "Cleanup", Time since last: 6000526097 ns, Reaching safepoint: 82190 ns, At safepoint: 9560 ns, Total: 91750 ns
[2020-09-11T16:47:03.477+0000][1][gc,start     ] GC(113) Pause Young (Allocation Failure)
[2020-09-11T16:47:03.477+0000][1][gc,task      ] GC(113) Using 1 workers of 1 for evacuation
[2020-09-11T16:47:03.489+0000][1][gc,age       ] GC(113) Desired survivor size 4358144 bytes, new threshold 6 (max threshold 6)
[2020-09-11T16:47:03.489+0000][1][gc,age       ] GC(113) Age table with threshold 6 (max threshold 6)
[2020-09-11T16:47:03.489+0000][1][gc,age       ] GC(113) - age   1:      52312 bytes,      52312 total
[2020-09-11T16:47:03.489+0000][1][gc,age       ] GC(113) - age   2:      19464 bytes,      71776 total
[2020-09-11T16:47:03.489+0000][1][gc,age       ] GC(113) - age   3:       3600 bytes,      75376 total
[2020-09-11T16:47:03.489+0000][1][gc,age       ] GC(113) - age   4:       3696 bytes,      79072 total
[2020-09-11T16:47:03.489+0000][1][gc,age       ] GC(113) - age   5:       1144 bytes,      80216 total
[2020-09-11T16:47:03.489+0000][1][gc,age       ] GC(113) - age   6:       4832 bytes,      85048 total
[2020-09-11T16:47:03.489+0000][1][gc,heap      ] GC(113) ParNew: 68297K->106K(76672K)
[2020-09-11T16:47:03.489+0000][1][gc,heap      ] GC(113) CMS: 76817K->76818K(439104K)
[2020-09-11T16:47:03.489+0000][1][gc,metaspace ] GC(113) Metaspace: 91493K->91493K(1132544K)
[2020-09-11T16:47:03.489+0000][1][gc           ] GC(113) Pause Young (Allocation Failure) 141M->75M(503M) 12.027ms
[2020-09-11T16:47:03.489+0000][1][gc,cpu       ] GC(113) User=0.01s Sys=0.00s Real=0.01s
[2020-09-11T16:47:03.489+0000][1][safepoint    ] Safepoint "GenCollectForAllocation", Time since last: 2306902190 ns, Reaching safepoint: 76290 ns, At safepoint: 12095706 ns, Total: 12171996 ns
[2020-09-11T16:47:05.143+0000][1][safepoint    ] Safepoint "RevokeBias", Time since last: 1653242099 ns, Reaching safepoint: 89141 ns, At safepoint: 33613 ns, Total: 122754 ns
[2020-09-11T16:47:10.143+0000][1][safepoint    ] Safepoint "Cleanup", Time since last: 5000404100 ns, Reaching safepoint: 94241 ns, At safepoint: 9911 ns, Total: 104152 ns
[2020-09-11T16:47:15.165+0000][1][safepoint    ] Safepoint "Cleanup", Time since last: 5017484535 ns, Reaching safepoint: 4367183 ns, At safepoint: 11950 ns, Total: 4379133 ns
[2020-09-11T16:47:15.165+0000][1][safepoint    ] Safepoint "RevokeBias", Time since last: 274767 ns, Reaching safepoint: 47902 ns, At safepoint: 23679 ns, Total: 71581 ns
[2020-09-11T16:47:21.166+0000][1][safepoint    ] Safepoint "Cleanup", Time since last: 6000441559 ns, Reaching safepoint: 85713 ns, At safepoint: 9476 ns, Total: 95189 ns
[2020-09-11T16:47:25.166+0000][1][safepoint    ] Safepoint "RevokeBias", Time since last: 3999630646 ns, Reaching safepoint: 175819 ns, At safepoint: 23244 ns, Total: 199063 ns
[2020-09-11T16:47:26.166+0000][1][safepoint    ] Safepoint "Cleanup", Time since last: 1000106179 ns, Reaching safepoint: 86718 ns, At safepoint: 9717 ns, Total: 96435 ns
[2020-09-11T16:47:35.190+0000][1][safepoint    ] Safepoint "RevokeBias", Time since last: 9024128305 ns, Reaching safepoint: 86593 ns, At safepoint: 22848 ns, Total: 109441 ns
[2020-09-11T16:47:40.576+0000][1][gc,start     ] GC(114) Pause Young (Allocation Failure)
[2020-09-11T16:47:40.617+0000][1][gc,task      ] GC(114) Using 1 workers of 1 for evacuation
[2020-09-11T16:47:40.624+0000][1][gc,age       ] GC(114) Desired survivor size 4358144 bytes, new threshold 6 (max threshold 6)
[2020-09-11T16:47:40.624+0000][1][gc,age       ] GC(114) Age table with threshold 6 (max threshold 6)
[2020-09-11T16:47:40.624+0000][1][gc,age       ] GC(114) - age   1:      50832 bytes,      50832 total
[2020-09-11T16:47:40.624+0000][1][gc,age       ] GC(114) - age   2:      11184 bytes,      62016 total
[2020-09-11T16:47:40.624+0000][1][gc,age       ] GC(114) - age   3:      13072 bytes,      75088 total
[2020-09-11T16:47:40.624+0000][1][gc,age       ] GC(114) - age   4:       3472 bytes,      78560 total
[2020-09-11T16:47:40.624+0000][1][gc,age       ] GC(114) - age   5:       3696 bytes,      82256 total
[2020-09-11T16:47:40.624+0000][1][gc,age       ] GC(114) - age   6:        832 bytes,      83088 total
[2020-09-11T16:47:40.624+0000][1][gc,heap      ] GC(114) ParNew: 68266K->88K(76672K)
[2020-09-11T16:47:40.624+0000][1][gc,heap      ] GC(114) CMS: 76818K->76822K(439104K)
[2020-09-11T16:47:40.624+0000][1][gc,metaspace ] GC(114) Metaspace: 91526K->91526K(1132544K)
[2020-09-11T16:47:40.624+0000][1][gc           ] GC(114) Pause Young (Allocation Failure) 141M->75M(503M) 47.871ms
[2020-09-11T16:47:40.624+0000][1][gc,cpu       ] GC(114) User=0.01s Sys=0.00s Real=0.05s
[2020-09-11T16:47:40.624+0000][1][safepoint    ] Safepoint "GenCollectForAllocation", Time since last: 5385608984 ns, Reaching safepoint: 164027 ns, At safepoint: 47988137 ns, Total: 48152164 ns
[2020-09-11T16:47:45.186+0000][1][safepoint    ] Safepoint "RevokeBias", Time since last: 4562279640 ns, Reaching safepoint: 92336 ns, At safepoint: 21588 ns, Total: 113924 ns
[2020-09-11T16:47:55.151+0000][1][safepoint    ] Safepoint "RevokeBias", Time since last: 9965018683 ns, Reaching safepoint: 104434 ns, At safepoint: 22384 ns, Total: 126818 ns
[2020-09-11T16:48:05.149+0000][1][safepoint    ] Safepoint "RevokeBias", Time since last: 9997764968 ns, Reaching safepoint: 160997 ns, At safepoint: 22780 ns, Total: 183777 ns
[2020-09-11T16:48:08.821+0000][1][gc,start     ] GC(115) Pause Young (Allocation Failure)
[2020-09-11T16:48:08.821+0000][1][gc,task      ] GC(115) Using 1 workers of 1 for evacuation
[2020-09-11T16:48:08.829+0000][1][gc,age       ] GC(115) Desired survivor size 4358144 bytes, new threshold 6 (max threshold 6)
[2020-09-11T16:48:08.829+0000][1][gc,age       ] GC(115) Age table with threshold 6 (max threshold 6)
[2020-09-11T16:48:08.829+0000][1][gc,age       ] GC(115) - age   1:      66680 bytes,      66680 total
[2020-09-11T16:48:08.829+0000][1][gc,age       ] GC(115) - age   2:       7800 bytes,      74480 total
[2020-09-11T16:48:08.829+0000][1][gc,age       ] GC(115) - age   3:       6224 bytes,      80704 total
[2020-09-11T16:48:08.829+0000][1][gc,age       ] GC(115) - age   4:      13072 bytes,      93776 total
[2020-09-11T16:48:08.829+0000][1][gc,age       ] GC(115) - age   5:       3472 bytes,      97248 total
[2020-09-11T16:48:08.829+0000][1][gc,age       ] GC(115) - age   6:        776 bytes,      98024 total
[2020-09-11T16:48:08.829+0000][1][gc,heap      ] GC(115) ParNew: 68248K->166K(76672K)
[2020-09-11T16:48:08.829+0000][1][gc,heap      ] GC(115) CMS: 76822K->76823K(439104K)
[2020-09-11T16:48:08.829+0000][1][gc,metaspace ] GC(115) Metaspace: 91546K->91546K(1134592K)
[2020-09-11T16:48:08.829+0000][1][gc           ] GC(115) Pause Young (Allocation Failure) 141M->75M(503M) 8.323ms
[2020-09-11T16:48:08.829+0000][1][gc,cpu       ] GC(115) User=0.01s Sys=0.00s Real=0.00s
[2020-09-11T16:48:08.829+0000][1][safepoint    ] Safepoint "GenCollectForAllocation", Time since last: 3669132403 ns, Reaching safepoint: 2437566 ns, At safepoint: 8395729 ns, Total: 10833295 ns
[2020-09-11T16:48:09.832+0000][1][safepoint    ] Safepoint "Cleanup", Time since last: 1002194098 ns, Reaching safepoint: 84672 ns, At safepoint: 23929 ns, Total: 108601 ns
[2020-09-11T16:48:15.157+0000][1][safepoint    ] Safepoint "RevokeBias", Time since last: 5325626770 ns, Reaching safepoint: 87137 ns, At safepoint: 21648 ns, Total: 108785 ns
[2020-09-11T16:48:21.158+0000][1][safepoint    ] Safepoint "Cleanup", Time since last: 6000504154 ns, Reaching safepoint: 85232 ns, At safepoint: 7830 ns, Total: 93062 ns
[2020-09-11T16:48:25.158+0000][1][safepoint    ] Safepoint "Cleanup", Time since last: 4000341538 ns, Reaching safepoint: 189175 ns, At safepoint: 9012 ns, Total: 198187 ns
[2020-09-11T16:48:25.208+0000][1][safepoint    ] Safepoint "RevokeBias", Time since last: 49823804 ns, Reaching safepoint: 158328 ns, At safepoint: 24044 ns, Total: 182372 ns
[2020-09-11T16:48:34.209+0000][1][safepoint    ] Safepoint "Cleanup", Time since last: 9000731571 ns, Reaching safepoint: 84714 ns, At safepoint: 7180 ns, Total: 91894 ns
[2020-09-11T16:48:35.170+0000][1][safepoint    ] Safepoint "RevokeBias", Time since last: 960160930 ns, Reaching safepoint: 90061 ns, At safepoint: 21567 ns, Total: 111628 ns
[2020-09-11T16:48:36.170+0000][1][safepoint    ] Safepoint "Cleanup", Time since last: 1000109915 ns, Reaching safepoint: 87105 ns, At safepoint: 7545 ns, Total: 94650 ns
[2020-09-11T16:48:37.170+0000][1][safepoint    ] Safepoint "Cleanup", Time since last: 1000114701 ns, Reaching safepoint: 78164 ns, At safepoint: 7371 ns, Total: 85535 ns
[2020-09-11T16:48:38.170+0000][1][safepoint    ] Safepoint "Cleanup", Time since last: 1000140161 ns, Reaching safepoint: 80431 ns, At safepoint: 8641 ns, Total: 89072 ns
[2020-09-11T16:48:39.170+0000][1][safepoint    ] Safepoint "Cleanup", Time since last: 1000139923 ns, Reaching safepoint: 80090 ns, At safepoint: 8734 ns, Total: 88824 ns
[2020-09-11T16:48:40.171+0000][1][safepoint    ] Safepoint "Cleanup", Time since last: 1000117172 ns, Reaching safepoint: 86062 ns, At safepoint: 10242 ns, Total: 96304 ns
[2020-09-11T16:48:40.674+0000][1][gc,start     ] GC(116) Pause Young (Allocation Failure)
[2020-09-11T16:48:40.674+0000][1][gc,task      ] GC(116) Using 1 workers of 1 for evacuation
[2020-09-11T16:48:40.682+0000][1][gc,age       ] GC(116) Desired survivor size 4358144 bytes, new threshold 6 (max threshold 6)
[2020-09-11T16:48:40.682+0000][1][gc,age       ] GC(116) Age table with threshold 6 (max threshold 6)
[2020-09-11T16:48:40.682+0000][1][gc,age       ] GC(116) - age   1:      53944 bytes,      53944 total
[2020-09-11T16:48:40.682+0000][1][gc,age       ] GC(116) - age   2:       8832 bytes,      62776 total
[2020-09-11T16:48:40.682+0000][1][gc,age       ] GC(116) - age   3:       2648 bytes,      65424 total
[2020-09-11T16:48:40.682+0000][1][gc,age       ] GC(116) - age   4:       6224 bytes,      71648 total
[2020-09-11T16:48:40.682+0000][1][gc,age       ] GC(116) - age   5:      12760 bytes,      84408 total
[2020-09-11T16:48:40.682+0000][1][gc,age       ] GC(116) - age   6:       3472 bytes,      87880 total
[2020-09-11T16:48:40.682+0000][1][gc,heap      ] GC(116) ParNew: 68326K->113K(76672K)
[2020-09-11T16:48:40.682+0000][1][gc,heap      ] GC(116) CMS: 76823K->76824K(439104K)
[2020-09-11T16:48:40.682+0000][1][gc,metaspace ] GC(116) Metaspace: 91563K->91563K(1134592K)
[2020-09-11T16:48:40.682+0000][1][gc           ] GC(116) Pause Young (Allocation Failure) 141M->75M(503M) 8.078ms
[2020-09-11T16:48:40.682+0000][1][gc,cpu       ] GC(116) User=0.00s Sys=0.00s Real=0.01s
[2020-09-11T16:48:40.682+0000][1][safepoint    ] Safepoint "GenCollectForAllocation", Time since last: 502516400 ns, Reaching safepoint: 1094909 ns, At safepoint: 8192065 ns, Total: 9286974 ns
[2020-09-11T16:48:41.684+0000][1][safepoint    ] Safepoint "Cleanup", Time since last: 1001318835 ns, Reaching safepoint: 84006 ns, At safepoint: 6635 ns, Total: 90641 ns
[2020-09-11T16:48:42.684+0000][1][safepoint    ] Safepoint "Cleanup", Time since last: 1000107896 ns, Reaching safepoint: 71266 ns, At safepoint: 5543 ns, Total: 76809 ns
[2020-09-11T16:48:43.684+0000][1][safepoint    ] Safepoint "Cleanup", Time since last: 1000192019 ns, Reaching safepoint: 73996 ns, At safepoint: 6979 ns, Total: 80975 ns
[2020-09-11T16:48:44.685+0000][1][safepoint    ] Safepoint "Cleanup", Time since last: 1000200534 ns, Reaching safepoint: 88013 ns, At safepoint: 8823 ns, Total: 96836 ns
[2020-09-11T16:48:45.173+0000][1][safepoint    ] Safepoint "BulkRevokeBias", Time since last: 488413884 ns, Reaching safepoint: 160604 ns, At safepoint: 250345 ns, Total: 410949 ns
[2020-09-11T16:48:46.174+0000][1][safepoint    ] Safepoint "Cleanup", Time since last: 1000111391 ns, Reaching safepoint: 80380 ns, At safepoint: 9616 ns, Total: 89996 ns
[2020-09-11T16:48:47.174+0000][1][safepoint    ] Safepoint "Cleanup", Time since last: 1000110285 ns, Reaching safepoint: 82590 ns, At safepoint: 9560 ns, Total: 92150 ns
[2020-09-11T16:48:48.174+0000][1][safepoint    ] Safepoint "Cleanup", Time since last: 1000113869 ns, Reaching safepoint: 77233 ns, At safepoint: 8058 ns, Total: 85291 ns
[2020-09-11T16:48:49.174+0000][1][safepoint    ] Safepoint "Cleanup", Time since last: 1000110845 ns, Reaching safepoint: 79193 ns, At safepoint: 9611 ns, Total: 88804 ns
[2020-09-11T16:48:50.174+0000][1][safepoint    ] Safepoint "Cleanup", Time since last: 1000110388 ns, Reaching safepoint: 79112 ns, At safepoint: 8800 ns, Total: 87912 ns
[2020-09-11T16:48:51.209+0000][1][safepoint    ] Safepoint "Cleanup", Time since last: 1034780117 ns, Reaching safepoint: 78490 ns, At safepoint: 8999 ns, Total: 87489 ns
[2020-09-11T16:48:52.209+0000][1][safepoint    ] Safepoint "Cleanup", Time since last: 1000139015 ns, Reaching safepoint: 78812 ns, At safepoint: 9320 ns, Total: 88132 ns
[2020-09-11T16:48:53.210+0000][1][safepoint    ] Safepoint "Cleanup", Time since last: 1000117063 ns, Reaching safepoint: 79974 ns, At safepoint: 7631 ns, Total: 87605 ns
[2020-09-11T16:48:54.210+0000][1][safepoint    ] Safepoint "Cleanup", Time since last: 1000127486 ns, Reaching safepoint: 97617 ns, At safepoint: 10300 ns, Total: 107917 ns
[2020-09-11T16:48:55.177+0000][1][safepoint    ] Safepoint "RevokeBias", Time since last: 967242955 ns, Reaching safepoint: 86359 ns, At safepoint: 21784 ns, Total: 108143 ns
[2020-09-11T16:48:56.177+0000][1][safepoint    ] Safepoint "Cleanup", Time since last: 1000106114 ns, Reaching safepoint: 75745 ns, At safepoint: 7850 ns, Total: 83595 ns
[2020-09-11T16:48:57.178+0000][1][safepoint    ] Safepoint "Cleanup", Time since last: 1000102967 ns, Reaching safepoint: 74937 ns, At safepoint: 7554 ns, Total: 82491 ns
[2020-09-11T16:48:58.178+0000][1][safepoint    ] Safepoint "Cleanup", Time since last: 1000104544 ns, Reaching safepoint: 85508 ns, At safepoint: 6341 ns, Total: 91849 ns
[2020-09-11T16:48:59.178+0000][1][safepoint    ] Safepoint "Cleanup", Time since last: 1000105895 ns, Reaching safepoint: 82379 ns, At safepoint: 8012 ns, Total: 90391 ns
[2020-09-11T16:49:00.178+0000][1][safepoint    ] Safepoint "Cleanup", Time since last: 1000101162 ns, Reaching safepoint: 71607 ns, At safepoint: 6862 ns, Total: 78469 ns
[2020-09-11T16:49:01.182+0000][1][safepoint    ] Safepoint "Cleanup", Time since last: 1004023738 ns, Reaching safepoint: 89643 ns, At safepoint: 6611 ns, Total: 96254 ns
[2020-09-11T16:49:02.183+0000][1][safepoint    ] Safepoint "Cleanup", Time since last: 1000109810 ns, Reaching safepoint: 82041 ns, At safepoint: 9136 ns, Total: 91177 ns
[2020-09-11T16:49:03.183+0000][1][safepoint    ] Safepoint "Cleanup", Time since last: 1000109268 ns, Reaching safepoint: 76373 ns, At safepoint: 7969 ns, Total: 84342 ns
[2020-09-11T16:49:04.183+0000][1][safepoint    ] Safepoint "Cleanup", Time since last: 1000111554 ns, Reaching safepoint: 83965 ns, At safepoint: 6503 ns, Total: 90468 ns
[2020-09-11T16:49:05.157+0000][1][safepoint    ] Safepoint "RevokeBias", Time since last: 974245058 ns, Reaching safepoint: 162652 ns, At safepoint: 22822 ns, Total: 185474 ns
[2020-09-11T16:49:06.158+0000][1][safepoint    ] Safepoint "Cleanup", Time since last: 1000112986 ns, Reaching safepoint: 84382 ns, At safepoint: 7927 ns, Total: 92309 ns
[2020-09-11T16:49:07.158+0000][1][safepoint    ] Safepoint "Cleanup", Time since last: 1000113729 ns, Reaching safepoint: 78367 ns, At safepoint: 9254 ns, Total: 87621 ns
[2020-09-11T16:49:08.158+0000][1][safepoint    ] Safepoint "Cleanup", Time since last: 1000117221 ns, Reaching safepoint: 78645 ns, At safepoint: 9784 ns, Total: 88429 ns
[2020-09-11T16:49:09.158+0000][1][safepoint    ] Safepoint "Cleanup", Time since last: 1000139058 ns, Reaching safepoint: 78706 ns, At safepoint: 7026 ns, Total: 85732 ns
[2020-09-11T16:49:10.158+0000][1][safepoint    ] Safepoint "Cleanup", Time since last: 1000109995 ns, Reaching safepoint: 78096 ns, At safepoint: 9248 ns, Total: 87344 ns
[2020-09-11T16:49:10.734+0000][1][gc,start     ] GC(117) Pause Young (Allocation Failure)
[2020-09-11T16:49:10.734+0000][1][gc,task      ] GC(117) Using 1 workers of 1 for evacuation
[2020-09-11T16:49:10.742+0000][1][gc,age       ] GC(117) Desired survivor size 4358144 bytes, new threshold 6 (max threshold 6)
[2020-09-11T16:49:10.742+0000][1][gc,age       ] GC(117) Age table with threshold 6 (max threshold 6)
[2020-09-11T16:49:10.742+0000][1][gc,age       ] GC(117) - age   1:      73584 bytes,      73584 total
[2020-09-11T16:49:10.742+0000][1][gc,age       ] GC(117) - age   2:      10448 bytes,      84032 total
[2020-09-11T16:49:10.742+0000][1][gc,age       ] GC(117) - age   3:       3744 bytes,      87776 total
[2020-09-11T16:49:10.742+0000][1][gc,age       ] GC(117) - age   4:       2336 bytes,      90112 total
[2020-09-11T16:49:10.742+0000][1][gc,age       ] GC(117) - age   5:       6224 bytes,      96336 total
[2020-09-11T16:49:10.742+0000][1][gc,age       ] GC(117) - age   6:       2728 bytes,      99064 total
[2020-09-11T16:49:10.742+0000][1][gc,heap      ] GC(117) ParNew: 68273K->157K(76672K)
[2020-09-11T16:49:10.742+0000][1][gc,heap      ] GC(117) CMS: 76824K->76825K(439104K)
[2020-09-11T16:49:10.742+0000][1][gc,metaspace ] GC(117) Metaspace: 91611K->91611K(1134592K)
[2020-09-11T16:49:10.742+0000][1][gc           ] GC(117) Pause Young (Allocation Failure) 141M->75M(503M) 8.467ms
[2020-09-11T16:49:10.742+0000][1][gc,cpu       ] GC(117) User=0.00s Sys=0.00s Real=0.01s
[2020-09-11T16:49:10.742+0000][1][safepoint    ] Safepoint "GenCollectForAllocation", Time since last: 575133617 ns, Reaching safepoint: 142848 ns, At safepoint: 8546343 ns, Total: 8689191 ns
[2020-09-11T16:49:11.750+0000][1][safepoint    ] Safepoint "Cleanup", Time since last: 1007226758 ns, Reaching safepoint: 81732 ns, At safepoint: 21611 ns, Total: 103343 ns
[2020-09-11T16:49:12.750+0000][1][safepoint    ] Safepoint "Cleanup", Time since last: 1000111659 ns, Reaching safepoint: 78654 ns, At safepoint: 20172 ns, Total: 98826 ns
[2020-09-11T16:49:13.750+0000][1][safepoint    ] Safepoint "Cleanup", Time since last: 1000112034 ns, Reaching safepoint: 77332 ns, At safepoint: 6768 ns, Total: 84100 ns
[2020-09-11T16:49:14.750+0000][1][safepoint    ] Safepoint "Cleanup", Time since last: 1000113622 ns, Reaching safepoint: 83123 ns, At safepoint: 8167 ns, Total: 91290 ns
[2020-09-11T16:49:15.154+0000][1][safepoint    ] Safepoint "RevokeBias", Time since last: 403642407 ns, Reaching safepoint: 166863 ns, At safepoint: 23142 ns, Total: 190005 ns
[2020-09-11T16:49:16.154+0000][1][safepoint    ] Safepoint "Cleanup", Time since last: 1000105127 ns, Reaching safepoint: 80119 ns, At safepoint: 8045 ns, Total: 88164 ns
[2020-09-11T16:49:17.154+0000][1][safepoint    ] Safepoint "Cleanup", Time since last: 1000111645 ns, Reaching safepoint: 79087 ns, At safepoint: 8728 ns, Total: 87815 ns
[2020-09-11T16:49:18.155+0000][1][safepoint    ] Safepoint "Cleanup", Time since last: 1000122131 ns, Reaching safepoint: 79524 ns, At safepoint: 7243 ns, Total: 86767 ns
[2020-09-11T16:49:19.155+0000][1][safepoint    ] Safepoint "Cleanup", Time since last: 1000112501 ns, Reaching safepoint: 83057 ns, At safepoint: 9683 ns, Total: 92740 ns
[2020-09-11T16:49:20.155+0000][1][safepoint    ] Safepoint "Cleanup", Time since last: 1000111650 ns, Reaching safepoint: 77158 ns, At safepoint: 6878 ns, Total: 84036 ns
[2020-09-11T16:49:21.194+0000][1][safepoint    ] Safepoint "Cleanup", Time since last: 1039353111 ns, Reaching safepoint: 87350 ns, At safepoint: 9093 ns, Total: 96443 ns
[2020-09-11T16:49:22.195+0000][1][safepoint    ] Safepoint "Cleanup", Time since last: 1000112825 ns, Reaching safepoint: 77286 ns, At safepoint: 6629 ns, Total: 83915 ns
[2020-09-11T16:49:23.195+0000][1][safepoint    ] Safepoint "Cleanup", Time since last: 1000110007 ns, Reaching safepoint: 75805 ns, At safepoint: 9370 ns, Total: 85175 ns
[2020-09-11T16:49:24.195+0000][1][safepoint    ] Safepoint "Cleanup", Time since last: 1000113666 ns, Reaching safepoint: 83857 ns, At safepoint: 9184 ns, Total: 93041 ns
[2020-09-11T16:49:25.195+0000][1][safepoint    ] Safepoint "Cleanup", Time since last: 1000114131 ns, Reaching safepoint: 79570 ns, At safepoint: 6955 ns, Total: 86525 ns
[2020-09-11T16:49:25.216+0000][1][safepoint    ] Safepoint "RevokeBias", Time since last: 20564793 ns, Reaching safepoint: 83645 ns, At safepoint: 23149 ns, Total: 106794 ns
[2020-09-11T16:49:26.216+0000][1][safepoint    ] Safepoint "Cleanup", Time since last: 1000106233 ns, Reaching safepoint: 84750 ns, At safepoint: 6983 ns, Total: 91733 ns
[2020-09-11T16:49:27.216+0000][1][safepoint    ] Safepoint "Cleanup", Time since last: 1000105375 ns, Reaching safepoint: 95863 ns, At safepoint: 6982 ns, Total: 102845 ns
[2020-09-11T16:49:28.217+0000][1][safepoint    ] Safepoint "Cleanup", Time since last: 1000107217 ns, Reaching safepoint: 78615 ns, At safepoint: 8341 ns, Total: 86956 ns
[2020-09-11T16:49:29.217+0000][1][safepoint    ] Safepoint "Cleanup", Time since last: 1000127125 ns, Reaching safepoint: 76877 ns, At safepoint: 7148 ns, Total: 84025 ns
[2020-09-11T16:49:30.217+0000][1][safepoint    ] Safepoint "Cleanup", Time since last: 1000130482 ns, Reaching safepoint: 86192 ns, At safepoint: 8489 ns, Total: 94681 ns
[2020-09-11T16:49:31.217+0000][1][safepoint    ] Safepoint "Cleanup", Time since last: 1000121241 ns, Reaching safepoint: 84854 ns, At safepoint: 9269 ns, Total: 94123 ns
[2020-09-11T16:49:32.217+0000][1][safepoint    ] Safepoint "Cleanup", Time since last: 1000113730 ns, Reaching safepoint: 77773 ns, At safepoint: 5938 ns, Total: 83711 ns
[2020-09-11T16:49:33.218+0000][1][safepoint    ] Safepoint "Cleanup", Time since last: 1000109543 ns, Reaching safepoint: 77350 ns, At safepoint: 8633 ns, Total: 85983 ns
[2020-09-11T16:49:34.218+0000][1][safepoint    ] Safepoint "Cleanup", Time since last: 1000111214 ns, Reaching safepoint: 77620 ns, At safepoint: 6319 ns, Total: 83939 ns
[2020-09-11T16:49:35.151+0000][1][safepoint    ] Safepoint "RevokeBias", Time since last: 933272132 ns, Reaching safepoint: 80312 ns, At safepoint: 21869 ns, Total: 102181 ns
[2020-09-11T16:49:36.151+0000][1][safepoint    ] Safepoint "Cleanup", Time since last: 1000106801 ns, Reaching safepoint: 79704 ns, At safepoint: 9290 ns, Total: 88994 ns
[2020-09-11T16:49:41.152+0000][1][safepoint    ] Safepoint "Cleanup", Time since last: 5000423860 ns, Reaching safepoint: 86476 ns, At safepoint: 9504 ns, Total: 95980 ns
[2020-09-11T16:49:43.152+0000][1][safepoint    ] Safepoint "Cleanup", Time since last: 2000198339 ns, Reaching safepoint: 83903 ns, At safepoint: 8621 ns, Total: 92524 ns
[2020-09-11T16:49:45.140+0000][1][gc,start     ] GC(118) Pause Young (Allocation Failure)
[2020-09-11T16:49:45.140+0000][1][gc,task      ] GC(118) Using 1 workers of 1 for evacuation
[2020-09-11T16:49:45.145+0000][1][gc,age       ] GC(118) Desired survivor size 4358144 bytes, new threshold 6 (max threshold 6)
[2020-09-11T16:49:45.145+0000][1][gc,age       ] GC(118) Age table with threshold 6 (max threshold 6)
[2020-09-11T16:49:45.145+0000][1][gc,age       ] GC(118) - age   1:     139120 bytes,     139120 total
[2020-09-11T16:49:45.145+0000][1][gc,age       ] GC(118) - age   2:      22496 bytes,     161616 total
[2020-09-11T16:49:45.145+0000][1][gc,age       ] GC(118) - age   3:       5296 bytes,     166912 total
[2020-09-11T16:49:45.145+0000][1][gc,age       ] GC(118) - age   4:       3744 bytes,     170656 total
[2020-09-11T16:49:45.145+0000][1][gc,age       ] GC(118) - age   5:       2336 bytes,     172992 total
[2020-09-11T16:49:45.145+0000][1][gc,age       ] GC(118) - age   6:       6224 bytes,     179216 total
[2020-09-11T16:49:45.145+0000][1][gc,heap      ] GC(118) ParNew: 68317K->184K(76672K)
[2020-09-11T16:49:45.145+0000][1][gc,heap      ] GC(118) CMS: 76825K->76828K(439104K)
[2020-09-11T16:49:45.145+0000][1][gc,metaspace ] GC(118) Metaspace: 91627K->91627K(1134592K)
[2020-09-11T16:49:45.145+0000][1][gc           ] GC(118) Pause Young (Allocation Failure) 141M->75M(503M) 4.309ms
[2020-09-11T16:49:45.145+0000][1][gc,cpu       ] GC(118) User=0.00s Sys=0.00s Real=0.01s
[2020-09-11T16:49:45.149+0000][1][safepoint    ] Safepoint "GenCollectForAllocation", Time since last: 1988025342 ns, Reaching safepoint: 211854 ns, At safepoint: 8689991 ns, Total: 8901845 ns
[2020-09-11T16:49:45.158+0000][1][safepoint    ] Safepoint "RevokeBias", Time since last: 9093314 ns, Reaching safepoint: 85945 ns, At safepoint: 35067 ns, Total: 121012 ns
[2020-09-11T16:49:51.162+0000][1][safepoint    ] Safepoint "Cleanup", Time since last: 6003130477 ns, Reaching safepoint: 85354 ns, At safepoint: 10027 ns, Total: 95381 ns
[2020-09-11T16:49:55.162+0000][1][safepoint    ] Safepoint "Cleanup", Time since last: 4000350543 ns, Reaching safepoint: 84856 ns, At safepoint: 8047 ns, Total: 92903 ns
[2020-09-11T16:49:55.213+0000][1][safepoint    ] Safepoint "RevokeBias", Time since last: 50751908 ns, Reaching safepoint: 135666 ns, At safepoint: 23145 ns, Total: 158811 ns
[2020-09-11T16:50:03.214+0000][1][safepoint    ] Safepoint "Cleanup", Time since last: 8000630647 ns, Reaching safepoint: 84088 ns, At safepoint: 9811 ns, Total: 93899 ns
[2020-09-11T16:50:04.214+0000][1][safepoint    ] Safepoint "Cleanup", Time since last: 1000120327 ns, Reaching safepoint: 89446 ns, At safepoint: 7564 ns, Total: 97010 ns
[2020-09-11T16:50:05.209+0000][1][safepoint    ] Safepoint "RevokeBias", Time since last: 994591184 ns, Reaching safepoint: 87887 ns, At safepoint: 25757 ns, Total: 113644 ns
[2020-09-11T16:50:11.209+0000][1][safepoint    ] Safepoint "Cleanup", Time since last: 6000468395 ns, Reaching safepoint: 81798 ns, At safepoint: 7082 ns, Total: 88880 ns
[2020-09-11T16:50:15.166+0000][1][safepoint    ] Safepoint "RevokeBias", Time since last: 3956378018 ns, Reaching safepoint: 85686 ns, At safepoint: 22509 ns, Total: 108195 ns
[2020-09-11T16:50:15.831+0000][1][gc,start     ] GC(119) Pause Young (Allocation Failure)
[2020-09-11T16:50:15.831+0000][1][gc,task      ] GC(119) Using 1 workers of 1 for evacuation
[2020-09-11T16:50:15.843+0000][1][gc,age       ] GC(119) Desired survivor size 4358144 bytes, new threshold 6 (max threshold 6)
[2020-09-11T16:50:15.843+0000][1][gc,age       ] GC(119) Age table with threshold 6 (max threshold 6)
[2020-09-11T16:50:15.843+0000][1][gc,age       ] GC(119) - age   1:      49920 bytes,      49920 total
[2020-09-11T16:50:15.843+0000][1][gc,age       ] GC(119) - age   2:       9488 bytes,      59408 total
[2020-09-11T16:50:15.843+0000][1][gc,age       ] GC(119) - age   3:      17320 bytes,      76728 total
[2020-09-11T16:50:15.843+0000][1][gc,age       ] GC(119) - age   4:       5296 bytes,      82024 total
[2020-09-11T16:50:15.843+0000][1][gc,age       ] GC(119) - age   5:       3432 bytes,      85456 total
[2020-09-11T16:50:15.843+0000][1][gc,age       ] GC(119) - age   6:       2336 bytes,      87792 total
[2020-09-11T16:50:15.843+0000][1][gc,heap      ] GC(119) ParNew: 68344K->154K(76672K)
[2020-09-11T16:50:15.843+0000][1][gc,heap      ] GC(119) CMS: 76828K->76834K(439104K)
[2020-09-11T16:50:15.843+0000][1][gc,metaspace ] GC(119) Metaspace: 91632K->91632K(1134592K)
[2020-09-11T16:50:15.843+0000][1][gc           ] GC(119) Pause Young (Allocation Failure) 141M->75M(503M) 12.422ms
[2020-09-11T16:50:15.843+0000][1][gc,cpu       ] GC(119) User=0.01s Sys=0.00s Real=0.02s
[2020-09-11T16:50:15.847+0000][1][safepoint    ] Safepoint "GenCollectForAllocation", Time since last: 663177448 ns, Reaching safepoint: 2193709 ns, At safepoint: 16076311 ns, Total: 18270020 ns
[2020-09-11T16:50:16.847+0000][1][safepoint    ] Safepoint "Cleanup", Time since last: 1000249197 ns, Reaching safepoint: 78725 ns, At safepoint: 16325 ns, Total: 95050 ns
[2020-09-11T16:50:20.848+0000][1][safepoint    ] Safepoint "Cleanup", Time since last: 4000310565 ns, Reaching safepoint: 94085 ns, At safepoint: 6694 ns, Total: 100779 ns
[2020-09-11T16:50:21.848+0000][1][safepoint    ] Safepoint "Cleanup", Time since last: 1000112889 ns, Reaching safepoint: 86846 ns, At safepoint: 6102 ns, Total: 92948 ns
[2020-09-11T16:50:22.848+0000][1][safepoint    ] Safepoint "Cleanup", Time since last: 1000117665 ns, Reaching safepoint: 86882 ns, At safepoint: 8168 ns, Total: 95050 ns
[2020-09-11T16:50:23.848+0000][1][safepoint    ] Safepoint "Cleanup", Time since last: 1000116531 ns, Reaching safepoint: 84733 ns, At safepoint: 5954 ns, Total: 90687 ns
[2020-09-11T16:50:24.849+0000][1][safepoint    ] Safepoint "Cleanup", Time since last: 1000113119 ns, Reaching safepoint: 89122 ns, At safepoint: 6943 ns, Total: 96065 ns
[2020-09-11T16:50:25.163+0000][1][safepoint    ] Safepoint "RevokeBias", Time since last: 314441398 ns, Reaching safepoint: 82515 ns, At safepoint: 23291 ns, Total: 105806 ns
[2020-09-11T16:50:26.163+0000][1][safepoint    ] Safepoint "Cleanup", Time since last: 1000109206 ns, Reaching safepoint: 96923 ns, At safepoint: 7059 ns, Total: 103982 ns
[2020-09-11T16:50:27.164+0000][1][safepoint    ] Safepoint "Cleanup", Time since last: 1000112087 ns, Reaching safepoint: 79018 ns, At safepoint: 7163 ns, Total: 86181 ns
[2020-09-11T16:50:28.164+0000][1][safepoint    ] Safepoint "Cleanup", Time since last: 1000124445 ns, Reaching safepoint: 76866 ns, At safepoint: 7637 ns, Total: 84503 ns
[2020-09-11T16:50:29.164+0000][1][safepoint    ] Safepoint "Cleanup", Time since last: 1000109991 ns, Reaching safepoint: 78893 ns, At safepoint: 7764 ns, Total: 86657 ns
[2020-09-11T16:50:30.164+0000][1][safepoint    ] Safepoint "Cleanup", Time since last: 1000112139 ns, Reaching safepoint: 86356 ns, At safepoint: 8955 ns, Total: 95311 ns
[2020-09-11T16:50:31.170+0000][1][safepoint    ] Safepoint "Cleanup", Time since last: 1005465507 ns, Reaching safepoint: 87386 ns, At safepoint: 6649 ns, Total: 94035 ns
[2020-09-11T16:50:32.170+0000][1][safepoint    ] Safepoint "Cleanup", Time since last: 1000108212 ns, Reaching safepoint: 76412 ns, At safepoint: 7105 ns, Total: 83517 ns
[2020-09-11T16:50:33.170+0000][1][safepoint    ] Safepoint "Cleanup", Time since last: 1000111845 ns, Reaching safepoint: 80006 ns, At safepoint: 9242 ns, Total: 89248 ns
[2020-09-11T16:50:34.170+0000][1][safepoint    ] Safepoint "Cleanup", Time since last: 1000112392 ns, Reaching safepoint: 91040 ns, At safepoint: 6544 ns, Total: 97584 ns
[2020-09-11T16:50:35.171+0000][1][safepoint    ] Safepoint "Cleanup", Time since last: 1000095471 ns, Reaching safepoint: 74451 ns, At safepoint: 6371 ns, Total: 80822 ns
[2020-09-11T16:50:35.457+0000][1][safepoint    ] Safepoint "RevokeBias", Time since last: 286440978 ns, Reaching safepoint: 94595 ns, At safepoint: 27316 ns, Total: 121911 ns
[2020-09-11T16:50:36.457+0000][1][safepoint    ] Safepoint "Cleanup", Time since last: 1000106391 ns, Reaching safepoint: 85668 ns, At safepoint: 6859 ns, Total: 92527 ns
[2020-09-11T16:50:37.457+0000][1][safepoint    ] Safepoint "Cleanup", Time since last: 1000107620 ns, Reaching safepoint: 78404 ns, At safepoint: 7248 ns, Total: 85652 ns
[2020-09-11T16:50:38.458+0000][1][safepoint    ] Safepoint "Cleanup", Time since last: 1000110287 ns, Reaching safepoint: 108407 ns, At safepoint: 19410 ns, Total: 127817 ns
[2020-09-11T16:50:39.458+0000][1][safepoint    ] Safepoint "Cleanup", Time since last: 1000112954 ns, Reaching safepoint: 85231 ns, At safepoint: 5647 ns, Total: 90878 ns
[2020-09-11T16:50:40.458+0000][1][safepoint    ] Safepoint "Cleanup", Time since last: 1000111683 ns, Reaching safepoint: 78950 ns, At safepoint: 7137 ns, Total: 86087 ns
[2020-09-11T16:50:41.464+0000][1][safepoint    ] Safepoint "Cleanup", Time since last: 1005315037 ns, Reaching safepoint: 87113 ns, At safepoint: 8771 ns, Total: 95884 ns
[2020-09-11T16:50:42.464+0000][1][safepoint    ] Safepoint "Cleanup", Time since last: 1000112277 ns, Reaching safepoint: 80748 ns, At safepoint: 8379 ns, Total: 89127 ns
[2020-09-11T16:50:43.465+0000][1][safepoint    ] Safepoint "Cleanup", Time since last: 1000695912 ns, Reaching safepoint: 166845 ns, At safepoint: 7357 ns, Total: 174202 ns
[2020-09-11T16:50:44.465+0000][1][safepoint    ] Safepoint "Cleanup", Time since last: 1000116445 ns, Reaching safepoint: 96548 ns, At safepoint: 8566 ns, Total: 105114 ns
[2020-09-11T16:50:45.234+0000][1][safepoint    ] Safepoint "RevokeBias", Time since last: 769309367 ns, Reaching safepoint: 157455 ns, At safepoint: 23406 ns, Total: 180861 ns
[2020-09-11T16:50:45.854+0000][1][gc,start     ] GC(120) Pause Young (Allocation Failure)
[2020-09-11T16:50:45.854+0000][1][gc,task      ] GC(120) Using 1 workers of 1 for evacuation
[2020-09-11T16:50:45.862+0000][1][gc,age       ] GC(120) Desired survivor size 4358144 bytes, new threshold 6 (max threshold 6)
[2020-09-11T16:50:45.862+0000][1][gc,age       ] GC(120) Age table with threshold 6 (max threshold 6)
[2020-09-11T16:50:45.862+0000][1][gc,age       ] GC(120) - age   1:     115200 bytes,     115200 total
[2020-09-11T16:50:45.862+0000][1][gc,age       ] GC(120) - age   2:       4720 bytes,     119920 total
[2020-09-11T16:50:45.862+0000][1][gc,age       ] GC(120) - age   3:       5576 bytes,     125496 total
[2020-09-11T16:50:45.862+0000][1][gc,age       ] GC(120) - age   4:      17320 bytes,     142816 total
[2020-09-11T16:50:45.862+0000][1][gc,age       ] GC(120) - age   5:       4984 bytes,     147800 total
[2020-09-11T16:50:45.862+0000][1][gc,age       ] GC(120) - age   6:        504 bytes,     148304 total
[2020-09-11T16:50:45.862+0000][1][gc,heap      ] GC(120) ParNew: 68314K->212K(76672K)
[2020-09-11T16:50:45.862+0000][1][gc,heap      ] GC(120) CMS: 76834K->76836K(439104K)
[2020-09-11T16:50:45.862+0000][1][gc,metaspace ] GC(120) Metaspace: 91807K->91807K(1134592K)
[2020-09-11T16:50:45.863+0000][1][gc           ] GC(120) Pause Young (Allocation Failure) 141M->75M(503M) 8.565ms
[2020-09-11T16:50:45.863+0000][1][gc,cpu       ] GC(120) User=0.00s Sys=0.00s Real=0.01s
[2020-09-11T16:50:45.863+0000][1][safepoint    ] Safepoint "GenCollectForAllocation", Time since last: 618577736 ns, Reaching safepoint: 1073002 ns, At safepoint: 8635630 ns, Total: 9708632 ns
[2020-09-11T16:50:46.870+0000][1][safepoint    ] Safepoint "Cleanup", Time since last: 1007468838 ns, Reaching safepoint: 69476 ns, At safepoint: 15893 ns, Total: 85369 ns
[2020-09-11T16:50:47.419+0000][1][safepoint    ] Safepoint "RevokeBias", Time since last: 548761570 ns, Reaching safepoint: 71055 ns, At safepoint: 30306 ns, Total: 101361 ns
[2020-09-11T16:50:48.477+0000][1][safepoint    ] Safepoint "Cleanup", Time since last: 1057879838 ns, Reaching safepoint: 117761 ns, At safepoint: 7830 ns, Total: 125591 ns
[2020-09-11T16:50:49.477+0000][1][safepoint    ] Safepoint "Cleanup", Time since last: 1000114852 ns, Reaching safepoint: 80519 ns, At safepoint: 7388 ns, Total: 87907 ns
[2020-09-11T16:50:50.477+0000][1][safepoint    ] Safepoint "Cleanup", Time since last: 1000110505 ns, Reaching safepoint: 78263 ns, At safepoint: 6785 ns, Total: 85048 ns
[2020-09-11T16:50:51.479+0000][1][safepoint    ] Safepoint "Cleanup", Time since last: 1001561965 ns, Reaching safepoint: 92406 ns, At safepoint: 8286 ns, Total: 100692 ns
[2020-09-11T16:50:52.479+0000][1][safepoint    ] Safepoint "Cleanup", Time since last: 1000132669 ns, Reaching safepoint: 81838 ns, At safepoint: 10357 ns, Total: 92195 ns
[2020-09-11T16:50:53.488+0000][1][safepoint    ] Safepoint "Cleanup", Time since last: 1008678905 ns, Reaching safepoint: 478025 ns, At safepoint: 8278 ns, Total: 486303 ns
[2020-09-11T16:50:54.489+0000][1][safepoint    ] Safepoint "Cleanup", Time since last: 1000112215 ns, Reaching safepoint: 83272 ns, At safepoint: 9241 ns, Total: 92513 ns
[2020-09-11T16:50:55.227+0000][1][safepoint    ] Safepoint "RevokeBias", Time since last: 737670049 ns, Reaching safepoint: 158004 ns, At safepoint: 23808 ns, Total: 181812 ns
[2020-09-11T16:50:56.227+0000][1][safepoint    ] Safepoint "Cleanup", Time since last: 1000110142 ns, Reaching safepoint: 79089 ns, At safepoint: 7394 ns, Total: 86483 ns
[2020-09-11T16:50:57.227+0000][1][safepoint    ] Safepoint "Cleanup", Time since last: 1000112392 ns, Reaching safepoint: 80519 ns, At safepoint: 9290 ns, Total: 89809 ns
[2020-09-11T16:50:58.227+0000][1][safepoint    ] Safepoint "Cleanup", Time since last: 1000111799 ns, Reaching safepoint: 78948 ns, At safepoint: 7770 ns, Total: 86718 ns
[2020-09-11T16:50:59.227+0000][1][safepoint    ] Safepoint "Cleanup", Time since last: 1000109616 ns, Reaching safepoint: 76757 ns, At safepoint: 7012 ns, Total: 83769 ns
[2020-09-11T16:51:00.227+0000][1][safepoint    ] Safepoint "Cleanup", Time since last: 1000107679 ns, Reaching safepoint: 77555 ns, At safepoint: 7177 ns, Total: 84732 ns
[2020-09-11T16:51:01.265+0000][1][safepoint    ] Safepoint "Cleanup", Time since last: 1037791045 ns, Reaching safepoint: 77881 ns, At safepoint: 7164 ns, Total: 85045 ns
[2020-09-11T16:51:02.266+0000][1][safepoint    ] Safepoint "Cleanup", Time since last: 1000115544 ns, Reaching safepoint: 80194 ns, At safepoint: 8968 ns, Total: 89162 ns
[2020-09-11T16:51:03.266+0000][1][safepoint    ] Safepoint "Cleanup", Time since last: 1000114364 ns, Reaching safepoint: 81571 ns, At safepoint: 6982 ns, Total: 88553 ns
[2020-09-11T16:51:04.266+0000][1][safepoint    ] Safepoint "Cleanup", Time since last: 1000130093 ns, Reaching safepoint: 87102 ns, At safepoint: 10254 ns, Total: 97356 ns
[2020-09-11T16:51:05.266+0000][1][safepoint    ] Safepoint "Cleanup", Time since last: 1000120502 ns, Reaching safepoint: 86457 ns, At safepoint: 7734 ns, Total: 94191 ns
[2020-09-11T16:51:05.294+0000][1][safepoint    ] Safepoint "RevokeBias", Time since last: 27221237 ns, Reaching safepoint: 83657 ns, At safepoint: 22476 ns, Total: 106133 ns
[2020-09-11T16:51:15.224+0000][1][safepoint    ] Safepoint "RevokeBias", Time since last: 9930319092 ns, Reaching safepoint: 167032 ns, At safepoint: 25392 ns, Total: 192424 ns
[2020-09-11T16:51:17.224+0000][1][safepoint    ] Safepoint "Cleanup", Time since last: 2000184238 ns, Reaching safepoint: 85104 ns, At safepoint: 7243 ns, Total: 92347 ns
[2020-09-11T16:51:18.225+0000][1][safepoint    ] Safepoint "Cleanup", Time since last: 1000115899 ns, Reaching safepoint: 84323 ns, At safepoint: 7242 ns, Total: 91565 ns
[2020-09-11T16:51:19.225+0000][1][safepoint    ] Safepoint "Cleanup", Time since last: 1000111790 ns, Reaching safepoint: 79122 ns, At safepoint: 26475 ns, Total: 105597 ns
[2020-09-11T16:51:20.225+0000][1][safepoint    ] Safepoint "Cleanup", Time since last: 1000109596 ns, Reaching safepoint: 79461 ns, At safepoint: 7328 ns, Total: 86789 ns
[2020-09-11T16:51:20.708+0000][1][gc,start     ] GC(121) Pause Young (Allocation Failure)
[2020-09-11T16:51:20.708+0000][1][gc,task      ] GC(121) Using 1 workers of 1 for evacuation
[2020-09-11T16:51:20.716+0000][1][gc,age       ] GC(121) Desired survivor size 4358144 bytes, new threshold 6 (max threshold 6)
[2020-09-11T16:51:20.716+0000][1][gc,age       ] GC(121) Age table with threshold 6 (max threshold 6)
[2020-09-11T16:51:20.716+0000][1][gc,age       ] GC(121) - age   1:     138984 bytes,     138984 total
[2020-09-11T16:51:20.716+0000][1][gc,age       ] GC(121) - age   2:      61992 bytes,     200976 total
[2020-09-11T16:51:20.716+0000][1][gc,age       ] GC(121) - age   3:        904 bytes,     201880 total
[2020-09-11T16:51:20.716+0000][1][gc,age       ] GC(121) - age   4:       5576 bytes,     207456 total
[2020-09-11T16:51:20.716+0000][1][gc,age       ] GC(121) - age   5:      17320 bytes,     224776 total
[2020-09-11T16:51:20.716+0000][1][gc,age       ] GC(121) - age   6:       4984 bytes,     229760 total
[2020-09-11T16:51:20.716+0000][1][gc,heap      ] GC(121) ParNew: 68372K->252K(76672K)
[2020-09-11T16:51:20.716+0000][1][gc,heap      ] GC(121) CMS: 76836K->76837K(439104K)
[2020-09-11T16:51:20.716+0000][1][gc,metaspace ] GC(121) Metaspace: 91877K->91877K(1134592K)
[2020-09-11T16:51:20.716+0000][1][gc           ] GC(121) Pause Young (Allocation Failure) 141M->75M(503M) 8.820ms
[2020-09-11T16:51:20.716+0000][1][gc,cpu       ] GC(121) User=0.01s Sys=0.00s Real=0.01s
[2020-09-11T16:51:20.729+0000][1][safepoint    ] Safepoint "GenCollectForAllocation", Time since last: 480276229 ns, Reaching safepoint: 2399178 ns, At safepoint: 21365456 ns, Total: 23764634 ns
[2020-09-11T16:51:21.753+0000][1][safepoint    ] Safepoint "Cleanup", Time since last: 1023870007 ns, Reaching safepoint: 85009 ns, At safepoint: 6730 ns, Total: 91739 ns
[2020-09-11T16:51:22.755+0000][1][safepoint    ] Safepoint "Cleanup", Time since last: 1001435965 ns, Reaching safepoint: 128786 ns, At safepoint: 20894 ns, Total: 149680 ns
[2020-09-11T16:51:23.755+0000][1][safepoint    ] Safepoint "Cleanup", Time since last: 1000204327 ns, Reaching safepoint: 163889 ns, At safepoint: 19178 ns, Total: 183067 ns
[2020-09-11T16:51:24.755+0000][1][safepoint    ] Safepoint "Cleanup", Time since last: 1000199151 ns, Reaching safepoint: 155370 ns, At safepoint: 19445 ns, Total: 174815 ns
[2020-09-11T16:51:25.756+0000][1][safepoint    ] Safepoint "Cleanup", Time since last: 1000201985 ns, Reaching safepoint: 193330 ns, At safepoint: 19565 ns, Total: 212895 ns
[2020-09-11T16:51:26.591+0000][1][safepoint    ] Safepoint "RevokeBias", Time since last: 834915719 ns, Reaching safepoint: 126763 ns, At safepoint: 18230 ns, Total: 144993 ns
[2020-09-11T16:51:26.591+0000][1][safepoint    ] Safepoint "RevokeBias", Time since last: 101124 ns, Reaching safepoint: 329856 ns, At safepoint: 6372 ns, Total: 336228 ns
[2020-09-11T16:51:26.595+0000][1][safepoint    ] Safepoint "RevokeBias", Time since last: 2674692 ns, Reaching safepoint: 1293342 ns, At safepoint: 11225 ns, Total: 1304567 ns
[2020-09-11T16:51:26.597+0000][1][safepoint    ] Safepoint "RevokeBias", Time since last: 272980 ns, Reaching safepoint: 1359259 ns, At safepoint: 10438 ns, Total: 1369697 ns
[2020-09-11T16:51:26.598+0000][1][safepoint    ] Safepoint "RevokeBias", Time since last: 425370 ns, Reaching safepoint: 499558 ns, At safepoint: 6175 ns, Total: 505733 ns
[2020-09-11T16:51:26.600+0000][1][safepoint    ] Safepoint "RevokeBias", Time since last: 562522 ns, Reaching safepoint: 1583264 ns, At safepoint: 9268 ns, Total: 1592532 ns
[2020-09-11T16:51:26.601+0000][1][safepoint    ] Safepoint "RevokeBias", Time since last: 105946 ns, Reaching safepoint: 787408 ns, At safepoint: 7390 ns, Total: 794798 ns
[2020-09-11T16:51:26.603+0000][1][safepoint    ] Safepoint "RevokeBias", Time since last: 293237 ns, Reaching safepoint: 1605000 ns, At safepoint: 10035 ns, Total: 1615035 ns
[2020-09-11T16:51:26.604+0000][1][safepoint    ] Safepoint "RevokeBias", Time since last: 160092 ns, Reaching safepoint: 1301026 ns, At safepoint: 20165 ns, Total: 1321191 ns
[2020-09-11T16:51:26.609+0000][1][safepoint    ] Safepoint "RevokeBias", Time since last: 3303724 ns, Reaching safepoint: 1315176 ns, At safepoint: 8838 ns, Total: 1324014 ns
[2020-09-11T16:51:26.621+0000][1][safepoint    ] Safepoint "RevokeBias", Time since last: 8666924 ns, Reaching safepoint: 3321394 ns, At safepoint: 15371 ns, Total: 3336765 ns
[2020-09-11T16:51:26.622+0000][1][safepoint    ] Safepoint "RevokeBias", Time since last: 1060631 ns, Reaching safepoint: 243737 ns, At safepoint: 8392 ns, Total: 252129 ns
[2020-09-11T16:51:26.657+0000][1][safepoint    ] Safepoint "RevokeBias", Time since last: 32051386 ns, Reaching safepoint: 2624028 ns, At safepoint: 41857 ns, Total: 2665885 ns
[2020-09-11T16:51:26.659+0000][1][safepoint    ] Safepoint "RevokeBias", Time since last: 358334 ns, Reaching safepoint: 1793501 ns, At safepoint: 24784 ns, Total: 1818285 ns
[2020-09-11T16:51:26.659+0000][1][safepoint    ] Safepoint "RevokeBias", Time since last: 70667 ns, Reaching safepoint: 121650 ns, At safepoint: 18539 ns, Total: 140189 ns
[2020-09-11T16:51:26.659+0000][1][safepoint    ] Safepoint "RevokeBias", Time since last: 53038 ns, Reaching safepoint: 112200 ns, At safepoint: 15702 ns, Total: 127902 ns
[2020-09-11T16:51:26.660+0000][1][safepoint    ] Safepoint "RevokeBias", Time since last: 88669 ns, Reaching safepoint: 112468 ns, At safepoint: 16125 ns, Total: 128593 ns
[2020-09-11T16:51:26.660+0000][1][safepoint    ] Safepoint "RevokeBias", Time since last: 36490 ns, Reaching safepoint: 105688 ns, At safepoint: 15010 ns, Total: 120698 ns
[2020-09-11T16:51:26.660+0000][1][safepoint    ] Safepoint "RevokeBias", Time since last: 198760 ns, Reaching safepoint: 124843 ns, At safepoint: 16001 ns, Total: 140844 ns
[2020-09-11T16:51:26.665+0000][1][safepoint    ] Safepoint "RevokeBias", Time since last: 936588 ns, Reaching safepoint: 3712249 ns, At safepoint: 20950 ns, Total: 3733199 ns
[2020-09-11T16:51:26.698+0000][1][safepoint    ] Safepoint "RevokeBias", Time since last: 30457103 ns, Reaching safepoint: 2277146 ns, At safepoint: 25009 ns, Total: 2302155 ns
[2020-09-11T16:51:26.701+0000][1][safepoint    ] Safepoint "RevokeBias", Time since last: 561985 ns, Reaching safepoint: 2685171 ns, At safepoint: 27673 ns, Total: 2712844 ns
[2020-09-11T16:51:26.742+0000][1][safepoint    ] Safepoint "RevokeBias", Time since last: 40307719 ns, Reaching safepoint: 354437 ns, At safepoint: 16152 ns, Total: 370589 ns
[2020-09-11T16:51:26.745+0000][1][safepoint    ] Safepoint "RevokeBias", Time since last: 3362872 ns, Reaching safepoint: 147942 ns, At safepoint: 12141 ns, Total: 160083 ns
[2020-09-11T16:51:26.749+0000][1][safepoint    ] Safepoint "RevokeBias", Time since last: 4225642 ns, Reaching safepoint: 150505 ns, At safepoint: 13389 ns, Total: 163894 ns
[2020-09-11T16:51:26.750+0000][1][safepoint    ] Safepoint "RevokeBias", Time since last: 93942 ns, Reaching safepoint: 121354 ns, At safepoint: 9400 ns, Total: 130754 ns
[2020-09-11T16:51:26.754+0000][1][safepoint    ] Safepoint "RevokeBias", Time since last: 4549845 ns, Reaching safepoint: 141402 ns, At safepoint: 13371 ns, Total: 154773 ns
[2020-09-11T16:51:26.755+0000][1][safepoint    ] Safepoint "RevokeBias", Time since last: 234331 ns, Reaching safepoint: 129557 ns, At safepoint: 9419 ns, Total: 138976 ns
[2020-09-11T16:51:26.755+0000][1][safepoint    ] Safepoint "RevokeBias", Time since last: 46670 ns, Reaching safepoint: 113134 ns, At safepoint: 7591 ns, Total: 120725 ns
[2020-09-11T16:51:26.759+0000][1][safepoint    ] Safepoint "RevokeBias", Time since last: 3566651 ns, Reaching safepoint: 132108 ns, At safepoint: 17653 ns, Total: 149761 ns
[2020-09-11T16:51:26.759+0000][1][safepoint    ] Safepoint "RevokeBias", Time since last: 62993 ns, Reaching safepoint: 115357 ns, At safepoint: 7813 ns, Total: 123170 ns
[2020-09-11T16:51:26.763+0000][1][safepoint    ] Safepoint "RevokeBias", Time since last: 4179593 ns, Reaching safepoint: 140626 ns, At safepoint: 11517 ns, Total: 152143 ns
[2020-09-11T16:51:26.763+0000][1][safepoint    ] Safepoint "RevokeBias", Time since last: 57465 ns, Reaching safepoint: 114916 ns, At safepoint: 7605 ns, Total: 122521 ns
[2020-09-11T16:51:26.764+0000][1][safepoint    ] Safepoint "RevokeBias", Time since last: 77643 ns, Reaching safepoint: 109863 ns, At safepoint: 7298 ns, Total: 117161 ns
[2020-09-11T16:51:26.764+0000][1][safepoint    ] Safepoint "RevokeBias", Time since last: 71099 ns, Reaching safepoint: 107249 ns, At safepoint: 6693 ns, Total: 113942 ns
[2020-09-11T16:51:26.764+0000][1][safepoint    ] Safepoint "RevokeBias", Time since last: 69037 ns, Reaching safepoint: 105367 ns, At safepoint: 7039 ns, Total: 112406 ns
[2020-09-11T16:51:26.784+0000][1][safepoint    ] Safepoint "RevokeBias", Time since last: 9624667 ns, Reaching safepoint: 146072 ns, At safepoint: 10242657 ns, Total: 10388729 ns
[2020-09-11T16:51:26.801+0000][1][safepoint    ] Safepoint "RevokeBias", Time since last: 17339342 ns, Reaching safepoint: 135388 ns, At safepoint: 22993 ns, Total: 158381 ns
[2020-09-11T16:51:26.802+0000][1][safepoint    ] Safepoint "RevokeBias", Time since last: 899338 ns, Reaching safepoint: 134832 ns, At safepoint: 23524 ns, Total: 158356 ns
[2020-09-11T16:51:26.803+0000][1][safepoint    ] Safepoint "RevokeBias", Time since last: 467158 ns, Reaching safepoint: 132424 ns, At safepoint: 22167 ns, Total: 154591 ns
[2020-09-11T16:51:26.822+0000][1][safepoint    ] Safepoint "RevokeBias", Time since last: 18975704 ns, Reaching safepoint: 149458 ns, At safepoint: 22552 ns, Total: 172010 ns
[2020-09-11T16:51:26.832+0000][1][safepoint    ] Safepoint "RevokeBias", Time since last: 9544451 ns, Reaching safepoint: 155634 ns, At safepoint: 22342 ns, Total: 177976 ns
[2020-09-11T16:51:26.837+0000][1][safepoint    ] Safepoint "BulkRevokeBias", Time since last: 4802766 ns, Reaching safepoint: 137009 ns, At safepoint: 355323 ns, Total: 492332 ns
[2020-09-11T16:51:26.901+0000][1][safepoint    ] Safepoint "RevokeBias", Time since last: 62925254 ns, Reaching safepoint: 76695 ns, At safepoint: 1058121 ns, Total: 1134816 ns
[2020-09-11T16:51:26.948+0000][1][safepoint    ] Safepoint "BulkRevokeBias", Time since last: 46657040 ns, Reaching safepoint: 150305 ns, At safepoint: 201674 ns, Total: 351979 ns
[2020-09-11T16:51:26.977+0000][1][safepoint    ] Safepoint "RevokeBias", Time since last: 27788955 ns, Reaching safepoint: 378016 ns, At safepoint: 11304 ns, Total: 389320 ns
[2020-09-11T16:51:26.992+0000][1][safepoint    ] Safepoint "RevokeBias", Time since last: 1088130 ns, Reaching safepoint: 13993772 ns, At safepoint: 17528 ns, Total: 14011300 ns
[2020-09-11T16:51:27.008+0000][1][safepoint    ] Safepoint "RevokeBias", Time since last: 468325 ns, Reaching safepoint: 15503253 ns, At safepoint: 28968 ns, Total: 15532221 ns
[2020-09-11T16:51:27.030+0000][1][safepoint    ] Safepoint "RevokeBias", Time since last: 2105370 ns, Reaching safepoint: 20249838 ns, At safepoint: 51212 ns, Total: 20301050 ns
[2020-09-11T16:51:27.035+0000][1][safepoint    ] Safepoint "RevokeBias", Time since last: 2782291 ns, Reaching safepoint: 2362285 ns, At safepoint: 39764 ns, Total: 2402049 ns
[2020-09-11T16:51:27.037+0000][1][safepoint    ] Safepoint "RevokeBias", Time since last: 98066 ns, Reaching safepoint: 1177979 ns, At safepoint: 32364 ns, Total: 1210343 ns
[2020-09-11T16:51:27.037+0000][1][safepoint    ] Safepoint "RevokeBias", Time since last: 75291 ns, Reaching safepoint: 235896 ns, At safepoint: 26423 ns, Total: 262319 ns
[2020-09-11T16:51:27.041+0000][1][safepoint    ] Safepoint "RevokeBias", Time since last: 65719 ns, Reaching safepoint: 3931682 ns, At safepoint: 35894 ns, Total: 3967576 ns
[2020-09-11T16:51:27.042+0000][1][safepoint    ] Safepoint "RevokeBias", Time since last: 441182 ns, Reaching safepoint: 317425 ns, At safepoint: 25082 ns, Total: 342507 ns
[2020-09-11T16:51:27.044+0000][1][safepoint    ] Safepoint "RevokeBias", Time since last: 2138258 ns, Reaching safepoint: 618337 ns, At safepoint: 12906 ns, Total: 631243 ns
[2020-09-11T16:51:27.047+0000][1][safepoint    ] Safepoint "RevokeBias", Time since last: 732792 ns, Reaching safepoint: 1161349 ns, At safepoint: 268438 ns, Total: 1429787 ns
[2020-09-11T16:51:27.048+0000][1][safepoint    ] Safepoint "RevokeBias", Time since last: 1083183 ns, Reaching safepoint: 272947 ns, At safepoint: 239439 ns, Total: 512386 ns
[2020-09-11T16:51:27.052+0000][1][safepoint    ] Safepoint "RevokeBias", Time since last: 2884555 ns, Reaching safepoint: 1006746 ns, At safepoint: 33767 ns, Total: 1040513 ns
[2020-09-11T16:51:27.060+0000][1][safepoint    ] Safepoint "RevokeBias", Time since last: 3405492 ns, Reaching safepoint: 1090366 ns, At safepoint: 3122279 ns, Total: 4212645 ns
[2020-09-11T16:51:27.061+0000][1][safepoint    ] Safepoint "RevokeBias", Time since last: 87344 ns, Reaching safepoint: 756931 ns, At safepoint: 472299 ns, Total: 1229230 ns
[2020-09-11T16:51:27.062+0000][1][safepoint    ] Safepoint "RevokeBias", Time since last: 354358 ns, Reaching safepoint: 683481 ns, At safepoint: 328641 ns, Total: 1012122 ns
[2020-09-11T16:51:27.064+0000][1][safepoint    ] Safepoint "RevokeBias", Time since last: 179025 ns, Reaching safepoint: 964330 ns, At safepoint: 44136 ns, Total: 1008466 ns
[2020-09-11T16:51:27.064+0000][1][safepoint    ] Safepoint "RevokeBias", Time since last: 324383 ns, Reaching safepoint: 272063 ns, At safepoint: 36820 ns, Total: 308883 ns
[2020-09-11T16:51:27.068+0000][1][safepoint    ] Safepoint "RevokeBias", Time since last: 2621923 ns, Reaching safepoint: 1159659 ns, At safepoint: 138903 ns, Total: 1298562 ns
[2020-09-11T16:51:27.081+0000][1][safepoint    ] Safepoint "RevokeBias", Time since last: 33564 ns, Reaching safepoint: 441815 ns, At safepoint: 12770385 ns, Total: 13212200 ns
[2020-09-11T16:51:27.082+0000][1][safepoint    ] Safepoint "RevokeBias", Time since last: 42946 ns, Reaching safepoint: 282271 ns, At safepoint: 54422 ns, Total: 336693 ns
[2020-09-11T16:51:27.102+0000][1][safepoint    ] Safepoint "RevokeBias", Time since last: 19739903 ns, Reaching safepoint: 146718 ns, At safepoint: 34587 ns, Total: 181305 ns
[2020-09-11T16:51:27.118+0000][1][safepoint    ] Safepoint "RevokeBias", Time since last: 15742123 ns, Reaching safepoint: 330167 ns, At safepoint: 36376 ns, Total: 366543 ns
[2020-09-11T16:51:27.118+0000][1][safepoint    ] Safepoint "RevokeBias", Time since last: 114877 ns, Reaching safepoint: 124643 ns, At safepoint: 17519 ns, Total: 142162 ns
[2020-09-11T16:51:27.124+0000][1][safepoint    ] Safepoint "RevokeBias", Time since last: 5503163 ns, Reaching safepoint: 207825 ns, At safepoint: 24360 ns, Total: 232185 ns
[2020-09-11T16:51:27.124+0000][1][safepoint    ] Safepoint "RevokeBias", Time since last: 429602 ns, Reaching safepoint: 128670 ns, At safepoint: 26630 ns, Total: 155300 ns
[2020-09-11T16:51:27.125+0000][1][safepoint    ] Safepoint "RevokeBias", Time since last: 92679 ns, Reaching safepoint: 119242 ns, At safepoint: 20604 ns, Total: 139846 ns
[2020-09-11T16:51:27.127+0000][1][safepoint    ] Safepoint "RevokeBias", Time since last: 1072950 ns, Reaching safepoint: 1611571 ns, At safepoint: 32923 ns, Total: 1644494 ns
[2020-09-11T16:51:27.137+0000][1][safepoint    ] Safepoint "RevokeBias", Time since last: 9448768 ns, Reaching safepoint: 150662 ns, At safepoint: 40715 ns, Total: 191377 ns
[2020-09-11T16:51:27.144+0000][1][safepoint    ] Safepoint "RevokeBias", Time since last: 6709851 ns, Reaching safepoint: 277478 ns, At safepoint: 27335 ns, Total: 304813 ns
[2020-09-11T16:51:27.146+0000][1][safepoint    ] Safepoint "RevokeBias", Time since last: 1658281 ns, Reaching safepoint: 133783 ns, At safepoint: 105122 ns, Total: 238905 ns
[2020-09-11T16:51:27.149+0000][1][safepoint    ] Safepoint "RevokeBias", Time since last: 3125491 ns, Reaching safepoint: 132434 ns, At safepoint: 105334 ns, Total: 237768 ns
[2020-09-11T16:51:27.149+0000][1][safepoint    ] Safepoint "RevokeBias", Time since last: 27387 ns, Reaching safepoint: 118796 ns, At safepoint: 24662 ns, Total: 143458 ns
[2020-09-11T16:51:27.151+0000][1][safepoint    ] Safepoint "RevokeBias", Time since last: 979675 ns, Reaching safepoint: 151815 ns, At safepoint: 25444 ns, Total: 177259 ns
[2020-09-11T16:51:27.152+0000][1][safepoint    ] Safepoint "RevokeBias", Time since last: 647138 ns, Reaching safepoint: 122992 ns, At safepoint: 564991 ns, Total: 687983 ns
[2020-09-11T16:51:27.152+0000][1][safepoint    ] Safepoint "RevokeBias", Time since last: 138298 ns, Reaching safepoint: 122101 ns, At safepoint: 121914 ns, Total: 244015 ns
[2020-09-11T16:51:27.153+0000][1][safepoint    ] Safepoint "RevokeBias", Time since last: 635106 ns, Reaching safepoint: 125428 ns, At safepoint: 100444 ns, Total: 225872 ns
[2020-09-11T16:51:27.153+0000][1][safepoint    ] Safepoint "RevokeBias", Time since last: 19395 ns, Reaching safepoint: 110035 ns, At safepoint: 22750 ns, Total: 132785 ns
[2020-09-11T16:51:27.154+0000][1][safepoint    ] Safepoint "RevokeBias", Time since last: 732140 ns, Reaching safepoint: 113667 ns, At safepoint: 105932 ns, Total: 219599 ns
[2020-09-11T16:51:27.154+0000][1][safepoint    ] Safepoint "RevokeBias", Time since last: 17742 ns, Reaching safepoint: 108349 ns, At safepoint: 22539 ns, Total: 130888 ns
[2020-09-11T16:51:27.156+0000][1][safepoint    ] Safepoint "RevokeBias", Time since last: 565456 ns, Reaching safepoint: 1004937 ns, At safepoint: 28256 ns, Total: 1033193 ns
[2020-09-11T16:51:27.156+0000][1][safepoint    ] Safepoint "RevokeBias", Time since last: 278560 ns, Reaching safepoint: 107376 ns, At safepoint: 27922 ns, Total: 135298 ns
[2020-09-11T16:51:27.163+0000][1][safepoint    ] Safepoint "RevokeBias", Time since last: 61974 ns, Reaching safepoint: 5864059 ns, At safepoint: 244771 ns, Total: 6108830 ns
[2020-09-11T16:51:27.169+0000][1][safepoint    ] Safepoint "RevokeBias", Time since last: 3471572 ns, Reaching safepoint: 174055 ns, At safepoint: 2466331 ns, Total: 2640386 ns
[2020-09-11T16:51:27.171+0000][1][safepoint    ] Safepoint "BulkRevokeBias", Time since last: 316780 ns, Reaching safepoint: 136874 ns, At safepoint: 1422067 ns, Total: 1558941 ns
[2020-09-11T16:51:27.171+0000][1][safepoint    ] Safepoint "RevokeBias", Time since last: 487658 ns, Reaching safepoint: 125136 ns, At safepoint: 296598 ns, Total: 421734 ns
[2020-09-11T16:51:27.216+0000][1][safepoint    ] Safepoint "RevokeBias", Time since last: 33296325 ns, Reaching safepoint: 10011012 ns, At safepoint: 994999 ns, Total: 11006011 ns
[2020-09-11T16:51:27.217+0000][1][safepoint    ] Safepoint "RevokeBias", Time since last: 140283 ns, Reaching safepoint: 715858 ns, At safepoint: 25767 ns, Total: 741625 ns
[2020-09-11T16:51:27.220+0000][1][safepoint    ] Safepoint "RevokeBias", Time since last: 2928455 ns, Reaching safepoint: 377029 ns, At safepoint: 22824 ns, Total: 399853 ns
[2020-09-11T16:51:27.221+0000][1][safepoint    ] Safepoint "RevokeBias", Time since last: 570797 ns, Reaching safepoint: 136041 ns, At safepoint: 18844 ns, Total: 154885 ns
[2020-09-11T16:51:27.222+0000][1][safepoint    ] Safepoint "RevokeBias", Time since last: 727865 ns, Reaching safepoint: 157627 ns, At safepoint: 17382 ns, Total: 175009 ns
[2020-09-11T16:51:27.224+0000][1][safepoint    ] Safepoint "RevokeBias", Time since last: 2342415 ns, Reaching safepoint: 143116 ns, At safepoint: 21550 ns, Total: 164666 ns
[2020-09-11T16:51:27.228+0000][1][safepoint    ] Safepoint "RevokeBias", Time since last: 3640614 ns, Reaching safepoint: 139263 ns, At safepoint: 24268 ns, Total: 163531 ns
[2020-09-11T16:51:27.379+0000][1][safepoint    ] Safepoint "RevokeBias", Time since last: 150695151 ns, Reaching safepoint: 164785 ns, At safepoint: 24015 ns, Total: 188800 ns
[2020-09-11T16:51:27.392+0000][1][safepoint    ] Safepoint "RevokeBias", Time since last: 12596151 ns, Reaching safepoint: 145151 ns, At safepoint: 25351 ns, Total: 170502 ns
[2020-09-11T16:51:27.392+0000][1][safepoint    ] Safepoint "RevokeBias", Time since last: 259223 ns, Reaching safepoint: 131804 ns, At safepoint: 18041 ns, Total: 149845 ns
[2020-09-11T16:51:27.392+0000][1][safepoint    ] Safepoint "RevokeBias", Time since last: 141055 ns, Reaching safepoint: 125186 ns, At safepoint: 16189 ns, Total: 141375 ns
[2020-09-11T16:51:27.478+0000][1][safepoint    ] Safepoint "RevokeBias", Time since last: 85396856 ns, Reaching safepoint: 146740 ns, At safepoint: 21250 ns, Total: 167990 ns
[2020-09-11T16:51:27.493+0000][1][safepoint    ] Safepoint "RevokeBias", Time since last: 14924920 ns, Reaching safepoint: 143006 ns, At safepoint: 19412 ns, Total: 162418 ns
[2020-09-11T16:51:27.618+0000][1][safepoint    ] Safepoint "RevokeBias", Time since last: 124704793 ns, Reaching safepoint: 80080 ns, At safepoint: 7938 ns, Total: 88018 ns
[2020-09-11T16:51:28.113+0000][1][safepoint    ] Safepoint "RevokeBias", Time since last: 495046177 ns, Reaching safepoint: 148073 ns, At safepoint: 17537 ns, Total: 165610 ns
[2020-09-11T16:51:28.113+0000][1][safepoint    ] Safepoint "RevokeBias", Time since last: 195726 ns, Reaching safepoint: 100467 ns, At safepoint: 13078 ns, Total: 113545 ns
[2020-09-11T16:51:28.137+0000][1][safepoint    ] Safepoint "RevokeBias", Time since last: 23319918 ns, Reaching safepoint: 149424 ns, At safepoint: 41116 ns, Total: 190540 ns
[2020-09-11T16:51:28.137+0000][1][safepoint    ] Safepoint "RevokeBias", Time since last: 172012 ns, Reaching safepoint: 106492 ns, At safepoint: 12388 ns, Total: 118880 ns
[2020-09-11T16:51:28.153+0000][1][safepoint    ] Safepoint "RevokeBias", Time since last: 12952694 ns, Reaching safepoint: 2808986 ns, At safepoint: 38356 ns, Total: 2847342 ns
[2020-09-11T16:51:28.177+0000][1][safepoint    ] Safepoint "RevokeBias", Time since last: 21487442 ns, Reaching safepoint: 2480083 ns, At safepoint: 11200 ns, Total: 2491283 ns
[2020-09-11T16:51:28.178+0000][1][safepoint    ] Safepoint "RevokeBias", Time since last: 464218 ns, Reaching safepoint: 884023 ns, At safepoint: 7948 ns, Total: 891971 ns
[2020-09-11T16:51:28.193+0000][1][safepoint    ] Safepoint "RevokeBias", Time since last: 14582425 ns, Reaching safepoint: 337451 ns, At safepoint: 9799 ns, Total: 347250 ns
[2020-09-11T16:51:28.214+0000][1][safepoint    ] Safepoint "RevokeBias", Time since last: 20296887 ns, Reaching safepoint: 93401 ns, At safepoint: 8007 ns, Total: 101408 ns
[2020-09-11T16:51:28.219+0000][1][safepoint    ] Safepoint "RevokeBias", Time since last: 5168350 ns, Reaching safepoint: 97747 ns, At safepoint: 16219 ns, Total: 113966 ns
[2020-09-11T16:51:28.241+0000][1][gc,heap,exit ] Heap
[2020-09-11T16:51:28.241+0000][1][gc,heap,exit ]  par new generation   total 76672K, used 59778K [0x00000000e0000000, 0x00000000e5330000, 0x00000000e5330000)
[2020-09-11T16:51:28.241+0000][1][gc,heap,exit ]   eden space 68160K,  87% used [0x00000000e0000000, 0x00000000e3a21720, 0x00000000e4290000)
[2020-09-11T16:51:28.241+0000][1][gc,heap,exit ]   from space 8512K,   2% used [0x00000000e4ae0000, 0x00000000e4b1f260, 0x00000000e5330000)
[2020-09-11T16:51:28.241+0000][1][gc,heap,exit ]   to   space 8512K,   0% used [0x00000000e4290000, 0x00000000e4290000, 0x00000000e4ae0000)
[2020-09-11T16:51:28.241+0000][1][gc,heap,exit ]  concurrent mark-sweep generation total 439104K, used 76837K [0x00000000e5330000, 0x0000000100000000, 0x0000000100000000)
[2020-09-11T16:51:28.241+0000][1][gc,heap,exit ]  Metaspace       used 92077K, capacity 98975K, committed 99328K, reserved 1134592K
[2020-09-11T16:51:28.241+0000][1][gc,heap,exit ]   class space    used 11910K, capacity 14747K, committed 14868K, reserved 1048576K
