[2020-09-11T12:34:52.785+0000][1][gc] Using Concurrent Mark Sweep
[2020-09-11T12:34:52.785+0000][1][gc,heap,coops] Heap address: 0x00000000e0000000, size: 512 MB, Compressed Oops mode: 32-bit
[2020-09-11T12:34:53.044+0000][1][safepoint    ] Safepoint "EnableBiasedLocking", Time since last: 227599655 ns, Reaching safepoint: 1728749 ns, At safepoint: 45094 ns, Total: 1773843 ns
[2020-09-11T12:34:53.068+0000][1][safepoint    ] Safepoint "RevokeBias", Time since last: 22041750 ns, Reaching safepoint: 2006024 ns, At safepoint: 59780 ns, Total: 2065804 ns
[2020-09-11T12:34:53.123+0000][1][safepoint    ] Safepoint "Deoptimize", Time since last: 47846606 ns, Reaching safepoint: 8011474 ns, At safepoint: 29439 ns, Total: 8040913 ns
[2020-09-11T12:34:53.778+0000][1][safepoint    ] Safepoint "RevokeBias", Time since last: 652305141 ns, Reaching safepoint: 2163132 ns, At safepoint: 44170 ns, Total: 2207302 ns
[2020-09-11T12:34:53.824+0000][1][safepoint    ] Safepoint "RevokeBias", Time since last: 37413852 ns, Reaching safepoint: 8028582 ns, At safepoint: 50056 ns, Total: 8078638 ns
[2020-09-11T12:34:53.828+0000][1][safepoint    ] Safepoint "Deoptimize", Time since last: 3952063 ns, Reaching safepoint: 672220 ns, At safepoint: 31938 ns, Total: 704158 ns
[2020-09-11T12:34:53.839+0000][1][safepoint    ] Safepoint "Deoptimize", Time since last: 2042974 ns, Reaching safepoint: 9235142 ns, At safepoint: 42519 ns, Total: 9277661 ns
[2020-09-11T12:34:54.063+0000][1][safepoint    ] Safepoint "Deoptimize", Time since last: 223874549 ns, Reaching safepoint: 84110 ns, At safepoint: 39892 ns, Total: 124002 ns
[2020-09-11T12:34:55.068+0000][1][safepoint    ] Safepoint "Cleanup", Time since last: 1003945067 ns, Reaching safepoint: 343070 ns, At safepoint: 5009 ns, Total: 348079 ns
[2020-09-11T12:34:56.069+0000][1][safepoint    ] Safepoint "Cleanup", Time since last: 1001534026 ns, Reaching safepoint: 116348 ns, At safepoint: 4706 ns, Total: 121054 ns
[2020-09-11T12:34:56.384+0000][1][safepoint    ] Safepoint "Deoptimize", Time since last: 314589949 ns, Reaching safepoint: 95799 ns, At safepoint: 55876 ns, Total: 151675 ns
[2020-09-11T12:34:56.702+0000][1][safepoint    ] Safepoint "Deoptimize", Time since last: 315691685 ns, Reaching safepoint: 1888047 ns, At safepoint: 66021 ns, Total: 1954068 ns
[2020-09-11T12:34:57.069+0000][1][safepoint    ] Safepoint "Deoptimize", Time since last: 366013149 ns, Reaching safepoint: 1493598 ns, At safepoint: 69568 ns, Total: 1563166 ns
[2020-09-11T12:34:57.745+0000][1][safepoint    ] Safepoint "Deoptimize", Time since last: 674041468 ns, Reaching safepoint: 1017020 ns, At safepoint: 73618 ns, Total: 1090638 ns
[2020-09-11T12:34:58.751+0000][1][safepoint    ] Safepoint "Cleanup", Time since last: 1006165946 ns, Reaching safepoint: 63535 ns, At safepoint: 4609 ns, Total: 68144 ns
[2020-09-11T12:34:58.942+0000][1][safepoint    ] Safepoint "Deoptimize", Time since last: 191496978 ns, Reaching safepoint: 97963 ns, At safepoint: 84098 ns, Total: 182061 ns
[2020-09-11T12:34:59.950+0000][1][safepoint    ] Safepoint "Cleanup", Time since last: 1007734625 ns, Reaching safepoint: 42646 ns, At safepoint: 4467 ns, Total: 47113 ns
[2020-09-11T12:35:01.133+0000][1][safepoint    ] Safepoint "Deoptimize", Time since last: 1182425292 ns, Reaching safepoint: 97894 ns, At safepoint: 84218 ns, Total: 182112 ns
[2020-09-11T12:35:02.148+0000][1][safepoint    ] Safepoint "Cleanup", Time since last: 1014589858 ns, Reaching safepoint: 119768 ns, At safepoint: 6046 ns, Total: 125814 ns
[2020-09-11T12:35:03.076+0000][1][safepoint    ] Safepoint "Deoptimize", Time since last: 928755484 ns, Reaching safepoint: 102498 ns, At safepoint: 93272 ns, Total: 195770 ns
[2020-09-11T12:35:03.077+0000][1][safepoint    ] Safepoint "Deoptimize", Time since last: 120144 ns, Reaching safepoint: 77230 ns, At safepoint: 36560 ns, Total: 113790 ns
[2020-09-11T12:35:03.376+0000][1][safepoint    ] Safepoint "Deoptimize", Time since last: 298703896 ns, Reaching safepoint: 110532 ns, At safepoint: 102740 ns, Total: 213272 ns
[2020-09-11T12:35:03.404+0000][1][safepoint    ] Safepoint "Deoptimize", Time since last: 27637097 ns, Reaching safepoint: 125490 ns, At safepoint: 109419 ns, Total: 234909 ns
[2020-09-11T12:35:03.478+0000][1][safepoint    ] Safepoint "RevokeBias", Time since last: 74007363 ns, Reaching safepoint: 105337 ns, At safepoint: 30134 ns, Total: 135471 ns
[2020-09-11T12:35:03.478+0000][1][safepoint    ] Safepoint "RevokeBias", Time since last: 76149 ns, Reaching safepoint: 81634 ns, At safepoint: 20992 ns, Total: 102626 ns
[2020-09-11T12:35:03.478+0000][1][safepoint    ] Safepoint "RevokeBias", Time since last: 79631 ns, Reaching safepoint: 76820 ns, At safepoint: 14298 ns, Total: 91118 ns
[2020-09-11T12:35:03.478+0000][1][safepoint    ] Safepoint "RevokeBias", Time since last: 168455 ns, Reaching safepoint: 77189 ns, At safepoint: 13754 ns, Total: 90943 ns
[2020-09-11T12:35:04.480+0000][1][safepoint    ] Safepoint "Cleanup", Time since last: 1001143574 ns, Reaching safepoint: 317660 ns, At safepoint: 5742 ns, Total: 323402 ns
[2020-09-11T12:35:04.867+0000][1][safepoint    ] Safepoint "RevokeBias", Time since last: 386816512 ns, Reaching safepoint: 105307 ns, At safepoint: 13223 ns, Total: 118530 ns
[2020-09-11T12:35:05.876+0000][1][safepoint    ] Safepoint "Cleanup", Time since last: 1008755680 ns, Reaching safepoint: 179674 ns, At safepoint: 6674 ns, Total: 186348 ns
[2020-09-11T12:35:06.197+0000][1][safepoint    ] Safepoint "RevokeBias", Time since last: 321088126 ns, Reaching safepoint: 118305 ns, At safepoint: 31909 ns, Total: 150214 ns
[2020-09-11T12:35:06.221+0000][1][gc,start     ] GC(0) Pause Young (Allocation Failure)
[2020-09-11T12:35:06.221+0000][1][gc,task      ] GC(0) Using 1 workers of 1 for evacuation
[2020-09-11T12:35:06.278+0000][1][gc,age       ] GC(0) Desired survivor size 4358144 bytes, new threshold 1 (max threshold 6)
[2020-09-11T12:35:06.278+0000][1][gc,age       ] GC(0) Age table with threshold 1 (max threshold 6)
[2020-09-11T12:35:06.278+0000][1][gc,age       ] GC(0) - age   1:    6436312 bytes,    6436312 total
[2020-09-11T12:35:06.278+0000][1][gc,heap      ] GC(0) ParNew: 68160K->6310K(76672K)
[2020-09-11T12:35:06.278+0000][1][gc,heap      ] GC(0) CMS: 0K->0K(439104K)
[2020-09-11T12:35:06.278+0000][1][gc,metaspace ] GC(0) Metaspace: 13634K->13634K(1060864K)
[2020-09-11T12:35:06.278+0000][1][gc           ] GC(0) Pause Young (Allocation Failure) 66M->6M(503M) 57.131ms
[2020-09-11T12:35:06.278+0000][1][gc,cpu       ] GC(0) User=0.02s Sys=0.00s Real=0.06s
[2020-09-11T12:35:06.303+0000][1][safepoint    ] Safepoint "GenCollectForAllocation", Time since last: 24012479 ns, Reaching safepoint: 319146 ns, At safepoint: 82268870 ns, Total: 82588016 ns
[2020-09-11T12:35:06.323+0000][1][safepoint    ] Safepoint "RevokeBias", Time since last: 15417280 ns, Reaching safepoint: 4571367 ns, At safepoint: 46192 ns, Total: 4617559 ns
[2020-09-11T12:35:06.324+0000][1][safepoint    ] Safepoint "RevokeBias", Time since last: 124974 ns, Reaching safepoint: 79712 ns, At safepoint: 21729 ns, Total: 101441 ns
[2020-09-11T12:35:06.324+0000][1][safepoint    ] Safepoint "RevokeBias", Time since last: 38729 ns, Reaching safepoint: 77093 ns, At safepoint: 19071 ns, Total: 96164 ns
[2020-09-11T12:35:06.324+0000][1][safepoint    ] Safepoint "RevokeBias", Time since last: 24030 ns, Reaching safepoint: 76272 ns, At safepoint: 18685 ns, Total: 94957 ns
[2020-09-11T12:35:06.324+0000][1][safepoint    ] Safepoint "RevokeBias", Time since last: 29651 ns, Reaching safepoint: 76900 ns, At safepoint: 25090 ns, Total: 101990 ns
[2020-09-11T12:35:06.324+0000][1][safepoint    ] Safepoint "RevokeBias", Time since last: 22909 ns, Reaching safepoint: 75120 ns, At safepoint: 20140 ns, Total: 95260 ns
[2020-09-11T12:35:06.324+0000][1][safepoint    ] Safepoint "RevokeBias", Time since last: 27961 ns, Reaching safepoint: 75758 ns, At safepoint: 20233 ns, Total: 95991 ns
[2020-09-11T12:35:06.324+0000][1][safepoint    ] Safepoint "RevokeBias", Time since last: 22309 ns, Reaching safepoint: 75513 ns, At safepoint: 19346 ns, Total: 94859 ns
[2020-09-11T12:35:06.325+0000][1][safepoint    ] Safepoint "RevokeBias", Time since last: 28076 ns, Reaching safepoint: 76444 ns, At safepoint: 20557 ns, Total: 97001 ns
[2020-09-11T12:35:06.325+0000][1][safepoint    ] Safepoint "RevokeBias", Time since last: 35090 ns, Reaching safepoint: 75478 ns, At safepoint: 20086 ns, Total: 95564 ns
[2020-09-11T12:35:06.325+0000][1][safepoint    ] Safepoint "RevokeBias", Time since last: 29044 ns, Reaching safepoint: 89436 ns, At safepoint: 29530 ns, Total: 118966 ns
[2020-09-11T12:35:06.325+0000][1][safepoint    ] Safepoint "RevokeBias", Time since last: 22736 ns, Reaching safepoint: 84981 ns, At safepoint: 20534 ns, Total: 105515 ns
[2020-09-11T12:35:06.325+0000][1][safepoint    ] Safepoint "RevokeBias", Time since last: 62910 ns, Reaching safepoint: 76570 ns, At safepoint: 18764 ns, Total: 95334 ns
[2020-09-11T12:35:06.325+0000][1][safepoint    ] Safepoint "RevokeBias", Time since last: 22574 ns, Reaching safepoint: 76055 ns, At safepoint: 19871 ns, Total: 95926 ns
[2020-09-11T12:35:06.325+0000][1][safepoint    ] Safepoint "RevokeBias", Time since last: 41023 ns, Reaching safepoint: 75086 ns, At safepoint: 18133 ns, Total: 93219 ns
[2020-09-11T12:35:06.332+0000][1][safepoint    ] Safepoint "RevokeBias", Time since last: 6046951 ns, Reaching safepoint: 97035 ns, At safepoint: 32964 ns, Total: 129999 ns
[2020-09-11T12:35:06.332+0000][1][safepoint    ] Safepoint "RevokeBias", Time since last: 217027 ns, Reaching safepoint: 77815 ns, At safepoint: 20764 ns, Total: 98579 ns
[2020-09-11T12:35:06.332+0000][1][safepoint    ] Safepoint "RevokeBias", Time since last: 26802 ns, Reaching safepoint: 77625 ns, At safepoint: 20256 ns, Total: 97881 ns
[2020-09-11T12:35:06.332+0000][1][safepoint    ] Safepoint "RevokeBias", Time since last: 31494 ns, Reaching safepoint: 77265 ns, At safepoint: 21850 ns, Total: 99115 ns
[2020-09-11T12:35:06.332+0000][1][safepoint    ] Safepoint "RevokeBias", Time since last: 24951 ns, Reaching safepoint: 78090 ns, At safepoint: 24788 ns, Total: 102878 ns
[2020-09-11T12:35:06.343+0000][1][safepoint    ] Safepoint "RevokeBias", Time since last: 44805 ns, Reaching safepoint: 77943 ns, At safepoint: 10302702 ns, Total: 10380645 ns
[2020-09-11T12:35:06.343+0000][1][safepoint    ] Safepoint "RevokeBias", Time since last: 62973 ns, Reaching safepoint: 44637 ns, At safepoint: 59125 ns, Total: 103762 ns
[2020-09-11T12:35:06.343+0000][1][safepoint    ] Safepoint "RevokeBias", Time since last: 107499 ns, Reaching safepoint: 10341 ns, At safepoint: 32292 ns, Total: 42633 ns
[2020-09-11T12:35:06.343+0000][1][safepoint    ] Safepoint "RevokeBias", Time since last: 22152 ns, Reaching safepoint: 9105 ns, At safepoint: 28773 ns, Total: 37878 ns
[2020-09-11T12:35:06.343+0000][1][safepoint    ] Safepoint "RevokeBias", Time since last: 30442 ns, Reaching safepoint: 9366 ns, At safepoint: 28765 ns, Total: 38131 ns
[2020-09-11T12:35:06.343+0000][1][safepoint    ] Safepoint "RevokeBias", Time since last: 21419 ns, Reaching safepoint: 8763 ns, At safepoint: 27895 ns, Total: 36658 ns
[2020-09-11T12:35:06.343+0000][1][safepoint    ] Safepoint "RevokeBias", Time since last: 31823 ns, Reaching safepoint: 9122 ns, At safepoint: 28545 ns, Total: 37667 ns
[2020-09-11T12:35:06.343+0000][1][safepoint    ] Safepoint "RevokeBias", Time since last: 21231 ns, Reaching safepoint: 8729 ns, At safepoint: 27874 ns, Total: 36603 ns
[2020-09-11T12:35:06.348+0000][1][safepoint    ] Safepoint "RevokeBias", Time since last: 4882978 ns, Reaching safepoint: 28314 ns, At safepoint: 45630 ns, Total: 73944 ns
[2020-09-11T12:35:06.348+0000][1][safepoint    ] Safepoint "RevokeBias", Time since last: 42863 ns, Reaching safepoint: 10018 ns, At safepoint: 29980 ns, Total: 39998 ns
[2020-09-11T12:35:06.530+0000][1][safepoint    ] Safepoint "Deoptimize", Time since last: 179254031 ns, Reaching safepoint: 2488140 ns, At safepoint: 186876 ns, Total: 2675016 ns
[2020-09-11T12:35:07.538+0000][1][safepoint    ] Safepoint "Cleanup", Time since last: 1007071829 ns, Reaching safepoint: 135629 ns, At safepoint: 6465 ns, Total: 142094 ns
[2020-09-11T12:35:08.083+0000][1][safepoint    ] Safepoint "RevokeBias", Time since last: 543705494 ns, Reaching safepoint: 2236718 ns, At safepoint: 43966 ns, Total: 2280684 ns
[2020-09-11T12:35:08.084+0000][1][safepoint    ] Safepoint "RevokeBias", Time since last: 368623 ns, Reaching safepoint: 80784 ns, At safepoint: 23904 ns, Total: 104688 ns
[2020-09-11T12:35:08.284+0000][1][safepoint    ] Safepoint "RevokeBias", Time since last: 200248049 ns, Reaching safepoint: 111676 ns, At safepoint: 34048 ns, Total: 145724 ns
[2020-09-11T12:35:08.559+0000][1][safepoint    ] Safepoint "RevokeBias", Time since last: 274240409 ns, Reaching safepoint: 829449 ns, At safepoint: 37510 ns, Total: 866959 ns
[2020-09-11T12:35:08.700+0000][1][safepoint    ] Safepoint "RevokeBias", Time since last: 139984530 ns, Reaching safepoint: 101406 ns, At safepoint: 38138 ns, Total: 139544 ns
[2020-09-11T12:35:09.000+0000][1][safepoint    ] Safepoint "RevokeBias", Time since last: 299993915 ns, Reaching safepoint: 98294 ns, At safepoint: 30575 ns, Total: 128869 ns
[2020-09-11T12:35:09.116+0000][1][safepoint    ] Safepoint "RevokeBias", Time since last: 116561240 ns, Reaching safepoint: 95821 ns, At safepoint: 26775 ns, Total: 122596 ns
[2020-09-11T12:35:10.120+0000][1][safepoint    ] Safepoint "Cleanup", Time since last: 1003015337 ns, Reaching safepoint: 207975 ns, At safepoint: 7278 ns, Total: 215253 ns
[2020-09-11T12:35:10.143+0000][1][safepoint    ] Safepoint "Deoptimize", Time since last: 21120049 ns, Reaching safepoint: 2269411 ns, At safepoint: 157142 ns, Total: 2426553 ns
[2020-09-11T12:35:10.937+0000][1][safepoint    ] Safepoint "Deoptimize", Time since last: 793087444 ns, Reaching safepoint: 116136 ns, At safepoint: 156948 ns, Total: 273084 ns
[2020-09-11T12:35:11.013+0000][1][safepoint    ] Safepoint "Deoptimize", Time since last: 76602725 ns, Reaching safepoint: 97377 ns, At safepoint: 149602 ns, Total: 246979 ns
[2020-09-11T12:35:11.048+0000][1][gc,start     ] GC(1) Pause Young (Allocation Failure)
[2020-09-11T12:35:11.048+0000][1][gc,task      ] GC(1) Using 1 workers of 1 for evacuation
[2020-09-11T12:35:11.227+0000][1][gc,age       ] GC(1) Desired survivor size 4358144 bytes, new threshold 6 (max threshold 6)
[2020-09-11T12:35:11.227+0000][1][gc,age       ] GC(1) Age table with threshold 6 (max threshold 6)
[2020-09-11T12:35:11.227+0000][1][gc,age       ] GC(1) - age   1:    3952648 bytes,    3952648 total
[2020-09-11T12:35:11.227+0000][1][gc,heap      ] GC(1) ParNew: 74470K->4221K(76672K)
[2020-09-11T12:35:11.227+0000][1][gc,heap      ] GC(1) CMS: 0K->6823K(439104K)
[2020-09-11T12:35:11.227+0000][1][gc,metaspace ] GC(1) Metaspace: 19179K->19179K(1067008K)
[2020-09-11T12:35:11.227+0000][1][gc           ] GC(1) Pause Young (Allocation Failure) 72M->10M(503M) 179.687ms
[2020-09-11T12:35:11.227+0000][1][gc,cpu       ] GC(1) User=0.05s Sys=0.00s Real=0.18s
[2020-09-11T12:35:11.252+0000][1][safepoint    ] Safepoint "GenCollectForAllocation", Time since last: 34032531 ns, Reaching safepoint: 107155 ns, At safepoint: 204087332 ns, Total: 204194487 ns
[2020-09-11T12:35:11.277+0000][1][safepoint    ] Safepoint "BulkRevokeBias", Time since last: 23816276 ns, Reaching safepoint: 985192 ns, At safepoint: 149101 ns, Total: 1134293 ns
[2020-09-11T12:35:11.284+0000][1][safepoint    ] Safepoint "RevokeBias", Time since last: 125254 ns, Reaching safepoint: 6755409 ns, At safepoint: 96354 ns, Total: 6851763 ns
[2020-09-11T12:35:11.284+0000][1][safepoint    ] Safepoint "RevokeBias", Time since last: 89524 ns, Reaching safepoint: 722749 ns, At safepoint: 61918 ns, Total: 784667 ns
[2020-09-11T12:35:11.285+0000][1][safepoint    ] Safepoint "RevokeBias", Time since last: 48756 ns, Reaching safepoint: 86570 ns, At safepoint: 59244 ns, Total: 145814 ns
[2020-09-11T12:35:11.285+0000][1][safepoint    ] Safepoint "RevokeBias", Time since last: 34874 ns, Reaching safepoint: 82106 ns, At safepoint: 53673 ns, Total: 135779 ns
[2020-09-11T12:35:11.288+0000][1][safepoint    ] Safepoint "RevokeBias", Time since last: 40549 ns, Reaching safepoint: 2588580 ns, At safepoint: 120650 ns, Total: 2709230 ns
[2020-09-11T12:35:11.311+0000][1][safepoint    ] Safepoint "RevokeBias", Time since last: 37621 ns, Reaching safepoint: 84543 ns, At safepoint: 23764396 ns, Total: 23848939 ns
[2020-09-11T12:35:11.312+0000][1][safepoint    ] Safepoint "BulkRevokeBias", Time since last: 109092 ns, Reaching safepoint: 298593 ns, At safepoint: 106875 ns, Total: 405468 ns
[2020-09-11T12:35:11.314+0000][1][safepoint    ] Safepoint "BulkRevokeBias", Time since last: 47868 ns, Reaching safepoint: 1605113 ns, At safepoint: 92740 ns, Total: 1697853 ns
[2020-09-11T12:35:11.314+0000][1][safepoint    ] Safepoint "RevokeBias", Time since last: 104403 ns, Reaching safepoint: 88585 ns, At safepoint: 35363 ns, Total: 123948 ns
[2020-09-11T12:35:11.314+0000][1][safepoint    ] Safepoint "RevokeBias", Time since last: 36503 ns, Reaching safepoint: 85592 ns, At safepoint: 31383 ns, Total: 116975 ns
[2020-09-11T12:35:11.315+0000][1][safepoint    ] Safepoint "RevokeBias", Time since last: 33235 ns, Reaching safepoint: 781986 ns, At safepoint: 36533 ns, Total: 818519 ns
[2020-09-11T12:35:11.315+0000][1][safepoint    ] Safepoint "RevokeBias", Time since last: 54848 ns, Reaching safepoint: 210348 ns, At safepoint: 36509 ns, Total: 246857 ns
[2020-09-11T12:35:11.342+0000][1][safepoint    ] Safepoint "RevokeBias", Time since last: 26945630 ns, Reaching safepoint: 114649 ns, At safepoint: 51954 ns, Total: 166603 ns
[2020-09-11T12:35:12.132+0000][1][safepoint    ] Safepoint "Deoptimize", Time since last: 784785514 ns, Reaching safepoint: 4345984 ns, At safepoint: 179589 ns, Total: 4525573 ns
[2020-09-11T12:35:12.412+0000][1][safepoint    ] Safepoint "Deoptimize", Time since last: 275787530 ns, Reaching safepoint: 4024996 ns, At safepoint: 176187 ns, Total: 4201183 ns
[2020-09-11T12:35:12.415+0000][1][safepoint    ] Safepoint "RevokeBias", Time since last: 547797 ns, Reaching safepoint: 3021109 ns, At safepoint: 49314 ns, Total: 3070423 ns
[2020-09-11T12:35:12.420+0000][1][safepoint    ] Safepoint "Deoptimize", Time since last: 972999 ns, Reaching safepoint: 3196353 ns, At safepoint: 174044 ns, Total: 3370397 ns
[2020-09-11T12:35:13.428+0000][1][safepoint    ] Safepoint "Cleanup", Time since last: 1007842750 ns, Reaching safepoint: 118169 ns, At safepoint: 6731 ns, Total: 124900 ns
[2020-09-11T12:35:14.112+0000][1][gc,start     ] GC(2) Pause Young (Allocation Failure)
[2020-09-11T12:35:14.112+0000][1][gc,task      ] GC(2) Using 1 workers of 1 for evacuation
[2020-09-11T12:35:14.143+0000][1][gc,age       ] GC(2) Desired survivor size 4358144 bytes, new threshold 6 (max threshold 6)
[2020-09-11T12:35:14.143+0000][1][gc,age       ] GC(2) Age table with threshold 6 (max threshold 6)
[2020-09-11T12:35:14.143+0000][1][gc,age       ] GC(2) - age   1:     424680 bytes,     424680 total
[2020-09-11T12:35:14.143+0000][1][gc,age       ] GC(2) - age   2:    3867968 bytes,    4292648 total
[2020-09-11T12:35:14.143+0000][1][gc,heap      ] GC(2) ParNew: 72381K->7894K(76672K)
[2020-09-11T12:35:14.143+0000][1][gc,heap      ] GC(2) CMS: 6823K->6823K(439104K)
[2020-09-11T12:35:14.143+0000][1][gc,metaspace ] GC(2) Metaspace: 20090K->20090K(1067008K)
[2020-09-11T12:35:14.143+0000][1][gc           ] GC(2) Pause Young (Allocation Failure) 77M->14M(503M) 31.222ms
[2020-09-11T12:35:14.143+0000][1][gc,cpu       ] GC(2) User=0.01s Sys=0.00s Real=0.03s
[2020-09-11T12:35:14.163+0000][1][safepoint    ] Safepoint "GenCollectForAllocation", Time since last: 683888219 ns, Reaching safepoint: 130778 ns, At safepoint: 51853699 ns, Total: 51984477 ns
[2020-09-11T12:35:14.193+0000][1][safepoint    ] Safepoint "RevokeBias", Time since last: 28952313 ns, Reaching safepoint: 102073 ns, At safepoint: 47517 ns, Total: 149590 ns
[2020-09-11T12:35:14.195+0000][1][safepoint    ] Safepoint "RevokeBias", Time since last: 65728 ns, Reaching safepoint: 2839100 ns, At safepoint: 53469 ns, Total: 2892569 ns
[2020-09-11T12:35:14.208+0000][1][safepoint    ] Safepoint "RevokeBias", Time since last: 59374 ns, Reaching safepoint: 11899682 ns, At safepoint: 58538 ns, Total: 11958220 ns
[2020-09-11T12:35:14.214+0000][1][safepoint    ] Safepoint "BulkRevokeBias", Time since last: 76033 ns, Reaching safepoint: 5941506 ns, At safepoint: 69401 ns, Total: 6010907 ns
[2020-09-11T12:35:14.220+0000][1][safepoint    ] Safepoint "RevokeBias", Time since last: 6115776 ns, Reaching safepoint: 96045 ns, At safepoint: 29693 ns, Total: 125738 ns
[2020-09-11T12:35:14.220+0000][1][safepoint    ] Safepoint "RevokeBias", Time since last: 49455 ns, Reaching safepoint: 78841 ns, At safepoint: 21308 ns, Total: 100149 ns
[2020-09-11T12:35:15.224+0000][1][safepoint    ] Safepoint "Cleanup", Time since last: 1003415880 ns, Reaching safepoint: 125290 ns, At safepoint: 6366 ns, Total: 131656 ns
[2020-09-11T12:35:15.263+0000][1][gc,start     ] GC(3) Pause Young (Allocation Failure)
[2020-09-11T12:35:15.263+0000][1][gc,task      ] GC(3) Using 1 workers of 1 for evacuation
[2020-09-11T12:35:15.311+0000][1][gc,age       ] GC(3) Desired survivor size 4358144 bytes, new threshold 3 (max threshold 6)
[2020-09-11T12:35:15.311+0000][1][gc,age       ] GC(3) Age table with threshold 3 (max threshold 6)
[2020-09-11T12:35:15.311+0000][1][gc,age       ] GC(3) - age   1:    1674272 bytes,    1674272 total
[2020-09-11T12:35:15.311+0000][1][gc,age       ] GC(3) - age   2:     397696 bytes,    2071968 total
[2020-09-11T12:35:15.311+0000][1][gc,age       ] GC(3) - age   3:    3867312 bytes,    5939280 total
[2020-09-11T12:35:15.311+0000][1][gc,heap      ] GC(3) ParNew: 76054K->7666K(76672K)
[2020-09-11T12:35:15.311+0000][1][gc,heap      ] GC(3) CMS: 6823K->6823K(439104K)
[2020-09-11T12:35:15.311+0000][1][gc,metaspace ] GC(3) Metaspace: 20184K->20184K(1067008K)
[2020-09-11T12:35:15.311+0000][1][gc           ] GC(3) Pause Young (Allocation Failure) 80M->14M(503M) 48.098ms
[2020-09-11T12:35:15.311+0000][1][gc,cpu       ] GC(3) User=0.01s Sys=0.00s Real=0.05s
[2020-09-11T12:35:15.339+0000][1][safepoint    ] Safepoint "GenCollectForAllocation", Time since last: 39162191 ns, Reaching safepoint: 52202 ns, At safepoint: 76682879 ns, Total: 76735081 ns
[2020-09-11T12:35:15.377+0000][1][safepoint    ] Safepoint "RevokeBias", Time since last: 16097972 ns, Reaching safepoint: 20993579 ns, At safepoint: 108899 ns, Total: 21102478 ns
[2020-09-11T12:35:15.379+0000][1][safepoint    ] Safepoint "RevokeBias", Time since last: 1889646 ns, Reaching safepoint: 87398 ns, At safepoint: 19913 ns, Total: 107311 ns
[2020-09-11T12:35:15.388+0000][1][safepoint    ] Safepoint "RevokeBias", Time since last: 8830663 ns, Reaching safepoint: 98403 ns, At safepoint: 35277 ns, Total: 133680 ns
[2020-09-11T12:35:15.388+0000][1][safepoint    ] Safepoint "RevokeBias", Time since last: 52334 ns, Reaching safepoint: 77507 ns, At safepoint: 22283 ns, Total: 99790 ns
[2020-09-11T12:35:15.388+0000][1][safepoint    ] Safepoint "RevokeBias", Time since last: 30907 ns, Reaching safepoint: 76646 ns, At safepoint: 20376 ns, Total: 97022 ns
[2020-09-11T12:35:15.388+0000][1][safepoint    ] Safepoint "RevokeBias", Time since last: 26002 ns, Reaching safepoint: 74521 ns, At safepoint: 12825 ns, Total: 87346 ns
[2020-09-11T12:35:15.388+0000][1][safepoint    ] Safepoint "RevokeBias", Time since last: 28893 ns, Reaching safepoint: 76783 ns, At safepoint: 21499 ns, Total: 98282 ns
[2020-09-11T12:35:15.388+0000][1][safepoint    ] Safepoint "RevokeBias", Time since last: 25539 ns, Reaching safepoint: 74613 ns, At safepoint: 13603 ns, Total: 88216 ns
[2020-09-11T12:35:16.251+0000][1][safepoint    ] Safepoint "RevokeBias", Time since last: 862263898 ns, Reaching safepoint: 122140 ns, At safepoint: 21448 ns, Total: 143588 ns
[2020-09-11T12:35:16.251+0000][1][safepoint    ] Safepoint "RevokeBias", Time since last: 80989 ns, Reaching safepoint: 90327 ns, At safepoint: 12458 ns, Total: 102785 ns
[2020-09-11T12:35:16.251+0000][1][safepoint    ] Safepoint "RevokeBias", Time since last: 45583 ns, Reaching safepoint: 87117 ns, At safepoint: 11718 ns, Total: 98835 ns
[2020-09-11T12:35:16.326+0000][1][safepoint    ] Safepoint "CollectForMetadataAllocation", Time since last: 74196183 ns, Reaching safepoint: 975651 ns, At safepoint: 123681 ns, Total: 1099332 ns
[2020-09-11T12:35:16.448+0000][1][safepoint    ] Safepoint "CollectForMetadataAllocation", Time since last: 120054559 ns, Reaching safepoint: 1136509 ns, At safepoint: 122438 ns, Total: 1258947 ns
[2020-09-11T12:35:16.630+0000][1][gc,start     ] GC(4) Pause Young (Allocation Failure)
[2020-09-11T12:35:16.630+0000][1][gc,task      ] GC(4) Using 1 workers of 1 for evacuation
[2020-09-11T12:35:16.670+0000][1][gc,age       ] GC(4) Desired survivor size 4358144 bytes, new threshold 6 (max threshold 6)
[2020-09-11T12:35:16.670+0000][1][gc,age       ] GC(4) Age table with threshold 6 (max threshold 6)
[2020-09-11T12:35:16.670+0000][1][gc,age       ] GC(4) - age   1:    1755576 bytes,    1755576 total
[2020-09-11T12:35:16.670+0000][1][gc,age       ] GC(4) - age   2:     321848 bytes,    2077424 total
[2020-09-11T12:35:16.670+0000][1][gc,age       ] GC(4) - age   3:     397536 bytes,    2474960 total
[2020-09-11T12:35:16.670+0000][1][gc,heap      ] GC(4) ParNew: 75826K->4988K(76672K)
[2020-09-11T12:35:16.670+0000][1][gc,heap      ] GC(4) CMS: 6823K->10628K(439104K)
[2020-09-11T12:35:16.670+0000][1][gc,metaspace ] GC(4) Metaspace: 20747K->20747K(1069056K)
[2020-09-11T12:35:16.670+0000][1][gc           ] GC(4) Pause Young (Allocation Failure) 80M->15M(503M) 39.723ms
[2020-09-11T12:35:16.670+0000][1][gc,cpu       ] GC(4) User=0.02s Sys=0.00s Real=0.04s
[2020-09-11T12:35:16.691+0000][1][safepoint    ] Safepoint "GenCollectForAllocation", Time since last: 181955901 ns, Reaching safepoint: 761468 ns, At safepoint: 61178019 ns, Total: 61939487 ns
[2020-09-11T12:35:16.709+0000][1][gc,start     ] GC(5) Pause Initial Mark
[2020-09-11T12:35:16.710+0000][1][gc           ] GC(5) Pause Initial Mark 20M->20M(503M) 1.679ms
[2020-09-11T12:35:16.710+0000][1][gc,cpu       ] GC(5) User=0.00s Sys=0.00s Real=0.00s
[2020-09-11T12:35:16.763+0000][1][safepoint    ] Safepoint "CMS_Initial_Mark", Time since last: 15969235 ns, Reaching safepoint: 1058255 ns, At safepoint: 54926943 ns, Total: 55985198 ns
[2020-09-11T12:35:16.764+0000][1][gc           ] GC(5) Concurrent Mark
[2020-09-11T12:35:16.792+0000][1][safepoint    ] Safepoint "RevokeBias", Time since last: 16016885 ns, Reaching safepoint: 12092656 ns, At safepoint: 38421 ns, Total: 12131077 ns
[2020-09-11T12:35:16.795+0000][1][safepoint    ] Safepoint "RevokeBias", Time since last: 71948 ns, Reaching safepoint: 3788008 ns, At safepoint: 36037 ns, Total: 3824045 ns
[2020-09-11T12:35:16.796+0000][1][safepoint    ] Safepoint "RevokeBias", Time since last: 44615 ns, Reaching safepoint: 80509 ns, At safepoint: 25083 ns, Total: 105592 ns
[2020-09-11T12:35:16.796+0000][1][safepoint    ] Safepoint "RevokeBias", Time since last: 34586 ns, Reaching safepoint: 81222 ns, At safepoint: 20382 ns, Total: 101604 ns
[2020-09-11T12:35:16.798+0000][1][safepoint    ] Safepoint "RevokeBias", Time since last: 24785 ns, Reaching safepoint: 1749420 ns, At safepoint: 33835 ns, Total: 1783255 ns
[2020-09-11T12:35:16.831+0000][1][gc           ] GC(5) Concurrent Mark 67.424ms
[2020-09-11T12:35:16.831+0000][1][gc,cpu       ] GC(5) User=0.01s Sys=0.00s Real=0.06s
[2020-09-11T12:35:16.831+0000][1][gc           ] GC(5) Concurrent Preclean
[2020-09-11T12:35:16.868+0000][1][gc           ] GC(5) Concurrent Preclean 36.692ms
[2020-09-11T12:35:16.868+0000][1][gc,cpu       ] GC(5) User=0.01s Sys=0.00s Real=0.04s
[2020-09-11T12:35:16.868+0000][1][gc           ] GC(5) Concurrent Abortable Preclean
[2020-09-11T12:35:17.396+0000][1][safepoint    ] Safepoint "Deoptimize", Time since last: 597878847 ns, Reaching safepoint: 114346 ns, At safepoint: 207068 ns, Total: 321414 ns
[2020-09-11T12:35:17.461+0000][1][safepoint    ] Safepoint "CollectForMetadataAllocation", Time since last: 64705336 ns, Reaching safepoint: 41103 ns, At safepoint: 65290 ns, Total: 106393 ns
[2020-09-11T12:35:17.480+0000][1][safepoint    ] Safepoint "RevokeBias", Time since last: 18866176 ns, Reaching safepoint: 101691 ns, At safepoint: 35617 ns, Total: 137308 ns
[2020-09-11T12:35:17.616+0000][1][safepoint    ] Safepoint "RevokeBias", Time since last: 135850270 ns, Reaching safepoint: 102008 ns, At safepoint: 39794 ns, Total: 141802 ns
[2020-09-11T12:35:17.672+0000][1][safepoint    ] Safepoint "RevokeBias", Time since last: 55877636 ns, Reaching safepoint: 102003 ns, At safepoint: 39988 ns, Total: 141991 ns
[2020-09-11T12:35:17.724+0000][1][safepoint    ] Safepoint "RevokeBias", Time since last: 51935532 ns, Reaching safepoint: 42775 ns, At safepoint: 29040 ns, Total: 71815 ns
[2020-09-11T12:35:17.742+0000][1][safepoint    ] Safepoint "RevokeBias", Time since last: 18244768 ns, Reaching safepoint: 103444 ns, At safepoint: 38865 ns, Total: 142309 ns
[2020-09-11T12:35:17.766+0000][1][safepoint    ] Safepoint "RevokeBias", Time since last: 24076587 ns, Reaching safepoint: 100652 ns, At safepoint: 31346 ns, Total: 131998 ns
[2020-09-11T12:35:17.815+0000][1][safepoint    ] Safepoint "RevokeBias", Time since last: 33230584 ns, Reaching safepoint: 15111000 ns, At safepoint: 37540 ns, Total: 15148540 ns
[2020-09-11T12:35:17.876+0000][1][safepoint    ] Safepoint "RevokeBias", Time since last: 60905231 ns, Reaching safepoint: 98587 ns, At safepoint: 33434 ns, Total: 132021 ns
[2020-09-11T12:35:17.916+0000][1][safepoint    ] Safepoint "RevokeBias", Time since last: 39824278 ns, Reaching safepoint: 54481 ns, At safepoint: 37095 ns, Total: 91576 ns
[2020-09-11T12:35:17.950+0000][1][safepoint    ] Safepoint "Deoptimize", Time since last: 31573724 ns, Reaching safepoint: 116907 ns, At safepoint: 2339346 ns, Total: 2456253 ns
[2020-09-11T12:35:18.220+0000][1][gc,start     ] GC(6) Pause Young (Allocation Failure)
[2020-09-11T12:35:18.220+0000][1][gc,task      ] GC(6) Using 1 workers of 1 for evacuation
[2020-09-11T12:35:18.281+0000][1][gc,age       ] GC(6) Desired survivor size 4358144 bytes, new threshold 6 (max threshold 6)
[2020-09-11T12:35:18.281+0000][1][gc,age       ] GC(6) Age table with threshold 6 (max threshold 6)
[2020-09-11T12:35:18.281+0000][1][gc,age       ] GC(6) - age   1:    2313752 bytes,    2313752 total
[2020-09-11T12:35:18.281+0000][1][gc,age       ] GC(6) - age   2:    1254552 bytes,    3568304 total
[2020-09-11T12:35:18.281+0000][1][gc,age       ] GC(6) - age   3:     321848 bytes,    3890152 total
[2020-09-11T12:35:18.281+0000][1][gc,age       ] GC(6) - age   4:     397536 bytes,    4287688 total
[2020-09-11T12:35:18.281+0000][1][gc,heap      ] GC(6) ParNew: 73148K->4307K(76672K)
[2020-09-11T12:35:18.281+0000][1][gc,heap      ] GC(6) CMS: 10628K->10628K(439104K)
[2020-09-11T12:35:18.281+0000][1][gc,metaspace ] GC(6) Metaspace: 21071K->21071K(1069056K)
[2020-09-11T12:35:18.281+0000][1][gc           ] GC(6) Pause Young (Allocation Failure) 81M->14M(503M) 61.665ms
[2020-09-11T12:35:18.281+0000][1][gc,cpu       ] GC(6) User=0.01s Sys=0.00s Real=0.06s
[2020-09-11T12:35:18.315+0000][1][safepoint    ] Safepoint "GenCollectForAllocation", Time since last: 269895327 ns, Reaching safepoint: 112868 ns, At safepoint: 94942370 ns, Total: 95055238 ns
[2020-09-11T12:35:18.360+0000][1][safepoint    ] Safepoint "RevokeBias", Time since last: 16936715 ns, Reaching safepoint: 28119834 ns, At safepoint: 80653 ns, Total: 28200487 ns
[2020-09-11T12:35:18.360+0000][1][safepoint    ] Safepoint "RevokeBias", Time since last: 65749 ns, Reaching safepoint: 81503 ns, At safepoint: 17384 ns, Total: 98887 ns
[2020-09-11T12:35:18.360+0000][1][safepoint    ] Safepoint "RevokeBias", Time since last: 41172 ns, Reaching safepoint: 81082 ns, At safepoint: 24198 ns, Total: 105280 ns
[2020-09-11T12:35:18.360+0000][1][safepoint    ] Safepoint "RevokeBias", Time since last: 27013 ns, Reaching safepoint: 79996 ns, At safepoint: 22302 ns, Total: 102298 ns
[2020-09-11T12:35:18.360+0000][1][safepoint    ] Safepoint "RevokeBias", Time since last: 31105 ns, Reaching safepoint: 88239 ns, At safepoint: 21083 ns, Total: 109322 ns
[2020-09-11T12:35:18.360+0000][1][safepoint    ] Safepoint "RevokeBias", Time since last: 24506 ns, Reaching safepoint: 76707 ns, At safepoint: 19833 ns, Total: 96540 ns
[2020-09-11T12:35:18.508+0000][1][safepoint    ] Safepoint "RevokeBias", Time since last: 131071014 ns, Reaching safepoint: 16064635 ns, At safepoint: 76292 ns, Total: 16140927 ns
[2020-09-11T12:35:18.559+0000][1][safepoint    ] Safepoint "RevokeBias", Time since last: 50961859 ns, Reaching safepoint: 921030 ns, At safepoint: 29443 ns, Total: 950473 ns
[2020-09-11T12:35:18.620+0000][1][safepoint    ] Safepoint "RevokeBias", Time since last: 43583574 ns, Reaching safepoint: 16413046 ns, At safepoint: 55895 ns, Total: 16468941 ns
[2020-09-11T12:35:19.026+0000][1][safepoint    ] Safepoint "RevokeBias", Time since last: 406344644 ns, Reaching safepoint: 52479 ns, At safepoint: 29738 ns, Total: 82217 ns
[2020-09-11T12:35:19.032+0000][1][safepoint    ] Safepoint "RevokeBias", Time since last: 5683983 ns, Reaching safepoint: 97247 ns, At safepoint: 30292 ns, Total: 127539 ns
[2020-09-11T12:35:19.032+0000][1][gc           ] GC(5) Concurrent Abortable Preclean 2164.036ms
[2020-09-11T12:35:19.032+0000][1][gc,cpu       ] GC(5) User=0.54s Sys=0.00s Real=2.16s
[2020-09-11T12:35:19.032+0000][1][gc,start     ] GC(5) Pause Remark
[2020-09-11T12:35:19.178+0000][1][gc           ] GC(5) Pause Remark 64M->64M(503M) 145.748ms
[2020-09-11T12:35:19.178+0000][1][gc,cpu       ] GC(5) User=0.04s Sys=0.00s Real=0.15s
[2020-09-11T12:35:19.219+0000][1][safepoint    ] Safepoint "CMS_Final_Remark", Time since last: 75242 ns, Reaching safepoint: 8038 ns, At safepoint: 187581292 ns, Total: 187589330 ns
[2020-09-11T12:35:19.219+0000][1][gc           ] GC(5) Concurrent Sweep
[2020-09-11T12:35:19.222+0000][1][gc           ] GC(5) Concurrent Sweep 2.674ms
[2020-09-11T12:35:19.222+0000][1][gc,cpu       ] GC(5) User=0.00s Sys=0.00s Real=0.00s
[2020-09-11T12:35:19.222+0000][1][gc           ] GC(5) Concurrent Reset
[2020-09-11T12:35:19.236+0000][1][gc           ] GC(5) Concurrent Reset 13.346ms
[2020-09-11T12:35:19.236+0000][1][gc,cpu       ] GC(5) User=0.00s Sys=0.00s Real=0.02s
[2020-09-11T12:35:19.236+0000][1][gc,heap      ] GC(5) Old: 10628K->10628K(439104K)
[2020-09-11T12:35:19.436+0000][1][gc,start     ] GC(7) Pause Young (Allocation Failure)
[2020-09-11T12:35:19.436+0000][1][gc,task      ] GC(7) Using 1 workers of 1 for evacuation
[2020-09-11T12:35:19.481+0000][1][gc,age       ] GC(7) Desired survivor size 4358144 bytes, new threshold 5 (max threshold 6)
[2020-09-11T12:35:19.481+0000][1][gc,age       ] GC(7) Age table with threshold 5 (max threshold 6)
[2020-09-11T12:35:19.481+0000][1][gc,age       ] GC(7) - age   1:     947264 bytes,     947264 total
[2020-09-11T12:35:19.481+0000][1][gc,age       ] GC(7) - age   2:    1525808 bytes,    2473072 total
[2020-09-11T12:35:19.481+0000][1][gc,age       ] GC(7) - age   3:    1253240 bytes,    3726312 total
[2020-09-11T12:35:19.481+0000][1][gc,age       ] GC(7) - age   4:     321848 bytes,    4048160 total
[2020-09-11T12:35:19.481+0000][1][gc,age       ] GC(7) - age   5:     397096 bytes,    4445256 total
[2020-09-11T12:35:19.481+0000][1][gc,heap      ] GC(7) ParNew: 72467K->7357K(76672K)
[2020-09-11T12:35:19.481+0000][1][gc,heap      ] GC(7) CMS: 10628K->10628K(439104K)
[2020-09-11T12:35:19.481+0000][1][gc,metaspace ] GC(7) Metaspace: 21166K->21166K(1069056K)
[2020-09-11T12:35:19.481+0000][1][gc           ] GC(7) Pause Young (Allocation Failure) 81M->17M(503M) 45.399ms
[2020-09-11T12:35:19.481+0000][1][gc,cpu       ] GC(7) User=0.01s Sys=0.00s Real=0.04s
[2020-09-11T12:35:19.504+0000][1][safepoint    ] Safepoint "GenCollectForAllocation", Time since last: 216002294 ns, Reaching safepoint: 396499 ns, At safepoint: 67682267 ns, Total: 68078766 ns
[2020-09-11T12:35:19.520+0000][1][safepoint    ] Safepoint "RevokeBias", Time since last: 15989741 ns, Reaching safepoint: 96382 ns, At safepoint: 25084 ns, Total: 121466 ns
[2020-09-11T12:35:19.520+0000][1][safepoint    ] Safepoint "RevokeBias", Time since last: 54291 ns, Reaching safepoint: 76274 ns, At safepoint: 11170 ns, Total: 87444 ns
[2020-09-11T12:35:19.520+0000][1][safepoint    ] Safepoint "RevokeBias", Time since last: 36873 ns, Reaching safepoint: 75992 ns, At safepoint: 10912 ns, Total: 86904 ns
[2020-09-11T12:35:19.520+0000][1][safepoint    ] Safepoint "RevokeBias", Time since last: 26319 ns, Reaching safepoint: 75984 ns, At safepoint: 15901 ns, Total: 91885 ns
[2020-09-11T12:35:19.584+0000][1][safepoint    ] Safepoint "RevokeBias", Time since last: 63425316 ns, Reaching safepoint: 101466 ns, At safepoint: 38154 ns, Total: 139620 ns
[2020-09-11T12:35:19.596+0000][1][safepoint    ] Safepoint "RevokeBias", Time since last: 11887049 ns, Reaching safepoint: 99803 ns, At safepoint: 37354 ns, Total: 137157 ns
[2020-09-11T12:35:19.956+0000][1][safepoint    ] Safepoint "RevokeBias", Time since last: 359852718 ns, Reaching safepoint: 99720 ns, At safepoint: 38021 ns, Total: 137741 ns
[2020-09-11T12:35:19.996+0000][1][safepoint    ] Safepoint "RevokeBias", Time since last: 40652938 ns, Reaching safepoint: 91999 ns, At safepoint: 61849 ns, Total: 153848 ns
[2020-09-11T12:35:20.293+0000][1][gc,start     ] GC(8) Pause Young (Allocation Failure)
[2020-09-11T12:35:20.293+0000][1][gc,task      ] GC(8) Using 1 workers of 1 for evacuation
[2020-09-11T12:35:20.374+0000][1][gc,age       ] GC(8) Desired survivor size 4358144 bytes, new threshold 4 (max threshold 6)
[2020-09-11T12:35:20.374+0000][1][gc,age       ] GC(8) Age table with threshold 4 (max threshold 6)
[2020-09-11T12:35:20.374+0000][1][gc,age       ] GC(8) - age   1:    2130432 bytes,    2130432 total
[2020-09-11T12:35:20.374+0000][1][gc,age       ] GC(8) - age   2:     446320 bytes,    2576752 total
[2020-09-11T12:35:20.374+0000][1][gc,age       ] GC(8) - age   3:    1523872 bytes,    4100624 total
[2020-09-11T12:35:20.374+0000][1][gc,age       ] GC(8) - age   4:    1252584 bytes,    5353208 total
[2020-09-11T12:35:20.374+0000][1][gc,age       ] GC(8) - age   5:     321848 bytes,    5675056 total
[2020-09-11T12:35:20.374+0000][1][gc,heap      ] GC(8) ParNew: 75517K->7642K(76672K)
[2020-09-11T12:35:20.374+0000][1][gc,heap      ] GC(8) CMS: 10628K->11018K(439104K)
[2020-09-11T12:35:20.374+0000][1][gc,metaspace ] GC(8) Metaspace: 21346K->21346K(1069056K)
[2020-09-11T12:35:20.374+0000][1][gc           ] GC(8) Pause Young (Allocation Failure) 84M->18M(503M) 81.087ms
[2020-09-11T12:35:20.374+0000][1][gc,cpu       ] GC(8) User=0.02s Sys=0.00s Real=0.08s
[2020-09-11T12:35:20.374+0000][1][safepoint    ] Safepoint "GenCollectForAllocation", Time since last: 296770234 ns, Reaching safepoint: 99117 ns, At safepoint: 81141088 ns, Total: 81240205 ns
[2020-09-11T12:35:20.400+0000][1][safepoint    ] Safepoint "RevokeBias", Time since last: 25039813 ns, Reaching safepoint: 109413 ns, At safepoint: 51250 ns, Total: 160663 ns
[2020-09-11T12:35:20.400+0000][1][safepoint    ] Safepoint "RevokeBias", Time since last: 61238 ns, Reaching safepoint: 80160 ns, At safepoint: 33018 ns, Total: 113178 ns
[2020-09-11T12:35:20.400+0000][1][safepoint    ] Safepoint "RevokeBias", Time since last: 42739 ns, Reaching safepoint: 79347 ns, At safepoint: 30784 ns, Total: 110131 ns
[2020-09-11T12:35:20.400+0000][1][safepoint    ] Safepoint "RevokeBias", Time since last: 27004 ns, Reaching safepoint: 77717 ns, At safepoint: 30330 ns, Total: 108047 ns
[2020-09-11T12:35:20.400+0000][1][safepoint    ] Safepoint "RevokeBias", Time since last: 318602 ns, Reaching safepoint: 78712 ns, At safepoint: 22095 ns, Total: 100807 ns
[2020-09-11T12:35:20.451+0000][1][safepoint    ] Safepoint "RevokeBias", Time since last: 50145652 ns, Reaching safepoint: 103154 ns, At safepoint: 87652 ns, Total: 190806 ns
[2020-09-11T12:35:20.475+0000][1][safepoint    ] Safepoint "RevokeBias", Time since last: 23819594 ns, Reaching safepoint: 91095 ns, At safepoint: 52689 ns, Total: 143784 ns
[2020-09-11T12:35:20.771+0000][1][safepoint    ] Safepoint "RevokeBias", Time since last: 295906375 ns, Reaching safepoint: 101429 ns, At safepoint: 32839 ns, Total: 134268 ns
[2020-09-11T12:35:20.784+0000][1][safepoint    ] Safepoint "RevokeBias", Time since last: 12987257 ns, Reaching safepoint: 97758 ns, At safepoint: 35432 ns, Total: 133190 ns
[2020-09-11T12:35:21.245+0000][1][gc,start     ] GC(9) Pause Young (Allocation Failure)
[2020-09-11T12:35:21.245+0000][1][gc,task      ] GC(9) Using 1 workers of 1 for evacuation
[2020-09-11T12:35:21.278+0000][1][gc,age       ] GC(9) Desired survivor size 4358144 bytes, new threshold 6 (max threshold 6)
[2020-09-11T12:35:21.278+0000][1][gc,age       ] GC(9) Age table with threshold 6 (max threshold 6)
[2020-09-11T12:35:21.278+0000][1][gc,age       ] GC(9) - age   1:     377176 bytes,     377176 total
[2020-09-11T12:35:21.278+0000][1][gc,age       ] GC(9) - age   2:     828976 bytes,    1206152 total
[2020-09-11T12:35:21.278+0000][1][gc,age       ] GC(9) - age   3:     446240 bytes,    1652392 total
[2020-09-11T12:35:21.278+0000][1][gc,age       ] GC(9) - age   4:    1523872 bytes,    3176264 total
[2020-09-11T12:35:21.278+0000][1][gc,heap      ] GC(9) ParNew: 75802K->4793K(76672K)
[2020-09-11T12:35:21.278+0000][1][gc,heap      ] GC(9) CMS: 11018K->12574K(439104K)
[2020-09-11T12:35:21.278+0000][1][gc,metaspace ] GC(9) Metaspace: 21464K->21464K(1069056K)
[2020-09-11T12:35:21.278+0000][1][gc           ] GC(9) Pause Young (Allocation Failure) 84M->16M(503M) 32.674ms
[2020-09-11T12:35:21.278+0000][1][gc,cpu       ] GC(9) User=0.01s Sys=0.00s Real=0.03s
[2020-09-11T12:35:21.301+0000][1][safepoint    ] Safepoint "GenCollectForAllocation", Time since last: 461068319 ns, Reaching safepoint: 119716 ns, At safepoint: 55925625 ns, Total: 56045341 ns
[2020-09-11T12:35:21.318+0000][1][safepoint    ] Safepoint "RevokeBias", Time since last: 16658642 ns, Reaching safepoint: 108078 ns, At safepoint: 49698 ns, Total: 157776 ns
[2020-09-11T12:35:21.318+0000][1][safepoint    ] Safepoint "RevokeBias", Time since last: 54064 ns, Reaching safepoint: 88248 ns, At safepoint: 37906 ns, Total: 126154 ns
[2020-09-11T12:35:21.319+0000][1][safepoint    ] Safepoint "RevokeBias", Time since last: 45856 ns, Reaching safepoint: 1331896 ns, At safepoint: 43624 ns, Total: 1375520 ns
[2020-09-11T12:35:21.320+0000][1][safepoint    ] Safepoint "RevokeBias", Time since last: 35539 ns, Reaching safepoint: 81105 ns, At safepoint: 36185 ns, Total: 117290 ns
[2020-09-11T12:35:21.320+0000][1][safepoint    ] Safepoint "RevokeBias", Time since last: 31978 ns, Reaching safepoint: 111592 ns, At safepoint: 29234 ns, Total: 140826 ns
[2020-09-11T12:35:21.320+0000][1][safepoint    ] Safepoint "RevokeBias", Time since last: 24066 ns, Reaching safepoint: 80252 ns, At safepoint: 34223 ns, Total: 114475 ns
[2020-09-11T12:35:21.504+0000][1][safepoint    ] Safepoint "RevokeBias", Time since last: 183486652 ns, Reaching safepoint: 124189 ns, At safepoint: 20597 ns, Total: 144786 ns
[2020-09-11T12:35:21.504+0000][1][safepoint    ] Safepoint "RevokeBias", Time since last: 543007 ns, Reaching safepoint: 13618 ns, At safepoint: 9523 ns, Total: 23141 ns
[2020-09-11T12:35:22.016+0000][1][gc,start     ] GC(10) Pause Young (Allocation Failure)
[2020-09-11T12:35:22.016+0000][1][gc,task      ] GC(10) Using 1 workers of 1 for evacuation
[2020-09-11T12:35:22.038+0000][1][gc,age       ] GC(10) Desired survivor size 4358144 bytes, new threshold 6 (max threshold 6)
[2020-09-11T12:35:22.038+0000][1][gc,age       ] GC(10) Age table with threshold 6 (max threshold 6)
[2020-09-11T12:35:22.038+0000][1][gc,age       ] GC(10) - age   1:     679688 bytes,     679688 total
[2020-09-11T12:35:22.038+0000][1][gc,age       ] GC(10) - age   2:     147648 bytes,     827336 total
[2020-09-11T12:35:22.038+0000][1][gc,age       ] GC(10) - age   3:     828976 bytes,    1656312 total
[2020-09-11T12:35:22.038+0000][1][gc,age       ] GC(10) - age   4:     446216 bytes,    2102528 total
[2020-09-11T12:35:22.038+0000][1][gc,age       ] GC(10) - age   5:    1523872 bytes,    3626400 total
[2020-09-11T12:35:22.038+0000][1][gc,heap      ] GC(10) ParNew: 72953K->7049K(76672K)
[2020-09-11T12:35:22.038+0000][1][gc,heap      ] GC(10) CMS: 12574K->12574K(439104K)
[2020-09-11T12:35:22.038+0000][1][gc,metaspace ] GC(10) Metaspace: 21600K->21600K(1069056K)
[2020-09-11T12:35:22.038+0000][1][gc           ] GC(10) Pause Young (Allocation Failure) 83M->19M(503M) 22.721ms
[2020-09-11T12:35:22.038+0000][1][gc,cpu       ] GC(10) User=0.01s Sys=0.00s Real=0.02s
[2020-09-11T12:35:22.065+0000][1][safepoint    ] Safepoint "GenCollectForAllocation", Time since last: 511329469 ns, Reaching safepoint: 121066 ns, At safepoint: 49486494 ns, Total: 49607560 ns
[2020-09-11T12:35:22.100+0000][1][safepoint    ] Safepoint "BulkRevokeBias", Time since last: 30365224 ns, Reaching safepoint: 4005201 ns, At safepoint: 83832 ns, Total: 4089033 ns
[2020-09-11T12:35:22.104+0000][1][safepoint    ] Safepoint "BulkRevokeBias", Time since last: 65188 ns, Reaching safepoint: 3870322 ns, At safepoint: 93803 ns, Total: 3964125 ns
[2020-09-11T12:35:23.105+0000][1][safepoint    ] Safepoint "Cleanup", Time since last: 1001668701 ns, Reaching safepoint: 117563 ns, At safepoint: 5800 ns, Total: 123363 ns
[2020-09-11T12:35:23.140+0000][1][gc,start     ] GC(11) Pause Young (Allocation Failure)
[2020-09-11T12:35:23.140+0000][1][gc,task      ] GC(11) Using 1 workers of 1 for evacuation
[2020-09-11T12:35:23.214+0000][1][gc,age       ] GC(11) Desired survivor size 4358144 bytes, new threshold 6 (max threshold 6)
[2020-09-11T12:35:23.214+0000][1][gc,age       ] GC(11) Age table with threshold 6 (max threshold 6)
[2020-09-11T12:35:23.214+0000][1][gc,age       ] GC(11) - age   1:    2434000 bytes,    2434000 total
[2020-09-11T12:35:23.214+0000][1][gc,age       ] GC(11) - age   2:     404264 bytes,    2838264 total
[2020-09-11T12:35:23.214+0000][1][gc,age       ] GC(11) - age   3:     147648 bytes,    2985912 total
[2020-09-11T12:35:23.214+0000][1][gc,age       ] GC(11) - age   4:     828976 bytes,    3814888 total
[2020-09-11T12:35:23.214+0000][1][gc,age       ] GC(11) - age   5:     446216 bytes,    4261104 total
[2020-09-11T12:35:23.214+0000][1][gc,age       ] GC(11) - age   6:    1523560 bytes,    5784664 total
[2020-09-11T12:35:23.214+0000][1][gc,heap      ] GC(11) ParNew: 75209K->6627K(76672K)
[2020-09-11T12:35:23.214+0000][1][gc,heap      ] GC(11) CMS: 12574K->12574K(439104K)
[2020-09-11T12:35:23.214+0000][1][gc,metaspace ] GC(11) Metaspace: 22504K->22504K(1071104K)
[2020-09-11T12:35:23.214+0000][1][gc           ] GC(11) Pause Young (Allocation Failure) 85M->18M(503M) 74.641ms
[2020-09-11T12:35:23.214+0000][1][gc,cpu       ] GC(11) User=0.02s Sys=0.00s Real=0.07s
[2020-09-11T12:35:23.226+0000][1][safepoint    ] Safepoint "GenCollectForAllocation", Time since last: 34085775 ns, Reaching safepoint: 102685 ns, At safepoint: 86176034 ns, Total: 86278719 ns
[2020-09-11T12:35:23.848+0000][1][gc,start     ] GC(12) Pause Young (Allocation Failure)
[2020-09-11T12:35:23.848+0000][1][gc,task      ] GC(12) Using 1 workers of 1 for evacuation
[2020-09-11T12:35:23.918+0000][1][gc,age       ] GC(12) Desired survivor size 4358144 bytes, new threshold 6 (max threshold 6)
[2020-09-11T12:35:23.918+0000][1][gc,age       ] GC(12) Age table with threshold 6 (max threshold 6)
[2020-09-11T12:35:23.918+0000][1][gc,age       ] GC(12) - age   1:    1004616 bytes,    1004616 total
[2020-09-11T12:35:23.918+0000][1][gc,age       ] GC(12) - age   2:     544184 bytes,    1548800 total
[2020-09-11T12:35:23.918+0000][1][gc,age       ] GC(12) - age   3:     404264 bytes,    1953064 total
[2020-09-11T12:35:23.918+0000][1][gc,age       ] GC(12) - age   4:     147544 bytes,    2100608 total
[2020-09-11T12:35:23.918+0000][1][gc,age       ] GC(12) - age   5:     828832 bytes,    2929440 total
[2020-09-11T12:35:23.918+0000][1][gc,age       ] GC(12) - age   6:     446072 bytes,    3375512 total
[2020-09-11T12:35:23.918+0000][1][gc,heap      ] GC(12) ParNew: 74787K->4789K(76672K)
[2020-09-11T12:35:23.918+0000][1][gc,heap      ] GC(12) CMS: 12574K->14074K(439104K)
[2020-09-11T12:35:23.918+0000][1][gc,metaspace ] GC(12) Metaspace: 22532K->22532K(1071104K)
[2020-09-11T12:35:23.918+0000][1][gc           ] GC(12) Pause Young (Allocation Failure) 85M->18M(503M) 70.861ms
[2020-09-11T12:35:23.918+0000][1][gc,cpu       ] GC(12) User=0.02s Sys=0.00s Real=0.07s
[2020-09-11T12:35:23.943+0000][1][safepoint    ] Safepoint "GenCollectForAllocation", Time since last: 621719104 ns, Reaching safepoint: 112493 ns, At safepoint: 95902943 ns, Total: 96015436 ns
[2020-09-11T12:35:24.532+0000][1][gc,start     ] GC(13) Pause Young (Allocation Failure)
[2020-09-11T12:35:24.532+0000][1][gc,task      ] GC(13) Using 1 workers of 1 for evacuation
[2020-09-11T12:35:24.553+0000][1][gc,age       ] GC(13) Desired survivor size 4358144 bytes, new threshold 6 (max threshold 6)
[2020-09-11T12:35:24.553+0000][1][gc,age       ] GC(13) Age table with threshold 6 (max threshold 6)
[2020-09-11T12:35:24.553+0000][1][gc,age       ] GC(13) - age   1:     129424 bytes,     129424 total
[2020-09-11T12:35:24.553+0000][1][gc,age       ] GC(13) - age   2:     203488 bytes,     332912 total
[2020-09-11T12:35:24.553+0000][1][gc,age       ] GC(13) - age   3:     544072 bytes,     876984 total
[2020-09-11T12:35:24.553+0000][1][gc,age       ] GC(13) - age   4:     404264 bytes,    1281248 total
[2020-09-11T12:35:24.553+0000][1][gc,age       ] GC(13) - age   5:     147544 bytes,    1428792 total
[2020-09-11T12:35:24.553+0000][1][gc,age       ] GC(13) - age   6:     828832 bytes,    2257624 total
[2020-09-11T12:35:24.553+0000][1][gc,heap      ] GC(13) ParNew: 72949K->3669K(76672K)
[2020-09-11T12:35:24.553+0000][1][gc,heap      ] GC(13) CMS: 14074K->14513K(439104K)
[2020-09-11T12:35:24.553+0000][1][gc,metaspace ] GC(13) Metaspace: 22634K->22634K(1071104K)
[2020-09-11T12:35:24.553+0000][1][gc           ] GC(13) Pause Young (Allocation Failure) 84M->17M(503M) 21.584ms
[2020-09-11T12:35:24.553+0000][1][gc,cpu       ] GC(13) User=0.01s Sys=0.00s Real=0.02s
[2020-09-11T12:35:24.563+0000][1][safepoint    ] Safepoint "GenCollectForAllocation", Time since last: 588009698 ns, Reaching safepoint: 111426 ns, At safepoint: 31207815 ns, Total: 31319241 ns
[2020-09-11T12:35:25.234+0000][1][gc,start     ] GC(14) Pause Young (Allocation Failure)
[2020-09-11T12:35:25.234+0000][1][gc,task      ] GC(14) Using 1 workers of 1 for evacuation
[2020-09-11T12:35:25.258+0000][1][gc,age       ] GC(14) Desired survivor size 4358144 bytes, new threshold 6 (max threshold 6)
[2020-09-11T12:35:25.258+0000][1][gc,age       ] GC(14) Age table with threshold 6 (max threshold 6)
[2020-09-11T12:35:25.258+0000][1][gc,age       ] GC(14) - age   1:    1073720 bytes,    1073720 total
[2020-09-11T12:35:25.258+0000][1][gc,age       ] GC(14) - age   2:     110984 bytes,    1184704 total
[2020-09-11T12:35:25.259+0000][1][gc,age       ] GC(14) - age   3:     203488 bytes,    1388192 total
[2020-09-11T12:35:25.259+0000][1][gc,age       ] GC(14) - age   4:     544072 bytes,    1932264 total
[2020-09-11T12:35:25.259+0000][1][gc,age       ] GC(14) - age   5:     404264 bytes,    2336528 total
[2020-09-11T12:35:25.259+0000][1][gc,age       ] GC(14) - age   6:     147544 bytes,    2484072 total
[2020-09-11T12:35:25.259+0000][1][gc,heap      ] GC(14) ParNew: 71829K->2570K(76672K)
[2020-09-11T12:35:25.259+0000][1][gc,heap      ] GC(14) CMS: 14513K->15329K(439104K)
[2020-09-11T12:35:25.259+0000][1][gc,metaspace ] GC(14) Metaspace: 22713K->22713K(1071104K)
[2020-09-11T12:35:25.259+0000][1][gc           ] GC(14) Pause Young (Allocation Failure) 84M->17M(503M) 24.638ms
[2020-09-11T12:35:25.259+0000][1][gc,cpu       ] GC(14) User=0.01s Sys=0.00s Real=0.03s
[2020-09-11T12:35:25.287+0000][1][safepoint    ] Safepoint "GenCollectForAllocation", Time since last: 671058922 ns, Reaching safepoint: 104218 ns, At safepoint: 53091576 ns, Total: 53195794 ns
[2020-09-11T12:35:25.971+0000][1][gc,start     ] GC(15) Pause Young (Allocation Failure)
[2020-09-11T12:35:25.972+0000][1][gc,task      ] GC(15) Using 1 workers of 1 for evacuation
[2020-09-11T12:35:25.986+0000][1][gc,age       ] GC(15) Desired survivor size 4358144 bytes, new threshold 6 (max threshold 6)
[2020-09-11T12:35:25.986+0000][1][gc,age       ] GC(15) Age table with threshold 6 (max threshold 6)
[2020-09-11T12:35:25.986+0000][1][gc,age       ] GC(15) - age   1:     939936 bytes,     939936 total
[2020-09-11T12:35:25.986+0000][1][gc,age       ] GC(15) - age   2:     307672 bytes,    1247608 total
[2020-09-11T12:35:25.986+0000][1][gc,age       ] GC(15) - age   3:     110984 bytes,    1358592 total
[2020-09-11T12:35:25.986+0000][1][gc,age       ] GC(15) - age   4:     203488 bytes,    1562080 total
[2020-09-11T12:35:25.986+0000][1][gc,age       ] GC(15) - age   5:     544072 bytes,    2106152 total
[2020-09-11T12:35:25.986+0000][1][gc,age       ] GC(15) - age   6:     404264 bytes,    2510416 total
[2020-09-11T12:35:25.986+0000][1][gc,heap      ] GC(15) ParNew: 70730K->2462K(76672K)
[2020-09-11T12:35:25.986+0000][1][gc,heap      ] GC(15) CMS: 15329K->15478K(439104K)
[2020-09-11T12:35:25.986+0000][1][gc,metaspace ] GC(15) Metaspace: 22800K->22800K(1071104K)
[2020-09-11T12:35:25.986+0000][1][gc           ] GC(15) Pause Young (Allocation Failure) 84M->17M(503M) 14.710ms
[2020-09-11T12:35:25.986+0000][1][gc,cpu       ] GC(15) User=0.01s Sys=0.00s Real=0.02s
[2020-09-11T12:35:26.009+0000][1][safepoint    ] Safepoint "GenCollectForAllocation", Time since last: 674935756 ns, Reaching safepoint: 9488912 ns, At safepoint: 37432648 ns, Total: 46921560 ns
[2020-09-11T12:35:26.552+0000][1][gc,start     ] GC(16) Pause Young (Allocation Failure)
[2020-09-11T12:35:26.552+0000][1][gc,task      ] GC(16) Using 1 workers of 1 for evacuation
[2020-09-11T12:35:26.589+0000][1][gc,age       ] GC(16) Desired survivor size 4358144 bytes, new threshold 6 (max threshold 6)
[2020-09-11T12:35:26.589+0000][1][gc,age       ] GC(16) Age table with threshold 6 (max threshold 6)
[2020-09-11T12:35:26.589+0000][1][gc,age       ] GC(16) - age   1:      93096 bytes,      93096 total
[2020-09-11T12:35:26.589+0000][1][gc,age       ] GC(16) - age   2:     188080 bytes,     281176 total
[2020-09-11T12:35:26.589+0000][1][gc,age       ] GC(16) - age   3:     307672 bytes,     588848 total
[2020-09-11T12:35:26.589+0000][1][gc,age       ] GC(16) - age   4:     110984 bytes,     699832 total
[2020-09-11T12:35:26.589+0000][1][gc,age       ] GC(16) - age   5:     203336 bytes,     903168 total
[2020-09-11T12:35:26.589+0000][1][gc,age       ] GC(16) - age   6:     544072 bytes,    1447240 total
[2020-09-11T12:35:26.589+0000][1][gc,heap      ] GC(16) ParNew: 70622K->2454K(76672K)
[2020-09-11T12:35:26.589+0000][1][gc,heap      ] GC(16) CMS: 15478K->15877K(439104K)
[2020-09-11T12:35:26.589+0000][1][gc,metaspace ] GC(16) Metaspace: 22816K->22816K(1071104K)
[2020-09-11T12:35:26.589+0000][1][gc           ] GC(16) Pause Young (Allocation Failure) 84M->17M(503M) 37.278ms
[2020-09-11T12:35:26.589+0000][1][gc,cpu       ] GC(16) User=0.01s Sys=0.00s Real=0.04s
[2020-09-11T12:35:26.589+0000][1][safepoint    ] Safepoint "GenCollectForAllocation", Time since last: 542494745 ns, Reaching safepoint: 151119 ns, At safepoint: 37337554 ns, Total: 37488673 ns
[2020-09-11T12:35:26.669+0000][1][safepoint    ] Safepoint "Deoptimize", Time since last: 80075985 ns, Reaching safepoint: 114012 ns, At safepoint: 198113 ns, Total: 312125 ns
[2020-09-11T12:35:27.680+0000][1][safepoint    ] Safepoint "Cleanup", Time since last: 1009796166 ns, Reaching safepoint: 860794 ns, At safepoint: 5740 ns, Total: 866534 ns
[2020-09-11T12:35:28.424+0000][1][safepoint    ] Safepoint "RevokeBias", Time since last: 743451241 ns, Reaching safepoint: 200213 ns, At safepoint: 17670 ns, Total: 217883 ns
[2020-09-11T12:35:29.428+0000][1][safepoint    ] Safepoint "Cleanup", Time since last: 1003851717 ns, Reaching safepoint: 145784 ns, At safepoint: 6597 ns, Total: 152381 ns
[2020-09-11T12:35:30.164+0000][1][safepoint    ] Safepoint "Deoptimize", Time since last: 736188902 ns, Reaching safepoint: 105238 ns, At safepoint: 197254 ns, Total: 302492 ns
[2020-09-11T12:35:31.177+0000][1][safepoint    ] Safepoint "Cleanup", Time since last: 1007362178 ns, Reaching safepoint: 5203987 ns, At safepoint: 11067 ns, Total: 5215054 ns
[2020-09-11T12:35:32.189+0000][1][safepoint    ] Safepoint "Cleanup", Time since last: 1010761861 ns, Reaching safepoint: 1817806 ns, At safepoint: 9033 ns, Total: 1826839 ns
[2020-09-11T12:35:33.202+0000][1][safepoint    ] Safepoint "Cleanup", Time since last: 1006166169 ns, Reaching safepoint: 6535797 ns, At safepoint: 13320 ns, Total: 6549117 ns
[2020-09-11T12:35:34.215+0000][1][safepoint    ] Safepoint "Cleanup", Time since last: 1008340719 ns, Reaching safepoint: 5157427 ns, At safepoint: 17841 ns, Total: 5175268 ns
[2020-09-11T12:35:34.296+0000][1][gc,start     ] GC(17) Pause Young (Allocation Failure)
[2020-09-11T12:35:34.296+0000][1][gc,task      ] GC(17) Using 1 workers of 1 for evacuation
[2020-09-11T12:35:34.498+0000][1][gc,age       ] GC(17) Desired survivor size 4358144 bytes, new threshold 1 (max threshold 6)
[2020-09-11T12:35:34.498+0000][1][gc,age       ] GC(17) Age table with threshold 1 (max threshold 6)
[2020-09-11T12:35:34.498+0000][1][gc,age       ] GC(17) - age   1:    7860352 bytes,    7860352 total
[2020-09-11T12:35:34.498+0000][1][gc,age       ] GC(17) - age   2:      72960 bytes,    7933312 total
[2020-09-11T12:35:34.498+0000][1][gc,age       ] GC(17) - age   3:     181232 bytes,    8114544 total
[2020-09-11T12:35:34.498+0000][1][gc,age       ] GC(17) - age   4:     297048 bytes,    8411592 total
[2020-09-11T12:35:34.498+0000][1][gc,age       ] GC(17) - age   5:     104536 bytes,    8516128 total
[2020-09-11T12:35:34.498+0000][1][gc,age       ] GC(17) - age   6:     199904 bytes,    8716032 total
[2020-09-11T12:35:34.498+0000][1][gc,heap      ] GC(17) ParNew: 70614K->8512K(76672K)
[2020-09-11T12:35:34.498+0000][1][gc,heap      ] GC(17) CMS: 15877K->17379K(439104K)
[2020-09-11T12:35:34.498+0000][1][gc,metaspace ] GC(17) Metaspace: 29660K->29660K(1077248K)
[2020-09-11T12:35:34.498+0000][1][gc           ] GC(17) Pause Young (Allocation Failure) 84M->25M(503M) 201.638ms
[2020-09-11T12:35:34.498+0000][1][gc,cpu       ] GC(17) User=0.05s Sys=0.00s Real=0.20s
[2020-09-11T12:35:34.527+0000][1][safepoint    ] Safepoint "GenCollectForAllocation", Time since last: 80685286 ns, Reaching safepoint: 96578 ns, At safepoint: 231166834 ns, Total: 231263412 ns
[2020-09-11T12:35:35.546+0000][1][safepoint    ] Safepoint "Cleanup", Time since last: 1018359930 ns, Reaching safepoint: 103012 ns, At safepoint: 5392 ns, Total: 108404 ns
[2020-09-11T12:35:36.546+0000][1][safepoint    ] Safepoint "Cleanup", Time since last: 1000116463 ns, Reaching safepoint: 114385 ns, At safepoint: 6512 ns, Total: 120897 ns
[2020-09-11T12:35:37.556+0000][1][safepoint    ] Safepoint "Cleanup", Time since last: 1009291958 ns, Reaching safepoint: 116126 ns, At safepoint: 6199 ns, Total: 122325 ns
[2020-09-11T12:35:39.564+0000][1][safepoint    ] Safepoint "Cleanup", Time since last: 2007866522 ns, Reaching safepoint: 116845 ns, At safepoint: 5663 ns, Total: 122508 ns
[2020-09-11T12:35:40.163+0000][1][gc,start     ] GC(18) Pause Young (Allocation Failure)
[2020-09-11T12:35:40.164+0000][1][gc,task      ] GC(18) Using 1 workers of 1 for evacuation
[2020-09-11T12:35:40.346+0000][1][gc,age       ] GC(18) Desired survivor size 4358144 bytes, new threshold 1 (max threshold 6)
[2020-09-11T12:35:40.346+0000][1][gc,age       ] GC(18) Age table with threshold 1 (max threshold 6)
[2020-09-11T12:35:40.346+0000][1][gc,age       ] GC(18) - age   1:    8072864 bytes,    8072864 total
[2020-09-11T12:35:40.346+0000][1][gc,heap      ] GC(18) ParNew: 76672K->8512K(76672K)
[2020-09-11T12:35:40.346+0000][1][gc,heap      ] GC(18) CMS: 17379K->26414K(439104K)
[2020-09-11T12:35:40.346+0000][1][gc,metaspace ] GC(18) Metaspace: 29818K->29818K(1077248K)
[2020-09-11T12:35:40.346+0000][1][gc           ] GC(18) Pause Young (Allocation Failure) 91M->34M(503M) 182.937ms
[2020-09-11T12:35:40.346+0000][1][gc,cpu       ] GC(18) User=0.05s Sys=0.00s Real=0.18s
[2020-09-11T12:35:40.375+0000][1][safepoint    ] Safepoint "GenCollectForAllocation", Time since last: 593178069 ns, Reaching safepoint: 6719399 ns, At safepoint: 211985897 ns, Total: 218705296 ns
[2020-09-11T12:35:41.431+0000][1][safepoint    ] Safepoint "Cleanup", Time since last: 1031988287 ns, Reaching safepoint: 24037214 ns, At safepoint: 17206 ns, Total: 24054420 ns
[2020-09-11T12:35:42.436+0000][1][safepoint    ] Safepoint "Cleanup", Time since last: 1004034297 ns, Reaching safepoint: 105919 ns, At safepoint: 6858 ns, Total: 112777 ns
[2020-09-11T12:35:44.439+0000][1][safepoint    ] Safepoint "Cleanup", Time since last: 2000174472 ns, Reaching safepoint: 3664289 ns, At safepoint: 12705 ns, Total: 3676994 ns
[2020-09-11T12:35:45.363+0000][1][gc,start     ] GC(19) Pause Young (Allocation Failure)
[2020-09-11T12:35:45.364+0000][1][gc,task      ] GC(19) Using 1 workers of 1 for evacuation
[2020-09-11T12:35:45.539+0000][1][gc,age       ] GC(19) Desired survivor size 4358144 bytes, new threshold 1 (max threshold 6)
[2020-09-11T12:35:45.539+0000][1][gc,age       ] GC(19) Age table with threshold 1 (max threshold 6)
[2020-09-11T12:35:45.539+0000][1][gc,age       ] GC(19) - age   1:    8286248 bytes,    8286248 total
[2020-09-11T12:35:45.539+0000][1][gc,heap      ] GC(19) ParNew: 76672K->8512K(76672K)
[2020-09-11T12:35:45.539+0000][1][gc,heap      ] GC(19) CMS: 26414K->34332K(439104K)
[2020-09-11T12:35:45.539+0000][1][gc,metaspace ] GC(19) Metaspace: 29845K->29845K(1077248K)
[2020-09-11T12:35:45.539+0000][1][gc           ] GC(19) Pause Young (Allocation Failure) 100M->41M(503M) 175.902ms
[2020-09-11T12:35:45.551+0000][1][gc,cpu       ] GC(19) User=0.04s Sys=0.01s Real=0.17s
[2020-09-11T12:35:45.552+0000][1][safepoint    ] Safepoint "GenCollectForAllocation", Time since last: 919966742 ns, Reaching safepoint: 4021221 ns, At safepoint: 188073047 ns, Total: 192094268 ns
[2020-09-11T12:35:46.596+0000][1][safepoint    ] Safepoint "Cleanup", Time since last: 1043899513 ns, Reaching safepoint: 109615 ns, At safepoint: 5630 ns, Total: 115245 ns
[2020-09-11T12:35:47.605+0000][1][safepoint    ] Safepoint "Cleanup", Time since last: 1003874935 ns, Reaching safepoint: 5111459 ns, At safepoint: 9526 ns, Total: 5120985 ns
[2020-09-11T12:35:48.626+0000][1][safepoint    ] Safepoint "Cleanup", Time since last: 1004202021 ns, Reaching safepoint: 16845056 ns, At safepoint: 10695 ns, Total: 16855751 ns
[2020-09-11T12:35:49.626+0000][1][safepoint    ] Safepoint "Cleanup", Time since last: 1000121628 ns, Reaching safepoint: 104523 ns, At safepoint: 6092 ns, Total: 110615 ns
[2020-09-11T12:35:49.691+0000][1][gc,start     ] GC(20) Pause Young (Allocation Failure)
[2020-09-11T12:35:49.691+0000][1][gc,task      ] GC(20) Using 1 workers of 1 for evacuation
[2020-09-11T12:35:49.816+0000][1][gc,age       ] GC(20) Desired survivor size 4358144 bytes, new threshold 6 (max threshold 6)
[2020-09-11T12:35:49.816+0000][1][gc,age       ] GC(20) Age table with threshold 6 (max threshold 6)
[2020-09-11T12:35:49.816+0000][1][gc,age       ] GC(20) - age   1:    3711408 bytes,    3711408 total
[2020-09-11T12:35:49.816+0000][1][gc,heap      ] GC(20) ParNew: 76672K->7964K(76672K)
[2020-09-11T12:35:49.816+0000][1][gc,heap      ] GC(20) CMS: 34332K->41926K(439104K)
[2020-09-11T12:35:49.816+0000][1][gc,metaspace ] GC(20) Metaspace: 32065K->32065K(1079296K)
[2020-09-11T12:35:49.817+0000][1][gc           ] GC(20) Pause Young (Allocation Failure) 108M->48M(503M) 125.524ms
[2020-09-11T12:35:49.817+0000][1][gc,cpu       ] GC(20) User=0.03s Sys=0.00s Real=0.13s
[2020-09-11T12:35:49.839+0000][1][safepoint    ] Safepoint "GenCollectForAllocation", Time since last: 65041771 ns, Reaching safepoint: 101706 ns, At safepoint: 148465443 ns, Total: 148567149 ns
[2020-09-11T12:35:50.268+0000][1][safepoint    ] Safepoint "Deoptimize", Time since last: 428015669 ns, Reaching safepoint: 123479 ns, At safepoint: 263202 ns, Total: 386681 ns
[2020-09-11T12:35:51.272+0000][1][safepoint    ] Safepoint "Cleanup", Time since last: 1003579525 ns, Reaching safepoint: 723734 ns, At safepoint: 8235 ns, Total: 731969 ns
[2020-09-11T12:35:52.280+0000][1][safepoint    ] Safepoint "Cleanup", Time since last: 1007255330 ns, Reaching safepoint: 114481 ns, At safepoint: 6612 ns, Total: 121093 ns
[2020-09-11T12:35:53.288+0000][1][safepoint    ] Safepoint "Cleanup", Time since last: 1007912128 ns, Reaching safepoint: 359009 ns, At safepoint: 5966 ns, Total: 364975 ns
[2020-09-11T12:35:53.289+0000][1][safepoint    ] Safepoint "Deoptimize", Time since last: 624827 ns, Reaching safepoint: 77945 ns, At safepoint: 254301 ns, Total: 332246 ns
[2020-09-11T12:35:54.292+0000][1][safepoint    ] Safepoint "Cleanup", Time since last: 1002664758 ns, Reaching safepoint: 330495 ns, At safepoint: 5691 ns, Total: 336186 ns
[2020-09-11T12:35:54.479+0000][1][gc,start     ] GC(21) Pause Young (Allocation Failure)
[2020-09-11T12:35:54.479+0000][1][gc,task      ] GC(21) Using 1 workers of 1 for evacuation
[2020-09-11T12:35:54.542+0000][1][gc,age       ] GC(21) Desired survivor size 4358144 bytes, new threshold 2 (max threshold 6)
[2020-09-11T12:35:54.563+0000][1][gc,age       ] GC(21) Age table with threshold 2 (max threshold 6)
[2020-09-11T12:35:54.563+0000][1][gc,age       ] GC(21) - age   1:    1092296 bytes,    1092296 total
[2020-09-11T12:35:54.563+0000][1][gc,age       ] GC(21) - age   2:    3618320 bytes,    4710616 total
[2020-09-11T12:35:54.563+0000][1][gc,heap      ] GC(21) ParNew: 76124K->6700K(76672K)
[2020-09-11T12:35:54.564+0000][1][gc,heap      ] GC(21) CMS: 41926K->41926K(439104K)
[2020-09-11T12:35:54.564+0000][1][gc,metaspace ] GC(21) Metaspace: 32365K->32365K(1079296K)
[2020-09-11T12:35:54.564+0000][1][gc           ] GC(21) Pause Young (Allocation Failure) 115M->47M(503M) 84.647ms
[2020-09-11T12:35:54.564+0000][1][gc,cpu       ] GC(21) User=0.02s Sys=0.00s Real=0.09s
[2020-09-11T12:35:54.564+0000][1][safepoint    ] Safepoint "GenCollectForAllocation", Time since last: 187022427 ns, Reaching safepoint: 104262 ns, At safepoint: 84712450 ns, Total: 84816712 ns
[2020-09-11T12:35:55.594+0000][1][safepoint    ] Safepoint "Cleanup", Time since last: 1015834198 ns, Reaching safepoint: 14098291 ns, At safepoint: 11263 ns, Total: 14109554 ns
[2020-09-11T12:35:55.803+0000][1][gc,start     ] GC(22) Pause Young (Allocation Failure)
[2020-09-11T12:35:55.803+0000][1][gc,task      ] GC(22) Using 1 workers of 1 for evacuation
[2020-09-11T12:35:55.854+0000][1][gc,age       ] GC(22) Desired survivor size 4358144 bytes, new threshold 6 (max threshold 6)
[2020-09-11T12:35:55.854+0000][1][gc,age       ] GC(22) Age table with threshold 6 (max threshold 6)
[2020-09-11T12:35:55.854+0000][1][gc,age       ] GC(22) - age   1:     249488 bytes,     249488 total
[2020-09-11T12:35:55.854+0000][1][gc,age       ] GC(22) - age   2:     439160 bytes,     688648 total
[2020-09-11T12:35:55.854+0000][1][gc,heap      ] GC(22) ParNew: 74860K->4287K(76672K)
[2020-09-11T12:35:55.854+0000][1][gc,heap      ] GC(22) CMS: 41926K->45476K(439104K)
[2020-09-11T12:35:55.854+0000][1][gc,metaspace ] GC(22) Metaspace: 32377K->32377K(1079296K)
[2020-09-11T12:35:55.854+0000][1][gc           ] GC(22) Pause Young (Allocation Failure) 114M->48M(503M) 51.505ms
[2020-09-11T12:35:55.854+0000][1][gc,cpu       ] GC(22) User=0.02s Sys=0.00s Real=0.05s
[2020-09-11T12:35:55.871+0000][1][safepoint    ] Safepoint "GenCollectForAllocation", Time since last: 208904541 ns, Reaching safepoint: 102235 ns, At safepoint: 68888980 ns, Total: 68991215 ns
[2020-09-11T12:35:56.648+0000][1][gc,start     ] GC(23) Pause Young (Allocation Failure)
[2020-09-11T12:35:56.648+0000][1][gc,task      ] GC(23) Using 1 workers of 1 for evacuation
[2020-09-11T12:35:56.650+0000][1][gc,age       ] GC(23) Desired survivor size 4358144 bytes, new threshold 6 (max threshold 6)
[2020-09-11T12:35:56.650+0000][1][gc,age       ] GC(23) Age table with threshold 6 (max threshold 6)
[2020-09-11T12:35:56.650+0000][1][gc,age       ] GC(23) - age   1:        232 bytes,        232 total
[2020-09-11T12:35:56.650+0000][1][gc,age       ] GC(23) - age   2:     249432 bytes,     249664 total
[2020-09-11T12:35:56.650+0000][1][gc,age       ] GC(23) - age   3:     439160 bytes,     688824 total
[2020-09-11T12:35:56.651+0000][1][gc,heap      ] GC(23) ParNew: 72447K->1198K(76672K)
[2020-09-11T12:35:56.651+0000][1][gc,heap      ] GC(23) CMS: 45476K->45476K(439104K)
[2020-09-11T12:35:56.651+0000][1][gc,metaspace ] GC(23) Metaspace: 32378K->32378K(1079296K)
[2020-09-11T12:35:56.651+0000][1][gc           ] GC(23) Pause Young (Allocation Failure) 115M->45M(503M) 2.988ms
[2020-09-11T12:35:56.651+0000][1][gc,cpu       ] GC(23) User=0.01s Sys=0.00s Real=0.00s
[2020-09-11T12:35:56.671+0000][1][safepoint    ] Safepoint "GenCollectForAllocation", Time since last: 775990230 ns, Reaching safepoint: 129106 ns, At safepoint: 23870326 ns, Total: 23999432 ns
[2020-09-11T12:35:57.351+0000][1][gc,start     ] GC(24) Pause Young (Allocation Failure)
[2020-09-11T12:35:57.351+0000][1][gc,task      ] GC(24) Using 1 workers of 1 for evacuation
[2020-09-11T12:35:57.360+0000][1][gc,age       ] GC(24) Desired survivor size 4358144 bytes, new threshold 6 (max threshold 6)
[2020-09-11T12:35:57.360+0000][1][gc,age       ] GC(24) Age table with threshold 6 (max threshold 6)
[2020-09-11T12:35:57.360+0000][1][gc,age       ] GC(24) - age   1:         48 bytes,         48 total
[2020-09-11T12:35:57.360+0000][1][gc,age       ] GC(24) - age   3:     249432 bytes,     249480 total
[2020-09-11T12:35:57.360+0000][1][gc,age       ] GC(24) - age   4:     439160 bytes,     688640 total
[2020-09-11T12:35:57.360+0000][1][gc,heap      ] GC(24) ParNew: 69358K->1103K(76672K)
[2020-09-11T12:35:57.360+0000][1][gc,heap      ] GC(24) CMS: 45476K->45476K(439104K)
[2020-09-11T12:35:57.360+0000][1][gc,metaspace ] GC(24) Metaspace: 32382K->32382K(1079296K)
[2020-09-11T12:35:57.360+0000][1][gc           ] GC(24) Pause Young (Allocation Failure) 112M->45M(503M) 9.118ms
[2020-09-11T12:35:57.360+0000][1][gc,cpu       ] GC(24) User=0.00s Sys=0.00s Real=0.01s
[2020-09-11T12:35:57.367+0000][1][safepoint    ] Safepoint "GenCollectForAllocation", Time since last: 679401086 ns, Reaching safepoint: 106744 ns, At safepoint: 16519066 ns, Total: 16625810 ns
[2020-09-11T12:35:58.232+0000][1][gc,start     ] GC(25) Pause Young (Allocation Failure)
[2020-09-11T12:35:58.232+0000][1][gc,task      ] GC(25) Using 1 workers of 1 for evacuation
[2020-09-11T12:35:58.235+0000][1][gc,age       ] GC(25) Desired survivor size 4358144 bytes, new threshold 6 (max threshold 6)
[2020-09-11T12:35:58.235+0000][1][gc,age       ] GC(25) Age table with threshold 6 (max threshold 6)
[2020-09-11T12:35:58.235+0000][1][gc,age       ] GC(25) - age   1:         96 bytes,         96 total
[2020-09-11T12:35:58.235+0000][1][gc,age       ] GC(25) - age   4:     249432 bytes,     249528 total
[2020-09-11T12:35:58.235+0000][1][gc,age       ] GC(25) - age   5:     439160 bytes,     688688 total
[2020-09-11T12:35:58.235+0000][1][gc,heap      ] GC(25) ParNew: 69263K->1284K(76672K)
[2020-09-11T12:35:58.235+0000][1][gc,heap      ] GC(25) CMS: 45476K->45476K(439104K)
[2020-09-11T12:35:58.235+0000][1][gc,metaspace ] GC(25) Metaspace: 32382K->32382K(1079296K)
[2020-09-11T12:35:58.235+0000][1][gc           ] GC(25) Pause Young (Allocation Failure) 112M->45M(503M) 2.904ms
[2020-09-11T12:35:58.235+0000][1][gc,cpu       ] GC(25) User=0.00s Sys=0.00s Real=0.00s
[2020-09-11T12:35:58.243+0000][1][safepoint    ] Safepoint "GenCollectForAllocation", Time since last: 864211680 ns, Reaching safepoint: 106620 ns, At safepoint: 11676901 ns, Total: 11783521 ns
[2020-09-11T12:35:58.719+0000][1][gc,start     ] GC(26) Pause Young (Allocation Failure)
[2020-09-11T12:35:58.720+0000][1][gc,task      ] GC(26) Using 1 workers of 1 for evacuation
[2020-09-11T12:35:58.722+0000][1][gc,age       ] GC(26) Desired survivor size 4358144 bytes, new threshold 6 (max threshold 6)
[2020-09-11T12:35:58.722+0000][1][gc,age       ] GC(26) Age table with threshold 6 (max threshold 6)
[2020-09-11T12:35:58.722+0000][1][gc,age       ] GC(26) - age   1:         24 bytes,         24 total
[2020-09-11T12:35:58.722+0000][1][gc,age       ] GC(26) - age   5:     249432 bytes,     249456 total
[2020-09-11T12:35:58.722+0000][1][gc,age       ] GC(26) - age   6:     439160 bytes,     688616 total
[2020-09-11T12:35:58.722+0000][1][gc,heap      ] GC(26) ParNew: 69444K->825K(76672K)
[2020-09-11T12:35:58.722+0000][1][gc,heap      ] GC(26) CMS: 45476K->45476K(439104K)
[2020-09-11T12:35:58.722+0000][1][gc,metaspace ] GC(26) Metaspace: 32382K->32382K(1079296K)
[2020-09-11T12:35:58.722+0000][1][gc           ] GC(26) Pause Young (Allocation Failure) 112M->45M(503M) 3.010ms
[2020-09-11T12:35:58.722+0000][1][gc,cpu       ] GC(26) User=0.00s Sys=0.00s Real=0.00s
[2020-09-11T12:35:58.735+0000][1][safepoint    ] Safepoint "GenCollectForAllocation", Time since last: 474703544 ns, Reaching safepoint: 1290897 ns, At safepoint: 15991594 ns, Total: 17282491 ns
[2020-09-11T12:35:58.779+0000][1][safepoint    ] Safepoint "RevokeBias", Time since last: 40282838 ns, Reaching safepoint: 3724426 ns, At safepoint: 33158 ns, Total: 3757584 ns
[2020-09-11T12:35:58.943+0000][1][gc,start     ] GC(27) Pause Young (Allocation Failure)
[2020-09-11T12:35:58.944+0000][1][gc,task      ] GC(27) Using 1 workers of 1 for evacuation
[2020-09-11T12:35:58.948+0000][1][gc,age       ] GC(27) Desired survivor size 4358144 bytes, new threshold 6 (max threshold 6)
[2020-09-11T12:35:58.948+0000][1][gc,age       ] GC(27) Age table with threshold 6 (max threshold 6)
[2020-09-11T12:35:58.948+0000][1][gc,age       ] GC(27) - age   1:         88 bytes,         88 total
[2020-09-11T12:35:58.948+0000][1][gc,age       ] GC(27) - age   6:     249432 bytes,     249520 total
[2020-09-11T12:35:58.948+0000][1][gc,heap      ] GC(27) ParNew: 68985K->607K(76672K)
[2020-09-11T12:35:58.948+0000][1][gc,heap      ] GC(27) CMS: 45476K->45906K(439104K)
[2020-09-11T12:35:58.948+0000][1][gc,metaspace ] GC(27) Metaspace: 32382K->32382K(1079296K)
[2020-09-11T12:35:58.948+0000][1][gc           ] GC(27) Pause Young (Allocation Failure) 111M->45M(503M) 4.897ms
[2020-09-11T12:35:58.948+0000][1][gc,cpu       ] GC(27) User=0.01s Sys=0.00s Real=0.00s
[2020-09-11T12:35:58.948+0000][1][safepoint    ] Safepoint "GenCollectForAllocation", Time since last: 156014045 ns, Reaching safepoint: 7967502 ns, At safepoint: 4967626 ns, Total: 12935128 ns
[2020-09-11T12:35:59.119+0000][1][gc,start     ] GC(28) Pause Young (Allocation Failure)
[2020-09-11T12:35:59.120+0000][1][gc,task      ] GC(28) Using 1 workers of 1 for evacuation
[2020-09-11T12:35:59.122+0000][1][gc,age       ] GC(28) Desired survivor size 4358144 bytes, new threshold 6 (max threshold 6)
[2020-09-11T12:35:59.122+0000][1][gc,age       ] GC(28) Age table with threshold 6 (max threshold 6)
[2020-09-11T12:35:59.122+0000][1][gc,age       ] GC(28) - age   1:        312 bytes,        312 total
[2020-09-11T12:35:59.122+0000][1][gc,heap      ] GC(28) ParNew: 68767K->243K(76672K)
[2020-09-11T12:35:59.122+0000][1][gc,heap      ] GC(28) CMS: 45906K->46149K(439104K)
[2020-09-11T12:35:59.122+0000][1][gc,metaspace ] GC(28) Metaspace: 32382K->32382K(1079296K)
[2020-09-11T12:35:59.122+0000][1][gc           ] GC(28) Pause Young (Allocation Failure) 111M->45M(503M) 2.517ms
[2020-09-11T12:35:59.122+0000][1][gc,cpu       ] GC(28) User=0.00s Sys=0.00s Real=0.00s
[2020-09-11T12:35:59.122+0000][1][safepoint    ] Safepoint "GenCollectForAllocation", Time since last: 166660731 ns, Reaching safepoint: 4376830 ns, At safepoint: 2587564 ns, Total: 6964394 ns
[2020-09-11T12:35:59.283+0000][1][gc,start     ] GC(29) Pause Young (Allocation Failure)
[2020-09-11T12:35:59.284+0000][1][gc,task      ] GC(29) Using 1 workers of 1 for evacuation
[2020-09-11T12:35:59.293+0000][1][gc,age       ] GC(29) Desired survivor size 4358144 bytes, new threshold 6 (max threshold 6)
[2020-09-11T12:35:59.293+0000][1][gc,age       ] GC(29) Age table with threshold 6 (max threshold 6)
[2020-09-11T12:35:59.293+0000][1][gc,age       ] GC(29) - age   1:        232 bytes,        232 total
[2020-09-11T12:35:59.293+0000][1][gc,age       ] GC(29) - age   2:         72 bytes,        304 total
[2020-09-11T12:35:59.293+0000][1][gc,heap      ] GC(29) ParNew: 68403K->60K(76672K)
[2020-09-11T12:35:59.293+0000][1][gc,heap      ] GC(29) CMS: 46149K->46149K(439104K)
[2020-09-11T12:35:59.293+0000][1][gc,metaspace ] GC(29) Metaspace: 32382K->32382K(1079296K)
[2020-09-11T12:35:59.293+0000][1][gc           ] GC(29) Pause Young (Allocation Failure) 111M->45M(503M) 9.228ms
[2020-09-11T12:35:59.293+0000][1][gc,cpu       ] GC(29) User=0.00s Sys=0.00s Real=0.00s
[2020-09-11T12:35:59.293+0000][1][safepoint    ] Safepoint "GenCollectForAllocation", Time since last: 156885222 ns, Reaching safepoint: 4506677 ns, At safepoint: 9295820 ns, Total: 13802497 ns
[2020-09-11T12:35:59.443+0000][1][gc,start     ] GC(30) Pause Young (Allocation Failure)
[2020-09-11T12:35:59.444+0000][1][gc,task      ] GC(30) Using 1 workers of 1 for evacuation
[2020-09-11T12:35:59.446+0000][1][gc,age       ] GC(30) Desired survivor size 4358144 bytes, new threshold 6 (max threshold 6)
[2020-09-11T12:35:59.446+0000][1][gc,age       ] GC(30) Age table with threshold 6 (max threshold 6)
[2020-09-11T12:35:59.446+0000][1][gc,age       ] GC(30) - age   1:        240 bytes,        240 total
[2020-09-11T12:35:59.446+0000][1][gc,age       ] GC(30) - age   3:         72 bytes,        312 total
[2020-09-11T12:35:59.446+0000][1][gc,heap      ] GC(30) ParNew: 68220K->15K(76672K)
[2020-09-11T12:35:59.446+0000][1][gc,heap      ] GC(30) CMS: 46149K->46149K(439104K)
[2020-09-11T12:35:59.446+0000][1][gc,metaspace ] GC(30) Metaspace: 32382K->32382K(1079296K)
[2020-09-11T12:35:59.446+0000][1][gc           ] GC(30) Pause Young (Allocation Failure) 111M->45M(503M) 2.522ms
[2020-09-11T12:35:59.446+0000][1][gc,cpu       ] GC(30) User=0.00s Sys=0.00s Real=0.00s
[2020-09-11T12:35:59.454+0000][1][safepoint    ] Safepoint "GenCollectForAllocation", Time since last: 146685984 ns, Reaching safepoint: 4011620 ns, At safepoint: 11027419 ns, Total: 15039039 ns
[2020-09-11T12:35:59.611+0000][1][gc,start     ] GC(31) Pause Young (Allocation Failure)
[2020-09-11T12:35:59.611+0000][1][gc,task      ] GC(31) Using 1 workers of 1 for evacuation
[2020-09-11T12:35:59.614+0000][1][gc,age       ] GC(31) Desired survivor size 4358144 bytes, new threshold 6 (max threshold 6)
[2020-09-11T12:35:59.614+0000][1][gc,age       ] GC(31) Age table with threshold 6 (max threshold 6)
[2020-09-11T12:35:59.614+0000][1][gc,age       ] GC(31) - age   1:        408 bytes,        408 total
[2020-09-11T12:35:59.614+0000][1][gc,age       ] GC(31) - age   4:         72 bytes,        480 total
[2020-09-11T12:35:59.614+0000][1][gc,heap      ] GC(31) ParNew: 68175K->3K(76672K)
[2020-09-11T12:35:59.614+0000][1][gc,heap      ] GC(31) CMS: 46149K->46149K(439104K)
[2020-09-11T12:35:59.614+0000][1][gc,metaspace ] GC(31) Metaspace: 32382K->32382K(1079296K)
[2020-09-11T12:35:59.614+0000][1][gc           ] GC(31) Pause Young (Allocation Failure) 111M->45M(503M) 2.445ms
[2020-09-11T12:35:59.614+0000][1][gc,cpu       ] GC(31) User=0.00s Sys=0.00s Real=0.00s
[2020-09-11T12:35:59.623+0000][1][safepoint    ] Safepoint "GenCollectForAllocation", Time since last: 154973979 ns, Reaching safepoint: 1985245 ns, At safepoint: 12017785 ns, Total: 14003030 ns
[2020-09-11T12:35:59.776+0000][1][gc,start     ] GC(32) Pause Young (Allocation Failure)
[2020-09-11T12:35:59.776+0000][1][gc,task      ] GC(32) Using 1 workers of 1 for evacuation
[2020-09-11T12:35:59.779+0000][1][gc,age       ] GC(32) Desired survivor size 4358144 bytes, new threshold 6 (max threshold 6)
[2020-09-11T12:35:59.779+0000][1][gc,age       ] GC(32) Age table with threshold 6 (max threshold 6)
[2020-09-11T12:35:59.779+0000][1][gc,age       ] GC(32) - age   1:        192 bytes,        192 total
[2020-09-11T12:35:59.779+0000][1][gc,age       ] GC(32) - age   2:        208 bytes,        400 total
[2020-09-11T12:35:59.779+0000][1][gc,age       ] GC(32) - age   5:         72 bytes,        472 total
[2020-09-11T12:35:59.779+0000][1][gc,heap      ] GC(32) ParNew: 68163K->2K(76672K)
[2020-09-11T12:35:59.779+0000][1][gc,heap      ] GC(32) CMS: 46149K->46149K(439104K)
[2020-09-11T12:35:59.779+0000][1][gc,metaspace ] GC(32) Metaspace: 32382K->32382K(1079296K)
[2020-09-11T12:35:59.779+0000][1][gc           ] GC(32) Pause Young (Allocation Failure) 111M->45M(503M) 2.495ms
[2020-09-11T12:35:59.779+0000][1][gc,cpu       ] GC(32) User=0.00s Sys=0.00s Real=0.00s
[2020-09-11T12:35:59.779+0000][1][safepoint    ] Safepoint "GenCollectForAllocation", Time since last: 152891563 ns, Reaching safepoint: 107142 ns, At safepoint: 2549412 ns, Total: 2656554 ns
[2020-09-11T12:35:59.938+0000][1][gc,start     ] GC(33) Pause Young (Allocation Failure)
[2020-09-11T12:35:59.938+0000][1][gc,task      ] GC(33) Using 1 workers of 1 for evacuation
[2020-09-11T12:35:59.948+0000][1][gc,age       ] GC(33) Desired survivor size 4358144 bytes, new threshold 6 (max threshold 6)
[2020-09-11T12:35:59.948+0000][1][gc,age       ] GC(33) Age table with threshold 6 (max threshold 6)
[2020-09-11T12:35:59.948+0000][1][gc,age       ] GC(33) - age   1:        216 bytes,        216 total
[2020-09-11T12:35:59.948+0000][1][gc,age       ] GC(33) - age   3:        208 bytes,        424 total
[2020-09-11T12:35:59.948+0000][1][gc,age       ] GC(33) - age   6:         72 bytes,        496 total
[2020-09-11T12:35:59.948+0000][1][gc,heap      ] GC(33) ParNew: 68162K->2K(76672K)
[2020-09-11T12:35:59.948+0000][1][gc,heap      ] GC(33) CMS: 46149K->46149K(439104K)
[2020-09-11T12:35:59.948+0000][1][gc,metaspace ] GC(33) Metaspace: 32382K->32382K(1079296K)
[2020-09-11T12:35:59.948+0000][1][gc           ] GC(33) Pause Young (Allocation Failure) 111M->45M(503M) 10.606ms
[2020-09-11T12:35:59.948+0000][1][gc,cpu       ] GC(33) User=0.01s Sys=0.00s Real=0.01s
[2020-09-11T12:35:59.948+0000][1][safepoint    ] Safepoint "GenCollectForAllocation", Time since last: 156440736 ns, Reaching safepoint: 2116036 ns, At safepoint: 10659159 ns, Total: 12775195 ns
[2020-09-11T12:36:00.970+0000][1][safepoint    ] Safepoint "Cleanup", Time since last: 1003223123 ns, Reaching safepoint: 18162932 ns, At safepoint: 11115 ns, Total: 18174047 ns
[2020-09-11T12:36:01.970+0000][1][safepoint    ] Safepoint "Cleanup", Time since last: 1000099330 ns, Reaching safepoint: 100650 ns, At safepoint: 5778 ns, Total: 106428 ns
[2020-09-11T12:36:03.488+0000][1][safepoint    ] Safepoint "RevokeBias", Time since last: 1517702627 ns, Reaching safepoint: 104914 ns, At safepoint: 44936 ns, Total: 149850 ns
[2020-09-11T12:36:03.488+0000][1][safepoint    ] Safepoint "RevokeBias", Time since last: 64683 ns, Reaching safepoint: 79118 ns, At safepoint: 29705 ns, Total: 108823 ns
[2020-09-11T12:36:03.488+0000][1][safepoint    ] Safepoint "RevokeBias", Time since last: 31659 ns, Reaching safepoint: 78503 ns, At safepoint: 27887 ns, Total: 106390 ns
[2020-09-11T12:36:03.488+0000][1][safepoint    ] Safepoint "RevokeBias", Time since last: 30479 ns, Reaching safepoint: 77976 ns, At safepoint: 26273 ns, Total: 104249 ns
[2020-09-11T12:36:03.488+0000][1][safepoint    ] Safepoint "RevokeBias", Time since last: 186452 ns, Reaching safepoint: 79724 ns, At safepoint: 26935 ns, Total: 106659 ns
[2020-09-11T12:36:04.496+0000][1][safepoint    ] Safepoint "Cleanup", Time since last: 1007011586 ns, Reaching safepoint: 118990 ns, At safepoint: 7012 ns, Total: 126002 ns
[2020-09-11T12:36:04.880+0000][1][gc,start     ] GC(34) Pause Young (Allocation Failure)
[2020-09-11T12:36:04.880+0000][1][gc,task      ] GC(34) Using 1 workers of 1 for evacuation
[2020-09-11T12:36:04.890+0000][1][gc,age       ] GC(34) Desired survivor size 4358144 bytes, new threshold 6 (max threshold 6)
[2020-09-11T12:36:04.890+0000][1][gc,age       ] GC(34) Age table with threshold 6 (max threshold 6)
[2020-09-11T12:36:04.890+0000][1][gc,age       ] GC(34) - age   1:     277128 bytes,     277128 total
[2020-09-11T12:36:04.890+0000][1][gc,age       ] GC(34) - age   4:        208 bytes,     277336 total
[2020-09-11T12:36:04.890+0000][1][gc,heap      ] GC(34) ParNew: 68162K->272K(76672K)
[2020-09-11T12:36:04.890+0000][1][gc,heap      ] GC(34) CMS: 46149K->46150K(439104K)
[2020-09-11T12:36:04.890+0000][1][gc,metaspace ] GC(34) Metaspace: 32403K->32403K(1079296K)
[2020-09-11T12:36:04.890+0000][1][gc           ] GC(34) Pause Young (Allocation Failure) 111M->45M(503M) 10.550ms
[2020-09-11T12:36:04.890+0000][1][gc,cpu       ] GC(34) User=0.00s Sys=0.00s Real=0.01s
[2020-09-11T12:36:04.891+0000][1][safepoint    ] Safepoint "GenCollectForAllocation", Time since last: 383903603 ns, Reaching safepoint: 115779 ns, At safepoint: 11859159 ns, Total: 11974938 ns
[2020-09-11T12:36:06.353+0000][1][gc,start     ] GC(35) Pause Young (Allocation Failure)
[2020-09-11T12:36:06.353+0000][1][gc,task      ] GC(35) Using 1 workers of 1 for evacuation
[2020-09-11T12:36:06.364+0000][1][gc,age       ] GC(35) Desired survivor size 4358144 bytes, new threshold 6 (max threshold 6)
[2020-09-11T12:36:06.364+0000][1][gc,age       ] GC(35) Age table with threshold 6 (max threshold 6)
[2020-09-11T12:36:06.364+0000][1][gc,age       ] GC(35) - age   1:     510664 bytes,     510664 total
[2020-09-11T12:36:06.364+0000][1][gc,age       ] GC(35) - age   2:     184328 bytes,     694992 total
[2020-09-11T12:36:06.364+0000][1][gc,age       ] GC(35) - age   5:        208 bytes,     695200 total
[2020-09-11T12:36:06.364+0000][1][gc,heap      ] GC(35) ParNew: 68432K->680K(76672K)
[2020-09-11T12:36:06.364+0000][1][gc,heap      ] GC(35) CMS: 46150K->46150K(439104K)
[2020-09-11T12:36:06.364+0000][1][gc,metaspace ] GC(35) Metaspace: 32403K->32403K(1079296K)
[2020-09-11T12:36:06.365+0000][1][gc           ] GC(35) Pause Young (Allocation Failure) 111M->45M(503M) 11.100ms
[2020-09-11T12:36:06.365+0000][1][gc,cpu       ] GC(35) User=0.01s Sys=0.00s Real=0.02s
[2020-09-11T12:36:06.379+0000][1][safepoint    ] Safepoint "GenCollectForAllocation", Time since last: 1461880593 ns, Reaching safepoint: 103222 ns, At safepoint: 26044641 ns, Total: 26147863 ns
[2020-09-11T12:36:07.395+0000][1][safepoint    ] Safepoint "Cleanup", Time since last: 1011969706 ns, Reaching safepoint: 4032997 ns, At safepoint: 8601 ns, Total: 4041598 ns
[2020-09-11T12:36:07.664+0000][1][gc,start     ] GC(36) Pause Young (Allocation Failure)
[2020-09-11T12:36:07.664+0000][1][gc,task      ] GC(36) Using 1 workers of 1 for evacuation
[2020-09-11T12:36:07.666+0000][1][gc,age       ] GC(36) Desired survivor size 4358144 bytes, new threshold 6 (max threshold 6)
[2020-09-11T12:36:07.666+0000][1][gc,age       ] GC(36) Age table with threshold 6 (max threshold 6)
[2020-09-11T12:36:07.666+0000][1][gc,age       ] GC(36) - age   1:     642160 bytes,     642160 total
[2020-09-11T12:36:07.666+0000][1][gc,age       ] GC(36) - age   2:     339528 bytes,     981688 total
[2020-09-11T12:36:07.666+0000][1][gc,age       ] GC(36) - age   3:     183608 bytes,    1165296 total
[2020-09-11T12:36:07.666+0000][1][gc,age       ] GC(36) - age   6:        208 bytes,    1165504 total
[2020-09-11T12:36:07.666+0000][1][gc,heap      ] GC(36) ParNew: 68840K->1155K(76672K)
[2020-09-11T12:36:07.666+0000][1][gc,heap      ] GC(36) CMS: 46150K->46150K(439104K)
[2020-09-11T12:36:07.666+0000][1][gc,metaspace ] GC(36) Metaspace: 32404K->32404K(1079296K)
[2020-09-11T12:36:07.666+0000][1][gc           ] GC(36) Pause Young (Allocation Failure) 112M->46M(503M) 2.827ms
[2020-09-11T12:36:07.666+0000][1][gc,cpu       ] GC(36) User=0.01s Sys=0.00s Real=0.00s
[2020-09-11T12:36:07.679+0000][1][safepoint    ] Safepoint "GenCollectForAllocation", Time since last: 267975330 ns, Reaching safepoint: 102235 ns, At safepoint: 15889869 ns, Total: 15992104 ns
[2020-09-11T12:36:08.693+0000][1][safepoint    ] Safepoint "Cleanup", Time since last: 1013382563 ns, Reaching safepoint: 106996 ns, At safepoint: 5193 ns, Total: 112189 ns
[2020-09-11T12:36:08.825+0000][1][gc,start     ] GC(37) Pause Young (Allocation Failure)
[2020-09-11T12:36:08.825+0000][1][gc,task      ] GC(37) Using 1 workers of 1 for evacuation
[2020-09-11T12:36:08.838+0000][1][gc,age       ] GC(37) Desired survivor size 4358144 bytes, new threshold 6 (max threshold 6)
[2020-09-11T12:36:08.838+0000][1][gc,age       ] GC(37) Age table with threshold 6 (max threshold 6)
[2020-09-11T12:36:08.838+0000][1][gc,age       ] GC(37) - age   1:     620808 bytes,     620808 total
[2020-09-11T12:36:08.838+0000][1][gc,age       ] GC(37) - age   2:     301592 bytes,     922400 total
[2020-09-11T12:36:08.838+0000][1][gc,age       ] GC(37) - age   3:     339264 bytes,    1261664 total
[2020-09-11T12:36:08.838+0000][1][gc,age       ] GC(37) - age   4:     183304 bytes,    1444968 total
[2020-09-11T12:36:08.838+0000][1][gc,heap      ] GC(37) ParNew: 69315K->1475K(76672K)
[2020-09-11T12:36:08.838+0000][1][gc,heap      ] GC(37) CMS: 46150K->46150K(439104K)
[2020-09-11T12:36:08.838+0000][1][gc,metaspace ] GC(37) Metaspace: 32405K->32405K(1079296K)
[2020-09-11T12:36:08.838+0000][1][gc           ] GC(37) Pause Young (Allocation Failure) 112M->46M(503M) 12.917ms
[2020-09-11T12:36:08.838+0000][1][gc,cpu       ] GC(37) User=0.01s Sys=0.00s Real=0.01s
[2020-09-11T12:36:08.859+0000][1][safepoint    ] Safepoint "GenCollectForAllocation", Time since last: 132323877 ns, Reaching safepoint: 96149 ns, At safepoint: 34105082 ns, Total: 34201231 ns
[2020-09-11T12:36:10.156+0000][1][gc,start     ] GC(38) Pause Young (Allocation Failure)
[2020-09-11T12:36:10.156+0000][1][gc,task      ] GC(38) Using 1 workers of 1 for evacuation
[2020-09-11T12:36:10.158+0000][1][gc,age       ] GC(38) Desired survivor size 4358144 bytes, new threshold 6 (max threshold 6)
[2020-09-11T12:36:10.158+0000][1][gc,age       ] GC(38) Age table with threshold 6 (max threshold 6)
[2020-09-11T12:36:10.158+0000][1][gc,age       ] GC(38) - age   1:     969400 bytes,     969400 total
[2020-09-11T12:36:10.158+0000][1][gc,age       ] GC(38) - age   2:     264672 bytes,    1234072 total
[2020-09-11T12:36:10.158+0000][1][gc,age       ] GC(38) - age   3:     297568 bytes,    1531640 total
[2020-09-11T12:36:10.159+0000][1][gc,age       ] GC(38) - age   4:     339184 bytes,    1870824 total
[2020-09-11T12:36:10.159+0000][1][gc,age       ] GC(38) - age   5:     183200 bytes,    2054024 total
[2020-09-11T12:36:10.159+0000][1][gc,heap      ] GC(38) ParNew: 69635K->2117K(76672K)
[2020-09-11T12:36:10.159+0000][1][gc,heap      ] GC(38) CMS: 46150K->46150K(439104K)
[2020-09-11T12:36:10.159+0000][1][gc,metaspace ] GC(38) Metaspace: 32405K->32405K(1079296K)
[2020-09-11T12:36:10.159+0000][1][gc           ] GC(38) Pause Young (Allocation Failure) 113M->47M(503M) 3.034ms
[2020-09-11T12:36:10.159+0000][1][gc,cpu       ] GC(38) User=0.01s Sys=0.00s Real=0.00s
[2020-09-11T12:36:10.171+0000][1][safepoint    ] Safepoint "GenCollectForAllocation", Time since last: 1295978133 ns, Reaching safepoint: 102645 ns, At safepoint: 15898722 ns, Total: 16001367 ns
[2020-09-11T12:36:11.206+0000][1][gc,start     ] GC(39) Pause Young (Allocation Failure)
[2020-09-11T12:36:11.206+0000][1][gc,task      ] GC(39) Using 1 workers of 1 for evacuation
[2020-09-11T12:36:11.217+0000][1][gc,age       ] GC(39) Desired survivor size 4358144 bytes, new threshold 6 (max threshold 6)
[2020-09-11T12:36:11.217+0000][1][gc,age       ] GC(39) Age table with threshold 6 (max threshold 6)
[2020-09-11T12:36:11.217+0000][1][gc,age       ] GC(39) - age   1:     312824 bytes,     312824 total
[2020-09-11T12:36:11.217+0000][1][gc,age       ] GC(39) - age   2:     955560 bytes,    1268384 total
[2020-09-11T12:36:11.217+0000][1][gc,age       ] GC(39) - age   3:     263336 bytes,    1531720 total
[2020-09-11T12:36:11.217+0000][1][gc,age       ] GC(39) - age   4:     296960 bytes,    1828680 total
[2020-09-11T12:36:11.217+0000][1][gc,age       ] GC(39) - age   5:     338848 bytes,    2167528 total
[2020-09-11T12:36:11.217+0000][1][gc,age       ] GC(39) - age   6:     183160 bytes,    2350688 total
[2020-09-11T12:36:11.217+0000][1][gc,heap      ] GC(39) ParNew: 70277K->2454K(76672K)
[2020-09-11T12:36:11.217+0000][1][gc,heap      ] GC(39) CMS: 46150K->46150K(439104K)
[2020-09-11T12:36:11.217+0000][1][gc,metaspace ] GC(39) Metaspace: 32405K->32405K(1079296K)
[2020-09-11T12:36:11.217+0000][1][gc           ] GC(39) Pause Young (Allocation Failure) 113M->47M(503M) 11.386ms
[2020-09-11T12:36:11.217+0000][1][gc,cpu       ] GC(39) User=0.01s Sys=0.00s Real=0.01s
[2020-09-11T12:36:11.227+0000][1][safepoint    ] Safepoint "GenCollectForAllocation", Time since last: 1034356456 ns, Reaching safepoint: 105239 ns, At safepoint: 21537596 ns, Total: 21642835 ns
[2020-09-11T12:36:11.293+0000][1][safepoint    ] Safepoint "RevokeBias", Time since last: 57560491 ns, Reaching safepoint: 7577601 ns, At safepoint: 39774 ns, Total: 7617375 ns
[2020-09-11T12:36:12.082+0000][1][gc,start     ] GC(40) Pause Young (Allocation Failure)
[2020-09-11T12:36:12.082+0000][1][gc,task      ] GC(40) Using 1 workers of 1 for evacuation
[2020-09-11T12:36:12.100+0000][1][gc,age       ] GC(40) Desired survivor size 4358144 bytes, new threshold 6 (max threshold 6)
[2020-09-11T12:36:12.100+0000][1][gc,age       ] GC(40) Age table with threshold 6 (max threshold 6)
[2020-09-11T12:36:12.100+0000][1][gc,age       ] GC(40) - age   1:     344040 bytes,     344040 total
[2020-09-11T12:36:12.100+0000][1][gc,age       ] GC(40) - age   2:     304928 bytes,     648968 total
[2020-09-11T12:36:12.100+0000][1][gc,age       ] GC(40) - age   3:     955560 bytes,    1604528 total
[2020-09-11T12:36:12.100+0000][1][gc,age       ] GC(40) - age   4:     263232 bytes,    1867760 total
[2020-09-11T12:36:12.100+0000][1][gc,age       ] GC(40) - age   5:     296960 bytes,    2164720 total
[2020-09-11T12:36:12.100+0000][1][gc,age       ] GC(40) - age   6:     338848 bytes,    2503568 total
[2020-09-11T12:36:12.100+0000][1][gc,heap      ] GC(40) ParNew: 70614K->2446K(76672K)
[2020-09-11T12:36:12.100+0000][1][gc,heap      ] GC(40) CMS: 46150K->46326K(439104K)
[2020-09-11T12:36:12.100+0000][1][gc,metaspace ] GC(40) Metaspace: 32408K->32408K(1079296K)
[2020-09-11T12:36:12.100+0000][1][gc           ] GC(40) Pause Young (Allocation Failure) 114M->47M(503M) 18.368ms
[2020-09-11T12:36:12.100+0000][1][gc,cpu       ] GC(40) User=0.00s Sys=0.00s Real=0.02s
[2020-09-11T12:36:12.100+0000][1][safepoint    ] Safepoint "GenCollectForAllocation", Time since last: 789090680 ns, Reaching safepoint: 130101 ns, At safepoint: 18432404 ns, Total: 18562505 ns
[2020-09-11T12:36:12.382+0000][1][gc,start     ] GC(41) Pause Young (Allocation Failure)
[2020-09-11T12:36:12.382+0000][1][gc,task      ] GC(41) Using 1 workers of 1 for evacuation
[2020-09-11T12:36:12.385+0000][1][gc,age       ] GC(41) Desired survivor size 4358144 bytes, new threshold 6 (max threshold 6)
[2020-09-11T12:36:12.385+0000][1][gc,age       ] GC(41) Age table with threshold 6 (max threshold 6)
[2020-09-11T12:36:12.385+0000][1][gc,age       ] GC(41) - age   1:        248 bytes,        248 total
[2020-09-11T12:36:12.385+0000][1][gc,age       ] GC(41) - age   2:     343752 bytes,     344000 total
[2020-09-11T12:36:12.385+0000][1][gc,age       ] GC(41) - age   3:     304928 bytes,     648928 total
[2020-09-11T12:36:12.385+0000][1][gc,age       ] GC(41) - age   4:     955560 bytes,    1604488 total
[2020-09-11T12:36:12.385+0000][1][gc,age       ] GC(41) - age   5:     263232 bytes,    1867720 total
[2020-09-11T12:36:12.385+0000][1][gc,age       ] GC(41) - age   6:     296960 bytes,    2164680 total
[2020-09-11T12:36:12.385+0000][1][gc,heap      ] GC(41) ParNew: 70606K->2296K(76672K)
[2020-09-11T12:36:12.385+0000][1][gc,heap      ] GC(41) CMS: 46326K->46657K(439104K)
[2020-09-11T12:36:12.385+0000][1][gc,metaspace ] GC(41) Metaspace: 32408K->32408K(1079296K)
[2020-09-11T12:36:12.385+0000][1][gc           ] GC(41) Pause Young (Allocation Failure) 114M->47M(503M) 3.073ms
[2020-09-11T12:36:12.386+0000][1][gc,cpu       ] GC(41) User=0.00s Sys=0.00s Real=0.01s
[2020-09-11T12:36:12.387+0000][1][safepoint    ] Safepoint "GenCollectForAllocation", Time since last: 273759938 ns, Reaching safepoint: 8400501 ns, At safepoint: 5036440 ns, Total: 13436941 ns
[2020-09-11T12:36:12.622+0000][1][gc,start     ] GC(42) Pause Young (Allocation Failure)
[2020-09-11T12:36:12.622+0000][1][gc,task      ] GC(42) Using 1 workers of 1 for evacuation
[2020-09-11T12:36:12.625+0000][1][gc,age       ] GC(42) Desired survivor size 4358144 bytes, new threshold 6 (max threshold 6)
[2020-09-11T12:36:12.625+0000][1][gc,age       ] GC(42) Age table with threshold 6 (max threshold 6)
[2020-09-11T12:36:12.625+0000][1][gc,age       ] GC(42) - age   1:         40 bytes,         40 total
[2020-09-11T12:36:12.625+0000][1][gc,age       ] GC(42) - age   2:        160 bytes,        200 total
[2020-09-11T12:36:12.625+0000][1][gc,age       ] GC(42) - age   3:     343752 bytes,     343952 total
[2020-09-11T12:36:12.625+0000][1][gc,age       ] GC(42) - age   4:     304928 bytes,     648880 total
[2020-09-11T12:36:12.625+0000][1][gc,age       ] GC(42) - age   5:     955560 bytes,    1604440 total
[2020-09-11T12:36:12.625+0000][1][gc,age       ] GC(42) - age   6:     263232 bytes,    1867672 total
[2020-09-11T12:36:12.625+0000][1][gc,heap      ] GC(42) ParNew: 70456K->1921K(76672K)
[2020-09-11T12:36:12.625+0000][1][gc,heap      ] GC(42) CMS: 46657K->46947K(439104K)
[2020-09-11T12:36:12.625+0000][1][gc,metaspace ] GC(42) Metaspace: 32408K->32408K(1079296K)
[2020-09-11T12:36:12.625+0000][1][gc           ] GC(42) Pause Young (Allocation Failure) 114M->47M(503M) 3.026ms
[2020-09-11T12:36:12.625+0000][1][gc,cpu       ] GC(42) User=0.00s Sys=0.00s Real=0.01s
[2020-09-11T12:36:12.638+0000][1][safepoint    ] Safepoint "GenCollectForAllocation", Time since last: 234499160 ns, Reaching safepoint: 98710 ns, At safepoint: 15821173 ns, Total: 15919883 ns
[2020-09-11T12:36:12.871+0000][1][gc,start     ] GC(43) Pause Young (Allocation Failure)
[2020-09-11T12:36:12.872+0000][1][gc,task      ] GC(43) Using 1 workers of 1 for evacuation
[2020-09-11T12:36:12.874+0000][1][gc,age       ] GC(43) Desired survivor size 4358144 bytes, new threshold 6 (max threshold 6)
[2020-09-11T12:36:12.874+0000][1][gc,age       ] GC(43) Age table with threshold 6 (max threshold 6)
[2020-09-11T12:36:12.874+0000][1][gc,age       ] GC(43) - age   1:         72 bytes,         72 total
[2020-09-11T12:36:12.874+0000][1][gc,age       ] GC(43) - age   3:        160 bytes,        232 total
[2020-09-11T12:36:12.874+0000][1][gc,age       ] GC(43) - age   4:     343752 bytes,     343984 total
[2020-09-11T12:36:12.874+0000][1][gc,age       ] GC(43) - age   5:     304928 bytes,     648912 total
[2020-09-11T12:36:12.874+0000][1][gc,age       ] GC(43) - age   6:     955560 bytes,    1604472 total
[2020-09-11T12:36:12.874+0000][1][gc,heap      ] GC(43) ParNew: 70081K->1640K(76672K)
[2020-09-11T12:36:12.874+0000][1][gc,heap      ] GC(43) CMS: 46947K->47204K(439104K)
[2020-09-11T12:36:12.874+0000][1][gc,metaspace ] GC(43) Metaspace: 32408K->32408K(1079296K)
[2020-09-11T12:36:12.874+0000][1][gc           ] GC(43) Pause Young (Allocation Failure) 114M->47M(503M) 2.892ms
[2020-09-11T12:36:12.874+0000][1][gc,cpu       ] GC(43) User=0.00s Sys=0.00s Real=0.00s
[2020-09-11T12:36:12.875+0000][1][safepoint    ] Safepoint "GenCollectForAllocation", Time since last: 222855687 ns, Reaching safepoint: 10726665 ns, At safepoint: 3970125 ns, Total: 14696790 ns
[2020-09-11T12:36:13.115+0000][1][gc,start     ] GC(44) Pause Young (Allocation Failure)
[2020-09-11T12:36:13.116+0000][1][gc,task      ] GC(44) Using 1 workers of 1 for evacuation
[2020-09-11T12:36:13.118+0000][1][gc,age       ] GC(44) Desired survivor size 4358144 bytes, new threshold 6 (max threshold 6)
[2020-09-11T12:36:13.118+0000][1][gc,age       ] GC(44) Age table with threshold 6 (max threshold 6)
[2020-09-11T12:36:13.118+0000][1][gc,age       ] GC(44) - age   1:        184 bytes,        184 total
[2020-09-11T12:36:13.118+0000][1][gc,age       ] GC(44) - age   4:        160 bytes,        344 total
[2020-09-11T12:36:13.118+0000][1][gc,age       ] GC(44) - age   5:     343752 bytes,     344096 total
[2020-09-11T12:36:13.118+0000][1][gc,age       ] GC(44) - age   6:     304928 bytes,     649024 total
[2020-09-11T12:36:13.118+0000][1][gc,heap      ] GC(44) ParNew: 69800K->913K(76672K)
[2020-09-11T12:36:13.118+0000][1][gc,heap      ] GC(44) CMS: 47204K->48137K(439104K)
[2020-09-11T12:36:13.118+0000][1][gc,metaspace ] GC(44) Metaspace: 32408K->32408K(1079296K)
[2020-09-11T12:36:13.118+0000][1][gc           ] GC(44) Pause Young (Allocation Failure) 114M->47M(503M) 2.762ms
[2020-09-11T12:36:13.118+0000][1][gc,cpu       ] GC(44) User=0.01s Sys=0.00s Real=0.00s
[2020-09-11T12:36:13.123+0000][1][safepoint    ] Safepoint "GenCollectForAllocation", Time since last: 236908703 ns, Reaching safepoint: 3142693 ns, At safepoint: 7184234 ns, Total: 10326927 ns
[2020-09-11T12:36:13.387+0000][1][gc,start     ] GC(45) Pause Young (Allocation Failure)
[2020-09-11T12:36:13.387+0000][1][gc,task      ] GC(45) Using 1 workers of 1 for evacuation
[2020-09-11T12:36:13.390+0000][1][gc,age       ] GC(45) Desired survivor size 4358144 bytes, new threshold 6 (max threshold 6)
[2020-09-11T12:36:13.390+0000][1][gc,age       ] GC(45) Age table with threshold 6 (max threshold 6)
[2020-09-11T12:36:13.390+0000][1][gc,age       ] GC(45) - age   1:        352 bytes,        352 total
[2020-09-11T12:36:13.390+0000][1][gc,age       ] GC(45) - age   5:        160 bytes,        512 total
[2020-09-11T12:36:13.390+0000][1][gc,age       ] GC(45) - age   6:     343752 bytes,     344264 total
[2020-09-11T12:36:13.390+0000][1][gc,heap      ] GC(45) ParNew: 69073K->703K(76672K)
[2020-09-11T12:36:13.390+0000][1][gc,heap      ] GC(45) CMS: 48137K->48435K(439104K)
[2020-09-11T12:36:13.390+0000][1][gc,metaspace ] GC(45) Metaspace: 32408K->32408K(1079296K)
[2020-09-11T12:36:13.390+0000][1][gc           ] GC(45) Pause Young (Allocation Failure) 114M->47M(503M) 2.568ms
[2020-09-11T12:36:13.390+0000][1][gc,cpu       ] GC(45) User=0.00s Sys=0.00s Real=0.00s
[2020-09-11T12:36:13.390+0000][1][safepoint    ] Safepoint "GenCollectForAllocation", Time since last: 261739726 ns, Reaching safepoint: 3032564 ns, At safepoint: 2625348 ns, Total: 5657912 ns
[2020-09-11T12:36:13.632+0000][1][gc,start     ] GC(46) Pause Young (Allocation Failure)
[2020-09-11T12:36:13.632+0000][1][gc,task      ] GC(46) Using 1 workers of 1 for evacuation
[2020-09-11T12:36:13.635+0000][1][gc,age       ] GC(46) Desired survivor size 4358144 bytes, new threshold 6 (max threshold 6)
[2020-09-11T12:36:13.635+0000][1][gc,age       ] GC(46) Age table with threshold 6 (max threshold 6)
[2020-09-11T12:36:13.635+0000][1][gc,age       ] GC(46) - age   1:        208 bytes,        208 total
[2020-09-11T12:36:13.635+0000][1][gc,age       ] GC(46) - age   2:        296 bytes,        504 total
[2020-09-11T12:36:13.635+0000][1][gc,age       ] GC(46) - age   6:        160 bytes,        664 total
[2020-09-11T12:36:13.635+0000][1][gc,heap      ] GC(46) ParNew: 68863K->301K(76672K)
[2020-09-11T12:36:13.635+0000][1][gc,heap      ] GC(46) CMS: 48435K->48771K(439104K)
[2020-09-11T12:36:13.635+0000][1][gc,metaspace ] GC(46) Metaspace: 32408K->32408K(1079296K)
[2020-09-11T12:36:13.635+0000][1][gc           ] GC(46) Pause Young (Allocation Failure) 114M->47M(503M) 3.212ms
[2020-09-11T12:36:13.635+0000][1][gc,cpu       ] GC(46) User=0.00s Sys=0.00s Real=0.00s
[2020-09-11T12:36:13.639+0000][1][safepoint    ] Safepoint "GenCollectForAllocation", Time since last: 241381559 ns, Reaching safepoint: 109686 ns, At safepoint: 7877180 ns, Total: 7986866 ns
[2020-09-11T12:36:13.887+0000][1][gc,start     ] GC(47) Pause Young (Allocation Failure)
[2020-09-11T12:36:13.887+0000][1][gc,task      ] GC(47) Using 1 workers of 1 for evacuation
[2020-09-11T12:36:13.890+0000][1][gc,age       ] GC(47) Desired survivor size 4358144 bytes, new threshold 6 (max threshold 6)
[2020-09-11T12:36:13.890+0000][1][gc,age       ] GC(47) Age table with threshold 6 (max threshold 6)
[2020-09-11T12:36:13.890+0000][1][gc,age       ] GC(47) - age   1:        184 bytes,        184 total
[2020-09-11T12:36:13.890+0000][1][gc,age       ] GC(47) - age   3:        296 bytes,        480 total
[2020-09-11T12:36:13.890+0000][1][gc,heap      ] GC(47) ParNew: 68461K->75K(76672K)
[2020-09-11T12:36:13.890+0000][1][gc,heap      ] GC(47) CMS: 48771K->48771K(439104K)
[2020-09-11T12:36:13.890+0000][1][gc,metaspace ] GC(47) Metaspace: 32408K->32408K(1079296K)
[2020-09-11T12:36:13.890+0000][1][gc           ] GC(47) Pause Young (Allocation Failure) 114M->47M(503M) 2.446ms
[2020-09-11T12:36:13.890+0000][1][gc,cpu       ] GC(47) User=0.01s Sys=0.00s Real=0.00s
[2020-09-11T12:36:13.891+0000][1][safepoint    ] Safepoint "GenCollectForAllocation", Time since last: 244415484 ns, Reaching safepoint: 3595365 ns, At safepoint: 3997800 ns, Total: 7593165 ns
[2020-09-11T12:36:14.123+0000][1][gc,start     ] GC(48) Pause Young (Allocation Failure)
[2020-09-11T12:36:14.123+0000][1][gc,task      ] GC(48) Using 1 workers of 1 for evacuation
[2020-09-11T12:36:14.126+0000][1][gc,age       ] GC(48) Desired survivor size 4358144 bytes, new threshold 6 (max threshold 6)
[2020-09-11T12:36:14.126+0000][1][gc,age       ] GC(48) Age table with threshold 6 (max threshold 6)
[2020-09-11T12:36:14.126+0000][1][gc,age       ] GC(48) - age   1:        208 bytes,        208 total
[2020-09-11T12:36:14.126+0000][1][gc,age       ] GC(48) - age   4:        296 bytes,        504 total
[2020-09-11T12:36:14.126+0000][1][gc,heap      ] GC(48) ParNew: 68235K->18K(76672K)
[2020-09-11T12:36:14.126+0000][1][gc,heap      ] GC(48) CMS: 48771K->48771K(439104K)
[2020-09-11T12:36:14.126+0000][1][gc,metaspace ] GC(48) Metaspace: 32408K->32408K(1079296K)
[2020-09-11T12:36:14.126+0000][1][gc           ] GC(48) Pause Young (Allocation Failure) 114M->47M(503M) 2.399ms
[2020-09-11T12:36:14.126+0000][1][gc,cpu       ] GC(48) User=0.00s Sys=0.00s Real=0.00s
[2020-09-11T12:36:14.131+0000][1][safepoint    ] Safepoint "GenCollectForAllocation", Time since last: 228463170 ns, Reaching safepoint: 3528126 ns, At safepoint: 8014564 ns, Total: 11542690 ns
[2020-09-11T12:36:14.372+0000][1][gc,start     ] GC(49) Pause Young (Allocation Failure)
[2020-09-11T12:36:14.372+0000][1][gc,task      ] GC(49) Using 1 workers of 1 for evacuation
[2020-09-11T12:36:14.374+0000][1][gc,age       ] GC(49) Desired survivor size 4358144 bytes, new threshold 6 (max threshold 6)
[2020-09-11T12:36:14.374+0000][1][gc,age       ] GC(49) Age table with threshold 6 (max threshold 6)
[2020-09-11T12:36:14.374+0000][1][gc,age       ] GC(49) - age   1:         48 bytes,         48 total
[2020-09-11T12:36:14.374+0000][1][gc,age       ] GC(49) - age   5:        296 bytes,        344 total
[2020-09-11T12:36:14.374+0000][1][gc,heap      ] GC(49) ParNew: 68178K->4K(76672K)
[2020-09-11T12:36:14.374+0000][1][gc,heap      ] GC(49) CMS: 48771K->48771K(439104K)
[2020-09-11T12:36:14.374+0000][1][gc,metaspace ] GC(49) Metaspace: 32408K->32408K(1079296K)
[2020-09-11T12:36:14.374+0000][1][gc           ] GC(49) Pause Young (Allocation Failure) 114M->47M(503M) 2.358ms
[2020-09-11T12:36:14.374+0000][1][gc,cpu       ] GC(49) User=0.00s Sys=0.00s Real=0.00s
[2020-09-11T12:36:14.387+0000][1][safepoint    ] Safepoint "GenCollectForAllocation", Time since last: 239598573 ns, Reaching safepoint: 809685 ns, At safepoint: 15597662 ns, Total: 16407347 ns
[2020-09-11T12:36:15.402+0000][1][safepoint    ] Safepoint "Cleanup", Time since last: 1001642417 ns, Reaching safepoint: 13046210 ns, At safepoint: 12824 ns, Total: 13059034 ns
[2020-09-11T12:36:17.403+0000][1][safepoint    ] Safepoint "Cleanup", Time since last: 2000992720 ns, Reaching safepoint: 41815 ns, At safepoint: 7131 ns, Total: 48946 ns
[2020-09-11T12:36:17.976+0000][1][gc,start     ] GC(50) Pause Young (Allocation Failure)
[2020-09-11T12:36:17.976+0000][1][gc,task      ] GC(50) Using 1 workers of 1 for evacuation
[2020-09-11T12:36:17.978+0000][1][gc,age       ] GC(50) Desired survivor size 4358144 bytes, new threshold 6 (max threshold 6)
[2020-09-11T12:36:17.978+0000][1][gc,age       ] GC(50) Age table with threshold 6 (max threshold 6)
[2020-09-11T12:36:17.978+0000][1][gc,age       ] GC(50) - age   1:     166824 bytes,     166824 total
[2020-09-11T12:36:17.978+0000][1][gc,age       ] GC(50) - age   6:        296 bytes,     167120 total
[2020-09-11T12:36:17.978+0000][1][gc,heap      ] GC(50) ParNew: 68164K->165K(76672K)
[2020-09-11T12:36:17.978+0000][1][gc,heap      ] GC(50) CMS: 48771K->48771K(439104K)
[2020-09-11T12:36:17.978+0000][1][gc,metaspace ] GC(50) Metaspace: 32410K->32410K(1079296K)
[2020-09-11T12:36:17.978+0000][1][gc           ] GC(50) Pause Young (Allocation Failure) 114M->47M(503M) 2.596ms
[2020-09-11T12:36:17.978+0000][1][gc,cpu       ] GC(50) User=0.00s Sys=0.00s Real=0.00s
[2020-09-11T12:36:17.987+0000][1][safepoint    ] Safepoint "GenCollectForAllocation", Time since last: 572248663 ns, Reaching safepoint: 108580 ns, At safepoint: 11883415 ns, Total: 11991995 ns
[2020-09-11T12:36:18.998+0000][1][gc,start     ] GC(51) Pause Young (Allocation Failure)
[2020-09-11T12:36:18.998+0000][1][gc,task      ] GC(51) Using 1 workers of 1 for evacuation
[2020-09-11T12:36:19.013+0000][1][gc,age       ] GC(51) Desired survivor size 4358144 bytes, new threshold 6 (max threshold 6)
[2020-09-11T12:36:19.013+0000][1][gc,age       ] GC(51) Age table with threshold 6 (max threshold 6)
[2020-09-11T12:36:19.013+0000][1][gc,age       ] GC(51) - age   1:     512832 bytes,     512832 total
[2020-09-11T12:36:19.013+0000][1][gc,age       ] GC(51) - age   2:     116664 bytes,     629496 total
[2020-09-11T12:36:19.013+0000][1][gc,heap      ] GC(51) ParNew: 68325K->636K(76672K)
[2020-09-11T12:36:19.013+0000][1][gc,heap      ] GC(51) CMS: 48771K->48772K(439104K)
[2020-09-11T12:36:19.013+0000][1][gc,metaspace ] GC(51) Metaspace: 32410K->32410K(1079296K)
[2020-09-11T12:36:19.013+0000][1][gc           ] GC(51) Pause Young (Allocation Failure) 114M->48M(503M) 14.987ms
[2020-09-11T12:36:19.013+0000][1][gc,cpu       ] GC(51) User=0.00s Sys=0.00s Real=0.01s
[2020-09-11T12:36:19.027+0000][1][safepoint    ] Safepoint "GenCollectForAllocation", Time since last: 1010834085 ns, Reaching safepoint: 95117 ns, At safepoint: 28930302 ns, Total: 29025419 ns
[2020-09-11T12:36:20.055+0000][1][gc,start     ] GC(52) Pause Young (Allocation Failure)
[2020-09-11T12:36:20.056+0000][1][gc,task      ] GC(52) Using 1 workers of 1 for evacuation
[2020-09-11T12:36:20.058+0000][1][gc,age       ] GC(52) Desired survivor size 4358144 bytes, new threshold 6 (max threshold 6)
[2020-09-11T12:36:20.058+0000][1][gc,age       ] GC(52) Age table with threshold 6 (max threshold 6)
[2020-09-11T12:36:20.058+0000][1][gc,age       ] GC(52) - age   1:     676000 bytes,     676000 total
[2020-09-11T12:36:20.058+0000][1][gc,age       ] GC(52) - age   2:     341648 bytes,    1017648 total
[2020-09-11T12:36:20.058+0000][1][gc,age       ] GC(52) - age   3:     116040 bytes,    1133688 total
[2020-09-11T12:36:20.058+0000][1][gc,heap      ] GC(52) ParNew: 68796K->1146K(76672K)
[2020-09-11T12:36:20.058+0000][1][gc,heap      ] GC(52) CMS: 48772K->48772K(439104K)
[2020-09-11T12:36:20.058+0000][1][gc,metaspace ] GC(52) Metaspace: 32410K->32410K(1079296K)
[2020-09-11T12:36:20.058+0000][1][gc           ] GC(52) Pause Young (Allocation Failure) 114M->48M(503M) 2.858ms
[2020-09-11T12:36:20.058+0000][1][gc,cpu       ] GC(52) User=0.00s Sys=0.00s Real=0.00s
[2020-09-11T12:36:20.058+0000][1][safepoint    ] Safepoint "GenCollectForAllocation", Time since last: 1028051389 ns, Reaching safepoint: 100040 ns, At safepoint: 2920280 ns, Total: 3020320 ns
[2020-09-11T12:36:21.008+0000][1][gc,start     ] GC(53) Pause Young (Allocation Failure)
[2020-09-11T12:36:21.008+0000][1][gc,task      ] GC(53) Using 1 workers of 1 for evacuation
[2020-09-11T12:36:21.011+0000][1][gc,age       ] GC(53) Desired survivor size 4358144 bytes, new threshold 6 (max threshold 6)
[2020-09-11T12:36:21.011+0000][1][gc,age       ] GC(53) Age table with threshold 6 (max threshold 6)
[2020-09-11T12:36:21.011+0000][1][gc,age       ] GC(53) - age   1:     654640 bytes,     654640 total
[2020-09-11T12:36:21.011+0000][1][gc,age       ] GC(53) - age   2:     335192 bytes,     989832 total
[2020-09-11T12:36:21.011+0000][1][gc,age       ] GC(53) - age   3:     340912 bytes,    1330744 total
[2020-09-11T12:36:21.011+0000][1][gc,age       ] GC(53) - age   4:     115400 bytes,    1446144 total
[2020-09-11T12:36:21.011+0000][1][gc,heap      ] GC(53) ParNew: 69306K->1440K(76672K)
[2020-09-11T12:36:21.011+0000][1][gc,heap      ] GC(53) CMS: 48772K->48772K(439104K)
[2020-09-11T12:36:21.011+0000][1][gc,metaspace ] GC(53) Metaspace: 32410K->32410K(1079296K)
[2020-09-11T12:36:21.011+0000][1][gc           ] GC(53) Pause Young (Allocation Failure) 115M->49M(503M) 2.805ms
[2020-09-11T12:36:21.011+0000][1][gc,cpu       ] GC(53) User=0.00s Sys=0.00s Real=0.00s
[2020-09-11T12:36:21.015+0000][1][safepoint    ] Safepoint "GenCollectForAllocation", Time since last: 949410988 ns, Reaching safepoint: 100250 ns, At safepoint: 7553033 ns, Total: 7653283 ns
[2020-09-11T12:36:21.672+0000][1][gc,start     ] GC(54) Pause Young (Allocation Failure)
[2020-09-11T12:36:21.672+0000][1][gc,task      ] GC(54) Using 1 workers of 1 for evacuation
[2020-09-11T12:36:21.674+0000][1][gc,age       ] GC(54) Desired survivor size 4358144 bytes, new threshold 6 (max threshold 6)
[2020-09-11T12:36:21.674+0000][1][gc,age       ] GC(54) Age table with threshold 6 (max threshold 6)
[2020-09-11T12:36:21.674+0000][1][gc,age       ] GC(54) - age   1:     930352 bytes,     930352 total
[2020-09-11T12:36:21.674+0000][1][gc,age       ] GC(54) - age   2:     298944 bytes,    1229296 total
[2020-09-11T12:36:21.674+0000][1][gc,age       ] GC(54) - age   3:     334240 bytes,    1563536 total
[2020-09-11T12:36:21.674+0000][1][gc,age       ] GC(54) - age   4:     340912 bytes,    1904448 total
[2020-09-11T12:36:21.674+0000][1][gc,age       ] GC(54) - age   5:     115240 bytes,    2019688 total
[2020-09-11T12:36:21.674+0000][1][gc,heap      ] GC(54) ParNew: 69600K->2075K(76672K)
[2020-09-11T12:36:21.675+0000][1][gc,heap      ] GC(54) CMS: 48772K->48772K(439104K)
[2020-09-11T12:36:21.675+0000][1][gc,metaspace ] GC(54) Metaspace: 32410K->32410K(1079296K)
[2020-09-11T12:36:21.675+0000][1][gc           ] GC(54) Pause Young (Allocation Failure) 115M->49M(503M) 2.978ms
[2020-09-11T12:36:21.675+0000][1][gc,cpu       ] GC(54) User=0.00s Sys=0.00s Real=0.00s
[2020-09-11T12:36:21.675+0000][1][safepoint    ] Safepoint "GenCollectForAllocation", Time since last: 656006559 ns, Reaching safepoint: 121312 ns, At safepoint: 3038817 ns, Total: 3160129 ns
[2020-09-11T12:36:22.159+0000][1][gc,start     ] GC(55) Pause Young (Allocation Failure)
[2020-09-11T12:36:22.160+0000][1][gc,task      ] GC(55) Using 1 workers of 1 for evacuation
[2020-09-11T12:36:22.162+0000][1][gc,age       ] GC(55) Desired survivor size 4358144 bytes, new threshold 6 (max threshold 6)
[2020-09-11T12:36:22.162+0000][1][gc,age       ] GC(55) Age table with threshold 6 (max threshold 6)
[2020-09-11T12:36:22.162+0000][1][gc,age       ] GC(55) - age   1:     313488 bytes,     313488 total
[2020-09-11T12:36:22.162+0000][1][gc,age       ] GC(55) - age   2:     919632 bytes,    1233120 total
[2020-09-11T12:36:22.162+0000][1][gc,age       ] GC(55) - age   3:     298096 bytes,    1531216 total
[2020-09-11T12:36:22.162+0000][1][gc,age       ] GC(55) - age   4:     330480 bytes,    1861696 total
[2020-09-11T12:36:22.162+0000][1][gc,age       ] GC(55) - age   5:     340656 bytes,    2202352 total
[2020-09-11T12:36:22.162+0000][1][gc,age       ] GC(55) - age   6:     115216 bytes,    2317568 total
[2020-09-11T12:36:22.162+0000][1][gc,heap      ] GC(55) ParNew: 70235K->2265K(76672K)
[2020-09-11T12:36:22.162+0000][1][gc,heap      ] GC(55) CMS: 48772K->48772K(439104K)
[2020-09-11T12:36:22.162+0000][1][gc,metaspace ] GC(55) Metaspace: 32410K->32410K(1079296K)
[2020-09-11T12:36:22.162+0000][1][gc           ] GC(55) Pause Young (Allocation Failure) 116M->49M(503M) 3.010ms
[2020-09-11T12:36:22.162+0000][1][gc,cpu       ] GC(55) User=0.01s Sys=0.00s Real=0.00s
[2020-09-11T12:36:22.171+0000][1][safepoint    ] Safepoint "GenCollectForAllocation", Time since last: 483281578 ns, Reaching safepoint: 1564825 ns, At safepoint: 12031246 ns, Total: 13596071 ns
[2020-09-11T12:36:23.123+0000][1][safepoint    ] Safepoint "RevokeBias", Time since last: 949055191 ns, Reaching safepoint: 2933487 ns, At safepoint: 39006 ns, Total: 2972493 ns
[2020-09-11T12:36:23.456+0000][1][safepoint    ] Safepoint "Deoptimize", Time since last: 331940889 ns, Reaching safepoint: 123169 ns, At safepoint: 299525 ns, Total: 422694 ns
[2020-09-11T12:36:24.024+0000][1][safepoint    ] Safepoint "CollectForMetadataAllocation", Time since last: 567714927 ns, Reaching safepoint: 152193 ns, At safepoint: 115403 ns, Total: 267596 ns
[2020-09-11T12:36:24.160+0000][1][safepoint    ] Safepoint "CollectForMetadataAllocation", Time since last: 136311419 ns, Reaching safepoint: 96060 ns, At safepoint: 127245 ns, Total: 223305 ns
[2020-09-11T12:36:24.174+0000][1][gc,start     ] GC(56) Pause Initial Mark
[2020-09-11T12:36:24.259+0000][1][gc           ] GC(56) Pause Initial Mark 105M->105M(503M) 84.612ms
[2020-09-11T12:36:24.259+0000][1][gc,cpu       ] GC(56) User=0.02s Sys=0.00s Real=0.09s
[2020-09-11T12:36:24.299+0000][1][safepoint    ] Safepoint "CMS_Initial_Mark", Time since last: 13884781 ns, Reaching safepoint: 31411 ns, At safepoint: 125157119 ns, Total: 125188530 ns
[2020-09-11T12:36:24.299+0000][1][gc           ] GC(56) Concurrent Mark
[2020-09-11T12:36:24.512+0000][1][safepoint    ] Safepoint "CollectForMetadataAllocation", Time since last: 199849862 ns, Reaching safepoint: 12170278 ns, At safepoint: 109611 ns, Total: 12279889 ns
[2020-09-11T12:36:24.656+0000][1][safepoint    ] Safepoint "CollectForMetadataAllocation", Time since last: 133246581 ns, Reaching safepoint: 10634691 ns, At safepoint: 139431 ns, Total: 10774122 ns
[2020-09-11T12:36:24.824+0000][1][gc           ] GC(56) Concurrent Mark 524.043ms
[2020-09-11T12:36:24.824+0000][1][gc,cpu       ] GC(56) User=0.13s Sys=0.00s Real=0.53s
[2020-09-11T12:36:24.824+0000][1][safepoint    ] Safepoint "CollectForMetadataAllocation", Time since last: 163818582 ns, Reaching safepoint: 4241491 ns, At safepoint: 117792 ns, Total: 4359283 ns
[2020-09-11T12:36:24.838+0000][1][gc           ] GC(56) Concurrent Preclean
[2020-09-11T12:36:24.839+0000][1][gc           ] GC(56) Concurrent Preclean 1.494ms
[2020-09-11T12:36:24.839+0000][1][gc,cpu       ] GC(56) User=0.00s Sys=0.00s Real=0.00s
[2020-09-11T12:36:24.839+0000][1][gc           ] GC(56) Concurrent Abortable Preclean
[2020-09-11T12:36:25.056+0000][1][safepoint    ] Safepoint "CollectForMetadataAllocation", Time since last: 232426396 ns, Reaching safepoint: 91648 ns, At safepoint: 106301 ns, Total: 197949 ns
[2020-09-11T12:36:25.188+0000][1][gc,start     ] GC(57) Pause Young (Allocation Failure)
[2020-09-11T12:36:25.188+0000][1][gc,task      ] GC(57) Using 1 workers of 1 for evacuation
[2020-09-11T12:36:25.234+0000][1][gc,age       ] GC(57) Desired survivor size 4358144 bytes, new threshold 6 (max threshold 6)
[2020-09-11T12:36:25.234+0000][1][gc,age       ] GC(57) Age table with threshold 6 (max threshold 6)
[2020-09-11T12:36:25.234+0000][1][gc,age       ] GC(57) - age   1:    1495232 bytes,    1495232 total
[2020-09-11T12:36:25.234+0000][1][gc,age       ] GC(57) - age   2:     301680 bytes,    1796912 total
[2020-09-11T12:36:25.234+0000][1][gc,age       ] GC(57) - age   3:     918936 bytes,    2715848 total
[2020-09-11T12:36:25.234+0000][1][gc,age       ] GC(57) - age   4:     297680 bytes,    3013528 total
[2020-09-11T12:36:25.234+0000][1][gc,age       ] GC(57) - age   5:     330360 bytes,    3343888 total
[2020-09-11T12:36:25.234+0000][1][gc,age       ] GC(57) - age   6:     340656 bytes,    3684544 total
[2020-09-11T12:36:25.234+0000][1][gc,heap      ] GC(57) ParNew: 70425K->3610K(76672K)
[2020-09-11T12:36:25.234+0000][1][gc,heap      ] GC(57) CMS: 48772K->48881K(439104K)
[2020-09-11T12:36:25.234+0000][1][gc,metaspace ] GC(57) Metaspace: 36189K->36189K(1083392K)
[2020-09-11T12:36:25.234+0000][1][gc           ] GC(57) Pause Young (Allocation Failure) 116M->51M(503M) 46.275ms
[2020-09-11T12:36:25.234+0000][1][gc,cpu       ] GC(57) User=0.02s Sys=0.00s Real=0.04s
[2020-09-11T12:36:25.271+0000][1][safepoint    ] Safepoint "GenCollectForAllocation", Time since last: 131600026 ns, Reaching safepoint: 106018 ns, At safepoint: 83314167 ns, Total: 83420185 ns
[2020-09-11T12:36:25.879+0000][1][gc           ] GC(56) Concurrent Abortable Preclean 1040.082ms
[2020-09-11T12:36:25.879+0000][1][gc,cpu       ] GC(56) User=0.25s Sys=0.00s Real=1.04s
[2020-09-11T12:36:25.880+0000][1][gc,start     ] GC(56) Pause Remark
[2020-09-11T12:36:26.030+0000][1][gc           ] GC(56) Pause Remark 101M->101M(503M) 150.228ms
[2020-09-11T12:36:26.030+0000][1][gc,cpu       ] GC(56) User=0.04s Sys=0.00s Real=0.15s
[2020-09-11T12:36:26.075+0000][1][safepoint    ] Safepoint "CMS_Final_Remark", Time since last: 608063068 ns, Reaching safepoint: 306758 ns, At safepoint: 195657937 ns, Total: 195964695 ns
[2020-09-11T12:36:26.076+0000][1][gc           ] GC(56) Concurrent Sweep
[2020-09-11T12:36:26.189+0000][1][gc           ] GC(56) Concurrent Sweep 113.510ms
[2020-09-11T12:36:26.189+0000][1][gc,cpu       ] GC(56) User=0.03s Sys=0.00s Real=0.11s
[2020-09-11T12:36:26.189+0000][1][gc           ] GC(56) Concurrent Reset
[2020-09-11T12:36:26.190+0000][1][gc           ] GC(56) Concurrent Reset 0.620ms
[2020-09-11T12:36:26.190+0000][1][gc,cpu       ] GC(56) User=0.00s Sys=0.00s Real=0.00s
[2020-09-11T12:36:26.190+0000][1][gc,heap      ] GC(56) Old: 48772K->47797K(439104K)
[2020-09-11T12:36:26.258+0000][1][gc,start     ] GC(58) Pause Young (Allocation Failure)
[2020-09-11T12:36:26.258+0000][1][gc,task      ] GC(58) Using 1 workers of 1 for evacuation
[2020-09-11T12:36:26.301+0000][1][gc,age       ] GC(58) Desired survivor size 4358144 bytes, new threshold 6 (max threshold 6)
[2020-09-11T12:36:26.301+0000][1][gc,age       ] GC(58) Age table with threshold 6 (max threshold 6)
[2020-09-11T12:36:26.301+0000][1][gc,age       ] GC(58) - age   1:      55096 bytes,      55096 total
[2020-09-11T12:36:26.301+0000][1][gc,age       ] GC(58) - age   2:    1467760 bytes,    1522856 total
[2020-09-11T12:36:26.301+0000][1][gc,age       ] GC(58) - age   3:     301680 bytes,    1824536 total
[2020-09-11T12:36:26.301+0000][1][gc,age       ] GC(58) - age   4:     918936 bytes,    2743472 total
[2020-09-11T12:36:26.301+0000][1][gc,age       ] GC(58) - age   5:     297680 bytes,    3041152 total
[2020-09-11T12:36:26.301+0000][1][gc,age       ] GC(58) - age   6:     330192 bytes,    3371344 total
[2020-09-11T12:36:26.301+0000][1][gc,heap      ] GC(58) ParNew: 71770K->3407K(76672K)
[2020-09-11T12:36:26.301+0000][1][gc,heap      ] GC(58) CMS: 47797K->48130K(439104K)
[2020-09-11T12:36:26.301+0000][1][gc,metaspace ] GC(58) Metaspace: 36192K->36192K(1083392K)
[2020-09-11T12:36:26.301+0000][1][gc           ] GC(58) Pause Young (Allocation Failure) 116M->50M(503M) 42.533ms
[2020-09-11T12:36:26.301+0000][1][gc,cpu       ] GC(58) User=0.01s Sys=0.00s Real=0.04s
[2020-09-11T12:36:26.301+0000][1][safepoint    ] Safepoint "GenCollectForAllocation", Time since last: 182513937 ns, Reaching safepoint: 369450 ns, At safepoint: 42592635 ns, Total: 42962085 ns
[2020-09-11T12:36:27.336+0000][1][safepoint    ] Safepoint "Cleanup", Time since last: 1034482568 ns, Reaching safepoint: 663292 ns, At safepoint: 6840 ns, Total: 670132 ns
[2020-09-11T12:36:28.061+0000][1][safepoint    ] Safepoint "RevokeBias", Time since last: 724827017 ns, Reaching safepoint: 105616 ns, At safepoint: 32065 ns, Total: 137681 ns
[2020-09-11T12:36:29.063+0000][1][safepoint    ] Safepoint "Cleanup", Time since last: 1001443993 ns, Reaching safepoint: 972806 ns, At safepoint: 7044 ns, Total: 979850 ns
[2020-09-11T12:36:30.070+0000][1][safepoint    ] Safepoint "Cleanup", Time since last: 1006036551 ns, Reaching safepoint: 130403 ns, At safepoint: 6367 ns, Total: 136770 ns
[2020-09-11T12:36:31.079+0000][1][safepoint    ] Safepoint "Cleanup", Time since last: 1006130533 ns, Reaching safepoint: 3665199 ns, At safepoint: 8459 ns, Total: 3673658 ns
[2020-09-11T12:36:31.352+0000][1][gc,start     ] GC(59) Pause Young (Allocation Failure)
[2020-09-11T12:36:31.353+0000][1][gc,task      ] GC(59) Using 1 workers of 1 for evacuation
[2020-09-11T12:36:31.410+0000][1][gc,age       ] GC(59) Desired survivor size 4358144 bytes, new threshold 4 (max threshold 6)
[2020-09-11T12:36:31.410+0000][1][gc,age       ] GC(59) Age table with threshold 4 (max threshold 6)
[2020-09-11T12:36:31.410+0000][1][gc,age       ] GC(59) - age   1:    2775736 bytes,    2775736 total
[2020-09-11T12:36:31.410+0000][1][gc,age       ] GC(59) - age   2:      54888 bytes,    2830624 total
[2020-09-11T12:36:31.410+0000][1][gc,age       ] GC(59) - age   3:    1422424 bytes,    4253048 total
[2020-09-11T12:36:31.410+0000][1][gc,age       ] GC(59) - age   4:     301680 bytes,    4554728 total
[2020-09-11T12:36:31.410+0000][1][gc,age       ] GC(59) - age   5:     918936 bytes,    5473664 total
[2020-09-11T12:36:31.410+0000][1][gc,age       ] GC(59) - age   6:     297680 bytes,    5771344 total
[2020-09-11T12:36:31.410+0000][1][gc,heap      ] GC(59) ParNew: 71567K->8259K(76672K)
[2020-09-11T12:36:31.410+0000][1][gc,heap      ] GC(59) CMS: 48130K->48452K(439104K)
[2020-09-11T12:36:31.410+0000][1][gc,metaspace ] GC(59) Metaspace: 42758K->42758K(1089536K)
[2020-09-11T12:36:31.410+0000][1][gc           ] GC(59) Pause Young (Allocation Failure) 116M->55M(503M) 57.428ms
[2020-09-11T12:36:31.410+0000][1][gc,cpu       ] GC(59) User=0.01s Sys=0.00s Real=0.06s
[2020-09-11T12:36:31.424+0000][1][safepoint    ] Safepoint "GenCollectForAllocation", Time since last: 272929748 ns, Reaching safepoint: 107577 ns, At safepoint: 71563457 ns, Total: 71671034 ns
[2020-09-11T12:36:32.459+0000][1][safepoint    ] Safepoint "Cleanup", Time since last: 1031385102 ns, Reaching safepoint: 4038776 ns, At safepoint: 11821 ns, Total: 4050597 ns
[2020-09-11T12:36:33.194+0000][1][safepoint    ] Safepoint "RevokeBias", Time since last: 720408681 ns, Reaching safepoint: 14098212 ns, At safepoint: 32762 ns, Total: 14130974 ns
[2020-09-11T12:36:34.205+0000][1][safepoint    ] Safepoint "Cleanup", Time since last: 1001400623 ns, Reaching safepoint: 9128174 ns, At safepoint: 9911 ns, Total: 9138085 ns
[2020-09-11T12:36:38.172+0000][1][safepoint    ] Safepoint "RevokeBias", Time since last: 3967062113 ns, Reaching safepoint: 103583 ns, At safepoint: 47202 ns, Total: 150785 ns
[2020-09-11T12:36:38.172+0000][1][safepoint    ] Safepoint "RevokeBias", Time since last: 209845 ns, Reaching safepoint: 82105 ns, At safepoint: 35501 ns, Total: 117606 ns
[2020-09-11T12:36:38.172+0000][1][safepoint    ] Safepoint "RevokeBias", Time since last: 156383 ns, Reaching safepoint: 82747 ns, At safepoint: 33396 ns, Total: 116143 ns
[2020-09-11T12:36:38.173+0000][1][safepoint    ] Safepoint "RevokeBias", Time since last: 63345 ns, Reaching safepoint: 82680 ns, At safepoint: 32920 ns, Total: 115600 ns
[2020-09-11T12:36:38.173+0000][1][safepoint    ] Safepoint "RevokeBias", Time since last: 35675 ns, Reaching safepoint: 80708 ns, At safepoint: 32502 ns, Total: 113210 ns
[2020-09-11T12:36:38.173+0000][1][safepoint    ] Safepoint "RevokeBias", Time since last: 29357 ns, Reaching safepoint: 80041 ns, At safepoint: 32431 ns, Total: 112472 ns
[2020-09-11T12:36:38.173+0000][1][safepoint    ] Safepoint "RevokeBias", Time since last: 28672 ns, Reaching safepoint: 79921 ns, At safepoint: 31929 ns, Total: 111850 ns
[2020-09-11T12:36:38.173+0000][1][safepoint    ] Safepoint "RevokeBias", Time since last: 28451 ns, Reaching safepoint: 79826 ns, At safepoint: 32373 ns, Total: 112199 ns
[2020-09-11T12:36:38.173+0000][1][safepoint    ] Safepoint "RevokeBias", Time since last: 28180 ns, Reaching safepoint: 79572 ns, At safepoint: 32286 ns, Total: 111858 ns
[2020-09-11T12:36:38.173+0000][1][safepoint    ] Safepoint "RevokeBias", Time since last: 30591 ns, Reaching safepoint: 79319 ns, At safepoint: 32036 ns, Total: 111355 ns
[2020-09-11T12:36:38.179+0000][1][safepoint    ] Safepoint "RevokeBias", Time since last: 27557 ns, Reaching safepoint: 140637 ns, At safepoint: 5875391 ns, Total: 6016028 ns
[2020-09-11T12:36:38.180+0000][1][safepoint    ] Safepoint "RevokeBias", Time since last: 70784 ns, Reaching safepoint: 104478 ns, At safepoint: 40610 ns, Total: 145088 ns
[2020-09-11T12:36:38.180+0000][1][safepoint    ] Safepoint "RevokeBias", Time since last: 32000 ns, Reaching safepoint: 80049 ns, At safepoint: 32015 ns, Total: 112064 ns
[2020-09-11T12:36:38.180+0000][1][safepoint    ] Safepoint "RevokeBias", Time since last: 32572 ns, Reaching safepoint: 79393 ns, At safepoint: 31716 ns, Total: 111109 ns
[2020-09-11T12:36:38.180+0000][1][safepoint    ] Safepoint "RevokeBias", Time since last: 28038 ns, Reaching safepoint: 79067 ns, At safepoint: 30397 ns, Total: 109464 ns
[2020-09-11T12:36:38.180+0000][1][safepoint    ] Safepoint "RevokeBias", Time since last: 70043 ns, Reaching safepoint: 82174 ns, At safepoint: 30650 ns, Total: 112824 ns
[2020-09-11T12:36:38.180+0000][1][safepoint    ] Safepoint "RevokeBias", Time since last: 36818 ns, Reaching safepoint: 79905 ns, At safepoint: 30606 ns, Total: 110511 ns
[2020-09-11T12:36:38.181+0000][1][safepoint    ] Safepoint "RevokeBias", Time since last: 77020 ns, Reaching safepoint: 81591 ns, At safepoint: 31500 ns, Total: 113091 ns
[2020-09-11T12:36:38.181+0000][1][safepoint    ] Safepoint "RevokeBias", Time since last: 764483 ns, Reaching safepoint: 84734 ns, At safepoint: 32119 ns, Total: 116853 ns
[2020-09-11T12:36:38.184+0000][1][safepoint    ] Safepoint "RevokeBias", Time since last: 1923356 ns, Reaching safepoint: 92427 ns, At safepoint: 39190 ns, Total: 131617 ns
[2020-09-11T12:36:40.703+0000][1][safepoint    ] Safepoint "Cleanup", Time since last: 2510919832 ns, Reaching safepoint: 8976679 ns, At safepoint: 19795 ns, Total: 8996474 ns
[2020-09-11T12:36:41.712+0000][1][safepoint    ] Safepoint "Cleanup", Time since last: 1007959953 ns, Reaching safepoint: 117616 ns, At safepoint: 6867 ns, Total: 124483 ns
[2020-09-11T12:36:42.720+0000][1][safepoint    ] Safepoint "Cleanup", Time since last: 1007882057 ns, Reaching safepoint: 144779 ns, At safepoint: 6254 ns, Total: 151033 ns
[2020-09-11T12:36:43.425+0000][1][gc,start     ] GC(60) Pause Young (Allocation Failure)
[2020-09-11T12:36:43.425+0000][1][gc,task      ] GC(60) Using 1 workers of 1 for evacuation
[2020-09-11T12:36:43.527+0000][1][gc,age       ] GC(60) Desired survivor size 4358144 bytes, new threshold 2 (max threshold 6)
[2020-09-11T12:36:43.527+0000][1][gc,age       ] GC(60) Age table with threshold 2 (max threshold 6)
[2020-09-11T12:36:43.527+0000][1][gc,age       ] GC(60) - age   1:    2987936 bytes,    2987936 total
[2020-09-11T12:36:43.527+0000][1][gc,age       ] GC(60) - age   2:    2699280 bytes,    5687216 total
[2020-09-11T12:36:43.527+0000][1][gc,age       ] GC(60) - age   3:      54888 bytes,    5742104 total
[2020-09-11T12:36:43.527+0000][1][gc,age       ] GC(60) - age   4:    1420704 bytes,    7162808 total
[2020-09-11T12:36:43.527+0000][1][gc,heap      ] GC(60) ParNew: 76419K->8512K(76672K)
[2020-09-11T12:36:43.527+0000][1][gc,heap      ] GC(60) CMS: 48452K->49935K(439104K)
[2020-09-11T12:36:43.527+0000][1][gc,metaspace ] GC(60) Metaspace: 48049K->48049K(1093632K)
[2020-09-11T12:36:43.527+0000][1][gc           ] GC(60) Pause Young (Allocation Failure) 121M->57M(503M) 101.782ms
[2020-09-11T12:36:43.527+0000][1][gc,cpu       ] GC(60) User=0.03s Sys=0.00s Real=0.10s
[2020-09-11T12:36:43.539+0000][1][safepoint    ] Safepoint "GenCollectForAllocation", Time since last: 705432993 ns, Reaching safepoint: 146684 ns, At safepoint: 114244829 ns, Total: 114391513 ns
[2020-09-11T12:36:43.584+0000][1][safepoint    ] Safepoint "RevokeBias", Time since last: 44861046 ns, Reaching safepoint: 96054 ns, At safepoint: 31387 ns, Total: 127441 ns
[2020-09-11T12:36:43.597+0000][1][safepoint    ] Safepoint "RevokeBias", Time since last: 12151561 ns, Reaching safepoint: 99568 ns, At safepoint: 33519 ns, Total: 133087 ns
[2020-09-11T12:36:43.679+0000][1][safepoint    ] Safepoint "RevokeBias", Time since last: 80696263 ns, Reaching safepoint: 2048121 ns, At safepoint: 43654 ns, Total: 2091775 ns
[2020-09-11T12:36:43.695+0000][1][safepoint    ] Safepoint "RevokeBias", Time since last: 11765308 ns, Reaching safepoint: 108512 ns, At safepoint: 4071612 ns, Total: 4180124 ns
[2020-09-11T12:36:43.929+0000][1][safepoint    ] Safepoint "RevokeBias", Time since last: 233690557 ns, Reaching safepoint: 109456 ns, At safepoint: 15845 ns, Total: 125301 ns
[2020-09-11T12:36:44.453+0000][1][safepoint    ] Safepoint "RevokeBias", Time since last: 523504382 ns, Reaching safepoint: 374583 ns, At safepoint: 35519 ns, Total: 410102 ns
[2020-09-11T12:36:44.456+0000][1][safepoint    ] Safepoint "RevokeBias", Time since last: 2426830 ns, Reaching safepoint: 86367 ns, At safepoint: 20963 ns, Total: 107330 ns
[2020-09-11T12:36:44.456+0000][1][safepoint    ] Safepoint "RevokeBias", Time since last: 44397 ns, Reaching safepoint: 81927 ns, At safepoint: 17222 ns, Total: 99149 ns
[2020-09-11T12:36:44.704+0000][1][safepoint    ] Safepoint "RevokeBias", Time since last: 247711089 ns, Reaching safepoint: 113904 ns, At safepoint: 39499 ns, Total: 153403 ns
[2020-09-11T12:36:44.704+0000][1][safepoint    ] Safepoint "RevokeBias", Time since last: 413228 ns, Reaching safepoint: 86847 ns, At safepoint: 32031 ns, Total: 118878 ns
[2020-09-11T12:36:44.704+0000][1][safepoint    ] Safepoint "RevokeBias", Time since last: 107362 ns, Reaching safepoint: 83977 ns, At safepoint: 21748 ns, Total: 105725 ns
[2020-09-11T12:36:44.712+0000][1][safepoint    ] Safepoint "RevokeBias", Time since last: 7375766 ns, Reaching safepoint: 103947 ns, At safepoint: 35723 ns, Total: 139670 ns
[2020-09-11T12:36:44.712+0000][1][safepoint    ] Safepoint "RevokeBias", Time since last: 348067 ns, Reaching safepoint: 84362 ns, At safepoint: 27433 ns, Total: 111795 ns
[2020-09-11T12:36:44.730+0000][1][safepoint    ] Safepoint "RevokeBias", Time since last: 11033163 ns, Reaching safepoint: 6850097 ns, At safepoint: 48109 ns, Total: 6898206 ns
[2020-09-11T12:36:44.734+0000][1][safepoint    ] Safepoint "RevokeBias", Time since last: 3937961 ns, Reaching safepoint: 96686 ns, At safepoint: 30248 ns, Total: 126934 ns
[2020-09-11T12:36:44.735+0000][1][safepoint    ] Safepoint "RevokeBias", Time since last: 89314 ns, Reaching safepoint: 83412 ns, At safepoint: 20387 ns, Total: 103799 ns
[2020-09-11T12:36:44.735+0000][1][safepoint    ] Safepoint "RevokeBias", Time since last: 135517 ns, Reaching safepoint: 85541 ns, At safepoint: 20024 ns, Total: 105565 ns
[2020-09-11T12:36:44.735+0000][1][safepoint    ] Safepoint "RevokeBias", Time since last: 32232 ns, Reaching safepoint: 82103 ns, At safepoint: 21860 ns, Total: 103963 ns
[2020-09-11T12:36:44.735+0000][1][safepoint    ] Safepoint "RevokeBias", Time since last: 28611 ns, Reaching safepoint: 81742 ns, At safepoint: 18851 ns, Total: 100593 ns
[2020-09-11T12:36:44.735+0000][1][safepoint    ] Safepoint "RevokeBias", Time since last: 27544 ns, Reaching safepoint: 82225 ns, At safepoint: 23992 ns, Total: 106217 ns
[2020-09-11T12:36:44.735+0000][1][safepoint    ] Safepoint "RevokeBias", Time since last: 27567 ns, Reaching safepoint: 81525 ns, At safepoint: 24336 ns, Total: 105861 ns
[2020-09-11T12:36:44.736+0000][1][safepoint    ] Safepoint "RevokeBias", Time since last: 43821 ns, Reaching safepoint: 81840 ns, At safepoint: 23817 ns, Total: 105657 ns
[2020-09-11T12:36:44.736+0000][1][safepoint    ] Safepoint "RevokeBias", Time since last: 31698 ns, Reaching safepoint: 81822 ns, At safepoint: 23529 ns, Total: 105351 ns
[2020-09-11T12:36:44.736+0000][1][safepoint    ] Safepoint "BulkRevokeBias", Time since last: 27590 ns, Reaching safepoint: 81740 ns, At safepoint: 66763 ns, Total: 148503 ns
[2020-09-11T12:36:44.737+0000][1][safepoint    ] Safepoint "RevokeBias", Time since last: 1283979 ns, Reaching safepoint: 64867 ns, At safepoint: 33265 ns, Total: 98132 ns
[2020-09-11T12:36:44.737+0000][1][safepoint    ] Safepoint "RevokeBias", Time since last: 46627 ns, Reaching safepoint: 84341 ns, At safepoint: 31163 ns, Total: 115504 ns
[2020-09-11T12:36:44.748+0000][1][safepoint    ] Safepoint "RevokeBias", Time since last: 10428526 ns, Reaching safepoint: 102896 ns, At safepoint: 13708 ns, Total: 116604 ns
[2020-09-11T12:36:44.748+0000][1][safepoint    ] Safepoint "RevokeBias", Time since last: 59224 ns, Reaching safepoint: 81293 ns, At safepoint: 9396 ns, Total: 90689 ns
[2020-09-11T12:36:44.748+0000][1][safepoint    ] Safepoint "RevokeBias", Time since last: 29937 ns, Reaching safepoint: 79536 ns, At safepoint: 8819 ns, Total: 88355 ns
[2020-09-11T12:36:44.766+0000][1][safepoint    ] Safepoint "RevokeBias", Time since last: 17800389 ns, Reaching safepoint: 111708 ns, At safepoint: 32992 ns, Total: 144700 ns
[2020-09-11T12:36:44.767+0000][1][safepoint    ] Safepoint "RevokeBias", Time since last: 670891 ns, Reaching safepoint: 91601 ns, At safepoint: 24952 ns, Total: 116553 ns
[2020-09-11T12:36:44.767+0000][1][safepoint    ] Safepoint "RevokeBias", Time since last: 35524 ns, Reaching safepoint: 82646 ns, At safepoint: 20214 ns, Total: 102860 ns
[2020-09-11T12:36:44.767+0000][1][safepoint    ] Safepoint "RevokeBias", Time since last: 29770 ns, Reaching safepoint: 81632 ns, At safepoint: 19224 ns, Total: 100856 ns
[2020-09-11T12:36:44.768+0000][1][safepoint    ] Safepoint "RevokeBias", Time since last: 229232 ns, Reaching safepoint: 84696 ns, At safepoint: 25323 ns, Total: 110019 ns
[2020-09-11T12:36:44.774+0000][1][safepoint    ] Safepoint "RevokeBias", Time since last: 31171 ns, Reaching safepoint: 5981885 ns, At safepoint: 43118 ns, Total: 6025003 ns
[2020-09-11T12:36:44.774+0000][1][safepoint    ] Safepoint "RevokeBias", Time since last: 65387 ns, Reaching safepoint: 83941 ns, At safepoint: 21484 ns, Total: 105425 ns
[2020-09-11T12:36:44.774+0000][1][safepoint    ] Safepoint "RevokeBias", Time since last: 29956 ns, Reaching safepoint: 81838 ns, At safepoint: 19248 ns, Total: 101086 ns
[2020-09-11T12:36:44.774+0000][1][safepoint    ] Safepoint "RevokeBias", Time since last: 45814 ns, Reaching safepoint: 81521 ns, At safepoint: 19039 ns, Total: 100560 ns
[2020-09-11T12:36:44.774+0000][1][safepoint    ] Safepoint "RevokeBias", Time since last: 28348 ns, Reaching safepoint: 83191 ns, At safepoint: 27051 ns, Total: 110242 ns
[2020-09-11T12:36:44.774+0000][1][safepoint    ] Safepoint "RevokeBias", Time since last: 28557 ns, Reaching safepoint: 82977 ns, At safepoint: 25386 ns, Total: 108363 ns
[2020-09-11T12:36:44.774+0000][1][safepoint    ] Safepoint "RevokeBias", Time since last: 28269 ns, Reaching safepoint: 82043 ns, At safepoint: 20176 ns, Total: 102219 ns
[2020-09-11T12:36:44.775+0000][1][safepoint    ] Safepoint "RevokeBias", Time since last: 27720 ns, Reaching safepoint: 81383 ns, At safepoint: 19961 ns, Total: 101344 ns
[2020-09-11T12:36:44.775+0000][1][safepoint    ] Safepoint "RevokeBias", Time since last: 27526 ns, Reaching safepoint: 81572 ns, At safepoint: 19873 ns, Total: 101445 ns
[2020-09-11T12:36:44.775+0000][1][safepoint    ] Safepoint "RevokeBias", Time since last: 27757 ns, Reaching safepoint: 82151 ns, At safepoint: 19949 ns, Total: 102100 ns
[2020-09-11T12:36:44.775+0000][1][safepoint    ] Safepoint "RevokeBias", Time since last: 26432 ns, Reaching safepoint: 80915 ns, At safepoint: 24754 ns, Total: 105669 ns
[2020-09-11T12:36:44.775+0000][1][safepoint    ] Safepoint "RevokeBias", Time since last: 26734 ns, Reaching safepoint: 79879 ns, At safepoint: 19134 ns, Total: 99013 ns
[2020-09-11T12:36:44.780+0000][1][safepoint    ] Safepoint "BulkRevokeBias", Time since last: 5110667 ns, Reaching safepoint: 37183 ns, At safepoint: 76745 ns, Total: 113928 ns
[2020-09-11T12:36:44.781+0000][1][safepoint    ] Safepoint "BulkRevokeBias", Time since last: 219584 ns, Reaching safepoint: 15057 ns, At safepoint: 47940 ns, Total: 62997 ns
[2020-09-11T12:36:44.781+0000][1][safepoint    ] Safepoint "RevokeBias", Time since last: 79088 ns, Reaching safepoint: 13355 ns, At safepoint: 17720 ns, Total: 31075 ns
[2020-09-11T12:36:44.792+0000][1][safepoint    ] Safepoint "RevokeBias", Time since last: 10718744 ns, Reaching safepoint: 321215 ns, At safepoint: 46482 ns, Total: 367697 ns
[2020-09-11T12:36:44.792+0000][1][safepoint    ] Safepoint "RevokeBias", Time since last: 111802 ns, Reaching safepoint: 87727 ns, At safepoint: 28699 ns, Total: 116426 ns
[2020-09-11T12:36:44.792+0000][1][safepoint    ] Safepoint "RevokeBias", Time since last: 44149 ns, Reaching safepoint: 84231 ns, At safepoint: 30942 ns, Total: 115173 ns
[2020-09-11T12:36:44.792+0000][1][safepoint    ] Safepoint "RevokeBias", Time since last: 114903 ns, Reaching safepoint: 84632 ns, At safepoint: 28316 ns, Total: 112948 ns
[2020-09-11T12:36:44.796+0000][1][safepoint    ] Safepoint "RevokeBias", Time since last: 3110540 ns, Reaching safepoint: 97957 ns, At safepoint: 28350 ns, Total: 126307 ns
[2020-09-11T12:36:44.796+0000][1][safepoint    ] Safepoint "RevokeBias", Time since last: 90584 ns, Reaching safepoint: 83830 ns, At safepoint: 19945 ns, Total: 103775 ns
[2020-09-11T12:36:44.796+0000][1][safepoint    ] Safepoint "RevokeBias", Time since last: 121172 ns, Reaching safepoint: 84009 ns, At safepoint: 19013 ns, Total: 103022 ns
[2020-09-11T12:36:44.796+0000][1][safepoint    ] Safepoint "RevokeBias", Time since last: 46496 ns, Reaching safepoint: 81806 ns, At safepoint: 21418 ns, Total: 103224 ns
[2020-09-11T12:36:44.797+0000][1][safepoint    ] Safepoint "RevokeBias", Time since last: 28433 ns, Reaching safepoint: 83007 ns, At safepoint: 242688 ns, Total: 325695 ns
[2020-09-11T12:36:44.797+0000][1][safepoint    ] Safepoint "RevokeBias", Time since last: 32706 ns, Reaching safepoint: 145479 ns, At safepoint: 41398 ns, Total: 186877 ns
[2020-09-11T12:36:44.797+0000][1][safepoint    ] Safepoint "RevokeBias", Time since last: 216788 ns, Reaching safepoint: 83820 ns, At safepoint: 25897 ns, Total: 109717 ns
[2020-09-11T12:36:44.797+0000][1][safepoint    ] Safepoint "RevokeBias", Time since last: 109978 ns, Reaching safepoint: 83600 ns, At safepoint: 25323 ns, Total: 108923 ns
[2020-09-11T12:36:44.798+0000][1][safepoint    ] Safepoint "RevokeBias", Time since last: 368914 ns, Reaching safepoint: 85683 ns, At safepoint: 25659 ns, Total: 111342 ns
[2020-09-11T12:36:44.798+0000][1][safepoint    ] Safepoint "RevokeBias", Time since last: 396133 ns, Reaching safepoint: 84339 ns, At safepoint: 25656 ns, Total: 109995 ns
[2020-09-11T12:36:44.798+0000][1][safepoint    ] Safepoint "RevokeBias", Time since last: 78254 ns, Reaching safepoint: 83720 ns, At safepoint: 25582 ns, Total: 109302 ns
[2020-09-11T12:36:44.799+0000][1][safepoint    ] Safepoint "BulkRevokeBias", Time since last: 199643 ns, Reaching safepoint: 84692 ns, At safepoint: 78807 ns, Total: 163499 ns
[2020-09-11T12:36:44.839+0000][1][safepoint    ] Safepoint "RevokeBias", Time since last: 36566179 ns, Reaching safepoint: 3175342 ns, At safepoint: 31831 ns, Total: 3207173 ns
[2020-09-11T12:36:44.843+0000][1][safepoint    ] Safepoint "RevokeBias", Time since last: 624071 ns, Reaching safepoint: 95710 ns, At safepoint: 3283043 ns, Total: 3378753 ns
[2020-09-11T12:36:44.843+0000][1][safepoint    ] Safepoint "RevokeBias", Time since last: 63708 ns, Reaching safepoint: 105006 ns, At safepoint: 28124 ns, Total: 133130 ns
[2020-09-11T12:36:45.334+0000][1][safepoint    ] Safepoint "RevokeBias", Time since last: 490964717 ns, Reaching safepoint: 122286 ns, At safepoint: 13488 ns, Total: 135774 ns
[2020-09-11T12:36:45.334+0000][1][safepoint    ] Safepoint "RevokeBias", Time since last: 264024 ns, Reaching safepoint: 16101 ns, At safepoint: 7407 ns, Total: 23508 ns
[2020-09-11T12:36:46.136+0000][1][gc,start     ] GC(61) Pause Young (Allocation Failure)
[2020-09-11T12:36:46.136+0000][1][gc,task      ] GC(61) Using 1 workers of 1 for evacuation
[2020-09-11T12:36:46.313+0000][1][gc,age       ] GC(61) Desired survivor size 4358144 bytes, new threshold 2 (max threshold 6)
[2020-09-11T12:36:46.313+0000][1][gc,age       ] GC(61) Age table with threshold 2 (max threshold 6)
[2020-09-11T12:36:46.313+0000][1][gc,age       ] GC(61) - age   1:    1911120 bytes,    1911120 total
[2020-09-11T12:36:46.313+0000][1][gc,age       ] GC(61) - age   2:    2868176 bytes,    4779296 total
[2020-09-11T12:36:46.313+0000][1][gc,heap      ] GC(61) ParNew: 76672K->6475K(76672K)
[2020-09-11T12:36:46.313+0000][1][gc,heap      ] GC(61) CMS: 49935K->54096K(439104K)
[2020-09-11T12:36:46.313+0000][1][gc,metaspace ] GC(61) Metaspace: 52732K->52732K(1097728K)
[2020-09-11T12:36:46.313+0000][1][gc           ] GC(61) Pause Young (Allocation Failure) 123M->59M(503M) 177.383ms
[2020-09-11T12:36:46.313+0000][1][gc,cpu       ] GC(61) User=0.06s Sys=0.00s Real=0.17s
[2020-09-11T12:36:46.327+0000][1][safepoint    ] Safepoint "GenCollectForAllocation", Time since last: 801199154 ns, Reaching safepoint: 422630 ns, At safepoint: 191610687 ns, Total: 192033317 ns
[2020-09-11T12:36:46.411+0000][1][safepoint    ] Safepoint "RevokeBias", Time since last: 79794519 ns, Reaching safepoint: 4210819 ns, At safepoint: 36809 ns, Total: 4247628 ns
[2020-09-11T12:36:47.427+0000][1][safepoint    ] Safepoint "Cleanup", Time since last: 1015170799 ns, Reaching safepoint: 610935 ns, At safepoint: 7830 ns, Total: 618765 ns
[2020-09-11T12:36:48.435+0000][1][safepoint    ] Safepoint "Cleanup", Time since last: 1007401585 ns, Reaching safepoint: 53504 ns, At safepoint: 7676 ns, Total: 61180 ns
[2020-09-11T12:36:49.444+0000][1][safepoint    ] Safepoint "Cleanup", Time since last: 1008651831 ns, Reaching safepoint: 464928 ns, At safepoint: 17557 ns, Total: 482485 ns
[2020-09-11T12:36:49.881+0000][1][safepoint    ] Safepoint "CollectForMetadataAllocation", Time since last: 436315227 ns, Reaching safepoint: 891188 ns, At safepoint: 79066 ns, Total: 970254 ns
[2020-09-11T12:36:49.916+0000][1][safepoint    ] Safepoint "CollectForMetadataAllocation", Time since last: 34878087 ns, Reaching safepoint: 112652 ns, At safepoint: 125250 ns, Total: 237902 ns
[2020-09-11T12:36:50.019+0000][1][safepoint    ] Safepoint "CollectForMetadataAllocation", Time since last: 102607986 ns, Reaching safepoint: 103584 ns, At safepoint: 112802 ns, Total: 216386 ns
[2020-09-11T12:36:50.118+0000][1][gc,start     ] GC(62) Pause Young (Allocation Failure)
[2020-09-11T12:36:50.119+0000][1][gc,task      ] GC(62) Using 1 workers of 1 for evacuation
[2020-09-11T12:36:50.193+0000][1][gc,age       ] GC(62) Desired survivor size 4358144 bytes, new threshold 6 (max threshold 6)
[2020-09-11T12:36:50.193+0000][1][gc,age       ] GC(62) Age table with threshold 6 (max threshold 6)
[2020-09-11T12:36:50.193+0000][1][gc,age       ] GC(62) - age   1:    1750016 bytes,    1750016 total
[2020-09-11T12:36:50.193+0000][1][gc,age       ] GC(62) - age   2:    1879968 bytes,    3629984 total
[2020-09-11T12:36:50.193+0000][1][gc,heap      ] GC(62) ParNew: 74635K->5119K(76672K)
[2020-09-11T12:36:50.193+0000][1][gc,heap      ] GC(62) CMS: 54096K->57005K(439104K)
[2020-09-11T12:36:50.193+0000][1][gc,metaspace ] GC(62) Metaspace: 60871K->60871K(1105920K)
[2020-09-11T12:36:50.193+0000][1][gc           ] GC(62) Pause Young (Allocation Failure) 125M->60M(503M) 74.955ms
[2020-09-11T12:36:50.193+0000][1][gc,cpu       ] GC(62) User=0.03s Sys=0.00s Real=0.07s
[2020-09-11T12:36:50.204+0000][1][safepoint    ] Safepoint "GenCollectForAllocation", Time since last: 99240131 ns, Reaching safepoint: 106665 ns, At safepoint: 85474845 ns, Total: 85581510 ns
[2020-09-11T12:36:50.220+0000][1][gc,start     ] GC(63) Pause Initial Mark
[2020-09-11T12:36:50.226+0000][1][gc           ] GC(63) Pause Initial Mark 61M->61M(503M) 6.186ms
[2020-09-11T12:36:50.226+0000][1][gc,cpu       ] GC(63) User=0.01s Sys=0.00s Real=0.01s
[2020-09-11T12:36:50.254+0000][1][safepoint    ] Safepoint "CMS_Initial_Mark", Time since last: 15494448 ns, Reaching safepoint: 110040 ns, At safepoint: 34497422 ns, Total: 34607462 ns
[2020-09-11T12:36:50.254+0000][1][gc           ] GC(63) Concurrent Mark
[2020-09-11T12:36:50.394+0000][1][safepoint    ] Safepoint "CollectForMetadataAllocation", Time since last: 131483438 ns, Reaching safepoint: 8075915 ns, At safepoint: 118087 ns, Total: 8194002 ns
[2020-09-11T12:36:50.588+0000][1][safepoint    ] Safepoint "CollectForMetadataAllocation", Time since last: 175369135 ns, Reaching safepoint: 18401247 ns, At safepoint: 115085 ns, Total: 18516332 ns
[2020-09-11T12:36:50.788+0000][1][gc           ] GC(63) Concurrent Mark 533.674ms
[2020-09-11T12:36:50.788+0000][1][gc,cpu       ] GC(63) User=0.17s Sys=0.01s Real=0.54s
[2020-09-11T12:36:50.788+0000][1][gc           ] GC(63) Concurrent Preclean
[2020-09-11T12:36:50.789+0000][1][gc           ] GC(63) Concurrent Preclean 1.318ms
[2020-09-11T12:36:50.789+0000][1][gc,cpu       ] GC(63) User=0.00s Sys=0.00s Real=0.00s
[2020-09-11T12:36:50.789+0000][1][gc           ] GC(63) Concurrent Abortable Preclean
[2020-09-11T12:36:50.996+0000][1][safepoint    ] Safepoint "CollectForMetadataAllocation", Time since last: 408365246 ns, Reaching safepoint: 125792 ns, At safepoint: 78526 ns, Total: 204318 ns
[2020-09-11T12:36:51.340+0000][1][safepoint    ] Safepoint "CollectForMetadataAllocation", Time since last: 337374645 ns, Reaching safepoint: 5944679 ns, At safepoint: 125183 ns, Total: 6069862 ns
[2020-09-11T12:36:51.780+0000][1][safepoint    ] Safepoint "CollectForMetadataAllocation", Time since last: 439832113 ns, Reaching safepoint: 132016 ns, At safepoint: 142816 ns, Total: 274832 ns
[2020-09-11T12:36:52.224+0000][1][safepoint    ] Safepoint "CollectForMetadataAllocation", Time since last: 443893324 ns, Reaching safepoint: 59418 ns, At safepoint: 75323 ns, Total: 134741 ns
[2020-09-11T12:36:52.248+0000][1][safepoint    ] Safepoint "RevokeBias", Time since last: 24049190 ns, Reaching safepoint: 123158 ns, At safepoint: 26158 ns, Total: 149316 ns
[2020-09-11T12:36:52.703+0000][1][safepoint    ] Safepoint "CollectForMetadataAllocation", Time since last: 450161503 ns, Reaching safepoint: 4840927 ns, At safepoint: 110935 ns, Total: 4951862 ns
[2020-09-11T12:36:52.771+0000][1][safepoint    ] Safepoint "Deoptimize", Time since last: 67090448 ns, Reaching safepoint: 107949 ns, At safepoint: 302906 ns, Total: 410855 ns
[2020-09-11T12:36:53.245+0000][1][safepoint    ] Safepoint "CollectForMetadataAllocation", Time since last: 474174378 ns, Reaching safepoint: 103022 ns, At safepoint: 116030 ns, Total: 219052 ns
[2020-09-11T12:36:53.547+0000][1][safepoint    ] Safepoint "CollectForMetadataAllocation", Time since last: 301666472 ns, Reaching safepoint: 66541 ns, At safepoint: 110057 ns, Total: 176598 ns
[2020-09-11T12:36:53.812+0000][1][safepoint    ] Safepoint "RevokeBias", Time since last: 264914412 ns, Reaching safepoint: 67223 ns, At safepoint: 47714 ns, Total: 114937 ns
[2020-09-11T12:36:53.812+0000][1][safepoint    ] Safepoint "RevokeBias", Time since last: 326442 ns, Reaching safepoint: 17040 ns, At safepoint: 6705 ns, Total: 23745 ns
[2020-09-11T12:36:53.812+0000][1][safepoint    ] Safepoint "RevokeBias", Time since last: 258364 ns, Reaching safepoint: 12977 ns, At safepoint: 27852 ns, Total: 40829 ns
[2020-09-11T12:36:53.813+0000][1][safepoint    ] Safepoint "RevokeBias", Time since last: 199248 ns, Reaching safepoint: 13872 ns, At safepoint: 5824 ns, Total: 19696 ns
[2020-09-11T12:36:53.932+0000][1][safepoint    ] Safepoint "CollectForMetadataAllocation", Time since last: 99487035 ns, Reaching safepoint: 19288576 ns, At safepoint: 135936 ns, Total: 19424512 ns
[2020-09-11T12:36:53.978+0000][1][safepoint    ] Safepoint "RevokeBias", Time since last: 27804817 ns, Reaching safepoint: 18754534 ns, At safepoint: 39476 ns, Total: 18794010 ns
[2020-09-11T12:36:53.979+0000][1][safepoint    ] Safepoint "RevokeBias", Time since last: 336847 ns, Reaching safepoint: 90648 ns, At safepoint: 29433 ns, Total: 120081 ns
[2020-09-11T12:36:53.984+0000][1][safepoint    ] Safepoint "RevokeBias", Time since last: 4772971 ns, Reaching safepoint: 136670 ns, At safepoint: 42488 ns, Total: 179158 ns
[2020-09-11T12:36:54.428+0000][1][safepoint    ] Safepoint "CollectForMetadataAllocation", Time since last: 439807032 ns, Reaching safepoint: 3938199 ns, At safepoint: 145950 ns, Total: 4084149 ns
[2020-09-11T12:36:54.916+0000][1][safepoint    ] Safepoint "CollectForMetadataAllocation", Time since last: 469561142 ns, Reaching safepoint: 18439817 ns, At safepoint: 204173 ns, Total: 18643990 ns
[2020-09-11T12:36:55.064+0000][1][safepoint    ] Safepoint "CollectForMetadataAllocation", Time since last: 147559135 ns, Reaching safepoint: 153891 ns, At safepoint: 370603 ns, Total: 524494 ns
[2020-09-11T12:36:55.232+0000][1][safepoint    ] Safepoint "CollectForMetadataAllocation", Time since last: 167701973 ns, Reaching safepoint: 52191 ns, At safepoint: 286313 ns, Total: 338504 ns
[2020-09-11T12:36:55.418+0000][1][safepoint    ] Safepoint "CollectForMetadataAllocation", Time since last: 186231926 ns, Reaching safepoint: 48532 ns, At safepoint: 108909 ns, Total: 157441 ns
[2020-09-11T12:36:55.513+0000][1][safepoint    ] Safepoint "RevokeBias", Time since last: 89211129 ns, Reaching safepoint: 5836666 ns, At safepoint: 21621 ns, Total: 5858287 ns
[2020-09-11T12:36:55.792+0000][1][safepoint    ] Safepoint "CollectForMetadataAllocation", Time since last: 278126981 ns, Reaching safepoint: 117852 ns, At safepoint: 119625 ns, Total: 237477 ns
[2020-09-11T12:36:55.938+0000][1][gc           ] GC(63) Concurrent Abortable Preclean 5149.196ms
[2020-09-11T12:36:55.938+0000][1][gc,cpu       ] GC(63) User=1.70s Sys=0.01s Real=5.15s
[2020-09-11T12:36:55.949+0000][1][gc,start     ] GC(63) Pause Remark
[2020-09-11T12:36:56.042+0000][1][gc           ] GC(63) Pause Remark 122M->122M(503M) 93.203ms
[2020-09-11T12:36:56.042+0000][1][gc,cpu       ] GC(63) User=0.03s Sys=0.00s Real=0.09s
[2020-09-11T12:36:56.064+0000][1][safepoint    ] Safepoint "CMS_Final_Remark", Time since last: 155766042 ns, Reaching safepoint: 1756396 ns, At safepoint: 114329023 ns, Total: 116085419 ns
[2020-09-11T12:36:56.064+0000][1][gc           ] GC(63) Concurrent Sweep
[2020-09-11T12:36:56.152+0000][1][safepoint    ] Safepoint "CollectForMetadataAllocation", Time since last: 87910448 ns, Reaching safepoint: 686198 ns, At safepoint: 287948 ns, Total: 974146 ns
[2020-09-11T12:36:56.193+0000][1][gc           ] GC(63) Concurrent Sweep 129.492ms
[2020-09-11T12:36:56.193+0000][1][gc,cpu       ] GC(63) User=0.04s Sys=0.00s Real=0.12s
[2020-09-11T12:36:56.193+0000][1][gc           ] GC(63) Concurrent Reset
[2020-09-11T12:36:56.194+0000][1][gc           ] GC(63) Concurrent Reset 0.654ms
[2020-09-11T12:36:56.194+0000][1][gc,cpu       ] GC(63) User=0.00s Sys=0.00s Real=0.00s
[2020-09-11T12:36:56.194+0000][1][gc,heap      ] GC(63) Old: 57005K->56029K(439104K)
[2020-09-11T12:36:56.367+0000][1][safepoint    ] Safepoint "RevokeBias", Time since last: 211038830 ns, Reaching safepoint: 4025220 ns, At safepoint: 21651 ns, Total: 4046871 ns
[2020-09-11T12:36:56.408+0000][1][gc,start     ] GC(64) Pause Young (Allocation Failure)
[2020-09-11T12:36:56.408+0000][1][gc,task      ] GC(64) Using 1 workers of 1 for evacuation
[2020-09-11T12:36:56.473+0000][1][gc,age       ] GC(64) Desired survivor size 4358144 bytes, new threshold 2 (max threshold 6)
[2020-09-11T12:36:56.473+0000][1][gc,age       ] GC(64) Age table with threshold 2 (max threshold 6)
[2020-09-11T12:36:56.473+0000][1][gc,age       ] GC(64) - age   1:    3431888 bytes,    3431888 total
[2020-09-11T12:36:56.473+0000][1][gc,age       ] GC(64) - age   2:    1588512 bytes,    5020400 total
[2020-09-11T12:36:56.473+0000][1][gc,age       ] GC(64) - age   3:    1829768 bytes,    6850168 total
[2020-09-11T12:36:56.473+0000][1][gc,heap      ] GC(64) ParNew: 73279K->7876K(76672K)
[2020-09-11T12:36:56.473+0000][1][gc,heap      ] GC(64) CMS: 56029K->56029K(439104K)
[2020-09-11T12:36:56.473+0000][1][gc,metaspace ] GC(64) Metaspace: 66548K->66548K(1110016K)
[2020-09-11T12:36:56.473+0000][1][gc           ] GC(64) Pause Young (Allocation Failure) 126M->62M(503M) 64.728ms
[2020-09-11T12:36:56.473+0000][1][gc,cpu       ] GC(64) User=0.03s Sys=0.00s Real=0.06s
[2020-09-11T12:36:56.476+0000][1][safepoint    ] Safepoint "GenCollectForAllocation", Time since last: 40707263 ns, Reaching safepoint: 105533 ns, At safepoint: 67900304 ns, Total: 68005837 ns
[2020-09-11T12:36:56.907+0000][1][safepoint    ] Safepoint "Deoptimize", Time since last: 425261542 ns, Reaching safepoint: 4786005 ns, At safepoint: 330655 ns, Total: 5116660 ns
[2020-09-11T12:36:56.950+0000][1][safepoint    ] Safepoint "Deoptimize", Time since last: 41085844 ns, Reaching safepoint: 2024881 ns, At safepoint: 331635 ns, Total: 2356516 ns
[2020-09-11T12:36:57.312+0000][1][safepoint    ] Safepoint "RevokeBias", Time since last: 361757127 ns, Reaching safepoint: 105824 ns, At safepoint: 27822 ns, Total: 133646 ns
[2020-09-11T12:36:57.312+0000][1][safepoint    ] Safepoint "RevokeBias", Time since last: 297880 ns, Reaching safepoint: 85960 ns, At safepoint: 21088 ns, Total: 107048 ns
[2020-09-11T12:36:57.313+0000][1][safepoint    ] Safepoint "RevokeBias", Time since last: 170469 ns, Reaching safepoint: 81142 ns, At safepoint: 17319 ns, Total: 98461 ns
[2020-09-11T12:36:57.315+0000][1][safepoint    ] Safepoint "RevokeBias", Time since last: 622236 ns, Reaching safepoint: 2224384 ns, At safepoint: 28429 ns, Total: 2252813 ns
[2020-09-11T12:36:57.328+0000][1][safepoint    ] Safepoint "RevokeBias", Time since last: 11998086 ns, Reaching safepoint: 69997 ns, At safepoint: 29850 ns, Total: 99847 ns
[2020-09-11T12:36:57.328+0000][1][safepoint    ] Safepoint "RevokeBias", Time since last: 671686 ns, Reaching safepoint: 19779 ns, At safepoint: 21061 ns, Total: 40840 ns
[2020-09-11T12:36:57.328+0000][1][safepoint    ] Safepoint "RevokeBias", Time since last: 44372 ns, Reaching safepoint: 12748 ns, At safepoint: 15937 ns, Total: 28685 ns
[2020-09-11T12:36:57.328+0000][1][safepoint    ] Safepoint "RevokeBias", Time since last: 79157 ns, Reaching safepoint: 15478 ns, At safepoint: 16006 ns, Total: 31484 ns
[2020-09-11T12:36:57.329+0000][1][safepoint    ] Safepoint "RevokeBias", Time since last: 263084 ns, Reaching safepoint: 11243 ns, At safepoint: 16288 ns, Total: 27531 ns
[2020-09-11T12:36:57.329+0000][1][safepoint    ] Safepoint "RevokeBias", Time since last: 137498 ns, Reaching safepoint: 13343 ns, At safepoint: 16235 ns, Total: 29578 ns
[2020-09-11T12:36:57.329+0000][1][safepoint    ] Safepoint "RevokeBias", Time since last: 34696 ns, Reaching safepoint: 11365 ns, At safepoint: 15216 ns, Total: 26581 ns
[2020-09-11T12:36:57.330+0000][1][safepoint    ] Safepoint "RevokeBias", Time since last: 440301 ns, Reaching safepoint: 82054 ns, At safepoint: 17014 ns, Total: 99068 ns
[2020-09-11T12:36:57.332+0000][1][safepoint    ] Safepoint "RevokeBias", Time since last: 80841 ns, Reaching safepoint: 2892820 ns, At safepoint: 24036 ns, Total: 2916856 ns
[2020-09-11T12:36:57.340+0000][1][safepoint    ] Safepoint "RevokeBias", Time since last: 6929774 ns, Reaching safepoint: 113020 ns, At safepoint: 29293 ns, Total: 142313 ns
[2020-09-11T12:36:57.340+0000][1][safepoint    ] Safepoint "RevokeBias", Time since last: 103231 ns, Reaching safepoint: 83449 ns, At safepoint: 17310 ns, Total: 100759 ns
[2020-09-11T12:36:57.340+0000][1][safepoint    ] Safepoint "RevokeBias", Time since last: 44327 ns, Reaching safepoint: 82416 ns, At safepoint: 16400 ns, Total: 98816 ns
[2020-09-11T12:36:57.340+0000][1][safepoint    ] Safepoint "RevokeBias", Time since last: 46815 ns, Reaching safepoint: 82239 ns, At safepoint: 16668 ns, Total: 98907 ns
[2020-09-11T12:36:57.340+0000][1][safepoint    ] Safepoint "RevokeBias", Time since last: 51403 ns, Reaching safepoint: 12578 ns, At safepoint: 15357 ns, Total: 27935 ns
[2020-09-11T12:36:57.340+0000][1][safepoint    ] Safepoint "RevokeBias", Time since last: 48924 ns, Reaching safepoint: 11822 ns, At safepoint: 15131 ns, Total: 26953 ns
[2020-09-11T12:36:57.340+0000][1][safepoint    ] Safepoint "RevokeBias", Time since last: 43880 ns, Reaching safepoint: 12192 ns, At safepoint: 15256 ns, Total: 27448 ns
[2020-09-11T12:36:57.357+0000][1][safepoint    ] Safepoint "BulkRevokeBias", Time since last: 4018891 ns, Reaching safepoint: 12697763 ns, At safepoint: 96707 ns, Total: 12794470 ns
[2020-09-11T12:36:57.359+0000][1][safepoint    ] Safepoint "RevokeBias", Time since last: 1391473 ns, Reaching safepoint: 19079 ns, At safepoint: 18979 ns, Total: 38058 ns
[2020-09-11T12:36:57.359+0000][1][safepoint    ] Safepoint "RevokeBias", Time since last: 60120 ns, Reaching safepoint: 10678 ns, At safepoint: 15384 ns, Total: 26062 ns
[2020-09-11T12:36:57.359+0000][1][safepoint    ] Safepoint "RevokeBias", Time since last: 44275 ns, Reaching safepoint: 9944 ns, At safepoint: 14294 ns, Total: 24238 ns
[2020-09-11T12:36:57.359+0000][1][safepoint    ] Safepoint "RevokeBias", Time since last: 137081 ns, Reaching safepoint: 10740 ns, At safepoint: 14734 ns, Total: 25474 ns
[2020-09-11T12:36:57.364+0000][1][safepoint    ] Safepoint "RevokeBias", Time since last: 4665560 ns, Reaching safepoint: 33926 ns, At safepoint: 24474 ns, Total: 58400 ns
[2020-09-11T12:36:57.371+0000][1][safepoint    ] Safepoint "Deoptimize", Time since last: 6706515 ns, Reaching safepoint: 111488 ns, At safepoint: 364595 ns, Total: 476083 ns
[2020-09-11T12:36:57.376+0000][1][safepoint    ] Safepoint "RevokeBias", Time since last: 5492774 ns, Reaching safepoint: 98492 ns, At safepoint: 32149 ns, Total: 130641 ns
[2020-09-11T12:36:57.377+0000][1][safepoint    ] Safepoint "RevokeBias", Time since last: 72092 ns, Reaching safepoint: 80903 ns, At safepoint: 18075 ns, Total: 98978 ns
[2020-09-11T12:36:57.377+0000][1][safepoint    ] Safepoint "RevokeBias", Time since last: 84264 ns, Reaching safepoint: 80138 ns, At safepoint: 16602 ns, Total: 96740 ns
[2020-09-11T12:36:57.381+0000][1][safepoint    ] Safepoint "RevokeBias", Time since last: 4442244 ns, Reaching safepoint: 97155 ns, At safepoint: 27515 ns, Total: 124670 ns
[2020-09-11T12:36:57.381+0000][1][safepoint    ] Safepoint "RevokeBias", Time since last: 75873 ns, Reaching safepoint: 80839 ns, At safepoint: 18014 ns, Total: 98853 ns
[2020-09-11T12:36:57.382+0000][1][safepoint    ] Safepoint "RevokeBias", Time since last: 87770 ns, Reaching safepoint: 82037 ns, At safepoint: 17588 ns, Total: 99625 ns
[2020-09-11T12:36:57.712+0000][1][safepoint    ] Safepoint "RevokeBias", Time since last: 330287844 ns, Reaching safepoint: 120707 ns, At safepoint: 24618 ns, Total: 145325 ns
[2020-09-11T12:36:57.715+0000][1][safepoint    ] Safepoint "RevokeBias", Time since last: 2927054 ns, Reaching safepoint: 100661 ns, At safepoint: 19669 ns, Total: 120330 ns
[2020-09-11T12:36:57.715+0000][1][safepoint    ] Safepoint "RevokeBias", Time since last: 52977 ns, Reaching safepoint: 82041 ns, At safepoint: 16047 ns, Total: 98088 ns
[2020-09-11T12:36:57.715+0000][1][safepoint    ] Safepoint "RevokeBias", Time since last: 40967 ns, Reaching safepoint: 71469 ns, At safepoint: 14097 ns, Total: 85566 ns
[2020-09-11T12:36:57.716+0000][1][safepoint    ] Safepoint "RevokeBias", Time since last: 40101 ns, Reaching safepoint: 79691 ns, At safepoint: 13373 ns, Total: 93064 ns
[2020-09-11T12:36:57.716+0000][1][safepoint    ] Safepoint "RevokeBias", Time since last: 41089 ns, Reaching safepoint: 80233 ns, At safepoint: 13126 ns, Total: 93359 ns
[2020-09-11T12:36:57.716+0000][1][safepoint    ] Safepoint "RevokeBias", Time since last: 38928 ns, Reaching safepoint: 80853 ns, At safepoint: 20702 ns, Total: 101555 ns
[2020-09-11T12:36:57.723+0000][1][safepoint    ] Safepoint "RevokeBias", Time since last: 39595 ns, Reaching safepoint: 6708864 ns, At safepoint: 37027 ns, Total: 6745891 ns
[2020-09-11T12:36:58.153+0000][1][safepoint    ] Safepoint "RevokeBias", Time since last: 420987671 ns, Reaching safepoint: 8933234 ns, At safepoint: 38426 ns, Total: 8971660 ns
[2020-09-11T12:36:58.168+0000][1][safepoint    ] Safepoint "RevokeBias", Time since last: 14824765 ns, Reaching safepoint: 136281 ns, At safepoint: 23931 ns, Total: 160212 ns
[2020-09-11T12:36:58.168+0000][1][safepoint    ] Safepoint "RevokeBias", Time since last: 217676 ns, Reaching safepoint: 84535 ns, At safepoint: 15530 ns, Total: 100065 ns
[2020-09-11T12:36:58.168+0000][1][safepoint    ] Safepoint "RevokeBias", Time since last: 126537 ns, Reaching safepoint: 86864 ns, At safepoint: 27136 ns, Total: 114000 ns
[2020-09-11T12:36:58.168+0000][1][safepoint    ] Safepoint "RevokeBias", Time since last: 184166 ns, Reaching safepoint: 88370 ns, At safepoint: 15110 ns, Total: 103480 ns
[2020-09-11T12:36:58.169+0000][1][safepoint    ] Safepoint "RevokeBias", Time since last: 39704 ns, Reaching safepoint: 83887 ns, At safepoint: 14444 ns, Total: 98331 ns
[2020-09-11T12:36:58.172+0000][1][safepoint    ] Safepoint "RevokeBias", Time since last: 2932699 ns, Reaching safepoint: 138589 ns, At safepoint: 21511 ns, Total: 160100 ns
[2020-09-11T12:36:58.183+0000][1][safepoint    ] Safepoint "RevokeBias", Time since last: 6516901 ns, Reaching safepoint: 4960832 ns, At safepoint: 20168 ns, Total: 4981000 ns
[2020-09-11T12:36:58.183+0000][1][safepoint    ] Safepoint "RevokeBias", Time since last: 73262 ns, Reaching safepoint: 85243 ns, At safepoint: 14540 ns, Total: 99783 ns
[2020-09-11T12:36:58.196+0000][1][safepoint    ] Safepoint "RevokeBias", Time since last: 12113572 ns, Reaching safepoint: 110092 ns, At safepoint: 24424 ns, Total: 134516 ns
[2020-09-11T12:36:58.199+0000][1][safepoint    ] Safepoint "RevokeBias", Time since last: 869666 ns, Reaching safepoint: 3028535 ns, At safepoint: 26507 ns, Total: 3055042 ns
[2020-09-11T12:36:58.200+0000][1][safepoint    ] Safepoint "RevokeBias", Time since last: 169168 ns, Reaching safepoint: 88209 ns, At safepoint: 13349 ns, Total: 101558 ns
[2020-09-11T12:36:58.200+0000][1][safepoint    ] Safepoint "RevokeBias", Time since last: 76552 ns, Reaching safepoint: 84914 ns, At safepoint: 11532 ns, Total: 96446 ns
[2020-09-11T12:36:58.216+0000][1][safepoint    ] Safepoint "RevokeBias", Time since last: 15495317 ns, Reaching safepoint: 102597 ns, At safepoint: 17994 ns, Total: 120591 ns
[2020-09-11T12:36:59.109+0000][1][safepoint    ] Safepoint "RevokeBias", Time since last: 893551425 ns, Reaching safepoint: 110774 ns, At safepoint: 16060 ns, Total: 126834 ns
[2020-09-11T12:36:59.137+0000][1][safepoint    ] Safepoint "RevokeBias", Time since last: 27197737 ns, Reaching safepoint: 115714 ns, At safepoint: 18579 ns, Total: 134293 ns
[2020-09-11T12:36:59.137+0000][1][safepoint    ] Safepoint "RevokeBias", Time since last: 396034 ns, Reaching safepoint: 103625 ns, At safepoint: 14646 ns, Total: 118271 ns
[2020-09-11T12:36:59.137+0000][1][safepoint    ] Safepoint "RevokeBias", Time since last: 134561 ns, Reaching safepoint: 98222 ns, At safepoint: 12480 ns, Total: 110702 ns
[2020-09-11T12:36:59.145+0000][1][safepoint    ] Safepoint "RevokeBias", Time since last: 6368696 ns, Reaching safepoint: 911566 ns, At safepoint: 19052 ns, Total: 930618 ns
[2020-09-11T12:36:59.145+0000][1][safepoint    ] Safepoint "RevokeBias", Time since last: 120959 ns, Reaching safepoint: 105270 ns, At safepoint: 12094 ns, Total: 117364 ns
[2020-09-11T12:37:00.140+0000][1][safepoint    ] Safepoint "RevokeBias", Time since last: 994952010 ns, Reaching safepoint: 43412 ns, At safepoint: 13257 ns, Total: 56669 ns
[2020-09-11T12:37:01.141+0000][1][safepoint    ] Safepoint "Cleanup", Time since last: 1001196812 ns, Reaching safepoint: 132624 ns, At safepoint: 8030 ns, Total: 140654 ns
[2020-09-11T12:37:01.142+0000][1][safepoint    ] Safepoint "BulkRevokeBias", Time since last: 96171 ns, Reaching safepoint: 93358 ns, At safepoint: 139610 ns, Total: 232968 ns
[2020-09-11T12:37:02.144+0000][1][safepoint    ] Safepoint "Cleanup", Time since last: 1001887161 ns, Reaching safepoint: 118243 ns, At safepoint: 7681 ns, Total: 125924 ns
[2020-09-11T12:37:03.144+0000][1][safepoint    ] Safepoint "Cleanup", Time since last: 1000094871 ns, Reaching safepoint: 38048 ns, At safepoint: 6420 ns, Total: 44468 ns
[2020-09-11T12:37:04.144+0000][1][safepoint    ] Safepoint "Cleanup", Time since last: 1000092442 ns, Reaching safepoint: 119007 ns, At safepoint: 8386 ns, Total: 127393 ns
[2020-09-11T12:37:05.144+0000][1][safepoint    ] Safepoint "Cleanup", Time since last: 1000099569 ns, Reaching safepoint: 184667 ns, At safepoint: 6980 ns, Total: 191647 ns
[2020-09-11T12:37:06.144+0000][1][safepoint    ] Safepoint "Cleanup", Time since last: 1000126995 ns, Reaching safepoint: 82432 ns, At safepoint: 6574 ns, Total: 89006 ns
[2020-09-11T12:37:07.142+0000][1][safepoint    ] Safepoint "BulkRevokeBias", Time since last: 997107899 ns, Reaching safepoint: 39683 ns, At safepoint: 105418 ns, Total: 145101 ns
[2020-09-11T12:37:07.143+0000][1][safepoint    ] Safepoint "BulkRevokeBias", Time since last: 1256890 ns, Reaching safepoint: 21029 ns, At safepoint: 95338 ns, Total: 116367 ns
[2020-09-11T12:37:08.143+0000][1][safepoint    ] Safepoint "Cleanup", Time since last: 1000111343 ns, Reaching safepoint: 196064 ns, At safepoint: 21178 ns, Total: 217242 ns
[2020-09-11T12:37:09.144+0000][1][safepoint    ] Safepoint "Cleanup", Time since last: 1000189593 ns, Reaching safepoint: 257274 ns, At safepoint: 20664 ns, Total: 277938 ns
[2020-09-11T12:37:10.145+0000][1][safepoint    ] Safepoint "Cleanup", Time since last: 1001353155 ns, Reaching safepoint: 37717 ns, At safepoint: 6043 ns, Total: 43760 ns
[2020-09-11T12:37:11.145+0000][1][safepoint    ] Safepoint "Cleanup", Time since last: 1000093632 ns, Reaching safepoint: 149814 ns, At safepoint: 7811 ns, Total: 157625 ns
[2020-09-11T12:37:12.146+0000][1][safepoint    ] Safepoint "Cleanup", Time since last: 1000131604 ns, Reaching safepoint: 283900 ns, At safepoint: 7870 ns, Total: 291770 ns
[2020-09-11T12:37:13.146+0000][1][safepoint    ] Safepoint "Cleanup", Time since last: 1000125281 ns, Reaching safepoint: 75550 ns, At safepoint: 19748 ns, Total: 95298 ns
[2020-09-11T12:37:14.146+0000][1][safepoint    ] Safepoint "Cleanup", Time since last: 1000094958 ns, Reaching safepoint: 35596 ns, At safepoint: 5831 ns, Total: 41427 ns
[2020-09-11T12:37:15.146+0000][1][safepoint    ] Safepoint "Cleanup", Time since last: 1000096996 ns, Reaching safepoint: 38866 ns, At safepoint: 5629 ns, Total: 44495 ns
[2020-09-11T12:37:16.147+0000][1][safepoint    ] Safepoint "Cleanup", Time since last: 1000120807 ns, Reaching safepoint: 251838 ns, At safepoint: 19989 ns, Total: 271827 ns
[2020-09-11T12:37:17.146+0000][1][safepoint    ] Safepoint "BulkRevokeBias", Time since last: 998651303 ns, Reaching safepoint: 172697 ns, At safepoint: 420278 ns, Total: 592975 ns
[2020-09-11T12:37:18.151+0000][1][safepoint    ] Safepoint "Cleanup", Time since last: 1004745050 ns, Reaching safepoint: 122118 ns, At safepoint: 8918 ns, Total: 131036 ns
[2020-09-11T12:37:19.151+0000][1][safepoint    ] Safepoint "Cleanup", Time since last: 1000139519 ns, Reaching safepoint: 269456 ns, At safepoint: 21582 ns, Total: 291038 ns
[2020-09-11T12:37:20.152+0000][1][safepoint    ] Safepoint "Cleanup", Time since last: 1000261884 ns, Reaching safepoint: 43373 ns, At safepoint: 7210 ns, Total: 50583 ns
[2020-09-11T12:37:21.152+0000][1][safepoint    ] Safepoint "Cleanup", Time since last: 1000115898 ns, Reaching safepoint: 182071 ns, At safepoint: 16962 ns, Total: 199033 ns
[2020-09-11T12:37:22.152+0000][1][safepoint    ] Safepoint "Cleanup", Time since last: 1000121132 ns, Reaching safepoint: 114937 ns, At safepoint: 7047 ns, Total: 121984 ns
[2020-09-11T12:37:23.153+0000][1][safepoint    ] Safepoint "Cleanup", Time since last: 1000122401 ns, Reaching safepoint: 186545 ns, At safepoint: 19832 ns, Total: 206377 ns
[2020-09-11T12:37:24.153+0000][1][safepoint    ] Safepoint "Cleanup", Time since last: 1000167505 ns, Reaching safepoint: 163349 ns, At safepoint: 19885 ns, Total: 183234 ns
[2020-09-11T12:37:25.153+0000][1][safepoint    ] Safepoint "Cleanup", Time since last: 1000194706 ns, Reaching safepoint: 69429 ns, At safepoint: 7355 ns, Total: 76784 ns
[2020-09-11T12:37:26.153+0000][1][safepoint    ] Safepoint "Cleanup", Time since last: 1000097729 ns, Reaching safepoint: 40350 ns, At safepoint: 6152 ns, Total: 46502 ns
[2020-09-11T12:37:27.154+0000][1][safepoint    ] Safepoint "Cleanup", Time since last: 1000177820 ns, Reaching safepoint: 71736 ns, At safepoint: 6437 ns, Total: 78173 ns
[2020-09-11T12:37:28.154+0000][1][safepoint    ] Safepoint "Cleanup", Time since last: 1000116561 ns, Reaching safepoint: 288061 ns, At safepoint: 22355 ns, Total: 310416 ns
[2020-09-11T12:37:28.224+0000][1][safepoint    ] Safepoint "RevokeBias", Time since last: 69808625 ns, Reaching safepoint: 122877 ns, At safepoint: 19525 ns, Total: 142402 ns
[2020-09-11T12:37:28.224+0000][1][safepoint    ] Safepoint "RevokeBias", Time since last: 325260 ns, Reaching safepoint: 99998 ns, At safepoint: 17334 ns, Total: 117332 ns
[2020-09-11T12:37:28.230+0000][1][safepoint    ] Safepoint "RevokeBias", Time since last: 5701238 ns, Reaching safepoint: 112631 ns, At safepoint: 20397 ns, Total: 133028 ns
[2020-09-11T12:37:28.231+0000][1][safepoint    ] Safepoint "RevokeBias", Time since last: 533818 ns, Reaching safepoint: 93402 ns, At safepoint: 17391 ns, Total: 110793 ns
[2020-09-11T12:37:28.232+0000][1][safepoint    ] Safepoint "RevokeBias", Time since last: 1209812 ns, Reaching safepoint: 95321 ns, At safepoint: 16840 ns, Total: 112161 ns
[2020-09-11T12:37:28.232+0000][1][safepoint    ] Safepoint "RevokeBias", Time since last: 78690 ns, Reaching safepoint: 85021 ns, At safepoint: 15032 ns, Total: 100053 ns
[2020-09-11T12:37:28.235+0000][1][safepoint    ] Safepoint "RevokeBias", Time since last: 2690418 ns, Reaching safepoint: 100791 ns, At safepoint: 16845 ns, Total: 117636 ns
[2020-09-11T12:37:28.235+0000][1][safepoint    ] Safepoint "RevokeBias", Time since last: 93235 ns, Reaching safepoint: 85200 ns, At safepoint: 15456 ns, Total: 100656 ns
[2020-09-11T12:37:29.236+0000][1][safepoint    ] Safepoint "Cleanup", Time since last: 1000144794 ns, Reaching safepoint: 79653 ns, At safepoint: 6693 ns, Total: 86346 ns
[2020-09-11T12:37:32.236+0000][1][safepoint    ] Safepoint "Cleanup", Time since last: 3000444381 ns, Reaching safepoint: 78321 ns, At safepoint: 6650 ns, Total: 84971 ns
[2020-09-11T12:37:33.236+0000][1][safepoint    ] Safepoint "Cleanup", Time since last: 1000166982 ns, Reaching safepoint: 95937 ns, At safepoint: 18496 ns, Total: 114433 ns
[2020-09-11T12:37:34.237+0000][1][safepoint    ] Safepoint "Cleanup", Time since last: 1000198106 ns, Reaching safepoint: 105118 ns, At safepoint: 18148 ns, Total: 123266 ns
[2020-09-11T12:37:35.237+0000][1][safepoint    ] Safepoint "Cleanup", Time since last: 1000207936 ns, Reaching safepoint: 99582 ns, At safepoint: 17447 ns, Total: 117029 ns
[2020-09-11T12:37:36.810+0000][1][gc,start     ] GC(65) Pause Young (Allocation Failure)
[2020-09-11T12:37:36.810+0000][1][gc,task      ] GC(65) Using 1 workers of 1 for evacuation
[2020-09-11T12:37:36.837+0000][1][gc,age       ] GC(65) Desired survivor size 4358144 bytes, new threshold 2 (max threshold 6)
[2020-09-11T12:37:36.837+0000][1][gc,age       ] GC(65) Age table with threshold 2 (max threshold 6)
[2020-09-11T12:37:36.837+0000][1][gc,age       ] GC(65) - age   1:    1182968 bytes,    1182968 total
[2020-09-11T12:37:36.837+0000][1][gc,age       ] GC(65) - age   2:    3362760 bytes,    4545728 total
[2020-09-11T12:37:36.837+0000][1][gc,heap      ] GC(65) ParNew: 76036K->6001K(76672K)
[2020-09-11T12:37:36.837+0000][1][gc,heap      ] GC(65) CMS: 56029K->59456K(439104K)
[2020-09-11T12:37:36.837+0000][1][gc,metaspace ] GC(65) Metaspace: 70906K->70906K(1114112K)
[2020-09-11T12:37:36.837+0000][1][gc           ] GC(65) Pause Young (Allocation Failure) 128M->63M(503M) 27.298ms
[2020-09-11T12:37:36.837+0000][1][gc,cpu       ] GC(65) User=0.02s Sys=0.00s Real=0.03s
[2020-09-11T12:37:36.840+0000][1][safepoint    ] Safepoint "GenCollectForAllocation", Time since last: 1572525436 ns, Reaching safepoint: 175518 ns, At safepoint: 30332666 ns, Total: 30508184 ns
[2020-09-11T12:37:37.850+0000][1][safepoint    ] Safepoint "Cleanup", Time since last: 1010016521 ns, Reaching safepoint: 48803 ns, At safepoint: 6153 ns, Total: 54956 ns
[2020-09-11T12:37:38.850+0000][1][safepoint    ] Safepoint "Cleanup", Time since last: 1000093885 ns, Reaching safepoint: 163179 ns, At safepoint: 6830 ns, Total: 170009 ns
[2020-09-11T12:37:40.852+0000][1][safepoint    ] Safepoint "Cleanup", Time since last: 2000990117 ns, Reaching safepoint: 166081 ns, At safepoint: 7257 ns, Total: 173338 ns
[2020-09-11T12:37:41.852+0000][1][safepoint    ] Safepoint "Cleanup", Time since last: 1000131960 ns, Reaching safepoint: 102048 ns, At safepoint: 16287 ns, Total: 118335 ns
[2020-09-11T12:37:43.852+0000][1][safepoint    ] Safepoint "Cleanup", Time since last: 2000344993 ns, Reaching safepoint: 112338 ns, At safepoint: 7882 ns, Total: 120220 ns
[2020-09-11T12:37:46.853+0000][1][safepoint    ] Safepoint "Cleanup", Time since last: 3000453405 ns, Reaching safepoint: 111382 ns, At safepoint: 18305 ns, Total: 129687 ns
[2020-09-11T12:37:47.853+0000][1][safepoint    ] Safepoint "Cleanup", Time since last: 1000242641 ns, Reaching safepoint: 90971 ns, At safepoint: 9699 ns, Total: 100670 ns
[2020-09-11T12:37:52.854+0000][1][safepoint    ] Safepoint "Cleanup", Time since last: 5000700758 ns, Reaching safepoint: 113992 ns, At safepoint: 18142 ns, Total: 132134 ns
[2020-09-11T12:37:53.854+0000][1][safepoint    ] Safepoint "Cleanup", Time since last: 1000225330 ns, Reaching safepoint: 116143 ns, At safepoint: 18853 ns, Total: 134996 ns
[2020-09-11T12:37:54.855+0000][1][safepoint    ] Safepoint "Cleanup", Time since last: 1000224316 ns, Reaching safepoint: 87500 ns, At safepoint: 7102 ns, Total: 94602 ns
[2020-09-11T12:37:55.855+0000][1][safepoint    ] Safepoint "Cleanup", Time since last: 1000169789 ns, Reaching safepoint: 94415 ns, At safepoint: 7474 ns, Total: 101889 ns
[2020-09-11T12:37:56.855+0000][1][safepoint    ] Safepoint "Cleanup", Time since last: 1000200776 ns, Reaching safepoint: 111860 ns, At safepoint: 17633 ns, Total: 129493 ns
[2020-09-11T12:37:57.856+0000][1][safepoint    ] Safepoint "Cleanup", Time since last: 1000198406 ns, Reaching safepoint: 58946 ns, At safepoint: 7479 ns, Total: 66425 ns
[2020-09-11T12:37:58.856+0000][1][safepoint    ] Safepoint "Cleanup", Time since last: 1000181434 ns, Reaching safepoint: 113103 ns, At safepoint: 17103 ns, Total: 130206 ns
[2020-09-11T12:38:02.857+0000][1][safepoint    ] Safepoint "Cleanup", Time since last: 4000615976 ns, Reaching safepoint: 138802 ns, At safepoint: 17073 ns, Total: 155875 ns
[2020-09-11T12:38:04.857+0000][1][safepoint    ] Safepoint "Cleanup", Time since last: 2000230319 ns, Reaching safepoint: 64473 ns, At safepoint: 9113 ns, Total: 73586 ns
[2020-09-11T12:38:07.858+0000][1][safepoint    ] Safepoint "Cleanup", Time since last: 3000439413 ns, Reaching safepoint: 90017 ns, At safepoint: 8167 ns, Total: 98184 ns
[2020-09-11T12:38:08.858+0000][1][safepoint    ] Safepoint "Cleanup", Time since last: 1000199607 ns, Reaching safepoint: 107874 ns, At safepoint: 17915 ns, Total: 125789 ns
[2020-09-11T12:38:11.858+0000][1][safepoint    ] Safepoint "Cleanup", Time since last: 3000403946 ns, Reaching safepoint: 65844 ns, At safepoint: 7984 ns, Total: 73828 ns
[2020-09-11T12:38:12.859+0000][1][safepoint    ] Safepoint "Cleanup", Time since last: 1000150913 ns, Reaching safepoint: 115525 ns, At safepoint: 17831 ns, Total: 133356 ns
[2020-09-11T12:38:13.859+0000][1][safepoint    ] Safepoint "Cleanup", Time since last: 1000231143 ns, Reaching safepoint: 90007 ns, At safepoint: 7834 ns, Total: 97841 ns
[2020-09-11T12:38:14.859+0000][1][safepoint    ] Safepoint "Cleanup", Time since last: 1000185634 ns, Reaching safepoint: 82657 ns, At safepoint: 7113 ns, Total: 89770 ns
[2020-09-11T12:38:15.860+0000][1][safepoint    ] Safepoint "Cleanup", Time since last: 1000232024 ns, Reaching safepoint: 62329 ns, At safepoint: 6767 ns, Total: 69096 ns
[2020-09-11T12:38:16.860+0000][1][safepoint    ] Safepoint "Cleanup", Time since last: 1000147315 ns, Reaching safepoint: 113741 ns, At safepoint: 17561 ns, Total: 131302 ns
[2020-09-11T12:38:17.860+0000][1][safepoint    ] Safepoint "Cleanup", Time since last: 1000137044 ns, Reaching safepoint: 64044 ns, At safepoint: 6702 ns, Total: 70746 ns
[2020-09-11T12:38:18.860+0000][1][safepoint    ] Safepoint "Cleanup", Time since last: 1000141687 ns, Reaching safepoint: 111867 ns, At safepoint: 16738 ns, Total: 128605 ns
[2020-09-11T12:38:19.861+0000][1][safepoint    ] Safepoint "Cleanup", Time since last: 1000220876 ns, Reaching safepoint: 86250 ns, At safepoint: 7815 ns, Total: 94065 ns
[2020-09-11T12:38:24.861+0000][1][safepoint    ] Safepoint "Cleanup", Time since last: 5000720902 ns, Reaching safepoint: 118465 ns, At safepoint: 18476 ns, Total: 136941 ns
[2020-09-11T12:38:27.862+0000][1][safepoint    ] Safepoint "Cleanup", Time since last: 3000513977 ns, Reaching safepoint: 119912 ns, At safepoint: 20390 ns, Total: 140302 ns
[2020-09-11T12:38:32.863+0000][1][safepoint    ] Safepoint "Cleanup", Time since last: 5000794164 ns, Reaching safepoint: 102746 ns, At safepoint: 7835 ns, Total: 110581 ns
[2020-09-11T12:38:36.864+0000][1][safepoint    ] Safepoint "Cleanup", Time since last: 4000503195 ns, Reaching safepoint: 120086 ns, At safepoint: 19114 ns, Total: 139200 ns
[2020-09-11T12:38:37.864+0000][1][safepoint    ] Safepoint "Cleanup", Time since last: 1000221377 ns, Reaching safepoint: 122982 ns, At safepoint: 20411 ns, Total: 143393 ns
[2020-09-11T12:38:42.865+0000][1][safepoint    ] Safepoint "Cleanup", Time since last: 5000791462 ns, Reaching safepoint: 94918 ns, At safepoint: 9092 ns, Total: 104010 ns
[2020-09-11T12:38:43.865+0000][1][safepoint    ] Safepoint "Cleanup", Time since last: 1000192606 ns, Reaching safepoint: 89130 ns, At safepoint: 7726 ns, Total: 96856 ns
[2020-09-11T12:38:44.865+0000][1][safepoint    ] Safepoint "Cleanup", Time since last: 1000171165 ns, Reaching safepoint: 97800 ns, At safepoint: 8215 ns, Total: 106015 ns
[2020-09-11T12:38:45.866+0000][1][safepoint    ] Safepoint "Cleanup", Time since last: 1000174853 ns, Reaching safepoint: 98226 ns, At safepoint: 7647 ns, Total: 105873 ns
[2020-09-11T12:38:48.866+0000][1][safepoint    ] Safepoint "Cleanup", Time since last: 3000444442 ns, Reaching safepoint: 119808 ns, At safepoint: 18015 ns, Total: 137823 ns
[2020-09-11T12:38:50.184+0000][1][gc,start     ] GC(66) Pause Young (Allocation Failure)
[2020-09-11T12:38:50.184+0000][1][gc,task      ] GC(66) Using 1 workers of 1 for evacuation
[2020-09-11T12:38:50.208+0000][1][gc,age       ] GC(66) Desired survivor size 4358144 bytes, new threshold 6 (max threshold 6)
[2020-09-11T12:38:50.208+0000][1][gc,age       ] GC(66) Age table with threshold 6 (max threshold 6)
[2020-09-11T12:38:50.208+0000][1][gc,age       ] GC(66) - age   1:      34984 bytes,      34984 total
[2020-09-11T12:38:50.208+0000][1][gc,age       ] GC(66) - age   2:    1146624 bytes,    1181608 total
[2020-09-11T12:38:50.208+0000][1][gc,heap      ] GC(66) ParNew: 74161K->4829K(76672K)
[2020-09-11T12:38:50.208+0000][1][gc,heap      ] GC(66) CMS: 59456K->62869K(439104K)
[2020-09-11T12:38:50.208+0000][1][gc,metaspace ] GC(66) Metaspace: 71166K->71166K(1114112K)
[2020-09-11T12:38:50.208+0000][1][gc           ] GC(66) Pause Young (Allocation Failure) 130M->66M(503M) 23.823ms
[2020-09-11T12:38:50.208+0000][1][gc,cpu       ] GC(66) User=0.02s Sys=0.00s Real=0.02s
[2020-09-11T12:38:50.208+0000][1][safepoint    ] Safepoint "GenCollectForAllocation", Time since last: 1317683297 ns, Reaching safepoint: 102949 ns, At safepoint: 23893458 ns, Total: 23996407 ns
[2020-09-11T12:38:52.210+0000][1][safepoint    ] Safepoint "Cleanup", Time since last: 2002367439 ns, Reaching safepoint: 82375 ns, At safepoint: 6938 ns, Total: 89313 ns
[2020-09-11T12:38:55.212+0000][1][safepoint    ] Safepoint "Cleanup", Time since last: 3000689099 ns, Reaching safepoint: 186013 ns, At safepoint: 18322 ns, Total: 204335 ns
[2020-09-11T12:38:57.212+0000][1][safepoint    ] Safepoint "Cleanup", Time since last: 2000769693 ns, Reaching safepoint: 103404 ns, At safepoint: 18272 ns, Total: 121676 ns
[2020-09-11T12:39:01.213+0000][1][safepoint    ] Safepoint "Cleanup", Time since last: 4001122188 ns, Reaching safepoint: 57273 ns, At safepoint: 6253 ns, Total: 63526 ns
[2020-09-11T12:39:02.214+0000][1][safepoint    ] Safepoint "Cleanup", Time since last: 1000302643 ns, Reaching safepoint: 111332 ns, At safepoint: 16608 ns, Total: 127940 ns
[2020-09-11T12:39:04.215+0000][1][safepoint    ] Safepoint "Cleanup", Time since last: 2000545869 ns, Reaching safepoint: 108546 ns, At safepoint: 16060 ns, Total: 124606 ns
[2020-09-11T12:39:07.215+0000][1][safepoint    ] Safepoint "Cleanup", Time since last: 3000421154 ns, Reaching safepoint: 108365 ns, At safepoint: 18175 ns, Total: 126540 ns
[2020-09-11T12:39:13.216+0000][1][safepoint    ] Safepoint "Cleanup", Time since last: 6000905860 ns, Reaching safepoint: 107657 ns, At safepoint: 18874 ns, Total: 126531 ns
[2020-09-11T12:39:18.217+0000][1][safepoint    ] Safepoint "Cleanup", Time since last: 5000655612 ns, Reaching safepoint: 110366 ns, At safepoint: 18302 ns, Total: 128668 ns
[2020-09-11T12:39:21.217+0000][1][safepoint    ] Safepoint "Cleanup", Time since last: 3000463794 ns, Reaching safepoint: 90577 ns, At safepoint: 6579 ns, Total: 97156 ns
[2020-09-11T12:39:22.218+0000][1][safepoint    ] Safepoint "Cleanup", Time since last: 1000163657 ns, Reaching safepoint: 87040 ns, At safepoint: 6737 ns, Total: 93777 ns
[2020-09-11T12:39:23.218+0000][1][safepoint    ] Safepoint "Cleanup", Time since last: 1000173101 ns, Reaching safepoint: 85056 ns, At safepoint: 7637 ns, Total: 92693 ns
[2020-09-11T12:39:24.218+0000][1][safepoint    ] Safepoint "Cleanup", Time since last: 1000135929 ns, Reaching safepoint: 116048 ns, At safepoint: 7245 ns, Total: 123293 ns
[2020-09-11T12:39:25.219+0000][1][safepoint    ] Safepoint "Cleanup", Time since last: 1000172026 ns, Reaching safepoint: 102532 ns, At safepoint: 17807 ns, Total: 120339 ns
[2020-09-11T12:39:26.219+0000][1][safepoint    ] Safepoint "Cleanup", Time since last: 1000161572 ns, Reaching safepoint: 100841 ns, At safepoint: 14905 ns, Total: 115746 ns
[2020-09-11T12:39:27.219+0000][1][safepoint    ] Safepoint "Cleanup", Time since last: 1000158205 ns, Reaching safepoint: 312875 ns, At safepoint: 19959 ns, Total: 332834 ns
[2020-09-11T12:39:28.220+0000][1][safepoint    ] Safepoint "Cleanup", Time since last: 1000174395 ns, Reaching safepoint: 206347 ns, At safepoint: 19842 ns, Total: 226189 ns
[2020-09-11T12:39:29.220+0000][1][safepoint    ] Safepoint "Cleanup", Time since last: 1000126121 ns, Reaching safepoint: 49818 ns, At safepoint: 6039 ns, Total: 55857 ns
[2020-09-11T12:39:30.220+0000][1][safepoint    ] Safepoint "Cleanup", Time since last: 1000167923 ns, Reaching safepoint: 82369 ns, At safepoint: 6738 ns, Total: 89107 ns
[2020-09-11T12:39:31.220+0000][1][safepoint    ] Safepoint "Cleanup", Time since last: 1000099663 ns, Reaching safepoint: 50314 ns, At safepoint: 6067 ns, Total: 56381 ns
[2020-09-11T12:39:32.223+0000][1][safepoint    ] Safepoint "Cleanup", Time since last: 1002205845 ns, Reaching safepoint: 231118 ns, At safepoint: 7279 ns, Total: 238397 ns
[2020-09-11T12:39:33.223+0000][1][safepoint    ] Safepoint "Cleanup", Time since last: 1000171145 ns, Reaching safepoint: 82227 ns, At safepoint: 7485 ns, Total: 89712 ns
[2020-09-11T12:39:34.223+0000][1][safepoint    ] Safepoint "Cleanup", Time since last: 1000163300 ns, Reaching safepoint: 98089 ns, At safepoint: 17259 ns, Total: 115348 ns
[2020-09-11T12:39:35.224+0000][1][safepoint    ] Safepoint "Cleanup", Time since last: 1000131552 ns, Reaching safepoint: 114590 ns, At safepoint: 15194 ns, Total: 129784 ns
[2020-09-11T12:39:36.224+0000][1][safepoint    ] Safepoint "Cleanup", Time since last: 1000155391 ns, Reaching safepoint: 376487 ns, At safepoint: 18412 ns, Total: 394899 ns
[2020-09-11T12:39:37.224+0000][1][safepoint    ] Safepoint "Cleanup", Time since last: 1000205224 ns, Reaching safepoint: 81974 ns, At safepoint: 7353 ns, Total: 89327 ns
[2020-09-11T12:39:38.225+0000][1][safepoint    ] Safepoint "Cleanup", Time since last: 1000166525 ns, Reaching safepoint: 75315 ns, At safepoint: 7547 ns, Total: 82862 ns
[2020-09-11T12:39:39.225+0000][1][safepoint    ] Safepoint "Cleanup", Time since last: 1000166266 ns, Reaching safepoint: 91513 ns, At safepoint: 7239 ns, Total: 98752 ns
[2020-09-11T12:39:40.225+0000][1][safepoint    ] Safepoint "Cleanup", Time since last: 1000164280 ns, Reaching safepoint: 98028 ns, At safepoint: 17440 ns, Total: 115468 ns
[2020-09-11T12:39:41.226+0000][1][safepoint    ] Safepoint "Cleanup", Time since last: 1001122341 ns, Reaching safepoint: 95975 ns, At safepoint: 5746 ns, Total: 101721 ns
[2020-09-11T12:39:42.227+0000][1][safepoint    ] Safepoint "Cleanup", Time since last: 1000175930 ns, Reaching safepoint: 88582 ns, At safepoint: 7490 ns, Total: 96072 ns
[2020-09-11T12:39:43.227+0000][1][safepoint    ] Safepoint "Cleanup", Time since last: 1000193512 ns, Reaching safepoint: 79844 ns, At safepoint: 7471 ns, Total: 87315 ns
[2020-09-11T12:39:44.227+0000][1][safepoint    ] Safepoint "Cleanup", Time since last: 1000158676 ns, Reaching safepoint: 101139 ns, At safepoint: 17113 ns, Total: 118252 ns
[2020-09-11T12:39:45.228+0000][1][safepoint    ] Safepoint "Cleanup", Time since last: 1000221991 ns, Reaching safepoint: 69471 ns, At safepoint: 7168 ns, Total: 76639 ns
[2020-09-11T12:39:46.229+0000][1][safepoint    ] Safepoint "Cleanup", Time since last: 1000948595 ns, Reaching safepoint: 94349 ns, At safepoint: 7967 ns, Total: 102316 ns
[2020-09-11T12:39:47.229+0000][1][safepoint    ] Safepoint "Cleanup", Time since last: 1000188519 ns, Reaching safepoint: 85648 ns, At safepoint: 7611 ns, Total: 93259 ns
[2020-09-11T12:39:48.229+0000][1][safepoint    ] Safepoint "Cleanup", Time since last: 1000135915 ns, Reaching safepoint: 107510 ns, At safepoint: 15051 ns, Total: 122561 ns
[2020-09-11T12:39:49.229+0000][1][safepoint    ] Safepoint "Cleanup", Time since last: 1000154416 ns, Reaching safepoint: 105412 ns, At safepoint: 15800 ns, Total: 121212 ns
[2020-09-11T12:39:50.230+0000][1][safepoint    ] Safepoint "Cleanup", Time since last: 1000188497 ns, Reaching safepoint: 83394 ns, At safepoint: 6997 ns, Total: 90391 ns
[2020-09-11T12:39:51.231+0000][1][safepoint    ] Safepoint "Cleanup", Time since last: 1000917879 ns, Reaching safepoint: 84031 ns, At safepoint: 7057 ns, Total: 91088 ns
[2020-09-11T12:39:52.231+0000][1][safepoint    ] Safepoint "Cleanup", Time since last: 1000138032 ns, Reaching safepoint: 108482 ns, At safepoint: 17233 ns, Total: 125715 ns
[2020-09-11T12:39:53.231+0000][1][safepoint    ] Safepoint "Cleanup", Time since last: 1000203974 ns, Reaching safepoint: 101566 ns, At safepoint: 17771 ns, Total: 119337 ns
[2020-09-11T12:39:54.232+0000][1][safepoint    ] Safepoint "Cleanup", Time since last: 1000199971 ns, Reaching safepoint: 100665 ns, At safepoint: 17810 ns, Total: 118475 ns
[2020-09-11T12:39:55.232+0000][1][safepoint    ] Safepoint "Cleanup", Time since last: 1000204230 ns, Reaching safepoint: 101944 ns, At safepoint: 17975 ns, Total: 119919 ns
[2020-09-11T12:39:56.233+0000][1][safepoint    ] Safepoint "Cleanup", Time since last: 1001233185 ns, Reaching safepoint: 108458 ns, At safepoint: 7280 ns, Total: 115738 ns
[2020-09-11T12:39:57.233+0000][1][safepoint    ] Safepoint "Cleanup", Time since last: 1000113310 ns, Reaching safepoint: 60752 ns, At safepoint: 6743 ns, Total: 67495 ns
[2020-09-11T12:39:58.234+0000][1][safepoint    ] Safepoint "Cleanup", Time since last: 1000264327 ns, Reaching safepoint: 52035 ns, At safepoint: 6138 ns, Total: 58173 ns
[2020-09-11T12:39:59.234+0000][1][safepoint    ] Safepoint "Cleanup", Time since last: 1000120276 ns, Reaching safepoint: 98526 ns, At safepoint: 16595 ns, Total: 115121 ns
[2020-09-11T12:40:00.234+0000][1][safepoint    ] Safepoint "Cleanup", Time since last: 1000157213 ns, Reaching safepoint: 98689 ns, At safepoint: 6446 ns, Total: 105135 ns
[2020-09-11T12:40:01.235+0000][1][safepoint    ] Safepoint "Cleanup", Time since last: 1000152288 ns, Reaching safepoint: 198669 ns, At safepoint: 21242 ns, Total: 219911 ns
[2020-09-11T12:40:02.089+0000][1][gc,start     ] GC(67) Pause Young (Allocation Failure)
[2020-09-11T12:40:02.089+0000][1][gc,task      ] GC(67) Using 1 workers of 1 for evacuation
[2020-09-11T12:40:02.096+0000][1][gc,age       ] GC(67) Desired survivor size 4358144 bytes, new threshold 6 (max threshold 6)
[2020-09-11T12:40:02.096+0000][1][gc,age       ] GC(67) Age table with threshold 6 (max threshold 6)
[2020-09-11T12:40:02.096+0000][1][gc,age       ] GC(67) - age   1:       9568 bytes,       9568 total
[2020-09-11T12:40:02.096+0000][1][gc,age       ] GC(67) - age   2:      28936 bytes,      38504 total
[2020-09-11T12:40:02.096+0000][1][gc,age       ] GC(67) - age   3:    1146624 bytes,    1185128 total
[2020-09-11T12:40:02.096+0000][1][gc,heap      ] GC(67) ParNew: 72989K->1495K(76672K)
[2020-09-11T12:40:02.096+0000][1][gc,heap      ] GC(67) CMS: 62869K->62869K(439104K)
[2020-09-11T12:40:02.096+0000][1][gc,metaspace ] GC(67) Metaspace: 71299K->71299K(1116160K)
[2020-09-11T12:40:02.096+0000][1][gc           ] GC(67) Pause Young (Allocation Failure) 132M->62M(503M) 7.074ms
[2020-09-11T12:40:02.096+0000][1][gc,cpu       ] GC(67) User=0.01s Sys=0.00s Real=0.01s
[2020-09-11T12:40:02.099+0000][1][safepoint    ] Safepoint "GenCollectForAllocation", Time since last: 854238065 ns, Reaching safepoint: 169531 ns, At safepoint: 10393602 ns, Total: 10563133 ns
[2020-09-11T12:40:03.102+0000][1][safepoint    ] Safepoint "Cleanup", Time since last: 1002560657 ns, Reaching safepoint: 58384 ns, At safepoint: 7379 ns, Total: 65763 ns
[2020-09-11T12:40:04.103+0000][1][safepoint    ] Safepoint "Cleanup", Time since last: 1000423394 ns, Reaching safepoint: 57147 ns, At safepoint: 6988 ns, Total: 64135 ns
[2020-09-11T12:40:05.103+0000][1][safepoint    ] Safepoint "Cleanup", Time since last: 1000108129 ns, Reaching safepoint: 171448 ns, At safepoint: 7770 ns, Total: 179218 ns
[2020-09-11T12:40:06.103+0000][1][safepoint    ] Safepoint "Cleanup", Time since last: 1000175055 ns, Reaching safepoint: 83723 ns, At safepoint: 7269 ns, Total: 90992 ns
[2020-09-11T12:40:07.103+0000][1][safepoint    ] Safepoint "Cleanup", Time since last: 1000106639 ns, Reaching safepoint: 183900 ns, At safepoint: 7144 ns, Total: 191044 ns
[2020-09-11T12:40:08.104+0000][1][safepoint    ] Safepoint "Cleanup", Time since last: 1000213001 ns, Reaching safepoint: 92006 ns, At safepoint: 8053 ns, Total: 100059 ns
[2020-09-11T12:40:09.104+0000][1][safepoint    ] Safepoint "Cleanup", Time since last: 1000175756 ns, Reaching safepoint: 112248 ns, At safepoint: 18248 ns, Total: 130496 ns
[2020-09-11T12:40:10.104+0000][1][safepoint    ] Safepoint "Cleanup", Time since last: 1000218370 ns, Reaching safepoint: 123641 ns, At safepoint: 17841 ns, Total: 141482 ns
[2020-09-11T12:40:11.105+0000][1][safepoint    ] Safepoint "Cleanup", Time since last: 1000187797 ns, Reaching safepoint: 104322 ns, At safepoint: 9347 ns, Total: 113669 ns
[2020-09-11T12:40:12.105+0000][1][safepoint    ] Safepoint "Cleanup", Time since last: 1000150042 ns, Reaching safepoint: 122546 ns, At safepoint: 6868 ns, Total: 129414 ns
[2020-09-11T12:40:13.105+0000][1][safepoint    ] Safepoint "Cleanup", Time since last: 1000202235 ns, Reaching safepoint: 84761 ns, At safepoint: 9445 ns, Total: 94206 ns
[2020-09-11T12:40:14.106+0000][1][safepoint    ] Safepoint "Cleanup", Time since last: 1000178859 ns, Reaching safepoint: 131495 ns, At safepoint: 19258 ns, Total: 150753 ns
[2020-09-11T12:40:15.106+0000][1][safepoint    ] Safepoint "Cleanup", Time since last: 1000252040 ns, Reaching safepoint: 86636 ns, At safepoint: 7514 ns, Total: 94150 ns
[2020-09-11T12:40:16.106+0000][1][safepoint    ] Safepoint "Cleanup", Time since last: 1000182593 ns, Reaching safepoint: 85446 ns, At safepoint: 8857 ns, Total: 94303 ns
[2020-09-11T12:40:17.107+0000][1][safepoint    ] Safepoint "Cleanup", Time since last: 1000180436 ns, Reaching safepoint: 123971 ns, At safepoint: 18933 ns, Total: 142904 ns
[2020-09-11T12:40:18.107+0000][1][safepoint    ] Safepoint "Cleanup", Time since last: 1000220105 ns, Reaching safepoint: 116737 ns, At safepoint: 20304 ns, Total: 137041 ns
[2020-09-11T12:40:19.107+0000][1][safepoint    ] Safepoint "Cleanup", Time since last: 1000214228 ns, Reaching safepoint: 108993 ns, At safepoint: 18476 ns, Total: 127469 ns
[2020-09-11T12:40:20.108+0000][1][safepoint    ] Safepoint "Cleanup", Time since last: 1000227521 ns, Reaching safepoint: 112976 ns, At safepoint: 17570 ns, Total: 130546 ns
[2020-09-11T12:40:21.108+0000][1][safepoint    ] Safepoint "Cleanup", Time since last: 1000175023 ns, Reaching safepoint: 112067 ns, At safepoint: 16100 ns, Total: 128167 ns
[2020-09-11T12:40:22.108+0000][1][safepoint    ] Safepoint "Cleanup", Time since last: 1000221537 ns, Reaching safepoint: 64827 ns, At safepoint: 7921 ns, Total: 72748 ns
[2020-09-11T12:40:23.108+0000][1][safepoint    ] Safepoint "Cleanup", Time since last: 1000179466 ns, Reaching safepoint: 90246 ns, At safepoint: 8307 ns, Total: 98553 ns
[2020-09-11T12:40:24.109+0000][1][safepoint    ] Safepoint "Cleanup", Time since last: 1000180405 ns, Reaching safepoint: 113337 ns, At safepoint: 17935 ns, Total: 131272 ns
[2020-09-11T12:40:25.109+0000][1][safepoint    ] Safepoint "Cleanup", Time since last: 1000229220 ns, Reaching safepoint: 84436 ns, At safepoint: 7777 ns, Total: 92213 ns
[2020-09-11T12:40:26.109+0000][1][safepoint    ] Safepoint "Cleanup", Time since last: 1000144297 ns, Reaching safepoint: 74798 ns, At safepoint: 8197 ns, Total: 82995 ns
[2020-09-11T12:40:27.110+0000][1][safepoint    ] Safepoint "Cleanup", Time since last: 1000167862 ns, Reaching safepoint: 94684 ns, At safepoint: 7500 ns, Total: 102184 ns
[2020-09-11T12:40:28.110+0000][1][safepoint    ] Safepoint "Cleanup", Time since last: 1000195116 ns, Reaching safepoint: 119678 ns, At safepoint: 19414 ns, Total: 139092 ns
[2020-09-11T12:40:29.110+0000][1][safepoint    ] Safepoint "Cleanup", Time since last: 1000252693 ns, Reaching safepoint: 147686 ns, At safepoint: 19388 ns, Total: 167074 ns
[2020-09-11T12:40:30.111+0000][1][safepoint    ] Safepoint "Cleanup", Time since last: 1000215170 ns, Reaching safepoint: 115528 ns, At safepoint: 16969 ns, Total: 132497 ns
[2020-09-11T12:40:31.111+0000][1][safepoint    ] Safepoint "Cleanup", Time since last: 1000240898 ns, Reaching safepoint: 117951 ns, At safepoint: 20490 ns, Total: 138441 ns
[2020-09-11T12:40:32.111+0000][1][safepoint    ] Safepoint "Cleanup", Time since last: 1000249820 ns, Reaching safepoint: 104804 ns, At safepoint: 7207 ns, Total: 112011 ns
[2020-09-11T12:40:33.112+0000][1][safepoint    ] Safepoint "Cleanup", Time since last: 1000190205 ns, Reaching safepoint: 93868 ns, At safepoint: 9312 ns, Total: 103180 ns
[2020-09-11T12:40:34.112+0000][1][safepoint    ] Safepoint "Cleanup", Time since last: 1000177866 ns, Reaching safepoint: 90939 ns, At safepoint: 9119 ns, Total: 100058 ns
[2020-09-11T12:40:35.112+0000][1][safepoint    ] Safepoint "Cleanup", Time since last: 1000214941 ns, Reaching safepoint: 128806 ns, At safepoint: 20026 ns, Total: 148832 ns
[2020-09-11T12:40:36.113+0000][1][safepoint    ] Safepoint "Cleanup", Time since last: 1000249714 ns, Reaching safepoint: 92091 ns, At safepoint: 8834 ns, Total: 100925 ns
[2020-09-11T12:40:37.113+0000][1][safepoint    ] Safepoint "Cleanup", Time since last: 1000176061 ns, Reaching safepoint: 89840 ns, At safepoint: 7359 ns, Total: 97199 ns
[2020-09-11T12:40:38.113+0000][1][safepoint    ] Safepoint "Cleanup", Time since last: 1000178891 ns, Reaching safepoint: 89933 ns, At safepoint: 8731 ns, Total: 98664 ns
[2020-09-11T12:40:39.114+0000][1][safepoint    ] Safepoint "Cleanup", Time since last: 1000140338 ns, Reaching safepoint: 111492 ns, At safepoint: 9699 ns, Total: 121191 ns
[2020-09-11T12:40:40.114+0000][1][safepoint    ] Safepoint "Cleanup", Time since last: 1000181006 ns, Reaching safepoint: 112225 ns, At safepoint: 17620 ns, Total: 129845 ns
[2020-09-11T12:40:41.114+0000][1][safepoint    ] Safepoint "Cleanup", Time since last: 1000211621 ns, Reaching safepoint: 93980 ns, At safepoint: 14435 ns, Total: 108415 ns
[2020-09-11T12:40:42.114+0000][1][safepoint    ] Safepoint "Cleanup", Time since last: 1000165145 ns, Reaching safepoint: 109856 ns, At safepoint: 17707 ns, Total: 127563 ns
[2020-09-11T12:40:43.115+0000][1][safepoint    ] Safepoint "Cleanup", Time since last: 1000200842 ns, Reaching safepoint: 154585 ns, At safepoint: 19949 ns, Total: 174534 ns
[2020-09-11T12:40:44.115+0000][1][safepoint    ] Safepoint "Cleanup", Time since last: 1000230551 ns, Reaching safepoint: 130072 ns, At safepoint: 20263 ns, Total: 150335 ns
[2020-09-11T12:40:45.116+0000][1][safepoint    ] Safepoint "Cleanup", Time since last: 1000271221 ns, Reaching safepoint: 65156 ns, At safepoint: 8293 ns, Total: 73449 ns
[2020-09-11T12:40:46.116+0000][1][safepoint    ] Safepoint "Cleanup", Time since last: 1000227290 ns, Reaching safepoint: 63619 ns, At safepoint: 9766 ns, Total: 73385 ns
[2020-09-11T12:40:47.116+0000][1][safepoint    ] Safepoint "Cleanup", Time since last: 1000175856 ns, Reaching safepoint: 98817 ns, At safepoint: 7481 ns, Total: 106298 ns
[2020-09-11T12:40:48.116+0000][1][safepoint    ] Safepoint "Cleanup", Time since last: 1000160673 ns, Reaching safepoint: 118418 ns, At safepoint: 19107 ns, Total: 137525 ns
[2020-09-11T12:40:49.117+0000][1][safepoint    ] Safepoint "Cleanup", Time since last: 1000212036 ns, Reaching safepoint: 125598 ns, At safepoint: 19184 ns, Total: 144782 ns
[2020-09-11T12:40:50.117+0000][1][safepoint    ] Safepoint "Cleanup", Time since last: 1000229731 ns, Reaching safepoint: 114366 ns, At safepoint: 17617 ns, Total: 131983 ns
[2020-09-11T12:40:51.117+0000][1][safepoint    ] Safepoint "Cleanup", Time since last: 1000181976 ns, Reaching safepoint: 81565 ns, At safepoint: 7425 ns, Total: 88990 ns
[2020-09-11T12:40:52.118+0000][1][safepoint    ] Safepoint "Cleanup", Time since last: 1000176169 ns, Reaching safepoint: 92999 ns, At safepoint: 7696 ns, Total: 100695 ns
[2020-09-11T12:40:53.118+0000][1][safepoint    ] Safepoint "Cleanup", Time since last: 1000202589 ns, Reaching safepoint: 118021 ns, At safepoint: 20166 ns, Total: 138187 ns
[2020-09-11T12:40:54.118+0000][1][safepoint    ] Safepoint "Cleanup", Time since last: 1000206398 ns, Reaching safepoint: 124131 ns, At safepoint: 18793 ns, Total: 142924 ns
[2020-09-11T12:40:55.119+0000][1][safepoint    ] Safepoint "Cleanup", Time since last: 1000215119 ns, Reaching safepoint: 107175 ns, At safepoint: 7591 ns, Total: 114766 ns
[2020-09-11T12:40:56.119+0000][1][safepoint    ] Safepoint "Cleanup", Time since last: 1000115683 ns, Reaching safepoint: 62151 ns, At safepoint: 7491 ns, Total: 69642 ns
[2020-09-11T12:40:57.119+0000][1][safepoint    ] Safepoint "Cleanup", Time since last: 1000184895 ns, Reaching safepoint: 140890 ns, At safepoint: 16478 ns, Total: 157368 ns
[2020-09-11T12:40:58.120+0000][1][safepoint    ] Safepoint "Cleanup", Time since last: 1000173372 ns, Reaching safepoint: 105889 ns, At safepoint: 8993 ns, Total: 114882 ns
[2020-09-11T12:40:59.120+0000][1][safepoint    ] Safepoint "Cleanup", Time since last: 1000142914 ns, Reaching safepoint: 125224 ns, At safepoint: 17931 ns, Total: 143155 ns
[2020-09-11T12:41:00.120+0000][1][safepoint    ] Safepoint "Cleanup", Time since last: 1000262634 ns, Reaching safepoint: 97435 ns, At safepoint: 8542 ns, Total: 105977 ns
[2020-09-11T12:41:01.121+0000][1][safepoint    ] Safepoint "Cleanup", Time since last: 1000143323 ns, Reaching safepoint: 114580 ns, At safepoint: 19371 ns, Total: 133951 ns
[2020-09-11T12:41:02.121+0000][1][safepoint    ] Safepoint "Cleanup", Time since last: 1000173804 ns, Reaching safepoint: 108499 ns, At safepoint: 6813 ns, Total: 115312 ns
[2020-09-11T12:41:03.122+0000][1][safepoint    ] Safepoint "Cleanup", Time since last: 1001349672 ns, Reaching safepoint: 65726 ns, At safepoint: 7154 ns, Total: 72880 ns
[2020-09-11T12:41:04.122+0000][1][safepoint    ] Safepoint "Cleanup", Time since last: 1000185898 ns, Reaching safepoint: 86702 ns, At safepoint: 8335 ns, Total: 95037 ns
[2020-09-11T12:41:05.123+0000][1][safepoint    ] Safepoint "Cleanup", Time since last: 1000180984 ns, Reaching safepoint: 117028 ns, At safepoint: 17704 ns, Total: 134732 ns
[2020-09-11T12:41:06.123+0000][1][safepoint    ] Safepoint "Cleanup", Time since last: 1000217831 ns, Reaching safepoint: 116230 ns, At safepoint: 17984 ns, Total: 134214 ns
[2020-09-11T12:41:07.124+0000][1][safepoint    ] Safepoint "Cleanup", Time since last: 1000283172 ns, Reaching safepoint: 60135 ns, At safepoint: 7024 ns, Total: 67159 ns
[2020-09-11T12:41:08.124+0000][1][safepoint    ] Safepoint "Cleanup", Time since last: 1000139042 ns, Reaching safepoint: 111318 ns, At safepoint: 17183 ns, Total: 128501 ns
[2020-09-11T12:41:09.125+0000][1][safepoint    ] Safepoint "Cleanup", Time since last: 1001168360 ns, Reaching safepoint: 115959 ns, At safepoint: 16698 ns, Total: 132657 ns
[2020-09-11T12:41:10.125+0000][1][safepoint    ] Safepoint "Cleanup", Time since last: 1000232326 ns, Reaching safepoint: 142150 ns, At safepoint: 19027 ns, Total: 161177 ns
[2020-09-11T12:41:11.126+0000][1][safepoint    ] Safepoint "Cleanup", Time since last: 1000199280 ns, Reaching safepoint: 98619 ns, At safepoint: 15255 ns, Total: 113874 ns
[2020-09-11T12:41:12.126+0000][1][safepoint    ] Safepoint "Cleanup", Time since last: 1000175288 ns, Reaching safepoint: 121689 ns, At safepoint: 17931 ns, Total: 139620 ns
[2020-09-11T12:41:13.126+0000][1][safepoint    ] Safepoint "Cleanup", Time since last: 1000211374 ns, Reaching safepoint: 115685 ns, At safepoint: 18098 ns, Total: 133783 ns
[2020-09-11T12:41:14.128+0000][1][safepoint    ] Safepoint "Cleanup", Time since last: 1000922112 ns, Reaching safepoint: 145632 ns, At safepoint: 6347 ns, Total: 151979 ns
[2020-09-11T12:41:15.128+0000][1][safepoint    ] Safepoint "Cleanup", Time since last: 1000185620 ns, Reaching safepoint: 111713 ns, At safepoint: 17932 ns, Total: 129645 ns
[2020-09-11T12:41:16.128+0000][1][safepoint    ] Safepoint "Cleanup", Time since last: 1000189009 ns, Reaching safepoint: 115689 ns, At safepoint: 17820 ns, Total: 133509 ns
[2020-09-11T12:41:17.129+0000][1][safepoint    ] Safepoint "Cleanup", Time since last: 1000235164 ns, Reaching safepoint: 115746 ns, At safepoint: 18035 ns, Total: 133781 ns
[2020-09-11T12:41:17.194+0000][1][gc,start     ] GC(68) Pause Young (Allocation Failure)
[2020-09-11T12:41:17.194+0000][1][gc,task      ] GC(68) Using 1 workers of 1 for evacuation
[2020-09-11T12:41:17.208+0000][1][gc,age       ] GC(68) Desired survivor size 4358144 bytes, new threshold 6 (max threshold 6)
[2020-09-11T12:41:17.208+0000][1][gc,age       ] GC(68) Age table with threshold 6 (max threshold 6)
[2020-09-11T12:41:17.208+0000][1][gc,age       ] GC(68) - age   1:       7784 bytes,       7784 total
[2020-09-11T12:41:17.208+0000][1][gc,age       ] GC(68) - age   2:       3312 bytes,      11096 total
[2020-09-11T12:41:17.208+0000][1][gc,age       ] GC(68) - age   3:      28936 bytes,      40032 total
[2020-09-11T12:41:17.208+0000][1][gc,age       ] GC(68) - age   4:    1146624 bytes,    1186656 total
[2020-09-11T12:41:17.208+0000][1][gc,heap      ] GC(68) ParNew: 69655K->1241K(76672K)
[2020-09-11T12:41:17.208+0000][1][gc,heap      ] GC(68) CMS: 62869K->62869K(439104K)
[2020-09-11T12:41:17.208+0000][1][gc,metaspace ] GC(68) Metaspace: 71492K->71492K(1116160K)
[2020-09-11T12:41:17.208+0000][1][gc           ] GC(68) Pause Young (Allocation Failure) 129M->62M(503M) 14.223ms
[2020-09-11T12:41:17.208+0000][1][gc,cpu       ] GC(68) User=0.01s Sys=0.00s Real=0.02s
[2020-09-11T12:41:17.208+0000][1][safepoint    ] Safepoint "GenCollectForAllocation", Time since last: 65047337 ns, Reaching safepoint: 216386 ns, At safepoint: 14295882 ns, Total: 14512268 ns
[2020-09-11T12:41:18.216+0000][1][safepoint    ] Safepoint "Cleanup", Time since last: 1007420100 ns, Reaching safepoint: 131548 ns, At safepoint: 19528 ns, Total: 151076 ns
[2020-09-11T12:41:19.216+0000][1][safepoint    ] Safepoint "Cleanup", Time since last: 1000194863 ns, Reaching safepoint: 83061 ns, At safepoint: 6825 ns, Total: 89886 ns
[2020-09-11T12:41:20.216+0000][1][safepoint    ] Safepoint "Cleanup", Time since last: 1000183146 ns, Reaching safepoint: 113731 ns, At safepoint: 18565 ns, Total: 132296 ns
[2020-09-11T12:41:21.217+0000][1][safepoint    ] Safepoint "Cleanup", Time since last: 1000238047 ns, Reaching safepoint: 129420 ns, At safepoint: 20360 ns, Total: 149780 ns
[2020-09-11T12:41:22.217+0000][1][safepoint    ] Safepoint "Cleanup", Time since last: 1000148095 ns, Reaching safepoint: 166076 ns, At safepoint: 6911 ns, Total: 172987 ns
[2020-09-11T12:41:23.217+0000][1][safepoint    ] Safepoint "Cleanup", Time since last: 1000168677 ns, Reaching safepoint: 109371 ns, At safepoint: 17377 ns, Total: 126748 ns
[2020-09-11T12:41:24.218+0000][1][safepoint    ] Safepoint "Cleanup", Time since last: 1000231478 ns, Reaching safepoint: 110344 ns, At safepoint: 18111 ns, Total: 128455 ns
[2020-09-11T12:41:25.218+0000][1][safepoint    ] Safepoint "Cleanup", Time since last: 1000212619 ns, Reaching safepoint: 109308 ns, At safepoint: 16915 ns, Total: 126223 ns
[2020-09-11T12:41:26.218+0000][1][safepoint    ] Safepoint "Cleanup", Time since last: 1000207198 ns, Reaching safepoint: 87845 ns, At safepoint: 7366 ns, Total: 95211 ns
[2020-09-11T12:41:27.219+0000][1][safepoint    ] Safepoint "Cleanup", Time since last: 1000132000 ns, Reaching safepoint: 120026 ns, At safepoint: 15549 ns, Total: 135575 ns
[2020-09-11T12:41:28.222+0000][1][safepoint    ] Safepoint "Cleanup", Time since last: 1003009212 ns, Reaching safepoint: 252615 ns, At safepoint: 7771 ns, Total: 260386 ns
[2020-09-11T12:41:29.222+0000][1][safepoint    ] Safepoint "Cleanup", Time since last: 1000175169 ns, Reaching safepoint: 106972 ns, At safepoint: 6308 ns, Total: 113280 ns
[2020-09-11T12:41:30.222+0000][1][safepoint    ] Safepoint "Cleanup", Time since last: 1000181404 ns, Reaching safepoint: 113073 ns, At safepoint: 17730 ns, Total: 130803 ns
[2020-09-11T12:41:31.223+0000][1][safepoint    ] Safepoint "Cleanup", Time since last: 1000213449 ns, Reaching safepoint: 92180 ns, At safepoint: 7360 ns, Total: 99540 ns
[2020-09-11T12:41:32.223+0000][1][safepoint    ] Safepoint "Cleanup", Time since last: 1000182246 ns, Reaching safepoint: 135290 ns, At safepoint: 18349 ns, Total: 153639 ns
[2020-09-11T12:41:33.224+0000][1][safepoint    ] Safepoint "Cleanup", Time since last: 1000815500 ns, Reaching safepoint: 59344 ns, At safepoint: 6828 ns, Total: 66172 ns
[2020-09-11T12:41:34.224+0000][1][safepoint    ] Safepoint "Cleanup", Time since last: 1000167459 ns, Reaching safepoint: 108423 ns, At safepoint: 17974 ns, Total: 126397 ns
[2020-09-11T12:41:35.225+0000][1][safepoint    ] Safepoint "Cleanup", Time since last: 1000216132 ns, Reaching safepoint: 112257 ns, At safepoint: 17601 ns, Total: 129858 ns
[2020-09-11T12:41:36.225+0000][1][safepoint    ] Safepoint "Cleanup", Time since last: 1000219319 ns, Reaching safepoint: 86510 ns, At safepoint: 8306 ns, Total: 94816 ns
[2020-09-11T12:41:37.225+0000][1][safepoint    ] Safepoint "Cleanup", Time since last: 1000162260 ns, Reaching safepoint: 89289 ns, At safepoint: 6514 ns, Total: 95803 ns
[2020-09-11T12:41:38.225+0000][1][safepoint    ] Safepoint "Cleanup", Time since last: 1000162765 ns, Reaching safepoint: 85010 ns, At safepoint: 7167 ns, Total: 92177 ns
[2020-09-11T12:41:39.226+0000][1][safepoint    ] Safepoint "Cleanup", Time since last: 1000181138 ns, Reaching safepoint: 84207 ns, At safepoint: 6252 ns, Total: 90459 ns
[2020-09-11T12:41:40.226+0000][1][safepoint    ] Safepoint "Cleanup", Time since last: 1000162098 ns, Reaching safepoint: 83262 ns, At safepoint: 6903 ns, Total: 90165 ns
[2020-09-11T12:41:41.226+0000][1][safepoint    ] Safepoint "Cleanup", Time since last: 1000157234 ns, Reaching safepoint: 135732 ns, At safepoint: 25408 ns, Total: 161140 ns
[2020-09-11T12:41:42.227+0000][1][safepoint    ] Safepoint "Cleanup", Time since last: 1000220421 ns, Reaching safepoint: 106201 ns, At safepoint: 17276 ns, Total: 123477 ns
[2020-09-11T12:41:43.227+0000][1][safepoint    ] Safepoint "Cleanup", Time since last: 1000191244 ns, Reaching safepoint: 102840 ns, At safepoint: 16929 ns, Total: 119769 ns
[2020-09-11T12:41:44.227+0000][1][safepoint    ] Safepoint "Cleanup", Time since last: 1000218795 ns, Reaching safepoint: 150943 ns, At safepoint: 18403 ns, Total: 169346 ns
[2020-09-11T12:41:45.228+0000][1][safepoint    ] Safepoint "Cleanup", Time since last: 1000207492 ns, Reaching safepoint: 114188 ns, At safepoint: 17494 ns, Total: 131682 ns
[2020-09-11T12:41:46.228+0000][1][safepoint    ] Safepoint "Cleanup", Time since last: 1000189850 ns, Reaching safepoint: 107066 ns, At safepoint: 15151 ns, Total: 122217 ns
[2020-09-11T12:41:47.228+0000][1][safepoint    ] Safepoint "Cleanup", Time since last: 1000217284 ns, Reaching safepoint: 113741 ns, At safepoint: 17263 ns, Total: 131004 ns
[2020-09-11T12:41:48.229+0000][1][safepoint    ] Safepoint "Cleanup", Time since last: 1000186920 ns, Reaching safepoint: 98188 ns, At safepoint: 6394 ns, Total: 104582 ns
[2020-09-11T12:41:49.229+0000][1][safepoint    ] Safepoint "Cleanup", Time since last: 1000128290 ns, Reaching safepoint: 109324 ns, At safepoint: 16912 ns, Total: 126236 ns
[2020-09-11T12:41:50.229+0000][1][safepoint    ] Safepoint "Cleanup", Time since last: 1000217746 ns, Reaching safepoint: 114861 ns, At safepoint: 18549 ns, Total: 133410 ns
[2020-09-11T12:41:51.230+0000][1][safepoint    ] Safepoint "Cleanup", Time since last: 1000210414 ns, Reaching safepoint: 178357 ns, At safepoint: 14155 ns, Total: 192512 ns
[2020-09-11T12:41:52.230+0000][1][safepoint    ] Safepoint "Cleanup", Time since last: 1000189526 ns, Reaching safepoint: 111305 ns, At safepoint: 17457 ns, Total: 128762 ns
[2020-09-11T12:41:53.231+0000][1][safepoint    ] Safepoint "Cleanup", Time since last: 1001225544 ns, Reaching safepoint: 79307 ns, At safepoint: 7823 ns, Total: 87130 ns
[2020-09-11T12:41:54.232+0000][1][safepoint    ] Safepoint "Cleanup", Time since last: 1000227199 ns, Reaching safepoint: 69564 ns, At safepoint: 8572 ns, Total: 78136 ns
[2020-09-11T12:41:55.232+0000][1][safepoint    ] Safepoint "Cleanup", Time since last: 1000180437 ns, Reaching safepoint: 115920 ns, At safepoint: 18422 ns, Total: 134342 ns
[2020-09-11T12:41:56.232+0000][1][safepoint    ] Safepoint "Cleanup", Time since last: 1000215722 ns, Reaching safepoint: 90388 ns, At safepoint: 7245 ns, Total: 97633 ns
[2020-09-11T12:41:57.232+0000][1][safepoint    ] Safepoint "Cleanup", Time since last: 1000173332 ns, Reaching safepoint: 87965 ns, At safepoint: 7026 ns, Total: 94991 ns
[2020-09-11T12:41:58.233+0000][1][safepoint    ] Safepoint "Cleanup", Time since last: 1000869569 ns, Reaching safepoint: 88529 ns, At safepoint: 6791 ns, Total: 95320 ns
[2020-09-11T12:41:59.234+0000][1][safepoint    ] Safepoint "Cleanup", Time since last: 1000173498 ns, Reaching safepoint: 86250 ns, At safepoint: 7369 ns, Total: 93619 ns
[2020-09-11T12:42:00.234+0000][1][safepoint    ] Safepoint "Cleanup", Time since last: 1000159798 ns, Reaching safepoint: 112982 ns, At safepoint: 18269 ns, Total: 131251 ns
[2020-09-11T12:42:01.234+0000][1][safepoint    ] Safepoint "Cleanup", Time since last: 1000156499 ns, Reaching safepoint: 61216 ns, At safepoint: 7789 ns, Total: 69005 ns
[2020-09-11T12:42:02.235+0000][1][safepoint    ] Safepoint "Cleanup", Time since last: 1000198340 ns, Reaching safepoint: 114349 ns, At safepoint: 18646 ns, Total: 132995 ns
[2020-09-11T12:42:03.235+0000][1][safepoint    ] Safepoint "Cleanup", Time since last: 1000239805 ns, Reaching safepoint: 137412 ns, At safepoint: 19916 ns, Total: 157328 ns
[2020-09-11T12:42:04.235+0000][1][safepoint    ] Safepoint "Cleanup", Time since last: 1000215086 ns, Reaching safepoint: 89782 ns, At safepoint: 9754 ns, Total: 99536 ns
[2020-09-11T12:42:05.236+0000][1][safepoint    ] Safepoint "Cleanup", Time since last: 1000216994 ns, Reaching safepoint: 124272 ns, At safepoint: 17928 ns, Total: 142200 ns
[2020-09-11T12:42:06.236+0000][1][safepoint    ] Safepoint "Cleanup", Time since last: 1000184490 ns, Reaching safepoint: 112608 ns, At safepoint: 7980 ns, Total: 120588 ns
[2020-09-11T12:42:07.237+0000][1][safepoint    ] Safepoint "Cleanup", Time since last: 1000258071 ns, Reaching safepoint: 961604 ns, At safepoint: 8031 ns, Total: 969635 ns
[2020-09-11T12:42:08.237+0000][1][safepoint    ] Safepoint "Cleanup", Time since last: 1000161888 ns, Reaching safepoint: 64546 ns, At safepoint: 7052 ns, Total: 71598 ns
[2020-09-11T12:42:09.238+0000][1][safepoint    ] Safepoint "Cleanup", Time since last: 1000149683 ns, Reaching safepoint: 118011 ns, At safepoint: 18910 ns, Total: 136921 ns
[2020-09-11T12:42:10.238+0000][1][safepoint    ] Safepoint "Cleanup", Time since last: 1000225987 ns, Reaching safepoint: 87678 ns, At safepoint: 7624 ns, Total: 95302 ns
[2020-09-11T12:42:11.238+0000][1][safepoint    ] Safepoint "Cleanup", Time since last: 1000175985 ns, Reaching safepoint: 87339 ns, At safepoint: 6959 ns, Total: 94298 ns
[2020-09-11T12:42:12.238+0000][1][safepoint    ] Safepoint "Cleanup", Time since last: 1000177955 ns, Reaching safepoint: 88279 ns, At safepoint: 7526 ns, Total: 95805 ns
[2020-09-11T12:42:13.239+0000][1][safepoint    ] Safepoint "Cleanup", Time since last: 1000139316 ns, Reaching safepoint: 102295 ns, At safepoint: 16779 ns, Total: 119074 ns
[2020-09-11T12:42:14.239+0000][1][safepoint    ] Safepoint "Cleanup", Time since last: 1000208640 ns, Reaching safepoint: 87829 ns, At safepoint: 8824 ns, Total: 96653 ns
[2020-09-11T12:42:15.239+0000][1][safepoint    ] Safepoint "Cleanup", Time since last: 1000175698 ns, Reaching safepoint: 222646 ns, At safepoint: 7614 ns, Total: 230260 ns
[2020-09-11T12:42:16.240+0000][1][safepoint    ] Safepoint "Cleanup", Time since last: 1000802334 ns, Reaching safepoint: 86246 ns, At safepoint: 8613 ns, Total: 94859 ns
[2020-09-11T12:42:17.241+0000][1][safepoint    ] Safepoint "Cleanup", Time since last: 1000178774 ns, Reaching safepoint: 115582 ns, At safepoint: 17517 ns, Total: 133099 ns
[2020-09-11T12:42:18.241+0000][1][safepoint    ] Safepoint "Cleanup", Time since last: 1000240630 ns, Reaching safepoint: 109481 ns, At safepoint: 17530 ns, Total: 127011 ns
[2020-09-11T12:42:19.241+0000][1][safepoint    ] Safepoint "Cleanup", Time since last: 1000199516 ns, Reaching safepoint: 132173 ns, At safepoint: 19214 ns, Total: 151387 ns
[2020-09-11T12:42:20.242+0000][1][safepoint    ] Safepoint "Cleanup", Time since last: 1000232093 ns, Reaching safepoint: 98469 ns, At safepoint: 7675 ns, Total: 106144 ns
[2020-09-11T12:42:21.243+0000][1][safepoint    ] Safepoint "Cleanup", Time since last: 1000806825 ns, Reaching safepoint: 110704 ns, At safepoint: 17994 ns, Total: 128698 ns
[2020-09-11T12:42:22.243+0000][1][safepoint    ] Safepoint "Cleanup", Time since last: 1000181738 ns, Reaching safepoint: 111990 ns, At safepoint: 17009 ns, Total: 128999 ns
[2020-09-11T12:42:23.243+0000][1][safepoint    ] Safepoint "Cleanup", Time since last: 1000224361 ns, Reaching safepoint: 86845 ns, At safepoint: 7133 ns, Total: 93978 ns
[2020-09-11T12:42:24.244+0000][1][safepoint    ] Safepoint "Cleanup", Time since last: 1000153119 ns, Reaching safepoint: 103770 ns, At safepoint: 6645 ns, Total: 110415 ns
[2020-09-11T12:42:25.244+0000][1][safepoint    ] Safepoint "Cleanup", Time since last: 1000152384 ns, Reaching safepoint: 129461 ns, At safepoint: 6007 ns, Total: 135468 ns
[2020-09-11T12:42:26.244+0000][1][safepoint    ] Safepoint "Cleanup", Time since last: 1000153151 ns, Reaching safepoint: 106292 ns, At safepoint: 7502 ns, Total: 113794 ns
[2020-09-11T12:42:27.244+0000][1][safepoint    ] Safepoint "Cleanup", Time since last: 1000176288 ns, Reaching safepoint: 115819 ns, At safepoint: 17501 ns, Total: 133320 ns
[2020-09-11T12:42:27.336+0000][1][gc,start     ] GC(69) Pause Young (Allocation Failure)
[2020-09-11T12:42:27.336+0000][1][gc,task      ] GC(69) Using 1 workers of 1 for evacuation
[2020-09-11T12:42:27.344+0000][1][gc,age       ] GC(69) Desired survivor size 4358144 bytes, new threshold 6 (max threshold 6)
[2020-09-11T12:42:27.344+0000][1][gc,age       ] GC(69) Age table with threshold 6 (max threshold 6)
[2020-09-11T12:42:27.344+0000][1][gc,age       ] GC(69) - age   1:      32256 bytes,      32256 total
[2020-09-11T12:42:27.344+0000][1][gc,age       ] GC(69) - age   2:       2312 bytes,      34568 total
[2020-09-11T12:42:27.344+0000][1][gc,age       ] GC(69) - age   3:       3312 bytes,      37880 total
[2020-09-11T12:42:27.344+0000][1][gc,age       ] GC(69) - age   4:      28400 bytes,      66280 total
[2020-09-11T12:42:27.344+0000][1][gc,age       ] GC(69) - age   5:    1146480 bytes,    1212760 total
[2020-09-11T12:42:27.344+0000][1][gc,heap      ] GC(69) ParNew: 69401K->2359K(76672K)
[2020-09-11T12:42:27.344+0000][1][gc,heap      ] GC(69) CMS: 62869K->62869K(439104K)
[2020-09-11T12:42:27.344+0000][1][gc,metaspace ] GC(69) Metaspace: 71518K->71518K(1116160K)
[2020-09-11T12:42:27.344+0000][1][gc           ] GC(69) Pause Young (Allocation Failure) 129M->63M(503M) 8.260ms
[2020-09-11T12:42:27.344+0000][1][gc,cpu       ] GC(69) User=0.01s Sys=0.00s Real=0.01s
[2020-09-11T12:42:27.344+0000][1][safepoint    ] Safepoint "GenCollectForAllocation", Time since last: 91201443 ns, Reaching safepoint: 220238 ns, At safepoint: 8334387 ns, Total: 8554625 ns
[2020-09-11T12:42:28.347+0000][1][safepoint    ] Safepoint "Cleanup", Time since last: 1002464020 ns, Reaching safepoint: 147571 ns, At safepoint: 14988 ns, Total: 162559 ns
[2020-09-11T12:42:29.347+0000][1][safepoint    ] Safepoint "Cleanup", Time since last: 1000215408 ns, Reaching safepoint: 55232 ns, At safepoint: 6185 ns, Total: 61417 ns
[2020-09-11T12:42:30.348+0000][1][safepoint    ] Safepoint "Cleanup", Time since last: 1000376820 ns, Reaching safepoint: 229794 ns, At safepoint: 23090 ns, Total: 252884 ns
[2020-09-11T12:42:31.349+0000][1][safepoint    ] Safepoint "Cleanup", Time since last: 1001340827 ns, Reaching safepoint: 163017 ns, At safepoint: 8326 ns, Total: 171343 ns
[2020-09-11T12:42:32.349+0000][1][safepoint    ] Safepoint "Cleanup", Time since last: 1000133734 ns, Reaching safepoint: 66392 ns, At safepoint: 7859 ns, Total: 74251 ns
[2020-09-11T12:42:33.350+0000][1][safepoint    ] Safepoint "Cleanup", Time since last: 1000127812 ns, Reaching safepoint: 253037 ns, At safepoint: 20501 ns, Total: 273538 ns
[2020-09-11T12:42:34.350+0000][1][safepoint    ] Safepoint "Cleanup", Time since last: 1000219563 ns, Reaching safepoint: 114419 ns, At safepoint: 19869 ns, Total: 134288 ns
[2020-09-11T12:42:35.351+0000][1][safepoint    ] Safepoint "Cleanup", Time since last: 1000234316 ns, Reaching safepoint: 323182 ns, At safepoint: 33653 ns, Total: 356835 ns
[2020-09-11T12:42:36.352+0000][1][safepoint    ] Safepoint "Cleanup", Time since last: 1000874681 ns, Reaching safepoint: 195081 ns, At safepoint: 16852 ns, Total: 211933 ns
[2020-09-11T12:42:37.352+0000][1][safepoint    ] Safepoint "Cleanup", Time since last: 1000162925 ns, Reaching safepoint: 234782 ns, At safepoint: 20691 ns, Total: 255473 ns
[2020-09-11T12:42:38.353+0000][1][safepoint    ] Safepoint "Cleanup", Time since last: 1000215654 ns, Reaching safepoint: 115074 ns, At safepoint: 19091 ns, Total: 134165 ns
[2020-09-11T12:42:39.353+0000][1][safepoint    ] Safepoint "Cleanup", Time since last: 1000209961 ns, Reaching safepoint: 115198 ns, At safepoint: 16966 ns, Total: 132164 ns
[2020-09-11T12:42:40.353+0000][1][safepoint    ] Safepoint "Cleanup", Time since last: 1000234833 ns, Reaching safepoint: 121893 ns, At safepoint: 18580 ns, Total: 140473 ns
[2020-09-11T12:42:41.355+0000][1][safepoint    ] Safepoint "Cleanup", Time since last: 1001136809 ns, Reaching safepoint: 112158 ns, At safepoint: 16929 ns, Total: 129087 ns
[2020-09-11T12:42:42.355+0000][1][safepoint    ] Safepoint "Cleanup", Time since last: 1000201945 ns, Reaching safepoint: 84064 ns, At safepoint: 7099 ns, Total: 91163 ns
[2020-09-11T12:42:43.355+0000][1][safepoint    ] Safepoint "Cleanup", Time since last: 1000150590 ns, Reaching safepoint: 86964 ns, At safepoint: 6679 ns, Total: 93643 ns
[2020-09-11T12:42:44.355+0000][1][safepoint    ] Safepoint "Cleanup", Time since last: 1000165870 ns, Reaching safepoint: 93367 ns, At safepoint: 6424 ns, Total: 99791 ns
[2020-09-11T12:42:45.356+0000][1][safepoint    ] Safepoint "Cleanup", Time since last: 1000164119 ns, Reaching safepoint: 84804 ns, At safepoint: 6108 ns, Total: 90912 ns
[2020-09-11T12:42:46.357+0000][1][safepoint    ] Safepoint "Cleanup", Time since last: 1000734352 ns, Reaching safepoint: 93367 ns, At safepoint: 20146 ns, Total: 113513 ns
[2020-09-11T12:42:47.357+0000][1][safepoint    ] Safepoint "Cleanup", Time since last: 1000224719 ns, Reaching safepoint: 79585 ns, At safepoint: 7742 ns, Total: 87327 ns
[2020-09-11T12:42:48.357+0000][1][safepoint    ] Safepoint "Cleanup", Time since last: 1000176219 ns, Reaching safepoint: 95197 ns, At safepoint: 6522 ns, Total: 101719 ns
[2020-09-11T12:42:49.357+0000][1][safepoint    ] Safepoint "Cleanup", Time since last: 1000187504 ns, Reaching safepoint: 73641 ns, At safepoint: 6454 ns, Total: 80095 ns
[2020-09-11T12:42:50.358+0000][1][safepoint    ] Safepoint "Cleanup", Time since last: 1000178093 ns, Reaching safepoint: 81593 ns, At safepoint: 6661 ns, Total: 88254 ns
[2020-09-11T12:42:51.358+0000][1][safepoint    ] Safepoint "Cleanup", Time since last: 1000164444 ns, Reaching safepoint: 90284 ns, At safepoint: 6221 ns, Total: 96505 ns
[2020-09-11T12:42:52.358+0000][1][safepoint    ] Safepoint "Cleanup", Time since last: 1000188863 ns, Reaching safepoint: 123400 ns, At safepoint: 18730 ns, Total: 142130 ns
[2020-09-11T12:42:53.359+0000][1][safepoint    ] Safepoint "Cleanup", Time since last: 1000197781 ns, Reaching safepoint: 102418 ns, At safepoint: 16585 ns, Total: 119003 ns
[2020-09-11T12:42:54.359+0000][1][safepoint    ] Safepoint "Cleanup", Time since last: 1000228260 ns, Reaching safepoint: 71813 ns, At safepoint: 6943 ns, Total: 78756 ns
[2020-09-11T12:42:55.359+0000][1][safepoint    ] Safepoint "Cleanup", Time since last: 1000171804 ns, Reaching safepoint: 86104 ns, At safepoint: 7179 ns, Total: 93283 ns
[2020-09-11T12:42:56.360+0000][1][safepoint    ] Safepoint "Cleanup", Time since last: 1000182801 ns, Reaching safepoint: 182870 ns, At safepoint: 17891 ns, Total: 200761 ns
[2020-09-11T12:42:57.360+0000][1][safepoint    ] Safepoint "Cleanup", Time since last: 1000223430 ns, Reaching safepoint: 87875 ns, At safepoint: 7077 ns, Total: 94952 ns
[2020-09-11T12:42:58.360+0000][1][safepoint    ] Safepoint "Cleanup", Time since last: 1000183640 ns, Reaching safepoint: 114352 ns, At safepoint: 17915 ns, Total: 132267 ns
[2020-09-11T12:42:59.360+0000][1][safepoint    ] Safepoint "Cleanup", Time since last: 1000181845 ns, Reaching safepoint: 126604 ns, At safepoint: 20611 ns, Total: 147215 ns
[2020-09-11T12:43:00.361+0000][1][safepoint    ] Safepoint "Cleanup", Time since last: 1000214300 ns, Reaching safepoint: 90631 ns, At safepoint: 7737 ns, Total: 98368 ns
[2020-09-11T12:43:01.361+0000][1][safepoint    ] Safepoint "Cleanup", Time since last: 1000118048 ns, Reaching safepoint: 62574 ns, At safepoint: 7414 ns, Total: 69988 ns
[2020-09-11T12:43:02.361+0000][1][safepoint    ] Safepoint "Cleanup", Time since last: 1000140951 ns, Reaching safepoint: 116514 ns, At safepoint: 16211 ns, Total: 132725 ns
[2020-09-11T12:43:03.362+0000][1][safepoint    ] Safepoint "Cleanup", Time since last: 1000217248 ns, Reaching safepoint: 111830 ns, At safepoint: 17190 ns, Total: 129020 ns
[2020-09-11T12:43:04.362+0000][1][safepoint    ] Safepoint "Cleanup", Time since last: 1000270063 ns, Reaching safepoint: 116995 ns, At safepoint: 19351 ns, Total: 136346 ns
[2020-09-11T12:43:05.362+0000][1][safepoint    ] Safepoint "Cleanup", Time since last: 1000213939 ns, Reaching safepoint: 111339 ns, At safepoint: 17203 ns, Total: 128542 ns
[2020-09-11T12:43:06.363+0000][1][safepoint    ] Safepoint "Cleanup", Time since last: 1000157252 ns, Reaching safepoint: 63742 ns, At safepoint: 7357 ns, Total: 71099 ns
[2020-09-11T12:43:07.363+0000][1][safepoint    ] Safepoint "Cleanup", Time since last: 1000204212 ns, Reaching safepoint: 110016 ns, At safepoint: 17349 ns, Total: 127365 ns
[2020-09-11T12:43:08.363+0000][1][safepoint    ] Safepoint "Cleanup", Time since last: 1000226346 ns, Reaching safepoint: 90787 ns, At safepoint: 6798 ns, Total: 97585 ns
[2020-09-11T12:43:09.364+0000][1][safepoint    ] Safepoint "Cleanup", Time since last: 1000221631 ns, Reaching safepoint: 66971 ns, At safepoint: 6111 ns, Total: 73082 ns
[2020-09-11T12:43:10.364+0000][1][safepoint    ] Safepoint "Cleanup", Time since last: 1000197766 ns, Reaching safepoint: 79500 ns, At safepoint: 8223 ns, Total: 87723 ns
[2020-09-11T12:43:11.364+0000][1][safepoint    ] Safepoint "Cleanup", Time since last: 1000118660 ns, Reaching safepoint: 64431 ns, At safepoint: 7539 ns, Total: 71970 ns
[2020-09-11T12:43:12.364+0000][1][safepoint    ] Safepoint "Cleanup", Time since last: 1000110583 ns, Reaching safepoint: 63308 ns, At safepoint: 7291 ns, Total: 70599 ns
[2020-09-11T12:43:13.364+0000][1][safepoint    ] Safepoint "Cleanup", Time since last: 1000115665 ns, Reaching safepoint: 54680 ns, At safepoint: 6497 ns, Total: 61177 ns
[2020-09-11T12:43:14.365+0000][1][safepoint    ] Safepoint "Cleanup", Time since last: 1000174960 ns, Reaching safepoint: 116832 ns, At safepoint: 39537 ns, Total: 156369 ns
[2020-09-11T12:43:15.365+0000][1][safepoint    ] Safepoint "Cleanup", Time since last: 1000252519 ns, Reaching safepoint: 83271 ns, At safepoint: 6906 ns, Total: 90177 ns
[2020-09-11T12:43:16.365+0000][1][safepoint    ] Safepoint "Cleanup", Time since last: 1000144265 ns, Reaching safepoint: 111887 ns, At safepoint: 17801 ns, Total: 129688 ns
[2020-09-11T12:43:17.366+0000][1][safepoint    ] Safepoint "Cleanup", Time since last: 1000197652 ns, Reaching safepoint: 116293 ns, At safepoint: 17253 ns, Total: 133546 ns
[2020-09-11T12:43:18.366+0000][1][safepoint    ] Safepoint "Cleanup", Time since last: 1000176864 ns, Reaching safepoint: 106274 ns, At safepoint: 17346 ns, Total: 123620 ns
[2020-09-11T12:43:19.366+0000][1][safepoint    ] Safepoint "Cleanup", Time since last: 1000167390 ns, Reaching safepoint: 104239 ns, At safepoint: 16417 ns, Total: 120656 ns
[2020-09-11T12:43:20.367+0000][1][safepoint    ] Safepoint "Cleanup", Time since last: 1000208383 ns, Reaching safepoint: 89955 ns, At safepoint: 7829 ns, Total: 97784 ns
[2020-09-11T12:43:21.367+0000][1][safepoint    ] Safepoint "Cleanup", Time since last: 1000117128 ns, Reaching safepoint: 64200 ns, At safepoint: 6638 ns, Total: 70838 ns
[2020-09-11T12:43:22.367+0000][1][safepoint    ] Safepoint "Cleanup", Time since last: 1000193832 ns, Reaching safepoint: 90366 ns, At safepoint: 7589 ns, Total: 97955 ns
[2020-09-11T12:43:23.367+0000][1][safepoint    ] Safepoint "Cleanup", Time since last: 1000170377 ns, Reaching safepoint: 123795 ns, At safepoint: 7826 ns, Total: 131621 ns
[2020-09-11T12:43:23.936+0000][1][safepoint    ] Safepoint "RevokeBias", Time since last: 568989718 ns, Reaching safepoint: 122370 ns, At safepoint: 11417 ns, Total: 133787 ns
[2020-09-11T12:43:23.937+0000][1][safepoint    ] Safepoint "RevokeBias", Time since last: 81036 ns, Reaching safepoint: 93362 ns, At safepoint: 6356 ns, Total: 99718 ns
[2020-09-11T12:43:23.937+0000][1][safepoint    ] Safepoint "RevokeBias", Time since last: 420559 ns, Reaching safepoint: 128925 ns, At safepoint: 8212 ns, Total: 137137 ns
[2020-09-11T12:43:23.937+0000][1][safepoint    ] Safepoint "RevokeBias", Time since last: 121158 ns, Reaching safepoint: 184336 ns, At safepoint: 8317 ns, Total: 192653 ns
[2020-09-11T12:43:23.938+0000][1][safepoint    ] Safepoint "RevokeBias", Time since last: 550414 ns, Reaching safepoint: 428107 ns, At safepoint: 6873 ns, Total: 434980 ns
[2020-09-11T12:43:23.939+0000][1][safepoint    ] Safepoint "RevokeBias", Time since last: 78812 ns, Reaching safepoint: 92236 ns, At safepoint: 7044 ns, Total: 99280 ns
[2020-09-11T12:43:23.939+0000][1][safepoint    ] Safepoint "RevokeBias", Time since last: 41942 ns, Reaching safepoint: 90765 ns, At safepoint: 6196 ns, Total: 96961 ns
[2020-09-11T12:43:23.940+0000][1][safepoint    ] Safepoint "RevokeBias", Time since last: 699490 ns, Reaching safepoint: 683053 ns, At safepoint: 8954 ns, Total: 692007 ns
[2020-09-11T12:43:23.944+0000][1][safepoint    ] Safepoint "RevokeBias", Time since last: 3942398 ns, Reaching safepoint: 143247 ns, At safepoint: 8278 ns, Total: 151525 ns
[2020-09-11T12:43:23.946+0000][1][safepoint    ] Safepoint "RevokeBias", Time since last: 1057214 ns, Reaching safepoint: 812594 ns, At safepoint: 9169 ns, Total: 821763 ns
[2020-09-11T12:43:23.950+0000][1][safepoint    ] Safepoint "RevokeBias", Time since last: 3697315 ns, Reaching safepoint: 626212 ns, At safepoint: 8197 ns, Total: 634409 ns
[2020-09-11T12:43:23.956+0000][1][safepoint    ] Safepoint "RevokeBias", Time since last: 5424281 ns, Reaching safepoint: 200435 ns, At safepoint: 10657 ns, Total: 211092 ns
[2020-09-11T12:43:23.956+0000][1][safepoint    ] Safepoint "RevokeBias", Time since last: 95590 ns, Reaching safepoint: 106051 ns, At safepoint: 7637 ns, Total: 113688 ns
[2020-09-11T12:43:23.957+0000][1][safepoint    ] Safepoint "RevokeBias", Time since last: 114911 ns, Reaching safepoint: 103328 ns, At safepoint: 7084 ns, Total: 110412 ns
[2020-09-11T12:43:23.957+0000][1][safepoint    ] Safepoint "RevokeBias", Time since last: 220040 ns, Reaching safepoint: 103113 ns, At safepoint: 7159 ns, Total: 110272 ns
[2020-09-11T12:43:23.957+0000][1][safepoint    ] Safepoint "RevokeBias", Time since last: 458853 ns, Reaching safepoint: 99671 ns, At safepoint: 6701 ns, Total: 106372 ns
[2020-09-11T12:43:23.958+0000][1][safepoint    ] Safepoint "RevokeBias", Time since last: 55273 ns, Reaching safepoint: 97085 ns, At safepoint: 6512 ns, Total: 103597 ns
[2020-09-11T12:43:23.958+0000][1][safepoint    ] Safepoint "RevokeBias", Time since last: 98994 ns, Reaching safepoint: 94089 ns, At safepoint: 6625 ns, Total: 100714 ns
[2020-09-11T12:43:23.958+0000][1][safepoint    ] Safepoint "RevokeBias", Time since last: 40326 ns, Reaching safepoint: 91617 ns, At safepoint: 6056 ns, Total: 97673 ns
[2020-09-11T12:43:23.959+0000][1][safepoint    ] Safepoint "RevokeBias", Time since last: 610849 ns, Reaching safepoint: 875663 ns, At safepoint: 7487 ns, Total: 883150 ns
[2020-09-11T12:43:23.960+0000][1][safepoint    ] Safepoint "RevokeBias", Time since last: 558196 ns, Reaching safepoint: 104258 ns, At safepoint: 6550 ns, Total: 110808 ns
[2020-09-11T12:43:23.962+0000][1][safepoint    ] Safepoint "RevokeBias", Time since last: 844525 ns, Reaching safepoint: 852178 ns, At safepoint: 6252 ns, Total: 858430 ns
[2020-09-11T12:43:24.231+0000][1][safepoint    ] Safepoint "RevokeBias", Time since last: 268757751 ns, Reaching safepoint: 49625 ns, At safepoint: 7427 ns, Total: 57052 ns
[2020-09-11T12:43:24.231+0000][1][safepoint    ] Safepoint "RevokeBias", Time since last: 460936 ns, Reaching safepoint: 99830 ns, At safepoint: 4831 ns, Total: 104661 ns
[2020-09-11T12:43:24.233+0000][1][safepoint    ] Safepoint "RevokeBias", Time since last: 2235387 ns, Reaching safepoint: 44888 ns, At safepoint: 6481 ns, Total: 51369 ns
[2020-09-11T12:43:24.234+0000][1][safepoint    ] Safepoint "RevokeBias", Time since last: 57712 ns, Reaching safepoint: 16912 ns, At safepoint: 4111 ns, Total: 21023 ns
[2020-09-11T12:43:24.234+0000][1][safepoint    ] Safepoint "RevokeBias", Time since last: 33698 ns, Reaching safepoint: 15887 ns, At safepoint: 3996 ns, Total: 19883 ns
[2020-09-11T12:43:24.234+0000][1][safepoint    ] Safepoint "RevokeBias", Time since last: 100031 ns, Reaching safepoint: 20261 ns, At safepoint: 4376 ns, Total: 24637 ns
[2020-09-11T12:43:24.234+0000][1][safepoint    ] Safepoint "RevokeBias", Time since last: 270714 ns, Reaching safepoint: 17004 ns, At safepoint: 4289 ns, Total: 21293 ns
[2020-09-11T12:43:24.237+0000][1][safepoint    ] Safepoint "RevokeBias", Time since last: 1562458 ns, Reaching safepoint: 1526554 ns, At safepoint: 6279 ns, Total: 1532833 ns
[2020-09-11T12:43:24.239+0000][1][safepoint    ] Safepoint "RevokeBias", Time since last: 2108889 ns, Reaching safepoint: 206862 ns, At safepoint: 7992 ns, Total: 214854 ns
[2020-09-11T12:43:24.240+0000][1][safepoint    ] Safepoint "RevokeBias", Time since last: 54492 ns, Reaching safepoint: 750162 ns, At safepoint: 7529 ns, Total: 757691 ns
[2020-09-11T12:43:24.241+0000][1][safepoint    ] Safepoint "RevokeBias", Time since last: 121705 ns, Reaching safepoint: 254006 ns, At safepoint: 6973 ns, Total: 260979 ns
[2020-09-11T12:43:24.241+0000][1][safepoint    ] Safepoint "RevokeBias", Time since last: 48944 ns, Reaching safepoint: 107437 ns, At safepoint: 5662 ns, Total: 113099 ns
[2020-09-11T12:43:24.242+0000][1][safepoint    ] Safepoint "RevokeBias", Time since last: 788198 ns, Reaching safepoint: 120620 ns, At safepoint: 5908 ns, Total: 126528 ns
[2020-09-11T12:43:24.242+0000][1][safepoint    ] Safepoint "RevokeBias", Time since last: 57764 ns, Reaching safepoint: 160389 ns, At safepoint: 5473 ns, Total: 165862 ns
[2020-09-11T12:43:24.243+0000][1][safepoint    ] Safepoint "RevokeBias", Time since last: 47205 ns, Reaching safepoint: 1489410 ns, At safepoint: 4766 ns, Total: 1494176 ns
[2020-09-11T12:43:24.244+0000][1][safepoint    ] Safepoint "RevokeBias", Time since last: 57482 ns, Reaching safepoint: 98001 ns, At safepoint: 5181 ns, Total: 103182 ns
[2020-09-11T12:43:24.244+0000][1][safepoint    ] Safepoint "RevokeBias", Time since last: 62684 ns, Reaching safepoint: 267332 ns, At safepoint: 5873 ns, Total: 273205 ns
[2020-09-11T12:43:24.245+0000][1][safepoint    ] Safepoint "RevokeBias", Time since last: 71881 ns, Reaching safepoint: 481209 ns, At safepoint: 6058 ns, Total: 487267 ns
[2020-09-11T12:43:24.245+0000][1][safepoint    ] Safepoint "RevokeBias", Time since last: 377028 ns, Reaching safepoint: 110190 ns, At safepoint: 5409 ns, Total: 115599 ns
[2020-09-11T12:43:24.245+0000][1][safepoint    ] Safepoint "RevokeBias", Time since last: 341590 ns, Reaching safepoint: 110132 ns, At safepoint: 6092 ns, Total: 116224 ns
[2020-09-11T12:43:24.248+0000][1][safepoint    ] Safepoint "RevokeBias", Time since last: 868742 ns, Reaching safepoint: 1169252 ns, At safepoint: 6553 ns, Total: 1175805 ns
[2020-09-11T12:43:24.248+0000][1][safepoint    ] Safepoint "RevokeBias", Time since last: 218578 ns, Reaching safepoint: 163252 ns, At safepoint: 6757 ns, Total: 170009 ns
[2020-09-11T12:43:24.253+0000][1][safepoint    ] Safepoint "RevokeBias", Time since last: 4314527 ns, Reaching safepoint: 901533 ns, At safepoint: 8782 ns, Total: 910315 ns
[2020-09-11T12:43:24.255+0000][1][safepoint    ] Safepoint "RevokeBias", Time since last: 369687 ns, Reaching safepoint: 1928599 ns, At safepoint: 9281 ns, Total: 1937880 ns
[2020-09-11T12:43:24.256+0000][1][safepoint    ] Safepoint "RevokeBias", Time since last: 113927 ns, Reaching safepoint: 94004 ns, At safepoint: 6975 ns, Total: 100979 ns
[2020-09-11T12:43:24.258+0000][1][safepoint    ] Safepoint "BulkRevokeBias", Time since last: 814565 ns, Reaching safepoint: 1539861 ns, At safepoint: 87130 ns, Total: 1626991 ns
[2020-09-11T12:43:24.354+0000][1][safepoint    ] Safepoint "RevokeBias", Time since last: 81387005 ns, Reaching safepoint: 66275 ns, At safepoint: 14678701 ns, Total: 14744976 ns
[2020-09-11T12:43:24.354+0000][1][safepoint    ] Safepoint "RevokeBias", Time since last: 35410 ns, Reaching safepoint: 137370 ns, At safepoint: 34293 ns, Total: 171663 ns
[2020-09-11T12:43:24.355+0000][1][safepoint    ] Safepoint "RevokeBias", Time since last: 14939 ns, Reaching safepoint: 85089 ns, At safepoint: 415935 ns, Total: 501024 ns
[2020-09-11T12:43:24.360+0000][1][safepoint    ] Safepoint "RevokeBias", Time since last: 16193 ns, Reaching safepoint: 88442 ns, At safepoint: 4611619 ns, Total: 4700061 ns
[2020-09-11T12:43:24.360+0000][1][safepoint    ] Safepoint "RevokeBias", Time since last: 536455 ns, Reaching safepoint: 104998 ns, At safepoint: 15238 ns, Total: 120236 ns
[2020-09-11T12:43:24.364+0000][1][safepoint    ] Safepoint "RevokeBias", Time since last: 3443688 ns, Reaching safepoint: 366655 ns, At safepoint: 15905 ns, Total: 382560 ns
[2020-09-11T12:43:24.388+0000][1][safepoint    ] Safepoint "RevokeBias", Time since last: 23644008 ns, Reaching safepoint: 206207 ns, At safepoint: 8535 ns, Total: 214742 ns
[2020-09-11T12:43:24.401+0000][1][safepoint    ] Safepoint "RevokeBias", Time since last: 13084422 ns, Reaching safepoint: 113753 ns, At safepoint: 12357 ns, Total: 126110 ns
[2020-09-11T12:43:24.404+0000][1][safepoint    ] Safepoint "RevokeBias", Time since last: 2189274 ns, Reaching safepoint: 960648 ns, At safepoint: 9362 ns, Total: 970010 ns
[2020-09-11T12:43:24.405+0000][1][safepoint    ] Safepoint "RevokeBias", Time since last: 126868 ns, Reaching safepoint: 83724 ns, At safepoint: 5949 ns, Total: 89673 ns
[2020-09-11T12:43:24.405+0000][1][safepoint    ] Safepoint "RevokeBias", Time since last: 56195 ns, Reaching safepoint: 80603 ns, At safepoint: 5759 ns, Total: 86362 ns
[2020-09-11T12:43:24.419+0000][1][safepoint    ] Safepoint "RevokeBias", Time since last: 9878476 ns, Reaching safepoint: 4441020 ns, At safepoint: 29768 ns, Total: 4470788 ns
[2020-09-11T12:43:24.420+0000][1][safepoint    ] Safepoint "RevokeBias", Time since last: 895487 ns, Reaching safepoint: 90583 ns, At safepoint: 7186 ns, Total: 97769 ns
[2020-09-11T12:43:24.439+0000][1][safepoint    ] Safepoint "RevokeBias", Time since last: 18065849 ns, Reaching safepoint: 991795 ns, At safepoint: 10422 ns, Total: 1002217 ns
[2020-09-11T12:43:24.469+0000][1][gc,heap,exit ] Heap
[2020-09-11T12:43:24.469+0000][1][gc,heap,exit ]  par new generation   total 76672K, used 61426K [0x00000000e0000000, 0x00000000e5330000, 0x00000000e5330000)
[2020-09-11T12:43:24.469+0000][1][gc,heap,exit ]   eden space 68160K,  86% used [0x00000000e0000000, 0x00000000e39aeba8, 0x00000000e4290000)
[2020-09-11T12:43:24.469+0000][1][gc,heap,exit ]   from space 8512K,  27% used [0x00000000e4ae0000, 0x00000000e4d2dd00, 0x00000000e5330000)
[2020-09-11T12:43:24.469+0000][1][gc,heap,exit ]   to   space 8512K,   0% used [0x00000000e4290000, 0x00000000e4290000, 0x00000000e4ae0000)
[2020-09-11T12:43:24.469+0000][1][gc,heap,exit ]  concurrent mark-sweep generation total 439104K, used 62869K [0x00000000e5330000, 0x0000000100000000, 0x0000000100000000)
[2020-09-11T12:43:24.469+0000][1][gc,heap,exit ]  Metaspace       used 71759K, capacity 77583K, committed 77700K, reserved 1116160K
[2020-09-11T12:43:24.469+0000][1][gc,heap,exit ]   class space    used 9622K, capacity 12010K, committed 12092K, reserved 1048576K
