[2020-09-11T13:14:20.602+0000][1][gc] Using Concurrent Mark Sweep
[2020-09-11T13:14:20.602+0000][1][gc,heap,coops] Heap address: 0x00000000e0000000, size: 512 MB, Compressed Oops mode: 32-bit
[2020-09-11T13:14:20.663+0000][1][safepoint    ] Safepoint "EnableBiasedLocking", Time since last: 51286328 ns, Reaching safepoint: 108885 ns, At safepoint: 35293 ns, Total: 144178 ns
[2020-09-11T13:14:20.669+0000][1][safepoint    ] Safepoint "RevokeBias", Time since last: 6008253 ns, Reaching safepoint: 103996 ns, At safepoint: 33803 ns, Total: 137799 ns
[2020-09-11T13:14:20.681+0000][1][safepoint    ] Safepoint "Deoptimize", Time since last: 11732526 ns, Reaching safepoint: 135348 ns, At safepoint: 22449 ns, Total: 157797 ns
[2020-09-11T13:14:20.841+0000][1][safepoint    ] Safepoint "Deoptimize", Time since last: 159776397 ns, Reaching safepoint: 139292 ns, At safepoint: 32863 ns, Total: 172155 ns
[2020-09-11T13:14:20.843+0000][1][safepoint    ] Safepoint "Deoptimize", Time since last: 1645677 ns, Reaching safepoint: 135013 ns, At safepoint: 29781 ns, Total: 164794 ns
[2020-09-11T13:14:20.909+0000][1][safepoint    ] Safepoint "Deoptimize", Time since last: 66294673 ns, Reaching safepoint: 134539 ns, At safepoint: 40216 ns, Total: 174755 ns
[2020-09-11T13:14:21.457+0000][1][safepoint    ] Safepoint "Deoptimize", Time since last: 547050302 ns, Reaching safepoint: 152173 ns, At safepoint: 63036 ns, Total: 215209 ns
[2020-09-11T13:14:21.526+0000][1][safepoint    ] Safepoint "Deoptimize", Time since last: 69469548 ns, Reaching safepoint: 130167 ns, At safepoint: 74383 ns, Total: 204550 ns
[2020-09-11T13:14:21.602+0000][1][safepoint    ] Safepoint "Deoptimize", Time since last: 75944770 ns, Reaching safepoint: 149852 ns, At safepoint: 77347 ns, Total: 227199 ns
[2020-09-11T13:14:21.767+0000][1][safepoint    ] Safepoint "Deoptimize", Time since last: 164271711 ns, Reaching safepoint: 103032 ns, At safepoint: 81175 ns, Total: 184207 ns
[2020-09-11T13:14:22.064+0000][1][safepoint    ] Safepoint "Deoptimize", Time since last: 296530629 ns, Reaching safepoint: 173032 ns, At safepoint: 95429 ns, Total: 268461 ns
[2020-09-11T13:14:22.618+0000][1][safepoint    ] Safepoint "Deoptimize", Time since last: 553647487 ns, Reaching safepoint: 100697 ns, At safepoint: 108868 ns, Total: 209565 ns
[2020-09-11T13:14:23.090+0000][1][safepoint    ] Safepoint "Deoptimize", Time since last: 472054622 ns, Reaching safepoint: 114253 ns, At safepoint: 109017 ns, Total: 223270 ns
[2020-09-11T13:14:23.090+0000][1][safepoint    ] Safepoint "Deoptimize", Time since last: 123312 ns, Reaching safepoint: 76210 ns, At safepoint: 42520 ns, Total: 118730 ns
[2020-09-11T13:14:23.160+0000][1][safepoint    ] Safepoint "Deoptimize", Time since last: 69341871 ns, Reaching safepoint: 111416 ns, At safepoint: 126707 ns, Total: 238123 ns
[2020-09-11T13:14:23.162+0000][1][safepoint    ] Safepoint "Deoptimize", Time since last: 2502113 ns, Reaching safepoint: 82202 ns, At safepoint: 71943 ns, Total: 154145 ns
[2020-09-11T13:14:23.180+0000][1][safepoint    ] Safepoint "RevokeBias", Time since last: 17282625 ns, Reaching safepoint: 101783 ns, At safepoint: 41342 ns, Total: 143125 ns
[2020-09-11T13:14:23.180+0000][1][safepoint    ] Safepoint "RevokeBias", Time since last: 126882 ns, Reaching safepoint: 81608 ns, At safepoint: 27656 ns, Total: 109264 ns
[2020-09-11T13:14:23.183+0000][1][safepoint    ] Safepoint "RevokeBias", Time since last: 2377789 ns, Reaching safepoint: 236683 ns, At safepoint: 16396 ns, Total: 253079 ns
[2020-09-11T13:14:23.183+0000][1][safepoint    ] Safepoint "RevokeBias", Time since last: 43758 ns, Reaching safepoint: 74544 ns, At safepoint: 13329 ns, Total: 87873 ns
[2020-09-11T13:14:23.183+0000][1][safepoint    ] Safepoint "RevokeBias", Time since last: 50846 ns, Reaching safepoint: 75137 ns, At safepoint: 12735 ns, Total: 87872 ns
[2020-09-11T13:14:23.183+0000][1][safepoint    ] Safepoint "RevokeBias", Time since last: 113415 ns, Reaching safepoint: 76799 ns, At safepoint: 15104 ns, Total: 91903 ns
[2020-09-11T13:14:23.332+0000][1][safepoint    ] Safepoint "RevokeBias", Time since last: 149022256 ns, Reaching safepoint: 104484 ns, At safepoint: 18413 ns, Total: 122897 ns
[2020-09-11T13:14:23.844+0000][1][gc,start     ] GC(0) Pause Young (Allocation Failure)
[2020-09-11T13:14:23.844+0000][1][gc,task      ] GC(0) Using 1 workers of 1 for evacuation
[2020-09-11T13:14:23.863+0000][1][gc,age       ] GC(0) Desired survivor size 4358144 bytes, new threshold 1 (max threshold 6)
[2020-09-11T13:14:23.863+0000][1][gc,age       ] GC(0) Age table with threshold 1 (max threshold 6)
[2020-09-11T13:14:23.863+0000][1][gc,age       ] GC(0) - age   1:    6395480 bytes,    6395480 total
[2020-09-11T13:14:23.863+0000][1][gc,heap      ] GC(0) ParNew: 68160K->6275K(76672K)
[2020-09-11T13:14:23.863+0000][1][gc,heap      ] GC(0) CMS: 0K->0K(439104K)
[2020-09-11T13:14:23.863+0000][1][gc,metaspace ] GC(0) Metaspace: 13542K->13542K(1060864K)
[2020-09-11T13:14:23.863+0000][1][gc           ] GC(0) Pause Young (Allocation Failure) 66M->6M(503M) 18.971ms
[2020-09-11T13:14:23.863+0000][1][gc,cpu       ] GC(0) User=0.02s Sys=0.00s Real=0.01s
[2020-09-11T13:14:23.867+0000][1][safepoint    ] Safepoint "GenCollectForAllocation", Time since last: 511675031 ns, Reaching safepoint: 124380 ns, At safepoint: 23406249 ns, Total: 23530629 ns
[2020-09-11T13:14:23.875+0000][1][safepoint    ] Safepoint "RevokeBias", Time since last: 7569926 ns, Reaching safepoint: 94691 ns, At safepoint: 31807 ns, Total: 126498 ns
[2020-09-11T13:14:23.877+0000][1][safepoint    ] Safepoint "RevokeBias", Time since last: 1072698 ns, Reaching safepoint: 431826 ns, At safepoint: 30798 ns, Total: 462624 ns
[2020-09-11T13:14:23.877+0000][1][safepoint    ] Safepoint "RevokeBias", Time since last: 46597 ns, Reaching safepoint: 127492 ns, At safepoint: 24535 ns, Total: 152027 ns
[2020-09-11T13:14:23.879+0000][1][safepoint    ] Safepoint "RevokeBias", Time since last: 27085 ns, Reaching safepoint: 2099343 ns, At safepoint: 17861 ns, Total: 2117204 ns
[2020-09-11T13:14:23.879+0000][1][safepoint    ] Safepoint "RevokeBias", Time since last: 53284 ns, Reaching safepoint: 81255 ns, At safepoint: 15620 ns, Total: 96875 ns
[2020-09-11T13:14:23.879+0000][1][safepoint    ] Safepoint "RevokeBias", Time since last: 32939 ns, Reaching safepoint: 78497 ns, At safepoint: 13952 ns, Total: 92449 ns
[2020-09-11T13:14:23.879+0000][1][safepoint    ] Safepoint "RevokeBias", Time since last: 38876 ns, Reaching safepoint: 86450 ns, At safepoint: 14292 ns, Total: 100742 ns
[2020-09-11T13:14:23.880+0000][1][safepoint    ] Safepoint "RevokeBias", Time since last: 31595 ns, Reaching safepoint: 78378 ns, At safepoint: 15718 ns, Total: 94096 ns
[2020-09-11T13:14:23.880+0000][1][safepoint    ] Safepoint "RevokeBias", Time since last: 37482 ns, Reaching safepoint: 78465 ns, At safepoint: 14091 ns, Total: 92556 ns
[2020-09-11T13:14:23.880+0000][1][safepoint    ] Safepoint "RevokeBias", Time since last: 29113 ns, Reaching safepoint: 78956 ns, At safepoint: 16353 ns, Total: 95309 ns
[2020-09-11T13:14:23.880+0000][1][safepoint    ] Safepoint "RevokeBias", Time since last: 36085 ns, Reaching safepoint: 77085 ns, At safepoint: 13345 ns, Total: 90430 ns
[2020-09-11T13:14:23.880+0000][1][safepoint    ] Safepoint "RevokeBias", Time since last: 27564 ns, Reaching safepoint: 76505 ns, At safepoint: 12964 ns, Total: 89469 ns
[2020-09-11T13:14:23.880+0000][1][safepoint    ] Safepoint "RevokeBias", Time since last: 59522 ns, Reaching safepoint: 76963 ns, At safepoint: 12668 ns, Total: 89631 ns
[2020-09-11T13:14:23.881+0000][1][safepoint    ] Safepoint "RevokeBias", Time since last: 28083 ns, Reaching safepoint: 424287 ns, At safepoint: 15738 ns, Total: 440025 ns
[2020-09-11T13:14:23.881+0000][1][safepoint    ] Safepoint "RevokeBias", Time since last: 51940 ns, Reaching safepoint: 77151 ns, At safepoint: 13987 ns, Total: 91138 ns
[2020-09-11T13:14:23.881+0000][1][safepoint    ] Safepoint "RevokeBias", Time since last: 28974 ns, Reaching safepoint: 76607 ns, At safepoint: 13810 ns, Total: 90417 ns
[2020-09-11T13:14:23.882+0000][1][safepoint    ] Safepoint "RevokeBias", Time since last: 629335 ns, Reaching safepoint: 81618 ns, At safepoint: 17189 ns, Total: 98807 ns
[2020-09-11T13:14:23.882+0000][1][safepoint    ] Safepoint "RevokeBias", Time since last: 41445 ns, Reaching safepoint: 78924 ns, At safepoint: 22592 ns, Total: 101516 ns
[2020-09-11T13:14:23.882+0000][1][safepoint    ] Safepoint "RevokeBias", Time since last: 39046 ns, Reaching safepoint: 77399 ns, At safepoint: 14260 ns, Total: 91659 ns
[2020-09-11T13:14:23.882+0000][1][safepoint    ] Safepoint "RevokeBias", Time since last: 27645 ns, Reaching safepoint: 76174 ns, At safepoint: 12682 ns, Total: 88856 ns
[2020-09-11T13:14:23.882+0000][1][safepoint    ] Safepoint "RevokeBias", Time since last: 45364 ns, Reaching safepoint: 77476 ns, At safepoint: 12812 ns, Total: 90288 ns
[2020-09-11T13:14:23.883+0000][1][safepoint    ] Safepoint "RevokeBias", Time since last: 27903 ns, Reaching safepoint: 283593 ns, At safepoint: 13076 ns, Total: 296669 ns
[2020-09-11T13:14:23.883+0000][1][safepoint    ] Safepoint "RevokeBias", Time since last: 93155 ns, Reaching safepoint: 76120 ns, At safepoint: 12969 ns, Total: 89089 ns
[2020-09-11T13:14:23.883+0000][1][safepoint    ] Safepoint "RevokeBias", Time since last: 26579 ns, Reaching safepoint: 75699 ns, At safepoint: 12553 ns, Total: 88252 ns
[2020-09-11T13:14:23.883+0000][1][safepoint    ] Safepoint "RevokeBias", Time since last: 35422 ns, Reaching safepoint: 76047 ns, At safepoint: 12400 ns, Total: 88447 ns
[2020-09-11T13:14:23.883+0000][1][safepoint    ] Safepoint "RevokeBias", Time since last: 26450 ns, Reaching safepoint: 76280 ns, At safepoint: 14927 ns, Total: 91207 ns
[2020-09-11T13:14:23.883+0000][1][safepoint    ] Safepoint "RevokeBias", Time since last: 36810 ns, Reaching safepoint: 76113 ns, At safepoint: 12579 ns, Total: 88692 ns
[2020-09-11T13:14:23.883+0000][1][safepoint    ] Safepoint "RevokeBias", Time since last: 25990 ns, Reaching safepoint: 75397 ns, At safepoint: 11913 ns, Total: 87310 ns
[2020-09-11T13:14:23.884+0000][1][safepoint    ] Safepoint "RevokeBias", Time since last: 909640 ns, Reaching safepoint: 80789 ns, At safepoint: 14810 ns, Total: 95599 ns
[2020-09-11T13:14:23.885+0000][1][safepoint    ] Safepoint "RevokeBias", Time since last: 32697 ns, Reaching safepoint: 430796 ns, At safepoint: 13312 ns, Total: 444108 ns
[2020-09-11T13:14:23.933+0000][1][safepoint    ] Safepoint "Deoptimize", Time since last: 47772638 ns, Reaching safepoint: 135661 ns, At safepoint: 184008 ns, Total: 319669 ns
[2020-09-11T13:14:24.312+0000][1][safepoint    ] Safepoint "RevokeBias", Time since last: 378559987 ns, Reaching safepoint: 143361 ns, At safepoint: 42607 ns, Total: 185968 ns
[2020-09-11T13:14:24.360+0000][1][safepoint    ] Safepoint "RevokeBias", Time since last: 48224065 ns, Reaching safepoint: 153474 ns, At safepoint: 31769 ns, Total: 185243 ns
[2020-09-11T13:14:24.440+0000][1][safepoint    ] Safepoint "RevokeBias", Time since last: 79519393 ns, Reaching safepoint: 103423 ns, At safepoint: 32324 ns, Total: 135747 ns
[2020-09-11T13:14:24.545+0000][1][safepoint    ] Safepoint "RevokeBias", Time since last: 105598469 ns, Reaching safepoint: 99253 ns, At safepoint: 28058 ns, Total: 127311 ns
[2020-09-11T13:14:24.576+0000][1][safepoint    ] Safepoint "RevokeBias", Time since last: 30045987 ns, Reaching safepoint: 108419 ns, At safepoint: 43871 ns, Total: 152290 ns
[2020-09-11T13:14:24.816+0000][1][safepoint    ] Safepoint "Deoptimize", Time since last: 239830226 ns, Reaching safepoint: 189574 ns, At safepoint: 191003 ns, Total: 380577 ns
[2020-09-11T13:14:25.039+0000][1][safepoint    ] Safepoint "Deoptimize", Time since last: 222653712 ns, Reaching safepoint: 121114 ns, At safepoint: 180748 ns, Total: 301862 ns
[2020-09-11T13:14:25.056+0000][1][safepoint    ] Safepoint "Deoptimize", Time since last: 16663360 ns, Reaching safepoint: 100548 ns, At safepoint: 198143 ns, Total: 298691 ns
[2020-09-11T13:14:25.096+0000][1][gc,start     ] GC(1) Pause Young (Allocation Failure)
[2020-09-11T13:14:25.096+0000][1][gc,task      ] GC(1) Using 1 workers of 1 for evacuation
[2020-09-11T13:14:25.137+0000][1][gc,age       ] GC(1) Desired survivor size 4358144 bytes, new threshold 6 (max threshold 6)
[2020-09-11T13:14:25.137+0000][1][gc,age       ] GC(1) Age table with threshold 6 (max threshold 6)
[2020-09-11T13:14:25.137+0000][1][gc,age       ] GC(1) - age   1:    4025384 bytes,    4025384 total
[2020-09-11T13:14:25.137+0000][1][gc,heap      ] GC(1) ParNew: 74435K->4192K(76672K)
[2020-09-11T13:14:25.137+0000][1][gc,heap      ] GC(1) CMS: 0K->6779K(439104K)
[2020-09-11T13:14:25.137+0000][1][gc,metaspace ] GC(1) Metaspace: 19238K->19238K(1067008K)
[2020-09-11T13:14:25.137+0000][1][gc           ] GC(1) Pause Young (Allocation Failure) 72M->10M(503M) 41.248ms
[2020-09-11T13:14:25.137+0000][1][gc,cpu       ] GC(1) User=0.04s Sys=0.00s Real=0.04s
[2020-09-11T13:14:25.143+0000][1][safepoint    ] Safepoint "GenCollectForAllocation", Time since last: 39700877 ns, Reaching safepoint: 106361 ns, At safepoint: 47901014 ns, Total: 48007375 ns
[2020-09-11T13:14:25.149+0000][1][safepoint    ] Safepoint "BulkRevokeBias", Time since last: 5048604 ns, Reaching safepoint: 107674 ns, At safepoint: 167304 ns, Total: 274978 ns
[2020-09-11T13:14:25.151+0000][1][safepoint    ] Safepoint "RevokeBias", Time since last: 2189681 ns, Reaching safepoint: 89265 ns, At safepoint: 48353 ns, Total: 137618 ns
[2020-09-11T13:14:25.151+0000][1][safepoint    ] Safepoint "RevokeBias", Time since last: 59527 ns, Reaching safepoint: 86419 ns, At safepoint: 63470 ns, Total: 149889 ns
[2020-09-11T13:14:25.151+0000][1][safepoint    ] Safepoint "RevokeBias", Time since last: 48676 ns, Reaching safepoint: 74199 ns, At safepoint: 64548 ns, Total: 138747 ns
[2020-09-11T13:14:25.152+0000][1][safepoint    ] Safepoint "RevokeBias", Time since last: 39635 ns, Reaching safepoint: 83183 ns, At safepoint: 66140 ns, Total: 149323 ns
[2020-09-11T13:14:25.152+0000][1][safepoint    ] Safepoint "RevokeBias", Time since last: 44582 ns, Reaching safepoint: 82479 ns, At safepoint: 62503 ns, Total: 144982 ns
[2020-09-11T13:14:25.152+0000][1][safepoint    ] Safepoint "RevokeBias", Time since last: 37927 ns, Reaching safepoint: 82045 ns, At safepoint: 61200 ns, Total: 143245 ns
[2020-09-11T13:14:25.152+0000][1][safepoint    ] Safepoint "BulkRevokeBias", Time since last: 43707 ns, Reaching safepoint: 81533 ns, At safepoint: 98929 ns, Total: 180462 ns
[2020-09-11T13:14:25.152+0000][1][safepoint    ] Safepoint "BulkRevokeBias", Time since last: 39670 ns, Reaching safepoint: 80075 ns, At safepoint: 89967 ns, Total: 170042 ns
[2020-09-11T13:14:25.153+0000][1][safepoint    ] Safepoint "RevokeBias", Time since last: 368460 ns, Reaching safepoint: 82615 ns, At safepoint: 36113 ns, Total: 118728 ns
[2020-09-11T13:14:25.153+0000][1][safepoint    ] Safepoint "RevokeBias", Time since last: 34459 ns, Reaching safepoint: 79915 ns, At safepoint: 34102 ns, Total: 114017 ns
[2020-09-11T13:14:25.160+0000][1][safepoint    ] Safepoint "RevokeBias", Time since last: 6797863 ns, Reaching safepoint: 474057 ns, At safepoint: 37193 ns, Total: 511250 ns
[2020-09-11T13:14:25.161+0000][1][safepoint    ] Safepoint "RevokeBias", Time since last: 77421 ns, Reaching safepoint: 142298 ns, At safepoint: 31202 ns, Total: 173500 ns
[2020-09-11T13:14:25.332+0000][1][safepoint    ] Safepoint "Deoptimize", Time since last: 171471913 ns, Reaching safepoint: 148775 ns, At safepoint: 192693 ns, Total: 341468 ns
[2020-09-11T13:14:25.399+0000][1][safepoint    ] Safepoint "Deoptimize", Time since last: 66095830 ns, Reaching safepoint: 146977 ns, At safepoint: 183099 ns, Total: 330076 ns
[2020-09-11T13:14:25.399+0000][1][safepoint    ] Safepoint "RevokeBias", Time since last: 419914 ns, Reaching safepoint: 135303 ns, At safepoint: 39258 ns, Total: 174561 ns
[2020-09-11T13:14:25.401+0000][1][safepoint    ] Safepoint "Deoptimize", Time since last: 870243 ns, Reaching safepoint: 138757 ns, At safepoint: 203108 ns, Total: 341865 ns
[2020-09-11T13:14:25.644+0000][1][safepoint    ] Safepoint "RevokeBias", Time since last: 242712537 ns, Reaching safepoint: 125112 ns, At safepoint: 40022 ns, Total: 165134 ns
[2020-09-11T13:14:25.764+0000][1][safepoint    ] Safepoint "RevokeBias", Time since last: 119834144 ns, Reaching safepoint: 114240 ns, At safepoint: 37526 ns, Total: 151766 ns
[2020-09-11T13:14:25.766+0000][1][safepoint    ] Safepoint "RevokeBias", Time since last: 2380672 ns, Reaching safepoint: 95437 ns, At safepoint: 28787 ns, Total: 124224 ns
[2020-09-11T13:14:25.839+0000][1][safepoint    ] Safepoint "RevokeBias", Time since last: 72332564 ns, Reaching safepoint: 112234 ns, At safepoint: 30077 ns, Total: 142311 ns
[2020-09-11T13:14:25.843+0000][1][safepoint    ] Safepoint "RevokeBias", Time since last: 4102021 ns, Reaching safepoint: 128450 ns, At safepoint: 29986 ns, Total: 158436 ns
[2020-09-11T13:14:25.895+0000][1][gc,start     ] GC(2) Pause Young (Allocation Failure)
[2020-09-11T13:14:25.895+0000][1][gc,task      ] GC(2) Using 1 workers of 1 for evacuation
[2020-09-11T13:14:25.908+0000][1][gc,age       ] GC(2) Desired survivor size 4358144 bytes, new threshold 2 (max threshold 6)
[2020-09-11T13:14:25.908+0000][1][gc,age       ] GC(2) Age table with threshold 2 (max threshold 6)
[2020-09-11T13:14:25.908+0000][1][gc,age       ] GC(2) - age   1:    1320864 bytes,    1320864 total
[2020-09-11T13:14:25.908+0000][1][gc,age       ] GC(2) - age   2:    3940504 bytes,    5261368 total
[2020-09-11T13:14:25.908+0000][1][gc,heap      ] GC(2) ParNew: 72352K->7986K(76672K)
[2020-09-11T13:14:25.908+0000][1][gc,heap      ] GC(2) CMS: 6779K->6779K(439104K)
[2020-09-11T13:14:25.908+0000][1][gc,metaspace ] GC(2) Metaspace: 20173K->20173K(1067008K)
[2020-09-11T13:14:25.908+0000][1][gc           ] GC(2) Pause Young (Allocation Failure) 77M->14M(503M) 13.226ms
[2020-09-11T13:14:25.908+0000][1][gc,cpu       ] GC(2) User=0.01s Sys=0.00s Real=0.02s
[2020-09-11T13:14:25.914+0000][1][safepoint    ] Safepoint "GenCollectForAllocation", Time since last: 52230429 ns, Reaching safepoint: 101834 ns, At safepoint: 19299794 ns, Total: 19401628 ns
[2020-09-11T13:14:25.924+0000][1][safepoint    ] Safepoint "RevokeBias", Time since last: 8969674 ns, Reaching safepoint: 139304 ns, At safepoint: 24187 ns, Total: 163491 ns
[2020-09-11T13:14:25.924+0000][1][safepoint    ] Safepoint "RevokeBias", Time since last: 63735 ns, Reaching safepoint: 295204 ns, At safepoint: 18106 ns, Total: 313310 ns
[2020-09-11T13:14:25.924+0000][1][safepoint    ] Safepoint "RevokeBias", Time since last: 40897 ns, Reaching safepoint: 120862 ns, At safepoint: 19638 ns, Total: 140500 ns
[2020-09-11T13:14:25.925+0000][1][safepoint    ] Safepoint "BulkRevokeBias", Time since last: 43099 ns, Reaching safepoint: 542093 ns, At safepoint: 45324 ns, Total: 587417 ns
[2020-09-11T13:14:25.925+0000][1][safepoint    ] Safepoint "RevokeBias", Time since last: 314189 ns, Reaching safepoint: 87850 ns, At safepoint: 21670 ns, Total: 109520 ns
[2020-09-11T13:14:25.926+0000][1][safepoint    ] Safepoint "RevokeBias", Time since last: 960387 ns, Reaching safepoint: 123418 ns, At safepoint: 21374 ns, Total: 144792 ns
[2020-09-11T13:14:25.926+0000][1][safepoint    ] Safepoint "RevokeBias", Time since last: 50190 ns, Reaching safepoint: 129382 ns, At safepoint: 18514 ns, Total: 147896 ns
[2020-09-11T13:14:25.927+0000][1][safepoint    ] Safepoint "RevokeBias", Time since last: 29435 ns, Reaching safepoint: 84831 ns, At safepoint: 31843 ns, Total: 116674 ns
[2020-09-11T13:14:25.940+0000][1][safepoint    ] Safepoint "RevokeBias", Time since last: 12786812 ns, Reaching safepoint: 100081 ns, At safepoint: 34646 ns, Total: 134727 ns
[2020-09-11T13:14:25.943+0000][1][safepoint    ] Safepoint "RevokeBias", Time since last: 3172145 ns, Reaching safepoint: 98477 ns, At safepoint: 29353 ns, Total: 127830 ns
[2020-09-11T13:14:26.172+0000][1][gc,start     ] GC(3) Pause Young (Allocation Failure)
[2020-09-11T13:14:26.172+0000][1][gc,task      ] GC(3) Using 1 workers of 1 for evacuation
[2020-09-11T13:14:26.184+0000][1][gc,age       ] GC(3) Desired survivor size 4358144 bytes, new threshold 6 (max threshold 6)
[2020-09-11T13:14:26.184+0000][1][gc,age       ] GC(3) Age table with threshold 6 (max threshold 6)
[2020-09-11T13:14:26.184+0000][1][gc,age       ] GC(3) - age   1:    1346864 bytes,    1346864 total
[2020-09-11T13:14:26.184+0000][1][gc,age       ] GC(3) - age   2:     425176 bytes,    1772040 total
[2020-09-11T13:14:26.184+0000][1][gc,heap      ] GC(3) ParNew: 76146K->4846K(76672K)
[2020-09-11T13:14:26.184+0000][1][gc,heap      ] GC(3) CMS: 6779K->10659K(439104K)
[2020-09-11T13:14:26.184+0000][1][gc,metaspace ] GC(3) Metaspace: 20292K->20292K(1067008K)
[2020-09-11T13:14:26.184+0000][1][gc           ] GC(3) Pause Young (Allocation Failure) 80M->15M(503M) 12.771ms
[2020-09-11T13:14:26.184+0000][1][gc,cpu       ] GC(3) User=0.01s Sys=0.00s Real=0.02s
[2020-09-11T13:14:26.188+0000][1][safepoint    ] Safepoint "GenCollectForAllocation", Time since last: 228607621 ns, Reaching safepoint: 223214 ns, At safepoint: 16213666 ns, Total: 16436880 ns
[2020-09-11T13:14:26.192+0000][1][safepoint    ] Safepoint "RevokeBias", Time since last: 3511850 ns, Reaching safepoint: 107176 ns, At safepoint: 48228 ns, Total: 155404 ns
[2020-09-11T13:14:26.192+0000][1][safepoint    ] Safepoint "RevokeBias", Time since last: 48701 ns, Reaching safepoint: 165339 ns, At safepoint: 29254 ns, Total: 194593 ns
[2020-09-11T13:14:26.192+0000][1][safepoint    ] Safepoint "RevokeBias", Time since last: 32776 ns, Reaching safepoint: 91883 ns, At safepoint: 33761 ns, Total: 125644 ns
[2020-09-11T13:14:26.192+0000][1][safepoint    ] Safepoint "RevokeBias", Time since last: 25394 ns, Reaching safepoint: 192511 ns, At safepoint: 40233 ns, Total: 232744 ns
[2020-09-11T13:14:26.192+0000][1][safepoint    ] Safepoint "RevokeBias", Time since last: 30405 ns, Reaching safepoint: 84840 ns, At safepoint: 35235 ns, Total: 120075 ns
[2020-09-11T13:14:26.196+0000][1][safepoint    ] Safepoint "RevokeBias", Time since last: 25057 ns, Reaching safepoint: 83679 ns, At safepoint: 3071790 ns, Total: 3155469 ns
[2020-09-11T13:14:26.196+0000][1][safepoint    ] Safepoint "RevokeBias", Time since last: 130918 ns, Reaching safepoint: 118229 ns, At safepoint: 33452 ns, Total: 151681 ns
[2020-09-11T13:14:26.198+0000][1][safepoint    ] Safepoint "RevokeBias", Time since last: 2428208 ns, Reaching safepoint: 108263 ns, At safepoint: 30587 ns, Total: 138850 ns
[2020-09-11T13:14:26.320+0000][1][safepoint    ] Safepoint "CollectForMetadataAllocation", Time since last: 121113530 ns, Reaching safepoint: 99699 ns, At safepoint: 137632 ns, Total: 237331 ns
[2020-09-11T13:14:26.336+0000][1][safepoint    ] Safepoint "RevokeBias", Time since last: 16271303 ns, Reaching safepoint: 94387 ns, At safepoint: 16591 ns, Total: 110978 ns
[2020-09-11T13:14:26.336+0000][1][safepoint    ] Safepoint "RevokeBias", Time since last: 65738 ns, Reaching safepoint: 12643 ns, At safepoint: 9086 ns, Total: 21729 ns
[2020-09-11T13:14:26.373+0000][1][safepoint    ] Safepoint "CollectForMetadataAllocation", Time since last: 36910712 ns, Reaching safepoint: 143795 ns, At safepoint: 151692 ns, Total: 295487 ns
[2020-09-11T13:14:26.514+0000][1][gc,start     ] GC(4) Pause Young (Allocation Failure)
[2020-09-11T13:14:26.514+0000][1][gc,task      ] GC(4) Using 1 workers of 1 for evacuation
[2020-09-11T13:14:26.525+0000][1][gc,age       ] GC(4) Desired survivor size 4358144 bytes, new threshold 6 (max threshold 6)
[2020-09-11T13:14:26.525+0000][1][gc,age       ] GC(4) Age table with threshold 6 (max threshold 6)
[2020-09-11T13:14:26.525+0000][1][gc,age       ] GC(4) - age   1:    2465784 bytes,    2465784 total
[2020-09-11T13:14:26.525+0000][1][gc,age       ] GC(4) - age   2:     330768 bytes,    2796552 total
[2020-09-11T13:14:26.525+0000][1][gc,age       ] GC(4) - age   3:     425016 bytes,    3221568 total
[2020-09-11T13:14:26.525+0000][1][gc,heap      ] GC(4) ParNew: 73006K->3288K(76672K)
[2020-09-11T13:14:26.525+0000][1][gc,heap      ] GC(4) CMS: 10659K->10659K(439104K)
[2020-09-11T13:14:26.525+0000][1][gc,metaspace ] GC(4) Metaspace: 20889K->20889K(1069056K)
[2020-09-11T13:14:26.525+0000][1][gc           ] GC(4) Pause Young (Allocation Failure) 81M->13M(503M) 11.454ms
[2020-09-11T13:14:26.525+0000][1][gc,cpu       ] GC(4) User=0.02s Sys=0.00s Real=0.02s
[2020-09-11T13:14:26.531+0000][1][safepoint    ] Safepoint "GenCollectForAllocation", Time since last: 140147515 ns, Reaching safepoint: 103730 ns, At safepoint: 17661397 ns, Total: 17765127 ns
[2020-09-11T13:14:26.536+0000][1][gc,start     ] GC(5) Pause Initial Mark
[2020-09-11T13:14:26.538+0000][1][gc           ] GC(5) Pause Initial Mark 18M->18M(503M) 2.325ms
[2020-09-11T13:14:26.538+0000][1][gc,cpu       ] GC(5) User=0.01s Sys=0.00s Real=0.00s
[2020-09-11T13:14:26.543+0000][1][safepoint    ] Safepoint "BulkRevokeBias", Time since last: 4145078 ns, Reaching safepoint: 94616 ns, At safepoint: 7261597 ns, Total: 7356213 ns
[2020-09-11T13:14:26.543+0000][1][gc           ] GC(5) Concurrent Mark
[2020-09-11T13:14:26.553+0000][1][safepoint    ] Safepoint "RevokeBias", Time since last: 4565554 ns, Reaching safepoint: 5852684 ns, At safepoint: 36902 ns, Total: 5889586 ns
[2020-09-11T13:14:26.553+0000][1][safepoint    ] Safepoint "RevokeBias", Time since last: 60106 ns, Reaching safepoint: 80206 ns, At safepoint: 26793 ns, Total: 106999 ns
[2020-09-11T13:14:26.554+0000][1][safepoint    ] Safepoint "RevokeBias", Time since last: 26734 ns, Reaching safepoint: 79021 ns, At safepoint: 26421 ns, Total: 105442 ns
[2020-09-11T13:14:26.554+0000][1][safepoint    ] Safepoint "RevokeBias", Time since last: 36885 ns, Reaching safepoint: 78301 ns, At safepoint: 25209 ns, Total: 103510 ns
[2020-09-11T13:14:26.554+0000][1][safepoint    ] Safepoint "RevokeBias", Time since last: 24222 ns, Reaching safepoint: 78479 ns, At safepoint: 24387 ns, Total: 102866 ns
[2020-09-11T13:14:26.572+0000][1][gc           ] GC(5) Concurrent Mark 29.095ms
[2020-09-11T13:14:26.572+0000][1][gc,cpu       ] GC(5) User=0.03s Sys=0.00s Real=0.03s
[2020-09-11T13:14:26.572+0000][1][gc           ] GC(5) Concurrent Preclean
[2020-09-11T13:14:26.573+0000][1][gc           ] GC(5) Concurrent Preclean 0.642ms
[2020-09-11T13:14:26.573+0000][1][gc,cpu       ] GC(5) User=0.00s Sys=0.00s Real=0.00s
[2020-09-11T13:14:26.573+0000][1][gc           ] GC(5) Concurrent Abortable Preclean
[2020-09-11T13:14:26.588+0000][1][safepoint    ] Safepoint "Deoptimize", Time since last: 30118963 ns, Reaching safepoint: 3472994 ns, At safepoint: 212859 ns, Total: 3685853 ns
[2020-09-11T13:14:26.603+0000][1][safepoint    ] Safepoint "CollectForMetadataAllocation", Time since last: 15584566 ns, Reaching safepoint: 112010 ns, At safepoint: 106601 ns, Total: 218611 ns
[2020-09-11T13:14:26.616+0000][1][safepoint    ] Safepoint "RevokeBias", Time since last: 11950145 ns, Reaching safepoint: 54965 ns, At safepoint: 33564 ns, Total: 88529 ns
[2020-09-11T13:14:26.644+0000][1][safepoint    ] Safepoint "RevokeBias", Time since last: 28454184 ns, Reaching safepoint: 97801 ns, At safepoint: 32949 ns, Total: 130750 ns
[2020-09-11T13:14:26.665+0000][1][safepoint    ] Safepoint "RevokeBias", Time since last: 20373257 ns, Reaching safepoint: 51888 ns, At safepoint: 34857 ns, Total: 86745 ns
[2020-09-11T13:14:26.676+0000][1][safepoint    ] Safepoint "RevokeBias", Time since last: 10868947 ns, Reaching safepoint: 99530 ns, At safepoint: 35739 ns, Total: 135269 ns
[2020-09-11T13:14:26.691+0000][1][safepoint    ] Safepoint "RevokeBias", Time since last: 15830025 ns, Reaching safepoint: 37925 ns, At safepoint: 28915 ns, Total: 66840 ns
[2020-09-11T13:14:26.720+0000][1][safepoint    ] Safepoint "RevokeBias", Time since last: 28556728 ns, Reaching safepoint: 97341 ns, At safepoint: 31582 ns, Total: 128923 ns
[2020-09-11T13:14:26.736+0000][1][safepoint    ] Safepoint "Deoptimize", Time since last: 11478742 ns, Reaching safepoint: 3833069 ns, At safepoint: 217920 ns, Total: 4050989 ns
[2020-09-11T13:14:26.833+0000][1][safepoint    ] Safepoint "RevokeBias", Time since last: 97507646 ns, Reaching safepoint: 101233 ns, At safepoint: 27773 ns, Total: 129006 ns
[2020-09-11T13:14:26.900+0000][1][gc,start     ] GC(6) Pause Young (Allocation Failure)
[2020-09-11T13:14:26.900+0000][1][gc,task      ] GC(6) Using 1 workers of 1 for evacuation
[2020-09-11T13:14:26.920+0000][1][gc,age       ] GC(6) Desired survivor size 4358144 bytes, new threshold 4 (max threshold 6)
[2020-09-11T13:14:26.920+0000][1][gc,age       ] GC(6) Age table with threshold 4 (max threshold 6)
[2020-09-11T13:14:26.920+0000][1][gc,age       ] GC(6) - age   1:    2332072 bytes,    2332072 total
[2020-09-11T13:14:26.920+0000][1][gc,age       ] GC(6) - age   2:    1278968 bytes,    3611040 total
[2020-09-11T13:14:26.920+0000][1][gc,age       ] GC(6) - age   3:     330768 bytes,    3941808 total
[2020-09-11T13:14:26.920+0000][1][gc,age       ] GC(6) - age   4:     424928 bytes,    4366736 total
[2020-09-11T13:14:26.920+0000][1][gc,heap      ] GC(6) ParNew: 71448K->5541K(76672K)
[2020-09-11T13:14:26.920+0000][1][gc,heap      ] GC(6) CMS: 10659K->10659K(439104K)
[2020-09-11T13:14:26.920+0000][1][gc,metaspace ] GC(6) Metaspace: 21132K->21132K(1069056K)
[2020-09-11T13:14:26.920+0000][1][gc           ] GC(6) Pause Young (Allocation Failure) 80M->15M(503M) 19.883ms
[2020-09-11T13:14:26.920+0000][1][gc,cpu       ] GC(6) User=0.02s Sys=0.00s Real=0.02s
[2020-09-11T13:14:26.923+0000][1][safepoint    ] Safepoint "GenCollectForAllocation", Time since last: 66661439 ns, Reaching safepoint: 99781 ns, At safepoint: 23307096 ns, Total: 23406877 ns
[2020-09-11T13:14:26.928+0000][1][safepoint    ] Safepoint "RevokeBias", Time since last: 4074768 ns, Reaching safepoint: 105711 ns, At safepoint: 36447 ns, Total: 142158 ns
[2020-09-11T13:14:26.928+0000][1][safepoint    ] Safepoint "RevokeBias", Time since last: 42793 ns, Reaching safepoint: 79281 ns, At safepoint: 29147 ns, Total: 108428 ns
[2020-09-11T13:14:26.928+0000][1][safepoint    ] Safepoint "RevokeBias", Time since last: 30226 ns, Reaching safepoint: 79119 ns, At safepoint: 26143 ns, Total: 105262 ns
[2020-09-11T13:14:26.928+0000][1][safepoint    ] Safepoint "RevokeBias", Time since last: 23859 ns, Reaching safepoint: 78560 ns, At safepoint: 26853 ns, Total: 105413 ns
[2020-09-11T13:14:26.928+0000][1][safepoint    ] Safepoint "RevokeBias", Time since last: 34225 ns, Reaching safepoint: 79168 ns, At safepoint: 28954 ns, Total: 108122 ns
[2020-09-11T13:14:26.928+0000][1][safepoint    ] Safepoint "RevokeBias", Time since last: 23963 ns, Reaching safepoint: 78440 ns, At safepoint: 28219 ns, Total: 106659 ns
[2020-09-11T13:14:26.963+0000][1][safepoint    ] Safepoint "RevokeBias", Time since last: 31115781 ns, Reaching safepoint: 4024761 ns, At safepoint: 31504 ns, Total: 4056265 ns
[2020-09-11T13:14:27.070+0000][1][safepoint    ] Safepoint "RevokeBias", Time since last: 106760796 ns, Reaching safepoint: 121558 ns, At safepoint: 29725 ns, Total: 151283 ns
[2020-09-11T13:14:27.172+0000][1][gc,start     ] GC(7) Pause Young (Allocation Failure)
[2020-09-11T13:14:27.172+0000][1][gc,task      ] GC(7) Using 1 workers of 1 for evacuation
[2020-09-11T13:14:27.192+0000][1][gc,age       ] GC(7) Desired survivor size 4358144 bytes, new threshold 3 (max threshold 6)
[2020-09-11T13:14:27.193+0000][1][gc,age       ] GC(7) Age table with threshold 3 (max threshold 6)
[2020-09-11T13:14:27.193+0000][1][gc,age       ] GC(7) - age   1:    2314736 bytes,    2314736 total
[2020-09-11T13:14:27.193+0000][1][gc,age       ] GC(7) - age   2:    1527976 bytes,    3842712 total
[2020-09-11T13:14:27.193+0000][1][gc,age       ] GC(7) - age   3:    1278624 bytes,    5121336 total
[2020-09-11T13:14:27.193+0000][1][gc,age       ] GC(7) - age   4:     330768 bytes,    5452104 total
[2020-09-11T13:14:27.193+0000][1][gc,heap      ] GC(7) ParNew: 73701K->7781K(76672K)
[2020-09-11T13:14:27.193+0000][1][gc,heap      ] GC(7) CMS: 10659K->11077K(439104K)
[2020-09-11T13:14:27.193+0000][1][gc,metaspace ] GC(7) Metaspace: 21224K->21224K(1069056K)
[2020-09-11T13:14:27.193+0000][1][gc           ] GC(7) Pause Young (Allocation Failure) 82M->18M(503M) 20.282ms
[2020-09-11T13:14:27.193+0000][1][gc,cpu       ] GC(7) User=0.02s Sys=0.00s Real=0.02s
[2020-09-11T13:14:27.199+0000][1][gc           ] GC(5) Concurrent Abortable Preclean 626.031ms
[2020-09-11T13:14:27.199+0000][1][gc,cpu       ] GC(5) User=0.61s Sys=0.01s Real=0.63s
[2020-09-11T13:14:27.199+0000][1][safepoint    ] Safepoint "GenCollectForAllocation", Time since last: 101814067 ns, Reaching safepoint: 98739 ns, At safepoint: 26507639 ns, Total: 26606378 ns
[2020-09-11T13:14:27.204+0000][1][gc,start     ] GC(5) Pause Remark
[2020-09-11T13:14:27.220+0000][1][gc           ] GC(5) Pause Remark 22M->22M(503M) 16.075ms
[2020-09-11T13:14:27.220+0000][1][gc,cpu       ] GC(5) User=0.02s Sys=0.00s Real=0.01s
[2020-09-11T13:14:27.223+0000][1][safepoint    ] Safepoint "RevokeBias", Time since last: 4666731 ns, Reaching safepoint: 96943 ns, At safepoint: 19434208 ns, Total: 19531151 ns
[2020-09-11T13:14:27.223+0000][1][gc           ] GC(5) Concurrent Sweep
[2020-09-11T13:14:27.226+0000][1][gc           ] GC(5) Concurrent Sweep 2.740ms
[2020-09-11T13:14:27.226+0000][1][gc,cpu       ] GC(5) User=0.00s Sys=0.00s Real=0.01s
[2020-09-11T13:14:27.226+0000][1][gc           ] GC(5) Concurrent Reset
[2020-09-11T13:14:27.227+0000][1][gc           ] GC(5) Concurrent Reset 0.638ms
[2020-09-11T13:14:27.227+0000][1][gc,cpu       ] GC(5) User=0.01s Sys=0.00s Real=0.00s
[2020-09-11T13:14:27.227+0000][1][gc,heap      ] GC(5) Old: 10659K->11076K(439104K)
[2020-09-11T13:14:27.227+0000][1][safepoint    ] Safepoint "RevokeBias", Time since last: 3581775 ns, Reaching safepoint: 397371 ns, At safepoint: 66335 ns, Total: 463706 ns
[2020-09-11T13:14:27.228+0000][1][safepoint    ] Safepoint "RevokeBias", Time since last: 361987 ns, Reaching safepoint: 83452 ns, At safepoint: 29132 ns, Total: 112584 ns
[2020-09-11T13:14:27.229+0000][1][safepoint    ] Safepoint "RevokeBias", Time since last: 1049381 ns, Reaching safepoint: 82181 ns, At safepoint: 18138 ns, Total: 100319 ns
[2020-09-11T13:14:27.229+0000][1][safepoint    ] Safepoint "RevokeBias", Time since last: 324107 ns, Reaching safepoint: 79941 ns, At safepoint: 17197 ns, Total: 97138 ns
[2020-09-11T13:14:27.324+0000][1][safepoint    ] Safepoint "RevokeBias", Time since last: 94333463 ns, Reaching safepoint: 98148 ns, At safepoint: 70081 ns, Total: 168229 ns
[2020-09-11T13:14:27.395+0000][1][safepoint    ] Safepoint "RevokeBias", Time since last: 71021306 ns, Reaching safepoint: 106162 ns, At safepoint: 28731 ns, Total: 134893 ns
[2020-09-11T13:14:27.406+0000][1][safepoint    ] Safepoint "RevokeBias", Time since last: 11445751 ns, Reaching safepoint: 66811 ns, At safepoint: 28661 ns, Total: 95472 ns
[2020-09-11T13:14:27.476+0000][1][gc,start     ] GC(8) Pause Young (Allocation Failure)
[2020-09-11T13:14:27.476+0000][1][gc,task      ] GC(8) Using 1 workers of 1 for evacuation
[2020-09-11T13:14:27.487+0000][1][gc,age       ] GC(8) Desired survivor size 4358144 bytes, new threshold 6 (max threshold 6)
[2020-09-11T13:14:27.487+0000][1][gc,age       ] GC(8) Age table with threshold 6 (max threshold 6)
[2020-09-11T13:14:27.487+0000][1][gc,age       ] GC(8) - age   1:    1880624 bytes,    1880624 total
[2020-09-11T13:14:27.487+0000][1][gc,age       ] GC(8) - age   2:     416984 bytes,    2297608 total
[2020-09-11T13:14:27.487+0000][1][gc,age       ] GC(8) - age   3:    1525960 bytes,    3823568 total
[2020-09-11T13:14:27.487+0000][1][gc,heap      ] GC(8) ParNew: 75941K->4965K(76672K)
[2020-09-11T13:14:27.487+0000][1][gc,heap      ] GC(8) CMS: 11076K->12665K(439104K)
[2020-09-11T13:14:27.487+0000][1][gc,metaspace ] GC(8) Metaspace: 21484K->21484K(1069056K)
[2020-09-11T13:14:27.487+0000][1][gc           ] GC(8) Pause Young (Allocation Failure) 84M->17M(503M) 11.624ms
[2020-09-11T13:14:27.487+0000][1][gc,cpu       ] GC(8) User=0.01s Sys=0.00s Real=0.01s
[2020-09-11T13:14:27.491+0000][1][safepoint    ] Safepoint "GenCollectForAllocation", Time since last: 69133534 ns, Reaching safepoint: 94313 ns, At safepoint: 15915128 ns, Total: 16009441 ns
[2020-09-11T13:14:27.496+0000][1][safepoint    ] Safepoint "RevokeBias", Time since last: 4059524 ns, Reaching safepoint: 97266 ns, At safepoint: 37194 ns, Total: 134460 ns
[2020-09-11T13:14:27.496+0000][1][safepoint    ] Safepoint "RevokeBias", Time since last: 45771 ns, Reaching safepoint: 77874 ns, At safepoint: 27746 ns, Total: 105620 ns
[2020-09-11T13:14:27.496+0000][1][safepoint    ] Safepoint "RevokeBias", Time since last: 29203 ns, Reaching safepoint: 78483 ns, At safepoint: 26476 ns, Total: 104959 ns
[2020-09-11T13:14:27.496+0000][1][safepoint    ] Safepoint "RevokeBias", Time since last: 36966 ns, Reaching safepoint: 78770 ns, At safepoint: 26612 ns, Total: 105382 ns
[2020-09-11T13:14:27.496+0000][1][safepoint    ] Safepoint "RevokeBias", Time since last: 27337 ns, Reaching safepoint: 77952 ns, At safepoint: 25751 ns, Total: 103703 ns
[2020-09-11T13:14:27.496+0000][1][safepoint    ] Safepoint "RevokeBias", Time since last: 23806 ns, Reaching safepoint: 77517 ns, At safepoint: 25895 ns, Total: 103412 ns
[2020-09-11T13:14:27.508+0000][1][safepoint    ] Safepoint "RevokeBias", Time since last: 11669256 ns, Reaching safepoint: 103556 ns, At safepoint: 33713 ns, Total: 137269 ns
[2020-09-11T13:14:27.555+0000][1][safepoint    ] Safepoint "RevokeBias", Time since last: 46586106 ns, Reaching safepoint: 110244 ns, At safepoint: 31735 ns, Total: 141979 ns
[2020-09-11T13:14:27.573+0000][1][safepoint    ] Safepoint "RevokeBias", Time since last: 17732587 ns, Reaching safepoint: 116524 ns, At safepoint: 16693 ns, Total: 133217 ns
[2020-09-11T13:14:27.573+0000][1][safepoint    ] Safepoint "RevokeBias", Time since last: 370594 ns, Reaching safepoint: 12276 ns, At safepoint: 8991 ns, Total: 21267 ns
[2020-09-11T13:14:27.700+0000][1][gc,start     ] GC(9) Pause Young (Allocation Failure)
[2020-09-11T13:14:27.700+0000][1][gc,task      ] GC(9) Using 1 workers of 1 for evacuation
[2020-09-11T13:14:27.709+0000][1][gc,age       ] GC(9) Desired survivor size 4358144 bytes, new threshold 6 (max threshold 6)
[2020-09-11T13:14:27.709+0000][1][gc,age       ] GC(9) Age table with threshold 6 (max threshold 6)
[2020-09-11T13:14:27.709+0000][1][gc,age       ] GC(9) - age   1:     877832 bytes,     877832 total
[2020-09-11T13:14:27.709+0000][1][gc,age       ] GC(9) - age   2:     906704 bytes,    1784536 total
[2020-09-11T13:14:27.709+0000][1][gc,age       ] GC(9) - age   3:     416984 bytes,    2201520 total
[2020-09-11T13:14:27.709+0000][1][gc,age       ] GC(9) - age   4:    1525936 bytes,    3727456 total
[2020-09-11T13:14:27.709+0000][1][gc,heap      ] GC(9) ParNew: 73125K->4041K(76672K)
[2020-09-11T13:14:27.709+0000][1][gc,heap      ] GC(9) CMS: 12665K->12665K(439104K)
[2020-09-11T13:14:27.709+0000][1][gc,metaspace ] GC(9) Metaspace: 21635K->21635K(1069056K)
[2020-09-11T13:14:27.709+0000][1][gc           ] GC(9) Pause Young (Allocation Failure) 83M->16M(503M) 9.026ms
[2020-09-11T13:14:27.709+0000][1][gc,cpu       ] GC(9) User=0.01s Sys=0.00s Real=0.01s
[2020-09-11T13:14:27.714+0000][1][safepoint    ] Safepoint "GenCollectForAllocation", Time since last: 126817725 ns, Reaching safepoint: 111919 ns, At safepoint: 13838376 ns, Total: 13950295 ns
[2020-09-11T13:14:27.717+0000][1][safepoint    ] Safepoint "RevokeBias", Time since last: 3165890 ns, Reaching safepoint: 101770 ns, At safepoint: 42224 ns, Total: 143994 ns
[2020-09-11T13:14:27.720+0000][1][safepoint    ] Safepoint "RevokeBias", Time since last: 2227900 ns, Reaching safepoint: 85931 ns, At safepoint: 26656 ns, Total: 112587 ns
[2020-09-11T13:14:27.720+0000][1][safepoint    ] Safepoint "BulkRevokeBias", Time since last: 49602 ns, Reaching safepoint: 79634 ns, At safepoint: 42331 ns, Total: 121965 ns
[2020-09-11T13:14:27.720+0000][1][safepoint    ] Safepoint "BulkRevokeBias", Time since last: 30109 ns, Reaching safepoint: 80156 ns, At safepoint: 33899 ns, Total: 114055 ns
[2020-09-11T13:14:27.749+0000][1][safepoint    ] Safepoint "RevokeBias", Time since last: 29209933 ns, Reaching safepoint: 92805 ns, At safepoint: 28270 ns, Total: 121075 ns
[2020-09-11T13:14:27.752+0000][1][safepoint    ] Safepoint "RevokeBias", Time since last: 3008711 ns, Reaching safepoint: 92588 ns, At safepoint: 25791 ns, Total: 118379 ns
[2020-09-11T13:14:27.860+0000][1][safepoint    ] Safepoint "RevokeBias", Time since last: 107806658 ns, Reaching safepoint: 94941 ns, At safepoint: 30708 ns, Total: 125649 ns
[2020-09-11T13:14:27.864+0000][1][safepoint    ] Safepoint "RevokeBias", Time since last: 3190907 ns, Reaching safepoint: 92337 ns, At safepoint: 30918 ns, Total: 123255 ns
[2020-09-11T13:14:27.864+0000][1][safepoint    ] Safepoint "RevokeBias", Time since last: 837079 ns, Reaching safepoint: 82215 ns, At safepoint: 24880 ns, Total: 107095 ns
[2020-09-11T13:14:27.876+0000][1][safepoint    ] Safepoint "RevokeBias", Time since last: 11391677 ns, Reaching safepoint: 100744 ns, At safepoint: 36074 ns, Total: 136818 ns
[2020-09-11T13:14:27.882+0000][1][safepoint    ] Safepoint "RevokeBias", Time since last: 5421281 ns, Reaching safepoint: 92762 ns, At safepoint: 33401 ns, Total: 126163 ns
[2020-09-11T13:14:27.888+0000][1][safepoint    ] Safepoint "RevokeBias", Time since last: 5845818 ns, Reaching safepoint: 94297 ns, At safepoint: 35014 ns, Total: 129311 ns
[2020-09-11T13:14:27.934+0000][1][safepoint    ] Safepoint "RevokeBias", Time since last: 46062969 ns, Reaching safepoint: 92974 ns, At safepoint: 30823 ns, Total: 123797 ns
[2020-09-11T13:14:27.935+0000][1][safepoint    ] Safepoint "RevokeBias", Time since last: 1399139 ns, Reaching safepoint: 84765 ns, At safepoint: 26434 ns, Total: 111199 ns
[2020-09-11T13:14:27.980+0000][1][safepoint    ] Safepoint "RevokeBias", Time since last: 44212066 ns, Reaching safepoint: 101613 ns, At safepoint: 38798 ns, Total: 140411 ns
[2020-09-11T13:14:27.981+0000][1][safepoint    ] Safepoint "RevokeBias", Time since last: 1572106 ns, Reaching safepoint: 82188 ns, At safepoint: 25851 ns, Total: 108039 ns
[2020-09-11T13:14:28.004+0000][1][gc,start     ] GC(10) Pause Young (Allocation Failure)
[2020-09-11T13:14:28.004+0000][1][gc,task      ] GC(10) Using 1 workers of 1 for evacuation
[2020-09-11T13:14:28.019+0000][1][gc,age       ] GC(10) Desired survivor size 4358144 bytes, new threshold 6 (max threshold 6)
[2020-09-11T13:14:28.019+0000][1][gc,age       ] GC(10) Age table with threshold 6 (max threshold 6)
[2020-09-11T13:14:28.019+0000][1][gc,age       ] GC(10) - age   1:     981048 bytes,     981048 total
[2020-09-11T13:14:28.019+0000][1][gc,age       ] GC(10) - age   2:     438792 bytes,    1419840 total
[2020-09-11T13:14:28.019+0000][1][gc,age       ] GC(10) - age   3:     906600 bytes,    2326440 total
[2020-09-11T13:14:28.019+0000][1][gc,age       ] GC(10) - age   4:     416984 bytes,    2743424 total
[2020-09-11T13:14:28.019+0000][1][gc,age       ] GC(10) - age   5:    1525624 bytes,    4269048 total
[2020-09-11T13:14:28.019+0000][1][gc,heap      ] GC(10) ParNew: 72201K->7481K(76672K)
[2020-09-11T13:14:28.019+0000][1][gc,heap      ] GC(10) CMS: 12665K->12665K(439104K)
[2020-09-11T13:14:28.019+0000][1][gc,metaspace ] GC(10) Metaspace: 22549K->22549K(1071104K)
[2020-09-11T13:14:28.019+0000][1][gc           ] GC(10) Pause Young (Allocation Failure) 82M->19M(503M) 14.805ms
[2020-09-11T13:14:28.019+0000][1][gc,cpu       ] GC(10) User=0.02s Sys=0.00s Real=0.01s
[2020-09-11T13:14:28.019+0000][1][safepoint    ] Safepoint "GenCollectForAllocation", Time since last: 22998100 ns, Reaching safepoint: 95822 ns, At safepoint: 14861970 ns, Total: 14957792 ns
[2020-09-11T13:14:28.053+0000][1][safepoint    ] Safepoint "RevokeBias", Time since last: 33638136 ns, Reaching safepoint: 93382 ns, At safepoint: 28011 ns, Total: 121393 ns
[2020-09-11T13:14:28.056+0000][1][safepoint    ] Safepoint "RevokeBias", Time since last: 2761087 ns, Reaching safepoint: 89594 ns, At safepoint: 25756 ns, Total: 115350 ns
[2020-09-11T13:14:28.107+0000][1][safepoint    ] Safepoint "RevokeBias", Time since last: 50914805 ns, Reaching safepoint: 91660 ns, At safepoint: 43998 ns, Total: 135658 ns
[2020-09-11T13:14:28.180+0000][1][gc,start     ] GC(11) Pause Young (Allocation Failure)
[2020-09-11T13:14:28.180+0000][1][gc,task      ] GC(11) Using 1 workers of 1 for evacuation
[2020-09-11T13:14:28.191+0000][1][gc,age       ] GC(11) Desired survivor size 4358144 bytes, new threshold 6 (max threshold 6)
[2020-09-11T13:14:28.191+0000][1][gc,age       ] GC(11) Age table with threshold 6 (max threshold 6)
[2020-09-11T13:14:28.191+0000][1][gc,age       ] GC(11) - age   1:    1002136 bytes,    1002136 total
[2020-09-11T13:14:28.191+0000][1][gc,age       ] GC(11) - age   2:     682088 bytes,    1684224 total
[2020-09-11T13:14:28.191+0000][1][gc,age       ] GC(11) - age   3:     438792 bytes,    2123016 total
[2020-09-11T13:14:28.191+0000][1][gc,age       ] GC(11) - age   4:     906600 bytes,    3029616 total
[2020-09-11T13:14:28.191+0000][1][gc,age       ] GC(11) - age   5:     416696 bytes,    3446312 total
[2020-09-11T13:14:28.191+0000][1][gc,age       ] GC(11) - age   6:    1525624 bytes,    4971936 total
[2020-09-11T13:14:28.191+0000][1][gc,heap      ] GC(11) ParNew: 75641K->4997K(76672K)
[2020-09-11T13:14:28.191+0000][1][gc,heap      ] GC(11) CMS: 12665K->12665K(439104K)
[2020-09-11T13:14:28.191+0000][1][gc,metaspace ] GC(11) Metaspace: 22572K->22572K(1071104K)
[2020-09-11T13:14:28.191+0000][1][gc           ] GC(11) Pause Young (Allocation Failure) 86M->17M(503M) 11.630ms
[2020-09-11T13:14:28.191+0000][1][gc,cpu       ] GC(11) User=0.01s Sys=0.00s Real=0.01s
[2020-09-11T13:14:28.195+0000][1][safepoint    ] Safepoint "GenCollectForAllocation", Time since last: 72512516 ns, Reaching safepoint: 101973 ns, At safepoint: 15878990 ns, Total: 15980963 ns
[2020-09-11T13:14:28.388+0000][1][gc,start     ] GC(12) Pause Young (Allocation Failure)
[2020-09-11T13:14:28.388+0000][1][gc,task      ] GC(12) Using 1 workers of 1 for evacuation
[2020-09-11T13:14:28.420+0000][1][gc,age       ] GC(12) Desired survivor size 4358144 bytes, new threshold 6 (max threshold 6)
[2020-09-11T13:14:28.420+0000][1][gc,age       ] GC(12) Age table with threshold 6 (max threshold 6)
[2020-09-11T13:14:28.420+0000][1][gc,age       ] GC(12) - age   1:    1893800 bytes,    1893800 total
[2020-09-11T13:14:28.420+0000][1][gc,age       ] GC(12) - age   2:     103168 bytes,    1996968 total
[2020-09-11T13:14:28.420+0000][1][gc,age       ] GC(12) - age   3:     681976 bytes,    2678944 total
[2020-09-11T13:14:28.420+0000][1][gc,age       ] GC(12) - age   4:     438792 bytes,    3117736 total
[2020-09-11T13:14:28.420+0000][1][gc,age       ] GC(12) - age   5:     906600 bytes,    4024336 total
[2020-09-11T13:14:28.420+0000][1][gc,age       ] GC(12) - age   6:     416376 bytes,    4440712 total
[2020-09-11T13:14:28.420+0000][1][gc,heap      ] GC(12) ParNew: 73157K->8512K(76672K)
[2020-09-11T13:14:28.420+0000][1][gc,heap      ] GC(12) CMS: 12665K->14167K(439104K)
[2020-09-11T13:14:28.420+0000][1][gc,metaspace ] GC(12) Metaspace: 22675K->22675K(1071104K)
[2020-09-11T13:14:28.420+0000][1][gc           ] GC(12) Pause Young (Allocation Failure) 83M->22M(503M) 32.437ms
[2020-09-11T13:14:28.420+0000][1][gc,cpu       ] GC(12) User=0.03s Sys=0.00s Real=0.03s
[2020-09-11T13:14:28.420+0000][1][safepoint    ] Safepoint "GenCollectForAllocation", Time since last: 192038889 ns, Reaching safepoint: 105226 ns, At safepoint: 32493385 ns, Total: 32598611 ns
[2020-09-11T13:14:28.753+0000][1][gc,start     ] GC(13) Pause Young (Allocation Failure)
[2020-09-11T13:14:28.753+0000][1][gc,task      ] GC(13) Using 1 workers of 1 for evacuation
[2020-09-11T13:14:28.764+0000][1][gc,age       ] GC(13) Desired survivor size 4358144 bytes, new threshold 6 (max threshold 6)
[2020-09-11T13:14:28.764+0000][1][gc,age       ] GC(13) Age table with threshold 6 (max threshold 6)
[2020-09-11T13:14:28.764+0000][1][gc,age       ] GC(13) - age   1:    2232496 bytes,    2232496 total
[2020-09-11T13:14:28.764+0000][1][gc,age       ] GC(13) - age   2:     101376 bytes,    2333872 total
[2020-09-11T13:14:28.764+0000][1][gc,age       ] GC(13) - age   3:     103168 bytes,    2437040 total
[2020-09-11T13:14:28.764+0000][1][gc,age       ] GC(13) - age   4:     681976 bytes,    3119016 total
[2020-09-11T13:14:28.764+0000][1][gc,age       ] GC(13) - age   5:     438792 bytes,    3557808 total
[2020-09-11T13:14:28.764+0000][1][gc,age       ] GC(13) - age   6:     906576 bytes,    4464384 total
[2020-09-11T13:14:28.764+0000][1][gc,heap      ] GC(13) ParNew: 76672K->5385K(76672K)
[2020-09-11T13:14:28.764+0000][1][gc,heap      ] GC(13) CMS: 14167K->14577K(439104K)
[2020-09-11T13:14:28.764+0000][1][gc,metaspace ] GC(13) Metaspace: 22785K->22785K(1071104K)
[2020-09-11T13:14:28.764+0000][1][gc           ] GC(13) Pause Young (Allocation Failure) 88M->19M(503M) 11.397ms
[2020-09-11T13:14:28.764+0000][1][gc,cpu       ] GC(13) User=0.01s Sys=0.00s Real=0.02s
[2020-09-11T13:14:28.769+0000][1][safepoint    ] Safepoint "GenCollectForAllocation", Time since last: 332802298 ns, Reaching safepoint: 101854 ns, At safepoint: 16220399 ns, Total: 16322253 ns
[2020-09-11T13:14:28.982+0000][1][gc,start     ] GC(14) Pause Young (Allocation Failure)
[2020-09-11T13:14:28.983+0000][1][gc,task      ] GC(14) Using 1 workers of 1 for evacuation
[2020-09-11T13:14:28.991+0000][1][gc,age       ] GC(14) Desired survivor size 4358144 bytes, new threshold 6 (max threshold 6)
[2020-09-11T13:14:28.991+0000][1][gc,age       ] GC(14) Age table with threshold 6 (max threshold 6)
[2020-09-11T13:14:28.991+0000][1][gc,age       ] GC(14) - age   1:    1149352 bytes,    1149352 total
[2020-09-11T13:14:28.991+0000][1][gc,age       ] GC(14) - age   2:     328656 bytes,    1478008 total
[2020-09-11T13:14:28.991+0000][1][gc,age       ] GC(14) - age   3:     101376 bytes,    1579384 total
[2020-09-11T13:14:28.991+0000][1][gc,age       ] GC(14) - age   4:     103168 bytes,    1682552 total
[2020-09-11T13:14:28.991+0000][1][gc,age       ] GC(14) - age   5:     681824 bytes,    2364376 total
[2020-09-11T13:14:28.991+0000][1][gc,age       ] GC(14) - age   6:     438792 bytes,    2803168 total
[2020-09-11T13:14:28.991+0000][1][gc,heap      ] GC(14) ParNew: 73545K->3943K(76672K)
[2020-09-11T13:14:28.991+0000][1][gc,heap      ] GC(14) CMS: 14577K->15471K(439104K)
[2020-09-11T13:14:28.991+0000][1][gc,metaspace ] GC(14) Metaspace: 22855K->22855K(1071104K)
[2020-09-11T13:14:28.991+0000][1][gc           ] GC(14) Pause Young (Allocation Failure) 86M->18M(503M) 8.882ms
[2020-09-11T13:14:28.991+0000][1][gc,cpu       ] GC(14) User=0.01s Sys=0.00s Real=0.01s
[2020-09-11T13:14:28.995+0000][1][safepoint    ] Safepoint "GenCollectForAllocation", Time since last: 212754117 ns, Reaching safepoint: 150603 ns, At safepoint: 13369593 ns, Total: 13520196 ns
[2020-09-11T13:14:29.036+0000][1][safepoint    ] Safepoint "Deoptimize", Time since last: 40661613 ns, Reaching safepoint: 147217 ns, At safepoint: 220279 ns, Total: 367496 ns
[2020-09-11T13:14:29.451+0000][1][safepoint    ] Safepoint "RevokeBias", Time since last: 413893585 ns, Reaching safepoint: 314703 ns, At safepoint: 18659 ns, Total: 333362 ns
[2020-09-11T13:14:29.867+0000][1][safepoint    ] Safepoint "Deoptimize", Time since last: 415684056 ns, Reaching safepoint: 129225 ns, At safepoint: 211748 ns, Total: 340973 ns
[2020-09-11T13:14:30.604+0000][1][gc,start     ] GC(15) Pause Young (Allocation Failure)
[2020-09-11T13:14:30.604+0000][1][gc,task      ] GC(15) Using 1 workers of 1 for evacuation
[2020-09-11T13:14:30.653+0000][1][gc,age       ] GC(15) Desired survivor size 4358144 bytes, new threshold 1 (max threshold 6)
[2020-09-11T13:14:30.653+0000][1][gc,age       ] GC(15) Age table with threshold 1 (max threshold 6)
[2020-09-11T13:14:30.653+0000][1][gc,age       ] GC(15) - age   1:    7251624 bytes,    7251624 total
[2020-09-11T13:14:30.653+0000][1][gc,age       ] GC(15) - age   2:     212640 bytes,    7464264 total
[2020-09-11T13:14:30.653+0000][1][gc,age       ] GC(15) - age   3:     326168 bytes,    7790432 total
[2020-09-11T13:14:30.653+0000][1][gc,age       ] GC(15) - age   4:     101096 bytes,    7891528 total
[2020-09-11T13:14:30.653+0000][1][gc,age       ] GC(15) - age   5:     103168 bytes,    7994696 total
[2020-09-11T13:14:30.653+0000][1][gc,age       ] GC(15) - age   6:     680784 bytes,    8675480 total
[2020-09-11T13:14:30.653+0000][1][gc,heap      ] GC(15) ParNew: 72103K->8512K(76672K)
[2020-09-11T13:14:30.653+0000][1][gc,heap      ] GC(15) CMS: 15471K->15903K(439104K)
[2020-09-11T13:14:30.653+0000][1][gc,metaspace ] GC(15) Metaspace: 29660K->29660K(1077248K)
[2020-09-11T13:14:30.653+0000][1][gc           ] GC(15) Pause Young (Allocation Failure) 85M->23M(503M) 49.324ms
[2020-09-11T13:14:30.653+0000][1][gc,cpu       ] GC(15) User=0.05s Sys=0.00s Real=0.04s
[2020-09-11T13:14:30.654+0000][1][safepoint    ] Safepoint "GenCollectForAllocation", Time since last: 736696260 ns, Reaching safepoint: 265771 ns, At safepoint: 50667026 ns, Total: 50932797 ns
[2020-09-11T13:14:31.663+0000][1][safepoint    ] Safepoint "Cleanup", Time since last: 1005103028 ns, Reaching safepoint: 3207803 ns, At safepoint: 8094 ns, Total: 3215897 ns
[2020-09-11T13:14:32.228+0000][1][gc,start     ] GC(16) Pause Young (Allocation Failure)
[2020-09-11T13:14:32.228+0000][1][gc,task      ] GC(16) Using 1 workers of 1 for evacuation
[2020-09-11T13:14:32.307+0000][1][gc,age       ] GC(16) Desired survivor size 4358144 bytes, new threshold 1 (max threshold 6)
[2020-09-11T13:14:32.308+0000][1][gc,age       ] GC(16) Age table with threshold 1 (max threshold 6)
[2020-09-11T13:14:32.308+0000][1][gc,age       ] GC(16) - age   1:    8716224 bytes,    8716224 total
[2020-09-11T13:14:32.308+0000][1][gc,heap      ] GC(16) ParNew: 76672K->8512K(76672K)
[2020-09-11T13:14:32.308+0000][1][gc,heap      ] GC(16) CMS: 15903K->24312K(439104K)
[2020-09-11T13:14:32.308+0000][1][gc,metaspace ] GC(16) Metaspace: 29728K->29728K(1077248K)
[2020-09-11T13:14:32.308+0000][1][gc           ] GC(16) Pause Young (Allocation Failure) 90M->32M(503M) 79.260ms
[2020-09-11T13:14:32.308+0000][1][gc,cpu       ] GC(16) User=0.07s Sys=0.00s Real=0.08s
[2020-09-11T13:14:32.313+0000][1][safepoint    ] Safepoint "GenCollectForAllocation", Time since last: 565537071 ns, Reaching safepoint: 102243 ns, At safepoint: 84705272 ns, Total: 84807515 ns
[2020-09-11T13:14:33.320+0000][1][safepoint    ] Safepoint "Cleanup", Time since last: 1006550671 ns, Reaching safepoint: 112522 ns, At safepoint: 5950 ns, Total: 118472 ns
[2020-09-11T13:14:33.672+0000][1][gc,start     ] GC(17) Pause Young (Allocation Failure)
[2020-09-11T13:14:33.672+0000][1][gc,task      ] GC(17) Using 1 workers of 1 for evacuation
[2020-09-11T13:14:33.712+0000][1][gc,age       ] GC(17) Desired survivor size 4358144 bytes, new threshold 1 (max threshold 6)
[2020-09-11T13:14:33.712+0000][1][gc,age       ] GC(17) Age table with threshold 1 (max threshold 6)
[2020-09-11T13:14:33.712+0000][1][gc,age       ] GC(17) - age   1:    8716240 bytes,    8716240 total
[2020-09-11T13:14:33.712+0000][1][gc,heap      ] GC(17) ParNew: 76672K->8512K(76672K)
[2020-09-11T13:14:33.712+0000][1][gc,heap      ] GC(17) CMS: 24312K->32843K(439104K)
[2020-09-11T13:14:33.712+0000][1][gc,metaspace ] GC(17) Metaspace: 29764K->29764K(1077248K)
[2020-09-11T13:14:33.712+0000][1][gc           ] GC(17) Pause Young (Allocation Failure) 98M->40M(503M) 39.875ms
[2020-09-11T13:14:33.712+0000][1][gc,cpu       ] GC(17) User=0.04s Sys=0.00s Real=0.04s
[2020-09-11T13:14:33.715+0000][1][safepoint    ] Safepoint "GenCollectForAllocation", Time since last: 351951608 ns, Reaching safepoint: 156279 ns, At safepoint: 43490112 ns, Total: 43646391 ns
[2020-09-11T13:14:34.720+0000][1][safepoint    ] Safepoint "Cleanup", Time since last: 1004192138 ns, Reaching safepoint: 193669 ns, At safepoint: 7235 ns, Total: 200904 ns
[2020-09-11T13:14:34.968+0000][1][gc,start     ] GC(18) Pause Young (Allocation Failure)
[2020-09-11T13:14:34.968+0000][1][gc,task      ] GC(18) Using 1 workers of 1 for evacuation
[2020-09-11T13:14:35.009+0000][1][gc,age       ] GC(18) Desired survivor size 4358144 bytes, new threshold 1 (max threshold 6)
[2020-09-11T13:14:35.009+0000][1][gc,age       ] GC(18) Age table with threshold 1 (max threshold 6)
[2020-09-11T13:14:35.009+0000][1][gc,age       ] GC(18) - age   1:    4545432 bytes,    4545432 total
[2020-09-11T13:14:35.009+0000][1][gc,heap      ] GC(18) ParNew: 76672K->8424K(76672K)
[2020-09-11T13:14:35.009+0000][1][gc,heap      ] GC(18) CMS: 32843K->41215K(439104K)
[2020-09-11T13:14:35.009+0000][1][gc,metaspace ] GC(18) Metaspace: 32104K->32104K(1079296K)
[2020-09-11T13:14:35.009+0000][1][gc           ] GC(18) Pause Young (Allocation Failure) 106M->48M(503M) 41.021ms
[2020-09-11T13:14:35.009+0000][1][gc,cpu       ] GC(18) User=0.04s Sys=0.00s Real=0.04s
[2020-09-11T13:14:35.015+0000][1][safepoint    ] Safepoint "GenCollectForAllocation", Time since last: 247776095 ns, Reaching safepoint: 175830 ns, At safepoint: 47794341 ns, Total: 47970171 ns
[2020-09-11T13:14:35.176+0000][1][safepoint    ] Safepoint "Deoptimize", Time since last: 160125180 ns, Reaching safepoint: 107662 ns, At safepoint: 291821 ns, Total: 399483 ns
[2020-09-11T13:14:35.792+0000][1][safepoint    ] Safepoint "Deoptimize", Time since last: 615624488 ns, Reaching safepoint: 181001 ns, At safepoint: 344554 ns, Total: 525555 ns
[2020-09-11T13:14:36.007+0000][1][gc,start     ] GC(19) Pause Young (Allocation Failure)
[2020-09-11T13:14:36.007+0000][1][gc,task      ] GC(19) Using 1 workers of 1 for evacuation
[2020-09-11T13:14:36.035+0000][1][gc,age       ] GC(19) Desired survivor size 4358144 bytes, new threshold 6 (max threshold 6)
[2020-09-11T13:14:36.035+0000][1][gc,age       ] GC(19) Age table with threshold 6 (max threshold 6)
[2020-09-11T13:14:36.035+0000][1][gc,age       ] GC(19) - age   1:     895816 bytes,     895816 total
[2020-09-11T13:14:36.035+0000][1][gc,heap      ] GC(19) ParNew: 76584K->3770K(76672K)
[2020-09-11T13:14:36.035+0000][1][gc,heap      ] GC(19) CMS: 41215K->45581K(439104K)
[2020-09-11T13:14:36.035+0000][1][gc,metaspace ] GC(19) Metaspace: 32408K->32408K(1079296K)
[2020-09-11T13:14:36.035+0000][1][gc           ] GC(19) Pause Young (Allocation Failure) 115M->48M(503M) 27.872ms
[2020-09-11T13:14:36.035+0000][1][gc,cpu       ] GC(19) User=0.02s Sys=0.00s Real=0.02s
[2020-09-11T13:14:36.037+0000][1][safepoint    ] Safepoint "GenCollectForAllocation", Time since last: 214708066 ns, Reaching safepoint: 108420 ns, At safepoint: 30049991 ns, Total: 30158411 ns
[2020-09-11T13:14:36.362+0000][1][gc,start     ] GC(20) Pause Young (Allocation Failure)
[2020-09-11T13:14:36.362+0000][1][gc,task      ] GC(20) Using 1 workers of 1 for evacuation
[2020-09-11T13:14:36.365+0000][1][gc,age       ] GC(20) Desired survivor size 4358144 bytes, new threshold 6 (max threshold 6)
[2020-09-11T13:14:36.365+0000][1][gc,age       ] GC(20) Age table with threshold 6 (max threshold 6)
[2020-09-11T13:14:36.365+0000][1][gc,age       ] GC(20) - age   1:     249528 bytes,     249528 total
[2020-09-11T13:14:36.365+0000][1][gc,age       ] GC(20) - age   2:     438784 bytes,     688312 total
[2020-09-11T13:14:36.365+0000][1][gc,heap      ] GC(20) ParNew: 71930K->1161K(76672K)
[2020-09-11T13:14:36.365+0000][1][gc,heap      ] GC(20) CMS: 45581K->45581K(439104K)
[2020-09-11T13:14:36.365+0000][1][gc,metaspace ] GC(20) Metaspace: 32420K->32420K(1079296K)
[2020-09-11T13:14:36.365+0000][1][gc           ] GC(20) Pause Young (Allocation Failure) 114M->45M(503M) 3.420ms
[2020-09-11T13:14:36.365+0000][1][gc,cpu       ] GC(20) User=0.00s Sys=0.00s Real=0.01s
[2020-09-11T13:14:36.366+0000][1][safepoint    ] Safepoint "GenCollectForAllocation", Time since last: 324641149 ns, Reaching safepoint: 106838 ns, At safepoint: 4529765 ns, Total: 4636603 ns
[2020-09-11T13:14:36.542+0000][1][gc,start     ] GC(21) Pause Young (Allocation Failure)
[2020-09-11T13:14:36.542+0000][1][gc,task      ] GC(21) Using 1 workers of 1 for evacuation
[2020-09-11T13:14:36.545+0000][1][gc,age       ] GC(21) Desired survivor size 4358144 bytes, new threshold 6 (max threshold 6)
[2020-09-11T13:14:36.545+0000][1][gc,age       ] GC(21) Age table with threshold 6 (max threshold 6)
[2020-09-11T13:14:36.545+0000][1][gc,age       ] GC(21) - age   1:        224 bytes,        224 total
[2020-09-11T13:14:36.545+0000][1][gc,age       ] GC(21) - age   2:     249432 bytes,     249656 total
[2020-09-11T13:14:36.545+0000][1][gc,age       ] GC(21) - age   3:     438784 bytes,     688440 total
[2020-09-11T13:14:36.545+0000][1][gc,heap      ] GC(21) ParNew: 69321K->1084K(76672K)
[2020-09-11T13:14:36.545+0000][1][gc,heap      ] GC(21) CMS: 45581K->45581K(439104K)
[2020-09-11T13:14:36.545+0000][1][gc,metaspace ] GC(21) Metaspace: 32421K->32421K(1079296K)
[2020-09-11T13:14:36.545+0000][1][gc           ] GC(21) Pause Young (Allocation Failure) 112M->45M(503M) 3.433ms
[2020-09-11T13:14:36.545+0000][1][gc,cpu       ] GC(21) User=0.00s Sys=0.00s Real=0.01s
[2020-09-11T13:14:36.547+0000][1][safepoint    ] Safepoint "GenCollectForAllocation", Time since last: 175565650 ns, Reaching safepoint: 147561 ns, At safepoint: 5474395 ns, Total: 5621956 ns
[2020-09-11T13:14:36.641+0000][1][gc,start     ] GC(22) Pause Young (Allocation Failure)
[2020-09-11T13:14:36.641+0000][1][gc,task      ] GC(22) Using 1 workers of 1 for evacuation
[2020-09-11T13:14:36.644+0000][1][gc,age       ] GC(22) Desired survivor size 4358144 bytes, new threshold 6 (max threshold 6)
[2020-09-11T13:14:36.644+0000][1][gc,age       ] GC(22) Age table with threshold 6 (max threshold 6)
[2020-09-11T13:14:36.644+0000][1][gc,age       ] GC(22) - age   1:         64 bytes,         64 total
[2020-09-11T13:14:36.644+0000][1][gc,age       ] GC(22) - age   3:     249432 bytes,     249496 total
[2020-09-11T13:14:36.644+0000][1][gc,age       ] GC(22) - age   4:     438784 bytes,     688280 total
[2020-09-11T13:14:36.644+0000][1][gc,heap      ] GC(22) ParNew: 69244K->1279K(76672K)
[2020-09-11T13:14:36.644+0000][1][gc,heap      ] GC(22) CMS: 45581K->45581K(439104K)
[2020-09-11T13:14:36.644+0000][1][gc,metaspace ] GC(22) Metaspace: 32423K->32423K(1079296K)
[2020-09-11T13:14:36.644+0000][1][gc           ] GC(22) Pause Young (Allocation Failure) 112M->45M(503M) 3.390ms
[2020-09-11T13:14:36.644+0000][1][gc,cpu       ] GC(22) User=0.00s Sys=0.00s Real=0.01s
[2020-09-11T13:14:36.647+0000][1][safepoint    ] Safepoint "GenCollectForAllocation", Time since last: 93070236 ns, Reaching safepoint: 105458 ns, At safepoint: 6818773 ns, Total: 6924231 ns
[2020-09-11T13:14:36.733+0000][1][gc,start     ] GC(23) Pause Young (Allocation Failure)
[2020-09-11T13:14:36.733+0000][1][gc,task      ] GC(23) Using 1 workers of 1 for evacuation
[2020-09-11T13:14:36.736+0000][1][gc,age       ] GC(23) Desired survivor size 4358144 bytes, new threshold 6 (max threshold 6)
[2020-09-11T13:14:36.736+0000][1][gc,age       ] GC(23) Age table with threshold 6 (max threshold 6)
[2020-09-11T13:14:36.736+0000][1][gc,age       ] GC(23) - age   1:        152 bytes,        152 total
[2020-09-11T13:14:36.736+0000][1][gc,age       ] GC(23) - age   4:     249432 bytes,     249584 total
[2020-09-11T13:14:36.736+0000][1][gc,age       ] GC(23) - age   5:     438784 bytes,     688368 total
[2020-09-11T13:14:36.736+0000][1][gc,heap      ] GC(23) ParNew: 69439K->824K(76672K)
[2020-09-11T13:14:36.736+0000][1][gc,heap      ] GC(23) CMS: 45581K->45581K(439104K)
[2020-09-11T13:14:36.736+0000][1][gc,metaspace ] GC(23) Metaspace: 32423K->32423K(1079296K)
[2020-09-11T13:14:36.736+0000][1][gc           ] GC(23) Pause Young (Allocation Failure) 112M->45M(503M) 2.931ms
[2020-09-11T13:14:36.736+0000][1][gc,cpu       ] GC(23) User=0.01s Sys=0.00s Real=0.01s
[2020-09-11T13:14:36.736+0000][1][safepoint    ] Safepoint "GenCollectForAllocation", Time since last: 85488295 ns, Reaching safepoint: 101123 ns, At safepoint: 2980539 ns, Total: 3081662 ns
[2020-09-11T13:14:36.816+0000][1][gc,start     ] GC(24) Pause Young (Allocation Failure)
[2020-09-11T13:14:36.816+0000][1][gc,task      ] GC(24) Using 1 workers of 1 for evacuation
[2020-09-11T13:14:36.819+0000][1][gc,age       ] GC(24) Desired survivor size 4358144 bytes, new threshold 6 (max threshold 6)
[2020-09-11T13:14:36.819+0000][1][gc,age       ] GC(24) Age table with threshold 6 (max threshold 6)
[2020-09-11T13:14:36.819+0000][1][gc,age       ] GC(24) - age   1:         88 bytes,         88 total
[2020-09-11T13:14:36.819+0000][1][gc,age       ] GC(24) - age   5:     249432 bytes,     249520 total
[2020-09-11T13:14:36.819+0000][1][gc,age       ] GC(24) - age   6:     438784 bytes,     688304 total
[2020-09-11T13:14:36.819+0000][1][gc,heap      ] GC(24) ParNew: 68984K->1214K(76672K)
[2020-09-11T13:14:36.819+0000][1][gc,heap      ] GC(24) CMS: 45581K->45581K(439104K)
[2020-09-11T13:14:36.819+0000][1][gc,metaspace ] GC(24) Metaspace: 32423K->32423K(1079296K)
[2020-09-11T13:14:36.819+0000][1][gc           ] GC(24) Pause Young (Allocation Failure) 111M->45M(503M) 2.934ms
[2020-09-11T13:14:36.819+0000][1][gc,cpu       ] GC(24) User=0.00s Sys=0.00s Real=0.00s
[2020-09-11T13:14:36.819+0000][1][safepoint    ] Safepoint "GenCollectForAllocation", Time since last: 79668772 ns, Reaching safepoint: 98478 ns, At safepoint: 3659886 ns, Total: 3758364 ns
[2020-09-11T13:14:36.896+0000][1][gc,start     ] GC(25) Pause Young (Allocation Failure)
[2020-09-11T13:14:36.896+0000][1][gc,task      ] GC(25) Using 1 workers of 1 for evacuation
[2020-09-11T13:14:36.898+0000][1][gc,age       ] GC(25) Desired survivor size 4358144 bytes, new threshold 6 (max threshold 6)
[2020-09-11T13:14:36.899+0000][1][gc,age       ] GC(25) Age table with threshold 6 (max threshold 6)
[2020-09-11T13:14:36.899+0000][1][gc,age       ] GC(25) - age   1:         48 bytes,         48 total
[2020-09-11T13:14:36.899+0000][1][gc,age       ] GC(25) - age   6:     249432 bytes,     249480 total
[2020-09-11T13:14:36.899+0000][1][gc,heap      ] GC(25) ParNew: 69374K->403K(76672K)
[2020-09-11T13:14:36.899+0000][1][gc,heap      ] GC(25) CMS: 45581K->46010K(439104K)
[2020-09-11T13:14:36.899+0000][1][gc,metaspace ] GC(25) Metaspace: 32423K->32423K(1079296K)
[2020-09-11T13:14:36.899+0000][1][gc           ] GC(25) Pause Young (Allocation Failure) 112M->45M(503M) 3.048ms
[2020-09-11T13:14:36.899+0000][1][gc,cpu       ] GC(25) User=0.00s Sys=0.00s Real=0.00s
[2020-09-11T13:14:36.900+0000][1][safepoint    ] Safepoint "GenCollectForAllocation", Time since last: 76004607 ns, Reaching safepoint: 100402 ns, At safepoint: 4733219 ns, Total: 4833621 ns
[2020-09-11T13:14:36.976+0000][1][gc,start     ] GC(26) Pause Young (Allocation Failure)
[2020-09-11T13:14:36.976+0000][1][gc,task      ] GC(26) Using 1 workers of 1 for evacuation
[2020-09-11T13:14:36.978+0000][1][gc,age       ] GC(26) Desired survivor size 4358144 bytes, new threshold 6 (max threshold 6)
[2020-09-11T13:14:36.978+0000][1][gc,age       ] GC(26) Age table with threshold 6 (max threshold 6)
[2020-09-11T13:14:36.978+0000][1][gc,age       ] GC(26) - age   1:        256 bytes,        256 total
[2020-09-11T13:14:36.978+0000][1][gc,heap      ] GC(26) ParNew: 68563K->283K(76672K)
[2020-09-11T13:14:36.978+0000][1][gc,heap      ] GC(26) CMS: 46010K->46253K(439104K)
[2020-09-11T13:14:36.978+0000][1][gc,metaspace ] GC(26) Metaspace: 32423K->32423K(1079296K)
[2020-09-11T13:14:36.978+0000][1][gc           ] GC(26) Pause Young (Allocation Failure) 111M->45M(503M) 2.477ms
[2020-09-11T13:14:36.978+0000][1][gc,cpu       ] GC(26) User=0.01s Sys=0.00s Real=0.00s
[2020-09-11T13:14:36.978+0000][1][safepoint    ] Safepoint "GenCollectForAllocation", Time since last: 75195811 ns, Reaching safepoint: 107818 ns, At safepoint: 2538305 ns, Total: 2646123 ns
[2020-09-11T13:14:37.048+0000][1][gc,start     ] GC(27) Pause Young (Allocation Failure)
[2020-09-11T13:14:37.048+0000][1][gc,task      ] GC(27) Using 1 workers of 1 for evacuation
[2020-09-11T13:14:37.050+0000][1][gc,age       ] GC(27) Desired survivor size 4358144 bytes, new threshold 6 (max threshold 6)
[2020-09-11T13:14:37.050+0000][1][gc,age       ] GC(27) Age table with threshold 6 (max threshold 6)
[2020-09-11T13:14:37.050+0000][1][gc,age       ] GC(27) - age   1:        200 bytes,        200 total
[2020-09-11T13:14:37.050+0000][1][gc,age       ] GC(27) - age   2:         72 bytes,        272 total
[2020-09-11T13:14:37.050+0000][1][gc,heap      ] GC(27) ParNew: 68443K->70K(76672K)
[2020-09-11T13:14:37.050+0000][1][gc,heap      ] GC(27) CMS: 46253K->46253K(439104K)
[2020-09-11T13:14:37.050+0000][1][gc,metaspace ] GC(27) Metaspace: 32423K->32423K(1079296K)
[2020-09-11T13:14:37.050+0000][1][gc           ] GC(27) Pause Young (Allocation Failure) 112M->45M(503M) 2.370ms
[2020-09-11T13:14:37.050+0000][1][gc,cpu       ] GC(27) User=0.00s Sys=0.00s Real=0.00s
[2020-09-11T13:14:37.050+0000][1][safepoint    ] Safepoint "GenCollectForAllocation", Time since last: 69783106 ns, Reaching safepoint: 107361 ns, At safepoint: 2422680 ns, Total: 2530041 ns
[2020-09-11T13:14:37.124+0000][1][gc,start     ] GC(28) Pause Young (Allocation Failure)
[2020-09-11T13:14:37.124+0000][1][gc,task      ] GC(28) Using 1 workers of 1 for evacuation
[2020-09-11T13:14:37.126+0000][1][gc,age       ] GC(28) Desired survivor size 4358144 bytes, new threshold 6 (max threshold 6)
[2020-09-11T13:14:37.126+0000][1][gc,age       ] GC(28) Age table with threshold 6 (max threshold 6)
[2020-09-11T13:14:37.126+0000][1][gc,age       ] GC(28) - age   1:        232 bytes,        232 total
[2020-09-11T13:14:37.126+0000][1][gc,age       ] GC(28) - age   3:         72 bytes,        304 total
[2020-09-11T13:14:37.126+0000][1][gc,heap      ] GC(28) ParNew: 68230K->17K(76672K)
[2020-09-11T13:14:37.126+0000][1][gc,heap      ] GC(28) CMS: 46253K->46253K(439104K)
[2020-09-11T13:14:37.126+0000][1][gc,metaspace ] GC(28) Metaspace: 32423K->32423K(1079296K)
[2020-09-11T13:14:37.126+0000][1][gc           ] GC(28) Pause Young (Allocation Failure) 111M->45M(503M) 2.407ms
[2020-09-11T13:14:37.126+0000][1][gc,cpu       ] GC(28) User=0.00s Sys=0.00s Real=0.00s
[2020-09-11T13:14:37.126+0000][1][safepoint    ] Safepoint "GenCollectForAllocation", Time since last: 73301531 ns, Reaching safepoint: 101829 ns, At safepoint: 2459182 ns, Total: 2561011 ns
[2020-09-11T13:14:37.192+0000][1][gc,start     ] GC(29) Pause Young (Allocation Failure)
[2020-09-11T13:14:37.192+0000][1][gc,task      ] GC(29) Using 1 workers of 1 for evacuation
[2020-09-11T13:14:37.195+0000][1][gc,age       ] GC(29) Desired survivor size 4358144 bytes, new threshold 6 (max threshold 6)
[2020-09-11T13:14:37.195+0000][1][gc,age       ] GC(29) Age table with threshold 6 (max threshold 6)
[2020-09-11T13:14:37.195+0000][1][gc,age       ] GC(29) - age   1:         56 bytes,         56 total
[2020-09-11T13:14:37.195+0000][1][gc,age       ] GC(29) - age   4:         72 bytes,        128 total
[2020-09-11T13:14:37.195+0000][1][gc,heap      ] GC(29) ParNew: 68177K->4K(76672K)
[2020-09-11T13:14:37.195+0000][1][gc,heap      ] GC(29) CMS: 46253K->46253K(439104K)
[2020-09-11T13:14:37.195+0000][1][gc,metaspace ] GC(29) Metaspace: 32423K->32423K(1079296K)
[2020-09-11T13:14:37.195+0000][1][gc           ] GC(29) Pause Young (Allocation Failure) 111M->45M(503M) 3.058ms
[2020-09-11T13:14:37.195+0000][1][gc,cpu       ] GC(29) User=0.00s Sys=0.00s Real=0.00s
[2020-09-11T13:14:37.195+0000][1][safepoint    ] Safepoint "GenCollectForAllocation", Time since last: 65744557 ns, Reaching safepoint: 145136 ns, At safepoint: 3112211 ns, Total: 3257347 ns
[2020-09-11T13:14:37.234+0000][1][gc,start     ] GC(30) Pause Young (Allocation Failure)
[2020-09-11T13:14:37.234+0000][1][gc,task      ] GC(30) Using 1 workers of 1 for evacuation
[2020-09-11T13:14:37.237+0000][1][gc,age       ] GC(30) Desired survivor size 4358144 bytes, new threshold 6 (max threshold 6)
[2020-09-11T13:14:37.237+0000][1][gc,age       ] GC(30) Age table with threshold 6 (max threshold 6)
[2020-09-11T13:14:37.237+0000][1][gc,age       ] GC(30) - age   1:        192 bytes,        192 total
[2020-09-11T13:14:37.237+0000][1][gc,age       ] GC(30) - age   5:         72 bytes,        264 total
[2020-09-11T13:14:37.237+0000][1][gc,heap      ] GC(30) ParNew: 68164K->2K(76672K)
[2020-09-11T13:14:37.237+0000][1][gc,heap      ] GC(30) CMS: 46253K->46253K(439104K)
[2020-09-11T13:14:37.237+0000][1][gc,metaspace ] GC(30) Metaspace: 32423K->32423K(1079296K)
[2020-09-11T13:14:37.237+0000][1][gc           ] GC(30) Pause Young (Allocation Failure) 111M->45M(503M) 2.495ms
[2020-09-11T13:14:37.237+0000][1][gc,cpu       ] GC(30) User=0.01s Sys=0.00s Real=0.01s
[2020-09-11T13:14:37.237+0000][1][safepoint    ] Safepoint "GenCollectForAllocation", Time since last: 38719055 ns, Reaching safepoint: 151292 ns, At safepoint: 2560222 ns, Total: 2711514 ns
[2020-09-11T13:14:37.276+0000][1][gc,start     ] GC(31) Pause Young (Allocation Failure)
[2020-09-11T13:14:37.276+0000][1][gc,task      ] GC(31) Using 1 workers of 1 for evacuation
[2020-09-11T13:14:37.278+0000][1][gc,age       ] GC(31) Desired survivor size 4358144 bytes, new threshold 6 (max threshold 6)
[2020-09-11T13:14:37.278+0000][1][gc,age       ] GC(31) Age table with threshold 6 (max threshold 6)
[2020-09-11T13:14:37.278+0000][1][gc,age       ] GC(31) - age   1:        200 bytes,        200 total
[2020-09-11T13:14:37.278+0000][1][gc,age       ] GC(31) - age   6:         72 bytes,        272 total
[2020-09-11T13:14:37.278+0000][1][gc,heap      ] GC(31) ParNew: 68162K->2K(76672K)
[2020-09-11T13:14:37.278+0000][1][gc,heap      ] GC(31) CMS: 46253K->46253K(439104K)
[2020-09-11T13:14:37.278+0000][1][gc,metaspace ] GC(31) Metaspace: 32423K->32423K(1079296K)
[2020-09-11T13:14:37.278+0000][1][gc           ] GC(31) Pause Young (Allocation Failure) 111M->45M(503M) 2.394ms
[2020-09-11T13:14:37.278+0000][1][gc,cpu       ] GC(31) User=0.00s Sys=0.00s Real=0.00s
[2020-09-11T13:14:37.278+0000][1][safepoint    ] Safepoint "GenCollectForAllocation", Time since last: 39043652 ns, Reaching safepoint: 146211 ns, At safepoint: 2446227 ns, Total: 2592438 ns
[2020-09-11T13:14:38.279+0000][1][safepoint    ] Safepoint "Cleanup", Time since last: 1000082959 ns, Reaching safepoint: 649982 ns, At safepoint: 5839 ns, Total: 655821 ns
[2020-09-11T13:14:39.279+0000][1][safepoint    ] Safepoint "Cleanup", Time since last: 1000108163 ns, Reaching safepoint: 110197 ns, At safepoint: 6539 ns, Total: 116736 ns
[2020-09-11T13:14:39.517+0000][1][gc,start     ] GC(32) Pause Young (Allocation Failure)
[2020-09-11T13:14:39.517+0000][1][gc,task      ] GC(32) Using 1 workers of 1 for evacuation
[2020-09-11T13:14:39.521+0000][1][gc,age       ] GC(32) Desired survivor size 4358144 bytes, new threshold 6 (max threshold 6)
[2020-09-11T13:14:39.521+0000][1][gc,age       ] GC(32) Age table with threshold 6 (max threshold 6)
[2020-09-11T13:14:39.521+0000][1][gc,age       ] GC(32) - age   1:     243936 bytes,     243936 total
[2020-09-11T13:14:39.521+0000][1][gc,heap      ] GC(32) ParNew: 68162K->240K(76672K)
[2020-09-11T13:14:39.521+0000][1][gc,heap      ] GC(32) CMS: 46253K->46254K(439104K)
[2020-09-11T13:14:39.521+0000][1][gc,metaspace ] GC(32) Metaspace: 32444K->32444K(1079296K)
[2020-09-11T13:14:39.521+0000][1][gc           ] GC(32) Pause Young (Allocation Failure) 111M->45M(503M) 4.027ms
[2020-09-11T13:14:39.521+0000][1][gc,cpu       ] GC(32) User=0.01s Sys=0.00s Real=0.00s
[2020-09-11T13:14:39.527+0000][1][safepoint    ] Safepoint "GenCollectForAllocation", Time since last: 237190426 ns, Reaching safepoint: 102110 ns, At safepoint: 10809499 ns, Total: 10911609 ns
[2020-09-11T13:14:40.117+0000][1][gc,start     ] GC(33) Pause Young (Allocation Failure)
[2020-09-11T13:14:40.118+0000][1][gc,task      ] GC(33) Using 1 workers of 1 for evacuation
[2020-09-11T13:14:40.120+0000][1][gc,age       ] GC(33) Desired survivor size 4358144 bytes, new threshold 6 (max threshold 6)
[2020-09-11T13:14:40.120+0000][1][gc,age       ] GC(33) Age table with threshold 6 (max threshold 6)
[2020-09-11T13:14:40.120+0000][1][gc,age       ] GC(33) - age   1:     512720 bytes,     512720 total
[2020-09-11T13:14:40.120+0000][1][gc,age       ] GC(33) - age   2:     150696 bytes,     663416 total
[2020-09-11T13:14:40.120+0000][1][gc,heap      ] GC(33) ParNew: 68400K->658K(76672K)
[2020-09-11T13:14:40.120+0000][1][gc,heap      ] GC(33) CMS: 46254K->46254K(439104K)
[2020-09-11T13:14:40.120+0000][1][gc,metaspace ] GC(33) Metaspace: 32444K->32444K(1079296K)
[2020-09-11T13:14:40.120+0000][1][gc           ] GC(33) Pause Young (Allocation Failure) 111M->45M(503M) 2.813ms
[2020-09-11T13:14:40.120+0000][1][gc,cpu       ] GC(33) User=0.00s Sys=0.00s Real=0.00s
[2020-09-11T13:14:40.120+0000][1][safepoint    ] Safepoint "GenCollectForAllocation", Time since last: 589910459 ns, Reaching safepoint: 137742 ns, At safepoint: 2880514 ns, Total: 3018256 ns
[2020-09-11T13:14:40.443+0000][1][gc,start     ] GC(34) Pause Young (Allocation Failure)
[2020-09-11T13:14:40.443+0000][1][gc,task      ] GC(34) Using 1 workers of 1 for evacuation
[2020-09-11T13:14:40.446+0000][1][gc,age       ] GC(34) Desired survivor size 4358144 bytes, new threshold 6 (max threshold 6)
[2020-09-11T13:14:40.446+0000][1][gc,age       ] GC(34) Age table with threshold 6 (max threshold 6)
[2020-09-11T13:14:40.446+0000][1][gc,age       ] GC(34) - age   1:     642864 bytes,     642864 total
[2020-09-11T13:14:40.446+0000][1][gc,age       ] GC(34) - age   2:     340184 bytes,     983048 total
[2020-09-11T13:14:40.446+0000][1][gc,age       ] GC(34) - age   3:     150112 bytes,    1133160 total
[2020-09-11T13:14:40.446+0000][1][gc,heap      ] GC(34) ParNew: 68818K->1132K(76672K)
[2020-09-11T13:14:40.446+0000][1][gc,heap      ] GC(34) CMS: 46254K->46254K(439104K)
[2020-09-11T13:14:40.446+0000][1][gc,metaspace ] GC(34) Metaspace: 32445K->32445K(1079296K)
[2020-09-11T13:14:40.446+0000][1][gc           ] GC(34) Pause Young (Allocation Failure) 112M->46M(503M) 2.902ms
[2020-09-11T13:14:40.446+0000][1][gc,cpu       ] GC(34) User=0.00s Sys=0.00s Real=0.01s
[2020-09-11T13:14:40.446+0000][1][safepoint    ] Safepoint "GenCollectForAllocation", Time since last: 322609228 ns, Reaching safepoint: 108876 ns, At safepoint: 2964724 ns, Total: 3073600 ns
[2020-09-11T13:14:40.729+0000][1][gc,start     ] GC(35) Pause Young (Allocation Failure)
[2020-09-11T13:14:40.729+0000][1][gc,task      ] GC(35) Using 1 workers of 1 for evacuation
[2020-09-11T13:14:40.732+0000][1][gc,age       ] GC(35) Desired survivor size 4358144 bytes, new threshold 6 (max threshold 6)
[2020-09-11T13:14:40.732+0000][1][gc,age       ] GC(35) Age table with threshold 6 (max threshold 6)
[2020-09-11T13:14:40.732+0000][1][gc,age       ] GC(35) - age   1:     277592 bytes,     277592 total
[2020-09-11T13:14:40.732+0000][1][gc,age       ] GC(35) - age   2:     629640 bytes,     907232 total
[2020-09-11T13:14:40.732+0000][1][gc,age       ] GC(35) - age   3:     340056 bytes,    1247288 total
[2020-09-11T13:14:40.732+0000][1][gc,age       ] GC(35) - age   4:     149728 bytes,    1397016 total
[2020-09-11T13:14:40.732+0000][1][gc,heap      ] GC(35) ParNew: 69292K->1392K(76672K)
[2020-09-11T13:14:40.732+0000][1][gc,heap      ] GC(35) CMS: 46254K->46254K(439104K)
[2020-09-11T13:14:40.732+0000][1][gc,metaspace ] GC(35) Metaspace: 32445K->32445K(1079296K)
[2020-09-11T13:14:40.732+0000][1][gc           ] GC(35) Pause Young (Allocation Failure) 112M->46M(503M) 3.352ms
[2020-09-11T13:14:40.732+0000][1][gc,cpu       ] GC(35) User=0.01s Sys=0.00s Real=0.00s
[2020-09-11T13:14:40.733+0000][1][safepoint    ] Safepoint "GenCollectForAllocation", Time since last: 282435476 ns, Reaching safepoint: 108999 ns, At safepoint: 4529388 ns, Total: 4638387 ns
[2020-09-11T13:14:41.016+0000][1][gc,start     ] GC(36) Pause Young (Allocation Failure)
[2020-09-11T13:14:41.016+0000][1][gc,task      ] GC(36) Using 1 workers of 1 for evacuation
[2020-09-11T13:14:41.019+0000][1][gc,age       ] GC(36) Desired survivor size 4358144 bytes, new threshold 6 (max threshold 6)
[2020-09-11T13:14:41.019+0000][1][gc,age       ] GC(36) Age table with threshold 6 (max threshold 6)
[2020-09-11T13:14:41.019+0000][1][gc,age       ] GC(36) - age   1:     935248 bytes,     935248 total
[2020-09-11T13:14:41.019+0000][1][gc,age       ] GC(36) - age   2:     265176 bytes,    1200424 total
[2020-09-11T13:14:41.019+0000][1][gc,age       ] GC(36) - age   3:     297744 bytes,    1498168 total
[2020-09-11T13:14:41.019+0000][1][gc,age       ] GC(36) - age   4:     340056 bytes,    1838224 total
[2020-09-11T13:14:41.019+0000][1][gc,age       ] GC(36) - age   5:     149624 bytes,    1987848 total
[2020-09-11T13:14:41.019+0000][1][gc,heap      ] GC(36) ParNew: 69552K->1986K(76672K)
[2020-09-11T13:14:41.019+0000][1][gc,heap      ] GC(36) CMS: 46254K->46254K(439104K)
[2020-09-11T13:14:41.019+0000][1][gc,metaspace ] GC(36) Metaspace: 32445K->32445K(1079296K)
[2020-09-11T13:14:41.019+0000][1][gc           ] GC(36) Pause Young (Allocation Failure) 113M->47M(503M) 2.946ms
[2020-09-11T13:14:41.019+0000][1][gc,cpu       ] GC(36) User=0.00s Sys=0.00s Real=0.00s
[2020-09-11T13:14:41.019+0000][1][safepoint    ] Safepoint "GenCollectForAllocation", Time since last: 282728725 ns, Reaching safepoint: 156715 ns, At safepoint: 3010060 ns, Total: 3166775 ns
[2020-09-11T13:14:41.126+0000][1][gc,start     ] GC(37) Pause Young (Allocation Failure)
[2020-09-11T13:14:41.126+0000][1][gc,task      ] GC(37) Using 1 workers of 1 for evacuation
[2020-09-11T13:14:41.129+0000][1][gc,age       ] GC(37) Desired survivor size 4358144 bytes, new threshold 6 (max threshold 6)
[2020-09-11T13:14:41.129+0000][1][gc,age       ] GC(37) Age table with threshold 6 (max threshold 6)
[2020-09-11T13:14:41.129+0000][1][gc,age       ] GC(37) - age   1:     343768 bytes,     343768 total
[2020-09-11T13:14:41.129+0000][1][gc,age       ] GC(37) - age   2:     922624 bytes,    1266392 total
[2020-09-11T13:14:41.129+0000][1][gc,age       ] GC(37) - age   3:     264024 bytes,    1530416 total
[2020-09-11T13:14:41.129+0000][1][gc,age       ] GC(37) - age   4:     297240 bytes,    1827656 total
[2020-09-11T13:14:41.129+0000][1][gc,age       ] GC(37) - age   5:     339640 bytes,    2167296 total
[2020-09-11T13:14:41.129+0000][1][gc,age       ] GC(37) - age   6:     149584 bytes,    2316880 total
[2020-09-11T13:14:41.129+0000][1][gc,heap      ] GC(37) ParNew: 70146K->2280K(76672K)
[2020-09-11T13:14:41.129+0000][1][gc,heap      ] GC(37) CMS: 46254K->46254K(439104K)
[2020-09-11T13:14:41.129+0000][1][gc,metaspace ] GC(37) Metaspace: 32445K->32445K(1079296K)
[2020-09-11T13:14:41.129+0000][1][gc           ] GC(37) Pause Young (Allocation Failure) 113M->47M(503M) 3.238ms
[2020-09-11T13:14:41.129+0000][1][gc,cpu       ] GC(37) User=0.00s Sys=0.00s Real=0.00s
[2020-09-11T13:14:41.129+0000][1][safepoint    ] Safepoint "GenCollectForAllocation", Time since last: 106775584 ns, Reaching safepoint: 148846 ns, At safepoint: 3299954 ns, Total: 3448800 ns
[2020-09-11T13:14:41.156+0000][1][safepoint    ] Safepoint "RevokeBias", Time since last: 27118980 ns, Reaching safepoint: 140432 ns, At safepoint: 29231 ns, Total: 169663 ns
[2020-09-11T13:14:41.157+0000][1][safepoint    ] Safepoint "RevokeBias", Time since last: 112834 ns, Reaching safepoint: 126675 ns, At safepoint: 17222 ns, Total: 143897 ns
[2020-09-11T13:14:41.408+0000][1][gc,start     ] GC(38) Pause Young (Allocation Failure)
[2020-09-11T13:14:41.408+0000][1][gc,task      ] GC(38) Using 1 workers of 1 for evacuation
[2020-09-11T13:14:41.411+0000][1][gc,age       ] GC(38) Desired survivor size 4358144 bytes, new threshold 6 (max threshold 6)
[2020-09-11T13:14:41.411+0000][1][gc,age       ] GC(38) Age table with threshold 6 (max threshold 6)
[2020-09-11T13:14:41.411+0000][1][gc,age       ] GC(38) - age   1:     381808 bytes,     381808 total
[2020-09-11T13:14:41.411+0000][1][gc,age       ] GC(38) - age   2:     333176 bytes,     714984 total
[2020-09-11T13:14:41.411+0000][1][gc,age       ] GC(38) - age   3:     922056 bytes,    1637040 total
[2020-09-11T13:14:41.411+0000][1][gc,age       ] GC(38) - age   4:     263792 bytes,    1900832 total
[2020-09-11T13:14:41.411+0000][1][gc,age       ] GC(38) - age   5:     297120 bytes,    2197952 total
[2020-09-11T13:14:41.411+0000][1][gc,age       ] GC(38) - age   6:     339640 bytes,    2537592 total
[2020-09-11T13:14:41.411+0000][1][gc,heap      ] GC(38) ParNew: 70440K->2487K(76672K)
[2020-09-11T13:14:41.411+0000][1][gc,heap      ] GC(38) CMS: 46254K->46397K(439104K)
[2020-09-11T13:14:41.411+0000][1][gc,metaspace ] GC(38) Metaspace: 32451K->32451K(1079296K)
[2020-09-11T13:14:41.411+0000][1][gc           ] GC(38) Pause Young (Allocation Failure) 113M->47M(503M) 3.921ms
[2020-09-11T13:14:41.411+0000][1][gc,cpu       ] GC(38) User=0.00s Sys=0.00s Real=0.00s
[2020-09-11T13:14:41.415+0000][1][safepoint    ] Safepoint "GenCollectForAllocation", Time since last: 250649842 ns, Reaching safepoint: 130955 ns, At safepoint: 7869242 ns, Total: 8000197 ns
[2020-09-11T13:14:41.589+0000][1][gc,start     ] GC(39) Pause Young (Allocation Failure)
[2020-09-11T13:14:41.589+0000][1][gc,task      ] GC(39) Using 1 workers of 1 for evacuation
[2020-09-11T13:14:41.592+0000][1][gc,age       ] GC(39) Desired survivor size 4358144 bytes, new threshold 6 (max threshold 6)
[2020-09-11T13:14:41.592+0000][1][gc,age       ] GC(39) Age table with threshold 6 (max threshold 6)
[2020-09-11T13:14:41.592+0000][1][gc,age       ] GC(39) - age   1:        360 bytes,        360 total
[2020-09-11T13:14:41.592+0000][1][gc,age       ] GC(39) - age   2:     381504 bytes,     381864 total
[2020-09-11T13:14:41.592+0000][1][gc,age       ] GC(39) - age   3:     333176 bytes,     715040 total
[2020-09-11T13:14:41.592+0000][1][gc,age       ] GC(39) - age   4:     922056 bytes,    1637096 total
[2020-09-11T13:14:41.592+0000][1][gc,age       ] GC(39) - age   5:     263792 bytes,    1900888 total
[2020-09-11T13:14:41.592+0000][1][gc,age       ] GC(39) - age   6:     297120 bytes,    2198008 total
[2020-09-11T13:14:41.592+0000][1][gc,heap      ] GC(39) ParNew: 70647K->2165K(76672K)
[2020-09-11T13:14:41.592+0000][1][gc,heap      ] GC(39) CMS: 46397K->46729K(439104K)
[2020-09-11T13:14:41.592+0000][1][gc,metaspace ] GC(39) Metaspace: 32451K->32451K(1079296K)
[2020-09-11T13:14:41.592+0000][1][gc           ] GC(39) Pause Young (Allocation Failure) 114M->47M(503M) 3.577ms
[2020-09-11T13:14:41.592+0000][1][gc,cpu       ] GC(39) User=0.00s Sys=0.00s Real=0.00s
[2020-09-11T13:14:41.592+0000][1][safepoint    ] Safepoint "GenCollectForAllocation", Time since last: 173238253 ns, Reaching safepoint: 152892 ns, At safepoint: 3634181 ns, Total: 3787073 ns
[2020-09-11T13:14:41.650+0000][1][gc,start     ] GC(40) Pause Young (Allocation Failure)
[2020-09-11T13:14:41.650+0000][1][gc,task      ] GC(40) Using 1 workers of 1 for evacuation
[2020-09-11T13:14:41.653+0000][1][gc,age       ] GC(40) Desired survivor size 4358144 bytes, new threshold 6 (max threshold 6)
[2020-09-11T13:14:41.653+0000][1][gc,age       ] GC(40) Age table with threshold 6 (max threshold 6)
[2020-09-11T13:14:41.653+0000][1][gc,age       ] GC(40) - age   1:         80 bytes,         80 total
[2020-09-11T13:14:41.653+0000][1][gc,age       ] GC(40) - age   2:        160 bytes,        240 total
[2020-09-11T13:14:41.653+0000][1][gc,age       ] GC(40) - age   3:     381504 bytes,     381744 total
[2020-09-11T13:14:41.653+0000][1][gc,age       ] GC(40) - age   4:     333176 bytes,     714920 total
[2020-09-11T13:14:41.653+0000][1][gc,age       ] GC(40) - age   5:     922056 bytes,    1636976 total
[2020-09-11T13:14:41.653+0000][1][gc,age       ] GC(40) - age   6:     263792 bytes,    1900768 total
[2020-09-11T13:14:41.653+0000][1][gc,heap      ] GC(40) ParNew: 70325K->1874K(76672K)
[2020-09-11T13:14:41.653+0000][1][gc,heap      ] GC(40) CMS: 46729K->47019K(439104K)
[2020-09-11T13:14:41.653+0000][1][gc,metaspace ] GC(40) Metaspace: 32451K->32451K(1079296K)
[2020-09-11T13:14:41.653+0000][1][gc           ] GC(40) Pause Young (Allocation Failure) 114M->47M(503M) 3.035ms
[2020-09-11T13:14:41.653+0000][1][gc,cpu       ] GC(40) User=0.00s Sys=0.00s Real=0.00s
[2020-09-11T13:14:41.653+0000][1][safepoint    ] Safepoint "GenCollectForAllocation", Time since last: 57743273 ns, Reaching safepoint: 146819 ns, At safepoint: 3087511 ns, Total: 3234330 ns
[2020-09-11T13:14:41.709+0000][1][gc,start     ] GC(41) Pause Young (Allocation Failure)
[2020-09-11T13:14:41.709+0000][1][gc,task      ] GC(41) Using 1 workers of 1 for evacuation
[2020-09-11T13:14:41.712+0000][1][gc,age       ] GC(41) Desired survivor size 4358144 bytes, new threshold 6 (max threshold 6)
[2020-09-11T13:14:41.712+0000][1][gc,age       ] GC(41) Age table with threshold 6 (max threshold 6)
[2020-09-11T13:14:41.712+0000][1][gc,age       ] GC(41) - age   1:        184 bytes,        184 total
[2020-09-11T13:14:41.712+0000][1][gc,age       ] GC(41) - age   3:        160 bytes,        344 total
[2020-09-11T13:14:41.712+0000][1][gc,age       ] GC(41) - age   4:     381504 bytes,     381848 total
[2020-09-11T13:14:41.712+0000][1][gc,age       ] GC(41) - age   5:     333176 bytes,     715024 total
[2020-09-11T13:14:41.712+0000][1][gc,age       ] GC(41) - age   6:     922056 bytes,    1637080 total
[2020-09-11T13:14:41.712+0000][1][gc,heap      ] GC(41) ParNew: 70034K->1615K(76672K)
[2020-09-11T13:14:41.712+0000][1][gc,heap      ] GC(41) CMS: 47019K->47277K(439104K)
[2020-09-11T13:14:41.712+0000][1][gc,metaspace ] GC(41) Metaspace: 32451K->32451K(1079296K)
[2020-09-11T13:14:41.712+0000][1][gc           ] GC(41) Pause Young (Allocation Failure) 114M->47M(503M) 3.184ms
[2020-09-11T13:14:41.712+0000][1][gc,cpu       ] GC(41) User=0.00s Sys=0.00s Real=0.00s
[2020-09-11T13:14:41.712+0000][1][safepoint    ] Safepoint "GenCollectForAllocation", Time since last: 54984370 ns, Reaching safepoint: 151222 ns, At safepoint: 3252757 ns, Total: 3403979 ns
[2020-09-11T13:14:41.773+0000][1][gc,start     ] GC(42) Pause Young (Allocation Failure)
[2020-09-11T13:14:41.773+0000][1][gc,task      ] GC(42) Using 1 workers of 1 for evacuation
[2020-09-11T13:14:41.776+0000][1][gc,age       ] GC(42) Desired survivor size 4358144 bytes, new threshold 6 (max threshold 6)
[2020-09-11T13:14:41.776+0000][1][gc,age       ] GC(42) Age table with threshold 6 (max threshold 6)
[2020-09-11T13:14:41.776+0000][1][gc,age       ] GC(42) - age   1:        176 bytes,        176 total
[2020-09-11T13:14:41.776+0000][1][gc,age       ] GC(42) - age   4:        160 bytes,        336 total
[2020-09-11T13:14:41.776+0000][1][gc,age       ] GC(42) - age   5:     381504 bytes,     381840 total
[2020-09-11T13:14:41.776+0000][1][gc,age       ] GC(42) - age   6:     333176 bytes,     715016 total
[2020-09-11T13:14:41.776+0000][1][gc,heap      ] GC(42) ParNew: 69775K->897K(76672K)
[2020-09-11T13:14:41.776+0000][1][gc,heap      ] GC(42) CMS: 47277K->48177K(439104K)
[2020-09-11T13:14:41.776+0000][1][gc,metaspace ] GC(42) Metaspace: 32451K->32451K(1079296K)
[2020-09-11T13:14:41.776+0000][1][gc           ] GC(42) Pause Young (Allocation Failure) 114M->47M(503M) 3.050ms
[2020-09-11T13:14:41.776+0000][1][gc,cpu       ] GC(42) User=0.00s Sys=0.00s Real=0.01s
[2020-09-11T13:14:41.776+0000][1][safepoint    ] Safepoint "GenCollectForAllocation", Time since last: 60846728 ns, Reaching safepoint: 150880 ns, At safepoint: 3110261 ns, Total: 3261141 ns
[2020-09-11T13:14:41.833+0000][1][gc,start     ] GC(43) Pause Young (Allocation Failure)
[2020-09-11T13:14:41.833+0000][1][gc,task      ] GC(43) Using 1 workers of 1 for evacuation
[2020-09-11T13:14:41.836+0000][1][gc,age       ] GC(43) Desired survivor size 4358144 bytes, new threshold 6 (max threshold 6)
[2020-09-11T13:14:41.836+0000][1][gc,age       ] GC(43) Age table with threshold 6 (max threshold 6)
[2020-09-11T13:14:41.836+0000][1][gc,age       ] GC(43) - age   1:        176 bytes,        176 total
[2020-09-11T13:14:41.836+0000][1][gc,age       ] GC(43) - age   5:        160 bytes,        336 total
[2020-09-11T13:14:41.836+0000][1][gc,age       ] GC(43) - age   6:     381504 bytes,     381840 total
[2020-09-11T13:14:41.836+0000][1][gc,heap      ] GC(43) ParNew: 69057K->635K(76672K)
[2020-09-11T13:14:41.836+0000][1][gc,heap      ] GC(43) CMS: 48177K->48502K(439104K)
[2020-09-11T13:14:41.836+0000][1][gc,metaspace ] GC(43) Metaspace: 32451K->32451K(1079296K)
[2020-09-11T13:14:41.836+0000][1][gc           ] GC(43) Pause Young (Allocation Failure) 114M->47M(503M) 2.888ms
[2020-09-11T13:14:41.836+0000][1][gc,cpu       ] GC(43) User=0.00s Sys=0.00s Real=0.01s
[2020-09-11T13:14:41.836+0000][1][safepoint    ] Safepoint "GenCollectForAllocation", Time since last: 56824014 ns, Reaching safepoint: 157178 ns, At safepoint: 2947357 ns, Total: 3104535 ns
[2020-09-11T13:14:41.894+0000][1][gc,start     ] GC(44) Pause Young (Allocation Failure)
[2020-09-11T13:14:41.894+0000][1][gc,task      ] GC(44) Using 1 workers of 1 for evacuation
[2020-09-11T13:14:41.896+0000][1][gc,age       ] GC(44) Desired survivor size 4358144 bytes, new threshold 6 (max threshold 6)
[2020-09-11T13:14:41.896+0000][1][gc,age       ] GC(44) Age table with threshold 6 (max threshold 6)
[2020-09-11T13:14:41.896+0000][1][gc,age       ] GC(44) - age   1:        440 bytes,        440 total
[2020-09-11T13:14:41.896+0000][1][gc,age       ] GC(44) - age   6:        160 bytes,        600 total
[2020-09-11T13:14:41.896+0000][1][gc,heap      ] GC(44) ParNew: 68795K->298K(76672K)
[2020-09-11T13:14:41.896+0000][1][gc,heap      ] GC(44) CMS: 48502K->48875K(439104K)
[2020-09-11T13:14:41.896+0000][1][gc,metaspace ] GC(44) Metaspace: 32451K->32451K(1079296K)
[2020-09-11T13:14:41.896+0000][1][gc           ] GC(44) Pause Young (Allocation Failure) 114M->48M(503M) 2.848ms
[2020-09-11T13:14:41.896+0000][1][gc,cpu       ] GC(44) User=0.00s Sys=0.00s Real=0.01s
[2020-09-11T13:14:41.896+0000][1][safepoint    ] Safepoint "GenCollectForAllocation", Time since last: 57504027 ns, Reaching safepoint: 147544 ns, At safepoint: 2913815 ns, Total: 3061359 ns
[2020-09-11T13:14:41.954+0000][1][gc,start     ] GC(45) Pause Young (Allocation Failure)
[2020-09-11T13:14:41.954+0000][1][gc,task      ] GC(45) Using 1 workers of 1 for evacuation
[2020-09-11T13:14:41.957+0000][1][gc,age       ] GC(45) Desired survivor size 4358144 bytes, new threshold 6 (max threshold 6)
[2020-09-11T13:14:41.957+0000][1][gc,age       ] GC(45) Age table with threshold 6 (max threshold 6)
[2020-09-11T13:14:41.957+0000][1][gc,age       ] GC(45) - age   1:        152 bytes,        152 total
[2020-09-11T13:14:41.957+0000][1][gc,age       ] GC(45) - age   2:        208 bytes,        360 total
[2020-09-11T13:14:41.957+0000][1][gc,heap      ] GC(45) ParNew: 68458K->74K(76672K)
[2020-09-11T13:14:41.957+0000][1][gc,heap      ] GC(45) CMS: 48875K->48876K(439104K)
[2020-09-11T13:14:41.957+0000][1][gc,metaspace ] GC(45) Metaspace: 32451K->32451K(1079296K)
[2020-09-11T13:14:41.957+0000][1][gc           ] GC(45) Pause Young (Allocation Failure) 114M->47M(503M) 2.465ms
[2020-09-11T13:14:41.957+0000][1][gc,cpu       ] GC(45) User=0.00s Sys=0.00s Real=0.01s
[2020-09-11T13:14:41.957+0000][1][safepoint    ] Safepoint "GenCollectForAllocation", Time since last: 57705170 ns, Reaching safepoint: 148932 ns, At safepoint: 2515467 ns, Total: 2664399 ns
[2020-09-11T13:14:42.014+0000][1][gc,start     ] GC(46) Pause Young (Allocation Failure)
[2020-09-11T13:14:42.014+0000][1][gc,task      ] GC(46) Using 1 workers of 1 for evacuation
[2020-09-11T13:14:42.017+0000][1][gc,age       ] GC(46) Desired survivor size 4358144 bytes, new threshold 6 (max threshold 6)
[2020-09-11T13:14:42.017+0000][1][gc,age       ] GC(46) Age table with threshold 6 (max threshold 6)
[2020-09-11T13:14:42.017+0000][1][gc,age       ] GC(46) - age   1:         40 bytes,         40 total
[2020-09-11T13:14:42.017+0000][1][gc,age       ] GC(46) - age   3:        208 bytes,        248 total
[2020-09-11T13:14:42.017+0000][1][gc,heap      ] GC(46) ParNew: 68234K->18K(76672K)
[2020-09-11T13:14:42.017+0000][1][gc,heap      ] GC(46) CMS: 48876K->48876K(439104K)
[2020-09-11T13:14:42.017+0000][1][gc,metaspace ] GC(46) Metaspace: 32451K->32451K(1079296K)
[2020-09-11T13:14:42.017+0000][1][gc           ] GC(46) Pause Young (Allocation Failure) 114M->47M(503M) 2.453ms
[2020-09-11T13:14:42.017+0000][1][gc,cpu       ] GC(46) User=0.00s Sys=0.00s Real=0.01s
[2020-09-11T13:14:42.017+0000][1][safepoint    ] Safepoint "GenCollectForAllocation", Time since last: 57450252 ns, Reaching safepoint: 148159 ns, At safepoint: 2505855 ns, Total: 2654014 ns
[2020-09-11T13:14:42.073+0000][1][gc,start     ] GC(47) Pause Young (Allocation Failure)
[2020-09-11T13:14:42.073+0000][1][gc,task      ] GC(47) Using 1 workers of 1 for evacuation
[2020-09-11T13:14:42.075+0000][1][gc,age       ] GC(47) Desired survivor size 4358144 bytes, new threshold 6 (max threshold 6)
[2020-09-11T13:14:42.075+0000][1][gc,age       ] GC(47) Age table with threshold 6 (max threshold 6)
[2020-09-11T13:14:42.075+0000][1][gc,age       ] GC(47) - age   1:        168 bytes,        168 total
[2020-09-11T13:14:42.075+0000][1][gc,age       ] GC(47) - age   4:        208 bytes,        376 total
[2020-09-11T13:14:42.075+0000][1][gc,heap      ] GC(47) ParNew: 68178K->4K(76672K)
[2020-09-11T13:14:42.075+0000][1][gc,heap      ] GC(47) CMS: 48876K->48876K(439104K)
[2020-09-11T13:14:42.075+0000][1][gc,metaspace ] GC(47) Metaspace: 32451K->32451K(1079296K)
[2020-09-11T13:14:42.075+0000][1][gc           ] GC(47) Pause Young (Allocation Failure) 114M->47M(503M) 2.427ms
[2020-09-11T13:14:42.075+0000][1][gc,cpu       ] GC(47) User=0.01s Sys=0.00s Real=0.00s
[2020-09-11T13:14:42.075+0000][1][safepoint    ] Safepoint "GenCollectForAllocation", Time since last: 55549020 ns, Reaching safepoint: 146078 ns, At safepoint: 2489990 ns, Total: 2636068 ns
[2020-09-11T13:14:42.186+0000][1][safepoint    ] Safepoint "ICBufferFull", Time since last: 110259326 ns, Reaching safepoint: 230849 ns, At safepoint: 9341 ns, Total: 240190 ns
[2020-09-11T13:14:42.942+0000][1][gc,start     ] GC(48) Pause Young (Allocation Failure)
[2020-09-11T13:14:42.942+0000][1][gc,task      ] GC(48) Using 1 workers of 1 for evacuation
[2020-09-11T13:14:42.945+0000][1][gc,age       ] GC(48) Desired survivor size 4358144 bytes, new threshold 6 (max threshold 6)
[2020-09-11T13:14:42.945+0000][1][gc,age       ] GC(48) Age table with threshold 6 (max threshold 6)
[2020-09-11T13:14:42.945+0000][1][gc,age       ] GC(48) - age   1:     110496 bytes,     110496 total
[2020-09-11T13:14:42.945+0000][1][gc,age       ] GC(48) - age   5:        208 bytes,     110704 total
[2020-09-11T13:14:42.945+0000][1][gc,heap      ] GC(48) ParNew: 68164K->110K(76672K)
[2020-09-11T13:14:42.945+0000][1][gc,heap      ] GC(48) CMS: 48876K->48876K(439104K)
[2020-09-11T13:14:42.945+0000][1][gc,metaspace ] GC(48) Metaspace: 32453K->32453K(1079296K)
[2020-09-11T13:14:42.945+0000][1][gc           ] GC(48) Pause Young (Allocation Failure) 114M->47M(503M) 2.861ms
[2020-09-11T13:14:42.945+0000][1][gc,cpu       ] GC(48) User=0.00s Sys=0.00s Real=0.01s
[2020-09-11T13:14:42.945+0000][1][safepoint    ] Safepoint "GenCollectForAllocation", Time since last: 756221042 ns, Reaching safepoint: 126806 ns, At safepoint: 2912189 ns, Total: 3038995 ns
[2020-09-11T13:14:43.135+0000][1][gc,start     ] GC(49) Pause Young (Allocation Failure)
[2020-09-11T13:14:43.136+0000][1][gc,task      ] GC(49) Using 1 workers of 1 for evacuation
[2020-09-11T13:14:43.139+0000][1][gc,age       ] GC(49) Desired survivor size 4358144 bytes, new threshold 6 (max threshold 6)
[2020-09-11T13:14:43.139+0000][1][gc,age       ] GC(49) Age table with threshold 6 (max threshold 6)
[2020-09-11T13:14:43.139+0000][1][gc,age       ] GC(49) - age   1:     547592 bytes,     547592 total
[2020-09-11T13:14:43.139+0000][1][gc,age       ] GC(49) - age   2:      47520 bytes,     595112 total
[2020-09-11T13:14:43.139+0000][1][gc,age       ] GC(49) - age   6:        208 bytes,     595320 total
[2020-09-11T13:14:43.139+0000][1][gc,heap      ] GC(49) ParNew: 68270K->595K(76672K)
[2020-09-11T13:14:43.139+0000][1][gc,heap      ] GC(49) CMS: 48876K->48876K(439104K)
[2020-09-11T13:14:43.139+0000][1][gc,metaspace ] GC(49) Metaspace: 32453K->32453K(1079296K)
[2020-09-11T13:14:43.139+0000][1][gc           ] GC(49) Pause Young (Allocation Failure) 114M->48M(503M) 3.125ms
[2020-09-11T13:14:43.139+0000][1][gc,cpu       ] GC(49) User=0.01s Sys=0.00s Real=0.00s
[2020-09-11T13:14:43.139+0000][1][safepoint    ] Safepoint "GenCollectForAllocation", Time since last: 190519172 ns, Reaching safepoint: 135967 ns, At safepoint: 3178910 ns, Total: 3314877 ns
[2020-09-11T13:14:43.259+0000][1][gc,start     ] GC(50) Pause Young (Allocation Failure)
[2020-09-11T13:14:43.259+0000][1][gc,task      ] GC(50) Using 1 workers of 1 for evacuation
[2020-09-11T13:14:43.262+0000][1][gc,age       ] GC(50) Desired survivor size 4358144 bytes, new threshold 6 (max threshold 6)
[2020-09-11T13:14:43.262+0000][1][gc,age       ] GC(50) Age table with threshold 6 (max threshold 6)
[2020-09-11T13:14:43.262+0000][1][gc,age       ] GC(50) - age   1:     645480 bytes,     645480 total
[2020-09-11T13:14:43.262+0000][1][gc,age       ] GC(50) - age   2:     376136 bytes,    1021616 total
[2020-09-11T13:14:43.262+0000][1][gc,age       ] GC(50) - age   3:      46992 bytes,    1068608 total
[2020-09-11T13:14:43.262+0000][1][gc,heap      ] GC(50) ParNew: 68755K->1076K(76672K)
[2020-09-11T13:14:43.262+0000][1][gc,heap      ] GC(50) CMS: 48876K->48876K(439104K)
[2020-09-11T13:14:43.262+0000][1][gc,metaspace ] GC(50) Metaspace: 32453K->32453K(1079296K)
[2020-09-11T13:14:43.262+0000][1][gc           ] GC(50) Pause Young (Allocation Failure) 114M->48M(503M) 2.868ms
[2020-09-11T13:14:43.262+0000][1][gc,cpu       ] GC(50) User=0.00s Sys=0.00s Real=0.00s
[2020-09-11T13:14:43.262+0000][1][safepoint    ] Safepoint "GenCollectForAllocation", Time since last: 120233642 ns, Reaching safepoint: 152642 ns, At safepoint: 2918007 ns, Total: 3070649 ns
[2020-09-11T13:14:43.353+0000][1][gc,start     ] GC(51) Pause Young (Allocation Failure)
[2020-09-11T13:14:43.353+0000][1][gc,task      ] GC(51) Using 1 workers of 1 for evacuation
[2020-09-11T13:14:43.356+0000][1][gc,age       ] GC(51) Desired survivor size 4358144 bytes, new threshold 6 (max threshold 6)
[2020-09-11T13:14:43.356+0000][1][gc,age       ] GC(51) Age table with threshold 6 (max threshold 6)
[2020-09-11T13:14:43.356+0000][1][gc,age       ] GC(51) - age   1:     314904 bytes,     314904 total
[2020-09-11T13:14:43.356+0000][1][gc,age       ] GC(51) - age   2:     627960 bytes,     942864 total
[2020-09-11T13:14:43.356+0000][1][gc,age       ] GC(51) - age   3:     375048 bytes,    1317912 total
[2020-09-11T13:14:43.356+0000][1][gc,age       ] GC(51) - age   4:      46952 bytes,    1364864 total
[2020-09-11T13:14:43.356+0000][1][gc,heap      ] GC(51) ParNew: 69236K->1360K(76672K)
[2020-09-11T13:14:43.356+0000][1][gc,heap      ] GC(51) CMS: 48876K->48876K(439104K)
[2020-09-11T13:14:43.356+0000][1][gc,metaspace ] GC(51) Metaspace: 32453K->32453K(1079296K)
[2020-09-11T13:14:43.356+0000][1][gc           ] GC(51) Pause Young (Allocation Failure) 115M->49M(503M) 3.015ms
[2020-09-11T13:14:43.356+0000][1][gc,cpu       ] GC(51) User=0.01s Sys=0.00s Real=0.01s
[2020-09-11T13:14:43.356+0000][1][safepoint    ] Safepoint "GenCollectForAllocation", Time since last: 90895627 ns, Reaching safepoint: 147763 ns, At safepoint: 3065543 ns, Total: 3213306 ns
[2020-09-11T13:14:43.493+0000][1][gc,start     ] GC(52) Pause Young (Allocation Failure)
[2020-09-11T13:14:43.493+0000][1][gc,task      ] GC(52) Using 1 workers of 1 for evacuation
[2020-09-11T13:14:43.496+0000][1][gc,age       ] GC(52) Desired survivor size 4358144 bytes, new threshold 6 (max threshold 6)
[2020-09-11T13:14:43.496+0000][1][gc,age       ] GC(52) Age table with threshold 6 (max threshold 6)
[2020-09-11T13:14:43.496+0000][1][gc,age       ] GC(52) - age   1:     963432 bytes,     963432 total
[2020-09-11T13:14:43.496+0000][1][gc,age       ] GC(52) - age   2:     302856 bytes,    1266288 total
[2020-09-11T13:14:43.496+0000][1][gc,age       ] GC(52) - age   3:     299712 bytes,    1566000 total
[2020-09-11T13:14:43.496+0000][1][gc,age       ] GC(52) - age   4:     374888 bytes,    1940888 total
[2020-09-11T13:14:43.496+0000][1][gc,age       ] GC(52) - age   5:      46952 bytes,    1987840 total
[2020-09-11T13:14:43.496+0000][1][gc,heap      ] GC(52) ParNew: 69520K->2003K(76672K)
[2020-09-11T13:14:43.496+0000][1][gc,heap      ] GC(52) CMS: 48876K->48876K(439104K)
[2020-09-11T13:14:43.496+0000][1][gc,metaspace ] GC(52) Metaspace: 32453K->32453K(1079296K)
[2020-09-11T13:14:43.496+0000][1][gc           ] GC(52) Pause Young (Allocation Failure) 115M->49M(503M) 3.001ms
[2020-09-11T13:14:43.496+0000][1][gc,cpu       ] GC(52) User=0.01s Sys=0.00s Real=0.01s
[2020-09-11T13:14:43.496+0000][1][safepoint    ] Safepoint "GenCollectForAllocation", Time since last: 136396948 ns, Reaching safepoint: 204174 ns, At safepoint: 3060148 ns, Total: 3264322 ns
[2020-09-11T13:14:43.692+0000][1][gc,start     ] GC(53) Pause Young (Allocation Failure)
[2020-09-11T13:14:43.692+0000][1][gc,task      ] GC(53) Using 1 workers of 1 for evacuation
[2020-09-11T13:14:43.695+0000][1][gc,age       ] GC(53) Desired survivor size 4358144 bytes, new threshold 6 (max threshold 6)
[2020-09-11T13:14:43.695+0000][1][gc,age       ] GC(53) Age table with threshold 6 (max threshold 6)
[2020-09-11T13:14:43.695+0000][1][gc,age       ] GC(53) - age   1:     314800 bytes,     314800 total
[2020-09-11T13:14:43.695+0000][1][gc,age       ] GC(53) - age   2:     951632 bytes,    1266432 total
[2020-09-11T13:14:43.695+0000][1][gc,age       ] GC(53) - age   3:     298496 bytes,    1564928 total
[2020-09-11T13:14:43.695+0000][1][gc,age       ] GC(53) - age   4:     299072 bytes,    1864000 total
[2020-09-11T13:14:43.695+0000][1][gc,age       ] GC(53) - age   5:     374712 bytes,    2238712 total
[2020-09-11T13:14:43.695+0000][1][gc,age       ] GC(53) - age   6:      46952 bytes,    2285664 total
[2020-09-11T13:14:43.695+0000][1][gc,heap      ] GC(53) ParNew: 70163K->2324K(76672K)
[2020-09-11T13:14:43.695+0000][1][gc,heap      ] GC(53) CMS: 48876K->48876K(439104K)
[2020-09-11T13:14:43.695+0000][1][gc,metaspace ] GC(53) Metaspace: 32453K->32453K(1079296K)
[2020-09-11T13:14:43.695+0000][1][gc           ] GC(53) Pause Young (Allocation Failure) 116M->50M(503M) 3.114ms
[2020-09-11T13:14:43.695+0000][1][gc,cpu       ] GC(53) User=0.00s Sys=0.00s Real=0.00s
[2020-09-11T13:14:43.696+0000][1][safepoint    ] Safepoint "GenCollectForAllocation", Time since last: 195689080 ns, Reaching safepoint: 112217 ns, At safepoint: 4029942 ns, Total: 4142159 ns
[2020-09-11T13:14:44.112+0000][1][safepoint    ] Safepoint "Deoptimize", Time since last: 416387665 ns, Reaching safepoint: 110479 ns, At safepoint: 316846 ns, Total: 427325 ns
[2020-09-11T13:14:44.216+0000][1][safepoint    ] Safepoint "CollectForMetadataAllocation", Time since last: 103086399 ns, Reaching safepoint: 156403 ns, At safepoint: 76274 ns, Total: 232677 ns
[2020-09-11T13:14:44.265+0000][1][safepoint    ] Safepoint "CollectForMetadataAllocation", Time since last: 48582150 ns, Reaching safepoint: 152307 ns, At safepoint: 128744 ns, Total: 281051 ns
[2020-09-11T13:14:44.278+0000][1][safepoint    ] Safepoint "CollectForMetadataAllocation", Time since last: 13205314 ns, Reaching safepoint: 140711 ns, At safepoint: 113471 ns, Total: 254182 ns
[2020-09-11T13:14:44.299+0000][1][safepoint    ] Safepoint "CollectForMetadataAllocation", Time since last: 20948855 ns, Reaching safepoint: 150782 ns, At safepoint: 120809 ns, Total: 271591 ns
[2020-09-11T13:14:44.324+0000][1][safepoint    ] Safepoint "CollectForMetadataAllocation", Time since last: 24176931 ns, Reaching safepoint: 96899 ns, At safepoint: 121630 ns, Total: 218529 ns
[2020-09-11T13:14:44.327+0000][1][gc,start     ] GC(54) Pause Young (Allocation Failure)
[2020-09-11T13:14:44.327+0000][1][gc,task      ] GC(54) Using 1 workers of 1 for evacuation
[2020-09-11T13:14:44.336+0000][1][gc,age       ] GC(54) Desired survivor size 4358144 bytes, new threshold 6 (max threshold 6)
[2020-09-11T13:14:44.336+0000][1][gc,age       ] GC(54) Age table with threshold 6 (max threshold 6)
[2020-09-11T13:14:44.336+0000][1][gc,age       ] GC(54) - age   1:    1319296 bytes,    1319296 total
[2020-09-11T13:14:44.336+0000][1][gc,age       ] GC(54) - age   2:     301544 bytes,    1620840 total
[2020-09-11T13:14:44.336+0000][1][gc,age       ] GC(54) - age   3:     951288 bytes,    2572128 total
[2020-09-11T13:14:44.336+0000][1][gc,age       ] GC(54) - age   4:     297872 bytes,    2870000 total
[2020-09-11T13:14:44.336+0000][1][gc,age       ] GC(54) - age   5:     298664 bytes,    3168664 total
[2020-09-11T13:14:44.336+0000][1][gc,age       ] GC(54) - age   6:     374472 bytes,    3543136 total
[2020-09-11T13:14:44.336+0000][1][gc,heap      ] GC(54) ParNew: 70484K->3584K(76672K)
[2020-09-11T13:14:44.336+0000][1][gc,heap      ] GC(54) CMS: 48876K->48919K(439104K)
[2020-09-11T13:14:44.336+0000][1][gc,metaspace ] GC(54) Metaspace: 35676K->35676K(1083392K)
[2020-09-11T13:14:44.336+0000][1][gc           ] GC(54) Pause Young (Allocation Failure) 116M->51M(503M) 9.459ms
[2020-09-11T13:14:44.336+0000][1][gc,cpu       ] GC(54) User=0.01s Sys=0.00s Real=0.01s
[2020-09-11T13:14:44.343+0000][1][safepoint    ] Safepoint "GenCollectForAllocation", Time since last: 3035403 ns, Reaching safepoint: 93123 ns, At safepoint: 16664259 ns, Total: 16757382 ns
[2020-09-11T13:14:44.348+0000][1][gc,start     ] GC(55) Pause Initial Mark
[2020-09-11T13:14:44.349+0000][1][gc           ] GC(55) Pause Initial Mark 52M->52M(503M) 1.495ms
[2020-09-11T13:14:44.349+0000][1][gc,cpu       ] GC(55) User=0.00s Sys=0.00s Real=0.00s
[2020-09-11T13:14:44.349+0000][1][safepoint    ] Safepoint "CMS_Initial_Mark", Time since last: 4291735 ns, Reaching safepoint: 141689 ns, At safepoint: 1547632 ns, Total: 1689321 ns
[2020-09-11T13:14:44.352+0000][1][gc           ] GC(55) Concurrent Mark
[2020-09-11T13:14:44.416+0000][1][safepoint    ] Safepoint "CollectForMetadataAllocation", Time since last: 66018071 ns, Reaching safepoint: 39264 ns, At safepoint: 115374 ns, Total: 154638 ns
[2020-09-11T13:14:44.497+0000][1][gc           ] GC(55) Concurrent Mark 145.738ms
[2020-09-11T13:14:44.497+0000][1][gc,cpu       ] GC(55) User=0.14s Sys=0.00s Real=0.15s
[2020-09-11T13:14:44.497+0000][1][gc           ] GC(55) Concurrent Preclean
[2020-09-11T13:14:44.504+0000][1][gc           ] GC(55) Concurrent Preclean 6.615ms
[2020-09-11T13:14:44.504+0000][1][gc,cpu       ] GC(55) User=0.01s Sys=0.00s Real=0.01s
[2020-09-11T13:14:44.504+0000][1][gc           ] GC(55) Concurrent Abortable Preclean
[2020-09-11T13:14:44.605+0000][1][gc,start     ] GC(56) Pause Young (Allocation Failure)
[2020-09-11T13:14:44.605+0000][1][gc,task      ] GC(56) Using 1 workers of 1 for evacuation
[2020-09-11T13:14:44.612+0000][1][gc,age       ] GC(56) Desired survivor size 4358144 bytes, new threshold 6 (max threshold 6)
[2020-09-11T13:14:44.612+0000][1][gc,age       ] GC(56) Age table with threshold 6 (max threshold 6)
[2020-09-11T13:14:44.612+0000][1][gc,age       ] GC(56) - age   1:     330448 bytes,     330448 total
[2020-09-11T13:14:44.612+0000][1][gc,age       ] GC(56) - age   2:    1217760 bytes,    1548208 total
[2020-09-11T13:14:44.612+0000][1][gc,age       ] GC(56) - age   3:     301544 bytes,    1849752 total
[2020-09-11T13:14:44.612+0000][1][gc,age       ] GC(56) - age   4:     951288 bytes,    2801040 total
[2020-09-11T13:14:44.612+0000][1][gc,age       ] GC(56) - age   5:     297872 bytes,    3098912 total
[2020-09-11T13:14:44.612+0000][1][gc,age       ] GC(56) - age   6:     298664 bytes,    3397576 total
[2020-09-11T13:14:44.612+0000][1][gc,heap      ] GC(56) ParNew: 71744K->3616K(76672K)
[2020-09-11T13:14:44.612+0000][1][gc,heap      ] GC(56) CMS: 48919K->49285K(439104K)
[2020-09-11T13:14:44.612+0000][1][gc,metaspace ] GC(56) Metaspace: 36232K->36232K(1083392K)
[2020-09-11T13:14:44.612+0000][1][gc           ] GC(56) Pause Young (Allocation Failure) 117M->51M(503M) 6.997ms
[2020-09-11T13:14:44.612+0000][1][gc,cpu       ] GC(56) User=0.01s Sys=0.00s Real=0.00s
[2020-09-11T13:14:44.623+0000][1][safepoint    ] Safepoint "GenCollectForAllocation", Time since last: 189679084 ns, Reaching safepoint: 113000 ns, At safepoint: 18026433 ns, Total: 18139433 ns
[2020-09-11T13:14:44.696+0000][1][safepoint    ] Safepoint "CollectForMetadataAllocation", Time since last: 72681897 ns, Reaching safepoint: 124445 ns, At safepoint: 128540 ns, Total: 252985 ns
[2020-09-11T13:14:45.035+0000][1][safepoint    ] Safepoint "CollectForMetadataAllocation", Time since last: 338666258 ns, Reaching safepoint: 185275 ns, At safepoint: 123222 ns, Total: 308497 ns
[2020-09-11T13:14:45.035+0000][1][gc           ] GC(55) Concurrent Abortable Preclean 531.365ms
[2020-09-11T13:14:45.035+0000][1][gc,cpu       ] GC(55) User=0.47s Sys=0.01s Real=0.53s
[2020-09-11T13:14:45.036+0000][1][gc,start     ] GC(55) Pause Remark
[2020-09-11T13:14:45.057+0000][1][gc           ] GC(55) Pause Remark 91M->91M(503M) 20.939ms
[2020-09-11T13:14:45.057+0000][1][gc,cpu       ] GC(55) User=0.02s Sys=0.00s Real=0.02s
[2020-09-11T13:14:45.067+0000][1][safepoint    ] Safepoint "CMS_Final_Remark", Time since last: 127680 ns, Reaching safepoint: 214359 ns, At safepoint: 31756344 ns, Total: 31970703 ns
[2020-09-11T13:14:45.067+0000][1][gc           ] GC(55) Concurrent Sweep
[2020-09-11T13:14:45.098+0000][1][gc           ] GC(55) Concurrent Sweep 30.600ms
[2020-09-11T13:14:45.098+0000][1][gc,cpu       ] GC(55) User=0.03s Sys=0.00s Real=0.03s
[2020-09-11T13:14:45.098+0000][1][gc           ] GC(55) Concurrent Reset
[2020-09-11T13:14:45.099+0000][1][gc           ] GC(55) Concurrent Reset 0.631ms
[2020-09-11T13:14:45.099+0000][1][gc,cpu       ] GC(55) User=0.00s Sys=0.00s Real=0.00s
[2020-09-11T13:14:45.099+0000][1][gc,heap      ] GC(55) Old: 48919K->48206K(439104K)
[2020-09-11T13:14:45.114+0000][1][safepoint    ] Safepoint "RevokeBias", Time since last: 46594064 ns, Reaching safepoint: 402439 ns, At safepoint: 35562 ns, Total: 438001 ns
[2020-09-11T13:14:45.732+0000][1][gc,start     ] GC(57) Pause Young (Allocation Failure)
[2020-09-11T13:14:45.732+0000][1][gc,task      ] GC(57) Using 1 workers of 1 for evacuation
[2020-09-11T13:14:45.756+0000][1][gc,age       ] GC(57) Desired survivor size 4358144 bytes, new threshold 5 (max threshold 6)
[2020-09-11T13:14:45.756+0000][1][gc,age       ] GC(57) Age table with threshold 5 (max threshold 6)
[2020-09-11T13:14:45.756+0000][1][gc,age       ] GC(57) - age   1:    2545920 bytes,    2545920 total
[2020-09-11T13:14:45.756+0000][1][gc,age       ] GC(57) - age   2:     285096 bytes,    2831016 total
[2020-09-11T13:14:45.756+0000][1][gc,age       ] GC(57) - age   3:    1215176 bytes,    4046192 total
[2020-09-11T13:14:45.756+0000][1][gc,age       ] GC(57) - age   4:     301544 bytes,    4347736 total
[2020-09-11T13:14:45.756+0000][1][gc,age       ] GC(57) - age   5:     951288 bytes,    5299024 total
[2020-09-11T13:14:45.756+0000][1][gc,age       ] GC(57) - age   6:     297872 bytes,    5596896 total
[2020-09-11T13:14:45.756+0000][1][gc,heap      ] GC(57) ParNew: 71776K->7361K(76672K)
[2020-09-11T13:14:45.756+0000][1][gc,heap      ] GC(57) CMS: 48206K->48498K(439104K)
[2020-09-11T13:14:45.756+0000][1][gc,metaspace ] GC(57) Metaspace: 41451K->41451K(1087488K)
[2020-09-11T13:14:45.756+0000][1][gc           ] GC(57) Pause Young (Allocation Failure) 117M->54M(503M) 24.538ms
[2020-09-11T13:14:45.756+0000][1][gc,cpu       ] GC(57) User=0.02s Sys=0.00s Real=0.03s
[2020-09-11T13:14:45.759+0000][1][safepoint    ] Safepoint "GenCollectForAllocation", Time since last: 616999832 ns, Reaching safepoint: 237976 ns, At safepoint: 27749942 ns, Total: 27987918 ns
[2020-09-11T13:14:45.892+0000][1][safepoint    ] Safepoint "RevokeBias", Time since last: 131980982 ns, Reaching safepoint: 95443 ns, At safepoint: 29065 ns, Total: 124508 ns
[2020-09-11T13:14:46.356+0000][1][safepoint    ] Safepoint "RevokeBias", Time since last: 464158943 ns, Reaching safepoint: 107287 ns, At safepoint: 26513 ns, Total: 133800 ns
[2020-09-11T13:14:46.356+0000][1][safepoint    ] Safepoint "RevokeBias", Time since last: 101939 ns, Reaching safepoint: 81473 ns, At safepoint: 22650 ns, Total: 104123 ns
[2020-09-11T13:14:46.356+0000][1][safepoint    ] Safepoint "RevokeBias", Time since last: 44801 ns, Reaching safepoint: 79658 ns, At safepoint: 18519 ns, Total: 98177 ns
[2020-09-11T13:14:47.357+0000][1][safepoint    ] Safepoint "Cleanup", Time since last: 1000083082 ns, Reaching safepoint: 512988 ns, At safepoint: 7503 ns, Total: 520491 ns
[2020-09-11T13:14:49.360+0000][1][safepoint    ] Safepoint "Cleanup", Time since last: 2000187888 ns, Reaching safepoint: 3192215 ns, At safepoint: 6792 ns, Total: 3199007 ns
[2020-09-11T13:14:49.458+0000][1][gc,start     ] GC(58) Pause Young (Allocation Failure)
[2020-09-11T13:14:49.458+0000][1][gc,task      ] GC(58) Using 1 workers of 1 for evacuation
[2020-09-11T13:14:49.494+0000][1][gc,age       ] GC(58) Desired survivor size 4358144 bytes, new threshold 2 (max threshold 6)
[2020-09-11T13:14:49.494+0000][1][gc,age       ] GC(58) Age table with threshold 2 (max threshold 6)
[2020-09-11T13:14:49.494+0000][1][gc,age       ] GC(58) - age   1:    2847696 bytes,    2847696 total
[2020-09-11T13:14:49.494+0000][1][gc,age       ] GC(58) - age   2:    2484024 bytes,    5331720 total
[2020-09-11T13:14:49.494+0000][1][gc,age       ] GC(58) - age   3:     284952 bytes,    5616672 total
[2020-09-11T13:14:49.494+0000][1][gc,age       ] GC(58) - age   4:    1213568 bytes,    6830240 total
[2020-09-11T13:14:49.494+0000][1][gc,age       ] GC(58) - age   5:     301544 bytes,    7131784 total
[2020-09-11T13:14:49.494+0000][1][gc,heap      ] GC(58) ParNew: 75521K->8305K(76672K)
[2020-09-11T13:14:49.494+0000][1][gc,heap      ] GC(58) CMS: 48498K->49718K(439104K)
[2020-09-11T13:14:49.494+0000][1][gc,metaspace ] GC(58) Metaspace: 47691K->47691K(1093632K)
[2020-09-11T13:14:49.494+0000][1][gc           ] GC(58) Pause Young (Allocation Failure) 121M->56M(503M) 36.116ms
[2020-09-11T13:14:49.494+0000][1][gc,cpu       ] GC(58) User=0.03s Sys=0.00s Real=0.03s
[2020-09-11T13:14:49.499+0000][1][safepoint    ] Safepoint "GenCollectForAllocation", Time since last: 97741755 ns, Reaching safepoint: 119061 ns, At safepoint: 41412428 ns, Total: 41531489 ns
[2020-09-11T13:14:49.588+0000][1][safepoint    ] Safepoint "RevokeBias", Time since last: 88544530 ns, Reaching safepoint: 107421 ns, At safepoint: 33424 ns, Total: 140845 ns
[2020-09-11T13:14:49.602+0000][1][safepoint    ] Safepoint "RevokeBias", Time since last: 13435459 ns, Reaching safepoint: 173336 ns, At safepoint: 44483 ns, Total: 217819 ns
[2020-09-11T13:14:49.628+0000][1][safepoint    ] Safepoint "RevokeBias", Time since last: 26145274 ns, Reaching safepoint: 98745 ns, At safepoint: 36966 ns, Total: 135711 ns
[2020-09-11T13:14:49.875+0000][1][safepoint    ] Safepoint "RevokeBias", Time since last: 246775250 ns, Reaching safepoint: 354433 ns, At safepoint: 41261 ns, Total: 395694 ns
[2020-09-11T13:14:49.875+0000][1][safepoint    ] Safepoint "RevokeBias", Time since last: 88138 ns, Reaching safepoint: 104302 ns, At safepoint: 30898 ns, Total: 135200 ns
[2020-09-11T13:14:49.876+0000][1][safepoint    ] Safepoint "RevokeBias", Time since last: 144735 ns, Reaching safepoint: 89691 ns, At safepoint: 26322 ns, Total: 116013 ns
[2020-09-11T13:14:49.876+0000][1][safepoint    ] Safepoint "RevokeBias", Time since last: 42433 ns, Reaching safepoint: 84344 ns, At safepoint: 22914 ns, Total: 107258 ns
[2020-09-11T13:14:49.958+0000][1][safepoint    ] Safepoint "RevokeBias", Time since last: 78530450 ns, Reaching safepoint: 3173748 ns, At safepoint: 38720 ns, Total: 3212468 ns
[2020-09-11T13:14:49.958+0000][1][safepoint    ] Safepoint "RevokeBias", Time since last: 660043 ns, Reaching safepoint: 99823 ns, At safepoint: 30660 ns, Total: 130483 ns
[2020-09-11T13:14:49.959+0000][1][safepoint    ] Safepoint "RevokeBias", Time since last: 130828 ns, Reaching safepoint: 92608 ns, At safepoint: 25581 ns, Total: 118189 ns
[2020-09-11T13:14:49.959+0000][1][safepoint    ] Safepoint "RevokeBias", Time since last: 440596 ns, Reaching safepoint: 91772 ns, At safepoint: 24929 ns, Total: 116701 ns
[2020-09-11T13:14:49.960+0000][1][safepoint    ] Safepoint "RevokeBias", Time since last: 566800 ns, Reaching safepoint: 92716 ns, At safepoint: 33042 ns, Total: 125758 ns
[2020-09-11T13:14:49.961+0000][1][safepoint    ] Safepoint "RevokeBias", Time since last: 844680 ns, Reaching safepoint: 98459 ns, At safepoint: 30152 ns, Total: 128611 ns
[2020-09-11T13:14:49.968+0000][1][safepoint    ] Safepoint "RevokeBias", Time since last: 3765040 ns, Reaching safepoint: 3165694 ns, At safepoint: 37245 ns, Total: 3202939 ns
[2020-09-11T13:14:49.968+0000][1][safepoint    ] Safepoint "RevokeBias", Time since last: 367767 ns, Reaching safepoint: 107781 ns, At safepoint: 37579 ns, Total: 145360 ns
[2020-09-11T13:14:49.969+0000][1][safepoint    ] Safepoint "RevokeBias", Time since last: 45796 ns, Reaching safepoint: 92631 ns, At safepoint: 32054 ns, Total: 124685 ns
[2020-09-11T13:14:49.969+0000][1][safepoint    ] Safepoint "RevokeBias", Time since last: 34814 ns, Reaching safepoint: 88672 ns, At safepoint: 28499 ns, Total: 117171 ns
[2020-09-11T13:14:49.969+0000][1][safepoint    ] Safepoint "RevokeBias", Time since last: 32307 ns, Reaching safepoint: 87608 ns, At safepoint: 30600 ns, Total: 118208 ns
[2020-09-11T13:14:49.969+0000][1][safepoint    ] Safepoint "RevokeBias", Time since last: 30851 ns, Reaching safepoint: 86767 ns, At safepoint: 29667 ns, Total: 116434 ns
[2020-09-11T13:14:49.969+0000][1][safepoint    ] Safepoint "RevokeBias", Time since last: 29953 ns, Reaching safepoint: 85697 ns, At safepoint: 27849 ns, Total: 113546 ns
[2020-09-11T13:14:49.969+0000][1][safepoint    ] Safepoint "RevokeBias", Time since last: 31875 ns, Reaching safepoint: 85249 ns, At safepoint: 25205 ns, Total: 110454 ns
[2020-09-11T13:14:49.969+0000][1][safepoint    ] Safepoint "RevokeBias", Time since last: 28762 ns, Reaching safepoint: 85048 ns, At safepoint: 24693 ns, Total: 109741 ns
[2020-09-11T13:14:49.970+0000][1][safepoint    ] Safepoint "RevokeBias", Time since last: 28949 ns, Reaching safepoint: 83806 ns, At safepoint: 24136 ns, Total: 107942 ns
[2020-09-11T13:14:49.970+0000][1][safepoint    ] Safepoint "RevokeBias", Time since last: 28939 ns, Reaching safepoint: 84403 ns, At safepoint: 26363 ns, Total: 110766 ns
[2020-09-11T13:14:49.970+0000][1][safepoint    ] Safepoint "RevokeBias", Time since last: 40718 ns, Reaching safepoint: 84644 ns, At safepoint: 27759 ns, Total: 112403 ns
[2020-09-11T13:14:49.970+0000][1][safepoint    ] Safepoint "RevokeBias", Time since last: 28599 ns, Reaching safepoint: 83823 ns, At safepoint: 25076 ns, Total: 108899 ns
[2020-09-11T13:14:49.970+0000][1][safepoint    ] Safepoint "RevokeBias", Time since last: 67164 ns, Reaching safepoint: 86798 ns, At safepoint: 24993 ns, Total: 111791 ns
[2020-09-11T13:14:49.970+0000][1][safepoint    ] Safepoint "RevokeBias", Time since last: 39992 ns, Reaching safepoint: 84682 ns, At safepoint: 24756 ns, Total: 109438 ns
[2020-09-11T13:14:49.972+0000][1][safepoint    ] Safepoint "RevokeBias", Time since last: 1134667 ns, Reaching safepoint: 88130 ns, At safepoint: 33723 ns, Total: 121853 ns
[2020-09-11T13:14:49.972+0000][1][safepoint    ] Safepoint "RevokeBias", Time since last: 70357 ns, Reaching safepoint: 85435 ns, At safepoint: 30189 ns, Total: 115624 ns
[2020-09-11T13:14:49.972+0000][1][safepoint    ] Safepoint "RevokeBias", Time since last: 132097 ns, Reaching safepoint: 86021 ns, At safepoint: 30532 ns, Total: 116553 ns
[2020-09-11T13:14:49.972+0000][1][safepoint    ] Safepoint "RevokeBias", Time since last: 32476 ns, Reaching safepoint: 84010 ns, At safepoint: 30514 ns, Total: 114524 ns
[2020-09-11T13:14:49.972+0000][1][safepoint    ] Safepoint "RevokeBias", Time since last: 29243 ns, Reaching safepoint: 83142 ns, At safepoint: 28257 ns, Total: 111399 ns
[2020-09-11T13:14:49.972+0000][1][safepoint    ] Safepoint "RevokeBias", Time since last: 28705 ns, Reaching safepoint: 83895 ns, At safepoint: 25554 ns, Total: 109449 ns
[2020-09-11T13:14:49.973+0000][1][safepoint    ] Safepoint "RevokeBias", Time since last: 28662 ns, Reaching safepoint: 82577 ns, At safepoint: 24285 ns, Total: 106862 ns
[2020-09-11T13:14:49.973+0000][1][safepoint    ] Safepoint "RevokeBias", Time since last: 28560 ns, Reaching safepoint: 81939 ns, At safepoint: 23922 ns, Total: 105861 ns
[2020-09-11T13:14:49.973+0000][1][safepoint    ] Safepoint "RevokeBias", Time since last: 30796 ns, Reaching safepoint: 83176 ns, At safepoint: 30060 ns, Total: 113236 ns
[2020-09-11T13:14:49.973+0000][1][safepoint    ] Safepoint "BulkRevokeBias", Time since last: 28645 ns, Reaching safepoint: 82827 ns, At safepoint: 76750 ns, Total: 159577 ns
[2020-09-11T13:14:49.973+0000][1][safepoint    ] Safepoint "RevokeBias", Time since last: 53427 ns, Reaching safepoint: 84915 ns, At safepoint: 33045 ns, Total: 117960 ns
[2020-09-11T13:14:49.973+0000][1][safepoint    ] Safepoint "RevokeBias", Time since last: 35786 ns, Reaching safepoint: 83766 ns, At safepoint: 28511 ns, Total: 112277 ns
[2020-09-11T13:14:49.976+0000][1][safepoint    ] Safepoint "RevokeBias", Time since last: 2079949 ns, Reaching safepoint: 428844 ns, At safepoint: 23573 ns, Total: 452417 ns
[2020-09-11T13:14:49.976+0000][1][safepoint    ] Safepoint "RevokeBias", Time since last: 42892 ns, Reaching safepoint: 87677 ns, At safepoint: 22202 ns, Total: 109879 ns
[2020-09-11T13:14:49.976+0000][1][safepoint    ] Safepoint "RevokeBias", Time since last: 32437 ns, Reaching safepoint: 84410 ns, At safepoint: 20808 ns, Total: 105218 ns
[2020-09-11T13:14:49.984+0000][1][safepoint    ] Safepoint "RevokeBias", Time since last: 7250910 ns, Reaching safepoint: 102144 ns, At safepoint: 37073 ns, Total: 139217 ns
[2020-09-11T13:14:49.984+0000][1][safepoint    ] Safepoint "RevokeBias", Time since last: 233022 ns, Reaching safepoint: 89554 ns, At safepoint: 24317 ns, Total: 113871 ns
[2020-09-11T13:14:49.984+0000][1][safepoint    ] Safepoint "RevokeBias", Time since last: 33178 ns, Reaching safepoint: 84510 ns, At safepoint: 20772 ns, Total: 105282 ns
[2020-09-11T13:14:49.984+0000][1][safepoint    ] Safepoint "RevokeBias", Time since last: 29704 ns, Reaching safepoint: 82900 ns, At safepoint: 19746 ns, Total: 102646 ns
[2020-09-11T13:14:49.984+0000][1][safepoint    ] Safepoint "RevokeBias", Time since last: 28874 ns, Reaching safepoint: 83660 ns, At safepoint: 22608 ns, Total: 106268 ns
[2020-09-11T13:14:49.984+0000][1][safepoint    ] Safepoint "RevokeBias", Time since last: 41819 ns, Reaching safepoint: 83553 ns, At safepoint: 20652 ns, Total: 104205 ns
[2020-09-11T13:14:49.985+0000][1][safepoint    ] Safepoint "RevokeBias", Time since last: 28050 ns, Reaching safepoint: 83953 ns, At safepoint: 23889 ns, Total: 107842 ns
[2020-09-11T13:14:49.985+0000][1][safepoint    ] Safepoint "RevokeBias", Time since last: 28626 ns, Reaching safepoint: 82811 ns, At safepoint: 24741 ns, Total: 107552 ns
[2020-09-11T13:14:49.985+0000][1][safepoint    ] Safepoint "RevokeBias", Time since last: 29545 ns, Reaching safepoint: 83176 ns, At safepoint: 24396 ns, Total: 107572 ns
[2020-09-11T13:14:49.985+0000][1][safepoint    ] Safepoint "RevokeBias", Time since last: 28302 ns, Reaching safepoint: 82783 ns, At safepoint: 24066 ns, Total: 106849 ns
[2020-09-11T13:14:49.985+0000][1][safepoint    ] Safepoint "RevokeBias", Time since last: 27930 ns, Reaching safepoint: 82560 ns, At safepoint: 23986 ns, Total: 106546 ns
[2020-09-11T13:14:49.985+0000][1][safepoint    ] Safepoint "RevokeBias", Time since last: 28018 ns, Reaching safepoint: 82387 ns, At safepoint: 24093 ns, Total: 106480 ns
[2020-09-11T13:14:49.985+0000][1][safepoint    ] Safepoint "RevokeBias", Time since last: 27944 ns, Reaching safepoint: 85682 ns, At safepoint: 30223 ns, Total: 115905 ns
[2020-09-11T13:14:49.986+0000][1][safepoint    ] Safepoint "RevokeBias", Time since last: 28756 ns, Reaching safepoint: 82276 ns, At safepoint: 28505 ns, Total: 110781 ns
[2020-09-11T13:14:49.986+0000][1][safepoint    ] Safepoint "RevokeBias", Time since last: 27714 ns, Reaching safepoint: 82364 ns, At safepoint: 28836 ns, Total: 111200 ns
[2020-09-11T13:14:49.986+0000][1][safepoint    ] Safepoint "RevokeBias", Time since last: 28441 ns, Reaching safepoint: 82227 ns, At safepoint: 28222 ns, Total: 110449 ns
[2020-09-11T13:14:49.986+0000][1][safepoint    ] Safepoint "RevokeBias", Time since last: 27646 ns, Reaching safepoint: 82478 ns, At safepoint: 27568 ns, Total: 110046 ns
[2020-09-11T13:14:49.986+0000][1][safepoint    ] Safepoint "BulkRevokeBias", Time since last: 28392 ns, Reaching safepoint: 82580 ns, At safepoint: 71435 ns, Total: 154015 ns
[2020-09-11T13:14:49.986+0000][1][safepoint    ] Safepoint "RevokeBias", Time since last: 111285 ns, Reaching safepoint: 84092 ns, At safepoint: 28203 ns, Total: 112295 ns
[2020-09-11T13:14:49.987+0000][1][safepoint    ] Safepoint "RevokeBias", Time since last: 80989 ns, Reaching safepoint: 83106 ns, At safepoint: 31581 ns, Total: 114687 ns
[2020-09-11T13:14:49.987+0000][1][safepoint    ] Safepoint "RevokeBias", Time since last: 44797 ns, Reaching safepoint: 81878 ns, At safepoint: 29600 ns, Total: 111478 ns
[2020-09-11T13:14:49.987+0000][1][safepoint    ] Safepoint "RevokeBias", Time since last: 73056 ns, Reaching safepoint: 85607 ns, At safepoint: 25468 ns, Total: 111075 ns
[2020-09-11T13:14:49.987+0000][1][safepoint    ] Safepoint "RevokeBias", Time since last: 38305 ns, Reaching safepoint: 83347 ns, At safepoint: 24054 ns, Total: 107401 ns
[2020-09-11T13:14:49.987+0000][1][safepoint    ] Safepoint "RevokeBias", Time since last: 109467 ns, Reaching safepoint: 83104 ns, At safepoint: 29337 ns, Total: 112441 ns
[2020-09-11T13:14:49.988+0000][1][safepoint    ] Safepoint "RevokeBias", Time since last: 230626 ns, Reaching safepoint: 84056 ns, At safepoint: 27903 ns, Total: 111959 ns
[2020-09-11T13:14:49.988+0000][1][safepoint    ] Safepoint "RevokeBias", Time since last: 60874 ns, Reaching safepoint: 82825 ns, At safepoint: 27846 ns, Total: 110671 ns
[2020-09-11T13:14:49.988+0000][1][safepoint    ] Safepoint "RevokeBias", Time since last: 117096 ns, Reaching safepoint: 83754 ns, At safepoint: 27446 ns, Total: 111200 ns
[2020-09-11T13:14:49.988+0000][1][safepoint    ] Safepoint "RevokeBias", Time since last: 42557 ns, Reaching safepoint: 81804 ns, At safepoint: 26325 ns, Total: 108129 ns
[2020-09-11T13:14:49.988+0000][1][safepoint    ] Safepoint "RevokeBias", Time since last: 35508 ns, Reaching safepoint: 81365 ns, At safepoint: 23198 ns, Total: 104563 ns
[2020-09-11T13:14:49.988+0000][1][safepoint    ] Safepoint "RevokeBias", Time since last: 26667 ns, Reaching safepoint: 81122 ns, At safepoint: 22247 ns, Total: 103369 ns
[2020-09-11T13:14:49.989+0000][1][safepoint    ] Safepoint "RevokeBias", Time since last: 191336 ns, Reaching safepoint: 82888 ns, At safepoint: 27776 ns, Total: 110664 ns
[2020-09-11T13:14:49.989+0000][1][safepoint    ] Safepoint "RevokeBias", Time since last: 102141 ns, Reaching safepoint: 83997 ns, At safepoint: 28408 ns, Total: 112405 ns
[2020-09-11T13:14:49.989+0000][1][safepoint    ] Safepoint "RevokeBias", Time since last: 316793 ns, Reaching safepoint: 94592 ns, At safepoint: 29144 ns, Total: 123736 ns
[2020-09-11T13:14:49.990+0000][1][safepoint    ] Safepoint "BulkRevokeBias", Time since last: 389729 ns, Reaching safepoint: 83823 ns, At safepoint: 65825 ns, Total: 149648 ns
[2020-09-11T13:14:49.991+0000][1][safepoint    ] Safepoint "RevokeBias", Time since last: 591353 ns, Reaching safepoint: 17827 ns, At safepoint: 21646 ns, Total: 39473 ns
[2020-09-11T13:14:49.999+0000][1][safepoint    ] Safepoint "RevokeBias", Time since last: 4860178 ns, Reaching safepoint: 3219928 ns, At safepoint: 36139 ns, Total: 3256067 ns
[2020-09-11T13:14:50.000+0000][1][safepoint    ] Safepoint "RevokeBias", Time since last: 894723 ns, Reaching safepoint: 92409 ns, At safepoint: 31351 ns, Total: 123760 ns
[2020-09-11T13:14:50.000+0000][1][safepoint    ] Safepoint "RevokeBias", Time since last: 663708 ns, Reaching safepoint: 88009 ns, At safepoint: 26838 ns, Total: 114847 ns
[2020-09-11T13:14:50.001+0000][1][safepoint    ] Safepoint "RevokeBias", Time since last: 591341 ns, Reaching safepoint: 95699 ns, At safepoint: 25804 ns, Total: 121503 ns
[2020-09-11T13:14:50.001+0000][1][safepoint    ] Safepoint "RevokeBias", Time since last: 39143 ns, Reaching safepoint: 98444 ns, At safepoint: 26605 ns, Total: 125049 ns
[2020-09-11T13:14:50.153+0000][1][safepoint    ] Safepoint "RevokeBias", Time since last: 151817891 ns, Reaching safepoint: 120358 ns, At safepoint: 14543 ns, Total: 134901 ns
[2020-09-11T13:14:50.154+0000][1][safepoint    ] Safepoint "RevokeBias", Time since last: 230146 ns, Reaching safepoint: 95540 ns, At safepoint: 9996 ns, Total: 105536 ns
[2020-09-11T13:14:50.381+0000][1][gc,start     ] GC(59) Pause Young (Allocation Failure)
[2020-09-11T13:14:50.381+0000][1][gc,task      ] GC(59) Using 1 workers of 1 for evacuation
[2020-09-11T13:14:50.462+0000][1][gc,age       ] GC(59) Desired survivor size 4358144 bytes, new threshold 2 (max threshold 6)
[2020-09-11T13:14:50.462+0000][1][gc,age       ] GC(59) Age table with threshold 2 (max threshold 6)
[2020-09-11T13:14:50.462+0000][1][gc,age       ] GC(59) - age   1:    2146280 bytes,    2146280 total
[2020-09-11T13:14:50.462+0000][1][gc,age       ] GC(59) - age   2:    2784520 bytes,    4930800 total
[2020-09-11T13:14:50.462+0000][1][gc,heap      ] GC(59) ParNew: 76465K->6261K(76672K)
[2020-09-11T13:14:50.462+0000][1][gc,heap      ] GC(59) CMS: 49718K->54004K(439104K)
[2020-09-11T13:14:50.462+0000][1][gc,metaspace ] GC(59) Metaspace: 52591K->52591K(1097728K)
[2020-09-11T13:14:50.462+0000][1][gc           ] GC(59) Pause Young (Allocation Failure) 123M->58M(503M) 81.395ms
[2020-09-11T13:14:50.462+0000][1][gc,cpu       ] GC(59) User=0.08s Sys=0.00s Real=0.08s
[2020-09-11T13:14:50.467+0000][1][safepoint    ] Safepoint "GenCollectForAllocation", Time since last: 227055244 ns, Reaching safepoint: 382672 ns, At safepoint: 86340137 ns, Total: 86722809 ns
[2020-09-11T13:14:50.853+0000][1][safepoint    ] Safepoint "BulkRevokeBias", Time since last: 383787427 ns, Reaching safepoint: 1158086 ns, At safepoint: 154889 ns, Total: 1312975 ns
[2020-09-11T13:14:51.688+0000][1][gc,start     ] GC(60) Pause Young (Allocation Failure)
[2020-09-11T13:14:51.688+0000][1][gc,task      ] GC(60) Using 1 workers of 1 for evacuation
[2020-09-11T13:14:51.713+0000][1][gc,age       ] GC(60) Desired survivor size 4358144 bytes, new threshold 6 (max threshold 6)
[2020-09-11T13:14:51.713+0000][1][gc,age       ] GC(60) Age table with threshold 6 (max threshold 6)
[2020-09-11T13:14:51.713+0000][1][gc,age       ] GC(60) - age   1:    1649752 bytes,    1649752 total
[2020-09-11T13:14:51.713+0000][1][gc,age       ] GC(60) - age   2:    2108048 bytes,    3757800 total
[2020-09-11T13:14:51.713+0000][1][gc,heap      ] GC(60) ParNew: 74421K->5176K(76672K)
[2020-09-11T13:14:51.713+0000][1][gc,heap      ] GC(60) CMS: 54004K->56835K(439104K)
[2020-09-11T13:14:51.713+0000][1][gc,metaspace ] GC(60) Metaspace: 60444K->60444K(1105920K)
[2020-09-11T13:14:51.713+0000][1][gc           ] GC(60) Pause Young (Allocation Failure) 125M->60M(503M) 24.881ms
[2020-09-11T13:14:51.713+0000][1][gc,cpu       ] GC(60) User=0.03s Sys=0.00s Real=0.02s
[2020-09-11T13:14:51.713+0000][1][safepoint    ] Safepoint "GenCollectForAllocation", Time since last: 834816795 ns, Reaching safepoint: 1007536 ns, At safepoint: 24969334 ns, Total: 25976870 ns
[2020-09-11T13:14:51.810+0000][1][safepoint    ] Safepoint "CollectForMetadataAllocation", Time since last: 96794178 ns, Reaching safepoint: 122203 ns, At safepoint: 119265 ns, Total: 241468 ns
[2020-09-11T13:14:51.861+0000][1][safepoint    ] Safepoint "CollectForMetadataAllocation", Time since last: 50151516 ns, Reaching safepoint: 113555 ns, At safepoint: 81559 ns, Total: 195114 ns
[2020-09-11T13:14:51.898+0000][1][safepoint    ] Safepoint "RevokeBias", Time since last: 37134605 ns, Reaching safepoint: 115915 ns, At safepoint: 36380 ns, Total: 152295 ns
[2020-09-11T13:14:51.898+0000][1][safepoint    ] Safepoint "RevokeBias", Time since last: 120179 ns, Reaching safepoint: 79008 ns, At safepoint: 22609 ns, Total: 101617 ns
[2020-09-11T13:14:51.898+0000][1][safepoint    ] Safepoint "RevokeBias", Time since last: 117477 ns, Reaching safepoint: 90729 ns, At safepoint: 23102 ns, Total: 113831 ns
[2020-09-11T13:14:51.904+0000][1][safepoint    ] Safepoint "RevokeBias", Time since last: 5103883 ns, Reaching safepoint: 110606 ns, At safepoint: 33944 ns, Total: 144550 ns
[2020-09-11T13:14:51.967+0000][1][safepoint    ] Safepoint "CollectForMetadataAllocation", Time since last: 62784782 ns, Reaching safepoint: 114799 ns, At safepoint: 132737 ns, Total: 247536 ns
[2020-09-11T13:14:52.052+0000][1][safepoint    ] Safepoint "CollectForMetadataAllocation", Time since last: 84812491 ns, Reaching safepoint: 114055 ns, At safepoint: 116998 ns, Total: 231053 ns
[2020-09-11T13:14:52.168+0000][1][safepoint    ] Safepoint "CollectForMetadataAllocation", Time since last: 115682098 ns, Reaching safepoint: 120682 ns, At safepoint: 88088 ns, Total: 208770 ns
[2020-09-11T13:14:52.236+0000][1][safepoint    ] Safepoint "CollectForMetadataAllocation", Time since last: 68164199 ns, Reaching safepoint: 112390 ns, At safepoint: 113679 ns, Total: 226069 ns
[2020-09-11T13:14:52.346+0000][1][safepoint    ] Safepoint "CollectForMetadataAllocation", Time since last: 109560193 ns, Reaching safepoint: 146685 ns, At safepoint: 119988 ns, Total: 266673 ns
[2020-09-11T13:14:52.396+0000][1][safepoint    ] Safepoint "Deoptimize", Time since last: 49165755 ns, Reaching safepoint: 115908 ns, At safepoint: 364153 ns, Total: 480061 ns
[2020-09-11T13:14:52.429+0000][1][safepoint    ] Safepoint "CollectForMetadataAllocation", Time since last: 33206149 ns, Reaching safepoint: 244397 ns, At safepoint: 116707 ns, Total: 361104 ns
[2020-09-11T13:14:52.506+0000][1][safepoint    ] Safepoint "CollectForMetadataAllocation", Time since last: 76328704 ns, Reaching safepoint: 154193 ns, At safepoint: 113997 ns, Total: 268190 ns
[2020-09-11T13:14:52.656+0000][1][safepoint    ] Safepoint "CollectForMetadataAllocation", Time since last: 150362222 ns, Reaching safepoint: 117838 ns, At safepoint: 76288 ns, Total: 194126 ns
[2020-09-11T13:14:52.744+0000][1][safepoint    ] Safepoint "CollectForMetadataAllocation", Time since last: 87197198 ns, Reaching safepoint: 132535 ns, At safepoint: 165819 ns, Total: 298354 ns
[2020-09-11T13:14:52.844+0000][1][safepoint    ] Safepoint "CollectForMetadataAllocation", Time since last: 99715301 ns, Reaching safepoint: 117749 ns, At safepoint: 118531 ns, Total: 236280 ns
[2020-09-11T13:14:52.883+0000][1][safepoint    ] Safepoint "CollectForMetadataAllocation", Time since last: 38851325 ns, Reaching safepoint: 105725 ns, At safepoint: 132540 ns, Total: 238265 ns
[2020-09-11T13:14:52.911+0000][1][safepoint    ] Safepoint "CollectForMetadataAllocation", Time since last: 27649657 ns, Reaching safepoint: 151901 ns, At safepoint: 111136 ns, Total: 263037 ns
[2020-09-11T13:14:52.928+0000][1][safepoint    ] Safepoint "CollectForMetadataAllocation", Time since last: 17562445 ns, Reaching safepoint: 148448 ns, At safepoint: 112877 ns, Total: 261325 ns
[2020-09-11T13:14:52.960+0000][1][safepoint    ] Safepoint "RevokeBias", Time since last: 31368303 ns, Reaching safepoint: 156690 ns, At safepoint: 16638 ns, Total: 173328 ns
[2020-09-11T13:14:52.961+0000][1][safepoint    ] Safepoint "RevokeBias", Time since last: 377852 ns, Reaching safepoint: 144147 ns, At safepoint: 12331 ns, Total: 156478 ns
[2020-09-11T13:14:52.968+0000][1][safepoint    ] Safepoint "CollectForMetadataAllocation", Time since last: 7570474 ns, Reaching safepoint: 150251 ns, At safepoint: 118222 ns, Total: 268473 ns
[2020-09-11T13:14:53.061+0000][1][safepoint    ] Safepoint "CollectForMetadataAllocation", Time since last: 92655019 ns, Reaching safepoint: 114722 ns, At safepoint: 114832 ns, Total: 229554 ns
[2020-09-11T13:14:53.101+0000][1][safepoint    ] Safepoint "CollectForMetadataAllocation", Time since last: 39854825 ns, Reaching safepoint: 103106 ns, At safepoint: 80157 ns, Total: 183263 ns
[2020-09-11T13:14:53.102+0000][1][gc,start     ] GC(61) Pause Young (Allocation Failure)
[2020-09-11T13:14:53.102+0000][1][gc,task      ] GC(61) Using 1 workers of 1 for evacuation
[2020-09-11T13:14:53.129+0000][1][gc,age       ] GC(61) Desired survivor size 4358144 bytes, new threshold 2 (max threshold 6)
[2020-09-11T13:14:53.129+0000][1][gc,age       ] GC(61) Age table with threshold 2 (max threshold 6)
[2020-09-11T13:14:53.129+0000][1][gc,age       ] GC(61) - age   1:    3483016 bytes,    3483016 total
[2020-09-11T13:14:53.129+0000][1][gc,age       ] GC(61) - age   2:    1485480 bytes,    4968496 total
[2020-09-11T13:14:53.129+0000][1][gc,age       ] GC(61) - age   3:    2068960 bytes,    7037456 total
[2020-09-11T13:14:53.129+0000][1][gc,heap      ] GC(61) ParNew: 73336K->8093K(76672K)
[2020-09-11T13:14:53.129+0000][1][gc,heap      ] GC(61) CMS: 56835K->56835K(439104K)
[2020-09-11T13:14:53.129+0000][1][gc,metaspace ] GC(61) Metaspace: 66373K->66373K(1110016K)
[2020-09-11T13:14:53.129+0000][1][gc           ] GC(61) Pause Young (Allocation Failure) 127M->63M(503M) 26.905ms
[2020-09-11T13:14:53.129+0000][1][gc,cpu       ] GC(61) User=0.03s Sys=0.00s Real=0.03s
[2020-09-11T13:14:53.135+0000][1][safepoint    ] Safepoint "GenCollectForAllocation", Time since last: 501213 ns, Reaching safepoint: 92144 ns, At safepoint: 33499841 ns, Total: 33591985 ns
[2020-09-11T13:14:53.140+0000][1][gc,start     ] GC(62) Pause Initial Mark
[2020-09-11T13:14:53.150+0000][1][gc           ] GC(62) Pause Initial Mark 64M->64M(503M) 10.092ms
[2020-09-11T13:14:53.150+0000][1][gc,cpu       ] GC(62) User=0.01s Sys=0.00s Real=0.01s
[2020-09-11T13:14:53.159+0000][1][safepoint    ] Safepoint "CMS_Initial_Mark", Time since last: 4150150 ns, Reaching safepoint: 104165 ns, At safepoint: 19743969 ns, Total: 19848134 ns
[2020-09-11T13:14:53.159+0000][1][gc           ] GC(62) Concurrent Mark
[2020-09-11T13:14:53.228+0000][1][safepoint    ] Safepoint "CollectForMetadataAllocation", Time since last: 63311729 ns, Reaching safepoint: 4758558 ns, At safepoint: 118403 ns, Total: 4876961 ns
[2020-09-11T13:14:53.276+0000][1][safepoint    ] Safepoint "CollectForMetadataAllocation", Time since last: 44717678 ns, Reaching safepoint: 3147940 ns, At safepoint: 65963 ns, Total: 3213903 ns
[2020-09-11T13:14:53.307+0000][1][gc           ] GC(62) Concurrent Mark 147.847ms
[2020-09-11T13:14:53.315+0000][1][gc,cpu       ] GC(62) User=0.15s Sys=0.00s Real=0.16s
[2020-09-11T13:14:53.315+0000][1][gc           ] GC(62) Concurrent Preclean
[2020-09-11T13:14:53.317+0000][1][gc           ] GC(62) Concurrent Preclean 1.134ms
[2020-09-11T13:14:53.317+0000][1][gc,cpu       ] GC(62) User=0.00s Sys=0.00s Real=0.00s
[2020-09-11T13:14:53.317+0000][1][gc           ] GC(62) Concurrent Abortable Preclean
[2020-09-11T13:14:53.356+0000][1][safepoint    ] Safepoint "CollectForMetadataAllocation", Time since last: 77357630 ns, Reaching safepoint: 2587755 ns, At safepoint: 74635 ns, Total: 2662390 ns
[2020-09-11T13:14:53.383+0000][1][safepoint    ] Safepoint "RevokeBias", Time since last: 26749605 ns, Reaching safepoint: 1152266 ns, At safepoint: 11283 ns, Total: 1163549 ns
[2020-09-11T13:14:53.409+0000][1][safepoint    ] Safepoint "CollectForMetadataAllocation", Time since last: 25101631 ns, Reaching safepoint: 45100 ns, At safepoint: 110770 ns, Total: 155870 ns
[2020-09-11T13:14:53.468+0000][1][safepoint    ] Safepoint "CollectForMetadataAllocation", Time since last: 58665117 ns, Reaching safepoint: 48180 ns, At safepoint: 112816 ns, Total: 160996 ns
[2020-09-11T13:14:53.488+0000][1][safepoint    ] Safepoint "CollectForMetadataAllocation", Time since last: 19501386 ns, Reaching safepoint: 560073 ns, At safepoint: 61875 ns, Total: 621948 ns
[2020-09-11T13:14:53.496+0000][1][safepoint    ] Safepoint "Deoptimize", Time since last: 8138721 ns, Reaching safepoint: 43640 ns, At safepoint: 334054 ns, Total: 377694 ns
[2020-09-11T13:14:53.506+0000][1][safepoint    ] Safepoint "Deoptimize", Time since last: 9866034 ns, Reaching safepoint: 42587 ns, At safepoint: 360225 ns, Total: 402812 ns
[2020-09-11T13:14:53.516+0000][1][safepoint    ] Safepoint "CollectForMetadataAllocation", Time since last: 8954371 ns, Reaching safepoint: 45355 ns, At safepoint: 109574 ns, Total: 154929 ns
[2020-09-11T13:14:53.596+0000][1][safepoint    ] Safepoint "CollectForMetadataAllocation", Time since last: 79535784 ns, Reaching safepoint: 351827 ns, At safepoint: 122551 ns, Total: 474378 ns
[2020-09-11T13:14:53.676+0000][1][safepoint    ] Safepoint "CollectForMetadataAllocation", Time since last: 79860430 ns, Reaching safepoint: 62288 ns, At safepoint: 138198 ns, Total: 200486 ns
[2020-09-11T13:14:53.682+0000][1][safepoint    ] Safepoint "RevokeBias", Time since last: 6230545 ns, Reaching safepoint: 153246 ns, At safepoint: 37305 ns, Total: 190551 ns
[2020-09-11T13:14:53.684+0000][1][safepoint    ] Safepoint "RevokeBias", Time since last: 1344142 ns, Reaching safepoint: 96627 ns, At safepoint: 17538 ns, Total: 114165 ns
[2020-09-11T13:14:53.686+0000][1][safepoint    ] Safepoint "RevokeBias", Time since last: 2013466 ns, Reaching safepoint: 144353 ns, At safepoint: 21941 ns, Total: 166294 ns
[2020-09-11T13:14:53.692+0000][1][safepoint    ] Safepoint "RevokeBias", Time since last: 5801486 ns, Reaching safepoint: 60103 ns, At safepoint: 25302 ns, Total: 85405 ns
[2020-09-11T13:14:53.692+0000][1][safepoint    ] Safepoint "RevokeBias", Time since last: 68161 ns, Reaching safepoint: 84397 ns, At safepoint: 17465 ns, Total: 101862 ns
[2020-09-11T13:14:53.692+0000][1][safepoint    ] Safepoint "RevokeBias", Time since last: 208285 ns, Reaching safepoint: 15779 ns, At safepoint: 14105 ns, Total: 29884 ns
[2020-09-11T13:14:53.695+0000][1][safepoint    ] Safepoint "RevokeBias", Time since last: 2804906 ns, Reaching safepoint: 14709 ns, At safepoint: 20049 ns, Total: 34758 ns
[2020-09-11T13:14:53.695+0000][1][safepoint    ] Safepoint "RevokeBias", Time since last: 207693 ns, Reaching safepoint: 14537 ns, At safepoint: 14377 ns, Total: 28914 ns
[2020-09-11T13:14:53.695+0000][1][safepoint    ] Safepoint "RevokeBias", Time since last: 32690 ns, Reaching safepoint: 11683 ns, At safepoint: 12969 ns, Total: 24652 ns
[2020-09-11T13:14:53.696+0000][1][safepoint    ] Safepoint "RevokeBias", Time since last: 547405 ns, Reaching safepoint: 10843 ns, At safepoint: 13764 ns, Total: 24607 ns
[2020-09-11T13:14:53.697+0000][1][safepoint    ] Safepoint "RevokeBias", Time since last: 794622 ns, Reaching safepoint: 88567 ns, At safepoint: 18957 ns, Total: 107524 ns
[2020-09-11T13:14:53.697+0000][1][safepoint    ] Safepoint "RevokeBias", Time since last: 85395 ns, Reaching safepoint: 81716 ns, At safepoint: 17387 ns, Total: 99103 ns
[2020-09-11T13:14:53.708+0000][1][safepoint    ] Safepoint "RevokeBias", Time since last: 10734213 ns, Reaching safepoint: 43003 ns, At safepoint: 18548 ns, Total: 61551 ns
[2020-09-11T13:14:53.708+0000][1][safepoint    ] Safepoint "RevokeBias", Time since last: 92672 ns, Reaching safepoint: 11473 ns, At safepoint: 14007 ns, Total: 25480 ns
[2020-09-11T13:14:53.708+0000][1][safepoint    ] Safepoint "RevokeBias", Time since last: 50786 ns, Reaching safepoint: 10837 ns, At safepoint: 13607 ns, Total: 24444 ns
[2020-09-11T13:14:53.708+0000][1][safepoint    ] Safepoint "RevokeBias", Time since last: 157426 ns, Reaching safepoint: 11468 ns, At safepoint: 13745 ns, Total: 25213 ns
[2020-09-11T13:14:53.708+0000][1][safepoint    ] Safepoint "RevokeBias", Time since last: 53203 ns, Reaching safepoint: 10994 ns, At safepoint: 13667 ns, Total: 24661 ns
[2020-09-11T13:14:53.709+0000][1][safepoint    ] Safepoint "RevokeBias", Time since last: 867299 ns, Reaching safepoint: 84915 ns, At safepoint: 17730 ns, Total: 102645 ns
[2020-09-11T13:14:53.709+0000][1][safepoint    ] Safepoint "RevokeBias", Time since last: 47552 ns, Reaching safepoint: 80776 ns, At safepoint: 16793 ns, Total: 97569 ns
[2020-09-11T13:14:53.709+0000][1][safepoint    ] Safepoint "RevokeBias", Time since last: 64741 ns, Reaching safepoint: 83093 ns, At safepoint: 22391 ns, Total: 105484 ns
[2020-09-11T13:14:53.709+0000][1][safepoint    ] Safepoint "RevokeBias", Time since last: 49125 ns, Reaching safepoint: 82920 ns, At safepoint: 18627 ns, Total: 101547 ns
[2020-09-11T13:14:53.710+0000][1][safepoint    ] Safepoint "RevokeBias", Time since last: 563955 ns, Reaching safepoint: 12105 ns, At safepoint: 14385 ns, Total: 26490 ns
[2020-09-11T13:14:53.710+0000][1][safepoint    ] Safepoint "RevokeBias", Time since last: 40396 ns, Reaching safepoint: 10548 ns, At safepoint: 13643 ns, Total: 24191 ns
[2020-09-11T13:14:53.710+0000][1][safepoint    ] Safepoint "RevokeBias", Time since last: 58162 ns, Reaching safepoint: 11230 ns, At safepoint: 13482 ns, Total: 24712 ns
[2020-09-11T13:14:53.710+0000][1][safepoint    ] Safepoint "RevokeBias", Time since last: 43290 ns, Reaching safepoint: 10786 ns, At safepoint: 13630 ns, Total: 24416 ns
[2020-09-11T13:14:53.711+0000][1][safepoint    ] Safepoint "RevokeBias", Time since last: 464188 ns, Reaching safepoint: 11710 ns, At safepoint: 13773 ns, Total: 25483 ns
[2020-09-11T13:14:53.711+0000][1][safepoint    ] Safepoint "RevokeBias", Time since last: 39534 ns, Reaching safepoint: 10451 ns, At safepoint: 13288 ns, Total: 23739 ns
[2020-09-11T13:14:53.711+0000][1][safepoint    ] Safepoint "RevokeBias", Time since last: 56702 ns, Reaching safepoint: 11037 ns, At safepoint: 13663 ns, Total: 24700 ns
[2020-09-11T13:14:53.711+0000][1][safepoint    ] Safepoint "RevokeBias", Time since last: 42719 ns, Reaching safepoint: 10680 ns, At safepoint: 13434 ns, Total: 24114 ns
[2020-09-11T13:14:53.711+0000][1][safepoint    ] Safepoint "RevokeBias", Time since last: 450079 ns, Reaching safepoint: 11519 ns, At safepoint: 13741 ns, Total: 25260 ns
[2020-09-11T13:14:53.712+0000][1][safepoint    ] Safepoint "RevokeBias", Time since last: 39389 ns, Reaching safepoint: 10322 ns, At safepoint: 13493 ns, Total: 23815 ns
[2020-09-11T13:14:53.712+0000][1][safepoint    ] Safepoint "RevokeBias", Time since last: 56569 ns, Reaching safepoint: 11084 ns, At safepoint: 13541 ns, Total: 24625 ns
[2020-09-11T13:14:53.712+0000][1][safepoint    ] Safepoint "RevokeBias", Time since last: 42384 ns, Reaching safepoint: 10742 ns, At safepoint: 13601 ns, Total: 24343 ns
[2020-09-11T13:14:53.713+0000][1][safepoint    ] Safepoint "RevokeBias", Time since last: 993213 ns, Reaching safepoint: 89132 ns, At safepoint: 18895 ns, Total: 108027 ns
[2020-09-11T13:14:53.713+0000][1][safepoint    ] Safepoint "RevokeBias", Time since last: 48048 ns, Reaching safepoint: 82179 ns, At safepoint: 19513 ns, Total: 101692 ns
[2020-09-11T13:14:53.713+0000][1][safepoint    ] Safepoint "RevokeBias", Time since last: 74838 ns, Reaching safepoint: 82537 ns, At safepoint: 17195 ns, Total: 99732 ns
[2020-09-11T13:14:53.713+0000][1][safepoint    ] Safepoint "RevokeBias", Time since last: 48164 ns, Reaching safepoint: 82126 ns, At safepoint: 17717 ns, Total: 99843 ns
[2020-09-11T13:14:53.714+0000][1][safepoint    ] Safepoint "BulkRevokeBias", Time since last: 713719 ns, Reaching safepoint: 12704 ns, At safepoint: 95281 ns, Total: 107985 ns
[2020-09-11T13:14:53.714+0000][1][safepoint    ] Safepoint "RevokeBias", Time since last: 61592 ns, Reaching safepoint: 11599 ns, At safepoint: 15420 ns, Total: 27019 ns
[2020-09-11T13:14:53.714+0000][1][safepoint    ] Safepoint "RevokeBias", Time since last: 75300 ns, Reaching safepoint: 11208 ns, At safepoint: 14124 ns, Total: 25332 ns
[2020-09-11T13:14:53.715+0000][1][safepoint    ] Safepoint "RevokeBias", Time since last: 1066087 ns, Reaching safepoint: 99523 ns, At safepoint: 19177 ns, Total: 118700 ns
[2020-09-11T13:14:53.716+0000][1][safepoint    ] Safepoint "RevokeBias", Time since last: 80167 ns, Reaching safepoint: 83440 ns, At safepoint: 17983 ns, Total: 101423 ns
[2020-09-11T13:14:53.716+0000][1][safepoint    ] Safepoint "RevokeBias", Time since last: 813198 ns, Reaching safepoint: 13820 ns, At safepoint: 14971 ns, Total: 28791 ns
[2020-09-11T13:14:53.717+0000][1][safepoint    ] Safepoint "RevokeBias", Time since last: 69026 ns, Reaching safepoint: 11167 ns, At safepoint: 13606 ns, Total: 24773 ns
[2020-09-11T13:14:53.717+0000][1][safepoint    ] Safepoint "RevokeBias", Time since last: 388862 ns, Reaching safepoint: 84313 ns, At safepoint: 18500 ns, Total: 102813 ns
[2020-09-11T13:14:53.717+0000][1][safepoint    ] Safepoint "RevokeBias", Time since last: 62539 ns, Reaching safepoint: 82837 ns, At safepoint: 17500 ns, Total: 100337 ns
[2020-09-11T13:14:53.719+0000][1][safepoint    ] Safepoint "RevokeBias", Time since last: 1508946 ns, Reaching safepoint: 15785 ns, At safepoint: 15469 ns, Total: 31254 ns
[2020-09-11T13:14:53.719+0000][1][safepoint    ] Safepoint "RevokeBias", Time since last: 72191 ns, Reaching safepoint: 11384 ns, At safepoint: 14068 ns, Total: 25452 ns
[2020-09-11T13:14:53.719+0000][1][safepoint    ] Safepoint "RevokeBias", Time since last: 433678 ns, Reaching safepoint: 86158 ns, At safepoint: 42965 ns, Total: 129123 ns
[2020-09-11T13:14:53.720+0000][1][safepoint    ] Safepoint "RevokeBias", Time since last: 71095 ns, Reaching safepoint: 82520 ns, At safepoint: 17871 ns, Total: 100391 ns
[2020-09-11T13:14:53.721+0000][1][safepoint    ] Safepoint "RevokeBias", Time since last: 1332713 ns, Reaching safepoint: 13756 ns, At safepoint: 14904 ns, Total: 28660 ns
[2020-09-11T13:14:53.727+0000][1][safepoint    ] Safepoint "RevokeBias", Time since last: 2530125 ns, Reaching safepoint: 3982379 ns, At safepoint: 19676 ns, Total: 4002055 ns
[2020-09-11T13:14:53.728+0000][1][safepoint    ] Safepoint "RevokeBias", Time since last: 850394 ns, Reaching safepoint: 15592 ns, At safepoint: 13945 ns, Total: 29537 ns
[2020-09-11T13:14:53.728+0000][1][safepoint    ] Safepoint "RevokeBias", Time since last: 76187 ns, Reaching safepoint: 11379 ns, At safepoint: 13163 ns, Total: 24542 ns
[2020-09-11T13:14:53.729+0000][1][safepoint    ] Safepoint "RevokeBias", Time since last: 793353 ns, Reaching safepoint: 82688 ns, At safepoint: 16717 ns, Total: 99405 ns
[2020-09-11T13:14:53.731+0000][1][safepoint    ] Safepoint "RevokeBias", Time since last: 1432826 ns, Reaching safepoint: 16341 ns, At safepoint: 15420 ns, Total: 31761 ns
[2020-09-11T13:14:53.732+0000][1][safepoint    ] Safepoint "RevokeBias", Time since last: 1055254 ns, Reaching safepoint: 152793 ns, At safepoint: 34386 ns, Total: 187179 ns
[2020-09-11T13:14:53.732+0000][1][safepoint    ] Safepoint "RevokeBias", Time since last: 75954 ns, Reaching safepoint: 80687 ns, At safepoint: 16842 ns, Total: 97529 ns
[2020-09-11T13:14:53.733+0000][1][safepoint    ] Safepoint "RevokeBias", Time since last: 517010 ns, Reaching safepoint: 81257 ns, At safepoint: 16136 ns, Total: 97393 ns
[2020-09-11T13:14:53.733+0000][1][safepoint    ] Safepoint "RevokeBias", Time since last: 69944 ns, Reaching safepoint: 79767 ns, At safepoint: 16268 ns, Total: 96035 ns
[2020-09-11T13:14:53.734+0000][1][safepoint    ] Safepoint "RevokeBias", Time since last: 495334 ns, Reaching safepoint: 80836 ns, At safepoint: 16389 ns, Total: 97225 ns
[2020-09-11T13:14:53.734+0000][1][safepoint    ] Safepoint "RevokeBias", Time since last: 62818 ns, Reaching safepoint: 79851 ns, At safepoint: 16027 ns, Total: 95878 ns
[2020-09-11T13:14:53.734+0000][1][safepoint    ] Safepoint "BulkRevokeBias", Time since last: 376567 ns, Reaching safepoint: 80638 ns, At safepoint: 60389 ns, Total: 141027 ns
[2020-09-11T13:14:53.734+0000][1][safepoint    ] Safepoint "BulkRevokeBias", Time since last: 60128 ns, Reaching safepoint: 84206 ns, At safepoint: 48510 ns, Total: 132716 ns
[2020-09-11T13:14:53.735+0000][1][safepoint    ] Safepoint "BulkRevokeBias", Time since last: 67327 ns, Reaching safepoint: 79530 ns, At safepoint: 45961 ns, Total: 125491 ns
[2020-09-11T13:14:53.735+0000][1][safepoint    ] Safepoint "RevokeBias", Time since last: 479986 ns, Reaching safepoint: 80727 ns, At safepoint: 16101 ns, Total: 96828 ns
[2020-09-11T13:14:53.735+0000][1][safepoint    ] Safepoint "RevokeBias", Time since last: 58161 ns, Reaching safepoint: 96632 ns, At safepoint: 26262 ns, Total: 122894 ns
[2020-09-11T13:14:53.743+0000][1][safepoint    ] Safepoint "RevokeBias", Time since last: 4158379 ns, Reaching safepoint: 3866967 ns, At safepoint: 17795 ns, Total: 3884762 ns
[2020-09-11T13:14:53.744+0000][1][safepoint    ] Safepoint "RevokeBias", Time since last: 121678 ns, Reaching safepoint: 11177 ns, At safepoint: 14039 ns, Total: 25216 ns
[2020-09-11T13:14:53.744+0000][1][safepoint    ] Safepoint "RevokeBias", Time since last: 726240 ns, Reaching safepoint: 13809 ns, At safepoint: 13374 ns, Total: 27183 ns
[2020-09-11T13:14:53.744+0000][1][safepoint    ] Safepoint "RevokeBias", Time since last: 61231 ns, Reaching safepoint: 10809 ns, At safepoint: 12789 ns, Total: 23598 ns
[2020-09-11T13:14:53.745+0000][1][safepoint    ] Safepoint "RevokeBias", Time since last: 439112 ns, Reaching safepoint: 11244 ns, At safepoint: 13076 ns, Total: 24320 ns
[2020-09-11T13:14:53.745+0000][1][safepoint    ] Safepoint "RevokeBias", Time since last: 59163 ns, Reaching safepoint: 10320 ns, At safepoint: 12817 ns, Total: 23137 ns
[2020-09-11T13:14:53.746+0000][1][safepoint    ] Safepoint "RevokeBias", Time since last: 492541 ns, Reaching safepoint: 11519 ns, At safepoint: 12858 ns, Total: 24377 ns
[2020-09-11T13:14:53.746+0000][1][safepoint    ] Safepoint "RevokeBias", Time since last: 55823 ns, Reaching safepoint: 10608 ns, At safepoint: 12655 ns, Total: 23263 ns
[2020-09-11T13:14:53.746+0000][1][safepoint    ] Safepoint "RevokeBias", Time since last: 425753 ns, Reaching safepoint: 10934 ns, At safepoint: 13191 ns, Total: 24125 ns
[2020-09-11T13:14:53.746+0000][1][safepoint    ] Safepoint "RevokeBias", Time since last: 57891 ns, Reaching safepoint: 10367 ns, At safepoint: 12741 ns, Total: 23108 ns
[2020-09-11T13:14:53.747+0000][1][safepoint    ] Safepoint "RevokeBias", Time since last: 409278 ns, Reaching safepoint: 11172 ns, At safepoint: 12821 ns, Total: 23993 ns
[2020-09-11T13:14:53.747+0000][1][safepoint    ] Safepoint "RevokeBias", Time since last: 54632 ns, Reaching safepoint: 10569 ns, At safepoint: 12693 ns, Total: 23262 ns
[2020-09-11T13:14:53.747+0000][1][safepoint    ] Safepoint "RevokeBias", Time since last: 454661 ns, Reaching safepoint: 11119 ns, At safepoint: 12996 ns, Total: 24115 ns
[2020-09-11T13:14:53.747+0000][1][safepoint    ] Safepoint "RevokeBias", Time since last: 54852 ns, Reaching safepoint: 10505 ns, At safepoint: 12712 ns, Total: 23217 ns
[2020-09-11T13:14:53.748+0000][1][safepoint    ] Safepoint "RevokeBias", Time since last: 371258 ns, Reaching safepoint: 81844 ns, At safepoint: 16699 ns, Total: 98543 ns
[2020-09-11T13:14:53.750+0000][1][safepoint    ] Safepoint "RevokeBias", Time since last: 2653272 ns, Reaching safepoint: 19203 ns, At safepoint: 15919 ns, Total: 35122 ns
[2020-09-11T13:14:53.751+0000][1][safepoint    ] Safepoint "RevokeBias", Time since last: 591865 ns, Reaching safepoint: 17322 ns, At safepoint: 14108 ns, Total: 31430 ns
[2020-09-11T13:14:53.751+0000][1][safepoint    ] Safepoint "RevokeBias", Time since last: 62151 ns, Reaching safepoint: 10852 ns, At safepoint: 13164 ns, Total: 24016 ns
[2020-09-11T13:14:53.752+0000][1][safepoint    ] Safepoint "RevokeBias", Time since last: 466550 ns, Reaching safepoint: 12325 ns, At safepoint: 22786 ns, Total: 35111 ns
[2020-09-11T13:14:53.752+0000][1][safepoint    ] Safepoint "RevokeBias", Time since last: 57603 ns, Reaching safepoint: 10589 ns, At safepoint: 13181 ns, Total: 23770 ns
[2020-09-11T13:14:53.752+0000][1][safepoint    ] Safepoint "RevokeBias", Time since last: 405801 ns, Reaching safepoint: 11279 ns, At safepoint: 13313 ns, Total: 24592 ns
[2020-09-11T13:14:53.752+0000][1][safepoint    ] Safepoint "RevokeBias", Time since last: 55497 ns, Reaching safepoint: 10523 ns, At safepoint: 12918 ns, Total: 23441 ns
[2020-09-11T13:14:53.753+0000][1][safepoint    ] Safepoint "RevokeBias", Time since last: 412311 ns, Reaching safepoint: 11119 ns, At safepoint: 13167 ns, Total: 24286 ns
[2020-09-11T13:14:53.753+0000][1][safepoint    ] Safepoint "RevokeBias", Time since last: 54857 ns, Reaching safepoint: 10640 ns, At safepoint: 12966 ns, Total: 23606 ns
[2020-09-11T13:14:53.753+0000][1][safepoint    ] Safepoint "RevokeBias", Time since last: 394467 ns, Reaching safepoint: 11080 ns, At safepoint: 13229 ns, Total: 24309 ns
[2020-09-11T13:14:53.753+0000][1][safepoint    ] Safepoint "RevokeBias", Time since last: 54087 ns, Reaching safepoint: 10573 ns, At safepoint: 12998 ns, Total: 23571 ns
[2020-09-11T13:14:53.754+0000][1][safepoint    ] Safepoint "RevokeBias", Time since last: 390414 ns, Reaching safepoint: 11026 ns, At safepoint: 13240 ns, Total: 24266 ns
[2020-09-11T13:14:53.754+0000][1][safepoint    ] Safepoint "RevokeBias", Time since last: 53669 ns, Reaching safepoint: 10408 ns, At safepoint: 12996 ns, Total: 23404 ns
[2020-09-11T13:14:53.754+0000][1][safepoint    ] Safepoint "RevokeBias", Time since last: 393597 ns, Reaching safepoint: 10846 ns, At safepoint: 13126 ns, Total: 23972 ns
[2020-09-11T13:14:53.754+0000][1][safepoint    ] Safepoint "RevokeBias", Time since last: 53753 ns, Reaching safepoint: 10339 ns, At safepoint: 12915 ns, Total: 23254 ns
[2020-09-11T13:14:53.755+0000][1][safepoint    ] Safepoint "RevokeBias", Time since last: 394608 ns, Reaching safepoint: 11089 ns, At safepoint: 13218 ns, Total: 24307 ns
[2020-09-11T13:14:53.755+0000][1][safepoint    ] Safepoint "RevokeBias", Time since last: 53861 ns, Reaching safepoint: 10412 ns, At safepoint: 12895 ns, Total: 23307 ns
[2020-09-11T13:14:53.755+0000][1][safepoint    ] Safepoint "RevokeBias", Time since last: 380005 ns, Reaching safepoint: 10905 ns, At safepoint: 13124 ns, Total: 24029 ns
[2020-09-11T13:14:53.755+0000][1][safepoint    ] Safepoint "RevokeBias", Time since last: 53990 ns, Reaching safepoint: 10506 ns, At safepoint: 12935 ns, Total: 23441 ns
[2020-09-11T13:14:53.767+0000][1][safepoint    ] Safepoint "RevokeBias", Time since last: 4352797 ns, Reaching safepoint: 7311299 ns, At safepoint: 36729 ns, Total: 7348028 ns
[2020-09-11T13:14:53.768+0000][1][safepoint    ] Safepoint "RevokeBias", Time since last: 578738 ns, Reaching safepoint: 82985 ns, At safepoint: 18512 ns, Total: 101497 ns
[2020-09-11T13:14:53.784+0000][1][safepoint    ] Safepoint "BulkRevokeBias", Time since last: 13806315 ns, Reaching safepoint: 2354374 ns, At safepoint: 105787 ns, Total: 2460161 ns
[2020-09-11T13:14:53.784+0000][1][safepoint    ] Safepoint "BulkRevokeBias", Time since last: 126287 ns, Reaching safepoint: 11046 ns, At safepoint: 43141 ns, Total: 54187 ns
[2020-09-11T13:14:53.836+0000][1][safepoint    ] Safepoint "RevokeBias", Time since last: 51642038 ns, Reaching safepoint: 164859 ns, At safepoint: 23006 ns, Total: 187865 ns
[2020-09-11T13:14:53.836+0000][1][safepoint    ] Safepoint "RevokeBias", Time since last: 57415 ns, Reaching safepoint: 132483 ns, At safepoint: 14335 ns, Total: 146818 ns
[2020-09-11T13:14:53.836+0000][1][safepoint    ] Safepoint "RevokeBias", Time since last: 326687 ns, Reaching safepoint: 130423 ns, At safepoint: 14589 ns, Total: 145012 ns
[2020-09-11T13:14:53.837+0000][1][safepoint    ] Safepoint "RevokeBias", Time since last: 838112 ns, Reaching safepoint: 135481 ns, At safepoint: 17313 ns, Total: 152794 ns
[2020-09-11T13:14:53.842+0000][1][safepoint    ] Safepoint "RevokeBias", Time since last: 1267595 ns, Reaching safepoint: 3150348 ns, At safepoint: 23878 ns, Total: 3174226 ns
[2020-09-11T13:14:53.842+0000][1][safepoint    ] Safepoint "RevokeBias", Time since last: 182508 ns, Reaching safepoint: 81192 ns, At safepoint: 23380 ns, Total: 104572 ns
[2020-09-11T13:14:53.848+0000][1][safepoint    ] Safepoint "CollectForMetadataAllocation", Time since last: 4921699 ns, Reaching safepoint: 335607 ns, At safepoint: 116427 ns, Total: 452034 ns
[2020-09-11T13:14:53.856+0000][1][safepoint    ] Safepoint "RevokeBias", Time since last: 5700841 ns, Reaching safepoint: 2378713 ns, At safepoint: 8190 ns, Total: 2386903 ns
[2020-09-11T13:14:54.348+0000][1][safepoint    ] Safepoint "RevokeBias", Time since last: 491884739 ns, Reaching safepoint: 155657 ns, At safepoint: 17975 ns, Total: 173632 ns
[2020-09-11T13:14:54.348+0000][1][safepoint    ] Safepoint "RevokeBias", Time since last: 142764 ns, Reaching safepoint: 27631 ns, At safepoint: 6665 ns, Total: 34296 ns
[2020-09-11T13:14:54.348+0000][1][safepoint    ] Safepoint "RevokeBias", Time since last: 92459 ns, Reaching safepoint: 25385 ns, At safepoint: 6201 ns, Total: 31586 ns
[2020-09-11T13:14:54.348+0000][1][safepoint    ] Safepoint "RevokeBias", Time since last: 85195 ns, Reaching safepoint: 24887 ns, At safepoint: 6031 ns, Total: 30918 ns
[2020-09-11T13:14:54.348+0000][1][safepoint    ] Safepoint "RevokeBias", Time since last: 84728 ns, Reaching safepoint: 24593 ns, At safepoint: 5987 ns, Total: 30580 ns
[2020-09-11T13:14:54.348+0000][1][safepoint    ] Safepoint "RevokeBias", Time since last: 90822 ns, Reaching safepoint: 24857 ns, At safepoint: 6020 ns, Total: 30877 ns
[2020-09-11T13:14:54.348+0000][1][safepoint    ] Safepoint "RevokeBias", Time since last: 88086 ns, Reaching safepoint: 24847 ns, At safepoint: 5897 ns, Total: 30744 ns
[2020-09-11T13:14:54.349+0000][1][safepoint    ] Safepoint "RevokeBias", Time since last: 86114 ns, Reaching safepoint: 24603 ns, At safepoint: 5924 ns, Total: 30527 ns
[2020-09-11T13:14:54.387+0000][1][safepoint    ] Safepoint "RevokeBias", Time since last: 38299341 ns, Reaching safepoint: 39894 ns, At safepoint: 3868 ns, Total: 43762 ns
[2020-09-11T13:14:54.394+0000][1][safepoint    ] Safepoint "RevokeBias", Time since last: 6469944 ns, Reaching safepoint: 168160 ns, At safepoint: 13169 ns, Total: 181329 ns
[2020-09-11T13:14:54.394+0000][1][safepoint    ] Safepoint "RevokeBias", Time since last: 468527 ns, Reaching safepoint: 126231 ns, At safepoint: 10910 ns, Total: 137141 ns
[2020-09-11T13:14:54.394+0000][1][safepoint    ] Safepoint "RevokeBias", Time since last: 71176 ns, Reaching safepoint: 129329 ns, At safepoint: 9783 ns, Total: 139112 ns
[2020-09-11T13:14:54.395+0000][1][safepoint    ] Safepoint "RevokeBias", Time since last: 45916 ns, Reaching safepoint: 123629 ns, At safepoint: 9182 ns, Total: 132811 ns
[2020-09-11T13:14:54.395+0000][1][safepoint    ] Safepoint "RevokeBias", Time since last: 43995 ns, Reaching safepoint: 128474 ns, At safepoint: 9010 ns, Total: 137484 ns
[2020-09-11T13:14:54.395+0000][1][safepoint    ] Safepoint "RevokeBias", Time since last: 89108 ns, Reaching safepoint: 126416 ns, At safepoint: 8670 ns, Total: 135086 ns
[2020-09-11T13:14:54.395+0000][1][safepoint    ] Safepoint "RevokeBias", Time since last: 37247 ns, Reaching safepoint: 118541 ns, At safepoint: 8701 ns, Total: 127242 ns
[2020-09-11T13:14:54.395+0000][1][safepoint    ] Safepoint "RevokeBias", Time since last: 35252 ns, Reaching safepoint: 125648 ns, At safepoint: 8595 ns, Total: 134243 ns
[2020-09-11T13:14:54.396+0000][1][safepoint    ] Safepoint "RevokeBias", Time since last: 45764 ns, Reaching safepoint: 126133 ns, At safepoint: 9039 ns, Total: 135172 ns
[2020-09-11T13:14:54.396+0000][1][safepoint    ] Safepoint "RevokeBias", Time since last: 64507 ns, Reaching safepoint: 129185 ns, At safepoint: 8556 ns, Total: 137741 ns
[2020-09-11T13:14:54.396+0000][1][safepoint    ] Safepoint "RevokeBias", Time since last: 67233 ns, Reaching safepoint: 127534 ns, At safepoint: 8580 ns, Total: 136114 ns
[2020-09-11T13:14:54.396+0000][1][safepoint    ] Safepoint "RevokeBias", Time since last: 364611 ns, Reaching safepoint: 128626 ns, At safepoint: 8914 ns, Total: 137540 ns
[2020-09-11T13:14:54.398+0000][1][safepoint    ] Safepoint "RevokeBias", Time since last: 1434366 ns, Reaching safepoint: 127351 ns, At safepoint: 10093 ns, Total: 137444 ns
[2020-09-11T13:14:54.398+0000][1][safepoint    ] Safepoint "RevokeBias", Time since last: 65737 ns, Reaching safepoint: 128574 ns, At safepoint: 8817 ns, Total: 137391 ns
[2020-09-11T13:14:54.398+0000][1][safepoint    ] Safepoint "RevokeBias", Time since last: 116218 ns, Reaching safepoint: 130725 ns, At safepoint: 8669 ns, Total: 139394 ns
[2020-09-11T13:14:54.399+0000][1][safepoint    ] Safepoint "RevokeBias", Time since last: 47753 ns, Reaching safepoint: 130907 ns, At safepoint: 8515 ns, Total: 139422 ns
[2020-09-11T13:14:54.399+0000][1][safepoint    ] Safepoint "RevokeBias", Time since last: 33257 ns, Reaching safepoint: 124115 ns, At safepoint: 8332 ns, Total: 132447 ns
[2020-09-11T13:14:54.399+0000][1][safepoint    ] Safepoint "RevokeBias", Time since last: 32133 ns, Reaching safepoint: 128356 ns, At safepoint: 8263 ns, Total: 136619 ns
[2020-09-11T13:14:54.400+0000][1][safepoint    ] Safepoint "RevokeBias", Time since last: 488449 ns, Reaching safepoint: 127136 ns, At safepoint: 9086 ns, Total: 136222 ns
[2020-09-11T13:14:54.400+0000][1][safepoint    ] Safepoint "RevokeBias", Time since last: 70870 ns, Reaching safepoint: 125996 ns, At safepoint: 9753 ns, Total: 135749 ns
[2020-09-11T13:14:54.400+0000][1][safepoint    ] Safepoint "BulkRevokeBias", Time since last: 402090 ns, Reaching safepoint: 133197 ns, At safepoint: 52751 ns, Total: 185948 ns
[2020-09-11T13:14:54.401+0000][1][safepoint    ] Safepoint "RevokeBias", Time since last: 56198 ns, Reaching safepoint: 135645 ns, At safepoint: 9775 ns, Total: 145420 ns
[2020-09-11T13:14:54.419+0000][1][safepoint    ] Safepoint "RevokeBias", Time since last: 18824970 ns, Reaching safepoint: 49774 ns, At safepoint: 12460 ns, Total: 62234 ns
[2020-09-11T13:14:54.420+0000][1][safepoint    ] Safepoint "RevokeBias", Time since last: 66055 ns, Reaching safepoint: 135037 ns, At safepoint: 11004 ns, Total: 146041 ns
[2020-09-11T13:14:54.420+0000][1][safepoint    ] Safepoint "RevokeBias", Time since last: 43387 ns, Reaching safepoint: 134612 ns, At safepoint: 9346 ns, Total: 143958 ns
[2020-09-11T13:14:54.421+0000][1][safepoint    ] Safepoint "RevokeBias", Time since last: 610957 ns, Reaching safepoint: 139859 ns, At safepoint: 9843 ns, Total: 149702 ns
[2020-09-11T13:14:54.421+0000][1][safepoint    ] Safepoint "RevokeBias", Time since last: 57652 ns, Reaching safepoint: 136502 ns, At safepoint: 9366 ns, Total: 145868 ns
[2020-09-11T13:14:54.421+0000][1][safepoint    ] Safepoint "RevokeBias", Time since last: 36396 ns, Reaching safepoint: 133173 ns, At safepoint: 8773 ns, Total: 141946 ns
[2020-09-11T13:14:54.422+0000][1][safepoint    ] Safepoint "RevokeBias", Time since last: 369065 ns, Reaching safepoint: 115466 ns, At safepoint: 8939 ns, Total: 124405 ns
[2020-09-11T13:14:54.423+0000][1][safepoint    ] Safepoint "RevokeBias", Time since last: 1896358 ns, Reaching safepoint: 32422 ns, At safepoint: 8182 ns, Total: 40604 ns
[2020-09-11T13:14:54.424+0000][1][safepoint    ] Safepoint "RevokeBias", Time since last: 120333 ns, Reaching safepoint: 132081 ns, At safepoint: 9509 ns, Total: 141590 ns
[2020-09-11T13:14:54.425+0000][1][safepoint    ] Safepoint "RevokeBias", Time since last: 1388825 ns, Reaching safepoint: 135901 ns, At safepoint: 11536 ns, Total: 147437 ns
[2020-09-11T13:14:54.452+0000][1][safepoint    ] Safepoint "RevokeBias", Time since last: 25104295 ns, Reaching safepoint: 1403324 ns, At safepoint: 25601 ns, Total: 1428925 ns
[2020-09-11T13:14:54.452+0000][1][safepoint    ] Safepoint "RevokeBias", Time since last: 268939 ns, Reaching safepoint: 129729 ns, At safepoint: 10804 ns, Total: 140533 ns
[2020-09-11T13:14:54.452+0000][1][safepoint    ] Safepoint "RevokeBias", Time since last: 93022 ns, Reaching safepoint: 201882 ns, At safepoint: 11540 ns, Total: 213422 ns
[2020-09-11T13:14:54.453+0000][1][safepoint    ] Safepoint "RevokeBias", Time since last: 57741 ns, Reaching safepoint: 129043 ns, At safepoint: 10352 ns, Total: 139395 ns
[2020-09-11T13:14:54.455+0000][1][safepoint    ] Safepoint "RevokeBias", Time since last: 1715892 ns, Reaching safepoint: 129655 ns, At safepoint: 17608 ns, Total: 147263 ns
[2020-09-11T13:14:54.455+0000][1][safepoint    ] Safepoint "RevokeBias", Time since last: 401633 ns, Reaching safepoint: 121336 ns, At safepoint: 11264 ns, Total: 132600 ns
[2020-09-11T13:14:54.460+0000][1][safepoint    ] Safepoint "RevokeBias", Time since last: 4468211 ns, Reaching safepoint: 864556 ns, At safepoint: 15149 ns, Total: 879705 ns
[2020-09-11T13:14:54.461+0000][1][safepoint    ] Safepoint "RevokeBias", Time since last: 69246 ns, Reaching safepoint: 11622 ns, At safepoint: 6071 ns, Total: 17693 ns
[2020-09-11T13:14:54.461+0000][1][safepoint    ] Safepoint "RevokeBias", Time since last: 30347 ns, Reaching safepoint: 8046 ns, At safepoint: 12642 ns, Total: 20688 ns
[2020-09-11T13:14:54.461+0000][1][safepoint    ] Safepoint "RevokeBias", Time since last: 340818 ns, Reaching safepoint: 139809 ns, At safepoint: 8822 ns, Total: 148631 ns
[2020-09-11T13:14:54.468+0000][1][safepoint    ] Safepoint "RevokeBias", Time since last: 6344007 ns, Reaching safepoint: 691037 ns, At safepoint: 7946 ns, Total: 698983 ns
[2020-09-11T13:14:54.499+0000][1][gc           ] GC(62) Concurrent Abortable Preclean 1182.127ms
[2020-09-11T13:14:54.499+0000][1][gc,cpu       ] GC(62) User=0.77s Sys=0.04s Real=1.18s
[2020-09-11T13:14:54.499+0000][1][gc,start     ] GC(62) Pause Remark
[2020-09-11T13:14:54.517+0000][1][gc           ] GC(62) Pause Remark 92M->92M(503M) 18.215ms
[2020-09-11T13:14:54.517+0000][1][gc,cpu       ] GC(62) User=0.02s Sys=0.00s Real=0.02s
[2020-09-11T13:14:54.520+0000][1][safepoint    ] Safepoint "CMS_Final_Remark", Time since last: 30736822 ns, Reaching safepoint: 25167 ns, At safepoint: 21137093 ns, Total: 21162260 ns
[2020-09-11T13:14:54.520+0000][1][gc           ] GC(62) Concurrent Sweep
[2020-09-11T13:14:54.539+0000][1][gc           ] GC(62) Concurrent Sweep 19.435ms
[2020-09-11T13:14:54.540+0000][1][gc,cpu       ] GC(62) User=0.01s Sys=0.00s Real=0.02s
[2020-09-11T13:14:54.540+0000][1][gc           ] GC(62) Concurrent Reset
[2020-09-11T13:14:54.540+0000][1][gc           ] GC(62) Concurrent Reset 0.641ms
[2020-09-11T13:14:54.540+0000][1][gc,cpu       ] GC(62) User=0.00s Sys=0.00s Real=0.00s
[2020-09-11T13:14:54.540+0000][1][gc,heap      ] GC(62) Old: 56835K->55831K(439104K)
[2020-09-11T13:14:54.540+0000][1][gc,heap,exit ] Heap
[2020-09-11T13:14:54.540+0000][1][gc,heap,exit ]  par new generation   total 76672K, used 38169K [0x00000000e0000000, 0x00000000e5330000, 0x00000000e5330000)
[2020-09-11T13:14:54.540+0000][1][gc,heap,exit ]   eden space 68160K,  44% used [0x00000000e0000000, 0x00000000e1d5f060, 0x00000000e4290000)
[2020-09-11T13:14:54.540+0000][1][gc,heap,exit ]   from space 8512K,  95% used [0x00000000e4290000, 0x00000000e4a77400, 0x00000000e4ae0000)
[2020-09-11T13:14:54.540+0000][1][gc,heap,exit ]   to   space 8512K,   0% used [0x00000000e4ae0000, 0x00000000e4ae0000, 0x00000000e5330000)
[2020-09-11T13:14:54.540+0000][1][gc,heap,exit ]  concurrent mark-sweep generation total 439104K, used 55831K [0x00000000e5330000, 0x0000000100000000, 0x0000000100000000)
[2020-09-11T13:14:54.540+0000][1][gc,heap,exit ]  Metaspace       used 69469K, capacity 74978K, committed 75320K, reserved 1114112K
[2020-09-11T13:14:54.540+0000][1][gc,heap,exit ]   class space    used 9377K, capacity 11651K, committed 11692K, reserved 1048576K
