[2020-09-11T12:45:01.275+0000][1][gc] Using Concurrent Mark Sweep
[2020-09-11T12:45:01.276+0000][1][gc,heap,coops] Heap address: 0x00000000e0000000, size: 512 MB, Compressed Oops mode: 32-bit
[2020-09-11T12:45:01.548+0000][1][safepoint    ] Safepoint "EnableBiasedLocking", Time since last: 234918003 ns, Reaching safepoint: 5075569 ns, At safepoint: 47198 ns, Total: 5122767 ns
[2020-09-11T12:45:01.564+0000][1][safepoint    ] Safepoint "RevokeBias", Time since last: 12498183 ns, Reaching safepoint: 3459657 ns, At safepoint: 49570 ns, Total: 3509227 ns
[2020-09-11T12:45:01.626+0000][1][safepoint    ] Safepoint "Deoptimize", Time since last: 61684563 ns, Reaching safepoint: 825234 ns, At safepoint: 26632 ns, Total: 851866 ns
[2020-09-11T12:45:02.339+0000][1][safepoint    ] Safepoint "RevokeBias", Time since last: 711880792 ns, Reaching safepoint: 1438515 ns, At safepoint: 79440 ns, Total: 1517955 ns
[2020-09-11T12:45:02.383+0000][1][safepoint    ] Safepoint "RevokeBias", Time since last: 41805799 ns, Reaching safepoint: 2160924 ns, At safepoint: 31525 ns, Total: 2192449 ns
[2020-09-11T12:45:02.400+0000][1][safepoint    ] Safepoint "Deoptimize", Time since last: 16010970 ns, Reaching safepoint: 105821 ns, At safepoint: 39405 ns, Total: 145226 ns
[2020-09-11T12:45:02.405+0000][1][safepoint    ] Safepoint "Deoptimize", Time since last: 5608853 ns, Reaching safepoint: 124738 ns, At safepoint: 36037 ns, Total: 160775 ns
[2020-09-11T12:45:02.637+0000][1][safepoint    ] Safepoint "Deoptimize", Time since last: 225408211 ns, Reaching safepoint: 6119100 ns, At safepoint: 49775 ns, Total: 6168875 ns
[2020-09-11T12:45:03.649+0000][1][safepoint    ] Safepoint "Cleanup", Time since last: 1010472383 ns, Reaching safepoint: 1722739 ns, At safepoint: 8056 ns, Total: 1730795 ns
[2020-09-11T12:45:04.660+0000][1][safepoint    ] Safepoint "Cleanup", Time since last: 1010351953 ns, Reaching safepoint: 123387 ns, At safepoint: 5649 ns, Total: 129036 ns
[2020-09-11T12:45:05.067+0000][1][safepoint    ] Safepoint "Deoptimize", Time since last: 407014938 ns, Reaching safepoint: 99385 ns, At safepoint: 67698 ns, Total: 167083 ns
[2020-09-11T12:45:05.387+0000][1][safepoint    ] Safepoint "Deoptimize", Time since last: 320030772 ns, Reaching safepoint: 102742 ns, At safepoint: 77475 ns, Total: 180217 ns
[2020-09-11T12:45:05.776+0000][1][safepoint    ] Safepoint "Deoptimize", Time since last: 385398694 ns, Reaching safepoint: 3070751 ns, At safepoint: 80199 ns, Total: 3150950 ns
[2020-09-11T12:45:06.780+0000][1][safepoint    ] Safepoint "Cleanup", Time since last: 1003856579 ns, Reaching safepoint: 192875 ns, At safepoint: 7163 ns, Total: 200038 ns
[2020-09-11T12:45:07.612+0000][1][safepoint    ] Safepoint "Deoptimize", Time since last: 832640142 ns, Reaching safepoint: 106081 ns, At safepoint: 87641 ns, Total: 193722 ns
[2020-09-11T12:45:08.624+0000][1][safepoint    ] Safepoint "Cleanup", Time since last: 1011657385 ns, Reaching safepoint: 39281 ns, At safepoint: 6517 ns, Total: 45798 ns
[2020-09-11T12:45:09.817+0000][1][safepoint    ] Safepoint "Deoptimize", Time since last: 1192527874 ns, Reaching safepoint: 96975 ns, At safepoint: 91387 ns, Total: 188362 ns
[2020-09-11T12:45:10.828+0000][1][safepoint    ] Safepoint "Cleanup", Time since last: 1010538325 ns, Reaching safepoint: 116659 ns, At safepoint: 7140 ns, Total: 123799 ns
[2020-09-11T12:45:11.772+0000][1][safepoint    ] Safepoint "Deoptimize", Time since last: 943873328 ns, Reaching safepoint: 116277 ns, At safepoint: 124180 ns, Total: 240457 ns
[2020-09-11T12:45:11.791+0000][1][safepoint    ] Safepoint "Deoptimize", Time since last: 18744198 ns, Reaching safepoint: 94135 ns, At safepoint: 121397 ns, Total: 215532 ns
[2020-09-11T12:45:12.140+0000][1][safepoint    ] Safepoint "Deoptimize", Time since last: 346357206 ns, Reaching safepoint: 2458501 ns, At safepoint: 128560 ns, Total: 2587061 ns
[2020-09-11T12:45:12.173+0000][1][safepoint    ] Safepoint "Deoptimize", Time since last: 33345802 ns, Reaching safepoint: 107973 ns, At safepoint: 132436 ns, Total: 240409 ns
[2020-09-11T12:45:12.262+0000][1][safepoint    ] Safepoint "RevokeBias", Time since last: 88552541 ns, Reaching safepoint: 399873 ns, At safepoint: 48956 ns, Total: 448829 ns
[2020-09-11T12:45:12.262+0000][1][safepoint    ] Safepoint "RevokeBias", Time since last: 183685 ns, Reaching safepoint: 88842 ns, At safepoint: 32511 ns, Total: 121353 ns
[2020-09-11T12:45:12.263+0000][1][safepoint    ] Safepoint "RevokeBias", Time since last: 40096 ns, Reaching safepoint: 81749 ns, At safepoint: 26537 ns, Total: 108286 ns
[2020-09-11T12:45:12.263+0000][1][safepoint    ] Safepoint "RevokeBias", Time since last: 59233 ns, Reaching safepoint: 745157 ns, At safepoint: 32043 ns, Total: 777200 ns
[2020-09-11T12:45:12.265+0000][1][safepoint    ] Safepoint "RevokeBias", Time since last: 147561 ns, Reaching safepoint: 1192387 ns, At safepoint: 32774 ns, Total: 1225161 ns
[2020-09-11T12:45:13.276+0000][1][safepoint    ] Safepoint "Cleanup", Time since last: 1010587805 ns, Reaching safepoint: 142431 ns, At safepoint: 6347 ns, Total: 148778 ns
[2020-09-11T12:45:14.281+0000][1][safepoint    ] Safepoint "Cleanup", Time since last: 1005377630 ns, Reaching safepoint: 123246 ns, At safepoint: 5770 ns, Total: 129016 ns
[2020-09-11T12:45:14.988+0000][1][gc,start     ] GC(0) Pause Young (Allocation Failure)
[2020-09-11T12:45:14.988+0000][1][gc,task      ] GC(0) Using 1 workers of 1 for evacuation
[2020-09-11T12:45:15.067+0000][1][gc,age       ] GC(0) Desired survivor size 4358144 bytes, new threshold 1 (max threshold 6)
[2020-09-11T12:45:15.067+0000][1][gc,age       ] GC(0) Age table with threshold 1 (max threshold 6)
[2020-09-11T12:45:15.067+0000][1][gc,age       ] GC(0) - age   1:    6418008 bytes,    6418008 total
[2020-09-11T12:45:15.067+0000][1][gc,heap      ] GC(0) ParNew: 68160K->6293K(76672K)
[2020-09-11T12:45:15.067+0000][1][gc,heap      ] GC(0) CMS: 0K->0K(439104K)
[2020-09-11T12:45:15.067+0000][1][gc,metaspace ] GC(0) Metaspace: 13591K->13591K(1062912K)
[2020-09-11T12:45:15.068+0000][1][gc           ] GC(0) Pause Young (Allocation Failure) 66M->6M(503M) 79.191ms
[2020-09-11T12:45:15.068+0000][1][gc,cpu       ] GC(0) User=0.02s Sys=0.00s Real=0.08s
[2020-09-11T12:45:15.069+0000][1][safepoint    ] Safepoint "GenCollectForAllocation", Time since last: 707123999 ns, Reaching safepoint: 113258 ns, At safepoint: 80933404 ns, Total: 81046662 ns
[2020-09-11T12:45:15.115+0000][1][safepoint    ] Safepoint "RevokeBias", Time since last: 26321550 ns, Reaching safepoint: 1066750 ns, At safepoint: 18817660 ns, Total: 19884410 ns
[2020-09-11T12:45:15.116+0000][1][safepoint    ] Safepoint "RevokeBias", Time since last: 145576 ns, Reaching safepoint: 92815 ns, At safepoint: 34639 ns, Total: 127454 ns
[2020-09-11T12:45:15.120+0000][1][safepoint    ] Safepoint "RevokeBias", Time since last: 50742 ns, Reaching safepoint: 4342987 ns, At safepoint: 30467 ns, Total: 4373454 ns
[2020-09-11T12:45:15.120+0000][1][safepoint    ] Safepoint "RevokeBias", Time since last: 60325 ns, Reaching safepoint: 78984 ns, At safepoint: 15841 ns, Total: 94825 ns
[2020-09-11T12:45:15.120+0000][1][safepoint    ] Safepoint "RevokeBias", Time since last: 52256 ns, Reaching safepoint: 78854 ns, At safepoint: 18208 ns, Total: 97062 ns
[2020-09-11T12:45:15.121+0000][1][safepoint    ] Safepoint "RevokeBias", Time since last: 30310 ns, Reaching safepoint: 78704 ns, At safepoint: 18163 ns, Total: 96867 ns
[2020-09-11T12:45:15.121+0000][1][safepoint    ] Safepoint "RevokeBias", Time since last: 37280 ns, Reaching safepoint: 77545 ns, At safepoint: 14170 ns, Total: 91715 ns
[2020-09-11T12:45:15.121+0000][1][safepoint    ] Safepoint "RevokeBias", Time since last: 29677 ns, Reaching safepoint: 77726 ns, At safepoint: 14879 ns, Total: 92605 ns
[2020-09-11T12:45:15.125+0000][1][safepoint    ] Safepoint "RevokeBias", Time since last: 4322320 ns, Reaching safepoint: 95972 ns, At safepoint: 24668 ns, Total: 120640 ns
[2020-09-11T12:45:15.125+0000][1][safepoint    ] Safepoint "RevokeBias", Time since last: 44579 ns, Reaching safepoint: 78835 ns, At safepoint: 17180 ns, Total: 96015 ns
[2020-09-11T12:45:15.126+0000][1][safepoint    ] Safepoint "RevokeBias", Time since last: 37485 ns, Reaching safepoint: 79052 ns, At safepoint: 21322 ns, Total: 100374 ns
[2020-09-11T12:45:15.126+0000][1][safepoint    ] Safepoint "RevokeBias", Time since last: 39608 ns, Reaching safepoint: 77203 ns, At safepoint: 19152 ns, Total: 96355 ns
[2020-09-11T12:45:15.126+0000][1][safepoint    ] Safepoint "RevokeBias", Time since last: 35469 ns, Reaching safepoint: 77237 ns, At safepoint: 21824 ns, Total: 99061 ns
[2020-09-11T12:45:15.126+0000][1][safepoint    ] Safepoint "RevokeBias", Time since last: 28103 ns, Reaching safepoint: 76273 ns, At safepoint: 18154 ns, Total: 94427 ns
[2020-09-11T12:45:15.126+0000][1][safepoint    ] Safepoint "RevokeBias", Time since last: 62681 ns, Reaching safepoint: 77310 ns, At safepoint: 18368 ns, Total: 95678 ns
[2020-09-11T12:45:15.126+0000][1][safepoint    ] Safepoint "RevokeBias", Time since last: 28359 ns, Reaching safepoint: 78432 ns, At safepoint: 27006 ns, Total: 105438 ns
[2020-09-11T12:45:15.126+0000][1][safepoint    ] Safepoint "RevokeBias", Time since last: 168756 ns, Reaching safepoint: 77993 ns, At safepoint: 17911 ns, Total: 95904 ns
[2020-09-11T12:45:15.135+0000][1][safepoint    ] Safepoint "RevokeBias", Time since last: 29300 ns, Reaching safepoint: 8917526 ns, At safepoint: 42099 ns, Total: 8959625 ns
[2020-09-11T12:45:15.136+0000][1][safepoint    ] Safepoint "RevokeBias", Time since last: 81893 ns, Reaching safepoint: 79133 ns, At safepoint: 25412 ns, Total: 104545 ns
[2020-09-11T12:45:15.136+0000][1][safepoint    ] Safepoint "RevokeBias", Time since last: 30757 ns, Reaching safepoint: 76887 ns, At safepoint: 17599 ns, Total: 94486 ns
[2020-09-11T12:45:15.136+0000][1][safepoint    ] Safepoint "RevokeBias", Time since last: 51376 ns, Reaching safepoint: 79002 ns, At safepoint: 21622 ns, Total: 100624 ns
[2020-09-11T12:45:15.137+0000][1][safepoint    ] Safepoint "RevokeBias", Time since last: 30128 ns, Reaching safepoint: 531358 ns, At safepoint: 20082 ns, Total: 551440 ns
[2020-09-11T12:45:15.148+0000][1][safepoint    ] Safepoint "RevokeBias", Time since last: 10884084 ns, Reaching safepoint: 237504 ns, At safepoint: 21974 ns, Total: 259478 ns
[2020-09-11T12:45:15.204+0000][1][safepoint    ] Safepoint "RevokeBias", Time since last: 53860890 ns, Reaching safepoint: 1929142 ns, At safepoint: 60502 ns, Total: 1989644 ns
[2020-09-11T12:45:15.207+0000][1][safepoint    ] Safepoint "RevokeBias", Time since last: 88206 ns, Reaching safepoint: 3240557 ns, At safepoint: 56965 ns, Total: 3297522 ns
[2020-09-11T12:45:15.207+0000][1][safepoint    ] Safepoint "RevokeBias", Time since last: 53607 ns, Reaching safepoint: 85913 ns, At safepoint: 36044 ns, Total: 121957 ns
[2020-09-11T12:45:15.207+0000][1][safepoint    ] Safepoint "RevokeBias", Time since last: 53237 ns, Reaching safepoint: 93240 ns, At safepoint: 31295 ns, Total: 124535 ns
[2020-09-11T12:45:15.207+0000][1][safepoint    ] Safepoint "RevokeBias", Time since last: 25971 ns, Reaching safepoint: 81660 ns, At safepoint: 50192 ns, Total: 131852 ns
[2020-09-11T12:45:15.211+0000][1][safepoint    ] Safepoint "RevokeBias", Time since last: 980551 ns, Reaching safepoint: 2513107 ns, At safepoint: 503956 ns, Total: 3017063 ns
[2020-09-11T12:45:15.214+0000][1][safepoint    ] Safepoint "RevokeBias", Time since last: 55906 ns, Reaching safepoint: 2050005 ns, At safepoint: 39567 ns, Total: 2089572 ns
[2020-09-11T12:45:15.320+0000][1][safepoint    ] Safepoint "Deoptimize", Time since last: 102754468 ns, Reaching safepoint: 3127798 ns, At safepoint: 192548 ns, Total: 3320346 ns
[2020-09-11T12:45:16.324+0000][1][safepoint    ] Safepoint "Cleanup", Time since last: 1003842234 ns, Reaching safepoint: 214181 ns, At safepoint: 6201 ns, Total: 220382 ns
[2020-09-11T12:45:16.823+0000][1][safepoint    ] Safepoint "RevokeBias", Time since last: 495502180 ns, Reaching safepoint: 120116 ns, At safepoint: 4137016 ns, Total: 4257132 ns
[2020-09-11T12:45:17.828+0000][1][safepoint    ] Safepoint "Cleanup", Time since last: 1003866033 ns, Reaching safepoint: 257796 ns, At safepoint: 6417 ns, Total: 264213 ns
[2020-09-11T12:45:18.828+0000][1][safepoint    ] Safepoint "Deoptimize", Time since last: 998702611 ns, Reaching safepoint: 1135871 ns, At safepoint: 175627 ns, Total: 1311498 ns
[2020-09-11T12:45:19.598+0000][1][safepoint    ] Safepoint "Deoptimize", Time since last: 768735136 ns, Reaching safepoint: 1603954 ns, At safepoint: 189082 ns, Total: 1793036 ns
[2020-09-11T12:45:19.615+0000][1][gc,start     ] GC(1) Pause Young (Allocation Failure)
[2020-09-11T12:45:19.615+0000][1][gc,task      ] GC(1) Using 1 workers of 1 for evacuation
[2020-09-11T12:45:19.775+0000][1][gc,age       ] GC(1) Desired survivor size 4358144 bytes, new threshold 6 (max threshold 6)
[2020-09-11T12:45:19.775+0000][1][gc,age       ] GC(1) Age table with threshold 6 (max threshold 6)
[2020-09-11T12:45:19.775+0000][1][gc,age       ] GC(1) - age   1:    3948664 bytes,    3948664 total
[2020-09-11T12:45:19.775+0000][1][gc,heap      ] GC(1) ParNew: 74453K->4197K(76672K)
[2020-09-11T12:45:19.775+0000][1][gc,heap      ] GC(1) CMS: 0K->6806K(439104K)
[2020-09-11T12:45:19.775+0000][1][gc,metaspace ] GC(1) Metaspace: 19151K->19151K(1067008K)
[2020-09-11T12:45:19.775+0000][1][gc           ] GC(1) Pause Young (Allocation Failure) 72M->10M(503M) 159.929ms
[2020-09-11T12:45:19.775+0000][1][gc,cpu       ] GC(1) User=0.04s Sys=0.00s Real=0.16s
[2020-09-11T12:45:19.785+0000][1][safepoint    ] Safepoint "GenCollectForAllocation", Time since last: 13979077 ns, Reaching safepoint: 2745210 ns, At safepoint: 169736342 ns, Total: 172481552 ns
[2020-09-11T12:45:19.804+0000][1][safepoint    ] Safepoint "BulkRevokeBias", Time since last: 14355487 ns, Reaching safepoint: 4499225 ns, At safepoint: 392707 ns, Total: 4891932 ns
[2020-09-11T12:45:19.807+0000][1][safepoint    ] Safepoint "RevokeBias", Time since last: 107827 ns, Reaching safepoint: 1595627 ns, At safepoint: 1532055 ns, Total: 3127682 ns
[2020-09-11T12:45:19.809+0000][1][safepoint    ] Safepoint "Deoptimize", Time since last: 38841 ns, Reaching safepoint: 14828 ns, At safepoint: 2198392 ns, Total: 2213220 ns
[2020-09-11T12:45:19.810+0000][1][safepoint    ] Safepoint "RevokeBias", Time since last: 67802 ns, Reaching safepoint: 282480 ns, At safepoint: 51581 ns, Total: 334061 ns
[2020-09-11T12:45:19.811+0000][1][safepoint    ] Safepoint "RevokeBias", Time since last: 43028 ns, Reaching safepoint: 1646039 ns, At safepoint: 43604 ns, Total: 1689643 ns
[2020-09-11T12:45:19.812+0000][1][safepoint    ] Safepoint "RevokeBias", Time since last: 35390 ns, Reaching safepoint: 764345 ns, At safepoint: 58213 ns, Total: 822558 ns
[2020-09-11T12:45:19.813+0000][1][safepoint    ] Safepoint "RevokeBias", Time since last: 44852 ns, Reaching safepoint: 419387 ns, At safepoint: 39979 ns, Total: 459366 ns
[2020-09-11T12:45:19.814+0000][1][safepoint    ] Safepoint "RevokeBias", Time since last: 32850 ns, Reaching safepoint: 610827 ns, At safepoint: 40613 ns, Total: 651440 ns
[2020-09-11T12:45:19.814+0000][1][safepoint    ] Safepoint "BulkRevokeBias", Time since last: 42088 ns, Reaching safepoint: 268913 ns, At safepoint: 56925 ns, Total: 325838 ns
[2020-09-11T12:45:19.815+0000][1][safepoint    ] Safepoint "BulkRevokeBias", Time since last: 28987 ns, Reaching safepoint: 888073 ns, At safepoint: 67389 ns, Total: 955462 ns
[2020-09-11T12:45:20.820+0000][1][safepoint    ] Safepoint "Cleanup", Time since last: 1004555816 ns, Reaching safepoint: 446155 ns, At safepoint: 5577 ns, Total: 451732 ns
[2020-09-11T12:45:20.904+0000][1][safepoint    ] Safepoint "Deoptimize", Time since last: 79555879 ns, Reaching safepoint: 4098513 ns, At safepoint: 200371 ns, Total: 4298884 ns
[2020-09-11T12:45:20.905+0000][1][safepoint    ] Safepoint "RevokeBias", Time since last: 495089 ns, Reaching safepoint: 613073 ns, At safepoint: 52847 ns, Total: 665920 ns
[2020-09-11T12:45:20.908+0000][1][safepoint    ] Safepoint "Deoptimize", Time since last: 865810 ns, Reaching safepoint: 2396733 ns, At safepoint: 208092 ns, Total: 2604825 ns
[2020-09-11T12:45:21.919+0000][1][safepoint    ] Safepoint "Cleanup", Time since last: 1010927175 ns, Reaching safepoint: 129864 ns, At safepoint: 5661 ns, Total: 135525 ns
[2020-09-11T12:45:22.659+0000][1][gc,start     ] GC(2) Pause Young (Allocation Failure)
[2020-09-11T12:45:22.659+0000][1][gc,task      ] GC(2) Using 1 workers of 1 for evacuation
[2020-09-11T12:45:22.694+0000][1][gc,age       ] GC(2) Desired survivor size 4358144 bytes, new threshold 6 (max threshold 6)
[2020-09-11T12:45:22.694+0000][1][gc,age       ] GC(2) Age table with threshold 6 (max threshold 6)
[2020-09-11T12:45:22.694+0000][1][gc,age       ] GC(2) - age   1:     430008 bytes,     430008 total
[2020-09-11T12:45:22.694+0000][1][gc,age       ] GC(2) - age   2:    3907528 bytes,    4337536 total
[2020-09-11T12:45:22.694+0000][1][gc,heap      ] GC(2) ParNew: 72357K->7896K(76672K)
[2020-09-11T12:45:22.694+0000][1][gc,heap      ] GC(2) CMS: 6806K->6806K(439104K)
[2020-09-11T12:45:22.694+0000][1][gc,metaspace ] GC(2) Metaspace: 20077K->20077K(1067008K)
[2020-09-11T12:45:22.694+0000][1][gc           ] GC(2) Pause Young (Allocation Failure) 77M->14M(503M) 35.066ms
[2020-09-11T12:45:22.694+0000][1][gc,cpu       ] GC(2) User=0.00s Sys=0.00s Real=0.03s
[2020-09-11T12:45:22.711+0000][1][safepoint    ] Safepoint "GenCollectForAllocation", Time since last: 739813062 ns, Reaching safepoint: 114000 ns, At safepoint: 51907007 ns, Total: 52021007 ns
[2020-09-11T12:45:22.740+0000][1][safepoint    ] Safepoint "RevokeBias", Time since last: 28151561 ns, Reaching safepoint: 106525 ns, At safepoint: 46071 ns, Total: 152596 ns
[2020-09-11T12:45:22.740+0000][1][safepoint    ] Safepoint "RevokeBias", Time since last: 81558 ns, Reaching safepoint: 79728 ns, At safepoint: 28272 ns, Total: 108000 ns
[2020-09-11T12:45:22.740+0000][1][safepoint    ] Safepoint "RevokeBias", Time since last: 70113 ns, Reaching safepoint: 79830 ns, At safepoint: 26732 ns, Total: 106562 ns
[2020-09-11T12:45:22.740+0000][1][safepoint    ] Safepoint "RevokeBias", Time since last: 29572 ns, Reaching safepoint: 78684 ns, At safepoint: 24737 ns, Total: 103421 ns
[2020-09-11T12:45:22.740+0000][1][safepoint    ] Safepoint "RevokeBias", Time since last: 28427 ns, Reaching safepoint: 79175 ns, At safepoint: 26447 ns, Total: 105622 ns
[2020-09-11T12:45:22.740+0000][1][safepoint    ] Safepoint "RevokeBias", Time since last: 28177 ns, Reaching safepoint: 78064 ns, At safepoint: 25152 ns, Total: 103216 ns
[2020-09-11T12:45:22.744+0000][1][safepoint    ] Safepoint "RevokeBias", Time since last: 29874 ns, Reaching safepoint: 3104064 ns, At safepoint: 47125 ns, Total: 3151189 ns
[2020-09-11T12:45:22.761+0000][1][safepoint    ] Safepoint "RevokeBias", Time since last: 368471 ns, Reaching safepoint: 17501391 ns, At safepoint: 61144 ns, Total: 17562535 ns
[2020-09-11T12:45:22.768+0000][1][safepoint    ] Safepoint "RevokeBias", Time since last: 6002169 ns, Reaching safepoint: 108872 ns, At safepoint: 33346 ns, Total: 142218 ns
[2020-09-11T12:45:23.775+0000][1][safepoint    ] Safepoint "Cleanup", Time since last: 1002892802 ns, Reaching safepoint: 4982651 ns, At safepoint: 13365 ns, Total: 4996016 ns
[2020-09-11T12:45:23.828+0000][1][gc,start     ] GC(3) Pause Young (Allocation Failure)
[2020-09-11T12:45:23.828+0000][1][gc,task      ] GC(3) Using 1 workers of 1 for evacuation
[2020-09-11T12:45:23.876+0000][1][gc,age       ] GC(3) Desired survivor size 4358144 bytes, new threshold 3 (max threshold 6)
[2020-09-11T12:45:23.876+0000][1][gc,age       ] GC(3) Age table with threshold 3 (max threshold 6)
[2020-09-11T12:45:23.876+0000][1][gc,age       ] GC(3) - age   1:    2075832 bytes,    2075832 total
[2020-09-11T12:45:23.876+0000][1][gc,age       ] GC(3) - age   2:     390936 bytes,    2466768 total
[2020-09-11T12:45:23.876+0000][1][gc,age       ] GC(3) - age   3:    3900872 bytes,    6367640 total
[2020-09-11T12:45:23.876+0000][1][gc,heap      ] GC(3) ParNew: 76056K->7706K(76672K)
[2020-09-11T12:45:23.876+0000][1][gc,heap      ] GC(3) CMS: 6806K->6806K(439104K)
[2020-09-11T12:45:23.876+0000][1][gc,metaspace ] GC(3) Metaspace: 20327K->20327K(1067008K)
[2020-09-11T12:45:23.876+0000][1][gc           ] GC(3) Pause Young (Allocation Failure) 80M->14M(503M) 48.254ms
[2020-09-11T12:45:23.876+0000][1][gc,cpu       ] GC(3) User=0.02s Sys=0.00s Real=0.05s
[2020-09-11T12:45:23.895+0000][1][safepoint    ] Safepoint "GenCollectForAllocation", Time since last: 51972728 ns, Reaching safepoint: 111605 ns, At safepoint: 67886263 ns, Total: 67997868 ns
[2020-09-11T12:45:23.920+0000][1][safepoint    ] Safepoint "RevokeBias", Time since last: 23980075 ns, Reaching safepoint: 116591 ns, At safepoint: 45482 ns, Total: 162073 ns
[2020-09-11T12:45:23.920+0000][1][safepoint    ] Safepoint "RevokeBias", Time since last: 66993 ns, Reaching safepoint: 78469 ns, At safepoint: 22536 ns, Total: 101005 ns
[2020-09-11T12:45:23.920+0000][1][safepoint    ] Safepoint "RevokeBias", Time since last: 45077 ns, Reaching safepoint: 77549 ns, At safepoint: 21831 ns, Total: 99380 ns
[2020-09-11T12:45:23.920+0000][1][safepoint    ] Safepoint "RevokeBias", Time since last: 29470 ns, Reaching safepoint: 83009 ns, At safepoint: 22451 ns, Total: 105460 ns
[2020-09-11T12:45:23.920+0000][1][safepoint    ] Safepoint "RevokeBias", Time since last: 33621 ns, Reaching safepoint: 77025 ns, At safepoint: 21402 ns, Total: 98427 ns
[2020-09-11T12:45:23.920+0000][1][safepoint    ] Safepoint "RevokeBias", Time since last: 29015 ns, Reaching safepoint: 78409 ns, At safepoint: 21501 ns, Total: 99910 ns
[2020-09-11T12:45:23.927+0000][1][safepoint    ] Safepoint "RevokeBias", Time since last: 6643270 ns, Reaching safepoint: 103949 ns, At safepoint: 30064 ns, Total: 134013 ns
[2020-09-11T12:45:23.928+0000][1][safepoint    ] Safepoint "RevokeBias", Time since last: 339666 ns, Reaching safepoint: 82781 ns, At safepoint: 27705 ns, Total: 110486 ns
[2020-09-11T12:45:24.700+0000][1][safepoint    ] Safepoint "CollectForMetadataAllocation", Time since last: 771950641 ns, Reaching safepoint: 115734 ns, At safepoint: 88395 ns, Total: 204129 ns
[2020-09-11T12:45:24.998+0000][1][safepoint    ] Safepoint "CollectForMetadataAllocation", Time since last: 296611413 ns, Reaching safepoint: 1541385 ns, At safepoint: 115629 ns, Total: 1657014 ns
[2020-09-11T12:45:25.176+0000][1][gc,start     ] GC(4) Pause Young (Allocation Failure)
[2020-09-11T12:45:25.176+0000][1][gc,task      ] GC(4) Using 1 workers of 1 for evacuation
[2020-09-11T12:45:25.235+0000][1][gc,age       ] GC(4) Desired survivor size 4358144 bytes, new threshold 6 (max threshold 6)
[2020-09-11T12:45:25.235+0000][1][gc,age       ] GC(4) Age table with threshold 6 (max threshold 6)
[2020-09-11T12:45:25.235+0000][1][gc,age       ] GC(4) - age   1:    1887512 bytes,    1887512 total
[2020-09-11T12:45:25.235+0000][1][gc,age       ] GC(4) - age   2:     343920 bytes,    2231432 total
[2020-09-11T12:45:25.235+0000][1][gc,age       ] GC(4) - age   3:     390840 bytes,    2622272 total
[2020-09-11T12:45:25.235+0000][1][gc,heap      ] GC(4) ParNew: 75866K->5306K(76672K)
[2020-09-11T12:45:25.235+0000][1][gc,heap      ] GC(4) CMS: 6806K->10646K(439104K)
[2020-09-11T12:45:25.235+0000][1][gc,metaspace ] GC(4) Metaspace: 20877K->20877K(1069056K)
[2020-09-11T12:45:25.235+0000][1][gc           ] GC(4) Pause Young (Allocation Failure) 80M->15M(503M) 59.185ms
[2020-09-11T12:45:25.235+0000][1][gc,cpu       ] GC(4) User=0.01s Sys=0.00s Real=0.05s
[2020-09-11T12:45:25.264+0000][1][safepoint    ] Safepoint "GenCollectForAllocation", Time since last: 177494233 ns, Reaching safepoint: 108497 ns, At safepoint: 87987031 ns, Total: 88095528 ns
[2020-09-11T12:45:25.312+0000][1][gc,start     ] GC(5) Pause Initial Mark
[2020-09-11T12:45:25.314+0000][1][gc           ] GC(5) Pause Initial Mark 23M->23M(503M) 2.770ms
[2020-09-11T12:45:25.314+0000][1][gc,cpu       ] GC(5) User=0.00s Sys=0.00s Real=0.00s
[2020-09-11T12:45:25.363+0000][1][safepoint    ] Safepoint "BulkRevokeBias", Time since last: 43930079 ns, Reaching safepoint: 4021540 ns, At safepoint: 51954180 ns, Total: 55975720 ns
[2020-09-11T12:45:25.363+0000][1][gc           ] GC(5) Concurrent Mark
[2020-09-11T12:45:25.380+0000][1][safepoint    ] Safepoint "RevokeBias", Time since last: 16040641 ns, Reaching safepoint: 120384 ns, At safepoint: 36552 ns, Total: 156936 ns
[2020-09-11T12:45:25.380+0000][1][safepoint    ] Safepoint "RevokeBias", Time since last: 90418 ns, Reaching safepoint: 79989 ns, At safepoint: 20998 ns, Total: 100987 ns
[2020-09-11T12:45:25.380+0000][1][safepoint    ] Safepoint "RevokeBias", Time since last: 27744 ns, Reaching safepoint: 78735 ns, At safepoint: 20128 ns, Total: 98863 ns
[2020-09-11T12:45:25.380+0000][1][safepoint    ] Safepoint "RevokeBias", Time since last: 30449 ns, Reaching safepoint: 78438 ns, At safepoint: 30305 ns, Total: 108743 ns
[2020-09-11T12:45:25.380+0000][1][safepoint    ] Safepoint "RevokeBias", Time since last: 25690 ns, Reaching safepoint: 78005 ns, At safepoint: 28070 ns, Total: 106075 ns
[2020-09-11T12:45:25.431+0000][1][gc           ] GC(5) Concurrent Mark 67.237ms
[2020-09-11T12:45:25.431+0000][1][gc,cpu       ] GC(5) User=0.02s Sys=0.00s Real=0.06s
[2020-09-11T12:45:25.431+0000][1][gc           ] GC(5) Concurrent Preclean
[2020-09-11T12:45:25.463+0000][1][gc           ] GC(5) Concurrent Preclean 32.436ms
[2020-09-11T12:45:25.463+0000][1][gc,cpu       ] GC(5) User=0.01s Sys=0.00s Real=0.03s
[2020-09-11T12:45:25.463+0000][1][gc           ] GC(5) Concurrent Abortable Preclean
[2020-09-11T12:45:25.959+0000][1][safepoint    ] Safepoint "CollectForMetadataAllocation", Time since last: 570890451 ns, Reaching safepoint: 7976418 ns, At safepoint: 150042 ns, Total: 8126460 ns
[2020-09-11T12:45:25.986+0000][1][safepoint    ] Safepoint "RevokeBias", Time since last: 13255185 ns, Reaching safepoint: 13089723 ns, At safepoint: 17231 ns, Total: 13106954 ns
[2020-09-11T12:45:26.016+0000][1][safepoint    ] Safepoint "Deoptimize", Time since last: 29830801 ns, Reaching safepoint: 112177 ns, At safepoint: 219542 ns, Total: 331719 ns
[2020-09-11T12:45:26.128+0000][1][safepoint    ] Safepoint "RevokeBias", Time since last: 111656977 ns, Reaching safepoint: 519183 ns, At safepoint: 76553 ns, Total: 595736 ns
[2020-09-11T12:45:26.228+0000][1][safepoint    ] Safepoint "RevokeBias", Time since last: 99438816 ns, Reaching safepoint: 100256 ns, At safepoint: 33580 ns, Total: 133836 ns
[2020-09-11T12:45:26.277+0000][1][safepoint    ] Safepoint "RevokeBias", Time since last: 49512162 ns, Reaching safepoint: 54694 ns, At safepoint: 92768 ns, Total: 147462 ns
[2020-09-11T12:45:26.282+0000][1][safepoint    ] Safepoint "RevokeBias", Time since last: 4749216 ns, Reaching safepoint: 94581 ns, At safepoint: 65697 ns, Total: 160278 ns
[2020-09-11T12:45:26.325+0000][1][safepoint    ] Safepoint "RevokeBias", Time since last: 42315572 ns, Reaching safepoint: 95401 ns, At safepoint: 32070 ns, Total: 127471 ns
[2020-09-11T12:45:26.387+0000][1][safepoint    ] Safepoint "RevokeBias", Time since last: 61753181 ns, Reaching safepoint: 114851 ns, At safepoint: 51079 ns, Total: 165930 ns
[2020-09-11T12:45:26.389+0000][1][safepoint    ] Safepoint "RevokeBias", Time since last: 2200702 ns, Reaching safepoint: 82154 ns, At safepoint: 23978 ns, Total: 106132 ns
[2020-09-11T12:45:26.452+0000][1][safepoint    ] Safepoint "RevokeBias", Time since last: 46601287 ns, Reaching safepoint: 16064985 ns, At safepoint: 35644 ns, Total: 16100629 ns
[2020-09-11T12:45:26.518+0000][1][safepoint    ] Safepoint "RevokeBias", Time since last: 66344491 ns, Reaching safepoint: 96090 ns, At safepoint: 34400 ns, Total: 130490 ns
[2020-09-11T12:45:26.566+0000][1][safepoint    ] Safepoint "RevokeBias", Time since last: 33451988 ns, Reaching safepoint: 14113030 ns, At safepoint: 37358 ns, Total: 14150388 ns
[2020-09-11T12:45:26.592+0000][1][safepoint    ] Safepoint "Deoptimize", Time since last: 25849997 ns, Reaching safepoint: 117151 ns, At safepoint: 230439 ns, Total: 347590 ns
[2020-09-11T12:45:26.892+0000][1][gc,start     ] GC(6) Pause Young (Allocation Failure)
[2020-09-11T12:45:26.892+0000][1][gc,task      ] GC(6) Using 1 workers of 1 for evacuation
[2020-09-11T12:45:26.931+0000][1][gc,age       ] GC(6) Desired survivor size 4358144 bytes, new threshold 6 (max threshold 6)
[2020-09-11T12:45:26.931+0000][1][gc,age       ] GC(6) Age table with threshold 6 (max threshold 6)
[2020-09-11T12:45:26.931+0000][1][gc,age       ] GC(6) - age   1:    2322080 bytes,    2322080 total
[2020-09-11T12:45:26.931+0000][1][gc,age       ] GC(6) - age   2:    1253128 bytes,    3575208 total
[2020-09-11T12:45:26.931+0000][1][gc,age       ] GC(6) - age   3:     343920 bytes,    3919128 total
[2020-09-11T12:45:26.931+0000][1][gc,age       ] GC(6) - age   4:     390840 bytes,    4309968 total
[2020-09-11T12:45:26.931+0000][1][gc,heap      ] GC(6) ParNew: 73466K->4573K(76672K)
[2020-09-11T12:45:26.959+0000][1][gc,heap      ] GC(6) CMS: 10646K->10646K(439104K)
[2020-09-11T12:45:26.959+0000][1][gc,metaspace ] GC(6) Metaspace: 21191K->21191K(1069056K)
[2020-09-11T12:45:26.959+0000][1][gc           ] GC(6) Pause Young (Allocation Failure) 82M->14M(503M) 67.093ms
[2020-09-11T12:45:26.959+0000][1][gc,cpu       ] GC(6) User=0.01s Sys=0.00s Real=0.07s
[2020-09-11T12:45:26.977+0000][1][safepoint    ] Safepoint "GenCollectForAllocation", Time since last: 300237162 ns, Reaching safepoint: 104731 ns, At safepoint: 84921692 ns, Total: 85026423 ns
[2020-09-11T12:45:27.024+0000][1][safepoint    ] Safepoint "RevokeBias", Time since last: 22362258 ns, Reaching safepoint: 24131463 ns, At safepoint: 35047 ns, Total: 24166510 ns
[2020-09-11T12:45:27.074+0000][1][safepoint    ] Safepoint "RevokeBias", Time since last: 15827997 ns, Reaching safepoint: 34116074 ns, At safepoint: 28610 ns, Total: 34144684 ns
[2020-09-11T12:45:27.080+0000][1][safepoint    ] Safepoint "RevokeBias", Time since last: 5875075 ns, Reaching safepoint: 112792 ns, At safepoint: 24671 ns, Total: 137463 ns
[2020-09-11T12:45:27.080+0000][1][safepoint    ] Safepoint "RevokeBias", Time since last: 40344 ns, Reaching safepoint: 77873 ns, At safepoint: 21682 ns, Total: 99555 ns
[2020-09-11T12:45:27.080+0000][1][safepoint    ] Safepoint "RevokeBias", Time since last: 31089 ns, Reaching safepoint: 77139 ns, At safepoint: 20166 ns, Total: 97305 ns
[2020-09-11T12:45:27.080+0000][1][safepoint    ] Safepoint "RevokeBias", Time since last: 26361 ns, Reaching safepoint: 76495 ns, At safepoint: 18356 ns, Total: 94851 ns
[2020-09-11T12:45:27.172+0000][1][safepoint    ] Safepoint "RevokeBias", Time since last: 91460719 ns, Reaching safepoint: 53678 ns, At safepoint: 80723 ns, Total: 134401 ns
[2020-09-11T12:45:27.247+0000][1][safepoint    ] Safepoint "RevokeBias", Time since last: 60086474 ns, Reaching safepoint: 15440357 ns, At safepoint: 34534 ns, Total: 15474891 ns
[2020-09-11T12:45:27.296+0000][1][safepoint    ] Safepoint "RevokeBias", Time since last: 32326925 ns, Reaching safepoint: 16039457 ns, At safepoint: 38042 ns, Total: 16077499 ns
[2020-09-11T12:45:27.740+0000][1][safepoint    ] Safepoint "RevokeBias", Time since last: 444513107 ns, Reaching safepoint: 95513 ns, At safepoint: 27696 ns, Total: 123209 ns
[2020-09-11T12:45:27.740+0000][1][gc           ] GC(5) Concurrent Abortable Preclean 2276.898ms
[2020-09-11T12:45:27.740+0000][1][gc,cpu       ] GC(5) User=0.56s Sys=0.01s Real=2.28s
[2020-09-11T12:45:27.740+0000][1][gc,start     ] GC(5) Pause Remark
[2020-09-11T12:45:27.885+0000][1][gc           ] GC(5) Pause Remark 63M->63M(503M) 144.353ms
[2020-09-11T12:45:27.885+0000][1][gc,cpu       ] GC(5) User=0.03s Sys=0.00s Real=0.15s
[2020-09-11T12:45:27.916+0000][1][safepoint    ] Safepoint "CMS_Final_Remark", Time since last: 68212 ns, Reaching safepoint: 8455 ns, At safepoint: 175303404 ns, Total: 175311859 ns
[2020-09-11T12:45:27.916+0000][1][gc           ] GC(5) Concurrent Sweep
[2020-09-11T12:45:27.918+0000][1][gc           ] GC(5) Concurrent Sweep 2.791ms
[2020-09-11T12:45:27.918+0000][1][gc,cpu       ] GC(5) User=0.00s Sys=0.00s Real=0.00s
[2020-09-11T12:45:27.919+0000][1][gc           ] GC(5) Concurrent Reset
[2020-09-11T12:45:27.919+0000][1][gc           ] GC(5) Concurrent Reset 0.638ms
[2020-09-11T12:45:27.919+0000][1][gc,cpu       ] GC(5) User=0.00s Sys=0.00s Real=0.00s
[2020-09-11T12:45:27.919+0000][1][gc,heap      ] GC(5) Old: 10646K->10646K(439104K)
[2020-09-11T12:45:27.927+0000][1][safepoint    ] Safepoint "RevokeBias", Time since last: 3702980 ns, Reaching safepoint: 7635952 ns, At safepoint: 103104 ns, Total: 7739056 ns
[2020-09-11T12:45:28.188+0000][1][gc,start     ] GC(7) Pause Young (Allocation Failure)
[2020-09-11T12:45:28.188+0000][1][gc,task      ] GC(7) Using 1 workers of 1 for evacuation
[2020-09-11T12:45:28.217+0000][1][gc,age       ] GC(7) Desired survivor size 4358144 bytes, new threshold 5 (max threshold 6)
[2020-09-11T12:45:28.217+0000][1][gc,age       ] GC(7) Age table with threshold 5 (max threshold 6)
[2020-09-11T12:45:28.217+0000][1][gc,age       ] GC(7) - age   1:    1019112 bytes,    1019112 total
[2020-09-11T12:45:28.217+0000][1][gc,age       ] GC(7) - age   2:    1525888 bytes,    2545000 total
[2020-09-11T12:45:28.217+0000][1][gc,age       ] GC(7) - age   3:    1252584 bytes,    3797584 total
[2020-09-11T12:45:28.217+0000][1][gc,age       ] GC(7) - age   4:     343920 bytes,    4141504 total
[2020-09-11T12:45:28.217+0000][1][gc,age       ] GC(7) - age   5:     390728 bytes,    4532232 total
[2020-09-11T12:45:28.217+0000][1][gc,heap      ] GC(7) ParNew: 72733K->7456K(76672K)
[2020-09-11T12:45:28.217+0000][1][gc,heap      ] GC(7) CMS: 10646K->10646K(439104K)
[2020-09-11T12:45:28.217+0000][1][gc,metaspace ] GC(7) Metaspace: 21278K->21278K(1069056K)
[2020-09-11T12:45:28.217+0000][1][gc           ] GC(7) Pause Young (Allocation Failure) 81M->17M(503M) 29.680ms
[2020-09-11T12:45:28.217+0000][1][gc,cpu       ] GC(7) User=0.01s Sys=0.00s Real=0.03s
[2020-09-11T12:45:28.240+0000][1][safepoint    ] Safepoint "GenCollectForAllocation", Time since last: 260456616 ns, Reaching safepoint: 116185 ns, At safepoint: 52687694 ns, Total: 52803879 ns
[2020-09-11T12:45:28.263+0000][1][safepoint    ] Safepoint "RevokeBias", Time since last: 19884304 ns, Reaching safepoint: 278135 ns, At safepoint: 3005027 ns, Total: 3283162 ns
[2020-09-11T12:45:28.269+0000][1][safepoint    ] Safepoint "RevokeBias", Time since last: 58647 ns, Reaching safepoint: 3985205 ns, At safepoint: 1230874 ns, Total: 5216079 ns
[2020-09-11T12:45:28.271+0000][1][safepoint    ] Safepoint "RevokeBias", Time since last: 81926 ns, Reaching safepoint: 2637404 ns, At safepoint: 46241 ns, Total: 2683645 ns
[2020-09-11T12:45:28.274+0000][1][safepoint    ] Safepoint "RevokeBias", Time since last: 45804 ns, Reaching safepoint: 2349013 ns, At safepoint: 36496 ns, Total: 2385509 ns
[2020-09-11T12:45:28.342+0000][1][safepoint    ] Safepoint "RevokeBias", Time since last: 58332581 ns, Reaching safepoint: 9416532 ns, At safepoint: 43250 ns, Total: 9459782 ns
[2020-09-11T12:45:28.364+0000][1][safepoint    ] Safepoint "RevokeBias", Time since last: 17744208 ns, Reaching safepoint: 4028301 ns, At safepoint: 48986 ns, Total: 4077287 ns
[2020-09-11T12:45:28.760+0000][1][safepoint    ] Safepoint "RevokeBias", Time since last: 396224761 ns, Reaching safepoint: 99602 ns, At safepoint: 47229 ns, Total: 146831 ns
[2020-09-11T12:45:28.796+0000][1][safepoint    ] Safepoint "RevokeBias", Time since last: 35584865 ns, Reaching safepoint: 102360 ns, At safepoint: 36988 ns, Total: 139348 ns
[2020-09-11T12:45:29.112+0000][1][gc,start     ] GC(8) Pause Young (Allocation Failure)
[2020-09-11T12:45:29.112+0000][1][gc,task      ] GC(8) Using 1 workers of 1 for evacuation
[2020-09-11T12:45:29.175+0000][1][gc,age       ] GC(8) Desired survivor size 4358144 bytes, new threshold 4 (max threshold 6)
[2020-09-11T12:45:29.175+0000][1][gc,age       ] GC(8) Age table with threshold 4 (max threshold 6)
[2020-09-11T12:45:29.175+0000][1][gc,age       ] GC(8) - age   1:    2355128 bytes,    2355128 total
[2020-09-11T12:45:29.175+0000][1][gc,age       ] GC(8) - age   2:     445720 bytes,    2800848 total
[2020-09-11T12:45:29.175+0000][1][gc,age       ] GC(8) - age   3:    1523952 bytes,    4324800 total
[2020-09-11T12:45:29.175+0000][1][gc,age       ] GC(8) - age   4:    1251928 bytes,    5576728 total
[2020-09-11T12:45:29.175+0000][1][gc,age       ] GC(8) - age   5:     343920 bytes,    5920648 total
[2020-09-11T12:45:29.176+0000][1][gc,heap      ] GC(8) ParNew: 75616K->7775K(76672K)
[2020-09-11T12:45:29.176+0000][1][gc,heap      ] GC(8) CMS: 10646K->11030K(439104K)
[2020-09-11T12:45:29.176+0000][1][gc,metaspace ] GC(8) Metaspace: 21465K->21465K(1069056K)
[2020-09-11T12:45:29.176+0000][1][gc           ] GC(8) Pause Young (Allocation Failure) 84M->18M(503M) 63.161ms
[2020-09-11T12:45:29.176+0000][1][gc,cpu       ] GC(8) User=0.02s Sys=0.00s Real=0.07s
[2020-09-11T12:45:29.199+0000][1][safepoint    ] Safepoint "GenCollectForAllocation", Time since last: 316713501 ns, Reaching safepoint: 99386 ns, At safepoint: 87027592 ns, Total: 87126978 ns
[2020-09-11T12:45:29.212+0000][1][safepoint    ] Safepoint "RevokeBias", Time since last: 12039990 ns, Reaching safepoint: 95435 ns, At safepoint: 29672 ns, Total: 125107 ns
[2020-09-11T12:45:29.212+0000][1][safepoint    ] Safepoint "RevokeBias", Time since last: 43819 ns, Reaching safepoint: 78373 ns, At safepoint: 20986 ns, Total: 99359 ns
[2020-09-11T12:45:29.212+0000][1][safepoint    ] Safepoint "RevokeBias", Time since last: 37845 ns, Reaching safepoint: 77847 ns, At safepoint: 20410 ns, Total: 98257 ns
[2020-09-11T12:45:29.212+0000][1][safepoint    ] Safepoint "RevokeBias", Time since last: 28953 ns, Reaching safepoint: 77390 ns, At safepoint: 20271 ns, Total: 97661 ns
[2020-09-11T12:45:29.220+0000][1][safepoint    ] Safepoint "RevokeBias", Time since last: 7414697 ns, Reaching safepoint: 100028 ns, At safepoint: 34241 ns, Total: 134269 ns
[2020-09-11T12:45:29.280+0000][1][safepoint    ] Safepoint "RevokeBias", Time since last: 59868608 ns, Reaching safepoint: 102211 ns, At safepoint: 37509 ns, Total: 139720 ns
[2020-09-11T12:45:29.316+0000][1][safepoint    ] Safepoint "RevokeBias", Time since last: 36603887 ns, Reaching safepoint: 92923 ns, At safepoint: 29618 ns, Total: 122541 ns
[2020-09-11T12:45:29.600+0000][1][safepoint    ] Safepoint "RevokeBias", Time since last: 283141094 ns, Reaching safepoint: 98968 ns, At safepoint: 33375 ns, Total: 132343 ns
[2020-09-11T12:45:29.618+0000][1][safepoint    ] Safepoint "RevokeBias", Time since last: 18127891 ns, Reaching safepoint: 105660 ns, At safepoint: 37287 ns, Total: 142947 ns
[2020-09-11T12:45:29.941+0000][1][safepoint    ] Safepoint "RevokeBias", Time since last: 322933249 ns, Reaching safepoint: 92337 ns, At safepoint: 29318 ns, Total: 121655 ns
[2020-09-11T12:45:29.972+0000][1][safepoint    ] Safepoint "RevokeBias", Time since last: 30549309 ns, Reaching safepoint: 106776 ns, At safepoint: 35613 ns, Total: 142389 ns
[2020-09-11T12:45:30.034+0000][1][gc,start     ] GC(9) Pause Young (Allocation Failure)
[2020-09-11T12:45:30.034+0000][1][gc,task      ] GC(9) Using 1 workers of 1 for evacuation
[2020-09-11T12:45:30.085+0000][1][gc,age       ] GC(9) Desired survivor size 4358144 bytes, new threshold 6 (max threshold 6)
[2020-09-11T12:45:30.085+0000][1][gc,age       ] GC(9) Age table with threshold 6 (max threshold 6)
[2020-09-11T12:45:30.085+0000][1][gc,age       ] GC(9) - age   1:     392160 bytes,     392160 total
[2020-09-11T12:45:30.085+0000][1][gc,age       ] GC(9) - age   2:     829264 bytes,    1221424 total
[2020-09-11T12:45:30.085+0000][1][gc,age       ] GC(9) - age   3:     445640 bytes,    1667064 total
[2020-09-11T12:45:30.085+0000][1][gc,age       ] GC(9) - age   4:    1523952 bytes,    3191016 total
[2020-09-11T12:45:30.085+0000][1][gc,heap      ] GC(9) ParNew: 75935K->4984K(76672K)
[2020-09-11T12:45:30.085+0000][1][gc,heap      ] GC(9) CMS: 11030K->12607K(439104K)
[2020-09-11T12:45:30.085+0000][1][gc,metaspace ] GC(9) Metaspace: 21581K->21581K(1069056K)
[2020-09-11T12:45:30.085+0000][1][gc           ] GC(9) Pause Young (Allocation Failure) 84M->17M(503M) 50.955ms
[2020-09-11T12:45:30.085+0000][1][gc,cpu       ] GC(9) User=0.02s Sys=0.00s Real=0.06s
[2020-09-11T12:45:30.109+0000][1][safepoint    ] Safepoint "GenCollectForAllocation", Time since last: 62701241 ns, Reaching safepoint: 109739 ns, At safepoint: 74677867 ns, Total: 74787606 ns
[2020-09-11T12:45:30.136+0000][1][safepoint    ] Safepoint "RevokeBias", Time since last: 25432126 ns, Reaching safepoint: 981350 ns, At safepoint: 35225 ns, Total: 1016575 ns
[2020-09-11T12:45:30.136+0000][1][safepoint    ] Safepoint "RevokeBias", Time since last: 67045 ns, Reaching safepoint: 79101 ns, At safepoint: 20868 ns, Total: 99969 ns
[2020-09-11T12:45:30.136+0000][1][safepoint    ] Safepoint "RevokeBias", Time since last: 61070 ns, Reaching safepoint: 78245 ns, At safepoint: 19609 ns, Total: 97854 ns
[2020-09-11T12:45:30.136+0000][1][safepoint    ] Safepoint "RevokeBias", Time since last: 28754 ns, Reaching safepoint: 77716 ns, At safepoint: 20915 ns, Total: 98631 ns
[2020-09-11T12:45:30.136+0000][1][safepoint    ] Safepoint "RevokeBias", Time since last: 32197 ns, Reaching safepoint: 78015 ns, At safepoint: 20383 ns, Total: 98398 ns
[2020-09-11T12:45:30.136+0000][1][safepoint    ] Safepoint "RevokeBias", Time since last: 28245 ns, Reaching safepoint: 77791 ns, At safepoint: 20335 ns, Total: 98126 ns
[2020-09-11T12:45:30.220+0000][1][safepoint    ] Safepoint "RevokeBias", Time since last: 83215956 ns, Reaching safepoint: 101329 ns, At safepoint: 39255 ns, Total: 140584 ns
[2020-09-11T12:45:30.236+0000][1][safepoint    ] Safepoint "RevokeBias", Time since last: 15862483 ns, Reaching safepoint: 105763 ns, At safepoint: 39538 ns, Total: 145301 ns
[2020-09-11T12:45:30.296+0000][1][safepoint    ] Safepoint "RevokeBias", Time since last: 59825026 ns, Reaching safepoint: 107632 ns, At safepoint: 18866 ns, Total: 126498 ns
[2020-09-11T12:45:30.300+0000][1][safepoint    ] Safepoint "RevokeBias", Time since last: 4360725 ns, Reaching safepoint: 96496 ns, At safepoint: 15343 ns, Total: 111839 ns
[2020-09-11T12:45:30.504+0000][1][safepoint    ] Safepoint "RevokeBias", Time since last: 203414736 ns, Reaching safepoint: 105662 ns, At safepoint: 35111 ns, Total: 140773 ns
[2020-09-11T12:45:30.547+0000][1][safepoint    ] Safepoint "RevokeBias", Time since last: 42398774 ns, Reaching safepoint: 1461754 ns, At safepoint: 34953 ns, Total: 1496707 ns
[2020-09-11T12:45:30.556+0000][1][safepoint    ] Safepoint "RevokeBias", Time since last: 7969290 ns, Reaching safepoint: 101297 ns, At safepoint: 35845 ns, Total: 137142 ns
[2020-09-11T12:45:30.809+0000][1][safepoint    ] Safepoint "RevokeBias", Time since last: 253533260 ns, Reaching safepoint: 100959 ns, At safepoint: 33312 ns, Total: 134271 ns
[2020-09-11T12:45:30.815+0000][1][safepoint    ] Safepoint "RevokeBias", Time since last: 2186948 ns, Reaching safepoint: 4020461 ns, At safepoint: 44182 ns, Total: 4064643 ns
[2020-09-11T12:45:30.905+0000][1][gc,start     ] GC(10) Pause Young (Allocation Failure)
[2020-09-11T12:45:30.905+0000][1][gc,task      ] GC(10) Using 1 workers of 1 for evacuation
[2020-09-11T12:45:30.923+0000][1][gc,age       ] GC(10) Desired survivor size 4358144 bytes, new threshold 6 (max threshold 6)
[2020-09-11T12:45:30.951+0000][1][gc,age       ] GC(10) Age table with threshold 6 (max threshold 6)
[2020-09-11T12:45:30.951+0000][1][gc,age       ] GC(10) - age   1:     694840 bytes,     694840 total
[2020-09-11T12:45:30.951+0000][1][gc,age       ] GC(10) - age   2:     147072 bytes,     841912 total
[2020-09-11T12:45:30.951+0000][1][gc,age       ] GC(10) - age   3:     829264 bytes,    1671176 total
[2020-09-11T12:45:30.951+0000][1][gc,age       ] GC(10) - age   4:     445616 bytes,    2116792 total
[2020-09-11T12:45:30.951+0000][1][gc,age       ] GC(10) - age   5:    1523952 bytes,    3640744 total
[2020-09-11T12:45:30.951+0000][1][gc,heap      ] GC(10) ParNew: 73144K->3583K(76672K)
[2020-09-11T12:45:30.952+0000][1][gc,heap      ] GC(10) CMS: 12607K->12607K(439104K)
[2020-09-11T12:45:30.952+0000][1][gc,metaspace ] GC(10) Metaspace: 21716K->21716K(1069056K)
[2020-09-11T12:45:30.952+0000][1][gc           ] GC(10) Pause Young (Allocation Failure) 83M->15M(503M) 46.142ms
[2020-09-11T12:45:30.952+0000][1][gc,cpu       ] GC(10) User=0.01s Sys=0.00s Real=0.04s
[2020-09-11T12:45:30.952+0000][1][safepoint    ] Safepoint "GenCollectForAllocation", Time since last: 89794494 ns, Reaching safepoint: 96021 ns, At safepoint: 46199965 ns, Total: 46295986 ns
[2020-09-11T12:45:30.985+0000][1][safepoint    ] Safepoint "BulkRevokeBias", Time since last: 17158462 ns, Reaching safepoint: 15759667 ns, At safepoint: 56125 ns, Total: 15815792 ns
[2020-09-11T12:45:31.000+0000][1][safepoint    ] Safepoint "BulkRevokeBias", Time since last: 14850900 ns, Reaching safepoint: 104244 ns, At safepoint: 62844 ns, Total: 167088 ns
[2020-09-11T12:45:31.084+0000][1][safepoint    ] Safepoint "RevokeBias", Time since last: 83848945 ns, Reaching safepoint: 101835 ns, At safepoint: 38086 ns, Total: 139921 ns
[2020-09-11T12:45:31.108+0000][1][safepoint    ] Safepoint "RevokeBias", Time since last: 23867858 ns, Reaching safepoint: 103681 ns, At safepoint: 39101 ns, Total: 142782 ns
[2020-09-11T12:45:31.676+0000][1][safepoint    ] Safepoint "RevokeBias", Time since last: 567845209 ns, Reaching safepoint: 111633 ns, At safepoint: 39878 ns, Total: 151511 ns
[2020-09-11T12:45:31.680+0000][1][safepoint    ] Safepoint "RevokeBias", Time since last: 3836054 ns, Reaching safepoint: 87223 ns, At safepoint: 30600 ns, Total: 117823 ns
[2020-09-11T12:45:31.732+0000][1][safepoint    ] Safepoint "RevokeBias", Time since last: 51840780 ns, Reaching safepoint: 124684 ns, At safepoint: 58346 ns, Total: 183030 ns
[2020-09-11T12:45:32.176+0000][1][gc,start     ] GC(11) Pause Young (Allocation Failure)
[2020-09-11T12:45:32.176+0000][1][gc,task      ] GC(11) Using 1 workers of 1 for evacuation
[2020-09-11T12:45:32.225+0000][1][gc,age       ] GC(11) Desired survivor size 4358144 bytes, new threshold 6 (max threshold 6)
[2020-09-11T12:45:32.225+0000][1][gc,age       ] GC(11) Age table with threshold 6 (max threshold 6)
[2020-09-11T12:45:32.225+0000][1][gc,age       ] GC(11) - age   1:    2470848 bytes,    2470848 total
[2020-09-11T12:45:32.225+0000][1][gc,age       ] GC(11) - age   2:     402592 bytes,    2873440 total
[2020-09-11T12:45:32.225+0000][1][gc,age       ] GC(11) - age   3:     147072 bytes,    3020512 total
[2020-09-11T12:45:32.225+0000][1][gc,age       ] GC(11) - age   4:     829264 bytes,    3849776 total
[2020-09-11T12:45:32.225+0000][1][gc,age       ] GC(11) - age   5:     445616 bytes,    4295392 total
[2020-09-11T12:45:32.225+0000][1][gc,age       ] GC(11) - age   6:    1523640 bytes,    5819032 total
[2020-09-11T12:45:32.225+0000][1][gc,heap      ] GC(11) ParNew: 71743K->7124K(76672K)
[2020-09-11T12:45:32.225+0000][1][gc,heap      ] GC(11) CMS: 12607K->12607K(439104K)
[2020-09-11T12:45:32.225+0000][1][gc,metaspace ] GC(11) Metaspace: 22623K->22623K(1071104K)
[2020-09-11T12:45:32.225+0000][1][gc           ] GC(11) Pause Young (Allocation Failure) 82M->19M(503M) 49.784ms
[2020-09-11T12:45:32.225+0000][1][gc,cpu       ] GC(11) User=0.01s Sys=0.00s Real=0.05s
[2020-09-11T12:45:32.251+0000][1][safepoint    ] Safepoint "GenCollectForAllocation", Time since last: 443885321 ns, Reaching safepoint: 100867 ns, At safepoint: 75899532 ns, Total: 76000399 ns
[2020-09-11T12:45:32.893+0000][1][gc,start     ] GC(12) Pause Young (Allocation Failure)
[2020-09-11T12:45:32.893+0000][1][gc,task      ] GC(12) Using 1 workers of 1 for evacuation
[2020-09-11T12:45:32.955+0000][1][gc,age       ] GC(12) Desired survivor size 4358144 bytes, new threshold 6 (max threshold 6)
[2020-09-11T12:45:32.955+0000][1][gc,age       ] GC(12) Age table with threshold 6 (max threshold 6)
[2020-09-11T12:45:32.955+0000][1][gc,age       ] GC(12) - age   1:     922552 bytes,     922552 total
[2020-09-11T12:45:32.955+0000][1][gc,age       ] GC(12) - age   2:     544448 bytes,    1467000 total
[2020-09-11T12:45:32.955+0000][1][gc,age       ] GC(12) - age   3:     402592 bytes,    1869592 total
[2020-09-11T12:45:32.955+0000][1][gc,age       ] GC(12) - age   4:     146968 bytes,    2016560 total
[2020-09-11T12:45:32.955+0000][1][gc,age       ] GC(12) - age   5:     829120 bytes,    2845680 total
[2020-09-11T12:45:32.955+0000][1][gc,age       ] GC(12) - age   6:     445472 bytes,    3291152 total
[2020-09-11T12:45:32.955+0000][1][gc,heap      ] GC(12) ParNew: 75284K->5152K(76672K)
[2020-09-11T12:45:32.955+0000][1][gc,heap      ] GC(12) CMS: 12607K->14107K(439104K)
[2020-09-11T12:45:32.955+0000][1][gc,metaspace ] GC(12) Metaspace: 22646K->22646K(1071104K)
[2020-09-11T12:45:32.955+0000][1][gc           ] GC(12) Pause Young (Allocation Failure) 85M->18M(503M) 61.927ms
[2020-09-11T12:45:32.955+0000][1][gc,cpu       ] GC(12) User=0.01s Sys=0.00s Real=0.06s
[2020-09-11T12:45:32.979+0000][1][safepoint    ] Safepoint "GenCollectForAllocation", Time since last: 641377736 ns, Reaching safepoint: 104724 ns, At safepoint: 86542757 ns, Total: 86647481 ns
[2020-09-11T12:45:33.636+0000][1][gc,start     ] GC(13) Pause Young (Allocation Failure)
[2020-09-11T12:45:33.636+0000][1][gc,task      ] GC(13) Using 1 workers of 1 for evacuation
[2020-09-11T12:45:33.654+0000][1][gc,age       ] GC(13) Desired survivor size 4358144 bytes, new threshold 6 (max threshold 6)
[2020-09-11T12:45:33.654+0000][1][gc,age       ] GC(13) Age table with threshold 6 (max threshold 6)
[2020-09-11T12:45:33.654+0000][1][gc,age       ] GC(13) - age   1:     128520 bytes,     128520 total
[2020-09-11T12:45:33.654+0000][1][gc,age       ] GC(13) - age   2:     203448 bytes,     331968 total
[2020-09-11T12:45:33.655+0000][1][gc,age       ] GC(13) - age   3:     544336 bytes,     876304 total
[2020-09-11T12:45:33.655+0000][1][gc,age       ] GC(13) - age   4:     402592 bytes,    1278896 total
[2020-09-11T12:45:33.655+0000][1][gc,age       ] GC(13) - age   5:     146968 bytes,    1425864 total
[2020-09-11T12:45:33.655+0000][1][gc,age       ] GC(13) - age   6:     829120 bytes,    2254984 total
[2020-09-11T12:45:33.655+0000][1][gc,heap      ] GC(13) ParNew: 73312K->3698K(76672K)
[2020-09-11T12:45:33.655+0000][1][gc,heap      ] GC(13) CMS: 14107K->14545K(439104K)
[2020-09-11T12:45:33.655+0000][1][gc,metaspace ] GC(13) Metaspace: 22748K->22748K(1071104K)
[2020-09-11T12:45:33.655+0000][1][gc           ] GC(13) Pause Young (Allocation Failure) 85M->17M(503M) 18.396ms
[2020-09-11T12:45:33.655+0000][1][gc,cpu       ] GC(13) User=0.01s Sys=0.00s Real=0.01s
[2020-09-11T12:45:33.679+0000][1][safepoint    ] Safepoint "GenCollectForAllocation", Time since last: 656615081 ns, Reaching safepoint: 102258 ns, At safepoint: 42943932 ns, Total: 43046190 ns
[2020-09-11T12:45:34.383+0000][1][gc,start     ] GC(14) Pause Young (Allocation Failure)
[2020-09-11T12:45:34.383+0000][1][gc,task      ] GC(14) Using 1 workers of 1 for evacuation
[2020-09-11T12:45:34.417+0000][1][gc,age       ] GC(14) Desired survivor size 4358144 bytes, new threshold 6 (max threshold 6)
[2020-09-11T12:45:34.417+0000][1][gc,age       ] GC(14) Age table with threshold 6 (max threshold 6)
[2020-09-11T12:45:34.417+0000][1][gc,age       ] GC(14) - age   1:    1036360 bytes,    1036360 total
[2020-09-11T12:45:34.417+0000][1][gc,age       ] GC(14) - age   2:     110008 bytes,    1146368 total
[2020-09-11T12:45:34.417+0000][1][gc,age       ] GC(14) - age   3:     203448 bytes,    1349816 total
[2020-09-11T12:45:34.417+0000][1][gc,age       ] GC(14) - age   4:     544336 bytes,    1894152 total
[2020-09-11T12:45:34.417+0000][1][gc,age       ] GC(14) - age   5:     402592 bytes,    2296744 total
[2020-09-11T12:45:34.417+0000][1][gc,age       ] GC(14) - age   6:     146968 bytes,    2443712 total
[2020-09-11T12:45:34.417+0000][1][gc,heap      ] GC(14) ParNew: 71858K->3500K(76672K)
[2020-09-11T12:45:34.417+0000][1][gc,heap      ] GC(14) CMS: 14545K->15361K(439104K)
[2020-09-11T12:45:34.417+0000][1][gc,metaspace ] GC(14) Metaspace: 22829K->22829K(1071104K)
[2020-09-11T12:45:34.417+0000][1][gc           ] GC(14) Pause Young (Allocation Failure) 84M->18M(503M) 34.216ms
[2020-09-11T12:45:34.417+0000][1][gc,cpu       ] GC(14) User=0.01s Sys=0.01s Real=0.04s
[2020-09-11T12:45:34.444+0000][1][safepoint    ] Safepoint "GenCollectForAllocation", Time since last: 700140121 ns, Reaching safepoint: 103182 ns, At safepoint: 64170916 ns, Total: 64274098 ns
[2020-09-11T12:45:35.144+0000][1][gc,start     ] GC(15) Pause Young (Allocation Failure)
[2020-09-11T12:45:35.144+0000][1][gc,task      ] GC(15) Using 1 workers of 1 for evacuation
[2020-09-11T12:45:35.182+0000][1][gc,age       ] GC(15) Desired survivor size 4358144 bytes, new threshold 6 (max threshold 6)
[2020-09-11T12:45:35.182+0000][1][gc,age       ] GC(15) Age table with threshold 6 (max threshold 6)
[2020-09-11T12:45:35.182+0000][1][gc,age       ] GC(15) - age   1:     938904 bytes,     938904 total
[2020-09-11T12:45:35.182+0000][1][gc,age       ] GC(15) - age   2:     307928 bytes,    1246832 total
[2020-09-11T12:45:35.182+0000][1][gc,age       ] GC(15) - age   3:     110008 bytes,    1356840 total
[2020-09-11T12:45:35.182+0000][1][gc,age       ] GC(15) - age   4:     203448 bytes,    1560288 total
[2020-09-11T12:45:35.182+0000][1][gc,age       ] GC(15) - age   5:     544336 bytes,    2104624 total
[2020-09-11T12:45:35.182+0000][1][gc,age       ] GC(15) - age   6:     402592 bytes,    2507216 total
[2020-09-11T12:45:35.182+0000][1][gc,heap      ] GC(15) ParNew: 71660K->4454K(76672K)
[2020-09-11T12:45:35.182+0000][1][gc,heap      ] GC(15) CMS: 15361K->15510K(439104K)
[2020-09-11T12:45:35.182+0000][1][gc,metaspace ] GC(15) Metaspace: 22917K->22917K(1071104K)
[2020-09-11T12:45:35.182+0000][1][gc           ] GC(15) Pause Young (Allocation Failure) 84M->19M(503M) 38.918ms
[2020-09-11T12:45:35.182+0000][1][gc,cpu       ] GC(15) User=0.01s Sys=0.00s Real=0.03s
[2020-09-11T12:45:35.207+0000][1][safepoint    ] Safepoint "GenCollectForAllocation", Time since last: 699890058 ns, Reaching safepoint: 95151 ns, At safepoint: 63908260 ns, Total: 64003411 ns
[2020-09-11T12:45:35.800+0000][1][gc,start     ] GC(16) Pause Young (Allocation Failure)
[2020-09-11T12:45:35.800+0000][1][gc,task      ] GC(16) Using 1 workers of 1 for evacuation
[2020-09-11T12:45:35.829+0000][1][gc,age       ] GC(16) Desired survivor size 4358144 bytes, new threshold 6 (max threshold 6)
[2020-09-11T12:45:35.829+0000][1][gc,age       ] GC(16) Age table with threshold 6 (max threshold 6)
[2020-09-11T12:45:35.829+0000][1][gc,age       ] GC(16) - age   1:      93176 bytes,      93176 total
[2020-09-11T12:45:35.829+0000][1][gc,age       ] GC(16) - age   2:     188080 bytes,     281256 total
[2020-09-11T12:45:35.829+0000][1][gc,age       ] GC(16) - age   3:     307928 bytes,     589184 total
[2020-09-11T12:45:35.829+0000][1][gc,age       ] GC(16) - age   4:     110008 bytes,     699192 total
[2020-09-11T12:45:35.829+0000][1][gc,age       ] GC(16) - age   5:     203296 bytes,     902488 total
[2020-09-11T12:45:35.829+0000][1][gc,age       ] GC(16) - age   6:     544336 bytes,    1446824 total
[2020-09-11T12:45:35.829+0000][1][gc,heap      ] GC(16) ParNew: 72614K->1475K(76672K)
[2020-09-11T12:45:35.829+0000][1][gc,heap      ] GC(16) CMS: 15510K->15908K(439104K)
[2020-09-11T12:45:35.829+0000][1][gc,metaspace ] GC(16) Metaspace: 22933K->22933K(1071104K)
[2020-09-11T12:45:35.829+0000][1][gc           ] GC(16) Pause Young (Allocation Failure) 86M->16M(503M) 29.076ms
[2020-09-11T12:45:35.829+0000][1][gc,cpu       ] GC(16) User=0.01s Sys=0.00s Real=0.03s
[2020-09-11T12:45:35.843+0000][1][safepoint    ] Safepoint "GenCollectForAllocation", Time since last: 592009995 ns, Reaching safepoint: 119566 ns, At safepoint: 43876528 ns, Total: 43996094 ns
[2020-09-11T12:45:35.923+0000][1][safepoint    ] Safepoint "Deoptimize", Time since last: 78794518 ns, Reaching safepoint: 104196 ns, At safepoint: 220589 ns, Total: 324785 ns
[2020-09-11T12:45:36.923+0000][1][safepoint    ] Safepoint "Cleanup", Time since last: 1000118979 ns, Reaching safepoint: 136366 ns, At safepoint: 7293 ns, Total: 143659 ns
[2020-09-11T12:45:37.588+0000][1][safepoint    ] Safepoint "RevokeBias", Time since last: 664618989 ns, Reaching safepoint: 250131 ns, At safepoint: 19922 ns, Total: 270053 ns
[2020-09-11T12:45:37.588+0000][1][safepoint    ] Safepoint "RevokeBias", Time since last: 211400 ns, Reaching safepoint: 80779 ns, At safepoint: 8327 ns, Total: 89106 ns
[2020-09-11T12:45:38.593+0000][1][safepoint    ] Safepoint "Cleanup", Time since last: 1004678375 ns, Reaching safepoint: 142764 ns, At safepoint: 7032 ns, Total: 149796 ns
[2020-09-11T12:45:39.344+0000][1][safepoint    ] Safepoint "Deoptimize", Time since last: 750882080 ns, Reaching safepoint: 107681 ns, At safepoint: 233677 ns, Total: 341358 ns
[2020-09-11T12:45:40.363+0000][1][safepoint    ] Safepoint "Cleanup", Time since last: 1000108042 ns, Reaching safepoint: 18916690 ns, At safepoint: 16944 ns, Total: 18933634 ns
[2020-09-11T12:45:41.401+0000][1][safepoint    ] Safepoint "Cleanup", Time since last: 1036309089 ns, Reaching safepoint: 1112114 ns, At safepoint: 8920 ns, Total: 1121034 ns
[2020-09-11T12:45:41.686+0000][1][safepoint    ] Safepoint "RevokeBias", Time since last: 285198966 ns, Reaching safepoint: 117889 ns, At safepoint: 53623 ns, Total: 171512 ns
[2020-09-11T12:45:42.695+0000][1][safepoint    ] Safepoint "Cleanup", Time since last: 1000141905 ns, Reaching safepoint: 9125700 ns, At safepoint: 8369 ns, Total: 9134069 ns
[2020-09-11T12:45:43.703+0000][1][safepoint    ] Safepoint "Cleanup", Time since last: 1008245690 ns, Reaching safepoint: 42822 ns, At safepoint: 8871 ns, Total: 51693 ns
[2020-09-11T12:45:43.736+0000][1][gc,start     ] GC(17) Pause Young (Allocation Failure)
[2020-09-11T12:45:43.736+0000][1][gc,task      ] GC(17) Using 1 workers of 1 for evacuation
[2020-09-11T12:45:43.979+0000][1][gc,age       ] GC(17) Desired survivor size 4358144 bytes, new threshold 1 (max threshold 6)
[2020-09-11T12:45:43.980+0000][1][gc,age       ] GC(17) Age table with threshold 1 (max threshold 6)
[2020-09-11T12:45:43.980+0000][1][gc,age       ] GC(17) - age   1:    7860664 bytes,    7860664 total
[2020-09-11T12:45:43.980+0000][1][gc,age       ] GC(17) - age   2:      72960 bytes,    7933624 total
[2020-09-11T12:45:43.980+0000][1][gc,age       ] GC(17) - age   3:     181232 bytes,    8114856 total
[2020-09-11T12:45:43.980+0000][1][gc,age       ] GC(17) - age   4:     297304 bytes,    8412160 total
[2020-09-11T12:45:43.980+0000][1][gc,age       ] GC(17) - age   5:     104136 bytes,    8516296 total
[2020-09-11T12:45:43.980+0000][1][gc,age       ] GC(17) - age   6:     199864 bytes,    8716160 total
[2020-09-11T12:45:43.980+0000][1][gc,heap      ] GC(17) ParNew: 69635K->8512K(76672K)
[2020-09-11T12:45:43.980+0000][1][gc,heap      ] GC(17) CMS: 15908K->17399K(439104K)
[2020-09-11T12:45:43.980+0000][1][gc,metaspace ] GC(17) Metaspace: 29693K->29693K(1077248K)
[2020-09-11T12:45:43.980+0000][1][gc           ] GC(17) Pause Young (Allocation Failure) 83M->25M(503M) 244.109ms
[2020-09-11T12:45:43.980+0000][1][gc,cpu       ] GC(17) User=0.06s Sys=0.00s Real=0.24s
[2020-09-11T12:45:43.985+0000][1][safepoint    ] Safepoint "GenCollectForAllocation", Time since last: 31941051 ns, Reaching safepoint: 100070 ns, At safepoint: 249691683 ns, Total: 249791753 ns
[2020-09-11T12:45:45.016+0000][1][safepoint    ] Safepoint "Cleanup", Time since last: 1030250037 ns, Reaching safepoint: 121615 ns, At safepoint: 7954 ns, Total: 129569 ns
[2020-09-11T12:45:46.024+0000][1][safepoint    ] Safepoint "Cleanup", Time since last: 1007832353 ns, Reaching safepoint: 109770 ns, At safepoint: 6101 ns, Total: 115871 ns
[2020-09-11T12:45:47.051+0000][1][safepoint    ] Safepoint "Cleanup", Time since last: 1015882449 ns, Reaching safepoint: 12015969 ns, At safepoint: 15187 ns, Total: 12031156 ns
[2020-09-11T12:45:48.055+0000][1][safepoint    ] Safepoint "Cleanup", Time since last: 1002939660 ns, Reaching safepoint: 1032516 ns, At safepoint: 8374 ns, Total: 1040890 ns
[2020-09-11T12:45:49.059+0000][1][safepoint    ] Safepoint "Cleanup", Time since last: 1000607197 ns, Reaching safepoint: 3017531 ns, At safepoint: 12551 ns, Total: 3030082 ns
[2020-09-11T12:45:49.505+0000][1][gc,start     ] GC(18) Pause Young (Allocation Failure)
[2020-09-11T12:45:49.505+0000][1][gc,task      ] GC(18) Using 1 workers of 1 for evacuation
[2020-09-11T12:45:49.763+0000][1][gc,age       ] GC(18) Desired survivor size 4358144 bytes, new threshold 1 (max threshold 6)
[2020-09-11T12:45:49.763+0000][1][gc,age       ] GC(18) Age table with threshold 1 (max threshold 6)
[2020-09-11T12:45:49.763+0000][1][gc,age       ] GC(18) - age   1:    8064024 bytes,    8064024 total
[2020-09-11T12:45:49.764+0000][1][gc,heap      ] GC(18) ParNew: 76672K->8512K(76672K)
[2020-09-11T12:45:49.764+0000][1][gc,heap      ] GC(18) CMS: 17399K->26425K(439104K)
[2020-09-11T12:45:49.764+0000][1][gc,metaspace ] GC(18) Metaspace: 29837K->29837K(1077248K)
[2020-09-11T12:45:49.764+0000][1][gc           ] GC(18) Pause Young (Allocation Failure) 91M->34M(503M) 258.368ms
[2020-09-11T12:45:49.764+0000][1][gc,cpu       ] GC(18) User=0.07s Sys=0.00s Real=0.26s
[2020-09-11T12:45:49.794+0000][1][safepoint    ] Safepoint "GenCollectForAllocation", Time since last: 446042537 ns, Reaching safepoint: 95631 ns, At safepoint: 288503832 ns, Total: 288599463 ns
[2020-09-11T12:45:50.820+0000][1][safepoint    ] Safepoint "Cleanup", Time since last: 1025715546 ns, Reaching safepoint: 115247 ns, At safepoint: 6317 ns, Total: 121564 ns
[2020-09-11T12:45:54.667+0000][1][gc,start     ] GC(19) Pause Young (Allocation Failure)
[2020-09-11T12:45:54.668+0000][1][gc,task      ] GC(19) Using 1 workers of 1 for evacuation
[2020-09-11T12:45:54.806+0000][1][gc,age       ] GC(19) Desired survivor size 4358144 bytes, new threshold 1 (max threshold 6)
[2020-09-11T12:45:54.806+0000][1][gc,age       ] GC(19) Age table with threshold 1 (max threshold 6)
[2020-09-11T12:45:54.806+0000][1][gc,age       ] GC(19) - age   1:    8127896 bytes,    8127896 total
[2020-09-11T12:45:54.806+0000][1][gc,heap      ] GC(19) ParNew: 76672K->8512K(76672K)
[2020-09-11T12:45:54.806+0000][1][gc,heap      ] GC(19) CMS: 26425K->34332K(439104K)
[2020-09-11T12:45:54.806+0000][1][gc,metaspace ] GC(19) Metaspace: 29870K->29870K(1077248K)
[2020-09-11T12:45:54.806+0000][1][gc           ] GC(19) Pause Young (Allocation Failure) 100M->41M(503M) 138.672ms
[2020-09-11T12:45:54.806+0000][1][gc,cpu       ] GC(19) User=0.04s Sys=0.00s Real=0.14s
[2020-09-11T12:45:54.831+0000][1][safepoint    ] Safepoint "GenCollectForAllocation", Time since last: 3843884355 ns, Reaching safepoint: 4010307 ns, At safepoint: 164015130 ns, Total: 168025437 ns
[2020-09-11T12:45:55.867+0000][1][safepoint    ] Safepoint "Cleanup", Time since last: 1017449215 ns, Reaching safepoint: 17672816 ns, At safepoint: 8405 ns, Total: 17681221 ns
[2020-09-11T12:45:56.872+0000][1][safepoint    ] Safepoint "Cleanup", Time since last: 1004829767 ns, Reaching safepoint: 149105 ns, At safepoint: 7237 ns, Total: 156342 ns
[2020-09-11T12:45:57.901+0000][1][safepoint    ] Safepoint "Cleanup", Time since last: 1011414623 ns, Reaching safepoint: 17520035 ns, At safepoint: 8350 ns, Total: 17528385 ns
[2020-09-11T12:45:58.798+0000][1][gc,start     ] GC(20) Pause Young (Allocation Failure)
[2020-09-11T12:45:58.798+0000][1][gc,task      ] GC(20) Using 1 workers of 1 for evacuation
[2020-09-11T12:45:58.971+0000][1][gc,age       ] GC(20) Desired survivor size 4358144 bytes, new threshold 6 (max threshold 6)
[2020-09-11T12:45:58.971+0000][1][gc,age       ] GC(20) Age table with threshold 6 (max threshold 6)
[2020-09-11T12:45:58.971+0000][1][gc,age       ] GC(20) - age   1:    3716600 bytes,    3716600 total
[2020-09-11T12:45:58.987+0000][1][gc,heap      ] GC(20) ParNew: 76672K->7850K(76672K)
[2020-09-11T12:45:58.987+0000][1][gc,heap      ] GC(20) CMS: 34332K->41939K(439104K)
[2020-09-11T12:45:58.987+0000][1][gc,metaspace ] GC(20) Metaspace: 32080K->32080K(1079296K)
[2020-09-11T12:45:58.987+0000][1][gc           ] GC(20) Pause Young (Allocation Failure) 108M->48M(503M) 189.692ms
[2020-09-11T12:45:58.988+0000][1][gc,cpu       ] GC(20) User=0.05s Sys=0.00s Real=0.19s
[2020-09-11T12:45:59.006+0000][1][safepoint    ] Safepoint "GenCollectForAllocation", Time since last: 897164731 ns, Reaching safepoint: 106944 ns, At safepoint: 208397938 ns, Total: 208504882 ns
[2020-09-11T12:45:59.540+0000][1][safepoint    ] Safepoint "Deoptimize", Time since last: 532914692 ns, Reaching safepoint: 110270 ns, At safepoint: 296797 ns, Total: 407067 ns
[2020-09-11T12:46:00.542+0000][1][safepoint    ] Safepoint "Cleanup", Time since last: 1000114482 ns, Reaching safepoint: 2525697 ns, At safepoint: 9975 ns, Total: 2535672 ns
[2020-09-11T12:46:01.548+0000][1][safepoint    ] Safepoint "Cleanup", Time since last: 1005252290 ns, Reaching safepoint: 131882 ns, At safepoint: 5873 ns, Total: 137755 ns
[2020-09-11T12:46:02.273+0000][1][safepoint    ] Safepoint "Deoptimize", Time since last: 725002977 ns, Reaching safepoint: 102094 ns, At safepoint: 266562 ns, Total: 368656 ns
[2020-09-11T12:46:03.273+0000][1][safepoint    ] Safepoint "Cleanup", Time since last: 1000116429 ns, Reaching safepoint: 115761 ns, At safepoint: 5818 ns, Total: 121579 ns
[2020-09-11T12:46:03.707+0000][1][gc,start     ] GC(21) Pause Young (Allocation Failure)
[2020-09-11T12:46:03.708+0000][1][gc,task      ] GC(21) Using 1 workers of 1 for evacuation
[2020-09-11T12:46:03.753+0000][1][gc,age       ] GC(21) Desired survivor size 4358144 bytes, new threshold 2 (max threshold 6)
[2020-09-11T12:46:03.753+0000][1][gc,age       ] GC(21) Age table with threshold 2 (max threshold 6)
[2020-09-11T12:46:03.753+0000][1][gc,age       ] GC(21) - age   1:    1052232 bytes,    1052232 total
[2020-09-11T12:46:03.753+0000][1][gc,age       ] GC(21) - age   2:    3623224 bytes,    4675456 total
[2020-09-11T12:46:03.753+0000][1][gc,heap      ] GC(21) ParNew: 76010K->6647K(76672K)
[2020-09-11T12:46:03.753+0000][1][gc,heap      ] GC(21) CMS: 41939K->41939K(439104K)
[2020-09-11T12:46:03.753+0000][1][gc,metaspace ] GC(21) Metaspace: 32382K->32382K(1079296K)
[2020-09-11T12:46:03.753+0000][1][gc           ] GC(21) Pause Young (Allocation Failure) 115M->47M(503M) 45.472ms
[2020-09-11T12:46:03.753+0000][1][gc,cpu       ] GC(21) User=0.01s Sys=0.00s Real=0.04s
[2020-09-11T12:46:03.771+0000][1][safepoint    ] Safepoint "GenCollectForAllocation", Time since last: 433931423 ns, Reaching safepoint: 100343 ns, At safepoint: 64225265 ns, Total: 64325608 ns
[2020-09-11T12:46:04.806+0000][1][safepoint    ] Safepoint "Cleanup", Time since last: 1021108173 ns, Reaching safepoint: 13379328 ns, At safepoint: 10795 ns, Total: 13390123 ns
[2020-09-11T12:46:05.424+0000][1][gc,start     ] GC(22) Pause Young (Allocation Failure)
[2020-09-11T12:46:05.424+0000][1][gc,task      ] GC(22) Using 1 workers of 1 for evacuation
[2020-09-11T12:46:05.487+0000][1][gc,age       ] GC(22) Desired survivor size 4358144 bytes, new threshold 6 (max threshold 6)
[2020-09-11T12:46:05.487+0000][1][gc,age       ] GC(22) Age table with threshold 6 (max threshold 6)
[2020-09-11T12:46:05.487+0000][1][gc,age       ] GC(22) - age   1:     249432 bytes,     249432 total
[2020-09-11T12:46:05.487+0000][1][gc,age       ] GC(22) - age   2:     440264 bytes,     689696 total
[2020-09-11T12:46:05.487+0000][1][gc,heap      ] GC(22) ParNew: 74807K->4255K(76672K)
[2020-09-11T12:46:05.487+0000][1][gc,heap      ] GC(22) CMS: 41939K->45495K(439104K)
[2020-09-11T12:46:05.487+0000][1][gc,metaspace ] GC(22) Metaspace: 32395K->32395K(1079296K)
[2020-09-11T12:46:05.487+0000][1][gc           ] GC(22) Pause Young (Allocation Failure) 114M->48M(503M) 63.422ms
[2020-09-11T12:46:05.487+0000][1][gc,cpu       ] GC(22) User=0.02s Sys=0.00s Real=0.06s
[2020-09-11T12:46:05.511+0000][1][safepoint    ] Safepoint "GenCollectForAllocation", Time since last: 617510208 ns, Reaching safepoint: 106784 ns, At safepoint: 87924619 ns, Total: 88031403 ns
[2020-09-11T12:46:06.541+0000][1][safepoint    ] Safepoint "Cleanup", Time since last: 1016041058 ns, Reaching safepoint: 13019386 ns, At safepoint: 11329 ns, Total: 13030715 ns
[2020-09-11T12:46:06.688+0000][1][gc,start     ] GC(23) Pause Young (Allocation Failure)
[2020-09-11T12:46:06.688+0000][1][gc,task      ] GC(23) Using 1 workers of 1 for evacuation
[2020-09-11T12:46:06.690+0000][1][gc,age       ] GC(23) Desired survivor size 4358144 bytes, new threshold 6 (max threshold 6)
[2020-09-11T12:46:06.690+0000][1][gc,age       ] GC(23) Age table with threshold 6 (max threshold 6)
[2020-09-11T12:46:06.690+0000][1][gc,age       ] GC(23) - age   1:        120 bytes,        120 total
[2020-09-11T12:46:06.690+0000][1][gc,age       ] GC(23) - age   2:     249432 bytes,     249552 total
[2020-09-11T12:46:06.690+0000][1][gc,age       ] GC(23) - age   3:     440264 bytes,     689816 total
[2020-09-11T12:46:06.690+0000][1][gc,heap      ] GC(23) ParNew: 72415K->1190K(76672K)
[2020-09-11T12:46:06.690+0000][1][gc,heap      ] GC(23) CMS: 45495K->45495K(439104K)
[2020-09-11T12:46:06.690+0000][1][gc,metaspace ] GC(23) Metaspace: 32396K->32396K(1079296K)
[2020-09-11T12:46:06.690+0000][1][gc           ] GC(23) Pause Young (Allocation Failure) 115M->45M(503M) 2.870ms
[2020-09-11T12:46:06.690+0000][1][gc,cpu       ] GC(23) User=0.00s Sys=0.00s Real=0.00s
[2020-09-11T12:46:06.707+0000][1][safepoint    ] Safepoint "GenCollectForAllocation", Time since last: 146900929 ns, Reaching safepoint: 102604 ns, At safepoint: 19059566 ns, Total: 19162170 ns
[2020-09-11T12:46:07.267+0000][1][gc,start     ] GC(24) Pause Young (Allocation Failure)
[2020-09-11T12:46:07.268+0000][1][gc,task      ] GC(24) Using 1 workers of 1 for evacuation
[2020-09-11T12:46:07.270+0000][1][gc,age       ] GC(24) Desired survivor size 4358144 bytes, new threshold 6 (max threshold 6)
[2020-09-11T12:46:07.270+0000][1][gc,age       ] GC(24) Age table with threshold 6 (max threshold 6)
[2020-09-11T12:46:07.270+0000][1][gc,age       ] GC(24) - age   1:         96 bytes,         96 total
[2020-09-11T12:46:07.270+0000][1][gc,age       ] GC(24) - age   3:     249432 bytes,     249528 total
[2020-09-11T12:46:07.270+0000][1][gc,age       ] GC(24) - age   4:     440264 bytes,     689792 total
[2020-09-11T12:46:07.270+0000][1][gc,heap      ] GC(24) ParNew: 69350K->1100K(76672K)
[2020-09-11T12:46:07.270+0000][1][gc,heap      ] GC(24) CMS: 45495K->45495K(439104K)
[2020-09-11T12:46:07.270+0000][1][gc,metaspace ] GC(24) Metaspace: 32399K->32399K(1079296K)
[2020-09-11T12:46:07.270+0000][1][gc           ] GC(24) Pause Young (Allocation Failure) 112M->45M(503M) 2.838ms
[2020-09-11T12:46:07.270+0000][1][gc,cpu       ] GC(24) User=0.00s Sys=0.00s Real=0.00s
[2020-09-11T12:46:07.280+0000][1][safepoint    ] Safepoint "GenCollectForAllocation", Time since last: 555258057 ns, Reaching safepoint: 5613753 ns, At safepoint: 12049121 ns, Total: 17662874 ns
[2020-09-11T12:46:07.756+0000][1][gc,start     ] GC(25) Pause Young (Allocation Failure)
[2020-09-11T12:46:07.756+0000][1][gc,task      ] GC(25) Using 1 workers of 1 for evacuation
[2020-09-11T12:46:07.758+0000][1][gc,age       ] GC(25) Desired survivor size 4358144 bytes, new threshold 6 (max threshold 6)
[2020-09-11T12:46:07.758+0000][1][gc,age       ] GC(25) Age table with threshold 6 (max threshold 6)
[2020-09-11T12:46:07.758+0000][1][gc,age       ] GC(25) - age   1:        200 bytes,        200 total
[2020-09-11T12:46:07.758+0000][1][gc,age       ] GC(25) - age   4:     249432 bytes,     249632 total
[2020-09-11T12:46:07.758+0000][1][gc,age       ] GC(25) - age   5:     440264 bytes,     689896 total
[2020-09-11T12:46:07.758+0000][1][gc,heap      ] GC(25) ParNew: 69260K->1285K(76672K)
[2020-09-11T12:46:07.758+0000][1][gc,heap      ] GC(25) CMS: 45495K->45495K(439104K)
[2020-09-11T12:46:07.758+0000][1][gc,metaspace ] GC(25) Metaspace: 32399K->32399K(1079296K)
[2020-09-11T12:46:07.758+0000][1][gc           ] GC(25) Pause Young (Allocation Failure) 112M->45M(503M) 2.873ms
[2020-09-11T12:46:07.758+0000][1][gc,cpu       ] GC(25) User=0.00s Sys=0.00s Real=0.00s
[2020-09-11T12:46:07.763+0000][1][safepoint    ] Safepoint "GenCollectForAllocation", Time since last: 475931002 ns, Reaching safepoint: 108317 ns, At safepoint: 7889378 ns, Total: 7997695 ns
[2020-09-11T12:46:08.228+0000][1][gc,start     ] GC(26) Pause Young (Allocation Failure)
[2020-09-11T12:46:08.228+0000][1][gc,task      ] GC(26) Using 1 workers of 1 for evacuation
[2020-09-11T12:46:08.230+0000][1][gc,age       ] GC(26) Desired survivor size 4358144 bytes, new threshold 6 (max threshold 6)
[2020-09-11T12:46:08.230+0000][1][gc,age       ] GC(26) Age table with threshold 6 (max threshold 6)
[2020-09-11T12:46:08.230+0000][1][gc,age       ] GC(26) - age   1:        120 bytes,        120 total
[2020-09-11T12:46:08.230+0000][1][gc,age       ] GC(26) - age   5:     249432 bytes,     249552 total
[2020-09-11T12:46:08.230+0000][1][gc,age       ] GC(26) - age   6:     440264 bytes,     689816 total
[2020-09-11T12:46:08.230+0000][1][gc,heap      ] GC(26) ParNew: 69445K->826K(76672K)
[2020-09-11T12:46:08.230+0000][1][gc,heap      ] GC(26) CMS: 45495K->45495K(439104K)
[2020-09-11T12:46:08.230+0000][1][gc,metaspace ] GC(26) Metaspace: 32399K->32399K(1079296K)
[2020-09-11T12:46:08.230+0000][1][gc           ] GC(26) Pause Young (Allocation Failure) 112M->45M(503M) 2.815ms
[2020-09-11T12:46:08.231+0000][1][gc,cpu       ] GC(26) User=0.00s Sys=0.00s Real=0.00s
[2020-09-11T12:46:08.242+0000][1][safepoint    ] Safepoint "GenCollectForAllocation", Time since last: 464116518 ns, Reaching safepoint: 112456 ns, At safepoint: 14317661 ns, Total: 14430117 ns
[2020-09-11T12:46:08.692+0000][1][gc,start     ] GC(27) Pause Young (Allocation Failure)
[2020-09-11T12:46:08.692+0000][1][gc,task      ] GC(27) Using 1 workers of 1 for evacuation
[2020-09-11T12:46:08.694+0000][1][gc,age       ] GC(27) Desired survivor size 4358144 bytes, new threshold 6 (max threshold 6)
[2020-09-11T12:46:08.694+0000][1][gc,age       ] GC(27) Age table with threshold 6 (max threshold 6)
[2020-09-11T12:46:08.694+0000][1][gc,age       ] GC(27) - age   1:        200 bytes,        200 total
[2020-09-11T12:46:08.694+0000][1][gc,age       ] GC(27) - age   6:     249432 bytes,     249632 total
[2020-09-11T12:46:08.694+0000][1][gc,heap      ] GC(27) ParNew: 68986K->608K(76672K)
[2020-09-11T12:46:08.694+0000][1][gc,heap      ] GC(27) CMS: 45495K->45925K(439104K)
[2020-09-11T12:46:08.694+0000][1][gc,metaspace ] GC(27) Metaspace: 32399K->32399K(1079296K)
[2020-09-11T12:46:08.694+0000][1][gc           ] GC(27) Pause Young (Allocation Failure) 111M->45M(503M) 2.651ms
[2020-09-11T12:46:08.694+0000][1][gc,cpu       ] GC(27) User=0.01s Sys=0.00s Real=0.00s
[2020-09-11T12:46:08.695+0000][1][safepoint    ] Safepoint "GenCollectForAllocation", Time since last: 449471893 ns, Reaching safepoint: 113625 ns, At safepoint: 3865677 ns, Total: 3979302 ns
[2020-09-11T12:46:09.134+0000][1][gc,start     ] GC(28) Pause Young (Allocation Failure)
[2020-09-11T12:46:09.134+0000][1][gc,task      ] GC(28) Using 1 workers of 1 for evacuation
[2020-09-11T12:46:09.144+0000][1][gc,age       ] GC(28) Desired survivor size 4358144 bytes, new threshold 6 (max threshold 6)
[2020-09-11T12:46:09.144+0000][1][gc,age       ] GC(28) Age table with threshold 6 (max threshold 6)
[2020-09-11T12:46:09.144+0000][1][gc,age       ] GC(28) - age   1:         96 bytes,         96 total
[2020-09-11T12:46:09.145+0000][1][gc,heap      ] GC(28) ParNew: 68768K->243K(76672K)
[2020-09-11T12:46:09.145+0000][1][gc,heap      ] GC(28) CMS: 45925K->46169K(439104K)
[2020-09-11T12:46:09.145+0000][1][gc,metaspace ] GC(28) Metaspace: 32399K->32399K(1079296K)
[2020-09-11T12:46:09.145+0000][1][gc           ] GC(28) Pause Young (Allocation Failure) 112M->45M(503M) 10.944ms
[2020-09-11T12:46:09.145+0000][1][gc,cpu       ] GC(28) User=0.01s Sys=0.00s Real=0.02s
[2020-09-11T12:46:09.159+0000][1][safepoint    ] Safepoint "GenCollectForAllocation", Time since last: 438075481 ns, Reaching safepoint: 99193 ns, At safepoint: 25824634 ns, Total: 25923827 ns
[2020-09-11T12:46:09.568+0000][1][gc,start     ] GC(29) Pause Young (Allocation Failure)
[2020-09-11T12:46:09.568+0000][1][gc,task      ] GC(29) Using 1 workers of 1 for evacuation
[2020-09-11T12:46:09.570+0000][1][gc,age       ] GC(29) Desired survivor size 4358144 bytes, new threshold 6 (max threshold 6)
[2020-09-11T12:46:09.570+0000][1][gc,age       ] GC(29) Age table with threshold 6 (max threshold 6)
[2020-09-11T12:46:09.570+0000][1][gc,age       ] GC(29) - age   1:         40 bytes,         40 total
[2020-09-11T12:46:09.570+0000][1][gc,age       ] GC(29) - age   2:         72 bytes,        112 total
[2020-09-11T12:46:09.570+0000][1][gc,heap      ] GC(29) ParNew: 68403K->60K(76672K)
[2020-09-11T12:46:09.570+0000][1][gc,heap      ] GC(29) CMS: 46169K->46169K(439104K)
[2020-09-11T12:46:09.570+0000][1][gc,metaspace ] GC(29) Metaspace: 32399K->32399K(1079296K)
[2020-09-11T12:46:09.570+0000][1][gc           ] GC(29) Pause Young (Allocation Failure) 111M->45M(503M) 2.315ms
[2020-09-11T12:46:09.570+0000][1][gc,cpu       ] GC(29) User=0.00s Sys=0.00s Real=0.00s
[2020-09-11T12:46:09.570+0000][1][safepoint    ] Safepoint "GenCollectForAllocation", Time since last: 407997815 ns, Reaching safepoint: 101854 ns, At safepoint: 2364320 ns, Total: 2466174 ns
[2020-09-11T12:46:10.012+0000][1][gc,start     ] GC(30) Pause Young (Allocation Failure)
[2020-09-11T12:46:10.012+0000][1][gc,task      ] GC(30) Using 1 workers of 1 for evacuation
[2020-09-11T12:46:10.014+0000][1][gc,age       ] GC(30) Desired survivor size 4358144 bytes, new threshold 6 (max threshold 6)
[2020-09-11T12:46:10.014+0000][1][gc,age       ] GC(30) Age table with threshold 6 (max threshold 6)
[2020-09-11T12:46:10.014+0000][1][gc,age       ] GC(30) - age   1:         24 bytes,         24 total
[2020-09-11T12:46:10.014+0000][1][gc,age       ] GC(30) - age   3:         72 bytes,         96 total
[2020-09-11T12:46:10.014+0000][1][gc,heap      ] GC(30) ParNew: 68220K->15K(76672K)
[2020-09-11T12:46:10.014+0000][1][gc,heap      ] GC(30) CMS: 46169K->46169K(439104K)
[2020-09-11T12:46:10.014+0000][1][gc,metaspace ] GC(30) Metaspace: 32399K->32399K(1079296K)
[2020-09-11T12:46:10.014+0000][1][gc           ] GC(30) Pause Young (Allocation Failure) 111M->45M(503M) 2.320ms
[2020-09-11T12:46:10.014+0000][1][gc,cpu       ] GC(30) User=0.00s Sys=0.00s Real=0.00s
[2020-09-11T12:46:10.023+0000][1][safepoint    ] Safepoint "GenCollectForAllocation", Time since last: 441513151 ns, Reaching safepoint: 99555 ns, At safepoint: 11345732 ns, Total: 11445287 ns
[2020-09-11T12:46:10.448+0000][1][gc,start     ] GC(31) Pause Young (Allocation Failure)
[2020-09-11T12:46:10.448+0000][1][gc,task      ] GC(31) Using 1 workers of 1 for evacuation
[2020-09-11T12:46:10.450+0000][1][gc,age       ] GC(31) Desired survivor size 4358144 bytes, new threshold 6 (max threshold 6)
[2020-09-11T12:46:10.450+0000][1][gc,age       ] GC(31) Age table with threshold 6 (max threshold 6)
[2020-09-11T12:46:10.450+0000][1][gc,age       ] GC(31) - age   1:        200 bytes,        200 total
[2020-09-11T12:46:10.450+0000][1][gc,age       ] GC(31) - age   4:         72 bytes,        272 total
[2020-09-11T12:46:10.450+0000][1][gc,heap      ] GC(31) ParNew: 68175K->3K(76672K)
[2020-09-11T12:46:10.450+0000][1][gc,heap      ] GC(31) CMS: 46169K->46169K(439104K)
[2020-09-11T12:46:10.450+0000][1][gc,metaspace ] GC(31) Metaspace: 32399K->32399K(1079296K)
[2020-09-11T12:46:10.450+0000][1][gc           ] GC(31) Pause Young (Allocation Failure) 111M->45M(503M) 2.304ms
[2020-09-11T12:46:10.450+0000][1][gc,cpu       ] GC(31) User=0.00s Sys=0.00s Real=0.00s
[2020-09-11T12:46:10.463+0000][1][safepoint    ] Safepoint "GenCollectForAllocation", Time since last: 424577788 ns, Reaching safepoint: 77504 ns, At safepoint: 15951053 ns, Total: 16028557 ns
[2020-09-11T12:46:10.906+0000][1][gc,start     ] GC(32) Pause Young (Allocation Failure)
[2020-09-11T12:46:10.906+0000][1][gc,task      ] GC(32) Using 1 workers of 1 for evacuation
[2020-09-11T12:46:10.912+0000][1][gc,age       ] GC(32) Desired survivor size 4358144 bytes, new threshold 6 (max threshold 6)
[2020-09-11T12:46:10.912+0000][1][gc,age       ] GC(32) Age table with threshold 6 (max threshold 6)
[2020-09-11T12:46:10.912+0000][1][gc,age       ] GC(32) - age   1:        168 bytes,        168 total
[2020-09-11T12:46:10.912+0000][1][gc,age       ] GC(32) - age   5:         72 bytes,        240 total
[2020-09-11T12:46:10.912+0000][1][gc,heap      ] GC(32) ParNew: 68163K->2K(76672K)
[2020-09-11T12:46:10.912+0000][1][gc,heap      ] GC(32) CMS: 46169K->46169K(439104K)
[2020-09-11T12:46:10.912+0000][1][gc,metaspace ] GC(32) Metaspace: 32399K->32399K(1079296K)
[2020-09-11T12:46:10.912+0000][1][gc           ] GC(32) Pause Young (Allocation Failure) 111M->45M(503M) 6.369ms
[2020-09-11T12:46:10.912+0000][1][gc,cpu       ] GC(32) User=0.00s Sys=0.00s Real=0.00s
[2020-09-11T12:46:10.912+0000][1][safepoint    ] Safepoint "GenCollectForAllocation", Time since last: 441919285 ns, Reaching safepoint: 126119 ns, At safepoint: 6448215 ns, Total: 6574334 ns
[2020-09-11T12:46:11.123+0000][1][gc,start     ] GC(33) Pause Young (Allocation Failure)
[2020-09-11T12:46:11.124+0000][1][gc,task      ] GC(33) Using 1 workers of 1 for evacuation
[2020-09-11T12:46:11.130+0000][1][gc,age       ] GC(33) Desired survivor size 4358144 bytes, new threshold 6 (max threshold 6)
[2020-09-11T12:46:11.130+0000][1][gc,age       ] GC(33) Age table with threshold 6 (max threshold 6)
[2020-09-11T12:46:11.130+0000][1][gc,age       ] GC(33) - age   1:        152 bytes,        152 total
[2020-09-11T12:46:11.130+0000][1][gc,age       ] GC(33) - age   6:         72 bytes,        224 total
[2020-09-11T12:46:11.130+0000][1][gc,heap      ] GC(33) ParNew: 68162K->2K(76672K)
[2020-09-11T12:46:11.130+0000][1][gc,heap      ] GC(33) CMS: 46169K->46169K(439104K)
[2020-09-11T12:46:11.130+0000][1][gc,metaspace ] GC(33) Metaspace: 32399K->32399K(1079296K)
[2020-09-11T12:46:11.130+0000][1][gc           ] GC(33) Pause Young (Allocation Failure) 111M->45M(503M) 6.399ms
[2020-09-11T12:46:11.130+0000][1][gc,cpu       ] GC(33) User=0.00s Sys=0.00s Real=0.00s
[2020-09-11T12:46:11.130+0000][1][safepoint    ] Safepoint "GenCollectForAllocation", Time since last: 207450234 ns, Reaching safepoint: 4029950 ns, At safepoint: 6459568 ns, Total: 10489518 ns
[2020-09-11T12:46:12.144+0000][1][safepoint    ] Safepoint "Cleanup", Time since last: 1013509251 ns, Reaching safepoint: 127586 ns, At safepoint: 12212 ns, Total: 139798 ns
[2020-09-11T12:46:12.268+0000][1][safepoint    ] Safepoint "RevokeBias", Time since last: 123950354 ns, Reaching safepoint: 106443 ns, At safepoint: 46005 ns, Total: 152448 ns
[2020-09-11T12:46:12.268+0000][1][safepoint    ] Safepoint "RevokeBias", Time since last: 65226 ns, Reaching safepoint: 79235 ns, At safepoint: 32116 ns, Total: 111351 ns
[2020-09-11T12:46:12.268+0000][1][safepoint    ] Safepoint "RevokeBias", Time since last: 32375 ns, Reaching safepoint: 79583 ns, At safepoint: 32674 ns, Total: 112257 ns
[2020-09-11T12:46:12.268+0000][1][safepoint    ] Safepoint "RevokeBias", Time since last: 30871 ns, Reaching safepoint: 79303 ns, At safepoint: 31528 ns, Total: 110831 ns
[2020-09-11T12:46:12.268+0000][1][safepoint    ] Safepoint "RevokeBias", Time since last: 191432 ns, Reaching safepoint: 80172 ns, At safepoint: 32092 ns, Total: 112264 ns
[2020-09-11T12:46:17.322+0000][1][safepoint    ] Safepoint "Cleanup", Time since last: 5035058841 ns, Reaching safepoint: 18635197 ns, At safepoint: 14329 ns, Total: 18649526 ns
[2020-09-11T12:46:18.322+0000][1][safepoint    ] Safepoint "Cleanup", Time since last: 1000121351 ns, Reaching safepoint: 117335 ns, At safepoint: 6160 ns, Total: 123495 ns
[2020-09-11T12:46:18.639+0000][1][gc,start     ] GC(34) Pause Young (Allocation Failure)
[2020-09-11T12:46:18.639+0000][1][gc,task      ] GC(34) Using 1 workers of 1 for evacuation
[2020-09-11T12:46:18.643+0000][1][gc,age       ] GC(34) Desired survivor size 4358144 bytes, new threshold 6 (max threshold 6)
[2020-09-11T12:46:18.643+0000][1][gc,age       ] GC(34) Age table with threshold 6 (max threshold 6)
[2020-09-11T12:46:18.643+0000][1][gc,age       ] GC(34) - age   1:     275800 bytes,     275800 total
[2020-09-11T12:46:18.643+0000][1][gc,heap      ] GC(34) ParNew: 68162K->271K(76672K)
[2020-09-11T12:46:18.643+0000][1][gc,heap      ] GC(34) CMS: 46169K->46169K(439104K)
[2020-09-11T12:46:18.643+0000][1][gc,metaspace ] GC(34) Metaspace: 32421K->32421K(1079296K)
[2020-09-11T12:46:18.643+0000][1][gc           ] GC(34) Pause Young (Allocation Failure) 111M->45M(503M) 3.664ms
[2020-09-11T12:46:18.643+0000][1][gc,cpu       ] GC(34) User=0.00s Sys=0.00s Real=0.00s
[2020-09-11T12:46:18.650+0000][1][safepoint    ] Safepoint "GenCollectForAllocation", Time since last: 316535897 ns, Reaching safepoint: 104886 ns, At safepoint: 10574535 ns, Total: 10679421 ns
[2020-09-11T12:46:19.953+0000][1][gc,start     ] GC(35) Pause Young (Allocation Failure)
[2020-09-11T12:46:19.953+0000][1][gc,task      ] GC(35) Using 1 workers of 1 for evacuation
[2020-09-11T12:46:19.955+0000][1][gc,age       ] GC(35) Desired survivor size 4358144 bytes, new threshold 6 (max threshold 6)
[2020-09-11T12:46:19.955+0000][1][gc,age       ] GC(35) Age table with threshold 6 (max threshold 6)
[2020-09-11T12:46:19.955+0000][1][gc,age       ] GC(35) - age   1:     511336 bytes,     511336 total
[2020-09-11T12:46:19.955+0000][1][gc,age       ] GC(35) - age   2:     183264 bytes,     694600 total
[2020-09-11T12:46:19.955+0000][1][gc,heap      ] GC(35) ParNew: 68431K->679K(76672K)
[2020-09-11T12:46:19.955+0000][1][gc,heap      ] GC(35) CMS: 46169K->46169K(439104K)
[2020-09-11T12:46:19.955+0000][1][gc,metaspace ] GC(35) Metaspace: 32421K->32421K(1079296K)
[2020-09-11T12:46:19.955+0000][1][gc           ] GC(35) Pause Young (Allocation Failure) 111M->45M(503M) 2.697ms
[2020-09-11T12:46:19.955+0000][1][gc,cpu       ] GC(35) User=0.00s Sys=0.00s Real=0.00s
[2020-09-11T12:46:19.967+0000][1][safepoint    ] Safepoint "GenCollectForAllocation", Time since last: 1302962301 ns, Reaching safepoint: 97275 ns, At safepoint: 14805022 ns, Total: 14902297 ns
[2020-09-11T12:46:20.948+0000][1][gc,start     ] GC(36) Pause Young (Allocation Failure)
[2020-09-11T12:46:20.948+0000][1][gc,task      ] GC(36) Using 1 workers of 1 for evacuation
[2020-09-11T12:46:20.950+0000][1][gc,age       ] GC(36) Desired survivor size 4358144 bytes, new threshold 6 (max threshold 6)
[2020-09-11T12:46:20.950+0000][1][gc,age       ] GC(36) Age table with threshold 6 (max threshold 6)
[2020-09-11T12:46:20.950+0000][1][gc,age       ] GC(36) - age   1:     641920 bytes,     641920 total
[2020-09-11T12:46:20.950+0000][1][gc,age       ] GC(36) - age   2:     339856 bytes,     981776 total
[2020-09-11T12:46:20.950+0000][1][gc,age       ] GC(36) - age   3:     182544 bytes,    1164320 total
[2020-09-11T12:46:20.950+0000][1][gc,heap      ] GC(36) ParNew: 68839K->1153K(76672K)
[2020-09-11T12:46:20.950+0000][1][gc,heap      ] GC(36) CMS: 46169K->46169K(439104K)
[2020-09-11T12:46:20.950+0000][1][gc,metaspace ] GC(36) Metaspace: 32421K->32421K(1079296K)
[2020-09-11T12:46:20.950+0000][1][gc           ] GC(36) Pause Young (Allocation Failure) 112M->46M(503M) 2.708ms
[2020-09-11T12:46:20.950+0000][1][gc,cpu       ] GC(36) User=0.00s Sys=0.00s Real=0.00s
[2020-09-11T12:46:20.956+0000][1][safepoint    ] Safepoint "GenCollectForAllocation", Time since last: 980148345 ns, Reaching safepoint: 110005 ns, At safepoint: 7839314 ns, Total: 7949319 ns
[2020-09-11T12:46:21.804+0000][1][gc,start     ] GC(37) Pause Young (Allocation Failure)
[2020-09-11T12:46:21.804+0000][1][gc,task      ] GC(37) Using 1 workers of 1 for evacuation
[2020-09-11T12:46:21.806+0000][1][gc,age       ] GC(37) Desired survivor size 4358144 bytes, new threshold 6 (max threshold 6)
[2020-09-11T12:46:21.806+0000][1][gc,age       ] GC(37) Age table with threshold 6 (max threshold 6)
[2020-09-11T12:46:21.806+0000][1][gc,age       ] GC(37) - age   1:     621432 bytes,     621432 total
[2020-09-11T12:46:21.806+0000][1][gc,age       ] GC(37) - age   2:     301488 bytes,     922920 total
[2020-09-11T12:46:21.806+0000][1][gc,age       ] GC(37) - age   3:     339672 bytes,    1262592 total
[2020-09-11T12:46:21.806+0000][1][gc,age       ] GC(37) - age   4:     182240 bytes,    1444832 total
[2020-09-11T12:46:21.806+0000][1][gc,heap      ] GC(37) ParNew: 69313K->1473K(76672K)
[2020-09-11T12:46:21.806+0000][1][gc,heap      ] GC(37) CMS: 46169K->46169K(439104K)
[2020-09-11T12:46:21.806+0000][1][gc,metaspace ] GC(37) Metaspace: 32422K->32422K(1079296K)
[2020-09-11T12:46:21.806+0000][1][gc           ] GC(37) Pause Young (Allocation Failure) 112M->46M(503M) 2.783ms
[2020-09-11T12:46:21.806+0000][1][gc,cpu       ] GC(37) User=0.00s Sys=0.00s Real=0.00s
[2020-09-11T12:46:21.807+0000][1][safepoint    ] Safepoint "GenCollectForAllocation", Time since last: 847879762 ns, Reaching safepoint: 105545 ns, At safepoint: 3885619 ns, Total: 3991164 ns
[2020-09-11T12:46:22.547+0000][1][gc,start     ] GC(38) Pause Young (Allocation Failure)
[2020-09-11T12:46:22.548+0000][1][gc,task      ] GC(38) Using 1 workers of 1 for evacuation
[2020-09-11T12:46:22.550+0000][1][gc,age       ] GC(38) Desired survivor size 4358144 bytes, new threshold 6 (max threshold 6)
[2020-09-11T12:46:22.550+0000][1][gc,age       ] GC(38) Age table with threshold 6 (max threshold 6)
[2020-09-11T12:46:22.550+0000][1][gc,age       ] GC(38) - age   1:     967800 bytes,     967800 total
[2020-09-11T12:46:22.550+0000][1][gc,age       ] GC(38) - age   2:     265152 bytes,    1232952 total
[2020-09-11T12:46:22.550+0000][1][gc,age       ] GC(38) - age   3:     297464 bytes,    1530416 total
[2020-09-11T12:46:22.550+0000][1][gc,age       ] GC(38) - age   4:     339592 bytes,    1870008 total
[2020-09-11T12:46:22.550+0000][1][gc,age       ] GC(38) - age   5:     182136 bytes,    2052144 total
[2020-09-11T12:46:22.550+0000][1][gc,heap      ] GC(38) ParNew: 69633K->2104K(76672K)
[2020-09-11T12:46:22.550+0000][1][gc,heap      ] GC(38) CMS: 46169K->46169K(439104K)
[2020-09-11T12:46:22.550+0000][1][gc,metaspace ] GC(38) Metaspace: 32422K->32422K(1079296K)
[2020-09-11T12:46:22.550+0000][1][gc           ] GC(38) Pause Young (Allocation Failure) 113M->47M(503M) 2.866ms
[2020-09-11T12:46:22.550+0000][1][gc,cpu       ] GC(38) User=0.00s Sys=0.00s Real=0.00s
[2020-09-11T12:46:22.555+0000][1][safepoint    ] Safepoint "GenCollectForAllocation", Time since last: 736007994 ns, Reaching safepoint: 4013688 ns, At safepoint: 8001858 ns, Total: 12015546 ns
[2020-09-11T12:46:22.911+0000][1][gc,start     ] GC(39) Pause Young (Allocation Failure)
[2020-09-11T12:46:22.911+0000][1][gc,task      ] GC(39) Using 1 workers of 1 for evacuation
[2020-09-11T12:46:22.914+0000][1][gc,age       ] GC(39) Desired survivor size 4358144 bytes, new threshold 6 (max threshold 6)
[2020-09-11T12:46:22.914+0000][1][gc,age       ] GC(39) Age table with threshold 6 (max threshold 6)
[2020-09-11T12:46:22.914+0000][1][gc,age       ] GC(39) - age   1:     311112 bytes,     311112 total
[2020-09-11T12:46:22.914+0000][1][gc,age       ] GC(39) - age   2:     955424 bytes,    1266536 total
[2020-09-11T12:46:22.914+0000][1][gc,age       ] GC(39) - age   3:     263896 bytes,    1530432 total
[2020-09-11T12:46:22.914+0000][1][gc,age       ] GC(39) - age   4:     296976 bytes,    1827408 total
[2020-09-11T12:46:22.914+0000][1][gc,age       ] GC(39) - age   5:     339256 bytes,    2166664 total
[2020-09-11T12:46:22.914+0000][1][gc,age       ] GC(39) - age   6:     182096 bytes,    2348760 total
[2020-09-11T12:46:22.914+0000][1][gc,heap      ] GC(39) ParNew: 70264K->2349K(76672K)
[2020-09-11T12:46:22.914+0000][1][gc,heap      ] GC(39) CMS: 46169K->46169K(439104K)
[2020-09-11T12:46:22.914+0000][1][gc,metaspace ] GC(39) Metaspace: 32422K->32422K(1079296K)
[2020-09-11T12:46:22.914+0000][1][gc           ] GC(39) Pause Young (Allocation Failure) 113M->47M(503M) 3.031ms
[2020-09-11T12:46:22.914+0000][1][gc,cpu       ] GC(39) User=0.00s Sys=0.00s Real=0.00s
[2020-09-11T12:46:22.923+0000][1][safepoint    ] Safepoint "GenCollectForAllocation", Time since last: 354005879 ns, Reaching safepoint: 1979165 ns, At safepoint: 11990955 ns, Total: 13970120 ns
[2020-09-11T12:46:22.971+0000][1][safepoint    ] Safepoint "RevokeBias", Time since last: 41665405 ns, Reaching safepoint: 6362241 ns, At safepoint: 43849 ns, Total: 6406090 ns
[2020-09-11T12:46:22.972+0000][1][safepoint    ] Safepoint "RevokeBias", Time since last: 117445 ns, Reaching safepoint: 82195 ns, At safepoint: 17195 ns, Total: 99390 ns
[2020-09-11T12:46:23.655+0000][1][gc,start     ] GC(40) Pause Young (Allocation Failure)
[2020-09-11T12:46:23.656+0000][1][gc,task      ] GC(40) Using 1 workers of 1 for evacuation
[2020-09-11T12:46:23.658+0000][1][gc,age       ] GC(40) Desired survivor size 4358144 bytes, new threshold 6 (max threshold 6)
[2020-09-11T12:46:23.658+0000][1][gc,age       ] GC(40) Age table with threshold 6 (max threshold 6)
[2020-09-11T12:46:23.659+0000][1][gc,age       ] GC(40) - age   1:     347632 bytes,     347632 total
[2020-09-11T12:46:23.659+0000][1][gc,age       ] GC(40) - age   2:     301344 bytes,     648976 total
[2020-09-11T12:46:23.659+0000][1][gc,age       ] GC(40) - age   3:     955072 bytes,    1604048 total
[2020-09-11T12:46:23.659+0000][1][gc,age       ] GC(40) - age   4:     263712 bytes,    1867760 total
[2020-09-11T12:46:23.659+0000][1][gc,age       ] GC(40) - age   5:     296856 bytes,    2164616 total
[2020-09-11T12:46:23.659+0000][1][gc,age       ] GC(40) - age   6:     339256 bytes,    2503872 total
[2020-09-11T12:46:23.659+0000][1][gc,heap      ] GC(40) ParNew: 70509K->2450K(76672K)
[2020-09-11T12:46:23.659+0000][1][gc,heap      ] GC(40) CMS: 46169K->46344K(439104K)
[2020-09-11T12:46:23.659+0000][1][gc,metaspace ] GC(40) Metaspace: 32426K->32426K(1079296K)
[2020-09-11T12:46:23.659+0000][1][gc           ] GC(40) Pause Young (Allocation Failure) 113M->47M(503M) 3.161ms
[2020-09-11T12:46:23.659+0000][1][gc,cpu       ] GC(40) User=0.00s Sys=0.00s Real=0.00s
[2020-09-11T12:46:23.671+0000][1][safepoint    ] Safepoint "GenCollectForAllocation", Time since last: 682060477 ns, Reaching safepoint: 1677796 ns, At safepoint: 15946027 ns, Total: 17623823 ns
[2020-09-11T12:46:23.902+0000][1][gc,start     ] GC(41) Pause Young (Allocation Failure)
[2020-09-11T12:46:23.902+0000][1][gc,task      ] GC(41) Using 1 workers of 1 for evacuation
[2020-09-11T12:46:23.917+0000][1][gc,age       ] GC(41) Desired survivor size 4358144 bytes, new threshold 6 (max threshold 6)
[2020-09-11T12:46:23.917+0000][1][gc,age       ] GC(41) Age table with threshold 6 (max threshold 6)
[2020-09-11T12:46:23.917+0000][1][gc,age       ] GC(41) - age   1:        392 bytes,        392 total
[2020-09-11T12:46:23.917+0000][1][gc,age       ] GC(41) - age   2:     347400 bytes,     347792 total
[2020-09-11T12:46:23.917+0000][1][gc,age       ] GC(41) - age   3:     301344 bytes,     649136 total
[2020-09-11T12:46:23.917+0000][1][gc,age       ] GC(41) - age   4:     955072 bytes,    1604208 total
[2020-09-11T12:46:23.917+0000][1][gc,age       ] GC(41) - age   5:     263712 bytes,    1867920 total
[2020-09-11T12:46:23.917+0000][1][gc,age       ] GC(41) - age   6:     296856 bytes,    2164776 total
[2020-09-11T12:46:23.917+0000][1][gc,heap      ] GC(41) ParNew: 70610K->2121K(76672K)
[2020-09-11T12:46:23.917+0000][1][gc,heap      ] GC(41) CMS: 46344K->46675K(439104K)
[2020-09-11T12:46:23.917+0000][1][gc,metaspace ] GC(41) Metaspace: 32426K->32426K(1079296K)
[2020-09-11T12:46:23.917+0000][1][gc           ] GC(41) Pause Young (Allocation Failure) 114M->47M(503M) 15.408ms
[2020-09-11T12:46:23.917+0000][1][gc,cpu       ] GC(41) User=0.01s Sys=0.00s Real=0.02s
[2020-09-11T12:46:23.917+0000][1][safepoint    ] Safepoint "GenCollectForAllocation", Time since last: 225657878 ns, Reaching safepoint: 4734766 ns, At safepoint: 15473698 ns, Total: 20208464 ns
[2020-09-11T12:46:24.123+0000][1][gc,start     ] GC(42) Pause Young (Allocation Failure)
[2020-09-11T12:46:24.124+0000][1][gc,task      ] GC(42) Using 1 workers of 1 for evacuation
[2020-09-11T12:46:24.126+0000][1][gc,age       ] GC(42) Desired survivor size 4358144 bytes, new threshold 6 (max threshold 6)
[2020-09-11T12:46:24.126+0000][1][gc,age       ] GC(42) Age table with threshold 6 (max threshold 6)
[2020-09-11T12:46:24.126+0000][1][gc,age       ] GC(42) - age   1:        176 bytes,        176 total
[2020-09-11T12:46:24.126+0000][1][gc,age       ] GC(42) - age   2:        160 bytes,        336 total
[2020-09-11T12:46:24.126+0000][1][gc,age       ] GC(42) - age   3:     347400 bytes,     347736 total
[2020-09-11T12:46:24.127+0000][1][gc,age       ] GC(42) - age   4:     301344 bytes,     649080 total
[2020-09-11T12:46:24.127+0000][1][gc,age       ] GC(42) - age   5:     955072 bytes,    1604152 total
[2020-09-11T12:46:24.127+0000][1][gc,age       ] GC(42) - age   6:     263712 bytes,    1867864 total
[2020-09-11T12:46:24.127+0000][1][gc,heap      ] GC(42) ParNew: 70281K->1847K(76672K)
[2020-09-11T12:46:24.127+0000][1][gc,heap      ] GC(42) CMS: 46675K->46965K(439104K)
[2020-09-11T12:46:24.127+0000][1][gc,metaspace ] GC(42) Metaspace: 32426K->32426K(1079296K)
[2020-09-11T12:46:24.127+0000][1][gc           ] GC(42) Pause Young (Allocation Failure) 114M->47M(503M) 3.116ms
[2020-09-11T12:46:24.127+0000][1][gc,cpu       ] GC(42) User=0.00s Sys=0.00s Real=0.00s
[2020-09-11T12:46:24.138+0000][1][safepoint    ] Safepoint "GenCollectForAllocation", Time since last: 203223691 ns, Reaching safepoint: 2962280 ns, At safepoint: 14837838 ns, Total: 17800118 ns
[2020-09-11T12:46:24.347+0000][1][gc,start     ] GC(43) Pause Young (Allocation Failure)
[2020-09-11T12:46:24.348+0000][1][gc,task      ] GC(43) Using 1 workers of 1 for evacuation
[2020-09-11T12:46:24.361+0000][1][gc,age       ] GC(43) Desired survivor size 4358144 bytes, new threshold 6 (max threshold 6)
[2020-09-11T12:46:24.361+0000][1][gc,age       ] GC(43) Age table with threshold 6 (max threshold 6)
[2020-09-11T12:46:24.361+0000][1][gc,age       ] GC(43) - age   1:        192 bytes,        192 total
[2020-09-11T12:46:24.361+0000][1][gc,age       ] GC(43) - age   3:        160 bytes,        352 total
[2020-09-11T12:46:24.361+0000][1][gc,age       ] GC(43) - age   4:     347400 bytes,     347752 total
[2020-09-11T12:46:24.361+0000][1][gc,age       ] GC(43) - age   5:     301344 bytes,     649096 total
[2020-09-11T12:46:24.361+0000][1][gc,age       ] GC(43) - age   6:     955072 bytes,    1604168 total
[2020-09-11T12:46:24.361+0000][1][gc,heap      ] GC(43) ParNew: 70007K->1578K(76672K)
[2020-09-11T12:46:24.361+0000][1][gc,heap      ] GC(43) CMS: 46965K->47223K(439104K)
[2020-09-11T12:46:24.361+0000][1][gc,metaspace ] GC(43) Metaspace: 32426K->32426K(1079296K)
[2020-09-11T12:46:24.361+0000][1][gc           ] GC(43) Pause Young (Allocation Failure) 114M->47M(503M) 13.248ms
[2020-09-11T12:46:24.361+0000][1][gc,cpu       ] GC(43) User=0.01s Sys=0.00s Real=0.01s
[2020-09-11T12:46:24.363+0000][1][safepoint    ] Safepoint "GenCollectForAllocation", Time since last: 206517518 ns, Reaching safepoint: 2666392 ns, At safepoint: 15953346 ns, Total: 18619738 ns
[2020-09-11T12:46:24.585+0000][1][gc,start     ] GC(44) Pause Young (Allocation Failure)
[2020-09-11T12:46:24.585+0000][1][gc,task      ] GC(44) Using 1 workers of 1 for evacuation
[2020-09-11T12:46:24.595+0000][1][gc,age       ] GC(44) Desired survivor size 4358144 bytes, new threshold 6 (max threshold 6)
[2020-09-11T12:46:24.595+0000][1][gc,age       ] GC(44) Age table with threshold 6 (max threshold 6)
[2020-09-11T12:46:24.595+0000][1][gc,age       ] GC(44) - age   1:        176 bytes,        176 total
[2020-09-11T12:46:24.595+0000][1][gc,age       ] GC(44) - age   4:        160 bytes,        336 total
[2020-09-11T12:46:24.595+0000][1][gc,age       ] GC(44) - age   5:     347400 bytes,     347736 total
[2020-09-11T12:46:24.595+0000][1][gc,age       ] GC(44) - age   6:     301344 bytes,     649080 total
[2020-09-11T12:46:24.595+0000][1][gc,heap      ] GC(44) ParNew: 69738K->681K(76672K)
[2020-09-11T12:46:24.595+0000][1][gc,heap      ] GC(44) CMS: 47223K->48156K(439104K)
[2020-09-11T12:46:24.595+0000][1][gc,metaspace ] GC(44) Metaspace: 32426K->32426K(1079296K)
[2020-09-11T12:46:24.595+0000][1][gc           ] GC(44) Pause Young (Allocation Failure) 114M->47M(503M) 9.558ms
[2020-09-11T12:46:24.595+0000][1][gc,cpu       ] GC(44) User=0.00s Sys=0.00s Real=0.00s
[2020-09-11T12:46:24.595+0000][1][safepoint    ] Safepoint "GenCollectForAllocation", Time since last: 221868363 ns, Reaching safepoint: 112696 ns, At safepoint: 9620149 ns, Total: 9732845 ns
[2020-09-11T12:46:24.815+0000][1][gc,start     ] GC(45) Pause Young (Allocation Failure)
[2020-09-11T12:46:24.816+0000][1][gc,task      ] GC(45) Using 1 workers of 1 for evacuation
[2020-09-11T12:46:24.818+0000][1][gc,age       ] GC(45) Desired survivor size 4358144 bytes, new threshold 6 (max threshold 6)
[2020-09-11T12:46:24.818+0000][1][gc,age       ] GC(45) Age table with threshold 6 (max threshold 6)
[2020-09-11T12:46:24.818+0000][1][gc,age       ] GC(45) - age   1:        224 bytes,        224 total
[2020-09-11T12:46:24.818+0000][1][gc,age       ] GC(45) - age   5:        160 bytes,        384 total
[2020-09-11T12:46:24.818+0000][1][gc,age       ] GC(45) - age   6:     347400 bytes,     347784 total
[2020-09-11T12:46:24.818+0000][1][gc,heap      ] GC(45) ParNew: 68841K->645K(76672K)
[2020-09-11T12:46:24.818+0000][1][gc,heap      ] GC(45) CMS: 48156K->48450K(439104K)
[2020-09-11T12:46:24.818+0000][1][gc,metaspace ] GC(45) Metaspace: 32426K->32426K(1079296K)
[2020-09-11T12:46:24.818+0000][1][gc           ] GC(45) Pause Young (Allocation Failure) 114M->47M(503M) 2.630ms
[2020-09-11T12:46:24.818+0000][1][gc,cpu       ] GC(45) User=0.00s Sys=0.00s Real=0.00s
[2020-09-11T12:46:24.821+0000][1][safepoint    ] Safepoint "GenCollectForAllocation", Time since last: 216404453 ns, Reaching safepoint: 4022238 ns, At safepoint: 5744376 ns, Total: 9766614 ns
[2020-09-11T12:46:25.105+0000][1][gc,start     ] GC(46) Pause Young (Allocation Failure)
[2020-09-11T12:46:25.105+0000][1][gc,task      ] GC(46) Using 1 workers of 1 for evacuation
[2020-09-11T12:46:25.107+0000][1][gc,age       ] GC(46) Desired survivor size 4358144 bytes, new threshold 6 (max threshold 6)
[2020-09-11T12:46:25.107+0000][1][gc,age       ] GC(46) Age table with threshold 6 (max threshold 6)
[2020-09-11T12:46:25.119+0000][1][gc,age       ] GC(46) - age   6:        160 bytes,        160 total
[2020-09-11T12:46:25.119+0000][1][gc,heap      ] GC(46) ParNew: 68805K->288K(76672K)
[2020-09-11T12:46:25.119+0000][1][gc,heap      ] GC(46) CMS: 48450K->48790K(439104K)
[2020-09-11T12:46:25.119+0000][1][gc,metaspace ] GC(46) Metaspace: 32426K->32426K(1079296K)
[2020-09-11T12:46:25.120+0000][1][gc           ] GC(46) Pause Young (Allocation Failure) 114M->47M(503M) 14.910ms
[2020-09-11T12:46:25.120+0000][1][gc,cpu       ] GC(46) User=0.01s Sys=0.00s Real=0.01s
[2020-09-11T12:46:25.120+0000][1][safepoint    ] Safepoint "GenCollectForAllocation", Time since last: 283312912 ns, Reaching safepoint: 99817 ns, At safepoint: 14972871 ns, Total: 15072688 ns
[2020-09-11T12:46:25.331+0000][1][gc,start     ] GC(47) Pause Young (Allocation Failure)
[2020-09-11T12:46:25.331+0000][1][gc,task      ] GC(47) Using 1 workers of 1 for evacuation
[2020-09-11T12:46:25.333+0000][1][gc,age       ] GC(47) Desired survivor size 4358144 bytes, new threshold 6 (max threshold 6)
[2020-09-11T12:46:25.333+0000][1][gc,age       ] GC(47) Age table with threshold 6 (max threshold 6)
[2020-09-11T12:46:25.333+0000][1][gc,age       ] GC(47) - age   1:         72 bytes,         72 total
[2020-09-11T12:46:25.333+0000][1][gc,heap      ] GC(47) ParNew: 68448K->72K(76672K)
[2020-09-11T12:46:25.333+0000][1][gc,heap      ] GC(47) CMS: 48790K->48790K(439104K)
[2020-09-11T12:46:25.333+0000][1][gc,metaspace ] GC(47) Metaspace: 32426K->32426K(1079296K)
[2020-09-11T12:46:25.333+0000][1][gc           ] GC(47) Pause Young (Allocation Failure) 114M->47M(503M) 2.542ms
[2020-09-11T12:46:25.333+0000][1][gc,cpu       ] GC(47) User=0.00s Sys=0.00s Real=0.00s
[2020-09-11T12:46:25.333+0000][1][safepoint    ] Safepoint "GenCollectForAllocation", Time since last: 207854174 ns, Reaching safepoint: 3307664 ns, At safepoint: 2599664 ns, Total: 5907328 ns
[2020-09-11T12:46:25.554+0000][1][gc,start     ] GC(48) Pause Young (Allocation Failure)
[2020-09-11T12:46:25.554+0000][1][gc,task      ] GC(48) Using 1 workers of 1 for evacuation
[2020-09-11T12:46:25.560+0000][1][gc,age       ] GC(48) Desired survivor size 4358144 bytes, new threshold 6 (max threshold 6)
[2020-09-11T12:46:25.560+0000][1][gc,age       ] GC(48) Age table with threshold 6 (max threshold 6)
[2020-09-11T12:46:25.560+0000][1][gc,age       ] GC(48) - age   1:        184 bytes,        184 total
[2020-09-11T12:46:25.560+0000][1][gc,heap      ] GC(48) ParNew: 68232K->18K(76672K)
[2020-09-11T12:46:25.560+0000][1][gc,heap      ] GC(48) CMS: 48790K->48790K(439104K)
[2020-09-11T12:46:25.560+0000][1][gc,metaspace ] GC(48) Metaspace: 32426K->32426K(1079296K)
[2020-09-11T12:46:25.560+0000][1][gc           ] GC(48) Pause Young (Allocation Failure) 114M->47M(503M) 6.631ms
[2020-09-11T12:46:25.560+0000][1][gc,cpu       ] GC(48) User=0.00s Sys=0.00s Real=0.01s
[2020-09-11T12:46:25.560+0000][1][safepoint    ] Safepoint "GenCollectForAllocation", Time since last: 218098984 ns, Reaching safepoint: 2057340 ns, At safepoint: 6692305 ns, Total: 8749645 ns
[2020-09-11T12:46:25.782+0000][1][gc,start     ] GC(49) Pause Young (Allocation Failure)
[2020-09-11T12:46:25.783+0000][1][gc,task      ] GC(49) Using 1 workers of 1 for evacuation
[2020-09-11T12:46:25.785+0000][1][gc,age       ] GC(49) Desired survivor size 4358144 bytes, new threshold 6 (max threshold 6)
[2020-09-11T12:46:25.785+0000][1][gc,age       ] GC(49) Age table with threshold 6 (max threshold 6)
[2020-09-11T12:46:25.785+0000][1][gc,age       ] GC(49) - age   1:        152 bytes,        152 total
[2020-09-11T12:46:25.785+0000][1][gc,heap      ] GC(49) ParNew: 68178K->4K(76672K)
[2020-09-11T12:46:25.785+0000][1][gc,heap      ] GC(49) CMS: 48790K->48790K(439104K)
[2020-09-11T12:46:25.785+0000][1][gc,metaspace ] GC(49) Metaspace: 32426K->32426K(1079296K)
[2020-09-11T12:46:25.785+0000][1][gc           ] GC(49) Pause Young (Allocation Failure) 114M->47M(503M) 2.536ms
[2020-09-11T12:46:25.785+0000][1][gc,cpu       ] GC(49) User=0.01s Sys=0.00s Real=0.01s
[2020-09-11T12:46:25.785+0000][1][safepoint    ] Safepoint "GenCollectForAllocation", Time since last: 219755677 ns, Reaching safepoint: 2500719 ns, At safepoint: 2589589 ns, Total: 5090308 ns
[2020-09-11T12:46:26.800+0000][1][safepoint    ] Safepoint "Cleanup", Time since last: 1014375252 ns, Reaching safepoint: 114769 ns, At safepoint: 6262 ns, Total: 121031 ns
[2020-09-11T12:46:27.803+0000][1][safepoint    ] Safepoint "Cleanup", Time since last: 1003895653 ns, Reaching safepoint: 45444 ns, At safepoint: 7419 ns, Total: 52863 ns
[2020-09-11T12:46:28.037+0000][1][gc,start     ] GC(50) Pause Young (Allocation Failure)
[2020-09-11T12:46:28.037+0000][1][gc,task      ] GC(50) Using 1 workers of 1 for evacuation
[2020-09-11T12:46:28.042+0000][1][gc,age       ] GC(50) Desired survivor size 4358144 bytes, new threshold 6 (max threshold 6)
[2020-09-11T12:46:28.042+0000][1][gc,age       ] GC(50) Age table with threshold 6 (max threshold 6)
[2020-09-11T12:46:28.042+0000][1][gc,age       ] GC(50) - age   1:     133504 bytes,     133504 total
[2020-09-11T12:46:28.042+0000][1][gc,heap      ] GC(50) ParNew: 68164K->132K(76672K)
[2020-09-11T12:46:28.042+0000][1][gc,heap      ] GC(50) CMS: 48790K->48790K(439104K)
[2020-09-11T12:46:28.042+0000][1][gc,metaspace ] GC(50) Metaspace: 32428K->32428K(1079296K)
[2020-09-11T12:46:28.042+0000][1][gc           ] GC(50) Pause Young (Allocation Failure) 114M->47M(503M) 4.557ms
[2020-09-11T12:46:28.042+0000][1][gc,cpu       ] GC(50) User=0.00s Sys=0.00s Real=0.00s
[2020-09-11T12:46:28.042+0000][1][safepoint    ] Safepoint "GenCollectForAllocation", Time since last: 232199974 ns, Reaching safepoint: 1694269 ns, At safepoint: 4612379 ns, Total: 6306648 ns
[2020-09-11T12:46:28.555+0000][1][gc,start     ] GC(51) Pause Young (Allocation Failure)
[2020-09-11T12:46:28.556+0000][1][gc,task      ] GC(51) Using 1 workers of 1 for evacuation
[2020-09-11T12:46:28.558+0000][1][gc,age       ] GC(51) Desired survivor size 4358144 bytes, new threshold 6 (max threshold 6)
[2020-09-11T12:46:28.558+0000][1][gc,age       ] GC(51) Age table with threshold 6 (max threshold 6)
[2020-09-11T12:46:28.558+0000][1][gc,age       ] GC(51) - age   1:     546024 bytes,     546024 total
[2020-09-11T12:46:28.558+0000][1][gc,age       ] GC(51) - age   2:      83504 bytes,     629528 total
[2020-09-11T12:46:28.558+0000][1][gc,heap      ] GC(51) ParNew: 68292K->637K(76672K)
[2020-09-11T12:46:28.558+0000][1][gc,heap      ] GC(51) CMS: 48790K->48790K(439104K)
[2020-09-11T12:46:28.558+0000][1][gc,metaspace ] GC(51) Metaspace: 32428K->32428K(1079296K)
[2020-09-11T12:46:28.558+0000][1][gc           ] GC(51) Pause Young (Allocation Failure) 114M->48M(503M) 3.013ms
[2020-09-11T12:46:28.558+0000][1][gc,cpu       ] GC(51) User=0.00s Sys=0.00s Real=0.00s
[2020-09-11T12:46:28.559+0000][1][safepoint    ] Safepoint "GenCollectForAllocation", Time since last: 509429543 ns, Reaching safepoint: 4018318 ns, At safepoint: 3085693 ns, Total: 7104011 ns
[2020-09-11T12:46:28.971+0000][1][gc,start     ] GC(52) Pause Young (Allocation Failure)
[2020-09-11T12:46:28.972+0000][1][gc,task      ] GC(52) Using 1 workers of 1 for evacuation
[2020-09-11T12:46:28.974+0000][1][gc,age       ] GC(52) Desired survivor size 4358144 bytes, new threshold 6 (max threshold 6)
[2020-09-11T12:46:28.974+0000][1][gc,age       ] GC(52) Age table with threshold 6 (max threshold 6)
[2020-09-11T12:46:28.974+0000][1][gc,age       ] GC(52) - age   1:     643080 bytes,     643080 total
[2020-09-11T12:46:28.974+0000][1][gc,age       ] GC(52) - age   2:     374824 bytes,    1017904 total
[2020-09-11T12:46:28.974+0000][1][gc,age       ] GC(52) - age   3:      82880 bytes,    1100784 total
[2020-09-11T12:46:28.974+0000][1][gc,heap      ] GC(52) ParNew: 68797K->1114K(76672K)
[2020-09-11T12:46:28.974+0000][1][gc,heap      ] GC(52) CMS: 48790K->48790K(439104K)
[2020-09-11T12:46:28.974+0000][1][gc,metaspace ] GC(52) Metaspace: 32428K->32428K(1079296K)
[2020-09-11T12:46:28.974+0000][1][gc           ] GC(52) Pause Young (Allocation Failure) 114M->48M(503M) 2.931ms
[2020-09-11T12:46:28.974+0000][1][gc,cpu       ] GC(52) User=0.00s Sys=0.00s Real=0.00s
[2020-09-11T12:46:28.979+0000][1][safepoint    ] Safepoint "GenCollectForAllocation", Time since last: 409504358 ns, Reaching safepoint: 3401386 ns, At safepoint: 8001192 ns, Total: 11402578 ns
[2020-09-11T12:46:29.335+0000][1][gc,start     ] GC(53) Pause Young (Allocation Failure)
[2020-09-11T12:46:29.336+0000][1][gc,task      ] GC(53) Using 1 workers of 1 for evacuation
[2020-09-11T12:46:29.338+0000][1][gc,age       ] GC(53) Desired survivor size 4358144 bytes, new threshold 6 (max threshold 6)
[2020-09-11T12:46:29.338+0000][1][gc,age       ] GC(53) Age table with threshold 6 (max threshold 6)
[2020-09-11T12:46:29.338+0000][1][gc,age       ] GC(53) - age   1:     310784 bytes,     310784 total
[2020-09-11T12:46:29.338+0000][1][gc,age       ] GC(53) - age   2:     629648 bytes,     940432 total
[2020-09-11T12:46:29.338+0000][1][gc,age       ] GC(53) - age   3:     374088 bytes,    1314520 total
[2020-09-11T12:46:29.338+0000][1][gc,age       ] GC(53) - age   4:      82240 bytes,    1396760 total
[2020-09-11T12:46:29.338+0000][1][gc,heap      ] GC(53) ParNew: 69274K->1392K(76672K)
[2020-09-11T12:46:29.338+0000][1][gc,heap      ] GC(53) CMS: 48790K->48790K(439104K)
[2020-09-11T12:46:29.338+0000][1][gc,metaspace ] GC(53) Metaspace: 32428K->32428K(1079296K)
[2020-09-11T12:46:29.338+0000][1][gc           ] GC(53) Pause Young (Allocation Failure) 115M->49M(503M) 3.012ms
[2020-09-11T12:46:29.338+0000][1][gc,cpu       ] GC(53) User=0.00s Sys=0.00s Real=0.00s
[2020-09-11T12:46:29.347+0000][1][safepoint    ] Safepoint "GenCollectForAllocation", Time since last: 352829328 ns, Reaching safepoint: 3181957 ns, At safepoint: 12007031 ns, Total: 15188988 ns
[2020-09-11T12:46:29.819+0000][1][gc,start     ] GC(54) Pause Young (Allocation Failure)
[2020-09-11T12:46:29.820+0000][1][gc,task      ] GC(54) Using 1 workers of 1 for evacuation
[2020-09-11T12:46:29.822+0000][1][gc,age       ] GC(54) Desired survivor size 4358144 bytes, new threshold 6 (max threshold 6)
[2020-09-11T12:46:29.822+0000][1][gc,age       ] GC(54) Age table with threshold 6 (max threshold 6)
[2020-09-11T12:46:29.822+0000][1][gc,age       ] GC(54) - age   1:     964256 bytes,     964256 total
[2020-09-11T12:46:29.822+0000][1][gc,age       ] GC(54) - age   2:     299440 bytes,    1263696 total
[2020-09-11T12:46:29.822+0000][1][gc,age       ] GC(54) - age   3:     300960 bytes,    1564656 total
[2020-09-11T12:46:29.822+0000][1][gc,age       ] GC(54) - age   4:     374088 bytes,    1938744 total
[2020-09-11T12:46:29.823+0000][1][gc,age       ] GC(54) - age   5:      82080 bytes,    2020824 total
[2020-09-11T12:46:29.823+0000][1][gc,heap      ] GC(54) ParNew: 69552K->2033K(76672K)
[2020-09-11T12:46:29.823+0000][1][gc,heap      ] GC(54) CMS: 48790K->48790K(439104K)
[2020-09-11T12:46:29.823+0000][1][gc,metaspace ] GC(54) Metaspace: 32428K->32428K(1079296K)
[2020-09-11T12:46:29.823+0000][1][gc           ] GC(54) Pause Young (Allocation Failure) 115M->49M(503M) 3.113ms
[2020-09-11T12:46:29.823+0000][1][gc,cpu       ] GC(54) User=0.00s Sys=0.00s Real=0.00s
[2020-09-11T12:46:29.833+0000][1][safepoint    ] Safepoint "GenCollectForAllocation", Time since last: 469809155 ns, Reaching safepoint: 2192373 ns, At safepoint: 13486584 ns, Total: 15678957 ns
[2020-09-11T12:46:30.208+0000][1][gc,start     ] GC(55) Pause Young (Allocation Failure)
[2020-09-11T12:46:30.209+0000][1][gc,task      ] GC(55) Using 1 workers of 1 for evacuation
[2020-09-11T12:46:30.224+0000][1][gc,age       ] GC(55) Desired survivor size 4358144 bytes, new threshold 6 (max threshold 6)
[2020-09-11T12:46:30.224+0000][1][gc,age       ] GC(55) Age table with threshold 6 (max threshold 6)
[2020-09-11T12:46:30.224+0000][1][gc,age       ] GC(55) - age   1:     314360 bytes,     314360 total
[2020-09-11T12:46:30.224+0000][1][gc,age       ] GC(55) - age   2:     952336 bytes,    1266696 total
[2020-09-11T12:46:30.224+0000][1][gc,age       ] GC(55) - age   3:     298208 bytes,    1564904 total
[2020-09-11T12:46:30.224+0000][1][gc,age       ] GC(55) - age   4:     297424 bytes,    1862328 total
[2020-09-11T12:46:30.224+0000][1][gc,age       ] GC(55) - age   5:     373832 bytes,    2236160 total
[2020-09-11T12:46:30.224+0000][1][gc,age       ] GC(55) - age   6:      82056 bytes,    2318216 total
[2020-09-11T12:46:30.224+0000][1][gc,heap      ] GC(55) ParNew: 70193K->2356K(76672K)
[2020-09-11T12:46:30.224+0000][1][gc,heap      ] GC(55) CMS: 48790K->48790K(439104K)
[2020-09-11T12:46:30.224+0000][1][gc,metaspace ] GC(55) Metaspace: 32428K->32428K(1079296K)
[2020-09-11T12:46:30.224+0000][1][gc           ] GC(55) Pause Young (Allocation Failure) 116M->49M(503M) 15.238ms
[2020-09-11T12:46:30.224+0000][1][gc,cpu       ] GC(55) User=0.01s Sys=0.00s Real=0.02s
[2020-09-11T12:46:30.224+0000][1][safepoint    ] Safepoint "GenCollectForAllocation", Time since last: 374495432 ns, Reaching safepoint: 1003200 ns, At safepoint: 15300658 ns, Total: 16303858 ns
[2020-09-11T12:46:30.391+0000][1][safepoint    ] Safepoint "RevokeBias", Time since last: 163718639 ns, Reaching safepoint: 3977091 ns, At safepoint: 11866 ns, Total: 3988957 ns
[2020-09-11T12:46:31.404+0000][1][safepoint    ] Safepoint "Cleanup", Time since last: 1011972148 ns, Reaching safepoint: 128012 ns, At safepoint: 6177 ns, Total: 134189 ns
[2020-09-11T12:46:31.480+0000][1][safepoint    ] Safepoint "Deoptimize", Time since last: 75888187 ns, Reaching safepoint: 110780 ns, At safepoint: 321058 ns, Total: 431838 ns
[2020-09-11T12:46:31.592+0000][1][safepoint    ] Safepoint "ICBufferFull", Time since last: 108177053 ns, Reaching safepoint: 3507240 ns, At safepoint: 15396 ns, Total: 3522636 ns
[2020-09-11T12:46:32.014+0000][1][safepoint    ] Safepoint "CollectForMetadataAllocation", Time since last: 422317820 ns, Reaching safepoint: 123608 ns, At safepoint: 114139 ns, Total: 237747 ns
[2020-09-11T12:46:32.162+0000][1][safepoint    ] Safepoint "CollectForMetadataAllocation", Time since last: 145297431 ns, Reaching safepoint: 2255145 ns, At safepoint: 124274 ns, Total: 2379419 ns
[2020-09-11T12:46:32.231+0000][1][gc,start     ] GC(56) Pause Initial Mark
[2020-09-11T12:46:32.303+0000][1][gc           ] GC(56) Pause Initial Mark 108M->108M(503M) 71.302ms
[2020-09-11T12:46:32.303+0000][1][gc,cpu       ] GC(56) User=0.02s Sys=0.00s Real=0.07s
[2020-09-11T12:46:32.328+0000][1][safepoint    ] Safepoint "CMS_Initial_Mark", Time since last: 65633169 ns, Reaching safepoint: 4000977 ns, At safepoint: 96651292 ns, Total: 100652269 ns
[2020-09-11T12:46:32.328+0000][1][gc           ] GC(56) Concurrent Mark
[2020-09-11T12:46:32.460+0000][1][safepoint    ] Safepoint "CollectForMetadataAllocation", Time since last: 123340191 ns, Reaching safepoint: 8003193 ns, At safepoint: 124827 ns, Total: 8128020 ns
[2020-09-11T12:46:32.548+0000][1][safepoint    ] Safepoint "CollectForMetadataAllocation", Time since last: 87874981 ns, Reaching safepoint: 43046 ns, At safepoint: 129165 ns, Total: 172211 ns
[2020-09-11T12:46:32.691+0000][1][safepoint    ] Safepoint "CollectForMetadataAllocation", Time since last: 143204640 ns, Reaching safepoint: 50119 ns, At safepoint: 128562 ns, Total: 178681 ns
[2020-09-11T12:46:32.699+0000][1][gc           ] GC(56) Concurrent Mark 370.989ms
[2020-09-11T12:46:32.699+0000][1][gc,cpu       ] GC(56) User=0.09s Sys=0.00s Real=0.37s
[2020-09-11T12:46:32.699+0000][1][gc           ] GC(56) Concurrent Preclean
[2020-09-11T12:46:32.744+0000][1][gc           ] GC(56) Concurrent Preclean 44.479ms
[2020-09-11T12:46:32.744+0000][1][gc,cpu       ] GC(56) User=0.01s Sys=0.00s Real=0.05s
[2020-09-11T12:46:32.744+0000][1][gc           ] GC(56) Concurrent Abortable Preclean
[2020-09-11T12:46:32.800+0000][1][safepoint    ] Safepoint "CollectForMetadataAllocation", Time since last: 104808722 ns, Reaching safepoint: 3651851 ns, At safepoint: 91668 ns, Total: 3743519 ns
[2020-09-11T12:46:32.953+0000][1][gc,start     ] GC(57) Pause Young (Allocation Failure)
[2020-09-11T12:46:32.954+0000][1][gc,task      ] GC(57) Using 1 workers of 1 for evacuation
[2020-09-11T12:46:32.987+0000][1][gc,age       ] GC(57) Desired survivor size 4358144 bytes, new threshold 6 (max threshold 6)
[2020-09-11T12:46:32.987+0000][1][gc,age       ] GC(57) Age table with threshold 6 (max threshold 6)
[2020-09-11T12:46:32.987+0000][1][gc,age       ] GC(57) - age   1:    1489792 bytes,    1489792 total
[2020-09-11T12:46:32.987+0000][1][gc,age       ] GC(57) - age   2:     301760 bytes,    1791552 total
[2020-09-11T12:46:32.987+0000][1][gc,age       ] GC(57) - age   3:     951640 bytes,    2743192 total
[2020-09-11T12:46:32.987+0000][1][gc,age       ] GC(57) - age   4:     297792 bytes,    3040984 total
[2020-09-11T12:46:32.987+0000][1][gc,age       ] GC(57) - age   5:     297304 bytes,    3338288 total
[2020-09-11T12:46:32.987+0000][1][gc,age       ] GC(57) - age   6:     373832 bytes,    3712120 total
[2020-09-11T12:46:32.987+0000][1][gc,heap      ] GC(57) ParNew: 70516K->3659K(76672K)
[2020-09-11T12:46:32.987+0000][1][gc,heap      ] GC(57) CMS: 48790K->48867K(439104K)
[2020-09-11T12:46:32.987+0000][1][gc,metaspace ] GC(57) Metaspace: 36198K->36198K(1083392K)
[2020-09-11T12:46:32.987+0000][1][gc           ] GC(57) Pause Young (Allocation Failure) 116M->51M(503M) 33.350ms
[2020-09-11T12:46:32.987+0000][1][gc,cpu       ] GC(57) User=0.01s Sys=0.00s Real=0.04s
[2020-09-11T12:46:33.023+0000][1][safepoint    ] Safepoint "GenCollectForAllocation", Time since last: 153797223 ns, Reaching safepoint: 117810 ns, At safepoint: 69986249 ns, Total: 70104059 ns
[2020-09-11T12:46:33.887+0000][1][gc           ] GC(56) Concurrent Abortable Preclean 1142.986ms
[2020-09-11T12:46:33.887+0000][1][gc,cpu       ] GC(56) User=0.29s Sys=0.00s Real=1.14s
[2020-09-11T12:46:33.888+0000][1][gc,start     ] GC(56) Pause Remark
[2020-09-11T12:46:33.990+0000][1][gc           ] GC(56) Pause Remark 109M->109M(503M) 102.072ms
[2020-09-11T12:46:33.990+0000][1][gc,cpu       ] GC(56) User=0.02s Sys=0.00s Real=0.10s
[2020-09-11T12:46:34.019+0000][1][safepoint    ] Safepoint "CMS_Final_Remark", Time since last: 863375260 ns, Reaching safepoint: 752303 ns, At safepoint: 131857912 ns, Total: 132610215 ns
[2020-09-11T12:46:34.019+0000][1][gc           ] GC(56) Concurrent Sweep
[2020-09-11T12:46:34.070+0000][1][gc,start     ] GC(58) Pause Young (Allocation Failure)
[2020-09-11T12:46:34.070+0000][1][gc,task      ] GC(58) Using 1 workers of 1 for evacuation
[2020-09-11T12:46:34.113+0000][1][gc,age       ] GC(58) Desired survivor size 4358144 bytes, new threshold 6 (max threshold 6)
[2020-09-11T12:46:34.113+0000][1][gc,age       ] GC(58) Age table with threshold 6 (max threshold 6)
[2020-09-11T12:46:34.113+0000][1][gc,age       ] GC(58) - age   1:      59928 bytes,      59928 total
[2020-09-11T12:46:34.113+0000][1][gc,age       ] GC(58) - age   2:    1462800 bytes,    1522728 total
[2020-09-11T12:46:34.113+0000][1][gc,age       ] GC(58) - age   3:     301760 bytes,    1824488 total
[2020-09-11T12:46:34.113+0000][1][gc,age       ] GC(58) - age   4:     951640 bytes,    2776128 total
[2020-09-11T12:46:34.113+0000][1][gc,age       ] GC(58) - age   5:     297792 bytes,    3073920 total
[2020-09-11T12:46:34.113+0000][1][gc,age       ] GC(58) - age   6:     297136 bytes,    3371056 total
[2020-09-11T12:46:34.113+0000][1][gc,heap      ] GC(58) ParNew: 71819K->3531K(76672K)
[2020-09-11T12:46:34.113+0000][1][gc,heap      ] GC(58) CMS: 48637K->49002K(439104K)
[2020-09-11T12:46:34.113+0000][1][gc,metaspace ] GC(58) Metaspace: 36205K->36205K(1083392K)
[2020-09-11T12:46:34.113+0000][1][gc           ] GC(58) Pause Young (Allocation Failure) 117M->51M(503M) 42.598ms
[2020-09-11T12:46:34.113+0000][1][gc,cpu       ] GC(58) User=0.01s Sys=0.00s Real=0.04s
[2020-09-11T12:46:34.142+0000][1][safepoint    ] Safepoint "GenCollectForAllocation", Time since last: 50354838 ns, Reaching safepoint: 318778 ns, At safepoint: 71910804 ns, Total: 72229582 ns
[2020-09-11T12:46:34.192+0000][1][gc           ] GC(56) Concurrent Sweep 172.599ms
[2020-09-11T12:46:34.192+0000][1][gc,cpu       ] GC(56) User=0.04s Sys=0.00s Real=0.17s
[2020-09-11T12:46:34.192+0000][1][gc           ] GC(56) Concurrent Reset
[2020-09-11T12:46:34.193+0000][1][gc           ] GC(56) Concurrent Reset 0.662ms
[2020-09-11T12:46:34.193+0000][1][gc,cpu       ] GC(56) User=0.00s Sys=0.00s Real=0.00s
[2020-09-11T12:46:34.193+0000][1][gc,heap      ] GC(56) Old: 48790K->48149K(439104K)
[2020-09-11T12:46:35.162+0000][1][safepoint    ] Safepoint "Cleanup", Time since last: 1019530804 ns, Reaching safepoint: 662578 ns, At safepoint: 6996 ns, Total: 669574 ns
[2020-09-11T12:46:36.292+0000][1][safepoint    ] Safepoint "Cleanup", Time since last: 1129210276 ns, Reaching safepoint: 207340 ns, At safepoint: 5942 ns, Total: 213282 ns
[2020-09-11T12:46:37.319+0000][1][safepoint    ] Safepoint "Cleanup", Time since last: 1007788727 ns, Reaching safepoint: 20050945 ns, At safepoint: 14758 ns, Total: 20065703 ns
[2020-09-11T12:46:38.335+0000][1][safepoint    ] Safepoint "Cleanup", Time since last: 1011922817 ns, Reaching safepoint: 3479348 ns, At safepoint: 12878 ns, Total: 3492226 ns
[2020-09-11T12:46:38.882+0000][1][gc,start     ] GC(59) Pause Young (Allocation Failure)
[2020-09-11T12:46:38.882+0000][1][gc,task      ] GC(59) Using 1 workers of 1 for evacuation
[2020-09-11T12:46:38.938+0000][1][gc,age       ] GC(59) Desired survivor size 4358144 bytes, new threshold 4 (max threshold 6)
[2020-09-11T12:46:38.938+0000][1][gc,age       ] GC(59) Age table with threshold 4 (max threshold 6)
[2020-09-11T12:46:38.938+0000][1][gc,age       ] GC(59) - age   1:    2671240 bytes,    2671240 total
[2020-09-11T12:46:38.938+0000][1][gc,age       ] GC(59) - age   2:      57824 bytes,    2729064 total
[2020-09-11T12:46:38.938+0000][1][gc,age       ] GC(59) - age   3:    1417592 bytes,    4146656 total
[2020-09-11T12:46:38.938+0000][1][gc,age       ] GC(59) - age   4:     301760 bytes,    4448416 total
[2020-09-11T12:46:38.938+0000][1][gc,age       ] GC(59) - age   5:     951640 bytes,    5400056 total
[2020-09-11T12:46:38.938+0000][1][gc,age       ] GC(59) - age   6:     297792 bytes,    5697848 total
[2020-09-11T12:46:38.938+0000][1][gc,heap      ] GC(59) ParNew: 71691K->6198K(76672K)
[2020-09-11T12:46:38.938+0000][1][gc,heap      ] GC(59) CMS: 48149K->48439K(439104K)
[2020-09-11T12:46:38.938+0000][1][gc,metaspace ] GC(59) Metaspace: 42042K->42042K(1087488K)
[2020-09-11T12:46:38.938+0000][1][gc           ] GC(59) Pause Young (Allocation Failure) 117M->53M(503M) 55.640ms
[2020-09-11T12:46:38.938+0000][1][gc,cpu       ] GC(59) User=0.02s Sys=0.00s Real=0.06s
[2020-09-11T12:46:38.959+0000][1][safepoint    ] Safepoint "GenCollectForAllocation", Time since last: 547212283 ns, Reaching safepoint: 110277 ns, At safepoint: 77235762 ns, Total: 77346039 ns
[2020-09-11T12:46:39.994+0000][1][safepoint    ] Safepoint "Cleanup", Time since last: 1022557616 ns, Reaching safepoint: 11832586 ns, At safepoint: 8781 ns, Total: 11841367 ns
[2020-09-11T12:46:40.999+0000][1][safepoint    ] Safepoint "Cleanup", Time since last: 1000114140 ns, Reaching safepoint: 5470767 ns, At safepoint: 8641 ns, Total: 5479408 ns
[2020-09-11T12:46:41.019+0000][1][safepoint    ] Safepoint "BulkRevokeBias", Time since last: 16833039 ns, Reaching safepoint: 2883923 ns, At safepoint: 70071 ns, Total: 2953994 ns
[2020-09-11T12:46:42.032+0000][1][safepoint    ] Safepoint "Cleanup", Time since last: 1011492368 ns, Reaching safepoint: 1108002 ns, At safepoint: 6112 ns, Total: 1114114 ns
[2020-09-11T12:46:46.037+0000][1][safepoint    ] Safepoint "RevokeBias", Time since last: 3979922903 ns, Reaching safepoint: 24746032 ns, At safepoint: 49131 ns, Total: 24795163 ns
[2020-09-11T12:46:46.037+0000][1][safepoint    ] Safepoint "RevokeBias", Time since last: 119189 ns, Reaching safepoint: 86843 ns, At safepoint: 33685 ns, Total: 120528 ns
[2020-09-11T12:46:46.037+0000][1][safepoint    ] Safepoint "RevokeBias", Time since last: 56591 ns, Reaching safepoint: 80599 ns, At safepoint: 31339 ns, Total: 111938 ns
[2020-09-11T12:46:46.037+0000][1][safepoint    ] Safepoint "RevokeBias", Time since last: 31569 ns, Reaching safepoint: 79491 ns, At safepoint: 30694 ns, Total: 110185 ns
[2020-09-11T12:46:46.037+0000][1][safepoint    ] Safepoint "RevokeBias", Time since last: 30688 ns, Reaching safepoint: 79108 ns, At safepoint: 30354 ns, Total: 109462 ns
[2020-09-11T12:46:46.037+0000][1][safepoint    ] Safepoint "RevokeBias", Time since last: 29503 ns, Reaching safepoint: 80217 ns, At safepoint: 31297 ns, Total: 111514 ns
[2020-09-11T12:46:46.038+0000][1][safepoint    ] Safepoint "RevokeBias", Time since last: 29507 ns, Reaching safepoint: 79702 ns, At safepoint: 30671 ns, Total: 110373 ns
[2020-09-11T12:46:46.038+0000][1][safepoint    ] Safepoint "RevokeBias", Time since last: 31713 ns, Reaching safepoint: 79214 ns, At safepoint: 30538 ns, Total: 109752 ns
[2020-09-11T12:46:46.038+0000][1][safepoint    ] Safepoint "RevokeBias", Time since last: 29513 ns, Reaching safepoint: 79134 ns, At safepoint: 30447 ns, Total: 109581 ns
[2020-09-11T12:46:46.038+0000][1][safepoint    ] Safepoint "RevokeBias", Time since last: 29299 ns, Reaching safepoint: 79056 ns, At safepoint: 30437 ns, Total: 109493 ns
[2020-09-11T12:46:46.038+0000][1][safepoint    ] Safepoint "RevokeBias", Time since last: 29163 ns, Reaching safepoint: 78876 ns, At safepoint: 30347 ns, Total: 109223 ns
[2020-09-11T12:46:46.038+0000][1][safepoint    ] Safepoint "RevokeBias", Time since last: 30809 ns, Reaching safepoint: 79131 ns, At safepoint: 30502 ns, Total: 109633 ns
[2020-09-11T12:46:46.038+0000][1][safepoint    ] Safepoint "RevokeBias", Time since last: 28854 ns, Reaching safepoint: 78517 ns, At safepoint: 30106 ns, Total: 108623 ns
[2020-09-11T12:46:46.039+0000][1][safepoint    ] Safepoint "RevokeBias", Time since last: 68422 ns, Reaching safepoint: 80256 ns, At safepoint: 30460 ns, Total: 110716 ns
[2020-09-11T12:46:46.039+0000][1][safepoint    ] Safepoint "RevokeBias", Time since last: 37636 ns, Reaching safepoint: 82002 ns, At safepoint: 30300 ns, Total: 112302 ns
[2020-09-11T12:46:48.485+0000][1][safepoint    ] Safepoint "Cleanup", Time since last: 2428710121 ns, Reaching safepoint: 17101061 ns, At safepoint: 9254 ns, Total: 17110315 ns
[2020-09-11T12:46:49.495+0000][1][safepoint    ] Safepoint "Cleanup", Time since last: 1010706057 ns, Reaching safepoint: 121763 ns, At safepoint: 6866 ns, Total: 128629 ns
[2020-09-11T12:46:50.496+0000][1][safepoint    ] Safepoint "Cleanup", Time since last: 1000135741 ns, Reaching safepoint: 115954 ns, At safepoint: 7902 ns, Total: 123856 ns
[2020-09-11T12:46:51.511+0000][1][safepoint    ] Safepoint "Cleanup", Time since last: 1005352790 ns, Reaching safepoint: 10498755 ns, At safepoint: 11451 ns, Total: 10510206 ns
[2020-09-11T12:46:52.352+0000][1][gc,start     ] GC(60) Pause Young (Allocation Failure)
[2020-09-11T12:46:52.352+0000][1][gc,task      ] GC(60) Using 1 workers of 1 for evacuation
[2020-09-11T12:46:52.457+0000][1][gc,age       ] GC(60) Desired survivor size 4358144 bytes, new threshold 2 (max threshold 6)
[2020-09-11T12:46:52.457+0000][1][gc,age       ] GC(60) Age table with threshold 2 (max threshold 6)
[2020-09-11T12:46:52.457+0000][1][gc,age       ] GC(60) - age   1:    2724480 bytes,    2724480 total
[2020-09-11T12:46:52.457+0000][1][gc,age       ] GC(60) - age   2:    2601216 bytes,    5325696 total
[2020-09-11T12:46:52.457+0000][1][gc,age       ] GC(60) - age   3:      57824 bytes,    5383520 total
[2020-09-11T12:46:52.457+0000][1][gc,age       ] GC(60) - age   4:    1414960 bytes,    6798480 total
[2020-09-11T12:46:52.457+0000][1][gc,heap      ] GC(60) ParNew: 74358K->8512K(76672K)
[2020-09-11T12:46:52.457+0000][1][gc,heap      ] GC(60) CMS: 48439K->49954K(439104K)
[2020-09-11T12:46:52.457+0000][1][gc,metaspace ] GC(60) Metaspace: 47661K->47661K(1093632K)
[2020-09-11T12:46:52.457+0000][1][gc           ] GC(60) Pause Young (Allocation Failure) 119M->57M(503M) 104.744ms
[2020-09-11T12:46:52.457+0000][1][gc,cpu       ] GC(60) User=0.03s Sys=0.00s Real=0.11s
[2020-09-11T12:46:52.471+0000][1][safepoint    ] Safepoint "GenCollectForAllocation", Time since last: 840593530 ns, Reaching safepoint: 119760 ns, At safepoint: 119241971 ns, Total: 119361731 ns
[2020-09-11T12:46:52.483+0000][1][safepoint    ] Safepoint "RevokeBias", Time since last: 11975712 ns, Reaching safepoint: 32232 ns, At safepoint: 30357 ns, Total: 62589 ns
[2020-09-11T12:46:52.484+0000][1][safepoint    ] Safepoint "RevokeBias", Time since last: 60546 ns, Reaching safepoint: 79409 ns, At safepoint: 8832 ns, Total: 88241 ns
[2020-09-11T12:46:52.484+0000][1][safepoint    ] Safepoint "RevokeBias", Time since last: 36677 ns, Reaching safepoint: 77769 ns, At safepoint: 7899 ns, Total: 85668 ns
[2020-09-11T12:46:52.484+0000][1][safepoint    ] Safepoint "RevokeBias", Time since last: 36392 ns, Reaching safepoint: 77038 ns, At safepoint: 7706 ns, Total: 84744 ns
[2020-09-11T12:46:52.488+0000][1][safepoint    ] Safepoint "RevokeBias", Time since last: 31638 ns, Reaching safepoint: 4317027 ns, At safepoint: 20098 ns, Total: 4337125 ns
[2020-09-11T12:46:52.488+0000][1][safepoint    ] Safepoint "RevokeBias", Time since last: 69891 ns, Reaching safepoint: 81440 ns, At safepoint: 9302 ns, Total: 90742 ns
[2020-09-11T12:46:52.745+0000][1][safepoint    ] Safepoint "RevokeBias", Time since last: 256109692 ns, Reaching safepoint: 108550 ns, At safepoint: 32048 ns, Total: 140598 ns
[2020-09-11T12:46:52.757+0000][1][safepoint    ] Safepoint "RevokeBias", Time since last: 12639987 ns, Reaching safepoint: 99100 ns, At safepoint: 35141 ns, Total: 134241 ns
[2020-09-11T12:46:53.638+0000][1][safepoint    ] Safepoint "RevokeBias", Time since last: 870185031 ns, Reaching safepoint: 10428338 ns, At safepoint: 35789 ns, Total: 10464127 ns
[2020-09-11T12:46:53.638+0000][1][safepoint    ] Safepoint "RevokeBias", Time since last: 282595 ns, Reaching safepoint: 90227 ns, At safepoint: 18404 ns, Total: 108631 ns
[2020-09-11T12:46:53.639+0000][1][safepoint    ] Safepoint "RevokeBias", Time since last: 42603 ns, Reaching safepoint: 79608 ns, At safepoint: 15069 ns, Total: 94677 ns
[2020-09-11T12:46:53.869+0000][1][safepoint    ] Safepoint "RevokeBias", Time since last: 230740318 ns, Reaching safepoint: 109872 ns, At safepoint: 36193 ns, Total: 146065 ns
[2020-09-11T12:46:53.876+0000][1][safepoint    ] Safepoint "RevokeBias", Time since last: 6039957 ns, Reaching safepoint: 105766 ns, At safepoint: 42208 ns, Total: 147974 ns
[2020-09-11T12:46:53.876+0000][1][safepoint    ] Safepoint "RevokeBias", Time since last: 139254 ns, Reaching safepoint: 81960 ns, At safepoint: 22506 ns, Total: 104466 ns
[2020-09-11T12:46:53.880+0000][1][safepoint    ] Safepoint "RevokeBias", Time since last: 3503625 ns, Reaching safepoint: 98379 ns, At safepoint: 31155 ns, Total: 129534 ns
[2020-09-11T12:46:53.880+0000][1][safepoint    ] Safepoint "RevokeBias", Time since last: 445099 ns, Reaching safepoint: 86258 ns, At safepoint: 28558 ns, Total: 114816 ns
[2020-09-11T12:46:53.882+0000][1][safepoint    ] Safepoint "RevokeBias", Time since last: 1680276 ns, Reaching safepoint: 88460 ns, At safepoint: 24995 ns, Total: 113455 ns
[2020-09-11T12:46:53.884+0000][1][safepoint    ] Safepoint "RevokeBias", Time since last: 1592061 ns, Reaching safepoint: 80903 ns, At safepoint: 24522 ns, Total: 105425 ns
[2020-09-11T12:46:53.907+0000][1][safepoint    ] Safepoint "RevokeBias", Time since last: 15823237 ns, Reaching safepoint: 8019951 ns, At safepoint: 48416 ns, Total: 8068367 ns
[2020-09-11T12:46:53.908+0000][1][safepoint    ] Safepoint "RevokeBias", Time since last: 83802 ns, Reaching safepoint: 94086 ns, At safepoint: 36069 ns, Total: 130155 ns
[2020-09-11T12:46:53.908+0000][1][safepoint    ] Safepoint "RevokeBias", Time since last: 39180 ns, Reaching safepoint: 86862 ns, At safepoint: 29826 ns, Total: 116688 ns
[2020-09-11T12:46:53.908+0000][1][safepoint    ] Safepoint "RevokeBias", Time since last: 33680 ns, Reaching safepoint: 84284 ns, At safepoint: 27360 ns, Total: 111644 ns
[2020-09-11T12:46:53.912+0000][1][safepoint    ] Safepoint "RevokeBias", Time since last: 3433899 ns, Reaching safepoint: 102654 ns, At safepoint: 39001 ns, Total: 141655 ns
[2020-09-11T12:46:53.912+0000][1][safepoint    ] Safepoint "RevokeBias", Time since last: 49598 ns, Reaching safepoint: 82803 ns, At safepoint: 29245 ns, Total: 112048 ns
[2020-09-11T12:46:53.916+0000][1][safepoint    ] Safepoint "RevokeBias", Time since last: 3682928 ns, Reaching safepoint: 107193 ns, At safepoint: 49156 ns, Total: 156349 ns
[2020-09-11T12:46:53.916+0000][1][safepoint    ] Safepoint "BulkRevokeBias", Time since last: 57311 ns, Reaching safepoint: 81910 ns, At safepoint: 71611 ns, Total: 153521 ns
[2020-09-11T12:46:53.916+0000][1][safepoint    ] Safepoint "RevokeBias", Time since last: 72336 ns, Reaching safepoint: 92115 ns, At safepoint: 26332 ns, Total: 118447 ns
[2020-09-11T12:46:53.916+0000][1][safepoint    ] Safepoint "RevokeBias", Time since last: 39827 ns, Reaching safepoint: 82918 ns, At safepoint: 22820 ns, Total: 105738 ns
[2020-09-11T12:46:53.927+0000][1][safepoint    ] Safepoint "RevokeBias", Time since last: 10221371 ns, Reaching safepoint: 108415 ns, At safepoint: 49582 ns, Total: 157997 ns
[2020-09-11T12:46:53.927+0000][1][safepoint    ] Safepoint "RevokeBias", Time since last: 65884 ns, Reaching safepoint: 81849 ns, At safepoint: 12627 ns, Total: 94476 ns
[2020-09-11T12:46:53.927+0000][1][safepoint    ] Safepoint "RevokeBias", Time since last: 32167 ns, Reaching safepoint: 81066 ns, At safepoint: 12019 ns, Total: 93085 ns
[2020-09-11T12:46:53.928+0000][1][safepoint    ] Safepoint "RevokeBias", Time since last: 994532 ns, Reaching safepoint: 83536 ns, At safepoint: 19473 ns, Total: 103009 ns
[2020-09-11T12:46:53.929+0000][1][safepoint    ] Safepoint "RevokeBias", Time since last: 555954 ns, Reaching safepoint: 85998 ns, At safepoint: 23187 ns, Total: 109185 ns
[2020-09-11T12:46:53.932+0000][1][safepoint    ] Safepoint "RevokeBias", Time since last: 2933562 ns, Reaching safepoint: 96180 ns, At safepoint: 28100 ns, Total: 124280 ns
[2020-09-11T12:46:53.932+0000][1][safepoint    ] Safepoint "RevokeBias", Time since last: 485177 ns, Reaching safepoint: 86295 ns, At safepoint: 21168 ns, Total: 107463 ns
[2020-09-11T12:46:53.932+0000][1][safepoint    ] Safepoint "RevokeBias", Time since last: 36950 ns, Reaching safepoint: 81148 ns, At safepoint: 18843 ns, Total: 99991 ns
[2020-09-11T12:46:53.932+0000][1][safepoint    ] Safepoint "RevokeBias", Time since last: 32653 ns, Reaching safepoint: 80816 ns, At safepoint: 21460 ns, Total: 102276 ns
[2020-09-11T12:46:53.935+0000][1][safepoint    ] Safepoint "RevokeBias", Time since last: 31754 ns, Reaching safepoint: 2930131 ns, At safepoint: 32025 ns, Total: 2962156 ns
[2020-09-11T12:46:53.936+0000][1][safepoint    ] Safepoint "RevokeBias", Time since last: 60346 ns, Reaching safepoint: 82339 ns, At safepoint: 19320 ns, Total: 101659 ns
[2020-09-11T12:46:53.936+0000][1][safepoint    ] Safepoint "RevokeBias", Time since last: 33561 ns, Reaching safepoint: 80203 ns, At safepoint: 16625 ns, Total: 96828 ns
[2020-09-11T12:46:53.936+0000][1][safepoint    ] Safepoint "RevokeBias", Time since last: 50917 ns, Reaching safepoint: 85669 ns, At safepoint: 18100 ns, Total: 103769 ns
[2020-09-11T12:46:53.937+0000][1][safepoint    ] Safepoint "RevokeBias", Time since last: 624477 ns, Reaching safepoint: 85089 ns, At safepoint: 22329 ns, Total: 107418 ns
[2020-09-11T12:46:53.937+0000][1][safepoint    ] Safepoint "RevokeBias", Time since last: 35396 ns, Reaching safepoint: 81688 ns, At safepoint: 22048 ns, Total: 103736 ns
[2020-09-11T12:46:53.937+0000][1][safepoint    ] Safepoint "RevokeBias", Time since last: 31912 ns, Reaching safepoint: 83264 ns, At safepoint: 30750 ns, Total: 114014 ns
[2020-09-11T12:46:53.939+0000][1][safepoint    ] Safepoint "RevokeBias", Time since last: 31601 ns, Reaching safepoint: 2479672 ns, At safepoint: 48943 ns, Total: 2528615 ns
[2020-09-11T12:46:53.940+0000][1][safepoint    ] Safepoint "RevokeBias", Time since last: 65381 ns, Reaching safepoint: 84626 ns, At safepoint: 33062 ns, Total: 117688 ns
[2020-09-11T12:46:53.940+0000][1][safepoint    ] Safepoint "RevokeBias", Time since last: 30622 ns, Reaching safepoint: 82235 ns, At safepoint: 30123 ns, Total: 112358 ns
[2020-09-11T12:46:53.940+0000][1][safepoint    ] Safepoint "BulkRevokeBias", Time since last: 27447 ns, Reaching safepoint: 80688 ns, At safepoint: 76203 ns, Total: 156891 ns
[2020-09-11T12:46:53.940+0000][1][safepoint    ] Safepoint "RevokeBias", Time since last: 322691 ns, Reaching safepoint: 84245 ns, At safepoint: 30080 ns, Total: 114325 ns
[2020-09-11T12:46:53.968+0000][1][safepoint    ] Safepoint "RevokeBias", Time since last: 13140373 ns, Reaching safepoint: 13906504 ns, At safepoint: 48058 ns, Total: 13954562 ns
[2020-09-11T12:46:53.968+0000][1][safepoint    ] Safepoint "RevokeBias", Time since last: 126289 ns, Reaching safepoint: 87105 ns, At safepoint: 21315 ns, Total: 108420 ns
[2020-09-11T12:46:53.968+0000][1][safepoint    ] Safepoint "RevokeBias", Time since last: 45016 ns, Reaching safepoint: 83948 ns, At safepoint: 23065 ns, Total: 107013 ns
[2020-09-11T12:46:53.968+0000][1][safepoint    ] Safepoint "RevokeBias", Time since last: 118152 ns, Reaching safepoint: 82189 ns, At safepoint: 22314 ns, Total: 104503 ns
[2020-09-11T12:46:53.969+0000][1][safepoint    ] Safepoint "RevokeBias", Time since last: 273514 ns, Reaching safepoint: 85707 ns, At safepoint: 19886 ns, Total: 105593 ns
[2020-09-11T12:46:53.969+0000][1][safepoint    ] Safepoint "RevokeBias", Time since last: 71685 ns, Reaching safepoint: 81814 ns, At safepoint: 19058 ns, Total: 100872 ns
[2020-09-11T12:46:53.969+0000][1][safepoint    ] Safepoint "RevokeBias", Time since last: 134196 ns, Reaching safepoint: 85230 ns, At safepoint: 29339 ns, Total: 114569 ns
[2020-09-11T12:46:53.969+0000][1][safepoint    ] Safepoint "RevokeBias", Time since last: 47682 ns, Reaching safepoint: 56462 ns, At safepoint: 20795 ns, Total: 77257 ns
[2020-09-11T12:46:53.969+0000][1][safepoint    ] Safepoint "RevokeBias", Time since last: 29425 ns, Reaching safepoint: 80184 ns, At safepoint: 19981 ns, Total: 100165 ns
[2020-09-11T12:46:53.969+0000][1][safepoint    ] Safepoint "RevokeBias", Time since last: 28252 ns, Reaching safepoint: 79549 ns, At safepoint: 19433 ns, Total: 98982 ns
[2020-09-11T12:46:53.972+0000][1][safepoint    ] Safepoint "RevokeBias", Time since last: 2084234 ns, Reaching safepoint: 93827 ns, At safepoint: 32132 ns, Total: 125959 ns
[2020-09-11T12:46:53.972+0000][1][safepoint    ] Safepoint "RevokeBias", Time since last: 139090 ns, Reaching safepoint: 82883 ns, At safepoint: 23652 ns, Total: 106535 ns
[2020-09-11T12:46:53.972+0000][1][safepoint    ] Safepoint "RevokeBias", Time since last: 374132 ns, Reaching safepoint: 83809 ns, At safepoint: 24058 ns, Total: 107867 ns
[2020-09-11T12:46:53.973+0000][1][safepoint    ] Safepoint "RevokeBias", Time since last: 461792 ns, Reaching safepoint: 13608 ns, At safepoint: 20348 ns, Total: 33956 ns
[2020-09-11T12:46:53.973+0000][1][safepoint    ] Safepoint "RevokeBias", Time since last: 80611 ns, Reaching safepoint: 12693 ns, At safepoint: 26888 ns, Total: 39581 ns
[2020-09-11T12:46:53.973+0000][1][safepoint    ] Safepoint "RevokeBias", Time since last: 187470 ns, Reaching safepoint: 15444 ns, At safepoint: 18079 ns, Total: 33523 ns
[2020-09-11T12:46:53.982+0000][1][safepoint    ] Safepoint "BulkRevokeBias", Time since last: 9033233 ns, Reaching safepoint: 245041 ns, At safepoint: 72773 ns, Total: 317814 ns
[2020-09-11T12:46:54.014+0000][1][safepoint    ] Safepoint "RevokeBias", Time since last: 31112625 ns, Reaching safepoint: 124106 ns, At safepoint: 54861 ns, Total: 178967 ns
[2020-09-11T12:46:54.015+0000][1][safepoint    ] Safepoint "RevokeBias", Time since last: 881089 ns, Reaching safepoint: 90023 ns, At safepoint: 41935 ns, Total: 131958 ns
[2020-09-11T12:46:54.015+0000][1][safepoint    ] Safepoint "RevokeBias", Time since last: 587816 ns, Reaching safepoint: 77709 ns, At safepoint: 38081 ns, Total: 115790 ns
[2020-09-11T12:46:54.016+0000][1][safepoint    ] Safepoint "RevokeBias", Time since last: 49160 ns, Reaching safepoint: 84239 ns, At safepoint: 31873 ns, Total: 116112 ns
[2020-09-11T12:46:54.496+0000][1][safepoint    ] Safepoint "RevokeBias", Time since last: 479803064 ns, Reaching safepoint: 103717 ns, At safepoint: 16910 ns, Total: 120627 ns
[2020-09-11T12:46:54.496+0000][1][safepoint    ] Safepoint "RevokeBias", Time since last: 180114 ns, Reaching safepoint: 15558 ns, At safepoint: 7566 ns, Total: 23124 ns
[2020-09-11T12:46:54.496+0000][1][safepoint    ] Safepoint "RevokeBias", Time since last: 185933 ns, Reaching safepoint: 14815 ns, At safepoint: 7250 ns, Total: 22065 ns
[2020-09-11T12:46:55.212+0000][1][gc,start     ] GC(61) Pause Young (Allocation Failure)
[2020-09-11T12:46:55.212+0000][1][gc,task      ] GC(61) Using 1 workers of 1 for evacuation
[2020-09-11T12:46:55.392+0000][1][gc,age       ] GC(61) Desired survivor size 4358144 bytes, new threshold 2 (max threshold 6)
[2020-09-11T12:46:55.392+0000][1][gc,age       ] GC(61) Age table with threshold 2 (max threshold 6)
[2020-09-11T12:46:55.392+0000][1][gc,age       ] GC(61) - age   1:    2223168 bytes,    2223168 total
[2020-09-11T12:46:55.392+0000][1][gc,age       ] GC(61) - age   2:    2647640 bytes,    4870808 total
[2020-09-11T12:46:55.392+0000][1][gc,heap      ] GC(61) ParNew: 76672K->6069K(76672K)
[2020-09-11T12:46:55.392+0000][1][gc,heap      ] GC(61) CMS: 49954K->53991K(439104K)
[2020-09-11T12:46:55.392+0000][1][gc,metaspace ] GC(61) Metaspace: 52597K->52597K(1097728K)
[2020-09-11T12:46:55.392+0000][1][gc           ] GC(61) Pause Young (Allocation Failure) 123M->58M(503M) 179.944ms
[2020-09-11T12:46:55.392+0000][1][gc,cpu       ] GC(61) User=0.05s Sys=0.00s Real=0.18s
[2020-09-11T12:46:55.404+0000][1][safepoint    ] Safepoint "GenCollectForAllocation", Time since last: 715460479 ns, Reaching safepoint: 404495 ns, At safepoint: 192625918 ns, Total: 193030413 ns
[2020-09-11T12:46:56.600+0000][1][safepoint    ] Safepoint "Cleanup", Time since last: 1185822874 ns, Reaching safepoint: 9508340 ns, At safepoint: 14325 ns, Total: 9522665 ns
[2020-09-11T12:46:57.600+0000][1][safepoint    ] Safepoint "Cleanup", Time since last: 1000113550 ns, Reaching safepoint: 121453 ns, At safepoint: 7169 ns, Total: 128622 ns
[2020-09-11T12:46:58.616+0000][1][safepoint    ] Safepoint "Cleanup", Time since last: 1007378791 ns, Reaching safepoint: 8451869 ns, At safepoint: 17320 ns, Total: 8469189 ns
[2020-09-11T12:46:59.258+0000][1][safepoint    ] Safepoint "CollectForMetadataAllocation", Time since last: 641858238 ns, Reaching safepoint: 199061 ns, At safepoint: 122844 ns, Total: 321905 ns
[2020-09-11T12:46:59.368+0000][1][safepoint    ] Safepoint "CollectForMetadataAllocation", Time since last: 109369364 ns, Reaching safepoint: 899848 ns, At safepoint: 124731 ns, Total: 1024579 ns
[2020-09-11T12:46:59.370+0000][1][gc,start     ] GC(62) Pause Young (Allocation Failure)
[2020-09-11T12:46:59.370+0000][1][gc,task      ] GC(62) Using 1 workers of 1 for evacuation
[2020-09-11T12:46:59.429+0000][1][gc,age       ] GC(62) Desired survivor size 4358144 bytes, new threshold 6 (max threshold 6)
[2020-09-11T12:46:59.430+0000][1][gc,age       ] GC(62) Age table with threshold 6 (max threshold 6)
[2020-09-11T12:46:59.430+0000][1][gc,age       ] GC(62) - age   1:    1657776 bytes,    1657776 total
[2020-09-11T12:46:59.430+0000][1][gc,age       ] GC(62) - age   2:    2192240 bytes,    3850016 total
[2020-09-11T12:46:59.430+0000][1][gc,heap      ] GC(62) ParNew: 74229K->5084K(76672K)
[2020-09-11T12:46:59.430+0000][1][gc,heap      ] GC(62) CMS: 53991K->56687K(439104K)
[2020-09-11T12:46:59.430+0000][1][gc,metaspace ] GC(62) Metaspace: 60524K->60524K(1105920K)
[2020-09-11T12:46:59.430+0000][1][gc           ] GC(62) Pause Young (Allocation Failure) 125M->60M(503M) 59.880ms
[2020-09-11T12:46:59.430+0000][1][gc,cpu       ] GC(62) User=0.02s Sys=0.00s Real=0.06s
[2020-09-11T12:46:59.438+0000][1][safepoint    ] Safepoint "GenCollectForAllocation", Time since last: 1141163 ns, Reaching safepoint: 100709 ns, At safepoint: 68348856 ns, Total: 68449565 ns
[2020-09-11T12:46:59.459+0000][1][gc,start     ] GC(63) Pause Initial Mark
[2020-09-11T12:46:59.472+0000][1][gc           ] GC(63) Pause Initial Mark 61M->61M(503M) 12.603ms
[2020-09-11T12:46:59.472+0000][1][gc,cpu       ] GC(63) User=0.00s Sys=0.00s Real=0.01s
[2020-09-11T12:46:59.492+0000][1][safepoint    ] Safepoint "CMS_Initial_Mark", Time since last: 21356838 ns, Reaching safepoint: 41298 ns, At safepoint: 32561772 ns, Total: 32603070 ns
[2020-09-11T12:46:59.492+0000][1][gc           ] GC(63) Concurrent Mark
[2020-09-11T12:46:59.668+0000][1][safepoint    ] Safepoint "CollectForMetadataAllocation", Time since last: 175634148 ns, Reaching safepoint: 63517 ns, At safepoint: 104653 ns, Total: 168170 ns
[2020-09-11T12:46:59.983+0000][1][gc           ] GC(63) Concurrent Mark 491.119ms
[2020-09-11T12:46:59.983+0000][1][gc,cpu       ] GC(63) User=0.16s Sys=0.00s Real=0.49s
[2020-09-11T12:46:59.983+0000][1][gc           ] GC(63) Concurrent Preclean
[2020-09-11T12:46:59.998+0000][1][gc           ] GC(63) Concurrent Preclean 14.307ms
[2020-09-11T12:46:59.998+0000][1][gc,cpu       ] GC(63) User=0.00s Sys=0.00s Real=0.02s
[2020-09-11T12:46:59.998+0000][1][gc           ] GC(63) Concurrent Abortable Preclean
[2020-09-11T12:47:00.016+0000][1][safepoint    ] Safepoint "CollectForMetadataAllocation", Time since last: 339630029 ns, Reaching safepoint: 8014859 ns, At safepoint: 131894 ns, Total: 8146753 ns
[2020-09-11T12:47:00.384+0000][1][safepoint    ] Safepoint "CollectForMetadataAllocation", Time since last: 367843920 ns, Reaching safepoint: 78319 ns, At safepoint: 114270 ns, Total: 192589 ns
[2020-09-11T12:47:00.700+0000][1][safepoint    ] Safepoint "CollectForMetadataAllocation", Time since last: 311871652 ns, Reaching safepoint: 3973195 ns, At safepoint: 122676 ns, Total: 4095871 ns
[2020-09-11T12:47:01.008+0000][1][safepoint    ] Safepoint "CollectForMetadataAllocation", Time since last: 305920476 ns, Reaching safepoint: 1935269 ns, At safepoint: 137790 ns, Total: 2073059 ns
[2020-09-11T12:47:01.498+0000][1][safepoint    ] Safepoint "CollectForMetadataAllocation", Time since last: 479834140 ns, Reaching safepoint: 10239814 ns, At safepoint: 106548 ns, Total: 10346362 ns
[2020-09-11T12:47:01.924+0000][1][safepoint    ] Safepoint "RevokeBias", Time since last: 425673521 ns, Reaching safepoint: 126220 ns, At safepoint: 15149 ns, Total: 141369 ns
[2020-09-11T12:47:02.097+0000][1][safepoint    ] Safepoint "CollectForMetadataAllocation", Time since last: 173634458 ns, Reaching safepoint: 52689 ns, At safepoint: 109911 ns, Total: 162600 ns
[2020-09-11T12:47:02.485+0000][1][safepoint    ] Safepoint "Deoptimize", Time since last: 387316519 ns, Reaching safepoint: 107900 ns, At safepoint: 336753 ns, Total: 444653 ns
[2020-09-11T12:47:02.581+0000][1][safepoint    ] Safepoint "CollectForMetadataAllocation", Time since last: 88715117 ns, Reaching safepoint: 6902201 ns, At safepoint: 116836 ns, Total: 7019037 ns
[2020-09-11T12:47:02.979+0000][1][safepoint    ] Safepoint "CollectForMetadataAllocation", Time since last: 382548713 ns, Reaching safepoint: 15570495 ns, At safepoint: 81145 ns, Total: 15651640 ns
[2020-09-11T12:47:03.068+0000][1][safepoint    ] Safepoint "RevokeBias", Time since last: 88702814 ns, Reaching safepoint: 110084 ns, At safepoint: 37930 ns, Total: 148014 ns
[2020-09-11T12:47:03.092+0000][1][safepoint    ] Safepoint "RevokeBias", Time since last: 11361803 ns, Reaching safepoint: 12389067 ns, At safepoint: 45159 ns, Total: 12434226 ns
[2020-09-11T12:47:03.092+0000][1][safepoint    ] Safepoint "RevokeBias", Time since last: 415424 ns, Reaching safepoint: 138314 ns, At safepoint: 41613 ns, Total: 179927 ns
[2020-09-11T12:47:03.104+0000][1][safepoint    ] Safepoint "RevokeBias", Time since last: 510697 ns, Reaching safepoint: 10748166 ns, At safepoint: 46601 ns, Total: 10794767 ns
[2020-09-11T12:47:03.104+0000][1][safepoint    ] Safepoint "RevokeBias", Time since last: 189319 ns, Reaching safepoint: 87658 ns, At safepoint: 29418 ns, Total: 117076 ns
[2020-09-11T12:47:03.358+0000][1][safepoint    ] Safepoint "CollectForMetadataAllocation", Time since last: 254028670 ns, Reaching safepoint: 112734 ns, At safepoint: 113196 ns, Total: 225930 ns
[2020-09-11T12:47:03.555+0000][1][safepoint    ] Safepoint "RevokeBias", Time since last: 196980309 ns, Reaching safepoint: 117794 ns, At safepoint: 15416 ns, Total: 133210 ns
[2020-09-11T12:47:03.560+0000][1][safepoint    ] Safepoint "RevokeBias", Time since last: 4174198 ns, Reaching safepoint: 34565 ns, At safepoint: 138966 ns, Total: 173531 ns
[2020-09-11T12:47:03.828+0000][1][safepoint    ] Safepoint "CollectForMetadataAllocation", Time since last: 267775148 ns, Reaching safepoint: 119054 ns, At safepoint: 95425 ns, Total: 214479 ns
[2020-09-11T12:47:04.384+0000][1][safepoint    ] Safepoint "CollectForMetadataAllocation", Time since last: 555771423 ns, Reaching safepoint: 124497 ns, At safepoint: 135036 ns, Total: 259533 ns
[2020-09-11T12:47:04.736+0000][1][safepoint    ] Safepoint "CollectForMetadataAllocation", Time since last: 347073112 ns, Reaching safepoint: 4782583 ns, At safepoint: 91599 ns, Total: 4874182 ns
[2020-09-11T12:47:04.915+0000][1][safepoint    ] Safepoint "CollectForMetadataAllocation", Time since last: 178919437 ns, Reaching safepoint: 112365 ns, At safepoint: 116056 ns, Total: 228421 ns
[2020-09-11T12:47:05.094+0000][1][safepoint    ] Safepoint "CollectForMetadataAllocation", Time since last: 169867373 ns, Reaching safepoint: 9588145 ns, At safepoint: 141378 ns, Total: 9729523 ns
[2020-09-11T12:47:05.109+0000][1][gc           ] GC(63) Concurrent Abortable Preclean 5111.167ms
[2020-09-11T12:47:05.109+0000][1][gc,cpu       ] GC(63) User=1.67s Sys=0.03s Real=5.11s
[2020-09-11T12:47:05.115+0000][1][gc,start     ] GC(63) Pause Remark
[2020-09-11T12:47:05.299+0000][1][gc           ] GC(63) Pause Remark 115M->115M(503M) 183.457ms
[2020-09-11T12:47:05.299+0000][1][gc,cpu       ] GC(63) User=0.06s Sys=0.00s Real=0.18s
[2020-09-11T12:47:05.325+0000][1][safepoint    ] Safepoint "CMS_Final_Remark", Time since last: 21069051 ns, Reaching safepoint: 40043 ns, At safepoint: 209966035 ns, Total: 210006078 ns
[2020-09-11T12:47:05.325+0000][1][gc           ] GC(63) Concurrent Sweep
[2020-09-11T12:47:05.448+0000][1][safepoint    ] Safepoint "CollectForMetadataAllocation", Time since last: 113308250 ns, Reaching safepoint: 9384395 ns, At safepoint: 10763 ns, Total: 9395158 ns
[2020-09-11T12:47:05.464+0000][1][gc           ] GC(63) Concurrent Sweep 138.073ms
[2020-09-11T12:47:05.464+0000][1][gc,cpu       ] GC(63) User=0.04s Sys=0.00s Real=0.14s
[2020-09-11T12:47:05.464+0000][1][gc           ] GC(63) Concurrent Reset
[2020-09-11T12:47:05.464+0000][1][gc           ] GC(63) Concurrent Reset 0.693ms
[2020-09-11T12:47:05.464+0000][1][gc,cpu       ] GC(63) User=0.00s Sys=0.00s Real=0.00s
[2020-09-11T12:47:05.464+0000][1][gc,heap      ] GC(63) Old: 56687K->55713K(439104K)
[2020-09-11T12:47:05.512+0000][1][safepoint    ] Safepoint "RevokeBias", Time since last: 63291532 ns, Reaching safepoint: 108437 ns, At safepoint: 15852 ns, Total: 124289 ns
[2020-09-11T12:47:05.948+0000][1][gc,start     ] GC(64) Pause Young (Allocation Failure)
[2020-09-11T12:47:05.948+0000][1][gc,task      ] GC(64) Using 1 workers of 1 for evacuation
[2020-09-11T12:47:05.994+0000][1][gc,age       ] GC(64) Desired survivor size 4358144 bytes, new threshold 2 (max threshold 6)
[2020-09-11T12:47:05.994+0000][1][gc,age       ] GC(64) Age table with threshold 2 (max threshold 6)
[2020-09-11T12:47:05.994+0000][1][gc,age       ] GC(64) - age   1:    3522976 bytes,    3522976 total
[2020-09-11T12:47:05.994+0000][1][gc,age       ] GC(64) - age   2:    1485728 bytes,    5008704 total
[2020-09-11T12:47:05.994+0000][1][gc,age       ] GC(64) - age   3:    2123256 bytes,    7131960 total
[2020-09-11T12:47:05.994+0000][1][gc,heap      ] GC(64) ParNew: 73244K->8182K(76672K)
[2020-09-11T12:47:05.994+0000][1][gc,heap      ] GC(64) CMS: 55713K->55713K(439104K)
[2020-09-11T12:47:05.994+0000][1][gc,metaspace ] GC(64) Metaspace: 66442K->66442K(1110016K)
[2020-09-11T12:47:05.994+0000][1][gc           ] GC(64) Pause Young (Allocation Failure) 125M->62M(503M) 46.536ms
[2020-09-11T12:47:05.994+0000][1][gc,cpu       ] GC(64) User=0.03s Sys=0.00s Real=0.04s
[2020-09-11T12:47:06.001+0000][1][safepoint    ] Safepoint "GenCollectForAllocation", Time since last: 435853060 ns, Reaching safepoint: 117137 ns, At safepoint: 53063794 ns, Total: 53180931 ns
[2020-09-11T12:47:06.408+0000][1][safepoint    ] Safepoint "Deoptimize", Time since last: 404277212 ns, Reaching safepoint: 2586119 ns, At safepoint: 347893 ns, Total: 2934012 ns
[2020-09-11T12:47:06.424+0000][1][safepoint    ] Safepoint "Deoptimize", Time since last: 11620248 ns, Reaching safepoint: 4020779 ns, At safepoint: 356096 ns, Total: 4376875 ns
[2020-09-11T12:47:06.679+0000][1][safepoint    ] Safepoint "RevokeBias", Time since last: 251420651 ns, Reaching safepoint: 133128 ns, At safepoint: 26416 ns, Total: 159544 ns
[2020-09-11T12:47:06.680+0000][1][safepoint    ] Safepoint "RevokeBias", Time since last: 4437068 ns, Reaching safepoint: 91178 ns, At safepoint: 23629 ns, Total: 114807 ns
[2020-09-11T12:47:06.681+0000][1][safepoint    ] Safepoint "RevokeBias", Time since last: 793355 ns, Reaching safepoint: 89260 ns, At safepoint: 21720 ns, Total: 110980 ns
[2020-09-11T12:47:06.681+0000][1][safepoint    ] Safepoint "RevokeBias", Time since last: 542108 ns, Reaching safepoint: 93966 ns, At safepoint: 22393 ns, Total: 116359 ns
[2020-09-11T12:47:06.682+0000][1][safepoint    ] Safepoint "RevokeBias", Time since last: 47640 ns, Reaching safepoint: 87975 ns, At safepoint: 17943 ns, Total: 105918 ns
[2020-09-11T12:47:06.682+0000][1][safepoint    ] Safepoint "RevokeBias", Time since last: 281575 ns, Reaching safepoint: 83549 ns, At safepoint: 18292 ns, Total: 101841 ns
[2020-09-11T12:47:06.686+0000][1][safepoint    ] Safepoint "RevokeBias", Time since last: 3488305 ns, Reaching safepoint: 99993 ns, At safepoint: 25915 ns, Total: 125908 ns
[2020-09-11T12:47:06.686+0000][1][safepoint    ] Safepoint "RevokeBias", Time since last: 60989 ns, Reaching safepoint: 89239 ns, At safepoint: 21423 ns, Total: 110662 ns
[2020-09-11T12:47:06.686+0000][1][safepoint    ] Safepoint "RevokeBias", Time since last: 559519 ns, Reaching safepoint: 84687 ns, At safepoint: 22190 ns, Total: 106877 ns
[2020-09-11T12:47:06.692+0000][1][safepoint    ] Safepoint "RevokeBias", Time since last: 4928329 ns, Reaching safepoint: 102904 ns, At safepoint: 26822 ns, Total: 129726 ns
[2020-09-11T12:47:06.692+0000][1][safepoint    ] Safepoint "RevokeBias", Time since last: 112501 ns, Reaching safepoint: 89233 ns, At safepoint: 19982 ns, Total: 109215 ns
[2020-09-11T12:47:06.700+0000][1][safepoint    ] Safepoint "Deoptimize", Time since last: 7670283 ns, Reaching safepoint: 110640 ns, At safepoint: 356093 ns, Total: 466733 ns
[2020-09-11T12:47:06.708+0000][1][safepoint    ] Safepoint "RevokeBias", Time since last: 7957189 ns, Reaching safepoint: 103548 ns, At safepoint: 25731 ns, Total: 129279 ns
[2020-09-11T12:47:06.708+0000][1][safepoint    ] Safepoint "RevokeBias", Time since last: 104887 ns, Reaching safepoint: 93827 ns, At safepoint: 22445 ns, Total: 116272 ns
[2020-09-11T12:47:06.708+0000][1][safepoint    ] Safepoint "RevokeBias", Time since last: 67477 ns, Reaching safepoint: 91152 ns, At safepoint: 20471 ns, Total: 111623 ns
[2020-09-11T12:47:06.709+0000][1][safepoint    ] Safepoint "RevokeBias", Time since last: 199170 ns, Reaching safepoint: 89446 ns, At safepoint: 20443 ns, Total: 109889 ns
[2020-09-11T12:47:06.709+0000][1][safepoint    ] Safepoint "RevokeBias", Time since last: 71709 ns, Reaching safepoint: 87693 ns, At safepoint: 20162 ns, Total: 107855 ns
[2020-09-11T12:47:07.228+0000][1][safepoint    ] Safepoint "RevokeBias", Time since last: 518719547 ns, Reaching safepoint: 147289 ns, At safepoint: 26814 ns, Total: 174103 ns
[2020-09-11T12:47:07.248+0000][1][safepoint    ] Safepoint "RevokeBias", Time since last: 12116849 ns, Reaching safepoint: 7692334 ns, At safepoint: 39201 ns, Total: 7731535 ns
[2020-09-11T12:47:07.248+0000][1][safepoint    ] Safepoint "RevokeBias", Time since last: 97077 ns, Reaching safepoint: 95687 ns, At safepoint: 26066 ns, Total: 121753 ns
[2020-09-11T12:47:07.248+0000][1][safepoint    ] Safepoint "RevokeBias", Time since last: 75508 ns, Reaching safepoint: 91610 ns, At safepoint: 22655 ns, Total: 114265 ns
[2020-09-11T12:47:07.248+0000][1][safepoint    ] Safepoint "RevokeBias", Time since last: 50030 ns, Reaching safepoint: 88501 ns, At safepoint: 22933 ns, Total: 111434 ns
[2020-09-11T12:47:07.248+0000][1][safepoint    ] Safepoint "RevokeBias", Time since last: 48467 ns, Reaching safepoint: 86066 ns, At safepoint: 20574 ns, Total: 106640 ns
[2020-09-11T12:47:07.248+0000][1][safepoint    ] Safepoint "RevokeBias", Time since last: 49710 ns, Reaching safepoint: 87087 ns, At safepoint: 21137 ns, Total: 108224 ns
[2020-09-11T12:47:07.249+0000][1][safepoint    ] Safepoint "RevokeBias", Time since last: 47782 ns, Reaching safepoint: 86275 ns, At safepoint: 19487 ns, Total: 105762 ns
[2020-09-11T12:47:07.252+0000][1][safepoint    ] Safepoint "RevokeBias", Time since last: 45898 ns, Reaching safepoint: 3316673 ns, At safepoint: 29436 ns, Total: 3346109 ns
[2020-09-11T12:47:07.264+0000][1][safepoint    ] Safepoint "RevokeBias", Time since last: 717267 ns, Reaching safepoint: 10767518 ns, At safepoint: 28702 ns, Total: 10796220 ns
[2020-09-11T12:47:07.265+0000][1][safepoint    ] Safepoint "RevokeBias", Time since last: 259348 ns, Reaching safepoint: 781779 ns, At safepoint: 22089 ns, Total: 803868 ns
[2020-09-11T12:47:07.265+0000][1][safepoint    ] Safepoint "RevokeBias", Time since last: 157234 ns, Reaching safepoint: 519896 ns, At safepoint: 28289 ns, Total: 548185 ns
[2020-09-11T12:47:07.266+0000][1][safepoint    ] Safepoint "RevokeBias", Time since last: 214248 ns, Reaching safepoint: 464607 ns, At safepoint: 25679 ns, Total: 490286 ns
[2020-09-11T12:47:07.266+0000][1][safepoint    ] Safepoint "RevokeBias", Time since last: 51987 ns, Reaching safepoint: 94458 ns, At safepoint: 19442 ns, Total: 113900 ns
[2020-09-11T12:47:07.268+0000][1][safepoint    ] Safepoint "RevokeBias", Time since last: 1612154 ns, Reaching safepoint: 328345 ns, At safepoint: 26926 ns, Total: 355271 ns
[2020-09-11T12:47:07.280+0000][1][safepoint    ] Safepoint "RevokeBias", Time since last: 7249814 ns, Reaching safepoint: 4061265 ns, At safepoint: 32030 ns, Total: 4093295 ns
[2020-09-11T12:47:07.280+0000][1][safepoint    ] Safepoint "RevokeBias", Time since last: 417475 ns, Reaching safepoint: 106739 ns, At safepoint: 22930 ns, Total: 129669 ns
[2020-09-11T12:47:07.297+0000][1][safepoint    ] Safepoint "RevokeBias", Time since last: 16072749 ns, Reaching safepoint: 498011 ns, At safepoint: 22293 ns, Total: 520304 ns
[2020-09-11T12:47:07.299+0000][1][safepoint    ] Safepoint "RevokeBias", Time since last: 447757 ns, Reaching safepoint: 1930023 ns, At safepoint: 25064 ns, Total: 1955087 ns
[2020-09-11T12:47:07.300+0000][1][safepoint    ] Safepoint "RevokeBias", Time since last: 967239 ns, Reaching safepoint: 104621 ns, At safepoint: 16558 ns, Total: 121179 ns
[2020-09-11T12:47:07.301+0000][1][safepoint    ] Safepoint "RevokeBias", Time since last: 294148 ns, Reaching safepoint: 98978 ns, At safepoint: 14679 ns, Total: 113657 ns
[2020-09-11T12:47:07.315+0000][1][safepoint    ] Safepoint "RevokeBias", Time since last: 14479677 ns, Reaching safepoint: 415771 ns, At safepoint: 19327 ns, Total: 435098 ns
[2020-09-11T12:47:08.207+0000][1][safepoint    ] Safepoint "RevokeBias", Time since last: 891025466 ns, Reaching safepoint: 196187 ns, At safepoint: 36070 ns, Total: 232257 ns
[2020-09-11T12:47:08.216+0000][1][safepoint    ] Safepoint "RevokeBias", Time since last: 8821606 ns, Reaching safepoint: 105592 ns, At safepoint: 14982 ns, Total: 120574 ns
[2020-09-11T12:47:08.216+0000][1][safepoint    ] Safepoint "RevokeBias", Time since last: 377043 ns, Reaching safepoint: 99959 ns, At safepoint: 13153 ns, Total: 113112 ns
[2020-09-11T12:47:08.216+0000][1][safepoint    ] Safepoint "RevokeBias", Time since last: 104074 ns, Reaching safepoint: 96438 ns, At safepoint: 11204 ns, Total: 107642 ns
[2020-09-11T12:47:08.223+0000][1][safepoint    ] Safepoint "RevokeBias", Time since last: 5202611 ns, Reaching safepoint: 1874303 ns, At safepoint: 17654 ns, Total: 1891957 ns
[2020-09-11T12:47:08.224+0000][1][safepoint    ] Safepoint "RevokeBias", Time since last: 123192 ns, Reaching safepoint: 103294 ns, At safepoint: 12666 ns, Total: 115960 ns
[2020-09-11T12:47:09.219+0000][1][safepoint    ] Safepoint "RevokeBias", Time since last: 995125219 ns, Reaching safepoint: 159527 ns, At safepoint: 15926 ns, Total: 175453 ns
[2020-09-11T12:47:10.219+0000][1][safepoint    ] Safepoint "Cleanup", Time since last: 1000106478 ns, Reaching safepoint: 323601 ns, At safepoint: 11612 ns, Total: 335213 ns
[2020-09-11T12:47:10.242+0000][1][safepoint    ] Safepoint "RevokeBias", Time since last: 22056777 ns, Reaching safepoint: 32938 ns, At safepoint: 16282 ns, Total: 49220 ns
[2020-09-11T12:47:11.242+0000][1][safepoint    ] Safepoint "Cleanup", Time since last: 1000099257 ns, Reaching safepoint: 110592 ns, At safepoint: 6618 ns, Total: 117210 ns
[2020-09-11T12:47:12.242+0000][1][safepoint    ] Safepoint "Cleanup", Time since last: 1000201290 ns, Reaching safepoint: 65602 ns, At safepoint: 7046 ns, Total: 72648 ns
[2020-09-11T12:47:13.242+0000][1][safepoint    ] Safepoint "Cleanup", Time since last: 1000195446 ns, Reaching safepoint: 85188 ns, At safepoint: 17932 ns, Total: 103120 ns
[2020-09-11T12:47:15.243+0000][1][safepoint    ] Safepoint "Cleanup", Time since last: 2000358405 ns, Reaching safepoint: 67080 ns, At safepoint: 16822 ns, Total: 83902 ns
[2020-09-11T12:47:16.220+0000][1][safepoint    ] Safepoint "BulkRevokeBias", Time since last: 977275704 ns, Reaching safepoint: 173999 ns, At safepoint: 254390 ns, Total: 428389 ns
[2020-09-11T12:47:16.222+0000][1][safepoint    ] Safepoint "BulkRevokeBias", Time since last: 1081360 ns, Reaching safepoint: 165032 ns, At safepoint: 265339 ns, Total: 430371 ns
[2020-09-11T12:47:16.222+0000][1][safepoint    ] Safepoint "RevokeBias", Time since last: 132497 ns, Reaching safepoint: 238353 ns, At safepoint: 106328 ns, Total: 344681 ns
[2020-09-11T12:47:17.223+0000][1][safepoint    ] Safepoint "Cleanup", Time since last: 1000121941 ns, Reaching safepoint: 131027 ns, At safepoint: 8763 ns, Total: 139790 ns
[2020-09-11T12:47:18.222+0000][1][safepoint    ] Safepoint "RevokeBias", Time since last: 999285663 ns, Reaching safepoint: 41927 ns, At safepoint: 12953 ns, Total: 54880 ns
[2020-09-11T12:47:18.224+0000][1][safepoint    ] Safepoint "RevokeBias", Time since last: 1402284 ns, Reaching safepoint: 33821 ns, At safepoint: 12107 ns, Total: 45928 ns
[2020-09-11T12:47:18.224+0000][1][safepoint    ] Safepoint "RevokeBias", Time since last: 105185 ns, Reaching safepoint: 24781 ns, At safepoint: 10118 ns, Total: 34899 ns
[2020-09-11T12:47:20.224+0000][1][safepoint    ] Safepoint "Cleanup", Time since last: 2000196047 ns, Reaching safepoint: 271747 ns, At safepoint: 22395 ns, Total: 294142 ns
[2020-09-11T12:47:21.225+0000][1][safepoint    ] Safepoint "Cleanup", Time since last: 1000169390 ns, Reaching safepoint: 170665 ns, At safepoint: 15913 ns, Total: 186578 ns
[2020-09-11T12:47:23.225+0000][1][safepoint    ] Safepoint "Cleanup", Time since last: 2000244846 ns, Reaching safepoint: 156390 ns, At safepoint: 6981 ns, Total: 163371 ns
[2020-09-11T12:47:24.225+0000][1][safepoint    ] Safepoint "Cleanup", Time since last: 1000101292 ns, Reaching safepoint: 108124 ns, At safepoint: 6601 ns, Total: 114725 ns
[2020-09-11T12:47:26.224+0000][1][safepoint    ] Safepoint "BulkRevokeBias", Time since last: 1998309349 ns, Reaching safepoint: 188693 ns, At safepoint: 291084 ns, Total: 479777 ns
[2020-09-11T12:47:26.226+0000][1][safepoint    ] Safepoint "BulkRevokeBias", Time since last: 1558345 ns, Reaching safepoint: 163291 ns, At safepoint: 264299 ns, Total: 427590 ns
[2020-09-11T12:47:27.226+0000][1][safepoint    ] Safepoint "Cleanup", Time since last: 1000126427 ns, Reaching safepoint: 150411 ns, At safepoint: 7703 ns, Total: 158114 ns
[2020-09-11T12:47:29.227+0000][1][safepoint    ] Safepoint "Cleanup", Time since last: 2000811552 ns, Reaching safepoint: 121317 ns, At safepoint: 8582 ns, Total: 129899 ns
[2020-09-11T12:47:30.227+0000][1][safepoint    ] Safepoint "Cleanup", Time since last: 1000271635 ns, Reaching safepoint: 39695 ns, At safepoint: 6297 ns, Total: 45992 ns
[2020-09-11T12:47:31.228+0000][1][safepoint    ] Safepoint "Cleanup", Time since last: 1000090482 ns, Reaching safepoint: 153642 ns, At safepoint: 7509 ns, Total: 161151 ns
[2020-09-11T12:47:32.228+0000][1][safepoint    ] Safepoint "Cleanup", Time since last: 1000127031 ns, Reaching safepoint: 158351 ns, At safepoint: 8553 ns, Total: 166904 ns
[2020-09-11T12:47:34.229+0000][1][safepoint    ] Safepoint "Cleanup", Time since last: 2000782449 ns, Reaching safepoint: 176335 ns, At safepoint: 19708 ns, Total: 196043 ns
[2020-09-11T12:47:35.229+0000][1][safepoint    ] Safepoint "Cleanup", Time since last: 1000145161 ns, Reaching safepoint: 41041 ns, At safepoint: 5103 ns, Total: 46144 ns
[2020-09-11T12:47:37.230+0000][1][safepoint    ] Safepoint "Cleanup", Time since last: 2000220749 ns, Reaching safepoint: 260174 ns, At safepoint: 8094 ns, Total: 268268 ns
[2020-09-11T12:47:37.323+0000][1][safepoint    ] Safepoint "RevokeBias", Time since last: 92699582 ns, Reaching safepoint: 274952 ns, At safepoint: 33465 ns, Total: 308417 ns
[2020-09-11T12:47:37.323+0000][1][safepoint    ] Safepoint "RevokeBias", Time since last: 92636 ns, Reaching safepoint: 678280 ns, At safepoint: 22762 ns, Total: 701042 ns
[2020-09-11T12:47:37.325+0000][1][safepoint    ] Safepoint "RevokeBias", Time since last: 70788 ns, Reaching safepoint: 1764803 ns, At safepoint: 24498 ns, Total: 1789301 ns
[2020-09-11T12:47:37.326+0000][1][safepoint    ] Safepoint "RevokeBias", Time since last: 345099 ns, Reaching safepoint: 104663 ns, At safepoint: 21288 ns, Total: 125951 ns
[2020-09-11T12:47:37.326+0000][1][safepoint    ] Safepoint "RevokeBias", Time since last: 77033 ns, Reaching safepoint: 96341 ns, At safepoint: 20492 ns, Total: 116833 ns
[2020-09-11T12:47:37.329+0000][1][safepoint    ] Safepoint "RevokeBias", Time since last: 2185697 ns, Reaching safepoint: 1112706 ns, At safepoint: 22782 ns, Total: 1135488 ns
[2020-09-11T12:47:37.331+0000][1][safepoint    ] Safepoint "RevokeBias", Time since last: 84903 ns, Reaching safepoint: 1285489 ns, At safepoint: 23004 ns, Total: 1308493 ns
[2020-09-11T12:47:37.331+0000][1][safepoint    ] Safepoint "RevokeBias", Time since last: 71737 ns, Reaching safepoint: 99311 ns, At safepoint: 18951 ns, Total: 118262 ns
[2020-09-11T12:47:37.331+0000][1][safepoint    ] Safepoint "RevokeBias", Time since last: 181443 ns, Reaching safepoint: 96849 ns, At safepoint: 19759 ns, Total: 116608 ns
[2020-09-11T12:47:37.331+0000][1][safepoint    ] Safepoint "RevokeBias", Time since last: 66611 ns, Reaching safepoint: 93570 ns, At safepoint: 17429 ns, Total: 110999 ns
[2020-09-11T12:47:38.332+0000][1][safepoint    ] Safepoint "Cleanup", Time since last: 1000114355 ns, Reaching safepoint: 101964 ns, At safepoint: 17560 ns, Total: 119524 ns
[2020-09-11T12:47:41.332+0000][1][safepoint    ] Safepoint "Cleanup", Time since last: 3000415233 ns, Reaching safepoint: 114442 ns, At safepoint: 18813 ns, Total: 133255 ns
[2020-09-11T12:47:42.332+0000][1][safepoint    ] Safepoint "Cleanup", Time since last: 1000207516 ns, Reaching safepoint: 104694 ns, At safepoint: 18870 ns, Total: 123564 ns
[2020-09-11T12:47:43.333+0000][1][safepoint    ] Safepoint "Cleanup", Time since last: 1000209663 ns, Reaching safepoint: 90517 ns, At safepoint: 8894 ns, Total: 99411 ns
[2020-09-11T12:47:44.333+0000][1][safepoint    ] Safepoint "Cleanup", Time since last: 1000172986 ns, Reaching safepoint: 85949 ns, At safepoint: 8269 ns, Total: 94218 ns
[2020-09-11T12:47:45.188+0000][1][safepoint    ] Safepoint "RevokeBias", Time since last: 854389455 ns, Reaching safepoint: 160339 ns, At safepoint: 10111 ns, Total: 170450 ns
[2020-09-11T12:47:45.188+0000][1][safepoint    ] Safepoint "RevokeBias", Time since last: 123947 ns, Reaching safepoint: 152719 ns, At safepoint: 6651 ns, Total: 159370 ns
[2020-09-11T12:47:45.188+0000][1][safepoint    ] Safepoint "RevokeBias", Time since last: 56891 ns, Reaching safepoint: 149177 ns, At safepoint: 6067 ns, Total: 155244 ns
[2020-09-11T12:47:45.192+0000][1][safepoint    ] Safepoint "RevokeBias", Time since last: 3493472 ns, Reaching safepoint: 157043 ns, At safepoint: 8661 ns, Total: 165704 ns
[2020-09-11T12:47:45.192+0000][1][safepoint    ] Safepoint "RevokeBias", Time since last: 53725 ns, Reaching safepoint: 149556 ns, At safepoint: 5999 ns, Total: 155555 ns
[2020-09-11T12:47:45.193+0000][1][safepoint    ] Safepoint "RevokeBias", Time since last: 1326076 ns, Reaching safepoint: 150964 ns, At safepoint: 21672 ns, Total: 172636 ns
[2020-09-11T12:47:45.194+0000][1][safepoint    ] Safepoint "RevokeBias", Time since last: 61888 ns, Reaching safepoint: 144573 ns, At safepoint: 17456 ns, Total: 162029 ns
[2020-09-11T12:47:45.194+0000][1][safepoint    ] Safepoint "RevokeBias", Time since last: 521246 ns, Reaching safepoint: 149937 ns, At safepoint: 7358 ns, Total: 157295 ns
[2020-09-11T12:47:45.195+0000][1][safepoint    ] Safepoint "RevokeBias", Time since last: 34481 ns, Reaching safepoint: 143493 ns, At safepoint: 6192 ns, Total: 149685 ns
[2020-09-11T12:47:45.195+0000][1][safepoint    ] Safepoint "RevokeBias", Time since last: 33209 ns, Reaching safepoint: 144637 ns, At safepoint: 5839 ns, Total: 150476 ns
[2020-09-11T12:47:45.204+0000][1][safepoint    ] Safepoint "RevokeBias", Time since last: 8990056 ns, Reaching safepoint: 119421 ns, At safepoint: 8637 ns, Total: 128058 ns
[2020-09-11T12:47:45.204+0000][1][safepoint    ] Safepoint "RevokeBias", Time since last: 63280 ns, Reaching safepoint: 32213 ns, At safepoint: 5081 ns, Total: 37294 ns
[2020-09-11T12:47:45.205+0000][1][safepoint    ] Safepoint "RevokeBias", Time since last: 848900 ns, Reaching safepoint: 103355 ns, At safepoint: 6084 ns, Total: 109439 ns
[2020-09-11T12:47:45.205+0000][1][safepoint    ] Safepoint "RevokeBias", Time since last: 39635 ns, Reaching safepoint: 97627 ns, At safepoint: 4908 ns, Total: 102535 ns
[2020-09-11T12:47:45.207+0000][1][safepoint    ] Safepoint "RevokeBias", Time since last: 1789774 ns, Reaching safepoint: 95542 ns, At safepoint: 5799 ns, Total: 101341 ns
[2020-09-11T12:47:45.220+0000][1][safepoint    ] Safepoint "RevokeBias", Time since last: 12466127 ns, Reaching safepoint: 117424 ns, At safepoint: 9222 ns, Total: 126646 ns
[2020-09-11T12:47:45.220+0000][1][safepoint    ] Safepoint "RevokeBias", Time since last: 63423 ns, Reaching safepoint: 103047 ns, At safepoint: 5940 ns, Total: 108987 ns
[2020-09-11T12:47:45.236+0000][1][gc,start     ] GC(65) Pause Young (Allocation Failure)
[2020-09-11T12:47:45.236+0000][1][gc,task      ] GC(65) Using 1 workers of 1 for evacuation
[2020-09-11T12:47:45.279+0000][1][gc,age       ] GC(65) Desired survivor size 4358144 bytes, new threshold 2 (max threshold 6)
[2020-09-11T12:47:45.279+0000][1][gc,age       ] GC(65) Age table with threshold 2 (max threshold 6)
[2020-09-11T12:47:45.279+0000][1][gc,age       ] GC(65) - age   1:    1317208 bytes,    1317208 total
[2020-09-11T12:47:45.279+0000][1][gc,age       ] GC(65) - age   2:    3450912 bytes,    4768120 total
[2020-09-11T12:47:45.279+0000][1][gc,heap      ] GC(65) ParNew: 76342K->6246K(76672K)
[2020-09-11T12:47:45.279+0000][1][gc,heap      ] GC(65) CMS: 55713K->59307K(439104K)
[2020-09-11T12:47:45.279+0000][1][gc,metaspace ] GC(65) Metaspace: 71421K->71421K(1114112K)
[2020-09-11T12:47:45.279+0000][1][gc           ] GC(65) Pause Young (Allocation Failure) 128M->64M(503M) 43.113ms
[2020-09-11T12:47:45.279+0000][1][gc,cpu       ] GC(65) User=0.04s Sys=0.00s Real=0.04s
[2020-09-11T12:47:45.284+0000][1][safepoint    ] Safepoint "GenCollectForAllocation", Time since last: 16232890 ns, Reaching safepoint: 123771 ns, At safepoint: 47933677 ns, Total: 48057448 ns
[2020-09-11T12:47:45.289+0000][1][safepoint    ] Safepoint "RevokeBias", Time since last: 5093786 ns, Reaching safepoint: 49681 ns, At safepoint: 20441 ns, Total: 70122 ns
[2020-09-11T12:47:45.294+0000][1][safepoint    ] Safepoint "RevokeBias", Time since last: 4372727 ns, Reaching safepoint: 156334 ns, At safepoint: 9934 ns, Total: 166268 ns
[2020-09-11T12:47:45.309+0000][1][safepoint    ] Safepoint "Deoptimize", Time since last: 14623489 ns, Reaching safepoint: 164050 ns, At safepoint: 423474 ns, Total: 587524 ns
[2020-09-11T12:47:45.311+0000][1][safepoint    ] Safepoint "RevokeBias", Time since last: 2162065 ns, Reaching safepoint: 161438 ns, At safepoint: 7906 ns, Total: 169344 ns
[2020-09-11T12:47:45.314+0000][1][safepoint    ] Safepoint "RevokeBias", Time since last: 2579148 ns, Reaching safepoint: 160028 ns, At safepoint: 7917 ns, Total: 167945 ns
[2020-09-11T12:47:45.316+0000][1][safepoint    ] Safepoint "RevokeBias", Time since last: 1856408 ns, Reaching safepoint: 156026 ns, At safepoint: 8162 ns, Total: 164188 ns
[2020-09-11T12:47:45.316+0000][1][safepoint    ] Safepoint "RevokeBias", Time since last: 52512 ns, Reaching safepoint: 148411 ns, At safepoint: 5578 ns, Total: 153989 ns
[2020-09-11T12:47:45.316+0000][1][safepoint    ] Safepoint "RevokeBias", Time since last: 104017 ns, Reaching safepoint: 147489 ns, At safepoint: 5623 ns, Total: 153112 ns
[2020-09-11T12:47:45.317+0000][1][safepoint    ] Safepoint "RevokeBias", Time since last: 193067 ns, Reaching safepoint: 149239 ns, At safepoint: 5922 ns, Total: 155161 ns
[2020-09-11T12:47:45.317+0000][1][safepoint    ] Safepoint "RevokeBias", Time since last: 70316 ns, Reaching safepoint: 147264 ns, At safepoint: 5957 ns, Total: 153221 ns
[2020-09-11T12:47:45.317+0000][1][safepoint    ] Safepoint "RevokeBias", Time since last: 38422 ns, Reaching safepoint: 145323 ns, At safepoint: 5421 ns, Total: 150744 ns
[2020-09-11T12:47:45.318+0000][1][safepoint    ] Safepoint "RevokeBias", Time since last: 416785 ns, Reaching safepoint: 150514 ns, At safepoint: 5922 ns, Total: 156436 ns
[2020-09-11T12:47:45.318+0000][1][safepoint    ] Safepoint "RevokeBias", Time since last: 145243 ns, Reaching safepoint: 145250 ns, At safepoint: 6098 ns, Total: 151348 ns
[2020-09-11T12:47:45.318+0000][1][safepoint    ] Safepoint "RevokeBias", Time since last: 37433 ns, Reaching safepoint: 141600 ns, At safepoint: 5844 ns, Total: 147444 ns
[2020-09-11T12:47:45.319+0000][1][safepoint    ] Safepoint "RevokeBias", Time since last: 86954 ns, Reaching safepoint: 143049 ns, At safepoint: 5346 ns, Total: 148395 ns
[2020-09-11T12:47:45.319+0000][1][safepoint    ] Safepoint "RevokeBias", Time since last: 90557 ns, Reaching safepoint: 151447 ns, At safepoint: 5498 ns, Total: 156945 ns
[2020-09-11T12:47:45.319+0000][1][safepoint    ] Safepoint "BulkRevokeBias", Time since last: 36067 ns, Reaching safepoint: 145828 ns, At safepoint: 140562 ns, Total: 286390 ns
[2020-09-11T12:47:45.319+0000][1][safepoint    ] Safepoint "RevokeBias", Time since last: 235284 ns, Reaching safepoint: 115072 ns, At safepoint: 11349 ns, Total: 126421 ns
[2020-09-11T12:47:45.320+0000][1][safepoint    ] Safepoint "RevokeBias", Time since last: 123348 ns, Reaching safepoint: 140901 ns, At safepoint: 5553 ns, Total: 146454 ns
[2020-09-11T12:47:45.350+0000][1][safepoint    ] Safepoint "RevokeBias", Time since last: 29558555 ns, Reaching safepoint: 230610 ns, At safepoint: 11363 ns, Total: 241973 ns
[2020-09-11T12:47:45.350+0000][1][safepoint    ] Safepoint "RevokeBias", Time since last: 299481 ns, Reaching safepoint: 158715 ns, At safepoint: 7591 ns, Total: 166306 ns
[2020-09-11T12:47:45.354+0000][1][safepoint    ] Safepoint "RevokeBias", Time since last: 4235472 ns, Reaching safepoint: 160584 ns, At safepoint: 7878 ns, Total: 168462 ns
[2020-09-11T12:47:45.359+0000][1][safepoint    ] Safepoint "RevokeBias", Time since last: 4146782 ns, Reaching safepoint: 165372 ns, At safepoint: 8653 ns, Total: 174025 ns
[2020-09-11T12:47:45.359+0000][1][safepoint    ] Safepoint "RevokeBias", Time since last: 61711 ns, Reaching safepoint: 155534 ns, At safepoint: 6043 ns, Total: 161577 ns
[2020-09-11T12:47:45.368+0000][1][safepoint    ] Safepoint "RevokeBias", Time since last: 8616866 ns, Reaching safepoint: 117219 ns, At safepoint: 8543 ns, Total: 125762 ns
[2020-09-11T12:47:45.372+0000][1][safepoint    ] Safepoint "RevokeBias", Time since last: 3725807 ns, Reaching safepoint: 120694 ns, At safepoint: 7748 ns, Total: 128442 ns
[2020-09-11T12:47:45.380+0000][1][safepoint    ] Safepoint "RevokeBias", Time since last: 8754382 ns, Reaching safepoint: 127749 ns, At safepoint: 10743 ns, Total: 138492 ns
[2020-09-11T12:47:45.403+0000][1][safepoint    ] Safepoint "RevokeBias", Time since last: 22634131 ns, Reaching safepoint: 119678 ns, At safepoint: 8351 ns, Total: 128029 ns
[2020-09-11T12:47:45.411+0000][1][safepoint    ] Safepoint "RevokeBias", Time since last: 7113844 ns, Reaching safepoint: 230730 ns, At safepoint: 12364 ns, Total: 243094 ns
[2020-09-11T12:47:45.412+0000][1][safepoint    ] Safepoint "RevokeBias", Time since last: 952505 ns, Reaching safepoint: 182808 ns, At safepoint: 161655 ns, Total: 344463 ns
[2020-09-11T12:47:45.416+0000][1][safepoint    ] Safepoint "RevokeBias", Time since last: 3561437 ns, Reaching safepoint: 112458 ns, At safepoint: 14669 ns, Total: 127127 ns
[2020-09-11T12:47:45.825+0000][1][safepoint    ] Safepoint "RevokeBias", Time since last: 409264166 ns, Reaching safepoint: 48766 ns, At safepoint: 18884 ns, Total: 67650 ns
[2020-09-11T12:47:45.825+0000][1][safepoint    ] Safepoint "RevokeBias", Time since last: 80734 ns, Reaching safepoint: 31112 ns, At safepoint: 11638 ns, Total: 42750 ns
[2020-09-11T12:47:45.826+0000][1][safepoint    ] Safepoint "RevokeBias", Time since last: 798091 ns, Reaching safepoint: 31447 ns, At safepoint: 12819 ns, Total: 44266 ns
[2020-09-11T12:47:45.826+0000][1][safepoint    ] Safepoint "RevokeBias", Time since last: 60060 ns, Reaching safepoint: 25564 ns, At safepoint: 9688 ns, Total: 35252 ns
[2020-09-11T12:47:46.826+0000][1][safepoint    ] Safepoint "Cleanup", Time since last: 1000161665 ns, Reaching safepoint: 82045 ns, At safepoint: 7646 ns, Total: 89691 ns
[2020-09-11T12:47:47.827+0000][1][safepoint    ] Safepoint "Cleanup", Time since last: 1000174941 ns, Reaching safepoint: 132394 ns, At safepoint: 20717 ns, Total: 153111 ns
[2020-09-11T12:47:48.827+0000][1][safepoint    ] Safepoint "Cleanup", Time since last: 1000258637 ns, Reaching safepoint: 83645 ns, At safepoint: 8064 ns, Total: 91709 ns
[2020-09-11T12:47:50.827+0000][1][safepoint    ] Safepoint "Cleanup", Time since last: 2000342268 ns, Reaching safepoint: 70590 ns, At safepoint: 16059 ns, Total: 86649 ns
[2020-09-11T12:47:55.828+0000][1][safepoint    ] Safepoint "Cleanup", Time since last: 5000690774 ns, Reaching safepoint: 87443 ns, At safepoint: 7022 ns, Total: 94465 ns
[2020-09-11T12:47:56.828+0000][1][safepoint    ] Safepoint "Cleanup", Time since last: 1000183898 ns, Reaching safepoint: 83825 ns, At safepoint: 7490 ns, Total: 91315 ns
[2020-09-11T12:47:57.829+0000][1][safepoint    ] Safepoint "Cleanup", Time since last: 1000177921 ns, Reaching safepoint: 102919 ns, At safepoint: 20845 ns, Total: 123764 ns
[2020-09-11T12:47:58.829+0000][1][safepoint    ] Safepoint "Cleanup", Time since last: 1000179241 ns, Reaching safepoint: 100541 ns, At safepoint: 14770 ns, Total: 115311 ns
[2020-09-11T12:48:01.829+0000][1][safepoint    ] Safepoint "Cleanup", Time since last: 3000421082 ns, Reaching safepoint: 104666 ns, At safepoint: 6777 ns, Total: 111443 ns
[2020-09-11T12:48:03.830+0000][1][safepoint    ] Safepoint "Cleanup", Time since last: 2000303637 ns, Reaching safepoint: 100995 ns, At safepoint: 16811 ns, Total: 117806 ns
[2020-09-11T12:48:07.831+0000][1][safepoint    ] Safepoint "Cleanup", Time since last: 4000623653 ns, Reaching safepoint: 135110 ns, At safepoint: 18456 ns, Total: 153566 ns
[2020-09-11T12:48:08.831+0000][1][safepoint    ] Safepoint "Cleanup", Time since last: 1000256471 ns, Reaching safepoint: 104994 ns, At safepoint: 17182 ns, Total: 122176 ns
[2020-09-11T12:48:09.831+0000][1][safepoint    ] Safepoint "Cleanup", Time since last: 1000198088 ns, Reaching safepoint: 93337 ns, At safepoint: 17637 ns, Total: 110974 ns
[2020-09-11T12:48:10.832+0000][1][safepoint    ] Safepoint "Cleanup", Time since last: 1000270803 ns, Reaching safepoint: 98562 ns, At safepoint: 17564 ns, Total: 116126 ns
[2020-09-11T12:48:11.832+0000][1][safepoint    ] Safepoint "Cleanup", Time since last: 1000230035 ns, Reaching safepoint: 91566 ns, At safepoint: 7573 ns, Total: 99139 ns
[2020-09-11T12:48:12.832+0000][1][safepoint    ] Safepoint "Cleanup", Time since last: 1000185904 ns, Reaching safepoint: 111292 ns, At safepoint: 17707 ns, Total: 128999 ns
[2020-09-11T12:48:13.833+0000][1][safepoint    ] Safepoint "Cleanup", Time since last: 1000207435 ns, Reaching safepoint: 84080 ns, At safepoint: 7588 ns, Total: 91668 ns
[2020-09-11T12:48:14.833+0000][1][safepoint    ] Safepoint "Cleanup", Time since last: 1000168172 ns, Reaching safepoint: 92115 ns, At safepoint: 17466 ns, Total: 109581 ns
[2020-09-11T12:48:15.833+0000][1][safepoint    ] Safepoint "Cleanup", Time since last: 1000169359 ns, Reaching safepoint: 94203 ns, At safepoint: 15288 ns, Total: 109491 ns
[2020-09-11T12:48:16.834+0000][1][safepoint    ] Safepoint "Cleanup", Time since last: 1000202415 ns, Reaching safepoint: 108386 ns, At safepoint: 18094 ns, Total: 126480 ns
[2020-09-11T12:48:17.834+0000][1][safepoint    ] Safepoint "Cleanup", Time since last: 1000209658 ns, Reaching safepoint: 105933 ns, At safepoint: 18141 ns, Total: 124074 ns
[2020-09-11T12:48:18.834+0000][1][safepoint    ] Safepoint "Cleanup", Time since last: 1000177848 ns, Reaching safepoint: 103864 ns, At safepoint: 17330 ns, Total: 121194 ns
[2020-09-11T12:48:19.835+0000][1][safepoint    ] Safepoint "Cleanup", Time since last: 1000220535 ns, Reaching safepoint: 99645 ns, At safepoint: 17226 ns, Total: 116871 ns
[2020-09-11T12:48:20.835+0000][1][safepoint    ] Safepoint "Cleanup", Time since last: 1000238508 ns, Reaching safepoint: 101593 ns, At safepoint: 16842 ns, Total: 118435 ns
[2020-09-11T12:48:21.835+0000][1][safepoint    ] Safepoint "Cleanup", Time since last: 1000220047 ns, Reaching safepoint: 107533 ns, At safepoint: 17701 ns, Total: 125234 ns
[2020-09-11T12:48:22.836+0000][1][safepoint    ] Safepoint "Cleanup", Time since last: 1000242326 ns, Reaching safepoint: 99966 ns, At safepoint: 17216 ns, Total: 117182 ns
[2020-09-11T12:48:23.836+0000][1][safepoint    ] Safepoint "Cleanup", Time since last: 1000204581 ns, Reaching safepoint: 109952 ns, At safepoint: 18399 ns, Total: 128351 ns
[2020-09-11T12:48:24.836+0000][1][safepoint    ] Safepoint "Cleanup", Time since last: 1000186537 ns, Reaching safepoint: 98165 ns, At safepoint: 7197 ns, Total: 105362 ns
[2020-09-11T12:48:25.837+0000][1][safepoint    ] Safepoint "Cleanup", Time since last: 1000168281 ns, Reaching safepoint: 102008 ns, At safepoint: 17827 ns, Total: 119835 ns
[2020-09-11T12:48:26.248+0000][1][safepoint    ] Safepoint "RevokeBias", Time since last: 411278768 ns, Reaching safepoint: 47326 ns, At safepoint: 26043 ns, Total: 73369 ns
[2020-09-11T12:48:27.248+0000][1][safepoint    ] Safepoint "Cleanup", Time since last: 1000192022 ns, Reaching safepoint: 163754 ns, At safepoint: 7031 ns, Total: 170785 ns
[2020-09-11T12:48:28.250+0000][1][safepoint    ] Safepoint "Cleanup", Time since last: 1001146162 ns, Reaching safepoint: 960039 ns, At safepoint: 19966 ns, Total: 980005 ns
[2020-09-11T12:48:29.251+0000][1][safepoint    ] Safepoint "Cleanup", Time since last: 1000139124 ns, Reaching safepoint: 170166 ns, At safepoint: 7512 ns, Total: 177678 ns
[2020-09-11T12:48:30.251+0000][1][safepoint    ] Safepoint "Cleanup", Time since last: 1000112449 ns, Reaching safepoint: 194075 ns, At safepoint: 16899 ns, Total: 210974 ns
[2020-09-11T12:48:31.251+0000][1][safepoint    ] Safepoint "Cleanup", Time since last: 1000135043 ns, Reaching safepoint: 48488 ns, At safepoint: 6273 ns, Total: 54761 ns
[2020-09-11T12:48:32.252+0000][1][safepoint    ] Safepoint "Cleanup", Time since last: 1000203261 ns, Reaching safepoint: 131011 ns, At safepoint: 9609 ns, Total: 140620 ns
[2020-09-11T12:48:33.252+0000][1][safepoint    ] Safepoint "Cleanup", Time since last: 1000107346 ns, Reaching safepoint: 159491 ns, At safepoint: 9086 ns, Total: 168577 ns
[2020-09-11T12:48:34.252+0000][1][safepoint    ] Safepoint "Cleanup", Time since last: 1000093440 ns, Reaching safepoint: 52894 ns, At safepoint: 6391 ns, Total: 59285 ns
[2020-09-11T12:48:35.252+0000][1][safepoint    ] Safepoint "Cleanup", Time since last: 1000141147 ns, Reaching safepoint: 96246 ns, At safepoint: 6328 ns, Total: 102574 ns
[2020-09-11T12:48:36.252+0000][1][safepoint    ] Safepoint "Cleanup", Time since last: 1000127261 ns, Reaching safepoint: 93869 ns, At safepoint: 5638 ns, Total: 99507 ns
[2020-09-11T12:48:37.253+0000][1][safepoint    ] Safepoint "Cleanup", Time since last: 1000117250 ns, Reaching safepoint: 203123 ns, At safepoint: 20748 ns, Total: 223871 ns
[2020-09-11T12:48:38.253+0000][1][safepoint    ] Safepoint "Cleanup", Time since last: 1000136415 ns, Reaching safepoint: 166154 ns, At safepoint: 9220 ns, Total: 175374 ns
[2020-09-11T12:48:39.253+0000][1][safepoint    ] Safepoint "Cleanup", Time since last: 1000095107 ns, Reaching safepoint: 172650 ns, At safepoint: 7276 ns, Total: 179926 ns
[2020-09-11T12:48:40.254+0000][1][safepoint    ] Safepoint "Cleanup", Time since last: 1000097387 ns, Reaching safepoint: 158987 ns, At safepoint: 7214 ns, Total: 166201 ns
[2020-09-11T12:48:41.254+0000][1][safepoint    ] Safepoint "Cleanup", Time since last: 1000090790 ns, Reaching safepoint: 52940 ns, At safepoint: 5658 ns, Total: 58598 ns
[2020-09-11T12:48:42.254+0000][1][safepoint    ] Safepoint "Cleanup", Time since last: 1000099858 ns, Reaching safepoint: 158943 ns, At safepoint: 7908 ns, Total: 166851 ns
[2020-09-11T12:48:43.254+0000][1][safepoint    ] Safepoint "Cleanup", Time since last: 1000118280 ns, Reaching safepoint: 213580 ns, At safepoint: 18128 ns, Total: 231708 ns
[2020-09-11T12:48:44.255+0000][1][safepoint    ] Safepoint "Cleanup", Time since last: 1000187351 ns, Reaching safepoint: 65605 ns, At safepoint: 6506 ns, Total: 72111 ns
[2020-09-11T12:48:45.255+0000][1][safepoint    ] Safepoint "Cleanup", Time since last: 1000094389 ns, Reaching safepoint: 167697 ns, At safepoint: 9585 ns, Total: 177282 ns
[2020-09-11T12:48:46.255+0000][1][safepoint    ] Safepoint "Cleanup", Time since last: 1000093639 ns, Reaching safepoint: 45377 ns, At safepoint: 5247 ns, Total: 50624 ns
[2020-09-11T12:48:46.462+0000][1][gc,start     ] GC(66) Pause Young (Allocation Failure)
[2020-09-11T12:48:46.463+0000][1][gc,task      ] GC(66) Using 1 workers of 1 for evacuation
[2020-09-11T12:48:46.483+0000][1][gc,age       ] GC(66) Desired survivor size 4358144 bytes, new threshold 6 (max threshold 6)
[2020-09-11T12:48:46.483+0000][1][gc,age       ] GC(66) Age table with threshold 6 (max threshold 6)
[2020-09-11T12:48:46.483+0000][1][gc,age       ] GC(66) - age   1:     336480 bytes,     336480 total
[2020-09-11T12:48:46.483+0000][1][gc,age       ] GC(66) - age   2:    1255944 bytes,    1592424 total
[2020-09-11T12:48:46.483+0000][1][gc,heap      ] GC(66) ParNew: 74406K->5053K(76672K)
[2020-09-11T12:48:46.483+0000][1][gc,heap      ] GC(66) CMS: 59307K->62808K(439104K)
[2020-09-11T12:48:46.483+0000][1][gc,metaspace ] GC(66) Metaspace: 72657K->72657K(1116160K)
[2020-09-11T12:48:46.483+0000][1][gc           ] GC(66) Pause Young (Allocation Failure) 130M->66M(503M) 20.350ms
[2020-09-11T12:48:46.483+0000][1][gc,cpu       ] GC(66) User=0.02s Sys=0.00s Real=0.02s
[2020-09-11T12:48:46.483+0000][1][safepoint    ] Safepoint "GenCollectForAllocation", Time since last: 207183947 ns, Reaching safepoint: 175453 ns, At safepoint: 20424073 ns, Total: 20599526 ns
[2020-09-11T12:48:47.488+0000][1][safepoint    ] Safepoint "Cleanup", Time since last: 1004715699 ns, Reaching safepoint: 94811 ns, At safepoint: 15790 ns, Total: 110601 ns
[2020-09-11T12:48:48.488+0000][1][safepoint    ] Safepoint "Cleanup", Time since last: 1000154312 ns, Reaching safepoint: 58453 ns, At safepoint: 5520 ns, Total: 63973 ns
[2020-09-11T12:48:49.489+0000][1][safepoint    ] Safepoint "Cleanup", Time since last: 1000731189 ns, Reaching safepoint: 116909 ns, At safepoint: 15452 ns, Total: 132361 ns
[2020-09-11T12:48:50.489+0000][1][safepoint    ] Safepoint "Cleanup", Time since last: 1000465817 ns, Reaching safepoint: 59121 ns, At safepoint: 6827 ns, Total: 65948 ns
[2020-09-11T12:48:51.490+0000][1][safepoint    ] Safepoint "Cleanup", Time since last: 1000109165 ns, Reaching safepoint: 171194 ns, At safepoint: 7905 ns, Total: 179099 ns
[2020-09-11T12:48:52.490+0000][1][safepoint    ] Safepoint "Cleanup", Time since last: 1000177493 ns, Reaching safepoint: 126420 ns, At safepoint: 17898 ns, Total: 144318 ns
[2020-09-11T12:48:53.490+0000][1][safepoint    ] Safepoint "Cleanup", Time since last: 1000242203 ns, Reaching safepoint: 126737 ns, At safepoint: 20273 ns, Total: 147010 ns
[2020-09-11T12:48:54.491+0000][1][safepoint    ] Safepoint "Cleanup", Time since last: 1000206732 ns, Reaching safepoint: 120994 ns, At safepoint: 18051 ns, Total: 139045 ns
[2020-09-11T12:48:55.491+0000][1][safepoint    ] Safepoint "Cleanup", Time since last: 1000215369 ns, Reaching safepoint: 113975 ns, At safepoint: 18208 ns, Total: 132183 ns
[2020-09-11T12:48:56.491+0000][1][safepoint    ] Safepoint "Cleanup", Time since last: 1000170552 ns, Reaching safepoint: 130249 ns, At safepoint: 15723 ns, Total: 145972 ns
[2020-09-11T12:48:57.492+0000][1][safepoint    ] Safepoint "Cleanup", Time since last: 1000214621 ns, Reaching safepoint: 76517 ns, At safepoint: 7672 ns, Total: 84189 ns
[2020-09-11T12:48:58.492+0000][1][safepoint    ] Safepoint "Cleanup", Time since last: 1000183531 ns, Reaching safepoint: 85727 ns, At safepoint: 7683 ns, Total: 93410 ns
[2020-09-11T12:48:59.492+0000][1][safepoint    ] Safepoint "Cleanup", Time since last: 1000173032 ns, Reaching safepoint: 108271 ns, At safepoint: 17634 ns, Total: 125905 ns
[2020-09-11T12:49:00.492+0000][1][safepoint    ] Safepoint "Cleanup", Time since last: 1000174107 ns, Reaching safepoint: 107884 ns, At safepoint: 16875 ns, Total: 124759 ns
[2020-09-11T12:49:01.493+0000][1][safepoint    ] Safepoint "Cleanup", Time since last: 1000168703 ns, Reaching safepoint: 119146 ns, At safepoint: 16214 ns, Total: 135360 ns
[2020-09-11T12:49:02.493+0000][1][safepoint    ] Safepoint "Cleanup", Time since last: 1000218403 ns, Reaching safepoint: 92734 ns, At safepoint: 8184 ns, Total: 100918 ns
[2020-09-11T12:49:03.493+0000][1][safepoint    ] Safepoint "Cleanup", Time since last: 1000200198 ns, Reaching safepoint: 126002 ns, At safepoint: 18893 ns, Total: 144895 ns
[2020-09-11T12:49:04.494+0000][1][safepoint    ] Safepoint "Cleanup", Time since last: 1000221144 ns, Reaching safepoint: 88149 ns, At safepoint: 7910 ns, Total: 96059 ns
[2020-09-11T12:49:05.494+0000][1][safepoint    ] Safepoint "Cleanup", Time since last: 1000165389 ns, Reaching safepoint: 95473 ns, At safepoint: 8707 ns, Total: 104180 ns
[2020-09-11T12:49:06.494+0000][1][safepoint    ] Safepoint "Cleanup", Time since last: 1000172194 ns, Reaching safepoint: 111172 ns, At safepoint: 16207 ns, Total: 127379 ns
[2020-09-11T12:49:07.495+0000][1][safepoint    ] Safepoint "Cleanup", Time since last: 1000228679 ns, Reaching safepoint: 91105 ns, At safepoint: 8555 ns, Total: 99660 ns
[2020-09-11T12:49:08.495+0000][1][safepoint    ] Safepoint "Cleanup", Time since last: 1000168039 ns, Reaching safepoint: 120483 ns, At safepoint: 17520 ns, Total: 138003 ns
[2020-09-11T12:49:09.495+0000][1][safepoint    ] Safepoint "Cleanup", Time since last: 1000217116 ns, Reaching safepoint: 126858 ns, At safepoint: 18840 ns, Total: 145698 ns
[2020-09-11T12:49:10.496+0000][1][safepoint    ] Safepoint "Cleanup", Time since last: 1000212098 ns, Reaching safepoint: 114974 ns, At safepoint: 17867 ns, Total: 132841 ns
[2020-09-11T12:49:11.496+0000][1][safepoint    ] Safepoint "Cleanup", Time since last: 1000231359 ns, Reaching safepoint: 96422 ns, At safepoint: 8266 ns, Total: 104688 ns
[2020-09-11T12:49:12.496+0000][1][safepoint    ] Safepoint "Cleanup", Time since last: 1000142948 ns, Reaching safepoint: 114085 ns, At safepoint: 16768 ns, Total: 130853 ns
[2020-09-11T12:49:13.158+0000][1][safepoint    ] Safepoint "RevokeBias", Time since last: 661875310 ns, Reaching safepoint: 56593 ns, At safepoint: 21913 ns, Total: 78506 ns
[2020-09-11T12:49:13.158+0000][1][safepoint    ] Safepoint "RevokeBias", Time since last: 93010 ns, Reaching safepoint: 35609 ns, At safepoint: 14714 ns, Total: 50323 ns
[2020-09-11T12:49:13.159+0000][1][safepoint    ] Safepoint "RevokeBias", Time since last: 255918 ns, Reaching safepoint: 34020 ns, At safepoint: 14418 ns, Total: 48438 ns
[2020-09-11T12:49:13.159+0000][1][safepoint    ] Safepoint "RevokeBias", Time since last: 83728 ns, Reaching safepoint: 29222 ns, At safepoint: 12051 ns, Total: 41273 ns
[2020-09-11T12:49:14.159+0000][1][safepoint    ] Safepoint "Cleanup", Time since last: 1000158255 ns, Reaching safepoint: 106260 ns, At safepoint: 8902 ns, Total: 115162 ns
[2020-09-11T12:49:15.159+0000][1][safepoint    ] Safepoint "Cleanup", Time since last: 1000165468 ns, Reaching safepoint: 105208 ns, At safepoint: 41842 ns, Total: 147050 ns
[2020-09-11T12:49:16.160+0000][1][safepoint    ] Safepoint "Cleanup", Time since last: 1000161301 ns, Reaching safepoint: 112909 ns, At safepoint: 17617 ns, Total: 130526 ns
[2020-09-11T12:49:17.160+0000][1][safepoint    ] Safepoint "Cleanup", Time since last: 1000212845 ns, Reaching safepoint: 93954 ns, At safepoint: 7787 ns, Total: 101741 ns
[2020-09-11T12:49:18.160+0000][1][safepoint    ] Safepoint "Cleanup", Time since last: 1000194520 ns, Reaching safepoint: 124271 ns, At safepoint: 18603 ns, Total: 142874 ns
[2020-09-11T12:49:19.161+0000][1][safepoint    ] Safepoint "Cleanup", Time since last: 1000172082 ns, Reaching safepoint: 108609 ns, At safepoint: 16962 ns, Total: 125571 ns
[2020-09-11T12:49:20.161+0000][1][safepoint    ] Safepoint "Cleanup", Time since last: 1000228394 ns, Reaching safepoint: 78435 ns, At safepoint: 7912 ns, Total: 86347 ns
[2020-09-11T12:49:21.161+0000][1][safepoint    ] Safepoint "Cleanup", Time since last: 1000159150 ns, Reaching safepoint: 106347 ns, At safepoint: 17343 ns, Total: 123690 ns
[2020-09-11T12:49:22.162+0000][1][safepoint    ] Safepoint "Cleanup", Time since last: 1000174332 ns, Reaching safepoint: 119394 ns, At safepoint: 15192 ns, Total: 134586 ns
[2020-09-11T12:49:23.162+0000][1][safepoint    ] Safepoint "Cleanup", Time since last: 1000163574 ns, Reaching safepoint: 119297 ns, At safepoint: 15696 ns, Total: 134993 ns
[2020-09-11T12:49:24.162+0000][1][safepoint    ] Safepoint "Cleanup", Time since last: 1000238289 ns, Reaching safepoint: 133777 ns, At safepoint: 17544 ns, Total: 151321 ns
[2020-09-11T12:49:25.163+0000][1][safepoint    ] Safepoint "Cleanup", Time since last: 1000217282 ns, Reaching safepoint: 110530 ns, At safepoint: 17510 ns, Total: 128040 ns
[2020-09-11T12:49:26.163+0000][1][safepoint    ] Safepoint "Cleanup", Time since last: 1000193905 ns, Reaching safepoint: 86173 ns, At safepoint: 7284 ns, Total: 93457 ns
[2020-09-11T12:49:27.163+0000][1][safepoint    ] Safepoint "Cleanup", Time since last: 1000166418 ns, Reaching safepoint: 106672 ns, At safepoint: 7223 ns, Total: 113895 ns
[2020-09-11T12:49:28.163+0000][1][safepoint    ] Safepoint "Cleanup", Time since last: 1000151425 ns, Reaching safepoint: 102438 ns, At safepoint: 7565 ns, Total: 110003 ns
[2020-09-11T12:49:29.164+0000][1][safepoint    ] Safepoint "Cleanup", Time since last: 1000139127 ns, Reaching safepoint: 175582 ns, At safepoint: 19111 ns, Total: 194693 ns
[2020-09-11T12:49:30.164+0000][1][safepoint    ] Safepoint "Cleanup", Time since last: 1000170152 ns, Reaching safepoint: 105051 ns, At safepoint: 17226 ns, Total: 122277 ns
[2020-09-11T12:49:31.169+0000][1][safepoint    ] Safepoint "Cleanup", Time since last: 1004810314 ns, Reaching safepoint: 368098 ns, At safepoint: 37917 ns, Total: 406015 ns
[2020-09-11T12:49:32.170+0000][1][safepoint    ] Safepoint "Cleanup", Time since last: 1000240210 ns, Reaching safepoint: 88199 ns, At safepoint: 7764 ns, Total: 95963 ns
[2020-09-11T12:49:33.170+0000][1][safepoint    ] Safepoint "Cleanup", Time since last: 1000176258 ns, Reaching safepoint: 111830 ns, At safepoint: 19067 ns, Total: 130897 ns
[2020-09-11T12:49:34.170+0000][1][safepoint    ] Safepoint "Cleanup", Time since last: 1000235193 ns, Reaching safepoint: 93350 ns, At safepoint: 7581 ns, Total: 100931 ns
[2020-09-11T12:49:35.171+0000][1][safepoint    ] Safepoint "Cleanup", Time since last: 1000174440 ns, Reaching safepoint: 82839 ns, At safepoint: 8158 ns, Total: 90997 ns
[2020-09-11T12:49:36.171+0000][1][safepoint    ] Safepoint "Cleanup", Time since last: 1000203165 ns, Reaching safepoint: 116929 ns, At safepoint: 19110 ns, Total: 136039 ns
[2020-09-11T12:49:37.171+0000][1][safepoint    ] Safepoint "Cleanup", Time since last: 1000235945 ns, Reaching safepoint: 117954 ns, At safepoint: 17336 ns, Total: 135290 ns
[2020-09-11T12:49:38.172+0000][1][safepoint    ] Safepoint "Cleanup", Time since last: 1000251351 ns, Reaching safepoint: 88541 ns, At safepoint: 7462 ns, Total: 96003 ns
[2020-09-11T12:49:39.172+0000][1][safepoint    ] Safepoint "Cleanup", Time since last: 1000137151 ns, Reaching safepoint: 108535 ns, At safepoint: 7669 ns, Total: 116204 ns
[2020-09-11T12:49:40.172+0000][1][safepoint    ] Safepoint "Cleanup", Time since last: 1000135172 ns, Reaching safepoint: 113244 ns, At safepoint: 7304 ns, Total: 120548 ns
[2020-09-11T12:49:41.172+0000][1][safepoint    ] Safepoint "Cleanup", Time since last: 1000162031 ns, Reaching safepoint: 96204 ns, At safepoint: 8612 ns, Total: 104816 ns
[2020-09-11T12:49:42.173+0000][1][safepoint    ] Safepoint "Cleanup", Time since last: 1000155632 ns, Reaching safepoint: 81348 ns, At safepoint: 10845 ns, Total: 92193 ns
[2020-09-11T12:49:43.173+0000][1][safepoint    ] Safepoint "Cleanup", Time since last: 1000138127 ns, Reaching safepoint: 105166 ns, At safepoint: 7530 ns, Total: 112696 ns
[2020-09-11T12:49:44.173+0000][1][safepoint    ] Safepoint "Cleanup", Time since last: 1000137022 ns, Reaching safepoint: 104179 ns, At safepoint: 7838 ns, Total: 112017 ns
[2020-09-11T12:49:45.173+0000][1][safepoint    ] Safepoint "Cleanup", Time since last: 1000161418 ns, Reaching safepoint: 103091 ns, At safepoint: 7636 ns, Total: 110727 ns
[2020-09-11T12:49:46.174+0000][1][safepoint    ] Safepoint "Cleanup", Time since last: 1000166604 ns, Reaching safepoint: 123751 ns, At safepoint: 19454 ns, Total: 143205 ns
[2020-09-11T12:49:47.174+0000][1][safepoint    ] Safepoint "Cleanup", Time since last: 1000223387 ns, Reaching safepoint: 90853 ns, At safepoint: 8053 ns, Total: 98906 ns
[2020-09-11T12:49:48.174+0000][1][safepoint    ] Safepoint "Cleanup", Time since last: 1000166758 ns, Reaching safepoint: 109331 ns, At safepoint: 17417 ns, Total: 126748 ns
[2020-09-11T12:49:49.175+0000][1][safepoint    ] Safepoint "Cleanup", Time since last: 1000223843 ns, Reaching safepoint: 121515 ns, At safepoint: 18282 ns, Total: 139797 ns
[2020-09-11T12:49:50.175+0000][1][safepoint    ] Safepoint "Cleanup", Time since last: 1000272393 ns, Reaching safepoint: 115344 ns, At safepoint: 19652 ns, Total: 134996 ns
[2020-09-11T12:49:51.175+0000][1][safepoint    ] Safepoint "Cleanup", Time since last: 1000225988 ns, Reaching safepoint: 158143 ns, At safepoint: 18182 ns, Total: 176325 ns
[2020-09-11T12:49:52.176+0000][1][safepoint    ] Safepoint "Cleanup", Time since last: 1000226894 ns, Reaching safepoint: 80445 ns, At safepoint: 8398 ns, Total: 88843 ns
[2020-09-11T12:49:53.176+0000][1][safepoint    ] Safepoint "Cleanup", Time since last: 1000158058 ns, Reaching safepoint: 103715 ns, At safepoint: 13741 ns, Total: 117456 ns
[2020-09-11T12:49:53.745+0000][1][gc,start     ] GC(67) Pause Young (Allocation Failure)
[2020-09-11T12:49:53.745+0000][1][gc,task      ] GC(67) Using 1 workers of 1 for evacuation
[2020-09-11T12:49:53.755+0000][1][gc,age       ] GC(67) Desired survivor size 4358144 bytes, new threshold 6 (max threshold 6)
[2020-09-11T12:49:53.755+0000][1][gc,age       ] GC(67) Age table with threshold 6 (max threshold 6)
[2020-09-11T12:49:53.755+0000][1][gc,age       ] GC(67) - age   1:      19120 bytes,      19120 total
[2020-09-11T12:49:53.755+0000][1][gc,age       ] GC(67) - age   2:     326952 bytes,     346072 total
[2020-09-11T12:49:53.755+0000][1][gc,age       ] GC(67) - age   3:    1255944 bytes,    1602016 total
[2020-09-11T12:49:53.755+0000][1][gc,heap      ] GC(67) ParNew: 73209K->1652K(76672K)
[2020-09-11T12:49:53.755+0000][1][gc,heap      ] GC(67) CMS: 62808K->62808K(439104K)
[2020-09-11T12:49:53.755+0000][1][gc,metaspace ] GC(67) Metaspace: 72918K->72918K(1116160K)
[2020-09-11T12:49:53.755+0000][1][gc           ] GC(67) Pause Young (Allocation Failure) 132M->62M(503M) 9.239ms
[2020-09-11T12:49:53.755+0000][1][gc,cpu       ] GC(67) User=0.01s Sys=0.00s Real=0.00s
[2020-09-11T12:49:53.757+0000][1][safepoint    ] Safepoint "GenCollectForAllocation", Time since last: 569211556 ns, Reaching safepoint: 166155 ns, At safepoint: 11998504 ns, Total: 12164659 ns
[2020-09-11T12:49:54.762+0000][1][safepoint    ] Safepoint "Cleanup", Time since last: 1004388164 ns, Reaching safepoint: 84870 ns, At safepoint: 18282 ns, Total: 103152 ns
[2020-09-11T12:49:55.762+0000][1][safepoint    ] Safepoint "Cleanup", Time since last: 1000183712 ns, Reaching safepoint: 108515 ns, At safepoint: 15138 ns, Total: 123653 ns
[2020-09-11T12:49:56.763+0000][1][safepoint    ] Safepoint "Cleanup", Time since last: 1000192053 ns, Reaching safepoint: 140138 ns, At safepoint: 17697 ns, Total: 157835 ns
[2020-09-11T12:49:57.763+0000][1][safepoint    ] Safepoint "Cleanup", Time since last: 1000203541 ns, Reaching safepoint: 118849 ns, At safepoint: 18045 ns, Total: 136894 ns
[2020-09-11T12:49:58.763+0000][1][safepoint    ] Safepoint "Cleanup", Time since last: 1000183443 ns, Reaching safepoint: 101688 ns, At safepoint: 7648 ns, Total: 109336 ns
[2020-09-11T12:49:59.764+0000][1][safepoint    ] Safepoint "Cleanup", Time since last: 1000194804 ns, Reaching safepoint: 119009 ns, At safepoint: 15479 ns, Total: 134488 ns
[2020-09-11T12:50:00.764+0000][1][safepoint    ] Safepoint "Cleanup", Time since last: 1000180121 ns, Reaching safepoint: 108423 ns, At safepoint: 8193 ns, Total: 116616 ns
[2020-09-11T12:50:01.765+0000][1][safepoint    ] Safepoint "Cleanup", Time since last: 1000978641 ns, Reaching safepoint: 88283 ns, At safepoint: 7274 ns, Total: 95557 ns
[2020-09-11T12:50:02.765+0000][1][safepoint    ] Safepoint "Cleanup", Time since last: 1000110420 ns, Reaching safepoint: 78026 ns, At safepoint: 9683 ns, Total: 87709 ns
[2020-09-11T12:50:03.765+0000][1][safepoint    ] Safepoint "Cleanup", Time since last: 1000184101 ns, Reaching safepoint: 92605 ns, At safepoint: 6789 ns, Total: 99394 ns
[2020-09-11T12:50:04.766+0000][1][safepoint    ] Safepoint "Cleanup", Time since last: 1000180920 ns, Reaching safepoint: 96041 ns, At safepoint: 6965 ns, Total: 103006 ns
[2020-09-11T12:50:05.266+0000][1][safepoint    ] Safepoint "RevokeBias", Time since last: 499929328 ns, Reaching safepoint: 122831 ns, At safepoint: 7996 ns, Total: 130827 ns
[2020-09-11T12:50:05.266+0000][1][safepoint    ] Safepoint "RevokeBias", Time since last: 86413 ns, Reaching safepoint: 92579 ns, At safepoint: 5404 ns, Total: 97983 ns
[2020-09-11T12:50:05.266+0000][1][safepoint    ] Safepoint "RevokeBias", Time since last: 214346 ns, Reaching safepoint: 119253 ns, At safepoint: 7371 ns, Total: 126624 ns
[2020-09-11T12:50:05.267+0000][1][safepoint    ] Safepoint "RevokeBias", Time since last: 417671 ns, Reaching safepoint: 187825 ns, At safepoint: 8084 ns, Total: 195909 ns
[2020-09-11T12:50:05.267+0000][1][safepoint    ] Safepoint "RevokeBias", Time since last: 105583 ns, Reaching safepoint: 272904 ns, At safepoint: 9176 ns, Total: 282080 ns
[2020-09-11T12:50:05.267+0000][1][safepoint    ] Safepoint "RevokeBias", Time since last: 118306 ns, Reaching safepoint: 113474 ns, At safepoint: 7860 ns, Total: 121334 ns
[2020-09-11T12:50:05.268+0000][1][safepoint    ] Safepoint "RevokeBias", Time since last: 573235 ns, Reaching safepoint: 418619 ns, At safepoint: 10197 ns, Total: 428816 ns
[2020-09-11T12:50:05.269+0000][1][safepoint    ] Safepoint "RevokeBias", Time since last: 260528 ns, Reaching safepoint: 438601 ns, At safepoint: 9144 ns, Total: 447745 ns
[2020-09-11T12:50:05.270+0000][1][safepoint    ] Safepoint "RevokeBias", Time since last: 714518 ns, Reaching safepoint: 96053 ns, At safepoint: 8629 ns, Total: 104682 ns
[2020-09-11T12:50:05.274+0000][1][safepoint    ] Safepoint "RevokeBias", Time since last: 1231009 ns, Reaching safepoint: 2669567 ns, At safepoint: 10743 ns, Total: 2680310 ns
[2020-09-11T12:50:05.275+0000][1][safepoint    ] Safepoint "RevokeBias", Time since last: 313640 ns, Reaching safepoint: 1092610 ns, At safepoint: 8641 ns, Total: 1101251 ns
[2020-09-11T12:50:05.276+0000][1][safepoint    ] Safepoint "RevokeBias", Time since last: 422177 ns, Reaching safepoint: 98371 ns, At safepoint: 6806 ns, Total: 105177 ns
[2020-09-11T12:50:05.276+0000][1][safepoint    ] Safepoint "RevokeBias", Time since last: 58784 ns, Reaching safepoint: 93244 ns, At safepoint: 6596 ns, Total: 99840 ns
[2020-09-11T12:50:05.276+0000][1][safepoint    ] Safepoint "RevokeBias", Time since last: 48325 ns, Reaching safepoint: 101789 ns, At safepoint: 6411 ns, Total: 108200 ns
[2020-09-11T12:50:05.277+0000][1][safepoint    ] Safepoint "RevokeBias", Time since last: 92410 ns, Reaching safepoint: 803165 ns, At safepoint: 7221 ns, Total: 810386 ns
[2020-09-11T12:50:05.277+0000][1][safepoint    ] Safepoint "RevokeBias", Time since last: 43909 ns, Reaching safepoint: 91054 ns, At safepoint: 6253 ns, Total: 97307 ns
[2020-09-11T12:50:05.278+0000][1][safepoint    ] Safepoint "RevokeBias", Time since last: 544735 ns, Reaching safepoint: 92165 ns, At safepoint: 6088 ns, Total: 98253 ns
[2020-09-11T12:50:05.279+0000][1][safepoint    ] Safepoint "RevokeBias", Time since last: 555728 ns, Reaching safepoint: 482929 ns, At safepoint: 6387 ns, Total: 489316 ns
[2020-09-11T12:50:05.281+0000][1][safepoint    ] Safepoint "RevokeBias", Time since last: 1049976 ns, Reaching safepoint: 1134866 ns, At safepoint: 6821 ns, Total: 1141687 ns
[2020-09-11T12:50:05.412+0000][1][safepoint    ] Safepoint "RevokeBias", Time since last: 130238657 ns, Reaching safepoint: 123449 ns, At safepoint: 18730 ns, Total: 142179 ns
[2020-09-11T12:50:05.413+0000][1][safepoint    ] Safepoint "RevokeBias", Time since last: 939498 ns, Reaching safepoint: 177637 ns, At safepoint: 17029 ns, Total: 194666 ns
[2020-09-11T12:50:05.417+0000][1][safepoint    ] Safepoint "RevokeBias", Time since last: 4751849 ns, Reaching safepoint: 83809 ns, At safepoint: 17099 ns, Total: 100908 ns
[2020-09-11T12:50:05.420+0000][1][safepoint    ] Safepoint "RevokeBias", Time since last: 1949589 ns, Reaching safepoint: 142774 ns, At safepoint: 43012 ns, Total: 185786 ns
[2020-09-11T12:50:05.420+0000][1][safepoint    ] Safepoint "RevokeBias", Time since last: 107055 ns, Reaching safepoint: 139276 ns, At safepoint: 39294 ns, Total: 178570 ns
[2020-09-11T12:50:05.420+0000][1][safepoint    ] Safepoint "RevokeBias", Time since last: 277199 ns, Reaching safepoint: 120233 ns, At safepoint: 13940 ns, Total: 134173 ns
[2020-09-11T12:50:05.421+0000][1][safepoint    ] Safepoint "RevokeBias", Time since last: 296980 ns, Reaching safepoint: 126645 ns, At safepoint: 13871 ns, Total: 140516 ns
[2020-09-11T12:50:05.424+0000][1][safepoint    ] Safepoint "RevokeBias", Time since last: 2884093 ns, Reaching safepoint: 141846 ns, At safepoint: 6563 ns, Total: 148409 ns
[2020-09-11T12:50:05.424+0000][1][safepoint    ] Safepoint "RevokeBias", Time since last: 41190 ns, Reaching safepoint: 136450 ns, At safepoint: 5597 ns, Total: 142047 ns
[2020-09-11T12:50:05.424+0000][1][safepoint    ] Safepoint "RevokeBias", Time since last: 36267 ns, Reaching safepoint: 131526 ns, At safepoint: 5382 ns, Total: 136908 ns
[2020-09-11T12:50:05.424+0000][1][safepoint    ] Safepoint "RevokeBias", Time since last: 92110 ns, Reaching safepoint: 136950 ns, At safepoint: 5580 ns, Total: 142530 ns
[2020-09-11T12:50:05.425+0000][1][safepoint    ] Safepoint "RevokeBias", Time since last: 33197 ns, Reaching safepoint: 133545 ns, At safepoint: 5419 ns, Total: 138964 ns
[2020-09-11T12:50:05.425+0000][1][safepoint    ] Safepoint "RevokeBias", Time since last: 701843 ns, Reaching safepoint: 138436 ns, At safepoint: 6005 ns, Total: 144441 ns
[2020-09-11T12:50:05.426+0000][1][safepoint    ] Safepoint "RevokeBias", Time since last: 42253 ns, Reaching safepoint: 133939 ns, At safepoint: 5276 ns, Total: 139215 ns
[2020-09-11T12:50:05.426+0000][1][safepoint    ] Safepoint "RevokeBias", Time since last: 36301 ns, Reaching safepoint: 135286 ns, At safepoint: 5208 ns, Total: 140494 ns
[2020-09-11T12:50:05.426+0000][1][safepoint    ] Safepoint "RevokeBias", Time since last: 62857 ns, Reaching safepoint: 134146 ns, At safepoint: 5319 ns, Total: 139465 ns
[2020-09-11T12:50:05.426+0000][1][safepoint    ] Safepoint "RevokeBias", Time since last: 54016 ns, Reaching safepoint: 136304 ns, At safepoint: 5260 ns, Total: 141564 ns
[2020-09-11T12:50:05.426+0000][1][safepoint    ] Safepoint "RevokeBias", Time since last: 63968 ns, Reaching safepoint: 134302 ns, At safepoint: 5395 ns, Total: 139697 ns
[2020-09-11T12:50:05.427+0000][1][safepoint    ] Safepoint "RevokeBias", Time since last: 325667 ns, Reaching safepoint: 138762 ns, At safepoint: 5521 ns, Total: 144283 ns
[2020-09-11T12:50:05.427+0000][1][safepoint    ] Safepoint "RevokeBias", Time since last: 301366 ns, Reaching safepoint: 137587 ns, At safepoint: 14025 ns, Total: 151612 ns
[2020-09-11T12:50:05.428+0000][1][safepoint    ] Safepoint "RevokeBias", Time since last: 849770 ns, Reaching safepoint: 137178 ns, At safepoint: 16060 ns, Total: 153238 ns
[2020-09-11T12:50:05.429+0000][1][safepoint    ] Safepoint "RevokeBias", Time since last: 861113 ns, Reaching safepoint: 133692 ns, At safepoint: 16265 ns, Total: 149957 ns
[2020-09-11T12:50:05.432+0000][1][safepoint    ] Safepoint "RevokeBias", Time since last: 252917 ns, Reaching safepoint: 1988154 ns, At safepoint: 8775 ns, Total: 1996929 ns
[2020-09-11T12:50:05.432+0000][1][safepoint    ] Safepoint "RevokeBias", Time since last: 122213 ns, Reaching safepoint: 130903 ns, At safepoint: 6691 ns, Total: 137594 ns
[2020-09-11T12:50:05.433+0000][1][safepoint    ] Safepoint "BulkRevokeBias", Time since last: 1045416 ns, Reaching safepoint: 134268 ns, At safepoint: 86073 ns, Total: 220341 ns
[2020-09-11T12:50:05.458+0000][1][safepoint    ] Safepoint "RevokeBias", Time since last: 24411352 ns, Reaching safepoint: 309196 ns, At safepoint: 20856 ns, Total: 330052 ns
[2020-09-11T12:50:05.458+0000][1][safepoint    ] Safepoint "RevokeBias", Time since last: 65831 ns, Reaching safepoint: 226611 ns, At safepoint: 17133 ns, Total: 243744 ns
[2020-09-11T12:50:05.462+0000][1][safepoint    ] Safepoint "RevokeBias", Time since last: 3773600 ns, Reaching safepoint: 120409 ns, At safepoint: 9749 ns, Total: 130158 ns
[2020-09-11T12:50:05.463+0000][1][safepoint    ] Safepoint "RevokeBias", Time since last: 432570 ns, Reaching safepoint: 107002 ns, At safepoint: 7540 ns, Total: 114542 ns
[2020-09-11T12:50:05.463+0000][1][safepoint    ] Safepoint "RevokeBias", Time since last: 655251 ns, Reaching safepoint: 100405 ns, At safepoint: 8101 ns, Total: 108506 ns
[2020-09-11T12:50:05.464+0000][1][safepoint    ] Safepoint "RevokeBias", Time since last: 613408 ns, Reaching safepoint: 151561 ns, At safepoint: 7660 ns, Total: 159221 ns
[2020-09-11T12:50:05.475+0000][1][safepoint    ] Safepoint "RevokeBias", Time since last: 8698080 ns, Reaching safepoint: 2634670 ns, At safepoint: 11952 ns, Total: 2646622 ns
[2020-09-11T12:50:05.476+0000][1][safepoint    ] Safepoint "RevokeBias", Time since last: 367061 ns, Reaching safepoint: 176503 ns, At safepoint: 21389 ns, Total: 197892 ns
[2020-09-11T12:50:05.479+0000][1][safepoint    ] Safepoint "RevokeBias", Time since last: 1525145 ns, Reaching safepoint: 1875247 ns, At safepoint: 8180 ns, Total: 1883427 ns
[2020-09-11T12:50:05.480+0000][1][safepoint    ] Safepoint "RevokeBias", Time since last: 127981 ns, Reaching safepoint: 86665 ns, At safepoint: 5980 ns, Total: 92645 ns
[2020-09-11T12:50:05.480+0000][1][safepoint    ] Safepoint "RevokeBias", Time since last: 92061 ns, Reaching safepoint: 98522 ns, At safepoint: 6127 ns, Total: 104649 ns
[2020-09-11T12:50:05.480+0000][1][safepoint    ] Safepoint "RevokeBias", Time since last: 61261 ns, Reaching safepoint: 81859 ns, At safepoint: 5682 ns, Total: 87541 ns
[2020-09-11T12:50:05.489+0000][1][safepoint    ] Safepoint "RevokeBias", Time since last: 7562683 ns, Reaching safepoint: 1090085 ns, At safepoint: 30331 ns, Total: 1120416 ns
[2020-09-11T12:50:05.491+0000][1][safepoint    ] Safepoint "RevokeBias", Time since last: 69506 ns, Reaching safepoint: 2684186 ns, At safepoint: 22033 ns, Total: 2706219 ns
[2020-09-11T12:50:05.492+0000][1][safepoint    ] Safepoint "RevokeBias", Time since last: 71736 ns, Reaching safepoint: 441492 ns, At safepoint: 17353 ns, Total: 458845 ns
[2020-09-11T12:50:05.493+0000][1][safepoint    ] Safepoint "RevokeBias", Time since last: 335133 ns, Reaching safepoint: 247415 ns, At safepoint: 6950 ns, Total: 254365 ns
[2020-09-11T12:50:05.505+0000][1][safepoint    ] Safepoint "RevokeBias", Time since last: 11334841 ns, Reaching safepoint: 793749 ns, At safepoint: 11137 ns, Total: 804886 ns
[2020-09-11T12:50:05.507+0000][1][gc,heap,exit ] Heap
[2020-09-11T12:50:05.508+0000][1][gc,heap,exit ]  par new generation   total 76672K, used 19150K [0x00000000e0000000, 0x00000000e5330000, 0x00000000e5330000)
[2020-09-11T12:50:05.508+0000][1][gc,heap,exit ]   eden space 68160K,  25% used [0x00000000e0000000, 0x00000000e1116a78, 0x00000000e4290000)
[2020-09-11T12:50:05.508+0000][1][gc,heap,exit ]   from space 8512K,  19% used [0x00000000e4ae0000, 0x00000000e4c7d0f0, 0x00000000e5330000)
[2020-09-11T12:50:05.508+0000][1][gc,heap,exit ]   to   space 8512K,   0% used [0x00000000e4290000, 0x00000000e4290000, 0x00000000e4ae0000)
[2020-09-11T12:50:05.508+0000][1][gc,heap,exit ]  concurrent mark-sweep generation total 439104K, used 62808K [0x00000000e5330000, 0x0000000100000000, 0x0000000100000000)
[2020-09-11T12:50:05.508+0000][1][gc,heap,exit ]  Metaspace       used 73171K, capacity 79026K, committed 79196K, reserved 1116160K
[2020-09-11T12:50:05.508+0000][1][gc,heap,exit ]   class space    used 9805K, capacity 12218K, committed 12232K, reserved 1048576K
