[2020-09-12T12:28:08.978+0000][1][gc] Using Concurrent Mark Sweep
[2020-09-12T12:28:08.978+0000][1][gc,heap,coops] Heap address: 0x00000000e0000000, size: 512 MB, Compressed Oops mode: 32-bit
[2020-09-12T12:28:09.073+0000][1][safepoint    ] Safepoint "EnableBiasedLocking", Time since last: 74349145 ns, Reaching safepoint: 5788650 ns, At safepoint: 47625 ns, Total: 5836275 ns
[2020-09-12T12:28:09.081+0000][1][safepoint    ] Safepoint "RevokeBias", Time since last: 8118052 ns, Reaching safepoint: 169107 ns, At safepoint: 34991 ns, Total: 204098 ns
[2020-09-12T12:28:09.112+0000][1][safepoint    ] Safepoint "Deoptimize", Time since last: 30826515 ns, Reaching safepoint: 83910 ns, At safepoint: 24363 ns, Total: 108273 ns
[2020-09-12T12:28:09.469+0000][1][safepoint    ] Safepoint "RevokeBias", Time since last: 356710824 ns, Reaching safepoint: 39837 ns, At safepoint: 38260 ns, Total: 78097 ns
[2020-09-12T12:28:09.472+0000][1][safepoint    ] Safepoint "Deoptimize", Time since last: 2909169 ns, Reaching safepoint: 14253 ns, At safepoint: 30808 ns, Total: 45061 ns
[2020-09-12T12:28:09.474+0000][1][safepoint    ] Safepoint "Deoptimize", Time since last: 2408553 ns, Reaching safepoint: 15682 ns, At safepoint: 30844 ns, Total: 46526 ns
[2020-09-12T12:28:09.564+0000][1][safepoint    ] Safepoint "Deoptimize", Time since last: 89386424 ns, Reaching safepoint: 26895 ns, At safepoint: 49191 ns, Total: 76086 ns
[2020-09-12T12:28:10.412+0000][1][safepoint    ] Safepoint "Deoptimize", Time since last: 848536771 ns, Reaching safepoint: 148465 ns, At safepoint: 60855 ns, Total: 209320 ns
[2020-09-12T12:28:10.483+0000][1][safepoint    ] Safepoint "Deoptimize", Time since last: 70522207 ns, Reaching safepoint: 105135 ns, At safepoint: 67074 ns, Total: 172209 ns
[2020-09-12T12:28:10.523+0000][1][safepoint    ] Safepoint "Deoptimize", Time since last: 39848145 ns, Reaching safepoint: 111905 ns, At safepoint: 75501 ns, Total: 187406 ns
[2020-09-12T12:28:10.685+0000][1][safepoint    ] Safepoint "Deoptimize", Time since last: 161867866 ns, Reaching safepoint: 110218 ns, At safepoint: 72318 ns, Total: 182536 ns
[2020-09-12T12:28:10.840+0000][1][safepoint    ] Safepoint "Deoptimize", Time since last: 155077802 ns, Reaching safepoint: 55074 ns, At safepoint: 86943 ns, Total: 142017 ns
[2020-09-12T12:28:11.157+0000][1][safepoint    ] Safepoint "Deoptimize", Time since last: 316388992 ns, Reaching safepoint: 49983 ns, At safepoint: 98719 ns, Total: 148702 ns
[2020-09-12T12:28:11.330+0000][1][safepoint    ] Safepoint "RevokeBias", Time since last: 168622702 ns, Reaching safepoint: 4679405 ns, At safepoint: 66363 ns, Total: 4745768 ns
[2020-09-12T12:28:11.779+0000][1][safepoint    ] Safepoint "Deoptimize", Time since last: 448495851 ns, Reaching safepoint: 125496 ns, At safepoint: 136902 ns, Total: 262398 ns
[2020-09-12T12:28:11.779+0000][1][safepoint    ] Safepoint "Deoptimize", Time since last: 120742 ns, Reaching safepoint: 84007 ns, At safepoint: 41559 ns, Total: 125566 ns
[2020-09-12T12:28:11.835+0000][1][safepoint    ] Safepoint "Deoptimize", Time since last: 55800508 ns, Reaching safepoint: 35626 ns, At safepoint: 111620 ns, Total: 147246 ns
[2020-09-12T12:28:11.850+0000][1][safepoint    ] Safepoint "Deoptimize", Time since last: 8952514 ns, Reaching safepoint: 5748012 ns, At safepoint: 127272 ns, Total: 5875284 ns
[2020-09-12T12:28:11.901+0000][1][safepoint    ] Safepoint "RevokeBias", Time since last: 50923396 ns, Reaching safepoint: 92133 ns, At safepoint: 23681 ns, Total: 115814 ns
[2020-09-12T12:28:11.901+0000][1][safepoint    ] Safepoint "RevokeBias", Time since last: 88275 ns, Reaching safepoint: 81289 ns, At safepoint: 17835 ns, Total: 99124 ns
[2020-09-12T12:28:11.901+0000][1][safepoint    ] Safepoint "RevokeBias", Time since last: 55273 ns, Reaching safepoint: 79761 ns, At safepoint: 13549 ns, Total: 93310 ns
[2020-09-12T12:28:11.902+0000][1][safepoint    ] Safepoint "RevokeBias", Time since last: 140039 ns, Reaching safepoint: 80288 ns, At safepoint: 14277 ns, Total: 94565 ns
[2020-09-12T12:28:11.909+0000][1][safepoint    ] Safepoint "RevokeBias", Time since last: 695376 ns, Reaching safepoint: 6251092 ns, At safepoint: 20259 ns, Total: 6271351 ns
[2020-09-12T12:28:12.909+0000][1][safepoint    ] Safepoint "Cleanup", Time since last: 1000136946 ns, Reaching safepoint: 90251 ns, At safepoint: 10424 ns, Total: 100675 ns
[2020-09-12T12:28:20.918+0000][1][safepoint    ] Safepoint "Cleanup", Time since last: 8000830840 ns, Reaching safepoint: 8568898 ns, At safepoint: 16883 ns, Total: 8585781 ns
[2020-09-12T12:28:21.922+0000][1][safepoint    ] Safepoint "Cleanup", Time since last: 1003645642 ns, Reaching safepoint: 51404 ns, At safepoint: 9391 ns, Total: 60795 ns
[2020-09-12T12:28:22.299+0000][1][safepoint    ] Safepoint "Deoptimize", Time since last: 374636984 ns, Reaching safepoint: 2127988 ns, At safepoint: 223575 ns, Total: 2351563 ns
[2020-09-12T12:28:22.455+0000][1][safepoint    ] Safepoint "RevokeBias", Time since last: 146233968 ns, Reaching safepoint: 9672499 ns, At safepoint: 95491 ns, Total: 9767990 ns
[2020-09-12T12:28:23.455+0000][1][safepoint    ] Safepoint "Cleanup", Time since last: 1000163987 ns, Reaching safepoint: 51301 ns, At safepoint: 8715 ns, Total: 60016 ns
[2020-09-12T12:28:24.457+0000][1][safepoint    ] Safepoint "Cleanup", Time since last: 1001398621 ns, Reaching safepoint: 53975 ns, At safepoint: 8604 ns, Total: 62579 ns
[2020-09-12T12:28:25.227+0000][1][safepoint    ] Safepoint "RevokeBias", Time since last: 770323673 ns, Reaching safepoint: 42657 ns, At safepoint: 40447 ns, Total: 83104 ns
[2020-09-12T12:28:25.227+0000][1][safepoint    ] Safepoint "RevokeBias", Time since last: 72619 ns, Reaching safepoint: 18163 ns, At safepoint: 24052 ns, Total: 42215 ns
[2020-09-12T12:28:25.227+0000][1][safepoint    ] Safepoint "RevokeBias", Time since last: 119833 ns, Reaching safepoint: 18346 ns, At safepoint: 23640 ns, Total: 41986 ns
[2020-09-12T12:28:25.228+0000][1][safepoint    ] Safepoint "RevokeBias", Time since last: 108476 ns, Reaching safepoint: 19109 ns, At safepoint: 22382 ns, Total: 41491 ns
[2020-09-12T12:28:25.228+0000][1][safepoint    ] Safepoint "RevokeBias", Time since last: 50786 ns, Reaching safepoint: 14681 ns, At safepoint: 20554 ns, Total: 35235 ns
[2020-09-12T12:28:25.228+0000][1][safepoint    ] Safepoint "RevokeBias", Time since last: 51387 ns, Reaching safepoint: 14381 ns, At safepoint: 20563 ns, Total: 34944 ns
[2020-09-12T12:28:25.228+0000][1][safepoint    ] Safepoint "RevokeBias", Time since last: 47063 ns, Reaching safepoint: 13838 ns, At safepoint: 19220 ns, Total: 33058 ns
[2020-09-12T12:28:25.228+0000][1][safepoint    ] Safepoint "RevokeBias", Time since last: 476945 ns, Reaching safepoint: 12176 ns, At safepoint: 20419 ns, Total: 32595 ns
[2020-09-12T12:28:25.229+0000][1][safepoint    ] Safepoint "RevokeBias", Time since last: 378798 ns, Reaching safepoint: 17005 ns, At safepoint: 20384 ns, Total: 37389 ns
[2020-09-12T12:28:25.229+0000][1][safepoint    ] Safepoint "RevokeBias", Time since last: 392375 ns, Reaching safepoint: 15819 ns, At safepoint: 20022 ns, Total: 35841 ns
[2020-09-12T12:28:25.244+0000][1][safepoint    ] Safepoint "RevokeBias", Time since last: 15102187 ns, Reaching safepoint: 143352 ns, At safepoint: 31666 ns, Total: 175018 ns
[2020-09-12T12:28:26.169+0000][1][safepoint    ] Safepoint "RevokeBias", Time since last: 924301728 ns, Reaching safepoint: 31489 ns, At safepoint: 31967 ns, Total: 63456 ns
[2020-09-12T12:28:26.950+0000][1][safepoint    ] Safepoint "RevokeBias", Time since last: 777164996 ns, Reaching safepoint: 3649198 ns, At safepoint: 18174 ns, Total: 3667372 ns
[2020-09-12T12:28:26.952+0000][1][safepoint    ] Safepoint "RevokeBias", Time since last: 89071 ns, Reaching safepoint: 2552941 ns, At safepoint: 16643 ns, Total: 2569584 ns
[2020-09-12T12:28:26.953+0000][1][safepoint    ] Safepoint "RevokeBias", Time since last: 151844 ns, Reaching safepoint: 129693 ns, At safepoint: 6024 ns, Total: 135717 ns
[2020-09-12T12:28:26.973+0000][1][gc,start     ] GC(0) Pause Young (Allocation Failure)
[2020-09-12T12:28:26.977+0000][1][gc,task      ] GC(0) Using 2 workers of 2 for evacuation
[2020-09-12T12:28:27.000+0000][1][gc,age       ] GC(0) Desired survivor size 8716288 bytes, new threshold 6 (max threshold 6)
[2020-09-12T12:28:27.000+0000][1][gc,age       ] GC(0) Age table with threshold 6 (max threshold 6)
[2020-09-12T12:28:27.000+0000][1][gc,age       ] GC(0) - age   1:    8680672 bytes,    8680672 total
[2020-09-12T12:28:27.000+0000][1][gc,heap      ] GC(0) ParNew: 136320K->8531K(153344K)
[2020-09-12T12:28:27.000+0000][1][gc,heap      ] GC(0) CMS: 0K->0K(353920K)
[2020-09-12T12:28:27.000+0000][1][gc,metaspace ] GC(0) Metaspace: 15487K->15487K(1062912K)
[2020-09-12T12:28:27.000+0000][1][gc           ] GC(0) Pause Young (Allocation Failure) 133M->8M(495M) 27.155ms
[2020-09-12T12:28:27.000+0000][1][gc,cpu       ] GC(0) User=0.02s Sys=0.00s Real=0.02s
[2020-09-12T12:28:27.000+0000][1][safepoint    ] Safepoint "GenCollectForAllocation", Time since last: 20506911 ns, Reaching safepoint: 109965 ns, At safepoint: 27222080 ns, Total: 27332045 ns
[2020-09-12T12:28:27.007+0000][1][safepoint    ] Safepoint "RevokeBias", Time since last: 5977246 ns, Reaching safepoint: 293803 ns, At safepoint: 102149 ns, Total: 395952 ns
[2020-09-12T12:28:27.008+0000][1][safepoint    ] Safepoint "RevokeBias", Time since last: 266403 ns, Reaching safepoint: 549611 ns, At safepoint: 61026 ns, Total: 610637 ns
[2020-09-12T12:28:27.009+0000][1][safepoint    ] Safepoint "RevokeBias", Time since last: 981088 ns, Reaching safepoint: 166818 ns, At safepoint: 70839 ns, Total: 237657 ns
[2020-09-12T12:28:27.009+0000][1][safepoint    ] Safepoint "RevokeBias", Time since last: 88558 ns, Reaching safepoint: 58468 ns, At safepoint: 29674 ns, Total: 88142 ns
[2020-09-12T12:28:27.009+0000][1][safepoint    ] Safepoint "RevokeBias", Time since last: 128189 ns, Reaching safepoint: 13483 ns, At safepoint: 26119 ns, Total: 39602 ns
[2020-09-12T12:28:27.010+0000][1][safepoint    ] Safepoint "RevokeBias", Time since last: 133890 ns, Reaching safepoint: 90856 ns, At safepoint: 25942 ns, Total: 116798 ns
[2020-09-12T12:28:27.010+0000][1][safepoint    ] Safepoint "RevokeBias", Time since last: 142774 ns, Reaching safepoint: 89727 ns, At safepoint: 20006 ns, Total: 109733 ns
[2020-09-12T12:28:27.010+0000][1][safepoint    ] Safepoint "RevokeBias", Time since last: 59321 ns, Reaching safepoint: 84783 ns, At safepoint: 17691 ns, Total: 102474 ns
[2020-09-12T12:28:27.010+0000][1][safepoint    ] Safepoint "RevokeBias", Time since last: 64445 ns, Reaching safepoint: 92079 ns, At safepoint: 24305 ns, Total: 116384 ns
[2020-09-12T12:28:27.010+0000][1][safepoint    ] Safepoint "RevokeBias", Time since last: 54686 ns, Reaching safepoint: 91483 ns, At safepoint: 23018 ns, Total: 114501 ns
[2020-09-12T12:28:27.010+0000][1][safepoint    ] Safepoint "RevokeBias", Time since last: 63561 ns, Reaching safepoint: 90190 ns, At safepoint: 18418 ns, Total: 108608 ns
[2020-09-12T12:28:27.011+0000][1][safepoint    ] Safepoint "RevokeBias", Time since last: 62235 ns, Reaching safepoint: 90640 ns, At safepoint: 19309 ns, Total: 109949 ns
[2020-09-12T12:28:27.011+0000][1][safepoint    ] Safepoint "RevokeBias", Time since last: 59692 ns, Reaching safepoint: 91015 ns, At safepoint: 24564 ns, Total: 115579 ns
[2020-09-12T12:28:27.011+0000][1][safepoint    ] Safepoint "RevokeBias", Time since last: 56224 ns, Reaching safepoint: 91101 ns, At safepoint: 30496 ns, Total: 121597 ns
[2020-09-12T12:28:27.011+0000][1][safepoint    ] Safepoint "RevokeBias", Time since last: 49411 ns, Reaching safepoint: 90408 ns, At safepoint: 26586 ns, Total: 116994 ns
[2020-09-12T12:28:27.011+0000][1][safepoint    ] Safepoint "RevokeBias", Time since last: 134068 ns, Reaching safepoint: 91461 ns, At safepoint: 27867 ns, Total: 119328 ns
[2020-09-12T12:28:27.012+0000][1][safepoint    ] Safepoint "RevokeBias", Time since last: 50216 ns, Reaching safepoint: 91957 ns, At safepoint: 31892 ns, Total: 123849 ns
[2020-09-12T12:28:27.012+0000][1][safepoint    ] Safepoint "RevokeBias", Time since last: 125964 ns, Reaching safepoint: 94336 ns, At safepoint: 43000 ns, Total: 137336 ns
[2020-09-12T12:28:27.012+0000][1][safepoint    ] Safepoint "RevokeBias", Time since last: 195447 ns, Reaching safepoint: 110761 ns, At safepoint: 59319 ns, Total: 170080 ns
[2020-09-12T12:28:27.012+0000][1][safepoint    ] Safepoint "RevokeBias", Time since last: 166616 ns, Reaching safepoint: 11769 ns, At safepoint: 33649 ns, Total: 45418 ns
[2020-09-12T12:28:27.013+0000][1][safepoint    ] Safepoint "RevokeBias", Time since last: 264725 ns, Reaching safepoint: 108059 ns, At safepoint: 51410 ns, Total: 159469 ns
[2020-09-12T12:28:27.015+0000][1][safepoint    ] Safepoint "RevokeBias", Time since last: 1934467 ns, Reaching safepoint: 121002 ns, At safepoint: 84253 ns, Total: 205255 ns
[2020-09-12T12:28:27.017+0000][1][safepoint    ] Safepoint "RevokeBias", Time since last: 2294525 ns, Reaching safepoint: 51359 ns, At safepoint: 93830 ns, Total: 145189 ns
[2020-09-12T12:28:27.018+0000][1][safepoint    ] Safepoint "RevokeBias", Time since last: 134820 ns, Reaching safepoint: 16353 ns, At safepoint: 28673 ns, Total: 45026 ns
[2020-09-12T12:28:27.018+0000][1][safepoint    ] Safepoint "RevokeBias", Time since last: 59641 ns, Reaching safepoint: 13896 ns, At safepoint: 47614 ns, Total: 61510 ns
[2020-09-12T12:28:27.018+0000][1][safepoint    ] Safepoint "RevokeBias", Time since last: 40835 ns, Reaching safepoint: 12538 ns, At safepoint: 49776 ns, Total: 62314 ns
[2020-09-12T12:28:27.021+0000][1][safepoint    ] Safepoint "RevokeBias", Time since last: 324754 ns, Reaching safepoint: 3061278 ns, At safepoint: 72181 ns, Total: 3133459 ns
[2020-09-12T12:28:27.022+0000][1][safepoint    ] Safepoint "RevokeBias", Time since last: 93166 ns, Reaching safepoint: 294472 ns, At safepoint: 37025 ns, Total: 331497 ns
[2020-09-12T12:28:27.022+0000][1][safepoint    ] Safepoint "RevokeBias", Time since last: 38612 ns, Reaching safepoint: 93200 ns, At safepoint: 42164 ns, Total: 135364 ns
[2020-09-12T12:28:27.022+0000][1][safepoint    ] Safepoint "RevokeBias", Time since last: 190315 ns, Reaching safepoint: 101956 ns, At safepoint: 30879 ns, Total: 132835 ns
[2020-09-12T12:28:27.022+0000][1][safepoint    ] Safepoint "RevokeBias", Time since last: 41353 ns, Reaching safepoint: 166410 ns, At safepoint: 30685 ns, Total: 197095 ns
[2020-09-12T12:28:27.023+0000][1][safepoint    ] Safepoint "RevokeBias", Time since last: 63301 ns, Reaching safepoint: 96356 ns, At safepoint: 29638 ns, Total: 125994 ns
[2020-09-12T12:28:27.023+0000][1][safepoint    ] Safepoint "RevokeBias", Time since last: 37173 ns, Reaching safepoint: 95885 ns, At safepoint: 27369 ns, Total: 123254 ns
[2020-09-12T12:28:27.023+0000][1][safepoint    ] Safepoint "RevokeBias", Time since last: 39402 ns, Reaching safepoint: 87049 ns, At safepoint: 32618 ns, Total: 119667 ns
[2020-09-12T12:28:27.023+0000][1][safepoint    ] Safepoint "RevokeBias", Time since last: 30869 ns, Reaching safepoint: 99660 ns, At safepoint: 60750 ns, Total: 160410 ns
[2020-09-12T12:28:27.023+0000][1][safepoint    ] Safepoint "BulkRevokeBias", Time since last: 56556 ns, Reaching safepoint: 126899 ns, At safepoint: 68029 ns, Total: 194928 ns
[2020-09-12T12:28:27.024+0000][1][safepoint    ] Safepoint "BulkRevokeBias", Time since last: 30661 ns, Reaching safepoint: 92874 ns, At safepoint: 57588 ns, Total: 150462 ns
[2020-09-12T12:28:27.077+0000][1][safepoint    ] Safepoint "RevokeBias", Time since last: 52797461 ns, Reaching safepoint: 143741 ns, At safepoint: 17425 ns, Total: 161166 ns
[2020-09-12T12:28:27.139+0000][1][safepoint    ] Safepoint "RevokeBias", Time since last: 62462719 ns, Reaching safepoint: 36936 ns, At safepoint: 22124 ns, Total: 59060 ns
[2020-09-12T12:28:27.318+0000][1][safepoint    ] Safepoint "RevokeBias", Time since last: 179236916 ns, Reaching safepoint: 48450 ns, At safepoint: 19042 ns, Total: 67492 ns
[2020-09-12T12:28:27.321+0000][1][safepoint    ] Safepoint "RevokeBias", Time since last: 2456401 ns, Reaching safepoint: 31466 ns, At safepoint: 15032 ns, Total: 46498 ns
[2020-09-12T12:28:27.972+0000][1][safepoint    ] Safepoint "Deoptimize", Time since last: 650863190 ns, Reaching safepoint: 57319 ns, At safepoint: 186343 ns, Total: 243662 ns
[2020-09-12T12:28:28.629+0000][1][safepoint    ] Safepoint "Deoptimize", Time since last: 657064472 ns, Reaching safepoint: 122644 ns, At safepoint: 223245 ns, Total: 345889 ns
[2020-09-12T12:28:28.706+0000][1][safepoint    ] Safepoint "Deoptimize", Time since last: 76773239 ns, Reaching safepoint: 37083 ns, At safepoint: 215003 ns, Total: 252086 ns
[2020-09-12T12:28:29.352+0000][1][safepoint    ] Safepoint "Deoptimize", Time since last: 645541012 ns, Reaching safepoint: 35095 ns, At safepoint: 185856 ns, Total: 220951 ns
[2020-09-12T12:28:29.549+0000][1][safepoint    ] Safepoint "Deoptimize", Time since last: 196529487 ns, Reaching safepoint: 41363 ns, At safepoint: 199434 ns, Total: 240797 ns
[2020-09-12T12:28:29.563+0000][1][safepoint    ] Safepoint "RevokeBias", Time since last: 14107482 ns, Reaching safepoint: 82069 ns, At safepoint: 57607 ns, Total: 139676 ns
[2020-09-12T12:28:29.565+0000][1][safepoint    ] Safepoint "Deoptimize", Time since last: 1087684 ns, Reaching safepoint: 92408 ns, At safepoint: 202286 ns, Total: 294694 ns
[2020-09-12T12:28:30.569+0000][1][safepoint    ] Safepoint "Cleanup", Time since last: 1003972178 ns, Reaching safepoint: 99140 ns, At safepoint: 9286 ns, Total: 108426 ns
[2020-09-12T12:28:31.305+0000][1][gc,start     ] GC(1) Pause Young (Allocation Failure)
[2020-09-12T12:28:31.305+0000][1][gc,task      ] GC(1) Using 2 workers of 2 for evacuation
[2020-09-12T12:28:31.359+0000][1][gc,age       ] GC(1) Desired survivor size 8716288 bytes, new threshold 2 (max threshold 6)
[2020-09-12T12:28:31.359+0000][1][gc,age       ] GC(1) Age table with threshold 2 (max threshold 6)
[2020-09-12T12:28:31.359+0000][1][gc,age       ] GC(1) - age   1:    3613392 bytes,    3613392 total
[2020-09-12T12:28:31.359+0000][1][gc,age       ] GC(1) - age   2:    8570992 bytes,   12184384 total
[2020-09-12T12:28:31.359+0000][1][gc,heap      ] GC(1) ParNew: 144851K->13842K(153344K)
[2020-09-12T12:28:31.359+0000][1][gc,heap      ] GC(1) CMS: 0K->0K(353920K)
[2020-09-12T12:28:31.359+0000][1][gc,metaspace ] GC(1) Metaspace: 20146K->20146K(1067008K)
[2020-09-12T12:28:31.359+0000][1][gc           ] GC(1) Pause Young (Allocation Failure) 141M->13M(495M) 54.233ms
[2020-09-12T12:28:31.359+0000][1][gc,cpu       ] GC(1) User=0.02s Sys=0.00s Real=0.05s
[2020-09-12T12:28:31.359+0000][1][safepoint    ] Safepoint "GenCollectForAllocation", Time since last: 730453955 ns, Reaching safepoint: 5648001 ns, At safepoint: 54290381 ns, Total: 59938382 ns
[2020-09-12T12:28:31.363+0000][1][safepoint    ] Safepoint "RevokeBias", Time since last: 1553497 ns, Reaching safepoint: 1932948 ns, At safepoint: 56488 ns, Total: 1989436 ns
[2020-09-12T12:28:31.365+0000][1][safepoint    ] Safepoint "RevokeBias", Time since last: 744358 ns, Reaching safepoint: 1196525 ns, At safepoint: 51179 ns, Total: 1247704 ns
[2020-09-12T12:28:31.383+0000][1][safepoint    ] Safepoint "RevokeBias", Time since last: 62537 ns, Reaching safepoint: 18298264 ns, At safepoint: 41916 ns, Total: 18340180 ns
[2020-09-12T12:28:31.384+0000][1][safepoint    ] Safepoint "RevokeBias", Time since last: 71460 ns, Reaching safepoint: 939220 ns, At safepoint: 31710 ns, Total: 970930 ns
[2020-09-12T12:28:31.389+0000][1][safepoint    ] Safepoint "RevokeBias", Time since last: 41336 ns, Reaching safepoint: 4666011 ns, At safepoint: 42741 ns, Total: 4708752 ns
[2020-09-12T12:28:31.391+0000][1][safepoint    ] Safepoint "RevokeBias", Time since last: 73404 ns, Reaching safepoint: 2219122 ns, At safepoint: 30743 ns, Total: 2249865 ns
[2020-09-12T12:28:31.392+0000][1][safepoint    ] Safepoint "RevokeBias", Time since last: 51000 ns, Reaching safepoint: 927344 ns, At safepoint: 28159 ns, Total: 955503 ns
[2020-09-12T12:28:31.394+0000][1][safepoint    ] Safepoint "RevokeBias", Time since last: 34367 ns, Reaching safepoint: 1513992 ns, At safepoint: 38330 ns, Total: 1552322 ns
[2020-09-12T12:28:31.397+0000][1][safepoint    ] Safepoint "RevokeBias", Time since last: 59498 ns, Reaching safepoint: 2813269 ns, At safepoint: 39854 ns, Total: 2853123 ns
[2020-09-12T12:28:31.398+0000][1][safepoint    ] Safepoint "RevokeBias", Time since last: 913961 ns, Reaching safepoint: 710734 ns, At safepoint: 69285 ns, Total: 780019 ns
[2020-09-12T12:28:31.399+0000][1][safepoint    ] Safepoint "RevokeBias", Time since last: 81803 ns, Reaching safepoint: 623975 ns, At safepoint: 37120 ns, Total: 661095 ns
[2020-09-12T12:28:31.400+0000][1][safepoint    ] Safepoint "RevokeBias", Time since last: 23537 ns, Reaching safepoint: 801303 ns, At safepoint: 31417 ns, Total: 832720 ns
[2020-09-12T12:28:31.401+0000][1][safepoint    ] Safepoint "RevokeBias", Time since last: 249432 ns, Reaching safepoint: 613902 ns, At safepoint: 33548 ns, Total: 647450 ns
[2020-09-12T12:28:31.424+0000][1][safepoint    ] Safepoint "RevokeBias", Time since last: 23044848 ns, Reaching safepoint: 286431 ns, At safepoint: 28350 ns, Total: 314781 ns
[2020-09-12T12:28:31.424+0000][1][safepoint    ] Safepoint "RevokeBias", Time since last: 84227 ns, Reaching safepoint: 82046 ns, At safepoint: 19835 ns, Total: 101881 ns
[2020-09-12T12:28:31.424+0000][1][safepoint    ] Safepoint "RevokeBias", Time since last: 32754 ns, Reaching safepoint: 79836 ns, At safepoint: 18437 ns, Total: 98273 ns
[2020-09-12T12:28:31.425+0000][1][safepoint    ] Safepoint "RevokeBias", Time since last: 35649 ns, Reaching safepoint: 80051 ns, At safepoint: 18621 ns, Total: 98672 ns
[2020-09-12T12:28:31.425+0000][1][safepoint    ] Safepoint "RevokeBias", Time since last: 30952 ns, Reaching safepoint: 126968 ns, At safepoint: 32448 ns, Total: 159416 ns
[2020-09-12T12:28:31.425+0000][1][safepoint    ] Safepoint "RevokeBias", Time since last: 280611 ns, Reaching safepoint: 88686 ns, At safepoint: 20438 ns, Total: 109124 ns
[2020-09-12T12:28:32.833+0000][1][safepoint    ] Safepoint "Cleanup", Time since last: 1408149851 ns, Reaching safepoint: 53013 ns, At safepoint: 32461 ns, Total: 85474 ns
[2020-09-12T12:28:32.919+0000][1][safepoint    ] Safepoint "CollectForMetadataAllocation", Time since last: 85110358 ns, Reaching safepoint: 136163 ns, At safepoint: 257199 ns, Total: 393362 ns
[2020-09-12T12:28:33.145+0000][1][safepoint    ] Safepoint "CollectForMetadataAllocation", Time since last: 225566620 ns, Reaching safepoint: 117901 ns, At safepoint: 153754 ns, Total: 271655 ns
[2020-09-12T12:28:33.365+0000][1][gc,start     ] GC(2) Pause Initial Mark
[2020-09-12T12:28:33.431+0000][1][gc           ] GC(2) Pause Initial Mark 110M->110M(495M) 66.038ms
[2020-09-12T12:28:33.431+0000][1][gc,cpu       ] GC(2) User=0.04s Sys=0.00s Real=0.07s
[2020-09-12T12:28:33.431+0000][1][safepoint    ] Safepoint "CMS_Initial_Mark", Time since last: 219645127 ns, Reaching safepoint: 447875 ns, At safepoint: 66142235 ns, Total: 66590110 ns
[2020-09-12T12:28:33.436+0000][1][gc           ] GC(2) Concurrent Mark
[2020-09-12T12:28:33.444+0000][1][gc           ] GC(2) Concurrent Mark 7.898ms
[2020-09-12T12:28:33.444+0000][1][gc,cpu       ] GC(2) User=0.01s Sys=0.00s Real=0.01s
[2020-09-12T12:28:33.444+0000][1][gc           ] GC(2) Concurrent Preclean
[2020-09-12T12:28:33.446+0000][1][gc           ] GC(2) Concurrent Preclean 2.127ms
[2020-09-12T12:28:33.446+0000][1][gc,cpu       ] GC(2) User=0.00s Sys=0.00s Real=0.00s
[2020-09-12T12:28:33.446+0000][1][gc           ] GC(2) Concurrent Abortable Preclean
[2020-09-12T12:28:33.895+0000][1][safepoint    ] Safepoint "CollectForMetadataAllocation", Time since last: 461699913 ns, Reaching safepoint: 2508687 ns, At safepoint: 267609 ns, Total: 2776296 ns
[2020-09-12T12:28:33.908+0000][1][safepoint    ] Safepoint "Deoptimize", Time since last: 11990391 ns, Reaching safepoint: 82470 ns, At safepoint: 345784 ns, Total: 428254 ns
[2020-09-12T12:28:33.969+0000][1][safepoint    ] Safepoint "RevokeBias", Time since last: 60803085 ns, Reaching safepoint: 495287 ns, At safepoint: 36440 ns, Total: 531727 ns
[2020-09-12T12:28:34.068+0000][1][safepoint    ] Safepoint "RevokeBias", Time since last: 98228438 ns, Reaching safepoint: 29203 ns, At safepoint: 91389 ns, Total: 120592 ns
[2020-09-12T12:28:34.101+0000][1][safepoint    ] Safepoint "RevokeBias", Time since last: 21976947 ns, Reaching safepoint: 11228978 ns, At safepoint: 98590 ns, Total: 11327568 ns
[2020-09-12T12:28:34.122+0000][1][safepoint    ] Safepoint "RevokeBias", Time since last: 21005050 ns, Reaching safepoint: 58581 ns, At safepoint: 93289 ns, Total: 151870 ns
[2020-09-12T12:28:34.147+0000][1][safepoint    ] Safepoint "RevokeBias", Time since last: 16747893 ns, Reaching safepoint: 7675028 ns, At safepoint: 123968 ns, Total: 7798996 ns
[2020-09-12T12:28:34.205+0000][1][safepoint    ] Safepoint "RevokeBias", Time since last: 52923611 ns, Reaching safepoint: 5252244 ns, At safepoint: 90914 ns, Total: 5343158 ns
[2020-09-12T12:28:34.222+0000][1][safepoint    ] Safepoint "RevokeBias", Time since last: 17152327 ns, Reaching safepoint: 54633 ns, At safepoint: 33902 ns, Total: 88535 ns
[2020-09-12T12:28:34.258+0000][1][safepoint    ] Safepoint "RevokeBias", Time since last: 35409234 ns, Reaching safepoint: 37413 ns, At safepoint: 30153 ns, Total: 67566 ns
[2020-09-12T12:28:34.282+0000][1][safepoint    ] Safepoint "RevokeBias", Time since last: 15898307 ns, Reaching safepoint: 8745208 ns, At safepoint: 37583 ns, Total: 8782791 ns
[2020-09-12T12:28:34.319+0000][1][safepoint    ] Safepoint "Deoptimize", Time since last: 29462857 ns, Reaching safepoint: 6889709 ns, At safepoint: 215706 ns, Total: 7105415 ns
[2020-09-12T12:28:34.355+0000][1][gc,start     ] GC(3) Pause Young (Allocation Failure)
[2020-09-12T12:28:34.355+0000][1][gc,task      ] GC(3) Using 2 workers of 2 for evacuation
[2020-09-12T12:28:34.494+0000][1][gc,age       ] GC(3) Desired survivor size 8716288 bytes, new threshold 6 (max threshold 6)
[2020-09-12T12:28:34.494+0000][1][gc,age       ] GC(3) Age table with threshold 6 (max threshold 6)
[2020-09-12T12:28:34.494+0000][1][gc,age       ] GC(3) - age   1:    2841344 bytes,    2841344 total
[2020-09-12T12:28:34.494+0000][1][gc,age       ] GC(3) - age   2:    2321720 bytes,    5163064 total
[2020-09-12T12:28:34.494+0000][1][gc,heap      ] GC(3) ParNew: 150162K->10066K(153344K)
[2020-09-12T12:28:34.494+0000][1][gc,heap      ] GC(3) CMS: 0K->9079K(353920K)
[2020-09-12T12:28:34.494+0000][1][gc,metaspace ] GC(3) Metaspace: 21149K->21149K(1069056K)
[2020-09-12T12:28:34.494+0000][1][gc           ] GC(3) Pause Young (Allocation Failure) 146M->18M(495M) 138.855ms
[2020-09-12T12:28:34.494+0000][1][gc,cpu       ] GC(3) User=0.05s Sys=0.00s Real=0.14s
[2020-09-12T12:28:34.494+0000][1][safepoint    ] Safepoint "GenCollectForAllocation", Time since last: 32681518 ns, Reaching safepoint: 3702101 ns, At safepoint: 138916648 ns, Total: 142618749 ns
[2020-09-12T12:28:34.525+0000][1][safepoint    ] Safepoint "BulkRevokeBias", Time since last: 29632980 ns, Reaching safepoint: 850559 ns, At safepoint: 134615 ns, Total: 985174 ns
[2020-09-12T12:28:34.554+0000][1][safepoint    ] Safepoint "RevokeBias", Time since last: 11749636 ns, Reaching safepoint: 17071399 ns, At safepoint: 46369 ns, Total: 17117768 ns
[2020-09-12T12:28:34.571+0000][1][safepoint    ] Safepoint "RevokeBias", Time since last: 14290041 ns, Reaching safepoint: 3292680 ns, At safepoint: 48603 ns, Total: 3341283 ns
[2020-09-12T12:28:34.577+0000][1][safepoint    ] Safepoint "RevokeBias", Time since last: 1173845 ns, Reaching safepoint: 4544501 ns, At safepoint: 33714 ns, Total: 4578215 ns
[2020-09-12T12:28:34.578+0000][1][safepoint    ] Safepoint "RevokeBias", Time since last: 877972 ns, Reaching safepoint: 26555 ns, At safepoint: 20226 ns, Total: 46781 ns
[2020-09-12T12:28:34.578+0000][1][safepoint    ] Safepoint "RevokeBias", Time since last: 37372 ns, Reaching safepoint: 18481 ns, At safepoint: 13675 ns, Total: 32156 ns
[2020-09-12T12:28:34.584+0000][1][safepoint    ] Safepoint "RevokeBias", Time since last: 43771 ns, Reaching safepoint: 6121370 ns, At safepoint: 36454 ns, Total: 6157824 ns
[2020-09-12T12:28:34.610+0000][1][safepoint    ] Safepoint "RevokeBias", Time since last: 24718304 ns, Reaching safepoint: 1189058 ns, At safepoint: 37846 ns, Total: 1226904 ns
[2020-09-12T12:28:34.629+0000][1][safepoint    ] Safepoint "RevokeBias", Time since last: 6386600 ns, Reaching safepoint: 12511569 ns, At safepoint: 49677 ns, Total: 12561246 ns
[2020-09-12T12:28:34.631+0000][1][safepoint    ] Safepoint "RevokeBias", Time since last: 243368 ns, Reaching safepoint: 2093488 ns, At safepoint: 47916 ns, Total: 2141404 ns
[2020-09-12T12:28:34.633+0000][1][safepoint    ] Safepoint "RevokeBias", Time since last: 247247 ns, Reaching safepoint: 1000252 ns, At safepoint: 34825 ns, Total: 1035077 ns
[2020-09-12T12:28:34.633+0000][1][safepoint    ] Safepoint "RevokeBias", Time since last: 50907 ns, Reaching safepoint: 97498 ns, At safepoint: 21849 ns, Total: 119347 ns
[2020-09-12T12:28:34.633+0000][1][safepoint    ] Safepoint "RevokeBias", Time since last: 42980 ns, Reaching safepoint: 95257 ns, At safepoint: 27341 ns, Total: 122598 ns
[2020-09-12T12:28:34.633+0000][1][safepoint    ] Safepoint "RevokeBias", Time since last: 35730 ns, Reaching safepoint: 92851 ns, At safepoint: 29100 ns, Total: 121951 ns
[2020-09-12T12:28:34.633+0000][1][safepoint    ] Safepoint "RevokeBias", Time since last: 87314 ns, Reaching safepoint: 98388 ns, At safepoint: 25653 ns, Total: 124041 ns
[2020-09-12T12:28:34.635+0000][1][safepoint    ] Safepoint "RevokeBias", Time since last: 41988 ns, Reaching safepoint: 1144381 ns, At safepoint: 42783 ns, Total: 1187164 ns
[2020-09-12T12:28:34.637+0000][1][safepoint    ] Safepoint "BulkRevokeBias", Time since last: 434908 ns, Reaching safepoint: 1613912 ns, At safepoint: 70089 ns, Total: 1684001 ns
[2020-09-12T12:28:35.156+0000][1][gc           ] GC(2) Concurrent Abortable Preclean 1709.318ms
[2020-09-12T12:28:35.156+0000][1][gc,cpu       ] GC(2) User=0.76s Sys=0.05s Real=1.71s
[2020-09-12T12:28:35.159+0000][1][gc,start     ] GC(2) Pause Remark
[2020-09-12T12:28:35.215+0000][1][gc           ] GC(2) Pause Remark 91M->91M(495M) 56.218ms
[2020-09-12T12:28:35.215+0000][1][gc,cpu       ] GC(2) User=0.03s Sys=0.00s Real=0.06s
[2020-09-12T12:28:35.215+0000][1][safepoint    ] Safepoint "CMS_Final_Remark", Time since last: 518978187 ns, Reaching safepoint: 3256500 ns, At safepoint: 56326043 ns, Total: 59582543 ns
[2020-09-12T12:28:35.224+0000][1][gc           ] GC(2) Concurrent Sweep
[2020-09-12T12:28:35.229+0000][1][gc           ] GC(2) Concurrent Sweep 4.845ms
[2020-09-12T12:28:35.229+0000][1][gc,cpu       ] GC(2) User=0.00s Sys=0.00s Real=0.01s
[2020-09-12T12:28:35.229+0000][1][gc           ] GC(2) Concurrent Reset
[2020-09-12T12:28:35.240+0000][1][gc           ] GC(2) Concurrent Reset 10.692ms
[2020-09-12T12:28:35.240+0000][1][gc,cpu       ] GC(2) User=0.00s Sys=0.00s Real=0.00s
[2020-09-12T12:28:35.240+0000][1][gc,heap      ] GC(2) Old: 0K->9079K(353920K)
[2020-09-12T12:28:35.742+0000][1][gc,start     ] GC(4) Pause Young (Allocation Failure)
[2020-09-12T12:28:35.742+0000][1][gc,task      ] GC(4) Using 2 workers of 2 for evacuation
[2020-09-12T12:28:35.758+0000][1][gc,age       ] GC(4) Desired survivor size 8716288 bytes, new threshold 6 (max threshold 6)
[2020-09-12T12:28:35.759+0000][1][gc,age       ] GC(4) Age table with threshold 6 (max threshold 6)
[2020-09-12T12:28:35.759+0000][1][gc,age       ] GC(4) - age   1:    2382368 bytes,    2382368 total
[2020-09-12T12:28:35.759+0000][1][gc,age       ] GC(4) - age   2:    2813872 bytes,    5196240 total
[2020-09-12T12:28:35.759+0000][1][gc,age       ] GC(4) - age   3:    2311176 bytes,    7507416 total
[2020-09-12T12:28:35.759+0000][1][gc,heap      ] GC(4) ParNew: 146386K->11018K(153344K)
[2020-09-12T12:28:35.759+0000][1][gc,heap      ] GC(4) CMS: 9079K->9079K(353920K)
[2020-09-12T12:28:35.759+0000][1][gc,metaspace ] GC(4) Metaspace: 21297K->21297K(1069056K)
[2020-09-12T12:28:35.759+0000][1][gc           ] GC(4) Pause Young (Allocation Failure) 151M->19M(495M) 16.971ms
[2020-09-12T12:28:35.759+0000][1][gc,cpu       ] GC(4) User=0.02s Sys=0.00s Real=0.01s
[2020-09-12T12:28:35.759+0000][1][safepoint    ] Safepoint "GenCollectForAllocation", Time since last: 525958033 ns, Reaching safepoint: 332740 ns, At safepoint: 17020436 ns, Total: 17353176 ns
[2020-09-12T12:28:35.777+0000][1][safepoint    ] Safepoint "RevokeBias", Time since last: 18096907 ns, Reaching safepoint: 100635 ns, At safepoint: 33865 ns, Total: 134500 ns
[2020-09-12T12:28:35.777+0000][1][safepoint    ] Safepoint "RevokeBias", Time since last: 74003 ns, Reaching safepoint: 80666 ns, At safepoint: 18828 ns, Total: 99494 ns
[2020-09-12T12:28:35.777+0000][1][safepoint    ] Safepoint "RevokeBias", Time since last: 41417 ns, Reaching safepoint: 79479 ns, At safepoint: 17855 ns, Total: 97334 ns
[2020-09-12T12:28:35.777+0000][1][safepoint    ] Safepoint "RevokeBias", Time since last: 26814 ns, Reaching safepoint: 79158 ns, At safepoint: 21142 ns, Total: 100300 ns
[2020-09-12T12:28:35.778+0000][1][safepoint    ] Safepoint "RevokeBias", Time since last: 32002 ns, Reaching safepoint: 679818 ns, At safepoint: 33728 ns, Total: 713546 ns
[2020-09-12T12:28:35.778+0000][1][safepoint    ] Safepoint "RevokeBias", Time since last: 31949 ns, Reaching safepoint: 79488 ns, At safepoint: 17601 ns, Total: 97089 ns
[2020-09-12T12:28:36.779+0000][1][safepoint    ] Safepoint "Cleanup", Time since last: 1001049507 ns, Reaching safepoint: 62121 ns, At safepoint: 9986 ns, Total: 72107 ns
[2020-09-12T12:28:37.173+0000][1][gc,start     ] GC(5) Pause Young (Allocation Failure)
[2020-09-12T12:28:37.173+0000][1][gc,task      ] GC(5) Using 2 workers of 2 for evacuation
[2020-09-12T12:28:37.209+0000][1][gc,age       ] GC(5) Desired survivor size 8716288 bytes, new threshold 6 (max threshold 6)
[2020-09-12T12:28:37.209+0000][1][gc,age       ] GC(5) Age table with threshold 6 (max threshold 6)
[2020-09-12T12:28:37.209+0000][1][gc,age       ] GC(5) - age   1:    2007200 bytes,    2007200 total
[2020-09-12T12:28:37.209+0000][1][gc,age       ] GC(5) - age   2:     512848 bytes,    2520048 total
[2020-09-12T12:28:37.209+0000][1][gc,age       ] GC(5) - age   3:    2807472 bytes,    5327520 total
[2020-09-12T12:28:37.209+0000][1][gc,age       ] GC(5) - age   4:    2310728 bytes,    7638248 total
[2020-09-12T12:28:37.209+0000][1][gc,heap      ] GC(5) ParNew: 147338K->9900K(153344K)
[2020-09-12T12:28:37.209+0000][1][gc,heap      ] GC(5) CMS: 9079K->9079K(353920K)
[2020-09-12T12:28:37.209+0000][1][gc,metaspace ] GC(5) Metaspace: 21702K->21702K(1069056K)
[2020-09-12T12:28:37.209+0000][1][gc           ] GC(5) Pause Young (Allocation Failure) 152M->18M(495M) 36.315ms
[2020-09-12T12:28:37.209+0000][1][gc,cpu       ] GC(5) User=0.01s Sys=0.00s Real=0.04s
[2020-09-12T12:28:37.209+0000][1][safepoint    ] Safepoint "GenCollectForAllocation", Time since last: 392210238 ns, Reaching safepoint: 978895 ns, At safepoint: 36365960 ns, Total: 37344855 ns
[2020-09-12T12:28:37.211+0000][1][safepoint    ] Safepoint "RevokeBias", Time since last: 1065601 ns, Reaching safepoint: 857654 ns, At safepoint: 50443 ns, Total: 908097 ns
[2020-09-12T12:28:37.212+0000][1][safepoint    ] Safepoint "RevokeBias", Time since last: 61009 ns, Reaching safepoint: 732354 ns, At safepoint: 32833 ns, Total: 765187 ns
[2020-09-12T12:28:37.212+0000][1][safepoint    ] Safepoint "RevokeBias", Time since last: 64787 ns, Reaching safepoint: 264856 ns, At safepoint: 22785 ns, Total: 287641 ns
[2020-09-12T12:28:37.213+0000][1][safepoint    ] Safepoint "RevokeBias", Time since last: 35090 ns, Reaching safepoint: 795599 ns, At safepoint: 46180 ns, Total: 841779 ns
[2020-09-12T12:28:37.214+0000][1][safepoint    ] Safepoint "BulkRevokeBias", Time since last: 71486 ns, Reaching safepoint: 1113409 ns, At safepoint: 87684 ns, Total: 1201093 ns
[2020-09-12T12:28:37.215+0000][1][safepoint    ] Safepoint "BulkRevokeBias", Time since last: 79802 ns, Reaching safepoint: 696522 ns, At safepoint: 56258 ns, Total: 752780 ns
[2020-09-12T12:28:38.232+0000][1][safepoint    ] Safepoint "Cleanup", Time since last: 1013678282 ns, Reaching safepoint: 3248143 ns, At safepoint: 14585 ns, Total: 3262728 ns
[2020-09-12T12:28:38.486+0000][1][gc,start     ] GC(6) Pause Young (Allocation Failure)
[2020-09-12T12:28:38.486+0000][1][gc,task      ] GC(6) Using 2 workers of 2 for evacuation
[2020-09-12T12:28:38.512+0000][1][gc,age       ] GC(6) Desired survivor size 8716288 bytes, new threshold 6 (max threshold 6)
[2020-09-12T12:28:38.512+0000][1][gc,age       ] GC(6) Age table with threshold 6 (max threshold 6)
[2020-09-12T12:28:38.512+0000][1][gc,age       ] GC(6) - age   1:    1647120 bytes,    1647120 total
[2020-09-12T12:28:38.512+0000][1][gc,age       ] GC(6) - age   2:    1315176 bytes,    2962296 total
[2020-09-12T12:28:38.512+0000][1][gc,age       ] GC(6) - age   3:     512848 bytes,    3475144 total
[2020-09-12T12:28:38.512+0000][1][gc,age       ] GC(6) - age   4:    2805032 bytes,    6280176 total
[2020-09-12T12:28:38.512+0000][1][gc,age       ] GC(6) - age   5:    2309768 bytes,    8589944 total
[2020-09-12T12:28:38.512+0000][1][gc,heap      ] GC(6) ParNew: 146220K->10866K(153344K)
[2020-09-12T12:28:38.512+0000][1][gc,heap      ] GC(6) CMS: 9079K->9079K(353920K)
[2020-09-12T12:28:38.512+0000][1][gc,metaspace ] GC(6) Metaspace: 22637K->22637K(1071104K)
[2020-09-12T12:28:38.512+0000][1][gc           ] GC(6) Pause Young (Allocation Failure) 151M->19M(495M) 26.195ms
[2020-09-12T12:28:38.512+0000][1][gc,cpu       ] GC(6) User=0.02s Sys=0.00s Real=0.03s
[2020-09-12T12:28:38.512+0000][1][safepoint    ] Safepoint "GenCollectForAllocation", Time since last: 252376632 ns, Reaching safepoint: 1511346 ns, At safepoint: 26244554 ns, Total: 27755900 ns
[2020-09-12T12:28:38.959+0000][1][safepoint    ] Safepoint "RevokeBias", Time since last: 444737057 ns, Reaching safepoint: 2018903 ns, At safepoint: 49347 ns, Total: 2068250 ns
[2020-09-12T12:28:38.959+0000][1][safepoint    ] Safepoint "RevokeBias", Time since last: 104008 ns, Reaching safepoint: 71052 ns, At safepoint: 8630 ns, Total: 79682 ns
[2020-09-12T12:28:39.465+0000][1][gc,start     ] GC(7) Pause Young (Allocation Failure)
[2020-09-12T12:28:39.465+0000][1][gc,task      ] GC(7) Using 2 workers of 2 for evacuation
[2020-09-12T12:28:39.511+0000][1][gc,age       ] GC(7) Desired survivor size 8716288 bytes, new threshold 6 (max threshold 6)
[2020-09-12T12:28:39.511+0000][1][gc,age       ] GC(7) Age table with threshold 6 (max threshold 6)
[2020-09-12T12:28:39.511+0000][1][gc,age       ] GC(7) - age   1:    1111144 bytes,    1111144 total
[2020-09-12T12:28:39.511+0000][1][gc,age       ] GC(7) - age   2:     756272 bytes,    1867416 total
[2020-09-12T12:28:39.511+0000][1][gc,age       ] GC(7) - age   3:    1315152 bytes,    3182568 total
[2020-09-12T12:28:39.511+0000][1][gc,age       ] GC(7) - age   4:     511984 bytes,    3694552 total
[2020-09-12T12:28:39.511+0000][1][gc,age       ] GC(7) - age   5:    2804776 bytes,    6499328 total
[2020-09-12T12:28:39.511+0000][1][gc,age       ] GC(7) - age   6:    2309640 bytes,    8808968 total
[2020-09-12T12:28:39.511+0000][1][gc,heap      ] GC(7) ParNew: 147186K->12153K(153344K)
[2020-09-12T12:28:39.511+0000][1][gc,heap      ] GC(7) CMS: 9079K->9079K(353920K)
[2020-09-12T12:28:39.511+0000][1][gc,metaspace ] GC(7) Metaspace: 22818K->22818K(1071104K)
[2020-09-12T12:28:39.511+0000][1][gc           ] GC(7) Pause Young (Allocation Failure) 152M->20M(495M) 45.801ms
[2020-09-12T12:28:39.511+0000][1][gc,cpu       ] GC(7) User=0.02s Sys=0.00s Real=0.05s
[2020-09-12T12:28:39.511+0000][1][safepoint    ] Safepoint "GenCollectForAllocation", Time since last: 506318082 ns, Reaching safepoint: 32336 ns, At safepoint: 45850772 ns, Total: 45883108 ns
[2020-09-12T12:28:40.493+0000][1][gc,start     ] GC(8) Pause Young (Allocation Failure)
[2020-09-12T12:28:40.493+0000][1][gc,task      ] GC(8) Using 2 workers of 2 for evacuation
[2020-09-12T12:28:40.560+0000][1][gc,age       ] GC(8) Desired survivor size 8716288 bytes, new threshold 6 (max threshold 6)
[2020-09-12T12:28:40.560+0000][1][gc,age       ] GC(8) Age table with threshold 6 (max threshold 6)
[2020-09-12T12:28:40.560+0000][1][gc,age       ] GC(8) - age   1:    1060656 bytes,    1060656 total
[2020-09-12T12:28:40.560+0000][1][gc,age       ] GC(8) - age   2:     414416 bytes,    1475072 total
[2020-09-12T12:28:40.560+0000][1][gc,age       ] GC(8) - age   3:     756072 bytes,    2231144 total
[2020-09-12T12:28:40.560+0000][1][gc,age       ] GC(8) - age   4:    1315152 bytes,    3546296 total
[2020-09-12T12:28:40.560+0000][1][gc,age       ] GC(8) - age   5:     511984 bytes,    4058280 total
[2020-09-12T12:28:40.560+0000][1][gc,age       ] GC(8) - age   6:    2804648 bytes,    6862928 total
[2020-09-12T12:28:40.560+0000][1][gc,heap      ] GC(8) ParNew: 148473K->8477K(153344K)
[2020-09-12T12:28:40.560+0000][1][gc,heap      ] GC(8) CMS: 9079K->11364K(353920K)
[2020-09-12T12:28:40.560+0000][1][gc,metaspace ] GC(8) Metaspace: 22929K->22929K(1071104K)
[2020-09-12T12:28:40.560+0000][1][gc           ] GC(8) Pause Young (Allocation Failure) 153M->19M(495M) 67.158ms
[2020-09-12T12:28:40.560+0000][1][gc,cpu       ] GC(8) User=0.02s Sys=0.00s Real=0.06s
[2020-09-12T12:28:40.560+0000][1][safepoint    ] Safepoint "GenCollectForAllocation", Time since last: 976741317 ns, Reaching safepoint: 4727712 ns, At safepoint: 67213085 ns, Total: 71940797 ns
[2020-09-12T12:28:40.729+0000][1][safepoint    ] Safepoint "Deoptimize", Time since last: 164754227 ns, Reaching safepoint: 4023303 ns, At safepoint: 237132 ns, Total: 4260435 ns
[2020-09-12T12:28:41.744+0000][1][safepoint    ] Safepoint "Cleanup", Time since last: 1000123475 ns, Reaching safepoint: 15213845 ns, At safepoint: 17874 ns, Total: 15231719 ns
[2020-09-12T12:28:42.188+0000][1][safepoint    ] Safepoint "RevokeBias", Time since last: 443045815 ns, Reaching safepoint: 514549 ns, At safepoint: 24149 ns, Total: 538698 ns
[2020-09-12T12:28:42.190+0000][1][safepoint    ] Safepoint "RevokeBias", Time since last: 79943 ns, Reaching safepoint: 2358313 ns, At safepoint: 24231 ns, Total: 2382544 ns
[2020-09-12T12:28:43.191+0000][1][safepoint    ] Safepoint "Cleanup", Time since last: 1000124195 ns, Reaching safepoint: 136845 ns, At safepoint: 9251 ns, Total: 146096 ns
[2020-09-12T12:28:44.191+0000][1][safepoint    ] Safepoint "Cleanup", Time since last: 1000112700 ns, Reaching safepoint: 69717 ns, At safepoint: 12437 ns, Total: 82154 ns
[2020-09-12T12:28:44.567+0000][1][safepoint    ] Safepoint "Deoptimize", Time since last: 375782989 ns, Reaching safepoint: 46558 ns, At safepoint: 247370 ns, Total: 293928 ns
[2020-09-12T12:28:45.569+0000][1][safepoint    ] Safepoint "Cleanup", Time since last: 1000114377 ns, Reaching safepoint: 1820532 ns, At safepoint: 18677 ns, Total: 1839209 ns
[2020-09-12T12:28:46.571+0000][1][safepoint    ] Safepoint "Cleanup", Time since last: 1001868488 ns, Reaching safepoint: 189217 ns, At safepoint: 7776 ns, Total: 196993 ns
[2020-09-12T12:28:47.571+0000][1][safepoint    ] Safepoint "Cleanup", Time since last: 1000118923 ns, Reaching safepoint: 298866 ns, At safepoint: 9639 ns, Total: 308505 ns
[2020-09-12T12:28:48.580+0000][1][safepoint    ] Safepoint "Cleanup", Time since last: 1000132995 ns, Reaching safepoint: 8931786 ns, At safepoint: 12373 ns, Total: 8944159 ns
[2020-09-12T12:28:49.582+0000][1][safepoint    ] Safepoint "Cleanup", Time since last: 1001589673 ns, Reaching safepoint: 123063 ns, At safepoint: 10383 ns, Total: 133446 ns
[2020-09-12T12:28:50.405+0000][1][gc,start     ] GC(9) Pause Young (Allocation Failure)
[2020-09-12T12:28:50.405+0000][1][gc,task      ] GC(9) Using 2 workers of 2 for evacuation
[2020-09-12T12:28:50.640+0000][1][gc,age       ] GC(9) Desired survivor size 8716288 bytes, new threshold 1 (max threshold 6)
[2020-09-12T12:28:50.640+0000][1][gc,age       ] GC(9) Age table with threshold 1 (max threshold 6)
[2020-09-12T12:28:50.640+0000][1][gc,age       ] GC(9) - age   1:   13314824 bytes,   13314824 total
[2020-09-12T12:28:50.640+0000][1][gc,age       ] GC(9) - age   2:     299080 bytes,   13613904 total
[2020-09-12T12:28:50.640+0000][1][gc,age       ] GC(9) - age   3:     411488 bytes,   14025392 total
[2020-09-12T12:28:50.640+0000][1][gc,age       ] GC(9) - age   4:     754392 bytes,   14779784 total
[2020-09-12T12:28:50.640+0000][1][gc,age       ] GC(9) - age   5:    1307920 bytes,   16087704 total
[2020-09-12T12:28:50.640+0000][1][gc,age       ] GC(9) - age   6:     500704 bytes,   16588408 total
[2020-09-12T12:28:50.640+0000][1][gc,heap      ] GC(9) ParNew: 144797K->17024K(153344K)
[2020-09-12T12:28:50.640+0000][1][gc,heap      ] GC(9) CMS: 11364K->14431K(353920K)
[2020-09-12T12:28:50.640+0000][1][gc,metaspace ] GC(9) Metaspace: 29911K->29911K(1077248K)
[2020-09-12T12:28:50.640+0000][1][gc           ] GC(9) Pause Young (Allocation Failure) 152M->30M(495M) 235.029ms
[2020-09-12T12:28:50.640+0000][1][gc,cpu       ] GC(9) User=0.08s Sys=0.00s Real=0.23s
[2020-09-12T12:28:50.640+0000][1][safepoint    ] Safepoint "GenCollectForAllocation", Time since last: 822976880 ns, Reaching safepoint: 118897 ns, At safepoint: 235094088 ns, Total: 235212985 ns
[2020-09-12T12:28:51.652+0000][1][safepoint    ] Safepoint "Cleanup", Time since last: 1000099109 ns, Reaching safepoint: 11620106 ns, At safepoint: 11605 ns, Total: 11631711 ns
[2020-09-12T12:28:52.653+0000][1][safepoint    ] Safepoint "Cleanup", Time since last: 1000120426 ns, Reaching safepoint: 1248140 ns, At safepoint: 12175 ns, Total: 1260315 ns
[2020-09-12T12:28:53.655+0000][1][safepoint    ] Safepoint "Cleanup", Time since last: 1000120270 ns, Reaching safepoint: 1831246 ns, At safepoint: 16651 ns, Total: 1847897 ns
[2020-09-12T12:28:55.668+0000][1][safepoint    ] Safepoint "Cleanup", Time since last: 2007639488 ns, Reaching safepoint: 4653833 ns, At safepoint: 17263 ns, Total: 4671096 ns
[2020-09-12T12:28:56.065+0000][1][safepoint    ] Safepoint "RevokeBias", Time since last: 397072094 ns, Reaching safepoint: 40312 ns, At safepoint: 38848 ns, Total: 79160 ns
[2020-09-12T12:28:57.074+0000][1][safepoint    ] Safepoint "Cleanup", Time since last: 1008246091 ns, Reaching safepoint: 384539 ns, At safepoint: 12576 ns, Total: 397115 ns
[2020-09-12T12:28:57.306+0000][1][gc,start     ] GC(10) Pause Young (Allocation Failure)
[2020-09-12T12:28:57.306+0000][1][gc,task      ] GC(10) Using 2 workers of 2 for evacuation
[2020-09-12T12:28:57.682+0000][1][gc,age       ] GC(10) Desired survivor size 8716288 bytes, new threshold 1 (max threshold 6)
[2020-09-12T12:28:57.682+0000][1][gc,age       ] GC(10) Age table with threshold 1 (max threshold 6)
[2020-09-12T12:28:57.682+0000][1][gc,age       ] GC(10) - age   1:   14605736 bytes,   14605736 total
[2020-09-12T12:28:57.682+0000][1][gc,heap      ] GC(10) ParNew: 153344K->17024K(153344K)
[2020-09-12T12:28:57.682+0000][1][gc,heap      ] GC(10) CMS: 14431K->32142K(353920K)
[2020-09-12T12:28:57.682+0000][1][gc,metaspace ] GC(10) Metaspace: 32150K->32150K(1079296K)
[2020-09-12T12:28:57.682+0000][1][gc           ] GC(10) Pause Young (Allocation Failure) 163M->48M(495M) 375.657ms
[2020-09-12T12:28:57.682+0000][1][gc,cpu       ] GC(10) User=0.17s Sys=0.00s Real=0.38s
[2020-09-12T12:28:57.682+0000][1][safepoint    ] Safepoint "GenCollectForAllocation", Time since last: 232669818 ns, Reaching safepoint: 47822 ns, At safepoint: 375711530 ns, Total: 375759352 ns
[2020-09-12T12:28:58.446+0000][1][safepoint    ] Safepoint "Deoptimize", Time since last: 763625125 ns, Reaching safepoint: 338898 ns, At safepoint: 281571 ns, Total: 620469 ns
[2020-09-12T12:28:59.450+0000][1][safepoint    ] Safepoint "Cleanup", Time since last: 1003457029 ns, Reaching safepoint: 128166 ns, At safepoint: 8971 ns, Total: 137137 ns
[2020-09-12T12:29:00.201+0000][1][safepoint    ] Safepoint "RevokeBias", Time since last: 750638598 ns, Reaching safepoint: 36716 ns, At safepoint: 27441 ns, Total: 64157 ns
[2020-09-12T12:29:00.211+0000][1][safepoint    ] Safepoint "Deoptimize", Time since last: 9754322 ns, Reaching safepoint: 30825 ns, At safepoint: 308467 ns, Total: 339292 ns
[2020-09-12T12:29:01.211+0000][1][safepoint    ] Safepoint "Cleanup", Time since last: 1000124030 ns, Reaching safepoint: 127194 ns, At safepoint: 10736 ns, Total: 137930 ns
[2020-09-12T12:29:01.867+0000][1][gc,start     ] GC(11) Pause Young (Allocation Failure)
[2020-09-12T12:29:01.867+0000][1][gc,task      ] GC(11) Using 2 workers of 2 for evacuation
[2020-09-12T12:29:02.016+0000][1][gc,age       ] GC(11) Desired survivor size 8716288 bytes, new threshold 6 (max threshold 6)
[2020-09-12T12:29:02.016+0000][1][gc,age       ] GC(11) Age table with threshold 6 (max threshold 6)
[2020-09-12T12:29:02.016+0000][1][gc,age       ] GC(11) - age   1:     689728 bytes,     689728 total
[2020-09-12T12:29:02.016+0000][1][gc,heap      ] GC(11) ParNew: 153344K->14181K(153344K)
[2020-09-12T12:29:02.016+0000][1][gc,heap      ] GC(11) CMS: 32142K->46712K(353920K)
[2020-09-12T12:29:02.016+0000][1][gc,metaspace ] GC(11) Metaspace: 32461K->32461K(1079296K)
[2020-09-12T12:29:02.016+0000][1][gc           ] GC(11) Pause Young (Allocation Failure) 181M->59M(495M) 148.613ms
[2020-09-12T12:29:02.016+0000][1][gc,cpu       ] GC(11) User=0.07s Sys=0.00s Real=0.15s
[2020-09-12T12:29:02.016+0000][1][safepoint    ] Safepoint "GenCollectForAllocation", Time since last: 653846689 ns, Reaching safepoint: 2683436 ns, At safepoint: 148668799 ns, Total: 151352235 ns
[2020-09-12T12:29:03.033+0000][1][safepoint    ] Safepoint "Cleanup", Time since last: 1000154431 ns, Reaching safepoint: 16508435 ns, At safepoint: 10129 ns, Total: 16518564 ns
[2020-09-12T12:29:03.474+0000][1][gc,start     ] GC(12) Pause Young (Allocation Failure)
[2020-09-12T12:29:03.474+0000][1][gc,task      ] GC(12) Using 2 workers of 2 for evacuation
[2020-09-12T12:29:03.485+0000][1][gc,age       ] GC(12) Desired survivor size 8716288 bytes, new threshold 6 (max threshold 6)
[2020-09-12T12:29:03.485+0000][1][gc,age       ] GC(12) Age table with threshold 6 (max threshold 6)
[2020-09-12T12:29:03.489+0000][1][gc,age       ] GC(12) - age   1:        256 bytes,        256 total
[2020-09-12T12:29:03.489+0000][1][gc,age       ] GC(12) - age   2:     689440 bytes,     689696 total
[2020-09-12T12:29:03.489+0000][1][gc,heap      ] GC(12) ParNew: 150501K->3671K(153344K)
[2020-09-12T12:29:03.489+0000][1][gc,heap      ] GC(12) CMS: 46712K->46712K(353920K)
[2020-09-12T12:29:03.489+0000][1][gc,metaspace ] GC(12) Metaspace: 32475K->32475K(1079296K)
[2020-09-12T12:29:03.489+0000][1][gc           ] GC(12) Pause Young (Allocation Failure) 192M->49M(495M) 14.739ms
[2020-09-12T12:29:03.489+0000][1][gc,cpu       ] GC(12) User=0.01s Sys=0.00s Real=0.02s
[2020-09-12T12:29:03.489+0000][1][safepoint    ] Safepoint "GenCollectForAllocation", Time since last: 441287429 ns, Reaching safepoint: 113765 ns, At safepoint: 14797067 ns, Total: 14910832 ns
[2020-09-12T12:29:04.073+0000][1][gc,start     ] GC(13) Pause Young (Allocation Failure)
[2020-09-12T12:29:04.073+0000][1][gc,task      ] GC(13) Using 2 workers of 2 for evacuation
[2020-09-12T12:29:04.089+0000][1][gc,age       ] GC(13) Desired survivor size 8716288 bytes, new threshold 6 (max threshold 6)
[2020-09-12T12:29:04.089+0000][1][gc,age       ] GC(13) Age table with threshold 6 (max threshold 6)
[2020-09-12T12:29:04.089+0000][1][gc,age       ] GC(13) - age   1:         48 bytes,         48 total
[2020-09-12T12:29:04.089+0000][1][gc,age       ] GC(13) - age   2:         56 bytes,        104 total
[2020-09-12T12:29:04.089+0000][1][gc,age       ] GC(13) - age   3:     689440 bytes,     689544 total
[2020-09-12T12:29:04.089+0000][1][gc,heap      ] GC(13) ParNew: 139991K->1044K(153344K)
[2020-09-12T12:29:04.089+0000][1][gc,heap      ] GC(13) CMS: 46712K->46712K(353920K)
[2020-09-12T12:29:04.089+0000][1][gc,metaspace ] GC(13) Metaspace: 32475K->32475K(1079296K)
[2020-09-12T12:29:04.089+0000][1][gc           ] GC(13) Pause Young (Allocation Failure) 182M->46M(495M) 16.232ms
[2020-09-12T12:29:04.089+0000][1][gc,cpu       ] GC(13) User=0.01s Sys=0.00s Real=0.02s
[2020-09-12T12:29:04.089+0000][1][safepoint    ] Safepoint "GenCollectForAllocation", Time since last: 580864469 ns, Reaching safepoint: 2971450 ns, At safepoint: 16283932 ns, Total: 19255382 ns
[2020-09-12T12:29:04.344+0000][1][gc,start     ] GC(14) Pause Young (Allocation Failure)
[2020-09-12T12:29:04.344+0000][1][gc,task      ] GC(14) Using 2 workers of 2 for evacuation
[2020-09-12T12:29:04.346+0000][1][gc,age       ] GC(14) Desired survivor size 8716288 bytes, new threshold 6 (max threshold 6)
[2020-09-12T12:29:04.346+0000][1][gc,age       ] GC(14) Age table with threshold 6 (max threshold 6)
[2020-09-12T12:29:04.346+0000][1][gc,age       ] GC(14) - age   1:         96 bytes,         96 total
[2020-09-12T12:29:04.346+0000][1][gc,age       ] GC(14) - age   3:         56 bytes,        152 total
[2020-09-12T12:29:04.346+0000][1][gc,age       ] GC(14) - age   4:     722224 bytes,     722376 total
[2020-09-12T12:29:04.346+0000][1][gc,heap      ] GC(14) ParNew: 137364K->1149K(153344K)
[2020-09-12T12:29:04.346+0000][1][gc,heap      ] GC(14) CMS: 46712K->46712K(353920K)
[2020-09-12T12:29:04.346+0000][1][gc,metaspace ] GC(14) Metaspace: 32475K->32475K(1079296K)
[2020-09-12T12:29:04.346+0000][1][gc           ] GC(14) Pause Young (Allocation Failure) 179M->46M(495M) 1.982ms
[2020-09-12T12:29:04.346+0000][1][gc,cpu       ] GC(14) User=0.00s Sys=0.00s Real=0.00s
[2020-09-12T12:29:04.346+0000][1][safepoint    ] Safepoint "GenCollectForAllocation", Time since last: 253357595 ns, Reaching safepoint: 1368290 ns, At safepoint: 2030480 ns, Total: 3398770 ns
[2020-09-12T12:29:04.537+0000][1][gc,start     ] GC(15) Pause Young (Allocation Failure)
[2020-09-12T12:29:04.537+0000][1][gc,task      ] GC(15) Using 2 workers of 2 for evacuation
[2020-09-12T12:29:04.539+0000][1][gc,age       ] GC(15) Desired survivor size 8716288 bytes, new threshold 6 (max threshold 6)
[2020-09-12T12:29:04.539+0000][1][gc,age       ] GC(15) Age table with threshold 6 (max threshold 6)
[2020-09-12T12:29:04.539+0000][1][gc,age       ] GC(15) - age   1:        240 bytes,        240 total
[2020-09-12T12:29:04.539+0000][1][gc,age       ] GC(15) - age   4:         56 bytes,        296 total
[2020-09-12T12:29:04.539+0000][1][gc,age       ] GC(15) - age   5:     689440 bytes,     689736 total
[2020-09-12T12:29:04.539+0000][1][gc,heap      ] GC(15) ParNew: 137469K->794K(153344K)
[2020-09-12T12:29:04.539+0000][1][gc,heap      ] GC(15) CMS: 46712K->46712K(353920K)
[2020-09-12T12:29:04.539+0000][1][gc,metaspace ] GC(15) Metaspace: 32475K->32475K(1079296K)
[2020-09-12T12:29:04.539+0000][1][gc           ] GC(15) Pause Young (Allocation Failure) 179M->46M(495M) 1.834ms
[2020-09-12T12:29:04.539+0000][1][gc,cpu       ] GC(15) User=0.00s Sys=0.00s Real=0.00s
[2020-09-12T12:29:04.539+0000][1][safepoint    ] Safepoint "GenCollectForAllocation", Time since last: 191386622 ns, Reaching safepoint: 124702 ns, At safepoint: 1888980 ns, Total: 2013682 ns
[2020-09-12T12:29:04.740+0000][1][gc,start     ] GC(16) Pause Young (Allocation Failure)
[2020-09-12T12:29:04.740+0000][1][gc,task      ] GC(16) Using 2 workers of 2 for evacuation
[2020-09-12T12:29:04.742+0000][1][gc,age       ] GC(16) Desired survivor size 8716288 bytes, new threshold 6 (max threshold 6)
[2020-09-12T12:29:04.742+0000][1][gc,age       ] GC(16) Age table with threshold 6 (max threshold 6)
[2020-09-12T12:29:04.742+0000][1][gc,age       ] GC(16) - age   1:        216 bytes,        216 total
[2020-09-12T12:29:04.742+0000][1][gc,age       ] GC(16) - age   2:         72 bytes,        288 total
[2020-09-12T12:29:04.742+0000][1][gc,age       ] GC(16) - age   5:         56 bytes,        344 total
[2020-09-12T12:29:04.742+0000][1][gc,age       ] GC(16) - age   6:     689440 bytes,     689784 total
[2020-09-12T12:29:04.742+0000][1][gc,heap      ] GC(16) ParNew: 137114K->1168K(153344K)
[2020-09-12T12:29:04.742+0000][1][gc,heap      ] GC(16) CMS: 46712K->46712K(353920K)
[2020-09-12T12:29:04.742+0000][1][gc,metaspace ] GC(16) Metaspace: 32475K->32475K(1079296K)
[2020-09-12T12:29:04.742+0000][1][gc           ] GC(16) Pause Young (Allocation Failure) 179M->46M(495M) 1.736ms
[2020-09-12T12:29:04.742+0000][1][gc,cpu       ] GC(16) User=0.01s Sys=0.00s Real=0.01s
[2020-09-12T12:29:04.742+0000][1][safepoint    ] Safepoint "GenCollectForAllocation", Time since last: 200712647 ns, Reaching safepoint: 119203 ns, At safepoint: 1785299 ns, Total: 1904502 ns
[2020-09-12T12:29:05.746+0000][1][safepoint    ] Safepoint "Cleanup", Time since last: 1002303714 ns, Reaching safepoint: 2291644 ns, At safepoint: 16472 ns, Total: 2308116 ns
[2020-09-12T12:29:06.747+0000][1][safepoint    ] Safepoint "Cleanup", Time since last: 1000129930 ns, Reaching safepoint: 118675 ns, At safepoint: 11299 ns, Total: 129974 ns
[2020-09-12T12:29:07.298+0000][1][gc,start     ] GC(17) Pause Young (Allocation Failure)
[2020-09-12T12:29:07.298+0000][1][gc,task      ] GC(17) Using 2 workers of 2 for evacuation
[2020-09-12T12:29:07.308+0000][1][gc,age       ] GC(17) Desired survivor size 8716288 bytes, new threshold 6 (max threshold 6)
[2020-09-12T12:29:07.308+0000][1][gc,age       ] GC(17) Age table with threshold 6 (max threshold 6)
[2020-09-12T12:29:07.308+0000][1][gc,age       ] GC(17) - age   1:     133512 bytes,     133512 total
[2020-09-12T12:29:07.308+0000][1][gc,age       ] GC(17) - age   3:         72 bytes,     133584 total
[2020-09-12T12:29:07.308+0000][1][gc,age       ] GC(17) - age   6:         56 bytes,     133640 total
[2020-09-12T12:29:07.308+0000][1][gc,heap      ] GC(17) ParNew: 137488K->167K(153344K)
[2020-09-12T12:29:07.308+0000][1][gc,heap      ] GC(17) CMS: 46712K->47360K(353920K)
[2020-09-12T12:29:07.308+0000][1][gc,metaspace ] GC(17) Metaspace: 32494K->32494K(1079296K)
[2020-09-12T12:29:07.308+0000][1][gc           ] GC(17) Pause Young (Allocation Failure) 179M->46M(495M) 9.859ms
[2020-09-12T12:29:07.308+0000][1][gc,cpu       ] GC(17) User=0.00s Sys=0.00s Real=0.01s
[2020-09-12T12:29:07.308+0000][1][safepoint    ] Safepoint "GenCollectForAllocation", Time since last: 551029395 ns, Reaching safepoint: 123314 ns, At safepoint: 9911232 ns, Total: 10034546 ns
[2020-09-12T12:29:08.308+0000][1][safepoint    ] Safepoint "Cleanup", Time since last: 1000163099 ns, Reaching safepoint: 41852 ns, At safepoint: 8973 ns, Total: 50825 ns
[2020-09-12T12:29:09.251+0000][1][gc,start     ] GC(18) Pause Young (Allocation Failure)
[2020-09-12T12:29:09.251+0000][1][gc,task      ] GC(18) Using 2 workers of 2 for evacuation
[2020-09-12T12:29:09.255+0000][1][gc,age       ] GC(18) Desired survivor size 8716288 bytes, new threshold 6 (max threshold 6)
[2020-09-12T12:29:09.255+0000][1][gc,age       ] GC(18) Age table with threshold 6 (max threshold 6)
[2020-09-12T12:29:09.255+0000][1][gc,age       ] GC(18) - age   1:     985416 bytes,     985416 total
[2020-09-12T12:29:09.255+0000][1][gc,age       ] GC(18) - age   2:      82752 bytes,    1068168 total
[2020-09-12T12:29:09.255+0000][1][gc,age       ] GC(18) - age   4:         72 bytes,    1068240 total
[2020-09-12T12:29:09.255+0000][1][gc,heap      ] GC(18) ParNew: 136487K->1200K(153344K)
[2020-09-12T12:29:09.255+0000][1][gc,heap      ] GC(18) CMS: 47360K->47360K(353920K)
[2020-09-12T12:29:09.255+0000][1][gc,metaspace ] GC(18) Metaspace: 32496K->32496K(1079296K)
[2020-09-12T12:29:09.255+0000][1][gc           ] GC(18) Pause Young (Allocation Failure) 179M->47M(495M) 3.873ms
[2020-09-12T12:29:09.255+0000][1][gc,cpu       ] GC(18) User=0.00s Sys=0.00s Real=0.00s
[2020-09-12T12:29:09.255+0000][1][safepoint    ] Safepoint "GenCollectForAllocation", Time since last: 943332290 ns, Reaching safepoint: 35982 ns, At safepoint: 3923251 ns, Total: 3959233 ns
[2020-09-12T12:29:10.258+0000][1][safepoint    ] Safepoint "Cleanup", Time since last: 1000098206 ns, Reaching safepoint: 2947286 ns, At safepoint: 12790 ns, Total: 2960076 ns
[2020-09-12T12:29:10.843+0000][1][gc,start     ] GC(19) Pause Young (Allocation Failure)
[2020-09-12T12:29:10.843+0000][1][gc,task      ] GC(19) Using 2 workers of 2 for evacuation
[2020-09-12T12:29:10.845+0000][1][gc,age       ] GC(19) Desired survivor size 8716288 bytes, new threshold 6 (max threshold 6)
[2020-09-12T12:29:10.845+0000][1][gc,age       ] GC(19) Age table with threshold 6 (max threshold 6)
[2020-09-12T12:29:10.845+0000][1][gc,age       ] GC(19) - age   1:    1228288 bytes,    1228288 total
[2020-09-12T12:29:10.845+0000][1][gc,age       ] GC(19) - age   2:     642856 bytes,    1871144 total
[2020-09-12T12:29:10.845+0000][1][gc,age       ] GC(19) - age   3:      82288 bytes,    1953432 total
[2020-09-12T12:29:10.845+0000][1][gc,age       ] GC(19) - age   5:         72 bytes,    1953504 total
[2020-09-12T12:29:10.845+0000][1][gc,heap      ] GC(19) ParNew: 137520K->1969K(153344K)
[2020-09-12T12:29:10.845+0000][1][gc,heap      ] GC(19) CMS: 47360K->47360K(353920K)
[2020-09-12T12:29:10.845+0000][1][gc,metaspace ] GC(19) Metaspace: 32497K->32497K(1079296K)
[2020-09-12T12:29:10.845+0000][1][gc           ] GC(19) Pause Young (Allocation Failure) 180M->48M(495M) 1.979ms
[2020-09-12T12:29:10.845+0000][1][gc,cpu       ] GC(19) User=0.01s Sys=0.00s Real=0.00s
[2020-09-12T12:29:10.845+0000][1][safepoint    ] Safepoint "GenCollectForAllocation", Time since last: 584904780 ns, Reaching safepoint: 41825 ns, At safepoint: 2046444 ns, Total: 2088269 ns
[2020-09-12T12:29:11.849+0000][1][safepoint    ] Safepoint "Cleanup", Time since last: 1003190589 ns, Reaching safepoint: 38801 ns, At safepoint: 7449 ns, Total: 46250 ns
[2020-09-12T12:29:11.916+0000][1][safepoint    ] Safepoint "RevokeBias", Time since last: 66272316 ns, Reaching safepoint: 124365 ns, At safepoint: 50702 ns, Total: 175067 ns
[2020-09-12T12:29:11.916+0000][1][safepoint    ] Safepoint "RevokeBias", Time since last: 741821 ns, Reaching safepoint: 96814 ns, At safepoint: 38027 ns, Total: 134841 ns
[2020-09-12T12:29:11.921+0000][1][safepoint    ] Safepoint "RevokeBias", Time since last: 5098798 ns, Reaching safepoint: 103633 ns, At safepoint: 40947 ns, Total: 144580 ns
[2020-09-12T12:29:11.921+0000][1][safepoint    ] Safepoint "RevokeBias", Time since last: 244367 ns, Reaching safepoint: 85702 ns, At safepoint: 35062 ns, Total: 120764 ns
[2020-09-12T12:29:12.307+0000][1][gc,start     ] GC(20) Pause Young (Allocation Failure)
[2020-09-12T12:29:12.308+0000][1][gc,task      ] GC(20) Using 2 workers of 2 for evacuation
[2020-09-12T12:29:12.319+0000][1][gc,age       ] GC(20) Desired survivor size 8716288 bytes, new threshold 6 (max threshold 6)
[2020-09-12T12:29:12.319+0000][1][gc,age       ] GC(20) Age table with threshold 6 (max threshold 6)
[2020-09-12T12:29:12.319+0000][1][gc,age       ] GC(20) - age   1:    1258744 bytes,    1258744 total
[2020-09-12T12:29:12.319+0000][1][gc,age       ] GC(20) - age   2:    1215032 bytes,    2473776 total
[2020-09-12T12:29:12.319+0000][1][gc,age       ] GC(20) - age   3:     638968 bytes,    3112744 total
[2020-09-12T12:29:12.319+0000][1][gc,age       ] GC(20) - age   4:      79664 bytes,    3192408 total
[2020-09-12T12:29:12.319+0000][1][gc,age       ] GC(20) - age   6:         72 bytes,    3192480 total
[2020-09-12T12:29:12.319+0000][1][gc,heap      ] GC(20) ParNew: 138289K->3180K(153344K)
[2020-09-12T12:29:12.319+0000][1][gc,heap      ] GC(20) CMS: 47360K->47360K(353920K)
[2020-09-12T12:29:12.320+0000][1][gc,metaspace ] GC(20) Metaspace: 32498K->32498K(1079296K)
[2020-09-12T12:29:12.320+0000][1][gc           ] GC(20) Pause Young (Allocation Failure) 181M->49M(495M) 12.079ms
[2020-09-12T12:29:12.320+0000][1][gc,cpu       ] GC(20) User=0.00s Sys=0.00s Real=0.01s
[2020-09-12T12:29:12.320+0000][1][safepoint    ] Safepoint "GenCollectForAllocation", Time since last: 385855084 ns, Reaching safepoint: 104178 ns, At safepoint: 12127060 ns, Total: 12231238 ns
[2020-09-12T12:29:12.827+0000][1][gc,start     ] GC(21) Pause Young (Allocation Failure)
[2020-09-12T12:29:12.827+0000][1][gc,task      ] GC(21) Using 2 workers of 2 for evacuation
[2020-09-12T12:29:12.829+0000][1][gc,age       ] GC(21) Desired survivor size 8716288 bytes, new threshold 6 (max threshold 6)
[2020-09-12T12:29:12.829+0000][1][gc,age       ] GC(21) Age table with threshold 6 (max threshold 6)
[2020-09-12T12:29:12.829+0000][1][gc,age       ] GC(21) - age   1:     250768 bytes,     250768 total
[2020-09-12T12:29:12.829+0000][1][gc,age       ] GC(21) - age   2:     500816 bytes,     751584 total
[2020-09-12T12:29:12.829+0000][1][gc,age       ] GC(21) - age   3:    1215032 bytes,    1966616 total
[2020-09-12T12:29:12.829+0000][1][gc,age       ] GC(21) - age   4:     638968 bytes,    2605584 total
[2020-09-12T12:29:12.829+0000][1][gc,age       ] GC(21) - age   5:      79664 bytes,    2685248 total
[2020-09-12T12:29:12.829+0000][1][gc,heap      ] GC(21) ParNew: 139500K->2958K(153344K)
[2020-09-12T12:29:12.829+0000][1][gc,heap      ] GC(21) CMS: 47360K->47360K(353920K)
[2020-09-12T12:29:12.829+0000][1][gc,metaspace ] GC(21) Metaspace: 32499K->32499K(1079296K)
[2020-09-12T12:29:12.829+0000][1][gc           ] GC(21) Pause Young (Allocation Failure) 182M->49M(495M) 2.885ms
[2020-09-12T12:29:12.829+0000][1][gc,cpu       ] GC(21) User=0.00s Sys=0.00s Real=0.01s
[2020-09-12T12:29:12.829+0000][1][safepoint    ] Safepoint "GenCollectForAllocation", Time since last: 506812695 ns, Reaching safepoint: 132839 ns, At safepoint: 2943646 ns, Total: 3076485 ns
[2020-09-12T12:29:13.126+0000][1][gc,start     ] GC(22) Pause Young (Allocation Failure)
[2020-09-12T12:29:13.126+0000][1][gc,task      ] GC(22) Using 2 workers of 2 for evacuation
[2020-09-12T12:29:13.133+0000][1][gc,age       ] GC(22) Desired survivor size 8716288 bytes, new threshold 6 (max threshold 6)
[2020-09-12T12:29:13.133+0000][1][gc,age       ] GC(22) Age table with threshold 6 (max threshold 6)
[2020-09-12T12:29:13.133+0000][1][gc,age       ] GC(22) - age   1:         72 bytes,         72 total
[2020-09-12T12:29:13.133+0000][1][gc,age       ] GC(22) - age   2:     250568 bytes,     250640 total
[2020-09-12T12:29:13.133+0000][1][gc,age       ] GC(22) - age   3:     500816 bytes,     751456 total
[2020-09-12T12:29:13.133+0000][1][gc,age       ] GC(22) - age   4:    1215032 bytes,    1966488 total
[2020-09-12T12:29:13.133+0000][1][gc,age       ] GC(22) - age   5:     638968 bytes,    2605456 total
[2020-09-12T12:29:13.133+0000][1][gc,age       ] GC(22) - age   6:      79664 bytes,    2685120 total
[2020-09-12T12:29:13.133+0000][1][gc,heap      ] GC(22) ParNew: 139278K->3345K(153344K)
[2020-09-12T12:29:13.133+0000][1][gc,heap      ] GC(22) CMS: 47360K->47360K(353920K)
[2020-09-12T12:29:13.133+0000][1][gc,metaspace ] GC(22) Metaspace: 32499K->32499K(1079296K)
[2020-09-12T12:29:13.133+0000][1][gc           ] GC(22) Pause Young (Allocation Failure) 182M->49M(495M) 6.866ms
[2020-09-12T12:29:13.133+0000][1][gc,cpu       ] GC(22) User=0.00s Sys=0.00s Real=0.01s
[2020-09-12T12:29:13.133+0000][1][safepoint    ] Safepoint "GenCollectForAllocation", Time since last: 292186593 ns, Reaching safepoint: 4376631 ns, At safepoint: 6922593 ns, Total: 11299224 ns
[2020-09-12T12:29:13.484+0000][1][gc,start     ] GC(23) Pause Young (Allocation Failure)
[2020-09-12T12:29:13.484+0000][1][gc,task      ] GC(23) Using 2 workers of 2 for evacuation
[2020-09-12T12:29:13.489+0000][1][gc,age       ] GC(23) Desired survivor size 8716288 bytes, new threshold 6 (max threshold 6)
[2020-09-12T12:29:13.489+0000][1][gc,age       ] GC(23) Age table with threshold 6 (max threshold 6)
[2020-09-12T12:29:13.489+0000][1][gc,age       ] GC(23) - age   1:         64 bytes,         64 total
[2020-09-12T12:29:13.489+0000][1][gc,age       ] GC(23) - age   3:     250568 bytes,     250632 total
[2020-09-12T12:29:13.489+0000][1][gc,age       ] GC(23) - age   4:     500816 bytes,     751448 total
[2020-09-12T12:29:13.489+0000][1][gc,age       ] GC(23) - age   5:    1215032 bytes,    1966480 total
[2020-09-12T12:29:13.489+0000][1][gc,age       ] GC(23) - age   6:     638968 bytes,    2605448 total
[2020-09-12T12:29:13.489+0000][1][gc,heap      ] GC(23) ParNew: 139665K->3053K(153344K)
[2020-09-12T12:29:13.489+0000][1][gc,heap      ] GC(23) CMS: 47360K->47438K(353920K)
[2020-09-12T12:29:13.489+0000][1][gc,metaspace ] GC(23) Metaspace: 32499K->32499K(1079296K)
[2020-09-12T12:29:13.489+0000][1][gc           ] GC(23) Pause Young (Allocation Failure) 182M->49M(495M) 5.472ms
[2020-09-12T12:29:13.489+0000][1][gc,cpu       ] GC(23) User=0.01s Sys=0.00s Real=0.01s
[2020-09-12T12:29:13.489+0000][1][safepoint    ] Safepoint "GenCollectForAllocation", Time since last: 346906101 ns, Reaching safepoint: 3833957 ns, At safepoint: 5533593 ns, Total: 9367550 ns
[2020-09-12T12:29:13.793+0000][1][gc,start     ] GC(24) Pause Young (Allocation Failure)
[2020-09-12T12:29:13.793+0000][1][gc,task      ] GC(24) Using 2 workers of 2 for evacuation
[2020-09-12T12:29:13.795+0000][1][gc,age       ] GC(24) Desired survivor size 8716288 bytes, new threshold 6 (max threshold 6)
[2020-09-12T12:29:13.795+0000][1][gc,age       ] GC(24) Age table with threshold 6 (max threshold 6)
[2020-09-12T12:29:13.795+0000][1][gc,age       ] GC(24) - age   1:        200 bytes,        200 total
[2020-09-12T12:29:13.795+0000][1][gc,age       ] GC(24) - age   4:     250568 bytes,     250768 total
[2020-09-12T12:29:13.795+0000][1][gc,age       ] GC(24) - age   5:     500816 bytes,     751584 total
[2020-09-12T12:29:13.795+0000][1][gc,age       ] GC(24) - age   6:    1215032 bytes,    1966616 total
[2020-09-12T12:29:13.798+0000][1][gc,heap      ] GC(24) ParNew: 139373K->2701K(153344K)
[2020-09-12T12:29:13.798+0000][1][gc,heap      ] GC(24) CMS: 47438K->48062K(353920K)
[2020-09-12T12:29:13.798+0000][1][gc,metaspace ] GC(24) Metaspace: 32499K->32499K(1079296K)
[2020-09-12T12:29:13.798+0000][1][gc           ] GC(24) Pause Young (Allocation Failure) 182M->49M(495M) 4.955ms
[2020-09-12T12:29:13.798+0000][1][gc,cpu       ] GC(24) User=0.00s Sys=0.00s Real=0.00s
[2020-09-12T12:29:13.798+0000][1][safepoint    ] Safepoint "GenCollectForAllocation", Time since last: 301723552 ns, Reaching safepoint: 1881112 ns, At safepoint: 5011568 ns, Total: 6892680 ns
[2020-09-12T12:29:14.332+0000][1][gc,start     ] GC(25) Pause Young (Allocation Failure)
[2020-09-12T12:29:14.332+0000][1][gc,task      ] GC(25) Using 2 workers of 2 for evacuation
[2020-09-12T12:29:14.336+0000][1][gc,age       ] GC(25) Desired survivor size 8716288 bytes, new threshold 6 (max threshold 6)
[2020-09-12T12:29:14.336+0000][1][gc,age       ] GC(25) Age table with threshold 6 (max threshold 6)
[2020-09-12T12:29:14.336+0000][1][gc,age       ] GC(25) - age   1:    6817736 bytes,    6817736 total
[2020-09-12T12:29:14.336+0000][1][gc,age       ] GC(25) - age   5:     233656 bytes,    7051392 total
[2020-09-12T12:29:14.336+0000][1][gc,age       ] GC(25) - age   6:     500816 bytes,    7552208 total
[2020-09-12T12:29:14.336+0000][1][gc,heap      ] GC(25) ParNew: 139021K->8582K(153344K)
[2020-09-12T12:29:14.336+0000][1][gc,heap      ] GC(25) CMS: 48062K->49249K(353920K)
[2020-09-12T12:29:14.336+0000][1][gc,metaspace ] GC(25) Metaspace: 32499K->32499K(1079296K)
[2020-09-12T12:29:14.336+0000][1][gc           ] GC(25) Pause Young (Allocation Failure) 182M->56M(495M) 3.721ms
[2020-09-12T12:29:14.336+0000][1][gc,cpu       ] GC(25) User=0.00s Sys=0.00s Real=0.00s
[2020-09-12T12:29:14.336+0000][1][safepoint    ] Safepoint "GenCollectForAllocation", Time since last: 534088211 ns, Reaching safepoint: 124429 ns, At safepoint: 3771561 ns, Total: 3895990 ns
[2020-09-12T12:29:14.382+0000][1][safepoint    ] Safepoint "RevokeBias", Time since last: 46464863 ns, Reaching safepoint: 136647 ns, At safepoint: 51087 ns, Total: 187734 ns
[2020-09-12T12:29:15.383+0000][1][safepoint    ] Safepoint "Cleanup", Time since last: 1000760046 ns, Reaching safepoint: 107504 ns, At safepoint: 8456 ns, Total: 115960 ns
[2020-09-12T12:29:15.579+0000][1][safepoint    ] Safepoint "ICBufferFull", Time since last: 190301376 ns, Reaching safepoint: 5012539 ns, At safepoint: 21287 ns, Total: 5033826 ns
[2020-09-12T12:29:16.691+0000][1][gc,start     ] GC(26) Pause Young (Allocation Failure)
[2020-09-12T12:29:16.692+0000][1][gc,task      ] GC(26) Using 2 workers of 2 for evacuation
[2020-09-12T12:29:16.696+0000][1][gc,age       ] GC(26) Desired survivor size 8716288 bytes, new threshold 6 (max threshold 6)
[2020-09-12T12:29:16.696+0000][1][gc,age       ] GC(26) Age table with threshold 6 (max threshold 6)
[2020-09-12T12:29:16.696+0000][1][gc,age       ] GC(26) - age   1:    1000936 bytes,    1000936 total
[2020-09-12T12:29:16.696+0000][1][gc,age       ] GC(26) - age   6:     224056 bytes,    1224992 total
[2020-09-12T12:29:16.696+0000][1][gc,heap      ] GC(26) ParNew: 144902K->5239K(153344K)
[2020-09-12T12:29:16.696+0000][1][gc,heap      ] GC(26) CMS: 49249K->49738K(353920K)
[2020-09-12T12:29:16.696+0000][1][gc,metaspace ] GC(26) Metaspace: 32499K->32499K(1079296K)
[2020-09-12T12:29:16.696+0000][1][gc           ] GC(26) Pause Young (Allocation Failure) 189M->53M(495M) 4.665ms
[2020-09-12T12:29:16.696+0000][1][gc,cpu       ] GC(26) User=0.01s Sys=0.00s Real=0.00s
[2020-09-12T12:29:16.696+0000][1][safepoint    ] Safepoint "GenCollectForAllocation", Time since last: 1112648902 ns, Reaching safepoint: 125577 ns, At safepoint: 4712573 ns, Total: 4838150 ns
[2020-09-12T12:29:17.273+0000][1][gc,start     ] GC(27) Pause Young (Allocation Failure)
[2020-09-12T12:29:17.273+0000][1][gc,task      ] GC(27) Using 2 workers of 2 for evacuation
[2020-09-12T12:29:17.275+0000][1][gc,age       ] GC(27) Desired survivor size 8716288 bytes, new threshold 6 (max threshold 6)
[2020-09-12T12:29:17.275+0000][1][gc,age       ] GC(27) Age table with threshold 6 (max threshold 6)
[2020-09-12T12:29:17.275+0000][1][gc,age       ] GC(27) - age   1:    1268528 bytes,    1268528 total
[2020-09-12T12:29:17.275+0000][1][gc,age       ] GC(27) - age   2:     654736 bytes,    1923264 total
[2020-09-12T12:29:17.275+0000][1][gc,heap      ] GC(27) ParNew: 141559K->2413K(153344K)
[2020-09-12T12:29:17.275+0000][1][gc,heap      ] GC(27) CMS: 49738K->49957K(353920K)
[2020-09-12T12:29:17.275+0000][1][gc,metaspace ] GC(27) Metaspace: 32499K->32499K(1079296K)
[2020-09-12T12:29:17.275+0000][1][gc           ] GC(27) Pause Young (Allocation Failure) 186M->51M(495M) 1.937ms
[2020-09-12T12:29:17.275+0000][1][gc,cpu       ] GC(27) User=0.00s Sys=0.00s Real=0.00s
[2020-09-12T12:29:17.275+0000][1][safepoint    ] Safepoint "GenCollectForAllocation", Time since last: 569287331 ns, Reaching safepoint: 7259574 ns, At safepoint: 1988639 ns, Total: 9248213 ns
[2020-09-12T12:29:18.288+0000][1][safepoint    ] Safepoint "Cleanup", Time since last: 1005966162 ns, Reaching safepoint: 7268704 ns, At safepoint: 16916 ns, Total: 7285620 ns
[2020-09-12T12:29:18.696+0000][1][gc,start     ] GC(28) Pause Young (Allocation Failure)
[2020-09-12T12:29:18.697+0000][1][gc,task      ] GC(28) Using 2 workers of 2 for evacuation
[2020-09-12T12:29:18.705+0000][1][gc,age       ] GC(28) Desired survivor size 8716288 bytes, new threshold 6 (max threshold 6)
[2020-09-12T12:29:18.705+0000][1][gc,age       ] GC(28) Age table with threshold 6 (max threshold 6)
[2020-09-12T12:29:18.705+0000][1][gc,age       ] GC(28) - age   1:     983280 bytes,     983280 total
[2020-09-12T12:29:18.705+0000][1][gc,age       ] GC(28) - age   2:    1249664 bytes,    2232944 total
[2020-09-12T12:29:18.705+0000][1][gc,age       ] GC(28) - age   3:     651480 bytes,    2884424 total
[2020-09-12T12:29:18.705+0000][1][gc,heap      ] GC(28) ParNew: 138733K->4527K(153344K)
[2020-09-12T12:29:18.705+0000][1][gc,heap      ] GC(28) CMS: 49957K->49957K(353920K)
[2020-09-12T12:29:18.705+0000][1][gc,metaspace ] GC(28) Metaspace: 33949K->33949K(1081344K)
[2020-09-12T12:29:18.705+0000][1][gc           ] GC(28) Pause Young (Allocation Failure) 184M->53M(495M) 9.122ms
[2020-09-12T12:29:18.705+0000][1][gc,cpu       ] GC(28) User=0.01s Sys=0.00s Real=0.01s
[2020-09-12T12:29:18.705+0000][1][safepoint    ] Safepoint "GenCollectForAllocation", Time since last: 404209284 ns, Reaching safepoint: 3939524 ns, At safepoint: 9177760 ns, Total: 13117284 ns
[2020-09-12T12:29:18.769+0000][1][safepoint    ] Safepoint "Deoptimize", Time since last: 61067486 ns, Reaching safepoint: 2120437 ns, At safepoint: 421438 ns, Total: 2541875 ns
[2020-09-12T12:29:19.031+0000][1][safepoint    ] Safepoint "CollectForMetadataAllocation", Time since last: 262234911 ns, Reaching safepoint: 42015 ns, At safepoint: 124243 ns, Total: 166258 ns
[2020-09-12T12:29:19.113+0000][1][safepoint    ] Safepoint "CollectForMetadataAllocation", Time since last: 81066108 ns, Reaching safepoint: 327074 ns, At safepoint: 280685 ns, Total: 607759 ns
[2020-09-12T12:29:19.165+0000][1][safepoint    ] Safepoint "CollectForMetadataAllocation", Time since last: 52238259 ns, Reaching safepoint: 107113 ns, At safepoint: 137315 ns, Total: 244428 ns
[2020-09-12T12:29:19.209+0000][1][safepoint    ] Safepoint "CollectForMetadataAllocation", Time since last: 42809400 ns, Reaching safepoint: 448514 ns, At safepoint: 146037 ns, Total: 594551 ns
[2020-09-12T12:29:19.248+0000][1][safepoint    ] Safepoint "CollectForMetadataAllocation", Time since last: 37870976 ns, Reaching safepoint: 698406 ns, At safepoint: 305843 ns, Total: 1004249 ns
[2020-09-12T12:29:19.308+0000][1][safepoint    ] Safepoint "CollectForMetadataAllocation", Time since last: 58544446 ns, Reaching safepoint: 1704969 ns, At safepoint: 133700 ns, Total: 1838669 ns
[2020-09-12T12:29:19.883+0000][1][safepoint    ] Safepoint "CollectForMetadataAllocation", Time since last: 574640540 ns, Reaching safepoint: 50594 ns, At safepoint: 130778 ns, Total: 181372 ns
[2020-09-12T12:29:20.689+0000][1][safepoint    ] Safepoint "CollectForMetadataAllocation", Time since last: 805347736 ns, Reaching safepoint: 442180 ns, At safepoint: 134102 ns, Total: 576282 ns
[2020-09-12T12:29:20.714+0000][1][gc,start     ] GC(29) Pause Initial Mark
[2020-09-12T12:29:20.797+0000][1][gc           ] GC(29) Pause Initial Mark 178M->178M(495M) 83.334ms
[2020-09-12T12:29:20.797+0000][1][gc,cpu       ] GC(29) User=0.04s Sys=0.00s Real=0.08s
[2020-09-12T12:29:20.797+0000][1][safepoint    ] Safepoint "CMS_Initial_Mark", Time since last: 18346718 ns, Reaching safepoint: 6614809 ns, At safepoint: 83431073 ns, Total: 90045882 ns
[2020-09-12T12:29:20.811+0000][1][gc           ] GC(29) Concurrent Mark
[2020-09-12T12:29:20.868+0000][1][safepoint    ] Safepoint "RevokeBias", Time since last: 63433958 ns, Reaching safepoint: 7033720 ns, At safepoint: 56729 ns, Total: 7090449 ns
[2020-09-12T12:29:20.972+0000][1][safepoint    ] Safepoint "CollectForMetadataAllocation", Time since last: 102152383 ns, Reaching safepoint: 2214640 ns, At safepoint: 136293 ns, Total: 2350933 ns
[2020-09-12T12:29:21.109+0000][1][gc           ] GC(29) Concurrent Mark 298.259ms
[2020-09-12T12:29:21.109+0000][1][gc,cpu       ] GC(29) User=0.12s Sys=0.02s Real=0.30s
[2020-09-12T12:29:21.109+0000][1][gc           ] GC(29) Concurrent Preclean
[2020-09-12T12:29:21.119+0000][1][gc           ] GC(29) Concurrent Preclean 9.688ms
[2020-09-12T12:29:21.119+0000][1][gc,cpu       ] GC(29) User=0.01s Sys=0.00s Real=0.00s
[2020-09-12T12:29:21.119+0000][1][gc           ] GC(29) Concurrent Abortable Preclean
[2020-09-12T12:29:21.160+0000][1][safepoint    ] Safepoint "CollectForMetadataAllocation", Time since last: 187573940 ns, Reaching safepoint: 32247 ns, At safepoint: 132344 ns, Total: 164591 ns
[2020-09-12T12:29:21.303+0000][1][safepoint    ] Safepoint "CollectForMetadataAllocation", Time since last: 142821768 ns, Reaching safepoint: 28978 ns, At safepoint: 86649 ns, Total: 115627 ns
[2020-09-12T12:29:21.388+0000][1][safepoint    ] Safepoint "CollectForMetadataAllocation", Time since last: 84923677 ns, Reaching safepoint: 30770 ns, At safepoint: 150778 ns, Total: 181548 ns
[2020-09-12T12:29:21.485+0000][1][safepoint    ] Safepoint "CollectForMetadataAllocation", Time since last: 96610469 ns, Reaching safepoint: 31851 ns, At safepoint: 130103 ns, Total: 161954 ns
[2020-09-12T12:29:21.530+0000][1][gc,start     ] GC(30) Pause Young (Allocation Failure)
[2020-09-12T12:29:21.530+0000][1][gc,task      ] GC(30) Using 2 workers of 2 for evacuation
[2020-09-12T12:29:21.574+0000][1][gc,age       ] GC(30) Desired survivor size 8716288 bytes, new threshold 6 (max threshold 6)
[2020-09-12T12:29:21.574+0000][1][gc,age       ] GC(30) Age table with threshold 6 (max threshold 6)
[2020-09-12T12:29:21.574+0000][1][gc,age       ] GC(30) - age   1:    2794664 bytes,    2794664 total
[2020-09-12T12:29:21.574+0000][1][gc,age       ] GC(30) - age   2:     963000 bytes,    3757664 total
[2020-09-12T12:29:21.574+0000][1][gc,age       ] GC(30) - age   3:    1249664 bytes,    5007328 total
[2020-09-12T12:29:21.574+0000][1][gc,age       ] GC(30) - age   4:     651480 bytes,    5658808 total
[2020-09-12T12:29:21.574+0000][1][gc,heap      ] GC(30) ParNew: 140847K->5802K(153344K)
[2020-09-12T12:29:21.574+0000][1][gc,heap      ] GC(30) CMS: 49957K->49957K(353920K)
[2020-09-12T12:29:21.574+0000][1][gc,metaspace ] GC(30) Metaspace: 38239K->38239K(1085440K)
[2020-09-12T12:29:21.574+0000][1][gc           ] GC(30) Pause Young (Allocation Failure) 186M->54M(495M) 44.465ms
[2020-09-12T12:29:21.574+0000][1][gc,cpu       ] GC(30) User=0.01s Sys=0.00s Real=0.04s
[2020-09-12T12:29:21.574+0000][1][safepoint    ] Safepoint "GenCollectForAllocation", Time since last: 43893744 ns, Reaching safepoint: 907420 ns, At safepoint: 44514876 ns, Total: 45422296 ns
[2020-09-12T12:29:21.665+0000][1][safepoint    ] Safepoint "CollectForMetadataAllocation", Time since last: 90544664 ns, Reaching safepoint: 390029 ns, At safepoint: 140762 ns, Total: 530791 ns
[2020-09-12T12:29:21.761+0000][1][safepoint    ] Safepoint "CollectForMetadataAllocation", Time since last: 88976995 ns, Reaching safepoint: 6528274 ns, At safepoint: 135661 ns, Total: 6663935 ns
[2020-09-12T12:29:21.901+0000][1][safepoint    ] Safepoint "CollectForMetadataAllocation", Time since last: 130533150 ns, Reaching safepoint: 9279114 ns, At safepoint: 173582 ns, Total: 9452696 ns
[2020-09-12T12:29:22.054+0000][1][safepoint    ] Safepoint "CollectForMetadataAllocation", Time since last: 148599109 ns, Reaching safepoint: 4457799 ns, At safepoint: 147966 ns, Total: 4605765 ns
[2020-09-12T12:29:22.295+0000][1][safepoint    ] Safepoint "CollectForMetadataAllocation", Time since last: 239598159 ns, Reaching safepoint: 1069422 ns, At safepoint: 88140 ns, Total: 1157562 ns
[2020-09-12T12:29:22.474+0000][1][safepoint    ] Safepoint "CollectForMetadataAllocation", Time since last: 177891082 ns, Reaching safepoint: 1112233 ns, At safepoint: 144190 ns, Total: 1256423 ns
[2020-09-12T12:29:22.575+0000][1][safepoint    ] Safepoint "CollectForMetadataAllocation", Time since last: 101008980 ns, Reaching safepoint: 40681 ns, At safepoint: 121443 ns, Total: 162124 ns
[2020-09-12T12:29:22.685+0000][1][safepoint    ] Safepoint "CollectForMetadataAllocation", Time since last: 109658011 ns, Reaching safepoint: 50375 ns, At safepoint: 117607 ns, Total: 167982 ns
[2020-09-12T12:29:22.803+0000][1][safepoint    ] Safepoint "CollectForMetadataAllocation", Time since last: 114135866 ns, Reaching safepoint: 3251512 ns, At safepoint: 166629 ns, Total: 3418141 ns
[2020-09-12T12:29:22.922+0000][1][safepoint    ] Safepoint "CollectForMetadataAllocation", Time since last: 118906884 ns, Reaching safepoint: 26123 ns, At safepoint: 147603 ns, Total: 173726 ns
[2020-09-12T12:29:23.019+0000][1][safepoint    ] Safepoint "CollectForMetadataAllocation", Time since last: 97019157 ns, Reaching safepoint: 25294 ns, At safepoint: 274377 ns, Total: 299671 ns
[2020-09-12T12:29:23.121+0000][1][safepoint    ] Safepoint "CollectForMetadataAllocation", Time since last: 96647940 ns, Reaching safepoint: 5137081 ns, At safepoint: 87442 ns, Total: 5224523 ns
[2020-09-12T12:29:23.284+0000][1][safepoint    ] Safepoint "CollectForMetadataAllocation", Time since last: 151008810 ns, Reaching safepoint: 11268325 ns, At safepoint: 471158 ns, Total: 11739483 ns
[2020-09-12T12:29:23.454+0000][1][safepoint    ] Safepoint "CollectForMetadataAllocation", Time since last: 167021691 ns, Reaching safepoint: 3101186 ns, At safepoint: 302647 ns, Total: 3403833 ns
[2020-09-12T12:29:23.530+0000][1][safepoint    ] Safepoint "CollectForMetadataAllocation", Time since last: 75352366 ns, Reaching safepoint: 105675 ns, At safepoint: 226750 ns, Total: 332425 ns
[2020-09-12T12:29:23.632+0000][1][safepoint    ] Safepoint "CollectForMetadataAllocation", Time since last: 101993627 ns, Reaching safepoint: 40642 ns, At safepoint: 77823 ns, Total: 118465 ns
[2020-09-12T12:29:23.677+0000][1][safepoint    ] Safepoint "CollectForMetadataAllocation", Time since last: 45290462 ns, Reaching safepoint: 245705 ns, At safepoint: 136615 ns, Total: 382320 ns
[2020-09-12T12:29:23.793+0000][1][safepoint    ] Safepoint "CollectForMetadataAllocation", Time since last: 112075110 ns, Reaching safepoint: 3235892 ns, At safepoint: 136423 ns, Total: 3372315 ns
[2020-09-12T12:29:24.043+0000][1][safepoint    ] Safepoint "CollectForMetadataAllocation", Time since last: 249998937 ns, Reaching safepoint: 48203 ns, At safepoint: 102445 ns, Total: 150648 ns
[2020-09-12T12:29:24.225+0000][1][safepoint    ] Safepoint "CollectForMetadataAllocation", Time since last: 180973301 ns, Reaching safepoint: 396806 ns, At safepoint: 126245 ns, Total: 523051 ns
[2020-09-12T12:29:24.449+0000][1][safepoint    ] Safepoint "CollectForMetadataAllocation", Time since last: 220228579 ns, Reaching safepoint: 4003989 ns, At safepoint: 141763 ns, Total: 4145752 ns
[2020-09-12T12:29:24.685+0000][1][safepoint    ] Safepoint "CollectForMetadataAllocation", Time since last: 228391107 ns, Reaching safepoint: 7962442 ns, At safepoint: 128499 ns, Total: 8090941 ns
[2020-09-12T12:29:24.861+0000][1][safepoint    ] Safepoint "CollectForMetadataAllocation", Time since last: 175438890 ns, Reaching safepoint: 53098 ns, At safepoint: 114373 ns, Total: 167471 ns
[2020-09-12T12:29:25.018+0000][1][safepoint    ] Safepoint "CollectForMetadataAllocation", Time since last: 156698621 ns, Reaching safepoint: 47433 ns, At safepoint: 114507 ns, Total: 161940 ns
[2020-09-12T12:29:25.197+0000][1][safepoint    ] Safepoint "CollectForMetadataAllocation", Time since last: 178638507 ns, Reaching safepoint: 225281 ns, At safepoint: 154155 ns, Total: 379436 ns
[2020-09-12T12:29:25.404+0000][1][safepoint    ] Safepoint "CollectForMetadataAllocation", Time since last: 206931025 ns, Reaching safepoint: 67052 ns, At safepoint: 130125 ns, Total: 197177 ns
[2020-09-12T12:29:26.131+0000][1][gc           ] GC(29) Concurrent Abortable Preclean 5012.001ms
[2020-09-12T12:29:26.131+0000][1][gc,cpu       ] GC(29) User=2.26s Sys=0.09s Real=5.02s
[2020-09-12T12:29:26.135+0000][1][gc,start     ] GC(29) Pause Remark
[2020-09-12T12:29:26.235+0000][1][gc           ] GC(29) Pause Remark 105M->105M(495M) 100.030ms
[2020-09-12T12:29:26.235+0000][1][gc,cpu       ] GC(29) User=0.02s Sys=0.00s Real=0.10s
[2020-09-12T12:29:26.235+0000][1][safepoint    ] Safepoint "CMS_Final_Remark", Time since last: 726948218 ns, Reaching safepoint: 4382109 ns, At safepoint: 100153135 ns, Total: 104535244 ns
[2020-09-12T12:29:26.236+0000][1][gc           ] GC(29) Concurrent Sweep
[2020-09-12T12:29:26.276+0000][1][gc           ] GC(29) Concurrent Sweep 40.940ms
[2020-09-12T12:29:26.277+0000][1][gc,cpu       ] GC(29) User=0.02s Sys=0.00s Real=0.04s
[2020-09-12T12:29:26.277+0000][1][gc           ] GC(29) Concurrent Reset
[2020-09-12T12:29:26.277+0000][1][gc           ] GC(29) Concurrent Reset 0.493ms
[2020-09-12T12:29:26.277+0000][1][gc,cpu       ] GC(29) User=0.00s Sys=0.00s Real=0.00s
[2020-09-12T12:29:26.277+0000][1][gc,heap      ] GC(29) Old: 49957K->48959K(353920K)
[2020-09-12T12:29:27.236+0000][1][safepoint    ] Safepoint "Cleanup", Time since last: 1000100327 ns, Reaching safepoint: 727729 ns, At safepoint: 15716 ns, Total: 743445 ns
[2020-09-12T12:29:28.237+0000][1][safepoint    ] Safepoint "Cleanup", Time since last: 1000116614 ns, Reaching safepoint: 541076 ns, At safepoint: 9306 ns, Total: 550382 ns
[2020-09-12T12:29:28.969+0000][1][safepoint    ] Safepoint "RevokeBias", Time since last: 731688981 ns, Reaching safepoint: 57542 ns, At safepoint: 42239 ns, Total: 99781 ns
[2020-09-12T12:29:28.995+0000][1][safepoint    ] Safepoint "RevokeBias", Time since last: 26546579 ns, Reaching safepoint: 40719 ns, At safepoint: 56322 ns, Total: 97041 ns
[2020-09-12T12:29:29.757+0000][1][safepoint    ] Safepoint "RevokeBias", Time since last: 750213432 ns, Reaching safepoint: 11361826 ns, At safepoint: 43072 ns, Total: 11404898 ns
[2020-09-12T12:29:29.761+0000][1][safepoint    ] Safepoint "RevokeBias", Time since last: 800240 ns, Reaching safepoint: 2887197 ns, At safepoint: 60970 ns, Total: 2948167 ns
[2020-09-12T12:29:29.765+0000][1][safepoint    ] Safepoint "RevokeBias", Time since last: 3890050 ns, Reaching safepoint: 34650 ns, At safepoint: 38806 ns, Total: 73456 ns
[2020-09-12T12:29:29.989+0000][1][safepoint    ] Safepoint "RevokeBias", Time since last: 223927235 ns, Reaching safepoint: 46887 ns, At safepoint: 38667 ns, Total: 85554 ns
[2020-09-12T12:29:29.990+0000][1][safepoint    ] Safepoint "RevokeBias", Time since last: 899763 ns, Reaching safepoint: 18592 ns, At safepoint: 25153 ns, Total: 43745 ns
[2020-09-12T12:29:29.994+0000][1][safepoint    ] Safepoint "RevokeBias", Time since last: 3747787 ns, Reaching safepoint: 33898 ns, At safepoint: 68613 ns, Total: 102511 ns
[2020-09-12T12:29:29.995+0000][1][safepoint    ] Safepoint "RevokeBias", Time since last: 589766 ns, Reaching safepoint: 813772 ns, At safepoint: 44674 ns, Total: 858446 ns
[2020-09-12T12:29:29.999+0000][1][safepoint    ] Safepoint "RevokeBias", Time since last: 3083654 ns, Reaching safepoint: 450596 ns, At safepoint: 85411 ns, Total: 536007 ns
[2020-09-12T12:29:30.017+0000][1][safepoint    ] Safepoint "RevokeBias", Time since last: 18214599 ns, Reaching safepoint: 43370 ns, At safepoint: 53979 ns, Total: 97349 ns
[2020-09-12T12:29:30.018+0000][1][safepoint    ] Safepoint "RevokeBias", Time since last: 964577 ns, Reaching safepoint: 33826 ns, At safepoint: 39752 ns, Total: 73578 ns
[2020-09-12T12:29:30.025+0000][1][safepoint    ] Safepoint "RevokeBias", Time since last: 6736029 ns, Reaching safepoint: 50860 ns, At safepoint: 57763 ns, Total: 108623 ns
[2020-09-12T12:29:30.027+0000][1][safepoint    ] Safepoint "RevokeBias", Time since last: 2069230 ns, Reaching safepoint: 62915 ns, At safepoint: 44470 ns, Total: 107385 ns
[2020-09-12T12:29:30.027+0000][1][safepoint    ] Safepoint "RevokeBias", Time since last: 123991 ns, Reaching safepoint: 23507 ns, At safepoint: 34831 ns, Total: 58338 ns
[2020-09-12T12:29:30.027+0000][1][safepoint    ] Safepoint "RevokeBias", Time since last: 139847 ns, Reaching safepoint: 18960 ns, At safepoint: 28890 ns, Total: 47850 ns
[2020-09-12T12:29:30.028+0000][1][safepoint    ] Safepoint "RevokeBias", Time since last: 1035290 ns, Reaching safepoint: 45590 ns, At safepoint: 32527 ns, Total: 78117 ns
[2020-09-12T12:29:30.030+0000][1][safepoint    ] Safepoint "RevokeBias", Time since last: 1226020 ns, Reaching safepoint: 26181 ns, At safepoint: 34487 ns, Total: 60668 ns
[2020-09-12T12:29:30.031+0000][1][safepoint    ] Safepoint "RevokeBias", Time since last: 1221642 ns, Reaching safepoint: 28886 ns, At safepoint: 78238 ns, Total: 107124 ns
[2020-09-12T12:29:30.033+0000][1][safepoint    ] Safepoint "RevokeBias", Time since last: 1859552 ns, Reaching safepoint: 38666 ns, At safepoint: 70331 ns, Total: 108997 ns
[2020-09-12T12:29:30.033+0000][1][safepoint    ] Safepoint "RevokeBias", Time since last: 70998 ns, Reaching safepoint: 18820 ns, At safepoint: 29034 ns, Total: 47854 ns
[2020-09-12T12:29:30.033+0000][1][safepoint    ] Safepoint "RevokeBias", Time since last: 140921 ns, Reaching safepoint: 17818 ns, At safepoint: 28427 ns, Total: 46245 ns
[2020-09-12T12:29:30.034+0000][1][safepoint    ] Safepoint "RevokeBias", Time since last: 476189 ns, Reaching safepoint: 83521 ns, At safepoint: 32936 ns, Total: 116457 ns
[2020-09-12T12:29:30.036+0000][1][safepoint    ] Safepoint "RevokeBias", Time since last: 1552052 ns, Reaching safepoint: 26808 ns, At safepoint: 37191 ns, Total: 63999 ns
[2020-09-12T12:29:30.048+0000][1][safepoint    ] Safepoint "RevokeBias", Time since last: 11915300 ns, Reaching safepoint: 749042 ns, At safepoint: 68611 ns, Total: 817653 ns
[2020-09-12T12:29:30.053+0000][1][safepoint    ] Safepoint "RevokeBias", Time since last: 241000 ns, Reaching safepoint: 4124411 ns, At safepoint: 28765 ns, Total: 4153176 ns
[2020-09-12T12:29:30.056+0000][1][safepoint    ] Safepoint "RevokeBias", Time since last: 3436584 ns, Reaching safepoint: 51423 ns, At safepoint: 49248 ns, Total: 100671 ns
[2020-09-12T12:29:30.061+0000][1][safepoint    ] Safepoint "RevokeBias", Time since last: 3042549 ns, Reaching safepoint: 1399655 ns, At safepoint: 41783 ns, Total: 1441438 ns
[2020-09-12T12:29:30.065+0000][1][safepoint    ] Safepoint "RevokeBias", Time since last: 2316718 ns, Reaching safepoint: 1658012 ns, At safepoint: 48211 ns, Total: 1706223 ns
[2020-09-12T12:29:30.069+0000][1][safepoint    ] Safepoint "RevokeBias", Time since last: 2009454 ns, Reaching safepoint: 1942336 ns, At safepoint: 49102 ns, Total: 1991438 ns
[2020-09-12T12:29:30.073+0000][1][safepoint    ] Safepoint "RevokeBias", Time since last: 3942933 ns, Reaching safepoint: 45278 ns, At safepoint: 93192 ns, Total: 138470 ns
[2020-09-12T12:29:30.081+0000][1][safepoint    ] Safepoint "RevokeBias", Time since last: 5972641 ns, Reaching safepoint: 1760033 ns, At safepoint: 55869 ns, Total: 1815902 ns
[2020-09-12T12:29:30.084+0000][1][safepoint    ] Safepoint "BulkRevokeBias", Time since last: 87711 ns, Reaching safepoint: 3576983 ns, At safepoint: 107587 ns, Total: 3684570 ns
[2020-09-12T12:29:30.085+0000][1][safepoint    ] Safepoint "RevokeBias", Time since last: 150328 ns, Reaching safepoint: 221114 ns, At safepoint: 70277 ns, Total: 291391 ns
[2020-09-12T12:29:30.085+0000][1][safepoint    ] Safepoint "RevokeBias", Time since last: 250020 ns, Reaching safepoint: 249663 ns, At safepoint: 35024 ns, Total: 284687 ns
[2020-09-12T12:29:30.095+0000][1][safepoint    ] Safepoint "RevokeBias", Time since last: 3311431 ns, Reaching safepoint: 6127352 ns, At safepoint: 21793 ns, Total: 6149145 ns
[2020-09-12T12:29:30.096+0000][1][safepoint    ] Safepoint "RevokeBias", Time since last: 1312241 ns, Reaching safepoint: 29433 ns, At safepoint: 77300 ns, Total: 106733 ns
[2020-09-12T12:29:30.096+0000][1][safepoint    ] Safepoint "RevokeBias", Time since last: 101349 ns, Reaching safepoint: 14109 ns, At safepoint: 14858 ns, Total: 28967 ns
[2020-09-12T12:29:30.105+0000][1][safepoint    ] Safepoint "RevokeBias", Time since last: 8292725 ns, Reaching safepoint: 33236 ns, At safepoint: 37922 ns, Total: 71158 ns
[2020-09-12T12:29:30.108+0000][1][safepoint    ] Safepoint "RevokeBias", Time since last: 3008131 ns, Reaching safepoint: 41011 ns, At safepoint: 40721 ns, Total: 81732 ns
[2020-09-12T12:29:30.109+0000][1][safepoint    ] Safepoint "RevokeBias", Time since last: 804963 ns, Reaching safepoint: 49850 ns, At safepoint: 31736 ns, Total: 81586 ns
[2020-09-12T12:29:30.109+0000][1][safepoint    ] Safepoint "RevokeBias", Time since last: 71693 ns, Reaching safepoint: 19880 ns, At safepoint: 24780 ns, Total: 44660 ns
[2020-09-12T12:29:30.109+0000][1][safepoint    ] Safepoint "RevokeBias", Time since last: 374683 ns, Reaching safepoint: 20585 ns, At safepoint: 26397 ns, Total: 46982 ns
[2020-09-12T12:29:30.109+0000][1][safepoint    ] Safepoint "RevokeBias", Time since last: 112004 ns, Reaching safepoint: 17822 ns, At safepoint: 25146 ns, Total: 42968 ns
[2020-09-12T12:29:30.111+0000][1][safepoint    ] Safepoint "RevokeBias", Time since last: 1281931 ns, Reaching safepoint: 28656 ns, At safepoint: 30216 ns, Total: 58872 ns
[2020-09-12T12:29:30.113+0000][1][safepoint    ] Safepoint "RevokeBias", Time since last: 1975111 ns, Reaching safepoint: 35170 ns, At safepoint: 43842 ns, Total: 79012 ns
[2020-09-12T12:29:30.116+0000][1][safepoint    ] Safepoint "RevokeBias", Time since last: 3302858 ns, Reaching safepoint: 40308 ns, At safepoint: 40169 ns, Total: 80477 ns
[2020-09-12T12:29:30.117+0000][1][safepoint    ] Safepoint "RevokeBias", Time since last: 1211537 ns, Reaching safepoint: 33211 ns, At safepoint: 33958 ns, Total: 67169 ns
[2020-09-12T12:29:30.118+0000][1][safepoint    ] Safepoint "RevokeBias", Time since last: 231852 ns, Reaching safepoint: 14703 ns, At safepoint: 23608 ns, Total: 38311 ns
[2020-09-12T12:29:30.118+0000][1][safepoint    ] Safepoint "RevokeBias", Time since last: 723076 ns, Reaching safepoint: 15985 ns, At safepoint: 24341 ns, Total: 40326 ns
[2020-09-12T12:29:30.121+0000][1][safepoint    ] Safepoint "RevokeBias", Time since last: 2158787 ns, Reaching safepoint: 16113 ns, At safepoint: 24216 ns, Total: 40329 ns
[2020-09-12T12:29:30.123+0000][1][safepoint    ] Safepoint "RevokeBias", Time since last: 2131224 ns, Reaching safepoint: 41698 ns, At safepoint: 37438 ns, Total: 79136 ns
[2020-09-12T12:29:30.125+0000][1][safepoint    ] Safepoint "RevokeBias", Time since last: 1823271 ns, Reaching safepoint: 40062 ns, At safepoint: 36472 ns, Total: 76534 ns
[2020-09-12T12:29:30.126+0000][1][safepoint    ] Safepoint "RevokeBias", Time since last: 1168375 ns, Reaching safepoint: 44257 ns, At safepoint: 37435 ns, Total: 81692 ns
[2020-09-12T12:29:30.128+0000][1][safepoint    ] Safepoint "BulkRevokeBias", Time since last: 2187801 ns, Reaching safepoint: 41308 ns, At safepoint: 84859 ns, Total: 126167 ns
[2020-09-12T12:29:30.129+0000][1][safepoint    ] Safepoint "RevokeBias", Time since last: 978959 ns, Reaching safepoint: 16253 ns, At safepoint: 25011 ns, Total: 41264 ns
[2020-09-12T12:29:30.130+0000][1][safepoint    ] Safepoint "RevokeBias", Time since last: 138639 ns, Reaching safepoint: 13921 ns, At safepoint: 20221 ns, Total: 34142 ns
[2020-09-12T12:29:30.130+0000][1][safepoint    ] Safepoint "RevokeBias", Time since last: 857022 ns, Reaching safepoint: 17595 ns, At safepoint: 31236 ns, Total: 48831 ns
[2020-09-12T12:29:30.135+0000][1][safepoint    ] Safepoint "RevokeBias", Time since last: 4261583 ns, Reaching safepoint: 538054 ns, At safepoint: 84519 ns, Total: 622573 ns
[2020-09-12T12:29:30.139+0000][1][safepoint    ] Safepoint "RevokeBias", Time since last: 3324062 ns, Reaching safepoint: 36389 ns, At safepoint: 48426 ns, Total: 84815 ns
[2020-09-12T12:29:30.140+0000][1][safepoint    ] Safepoint "RevokeBias", Time since last: 1127055 ns, Reaching safepoint: 38626 ns, At safepoint: 45005 ns, Total: 83631 ns
[2020-09-12T12:29:30.141+0000][1][safepoint    ] Safepoint "RevokeBias", Time since last: 480483 ns, Reaching safepoint: 29064 ns, At safepoint: 34684 ns, Total: 63748 ns
[2020-09-12T12:29:30.144+0000][1][safepoint    ] Safepoint "RevokeBias", Time since last: 1373065 ns, Reaching safepoint: 1624132 ns, At safepoint: 41712 ns, Total: 1665844 ns
[2020-09-12T12:29:30.145+0000][1][safepoint    ] Safepoint "RevokeBias", Time since last: 1115439 ns, Reaching safepoint: 192566 ns, At safepoint: 24186 ns, Total: 216752 ns
[2020-09-12T12:29:30.152+0000][1][safepoint    ] Safepoint "RevokeBias", Time since last: 1191910 ns, Reaching safepoint: 6121698 ns, At safepoint: 63708 ns, Total: 6185406 ns
[2020-09-12T12:29:30.157+0000][1][safepoint    ] Safepoint "RevokeBias", Time since last: 4394663 ns, Reaching safepoint: 29436 ns, At safepoint: 41798 ns, Total: 71234 ns
[2020-09-12T12:29:30.161+0000][1][safepoint    ] Safepoint "RevokeBias", Time since last: 3995453 ns, Reaching safepoint: 42196 ns, At safepoint: 53239 ns, Total: 95435 ns
[2020-09-12T12:29:30.165+0000][1][safepoint    ] Safepoint "RevokeBias", Time since last: 3844884 ns, Reaching safepoint: 36913 ns, At safepoint: 49019 ns, Total: 85932 ns
[2020-09-12T12:29:30.178+0000][1][safepoint    ] Safepoint "RevokeBias", Time since last: 11389680 ns, Reaching safepoint: 1384301 ns, At safepoint: 52513 ns, Total: 1436814 ns
[2020-09-12T12:29:30.181+0000][1][safepoint    ] Safepoint "RevokeBias", Time since last: 1515640 ns, Reaching safepoint: 1596748 ns, At safepoint: 64022 ns, Total: 1660770 ns
[2020-09-12T12:29:30.196+0000][1][safepoint    ] Safepoint "RevokeBias", Time since last: 14185314 ns, Reaching safepoint: 1263829 ns, At safepoint: 48424 ns, Total: 1312253 ns
[2020-09-12T12:29:30.200+0000][1][safepoint    ] Safepoint "RevokeBias", Time since last: 2779047 ns, Reaching safepoint: 425326 ns, At safepoint: 89354 ns, Total: 514680 ns
[2020-09-12T12:29:30.207+0000][1][safepoint    ] Safepoint "RevokeBias", Time since last: 5135154 ns, Reaching safepoint: 2456128 ns, At safepoint: 53562 ns, Total: 2509690 ns
[2020-09-12T12:29:30.209+0000][1][safepoint    ] Safepoint "RevokeBias", Time since last: 1726620 ns, Reaching safepoint: 34799 ns, At safepoint: 82969 ns, Total: 117768 ns
[2020-09-12T12:29:30.212+0000][1][safepoint    ] Safepoint "RevokeBias", Time since last: 2964072 ns, Reaching safepoint: 36304 ns, At safepoint: 50466 ns, Total: 86770 ns
[2020-09-12T12:29:30.217+0000][1][safepoint    ] Safepoint "RevokeBias", Time since last: 967326 ns, Reaching safepoint: 4359857 ns, At safepoint: 45945 ns, Total: 4405802 ns
[2020-09-12T12:29:30.231+0000][1][safepoint    ] Safepoint "RevokeBias", Time since last: 12096272 ns, Reaching safepoint: 1188926 ns, At safepoint: 49283 ns, Total: 1238209 ns
[2020-09-12T12:29:30.240+0000][1][safepoint    ] Safepoint "RevokeBias", Time since last: 9010725 ns, Reaching safepoint: 36977 ns, At safepoint: 39029 ns, Total: 76006 ns
[2020-09-12T12:29:30.249+0000][1][safepoint    ] Safepoint "RevokeBias", Time since last: 6674193 ns, Reaching safepoint: 2152572 ns, At safepoint: 55200 ns, Total: 2207772 ns
[2020-09-12T12:29:30.256+0000][1][safepoint    ] Safepoint "RevokeBias", Time since last: 5877158 ns, Reaching safepoint: 1082043 ns, At safepoint: 47811 ns, Total: 1129854 ns
[2020-09-12T12:29:30.259+0000][1][safepoint    ] Safepoint "RevokeBias", Time since last: 2697135 ns, Reaching safepoint: 38632 ns, At safepoint: 34957 ns, Total: 73589 ns
[2020-09-12T12:29:30.280+0000][1][safepoint    ] Safepoint "RevokeBias", Time since last: 21652779 ns, Reaching safepoint: 56411 ns, At safepoint: 57762 ns, Total: 114173 ns
[2020-09-12T12:29:30.286+0000][1][safepoint    ] Safepoint "RevokeBias", Time since last: 5606923 ns, Reaching safepoint: 53087 ns, At safepoint: 67735 ns, Total: 120822 ns
[2020-09-12T12:29:30.286+0000][1][safepoint    ] Safepoint "RevokeBias", Time since last: 218460 ns, Reaching safepoint: 38702 ns, At safepoint: 55313 ns, Total: 94015 ns
[2020-09-12T12:29:30.289+0000][1][safepoint    ] Safepoint "RevokeBias", Time since last: 2360019 ns, Reaching safepoint: 50344 ns, At safepoint: 61402 ns, Total: 111746 ns
[2020-09-12T12:29:30.293+0000][1][safepoint    ] Safepoint "BulkRevokeBias", Time since last: 3863477 ns, Reaching safepoint: 57408 ns, At safepoint: 132871 ns, Total: 190279 ns
[2020-09-12T12:29:30.448+0000][1][gc,start     ] GC(31) Pause Young (Allocation Failure)
[2020-09-12T12:29:30.448+0000][1][gc,task      ] GC(31) Using 2 workers of 2 for evacuation
[2020-09-12T12:29:30.509+0000][1][gc,age       ] GC(31) Desired survivor size 8716288 bytes, new threshold 3 (max threshold 6)
[2020-09-12T12:29:30.510+0000][1][gc,age       ] GC(31) Age table with threshold 3 (max threshold 6)
[2020-09-12T12:29:30.510+0000][1][gc,age       ] GC(31) - age   1:    5202560 bytes,    5202560 total
[2020-09-12T12:29:30.510+0000][1][gc,age       ] GC(31) - age   2:    2748328 bytes,    7950888 total
[2020-09-12T12:29:30.510+0000][1][gc,age       ] GC(31) - age   3:     960336 bytes,    8911224 total
[2020-09-12T12:29:30.510+0000][1][gc,age       ] GC(31) - age   4:    1249496 bytes,   10160720 total
[2020-09-12T12:29:30.510+0000][1][gc,age       ] GC(31) - age   5:     651456 bytes,   10812176 total
[2020-09-12T12:29:30.510+0000][1][gc,heap      ] GC(31) ParNew: 142122K->12845K(153344K)
[2020-09-12T12:29:30.510+0000][1][gc,heap      ] GC(31) CMS: 48959K->48959K(353920K)
[2020-09-12T12:29:30.510+0000][1][gc,metaspace ] GC(31) Metaspace: 51104K->51104K(1097728K)
[2020-09-12T12:29:30.510+0000][1][gc           ] GC(31) Pause Young (Allocation Failure) 186M->60M(495M) 61.459ms
[2020-09-12T12:29:30.510+0000][1][gc,cpu       ] GC(31) User=0.03s Sys=0.00s Real=0.07s
[2020-09-12T12:29:30.510+0000][1][safepoint    ] Safepoint "GenCollectForAllocation", Time since last: 155224242 ns, Reaching safepoint: 41151 ns, At safepoint: 61522034 ns, Total: 61563185 ns
[2020-09-12T12:29:30.519+0000][1][safepoint    ] Safepoint "RevokeBias", Time since last: 8978567 ns, Reaching safepoint: 38099 ns, At safepoint: 19398 ns, Total: 57497 ns
[2020-09-12T12:29:32.509+0000][1][safepoint    ] Safepoint "Cleanup", Time since last: 1983671777 ns, Reaching safepoint: 6743604 ns, At safepoint: 14336 ns, Total: 6757940 ns
[2020-09-12T12:29:33.509+0000][1][safepoint    ] Safepoint "Cleanup", Time since last: 1000119737 ns, Reaching safepoint: 57994 ns, At safepoint: 8362 ns, Total: 66356 ns
[2020-09-12T12:29:34.512+0000][1][safepoint    ] Safepoint "Cleanup", Time since last: 1000115640 ns, Reaching safepoint: 2803484 ns, At safepoint: 15912 ns, Total: 2819396 ns
[2020-09-12T12:29:35.090+0000][1][safepoint    ] Safepoint "RevokeBias", Time since last: 571868232 ns, Reaching safepoint: 6259199 ns, At safepoint: 51214 ns, Total: 6310413 ns
[2020-09-12T12:29:35.091+0000][1][safepoint    ] Safepoint "RevokeBias", Time since last: 113512 ns, Reaching safepoint: 876238 ns, At safepoint: 41282 ns, Total: 917520 ns
[2020-09-12T12:29:35.093+0000][1][safepoint    ] Safepoint "RevokeBias", Time since last: 146848 ns, Reaching safepoint: 874517 ns, At safepoint: 36071 ns, Total: 910588 ns
[2020-09-12T12:29:35.105+0000][1][safepoint    ] Safepoint "RevokeBias", Time since last: 11361129 ns, Reaching safepoint: 817001 ns, At safepoint: 39763 ns, Total: 856764 ns
[2020-09-12T12:29:36.106+0000][1][safepoint    ] Safepoint "Cleanup", Time since last: 1000113118 ns, Reaching safepoint: 742405 ns, At safepoint: 14819 ns, Total: 757224 ns
[2020-09-12T12:29:36.255+0000][1][safepoint    ] Safepoint "Deoptimize", Time since last: 147796093 ns, Reaching safepoint: 118955 ns, At safepoint: 1002650 ns, Total: 1121605 ns
[2020-09-12T12:29:36.581+0000][1][gc,start     ] GC(32) Pause Young (Allocation Failure)
[2020-09-12T12:29:36.581+0000][1][gc,task      ] GC(32) Using 2 workers of 2 for evacuation
[2020-09-12T12:29:36.735+0000][1][gc,age       ] GC(32) Desired survivor size 8716288 bytes, new threshold 2 (max threshold 6)
[2020-09-12T12:29:36.735+0000][1][gc,age       ] GC(32) Age table with threshold 2 (max threshold 6)
[2020-09-12T12:29:36.735+0000][1][gc,age       ] GC(32) - age   1:    4338816 bytes,    4338816 total
[2020-09-12T12:29:36.735+0000][1][gc,age       ] GC(32) - age   2:    5015416 bytes,    9354232 total
[2020-09-12T12:29:36.735+0000][1][gc,age       ] GC(32) - age   3:    2726160 bytes,   12080392 total
[2020-09-12T12:29:36.735+0000][1][gc,heap      ] GC(32) ParNew: 149165K->17024K(153344K)
[2020-09-12T12:29:36.735+0000][1][gc,heap      ] GC(32) CMS: 48959K->51759K(353920K)
[2020-09-12T12:29:36.735+0000][1][gc,metaspace ] GC(32) Metaspace: 63524K->63524K(1107968K)
[2020-09-12T12:29:36.735+0000][1][gc           ] GC(32) Pause Young (Allocation Failure) 193M->67M(495M) 154.428ms
[2020-09-12T12:29:36.735+0000][1][gc,cpu       ] GC(32) User=0.06s Sys=0.00s Real=0.15s
[2020-09-12T12:29:36.735+0000][1][safepoint    ] Safepoint "GenCollectForAllocation", Time since last: 319921246 ns, Reaching safepoint: 6267338 ns, At safepoint: 154490226 ns, Total: 160757564 ns
[2020-09-12T12:29:37.096+0000][1][safepoint    ] Safepoint "RevokeBias", Time since last: 354694758 ns, Reaching safepoint: 6327097 ns, At safepoint: 50739 ns, Total: 6377836 ns
[2020-09-12T12:29:38.105+0000][1][safepoint    ] Safepoint "Cleanup", Time since last: 1008418732 ns, Reaching safepoint: 231322 ns, At safepoint: 19196 ns, Total: 250518 ns
[2020-09-12T12:29:38.778+0000][1][safepoint    ] Safepoint "BulkRevokeBias", Time since last: 672445093 ns, Reaching safepoint: 384419 ns, At safepoint: 186998 ns, Total: 571417 ns
[2020-09-12T12:29:38.951+0000][1][safepoint    ] Safepoint "Deoptimize", Time since last: 172235736 ns, Reaching safepoint: 105947 ns, At safepoint: 372590 ns, Total: 478537 ns
[2020-09-12T12:29:38.980+0000][1][safepoint    ] Safepoint "Deoptimize", Time since last: 29015728 ns, Reaching safepoint: 107103 ns, At safepoint: 357555 ns, Total: 464658 ns
[2020-09-12T12:29:39.175+0000][1][safepoint    ] Safepoint "RevokeBias", Time since last: 194954655 ns, Reaching safepoint: 110261 ns, At safepoint: 27478 ns, Total: 137739 ns
[2020-09-12T12:29:39.176+0000][1][safepoint    ] Safepoint "RevokeBias", Time since last: 453369 ns, Reaching safepoint: 90708 ns, At safepoint: 25798 ns, Total: 116506 ns
[2020-09-12T12:29:39.190+0000][1][safepoint    ] Safepoint "RevokeBias", Time since last: 13685010 ns, Reaching safepoint: 116839 ns, At safepoint: 36039 ns, Total: 152878 ns
[2020-09-12T12:29:39.190+0000][1][safepoint    ] Safepoint "RevokeBias", Time since last: 128703 ns, Reaching safepoint: 22244 ns, At safepoint: 23922 ns, Total: 46166 ns
[2020-09-12T12:29:39.190+0000][1][safepoint    ] Safepoint "RevokeBias", Time since last: 184120 ns, Reaching safepoint: 90554 ns, At safepoint: 23559 ns, Total: 114113 ns
[2020-09-12T12:29:39.191+0000][1][safepoint    ] Safepoint "RevokeBias", Time since last: 564814 ns, Reaching safepoint: 93764 ns, At safepoint: 20089 ns, Total: 113853 ns
[2020-09-12T12:29:39.191+0000][1][safepoint    ] Safepoint "RevokeBias", Time since last: 45253 ns, Reaching safepoint: 88910 ns, At safepoint: 22441 ns, Total: 111351 ns
[2020-09-12T12:29:39.191+0000][1][safepoint    ] Safepoint "RevokeBias", Time since last: 78395 ns, Reaching safepoint: 88404 ns, At safepoint: 22001 ns, Total: 110405 ns
[2020-09-12T12:29:39.191+0000][1][safepoint    ] Safepoint "RevokeBias", Time since last: 119460 ns, Reaching safepoint: 89989 ns, At safepoint: 23008 ns, Total: 112997 ns
[2020-09-12T12:29:39.192+0000][1][safepoint    ] Safepoint "RevokeBias", Time since last: 240899 ns, Reaching safepoint: 89892 ns, At safepoint: 30035 ns, Total: 119927 ns
[2020-09-12T12:29:39.192+0000][1][safepoint    ] Safepoint "RevokeBias", Time since last: 227970 ns, Reaching safepoint: 90540 ns, At safepoint: 25047 ns, Total: 115587 ns
[2020-09-12T12:29:39.192+0000][1][safepoint    ] Safepoint "RevokeBias", Time since last: 44486 ns, Reaching safepoint: 85575 ns, At safepoint: 23710 ns, Total: 109285 ns
[2020-09-12T12:29:39.193+0000][1][safepoint    ] Safepoint "RevokeBias", Time since last: 598832 ns, Reaching safepoint: 87490 ns, At safepoint: 26624 ns, Total: 114114 ns
[2020-09-12T12:29:39.193+0000][1][safepoint    ] Safepoint "RevokeBias", Time since last: 92070 ns, Reaching safepoint: 86554 ns, At safepoint: 19802 ns, Total: 106356 ns
[2020-09-12T12:29:39.196+0000][1][safepoint    ] Safepoint "RevokeBias", Time since last: 2624246 ns, Reaching safepoint: 95216 ns, At safepoint: 35511 ns, Total: 130727 ns
[2020-09-12T12:29:39.196+0000][1][safepoint    ] Safepoint "RevokeBias", Time since last: 125772 ns, Reaching safepoint: 88708 ns, At safepoint: 20556 ns, Total: 109264 ns
[2020-09-12T12:29:39.208+0000][1][safepoint    ] Safepoint "Deoptimize", Time since last: 11171681 ns, Reaching safepoint: 108869 ns, At safepoint: 395493 ns, Total: 504362 ns
[2020-09-12T12:29:39.231+0000][1][safepoint    ] Safepoint "RevokeBias", Time since last: 20885555 ns, Reaching safepoint: 2191716 ns, At safepoint: 45429 ns, Total: 2237145 ns
[2020-09-12T12:29:39.232+0000][1][safepoint    ] Safepoint "RevokeBias", Time since last: 676798 ns, Reaching safepoint: 108514 ns, At safepoint: 34683 ns, Total: 143197 ns
[2020-09-12T12:29:39.233+0000][1][safepoint    ] Safepoint "Deoptimize", Time since last: 361276 ns, Reaching safepoint: 628684 ns, At safepoint: 354546 ns, Total: 983230 ns
[2020-09-12T12:29:39.253+0000][1][safepoint    ] Safepoint "RevokeBias", Time since last: 16247957 ns, Reaching safepoint: 3254068 ns, At safepoint: 64812 ns, Total: 3318880 ns
[2020-09-12T12:29:39.253+0000][1][safepoint    ] Safepoint "RevokeBias", Time since last: 379693 ns, Reaching safepoint: 331425 ns, At safepoint: 27573 ns, Total: 358998 ns
[2020-09-12T12:29:39.254+0000][1][safepoint    ] Safepoint "RevokeBias", Time since last: 741792 ns, Reaching safepoint: 126376 ns, At safepoint: 63661 ns, Total: 190037 ns
[2020-09-12T12:29:39.737+0000][1][safepoint    ] Safepoint "RevokeBias", Time since last: 480663363 ns, Reaching safepoint: 1746084 ns, At safepoint: 44310 ns, Total: 1790394 ns
[2020-09-12T12:29:39.741+0000][1][safepoint    ] Safepoint "RevokeBias", Time since last: 3158169 ns, Reaching safepoint: 589066 ns, At safepoint: 71712 ns, Total: 660778 ns
[2020-09-12T12:29:39.741+0000][1][safepoint    ] Safepoint "RevokeBias", Time since last: 114131 ns, Reaching safepoint: 478654 ns, At safepoint: 87873 ns, Total: 566527 ns
[2020-09-12T12:29:39.742+0000][1][safepoint    ] Safepoint "RevokeBias", Time since last: 57129 ns, Reaching safepoint: 231022 ns, At safepoint: 54524 ns, Total: 285546 ns
[2020-09-12T12:29:39.743+0000][1][safepoint    ] Safepoint "RevokeBias", Time since last: 48211 ns, Reaching safepoint: 1613596 ns, At safepoint: 92281 ns, Total: 1705877 ns
[2020-09-12T12:29:39.744+0000][1][safepoint    ] Safepoint "RevokeBias", Time since last: 107221 ns, Reaching safepoint: 117896 ns, At safepoint: 60811 ns, Total: 178707 ns
[2020-09-12T12:29:39.745+0000][1][safepoint    ] Safepoint "RevokeBias", Time since last: 75161 ns, Reaching safepoint: 689433 ns, At safepoint: 102105 ns, Total: 791538 ns
[2020-09-12T12:29:39.745+0000][1][safepoint    ] Safepoint "RevokeBias", Time since last: 70524 ns, Reaching safepoint: 68473 ns, At safepoint: 39979 ns, Total: 108452 ns
[2020-09-12T12:29:40.635+0000][1][safepoint    ] Safepoint "RevokeBias", Time since last: 885398207 ns, Reaching safepoint: 4761070 ns, At safepoint: 30769 ns, Total: 4791839 ns
[2020-09-12T12:29:40.647+0000][1][safepoint    ] Safepoint "RevokeBias", Time since last: 9058211 ns, Reaching safepoint: 2541990 ns, At safepoint: 39445 ns, Total: 2581435 ns
[2020-09-12T12:29:40.652+0000][1][safepoint    ] Safepoint "RevokeBias", Time since last: 1920196 ns, Reaching safepoint: 3687800 ns, At safepoint: 34090 ns, Total: 3721890 ns
[2020-09-12T12:29:40.655+0000][1][safepoint    ] Safepoint "RevokeBias", Time since last: 231767 ns, Reaching safepoint: 2823875 ns, At safepoint: 42476 ns, Total: 2866351 ns
[2020-09-12T12:29:40.663+0000][1][safepoint    ] Safepoint "RevokeBias", Time since last: 159783 ns, Reaching safepoint: 7918727 ns, At safepoint: 74401 ns, Total: 7993128 ns
[2020-09-12T12:29:40.677+0000][1][safepoint    ] Safepoint "RevokeBias", Time since last: 247451 ns, Reaching safepoint: 13014667 ns, At safepoint: 62129 ns, Total: 13076796 ns
[2020-09-12T12:29:40.677+0000][1][safepoint    ] Safepoint "RevokeBias", Time since last: 324686 ns, Reaching safepoint: 310308 ns, At safepoint: 24250 ns, Total: 334558 ns
[2020-09-12T12:29:40.683+0000][1][safepoint    ] Safepoint "RevokeBias", Time since last: 197635 ns, Reaching safepoint: 4965046 ns, At safepoint: 38815 ns, Total: 5003861 ns
[2020-09-12T12:29:40.684+0000][1][safepoint    ] Safepoint "RevokeBias", Time since last: 100105 ns, Reaching safepoint: 920651 ns, At safepoint: 34601 ns, Total: 955252 ns
[2020-09-12T12:29:40.717+0000][1][safepoint    ] Safepoint "RevokeBias", Time since last: 17129892 ns, Reaching safepoint: 16370440 ns, At safepoint: 29908 ns, Total: 16400348 ns
[2020-09-12T12:29:40.720+0000][1][safepoint    ] Safepoint "RevokeBias", Time since last: 172178 ns, Reaching safepoint: 2722986 ns, At safepoint: 31700 ns, Total: 2754686 ns
[2020-09-12T12:29:40.720+0000][1][safepoint    ] Safepoint "RevokeBias", Time since last: 50624 ns, Reaching safepoint: 16752 ns, At safepoint: 15614 ns, Total: 32366 ns
[2020-09-12T12:29:40.721+0000][1][safepoint    ] Safepoint "RevokeBias", Time since last: 218706 ns, Reaching safepoint: 159284 ns, At safepoint: 19302 ns, Total: 178586 ns
[2020-09-12T12:29:40.725+0000][1][safepoint    ] Safepoint "RevokeBias", Time since last: 66867 ns, Reaching safepoint: 3873872 ns, At safepoint: 30872 ns, Total: 3904744 ns
[2020-09-12T12:29:40.725+0000][1][safepoint    ] Safepoint "RevokeBias", Time since last: 179140 ns, Reaching safepoint: 138277 ns, At safepoint: 18502 ns, Total: 156779 ns
[2020-09-12T12:29:40.726+0000][1][safepoint    ] Safepoint "RevokeBias", Time since last: 62984 ns, Reaching safepoint: 1257902 ns, At safepoint: 34636 ns, Total: 1292538 ns
[2020-09-12T12:29:40.741+0000][1][safepoint    ] Safepoint "RevokeBias", Time since last: 9531648 ns, Reaching safepoint: 4891051 ns, At safepoint: 33087 ns, Total: 4924138 ns
[2020-09-12T12:29:40.742+0000][1][safepoint    ] Safepoint "BulkRevokeBias", Time since last: 89151 ns, Reaching safepoint: 398946 ns, At safepoint: 275701 ns, Total: 674647 ns
[2020-09-12T12:29:40.745+0000][1][safepoint    ] Safepoint "RevokeBias", Time since last: 34862 ns, Reaching safepoint: 3169038 ns, At safepoint: 44641 ns, Total: 3213679 ns
[2020-09-12T12:29:40.769+0000][1][safepoint    ] Safepoint "RevokeBias", Time since last: 20555692 ns, Reaching safepoint: 3419610 ns, At safepoint: 85749 ns, Total: 3505359 ns
[2020-09-12T12:29:40.792+0000][1][safepoint    ] Safepoint "RevokeBias", Time since last: 16950369 ns, Reaching safepoint: 6573917 ns, At safepoint: 60692 ns, Total: 6634609 ns
[2020-09-12T12:29:40.805+0000][1][safepoint    ] Safepoint "RevokeBias", Time since last: 9569443 ns, Reaching safepoint: 2848661 ns, At safepoint: 320989 ns, Total: 3169650 ns
[2020-09-12T12:29:40.813+0000][1][safepoint    ] Safepoint "RevokeBias", Time since last: 7949093 ns, Reaching safepoint: 203132 ns, At safepoint: 59788 ns, Total: 262920 ns
[2020-09-12T12:29:40.815+0000][1][safepoint    ] Safepoint "RevokeBias", Time since last: 1270791 ns, Reaching safepoint: 176145 ns, At safepoint: 179597 ns, Total: 355742 ns
[2020-09-12T12:29:40.817+0000][1][safepoint    ] Safepoint "RevokeBias", Time since last: 1685185 ns, Reaching safepoint: 47122 ns, At safepoint: 23317 ns, Total: 70439 ns
[2020-09-12T12:29:40.825+0000][1][safepoint    ] Safepoint "RevokeBias", Time since last: 8397689 ns, Reaching safepoint: 40587 ns, At safepoint: 21759 ns, Total: 62346 ns
[2020-09-12T12:29:40.833+0000][1][safepoint    ] Safepoint "RevokeBias", Time since last: 7847551 ns, Reaching safepoint: 47434 ns, At safepoint: 24689 ns, Total: 72123 ns
[2020-09-12T12:29:40.835+0000][1][safepoint    ] Safepoint "RevokeBias", Time since last: 2017386 ns, Reaching safepoint: 37221 ns, At safepoint: 20989 ns, Total: 58210 ns
[2020-09-12T12:29:40.837+0000][1][safepoint    ] Safepoint "RevokeBias", Time since last: 132389 ns, Reaching safepoint: 1409660 ns, At safepoint: 34448 ns, Total: 1444108 ns
[2020-09-12T12:29:40.839+0000][1][safepoint    ] Safepoint "RevokeBias", Time since last: 2411033 ns, Reaching safepoint: 48398 ns, At safepoint: 21601 ns, Total: 69999 ns
[2020-09-12T12:29:40.868+0000][1][safepoint    ] Safepoint "RevokeBias", Time since last: 28687476 ns, Reaching safepoint: 158650 ns, At safepoint: 72159 ns, Total: 230809 ns
[2020-09-12T12:29:40.868+0000][1][safepoint    ] Safepoint "RevokeBias", Time since last: 81378 ns, Reaching safepoint: 95453 ns, At safepoint: 26183 ns, Total: 121636 ns
[2020-09-12T12:29:40.869+0000][1][safepoint    ] Safepoint "RevokeBias", Time since last: 301022 ns, Reaching safepoint: 100564 ns, At safepoint: 28844 ns, Total: 129408 ns
[2020-09-12T12:29:40.869+0000][1][safepoint    ] Safepoint "RevokeBias", Time since last: 127468 ns, Reaching safepoint: 174459 ns, At safepoint: 38943 ns, Total: 213402 ns
[2020-09-12T12:29:40.869+0000][1][safepoint    ] Safepoint "RevokeBias", Time since last: 70519 ns, Reaching safepoint: 95806 ns, At safepoint: 24949 ns, Total: 120755 ns
[2020-09-12T12:29:40.873+0000][1][safepoint    ] Safepoint "RevokeBias", Time since last: 610120 ns, Reaching safepoint: 2777823 ns, At safepoint: 55239 ns, Total: 2833062 ns
[2020-09-12T12:29:40.882+0000][1][safepoint    ] Safepoint "RevokeBias", Time since last: 92078 ns, Reaching safepoint: 8627960 ns, At safepoint: 44689 ns, Total: 8672649 ns
[2020-09-12T12:29:40.882+0000][1][safepoint    ] Safepoint "RevokeBias", Time since last: 79842 ns, Reaching safepoint: 101920 ns, At safepoint: 19483 ns, Total: 121403 ns
[2020-09-12T12:29:40.882+0000][1][safepoint    ] Safepoint "RevokeBias", Time since last: 198568 ns, Reaching safepoint: 145724 ns, At safepoint: 21502 ns, Total: 167226 ns
[2020-09-12T12:29:40.882+0000][1][safepoint    ] Safepoint "RevokeBias", Time since last: 113130 ns, Reaching safepoint: 96144 ns, At safepoint: 16124 ns, Total: 112268 ns
[2020-09-12T12:29:40.883+0000][1][safepoint    ] Safepoint "RevokeBias", Time since last: 45969 ns, Reaching safepoint: 98158 ns, At safepoint: 34289 ns, Total: 132447 ns
[2020-09-12T12:29:40.883+0000][1][safepoint    ] Safepoint "RevokeBias", Time since last: 67396 ns, Reaching safepoint: 97014 ns, At safepoint: 17663 ns, Total: 114677 ns
[2020-09-12T12:29:40.883+0000][1][safepoint    ] Safepoint "RevokeBias", Time since last: 74473 ns, Reaching safepoint: 172476 ns, At safepoint: 36032 ns, Total: 208508 ns
[2020-09-12T12:29:40.885+0000][1][safepoint    ] Safepoint "RevokeBias", Time since last: 1880751 ns, Reaching safepoint: 123299 ns, At safepoint: 33175 ns, Total: 156474 ns
[2020-09-12T12:29:40.904+0000][1][safepoint    ] Safepoint "RevokeBias", Time since last: 18339489 ns, Reaching safepoint: 317399 ns, At safepoint: 26096 ns, Total: 343495 ns
[2020-09-12T12:29:40.909+0000][1][safepoint    ] Safepoint "RevokeBias", Time since last: 68717 ns, Reaching safepoint: 5000108 ns, At safepoint: 39442 ns, Total: 5039550 ns
[2020-09-12T12:29:40.943+0000][1][safepoint    ] Safepoint "RevokeBias", Time since last: 33420521 ns, Reaching safepoint: 759343 ns, At safepoint: 25869 ns, Total: 785212 ns
[2020-09-12T12:29:40.945+0000][1][safepoint    ] Safepoint "RevokeBias", Time since last: 309336 ns, Reaching safepoint: 2086369 ns, At safepoint: 62197 ns, Total: 2148566 ns
[2020-09-12T12:29:40.946+0000][1][safepoint    ] Safepoint "RevokeBias", Time since last: 102110 ns, Reaching safepoint: 213771 ns, At safepoint: 67261 ns, Total: 281032 ns
[2020-09-12T12:29:40.964+0000][1][safepoint    ] Safepoint "RevokeBias", Time since last: 14849754 ns, Reaching safepoint: 3082570 ns, At safepoint: 33321 ns, Total: 3115891 ns
[2020-09-12T12:29:40.967+0000][1][safepoint    ] Safepoint "RevokeBias", Time since last: 1779672 ns, Reaching safepoint: 1019609 ns, At safepoint: 27932 ns, Total: 1047541 ns
[2020-09-12T12:29:40.969+0000][1][safepoint    ] Safepoint "RevokeBias", Time since last: 866982 ns, Reaching safepoint: 1207030 ns, At safepoint: 31923 ns, Total: 1238953 ns
[2020-09-12T12:29:40.973+0000][1][safepoint    ] Safepoint "RevokeBias", Time since last: 82527 ns, Reaching safepoint: 3881749 ns, At safepoint: 34343 ns, Total: 3916092 ns
[2020-09-12T12:29:40.974+0000][1][safepoint    ] Safepoint "RevokeBias", Time since last: 104978 ns, Reaching safepoint: 919027 ns, At safepoint: 25372 ns, Total: 944399 ns
[2020-09-12T12:29:40.978+0000][1][safepoint    ] Safepoint "RevokeBias", Time since last: 1911588 ns, Reaching safepoint: 2547576 ns, At safepoint: 51760 ns, Total: 2599336 ns
[2020-09-12T12:29:40.993+0000][1][safepoint    ] Safepoint "BulkRevokeBias", Time since last: 12934904 ns, Reaching safepoint: 1281434 ns, At safepoint: 192023 ns, Total: 1473457 ns
[2020-09-12T12:29:41.046+0000][1][safepoint    ] Safepoint "RevokeBias", Time since last: 50298694 ns, Reaching safepoint: 2461429 ns, At safepoint: 28008 ns, Total: 2489437 ns
[2020-09-12T12:29:41.052+0000][1][safepoint    ] Safepoint "RevokeBias", Time since last: 1765238 ns, Reaching safepoint: 4377755 ns, At safepoint: 31949 ns, Total: 4409704 ns
[2020-09-12T12:29:41.056+0000][1][safepoint    ] Safepoint "RevokeBias", Time since last: 540208 ns, Reaching safepoint: 3945260 ns, At safepoint: 27436 ns, Total: 3972696 ns
[2020-09-12T12:29:41.065+0000][1][safepoint    ] Safepoint "RevokeBias", Time since last: 6097339 ns, Reaching safepoint: 2419408 ns, At safepoint: 26723 ns, Total: 2446131 ns
[2020-09-12T12:29:41.617+0000][1][safepoint    ] Safepoint "RevokeBias", Time since last: 551821872 ns, Reaching safepoint: 145648 ns, At safepoint: 23307 ns, Total: 168955 ns
[2020-09-12T12:29:41.617+0000][1][safepoint    ] Safepoint "RevokeBias", Time since last: 425116 ns, Reaching safepoint: 271976 ns, At safepoint: 25864 ns, Total: 297840 ns
[2020-09-12T12:29:41.625+0000][1][safepoint    ] Safepoint "RevokeBias", Time since last: 1782329 ns, Reaching safepoint: 5517921 ns, At safepoint: 38331 ns, Total: 5556252 ns
[2020-09-12T12:29:41.627+0000][1][safepoint    ] Safepoint "RevokeBias", Time since last: 572803 ns, Reaching safepoint: 1624599 ns, At safepoint: 34066 ns, Total: 1658665 ns
[2020-09-12T12:29:41.630+0000][1][safepoint    ] Safepoint "RevokeBias", Time since last: 132232 ns, Reaching safepoint: 2446816 ns, At safepoint: 31881 ns, Total: 2478697 ns
[2020-09-12T12:29:41.632+0000][1][safepoint    ] Safepoint "RevokeBias", Time since last: 777762 ns, Reaching safepoint: 1398527 ns, At safepoint: 26601 ns, Total: 1425128 ns
[2020-09-12T12:29:41.632+0000][1][safepoint    ] Safepoint "RevokeBias", Time since last: 429411 ns, Reaching safepoint: 178553 ns, At safepoint: 24821 ns, Total: 203374 ns
[2020-09-12T12:29:41.633+0000][1][safepoint    ] Safepoint "RevokeBias", Time since last: 474174 ns, Reaching safepoint: 32470 ns, At safepoint: 13907 ns, Total: 46377 ns
[2020-09-12T12:29:42.616+0000][1][safepoint    ] Safepoint "RevokeBias", Time since last: 982591427 ns, Reaching safepoint: 48628 ns, At safepoint: 19486 ns, Total: 68114 ns
[2020-09-12T12:29:42.618+0000][1][safepoint    ] Safepoint "RevokeBias", Time since last: 2019181 ns, Reaching safepoint: 36574 ns, At safepoint: 21390 ns, Total: 57964 ns
[2020-09-12T12:29:42.618+0000][1][safepoint    ] Safepoint "RevokeBias", Time since last: 375034 ns, Reaching safepoint: 18376 ns, At safepoint: 15024 ns, Total: 33400 ns
[2020-09-12T12:29:42.619+0000][1][safepoint    ] Safepoint "RevokeBias", Time since last: 893614 ns, Reaching safepoint: 25756 ns, At safepoint: 28803 ns, Total: 54559 ns
[2020-09-12T12:29:42.620+0000][1][safepoint    ] Safepoint "RevokeBias", Time since last: 1257578 ns, Reaching safepoint: 34305 ns, At safepoint: 15723 ns, Total: 50028 ns
[2020-09-12T12:29:42.621+0000][1][safepoint    ] Safepoint "RevokeBias", Time since last: 264528 ns, Reaching safepoint: 19610 ns, At safepoint: 10915 ns, Total: 30525 ns
[2020-09-12T12:29:43.618+0000][1][safepoint    ] Safepoint "RevokeBias", Time since last: 996447881 ns, Reaching safepoint: 351518 ns, At safepoint: 21787 ns, Total: 373305 ns
[2020-09-12T12:29:43.618+0000][1][safepoint    ] Safepoint "RevokeBias", Time since last: 331967 ns, Reaching safepoint: 96166 ns, At safepoint: 19510 ns, Total: 115676 ns
[2020-09-12T12:29:43.618+0000][1][safepoint    ] Safepoint "RevokeBias", Time since last: 207571 ns, Reaching safepoint: 95393 ns, At safepoint: 17593 ns, Total: 112986 ns
[2020-09-12T12:29:43.619+0000][1][safepoint    ] Safepoint "RevokeBias", Time since last: 459944 ns, Reaching safepoint: 94854 ns, At safepoint: 19234 ns, Total: 114088 ns
[2020-09-12T12:29:43.619+0000][1][safepoint    ] Safepoint "RevokeBias", Time since last: 317607 ns, Reaching safepoint: 96711 ns, At safepoint: 18003 ns, Total: 114714 ns
[2020-09-12T12:29:43.623+0000][1][safepoint    ] Safepoint "RevokeBias", Time since last: 2205906 ns, Reaching safepoint: 994807 ns, At safepoint: 26403 ns, Total: 1021210 ns
[2020-09-12T12:29:43.634+0000][1][safepoint    ] Safepoint "RevokeBias", Time since last: 9354655 ns, Reaching safepoint: 2060922 ns, At safepoint: 38990 ns, Total: 2099912 ns
[2020-09-12T12:29:43.643+0000][1][safepoint    ] Safepoint "RevokeBias", Time since last: 6889604 ns, Reaching safepoint: 2601876 ns, At safepoint: 36887 ns, Total: 2638763 ns
[2020-09-12T12:29:43.704+0000][1][safepoint    ] Safepoint "RevokeBias", Time since last: 60464891 ns, Reaching safepoint: 52970 ns, At safepoint: 24543 ns, Total: 77513 ns
[2020-09-12T12:29:43.707+0000][1][safepoint    ] Safepoint "RevokeBias", Time since last: 3140221 ns, Reaching safepoint: 47628 ns, At safepoint: 25304 ns, Total: 72932 ns
[2020-09-12T12:29:43.709+0000][1][safepoint    ] Safepoint "RevokeBias", Time since last: 1589750 ns, Reaching safepoint: 51067 ns, At safepoint: 26671 ns, Total: 77738 ns
[2020-09-12T12:29:43.709+0000][1][safepoint    ] Safepoint "RevokeBias", Time since last: 103197 ns, Reaching safepoint: 50847 ns, At safepoint: 25596 ns, Total: 76443 ns
[2020-09-12T12:29:43.709+0000][1][safepoint    ] Safepoint "RevokeBias", Time since last: 58872 ns, Reaching safepoint: 30156 ns, At safepoint: 15578 ns, Total: 45734 ns
[2020-09-12T12:29:43.710+0000][1][safepoint    ] Safepoint "RevokeBias", Time since last: 295822 ns, Reaching safepoint: 32401 ns, At safepoint: 20629 ns, Total: 53030 ns
[2020-09-12T12:29:43.710+0000][1][safepoint    ] Safepoint "RevokeBias", Time since last: 63231 ns, Reaching safepoint: 38583 ns, At safepoint: 22399 ns, Total: 60982 ns
[2020-09-12T12:29:43.710+0000][1][safepoint    ] Safepoint "RevokeBias", Time since last: 61147 ns, Reaching safepoint: 36411 ns, At safepoint: 19193 ns, Total: 55604 ns
[2020-09-12T12:29:43.763+0000][1][safepoint    ] Safepoint "RevokeBias", Time since last: 53314335 ns, Reaching safepoint: 56866 ns, At safepoint: 30045 ns, Total: 86911 ns
[2020-09-12T12:29:43.848+0000][1][safepoint    ] Safepoint "RevokeBias", Time since last: 84299742 ns, Reaching safepoint: 69355 ns, At safepoint: 23944 ns, Total: 93299 ns
[2020-09-12T12:29:43.857+0000][1][safepoint    ] Safepoint "RevokeBias", Time since last: 9110573 ns, Reaching safepoint: 55831 ns, At safepoint: 26666 ns, Total: 82497 ns
[2020-09-12T12:29:43.857+0000][1][safepoint    ] Safepoint "RevokeBias", Time since last: 606722 ns, Reaching safepoint: 40278 ns, At safepoint: 20620 ns, Total: 60898 ns
[2020-09-12T12:29:43.858+0000][1][safepoint    ] Safepoint "RevokeBias", Time since last: 333054 ns, Reaching safepoint: 38085 ns, At safepoint: 18600 ns, Total: 56685 ns
[2020-09-12T12:29:43.973+0000][1][safepoint    ] Safepoint "RevokeBias", Time since last: 110251678 ns, Reaching safepoint: 4644482 ns, At safepoint: 29529 ns, Total: 4674011 ns
[2020-09-12T12:29:44.618+0000][1][safepoint    ] Safepoint "RevokeBias", Time since last: 644853584 ns, Reaching safepoint: 49895 ns, At safepoint: 18168 ns, Total: 68063 ns
[2020-09-12T12:29:44.618+0000][1][safepoint    ] Safepoint "RevokeBias", Time since last: 277429 ns, Reaching safepoint: 29362 ns, At safepoint: 13522 ns, Total: 42884 ns
[2020-09-12T12:29:44.619+0000][1][safepoint    ] Safepoint "RevokeBias", Time since last: 649005 ns, Reaching safepoint: 36361 ns, At safepoint: 15458 ns, Total: 51819 ns
[2020-09-12T12:29:44.620+0000][1][safepoint    ] Safepoint "RevokeBias", Time since last: 866186 ns, Reaching safepoint: 30525 ns, At safepoint: 13501 ns, Total: 44026 ns
[2020-09-12T12:29:44.903+0000][1][safepoint    ] Safepoint "RevokeBias", Time since last: 281555648 ns, Reaching safepoint: 2238562 ns, At safepoint: 32492 ns, Total: 2271054 ns
[2020-09-12T12:29:44.925+0000][1][safepoint    ] Safepoint "RevokeBias", Time since last: 21875626 ns, Reaching safepoint: 67201 ns, At safepoint: 23929 ns, Total: 91130 ns
[2020-09-12T12:29:45.137+0000][1][safepoint    ] Safepoint "RevokeBias", Time since last: 211273833 ns, Reaching safepoint: 57666 ns, At safepoint: 23000 ns, Total: 80666 ns
[2020-09-12T12:29:45.348+0000][1][safepoint    ] Safepoint "RevokeBias", Time since last: 211603375 ns, Reaching safepoint: 46071 ns, At safepoint: 18138 ns, Total: 64209 ns
[2020-09-12T12:29:45.350+0000][1][safepoint    ] Safepoint "RevokeBias", Time since last: 1818200 ns, Reaching safepoint: 39435 ns, At safepoint: 21004 ns, Total: 60439 ns
[2020-09-12T12:29:45.350+0000][1][safepoint    ] Safepoint "RevokeBias", Time since last: 88117 ns, Reaching safepoint: 33223 ns, At safepoint: 16746 ns, Total: 49969 ns
[2020-09-12T12:29:45.351+0000][1][safepoint    ] Safepoint "RevokeBias", Time since last: 46687 ns, Reaching safepoint: 26412 ns, At safepoint: 14092 ns, Total: 40504 ns
[2020-09-12T12:29:45.351+0000][1][safepoint    ] Safepoint "RevokeBias", Time since last: 505703 ns, Reaching safepoint: 29425 ns, At safepoint: 15172 ns, Total: 44597 ns
[2020-09-12T12:29:45.353+0000][1][safepoint    ] Safepoint "RevokeBias", Time since last: 727109 ns, Reaching safepoint: 782568 ns, At safepoint: 21582 ns, Total: 804150 ns
[2020-09-12T12:29:45.355+0000][1][safepoint    ] Safepoint "RevokeBias", Time since last: 211684 ns, Reaching safepoint: 1685924 ns, At safepoint: 35809 ns, Total: 1721733 ns
[2020-09-12T12:29:45.437+0000][1][safepoint    ] Safepoint "RevokeBias", Time since last: 82145729 ns, Reaching safepoint: 123978 ns, At safepoint: 19623 ns, Total: 143601 ns
[2020-09-12T12:29:45.437+0000][1][safepoint    ] Safepoint "RevokeBias", Time since last: 93287 ns, Reaching safepoint: 89503 ns, At safepoint: 13241 ns, Total: 102744 ns
[2020-09-12T12:29:45.615+0000][1][safepoint    ] Safepoint "RevokeBias", Time since last: 174599810 ns, Reaching safepoint: 3690473 ns, At safepoint: 30297 ns, Total: 3720770 ns
[2020-09-12T12:29:45.635+0000][1][safepoint    ] Safepoint "RevokeBias", Time since last: 18338837 ns, Reaching safepoint: 1605776 ns, At safepoint: 60934 ns, Total: 1666710 ns
[2020-09-12T12:29:45.636+0000][1][safepoint    ] Safepoint "RevokeBias", Time since last: 207909 ns, Reaching safepoint: 113496 ns, At safepoint: 23387 ns, Total: 136883 ns
[2020-09-12T12:29:45.640+0000][1][safepoint    ] Safepoint "RevokeBias", Time since last: 250549 ns, Reaching safepoint: 3531067 ns, At safepoint: 33118 ns, Total: 3564185 ns
[2020-09-12T12:29:45.651+0000][1][safepoint    ] Safepoint "RevokeBias", Time since last: 6903306 ns, Reaching safepoint: 4865434 ns, At safepoint: 36253 ns, Total: 4901687 ns
[2020-09-12T12:29:45.652+0000][1][safepoint    ] Safepoint "RevokeBias", Time since last: 120935 ns, Reaching safepoint: 480698 ns, At safepoint: 19042 ns, Total: 499740 ns
[2020-09-12T12:29:45.653+0000][1][safepoint    ] Safepoint "RevokeBias", Time since last: 223416 ns, Reaching safepoint: 680111 ns, At safepoint: 55295 ns, Total: 735406 ns
[2020-09-12T12:29:45.797+0000][1][safepoint    ] Safepoint "RevokeBias", Time since last: 143060827 ns, Reaching safepoint: 763704 ns, At safepoint: 55740 ns, Total: 819444 ns
[2020-09-12T12:29:45.867+0000][1][safepoint    ] Safepoint "RevokeBias", Time since last: 67371238 ns, Reaching safepoint: 3261286 ns, At safepoint: 33671 ns, Total: 3294957 ns
[2020-09-12T12:29:45.996+0000][1][safepoint    ] Safepoint "RevokeBias", Time since last: 128348981 ns, Reaching safepoint: 148070 ns, At safepoint: 40156 ns, Total: 188226 ns
[2020-09-12T12:29:46.021+0000][1][safepoint    ] Safepoint "RevokeBias", Time since last: 23292640 ns, Reaching safepoint: 1439685 ns, At safepoint: 47940 ns, Total: 1487625 ns
[2020-09-12T12:29:46.057+0000][1][safepoint    ] Safepoint "RevokeBias", Time since last: 36037831 ns, Reaching safepoint: 40817 ns, At safepoint: 21137 ns, Total: 61954 ns
[2020-09-12T12:29:46.058+0000][1][safepoint    ] Safepoint "RevokeBias", Time since last: 752231 ns, Reaching safepoint: 49900 ns, At safepoint: 25338 ns, Total: 75238 ns
[2020-09-12T12:29:46.113+0000][1][safepoint    ] Safepoint "RevokeBias", Time since last: 55045668 ns, Reaching safepoint: 106147 ns, At safepoint: 19783 ns, Total: 125930 ns
[2020-09-12T12:29:46.133+0000][1][safepoint    ] Safepoint "RevokeBias", Time since last: 17580584 ns, Reaching safepoint: 2265468 ns, At safepoint: 47095 ns, Total: 2312563 ns
[2020-09-12T12:29:46.147+0000][1][safepoint    ] Safepoint "RevokeBias", Time since last: 13696797 ns, Reaching safepoint: 748154 ns, At safepoint: 26018 ns, Total: 774172 ns
[2020-09-12T12:29:46.197+0000][1][safepoint    ] Safepoint "RevokeBias", Time since last: 41584595 ns, Reaching safepoint: 8467819 ns, At safepoint: 25652 ns, Total: 8493471 ns
[2020-09-12T12:29:46.205+0000][1][safepoint    ] Safepoint "RevokeBias", Time since last: 808295 ns, Reaching safepoint: 6621875 ns, At safepoint: 31376 ns, Total: 6653251 ns
[2020-09-12T12:29:46.274+0000][1][safepoint    ] Safepoint "RevokeBias", Time since last: 56937586 ns, Reaching safepoint: 12579108 ns, At safepoint: 67584 ns, Total: 12646692 ns
[2020-09-12T12:29:46.285+0000][1][safepoint    ] Safepoint "RevokeBias", Time since last: 1649517 ns, Reaching safepoint: 9229232 ns, At safepoint: 63726 ns, Total: 9292958 ns
[2020-09-12T12:29:46.401+0000][1][safepoint    ] Safepoint "RevokeBias", Time since last: 115596967 ns, Reaching safepoint: 119434 ns, At safepoint: 25425 ns, Total: 144859 ns
[2020-09-12T12:29:46.434+0000][1][safepoint    ] Safepoint "BulkRevokeBias", Time since last: 31445048 ns, Reaching safepoint: 1097154 ns, At safepoint: 251231 ns, Total: 1348385 ns
[2020-09-12T12:29:46.439+0000][1][safepoint    ] Safepoint "RevokeBias", Time since last: 5368716 ns, Reaching safepoint: 211484 ns, At safepoint: 30986 ns, Total: 242470 ns
[2020-09-12T12:29:46.452+0000][1][safepoint    ] Safepoint "RevokeBias", Time since last: 12733356 ns, Reaching safepoint: 264510 ns, At safepoint: 17874 ns, Total: 282384 ns
[2020-09-12T12:29:46.464+0000][1][safepoint    ] Safepoint "BulkRevokeBias", Time since last: 8811909 ns, Reaching safepoint: 540198 ns, At safepoint: 2486923 ns, Total: 3027121 ns
[2020-09-12T12:29:46.473+0000][1][safepoint    ] Safepoint "RevokeBias", Time since last: 1048468 ns, Reaching safepoint: 7379709 ns, At safepoint: 45856 ns, Total: 7425565 ns
[2020-09-12T12:29:46.474+0000][1][safepoint    ] Safepoint "RevokeBias", Time since last: 687720 ns, Reaching safepoint: 104648 ns, At safepoint: 40684 ns, Total: 145332 ns
[2020-09-12T12:29:46.474+0000][1][safepoint    ] Safepoint "RevokeBias", Time since last: 418315 ns, Reaching safepoint: 95555 ns, At safepoint: 31221 ns, Total: 126776 ns
[2020-09-12T12:29:46.475+0000][1][safepoint    ] Safepoint "RevokeBias", Time since last: 726062 ns, Reaching safepoint: 108824 ns, At safepoint: 26617 ns, Total: 135441 ns
[2020-09-12T12:29:46.489+0000][1][safepoint    ] Safepoint "RevokeBias", Time since last: 5690617 ns, Reaching safepoint: 8074920 ns, At safepoint: 57853 ns, Total: 8132773 ns
[2020-09-12T12:29:46.490+0000][1][safepoint    ] Safepoint "RevokeBias", Time since last: 1426750 ns, Reaching safepoint: 132570 ns, At safepoint: 37497 ns, Total: 170067 ns
[2020-09-12T12:29:46.496+0000][1][safepoint    ] Safepoint "RevokeBias", Time since last: 5153242 ns, Reaching safepoint: 294544 ns, At safepoint: 39799 ns, Total: 334343 ns
[2020-09-12T12:29:46.502+0000][1][safepoint    ] Safepoint "RevokeBias", Time since last: 5925454 ns, Reaching safepoint: 126050 ns, At safepoint: 19661 ns, Total: 145711 ns
[2020-09-12T12:29:46.516+0000][1][safepoint    ] Safepoint "RevokeBias", Time since last: 10797049 ns, Reaching safepoint: 3204115 ns, At safepoint: 23196 ns, Total: 3227311 ns
[2020-09-12T12:29:46.516+0000][1][safepoint    ] Safepoint "RevokeBias", Time since last: 335169 ns, Reaching safepoint: 99050 ns, At safepoint: 14034 ns, Total: 113084 ns
[2020-09-12T12:29:46.523+0000][1][safepoint    ] Safepoint "RevokeBias", Time since last: 6534228 ns, Reaching safepoint: 199421 ns, At safepoint: 19882 ns, Total: 219303 ns
[2020-09-12T12:29:46.523+0000][1][safepoint    ] Safepoint "RevokeBias", Time since last: 138022 ns, Reaching safepoint: 94895 ns, At safepoint: 15573 ns, Total: 110468 ns
[2020-09-12T12:29:46.524+0000][1][safepoint    ] Safepoint "RevokeBias", Time since last: 131013 ns, Reaching safepoint: 96891 ns, At safepoint: 14446 ns, Total: 111337 ns
[2020-09-12T12:29:46.524+0000][1][safepoint    ] Safepoint "RevokeBias", Time since last: 183699 ns, Reaching safepoint: 93526 ns, At safepoint: 14286 ns, Total: 107812 ns
[2020-09-12T12:29:46.529+0000][1][safepoint    ] Safepoint "RevokeBias", Time since last: 82119 ns, Reaching safepoint: 5313716 ns, At safepoint: 37784 ns, Total: 5351500 ns
[2020-09-12T12:29:46.530+0000][1][safepoint    ] Safepoint "RevokeBias", Time since last: 251378 ns, Reaching safepoint: 112567 ns, At safepoint: 16918 ns, Total: 129485 ns
[2020-09-12T12:29:46.530+0000][1][safepoint    ] Safepoint "RevokeBias", Time since last: 107073 ns, Reaching safepoint: 94625 ns, At safepoint: 14858 ns, Total: 109483 ns
[2020-09-12T12:29:46.531+0000][1][safepoint    ] Safepoint "RevokeBias", Time since last: 1083292 ns, Reaching safepoint: 109011 ns, At safepoint: 19454 ns, Total: 128465 ns
[2020-09-12T12:29:46.532+0000][1][safepoint    ] Safepoint "RevokeBias", Time since last: 140706 ns, Reaching safepoint: 370331 ns, At safepoint: 15893 ns, Total: 386224 ns
[2020-09-12T12:29:46.537+0000][1][safepoint    ] Safepoint "RevokeBias", Time since last: 4713358 ns, Reaching safepoint: 149995 ns, At safepoint: 63849 ns, Total: 213844 ns
[2020-09-12T12:29:46.548+0000][1][safepoint    ] Safepoint "BulkRevokeBias", Time since last: 8019502 ns, Reaching safepoint: 2710886 ns, At safepoint: 228449 ns, Total: 2939335 ns
[2020-09-12T12:29:46.560+0000][1][safepoint    ] Safepoint "RevokeBias", Time since last: 12135273 ns, Reaching safepoint: 117542 ns, At safepoint: 21058 ns, Total: 138600 ns
[2020-09-12T12:29:46.560+0000][1][safepoint    ] Safepoint "RevokeBias", Time since last: 256415 ns, Reaching safepoint: 95642 ns, At safepoint: 16974 ns, Total: 112616 ns
[2020-09-12T12:29:46.561+0000][1][safepoint    ] Safepoint "RevokeBias", Time since last: 103823 ns, Reaching safepoint: 91697 ns, At safepoint: 14815 ns, Total: 106512 ns
[2020-09-12T12:29:46.565+0000][1][safepoint    ] Safepoint "RevokeBias", Time since last: 4068571 ns, Reaching safepoint: 335416 ns, At safepoint: 21506 ns, Total: 356922 ns
[2020-09-12T12:29:46.566+0000][1][safepoint    ] Safepoint "RevokeBias", Time since last: 233101 ns, Reaching safepoint: 592823 ns, At safepoint: 19913 ns, Total: 612736 ns
[2020-09-12T12:29:46.567+0000][1][safepoint    ] Safepoint "RevokeBias", Time since last: 285431 ns, Reaching safepoint: 548472 ns, At safepoint: 19001 ns, Total: 567473 ns
[2020-09-12T12:29:46.655+0000][1][safepoint    ] Safepoint "RevokeBias", Time since last: 76677964 ns, Reaching safepoint: 11753098 ns, At safepoint: 32384 ns, Total: 11785482 ns
[2020-09-12T12:29:46.666+0000][1][safepoint    ] Safepoint "RevokeBias", Time since last: 10648010 ns, Reaching safepoint: 155447 ns, At safepoint: 26416 ns, Total: 181863 ns
[2020-09-12T12:29:46.672+0000][1][safepoint    ] Safepoint "RevokeBias", Time since last: 197349 ns, Reaching safepoint: 5367766 ns, At safepoint: 34813 ns, Total: 5402579 ns
[2020-09-12T12:29:46.672+0000][1][safepoint    ] Safepoint "RevokeBias", Time since last: 317054 ns, Reaching safepoint: 103757 ns, At safepoint: 16971 ns, Total: 120728 ns
[2020-09-12T12:29:46.760+0000][1][safepoint    ] Safepoint "RevokeBias", Time since last: 87905862 ns, Reaching safepoint: 588432 ns, At safepoint: 21667 ns, Total: 610099 ns
[2020-09-12T12:29:46.780+0000][1][safepoint    ] Safepoint "RevokeBias", Time since last: 10769082 ns, Reaching safepoint: 8671850 ns, At safepoint: 64720 ns, Total: 8736570 ns
[2020-09-12T12:29:46.792+0000][1][safepoint    ] Safepoint "RevokeBias", Time since last: 11926604 ns, Reaching safepoint: 114980 ns, At safepoint: 51574 ns, Total: 166554 ns
[2020-09-12T12:29:46.959+0000][1][safepoint    ] Safepoint "RevokeBias", Time since last: 156598533 ns, Reaching safepoint: 10473234 ns, At safepoint: 107400 ns, Total: 10580634 ns
[2020-09-12T12:29:46.965+0000][1][safepoint    ] Safepoint "RevokeBias", Time since last: 6053459 ns, Reaching safepoint: 117328 ns, At safepoint: 48139 ns, Total: 165467 ns
[2020-09-12T12:29:46.985+0000][1][safepoint    ] Safepoint "RevokeBias", Time since last: 19209104 ns, Reaching safepoint: 129873 ns, At safepoint: 19809 ns, Total: 149682 ns
[2020-09-12T12:29:47.025+0000][1][safepoint    ] Safepoint "RevokeBias", Time since last: 35211763 ns, Reaching safepoint: 4683936 ns, At safepoint: 81462 ns, Total: 4765398 ns
[2020-09-12T12:29:47.045+0000][1][safepoint    ] Safepoint "RevokeBias", Time since last: 19933441 ns, Reaching safepoint: 132026 ns, At safepoint: 61574 ns, Total: 193600 ns
[2020-09-12T12:29:47.184+0000][1][safepoint    ] Safepoint "RevokeBias", Time since last: 138771219 ns, Reaching safepoint: 42823 ns, At safepoint: 19666 ns, Total: 62489 ns
[2020-09-12T12:29:47.622+0000][1][safepoint    ] Safepoint "RevokeBias", Time since last: 438542084 ns, Reaching safepoint: 107520 ns, At safepoint: 19813 ns, Total: 127333 ns
[2020-09-12T12:29:47.623+0000][1][safepoint    ] Safepoint "RevokeBias", Time since last: 233456 ns, Reaching safepoint: 21368 ns, At safepoint: 14751 ns, Total: 36119 ns
[2020-09-12T12:29:47.623+0000][1][safepoint    ] Safepoint "RevokeBias", Time since last: 595984 ns, Reaching safepoint: 28836 ns, At safepoint: 13447 ns, Total: 42283 ns
[2020-09-12T12:29:47.990+0000][1][safepoint    ] Safepoint "BulkRevokeBias", Time since last: 365946225 ns, Reaching safepoint: 65914 ns, At safepoint: 184472 ns, Total: 250386 ns
[2020-09-12T12:29:48.373+0000][1][safepoint    ] Safepoint "RevokeBias", Time since last: 381334234 ns, Reaching safepoint: 1851402 ns, At safepoint: 35566 ns, Total: 1886968 ns
[2020-09-12T12:29:48.376+0000][1][safepoint    ] Safepoint "RevokeBias", Time since last: 104526 ns, Reaching safepoint: 2930133 ns, At safepoint: 29346 ns, Total: 2959479 ns
[2020-09-12T12:29:48.637+0000][1][safepoint    ] Safepoint "RevokeBias", Time since last: 260401462 ns, Reaching safepoint: 483761 ns, At safepoint: 25598 ns, Total: 509359 ns
[2020-09-12T12:29:48.640+0000][1][safepoint    ] Safepoint "RevokeBias", Time since last: 2812138 ns, Reaching safepoint: 43404 ns, At safepoint: 19121 ns, Total: 62525 ns
[2020-09-12T12:29:48.645+0000][1][safepoint    ] Safepoint "RevokeBias", Time since last: 858561 ns, Reaching safepoint: 4244452 ns, At safepoint: 27742 ns, Total: 4272194 ns
[2020-09-12T12:29:48.652+0000][1][gc,start     ] GC(33) Pause Young (Allocation Failure)
[2020-09-12T12:29:48.656+0000][1][gc,task      ] GC(33) Using 2 workers of 2 for evacuation
[2020-09-12T12:29:48.822+0000][1][gc,age       ] GC(33) Desired survivor size 8716288 bytes, new threshold 6 (max threshold 6)
[2020-09-12T12:29:48.822+0000][1][gc,age       ] GC(33) Age table with threshold 6 (max threshold 6)
[2020-09-12T12:29:48.822+0000][1][gc,age       ] GC(33) - age   1:    4131504 bytes,    4131504 total
[2020-09-12T12:29:48.822+0000][1][gc,age       ] GC(33) - age   2:    3909656 bytes,    8041160 total
[2020-09-12T12:29:48.822+0000][1][gc,heap      ] GC(33) ParNew: 153344K->11095K(153344K)
[2020-09-12T12:29:48.822+0000][1][gc,heap      ] GC(33) CMS: 51759K->59391K(353920K)
[2020-09-12T12:29:48.822+0000][1][gc,metaspace ] GC(33) Metaspace: 74159K->74159K(1118208K)
[2020-09-12T12:29:48.822+0000][1][gc           ] GC(33) Pause Young (Allocation Failure) 200M->68M(495M) 170.188ms
[2020-09-12T12:29:48.822+0000][1][gc,cpu       ] GC(33) User=0.08s Sys=0.00s Real=0.17s
[2020-09-12T12:29:48.822+0000][1][safepoint    ] Safepoint "GenCollectForAllocation", Time since last: 6758062 ns, Reaching safepoint: 193412 ns, At safepoint: 170250152 ns, Total: 170443564 ns
[2020-09-12T12:29:48.889+0000][1][safepoint    ] Safepoint "RevokeBias", Time since last: 52094189 ns, Reaching safepoint: 14692840 ns, At safepoint: 45053 ns, Total: 14737893 ns
[2020-09-12T12:29:48.917+0000][1][safepoint    ] Safepoint "RevokeBias", Time since last: 156286 ns, Reaching safepoint: 28108796 ns, At safepoint: 29714 ns, Total: 28138510 ns
[2020-09-12T12:29:48.969+0000][1][safepoint    ] Safepoint "RevokeBias", Time since last: 49936117 ns, Reaching safepoint: 1744927 ns, At safepoint: 41724 ns, Total: 1786651 ns
[2020-09-12T12:29:48.974+0000][1][safepoint    ] Safepoint "RevokeBias", Time since last: 1909164 ns, Reaching safepoint: 3497211 ns, At safepoint: 31492 ns, Total: 3528703 ns
[2020-09-12T12:29:49.039+0000][1][safepoint    ] Safepoint "RevokeBias", Time since last: 63272602 ns, Reaching safepoint: 1102197 ns, At safepoint: 31626 ns, Total: 1133823 ns
[2020-09-12T12:29:49.106+0000][1][safepoint    ] Safepoint "RevokeBias", Time since last: 67103485 ns, Reaching safepoint: 62262 ns, At safepoint: 29333 ns, Total: 91595 ns
[2020-09-12T12:29:49.117+0000][1][safepoint    ] Safepoint "RevokeBias", Time since last: 10865572 ns, Reaching safepoint: 66245 ns, At safepoint: 23654 ns, Total: 89899 ns
[2020-09-12T12:29:49.234+0000][1][safepoint    ] Safepoint "Deoptimize", Time since last: 108243610 ns, Reaching safepoint: 8015120 ns, At safepoint: 956331 ns, Total: 8971451 ns
[2020-09-12T12:29:49.369+0000][1][safepoint    ] Safepoint "RevokeBias", Time since last: 126671654 ns, Reaching safepoint: 8091228 ns, At safepoint: 50812 ns, Total: 8142040 ns
[2020-09-12T12:29:49.464+0000][1][safepoint    ] Safepoint "RevokeBias", Time since last: 95031445 ns, Reaching safepoint: 66517 ns, At safepoint: 25925 ns, Total: 92442 ns
[2020-09-12T12:29:49.465+0000][1][safepoint    ] Safepoint "RevokeBias", Time since last: 776224 ns, Reaching safepoint: 42103 ns, At safepoint: 33372 ns, Total: 75475 ns
[2020-09-12T12:29:49.473+0000][1][safepoint    ] Safepoint "RevokeBias", Time since last: 8563976 ns, Reaching safepoint: 55819 ns, At safepoint: 24279 ns, Total: 80098 ns
[2020-09-12T12:29:49.605+0000][1][safepoint    ] Safepoint "RevokeBias", Time since last: 131465439 ns, Reaching safepoint: 134855 ns, At safepoint: 25981 ns, Total: 160836 ns
[2020-09-12T12:29:49.605+0000][1][safepoint    ] Safepoint "BulkRevokeBias", Time since last: 100844 ns, Reaching safepoint: 98166 ns, At safepoint: 166324 ns, Total: 264490 ns
[2020-09-12T12:29:49.617+0000][1][safepoint    ] Safepoint "RevokeBias", Time since last: 7246901 ns, Reaching safepoint: 4042309 ns, At safepoint: 37059 ns, Total: 4079368 ns
[2020-09-12T12:29:49.621+0000][1][safepoint    ] Safepoint "RevokeBias", Time since last: 3939757 ns, Reaching safepoint: 131507 ns, At safepoint: 63027 ns, Total: 194534 ns
[2020-09-12T12:29:49.628+0000][1][safepoint    ] Safepoint "RevokeBias", Time since last: 599129 ns, Reaching safepoint: 6053522 ns, At safepoint: 38028 ns, Total: 6091550 ns
[2020-09-12T12:29:49.630+0000][1][safepoint    ] Safepoint "RevokeBias", Time since last: 2060395 ns, Reaching safepoint: 138449 ns, At safepoint: 29500 ns, Total: 167949 ns
[2020-09-12T12:29:49.651+0000][1][safepoint    ] Safepoint "RevokeBias", Time since last: 14804364 ns, Reaching safepoint: 6313848 ns, At safepoint: 55189 ns, Total: 6369037 ns
[2020-09-12T12:29:49.660+0000][1][safepoint    ] Safepoint "RevokeBias", Time since last: 8896665 ns, Reaching safepoint: 147170 ns, At safepoint: 35348 ns, Total: 182518 ns
[2020-09-12T12:29:49.669+0000][1][safepoint    ] Safepoint "RevokeBias", Time since last: 3520995 ns, Reaching safepoint: 5834028 ns, At safepoint: 28540 ns, Total: 5862568 ns
[2020-09-12T12:29:49.673+0000][1][safepoint    ] Safepoint "RevokeBias", Time since last: 3263601 ns, Reaching safepoint: 174384 ns, At safepoint: 23763 ns, Total: 198147 ns
[2020-09-12T12:29:49.688+0000][1][safepoint    ] Safepoint "RevokeBias", Time since last: 3911862 ns, Reaching safepoint: 11128201 ns, At safepoint: 28011 ns, Total: 11156212 ns
[2020-09-12T12:29:50.275+0000][1][safepoint    ] Safepoint "RevokeBias", Time since last: 586454663 ns, Reaching safepoint: 142964 ns, At safepoint: 22817 ns, Total: 165781 ns
[2020-09-12T12:29:50.412+0000][1][safepoint    ] Safepoint "RevokeBias", Time since last: 137011743 ns, Reaching safepoint: 67996 ns, At safepoint: 25707 ns, Total: 93703 ns
[2020-09-12T12:29:50.412+0000][1][safepoint    ] Safepoint "RevokeBias", Time since last: 226668 ns, Reaching safepoint: 23267 ns, At safepoint: 14399 ns, Total: 37666 ns
[2020-09-12T12:29:50.412+0000][1][safepoint    ] Safepoint "RevokeBias", Time since last: 50043 ns, Reaching safepoint: 18161 ns, At safepoint: 12428 ns, Total: 30589 ns
[2020-09-12T12:29:50.459+0000][1][safepoint    ] Safepoint "RevokeBias", Time since last: 38682179 ns, Reaching safepoint: 7850812 ns, At safepoint: 52768 ns, Total: 7903580 ns
[2020-09-12T12:29:50.464+0000][1][safepoint    ] Safepoint "RevokeBias", Time since last: 4780420 ns, Reaching safepoint: 56043 ns, At safepoint: 33951 ns, Total: 89994 ns
[2020-09-12T12:29:50.483+0000][1][safepoint    ] Safepoint "RevokeBias", Time since last: 19218430 ns, Reaching safepoint: 141712 ns, At safepoint: 38074 ns, Total: 179786 ns
[2020-09-12T12:29:50.490+0000][1][safepoint    ] Safepoint "RevokeBias", Time since last: 6761005 ns, Reaching safepoint: 214840 ns, At safepoint: 64442 ns, Total: 279282 ns
[2020-09-12T12:29:50.493+0000][1][safepoint    ] Safepoint "RevokeBias", Time since last: 1002482 ns, Reaching safepoint: 2371529 ns, At safepoint: 58297 ns, Total: 2429826 ns
[2020-09-12T12:29:50.499+0000][1][safepoint    ] Safepoint "RevokeBias", Time since last: 5142579 ns, Reaching safepoint: 216356 ns, At safepoint: 39839 ns, Total: 256195 ns
[2020-09-12T12:29:50.524+0000][1][safepoint    ] Safepoint "RevokeBias", Time since last: 24366506 ns, Reaching safepoint: 75601 ns, At safepoint: 692469 ns, Total: 768070 ns
[2020-09-12T12:29:50.545+0000][1][safepoint    ] Safepoint "RevokeBias", Time since last: 12529667 ns, Reaching safepoint: 8887336 ns, At safepoint: 43877 ns, Total: 8931213 ns
[2020-09-12T12:29:50.867+0000][1][safepoint    ] Safepoint "RevokeBias", Time since last: 311919986 ns, Reaching safepoint: 7592566 ns, At safepoint: 1905496 ns, Total: 9498062 ns
[2020-09-12T12:29:50.921+0000][1][safepoint    ] Safepoint "RevokeBias", Time since last: 43610195 ns, Reaching safepoint: 10087777 ns, At safepoint: 68958 ns, Total: 10156735 ns
[2020-09-12T12:29:50.940+0000][1][safepoint    ] Safepoint "RevokeBias", Time since last: 15578197 ns, Reaching safepoint: 3838191 ns, At safepoint: 56709 ns, Total: 3894900 ns
[2020-09-12T12:29:51.009+0000][1][safepoint    ] Safepoint "RevokeBias", Time since last: 40108297 ns, Reaching safepoint: 28622939 ns, At safepoint: 31176 ns, Total: 28654115 ns
[2020-09-12T12:29:51.009+0000][1][safepoint    ] Safepoint "RevokeBias", Time since last: 206201 ns, Reaching safepoint: 183121 ns, At safepoint: 64444 ns, Total: 247565 ns
[2020-09-12T12:29:51.009+0000][1][safepoint    ] Safepoint "RevokeBias", Time since last: 50892 ns, Reaching safepoint: 109446 ns, At safepoint: 12461 ns, Total: 121907 ns
[2020-09-12T12:29:51.085+0000][1][safepoint    ] Safepoint "RevokeBias", Time since last: 52085986 ns, Reaching safepoint: 23351317 ns, At safepoint: 79295 ns, Total: 23430612 ns
[2020-09-12T12:29:51.401+0000][1][safepoint    ] Safepoint "RevokeBias", Time since last: 299136697 ns, Reaching safepoint: 16691227 ns, At safepoint: 37438 ns, Total: 16728665 ns
[2020-09-12T12:29:51.433+0000][1][safepoint    ] Safepoint "RevokeBias", Time since last: 31875639 ns, Reaching safepoint: 177043 ns, At safepoint: 34886 ns, Total: 211929 ns
[2020-09-12T12:29:51.433+0000][1][safepoint    ] Safepoint "RevokeBias", Time since last: 176886 ns, Reaching safepoint: 115761 ns, At safepoint: 19229 ns, Total: 134990 ns
[2020-09-12T12:29:51.434+0000][1][safepoint    ] Safepoint "RevokeBias", Time since last: 1137355 ns, Reaching safepoint: 65334 ns, At safepoint: 20327 ns, Total: 85661 ns
[2020-09-12T12:29:51.700+0000][1][safepoint    ] Safepoint "RevokeBias", Time since last: 265513732 ns, Reaching safepoint: 88182 ns, At safepoint: 26512 ns, Total: 114694 ns
[2020-09-12T12:29:51.721+0000][1][safepoint    ] Safepoint "RevokeBias", Time since last: 20634450 ns, Reaching safepoint: 243732 ns, At safepoint: 37973 ns, Total: 281705 ns
[2020-09-12T12:29:51.785+0000][1][safepoint    ] Safepoint "RevokeBias", Time since last: 64000947 ns, Reaching safepoint: 90796 ns, At safepoint: 25413 ns, Total: 116209 ns
[2020-09-12T12:29:51.833+0000][1][safepoint    ] Safepoint "RevokeBias", Time since last: 47007955 ns, Reaching safepoint: 478524 ns, At safepoint: 33762 ns, Total: 512286 ns
[2020-09-12T12:29:51.839+0000][1][safepoint    ] Safepoint "RevokeBias", Time since last: 6419587 ns, Reaching safepoint: 306212 ns, At safepoint: 32969 ns, Total: 339181 ns
[2020-09-12T12:29:51.966+0000][1][safepoint    ] Safepoint "RevokeBias", Time since last: 120514942 ns, Reaching safepoint: 5944263 ns, At safepoint: 41207 ns, Total: 5985470 ns
[2020-09-12T12:29:52.147+0000][1][safepoint    ] Safepoint "RevokeBias", Time since last: 181254345 ns, Reaching safepoint: 83533 ns, At safepoint: 50185 ns, Total: 133718 ns
[2020-09-12T12:29:52.159+0000][1][safepoint    ] Safepoint "RevokeBias", Time since last: 5719646 ns, Reaching safepoint: 5991765 ns, At safepoint: 40317 ns, Total: 6032082 ns
[2020-09-12T12:29:52.274+0000][1][safepoint    ] Safepoint "RevokeBias", Time since last: 111543564 ns, Reaching safepoint: 3361335 ns, At safepoint: 41149 ns, Total: 3402484 ns
[2020-09-12T12:29:52.311+0000][1][safepoint    ] Safepoint "RevokeBias", Time since last: 30779444 ns, Reaching safepoint: 6171876 ns, At safepoint: 38882 ns, Total: 6210758 ns
[2020-09-12T12:29:53.311+0000][1][safepoint    ] Safepoint "Cleanup", Time since last: 1000127460 ns, Reaching safepoint: 118140 ns, At safepoint: 11707 ns, Total: 129847 ns
[2020-09-12T12:29:53.869+0000][1][safepoint    ] Safepoint "RevokeBias", Time since last: 557997606 ns, Reaching safepoint: 58425 ns, At safepoint: 11333 ns, Total: 69758 ns
[2020-09-12T12:29:54.025+0000][1][safepoint    ] Safepoint "RevokeBias", Time since last: 155438278 ns, Reaching safepoint: 82639 ns, At safepoint: 13669 ns, Total: 96308 ns
[2020-09-12T12:29:54.027+0000][1][safepoint    ] Safepoint "RevokeBias", Time since last: 2567644 ns, Reaching safepoint: 118753 ns, At safepoint: 13099 ns, Total: 131852 ns
[2020-09-12T12:29:54.028+0000][1][safepoint    ] Safepoint "RevokeBias", Time since last: 73904 ns, Reaching safepoint: 153677 ns, At safepoint: 38377 ns, Total: 192054 ns
[2020-09-12T12:29:54.028+0000][1][safepoint    ] Safepoint "RevokeBias", Time since last: 203861 ns, Reaching safepoint: 28755 ns, At safepoint: 7138 ns, Total: 35893 ns
[2020-09-12T12:29:54.031+0000][1][safepoint    ] Safepoint "RevokeBias", Time since last: 2619221 ns, Reaching safepoint: 74865 ns, At safepoint: 11655 ns, Total: 86520 ns
[2020-09-12T12:29:54.054+0000][1][safepoint    ] Safepoint "BulkRevokeBias", Time since last: 17232023 ns, Reaching safepoint: 6075476 ns, At safepoint: 278762 ns, Total: 6354238 ns
[2020-09-12T12:29:54.056+0000][1][safepoint    ] Safepoint "RevokeBias", Time since last: 104888 ns, Reaching safepoint: 1814516 ns, At safepoint: 20111 ns, Total: 1834627 ns
[2020-09-12T12:29:54.095+0000][1][safepoint    ] Safepoint "CollectForMetadataAllocation", Time since last: 38834249 ns, Reaching safepoint: 109426 ns, At safepoint: 115895 ns, Total: 225321 ns
[2020-09-12T12:29:54.217+0000][1][safepoint    ] Safepoint "CollectForMetadataAllocation", Time since last: 121438510 ns, Reaching safepoint: 64642 ns, At safepoint: 116318 ns, Total: 180960 ns
[2020-09-12T12:29:54.269+0000][1][safepoint    ] Safepoint "Deoptimize", Time since last: 42494507 ns, Reaching safepoint: 9288425 ns, At safepoint: 503607 ns, Total: 9792032 ns
[2020-09-12T12:29:54.293+0000][1][safepoint    ] Safepoint "CollectForMetadataAllocation", Time since last: 23126877 ns, Reaching safepoint: 68663 ns, At safepoint: 133293 ns, Total: 201956 ns
[2020-09-12T12:29:54.391+0000][1][safepoint    ] Safepoint "CollectForMetadataAllocation", Time since last: 98459315 ns, Reaching safepoint: 186234 ns, At safepoint: 147909 ns, Total: 334143 ns
[2020-09-12T12:29:54.564+0000][1][safepoint    ] Safepoint "CollectForMetadataAllocation", Time since last: 171978537 ns, Reaching safepoint: 91888 ns, At safepoint: 131523 ns, Total: 223411 ns
[2020-09-12T12:29:54.573+0000][1][safepoint    ] Safepoint "BulkRevokeBias", Time since last: 9042102 ns, Reaching safepoint: 95700 ns, At safepoint: 251703 ns, Total: 347403 ns
[2020-09-12T12:29:54.598+0000][1][safepoint    ] Safepoint "RevokeBias", Time since last: 24770264 ns, Reaching safepoint: 370289 ns, At safepoint: 16949 ns, Total: 387238 ns
[2020-09-12T12:29:54.599+0000][1][safepoint    ] Safepoint "RevokeBias", Time since last: 318878 ns, Reaching safepoint: 406193 ns, At safepoint: 11883 ns, Total: 418076 ns
[2020-09-12T12:29:54.619+0000][1][safepoint    ] Safepoint "RevokeBias", Time since last: 20424277 ns, Reaching safepoint: 152577 ns, At safepoint: 18580 ns, Total: 171157 ns
[2020-09-12T12:29:54.628+0000][1][safepoint    ] Safepoint "RevokeBias", Time since last: 8289513 ns, Reaching safepoint: 88078 ns, At safepoint: 20893 ns, Total: 108971 ns
[2020-09-12T12:29:54.660+0000][1][safepoint    ] Safepoint "RevokeBias", Time since last: 32342614 ns, Reaching safepoint: 76485 ns, At safepoint: 11656 ns, Total: 88141 ns
[2020-09-12T12:29:54.737+0000][1][safepoint    ] Safepoint "RevokeBias", Time since last: 76436367 ns, Reaching safepoint: 89034 ns, At safepoint: 13570 ns, Total: 102604 ns
[2020-09-12T12:29:54.773+0000][1][safepoint    ] Safepoint "RevokeBias", Time since last: 36604488 ns, Reaching safepoint: 75748 ns, At safepoint: 13574 ns, Total: 89322 ns
[2020-09-12T12:29:54.775+0000][1][safepoint    ] Safepoint "RevokeBias", Time since last: 992020 ns, Reaching safepoint: 61944 ns, At safepoint: 11787 ns, Total: 73731 ns
[2020-09-12T12:29:54.828+0000][1][gc,start     ] GC(34) Pause Initial Mark
[2020-09-12T12:29:55.010+0000][1][gc           ] GC(34) Pause Initial Mark 194M->194M(495M) 181.666ms
[2020-09-12T12:29:55.010+0000][1][gc,cpu       ] GC(34) User=0.12s Sys=0.00s Real=0.19s
[2020-09-12T12:29:55.010+0000][1][safepoint    ] Safepoint "CMS_Initial_Mark", Time since last: 50527694 ns, Reaching safepoint: 3111956 ns, At safepoint: 181772381 ns, Total: 184884337 ns
[2020-09-12T12:29:55.011+0000][1][gc           ] GC(34) Concurrent Mark
[2020-09-12T12:29:55.262+0000][1][gc           ] GC(34) Concurrent Mark 249.757ms
[2020-09-12T12:29:55.262+0000][1][gc,cpu       ] GC(34) User=0.15s Sys=0.00s Real=0.25s
[2020-09-12T12:29:55.262+0000][1][gc           ] GC(34) Concurrent Preclean
[2020-09-12T12:29:55.266+0000][1][gc           ] GC(34) Concurrent Preclean 4.508ms
[2020-09-12T12:29:55.266+0000][1][gc,cpu       ] GC(34) User=0.00s Sys=0.00s Real=0.00s
[2020-09-12T12:29:55.266+0000][1][gc           ] GC(34) Concurrent Abortable Preclean
[2020-09-12T12:29:56.017+0000][1][safepoint    ] Safepoint "Cleanup", Time since last: 1000091131 ns, Reaching safepoint: 6681425 ns, At safepoint: 9444 ns, Total: 6690869 ns
[2020-09-12T12:29:56.047+0000][1][safepoint    ] Safepoint "CollectForMetadataAllocation", Time since last: 22198141 ns, Reaching safepoint: 8206187 ns, At safepoint: 210640 ns, Total: 8416827 ns
[2020-09-12T12:29:56.241+0000][1][safepoint    ] Safepoint "RevokeBias", Time since last: 193692254 ns, Reaching safepoint: 268252 ns, At safepoint: 16075 ns, Total: 284327 ns
[2020-09-12T12:29:56.245+0000][1][safepoint    ] Safepoint "RevokeBias", Time since last: 1360643 ns, Reaching safepoint: 2062442 ns, At safepoint: 23536 ns, Total: 2085978 ns
[2020-09-12T12:29:57.245+0000][1][safepoint    ] Safepoint "Cleanup", Time since last: 1000507792 ns, Reaching safepoint: 119112 ns, At safepoint: 12925 ns, Total: 132037 ns
[2020-09-12T12:29:58.250+0000][1][safepoint    ] Safepoint "Cleanup", Time since last: 1001687988 ns, Reaching safepoint: 2426614 ns, At safepoint: 122422 ns, Total: 2549036 ns
[2020-09-12T12:29:58.295+0000][1][safepoint    ] Safepoint "RevokeBias", Time since last: 42357756 ns, Reaching safepoint: 3280797 ns, At safepoint: 18095 ns, Total: 3298892 ns
[2020-09-12T12:29:58.296+0000][1][safepoint    ] Safepoint "RevokeBias", Time since last: 811698 ns, Reaching safepoint: 270814 ns, At safepoint: 14330 ns, Total: 285144 ns
[2020-09-12T12:29:58.325+0000][1][gc,start     ] GC(35) Pause Young (Allocation Failure)
[2020-09-12T12:29:58.325+0000][1][gc,task      ] GC(35) Using 2 workers of 2 for evacuation
[2020-09-12T12:29:58.375+0000][1][gc,age       ] GC(35) Desired survivor size 8716288 bytes, new threshold 3 (max threshold 6)
[2020-09-12T12:29:58.375+0000][1][gc,age       ] GC(35) Age table with threshold 3 (max threshold 6)
[2020-09-12T12:29:58.375+0000][1][gc,age       ] GC(35) - age   1:    2218696 bytes,    2218696 total
[2020-09-12T12:29:58.375+0000][1][gc,age       ] GC(35) - age   2:    3859504 bytes,    6078200 total
[2020-09-12T12:29:58.375+0000][1][gc,age       ] GC(35) - age   3:    3888008 bytes,    9966208 total
[2020-09-12T12:29:58.375+0000][1][gc,heap      ] GC(35) ParNew: 147415K->17024K(153344K)
[2020-09-12T12:29:58.375+0000][1][gc,heap      ] GC(35) CMS: 59391K->59391K(353920K)
[2020-09-12T12:29:58.375+0000][1][gc,metaspace ] GC(35) Metaspace: 78945K->78945K(1122304K)
[2020-09-12T12:29:58.375+0000][1][gc           ] GC(35) Pause Young (Allocation Failure) 201M->74M(495M) 50.456ms
[2020-09-12T12:29:58.375+0000][1][gc,cpu       ] GC(35) User=0.03s Sys=0.00s Real=0.05s
[2020-09-12T12:29:58.375+0000][1][safepoint    ] Safepoint "GenCollectForAllocation", Time since last: 15091243 ns, Reaching safepoint: 13219868 ns, At safepoint: 50522967 ns, Total: 63742835 ns
[2020-09-12T12:29:58.382+0000][1][safepoint    ] Safepoint "RevokeBias", Time since last: 5923503 ns, Reaching safepoint: 514005 ns, At safepoint: 11557 ns, Total: 525562 ns
[2020-09-12T12:29:58.389+0000][1][safepoint    ] Safepoint "CollectForMetadataAllocation", Time since last: 7048707 ns, Reaching safepoint: 89400 ns, At safepoint: 132288 ns, Total: 221688 ns
[2020-09-12T12:29:58.421+0000][1][safepoint    ] Safepoint "Deoptimize", Time since last: 31428571 ns, Reaching safepoint: 121124 ns, At safepoint: 611971 ns, Total: 733095 ns
[2020-09-12T12:29:58.457+0000][1][safepoint    ] Safepoint "RevokeBias", Time since last: 27678024 ns, Reaching safepoint: 8396436 ns, At safepoint: 21950 ns, Total: 8418386 ns
[2020-09-12T12:29:58.459+0000][1][safepoint    ] Safepoint "CollectForMetadataAllocation", Time since last: 1988332 ns, Reaching safepoint: 155015 ns, At safepoint: 137358 ns, Total: 292373 ns
[2020-09-12T12:29:58.460+0000][1][safepoint    ] Safepoint "RevokeBias", Time since last: 656170 ns, Reaching safepoint: 206984 ns, At safepoint: 11631 ns, Total: 218615 ns
[2020-09-12T12:29:58.461+0000][1][safepoint    ] Safepoint "RevokeBias", Time since last: 382954 ns, Reaching safepoint: 128526 ns, At safepoint: 10856 ns, Total: 139382 ns
[2020-09-12T12:29:58.462+0000][1][safepoint    ] Safepoint "RevokeBias", Time since last: 603425 ns, Reaching safepoint: 125027 ns, At safepoint: 9659 ns, Total: 134686 ns
[2020-09-12T12:29:58.462+0000][1][safepoint    ] Safepoint "RevokeBias", Time since last: 234376 ns, Reaching safepoint: 122344 ns, At safepoint: 9141 ns, Total: 131485 ns
[2020-09-12T12:29:58.705+0000][1][safepoint    ] Safepoint "RevokeBias", Time since last: 242710878 ns, Reaching safepoint: 126760 ns, At safepoint: 9524 ns, Total: 136284 ns
[2020-09-12T12:29:58.714+0000][1][safepoint    ] Safepoint "RevokeBias", Time since last: 8789215 ns, Reaching safepoint: 97010 ns, At safepoint: 21718 ns, Total: 118728 ns
[2020-09-12T12:29:58.764+0000][1][safepoint    ] Safepoint "RevokeBias", Time since last: 46953420 ns, Reaching safepoint: 3415902 ns, At safepoint: 26139 ns, Total: 3442041 ns
[2020-09-12T12:29:58.768+0000][1][safepoint    ] Safepoint "RevokeBias", Time since last: 3528025 ns, Reaching safepoint: 85849 ns, At safepoint: 5558 ns, Total: 91407 ns
[2020-09-12T12:29:58.881+0000][1][safepoint    ] Safepoint "CollectForMetadataAllocation", Time since last: 80376886 ns, Reaching safepoint: 33110564 ns, At safepoint: 140788 ns, Total: 33251352 ns
[2020-09-12T12:29:58.882+0000][1][safepoint    ] Safepoint "CollectForMetadataAllocation", Time since last: 79193 ns, Reaching safepoint: 141281 ns, At safepoint: 13960 ns, Total: 155241 ns
[2020-09-12T12:29:59.095+0000][1][safepoint    ] Safepoint "Deoptimize", Time since last: 212374376 ns, Reaching safepoint: 125348 ns, At safepoint: 718690 ns, Total: 844038 ns
[2020-09-12T12:29:59.141+0000][1][safepoint    ] Safepoint "Deoptimize", Time since last: 44599271 ns, Reaching safepoint: 118505 ns, At safepoint: 997543 ns, Total: 1116048 ns
[2020-09-12T12:29:59.149+0000][1][safepoint    ] Safepoint "Deoptimize", Time since last: 7345610 ns, Reaching safepoint: 229255 ns, At safepoint: 471761 ns, Total: 701016 ns
[2020-09-12T12:29:59.709+0000][1][safepoint    ] Safepoint "CollectForMetadataAllocation", Time since last: 560094232 ns, Reaching safepoint: 122633 ns, At safepoint: 137955 ns, Total: 260588 ns
[2020-09-12T12:29:59.947+0000][1][safepoint    ] Safepoint "CollectForMetadataAllocation", Time since last: 237320471 ns, Reaching safepoint: 84040 ns, At safepoint: 151469 ns, Total: 235509 ns
[2020-09-12T12:29:59.992+0000][1][safepoint    ] Safepoint "RevokeBias", Time since last: 45165619 ns, Reaching safepoint: 94841 ns, At safepoint: 6709 ns, Total: 101550 ns
[2020-09-12T12:30:00.098+0000][1][safepoint    ] Safepoint "CollectForMetadataAllocation", Time since last: 105572378 ns, Reaching safepoint: 336906 ns, At safepoint: 161578 ns, Total: 498484 ns
[2020-09-12T12:30:00.255+0000][1][safepoint    ] Safepoint "CollectForMetadataAllocation", Time since last: 156573967 ns, Reaching safepoint: 92612 ns, At safepoint: 113822 ns, Total: 206434 ns
[2020-09-12T12:30:00.263+0000][1][safepoint    ] Safepoint "RevokeBias", Time since last: 1175994 ns, Reaching safepoint: 7567914 ns, At safepoint: 19088 ns, Total: 7587002 ns
[2020-09-12T12:30:00.264+0000][1][safepoint    ] Safepoint "RevokeBias", Time since last: 263722 ns, Reaching safepoint: 477000 ns, At safepoint: 13643 ns, Total: 490643 ns
[2020-09-12T12:30:00.403+0000][1][safepoint    ] Safepoint "CollectForMetadataAllocation", Time since last: 138867564 ns, Reaching safepoint: 130875 ns, At safepoint: 120646 ns, Total: 251521 ns
[2020-09-12T12:30:00.467+0000][1][gc           ] GC(34) Concurrent Abortable Preclean 5201.170ms
[2020-09-12T12:30:00.467+0000][1][gc,cpu       ] GC(34) User=2.00s Sys=0.11s Real=5.20s
[2020-09-12T12:30:00.489+0000][1][gc,start     ] GC(34) Pause Remark
[2020-09-12T12:30:00.587+0000][1][gc           ] GC(34) Pause Remark 102M->102M(495M) 98.129ms
[2020-09-12T12:30:00.587+0000][1][gc,cpu       ] GC(34) User=0.04s Sys=0.00s Real=0.09s
[2020-09-12T12:30:00.590+0000][1][safepoint    ] Safepoint "CMS_Final_Remark", Time since last: 80339852 ns, Reaching safepoint: 5146149 ns, At safepoint: 101164517 ns, Total: 106310666 ns
[2020-09-12T12:30:00.590+0000][1][gc           ] GC(34) Concurrent Sweep
[2020-09-12T12:30:00.624+0000][1][gc           ] GC(34) Concurrent Sweep 33.875ms
[2020-09-12T12:30:00.624+0000][1][gc,cpu       ] GC(34) User=0.02s Sys=0.01s Real=0.03s
[2020-09-12T12:30:00.624+0000][1][gc           ] GC(34) Concurrent Reset
[2020-09-12T12:30:00.624+0000][1][gc           ] GC(34) Concurrent Reset 0.550ms
[2020-09-12T12:30:00.625+0000][1][gc,cpu       ] GC(34) User=0.00s Sys=0.00s Real=0.00s
[2020-09-12T12:30:00.625+0000][1][gc,heap      ] GC(34) Old: 59391K->58216K(353920K)
[2020-09-12T12:30:00.642+0000][1][safepoint    ] Safepoint "Deoptimize", Time since last: 50711484 ns, Reaching safepoint: 679938 ns, At safepoint: 514049 ns, Total: 1193987 ns
[2020-09-12T12:30:00.663+0000][1][safepoint    ] Safepoint "RevokeBias", Time since last: 20380329 ns, Reaching safepoint: 995681 ns, At safepoint: 64248 ns, Total: 1059929 ns
[2020-09-12T12:30:00.668+0000][1][safepoint    ] Safepoint "RevokeBias", Time since last: 4595021 ns, Reaching safepoint: 160671 ns, At safepoint: 44475 ns, Total: 205146 ns
[2020-09-12T12:30:00.713+0000][1][safepoint    ] Safepoint "Deoptimize", Time since last: 43598675 ns, Reaching safepoint: 1167183 ns, At safepoint: 517429 ns, Total: 1684612 ns
[2020-09-12T12:30:00.771+0000][1][safepoint    ] Safepoint "RevokeBias", Time since last: 55348544 ns, Reaching safepoint: 1999508 ns, At safepoint: 32889 ns, Total: 2032397 ns
[2020-09-12T12:30:00.969+0000][1][safepoint    ] Safepoint "RevokeBias", Time since last: 197529326 ns, Reaching safepoint: 517790 ns, At safepoint: 15903 ns, Total: 533693 ns
[2020-09-12T12:30:00.969+0000][1][safepoint    ] Safepoint "RevokeBias", Time since last: 433399 ns, Reaching safepoint: 130685 ns, At safepoint: 10215 ns, Total: 140900 ns
[2020-09-12T12:30:00.982+0000][1][safepoint    ] Safepoint "RevokeBias", Time since last: 4907102 ns, Reaching safepoint: 7416089 ns, At safepoint: 24230 ns, Total: 7440319 ns
[2020-09-12T12:30:00.983+0000][1][safepoint    ] Safepoint "RevokeBias", Time since last: 794878 ns, Reaching safepoint: 139789 ns, At safepoint: 11472 ns, Total: 151261 ns
[2020-09-12T12:30:00.986+0000][1][safepoint    ] Safepoint "RevokeBias", Time since last: 314447 ns, Reaching safepoint: 2767477 ns, At safepoint: 19890 ns, Total: 2787367 ns
[2020-09-12T12:30:00.986+0000][1][safepoint    ] Safepoint "RevokeBias", Time since last: 459495 ns, Reaching safepoint: 142060 ns, At safepoint: 9908 ns, Total: 151968 ns
[2020-09-12T12:30:00.987+0000][1][safepoint    ] Safepoint "RevokeBias", Time since last: 324918 ns, Reaching safepoint: 133187 ns, At safepoint: 9342 ns, Total: 142529 ns
[2020-09-12T12:30:00.989+0000][1][safepoint    ] Safepoint "RevokeBias", Time since last: 1839671 ns, Reaching safepoint: 94144 ns, At safepoint: 16431 ns, Total: 110575 ns
[2020-09-12T12:30:00.994+0000][1][safepoint    ] Safepoint "RevokeBias", Time since last: 4025645 ns, Reaching safepoint: 692602 ns, At safepoint: 20578 ns, Total: 713180 ns
[2020-09-12T12:30:00.996+0000][1][safepoint    ] Safepoint "RevokeBias", Time since last: 2256679 ns, Reaching safepoint: 73607 ns, At safepoint: 13857 ns, Total: 87464 ns
[2020-09-12T12:30:01.147+0000][1][safepoint    ] Safepoint "RevokeBias", Time since last: 149276497 ns, Reaching safepoint: 182657 ns, At safepoint: 1792855 ns, Total: 1975512 ns
[2020-09-12T12:30:01.156+0000][1][safepoint    ] Safepoint "RevokeBias", Time since last: 7771898 ns, Reaching safepoint: 921081 ns, At safepoint: 27606 ns, Total: 948687 ns
[2020-09-12T12:30:01.221+0000][1][safepoint    ] Safepoint "RevokeBias", Time since last: 59547584 ns, Reaching safepoint: 5386752 ns, At safepoint: 43719 ns, Total: 5430471 ns
[2020-09-12T12:30:01.277+0000][1][safepoint    ] Safepoint "RevokeBias", Time since last: 55849769 ns, Reaching safepoint: 77704 ns, At safepoint: 13225 ns, Total: 90929 ns
[2020-09-12T12:30:01.542+0000][1][safepoint    ] Safepoint "RevokeBias", Time since last: 265055293 ns, Reaching safepoint: 92358 ns, At safepoint: 15827 ns, Total: 108185 ns
[2020-09-12T12:30:02.546+0000][1][safepoint    ] Safepoint "Cleanup", Time since last: 1003498299 ns, Reaching safepoint: 329718 ns, At safepoint: 12217 ns, Total: 341935 ns
[2020-09-12T12:30:02.789+0000][1][safepoint    ] Safepoint "RevokeBias", Time since last: 240758808 ns, Reaching safepoint: 2145214 ns, At safepoint: 24615 ns, Total: 2169829 ns
[2020-09-12T12:30:02.898+0000][1][safepoint    ] Safepoint "RevokeBias", Time since last: 101900031 ns, Reaching safepoint: 7302823 ns, At safepoint: 22740 ns, Total: 7325563 ns
[2020-09-12T12:30:02.921+0000][1][safepoint    ] Safepoint "Deoptimize", Time since last: 21384532 ns, Reaching safepoint: 1169488 ns, At safepoint: 604057 ns, Total: 1773545 ns
[2020-09-12T12:30:02.981+0000][1][safepoint    ] Safepoint "RevokeBias", Time since last: 54299839 ns, Reaching safepoint: 5250499 ns, At safepoint: 45043 ns, Total: 5295542 ns
[2020-09-12T12:30:03.245+0000][1][safepoint    ] Safepoint "RevokeBias", Time since last: 263608614 ns, Reaching safepoint: 1120549 ns, At safepoint: 60790 ns, Total: 1181339 ns
[2020-09-12T12:30:03.300+0000][1][safepoint    ] Safepoint "RevokeBias", Time since last: 53769973 ns, Reaching safepoint: 962572 ns, At safepoint: 44626 ns, Total: 1007198 ns
[2020-09-12T12:30:03.705+0000][1][safepoint    ] Safepoint "RevokeBias", Time since last: 366613533 ns, Reaching safepoint: 38203473 ns, At safepoint: 37196 ns, Total: 38240669 ns
[2020-09-12T12:30:03.707+0000][1][safepoint    ] Safepoint "RevokeBias", Time since last: 1838918 ns, Reaching safepoint: 160337 ns, At safepoint: 21110 ns, Total: 181447 ns
[2020-09-12T12:30:03.724+0000][1][safepoint    ] Safepoint "RevokeBias", Time since last: 15697697 ns, Reaching safepoint: 1235447 ns, At safepoint: 26996 ns, Total: 1262443 ns
[2020-09-12T12:30:03.727+0000][1][safepoint    ] Safepoint "RevokeBias", Time since last: 2443254 ns, Reaching safepoint: 168226 ns, At safepoint: 57594 ns, Total: 225820 ns
[2020-09-12T12:30:03.771+0000][1][safepoint    ] Safepoint "BulkRevokeBias", Time since last: 43615493 ns, Reaching safepoint: 171224 ns, At safepoint: 331906 ns, Total: 503130 ns
[2020-09-12T12:30:03.830+0000][1][safepoint    ] Safepoint "Deoptimize", Time since last: 53841342 ns, Reaching safepoint: 4070308 ns, At safepoint: 1481220 ns, Total: 5551528 ns
[2020-09-12T12:30:03.868+0000][1][safepoint    ] Safepoint "RevokeBias", Time since last: 33818172 ns, Reaching safepoint: 3671612 ns, At safepoint: 54259 ns, Total: 3725871 ns
[2020-09-12T12:30:03.897+0000][1][safepoint    ] Safepoint "RevokeBias", Time since last: 24372130 ns, Reaching safepoint: 4595202 ns, At safepoint: 51442 ns, Total: 4646644 ns
[2020-09-12T12:30:03.935+0000][1][safepoint    ] Safepoint "RevokeBias", Time since last: 5588396 ns, Reaching safepoint: 22209321 ns, At safepoint: 9931512 ns, Total: 32140833 ns
[2020-09-12T12:30:03.966+0000][1][safepoint    ] Safepoint "RevokeBias", Time since last: 28765677 ns, Reaching safepoint: 2236769 ns, At safepoint: 33537 ns, Total: 2270306 ns
[2020-09-12T12:30:03.979+0000][1][safepoint    ] Safepoint "RevokeBias", Time since last: 133231 ns, Reaching safepoint: 13171927 ns, At safepoint: 40279 ns, Total: 13212206 ns
[2020-09-12T12:30:03.989+0000][1][safepoint    ] Safepoint "RevokeBias", Time since last: 1347303 ns, Reaching safepoint: 8543055 ns, At safepoint: 48151 ns, Total: 8591206 ns
[2020-09-12T12:30:04.047+0000][1][safepoint    ] Safepoint "RevokeBias", Time since last: 41273039 ns, Reaching safepoint: 17007610 ns, At safepoint: 38272 ns, Total: 17045882 ns
[2020-09-12T12:30:04.085+0000][1][safepoint    ] Safepoint "RevokeBias", Time since last: 37288879 ns, Reaching safepoint: 461228 ns, At safepoint: 25658 ns, Total: 486886 ns
[2020-09-12T12:30:04.090+0000][1][safepoint    ] Safepoint "RevokeBias", Time since last: 4737468 ns, Reaching safepoint: 654613 ns, At safepoint: 27918 ns, Total: 682531 ns
[2020-09-12T12:30:04.093+0000][1][safepoint    ] Safepoint "RevokeBias", Time since last: 2217305 ns, Reaching safepoint: 421955 ns, At safepoint: 39708 ns, Total: 461663 ns
[2020-09-12T12:30:04.094+0000][1][safepoint    ] Safepoint "RevokeBias", Time since last: 96395 ns, Reaching safepoint: 1277939 ns, At safepoint: 40731 ns, Total: 1318670 ns
[2020-09-12T12:30:04.096+0000][1][safepoint    ] Safepoint "RevokeBias", Time since last: 334168 ns, Reaching safepoint: 1444639 ns, At safepoint: 31286 ns, Total: 1475925 ns
[2020-09-12T12:30:04.097+0000][1][safepoint    ] Safepoint "RevokeBias", Time since last: 86846 ns, Reaching safepoint: 420937 ns, At safepoint: 23467 ns, Total: 444404 ns
[2020-09-12T12:30:04.101+0000][1][safepoint    ] Safepoint "RevokeBias", Time since last: 72096 ns, Reaching safepoint: 3851884 ns, At safepoint: 25408 ns, Total: 3877292 ns
[2020-09-12T12:30:04.102+0000][1][safepoint    ] Safepoint "RevokeBias", Time since last: 77787 ns, Reaching safepoint: 1100364 ns, At safepoint: 24146 ns, Total: 1124510 ns
[2020-09-12T12:30:04.109+0000][1][safepoint    ] Safepoint "RevokeBias", Time since last: 3975911 ns, Reaching safepoint: 2956402 ns, At safepoint: 30702 ns, Total: 2987104 ns
[2020-09-12T12:30:04.110+0000][1][safepoint    ] Safepoint "RevokeBias", Time since last: 386514 ns, Reaching safepoint: 702801 ns, At safepoint: 22625 ns, Total: 725426 ns
[2020-09-12T12:30:04.110+0000][1][safepoint    ] Safepoint "RevokeBias", Time since last: 66512 ns, Reaching safepoint: 299968 ns, At safepoint: 19031 ns, Total: 318999 ns
[2020-09-12T12:30:04.113+0000][1][safepoint    ] Safepoint "RevokeBias", Time since last: 62938 ns, Reaching safepoint: 2280126 ns, At safepoint: 30537 ns, Total: 2310663 ns
[2020-09-12T12:30:04.113+0000][1][safepoint    ] Safepoint "RevokeBias", Time since last: 132765 ns, Reaching safepoint: 332775 ns, At safepoint: 24090 ns, Total: 356865 ns
[2020-09-12T12:30:04.117+0000][1][safepoint    ] Safepoint "RevokeBias", Time since last: 256713 ns, Reaching safepoint: 3192254 ns, At safepoint: 28595 ns, Total: 3220849 ns
[2020-09-12T12:30:04.120+0000][1][safepoint    ] Safepoint "RevokeBias", Time since last: 2331893 ns, Reaching safepoint: 567405 ns, At safepoint: 23404 ns, Total: 590809 ns
[2020-09-12T12:30:04.122+0000][1][safepoint    ] Safepoint "RevokeBias", Time since last: 70934 ns, Reaching safepoint: 1728948 ns, At safepoint: 22878 ns, Total: 1751826 ns
[2020-09-12T12:30:04.122+0000][1][safepoint    ] Safepoint "RevokeBias", Time since last: 64655 ns, Reaching safepoint: 113652 ns, At safepoint: 626059 ns, Total: 739711 ns
[2020-09-12T12:30:04.124+0000][1][safepoint    ] Safepoint "RevokeBias", Time since last: 478625 ns, Reaching safepoint: 932421 ns, At safepoint: 25240 ns, Total: 957661 ns
[2020-09-12T12:30:04.124+0000][1][safepoint    ] Safepoint "RevokeBias", Time since last: 103442 ns, Reaching safepoint: 216076 ns, At safepoint: 15306 ns, Total: 231382 ns
[2020-09-12T12:30:04.124+0000][1][safepoint    ] Safepoint "RevokeBias", Time since last: 64682 ns, Reaching safepoint: 168046 ns, At safepoint: 14908 ns, Total: 182954 ns
[2020-09-12T12:30:04.127+0000][1][safepoint    ] Safepoint "RevokeBias", Time since last: 71376 ns, Reaching safepoint: 904576 ns, At safepoint: 1437375 ns, Total: 2341951 ns
[2020-09-12T12:30:04.129+0000][1][safepoint    ] Safepoint "RevokeBias", Time since last: 108505 ns, Reaching safepoint: 2176562 ns, At safepoint: 30314 ns, Total: 2206876 ns
[2020-09-12T12:30:04.212+0000][1][safepoint    ] Safepoint "RevokeBias", Time since last: 78188125 ns, Reaching safepoint: 3474710 ns, At safepoint: 789491 ns, Total: 4264201 ns
[2020-09-12T12:30:04.229+0000][1][safepoint    ] Safepoint "RevokeBias", Time since last: 1669454 ns, Reaching safepoint: 16230435 ns, At safepoint: 36114 ns, Total: 16266549 ns
[2020-09-12T12:30:04.267+0000][1][safepoint    ] Safepoint "RevokeBias", Time since last: 19386277 ns, Reaching safepoint: 17684294 ns, At safepoint: 37169 ns, Total: 17721463 ns
[2020-09-12T12:30:04.284+0000][1][safepoint    ] Safepoint "RevokeBias", Time since last: 12094850 ns, Reaching safepoint: 5792946 ns, At safepoint: 37323 ns, Total: 5830269 ns
[2020-09-12T12:30:04.291+0000][1][safepoint    ] Safepoint "RevokeBias", Time since last: 97580 ns, Reaching safepoint: 5843886 ns, At safepoint: 69760 ns, Total: 5913646 ns
[2020-09-12T12:30:04.296+0000][1][safepoint    ] Safepoint "RevokeBias", Time since last: 100642 ns, Reaching safepoint: 5450913 ns, At safepoint: 32828 ns, Total: 5483741 ns
[2020-09-12T12:30:04.297+0000][1][safepoint    ] Safepoint "RevokeBias", Time since last: 75768 ns, Reaching safepoint: 697746 ns, At safepoint: 23364 ns, Total: 721110 ns
[2020-09-12T12:30:04.297+0000][1][safepoint    ] Safepoint "RevokeBias", Time since last: 56852 ns, Reaching safepoint: 123763 ns, At safepoint: 20230 ns, Total: 143993 ns
[2020-09-12T12:30:04.298+0000][1][safepoint    ] Safepoint "RevokeBias", Time since last: 41183 ns, Reaching safepoint: 599976 ns, At safepoint: 24787 ns, Total: 624763 ns
[2020-09-12T12:30:04.301+0000][1][safepoint    ] Safepoint "RevokeBias", Time since last: 66994 ns, Reaching safepoint: 3568755 ns, At safepoint: 30904 ns, Total: 3599659 ns
[2020-09-12T12:30:04.302+0000][1][safepoint    ] Safepoint "RevokeBias", Time since last: 553635 ns, Reaching safepoint: 480641 ns, At safepoint: 26655 ns, Total: 507296 ns
[2020-09-12T12:30:04.304+0000][1][safepoint    ] Safepoint "RevokeBias", Time since last: 1490006 ns, Reaching safepoint: 154216 ns, At safepoint: 16891 ns, Total: 171107 ns
[2020-09-12T12:30:04.307+0000][1][safepoint    ] Safepoint "RevokeBias", Time since last: 390456 ns, Reaching safepoint: 1971175 ns, At safepoint: 34202 ns, Total: 2005377 ns
[2020-09-12T12:30:04.316+0000][1][safepoint    ] Safepoint "RevokeBias", Time since last: 120279 ns, Reaching safepoint: 6913273 ns, At safepoint: 2695641 ns, Total: 9608914 ns
[2020-09-12T12:30:04.317+0000][1][safepoint    ] Safepoint "BulkRevokeBias", Time since last: 105186 ns, Reaching safepoint: 382275 ns, At safepoint: 709223 ns, Total: 1091498 ns
[2020-09-12T12:30:04.447+0000][1][gc,start     ] GC(36) Pause Young (Allocation Failure)
[2020-09-12T12:30:04.447+0000][1][gc,task      ] GC(36) Using 2 workers of 2 for evacuation
[2020-09-12T12:30:04.531+0000][1][gc,age       ] GC(36) Desired survivor size 8716288 bytes, new threshold 2 (max threshold 6)
[2020-09-12T12:30:04.531+0000][1][gc,age       ] GC(36) Age table with threshold 2 (max threshold 6)
[2020-09-12T12:30:04.531+0000][1][gc,age       ] GC(36) - age   1:    7602216 bytes,    7602216 total
[2020-09-12T12:30:04.531+0000][1][gc,age       ] GC(36) - age   2:    1938568 bytes,    9540784 total
[2020-09-12T12:30:04.531+0000][1][gc,age       ] GC(36) - age   3:    3790968 bytes,   13331752 total
[2020-09-12T12:30:04.531+0000][1][gc,heap      ] GC(36) ParNew: 153344K->14538K(153344K)
[2020-09-12T12:30:04.531+0000][1][gc,heap      ] GC(36) CMS: 58216K->62148K(353920K)
[2020-09-12T12:30:04.531+0000][1][gc,metaspace ] GC(36) Metaspace: 84483K->84483K(1126400K)
[2020-09-12T12:30:04.531+0000][1][gc           ] GC(36) Pause Young (Allocation Failure) 206M->74M(495M) 83.552ms
[2020-09-12T12:30:04.531+0000][1][gc,cpu       ] GC(36) User=0.04s Sys=0.00s Real=0.09s
[2020-09-12T12:30:04.531+0000][1][safepoint    ] Safepoint "GenCollectForAllocation", Time since last: 89280915 ns, Reaching safepoint: 40362458 ns, At safepoint: 83633209 ns, Total: 123995667 ns
[2020-09-12T12:30:04.600+0000][1][safepoint    ] Safepoint "RevokeBias", Time since last: 69431803 ns, Reaching safepoint: 180707 ns, At safepoint: 57601 ns, Total: 238308 ns
[2020-09-12T12:30:04.674+0000][1][safepoint    ] Safepoint "RevokeBias", Time since last: 65229796 ns, Reaching safepoint: 8020896 ns, At safepoint: 296739 ns, Total: 8317635 ns
[2020-09-12T12:30:04.689+0000][1][safepoint    ] Safepoint "RevokeBias", Time since last: 13631876 ns, Reaching safepoint: 1720318 ns, At safepoint: 62254 ns, Total: 1782572 ns
[2020-09-12T12:30:04.807+0000][1][safepoint    ] Safepoint "RevokeBias", Time since last: 110073068 ns, Reaching safepoint: 7880180 ns, At safepoint: 41429 ns, Total: 7921609 ns
[2020-09-12T12:30:04.813+0000][1][safepoint    ] Safepoint "RevokeBias", Time since last: 4168079 ns, Reaching safepoint: 1239555 ns, At safepoint: 35386 ns, Total: 1274941 ns
[2020-09-12T12:30:04.891+0000][1][safepoint    ] Safepoint "RevokeBias", Time since last: 64658506 ns, Reaching safepoint: 13745917 ns, At safepoint: 43957 ns, Total: 13789874 ns
[2020-09-12T12:30:05.317+0000][1][safepoint    ] Safepoint "RevokeBias", Time since last: 418114218 ns, Reaching safepoint: 7438098 ns, At safepoint: 51144 ns, Total: 7489242 ns
[2020-09-12T12:30:05.323+0000][1][safepoint    ] Safepoint "RevokeBias", Time since last: 1080390 ns, Reaching safepoint: 4985741 ns, At safepoint: 92670 ns, Total: 5078411 ns
[2020-09-12T12:30:05.331+0000][1][safepoint    ] Safepoint "RevokeBias", Time since last: 8263831 ns, Reaching safepoint: 157842 ns, At safepoint: 23638 ns, Total: 181480 ns
[2020-09-12T12:30:05.636+0000][1][safepoint    ] Safepoint "RevokeBias", Time since last: 304467840 ns, Reaching safepoint: 197316 ns, At safepoint: 36151 ns, Total: 233467 ns
[2020-09-12T12:30:05.985+0000][1][safepoint    ] Safepoint "RevokeBias", Time since last: 348706771 ns, Reaching safepoint: 187566 ns, At safepoint: 64041 ns, Total: 251607 ns
[2020-09-12T12:30:06.046+0000][1][safepoint    ] Safepoint "RevokeBias", Time since last: 24628109 ns, Reaching safepoint: 35771350 ns, At safepoint: 44241 ns, Total: 35815591 ns
[2020-09-12T12:30:06.060+0000][1][safepoint    ] Safepoint "RevokeBias", Time since last: 10569606 ns, Reaching safepoint: 3734067 ns, At safepoint: 68739 ns, Total: 3802806 ns
[2020-09-12T12:30:06.062+0000][1][safepoint    ] Safepoint "RevokeBias", Time since last: 544786 ns, Reaching safepoint: 1674968 ns, At safepoint: 39958 ns, Total: 1714926 ns
[2020-09-12T12:30:06.069+0000][1][safepoint    ] Safepoint "RevokeBias", Time since last: 106647 ns, Reaching safepoint: 6464955 ns, At safepoint: 90578 ns, Total: 6555533 ns
[2020-09-12T12:30:06.072+0000][1][safepoint    ] Safepoint "RevokeBias", Time since last: 82746 ns, Reaching safepoint: 3303459 ns, At safepoint: 38116 ns, Total: 3341575 ns
[2020-09-12T12:30:06.073+0000][1][safepoint    ] Safepoint "RevokeBias", Time since last: 79052 ns, Reaching safepoint: 902256 ns, At safepoint: 42280 ns, Total: 944536 ns
[2020-09-12T12:30:06.076+0000][1][safepoint    ] Safepoint "RevokeBias", Time since last: 40768 ns, Reaching safepoint: 2113940 ns, At safepoint: 50707 ns, Total: 2164647 ns
[2020-09-12T12:30:06.097+0000][1][safepoint    ] Safepoint "RevokeBias", Time since last: 13476573 ns, Reaching safepoint: 7782278 ns, At safepoint: 40508 ns, Total: 7822786 ns
[2020-09-12T12:30:06.277+0000][1][safepoint    ] Safepoint "RevokeBias", Time since last: 178591683 ns, Reaching safepoint: 1228022 ns, At safepoint: 72220 ns, Total: 1300242 ns
[2020-09-12T12:30:06.290+0000][1][safepoint    ] Safepoint "RevokeBias", Time since last: 10061969 ns, Reaching safepoint: 2918629 ns, At safepoint: 27655 ns, Total: 2946284 ns
[2020-09-12T12:30:06.465+0000][1][safepoint    ] Safepoint "RevokeBias", Time since last: 162776672 ns, Reaching safepoint: 12608199 ns, At safepoint: 79716 ns, Total: 12687915 ns
[2020-09-12T12:30:06.540+0000][1][safepoint    ] Safepoint "RevokeBias", Time since last: 16273709 ns, Reaching safepoint: 57944425 ns, At safepoint: 121798 ns, Total: 58066223 ns
[2020-09-12T12:30:06.580+0000][1][safepoint    ] Safepoint "RevokeBias", Time since last: 6642010 ns, Reaching safepoint: 33573003 ns, At safepoint: 71213 ns, Total: 33644216 ns
[2020-09-12T12:30:06.610+0000][1][safepoint    ] Safepoint "RevokeBias", Time since last: 27314874 ns, Reaching safepoint: 2451662 ns, At safepoint: 82491 ns, Total: 2534153 ns
[2020-09-12T12:30:06.630+0000][1][safepoint    ] Safepoint "RevokeBias", Time since last: 15108043 ns, Reaching safepoint: 4970553 ns, At safepoint: 39581 ns, Total: 5010134 ns
[2020-09-12T12:30:06.648+0000][1][safepoint    ] Safepoint "RevokeBias", Time since last: 5985275 ns, Reaching safepoint: 12208553 ns, At safepoint: 76528 ns, Total: 12285081 ns
[2020-09-12T12:30:06.678+0000][1][safepoint    ] Safepoint "RevokeBias", Time since last: 19181416 ns, Reaching safepoint: 6436721 ns, At safepoint: 4015657 ns, Total: 10452378 ns
[2020-09-12T12:30:06.773+0000][1][safepoint    ] Safepoint "RevokeBias", Time since last: 95216870 ns, Reaching safepoint: 265584 ns, At safepoint: 43480 ns, Total: 309064 ns
[2020-09-12T12:30:06.960+0000][1][safepoint    ] Safepoint "RevokeBias", Time since last: 186059412 ns, Reaching safepoint: 292016 ns, At safepoint: 31700 ns, Total: 323716 ns
[2020-09-12T12:30:07.102+0000][1][safepoint    ] Safepoint "BulkRevokeBias", Time since last: 105249095 ns, Reaching safepoint: 30175371 ns, At safepoint: 6550362 ns, Total: 36725733 ns
[2020-09-12T12:30:07.224+0000][1][safepoint    ] Safepoint "RevokeBias", Time since last: 122641925 ns, Reaching safepoint: 232672 ns, At safepoint: 18419 ns, Total: 251091 ns
[2020-09-12T12:30:07.236+0000][1][safepoint    ] Safepoint "RevokeBias", Time since last: 11563717 ns, Reaching safepoint: 206369 ns, At safepoint: 19187 ns, Total: 225556 ns
[2020-09-12T12:30:07.397+0000][1][safepoint    ] Safepoint "RevokeBias", Time since last: 147513968 ns, Reaching safepoint: 13307815 ns, At safepoint: 42910 ns, Total: 13350725 ns
[2020-09-12T12:30:07.399+0000][1][safepoint    ] Safepoint "RevokeBias", Time since last: 697083 ns, Reaching safepoint: 157863 ns, At safepoint: 909424 ns, Total: 1067287 ns
[2020-09-12T12:30:07.415+0000][1][safepoint    ] Safepoint "RevokeBias", Time since last: 7770453 ns, Reaching safepoint: 8158214 ns, At safepoint: 42171 ns, Total: 8200385 ns
[2020-09-12T12:30:07.421+0000][1][safepoint    ] Safepoint "RevokeBias", Time since last: 5902615 ns, Reaching safepoint: 260873 ns, At safepoint: 30411 ns, Total: 291284 ns
[2020-09-12T12:30:07.440+0000][1][safepoint    ] Safepoint "RevokeBias", Time since last: 6784421 ns, Reaching safepoint: 11617748 ns, At safepoint: 86828 ns, Total: 11704576 ns
[2020-09-12T12:30:07.457+0000][1][safepoint    ] Safepoint "RevokeBias", Time since last: 6702069 ns, Reaching safepoint: 10543633 ns, At safepoint: 50349 ns, Total: 10593982 ns
[2020-09-12T12:30:07.478+0000][1][safepoint    ] Safepoint "RevokeBias", Time since last: 12359804 ns, Reaching safepoint: 8530919 ns, At safepoint: 45062 ns, Total: 8575981 ns
[2020-09-12T12:30:07.489+0000][1][safepoint    ] Safepoint "RevokeBias", Time since last: 5897286 ns, Reaching safepoint: 5552927 ns, At safepoint: 50856 ns, Total: 5603783 ns
[2020-09-12T12:30:07.491+0000][1][safepoint    ] Safepoint "RevokeBias", Time since last: 268074 ns, Reaching safepoint: 1872780 ns, At safepoint: 37897 ns, Total: 1910677 ns
[2020-09-12T12:30:07.492+0000][1][safepoint    ] Safepoint "RevokeBias", Time since last: 38347 ns, Reaching safepoint: 142747 ns, At safepoint: 24715 ns, Total: 167462 ns
[2020-09-12T12:30:07.493+0000][1][safepoint    ] Safepoint "RevokeBias", Time since last: 772015 ns, Reaching safepoint: 367412 ns, At safepoint: 81981 ns, Total: 449393 ns
[2020-09-12T12:30:07.495+0000][1][safepoint    ] Safepoint "RevokeBias", Time since last: 1706880 ns, Reaching safepoint: 206356 ns, At safepoint: 45175 ns, Total: 251531 ns
[2020-09-12T12:30:07.497+0000][1][safepoint    ] Safepoint "RevokeBias", Time since last: 1660391 ns, Reaching safepoint: 304762 ns, At safepoint: 38645 ns, Total: 343407 ns
[2020-09-12T12:30:07.505+0000][1][safepoint    ] Safepoint "RevokeBias", Time since last: 3518623 ns, Reaching safepoint: 343942 ns, At safepoint: 4504790 ns, Total: 4848732 ns
[2020-09-12T12:30:07.509+0000][1][safepoint    ] Safepoint "RevokeBias", Time since last: 3254520 ns, Reaching safepoint: 167732 ns, At safepoint: 44155 ns, Total: 211887 ns
[2020-09-12T12:30:07.514+0000][1][safepoint    ] Safepoint "RevokeBias", Time since last: 4947596 ns, Reaching safepoint: 247406 ns, At safepoint: 28620 ns, Total: 276026 ns
[2020-09-12T12:30:07.530+0000][1][safepoint    ] Safepoint "RevokeBias", Time since last: 11121627 ns, Reaching safepoint: 5429546 ns, At safepoint: 44251 ns, Total: 5473797 ns
[2020-09-12T12:30:07.536+0000][1][safepoint    ] Safepoint "RevokeBias", Time since last: 5544956 ns, Reaching safepoint: 173447 ns, At safepoint: 31073 ns, Total: 204520 ns
[2020-09-12T12:30:07.549+0000][1][safepoint    ] Safepoint "RevokeBias", Time since last: 12289215 ns, Reaching safepoint: 186678 ns, At safepoint: 27109 ns, Total: 213787 ns
[2020-09-12T12:30:07.553+0000][1][safepoint    ] Safepoint "RevokeBias", Time since last: 3953719 ns, Reaching safepoint: 200780 ns, At safepoint: 33273 ns, Total: 234053 ns
[2020-09-12T12:30:07.561+0000][1][safepoint    ] Safepoint "RevokeBias", Time since last: 7482019 ns, Reaching safepoint: 256330 ns, At safepoint: 82661 ns, Total: 338991 ns
[2020-09-12T12:30:07.578+0000][1][safepoint    ] Safepoint "RevokeBias", Time since last: 17024793 ns, Reaching safepoint: 185661 ns, At safepoint: 34244 ns, Total: 219905 ns
[2020-09-12T12:30:07.597+0000][1][safepoint    ] Safepoint "BulkRevokeBias", Time since last: 6530325 ns, Reaching safepoint: 12347272 ns, At safepoint: 445856 ns, Total: 12793128 ns
[2020-09-12T12:30:07.618+0000][1][safepoint    ] Safepoint "RevokeBias", Time since last: 3400033 ns, Reaching safepoint: 17148219 ns, At safepoint: 36464 ns, Total: 17184683 ns
[2020-09-12T12:30:07.657+0000][1][safepoint    ] Safepoint "RevokeBias", Time since last: 39228604 ns, Reaching safepoint: 174409 ns, At safepoint: 48400 ns, Total: 222809 ns
[2020-09-12T12:30:07.797+0000][1][safepoint    ] Safepoint "RevokeBias", Time since last: 125765199 ns, Reaching safepoint: 10989074 ns, At safepoint: 2596323 ns, Total: 13585397 ns
[2020-09-12T12:30:07.834+0000][1][safepoint    ] Safepoint "RevokeBias", Time since last: 8635611 ns, Reaching safepoint: 28165985 ns, At safepoint: 82257 ns, Total: 28248242 ns
[2020-09-12T12:30:07.841+0000][1][safepoint    ] Safepoint "RevokeBias", Time since last: 7045658 ns, Reaching safepoint: 249804 ns, At safepoint: 43089 ns, Total: 292893 ns
[2020-09-12T12:30:07.867+0000][1][safepoint    ] Safepoint "RevokeBias", Time since last: 17885445 ns, Reaching safepoint: 8397526 ns, At safepoint: 54884 ns, Total: 8452410 ns
[2020-09-12T12:30:07.870+0000][1][safepoint    ] Safepoint "RevokeBias", Time since last: 2757359 ns, Reaching safepoint: 177314 ns, At safepoint: 51599 ns, Total: 228913 ns
[2020-09-12T12:30:07.898+0000][1][safepoint    ] Safepoint "RevokeBias", Time since last: 9212290 ns, Reaching safepoint: 12203118 ns, At safepoint: 5878784 ns, Total: 18081902 ns
[2020-09-12T12:30:07.916+0000][1][safepoint    ] Safepoint "RevokeBias", Time since last: 46901 ns, Reaching safepoint: 17400451 ns, At safepoint: 1004438 ns, Total: 18404889 ns
[2020-09-12T12:30:07.937+0000][1][safepoint    ] Safepoint "RevokeBias", Time since last: 15556814 ns, Reaching safepoint: 5194007 ns, At safepoint: 64469 ns, Total: 5258476 ns
[2020-09-12T12:30:07.956+0000][1][safepoint    ] Safepoint "RevokeBias", Time since last: 11896202 ns, Reaching safepoint: 7640451 ns, At safepoint: 43782 ns, Total: 7684233 ns
[2020-09-12T12:30:07.989+0000][1][safepoint    ] Safepoint "RevokeBias", Time since last: 12286877 ns, Reaching safepoint: 19964622 ns, At safepoint: 183688 ns, Total: 20148310 ns
[2020-09-12T12:30:08.017+0000][1][safepoint    ] Safepoint "RevokeBias", Time since last: 27909398 ns, Reaching safepoint: 168866 ns, At safepoint: 57095 ns, Total: 225961 ns
[2020-09-12T12:30:08.030+0000][1][safepoint    ] Safepoint "RevokeBias", Time since last: 7754400 ns, Reaching safepoint: 5650028 ns, At safepoint: 76653 ns, Total: 5726681 ns
[2020-09-12T12:30:08.031+0000][1][safepoint    ] Safepoint "RevokeBias", Time since last: 498328 ns, Reaching safepoint: 209211 ns, At safepoint: 25350 ns, Total: 234561 ns
[2020-09-12T12:30:08.042+0000][1][safepoint    ] Safepoint "RevokeBias", Time since last: 486963 ns, Reaching safepoint: 10202184 ns, At safepoint: 40000 ns, Total: 10242184 ns
[2020-09-12T12:30:08.043+0000][1][safepoint    ] Safepoint "RevokeBias", Time since last: 861083 ns, Reaching safepoint: 361013 ns, At safepoint: 26526 ns, Total: 387539 ns
[2020-09-12T12:30:08.288+0000][1][safepoint    ] Safepoint "RevokeBias", Time since last: 234224848 ns, Reaching safepoint: 10102706 ns, At safepoint: 41140 ns, Total: 10143846 ns
[2020-09-12T12:30:08.626+0000][1][safepoint    ] Safepoint "RevokeBias", Time since last: 324979800 ns, Reaching safepoint: 13350418 ns, At safepoint: 99540 ns, Total: 13449958 ns
[2020-09-12T12:30:08.635+0000][1][safepoint    ] Safepoint "RevokeBias", Time since last: 509486 ns, Reaching safepoint: 8961555 ns, At safepoint: 43121 ns, Total: 9004676 ns
[2020-09-12T12:30:08.643+0000][1][safepoint    ] Safepoint "RevokeBias", Time since last: 7334163 ns, Reaching safepoint: 331306 ns, At safepoint: 34631 ns, Total: 365937 ns
[2020-09-12T12:30:08.645+0000][1][safepoint    ] Safepoint "RevokeBias", Time since last: 1025097 ns, Reaching safepoint: 330016 ns, At safepoint: 24977 ns, Total: 354993 ns
[2020-09-12T12:30:08.717+0000][1][safepoint    ] Safepoint "RevokeBias", Time since last: 72383019 ns, Reaching safepoint: 496670 ns, At safepoint: 27714 ns, Total: 524384 ns
[2020-09-12T12:30:08.790+0000][1][safepoint    ] Safepoint "RevokeBias", Time since last: 72041434 ns, Reaching safepoint: 673319 ns, At safepoint: 53205 ns, Total: 726524 ns
[2020-09-12T12:30:08.792+0000][1][safepoint    ] Safepoint "RevokeBias", Time since last: 1483883 ns, Reaching safepoint: 685765 ns, At safepoint: 29020 ns, Total: 714785 ns
[2020-09-12T12:30:08.856+0000][1][safepoint    ] Safepoint "RevokeBias", Time since last: 48716149 ns, Reaching safepoint: 15283332 ns, At safepoint: 39233 ns, Total: 15322565 ns
[2020-09-12T12:30:08.863+0000][1][safepoint    ] Safepoint "BulkRevokeBias", Time since last: 2251553 ns, Reaching safepoint: 3706831 ns, At safepoint: 783399 ns, Total: 4490230 ns
[2020-09-12T12:30:08.932+0000][1][safepoint    ] Safepoint "RevokeBias", Time since last: 59617107 ns, Reaching safepoint: 9009987 ns, At safepoint: 163244 ns, Total: 9173231 ns
[2020-09-12T12:30:08.987+0000][1][safepoint    ] Safepoint "RevokeBias", Time since last: 31808921 ns, Reaching safepoint: 23267921 ns, At safepoint: 47219 ns, Total: 23315140 ns
[2020-09-12T12:30:09.037+0000][1][gc,start     ] GC(37) Pause Young (Allocation Failure)
[2020-09-12T12:30:09.037+0000][1][gc,task      ] GC(37) Using 2 workers of 2 for evacuation
[2020-09-12T12:30:09.193+0000][1][gc,age       ] GC(37) Desired survivor size 8716288 bytes, new threshold 2 (max threshold 6)
[2020-09-12T12:30:09.193+0000][1][gc,age       ] GC(37) Age table with threshold 2 (max threshold 6)
[2020-09-12T12:30:09.193+0000][1][gc,age       ] GC(37) - age   1:    5906232 bytes,    5906232 total
[2020-09-12T12:30:09.193+0000][1][gc,age       ] GC(37) - age   2:    6785160 bytes,   12691392 total
[2020-09-12T12:30:09.193+0000][1][gc,heap      ] GC(37) ParNew: 150858K->16827K(153344K)
[2020-09-12T12:30:09.193+0000][1][gc,heap      ] GC(37) CMS: 62148K->67844K(353920K)
[2020-09-12T12:30:09.193+0000][1][gc,metaspace ] GC(37) Metaspace: 87770K->87770K(1130496K)
[2020-09-12T12:30:09.193+0000][1][gc           ] GC(37) Pause Young (Allocation Failure) 208M->82M(495M) 155.751ms
[2020-09-12T12:30:09.193+0000][1][gc,cpu       ] GC(37) User=0.05s Sys=0.01s Real=0.16s
[2020-09-12T12:30:09.193+0000][1][safepoint    ] Safepoint "RevokeBias", Time since last: 44559841 ns, Reaching safepoint: 5424355 ns, At safepoint: 156040770 ns, Total: 161465125 ns
[2020-09-12T12:30:09.246+0000][1][safepoint    ] Safepoint "RevokeBias", Time since last: 39409375 ns, Reaching safepoint: 5423897 ns, At safepoint: 153128 ns, Total: 5577025 ns
[2020-09-12T12:30:09.261+0000][1][safepoint    ] Safepoint "RevokeBias", Time since last: 16825950 ns, Reaching safepoint: 5866982 ns, At safepoint: 146070 ns, Total: 6013052 ns
[2020-09-12T12:30:09.308+0000][1][safepoint    ] Safepoint "RevokeBias", Time since last: 46378846 ns, Reaching safepoint: 266684 ns, At safepoint: 25386 ns, Total: 292070 ns
[2020-09-12T12:30:09.308+0000][1][safepoint    ] Safepoint "RevokeBias", Time since last: 356621 ns, Reaching safepoint: 227093 ns, At safepoint: 136202 ns, Total: 363295 ns
[2020-09-12T12:30:09.309+0000][1][safepoint    ] Safepoint "RevokeBias", Time since last: 603576 ns, Reaching safepoint: 254935 ns, At safepoint: 136955 ns, Total: 391890 ns
[2020-09-12T12:30:09.417+0000][1][safepoint    ] Safepoint "RevokeBias", Time since last: 107364291 ns, Reaching safepoint: 257608 ns, At safepoint: 25731 ns, Total: 283339 ns
[2020-09-12T12:30:09.440+0000][1][safepoint    ] Safepoint "RevokeBias", Time since last: 21866028 ns, Reaching safepoint: 739262 ns, At safepoint: 28487 ns, Total: 767749 ns
[2020-09-12T12:30:09.451+0000][1][safepoint    ] Safepoint "RevokeBias", Time since last: 10958616 ns, Reaching safepoint: 270411 ns, At safepoint: 28476 ns, Total: 298887 ns
[2020-09-12T12:30:09.671+0000][1][safepoint    ] Safepoint "RevokeBias", Time since last: 203904909 ns, Reaching safepoint: 15808617 ns, At safepoint: 43620 ns, Total: 15852237 ns
[2020-09-12T12:30:09.673+0000][1][safepoint    ] Safepoint "RevokeBias", Time since last: 746627 ns, Reaching safepoint: 1437369 ns, At safepoint: 38246 ns, Total: 1475615 ns
[2020-09-12T12:30:09.725+0000][1][safepoint    ] Safepoint "Deoptimize", Time since last: 31849570 ns, Reaching safepoint: 20149220 ns, At safepoint: 621364 ns, Total: 20770584 ns
[2020-09-12T12:30:09.781+0000][1][safepoint    ] Safepoint "RevokeBias", Time since last: 42347644 ns, Reaching safepoint: 12980986 ns, At safepoint: 51762 ns, Total: 13032748 ns
[2020-09-12T12:30:09.829+0000][1][safepoint    ] Safepoint "Deoptimize", Time since last: 39849649 ns, Reaching safepoint: 8092626 ns, At safepoint: 646192 ns, Total: 8738818 ns
[2020-09-12T12:30:09.852+0000][1][safepoint    ] Safepoint "RevokeBias", Time since last: 11558671 ns, Reaching safepoint: 10624364 ns, At safepoint: 51468 ns, Total: 10675832 ns
[2020-09-12T12:30:10.136+0000][1][safepoint    ] Safepoint "Deoptimize", Time since last: 283314452 ns, Reaching safepoint: 223275 ns, At safepoint: 1022492 ns, Total: 1245767 ns
[2020-09-12T12:30:10.190+0000][1][safepoint    ] Safepoint "RevokeBias", Time since last: 40448397 ns, Reaching safepoint: 13465933 ns, At safepoint: 35998 ns, Total: 13501931 ns
[2020-09-12T12:30:10.199+0000][1][safepoint    ] Safepoint "RevokeBias", Time since last: 7372853 ns, Reaching safepoint: 999246 ns, At safepoint: 28553 ns, Total: 1027799 ns
[2020-09-12T12:30:10.200+0000][1][safepoint    ] Safepoint "RevokeBias", Time since last: 1342594 ns, Reaching safepoint: 183733 ns, At safepoint: 25914 ns, Total: 209647 ns
[2020-09-12T12:30:10.209+0000][1][safepoint    ] Safepoint "RevokeBias", Time since last: 8174922 ns, Reaching safepoint: 202903 ns, At safepoint: 27288 ns, Total: 230191 ns
[2020-09-12T12:30:10.432+0000][1][safepoint    ] Safepoint "RevokeBias", Time since last: 216145434 ns, Reaching safepoint: 7585467 ns, At safepoint: 36717 ns, Total: 7622184 ns
[2020-09-12T12:30:10.513+0000][1][safepoint    ] Safepoint "RevokeBias", Time since last: 80231269 ns, Reaching safepoint: 881075 ns, At safepoint: 39586 ns, Total: 920661 ns
[2020-09-12T12:30:10.540+0000][1][safepoint    ] Safepoint "RevokeBias", Time since last: 15204359 ns, Reaching safepoint: 7895628 ns, At safepoint: 2976927 ns, Total: 10872555 ns
[2020-09-12T12:30:10.546+0000][1][safepoint    ] Safepoint "RevokeBias", Time since last: 5849723 ns, Reaching safepoint: 243595 ns, At safepoint: 27933 ns, Total: 271528 ns
[2020-09-12T12:30:10.595+0000][1][safepoint    ] Safepoint "RevokeBias", Time since last: 47453538 ns, Reaching safepoint: 1489403 ns, At safepoint: 51663 ns, Total: 1541066 ns
[2020-09-12T12:30:10.608+0000][1][safepoint    ] Safepoint "RevokeBias", Time since last: 11464994 ns, Reaching safepoint: 1968867 ns, At safepoint: 52015 ns, Total: 2020882 ns
[2020-09-12T12:30:10.617+0000][1][safepoint    ] Safepoint "RevokeBias", Time since last: 8203110 ns, Reaching safepoint: 402905 ns, At safepoint: 30384 ns, Total: 433289 ns
[2020-09-12T12:30:10.721+0000][1][safepoint    ] Safepoint "RevokeBias", Time since last: 103559704 ns, Reaching safepoint: 439576 ns, At safepoint: 30209 ns, Total: 469785 ns
[2020-09-12T12:30:10.817+0000][1][safepoint    ] Safepoint "RevokeBias", Time since last: 95542952 ns, Reaching safepoint: 747292 ns, At safepoint: 26893 ns, Total: 774185 ns
[2020-09-12T12:30:10.818+0000][1][safepoint    ] Safepoint "RevokeBias", Time since last: 251849 ns, Reaching safepoint: 133889 ns, At safepoint: 18580 ns, Total: 152469 ns
[2020-09-12T12:30:10.818+0000][1][safepoint    ] Safepoint "RevokeBias", Time since last: 368968 ns, Reaching safepoint: 464629 ns, At safepoint: 24230 ns, Total: 488859 ns
[2020-09-12T12:30:10.832+0000][1][safepoint    ] Safepoint "RevokeBias", Time since last: 12222864 ns, Reaching safepoint: 1309771 ns, At safepoint: 65184 ns, Total: 1374955 ns
[2020-09-12T12:30:10.989+0000][1][safepoint    ] Safepoint "RevokeBias", Time since last: 156706817 ns, Reaching safepoint: 287889 ns, At safepoint: 29267 ns, Total: 317156 ns
[2020-09-12T12:30:11.057+0000][1][safepoint    ] Safepoint "RevokeBias", Time since last: 62139942 ns, Reaching safepoint: 5633000 ns, At safepoint: 43674 ns, Total: 5676674 ns
[2020-09-12T12:30:11.267+0000][1][safepoint    ] Safepoint "RevokeBias", Time since last: 209378927 ns, Reaching safepoint: 854102 ns, At safepoint: 27479 ns, Total: 881581 ns
[2020-09-12T12:30:11.277+0000][1][safepoint    ] Safepoint "RevokeBias", Time since last: 463190 ns, Reaching safepoint: 9373070 ns, At safepoint: 43557 ns, Total: 9416627 ns
[2020-09-12T12:30:11.396+0000][1][safepoint    ] Safepoint "RevokeBias", Time since last: 108238725 ns, Reaching safepoint: 10918665 ns, At safepoint: 39942 ns, Total: 10958607 ns
[2020-09-12T12:30:11.399+0000][1][safepoint    ] Safepoint "RevokeBias", Time since last: 133201 ns, Reaching safepoint: 2204153 ns, At safepoint: 35904 ns, Total: 2240057 ns
[2020-09-12T12:30:11.408+0000][1][safepoint    ] Safepoint "RevokeBias", Time since last: 88594 ns, Reaching safepoint: 9521700 ns, At safepoint: 39921 ns, Total: 9561621 ns
[2020-09-12T12:30:11.410+0000][1][safepoint    ] Safepoint "RevokeBias", Time since last: 1227652 ns, Reaching safepoint: 377910 ns, At safepoint: 24496 ns, Total: 402406 ns
[2020-09-12T12:30:11.449+0000][1][safepoint    ] Safepoint "RevokeBias", Time since last: 39133182 ns, Reaching safepoint: 93660 ns, At safepoint: 23859 ns, Total: 117519 ns
[2020-09-12T12:30:11.666+0000][1][gc,start     ] GC(38) Pause Young (Allocation Failure)
[2020-09-12T12:30:11.666+0000][1][gc,task      ] GC(38) Using 2 workers of 2 for evacuation
[2020-09-12T12:30:11.743+0000][1][gc,age       ] GC(38) Desired survivor size 8716288 bytes, new threshold 1 (max threshold 6)
[2020-09-12T12:30:11.743+0000][1][gc,age       ] GC(38) Age table with threshold 1 (max threshold 6)
[2020-09-12T12:30:11.743+0000][1][gc,age       ] GC(38) - age   1:    8768976 bytes,    8768976 total
[2020-09-12T12:30:11.743+0000][1][gc,age       ] GC(38) - age   2:    4376408 bytes,   13145384 total
[2020-09-12T12:30:11.743+0000][1][gc,heap      ] GC(38) ParNew: 152790K->17024K(153344K)
[2020-09-12T12:30:11.743+0000][1][gc,heap      ] GC(38) CMS: 67844K->76920K(353920K)
[2020-09-12T12:30:11.743+0000][1][gc,metaspace ] GC(38) Metaspace: 88961K->88961K(1130496K)
[2020-09-12T12:30:11.743+0000][1][gc           ] GC(38) Pause Young (Allocation Failure) 215M->91M(495M) 77.020ms
[2020-09-12T12:30:11.743+0000][1][gc,cpu       ] GC(38) User=0.03s Sys=0.00s Real=0.08s
[2020-09-12T12:30:11.743+0000][1][safepoint    ] Safepoint "GenCollectForAllocation", Time since last: 206577420 ns, Reaching safepoint: 10242441 ns, At safepoint: 77094830 ns, Total: 87337271 ns
[2020-09-12T12:30:11.777+0000][1][safepoint    ] Safepoint "RevokeBias", Time since last: 33727953 ns, Reaching safepoint: 194633 ns, At safepoint: 35139 ns, Total: 229772 ns
[2020-09-12T12:30:11.793+0000][1][safepoint    ] Safepoint "RevokeBias", Time since last: 15766549 ns, Reaching safepoint: 185969 ns, At safepoint: 27015 ns, Total: 212984 ns
[2020-09-12T12:30:12.249+0000][1][safepoint    ] Safepoint "RevokeBias", Time since last: 448731892 ns, Reaching safepoint: 7163586 ns, At safepoint: 38606 ns, Total: 7202192 ns
[2020-09-12T12:30:12.285+0000][1][safepoint    ] Safepoint "RevokeBias", Time since last: 31865200 ns, Reaching safepoint: 4079214 ns, At safepoint: 40406 ns, Total: 4119620 ns
[2020-09-12T12:30:12.326+0000][1][safepoint    ] Safepoint "RevokeBias", Time since last: 35844318 ns, Reaching safepoint: 5004281 ns, At safepoint: 56293 ns, Total: 5060574 ns
[2020-09-12T12:30:12.369+0000][1][safepoint    ] Safepoint "RevokeBias", Time since last: 37385439 ns, Reaching safepoint: 5649959 ns, At safepoint: 36104 ns, Total: 5686063 ns
[2020-09-12T12:30:12.377+0000][1][safepoint    ] Safepoint "RevokeBias", Time since last: 5007498 ns, Reaching safepoint: 3017107 ns, At safepoint: 37603 ns, Total: 3054710 ns
[2020-09-12T12:30:12.396+0000][1][safepoint    ] Safepoint "RevokeBias", Time since last: 11797510 ns, Reaching safepoint: 7120217 ns, At safepoint: 35898 ns, Total: 7156115 ns
[2020-09-12T12:30:12.589+0000][1][safepoint    ] Safepoint "RevokeBias", Time since last: 188202505 ns, Reaching safepoint: 4754396 ns, At safepoint: 41939 ns, Total: 4796335 ns
[2020-09-12T12:30:12.635+0000][1][safepoint    ] Safepoint "RevokeBias", Time since last: 35868157 ns, Reaching safepoint: 10558121 ns, At safepoint: 39912 ns, Total: 10598033 ns
[2020-09-12T12:30:12.788+0000][1][safepoint    ] Safepoint "Deoptimize", Time since last: 131282408 ns, Reaching safepoint: 20558431 ns, At safepoint: 668378 ns, Total: 21226809 ns
[2020-09-12T12:30:12.924+0000][1][safepoint    ] Safepoint "RevokeBias", Time since last: 131834909 ns, Reaching safepoint: 4563204 ns, At safepoint: 37544 ns, Total: 4600748 ns
[2020-09-12T12:30:13.093+0000][1][safepoint    ] Safepoint "RevokeBias", Time since last: 167769539 ns, Reaching safepoint: 639119 ns, At safepoint: 40647 ns, Total: 679766 ns
[2020-09-12T12:30:13.117+0000][1][safepoint    ] Safepoint "RevokeBias", Time since last: 20681586 ns, Reaching safepoint: 3081104 ns, At safepoint: 75318 ns, Total: 3156422 ns
[2020-09-12T12:30:13.120+0000][1][safepoint    ] Safepoint "RevokeBias", Time since last: 81701 ns, Reaching safepoint: 3374355 ns, At safepoint: 36714 ns, Total: 3411069 ns
[2020-09-12T12:30:13.207+0000][1][safepoint    ] Safepoint "RevokeBias", Time since last: 79609677 ns, Reaching safepoint: 7285496 ns, At safepoint: 43190 ns, Total: 7328686 ns
[2020-09-12T12:30:13.596+0000][1][safepoint    ] Safepoint "RevokeBias", Time since last: 384935912 ns, Reaching safepoint: 3932401 ns, At safepoint: 40923 ns, Total: 3973324 ns
[2020-09-12T12:30:13.693+0000][1][safepoint    ] Safepoint "RevokeBias", Time since last: 91412628 ns, Reaching safepoint: 5541881 ns, At safepoint: 38433 ns, Total: 5580314 ns
[2020-09-12T12:30:13.712+0000][1][safepoint    ] Safepoint "RevokeBias", Time since last: 18847136 ns, Reaching safepoint: 172892 ns, At safepoint: 24881 ns, Total: 197773 ns
[2020-09-12T12:30:13.761+0000][1][safepoint    ] Safepoint "RevokeBias", Time since last: 36530106 ns, Reaching safepoint: 13009858 ns, At safepoint: 41573 ns, Total: 13051431 ns
[2020-09-12T12:30:14.028+0000][1][gc,start     ] GC(39) Pause Young (Allocation Failure)
[2020-09-12T12:30:14.029+0000][1][gc,task      ] GC(39) Using 2 workers of 2 for evacuation
[2020-09-12T12:30:14.093+0000][1][gc,age       ] GC(39) Desired survivor size 8716288 bytes, new threshold 6 (max threshold 6)
[2020-09-12T12:30:14.093+0000][1][gc,age       ] GC(39) Age table with threshold 6 (max threshold 6)
[2020-09-12T12:30:14.093+0000][1][gc,age       ] GC(39) - age   1:    6509160 bytes,    6509160 total
[2020-09-12T12:30:14.093+0000][1][gc,heap      ] GC(39) ParNew: 153344K->12652K(153344K)
[2020-09-12T12:30:14.093+0000][1][gc,heap      ] GC(39) CMS: 76920K->80452K(353920K)
[2020-09-12T12:30:14.093+0000][1][gc,metaspace ] GC(39) Metaspace: 89655K->89655K(1132544K)
[2020-09-12T12:30:14.093+0000][1][gc           ] GC(39) Pause Young (Allocation Failure) 224M->90M(495M) 64.382ms
[2020-09-12T12:30:14.094+0000][1][gc,cpu       ] GC(39) User=0.03s Sys=0.00s Real=0.07s
[2020-09-12T12:30:14.094+0000][1][safepoint    ] Safepoint "GenCollectForAllocation", Time since last: 266740017 ns, Reaching safepoint: 224952 ns, At safepoint: 65851142 ns, Total: 66076094 ns
[2020-09-12T12:30:14.129+0000][1][safepoint    ] Safepoint "RevokeBias", Time since last: 24798831 ns, Reaching safepoint: 10062800 ns, At safepoint: 39911 ns, Total: 10102711 ns
[2020-09-12T12:30:14.190+0000][1][safepoint    ] Safepoint "RevokeBias", Time since last: 14305009 ns, Reaching safepoint: 46917702 ns, At safepoint: 56376 ns, Total: 46974078 ns
[2020-09-12T12:30:14.191+0000][1][safepoint    ] Safepoint "RevokeBias", Time since last: 615474 ns, Reaching safepoint: 227584 ns, At safepoint: 37053 ns, Total: 264637 ns
[2020-09-12T12:30:14.268+0000][1][safepoint    ] Safepoint "RevokeBias", Time since last: 649917 ns, Reaching safepoint: 75603618 ns, At safepoint: 133490 ns, Total: 75737108 ns
[2020-09-12T12:30:14.305+0000][1][safepoint    ] Safepoint "RevokeBias", Time since last: 26620789 ns, Reaching safepoint: 10090222 ns, At safepoint: 34596 ns, Total: 10124818 ns
[2020-09-12T12:30:14.331+0000][1][safepoint    ] Safepoint "RevokeBias", Time since last: 13144865 ns, Reaching safepoint: 13720913 ns, At safepoint: 63856 ns, Total: 13784769 ns
[2020-09-12T12:30:14.335+0000][1][safepoint    ] Safepoint "RevokeBias", Time since last: 2033302 ns, Reaching safepoint: 1250252 ns, At safepoint: 103295 ns, Total: 1353547 ns
[2020-09-12T12:30:14.350+0000][1][safepoint    ] Safepoint "RevokeBias", Time since last: 11510312 ns, Reaching safepoint: 3300713 ns, At safepoint: 45226 ns, Total: 3345939 ns
[2020-09-12T12:30:14.351+0000][1][safepoint    ] Safepoint "RevokeBias", Time since last: 314017 ns, Reaching safepoint: 1181755 ns, At safepoint: 33897 ns, Total: 1215652 ns
[2020-09-12T12:30:14.351+0000][1][safepoint    ] Safepoint "RevokeBias", Time since last: 74500 ns, Reaching safepoint: 134098 ns, At safepoint: 20427 ns, Total: 154525 ns
[2020-09-12T12:30:14.354+0000][1][safepoint    ] Safepoint "RevokeBias", Time since last: 233140 ns, Reaching safepoint: 2364386 ns, At safepoint: 37188 ns, Total: 2401574 ns
[2020-09-12T12:30:14.355+0000][1][safepoint    ] Safepoint "RevokeBias", Time since last: 868054 ns, Reaching safepoint: 278023 ns, At safepoint: 26643 ns, Total: 304666 ns
[2020-09-12T12:30:14.356+0000][1][safepoint    ] Safepoint "RevokeBias", Time since last: 233015 ns, Reaching safepoint: 222604 ns, At safepoint: 23035 ns, Total: 245639 ns
[2020-09-12T12:30:14.357+0000][1][safepoint    ] Safepoint "BulkRevokeBias", Time since last: 213711 ns, Reaching safepoint: 218797 ns, At safepoint: 535691 ns, Total: 754488 ns
[2020-09-12T12:30:14.391+0000][1][safepoint    ] Safepoint "RevokeBias", Time since last: 30525183 ns, Reaching safepoint: 3324637 ns, At safepoint: 59868 ns, Total: 3384505 ns
[2020-09-12T12:30:14.402+0000][1][safepoint    ] Safepoint "RevokeBias", Time since last: 8702653 ns, Reaching safepoint: 2862013 ns, At safepoint: 65796 ns, Total: 2927809 ns
[2020-09-12T12:30:14.496+0000][1][safepoint    ] Safepoint "RevokeBias", Time since last: 76206026 ns, Reaching safepoint: 17171000 ns, At safepoint: 38073 ns, Total: 17209073 ns
[2020-09-12T12:30:14.578+0000][1][safepoint    ] Safepoint "RevokeBias", Time since last: 79982503 ns, Reaching safepoint: 2460435 ns, At safepoint: 55306 ns, Total: 2515741 ns
[2020-09-12T12:30:14.590+0000][1][safepoint    ] Safepoint "RevokeBias", Time since last: 10822658 ns, Reaching safepoint: 460981 ns, At safepoint: 54758 ns, Total: 515739 ns
[2020-09-12T12:30:14.881+0000][1][safepoint    ] Safepoint "RevokeBias", Time since last: 283320691 ns, Reaching safepoint: 8093999 ns, At safepoint: 50201 ns, Total: 8144200 ns
[2020-09-12T12:30:15.017+0000][1][safepoint    ] Safepoint "RevokeBias", Time since last: 107332938 ns, Reaching safepoint: 28816105 ns, At safepoint: 42322 ns, Total: 28858427 ns
[2020-09-12T12:30:15.029+0000][1][safepoint    ] Safepoint "RevokeBias", Time since last: 10340521 ns, Reaching safepoint: 1135938 ns, At safepoint: 56198 ns, Total: 1192136 ns
[2020-09-12T12:30:15.085+0000][1][safepoint    ] Safepoint "RevokeBias", Time since last: 31639611 ns, Reaching safepoint: 24489619 ns, At safepoint: 95583 ns, Total: 24585202 ns
[2020-09-12T12:30:15.123+0000][1][safepoint    ] Safepoint "RevokeBias", Time since last: 38237212 ns, Reaching safepoint: 213107 ns, At safepoint: 31600 ns, Total: 244707 ns
[2020-09-12T12:30:15.124+0000][1][safepoint    ] Safepoint "RevokeBias", Time since last: 75332 ns, Reaching safepoint: 165559 ns, At safepoint: 22611 ns, Total: 188170 ns
[2020-09-12T12:30:15.153+0000][1][safepoint    ] Safepoint "RevokeBias", Time since last: 29034549 ns, Reaching safepoint: 412640 ns, At safepoint: 32165 ns, Total: 444805 ns
[2020-09-12T12:30:15.164+0000][1][safepoint    ] Safepoint "RevokeBias", Time since last: 5763114 ns, Reaching safepoint: 5512143 ns, At safepoint: 36231 ns, Total: 5548374 ns
[2020-09-12T12:30:15.178+0000][1][safepoint    ] Safepoint "RevokeBias", Time since last: 13250222 ns, Reaching safepoint: 424492 ns, At safepoint: 60259 ns, Total: 484751 ns
[2020-09-12T12:30:15.181+0000][1][safepoint    ] Safepoint "RevokeBias", Time since last: 2684085 ns, Reaching safepoint: 179563 ns, At safepoint: 23298 ns, Total: 202861 ns
[2020-09-12T12:30:15.182+0000][1][safepoint    ] Safepoint "RevokeBias", Time since last: 594229 ns, Reaching safepoint: 146123 ns, At safepoint: 18237 ns, Total: 164360 ns
[2020-09-12T12:30:15.190+0000][1][safepoint    ] Safepoint "RevokeBias", Time since last: 7069247 ns, Reaching safepoint: 478755 ns, At safepoint: 395368 ns, Total: 874123 ns
[2020-09-12T12:30:15.190+0000][1][safepoint    ] Safepoint "RevokeBias", Time since last: 354329 ns, Reaching safepoint: 239672 ns, At safepoint: 23979 ns, Total: 263651 ns
[2020-09-12T12:30:15.196+0000][1][safepoint    ] Safepoint "RevokeBias", Time since last: 4323373 ns, Reaching safepoint: 863532 ns, At safepoint: 50918 ns, Total: 914450 ns
[2020-09-12T12:30:15.222+0000][1][safepoint    ] Safepoint "RevokeBias", Time since last: 19917983 ns, Reaching safepoint: 6656996 ns, At safepoint: 65571 ns, Total: 6722567 ns
[2020-09-12T12:30:15.225+0000][1][safepoint    ] Safepoint "RevokeBias", Time since last: 2226887 ns, Reaching safepoint: 280564 ns, At safepoint: 55420 ns, Total: 335984 ns
[2020-09-12T12:30:15.226+0000][1][safepoint    ] Safepoint "RevokeBias", Time since last: 460687 ns, Reaching safepoint: 461545 ns, At safepoint: 34752 ns, Total: 496297 ns
[2020-09-12T12:30:15.227+0000][1][safepoint    ] Safepoint "RevokeBias", Time since last: 327666 ns, Reaching safepoint: 576365 ns, At safepoint: 24654 ns, Total: 601019 ns
[2020-09-12T12:30:15.227+0000][1][safepoint    ] Safepoint "RevokeBias", Time since last: 101086 ns, Reaching safepoint: 298946 ns, At safepoint: 23987 ns, Total: 322933 ns
[2020-09-12T12:30:15.235+0000][1][safepoint    ] Safepoint "RevokeBias", Time since last: 1778268 ns, Reaching safepoint: 5883770 ns, At safepoint: 38988 ns, Total: 5922758 ns
[2020-09-12T12:30:15.235+0000][1][safepoint    ] Safepoint "RevokeBias", Time since last: 94787 ns, Reaching safepoint: 165179 ns, At safepoint: 21947 ns, Total: 187126 ns
[2020-09-12T12:30:15.235+0000][1][safepoint    ] Safepoint "RevokeBias", Time since last: 54561 ns, Reaching safepoint: 140519 ns, At safepoint: 18913 ns, Total: 159432 ns
[2020-09-12T12:30:15.235+0000][1][safepoint    ] Safepoint "RevokeBias", Time since last: 49789 ns, Reaching safepoint: 49151 ns, At safepoint: 15828 ns, Total: 64979 ns
[2020-09-12T12:30:15.236+0000][1][safepoint    ] Safepoint "RevokeBias", Time since last: 41076 ns, Reaching safepoint: 117386 ns, At safepoint: 15294 ns, Total: 132680 ns
[2020-09-12T12:30:15.236+0000][1][safepoint    ] Safepoint "BulkRevokeBias", Time since last: 40530 ns, Reaching safepoint: 118385 ns, At safepoint: 377315 ns, Total: 495700 ns
[2020-09-12T12:30:15.236+0000][1][safepoint    ] Safepoint "RevokeBias", Time since last: 91079 ns, Reaching safepoint: 52348 ns, At safepoint: 14964 ns, Total: 67312 ns
[2020-09-12T12:30:15.237+0000][1][safepoint    ] Safepoint "RevokeBias", Time since last: 95255 ns, Reaching safepoint: 119967 ns, At safepoint: 16642 ns, Total: 136609 ns
[2020-09-12T12:30:15.237+0000][1][safepoint    ] Safepoint "RevokeBias", Time since last: 64274 ns, Reaching safepoint: 94637 ns, At safepoint: 15386 ns, Total: 110023 ns
[2020-09-12T12:30:15.237+0000][1][safepoint    ] Safepoint "RevokeBias", Time since last: 53852 ns, Reaching safepoint: 134343 ns, At safepoint: 16618 ns, Total: 150961 ns
[2020-09-12T12:30:15.237+0000][1][safepoint    ] Safepoint "RevokeBias", Time since last: 51496 ns, Reaching safepoint: 118042 ns, At safepoint: 15903 ns, Total: 133945 ns
[2020-09-12T12:30:15.237+0000][1][safepoint    ] Safepoint "RevokeBias", Time since last: 56344 ns, Reaching safepoint: 185081 ns, At safepoint: 15859 ns, Total: 200940 ns
[2020-09-12T12:30:15.238+0000][1][safepoint    ] Safepoint "RevokeBias", Time since last: 48957 ns, Reaching safepoint: 401072 ns, At safepoint: 18739 ns, Total: 419811 ns
[2020-09-12T12:30:15.238+0000][1][safepoint    ] Safepoint "RevokeBias", Time since last: 57228 ns, Reaching safepoint: 45511 ns, At safepoint: 16412 ns, Total: 61923 ns
[2020-09-12T12:30:15.248+0000][1][safepoint    ] Safepoint "RevokeBias", Time since last: 635702 ns, Reaching safepoint: 9743138 ns, At safepoint: 45407 ns, Total: 9788545 ns
[2020-09-12T12:30:15.252+0000][1][safepoint    ] Safepoint "RevokeBias", Time since last: 3802139 ns, Reaching safepoint: 184574 ns, At safepoint: 32463 ns, Total: 217037 ns
[2020-09-12T12:30:15.257+0000][1][safepoint    ] Safepoint "RevokeBias", Time since last: 4331291 ns, Reaching safepoint: 190543 ns, At safepoint: 32074 ns, Total: 222617 ns
[2020-09-12T12:30:15.277+0000][1][safepoint    ] Safepoint "RevokeBias", Time since last: 6354033 ns, Reaching safepoint: 13189493 ns, At safepoint: 40489 ns, Total: 13229982 ns
[2020-09-12T12:30:15.370+0000][1][safepoint    ] Safepoint "RevokeBias", Time since last: 80141730 ns, Reaching safepoint: 13019953 ns, At safepoint: 46808 ns, Total: 13066761 ns
[2020-09-12T12:30:15.785+0000][1][safepoint    ] Safepoint "RevokeBias", Time since last: 411703577 ns, Reaching safepoint: 3486007 ns, At safepoint: 64802 ns, Total: 3550809 ns
[2020-09-12T12:30:15.818+0000][1][safepoint    ] Safepoint "RevokeBias", Time since last: 17088373 ns, Reaching safepoint: 16134236 ns, At safepoint: 38497 ns, Total: 16172733 ns
[2020-09-12T12:30:15.951+0000][1][safepoint    ] Safepoint "RevokeBias", Time since last: 128391602 ns, Reaching safepoint: 4279137 ns, At safepoint: 36545 ns, Total: 4315682 ns
[2020-09-12T12:30:15.965+0000][1][safepoint    ] Safepoint "RevokeBias", Time since last: 8052397 ns, Reaching safepoint: 6275641 ns, At safepoint: 29535 ns, Total: 6305176 ns
[2020-09-12T12:30:15.973+0000][1][safepoint    ] Safepoint "RevokeBias", Time since last: 7361910 ns, Reaching safepoint: 626973 ns, At safepoint: 27253 ns, Total: 654226 ns
[2020-09-12T12:30:15.997+0000][1][safepoint    ] Safepoint "RevokeBias", Time since last: 23029454 ns, Reaching safepoint: 216937 ns, At safepoint: 23721 ns, Total: 240658 ns
[2020-09-12T12:30:15.999+0000][1][safepoint    ] Safepoint "BulkRevokeBias", Time since last: 278653 ns, Reaching safepoint: 138598 ns, At safepoint: 1721033 ns, Total: 1859631 ns
[2020-09-12T12:30:16.024+0000][1][safepoint    ] Safepoint "RevokeBias", Time since last: 24757526 ns, Reaching safepoint: 202915 ns, At safepoint: 26948 ns, Total: 229863 ns
[2020-09-12T12:30:16.036+0000][1][gc,start     ] GC(40) Pause Young (Allocation Failure)
[2020-09-12T12:30:16.036+0000][1][gc,task      ] GC(40) Using 2 workers of 2 for evacuation
[2020-09-12T12:30:16.055+0000][1][gc,age       ] GC(40) Desired survivor size 8716288 bytes, new threshold 6 (max threshold 6)
[2020-09-12T12:30:16.055+0000][1][gc,age       ] GC(40) Age table with threshold 6 (max threshold 6)
[2020-09-12T12:30:16.055+0000][1][gc,age       ] GC(40) - age   1:    1936896 bytes,    1936896 total
[2020-09-12T12:30:16.055+0000][1][gc,age       ] GC(40) - age   2:     999432 bytes,    2936328 total
[2020-09-12T12:30:16.055+0000][1][gc,heap      ] GC(40) ParNew: 148972K->5546K(153344K)
[2020-09-12T12:30:16.055+0000][1][gc,heap      ] GC(40) CMS: 80452K->80452K(353920K)
[2020-09-12T12:30:16.055+0000][1][gc,metaspace ] GC(40) Metaspace: 89997K->89997K(1132544K)
[2020-09-12T12:30:16.055+0000][1][gc           ] GC(40) Pause Young (Allocation Failure) 224M->83M(495M) 19.000ms
[2020-09-12T12:30:16.055+0000][1][gc,cpu       ] GC(40) User=0.01s Sys=0.00s Real=0.02s
[2020-09-12T12:30:16.055+0000][1][safepoint    ] Safepoint "GenCollectForAllocation", Time since last: 12078614 ns, Reaching safepoint: 149958 ns, At safepoint: 19064698 ns, Total: 19214656 ns
[2020-09-12T12:30:16.633+0000][1][safepoint    ] Safepoint "RevokeBias", Time since last: 554326459 ns, Reaching safepoint: 23842409 ns, At safepoint: 72687 ns, Total: 23915096 ns
[2020-09-12T12:30:16.701+0000][1][safepoint    ] Safepoint "RevokeBias", Time since last: 64764677 ns, Reaching safepoint: 2773361 ns, At safepoint: 85645 ns, Total: 2859006 ns
[2020-09-12T12:30:16.801+0000][1][safepoint    ] Safepoint "RevokeBias", Time since last: 75925527 ns, Reaching safepoint: 24579943 ns, At safepoint: 44397 ns, Total: 24624340 ns
[2020-09-12T12:30:16.817+0000][1][safepoint    ] Safepoint "RevokeBias", Time since last: 1971658 ns, Reaching safepoint: 13671820 ns, At safepoint: 38126 ns, Total: 13709946 ns
[2020-09-12T12:30:16.876+0000][1][safepoint    ] Safepoint "RevokeBias", Time since last: 290455 ns, Reaching safepoint: 58154902 ns, At safepoint: 215184 ns, Total: 58370086 ns
[2020-09-12T12:30:16.904+0000][1][safepoint    ] Safepoint "RevokeBias", Time since last: 1146565 ns, Reaching safepoint: 26541525 ns, At safepoint: 41555 ns, Total: 26583080 ns
[2020-09-12T12:30:16.930+0000][1][safepoint    ] Safepoint "RevokeBias", Time since last: 25168663 ns, Reaching safepoint: 1497887 ns, At safepoint: 43094 ns, Total: 1540981 ns
[2020-09-12T12:30:16.941+0000][1][safepoint    ] Safepoint "RevokeBias", Time since last: 9714408 ns, Reaching safepoint: 846842 ns, At safepoint: 30012 ns, Total: 876854 ns
[2020-09-12T12:30:16.988+0000][1][safepoint    ] Safepoint "RevokeBias", Time since last: 43880727 ns, Reaching safepoint: 3737403 ns, At safepoint: 41755 ns, Total: 3779158 ns
[2020-09-12T12:30:16.996+0000][1][safepoint    ] Safepoint "RevokeBias", Time since last: 559946 ns, Reaching safepoint: 6913878 ns, At safepoint: 37722 ns, Total: 6951600 ns
[2020-09-12T12:30:16.996+0000][1][safepoint    ] Safepoint "RevokeBias", Time since last: 113144 ns, Reaching safepoint: 340163 ns, At safepoint: 20798 ns, Total: 360961 ns
[2020-09-12T12:30:16.997+0000][1][safepoint    ] Safepoint "RevokeBias", Time since last: 52294 ns, Reaching safepoint: 330171 ns, At safepoint: 47771 ns, Total: 377942 ns
[2020-09-12T12:30:17.000+0000][1][safepoint    ] Safepoint "RevokeBias", Time since last: 260552 ns, Reaching safepoint: 2568161 ns, At safepoint: 41400 ns, Total: 2609561 ns
[2020-09-12T12:30:17.001+0000][1][safepoint    ] Safepoint "RevokeBias", Time since last: 107005 ns, Reaching safepoint: 1051349 ns, At safepoint: 29158 ns, Total: 1080507 ns
[2020-09-12T12:30:17.001+0000][1][safepoint    ] Safepoint "RevokeBias", Time since last: 87419 ns, Reaching safepoint: 311483 ns, At safepoint: 22486 ns, Total: 333969 ns
[2020-09-12T12:30:17.005+0000][1][safepoint    ] Safepoint "RevokeBias", Time since last: 60333 ns, Reaching safepoint: 3552111 ns, At safepoint: 45445 ns, Total: 3597556 ns
[2020-09-12T12:30:17.017+0000][1][safepoint    ] Safepoint "RevokeBias", Time since last: 7828268 ns, Reaching safepoint: 3757552 ns, At safepoint: 72259 ns, Total: 3829811 ns
[2020-09-12T12:30:17.026+0000][1][safepoint    ] Safepoint "RevokeBias", Time since last: 8163873 ns, Reaching safepoint: 1331274 ns, At safepoint: 39359 ns, Total: 1370633 ns
[2020-09-12T12:30:17.028+0000][1][safepoint    ] Safepoint "RevokeBias", Time since last: 100062 ns, Reaching safepoint: 1486134 ns, At safepoint: 34927 ns, Total: 1521061 ns
[2020-09-12T12:30:17.031+0000][1][safepoint    ] Safepoint "RevokeBias", Time since last: 95066 ns, Reaching safepoint: 2644494 ns, At safepoint: 41284 ns, Total: 2685778 ns
[2020-09-12T12:30:17.031+0000][1][safepoint    ] Safepoint "RevokeBias", Time since last: 95251 ns, Reaching safepoint: 182709 ns, At safepoint: 20284 ns, Total: 202993 ns
[2020-09-12T12:30:17.037+0000][1][safepoint    ] Safepoint "RevokeBias", Time since last: 1827399 ns, Reaching safepoint: 4257528 ns, At safepoint: 38863 ns, Total: 4296391 ns
[2020-09-12T12:30:17.038+0000][1][safepoint    ] Safepoint "RevokeBias", Time since last: 573776 ns, Reaching safepoint: 481791 ns, At safepoint: 24497 ns, Total: 506288 ns
[2020-09-12T12:30:17.053+0000][1][safepoint    ] Safepoint "RevokeBias", Time since last: 11227879 ns, Reaching safepoint: 3478449 ns, At safepoint: 38344 ns, Total: 3516793 ns
[2020-09-12T12:30:17.065+0000][1][safepoint    ] Safepoint "RevokeBias", Time since last: 11807611 ns, Reaching safepoint: 300853 ns, At safepoint: 29149 ns, Total: 330002 ns
[2020-09-12T12:30:17.066+0000][1][safepoint    ] Safepoint "RevokeBias", Time since last: 568839 ns, Reaching safepoint: 152649 ns, At safepoint: 18028 ns, Total: 170677 ns
[2020-09-12T12:30:17.069+0000][1][safepoint    ] Safepoint "RevokeBias", Time since last: 217391 ns, Reaching safepoint: 2837551 ns, At safepoint: 50407 ns, Total: 2887958 ns
[2020-09-12T12:30:17.080+0000][1][safepoint    ] Safepoint "RevokeBias", Time since last: 8054845 ns, Reaching safepoint: 2991228 ns, At safepoint: 43515 ns, Total: 3034743 ns
[2020-09-12T12:30:17.204+0000][1][safepoint    ] Safepoint "RevokeBias", Time since last: 110392986 ns, Reaching safepoint: 14091642 ns, At safepoint: 37878 ns, Total: 14129520 ns
[2020-09-12T12:30:17.206+0000][1][safepoint    ] Safepoint "RevokeBias", Time since last: 953494 ns, Reaching safepoint: 245963 ns, At safepoint: 67133 ns, Total: 313096 ns
[2020-09-12T12:30:17.333+0000][1][safepoint    ] Safepoint "RevokeBias", Time since last: 109780638 ns, Reaching safepoint: 17643963 ns, At safepoint: 44561 ns, Total: 17688524 ns
[2020-09-12T12:30:17.402+0000][1][safepoint    ] Safepoint "RevokeBias", Time since last: 60516444 ns, Reaching safepoint: 8243377 ns, At safepoint: 43661 ns, Total: 8287038 ns
[2020-09-12T12:30:17.412+0000][1][safepoint    ] Safepoint "RevokeBias", Time since last: 4947290 ns, Reaching safepoint: 5253584 ns, At safepoint: 30449 ns, Total: 5284033 ns
[2020-09-12T12:30:17.413+0000][1][safepoint    ] Safepoint "RevokeBias", Time since last: 857728 ns, Reaching safepoint: 263493 ns, At safepoint: 25133 ns, Total: 288626 ns
[2020-09-12T12:30:17.420+0000][1][safepoint    ] Safepoint "RevokeBias", Time since last: 56810 ns, Reaching safepoint: 6597205 ns, At safepoint: 42757 ns, Total: 6639962 ns
[2020-09-12T12:30:17.422+0000][1][safepoint    ] Safepoint "RevokeBias", Time since last: 905678 ns, Reaching safepoint: 619848 ns, At safepoint: 30950 ns, Total: 650798 ns
[2020-09-12T12:30:17.425+0000][1][safepoint    ] Safepoint "RevokeBias", Time since last: 65747 ns, Reaching safepoint: 3089730 ns, At safepoint: 39267 ns, Total: 3128997 ns
[2020-09-12T12:30:17.444+0000][1][safepoint    ] Safepoint "RevokeBias", Time since last: 10506977 ns, Reaching safepoint: 8191543 ns, At safepoint: 47937 ns, Total: 8239480 ns
[2020-09-12T12:30:17.453+0000][1][safepoint    ] Safepoint "RevokeBias", Time since last: 4017857 ns, Reaching safepoint: 5199538 ns, At safepoint: 42158 ns, Total: 5241696 ns
[2020-09-12T12:30:17.474+0000][1][safepoint    ] Safepoint "RevokeBias", Time since last: 16004142 ns, Reaching safepoint: 5273369 ns, At safepoint: 42160 ns, Total: 5315529 ns
[2020-09-12T12:30:17.490+0000][1][safepoint    ] Safepoint "RevokeBias", Time since last: 9674603 ns, Reaching safepoint: 6460365 ns, At safepoint: 48570 ns, Total: 6508935 ns
[2020-09-12T12:30:17.495+0000][1][safepoint    ] Safepoint "RevokeBias", Time since last: 1577349 ns, Reaching safepoint: 2537388 ns, At safepoint: 431679 ns, Total: 2969067 ns
[2020-09-12T12:30:17.509+0000][1][safepoint    ] Safepoint "RevokeBias", Time since last: 13653315 ns, Reaching safepoint: 327422 ns, At safepoint: 31667 ns, Total: 359089 ns
[2020-09-12T12:30:17.520+0000][1][safepoint    ] Safepoint "RevokeBias", Time since last: 10398744 ns, Reaching safepoint: 189922 ns, At safepoint: 25095 ns, Total: 215017 ns
[2020-09-12T12:30:17.520+0000][1][safepoint    ] Safepoint "RevokeBias", Time since last: 178212 ns, Reaching safepoint: 242555 ns, At safepoint: 21648 ns, Total: 264203 ns
[2020-09-12T12:30:17.965+0000][1][safepoint    ] Safepoint "RevokeBias", Time since last: 430144251 ns, Reaching safepoint: 14650856 ns, At safepoint: 35813 ns, Total: 14686669 ns
[2020-09-12T12:30:17.968+0000][1][safepoint    ] Safepoint "RevokeBias", Time since last: 1114491 ns, Reaching safepoint: 2187769 ns, At safepoint: 33509 ns, Total: 2221278 ns
[2020-09-12T12:30:17.992+0000][1][safepoint    ] Safepoint "RevokeBias", Time since last: 4823880 ns, Reaching safepoint: 19373430 ns, At safepoint: 41377 ns, Total: 19414807 ns
[2020-09-12T12:30:18.000+0000][1][safepoint    ] Safepoint "RevokeBias", Time since last: 4368200 ns, Reaching safepoint: 2988432 ns, At safepoint: 40145 ns, Total: 3028577 ns
[2020-09-12T12:30:18.056+0000][1][safepoint    ] Safepoint "RevokeBias", Time since last: 49425521 ns, Reaching safepoint: 6863462 ns, At safepoint: 38338 ns, Total: 6901800 ns
[2020-09-12T12:30:18.056+0000][1][safepoint    ] Safepoint "RevokeBias", Time since last: 144030 ns, Reaching safepoint: 125172 ns, At safepoint: 16776 ns, Total: 141948 ns
[2020-09-12T12:30:18.145+0000][1][safepoint    ] Safepoint "RevokeBias", Time since last: 78940951 ns, Reaching safepoint: 9251761 ns, At safepoint: 26440 ns, Total: 9278201 ns
[2020-09-12T12:30:18.147+0000][1][safepoint    ] Safepoint "RevokeBias", Time since last: 2201305 ns, Reaching safepoint: 575086 ns, At safepoint: 21575 ns, Total: 596661 ns
[2020-09-12T12:30:18.174+0000][1][safepoint    ] Safepoint "RevokeBias", Time since last: 26225328 ns, Reaching safepoint: 184533 ns, At safepoint: 25401 ns, Total: 209934 ns
[2020-09-12T12:30:18.174+0000][1][safepoint    ] Safepoint "RevokeBias", Time since last: 107749 ns, Reaching safepoint: 128115 ns, At safepoint: 14229 ns, Total: 142344 ns
[2020-09-12T12:30:18.287+0000][1][safepoint    ] Safepoint "RevokeBias", Time since last: 106458752 ns, Reaching safepoint: 6465542 ns, At safepoint: 38575 ns, Total: 6504117 ns
[2020-09-12T12:30:18.354+0000][1][safepoint    ] Safepoint "RevokeBias", Time since last: 67090851 ns, Reaching safepoint: 197958 ns, At safepoint: 37450 ns, Total: 235408 ns
[2020-09-12T12:30:18.361+0000][1][safepoint    ] Safepoint "RevokeBias", Time since last: 6330614 ns, Reaching safepoint: 191102 ns, At safepoint: 29196 ns, Total: 220298 ns
[2020-09-12T12:30:18.488+0000][1][safepoint    ] Safepoint "RevokeBias", Time since last: 127238671 ns, Reaching safepoint: 285131 ns, At safepoint: 27665 ns, Total: 312796 ns
[2020-09-12T12:30:18.546+0000][1][safepoint    ] Safepoint "RevokeBias", Time since last: 52403982 ns, Reaching safepoint: 5057871 ns, At safepoint: 60528 ns, Total: 5118399 ns
[2020-09-12T12:30:18.631+0000][1][gc,start     ] GC(41) Pause Young (Allocation Failure)
[2020-09-12T12:30:18.631+0000][1][gc,task      ] GC(41) Using 2 workers of 2 for evacuation
[2020-09-12T12:30:18.660+0000][1][gc,age       ] GC(41) Desired survivor size 8716288 bytes, new threshold 6 (max threshold 6)
[2020-09-12T12:30:18.660+0000][1][gc,age       ] GC(41) Age table with threshold 6 (max threshold 6)
[2020-09-12T12:30:18.660+0000][1][gc,age       ] GC(41) - age   1:    3368768 bytes,    3368768 total
[2020-09-12T12:30:18.660+0000][1][gc,age       ] GC(41) - age   2:    1134776 bytes,    4503544 total
[2020-09-12T12:30:18.660+0000][1][gc,age       ] GC(41) - age   3:     946720 bytes,    5450264 total
[2020-09-12T12:30:18.660+0000][1][gc,heap      ] GC(41) ParNew: 141866K->6667K(153344K)
[2020-09-12T12:30:18.660+0000][1][gc,heap      ] GC(41) CMS: 80452K->80452K(353920K)
[2020-09-12T12:30:18.660+0000][1][gc,metaspace ] GC(41) Metaspace: 90607K->90607K(1132544K)
[2020-09-12T12:30:18.660+0000][1][gc           ] GC(41) Pause Young (Allocation Failure) 217M->85M(495M) 29.646ms
[2020-09-12T12:30:18.660+0000][1][gc,cpu       ] GC(41) User=0.02s Sys=0.00s Real=0.02s
[2020-09-12T12:30:18.660+0000][1][safepoint    ] Safepoint "GenCollectForAllocation", Time since last: 81523110 ns, Reaching safepoint: 3015994 ns, At safepoint: 29715913 ns, Total: 32731907 ns
[2020-09-12T12:30:18.665+0000][1][safepoint    ] Safepoint "RevokeBias", Time since last: 697221 ns, Reaching safepoint: 3879241 ns, At safepoint: 33042 ns, Total: 3912283 ns
[2020-09-12T12:30:18.669+0000][1][safepoint    ] Safepoint "RevokeBias", Time since last: 3308519 ns, Reaching safepoint: 817357 ns, At safepoint: 57303 ns, Total: 874660 ns
[2020-09-12T12:30:19.138+0000][1][safepoint    ] Safepoint "RevokeBias", Time since last: 463922411 ns, Reaching safepoint: 4672739 ns, At safepoint: 35155 ns, Total: 4707894 ns
[2020-09-12T12:30:19.231+0000][1][safepoint    ] Safepoint "RevokeBias", Time since last: 82927745 ns, Reaching safepoint: 9954838 ns, At safepoint: 36839 ns, Total: 9991677 ns
[2020-09-12T12:30:19.259+0000][1][safepoint    ] Safepoint "RevokeBias", Time since last: 28028775 ns, Reaching safepoint: 183086 ns, At safepoint: 29660 ns, Total: 212746 ns
[2020-09-12T12:30:19.276+0000][1][safepoint    ] Safepoint "RevokeBias", Time since last: 11980647 ns, Reaching safepoint: 5251942 ns, At safepoint: 38974 ns, Total: 5290916 ns
[2020-09-12T12:30:19.276+0000][1][safepoint    ] Safepoint "RevokeBias", Time since last: 119777 ns, Reaching safepoint: 163861 ns, At safepoint: 25696 ns, Total: 189557 ns
[2020-09-12T12:30:19.287+0000][1][safepoint    ] Safepoint "RevokeBias", Time since last: 10274785 ns, Reaching safepoint: 300558 ns, At safepoint: 60165 ns, Total: 360723 ns
[2020-09-12T12:30:19.323+0000][1][safepoint    ] Safepoint "RevokeBias", Time since last: 12655005 ns, Reaching safepoint: 23111269 ns, At safepoint: 40300 ns, Total: 23151569 ns
[2020-09-12T12:30:19.323+0000][1][safepoint    ] Safepoint "RevokeBias", Time since last: 85006 ns, Reaching safepoint: 122217 ns, At safepoint: 17450 ns, Total: 139667 ns
[2020-09-12T12:30:19.324+0000][1][safepoint    ] Safepoint "RevokeBias", Time since last: 41601 ns, Reaching safepoint: 844360 ns, At safepoint: 34062 ns, Total: 878422 ns
[2020-09-12T12:30:19.324+0000][1][safepoint    ] Safepoint "RevokeBias", Time since last: 76613 ns, Reaching safepoint: 143000 ns, At safepoint: 19050 ns, Total: 162050 ns
[2020-09-12T12:30:19.324+0000][1][safepoint    ] Safepoint "RevokeBias", Time since last: 77994 ns, Reaching safepoint: 119702 ns, At safepoint: 16790 ns, Total: 136492 ns
[2020-09-12T12:30:19.344+0000][1][safepoint    ] Safepoint "Deoptimize", Time since last: 7862056 ns, Reaching safepoint: 11084909 ns, At safepoint: 822235 ns, Total: 11907144 ns
[2020-09-12T12:30:19.396+0000][1][safepoint    ] Safepoint "RevokeBias", Time since last: 50969460 ns, Reaching safepoint: 827061 ns, At safepoint: 30764 ns, Total: 857825 ns
[2020-09-12T12:30:19.403+0000][1][safepoint    ] Safepoint "RevokeBias", Time since last: 7193695 ns, Reaching safepoint: 180220 ns, At safepoint: 25089 ns, Total: 205309 ns
[2020-09-12T12:30:19.441+0000][1][safepoint    ] Safepoint "RevokeBias", Time since last: 20347357 ns, Reaching safepoint: 17471000 ns, At safepoint: 40486 ns, Total: 17511486 ns
[2020-09-12T12:30:19.818+0000][1][safepoint    ] Safepoint "RevokeBias", Time since last: 368656689 ns, Reaching safepoint: 8328968 ns, At safepoint: 40367 ns, Total: 8369335 ns
[2020-09-12T12:30:19.987+0000][1][safepoint    ] Safepoint "RevokeBias", Time since last: 168136227 ns, Reaching safepoint: 203913 ns, At safepoint: 31730 ns, Total: 235643 ns
[2020-09-12T12:30:20.002+0000][1][safepoint    ] Safepoint "RevokeBias", Time since last: 14295496 ns, Reaching safepoint: 1477912 ns, At safepoint: 33911 ns, Total: 1511823 ns
[2020-09-12T12:30:20.381+0000][1][safepoint    ] Safepoint "RevokeBias", Time since last: 378260946 ns, Reaching safepoint: 134838 ns, At safepoint: 34768 ns, Total: 169606 ns
[2020-09-12T12:30:20.386+0000][1][safepoint    ] Safepoint "RevokeBias", Time since last: 2288789 ns, Reaching safepoint: 2639459 ns, At safepoint: 34627 ns, Total: 2674086 ns
[2020-09-12T12:30:20.387+0000][1][safepoint    ] Safepoint "RevokeBias", Time since last: 1152052 ns, Reaching safepoint: 167700 ns, At safepoint: 23423 ns, Total: 191123 ns
[2020-09-12T12:30:20.441+0000][1][safepoint    ] Safepoint "RevokeBias", Time since last: 53151407 ns, Reaching safepoint: 173973 ns, At safepoint: 21971 ns, Total: 195944 ns
[2020-09-12T12:30:20.443+0000][1][safepoint    ] Safepoint "RevokeBias", Time since last: 2654383 ns, Reaching safepoint: 164492 ns, At safepoint: 20668 ns, Total: 185160 ns
[2020-09-12T12:30:20.453+0000][1][safepoint    ] Safepoint "RevokeBias", Time since last: 2496342 ns, Reaching safepoint: 7488129 ns, At safepoint: 36631 ns, Total: 7524760 ns
[2020-09-12T12:30:20.455+0000][1][safepoint    ] Safepoint "RevokeBias", Time since last: 789198 ns, Reaching safepoint: 576904 ns, At safepoint: 22456 ns, Total: 599360 ns
[2020-09-12T12:30:20.455+0000][1][safepoint    ] Safepoint "RevokeBias", Time since last: 65747 ns, Reaching safepoint: 142185 ns, At safepoint: 20253 ns, Total: 162438 ns
[2020-09-12T12:30:20.464+0000][1][safepoint    ] Safepoint "RevokeBias", Time since last: 903682 ns, Reaching safepoint: 8492727 ns, At safepoint: 40440 ns, Total: 8533167 ns
[2020-09-12T12:30:20.490+0000][1][safepoint    ] Safepoint "RevokeBias", Time since last: 19925942 ns, Reaching safepoint: 5619465 ns, At safepoint: 35736 ns, Total: 5655201 ns
[2020-09-12T12:30:20.511+0000][1][safepoint    ] Safepoint "RevokeBias", Time since last: 20857444 ns, Reaching safepoint: 173475 ns, At safepoint: 25322 ns, Total: 198797 ns
[2020-09-12T12:30:20.514+0000][1][safepoint    ] Safepoint "RevokeBias", Time since last: 2973078 ns, Reaching safepoint: 174915 ns, At safepoint: 26606 ns, Total: 201521 ns
[2020-09-12T12:30:20.741+0000][1][safepoint    ] Safepoint "RevokeBias", Time since last: 221718045 ns, Reaching safepoint: 4426091 ns, At safepoint: 60276 ns, Total: 4486367 ns
[2020-09-12T12:30:20.762+0000][1][safepoint    ] Safepoint "RevokeBias", Time since last: 14891853 ns, Reaching safepoint: 6933920 ns, At safepoint: 52412 ns, Total: 6986332 ns
[2020-09-12T12:30:20.802+0000][1][safepoint    ] Safepoint "RevokeBias", Time since last: 23058475 ns, Reaching safepoint: 16822709 ns, At safepoint: 88778 ns, Total: 16911487 ns
[2020-09-12T12:30:20.878+0000][1][safepoint    ] Safepoint "RevokeBias", Time since last: 65821197 ns, Reaching safepoint: 9412586 ns, At safepoint: 46606 ns, Total: 9459192 ns
[2020-09-12T12:30:20.878+0000][1][safepoint    ] Safepoint "RevokeBias", Time since last: 522252 ns, Reaching safepoint: 145681 ns, At safepoint: 33268 ns, Total: 178949 ns
[2020-09-12T12:30:21.102+0000][1][safepoint    ] Safepoint "RevokeBias", Time since last: 223865360 ns, Reaching safepoint: 104671 ns, At safepoint: 25344 ns, Total: 130015 ns
[2020-09-12T12:30:21.114+0000][1][safepoint    ] Safepoint "RevokeBias", Time since last: 2334673 ns, Reaching safepoint: 9590856 ns, At safepoint: 35886 ns, Total: 9626742 ns
[2020-09-12T12:30:21.177+0000][1][safepoint    ] Safepoint "RevokeBias", Time since last: 61364085 ns, Reaching safepoint: 1096789 ns, At safepoint: 31630 ns, Total: 1128419 ns
[2020-09-12T12:30:21.177+0000][1][safepoint    ] Safepoint "BulkRevokeBias", Time since last: 193883 ns, Reaching safepoint: 56215 ns, At safepoint: 382753 ns, Total: 438968 ns
[2020-09-12T12:30:21.521+0000][1][safepoint    ] Safepoint "RevokeBias", Time since last: 332520750 ns, Reaching safepoint: 11011733 ns, At safepoint: 42788 ns, Total: 11054521 ns
[2020-09-12T12:30:21.575+0000][1][safepoint    ] Safepoint "RevokeBias", Time since last: 53624786 ns, Reaching safepoint: 133958 ns, At safepoint: 24611 ns, Total: 158569 ns
[2020-09-12T12:30:21.637+0000][1][safepoint    ] Safepoint "RevokeBias", Time since last: 55301961 ns, Reaching safepoint: 6390243 ns, At safepoint: 45374 ns, Total: 6435617 ns
[2020-09-12T12:30:21.641+0000][1][safepoint    ] Safepoint "RevokeBias", Time since last: 4499253 ns, Reaching safepoint: 107346 ns, At safepoint: 27368 ns, Total: 134714 ns
[2020-09-12T12:30:21.647+0000][1][safepoint    ] Safepoint "RevokeBias", Time since last: 665999 ns, Reaching safepoint: 4726135 ns, At safepoint: 39736 ns, Total: 4765871 ns
[2020-09-12T12:30:21.651+0000][1][safepoint    ] Safepoint "RevokeBias", Time since last: 497107 ns, Reaching safepoint: 4264198 ns, At safepoint: 39672 ns, Total: 4303870 ns
[2020-09-12T12:30:21.656+0000][1][safepoint    ] Safepoint "RevokeBias", Time since last: 3112127 ns, Reaching safepoint: 1767531 ns, At safepoint: 40949 ns, Total: 1808480 ns
[2020-09-12T12:30:21.663+0000][1][safepoint    ] Safepoint "RevokeBias", Time since last: 4361032 ns, Reaching safepoint: 2744230 ns, At safepoint: 35182 ns, Total: 2779412 ns
[2020-09-12T12:30:21.693+0000][1][safepoint    ] Safepoint "RevokeBias", Time since last: 16067670 ns, Reaching safepoint: 13280434 ns, At safepoint: 60496 ns, Total: 13340930 ns
[2020-09-12T12:30:21.699+0000][1][safepoint    ] Safepoint "RevokeBias", Time since last: 5430503 ns, Reaching safepoint: 802528 ns, At safepoint: 59190 ns, Total: 861718 ns
[2020-09-12T12:30:21.781+0000][1][safepoint    ] Safepoint "RevokeBias", Time since last: 81854101 ns, Reaching safepoint: 322804 ns, At safepoint: 45256 ns, Total: 368060 ns
[2020-09-12T12:30:21.799+0000][1][safepoint    ] Safepoint "RevokeBias", Time since last: 14308577 ns, Reaching safepoint: 3573505 ns, At safepoint: 51309 ns, Total: 3624814 ns
[2020-09-12T12:30:21.827+0000][1][gc,start     ] GC(42) Pause Young (Allocation Failure)
[2020-09-12T12:30:21.827+0000][1][gc,task      ] GC(42) Using 2 workers of 2 for evacuation
[2020-09-12T12:30:21.890+0000][1][gc,age       ] GC(42) Desired survivor size 8716288 bytes, new threshold 6 (max threshold 6)
[2020-09-12T12:30:21.890+0000][1][gc,age       ] GC(42) Age table with threshold 6 (max threshold 6)
[2020-09-12T12:30:21.890+0000][1][gc,age       ] GC(42) - age   1:    2664704 bytes,    2664704 total
[2020-09-12T12:30:21.890+0000][1][gc,age       ] GC(42) - age   2:    2328088 bytes,    4992792 total
[2020-09-12T12:30:21.890+0000][1][gc,age       ] GC(42) - age   3:    1125256 bytes,    6118048 total
[2020-09-12T12:30:21.890+0000][1][gc,age       ] GC(42) - age   4:     934352 bytes,    7052400 total
[2020-09-12T12:30:21.890+0000][1][gc,heap      ] GC(42) ParNew: 142987K->8446K(153344K)
[2020-09-12T12:30:21.890+0000][1][gc,heap      ] GC(42) CMS: 80452K->80452K(353920K)
[2020-09-12T12:30:21.890+0000][1][gc,metaspace ] GC(42) Metaspace: 90998K->90998K(1132544K)
[2020-09-12T12:30:21.890+0000][1][gc           ] GC(42) Pause Young (Allocation Failure) 218M->86M(495M) 63.075ms
[2020-09-12T12:30:21.890+0000][1][gc,cpu       ] GC(42) User=0.02s Sys=0.00s Real=0.07s
[2020-09-12T12:30:21.890+0000][1][safepoint    ] Safepoint "GenCollectForAllocation", Time since last: 27760618 ns, Reaching safepoint: 157970 ns, At safepoint: 63138488 ns, Total: 63296458 ns
[2020-09-12T12:30:21.981+0000][1][safepoint    ] Safepoint "RevokeBias", Time since last: 87202836 ns, Reaching safepoint: 3234848 ns, At safepoint: 51431 ns, Total: 3286279 ns
[2020-09-12T12:30:22.094+0000][1][safepoint    ] Safepoint "RevokeBias", Time since last: 112805718 ns, Reaching safepoint: 96263 ns, At safepoint: 42521 ns, Total: 138784 ns
[2020-09-12T12:30:22.094+0000][1][safepoint    ] Safepoint "RevokeBias", Time since last: 294043 ns, Reaching safepoint: 50157 ns, At safepoint: 25021 ns, Total: 75178 ns
[2020-09-12T12:30:22.160+0000][1][safepoint    ] Safepoint "RevokeBias", Time since last: 65340710 ns, Reaching safepoint: 190022 ns, At safepoint: 40090 ns, Total: 230112 ns
[2020-09-12T12:30:22.172+0000][1][safepoint    ] Safepoint "RevokeBias", Time since last: 12134291 ns, Reaching safepoint: 136055 ns, At safepoint: 41911 ns, Total: 177966 ns
[2020-09-12T12:30:22.177+0000][1][safepoint    ] Safepoint "RevokeBias", Time since last: 2005782 ns, Reaching safepoint: 2481809 ns, At safepoint: 63464 ns, Total: 2545273 ns
[2020-09-12T12:30:22.177+0000][1][safepoint    ] Safepoint "RevokeBias", Time since last: 406047 ns, Reaching safepoint: 68395 ns, At safepoint: 27251 ns, Total: 95646 ns
[2020-09-12T12:30:22.178+0000][1][safepoint    ] Safepoint "RevokeBias", Time since last: 396816 ns, Reaching safepoint: 88698 ns, At safepoint: 27958 ns, Total: 116656 ns
[2020-09-12T12:30:22.184+0000][1][safepoint    ] Safepoint "RevokeBias", Time since last: 5902689 ns, Reaching safepoint: 110634 ns, At safepoint: 40157 ns, Total: 150791 ns
[2020-09-12T12:30:22.199+0000][1][safepoint    ] Safepoint "RevokeBias", Time since last: 15542627 ns, Reaching safepoint: 105823 ns, At safepoint: 39927 ns, Total: 145750 ns
[2020-09-12T12:30:22.205+0000][1][safepoint    ] Safepoint "RevokeBias", Time since last: 5333913 ns, Reaching safepoint: 108269 ns, At safepoint: 44315 ns, Total: 152584 ns
[2020-09-12T12:30:22.420+0000][1][safepoint    ] Safepoint "RevokeBias", Time since last: 214599300 ns, Reaching safepoint: 115602 ns, At safepoint: 42555 ns, Total: 158157 ns
[2020-09-12T12:30:22.427+0000][1][safepoint    ] Safepoint "RevokeBias", Time since last: 3178131 ns, Reaching safepoint: 4160823 ns, At safepoint: 50508 ns, Total: 4211331 ns
[2020-09-12T12:30:22.464+0000][1][safepoint    ] Safepoint "RevokeBias", Time since last: 35706034 ns, Reaching safepoint: 1478449 ns, At safepoint: 96683 ns, Total: 1575132 ns
[2020-09-12T12:30:22.620+0000][1][safepoint    ] Safepoint "RevokeBias", Time since last: 152001869 ns, Reaching safepoint: 3343931 ns, At safepoint: 65681 ns, Total: 3409612 ns
[2020-09-12T12:30:22.732+0000][1][safepoint    ] Safepoint "RevokeBias", Time since last: 112444125 ns, Reaching safepoint: 106996 ns, At safepoint: 39072 ns, Total: 146068 ns
[2020-09-12T12:30:22.734+0000][1][safepoint    ] Safepoint "RevokeBias", Time since last: 1429135 ns, Reaching safepoint: 98713 ns, At safepoint: 36911 ns, Total: 135624 ns
[2020-09-12T12:30:22.746+0000][1][safepoint    ] Safepoint "RevokeBias", Time since last: 8246997 ns, Reaching safepoint: 3903141 ns, At safepoint: 36761 ns, Total: 3939902 ns
[2020-09-12T12:30:22.772+0000][1][safepoint    ] Safepoint "RevokeBias", Time since last: 22812384 ns, Reaching safepoint: 3442788 ns, At safepoint: 36452 ns, Total: 3479240 ns
[2020-09-12T12:30:22.773+0000][1][safepoint    ] Safepoint "RevokeBias", Time since last: 298775 ns, Reaching safepoint: 205174 ns, At safepoint: 25175 ns, Total: 230349 ns
[2020-09-12T12:30:22.773+0000][1][safepoint    ] Safepoint "RevokeBias", Time since last: 71511 ns, Reaching safepoint: 463768 ns, At safepoint: 24733 ns, Total: 488501 ns
[2020-09-12T12:30:22.775+0000][1][safepoint    ] Safepoint "RevokeBias", Time since last: 99133 ns, Reaching safepoint: 1026020 ns, At safepoint: 29170 ns, Total: 1055190 ns
[2020-09-12T12:30:22.787+0000][1][safepoint    ] Safepoint "RevokeBias", Time since last: 12367793 ns, Reaching safepoint: 135344 ns, At safepoint: 26195 ns, Total: 161539 ns
[2020-09-12T12:30:22.788+0000][1][safepoint    ] Safepoint "RevokeBias", Time since last: 864651 ns, Reaching safepoint: 110547 ns, At safepoint: 25382 ns, Total: 135929 ns
[2020-09-12T12:30:22.790+0000][1][safepoint    ] Safepoint "RevokeBias", Time since last: 1399271 ns, Reaching safepoint: 128657 ns, At safepoint: 26764 ns, Total: 155421 ns
[2020-09-12T12:30:23.038+0000][1][safepoint    ] Safepoint "RevokeBias", Time since last: 248301789 ns, Reaching safepoint: 183894 ns, At safepoint: 26454 ns, Total: 210348 ns
[2020-09-12T12:30:23.046+0000][1][safepoint    ] Safepoint "RevokeBias", Time since last: 7821425 ns, Reaching safepoint: 102955 ns, At safepoint: 26343 ns, Total: 129298 ns
[2020-09-12T12:30:23.047+0000][1][safepoint    ] Safepoint "RevokeBias", Time since last: 1214113 ns, Reaching safepoint: 120312 ns, At safepoint: 22339 ns, Total: 142651 ns
[2020-09-12T12:30:23.048+0000][1][safepoint    ] Safepoint "RevokeBias", Time since last: 750249 ns, Reaching safepoint: 70226 ns, At safepoint: 18269 ns, Total: 88495 ns
[2020-09-12T12:30:23.056+0000][1][safepoint    ] Safepoint "RevokeBias", Time since last: 7583457 ns, Reaching safepoint: 105259 ns, At safepoint: 25880 ns, Total: 131139 ns
[2020-09-12T12:30:23.091+0000][1][safepoint    ] Safepoint "RevokeBias", Time since last: 34849796 ns, Reaching safepoint: 100437 ns, At safepoint: 21045 ns, Total: 121482 ns
[2020-09-12T12:30:23.091+0000][1][safepoint    ] Safepoint "RevokeBias", Time since last: 147031 ns, Reaching safepoint: 44185 ns, At safepoint: 14798 ns, Total: 58983 ns
[2020-09-12T12:30:23.091+0000][1][safepoint    ] Safepoint "RevokeBias", Time since last: 52648 ns, Reaching safepoint: 41950 ns, At safepoint: 11788 ns, Total: 53738 ns
[2020-09-12T12:30:23.188+0000][1][safepoint    ] Safepoint "RevokeBias", Time since last: 96131522 ns, Reaching safepoint: 114872 ns, At safepoint: 27844 ns, Total: 142716 ns
[2020-09-12T12:30:23.188+0000][1][safepoint    ] Safepoint "RevokeBias", Time since last: 233936 ns, Reaching safepoint: 46080 ns, At safepoint: 16367 ns, Total: 62447 ns
[2020-09-12T12:30:23.195+0000][1][safepoint    ] Safepoint "RevokeBias", Time since last: 1467748 ns, Reaching safepoint: 5962126 ns, At safepoint: 36944 ns, Total: 5999070 ns
[2020-09-12T12:30:23.196+0000][1][safepoint    ] Safepoint "RevokeBias", Time since last: 155083 ns, Reaching safepoint: 64876 ns, At safepoint: 14189 ns, Total: 79065 ns
[2020-09-12T12:30:23.221+0000][1][safepoint    ] Safepoint "RevokeBias", Time since last: 17760365 ns, Reaching safepoint: 7185161 ns, At safepoint: 42535 ns, Total: 7227696 ns
[2020-09-12T12:30:23.339+0000][1][safepoint    ] Safepoint "RevokeBias", Time since last: 113321160 ns, Reaching safepoint: 5458426 ns, At safepoint: 42188 ns, Total: 5500614 ns
[2020-09-12T12:30:23.588+0000][1][safepoint    ] Safepoint "RevokeBias", Time since last: 248084836 ns, Reaching safepoint: 127824 ns, At safepoint: 24733 ns, Total: 152557 ns
[2020-09-12T12:30:24.002+0000][1][safepoint    ] Safepoint "RevokeBias", Time since last: 413523966 ns, Reaching safepoint: 696793 ns, At safepoint: 196138 ns, Total: 892931 ns
[2020-09-12T12:30:24.077+0000][1][safepoint    ] Safepoint "RevokeBias", Time since last: 72771331 ns, Reaching safepoint: 1662255 ns, At safepoint: 100976 ns, Total: 1763231 ns
[2020-09-12T12:30:24.224+0000][1][safepoint    ] Safepoint "RevokeBias", Time since last: 146816020 ns, Reaching safepoint: 517744 ns, At safepoint: 82428 ns, Total: 600172 ns
[2020-09-12T12:30:24.237+0000][1][safepoint    ] Safepoint "RevokeBias", Time since last: 8432002 ns, Reaching safepoint: 4370332 ns, At safepoint: 39750 ns, Total: 4410082 ns
[2020-09-12T12:30:24.241+0000][1][safepoint    ] Safepoint "RevokeBias", Time since last: 4029679 ns, Reaching safepoint: 459440 ns, At safepoint: 30603 ns, Total: 490043 ns
[2020-09-12T12:30:24.245+0000][1][safepoint    ] Safepoint "RevokeBias", Time since last: 3324380 ns, Reaching safepoint: 420904 ns, At safepoint: 35559 ns, Total: 456463 ns
[2020-09-12T12:30:24.253+0000][1][safepoint    ] Safepoint "RevokeBias", Time since last: 7351431 ns, Reaching safepoint: 710051 ns, At safepoint: 34798 ns, Total: 744849 ns
[2020-09-12T12:30:24.264+0000][1][safepoint    ] Safepoint "RevokeBias", Time since last: 7629405 ns, Reaching safepoint: 3383235 ns, At safepoint: 41953 ns, Total: 3425188 ns
[2020-09-12T12:30:24.271+0000][1][safepoint    ] Safepoint "RevokeBias", Time since last: 739164 ns, Reaching safepoint: 5711255 ns, At safepoint: 44322 ns, Total: 5755577 ns
[2020-09-12T12:30:24.274+0000][1][safepoint    ] Safepoint "RevokeBias", Time since last: 503554 ns, Reaching safepoint: 3020147 ns, At safepoint: 41468 ns, Total: 3061615 ns
[2020-09-12T12:30:24.285+0000][1][safepoint    ] Safepoint "RevokeBias", Time since last: 479600 ns, Reaching safepoint: 10090122 ns, At safepoint: 265766 ns, Total: 10355888 ns
[2020-09-12T12:30:24.289+0000][1][safepoint    ] Safepoint "RevokeBias", Time since last: 2163013 ns, Reaching safepoint: 1983596 ns, At safepoint: 54076 ns, Total: 2037672 ns
[2020-09-12T12:30:24.309+0000][1][safepoint    ] Safepoint "RevokeBias", Time since last: 15507572 ns, Reaching safepoint: 3936657 ns, At safepoint: 40939 ns, Total: 3977596 ns
[2020-09-12T12:30:24.323+0000][1][safepoint    ] Safepoint "RevokeBias", Time since last: 11024145 ns, Reaching safepoint: 3479256 ns, At safepoint: 39302 ns, Total: 3518558 ns
[2020-09-12T12:30:24.334+0000][1][safepoint    ] Safepoint "RevokeBias", Time since last: 8486669 ns, Reaching safepoint: 1115440 ns, At safepoint: 776619 ns, Total: 1892059 ns
[2020-09-12T12:30:24.361+0000][1][safepoint    ] Safepoint "RevokeBias", Time since last: 18871275 ns, Reaching safepoint: 8255398 ns, At safepoint: 40172 ns, Total: 8295570 ns
[2020-09-12T12:30:24.365+0000][1][safepoint    ] Safepoint "RevokeBias", Time since last: 665359 ns, Reaching safepoint: 3437866 ns, At safepoint: 43412 ns, Total: 3481278 ns
[2020-09-12T12:30:24.371+0000][1][safepoint    ] Safepoint "BulkRevokeBias", Time since last: 162990 ns, Reaching safepoint: 5036711 ns, At safepoint: 436616 ns, Total: 5473327 ns
[2020-09-12T12:30:24.383+0000][1][safepoint    ] Safepoint "RevokeBias", Time since last: 5956645 ns, Reaching safepoint: 6672291 ns, At safepoint: 46225 ns, Total: 6718516 ns
[2020-09-12T12:30:24.397+0000][1][safepoint    ] Safepoint "RevokeBias", Time since last: 8847086 ns, Reaching safepoint: 4296535 ns, At safepoint: 36781 ns, Total: 4333316 ns
[2020-09-12T12:30:24.405+0000][1][safepoint    ] Safepoint "RevokeBias", Time since last: 7361138 ns, Reaching safepoint: 852183 ns, At safepoint: 575531 ns, Total: 1427714 ns
[2020-09-12T12:30:24.413+0000][1][safepoint    ] Safepoint "RevokeBias", Time since last: 2568943 ns, Reaching safepoint: 4905443 ns, At safepoint: 42297 ns, Total: 4947740 ns
[2020-09-12T12:30:24.479+0000][1][safepoint    ] Safepoint "RevokeBias", Time since last: 59793871 ns, Reaching safepoint: 5750283 ns, At safepoint: 64788 ns, Total: 5815071 ns
[2020-09-12T12:30:24.483+0000][1][safepoint    ] Safepoint "RevokeBias", Time since last: 875868 ns, Reaching safepoint: 3942150 ns, At safepoint: 82461 ns, Total: 4024611 ns
[2020-09-12T12:30:24.490+0000][1][safepoint    ] Safepoint "RevokeBias", Time since last: 3960990 ns, Reaching safepoint: 2632619 ns, At safepoint: 41878 ns, Total: 2674497 ns
[2020-09-12T12:30:24.510+0000][1][safepoint    ] Safepoint "RevokeBias", Time since last: 11970217 ns, Reaching safepoint: 7587408 ns, At safepoint: 42988 ns, Total: 7630396 ns
[2020-09-12T12:30:24.529+0000][1][safepoint    ] Safepoint "RevokeBias", Time since last: 14938703 ns, Reaching safepoint: 4117355 ns, At safepoint: 48392 ns, Total: 4165747 ns
[2020-09-12T12:30:24.537+0000][1][safepoint    ] Safepoint "RevokeBias", Time since last: 8419637 ns, Reaching safepoint: 144058 ns, At safepoint: 30744 ns, Total: 174802 ns
[2020-09-12T12:30:24.541+0000][1][safepoint    ] Safepoint "RevokeBias", Time since last: 3330447 ns, Reaching safepoint: 112013 ns, At safepoint: 30566 ns, Total: 142579 ns
[2020-09-12T12:30:24.551+0000][1][safepoint    ] Safepoint "RevokeBias", Time since last: 9561037 ns, Reaching safepoint: 122906 ns, At safepoint: 30879 ns, Total: 153785 ns
[2020-09-12T12:30:24.773+0000][1][safepoint    ] Safepoint "RevokeBias", Time since last: 222428643 ns, Reaching safepoint: 113112 ns, At safepoint: 25193 ns, Total: 138305 ns
[2020-09-12T12:30:24.999+0000][1][safepoint    ] Safepoint "RevokeBias", Time since last: 219572944 ns, Reaching safepoint: 6241544 ns, At safepoint: 38088 ns, Total: 6279632 ns
[2020-09-12T12:30:25.000+0000][1][safepoint    ] Safepoint "RevokeBias", Time since last: 567171 ns, Reaching safepoint: 211660 ns, At safepoint: 23070 ns, Total: 234730 ns
[2020-09-12T12:30:25.006+0000][1][safepoint    ] Safepoint "RevokeBias", Time since last: 4924221 ns, Reaching safepoint: 1313949 ns, At safepoint: 34725 ns, Total: 1348674 ns
[2020-09-12T12:30:25.010+0000][1][safepoint    ] Safepoint "RevokeBias", Time since last: 3028611 ns, Reaching safepoint: 638830 ns, At safepoint: 30791 ns, Total: 669621 ns
[2020-09-12T12:30:25.015+0000][1][safepoint    ] Safepoint "RevokeBias", Time since last: 5153860 ns, Reaching safepoint: 272069 ns, At safepoint: 29956 ns, Total: 302025 ns
[2020-09-12T12:30:25.023+0000][1][safepoint    ] Safepoint "RevokeBias", Time since last: 6930318 ns, Reaching safepoint: 802865 ns, At safepoint: 31063 ns, Total: 833928 ns
[2020-09-12T12:30:25.036+0000][1][safepoint    ] Safepoint "RevokeBias", Time since last: 11125353 ns, Reaching safepoint: 1665957 ns, At safepoint: 41128 ns, Total: 1707085 ns
[2020-09-12T12:30:25.073+0000][1][safepoint    ] Safepoint "RevokeBias", Time since last: 24913649 ns, Reaching safepoint: 11793455 ns, At safepoint: 41463 ns, Total: 11834918 ns
[2020-09-12T12:30:25.085+0000][1][safepoint    ] Safepoint "RevokeBias", Time since last: 4154115 ns, Reaching safepoint: 7835627 ns, At safepoint: 59793 ns, Total: 7895420 ns
[2020-09-12T12:30:25.086+0000][1][safepoint    ] Safepoint "RevokeBias", Time since last: 897601 ns, Reaching safepoint: 873253 ns, At safepoint: 44261 ns, Total: 917514 ns
[2020-09-12T12:30:25.323+0000][1][safepoint    ] Safepoint "RevokeBias", Time since last: 229306720 ns, Reaching safepoint: 7037336 ns, At safepoint: 50196 ns, Total: 7087532 ns
[2020-09-12T12:30:25.385+0000][1][safepoint    ] Safepoint "RevokeBias", Time since last: 58867183 ns, Reaching safepoint: 3788619 ns, At safepoint: 37509 ns, Total: 3826128 ns
[2020-09-12T12:30:25.494+0000][1][safepoint    ] Safepoint "RevokeBias", Time since last: 107969828 ns, Reaching safepoint: 160099 ns, At safepoint: 28354 ns, Total: 188453 ns
[2020-09-12T12:30:25.511+0000][1][safepoint    ] Safepoint "RevokeBias", Time since last: 16743535 ns, Reaching safepoint: 128245 ns, At safepoint: 25947 ns, Total: 154192 ns
[2020-09-12T12:30:25.652+0000][1][safepoint    ] Safepoint "RevokeBias", Time since last: 140687002 ns, Reaching safepoint: 489640 ns, At safepoint: 152886 ns, Total: 642526 ns
[2020-09-12T12:30:25.666+0000][1][gc,start     ] GC(43) Pause Young (Allocation Failure)
[2020-09-12T12:30:25.666+0000][1][gc,task      ] GC(43) Using 2 workers of 2 for evacuation
[2020-09-12T12:30:25.732+0000][1][gc,age       ] GC(43) Desired survivor size 8716288 bytes, new threshold 2 (max threshold 6)
[2020-09-12T12:30:25.732+0000][1][gc,age       ] GC(43) Age table with threshold 2 (max threshold 6)
[2020-09-12T12:30:25.732+0000][1][gc,age       ] GC(43) - age   1:    6435528 bytes,    6435528 total
[2020-09-12T12:30:25.732+0000][1][gc,age       ] GC(43) - age   2:    2484088 bytes,    8919616 total
[2020-09-12T12:30:25.732+0000][1][gc,age       ] GC(43) - age   3:    2198016 bytes,   11117632 total
[2020-09-12T12:30:25.732+0000][1][gc,age       ] GC(43) - age   4:    1120752 bytes,   12238384 total
[2020-09-12T12:30:25.732+0000][1][gc,age       ] GC(43) - age   5:     921992 bytes,   13160376 total
[2020-09-12T12:30:25.732+0000][1][gc,heap      ] GC(43) ParNew: 144766K->15552K(153344K)
[2020-09-12T12:30:25.732+0000][1][gc,heap      ] GC(43) CMS: 80452K->80452K(353920K)
[2020-09-12T12:30:25.732+0000][1][gc,metaspace ] GC(43) Metaspace: 91554K->91554K(1134592K)
[2020-09-12T12:30:25.732+0000][1][gc           ] GC(43) Pause Young (Allocation Failure) 219M->93M(495M) 65.999ms
[2020-09-12T12:30:25.732+0000][1][gc,cpu       ] GC(43) User=0.03s Sys=0.00s Real=0.07s
[2020-09-12T12:30:25.732+0000][1][safepoint    ] Safepoint "GenCollectForAllocation", Time since last: 2164975 ns, Reaching safepoint: 11848346 ns, At safepoint: 66082025 ns, Total: 77930371 ns
[2020-09-12T12:30:25.842+0000][1][safepoint    ] Safepoint "RevokeBias", Time since last: 97887001 ns, Reaching safepoint: 11870483 ns, At safepoint: 74778 ns, Total: 11945261 ns
[2020-09-12T12:30:26.383+0000][1][safepoint    ] Safepoint "RevokeBias", Time since last: 541436814 ns, Reaching safepoint: 140004 ns, At safepoint: 44630 ns, Total: 184634 ns
[2020-09-12T12:30:26.412+0000][1][safepoint    ] Safepoint "RevokeBias", Time since last: 27286781 ns, Reaching safepoint: 955670 ns, At safepoint: 44526 ns, Total: 1000196 ns
[2020-09-12T12:30:26.413+0000][1][safepoint    ] Safepoint "RevokeBias", Time since last: 840951 ns, Reaching safepoint: 157642 ns, At safepoint: 34370 ns, Total: 192012 ns
[2020-09-12T12:30:26.425+0000][1][safepoint    ] Safepoint "RevokeBias", Time since last: 3961554 ns, Reaching safepoint: 8336752 ns, At safepoint: 77267 ns, Total: 8414019 ns
[2020-09-12T12:30:26.462+0000][1][safepoint    ] Safepoint "RevokeBias", Time since last: 27573076 ns, Reaching safepoint: 9190332 ns, At safepoint: 53832 ns, Total: 9244164 ns
[2020-09-12T12:30:26.583+0000][1][safepoint    ] Safepoint "RevokeBias", Time since last: 120923940 ns, Reaching safepoint: 128324 ns, At safepoint: 42024 ns, Total: 170348 ns
[2020-09-12T12:30:26.584+0000][1][safepoint    ] Safepoint "RevokeBias", Time since last: 578595 ns, Reaching safepoint: 96410 ns, At safepoint: 29128 ns, Total: 125538 ns
[2020-09-12T12:30:26.586+0000][1][safepoint    ] Safepoint "RevokeBias", Time since last: 2150767 ns, Reaching safepoint: 130969 ns, At safepoint: 42180 ns, Total: 173149 ns
[2020-09-12T12:30:26.588+0000][1][safepoint    ] Safepoint "RevokeBias", Time since last: 1833155 ns, Reaching safepoint: 131965 ns, At safepoint: 39291 ns, Total: 171256 ns
[2020-09-12T12:30:26.709+0000][1][safepoint    ] Safepoint "RevokeBias", Time since last: 108894982 ns, Reaching safepoint: 11835318 ns, At safepoint: 52984 ns, Total: 11888302 ns
[2020-09-12T12:30:27.709+0000][1][safepoint    ] Safepoint "Cleanup", Time since last: 1000121633 ns, Reaching safepoint: 113997 ns, At safepoint: 11131 ns, Total: 125128 ns
[2020-09-12T12:30:28.703+0000][1][safepoint    ] Safepoint "RevokeBias", Time since last: 993677235 ns, Reaching safepoint: 220527 ns, At safepoint: 63719 ns, Total: 284246 ns
[2020-09-12T12:30:29.110+0000][1][safepoint    ] Safepoint "RevokeBias", Time since last: 406552429 ns, Reaching safepoint: 167375 ns, At safepoint: 27855 ns, Total: 195230 ns
[2020-09-12T12:30:30.100+0000][1][safepoint    ] Safepoint "RevokeBias", Time since last: 989552951 ns, Reaching safepoint: 147352 ns, At safepoint: 31711 ns, Total: 179063 ns
[2020-09-12T12:30:30.105+0000][1][safepoint    ] Safepoint "RevokeBias", Time since last: 3876001 ns, Reaching safepoint: 1542540 ns, At safepoint: 39551 ns, Total: 1582091 ns
[2020-09-12T12:30:31.031+0000][1][safepoint    ] Safepoint "RevokeBias", Time since last: 926197291 ns, Reaching safepoint: 179482 ns, At safepoint: 33406 ns, Total: 212888 ns
[2020-09-12T12:30:31.148+0000][1][safepoint    ] Safepoint "RevokeBias", Time since last: 116775379 ns, Reaching safepoint: 188179 ns, At safepoint: 30762 ns, Total: 218941 ns
[2020-09-12T12:30:31.149+0000][1][safepoint    ] Safepoint "RevokeBias", Time since last: 94538 ns, Reaching safepoint: 152252 ns, At safepoint: 42878 ns, Total: 195130 ns
[2020-09-12T12:30:31.150+0000][1][safepoint    ] Safepoint "RevokeBias", Time since last: 982967 ns, Reaching safepoint: 178982 ns, At safepoint: 26697 ns, Total: 205679 ns
[2020-09-12T12:30:31.152+0000][1][safepoint    ] Safepoint "RevokeBias", Time since last: 2259972 ns, Reaching safepoint: 101218 ns, At safepoint: 30518 ns, Total: 131736 ns
[2020-09-12T12:30:31.275+0000][1][safepoint    ] Safepoint "RevokeBias", Time since last: 122262452 ns, Reaching safepoint: 114514 ns, At safepoint: 28029 ns, Total: 142543 ns
[2020-09-12T12:30:31.306+0000][1][safepoint    ] Safepoint "RevokeBias", Time since last: 31020278 ns, Reaching safepoint: 110812 ns, At safepoint: 31053 ns, Total: 141865 ns
[2020-09-12T12:30:31.307+0000][1][safepoint    ] Safepoint "RevokeBias", Time since last: 1230081 ns, Reaching safepoint: 171012 ns, At safepoint: 24536 ns, Total: 195548 ns
[2020-09-12T12:30:31.340+0000][1][safepoint    ] Safepoint "RevokeBias", Time since last: 31981681 ns, Reaching safepoint: 1021381 ns, At safepoint: 42423 ns, Total: 1063804 ns
[2020-09-12T12:30:31.625+0000][1][safepoint    ] Safepoint "RevokeBias", Time since last: 284618612 ns, Reaching safepoint: 128595 ns, At safepoint: 31304 ns, Total: 159899 ns
[2020-09-12T12:30:31.699+0000][1][safepoint    ] Safepoint "RevokeBias", Time since last: 73387464 ns, Reaching safepoint: 115589 ns, At safepoint: 28178 ns, Total: 143767 ns
[2020-09-12T12:30:32.255+0000][1][safepoint    ] Safepoint "RevokeBias", Time since last: 556635162 ns, Reaching safepoint: 140929 ns, At safepoint: 28738 ns, Total: 169667 ns
[2020-09-12T12:30:32.546+0000][1][safepoint    ] Safepoint "RevokeBias", Time since last: 283794010 ns, Reaching safepoint: 6327837 ns, At safepoint: 77104 ns, Total: 6404941 ns
[2020-09-12T12:30:32.674+0000][1][safepoint    ] Safepoint "RevokeBias", Time since last: 128076492 ns, Reaching safepoint: 127393 ns, At safepoint: 30120 ns, Total: 157513 ns
[2020-09-12T12:30:32.680+0000][1][safepoint    ] Safepoint "RevokeBias", Time since last: 5555753 ns, Reaching safepoint: 219876 ns, At safepoint: 30521 ns, Total: 250397 ns
[2020-09-12T12:30:32.779+0000][1][gc,start     ] GC(44) Pause Young (Allocation Failure)
[2020-09-12T12:30:32.779+0000][1][gc,task      ] GC(44) Using 2 workers of 2 for evacuation
[2020-09-12T12:30:32.840+0000][1][gc,age       ] GC(44) Desired survivor size 8716288 bytes, new threshold 6 (max threshold 6)
[2020-09-12T12:30:32.840+0000][1][gc,age       ] GC(44) Age table with threshold 6 (max threshold 6)
[2020-09-12T12:30:32.840+0000][1][gc,age       ] GC(44) - age   1:    2411248 bytes,    2411248 total
[2020-09-12T12:30:32.840+0000][1][gc,age       ] GC(44) - age   2:     838096 bytes,    3249344 total
[2020-09-12T12:30:32.840+0000][1][gc,heap      ] GC(44) ParNew: 151872K->11194K(153344K)
[2020-09-12T12:30:32.840+0000][1][gc,heap      ] GC(44) CMS: 80452K->87158K(353920K)
[2020-09-12T12:30:32.840+0000][1][gc,metaspace ] GC(44) Metaspace: 92077K->92077K(1134592K)
[2020-09-12T12:30:32.840+0000][1][gc           ] GC(44) Pause Young (Allocation Failure) 226M->96M(495M) 61.884ms
[2020-09-12T12:30:32.841+0000][1][gc,cpu       ] GC(44) User=0.03s Sys=0.00s Real=0.06s
[2020-09-12T12:30:32.841+0000][1][safepoint    ] Safepoint "GenCollectForAllocation", Time since last: 98827434 ns, Reaching safepoint: 118167 ns, At safepoint: 61963896 ns, Total: 62082063 ns
[2020-09-12T12:30:32.848+0000][1][safepoint    ] Safepoint "RevokeBias", Time since last: 7720450 ns, Reaching safepoint: 155359 ns, At safepoint: 28872 ns, Total: 184231 ns
[2020-09-12T12:30:32.854+0000][1][safepoint    ] Safepoint "RevokeBias", Time since last: 1723989 ns, Reaching safepoint: 3678783 ns, At safepoint: 36476 ns, Total: 3715259 ns
[2020-09-12T12:30:32.856+0000][1][safepoint    ] Safepoint "RevokeBias", Time since last: 1571694 ns, Reaching safepoint: 97184 ns, At safepoint: 25165 ns, Total: 122349 ns
[2020-09-12T12:30:32.858+0000][1][safepoint    ] Safepoint "BulkRevokeBias", Time since last: 1656584 ns, Reaching safepoint: 347123 ns, At safepoint: 370601 ns, Total: 717724 ns
[2020-09-12T12:30:32.864+0000][1][safepoint    ] Safepoint "RevokeBias", Time since last: 3727185 ns, Reaching safepoint: 1869925 ns, At safepoint: 56853 ns, Total: 1926778 ns
[2020-09-12T12:30:32.902+0000][1][safepoint    ] Safepoint "RevokeBias", Time since last: 38658939 ns, Reaching safepoint: 117355 ns, At safepoint: 26103 ns, Total: 143458 ns
[2020-09-12T12:30:32.915+0000][1][safepoint    ] Safepoint "BulkRevokeBias", Time since last: 12316446 ns, Reaching safepoint: 126920 ns, At safepoint: 444332 ns, Total: 571252 ns
[2020-09-12T12:30:32.961+0000][1][safepoint    ] Safepoint "RevokeBias", Time since last: 45379555 ns, Reaching safepoint: 114022 ns, At safepoint: 27997 ns, Total: 142019 ns
[2020-09-12T12:30:33.033+0000][1][safepoint    ] Safepoint "RevokeBias", Time since last: 71869581 ns, Reaching safepoint: 130478 ns, At safepoint: 45382 ns, Total: 175860 ns
[2020-09-12T12:30:33.051+0000][1][safepoint    ] Safepoint "Deoptimize", Time since last: 3572990 ns, Reaching safepoint: 11016191 ns, At safepoint: 3601369 ns, Total: 14617560 ns
[2020-09-12T12:30:33.145+0000][1][safepoint    ] Safepoint "RevokeBias", Time since last: 86679312 ns, Reaching safepoint: 7056866 ns, At safepoint: 41835 ns, Total: 7098701 ns
[2020-09-12T12:30:33.211+0000][1][safepoint    ] Safepoint "Deoptimize", Time since last: 64678233 ns, Reaching safepoint: 162493 ns, At safepoint: 837221 ns, Total: 999714 ns
[2020-09-12T12:30:33.731+0000][1][safepoint    ] Safepoint "ICBufferFull", Time since last: 520108156 ns, Reaching safepoint: 196476 ns, At safepoint: 11349 ns, Total: 207825 ns
[2020-09-12T12:30:34.028+0000][1][safepoint    ] Safepoint "RevokeBias", Time since last: 295897827 ns, Reaching safepoint: 1143537 ns, At safepoint: 16935 ns, Total: 1160472 ns
[2020-09-12T12:30:34.069+0000][1][safepoint    ] Safepoint "RevokeBias", Time since last: 34182713 ns, Reaching safepoint: 6372155 ns, At safepoint: 74327 ns, Total: 6446482 ns
[2020-09-12T12:30:34.081+0000][1][safepoint    ] Safepoint "RevokeBias", Time since last: 938261 ns, Reaching safepoint: 11327838 ns, At safepoint: 71912 ns, Total: 11399750 ns
[2020-09-12T12:30:34.084+0000][1][safepoint    ] Safepoint "RevokeBias", Time since last: 2521706 ns, Reaching safepoint: 815505 ns, At safepoint: 62244 ns, Total: 877749 ns
[2020-09-12T12:30:34.099+0000][1][safepoint    ] Safepoint "RevokeBias", Time since last: 14349491 ns, Reaching safepoint: 133887 ns, At safepoint: 31522 ns, Total: 165409 ns
[2020-09-12T12:30:34.101+0000][1][safepoint    ] Safepoint "RevokeBias", Time since last: 1986535 ns, Reaching safepoint: 183413 ns, At safepoint: 26333 ns, Total: 209746 ns
[2020-09-12T12:30:34.265+0000][1][safepoint    ] Safepoint "RevokeBias", Time since last: 163454465 ns, Reaching safepoint: 129413 ns, At safepoint: 34621 ns, Total: 164034 ns
[2020-09-12T12:30:34.431+0000][1][safepoint    ] Safepoint "RevokeBias", Time since last: 164928065 ns, Reaching safepoint: 1185802 ns, At safepoint: 31837 ns, Total: 1217639 ns
[2020-09-12T12:30:34.436+0000][1][safepoint    ] Safepoint "RevokeBias", Time since last: 2653666 ns, Reaching safepoint: 2359972 ns, At safepoint: 36373 ns, Total: 2396345 ns
[2020-09-12T12:30:34.455+0000][1][safepoint    ] Safepoint "RevokeBias", Time since last: 10058390 ns, Reaching safepoint: 770903 ns, At safepoint: 8406063 ns, Total: 9176966 ns
[2020-09-12T12:30:34.456+0000][1][safepoint    ] Safepoint "RevokeBias", Time since last: 950350 ns, Reaching safepoint: 182898 ns, At safepoint: 21451 ns, Total: 204349 ns
[2020-09-12T12:30:35.125+0000][1][gc,start     ] GC(45) Pause Young (Allocation Failure)
[2020-09-12T12:30:35.126+0000][1][gc,task      ] GC(45) Using 2 workers of 2 for evacuation
[2020-09-12T12:30:35.173+0000][1][gc,age       ] GC(45) Desired survivor size 8716288 bytes, new threshold 1 (max threshold 6)
[2020-09-12T12:30:35.174+0000][1][gc,age       ] GC(45) Age table with threshold 1 (max threshold 6)
[2020-09-12T12:30:35.174+0000][1][gc,age       ] GC(45) - age   1:    8927976 bytes,    8927976 total
[2020-09-12T12:30:35.174+0000][1][gc,age       ] GC(45) - age   2:     251112 bytes,    9179088 total
[2020-09-12T12:30:35.174+0000][1][gc,age       ] GC(45) - age   3:     619184 bytes,    9798272 total
[2020-09-12T12:30:35.174+0000][1][gc,heap      ] GC(45) ParNew: 147514K->10775K(153344K)
[2020-09-12T12:30:35.174+0000][1][gc,heap      ] GC(45) CMS: 87158K->87158K(353920K)
[2020-09-12T12:30:35.174+0000][1][gc,metaspace ] GC(45) Metaspace: 92793K->92793K(1134592K)
[2020-09-12T12:30:35.174+0000][1][gc           ] GC(45) Pause Young (Allocation Failure) 229M->95M(495M) 48.148ms
[2020-09-12T12:30:35.174+0000][1][gc,cpu       ] GC(45) User=0.02s Sys=0.00s Real=0.05s
[2020-09-12T12:30:35.174+0000][1][safepoint    ] Safepoint "GenCollectForAllocation", Time since last: 669129256 ns, Reaching safepoint: 160743 ns, At safepoint: 48214677 ns, Total: 48375420 ns
[2020-09-12T12:30:35.213+0000][1][safepoint    ] Safepoint "RevokeBias", Time since last: 39050820 ns, Reaching safepoint: 151742 ns, At safepoint: 30619 ns, Total: 182361 ns
[2020-09-12T12:30:35.221+0000][1][safepoint    ] Safepoint "RevokeBias", Time since last: 7761977 ns, Reaching safepoint: 111701 ns, At safepoint: 31611 ns, Total: 143312 ns
[2020-09-12T12:30:35.233+0000][1][safepoint    ] Safepoint "RevokeBias", Time since last: 11672212 ns, Reaching safepoint: 281511 ns, At safepoint: 30068 ns, Total: 311579 ns
[2020-09-12T12:30:35.241+0000][1][safepoint    ] Safepoint "RevokeBias", Time since last: 8436466 ns, Reaching safepoint: 118167 ns, At safepoint: 29613 ns, Total: 147780 ns
[2020-09-12T12:30:35.305+0000][1][safepoint    ] Safepoint "RevokeBias", Time since last: 63709715 ns, Reaching safepoint: 120804 ns, At safepoint: 33800 ns, Total: 154604 ns
[2020-09-12T12:30:35.332+0000][1][safepoint    ] Safepoint "RevokeBias", Time since last: 19186397 ns, Reaching safepoint: 7299191 ns, At safepoint: 72204 ns, Total: 7371395 ns
[2020-09-12T12:30:35.352+0000][1][safepoint    ] Safepoint "RevokeBias", Time since last: 20400888 ns, Reaching safepoint: 119986 ns, At safepoint: 27687 ns, Total: 147673 ns
[2020-09-12T12:30:35.397+0000][1][safepoint    ] Safepoint "RevokeBias", Time since last: 44851933 ns, Reaching safepoint: 125862 ns, At safepoint: 29482 ns, Total: 155344 ns
[2020-09-12T12:30:35.601+0000][1][safepoint    ] Safepoint "RevokeBias", Time since last: 203663204 ns, Reaching safepoint: 115771 ns, At safepoint: 25210 ns, Total: 140981 ns
[2020-09-12T12:30:36.377+0000][1][safepoint    ] Safepoint "BulkRevokeBias", Time since last: 774799292 ns, Reaching safepoint: 144483 ns, At safepoint: 403394 ns, Total: 547877 ns
[2020-09-12T12:30:36.383+0000][1][safepoint    ] Safepoint "RevokeBias", Time since last: 6463641 ns, Reaching safepoint: 111631 ns, At safepoint: 26174 ns, Total: 137805 ns
[2020-09-12T12:30:36.384+0000][1][safepoint    ] Safepoint "RevokeBias", Time since last: 644552 ns, Reaching safepoint: 63485 ns, At safepoint: 16262 ns, Total: 79747 ns
[2020-09-12T12:30:36.417+0000][1][safepoint    ] Safepoint "RevokeBias", Time since last: 33493017 ns, Reaching safepoint: 114665 ns, At safepoint: 31893 ns, Total: 146558 ns
[2020-09-12T12:30:37.292+0000][1][safepoint    ] Safepoint "RevokeBias", Time since last: 871188080 ns, Reaching safepoint: 3139722 ns, At safepoint: 26909 ns, Total: 3166631 ns
[2020-09-12T12:30:37.301+0000][1][safepoint    ] Safepoint "RevokeBias", Time since last: 7644692 ns, Reaching safepoint: 1607348 ns, At safepoint: 24808 ns, Total: 1632156 ns
[2020-09-12T12:30:37.381+0000][1][safepoint    ] Safepoint "RevokeBias", Time since last: 76073373 ns, Reaching safepoint: 3602509 ns, At safepoint: 27126 ns, Total: 3629635 ns
[2020-09-12T12:30:37.383+0000][1][safepoint    ] Safepoint "RevokeBias", Time since last: 178226 ns, Reaching safepoint: 1897450 ns, At safepoint: 19985 ns, Total: 1917435 ns
[2020-09-12T12:30:37.389+0000][1][safepoint    ] Safepoint "RevokeBias", Time since last: 1069844 ns, Reaching safepoint: 4820018 ns, At safepoint: 29527 ns, Total: 4849545 ns
[2020-09-12T12:30:37.478+0000][1][safepoint    ] Safepoint "RevokeBias", Time since last: 82806608 ns, Reaching safepoint: 6027179 ns, At safepoint: 34321 ns, Total: 6061500 ns
[2020-09-12T12:30:37.619+0000][1][safepoint    ] Safepoint "RevokeBias", Time since last: 141151098 ns, Reaching safepoint: 119292 ns, At safepoint: 28004 ns, Total: 147296 ns
[2020-09-12T12:30:37.876+0000][1][safepoint    ] Safepoint "RevokeBias", Time since last: 257128421 ns, Reaching safepoint: 117576 ns, At safepoint: 24665 ns, Total: 142241 ns
[2020-09-12T12:30:37.955+0000][1][safepoint    ] Safepoint "RevokeBias", Time since last: 78634968 ns, Reaching safepoint: 206511 ns, At safepoint: 26820 ns, Total: 233331 ns
[2020-09-12T12:30:38.109+0000][1][safepoint    ] Safepoint "RevokeBias", Time since last: 153703696 ns, Reaching safepoint: 245445 ns, At safepoint: 30480 ns, Total: 275925 ns
[2020-09-12T12:30:38.110+0000][1][safepoint    ] Safepoint "RevokeBias", Time since last: 834743 ns, Reaching safepoint: 183927 ns, At safepoint: 23920 ns, Total: 207847 ns
[2020-09-12T12:30:38.149+0000][1][safepoint    ] Safepoint "RevokeBias", Time since last: 39044372 ns, Reaching safepoint: 148091 ns, At safepoint: 23979 ns, Total: 172070 ns
[2020-09-12T12:30:38.159+0000][1][safepoint    ] Safepoint "RevokeBias", Time since last: 9542794 ns, Reaching safepoint: 240381 ns, At safepoint: 29175 ns, Total: 269556 ns
[2020-09-12T12:30:38.197+0000][1][safepoint    ] Safepoint "RevokeBias", Time since last: 37912025 ns, Reaching safepoint: 207467 ns, At safepoint: 27983 ns, Total: 235450 ns
[2020-09-12T12:30:38.198+0000][1][safepoint    ] Safepoint "RevokeBias", Time since last: 776880 ns, Reaching safepoint: 279563 ns, At safepoint: 25045 ns, Total: 304608 ns
[2020-09-12T12:30:38.200+0000][1][safepoint    ] Safepoint "RevokeBias", Time since last: 1009146 ns, Reaching safepoint: 126037 ns, At safepoint: 25659 ns, Total: 151696 ns
[2020-09-12T12:30:38.395+0000][1][safepoint    ] Safepoint "RevokeBias", Time since last: 195244430 ns, Reaching safepoint: 118537 ns, At safepoint: 23711 ns, Total: 142248 ns
[2020-09-12T12:30:38.395+0000][1][safepoint    ] Safepoint "RevokeBias", Time since last: 113009 ns, Reaching safepoint: 108476 ns, At safepoint: 17072 ns, Total: 125548 ns
[2020-09-12T12:30:38.401+0000][1][safepoint    ] Safepoint "RevokeBias", Time since last: 4358733 ns, Reaching safepoint: 1220706 ns, At safepoint: 37224 ns, Total: 1257930 ns
[2020-09-12T12:30:38.403+0000][1][safepoint    ] Safepoint "RevokeBias", Time since last: 525211 ns, Reaching safepoint: 1500302 ns, At safepoint: 33239 ns, Total: 1533541 ns
[2020-09-12T12:30:38.405+0000][1][safepoint    ] Safepoint "RevokeBias", Time since last: 219391 ns, Reaching safepoint: 1689515 ns, At safepoint: 47397 ns, Total: 1736912 ns
[2020-09-12T12:30:38.405+0000][1][safepoint    ] Safepoint "RevokeBias", Time since last: 122108 ns, Reaching safepoint: 144001 ns, At safepoint: 21023 ns, Total: 165024 ns
[2020-09-12T12:30:38.441+0000][1][safepoint    ] Safepoint "RevokeBias", Time since last: 35224037 ns, Reaching safepoint: 240551 ns, At safepoint: 26570 ns, Total: 267121 ns
[2020-09-12T12:30:38.441+0000][1][safepoint    ] Safepoint "RevokeBias", Time since last: 200025 ns, Reaching safepoint: 141704 ns, At safepoint: 16817 ns, Total: 158521 ns
[2020-09-12T12:30:38.469+0000][1][safepoint    ] Safepoint "RevokeBias", Time since last: 24904943 ns, Reaching safepoint: 2942057 ns, At safepoint: 34335 ns, Total: 2976392 ns
[2020-09-12T12:30:38.474+0000][1][safepoint    ] Safepoint "RevokeBias", Time since last: 4597058 ns, Reaching safepoint: 674590 ns, At safepoint: 28270 ns, Total: 702860 ns
[2020-09-12T12:30:38.477+0000][1][safepoint    ] Safepoint "RevokeBias", Time since last: 1168245 ns, Reaching safepoint: 1459981 ns, At safepoint: 29680 ns, Total: 1489661 ns
[2020-09-12T12:30:39.080+0000][1][safepoint    ] Safepoint "RevokeBias", Time since last: 602576067 ns, Reaching safepoint: 138588 ns, At safepoint: 25472 ns, Total: 164060 ns
[2020-09-12T12:30:39.082+0000][1][safepoint    ] Safepoint "RevokeBias", Time since last: 2493441 ns, Reaching safepoint: 136759 ns, At safepoint: 23424 ns, Total: 160183 ns
[2020-09-12T12:30:39.532+0000][1][safepoint    ] Safepoint "RevokeBias", Time since last: 448003647 ns, Reaching safepoint: 1927444 ns, At safepoint: 37928 ns, Total: 1965372 ns
[2020-09-12T12:30:39.533+0000][1][safepoint    ] Safepoint "RevokeBias", Time since last: 476266 ns, Reaching safepoint: 205683 ns, At safepoint: 159778 ns, Total: 365461 ns
[2020-09-12T12:30:39.535+0000][1][safepoint    ] Safepoint "RevokeBias", Time since last: 421617 ns, Reaching safepoint: 1978627 ns, At safepoint: 62113 ns, Total: 2040740 ns
[2020-09-12T12:30:39.536+0000][1][safepoint    ] Safepoint "RevokeBias", Time since last: 196534 ns, Reaching safepoint: 174064 ns, At safepoint: 19782 ns, Total: 193846 ns
[2020-09-12T12:30:39.576+0000][1][safepoint    ] Safepoint "RevokeBias", Time since last: 37909028 ns, Reaching safepoint: 1759417 ns, At safepoint: 35239 ns, Total: 1794656 ns
[2020-09-12T12:30:39.604+0000][1][safepoint    ] Safepoint "RevokeBias", Time since last: 27006697 ns, Reaching safepoint: 1150654 ns, At safepoint: 31181 ns, Total: 1181835 ns
[2020-09-12T12:30:40.201+0000][1][safepoint    ] Safepoint "RevokeBias", Time since last: 597532306 ns, Reaching safepoint: 145287 ns, At safepoint: 32390 ns, Total: 177677 ns
[2020-09-12T12:30:40.600+0000][1][safepoint    ] Safepoint "RevokeBias", Time since last: 398030984 ns, Reaching safepoint: 114779 ns, At safepoint: 27183 ns, Total: 141962 ns
[2020-09-12T12:30:40.600+0000][1][safepoint    ] Safepoint "RevokeBias", Time since last: 598264 ns, Reaching safepoint: 151342 ns, At safepoint: 21947 ns, Total: 173289 ns
[2020-09-12T12:30:40.601+0000][1][safepoint    ] Safepoint "RevokeBias", Time since last: 153464 ns, Reaching safepoint: 58047 ns, At safepoint: 38255 ns, Total: 96302 ns
[2020-09-12T12:30:40.601+0000][1][safepoint    ] Safepoint "RevokeBias", Time since last: 71708 ns, Reaching safepoint: 200376 ns, At safepoint: 21024 ns, Total: 221400 ns
[2020-09-12T12:30:40.662+0000][1][safepoint    ] Safepoint "RevokeBias", Time since last: 60466945 ns, Reaching safepoint: 220192 ns, At safepoint: 29890 ns, Total: 250082 ns
[2020-09-12T12:30:40.662+0000][1][safepoint    ] Safepoint "RevokeBias", Time since last: 260886 ns, Reaching safepoint: 134399 ns, At safepoint: 19929 ns, Total: 154328 ns
[2020-09-12T12:30:41.662+0000][1][safepoint    ] Safepoint "Cleanup", Time since last: 1000093020 ns, Reaching safepoint: 217754 ns, At safepoint: 10947 ns, Total: 228701 ns
[2020-09-12T12:30:42.239+0000][1][safepoint    ] Safepoint "RevokeBias", Time since last: 576709263 ns, Reaching safepoint: 141125 ns, At safepoint: 26564 ns, Total: 167689 ns
[2020-09-12T12:30:42.664+0000][1][gc,start     ] GC(46) Pause Young (Allocation Failure)
[2020-09-12T12:30:42.664+0000][1][gc,task      ] GC(46) Using 2 workers of 2 for evacuation
[2020-09-12T12:30:42.689+0000][1][gc,age       ] GC(46) Desired survivor size 8716288 bytes, new threshold 1 (max threshold 6)
[2020-09-12T12:30:42.689+0000][1][gc,age       ] GC(46) Age table with threshold 1 (max threshold 6)
[2020-09-12T12:30:42.689+0000][1][gc,age       ] GC(46) - age   1:   10193032 bytes,   10193032 total
[2020-09-12T12:30:42.689+0000][1][gc,heap      ] GC(46) ParNew: 146921K->12111K(153344K)
[2020-09-12T12:30:42.689+0000][1][gc,heap      ] GC(46) CMS: 87158K->88511K(353920K)
[2020-09-12T12:30:42.689+0000][1][gc,metaspace ] GC(46) Metaspace: 95144K->95144K(1136640K)
[2020-09-12T12:30:42.689+0000][1][gc           ] GC(46) Pause Young (Allocation Failure) 228M->98M(495M) 24.652ms
[2020-09-12T12:30:42.689+0000][1][gc,cpu       ] GC(46) User=0.02s Sys=0.00s Real=0.03s
[2020-09-12T12:30:42.689+0000][1][safepoint    ] Safepoint "GenCollectForAllocation", Time since last: 424780576 ns, Reaching safepoint: 113864 ns, At safepoint: 24712097 ns, Total: 24825961 ns
[2020-09-12T12:30:42.691+0000][1][safepoint    ] Safepoint "RevokeBias", Time since last: 1829601 ns, Reaching safepoint: 184104 ns, At safepoint: 27591 ns, Total: 211695 ns
[2020-09-12T12:30:42.694+0000][1][safepoint    ] Safepoint "RevokeBias", Time since last: 2456034 ns, Reaching safepoint: 107501 ns, At safepoint: 26193 ns, Total: 133694 ns
[2020-09-12T12:30:42.700+0000][1][safepoint    ] Safepoint "RevokeBias", Time since last: 5924177 ns, Reaching safepoint: 120009 ns, At safepoint: 27486 ns, Total: 147495 ns
[2020-09-12T12:30:42.700+0000][1][safepoint    ] Safepoint "RevokeBias", Time since last: 140687 ns, Reaching safepoint: 50035 ns, At safepoint: 13930 ns, Total: 63965 ns
[2020-09-12T12:30:42.710+0000][1][safepoint    ] Safepoint "RevokeBias", Time since last: 10439708 ns, Reaching safepoint: 108098 ns, At safepoint: 35908 ns, Total: 144006 ns
[2020-09-12T12:30:42.745+0000][1][safepoint    ] Safepoint "RevokeBias", Time since last: 28025607 ns, Reaching safepoint: 6436331 ns, At safepoint: 61480 ns, Total: 6497811 ns
[2020-09-12T12:30:43.048+0000][1][safepoint    ] Safepoint "RevokeBias", Time since last: 302650741 ns, Reaching safepoint: 117503 ns, At safepoint: 24075 ns, Total: 141578 ns
[2020-09-12T12:30:43.048+0000][1][safepoint    ] Safepoint "RevokeBias", Time since last: 74530 ns, Reaching safepoint: 294690 ns, At safepoint: 18273 ns, Total: 312963 ns
[2020-09-12T12:30:43.048+0000][1][safepoint    ] Safepoint "RevokeBias", Time since last: 49304 ns, Reaching safepoint: 131309 ns, At safepoint: 16610 ns, Total: 147919 ns
[2020-09-12T12:30:43.051+0000][1][safepoint    ] Safepoint "RevokeBias", Time since last: 48581 ns, Reaching safepoint: 2485350 ns, At safepoint: 27468 ns, Total: 2512818 ns
[2020-09-12T12:30:43.055+0000][1][safepoint    ] Safepoint "RevokeBias", Time since last: 1022562 ns, Reaching safepoint: 3001075 ns, At safepoint: 34010 ns, Total: 3035085 ns
[2020-09-12T12:30:43.371+0000][1][safepoint    ] Safepoint "RevokeBias", Time since last: 316075975 ns, Reaching safepoint: 123283 ns, At safepoint: 31053 ns, Total: 154336 ns
[2020-09-12T12:30:44.073+0000][1][safepoint    ] Safepoint "RevokeBias", Time since last: 701624615 ns, Reaching safepoint: 510819 ns, At safepoint: 31913 ns, Total: 542732 ns
[2020-09-12T12:30:44.081+0000][1][safepoint    ] Safepoint "RevokeBias", Time since last: 4331038 ns, Reaching safepoint: 3150558 ns, At safepoint: 40334 ns, Total: 3190892 ns
[2020-09-12T12:30:44.081+0000][1][safepoint    ] Safepoint "RevokeBias", Time since last: 230427 ns, Reaching safepoint: 60554 ns, At safepoint: 19713 ns, Total: 80267 ns
[2020-09-12T12:30:44.082+0000][1][safepoint    ] Safepoint "RevokeBias", Time since last: 493494 ns, Reaching safepoint: 62672 ns, At safepoint: 18230 ns, Total: 80902 ns
[2020-09-12T12:30:44.177+0000][1][safepoint    ] Safepoint "RevokeBias", Time since last: 89716346 ns, Reaching safepoint: 5481876 ns, At safepoint: 43911 ns, Total: 5525787 ns
[2020-09-12T12:30:44.197+0000][1][safepoint    ] Safepoint "RevokeBias", Time since last: 18458686 ns, Reaching safepoint: 1291353 ns, At safepoint: 70003 ns, Total: 1361356 ns
[2020-09-12T12:30:44.324+0000][1][safepoint    ] Safepoint "RevokeBias", Time since last: 118008320 ns, Reaching safepoint: 9280218 ns, At safepoint: 43571 ns, Total: 9323789 ns
[2020-09-12T12:30:44.734+0000][1][safepoint    ] Safepoint "RevokeBias", Time since last: 409082700 ns, Reaching safepoint: 1198716 ns, At safepoint: 34055 ns, Total: 1232771 ns
[2020-09-12T12:30:44.743+0000][1][safepoint    ] Safepoint "RevokeBias", Time since last: 8863785 ns, Reaching safepoint: 127241 ns, At safepoint: 37971 ns, Total: 165212 ns
[2020-09-12T12:30:45.629+0000][1][safepoint    ] Safepoint "RevokeBias", Time since last: 885047576 ns, Reaching safepoint: 655819 ns, At safepoint: 128516 ns, Total: 784335 ns
[2020-09-12T12:30:45.635+0000][1][safepoint    ] Safepoint "RevokeBias", Time since last: 1816177 ns, Reaching safepoint: 4233728 ns, At safepoint: 42216 ns, Total: 4275944 ns
[2020-09-12T12:30:45.646+0000][1][safepoint    ] Safepoint "RevokeBias", Time since last: 9295060 ns, Reaching safepoint: 1112160 ns, At safepoint: 35135 ns, Total: 1147295 ns
[2020-09-12T12:30:45.686+0000][1][safepoint    ] Safepoint "RevokeBias", Time since last: 40458195 ns, Reaching safepoint: 158471 ns, At safepoint: 39403 ns, Total: 197874 ns
[2020-09-12T12:30:45.822+0000][1][safepoint    ] Safepoint "RevokeBias", Time since last: 134924033 ns, Reaching safepoint: 126121 ns, At safepoint: 26703 ns, Total: 152824 ns
[2020-09-12T12:30:46.081+0000][1][safepoint    ] Safepoint "RevokeBias", Time since last: 259131280 ns, Reaching safepoint: 245846 ns, At safepoint: 57913 ns, Total: 303759 ns
[2020-09-12T12:30:47.081+0000][1][safepoint    ] Safepoint "Cleanup", Time since last: 1000162266 ns, Reaching safepoint: 126365 ns, At safepoint: 10017 ns, Total: 136382 ns
[2020-09-12T12:30:48.082+0000][1][safepoint    ] Safepoint "Cleanup", Time since last: 1000116731 ns, Reaching safepoint: 118941 ns, At safepoint: 10544 ns, Total: 129485 ns
[2020-09-12T12:30:48.128+0000][1][safepoint    ] Safepoint "RevokeBias", Time since last: 46599394 ns, Reaching safepoint: 111214 ns, At safepoint: 29031 ns, Total: 140245 ns
[2020-09-12T12:30:49.129+0000][1][safepoint    ] Safepoint "Cleanup", Time since last: 1000123533 ns, Reaching safepoint: 125506 ns, At safepoint: 9625 ns, Total: 135131 ns
[2020-09-12T12:30:49.729+0000][1][safepoint    ] Safepoint "RevokeBias", Time since last: 600095053 ns, Reaching safepoint: 216102 ns, At safepoint: 24302 ns, Total: 240404 ns
[2020-09-12T12:30:49.729+0000][1][safepoint    ] Safepoint "RevokeBias", Time since last: 199830 ns, Reaching safepoint: 52060 ns, At safepoint: 15246 ns, Total: 67306 ns
[2020-09-12T12:30:50.729+0000][1][safepoint    ] Safepoint "Cleanup", Time since last: 1000099836 ns, Reaching safepoint: 142818 ns, At safepoint: 13940 ns, Total: 156758 ns
[2020-09-12T12:30:50.974+0000][1][safepoint    ] Safepoint "RevokeBias", Time since last: 244543721 ns, Reaching safepoint: 101834 ns, At safepoint: 28183 ns, Total: 130017 ns
[2020-09-12T12:30:51.615+0000][1][safepoint    ] Safepoint "RevokeBias", Time since last: 640677796 ns, Reaching safepoint: 131558 ns, At safepoint: 28133 ns, Total: 159691 ns
[2020-09-12T12:30:52.254+0000][1][safepoint    ] Safepoint "RevokeBias", Time since last: 638749115 ns, Reaching safepoint: 147282 ns, At safepoint: 35173 ns, Total: 182455 ns
[2020-09-12T12:30:52.279+0000][1][safepoint    ] Safepoint "RevokeBias", Time since last: 25038197 ns, Reaching safepoint: 106674 ns, At safepoint: 28737 ns, Total: 135411 ns
[2020-09-12T12:30:52.558+0000][1][safepoint    ] Safepoint "RevokeBias", Time since last: 277726988 ns, Reaching safepoint: 1173809 ns, At safepoint: 358707 ns, Total: 1532516 ns
[2020-09-12T12:30:52.590+0000][1][safepoint    ] Safepoint "RevokeBias", Time since last: 31292162 ns, Reaching safepoint: 135061 ns, At safepoint: 32055 ns, Total: 167116 ns
[2020-09-12T12:30:52.662+0000][1][safepoint    ] Safepoint "RevokeBias", Time since last: 72095245 ns, Reaching safepoint: 113978 ns, At safepoint: 35299 ns, Total: 149277 ns
[2020-09-12T12:30:52.717+0000][1][safepoint    ] Safepoint "RevokeBias", Time since last: 54391861 ns, Reaching safepoint: 407534 ns, At safepoint: 26750 ns, Total: 434284 ns
[2020-09-12T12:30:52.769+0000][1][safepoint    ] Safepoint "RevokeBias", Time since last: 48435625 ns, Reaching safepoint: 3659080 ns, At safepoint: 35267 ns, Total: 3694347 ns
[2020-09-12T12:30:52.848+0000][1][safepoint    ] Safepoint "RevokeBias", Time since last: 78654079 ns, Reaching safepoint: 201251 ns, At safepoint: 31049 ns, Total: 232300 ns
[2020-09-12T12:30:52.982+0000][1][safepoint    ] Safepoint "RevokeBias", Time since last: 133205999 ns, Reaching safepoint: 1221467 ns, At safepoint: 35629 ns, Total: 1257096 ns
[2020-09-12T12:30:52.989+0000][1][safepoint    ] Safepoint "RevokeBias", Time since last: 1051676 ns, Reaching safepoint: 5636612 ns, At safepoint: 38420 ns, Total: 5675032 ns
[2020-09-12T12:30:53.033+0000][1][safepoint    ] Safepoint "RevokeBias", Time since last: 36190082 ns, Reaching safepoint: 7598601 ns, At safepoint: 38699 ns, Total: 7637300 ns
[2020-09-12T12:30:53.073+0000][1][safepoint    ] Safepoint "RevokeBias", Time since last: 39894920 ns, Reaching safepoint: 430200 ns, At safepoint: 25596 ns, Total: 455796 ns
[2020-09-12T12:30:53.321+0000][1][safepoint    ] Safepoint "RevokeBias", Time since last: 244479095 ns, Reaching safepoint: 3150431 ns, At safepoint: 35595 ns, Total: 3186026 ns
[2020-09-12T12:30:53.321+0000][1][safepoint    ] Safepoint "RevokeBias", Time since last: 116308 ns, Reaching safepoint: 49925 ns, At safepoint: 14551 ns, Total: 64476 ns
[2020-09-12T12:30:53.423+0000][1][safepoint    ] Safepoint "RevokeBias", Time since last: 95668804 ns, Reaching safepoint: 413148 ns, At safepoint: 6186483 ns, Total: 6599631 ns
[2020-09-12T12:30:53.424+0000][1][safepoint    ] Safepoint "RevokeBias", Time since last: 277642 ns, Reaching safepoint: 135345 ns, At safepoint: 51180 ns, Total: 186525 ns
[2020-09-12T12:30:53.425+0000][1][safepoint    ] Safepoint "RevokeBias", Time since last: 717838 ns, Reaching safepoint: 87546 ns, At safepoint: 19888 ns, Total: 107434 ns
[2020-09-12T12:30:53.426+0000][1][gc,start     ] GC(47) Pause Young (Allocation Failure)
[2020-09-12T12:30:53.426+0000][1][gc,task      ] GC(47) Using 2 workers of 2 for evacuation
[2020-09-12T12:30:53.477+0000][1][gc,age       ] GC(47) Desired survivor size 8716288 bytes, new threshold 1 (max threshold 6)
[2020-09-12T12:30:53.478+0000][1][gc,age       ] GC(47) Age table with threshold 1 (max threshold 6)
[2020-09-12T12:30:53.478+0000][1][gc,age       ] GC(47) - age   1:   10763584 bytes,   10763584 total
[2020-09-12T12:30:53.478+0000][1][gc,heap      ] GC(47) ParNew: 148431K->17024K(153344K)
[2020-09-12T12:30:53.478+0000][1][gc,heap      ] GC(47) CMS: 88511K->92549K(353920K)
[2020-09-12T12:30:53.478+0000][1][gc,metaspace ] GC(47) Metaspace: 95584K->95584K(1136640K)
[2020-09-12T12:30:53.478+0000][1][gc           ] GC(47) Pause Young (Allocation Failure) 231M->107M(495M) 51.966ms
[2020-09-12T12:30:53.478+0000][1][gc,cpu       ] GC(47) User=0.02s Sys=0.00s Real=0.05s
[2020-09-12T12:30:53.478+0000][1][safepoint    ] Safepoint "GenCollectForAllocation", Time since last: 944380 ns, Reaching safepoint: 155562 ns, At safepoint: 52029823 ns, Total: 52185385 ns
[2020-09-12T12:30:53.497+0000][1][safepoint    ] Safepoint "RevokeBias", Time since last: 18095380 ns, Reaching safepoint: 1009372 ns, At safepoint: 57072 ns, Total: 1066444 ns
[2020-09-12T12:30:53.505+0000][1][safepoint    ] Safepoint "RevokeBias", Time since last: 1637926 ns, Reaching safepoint: 6520742 ns, At safepoint: 35259 ns, Total: 6556001 ns
[2020-09-12T12:30:53.513+0000][1][safepoint    ] Safepoint "RevokeBias", Time since last: 6519484 ns, Reaching safepoint: 1247238 ns, At safepoint: 48653 ns, Total: 1295891 ns
[2020-09-12T12:30:53.518+0000][1][safepoint    ] Safepoint "RevokeBias", Time since last: 203322 ns, Reaching safepoint: 4797508 ns, At safepoint: 48496 ns, Total: 4846004 ns
[2020-09-12T12:30:53.518+0000][1][safepoint    ] Safepoint "RevokeBias", Time since last: 113653 ns, Reaching safepoint: 138444 ns, At safepoint: 29107 ns, Total: 167551 ns
[2020-09-12T12:30:53.535+0000][1][safepoint    ] Safepoint "RevokeBias", Time since last: 16813659 ns, Reaching safepoint: 250138 ns, At safepoint: 25465 ns, Total: 275603 ns
[2020-09-12T12:30:53.606+0000][1][safepoint    ] Safepoint "RevokeBias", Time since last: 55732425 ns, Reaching safepoint: 14486979 ns, At safepoint: 47899 ns, Total: 14534878 ns
[2020-09-12T12:30:53.609+0000][1][safepoint    ] Safepoint "RevokeBias", Time since last: 844135 ns, Reaching safepoint: 2637889 ns, At safepoint: 36261 ns, Total: 2674150 ns
[2020-09-12T12:30:53.610+0000][1][safepoint    ] Safepoint "RevokeBias", Time since last: 88072 ns, Reaching safepoint: 315776 ns, At safepoint: 23858 ns, Total: 339634 ns
[2020-09-12T12:30:53.613+0000][1][safepoint    ] Safepoint "RevokeBias", Time since last: 104510 ns, Reaching safepoint: 3355054 ns, At safepoint: 46794 ns, Total: 3401848 ns
[2020-09-12T12:30:53.613+0000][1][safepoint    ] Safepoint "RevokeBias", Time since last: 89610 ns, Reaching safepoint: 327952 ns, At safepoint: 22364 ns, Total: 350316 ns
[2020-09-12T12:30:53.614+0000][1][safepoint    ] Safepoint "RevokeBias", Time since last: 99969 ns, Reaching safepoint: 601275 ns, At safepoint: 21514 ns, Total: 622789 ns
[2020-09-12T12:30:53.642+0000][1][safepoint    ] Safepoint "RevokeBias", Time since last: 9846802 ns, Reaching safepoint: 12838749 ns, At safepoint: 5399927 ns, Total: 18238676 ns
[2020-09-12T12:30:53.644+0000][1][safepoint    ] Safepoint "RevokeBias", Time since last: 919676 ns, Reaching safepoint: 694144 ns, At safepoint: 56024 ns, Total: 750168 ns
[2020-09-12T12:30:53.644+0000][1][safepoint    ] Safepoint "RevokeBias", Time since last: 177997 ns, Reaching safepoint: 169898 ns, At safepoint: 42722 ns, Total: 212620 ns
[2020-09-12T12:30:53.647+0000][1][safepoint    ] Safepoint "RevokeBias", Time since last: 70453 ns, Reaching safepoint: 2137496 ns, At safepoint: 131706 ns, Total: 2269202 ns
[2020-09-12T12:30:53.653+0000][1][safepoint    ] Safepoint "RevokeBias", Time since last: 6419005 ns, Reaching safepoint: 304135 ns, At safepoint: 97412 ns, Total: 401547 ns
[2020-09-12T12:30:53.674+0000][1][safepoint    ] Safepoint "RevokeBias", Time since last: 15573030 ns, Reaching safepoint: 4904502 ns, At safepoint: 61427 ns, Total: 4965929 ns
[2020-09-12T12:30:53.675+0000][1][safepoint    ] Safepoint "RevokeBias", Time since last: 454688 ns, Reaching safepoint: 175739 ns, At safepoint: 37022 ns, Total: 212761 ns
[2020-09-12T12:30:53.675+0000][1][safepoint    ] Safepoint "RevokeBias", Time since last: 113699 ns, Reaching safepoint: 214423 ns, At safepoint: 28358 ns, Total: 242781 ns
[2020-09-12T12:30:53.676+0000][1][safepoint    ] Safepoint "RevokeBias", Time since last: 459000 ns, Reaching safepoint: 162785 ns, At safepoint: 23025 ns, Total: 185810 ns
[2020-09-12T12:30:53.778+0000][1][safepoint    ] Safepoint "ICBufferFull", Time since last: 101024433 ns, Reaching safepoint: 1180625 ns, At safepoint: 19810 ns, Total: 1200435 ns
[2020-09-12T12:30:53.785+0000][1][safepoint    ] Safepoint "RevokeBias", Time since last: 2499423 ns, Reaching safepoint: 4392888 ns, At safepoint: 45341 ns, Total: 4438229 ns
[2020-09-12T12:30:53.799+0000][1][safepoint    ] Safepoint "RevokeBias", Time since last: 10804679 ns, Reaching safepoint: 2856957 ns, At safepoint: 58656 ns, Total: 2915613 ns
[2020-09-12T12:30:53.811+0000][1][safepoint    ] Safepoint "RevokeBias", Time since last: 10458080 ns, Reaching safepoint: 1934103 ns, At safepoint: 39235 ns, Total: 1973338 ns
[2020-09-12T12:30:53.851+0000][1][safepoint    ] Safepoint "RevokeBias", Time since last: 32947883 ns, Reaching safepoint: 6776665 ns, At safepoint: 39563 ns, Total: 6816228 ns
[2020-09-12T12:30:53.973+0000][1][safepoint    ] Safepoint "RevokeBias", Time since last: 64507552 ns, Reaching safepoint: 6364328 ns, At safepoint: 809163 ns, Total: 7173491 ns
[2020-09-12T12:30:53.979+0000][1][safepoint    ] Safepoint "RevokeBias", Time since last: 50979622 ns, Reaching safepoint: 5133302 ns, At safepoint: 145953 ns, Total: 5279255 ns
[2020-09-12T12:30:53.981+0000][1][safepoint    ] Safepoint "RevokeBias", Time since last: 864322 ns, Reaching safepoint: 1154099 ns, At safepoint: 82854 ns, Total: 1236953 ns
[2020-09-12T12:30:54.009+0000][1][safepoint    ] Safepoint "RevokeBias", Time since last: 18875088 ns, Reaching safepoint: 9136968 ns, At safepoint: 86179 ns, Total: 9223147 ns
[2020-09-12T12:30:54.010+0000][1][safepoint    ] Safepoint "BulkRevokeBias", Time since last: 821559 ns, Reaching safepoint: 192399 ns, At safepoint: 400299 ns, Total: 592698 ns
[2020-09-12T12:30:54.060+0000][1][safepoint    ] Safepoint "RevokeBias", Time since last: 47946155 ns, Reaching safepoint: 1949330 ns, At safepoint: 43482 ns, Total: 1992812 ns
[2020-09-12T12:30:54.062+0000][1][safepoint    ] Safepoint "RevokeBias", Time since last: 872882 ns, Reaching safepoint: 386098 ns, At safepoint: 112065 ns, Total: 498163 ns
[2020-09-12T12:30:54.080+0000][1][safepoint    ] Safepoint "RevokeBias", Time since last: 16358533 ns, Reaching safepoint: 1514054 ns, At safepoint: 32485 ns, Total: 1546539 ns
[2020-09-12T12:30:54.081+0000][1][safepoint    ] Safepoint "RevokeBias", Time since last: 906097 ns, Reaching safepoint: 544741 ns, At safepoint: 31164 ns, Total: 575905 ns
[2020-09-12T12:30:54.144+0000][1][safepoint    ] Safepoint "RevokeBias", Time since last: 62564311 ns, Reaching safepoint: 626308 ns, At safepoint: 35191 ns, Total: 661499 ns
[2020-09-12T12:30:54.147+0000][1][safepoint    ] Safepoint "RevokeBias", Time since last: 98362 ns, Reaching safepoint: 2170501 ns, At safepoint: 37779 ns, Total: 2208280 ns
[2020-09-12T12:30:54.147+0000][1][safepoint    ] Safepoint "RevokeBias", Time since last: 556803 ns, Reaching safepoint: 118811 ns, At safepoint: 22338 ns, Total: 141149 ns
[2020-09-12T12:30:54.190+0000][1][safepoint    ] Safepoint "RevokeBias", Time since last: 41409397 ns, Reaching safepoint: 951931 ns, At safepoint: 98224 ns, Total: 1050155 ns
[2020-09-12T12:30:54.197+0000][1][safepoint    ] Safepoint "RevokeBias", Time since last: 6641514 ns, Reaching safepoint: 124721 ns, At safepoint: 28148 ns, Total: 152869 ns
[2020-09-12T12:30:54.264+0000][1][safepoint    ] Safepoint "RevokeBias", Time since last: 63006878 ns, Reaching safepoint: 3929878 ns, At safepoint: 53298 ns, Total: 3983176 ns
[2020-09-12T12:30:54.264+0000][1][safepoint    ] Safepoint "RevokeBias", Time since last: 276383 ns, Reaching safepoint: 376038 ns, At safepoint: 35799 ns, Total: 411837 ns
[2020-09-12T12:30:54.361+0000][1][safepoint    ] Safepoint "RevokeBias", Time since last: 86925380 ns, Reaching safepoint: 10232357 ns, At safepoint: 56463 ns, Total: 10288820 ns
[2020-09-12T12:30:54.398+0000][1][gc,start     ] GC(48) Pause Young (Allocation Failure)
[2020-09-12T12:30:54.398+0000][1][gc,task      ] GC(48) Using 2 workers of 2 for evacuation
[2020-09-12T12:30:54.443+0000][1][gc,age       ] GC(48) Desired survivor size 8716288 bytes, new threshold 6 (max threshold 6)
[2020-09-12T12:30:54.443+0000][1][gc,age       ] GC(48) Age table with threshold 6 (max threshold 6)
[2020-09-12T12:30:54.443+0000][1][gc,age       ] GC(48) - age   1:    2530424 bytes,    2530424 total
[2020-09-12T12:30:54.443+0000][1][gc,heap      ] GC(48) ParNew: 153344K->10230K(153344K)
[2020-09-12T12:30:54.443+0000][1][gc,heap      ] GC(48) CMS: 92549K->102557K(353920K)
[2020-09-12T12:30:54.443+0000][1][gc,metaspace ] GC(48) Metaspace: 95694K->95694K(1138688K)
[2020-09-12T12:30:54.443+0000][1][gc           ] GC(48) Pause Young (Allocation Failure) 240M->110M(495M) 45.536ms
[2020-09-12T12:30:54.443+0000][1][gc,cpu       ] GC(48) User=0.02s Sys=0.00s Real=0.05s
[2020-09-12T12:30:54.443+0000][1][safepoint    ] Safepoint "GenCollectForAllocation", Time since last: 35318578 ns, Reaching safepoint: 1129354 ns, At safepoint: 45609640 ns, Total: 46738994 ns
[2020-09-12T12:30:54.517+0000][1][safepoint    ] Safepoint "RevokeBias", Time since last: 70594521 ns, Reaching safepoint: 3050364 ns, At safepoint: 55947 ns, Total: 3106311 ns
[2020-09-12T12:30:54.525+0000][1][safepoint    ] Safepoint "BulkRevokeBias", Time since last: 1464679 ns, Reaching safepoint: 6105005 ns, At safepoint: 548301 ns, Total: 6653306 ns
[2020-09-12T12:30:54.546+0000][1][safepoint    ] Safepoint "RevokeBias", Time since last: 19684714 ns, Reaching safepoint: 645813 ns, At safepoint: 39474 ns, Total: 685287 ns
[2020-09-12T12:30:54.594+0000][1][safepoint    ] Safepoint "RevokeBias", Time since last: 46801609 ns, Reaching safepoint: 1192444 ns, At safepoint: 40296 ns, Total: 1232740 ns
[2020-09-12T12:30:54.598+0000][1][safepoint    ] Safepoint "RevokeBias", Time since last: 2717315 ns, Reaching safepoint: 1180419 ns, At safepoint: 44260 ns, Total: 1224679 ns
[2020-09-12T12:30:54.653+0000][1][safepoint    ] Safepoint "RevokeBias", Time since last: 54492152 ns, Reaching safepoint: 1215577 ns, At safepoint: 41916 ns, Total: 1257493 ns
[2020-09-12T12:30:54.783+0000][1][safepoint    ] Safepoint "RevokeBias", Time since last: 128667529 ns, Reaching safepoint: 1103690 ns, At safepoint: 33953 ns, Total: 1137643 ns
[2020-09-12T12:30:54.810+0000][1][safepoint    ] Safepoint "RevokeBias", Time since last: 27135698 ns, Reaching safepoint: 135761 ns, At safepoint: 26906 ns, Total: 162667 ns
[2020-09-12T12:30:54.850+0000][1][safepoint    ] Safepoint "RevokeBias", Time since last: 18278777 ns, Reaching safepoint: 21102495 ns, At safepoint: 114069 ns, Total: 21216564 ns
[2020-09-12T12:30:54.851+0000][1][safepoint    ] Safepoint "RevokeBias", Time since last: 914754 ns, Reaching safepoint: 109259 ns, At safepoint: 47558 ns, Total: 156817 ns
[2020-09-12T12:30:54.851+0000][1][safepoint    ] Safepoint "RevokeBias", Time since last: 248231 ns, Reaching safepoint: 139753 ns, At safepoint: 34184 ns, Total: 173937 ns
[2020-09-12T12:30:55.091+0000][1][safepoint    ] Safepoint "BulkRevokeBias", Time since last: 220957000 ns, Reaching safepoint: 17517369 ns, At safepoint: 1206104 ns, Total: 18723473 ns
[2020-09-12T12:30:55.133+0000][1][safepoint    ] Safepoint "RevokeBias", Time since last: 41342115 ns, Reaching safepoint: 396790 ns, At safepoint: 225273 ns, Total: 622063 ns
[2020-09-12T12:30:55.222+0000][1][gc,start     ] GC(49) Pause Young (Allocation Failure)
[2020-09-12T12:30:55.222+0000][1][gc,task      ] GC(49) Using 2 workers of 2 for evacuation
[2020-09-12T12:30:55.242+0000][1][gc,age       ] GC(49) Desired survivor size 8716288 bytes, new threshold 6 (max threshold 6)
[2020-09-12T12:30:55.242+0000][1][gc,age       ] GC(49) Age table with threshold 6 (max threshold 6)
[2020-09-12T12:30:55.242+0000][1][gc,age       ] GC(49) - age   1:    3111008 bytes,    3111008 total
[2020-09-12T12:30:55.242+0000][1][gc,age       ] GC(49) - age   2:     900112 bytes,    4011120 total
[2020-09-12T12:30:55.242+0000][1][gc,heap      ] GC(49) ParNew: 146220K->4199K(153344K)
[2020-09-12T12:30:55.242+0000][1][gc,heap      ] GC(49) CMS: 102557K->102557K(353920K)
[2020-09-12T12:30:55.242+0000][1][gc,metaspace ] GC(49) Metaspace: 95774K->95774K(1138688K)
[2020-09-12T12:30:55.242+0000][1][gc           ] GC(49) Pause Young (Allocation Failure) 242M->104M(495M) 20.569ms
[2020-09-12T12:30:55.242+0000][1][gc,cpu       ] GC(49) User=0.01s Sys=0.00s Real=0.02s
[2020-09-12T12:30:55.242+0000][1][safepoint    ] Safepoint "GenCollectForAllocation", Time since last: 84064778 ns, Reaching safepoint: 4462230 ns, At safepoint: 20641692 ns, Total: 25103922 ns
[2020-09-12T12:30:55.355+0000][1][safepoint    ] Safepoint "RevokeBias", Time since last: 107184766 ns, Reaching safepoint: 5957933 ns, At safepoint: 38567 ns, Total: 5996500 ns
[2020-09-12T12:30:55.479+0000][1][safepoint    ] Safepoint "RevokeBias", Time since last: 118533748 ns, Reaching safepoint: 4577355 ns, At safepoint: 212244 ns, Total: 4789599 ns
[2020-09-12T12:30:55.483+0000][1][safepoint    ] Safepoint "RevokeBias", Time since last: 90983 ns, Reaching safepoint: 3926732 ns, At safepoint: 40154 ns, Total: 3966886 ns
[2020-09-12T12:30:55.486+0000][1][safepoint    ] Safepoint "RevokeBias", Time since last: 2470141 ns, Reaching safepoint: 708912 ns, At safepoint: 34559 ns, Total: 743471 ns
[2020-09-12T12:30:55.525+0000][1][safepoint    ] Safepoint "RevokeBias", Time since last: 33331251 ns, Reaching safepoint: 5516243 ns, At safepoint: 36093 ns, Total: 5552336 ns
[2020-09-12T12:30:55.817+0000][1][safepoint    ] Safepoint "RevokeBias", Time since last: 288069266 ns, Reaching safepoint: 3485512 ns, At safepoint: 44828 ns, Total: 3530340 ns
[2020-09-12T12:30:55.871+0000][1][safepoint    ] Safepoint "RevokeBias", Time since last: 44144390 ns, Reaching safepoint: 10613206 ns, At safepoint: 39119 ns, Total: 10652325 ns
[2020-09-12T12:30:56.255+0000][1][safepoint    ] Safepoint "RevokeBias", Time since last: 383314204 ns, Reaching safepoint: 127371 ns, At safepoint: 23725 ns, Total: 151096 ns
[2020-09-12T12:30:56.301+0000][1][safepoint    ] Safepoint "RevokeBias", Time since last: 46375278 ns, Reaching safepoint: 144960 ns, At safepoint: 29506 ns, Total: 174466 ns
[2020-09-12T12:30:56.307+0000][1][safepoint    ] Safepoint "RevokeBias", Time since last: 5648601 ns, Reaching safepoint: 278328 ns, At safepoint: 29348 ns, Total: 307676 ns
[2020-09-12T12:30:56.550+0000][1][safepoint    ] Safepoint "RevokeBias", Time since last: 239269155 ns, Reaching safepoint: 3297799 ns, At safepoint: 36016 ns, Total: 3333815 ns
[2020-09-12T12:30:56.550+0000][1][safepoint    ] Safepoint "RevokeBias", Time since last: 91628 ns, Reaching safepoint: 135284 ns, At safepoint: 19115 ns, Total: 154399 ns
[2020-09-12T12:30:56.550+0000][1][safepoint    ] Safepoint "RevokeBias", Time since last: 40067 ns, Reaching safepoint: 144876 ns, At safepoint: 18931 ns, Total: 163807 ns
[2020-09-12T12:30:56.551+0000][1][safepoint    ] Safepoint "RevokeBias", Time since last: 39237 ns, Reaching safepoint: 768543 ns, At safepoint: 30464 ns, Total: 799007 ns
[2020-09-12T12:30:56.596+0000][1][safepoint    ] Safepoint "RevokeBias", Time since last: 45137083 ns, Reaching safepoint: 119155 ns, At safepoint: 23833 ns, Total: 142988 ns
[2020-09-12T12:30:56.605+0000][1][safepoint    ] Safepoint "RevokeBias", Time since last: 8209729 ns, Reaching safepoint: 113261 ns, At safepoint: 24757 ns, Total: 138018 ns
[2020-09-12T12:30:56.606+0000][1][safepoint    ] Safepoint "RevokeBias", Time since last: 1237263 ns, Reaching safepoint: 86441 ns, At safepoint: 19663 ns, Total: 106104 ns
[2020-09-12T12:30:56.610+0000][1][safepoint    ] Safepoint "RevokeBias", Time since last: 3180991 ns, Reaching safepoint: 160044 ns, At safepoint: 26415 ns, Total: 186459 ns
[2020-09-12T12:30:56.610+0000][1][safepoint    ] Safepoint "RevokeBias", Time since last: 306824 ns, Reaching safepoint: 53203 ns, At safepoint: 15849 ns, Total: 69052 ns
[2020-09-12T12:30:56.613+0000][1][safepoint    ] Safepoint "RevokeBias", Time since last: 2774808 ns, Reaching safepoint: 138911 ns, At safepoint: 26192 ns, Total: 165103 ns
[2020-09-12T12:30:56.924+0000][1][safepoint    ] Safepoint "RevokeBias", Time since last: 295828911 ns, Reaching safepoint: 14654963 ns, At safepoint: 193928 ns, Total: 14848891 ns
[2020-09-12T12:30:57.380+0000][1][safepoint    ] Safepoint "RevokeBias", Time since last: 456567512 ns, Reaching safepoint: 119453 ns, At safepoint: 24631 ns, Total: 144084 ns
[2020-09-12T12:30:57.695+0000][1][gc,start     ] GC(50) Pause Young (Allocation Failure)
[2020-09-12T12:30:57.695+0000][1][gc,task      ] GC(50) Using 2 workers of 2 for evacuation
[2020-09-12T12:30:57.712+0000][1][gc,age       ] GC(50) Desired survivor size 8716288 bytes, new threshold 6 (max threshold 6)
[2020-09-12T12:30:57.712+0000][1][gc,age       ] GC(50) Age table with threshold 6 (max threshold 6)
[2020-09-12T12:30:57.712+0000][1][gc,age       ] GC(50) - age   1:    2916776 bytes,    2916776 total
[2020-09-12T12:30:57.712+0000][1][gc,age       ] GC(50) - age   2:     262984 bytes,    3179760 total
[2020-09-12T12:30:57.712+0000][1][gc,age       ] GC(50) - age   3:     795696 bytes,    3975456 total
[2020-09-12T12:30:57.712+0000][1][gc,heap      ] GC(50) ParNew: 140254K->4957K(153344K)
[2020-09-12T12:30:57.712+0000][1][gc,heap      ] GC(50) CMS: 102557K->102557K(353920K)
[2020-09-12T12:30:57.712+0000][1][gc,metaspace ] GC(50) Metaspace: 95946K->95946K(1138688K)
[2020-09-12T12:30:57.712+0000][1][gc           ] GC(50) Pause Young (Allocation Failure) 237M->104M(495M) 17.475ms
[2020-09-12T12:30:57.712+0000][1][gc,cpu       ] GC(50) User=0.02s Sys=0.00s Real=0.02s
[2020-09-12T12:30:57.712+0000][1][safepoint    ] Safepoint "GenCollectForAllocation", Time since last: 307798078 ns, Reaching safepoint: 6831800 ns, At safepoint: 17550455 ns, Total: 24382255 ns
[2020-09-12T12:30:57.715+0000][1][safepoint    ] Safepoint "RevokeBias", Time since last: 2137427 ns, Reaching safepoint: 238686 ns, At safepoint: 29050 ns, Total: 267736 ns
[2020-09-12T12:30:57.719+0000][1][safepoint    ] Safepoint "RevokeBias", Time since last: 2433287 ns, Reaching safepoint: 1315030 ns, At safepoint: 45604 ns, Total: 1360634 ns
[2020-09-12T12:30:57.733+0000][1][safepoint    ] Safepoint "RevokeBias", Time since last: 6506738 ns, Reaching safepoint: 7686734 ns, At safepoint: 42133 ns, Total: 7728867 ns
[2020-09-12T12:30:57.899+0000][1][safepoint    ] Safepoint "RevokeBias", Time since last: 165498303 ns, Reaching safepoint: 163837 ns, At safepoint: 26145 ns, Total: 189982 ns
[2020-09-12T12:30:58.069+0000][1][safepoint    ] Safepoint "RevokeBias", Time since last: 167635836 ns, Reaching safepoint: 2664656 ns, At safepoint: 38342 ns, Total: 2702998 ns
[2020-09-12T12:30:58.163+0000][1][safepoint    ] Safepoint "RevokeBias", Time since last: 93927189 ns, Reaching safepoint: 161832 ns, At safepoint: 26391 ns, Total: 188223 ns
[2020-09-12T12:30:58.181+0000][1][safepoint    ] Safepoint "RevokeBias", Time since last: 17685790 ns, Reaching safepoint: 157967 ns, At safepoint: 29438 ns, Total: 187405 ns
[2020-09-12T12:30:58.332+0000][1][safepoint    ] Safepoint "RevokeBias", Time since last: 150685131 ns, Reaching safepoint: 145887 ns, At safepoint: 36264 ns, Total: 182151 ns
[2020-09-12T12:30:58.493+0000][1][safepoint    ] Safepoint "RevokeBias", Time since last: 160787172 ns, Reaching safepoint: 146991 ns, At safepoint: 24720 ns, Total: 171711 ns
[2020-09-12T12:30:58.910+0000][1][safepoint    ] Safepoint "BulkRevokeBias", Time since last: 415997382 ns, Reaching safepoint: 240843 ns, At safepoint: 579963 ns, Total: 820806 ns
[2020-09-12T12:30:59.148+0000][1][safepoint    ] Safepoint "RevokeBias", Time since last: 238484106 ns, Reaching safepoint: 162141 ns, At safepoint: 26713 ns, Total: 188854 ns
[2020-09-12T12:30:59.245+0000][1][safepoint    ] Safepoint "RevokeBias", Time since last: 96582013 ns, Reaching safepoint: 360853 ns, At safepoint: 161356 ns, Total: 522209 ns
[2020-09-12T12:30:59.703+0000][1][safepoint    ] Safepoint "RevokeBias", Time since last: 457196828 ns, Reaching safepoint: 153083 ns, At safepoint: 25624 ns, Total: 178707 ns
[2020-09-12T12:30:59.709+0000][1][safepoint    ] Safepoint "RevokeBias", Time since last: 6142460 ns, Reaching safepoint: 147375 ns, At safepoint: 26766 ns, Total: 174141 ns
[2020-09-12T12:30:59.773+0000][1][safepoint    ] Safepoint "RevokeBias", Time since last: 63393761 ns, Reaching safepoint: 582707 ns, At safepoint: 26076 ns, Total: 608783 ns
[2020-09-12T12:30:59.925+0000][1][safepoint    ] Safepoint "RevokeBias", Time since last: 151677378 ns, Reaching safepoint: 119188 ns, At safepoint: 27206 ns, Total: 146394 ns
[2020-09-12T12:31:00.189+0000][1][safepoint    ] Safepoint "RevokeBias", Time since last: 263957480 ns, Reaching safepoint: 298545 ns, At safepoint: 202754 ns, Total: 501299 ns
[2020-09-12T12:31:00.378+0000][1][safepoint    ] Safepoint "RevokeBias", Time since last: 188471036 ns, Reaching safepoint: 131790 ns, At safepoint: 23386 ns, Total: 155176 ns
[2020-09-12T12:31:00.515+0000][1][safepoint    ] Safepoint "RevokeBias", Time since last: 136674116 ns, Reaching safepoint: 124707 ns, At safepoint: 30128 ns, Total: 154835 ns
[2020-09-12T12:31:00.733+0000][1][safepoint    ] Safepoint "RevokeBias", Time since last: 210176367 ns, Reaching safepoint: 8154409 ns, At safepoint: 35530 ns, Total: 8189939 ns
[2020-09-12T12:31:00.738+0000][1][safepoint    ] Safepoint "RevokeBias", Time since last: 3486292 ns, Reaching safepoint: 1706136 ns, At safepoint: 205204 ns, Total: 1911340 ns
[2020-09-12T12:31:01.093+0000][1][safepoint    ] Safepoint "RevokeBias", Time since last: 354386302 ns, Reaching safepoint: 138892 ns, At safepoint: 25817 ns, Total: 164709 ns
[2020-09-12T12:31:01.151+0000][1][safepoint    ] Safepoint "RevokeBias", Time since last: 54882289 ns, Reaching safepoint: 2914741 ns, At safepoint: 34653 ns, Total: 2949394 ns
[2020-09-12T12:31:01.287+0000][1][safepoint    ] Safepoint "RevokeBias", Time since last: 133028278 ns, Reaching safepoint: 3084591 ns, At safepoint: 45647 ns, Total: 3130238 ns
[2020-09-12T12:31:01.310+0000][1][gc,start     ] GC(51) Pause Young (Allocation Failure)
[2020-09-12T12:31:01.310+0000][1][gc,task      ] GC(51) Using 2 workers of 2 for evacuation
[2020-09-12T12:31:01.324+0000][1][gc,age       ] GC(51) Desired survivor size 8716288 bytes, new threshold 6 (max threshold 6)
[2020-09-12T12:31:01.324+0000][1][gc,age       ] GC(51) Age table with threshold 6 (max threshold 6)
[2020-09-12T12:31:01.324+0000][1][gc,age       ] GC(51) - age   1:    1502376 bytes,    1502376 total
[2020-09-12T12:31:01.324+0000][1][gc,age       ] GC(51) - age   2:     485864 bytes,    1988240 total
[2020-09-12T12:31:01.324+0000][1][gc,age       ] GC(51) - age   3:      82416 bytes,    2070656 total
[2020-09-12T12:31:01.324+0000][1][gc,age       ] GC(51) - age   4:      42536 bytes,    2113192 total
[2020-09-12T12:31:01.324+0000][1][gc,heap      ] GC(51) ParNew: 141208K->3268K(153344K)
[2020-09-12T12:31:01.324+0000][1][gc,heap      ] GC(51) CMS: 102557K->102557K(353920K)
[2020-09-12T12:31:01.324+0000][1][gc,metaspace ] GC(51) Metaspace: 96081K->96081K(1138688K)
[2020-09-12T12:31:01.324+0000][1][gc           ] GC(51) Pause Young (Allocation Failure) 238M->103M(495M) 13.816ms
[2020-09-12T12:31:01.324+0000][1][gc,cpu       ] GC(51) User=0.01s Sys=0.00s Real=0.01s
[2020-09-12T12:31:01.324+0000][1][safepoint    ] Safepoint "GenCollectForAllocation", Time since last: 20295087 ns, Reaching safepoint: 2811260 ns, At safepoint: 13889581 ns, Total: 16700841 ns
[2020-09-12T12:31:01.485+0000][1][safepoint    ] Safepoint "RevokeBias", Time since last: 148917296 ns, Reaching safepoint: 11987829 ns, At safepoint: 201078 ns, Total: 12188907 ns
[2020-09-12T12:31:01.897+0000][1][safepoint    ] Safepoint "RevokeBias", Time since last: 412141300 ns, Reaching safepoint: 135736 ns, At safepoint: 23337 ns, Total: 159073 ns
[2020-09-12T12:31:02.092+0000][1][safepoint    ] Safepoint "RevokeBias", Time since last: 194678241 ns, Reaching safepoint: 252798 ns, At safepoint: 27204 ns, Total: 280002 ns
[2020-09-12T12:31:02.329+0000][1][safepoint    ] Safepoint "RevokeBias", Time since last: 235882810 ns, Reaching safepoint: 186224 ns, At safepoint: 39657 ns, Total: 225881 ns
[2020-09-12T12:31:02.435+0000][1][safepoint    ] Safepoint "RevokeBias", Time since last: 106416299 ns, Reaching safepoint: 204483 ns, At safepoint: 24388 ns, Total: 228871 ns
[2020-09-12T12:31:02.570+0000][1][safepoint    ] Safepoint "RevokeBias", Time since last: 134485807 ns, Reaching safepoint: 289690 ns, At safepoint: 249797 ns, Total: 539487 ns
[2020-09-12T12:31:02.573+0000][1][safepoint    ] Safepoint "RevokeBias", Time since last: 2339141 ns, Reaching safepoint: 237096 ns, At safepoint: 187019 ns, Total: 424115 ns
[2020-09-12T12:31:02.797+0000][1][safepoint    ] Safepoint "RevokeBias", Time since last: 199587119 ns, Reaching safepoint: 24357653 ns, At safepoint: 156657 ns, Total: 24514310 ns
[2020-09-12T12:31:02.806+0000][1][safepoint    ] Safepoint "RevokeBias", Time since last: 413132 ns, Reaching safepoint: 8744275 ns, At safepoint: 227731 ns, Total: 8972006 ns
[2020-09-12T12:31:02.873+0000][1][safepoint    ] Safepoint "RevokeBias", Time since last: 63718510 ns, Reaching safepoint: 2747351 ns, At safepoint: 46091 ns, Total: 2793442 ns
[2020-09-12T12:31:02.956+0000][1][safepoint    ] Safepoint "RevokeBias", Time since last: 82793388 ns, Reaching safepoint: 341105 ns, At safepoint: 31269 ns, Total: 372374 ns
[2020-09-12T12:31:02.966+0000][1][safepoint    ] Safepoint "RevokeBias", Time since last: 2193840 ns, Reaching safepoint: 7971079 ns, At safepoint: 39189 ns, Total: 8010268 ns
[2020-09-12T12:31:03.428+0000][1][safepoint    ] Safepoint "RevokeBias", Time since last: 458813415 ns, Reaching safepoint: 2351265 ns, At safepoint: 34276 ns, Total: 2385541 ns
[2020-09-12T12:31:03.450+0000][1][safepoint    ] Safepoint "RevokeBias", Time since last: 22305475 ns, Reaching safepoint: 512234 ns, At safepoint: 28129 ns, Total: 540363 ns
[2020-09-12T12:31:03.532+0000][1][safepoint    ] Safepoint "RevokeBias", Time since last: 81598661 ns, Reaching safepoint: 236646 ns, At safepoint: 26333 ns, Total: 262979 ns
[2020-09-12T12:31:03.737+0000][1][safepoint    ] Safepoint "RevokeBias", Time since last: 201241017 ns, Reaching safepoint: 3397825 ns, At safepoint: 219782 ns, Total: 3617607 ns
[2020-09-12T12:31:03.744+0000][1][safepoint    ] Safepoint "BulkRevokeBias", Time since last: 89570 ns, Reaching safepoint: 6589453 ns, At safepoint: 681617 ns, Total: 7271070 ns
[2020-09-12T12:31:03.829+0000][1][gc,start     ] GC(52) Pause Young (Allocation Failure)
[2020-09-12T12:31:03.829+0000][1][gc,task      ] GC(52) Using 2 workers of 2 for evacuation
[2020-09-12T12:31:03.856+0000][1][gc,age       ] GC(52) Desired survivor size 8716288 bytes, new threshold 6 (max threshold 6)
[2020-09-12T12:31:03.856+0000][1][gc,age       ] GC(52) Age table with threshold 6 (max threshold 6)
[2020-09-12T12:31:03.856+0000][1][gc,age       ] GC(52) - age   1:    3281392 bytes,    3281392 total
[2020-09-12T12:31:03.856+0000][1][gc,age       ] GC(52) - age   2:     311720 bytes,    3593112 total
[2020-09-12T12:31:03.856+0000][1][gc,age       ] GC(52) - age   3:     481392 bytes,    4074504 total
[2020-09-12T12:31:03.856+0000][1][gc,age       ] GC(52) - age   4:      80408 bytes,    4154912 total
[2020-09-12T12:31:03.856+0000][1][gc,age       ] GC(52) - age   5:      40680 bytes,    4195592 total
[2020-09-12T12:31:03.856+0000][1][gc,heap      ] GC(52) ParNew: 139588K->4729K(153344K)
[2020-09-12T12:31:03.856+0000][1][gc,heap      ] GC(52) CMS: 102557K->102557K(353920K)
[2020-09-12T12:31:03.856+0000][1][gc,metaspace ] GC(52) Metaspace: 96152K->96152K(1138688K)
[2020-09-12T12:31:03.856+0000][1][gc           ] GC(52) Pause Young (Allocation Failure) 236M->104M(495M) 26.592ms
[2020-09-12T12:31:03.856+0000][1][gc,cpu       ] GC(52) User=0.01s Sys=0.00s Real=0.02s
[2020-09-12T12:31:03.856+0000][1][safepoint    ] Safepoint "GenCollectForAllocation", Time since last: 84245807 ns, Reaching safepoint: 387308 ns, At safepoint: 26660484 ns, Total: 27047792 ns
[2020-09-12T12:31:03.886+0000][1][safepoint    ] Safepoint "RevokeBias", Time since last: 29952195 ns, Reaching safepoint: 243911 ns, At safepoint: 29078 ns, Total: 272989 ns
[2020-09-12T12:31:03.898+0000][1][safepoint    ] Safepoint "RevokeBias", Time since last: 11763072 ns, Reaching safepoint: 248364 ns, At safepoint: 26842 ns, Total: 275206 ns
[2020-09-12T12:31:04.028+0000][1][safepoint    ] Safepoint "RevokeBias", Time since last: 130135421 ns, Reaching safepoint: 237154 ns, At safepoint: 27148 ns, Total: 264302 ns
[2020-09-12T12:31:04.073+0000][1][safepoint    ] Safepoint "RevokeBias", Time since last: 44488415 ns, Reaching safepoint: 313111 ns, At safepoint: 27949 ns, Total: 341060 ns
[2020-09-12T12:31:04.218+0000][1][safepoint    ] Safepoint "RevokeBias", Time since last: 141849428 ns, Reaching safepoint: 2871199 ns, At safepoint: 37925 ns, Total: 2909124 ns
[2020-09-12T12:31:04.322+0000][1][safepoint    ] Safepoint "RevokeBias", Time since last: 104217258 ns, Reaching safepoint: 112379 ns, At safepoint: 23267 ns, Total: 135646 ns
[2020-09-12T12:31:04.412+0000][1][safepoint    ] Safepoint "RevokeBias", Time since last: 74731616 ns, Reaching safepoint: 14720106 ns, At safepoint: 41014 ns, Total: 14761120 ns
[2020-09-12T12:31:04.808+0000][1][safepoint    ] Safepoint "RevokeBias", Time since last: 381453743 ns, Reaching safepoint: 14872501 ns, At safepoint: 43857 ns, Total: 14916358 ns
[2020-09-12T12:31:04.810+0000][1][safepoint    ] Safepoint "RevokeBias", Time since last: 465591 ns, Reaching safepoint: 1418109 ns, At safepoint: 40379 ns, Total: 1458488 ns
[2020-09-12T12:31:05.021+0000][1][safepoint    ] Safepoint "RevokeBias", Time since last: 210904018 ns, Reaching safepoint: 153311 ns, At safepoint: 24264 ns, Total: 177575 ns
[2020-09-12T12:31:05.149+0000][1][safepoint    ] Safepoint "RevokeBias", Time since last: 123711881 ns, Reaching safepoint: 3930178 ns, At safepoint: 268286 ns, Total: 4198464 ns
[2020-09-12T12:31:05.151+0000][1][safepoint    ] Safepoint "RevokeBias", Time since last: 101092 ns, Reaching safepoint: 1149041 ns, At safepoint: 153489 ns, Total: 1302530 ns
[2020-09-12T12:31:05.216+0000][1][gc,start     ] GC(53) Pause Young (Allocation Failure)
[2020-09-12T12:31:05.217+0000][1][gc,task      ] GC(53) Using 2 workers of 2 for evacuation
[2020-09-12T12:31:05.234+0000][1][gc,age       ] GC(53) Desired survivor size 8716288 bytes, new threshold 6 (max threshold 6)
[2020-09-12T12:31:05.234+0000][1][gc,age       ] GC(53) Age table with threshold 6 (max threshold 6)
[2020-09-12T12:31:05.234+0000][1][gc,age       ] GC(53) - age   1:    2612488 bytes,    2612488 total
[2020-09-12T12:31:05.234+0000][1][gc,age       ] GC(53) - age   2:      25312 bytes,    2637800 total
[2020-09-12T12:31:05.234+0000][1][gc,age       ] GC(53) - age   3:     121616 bytes,    2759416 total
[2020-09-12T12:31:05.234+0000][1][gc,age       ] GC(53) - age   4:     313904 bytes,    3073320 total
[2020-09-12T12:31:05.234+0000][1][gc,age       ] GC(53) - age   5:      14072 bytes,    3087392 total
[2020-09-12T12:31:05.234+0000][1][gc,age       ] GC(53) - age   6:      38536 bytes,    3125928 total
[2020-09-12T12:31:05.234+0000][1][gc,heap      ] GC(53) ParNew: 141049K->5496K(153344K)
[2020-09-12T12:31:05.234+0000][1][gc,heap      ] GC(53) CMS: 102557K->102557K(353920K)
[2020-09-12T12:31:05.235+0000][1][gc,metaspace ] GC(53) Metaspace: 96237K->96237K(1138688K)
[2020-09-12T12:31:05.235+0000][1][gc           ] GC(53) Pause Young (Allocation Failure) 237M->105M(495M) 18.268ms
[2020-09-12T12:31:05.235+0000][1][gc,cpu       ] GC(53) User=0.01s Sys=0.00s Real=0.02s
[2020-09-12T12:31:05.235+0000][1][safepoint    ] Safepoint "GenCollectForAllocation", Time since last: 55846519 ns, Reaching safepoint: 10088588 ns, At safepoint: 18450312 ns, Total: 28538900 ns
[2020-09-12T12:31:05.446+0000][1][safepoint    ] Safepoint "RevokeBias", Time since last: 211327324 ns, Reaching safepoint: 123620 ns, At safepoint: 24709 ns, Total: 148329 ns
[2020-09-12T12:31:05.600+0000][1][safepoint    ] Safepoint "BulkRevokeBias", Time since last: 152683426 ns, Reaching safepoint: 123642 ns, At safepoint: 366061 ns, Total: 489703 ns
[2020-09-12T12:31:05.895+0000][1][safepoint    ] Safepoint "RevokeBias", Time since last: 294697825 ns, Reaching safepoint: 233294 ns, At safepoint: 26057 ns, Total: 259351 ns
[2020-09-12T12:31:05.895+0000][1][safepoint    ] Safepoint "RevokeBias", Time since last: 82145 ns, Reaching safepoint: 166549 ns, At safepoint: 17124 ns, Total: 183673 ns
[2020-09-12T12:31:06.475+0000][1][safepoint    ] Safepoint "RevokeBias", Time since last: 580137990 ns, Reaching safepoint: 271448 ns, At safepoint: 157158 ns, Total: 428606 ns
[2020-09-12T12:31:06.855+0000][1][safepoint    ] Safepoint "RevokeBias", Time since last: 379568095 ns, Reaching safepoint: 148967 ns, At safepoint: 25723 ns, Total: 174690 ns
[2020-09-12T12:31:06.866+0000][1][safepoint    ] Safepoint "RevokeBias", Time since last: 11035411 ns, Reaching safepoint: 286613 ns, At safepoint: 27685 ns, Total: 314298 ns
[2020-09-12T12:31:07.867+0000][1][safepoint    ] Safepoint "Cleanup", Time since last: 1000119272 ns, Reaching safepoint: 125310 ns, At safepoint: 9175 ns, Total: 134485 ns
[2020-09-12T12:31:08.381+0000][1][safepoint    ] Safepoint "RevokeBias", Time since last: 513998528 ns, Reaching safepoint: 362078 ns, At safepoint: 204409 ns, Total: 566487 ns
[2020-09-12T12:31:08.439+0000][1][gc,start     ] GC(54) Pause Young (Allocation Failure)
[2020-09-12T12:31:08.439+0000][1][gc,task      ] GC(54) Using 2 workers of 2 for evacuation
[2020-09-12T12:31:08.461+0000][1][gc,age       ] GC(54) Desired survivor size 8716288 bytes, new threshold 6 (max threshold 6)
[2020-09-12T12:31:08.462+0000][1][gc,age       ] GC(54) Age table with threshold 6 (max threshold 6)
[2020-09-12T12:31:08.462+0000][1][gc,age       ] GC(54) - age   1:    3209336 bytes,    3209336 total
[2020-09-12T12:31:08.462+0000][1][gc,age       ] GC(54) - age   2:     338624 bytes,    3547960 total
[2020-09-12T12:31:08.462+0000][1][gc,age       ] GC(54) - age   3:      18912 bytes,    3566872 total
[2020-09-12T12:31:08.462+0000][1][gc,age       ] GC(54) - age   4:     120000 bytes,    3686872 total
[2020-09-12T12:31:08.462+0000][1][gc,age       ] GC(54) - age   5:     313824 bytes,    4000696 total
[2020-09-12T12:31:08.462+0000][1][gc,age       ] GC(54) - age   6:      14072 bytes,    4014768 total
[2020-09-12T12:31:08.462+0000][1][gc,heap      ] GC(54) ParNew: 141816K->5151K(153344K)
[2020-09-12T12:31:08.462+0000][1][gc,heap      ] GC(54) CMS: 102557K->102595K(353920K)
[2020-09-12T12:31:08.462+0000][1][gc,metaspace ] GC(54) Metaspace: 96300K->96300K(1138688K)
[2020-09-12T12:31:08.462+0000][1][gc           ] GC(54) Pause Young (Allocation Failure) 238M->105M(495M) 23.090ms
[2020-09-12T12:31:08.462+0000][1][gc,cpu       ] GC(54) User=0.01s Sys=0.00s Real=0.03s
[2020-09-12T12:31:08.462+0000][1][safepoint    ] Safepoint "GenCollectForAllocation", Time since last: 57058682 ns, Reaching safepoint: 231120 ns, At safepoint: 23160071 ns, Total: 23391191 ns
[2020-09-12T12:31:08.633+0000][1][safepoint    ] Safepoint "RevokeBias", Time since last: 171409733 ns, Reaching safepoint: 110259 ns, At safepoint: 23245 ns, Total: 133504 ns
[2020-09-12T12:31:08.635+0000][1][safepoint    ] Safepoint "RevokeBias", Time since last: 2029172 ns, Reaching safepoint: 146342 ns, At safepoint: 23489 ns, Total: 169831 ns
[2020-09-12T12:31:08.790+0000][1][safepoint    ] Safepoint "RevokeBias", Time since last: 151218574 ns, Reaching safepoint: 2997407 ns, At safepoint: 36580 ns, Total: 3033987 ns
[2020-09-12T12:31:08.974+0000][1][safepoint    ] Safepoint "RevokeBias", Time since last: 177765598 ns, Reaching safepoint: 6109522 ns, At safepoint: 220474 ns, Total: 6329996 ns
[2020-09-12T12:31:10.568+0000][1][safepoint    ] Safepoint "Cleanup", Time since last: 1593938952 ns, Reaching safepoint: 185544 ns, At safepoint: 6990 ns, Total: 192534 ns
[2020-09-12T12:31:11.568+0000][1][safepoint    ] Safepoint "Cleanup", Time since last: 1000101972 ns, Reaching safepoint: 123300 ns, At safepoint: 12149 ns, Total: 135449 ns
[2020-09-12T12:31:12.108+0000][1][gc,start     ] GC(55) Pause Young (Allocation Failure)
[2020-09-12T12:31:12.108+0000][1][gc,task      ] GC(55) Using 2 workers of 2 for evacuation
[2020-09-12T12:31:12.115+0000][1][gc,age       ] GC(55) Desired survivor size 8716288 bytes, new threshold 6 (max threshold 6)
[2020-09-12T12:31:12.115+0000][1][gc,age       ] GC(55) Age table with threshold 6 (max threshold 6)
[2020-09-12T12:31:12.115+0000][1][gc,age       ] GC(55) - age   1:     312512 bytes,     312512 total
[2020-09-12T12:31:12.115+0000][1][gc,age       ] GC(55) - age   2:      76568 bytes,     389080 total
[2020-09-12T12:31:12.115+0000][1][gc,age       ] GC(55) - age   3:     204568 bytes,     593648 total
[2020-09-12T12:31:12.115+0000][1][gc,age       ] GC(55) - age   4:      18144 bytes,     611792 total
[2020-09-12T12:31:12.115+0000][1][gc,age       ] GC(55) - age   5:      44680 bytes,     656472 total
[2020-09-12T12:31:12.115+0000][1][gc,age       ] GC(55) - age   6:     313488 bytes,     969960 total
[2020-09-12T12:31:12.115+0000][1][gc,heap      ] GC(55) ParNew: 141471K->3455K(153344K)
[2020-09-12T12:31:12.115+0000][1][gc,heap      ] GC(55) CMS: 102595K->102609K(353920K)
[2020-09-12T12:31:12.115+0000][1][gc,metaspace ] GC(55) Metaspace: 96375K->96375K(1138688K)
[2020-09-12T12:31:12.115+0000][1][gc           ] GC(55) Pause Young (Allocation Failure) 238M->103M(495M) 7.310ms
[2020-09-12T12:31:12.115+0000][1][gc,cpu       ] GC(55) User=0.01s Sys=0.00s Real=0.01s
[2020-09-12T12:31:12.115+0000][1][safepoint    ] Safepoint "GenCollectForAllocation", Time since last: 537380378 ns, Reaching safepoint: 2084204 ns, At safepoint: 7381222 ns, Total: 9465426 ns
[2020-09-12T12:31:13.115+0000][1][safepoint    ] Safepoint "Cleanup", Time since last: 1000139750 ns, Reaching safepoint: 236814 ns, At safepoint: 33153 ns, Total: 269967 ns
[2020-09-12T12:31:14.116+0000][1][safepoint    ] Safepoint "Cleanup", Time since last: 1000169131 ns, Reaching safepoint: 688297 ns, At safepoint: 17991 ns, Total: 706288 ns
[2020-09-12T12:31:14.172+0000][1][safepoint    ] Safepoint "RevokeBias", Time since last: 55610351 ns, Reaching safepoint: 122515 ns, At safepoint: 27452 ns, Total: 149967 ns
[2020-09-12T12:31:15.174+0000][1][safepoint    ] Safepoint "Cleanup", Time since last: 1001143534 ns, Reaching safepoint: 298078 ns, At safepoint: 40831 ns, Total: 338909 ns
[2020-09-12T12:31:16.174+0000][1][safepoint    ] Safepoint "Cleanup", Time since last: 1000193704 ns, Reaching safepoint: 196820 ns, At safepoint: 16006 ns, Total: 212826 ns
[2020-09-12T12:31:17.174+0000][1][safepoint    ] Safepoint "Cleanup", Time since last: 1000210340 ns, Reaching safepoint: 224154 ns, At safepoint: 34573 ns, Total: 258727 ns
[2020-09-12T12:31:18.175+0000][1][safepoint    ] Safepoint "Cleanup", Time since last: 1000195600 ns, Reaching safepoint: 254655 ns, At safepoint: 34272 ns, Total: 288927 ns
[2020-09-12T12:31:19.175+0000][1][safepoint    ] Safepoint "Cleanup", Time since last: 1000282051 ns, Reaching safepoint: 142326 ns, At safepoint: 15482 ns, Total: 157808 ns
[2020-09-12T12:31:20.176+0000][1][safepoint    ] Safepoint "Cleanup", Time since last: 1000213511 ns, Reaching safepoint: 153881 ns, At safepoint: 14297 ns, Total: 168178 ns
[2020-09-12T12:31:21.177+0000][1][safepoint    ] Safepoint "Cleanup", Time since last: 1000713311 ns, Reaching safepoint: 911482 ns, At safepoint: 17673 ns, Total: 929155 ns
[2020-09-12T12:31:22.178+0000][1][safepoint    ] Safepoint "Cleanup", Time since last: 1000123731 ns, Reaching safepoint: 133367 ns, At safepoint: 8957 ns, Total: 142324 ns
[2020-09-12T12:31:22.679+0000][1][safepoint    ] Safepoint "RevokeBias", Time since last: 501260227 ns, Reaching safepoint: 121783 ns, At safepoint: 29646 ns, Total: 151429 ns
[2020-09-12T12:31:23.681+0000][1][safepoint    ] Safepoint "Cleanup", Time since last: 1001563428 ns, Reaching safepoint: 149037 ns, At safepoint: 8223 ns, Total: 157260 ns
[2020-09-12T12:31:24.137+0000][1][safepoint    ] Safepoint "RevokeBias", Time since last: 455956819 ns, Reaching safepoint: 141618 ns, At safepoint: 27929 ns, Total: 169547 ns
[2020-09-12T12:31:25.137+0000][1][safepoint    ] Safepoint "Cleanup", Time since last: 1000149373 ns, Reaching safepoint: 320338 ns, At safepoint: 38399 ns, Total: 358737 ns
[2020-09-12T12:31:26.138+0000][1][safepoint    ] Safepoint "Cleanup", Time since last: 1000201254 ns, Reaching safepoint: 166351 ns, At safepoint: 13917 ns, Total: 180268 ns
[2020-09-12T12:31:27.138+0000][1][safepoint    ] Safepoint "Cleanup", Time since last: 1000207665 ns, Reaching safepoint: 156997 ns, At safepoint: 17261 ns, Total: 174258 ns
[2020-09-12T12:31:28.138+0000][1][safepoint    ] Safepoint "Cleanup", Time since last: 1000121344 ns, Reaching safepoint: 149357 ns, At safepoint: 18002 ns, Total: 167359 ns
[2020-09-12T12:31:29.139+0000][1][safepoint    ] Safepoint "Cleanup", Time since last: 1000125370 ns, Reaching safepoint: 134041 ns, At safepoint: 19164 ns, Total: 153205 ns
[2020-09-12T12:31:30.139+0000][1][safepoint    ] Safepoint "Cleanup", Time since last: 1000153631 ns, Reaching safepoint: 172774 ns, At safepoint: 16945 ns, Total: 189719 ns
[2020-09-12T12:31:31.139+0000][1][safepoint    ] Safepoint "Cleanup", Time since last: 1000199601 ns, Reaching safepoint: 186870 ns, At safepoint: 16914 ns, Total: 203784 ns
[2020-09-12T12:31:32.140+0000][1][safepoint    ] Safepoint "Cleanup", Time since last: 1000140431 ns, Reaching safepoint: 124056 ns, At safepoint: 12710 ns, Total: 136766 ns
[2020-09-12T12:31:32.968+0000][1][safepoint    ] Safepoint "RevokeBias", Time since last: 827964296 ns, Reaching safepoint: 379580 ns, At safepoint: 58861 ns, Total: 438441 ns
[2020-09-12T12:31:32.968+0000][1][safepoint    ] Safepoint "RevokeBias", Time since last: 64550 ns, Reaching safepoint: 89349 ns, At safepoint: 22840 ns, Total: 112189 ns
[2020-09-12T12:31:33.969+0000][1][safepoint    ] Safepoint "Cleanup", Time since last: 1000133074 ns, Reaching safepoint: 275486 ns, At safepoint: 25247 ns, Total: 300733 ns
[2020-09-12T12:31:34.138+0000][1][safepoint    ] Safepoint "RevokeBias", Time since last: 169304507 ns, Reaching safepoint: 128574 ns, At safepoint: 24438 ns, Total: 153012 ns
[2020-09-12T12:31:35.139+0000][1][safepoint    ] Safepoint "Cleanup", Time since last: 1000124308 ns, Reaching safepoint: 171664 ns, At safepoint: 13214 ns, Total: 184878 ns
[2020-09-12T12:31:36.139+0000][1][safepoint    ] Safepoint "Cleanup", Time since last: 1000088901 ns, Reaching safepoint: 141714 ns, At safepoint: 10376 ns, Total: 152090 ns
[2020-09-12T12:31:37.139+0000][1][safepoint    ] Safepoint "Cleanup", Time since last: 1000156763 ns, Reaching safepoint: 173377 ns, At safepoint: 19303 ns, Total: 192680 ns
[2020-09-12T12:31:38.139+0000][1][safepoint    ] Safepoint "Cleanup", Time since last: 1000169652 ns, Reaching safepoint: 170119 ns, At safepoint: 10950 ns, Total: 181069 ns
[2020-09-12T12:31:39.140+0000][1][safepoint    ] Safepoint "Cleanup", Time since last: 1000162069 ns, Reaching safepoint: 129341 ns, At safepoint: 15621 ns, Total: 144962 ns
[2020-09-12T12:31:40.140+0000][1][safepoint    ] Safepoint "Cleanup", Time since last: 1000216288 ns, Reaching safepoint: 147647 ns, At safepoint: 24745 ns, Total: 172392 ns
[2020-09-12T12:31:41.141+0000][1][safepoint    ] Safepoint "Cleanup", Time since last: 1000097015 ns, Reaching safepoint: 214094 ns, At safepoint: 28996 ns, Total: 243090 ns
[2020-09-12T12:31:42.141+0000][1][safepoint    ] Safepoint "Cleanup", Time since last: 1000589926 ns, Reaching safepoint: 280102 ns, At safepoint: 18075 ns, Total: 298177 ns
[2020-09-12T12:31:43.142+0000][1][safepoint    ] Safepoint "Cleanup", Time since last: 1000138623 ns, Reaching safepoint: 251266 ns, At safepoint: 31155 ns, Total: 282421 ns
[2020-09-12T12:31:44.135+0000][1][safepoint    ] Safepoint "RevokeBias", Time since last: 992863528 ns, Reaching safepoint: 261545 ns, At safepoint: 35726 ns, Total: 297271 ns
[2020-09-12T12:31:44.226+0000][1][gc,start     ] GC(56) Pause Young (Allocation Failure)
[2020-09-12T12:31:44.226+0000][1][gc,task      ] GC(56) Using 2 workers of 2 for evacuation
[2020-09-12T12:31:44.232+0000][1][gc,age       ] GC(56) Desired survivor size 8716288 bytes, new threshold 6 (max threshold 6)
[2020-09-12T12:31:44.232+0000][1][gc,age       ] GC(56) Age table with threshold 6 (max threshold 6)
[2020-09-12T12:31:44.232+0000][1][gc,age       ] GC(56) - age   1:     950760 bytes,     950760 total
[2020-09-12T12:31:44.232+0000][1][gc,age       ] GC(56) - age   2:     247352 bytes,    1198112 total
[2020-09-12T12:31:44.232+0000][1][gc,age       ] GC(56) - age   3:      64792 bytes,    1262904 total
[2020-09-12T12:31:44.232+0000][1][gc,age       ] GC(56) - age   4:     173856 bytes,    1436760 total
[2020-09-12T12:31:44.232+0000][1][gc,age       ] GC(56) - age   5:      14464 bytes,    1451224 total
[2020-09-12T12:31:44.232+0000][1][gc,age       ] GC(56) - age   6:      11256 bytes,    1462480 total
[2020-09-12T12:31:44.232+0000][1][gc,heap      ] GC(56) ParNew: 139775K->1651K(153344K)
[2020-09-12T12:31:44.232+0000][1][gc,heap      ] GC(56) CMS: 102609K->102911K(353920K)
[2020-09-12T12:31:44.232+0000][1][gc,metaspace ] GC(56) Metaspace: 96880K->96880K(1138688K)
[2020-09-12T12:31:44.232+0000][1][gc           ] GC(56) Pause Young (Allocation Failure) 236M->102M(495M) 5.835ms
[2020-09-12T12:31:44.232+0000][1][gc,cpu       ] GC(56) User=0.01s Sys=0.00s Real=0.01s
[2020-09-12T12:31:44.232+0000][1][safepoint    ] Safepoint "GenCollectForAllocation", Time since last: 90707512 ns, Reaching safepoint: 234069 ns, At safepoint: 5903756 ns, Total: 6137825 ns
[2020-09-12T12:31:45.232+0000][1][safepoint    ] Safepoint "Cleanup", Time since last: 1000162578 ns, Reaching safepoint: 296334 ns, At safepoint: 30189 ns, Total: 326523 ns
[2020-09-12T12:31:46.233+0000][1][safepoint    ] Safepoint "Cleanup", Time since last: 1000208699 ns, Reaching safepoint: 298833 ns, At safepoint: 21048 ns, Total: 319881 ns
[2020-09-12T12:31:47.233+0000][1][safepoint    ] Safepoint "Cleanup", Time since last: 1000193883 ns, Reaching safepoint: 239092 ns, At safepoint: 21716 ns, Total: 260808 ns
[2020-09-12T12:31:48.234+0000][1][safepoint    ] Safepoint "Cleanup", Time since last: 1000156092 ns, Reaching safepoint: 136384 ns, At safepoint: 11965 ns, Total: 148349 ns
[2020-09-12T12:31:49.234+0000][1][safepoint    ] Safepoint "Cleanup", Time since last: 1000297224 ns, Reaching safepoint: 164709 ns, At safepoint: 13777 ns, Total: 178486 ns
[2020-09-12T12:31:50.234+0000][1][safepoint    ] Safepoint "Cleanup", Time since last: 1000148320 ns, Reaching safepoint: 176798 ns, At safepoint: 10716 ns, Total: 187514 ns
[2020-09-12T12:31:51.235+0000][1][safepoint    ] Safepoint "Cleanup", Time since last: 1000158538 ns, Reaching safepoint: 170976 ns, At safepoint: 13823 ns, Total: 184799 ns
[2020-09-12T12:31:52.235+0000][1][safepoint    ] Safepoint "Cleanup", Time since last: 1000171257 ns, Reaching safepoint: 163809 ns, At safepoint: 12643 ns, Total: 176452 ns
[2020-09-12T12:31:53.235+0000][1][safepoint    ] Safepoint "Cleanup", Time since last: 1000238875 ns, Reaching safepoint: 130536 ns, At safepoint: 14134 ns, Total: 144670 ns
[2020-09-12T12:31:54.103+0000][1][safepoint    ] Safepoint "RevokeBias", Time since last: 867130291 ns, Reaching safepoint: 258261 ns, At safepoint: 39395 ns, Total: 297656 ns
[2020-09-12T12:31:55.103+0000][1][safepoint    ] Safepoint "Cleanup", Time since last: 1000121922 ns, Reaching safepoint: 163183 ns, At safepoint: 13874 ns, Total: 177057 ns
[2020-09-12T12:31:56.104+0000][1][safepoint    ] Safepoint "Cleanup", Time since last: 1000176343 ns, Reaching safepoint: 166197 ns, At safepoint: 9872 ns, Total: 176069 ns
[2020-09-12T12:31:57.104+0000][1][safepoint    ] Safepoint "Cleanup", Time since last: 1000121689 ns, Reaching safepoint: 125454 ns, At safepoint: 13817 ns, Total: 139271 ns
[2020-09-12T12:31:58.104+0000][1][safepoint    ] Safepoint "Cleanup", Time since last: 1000164909 ns, Reaching safepoint: 159641 ns, At safepoint: 10933 ns, Total: 170574 ns
[2020-09-12T12:31:59.104+0000][1][safepoint    ] Safepoint "Cleanup", Time since last: 1000151119 ns, Reaching safepoint: 163489 ns, At safepoint: 13404 ns, Total: 176893 ns
[2020-09-12T12:32:00.105+0000][1][safepoint    ] Safepoint "Cleanup", Time since last: 1000145560 ns, Reaching safepoint: 170712 ns, At safepoint: 15839 ns, Total: 186551 ns
[2020-09-12T12:32:01.105+0000][1][safepoint    ] Safepoint "Cleanup", Time since last: 1000151464 ns, Reaching safepoint: 178197 ns, At safepoint: 10135 ns, Total: 188332 ns
[2020-09-12T12:32:02.105+0000][1][safepoint    ] Safepoint "Cleanup", Time since last: 1000118561 ns, Reaching safepoint: 145578 ns, At safepoint: 10365 ns, Total: 155943 ns
[2020-09-12T12:32:03.106+0000][1][safepoint    ] Safepoint "Cleanup", Time since last: 1000144972 ns, Reaching safepoint: 184868 ns, At safepoint: 14049 ns, Total: 198917 ns
[2020-09-12T12:32:04.106+0000][1][safepoint    ] Safepoint "Cleanup", Time since last: 1000117767 ns, Reaching safepoint: 346285 ns, At safepoint: 41258 ns, Total: 387543 ns
[2020-09-12T12:32:04.138+0000][1][safepoint    ] Safepoint "RevokeBias", Time since last: 31897689 ns, Reaching safepoint: 219431 ns, At safepoint: 27035 ns, Total: 246466 ns
[2020-09-12T12:32:05.139+0000][1][safepoint    ] Safepoint "Cleanup", Time since last: 1000133653 ns, Reaching safepoint: 190238 ns, At safepoint: 12074 ns, Total: 202312 ns
[2020-09-12T12:32:06.139+0000][1][safepoint    ] Safepoint "Cleanup", Time since last: 1000144428 ns, Reaching safepoint: 168081 ns, At safepoint: 14000 ns, Total: 182081 ns
[2020-09-12T12:32:07.140+0000][1][safepoint    ] Safepoint "Cleanup", Time since last: 1000173253 ns, Reaching safepoint: 278937 ns, At safepoint: 17878 ns, Total: 296815 ns
[2020-09-12T12:32:08.140+0000][1][safepoint    ] Safepoint "Cleanup", Time since last: 1000120605 ns, Reaching safepoint: 169982 ns, At safepoint: 14078 ns, Total: 184060 ns
[2020-09-12T12:32:09.140+0000][1][safepoint    ] Safepoint "Cleanup", Time since last: 1000117520 ns, Reaching safepoint: 186433 ns, At safepoint: 13952 ns, Total: 200385 ns
[2020-09-12T12:32:10.140+0000][1][safepoint    ] Safepoint "Cleanup", Time since last: 1000119839 ns, Reaching safepoint: 138362 ns, At safepoint: 15321 ns, Total: 153683 ns
[2020-09-12T12:32:11.141+0000][1][safepoint    ] Safepoint "Cleanup", Time since last: 1000137827 ns, Reaching safepoint: 215737 ns, At safepoint: 14804 ns, Total: 230541 ns
[2020-09-12T12:32:12.141+0000][1][safepoint    ] Safepoint "Cleanup", Time since last: 1000117431 ns, Reaching safepoint: 118915 ns, At safepoint: 8803 ns, Total: 127718 ns
[2020-09-12T12:32:13.141+0000][1][safepoint    ] Safepoint "Cleanup", Time since last: 1000191992 ns, Reaching safepoint: 128295 ns, At safepoint: 8030 ns, Total: 136325 ns
[2020-09-12T12:32:14.148+0000][1][safepoint    ] Safepoint "Cleanup", Time since last: 1006612633 ns, Reaching safepoint: 243241 ns, At safepoint: 10795 ns, Total: 254036 ns
[2020-09-12T12:32:14.195+0000][1][safepoint    ] Safepoint "RevokeBias", Time since last: 46933441 ns, Reaching safepoint: 247440 ns, At safepoint: 28138 ns, Total: 275578 ns
[2020-09-12T12:32:15.196+0000][1][safepoint    ] Safepoint "Cleanup", Time since last: 1000119854 ns, Reaching safepoint: 240642 ns, At safepoint: 18152 ns, Total: 258794 ns
[2020-09-12T12:32:15.669+0000][1][safepoint    ] Safepoint "RevokeBias", Time since last: 472960984 ns, Reaching safepoint: 200822 ns, At safepoint: 30748 ns, Total: 231570 ns
[2020-09-12T12:32:15.669+0000][1][safepoint    ] Safepoint "RevokeBias", Time since last: 220126 ns, Reaching safepoint: 90928 ns, At safepoint: 20731 ns, Total: 111659 ns
[2020-09-12T12:32:15.740+0000][1][safepoint    ] Safepoint "RevokeBias", Time since last: 70354446 ns, Reaching safepoint: 145161 ns, At safepoint: 28838 ns, Total: 173999 ns
[2020-09-12T12:32:15.787+0000][1][gc,start     ] GC(57) Pause Young (Allocation Failure)
[2020-09-12T12:32:15.787+0000][1][gc,task      ] GC(57) Using 2 workers of 2 for evacuation
[2020-09-12T12:32:15.796+0000][1][gc,age       ] GC(57) Desired survivor size 8716288 bytes, new threshold 6 (max threshold 6)
[2020-09-12T12:32:15.796+0000][1][gc,age       ] GC(57) Age table with threshold 6 (max threshold 6)
[2020-09-12T12:32:15.796+0000][1][gc,age       ] GC(57) - age   1:     644856 bytes,     644856 total
[2020-09-12T12:32:15.796+0000][1][gc,age       ] GC(57) - age   2:     105368 bytes,     750224 total
[2020-09-12T12:32:15.796+0000][1][gc,age       ] GC(57) - age   3:     233976 bytes,     984200 total
[2020-09-12T12:32:15.796+0000][1][gc,age       ] GC(57) - age   4:      63552 bytes,    1047752 total
[2020-09-12T12:32:15.796+0000][1][gc,age       ] GC(57) - age   5:     172152 bytes,    1219904 total
[2020-09-12T12:32:15.796+0000][1][gc,age       ] GC(57) - age   6:      13192 bytes,    1233096 total
[2020-09-12T12:32:15.796+0000][1][gc,heap      ] GC(57) ParNew: 137971K->2019K(153344K)
[2020-09-12T12:32:15.796+0000][1][gc,heap      ] GC(57) CMS: 102911K->102922K(353920K)
[2020-09-12T12:32:15.796+0000][1][gc,metaspace ] GC(57) Metaspace: 97102K->97102K(1138688K)
[2020-09-12T12:32:15.796+0000][1][gc           ] GC(57) Pause Young (Allocation Failure) 235M->102M(495M) 8.768ms
[2020-09-12T12:32:15.796+0000][1][gc,cpu       ] GC(57) User=0.00s Sys=0.00s Real=0.01s
[2020-09-12T12:32:15.796+0000][1][safepoint    ] Safepoint "GenCollectForAllocation", Time since last: 47303662 ns, Reaching safepoint: 206901 ns, At safepoint: 8832288 ns, Total: 9039189 ns
[2020-09-12T12:32:15.806+0000][1][safepoint    ] Safepoint "BulkRevokeBias", Time since last: 9607245 ns, Reaching safepoint: 107155 ns, At safepoint: 368671 ns, Total: 475826 ns
[2020-09-12T12:32:15.823+0000][1][safepoint    ] Safepoint "BulkRevokeBias", Time since last: 16175250 ns, Reaching safepoint: 117305 ns, At safepoint: 351047 ns, Total: 468352 ns
[2020-09-12T12:32:15.824+0000][1][safepoint    ] Safepoint "RevokeBias", Time since last: 946162 ns, Reaching safepoint: 121361 ns, At safepoint: 26561 ns, Total: 147922 ns
[2020-09-12T12:32:15.859+0000][1][safepoint    ] Safepoint "RevokeBias", Time since last: 34600582 ns, Reaching safepoint: 148212 ns, At safepoint: 22979 ns, Total: 171191 ns
[2020-09-12T12:32:15.936+0000][1][safepoint    ] Safepoint "RevokeBias", Time since last: 76656766 ns, Reaching safepoint: 239986 ns, At safepoint: 34850 ns, Total: 274836 ns
[2020-09-12T12:32:15.944+0000][1][safepoint    ] Safepoint "RevokeBias", Time since last: 6215862 ns, Reaching safepoint: 2333467 ns, At safepoint: 41089 ns, Total: 2374556 ns
[2020-09-12T12:32:15.949+0000][1][safepoint    ] Safepoint "RevokeBias", Time since last: 786781 ns, Reaching safepoint: 3751678 ns, At safepoint: 43280 ns, Total: 3794958 ns
[2020-09-12T12:32:15.966+0000][1][safepoint    ] Safepoint "RevokeBias", Time since last: 14686871 ns, Reaching safepoint: 2254670 ns, At safepoint: 41578 ns, Total: 2296248 ns
[2020-09-12T12:32:15.970+0000][1][safepoint    ] Safepoint "RevokeBias", Time since last: 260771 ns, Reaching safepoint: 3329051 ns, At safepoint: 42991 ns, Total: 3372042 ns
[2020-09-12T12:32:15.972+0000][1][safepoint    ] Safepoint "RevokeBias", Time since last: 455748 ns, Reaching safepoint: 2300760 ns, At safepoint: 41796 ns, Total: 2342556 ns
[2020-09-12T12:32:15.989+0000][1][safepoint    ] Safepoint "RevokeBias", Time since last: 16874149 ns, Reaching safepoint: 221483 ns, At safepoint: 24534 ns, Total: 246017 ns
[2020-09-12T12:32:15.991+0000][1][safepoint    ] Safepoint "RevokeBias", Time since last: 444520 ns, Reaching safepoint: 381084 ns, At safepoint: 250735 ns, Total: 631819 ns
[2020-09-12T12:32:15.991+0000][1][safepoint    ] Safepoint "RevokeBias", Time since last: 207141 ns, Reaching safepoint: 175813 ns, At safepoint: 163263 ns, Total: 339076 ns
[2020-09-12T12:32:16.065+0000][1][safepoint    ] Safepoint "RevokeBias", Time since last: 73395004 ns, Reaching safepoint: 198462 ns, At safepoint: 25173 ns, Total: 223635 ns
[2020-09-12T12:32:16.065+0000][1][safepoint    ] Safepoint "RevokeBias", Time since last: 439996 ns, Reaching safepoint: 121772 ns, At safepoint: 39696 ns, Total: 161468 ns
[2020-09-12T12:32:16.295+0000][1][safepoint    ] Safepoint "RevokeBias", Time since last: 229283495 ns, Reaching safepoint: 120248 ns, At safepoint: 31218 ns, Total: 151466 ns
[2020-09-12T12:32:16.295+0000][1][safepoint    ] Safepoint "RevokeBias", Time since last: 83455 ns, Reaching safepoint: 97805 ns, At safepoint: 22007 ns, Total: 119812 ns
[2020-09-12T12:32:16.306+0000][1][safepoint    ] Safepoint "RevokeBias", Time since last: 7471110 ns, Reaching safepoint: 3525621 ns, At safepoint: 50926 ns, Total: 3576547 ns
[2020-09-12T12:32:16.550+0000][1][safepoint    ] Safepoint "RevokeBias", Time since last: 243616092 ns, Reaching safepoint: 211158 ns, At safepoint: 33839 ns, Total: 244997 ns
[2020-09-12T12:32:16.550+0000][1][safepoint    ] Safepoint "RevokeBias", Time since last: 252754 ns, Reaching safepoint: 102476 ns, At safepoint: 20041 ns, Total: 122517 ns
[2020-09-12T12:32:16.552+0000][1][safepoint    ] Safepoint "RevokeBias", Time since last: 1226128 ns, Reaching safepoint: 128321 ns, At safepoint: 25575 ns, Total: 153896 ns
[2020-09-12T12:32:16.552+0000][1][safepoint    ] Safepoint "RevokeBias", Time since last: 152254 ns, Reaching safepoint: 98657 ns, At safepoint: 20993 ns, Total: 119650 ns
[2020-09-12T12:32:16.600+0000][1][safepoint    ] Safepoint "RevokeBias", Time since last: 48008472 ns, Reaching safepoint: 143971 ns, At safepoint: 23822 ns, Total: 167793 ns
[2020-09-12T12:32:16.607+0000][1][safepoint    ] Safepoint "RevokeBias", Time since last: 6621976 ns, Reaching safepoint: 193378 ns, At safepoint: 23927 ns, Total: 217305 ns
[2020-09-12T12:32:16.611+0000][1][safepoint    ] Safepoint "RevokeBias", Time since last: 4363016 ns, Reaching safepoint: 185297 ns, At safepoint: 36643 ns, Total: 221940 ns
[2020-09-12T12:32:16.623+0000][1][safepoint    ] Safepoint "RevokeBias", Time since last: 10908782 ns, Reaching safepoint: 274208 ns, At safepoint: 42587 ns, Total: 316795 ns
[2020-09-12T12:32:16.624+0000][1][safepoint    ] Safepoint "RevokeBias", Time since last: 627162 ns, Reaching safepoint: 149959 ns, At safepoint: 32002 ns, Total: 181961 ns
[2020-09-12T12:32:16.631+0000][1][safepoint    ] Safepoint "RevokeBias", Time since last: 7303017 ns, Reaching safepoint: 161810 ns, At safepoint: 34946 ns, Total: 196756 ns
[2020-09-12T12:32:16.631+0000][1][safepoint    ] Safepoint "RevokeBias", Time since last: 133493 ns, Reaching safepoint: 132368 ns, At safepoint: 27788 ns, Total: 160156 ns
[2020-09-12T12:32:16.636+0000][1][safepoint    ] Safepoint "RevokeBias", Time since last: 4809388 ns, Reaching safepoint: 111268 ns, At safepoint: 27924 ns, Total: 139192 ns
[2020-09-12T12:32:16.636+0000][1][safepoint    ] Safepoint "RevokeBias", Time since last: 76025 ns, Reaching safepoint: 93321 ns, At safepoint: 19533 ns, Total: 112854 ns
[2020-09-12T12:32:16.666+0000][1][safepoint    ] Safepoint "RevokeBias", Time since last: 29420710 ns, Reaching safepoint: 112438 ns, At safepoint: 26774 ns, Total: 139212 ns
[2020-09-12T12:32:16.666+0000][1][safepoint    ] Safepoint "RevokeBias", Time since last: 78115 ns, Reaching safepoint: 94783 ns, At safepoint: 20113 ns, Total: 114896 ns
[2020-09-12T12:32:16.717+0000][1][safepoint    ] Safepoint "RevokeBias", Time since last: 50627581 ns, Reaching safepoint: 109385 ns, At safepoint: 21871 ns, Total: 131256 ns
[2020-09-12T12:32:16.732+0000][1][safepoint    ] Safepoint "RevokeBias", Time since last: 6239327 ns, Reaching safepoint: 8279090 ns, At safepoint: 26247 ns, Total: 8305337 ns
[2020-09-12T12:32:16.745+0000][1][safepoint    ] Safepoint "RevokeBias", Time since last: 13184372 ns, Reaching safepoint: 117352 ns, At safepoint: 25330 ns, Total: 142682 ns
[2020-09-12T12:32:16.747+0000][1][safepoint    ] Safepoint "RevokeBias", Time since last: 1978538 ns, Reaching safepoint: 161438 ns, At safepoint: 57551 ns, Total: 218989 ns
[2020-09-12T12:32:16.759+0000][1][safepoint    ] Safepoint "RevokeBias", Time since last: 12194637 ns, Reaching safepoint: 110171 ns, At safepoint: 23390 ns, Total: 133561 ns
[2020-09-12T12:32:16.933+0000][1][safepoint    ] Safepoint "RevokeBias", Time since last: 173532400 ns, Reaching safepoint: 316801 ns, At safepoint: 28263 ns, Total: 345064 ns
[2020-09-12T12:32:17.934+0000][1][safepoint    ] Safepoint "Cleanup", Time since last: 1000116636 ns, Reaching safepoint: 139420 ns, At safepoint: 15006 ns, Total: 154426 ns
[2020-09-12T12:32:18.934+0000][1][safepoint    ] Safepoint "Cleanup", Time since last: 1000130060 ns, Reaching safepoint: 146719 ns, At safepoint: 12735 ns, Total: 159454 ns
[2020-09-12T12:32:19.934+0000][1][safepoint    ] Safepoint "Cleanup", Time since last: 1000136814 ns, Reaching safepoint: 143842 ns, At safepoint: 14472 ns, Total: 158314 ns
[2020-09-12T12:32:20.934+0000][1][safepoint    ] Safepoint "Cleanup", Time since last: 1000124712 ns, Reaching safepoint: 143039 ns, At safepoint: 14891 ns, Total: 157930 ns
[2020-09-12T12:32:21.935+0000][1][safepoint    ] Safepoint "Cleanup", Time since last: 1000129954 ns, Reaching safepoint: 125571 ns, At safepoint: 8772 ns, Total: 134343 ns
[2020-09-12T12:32:22.935+0000][1][safepoint    ] Safepoint "Cleanup", Time since last: 1000133633 ns, Reaching safepoint: 141764 ns, At safepoint: 13445 ns, Total: 155209 ns
[2020-09-12T12:32:23.935+0000][1][safepoint    ] Safepoint "Cleanup", Time since last: 1000124127 ns, Reaching safepoint: 123200 ns, At safepoint: 13258 ns, Total: 136458 ns
[2020-09-12T12:32:24.154+0000][1][safepoint    ] Safepoint "RevokeBias", Time since last: 218481556 ns, Reaching safepoint: 140770 ns, At safepoint: 30677 ns, Total: 171447 ns
[2020-09-12T12:32:24.318+0000][1][safepoint    ] Safepoint "RevokeBias", Time since last: 163206453 ns, Reaching safepoint: 1071990 ns, At safepoint: 35094 ns, Total: 1107084 ns
[2020-09-12T12:32:24.321+0000][1][safepoint    ] Safepoint "RevokeBias", Time since last: 1042733 ns, Reaching safepoint: 1995685 ns, At safepoint: 36007 ns, Total: 2031692 ns
[2020-09-12T12:32:24.321+0000][1][safepoint    ] Safepoint "RevokeBias", Time since last: 85960 ns, Reaching safepoint: 132611 ns, At safepoint: 19387 ns, Total: 151998 ns
[2020-09-12T12:32:25.322+0000][1][safepoint    ] Safepoint "Cleanup", Time since last: 1000096278 ns, Reaching safepoint: 146413 ns, At safepoint: 13174 ns, Total: 159587 ns
[2020-09-12T12:32:26.322+0000][1][safepoint    ] Safepoint "Cleanup", Time since last: 1000133833 ns, Reaching safepoint: 135734 ns, At safepoint: 16039 ns, Total: 151773 ns
[2020-09-12T12:32:26.365+0000][1][safepoint    ] Safepoint "RevokeBias", Time since last: 42634516 ns, Reaching safepoint: 238719 ns, At safepoint: 33298 ns, Total: 272017 ns
[2020-09-12T12:32:26.366+0000][1][safepoint    ] Safepoint "RevokeBias", Time since last: 1176255 ns, Reaching safepoint: 214119 ns, At safepoint: 25038 ns, Total: 239157 ns
[2020-09-12T12:32:26.754+0000][1][gc,start     ] GC(58) Pause Young (Allocation Failure)
[2020-09-12T12:32:26.754+0000][1][gc,task      ] GC(58) Using 2 workers of 2 for evacuation
[2020-09-12T12:32:26.760+0000][1][gc,age       ] GC(58) Desired survivor size 8716288 bytes, new threshold 6 (max threshold 6)
[2020-09-12T12:32:26.760+0000][1][gc,age       ] GC(58) Age table with threshold 6 (max threshold 6)
[2020-09-12T12:32:26.760+0000][1][gc,age       ] GC(58) - age   1:    3149384 bytes,    3149384 total
[2020-09-12T12:32:26.760+0000][1][gc,age       ] GC(58) - age   2:     425640 bytes,    3575024 total
[2020-09-12T12:32:26.760+0000][1][gc,age       ] GC(58) - age   3:     103272 bytes,    3678296 total
[2020-09-12T12:32:26.760+0000][1][gc,age       ] GC(58) - age   4:     200904 bytes,    3879200 total
[2020-09-12T12:32:26.760+0000][1][gc,age       ] GC(58) - age   5:      63256 bytes,    3942456 total
[2020-09-12T12:32:26.760+0000][1][gc,age       ] GC(58) - age   6:     172088 bytes,    4114544 total
[2020-09-12T12:32:26.760+0000][1][gc,heap      ] GC(58) ParNew: 137930K->4728K(153344K)
[2020-09-12T12:32:26.760+0000][1][gc,heap      ] GC(58) CMS: 102922K->102935K(353920K)
[2020-09-12T12:32:26.760+0000][1][gc,metaspace ] GC(58) Metaspace: 97310K->97310K(1138688K)
[2020-09-12T12:32:26.761+0000][1][gc           ] GC(58) Pause Young (Allocation Failure) 235M->105M(495M) 6.419ms
[2020-09-12T12:32:26.761+0000][1][gc,cpu       ] GC(58) User=0.01s Sys=0.00s Real=0.00s
[2020-09-12T12:32:26.761+0000][1][safepoint    ] Safepoint "GenCollectForAllocation", Time since last: 387606850 ns, Reaching safepoint: 130465 ns, At safepoint: 6483158 ns, Total: 6613623 ns
[2020-09-12T12:32:26.782+0000][1][safepoint    ] Safepoint "RevokeBias", Time since last: 21360849 ns, Reaching safepoint: 218308 ns, At safepoint: 35990 ns, Total: 254298 ns
[2020-09-12T12:32:26.783+0000][1][safepoint    ] Safepoint "RevokeBias", Time since last: 135878 ns, Reaching safepoint: 184059 ns, At safepoint: 24304 ns, Total: 208363 ns
[2020-09-12T12:32:26.789+0000][1][safepoint    ] Safepoint "RevokeBias", Time since last: 6139083 ns, Reaching safepoint: 209947 ns, At safepoint: 29632 ns, Total: 239579 ns
[2020-09-12T12:32:27.789+0000][1][safepoint    ] Safepoint "Cleanup", Time since last: 1000118462 ns, Reaching safepoint: 179769 ns, At safepoint: 16683 ns, Total: 196452 ns
[2020-09-12T12:32:28.790+0000][1][safepoint    ] Safepoint "Cleanup", Time since last: 1000166755 ns, Reaching safepoint: 118098 ns, At safepoint: 8770 ns, Total: 126868 ns
[2020-09-12T12:32:29.790+0000][1][safepoint    ] Safepoint "Cleanup", Time since last: 1000117627 ns, Reaching safepoint: 127804 ns, At safepoint: 8623 ns, Total: 136427 ns
[2020-09-12T12:32:30.790+0000][1][safepoint    ] Safepoint "Cleanup", Time since last: 1000111950 ns, Reaching safepoint: 125288 ns, At safepoint: 15228 ns, Total: 140516 ns
[2020-09-12T12:32:31.790+0000][1][safepoint    ] Safepoint "Cleanup", Time since last: 1000118015 ns, Reaching safepoint: 129119 ns, At safepoint: 12287 ns, Total: 141406 ns
[2020-09-12T12:32:32.791+0000][1][safepoint    ] Safepoint "Cleanup", Time since last: 1000113185 ns, Reaching safepoint: 131860 ns, At safepoint: 16753 ns, Total: 148613 ns
[2020-09-12T12:32:33.427+0000][1][safepoint    ] Safepoint "ICBufferFull", Time since last: 636074206 ns, Reaching safepoint: 301985 ns, At safepoint: 16007 ns, Total: 317992 ns
[2020-09-12T12:32:34.159+0000][1][safepoint    ] Safepoint "BulkRevokeBias", Time since last: 731540517 ns, Reaching safepoint: 166489 ns, At safepoint: 507476 ns, Total: 673965 ns
[2020-09-12T12:32:34.306+0000][1][safepoint    ] Safepoint "RevokeBias", Time since last: 146251578 ns, Reaching safepoint: 196670 ns, At safepoint: 25991 ns, Total: 222661 ns
[2020-09-12T12:32:35.306+0000][1][safepoint    ] Safepoint "Cleanup", Time since last: 1000144973 ns, Reaching safepoint: 136095 ns, At safepoint: 12122 ns, Total: 148217 ns
[2020-09-12T12:32:36.306+0000][1][safepoint    ] Safepoint "Cleanup", Time since last: 1000125467 ns, Reaching safepoint: 125007 ns, At safepoint: 12166 ns, Total: 137173 ns
[2020-09-12T12:32:36.818+0000][1][safepoint    ] Safepoint "RevokeBias", Time since last: 511902583 ns, Reaching safepoint: 204393 ns, At safepoint: 24498 ns, Total: 228891 ns
[2020-09-12T12:32:37.819+0000][1][safepoint    ] Safepoint "Cleanup", Time since last: 1000105860 ns, Reaching safepoint: 128873 ns, At safepoint: 14782 ns, Total: 143655 ns
[2020-09-12T12:32:38.819+0000][1][safepoint    ] Safepoint "Cleanup", Time since last: 1000126521 ns, Reaching safepoint: 118382 ns, At safepoint: 10079 ns, Total: 128461 ns
[2020-09-12T12:32:39.819+0000][1][safepoint    ] Safepoint "Cleanup", Time since last: 1000115135 ns, Reaching safepoint: 147297 ns, At safepoint: 14510 ns, Total: 161807 ns
[2020-09-12T12:32:40.819+0000][1][safepoint    ] Safepoint "Cleanup", Time since last: 1000123122 ns, Reaching safepoint: 122765 ns, At safepoint: 11808 ns, Total: 134573 ns
[2020-09-12T12:32:41.820+0000][1][safepoint    ] Safepoint "Cleanup", Time since last: 1000131855 ns, Reaching safepoint: 141824 ns, At safepoint: 15275 ns, Total: 157099 ns
[2020-09-12T12:32:42.820+0000][1][safepoint    ] Safepoint "Cleanup", Time since last: 1000147323 ns, Reaching safepoint: 136683 ns, At safepoint: 11360 ns, Total: 148043 ns
[2020-09-12T12:32:43.820+0000][1][safepoint    ] Safepoint "Cleanup", Time since last: 1000118761 ns, Reaching safepoint: 132198 ns, At safepoint: 11657 ns, Total: 143855 ns
[2020-09-12T12:32:44.098+0000][1][safepoint    ] Safepoint "RevokeBias", Time since last: 278071362 ns, Reaching safepoint: 129038 ns, At safepoint: 23033 ns, Total: 152071 ns
[2020-09-12T12:32:44.169+0000][1][safepoint    ] Safepoint "RevokeBias", Time since last: 70678941 ns, Reaching safepoint: 296314 ns, At safepoint: 25788 ns, Total: 322102 ns
[2020-09-12T12:32:44.171+0000][1][safepoint    ] Safepoint "RevokeBias", Time since last: 1183030 ns, Reaching safepoint: 191009 ns, At safepoint: 21306 ns, Total: 212315 ns
[2020-09-12T12:32:44.171+0000][1][safepoint    ] Safepoint "RevokeBias", Time since last: 184379 ns, Reaching safepoint: 135237 ns, At safepoint: 16873 ns, Total: 152110 ns
[2020-09-12T12:32:45.171+0000][1][safepoint    ] Safepoint "Cleanup", Time since last: 1000094659 ns, Reaching safepoint: 142773 ns, At safepoint: 8230 ns, Total: 151003 ns
[2020-09-12T12:32:45.743+0000][1][safepoint    ] Safepoint "RevokeBias", Time since last: 571655545 ns, Reaching safepoint: 217779 ns, At safepoint: 38381 ns, Total: 256160 ns
[2020-09-12T12:32:46.744+0000][1][safepoint    ] Safepoint "Cleanup", Time since last: 1000224984 ns, Reaching safepoint: 156422 ns, At safepoint: 13288 ns, Total: 169710 ns
[2020-09-12T12:32:46.825+0000][1][safepoint    ] Safepoint "RevokeBias", Time since last: 81051733 ns, Reaching safepoint: 119647 ns, At safepoint: 26687 ns, Total: 146334 ns
[2020-09-12T12:32:47.170+0000][1][gc,start     ] GC(59) Pause Young (Allocation Failure)
[2020-09-12T12:32:47.170+0000][1][gc,task      ] GC(59) Using 2 workers of 2 for evacuation
[2020-09-12T12:32:47.177+0000][1][gc,age       ] GC(59) Desired survivor size 8716288 bytes, new threshold 6 (max threshold 6)
[2020-09-12T12:32:47.177+0000][1][gc,age       ] GC(59) Age table with threshold 6 (max threshold 6)
[2020-09-12T12:32:47.177+0000][1][gc,age       ] GC(59) - age   1:    4643832 bytes,    4643832 total
[2020-09-12T12:32:47.177+0000][1][gc,age       ] GC(59) - age   2:     581352 bytes,    5225184 total
[2020-09-12T12:32:47.177+0000][1][gc,age       ] GC(59) - age   3:     389328 bytes,    5614512 total
[2020-09-12T12:32:47.177+0000][1][gc,age       ] GC(59) - age   4:      98568 bytes,    5713080 total
[2020-09-12T12:32:47.177+0000][1][gc,age       ] GC(59) - age   5:     198424 bytes,    5911504 total
[2020-09-12T12:32:47.177+0000][1][gc,age       ] GC(59) - age   6:      63256 bytes,    5974760 total
[2020-09-12T12:32:47.177+0000][1][gc,heap      ] GC(59) ParNew: 141006K->8026K(153344K)
[2020-09-12T12:32:47.177+0000][1][gc,heap      ] GC(59) CMS: 102935K->103103K(353920K)
[2020-09-12T12:32:47.177+0000][1][gc,metaspace ] GC(59) Metaspace: 97396K->97396K(1138688K)
[2020-09-12T12:32:47.177+0000][1][gc           ] GC(59) Pause Young (Allocation Failure) 238M->108M(495M) 7.034ms
[2020-09-12T12:32:47.177+0000][1][gc,cpu       ] GC(59) User=0.01s Sys=0.00s Real=0.00s
[2020-09-12T12:32:47.177+0000][1][safepoint    ] Safepoint "GenCollectForAllocation", Time since last: 345033430 ns, Reaching safepoint: 122518 ns, At safepoint: 7094120 ns, Total: 7216638 ns
[2020-09-12T12:32:48.177+0000][1][safepoint    ] Safepoint "Cleanup", Time since last: 1000095899 ns, Reaching safepoint: 143434 ns, At safepoint: 18080 ns, Total: 161514 ns
[2020-09-12T12:32:49.178+0000][1][safepoint    ] Safepoint "Cleanup", Time since last: 1000737735 ns, Reaching safepoint: 148488 ns, At safepoint: 15417 ns, Total: 163905 ns
[2020-09-12T12:32:50.179+0000][1][safepoint    ] Safepoint "Cleanup", Time since last: 1000114862 ns, Reaching safepoint: 137165 ns, At safepoint: 12638 ns, Total: 149803 ns
[2020-09-12T12:32:51.179+0000][1][safepoint    ] Safepoint "Cleanup", Time since last: 1000117178 ns, Reaching safepoint: 168171 ns, At safepoint: 18441 ns, Total: 186612 ns
[2020-09-12T12:32:52.179+0000][1][safepoint    ] Safepoint "Cleanup", Time since last: 1000126971 ns, Reaching safepoint: 124609 ns, At safepoint: 8607 ns, Total: 133216 ns
[2020-09-12T12:32:53.179+0000][1][safepoint    ] Safepoint "Cleanup", Time since last: 1000116347 ns, Reaching safepoint: 130875 ns, At safepoint: 13682 ns, Total: 144557 ns
[2020-09-12T12:32:54.105+0000][1][safepoint    ] Safepoint "RevokeBias", Time since last: 925033872 ns, Reaching safepoint: 259796 ns, At safepoint: 29854 ns, Total: 289650 ns
[2020-09-12T12:32:55.105+0000][1][safepoint    ] Safepoint "Cleanup", Time since last: 1000116977 ns, Reaching safepoint: 163388 ns, At safepoint: 18490 ns, Total: 181878 ns
[2020-09-12T12:32:56.105+0000][1][safepoint    ] Safepoint "Cleanup", Time since last: 1000122486 ns, Reaching safepoint: 129304 ns, At safepoint: 18206 ns, Total: 147510 ns
[2020-09-12T12:32:56.483+0000][1][safepoint    ] Safepoint "RevokeBias", Time since last: 377567057 ns, Reaching safepoint: 189103 ns, At safepoint: 27016 ns, Total: 216119 ns
[2020-09-12T12:32:57.483+0000][1][safepoint    ] Safepoint "Cleanup", Time since last: 1000116090 ns, Reaching safepoint: 248449 ns, At safepoint: 16707 ns, Total: 265156 ns
[2020-09-12T12:32:58.484+0000][1][safepoint    ] Safepoint "Cleanup", Time since last: 1000163723 ns, Reaching safepoint: 159130 ns, At safepoint: 15115 ns, Total: 174245 ns
[2020-09-12T12:32:59.484+0000][1][safepoint    ] Safepoint "Cleanup", Time since last: 1000120482 ns, Reaching safepoint: 130701 ns, At safepoint: 17138 ns, Total: 147839 ns
[2020-09-12T12:33:00.484+0000][1][safepoint    ] Safepoint "Cleanup", Time since last: 1000130022 ns, Reaching safepoint: 121756 ns, At safepoint: 16440 ns, Total: 138196 ns
[2020-09-12T12:33:01.485+0000][1][safepoint    ] Safepoint "Cleanup", Time since last: 1000175190 ns, Reaching safepoint: 171738 ns, At safepoint: 12896 ns, Total: 184634 ns
[2020-09-12T12:33:02.485+0000][1][safepoint    ] Safepoint "Cleanup", Time since last: 1000118036 ns, Reaching safepoint: 121427 ns, At safepoint: 16147 ns, Total: 137574 ns
[2020-09-12T12:33:03.485+0000][1][safepoint    ] Safepoint "Cleanup", Time since last: 1000121482 ns, Reaching safepoint: 126310 ns, At safepoint: 8717 ns, Total: 135027 ns
[2020-09-12T12:33:04.145+0000][1][safepoint    ] Safepoint "RevokeBias", Time since last: 659853258 ns, Reaching safepoint: 209630 ns, At safepoint: 34616 ns, Total: 244246 ns
[2020-09-12T12:33:05.351+0000][1][safepoint    ] Safepoint "Cleanup", Time since last: 1205023585 ns, Reaching safepoint: 189107 ns, At safepoint: 19104 ns, Total: 208211 ns
[2020-09-12T12:33:06.351+0000][1][safepoint    ] Safepoint "Cleanup", Time since last: 1000152131 ns, Reaching safepoint: 131600 ns, At safepoint: 33778 ns, Total: 165378 ns
[2020-09-12T12:33:07.351+0000][1][safepoint    ] Safepoint "Cleanup", Time since last: 1000124243 ns, Reaching safepoint: 137533 ns, At safepoint: 12671 ns, Total: 150204 ns
[2020-09-12T12:33:08.351+0000][1][safepoint    ] Safepoint "Cleanup", Time since last: 1000147295 ns, Reaching safepoint: 174565 ns, At safepoint: 19405 ns, Total: 193970 ns
[2020-09-12T12:33:09.352+0000][1][safepoint    ] Safepoint "Cleanup", Time since last: 1000142708 ns, Reaching safepoint: 172986 ns, At safepoint: 19658 ns, Total: 192644 ns
[2020-09-12T12:33:10.352+0000][1][safepoint    ] Safepoint "Cleanup", Time since last: 1000157278 ns, Reaching safepoint: 181508 ns, At safepoint: 21190 ns, Total: 202698 ns
[2020-09-12T12:33:11.352+0000][1][safepoint    ] Safepoint "Cleanup", Time since last: 1000128398 ns, Reaching safepoint: 125266 ns, At safepoint: 20944 ns, Total: 146210 ns
[2020-09-12T12:33:12.353+0000][1][safepoint    ] Safepoint "Cleanup", Time since last: 1000123215 ns, Reaching safepoint: 144311 ns, At safepoint: 7749 ns, Total: 152060 ns
[2020-09-12T12:33:13.353+0000][1][safepoint    ] Safepoint "Cleanup", Time since last: 1000110620 ns, Reaching safepoint: 177084 ns, At safepoint: 14526 ns, Total: 191610 ns
[2020-09-12T12:33:14.137+0000][1][safepoint    ] Safepoint "RevokeBias", Time since last: 782822776 ns, Reaching safepoint: 1077031 ns, At safepoint: 36224 ns, Total: 1113255 ns
[2020-09-12T12:33:15.137+0000][1][safepoint    ] Safepoint "Cleanup", Time since last: 1000118273 ns, Reaching safepoint: 139758 ns, At safepoint: 12498 ns, Total: 152256 ns
[2020-09-12T12:33:16.137+0000][1][safepoint    ] Safepoint "Cleanup", Time since last: 1000115348 ns, Reaching safepoint: 131314 ns, At safepoint: 11630 ns, Total: 142944 ns
[2020-09-12T12:33:17.138+0000][1][safepoint    ] Safepoint "Cleanup", Time since last: 1000116117 ns, Reaching safepoint: 130982 ns, At safepoint: 13712 ns, Total: 144694 ns
[2020-09-12T12:33:18.138+0000][1][safepoint    ] Safepoint "Cleanup", Time since last: 1000134532 ns, Reaching safepoint: 120889 ns, At safepoint: 12058 ns, Total: 132947 ns
[2020-09-12T12:33:19.138+0000][1][safepoint    ] Safepoint "Cleanup", Time since last: 1000116603 ns, Reaching safepoint: 152854 ns, At safepoint: 13704 ns, Total: 166558 ns
[2020-09-12T12:33:20.139+0000][1][safepoint    ] Safepoint "Cleanup", Time since last: 1000126899 ns, Reaching safepoint: 179106 ns, At safepoint: 13131 ns, Total: 192237 ns
[2020-09-12T12:33:21.139+0000][1][safepoint    ] Safepoint "Cleanup", Time since last: 1000148336 ns, Reaching safepoint: 128015 ns, At safepoint: 10734 ns, Total: 138749 ns
[2020-09-12T12:33:22.139+0000][1][safepoint    ] Safepoint "Cleanup", Time since last: 1000279944 ns, Reaching safepoint: 124697 ns, At safepoint: 13162 ns, Total: 137859 ns
[2020-09-12T12:33:23.140+0000][1][safepoint    ] Safepoint "Cleanup", Time since last: 1000186239 ns, Reaching safepoint: 129092 ns, At safepoint: 12534 ns, Total: 141626 ns
[2020-09-12T12:33:24.126+0000][1][safepoint    ] Safepoint "RevokeBias", Time since last: 986616219 ns, Reaching safepoint: 220200 ns, At safepoint: 23260 ns, Total: 243460 ns
[2020-09-12T12:33:24.184+0000][1][gc,start     ] GC(60) Pause Young (Allocation Failure)
[2020-09-12T12:33:24.184+0000][1][gc,task      ] GC(60) Using 2 workers of 2 for evacuation
[2020-09-12T12:33:24.192+0000][1][gc,age       ] GC(60) Desired survivor size 8716288 bytes, new threshold 6 (max threshold 6)
[2020-09-12T12:33:24.192+0000][1][gc,age       ] GC(60) Age table with threshold 6 (max threshold 6)
[2020-09-12T12:33:24.192+0000][1][gc,age       ] GC(60) - age   1:    1018784 bytes,    1018784 total
[2020-09-12T12:33:24.192+0000][1][gc,age       ] GC(60) - age   2:    4464640 bytes,    5483424 total
[2020-09-12T12:33:24.192+0000][1][gc,age       ] GC(60) - age   3:     551744 bytes,    6035168 total
[2020-09-12T12:33:24.192+0000][1][gc,age       ] GC(60) - age   4:     375744 bytes,    6410912 total
[2020-09-12T12:33:24.192+0000][1][gc,age       ] GC(60) - age   5:      98200 bytes,    6509112 total
[2020-09-12T12:33:24.192+0000][1][gc,age       ] GC(60) - age   6:     198424 bytes,    6707536 total
[2020-09-12T12:33:24.192+0000][1][gc,heap      ] GC(60) ParNew: 144346K->10357K(153344K)
[2020-09-12T12:33:24.192+0000][1][gc,heap      ] GC(60) CMS: 103103K->103166K(353920K)
[2020-09-12T12:33:24.192+0000][1][gc,metaspace ] GC(60) Metaspace: 97540K->97540K(1138688K)
[2020-09-12T12:33:24.192+0000][1][gc           ] GC(60) Pause Young (Allocation Failure) 241M->110M(495M) 8.469ms
[2020-09-12T12:33:24.192+0000][1][gc,cpu       ] GC(60) User=0.01s Sys=0.00s Real=0.01s
[2020-09-12T12:33:24.192+0000][1][safepoint    ] Safepoint "GenCollectForAllocation", Time since last: 57215475 ns, Reaching safepoint: 230869 ns, At safepoint: 8528347 ns, Total: 8759216 ns
[2020-09-12T12:33:25.193+0000][1][safepoint    ] Safepoint "Cleanup", Time since last: 1000088710 ns, Reaching safepoint: 160661 ns, At safepoint: 12576 ns, Total: 173237 ns
[2020-09-12T12:33:26.193+0000][1][safepoint    ] Safepoint "Cleanup", Time since last: 1000124293 ns, Reaching safepoint: 189603 ns, At safepoint: 18604 ns, Total: 208207 ns
[2020-09-12T12:33:27.193+0000][1][safepoint    ] Safepoint "Cleanup", Time since last: 1000129426 ns, Reaching safepoint: 138316 ns, At safepoint: 11317 ns, Total: 149633 ns
[2020-09-12T12:33:28.194+0000][1][safepoint    ] Safepoint "Cleanup", Time since last: 1000115604 ns, Reaching safepoint: 129921 ns, At safepoint: 10647 ns, Total: 140568 ns
[2020-09-12T12:33:29.194+0000][1][safepoint    ] Safepoint "Cleanup", Time since last: 1000115053 ns, Reaching safepoint: 135401 ns, At safepoint: 9226 ns, Total: 144627 ns
[2020-09-12T12:33:30.194+0000][1][safepoint    ] Safepoint "Cleanup", Time since last: 1000114250 ns, Reaching safepoint: 119583 ns, At safepoint: 10560 ns, Total: 130143 ns
[2020-09-12T12:33:31.194+0000][1][safepoint    ] Safepoint "Cleanup", Time since last: 1000121385 ns, Reaching safepoint: 133270 ns, At safepoint: 10677 ns, Total: 143947 ns
[2020-09-12T12:33:32.195+0000][1][safepoint    ] Safepoint "Cleanup", Time since last: 1000116530 ns, Reaching safepoint: 123953 ns, At safepoint: 8689 ns, Total: 132642 ns
[2020-09-12T12:33:33.195+0000][1][safepoint    ] Safepoint "Cleanup", Time since last: 1000115496 ns, Reaching safepoint: 130542 ns, At safepoint: 8713 ns, Total: 139255 ns
[2020-09-12T12:33:34.163+0000][1][safepoint    ] Safepoint "RevokeBias", Time since last: 967578209 ns, Reaching safepoint: 126664 ns, At safepoint: 23485 ns, Total: 150149 ns
[2020-09-12T12:33:35.172+0000][1][safepoint    ] Safepoint "Cleanup", Time since last: 1009368341 ns, Reaching safepoint: 142999 ns, At safepoint: 10262 ns, Total: 153261 ns
[2020-09-12T12:33:36.172+0000][1][safepoint    ] Safepoint "Cleanup", Time since last: 1000142742 ns, Reaching safepoint: 133981 ns, At safepoint: 12090 ns, Total: 146071 ns
[2020-09-12T12:33:37.173+0000][1][safepoint    ] Safepoint "Cleanup", Time since last: 1000174416 ns, Reaching safepoint: 137289 ns, At safepoint: 10086 ns, Total: 147375 ns
[2020-09-12T12:33:38.173+0000][1][safepoint    ] Safepoint "Cleanup", Time since last: 1000118504 ns, Reaching safepoint: 127218 ns, At safepoint: 16904 ns, Total: 144122 ns
[2020-09-12T12:33:39.173+0000][1][safepoint    ] Safepoint "Cleanup", Time since last: 1000114905 ns, Reaching safepoint: 122079 ns, At safepoint: 41110 ns, Total: 163189 ns
[2020-09-12T12:33:40.174+0000][1][safepoint    ] Safepoint "Cleanup", Time since last: 1000116685 ns, Reaching safepoint: 123737 ns, At safepoint: 16844 ns, Total: 140581 ns
[2020-09-12T12:33:41.174+0000][1][safepoint    ] Safepoint "Cleanup", Time since last: 1000114563 ns, Reaching safepoint: 122214 ns, At safepoint: 16300 ns, Total: 138514 ns
[2020-09-12T12:33:42.174+0000][1][safepoint    ] Safepoint "Cleanup", Time since last: 1000129277 ns, Reaching safepoint: 127249 ns, At safepoint: 13295 ns, Total: 140544 ns
[2020-09-12T12:33:43.174+0000][1][safepoint    ] Safepoint "Cleanup", Time since last: 1000119968 ns, Reaching safepoint: 121340 ns, At safepoint: 10887 ns, Total: 132227 ns
[2020-09-12T12:33:44.122+0000][1][safepoint    ] Safepoint "RevokeBias", Time since last: 947610712 ns, Reaching safepoint: 138254 ns, At safepoint: 29610 ns, Total: 167864 ns
[2020-09-12T12:33:45.122+0000][1][safepoint    ] Safepoint "Cleanup", Time since last: 1000119576 ns, Reaching safepoint: 145648 ns, At safepoint: 12035 ns, Total: 157683 ns
[2020-09-12T12:33:46.123+0000][1][safepoint    ] Safepoint "Cleanup", Time since last: 1000112414 ns, Reaching safepoint: 132448 ns, At safepoint: 12666 ns, Total: 145114 ns
[2020-09-12T12:33:47.123+0000][1][safepoint    ] Safepoint "Cleanup", Time since last: 1000132059 ns, Reaching safepoint: 155772 ns, At safepoint: 14264 ns, Total: 170036 ns
[2020-09-12T12:33:48.123+0000][1][safepoint    ] Safepoint "Cleanup", Time since last: 1000136808 ns, Reaching safepoint: 204322 ns, At safepoint: 14726 ns, Total: 219048 ns
[2020-09-12T12:33:49.124+0000][1][safepoint    ] Safepoint "Cleanup", Time since last: 1000119276 ns, Reaching safepoint: 130621 ns, At safepoint: 12626 ns, Total: 143247 ns
[2020-09-12T12:33:50.124+0000][1][safepoint    ] Safepoint "Cleanup", Time since last: 1000091171 ns, Reaching safepoint: 128459 ns, At safepoint: 12576 ns, Total: 141035 ns
[2020-09-12T12:33:51.124+0000][1][safepoint    ] Safepoint "Cleanup", Time since last: 1000122907 ns, Reaching safepoint: 129875 ns, At safepoint: 12792 ns, Total: 142667 ns
[2020-09-12T12:33:52.124+0000][1][safepoint    ] Safepoint "Cleanup", Time since last: 1000133656 ns, Reaching safepoint: 117497 ns, At safepoint: 9222 ns, Total: 126719 ns
[2020-09-12T12:33:53.125+0000][1][safepoint    ] Safepoint "Cleanup", Time since last: 1000118330 ns, Reaching safepoint: 125908 ns, At safepoint: 11985 ns, Total: 137893 ns
[2020-09-12T12:33:54.125+0000][1][safepoint    ] Safepoint "Cleanup", Time since last: 1000108686 ns, Reaching safepoint: 263334 ns, At safepoint: 13036 ns, Total: 276370 ns
[2020-09-12T12:33:54.148+0000][1][safepoint    ] Safepoint "RevokeBias", Time since last: 22575157 ns, Reaching safepoint: 351971 ns, At safepoint: 42968 ns, Total: 394939 ns
[2020-09-12T12:33:55.148+0000][1][safepoint    ] Safepoint "Cleanup", Time since last: 1000140068 ns, Reaching safepoint: 159971 ns, At safepoint: 14409 ns, Total: 174380 ns
[2020-09-12T12:33:56.148+0000][1][safepoint    ] Safepoint "Cleanup", Time since last: 1000118015 ns, Reaching safepoint: 122616 ns, At safepoint: 11930 ns, Total: 134546 ns
[2020-09-12T12:33:57.149+0000][1][safepoint    ] Safepoint "Cleanup", Time since last: 1000113850 ns, Reaching safepoint: 130028 ns, At safepoint: 8811 ns, Total: 138839 ns
[2020-09-12T12:33:58.149+0000][1][safepoint    ] Safepoint "Cleanup", Time since last: 1000108290 ns, Reaching safepoint: 119905 ns, At safepoint: 11525 ns, Total: 131430 ns
[2020-09-12T12:33:59.149+0000][1][safepoint    ] Safepoint "Cleanup", Time since last: 1000118765 ns, Reaching safepoint: 128855 ns, At safepoint: 11177 ns, Total: 140032 ns
[2020-09-12T12:33:59.788+0000][1][gc,start     ] GC(61) Pause Young (Allocation Failure)
[2020-09-12T12:33:59.788+0000][1][gc,task      ] GC(61) Using 2 workers of 2 for evacuation
[2020-09-12T12:33:59.794+0000][1][gc,age       ] GC(61) Desired survivor size 8716288 bytes, new threshold 6 (max threshold 6)
[2020-09-12T12:33:59.794+0000][1][gc,age       ] GC(61) Age table with threshold 6 (max threshold 6)
[2020-09-12T12:33:59.794+0000][1][gc,age       ] GC(61) - age   1:     404112 bytes,     404112 total
[2020-09-12T12:33:59.794+0000][1][gc,age       ] GC(61) - age   2:     134568 bytes,     538680 total
[2020-09-12T12:33:59.794+0000][1][gc,age       ] GC(61) - age   3:    4449856 bytes,    4988536 total
[2020-09-12T12:33:59.794+0000][1][gc,age       ] GC(61) - age   4:     550280 bytes,    5538816 total
[2020-09-12T12:33:59.794+0000][1][gc,age       ] GC(61) - age   5:     374480 bytes,    5913296 total
[2020-09-12T12:33:59.794+0000][1][gc,age       ] GC(61) - age   6:      97192 bytes,    6010488 total
[2020-09-12T12:33:59.794+0000][1][gc,heap      ] GC(61) ParNew: 146677K->9311K(153344K)
[2020-09-12T12:33:59.794+0000][1][gc,heap      ] GC(61) CMS: 103166K->103361K(353920K)
[2020-09-12T12:33:59.794+0000][1][gc,metaspace ] GC(61) Metaspace: 97688K->97688K(1140736K)
[2020-09-12T12:33:59.794+0000][1][gc           ] GC(61) Pause Young (Allocation Failure) 243M->110M(495M) 6.210ms
[2020-09-12T12:33:59.794+0000][1][gc,cpu       ] GC(61) User=0.01s Sys=0.00s Real=0.01s
[2020-09-12T12:33:59.794+0000][1][safepoint    ] Safepoint "GenCollectForAllocation", Time since last: 638110782 ns, Reaching safepoint: 198489 ns, At safepoint: 6272710 ns, Total: 6471199 ns
[2020-09-12T12:34:00.794+0000][1][safepoint    ] Safepoint "Cleanup", Time since last: 1000136593 ns, Reaching safepoint: 126239 ns, At safepoint: 13773 ns, Total: 140012 ns
[2020-09-12T12:34:01.794+0000][1][safepoint    ] Safepoint "Cleanup", Time since last: 1000120404 ns, Reaching safepoint: 137170 ns, At safepoint: 10822 ns, Total: 147992 ns
[2020-09-12T12:34:02.795+0000][1][safepoint    ] Safepoint "Cleanup", Time since last: 1000113650 ns, Reaching safepoint: 123983 ns, At safepoint: 8732 ns, Total: 132715 ns
[2020-09-12T12:34:03.795+0000][1][safepoint    ] Safepoint "Cleanup", Time since last: 1000114694 ns, Reaching safepoint: 126839 ns, At safepoint: 11588 ns, Total: 138427 ns
[2020-09-12T12:34:04.129+0000][1][safepoint    ] Safepoint "RevokeBias", Time since last: 334299570 ns, Reaching safepoint: 210061 ns, At safepoint: 24676 ns, Total: 234737 ns
[2020-09-12T12:34:05.130+0000][1][safepoint    ] Safepoint "Cleanup", Time since last: 1000120066 ns, Reaching safepoint: 185566 ns, At safepoint: 13478 ns, Total: 199044 ns
[2020-09-12T12:34:06.130+0000][1][safepoint    ] Safepoint "Cleanup", Time since last: 1000118147 ns, Reaching safepoint: 159408 ns, At safepoint: 15580 ns, Total: 174988 ns
[2020-09-12T12:34:07.130+0000][1][safepoint    ] Safepoint "Cleanup", Time since last: 1000131604 ns, Reaching safepoint: 189531 ns, At safepoint: 16364 ns, Total: 205895 ns
[2020-09-12T12:34:08.131+0000][1][safepoint    ] Safepoint "Cleanup", Time since last: 1000128566 ns, Reaching safepoint: 126882 ns, At safepoint: 12716 ns, Total: 139598 ns
[2020-09-12T12:34:09.131+0000][1][safepoint    ] Safepoint "Cleanup", Time since last: 1000131270 ns, Reaching safepoint: 121206 ns, At safepoint: 12927 ns, Total: 134133 ns
[2020-09-12T12:34:10.131+0000][1][safepoint    ] Safepoint "Cleanup", Time since last: 1000117473 ns, Reaching safepoint: 126266 ns, At safepoint: 13308 ns, Total: 139574 ns
[2020-09-12T12:34:11.131+0000][1][safepoint    ] Safepoint "Cleanup", Time since last: 1000124714 ns, Reaching safepoint: 117893 ns, At safepoint: 11699 ns, Total: 129592 ns
[2020-09-12T12:34:12.133+0000][1][safepoint    ] Safepoint "Cleanup", Time since last: 1001101783 ns, Reaching safepoint: 146130 ns, At safepoint: 32181 ns, Total: 178311 ns
[2020-09-12T12:34:13.133+0000][1][safepoint    ] Safepoint "Cleanup", Time since last: 1000116926 ns, Reaching safepoint: 120845 ns, At safepoint: 10076 ns, Total: 130921 ns
[2020-09-12T12:34:14.133+0000][1][safepoint    ] Safepoint "Cleanup", Time since last: 1000092974 ns, Reaching safepoint: 218917 ns, At safepoint: 34743 ns, Total: 253660 ns
[2020-09-12T12:34:14.158+0000][1][safepoint    ] Safepoint "RevokeBias", Time since last: 24527292 ns, Reaching safepoint: 119548 ns, At safepoint: 28252 ns, Total: 147800 ns
[2020-09-12T12:34:15.158+0000][1][safepoint    ] Safepoint "Cleanup", Time since last: 1000109769 ns, Reaching safepoint: 137248 ns, At safepoint: 12067 ns, Total: 149315 ns
[2020-09-12T12:34:16.158+0000][1][safepoint    ] Safepoint "Cleanup", Time since last: 1000118576 ns, Reaching safepoint: 116590 ns, At safepoint: 9713 ns, Total: 126303 ns
[2020-09-12T12:34:17.159+0000][1][safepoint    ] Safepoint "Cleanup", Time since last: 1000110853 ns, Reaching safepoint: 163546 ns, At safepoint: 9666 ns, Total: 173212 ns
[2020-09-12T12:34:18.159+0000][1][safepoint    ] Safepoint "Cleanup", Time since last: 1000144206 ns, Reaching safepoint: 166048 ns, At safepoint: 11524 ns, Total: 177572 ns
[2020-09-12T12:34:19.159+0000][1][safepoint    ] Safepoint "Cleanup", Time since last: 1000170570 ns, Reaching safepoint: 131051 ns, At safepoint: 13179 ns, Total: 144230 ns
[2020-09-12T12:34:20.160+0000][1][safepoint    ] Safepoint "Cleanup", Time since last: 1000117356 ns, Reaching safepoint: 143323 ns, At safepoint: 10059 ns, Total: 153382 ns
[2020-09-12T12:34:21.160+0000][1][safepoint    ] Safepoint "Cleanup", Time since last: 1000116422 ns, Reaching safepoint: 127890 ns, At safepoint: 13158 ns, Total: 141048 ns
[2020-09-12T12:34:22.160+0000][1][safepoint    ] Safepoint "Cleanup", Time since last: 1000117316 ns, Reaching safepoint: 120951 ns, At safepoint: 12740 ns, Total: 133691 ns
[2020-09-12T12:34:23.160+0000][1][safepoint    ] Safepoint "Cleanup", Time since last: 1000119330 ns, Reaching safepoint: 115966 ns, At safepoint: 11314 ns, Total: 127280 ns
[2020-09-12T12:34:24.100+0000][1][safepoint    ] Safepoint "RevokeBias", Time since last: 939490809 ns, Reaching safepoint: 558400 ns, At safepoint: 27635 ns, Total: 586035 ns
[2020-09-12T12:34:25.101+0000][1][safepoint    ] Safepoint "Cleanup", Time since last: 1000116435 ns, Reaching safepoint: 200619 ns, At safepoint: 11867 ns, Total: 212486 ns
[2020-09-12T12:34:26.101+0000][1][safepoint    ] Safepoint "Cleanup", Time since last: 1000116745 ns, Reaching safepoint: 129200 ns, At safepoint: 12327 ns, Total: 141527 ns
[2020-09-12T12:34:27.101+0000][1][safepoint    ] Safepoint "Cleanup", Time since last: 1000260826 ns, Reaching safepoint: 157744 ns, At safepoint: 12355 ns, Total: 170099 ns
[2020-09-12T12:34:28.102+0000][1][safepoint    ] Safepoint "Cleanup", Time since last: 1000121804 ns, Reaching safepoint: 158654 ns, At safepoint: 12139 ns, Total: 170793 ns
[2020-09-12T12:34:29.102+0000][1][safepoint    ] Safepoint "Cleanup", Time since last: 1000118183 ns, Reaching safepoint: 122169 ns, At safepoint: 11739 ns, Total: 133908 ns
[2020-09-12T12:34:30.102+0000][1][safepoint    ] Safepoint "Cleanup", Time since last: 1000135971 ns, Reaching safepoint: 129895 ns, At safepoint: 14392 ns, Total: 144287 ns
[2020-09-12T12:34:31.103+0000][1][safepoint    ] Safepoint "Cleanup", Time since last: 1000128666 ns, Reaching safepoint: 122686 ns, At safepoint: 10428 ns, Total: 133114 ns
[2020-09-12T12:34:32.103+0000][1][safepoint    ] Safepoint "Cleanup", Time since last: 1000113537 ns, Reaching safepoint: 123323 ns, At safepoint: 11245 ns, Total: 134568 ns
[2020-09-12T12:34:33.103+0000][1][safepoint    ] Safepoint "Cleanup", Time since last: 1000112252 ns, Reaching safepoint: 123693 ns, At safepoint: 9614 ns, Total: 133307 ns
[2020-09-12T12:34:34.105+0000][1][safepoint    ] Safepoint "Cleanup", Time since last: 1001665287 ns, Reaching safepoint: 246394 ns, At safepoint: 19110 ns, Total: 265504 ns
[2020-09-12T12:34:34.109+0000][1][safepoint    ] Safepoint "RevokeBias", Time since last: 3561155 ns, Reaching safepoint: 206116 ns, At safepoint: 21997 ns, Total: 228113 ns
[2020-09-12T12:34:34.165+0000][1][gc,start     ] GC(62) Pause Young (Allocation Failure)
[2020-09-12T12:34:34.165+0000][1][gc,task      ] GC(62) Using 2 workers of 2 for evacuation
[2020-09-12T12:34:34.182+0000][1][gc,age       ] GC(62) Desired survivor size 8716288 bytes, new threshold 6 (max threshold 6)
[2020-09-12T12:34:34.182+0000][1][gc,age       ] GC(62) Age table with threshold 6 (max threshold 6)
[2020-09-12T12:34:34.182+0000][1][gc,age       ] GC(62) - age   1:    1130888 bytes,    1130888 total
[2020-09-12T12:34:34.182+0000][1][gc,age       ] GC(62) - age   2:      98368 bytes,    1229256 total
[2020-09-12T12:34:34.182+0000][1][gc,age       ] GC(62) - age   3:     129864 bytes,    1359120 total
[2020-09-12T12:34:34.182+0000][1][gc,age       ] GC(62) - age   4:    4448344 bytes,    5807464 total
[2020-09-12T12:34:34.182+0000][1][gc,age       ] GC(62) - age   5:     548600 bytes,    6356064 total
[2020-09-12T12:34:34.182+0000][1][gc,age       ] GC(62) - age   6:     373832 bytes,    6729896 total
[2020-09-12T12:34:34.182+0000][1][gc,heap      ] GC(62) ParNew: 145631K->11908K(153344K)
[2020-09-12T12:34:34.182+0000][1][gc,heap      ] GC(62) CMS: 103361K->103457K(353920K)
[2020-09-12T12:34:34.182+0000][1][gc,metaspace ] GC(62) Metaspace: 97744K->97744K(1140736K)
[2020-09-12T12:34:34.182+0000][1][gc           ] GC(62) Pause Young (Allocation Failure) 243M->112M(495M) 17.256ms
[2020-09-12T12:34:34.182+0000][1][gc,cpu       ] GC(62) User=0.03s Sys=0.00s Real=0.02s
[2020-09-12T12:34:34.183+0000][1][safepoint    ] Safepoint "GenCollectForAllocation", Time since last: 56279600 ns, Reaching safepoint: 123491 ns, At safepoint: 17341404 ns, Total: 17464895 ns
[2020-09-12T12:34:35.183+0000][1][safepoint    ] Safepoint "Cleanup", Time since last: 1000089484 ns, Reaching safepoint: 131391 ns, At safepoint: 10993 ns, Total: 142384 ns
[2020-09-12T12:34:36.183+0000][1][safepoint    ] Safepoint "Cleanup", Time since last: 1000114438 ns, Reaching safepoint: 116032 ns, At safepoint: 9195 ns, Total: 125227 ns
[2020-09-12T12:34:37.183+0000][1][safepoint    ] Safepoint "Cleanup", Time since last: 1000127559 ns, Reaching safepoint: 120890 ns, At safepoint: 11072 ns, Total: 131962 ns
[2020-09-12T12:34:38.183+0000][1][safepoint    ] Safepoint "Cleanup", Time since last: 1000117700 ns, Reaching safepoint: 113970 ns, At safepoint: 9301 ns, Total: 123271 ns
[2020-09-12T12:34:39.184+0000][1][safepoint    ] Safepoint "Cleanup", Time since last: 1000117194 ns, Reaching safepoint: 122994 ns, At safepoint: 11390 ns, Total: 134384 ns
[2020-09-12T12:34:40.184+0000][1][safepoint    ] Safepoint "Cleanup", Time since last: 1000119258 ns, Reaching safepoint: 125820 ns, At safepoint: 13216 ns, Total: 139036 ns
[2020-09-12T12:34:41.184+0000][1][safepoint    ] Safepoint "Cleanup", Time since last: 1000127569 ns, Reaching safepoint: 119440 ns, At safepoint: 11519 ns, Total: 130959 ns
[2020-09-12T12:34:42.185+0000][1][safepoint    ] Safepoint "Cleanup", Time since last: 1000114083 ns, Reaching safepoint: 129479 ns, At safepoint: 9712 ns, Total: 139191 ns
[2020-09-12T12:34:43.185+0000][1][safepoint    ] Safepoint "Cleanup", Time since last: 1000141397 ns, Reaching safepoint: 117970 ns, At safepoint: 8388 ns, Total: 126358 ns
[2020-09-12T12:34:44.116+0000][1][safepoint    ] Safepoint "RevokeBias", Time since last: 930647206 ns, Reaching safepoint: 123455 ns, At safepoint: 22001 ns, Total: 145456 ns
[2020-09-12T12:34:45.116+0000][1][safepoint    ] Safepoint "Cleanup", Time since last: 1000116169 ns, Reaching safepoint: 130210 ns, At safepoint: 11443 ns, Total: 141653 ns
[2020-09-12T12:34:46.116+0000][1][safepoint    ] Safepoint "Cleanup", Time since last: 1000151806 ns, Reaching safepoint: 134023 ns, At safepoint: 14093 ns, Total: 148116 ns
[2020-09-12T12:34:47.116+0000][1][safepoint    ] Safepoint "Cleanup", Time since last: 1000123323 ns, Reaching safepoint: 123577 ns, At safepoint: 10813 ns, Total: 134390 ns
[2020-09-12T12:34:48.117+0000][1][safepoint    ] Safepoint "Cleanup", Time since last: 1000134313 ns, Reaching safepoint: 133466 ns, At safepoint: 9545 ns, Total: 143011 ns
[2020-09-12T12:34:49.117+0000][1][safepoint    ] Safepoint "Cleanup", Time since last: 1000112174 ns, Reaching safepoint: 117979 ns, At safepoint: 10847 ns, Total: 128826 ns
[2020-09-12T12:34:50.117+0000][1][safepoint    ] Safepoint "Cleanup", Time since last: 1000114590 ns, Reaching safepoint: 120656 ns, At safepoint: 12570 ns, Total: 133226 ns
[2020-09-12T12:34:51.117+0000][1][safepoint    ] Safepoint "Cleanup", Time since last: 1000128590 ns, Reaching safepoint: 150375 ns, At safepoint: 26291 ns, Total: 176666 ns
[2020-09-12T12:34:52.118+0000][1][safepoint    ] Safepoint "Cleanup", Time since last: 1000111910 ns, Reaching safepoint: 114596 ns, At safepoint: 9096 ns, Total: 123692 ns
[2020-09-12T12:34:53.118+0000][1][safepoint    ] Safepoint "Cleanup", Time since last: 1000113802 ns, Reaching safepoint: 117559 ns, At safepoint: 9569 ns, Total: 127128 ns
[2020-09-12T12:34:54.115+0000][1][safepoint    ] Safepoint "RevokeBias", Time since last: 991864523 ns, Reaching safepoint: 5367607 ns, At safepoint: 40132 ns, Total: 5407739 ns
[2020-09-12T12:34:55.115+0000][1][safepoint    ] Safepoint "Cleanup", Time since last: 1000132526 ns, Reaching safepoint: 139640 ns, At safepoint: 13456 ns, Total: 153096 ns
[2020-09-12T12:34:56.116+0000][1][safepoint    ] Safepoint "Cleanup", Time since last: 1000131442 ns, Reaching safepoint: 118728 ns, At safepoint: 13208 ns, Total: 131936 ns
[2020-09-12T12:34:57.116+0000][1][safepoint    ] Safepoint "Cleanup", Time since last: 1000118799 ns, Reaching safepoint: 120167 ns, At safepoint: 16156 ns, Total: 136323 ns
[2020-09-12T12:34:58.116+0000][1][safepoint    ] Safepoint "Cleanup", Time since last: 1000124029 ns, Reaching safepoint: 113411 ns, At safepoint: 18185 ns, Total: 131596 ns
[2020-09-12T12:34:59.117+0000][1][safepoint    ] Safepoint "Cleanup", Time since last: 1000115546 ns, Reaching safepoint: 123541 ns, At safepoint: 15325 ns, Total: 138866 ns
[2020-09-12T12:35:00.117+0000][1][safepoint    ] Safepoint "Cleanup", Time since last: 1000135427 ns, Reaching safepoint: 109173 ns, At safepoint: 11079 ns, Total: 120252 ns
[2020-09-12T12:35:01.117+0000][1][safepoint    ] Safepoint "Cleanup", Time since last: 1000119551 ns, Reaching safepoint: 130224 ns, At safepoint: 13469 ns, Total: 143693 ns
[2020-09-12T12:35:02.117+0000][1][safepoint    ] Safepoint "Cleanup", Time since last: 1000135555 ns, Reaching safepoint: 121803 ns, At safepoint: 9455 ns, Total: 131258 ns
[2020-09-12T12:35:03.118+0000][1][safepoint    ] Safepoint "Cleanup", Time since last: 1000115378 ns, Reaching safepoint: 112255 ns, At safepoint: 7836 ns, Total: 120091 ns
[2020-09-12T12:35:04.119+0000][1][safepoint    ] Safepoint "Cleanup", Time since last: 1000108174 ns, Reaching safepoint: 1619270 ns, At safepoint: 15865 ns, Total: 1635135 ns
[2020-09-12T12:35:04.154+0000][1][safepoint    ] Safepoint "RevokeBias", Time since last: 34956607 ns, Reaching safepoint: 116372 ns, At safepoint: 28918 ns, Total: 145290 ns
[2020-09-12T12:35:05.155+0000][1][safepoint    ] Safepoint "Cleanup", Time since last: 1000132446 ns, Reaching safepoint: 166127 ns, At safepoint: 11064 ns, Total: 177191 ns
[2020-09-12T12:35:05.418+0000][1][safepoint    ] Safepoint "RevokeBias", Time since last: 263390438 ns, Reaching safepoint: 141727 ns, At safepoint: 57290 ns, Total: 199017 ns
[2020-09-12T12:35:05.423+0000][1][safepoint    ] Safepoint "BulkRevokeBias", Time since last: 4008162 ns, Reaching safepoint: 119894 ns, At safepoint: 355190 ns, Total: 475084 ns
[2020-09-12T12:35:06.423+0000][1][safepoint    ] Safepoint "Cleanup", Time since last: 1000142736 ns, Reaching safepoint: 158968 ns, At safepoint: 14597 ns, Total: 173565 ns
[2020-09-12T12:35:07.430+0000][1][safepoint    ] Safepoint "Cleanup", Time since last: 1006667876 ns, Reaching safepoint: 161353 ns, At safepoint: 17754 ns, Total: 179107 ns
[2020-09-12T12:35:08.430+0000][1][safepoint    ] Safepoint "Cleanup", Time since last: 1000131920 ns, Reaching safepoint: 166751 ns, At safepoint: 18201 ns, Total: 184952 ns
[2020-09-12T12:35:08.620+0000][1][safepoint    ] Safepoint "RevokeBias", Time since last: 187279863 ns, Reaching safepoint: 2774507 ns, At safepoint: 35113 ns, Total: 2809620 ns
[2020-09-12T12:35:08.622+0000][1][safepoint    ] Safepoint "RevokeBias", Time since last: 582781 ns, Reaching safepoint: 959067 ns, At safepoint: 21056 ns, Total: 980123 ns
[2020-09-12T12:35:08.623+0000][1][gc,start     ] GC(63) Pause Young (Allocation Failure)
[2020-09-12T12:35:08.623+0000][1][gc,task      ] GC(63) Using 2 workers of 2 for evacuation
[2020-09-12T12:35:08.636+0000][1][gc,age       ] GC(63) Desired survivor size 8716288 bytes, new threshold 6 (max threshold 6)
[2020-09-12T12:35:08.636+0000][1][gc,age       ] GC(63) Age table with threshold 6 (max threshold 6)
[2020-09-12T12:35:08.636+0000][1][gc,age       ] GC(63) - age   1:     557920 bytes,     557920 total
[2020-09-12T12:35:08.636+0000][1][gc,age       ] GC(63) - age   2:     104280 bytes,     662200 total
[2020-09-12T12:35:08.636+0000][1][gc,age       ] GC(63) - age   3:      87168 bytes,     749368 total
[2020-09-12T12:35:08.636+0000][1][gc,age       ] GC(63) - age   4:     128624 bytes,     877992 total
[2020-09-12T12:35:08.636+0000][1][gc,age       ] GC(63) - age   5:    4447920 bytes,    5325912 total
[2020-09-12T12:35:08.636+0000][1][gc,age       ] GC(63) - age   6:     547864 bytes,    5873776 total
[2020-09-12T12:35:08.636+0000][1][gc,heap      ] GC(63) ParNew: 148228K->7906K(153344K)
[2020-09-12T12:35:08.636+0000][1][gc,heap      ] GC(63) CMS: 103457K->103833K(353920K)
[2020-09-12T12:35:08.636+0000][1][gc,metaspace ] GC(63) Metaspace: 97866K->97866K(1140736K)
[2020-09-12T12:35:08.636+0000][1][gc           ] GC(63) Pause Young (Allocation Failure) 245M->109M(495M) 13.678ms
[2020-09-12T12:35:08.636+0000][1][gc,cpu       ] GC(63) User=0.01s Sys=0.00s Real=0.01s
[2020-09-12T12:35:08.636+0000][1][safepoint    ] Safepoint "GenCollectForAllocation", Time since last: 505035 ns, Reaching safepoint: 279363 ns, At safepoint: 13737675 ns, Total: 14017038 ns
[2020-09-12T12:35:08.640+0000][1][safepoint    ] Safepoint "RevokeBias", Time since last: 2767072 ns, Reaching safepoint: 346342 ns, At safepoint: 18811 ns, Total: 365153 ns
[2020-09-12T12:35:08.644+0000][1][safepoint    ] Safepoint "RevokeBias", Time since last: 3688698 ns, Reaching safepoint: 342620 ns, At safepoint: 57203 ns, Total: 399823 ns
[2020-09-12T12:35:08.649+0000][1][safepoint    ] Safepoint "RevokeBias", Time since last: 1530812 ns, Reaching safepoint: 4174228 ns, At safepoint: 62931 ns, Total: 4237159 ns
[2020-09-12T12:35:08.661+0000][1][safepoint    ] Safepoint "RevokeBias", Time since last: 3657436 ns, Reaching safepoint: 7713714 ns, At safepoint: 30389 ns, Total: 7744103 ns
[2020-09-12T12:35:08.672+0000][1][safepoint    ] Safepoint "RevokeBias", Time since last: 10927938 ns, Reaching safepoint: 123893 ns, At safepoint: 34270 ns, Total: 158163 ns
[2020-09-12T12:35:09.672+0000][1][safepoint    ] Safepoint "Cleanup", Time since last: 1000123958 ns, Reaching safepoint: 112749 ns, At safepoint: 9881 ns, Total: 122630 ns
[2020-09-12T12:35:10.672+0000][1][safepoint    ] Safepoint "Cleanup", Time since last: 1000130914 ns, Reaching safepoint: 127220 ns, At safepoint: 11588 ns, Total: 138808 ns
[2020-09-12T12:35:11.673+0000][1][safepoint    ] Safepoint "Cleanup", Time since last: 1000124277 ns, Reaching safepoint: 143671 ns, At safepoint: 7526 ns, Total: 151197 ns
[2020-09-12T12:35:12.673+0000][1][safepoint    ] Safepoint "Cleanup", Time since last: 1000145390 ns, Reaching safepoint: 116978 ns, At safepoint: 8923 ns, Total: 125901 ns
[2020-09-12T12:35:13.673+0000][1][safepoint    ] Safepoint "Cleanup", Time since last: 1000169735 ns, Reaching safepoint: 170258 ns, At safepoint: 11550 ns, Total: 181808 ns
[2020-09-12T12:35:14.137+0000][1][safepoint    ] Safepoint "RevokeBias", Time since last: 463760841 ns, Reaching safepoint: 289294 ns, At safepoint: 30887 ns, Total: 320181 ns
[2020-09-12T12:35:15.138+0000][1][safepoint    ] Safepoint "Cleanup", Time since last: 1000101297 ns, Reaching safepoint: 128065 ns, At safepoint: 9368 ns, Total: 137433 ns
[2020-09-12T12:35:15.422+0000][1][safepoint    ] Safepoint "RevokeBias", Time since last: 284607271 ns, Reaching safepoint: 135383 ns, At safepoint: 39372 ns, Total: 174755 ns
[2020-09-12T12:35:15.423+0000][1][safepoint    ] Safepoint "RevokeBias", Time since last: 233990 ns, Reaching safepoint: 119694 ns, At safepoint: 19300 ns, Total: 138994 ns
[2020-09-12T12:35:15.424+0000][1][safepoint    ] Safepoint "RevokeBias", Time since last: 1421468 ns, Reaching safepoint: 149226 ns, At safepoint: 26191 ns, Total: 175417 ns
[2020-09-12T12:35:15.425+0000][1][safepoint    ] Safepoint "RevokeBias", Time since last: 468710 ns, Reaching safepoint: 95734 ns, At safepoint: 19553 ns, Total: 115287 ns
[2020-09-12T12:35:15.425+0000][1][safepoint    ] Safepoint "RevokeBias", Time since last: 164194 ns, Reaching safepoint: 85762 ns, At safepoint: 17573 ns, Total: 103335 ns
[2020-09-12T12:35:15.426+0000][1][safepoint    ] Safepoint "RevokeBias", Time since last: 175193 ns, Reaching safepoint: 82252 ns, At safepoint: 16478 ns, Total: 98730 ns
[2020-09-12T12:35:15.426+0000][1][safepoint    ] Safepoint "RevokeBias", Time since last: 136928 ns, Reaching safepoint: 78305 ns, At safepoint: 15679 ns, Total: 93984 ns
[2020-09-12T12:35:15.965+0000][1][safepoint    ] Safepoint "RevokeBias", Time since last: 538695384 ns, Reaching safepoint: 258531 ns, At safepoint: 28449 ns, Total: 286980 ns
[2020-09-12T12:35:15.965+0000][1][safepoint    ] Safepoint "RevokeBias", Time since last: 204807 ns, Reaching safepoint: 168935 ns, At safepoint: 22500 ns, Total: 191435 ns
[2020-09-12T12:35:15.966+0000][1][safepoint    ] Safepoint "RevokeBias", Time since last: 193996 ns, Reaching safepoint: 167562 ns, At safepoint: 18707 ns, Total: 186269 ns
[2020-09-12T12:35:16.966+0000][1][safepoint    ] Safepoint "Cleanup", Time since last: 1000132821 ns, Reaching safepoint: 157002 ns, At safepoint: 7513 ns, Total: 164515 ns
[2020-09-12T12:35:17.966+0000][1][safepoint    ] Safepoint "Cleanup", Time since last: 1000115006 ns, Reaching safepoint: 121637 ns, At safepoint: 10060 ns, Total: 131697 ns
[2020-09-12T12:35:18.966+0000][1][safepoint    ] Safepoint "Cleanup", Time since last: 1000126857 ns, Reaching safepoint: 111035 ns, At safepoint: 18682 ns, Total: 129717 ns
[2020-09-12T12:35:19.967+0000][1][safepoint    ] Safepoint "Cleanup", Time since last: 1000134496 ns, Reaching safepoint: 132128 ns, At safepoint: 11313 ns, Total: 143441 ns
[2020-09-12T12:35:20.424+0000][1][safepoint    ] Safepoint "RevokeBias", Time since last: 456803458 ns, Reaching safepoint: 125686 ns, At safepoint: 27565 ns, Total: 153251 ns
[2020-09-12T12:35:20.424+0000][1][safepoint    ] Safepoint "RevokeBias", Time since last: 240012 ns, Reaching safepoint: 121111 ns, At safepoint: 19402 ns, Total: 140513 ns
[2020-09-12T12:35:20.425+0000][1][safepoint    ] Safepoint "RevokeBias", Time since last: 1001770 ns, Reaching safepoint: 192026 ns, At safepoint: 26157 ns, Total: 218183 ns
[2020-09-12T12:35:20.428+0000][1][safepoint    ] Safepoint "RevokeBias", Time since last: 1766628 ns, Reaching safepoint: 1216327 ns, At safepoint: 30683 ns, Total: 1247010 ns
[2020-09-12T12:35:20.428+0000][1][safepoint    ] Safepoint "RevokeBias", Time since last: 74853 ns, Reaching safepoint: 133700 ns, At safepoint: 19260 ns, Total: 152960 ns
[2020-09-12T12:35:20.429+0000][1][safepoint    ] Safepoint "RevokeBias", Time since last: 50052 ns, Reaching safepoint: 77981 ns, At safepoint: 17650 ns, Total: 95631 ns
[2020-09-12T12:35:20.429+0000][1][safepoint    ] Safepoint "RevokeBias", Time since last: 59498 ns, Reaching safepoint: 90011 ns, At safepoint: 15066 ns, Total: 105077 ns
[2020-09-12T12:35:20.967+0000][1][safepoint    ] Safepoint "RevokeBias", Time since last: 538467621 ns, Reaching safepoint: 193107 ns, At safepoint: 26700 ns, Total: 219807 ns
[2020-09-12T12:35:20.968+0000][1][safepoint    ] Safepoint "RevokeBias", Time since last: 788651 ns, Reaching safepoint: 199003 ns, At safepoint: 49286 ns, Total: 248289 ns
[2020-09-12T12:35:20.969+0000][1][safepoint    ] Safepoint "RevokeBias", Time since last: 444366 ns, Reaching safepoint: 86790 ns, At safepoint: 17693 ns, Total: 104483 ns
[2020-09-12T12:35:21.969+0000][1][safepoint    ] Safepoint "Cleanup", Time since last: 1000096930 ns, Reaching safepoint: 109189 ns, At safepoint: 11657 ns, Total: 120846 ns
[2020-09-12T12:35:22.969+0000][1][safepoint    ] Safepoint "Cleanup", Time since last: 1000123335 ns, Reaching safepoint: 111795 ns, At safepoint: 10847 ns, Total: 122642 ns
[2020-09-12T12:35:23.970+0000][1][safepoint    ] Safepoint "Cleanup", Time since last: 1000105279 ns, Reaching safepoint: 120247 ns, At safepoint: 13783 ns, Total: 134030 ns
[2020-09-12T12:35:24.117+0000][1][safepoint    ] Safepoint "RevokeBias", Time since last: 146905390 ns, Reaching safepoint: 127721 ns, At safepoint: 22635 ns, Total: 150356 ns
[2020-09-12T12:35:25.117+0000][1][safepoint    ] Safepoint "Cleanup", Time since last: 1000137041 ns, Reaching safepoint: 125137 ns, At safepoint: 13597 ns, Total: 138734 ns
[2020-09-12T12:35:26.117+0000][1][safepoint    ] Safepoint "Cleanup", Time since last: 1000134544 ns, Reaching safepoint: 118309 ns, At safepoint: 10645 ns, Total: 128954 ns
[2020-09-12T12:35:27.118+0000][1][safepoint    ] Safepoint "Cleanup", Time since last: 1000132981 ns, Reaching safepoint: 120187 ns, At safepoint: 10815 ns, Total: 131002 ns
[2020-09-12T12:35:28.118+0000][1][safepoint    ] Safepoint "Cleanup", Time since last: 1000119832 ns, Reaching safepoint: 116390 ns, At safepoint: 17166 ns, Total: 133556 ns
[2020-09-12T12:35:29.118+0000][1][safepoint    ] Safepoint "Cleanup", Time since last: 1000122947 ns, Reaching safepoint: 111594 ns, At safepoint: 13806 ns, Total: 125400 ns
[2020-09-12T12:35:30.118+0000][1][safepoint    ] Safepoint "Cleanup", Time since last: 1000122968 ns, Reaching safepoint: 110194 ns, At safepoint: 9955 ns, Total: 120149 ns
[2020-09-12T12:35:31.119+0000][1][safepoint    ] Safepoint "Cleanup", Time since last: 1000112768 ns, Reaching safepoint: 109401 ns, At safepoint: 11863 ns, Total: 121264 ns
[2020-09-12T12:35:32.119+0000][1][safepoint    ] Safepoint "Cleanup", Time since last: 1000149352 ns, Reaching safepoint: 114805 ns, At safepoint: 11062 ns, Total: 125867 ns
[2020-09-12T12:35:33.119+0000][1][safepoint    ] Safepoint "Cleanup", Time since last: 1000123357 ns, Reaching safepoint: 114538 ns, At safepoint: 8148 ns, Total: 122686 ns
[2020-09-12T12:35:34.098+0000][1][safepoint    ] Safepoint "RevokeBias", Time since last: 977550638 ns, Reaching safepoint: 905268 ns, At safepoint: 28419 ns, Total: 933687 ns
[2020-09-12T12:35:35.098+0000][1][safepoint    ] Safepoint "Cleanup", Time since last: 1000115628 ns, Reaching safepoint: 117514 ns, At safepoint: 9899 ns, Total: 127413 ns
[2020-09-12T12:35:36.098+0000][1][safepoint    ] Safepoint "Cleanup", Time since last: 1000116766 ns, Reaching safepoint: 119658 ns, At safepoint: 11187 ns, Total: 130845 ns
[2020-09-12T12:35:37.098+0000][1][safepoint    ] Safepoint "Cleanup", Time since last: 1000122130 ns, Reaching safepoint: 134229 ns, At safepoint: 13333 ns, Total: 147562 ns
[2020-09-12T12:35:38.099+0000][1][safepoint    ] Safepoint "Cleanup", Time since last: 1000125798 ns, Reaching safepoint: 119880 ns, At safepoint: 11188 ns, Total: 131068 ns
[2020-09-12T12:35:39.099+0000][1][safepoint    ] Safepoint "Cleanup", Time since last: 1000140137 ns, Reaching safepoint: 190503 ns, At safepoint: 15891 ns, Total: 206394 ns
[2020-09-12T12:35:39.905+0000][1][gc,start     ] GC(64) Pause Young (Allocation Failure)
[2020-09-12T12:35:39.905+0000][1][gc,task      ] GC(64) Using 2 workers of 2 for evacuation
[2020-09-12T12:35:39.913+0000][1][gc,age       ] GC(64) Desired survivor size 8716288 bytes, new threshold 6 (max threshold 6)
[2020-09-12T12:35:39.913+0000][1][gc,age       ] GC(64) Age table with threshold 6 (max threshold 6)
[2020-09-12T12:35:39.913+0000][1][gc,age       ] GC(64) - age   1:     606064 bytes,     606064 total
[2020-09-12T12:35:39.913+0000][1][gc,age       ] GC(64) - age   2:     177920 bytes,     783984 total
[2020-09-12T12:35:39.913+0000][1][gc,age       ] GC(64) - age   3:      79208 bytes,     863192 total
[2020-09-12T12:35:39.913+0000][1][gc,age       ] GC(64) - age   4:      85176 bytes,     948368 total
[2020-09-12T12:35:39.913+0000][1][gc,age       ] GC(64) - age   5:     128328 bytes,    1076696 total
[2020-09-12T12:35:39.913+0000][1][gc,age       ] GC(64) - age   6:    4437064 bytes,    5513760 total
[2020-09-12T12:35:39.913+0000][1][gc,heap      ] GC(64) ParNew: 144226K->7935K(153344K)
[2020-09-12T12:35:39.913+0000][1][gc,heap      ] GC(64) CMS: 103833K->104379K(353920K)
[2020-09-12T12:35:39.913+0000][1][gc,metaspace ] GC(64) Metaspace: 97986K->97986K(1140736K)
[2020-09-12T12:35:39.913+0000][1][gc           ] GC(64) Pause Young (Allocation Failure) 242M->109M(495M) 8.029ms
[2020-09-12T12:35:39.913+0000][1][gc,cpu       ] GC(64) User=0.01s Sys=0.00s Real=0.01s
[2020-09-12T12:35:39.913+0000][1][safepoint    ] Safepoint "GenCollectForAllocation", Time since last: 806031590 ns, Reaching safepoint: 189260 ns, At safepoint: 8233840 ns, Total: 8423100 ns
[2020-09-12T12:35:40.914+0000][1][safepoint    ] Safepoint "Cleanup", Time since last: 1000094697 ns, Reaching safepoint: 124905 ns, At safepoint: 12589 ns, Total: 137494 ns
[2020-09-12T12:35:41.914+0000][1][safepoint    ] Safepoint "Cleanup", Time since last: 1000581672 ns, Reaching safepoint: 103349 ns, At safepoint: 7002 ns, Total: 110351 ns
[2020-09-12T12:35:42.915+0000][1][safepoint    ] Safepoint "Cleanup", Time since last: 1000116143 ns, Reaching safepoint: 125884 ns, At safepoint: 12700 ns, Total: 138584 ns
[2020-09-12T12:35:43.724+0000][1][safepoint    ] Safepoint "RevokeBias", Time since last: 809079545 ns, Reaching safepoint: 127377 ns, At safepoint: 21433 ns, Total: 148810 ns
[2020-09-12T12:35:43.731+0000][1][safepoint    ] Safepoint "RevokeBias", Time since last: 6246977 ns, Reaching safepoint: 752924 ns, At safepoint: 29195 ns, Total: 782119 ns
[2020-09-12T12:35:43.742+0000][1][safepoint    ] Safepoint "RevokeBias", Time since last: 9984379 ns, Reaching safepoint: 1673813 ns, At safepoint: 28487 ns, Total: 1702300 ns
[2020-09-12T12:35:43.743+0000][1][safepoint    ] Safepoint "RevokeBias", Time since last: 131107 ns, Reaching safepoint: 757363 ns, At safepoint: 24871 ns, Total: 782234 ns
[2020-09-12T12:35:43.745+0000][1][safepoint    ] Safepoint "RevokeBias", Time since last: 625464 ns, Reaching safepoint: 762936 ns, At safepoint: 23118 ns, Total: 786054 ns
[2020-09-12T12:35:43.745+0000][1][safepoint    ] Safepoint "RevokeBias", Time since last: 196410 ns, Reaching safepoint: 138932 ns, At safepoint: 15284 ns, Total: 154216 ns
[2020-09-12T12:35:44.159+0000][1][safepoint    ] Safepoint "RevokeBias", Time since last: 413962608 ns, Reaching safepoint: 116227 ns, At safepoint: 27647 ns, Total: 143874 ns
[2020-09-12T12:35:45.159+0000][1][safepoint    ] Safepoint "Cleanup", Time since last: 1000119932 ns, Reaching safepoint: 125386 ns, At safepoint: 9975 ns, Total: 135361 ns
[2020-09-12T12:35:46.160+0000][1][safepoint    ] Safepoint "Cleanup", Time since last: 1000123295 ns, Reaching safepoint: 118996 ns, At safepoint: 11142 ns, Total: 130138 ns
[2020-09-12T12:35:47.160+0000][1][safepoint    ] Safepoint "Cleanup", Time since last: 1000128336 ns, Reaching safepoint: 122078 ns, At safepoint: 11909 ns, Total: 133987 ns
[2020-09-12T12:35:48.160+0000][1][safepoint    ] Safepoint "Cleanup", Time since last: 1000127773 ns, Reaching safepoint: 112289 ns, At safepoint: 9089 ns, Total: 121378 ns
[2020-09-12T12:35:49.160+0000][1][safepoint    ] Safepoint "Cleanup", Time since last: 1000115849 ns, Reaching safepoint: 111246 ns, At safepoint: 11080 ns, Total: 122326 ns
[2020-09-12T12:35:50.161+0000][1][safepoint    ] Safepoint "Cleanup", Time since last: 1000120537 ns, Reaching safepoint: 132034 ns, At safepoint: 11103 ns, Total: 143137 ns
[2020-09-12T12:35:51.161+0000][1][safepoint    ] Safepoint "Cleanup", Time since last: 1000116082 ns, Reaching safepoint: 118590 ns, At safepoint: 12174 ns, Total: 130764 ns
[2020-09-12T12:35:52.161+0000][1][safepoint    ] Safepoint "Cleanup", Time since last: 1000116842 ns, Reaching safepoint: 125296 ns, At safepoint: 8605 ns, Total: 133901 ns
[2020-09-12T12:35:53.161+0000][1][safepoint    ] Safepoint "Cleanup", Time since last: 1000107112 ns, Reaching safepoint: 112485 ns, At safepoint: 8826 ns, Total: 121311 ns
[2020-09-12T12:35:54.095+0000][1][safepoint    ] Safepoint "RevokeBias", Time since last: 931729346 ns, Reaching safepoint: 1537498 ns, At safepoint: 35207 ns, Total: 1572705 ns
[2020-09-12T12:35:55.095+0000][1][safepoint    ] Safepoint "Cleanup", Time since last: 1000116905 ns, Reaching safepoint: 127145 ns, At safepoint: 13069 ns, Total: 140214 ns
[2020-09-12T12:35:56.095+0000][1][safepoint    ] Safepoint "Cleanup", Time since last: 1000126284 ns, Reaching safepoint: 147552 ns, At safepoint: 10719 ns, Total: 158271 ns
[2020-09-12T12:35:57.096+0000][1][safepoint    ] Safepoint "Cleanup", Time since last: 1000113993 ns, Reaching safepoint: 104687 ns, At safepoint: 10213 ns, Total: 114900 ns
[2020-09-12T12:35:58.096+0000][1][safepoint    ] Safepoint "Cleanup", Time since last: 1000092211 ns, Reaching safepoint: 114587 ns, At safepoint: 9619 ns, Total: 124206 ns
[2020-09-12T12:35:59.096+0000][1][safepoint    ] Safepoint "Cleanup", Time since last: 1000121630 ns, Reaching safepoint: 104819 ns, At safepoint: 7896 ns, Total: 112715 ns
[2020-09-12T12:36:00.096+0000][1][safepoint    ] Safepoint "Cleanup", Time since last: 1000124033 ns, Reaching safepoint: 135572 ns, At safepoint: 10360 ns, Total: 145932 ns
[2020-09-12T12:36:01.097+0000][1][safepoint    ] Safepoint "Cleanup", Time since last: 1000115593 ns, Reaching safepoint: 136758 ns, At safepoint: 31629 ns, Total: 168387 ns
[2020-09-12T12:36:02.097+0000][1][safepoint    ] Safepoint "Cleanup", Time since last: 1000145404 ns, Reaching safepoint: 150918 ns, At safepoint: 10422 ns, Total: 161340 ns
[2020-09-12T12:36:04.066+0000][1][safepoint    ] Safepoint "Cleanup", Time since last: 1968356507 ns, Reaching safepoint: 272235 ns, At safepoint: 11350 ns, Total: 283585 ns
[2020-09-12T12:36:04.097+0000][1][safepoint    ] Safepoint "RevokeBias", Time since last: 31216190 ns, Reaching safepoint: 190096 ns, At safepoint: 25187 ns, Total: 215283 ns
[2020-09-12T12:36:05.097+0000][1][safepoint    ] Safepoint "Cleanup", Time since last: 1000112888 ns, Reaching safepoint: 114747 ns, At safepoint: 24381 ns, Total: 139128 ns
[2020-09-12T12:36:06.097+0000][1][safepoint    ] Safepoint "Cleanup", Time since last: 1000119116 ns, Reaching safepoint: 111099 ns, At safepoint: 12155 ns, Total: 123254 ns
[2020-09-12T12:36:07.001+0000][1][safepoint    ] Safepoint "RevokeBias", Time since last: 903243477 ns, Reaching safepoint: 378191 ns, At safepoint: 43524 ns, Total: 421715 ns
[2020-09-12T12:36:07.003+0000][1][safepoint    ] Safepoint "RevokeBias", Time since last: 817904 ns, Reaching safepoint: 1328841 ns, At safepoint: 31614 ns, Total: 1360455 ns
[2020-09-12T12:36:07.004+0000][1][safepoint    ] Safepoint "RevokeBias", Time since last: 66545 ns, Reaching safepoint: 197031 ns, At safepoint: 22982 ns, Total: 220013 ns
[2020-09-12T12:36:08.004+0000][1][safepoint    ] Safepoint "Cleanup", Time since last: 1000099509 ns, Reaching safepoint: 114667 ns, At safepoint: 15800 ns, Total: 130467 ns
[2020-09-12T12:36:09.004+0000][1][safepoint    ] Safepoint "Cleanup", Time since last: 1000132686 ns, Reaching safepoint: 108205 ns, At safepoint: 14781 ns, Total: 122986 ns
[2020-09-12T12:36:10.004+0000][1][safepoint    ] Safepoint "Cleanup", Time since last: 1000122141 ns, Reaching safepoint: 116108 ns, At safepoint: 15859 ns, Total: 131967 ns
[2020-09-12T12:36:10.444+0000][1][safepoint    ] Safepoint "RevokeBias", Time since last: 439610229 ns, Reaching safepoint: 257382 ns, At safepoint: 23349 ns, Total: 280731 ns
[2020-09-12T12:36:10.453+0000][1][safepoint    ] Safepoint "RevokeBias", Time since last: 8048093 ns, Reaching safepoint: 282158 ns, At safepoint: 24881 ns, Total: 307039 ns
[2020-09-12T12:36:10.453+0000][1][safepoint    ] Safepoint "RevokeBias", Time since last: 390929 ns, Reaching safepoint: 74106 ns, At safepoint: 14342 ns, Total: 88448 ns
[2020-09-12T12:36:10.585+0000][1][gc,start     ] GC(65) Pause Young (Allocation Failure)
[2020-09-12T12:36:10.585+0000][1][gc,task      ] GC(65) Using 2 workers of 2 for evacuation
[2020-09-12T12:36:10.594+0000][1][gc,age       ] GC(65) Desired survivor size 8716288 bytes, new threshold 6 (max threshold 6)
[2020-09-12T12:36:10.594+0000][1][gc,age       ] GC(65) Age table with threshold 6 (max threshold 6)
[2020-09-12T12:36:10.594+0000][1][gc,age       ] GC(65) - age   1:     626728 bytes,     626728 total
[2020-09-12T12:36:10.594+0000][1][gc,age       ] GC(65) - age   2:     243920 bytes,     870648 total
[2020-09-12T12:36:10.594+0000][1][gc,age       ] GC(65) - age   3:     152976 bytes,    1023624 total
[2020-09-12T12:36:10.594+0000][1][gc,age       ] GC(65) - age   4:      77968 bytes,    1101592 total
[2020-09-12T12:36:10.594+0000][1][gc,age       ] GC(65) - age   5:      85176 bytes,    1186768 total
[2020-09-12T12:36:10.594+0000][1][gc,age       ] GC(65) - age   6:     128328 bytes,    1315096 total
[2020-09-12T12:36:10.594+0000][1][gc,heap      ] GC(65) ParNew: 144255K->5360K(153344K)
[2020-09-12T12:36:10.594+0000][1][gc,heap      ] GC(65) CMS: 104379K->108726K(353920K)
[2020-09-12T12:36:10.594+0000][1][gc,metaspace ] GC(65) Metaspace: 98099K->98099K(1140736K)
[2020-09-12T12:36:10.594+0000][1][gc           ] GC(65) Pause Young (Allocation Failure) 242M->111M(495M) 9.072ms
[2020-09-12T12:36:10.594+0000][1][gc,cpu       ] GC(65) User=0.01s Sys=0.00s Real=0.01s
[2020-09-12T12:36:10.594+0000][1][safepoint    ] Safepoint "GenCollectForAllocation", Time since last: 131926111 ns, Reaching safepoint: 133984 ns, At safepoint: 9130216 ns, Total: 9264200 ns
[2020-09-12T12:36:11.594+0000][1][safepoint    ] Safepoint "Cleanup", Time since last: 1000092572 ns, Reaching safepoint: 125159 ns, At safepoint: 12229 ns, Total: 137388 ns
[2020-09-12T12:36:12.595+0000][1][safepoint    ] Safepoint "Cleanup", Time since last: 1000142711 ns, Reaching safepoint: 125652 ns, At safepoint: 8942 ns, Total: 134594 ns
[2020-09-12T12:36:13.595+0000][1][safepoint    ] Safepoint "Cleanup", Time since last: 1000120125 ns, Reaching safepoint: 117713 ns, At safepoint: 11524 ns, Total: 129237 ns
[2020-09-12T12:36:14.104+0000][1][safepoint    ] Safepoint "BulkRevokeBias", Time since last: 508594007 ns, Reaching safepoint: 141041 ns, At safepoint: 433192 ns, Total: 574233 ns
[2020-09-12T12:36:14.225+0000][1][safepoint    ] Safepoint "RevokeBias", Time since last: 120772180 ns, Reaching safepoint: 114021 ns, At safepoint: 22488 ns, Total: 136509 ns
[2020-09-12T12:36:15.225+0000][1][safepoint    ] Safepoint "Cleanup", Time since last: 1000110842 ns, Reaching safepoint: 113140 ns, At safepoint: 10463 ns, Total: 123603 ns
[2020-09-12T12:36:16.226+0000][1][safepoint    ] Safepoint "Cleanup", Time since last: 1000113462 ns, Reaching safepoint: 111660 ns, At safepoint: 10191 ns, Total: 121851 ns
[2020-09-12T12:36:17.226+0000][1][safepoint    ] Safepoint "Cleanup", Time since last: 1000126010 ns, Reaching safepoint: 111037 ns, At safepoint: 9049 ns, Total: 120086 ns
[2020-09-12T12:36:20.228+0000][1][safepoint    ] Safepoint "Cleanup", Time since last: 3002141696 ns, Reaching safepoint: 113054 ns, At safepoint: 9912 ns, Total: 122966 ns
[2020-09-12T12:36:21.228+0000][1][safepoint    ] Safepoint "Cleanup", Time since last: 1000116885 ns, Reaching safepoint: 117705 ns, At safepoint: 9534 ns, Total: 127239 ns
[2020-09-12T12:36:22.229+0000][1][safepoint    ] Safepoint "Cleanup", Time since last: 1000118252 ns, Reaching safepoint: 112007 ns, At safepoint: 8451 ns, Total: 120458 ns
[2020-09-12T12:36:23.229+0000][1][safepoint    ] Safepoint "Cleanup", Time since last: 1000129799 ns, Reaching safepoint: 132751 ns, At safepoint: 7936 ns, Total: 140687 ns
[2020-09-12T12:36:24.106+0000][1][safepoint    ] Safepoint "RevokeBias", Time since last: 877286527 ns, Reaching safepoint: 230315 ns, At safepoint: 25034 ns, Total: 255349 ns
[2020-09-12T12:36:25.107+0000][1][safepoint    ] Safepoint "Cleanup", Time since last: 1000111324 ns, Reaching safepoint: 115353 ns, At safepoint: 9995 ns, Total: 125348 ns
[2020-09-12T12:36:26.107+0000][1][safepoint    ] Safepoint "Cleanup", Time since last: 1000126469 ns, Reaching safepoint: 115359 ns, At safepoint: 10087 ns, Total: 125446 ns
[2020-09-12T12:36:31.107+0000][1][safepoint    ] Safepoint "Cleanup", Time since last: 5000442045 ns, Reaching safepoint: 115285 ns, At safepoint: 11437 ns, Total: 126722 ns
[2020-09-12T12:36:32.108+0000][1][safepoint    ] Safepoint "Cleanup", Time since last: 1000119670 ns, Reaching safepoint: 118182 ns, At safepoint: 10886 ns, Total: 129068 ns
[2020-09-12T12:36:34.109+0000][1][safepoint    ] Safepoint "RevokeBias", Time since last: 2000891582 ns, Reaching safepoint: 136153 ns, At safepoint: 24576 ns, Total: 160729 ns
[2020-09-12T12:36:35.109+0000][1][safepoint    ] Safepoint "Cleanup", Time since last: 1000126497 ns, Reaching safepoint: 117956 ns, At safepoint: 11234 ns, Total: 129190 ns
[2020-09-12T12:36:36.109+0000][1][safepoint    ] Safepoint "Cleanup", Time since last: 1000115603 ns, Reaching safepoint: 111305 ns, At safepoint: 10489 ns, Total: 121794 ns
[2020-09-12T12:36:37.110+0000][1][safepoint    ] Safepoint "Cleanup", Time since last: 1000162145 ns, Reaching safepoint: 170738 ns, At safepoint: 33280 ns, Total: 204018 ns
[2020-09-12T12:36:38.110+0000][1][safepoint    ] Safepoint "Cleanup", Time since last: 1000175286 ns, Reaching safepoint: 112302 ns, At safepoint: 11498 ns, Total: 123800 ns
[2020-09-12T12:36:39.110+0000][1][safepoint    ] Safepoint "Cleanup", Time since last: 1000144783 ns, Reaching safepoint: 106493 ns, At safepoint: 10648 ns, Total: 117141 ns
[2020-09-12T12:36:40.110+0000][1][safepoint    ] Safepoint "Cleanup", Time since last: 1000109233 ns, Reaching safepoint: 108372 ns, At safepoint: 10351 ns, Total: 118723 ns
[2020-09-12T12:36:41.111+0000][1][safepoint    ] Safepoint "Cleanup", Time since last: 1000144141 ns, Reaching safepoint: 120280 ns, At safepoint: 11407 ns, Total: 131687 ns
[2020-09-12T12:36:42.111+0000][1][safepoint    ] Safepoint "Cleanup", Time since last: 1000139521 ns, Reaching safepoint: 225001 ns, At safepoint: 16167 ns, Total: 241168 ns
[2020-09-12T12:36:43.111+0000][1][safepoint    ] Safepoint "Cleanup", Time since last: 1000160607 ns, Reaching safepoint: 121177 ns, At safepoint: 13042 ns, Total: 134219 ns
[2020-09-12T12:36:44.113+0000][1][safepoint    ] Safepoint "Cleanup", Time since last: 1001390747 ns, Reaching safepoint: 250429 ns, At safepoint: 19980 ns, Total: 270409 ns
[2020-09-12T12:36:44.128+0000][1][safepoint    ] Safepoint "RevokeBias", Time since last: 15126723 ns, Reaching safepoint: 106802 ns, At safepoint: 25876 ns, Total: 132678 ns
[2020-09-12T12:36:44.186+0000][1][gc,start     ] GC(66) Pause Young (Allocation Failure)
[2020-09-12T12:36:44.186+0000][1][gc,task      ] GC(66) Using 2 workers of 2 for evacuation
[2020-09-12T12:36:44.190+0000][1][gc,age       ] GC(66) Desired survivor size 8716288 bytes, new threshold 6 (max threshold 6)
[2020-09-12T12:36:44.190+0000][1][gc,age       ] GC(66) Age table with threshold 6 (max threshold 6)
[2020-09-12T12:36:44.190+0000][1][gc,age       ] GC(66) - age   1:    1100016 bytes,    1100016 total
[2020-09-12T12:36:44.190+0000][1][gc,age       ] GC(66) - age   2:     396536 bytes,    1496552 total
[2020-09-12T12:36:44.190+0000][1][gc,age       ] GC(66) - age   3:     169200 bytes,    1665752 total
[2020-09-12T12:36:44.190+0000][1][gc,age       ] GC(66) - age   4:     151440 bytes,    1817192 total
[2020-09-12T12:36:44.190+0000][1][gc,age       ] GC(66) - age   5:      77928 bytes,    1895120 total
[2020-09-12T12:36:44.190+0000][1][gc,age       ] GC(66) - age   6:      84904 bytes,    1980024 total
[2020-09-12T12:36:44.190+0000][1][gc,heap      ] GC(66) ParNew: 141680K->2491K(153344K)
[2020-09-12T12:36:44.190+0000][1][gc,heap      ] GC(66) CMS: 108726K->108851K(353920K)
[2020-09-12T12:36:44.190+0000][1][gc,metaspace ] GC(66) Metaspace: 98162K->98162K(1140736K)
[2020-09-12T12:36:44.190+0000][1][gc           ] GC(66) Pause Young (Allocation Failure) 244M->108M(495M) 4.796ms
[2020-09-12T12:36:44.190+0000][1][gc,cpu       ] GC(66) User=0.00s Sys=0.00s Real=0.01s
[2020-09-12T12:36:44.190+0000][1][safepoint    ] Safepoint "GenCollectForAllocation", Time since last: 57162563 ns, Reaching safepoint: 201181 ns, At safepoint: 4853838 ns, Total: 5055019 ns
[2020-09-12T12:36:45.191+0000][1][safepoint    ] Safepoint "Cleanup", Time since last: 1000089326 ns, Reaching safepoint: 116753 ns, At safepoint: 10334 ns, Total: 127087 ns
[2020-09-12T12:36:46.191+0000][1][safepoint    ] Safepoint "Cleanup", Time since last: 1000120481 ns, Reaching safepoint: 108451 ns, At safepoint: 10051 ns, Total: 118502 ns
[2020-09-12T12:36:47.191+0000][1][safepoint    ] Safepoint "Cleanup", Time since last: 1000113861 ns, Reaching safepoint: 104217 ns, At safepoint: 8800 ns, Total: 113017 ns
[2020-09-12T12:36:48.191+0000][1][safepoint    ] Safepoint "Cleanup", Time since last: 1000126501 ns, Reaching safepoint: 117111 ns, At safepoint: 11463 ns, Total: 128574 ns
[2020-09-12T12:36:49.192+0000][1][safepoint    ] Safepoint "Cleanup", Time since last: 1000125748 ns, Reaching safepoint: 109521 ns, At safepoint: 11476 ns, Total: 120997 ns
[2020-09-12T12:36:49.977+0000][1][safepoint    ] Safepoint "RevokeBias", Time since last: 784952252 ns, Reaching safepoint: 482039 ns, At safepoint: 32968 ns, Total: 515007 ns
[2020-09-12T12:36:49.978+0000][1][safepoint    ] Safepoint "RevokeBias", Time since last: 276507 ns, Reaching safepoint: 211204 ns, At safepoint: 22287 ns, Total: 233491 ns
[2020-09-12T12:36:50.978+0000][1][safepoint    ] Safepoint "Cleanup", Time since last: 1000139253 ns, Reaching safepoint: 138223 ns, At safepoint: 12342 ns, Total: 150565 ns
[2020-09-12T12:36:51.978+0000][1][safepoint    ] Safepoint "Cleanup", Time since last: 1000126872 ns, Reaching safepoint: 105540 ns, At safepoint: 12026 ns, Total: 117566 ns
[2020-09-12T12:36:52.978+0000][1][safepoint    ] Safepoint "Cleanup", Time since last: 1000112939 ns, Reaching safepoint: 111561 ns, At safepoint: 16131 ns, Total: 127692 ns
[2020-09-12T12:36:53.979+0000][1][safepoint    ] Safepoint "Cleanup", Time since last: 1000144426 ns, Reaching safepoint: 131400 ns, At safepoint: 9900 ns, Total: 141300 ns
[2020-09-12T12:36:54.153+0000][1][safepoint    ] Safepoint "RevokeBias", Time since last: 169768849 ns, Reaching safepoint: 4401576 ns, At safepoint: 38720 ns, Total: 4440296 ns
[2020-09-12T12:36:55.153+0000][1][safepoint    ] Safepoint "Cleanup", Time since last: 1000125256 ns, Reaching safepoint: 121979 ns, At safepoint: 16722 ns, Total: 138701 ns
[2020-09-12T12:36:56.153+0000][1][safepoint    ] Safepoint "Cleanup", Time since last: 1000121441 ns, Reaching safepoint: 108513 ns, At safepoint: 11833 ns, Total: 120346 ns
[2020-09-12T12:36:57.154+0000][1][safepoint    ] Safepoint "Cleanup", Time since last: 1000127238 ns, Reaching safepoint: 150099 ns, At safepoint: 12470 ns, Total: 162569 ns
[2020-09-12T12:36:58.154+0000][1][safepoint    ] Safepoint "Cleanup", Time since last: 1000091674 ns, Reaching safepoint: 104033 ns, At safepoint: 10639 ns, Total: 114672 ns
[2020-09-12T12:36:59.154+0000][1][safepoint    ] Safepoint "Cleanup", Time since last: 1000146157 ns, Reaching safepoint: 116805 ns, At safepoint: 11663 ns, Total: 128468 ns
[2020-09-12T12:37:00.154+0000][1][safepoint    ] Safepoint "Cleanup", Time since last: 1000114937 ns, Reaching safepoint: 113373 ns, At safepoint: 21747 ns, Total: 135120 ns
[2020-09-12T12:37:01.155+0000][1][safepoint    ] Safepoint "Cleanup", Time since last: 1000155415 ns, Reaching safepoint: 161222 ns, At safepoint: 22488 ns, Total: 183710 ns
[2020-09-12T12:37:02.155+0000][1][safepoint    ] Safepoint "Cleanup", Time since last: 1000274781 ns, Reaching safepoint: 179788 ns, At safepoint: 13515 ns, Total: 193303 ns
[2020-09-12T12:37:03.155+0000][1][safepoint    ] Safepoint "Cleanup", Time since last: 1000107885 ns, Reaching safepoint: 115685 ns, At safepoint: 9974 ns, Total: 125659 ns
[2020-09-12T12:37:04.144+0000][1][safepoint    ] Safepoint "RevokeBias", Time since last: 988452852 ns, Reaching safepoint: 111918 ns, At safepoint: 34583 ns, Total: 146501 ns
[2020-09-12T12:37:05.144+0000][1][safepoint    ] Safepoint "Cleanup", Time since last: 1000111397 ns, Reaching safepoint: 123070 ns, At safepoint: 10375 ns, Total: 133445 ns
[2020-09-12T12:37:06.145+0000][1][safepoint    ] Safepoint "Cleanup", Time since last: 1000130030 ns, Reaching safepoint: 111795 ns, At safepoint: 11367 ns, Total: 123162 ns
[2020-09-12T12:37:07.145+0000][1][safepoint    ] Safepoint "Cleanup", Time since last: 1000143392 ns, Reaching safepoint: 105782 ns, At safepoint: 8272 ns, Total: 114054 ns
[2020-09-12T12:37:08.145+0000][1][safepoint    ] Safepoint "Cleanup", Time since last: 1000112161 ns, Reaching safepoint: 108851 ns, At safepoint: 10020 ns, Total: 118871 ns
[2020-09-12T12:37:09.145+0000][1][safepoint    ] Safepoint "Cleanup", Time since last: 1000126382 ns, Reaching safepoint: 288663 ns, At safepoint: 16525 ns, Total: 305188 ns
[2020-09-12T12:37:10.146+0000][1][safepoint    ] Safepoint "Cleanup", Time since last: 1000122157 ns, Reaching safepoint: 106873 ns, At safepoint: 10727 ns, Total: 117600 ns
[2020-09-12T12:37:11.146+0000][1][safepoint    ] Safepoint "Cleanup", Time since last: 1000123050 ns, Reaching safepoint: 116862 ns, At safepoint: 12486 ns, Total: 129348 ns
[2020-09-12T12:37:12.146+0000][1][safepoint    ] Safepoint "Cleanup", Time since last: 1000132487 ns, Reaching safepoint: 145762 ns, At safepoint: 11063 ns, Total: 156825 ns
[2020-09-12T12:37:13.150+0000][1][safepoint    ] Safepoint "Cleanup", Time since last: 1003775159 ns, Reaching safepoint: 197134 ns, At safepoint: 10768 ns, Total: 207902 ns
[2020-09-12T12:37:14.095+0000][1][safepoint    ] Safepoint "RevokeBias", Time since last: 941877290 ns, Reaching safepoint: 2686165 ns, At safepoint: 250037 ns, Total: 2936202 ns
[2020-09-12T12:37:15.095+0000][1][safepoint    ] Safepoint "Cleanup", Time since last: 1000154924 ns, Reaching safepoint: 147165 ns, At safepoint: 13220 ns, Total: 160385 ns
[2020-09-12T12:37:16.096+0000][1][safepoint    ] Safepoint "Cleanup", Time since last: 1000121212 ns, Reaching safepoint: 111534 ns, At safepoint: 9003 ns, Total: 120537 ns
[2020-09-12T12:37:17.096+0000][1][safepoint    ] Safepoint "Cleanup", Time since last: 1000131295 ns, Reaching safepoint: 120687 ns, At safepoint: 10934 ns, Total: 131621 ns
[2020-09-12T12:37:18.096+0000][1][safepoint    ] Safepoint "Cleanup", Time since last: 1000118827 ns, Reaching safepoint: 106514 ns, At safepoint: 67150 ns, Total: 173664 ns
[2020-09-12T12:37:19.096+0000][1][safepoint    ] Safepoint "Cleanup", Time since last: 1000156831 ns, Reaching safepoint: 106354 ns, At safepoint: 9386 ns, Total: 115740 ns
[2020-09-12T12:37:20.097+0000][1][safepoint    ] Safepoint "Cleanup", Time since last: 1000117549 ns, Reaching safepoint: 106947 ns, At safepoint: 57513 ns, Total: 164460 ns
[2020-09-12T12:37:20.836+0000][1][gc,start     ] GC(67) Pause Young (Allocation Failure)
[2020-09-12T12:37:20.837+0000][1][gc,task      ] GC(67) Using 2 workers of 2 for evacuation
[2020-09-12T12:37:20.845+0000][1][gc,age       ] GC(67) Desired survivor size 8716288 bytes, new threshold 6 (max threshold 6)
[2020-09-12T12:37:20.845+0000][1][gc,age       ] GC(67) Age table with threshold 6 (max threshold 6)
[2020-09-12T12:37:20.845+0000][1][gc,age       ] GC(67) - age   1:     757760 bytes,     757760 total
[2020-09-12T12:37:20.845+0000][1][gc,age       ] GC(67) - age   2:     163472 bytes,     921232 total
[2020-09-12T12:37:20.845+0000][1][gc,age       ] GC(67) - age   3:     128008 bytes,    1049240 total
[2020-09-12T12:37:20.845+0000][1][gc,age       ] GC(67) - age   4:     168872 bytes,    1218112 total
[2020-09-12T12:37:20.845+0000][1][gc,age       ] GC(67) - age   5:     151056 bytes,    1369168 total
[2020-09-12T12:37:20.845+0000][1][gc,age       ] GC(67) - age   6:      77928 bytes,    1447096 total
[2020-09-12T12:37:20.845+0000][1][gc,heap      ] GC(67) ParNew: 138797K->1865K(153344K)
[2020-09-12T12:37:20.845+0000][1][gc,heap      ] GC(67) CMS: 108851K->108934K(353920K)
[2020-09-12T12:37:20.845+0000][1][gc,metaspace ] GC(67) Metaspace: 98228K->98228K(1140736K)
[2020-09-12T12:37:20.845+0000][1][gc           ] GC(67) Pause Young (Allocation Failure) 241M->108M(495M) 8.943ms
[2020-09-12T12:37:20.845+0000][1][gc,cpu       ] GC(67) User=0.01s Sys=0.00s Real=0.01s
[2020-09-12T12:37:20.846+0000][1][safepoint    ] Safepoint "GenCollectForAllocation", Time since last: 739589192 ns, Reaching safepoint: 201837 ns, At safepoint: 9045824 ns, Total: 9247661 ns
[2020-09-12T12:37:21.846+0000][1][safepoint    ] Safepoint "Cleanup", Time since last: 1000092658 ns, Reaching safepoint: 105867 ns, At safepoint: 13746 ns, Total: 119613 ns
[2020-09-12T12:37:22.846+0000][1][safepoint    ] Safepoint "Cleanup", Time since last: 1000126094 ns, Reaching safepoint: 103717 ns, At safepoint: 9724 ns, Total: 113441 ns
[2020-09-12T12:37:23.846+0000][1][safepoint    ] Safepoint "Cleanup", Time since last: 1000330069 ns, Reaching safepoint: 113727 ns, At safepoint: 8418 ns, Total: 122145 ns
[2020-09-12T12:37:24.091+0000][1][safepoint    ] Safepoint "RevokeBias", Time since last: 244524995 ns, Reaching safepoint: 113502 ns, At safepoint: 30868 ns, Total: 144370 ns
[2020-09-12T12:37:25.091+0000][1][safepoint    ] Safepoint "Cleanup", Time since last: 1000117128 ns, Reaching safepoint: 110698 ns, At safepoint: 12131 ns, Total: 122829 ns
[2020-09-12T12:37:26.092+0000][1][safepoint    ] Safepoint "Cleanup", Time since last: 1000139665 ns, Reaching safepoint: 168713 ns, At safepoint: 22435 ns, Total: 191148 ns
[2020-09-12T12:37:27.092+0000][1][safepoint    ] Safepoint "Cleanup", Time since last: 1000141103 ns, Reaching safepoint: 121583 ns, At safepoint: 11129 ns, Total: 132712 ns
[2020-09-12T12:37:28.092+0000][1][safepoint    ] Safepoint "Cleanup", Time since last: 1000114796 ns, Reaching safepoint: 105714 ns, At safepoint: 10280 ns, Total: 115994 ns
[2020-09-12T12:37:29.092+0000][1][safepoint    ] Safepoint "Cleanup", Time since last: 1000121859 ns, Reaching safepoint: 109087 ns, At safepoint: 11471 ns, Total: 120558 ns
[2020-09-12T12:37:30.093+0000][1][safepoint    ] Safepoint "Cleanup", Time since last: 1000121675 ns, Reaching safepoint: 121146 ns, At safepoint: 13652 ns, Total: 134798 ns
[2020-09-12T12:37:31.093+0000][1][safepoint    ] Safepoint "Cleanup", Time since last: 1000091734 ns, Reaching safepoint: 115728 ns, At safepoint: 13623 ns, Total: 129351 ns
[2020-09-12T12:37:32.093+0000][1][safepoint    ] Safepoint "Cleanup", Time since last: 1000140366 ns, Reaching safepoint: 337774 ns, At safepoint: 9338 ns, Total: 347112 ns
[2020-09-12T12:37:33.094+0000][1][safepoint    ] Safepoint "Cleanup", Time since last: 1000115210 ns, Reaching safepoint: 115447 ns, At safepoint: 9489 ns, Total: 124936 ns
[2020-09-12T12:37:34.095+0000][1][safepoint    ] Safepoint "Cleanup", Time since last: 1001347505 ns, Reaching safepoint: 108414 ns, At safepoint: 7944 ns, Total: 116358 ns
[2020-09-12T12:37:34.107+0000][1][safepoint    ] Safepoint "RevokeBias", Time since last: 11649663 ns, Reaching safepoint: 98908 ns, At safepoint: 22372 ns, Total: 121280 ns
[2020-09-12T12:37:35.107+0000][1][safepoint    ] Safepoint "Cleanup", Time since last: 1000148358 ns, Reaching safepoint: 118049 ns, At safepoint: 27393 ns, Total: 145442 ns
[2020-09-12T12:37:36.107+0000][1][safepoint    ] Safepoint "Cleanup", Time since last: 1000118557 ns, Reaching safepoint: 105184 ns, At safepoint: 13369 ns, Total: 118553 ns
[2020-09-12T12:37:37.108+0000][1][safepoint    ] Safepoint "Cleanup", Time since last: 1000130348 ns, Reaching safepoint: 148679 ns, At safepoint: 12153 ns, Total: 160832 ns
[2020-09-12T12:37:38.108+0000][1][safepoint    ] Safepoint "Cleanup", Time since last: 1000152384 ns, Reaching safepoint: 106741 ns, At safepoint: 9483 ns, Total: 116224 ns
[2020-09-12T12:37:39.108+0000][1][safepoint    ] Safepoint "Cleanup", Time since last: 1000120235 ns, Reaching safepoint: 109598 ns, At safepoint: 12476 ns, Total: 122074 ns
[2020-09-12T12:37:40.108+0000][1][safepoint    ] Safepoint "Cleanup", Time since last: 1000117327 ns, Reaching safepoint: 104779 ns, At safepoint: 10266 ns, Total: 115045 ns
[2020-09-12T12:37:41.109+0000][1][safepoint    ] Safepoint "Cleanup", Time since last: 1000116596 ns, Reaching safepoint: 173015 ns, At safepoint: 14018 ns, Total: 187033 ns
[2020-09-12T12:37:42.109+0000][1][safepoint    ] Safepoint "Cleanup", Time since last: 1000204332 ns, Reaching safepoint: 136765 ns, At safepoint: 33128 ns, Total: 169893 ns
[2020-09-12T12:37:43.109+0000][1][safepoint    ] Safepoint "Cleanup", Time since last: 1000113683 ns, Reaching safepoint: 166475 ns, At safepoint: 11154 ns, Total: 177629 ns
[2020-09-12T12:37:44.113+0000][1][safepoint    ] Safepoint "Cleanup", Time since last: 1000544791 ns, Reaching safepoint: 2889927 ns, At safepoint: 19751 ns, Total: 2909678 ns
[2020-09-12T12:37:44.164+0000][1][safepoint    ] Safepoint "RevokeBias", Time since last: 51375781 ns, Reaching safepoint: 134349 ns, At safepoint: 32113 ns, Total: 166462 ns
[2020-09-12T12:37:45.295+0000][1][safepoint    ] Safepoint "Cleanup", Time since last: 1130860398 ns, Reaching safepoint: 136312 ns, At safepoint: 12615 ns, Total: 148927 ns
[2020-09-12T12:37:46.296+0000][1][safepoint    ] Safepoint "Cleanup", Time since last: 1000118428 ns, Reaching safepoint: 107184 ns, At safepoint: 8117 ns, Total: 115301 ns
[2020-09-12T12:37:48.167+0000][1][safepoint    ] Safepoint "Cleanup", Time since last: 1871490688 ns, Reaching safepoint: 119297 ns, At safepoint: 8127 ns, Total: 127424 ns
[2020-09-12T12:37:49.168+0000][1][safepoint    ] Safepoint "Cleanup", Time since last: 1000137462 ns, Reaching safepoint: 116045 ns, At safepoint: 14260 ns, Total: 130305 ns
[2020-09-12T12:37:50.168+0000][1][safepoint    ] Safepoint "Cleanup", Time since last: 1000116116 ns, Reaching safepoint: 104735 ns, At safepoint: 8851 ns, Total: 113586 ns
[2020-09-12T12:37:51.168+0000][1][safepoint    ] Safepoint "Cleanup", Time since last: 1000115615 ns, Reaching safepoint: 107157 ns, At safepoint: 11144 ns, Total: 118301 ns
[2020-09-12T12:37:52.168+0000][1][safepoint    ] Safepoint "Cleanup", Time since last: 1000116706 ns, Reaching safepoint: 130272 ns, At safepoint: 8408 ns, Total: 138680 ns
[2020-09-12T12:37:53.169+0000][1][safepoint    ] Safepoint "Cleanup", Time since last: 1000186652 ns, Reaching safepoint: 130531 ns, At safepoint: 11008 ns, Total: 141539 ns
[2020-09-12T12:37:54.118+0000][1][safepoint    ] Safepoint "RevokeBias", Time since last: 949755055 ns, Reaching safepoint: 117020 ns, At safepoint: 22572 ns, Total: 139592 ns
[2020-09-12T12:37:54.215+0000][1][gc,start     ] GC(68) Pause Young (Allocation Failure)
[2020-09-12T12:37:54.215+0000][1][gc,task      ] GC(68) Using 2 workers of 2 for evacuation
[2020-09-12T12:37:54.230+0000][1][gc,age       ] GC(68) Desired survivor size 8716288 bytes, new threshold 6 (max threshold 6)
[2020-09-12T12:37:54.230+0000][1][gc,age       ] GC(68) Age table with threshold 6 (max threshold 6)
[2020-09-12T12:37:54.230+0000][1][gc,age       ] GC(68) - age   1:     711168 bytes,     711168 total
[2020-09-12T12:37:54.230+0000][1][gc,age       ] GC(68) - age   2:     148208 bytes,     859376 total
[2020-09-12T12:37:54.230+0000][1][gc,age       ] GC(68) - age   3:     127216 bytes,     986592 total
[2020-09-12T12:37:54.230+0000][1][gc,age       ] GC(68) - age   4:     127680 bytes,    1114272 total
[2020-09-12T12:37:54.230+0000][1][gc,age       ] GC(68) - age   5:     167488 bytes,    1281760 total
[2020-09-12T12:37:54.230+0000][1][gc,age       ] GC(68) - age   6:     150784 bytes,    1432544 total
[2020-09-12T12:37:54.230+0000][1][gc,heap      ] GC(68) ParNew: 138185K->2289K(153344K)
[2020-09-12T12:37:54.230+0000][1][gc,heap      ] GC(68) CMS: 108934K->109010K(353920K)
[2020-09-12T12:37:54.230+0000][1][gc,metaspace ] GC(68) Metaspace: 98309K->98309K(1140736K)
[2020-09-12T12:37:54.230+0000][1][gc           ] GC(68) Pause Young (Allocation Failure) 241M->108M(495M) 14.741ms
[2020-09-12T12:37:54.230+0000][1][gc,cpu       ] GC(68) User=0.01s Sys=0.00s Real=0.02s
[2020-09-12T12:37:54.230+0000][1][safepoint    ] Safepoint "GenCollectForAllocation", Time since last: 94626053 ns, Reaching safepoint: 1941643 ns, At safepoint: 14808150 ns, Total: 16749793 ns
[2020-09-12T12:37:55.230+0000][1][safepoint    ] Safepoint "Cleanup", Time since last: 1000089739 ns, Reaching safepoint: 134491 ns, At safepoint: 11493 ns, Total: 145984 ns
[2020-09-12T12:37:56.230+0000][1][safepoint    ] Safepoint "Cleanup", Time since last: 1000133835 ns, Reaching safepoint: 107726 ns, At safepoint: 7928 ns, Total: 115654 ns
[2020-09-12T12:37:57.231+0000][1][safepoint    ] Safepoint "Cleanup", Time since last: 1000113009 ns, Reaching safepoint: 104481 ns, At safepoint: 8787 ns, Total: 113268 ns
[2020-09-12T12:37:58.231+0000][1][safepoint    ] Safepoint "Cleanup", Time since last: 1000119086 ns, Reaching safepoint: 104198 ns, At safepoint: 8038 ns, Total: 112236 ns
[2020-09-12T12:37:59.231+0000][1][safepoint    ] Safepoint "Cleanup", Time since last: 1000113637 ns, Reaching safepoint: 140729 ns, At safepoint: 13309 ns, Total: 154038 ns
[2020-09-12T12:38:00.231+0000][1][safepoint    ] Safepoint "Cleanup", Time since last: 1000140941 ns, Reaching safepoint: 107639 ns, At safepoint: 9647 ns, Total: 117286 ns
[2020-09-12T12:38:01.232+0000][1][safepoint    ] Safepoint "Cleanup", Time since last: 1000134940 ns, Reaching safepoint: 134646 ns, At safepoint: 9982 ns, Total: 144628 ns
[2020-09-12T12:38:02.232+0000][1][safepoint    ] Safepoint "Cleanup", Time since last: 1000134757 ns, Reaching safepoint: 102080 ns, At safepoint: 8517 ns, Total: 110597 ns
[2020-09-12T12:38:03.232+0000][1][safepoint    ] Safepoint "Cleanup", Time since last: 1000132278 ns, Reaching safepoint: 106999 ns, At safepoint: 8625 ns, Total: 115624 ns
[2020-09-12T12:38:04.121+0000][1][safepoint    ] Safepoint "RevokeBias", Time since last: 889030456 ns, Reaching safepoint: 108205 ns, At safepoint: 21971 ns, Total: 130176 ns
[2020-09-12T12:38:05.121+0000][1][safepoint    ] Safepoint "Cleanup", Time since last: 1000119384 ns, Reaching safepoint: 118077 ns, At safepoint: 7758 ns, Total: 125835 ns
[2020-09-12T12:38:06.122+0000][1][safepoint    ] Safepoint "Cleanup", Time since last: 1000155057 ns, Reaching safepoint: 153938 ns, At safepoint: 10487 ns, Total: 164425 ns
[2020-09-12T12:38:07.122+0000][1][safepoint    ] Safepoint "Cleanup", Time since last: 1000115641 ns, Reaching safepoint: 108329 ns, At safepoint: 9289 ns, Total: 117618 ns
[2020-09-12T12:38:08.122+0000][1][safepoint    ] Safepoint "Cleanup", Time since last: 1000131791 ns, Reaching safepoint: 107994 ns, At safepoint: 8053 ns, Total: 116047 ns
[2020-09-12T12:38:09.123+0000][1][safepoint    ] Safepoint "Cleanup", Time since last: 1000161644 ns, Reaching safepoint: 118206 ns, At safepoint: 10689 ns, Total: 128895 ns
[2020-09-12T12:38:10.123+0000][1][safepoint    ] Safepoint "Cleanup", Time since last: 1000191491 ns, Reaching safepoint: 147756 ns, At safepoint: 34260 ns, Total: 182016 ns
[2020-09-12T12:38:11.123+0000][1][safepoint    ] Safepoint "Cleanup", Time since last: 1000113855 ns, Reaching safepoint: 104582 ns, At safepoint: 8681 ns, Total: 113263 ns
[2020-09-12T12:38:12.124+0000][1][safepoint    ] Safepoint "Cleanup", Time since last: 1000116896 ns, Reaching safepoint: 262564 ns, At safepoint: 29330 ns, Total: 291894 ns
[2020-09-12T12:38:13.124+0000][1][safepoint    ] Safepoint "Cleanup", Time since last: 1000135985 ns, Reaching safepoint: 106090 ns, At safepoint: 9153 ns, Total: 115243 ns
[2020-09-12T12:38:14.124+0000][1][safepoint    ] Safepoint "Cleanup", Time since last: 1000109585 ns, Reaching safepoint: 227069 ns, At safepoint: 14023 ns, Total: 241092 ns
[2020-09-12T12:38:14.132+0000][1][safepoint    ] Safepoint "RevokeBias", Time since last: 7792067 ns, Reaching safepoint: 109412 ns, At safepoint: 26538 ns, Total: 135950 ns
[2020-09-12T12:38:15.132+0000][1][safepoint    ] Safepoint "Cleanup", Time since last: 1000151877 ns, Reaching safepoint: 146388 ns, At safepoint: 10032 ns, Total: 156420 ns
[2020-09-12T12:38:16.133+0000][1][safepoint    ] Safepoint "Cleanup", Time since last: 1000190182 ns, Reaching safepoint: 118160 ns, At safepoint: 10508 ns, Total: 128668 ns
[2020-09-12T12:38:17.133+0000][1][safepoint    ] Safepoint "Cleanup", Time since last: 1000116300 ns, Reaching safepoint: 105177 ns, At safepoint: 8664 ns, Total: 113841 ns
[2020-09-12T12:38:18.133+0000][1][safepoint    ] Safepoint "Cleanup", Time since last: 1000112091 ns, Reaching safepoint: 104378 ns, At safepoint: 8247 ns, Total: 112625 ns
[2020-09-12T12:38:19.133+0000][1][safepoint    ] Safepoint "Cleanup", Time since last: 1000128013 ns, Reaching safepoint: 107679 ns, At safepoint: 9703 ns, Total: 117382 ns
[2020-09-12T12:38:20.134+0000][1][safepoint    ] Safepoint "Cleanup", Time since last: 1000122833 ns, Reaching safepoint: 113656 ns, At safepoint: 13344 ns, Total: 127000 ns
[2020-09-12T12:38:21.134+0000][1][safepoint    ] Safepoint "Cleanup", Time since last: 1000121210 ns, Reaching safepoint: 170803 ns, At safepoint: 62363 ns, Total: 233166 ns
[2020-09-12T12:38:22.134+0000][1][safepoint    ] Safepoint "Cleanup", Time since last: 1000104701 ns, Reaching safepoint: 116772 ns, At safepoint: 10208 ns, Total: 126980 ns
[2020-09-12T12:38:23.135+0000][1][safepoint    ] Safepoint "Cleanup", Time since last: 1000126313 ns, Reaching safepoint: 108134 ns, At safepoint: 8700 ns, Total: 116834 ns
[2020-09-12T12:38:24.108+0000][1][safepoint    ] Safepoint "RevokeBias", Time since last: 973505736 ns, Reaching safepoint: 204810 ns, At safepoint: 24397 ns, Total: 229207 ns
[2020-09-12T12:38:25.109+0000][1][safepoint    ] Safepoint "Cleanup", Time since last: 1000163977 ns, Reaching safepoint: 121303 ns, At safepoint: 9389 ns, Total: 130692 ns
[2020-09-12T12:38:26.109+0000][1][safepoint    ] Safepoint "Cleanup", Time since last: 1000131969 ns, Reaching safepoint: 147523 ns, At safepoint: 17574 ns, Total: 165097 ns
[2020-09-12T12:38:27.109+0000][1][safepoint    ] Safepoint "Cleanup", Time since last: 1000233600 ns, Reaching safepoint: 105687 ns, At safepoint: 8643 ns, Total: 114330 ns
[2020-09-12T12:38:28.109+0000][1][safepoint    ] Safepoint "Cleanup", Time since last: 1000188332 ns, Reaching safepoint: 109671 ns, At safepoint: 8442 ns, Total: 118113 ns
[2020-09-12T12:38:29.110+0000][1][safepoint    ] Safepoint "Cleanup", Time since last: 1000114095 ns, Reaching safepoint: 103601 ns, At safepoint: 9051 ns, Total: 112652 ns
[2020-09-12T12:38:30.110+0000][1][safepoint    ] Safepoint "Cleanup", Time since last: 1000176706 ns, Reaching safepoint: 177071 ns, At safepoint: 11336 ns, Total: 188407 ns
[2020-09-12T12:38:31.110+0000][1][safepoint    ] Safepoint "Cleanup", Time since last: 1000115852 ns, Reaching safepoint: 110810 ns, At safepoint: 10357 ns, Total: 121167 ns
[2020-09-12T12:38:32.111+0000][1][safepoint    ] Safepoint "Cleanup", Time since last: 1000113691 ns, Reaching safepoint: 119558 ns, At safepoint: 9822 ns, Total: 129380 ns
[2020-09-12T12:38:33.111+0000][1][safepoint    ] Safepoint "Cleanup", Time since last: 1000114301 ns, Reaching safepoint: 106089 ns, At safepoint: 8865 ns, Total: 114954 ns
[2020-09-12T12:38:34.112+0000][1][safepoint    ] Safepoint "Cleanup", Time since last: 1000357428 ns, Reaching safepoint: 702534 ns, At safepoint: 52326 ns, Total: 754860 ns
[2020-09-12T12:38:34.122+0000][1][safepoint    ] Safepoint "RevokeBias", Time since last: 10226924 ns, Reaching safepoint: 103146 ns, At safepoint: 21848 ns, Total: 124994 ns
[2020-09-12T12:38:34.140+0000][1][gc,start     ] GC(69) Pause Young (Allocation Failure)
[2020-09-12T12:38:34.140+0000][1][gc,task      ] GC(69) Using 2 workers of 2 for evacuation
[2020-09-12T12:38:34.154+0000][1][gc,age       ] GC(69) Desired survivor size 8716288 bytes, new threshold 6 (max threshold 6)
[2020-09-12T12:38:34.154+0000][1][gc,age       ] GC(69) Age table with threshold 6 (max threshold 6)
[2020-09-12T12:38:34.154+0000][1][gc,age       ] GC(69) - age   1:    1168096 bytes,    1168096 total
[2020-09-12T12:38:34.154+0000][1][gc,age       ] GC(69) - age   2:     145368 bytes,    1313464 total
[2020-09-12T12:38:34.154+0000][1][gc,age       ] GC(69) - age   3:      68352 bytes,    1381816 total
[2020-09-12T12:38:34.154+0000][1][gc,age       ] GC(69) - age   4:     125784 bytes,    1507600 total
[2020-09-12T12:38:34.154+0000][1][gc,age       ] GC(69) - age   5:     126312 bytes,    1633912 total
[2020-09-12T12:38:34.154+0000][1][gc,age       ] GC(69) - age   6:     167024 bytes,    1800936 total
[2020-09-12T12:38:34.154+0000][1][gc,heap      ] GC(69) ParNew: 138609K->2861K(153344K)
[2020-09-12T12:38:34.154+0000][1][gc,heap      ] GC(69) CMS: 109010K->109157K(353920K)
[2020-09-12T12:38:34.154+0000][1][gc,metaspace ] GC(69) Metaspace: 98431K->98431K(1140736K)
[2020-09-12T12:38:34.154+0000][1][gc           ] GC(69) Pause Young (Allocation Failure) 241M->109M(495M) 14.672ms
[2020-09-12T12:38:34.154+0000][1][gc,cpu       ] GC(69) User=0.02s Sys=0.00s Real=0.02s
[2020-09-12T12:38:34.154+0000][1][safepoint    ] Safepoint "GenCollectForAllocation", Time since last: 17173756 ns, Reaching safepoint: 183955 ns, At safepoint: 14731467 ns, Total: 14915422 ns
[2020-09-12T12:38:35.155+0000][1][safepoint    ] Safepoint "Cleanup", Time since last: 1000108570 ns, Reaching safepoint: 127026 ns, At safepoint: 12347 ns, Total: 139373 ns
[2020-09-12T12:38:36.155+0000][1][safepoint    ] Safepoint "Cleanup", Time since last: 1000135906 ns, Reaching safepoint: 108392 ns, At safepoint: 11437 ns, Total: 119829 ns
[2020-09-12T12:38:37.155+0000][1][safepoint    ] Safepoint "Cleanup", Time since last: 1000121955 ns, Reaching safepoint: 106227 ns, At safepoint: 16800 ns, Total: 123027 ns
[2020-09-12T12:38:38.155+0000][1][safepoint    ] Safepoint "Cleanup", Time since last: 1000133222 ns, Reaching safepoint: 105335 ns, At safepoint: 15846 ns, Total: 121181 ns
[2020-09-12T12:38:39.156+0000][1][safepoint    ] Safepoint "Cleanup", Time since last: 1000122992 ns, Reaching safepoint: 103932 ns, At safepoint: 15281 ns, Total: 119213 ns
[2020-09-12T12:38:40.156+0000][1][safepoint    ] Safepoint "Cleanup", Time since last: 1000118219 ns, Reaching safepoint: 105244 ns, At safepoint: 15245 ns, Total: 120489 ns
[2020-09-12T12:38:41.156+0000][1][safepoint    ] Safepoint "Cleanup", Time since last: 1000125598 ns, Reaching safepoint: 105294 ns, At safepoint: 15941 ns, Total: 121235 ns
[2020-09-12T12:38:42.156+0000][1][safepoint    ] Safepoint "Cleanup", Time since last: 1000115524 ns, Reaching safepoint: 155446 ns, At safepoint: 15778 ns, Total: 171224 ns
[2020-09-12T12:38:43.157+0000][1][safepoint    ] Safepoint "Cleanup", Time since last: 1000124452 ns, Reaching safepoint: 104815 ns, At safepoint: 17818 ns, Total: 122633 ns
[2020-09-12T12:38:44.111+0000][1][safepoint    ] Safepoint "RevokeBias", Time since last: 953833022 ns, Reaching safepoint: 214243 ns, At safepoint: 106275 ns, Total: 320518 ns
[2020-09-12T12:38:45.111+0000][1][safepoint    ] Safepoint "Cleanup", Time since last: 1000116533 ns, Reaching safepoint: 111035 ns, At safepoint: 14418 ns, Total: 125453 ns
[2020-09-12T12:38:46.111+0000][1][safepoint    ] Safepoint "Cleanup", Time since last: 1000116175 ns, Reaching safepoint: 106496 ns, At safepoint: 14024 ns, Total: 120520 ns
[2020-09-12T12:38:47.111+0000][1][safepoint    ] Safepoint "Cleanup", Time since last: 1000115428 ns, Reaching safepoint: 116067 ns, At safepoint: 10105 ns, Total: 126172 ns
[2020-09-12T12:38:48.112+0000][1][safepoint    ] Safepoint "Cleanup", Time since last: 1000121077 ns, Reaching safepoint: 106551 ns, At safepoint: 11329 ns, Total: 117880 ns
[2020-09-12T12:38:49.112+0000][1][safepoint    ] Safepoint "Cleanup", Time since last: 1000121955 ns, Reaching safepoint: 105261 ns, At safepoint: 10235 ns, Total: 115496 ns
[2020-09-12T12:38:50.112+0000][1][safepoint    ] Safepoint "Cleanup", Time since last: 1000117156 ns, Reaching safepoint: 111318 ns, At safepoint: 15998 ns, Total: 127316 ns
[2020-09-12T12:38:51.113+0000][1][safepoint    ] Safepoint "Cleanup", Time since last: 1000121413 ns, Reaching safepoint: 136780 ns, At safepoint: 54525 ns, Total: 191305 ns
[2020-09-12T12:38:52.113+0000][1][safepoint    ] Safepoint "Cleanup", Time since last: 1000133327 ns, Reaching safepoint: 103822 ns, At safepoint: 8416 ns, Total: 112238 ns
[2020-09-12T12:38:53.113+0000][1][safepoint    ] Safepoint "Cleanup", Time since last: 1000111809 ns, Reaching safepoint: 135764 ns, At safepoint: 11655 ns, Total: 147419 ns
[2020-09-12T12:38:54.114+0000][1][safepoint    ] Safepoint "Cleanup", Time since last: 1000684392 ns, Reaching safepoint: 703138 ns, At safepoint: 15923 ns, Total: 719061 ns
[2020-09-12T12:38:54.116+0000][1][safepoint    ] Safepoint "RevokeBias", Time since last: 1650278 ns, Reaching safepoint: 221915 ns, At safepoint: 30247 ns, Total: 252162 ns
[2020-09-12T12:38:55.117+0000][1][safepoint    ] Safepoint "Cleanup", Time since last: 1000111766 ns, Reaching safepoint: 116143 ns, At safepoint: 17517 ns, Total: 133660 ns
[2020-09-12T12:38:56.117+0000][1][safepoint    ] Safepoint "Cleanup", Time since last: 1000088414 ns, Reaching safepoint: 110619 ns, At safepoint: 13445 ns, Total: 124064 ns
[2020-09-12T12:38:57.117+0000][1][safepoint    ] Safepoint "Cleanup", Time since last: 1000126344 ns, Reaching safepoint: 133087 ns, At safepoint: 15461 ns, Total: 148548 ns
[2020-09-12T12:38:58.117+0000][1][safepoint    ] Safepoint "Cleanup", Time since last: 1000113295 ns, Reaching safepoint: 114081 ns, At safepoint: 10835 ns, Total: 124916 ns
[2020-09-12T12:38:59.118+0000][1][safepoint    ] Safepoint "Cleanup", Time since last: 1000116758 ns, Reaching safepoint: 106393 ns, At safepoint: 11534 ns, Total: 117927 ns
[2020-09-12T12:39:00.118+0000][1][safepoint    ] Safepoint "Cleanup", Time since last: 1000118796 ns, Reaching safepoint: 105407 ns, At safepoint: 13466 ns, Total: 118873 ns
[2020-09-12T12:39:01.118+0000][1][safepoint    ] Safepoint "Cleanup", Time since last: 1000139295 ns, Reaching safepoint: 108176 ns, At safepoint: 12068 ns, Total: 120244 ns
[2020-09-12T12:39:02.118+0000][1][safepoint    ] Safepoint "Cleanup", Time since last: 1000117619 ns, Reaching safepoint: 111708 ns, At safepoint: 17854 ns, Total: 129562 ns
[2020-09-12T12:39:03.119+0000][1][safepoint    ] Safepoint "Cleanup", Time since last: 1000115791 ns, Reaching safepoint: 107375 ns, At safepoint: 13307 ns, Total: 120682 ns
[2020-09-12T12:39:04.108+0000][1][safepoint    ] Safepoint "RevokeBias", Time since last: 989135734 ns, Reaching safepoint: 126656 ns, At safepoint: 21545 ns, Total: 148201 ns
[2020-09-12T12:39:05.108+0000][1][safepoint    ] Safepoint "Cleanup", Time since last: 1000113250 ns, Reaching safepoint: 99938 ns, At safepoint: 7867 ns, Total: 107805 ns
[2020-09-12T12:39:06.108+0000][1][safepoint    ] Safepoint "Cleanup", Time since last: 1000113270 ns, Reaching safepoint: 102658 ns, At safepoint: 7496 ns, Total: 110154 ns
[2020-09-12T12:39:07.108+0000][1][safepoint    ] Safepoint "Cleanup", Time since last: 1000112327 ns, Reaching safepoint: 100842 ns, At safepoint: 15452 ns, Total: 116294 ns
[2020-09-12T12:39:07.272+0000][1][gc,start     ] GC(70) Pause Young (Allocation Failure)
[2020-09-12T12:39:07.272+0000][1][gc,task      ] GC(70) Using 2 workers of 2 for evacuation
[2020-09-12T12:39:07.276+0000][1][gc,age       ] GC(70) Desired survivor size 8716288 bytes, new threshold 6 (max threshold 6)
[2020-09-12T12:39:07.276+0000][1][gc,age       ] GC(70) Age table with threshold 6 (max threshold 6)
[2020-09-12T12:39:07.276+0000][1][gc,age       ] GC(70) - age   1:     381512 bytes,     381512 total
[2020-09-12T12:39:07.276+0000][1][gc,age       ] GC(70) - age   2:     589752 bytes,     971264 total
[2020-09-12T12:39:07.276+0000][1][gc,age       ] GC(70) - age   3:      63656 bytes,    1034920 total
[2020-09-12T12:39:07.276+0000][1][gc,age       ] GC(70) - age   4:      66840 bytes,    1101760 total
[2020-09-12T12:39:07.276+0000][1][gc,age       ] GC(70) - age   5:     125784 bytes,    1227544 total
[2020-09-12T12:39:07.276+0000][1][gc,age       ] GC(70) - age   6:     126312 bytes,    1353856 total
[2020-09-12T12:39:07.276+0000][1][gc,heap      ] GC(70) ParNew: 139181K->1671K(153344K)
[2020-09-12T12:39:07.276+0000][1][gc,heap      ] GC(70) CMS: 109157K->109321K(353920K)
[2020-09-12T12:39:07.276+0000][1][gc,metaspace ] GC(70) Metaspace: 98489K->98489K(1140736K)
[2020-09-12T12:39:07.276+0000][1][gc           ] GC(70) Pause Young (Allocation Failure) 242M->108M(495M) 4.100ms
[2020-09-12T12:39:07.276+0000][1][gc,cpu       ] GC(70) User=0.01s Sys=0.00s Real=0.00s
[2020-09-12T12:39:07.276+0000][1][safepoint    ] Safepoint "GenCollectForAllocation", Time since last: 163303257 ns, Reaching safepoint: 135001 ns, At safepoint: 4159639 ns, Total: 4294640 ns
[2020-09-12T12:39:08.276+0000][1][safepoint    ] Safepoint "Cleanup", Time since last: 1000090650 ns, Reaching safepoint: 110804 ns, At safepoint: 10763 ns, Total: 121567 ns
[2020-09-12T12:39:09.277+0000][1][safepoint    ] Safepoint "Cleanup", Time since last: 1000117471 ns, Reaching safepoint: 106521 ns, At safepoint: 5987 ns, Total: 112508 ns
[2020-09-12T12:39:10.277+0000][1][safepoint    ] Safepoint "Cleanup", Time since last: 1000233153 ns, Reaching safepoint: 124185 ns, At safepoint: 8855 ns, Total: 133040 ns
[2020-09-12T12:39:11.277+0000][1][safepoint    ] Safepoint "Cleanup", Time since last: 1000100802 ns, Reaching safepoint: 109208 ns, At safepoint: 7633 ns, Total: 116841 ns
[2020-09-12T12:39:12.277+0000][1][safepoint    ] Safepoint "Cleanup", Time since last: 1000114494 ns, Reaching safepoint: 112571 ns, At safepoint: 9160 ns, Total: 121731 ns
[2020-09-12T12:39:13.278+0000][1][safepoint    ] Safepoint "Cleanup", Time since last: 1000109453 ns, Reaching safepoint: 104881 ns, At safepoint: 7182 ns, Total: 112063 ns
[2020-09-12T12:39:14.129+0000][1][safepoint    ] Safepoint "RevokeBias", Time since last: 848035323 ns, Reaching safepoint: 3193995 ns, At safepoint: 39243 ns, Total: 3233238 ns
[2020-09-12T12:39:15.129+0000][1][safepoint    ] Safepoint "Cleanup", Time since last: 1000140129 ns, Reaching safepoint: 116543 ns, At safepoint: 10742 ns, Total: 127285 ns
[2020-09-12T12:39:16.129+0000][1][safepoint    ] Safepoint "Cleanup", Time since last: 1000117778 ns, Reaching safepoint: 114267 ns, At safepoint: 7735 ns, Total: 122002 ns
[2020-09-12T12:39:17.130+0000][1][safepoint    ] Safepoint "Cleanup", Time since last: 1000154699 ns, Reaching safepoint: 126246 ns, At safepoint: 8538 ns, Total: 134784 ns
[2020-09-12T12:39:18.130+0000][1][safepoint    ] Safepoint "Cleanup", Time since last: 1000109536 ns, Reaching safepoint: 106995 ns, At safepoint: 10475 ns, Total: 117470 ns
[2020-09-12T12:39:19.130+0000][1][safepoint    ] Safepoint "Cleanup", Time since last: 1000125527 ns, Reaching safepoint: 106125 ns, At safepoint: 9301 ns, Total: 115426 ns
[2020-09-12T12:39:20.130+0000][1][safepoint    ] Safepoint "Cleanup", Time since last: 1000113578 ns, Reaching safepoint: 102345 ns, At safepoint: 8297 ns, Total: 110642 ns
[2020-09-12T12:39:21.131+0000][1][safepoint    ] Safepoint "Cleanup", Time since last: 1000117319 ns, Reaching safepoint: 151641 ns, At safepoint: 12379 ns, Total: 164020 ns
[2020-09-12T12:39:22.131+0000][1][safepoint    ] Safepoint "Cleanup", Time since last: 1000125797 ns, Reaching safepoint: 107340 ns, At safepoint: 8901 ns, Total: 116241 ns
[2020-09-12T12:39:23.131+0000][1][safepoint    ] Safepoint "Cleanup", Time since last: 1000115909 ns, Reaching safepoint: 108765 ns, At safepoint: 8752 ns, Total: 117517 ns
[2020-09-12T12:39:24.133+0000][1][safepoint    ] Safepoint "Cleanup", Time since last: 1000733451 ns, Reaching safepoint: 690408 ns, At safepoint: 38025 ns, Total: 728433 ns
[2020-09-12T12:39:24.137+0000][1][safepoint    ] Safepoint "RevokeBias", Time since last: 4782135 ns, Reaching safepoint: 102327 ns, At safepoint: 21015 ns, Total: 123342 ns
[2020-09-12T12:39:25.138+0000][1][safepoint    ] Safepoint "Cleanup", Time since last: 1000155166 ns, Reaching safepoint: 154425 ns, At safepoint: 12443 ns, Total: 166868 ns
[2020-09-12T12:39:26.138+0000][1][safepoint    ] Safepoint "Cleanup", Time since last: 1000186351 ns, Reaching safepoint: 106084 ns, At safepoint: 9544 ns, Total: 115628 ns
[2020-09-12T12:39:27.138+0000][1][safepoint    ] Safepoint "Cleanup", Time since last: 1000111438 ns, Reaching safepoint: 130736 ns, At safepoint: 9138 ns, Total: 139874 ns
[2020-09-12T12:39:28.139+0000][1][safepoint    ] Safepoint "Cleanup", Time since last: 1000105992 ns, Reaching safepoint: 108502 ns, At safepoint: 10788 ns, Total: 119290 ns
[2020-09-12T12:39:29.139+0000][1][safepoint    ] Safepoint "Cleanup", Time since last: 1000125506 ns, Reaching safepoint: 112881 ns, At safepoint: 11426 ns, Total: 124307 ns
[2020-09-12T12:39:30.139+0000][1][safepoint    ] Safepoint "Cleanup", Time since last: 1000137462 ns, Reaching safepoint: 105718 ns, At safepoint: 10311 ns, Total: 116029 ns
[2020-09-12T12:39:31.139+0000][1][safepoint    ] Safepoint "Cleanup", Time since last: 1000118761 ns, Reaching safepoint: 107911 ns, At safepoint: 10477 ns, Total: 118388 ns
[2020-09-12T12:39:32.140+0000][1][safepoint    ] Safepoint "Cleanup", Time since last: 1000139925 ns, Reaching safepoint: 102031 ns, At safepoint: 7886 ns, Total: 109917 ns
[2020-09-12T12:39:33.140+0000][1][safepoint    ] Safepoint "Cleanup", Time since last: 1000169825 ns, Reaching safepoint: 135499 ns, At safepoint: 8969 ns, Total: 144468 ns
[2020-09-12T12:39:34.141+0000][1][safepoint    ] Safepoint "Cleanup", Time since last: 1000110293 ns, Reaching safepoint: 663999 ns, At safepoint: 9305 ns, Total: 673304 ns
[2020-09-12T12:39:34.182+0000][1][safepoint    ] Safepoint "RevokeBias", Time since last: 41405725 ns, Reaching safepoint: 103442 ns, At safepoint: 21213 ns, Total: 124655 ns
[2020-09-12T12:39:35.182+0000][1][safepoint    ] Safepoint "Cleanup", Time since last: 1000111239 ns, Reaching safepoint: 116040 ns, At safepoint: 11753 ns, Total: 127793 ns
[2020-09-12T12:39:36.183+0000][1][safepoint    ] Safepoint "Cleanup", Time since last: 1000140138 ns, Reaching safepoint: 117408 ns, At safepoint: 9422 ns, Total: 126830 ns
[2020-09-12T12:39:37.183+0000][1][safepoint    ] Safepoint "Cleanup", Time since last: 1000137045 ns, Reaching safepoint: 108130 ns, At safepoint: 12048 ns, Total: 120178 ns
[2020-09-12T12:39:38.183+0000][1][safepoint    ] Safepoint "Cleanup", Time since last: 1000130055 ns, Reaching safepoint: 107795 ns, At safepoint: 8270 ns, Total: 116065 ns
[2020-09-12T12:39:39.183+0000][1][safepoint    ] Safepoint "Cleanup", Time since last: 1000122135 ns, Reaching safepoint: 109880 ns, At safepoint: 12542 ns, Total: 122422 ns
[2020-09-12T12:39:40.184+0000][1][safepoint    ] Safepoint "Cleanup", Time since last: 1000122090 ns, Reaching safepoint: 106913 ns, At safepoint: 10123 ns, Total: 117036 ns
[2020-09-12T12:39:41.184+0000][1][safepoint    ] Safepoint "Cleanup", Time since last: 1000141394 ns, Reaching safepoint: 106446 ns, At safepoint: 8361 ns, Total: 114807 ns
[2020-09-12T12:39:42.184+0000][1][safepoint    ] Safepoint "Cleanup", Time since last: 1000128023 ns, Reaching safepoint: 104230 ns, At safepoint: 9554 ns, Total: 113784 ns
[2020-09-12T12:39:43.184+0000][1][safepoint    ] Safepoint "Cleanup", Time since last: 1000130628 ns, Reaching safepoint: 118612 ns, At safepoint: 10357 ns, Total: 128969 ns
[2020-09-12T12:39:44.105+0000][1][safepoint    ] Safepoint "RevokeBias", Time since last: 919216553 ns, Reaching safepoint: 911938 ns, At safepoint: 30486 ns, Total: 942424 ns
[2020-09-12T12:39:44.138+0000][1][gc,start     ] GC(71) Pause Young (Allocation Failure)
[2020-09-12T12:39:44.138+0000][1][gc,task      ] GC(71) Using 2 workers of 2 for evacuation
[2020-09-12T12:39:44.147+0000][1][gc,age       ] GC(71) Desired survivor size 8716288 bytes, new threshold 6 (max threshold 6)
[2020-09-12T12:39:44.147+0000][1][gc,age       ] GC(71) Age table with threshold 6 (max threshold 6)
[2020-09-12T12:39:44.147+0000][1][gc,age       ] GC(71) - age   1:    1397856 bytes,    1397856 total
[2020-09-12T12:39:44.147+0000][1][gc,age       ] GC(71) - age   2:     218864 bytes,    1616720 total
[2020-09-12T12:39:44.147+0000][1][gc,age       ] GC(71) - age   3:     153176 bytes,    1769896 total
[2020-09-12T12:39:44.147+0000][1][gc,age       ] GC(71) - age   4:      62112 bytes,    1832008 total
[2020-09-12T12:39:44.147+0000][1][gc,age       ] GC(71) - age   5:      65888 bytes,    1897896 total
[2020-09-12T12:39:44.147+0000][1][gc,age       ] GC(71) - age   6:     125784 bytes,    2023680 total
[2020-09-12T12:39:44.148+0000][1][gc,heap      ] GC(71) ParNew: 137991K->2819K(153344K)
[2020-09-12T12:39:44.148+0000][1][gc,heap      ] GC(71) CMS: 109321K->109446K(353920K)
[2020-09-12T12:39:44.148+0000][1][gc,metaspace ] GC(71) Metaspace: 98527K->98527K(1140736K)
[2020-09-12T12:39:44.148+0000][1][gc           ] GC(71) Pause Young (Allocation Failure) 241M->109M(495M) 9.228ms
[2020-09-12T12:39:44.148+0000][1][gc,cpu       ] GC(71) User=0.01s Sys=0.00s Real=0.01s
[2020-09-12T12:39:44.148+0000][1][safepoint    ] Safepoint "GenCollectForAllocation", Time since last: 33638874 ns, Reaching safepoint: 102248 ns, At safepoint: 9286501 ns, Total: 9388749 ns
[2020-09-12T12:39:45.148+0000][1][safepoint    ] Safepoint "Cleanup", Time since last: 1000084210 ns, Reaching safepoint: 203464 ns, At safepoint: 12115 ns, Total: 215579 ns
[2020-09-12T12:39:46.148+0000][1][safepoint    ] Safepoint "Cleanup", Time since last: 1000182570 ns, Reaching safepoint: 106027 ns, At safepoint: 8156 ns, Total: 114183 ns
[2020-09-12T12:39:47.148+0000][1][safepoint    ] Safepoint "Cleanup", Time since last: 1000116099 ns, Reaching safepoint: 107917 ns, At safepoint: 8121 ns, Total: 116038 ns
[2020-09-12T12:39:48.149+0000][1][safepoint    ] Safepoint "Cleanup", Time since last: 1000078684 ns, Reaching safepoint: 105304 ns, At safepoint: 7571 ns, Total: 112875 ns
[2020-09-12T12:39:49.149+0000][1][safepoint    ] Safepoint "Cleanup", Time since last: 1000146460 ns, Reaching safepoint: 103560 ns, At safepoint: 8729 ns, Total: 112289 ns
[2020-09-12T12:39:50.149+0000][1][safepoint    ] Safepoint "Cleanup", Time since last: 1000129391 ns, Reaching safepoint: 110782 ns, At safepoint: 10906 ns, Total: 121688 ns
[2020-09-12T12:39:51.149+0000][1][safepoint    ] Safepoint "Cleanup", Time since last: 1000118251 ns, Reaching safepoint: 121174 ns, At safepoint: 11514 ns, Total: 132688 ns
[2020-09-12T12:39:52.150+0000][1][safepoint    ] Safepoint "Cleanup", Time since last: 1000117298 ns, Reaching safepoint: 152294 ns, At safepoint: 9323 ns, Total: 161617 ns
[2020-09-12T12:39:53.150+0000][1][safepoint    ] Safepoint "Cleanup", Time since last: 1000084140 ns, Reaching safepoint: 108804 ns, At safepoint: 8427 ns, Total: 117231 ns
[2020-09-12T12:39:54.113+0000][1][safepoint    ] Safepoint "BulkRevokeBias", Time since last: 962509735 ns, Reaching safepoint: 107110 ns, At safepoint: 419534 ns, Total: 526644 ns
[2020-09-12T12:39:54.172+0000][1][safepoint    ] Safepoint "RevokeBias", Time since last: 58811153 ns, Reaching safepoint: 113663 ns, At safepoint: 25356 ns, Total: 139019 ns
[2020-09-12T12:39:55.172+0000][1][safepoint    ] Safepoint "Cleanup", Time since last: 1000114864 ns, Reaching safepoint: 106604 ns, At safepoint: 13055 ns, Total: 119659 ns
[2020-09-12T12:39:56.172+0000][1][safepoint    ] Safepoint "Cleanup", Time since last: 1000122325 ns, Reaching safepoint: 100293 ns, At safepoint: 13488 ns, Total: 113781 ns
[2020-09-12T12:39:57.173+0000][1][safepoint    ] Safepoint "Cleanup", Time since last: 1000130092 ns, Reaching safepoint: 101693 ns, At safepoint: 15280 ns, Total: 116973 ns
[2020-09-12T12:39:58.173+0000][1][safepoint    ] Safepoint "Cleanup", Time since last: 1000100646 ns, Reaching safepoint: 131614 ns, At safepoint: 12457 ns, Total: 144071 ns
[2020-09-12T12:39:59.173+0000][1][safepoint    ] Safepoint "Cleanup", Time since last: 1000107105 ns, Reaching safepoint: 103396 ns, At safepoint: 10411 ns, Total: 113807 ns
[2020-09-12T12:40:00.099+0000][1][safepoint    ] Safepoint "RevokeBias", Time since last: 925580792 ns, Reaching safepoint: 188452 ns, At safepoint: 27716 ns, Total: 216168 ns
[2020-09-12T12:40:01.099+0000][1][safepoint    ] Safepoint "Cleanup", Time since last: 1000115677 ns, Reaching safepoint: 114902 ns, At safepoint: 14899 ns, Total: 129801 ns
[2020-09-12T12:40:02.099+0000][1][safepoint    ] Safepoint "Cleanup", Time since last: 1000114366 ns, Reaching safepoint: 107237 ns, At safepoint: 14353 ns, Total: 121590 ns
[2020-09-12T12:40:02.672+0000][1][safepoint    ] Safepoint "RevokeBias", Time since last: 572349477 ns, Reaching safepoint: 102898 ns, At safepoint: 25145 ns, Total: 128043 ns
[2020-09-12T12:40:02.860+0000][1][safepoint    ] Safepoint "RevokeBias", Time since last: 188513100 ns, Reaching safepoint: 105628 ns, At safepoint: 26604 ns, Total: 132232 ns
[2020-09-12T12:40:03.010+0000][1][safepoint    ] Safepoint "RevokeBias", Time since last: 149705686 ns, Reaching safepoint: 102145 ns, At safepoint: 26056 ns, Total: 128201 ns
[2020-09-12T12:40:04.011+0000][1][safepoint    ] Safepoint "Cleanup", Time since last: 1000116668 ns, Reaching safepoint: 105121 ns, At safepoint: 14105 ns, Total: 119226 ns
[2020-09-12T12:40:04.121+0000][1][safepoint    ] Safepoint "RevokeBias", Time since last: 109608400 ns, Reaching safepoint: 404348 ns, At safepoint: 51700 ns, Total: 456048 ns
[2020-09-12T12:40:05.121+0000][1][safepoint    ] Safepoint "Cleanup", Time since last: 1000110255 ns, Reaching safepoint: 114390 ns, At safepoint: 18148 ns, Total: 132538 ns
[2020-09-12T12:40:06.121+0000][1][safepoint    ] Safepoint "Cleanup", Time since last: 1000126259 ns, Reaching safepoint: 114948 ns, At safepoint: 14666 ns, Total: 129614 ns
[2020-09-12T12:40:07.121+0000][1][safepoint    ] Safepoint "Cleanup", Time since last: 1000117849 ns, Reaching safepoint: 103242 ns, At safepoint: 10988 ns, Total: 114230 ns
[2020-09-12T12:40:07.619+0000][1][safepoint    ] Safepoint "RevokeBias", Time since last: 497430017 ns, Reaching safepoint: 181644 ns, At safepoint: 39558 ns, Total: 221202 ns
[2020-09-12T12:40:08.619+0000][1][safepoint    ] Safepoint "Cleanup", Time since last: 1000121344 ns, Reaching safepoint: 107884 ns, At safepoint: 14574 ns, Total: 122458 ns
[2020-09-12T12:40:09.619+0000][1][safepoint    ] Safepoint "Cleanup", Time since last: 1000135571 ns, Reaching safepoint: 106049 ns, At safepoint: 15122 ns, Total: 121171 ns
[2020-09-12T12:40:10.620+0000][1][safepoint    ] Safepoint "Cleanup", Time since last: 1000104261 ns, Reaching safepoint: 106292 ns, At safepoint: 11942 ns, Total: 118234 ns
[2020-09-12T12:40:11.620+0000][1][safepoint    ] Safepoint "Cleanup", Time since last: 1000125903 ns, Reaching safepoint: 106232 ns, At safepoint: 10894 ns, Total: 117126 ns
[2020-09-12T12:40:12.620+0000][1][safepoint    ] Safepoint "Cleanup", Time since last: 1000113607 ns, Reaching safepoint: 106775 ns, At safepoint: 9901 ns, Total: 116676 ns
[2020-09-12T12:40:13.371+0000][1][safepoint    ] Safepoint "RevokeBias", Time since last: 750815678 ns, Reaching safepoint: 99074 ns, At safepoint: 29099 ns, Total: 128173 ns
[2020-09-12T12:40:14.113+0000][1][safepoint    ] Safepoint "RevokeBias", Time since last: 740495361 ns, Reaching safepoint: 912723 ns, At safepoint: 31882 ns, Total: 944605 ns
[2020-09-12T12:40:15.113+0000][1][safepoint    ] Safepoint "Cleanup", Time since last: 1000154297 ns, Reaching safepoint: 140513 ns, At safepoint: 9251 ns, Total: 149764 ns
[2020-09-12T12:40:15.627+0000][1][safepoint    ] Safepoint "RevokeBias", Time since last: 513880838 ns, Reaching safepoint: 101270 ns, At safepoint: 25937 ns, Total: 127207 ns
[2020-09-12T12:40:16.627+0000][1][safepoint    ] Safepoint "Cleanup", Time since last: 1000140031 ns, Reaching safepoint: 108115 ns, At safepoint: 10591 ns, Total: 118706 ns
[2020-09-12T12:40:17.627+0000][1][safepoint    ] Safepoint "Cleanup", Time since last: 1000119921 ns, Reaching safepoint: 98351 ns, At safepoint: 8019 ns, Total: 106370 ns
[2020-09-12T12:40:18.127+0000][1][safepoint    ] Safepoint "RevokeBias", Time since last: 499981620 ns, Reaching safepoint: 104269 ns, At safepoint: 23748 ns, Total: 128017 ns
[2020-09-12T12:40:19.128+0000][1][safepoint    ] Safepoint "Cleanup", Time since last: 1000115396 ns, Reaching safepoint: 101071 ns, At safepoint: 9782 ns, Total: 110853 ns
[2020-09-12T12:40:19.729+0000][1][safepoint    ] Safepoint "RevokeBias", Time since last: 600946096 ns, Reaching safepoint: 127291 ns, At safepoint: 26313 ns, Total: 153604 ns
[2020-09-12T12:40:20.182+0000][1][gc,start     ] GC(72) Pause Young (Allocation Failure)
[2020-09-12T12:40:20.182+0000][1][gc,task      ] GC(72) Using 2 workers of 2 for evacuation
[2020-09-12T12:40:20.186+0000][1][gc,age       ] GC(72) Desired survivor size 8716288 bytes, new threshold 6 (max threshold 6)
[2020-09-12T12:40:20.186+0000][1][gc,age       ] GC(72) Age table with threshold 6 (max threshold 6)
[2020-09-12T12:40:20.186+0000][1][gc,age       ] GC(72) - age   1:     544688 bytes,     544688 total
[2020-09-12T12:40:20.186+0000][1][gc,age       ] GC(72) - age   2:     596448 bytes,    1141136 total
[2020-09-12T12:40:20.186+0000][1][gc,age       ] GC(72) - age   3:     142256 bytes,    1283392 total
[2020-09-12T12:40:20.186+0000][1][gc,age       ] GC(72) - age   4:     151904 bytes,    1435296 total
[2020-09-12T12:40:20.186+0000][1][gc,age       ] GC(72) - age   5:      62112 bytes,    1497408 total
[2020-09-12T12:40:20.186+0000][1][gc,age       ] GC(72) - age   6:      65888 bytes,    1563296 total
[2020-09-12T12:40:20.186+0000][1][gc,heap      ] GC(72) ParNew: 139139K->2751K(153344K)
[2020-09-12T12:40:20.186+0000][1][gc,heap      ] GC(72) CMS: 109446K->109569K(353920K)
[2020-09-12T12:40:20.186+0000][1][gc,metaspace ] GC(72) Metaspace: 98570K->98570K(1140736K)
[2020-09-12T12:40:20.186+0000][1][gc           ] GC(72) Pause Young (Allocation Failure) 242M->109M(495M) 3.651ms
[2020-09-12T12:40:20.186+0000][1][gc,cpu       ] GC(72) User=0.01s Sys=0.00s Real=0.00s
[2020-09-12T12:40:20.186+0000][1][safepoint    ] Safepoint "GenCollectForAllocation", Time since last: 453359201 ns, Reaching safepoint: 101431 ns, At safepoint: 3706389 ns, Total: 3807820 ns
[2020-09-12T12:40:20.974+0000][1][safepoint    ] Safepoint "RevokeBias", Time since last: 787846253 ns, Reaching safepoint: 116577 ns, At safepoint: 31434 ns, Total: 148011 ns
[2020-09-12T12:40:21.615+0000][1][safepoint    ] Safepoint "RevokeBias", Time since last: 640571423 ns, Reaching safepoint: 97825 ns, At safepoint: 25065 ns, Total: 122890 ns
[2020-09-12T12:40:22.279+0000][1][safepoint    ] Safepoint "RevokeBias", Time since last: 664225864 ns, Reaching safepoint: 103668 ns, At safepoint: 26864 ns, Total: 130532 ns
[2020-09-12T12:40:22.588+0000][1][safepoint    ] Safepoint "RevokeBias", Time since last: 308444960 ns, Reaching safepoint: 98949 ns, At safepoint: 24433 ns, Total: 123382 ns
[2020-09-12T12:40:23.588+0000][1][safepoint    ] Safepoint "Cleanup", Time since last: 1000130402 ns, Reaching safepoint: 151711 ns, At safepoint: 14573 ns, Total: 166284 ns
[2020-09-12T12:40:24.197+0000][1][safepoint    ] Safepoint "RevokeBias", Time since last: 605020831 ns, Reaching safepoint: 3359655 ns, At safepoint: 33435 ns, Total: 3393090 ns
[2020-09-12T12:40:25.197+0000][1][safepoint    ] Safepoint "Cleanup", Time since last: 1000709511 ns, Reaching safepoint: 117217 ns, At safepoint: 9398 ns, Total: 126615 ns
[2020-09-12T12:40:26.197+0000][1][safepoint    ] Safepoint "Cleanup", Time since last: 1000190143 ns, Reaching safepoint: 113924 ns, At safepoint: 12094 ns, Total: 126018 ns
[2020-09-12T12:40:27.198+0000][1][safepoint    ] Safepoint "Cleanup", Time since last: 1000143875 ns, Reaching safepoint: 123372 ns, At safepoint: 19228 ns, Total: 142600 ns
[2020-09-12T12:40:28.198+0000][1][safepoint    ] Safepoint "Cleanup", Time since last: 1000112858 ns, Reaching safepoint: 110959 ns, At safepoint: 8309 ns, Total: 119268 ns
[2020-09-12T12:40:29.198+0000][1][safepoint    ] Safepoint "Cleanup", Time since last: 1000116830 ns, Reaching safepoint: 131534 ns, At safepoint: 11173 ns, Total: 142707 ns
[2020-09-12T12:40:30.200+0000][1][safepoint    ] Safepoint "Cleanup", Time since last: 1001221031 ns, Reaching safepoint: 239140 ns, At safepoint: 11625 ns, Total: 250765 ns
[2020-09-12T12:40:31.200+0000][1][safepoint    ] Safepoint "Cleanup", Time since last: 1000170375 ns, Reaching safepoint: 106884 ns, At safepoint: 13339 ns, Total: 120223 ns
[2020-09-12T12:40:32.200+0000][1][safepoint    ] Safepoint "Cleanup", Time since last: 1000133791 ns, Reaching safepoint: 104248 ns, At safepoint: 8554 ns, Total: 112802 ns
[2020-09-12T12:40:33.200+0000][1][safepoint    ] Safepoint "Cleanup", Time since last: 1000115835 ns, Reaching safepoint: 111324 ns, At safepoint: 16707 ns, Total: 128031 ns
[2020-09-12T12:40:34.105+0000][1][safepoint    ] Safepoint "RevokeBias", Time since last: 900121284 ns, Reaching safepoint: 4297506 ns, At safepoint: 39171 ns, Total: 4336677 ns
[2020-09-12T12:40:35.105+0000][1][safepoint    ] Safepoint "Cleanup", Time since last: 1000122230 ns, Reaching safepoint: 118126 ns, At safepoint: 10310 ns, Total: 128436 ns
[2020-09-12T12:40:36.105+0000][1][safepoint    ] Safepoint "Cleanup", Time since last: 1000114413 ns, Reaching safepoint: 114815 ns, At safepoint: 10722 ns, Total: 125537 ns
[2020-09-12T12:40:37.106+0000][1][safepoint    ] Safepoint "Cleanup", Time since last: 1000116247 ns, Reaching safepoint: 115391 ns, At safepoint: 9602 ns, Total: 124993 ns
[2020-09-12T12:40:38.106+0000][1][safepoint    ] Safepoint "Cleanup", Time since last: 1000121716 ns, Reaching safepoint: 114706 ns, At safepoint: 11106 ns, Total: 125812 ns
[2020-09-12T12:40:39.106+0000][1][safepoint    ] Safepoint "Cleanup", Time since last: 1000119412 ns, Reaching safepoint: 108622 ns, At safepoint: 9938 ns, Total: 118560 ns
[2020-09-12T12:40:40.106+0000][1][safepoint    ] Safepoint "Cleanup", Time since last: 1000117049 ns, Reaching safepoint: 116746 ns, At safepoint: 11945 ns, Total: 128691 ns
[2020-09-12T12:40:41.107+0000][1][safepoint    ] Safepoint "Cleanup", Time since last: 1000120985 ns, Reaching safepoint: 109967 ns, At safepoint: 9746 ns, Total: 119713 ns
[2020-09-12T12:40:42.107+0000][1][safepoint    ] Safepoint "Cleanup", Time since last: 1000118980 ns, Reaching safepoint: 105897 ns, At safepoint: 7994 ns, Total: 113891 ns
[2020-09-12T12:40:43.107+0000][1][safepoint    ] Safepoint "Cleanup", Time since last: 1000160786 ns, Reaching safepoint: 104859 ns, At safepoint: 8444 ns, Total: 113303 ns
[2020-09-12T12:40:44.097+0000][1][safepoint    ] Safepoint "RevokeBias", Time since last: 989400304 ns, Reaching safepoint: 107179 ns, At safepoint: 78493 ns, Total: 185672 ns
[2020-09-12T12:40:45.098+0000][1][safepoint    ] Safepoint "Cleanup", Time since last: 1001402523 ns, Reaching safepoint: 117177 ns, At safepoint: 9420 ns, Total: 126597 ns
[2020-09-12T12:40:46.098+0000][1][safepoint    ] Safepoint "Cleanup", Time since last: 1000114644 ns, Reaching safepoint: 113523 ns, At safepoint: 8987 ns, Total: 122510 ns
[2020-09-12T12:40:47.099+0000][1][safepoint    ] Safepoint "Cleanup", Time since last: 1000130396 ns, Reaching safepoint: 111760 ns, At safepoint: 9746 ns, Total: 121506 ns
[2020-09-12T12:40:48.099+0000][1][safepoint    ] Safepoint "Cleanup", Time since last: 1000115263 ns, Reaching safepoint: 112937 ns, At safepoint: 8660 ns, Total: 121597 ns
[2020-09-12T12:40:49.099+0000][1][safepoint    ] Safepoint "Cleanup", Time since last: 1000119419 ns, Reaching safepoint: 112297 ns, At safepoint: 10752 ns, Total: 123049 ns
[2020-09-12T12:40:50.099+0000][1][safepoint    ] Safepoint "Cleanup", Time since last: 1000131503 ns, Reaching safepoint: 114095 ns, At safepoint: 11712 ns, Total: 125807 ns
[2020-09-12T12:40:51.100+0000][1][safepoint    ] Safepoint "Cleanup", Time since last: 1000116754 ns, Reaching safepoint: 110680 ns, At safepoint: 8764 ns, Total: 119444 ns
[2020-09-12T12:40:52.100+0000][1][safepoint    ] Safepoint "Cleanup", Time since last: 1000125063 ns, Reaching safepoint: 110111 ns, At safepoint: 8608 ns, Total: 118719 ns
[2020-09-12T12:40:52.678+0000][1][safepoint    ] Safepoint "RevokeBias", Time since last: 577565276 ns, Reaching safepoint: 103207 ns, At safepoint: 22497 ns, Total: 125704 ns
[2020-09-12T12:40:53.678+0000][1][safepoint    ] Safepoint "Cleanup", Time since last: 1000120807 ns, Reaching safepoint: 107956 ns, At safepoint: 8210 ns, Total: 116166 ns
[2020-09-12T12:40:54.100+0000][1][safepoint    ] Safepoint "RevokeBias", Time since last: 416724354 ns, Reaching safepoint: 5339142 ns, At safepoint: 283146 ns, Total: 5622288 ns
[2020-09-12T12:40:54.160+0000][1][gc,start     ] GC(73) Pause Young (Allocation Failure)
[2020-09-12T12:40:54.160+0000][1][gc,task      ] GC(73) Using 2 workers of 2 for evacuation
[2020-09-12T12:40:54.167+0000][1][gc,age       ] GC(73) Desired survivor size 8716288 bytes, new threshold 6 (max threshold 6)
[2020-09-12T12:40:54.167+0000][1][gc,age       ] GC(73) Age table with threshold 6 (max threshold 6)
[2020-09-12T12:40:54.167+0000][1][gc,age       ] GC(73) - age   1:    1414464 bytes,    1414464 total
[2020-09-12T12:40:54.167+0000][1][gc,age       ] GC(73) - age   2:     442456 bytes,    1856920 total
[2020-09-12T12:40:54.167+0000][1][gc,age       ] GC(73) - age   3:     135152 bytes,    1992072 total
[2020-09-12T12:40:54.167+0000][1][gc,age       ] GC(73) - age   4:      92568 bytes,    2084640 total
[2020-09-12T12:40:54.167+0000][1][gc,age       ] GC(73) - age   5:     151904 bytes,    2236544 total
[2020-09-12T12:40:54.167+0000][1][gc,age       ] GC(73) - age   6:      62112 bytes,    2298656 total
[2020-09-12T12:40:54.167+0000][1][gc,heap      ] GC(73) ParNew: 139071K->2577K(153344K)
[2020-09-12T12:40:54.167+0000][1][gc,heap      ] GC(73) CMS: 109569K->109633K(353920K)
[2020-09-12T12:40:54.167+0000][1][gc,metaspace ] GC(73) Metaspace: 98611K->98611K(1140736K)
[2020-09-12T12:40:54.167+0000][1][gc           ] GC(73) Pause Young (Allocation Failure) 242M->109M(495M) 6.845ms
[2020-09-12T12:40:54.167+0000][1][gc,cpu       ] GC(73) User=0.01s Sys=0.00s Real=0.01s
[2020-09-12T12:40:54.167+0000][1][safepoint    ] Safepoint "GenCollectForAllocation", Time since last: 53788993 ns, Reaching safepoint: 5893700 ns, At safepoint: 6976163 ns, Total: 12869863 ns
[2020-09-12T12:40:55.167+0000][1][safepoint    ] Safepoint "Cleanup", Time since last: 1000091356 ns, Reaching safepoint: 117730 ns, At safepoint: 15324 ns, Total: 133054 ns
[2020-09-12T12:40:56.167+0000][1][safepoint    ] Safepoint "Cleanup", Time since last: 1000151509 ns, Reaching safepoint: 110053 ns, At safepoint: 13592 ns, Total: 123645 ns
[2020-09-12T12:40:57.168+0000][1][safepoint    ] Safepoint "Cleanup", Time since last: 1000116596 ns, Reaching safepoint: 110283 ns, At safepoint: 9796 ns, Total: 120079 ns
[2020-09-12T12:40:58.168+0000][1][safepoint    ] Safepoint "Cleanup", Time since last: 1000114218 ns, Reaching safepoint: 107193 ns, At safepoint: 12283 ns, Total: 119476 ns
[2020-09-12T12:40:59.168+0000][1][safepoint    ] Safepoint "Cleanup", Time since last: 1000121694 ns, Reaching safepoint: 148674 ns, At safepoint: 14561 ns, Total: 163235 ns
[2020-09-12T12:41:00.168+0000][1][safepoint    ] Safepoint "Cleanup", Time since last: 1000111700 ns, Reaching safepoint: 114699 ns, At safepoint: 10500 ns, Total: 125199 ns
[2020-09-12T12:41:01.169+0000][1][safepoint    ] Safepoint "Cleanup", Time since last: 1000127212 ns, Reaching safepoint: 115129 ns, At safepoint: 12148 ns, Total: 127277 ns
[2020-09-12T12:41:02.169+0000][1][safepoint    ] Safepoint "Cleanup", Time since last: 1000155184 ns, Reaching safepoint: 104303 ns, At safepoint: 7595 ns, Total: 111898 ns
[2020-09-12T12:41:03.170+0000][1][safepoint    ] Safepoint "Cleanup", Time since last: 1001120476 ns, Reaching safepoint: 316309 ns, At safepoint: 10341 ns, Total: 326650 ns
[2020-09-12T12:41:04.109+0000][1][safepoint    ] Safepoint "RevokeBias", Time since last: 933906674 ns, Reaching safepoint: 4620475 ns, At safepoint: 38037 ns, Total: 4658512 ns
[2020-09-12T12:41:05.109+0000][1][safepoint    ] Safepoint "Cleanup", Time since last: 1000151515 ns, Reaching safepoint: 115004 ns, At safepoint: 12106 ns, Total: 127110 ns
[2020-09-12T12:41:06.109+0000][1][safepoint    ] Safepoint "Cleanup", Time since last: 1000123503 ns, Reaching safepoint: 114396 ns, At safepoint: 11689 ns, Total: 126085 ns
[2020-09-12T12:41:07.110+0000][1][safepoint    ] Safepoint "Cleanup", Time since last: 1000093091 ns, Reaching safepoint: 113075 ns, At safepoint: 14436 ns, Total: 127511 ns
[2020-09-12T12:41:08.110+0000][1][safepoint    ] Safepoint "Cleanup", Time since last: 1000117441 ns, Reaching safepoint: 111904 ns, At safepoint: 12959 ns, Total: 124863 ns
[2020-09-12T12:41:09.110+0000][1][safepoint    ] Safepoint "Cleanup", Time since last: 1000192862 ns, Reaching safepoint: 116933 ns, At safepoint: 17900 ns, Total: 134833 ns
[2020-09-12T12:41:10.110+0000][1][safepoint    ] Safepoint "Cleanup", Time since last: 1000114650 ns, Reaching safepoint: 113199 ns, At safepoint: 11872 ns, Total: 125071 ns
[2020-09-12T12:41:11.111+0000][1][safepoint    ] Safepoint "Cleanup", Time since last: 1000116455 ns, Reaching safepoint: 116730 ns, At safepoint: 11473 ns, Total: 128203 ns
[2020-09-12T12:41:12.111+0000][1][safepoint    ] Safepoint "Cleanup", Time since last: 1000118734 ns, Reaching safepoint: 109055 ns, At safepoint: 15133 ns, Total: 124188 ns
[2020-09-12T12:41:13.111+0000][1][safepoint    ] Safepoint "Cleanup", Time since last: 1000117390 ns, Reaching safepoint: 111490 ns, At safepoint: 14132 ns, Total: 125622 ns
[2020-09-12T12:41:14.114+0000][1][safepoint    ] Safepoint "Cleanup", Time since last: 1001584794 ns, Reaching safepoint: 1683368 ns, At safepoint: 17438 ns, Total: 1700806 ns
[2020-09-12T12:41:14.138+0000][1][safepoint    ] Safepoint "RevokeBias", Time since last: 23083630 ns, Reaching safepoint: 117796 ns, At safepoint: 44415 ns, Total: 162211 ns
[2020-09-12T12:41:15.138+0000][1][safepoint    ] Safepoint "Cleanup", Time since last: 1000119990 ns, Reaching safepoint: 138009 ns, At safepoint: 14951 ns, Total: 152960 ns
[2020-09-12T12:41:16.138+0000][1][safepoint    ] Safepoint "Cleanup", Time since last: 1000122043 ns, Reaching safepoint: 119659 ns, At safepoint: 13621 ns, Total: 133280 ns
[2020-09-12T12:41:17.138+0000][1][safepoint    ] Safepoint "Cleanup", Time since last: 1000119315 ns, Reaching safepoint: 108945 ns, At safepoint: 18436 ns, Total: 127381 ns
[2020-09-12T12:41:18.139+0000][1][safepoint    ] Safepoint "Cleanup", Time since last: 1000136218 ns, Reaching safepoint: 109724 ns, At safepoint: 10150 ns, Total: 119874 ns
[2020-09-12T12:41:19.139+0000][1][safepoint    ] Safepoint "Cleanup", Time since last: 1000145886 ns, Reaching safepoint: 123415 ns, At safepoint: 14016 ns, Total: 137431 ns
[2020-09-12T12:41:20.139+0000][1][safepoint    ] Safepoint "Cleanup", Time since last: 1000118952 ns, Reaching safepoint: 109567 ns, At safepoint: 9945 ns, Total: 119512 ns
[2020-09-12T12:41:21.140+0000][1][safepoint    ] Safepoint "Cleanup", Time since last: 1000147851 ns, Reaching safepoint: 112700 ns, At safepoint: 11869 ns, Total: 124569 ns
[2020-09-12T12:41:22.140+0000][1][safepoint    ] Safepoint "Cleanup", Time since last: 1000112134 ns, Reaching safepoint: 125351 ns, At safepoint: 8149 ns, Total: 133500 ns
[2020-09-12T12:41:23.140+0000][1][safepoint    ] Safepoint "Cleanup", Time since last: 1000114018 ns, Reaching safepoint: 111620 ns, At safepoint: 10548 ns, Total: 122168 ns
[2020-09-12T12:41:24.121+0000][1][safepoint    ] Safepoint "RevokeBias", Time since last: 980763579 ns, Reaching safepoint: 165086 ns, At safepoint: 23522 ns, Total: 188608 ns
[2020-09-12T12:41:25.121+0000][1][safepoint    ] Safepoint "Cleanup", Time since last: 1000113038 ns, Reaching safepoint: 129839 ns, At safepoint: 11066 ns, Total: 140905 ns
[2020-09-12T12:41:26.121+0000][1][safepoint    ] Safepoint "Cleanup", Time since last: 1000118105 ns, Reaching safepoint: 114647 ns, At safepoint: 8367 ns, Total: 123014 ns
[2020-09-12T12:41:27.122+0000][1][safepoint    ] Safepoint "Cleanup", Time since last: 1000118264 ns, Reaching safepoint: 113192 ns, At safepoint: 11127 ns, Total: 124319 ns
[2020-09-12T12:41:28.122+0000][1][safepoint    ] Safepoint "Cleanup", Time since last: 1000148921 ns, Reaching safepoint: 111741 ns, At safepoint: 10227 ns, Total: 121968 ns
[2020-09-12T12:41:29.122+0000][1][safepoint    ] Safepoint "Cleanup", Time since last: 1000122382 ns, Reaching safepoint: 110463 ns, At safepoint: 9098 ns, Total: 119561 ns
[2020-09-12T12:41:30.122+0000][1][safepoint    ] Safepoint "Cleanup", Time since last: 1000117152 ns, Reaching safepoint: 133469 ns, At safepoint: 10707 ns, Total: 144176 ns
[2020-09-12T12:41:31.123+0000][1][safepoint    ] Safepoint "Cleanup", Time since last: 1000150718 ns, Reaching safepoint: 110214 ns, At safepoint: 60107 ns, Total: 170321 ns
[2020-09-12T12:41:31.250+0000][1][gc,start     ] GC(74) Pause Young (Allocation Failure)
[2020-09-12T12:41:31.250+0000][1][gc,task      ] GC(74) Using 2 workers of 2 for evacuation
[2020-09-12T12:41:31.259+0000][1][gc,age       ] GC(74) Desired survivor size 8716288 bytes, new threshold 6 (max threshold 6)
[2020-09-12T12:41:31.259+0000][1][gc,age       ] GC(74) Age table with threshold 6 (max threshold 6)
[2020-09-12T12:41:31.259+0000][1][gc,age       ] GC(74) - age   1:     367256 bytes,     367256 total
[2020-09-12T12:41:31.259+0000][1][gc,age       ] GC(74) - age   2:     640968 bytes,    1008224 total
[2020-09-12T12:41:31.259+0000][1][gc,age       ] GC(74) - age   3:     279288 bytes,    1287512 total
[2020-09-12T12:41:31.259+0000][1][gc,age       ] GC(74) - age   4:     133600 bytes,    1421112 total
[2020-09-12T12:41:31.259+0000][1][gc,age       ] GC(74) - age   5:      91328 bytes,    1512440 total
[2020-09-12T12:41:31.259+0000][1][gc,age       ] GC(74) - age   6:     151904 bytes,    1664344 total
[2020-09-12T12:41:31.259+0000][1][gc,heap      ] GC(74) ParNew: 138897K->2912K(153344K)
[2020-09-12T12:41:31.259+0000][1][gc,heap      ] GC(74) CMS: 109633K->109694K(353920K)
[2020-09-12T12:41:31.259+0000][1][gc,metaspace ] GC(74) Metaspace: 98706K->98706K(1140736K)
[2020-09-12T12:41:31.259+0000][1][gc           ] GC(74) Pause Young (Allocation Failure) 242M->109M(495M) 9.021ms
[2020-09-12T12:41:31.259+0000][1][gc,cpu       ] GC(74) User=0.01s Sys=0.00s Real=0.00s
[2020-09-12T12:41:31.259+0000][1][safepoint    ] Safepoint "GenCollectForAllocation", Time since last: 126961152 ns, Reaching safepoint: 105852 ns, At safepoint: 9096018 ns, Total: 9201870 ns
[2020-09-12T12:41:32.259+0000][1][safepoint    ] Safepoint "Cleanup", Time since last: 1000102546 ns, Reaching safepoint: 118833 ns, At safepoint: 48911 ns, Total: 167744 ns
[2020-09-12T12:41:33.260+0000][1][safepoint    ] Safepoint "Cleanup", Time since last: 1000109456 ns, Reaching safepoint: 183412 ns, At safepoint: 15480 ns, Total: 198892 ns
[2020-09-12T12:41:34.139+0000][1][safepoint    ] Safepoint "RevokeBias", Time since last: 878985887 ns, Reaching safepoint: 902218 ns, At safepoint: 51692 ns, Total: 953910 ns
[2020-09-12T12:41:35.140+0000][1][safepoint    ] Safepoint "Cleanup", Time since last: 1000055938 ns, Reaching safepoint: 116659 ns, At safepoint: 17659 ns, Total: 134318 ns
[2020-09-12T12:41:36.140+0000][1][safepoint    ] Safepoint "Cleanup", Time since last: 1000116795 ns, Reaching safepoint: 110135 ns, At safepoint: 8723 ns, Total: 118858 ns
[2020-09-12T12:41:37.140+0000][1][safepoint    ] Safepoint "Cleanup", Time since last: 1000129282 ns, Reaching safepoint: 109588 ns, At safepoint: 8362 ns, Total: 117950 ns
[2020-09-12T12:41:38.140+0000][1][safepoint    ] Safepoint "Cleanup", Time since last: 1000125723 ns, Reaching safepoint: 111283 ns, At safepoint: 9555 ns, Total: 120838 ns
[2020-09-12T12:41:40.141+0000][1][safepoint    ] Safepoint "Cleanup", Time since last: 2000196411 ns, Reaching safepoint: 138674 ns, At safepoint: 11923 ns, Total: 150597 ns
[2020-09-12T12:41:43.144+0000][1][safepoint    ] Safepoint "Cleanup", Time since last: 3003105922 ns, Reaching safepoint: 132571 ns, At safepoint: 10374 ns, Total: 142945 ns
[2020-09-12T12:41:44.117+0000][1][safepoint    ] Safepoint "RevokeBias", Time since last: 968839064 ns, Reaching safepoint: 3980067 ns, At safepoint: 38431 ns, Total: 4018498 ns
[2020-09-12T12:41:45.117+0000][1][safepoint    ] Safepoint "Cleanup", Time since last: 1000118431 ns, Reaching safepoint: 130018 ns, At safepoint: 10311 ns, Total: 140329 ns
[2020-09-12T12:41:46.118+0000][1][safepoint    ] Safepoint "Cleanup", Time since last: 1000311265 ns, Reaching safepoint: 138605 ns, At safepoint: 9056 ns, Total: 147661 ns
[2020-09-12T12:41:51.118+0000][1][safepoint    ] Safepoint "Cleanup", Time since last: 5000765136 ns, Reaching safepoint: 118536 ns, At safepoint: 10462 ns, Total: 128998 ns
[2020-09-12T12:41:52.119+0000][1][safepoint    ] Safepoint "Cleanup", Time since last: 1000147454 ns, Reaching safepoint: 221891 ns, At safepoint: 16591 ns, Total: 238482 ns
[2020-09-12T12:41:53.119+0000][1][safepoint    ] Safepoint "Cleanup", Time since last: 1000123025 ns, Reaching safepoint: 109462 ns, At safepoint: 10296 ns, Total: 119758 ns
[2020-09-12T12:41:54.095+0000][1][safepoint    ] Safepoint "RevokeBias", Time since last: 975440018 ns, Reaching safepoint: 110027 ns, At safepoint: 24967 ns, Total: 134994 ns
[2020-09-12T12:41:55.095+0000][1][safepoint    ] Safepoint "Cleanup", Time since last: 1000183153 ns, Reaching safepoint: 112444 ns, At safepoint: 8687 ns, Total: 121131 ns
[2020-09-12T12:41:58.095+0000][1][safepoint    ] Safepoint "Cleanup", Time since last: 3000271276 ns, Reaching safepoint: 129637 ns, At safepoint: 11340 ns, Total: 140977 ns
[2020-09-12T12:42:04.100+0000][1][safepoint    ] Safepoint "Cleanup", Time since last: 6000489287 ns, Reaching safepoint: 4398831 ns, At safepoint: 17685 ns, Total: 4416516 ns
[2020-09-12T12:42:04.155+0000][1][safepoint    ] Safepoint "RevokeBias", Time since last: 54210518 ns, Reaching safepoint: 127336 ns, At safepoint: 24608 ns, Total: 151944 ns
[2020-09-12T12:42:04.231+0000][1][gc,start     ] GC(75) Pause Young (Allocation Failure)
[2020-09-12T12:42:04.231+0000][1][gc,task      ] GC(75) Using 2 workers of 2 for evacuation
[2020-09-12T12:42:04.249+0000][1][gc,age       ] GC(75) Desired survivor size 8716288 bytes, new threshold 6 (max threshold 6)
[2020-09-12T12:42:04.250+0000][1][gc,age       ] GC(75) Age table with threshold 6 (max threshold 6)
[2020-09-12T12:42:04.250+0000][1][gc,age       ] GC(75) - age   1:     866256 bytes,     866256 total
[2020-09-12T12:42:04.250+0000][1][gc,age       ] GC(75) - age   2:     283672 bytes,    1149928 total
[2020-09-12T12:42:04.250+0000][1][gc,age       ] GC(75) - age   3:     159904 bytes,    1309832 total
[2020-09-12T12:42:04.250+0000][1][gc,age       ] GC(75) - age   4:     268016 bytes,    1577848 total
[2020-09-12T12:42:04.250+0000][1][gc,age       ] GC(75) - age   5:     131976 bytes,    1709824 total
[2020-09-12T12:42:04.250+0000][1][gc,age       ] GC(75) - age   6:      91328 bytes,    1801152 total
[2020-09-12T12:42:04.250+0000][1][gc,heap      ] GC(75) ParNew: 139232K->2189K(153344K)
[2020-09-12T12:42:04.250+0000][1][gc,heap      ] GC(75) CMS: 109694K->109842K(353920K)
[2020-09-12T12:42:04.250+0000][1][gc,metaspace ] GC(75) Metaspace: 98727K->98727K(1140736K)
[2020-09-12T12:42:04.250+0000][1][gc           ] GC(75) Pause Young (Allocation Failure) 243M->109M(495M) 18.230ms
[2020-09-12T12:42:04.250+0000][1][gc,cpu       ] GC(75) User=0.00s Sys=0.00s Real=0.02s
[2020-09-12T12:42:04.250+0000][1][safepoint    ] Safepoint "GenCollectForAllocation", Time since last: 76608821 ns, Reaching safepoint: 152267 ns, At safepoint: 18291971 ns, Total: 18444238 ns
[2020-09-12T12:42:05.250+0000][1][safepoint    ] Safepoint "Cleanup", Time since last: 1000096773 ns, Reaching safepoint: 119896 ns, At safepoint: 11817 ns, Total: 131713 ns
[2020-09-12T12:42:06.250+0000][1][safepoint    ] Safepoint "Cleanup", Time since last: 1000126330 ns, Reaching safepoint: 131037 ns, At safepoint: 9643 ns, Total: 140680 ns
[2020-09-12T12:42:07.250+0000][1][safepoint    ] Safepoint "Cleanup", Time since last: 1000119199 ns, Reaching safepoint: 110115 ns, At safepoint: 10358 ns, Total: 120473 ns
[2020-09-12T12:42:08.251+0000][1][safepoint    ] Safepoint "Cleanup", Time since last: 1000117292 ns, Reaching safepoint: 118787 ns, At safepoint: 10840 ns, Total: 129627 ns
[2020-09-12T12:42:09.251+0000][1][safepoint    ] Safepoint "Cleanup", Time since last: 1000126451 ns, Reaching safepoint: 115298 ns, At safepoint: 9363 ns, Total: 124661 ns
[2020-09-12T12:42:10.251+0000][1][safepoint    ] Safepoint "Cleanup", Time since last: 1000119357 ns, Reaching safepoint: 114100 ns, At safepoint: 7573 ns, Total: 121673 ns
[2020-09-12T12:42:11.251+0000][1][safepoint    ] Safepoint "Cleanup", Time since last: 1000124410 ns, Reaching safepoint: 109584 ns, At safepoint: 10273 ns, Total: 119857 ns
[2020-09-12T12:42:12.252+0000][1][safepoint    ] Safepoint "Cleanup", Time since last: 1000127457 ns, Reaching safepoint: 110186 ns, At safepoint: 8194 ns, Total: 118380 ns
[2020-09-12T12:42:13.252+0000][1][safepoint    ] Safepoint "Cleanup", Time since last: 1000119422 ns, Reaching safepoint: 108017 ns, At safepoint: 8933 ns, Total: 116950 ns
[2020-09-12T12:42:14.111+0000][1][safepoint    ] Safepoint "RevokeBias", Time since last: 859220120 ns, Reaching safepoint: 115419 ns, At safepoint: 25007 ns, Total: 140426 ns
[2020-09-12T12:42:15.112+0000][1][safepoint    ] Safepoint "Cleanup", Time since last: 1000122244 ns, Reaching safepoint: 123463 ns, At safepoint: 11304 ns, Total: 134767 ns
[2020-09-12T12:42:15.743+0000][1][safepoint    ] Safepoint "RevokeBias", Time since last: 631460789 ns, Reaching safepoint: 110836 ns, At safepoint: 26002 ns, Total: 136838 ns
[2020-09-12T12:42:16.743+0000][1][safepoint    ] Safepoint "Cleanup", Time since last: 1000115974 ns, Reaching safepoint: 111977 ns, At safepoint: 10779 ns, Total: 122756 ns
[2020-09-12T12:42:17.744+0000][1][safepoint    ] Safepoint "Cleanup", Time since last: 1000127247 ns, Reaching safepoint: 113471 ns, At safepoint: 9557 ns, Total: 123028 ns
[2020-09-12T12:42:18.744+0000][1][safepoint    ] Safepoint "Cleanup", Time since last: 1000121829 ns, Reaching safepoint: 111250 ns, At safepoint: 10295 ns, Total: 121545 ns
[2020-09-12T12:42:19.744+0000][1][safepoint    ] Safepoint "Cleanup", Time since last: 1000117145 ns, Reaching safepoint: 106177 ns, At safepoint: 9576 ns, Total: 115753 ns
[2020-09-12T12:42:20.744+0000][1][safepoint    ] Safepoint "Cleanup", Time since last: 1000124155 ns, Reaching safepoint: 107614 ns, At safepoint: 10637 ns, Total: 118251 ns
[2020-09-12T12:42:21.745+0000][1][safepoint    ] Safepoint "Cleanup", Time since last: 1000115475 ns, Reaching safepoint: 109725 ns, At safepoint: 9154 ns, Total: 118879 ns
[2020-09-12T12:42:22.745+0000][1][safepoint    ] Safepoint "Cleanup", Time since last: 1000161227 ns, Reaching safepoint: 133771 ns, At safepoint: 12235 ns, Total: 146006 ns
[2020-09-12T12:42:23.745+0000][1][safepoint    ] Safepoint "Cleanup", Time since last: 1000121837 ns, Reaching safepoint: 112644 ns, At safepoint: 11015 ns, Total: 123659 ns
[2020-09-12T12:42:24.119+0000][1][safepoint    ] Safepoint "RevokeBias", Time since last: 373251454 ns, Reaching safepoint: 119542 ns, At safepoint: 26584 ns, Total: 146126 ns
[2020-09-12T12:42:25.197+0000][1][safepoint    ] Safepoint "Cleanup", Time since last: 1078264830 ns, Reaching safepoint: 167040 ns, At safepoint: 14421 ns, Total: 181461 ns
[2020-09-12T12:42:26.197+0000][1][safepoint    ] Safepoint "Cleanup", Time since last: 1000118766 ns, Reaching safepoint: 110018 ns, At safepoint: 9315 ns, Total: 119333 ns
[2020-09-12T12:42:28.198+0000][1][safepoint    ] Safepoint "Cleanup", Time since last: 2000190841 ns, Reaching safepoint: 539931 ns, At safepoint: 14060 ns, Total: 553991 ns
[2020-09-12T12:42:34.191+0000][1][safepoint    ] Safepoint "RevokeBias", Time since last: 5992430554 ns, Reaching safepoint: 116152 ns, At safepoint: 26088 ns, Total: 142240 ns
[2020-09-12T12:42:35.191+0000][1][safepoint    ] Safepoint "Cleanup", Time since last: 1000117994 ns, Reaching safepoint: 117753 ns, At safepoint: 10523 ns, Total: 128276 ns
[2020-09-12T12:42:35.354+0000][1][gc,start     ] GC(76) Pause Young (Allocation Failure)
[2020-09-12T12:42:35.354+0000][1][gc,task      ] GC(76) Using 2 workers of 2 for evacuation
[2020-09-12T12:42:35.361+0000][1][gc,age       ] GC(76) Desired survivor size 8716288 bytes, new threshold 6 (max threshold 6)
[2020-09-12T12:42:35.361+0000][1][gc,age       ] GC(76) Age table with threshold 6 (max threshold 6)
[2020-09-12T12:42:35.361+0000][1][gc,age       ] GC(76) - age   1:     881888 bytes,     881888 total
[2020-09-12T12:42:35.361+0000][1][gc,age       ] GC(76) - age   2:     674904 bytes,    1556792 total
[2020-09-12T12:42:35.361+0000][1][gc,age       ] GC(76) - age   3:     105000 bytes,    1661792 total
[2020-09-12T12:42:35.361+0000][1][gc,age       ] GC(76) - age   4:      45728 bytes,    1707520 total
[2020-09-12T12:42:35.361+0000][1][gc,age       ] GC(76) - age   5:     267704 bytes,    1975224 total
[2020-09-12T12:42:35.361+0000][1][gc,age       ] GC(76) - age   6:     131976 bytes,    2107200 total
[2020-09-12T12:42:35.361+0000][1][gc,heap      ] GC(76) ParNew: 138509K->3185K(153344K)
[2020-09-12T12:42:35.361+0000][1][gc,heap      ] GC(76) CMS: 109842K->109931K(353920K)
[2020-09-12T12:42:35.361+0000][1][gc,metaspace ] GC(76) Metaspace: 98741K->98741K(1140736K)
[2020-09-12T12:42:35.361+0000][1][gc           ] GC(76) Pause Young (Allocation Failure) 242M->110M(495M) 6.940ms
[2020-09-12T12:42:35.361+0000][1][gc,cpu       ] GC(76) User=0.00s Sys=0.00s Real=0.01s
[2020-09-12T12:42:35.361+0000][1][safepoint    ] Safepoint "GenCollectForAllocation", Time since last: 163380470 ns, Reaching safepoint: 201014 ns, At safepoint: 7001585 ns, Total: 7202599 ns
[2020-09-12T12:42:38.362+0000][1][safepoint    ] Safepoint "Cleanup", Time since last: 3000255497 ns, Reaching safepoint: 125904 ns, At safepoint: 10873 ns, Total: 136777 ns
[2020-09-12T12:42:44.115+0000][1][safepoint    ] Safepoint "RevokeBias", Time since last: 5753166126 ns, Reaching safepoint: 123468 ns, At safepoint: 28289 ns, Total: 151757 ns
[2020-09-12T12:42:48.116+0000][1][safepoint    ] Safepoint "Cleanup", Time since last: 4000379661 ns, Reaching safepoint: 110908 ns, At safepoint: 9403 ns, Total: 120311 ns
[2020-09-12T12:42:49.116+0000][1][safepoint    ] Safepoint "Cleanup", Time since last: 1000117408 ns, Reaching safepoint: 111781 ns, At safepoint: 9054 ns, Total: 120835 ns
[2020-09-12T12:42:51.116+0000][1][safepoint    ] Safepoint "Cleanup", Time since last: 2000193031 ns, Reaching safepoint: 113075 ns, At safepoint: 10523 ns, Total: 123598 ns
[2020-09-12T12:42:52.116+0000][1][safepoint    ] Safepoint "Cleanup", Time since last: 1000135440 ns, Reaching safepoint: 113373 ns, At safepoint: 8339 ns, Total: 121712 ns
[2020-09-12T12:42:54.117+0000][1][safepoint    ] Safepoint "Cleanup", Time since last: 2000573445 ns, Reaching safepoint: 186064 ns, At safepoint: 10731 ns, Total: 196795 ns
[2020-09-12T12:42:54.118+0000][1][safepoint    ] Safepoint "RevokeBias", Time since last: 356077 ns, Reaching safepoint: 168802 ns, At safepoint: 22480 ns, Total: 191282 ns
[2020-09-12T12:42:55.118+0000][1][safepoint    ] Safepoint "Cleanup", Time since last: 1000100355 ns, Reaching safepoint: 117213 ns, At safepoint: 10766 ns, Total: 127979 ns
[2020-09-12T12:42:56.118+0000][1][safepoint    ] Safepoint "Cleanup", Time since last: 1000065107 ns, Reaching safepoint: 107538 ns, At safepoint: 9286 ns, Total: 116824 ns
[2020-09-12T12:42:57.118+0000][1][safepoint    ] Safepoint "Cleanup", Time since last: 1000115905 ns, Reaching safepoint: 110195 ns, At safepoint: 9907 ns, Total: 120102 ns
[2020-09-12T12:42:58.119+0000][1][safepoint    ] Safepoint "Cleanup", Time since last: 1000163253 ns, Reaching safepoint: 104912 ns, At safepoint: 8539 ns, Total: 113451 ns
[2020-09-12T12:42:59.119+0000][1][safepoint    ] Safepoint "Cleanup", Time since last: 1000114905 ns, Reaching safepoint: 113933 ns, At safepoint: 8111 ns, Total: 122044 ns
[2020-09-12T12:43:00.119+0000][1][safepoint    ] Safepoint "Cleanup", Time since last: 1000514374 ns, Reaching safepoint: 115056 ns, At safepoint: 8372 ns, Total: 123428 ns
[2020-09-12T12:43:01.120+0000][1][safepoint    ] Safepoint "Cleanup", Time since last: 1000113703 ns, Reaching safepoint: 116250 ns, At safepoint: 10645 ns, Total: 126895 ns
[2020-09-12T12:43:02.120+0000][1][safepoint    ] Safepoint "Cleanup", Time since last: 1000115279 ns, Reaching safepoint: 127407 ns, At safepoint: 10291 ns, Total: 137698 ns
[2020-09-12T12:43:03.120+0000][1][safepoint    ] Safepoint "Cleanup", Time since last: 1000121738 ns, Reaching safepoint: 105066 ns, At safepoint: 10153 ns, Total: 115219 ns
[2020-09-12T12:43:04.099+0000][1][safepoint    ] Safepoint "RevokeBias", Time since last: 978298904 ns, Reaching safepoint: 262103 ns, At safepoint: 28703 ns, Total: 290806 ns
[2020-09-12T12:43:05.099+0000][1][safepoint    ] Safepoint "Cleanup", Time since last: 1000112220 ns, Reaching safepoint: 119068 ns, At safepoint: 10716 ns, Total: 129784 ns
[2020-09-12T12:43:06.099+0000][1][safepoint    ] Safepoint "Cleanup", Time since last: 1000124304 ns, Reaching safepoint: 146521 ns, At safepoint: 16161 ns, Total: 162682 ns
[2020-09-12T12:43:07.100+0000][1][safepoint    ] Safepoint "Cleanup", Time since last: 1000133161 ns, Reaching safepoint: 135427 ns, At safepoint: 17031 ns, Total: 152458 ns
[2020-09-12T12:43:08.100+0000][1][safepoint    ] Safepoint "Cleanup", Time since last: 1000126768 ns, Reaching safepoint: 110554 ns, At safepoint: 11332 ns, Total: 121886 ns
[2020-09-12T12:43:08.513+0000][1][safepoint    ] Safepoint "RevokeBias", Time since last: 413323073 ns, Reaching safepoint: 116835 ns, At safepoint: 69833 ns, Total: 186668 ns
[2020-09-12T12:43:08.514+0000][1][safepoint    ] Safepoint "RevokeBias", Time since last: 357753 ns, Reaching safepoint: 102055 ns, At safepoint: 198508 ns, Total: 300563 ns
[2020-09-12T12:43:08.515+0000][1][safepoint    ] Safepoint "RevokeBias", Time since last: 387513 ns, Reaching safepoint: 72825 ns, At safepoint: 37031 ns, Total: 109856 ns
[2020-09-12T12:43:09.515+0000][1][safepoint    ] Safepoint "Cleanup", Time since last: 1000099892 ns, Reaching safepoint: 108151 ns, At safepoint: 10956 ns, Total: 119107 ns
[2020-09-12T12:43:10.157+0000][1][gc,start     ] GC(77) Pause Young (Allocation Failure)
[2020-09-12T12:43:10.157+0000][1][gc,task      ] GC(77) Using 2 workers of 2 for evacuation
[2020-09-12T12:43:10.163+0000][1][gc,age       ] GC(77) Desired survivor size 8716288 bytes, new threshold 6 (max threshold 6)
[2020-09-12T12:43:10.163+0000][1][gc,age       ] GC(77) Age table with threshold 6 (max threshold 6)
[2020-09-12T12:43:10.163+0000][1][gc,age       ] GC(77) - age   1:     684832 bytes,     684832 total
[2020-09-12T12:43:10.163+0000][1][gc,age       ] GC(77) - age   2:     778984 bytes,    1463816 total
[2020-09-12T12:43:10.163+0000][1][gc,age       ] GC(77) - age   3:     210160 bytes,    1673976 total
[2020-09-12T12:43:10.163+0000][1][gc,age       ] GC(77) - age   4:      97216 bytes,    1771192 total
[2020-09-12T12:43:10.163+0000][1][gc,age       ] GC(77) - age   5:      45728 bytes,    1816920 total
[2020-09-12T12:43:10.163+0000][1][gc,age       ] GC(77) - age   6:     267136 bytes,    2084056 total
[2020-09-12T12:43:10.163+0000][1][gc,heap      ] GC(77) ParNew: 139470K->2912K(153344K)
[2020-09-12T12:43:10.163+0000][1][gc,heap      ] GC(77) CMS: 109931K->110061K(353920K)
[2020-09-12T12:43:10.163+0000][1][gc,metaspace ] GC(77) Metaspace: 98799K->98799K(1140736K)
[2020-09-12T12:43:10.163+0000][1][gc           ] GC(77) Pause Young (Allocation Failure) 243M->110M(495M) 6.497ms
[2020-09-12T12:43:10.163+0000][1][gc,cpu       ] GC(77) User=0.01s Sys=0.00s Real=0.01s
[2020-09-12T12:43:10.163+0000][1][safepoint    ] Safepoint "GenCollectForAllocation", Time since last: 641645740 ns, Reaching safepoint: 109773 ns, At safepoint: 6557328 ns, Total: 6667101 ns
[2020-09-12T12:43:11.163+0000][1][safepoint    ] Safepoint "Cleanup", Time since last: 1000097711 ns, Reaching safepoint: 105614 ns, At safepoint: 10167 ns, Total: 115781 ns
[2020-09-12T12:43:12.152+0000][1][safepoint    ] Safepoint "RevokeBias", Time since last: 989034647 ns, Reaching safepoint: 116407 ns, At safepoint: 70926 ns, Total: 187333 ns
[2020-09-12T12:43:13.153+0000][1][safepoint    ] Safepoint "Cleanup", Time since last: 1000115315 ns, Reaching safepoint: 132894 ns, At safepoint: 7869 ns, Total: 140763 ns
[2020-09-12T12:43:14.122+0000][1][safepoint    ] Safepoint "RevokeBias", Time since last: 968695539 ns, Reaching safepoint: 288610 ns, At safepoint: 28428 ns, Total: 317038 ns
[2020-09-12T12:43:15.122+0000][1][safepoint    ] Safepoint "Cleanup", Time since last: 1000130847 ns, Reaching safepoint: 110170 ns, At safepoint: 8106 ns, Total: 118276 ns
[2020-09-12T12:43:16.122+0000][1][safepoint    ] Safepoint "Cleanup", Time since last: 1000119833 ns, Reaching safepoint: 105493 ns, At safepoint: 9904 ns, Total: 115397 ns
[2020-09-12T12:43:17.122+0000][1][safepoint    ] Safepoint "Cleanup", Time since last: 1000117957 ns, Reaching safepoint: 110603 ns, At safepoint: 8486 ns, Total: 119089 ns
[2020-09-12T12:43:18.123+0000][1][safepoint    ] Safepoint "Cleanup", Time since last: 1000118139 ns, Reaching safepoint: 102844 ns, At safepoint: 9330 ns, Total: 112174 ns
[2020-09-12T12:43:19.123+0000][1][safepoint    ] Safepoint "Cleanup", Time since last: 1000120051 ns, Reaching safepoint: 120898 ns, At safepoint: 11229 ns, Total: 132127 ns
[2020-09-12T12:43:20.123+0000][1][safepoint    ] Safepoint "Cleanup", Time since last: 1000125039 ns, Reaching safepoint: 105704 ns, At safepoint: 10509 ns, Total: 116213 ns
[2020-09-12T12:43:21.123+0000][1][safepoint    ] Safepoint "Cleanup", Time since last: 1000120317 ns, Reaching safepoint: 106503 ns, At safepoint: 9296 ns, Total: 115799 ns
[2020-09-12T12:43:22.124+0000][1][safepoint    ] Safepoint "Cleanup", Time since last: 1000121450 ns, Reaching safepoint: 128117 ns, At safepoint: 11247 ns, Total: 139364 ns
[2020-09-12T12:43:23.124+0000][1][safepoint    ] Safepoint "Cleanup", Time since last: 1000117835 ns, Reaching safepoint: 114647 ns, At safepoint: 9022 ns, Total: 123669 ns
[2020-09-12T12:43:24.097+0000][1][safepoint    ] Safepoint "RevokeBias", Time since last: 972538476 ns, Reaching safepoint: 111417 ns, At safepoint: 21967 ns, Total: 133384 ns
[2020-09-12T12:43:25.097+0000][1][safepoint    ] Safepoint "Cleanup", Time since last: 1000155241 ns, Reaching safepoint: 108562 ns, At safepoint: 9604 ns, Total: 118166 ns
[2020-09-12T12:43:26.097+0000][1][safepoint    ] Safepoint "Cleanup", Time since last: 1000066812 ns, Reaching safepoint: 106267 ns, At safepoint: 32092 ns, Total: 138359 ns
[2020-09-12T12:43:27.097+0000][1][safepoint    ] Safepoint "Cleanup", Time since last: 1000104983 ns, Reaching safepoint: 102252 ns, At safepoint: 9631 ns, Total: 111883 ns
[2020-09-12T12:43:28.098+0000][1][safepoint    ] Safepoint "Cleanup", Time since last: 1000116447 ns, Reaching safepoint: 99572 ns, At safepoint: 8331 ns, Total: 107903 ns
[2020-09-12T12:43:29.098+0000][1][safepoint    ] Safepoint "Cleanup", Time since last: 1000102668 ns, Reaching safepoint: 115973 ns, At safepoint: 8879 ns, Total: 124852 ns
[2020-09-12T12:43:30.098+0000][1][safepoint    ] Safepoint "Cleanup", Time since last: 1000108144 ns, Reaching safepoint: 108094 ns, At safepoint: 8843 ns, Total: 116937 ns
[2020-09-12T12:43:31.098+0000][1][safepoint    ] Safepoint "Cleanup", Time since last: 1000105333 ns, Reaching safepoint: 97188 ns, At safepoint: 7931 ns, Total: 105119 ns
[2020-09-12T12:43:32.098+0000][1][safepoint    ] Safepoint "Cleanup", Time since last: 1000100849 ns, Reaching safepoint: 101609 ns, At safepoint: 9074 ns, Total: 110683 ns
[2020-09-12T12:43:33.099+0000][1][safepoint    ] Safepoint "Cleanup", Time since last: 1000103283 ns, Reaching safepoint: 123835 ns, At safepoint: 7482 ns, Total: 131317 ns
[2020-09-12T12:43:34.100+0000][1][safepoint    ] Safepoint "Cleanup", Time since last: 1000091635 ns, Reaching safepoint: 862152 ns, At safepoint: 10635 ns, Total: 872787 ns
[2020-09-12T12:43:34.124+0000][1][safepoint    ] Safepoint "BulkRevokeBias", Time since last: 23600368 ns, Reaching safepoint: 464771 ns, At safepoint: 518643 ns, Total: 983414 ns
[2020-09-12T12:43:34.191+0000][1][safepoint    ] Safepoint "RevokeBias", Time since last: 66790806 ns, Reaching safepoint: 176364 ns, At safepoint: 21662 ns, Total: 198026 ns
[2020-09-12T12:43:35.191+0000][1][safepoint    ] Safepoint "Cleanup", Time since last: 1000110950 ns, Reaching safepoint: 138112 ns, At safepoint: 16864 ns, Total: 154976 ns
[2020-09-12T12:43:36.192+0000][1][safepoint    ] Safepoint "Cleanup", Time since last: 1000127168 ns, Reaching safepoint: 112835 ns, At safepoint: 9443 ns, Total: 122278 ns
[2020-09-12T12:43:37.192+0000][1][safepoint    ] Safepoint "Cleanup", Time since last: 1000117973 ns, Reaching safepoint: 102683 ns, At safepoint: 7810 ns, Total: 110493 ns
[2020-09-12T12:43:38.192+0000][1][safepoint    ] Safepoint "Cleanup", Time since last: 1000141422 ns, Reaching safepoint: 111251 ns, At safepoint: 13012 ns, Total: 124263 ns
[2020-09-12T12:43:39.192+0000][1][safepoint    ] Safepoint "Cleanup", Time since last: 1000118084 ns, Reaching safepoint: 116695 ns, At safepoint: 9387 ns, Total: 126082 ns
[2020-09-12T12:43:40.193+0000][1][safepoint    ] Safepoint "Cleanup", Time since last: 1000145454 ns, Reaching safepoint: 135795 ns, At safepoint: 9609 ns, Total: 145404 ns
[2020-09-12T12:43:41.193+0000][1][safepoint    ] Safepoint "Cleanup", Time since last: 1000123581 ns, Reaching safepoint: 108365 ns, At safepoint: 12528 ns, Total: 120893 ns
[2020-09-12T12:43:42.193+0000][1][safepoint    ] Safepoint "Cleanup", Time since last: 1000116639 ns, Reaching safepoint: 110878 ns, At safepoint: 8479 ns, Total: 119357 ns
[2020-09-12T12:43:42.575+0000][1][gc,start     ] GC(78) Pause Young (Allocation Failure)
[2020-09-12T12:43:42.575+0000][1][gc,task      ] GC(78) Using 2 workers of 2 for evacuation
[2020-09-12T12:43:42.587+0000][1][gc,age       ] GC(78) Desired survivor size 8716288 bytes, new threshold 6 (max threshold 6)
[2020-09-12T12:43:42.587+0000][1][gc,age       ] GC(78) Age table with threshold 6 (max threshold 6)
[2020-09-12T12:43:42.587+0000][1][gc,age       ] GC(78) - age   1:     551400 bytes,     551400 total
[2020-09-12T12:43:42.587+0000][1][gc,age       ] GC(78) - age   2:     594944 bytes,    1146344 total
[2020-09-12T12:43:42.587+0000][1][gc,age       ] GC(78) - age   3:     577160 bytes,    1723504 total
[2020-09-12T12:43:42.587+0000][1][gc,age       ] GC(78) - age   4:     121224 bytes,    1844728 total
[2020-09-12T12:43:42.587+0000][1][gc,age       ] GC(78) - age   5:      96920 bytes,    1941648 total
[2020-09-12T12:43:42.587+0000][1][gc,age       ] GC(78) - age   6:      45728 bytes,    1987376 total
[2020-09-12T12:43:42.587+0000][1][gc,heap      ] GC(78) ParNew: 139232K->3017K(153344K)
[2020-09-12T12:43:42.588+0000][1][gc,heap      ] GC(78) CMS: 110061K->110321K(353920K)
[2020-09-12T12:43:42.588+0000][1][gc,metaspace ] GC(78) Metaspace: 98863K->98863K(1140736K)
[2020-09-12T12:43:42.588+0000][1][gc           ] GC(78) Pause Young (Allocation Failure) 243M->110M(495M) 12.189ms
[2020-09-12T12:43:42.588+0000][1][gc,cpu       ] GC(78) User=0.01s Sys=0.00s Real=0.01s
[2020-09-12T12:43:42.588+0000][1][safepoint    ] Safepoint "GenCollectForAllocation", Time since last: 382056051 ns, Reaching safepoint: 119171 ns, At safepoint: 12270666 ns, Total: 12389837 ns
[2020-09-12T12:43:43.588+0000][1][safepoint    ] Safepoint "Cleanup", Time since last: 1000105487 ns, Reaching safepoint: 104365 ns, At safepoint: 8310 ns, Total: 112675 ns
[2020-09-12T12:43:44.098+0000][1][safepoint    ] Safepoint "RevokeBias", Time since last: 510160935 ns, Reaching safepoint: 204177 ns, At safepoint: 23155 ns, Total: 227332 ns
[2020-09-12T12:43:45.099+0000][1][safepoint    ] Safepoint "Cleanup", Time since last: 1000114053 ns, Reaching safepoint: 120433 ns, At safepoint: 10158 ns, Total: 130591 ns
[2020-09-12T12:43:46.099+0000][1][safepoint    ] Safepoint "Cleanup", Time since last: 1000123560 ns, Reaching safepoint: 115719 ns, At safepoint: 10338 ns, Total: 126057 ns
[2020-09-12T12:43:47.099+0000][1][safepoint    ] Safepoint "Cleanup", Time since last: 1000122309 ns, Reaching safepoint: 104510 ns, At safepoint: 8948 ns, Total: 113458 ns
[2020-09-12T12:43:48.099+0000][1][safepoint    ] Safepoint "Cleanup", Time since last: 1000115709 ns, Reaching safepoint: 110928 ns, At safepoint: 11439 ns, Total: 122367 ns
[2020-09-12T12:43:49.099+0000][1][safepoint    ] Safepoint "Cleanup", Time since last: 1000073797 ns, Reaching safepoint: 116958 ns, At safepoint: 9404 ns, Total: 126362 ns
[2020-09-12T12:43:50.100+0000][1][safepoint    ] Safepoint "Cleanup", Time since last: 1000120547 ns, Reaching safepoint: 106338 ns, At safepoint: 10726 ns, Total: 117064 ns
[2020-09-12T12:43:51.100+0000][1][safepoint    ] Safepoint "Cleanup", Time since last: 1000124578 ns, Reaching safepoint: 105716 ns, At safepoint: 10165 ns, Total: 115881 ns
[2020-09-12T12:43:52.100+0000][1][safepoint    ] Safepoint "Cleanup", Time since last: 1000122980 ns, Reaching safepoint: 105640 ns, At safepoint: 7806 ns, Total: 113446 ns
[2020-09-12T12:43:53.100+0000][1][safepoint    ] Safepoint "Cleanup", Time since last: 1000118805 ns, Reaching safepoint: 104323 ns, At safepoint: 8486 ns, Total: 112809 ns
[2020-09-12T12:43:54.101+0000][1][safepoint    ] Safepoint "Cleanup", Time since last: 1000124626 ns, Reaching safepoint: 220664 ns, At safepoint: 9864 ns, Total: 230528 ns
[2020-09-12T12:43:54.145+0000][1][safepoint    ] Safepoint "RevokeBias", Time since last: 43867591 ns, Reaching safepoint: 129896 ns, At safepoint: 21176 ns, Total: 151072 ns
[2020-09-12T12:43:55.145+0000][1][safepoint    ] Safepoint "Cleanup", Time since last: 1000132357 ns, Reaching safepoint: 115956 ns, At safepoint: 11331 ns, Total: 127287 ns
[2020-09-12T12:43:56.145+0000][1][safepoint    ] Safepoint "Cleanup", Time since last: 1000137975 ns, Reaching safepoint: 143031 ns, At safepoint: 15750 ns, Total: 158781 ns
[2020-09-12T12:43:57.146+0000][1][safepoint    ] Safepoint "Cleanup", Time since last: 1000131597 ns, Reaching safepoint: 101895 ns, At safepoint: 7869 ns, Total: 109764 ns
[2020-09-12T12:43:58.146+0000][1][safepoint    ] Safepoint "Cleanup", Time since last: 1000113913 ns, Reaching safepoint: 106503 ns, At safepoint: 9883 ns, Total: 116386 ns
[2020-09-12T12:43:59.146+0000][1][safepoint    ] Safepoint "Cleanup", Time since last: 1000119120 ns, Reaching safepoint: 115080 ns, At safepoint: 9698 ns, Total: 124778 ns
[2020-09-12T12:44:00.146+0000][1][safepoint    ] Safepoint "Cleanup", Time since last: 1000117642 ns, Reaching safepoint: 106963 ns, At safepoint: 9228 ns, Total: 116191 ns
[2020-09-12T12:44:01.147+0000][1][safepoint    ] Safepoint "Cleanup", Time since last: 1000130648 ns, Reaching safepoint: 165115 ns, At safepoint: 12477 ns, Total: 177592 ns
[2020-09-12T12:44:02.147+0000][1][safepoint    ] Safepoint "Cleanup", Time since last: 1000127183 ns, Reaching safepoint: 103988 ns, At safepoint: 8314 ns, Total: 112302 ns
[2020-09-12T12:44:03.147+0000][1][safepoint    ] Safepoint "Cleanup", Time since last: 1000118977 ns, Reaching safepoint: 105963 ns, At safepoint: 9543 ns, Total: 115506 ns
[2020-09-12T12:44:04.131+0000][1][safepoint    ] Safepoint "RevokeBias", Time since last: 983811468 ns, Reaching safepoint: 125821 ns, At safepoint: 21973 ns, Total: 147794 ns
[2020-09-12T12:44:05.131+0000][1][safepoint    ] Safepoint "Cleanup", Time since last: 1000117896 ns, Reaching safepoint: 113379 ns, At safepoint: 9463 ns, Total: 122842 ns
[2020-09-12T12:44:06.131+0000][1][safepoint    ] Safepoint "Cleanup", Time since last: 1000117895 ns, Reaching safepoint: 117672 ns, At safepoint: 11676 ns, Total: 129348 ns
[2020-09-12T12:44:07.132+0000][1][safepoint    ] Safepoint "Cleanup", Time since last: 1000111381 ns, Reaching safepoint: 171848 ns, At safepoint: 10685 ns, Total: 182533 ns
[2020-09-12T12:44:08.132+0000][1][safepoint    ] Safepoint "Cleanup", Time since last: 1000136641 ns, Reaching safepoint: 187896 ns, At safepoint: 17157 ns, Total: 205053 ns
[2020-09-12T12:44:09.132+0000][1][safepoint    ] Safepoint "Cleanup", Time since last: 1000155821 ns, Reaching safepoint: 114569 ns, At safepoint: 9590 ns, Total: 124159 ns
[2020-09-12T12:44:10.133+0000][1][safepoint    ] Safepoint "Cleanup", Time since last: 1000122009 ns, Reaching safepoint: 128347 ns, At safepoint: 10778 ns, Total: 139125 ns
[2020-09-12T12:44:11.133+0000][1][safepoint    ] Safepoint "Cleanup", Time since last: 1000115984 ns, Reaching safepoint: 102947 ns, At safepoint: 8298 ns, Total: 111245 ns
[2020-09-12T12:44:12.133+0000][1][safepoint    ] Safepoint "Cleanup", Time since last: 1000141214 ns, Reaching safepoint: 104930 ns, At safepoint: 13533 ns, Total: 118463 ns
[2020-09-12T12:44:13.133+0000][1][safepoint    ] Safepoint "Cleanup", Time since last: 1000115535 ns, Reaching safepoint: 122491 ns, At safepoint: 14528 ns, Total: 137019 ns
[2020-09-12T12:44:14.064+0000][1][gc,start     ] GC(79) Pause Young (Allocation Failure)
[2020-09-12T12:44:14.064+0000][1][gc,task      ] GC(79) Using 2 workers of 2 for evacuation
[2020-09-12T12:44:14.071+0000][1][gc,age       ] GC(79) Desired survivor size 8716288 bytes, new threshold 6 (max threshold 6)
[2020-09-12T12:44:14.071+0000][1][gc,age       ] GC(79) Age table with threshold 6 (max threshold 6)
[2020-09-12T12:44:14.071+0000][1][gc,age       ] GC(79) - age   1:     458848 bytes,     458848 total
[2020-09-12T12:44:14.071+0000][1][gc,age       ] GC(79) - age   2:     440456 bytes,     899304 total
[2020-09-12T12:44:14.071+0000][1][gc,age       ] GC(79) - age   3:     588792 bytes,    1488096 total
[2020-09-12T12:44:14.071+0000][1][gc,age       ] GC(79) - age   4:     454560 bytes,    1942656 total
[2020-09-12T12:44:14.071+0000][1][gc,age       ] GC(79) - age   5:     121224 bytes,    2063880 total
[2020-09-12T12:44:14.071+0000][1][gc,age       ] GC(79) - age   6:      96920 bytes,    2160800 total
[2020-09-12T12:44:14.071+0000][1][gc,heap      ] GC(79) ParNew: 139302K->2937K(153344K)
[2020-09-12T12:44:14.071+0000][1][gc,heap      ] GC(79) CMS: 110321K->110366K(353920K)
[2020-09-12T12:44:14.071+0000][1][gc,metaspace ] GC(79) Metaspace: 98918K->98918K(1140736K)
[2020-09-12T12:44:14.071+0000][1][gc           ] GC(79) Pause Young (Allocation Failure) 243M->110M(495M) 7.236ms
[2020-09-12T12:44:14.071+0000][1][gc,cpu       ] GC(79) User=0.01s Sys=0.00s Real=0.01s
[2020-09-12T12:44:14.071+0000][1][safepoint    ] Safepoint "GenCollectForAllocation", Time since last: 926098366 ns, Reaching safepoint: 4372376 ns, At safepoint: 7301190 ns, Total: 11673566 ns
[2020-09-12T12:44:14.110+0000][1][safepoint    ] Safepoint "RevokeBias", Time since last: 38324981 ns, Reaching safepoint: 193516 ns, At safepoint: 24229 ns, Total: 217745 ns
[2020-09-12T12:44:15.110+0000][1][safepoint    ] Safepoint "Cleanup", Time since last: 1000109987 ns, Reaching safepoint: 209967 ns, At safepoint: 13111 ns, Total: 223078 ns
[2020-09-12T12:44:16.110+0000][1][safepoint    ] Safepoint "Cleanup", Time since last: 1000158905 ns, Reaching safepoint: 111614 ns, At safepoint: 10890 ns, Total: 122504 ns
[2020-09-12T12:44:17.111+0000][1][safepoint    ] Safepoint "Cleanup", Time since last: 1000115207 ns, Reaching safepoint: 115185 ns, At safepoint: 8240 ns, Total: 123425 ns
[2020-09-12T12:44:18.111+0000][1][safepoint    ] Safepoint "Cleanup", Time since last: 1000131962 ns, Reaching safepoint: 107977 ns, At safepoint: 9727 ns, Total: 117704 ns
[2020-09-12T12:44:19.113+0000][1][safepoint    ] Safepoint "Cleanup", Time since last: 1001850781 ns, Reaching safepoint: 131575 ns, At safepoint: 7351 ns, Total: 138926 ns
[2020-09-12T12:44:20.113+0000][1][safepoint    ] Safepoint "Cleanup", Time since last: 1000118977 ns, Reaching safepoint: 116889 ns, At safepoint: 11361 ns, Total: 128250 ns
[2020-09-12T12:44:21.113+0000][1][safepoint    ] Safepoint "Cleanup", Time since last: 1000121122 ns, Reaching safepoint: 110636 ns, At safepoint: 11845 ns, Total: 122481 ns
[2020-09-12T12:44:22.114+0000][1][safepoint    ] Safepoint "Cleanup", Time since last: 1000115731 ns, Reaching safepoint: 127124 ns, At safepoint: 10310 ns, Total: 137434 ns
[2020-09-12T12:44:23.114+0000][1][safepoint    ] Safepoint "Cleanup", Time since last: 1000123182 ns, Reaching safepoint: 104360 ns, At safepoint: 8250 ns, Total: 112610 ns
[2020-09-12T12:44:24.094+0000][1][safepoint    ] Safepoint "RevokeBias", Time since last: 979529281 ns, Reaching safepoint: 195147 ns, At safepoint: 22528 ns, Total: 217675 ns
[2020-09-12T12:44:25.094+0000][1][safepoint    ] Safepoint "Cleanup", Time since last: 1000124436 ns, Reaching safepoint: 146210 ns, At safepoint: 12371 ns, Total: 158581 ns
[2020-09-12T12:44:26.094+0000][1][safepoint    ] Safepoint "Cleanup", Time since last: 1000124178 ns, Reaching safepoint: 129686 ns, At safepoint: 12736 ns, Total: 142422 ns
[2020-09-12T12:44:27.094+0000][1][safepoint    ] Safepoint "Cleanup", Time since last: 1000119353 ns, Reaching safepoint: 111452 ns, At safepoint: 9136 ns, Total: 120588 ns
[2020-09-12T12:44:28.095+0000][1][safepoint    ] Safepoint "Cleanup", Time since last: 1000113394 ns, Reaching safepoint: 106745 ns, At safepoint: 9531 ns, Total: 116276 ns
[2020-09-12T12:44:29.095+0000][1][safepoint    ] Safepoint "Cleanup", Time since last: 1000113657 ns, Reaching safepoint: 108164 ns, At safepoint: 9482 ns, Total: 117646 ns
[2020-09-12T12:44:30.095+0000][1][safepoint    ] Safepoint "Cleanup", Time since last: 1000115806 ns, Reaching safepoint: 116071 ns, At safepoint: 9311 ns, Total: 125382 ns
[2020-09-12T12:44:31.095+0000][1][safepoint    ] Safepoint "Cleanup", Time since last: 1000138874 ns, Reaching safepoint: 140708 ns, At safepoint: 8921 ns, Total: 149629 ns
[2020-09-12T12:44:32.096+0000][1][safepoint    ] Safepoint "Cleanup", Time since last: 1000114371 ns, Reaching safepoint: 136198 ns, At safepoint: 11758 ns, Total: 147956 ns
[2020-09-12T12:44:33.096+0000][1][safepoint    ] Safepoint "Cleanup", Time since last: 1000090998 ns, Reaching safepoint: 128458 ns, At safepoint: 8303 ns, Total: 136761 ns
[2020-09-12T12:44:34.096+0000][1][safepoint    ] Safepoint "Cleanup", Time since last: 1000326211 ns, Reaching safepoint: 285497 ns, At safepoint: 11965 ns, Total: 297462 ns
[2020-09-12T12:44:34.110+0000][1][safepoint    ] Safepoint "RevokeBias", Time since last: 12776807 ns, Reaching safepoint: 326418 ns, At safepoint: 24735 ns, Total: 351153 ns
[2020-09-12T12:44:35.110+0000][1][safepoint    ] Safepoint "Cleanup", Time since last: 1000648236 ns, Reaching safepoint: 127254 ns, At safepoint: 8389 ns, Total: 135643 ns
[2020-09-12T12:44:36.111+0000][1][safepoint    ] Safepoint "Cleanup", Time since last: 1000109864 ns, Reaching safepoint: 109329 ns, At safepoint: 9682 ns, Total: 119011 ns
[2020-09-12T12:44:37.111+0000][1][safepoint    ] Safepoint "Cleanup", Time since last: 1000290327 ns, Reaching safepoint: 160506 ns, At safepoint: 9271 ns, Total: 169777 ns
[2020-09-12T12:44:38.111+0000][1][safepoint    ] Safepoint "Cleanup", Time since last: 1000115267 ns, Reaching safepoint: 105373 ns, At safepoint: 9950 ns, Total: 115323 ns
[2020-09-12T12:44:39.112+0000][1][safepoint    ] Safepoint "Cleanup", Time since last: 1000137945 ns, Reaching safepoint: 109776 ns, At safepoint: 10010 ns, Total: 119786 ns
[2020-09-12T12:44:40.112+0000][1][safepoint    ] Safepoint "Cleanup", Time since last: 1000134373 ns, Reaching safepoint: 108246 ns, At safepoint: 9429 ns, Total: 117675 ns
[2020-09-12T12:44:41.112+0000][1][safepoint    ] Safepoint "Cleanup", Time since last: 1000130375 ns, Reaching safepoint: 107954 ns, At safepoint: 11566 ns, Total: 119520 ns
[2020-09-12T12:44:42.112+0000][1][safepoint    ] Safepoint "Cleanup", Time since last: 1000120460 ns, Reaching safepoint: 111590 ns, At safepoint: 9895 ns, Total: 121485 ns
[2020-09-12T12:44:43.113+0000][1][safepoint    ] Safepoint "Cleanup", Time since last: 1000133955 ns, Reaching safepoint: 116930 ns, At safepoint: 9420 ns, Total: 126350 ns
[2020-09-12T12:44:44.107+0000][1][safepoint    ] Safepoint "RevokeBias", Time since last: 993879214 ns, Reaching safepoint: 229759 ns, At safepoint: 28196 ns, Total: 257955 ns
[2020-09-12T12:44:44.129+0000][1][gc,start     ] GC(80) Pause Young (Allocation Failure)
[2020-09-12T12:44:44.129+0000][1][gc,task      ] GC(80) Using 2 workers of 2 for evacuation
[2020-09-12T12:44:44.137+0000][1][gc,age       ] GC(80) Desired survivor size 8716288 bytes, new threshold 6 (max threshold 6)
[2020-09-12T12:44:44.137+0000][1][gc,age       ] GC(80) Age table with threshold 6 (max threshold 6)
[2020-09-12T12:44:44.137+0000][1][gc,age       ] GC(80) - age   1:    1427736 bytes,    1427736 total
[2020-09-12T12:44:44.137+0000][1][gc,age       ] GC(80) - age   2:     200000 bytes,    1627736 total
[2020-09-12T12:44:44.137+0000][1][gc,age       ] GC(80) - age   3:     380424 bytes,    2008160 total
[2020-09-12T12:44:44.137+0000][1][gc,age       ] GC(80) - age   4:      69360 bytes,    2077520 total
[2020-09-12T12:44:44.137+0000][1][gc,age       ] GC(80) - age   5:     445576 bytes,    2523096 total
[2020-09-12T12:44:44.137+0000][1][gc,age       ] GC(80) - age   6:     120528 bytes,    2643624 total
[2020-09-12T12:44:44.137+0000][1][gc,heap      ] GC(80) ParNew: 139255K->3108K(153344K)
[2020-09-12T12:44:44.137+0000][1][gc,heap      ] GC(80) CMS: 110366K->110461K(353920K)
[2020-09-12T12:44:44.137+0000][1][gc,metaspace ] GC(80) Metaspace: 98972K->98972K(1140736K)
[2020-09-12T12:44:44.137+0000][1][gc           ] GC(80) Pause Young (Allocation Failure) 243M->110M(495M) 8.314ms
[2020-09-12T12:44:44.137+0000][1][gc,cpu       ] GC(80) User=0.01s Sys=0.00s Real=0.00s
[2020-09-12T12:44:44.137+0000][1][safepoint    ] Safepoint "GenCollectForAllocation", Time since last: 22091701 ns, Reaching safepoint: 183410 ns, At safepoint: 8370666 ns, Total: 8554076 ns
[2020-09-12T12:44:45.251+0000][1][safepoint    ] Safepoint "Cleanup", Time since last: 1114039389 ns, Reaching safepoint: 124523 ns, At safepoint: 10057 ns, Total: 134580 ns
[2020-09-12T12:44:47.028+0000][1][safepoint    ] Safepoint "Cleanup", Time since last: 1775948256 ns, Reaching safepoint: 114994 ns, At safepoint: 11648 ns, Total: 126642 ns
[2020-09-12T12:44:48.028+0000][1][safepoint    ] Safepoint "Cleanup", Time since last: 1000161562 ns, Reaching safepoint: 131174 ns, At safepoint: 9386 ns, Total: 140560 ns
[2020-09-12T12:44:49.028+0000][1][safepoint    ] Safepoint "Cleanup", Time since last: 1000117053 ns, Reaching safepoint: 108320 ns, At safepoint: 11173 ns, Total: 119493 ns
[2020-09-12T12:44:50.028+0000][1][safepoint    ] Safepoint "Cleanup", Time since last: 1000122899 ns, Reaching safepoint: 151177 ns, At safepoint: 12914 ns, Total: 164091 ns
[2020-09-12T12:44:50.472+0000][1][safepoint    ] Safepoint "RevokeBias", Time since last: 443203665 ns, Reaching safepoint: 174982 ns, At safepoint: 11137 ns, Total: 186119 ns
[2020-09-12T12:44:50.472+0000][1][safepoint    ] Safepoint "RevokeBias", Time since last: 526504 ns, Reaching safepoint: 130856 ns, At safepoint: 8598 ns, Total: 139454 ns
[2020-09-12T12:44:51.473+0000][1][safepoint    ] Safepoint "Cleanup", Time since last: 1000097547 ns, Reaching safepoint: 164770 ns, At safepoint: 9953 ns, Total: 174723 ns
[2020-09-12T12:44:52.473+0000][1][safepoint    ] Safepoint "Cleanup", Time since last: 1000127601 ns, Reaching safepoint: 110134 ns, At safepoint: 8911 ns, Total: 119045 ns
[2020-09-12T12:44:53.473+0000][1][safepoint    ] Safepoint "Cleanup", Time since last: 1000213178 ns, Reaching safepoint: 105578 ns, At safepoint: 7871 ns, Total: 113449 ns
[2020-09-12T12:44:54.176+0000][1][safepoint    ] Safepoint "RevokeBias", Time since last: 702369022 ns, Reaching safepoint: 338044 ns, At safepoint: 24575 ns, Total: 362619 ns
[2020-09-12T12:44:55.176+0000][1][safepoint    ] Safepoint "Cleanup", Time since last: 1000119765 ns, Reaching safepoint: 118065 ns, At safepoint: 9780 ns, Total: 127845 ns
[2020-09-12T12:44:56.176+0000][1][safepoint    ] Safepoint "Cleanup", Time since last: 1000117195 ns, Reaching safepoint: 105909 ns, At safepoint: 10221 ns, Total: 116130 ns
[2020-09-12T12:44:57.177+0000][1][safepoint    ] Safepoint "Cleanup", Time since last: 1000122446 ns, Reaching safepoint: 128268 ns, At safepoint: 9388 ns, Total: 137656 ns
[2020-09-12T12:44:58.177+0000][1][safepoint    ] Safepoint "Cleanup", Time since last: 1000117960 ns, Reaching safepoint: 116392 ns, At safepoint: 10573 ns, Total: 126965 ns
[2020-09-12T12:44:59.177+0000][1][safepoint    ] Safepoint "Cleanup", Time since last: 1000140128 ns, Reaching safepoint: 141710 ns, At safepoint: 12104 ns, Total: 153814 ns
[2020-09-12T12:45:00.178+0000][1][safepoint    ] Safepoint "Cleanup", Time since last: 1000158043 ns, Reaching safepoint: 142131 ns, At safepoint: 12230 ns, Total: 154361 ns
[2020-09-12T12:45:01.178+0000][1][safepoint    ] Safepoint "Cleanup", Time since last: 1000118881 ns, Reaching safepoint: 158650 ns, At safepoint: 28723 ns, Total: 187373 ns
[2020-09-12T12:45:02.178+0000][1][safepoint    ] Safepoint "Cleanup", Time since last: 1000072379 ns, Reaching safepoint: 110511 ns, At safepoint: 9126 ns, Total: 119637 ns
[2020-09-12T12:45:03.178+0000][1][safepoint    ] Safepoint "Cleanup", Time since last: 1000116322 ns, Reaching safepoint: 107152 ns, At safepoint: 8992 ns, Total: 116144 ns
[2020-09-12T12:45:04.104+0000][1][safepoint    ] Safepoint "RevokeBias", Time since last: 925416106 ns, Reaching safepoint: 205426 ns, At safepoint: 23618 ns, Total: 229044 ns
[2020-09-12T12:45:05.104+0000][1][safepoint    ] Safepoint "Cleanup", Time since last: 1000115543 ns, Reaching safepoint: 130929 ns, At safepoint: 9427 ns, Total: 140356 ns
[2020-09-12T12:45:06.105+0000][1][safepoint    ] Safepoint "Cleanup", Time since last: 1000111694 ns, Reaching safepoint: 137873 ns, At safepoint: 10899 ns, Total: 148772 ns
[2020-09-12T12:45:10.106+0000][1][safepoint    ] Safepoint "Cleanup", Time since last: 4001795774 ns, Reaching safepoint: 186242 ns, At safepoint: 14500 ns, Total: 200742 ns
[2020-09-12T12:45:13.107+0000][1][safepoint    ] Safepoint "Cleanup", Time since last: 3000281453 ns, Reaching safepoint: 115143 ns, At safepoint: 9197 ns, Total: 124340 ns
[2020-09-12T12:45:14.122+0000][1][safepoint    ] Safepoint "RevokeBias", Time since last: 1014985332 ns, Reaching safepoint: 104522 ns, At safepoint: 21790 ns, Total: 126312 ns
[2020-09-12T12:45:15.435+0000][1][gc,start     ] GC(81) Pause Young (Allocation Failure)
[2020-09-12T12:45:15.435+0000][1][gc,task      ] GC(81) Using 2 workers of 2 for evacuation
[2020-09-12T12:45:15.441+0000][1][gc,age       ] GC(81) Desired survivor size 8716288 bytes, new threshold 6 (max threshold 6)
[2020-09-12T12:45:15.441+0000][1][gc,age       ] GC(81) Age table with threshold 6 (max threshold 6)
[2020-09-12T12:45:15.441+0000][1][gc,age       ] GC(81) - age   1:     299240 bytes,     299240 total
[2020-09-12T12:45:15.441+0000][1][gc,age       ] GC(81) - age   2:     708960 bytes,    1008200 total
[2020-09-12T12:45:15.441+0000][1][gc,age       ] GC(81) - age   3:     195336 bytes,    1203536 total
[2020-09-12T12:45:15.441+0000][1][gc,age       ] GC(81) - age   4:     286480 bytes,    1490016 total
[2020-09-12T12:45:15.441+0000][1][gc,age       ] GC(81) - age   5:      63320 bytes,    1553336 total
[2020-09-12T12:45:15.442+0000][1][gc,age       ] GC(81) - age   6:     445304 bytes,    1998640 total
[2020-09-12T12:45:15.442+0000][1][gc,heap      ] GC(81) ParNew: 139428K->2454K(153344K)
[2020-09-12T12:45:15.442+0000][1][gc,heap      ] GC(81) CMS: 110461K->110579K(353920K)
[2020-09-12T12:45:15.442+0000][1][gc,metaspace ] GC(81) Metaspace: 99031K->99031K(1140736K)
[2020-09-12T12:45:15.442+0000][1][gc           ] GC(81) Pause Young (Allocation Failure) 244M->110M(495M) 7.015ms
[2020-09-12T12:45:15.442+0000][1][gc,cpu       ] GC(81) User=0.01s Sys=0.00s Real=0.01s
[2020-09-12T12:45:15.442+0000][1][safepoint    ] Safepoint "GenCollectForAllocation", Time since last: 1312384257 ns, Reaching safepoint: 183104 ns, At safepoint: 7074660 ns, Total: 7257764 ns
[2020-09-12T12:45:16.442+0000][1][safepoint    ] Safepoint "Cleanup", Time since last: 1000088311 ns, Reaching safepoint: 121653 ns, At safepoint: 10257 ns, Total: 131910 ns
[2020-09-12T12:45:24.111+0000][1][safepoint    ] Safepoint "RevokeBias", Time since last: 7669069447 ns, Reaching safepoint: 120420 ns, At safepoint: 22753 ns, Total: 143173 ns
[2020-09-12T12:45:25.111+0000][1][safepoint    ] Safepoint "Cleanup", Time since last: 1000133009 ns, Reaching safepoint: 163787 ns, At safepoint: 10687 ns, Total: 174474 ns
[2020-09-12T12:45:26.112+0000][1][safepoint    ] Safepoint "Cleanup", Time since last: 1000120314 ns, Reaching safepoint: 114651 ns, At safepoint: 9756 ns, Total: 124407 ns
[2020-09-12T12:45:28.112+0000][1][safepoint    ] Safepoint "Cleanup", Time since last: 2000197018 ns, Reaching safepoint: 109046 ns, At safepoint: 9026 ns, Total: 118072 ns
[2020-09-12T12:45:30.112+0000][1][safepoint    ] Safepoint "Cleanup", Time since last: 2000206343 ns, Reaching safepoint: 121579 ns, At safepoint: 9856 ns, Total: 131435 ns
[2020-09-12T12:45:32.113+0000][1][safepoint    ] Safepoint "Cleanup", Time since last: 2000186251 ns, Reaching safepoint: 112179 ns, At safepoint: 10200 ns, Total: 122379 ns
[2020-09-12T12:45:33.113+0000][1][safepoint    ] Safepoint "Cleanup", Time since last: 1000150410 ns, Reaching safepoint: 111732 ns, At safepoint: 8358 ns, Total: 120090 ns
[2020-09-12T12:45:34.107+0000][1][safepoint    ] Safepoint "RevokeBias", Time since last: 994416514 ns, Reaching safepoint: 128846 ns, At safepoint: 24892 ns, Total: 153738 ns
[2020-09-12T12:45:40.108+0000][1][safepoint    ] Safepoint "Cleanup", Time since last: 6000543293 ns, Reaching safepoint: 111972 ns, At safepoint: 8859 ns, Total: 120831 ns
[2020-09-12T12:45:44.105+0000][1][safepoint    ] Safepoint "RevokeBias", Time since last: 3996586493 ns, Reaching safepoint: 112677 ns, At safepoint: 22162 ns, Total: 134839 ns
[2020-09-12T12:45:45.584+0000][1][gc,start     ] GC(82) Pause Young (Allocation Failure)
[2020-09-12T12:45:45.584+0000][1][gc,task      ] GC(82) Using 2 workers of 2 for evacuation
[2020-09-12T12:45:45.592+0000][1][gc,age       ] GC(82) Desired survivor size 8716288 bytes, new threshold 6 (max threshold 6)
[2020-09-12T12:45:45.592+0000][1][gc,age       ] GC(82) Age table with threshold 6 (max threshold 6)
[2020-09-12T12:45:45.592+0000][1][gc,age       ] GC(82) - age   1:     504440 bytes,     504440 total
[2020-09-12T12:45:45.592+0000][1][gc,age       ] GC(82) - age   2:     202448 bytes,     706888 total
[2020-09-12T12:45:45.592+0000][1][gc,age       ] GC(82) - age   3:     683112 bytes,    1390000 total
[2020-09-12T12:45:45.592+0000][1][gc,age       ] GC(82) - age   4:     139784 bytes,    1529784 total
[2020-09-12T12:45:45.592+0000][1][gc,age       ] GC(82) - age   5:     110184 bytes,    1639968 total
[2020-09-12T12:45:45.592+0000][1][gc,age       ] GC(82) - age   6:      63320 bytes,    1703288 total
[2020-09-12T12:45:45.592+0000][1][gc,heap      ] GC(82) ParNew: 138774K->3116K(153344K)
[2020-09-12T12:45:45.592+0000][1][gc,heap      ] GC(82) CMS: 110579K->111014K(353920K)
[2020-09-12T12:45:45.592+0000][1][gc,metaspace ] GC(82) Metaspace: 99045K->99045K(1140736K)
[2020-09-12T12:45:45.592+0000][1][gc           ] GC(82) Pause Young (Allocation Failure) 243M->111M(495M) 8.153ms
[2020-09-12T12:45:45.592+0000][1][gc,cpu       ] GC(82) User=0.00s Sys=0.00s Real=0.01s
[2020-09-12T12:45:45.592+0000][1][safepoint    ] Safepoint "GenCollectForAllocation", Time since last: 1478825337 ns, Reaching safepoint: 126018 ns, At safepoint: 8229502 ns, Total: 8355520 ns
[2020-09-12T12:45:51.593+0000][1][safepoint    ] Safepoint "Cleanup", Time since last: 6000456113 ns, Reaching safepoint: 112005 ns, At safepoint: 18458 ns, Total: 130463 ns
[2020-09-12T12:45:54.130+0000][1][safepoint    ] Safepoint "RevokeBias", Time since last: 2537378414 ns, Reaching safepoint: 108874 ns, At safepoint: 27507 ns, Total: 136381 ns
[2020-09-12T12:45:55.130+0000][1][safepoint    ] Safepoint "Cleanup", Time since last: 1000117644 ns, Reaching safepoint: 139366 ns, At safepoint: 11215 ns, Total: 150581 ns
[2020-09-12T12:45:59.131+0000][1][safepoint    ] Safepoint "Cleanup", Time since last: 4000345109 ns, Reaching safepoint: 114910 ns, At safepoint: 18237 ns, Total: 133147 ns
[2020-09-12T12:46:01.131+0000][1][safepoint    ] Safepoint "Cleanup", Time since last: 2000196883 ns, Reaching safepoint: 113094 ns, At safepoint: 15061 ns, Total: 128155 ns
[2020-09-12T12:46:04.162+0000][1][safepoint    ] Safepoint "RevokeBias", Time since last: 3030811483 ns, Reaching safepoint: 103240 ns, At safepoint: 21052 ns, Total: 124292 ns
[2020-09-12T12:46:05.162+0000][1][safepoint    ] Safepoint "Cleanup", Time since last: 1000117765 ns, Reaching safepoint: 116962 ns, At safepoint: 11954 ns, Total: 128916 ns
[2020-09-12T12:46:06.165+0000][1][safepoint    ] Safepoint "Cleanup", Time since last: 1002652336 ns, Reaching safepoint: 110890 ns, At safepoint: 9100 ns, Total: 119990 ns
[2020-09-12T12:46:14.104+0000][1][safepoint    ] Safepoint "RevokeBias", Time since last: 7938100434 ns, Reaching safepoint: 240193 ns, At safepoint: 35659 ns, Total: 275852 ns
[2020-09-12T12:46:17.104+0000][1][safepoint    ] Safepoint "Cleanup", Time since last: 3000301240 ns, Reaching safepoint: 112570 ns, At safepoint: 11685 ns, Total: 124255 ns
[2020-09-12T12:46:20.507+0000][1][gc,start     ] GC(83) Pause Young (Allocation Failure)
[2020-09-12T12:46:20.507+0000][1][gc,task      ] GC(83) Using 2 workers of 2 for evacuation
[2020-09-12T12:46:20.513+0000][1][gc,age       ] GC(83) Desired survivor size 8716288 bytes, new threshold 6 (max threshold 6)
[2020-09-12T12:46:20.514+0000][1][gc,age       ] GC(83) Age table with threshold 6 (max threshold 6)
[2020-09-12T12:46:20.514+0000][1][gc,age       ] GC(83) - age   1:    1073864 bytes,    1073864 total
[2020-09-12T12:46:20.514+0000][1][gc,age       ] GC(83) - age   2:     400928 bytes,    1474792 total
[2020-09-12T12:46:20.514+0000][1][gc,age       ] GC(83) - age   3:     198912 bytes,    1673704 total
[2020-09-12T12:46:20.514+0000][1][gc,age       ] GC(83) - age   4:      48256 bytes,    1721960 total
[2020-09-12T12:46:20.514+0000][1][gc,age       ] GC(83) - age   5:      54464 bytes,    1776424 total
[2020-09-12T12:46:20.514+0000][1][gc,age       ] GC(83) - age   6:     110184 bytes,    1886608 total
[2020-09-12T12:46:20.514+0000][1][gc,heap      ] GC(83) ParNew: 139436K->2286K(153344K)
[2020-09-12T12:46:20.514+0000][1][gc,heap      ] GC(83) CMS: 111014K->111076K(353920K)
[2020-09-12T12:46:20.514+0000][1][gc,metaspace ] GC(83) Metaspace: 99077K->99077K(1140736K)
[2020-09-12T12:46:20.514+0000][1][gc           ] GC(83) Pause Young (Allocation Failure) 244M->110M(495M) 6.284ms
[2020-09-12T12:46:20.514+0000][1][gc,cpu       ] GC(83) User=0.00s Sys=0.00s Real=0.01s
[2020-09-12T12:46:20.514+0000][1][safepoint    ] Safepoint "GenCollectForAllocation", Time since last: 3403227299 ns, Reaching safepoint: 184671 ns, At safepoint: 6346973 ns, Total: 6531644 ns
[2020-09-12T12:46:24.105+0000][1][safepoint    ] Safepoint "RevokeBias", Time since last: 3591080403 ns, Reaching safepoint: 111283 ns, At safepoint: 22780 ns, Total: 134063 ns
[2020-09-12T12:46:25.105+0000][1][safepoint    ] Safepoint "Cleanup", Time since last: 1000122105 ns, Reaching safepoint: 116740 ns, At safepoint: 10908 ns, Total: 127648 ns
[2020-09-12T12:46:30.106+0000][1][safepoint    ] Safepoint "Cleanup", Time since last: 5000486136 ns, Reaching safepoint: 113635 ns, At safepoint: 24668 ns, Total: 138303 ns
[2020-09-12T12:46:31.106+0000][1][safepoint    ] Safepoint "Cleanup", Time since last: 1000136349 ns, Reaching safepoint: 116697 ns, At safepoint: 13075 ns, Total: 129772 ns
[2020-09-12T12:46:34.108+0000][1][safepoint    ] Safepoint "Cleanup", Time since last: 3001345800 ns, Reaching safepoint: 253275 ns, At safepoint: 12711 ns, Total: 265986 ns
[2020-09-12T12:46:34.115+0000][1][safepoint    ] Safepoint "RevokeBias", Time since last: 7539762 ns, Reaching safepoint: 205986 ns, At safepoint: 25191 ns, Total: 231177 ns
[2020-09-12T12:46:35.116+0000][1][safepoint    ] Safepoint "Cleanup", Time since last: 1000118567 ns, Reaching safepoint: 113588 ns, At safepoint: 11320 ns, Total: 124908 ns
[2020-09-12T12:46:44.117+0000][1][safepoint    ] Safepoint "Cleanup", Time since last: 9001547726 ns, Reaching safepoint: 205941 ns, At safepoint: 11757 ns, Total: 217698 ns
[2020-09-12T12:46:44.120+0000][1][safepoint    ] Safepoint "RevokeBias", Time since last: 2199292 ns, Reaching safepoint: 133027 ns, At safepoint: 24603 ns, Total: 157630 ns
[2020-09-12T12:46:45.120+0000][1][safepoint    ] Safepoint "Cleanup", Time since last: 1000116165 ns, Reaching safepoint: 126048 ns, At safepoint: 12701 ns, Total: 138749 ns
[2020-09-12T12:46:51.121+0000][1][safepoint    ] Safepoint "Cleanup", Time since last: 6000562969 ns, Reaching safepoint: 168780 ns, At safepoint: 11583 ns, Total: 180363 ns
[2020-09-12T12:46:52.492+0000][1][gc,start     ] GC(84) Pause Young (Allocation Failure)
[2020-09-12T12:46:52.492+0000][1][gc,task      ] GC(84) Using 2 workers of 2 for evacuation
[2020-09-12T12:46:52.505+0000][1][gc,age       ] GC(84) Desired survivor size 8716288 bytes, new threshold 6 (max threshold 6)
[2020-09-12T12:46:52.505+0000][1][gc,age       ] GC(84) Age table with threshold 6 (max threshold 6)
[2020-09-12T12:46:52.505+0000][1][gc,age       ] GC(84) - age   1:     254456 bytes,     254456 total
[2020-09-12T12:46:52.505+0000][1][gc,age       ] GC(84) - age   2:     979136 bytes,    1233592 total
[2020-09-12T12:46:52.505+0000][1][gc,age       ] GC(84) - age   3:     399216 bytes,    1632808 total
[2020-09-12T12:46:52.505+0000][1][gc,age       ] GC(84) - age   4:     100024 bytes,    1732832 total
[2020-09-12T12:46:52.505+0000][1][gc,age       ] GC(84) - age   5:      46360 bytes,    1779192 total
[2020-09-12T12:46:52.505+0000][1][gc,age       ] GC(84) - age   6:      54464 bytes,    1833656 total
[2020-09-12T12:46:52.505+0000][1][gc,heap      ] GC(84) ParNew: 138606K->2501K(153344K)
[2020-09-12T12:46:52.505+0000][1][gc,heap      ] GC(84) CMS: 111076K->111183K(353920K)
[2020-09-12T12:46:52.505+0000][1][gc,metaspace ] GC(84) Metaspace: 99134K->99134K(1140736K)
[2020-09-12T12:46:52.505+0000][1][gc           ] GC(84) Pause Young (Allocation Failure) 243M->111M(495M) 13.293ms
[2020-09-12T12:46:52.505+0000][1][gc,cpu       ] GC(84) User=0.00s Sys=0.00s Real=0.01s
[2020-09-12T12:46:52.506+0000][1][safepoint    ] Safepoint "GenCollectForAllocation", Time since last: 1371257801 ns, Reaching safepoint: 110873 ns, At safepoint: 13351939 ns, Total: 13462812 ns
[2020-09-12T12:46:54.112+0000][1][safepoint    ] Safepoint "RevokeBias", Time since last: 1605932662 ns, Reaching safepoint: 121023 ns, At safepoint: 21940 ns, Total: 142963 ns
[2020-09-12T12:46:55.112+0000][1][safepoint    ] Safepoint "Cleanup", Time since last: 1000121577 ns, Reaching safepoint: 131164 ns, At safepoint: 14125 ns, Total: 145289 ns
[2020-09-12T12:46:56.112+0000][1][safepoint    ] Safepoint "Cleanup", Time since last: 1000127811 ns, Reaching safepoint: 119466 ns, At safepoint: 11129 ns, Total: 130595 ns
[2020-09-12T12:46:57.112+0000][1][safepoint    ] Safepoint "Cleanup", Time since last: 1000127294 ns, Reaching safepoint: 113365 ns, At safepoint: 10089 ns, Total: 123454 ns
[2020-09-12T12:46:58.113+0000][1][safepoint    ] Safepoint "Cleanup", Time since last: 1000123194 ns, Reaching safepoint: 224922 ns, At safepoint: 38428 ns, Total: 263350 ns
[2020-09-12T12:46:59.113+0000][1][safepoint    ] Safepoint "Cleanup", Time since last: 1000147986 ns, Reaching safepoint: 142953 ns, At safepoint: 12087 ns, Total: 155040 ns
[2020-09-12T12:47:00.113+0000][1][safepoint    ] Safepoint "Cleanup", Time since last: 1000125474 ns, Reaching safepoint: 153400 ns, At safepoint: 12696 ns, Total: 166096 ns
[2020-09-12T12:47:01.114+0000][1][safepoint    ] Safepoint "Cleanup", Time since last: 1000102298 ns, Reaching safepoint: 151759 ns, At safepoint: 13276 ns, Total: 165035 ns
[2020-09-12T12:47:02.114+0000][1][safepoint    ] Safepoint "Cleanup", Time since last: 1000124973 ns, Reaching safepoint: 124063 ns, At safepoint: 13574 ns, Total: 137637 ns
[2020-09-12T12:47:03.114+0000][1][safepoint    ] Safepoint "Cleanup", Time since last: 1000122619 ns, Reaching safepoint: 107820 ns, At safepoint: 9475 ns, Total: 117295 ns
[2020-09-12T12:47:04.117+0000][1][safepoint    ] Safepoint "Cleanup", Time since last: 1001673618 ns, Reaching safepoint: 374964 ns, At safepoint: 863269 ns, Total: 1238233 ns
[2020-09-12T12:47:04.119+0000][1][safepoint    ] Safepoint "RevokeBias", Time since last: 1035953 ns, Reaching safepoint: 334257 ns, At safepoint: 360547 ns, Total: 694804 ns
[2020-09-12T12:47:05.119+0000][1][safepoint    ] Safepoint "Cleanup", Time since last: 1000124383 ns, Reaching safepoint: 157814 ns, At safepoint: 15066 ns, Total: 172880 ns
[2020-09-12T12:47:06.119+0000][1][safepoint    ] Safepoint "Cleanup", Time since last: 1000148923 ns, Reaching safepoint: 120694 ns, At safepoint: 14596 ns, Total: 135290 ns
[2020-09-12T12:47:07.120+0000][1][safepoint    ] Safepoint "Cleanup", Time since last: 1000135315 ns, Reaching safepoint: 114446 ns, At safepoint: 12559 ns, Total: 127005 ns
[2020-09-12T12:47:08.120+0000][1][safepoint    ] Safepoint "Cleanup", Time since last: 1000137131 ns, Reaching safepoint: 143809 ns, At safepoint: 11690 ns, Total: 155499 ns
[2020-09-12T12:47:09.120+0000][1][safepoint    ] Safepoint "Cleanup", Time since last: 1000118522 ns, Reaching safepoint: 112959 ns, At safepoint: 9849 ns, Total: 122808 ns
[2020-09-12T12:47:10.120+0000][1][safepoint    ] Safepoint "Cleanup", Time since last: 1000121541 ns, Reaching safepoint: 117006 ns, At safepoint: 13027 ns, Total: 130033 ns
[2020-09-12T12:47:11.121+0000][1][safepoint    ] Safepoint "Cleanup", Time since last: 1000144411 ns, Reaching safepoint: 174446 ns, At safepoint: 11746 ns, Total: 186192 ns
[2020-09-12T12:47:12.121+0000][1][safepoint    ] Safepoint "Cleanup", Time since last: 1000119734 ns, Reaching safepoint: 110574 ns, At safepoint: 11286 ns, Total: 121860 ns
[2020-09-12T12:47:13.121+0000][1][safepoint    ] Safepoint "Cleanup", Time since last: 1000124959 ns, Reaching safepoint: 110597 ns, At safepoint: 9472 ns, Total: 120069 ns
[2020-09-12T12:47:14.122+0000][1][safepoint    ] Safepoint "Cleanup", Time since last: 1000106133 ns, Reaching safepoint: 197096 ns, At safepoint: 9768 ns, Total: 206864 ns
[2020-09-12T12:47:14.129+0000][1][safepoint    ] Safepoint "BulkRevokeBias", Time since last: 6823038 ns, Reaching safepoint: 399810 ns, At safepoint: 436526 ns, Total: 836336 ns
[2020-09-12T12:47:14.158+0000][1][safepoint    ] Safepoint "RevokeBias", Time since last: 24358498 ns, Reaching safepoint: 4335937 ns, At safepoint: 41234 ns, Total: 4377171 ns
[2020-09-12T12:47:15.158+0000][1][safepoint    ] Safepoint "Cleanup", Time since last: 1000201172 ns, Reaching safepoint: 116028 ns, At safepoint: 15030 ns, Total: 131058 ns
[2020-09-12T12:47:16.159+0000][1][safepoint    ] Safepoint "Cleanup", Time since last: 1000162678 ns, Reaching safepoint: 117242 ns, At safepoint: 11121 ns, Total: 128363 ns
[2020-09-12T12:47:17.159+0000][1][safepoint    ] Safepoint "Cleanup", Time since last: 1000120520 ns, Reaching safepoint: 118136 ns, At safepoint: 198665 ns, Total: 316801 ns
[2020-09-12T12:47:18.159+0000][1][safepoint    ] Safepoint "Cleanup", Time since last: 1000155041 ns, Reaching safepoint: 116247 ns, At safepoint: 12653 ns, Total: 128900 ns
[2020-09-12T12:47:19.160+0000][1][safepoint    ] Safepoint "Cleanup", Time since last: 1000119426 ns, Reaching safepoint: 115360 ns, At safepoint: 11613 ns, Total: 126973 ns
[2020-09-12T12:47:20.160+0000][1][safepoint    ] Safepoint "Cleanup", Time since last: 1000163831 ns, Reaching safepoint: 114664 ns, At safepoint: 12348 ns, Total: 127012 ns
[2020-09-12T12:47:21.160+0000][1][safepoint    ] Safepoint "Cleanup", Time since last: 1000119794 ns, Reaching safepoint: 127266 ns, At safepoint: 12172 ns, Total: 139438 ns
[2020-09-12T12:47:22.160+0000][1][safepoint    ] Safepoint "Cleanup", Time since last: 1000120084 ns, Reaching safepoint: 238691 ns, At safepoint: 13731 ns, Total: 252422 ns
[2020-09-12T12:47:23.161+0000][1][safepoint    ] Safepoint "Cleanup", Time since last: 1000109215 ns, Reaching safepoint: 145808 ns, At safepoint: 10127 ns, Total: 155935 ns
[2020-09-12T12:47:24.147+0000][1][gc,start     ] GC(85) Pause Young (Allocation Failure)
[2020-09-12T12:47:24.147+0000][1][gc,task      ] GC(85) Using 2 workers of 2 for evacuation
[2020-09-12T12:47:24.156+0000][1][gc,age       ] GC(85) Desired survivor size 8716288 bytes, new threshold 6 (max threshold 6)
[2020-09-12T12:47:24.156+0000][1][gc,age       ] GC(85) Age table with threshold 6 (max threshold 6)
[2020-09-12T12:47:24.156+0000][1][gc,age       ] GC(85) - age   1:     717264 bytes,     717264 total
[2020-09-12T12:47:24.156+0000][1][gc,age       ] GC(85) - age   2:     161624 bytes,     878888 total
[2020-09-12T12:47:24.156+0000][1][gc,age       ] GC(85) - age   3:     970312 bytes,    1849200 total
[2020-09-12T12:47:24.156+0000][1][gc,age       ] GC(85) - age   4:     360704 bytes,    2209904 total
[2020-09-12T12:47:24.156+0000][1][gc,age       ] GC(85) - age   5:      84528 bytes,    2294432 total
[2020-09-12T12:47:24.156+0000][1][gc,age       ] GC(85) - age   6:      46328 bytes,    2340760 total
[2020-09-12T12:47:24.156+0000][1][gc,heap      ] GC(85) ParNew: 138821K->3519K(153344K)
[2020-09-12T12:47:24.157+0000][1][gc,heap      ] GC(85) CMS: 111183K->111237K(353920K)
[2020-09-12T12:47:24.157+0000][1][gc,metaspace ] GC(85) Metaspace: 99341K->99341K(1140736K)
[2020-09-12T12:47:24.157+0000][1][gc           ] GC(85) Pause Young (Allocation Failure) 244M->112M(495M) 9.783ms
[2020-09-12T12:47:24.157+0000][1][gc,cpu       ] GC(85) User=0.01s Sys=0.00s Real=0.01s
[2020-09-12T12:47:24.157+0000][1][safepoint    ] Safepoint "GenCollectForAllocation", Time since last: 985825147 ns, Reaching safepoint: 222548 ns, At safepoint: 9850726 ns, Total: 10073274 ns
[2020-09-12T12:47:24.160+0000][1][safepoint    ] Safepoint "RevokeBias", Time since last: 3495888 ns, Reaching safepoint: 207070 ns, At safepoint: 51239 ns, Total: 258309 ns
[2020-09-12T12:47:25.161+0000][1][safepoint    ] Safepoint "Cleanup", Time since last: 1000685899 ns, Reaching safepoint: 124950 ns, At safepoint: 10890 ns, Total: 135840 ns
[2020-09-12T12:47:26.161+0000][1][safepoint    ] Safepoint "Cleanup", Time since last: 1000118669 ns, Reaching safepoint: 114244 ns, At safepoint: 9325 ns, Total: 123569 ns
[2020-09-12T12:47:27.162+0000][1][safepoint    ] Safepoint "Cleanup", Time since last: 1000121203 ns, Reaching safepoint: 113230 ns, At safepoint: 9690 ns, Total: 122920 ns
[2020-09-12T12:47:28.162+0000][1][safepoint    ] Safepoint "Cleanup", Time since last: 1000126473 ns, Reaching safepoint: 110379 ns, At safepoint: 9823 ns, Total: 120202 ns
[2020-09-12T12:47:29.162+0000][1][safepoint    ] Safepoint "Cleanup", Time since last: 1000070150 ns, Reaching safepoint: 114291 ns, At safepoint: 9748 ns, Total: 124039 ns
[2020-09-12T12:47:30.162+0000][1][safepoint    ] Safepoint "Cleanup", Time since last: 1000124275 ns, Reaching safepoint: 112411 ns, At safepoint: 9767 ns, Total: 122178 ns
[2020-09-12T12:47:31.163+0000][1][safepoint    ] Safepoint "Cleanup", Time since last: 1000123321 ns, Reaching safepoint: 110991 ns, At safepoint: 9243 ns, Total: 120234 ns
[2020-09-12T12:47:32.163+0000][1][safepoint    ] Safepoint "Cleanup", Time since last: 1000121054 ns, Reaching safepoint: 110852 ns, At safepoint: 10554 ns, Total: 121406 ns
[2020-09-12T12:47:33.163+0000][1][safepoint    ] Safepoint "Cleanup", Time since last: 1000532820 ns, Reaching safepoint: 118342 ns, At safepoint: 10260 ns, Total: 128602 ns
[2020-09-12T12:47:34.122+0000][1][safepoint    ] Safepoint "RevokeBias", Time since last: 958061216 ns, Reaching safepoint: 119924 ns, At safepoint: 66165 ns, Total: 186089 ns
[2020-09-12T12:47:35.122+0000][1][safepoint    ] Safepoint "Cleanup", Time since last: 1000140455 ns, Reaching safepoint: 124573 ns, At safepoint: 10959 ns, Total: 135532 ns
[2020-09-12T12:47:36.122+0000][1][safepoint    ] Safepoint "Cleanup", Time since last: 1000182794 ns, Reaching safepoint: 164454 ns, At safepoint: 11987 ns, Total: 176441 ns
[2020-09-12T12:47:37.123+0000][1][safepoint    ] Safepoint "Cleanup", Time since last: 1000132911 ns, Reaching safepoint: 198412 ns, At safepoint: 13283 ns, Total: 211695 ns
[2020-09-12T12:47:38.123+0000][1][safepoint    ] Safepoint "Cleanup", Time since last: 1000231937 ns, Reaching safepoint: 118619 ns, At safepoint: 9978 ns, Total: 128597 ns
[2020-09-12T12:47:39.123+0000][1][safepoint    ] Safepoint "Cleanup", Time since last: 1000122534 ns, Reaching safepoint: 133395 ns, At safepoint: 11455 ns, Total: 144850 ns
[2020-09-12T12:47:40.124+0000][1][safepoint    ] Safepoint "Cleanup", Time since last: 1000113940 ns, Reaching safepoint: 130025 ns, At safepoint: 11327 ns, Total: 141352 ns
[2020-09-12T12:47:41.124+0000][1][safepoint    ] Safepoint "Cleanup", Time since last: 1000133837 ns, Reaching safepoint: 112708 ns, At safepoint: 10492 ns, Total: 123200 ns
[2020-09-12T12:47:42.124+0000][1][safepoint    ] Safepoint "Cleanup", Time since last: 1000099982 ns, Reaching safepoint: 204702 ns, At safepoint: 13288 ns, Total: 217990 ns
[2020-09-12T12:47:43.124+0000][1][safepoint    ] Safepoint "Cleanup", Time since last: 1000136882 ns, Reaching safepoint: 148882 ns, At safepoint: 14155 ns, Total: 163037 ns
[2020-09-12T12:47:44.116+0000][1][safepoint    ] Safepoint "RevokeBias", Time since last: 991234923 ns, Reaching safepoint: 262492 ns, At safepoint: 248582 ns, Total: 511074 ns
[2020-09-12T12:47:45.116+0000][1][safepoint    ] Safepoint "Cleanup", Time since last: 1000132757 ns, Reaching safepoint: 115537 ns, At safepoint: 12160 ns, Total: 127697 ns
[2020-09-12T12:47:46.117+0000][1][safepoint    ] Safepoint "Cleanup", Time since last: 1000127235 ns, Reaching safepoint: 140794 ns, At safepoint: 11361 ns, Total: 152155 ns
[2020-09-12T12:47:47.117+0000][1][safepoint    ] Safepoint "Cleanup", Time since last: 1000128450 ns, Reaching safepoint: 109647 ns, At safepoint: 10398 ns, Total: 120045 ns
[2020-09-12T12:47:48.117+0000][1][safepoint    ] Safepoint "Cleanup", Time since last: 1000120993 ns, Reaching safepoint: 112461 ns, At safepoint: 11269 ns, Total: 123730 ns
[2020-09-12T12:47:49.118+0000][1][safepoint    ] Safepoint "Cleanup", Time since last: 1000132217 ns, Reaching safepoint: 115558 ns, At safepoint: 12692 ns, Total: 128250 ns
[2020-09-12T12:47:50.118+0000][1][safepoint    ] Safepoint "Cleanup", Time since last: 1000125891 ns, Reaching safepoint: 111379 ns, At safepoint: 9637 ns, Total: 121016 ns
[2020-09-12T12:47:51.118+0000][1][safepoint    ] Safepoint "Cleanup", Time since last: 1000155771 ns, Reaching safepoint: 110114 ns, At safepoint: 8792 ns, Total: 118906 ns
[2020-09-12T12:47:52.118+0000][1][safepoint    ] Safepoint "Cleanup", Time since last: 1000117630 ns, Reaching safepoint: 119924 ns, At safepoint: 12829 ns, Total: 132753 ns
[2020-09-12T12:47:53.119+0000][1][safepoint    ] Safepoint "Cleanup", Time since last: 1000130597 ns, Reaching safepoint: 111873 ns, At safepoint: 10026 ns, Total: 121899 ns
                                                                                                                                                                                                                                                                                                                                                                                                                                                         