[2020-09-11T13:17:45.349+0000][1][gc] Using Concurrent Mark Sweep
[2020-09-11T13:17:45.349+0000][1][gc,heap,coops] Heap address: 0x00000000e0000000, size: 512 MB, Compressed Oops mode: 32-bit
[2020-09-11T13:17:45.408+0000][1][safepoint    ] Safepoint "EnableBiasedLocking", Time since last: 50412036 ns, Reaching safepoint: 141920 ns, At safepoint: 35480 ns, Total: 177400 ns
[2020-09-11T13:17:45.413+0000][1][safepoint    ] Safepoint "RevokeBias", Time since last: 5341182 ns, Reaching safepoint: 99562 ns, At safepoint: 32162 ns, Total: 131724 ns
[2020-09-11T13:17:45.426+0000][1][safepoint    ] Safepoint "Deoptimize", Time since last: 11983193 ns, Reaching safepoint: 137119 ns, At safepoint: 18385 ns, Total: 155504 ns
[2020-09-11T13:17:45.586+0000][1][safepoint    ] Safepoint "Deoptimize", Time since last: 159782363 ns, Reaching safepoint: 146685 ns, At safepoint: 30341 ns, Total: 177026 ns
[2020-09-11T13:17:45.588+0000][1][safepoint    ] Safepoint "Deoptimize", Time since last: 1888734 ns, Reaching safepoint: 135905 ns, At safepoint: 29808 ns, Total: 165713 ns
[2020-09-11T13:17:45.640+0000][1][safepoint    ] Safepoint "Deoptimize", Time since last: 52366533 ns, Reaching safepoint: 140334 ns, At safepoint: 36041 ns, Total: 176375 ns
[2020-09-11T13:17:46.232+0000][1][safepoint    ] Safepoint "Deoptimize", Time since last: 591543956 ns, Reaching safepoint: 140495 ns, At safepoint: 59105 ns, Total: 199600 ns
[2020-09-11T13:17:46.302+0000][1][safepoint    ] Safepoint "Deoptimize", Time since last: 70187360 ns, Reaching safepoint: 138988 ns, At safepoint: 75517 ns, Total: 214505 ns
[2020-09-11T13:17:46.396+0000][1][safepoint    ] Safepoint "Deoptimize", Time since last: 93951047 ns, Reaching safepoint: 101692 ns, At safepoint: 69181 ns, Total: 170873 ns
[2020-09-11T13:17:46.867+0000][1][safepoint    ] Safepoint "Deoptimize", Time since last: 470648107 ns, Reaching safepoint: 153942 ns, At safepoint: 128503 ns, Total: 282445 ns
[2020-09-11T13:17:47.417+0000][1][safepoint    ] Safepoint "Deoptimize", Time since last: 549090001 ns, Reaching safepoint: 101531 ns, At safepoint: 88626 ns, Total: 190157 ns
[2020-09-11T13:17:47.879+0000][1][safepoint    ] Safepoint "Deoptimize", Time since last: 461875302 ns, Reaching safepoint: 128879 ns, At safepoint: 109562 ns, Total: 238441 ns
[2020-09-11T13:17:47.879+0000][1][safepoint    ] Safepoint "Deoptimize", Time since last: 174896 ns, Reaching safepoint: 78980 ns, At safepoint: 45064 ns, Total: 124044 ns
[2020-09-11T13:17:47.943+0000][1][safepoint    ] Safepoint "Deoptimize", Time since last: 63494964 ns, Reaching safepoint: 152482 ns, At safepoint: 108275 ns, Total: 260757 ns
[2020-09-11T13:17:47.950+0000][1][safepoint    ] Safepoint "Deoptimize", Time since last: 6785470 ns, Reaching safepoint: 142670 ns, At safepoint: 114910 ns, Total: 257580 ns
[2020-09-11T13:17:47.972+0000][1][safepoint    ] Safepoint "RevokeBias", Time since last: 21771435 ns, Reaching safepoint: 214665 ns, At safepoint: 21233 ns, Total: 235898 ns
[2020-09-11T13:17:47.972+0000][1][safepoint    ] Safepoint "RevokeBias", Time since last: 168686 ns, Reaching safepoint: 187543 ns, At safepoint: 17427 ns, Total: 204970 ns
[2020-09-11T13:17:47.972+0000][1][safepoint    ] Safepoint "RevokeBias", Time since last: 58831 ns, Reaching safepoint: 115564 ns, At safepoint: 15376 ns, Total: 130940 ns
[2020-09-11T13:17:47.973+0000][1][safepoint    ] Safepoint "RevokeBias", Time since last: 132865 ns, Reaching safepoint: 326790 ns, At safepoint: 23453 ns, Total: 350243 ns
[2020-09-11T13:17:48.078+0000][1][safepoint    ] Safepoint "RevokeBias", Time since last: 104732025 ns, Reaching safepoint: 158690 ns, At safepoint: 14259 ns, Total: 172949 ns
[2020-09-11T13:17:48.533+0000][1][gc,start     ] GC(0) Pause Young (Allocation Failure)
[2020-09-11T13:17:48.533+0000][1][gc,task      ] GC(0) Using 1 workers of 1 for evacuation
[2020-09-11T13:17:48.547+0000][1][gc,age       ] GC(0) Desired survivor size 4358144 bytes, new threshold 1 (max threshold 6)
[2020-09-11T13:17:48.547+0000][1][gc,age       ] GC(0) Age table with threshold 1 (max threshold 6)
[2020-09-11T13:17:48.547+0000][1][gc,age       ] GC(0) - age   1:    6322984 bytes,    6322984 total
[2020-09-11T13:17:48.547+0000][1][gc,heap      ] GC(0) ParNew: 68160K->6204K(76672K)
[2020-09-11T13:17:48.547+0000][1][gc,heap      ] GC(0) CMS: 0K->0K(439104K)
[2020-09-11T13:17:48.547+0000][1][gc,metaspace ] GC(0) Metaspace: 13325K->13325K(1060864K)
[2020-09-11T13:17:48.547+0000][1][gc           ] GC(0) Pause Young (Allocation Failure) 66M->6M(503M) 14.240ms
[2020-09-11T13:17:48.547+0000][1][gc,cpu       ] GC(0) User=0.02s Sys=0.00s Real=0.02s
[2020-09-11T13:17:48.551+0000][1][safepoint    ] Safepoint "GenCollectForAllocation", Time since last: 455263171 ns, Reaching safepoint: 127486 ns, At safepoint: 18272495 ns, Total: 18399981 ns
[2020-09-11T13:17:48.564+0000][1][safepoint    ] Safepoint "RevokeBias", Time since last: 11985240 ns, Reaching safepoint: 97093 ns, At safepoint: 41998 ns, Total: 139091 ns
[2020-09-11T13:17:48.566+0000][1][safepoint    ] Safepoint "RevokeBias", Time since last: 2488649 ns, Reaching safepoint: 87427 ns, At safepoint: 23747 ns, Total: 111174 ns
[2020-09-11T13:17:48.566+0000][1][safepoint    ] Safepoint "RevokeBias", Time since last: 51895 ns, Reaching safepoint: 79447 ns, At safepoint: 20333 ns, Total: 99780 ns
[2020-09-11T13:17:48.566+0000][1][safepoint    ] Safepoint "RevokeBias", Time since last: 28071 ns, Reaching safepoint: 77458 ns, At safepoint: 19839 ns, Total: 97297 ns
[2020-09-11T13:17:48.567+0000][1][safepoint    ] Safepoint "RevokeBias", Time since last: 32841 ns, Reaching safepoint: 77648 ns, At safepoint: 34795 ns, Total: 112443 ns
[2020-09-11T13:17:48.567+0000][1][safepoint    ] Safepoint "RevokeBias", Time since last: 37474 ns, Reaching safepoint: 76945 ns, At safepoint: 18218 ns, Total: 95163 ns
[2020-09-11T13:17:48.567+0000][1][safepoint    ] Safepoint "RevokeBias", Time since last: 32157 ns, Reaching safepoint: 77143 ns, At safepoint: 20924 ns, Total: 98067 ns
[2020-09-11T13:17:48.567+0000][1][safepoint    ] Safepoint "RevokeBias", Time since last: 25322 ns, Reaching safepoint: 75586 ns, At safepoint: 18851 ns, Total: 94437 ns
[2020-09-11T13:17:48.567+0000][1][safepoint    ] Safepoint "RevokeBias", Time since last: 30117 ns, Reaching safepoint: 76002 ns, At safepoint: 17625 ns, Total: 93627 ns
[2020-09-11T13:17:48.567+0000][1][safepoint    ] Safepoint "RevokeBias", Time since last: 24833 ns, Reaching safepoint: 75570 ns, At safepoint: 17176 ns, Total: 92746 ns
[2020-09-11T13:17:48.567+0000][1][safepoint    ] Safepoint "RevokeBias", Time since last: 45098 ns, Reaching safepoint: 76169 ns, At safepoint: 17226 ns, Total: 93395 ns
[2020-09-11T13:17:48.568+0000][1][safepoint    ] Safepoint "RevokeBias", Time since last: 24597 ns, Reaching safepoint: 220863 ns, At safepoint: 27310 ns, Total: 248173 ns
[2020-09-11T13:17:48.571+0000][1][safepoint    ] Safepoint "RevokeBias", Time since last: 36074 ns, Reaching safepoint: 87593 ns, At safepoint: 3756703 ns, Total: 3844296 ns
[2020-09-11T13:17:48.572+0000][1][safepoint    ] Safepoint "RevokeBias", Time since last: 75790 ns, Reaching safepoint: 103050 ns, At safepoint: 32938 ns, Total: 135988 ns
[2020-09-11T13:17:48.576+0000][1][safepoint    ] Safepoint "RevokeBias", Time since last: 3772999 ns, Reaching safepoint: 103306 ns, At safepoint: 19231 ns, Total: 122537 ns
[2020-09-11T13:17:48.576+0000][1][safepoint    ] Safepoint "RevokeBias", Time since last: 65212 ns, Reaching safepoint: 76930 ns, At safepoint: 16496 ns, Total: 93426 ns
[2020-09-11T13:17:48.576+0000][1][safepoint    ] Safepoint "RevokeBias", Time since last: 65433 ns, Reaching safepoint: 75618 ns, At safepoint: 12127 ns, Total: 87745 ns
[2020-09-11T13:17:48.576+0000][1][safepoint    ] Safepoint "RevokeBias", Time since last: 26685 ns, Reaching safepoint: 75949 ns, At safepoint: 10699 ns, Total: 86648 ns
[2020-09-11T13:17:48.576+0000][1][safepoint    ] Safepoint "RevokeBias", Time since last: 33167 ns, Reaching safepoint: 77772 ns, At safepoint: 20804 ns, Total: 98576 ns
[2020-09-11T13:17:48.579+0000][1][safepoint    ] Safepoint "RevokeBias", Time since last: 26740 ns, Reaching safepoint: 3273344 ns, At safepoint: 35880 ns, Total: 3309224 ns
[2020-09-11T13:17:48.580+0000][1][safepoint    ] Safepoint "RevokeBias", Time since last: 106310 ns, Reaching safepoint: 80771 ns, At safepoint: 13074 ns, Total: 93845 ns
[2020-09-11T13:17:48.580+0000][1][safepoint    ] Safepoint "RevokeBias", Time since last: 33397 ns, Reaching safepoint: 75762 ns, At safepoint: 10342 ns, Total: 86104 ns
[2020-09-11T13:17:48.610+0000][1][safepoint    ] Safepoint "RevokeBias", Time since last: 29909683 ns, Reaching safepoint: 45427 ns, At safepoint: 33805 ns, Total: 79232 ns
[2020-09-11T13:17:48.610+0000][1][safepoint    ] Safepoint "RevokeBias", Time since last: 54982 ns, Reaching safepoint: 7019 ns, At safepoint: 17591 ns, Total: 24610 ns
[2020-09-11T13:17:48.610+0000][1][safepoint    ] Safepoint "RevokeBias", Time since last: 44703 ns, Reaching safepoint: 6841 ns, At safepoint: 16396 ns, Total: 23237 ns
[2020-09-11T13:17:48.610+0000][1][safepoint    ] Safepoint "RevokeBias", Time since last: 20220 ns, Reaching safepoint: 5951 ns, At safepoint: 15723 ns, Total: 21674 ns
[2020-09-11T13:17:48.611+0000][1][safepoint    ] Safepoint "RevokeBias", Time since last: 1116866 ns, Reaching safepoint: 9543 ns, At safepoint: 21397 ns, Total: 30940 ns
[2020-09-11T13:17:48.611+0000][1][safepoint    ] Safepoint "RevokeBias", Time since last: 26638 ns, Reaching safepoint: 6487 ns, At safepoint: 16160 ns, Total: 22647 ns
[2020-09-11T13:17:48.614+0000][1][safepoint    ] Safepoint "RevokeBias", Time since last: 2328925 ns, Reaching safepoint: 13277 ns, At safepoint: 32953 ns, Total: 46230 ns
[2020-09-11T13:17:48.614+0000][1][safepoint    ] Safepoint "RevokeBias", Time since last: 33289 ns, Reaching safepoint: 6888 ns, At safepoint: 17296 ns, Total: 24184 ns
[2020-09-11T13:17:48.615+0000][1][safepoint    ] Safepoint "RevokeBias", Time since last: 1081472 ns, Reaching safepoint: 714350 ns, At safepoint: 13315 ns, Total: 727665 ns
[2020-09-11T13:17:48.722+0000][1][safepoint    ] Safepoint "Deoptimize", Time since last: 106744377 ns, Reaching safepoint: 109998 ns, At safepoint: 173075 ns, Total: 283073 ns
[2020-09-11T13:17:49.094+0000][1][safepoint    ] Safepoint "RevokeBias", Time since last: 370954905 ns, Reaching safepoint: 175179 ns, At safepoint: 33319 ns, Total: 208498 ns
[2020-09-11T13:17:49.625+0000][1][safepoint    ] Safepoint "Deoptimize", Time since last: 530649960 ns, Reaching safepoint: 185483 ns, At safepoint: 156124 ns, Total: 341607 ns
[2020-09-11T13:17:49.764+0000][1][gc,start     ] GC(1) Pause Young (Allocation Failure)
[2020-09-11T13:17:49.764+0000][1][gc,task      ] GC(1) Using 1 workers of 1 for evacuation
[2020-09-11T13:17:49.803+0000][1][gc,age       ] GC(1) Desired survivor size 4358144 bytes, new threshold 6 (max threshold 6)
[2020-09-11T13:17:49.803+0000][1][gc,age       ] GC(1) Age table with threshold 6 (max threshold 6)
[2020-09-11T13:17:49.803+0000][1][gc,age       ] GC(1) - age   1:    3906992 bytes,    3906992 total
[2020-09-11T13:17:49.803+0000][1][gc,heap      ] GC(1) ParNew: 74364K->4082K(76672K)
[2020-09-11T13:17:49.803+0000][1][gc,heap      ] GC(1) CMS: 0K->6674K(439104K)
[2020-09-11T13:17:49.803+0000][1][gc,metaspace ] GC(1) Metaspace: 18089K->18089K(1064960K)
[2020-09-11T13:17:49.803+0000][1][gc           ] GC(1) Pause Young (Allocation Failure) 72M->10M(503M) 39.918ms
[2020-09-11T13:17:49.803+0000][1][gc,cpu       ] GC(1) User=0.04s Sys=0.00s Real=0.04s
[2020-09-11T13:17:49.805+0000][1][safepoint    ] Safepoint "GenCollectForAllocation", Time since last: 138797144 ns, Reaching safepoint: 113816 ns, At safepoint: 41334473 ns, Total: 41448289 ns
[2020-09-11T13:17:49.819+0000][1][safepoint    ] Safepoint "BulkRevokeBias", Time since last: 10555223 ns, Reaching safepoint: 114418 ns, At safepoint: 3323829 ns, Total: 3438247 ns
[2020-09-11T13:17:49.819+0000][1][safepoint    ] Safepoint "RevokeBias", Time since last: 105351 ns, Reaching safepoint: 220947 ns, At safepoint: 50317 ns, Total: 271264 ns
[2020-09-11T13:17:49.819+0000][1][safepoint    ] Safepoint "RevokeBias", Time since last: 41772 ns, Reaching safepoint: 148102 ns, At safepoint: 42761 ns, Total: 190863 ns
[2020-09-11T13:17:49.820+0000][1][safepoint    ] Safepoint "RevokeBias", Time since last: 43154 ns, Reaching safepoint: 242819 ns, At safepoint: 49493 ns, Total: 292312 ns
[2020-09-11T13:17:49.820+0000][1][safepoint    ] Safepoint "RevokeBias", Time since last: 26449 ns, Reaching safepoint: 118864 ns, At safepoint: 46326 ns, Total: 165190 ns
[2020-09-11T13:17:49.820+0000][1][safepoint    ] Safepoint "RevokeBias", Time since last: 31015 ns, Reaching safepoint: 126587 ns, At safepoint: 44799 ns, Total: 171386 ns
[2020-09-11T13:17:49.822+0000][1][safepoint    ] Safepoint "RevokeBias", Time since last: 23995 ns, Reaching safepoint: 124512 ns, At safepoint: 1280553 ns, Total: 1405065 ns
[2020-09-11T13:17:49.822+0000][1][safepoint    ] Safepoint "BulkRevokeBias", Time since last: 39517 ns, Reaching safepoint: 128744 ns, At safepoint: 62886 ns, Total: 191630 ns
[2020-09-11T13:17:49.822+0000][1][safepoint    ] Safepoint "BulkRevokeBias", Time since last: 25900 ns, Reaching safepoint: 86764 ns, At safepoint: 60400 ns, Total: 147164 ns
[2020-09-11T13:17:49.862+0000][1][safepoint    ] Safepoint "Deoptimize", Time since last: 40108043 ns, Reaching safepoint: 107314 ns, At safepoint: 172496 ns, Total: 279810 ns
[2020-09-11T13:17:49.875+0000][1][safepoint    ] Safepoint "Deoptimize", Time since last: 11868474 ns, Reaching safepoint: 143158 ns, At safepoint: 184129 ns, Total: 327287 ns
[2020-09-11T13:17:50.129+0000][1][safepoint    ] Safepoint "Deoptimize", Time since last: 254384556 ns, Reaching safepoint: 156370 ns, At safepoint: 184924 ns, Total: 341294 ns
[2020-09-11T13:17:50.130+0000][1][safepoint    ] Safepoint "RevokeBias", Time since last: 416856 ns, Reaching safepoint: 134620 ns, At safepoint: 43298 ns, Total: 177918 ns
[2020-09-11T13:17:50.131+0000][1][safepoint    ] Safepoint "Deoptimize", Time since last: 838127 ns, Reaching safepoint: 137005 ns, At safepoint: 125344 ns, Total: 262349 ns
[2020-09-11T13:17:50.589+0000][1][gc,start     ] GC(2) Pause Young (Allocation Failure)
[2020-09-11T13:17:50.589+0000][1][gc,task      ] GC(2) Using 1 workers of 1 for evacuation
[2020-09-11T13:17:50.606+0000][1][gc,age       ] GC(2) Desired survivor size 4358144 bytes, new threshold 2 (max threshold 6)
[2020-09-11T13:17:50.606+0000][1][gc,age       ] GC(2) Age table with threshold 2 (max threshold 6)
[2020-09-11T13:17:50.606+0000][1][gc,age       ] GC(2) - age   1:    2674136 bytes,    2674136 total
[2020-09-11T13:17:50.606+0000][1][gc,age       ] GC(2) - age   2:    3711968 bytes,    6386104 total
[2020-09-11T13:17:50.606+0000][1][gc,heap      ] GC(2) ParNew: 72242K->7777K(76672K)
[2020-09-11T13:17:50.606+0000][1][gc,heap      ] GC(2) CMS: 6674K->6674K(439104K)
[2020-09-11T13:17:50.606+0000][1][gc,metaspace ] GC(2) Metaspace: 20006K->20006K(1067008K)
[2020-09-11T13:17:50.606+0000][1][gc           ] GC(2) Pause Young (Allocation Failure) 77M->14M(503M) 17.414ms
[2020-09-11T13:17:50.606+0000][1][gc,cpu       ] GC(2) User=0.02s Sys=0.00s Real=0.02s
[2020-09-11T13:17:50.611+0000][1][safepoint    ] Safepoint "GenCollectForAllocation", Time since last: 457764431 ns, Reaching safepoint: 124875 ns, At safepoint: 21768233 ns, Total: 21893108 ns
[2020-09-11T13:17:50.626+0000][1][safepoint    ] Safepoint "RevokeBias", Time since last: 12080051 ns, Reaching safepoint: 3249565 ns, At safepoint: 74711 ns, Total: 3324276 ns
[2020-09-11T13:17:50.626+0000][1][safepoint    ] Safepoint "RevokeBias", Time since last: 81845 ns, Reaching safepoint: 117827 ns, At safepoint: 36793 ns, Total: 154620 ns
[2020-09-11T13:17:50.627+0000][1][safepoint    ] Safepoint "RevokeBias", Time since last: 84646 ns, Reaching safepoint: 80833 ns, At safepoint: 22181 ns, Total: 103014 ns
[2020-09-11T13:17:50.627+0000][1][safepoint    ] Safepoint "RevokeBias", Time since last: 32248 ns, Reaching safepoint: 79480 ns, At safepoint: 25262 ns, Total: 104742 ns
[2020-09-11T13:17:50.627+0000][1][safepoint    ] Safepoint "RevokeBias", Time since last: 31094 ns, Reaching safepoint: 127292 ns, At safepoint: 24679 ns, Total: 151971 ns
[2020-09-11T13:17:50.627+0000][1][safepoint    ] Safepoint "RevokeBias", Time since last: 40771 ns, Reaching safepoint: 120580 ns, At safepoint: 24289 ns, Total: 144869 ns
[2020-09-11T13:17:50.627+0000][1][safepoint    ] Safepoint "RevokeBias", Time since last: 33828 ns, Reaching safepoint: 77984 ns, At safepoint: 21573 ns, Total: 99557 ns
[2020-09-11T13:17:50.627+0000][1][safepoint    ] Safepoint "RevokeBias", Time since last: 30527 ns, Reaching safepoint: 78293 ns, At safepoint: 22513 ns, Total: 100806 ns
[2020-09-11T13:17:50.627+0000][1][safepoint    ] Safepoint "RevokeBias", Time since last: 32558 ns, Reaching safepoint: 86166 ns, At safepoint: 22139 ns, Total: 108305 ns
[2020-09-11T13:17:50.634+0000][1][safepoint    ] Safepoint "RevokeBias", Time since last: 5489933 ns, Reaching safepoint: 556557 ns, At safepoint: 33756 ns, Total: 590313 ns
[2020-09-11T13:17:50.870+0000][1][gc,start     ] GC(3) Pause Young (Allocation Failure)
[2020-09-11T13:17:50.870+0000][1][gc,task      ] GC(3) Using 1 workers of 1 for evacuation
[2020-09-11T13:17:50.882+0000][1][gc,age       ] GC(3) Desired survivor size 4358144 bytes, new threshold 6 (max threshold 6)
[2020-09-11T13:17:50.882+0000][1][gc,age       ] GC(3) Age table with threshold 6 (max threshold 6)
[2020-09-11T13:17:50.882+0000][1][gc,age       ] GC(3) - age   1:    1619352 bytes,    1619352 total
[2020-09-11T13:17:50.882+0000][1][gc,age       ] GC(3) - age   2:     659992 bytes,    2279344 total
[2020-09-11T13:17:50.882+0000][1][gc,heap      ] GC(3) ParNew: 75937K->5638K(76672K)
[2020-09-11T13:17:50.882+0000][1][gc,heap      ] GC(3) CMS: 6674K->10329K(439104K)
[2020-09-11T13:17:50.882+0000][1][gc,metaspace ] GC(3) Metaspace: 20259K->20259K(1067008K)
[2020-09-11T13:17:50.882+0000][1][gc           ] GC(3) Pause Young (Allocation Failure) 80M->15M(503M) 12.163ms
[2020-09-11T13:17:50.882+0000][1][gc,cpu       ] GC(3) User=0.02s Sys=0.00s Real=0.01s
[2020-09-11T13:17:50.884+0000][1][safepoint    ] Safepoint "GenCollectForAllocation", Time since last: 236240754 ns, Reaching safepoint: 149249 ns, At safepoint: 14424296 ns, Total: 14573545 ns
[2020-09-11T13:17:50.892+0000][1][safepoint    ] Safepoint "RevokeBias", Time since last: 7096789 ns, Reaching safepoint: 143350 ns, At safepoint: 29693 ns, Total: 173043 ns
[2020-09-11T13:17:50.894+0000][1][safepoint    ] Safepoint "RevokeBias", Time since last: 2188208 ns, Reaching safepoint: 135300 ns, At safepoint: 26339 ns, Total: 161639 ns
[2020-09-11T13:17:50.896+0000][1][safepoint    ] Safepoint "RevokeBias", Time since last: 1480847 ns, Reaching safepoint: 102521 ns, At safepoint: 35627 ns, Total: 138148 ns
[2020-09-11T13:17:50.896+0000][1][safepoint    ] Safepoint "RevokeBias", Time since last: 51348 ns, Reaching safepoint: 118847 ns, At safepoint: 23486 ns, Total: 142333 ns
[2020-09-11T13:17:50.896+0000][1][safepoint    ] Safepoint "RevokeBias", Time since last: 35492 ns, Reaching safepoint: 123477 ns, At safepoint: 22724 ns, Total: 146201 ns
[2020-09-11T13:17:50.896+0000][1][safepoint    ] Safepoint "RevokeBias", Time since last: 28466 ns, Reaching safepoint: 121221 ns, At safepoint: 22448 ns, Total: 143669 ns
[2020-09-11T13:17:50.896+0000][1][safepoint    ] Safepoint "RevokeBias", Time since last: 31753 ns, Reaching safepoint: 117891 ns, At safepoint: 22283 ns, Total: 140174 ns
[2020-09-11T13:17:50.896+0000][1][safepoint    ] Safepoint "RevokeBias", Time since last: 27522 ns, Reaching safepoint: 123702 ns, At safepoint: 21917 ns, Total: 145619 ns
[2020-09-11T13:17:50.897+0000][1][safepoint    ] Safepoint "RevokeBias", Time since last: 143928 ns, Reaching safepoint: 120114 ns, At safepoint: 23518 ns, Total: 143632 ns
[2020-09-11T13:17:51.133+0000][1][safepoint    ] Safepoint "CollectForMetadataAllocation", Time since last: 235524352 ns, Reaching safepoint: 809767 ns, At safepoint: 120448 ns, Total: 930215 ns
[2020-09-11T13:17:51.208+0000][1][safepoint    ] Safepoint "CollectForMetadataAllocation", Time since last: 74229082 ns, Reaching safepoint: 111876 ns, At safepoint: 134886 ns, Total: 246762 ns
[2020-09-11T13:17:51.242+0000][1][gc,start     ] GC(4) Pause Young (Allocation Failure)
[2020-09-11T13:17:51.242+0000][1][gc,task      ] GC(4) Using 1 workers of 1 for evacuation
[2020-09-11T13:17:51.252+0000][1][gc,age       ] GC(4) Desired survivor size 4358144 bytes, new threshold 6 (max threshold 6)
[2020-09-11T13:17:51.252+0000][1][gc,age       ] GC(4) Age table with threshold 6 (max threshold 6)
[2020-09-11T13:17:51.252+0000][1][gc,age       ] GC(4) - age   1:    2189616 bytes,    2189616 total
[2020-09-11T13:17:51.252+0000][1][gc,age       ] GC(4) - age   2:     351112 bytes,    2540728 total
[2020-09-11T13:17:51.252+0000][1][gc,age       ] GC(4) - age   3:     659896 bytes,    3200624 total
[2020-09-11T13:17:51.252+0000][1][gc,heap      ] GC(4) ParNew: 73798K->3931K(76672K)
[2020-09-11T13:17:51.252+0000][1][gc,heap      ] GC(4) CMS: 10329K->10329K(439104K)
[2020-09-11T13:17:51.252+0000][1][gc,metaspace ] GC(4) Metaspace: 20803K->20803K(1069056K)
[2020-09-11T13:17:51.252+0000][1][gc           ] GC(4) Pause Young (Allocation Failure) 82M->13M(503M) 10.880ms
[2020-09-11T13:17:51.252+0000][1][gc,cpu       ] GC(4) User=0.01s Sys=0.00s Real=0.01s
[2020-09-11T13:17:51.252+0000][1][safepoint    ] Safepoint "GenCollectForAllocation", Time since last: 33761912 ns, Reaching safepoint: 99973 ns, At safepoint: 10941996 ns, Total: 11041969 ns
[2020-09-11T13:17:51.259+0000][1][gc,start     ] GC(5) Pause Initial Mark
[2020-09-11T13:17:51.261+0000][1][gc           ] GC(5) Pause Initial Mark 16M->16M(503M) 2.474ms
[2020-09-11T13:17:51.261+0000][1][gc,cpu       ] GC(5) User=0.01s Sys=0.00s Real=0.00s
[2020-09-11T13:17:51.268+0000][1][safepoint    ] Safepoint "BulkRevokeBias", Time since last: 4563155 ns, Reaching safepoint: 1725950 ns, At safepoint: 9609462 ns, Total: 11335412 ns
[2020-09-11T13:17:51.268+0000][1][gc           ] GC(5) Concurrent Mark
[2020-09-11T13:17:51.288+0000][1][safepoint    ] Safepoint "RevokeBias", Time since last: 7049117 ns, Reaching safepoint: 13025386 ns, At safepoint: 28561 ns, Total: 13053947 ns
[2020-09-11T13:17:51.289+0000][1][safepoint    ] Safepoint "RevokeBias", Time since last: 65391 ns, Reaching safepoint: 79408 ns, At safepoint: 19858 ns, Total: 99266 ns
[2020-09-11T13:17:51.289+0000][1][safepoint    ] Safepoint "RevokeBias", Time since last: 26223 ns, Reaching safepoint: 77071 ns, At safepoint: 16776 ns, Total: 93847 ns
[2020-09-11T13:17:51.289+0000][1][safepoint    ] Safepoint "RevokeBias", Time since last: 28011 ns, Reaching safepoint: 76501 ns, At safepoint: 16505 ns, Total: 93006 ns
[2020-09-11T13:17:51.289+0000][1][safepoint    ] Safepoint "RevokeBias", Time since last: 23137 ns, Reaching safepoint: 76839 ns, At safepoint: 16351 ns, Total: 93190 ns
[2020-09-11T13:17:51.296+0000][1][gc           ] GC(5) Concurrent Mark 27.180ms
[2020-09-11T13:17:51.296+0000][1][gc,cpu       ] GC(5) User=0.03s Sys=0.00s Real=0.03s
[2020-09-11T13:17:51.296+0000][1][gc           ] GC(5) Concurrent Preclean
[2020-09-11T13:17:51.296+0000][1][gc           ] GC(5) Concurrent Preclean 0.603ms
[2020-09-11T13:17:51.296+0000][1][gc,cpu       ] GC(5) User=0.00s Sys=0.00s Real=0.00s
[2020-09-11T13:17:51.296+0000][1][gc           ] GC(5) Concurrent Abortable Preclean
[2020-09-11T13:17:51.413+0000][1][safepoint    ] Safepoint "RevokeBias", Time since last: 123495010 ns, Reaching safepoint: 103472 ns, At safepoint: 15888 ns, Total: 119360 ns
[2020-09-11T13:17:51.428+0000][1][safepoint    ] Safepoint "Deoptimize", Time since last: 13038186 ns, Reaching safepoint: 1783860 ns, At safepoint: 207900 ns, Total: 1991760 ns
[2020-09-11T13:17:51.442+0000][1][safepoint    ] Safepoint "CollectForMetadataAllocation", Time since last: 14446662 ns, Reaching safepoint: 95960 ns, At safepoint: 68689 ns, Total: 164649 ns
[2020-09-11T13:17:51.452+0000][1][safepoint    ] Safepoint "RevokeBias", Time since last: 9498087 ns, Reaching safepoint: 38684 ns, At safepoint: 24641 ns, Total: 63325 ns
[2020-09-11T13:17:51.480+0000][1][safepoint    ] Safepoint "RevokeBias", Time since last: 28086213 ns, Reaching safepoint: 99905 ns, At safepoint: 68496 ns, Total: 168401 ns
[2020-09-11T13:17:51.510+0000][1][safepoint    ] Safepoint "RevokeBias", Time since last: 29574812 ns, Reaching safepoint: 52648 ns, At safepoint: 35626 ns, Total: 88274 ns
[2020-09-11T13:17:51.520+0000][1][safepoint    ] Safepoint "RevokeBias", Time since last: 9705577 ns, Reaching safepoint: 53555 ns, At safepoint: 33982 ns, Total: 87537 ns
[2020-09-11T13:17:51.532+0000][1][safepoint    ] Safepoint "RevokeBias", Time since last: 11920376 ns, Reaching safepoint: 105993 ns, At safepoint: 38758 ns, Total: 144751 ns
[2020-09-11T13:17:51.545+0000][1][safepoint    ] Safepoint "RevokeBias", Time since last: 11566626 ns, Reaching safepoint: 1616239 ns, At safepoint: 82812 ns, Total: 1699051 ns
[2020-09-11T13:17:51.547+0000][1][safepoint    ] Safepoint "RevokeBias", Time since last: 2326870 ns, Reaching safepoint: 83017 ns, At safepoint: 48467 ns, Total: 131484 ns
[2020-09-11T13:17:51.560+0000][1][safepoint    ] Safepoint "RevokeBias", Time since last: 12121953 ns, Reaching safepoint: 106188 ns, At safepoint: 38728 ns, Total: 144916 ns
[2020-09-11T13:17:51.584+0000][1][safepoint    ] Safepoint "RevokeBias", Time since last: 23848086 ns, Reaching safepoint: 46813 ns, At safepoint: 30902 ns, Total: 77715 ns
[2020-09-11T13:17:51.592+0000][1][safepoint    ] Safepoint "RevokeBias", Time since last: 7940545 ns, Reaching safepoint: 104574 ns, At safepoint: 38790 ns, Total: 143364 ns
[2020-09-11T13:17:51.604+0000][1][safepoint    ] Safepoint "Deoptimize", Time since last: 11845184 ns, Reaching safepoint: 57121 ns, At safepoint: 216370 ns, Total: 273491 ns
[2020-09-11T13:17:51.664+0000][1][gc,start     ] GC(6) Pause Young (Allocation Failure)
[2020-09-11T13:17:51.664+0000][1][gc,task      ] GC(6) Using 1 workers of 1 for evacuation
[2020-09-11T13:17:51.681+0000][1][gc,age       ] GC(6) Desired survivor size 4358144 bytes, new threshold 4 (max threshold 6)
[2020-09-11T13:17:51.681+0000][1][gc,age       ] GC(6) Age table with threshold 4 (max threshold 6)
[2020-09-11T13:17:51.681+0000][1][gc,age       ] GC(6) - age   1:    2299448 bytes,    2299448 total
[2020-09-11T13:17:51.681+0000][1][gc,age       ] GC(6) - age   2:    1253136 bytes,    3552584 total
[2020-09-11T13:17:51.681+0000][1][gc,age       ] GC(6) - age   3:     351112 bytes,    3903696 total
[2020-09-11T13:17:51.681+0000][1][gc,age       ] GC(6) - age   4:     659896 bytes,    4563592 total
[2020-09-11T13:17:51.681+0000][1][gc,heap      ] GC(6) ParNew: 72091K->5671K(76672K)
[2020-09-11T13:17:51.681+0000][1][gc,heap      ] GC(6) CMS: 10329K->10329K(439104K)
[2020-09-11T13:17:51.681+0000][1][gc,metaspace ] GC(6) Metaspace: 21116K->21116K(1069056K)
[2020-09-11T13:17:51.681+0000][1][gc           ] GC(6) Pause Young (Allocation Failure) 80M->15M(503M) 17.527ms
[2020-09-11T13:17:51.681+0000][1][gc,cpu       ] GC(6) User=0.01s Sys=0.00s Real=0.01s
[2020-09-11T13:17:51.685+0000][1][safepoint    ] Safepoint "GenCollectForAllocation", Time since last: 59708608 ns, Reaching safepoint: 104352 ns, At safepoint: 21115039 ns, Total: 21219391 ns
[2020-09-11T13:17:51.689+0000][1][safepoint    ] Safepoint "RevokeBias", Time since last: 4399102 ns, Reaching safepoint: 104958 ns, At safepoint: 196923 ns, Total: 301881 ns
[2020-09-11T13:17:51.689+0000][1][safepoint    ] Safepoint "RevokeBias", Time since last: 45022 ns, Reaching safepoint: 80525 ns, At safepoint: 12870 ns, Total: 93395 ns
[2020-09-11T13:17:51.690+0000][1][safepoint    ] Safepoint "RevokeBias", Time since last: 31344 ns, Reaching safepoint: 79525 ns, At safepoint: 19430 ns, Total: 98955 ns
[2020-09-11T13:17:51.690+0000][1][safepoint    ] Safepoint "RevokeBias", Time since last: 23765 ns, Reaching safepoint: 77699 ns, At safepoint: 17289 ns, Total: 94988 ns
[2020-09-11T13:17:51.690+0000][1][safepoint    ] Safepoint "RevokeBias", Time since last: 27352 ns, Reaching safepoint: 77861 ns, At safepoint: 16322 ns, Total: 94183 ns
[2020-09-11T13:17:51.690+0000][1][safepoint    ] Safepoint "RevokeBias", Time since last: 23481 ns, Reaching safepoint: 77063 ns, At safepoint: 16601 ns, Total: 93664 ns
[2020-09-11T13:17:51.740+0000][1][safepoint    ] Safepoint "RevokeBias", Time since last: 44767047 ns, Reaching safepoint: 4759510 ns, At safepoint: 34117 ns, Total: 4793627 ns
[2020-09-11T13:17:51.747+0000][1][safepoint    ] Safepoint "RevokeBias", Time since last: 7878845 ns, Reaching safepoint: 32764 ns, At safepoint: 25851 ns, Total: 58615 ns
[2020-09-11T13:17:51.763+0000][1][safepoint    ] Safepoint "RevokeBias", Time since last: 11946312 ns, Reaching safepoint: 4041091 ns, At safepoint: 34745 ns, Total: 4075836 ns
[2020-09-11T13:17:51.905+0000][1][safepoint    ] Safepoint "RevokeBias", Time since last: 141010211 ns, Reaching safepoint: 37354 ns, At safepoint: 25106 ns, Total: 62460 ns
[2020-09-11T13:17:51.908+0000][1][safepoint    ] Safepoint "RevokeBias", Time since last: 3738410 ns, Reaching safepoint: 91235 ns, At safepoint: 46850 ns, Total: 138085 ns
[2020-09-11T13:17:51.908+0000][1][gc           ] GC(5) Concurrent Abortable Preclean 612.186ms
[2020-09-11T13:17:51.908+0000][1][gc,cpu       ] GC(5) User=0.53s Sys=0.01s Real=0.61s
[2020-09-11T13:17:51.909+0000][1][gc,start     ] GC(5) Pause Remark
[2020-09-11T13:17:51.946+0000][1][gc           ] GC(5) Pause Remark 68M->68M(503M) 37.910ms
[2020-09-11T13:17:51.946+0000][1][gc,cpu       ] GC(5) User=0.04s Sys=0.00s Real=0.04s
[2020-09-11T13:17:51.950+0000][1][safepoint    ] Safepoint "CMS_Final_Remark", Time since last: 71325 ns, Reaching safepoint: 8245 ns, At safepoint: 41870907 ns, Total: 41879152 ns
[2020-09-11T13:17:51.950+0000][1][gc           ] GC(5) Concurrent Sweep
[2020-09-11T13:17:51.953+0000][1][gc           ] GC(5) Concurrent Sweep 2.587ms
[2020-09-11T13:17:51.953+0000][1][gc,cpu       ] GC(5) User=0.00s Sys=0.00s Real=0.00s
[2020-09-11T13:17:51.953+0000][1][gc           ] GC(5) Concurrent Reset
[2020-09-11T13:17:51.954+0000][1][gc           ] GC(5) Concurrent Reset 0.634ms
[2020-09-11T13:17:51.954+0000][1][gc,cpu       ] GC(5) User=0.00s Sys=0.00s Real=0.00s
[2020-09-11T13:17:51.954+0000][1][gc,heap      ] GC(5) Old: 10329K->10327K(439104K)
[2020-09-11T13:17:52.008+0000][1][gc,start     ] GC(7) Pause Young (Allocation Failure)
[2020-09-11T13:17:52.008+0000][1][gc,task      ] GC(7) Using 1 workers of 1 for evacuation
[2020-09-11T13:17:52.025+0000][1][gc,age       ] GC(7) Desired survivor size 4358144 bytes, new threshold 6 (max threshold 6)
[2020-09-11T13:17:52.025+0000][1][gc,age       ] GC(7) Age table with threshold 6 (max threshold 6)
[2020-09-11T13:17:52.025+0000][1][gc,age       ] GC(7) - age   1:     817456 bytes,     817456 total
[2020-09-11T13:17:52.025+0000][1][gc,age       ] GC(7) - age   2:    1525984 bytes,    2343440 total
[2020-09-11T13:17:52.025+0000][1][gc,age       ] GC(7) - age   3:    1252472 bytes,    3595912 total
[2020-09-11T13:17:52.025+0000][1][gc,age       ] GC(7) - age   4:     351112 bytes,    3947024 total
[2020-09-11T13:17:52.025+0000][1][gc,heap      ] GC(7) ParNew: 73831K->4051K(76672K)
[2020-09-11T13:17:52.025+0000][1][gc,heap      ] GC(7) CMS: 10327K->10977K(439104K)
[2020-09-11T13:17:52.025+0000][1][gc,metaspace ] GC(7) Metaspace: 21212K->21212K(1069056K)
[2020-09-11T13:17:52.025+0000][1][gc           ] GC(7) Pause Young (Allocation Failure) 82M->14M(503M) 17.147ms
[2020-09-11T13:17:52.025+0000][1][gc,cpu       ] GC(7) User=0.02s Sys=0.00s Real=0.02s
[2020-09-11T13:17:52.025+0000][1][safepoint    ] Safepoint "GenCollectForAllocation", Time since last: 57049800 ns, Reaching safepoint: 421509 ns, At safepoint: 17210389 ns, Total: 17631898 ns
[2020-09-11T13:17:52.035+0000][1][safepoint    ] Safepoint "RevokeBias", Time since last: 6344541 ns, Reaching safepoint: 3210025 ns, At safepoint: 37987 ns, Total: 3248012 ns
[2020-09-11T13:17:52.035+0000][1][safepoint    ] Safepoint "RevokeBias", Time since last: 76390 ns, Reaching safepoint: 77783 ns, At safepoint: 17380 ns, Total: 95163 ns
[2020-09-11T13:17:52.035+0000][1][safepoint    ] Safepoint "RevokeBias", Time since last: 42496 ns, Reaching safepoint: 76998 ns, At safepoint: 17686 ns, Total: 94684 ns
[2020-09-11T13:17:52.035+0000][1][safepoint    ] Safepoint "RevokeBias", Time since last: 26577 ns, Reaching safepoint: 75812 ns, At safepoint: 18197 ns, Total: 94009 ns
[2020-09-11T13:17:52.052+0000][1][safepoint    ] Safepoint "RevokeBias", Time since last: 16325001 ns, Reaching safepoint: 92310 ns, At safepoint: 80041 ns, Total: 172351 ns
[2020-09-11T13:17:52.055+0000][1][safepoint    ] Safepoint "RevokeBias", Time since last: 2940063 ns, Reaching safepoint: 91640 ns, At safepoint: 27566 ns, Total: 119206 ns
[2020-09-11T13:17:52.154+0000][1][safepoint    ] Safepoint "RevokeBias", Time since last: 98917042 ns, Reaching safepoint: 173492 ns, At safepoint: 33689 ns, Total: 207181 ns
[2020-09-11T13:17:52.168+0000][1][safepoint    ] Safepoint "RevokeBias", Time since last: 13582145 ns, Reaching safepoint: 190792 ns, At safepoint: 36364 ns, Total: 227156 ns
[2020-09-11T13:17:52.244+0000][1][gc,start     ] GC(8) Pause Young (Allocation Failure)
[2020-09-11T13:17:52.244+0000][1][gc,task      ] GC(8) Using 1 workers of 1 for evacuation
[2020-09-11T13:17:52.252+0000][1][gc,age       ] GC(8) Desired survivor size 4358144 bytes, new threshold 4 (max threshold 6)
[2020-09-11T13:17:52.252+0000][1][gc,age       ] GC(8) Age table with threshold 4 (max threshold 6)
[2020-09-11T13:17:52.252+0000][1][gc,age       ] GC(8) - age   1:    1640304 bytes,    1640304 total
[2020-09-11T13:17:52.252+0000][1][gc,age       ] GC(8) - age   2:     445824 bytes,    2086128 total
[2020-09-11T13:17:52.252+0000][1][gc,age       ] GC(8) - age   3:    1524048 bytes,    3610176 total
[2020-09-11T13:17:52.252+0000][1][gc,age       ] GC(8) - age   4:    1251816 bytes,    4861992 total
[2020-09-11T13:17:52.252+0000][1][gc,age       ] GC(8) - age   5:     351112 bytes,    5213104 total
[2020-09-11T13:17:52.252+0000][1][gc,heap      ] GC(8) ParNew: 72211K->7807K(76672K)
[2020-09-11T13:17:52.252+0000][1][gc,heap      ] GC(8) CMS: 10977K->10977K(439104K)
[2020-09-11T13:17:52.252+0000][1][gc,metaspace ] GC(8) Metaspace: 21391K->21391K(1069056K)
[2020-09-11T13:17:52.252+0000][1][gc           ] GC(8) Pause Young (Allocation Failure) 81M->18M(503M) 8.576ms
[2020-09-11T13:17:52.252+0000][1][gc,cpu       ] GC(8) User=0.01s Sys=0.00s Real=0.00s
[2020-09-11T13:17:52.255+0000][1][safepoint    ] Safepoint "GenCollectForAllocation", Time since last: 75849278 ns, Reaching safepoint: 152778 ns, At safepoint: 11837398 ns, Total: 11990176 ns
[2020-09-11T13:17:52.260+0000][1][safepoint    ] Safepoint "RevokeBias", Time since last: 3990979 ns, Reaching safepoint: 663122 ns, At safepoint: 63857 ns, Total: 726979 ns
[2020-09-11T13:17:52.260+0000][1][safepoint    ] Safepoint "RevokeBias", Time since last: 176660 ns, Reaching safepoint: 129128 ns, At safepoint: 46093 ns, Total: 175221 ns
[2020-09-11T13:17:52.263+0000][1][safepoint    ] Safepoint "RevokeBias", Time since last: 33367 ns, Reaching safepoint: 2652816 ns, At safepoint: 95041 ns, Total: 2747857 ns
[2020-09-11T13:17:52.264+0000][1][safepoint    ] Safepoint "RevokeBias", Time since last: 29165 ns, Reaching safepoint: 128398 ns, At safepoint: 310371 ns, Total: 438769 ns
[2020-09-11T13:17:52.437+0000][1][gc,start     ] GC(9) Pause Young (Allocation Failure)
[2020-09-11T13:17:52.437+0000][1][gc,task      ] GC(9) Using 1 workers of 1 for evacuation
[2020-09-11T13:17:52.445+0000][1][gc,age       ] GC(9) Desired survivor size 4358144 bytes, new threshold 6 (max threshold 6)
[2020-09-11T13:17:52.445+0000][1][gc,age       ] GC(9) Age table with threshold 6 (max threshold 6)
[2020-09-11T13:17:52.445+0000][1][gc,age       ] GC(9) - age   1:     137568 bytes,     137568 total
[2020-09-11T13:17:52.445+0000][1][gc,age       ] GC(9) - age   2:     829208 bytes,     966776 total
[2020-09-11T13:17:52.445+0000][1][gc,age       ] GC(9) - age   3:     445744 bytes,    1412520 total
[2020-09-11T13:17:52.445+0000][1][gc,age       ] GC(9) - age   4:    1524048 bytes,    2936568 total
[2020-09-11T13:17:52.445+0000][1][gc,heap      ] GC(9) ParNew: 75967K->4794K(76672K)
[2020-09-11T13:17:52.445+0000][1][gc,heap      ] GC(9) CMS: 10977K->12561K(439104K)
[2020-09-11T13:17:52.445+0000][1][gc,metaspace ] GC(9) Metaspace: 21496K->21496K(1069056K)
[2020-09-11T13:17:52.445+0000][1][gc           ] GC(9) Pause Young (Allocation Failure) 84M->16M(503M) 8.492ms
[2020-09-11T13:17:52.445+0000][1][gc,cpu       ] GC(9) User=0.01s Sys=0.00s Real=0.01s
[2020-09-11T13:17:52.451+0000][1][safepoint    ] Safepoint "GenCollectForAllocation", Time since last: 172724180 ns, Reaching safepoint: 99311 ns, At safepoint: 14870112 ns, Total: 14969423 ns
[2020-09-11T13:17:52.456+0000][1][safepoint    ] Safepoint "RevokeBias", Time since last: 4624025 ns, Reaching safepoint: 25900 ns, At safepoint: 32125 ns, Total: 58025 ns
[2020-09-11T13:17:52.456+0000][1][safepoint    ] Safepoint "RevokeBias", Time since last: 39813 ns, Reaching safepoint: 9458 ns, At safepoint: 21398 ns, Total: 30856 ns
[2020-09-11T13:17:52.456+0000][1][safepoint    ] Safepoint "RevokeBias", Time since last: 27280 ns, Reaching safepoint: 8424 ns, At safepoint: 20843 ns, Total: 29267 ns
[2020-09-11T13:17:52.456+0000][1][safepoint    ] Safepoint "RevokeBias", Time since last: 21139 ns, Reaching safepoint: 7481 ns, At safepoint: 19893 ns, Total: 27374 ns
[2020-09-11T13:17:52.516+0000][1][safepoint    ] Safepoint "RevokeBias", Time since last: 59135385 ns, Reaching safepoint: 106702 ns, At safepoint: 17105 ns, Total: 123807 ns
[2020-09-11T13:17:52.516+0000][1][safepoint    ] Safepoint "RevokeBias", Time since last: 460066 ns, Reaching safepoint: 84835 ns, At safepoint: 10017 ns, Total: 94852 ns
[2020-09-11T13:17:52.685+0000][1][gc,start     ] GC(10) Pause Young (Allocation Failure)
[2020-09-11T13:17:52.685+0000][1][gc,task      ] GC(10) Using 1 workers of 1 for evacuation
[2020-09-11T13:17:52.695+0000][1][gc,age       ] GC(10) Desired survivor size 4358144 bytes, new threshold 6 (max threshold 6)
[2020-09-11T13:17:52.695+0000][1][gc,age       ] GC(10) Age table with threshold 6 (max threshold 6)
[2020-09-11T13:17:52.695+0000][1][gc,age       ] GC(10) - age   1:     437384 bytes,     437384 total
[2020-09-11T13:17:52.695+0000][1][gc,age       ] GC(10) - age   2:     119440 bytes,     556824 total
[2020-09-11T13:17:52.695+0000][1][gc,age       ] GC(10) - age   3:     829208 bytes,    1386032 total
[2020-09-11T13:17:52.695+0000][1][gc,age       ] GC(10) - age   4:     445720 bytes,    1831752 total
[2020-09-11T13:17:52.695+0000][1][gc,age       ] GC(10) - age   5:    1524048 bytes,    3355800 total
[2020-09-11T13:17:52.696+0000][1][gc,heap      ] GC(10) ParNew: 72954K->4547K(76672K)
[2020-09-11T13:17:52.696+0000][1][gc,heap      ] GC(10) CMS: 12561K->12561K(439104K)
[2020-09-11T13:17:52.696+0000][1][gc,metaspace ] GC(10) Metaspace: 21635K->21635K(1069056K)
[2020-09-11T13:17:52.696+0000][1][gc           ] GC(10) Pause Young (Allocation Failure) 83M->16M(503M) 10.132ms
[2020-09-11T13:17:52.696+0000][1][gc,cpu       ] GC(10) User=0.01s Sys=0.00s Real=0.01s
[2020-09-11T13:17:52.696+0000][1][safepoint    ] Safepoint "GenCollectForAllocation", Time since last: 169198860 ns, Reaching safepoint: 108468 ns, At safepoint: 10195488 ns, Total: 10303956 ns
[2020-09-11T13:17:52.700+0000][1][safepoint    ] Safepoint "RevokeBias", Time since last: 3798168 ns, Reaching safepoint: 137864 ns, At safepoint: 42404 ns, Total: 180268 ns
[2020-09-11T13:17:52.700+0000][1][safepoint    ] Safepoint "RevokeBias", Time since last: 39532 ns, Reaching safepoint: 268734 ns, At safepoint: 30178 ns, Total: 298912 ns
[2020-09-11T13:17:52.701+0000][1][safepoint    ] Safepoint "BulkRevokeBias", Time since last: 32459 ns, Reaching safepoint: 1270358 ns, At safepoint: 56655 ns, Total: 1327013 ns
[2020-09-11T13:17:52.703+0000][1][safepoint    ] Safepoint "BulkRevokeBias", Time since last: 29257 ns, Reaching safepoint: 122999 ns, At safepoint: 1984474 ns, Total: 2107473 ns
[2020-09-11T13:17:52.976+0000][1][gc,start     ] GC(11) Pause Young (Allocation Failure)
[2020-09-11T13:17:52.976+0000][1][gc,task      ] GC(11) Using 1 workers of 1 for evacuation
[2020-09-11T13:17:52.993+0000][1][gc,age       ] GC(11) Desired survivor size 4358144 bytes, new threshold 6 (max threshold 6)
[2020-09-11T13:17:52.993+0000][1][gc,age       ] GC(11) Age table with threshold 6 (max threshold 6)
[2020-09-11T13:17:52.993+0000][1][gc,age       ] GC(11) - age   1:    2178424 bytes,    2178424 total
[2020-09-11T13:17:52.993+0000][1][gc,age       ] GC(11) - age   2:     404384 bytes,    2582808 total
[2020-09-11T13:17:52.993+0000][1][gc,age       ] GC(11) - age   3:     119336 bytes,    2702144 total
[2020-09-11T13:17:52.993+0000][1][gc,age       ] GC(11) - age   4:     829208 bytes,    3531352 total
[2020-09-11T13:17:52.993+0000][1][gc,age       ] GC(11) - age   5:     445720 bytes,    3977072 total
[2020-09-11T13:17:52.993+0000][1][gc,age       ] GC(11) - age   6:    1523736 bytes,    5500808 total
[2020-09-11T13:17:52.993+0000][1][gc,heap      ] GC(11) ParNew: 72707K->6052K(76672K)
[2020-09-11T13:17:52.993+0000][1][gc,heap      ] GC(11) CMS: 12561K->12561K(439104K)
[2020-09-11T13:17:52.993+0000][1][gc,metaspace ] GC(11) Metaspace: 22548K->22548K(1071104K)
[2020-09-11T13:17:52.993+0000][1][gc           ] GC(11) Pause Young (Allocation Failure) 83M->18M(503M) 17.209ms
[2020-09-11T13:17:52.993+0000][1][gc,cpu       ] GC(11) User=0.02s Sys=0.00s Real=0.01s
[2020-09-11T13:17:52.998+0000][1][safepoint    ] Safepoint "GenCollectForAllocation", Time since last: 272669895 ns, Reaching safepoint: 100765 ns, At safepoint: 21975533 ns, Total: 22076298 ns
[2020-09-11T13:17:53.159+0000][1][gc,start     ] GC(12) Pause Young (Allocation Failure)
[2020-09-11T13:17:53.159+0000][1][gc,task      ] GC(12) Using 1 workers of 1 for evacuation
[2020-09-11T13:17:53.178+0000][1][gc,age       ] GC(12) Desired survivor size 4358144 bytes, new threshold 6 (max threshold 6)
[2020-09-11T13:17:53.178+0000][1][gc,age       ] GC(12) Age table with threshold 6 (max threshold 6)
[2020-09-11T13:17:53.178+0000][1][gc,age       ] GC(12) - age   1:     674024 bytes,     674024 total
[2020-09-11T13:17:53.178+0000][1][gc,age       ] GC(12) - age   2:     570568 bytes,    1244592 total
[2020-09-11T13:17:53.178+0000][1][gc,age       ] GC(12) - age   3:     404384 bytes,    1648976 total
[2020-09-11T13:17:53.178+0000][1][gc,age       ] GC(12) - age   4:     119232 bytes,    1768208 total
[2020-09-11T13:17:53.178+0000][1][gc,age       ] GC(12) - age   5:     829064 bytes,    2597272 total
[2020-09-11T13:17:53.178+0000][1][gc,age       ] GC(12) - age   6:     445576 bytes,    3042848 total
[2020-09-11T13:17:53.178+0000][1][gc,heap      ] GC(12) ParNew: 74212K->4785K(76672K)
[2020-09-11T13:17:53.178+0000][1][gc,heap      ] GC(12) CMS: 12561K->14061K(439104K)
[2020-09-11T13:17:53.178+0000][1][gc,metaspace ] GC(12) Metaspace: 22576K->22576K(1071104K)
[2020-09-11T13:17:53.178+0000][1][gc           ] GC(12) Pause Young (Allocation Failure) 84M->18M(503M) 18.998ms
[2020-09-11T13:17:53.178+0000][1][gc,cpu       ] GC(12) User=0.02s Sys=0.00s Real=0.02s
[2020-09-11T13:17:53.178+0000][1][safepoint    ] Safepoint "GenCollectForAllocation", Time since last: 160936319 ns, Reaching safepoint: 117391 ns, At safepoint: 19064699 ns, Total: 19182090 ns
[2020-09-11T13:17:53.328+0000][1][gc,start     ] GC(13) Pause Young (Allocation Failure)
[2020-09-11T13:17:53.328+0000][1][gc,task      ] GC(13) Using 1 workers of 1 for evacuation
[2020-09-11T13:17:53.340+0000][1][gc,age       ] GC(13) Desired survivor size 4358144 bytes, new threshold 6 (max threshold 6)
[2020-09-11T13:17:53.340+0000][1][gc,age       ] GC(13) Age table with threshold 6 (max threshold 6)
[2020-09-11T13:17:53.340+0000][1][gc,age       ] GC(13) - age   1:    1904528 bytes,    1904528 total
[2020-09-11T13:17:53.340+0000][1][gc,age       ] GC(13) - age   2:     203304 bytes,    2107832 total
[2020-09-11T13:17:53.340+0000][1][gc,age       ] GC(13) - age   3:     570456 bytes,    2678288 total
[2020-09-11T13:17:53.340+0000][1][gc,age       ] GC(13) - age   4:     404384 bytes,    3082672 total
[2020-09-11T13:17:53.340+0000][1][gc,age       ] GC(13) - age   5:     119232 bytes,    3201904 total
[2020-09-11T13:17:53.340+0000][1][gc,age       ] GC(13) - age   6:     829064 bytes,    4030968 total
[2020-09-11T13:17:53.340+0000][1][gc,heap      ] GC(13) ParNew: 72945K->6850K(76672K)
[2020-09-11T13:17:53.340+0000][1][gc,heap      ] GC(13) CMS: 14061K->14500K(439104K)
[2020-09-11T13:17:53.340+0000][1][gc,metaspace ] GC(13) Metaspace: 22676K->22676K(1071104K)
[2020-09-11T13:17:53.340+0000][1][gc           ] GC(13) Pause Young (Allocation Failure) 84M->20M(503M) 12.199ms
[2020-09-11T13:17:53.340+0000][1][gc,cpu       ] GC(13) User=0.01s Sys=0.00s Real=0.01s
[2020-09-11T13:17:53.347+0000][1][safepoint    ] Safepoint "GenCollectForAllocation", Time since last: 149850561 ns, Reaching safepoint: 108014 ns, At safepoint: 19182025 ns, Total: 19290039 ns
[2020-09-11T13:17:53.513+0000][1][gc,start     ] GC(14) Pause Young (Allocation Failure)
[2020-09-11T13:17:53.513+0000][1][gc,task      ] GC(14) Using 1 workers of 1 for evacuation
[2020-09-11T13:17:53.519+0000][1][gc,age       ] GC(14) Desired survivor size 4358144 bytes, new threshold 6 (max threshold 6)
[2020-09-11T13:17:53.519+0000][1][gc,age       ] GC(14) Age table with threshold 6 (max threshold 6)
[2020-09-11T13:17:53.519+0000][1][gc,age       ] GC(14) - age   1:     823792 bytes,     823792 total
[2020-09-11T13:17:53.519+0000][1][gc,age       ] GC(14) - age   2:     103784 bytes,     927576 total
[2020-09-11T13:17:53.519+0000][1][gc,age       ] GC(14) - age   3:     203304 bytes,    1130880 total
[2020-09-11T13:17:53.519+0000][1][gc,age       ] GC(14) - age   4:     570456 bytes,    1701336 total
[2020-09-11T13:17:53.519+0000][1][gc,age       ] GC(14) - age   5:     404384 bytes,    2105720 total
[2020-09-11T13:17:53.519+0000][1][gc,age       ] GC(14) - age   6:     119232 bytes,    2224952 total
[2020-09-11T13:17:53.519+0000][1][gc,heap      ] GC(14) ParNew: 75010K->2332K(76672K)
[2020-09-11T13:17:53.519+0000][1][gc,heap      ] GC(14) CMS: 14500K->15315K(439104K)
[2020-09-11T13:17:53.519+0000][1][gc,metaspace ] GC(14) Metaspace: 22755K->22755K(1071104K)
[2020-09-11T13:17:53.519+0000][1][gc           ] GC(14) Pause Young (Allocation Failure) 87M->17M(503M) 6.153ms
[2020-09-11T13:17:53.519+0000][1][gc,cpu       ] GC(14) User=0.00s Sys=0.00s Real=0.01s
[2020-09-11T13:17:53.523+0000][1][safepoint    ] Safepoint "GenCollectForAllocation", Time since last: 165086181 ns, Reaching safepoint: 105859 ns, At safepoint: 10799262 ns, Total: 10905121 ns
[2020-09-11T13:17:53.679+0000][1][gc,start     ] GC(15) Pause Young (Allocation Failure)
[2020-09-11T13:17:53.679+0000][1][gc,task      ] GC(15) Using 1 workers of 1 for evacuation
[2020-09-11T13:17:53.687+0000][1][gc,age       ] GC(15) Desired survivor size 4358144 bytes, new threshold 6 (max threshold 6)
[2020-09-11T13:17:53.687+0000][1][gc,age       ] GC(15) Age table with threshold 6 (max threshold 6)
[2020-09-11T13:17:53.687+0000][1][gc,age       ] GC(15) - age   1:     192528 bytes,     192528 total
[2020-09-11T13:17:53.687+0000][1][gc,age       ] GC(15) - age   2:     317816 bytes,     510344 total
[2020-09-11T13:17:53.687+0000][1][gc,age       ] GC(15) - age   3:     103784 bytes,     614128 total
[2020-09-11T13:17:53.687+0000][1][gc,age       ] GC(15) - age   4:     203304 bytes,     817432 total
[2020-09-11T13:17:53.687+0000][1][gc,age       ] GC(15) - age   5:     570456 bytes,    1387888 total
[2020-09-11T13:17:53.687+0000][1][gc,age       ] GC(15) - age   6:     404384 bytes,    1792272 total
[2020-09-11T13:17:53.687+0000][1][gc,heap      ] GC(15) ParNew: 70492K->2212K(76672K)
[2020-09-11T13:17:53.687+0000][1][gc,heap      ] GC(15) CMS: 15315K->15435K(439104K)
[2020-09-11T13:17:53.687+0000][1][gc,metaspace ] GC(15) Metaspace: 22841K->22841K(1071104K)
[2020-09-11T13:17:53.687+0000][1][gc           ] GC(15) Pause Young (Allocation Failure) 83M->17M(503M) 7.902ms
[2020-09-11T13:17:53.687+0000][1][gc,cpu       ] GC(15) User=0.01s Sys=0.00s Real=0.01s
[2020-09-11T13:17:53.687+0000][1][safepoint    ] Safepoint "GenCollectForAllocation", Time since last: 155736313 ns, Reaching safepoint: 108063 ns, At safepoint: 7959213 ns, Total: 8067276 ns
[2020-09-11T13:17:53.824+0000][1][gc,start     ] GC(16) Pause Young (Allocation Failure)
[2020-09-11T13:17:53.825+0000][1][gc,task      ] GC(16) Using 1 workers of 1 for evacuation
[2020-09-11T13:17:53.835+0000][1][gc,age       ] GC(16) Desired survivor size 4358144 bytes, new threshold 6 (max threshold 6)
[2020-09-11T13:17:53.835+0000][1][gc,age       ] GC(16) Age table with threshold 6 (max threshold 6)
[2020-09-11T13:17:53.835+0000][1][gc,age       ] GC(16) - age   1:    1815752 bytes,    1815752 total
[2020-09-11T13:17:53.835+0000][1][gc,age       ] GC(16) - age   2:     163920 bytes,    1979672 total
[2020-09-11T13:17:53.835+0000][1][gc,age       ] GC(16) - age   3:     317816 bytes,    2297488 total
[2020-09-11T13:17:53.835+0000][1][gc,age       ] GC(16) - age   4:     103784 bytes,    2401272 total
[2020-09-11T13:17:53.835+0000][1][gc,age       ] GC(16) - age   5:     203152 bytes,    2604424 total
[2020-09-11T13:17:53.835+0000][1][gc,age       ] GC(16) - age   6:     570456 bytes,    3174880 total
[2020-09-11T13:17:53.835+0000][1][gc,heap      ] GC(16) ParNew: 70372K->3731K(76672K)
[2020-09-11T13:17:53.835+0000][1][gc,heap      ] GC(16) CMS: 15435K->15835K(439104K)
[2020-09-11T13:17:53.835+0000][1][gc,metaspace ] GC(16) Metaspace: 22859K->22859K(1071104K)
[2020-09-11T13:17:53.835+0000][1][gc           ] GC(16) Pause Young (Allocation Failure) 83M->19M(503M) 10.993ms
[2020-09-11T13:17:53.835+0000][1][gc,cpu       ] GC(16) User=0.01s Sys=0.00s Real=0.00s
[2020-09-11T13:17:53.839+0000][1][safepoint    ] Safepoint "GenCollectForAllocation", Time since last: 137021655 ns, Reaching safepoint: 107312 ns, At safepoint: 15070931 ns, Total: 15178243 ns
[2020-09-11T13:17:53.868+0000][1][safepoint    ] Safepoint "Deoptimize", Time since last: 27993086 ns, Reaching safepoint: 101163 ns, At safepoint: 233076 ns, Total: 334239 ns
[2020-09-11T13:17:54.261+0000][1][safepoint    ] Safepoint "RevokeBias", Time since last: 392724944 ns, Reaching safepoint: 379452 ns, At safepoint: 16945 ns, Total: 396397 ns
[2020-09-11T13:17:54.261+0000][1][safepoint    ] Safepoint "RevokeBias", Time since last: 83922 ns, Reaching safepoint: 10236 ns, At safepoint: 7219 ns, Total: 17455 ns
[2020-09-11T13:17:54.632+0000][1][safepoint    ] Safepoint "Deoptimize", Time since last: 370443014 ns, Reaching safepoint: 119380 ns, At safepoint: 241406 ns, Total: 360786 ns
[2020-09-11T13:17:54.664+0000][1][safepoint    ] Safepoint "Deoptimize", Time since last: 31899229 ns, Reaching safepoint: 102446 ns, At safepoint: 245951 ns, Total: 348397 ns
[2020-09-11T13:17:55.630+0000][1][gc,start     ] GC(17) Pause Young (Allocation Failure)
[2020-09-11T13:17:55.631+0000][1][gc,task      ] GC(17) Using 1 workers of 1 for evacuation
[2020-09-11T13:17:55.662+0000][1][gc,age       ] GC(17) Desired survivor size 4358144 bytes, new threshold 1 (max threshold 6)
[2020-09-11T13:17:55.662+0000][1][gc,age       ] GC(17) Age table with threshold 1 (max threshold 6)
[2020-09-11T13:17:55.662+0000][1][gc,age       ] GC(17) - age   1:    7849624 bytes,    7849624 total
[2020-09-11T13:17:55.662+0000][1][gc,age       ] GC(17) - age   2:      95400 bytes,    7945024 total
[2020-09-11T13:17:55.662+0000][1][gc,age       ] GC(17) - age   3:     160464 bytes,    8105488 total
[2020-09-11T13:17:55.662+0000][1][gc,age       ] GC(17) - age   4:     310184 bytes,    8415672 total
[2020-09-11T13:17:55.662+0000][1][gc,age       ] GC(17) - age   5:     100472 bytes,    8516144 total
[2020-09-11T13:17:55.662+0000][1][gc,age       ] GC(17) - age   6:     199960 bytes,    8716104 total
[2020-09-11T13:17:55.662+0000][1][gc,heap      ] GC(17) ParNew: 71891K->8512K(76672K)
[2020-09-11T13:17:55.662+0000][1][gc,heap      ] GC(17) CMS: 15835K->16684K(439104K)
[2020-09-11T13:17:55.662+0000][1][gc,metaspace ] GC(17) Metaspace: 29687K->29687K(1077248K)
[2020-09-11T13:17:55.663+0000][1][gc           ] GC(17) Pause Young (Allocation Failure) 85M->24M(503M) 32.032ms
[2020-09-11T13:17:55.663+0000][1][gc,cpu       ] GC(17) User=0.03s Sys=0.00s Real=0.03s
[2020-09-11T13:17:55.669+0000][1][safepoint    ] Safepoint "GenCollectForAllocation", Time since last: 966178540 ns, Reaching safepoint: 276961 ns, At safepoint: 38322906 ns, Total: 38599867 ns
[2020-09-11T13:17:56.676+0000][1][safepoint    ] Safepoint "Cleanup", Time since last: 1006884854 ns, Reaching safepoint: 139223 ns, At safepoint: 7278 ns, Total: 146501 ns
[2020-09-11T13:17:57.173+0000][1][gc,start     ] GC(18) Pause Young (Allocation Failure)
[2020-09-11T13:17:57.173+0000][1][gc,task      ] GC(18) Using 1 workers of 1 for evacuation
[2020-09-11T13:17:57.223+0000][1][gc,age       ] GC(18) Desired survivor size 4358144 bytes, new threshold 1 (max threshold 6)
[2020-09-11T13:17:57.223+0000][1][gc,age       ] GC(18) Age table with threshold 1 (max threshold 6)
[2020-09-11T13:17:57.223+0000][1][gc,age       ] GC(18) - age   1:    8563576 bytes,    8563576 total
[2020-09-11T13:17:57.223+0000][1][gc,heap      ] GC(18) ParNew: 76672K->8512K(76672K)
[2020-09-11T13:17:57.223+0000][1][gc,heap      ] GC(18) CMS: 16684K->25558K(439104K)
[2020-09-11T13:17:57.223+0000][1][gc,metaspace ] GC(18) Metaspace: 29698K->29698K(1077248K)
[2020-09-11T13:17:57.223+0000][1][gc           ] GC(18) Pause Young (Allocation Failure) 91M->33M(503M) 49.835ms
[2020-09-11T13:17:57.223+0000][1][gc,cpu       ] GC(18) User=0.04s Sys=0.00s Real=0.05s
[2020-09-11T13:17:57.229+0000][1][safepoint    ] Safepoint "GenCollectForAllocation", Time since last: 496961077 ns, Reaching safepoint: 113463 ns, At safepoint: 56041558 ns, Total: 56155021 ns
[2020-09-11T13:17:58.236+0000][1][safepoint    ] Safepoint "Cleanup", Time since last: 1006514900 ns, Reaching safepoint: 838545 ns, At safepoint: 5781 ns, Total: 844326 ns
[2020-09-11T13:17:58.492+0000][1][gc,start     ] GC(19) Pause Young (Allocation Failure)
[2020-09-11T13:17:58.492+0000][1][gc,task      ] GC(19) Using 1 workers of 1 for evacuation
[2020-09-11T13:17:58.564+0000][1][gc,age       ] GC(19) Desired survivor size 4358144 bytes, new threshold 1 (max threshold 6)
[2020-09-11T13:17:58.564+0000][1][gc,age       ] GC(19) Age table with threshold 1 (max threshold 6)
[2020-09-11T13:17:58.565+0000][1][gc,age       ] GC(19) - age   1:    8716248 bytes,    8716248 total
[2020-09-11T13:17:58.565+0000][1][gc,heap      ] GC(19) ParNew: 76672K->8512K(76672K)
[2020-09-11T13:17:58.565+0000][1][gc,heap      ] GC(19) CMS: 25558K->33607K(439104K)
[2020-09-11T13:17:58.565+0000][1][gc,metaspace ] GC(19) Metaspace: 29865K->29865K(1077248K)
[2020-09-11T13:17:58.565+0000][1][gc           ] GC(19) Pause Young (Allocation Failure) 99M->41M(503M) 73.041ms
[2020-09-11T13:17:58.565+0000][1][gc,cpu       ] GC(19) User=0.07s Sys=0.00s Real=0.08s
[2020-09-11T13:17:58.565+0000][1][safepoint    ] Safepoint "GenCollectForAllocation", Time since last: 255114303 ns, Reaching safepoint: 100204 ns, At safepoint: 73104737 ns, Total: 73204941 ns
[2020-09-11T13:17:59.108+0000][1][safepoint    ] Safepoint "RevokeBias", Time since last: 542806221 ns, Reaching safepoint: 117203 ns, At safepoint: 38762 ns, Total: 155965 ns
[2020-09-11T13:17:59.722+0000][1][gc,start     ] GC(20) Pause Young (Allocation Failure)
[2020-09-11T13:17:59.722+0000][1][gc,task      ] GC(20) Using 1 workers of 1 for evacuation
[2020-09-11T13:17:59.787+0000][1][gc,age       ] GC(20) Desired survivor size 4358144 bytes, new threshold 6 (max threshold 6)
[2020-09-11T13:17:59.787+0000][1][gc,age       ] GC(20) Age table with threshold 6 (max threshold 6)
[2020-09-11T13:17:59.787+0000][1][gc,age       ] GC(20) - age   1:    3723928 bytes,    3723928 total
[2020-09-11T13:17:59.787+0000][1][gc,heap      ] GC(20) ParNew: 76672K->8394K(76672K)
[2020-09-11T13:17:59.787+0000][1][gc,heap      ] GC(20) CMS: 33607K->42005K(439104K)
[2020-09-11T13:17:59.787+0000][1][gc,metaspace ] GC(20) Metaspace: 32097K->32097K(1079296K)
[2020-09-11T13:17:59.791+0000][1][gc           ] GC(20) Pause Young (Allocation Failure) 107M->49M(503M) 69.362ms
[2020-09-11T13:17:59.791+0000][1][gc,cpu       ] GC(20) User=0.07s Sys=0.00s Real=0.07s
[2020-09-11T13:17:59.792+0000][1][safepoint    ] Safepoint "GenCollectForAllocation", Time since last: 614328529 ns, Reaching safepoint: 153160 ns, At safepoint: 69459069 ns, Total: 69612229 ns
[2020-09-11T13:17:59.960+0000][1][safepoint    ] Safepoint "Deoptimize", Time since last: 168391583 ns, Reaching safepoint: 108207 ns, At safepoint: 265519 ns, Total: 373726 ns
[2020-09-11T13:18:00.663+0000][1][safepoint    ] Safepoint "Deoptimize", Time since last: 701922114 ns, Reaching safepoint: 175929 ns, At safepoint: 263788 ns, Total: 439717 ns
[2020-09-11T13:18:00.927+0000][1][gc,start     ] GC(21) Pause Young (Allocation Failure)
[2020-09-11T13:18:00.927+0000][1][gc,task      ] GC(21) Using 1 workers of 1 for evacuation
[2020-09-11T13:18:00.938+0000][1][gc,age       ] GC(21) Desired survivor size 4358144 bytes, new threshold 2 (max threshold 6)
[2020-09-11T13:18:00.938+0000][1][gc,age       ] GC(21) Age table with threshold 2 (max threshold 6)
[2020-09-11T13:18:00.938+0000][1][gc,age       ] GC(21) - age   1:    1010376 bytes,    1010376 total
[2020-09-11T13:18:00.938+0000][1][gc,age       ] GC(21) - age   2:    3630528 bytes,    4640904 total
[2020-09-11T13:18:00.938+0000][1][gc,heap      ] GC(21) ParNew: 76554K->6924K(76672K)
[2020-09-11T13:18:00.938+0000][1][gc,heap      ] GC(21) CMS: 42005K->42005K(439104K)
[2020-09-11T13:18:00.938+0000][1][gc,metaspace ] GC(21) Metaspace: 32397K->32397K(1079296K)
[2020-09-11T13:18:00.938+0000][1][gc           ] GC(21) Pause Young (Allocation Failure) 115M->47M(503M) 10.985ms
[2020-09-11T13:18:00.938+0000][1][gc,cpu       ] GC(21) User=0.01s Sys=0.00s Real=0.01s
[2020-09-11T13:18:00.942+0000][1][safepoint    ] Safepoint "GenCollectForAllocation", Time since last: 263911850 ns, Reaching safepoint: 154696 ns, At safepoint: 15417587 ns, Total: 15572283 ns
[2020-09-11T13:18:01.221+0000][1][gc,start     ] GC(22) Pause Young (Allocation Failure)
[2020-09-11T13:18:01.221+0000][1][gc,task      ] GC(22) Using 1 workers of 1 for evacuation
[2020-09-11T13:18:01.237+0000][1][gc,age       ] GC(22) Desired survivor size 4358144 bytes, new threshold 6 (max threshold 6)
[2020-09-11T13:18:01.237+0000][1][gc,age       ] GC(22) Age table with threshold 6 (max threshold 6)
[2020-09-11T13:18:01.237+0000][1][gc,age       ] GC(22) - age   1:     250400 bytes,     250400 total
[2020-09-11T13:18:01.237+0000][1][gc,age       ] GC(22) - age   2:     437784 bytes,     688184 total
[2020-09-11T13:18:01.237+0000][1][gc,heap      ] GC(22) ParNew: 75084K->4264K(76672K)
[2020-09-11T13:18:01.237+0000][1][gc,heap      ] GC(22) CMS: 42005K->45568K(439104K)
[2020-09-11T13:18:01.237+0000][1][gc,metaspace ] GC(22) Metaspace: 32409K->32409K(1079296K)
[2020-09-11T13:18:01.237+0000][1][gc           ] GC(22) Pause Young (Allocation Failure) 114M->48M(503M) 16.171ms
[2020-09-11T13:18:01.237+0000][1][gc,cpu       ] GC(22) User=0.02s Sys=0.00s Real=0.02s
[2020-09-11T13:18:01.242+0000][1][safepoint    ] Safepoint "GenCollectForAllocation", Time since last: 278623192 ns, Reaching safepoint: 104600 ns, At safepoint: 20877587 ns, Total: 20982187 ns
[2020-09-11T13:18:01.454+0000][1][gc,start     ] GC(23) Pause Young (Allocation Failure)
[2020-09-11T13:18:01.454+0000][1][gc,task      ] GC(23) Using 1 workers of 1 for evacuation
[2020-09-11T13:18:01.458+0000][1][gc,age       ] GC(23) Desired survivor size 4358144 bytes, new threshold 6 (max threshold 6)
[2020-09-11T13:18:01.458+0000][1][gc,age       ] GC(23) Age table with threshold 6 (max threshold 6)
[2020-09-11T13:18:01.458+0000][1][gc,age       ] GC(23) - age   1:         80 bytes,         80 total
[2020-09-11T13:18:01.458+0000][1][gc,age       ] GC(23) - age   2:     250376 bytes,     250456 total
[2020-09-11T13:18:01.458+0000][1][gc,age       ] GC(23) - age   3:     437784 bytes,     688240 total
[2020-09-11T13:18:01.458+0000][1][gc,heap      ] GC(23) ParNew: 72424K->1192K(76672K)
[2020-09-11T13:18:01.458+0000][1][gc,heap      ] GC(23) CMS: 45568K->45568K(439104K)
[2020-09-11T13:18:01.458+0000][1][gc,metaspace ] GC(23) Metaspace: 32410K->32410K(1079296K)
[2020-09-11T13:18:01.458+0000][1][gc           ] GC(23) Pause Young (Allocation Failure) 115M->45M(503M) 3.909ms
[2020-09-11T13:18:01.458+0000][1][gc,cpu       ] GC(23) User=0.01s Sys=0.00s Real=0.01s
[2020-09-11T13:18:01.459+0000][1][safepoint    ] Safepoint "GenCollectForAllocation", Time since last: 211852676 ns, Reaching safepoint: 108564 ns, At safepoint: 5713905 ns, Total: 5822469 ns
[2020-09-11T13:18:01.577+0000][1][gc,start     ] GC(24) Pause Young (Allocation Failure)
[2020-09-11T13:18:01.577+0000][1][gc,task      ] GC(24) Using 1 workers of 1 for evacuation
[2020-09-11T13:18:01.580+0000][1][gc,age       ] GC(24) Desired survivor size 4358144 bytes, new threshold 6 (max threshold 6)
[2020-09-11T13:18:01.580+0000][1][gc,age       ] GC(24) Age table with threshold 6 (max threshold 6)
[2020-09-11T13:18:01.580+0000][1][gc,age       ] GC(24) - age   1:         72 bytes,         72 total
[2020-09-11T13:18:01.580+0000][1][gc,age       ] GC(24) - age   3:     250376 bytes,     250448 total
[2020-09-11T13:18:01.580+0000][1][gc,age       ] GC(24) - age   4:     437784 bytes,     688232 total
[2020-09-11T13:18:01.580+0000][1][gc,heap      ] GC(24) ParNew: 69352K->1100K(76672K)
[2020-09-11T13:18:01.580+0000][1][gc,heap      ] GC(24) CMS: 45568K->45568K(439104K)
[2020-09-11T13:18:01.580+0000][1][gc,metaspace ] GC(24) Metaspace: 32414K->32414K(1079296K)
[2020-09-11T13:18:01.580+0000][1][gc           ] GC(24) Pause Young (Allocation Failure) 112M->45M(503M) 2.904ms
[2020-09-11T13:18:01.580+0000][1][gc,cpu       ] GC(24) User=0.00s Sys=0.00s Real=0.00s
[2020-09-11T13:18:01.580+0000][1][safepoint    ] Safepoint "GenCollectForAllocation", Time since last: 117579657 ns, Reaching safepoint: 102033 ns, At safepoint: 2963105 ns, Total: 3065138 ns
[2020-09-11T13:18:01.677+0000][1][gc,start     ] GC(25) Pause Young (Allocation Failure)
[2020-09-11T13:18:01.677+0000][1][gc,task      ] GC(25) Using 1 workers of 1 for evacuation
[2020-09-11T13:18:01.680+0000][1][gc,age       ] GC(25) Desired survivor size 4358144 bytes, new threshold 6 (max threshold 6)
[2020-09-11T13:18:01.680+0000][1][gc,age       ] GC(25) Age table with threshold 6 (max threshold 6)
[2020-09-11T13:18:01.680+0000][1][gc,age       ] GC(25) - age   1:        224 bytes,        224 total
[2020-09-11T13:18:01.680+0000][1][gc,age       ] GC(25) - age   4:     250376 bytes,     250600 total
[2020-09-11T13:18:01.680+0000][1][gc,age       ] GC(25) - age   5:     437784 bytes,     688384 total
[2020-09-11T13:18:01.680+0000][1][gc,heap      ] GC(25) ParNew: 69260K->1283K(76672K)
[2020-09-11T13:18:01.680+0000][1][gc,heap      ] GC(25) CMS: 45568K->45568K(439104K)
[2020-09-11T13:18:01.680+0000][1][gc,metaspace ] GC(25) Metaspace: 32414K->32414K(1079296K)
[2020-09-11T13:18:01.680+0000][1][gc           ] GC(25) Pause Young (Allocation Failure) 112M->45M(503M) 2.920ms
[2020-09-11T13:18:01.680+0000][1][gc,cpu       ] GC(25) User=0.00s Sys=0.00s Real=0.00s
[2020-09-11T13:18:01.680+0000][1][safepoint    ] Safepoint "GenCollectForAllocation", Time since last: 97132169 ns, Reaching safepoint: 98018 ns, At safepoint: 2977458 ns, Total: 3075476 ns
[2020-09-11T13:18:01.769+0000][1][gc,start     ] GC(26) Pause Young (Allocation Failure)
[2020-09-11T13:18:01.769+0000][1][gc,task      ] GC(26) Using 1 workers of 1 for evacuation
[2020-09-11T13:18:01.773+0000][1][gc,age       ] GC(26) Desired survivor size 4358144 bytes, new threshold 6 (max threshold 6)
[2020-09-11T13:18:01.773+0000][1][gc,age       ] GC(26) Age table with threshold 6 (max threshold 6)
[2020-09-11T13:18:01.773+0000][1][gc,age       ] GC(26) - age   1:        208 bytes,        208 total
[2020-09-11T13:18:01.773+0000][1][gc,age       ] GC(26) - age   5:     250376 bytes,     250584 total
[2020-09-11T13:18:01.773+0000][1][gc,age       ] GC(26) - age   6:     437784 bytes,     688368 total
[2020-09-11T13:18:01.773+0000][1][gc,heap      ] GC(26) ParNew: 69443K->824K(76672K)
[2020-09-11T13:18:01.773+0000][1][gc,heap      ] GC(26) CMS: 45568K->45568K(439104K)
[2020-09-11T13:18:01.773+0000][1][gc,metaspace ] GC(26) Metaspace: 32414K->32414K(1079296K)
[2020-09-11T13:18:01.773+0000][1][gc           ] GC(26) Pause Young (Allocation Failure) 112M->45M(503M) 3.848ms
[2020-09-11T13:18:01.773+0000][1][gc,cpu       ] GC(26) User=0.00s Sys=0.00s Real=0.00s
[2020-09-11T13:18:01.777+0000][1][safepoint    ] Safepoint "GenCollectForAllocation", Time since last: 89039623 ns, Reaching safepoint: 101293 ns, At safepoint: 7952419 ns, Total: 8053712 ns
[2020-09-11T13:18:01.834+0000][1][gc,start     ] GC(27) Pause Young (Allocation Failure)
[2020-09-11T13:18:01.834+0000][1][gc,task      ] GC(27) Using 1 workers of 1 for evacuation
[2020-09-11T13:18:01.837+0000][1][gc,age       ] GC(27) Desired survivor size 4358144 bytes, new threshold 6 (max threshold 6)
[2020-09-11T13:18:01.837+0000][1][gc,age       ] GC(27) Age table with threshold 6 (max threshold 6)
[2020-09-11T13:18:01.837+0000][1][gc,age       ] GC(27) - age   1:         56 bytes,         56 total
[2020-09-11T13:18:01.837+0000][1][gc,age       ] GC(27) - age   6:     250376 bytes,     250432 total
[2020-09-11T13:18:01.837+0000][1][gc,heap      ] GC(27) ParNew: 68984K->607K(76672K)
[2020-09-11T13:18:01.837+0000][1][gc,heap      ] GC(27) CMS: 45568K->45996K(439104K)
[2020-09-11T13:18:01.837+0000][1][gc,metaspace ] GC(27) Metaspace: 32414K->32414K(1079296K)
[2020-09-11T13:18:01.837+0000][1][gc           ] GC(27) Pause Young (Allocation Failure) 111M->45M(503M) 3.897ms
[2020-09-11T13:18:01.837+0000][1][gc,cpu       ] GC(27) User=0.00s Sys=0.00s Real=0.01s
[2020-09-11T13:18:01.838+0000][1][safepoint    ] Safepoint "GenCollectForAllocation", Time since last: 56067900 ns, Reaching safepoint: 141648 ns, At safepoint: 3952856 ns, Total: 4094504 ns
[2020-09-11T13:18:01.877+0000][1][gc,start     ] GC(28) Pause Young (Allocation Failure)
[2020-09-11T13:18:01.877+0000][1][gc,task      ] GC(28) Using 1 workers of 1 for evacuation
[2020-09-11T13:18:01.880+0000][1][gc,age       ] GC(28) Desired survivor size 4358144 bytes, new threshold 6 (max threshold 6)
[2020-09-11T13:18:01.880+0000][1][gc,age       ] GC(28) Age table with threshold 6 (max threshold 6)
[2020-09-11T13:18:01.880+0000][1][gc,age       ] GC(28) - age   1:        256 bytes,        256 total
[2020-09-11T13:18:01.880+0000][1][gc,heap      ] GC(28) ParNew: 68767K->243K(76672K)
[2020-09-11T13:18:01.880+0000][1][gc,heap      ] GC(28) CMS: 45996K->46240K(439104K)
[2020-09-11T13:18:01.880+0000][1][gc,metaspace ] GC(28) Metaspace: 32414K->32414K(1079296K)
[2020-09-11T13:18:01.880+0000][1][gc           ] GC(28) Pause Young (Allocation Failure) 112M->45M(503M) 3.252ms
[2020-09-11T13:18:01.880+0000][1][gc,cpu       ] GC(28) User=0.01s Sys=0.00s Real=0.00s
[2020-09-11T13:18:01.880+0000][1][safepoint    ] Safepoint "GenCollectForAllocation", Time since last: 38978832 ns, Reaching safepoint: 149150 ns, At safepoint: 3304761 ns, Total: 3453911 ns
[2020-09-11T13:18:01.940+0000][1][gc,start     ] GC(29) Pause Young (Allocation Failure)
[2020-09-11T13:18:01.940+0000][1][gc,task      ] GC(29) Using 1 workers of 1 for evacuation
[2020-09-11T13:18:01.943+0000][1][gc,age       ] GC(29) Desired survivor size 4358144 bytes, new threshold 6 (max threshold 6)
[2020-09-11T13:18:01.943+0000][1][gc,age       ] GC(29) Age table with threshold 6 (max threshold 6)
[2020-09-11T13:18:01.943+0000][1][gc,age       ] GC(29) - age   1:        176 bytes,        176 total
[2020-09-11T13:18:01.943+0000][1][gc,age       ] GC(29) - age   2:         72 bytes,        248 total
[2020-09-11T13:18:01.943+0000][1][gc,heap      ] GC(29) ParNew: 68403K->60K(76672K)
[2020-09-11T13:18:01.943+0000][1][gc,heap      ] GC(29) CMS: 46240K->46240K(439104K)
[2020-09-11T13:18:01.943+0000][1][gc,metaspace ] GC(29) Metaspace: 32414K->32414K(1079296K)
[2020-09-11T13:18:01.943+0000][1][gc           ] GC(29) Pause Young (Allocation Failure) 111M->45M(503M) 3.039ms
[2020-09-11T13:18:01.943+0000][1][gc,cpu       ] GC(29) User=0.00s Sys=0.00s Real=0.00s
[2020-09-11T13:18:01.943+0000][1][safepoint    ] Safepoint "GenCollectForAllocation", Time since last: 59821546 ns, Reaching safepoint: 153249 ns, At safepoint: 3105543 ns, Total: 3258792 ns
[2020-09-11T13:18:01.979+0000][1][gc,start     ] GC(30) Pause Young (Allocation Failure)
[2020-09-11T13:18:01.979+0000][1][gc,task      ] GC(30) Using 1 workers of 1 for evacuation
[2020-09-11T13:18:01.982+0000][1][gc,age       ] GC(30) Desired survivor size 4358144 bytes, new threshold 6 (max threshold 6)
[2020-09-11T13:18:01.982+0000][1][gc,age       ] GC(30) Age table with threshold 6 (max threshold 6)
[2020-09-11T13:18:01.982+0000][1][gc,age       ] GC(30) - age   1:        224 bytes,        224 total
[2020-09-11T13:18:01.982+0000][1][gc,age       ] GC(30) - age   3:         72 bytes,        296 total
[2020-09-11T13:18:01.982+0000][1][gc,heap      ] GC(30) ParNew: 68220K->15K(76672K)
[2020-09-11T13:18:01.982+0000][1][gc,heap      ] GC(30) CMS: 46240K->46240K(439104K)
[2020-09-11T13:18:01.982+0000][1][gc,metaspace ] GC(30) Metaspace: 32414K->32414K(1079296K)
[2020-09-11T13:18:01.982+0000][1][gc           ] GC(30) Pause Young (Allocation Failure) 111M->45M(503M) 2.925ms
[2020-09-11T13:18:01.982+0000][1][gc,cpu       ] GC(30) User=0.00s Sys=0.00s Real=0.00s
[2020-09-11T13:18:01.982+0000][1][safepoint    ] Safepoint "GenCollectForAllocation", Time since last: 36210600 ns, Reaching safepoint: 178091 ns, At safepoint: 2993611 ns, Total: 3171702 ns
[2020-09-11T13:18:02.021+0000][1][gc,start     ] GC(31) Pause Young (Allocation Failure)
[2020-09-11T13:18:02.021+0000][1][gc,task      ] GC(31) Using 1 workers of 1 for evacuation
[2020-09-11T13:18:02.023+0000][1][gc,age       ] GC(31) Desired survivor size 4358144 bytes, new threshold 6 (max threshold 6)
[2020-09-11T13:18:02.024+0000][1][gc,age       ] GC(31) Age table with threshold 6 (max threshold 6)
[2020-09-11T13:18:02.024+0000][1][gc,age       ] GC(31) - age   1:         72 bytes,         72 total
[2020-09-11T13:18:02.024+0000][1][gc,age       ] GC(31) - age   4:         72 bytes,        144 total
[2020-09-11T13:18:02.024+0000][1][gc,heap      ] GC(31) ParNew: 68175K->3K(76672K)
[2020-09-11T13:18:02.024+0000][1][gc,heap      ] GC(31) CMS: 46240K->46240K(439104K)
[2020-09-11T13:18:02.024+0000][1][gc,metaspace ] GC(31) Metaspace: 32414K->32414K(1079296K)
[2020-09-11T13:18:02.024+0000][1][gc           ] GC(31) Pause Young (Allocation Failure) 111M->45M(503M) 3.078ms
[2020-09-11T13:18:02.024+0000][1][gc,cpu       ] GC(31) User=0.01s Sys=0.00s Real=0.01s
[2020-09-11T13:18:02.024+0000][1][safepoint    ] Safepoint "GenCollectForAllocation", Time since last: 37924005 ns, Reaching safepoint: 147425 ns, At safepoint: 3130497 ns, Total: 3277922 ns
[2020-09-11T13:18:02.064+0000][1][gc,start     ] GC(32) Pause Young (Allocation Failure)
[2020-09-11T13:18:02.064+0000][1][gc,task      ] GC(32) Using 1 workers of 1 for evacuation
[2020-09-11T13:18:02.067+0000][1][gc,age       ] GC(32) Desired survivor size 4358144 bytes, new threshold 6 (max threshold 6)
[2020-09-11T13:18:02.067+0000][1][gc,age       ] GC(32) Age table with threshold 6 (max threshold 6)
[2020-09-11T13:18:02.067+0000][1][gc,age       ] GC(32) - age   1:        408 bytes,        408 total
[2020-09-11T13:18:02.067+0000][1][gc,age       ] GC(32) - age   5:         72 bytes,        480 total
[2020-09-11T13:18:02.067+0000][1][gc,heap      ] GC(32) ParNew: 68163K->2K(76672K)
[2020-09-11T13:18:02.067+0000][1][gc,heap      ] GC(32) CMS: 46240K->46240K(439104K)
[2020-09-11T13:18:02.067+0000][1][gc,metaspace ] GC(32) Metaspace: 32414K->32414K(1079296K)
[2020-09-11T13:18:02.067+0000][1][gc           ] GC(32) Pause Young (Allocation Failure) 111M->45M(503M) 3.098ms
[2020-09-11T13:18:02.067+0000][1][gc,cpu       ] GC(32) User=0.00s Sys=0.00s Real=0.00s
[2020-09-11T13:18:02.067+0000][1][safepoint    ] Safepoint "GenCollectForAllocation", Time since last: 40419355 ns, Reaching safepoint: 141500 ns, At safepoint: 3151429 ns, Total: 3292929 ns
[2020-09-11T13:18:02.106+0000][1][gc,start     ] GC(33) Pause Young (Allocation Failure)
[2020-09-11T13:18:02.106+0000][1][gc,task      ] GC(33) Using 1 workers of 1 for evacuation
[2020-09-11T13:18:02.109+0000][1][gc,age       ] GC(33) Desired survivor size 4358144 bytes, new threshold 6 (max threshold 6)
[2020-09-11T13:18:02.109+0000][1][gc,age       ] GC(33) Age table with threshold 6 (max threshold 6)
[2020-09-11T13:18:02.109+0000][1][gc,age       ] GC(33) - age   1:         72 bytes,         72 total
[2020-09-11T13:18:02.109+0000][1][gc,age       ] GC(33) - age   2:        208 bytes,        280 total
[2020-09-11T13:18:02.109+0000][1][gc,age       ] GC(33) - age   6:         72 bytes,        352 total
[2020-09-11T13:18:02.109+0000][1][gc,heap      ] GC(33) ParNew: 68162K->2K(76672K)
[2020-09-11T13:18:02.109+0000][1][gc,heap      ] GC(33) CMS: 46240K->46240K(439104K)
[2020-09-11T13:18:02.109+0000][1][gc,metaspace ] GC(33) Metaspace: 32414K->32414K(1079296K)
[2020-09-11T13:18:02.109+0000][1][gc           ] GC(33) Pause Young (Allocation Failure) 111M->45M(503M) 3.049ms
[2020-09-11T13:18:02.109+0000][1][gc,cpu       ] GC(33) User=0.00s Sys=0.00s Real=0.00s
[2020-09-11T13:18:02.109+0000][1][safepoint    ] Safepoint "GenCollectForAllocation", Time since last: 38707249 ns, Reaching safepoint: 165277 ns, At safepoint: 3101034 ns, Total: 3266311 ns
[2020-09-11T13:18:03.046+0000][1][safepoint    ] Safepoint "ICBufferFull", Time since last: 936042272 ns, Reaching safepoint: 146681 ns, At safepoint: 7233 ns, Total: 153914 ns
[2020-09-11T13:18:03.300+0000][1][gc,start     ] GC(34) Pause Young (Allocation Failure)
[2020-09-11T13:18:03.300+0000][1][gc,task      ] GC(34) Using 1 workers of 1 for evacuation
[2020-09-11T13:18:03.302+0000][1][gc,age       ] GC(34) Desired survivor size 4358144 bytes, new threshold 6 (max threshold 6)
[2020-09-11T13:18:03.302+0000][1][gc,age       ] GC(34) Age table with threshold 6 (max threshold 6)
[2020-09-11T13:18:03.302+0000][1][gc,age       ] GC(34) - age   1:     278672 bytes,     278672 total
[2020-09-11T13:18:03.302+0000][1][gc,age       ] GC(34) - age   3:        208 bytes,     278880 total
[2020-09-11T13:18:03.302+0000][1][gc,heap      ] GC(34) ParNew: 68162K->272K(76672K)
[2020-09-11T13:18:03.302+0000][1][gc,heap      ] GC(34) CMS: 46240K->46241K(439104K)
[2020-09-11T13:18:03.302+0000][1][gc,metaspace ] GC(34) Metaspace: 32435K->32435K(1079296K)
[2020-09-11T13:18:03.302+0000][1][gc           ] GC(34) Pause Young (Allocation Failure) 111M->45M(503M) 2.891ms
[2020-09-11T13:18:03.302+0000][1][gc,cpu       ] GC(34) User=0.00s Sys=0.00s Real=0.00s
[2020-09-11T13:18:03.302+0000][1][safepoint    ] Safepoint "GenCollectForAllocation", Time since last: 253901752 ns, Reaching safepoint: 104555 ns, At safepoint: 2954175 ns, Total: 3058730 ns
[2020-09-11T13:18:03.675+0000][1][gc,start     ] GC(35) Pause Young (Allocation Failure)
[2020-09-11T13:18:03.675+0000][1][gc,task      ] GC(35) Using 1 workers of 1 for evacuation
[2020-09-11T13:18:03.678+0000][1][gc,age       ] GC(35) Desired survivor size 4358144 bytes, new threshold 6 (max threshold 6)
[2020-09-11T13:18:03.678+0000][1][gc,age       ] GC(35) Age table with threshold 6 (max threshold 6)
[2020-09-11T13:18:03.678+0000][1][gc,age       ] GC(35) - age   1:     511456 bytes,     511456 total
[2020-09-11T13:18:03.678+0000][1][gc,age       ] GC(35) - age   2:     184784 bytes,     696240 total
[2020-09-11T13:18:03.678+0000][1][gc,age       ] GC(35) - age   4:        208 bytes,     696448 total
[2020-09-11T13:18:03.678+0000][1][gc,heap      ] GC(35) ParNew: 68432K->682K(76672K)
[2020-09-11T13:18:03.678+0000][1][gc,heap      ] GC(35) CMS: 46241K->46241K(439104K)
[2020-09-11T13:18:03.678+0000][1][gc,metaspace ] GC(35) Metaspace: 32435K->32435K(1079296K)
[2020-09-11T13:18:03.678+0000][1][gc           ] GC(35) Pause Young (Allocation Failure) 111M->45M(503M) 2.933ms
[2020-09-11T13:18:03.678+0000][1][gc,cpu       ] GC(35) User=0.00s Sys=0.00s Real=0.01s
[2020-09-11T13:18:03.681+0000][1][safepoint    ] Safepoint "GenCollectForAllocation", Time since last: 372547423 ns, Reaching safepoint: 101472 ns, At safepoint: 6315369 ns, Total: 6416841 ns
[2020-09-11T13:18:04.108+0000][1][gc,start     ] GC(36) Pause Young (Allocation Failure)
[2020-09-11T13:18:04.108+0000][1][gc,task      ] GC(36) Using 1 workers of 1 for evacuation
[2020-09-11T13:18:04.110+0000][1][gc,age       ] GC(36) Desired survivor size 4358144 bytes, new threshold 6 (max threshold 6)
[2020-09-11T13:18:04.110+0000][1][gc,age       ] GC(36) Age table with threshold 6 (max threshold 6)
[2020-09-11T13:18:04.110+0000][1][gc,age       ] GC(36) - age   1:     642480 bytes,     642480 total
[2020-09-11T13:18:04.110+0000][1][gc,age       ] GC(36) - age   2:     339856 bytes,     982336 total
[2020-09-11T13:18:04.110+0000][1][gc,age       ] GC(36) - age   3:     184064 bytes,    1166400 total
[2020-09-11T13:18:04.110+0000][1][gc,age       ] GC(36) - age   5:        208 bytes,    1166608 total
[2020-09-11T13:18:04.110+0000][1][gc,heap      ] GC(36) ParNew: 68842K->1151K(76672K)
[2020-09-11T13:18:04.110+0000][1][gc,heap      ] GC(36) CMS: 46241K->46241K(439104K)
[2020-09-11T13:18:04.110+0000][1][gc,metaspace ] GC(36) Metaspace: 32436K->32436K(1079296K)
[2020-09-11T13:18:04.110+0000][1][gc           ] GC(36) Pause Young (Allocation Failure) 112M->46M(503M) 2.893ms
[2020-09-11T13:18:04.110+0000][1][gc,cpu       ] GC(36) User=0.01s Sys=0.00s Real=0.00s
[2020-09-11T13:18:04.110+0000][1][safepoint    ] Safepoint "GenCollectForAllocation", Time since last: 425997547 ns, Reaching safepoint: 103146 ns, At safepoint: 2945918 ns, Total: 3049064 ns
[2020-09-11T13:18:04.434+0000][1][gc,start     ] GC(37) Pause Young (Allocation Failure)
[2020-09-11T13:18:04.434+0000][1][gc,task      ] GC(37) Using 1 workers of 1 for evacuation
[2020-09-11T13:18:04.437+0000][1][gc,age       ] GC(37) Desired survivor size 4358144 bytes, new threshold 6 (max threshold 6)
[2020-09-11T13:18:04.437+0000][1][gc,age       ] GC(37) Age table with threshold 6 (max threshold 6)
[2020-09-11T13:18:04.437+0000][1][gc,age       ] GC(37) - age   1:     620640 bytes,     620640 total
[2020-09-11T13:18:04.437+0000][1][gc,age       ] GC(37) - age   2:     301488 bytes,     922128 total
[2020-09-11T13:18:04.437+0000][1][gc,age       ] GC(37) - age   3:     339672 bytes,    1261800 total
[2020-09-11T13:18:04.437+0000][1][gc,age       ] GC(37) - age   4:     183760 bytes,    1445560 total
[2020-09-11T13:18:04.437+0000][1][gc,age       ] GC(37) - age   6:        208 bytes,    1445768 total
[2020-09-11T13:18:04.437+0000][1][gc,heap      ] GC(37) ParNew: 69311K->1489K(76672K)
[2020-09-11T13:18:04.437+0000][1][gc,heap      ] GC(37) CMS: 46241K->46241K(439104K)
[2020-09-11T13:18:04.437+0000][1][gc,metaspace ] GC(37) Metaspace: 32437K->32437K(1079296K)
[2020-09-11T13:18:04.437+0000][1][gc           ] GC(37) Pause Young (Allocation Failure) 112M->46M(503M) 3.129ms
[2020-09-11T13:18:04.437+0000][1][gc,cpu       ] GC(37) User=0.00s Sys=0.00s Real=0.01s
[2020-09-11T13:18:04.443+0000][1][safepoint    ] Safepoint "GenCollectForAllocation", Time since last: 323704735 ns, Reaching safepoint: 117487 ns, At safepoint: 9136919 ns, Total: 9254406 ns
[2020-09-11T13:18:04.718+0000][1][gc,start     ] GC(38) Pause Young (Allocation Failure)
[2020-09-11T13:18:04.718+0000][1][gc,task      ] GC(38) Using 1 workers of 1 for evacuation
[2020-09-11T13:18:04.721+0000][1][gc,age       ] GC(38) Desired survivor size 4358144 bytes, new threshold 6 (max threshold 6)
[2020-09-11T13:18:04.721+0000][1][gc,age       ] GC(38) Age table with threshold 6 (max threshold 6)
[2020-09-11T13:18:04.721+0000][1][gc,age       ] GC(38) - age   1:     968304 bytes,     968304 total
[2020-09-11T13:18:04.721+0000][1][gc,age       ] GC(38) - age   2:     264672 bytes,    1232976 total
[2020-09-11T13:18:04.721+0000][1][gc,age       ] GC(38) - age   3:     297464 bytes,    1530440 total
[2020-09-11T13:18:04.721+0000][1][gc,age       ] GC(38) - age   4:     339592 bytes,    1870032 total
[2020-09-11T13:18:04.721+0000][1][gc,age       ] GC(38) - age   5:     183656 bytes,    2053688 total
[2020-09-11T13:18:04.721+0000][1][gc,heap      ] GC(38) ParNew: 69649K->2055K(76672K)
[2020-09-11T13:18:04.721+0000][1][gc,heap      ] GC(38) CMS: 46241K->46241K(439104K)
[2020-09-11T13:18:04.721+0000][1][gc,metaspace ] GC(38) Metaspace: 32437K->32437K(1079296K)
[2020-09-11T13:18:04.721+0000][1][gc           ] GC(38) Pause Young (Allocation Failure) 113M->47M(503M) 3.160ms
[2020-09-11T13:18:04.721+0000][1][gc,cpu       ] GC(38) User=0.01s Sys=0.00s Real=0.00s
[2020-09-11T13:18:04.727+0000][1][safepoint    ] Safepoint "GenCollectForAllocation", Time since last: 274345823 ns, Reaching safepoint: 99996 ns, At safepoint: 9542070 ns, Total: 9642066 ns
[2020-09-11T13:18:04.936+0000][1][gc,start     ] GC(39) Pause Young (Allocation Failure)
[2020-09-11T13:18:04.937+0000][1][gc,task      ] GC(39) Using 1 workers of 1 for evacuation
[2020-09-11T13:18:04.939+0000][1][gc,age       ] GC(39) Desired survivor size 4358144 bytes, new threshold 6 (max threshold 6)
[2020-09-11T13:18:04.939+0000][1][gc,age       ] GC(39) Age table with threshold 6 (max threshold 6)
[2020-09-11T13:18:04.939+0000][1][gc,age       ] GC(39) - age   1:     311296 bytes,     311296 total
[2020-09-11T13:18:04.939+0000][1][gc,age       ] GC(39) - age   2:     955424 bytes,    1266720 total
[2020-09-11T13:18:04.939+0000][1][gc,age       ] GC(39) - age   3:     263416 bytes,    1530136 total
[2020-09-11T13:18:04.940+0000][1][gc,age       ] GC(39) - age   4:     296976 bytes,    1827112 total
[2020-09-11T13:18:04.940+0000][1][gc,age       ] GC(39) - age   5:     339256 bytes,    2166368 total
[2020-09-11T13:18:04.940+0000][1][gc,age       ] GC(39) - age   6:     183616 bytes,    2349984 total
[2020-09-11T13:18:04.940+0000][1][gc,heap      ] GC(39) ParNew: 70215K->2337K(76672K)
[2020-09-11T13:18:04.940+0000][1][gc,heap      ] GC(39) CMS: 46241K->46241K(439104K)
[2020-09-11T13:18:04.940+0000][1][gc,metaspace ] GC(39) Metaspace: 32437K->32437K(1079296K)
[2020-09-11T13:18:04.940+0000][1][gc           ] GC(39) Pause Young (Allocation Failure) 113M->47M(503M) 3.106ms
[2020-09-11T13:18:04.940+0000][1][gc,cpu       ] GC(39) User=0.01s Sys=0.00s Real=0.00s
[2020-09-11T13:18:04.943+0000][1][safepoint    ] Safepoint "GenCollectForAllocation", Time since last: 208938037 ns, Reaching safepoint: 97442 ns, At safepoint: 6951036 ns, Total: 7048478 ns
[2020-09-11T13:18:04.961+0000][1][safepoint    ] Safepoint "RevokeBias", Time since last: 17872788 ns, Reaching safepoint: 94942 ns, At safepoint: 22464 ns, Total: 117406 ns
[2020-09-11T13:18:05.224+0000][1][gc,start     ] GC(40) Pause Young (Allocation Failure)
[2020-09-11T13:18:05.224+0000][1][gc,task      ] GC(40) Using 1 workers of 1 for evacuation
[2020-09-11T13:18:05.227+0000][1][gc,age       ] GC(40) Desired survivor size 4358144 bytes, new threshold 6 (max threshold 6)
[2020-09-11T13:18:05.227+0000][1][gc,age       ] GC(40) Age table with threshold 6 (max threshold 6)
[2020-09-11T13:18:05.227+0000][1][gc,age       ] GC(40) - age   1:     347568 bytes,     347568 total
[2020-09-11T13:18:05.227+0000][1][gc,age       ] GC(40) - age   2:     301344 bytes,     648912 total
[2020-09-11T13:18:05.227+0000][1][gc,age       ] GC(40) - age   3:     955072 bytes,    1603984 total
[2020-09-11T13:18:05.227+0000][1][gc,age       ] GC(40) - age   4:     263232 bytes,    1867216 total
[2020-09-11T13:18:05.227+0000][1][gc,age       ] GC(40) - age   5:     296856 bytes,    2164072 total
[2020-09-11T13:18:05.227+0000][1][gc,age       ] GC(40) - age   6:     339256 bytes,    2503328 total
[2020-09-11T13:18:05.227+0000][1][gc,heap      ] GC(40) ParNew: 70497K->2486K(76672K)
[2020-09-11T13:18:05.227+0000][1][gc,heap      ] GC(40) CMS: 46241K->46418K(439104K)
[2020-09-11T13:18:05.227+0000][1][gc,metaspace ] GC(40) Metaspace: 32441K->32441K(1079296K)
[2020-09-11T13:18:05.227+0000][1][gc           ] GC(40) Pause Young (Allocation Failure) 114M->47M(503M) 3.103ms
[2020-09-11T13:18:05.227+0000][1][gc,cpu       ] GC(40) User=0.00s Sys=0.00s Real=0.00s
[2020-09-11T13:18:05.231+0000][1][safepoint    ] Safepoint "GenCollectForAllocation", Time since last: 262622046 ns, Reaching safepoint: 147582 ns, At safepoint: 7243448 ns, Total: 7391030 ns
[2020-09-11T13:18:05.358+0000][1][gc,start     ] GC(41) Pause Young (Allocation Failure)
[2020-09-11T13:18:05.358+0000][1][gc,task      ] GC(41) Using 1 workers of 1 for evacuation
[2020-09-11T13:18:05.361+0000][1][gc,age       ] GC(41) Desired survivor size 4358144 bytes, new threshold 6 (max threshold 6)
[2020-09-11T13:18:05.361+0000][1][gc,age       ] GC(41) Age table with threshold 6 (max threshold 6)
[2020-09-11T13:18:05.361+0000][1][gc,age       ] GC(41) - age   1:        392 bytes,        392 total
[2020-09-11T13:18:05.361+0000][1][gc,age       ] GC(41) - age   2:     347352 bytes,     347744 total
[2020-09-11T13:18:05.361+0000][1][gc,age       ] GC(41) - age   3:     301344 bytes,     649088 total
[2020-09-11T13:18:05.361+0000][1][gc,age       ] GC(41) - age   4:     955072 bytes,    1604160 total
[2020-09-11T13:18:05.361+0000][1][gc,age       ] GC(41) - age   5:     263232 bytes,    1867392 total
[2020-09-11T13:18:05.361+0000][1][gc,age       ] GC(41) - age   6:     296856 bytes,    2164248 total
[2020-09-11T13:18:05.361+0000][1][gc,heap      ] GC(41) ParNew: 70646K->2354K(76672K)
[2020-09-11T13:18:05.361+0000][1][gc,heap      ] GC(41) CMS: 46418K->46749K(439104K)
[2020-09-11T13:18:05.361+0000][1][gc,metaspace ] GC(41) Metaspace: 32441K->32441K(1079296K)
[2020-09-11T13:18:05.361+0000][1][gc           ] GC(41) Pause Young (Allocation Failure) 114M->47M(503M) 2.925ms
[2020-09-11T13:18:05.361+0000][1][gc,cpu       ] GC(41) User=0.00s Sys=0.00s Real=0.00s
[2020-09-11T13:18:05.361+0000][1][safepoint    ] Safepoint "GenCollectForAllocation", Time since last: 126602129 ns, Reaching safepoint: 97722 ns, At safepoint: 3148733 ns, Total: 3246455 ns
[2020-09-11T13:18:05.564+0000][1][gc,start     ] GC(42) Pause Young (Allocation Failure)
[2020-09-11T13:18:05.564+0000][1][gc,task      ] GC(42) Using 1 workers of 1 for evacuation
[2020-09-11T13:18:05.566+0000][1][gc,age       ] GC(42) Desired survivor size 4358144 bytes, new threshold 6 (max threshold 6)
[2020-09-11T13:18:05.566+0000][1][gc,age       ] GC(42) Age table with threshold 6 (max threshold 6)
[2020-09-11T13:18:05.566+0000][1][gc,age       ] GC(42) - age   1:        208 bytes,        208 total
[2020-09-11T13:18:05.566+0000][1][gc,age       ] GC(42) - age   2:        160 bytes,        368 total
[2020-09-11T13:18:05.567+0000][1][gc,age       ] GC(42) - age   3:     347352 bytes,     347720 total
[2020-09-11T13:18:05.567+0000][1][gc,age       ] GC(42) - age   4:     301344 bytes,     649064 total
[2020-09-11T13:18:05.567+0000][1][gc,age       ] GC(42) - age   5:     955072 bytes,    1604136 total
[2020-09-11T13:18:05.567+0000][1][gc,age       ] GC(42) - age   6:     263232 bytes,    1867368 total
[2020-09-11T13:18:05.567+0000][1][gc,heap      ] GC(42) ParNew: 70514K->1934K(76672K)
[2020-09-11T13:18:05.567+0000][1][gc,heap      ] GC(42) CMS: 46749K->47039K(439104K)
[2020-09-11T13:18:05.567+0000][1][gc,metaspace ] GC(42) Metaspace: 32441K->32441K(1079296K)
[2020-09-11T13:18:05.567+0000][1][gc           ] GC(42) Pause Young (Allocation Failure) 114M->47M(503M) 3.033ms
[2020-09-11T13:18:05.567+0000][1][gc,cpu       ] GC(42) User=0.00s Sys=0.00s Real=0.00s
[2020-09-11T13:18:05.571+0000][1][safepoint    ] Safepoint "GenCollectForAllocation", Time since last: 202167163 ns, Reaching safepoint: 101342 ns, At safepoint: 7895162 ns, Total: 7996504 ns
[2020-09-11T13:18:05.700+0000][1][gc,start     ] GC(43) Pause Young (Allocation Failure)
[2020-09-11T13:18:05.700+0000][1][gc,task      ] GC(43) Using 1 workers of 1 for evacuation
[2020-09-11T13:18:05.702+0000][1][gc,age       ] GC(43) Desired survivor size 4358144 bytes, new threshold 6 (max threshold 6)
[2020-09-11T13:18:05.702+0000][1][gc,age       ] GC(43) Age table with threshold 6 (max threshold 6)
[2020-09-11T13:18:05.702+0000][1][gc,age       ] GC(43) - age   1:        224 bytes,        224 total
[2020-09-11T13:18:05.702+0000][1][gc,age       ] GC(43) - age   3:        160 bytes,        384 total
[2020-09-11T13:18:05.702+0000][1][gc,age       ] GC(43) - age   4:     347352 bytes,     347736 total
[2020-09-11T13:18:05.702+0000][1][gc,age       ] GC(43) - age   5:     301344 bytes,     649080 total
[2020-09-11T13:18:05.702+0000][1][gc,age       ] GC(43) - age   6:     955072 bytes,    1604152 total
[2020-09-11T13:18:05.702+0000][1][gc,heap      ] GC(43) ParNew: 70094K->1640K(76672K)
[2020-09-11T13:18:05.702+0000][1][gc,heap      ] GC(43) CMS: 47039K->47296K(439104K)
[2020-09-11T13:18:05.702+0000][1][gc,metaspace ] GC(43) Metaspace: 32441K->32441K(1079296K)
[2020-09-11T13:18:05.703+0000][1][gc           ] GC(43) Pause Young (Allocation Failure) 114M->47M(503M) 2.959ms
[2020-09-11T13:18:05.703+0000][1][gc,cpu       ] GC(43) User=0.01s Sys=0.00s Real=0.00s
[2020-09-11T13:18:05.703+0000][1][safepoint    ] Safepoint "GenCollectForAllocation", Time since last: 128013194 ns, Reaching safepoint: 102012 ns, At safepoint: 3960596 ns, Total: 4062608 ns
[2020-09-11T13:18:05.835+0000][1][gc,start     ] GC(44) Pause Young (Allocation Failure)
[2020-09-11T13:18:05.835+0000][1][gc,task      ] GC(44) Using 1 workers of 1 for evacuation
[2020-09-11T13:18:05.838+0000][1][gc,age       ] GC(44) Desired survivor size 4358144 bytes, new threshold 6 (max threshold 6)
[2020-09-11T13:18:05.838+0000][1][gc,age       ] GC(44) Age table with threshold 6 (max threshold 6)
[2020-09-11T13:18:05.838+0000][1][gc,age       ] GC(44) - age   1:        200 bytes,        200 total
[2020-09-11T13:18:05.838+0000][1][gc,age       ] GC(44) - age   4:        160 bytes,        360 total
[2020-09-11T13:18:05.838+0000][1][gc,age       ] GC(44) - age   5:     347352 bytes,     347712 total
[2020-09-11T13:18:05.838+0000][1][gc,age       ] GC(44) - age   6:     301344 bytes,     649056 total
[2020-09-11T13:18:05.838+0000][1][gc,heap      ] GC(44) ParNew: 69800K->913K(76672K)
[2020-09-11T13:18:05.838+0000][1][gc,heap      ] GC(44) CMS: 47296K->48229K(439104K)
[2020-09-11T13:18:05.838+0000][1][gc,metaspace ] GC(44) Metaspace: 32441K->32441K(1079296K)
[2020-09-11T13:18:05.838+0000][1][gc           ] GC(44) Pause Young (Allocation Failure) 114M->47M(503M) 3.005ms
[2020-09-11T13:18:05.838+0000][1][gc,cpu       ] GC(44) User=0.00s Sys=0.00s Real=0.01s
[2020-09-11T13:18:05.843+0000][1][safepoint    ] Safepoint "GenCollectForAllocation", Time since last: 131132650 ns, Reaching safepoint: 97477 ns, At safepoint: 8704668 ns, Total: 8802145 ns
[2020-09-11T13:18:05.963+0000][1][gc,start     ] GC(45) Pause Young (Allocation Failure)
[2020-09-11T13:18:05.963+0000][1][gc,task      ] GC(45) Using 1 workers of 1 for evacuation
[2020-09-11T13:18:05.966+0000][1][gc,age       ] GC(45) Desired survivor size 4358144 bytes, new threshold 6 (max threshold 6)
[2020-09-11T13:18:05.966+0000][1][gc,age       ] GC(45) Age table with threshold 6 (max threshold 6)
[2020-09-11T13:18:05.966+0000][1][gc,age       ] GC(45) - age   1:        152 bytes,        152 total
[2020-09-11T13:18:05.966+0000][1][gc,age       ] GC(45) - age   5:        160 bytes,        312 total
[2020-09-11T13:18:05.966+0000][1][gc,age       ] GC(45) - age   6:     347352 bytes,     347664 total
[2020-09-11T13:18:05.966+0000][1][gc,heap      ] GC(45) ParNew: 69073K->703K(76672K)
[2020-09-11T13:18:05.966+0000][1][gc,heap      ] GC(45) CMS: 48229K->48523K(439104K)
[2020-09-11T13:18:05.966+0000][1][gc,metaspace ] GC(45) Metaspace: 32441K->32441K(1079296K)
[2020-09-11T13:18:05.966+0000][1][gc           ] GC(45) Pause Young (Allocation Failure) 114M->48M(503M) 3.706ms
[2020-09-11T13:18:05.966+0000][1][gc,cpu       ] GC(45) User=0.01s Sys=0.00s Real=0.01s
[2020-09-11T13:18:05.967+0000][1][safepoint    ] Safepoint "GenCollectForAllocation", Time since last: 119079220 ns, Reaching safepoint: 98177 ns, At safepoint: 4795533 ns, Total: 4893710 ns
[2020-09-11T13:18:06.094+0000][1][gc,start     ] GC(46) Pause Young (Allocation Failure)
[2020-09-11T13:18:06.094+0000][1][gc,task      ] GC(46) Using 1 workers of 1 for evacuation
[2020-09-11T13:18:06.096+0000][1][gc,age       ] GC(46) Desired survivor size 4358144 bytes, new threshold 6 (max threshold 6)
[2020-09-11T13:18:06.096+0000][1][gc,age       ] GC(46) Age table with threshold 6 (max threshold 6)
[2020-09-11T13:18:06.096+0000][1][gc,age       ] GC(46) - age   1:        184 bytes,        184 total
[2020-09-11T13:18:06.096+0000][1][gc,age       ] GC(46) - age   6:        160 bytes,        344 total
[2020-09-11T13:18:06.096+0000][1][gc,heap      ] GC(46) ParNew: 68863K->303K(76672K)
[2020-09-11T13:18:06.096+0000][1][gc,heap      ] GC(46) CMS: 48523K->48862K(439104K)
[2020-09-11T13:18:06.096+0000][1][gc,metaspace ] GC(46) Metaspace: 32441K->32441K(1079296K)
[2020-09-11T13:18:06.096+0000][1][gc           ] GC(46) Pause Young (Allocation Failure) 114M->48M(503M) 2.931ms
[2020-09-11T13:18:06.096+0000][1][gc,cpu       ] GC(46) User=0.01s Sys=0.00s Real=0.01s
[2020-09-11T13:18:06.097+0000][1][safepoint    ] Safepoint "GenCollectForAllocation", Time since last: 125976082 ns, Reaching safepoint: 152256 ns, At safepoint: 2998641 ns, Total: 3150897 ns
[2020-09-11T13:18:06.144+0000][1][gc,start     ] GC(47) Pause Young (Allocation Failure)
[2020-09-11T13:18:06.144+0000][1][gc,task      ] GC(47) Using 1 workers of 1 for evacuation
[2020-09-11T13:18:06.146+0000][1][gc,age       ] GC(47) Desired survivor size 4358144 bytes, new threshold 6 (max threshold 6)
[2020-09-11T13:18:06.146+0000][1][gc,age       ] GC(47) Age table with threshold 6 (max threshold 6)
[2020-09-11T13:18:06.146+0000][1][gc,age       ] GC(47) - age   1:         64 bytes,         64 total
[2020-09-11T13:18:06.146+0000][1][gc,heap      ] GC(47) ParNew: 68463K->75K(76672K)
[2020-09-11T13:18:06.146+0000][1][gc,heap      ] GC(47) CMS: 48862K->48863K(439104K)
[2020-09-11T13:18:06.146+0000][1][gc,metaspace ] GC(47) Metaspace: 32441K->32441K(1079296K)
[2020-09-11T13:18:06.146+0000][1][gc           ] GC(47) Pause Young (Allocation Failure) 114M->47M(503M) 2.847ms
[2020-09-11T13:18:06.146+0000][1][gc,cpu       ] GC(47) User=0.00s Sys=0.00s Real=0.00s
[2020-09-11T13:18:06.146+0000][1][safepoint    ] Safepoint "GenCollectForAllocation", Time since last: 46871577 ns, Reaching safepoint: 147118 ns, At safepoint: 2899795 ns, Total: 3046913 ns
[2020-09-11T13:18:06.198+0000][1][gc,start     ] GC(48) Pause Young (Allocation Failure)
[2020-09-11T13:18:06.198+0000][1][gc,task      ] GC(48) Using 1 workers of 1 for evacuation
[2020-09-11T13:18:06.203+0000][1][gc,age       ] GC(48) Desired survivor size 4358144 bytes, new threshold 6 (max threshold 6)
[2020-09-11T13:18:06.203+0000][1][gc,age       ] GC(48) Age table with threshold 6 (max threshold 6)
[2020-09-11T13:18:06.203+0000][1][gc,age       ] GC(48) - age   1:        104 bytes,        104 total
[2020-09-11T13:18:06.203+0000][1][gc,heap      ] GC(48) ParNew: 68235K->18K(76672K)
[2020-09-11T13:18:06.204+0000][1][gc,heap      ] GC(48) CMS: 48863K->48863K(439104K)
[2020-09-11T13:18:06.204+0000][1][gc,metaspace ] GC(48) Metaspace: 32441K->32441K(1079296K)
[2020-09-11T13:18:06.204+0000][1][gc           ] GC(48) Pause Young (Allocation Failure) 114M->47M(503M) 5.163ms
[2020-09-11T13:18:06.204+0000][1][gc,cpu       ] GC(48) User=0.00s Sys=0.00s Real=0.01s
[2020-09-11T13:18:06.204+0000][1][safepoint    ] Safepoint "GenCollectForAllocation", Time since last: 51795908 ns, Reaching safepoint: 112122 ns, At safepoint: 5222646 ns, Total: 5334768 ns
[2020-09-11T13:18:06.251+0000][1][gc,start     ] GC(49) Pause Young (Allocation Failure)
[2020-09-11T13:18:06.251+0000][1][gc,task      ] GC(49) Using 1 workers of 1 for evacuation
[2020-09-11T13:18:06.254+0000][1][gc,age       ] GC(49) Desired survivor size 4358144 bytes, new threshold 6 (max threshold 6)
[2020-09-11T13:18:06.254+0000][1][gc,age       ] GC(49) Age table with threshold 6 (max threshold 6)
[2020-09-11T13:18:06.254+0000][1][gc,age       ] GC(49) - age   1:        240 bytes,        240 total
[2020-09-11T13:18:06.254+0000][1][gc,heap      ] GC(49) ParNew: 68178K->4K(76672K)
[2020-09-11T13:18:06.254+0000][1][gc,heap      ] GC(49) CMS: 48863K->48863K(439104K)
[2020-09-11T13:18:06.254+0000][1][gc,metaspace ] GC(49) Metaspace: 32441K->32441K(1079296K)
[2020-09-11T13:18:06.254+0000][1][gc           ] GC(49) Pause Young (Allocation Failure) 114M->47M(503M) 2.787ms
[2020-09-11T13:18:06.254+0000][1][gc,cpu       ] GC(49) User=0.00s Sys=0.00s Real=0.00s
[2020-09-11T13:18:06.254+0000][1][safepoint    ] Safepoint "GenCollectForAllocation", Time since last: 47652098 ns, Reaching safepoint: 157110 ns, At safepoint: 2843731 ns, Total: 3000841 ns
[2020-09-11T13:18:06.844+0000][1][gc,start     ] GC(50) Pause Young (Allocation Failure)
[2020-09-11T13:18:06.844+0000][1][gc,task      ] GC(50) Using 1 workers of 1 for evacuation
[2020-09-11T13:18:06.846+0000][1][gc,age       ] GC(50) Desired survivor size 4358144 bytes, new threshold 6 (max threshold 6)
[2020-09-11T13:18:06.846+0000][1][gc,age       ] GC(50) Age table with threshold 6 (max threshold 6)
[2020-09-11T13:18:06.846+0000][1][gc,age       ] GC(50) - age   1:     134040 bytes,     134040 total
[2020-09-11T13:18:06.846+0000][1][gc,heap      ] GC(50) ParNew: 68164K->131K(76672K)
[2020-09-11T13:18:06.846+0000][1][gc,heap      ] GC(50) CMS: 48863K->48863K(439104K)
[2020-09-11T13:18:06.846+0000][1][gc,metaspace ] GC(50) Metaspace: 32443K->32443K(1079296K)
[2020-09-11T13:18:06.846+0000][1][gc           ] GC(50) Pause Young (Allocation Failure) 114M->47M(503M) 2.523ms
[2020-09-11T13:18:06.846+0000][1][gc,cpu       ] GC(50) User=0.01s Sys=0.00s Real=0.00s
[2020-09-11T13:18:06.846+0000][1][safepoint    ] Safepoint "GenCollectForAllocation", Time since last: 589185712 ns, Reaching safepoint: 108214 ns, At safepoint: 2591809 ns, Total: 2700023 ns
[2020-09-11T13:18:07.020+0000][1][gc,start     ] GC(51) Pause Young (Allocation Failure)
[2020-09-11T13:18:07.020+0000][1][gc,task      ] GC(51) Using 1 workers of 1 for evacuation
[2020-09-11T13:18:07.024+0000][1][gc,age       ] GC(51) Desired survivor size 4358144 bytes, new threshold 6 (max threshold 6)
[2020-09-11T13:18:07.024+0000][1][gc,age       ] GC(51) Age table with threshold 6 (max threshold 6)
[2020-09-11T13:18:07.024+0000][1][gc,age       ] GC(51) - age   1:     545656 bytes,     545656 total
[2020-09-11T13:18:07.024+0000][1][gc,age       ] GC(51) - age   2:      83488 bytes,     629144 total
[2020-09-11T13:18:07.024+0000][1][gc,heap      ] GC(51) ParNew: 68291K->636K(76672K)
[2020-09-11T13:18:07.024+0000][1][gc,heap      ] GC(51) CMS: 48863K->48863K(439104K)
[2020-09-11T13:18:07.024+0000][1][gc,metaspace ] GC(51) Metaspace: 32443K->32443K(1079296K)
[2020-09-11T13:18:07.024+0000][1][gc           ] GC(51) Pause Young (Allocation Failure) 114M->48M(503M) 3.628ms
[2020-09-11T13:18:07.024+0000][1][gc,cpu       ] GC(51) User=0.01s Sys=0.00s Real=0.01s
[2020-09-11T13:18:07.024+0000][1][safepoint    ] Safepoint "GenCollectForAllocation", Time since last: 173702084 ns, Reaching safepoint: 153427 ns, At safepoint: 3678620 ns, Total: 3832047 ns
[2020-09-11T13:18:07.139+0000][1][gc,start     ] GC(52) Pause Young (Allocation Failure)
[2020-09-11T13:18:07.139+0000][1][gc,task      ] GC(52) Using 1 workers of 1 for evacuation
[2020-09-11T13:18:07.141+0000][1][gc,age       ] GC(52) Desired survivor size 4358144 bytes, new threshold 6 (max threshold 6)
[2020-09-11T13:18:07.141+0000][1][gc,age       ] GC(52) Age table with threshold 6 (max threshold 6)
[2020-09-11T13:18:07.141+0000][1][gc,age       ] GC(52) - age   1:     643520 bytes,     643520 total
[2020-09-11T13:18:07.141+0000][1][gc,age       ] GC(52) - age   2:     374824 bytes,    1018344 total
[2020-09-11T13:18:07.141+0000][1][gc,age       ] GC(52) - age   3:      82864 bytes,    1101208 total
[2020-09-11T13:18:07.141+0000][1][gc,heap      ] GC(52) ParNew: 68796K->1104K(76672K)
[2020-09-11T13:18:07.141+0000][1][gc,heap      ] GC(52) CMS: 48863K->48863K(439104K)
[2020-09-11T13:18:07.141+0000][1][gc,metaspace ] GC(52) Metaspace: 32443K->32443K(1079296K)
[2020-09-11T13:18:07.141+0000][1][gc           ] GC(52) Pause Young (Allocation Failure) 114M->48M(503M) 2.832ms
[2020-09-11T13:18:07.141+0000][1][gc,cpu       ] GC(52) User=0.01s Sys=0.00s Real=0.00s
[2020-09-11T13:18:07.141+0000][1][safepoint    ] Safepoint "GenCollectForAllocation", Time since last: 114701528 ns, Reaching safepoint: 181975 ns, At safepoint: 2888670 ns, Total: 3070645 ns
[2020-09-11T13:18:07.255+0000][1][gc,start     ] GC(53) Pause Young (Allocation Failure)
[2020-09-11T13:18:07.255+0000][1][gc,task      ] GC(53) Using 1 workers of 1 for evacuation
[2020-09-11T13:18:07.257+0000][1][gc,age       ] GC(53) Desired survivor size 4358144 bytes, new threshold 6 (max threshold 6)
[2020-09-11T13:18:07.257+0000][1][gc,age       ] GC(53) Age table with threshold 6 (max threshold 6)
[2020-09-11T13:18:07.257+0000][1][gc,age       ] GC(53) - age   1:     311192 bytes,     311192 total
[2020-09-11T13:18:07.257+0000][1][gc,age       ] GC(53) - age   2:     629648 bytes,     940840 total
[2020-09-11T13:18:07.257+0000][1][gc,age       ] GC(53) - age   3:     374088 bytes,    1314928 total
[2020-09-11T13:18:07.257+0000][1][gc,age       ] GC(53) - age   4:      82224 bytes,    1397152 total
[2020-09-11T13:18:07.257+0000][1][gc,heap      ] GC(53) ParNew: 69264K->1409K(76672K)
[2020-09-11T13:18:07.257+0000][1][gc,heap      ] GC(53) CMS: 48863K->48863K(439104K)
[2020-09-11T13:18:07.257+0000][1][gc,metaspace ] GC(53) Metaspace: 32443K->32443K(1079296K)
[2020-09-11T13:18:07.258+0000][1][gc           ] GC(53) Pause Young (Allocation Failure) 115M->49M(503M) 2.901ms
[2020-09-11T13:18:07.258+0000][1][gc,cpu       ] GC(53) User=0.00s Sys=0.00s Real=0.01s
[2020-09-11T13:18:07.258+0000][1][safepoint    ] Safepoint "GenCollectForAllocation", Time since last: 113025029 ns, Reaching safepoint: 144049 ns, At safepoint: 2971263 ns, Total: 3115312 ns
[2020-09-11T13:18:07.382+0000][1][gc,start     ] GC(54) Pause Young (Allocation Failure)
[2020-09-11T13:18:07.383+0000][1][gc,task      ] GC(54) Using 1 workers of 1 for evacuation
[2020-09-11T13:18:07.386+0000][1][gc,age       ] GC(54) Desired survivor size 4358144 bytes, new threshold 6 (max threshold 6)
[2020-09-11T13:18:07.386+0000][1][gc,age       ] GC(54) Age table with threshold 6 (max threshold 6)
[2020-09-11T13:18:07.386+0000][1][gc,age       ] GC(54) - age   1:     964136 bytes,     964136 total
[2020-09-11T13:18:07.386+0000][1][gc,age       ] GC(54) - age   2:     299280 bytes,    1263416 total
[2020-09-11T13:18:07.386+0000][1][gc,age       ] GC(54) - age   3:     300960 bytes,    1564376 total
[2020-09-11T13:18:07.386+0000][1][gc,age       ] GC(54) - age   4:     374088 bytes,    1938464 total
[2020-09-11T13:18:07.386+0000][1][gc,age       ] GC(54) - age   5:      82064 bytes,    2020528 total
[2020-09-11T13:18:07.386+0000][1][gc,heap      ] GC(54) ParNew: 69569K->1991K(76672K)
[2020-09-11T13:18:07.386+0000][1][gc,heap      ] GC(54) CMS: 48863K->48863K(439104K)
[2020-09-11T13:18:07.386+0000][1][gc,metaspace ] GC(54) Metaspace: 32443K->32443K(1079296K)
[2020-09-11T13:18:07.386+0000][1][gc           ] GC(54) Pause Young (Allocation Failure) 115M->49M(503M) 3.588ms
[2020-09-11T13:18:07.386+0000][1][gc,cpu       ] GC(54) User=0.00s Sys=0.00s Real=0.01s
[2020-09-11T13:18:07.386+0000][1][safepoint    ] Safepoint "GenCollectForAllocation", Time since last: 124756424 ns, Reaching safepoint: 152619 ns, At safepoint: 3653226 ns, Total: 3805845 ns
[2020-09-11T13:18:07.582+0000][1][gc,start     ] GC(55) Pause Young (Allocation Failure)
[2020-09-11T13:18:07.582+0000][1][gc,task      ] GC(55) Using 1 workers of 1 for evacuation
[2020-09-11T13:18:07.585+0000][1][gc,age       ] GC(55) Desired survivor size 4358144 bytes, new threshold 6 (max threshold 6)
[2020-09-11T13:18:07.585+0000][1][gc,age       ] GC(55) Age table with threshold 6 (max threshold 6)
[2020-09-11T13:18:07.585+0000][1][gc,age       ] GC(55) - age   1:     313824 bytes,     313824 total
[2020-09-11T13:18:07.585+0000][1][gc,age       ] GC(55) - age   2:     952336 bytes,    1266160 total
[2020-09-11T13:18:07.585+0000][1][gc,age       ] GC(55) - age   3:     298208 bytes,    1564368 total
[2020-09-11T13:18:07.585+0000][1][gc,age       ] GC(55) - age   4:     297424 bytes,    1861792 total
[2020-09-11T13:18:07.585+0000][1][gc,age       ] GC(55) - age   5:     373832 bytes,    2235624 total
[2020-09-11T13:18:07.585+0000][1][gc,age       ] GC(55) - age   6:      82040 bytes,    2317664 total
[2020-09-11T13:18:07.585+0000][1][gc,heap      ] GC(55) ParNew: 70151K->2291K(76672K)
[2020-09-11T13:18:07.585+0000][1][gc,heap      ] GC(55) CMS: 48863K->48863K(439104K)
[2020-09-11T13:18:07.585+0000][1][gc,metaspace ] GC(55) Metaspace: 32443K->32443K(1079296K)
[2020-09-11T13:18:07.585+0000][1][gc           ] GC(55) Pause Young (Allocation Failure) 116M->49M(503M) 3.061ms
[2020-09-11T13:18:07.585+0000][1][gc,cpu       ] GC(55) User=0.00s Sys=0.00s Real=0.01s
[2020-09-11T13:18:07.585+0000][1][safepoint    ] Safepoint "GenCollectForAllocation", Time since last: 195821555 ns, Reaching safepoint: 145651 ns, At safepoint: 3255866 ns, Total: 3401517 ns
[2020-09-11T13:18:08.000+0000][1][safepoint    ] Safepoint "Deoptimize", Time since last: 413805477 ns, Reaching safepoint: 122545 ns, At safepoint: 322121 ns, Total: 444666 ns
[2020-09-11T13:18:08.100+0000][1][safepoint    ] Safepoint "ICBufferFull", Time since last: 99822409 ns, Reaching safepoint: 204902 ns, At safepoint: 7910 ns, Total: 212812 ns
[2020-09-11T13:18:08.143+0000][1][safepoint    ] Safepoint "CollectForMetadataAllocation", Time since last: 42995414 ns, Reaching safepoint: 118703 ns, At safepoint: 131587 ns, Total: 250290 ns
[2020-09-11T13:18:08.172+0000][1][safepoint    ] Safepoint "CollectForMetadataAllocation", Time since last: 28548343 ns, Reaching safepoint: 106402 ns, At safepoint: 130735 ns, Total: 237137 ns
[2020-09-11T13:18:08.220+0000][1][safepoint    ] Safepoint "CollectForMetadataAllocation", Time since last: 47742224 ns, Reaching safepoint: 100328 ns, At safepoint: 111214 ns, Total: 211542 ns
[2020-09-11T13:18:08.240+0000][1][safepoint    ] Safepoint "CollectForMetadataAllocation", Time since last: 20141922 ns, Reaching safepoint: 94909 ns, At safepoint: 121568 ns, Total: 216477 ns
[2020-09-11T13:18:08.272+0000][1][safepoint    ] Safepoint "CollectForMetadataAllocation", Time since last: 31435353 ns, Reaching safepoint: 98177 ns, At safepoint: 120688 ns, Total: 218865 ns
[2020-09-11T13:18:08.322+0000][1][safepoint    ] Safepoint "CollectForMetadataAllocation", Time since last: 50447336 ns, Reaching safepoint: 99855 ns, At safepoint: 107113 ns, Total: 206968 ns
[2020-09-11T13:18:08.344+0000][1][gc,start     ] GC(56) Pause Young (Allocation Failure)
[2020-09-11T13:18:08.344+0000][1][gc,task      ] GC(56) Using 1 workers of 1 for evacuation
[2020-09-11T13:18:08.360+0000][1][gc,age       ] GC(56) Desired survivor size 4358144 bytes, new threshold 6 (max threshold 6)
[2020-09-11T13:18:08.360+0000][1][gc,age       ] GC(56) Age table with threshold 6 (max threshold 6)
[2020-09-11T13:18:08.360+0000][1][gc,age       ] GC(56) - age   1:    1487160 bytes,    1487160 total
[2020-09-11T13:18:08.360+0000][1][gc,age       ] GC(56) - age   2:     301760 bytes,    1788920 total
[2020-09-11T13:18:08.360+0000][1][gc,age       ] GC(56) - age   3:     951640 bytes,    2740560 total
[2020-09-11T13:18:08.360+0000][1][gc,age       ] GC(56) - age   4:     297792 bytes,    3038352 total
[2020-09-11T13:18:08.360+0000][1][gc,age       ] GC(56) - age   5:     297304 bytes,    3335656 total
[2020-09-11T13:18:08.360+0000][1][gc,age       ] GC(56) - age   6:     373832 bytes,    3709488 total
[2020-09-11T13:18:08.360+0000][1][gc,heap      ] GC(56) ParNew: 70451K->3672K(76672K)
[2020-09-11T13:18:08.361+0000][1][gc,heap      ] GC(56) CMS: 48863K->48940K(439104K)
[2020-09-11T13:18:08.361+0000][1][gc,metaspace ] GC(56) Metaspace: 36217K->36217K(1083392K)
[2020-09-11T13:18:08.361+0000][1][gc           ] GC(56) Pause Young (Allocation Failure) 116M->51M(503M) 16.628ms
[2020-09-11T13:18:08.361+0000][1][gc,cpu       ] GC(56) User=0.01s Sys=0.00s Real=0.01s
[2020-09-11T13:18:08.361+0000][1][safepoint    ] Safepoint "GenCollectForAllocation", Time since last: 21493269 ns, Reaching safepoint: 107443 ns, At safepoint: 16687350 ns, Total: 16794793 ns
[2020-09-11T13:18:08.365+0000][1][gc,start     ] GC(57) Pause Initial Mark
[2020-09-11T13:18:08.367+0000][1][gc           ] GC(57) Pause Initial Mark 54M->54M(503M) 2.381ms
[2020-09-11T13:18:08.367+0000][1][gc,cpu       ] GC(57) User=0.00s Sys=0.00s Real=0.00s
[2020-09-11T13:18:08.375+0000][1][safepoint    ] Safepoint "CMS_Initial_Mark", Time since last: 4131453 ns, Reaching safepoint: 91163 ns, At safepoint: 10622234 ns, Total: 10713397 ns
[2020-09-11T13:18:08.375+0000][1][gc           ] GC(57) Concurrent Mark
[2020-09-11T13:18:08.499+0000][1][gc           ] GC(57) Concurrent Mark 123.317ms
[2020-09-11T13:18:08.499+0000][1][gc,cpu       ] GC(57) User=0.12s Sys=0.00s Real=0.12s
[2020-09-11T13:18:08.499+0000][1][gc           ] GC(57) Concurrent Preclean
[2020-09-11T13:18:08.508+0000][1][gc           ] GC(57) Concurrent Preclean 8.728ms
[2020-09-11T13:18:08.508+0000][1][gc,cpu       ] GC(57) User=0.01s Sys=0.00s Real=0.01s
[2020-09-11T13:18:08.508+0000][1][gc           ] GC(57) Concurrent Abortable Preclean
[2020-09-11T13:18:08.546+0000][1][gc,start     ] GC(58) Pause Young (Allocation Failure)
[2020-09-11T13:18:08.546+0000][1][gc,task      ] GC(58) Using 1 workers of 1 for evacuation
[2020-09-11T13:18:08.556+0000][1][gc,age       ] GC(58) Desired survivor size 4358144 bytes, new threshold 6 (max threshold 6)
[2020-09-11T13:18:08.556+0000][1][gc,age       ] GC(58) Age table with threshold 6 (max threshold 6)
[2020-09-11T13:18:08.556+0000][1][gc,age       ] GC(58) - age   1:      59096 bytes,      59096 total
[2020-09-11T13:18:08.556+0000][1][gc,age       ] GC(58) - age   2:    1460296 bytes,    1519392 total
[2020-09-11T13:18:08.556+0000][1][gc,age       ] GC(58) - age   3:     301760 bytes,    1821152 total
[2020-09-11T13:18:08.556+0000][1][gc,age       ] GC(58) - age   4:     951640 bytes,    2772792 total
[2020-09-11T13:18:08.556+0000][1][gc,age       ] GC(58) - age   5:     297792 bytes,    3070584 total
[2020-09-11T13:18:08.556+0000][1][gc,age       ] GC(58) - age   6:     297304 bytes,    3367888 total
[2020-09-11T13:18:08.556+0000][1][gc,heap      ] GC(58) ParNew: 71832K->4052K(76672K)
[2020-09-11T13:18:08.556+0000][1][gc,heap      ] GC(58) CMS: 48940K->49305K(439104K)
[2020-09-11T13:18:08.556+0000][1][gc,metaspace ] GC(58) Metaspace: 36221K->36221K(1083392K)
[2020-09-11T13:18:08.556+0000][1][gc           ] GC(58) Pause Young (Allocation Failure) 117M->52M(503M) 9.631ms
[2020-09-11T13:18:08.556+0000][1][gc,cpu       ] GC(58) User=0.01s Sys=0.00s Real=0.01s
[2020-09-11T13:18:08.559+0000][1][safepoint    ] Safepoint "GenCollectForAllocation", Time since last: 170766467 ns, Reaching safepoint: 98666 ns, At safepoint: 13189778 ns, Total: 13288444 ns
[2020-09-11T13:18:08.725+0000][1][safepoint    ] Safepoint "CollectForMetadataAllocation", Time since last: 157261695 ns, Reaching safepoint: 8289309 ns, At safepoint: 114153 ns, Total: 8403462 ns
[2020-09-11T13:18:08.970+0000][1][gc           ] GC(57) Concurrent Abortable Preclean 462.083ms
[2020-09-11T13:18:08.979+0000][1][gc,cpu       ] GC(57) User=0.45s Sys=0.02s Real=0.47s
[2020-09-11T13:18:08.980+0000][1][gc,start     ] GC(57) Pause Remark
[2020-09-11T13:18:09.006+0000][1][gc           ] GC(57) Pause Remark 88M->88M(503M) 26.470ms
[2020-09-11T13:18:09.006+0000][1][gc,cpu       ] GC(57) User=0.03s Sys=0.00s Real=0.03s
[2020-09-11T13:18:09.024+0000][1][safepoint    ] Safepoint "CMS_Final_Remark", Time since last: 254342455 ns, Reaching safepoint: 118950 ns, At safepoint: 43963998 ns, Total: 44082948 ns
[2020-09-11T13:18:09.024+0000][1][gc           ] GC(57) Concurrent Sweep
[2020-09-11T13:18:09.030+0000][1][safepoint    ] Safepoint "CollectForMetadataAllocation", Time since last: 3940537 ns, Reaching safepoint: 2484572 ns, At safepoint: 12268 ns, Total: 2496840 ns
[2020-09-11T13:18:09.053+0000][1][gc           ] GC(57) Concurrent Sweep 29.420ms
[2020-09-11T13:18:09.053+0000][1][gc,cpu       ] GC(57) User=0.03s Sys=0.00s Real=0.02s
[2020-09-11T13:18:09.053+0000][1][gc           ] GC(57) Concurrent Reset
[2020-09-11T13:18:09.054+0000][1][gc           ] GC(57) Concurrent Reset 0.604ms
[2020-09-11T13:18:09.054+0000][1][gc,cpu       ] GC(57) User=0.00s Sys=0.00s Real=0.00s
[2020-09-11T13:18:09.054+0000][1][gc,heap      ] GC(57) Old: 48940K->48217K(439104K)
[2020-09-11T13:18:09.064+0000][1][safepoint    ] Safepoint "RevokeBias", Time since last: 33412278 ns, Reaching safepoint: 100534 ns, At safepoint: 34003 ns, Total: 134537 ns
[2020-09-11T13:18:09.809+0000][1][gc,start     ] GC(59) Pause Young (Allocation Failure)
[2020-09-11T13:18:09.809+0000][1][gc,task      ] GC(59) Using 1 workers of 1 for evacuation
[2020-09-11T13:18:09.827+0000][1][gc,age       ] GC(59) Desired survivor size 4358144 bytes, new threshold 4 (max threshold 6)
[2020-09-11T13:18:09.827+0000][1][gc,age       ] GC(59) Age table with threshold 4 (max threshold 6)
[2020-09-11T13:18:09.827+0000][1][gc,age       ] GC(59) - age   1:    2716296 bytes,    2716296 total
[2020-09-11T13:18:09.827+0000][1][gc,age       ] GC(59) - age   2:      58936 bytes,    2775232 total
[2020-09-11T13:18:09.827+0000][1][gc,age       ] GC(59) - age   3:    1414256 bytes,    4189488 total
[2020-09-11T13:18:09.827+0000][1][gc,age       ] GC(59) - age   4:     301760 bytes,    4491248 total
[2020-09-11T13:18:09.827+0000][1][gc,age       ] GC(59) - age   5:     951640 bytes,    5442888 total
[2020-09-11T13:18:09.827+0000][1][gc,age       ] GC(59) - age   6:     297792 bytes,    5740680 total
[2020-09-11T13:18:09.827+0000][1][gc,heap      ] GC(59) ParNew: 72212K->8159K(76672K)
[2020-09-11T13:18:09.827+0000][1][gc,heap      ] GC(59) CMS: 48217K->48508K(439104K)
[2020-09-11T13:18:09.827+0000][1][gc,metaspace ] GC(59) Metaspace: 42349K->42349K(1089536K)
[2020-09-11T13:18:09.827+0000][1][gc           ] GC(59) Pause Young (Allocation Failure) 117M->55M(503M) 18.215ms
[2020-09-11T13:18:09.827+0000][1][gc,cpu       ] GC(59) User=0.02s Sys=0.00s Real=0.02s
[2020-09-11T13:18:09.831+0000][1][safepoint    ] Safepoint "GenCollectForAllocation", Time since last: 744833317 ns, Reaching safepoint: 143253 ns, At safepoint: 22908283 ns, Total: 23051536 ns
[2020-09-11T13:18:10.392+0000][1][safepoint    ] Safepoint "RevokeBias", Time since last: 560238300 ns, Reaching safepoint: 122132 ns, At safepoint: 33522 ns, Total: 155654 ns
[2020-09-11T13:18:10.392+0000][1][safepoint    ] Safepoint "RevokeBias", Time since last: 81185 ns, Reaching safepoint: 82841 ns, At safepoint: 25251 ns, Total: 108092 ns
[2020-09-11T13:18:10.392+0000][1][safepoint    ] Safepoint "RevokeBias", Time since last: 92469 ns, Reaching safepoint: 81964 ns, At safepoint: 21397 ns, Total: 103361 ns
[2020-09-11T13:18:11.392+0000][1][safepoint    ] Safepoint "Cleanup", Time since last: 1000081079 ns, Reaching safepoint: 113184 ns, At safepoint: 6262 ns, Total: 119446 ns
[2020-09-11T13:18:12.393+0000][1][safepoint    ] Safepoint "Cleanup", Time since last: 1000116603 ns, Reaching safepoint: 110564 ns, At safepoint: 5839 ns, Total: 116403 ns
[2020-09-11T13:18:13.384+0000][1][gc,start     ] GC(60) Pause Young (Allocation Failure)
[2020-09-11T13:18:13.384+0000][1][gc,task      ] GC(60) Using 1 workers of 1 for evacuation
[2020-09-11T13:18:13.413+0000][1][gc,age       ] GC(60) Desired survivor size 4358144 bytes, new threshold 2 (max threshold 6)
[2020-09-11T13:18:13.413+0000][1][gc,age       ] GC(60) Age table with threshold 2 (max threshold 6)
[2020-09-11T13:18:13.413+0000][1][gc,age       ] GC(60) - age   1:    2683096 bytes,    2683096 total
[2020-09-11T13:18:13.413+0000][1][gc,age       ] GC(60) - age   2:    2644016 bytes,    5327112 total
[2020-09-11T13:18:13.413+0000][1][gc,age       ] GC(60) - age   3:      58936 bytes,    5386048 total
[2020-09-11T13:18:13.413+0000][1][gc,age       ] GC(60) - age   4:    1412504 bytes,    6798552 total
[2020-09-11T13:18:13.413+0000][1][gc,heap      ] GC(60) ParNew: 76319K->8512K(76672K)
[2020-09-11T13:18:13.413+0000][1][gc,heap      ] GC(60) CMS: 48508K->50022K(439104K)
[2020-09-11T13:18:13.413+0000][1][gc,metaspace ] GC(60) Metaspace: 47691K->47691K(1093632K)
[2020-09-11T13:18:13.413+0000][1][gc           ] GC(60) Pause Young (Allocation Failure) 121M->57M(503M) 29.632ms
[2020-09-11T13:18:13.413+0000][1][gc,cpu       ] GC(60) User=0.03s Sys=0.00s Real=0.02s
[2020-09-11T13:18:13.419+0000][1][safepoint    ] Safepoint "GenCollectForAllocation", Time since last: 990776551 ns, Reaching safepoint: 167257 ns, At safepoint: 35862138 ns, Total: 36029395 ns
[2020-09-11T13:18:13.512+0000][1][safepoint    ] Safepoint "RevokeBias", Time since last: 91957441 ns, Reaching safepoint: 109471 ns, At safepoint: 58741 ns, Total: 168212 ns
[2020-09-11T13:18:13.520+0000][1][safepoint    ] Safepoint "RevokeBias", Time since last: 7828871 ns, Reaching safepoint: 100696 ns, At safepoint: 33027 ns, Total: 133723 ns
[2020-09-11T13:18:13.782+0000][1][safepoint    ] Safepoint "RevokeBias", Time since last: 262070141 ns, Reaching safepoint: 410792 ns, At safepoint: 25127 ns, Total: 435919 ns
[2020-09-11T13:18:13.782+0000][1][safepoint    ] Safepoint "RevokeBias", Time since last: 68650 ns, Reaching safepoint: 80967 ns, At safepoint: 16208 ns, Total: 97175 ns
[2020-09-11T13:18:13.782+0000][1][safepoint    ] Safepoint "RevokeBias", Time since last: 146474 ns, Reaching safepoint: 82407 ns, At safepoint: 14970 ns, Total: 97377 ns
[2020-09-11T13:18:13.783+0000][1][safepoint    ] Safepoint "RevokeBias", Time since last: 36532 ns, Reaching safepoint: 79598 ns, At safepoint: 14214 ns, Total: 93812 ns
[2020-09-11T13:18:13.855+0000][1][safepoint    ] Safepoint "RevokeBias", Time since last: 72163385 ns, Reaching safepoint: 108504 ns, At safepoint: 29253 ns, Total: 137757 ns
[2020-09-11T13:18:13.856+0000][1][safepoint    ] Safepoint "RevokeBias", Time since last: 606608 ns, Reaching safepoint: 87339 ns, At safepoint: 23593 ns, Total: 110932 ns
[2020-09-11T13:18:13.856+0000][1][safepoint    ] Safepoint "RevokeBias", Time since last: 106371 ns, Reaching safepoint: 83190 ns, At safepoint: 21345 ns, Total: 104535 ns
[2020-09-11T13:18:13.857+0000][1][safepoint    ] Safepoint "RevokeBias", Time since last: 764440 ns, Reaching safepoint: 86282 ns, At safepoint: 22002 ns, Total: 108284 ns
[2020-09-11T13:18:13.857+0000][1][safepoint    ] Safepoint "RevokeBias", Time since last: 342275 ns, Reaching safepoint: 83790 ns, At safepoint: 26640 ns, Total: 110430 ns
[2020-09-11T13:18:13.860+0000][1][safepoint    ] Safepoint "RevokeBias", Time since last: 2268423 ns, Reaching safepoint: 233291 ns, At safepoint: 31356 ns, Total: 264647 ns
[2020-09-11T13:18:13.860+0000][1][safepoint    ] Safepoint "RevokeBias", Time since last: 53238 ns, Reaching safepoint: 150745 ns, At safepoint: 25201 ns, Total: 175946 ns
[2020-09-11T13:18:13.860+0000][1][safepoint    ] Safepoint "RevokeBias", Time since last: 33326 ns, Reaching safepoint: 81102 ns, At safepoint: 21365 ns, Total: 102467 ns
[2020-09-11T13:18:13.860+0000][1][safepoint    ] Safepoint "RevokeBias", Time since last: 31481 ns, Reaching safepoint: 80711 ns, At safepoint: 19860 ns, Total: 100571 ns
[2020-09-11T13:18:13.860+0000][1][safepoint    ] Safepoint "RevokeBias", Time since last: 30781 ns, Reaching safepoint: 81685 ns, At safepoint: 21517 ns, Total: 103202 ns
[2020-09-11T13:18:13.860+0000][1][safepoint    ] Safepoint "RevokeBias", Time since last: 35399 ns, Reaching safepoint: 81736 ns, At safepoint: 21569 ns, Total: 103305 ns
[2020-09-11T13:18:13.861+0000][1][safepoint    ] Safepoint "RevokeBias", Time since last: 32550 ns, Reaching safepoint: 82509 ns, At safepoint: 21323 ns, Total: 103832 ns
[2020-09-11T13:18:13.861+0000][1][safepoint    ] Safepoint "RevokeBias", Time since last: 30080 ns, Reaching safepoint: 82224 ns, At safepoint: 26953 ns, Total: 109177 ns
[2020-09-11T13:18:13.861+0000][1][safepoint    ] Safepoint "RevokeBias", Time since last: 30289 ns, Reaching safepoint: 81131 ns, At safepoint: 21759 ns, Total: 102890 ns
[2020-09-11T13:18:13.861+0000][1][safepoint    ] Safepoint "RevokeBias", Time since last: 29790 ns, Reaching safepoint: 80342 ns, At safepoint: 20728 ns, Total: 101070 ns
[2020-09-11T13:18:13.861+0000][1][safepoint    ] Safepoint "RevokeBias", Time since last: 31987 ns, Reaching safepoint: 80965 ns, At safepoint: 20881 ns, Total: 101846 ns
[2020-09-11T13:18:13.861+0000][1][safepoint    ] Safepoint "RevokeBias", Time since last: 29394 ns, Reaching safepoint: 81573 ns, At safepoint: 25135 ns, Total: 106708 ns
[2020-09-11T13:18:13.861+0000][1][safepoint    ] Safepoint "RevokeBias", Time since last: 75948 ns, Reaching safepoint: 85746 ns, At safepoint: 27038 ns, Total: 112784 ns
[2020-09-11T13:18:13.862+0000][1][safepoint    ] Safepoint "RevokeBias", Time since last: 37981 ns, Reaching safepoint: 83540 ns, At safepoint: 25815 ns, Total: 109355 ns
[2020-09-11T13:18:13.863+0000][1][safepoint    ] Safepoint "RevokeBias", Time since last: 1229302 ns, Reaching safepoint: 123968 ns, At safepoint: 17613 ns, Total: 141581 ns
[2020-09-11T13:18:13.863+0000][1][safepoint    ] Safepoint "RevokeBias", Time since last: 78064 ns, Reaching safepoint: 82200 ns, At safepoint: 20398 ns, Total: 102598 ns
[2020-09-11T13:18:13.864+0000][1][safepoint    ] Safepoint "RevokeBias", Time since last: 137014 ns, Reaching safepoint: 85262 ns, At safepoint: 137076 ns, Total: 222338 ns
[2020-09-11T13:18:13.864+0000][1][safepoint    ] Safepoint "RevokeBias", Time since last: 80743 ns, Reaching safepoint: 81042 ns, At safepoint: 17415 ns, Total: 98457 ns
[2020-09-11T13:18:13.864+0000][1][safepoint    ] Safepoint "RevokeBias", Time since last: 30306 ns, Reaching safepoint: 79998 ns, At safepoint: 19962 ns, Total: 99960 ns
[2020-09-11T13:18:13.864+0000][1][safepoint    ] Safepoint "RevokeBias", Time since last: 39918 ns, Reaching safepoint: 79942 ns, At safepoint: 18841 ns, Total: 98783 ns
[2020-09-11T13:18:13.864+0000][1][safepoint    ] Safepoint "RevokeBias", Time since last: 28625 ns, Reaching safepoint: 79251 ns, At safepoint: 18048 ns, Total: 97299 ns
[2020-09-11T13:18:13.864+0000][1][safepoint    ] Safepoint "RevokeBias", Time since last: 28212 ns, Reaching safepoint: 80088 ns, At safepoint: 18664 ns, Total: 98752 ns
[2020-09-11T13:18:13.864+0000][1][safepoint    ] Safepoint "RevokeBias", Time since last: 31582 ns, Reaching safepoint: 79745 ns, At safepoint: 16624 ns, Total: 96369 ns
[2020-09-11T13:18:13.865+0000][1][safepoint    ] Safepoint "BulkRevokeBias", Time since last: 28096 ns, Reaching safepoint: 104513 ns, At safepoint: 63201 ns, Total: 167714 ns
[2020-09-11T13:18:13.865+0000][1][safepoint    ] Safepoint "RevokeBias", Time since last: 64277 ns, Reaching safepoint: 82934 ns, At safepoint: 20326 ns, Total: 103260 ns
[2020-09-11T13:18:13.865+0000][1][safepoint    ] Safepoint "RevokeBias", Time since last: 36592 ns, Reaching safepoint: 81581 ns, At safepoint: 19460 ns, Total: 101041 ns
[2020-09-11T13:18:13.871+0000][1][safepoint    ] Safepoint "RevokeBias", Time since last: 2630607 ns, Reaching safepoint: 3210034 ns, At safepoint: 15927 ns, Total: 3225961 ns
[2020-09-11T13:18:13.871+0000][1][safepoint    ] Safepoint "RevokeBias", Time since last: 59750 ns, Reaching safepoint: 80619 ns, At safepoint: 10350 ns, Total: 90969 ns
[2020-09-11T13:18:13.871+0000][1][safepoint    ] Safepoint "RevokeBias", Time since last: 28337 ns, Reaching safepoint: 79394 ns, At safepoint: 9472 ns, Total: 88866 ns
[2020-09-11T13:18:13.876+0000][1][safepoint    ] Safepoint "RevokeBias", Time since last: 3863733 ns, Reaching safepoint: 990018 ns, At safepoint: 35013 ns, Total: 1025031 ns
[2020-09-11T13:18:13.876+0000][1][safepoint    ] Safepoint "RevokeBias", Time since last: 105532 ns, Reaching safepoint: 86176 ns, At safepoint: 29877 ns, Total: 116053 ns
[2020-09-11T13:18:13.876+0000][1][safepoint    ] Safepoint "RevokeBias", Time since last: 31947 ns, Reaching safepoint: 82326 ns, At safepoint: 26261 ns, Total: 108587 ns
[2020-09-11T13:18:13.876+0000][1][safepoint    ] Safepoint "RevokeBias", Time since last: 29722 ns, Reaching safepoint: 84502 ns, At safepoint: 28735 ns, Total: 113237 ns
[2020-09-11T13:18:13.876+0000][1][safepoint    ] Safepoint "RevokeBias", Time since last: 30619 ns, Reaching safepoint: 82383 ns, At safepoint: 27525 ns, Total: 109908 ns
[2020-09-11T13:18:13.877+0000][1][safepoint    ] Safepoint "RevokeBias", Time since last: 28064 ns, Reaching safepoint: 82888 ns, At safepoint: 27713 ns, Total: 110601 ns
[2020-09-11T13:18:13.877+0000][1][safepoint    ] Safepoint "RevokeBias", Time since last: 27882 ns, Reaching safepoint: 82595 ns, At safepoint: 28585 ns, Total: 111180 ns
[2020-09-11T13:18:13.877+0000][1][safepoint    ] Safepoint "RevokeBias", Time since last: 28465 ns, Reaching safepoint: 82268 ns, At safepoint: 22298 ns, Total: 104566 ns
[2020-09-11T13:18:13.877+0000][1][safepoint    ] Safepoint "RevokeBias", Time since last: 28848 ns, Reaching safepoint: 82443 ns, At safepoint: 25803 ns, Total: 108246 ns
[2020-09-11T13:18:13.877+0000][1][safepoint    ] Safepoint "RevokeBias", Time since last: 28236 ns, Reaching safepoint: 82088 ns, At safepoint: 24319 ns, Total: 106407 ns
[2020-09-11T13:18:13.877+0000][1][safepoint    ] Safepoint "RevokeBias", Time since last: 27299 ns, Reaching safepoint: 81925 ns, At safepoint: 23741 ns, Total: 105666 ns
[2020-09-11T13:18:13.877+0000][1][safepoint    ] Safepoint "RevokeBias", Time since last: 27239 ns, Reaching safepoint: 81121 ns, At safepoint: 22748 ns, Total: 103869 ns
[2020-09-11T13:18:13.878+0000][1][safepoint    ] Safepoint "RevokeBias", Time since last: 40913 ns, Reaching safepoint: 81167 ns, At safepoint: 20530 ns, Total: 101697 ns
[2020-09-11T13:18:13.878+0000][1][safepoint    ] Safepoint "RevokeBias", Time since last: 27064 ns, Reaching safepoint: 81327 ns, At safepoint: 20069 ns, Total: 101396 ns
[2020-09-11T13:18:13.878+0000][1][safepoint    ] Safepoint "RevokeBias", Time since last: 27303 ns, Reaching safepoint: 80878 ns, At safepoint: 20512 ns, Total: 101390 ns
[2020-09-11T13:18:13.878+0000][1][safepoint    ] Safepoint "RevokeBias", Time since last: 27500 ns, Reaching safepoint: 81919 ns, At safepoint: 24783 ns, Total: 106702 ns
[2020-09-11T13:18:13.878+0000][1][safepoint    ] Safepoint "RevokeBias", Time since last: 27590 ns, Reaching safepoint: 81527 ns, At safepoint: 23853 ns, Total: 105380 ns
[2020-09-11T13:18:13.878+0000][1][safepoint    ] Safepoint "BulkRevokeBias", Time since last: 27864 ns, Reaching safepoint: 81654 ns, At safepoint: 70556 ns, Total: 152210 ns
[2020-09-11T13:18:13.879+0000][1][safepoint    ] Safepoint "RevokeBias", Time since last: 154388 ns, Reaching safepoint: 84361 ns, At safepoint: 23173 ns, Total: 107534 ns
[2020-09-11T13:18:13.879+0000][1][safepoint    ] Safepoint "RevokeBias", Time since last: 45188 ns, Reaching safepoint: 80944 ns, At safepoint: 21406 ns, Total: 102350 ns
[2020-09-11T13:18:13.879+0000][1][safepoint    ] Safepoint "RevokeBias", Time since last: 55607 ns, Reaching safepoint: 83758 ns, At safepoint: 20068 ns, Total: 103826 ns
[2020-09-11T13:18:13.879+0000][1][safepoint    ] Safepoint "RevokeBias", Time since last: 36436 ns, Reaching safepoint: 84132 ns, At safepoint: 25154 ns, Total: 109286 ns
[2020-09-11T13:18:13.879+0000][1][safepoint    ] Safepoint "RevokeBias", Time since last: 107990 ns, Reaching safepoint: 83362 ns, At safepoint: 25763 ns, Total: 109125 ns
[2020-09-11T13:18:13.880+0000][1][safepoint    ] Safepoint "RevokeBias", Time since last: 222262 ns, Reaching safepoint: 84147 ns, At safepoint: 24316 ns, Total: 108463 ns
[2020-09-11T13:18:13.880+0000][1][safepoint    ] Safepoint "RevokeBias", Time since last: 57129 ns, Reaching safepoint: 82530 ns, At safepoint: 20983 ns, Total: 103513 ns
[2020-09-11T13:18:13.880+0000][1][safepoint    ] Safepoint "RevokeBias", Time since last: 117834 ns, Reaching safepoint: 82851 ns, At safepoint: 20751 ns, Total: 103602 ns
[2020-09-11T13:18:13.880+0000][1][safepoint    ] Safepoint "RevokeBias", Time since last: 41208 ns, Reaching safepoint: 81188 ns, At safepoint: 20024 ns, Total: 101212 ns
[2020-09-11T13:18:13.880+0000][1][safepoint    ] Safepoint "RevokeBias", Time since last: 26645 ns, Reaching safepoint: 80725 ns, At safepoint: 23490 ns, Total: 104215 ns
[2020-09-11T13:18:13.880+0000][1][safepoint    ] Safepoint "RevokeBias", Time since last: 26618 ns, Reaching safepoint: 79848 ns, At safepoint: 18843 ns, Total: 98691 ns
[2020-09-11T13:18:13.881+0000][1][safepoint    ] Safepoint "RevokeBias", Time since last: 187516 ns, Reaching safepoint: 81041 ns, At safepoint: 19172 ns, Total: 100213 ns
[2020-09-11T13:18:13.881+0000][1][safepoint    ] Safepoint "RevokeBias", Time since last: 97694 ns, Reaching safepoint: 81235 ns, At safepoint: 22427 ns, Total: 103662 ns
[2020-09-11T13:18:13.881+0000][1][safepoint    ] Safepoint "RevokeBias", Time since last: 313883 ns, Reaching safepoint: 83287 ns, At safepoint: 23059 ns, Total: 106346 ns
[2020-09-11T13:18:13.882+0000][1][safepoint    ] Safepoint "RevokeBias", Time since last: 377951 ns, Reaching safepoint: 82991 ns, At safepoint: 22323 ns, Total: 105314 ns
[2020-09-11T13:18:13.882+0000][1][safepoint    ] Safepoint "RevokeBias", Time since last: 70322 ns, Reaching safepoint: 81419 ns, At safepoint: 23000 ns, Total: 104419 ns
[2020-09-11T13:18:13.882+0000][1][safepoint    ] Safepoint "BulkRevokeBias", Time since last: 191272 ns, Reaching safepoint: 82566 ns, At safepoint: 60442 ns, Total: 143008 ns
[2020-09-11T13:18:13.892+0000][1][safepoint    ] Safepoint "RevokeBias", Time since last: 9426936 ns, Reaching safepoint: 100773 ns, At safepoint: 29099 ns, Total: 129872 ns
[2020-09-11T13:18:13.893+0000][1][safepoint    ] Safepoint "RevokeBias", Time since last: 723427 ns, Reaching safepoint: 84767 ns, At safepoint: 20334 ns, Total: 105101 ns
[2020-09-11T13:18:13.894+0000][1][safepoint    ] Safepoint "RevokeBias", Time since last: 1419713 ns, Reaching safepoint: 95911 ns, At safepoint: 19928 ns, Total: 115839 ns
[2020-09-11T13:18:13.894+0000][1][safepoint    ] Safepoint "RevokeBias", Time since last: 40879 ns, Reaching safepoint: 82765 ns, At safepoint: 24695 ns, Total: 107460 ns
[2020-09-11T13:18:13.894+0000][1][safepoint    ] Safepoint "RevokeBias", Time since last: 35684 ns, Reaching safepoint: 86145 ns, At safepoint: 16775 ns, Total: 102920 ns
[2020-09-11T13:18:13.895+0000][1][safepoint    ] Safepoint "RevokeBias", Time since last: 36951 ns, Reaching safepoint: 83668 ns, At safepoint: 16094 ns, Total: 99762 ns
[2020-09-11T13:18:13.895+0000][1][safepoint    ] Safepoint "RevokeBias", Time since last: 34308 ns, Reaching safepoint: 82800 ns, At safepoint: 15691 ns, Total: 98491 ns
[2020-09-11T13:18:14.054+0000][1][safepoint    ] Safepoint "RevokeBias", Time since last: 159331912 ns, Reaching safepoint: 112630 ns, At safepoint: 12811 ns, Total: 125441 ns
[2020-09-11T13:18:14.054+0000][1][safepoint    ] Safepoint "RevokeBias", Time since last: 158462 ns, Reaching safepoint: 85346 ns, At safepoint: 8315 ns, Total: 93661 ns
[2020-09-11T13:18:14.055+0000][1][safepoint    ] Safepoint "RevokeBias", Time since last: 190682 ns, Reaching safepoint: 83661 ns, At safepoint: 8009 ns, Total: 91670 ns
[2020-09-11T13:18:14.284+0000][1][gc,start     ] GC(61) Pause Young (Allocation Failure)
[2020-09-11T13:18:14.284+0000][1][gc,task      ] GC(61) Using 1 workers of 1 for evacuation
[2020-09-11T13:18:14.364+0000][1][gc,age       ] GC(61) Desired survivor size 4358144 bytes, new threshold 2 (max threshold 6)
[2020-09-11T13:18:14.364+0000][1][gc,age       ] GC(61) Age table with threshold 2 (max threshold 6)
[2020-09-11T13:18:14.364+0000][1][gc,age       ] GC(61) - age   1:    2239824 bytes,    2239824 total
[2020-09-11T13:18:14.364+0000][1][gc,age       ] GC(61) - age   2:    2592376 bytes,    4832200 total
[2020-09-11T13:18:14.364+0000][1][gc,heap      ] GC(61) ParNew: 76672K->6200K(76672K)
[2020-09-11T13:18:14.364+0000][1][gc,heap      ] GC(61) CMS: 50022K->54101K(439104K)
[2020-09-11T13:18:14.364+0000][1][gc,metaspace ] GC(61) Metaspace: 52621K->52621K(1097728K)
[2020-09-11T13:18:14.364+0000][1][gc           ] GC(61) Pause Young (Allocation Failure) 123M->58M(503M) 80.059ms
[2020-09-11T13:18:14.364+0000][1][gc,cpu       ] GC(61) User=0.07s Sys=0.00s Real=0.08s
[2020-09-11T13:18:14.364+0000][1][safepoint    ] Safepoint "GenCollectForAllocation", Time since last: 229143088 ns, Reaching safepoint: 370743 ns, At safepoint: 80121654 ns, Total: 80492397 ns
[2020-09-11T13:18:14.382+0000][1][safepoint    ] Safepoint "RevokeBias", Time since last: 17097479 ns, Reaching safepoint: 102320 ns, At safepoint: 12085 ns, Total: 114405 ns
[2020-09-11T13:18:15.392+0000][1][safepoint    ] Safepoint "RevokeBias", Time since last: 1007295495 ns, Reaching safepoint: 2996605 ns, At safepoint: 42281 ns, Total: 3038886 ns
[2020-09-11T13:18:15.689+0000][1][safepoint    ] Safepoint "RevokeBias", Time since last: 297079020 ns, Reaching safepoint: 171611 ns, At safepoint: 14315 ns, Total: 185926 ns
[2020-09-11T13:18:15.689+0000][1][safepoint    ] Safepoint "RevokeBias", Time since last: 80844 ns, Reaching safepoint: 83312 ns, At safepoint: 7980 ns, Total: 91292 ns
[2020-09-11T13:18:15.970+0000][1][gc,start     ] GC(62) Pause Young (Allocation Failure)
[2020-09-11T13:18:15.971+0000][1][gc,task      ] GC(62) Using 1 workers of 1 for evacuation
[2020-09-11T13:18:16.001+0000][1][gc,age       ] GC(62) Desired survivor size 4358144 bytes, new threshold 6 (max threshold 6)
[2020-09-11T13:18:16.001+0000][1][gc,age       ] GC(62) Age table with threshold 6 (max threshold 6)
[2020-09-11T13:18:16.001+0000][1][gc,age       ] GC(62) - age   1:    1644784 bytes,    1644784 total
[2020-09-11T13:18:16.001+0000][1][gc,age       ] GC(62) - age   2:    2202952 bytes,    3847736 total
[2020-09-11T13:18:16.001+0000][1][gc,heap      ] GC(62) ParNew: 74360K->5089K(76672K)
[2020-09-11T13:18:16.001+0000][1][gc,heap      ] GC(62) CMS: 54101K->56742K(439104K)
[2020-09-11T13:18:16.001+0000][1][gc,metaspace ] GC(62) Metaspace: 60468K->60468K(1105920K)
[2020-09-11T13:18:16.001+0000][1][gc           ] GC(62) Pause Young (Allocation Failure) 125M->60M(503M) 30.501ms
[2020-09-11T13:18:16.001+0000][1][gc,cpu       ] GC(62) User=0.03s Sys=0.00s Real=0.03s
[2020-09-11T13:18:16.007+0000][1][safepoint    ] Safepoint "GenCollectForAllocation", Time since last: 280252038 ns, Reaching safepoint: 904269 ns, At safepoint: 36035635 ns, Total: 36939904 ns
[2020-09-11T13:18:16.012+0000][1][safepoint    ] Safepoint "RevokeBias", Time since last: 4745005 ns, Reaching safepoint: 231224 ns, At safepoint: 37606 ns, Total: 268830 ns
[2020-09-11T13:18:16.012+0000][1][safepoint    ] Safepoint "RevokeBias", Time since last: 95871 ns, Reaching safepoint: 80985 ns, At safepoint: 9424 ns, Total: 90409 ns
[2020-09-11T13:18:16.012+0000][1][safepoint    ] Safepoint "RevokeBias", Time since last: 33873 ns, Reaching safepoint: 85639 ns, At safepoint: 9054 ns, Total: 94693 ns
[2020-09-11T13:18:16.012+0000][1][safepoint    ] Safepoint "RevokeBias", Time since last: 34358 ns, Reaching safepoint: 124879 ns, At safepoint: 9216 ns, Total: 134095 ns
[2020-09-11T13:18:16.012+0000][1][safepoint    ] Safepoint "RevokeBias", Time since last: 36039 ns, Reaching safepoint: 79321 ns, At safepoint: 9030 ns, Total: 88351 ns
[2020-09-11T13:18:16.012+0000][1][safepoint    ] Safepoint "BulkRevokeBias", Time since last: 32746 ns, Reaching safepoint: 80730 ns, At safepoint: 62276 ns, Total: 143006 ns
[2020-09-11T13:18:16.052+0000][1][safepoint    ] Safepoint "CollectForMetadataAllocation", Time since last: 39119519 ns, Reaching safepoint: 154044 ns, At safepoint: 109350 ns, Total: 263394 ns
[2020-09-11T13:18:16.096+0000][1][safepoint    ] Safepoint "CollectForMetadataAllocation", Time since last: 43720279 ns, Reaching safepoint: 116424 ns, At safepoint: 121993 ns, Total: 238417 ns
[2020-09-11T13:18:16.118+0000][1][safepoint    ] Safepoint "CollectForMetadataAllocation", Time since last: 22614090 ns, Reaching safepoint: 111065 ns, At safepoint: 115406 ns, Total: 226471 ns
[2020-09-11T13:18:16.184+0000][1][safepoint    ] Safepoint "RevokeBias", Time since last: 64922333 ns, Reaching safepoint: 114493 ns, At safepoint: 32596 ns, Total: 147089 ns
[2020-09-11T13:18:16.184+0000][1][safepoint    ] Safepoint "RevokeBias", Time since last: 106180 ns, Reaching safepoint: 78699 ns, At safepoint: 19589 ns, Total: 98288 ns
[2020-09-11T13:18:16.184+0000][1][safepoint    ] Safepoint "RevokeBias", Time since last: 111655 ns, Reaching safepoint: 78914 ns, At safepoint: 18841 ns, Total: 97755 ns
[2020-09-11T13:18:16.188+0000][1][safepoint    ] Safepoint "RevokeBias", Time since last: 4156064 ns, Reaching safepoint: 137786 ns, At safepoint: 31361 ns, Total: 169147 ns
[2020-09-11T13:18:16.270+0000][1][safepoint    ] Safepoint "CollectForMetadataAllocation", Time since last: 81578028 ns, Reaching safepoint: 106492 ns, At safepoint: 111471 ns, Total: 217963 ns
[2020-09-11T13:18:16.339+0000][1][safepoint    ] Safepoint "CollectForMetadataAllocation", Time since last: 68420929 ns, Reaching safepoint: 111876 ns, At safepoint: 124963 ns, Total: 236839 ns
[2020-09-11T13:18:16.425+0000][1][safepoint    ] Safepoint "CollectForMetadataAllocation", Time since last: 85552342 ns, Reaching safepoint: 121968 ns, At safepoint: 87068 ns, Total: 209036 ns
[2020-09-11T13:18:16.496+0000][1][safepoint    ] Safepoint "CollectForMetadataAllocation", Time since last: 70931215 ns, Reaching safepoint: 124676 ns, At safepoint: 128967 ns, Total: 253643 ns
[2020-09-11T13:18:16.610+0000][1][safepoint    ] Safepoint "CollectForMetadataAllocation", Time since last: 113579306 ns, Reaching safepoint: 195136 ns, At safepoint: 107710 ns, Total: 302846 ns
[2020-09-11T13:18:16.656+0000][1][safepoint    ] Safepoint "Deoptimize", Time since last: 45673826 ns, Reaching safepoint: 107565 ns, At safepoint: 347114 ns, Total: 454679 ns
[2020-09-11T13:18:16.683+0000][1][safepoint    ] Safepoint "CollectForMetadataAllocation", Time since last: 27060934 ns, Reaching safepoint: 30440 ns, At safepoint: 631944 ns, Total: 662384 ns
[2020-09-11T13:18:16.779+0000][1][safepoint    ] Safepoint "CollectForMetadataAllocation", Time since last: 95238481 ns, Reaching safepoint: 179065 ns, At safepoint: 112805 ns, Total: 291870 ns
[2020-09-11T13:18:16.912+0000][1][safepoint    ] Safepoint "CollectForMetadataAllocation", Time since last: 132461678 ns, Reaching safepoint: 153369 ns, At safepoint: 121662 ns, Total: 275031 ns
[2020-09-11T13:18:16.956+0000][1][safepoint    ] Safepoint "CollectForMetadataAllocation", Time since last: 43547870 ns, Reaching safepoint: 185429 ns, At safepoint: 112592 ns, Total: 298021 ns
[2020-09-11T13:18:17.050+0000][1][safepoint    ] Safepoint "CollectForMetadataAllocation", Time since last: 94156293 ns, Reaching safepoint: 159985 ns, At safepoint: 72102 ns, Total: 232087 ns
[2020-09-11T13:18:17.088+0000][1][safepoint    ] Safepoint "CollectForMetadataAllocation", Time since last: 38201530 ns, Reaching safepoint: 153262 ns, At safepoint: 99227 ns, Total: 252489 ns
[2020-09-11T13:18:17.140+0000][1][safepoint    ] Safepoint "CollectForMetadataAllocation", Time since last: 50967930 ns, Reaching safepoint: 108171 ns, At safepoint: 114679 ns, Total: 222850 ns
[2020-09-11T13:18:17.176+0000][1][safepoint    ] Safepoint "CollectForMetadataAllocation", Time since last: 35896753 ns, Reaching safepoint: 106790 ns, At safepoint: 124282 ns, Total: 231072 ns
[2020-09-11T13:18:17.205+0000][1][safepoint    ] Safepoint "RevokeBias", Time since last: 29217379 ns, Reaching safepoint: 103627 ns, At safepoint: 12909 ns, Total: 116536 ns
[2020-09-11T13:18:17.261+0000][1][safepoint    ] Safepoint "CollectForMetadataAllocation", Time since last: 55779979 ns, Reaching safepoint: 105079 ns, At safepoint: 112336 ns, Total: 217415 ns
[2020-09-11T13:18:17.336+0000][1][safepoint    ] Safepoint "CollectForMetadataAllocation", Time since last: 74567655 ns, Reaching safepoint: 103564 ns, At safepoint: 233317 ns, Total: 336881 ns
[2020-09-11T13:18:17.373+0000][1][safepoint    ] Safepoint "CollectForMetadataAllocation", Time since last: 37196490 ns, Reaching safepoint: 152812 ns, At safepoint: 129497 ns, Total: 282309 ns
[2020-09-11T13:18:17.403+0000][1][gc,start     ] GC(63) Pause Young (Allocation Failure)
[2020-09-11T13:18:17.403+0000][1][gc,task      ] GC(63) Using 1 workers of 1 for evacuation
[2020-09-11T13:18:17.430+0000][1][gc,age       ] GC(63) Desired survivor size 4358144 bytes, new threshold 2 (max threshold 6)
[2020-09-11T13:18:17.430+0000][1][gc,age       ] GC(63) Age table with threshold 2 (max threshold 6)
[2020-09-11T13:18:17.430+0000][1][gc,age       ] GC(63) - age   1:    3533384 bytes,    3533384 total
[2020-09-11T13:18:17.430+0000][1][gc,age       ] GC(63) - age   2:    1463624 bytes,    4997008 total
[2020-09-11T13:18:17.430+0000][1][gc,age       ] GC(63) - age   3:    2146328 bytes,    7143336 total
[2020-09-11T13:18:17.430+0000][1][gc,heap      ] GC(63) ParNew: 73249K->8181K(76672K)
[2020-09-11T13:18:17.430+0000][1][gc,heap      ] GC(63) CMS: 56742K->56742K(439104K)
[2020-09-11T13:18:17.430+0000][1][gc,metaspace ] GC(63) Metaspace: 66455K->66455K(1110016K)
[2020-09-11T13:18:17.430+0000][1][gc           ] GC(63) Pause Young (Allocation Failure) 126M->63M(503M) 27.051ms
[2020-09-11T13:18:17.430+0000][1][gc,cpu       ] GC(63) User=0.02s Sys=0.00s Real=0.03s
[2020-09-11T13:18:17.435+0000][1][safepoint    ] Safepoint "GenCollectForAllocation", Time since last: 29547910 ns, Reaching safepoint: 102453 ns, At safepoint: 32359143 ns, Total: 32461596 ns
[2020-09-11T13:18:17.440+0000][1][gc,start     ] GC(64) Pause Initial Mark
[2020-09-11T13:18:17.447+0000][1][gc           ] GC(64) Pause Initial Mark 64M->64M(503M) 7.243ms
[2020-09-11T13:18:17.447+0000][1][gc,cpu       ] GC(64) User=0.01s Sys=0.00s Real=0.01s
[2020-09-11T13:18:17.455+0000][1][safepoint    ] Safepoint "CMS_Initial_Mark", Time since last: 3994075 ns, Reaching safepoint: 173557 ns, At safepoint: 15812009 ns, Total: 15985566 ns
[2020-09-11T13:18:17.456+0000][1][gc           ] GC(64) Concurrent Mark
[2020-09-11T13:18:17.492+0000][1][safepoint    ] Safepoint "CollectForMetadataAllocation", Time since last: 36430007 ns, Reaching safepoint: 44387 ns, At safepoint: 117758 ns, Total: 162145 ns
[2020-09-11T13:18:17.521+0000][1][safepoint    ] Safepoint "CollectForMetadataAllocation", Time since last: 28583205 ns, Reaching safepoint: 43104 ns, At safepoint: 146533 ns, Total: 189637 ns
[2020-09-11T13:18:17.570+0000][1][gc           ] GC(64) Concurrent Mark 114.720ms
[2020-09-11T13:18:17.570+0000][1][gc,cpu       ] GC(64) User=0.11s Sys=0.00s Real=0.11s
[2020-09-11T13:18:17.570+0000][1][gc           ] GC(64) Concurrent Preclean
[2020-09-11T13:18:17.579+0000][1][gc           ] GC(64) Concurrent Preclean 8.335ms
[2020-09-11T13:18:17.579+0000][1][gc,cpu       ] GC(64) User=0.01s Sys=0.00s Real=0.01s
[2020-09-11T13:18:17.579+0000][1][gc           ] GC(64) Concurrent Abortable Preclean
[2020-09-11T13:18:17.584+0000][1][safepoint    ] Safepoint "CollectForMetadataAllocation", Time since last: 62626956 ns, Reaching safepoint: 58459 ns, At safepoint: 114838 ns, Total: 173297 ns
[2020-09-11T13:18:17.597+0000][1][safepoint    ] Safepoint "RevokeBias", Time since last: 13288970 ns, Reaching safepoint: 45160 ns, At safepoint: 8744 ns, Total: 53904 ns
[2020-09-11T13:18:17.620+0000][1][safepoint    ] Safepoint "CollectForMetadataAllocation", Time since last: 22477210 ns, Reaching safepoint: 49792 ns, At safepoint: 112614 ns, Total: 162406 ns
[2020-09-11T13:18:17.676+0000][1][safepoint    ] Safepoint "CollectForMetadataAllocation", Time since last: 56162634 ns, Reaching safepoint: 149511 ns, At safepoint: 115442 ns, Total: 264953 ns
[2020-09-11T13:18:17.687+0000][1][safepoint    ] Safepoint "CollectForMetadataAllocation", Time since last: 10724330 ns, Reaching safepoint: 345553 ns, At safepoint: 102713 ns, Total: 448266 ns
[2020-09-11T13:18:17.704+0000][1][safepoint    ] Safepoint "Deoptimize", Time since last: 16247709 ns, Reaching safepoint: 55658 ns, At safepoint: 329907 ns, Total: 385565 ns
[2020-09-11T13:18:17.713+0000][1][safepoint    ] Safepoint "CollectForMetadataAllocation", Time since last: 9272183 ns, Reaching safepoint: 46274 ns, At safepoint: 113363 ns, Total: 159637 ns
[2020-09-11T13:18:17.715+0000][1][safepoint    ] Safepoint "Deoptimize", Time since last: 999596 ns, Reaching safepoint: 138445 ns, At safepoint: 360406 ns, Total: 498851 ns
[2020-09-11T13:18:17.784+0000][1][safepoint    ] Safepoint "CollectForMetadataAllocation", Time since last: 69241929 ns, Reaching safepoint: 47268 ns, At safepoint: 113594 ns, Total: 160862 ns
[2020-09-11T13:18:17.832+0000][1][safepoint    ] Safepoint "CollectForMetadataAllocation", Time since last: 43273272 ns, Reaching safepoint: 4085679 ns, At safepoint: 83918 ns, Total: 4169597 ns
[2020-09-11T13:18:17.841+0000][1][safepoint    ] Safepoint "RevokeBias", Time since last: 8972579 ns, Reaching safepoint: 39252 ns, At safepoint: 17435 ns, Total: 56687 ns
[2020-09-11T13:18:17.841+0000][1][safepoint    ] Safepoint "RevokeBias", Time since last: 354408 ns, Reaching safepoint: 84605 ns, At safepoint: 17057 ns, Total: 101662 ns
[2020-09-11T13:18:17.842+0000][1][safepoint    ] Safepoint "RevokeBias", Time since last: 693666 ns, Reaching safepoint: 82485 ns, At safepoint: 19052 ns, Total: 101537 ns
[2020-09-11T13:18:17.847+0000][1][safepoint    ] Safepoint "RevokeBias", Time since last: 2184010 ns, Reaching safepoint: 3425275 ns, At safepoint: 21736 ns, Total: 3447011 ns
[2020-09-11T13:18:17.848+0000][1][safepoint    ] Safepoint "RevokeBias", Time since last: 100340 ns, Reaching safepoint: 87682 ns, At safepoint: 16862 ns, Total: 104544 ns
[2020-09-11T13:18:17.848+0000][1][safepoint    ] Safepoint "RevokeBias", Time since last: 183480 ns, Reaching safepoint: 14744 ns, At safepoint: 14263 ns, Total: 29007 ns
[2020-09-11T13:18:17.848+0000][1][safepoint    ] Safepoint "RevokeBias", Time since last: 221782 ns, Reaching safepoint: 10290 ns, At safepoint: 13555 ns, Total: 23845 ns
[2020-09-11T13:18:17.855+0000][1][safepoint    ] Safepoint "RevokeBias", Time since last: 3452008 ns, Reaching safepoint: 3865312 ns, At safepoint: 19180 ns, Total: 3884492 ns
[2020-09-11T13:18:17.856+0000][1][safepoint    ] Safepoint "RevokeBias", Time since last: 86685 ns, Reaching safepoint: 15383 ns, At safepoint: 13800 ns, Total: 29183 ns
[2020-09-11T13:18:17.856+0000][1][safepoint    ] Safepoint "RevokeBias", Time since last: 587709 ns, Reaching safepoint: 11123 ns, At safepoint: 15026 ns, Total: 26149 ns
[2020-09-11T13:18:17.858+0000][1][safepoint    ] Safepoint "RevokeBias", Time since last: 1241579 ns, Reaching safepoint: 95254 ns, At safepoint: 19084 ns, Total: 114338 ns
[2020-09-11T13:18:17.859+0000][1][safepoint    ] Safepoint "RevokeBias", Time since last: 1881452 ns, Reaching safepoint: 22521 ns, At safepoint: 15310 ns, Total: 37831 ns
[2020-09-11T13:18:17.863+0000][1][safepoint    ] Safepoint "Deoptimize", Time since last: 3125922 ns, Reaching safepoint: 98706 ns, At safepoint: 410451 ns, Total: 509157 ns
[2020-09-11T13:18:17.896+0000][1][safepoint    ] Safepoint "CollectForMetadataAllocation", Time since last: 32282159 ns, Reaching safepoint: 112118 ns, At safepoint: 122436 ns, Total: 234554 ns
[2020-09-11T13:18:17.984+0000][1][safepoint    ] Safepoint "CollectForMetadataAllocation", Time since last: 87789160 ns, Reaching safepoint: 84041 ns, At safepoint: 82890 ns, Total: 166931 ns
[2020-09-11T13:18:18.064+0000][1][safepoint    ] Safepoint "CollectForMetadataAllocation", Time since last: 80357266 ns, Reaching safepoint: 149582 ns, At safepoint: 136021 ns, Total: 285603 ns
[2020-09-11T13:18:18.123+0000][1][safepoint    ] Safepoint "CollectForMetadataAllocation", Time since last: 58543696 ns, Reaching safepoint: 168857 ns, At safepoint: 116203 ns, Total: 285060 ns
[2020-09-11T13:18:18.260+0000][1][safepoint    ] Safepoint "CollectForMetadataAllocation", Time since last: 136358753 ns, Reaching safepoint: 192835 ns, At safepoint: 118145 ns, Total: 310980 ns
[2020-09-11T13:18:18.291+0000][1][safepoint    ] Safepoint "RevokeBias", Time since last: 27417700 ns, Reaching safepoint: 3812515 ns, At safepoint: 25737 ns, Total: 3838252 ns
[2020-09-11T13:18:18.291+0000][1][safepoint    ] Safepoint "RevokeBias", Time since last: 54178 ns, Reaching safepoint: 11933 ns, At safepoint: 14159 ns, Total: 26092 ns
[2020-09-11T13:18:18.297+0000][1][safepoint    ] Safepoint "RevokeBias", Time since last: 4634080 ns, Reaching safepoint: 1389427 ns, At safepoint: 23939 ns, Total: 1413366 ns
[2020-09-11T13:18:18.304+0000][1][safepoint    ] Safepoint "RevokeBias", Time since last: 999522 ns, Reaching safepoint: 5522327 ns, At safepoint: 40390 ns, Total: 5562717 ns
[2020-09-11T13:18:18.309+0000][1][safepoint    ] Safepoint "RevokeBias", Time since last: 3954582 ns, Reaching safepoint: 1187183 ns, At safepoint: 32038 ns, Total: 1219221 ns
[2020-09-11T13:18:18.312+0000][1][safepoint    ] Safepoint "RevokeBias", Time since last: 2651686 ns, Reaching safepoint: 215663 ns, At safepoint: 25510 ns, Total: 241173 ns
[2020-09-11T13:18:18.315+0000][1][safepoint    ] Safepoint "RevokeBias", Time since last: 2956148 ns, Reaching safepoint: 106332 ns, At safepoint: 27033 ns, Total: 133365 ns
[2020-09-11T13:18:18.323+0000][1][safepoint    ] Safepoint "RevokeBias", Time since last: 7494379 ns, Reaching safepoint: 822674 ns, At safepoint: 16925 ns, Total: 839599 ns
[2020-09-11T13:18:18.324+0000][1][safepoint    ] Safepoint "RevokeBias", Time since last: 812079 ns, Reaching safepoint: 89589 ns, At safepoint: 10928 ns, Total: 100517 ns
[2020-09-11T13:18:18.329+0000][1][safepoint    ] Safepoint "RevokeBias", Time since last: 5278867 ns, Reaching safepoint: 55187 ns, At safepoint: 18050 ns, Total: 73237 ns
[2020-09-11T13:18:18.330+0000][1][safepoint    ] Safepoint "RevokeBias", Time since last: 341109 ns, Reaching safepoint: 88185 ns, At safepoint: 22522 ns, Total: 110707 ns
[2020-09-11T13:18:18.330+0000][1][safepoint    ] Safepoint "RevokeBias", Time since last: 96176 ns, Reaching safepoint: 84627 ns, At safepoint: 21242 ns, Total: 105869 ns
[2020-09-11T13:18:18.331+0000][1][safepoint    ] Safepoint "RevokeBias", Time since last: 1313720 ns, Reaching safepoint: 54431 ns, At safepoint: 37882 ns, Total: 92313 ns
[2020-09-11T13:18:18.332+0000][1][safepoint    ] Safepoint "RevokeBias", Time since last: 52931 ns, Reaching safepoint: 85911 ns, At safepoint: 10645 ns, Total: 96556 ns
[2020-09-11T13:18:18.332+0000][1][safepoint    ] Safepoint "RevokeBias", Time since last: 290092 ns, Reaching safepoint: 88575 ns, At safepoint: 11257 ns, Total: 99832 ns
[2020-09-11T13:18:18.332+0000][1][safepoint    ] Safepoint "RevokeBias", Time since last: 33941 ns, Reaching safepoint: 84454 ns, At safepoint: 10333 ns, Total: 94787 ns
[2020-09-11T13:18:18.337+0000][1][safepoint    ] Safepoint "RevokeBias", Time since last: 3241809 ns, Reaching safepoint: 1878507 ns, At safepoint: 14809 ns, Total: 1893316 ns
[2020-09-11T13:18:18.337+0000][1][safepoint    ] Safepoint "RevokeBias", Time since last: 105495 ns, Reaching safepoint: 23660 ns, At safepoint: 9716 ns, Total: 33376 ns
[2020-09-11T13:18:18.338+0000][1][safepoint    ] Safepoint "RevokeBias", Time since last: 68187 ns, Reaching safepoint: 15802 ns, At safepoint: 8399 ns, Total: 24201 ns
[2020-09-11T13:18:18.338+0000][1][safepoint    ] Safepoint "CollectForMetadataAllocation", Time since last: 488806 ns, Reaching safepoint: 87236 ns, At safepoint: 121804 ns, Total: 209040 ns
[2020-09-11T13:18:18.342+0000][1][safepoint    ] Safepoint "RevokeBias", Time since last: 3651262 ns, Reaching safepoint: 243935 ns, At safepoint: 38611 ns, Total: 282546 ns
[2020-09-11T13:18:18.344+0000][1][safepoint    ] Safepoint "RevokeBias", Time since last: 1331614 ns, Reaching safepoint: 102608 ns, At safepoint: 33897 ns, Total: 136505 ns
[2020-09-11T13:18:18.348+0000][1][safepoint    ] Safepoint "RevokeBias", Time since last: 3726778 ns, Reaching safepoint: 632597 ns, At safepoint: 32272 ns, Total: 664869 ns
[2020-09-11T13:18:18.348+0000][1][safepoint    ] Safepoint "RevokeBias", Time since last: 77962 ns, Reaching safepoint: 84655 ns, At safepoint: 20491 ns, Total: 105146 ns
[2020-09-11T13:18:18.369+0000][1][safepoint    ] Safepoint "RevokeBias", Time since last: 18698795 ns, Reaching safepoint: 2496135 ns, At safepoint: 34296 ns, Total: 2530431 ns
[2020-09-11T13:18:18.370+0000][1][safepoint    ] Safepoint "RevokeBias", Time since last: 151685 ns, Reaching safepoint: 136559 ns, At safepoint: 15411 ns, Total: 151970 ns
[2020-09-11T13:18:18.370+0000][1][safepoint    ] Safepoint "RevokeBias", Time since last: 74569 ns, Reaching safepoint: 136358 ns, At safepoint: 14926 ns, Total: 151284 ns
[2020-09-11T13:18:18.380+0000][1][safepoint    ] Safepoint "RevokeBias", Time since last: 6289034 ns, Reaching safepoint: 3248388 ns, At safepoint: 48659 ns, Total: 3297047 ns
[2020-09-11T13:18:18.380+0000][1][safepoint    ] Safepoint "RevokeBias", Time since last: 80923 ns, Reaching safepoint: 19851 ns, At safepoint: 9291 ns, Total: 29142 ns
[2020-09-11T13:18:18.384+0000][1][safepoint    ] Safepoint "RevokeBias", Time since last: 3939023 ns, Reaching safepoint: 145816 ns, At safepoint: 38831 ns, Total: 184647 ns
[2020-09-11T13:18:18.385+0000][1][safepoint    ] Safepoint "RevokeBias", Time since last: 1132067 ns, Reaching safepoint: 281271 ns, At safepoint: 31260 ns, Total: 312531 ns
[2020-09-11T13:18:18.385+0000][1][safepoint    ] Safepoint "RevokeBias", Time since last: 109362 ns, Reaching safepoint: 134025 ns, At safepoint: 11210 ns, Total: 145235 ns
[2020-09-11T13:18:18.386+0000][1][safepoint    ] Safepoint "RevokeBias", Time since last: 186986 ns, Reaching safepoint: 139252 ns, At safepoint: 13711 ns, Total: 152963 ns
[2020-09-11T13:18:18.386+0000][1][safepoint    ] Safepoint "RevokeBias", Time since last: 31808 ns, Reaching safepoint: 135700 ns, At safepoint: 12093 ns, Total: 147793 ns
[2020-09-11T13:18:18.391+0000][1][safepoint    ] Safepoint "RevokeBias", Time since last: 5056662 ns, Reaching safepoint: 142253 ns, At safepoint: 26978 ns, Total: 169231 ns
[2020-09-11T13:18:18.392+0000][1][safepoint    ] Safepoint "RevokeBias", Time since last: 215300 ns, Reaching safepoint: 95316 ns, At safepoint: 13522 ns, Total: 108838 ns
[2020-09-11T13:18:18.392+0000][1][safepoint    ] Safepoint "BulkRevokeBias", Time since last: 57804 ns, Reaching safepoint: 128493 ns, At safepoint: 122704 ns, Total: 251197 ns
[2020-09-11T13:18:18.395+0000][1][safepoint    ] Safepoint "RevokeBias", Time since last: 3550831 ns, Reaching safepoint: 66325 ns, At safepoint: 14781 ns, Total: 81106 ns
[2020-09-11T13:18:18.396+0000][1][safepoint    ] Safepoint "RevokeBias", Time since last: 48743 ns, Reaching safepoint: 125019 ns, At safepoint: 13175 ns, Total: 138194 ns
[2020-09-11T13:18:18.396+0000][1][safepoint    ] Safepoint "RevokeBias", Time since last: 29673 ns, Reaching safepoint: 132701 ns, At safepoint: 12052 ns, Total: 144753 ns
[2020-09-11T13:18:18.418+0000][1][safepoint    ] Safepoint "CollectForMetadataAllocation", Time since last: 21653929 ns, Reaching safepoint: 54325 ns, At safepoint: 67775 ns, Total: 122100 ns
[2020-09-11T13:18:18.421+0000][1][safepoint    ] Safepoint "RevokeBias", Time since last: 3349722 ns, Reaching safepoint: 102870 ns, At safepoint: 13385 ns, Total: 116255 ns
[2020-09-11T13:18:18.424+0000][1][safepoint    ] Safepoint "RevokeBias", Time since last: 3198660 ns, Reaching safepoint: 105871 ns, At safepoint: 13524 ns, Total: 119395 ns
[2020-09-11T13:18:18.445+0000][1][safepoint    ] Safepoint "RevokeBias", Time since last: 16384090 ns, Reaching safepoint: 4163326 ns, At safepoint: 17665 ns, Total: 4180991 ns
[2020-09-11T13:18:18.448+0000][1][safepoint    ] Safepoint "RevokeBias", Time since last: 2453549 ns, Reaching safepoint: 107287 ns, At safepoint: 13501 ns, Total: 120788 ns
[2020-09-11T13:18:18.456+0000][1][safepoint    ] Safepoint "RevokeBias", Time since last: 3849190 ns, Reaching safepoint: 4147889 ns, At safepoint: 18613 ns, Total: 4166502 ns
[2020-09-11T13:18:18.456+0000][1][safepoint    ] Safepoint "RevokeBias", Time since last: 80999 ns, Reaching safepoint: 93013 ns, At safepoint: 13457 ns, Total: 106470 ns
[2020-09-11T13:18:18.462+0000][1][safepoint    ] Safepoint "CollectForMetadataAllocation", Time since last: 6064378 ns, Reaching safepoint: 54277 ns, At safepoint: 118035 ns, Total: 172312 ns
[2020-09-11T13:18:18.480+0000][1][safepoint    ] Safepoint "RevokeBias", Time since last: 17433137 ns, Reaching safepoint: 77126 ns, At safepoint: 28707 ns, Total: 105833 ns
[2020-09-11T13:18:18.480+0000][1][safepoint    ] Safepoint "RevokeBias", Time since last: 120708 ns, Reaching safepoint: 91674 ns, At safepoint: 13109 ns, Total: 104783 ns
[2020-09-11T13:18:18.480+0000][1][safepoint    ] Safepoint "RevokeBias", Time since last: 31979 ns, Reaching safepoint: 89294 ns, At safepoint: 11855 ns, Total: 101149 ns
[2020-09-11T13:18:18.488+0000][1][safepoint    ] Safepoint "RevokeBias", Time since last: 3505039 ns, Reaching safepoint: 4088884 ns, At safepoint: 16194 ns, Total: 4105078 ns
[2020-09-11T13:18:18.488+0000][1][safepoint    ] Safepoint "RevokeBias", Time since last: 51974 ns, Reaching safepoint: 16279 ns, At safepoint: 8715 ns, Total: 24994 ns
[2020-09-11T13:18:18.488+0000][1][safepoint    ] Safepoint "RevokeBias", Time since last: 238545 ns, Reaching safepoint: 17869 ns, At safepoint: 8666 ns, Total: 26535 ns
[2020-09-11T13:18:18.488+0000][1][safepoint    ] Safepoint "RevokeBias", Time since last: 27119 ns, Reaching safepoint: 15817 ns, At safepoint: 8111 ns, Total: 23928 ns
[2020-09-11T13:18:18.488+0000][1][safepoint    ] Safepoint "RevokeBias", Time since last: 22840 ns, Reaching safepoint: 15398 ns, At safepoint: 7746 ns, Total: 23144 ns
[2020-09-11T13:18:18.496+0000][1][safepoint    ] Safepoint "RevokeBias", Time since last: 7875349 ns, Reaching safepoint: 111942 ns, At safepoint: 17074 ns, Total: 129016 ns
[2020-09-11T13:18:18.497+0000][1][safepoint    ] Safepoint "CollectForMetadataAllocation", Time since last: 368657 ns, Reaching safepoint: 88780 ns, At safepoint: 109320 ns, Total: 198100 ns
[2020-09-11T13:18:18.528+0000][1][safepoint    ] Safepoint "CollectForMetadataAllocation", Time since last: 22897599 ns, Reaching safepoint: 8077917 ns, At safepoint: 123323 ns, Total: 8201240 ns
[2020-09-11T13:18:18.532+0000][1][safepoint    ] Safepoint "CollectForMetadataAllocation", Time since last: 3802803 ns, Reaching safepoint: 102041 ns, At safepoint: 6783 ns, Total: 108824 ns
[2020-09-11T13:18:18.551+0000][1][safepoint    ] Safepoint "RevokeBias", Time since last: 19457463 ns, Reaching safepoint: 247101 ns, At safepoint: 15789 ns, Total: 262890 ns
[2020-09-11T13:18:18.551+0000][1][safepoint    ] Safepoint "RevokeBias", Time since last: 52037 ns, Reaching safepoint: 19269 ns, At safepoint: 8479 ns, Total: 27748 ns
[2020-09-11T13:18:18.551+0000][1][safepoint    ] Safepoint "RevokeBias", Time since last: 29041 ns, Reaching safepoint: 19029 ns, At safepoint: 27897 ns, Total: 46926 ns
[2020-09-11T13:18:18.552+0000][1][safepoint    ] Safepoint "RevokeBias", Time since last: 83700 ns, Reaching safepoint: 29222 ns, At safepoint: 8718 ns, Total: 37940 ns
[2020-09-11T13:18:18.553+0000][1][safepoint    ] Safepoint "CollectForMetadataAllocation", Time since last: 1183527 ns, Reaching safepoint: 93813 ns, At safepoint: 109149 ns, Total: 202962 ns
[2020-09-11T13:18:18.581+0000][1][safepoint    ] Safepoint "RevokeBias", Time since last: 22860381 ns, Reaching safepoint: 5314240 ns, At safepoint: 18395 ns, Total: 5332635 ns
[2020-09-11T13:18:18.581+0000][1][safepoint    ] Safepoint "RevokeBias", Time since last: 70218 ns, Reaching safepoint: 86010 ns, At safepoint: 13347 ns, Total: 99357 ns
[2020-09-11T13:18:18.581+0000][1][safepoint    ] Safepoint "RevokeBias", Time since last: 34987 ns, Reaching safepoint: 84747 ns, At safepoint: 11753 ns, Total: 96500 ns
[2020-09-11T13:18:18.582+0000][1][safepoint    ] Safepoint "RevokeBias", Time since last: 53912 ns, Reaching safepoint: 85167 ns, At safepoint: 12572 ns, Total: 97739 ns
[2020-09-11T13:18:18.582+0000][1][safepoint    ] Safepoint "RevokeBias", Time since last: 32381 ns, Reaching safepoint: 84177 ns, At safepoint: 12668 ns, Total: 96845 ns
[2020-09-11T13:18:18.582+0000][1][safepoint    ] Safepoint "RevokeBias", Time since last: 35008 ns, Reaching safepoint: 83917 ns, At safepoint: 11737 ns, Total: 95654 ns
[2020-09-11T13:18:18.582+0000][1][safepoint    ] Safepoint "RevokeBias", Time since last: 32320 ns, Reaching safepoint: 84683 ns, At safepoint: 11649 ns, Total: 96332 ns
[2020-09-11T13:18:18.582+0000][1][safepoint    ] Safepoint "RevokeBias", Time since last: 32736 ns, Reaching safepoint: 84898 ns, At safepoint: 11329 ns, Total: 96227 ns
[2020-09-11T13:18:18.596+0000][1][safepoint    ] Safepoint "RevokeBias", Time since last: 14309629 ns, Reaching safepoint: 62083 ns, At safepoint: 15714 ns, Total: 77797 ns
[2020-09-11T13:18:18.739+0000][1][safepoint    ] Safepoint "CollectForMetadataAllocation", Time since last: 141541898 ns, Reaching safepoint: 855834 ns, At safepoint: 73213 ns, Total: 929047 ns
[2020-09-11T13:18:18.824+0000][1][safepoint    ] Safepoint "RevokeBias", Time since last: 84505624 ns, Reaching safepoint: 94136 ns, At safepoint: 17422 ns, Total: 111558 ns
[2020-09-11T13:18:18.827+0000][1][safepoint    ] Safepoint "RevokeBias", Time since last: 2842629 ns, Reaching safepoint: 107844 ns, At safepoint: 18287 ns, Total: 126131 ns
[2020-09-11T13:18:18.862+0000][1][safepoint    ] Safepoint "RevokeBias", Time since last: 32916668 ns, Reaching safepoint: 2256349 ns, At safepoint: 45859 ns, Total: 2302208 ns
[2020-09-11T13:18:18.880+0000][1][safepoint    ] Safepoint "Deoptimize", Time since last: 12105068 ns, Reaching safepoint: 5696866 ns, At safepoint: 375511 ns, Total: 6072377 ns
[2020-09-11T13:18:19.060+0000][1][safepoint    ] Safepoint "RevokeBias", Time since last: 179511105 ns, Reaching safepoint: 139792 ns, At safepoint: 21450 ns, Total: 161242 ns
[2020-09-11T13:18:19.076+0000][1][safepoint    ] Safepoint "RevokeBias", Time since last: 10017440 ns, Reaching safepoint: 6822935 ns, At safepoint: 41063 ns, Total: 6863998 ns
[2020-09-11T13:18:19.083+0000][1][safepoint    ] Safepoint "RevokeBias", Time since last: 5662777 ns, Reaching safepoint: 640281 ns, At safepoint: 18147 ns, Total: 658428 ns
[2020-09-11T13:18:19.084+0000][1][safepoint    ] Safepoint "RevokeBias", Time since last: 617924 ns, Reaching safepoint: 104304 ns, At safepoint: 23124 ns, Total: 127428 ns
[2020-09-11T13:18:19.084+0000][1][safepoint    ] Safepoint "RevokeBias", Time since last: 76939 ns, Reaching safepoint: 87732 ns, At safepoint: 11943 ns, Total: 99675 ns
[2020-09-11T13:18:19.084+0000][1][safepoint    ] Safepoint "RevokeBias", Time since last: 36926 ns, Reaching safepoint: 85404 ns, At safepoint: 11384 ns, Total: 96788 ns
[2020-09-11T13:18:19.092+0000][1][safepoint    ] Safepoint "RevokeBias", Time since last: 3560527 ns, Reaching safepoint: 4087993 ns, At safepoint: 18226 ns, Total: 4106219 ns
[2020-09-11T13:18:19.122+0000][1][safepoint    ] Safepoint "RevokeBias", Time since last: 30180262 ns, Reaching safepoint: 383826 ns, At safepoint: 16502 ns, Total: 400328 ns
[2020-09-11T13:18:19.127+0000][1][safepoint    ] Safepoint "RevokeBias", Time since last: 4965773 ns, Reaching safepoint: 116114 ns, At safepoint: 30402 ns, Total: 146516 ns
[2020-09-11T13:18:19.130+0000][1][safepoint    ] Safepoint "CollectForMetadataAllocation", Time since last: 2816432 ns, Reaching safepoint: 117090 ns, At safepoint: 109189 ns, Total: 226279 ns
[2020-09-11T13:18:19.132+0000][1][safepoint    ] Safepoint "CollectForMetadataAllocation", Time since last: 1191365 ns, Reaching safepoint: 240932 ns, At safepoint: 14483 ns, Total: 255415 ns
[2020-09-11T13:18:19.136+0000][1][safepoint    ] Safepoint "RevokeBias", Time since last: 4342541 ns, Reaching safepoint: 119407 ns, At safepoint: 28575 ns, Total: 147982 ns
[2020-09-11T13:18:19.152+0000][1][safepoint    ] Safepoint "RevokeBias", Time since last: 9189867 ns, Reaching safepoint: 6483234 ns, At safepoint: 67135 ns, Total: 6550369 ns
[2020-09-11T13:18:19.156+0000][1][safepoint    ] Safepoint "RevokeBias", Time since last: 4093239 ns, Reaching safepoint: 105502 ns, At safepoint: 16629 ns, Total: 122131 ns
[2020-09-11T13:18:19.157+0000][1][safepoint    ] Safepoint "RevokeBias", Time since last: 824082 ns, Reaching safepoint: 91782 ns, At safepoint: 14080 ns, Total: 105862 ns
[2020-09-11T13:18:19.160+0000][1][safepoint    ] Safepoint "RevokeBias", Time since last: 2344237 ns, Reaching safepoint: 91455 ns, At safepoint: 17559 ns, Total: 109014 ns
[2020-09-11T13:18:19.161+0000][1][safepoint    ] Safepoint "RevokeBias", Time since last: 1186022 ns, Reaching safepoint: 90581 ns, At safepoint: 16029 ns, Total: 106610 ns
[2020-09-11T13:18:19.161+0000][1][safepoint    ] Safepoint "RevokeBias", Time since last: 126089 ns, Reaching safepoint: 85990 ns, At safepoint: 14322 ns, Total: 100312 ns
[2020-09-11T13:18:19.161+0000][1][safepoint    ] Safepoint "RevokeBias", Time since last: 245146 ns, Reaching safepoint: 86881 ns, At safepoint: 14702 ns, Total: 101583 ns
[2020-09-11T13:18:19.162+0000][1][safepoint    ] Safepoint "RevokeBias", Time since last: 177832 ns, Reaching safepoint: 85039 ns, At safepoint: 14078 ns, Total: 99117 ns
[2020-09-11T13:18:19.162+0000][1][safepoint    ] Safepoint "RevokeBias", Time since last: 221176 ns, Reaching safepoint: 84887 ns, At safepoint: 14540 ns, Total: 99427 ns
[2020-09-11T13:18:19.162+0000][1][safepoint    ] Safepoint "RevokeBias", Time since last: 109931 ns, Reaching safepoint: 84314 ns, At safepoint: 14633 ns, Total: 98947 ns
[2020-09-11T13:18:19.163+0000][1][safepoint    ] Safepoint "RevokeBias", Time since last: 218464 ns, Reaching safepoint: 96031 ns, At safepoint: 15902 ns, Total: 111933 ns
[2020-09-11T13:18:19.163+0000][1][safepoint    ] Safepoint "RevokeBias", Time since last: 112546 ns, Reaching safepoint: 125019 ns, At safepoint: 15823 ns, Total: 140842 ns
[2020-09-11T13:18:19.163+0000][1][safepoint    ] Safepoint "RevokeBias", Time since last: 225511 ns, Reaching safepoint: 84713 ns, At safepoint: 14508 ns, Total: 99221 ns
[2020-09-11T13:18:19.164+0000][1][safepoint    ] Safepoint "RevokeBias", Time since last: 300393 ns, Reaching safepoint: 95650 ns, At safepoint: 21035 ns, Total: 116685 ns
[2020-09-11T13:18:19.164+0000][1][safepoint    ] Safepoint "RevokeBias", Time since last: 129441 ns, Reaching safepoint: 86092 ns, At safepoint: 12634 ns, Total: 98726 ns
[2020-09-11T13:18:19.164+0000][1][safepoint    ] Safepoint "RevokeBias", Time since last: 79960 ns, Reaching safepoint: 86819 ns, At safepoint: 11397 ns, Total: 98216 ns
[2020-09-11T13:18:19.172+0000][1][safepoint    ] Safepoint "RevokeBias", Time since last: 3610932 ns, Reaching safepoint: 4637221 ns, At safepoint: 15527 ns, Total: 4652748 ns
[2020-09-11T13:18:19.172+0000][1][safepoint    ] Safepoint "RevokeBias", Time since last: 194185 ns, Reaching safepoint: 16615 ns, At safepoint: 6636 ns, Total: 23251 ns
[2020-09-11T13:18:19.173+0000][1][safepoint    ] Safepoint "RevokeBias", Time since last: 231180 ns, Reaching safepoint: 14795 ns, At safepoint: 6958 ns, Total: 21753 ns
[2020-09-11T13:18:19.173+0000][1][safepoint    ] Safepoint "BulkRevokeBias", Time since last: 129670 ns, Reaching safepoint: 14692 ns, At safepoint: 100299 ns, Total: 114991 ns
[2020-09-11T13:18:19.173+0000][1][safepoint    ] Safepoint "RevokeBias", Time since last: 83581 ns, Reaching safepoint: 14397 ns, At safepoint: 6429 ns, Total: 20826 ns
[2020-09-11T13:18:19.173+0000][1][safepoint    ] Safepoint "BulkRevokeBias", Time since last: 65319 ns, Reaching safepoint: 13764 ns, At safepoint: 65594 ns, Total: 79358 ns
[2020-09-11T13:18:19.179+0000][1][safepoint    ] Safepoint "RevokeBias", Time since last: 6186201 ns, Reaching safepoint: 98476 ns, At safepoint: 25802 ns, Total: 124278 ns
[2020-09-11T13:18:19.182+0000][1][safepoint    ] Safepoint "RevokeBias", Time since last: 2235119 ns, Reaching safepoint: 111499 ns, At safepoint: 14666 ns, Total: 126165 ns
[2020-09-11T13:18:19.186+0000][1][safepoint    ] Safepoint "RevokeBias", Time since last: 4140030 ns, Reaching safepoint: 182296 ns, At safepoint: 17653 ns, Total: 199949 ns
[2020-09-11T13:18:19.187+0000][1][safepoint    ] Safepoint "RevokeBias", Time since last: 1042282 ns, Reaching safepoint: 93380 ns, At safepoint: 14494 ns, Total: 107874 ns
[2020-09-11T13:18:19.202+0000][1][safepoint    ] Safepoint "RevokeBias", Time since last: 9944652 ns, Reaching safepoint: 4316295 ns, At safepoint: 16773 ns, Total: 4333068 ns
[2020-09-11T13:18:19.203+0000][1][safepoint    ] Safepoint "RevokeBias", Time since last: 976917 ns, Reaching safepoint: 96639 ns, At safepoint: 15209 ns, Total: 111848 ns
[2020-09-11T13:18:19.203+0000][1][safepoint    ] Safepoint "RevokeBias", Time since last: 322612 ns, Reaching safepoint: 86483 ns, At safepoint: 10128 ns, Total: 96611 ns
[2020-09-11T13:18:19.205+0000][1][safepoint    ] Safepoint "RevokeBias", Time since last: 2038244 ns, Reaching safepoint: 101262 ns, At safepoint: 16840 ns, Total: 118102 ns
[2020-09-11T13:18:19.212+0000][1][safepoint    ] Safepoint "RevokeBias", Time since last: 5331167 ns, Reaching safepoint: 902161 ns, At safepoint: 17396 ns, Total: 919557 ns
[2020-09-11T13:18:19.215+0000][1][safepoint    ] Safepoint "RevokeBias", Time since last: 3030965 ns, Reaching safepoint: 114751 ns, At safepoint: 14744 ns, Total: 129495 ns
[2020-09-11T13:18:19.218+0000][1][safepoint    ] Safepoint "RevokeBias", Time since last: 1047952 ns, Reaching safepoint: 2443100 ns, At safepoint: 15878 ns, Total: 2458978 ns
[2020-09-11T13:18:19.243+0000][1][safepoint    ] Safepoint "BulkRevokeBias", Time since last: 13343640 ns, Reaching safepoint: 11639647 ns, At safepoint: 136905 ns, Total: 11776552 ns
[2020-09-11T13:18:19.324+0000][1][safepoint    ] Safepoint "RevokeBias", Time since last: 43190638 ns, Reaching safepoint: 37044967 ns, At safepoint: 18542 ns, Total: 37063509 ns
[2020-09-11T13:18:19.944+0000][1][safepoint    ] Safepoint "RevokeBias", Time since last: 600199471 ns, Reaching safepoint: 19806209 ns, At safepoint: 60121 ns, Total: 19866330 ns
[2020-09-11T13:18:20.963+0000][1][safepoint    ] Safepoint "Cleanup", Time since last: 1003803304 ns, Reaching safepoint: 16033997 ns, At safepoint: 16287 ns, Total: 16050284 ns
[2020-09-11T13:18:21.024+0000][1][safepoint    ] Safepoint "CollectForMetadataAllocation", Time since last: 36161598 ns, Reaching safepoint: 23837271 ns, At safepoint: 186554 ns, Total: 24023825 ns
[2020-09-11T13:18:21.547+0000][1][gc,start     ] GC(65) Pause Young (Allocation Failure)
[2020-09-11T13:18:21.548+0000][1][gc,task      ] GC(65) Using 1 workers of 1 for evacuation
[2020-09-11T13:18:21.559+0000][1][gc           ] GC(64) Concurrent Abortable Preclean 3980.718ms
[2020-09-11T13:18:21.559+0000][1][gc,cpu       ] GC(64) User=2.32s Sys=0.05s Real=3.98s
[2020-09-11T13:18:21.617+0000][1][gc,age       ] GC(65) Desired survivor size 4358144 bytes, new threshold 2 (max threshold 6)
[2020-09-11T13:18:21.617+0000][1][gc,age       ] GC(65) Age table with threshold 2 (max threshold 6)
[2020-09-11T13:18:21.617+0000][1][gc,age       ] GC(65) - age   1:    2164512 bytes,    2164512 total
[2020-09-11T13:18:21.617+0000][1][gc,age       ] GC(65) - age   2:    3463824 bytes,    5628336 total
[2020-09-11T13:18:21.617+0000][1][gc,heap      ] GC(65) ParNew: 76341K->6254K(76672K)
[2020-09-11T13:18:21.617+0000][1][gc,heap      ] GC(65) CMS: 56742K->60335K(439104K)
[2020-09-11T13:18:21.617+0000][1][gc,metaspace ] GC(65) Metaspace: 73535K->73535K(1116160K)
[2020-09-11T13:18:21.617+0000][1][gc           ] GC(65) Pause Young (Allocation Failure) 129M->65M(503M) 69.739ms
[2020-09-11T13:18:21.617+0000][1][gc,cpu       ] GC(65) User=0.03s Sys=0.00s Real=0.07s
[2020-09-11T13:18:21.643+0000][1][safepoint    ] Safepoint "GenCollectForAllocation", Time since last: 513378813 ns, Reaching safepoint: 10433982 ns, At safepoint: 95243744 ns, Total: 105677726 ns
[2020-09-11T13:18:21.648+0000][1][gc,start     ] GC(64) Pause Remark
[2020-09-11T13:18:21.666+0000][1][gc           ] GC(64) Pause Remark 65M->65M(503M) 18.432ms
[2020-09-11T13:18:21.666+0000][1][gc,cpu       ] GC(64) User=0.02s Sys=0.00s Real=0.02s
[2020-09-11T13:18:21.685+0000][1][safepoint    ] Safepoint "CMS_Final_Remark", Time since last: 5084474 ns, Reaching safepoint: 114787 ns, At safepoint: 36959844 ns, Total: 37074631 ns
[2020-09-11T13:18:21.685+0000][1][gc           ] GC(64) Concurrent Sweep
[2020-09-11T13:18:21.767+0000][1][safepoint    ] Safepoint "RevokeBias", Time since last: 81184984 ns, Reaching safepoint: 815735 ns, At safepoint: 22610 ns, Total: 838345 ns
[2020-09-11T13:18:21.779+0000][1][safepoint    ] Safepoint "RevokeBias", Time since last: 9161249 ns, Reaching safepoint: 3415397 ns, At safepoint: 14472 ns, Total: 3429869 ns
[2020-09-11T13:18:21.781+0000][1][safepoint    ] Safepoint "RevokeBias", Time since last: 1539902 ns, Reaching safepoint: 101876 ns, At safepoint: 13718 ns, Total: 115594 ns
[2020-09-11T13:18:21.786+0000][1][safepoint    ] Safepoint "RevokeBias", Time since last: 4336928 ns, Reaching safepoint: 118051 ns, At safepoint: 14434 ns, Total: 132485 ns
[2020-09-11T13:18:21.787+0000][1][gc           ] GC(64) Concurrent Sweep 102.482ms
[2020-09-11T13:18:21.787+0000][1][gc,cpu       ] GC(64) User=0.07s Sys=0.00s Real=0.10s
[2020-09-11T13:18:21.787+0000][1][gc           ] GC(64) Concurrent Reset
[2020-09-11T13:18:21.788+0000][1][gc           ] GC(64) Concurrent Reset 0.653ms
[2020-09-11T13:18:21.788+0000][1][gc,cpu       ] GC(64) User=0.00s Sys=0.00s Real=0.00s
[2020-09-11T13:18:21.788+0000][1][gc,heap      ] GC(64) Old: 56742K->59328K(439104K)
[2020-09-11T13:18:21.792+0000][1][safepoint    ] Safepoint "RevokeBias", Time since last: 6024679 ns, Reaching safepoint: 117098 ns, At safepoint: 39553 ns, Total: 156651 ns
[2020-09-11T13:18:21.795+0000][1][safepoint    ] Safepoint "RevokeBias", Time since last: 3228418 ns, Reaching safepoint: 107275 ns, At safepoint: 18408 ns, Total: 125683 ns
[2020-09-11T13:18:21.795+0000][1][safepoint    ] Safepoint "RevokeBias", Time since last: 49957 ns, Reaching safepoint: 86465 ns, At safepoint: 12614 ns, Total: 99079 ns
[2020-09-11T13:18:21.798+0000][1][safepoint    ] Safepoint "RevokeBias", Time since last: 2996251 ns, Reaching safepoint: 124344 ns, At safepoint: 27583 ns, Total: 151927 ns
[2020-09-11T13:18:21.815+0000][1][safepoint    ] Safepoint "RevokeBias", Time since last: 15528377 ns, Reaching safepoint: 703081 ns, At safepoint: 16391 ns, Total: 719472 ns
[2020-09-11T13:18:21.835+0000][1][safepoint    ] Safepoint "RevokeBias", Time since last: 20539164 ns, Reaching safepoint: 136340 ns, At safepoint: 42109 ns, Total: 178449 ns
[2020-09-11T13:18:21.842+0000][1][safepoint    ] Safepoint "RevokeBias", Time since last: 6529168 ns, Reaching safepoint: 117769 ns, At safepoint: 14859 ns, Total: 132628 ns
[2020-09-11T13:18:21.921+0000][1][safepoint    ] Safepoint "RevokeBias", Time since last: 79193453 ns, Reaching safepoint: 123682 ns, At safepoint: 45903 ns, Total: 169585 ns
[2020-09-11T13:18:21.990+0000][1][safepoint    ] Safepoint "RevokeBias", Time since last: 67918404 ns, Reaching safepoint: 390976 ns, At safepoint: 53673 ns, Total: 444649 ns
[2020-09-11T13:18:22.001+0000][1][safepoint    ] Safepoint "RevokeBias", Time since last: 10257639 ns, Reaching safepoint: 617633 ns, At safepoint: 52207 ns, Total: 669840 ns
[2020-09-11T13:18:22.003+0000][1][safepoint    ] Safepoint "RevokeBias", Time since last: 606712 ns, Reaching safepoint: 2118512 ns, At safepoint: 18803 ns, Total: 2137315 ns
[2020-09-11T13:18:22.016+0000][1][safepoint    ] Safepoint "RevokeBias", Time since last: 12075433 ns, Reaching safepoint: 116354 ns, At safepoint: 13813 ns, Total: 130167 ns
[2020-09-11T13:18:22.114+0000][1][safepoint    ] Safepoint "RevokeBias", Time since last: 98035500 ns, Reaching safepoint: 133167 ns, At safepoint: 36670 ns, Total: 169837 ns
[2020-09-11T13:18:22.120+0000][1][safepoint    ] Safepoint "RevokeBias", Time since last: 5551658 ns, Reaching safepoint: 188876 ns, At safepoint: 32557 ns, Total: 221433 ns
[2020-09-11T13:18:22.132+0000][1][safepoint    ] Safepoint "RevokeBias", Time since last: 11763095 ns, Reaching safepoint: 117589 ns, At safepoint: 64189 ns, Total: 181778 ns
[2020-09-11T13:18:22.216+0000][1][safepoint    ] Safepoint "RevokeBias", Time since last: 83826693 ns, Reaching safepoint: 567106 ns, At safepoint: 43042 ns, Total: 610148 ns
[2020-09-11T13:18:22.217+0000][1][safepoint    ] Safepoint "RevokeBias", Time since last: 664981 ns, Reaching safepoint: 90457 ns, At safepoint: 25343 ns, Total: 115800 ns
[2020-09-11T13:18:22.217+0000][1][safepoint    ] Safepoint "RevokeBias", Time since last: 125582 ns, Reaching safepoint: 85300 ns, At safepoint: 20434 ns, Total: 105734 ns
[2020-09-11T13:18:22.223+0000][1][safepoint    ] Safepoint "RevokeBias", Time since last: 2527469 ns, Reaching safepoint: 3495132 ns, At safepoint: 38883 ns, Total: 3534015 ns
[2020-09-11T13:18:22.371+0000][1][safepoint    ] Safepoint "RevokeBias", Time since last: 148159413 ns, Reaching safepoint: 149357 ns, At safepoint: 16330 ns, Total: 165687 ns
[2020-09-11T13:18:22.374+0000][1][safepoint    ] Safepoint "RevokeBias", Time since last: 2763431 ns, Reaching safepoint: 125895 ns, At safepoint: 14834 ns, Total: 140729 ns
[2020-09-11T13:18:22.375+0000][1][safepoint    ] Safepoint "RevokeBias", Time since last: 208975 ns, Reaching safepoint: 89359 ns, At safepoint: 43376 ns, Total: 132735 ns
[2020-09-11T13:18:22.380+0000][1][safepoint    ] Safepoint "RevokeBias", Time since last: 5061797 ns, Reaching safepoint: 111690 ns, At safepoint: 29199 ns, Total: 140889 ns
[2020-09-11T13:18:22.490+0000][1][safepoint    ] Safepoint "RevokeBias", Time since last: 110022334 ns, Reaching safepoint: 120542 ns, At safepoint: 14819 ns, Total: 135361 ns
[2020-09-11T13:18:22.491+0000][1][safepoint    ] Safepoint "RevokeBias", Time since last: 544710 ns, Reaching safepoint: 89642 ns, At safepoint: 11149 ns, Total: 100791 ns
[2020-09-11T13:18:22.498+0000][1][safepoint    ] Safepoint "RevokeBias", Time since last: 6680481 ns, Reaching safepoint: 180963 ns, At safepoint: 13871 ns, Total: 194834 ns
[2020-09-11T13:18:22.584+0000][1][safepoint    ] Safepoint "RevokeBias", Time since last: 86484960 ns, Reaching safepoint: 46565 ns, At safepoint: 16084 ns, Total: 62649 ns
[2020-09-11T13:18:22.590+0000][1][safepoint    ] Safepoint "RevokeBias", Time since last: 6044932 ns, Reaching safepoint: 43531 ns, At safepoint: 14499 ns, Total: 58030 ns
[2020-09-11T13:18:22.728+0000][1][safepoint    ] Safepoint "RevokeBias", Time since last: 137227853 ns, Reaching safepoint: 148293 ns, At safepoint: 31552 ns, Total: 179845 ns
[2020-09-11T13:18:22.728+0000][1][safepoint    ] Safepoint "RevokeBias", Time since last: 93964 ns, Reaching safepoint: 18176 ns, At safepoint: 10978 ns, Total: 29154 ns
[2020-09-11T13:18:22.780+0000][1][safepoint    ] Safepoint "RevokeBias", Time since last: 51689908 ns, Reaching safepoint: 126076 ns, At safepoint: 16797 ns, Total: 142873 ns
[2020-09-11T13:18:22.834+0000][1][safepoint    ] Safepoint "RevokeBias", Time since last: 53682917 ns, Reaching safepoint: 366456 ns, At safepoint: 23985 ns, Total: 390441 ns
[2020-09-11T13:18:22.844+0000][1][safepoint    ] Safepoint "BulkRevokeBias", Time since last: 9591205 ns, Reaching safepoint: 115922 ns, At safepoint: 382550 ns, Total: 498472 ns
[2020-09-11T13:18:22.844+0000][1][safepoint    ] Safepoint "RevokeBias", Time since last: 191237 ns, Reaching safepoint: 94161 ns, At safepoint: 10938 ns, Total: 105099 ns
[2020-09-11T13:18:22.976+0000][1][safepoint    ] Safepoint "RevokeBias", Time since last: 131390536 ns, Reaching safepoint: 205840 ns, At safepoint: 58932 ns, Total: 264772 ns
[2020-09-11T13:18:22.977+0000][1][safepoint    ] Safepoint "RevokeBias", Time since last: 1519627 ns, Reaching safepoint: 105900 ns, At safepoint: 48030 ns, Total: 153930 ns
[2020-09-11T13:18:22.981+0000][1][safepoint    ] Safepoint "RevokeBias", Time since last: 3227568 ns, Reaching safepoint: 111717 ns, At safepoint: 45594 ns, Total: 157311 ns
[2020-09-11T13:18:23.001+0000][1][safepoint    ] Safepoint "RevokeBias", Time since last: 11103602 ns, Reaching safepoint: 8689075 ns, At safepoint: 42595 ns, Total: 8731670 ns
[2020-09-11T13:18:23.039+0000][1][safepoint    ] Safepoint "RevokeBias", Time since last: 38405477 ns, Reaching safepoint: 121516 ns, At safepoint: 19587 ns, Total: 141103 ns
[2020-09-11T13:18:23.044+0000][1][safepoint    ] Safepoint "RevokeBias", Time since last: 4595336 ns, Reaching safepoint: 114640 ns, At safepoint: 18702 ns, Total: 133342 ns
[2020-09-11T13:18:23.044+0000][1][safepoint    ] Safepoint "RevokeBias", Time since last: 256474 ns, Reaching safepoint: 95812 ns, At safepoint: 15031 ns, Total: 110843 ns
[2020-09-11T13:18:23.468+0000][1][safepoint    ] Safepoint "RevokeBias", Time since last: 415530666 ns, Reaching safepoint: 7720038 ns, At safepoint: 30875 ns, Total: 7750913 ns
[2020-09-11T13:18:23.528+0000][1][safepoint    ] Safepoint "RevokeBias", Time since last: 59920087 ns, Reaching safepoint: 129889 ns, At safepoint: 21141 ns, Total: 151030 ns
[2020-09-11T13:18:23.530+0000][1][safepoint    ] Safepoint "RevokeBias", Time since last: 2049005 ns, Reaching safepoint: 49291 ns, At safepoint: 15887 ns, Total: 65178 ns
[2020-09-11T13:18:23.530+0000][1][safepoint    ] Safepoint "RevokeBias", Time since last: 55300 ns, Reaching safepoint: 17685 ns, At safepoint: 10213 ns, Total: 27898 ns
[2020-09-11T13:18:23.531+0000][1][safepoint    ] Safepoint "RevokeBias", Time since last: 1643388 ns, Reaching safepoint: 35803 ns, At safepoint: 16070 ns, Total: 51873 ns
[2020-09-11T13:18:23.532+0000][1][safepoint    ] Safepoint "RevokeBias", Time since last: 941182 ns, Reaching safepoint: 20278 ns, At safepoint: 12321 ns, Total: 32599 ns
[2020-09-11T13:18:23.540+0000][1][safepoint    ] Safepoint "RevokeBias", Time since last: 6991593 ns, Reaching safepoint: 119805 ns, At safepoint: 21808 ns, Total: 141613 ns
[2020-09-11T13:18:23.556+0000][1][safepoint    ] Safepoint "RevokeBias", Time since last: 16697895 ns, Reaching safepoint: 116009 ns, At safepoint: 18598 ns, Total: 134607 ns
[2020-09-11T13:18:23.557+0000][1][safepoint    ] Safepoint "RevokeBias", Time since last: 71292 ns, Reaching safepoint: 100092 ns, At safepoint: 13667 ns, Total: 113759 ns
[2020-09-11T13:18:23.624+0000][1][safepoint    ] Safepoint "RevokeBias", Time since last: 66815360 ns, Reaching safepoint: 219166 ns, At safepoint: 22115 ns, Total: 241281 ns
[2020-09-11T13:18:23.624+0000][1][safepoint    ] Safepoint "RevokeBias", Time since last: 76770 ns, Reaching safepoint: 89224 ns, At safepoint: 11997 ns, Total: 101221 ns
[2020-09-11T13:18:23.720+0000][1][safepoint    ] Safepoint "Deoptimize", Time since last: 95584307 ns, Reaching safepoint: 116373 ns, At safepoint: 375643 ns, Total: 492016 ns
[2020-09-11T13:18:23.826+0000][1][safepoint    ] Safepoint "RevokeBias", Time since last: 105441614 ns, Reaching safepoint: 144678 ns, At safepoint: 18955 ns, Total: 163633 ns
[2020-09-11T13:18:23.826+0000][1][safepoint    ] Safepoint "RevokeBias", Time since last: 60994 ns, Reaching safepoint: 91344 ns, At safepoint: 13609 ns, Total: 104953 ns
[2020-09-11T13:18:23.839+0000][1][safepoint    ] Safepoint "RevokeBias", Time since last: 13539949 ns, Reaching safepoint: 115878 ns, At safepoint: 16012 ns, Total: 131890 ns
[2020-09-11T13:18:23.840+0000][1][safepoint    ] Safepoint "RevokeBias", Time since last: 98744 ns, Reaching safepoint: 88560 ns, At safepoint: 11346 ns, Total: 99906 ns
[2020-09-11T13:18:23.840+0000][1][safepoint    ] Safepoint "RevokeBias", Time since last: 40290 ns, Reaching safepoint: 87550 ns, At safepoint: 11178 ns, Total: 98728 ns
[2020-09-11T13:18:23.840+0000][1][safepoint    ] Safepoint "RevokeBias", Time since last: 236076 ns, Reaching safepoint: 88953 ns, At safepoint: 11943 ns, Total: 100896 ns
[2020-09-11T13:18:23.852+0000][1][safepoint    ] Safepoint "RevokeBias", Time since last: 12226301 ns, Reaching safepoint: 114593 ns, At safepoint: 16901 ns, Total: 131494 ns
[2020-09-11T13:18:23.853+0000][1][safepoint    ] Safepoint "RevokeBias", Time since last: 104726 ns, Reaching safepoint: 87760 ns, At safepoint: 21549 ns, Total: 109309 ns
[2020-09-11T13:18:24.280+0000][1][gc,start     ] GC(66) Pause Young (Allocation Failure)
[2020-09-11T13:18:24.280+0000][1][gc,task      ] GC(66) Using 1 workers of 1 for evacuation
[2020-09-11T13:18:24.333+0000][1][gc,age       ] GC(66) Desired survivor size 4358144 bytes, new threshold 6 (max threshold 6)
[2020-09-11T13:18:24.333+0000][1][gc,age       ] GC(66) Age table with threshold 6 (max threshold 6)
[2020-09-11T13:18:24.333+0000][1][gc,age       ] GC(66) - age   1:    1453064 bytes,    1453064 total
[2020-09-11T13:18:24.333+0000][1][gc,age       ] GC(66) - age   2:    1868800 bytes,    3321864 total
[2020-09-11T13:18:24.333+0000][1][gc,heap      ] GC(66) ParNew: 74414K->5685K(76672K)
[2020-09-11T13:18:24.333+0000][1][gc,heap      ] GC(66) CMS: 59328K->62835K(439104K)
[2020-09-11T13:18:24.333+0000][1][gc,metaspace ] GC(66) Metaspace: 76160K->76160K(1120256K)
[2020-09-11T13:18:24.333+0000][1][gc           ] GC(66) Pause Young (Allocation Failure) 130M->66M(503M) 52.883ms
[2020-09-11T13:18:24.333+0000][1][gc,cpu       ] GC(66) User=0.05s Sys=0.00s Real=0.05s
[2020-09-11T13:18:24.334+0000][1][safepoint    ] Safepoint "GenCollectForAllocation", Time since last: 427616203 ns, Reaching safepoint: 124662 ns, At safepoint: 53227963 ns, Total: 53352625 ns
[2020-09-11T13:18:24.454+0000][1][safepoint    ] Safepoint "RevokeBias", Time since last: 114934333 ns, Reaching safepoint: 5357702 ns, At safepoint: 24501 ns, Total: 5382203 ns
[2020-09-11T13:18:24.727+0000][1][safepoint    ] Safepoint "RevokeBias", Time since last: 272909408 ns, Reaching safepoint: 118674 ns, At safepoint: 15604 ns, Total: 134278 ns
[2020-09-11T13:18:24.727+0000][1][safepoint    ] Safepoint "BulkRevokeBias", Time since last: 75116 ns, Reaching safepoint: 19066 ns, At safepoint: 118228 ns, Total: 137294 ns
[2020-09-11T13:18:24.727+0000][1][safepoint    ] Safepoint "BulkRevokeBias", Time since last: 38355 ns, Reaching safepoint: 17320 ns, At safepoint: 84149 ns, Total: 101469 ns
[2020-09-11T13:18:24.727+0000][1][safepoint    ] Safepoint "RevokeBias", Time since last: 181353 ns, Reaching safepoint: 18349 ns, At safepoint: 10883 ns, Total: 29232 ns
[2020-09-11T13:18:24.832+0000][1][safepoint    ] Safepoint "RevokeBias", Time since last: 103949039 ns, Reaching safepoint: 129962 ns, At safepoint: 103995 ns, Total: 233957 ns
[2020-09-11T13:18:24.857+0000][1][safepoint    ] Safepoint "RevokeBias", Time since last: 25464857 ns, Reaching safepoint: 121673 ns, At safepoint: 17561 ns, Total: 139234 ns
[2020-09-11T13:18:24.857+0000][1][safepoint    ] Safepoint "RevokeBias", Time since last: 117484 ns, Reaching safepoint: 88666 ns, At safepoint: 11972 ns, Total: 100638 ns
[2020-09-11T13:18:24.892+0000][1][safepoint    ] Safepoint "RevokeBias", Time since last: 33941337 ns, Reaching safepoint: 134387 ns, At safepoint: 20453 ns, Total: 154840 ns
[2020-09-11T13:18:24.893+0000][1][safepoint    ] Safepoint "RevokeBias", Time since last: 828693 ns, Reaching safepoint: 94785 ns, At safepoint: 13327 ns, Total: 108112 ns
[2020-09-11T13:18:24.900+0000][1][safepoint    ] Safepoint "RevokeBias", Time since last: 7371502 ns, Reaching safepoint: 126000 ns, At safepoint: 15967 ns, Total: 141967 ns
[2020-09-11T13:18:25.004+0000][1][safepoint    ] Safepoint "RevokeBias", Time since last: 91786832 ns, Reaching safepoint: 11671978 ns, At safepoint: 65628 ns, Total: 11737606 ns
[2020-09-11T13:18:25.012+0000][1][safepoint    ] Safepoint "RevokeBias", Time since last: 7875551 ns, Reaching safepoint: 562426 ns, At safepoint: 29039 ns, Total: 591465 ns
[2020-09-11T13:18:26.026+0000][1][safepoint    ] Safepoint "Cleanup", Time since last: 1014071072 ns, Reaching safepoint: 82102 ns, At safepoint: 8776 ns, Total: 90878 ns
[2020-09-11T13:18:27.026+0000][1][safepoint    ] Safepoint "Cleanup", Time since last: 1000182039 ns, Reaching safepoint: 103394 ns, At safepoint: 16919 ns, Total: 120313 ns
[2020-09-11T13:18:28.027+0000][1][safepoint    ] Safepoint "Cleanup", Time since last: 1000222226 ns, Reaching safepoint: 111533 ns, At safepoint: 18355 ns, Total: 129888 ns
[2020-09-11T13:18:28.271+0000][1][safepoint    ] Safepoint "RevokeBias", Time since last: 243837075 ns, Reaching safepoint: 142809 ns, At safepoint: 15105 ns, Total: 157914 ns
[2020-09-11T13:18:29.271+0000][1][safepoint    ] Safepoint "Cleanup", Time since last: 1000125281 ns, Reaching safepoint: 117625 ns, At safepoint: 6990 ns, Total: 124615 ns
[2020-09-11T13:18:30.271+0000][1][safepoint    ] Safepoint "Cleanup", Time since last: 1000174364 ns, Reaching safepoint: 85006 ns, At safepoint: 7293 ns, Total: 92299 ns
[2020-09-11T13:18:31.272+0000][1][safepoint    ] Safepoint "Cleanup", Time since last: 1000174706 ns, Reaching safepoint: 107640 ns, At safepoint: 18065 ns, Total: 125705 ns
[2020-09-11T13:18:32.272+0000][1][safepoint    ] Safepoint "Cleanup", Time since last: 1000260193 ns, Reaching safepoint: 81926 ns, At safepoint: 8314 ns, Total: 90240 ns
[2020-09-11T13:18:33.272+0000][1][safepoint    ] Safepoint "Cleanup", Time since last: 1000168632 ns, Reaching safepoint: 85427 ns, At safepoint: 7468 ns, Total: 92895 ns
[2020-09-11T13:18:34.273+0000][1][safepoint    ] Safepoint "Cleanup", Time since last: 1000161636 ns, Reaching safepoint: 87967 ns, At safepoint: 7677 ns, Total: 95644 ns
[2020-09-11T13:18:35.273+0000][1][safepoint    ] Safepoint "Cleanup", Time since last: 1000136078 ns, Reaching safepoint: 98440 ns, At safepoint: 19697 ns, Total: 118137 ns
[2020-09-11T13:18:36.273+0000][1][safepoint    ] Safepoint "Cleanup", Time since last: 1000182431 ns, Reaching safepoint: 71523 ns, At safepoint: 15413 ns, Total: 86936 ns
[2020-09-11T13:18:37.273+0000][1][safepoint    ] Safepoint "Cleanup", Time since last: 1000191668 ns, Reaching safepoint: 85762 ns, At safepoint: 7233 ns, Total: 92995 ns
[2020-09-11T13:18:38.274+0000][1][safepoint    ] Safepoint "Cleanup", Time since last: 1000157389 ns, Reaching safepoint: 87591 ns, At safepoint: 13210 ns, Total: 100801 ns
[2020-09-11T13:18:39.274+0000][1][safepoint    ] Safepoint "Cleanup", Time since last: 1000185965 ns, Reaching safepoint: 88018 ns, At safepoint: 7173 ns, Total: 95191 ns
[2020-09-11T13:18:40.274+0000][1][safepoint    ] Safepoint "Cleanup", Time since last: 1000198784 ns, Reaching safepoint: 82892 ns, At safepoint: 7364 ns, Total: 90256 ns
[2020-09-11T13:18:41.274+0000][1][safepoint    ] Safepoint "Cleanup", Time since last: 1000178295 ns, Reaching safepoint: 55534 ns, At safepoint: 6747 ns, Total: 62281 ns
[2020-09-11T13:18:42.276+0000][1][safepoint    ] Safepoint "Cleanup", Time since last: 1001001100 ns, Reaching safepoint: 152903 ns, At safepoint: 8731 ns, Total: 161634 ns
[2020-09-11T13:18:43.276+0000][1][safepoint    ] Safepoint "Cleanup", Time since last: 1000154887 ns, Reaching safepoint: 113508 ns, At safepoint: 7218 ns, Total: 120726 ns
[2020-09-11T13:18:44.276+0000][1][safepoint    ] Safepoint "Cleanup", Time since last: 1000144351 ns, Reaching safepoint: 106193 ns, At safepoint: 7295 ns, Total: 113488 ns
[2020-09-11T13:18:45.276+0000][1][safepoint    ] Safepoint "Cleanup", Time since last: 1000150351 ns, Reaching safepoint: 114760 ns, At safepoint: 18509 ns, Total: 133269 ns
[2020-09-11T13:18:46.277+0000][1][safepoint    ] Safepoint "Cleanup", Time since last: 1000187602 ns, Reaching safepoint: 100477 ns, At safepoint: 8026 ns, Total: 108503 ns
[2020-09-11T13:18:47.277+0000][1][safepoint    ] Safepoint "Cleanup", Time since last: 1000142934 ns, Reaching safepoint: 112178 ns, At safepoint: 7206 ns, Total: 119384 ns
[2020-09-11T13:18:47.974+0000][1][safepoint    ] Safepoint "RevokeBias", Time since last: 696604977 ns, Reaching safepoint: 53533 ns, At safepoint: 8148 ns, Total: 61681 ns
[2020-09-11T13:18:48.974+0000][1][safepoint    ] Safepoint "Cleanup", Time since last: 1000190784 ns, Reaching safepoint: 81231 ns, At safepoint: 6590 ns, Total: 87821 ns
[2020-09-11T13:18:49.974+0000][1][safepoint    ] Safepoint "Cleanup", Time since last: 1000189757 ns, Reaching safepoint: 88502 ns, At safepoint: 6852 ns, Total: 95354 ns
[2020-09-11T13:18:50.974+0000][1][safepoint    ] Safepoint "Cleanup", Time since last: 1000144608 ns, Reaching safepoint: 123927 ns, At safepoint: 6422 ns, Total: 130349 ns
[2020-09-11T13:18:51.975+0000][1][safepoint    ] Safepoint "Cleanup", Time since last: 1000122098 ns, Reaching safepoint: 113872 ns, At safepoint: 14934 ns, Total: 128806 ns
[2020-09-11T13:18:52.975+0000][1][safepoint    ] Safepoint "Cleanup", Time since last: 1000173305 ns, Reaching safepoint: 105539 ns, At safepoint: 15125 ns, Total: 120664 ns
[2020-09-11T13:18:53.975+0000][1][safepoint    ] Safepoint "Cleanup", Time since last: 1000221067 ns, Reaching safepoint: 77758 ns, At safepoint: 6520 ns, Total: 84278 ns
[2020-09-11T13:18:54.976+0000][1][safepoint    ] Safepoint "Cleanup", Time since last: 1000180753 ns, Reaching safepoint: 112926 ns, At safepoint: 16655 ns, Total: 129581 ns
[2020-09-11T13:18:55.976+0000][1][safepoint    ] Safepoint "Cleanup", Time since last: 1000221330 ns, Reaching safepoint: 97254 ns, At safepoint: 6942 ns, Total: 104196 ns
[2020-09-11T13:18:56.976+0000][1][safepoint    ] Safepoint "Cleanup", Time since last: 1000133378 ns, Reaching safepoint: 100203 ns, At safepoint: 16264 ns, Total: 116467 ns
[2020-09-11T13:18:57.976+0000][1][safepoint    ] Safepoint "Cleanup", Time since last: 1000173826 ns, Reaching safepoint: 117927 ns, At safepoint: 17169 ns, Total: 135096 ns
[2020-09-11T13:18:58.977+0000][1][safepoint    ] Safepoint "Cleanup", Time since last: 1000210212 ns, Reaching safepoint: 102151 ns, At safepoint: 16538 ns, Total: 118689 ns
[2020-09-11T13:18:59.977+0000][1][safepoint    ] Safepoint "Cleanup", Time since last: 1000197496 ns, Reaching safepoint: 99145 ns, At safepoint: 6292 ns, Total: 105437 ns
[2020-09-11T13:19:00.977+0000][1][safepoint    ] Safepoint "Cleanup", Time since last: 1000299218 ns, Reaching safepoint: 56816 ns, At safepoint: 6349 ns, Total: 63165 ns
[2020-09-11T13:19:01.978+0000][1][safepoint    ] Safepoint "Cleanup", Time since last: 1000753473 ns, Reaching safepoint: 67500 ns, At safepoint: 5945 ns, Total: 73445 ns
[2020-09-11T13:19:02.979+0000][1][safepoint    ] Safepoint "Cleanup", Time since last: 1000250114 ns, Reaching safepoint: 61101 ns, At safepoint: 5936 ns, Total: 67037 ns
[2020-09-11T13:19:03.979+0000][1][safepoint    ] Safepoint "Cleanup", Time since last: 1000276601 ns, Reaching safepoint: 115789 ns, At safepoint: 15930 ns, Total: 131719 ns
[2020-09-11T13:19:04.979+0000][1][safepoint    ] Safepoint "Cleanup", Time since last: 1000240649 ns, Reaching safepoint: 86248 ns, At safepoint: 6500 ns, Total: 92748 ns
[2020-09-11T13:19:05.980+0000][1][safepoint    ] Safepoint "Cleanup", Time since last: 1000238118 ns, Reaching safepoint: 62611 ns, At safepoint: 6062 ns, Total: 68673 ns
[2020-09-11T13:19:06.981+0000][1][safepoint    ] Safepoint "Cleanup", Time since last: 1000940012 ns, Reaching safepoint: 58424 ns, At safepoint: 6370 ns, Total: 64794 ns
[2020-09-11T13:19:07.981+0000][1][safepoint    ] Safepoint "Cleanup", Time since last: 1000236692 ns, Reaching safepoint: 61393 ns, At safepoint: 6448 ns, Total: 67841 ns
[2020-09-11T13:19:08.981+0000][1][safepoint    ] Safepoint "Cleanup", Time since last: 1000215835 ns, Reaching safepoint: 84276 ns, At safepoint: 6463 ns, Total: 90739 ns
[2020-09-11T13:19:09.982+0000][1][safepoint    ] Safepoint "Cleanup", Time since last: 1000148606 ns, Reaching safepoint: 120897 ns, At safepoint: 17300 ns, Total: 138197 ns
[2020-09-11T13:19:10.982+0000][1][safepoint    ] Safepoint "Cleanup", Time since last: 1000206094 ns, Reaching safepoint: 123366 ns, At safepoint: 18158 ns, Total: 141524 ns
[2020-09-11T13:19:11.983+0000][1][safepoint    ] Safepoint "Cleanup", Time since last: 1001179472 ns, Reaching safepoint: 115963 ns, At safepoint: 16792 ns, Total: 132755 ns
[2020-09-11T13:19:12.747+0000][1][gc,start     ] GC(67) Pause Young (Allocation Failure)
[2020-09-11T13:19:12.747+0000][1][gc,task      ] GC(67) Using 1 workers of 1 for evacuation
[2020-09-11T13:19:12.759+0000][1][gc,age       ] GC(67) Desired survivor size 4358144 bytes, new threshold 6 (max threshold 6)
[2020-09-11T13:19:12.759+0000][1][gc,age       ] GC(67) Age table with threshold 6 (max threshold 6)
[2020-09-11T13:19:12.759+0000][1][gc,age       ] GC(67) - age   1:     376600 bytes,     376600 total
[2020-09-11T13:19:12.759+0000][1][gc,age       ] GC(67) - age   2:    1327088 bytes,    1703688 total
[2020-09-11T13:19:12.759+0000][1][gc,age       ] GC(67) - age   3:    1846864 bytes,    3550552 total
[2020-09-11T13:19:12.759+0000][1][gc,heap      ] GC(67) ParNew: 73845K->5275K(76672K)
[2020-09-11T13:19:12.759+0000][1][gc,heap      ] GC(67) CMS: 62835K->62835K(439104K)
[2020-09-11T13:19:12.759+0000][1][gc,metaspace ] GC(67) Metaspace: 76945K->76945K(1120256K)
[2020-09-11T13:19:12.759+0000][1][gc           ] GC(67) Pause Young (Allocation Failure) 133M->66M(503M) 12.316ms
[2020-09-11T13:19:12.759+0000][1][gc,cpu       ] GC(67) User=0.01s Sys=0.00s Real=0.01s
[2020-09-11T13:19:12.761+0000][1][safepoint    ] Safepoint "GenCollectForAllocation", Time since last: 763297837 ns, Reaching safepoint: 178712 ns, At safepoint: 13988449 ns, Total: 14167161 ns
[2020-09-11T13:19:13.778+0000][1][safepoint    ] Safepoint "Cleanup", Time since last: 1017515958 ns, Reaching safepoint: 76653 ns, At safepoint: 6503 ns, Total: 83156 ns
[2020-09-11T13:19:14.779+0000][1][safepoint    ] Safepoint "Cleanup", Time since last: 1000138289 ns, Reaching safepoint: 119370 ns, At safepoint: 15436 ns, Total: 134806 ns
[2020-09-11T13:19:15.779+0000][1][safepoint    ] Safepoint "Cleanup", Time since last: 1000162327 ns, Reaching safepoint: 114819 ns, At safepoint: 5862 ns, Total: 120681 ns
[2020-09-11T13:19:16.779+0000][1][safepoint    ] Safepoint "Cleanup", Time since last: 1000143838 ns, Reaching safepoint: 109271 ns, At safepoint: 14938 ns, Total: 124209 ns
[2020-09-11T13:19:17.780+0000][1][safepoint    ] Safepoint "Cleanup", Time since last: 1000156838 ns, Reaching safepoint: 335036 ns, At safepoint: 17991 ns, Total: 353027 ns
[2020-09-11T13:19:18.780+0000][1][safepoint    ] Safepoint "Cleanup", Time since last: 1000161789 ns, Reaching safepoint: 103788 ns, At safepoint: 14681 ns, Total: 118469 ns
[2020-09-11T13:19:19.781+0000][1][safepoint    ] Safepoint "Cleanup", Time since last: 1001117962 ns, Reaching safepoint: 98920 ns, At safepoint: 16221 ns, Total: 115141 ns
[2020-09-11T13:19:20.781+0000][1][safepoint    ] Safepoint "Cleanup", Time since last: 1000192590 ns, Reaching safepoint: 110851 ns, At safepoint: 33791 ns, Total: 144642 ns
[2020-09-11T13:19:21.782+0000][1][safepoint    ] Safepoint "Cleanup", Time since last: 1000189750 ns, Reaching safepoint: 171851 ns, At safepoint: 15292 ns, Total: 187143 ns
[2020-09-11T13:19:22.782+0000][1][safepoint    ] Safepoint "Cleanup", Time since last: 1000180102 ns, Reaching safepoint: 132264 ns, At safepoint: 13534 ns, Total: 145798 ns
[2020-09-11T13:19:23.783+0000][1][safepoint    ] Safepoint "Cleanup", Time since last: 1000162428 ns, Reaching safepoint: 137766 ns, At safepoint: 13608 ns, Total: 151374 ns
[2020-09-11T13:19:24.784+0000][1][safepoint    ] Safepoint "Cleanup", Time since last: 1000934512 ns, Reaching safepoint: 87308 ns, At safepoint: 4953 ns, Total: 92261 ns
[2020-09-11T13:19:25.784+0000][1][safepoint    ] Safepoint "Cleanup", Time since last: 1000123669 ns, Reaching safepoint: 111717 ns, At safepoint: 15502 ns, Total: 127219 ns
[2020-09-11T13:19:26.784+0000][1][safepoint    ] Safepoint "Cleanup", Time since last: 1000180311 ns, Reaching safepoint: 99479 ns, At safepoint: 5540 ns, Total: 105019 ns
[2020-09-11T13:19:28.784+0000][1][safepoint    ] Safepoint "Cleanup", Time since last: 2000227349 ns, Reaching safepoint: 101884 ns, At safepoint: 13715 ns, Total: 115599 ns
[2020-09-11T13:19:29.786+0000][1][safepoint    ] Safepoint "Cleanup", Time since last: 1001220287 ns, Reaching safepoint: 68013 ns, At safepoint: 6953 ns, Total: 74966 ns
[2020-09-11T13:19:30.786+0000][1][safepoint    ] Safepoint "Cleanup", Time since last: 1000137493 ns, Reaching safepoint: 97396 ns, At safepoint: 5247 ns, Total: 102643 ns
[2020-09-11T13:19:31.786+0000][1][safepoint    ] Safepoint "Cleanup", Time since last: 1000168850 ns, Reaching safepoint: 85696 ns, At safepoint: 6763 ns, Total: 92459 ns
[2020-09-11T13:19:32.786+0000][1][safepoint    ] Safepoint "Cleanup", Time since last: 1000183991 ns, Reaching safepoint: 77349 ns, At safepoint: 5856 ns, Total: 83205 ns
[2020-09-11T13:19:33.787+0000][1][safepoint    ] Safepoint "Cleanup", Time since last: 1000173854 ns, Reaching safepoint: 76622 ns, At safepoint: 7048 ns, Total: 83670 ns
[2020-09-11T13:19:34.788+0000][1][safepoint    ] Safepoint "Cleanup", Time since last: 1000863347 ns, Reaching safepoint: 113320 ns, At safepoint: 16728 ns, Total: 130048 ns
[2020-09-11T13:19:38.788+0000][1][safepoint    ] Safepoint "Cleanup", Time since last: 4000544001 ns, Reaching safepoint: 104195 ns, At safepoint: 14674 ns, Total: 118869 ns
[2020-09-11T13:19:39.802+0000][1][safepoint    ] Safepoint "Cleanup", Time since last: 1013740354 ns, Reaching safepoint: 97210 ns, At safepoint: 16511 ns, Total: 113721 ns
[2020-09-11T13:19:40.803+0000][1][safepoint    ] Safepoint "Cleanup", Time since last: 1000211251 ns, Reaching safepoint: 111032 ns, At safepoint: 17012 ns, Total: 128044 ns
[2020-09-11T13:19:41.803+0000][1][safepoint    ] Safepoint "Cleanup", Time since last: 1000211085 ns, Reaching safepoint: 98545 ns, At safepoint: 7745 ns, Total: 106290 ns
[2020-09-11T13:19:42.803+0000][1][safepoint    ] Safepoint "Cleanup", Time since last: 1000167225 ns, Reaching safepoint: 85568 ns, At safepoint: 11825 ns, Total: 97393 ns
[2020-09-11T13:19:43.803+0000][1][safepoint    ] Safepoint "Cleanup", Time since last: 1000148638 ns, Reaching safepoint: 121388 ns, At safepoint: 5924 ns, Total: 127312 ns
[2020-09-11T13:19:44.804+0000][1][safepoint    ] Safepoint "Cleanup", Time since last: 1000781467 ns, Reaching safepoint: 107350 ns, At safepoint: 14436 ns, Total: 121786 ns
[2020-09-11T13:19:45.805+0000][1][safepoint    ] Safepoint "Cleanup", Time since last: 1000146903 ns, Reaching safepoint: 54263 ns, At safepoint: 6047 ns, Total: 60310 ns
[2020-09-11T13:19:46.805+0000][1][safepoint    ] Safepoint "Cleanup", Time since last: 1000111618 ns, Reaching safepoint: 57339 ns, At safepoint: 6739 ns, Total: 64078 ns
[2020-09-11T13:19:47.805+0000][1][safepoint    ] Safepoint "Cleanup", Time since last: 1000109998 ns, Reaching safepoint: 56566 ns, At safepoint: 6276 ns, Total: 62842 ns
[2020-09-11T13:19:48.806+0000][1][safepoint    ] Safepoint "Cleanup", Time since last: 1000850653 ns, Reaching safepoint: 188325 ns, At safepoint: 7315 ns, Total: 195640 ns
[2020-09-11T13:19:49.807+0000][1][safepoint    ] Safepoint "Cleanup", Time since last: 1000726392 ns, Reaching safepoint: 78714 ns, At safepoint: 7738 ns, Total: 86452 ns
[2020-09-11T13:19:50.807+0000][1][safepoint    ] Safepoint "Cleanup", Time since last: 1000184926 ns, Reaching safepoint: 136968 ns, At safepoint: 18202 ns, Total: 155170 ns
[2020-09-11T13:19:51.807+0000][1][safepoint    ] Safepoint "Cleanup", Time since last: 1000245946 ns, Reaching safepoint: 100564 ns, At safepoint: 6918 ns, Total: 107482 ns
[2020-09-11T13:19:52.808+0000][1][safepoint    ] Safepoint "Cleanup", Time since last: 1000139825 ns, Reaching safepoint: 119438 ns, At safepoint: 7410 ns, Total: 126848 ns
[2020-09-11T13:19:53.808+0000][1][safepoint    ] Safepoint "Cleanup", Time since last: 1000156837 ns, Reaching safepoint: 121682 ns, At safepoint: 17898 ns, Total: 139580 ns
[2020-09-11T13:19:54.809+0000][1][safepoint    ] Safepoint "Cleanup", Time since last: 1000841879 ns, Reaching safepoint: 106278 ns, At safepoint: 15996 ns, Total: 122274 ns
[2020-09-11T13:19:55.809+0000][1][safepoint    ] Safepoint "Cleanup", Time since last: 1000211120 ns, Reaching safepoint: 109528 ns, At safepoint: 17073 ns, Total: 126601 ns
[2020-09-11T13:19:56.810+0000][1][safepoint    ] Safepoint "Cleanup", Time since last: 1000212341 ns, Reaching safepoint: 124299 ns, At safepoint: 16755 ns, Total: 141054 ns
[2020-09-11T13:19:57.810+0000][1][safepoint    ] Safepoint "Cleanup", Time since last: 1000206424 ns, Reaching safepoint: 92425 ns, At safepoint: 6596 ns, Total: 99021 ns
[2020-09-11T13:19:58.810+0000][1][safepoint    ] Safepoint "Cleanup", Time since last: 1000185750 ns, Reaching safepoint: 122698 ns, At safepoint: 17928 ns, Total: 140626 ns
[2020-09-11T13:19:59.811+0000][1][safepoint    ] Safepoint "Cleanup", Time since last: 1001012215 ns, Reaching safepoint: 95580 ns, At safepoint: 6840 ns, Total: 102420 ns
[2020-09-11T13:20:00.812+0000][1][safepoint    ] Safepoint "Cleanup", Time since last: 1000165197 ns, Reaching safepoint: 101110 ns, At safepoint: 7199 ns, Total: 108309 ns
[2020-09-11T13:20:01.812+0000][1][safepoint    ] Safepoint "Cleanup", Time since last: 1000203731 ns, Reaching safepoint: 88706 ns, At safepoint: 7223 ns, Total: 95929 ns
[2020-09-11T13:20:02.812+0000][1][safepoint    ] Safepoint "Cleanup", Time since last: 1000168923 ns, Reaching safepoint: 116377 ns, At safepoint: 20925 ns, Total: 137302 ns
[2020-09-11T13:20:03.813+0000][1][safepoint    ] Safepoint "Cleanup", Time since last: 1000189719 ns, Reaching safepoint: 102939 ns, At safepoint: 6886 ns, Total: 109825 ns
[2020-09-11T13:20:04.813+0000][1][safepoint    ] Safepoint "Cleanup", Time since last: 1000794735 ns, Reaching safepoint: 64669 ns, At safepoint: 6039 ns, Total: 70708 ns
[2020-09-11T13:20:05.814+0000][1][safepoint    ] Safepoint "Cleanup", Time since last: 1000185486 ns, Reaching safepoint: 83258 ns, At safepoint: 7601 ns, Total: 90859 ns
[2020-09-11T13:20:06.814+0000][1][safepoint    ] Safepoint "Cleanup", Time since last: 1000161806 ns, Reaching safepoint: 134953 ns, At safepoint: 17938 ns, Total: 152891 ns
[2020-09-11T13:20:07.814+0000][1][safepoint    ] Safepoint "Cleanup", Time since last: 1000224528 ns, Reaching safepoint: 75176 ns, At safepoint: 6791 ns, Total: 81967 ns
[2020-09-11T13:20:08.815+0000][1][safepoint    ] Safepoint "Cleanup", Time since last: 1000186297 ns, Reaching safepoint: 87734 ns, At safepoint: 7296 ns, Total: 95030 ns
[2020-09-11T13:20:09.815+0000][1][safepoint    ] Safepoint "Cleanup", Time since last: 1000198896 ns, Reaching safepoint: 78284 ns, At safepoint: 7380 ns, Total: 85664 ns
[2020-09-11T13:20:10.815+0000][1][safepoint    ] Safepoint "Cleanup", Time since last: 1000181250 ns, Reaching safepoint: 116868 ns, At safepoint: 16180 ns, Total: 133048 ns
[2020-09-11T13:20:12.816+0000][1][safepoint    ] Safepoint "Cleanup", Time since last: 2000293971 ns, Reaching safepoint: 114757 ns, At safepoint: 16501 ns, Total: 131258 ns
[2020-09-11T13:20:12.898+0000][1][gc,start     ] GC(68) Pause Young (Allocation Failure)
[2020-09-11T13:20:12.898+0000][1][gc,task      ] GC(68) Using 1 workers of 1 for evacuation
[2020-09-11T13:20:12.925+0000][1][gc,age       ] GC(68) Desired survivor size 4358144 bytes, new threshold 6 (max threshold 6)
[2020-09-11T13:20:12.925+0000][1][gc,age       ] GC(68) Age table with threshold 6 (max threshold 6)
[2020-09-11T13:20:12.925+0000][1][gc,age       ] GC(68) - age   1:      34568 bytes,      34568 total
[2020-09-11T13:20:12.925+0000][1][gc,age       ] GC(68) - age   2:     353160 bytes,     387728 total
[2020-09-11T13:20:12.925+0000][1][gc,age       ] GC(68) - age   3:    1322480 bytes,    1710208 total
[2020-09-11T13:20:12.925+0000][1][gc,age       ] GC(68) - age   4:    1844216 bytes,    3554424 total
[2020-09-11T13:20:12.925+0000][1][gc,heap      ] GC(68) ParNew: 73435K->6519K(76672K)
[2020-09-11T13:20:12.925+0000][1][gc,heap      ] GC(68) CMS: 62835K->62835K(439104K)
[2020-09-11T13:20:12.925+0000][1][gc,metaspace ] GC(68) Metaspace: 77196K->77196K(1120256K)
[2020-09-11T13:20:12.925+0000][1][gc           ] GC(68) Pause Young (Allocation Failure) 133M->67M(503M) 27.206ms
[2020-09-11T13:20:12.925+0000][1][gc,cpu       ] GC(68) User=0.01s Sys=0.00s Real=0.03s
[2020-09-11T13:20:12.925+0000][1][safepoint    ] Safepoint "GenCollectForAllocation", Time since last: 82088710 ns, Reaching safepoint: 140851 ns, At safepoint: 27274222 ns, Total: 27415073 ns
[2020-09-11T13:20:14.929+0000][1][safepoint    ] Safepoint "Cleanup", Time since last: 2003353107 ns, Reaching safepoint: 89569 ns, At safepoint: 5833 ns, Total: 95402 ns
[2020-09-11T13:20:16.929+0000][1][safepoint    ] Safepoint "Cleanup", Time since last: 2000313098 ns, Reaching safepoint: 111733 ns, At safepoint: 15960 ns, Total: 127693 ns
[2020-09-11T13:20:17.929+0000][1][safepoint    ] Safepoint "Cleanup", Time since last: 1000171694 ns, Reaching safepoint: 209023 ns, At safepoint: 17340 ns, Total: 226363 ns
[2020-09-11T13:20:21.930+0000][1][safepoint    ] Safepoint "Cleanup", Time since last: 4000550514 ns, Reaching safepoint: 97438 ns, At safepoint: 12074 ns, Total: 109512 ns
[2020-09-11T13:20:23.931+0000][1][safepoint    ] Safepoint "Cleanup", Time since last: 2000318639 ns, Reaching safepoint: 83586 ns, At safepoint: 6714 ns, Total: 90300 ns
[2020-09-11T13:20:24.931+0000][1][safepoint    ] Safepoint "Cleanup", Time since last: 1000155309 ns, Reaching safepoint: 94864 ns, At safepoint: 5720 ns, Total: 100584 ns
[2020-09-11T13:20:25.931+0000][1][safepoint    ] Safepoint "Cleanup", Time since last: 1000166048 ns, Reaching safepoint: 76047 ns, At safepoint: 9665 ns, Total: 85712 ns
[2020-09-11T13:20:26.931+0000][1][safepoint    ] Safepoint "Cleanup", Time since last: 1000172090 ns, Reaching safepoint: 101769 ns, At safepoint: 7273 ns, Total: 109042 ns
[2020-09-11T13:20:31.932+0000][1][safepoint    ] Safepoint "Cleanup", Time since last: 5000682935 ns, Reaching safepoint: 82372 ns, At safepoint: 6539 ns, Total: 88911 ns
[2020-09-11T13:20:32.939+0000][1][safepoint    ] Safepoint "Cleanup", Time since last: 1007326205 ns, Reaching safepoint: 64693 ns, At safepoint: 5982 ns, Total: 70675 ns
[2020-09-11T13:20:33.940+0000][1][safepoint    ] Safepoint "Cleanup", Time since last: 1000171069 ns, Reaching safepoint: 87973 ns, At safepoint: 6700 ns, Total: 94673 ns
[2020-09-11T13:20:34.940+0000][1][safepoint    ] Safepoint "Cleanup", Time since last: 1000129774 ns, Reaching safepoint: 104130 ns, At safepoint: 5517 ns, Total: 109647 ns
[2020-09-11T13:20:35.940+0000][1][safepoint    ] Safepoint "Cleanup", Time since last: 1000156569 ns, Reaching safepoint: 110978 ns, At safepoint: 16749 ns, Total: 127727 ns
[2020-09-11T13:20:44.942+0000][1][safepoint    ] Safepoint "Cleanup", Time since last: 9001237686 ns, Reaching safepoint: 117386 ns, At safepoint: 15706 ns, Total: 133092 ns
[2020-09-11T13:20:45.942+0000][1][safepoint    ] Safepoint "Cleanup", Time since last: 1000199618 ns, Reaching safepoint: 109424 ns, At safepoint: 16244 ns, Total: 125668 ns
[2020-09-11T13:20:47.942+0000][1][safepoint    ] Safepoint "Cleanup", Time since last: 2000301804 ns, Reaching safepoint: 123697 ns, At safepoint: 17200 ns, Total: 140897 ns
[2020-09-11T13:20:49.943+0000][1][safepoint    ] Safepoint "Cleanup", Time since last: 2000362109 ns, Reaching safepoint: 111890 ns, At safepoint: 16872 ns, Total: 128762 ns
[2020-09-11T13:20:52.944+0000][1][safepoint    ] Safepoint "Cleanup", Time since last: 3000532525 ns, Reaching safepoint: 90627 ns, At safepoint: 6736 ns, Total: 97363 ns
[2020-09-11T13:20:54.944+0000][1][safepoint    ] Safepoint "Cleanup", Time since last: 2000255786 ns, Reaching safepoint: 117423 ns, At safepoint: 17931 ns, Total: 135354 ns
[2020-09-11T13:20:55.944+0000][1][safepoint    ] Safepoint "Cleanup", Time since last: 1000215489 ns, Reaching safepoint: 120560 ns, At safepoint: 17748 ns, Total: 138308 ns
[2020-09-11T13:20:59.945+0000][1][safepoint    ] Safepoint "Cleanup", Time since last: 4000623850 ns, Reaching safepoint: 123129 ns, At safepoint: 17440 ns, Total: 140569 ns
[2020-09-11T13:21:01.945+0000][1][safepoint    ] Safepoint "Cleanup", Time since last: 2000335565 ns, Reaching safepoint: 103620 ns, At safepoint: 7033 ns, Total: 110653 ns
[2020-09-11T13:21:02.946+0000][1][safepoint    ] Safepoint "Cleanup", Time since last: 1000185131 ns, Reaching safepoint: 122164 ns, At safepoint: 17239 ns, Total: 139403 ns
[2020-09-11T13:21:03.946+0000][1][safepoint    ] Safepoint "Cleanup", Time since last: 1000226370 ns, Reaching safepoint: 130897 ns, At safepoint: 18449 ns, Total: 149346 ns
[2020-09-11T13:21:04.947+0000][1][safepoint    ] Safepoint "Cleanup", Time since last: 1000251086 ns, Reaching safepoint: 119150 ns, At safepoint: 17336 ns, Total: 136486 ns
[2020-09-11T13:21:06.947+0000][1][safepoint    ] Safepoint "Cleanup", Time since last: 2000348436 ns, Reaching safepoint: 125755 ns, At safepoint: 16522 ns, Total: 142277 ns
[2020-09-11T13:21:07.947+0000][1][safepoint    ] Safepoint "Cleanup", Time since last: 1000248969 ns, Reaching safepoint: 106008 ns, At safepoint: 6512 ns, Total: 112520 ns
[2020-09-11T13:21:08.948+0000][1][safepoint    ] Safepoint "Cleanup", Time since last: 1000191024 ns, Reaching safepoint: 124736 ns, At safepoint: 17246 ns, Total: 141982 ns
[2020-09-11T13:21:10.948+0000][1][safepoint    ] Safepoint "Cleanup", Time since last: 2000354879 ns, Reaching safepoint: 90005 ns, At safepoint: 6948 ns, Total: 96953 ns
[2020-09-11T13:21:11.949+0000][1][safepoint    ] Safepoint "Cleanup", Time since last: 1000180624 ns, Reaching safepoint: 97466 ns, At safepoint: 15898 ns, Total: 113364 ns
[2020-09-11T13:21:13.949+0000][1][safepoint    ] Safepoint "Cleanup", Time since last: 2000312953 ns, Reaching safepoint: 125140 ns, At safepoint: 76623 ns, Total: 201763 ns
[2020-09-11T13:21:14.949+0000][1][safepoint    ] Safepoint "Cleanup", Time since last: 1000221053 ns, Reaching safepoint: 119224 ns, At safepoint: 15686 ns, Total: 134910 ns
[2020-09-11T13:21:16.950+0000][1][safepoint    ] Safepoint "Cleanup", Time since last: 2000360843 ns, Reaching safepoint: 118756 ns, At safepoint: 16494 ns, Total: 135250 ns
[2020-09-11T13:21:18.012+0000][1][gc,start     ] GC(69) Pause Young (Allocation Failure)
[2020-09-11T13:21:18.012+0000][1][gc,task      ] GC(69) Using 1 workers of 1 for evacuation
[2020-09-11T13:21:18.027+0000][1][gc,age       ] GC(69) Desired survivor size 4358144 bytes, new threshold 6 (max threshold 6)
[2020-09-11T13:21:18.027+0000][1][gc,age       ] GC(69) Age table with threshold 6 (max threshold 6)
[2020-09-11T13:21:18.027+0000][1][gc,age       ] GC(69) - age   1:      13712 bytes,      13712 total
[2020-09-11T13:21:18.027+0000][1][gc,age       ] GC(69) - age   2:      26968 bytes,      40680 total
[2020-09-11T13:21:18.027+0000][1][gc,age       ] GC(69) - age   3:     350616 bytes,     391296 total
[2020-09-11T13:21:18.027+0000][1][gc,age       ] GC(69) - age   4:    1322480 bytes,    1713776 total
[2020-09-11T13:21:18.027+0000][1][gc,age       ] GC(69) - age   5:    1844216 bytes,    3557992 total
[2020-09-11T13:21:18.027+0000][1][gc,heap      ] GC(69) ParNew: 74679K->4233K(76672K)
[2020-09-11T13:21:18.027+0000][1][gc,heap      ] GC(69) CMS: 62835K->62835K(439104K)
[2020-09-11T13:21:18.027+0000][1][gc,metaspace ] GC(69) Metaspace: 77357K->77357K(1120256K)
[2020-09-11T13:21:18.027+0000][1][gc           ] GC(69) Pause Young (Allocation Failure) 134M->65M(503M) 14.930ms
[2020-09-11T13:21:18.027+0000][1][gc,cpu       ] GC(69) User=0.02s Sys=0.00s Real=0.02s
[2020-09-11T13:21:18.027+0000][1][safepoint    ] Safepoint "GenCollectForAllocation", Time since last: 1062004322 ns, Reaching safepoint: 220767 ns, At safepoint: 15030419 ns, Total: 15251186 ns
[2020-09-11T13:21:20.035+0000][1][safepoint    ] Safepoint "Cleanup", Time since last: 2007761924 ns, Reaching safepoint: 67258 ns, At safepoint: 6674 ns, Total: 73932 ns
[2020-09-11T13:21:23.036+0000][1][safepoint    ] Safepoint "Cleanup", Time since last: 3000482491 ns, Reaching safepoint: 219520 ns, At safepoint: 18082 ns, Total: 237602 ns
[2020-09-11T13:21:26.036+0000][1][safepoint    ] Safepoint "Cleanup", Time since last: 3000478573 ns, Reaching safepoint: 153429 ns, At safepoint: 15225 ns, Total: 168654 ns
[2020-09-11T13:21:28.037+0000][1][safepoint    ] Safepoint "Cleanup", Time since last: 2000370215 ns, Reaching safepoint: 131669 ns, At safepoint: 17326 ns, Total: 148995 ns
[2020-09-11T13:21:29.037+0000][1][safepoint    ] Safepoint "Cleanup", Time since last: 1000262891 ns, Reaching safepoint: 133724 ns, At safepoint: 18459 ns, Total: 152183 ns
[2020-09-11T13:21:33.038+0000][1][safepoint    ] Safepoint "Cleanup", Time since last: 4000657680 ns, Reaching safepoint: 215919 ns, At safepoint: 19315 ns, Total: 235234 ns
[2020-09-11T13:21:34.039+0000][1][safepoint    ] Safepoint "Cleanup", Time since last: 1000208738 ns, Reaching safepoint: 132785 ns, At safepoint: 16578 ns, Total: 149363 ns
[2020-09-11T13:21:38.039+0000][1][safepoint    ] Safepoint "Cleanup", Time since last: 4000680695 ns, Reaching safepoint: 117914 ns, At safepoint: 7855 ns, Total: 125769 ns
[2020-09-11T13:21:45.040+0000][1][safepoint    ] Safepoint "Cleanup", Time since last: 7001003222 ns, Reaching safepoint: 132712 ns, At safepoint: 18602 ns, Total: 151314 ns
[2020-09-11T13:21:49.041+0000][1][safepoint    ] Safepoint "Cleanup", Time since last: 4000719686 ns, Reaching safepoint: 136640 ns, At safepoint: 17958 ns, Total: 154598 ns
[2020-09-11T13:21:56.043+0000][1][safepoint    ] Safepoint "Cleanup", Time since last: 7001154350 ns, Reaching safepoint: 132267 ns, At safepoint: 17530 ns, Total: 149797 ns
[2020-09-11T13:21:59.043+0000][1][safepoint    ] Safepoint "Cleanup", Time since last: 3000479101 ns, Reaching safepoint: 100479 ns, At safepoint: 7302 ns, Total: 107781 ns
[2020-09-11T13:22:00.044+0000][1][safepoint    ] Safepoint "Cleanup", Time since last: 1000180793 ns, Reaching safepoint: 95289 ns, At safepoint: 7425 ns, Total: 102714 ns
[2020-09-11T13:22:01.044+0000][1][safepoint    ] Safepoint "Cleanup", Time since last: 1000208514 ns, Reaching safepoint: 92189 ns, At safepoint: 7474 ns, Total: 99663 ns
[2020-09-11T13:22:02.044+0000][1][safepoint    ] Safepoint "Cleanup", Time since last: 1000189048 ns, Reaching safepoint: 124078 ns, At safepoint: 18178 ns, Total: 142256 ns
[2020-09-11T13:22:03.045+0000][1][safepoint    ] Safepoint "Cleanup", Time since last: 1000223078 ns, Reaching safepoint: 111077 ns, At safepoint: 15301 ns, Total: 126378 ns
[2020-09-11T13:22:04.045+0000][1][safepoint    ] Safepoint "Cleanup", Time since last: 1000214072 ns, Reaching safepoint: 134896 ns, At safepoint: 18600 ns, Total: 153496 ns
[2020-09-11T13:22:05.045+0000][1][safepoint    ] Safepoint "Cleanup", Time since last: 1000239397 ns, Reaching safepoint: 132144 ns, At safepoint: 18529 ns, Total: 150673 ns
[2020-09-11T13:22:06.046+0000][1][safepoint    ] Safepoint "Cleanup", Time since last: 1000215424 ns, Reaching safepoint: 106056 ns, At safepoint: 7296 ns, Total: 113352 ns
[2020-09-11T13:22:07.046+0000][1][safepoint    ] Safepoint "Cleanup", Time since last: 1000175589 ns, Reaching safepoint: 125963 ns, At safepoint: 17299 ns, Total: 143262 ns
[2020-09-11T13:22:08.046+0000][1][safepoint    ] Safepoint "Cleanup", Time since last: 1000198934 ns, Reaching safepoint: 119086 ns, At safepoint: 16699 ns, Total: 135785 ns
[2020-09-11T13:22:09.047+0000][1][safepoint    ] Safepoint "Cleanup", Time since last: 1000226032 ns, Reaching safepoint: 143660 ns, At safepoint: 18152 ns, Total: 161812 ns
[2020-09-11T13:22:10.047+0000][1][safepoint    ] Safepoint "Cleanup", Time since last: 1000194263 ns, Reaching safepoint: 125374 ns, At safepoint: 16575 ns, Total: 141949 ns
[2020-09-11T13:22:11.047+0000][1][safepoint    ] Safepoint "Cleanup", Time since last: 1000227241 ns, Reaching safepoint: 128021 ns, At safepoint: 17366 ns, Total: 145387 ns
[2020-09-11T13:22:12.048+0000][1][safepoint    ] Safepoint "Cleanup", Time since last: 1000248865 ns, Reaching safepoint: 95949 ns, At safepoint: 7707 ns, Total: 103656 ns
[2020-09-11T13:22:13.048+0000][1][safepoint    ] Safepoint "Cleanup", Time since last: 1000123103 ns, Reaching safepoint: 68159 ns, At safepoint: 10420 ns, Total: 78579 ns
[2020-09-11T13:22:14.048+0000][1][safepoint    ] Safepoint "Cleanup", Time since last: 1000195157 ns, Reaching safepoint: 84460 ns, At safepoint: 6802 ns, Total: 91262 ns
[2020-09-11T13:22:15.049+0000][1][safepoint    ] Safepoint "Cleanup", Time since last: 1000187900 ns, Reaching safepoint: 136286 ns, At safepoint: 17745 ns, Total: 154031 ns
[2020-09-11T13:22:16.049+0000][1][safepoint    ] Safepoint "Cleanup", Time since last: 1000197999 ns, Reaching safepoint: 122695 ns, At safepoint: 17854 ns, Total: 140549 ns
[2020-09-11T13:22:17.049+0000][1][safepoint    ] Safepoint "Cleanup", Time since last: 1000179265 ns, Reaching safepoint: 138615 ns, At safepoint: 16023 ns, Total: 154638 ns
[2020-09-11T13:22:18.050+0000][1][safepoint    ] Safepoint "Cleanup", Time since last: 1000221830 ns, Reaching safepoint: 128772 ns, At safepoint: 16982 ns, Total: 145754 ns
[2020-09-11T13:22:19.050+0000][1][safepoint    ] Safepoint "Cleanup", Time since last: 1000236174 ns, Reaching safepoint: 124583 ns, At safepoint: 16491 ns, Total: 141074 ns
[2020-09-11T13:22:20.050+0000][1][safepoint    ] Safepoint "Cleanup", Time since last: 1000230964 ns, Reaching safepoint: 112549 ns, At safepoint: 16885 ns, Total: 129434 ns
[2020-09-11T13:22:21.051+0000][1][safepoint    ] Safepoint "Cleanup", Time since last: 1000255704 ns, Reaching safepoint: 78518 ns, At safepoint: 6801 ns, Total: 85319 ns
[2020-09-11T13:22:22.051+0000][1][safepoint    ] Safepoint "Cleanup", Time since last: 1000155985 ns, Reaching safepoint: 94874 ns, At safepoint: 6414 ns, Total: 101288 ns
[2020-09-11T13:22:23.051+0000][1][safepoint    ] Safepoint "Cleanup", Time since last: 1000167709 ns, Reaching safepoint: 117861 ns, At safepoint: 17206 ns, Total: 135067 ns
[2020-09-11T13:22:23.130+0000][1][gc,start     ] GC(70) Pause Young (Allocation Failure)
[2020-09-11T13:22:23.131+0000][1][gc,task      ] GC(70) Using 1 workers of 1 for evacuation
[2020-09-11T13:22:23.148+0000][1][gc,age       ] GC(70) Desired survivor size 4358144 bytes, new threshold 6 (max threshold 6)
[2020-09-11T13:22:23.148+0000][1][gc,age       ] GC(70) Age table with threshold 6 (max threshold 6)
[2020-09-11T13:22:23.148+0000][1][gc,age       ] GC(70) - age   1:      16480 bytes,      16480 total
[2020-09-11T13:22:23.148+0000][1][gc,age       ] GC(70) - age   2:       3048 bytes,      19528 total
[2020-09-11T13:22:23.148+0000][1][gc,age       ] GC(70) - age   3:      26792 bytes,      46320 total
[2020-09-11T13:22:23.148+0000][1][gc,age       ] GC(70) - age   4:     349376 bytes,     395696 total
[2020-09-11T13:22:23.148+0000][1][gc,age       ] GC(70) - age   5:    1322480 bytes,    1718176 total
[2020-09-11T13:22:23.148+0000][1][gc,age       ] GC(70) - age   6:    1844216 bytes,    3562392 total
[2020-09-11T13:22:23.148+0000][1][gc,heap      ] GC(70) ParNew: 72393K->6270K(76672K)
[2020-09-11T13:22:23.148+0000][1][gc,heap      ] GC(70) CMS: 62835K->62835K(439104K)
[2020-09-11T13:22:23.148+0000][1][gc,metaspace ] GC(70) Metaspace: 77542K->77542K(1120256K)
[2020-09-11T13:22:23.148+0000][1][gc           ] GC(70) Pause Young (Allocation Failure) 132M->67M(503M) 17.434ms
[2020-09-11T13:22:23.148+0000][1][gc,cpu       ] GC(70) User=0.02s Sys=0.00s Real=0.02s
[2020-09-11T13:22:23.148+0000][1][safepoint    ] Safepoint "GenCollectForAllocation", Time since last: 78958796 ns, Reaching safepoint: 195031 ns, At safepoint: 17511022 ns, Total: 17706053 ns
[2020-09-11T13:22:24.154+0000][1][safepoint    ] Safepoint "Cleanup", Time since last: 1006302415 ns, Reaching safepoint: 116561 ns, At safepoint: 49491 ns, Total: 166052 ns
[2020-09-11T13:22:25.155+0000][1][safepoint    ] Safepoint "Cleanup", Time since last: 1000234752 ns, Reaching safepoint: 129087 ns, At safepoint: 18312 ns, Total: 147399 ns
[2020-09-11T13:22:26.155+0000][1][safepoint    ] Safepoint "Cleanup", Time since last: 1000206014 ns, Reaching safepoint: 261897 ns, At safepoint: 19412 ns, Total: 281309 ns
[2020-09-11T13:22:27.156+0000][1][safepoint    ] Safepoint "Cleanup", Time since last: 1000197037 ns, Reaching safepoint: 98265 ns, At safepoint: 6730 ns, Total: 104995 ns
[2020-09-11T13:22:31.156+0000][1][safepoint    ] Safepoint "Cleanup", Time since last: 4000450988 ns, Reaching safepoint: 116657 ns, At safepoint: 16117 ns, Total: 132774 ns
[2020-09-11T13:22:36.157+0000][1][safepoint    ] Safepoint "Cleanup", Time since last: 5000765686 ns, Reaching safepoint: 92245 ns, At safepoint: 7725 ns, Total: 99970 ns
[2020-09-11T13:22:39.158+0000][1][safepoint    ] Safepoint "Cleanup", Time since last: 3000486368 ns, Reaching safepoint: 90296 ns, At safepoint: 5892 ns, Total: 96188 ns
[2020-09-11T13:22:48.159+0000][1][safepoint    ] Safepoint "Cleanup", Time since last: 9001250852 ns, Reaching safepoint: 123216 ns, At safepoint: 17196 ns, Total: 140412 ns
[2020-09-11T13:22:53.160+0000][1][safepoint    ] Safepoint "Cleanup", Time since last: 5000788069 ns, Reaching safepoint: 120153 ns, At safepoint: 16147 ns, Total: 136300 ns
[2020-09-11T13:22:56.160+0000][1][safepoint    ] Safepoint "Cleanup", Time since last: 3000493359 ns, Reaching safepoint: 93034 ns, At safepoint: 7346 ns, Total: 100380 ns
[2020-09-11T13:23:09.163+0000][1][safepoint    ] Safepoint "Cleanup", Time since last: 13001920316 ns, Reaching safepoint: 131739 ns, At safepoint: 15536 ns, Total: 147275 ns
[2020-09-11T13:23:14.163+0000][1][safepoint    ] Safepoint "Cleanup", Time since last: 5000761001 ns, Reaching safepoint: 173061 ns, At safepoint: 16130 ns, Total: 189191 ns
[2020-09-11T13:23:17.164+0000][1][safepoint    ] Safepoint "Cleanup", Time since last: 3000526934 ns, Reaching safepoint: 94094 ns, At safepoint: 6715 ns, Total: 100809 ns
[2020-09-11T13:23:21.165+0000][1][safepoint    ] Safepoint "Cleanup", Time since last: 4000552434 ns, Reaching safepoint: 133427 ns, At safepoint: 17840 ns, Total: 151267 ns
[2020-09-11T13:23:22.717+0000][1][safepoint    ] Safepoint "RevokeBias", Time since last: 1551925820 ns, Reaching safepoint: 141530 ns, At safepoint: 21526 ns, Total: 163056 ns
[2020-09-11T13:23:22.720+0000][1][safepoint    ] Safepoint "RevokeBias", Time since last: 1828258 ns, Reaching safepoint: 824992 ns, At safepoint: 24954 ns, Total: 849946 ns
[2020-09-11T13:23:24.520+0000][1][gc,start     ] GC(71) Pause Young (Allocation Failure)
[2020-09-11T13:23:24.520+0000][1][gc,task      ] GC(71) Using 1 workers of 1 for evacuation
[2020-09-11T13:23:24.541+0000][1][gc,age       ] GC(71) Desired survivor size 4358144 bytes, new threshold 6 (max threshold 6)
[2020-09-11T13:23:24.541+0000][1][gc,age       ] GC(71) Age table with threshold 6 (max threshold 6)
[2020-09-11T13:23:24.541+0000][1][gc,age       ] GC(71) - age   1:      17672 bytes,      17672 total
[2020-09-11T13:23:24.541+0000][1][gc,age       ] GC(71) - age   2:       4856 bytes,      22528 total
[2020-09-11T13:23:24.541+0000][1][gc,age       ] GC(71) - age   3:       3048 bytes,      25576 total
[2020-09-11T13:23:24.541+0000][1][gc,age       ] GC(71) - age   4:      25552 bytes,      51128 total
[2020-09-11T13:23:24.541+0000][1][gc,age       ] GC(71) - age   5:     346912 bytes,     398040 total
[2020-09-11T13:23:24.541+0000][1][gc,age       ] GC(71) - age   6:    1322480 bytes,    1720520 total
[2020-09-11T13:23:24.541+0000][1][gc,heap      ] GC(71) ParNew: 74430K->2088K(76672K)
[2020-09-11T13:23:24.541+0000][1][gc,heap      ] GC(71) CMS: 62835K->64680K(439104K)
[2020-09-11T13:23:24.541+0000][1][gc,metaspace ] GC(71) Metaspace: 77643K->77643K(1120256K)
[2020-09-11T13:23:24.541+0000][1][gc           ] GC(71) Pause Young (Allocation Failure) 134M->65M(503M) 20.626ms
[2020-09-11T13:23:24.541+0000][1][gc,cpu       ] GC(71) User=0.02s Sys=0.00s Real=0.02s
[2020-09-11T13:23:24.541+0000][1][safepoint    ] Safepoint "GenCollectForAllocation", Time since last: 1800541871 ns, Reaching safepoint: 117607 ns, At safepoint: 20724871 ns, Total: 20842478 ns
[2020-09-11T13:23:28.543+0000][1][safepoint    ] Safepoint "Cleanup", Time since last: 4002020074 ns, Reaching safepoint: 155690 ns, At safepoint: 16832 ns, Total: 172522 ns
[2020-09-11T13:23:29.543+0000][1][safepoint    ] Safepoint "Cleanup", Time since last: 1000206836 ns, Reaching safepoint: 109691 ns, At safepoint: 6404 ns, Total: 116095 ns
[2020-09-11T13:23:31.544+0000][1][safepoint    ] Safepoint "Cleanup", Time since last: 2000317864 ns, Reaching safepoint: 114730 ns, At safepoint: 16892 ns, Total: 131622 ns
[2020-09-11T13:23:43.546+0000][1][safepoint    ] Safepoint "Cleanup", Time since last: 12001676227 ns, Reaching safepoint: 104620 ns, At safepoint: 6794 ns, Total: 111414 ns
[2020-09-11T13:23:47.547+0000][1][safepoint    ] Safepoint "Cleanup", Time since last: 4000697125 ns, Reaching safepoint: 88690 ns, At safepoint: 7054 ns, Total: 95744 ns
[2020-09-11T13:23:48.547+0000][1][safepoint    ] Safepoint "Cleanup", Time since last: 1000145639 ns, Reaching safepoint: 118585 ns, At safepoint: 16304 ns, Total: 134889 ns
[2020-09-11T13:24:00.549+0000][1][safepoint    ] Safepoint "Cleanup", Time since last: 12001619135 ns, Reaching safepoint: 88884 ns, At safepoint: 6008 ns, Total: 94892 ns
[2020-09-11T13:24:01.549+0000][1][safepoint    ] Safepoint "Cleanup", Time since last: 1000178150 ns, Reaching safepoint: 132300 ns, At safepoint: 17216 ns, Total: 149516 ns
[2020-09-11T13:24:05.550+0000][1][safepoint    ] Safepoint "Cleanup", Time since last: 4000678534 ns, Reaching safepoint: 126035 ns, At safepoint: 16862 ns, Total: 142897 ns
[2020-09-11T13:24:16.551+0000][1][safepoint    ] Safepoint "Cleanup", Time since last: 11001541793 ns, Reaching safepoint: 114770 ns, At safepoint: 16250 ns, Total: 131020 ns
[2020-09-11T13:24:22.552+0000][1][safepoint    ] Safepoint "Cleanup", Time since last: 6000931344 ns, Reaching safepoint: 123133 ns, At safepoint: 16544 ns, Total: 139677 ns
[2020-09-11T13:24:23.553+0000][1][safepoint    ] Safepoint "Cleanup", Time since last: 1000236301 ns, Reaching safepoint: 114840 ns, At safepoint: 17240 ns, Total: 132080 ns
[2020-09-11T13:24:25.553+0000][1][safepoint    ] Safepoint "Cleanup", Time since last: 2000326034 ns, Reaching safepoint: 102856 ns, At safepoint: 15839 ns, Total: 118695 ns
[2020-09-11T13:24:28.367+0000][1][gc,start     ] GC(72) Pause Young (Allocation Failure)
[2020-09-11T13:24:28.367+0000][1][gc,task      ] GC(72) Using 1 workers of 1 for evacuation
[2020-09-11T13:24:28.376+0000][1][gc,age       ] GC(72) Desired survivor size 4358144 bytes, new threshold 6 (max threshold 6)
[2020-09-11T13:24:28.376+0000][1][gc,age       ] GC(72) Age table with threshold 6 (max threshold 6)
[2020-09-11T13:24:28.376+0000][1][gc,age       ] GC(72) - age   1:      14736 bytes,      14736 total
[2020-09-11T13:24:28.376+0000][1][gc,age       ] GC(72) - age   2:       5544 bytes,      20280 total
[2020-09-11T13:24:28.376+0000][1][gc,age       ] GC(72) - age   3:       4736 bytes,      25016 total
[2020-09-11T13:24:28.376+0000][1][gc,age       ] GC(72) - age   4:       3048 bytes,      28064 total
[2020-09-11T13:24:28.376+0000][1][gc,age       ] GC(72) - age   5:      25552 bytes,      53616 total
[2020-09-11T13:24:28.376+0000][1][gc,age       ] GC(72) - age   6:     346912 bytes,     400528 total
[2020-09-11T13:24:28.376+0000][1][gc,heap      ] GC(72) ParNew: 70248K->1782K(76672K)
[2020-09-11T13:24:28.376+0000][1][gc,heap      ] GC(72) CMS: 64680K->66001K(439104K)
[2020-09-11T13:24:28.376+0000][1][gc,metaspace ] GC(72) Metaspace: 77691K->77691K(1120256K)
[2020-09-11T13:24:28.376+0000][1][gc           ] GC(72) Pause Young (Allocation Failure) 131M->66M(503M) 9.641ms
[2020-09-11T13:24:28.376+0000][1][gc,cpu       ] GC(72) User=0.00s Sys=0.00s Real=0.01s
[2020-09-11T13:24:28.377+0000][1][safepoint    ] Safepoint "GenCollectForAllocation", Time since last: 2813446576 ns, Reaching safepoint: 178201 ns, At safepoint: 9705590 ns, Total: 9883791 ns
[2020-09-11T13:24:34.379+0000][1][safepoint    ] Safepoint "Cleanup", Time since last: 6002086839 ns, Reaching safepoint: 140128 ns, At safepoint: 6346 ns, Total: 146474 ns
[2020-09-11T13:24:36.379+0000][1][safepoint    ] Safepoint "Cleanup", Time since last: 2000319613 ns, Reaching safepoint: 96520 ns, At safepoint: 6732 ns, Total: 103252 ns
[2020-09-11T13:24:39.380+0000][1][safepoint    ] Safepoint "Cleanup", Time since last: 3000430701 ns, Reaching safepoint: 131511 ns, At safepoint: 17180 ns, Total: 148691 ns
[2020-09-11T13:24:55.382+0000][1][safepoint    ] Safepoint "Cleanup", Time since last: 16002411647 ns, Reaching safepoint: 111818 ns, At safepoint: 6552 ns, Total: 118370 ns
[2020-09-11T13:24:56.383+0000][1][safepoint    ] Safepoint "Cleanup", Time since last: 1000189795 ns, Reaching safepoint: 92135 ns, At safepoint: 8197 ns, Total: 100332 ns
[2020-09-11T13:25:10.385+0000][1][safepoint    ] Safepoint "Cleanup", Time since last: 14002592935 ns, Reaching safepoint: 132648 ns, At safepoint: 23367 ns, Total: 156015 ns
[2020-09-11T13:25:13.387+0000][1][safepoint    ] Safepoint "Cleanup", Time since last: 3001302524 ns, Reaching safepoint: 128338 ns, At safepoint: 16812 ns, Total: 145150 ns
[2020-09-11T13:25:25.389+0000][1][safepoint    ] Safepoint "Cleanup", Time since last: 12001715170 ns, Reaching safepoint: 117764 ns, At safepoint: 16792 ns, Total: 134556 ns
[2020-09-11T13:25:26.389+0000][1][safepoint    ] Safepoint "Cleanup", Time since last: 1000215797 ns, Reaching safepoint: 123136 ns, At safepoint: 16341 ns, Total: 139477 ns
[2020-09-11T13:25:29.390+0000][1][safepoint    ] Safepoint "Cleanup", Time since last: 3000540947 ns, Reaching safepoint: 120871 ns, At safepoint: 17196 ns, Total: 138067 ns
[2020-09-11T13:25:30.390+0000][1][safepoint    ] Safepoint "Cleanup", Time since last: 1000232322 ns, Reaching safepoint: 144933 ns, At safepoint: 16491 ns, Total: 161424 ns
[2020-09-11T13:25:31.390+0000][1][safepoint    ] Safepoint "Cleanup", Time since last: 1000171735 ns, Reaching safepoint: 64372 ns, At safepoint: 6749 ns, Total: 71121 ns
[2020-09-11T13:25:32.391+0000][1][safepoint    ] Safepoint "Cleanup", Time since last: 1000172919 ns, Reaching safepoint: 120706 ns, At safepoint: 6417 ns, Total: 127123 ns
[2020-09-11T13:25:33.391+0000][1][safepoint    ] Safepoint "Cleanup", Time since last: 1000178496 ns, Reaching safepoint: 123520 ns, At safepoint: 17798 ns, Total: 141318 ns
[2020-09-11T13:25:33.496+0000][1][gc,start     ] GC(73) Pause Young (Allocation Failure)
[2020-09-11T13:25:33.496+0000][1][gc,task      ] GC(73) Using 1 workers of 1 for evacuation
[2020-09-11T13:25:33.501+0000][1][gc,age       ] GC(73) Desired survivor size 4358144 bytes, new threshold 6 (max threshold 6)
[2020-09-11T13:25:33.501+0000][1][gc,age       ] GC(73) Age table with threshold 6 (max threshold 6)
[2020-09-11T13:25:33.501+0000][1][gc,age       ] GC(73) - age   1:      13824 bytes,      13824 total
[2020-09-11T13:25:33.502+0000][1][gc,age       ] GC(73) - age   2:       5232 bytes,      19056 total
[2020-09-11T13:25:33.502+0000][1][gc,age       ] GC(73) - age   3:       5544 bytes,      24600 total
[2020-09-11T13:25:33.502+0000][1][gc,age       ] GC(73) - age   4:       4736 bytes,      29336 total
[2020-09-11T13:25:33.502+0000][1][gc,age       ] GC(73) - age   5:       3048 bytes,      32384 total
[2020-09-11T13:25:33.502+0000][1][gc,age       ] GC(73) - age   6:      24312 bytes,      56696 total
[2020-09-11T13:25:33.502+0000][1][gc,heap      ] GC(73) ParNew: 69942K->543K(76672K)
[2020-09-11T13:25:33.502+0000][1][gc,heap      ] GC(73) CMS: 66001K->66344K(439104K)
[2020-09-11T13:25:33.502+0000][1][gc,metaspace ] GC(73) Metaspace: 77743K->77743K(1120256K)
[2020-09-11T13:25:33.502+0000][1][gc           ] GC(73) Pause Young (Allocation Failure) 132M->65M(503M) 6.010ms
[2020-09-11T13:25:33.502+0000][1][gc,cpu       ] GC(73) User=0.00s Sys=0.00s Real=0.00s
[2020-09-11T13:25:33.502+0000][1][safepoint    ] Safepoint "GenCollectForAllocation", Time since last: 104446907 ns, Reaching safepoint: 193066 ns, At safepoint: 6098062 ns, Total: 6291128 ns
[2020-09-11T13:25:34.503+0000][1][safepoint    ] Safepoint "Cleanup", Time since last: 1001305624 ns, Reaching safepoint: 108239 ns, At safepoint: 42608 ns, Total: 150847 ns
[2020-09-11T13:25:35.503+0000][1][safepoint    ] Safepoint "Cleanup", Time since last: 1000149656 ns, Reaching safepoint: 59111 ns, At safepoint: 13748 ns, Total: 72859 ns
[2020-09-11T13:25:36.504+0000][1][safepoint    ] Safepoint "Cleanup", Time since last: 1000527258 ns, Reaching safepoint: 112014 ns, At safepoint: 14623 ns, Total: 126637 ns
[2020-09-11T13:25:37.505+0000][1][safepoint    ] Safepoint "Cleanup", Time since last: 1000403749 ns, Reaching safepoint: 144930 ns, At safepoint: 13995 ns, Total: 158925 ns
[2020-09-11T13:25:38.507+0000][1][safepoint    ] Safepoint "Cleanup", Time since last: 1000170133 ns, Reaching safepoint: 2157067 ns, At safepoint: 24436 ns, Total: 2181503 ns
[2020-09-11T13:25:39.508+0000][1][safepoint    ] Safepoint "Cleanup", Time since last: 1000449931 ns, Reaching safepoint: 177791 ns, At safepoint: 14266 ns, Total: 192057 ns
[2020-09-11T13:25:40.508+0000][1][safepoint    ] Safepoint "Cleanup", Time since last: 1000152356 ns, Reaching safepoint: 70056 ns, At safepoint: 8280 ns, Total: 78336 ns
[2020-09-11T13:25:41.508+0000][1][safepoint    ] Safepoint "Cleanup", Time since last: 1000179757 ns, Reaching safepoint: 124503 ns, At safepoint: 17370 ns, Total: 141873 ns
[2020-09-11T13:25:42.508+0000][1][safepoint    ] Safepoint "Cleanup", Time since last: 1000160002 ns, Reaching safepoint: 68847 ns, At safepoint: 7453 ns, Total: 76300 ns
[2020-09-11T13:25:43.509+0000][1][safepoint    ] Safepoint "Cleanup", Time since last: 1000166148 ns, Reaching safepoint: 96366 ns, At safepoint: 6437 ns, Total: 102803 ns
[2020-09-11T13:25:44.509+0000][1][safepoint    ] Safepoint "Cleanup", Time since last: 1000172518 ns, Reaching safepoint: 101531 ns, At safepoint: 7578 ns, Total: 109109 ns
[2020-09-11T13:25:45.509+0000][1][safepoint    ] Safepoint "Cleanup", Time since last: 1000177708 ns, Reaching safepoint: 96090 ns, At safepoint: 6507 ns, Total: 102597 ns
[2020-09-11T13:25:46.509+0000][1][safepoint    ] Safepoint "Cleanup", Time since last: 1000167944 ns, Reaching safepoint: 94344 ns, At safepoint: 7265 ns, Total: 101609 ns
[2020-09-11T13:25:47.510+0000][1][safepoint    ] Safepoint "Cleanup", Time since last: 1000185969 ns, Reaching safepoint: 119357 ns, At safepoint: 16491 ns, Total: 135848 ns
[2020-09-11T13:25:48.510+0000][1][safepoint    ] Safepoint "Cleanup", Time since last: 1000166076 ns, Reaching safepoint: 67013 ns, At safepoint: 7470 ns, Total: 74483 ns
[2020-09-11T13:25:49.510+0000][1][safepoint    ] Safepoint "Cleanup", Time since last: 1000194839 ns, Reaching safepoint: 97987 ns, At safepoint: 7589 ns, Total: 105576 ns
[2020-09-11T13:25:50.511+0000][1][safepoint    ] Safepoint "Cleanup", Time since last: 1000152584 ns, Reaching safepoint: 122952 ns, At safepoint: 16561 ns, Total: 139513 ns
[2020-09-11T13:25:51.512+0000][1][safepoint    ] Safepoint "Cleanup", Time since last: 1001118107 ns, Reaching safepoint: 104228 ns, At safepoint: 7071 ns, Total: 111299 ns
[2020-09-11T13:25:52.512+0000][1][safepoint    ] Safepoint "Cleanup", Time since last: 1000309974 ns, Reaching safepoint: 67440 ns, At safepoint: 6747 ns, Total: 74187 ns
[2020-09-11T13:25:53.513+0000][1][safepoint    ] Safepoint "Cleanup", Time since last: 1000590765 ns, Reaching safepoint: 55646 ns, At safepoint: 4717 ns, Total: 60363 ns
[2020-09-11T13:25:54.513+0000][1][safepoint    ] Safepoint "Cleanup", Time since last: 1000119902 ns, Reaching safepoint: 112518 ns, At safepoint: 15055 ns, Total: 127573 ns
[2020-09-11T13:25:55.513+0000][1][safepoint    ] Safepoint "Cleanup", Time since last: 1000190910 ns, Reaching safepoint: 58980 ns, At safepoint: 5221 ns, Total: 64201 ns
[2020-09-11T13:25:56.530+0000][1][safepoint    ] Safepoint "Cleanup", Time since last: 1016198733 ns, Reaching safepoint: 103511 ns, At safepoint: 5898 ns, Total: 109409 ns
[2020-09-11T13:25:57.530+0000][1][safepoint    ] Safepoint "Cleanup", Time since last: 1000122941 ns, Reaching safepoint: 61095 ns, At safepoint: 5423 ns, Total: 66518 ns
[2020-09-11T13:25:58.530+0000][1][safepoint    ] Safepoint "Cleanup", Time since last: 1000107615 ns, Reaching safepoint: 171500 ns, At safepoint: 6721 ns, Total: 178221 ns
[2020-09-11T13:25:59.530+0000][1][safepoint    ] Safepoint "Cleanup", Time since last: 1000182234 ns, Reaching safepoint: 124566 ns, At safepoint: 16989 ns, Total: 141555 ns
[2020-09-11T13:26:18.534+0000][1][safepoint    ] Safepoint "Cleanup", Time since last: 19003500356 ns, Reaching safepoint: 126414 ns, At safepoint: 17577 ns, Total: 143991 ns
[2020-09-11T13:26:20.535+0000][1][safepoint    ] Safepoint "Cleanup", Time since last: 2000341064 ns, Reaching safepoint: 111555 ns, At safepoint: 7399 ns, Total: 118954 ns
[2020-09-11T13:26:21.535+0000][1][safepoint    ] Safepoint "Cleanup", Time since last: 1000137739 ns, Reaching safepoint: 94719 ns, At safepoint: 7072 ns, Total: 101791 ns
[2020-09-11T13:26:29.536+0000][1][safepoint    ] Safepoint "Cleanup", Time since last: 8001035476 ns, Reaching safepoint: 155250 ns, At safepoint: 12986 ns, Total: 168236 ns
[2020-09-11T13:26:34.537+0000][1][safepoint    ] Safepoint "Cleanup", Time since last: 5000828618 ns, Reaching safepoint: 108845 ns, At safepoint: 7826 ns, Total: 116671 ns
[2020-09-11T13:26:38.604+0000][1][gc,start     ] GC(74) Pause Young (Allocation Failure)
[2020-09-11T13:26:38.604+0000][1][gc,task      ] GC(74) Using 1 workers of 1 for evacuation
[2020-09-11T13:26:38.610+0000][1][gc,age       ] GC(74) Desired survivor size 4358144 bytes, new threshold 6 (max threshold 6)
[2020-09-11T13:26:38.610+0000][1][gc,age       ] GC(74) Age table with threshold 6 (max threshold 6)
[2020-09-11T13:26:38.610+0000][1][gc,age       ] GC(74) - age   1:      13040 bytes,      13040 total
[2020-09-11T13:26:38.610+0000][1][gc,age       ] GC(74) - age   2:       4672 bytes,      17712 total
[2020-09-11T13:26:38.610+0000][1][gc,age       ] GC(74) - age   3:       3960 bytes,      21672 total
[2020-09-11T13:26:38.610+0000][1][gc,age       ] GC(74) - age   4:       5544 bytes,      27216 total
[2020-09-11T13:26:38.610+0000][1][gc,age       ] GC(74) - age   5:       4736 bytes,      31952 total
[2020-09-11T13:26:38.610+0000][1][gc,age       ] GC(74) - age   6:       3048 bytes,      35000 total
[2020-09-11T13:26:38.610+0000][1][gc,heap      ] GC(74) ParNew: 68703K->146K(76672K)
[2020-09-11T13:26:38.610+0000][1][gc,heap      ] GC(74) CMS: 66344K->66368K(439104K)
[2020-09-11T13:26:38.610+0000][1][gc,metaspace ] GC(74) Metaspace: 77801K->77801K(1120256K)
[2020-09-11T13:26:38.610+0000][1][gc           ] GC(74) Pause Young (Allocation Failure) 131M->64M(503M) 5.731ms
[2020-09-11T13:26:38.610+0000][1][gc,cpu       ] GC(74) User=0.01s Sys=0.00s Real=0.00s
[2020-09-11T13:26:38.610+0000][1][safepoint    ] Safepoint "GenCollectForAllocation", Time since last: 4067010473 ns, Reaching safepoint: 172009 ns, At safepoint: 5798929 ns, Total: 5970938 ns
[2020-09-11T13:26:40.611+0000][1][safepoint    ] Safepoint "Cleanup", Time since last: 2001180159 ns, Reaching safepoint: 173732 ns, At safepoint: 6579 ns, Total: 180311 ns
[2020-09-11T13:26:43.612+0000][1][safepoint    ] Safepoint "Cleanup", Time since last: 3000285240 ns, Reaching safepoint: 133906 ns, At safepoint: 6427 ns, Total: 140333 ns
[2020-09-11T13:26:45.613+0000][1][safepoint    ] Safepoint "Cleanup", Time since last: 2000798778 ns, Reaching safepoint: 130012 ns, At safepoint: 16919 ns, Total: 146931 ns
[2020-09-11T13:26:51.614+0000][1][safepoint    ] Safepoint "Cleanup", Time since last: 6000945462 ns, Reaching safepoint: 99341 ns, At safepoint: 7358 ns, Total: 106699 ns
[2020-09-11T13:26:53.614+0000][1][safepoint    ] Safepoint "Cleanup", Time since last: 2000358553 ns, Reaching safepoint: 99683 ns, At safepoint: 8052 ns, Total: 107735 ns
[2020-09-11T13:26:54.614+0000][1][safepoint    ] Safepoint "Cleanup", Time since last: 1000180701 ns, Reaching safepoint: 86671 ns, At safepoint: 7111 ns, Total: 93782 ns
[2020-09-11T13:26:57.615+0000][1][safepoint    ] Safepoint "Cleanup", Time since last: 3000410501 ns, Reaching safepoint: 92734 ns, At safepoint: 7348 ns, Total: 100082 ns
[2020-09-11T13:27:04.616+0000][1][safepoint    ] Safepoint "Cleanup", Time since last: 7000941612 ns, Reaching safepoint: 99176 ns, At safepoint: 6935 ns, Total: 106111 ns
[2020-09-11T13:27:25.619+0000][1][safepoint    ] Safepoint "Cleanup", Time since last: 21002801456 ns, Reaching safepoint: 107458 ns, At safepoint: 7808 ns, Total: 115266 ns
[2020-09-11T13:27:29.620+0000][1][safepoint    ] Safepoint "Cleanup", Time since last: 4000611687 ns, Reaching safepoint: 131792 ns, At safepoint: 17945 ns, Total: 149737 ns
[2020-09-11T13:27:31.620+0000][1][safepoint    ] Safepoint "Cleanup", Time since last: 2000361988 ns, Reaching safepoint: 138257 ns, At safepoint: 12382 ns, Total: 150639 ns
[2020-09-11T13:27:32.621+0000][1][safepoint    ] Safepoint "Cleanup", Time since last: 1000215367 ns, Reaching safepoint: 103255 ns, At safepoint: 6993 ns, Total: 110248 ns
[2020-09-11T13:27:39.622+0000][1][safepoint    ] Safepoint "Cleanup", Time since last: 7001011779 ns, Reaching safepoint: 143980 ns, At safepoint: 18022 ns, Total: 162002 ns
[2020-09-11T13:27:43.874+0000][1][gc,start     ] GC(75) Pause Young (Allocation Failure)
[2020-09-11T13:27:43.874+0000][1][gc,task      ] GC(75) Using 1 workers of 1 for evacuation
[2020-09-11T13:27:43.880+0000][1][gc,age       ] GC(75) Desired survivor size 4358144 bytes, new threshold 6 (max threshold 6)
[2020-09-11T13:27:43.880+0000][1][gc,age       ] GC(75) Age table with threshold 6 (max threshold 6)
[2020-09-11T13:27:43.880+0000][1][gc,age       ] GC(75) - age   1:      11408 bytes,      11408 total
[2020-09-11T13:27:43.880+0000][1][gc,age       ] GC(75) - age   2:       4216 bytes,      15624 total
[2020-09-11T13:27:43.880+0000][1][gc,age       ] GC(75) - age   3:       3400 bytes,      19024 total
[2020-09-11T13:27:43.880+0000][1][gc,age       ] GC(75) - age   4:       3960 bytes,      22984 total
[2020-09-11T13:27:43.880+0000][1][gc,age       ] GC(75) - age   5:       5544 bytes,      28528 total
[2020-09-11T13:27:43.880+0000][1][gc,age       ] GC(75) - age   6:       4736 bytes,      33264 total
[2020-09-11T13:27:43.880+0000][1][gc,heap      ] GC(75) ParNew: 68249K->45K(76672K)
[2020-09-11T13:27:43.880+0000][1][gc,heap      ] GC(75) CMS: 66368K->66371K(439104K)
[2020-09-11T13:27:43.880+0000][1][gc,metaspace ] GC(75) Metaspace: 77813K->77813K(1120256K)
[2020-09-11T13:27:43.880+0000][1][gc           ] GC(75) Pause Young (Allocation Failure) 131M->64M(503M) 5.975ms
[2020-09-11T13:27:43.880+0000][1][gc,cpu       ] GC(75) User=0.01s Sys=0.00s Real=0.01s
[2020-09-11T13:27:43.880+0000][1][safepoint    ] Safepoint "GenCollectForAllocation", Time since last: 4252454294 ns, Reaching safepoint: 116387 ns, At safepoint: 6047395 ns, Total: 6163782 ns
[2020-09-11T13:27:51.886+0000][1][safepoint    ] Safepoint "Cleanup", Time since last: 8005728536 ns, Reaching safepoint: 122742 ns, At safepoint: 17617 ns, Total: 140359 ns
[2020-09-11T13:27:54.887+0000][1][safepoint    ] Safepoint "Cleanup", Time since last: 3000482914 ns, Reaching safepoint: 93391 ns, At safepoint: 7482 ns, Total: 100873 ns
[2020-09-11T13:27:55.887+0000][1][safepoint    ] Safepoint "Cleanup", Time since last: 1000189042 ns, Reaching safepoint: 97949 ns, At safepoint: 6372 ns, Total: 104321 ns
[2020-09-11T13:27:58.888+0000][1][safepoint    ] Safepoint "Cleanup", Time since last: 3000404964 ns, Reaching safepoint: 94348 ns, At safepoint: 7094 ns, Total: 101442 ns
[2020-09-11T13:28:02.888+0000][1][safepoint    ] Safepoint "Cleanup", Time since last: 4000569748 ns, Reaching safepoint: 153769 ns, At safepoint: 20206 ns, Total: 173975 ns
[2020-09-11T13:28:17.891+0000][1][safepoint    ] Safepoint "Cleanup", Time since last: 15002258299 ns, Reaching safepoint: 130156 ns, At safepoint: 17837 ns, Total: 147993 ns
[2020-09-11T13:28:22.892+0000][1][safepoint    ] Safepoint "Cleanup", Time since last: 5000750721 ns, Reaching safepoint: 125781 ns, At safepoint: 17932 ns, Total: 143713 ns
[2020-09-11T13:28:25.892+0000][1][safepoint    ] Safepoint "Cleanup", Time since last: 3000505694 ns, Reaching safepoint: 98061 ns, At safepoint: 6690 ns, Total: 104751 ns
[2020-09-11T13:28:29.893+0000][1][safepoint    ] Safepoint "Cleanup", Time since last: 4000566135 ns, Reaching safepoint: 114526 ns, At safepoint: 7461 ns, Total: 121987 ns
[2020-09-11T13:28:33.894+0000][1][safepoint    ] Safepoint "Cleanup", Time since last: 4000483926 ns, Reaching safepoint: 193100 ns, At safepoint: 18953 ns, Total: 212053 ns
[2020-09-11T13:28:34.894+0000][1][safepoint    ] Safepoint "Cleanup", Time since last: 1000204799 ns, Reaching safepoint: 126099 ns, At safepoint: 16401 ns, Total: 142500 ns
[2020-09-11T13:28:40.895+0000][1][safepoint    ] Safepoint "Cleanup", Time since last: 6000820356 ns, Reaching safepoint: 84774 ns, At safepoint: 8099 ns, Total: 92873 ns
[2020-09-11T13:28:49.369+0000][1][gc,start     ] GC(76) Pause Young (Allocation Failure)
[2020-09-11T13:28:49.369+0000][1][gc,task      ] GC(76) Using 1 workers of 1 for evacuation
[2020-09-11T13:28:49.379+0000][1][gc,age       ] GC(76) Desired survivor size 4358144 bytes, new threshold 6 (max threshold 6)
[2020-09-11T13:28:49.379+0000][1][gc,age       ] GC(76) Age table with threshold 6 (max threshold 6)
[2020-09-11T13:28:49.379+0000][1][gc,age       ] GC(76) - age   1:      13808 bytes,      13808 total
[2020-09-11T13:28:49.379+0000][1][gc,age       ] GC(76) - age   2:       3800 bytes,      17608 total
[2020-09-11T13:28:49.379+0000][1][gc,age       ] GC(76) - age   3:       2944 bytes,      20552 total
[2020-09-11T13:28:49.379+0000][1][gc,age       ] GC(76) - age   4:       3400 bytes,      23952 total
[2020-09-11T13:28:49.379+0000][1][gc,age       ] GC(76) - age   5:       3960 bytes,      27912 total
[2020-09-11T13:28:49.379+0000][1][gc,age       ] GC(76) - age   6:       5544 bytes,      33456 total
[2020-09-11T13:28:49.379+0000][1][gc,heap      ] GC(76) ParNew: 68205K->35K(76672K)
[2020-09-11T13:28:49.379+0000][1][gc,heap      ] GC(76) CMS: 66371K->66376K(439104K)
[2020-09-11T13:28:49.379+0000][1][gc,metaspace ] GC(76) Metaspace: 77822K->77822K(1120256K)
[2020-09-11T13:28:49.379+0000][1][gc           ] GC(76) Pause Young (Allocation Failure) 131M->64M(503M) 10.185ms
[2020-09-11T13:28:49.379+0000][1][gc,cpu       ] GC(76) User=0.01s Sys=0.00s Real=0.01s
[2020-09-11T13:28:49.379+0000][1][safepoint    ] Safepoint "GenCollectForAllocation", Time since last: 8473589100 ns, Reaching safepoint: 334882 ns, At safepoint: 10408145 ns, Total: 10743027 ns
[2020-09-11T13:28:52.381+0000][1][safepoint    ] Safepoint "Cleanup", Time since last: 3001905265 ns, Reaching safepoint: 128942 ns, At safepoint: 49520 ns, Total: 178462 ns
[2020-09-11T13:28:53.382+0000][1][safepoint    ] Safepoint "Cleanup", Time since last: 1000228036 ns, Reaching safepoint: 91319 ns, At safepoint: 6675 ns, Total: 97994 ns
[2020-09-11T13:28:56.382+0000][1][safepoint    ] Safepoint "Cleanup", Time since last: 3000433637 ns, Reaching safepoint: 131609 ns, At safepoint: 17847 ns, Total: 149456 ns
[2020-09-11T13:29:07.384+0000][1][safepoint    ] Safepoint "Cleanup", Time since last: 11001685897 ns, Reaching safepoint: 162783 ns, At safepoint: 15396 ns, Total: 178179 ns
[2020-09-11T13:29:09.385+0000][1][safepoint    ] Safepoint "Cleanup", Time since last: 2000374800 ns, Reaching safepoint: 116076 ns, At safepoint: 16268 ns, Total: 132344 ns
[2020-09-11T13:29:11.385+0000][1][safepoint    ] Safepoint "Cleanup", Time since last: 2000349596 ns, Reaching safepoint: 88583 ns, At safepoint: 7317 ns, Total: 95900 ns
[2020-09-11T13:29:23.387+0000][1][safepoint    ] Safepoint "Cleanup", Time since last: 12001559268 ns, Reaching safepoint: 85332 ns, At safepoint: 7481 ns, Total: 92813 ns
[2020-09-11T13:29:30.388+0000][1][safepoint    ] Safepoint "Cleanup", Time since last: 7000951842 ns, Reaching safepoint: 125932 ns, At safepoint: 16702 ns, Total: 142634 ns
[2020-09-11T13:29:53.845+0000][1][gc,start     ] GC(77) Pause Young (Allocation Failure)
[2020-09-11T13:29:53.845+0000][1][gc,task      ] GC(77) Using 1 workers of 1 for evacuation
[2020-09-11T13:29:53.849+0000][1][gc,age       ] GC(77) Desired survivor size 4358144 bytes, new threshold 6 (max threshold 6)
[2020-09-11T13:29:53.849+0000][1][gc,age       ] GC(77) Age table with threshold 6 (max threshold 6)
[2020-09-11T13:29:53.849+0000][1][gc,age       ] GC(77) - age   1:      21736 bytes,      21736 total
[2020-09-11T13:29:53.849+0000][1][gc,age       ] GC(77) - age   2:       5768 bytes,      27504 total
[2020-09-11T13:29:53.849+0000][1][gc,age       ] GC(77) - age   3:       3768 bytes,      31272 total
[2020-09-11T13:29:53.849+0000][1][gc,age       ] GC(77) - age   4:       2944 bytes,      34216 total
[2020-09-11T13:29:53.849+0000][1][gc,age       ] GC(77) - age   5:       3400 bytes,      37616 total
[2020-09-11T13:29:53.849+0000][1][gc,age       ] GC(77) - age   6:       1480 bytes,      39096 total
[2020-09-11T13:29:53.849+0000][1][gc,heap      ] GC(77) ParNew: 68195K->66K(76672K)
[2020-09-11T13:29:53.849+0000][1][gc,heap      ] GC(77) CMS: 66376K->66382K(439104K)
[2020-09-11T13:29:53.849+0000][1][gc,metaspace ] GC(77) Metaspace: 77835K->77835K(1120256K)
[2020-09-11T13:29:53.849+0000][1][gc           ] GC(77) Pause Young (Allocation Failure) 131M->64M(503M) 4.138ms
[2020-09-11T13:29:53.849+0000][1][gc,cpu       ] GC(77) User=0.00s Sys=0.00s Real=0.00s
[2020-09-11T13:29:53.849+0000][1][safepoint    ] Safepoint "GenCollectForAllocation", Time since last: 23457215827 ns, Reaching safepoint: 182714 ns, At safepoint: 4199829 ns, Total: 4382543 ns
[2020-09-11T13:30:14.857+0000][1][safepoint    ] Safepoint "Cleanup", Time since last: 21007702176 ns, Reaching safepoint: 123287 ns, At safepoint: 17226 ns, Total: 140513 ns
[2020-09-11T13:30:19.858+0000][1][safepoint    ] Safepoint "Cleanup", Time since last: 5000815670 ns, Reaching safepoint: 119498 ns, At safepoint: 16391 ns, Total: 135889 ns
[2020-09-11T13:30:20.859+0000][1][safepoint    ] Safepoint "Cleanup", Time since last: 1000214629 ns, Reaching safepoint: 118385 ns, At safepoint: 17096 ns, Total: 135481 ns
[2020-09-11T13:30:21.859+0000][1][safepoint    ] Safepoint "Cleanup", Time since last: 1000189321 ns, Reaching safepoint: 118599 ns, At safepoint: 17433 ns, Total: 136032 ns
[2020-09-11T13:30:22.859+0000][1][safepoint    ] Safepoint "Cleanup", Time since last: 1000240654 ns, Reaching safepoint: 117125 ns, At safepoint: 17116 ns, Total: 134241 ns
[2020-09-11T13:30:23.860+0000][1][safepoint    ] Safepoint "Cleanup", Time since last: 1000205742 ns, Reaching safepoint: 110486 ns, At safepoint: 16822 ns, Total: 127308 ns
[2020-09-11T13:30:24.860+0000][1][safepoint    ] Safepoint "Cleanup", Time since last: 1000186574 ns, Reaching safepoint: 123486 ns, At safepoint: 17718 ns, Total: 141204 ns
[2020-09-11T13:30:25.860+0000][1][safepoint    ] Safepoint "Cleanup", Time since last: 1000225226 ns, Reaching safepoint: 109582 ns, At safepoint: 16919 ns, Total: 126501 ns
[2020-09-11T13:30:26.861+0000][1][safepoint    ] Safepoint "Cleanup", Time since last: 1000221956 ns, Reaching safepoint: 110727 ns, At safepoint: 17136 ns, Total: 127863 ns
[2020-09-11T13:30:27.861+0000][1][safepoint    ] Safepoint "Cleanup", Time since last: 1000208901 ns, Reaching safepoint: 113717 ns, At safepoint: 16094 ns, Total: 129811 ns
[2020-09-11T13:30:28.861+0000][1][safepoint    ] Safepoint "Cleanup", Time since last: 1000214330 ns, Reaching safepoint: 113728 ns, At safepoint: 17092 ns, Total: 130820 ns
[2020-09-11T13:30:29.862+0000][1][safepoint    ] Safepoint "Cleanup", Time since last: 1000184567 ns, Reaching safepoint: 113077 ns, At safepoint: 16464 ns, Total: 129541 ns
[2020-09-11T13:30:30.862+0000][1][safepoint    ] Safepoint "Cleanup", Time since last: 1000221690 ns, Reaching safepoint: 115301 ns, At safepoint: 17958 ns, Total: 133259 ns
[2020-09-11T13:30:31.862+0000][1][safepoint    ] Safepoint "Cleanup", Time since last: 1000248413 ns, Reaching safepoint: 114720 ns, At safepoint: 16437 ns, Total: 131157 ns
[2020-09-11T13:30:32.863+0000][1][safepoint    ] Safepoint "Cleanup", Time since last: 1000257496 ns, Reaching safepoint: 117129 ns, At safepoint: 16685 ns, Total: 133814 ns
[2020-09-11T13:30:33.863+0000][1][safepoint    ] Safepoint "Cleanup", Time since last: 1000250916 ns, Reaching safepoint: 148464 ns, At safepoint: 18225 ns, Total: 166689 ns
[2020-09-11T13:30:34.864+0000][1][safepoint    ] Safepoint "Cleanup", Time since last: 1000248520 ns, Reaching safepoint: 134726 ns, At safepoint: 15960 ns, Total: 150686 ns
[2020-09-11T13:30:35.864+0000][1][safepoint    ] Safepoint "Cleanup", Time since last: 1000212612 ns, Reaching safepoint: 121639 ns, At safepoint: 17547 ns, Total: 139186 ns
[2020-09-11T13:30:36.864+0000][1][safepoint    ] Safepoint "Cleanup", Time since last: 1000189630 ns, Reaching safepoint: 114409 ns, At safepoint: 16311 ns, Total: 130720 ns
[2020-09-11T13:30:37.865+0000][1][safepoint    ] Safepoint "Cleanup", Time since last: 1000191342 ns, Reaching safepoint: 114613 ns, At safepoint: 16227 ns, Total: 130840 ns
[2020-09-11T13:30:38.865+0000][1][safepoint    ] Safepoint "Cleanup", Time since last: 1000211174 ns, Reaching safepoint: 112795 ns, At safepoint: 17387 ns, Total: 130182 ns
[2020-09-11T13:30:39.865+0000][1][safepoint    ] Safepoint "Cleanup", Time since last: 1000213758 ns, Reaching safepoint: 111246 ns, At safepoint: 16117 ns, Total: 127363 ns
[2020-09-11T13:30:40.866+0000][1][safepoint    ] Safepoint "Cleanup", Time since last: 1000229931 ns, Reaching safepoint: 114960 ns, At safepoint: 17587 ns, Total: 132547 ns
[2020-09-11T13:30:41.866+0000][1][safepoint    ] Safepoint "Cleanup", Time since last: 1000234310 ns, Reaching safepoint: 122775 ns, At safepoint: 17327 ns, Total: 140102 ns
[2020-09-11T13:30:42.866+0000][1][safepoint    ] Safepoint "Cleanup", Time since last: 1000221481 ns, Reaching safepoint: 142640 ns, At safepoint: 14337 ns, Total: 156977 ns
[2020-09-11T13:30:43.867+0000][1][safepoint    ] Safepoint "Cleanup", Time since last: 1000174583 ns, Reaching safepoint: 117129 ns, At safepoint: 16742 ns, Total: 133871 ns
[2020-09-11T13:30:55.868+0000][1][safepoint    ] Safepoint "Cleanup", Time since last: 12001673562 ns, Reaching safepoint: 125304 ns, At safepoint: 18298 ns, Total: 143602 ns
[2020-09-11T13:30:56.663+0000][1][gc,start     ] GC(78) Pause Young (Allocation Failure)
[2020-09-11T13:30:56.663+0000][1][gc,task      ] GC(78) Using 1 workers of 1 for evacuation
[2020-09-11T13:30:56.673+0000][1][gc,age       ] GC(78) Desired survivor size 4358144 bytes, new threshold 6 (max threshold 6)
[2020-09-11T13:30:56.673+0000][1][gc,age       ] GC(78) Age table with threshold 6 (max threshold 6)
[2020-09-11T13:30:56.673+0000][1][gc,age       ] GC(78) - age   1:      14408 bytes,      14408 total
[2020-09-11T13:30:56.673+0000][1][gc,age       ] GC(78) - age   2:      15224 bytes,      29632 total
[2020-09-11T13:30:56.673+0000][1][gc,age       ] GC(78) - age   3:       4496 bytes,      34128 total
[2020-09-11T13:30:56.673+0000][1][gc,age       ] GC(78) - age   4:       2528 bytes,      36656 total
[2020-09-11T13:30:56.673+0000][1][gc,age       ] GC(78) - age   5:       2944 bytes,      39600 total
[2020-09-11T13:30:56.673+0000][1][gc,age       ] GC(78) - age   6:       3400 bytes,      43000 total
[2020-09-11T13:30:56.673+0000][1][gc,heap      ] GC(78) ParNew: 68226K->45K(76672K)
[2020-09-11T13:30:56.673+0000][1][gc,heap      ] GC(78) CMS: 66382K->66383K(439104K)
[2020-09-11T13:30:56.673+0000][1][gc,metaspace ] GC(78) Metaspace: 77846K->77846K(1120256K)
[2020-09-11T13:30:56.673+0000][1][gc           ] GC(78) Pause Young (Allocation Failure) 131M->64M(503M) 10.728ms
[2020-09-11T13:30:56.673+0000][1][gc,cpu       ] GC(78) User=0.01s Sys=0.00s Real=0.01s
[2020-09-11T13:30:56.675+0000][1][safepoint    ] Safepoint "GenCollectForAllocation", Time since last: 794100758 ns, Reaching safepoint: 116574 ns, At safepoint: 12103896 ns, Total: 12220470 ns
[2020-09-11T13:31:14.679+0000][1][safepoint    ] Safepoint "Cleanup", Time since last: 18004316808 ns, Reaching safepoint: 94013 ns, At safepoint: 6689 ns, Total: 100702 ns
[2020-09-11T13:31:20.680+0000][1][safepoint    ] Safepoint "Cleanup", Time since last: 6000938316 ns, Reaching safepoint: 123474 ns, At safepoint: 16558 ns, Total: 140032 ns
[2020-09-11T13:31:26.681+0000][1][safepoint    ] Safepoint "Cleanup", Time since last: 6000879075 ns, Reaching safepoint: 133339 ns, At safepoint: 17313 ns, Total: 150652 ns
[2020-09-11T13:31:56.685+0000][1][safepoint    ] Safepoint "Cleanup", Time since last: 30003970436 ns, Reaching safepoint: 132153 ns, At safepoint: 17583 ns, Total: 149736 ns
[2020-09-11T13:31:58.686+0000][1][safepoint    ] Safepoint "Cleanup", Time since last: 2000345052 ns, Reaching safepoint: 133186 ns, At safepoint: 17941 ns, Total: 151127 ns
[2020-09-11T13:31:59.686+0000][1][safepoint    ] Safepoint "Cleanup", Time since last: 1000194015 ns, Reaching safepoint: 137576 ns, At safepoint: 18786 ns, Total: 156362 ns
[2020-09-11T13:31:59.700+0000][1][gc,start     ] GC(79) Pause Young (Allocation Failure)
[2020-09-11T13:31:59.700+0000][1][gc,task      ] GC(79) Using 1 workers of 1 for evacuation
[2020-09-11T13:31:59.707+0000][1][gc,age       ] GC(79) Desired survivor size 4358144 bytes, new threshold 6 (max threshold 6)
[2020-09-11T13:31:59.707+0000][1][gc,age       ] GC(79) Age table with threshold 6 (max threshold 6)
[2020-09-11T13:31:59.707+0000][1][gc,age       ] GC(79) - age   1:       9880 bytes,       9880 total
[2020-09-11T13:31:59.707+0000][1][gc,age       ] GC(79) - age   2:       6816 bytes,      16696 total
[2020-09-11T13:31:59.707+0000][1][gc,age       ] GC(79) - age   3:      15224 bytes,      31920 total
[2020-09-11T13:31:59.707+0000][1][gc,age       ] GC(79) - age   4:       3256 bytes,      35176 total
[2020-09-11T13:31:59.707+0000][1][gc,age       ] GC(79) - age   5:       2528 bytes,      37704 total
[2020-09-11T13:31:59.707+0000][1][gc,age       ] GC(79) - age   6:       2944 bytes,      40648 total
[2020-09-11T13:31:59.707+0000][1][gc,heap      ] GC(79) ParNew: 68205K->74K(76672K)
[2020-09-11T13:31:59.707+0000][1][gc,heap      ] GC(79) CMS: 66383K->66386K(439104K)
[2020-09-11T13:31:59.707+0000][1][gc,metaspace ] GC(79) Metaspace: 77850K->77850K(1120256K)
[2020-09-11T13:31:59.707+0000][1][gc           ] GC(79) Pause Young (Allocation Failure) 131M->64M(503M) 7.570ms
[2020-09-11T13:31:59.707+0000][1][gc,cpu       ] GC(79) User=0.00s Sys=0.00s Real=0.01s
[2020-09-11T13:31:59.707+0000][1][safepoint    ] Safepoint "GenCollectForAllocation", Time since last: 13231900 ns, Reaching safepoint: 101303 ns, At safepoint: 7635360 ns, Total: 7736663 ns
[2020-09-11T13:32:13.709+0000][1][safepoint    ] Safepoint "Cleanup", Time since last: 14001857530 ns, Reaching safepoint: 130436 ns, At safepoint: 17220 ns, Total: 147656 ns
[2020-09-11T13:32:21.711+0000][1][safepoint    ] Safepoint "Cleanup", Time since last: 8001152040 ns, Reaching safepoint: 124545 ns, At safepoint: 6489 ns, Total: 131034 ns
[2020-09-11T13:32:26.711+0000][1][safepoint    ] Safepoint "Cleanup", Time since last: 5000602660 ns, Reaching safepoint: 128879 ns, At safepoint: 17834 ns, Total: 146713 ns
[2020-09-11T13:32:29.712+0000][1][safepoint    ] Safepoint "Cleanup", Time since last: 3000442522 ns, Reaching safepoint: 102946 ns, At safepoint: 6166 ns, Total: 109112 ns
[2020-09-11T13:32:42.714+0000][1][safepoint    ] Safepoint "Cleanup", Time since last: 13001826090 ns, Reaching safepoint: 136019 ns, At safepoint: 19248 ns, Total: 155267 ns
[2020-09-11T13:32:45.714+0000][1][safepoint    ] Safepoint "Cleanup", Time since last: 3000487600 ns, Reaching safepoint: 93697 ns, At safepoint: 7985 ns, Total: 101682 ns
[2020-09-11T13:32:53.540+0000][1][safepoint    ] Safepoint "Cleanup", Time since last: 7825015336 ns, Reaching safepoint: 181783 ns, At safepoint: 19973 ns, Total: 201756 ns
[2020-09-11T13:32:54.540+0000][1][safepoint    ] Safepoint "Cleanup", Time since last: 1000141982 ns, Reaching safepoint: 189343 ns, At safepoint: 10069 ns, Total: 199412 ns
[2020-09-11T13:33:02.560+0000][1][safepoint    ] Safepoint "Cleanup", Time since last: 8019753079 ns, Reaching safepoint: 138167 ns, At safepoint: 18034 ns, Total: 156201 ns
[2020-09-11T13:33:05.551+0000][1][gc,start     ] GC(80) Pause Young (Allocation Failure)
[2020-09-11T13:33:05.551+0000][1][gc,task      ] GC(80) Using 1 workers of 1 for evacuation
[2020-09-11T13:33:05.555+0000][1][gc,age       ] GC(80) Desired survivor size 4358144 bytes, new threshold 6 (max threshold 6)
[2020-09-11T13:33:05.555+0000][1][gc,age       ] GC(80) Age table with threshold 6 (max threshold 6)
[2020-09-11T13:33:05.555+0000][1][gc,age       ] GC(80) - age   1:       8880 bytes,       8880 total
[2020-09-11T13:33:05.555+0000][1][gc,age       ] GC(80) - age   2:       2320 bytes,      11200 total
[2020-09-11T13:33:05.555+0000][1][gc,age       ] GC(80) - age   3:       5544 bytes,      16744 total
[2020-09-11T13:33:05.555+0000][1][gc,age       ] GC(80) - age   4:      15224 bytes,      31968 total
[2020-09-11T13:33:05.555+0000][1][gc,age       ] GC(80) - age   5:       3256 bytes,      35224 total
[2020-09-11T13:33:05.555+0000][1][gc,age       ] GC(80) - age   6:       2528 bytes,      37752 total
[2020-09-11T13:33:05.555+0000][1][gc,heap      ] GC(80) ParNew: 68234K->48K(76672K)
[2020-09-11T13:33:05.555+0000][1][gc,heap      ] GC(80) CMS: 66386K->66389K(439104K)
[2020-09-11T13:33:05.555+0000][1][gc,metaspace ] GC(80) Metaspace: 77853K->77853K(1120256K)
[2020-09-11T13:33:05.555+0000][1][gc           ] GC(80) Pause Young (Allocation Failure) 131M->64M(503M) 4.409ms
[2020-09-11T13:33:05.555+0000][1][gc,cpu       ] GC(80) User=0.00s Sys=0.00s Real=0.00s
[2020-09-11T13:33:05.555+0000][1][safepoint    ] Safepoint "GenCollectForAllocation", Time since last: 2990766977 ns, Reaching safepoint: 62509 ns, At safepoint: 4469535 ns, Total: 4532044 ns
[2020-09-11T13:33:06.558+0000][1][safepoint    ] Safepoint "Cleanup", Time since last: 1002672500 ns, Reaching safepoint: 120720 ns, At safepoint: 42424 ns, Total: 163144 ns
[2020-09-11T13:33:39.563+0000][1][safepoint    ] Safepoint "Cleanup", Time since last: 33004566058 ns, Reaching safepoint: 130884 ns, At safepoint: 17924 ns, Total: 148808 ns
[2020-09-11T13:33:55.565+0000][1][safepoint    ] Safepoint "Cleanup", Time since last: 16002308386 ns, Reaching safepoint: 66000 ns, At safepoint: 9679 ns, Total: 75679 ns
[2020-09-11T13:34:03.566+0000][1][safepoint    ] Safepoint "Cleanup", Time since last: 8001031847 ns, Reaching safepoint: 70891 ns, At safepoint: 8540 ns, Total: 79431 ns
[2020-09-11T13:34:10.070+0000][1][gc,start     ] GC(81) Pause Young (Allocation Failure)
[2020-09-11T13:34:10.070+0000][1][gc,task      ] GC(81) Using 1 workers of 1 for evacuation
[2020-09-11T13:34:10.074+0000][1][gc,age       ] GC(81) Desired survivor size 4358144 bytes, new threshold 6 (max threshold 6)
[2020-09-11T13:34:10.074+0000][1][gc,age       ] GC(81) Age table with threshold 6 (max threshold 6)
[2020-09-11T13:34:10.074+0000][1][gc,age       ] GC(81) - age   1:      10008 bytes,      10008 total
[2020-09-11T13:34:10.074+0000][1][gc,age       ] GC(81) - age   2:       2512 bytes,      12520 total
[2020-09-11T13:34:10.074+0000][1][gc,age       ] GC(81) - age   3:       2288 bytes,      14808 total
[2020-09-11T13:34:10.074+0000][1][gc,age       ] GC(81) - age   4:       5544 bytes,      20352 total
[2020-09-11T13:34:10.074+0000][1][gc,age       ] GC(81) - age   5:      12744 bytes,      33096 total
[2020-09-11T13:34:10.074+0000][1][gc,age       ] GC(81) - age   6:       3256 bytes,      36352 total
[2020-09-11T13:34:10.074+0000][1][gc,heap      ] GC(81) ParNew: 68180K->67K(76672K)
[2020-09-11T13:34:10.074+0000][1][gc,heap      ] GC(81) CMS: 66389K->66392K(439104K)
[2020-09-11T13:34:10.074+0000][1][gc,metaspace ] GC(81) Metaspace: 77854K->77854K(1120256K)
[2020-09-11T13:34:10.074+0000][1][gc           ] GC(81) Pause Young (Allocation Failure) 131M->64M(503M) 4.339ms
[2020-09-11T13:34:10.074+0000][1][gc,cpu       ] GC(81) User=0.01s Sys=0.00s Real=0.00s
[2020-09-11T13:34:10.074+0000][1][safepoint    ] Safepoint "GenCollectForAllocation", Time since last: 6503798820 ns, Reaching safepoint: 62211 ns, At safepoint: 4396756 ns, Total: 4458967 ns
[2020-09-11T13:34:30.081+0000][1][safepoint    ] Safepoint "Cleanup", Time since last: 20006298427 ns, Reaching safepoint: 123453 ns, At safepoint: 16782 ns, Total: 140235 ns
[2020-09-11T13:34:57.085+0000][1][safepoint    ] Safepoint "Cleanup", Time since last: 27004040742 ns, Reaching safepoint: 162119 ns, At safepoint: 20630 ns, Total: 182749 ns
[2020-09-11T13:35:15.204+0000][1][gc,start     ] GC(82) Pause Young (Allocation Failure)
[2020-09-11T13:35:15.204+0000][1][gc,task      ] GC(82) Using 1 workers of 1 for evacuation
[2020-09-11T13:35:15.208+0000][1][gc,age       ] GC(82) Desired survivor size 4358144 bytes, new threshold 6 (max threshold 6)
[2020-09-11T13:35:15.208+0000][1][gc,age       ] GC(82) Age table with threshold 6 (max threshold 6)
[2020-09-11T13:35:15.208+0000][1][gc,age       ] GC(82) - age   1:      11088 bytes,      11088 total
[2020-09-11T13:35:15.208+0000][1][gc,age       ] GC(82) - age   2:       2784 bytes,      13872 total
[2020-09-11T13:35:15.208+0000][1][gc,age       ] GC(82) - age   3:       2480 bytes,      16352 total
[2020-09-11T13:35:15.208+0000][1][gc,age       ] GC(82) - age   4:       1048 bytes,      17400 total
[2020-09-11T13:35:15.208+0000][1][gc,age       ] GC(82) - age   5:       4304 bytes,      21704 total
[2020-09-11T13:35:15.208+0000][1][gc,age       ] GC(82) - age   6:      12744 bytes,      34448 total
[2020-09-11T13:35:15.208+0000][1][gc,heap      ] GC(82) ParNew: 68227K->43K(76672K)
[2020-09-11T13:35:15.208+0000][1][gc,heap      ] GC(82) CMS: 66392K->66395K(439104K)
[2020-09-11T13:35:15.208+0000][1][gc,metaspace ] GC(82) Metaspace: 77854K->77854K(1120256K)
[2020-09-11T13:35:15.208+0000][1][gc           ] GC(82) Pause Young (Allocation Failure) 131M->64M(503M) 3.969ms
[2020-09-11T13:35:15.208+0000][1][gc,cpu       ] GC(82) User=0.01s Sys=0.00s Real=0.00s
[2020-09-11T13:35:15.208+0000][1][safepoint    ] Safepoint "GenCollectForAllocation", Time since last: 18119023295 ns, Reaching safepoint: 64180 ns, At safepoint: 4032055 ns, Total: 4096235 ns
[2020-09-11T13:35:30.212+0000][1][safepoint    ] Safepoint "Cleanup", Time since last: 15003237321 ns, Reaching safepoint: 166876 ns, At safepoint: 17056 ns, Total: 183932 ns
[2020-09-11T13:35:53.215+0000][1][safepoint    ] Safepoint "Cleanup", Time since last: 23003433877 ns, Reaching safepoint: 137619 ns, At safepoint: 19030 ns, Total: 156649 ns
[2020-09-11T13:36:03.217+0000][1][safepoint    ] Safepoint "Cleanup", Time since last: 10001537618 ns, Reaching safepoint: 121816 ns, At safepoint: 17827 ns, Total: 139643 ns
[2020-09-11T13:36:18.219+0000][1][safepoint    ] Safepoint "Cleanup", Time since last: 15002184651 ns, Reaching safepoint: 117266 ns, At safepoint: 7373 ns, Total: 124639 ns
[2020-09-11T13:36:19.943+0000][1][gc,start     ] GC(83) Pause Young (Allocation Failure)
[2020-09-11T13:36:19.943+0000][1][gc,task      ] GC(83) Using 1 workers of 1 for evacuation
[2020-09-11T13:36:19.947+0000][1][gc,age       ] GC(83) Desired survivor size 4358144 bytes, new threshold 6 (max threshold 6)
[2020-09-11T13:36:19.947+0000][1][gc,age       ] GC(83) Age table with threshold 6 (max threshold 6)
[2020-09-11T13:36:19.947+0000][1][gc,age       ] GC(83) - age   1:      13000 bytes,      13000 total
[2020-09-11T13:36:19.947+0000][1][gc,age       ] GC(83) - age   2:       2624 bytes,      15624 total
[2020-09-11T13:36:19.947+0000][1][gc,age       ] GC(83) - age   3:       1512 bytes,      17136 total
[2020-09-11T13:36:19.947+0000][1][gc,age       ] GC(83) - age   4:       2480 bytes,      19616 total
[2020-09-11T13:36:19.947+0000][1][gc,age       ] GC(83) - age   5:       1048 bytes,      20664 total
[2020-09-11T13:36:19.947+0000][1][gc,age       ] GC(83) - age   6:       4304 bytes,      24968 total
[2020-09-11T13:36:19.947+0000][1][gc,heap      ] GC(83) ParNew: 68203K->30K(76672K)
[2020-09-11T13:36:19.947+0000][1][gc,heap      ] GC(83) CMS: 66395K->66408K(439104K)
[2020-09-11T13:36:19.947+0000][1][gc,metaspace ] GC(83) Metaspace: 77856K->77856K(1120256K)
[2020-09-11T13:36:19.947+0000][1][gc           ] GC(83) Pause Young (Allocation Failure) 131M->64M(503M) 4.356ms
[2020-09-11T13:36:19.947+0000][1][gc,cpu       ] GC(83) User=0.00s Sys=0.00s Real=0.01s
[2020-09-11T13:36:19.954+0000][1][safepoint    ] Safepoint "GenCollectForAllocation", Time since last: 1723317733 ns, Reaching safepoint: 60547 ns, At safepoint: 11039723 ns, Total: 11100270 ns
[2020-09-11T13:36:22.955+0000][1][safepoint    ] Safepoint "Cleanup", Time since last: 3001021604 ns, Reaching safepoint: 124435 ns, At safepoint: 51358 ns, Total: 175793 ns
[2020-09-11T13:37:01.961+0000][1][safepoint    ] Safepoint "Cleanup", Time since last: 39005648095 ns, Reaching safepoint: 125684 ns, At safepoint: 16986 ns, Total: 142670 ns
[2020-09-11T13:37:25.603+0000][1][gc,start     ] GC(84) Pause Young (Allocation Failure)
[2020-09-11T13:37:25.603+0000][1][gc,task      ] GC(84) Using 1 workers of 1 for evacuation
[2020-09-11T13:37:25.610+0000][1][gc,age       ] GC(84) Desired survivor size 4358144 bytes, new threshold 6 (max threshold 6)
[2020-09-11T13:37:25.610+0000][1][gc,age       ] GC(84) Age table with threshold 6 (max threshold 6)
[2020-09-11T13:37:25.610+0000][1][gc,age       ] GC(84) - age   1:       9728 bytes,       9728 total
[2020-09-11T13:37:25.610+0000][1][gc,age       ] GC(84) - age   2:       6632 bytes,      16360 total
[2020-09-11T13:37:25.610+0000][1][gc,age       ] GC(84) - age   3:       1352 bytes,      17712 total
[2020-09-11T13:37:25.610+0000][1][gc,age       ] GC(84) - age   4:       1512 bytes,      19224 total
[2020-09-11T13:37:25.610+0000][1][gc,age       ] GC(84) - age   5:       1240 bytes,      20464 total
[2020-09-11T13:37:25.610+0000][1][gc,age       ] GC(84) - age   6:       1048 bytes,      21512 total
[2020-09-11T13:37:25.610+0000][1][gc,heap      ] GC(84) ParNew: 68190K->25K(76672K)
[2020-09-11T13:37:25.610+0000][1][gc,heap      ] GC(84) CMS: 66408K->66412K(439104K)
[2020-09-11T13:37:25.610+0000][1][gc,metaspace ] GC(84) Metaspace: 77858K->77858K(1120256K)
[2020-09-11T13:37:25.610+0000][1][gc           ] GC(84) Pause Young (Allocation Failure) 131M->64M(503M) 7.141ms
[2020-09-11T13:37:25.610+0000][1][gc,cpu       ] GC(84) User=0.00s Sys=0.00s Real=0.01s
[2020-09-11T13:37:25.610+0000][1][safepoint    ] Safepoint "GenCollectForAllocation", Time since last: 23641998609 ns, Reaching safepoint: 106244 ns, At safepoint: 7216226 ns, Total: 7322470 ns
[2020-09-11T13:37:46.617+0000][1][safepoint    ] Safepoint "Cleanup", Time since last: 21007001289 ns, Reaching safepoint: 95824 ns, At safepoint: 6716 ns, Total: 102540 ns
[2020-09-11T13:37:50.618+0000][1][safepoint    ] Safepoint "Cleanup", Time since last: 4000594857 ns, Reaching safepoint: 124198 ns, At safepoint: 17924 ns, Total: 142122 ns
[2020-09-11T13:37:52.618+0000][1][safepoint    ] Safepoint "Cleanup", Time since last: 2000360658 ns, Reaching safepoint: 121037 ns, At safepoint: 17036 ns, Total: 138073 ns
[2020-09-11T13:38:00.620+0000][1][safepoint    ] Safepoint "Cleanup", Time since last: 8001773744 ns, Reaching safepoint: 68207 ns, At safepoint: 5978 ns, Total: 74185 ns
[2020-09-11T13:38:12.625+0000][1][safepoint    ] Safepoint "Cleanup", Time since last: 12004860279 ns, Reaching safepoint: 122834 ns, At safepoint: 7758 ns, Total: 130592 ns
[2020-09-11T13:38:13.625+0000][1][safepoint    ] Safepoint "Cleanup", Time since last: 1000202031 ns, Reaching safepoint: 76205 ns, At safepoint: 6778 ns, Total: 82983 ns
[2020-09-11T13:38:14.626+0000][1][safepoint    ] Safepoint "Cleanup", Time since last: 1000192282 ns, Reaching safepoint: 88088 ns, At safepoint: 8215 ns, Total: 96303 ns
[2020-09-11T13:38:15.626+0000][1][safepoint    ] Safepoint "Cleanup", Time since last: 1000208497 ns, Reaching safepoint: 89562 ns, At safepoint: 7550 ns, Total: 97112 ns
[2020-09-11T13:38:16.626+0000][1][safepoint    ] Safepoint "Cleanup", Time since last: 1000203481 ns, Reaching safepoint: 82626 ns, At safepoint: 8215 ns, Total: 90841 ns
[2020-09-11T13:38:17.627+0000][1][safepoint    ] Safepoint "Cleanup", Time since last: 1000196725 ns, Reaching safepoint: 88656 ns, At safepoint: 7243 ns, Total: 95899 ns
[2020-09-11T13:38:18.627+0000][1][safepoint    ] Safepoint "Cleanup", Time since last: 1000179822 ns, Reaching safepoint: 88705 ns, At safepoint: 7583 ns, Total: 96288 ns
[2020-09-11T13:38:19.627+0000][1][safepoint    ] Safepoint "Cleanup", Time since last: 1000199531 ns, Reaching safepoint: 85176 ns, At safepoint: 6502 ns, Total: 91678 ns
[2020-09-11T13:38:20.627+0000][1][safepoint    ] Safepoint "Cleanup", Time since last: 1000186129 ns, Reaching safepoint: 90210 ns, At safepoint: 6800 ns, Total: 97010 ns
[2020-09-11T13:38:21.628+0000][1][safepoint    ] Safepoint "Cleanup", Time since last: 1000184674 ns, Reaching safepoint: 82315 ns, At safepoint: 7068 ns, Total: 89383 ns
[2020-09-11T13:38:22.628+0000][1][safepoint    ] Safepoint "Cleanup", Time since last: 1000188220 ns, Reaching safepoint: 92477 ns, At safepoint: 7426 ns, Total: 99903 ns
[2020-09-11T13:38:23.628+0000][1][safepoint    ] Safepoint "Cleanup", Time since last: 1000191250 ns, Reaching safepoint: 109781 ns, At safepoint: 17340 ns, Total: 127121 ns
[2020-09-11T13:38:24.629+0000][1][safepoint    ] Safepoint "Cleanup", Time since last: 1000251293 ns, Reaching safepoint: 81223 ns, At safepoint: 7667 ns, Total: 88890 ns
[2020-09-11T13:38:25.629+0000][1][safepoint    ] Safepoint "Cleanup", Time since last: 1000153769 ns, Reaching safepoint: 92622 ns, At safepoint: 6340 ns, Total: 98962 ns
[2020-09-11T13:38:26.629+0000][1][safepoint    ] Safepoint "Cleanup", Time since last: 1000195033 ns, Reaching safepoint: 82400 ns, At safepoint: 6925 ns, Total: 89325 ns
[2020-09-11T13:38:27.630+0000][1][safepoint    ] Safepoint "Cleanup", Time since last: 1000186958 ns, Reaching safepoint: 141671 ns, At safepoint: 14961 ns, Total: 156632 ns
[2020-09-11T13:38:28.630+0000][1][safepoint    ] Safepoint "Cleanup", Time since last: 1000214628 ns, Reaching safepoint: 107613 ns, At safepoint: 16926 ns, Total: 124539 ns
[2020-09-11T13:38:29.630+0000][1][safepoint    ] Safepoint "Cleanup", Time since last: 1000288423 ns, Reaching safepoint: 103203 ns, At safepoint: 16030 ns, Total: 119233 ns
[2020-09-11T13:38:30.558+0000][1][gc,start     ] GC(85) Pause Young (Allocation Failure)
[2020-09-11T13:38:30.559+0000][1][gc,task      ] GC(85) Using 1 workers of 1 for evacuation
[2020-09-11T13:38:30.562+0000][1][gc,age       ] GC(85) Desired survivor size 4358144 bytes, new threshold 6 (max threshold 6)
[2020-09-11T13:38:30.562+0000][1][gc,age       ] GC(85) Age table with threshold 6 (max threshold 6)
[2020-09-11T13:38:30.562+0000][1][gc,age       ] GC(85) - age   1:      12224 bytes,      12224 total
[2020-09-11T13:38:30.562+0000][1][gc,age       ] GC(85) - age   2:       2088 bytes,      14312 total
[2020-09-11T13:38:30.562+0000][1][gc,age       ] GC(85) - age   3:       4120 bytes,      18432 total
[2020-09-11T13:38:30.562+0000][1][gc,age       ] GC(85) - age   4:       1352 bytes,      19784 total
[2020-09-11T13:38:30.562+0000][1][gc,age       ] GC(85) - age   5:       1512 bytes,      21296 total
[2020-09-11T13:38:30.562+0000][1][gc,age       ] GC(85) - age   6:       1240 bytes,      22536 total
[2020-09-11T13:38:30.562+0000][1][gc,heap      ] GC(85) ParNew: 68185K->22K(76672K)
[2020-09-11T13:38:30.562+0000][1][gc,heap      ] GC(85) CMS: 66412K->66413K(439104K)
[2020-09-11T13:38:30.562+0000][1][gc,metaspace ] GC(85) Metaspace: 77861K->77861K(1120256K)
[2020-09-11T13:38:30.562+0000][1][gc           ] GC(85) Pause Young (Allocation Failure) 131M->64M(503M) 3.850ms
[2020-09-11T13:38:30.562+0000][1][gc,cpu       ] GC(85) User=0.00s Sys=0.00s Real=0.00s
[2020-09-11T13:38:30.562+0000][1][safepoint    ] Safepoint "GenCollectForAllocation", Time since last: 927893865 ns, Reaching safepoint: 188734 ns, At safepoint: 4010471 ns, Total: 4199205 ns
[2020-09-11T13:38:31.566+0000][1][safepoint    ] Safepoint "Cleanup", Time since last: 1002951123 ns, Reaching safepoint: 102302 ns, At safepoint: 42594 ns, Total: 144896 ns
[2020-09-11T13:38:32.566+0000][1][safepoint    ] Safepoint "Cleanup", Time since last: 1000389881 ns, Reaching safepoint: 135598 ns, At safepoint: 15055 ns, Total: 150653 ns
[2020-09-11T13:38:33.566+0000][1][safepoint    ] Safepoint "Cleanup", Time since last: 1000189057 ns, Reaching safepoint: 87808 ns, At safepoint: 20118 ns, Total: 107926 ns
[2020-09-11T13:38:34.567+0000][1][safepoint    ] Safepoint "Cleanup", Time since last: 1000208212 ns, Reaching safepoint: 103516 ns, At safepoint: 6437 ns, Total: 109953 ns
[2020-09-11T13:38:35.567+0000][1][safepoint    ] Safepoint "Cleanup", Time since last: 1000188590 ns, Reaching safepoint: 108816 ns, At safepoint: 18362 ns, Total: 127178 ns
[2020-09-11T13:38:36.567+0000][1][safepoint    ] Safepoint "Cleanup", Time since last: 1000242026 ns, Reaching safepoint: 108833 ns, At safepoint: 16524 ns, Total: 125357 ns
[2020-09-11T13:38:37.640+0000][1][safepoint    ] Safepoint "Cleanup", Time since last: 1072079317 ns, Reaching safepoint: 171283 ns, At safepoint: 20596 ns, Total: 191879 ns
[2020-09-11T13:38:38.640+0000][1][safepoint    ] Safepoint "Cleanup", Time since last: 1000183882 ns, Reaching safepoint: 90025 ns, At safepoint: 7710 ns, Total: 97735 ns
[2020-09-11T13:39:05.643+0000][1][safepoint    ] Safepoint "Cleanup", Time since last: 27003444431 ns, Reaching safepoint: 125034 ns, At safepoint: 6916 ns, Total: 131950 ns
[2020-09-11T13:39:33.647+0000][1][safepoint    ] Safepoint "Cleanup", Time since last: 28003588588 ns, Reaching safepoint: 106260 ns, At safepoint: 17647 ns, Total: 123907 ns
[2020-09-11T13:39:34.634+0000][1][gc,start     ] GC(86) Pause Young (Allocation Failure)
[2020-09-11T13:39:34.634+0000][1][gc,task      ] GC(86) Using 1 workers of 1 for evacuation
[2020-09-11T13:39:34.640+0000][1][gc,age       ] GC(86) Desired survivor size 4358144 bytes, new threshold 6 (max threshold 6)
[2020-09-11T13:39:34.640+0000][1][gc,age       ] GC(86) Age table with threshold 6 (max threshold 6)
[2020-09-11T13:39:34.640+0000][1][gc,age       ] GC(86) - age   1:      31576 bytes,      31576 total
[2020-09-11T13:39:34.640+0000][1][gc,age       ] GC(86) - age   2:       4024 bytes,      35600 total
[2020-09-11T13:39:34.640+0000][1][gc,age       ] GC(86) - age   3:       2088 bytes,      37688 total
[2020-09-11T13:39:34.640+0000][1][gc,age       ] GC(86) - age   4:       4120 bytes,      41808 total
[2020-09-11T13:39:34.640+0000][1][gc,age       ] GC(86) - age   5:       1352 bytes,      43160 total
[2020-09-11T13:39:34.640+0000][1][gc,age       ] GC(86) - age   6:        272 bytes,      43432 total
[2020-09-11T13:39:34.640+0000][1][gc,heap      ] GC(86) ParNew: 68182K->51K(76672K)
[2020-09-11T13:39:34.640+0000][1][gc,heap      ] GC(86) CMS: 66413K->66413K(439104K)
[2020-09-11T13:39:34.640+0000][1][gc,metaspace ] GC(86) Metaspace: 77900K->77900K(1120256K)
[2020-09-11T13:39:34.640+0000][1][gc           ] GC(86) Pause Young (Allocation Failure) 131M->64M(503M) 6.891ms
[2020-09-11T13:39:34.640+0000][1][gc,cpu       ] GC(86) User=0.01s Sys=0.00s Real=0.01s
[2020-09-11T13:39:34.640+0000][1][safepoint    ] Safepoint "GenCollectForAllocation", Time since last: 986113323 ns, Reaching safepoint: 232874 ns, At safepoint: 6958821 ns, Total: 7191695 ns
[2020-09-11T13:39:42.644+0000][1][safepoint    ] Safepoint "Cleanup", Time since last: 8003271471 ns, Reaching safepoint: 98475 ns, At safepoint: 7926 ns, Total: 106401 ns
[2020-09-11T13:39:44.644+0000][1][safepoint    ] Safepoint "Cleanup", Time since last: 2000289175 ns, Reaching safepoint: 116881 ns, At safepoint: 15476 ns, Total: 132357 ns
[2020-09-11T13:39:46.645+0000][1][safepoint    ] Safepoint "Cleanup", Time since last: 2000324359 ns, Reaching safepoint: 92347 ns, At safepoint: 6537 ns, Total: 98884 ns
[2020-09-11T13:39:56.646+0000][1][safepoint    ] Safepoint "Cleanup", Time since last: 10001479596 ns, Reaching safepoint: 87815 ns, At safepoint: 6602 ns, Total: 94417 ns
[2020-09-11T13:39:59.647+0000][1][safepoint    ] Safepoint "Cleanup", Time since last: 3000433452 ns, Reaching safepoint: 112312 ns, At safepoint: 6512 ns, Total: 118824 ns
[2020-09-11T13:40:02.647+0000][1][safepoint    ] Safepoint "Cleanup", Time since last: 3000417363 ns, Reaching safepoint: 97614 ns, At safepoint: 6554 ns, Total: 104168 ns
[2020-09-11T13:40:03.648+0000][1][safepoint    ] Safepoint "Cleanup", Time since last: 1000191057 ns, Reaching safepoint: 93646 ns, At safepoint: 7658 ns, Total: 101304 ns
[2020-09-11T13:40:04.648+0000][1][safepoint    ] Safepoint "Cleanup", Time since last: 1000194611 ns, Reaching safepoint: 91931 ns, At safepoint: 6988 ns, Total: 98919 ns
[2020-09-11T13:40:05.648+0000][1][safepoint    ] Safepoint "Cleanup", Time since last: 1000225793 ns, Reaching safepoint: 123824 ns, At safepoint: 18278 ns, Total: 142102 ns
[2020-09-11T13:40:38.653+0000][1][safepoint    ] Safepoint "Cleanup", Time since last: 33004637914 ns, Reaching safepoint: 117582 ns, At safepoint: 17367 ns, Total: 134949 ns
[2020-09-11T13:40:39.732+0000][1][gc,start     ] GC(87) Pause Young (Allocation Failure)
[2020-09-11T13:40:39.732+0000][1][gc,task      ] GC(87) Using 1 workers of 1 for evacuation
[2020-09-11T13:40:39.735+0000][1][gc,age       ] GC(87) Desired survivor size 4358144 bytes, new threshold 6 (max threshold 6)
[2020-09-11T13:40:39.735+0000][1][gc,age       ] GC(87) Age table with threshold 6 (max threshold 6)
[2020-09-11T13:40:39.735+0000][1][gc,age       ] GC(87) - age   1:      13576 bytes,      13576 total
[2020-09-11T13:40:39.735+0000][1][gc,age       ] GC(87) - age   2:      22424 bytes,      36000 total
[2020-09-11T13:40:39.735+0000][1][gc,age       ] GC(87) - age   3:       2752 bytes,      38752 total
[2020-09-11T13:40:39.735+0000][1][gc,age       ] GC(87) - age   4:       2088 bytes,      40840 total
[2020-09-11T13:40:39.735+0000][1][gc,age       ] GC(87) - age   5:       4120 bytes,      44960 total
[2020-09-11T13:40:39.735+0000][1][gc,age       ] GC(87) - age   6:       1352 bytes,      46312 total
[2020-09-11T13:40:39.735+0000][1][gc,heap      ] GC(87) ParNew: 68211K->62K(76672K)
[2020-09-11T13:40:39.735+0000][1][gc,heap      ] GC(87) CMS: 66413K->66413K(439104K)
[2020-09-11T13:40:39.735+0000][1][gc,metaspace ] GC(87) Metaspace: 77901K->77901K(1120256K)
[2020-09-11T13:40:39.736+0000][1][gc           ] GC(87) Pause Young (Allocation Failure) 131M->64M(503M) 3.741ms
[2020-09-11T13:40:39.736+0000][1][gc,cpu       ] GC(87) User=0.00s Sys=0.00s Real=0.01s
[2020-09-11T13:40:39.736+0000][1][safepoint    ] Safepoint "GenCollectForAllocation", Time since last: 1078500652 ns, Reaching safepoint: 175647 ns, At safepoint: 3796991 ns, Total: 3972638 ns
[2020-09-11T13:41:09.741+0000][1][safepoint    ] Safepoint "Cleanup", Time since last: 30005262564 ns, Reaching safepoint: 116554 ns, At safepoint: 15575 ns, Total: 132129 ns
[2020-09-11T13:41:20.743+0000][1][safepoint    ] Safepoint "Cleanup", Time since last: 11001514886 ns, Reaching safepoint: 67610 ns, At safepoint: 7354 ns, Total: 74964 ns
[2020-09-11T13:41:25.743+0000][1][safepoint    ] Safepoint "Cleanup", Time since last: 5000624693 ns, Reaching safepoint: 70894 ns, At safepoint: 9042 ns, Total: 79936 ns
[2020-09-11T13:41:33.744+0000][1][safepoint    ] Safepoint "Cleanup", Time since last: 8001132403 ns, Reaching safepoint: 89119 ns, At safepoint: 8312 ns, Total: 97431 ns
[2020-09-11T13:41:34.812+0000][1][gc,start     ] GC(88) Pause Young (Allocation Failure)
[2020-09-11T13:41:34.812+0000][1][gc,task      ] GC(88) Using 1 workers of 1 for evacuation
[2020-09-11T13:41:34.817+0000][1][gc,age       ] GC(88) Desired survivor size 4358144 bytes, new threshold 6 (max threshold 6)
[2020-09-11T13:41:34.817+0000][1][gc,age       ] GC(88) Age table with threshold 6 (max threshold 6)
[2020-09-11T13:41:34.817+0000][1][gc,age       ] GC(88) - age   1:      39800 bytes,      39800 total
[2020-09-11T13:41:34.817+0000][1][gc,age       ] GC(88) - age   2:       4432 bytes,      44232 total
[2020-09-11T13:41:34.817+0000][1][gc,age       ] GC(88) - age   3:      13272 bytes,      57504 total
[2020-09-11T13:41:34.817+0000][1][gc,age       ] GC(88) - age   4:       2752 bytes,      60256 total
[2020-09-11T13:41:34.817+0000][1][gc,age       ] GC(88) - age   5:       2088 bytes,      62344 total
[2020-09-11T13:41:34.817+0000][1][gc,age       ] GC(88) - age   6:       4120 bytes,      66464 total
[2020-09-11T13:41:34.817+0000][1][gc,heap      ] GC(88) ParNew: 68222K->91K(76672K)
[2020-09-11T13:41:34.817+0000][1][gc,heap      ] GC(88) CMS: 66413K->66415K(439104K)
[2020-09-11T13:41:34.817+0000][1][gc,metaspace ] GC(88) Metaspace: 77960K->77960K(1120256K)
[2020-09-11T13:41:34.817+0000][1][gc           ] GC(88) Pause Young (Allocation Failure) 131M->64M(503M) 4.932ms
[2020-09-11T13:41:34.817+0000][1][gc,cpu       ] GC(88) User=0.01s Sys=0.00s Real=0.01s
[2020-09-11T13:41:34.817+0000][1][safepoint    ] Safepoint "GenCollectForAllocation", Time since last: 1067610153 ns, Reaching safepoint: 181159 ns, At safepoint: 4989334 ns, Total: 5170493 ns
[2020-09-11T13:42:25.827+0000][1][safepoint    ] Safepoint "Cleanup", Time since last: 51009492420 ns, Reaching safepoint: 130679 ns, At safepoint: 18225 ns, Total: 148904 ns
[2020-09-11T13:42:39.921+0000][1][gc,start     ] GC(89) Pause Young (Allocation Failure)
[2020-09-11T13:42:39.921+0000][1][gc,task      ] GC(89) Using 1 workers of 1 for evacuation
[2020-09-11T13:42:39.926+0000][1][gc,age       ] GC(89) Desired survivor size 4358144 bytes, new threshold 6 (max threshold 6)
[2020-09-11T13:42:39.926+0000][1][gc,age       ] GC(89) Age table with threshold 6 (max threshold 6)
[2020-09-11T13:42:39.926+0000][1][gc,age       ] GC(89) - age   1:       9856 bytes,       9856 total
[2020-09-11T13:42:39.926+0000][1][gc,age       ] GC(89) - age   2:      31504 bytes,      41360 total
[2020-09-11T13:42:39.926+0000][1][gc,age       ] GC(89) - age   3:       3160 bytes,      44520 total
[2020-09-11T13:42:39.926+0000][1][gc,age       ] GC(89) - age   4:      13272 bytes,      57792 total
[2020-09-11T13:42:39.926+0000][1][gc,age       ] GC(89) - age   5:       1512 bytes,      59304 total
[2020-09-11T13:42:39.926+0000][1][gc,age       ] GC(89) - age   6:       2088 bytes,      61392 total
[2020-09-11T13:42:39.926+0000][1][gc,heap      ] GC(89) ParNew: 68251K->106K(76672K)
[2020-09-11T13:42:39.926+0000][1][gc,heap      ] GC(89) CMS: 66415K->66419K(439104K)
[2020-09-11T13:42:39.926+0000][1][gc,metaspace ] GC(89) Metaspace: 77960K->77960K(1120256K)
[2020-09-11T13:42:39.926+0000][1][gc           ] GC(89) Pause Young (Allocation Failure) 131M->64M(503M) 4.566ms
[2020-09-11T13:42:39.926+0000][1][gc,cpu       ] GC(89) User=0.01s Sys=0.00s Real=0.01s
[2020-09-11T13:42:39.926+0000][1][safepoint    ] Safepoint "GenCollectForAllocation", Time since last: 14093952745 ns, Reaching safepoint: 210102 ns, At safepoint: 4637645 ns, Total: 4847747 ns
[2020-09-11T13:43:14.932+0000][1][safepoint    ] Safepoint "Cleanup", Time since last: 35006112677 ns, Reaching safepoint: 110470 ns, At safepoint: 16501 ns, Total: 126971 ns
[2020-09-11T13:43:17.933+0000][1][safepoint    ] Safepoint "Cleanup", Time since last: 3000458887 ns, Reaching safepoint: 115110 ns, At safepoint: 16913 ns, Total: 132023 ns
[2020-09-11T13:43:45.010+0000][1][gc,start     ] GC(90) Pause Young (Allocation Failure)
[2020-09-11T13:43:45.010+0000][1][gc,task      ] GC(90) Using 1 workers of 1 for evacuation
[2020-09-11T13:43:45.014+0000][1][gc,age       ] GC(90) Desired survivor size 4358144 bytes, new threshold 6 (max threshold 6)
[2020-09-11T13:43:45.014+0000][1][gc,age       ] GC(90) Age table with threshold 6 (max threshold 6)
[2020-09-11T13:43:45.014+0000][1][gc,age       ] GC(90) - age   1:       8960 bytes,       8960 total
[2020-09-11T13:43:45.014+0000][1][gc,age       ] GC(90) - age   2:       1272 bytes,      10232 total
[2020-09-11T13:43:45.014+0000][1][gc,age       ] GC(90) - age   3:      30232 bytes,      40464 total
[2020-09-11T13:43:45.014+0000][1][gc,age       ] GC(90) - age   4:       3160 bytes,      43624 total
[2020-09-11T13:43:45.014+0000][1][gc,age       ] GC(90) - age   5:      13272 bytes,      56896 total
[2020-09-11T13:43:45.014+0000][1][gc,age       ] GC(90) - age   6:       1512 bytes,      58408 total
[2020-09-11T13:43:45.014+0000][1][gc,heap      ] GC(90) ParNew: 68266K->79K(76672K)
[2020-09-11T13:43:45.014+0000][1][gc,heap      ] GC(90) CMS: 66419K->66421K(439104K)
[2020-09-11T13:43:45.014+0000][1][gc,metaspace ] GC(90) Metaspace: 77960K->77960K(1120256K)
[2020-09-11T13:43:45.014+0000][1][gc           ] GC(90) Pause Young (Allocation Failure) 131M->64M(503M) 3.784ms
[2020-09-11T13:43:45.014+0000][1][gc,cpu       ] GC(90) User=0.00s Sys=0.00s Real=0.00s
[2020-09-11T13:43:45.014+0000][1][safepoint    ] Safepoint "GenCollectForAllocation", Time since last: 27077176984 ns, Reaching safepoint: 174180 ns, At safepoint: 3860899 ns, Total: 4035079 ns
[2020-09-11T13:43:59.016+0000][1][safepoint    ] Safepoint "Cleanup", Time since last: 14001919399 ns, Reaching safepoint: 122568 ns, At safepoint: 18034 ns, Total: 140602 ns
[2020-09-11T13:44:11.017+0000][1][safepoint    ] Safepoint "Cleanup", Time since last: 12001619134 ns, Reaching safepoint: 77713 ns, At safepoint: 6023 ns, Total: 83736 ns
[2020-09-11T13:44:26.022+0000][1][safepoint    ] Safepoint "Cleanup", Time since last: 15003997170 ns, Reaching safepoint: 106451 ns, At safepoint: 37282 ns, Total: 143733 ns
[2020-09-11T13:44:30.024+0000][1][safepoint    ] Safepoint "Cleanup", Time since last: 4002635993 ns, Reaching safepoint: 140422 ns, At safepoint: 15088 ns, Total: 155510 ns
[2020-09-11T13:44:39.026+0000][1][safepoint    ] Safepoint "Cleanup", Time since last: 9001697071 ns, Reaching safepoint: 76438 ns, At safepoint: 7573 ns, Total: 84011 ns
[2020-09-11T13:44:50.125+0000][1][gc,start     ] GC(91) Pause Young (Allocation Failure)
[2020-09-11T13:44:50.126+0000][1][gc,task      ] GC(91) Using 1 workers of 1 for evacuation
[2020-09-11T13:44:50.129+0000][1][gc,age       ] GC(91) Desired survivor size 4358144 bytes, new threshold 6 (max threshold 6)
[2020-09-11T13:44:50.129+0000][1][gc,age       ] GC(91) Age table with threshold 6 (max threshold 6)
[2020-09-11T13:44:50.129+0000][1][gc,age       ] GC(91) - age   1:      13296 bytes,      13296 total
[2020-09-11T13:44:50.129+0000][1][gc,age       ] GC(91) - age   2:       2512 bytes,      15808 total
[2020-09-11T13:44:50.129+0000][1][gc,age       ] GC(91) - age   4:      30232 bytes,      46040 total
[2020-09-11T13:44:50.129+0000][1][gc,age       ] GC(91) - age   5:       3160 bytes,      49200 total
[2020-09-11T13:44:50.129+0000][1][gc,age       ] GC(91) - age   6:      13272 bytes,      62472 total
[2020-09-11T13:44:50.129+0000][1][gc,heap      ] GC(91) ParNew: 68239K->91K(76672K)
[2020-09-11T13:44:50.129+0000][1][gc,heap      ] GC(91) CMS: 66421K->66422K(439104K)
[2020-09-11T13:44:50.129+0000][1][gc,metaspace ] GC(91) Metaspace: 77963K->77963K(1120256K)
[2020-09-11T13:44:50.129+0000][1][gc           ] GC(91) Pause Young (Allocation Failure) 131M->64M(503M) 3.970ms
[2020-09-11T13:44:50.129+0000][1][gc,cpu       ] GC(91) User=0.01s Sys=0.00s Real=0.00s
[2020-09-11T13:44:50.129+0000][1][safepoint    ] Safepoint "GenCollectForAllocation", Time since last: 11098917407 ns, Reaching safepoint: 217676 ns, At safepoint: 4040681 ns, Total: 4258357 ns
[2020-09-11T13:45:21.135+0000][1][safepoint    ] Safepoint "Cleanup", Time since last: 31005253031 ns, Reaching safepoint: 96666 ns, At safepoint: 7159 ns, Total: 103825 ns
[2020-09-11T13:45:55.228+0000][1][gc,start     ] GC(92) Pause Young (Allocation Failure)
[2020-09-11T13:45:55.228+0000][1][gc,task      ] GC(92) Using 1 workers of 1 for evacuation
[2020-09-11T13:45:55.232+0000][1][gc,age       ] GC(92) Desired survivor size 4358144 bytes, new threshold 6 (max threshold 6)
[2020-09-11T13:45:55.232+0000][1][gc,age       ] GC(92) Age table with threshold 6 (max threshold 6)
[2020-09-11T13:45:55.232+0000][1][gc,age       ] GC(92) - age   1:      11880 bytes,      11880 total
[2020-09-11T13:45:55.232+0000][1][gc,age       ] GC(92) - age   2:       5688 bytes,      17568 total
[2020-09-11T13:45:55.232+0000][1][gc,age       ] GC(92) - age   3:       1240 bytes,      18808 total
[2020-09-11T13:45:55.232+0000][1][gc,age       ] GC(92) - age   5:      28992 bytes,      47800 total
[2020-09-11T13:45:55.232+0000][1][gc,age       ] GC(92) - age   6:       3160 bytes,      50960 total
[2020-09-11T13:45:55.232+0000][1][gc,heap      ] GC(92) ParNew: 68251K->57K(76672K)
[2020-09-11T13:45:55.232+0000][1][gc,heap      ] GC(92) CMS: 66422K->66435K(439104K)
[2020-09-11T13:45:55.232+0000][1][gc,metaspace ] GC(92) Metaspace: 77963K->77963K(1120256K)
[2020-09-11T13:45:55.232+0000][1][gc           ] GC(92) Pause Young (Allocation Failure) 131M->64M(503M) 4.003ms
[2020-09-11T13:45:55.232+0000][1][gc,cpu       ] GC(92) User=0.01s Sys=0.00s Real=0.00s
[2020-09-11T13:45:55.232+0000][1][safepoint    ] Safepoint "GenCollectForAllocation", Time since last: 34092887261 ns, Reaching safepoint: 200428 ns, At safepoint: 4077963 ns, Total: 4278391 ns
[2020-09-11T13:46:12.235+0000][1][safepoint    ] Safepoint "Cleanup", Time since last: 17003050970 ns, Reaching safepoint: 122832 ns, At safepoint: 18195 ns, Total: 141027 ns
[2020-09-11T13:46:45.240+0000][1][safepoint    ] Safepoint "Cleanup", Time since last: 33004339185 ns, Reaching safepoint: 100730 ns, At safepoint: 5858 ns, Total: 106588 ns
[2020-09-11T13:46:51.240+0000][1][safepoint    ] Safepoint "Cleanup", Time since last: 6000680030 ns, Reaching safepoint: 115849 ns, At safepoint: 14266 ns, Total: 130115 ns
[2020-09-11T13:46:53.241+0000][1][safepoint    ] Safepoint "Cleanup", Time since last: 2000359253 ns, Reaching safepoint: 116040 ns, At safepoint: 17410 ns, Total: 133450 ns
[2020-09-11T13:47:00.348+0000][1][gc,start     ] GC(93) Pause Young (Allocation Failure)
[2020-09-11T13:47:00.348+0000][1][gc,task      ] GC(93) Using 1 workers of 1 for evacuation
[2020-09-11T13:47:00.352+0000][1][gc,age       ] GC(93) Desired survivor size 4358144 bytes, new threshold 6 (max threshold 6)
[2020-09-11T13:47:00.352+0000][1][gc,age       ] GC(93) Age table with threshold 6 (max threshold 6)
[2020-09-11T13:47:00.352+0000][1][gc,age       ] GC(93) - age   1:      11688 bytes,      11688 total
[2020-09-11T13:47:00.352+0000][1][gc,age       ] GC(93) - age   2:       1216 bytes,      12904 total
[2020-09-11T13:47:00.352+0000][1][gc,age       ] GC(93) - age   3:       5656 bytes,      18560 total
[2020-09-11T13:47:00.352+0000][1][gc,age       ] GC(93) - age   6:      28992 bytes,      47552 total
[2020-09-11T13:47:00.352+0000][1][gc,heap      ] GC(93) ParNew: 68217K->51K(76672K)
[2020-09-11T13:47:00.352+0000][1][gc,heap      ] GC(93) CMS: 66435K->66438K(439104K)
[2020-09-11T13:47:00.352+0000][1][gc,metaspace ] GC(93) Metaspace: 77963K->77963K(1120256K)
[2020-09-11T13:47:00.353+0000][1][gc           ] GC(93) Pause Young (Allocation Failure) 131M->64M(503M) 4.420ms
[2020-09-11T13:47:00.353+0000][1][gc,cpu       ] GC(93) User=0.01s Sys=0.00s Real=0.00s
[2020-09-11T13:47:00.353+0000][1][safepoint    ] Safepoint "GenCollectForAllocation", Time since last: 7107008518 ns, Reaching safepoint: 217302 ns, At safepoint: 4490459 ns, Total: 4707761 ns
[2020-09-11T13:47:01.354+0000][1][safepoint    ] Safepoint "Cleanup", Time since last: 1001375815 ns, Reaching safepoint: 61719 ns, At safepoint: 4707 ns, Total: 66426 ns
[2020-09-11T13:47:02.354+0000][1][safepoint    ] Safepoint "Cleanup", Time since last: 1000279363 ns, Reaching safepoint: 52367 ns, At safepoint: 4532 ns, Total: 56899 ns
[2020-09-11T13:47:03.355+0000][1][safepoint    ] Safepoint "Cleanup", Time since last: 1000525367 ns, Reaching safepoint: 218328 ns, At safepoint: 18763 ns, Total: 237091 ns
[2020-09-11T13:47:04.355+0000][1][safepoint    ] Safepoint "Cleanup", Time since last: 1000217409 ns, Reaching safepoint: 127519 ns, At safepoint: 18403 ns, Total: 145922 ns
[2020-09-11T13:47:05.356+0000][1][safepoint    ] Safepoint "Cleanup", Time since last: 1000141977 ns, Reaching safepoint: 234579 ns, At safepoint: 17967 ns, Total: 252546 ns
[2020-09-11T13:47:06.356+0000][1][safepoint    ] Safepoint "Cleanup", Time since last: 1000210186 ns, Reaching safepoint: 104811 ns, At safepoint: 16300 ns, Total: 121111 ns
[2020-09-11T13:47:07.357+0000][1][safepoint    ] Safepoint "Cleanup", Time since last: 1000195097 ns, Reaching safepoint: 100968 ns, At safepoint: 17440 ns, Total: 118408 ns
[2020-09-11T13:47:08.357+0000][1][safepoint    ] Safepoint "Cleanup", Time since last: 1000194058 ns, Reaching safepoint: 102348 ns, At safepoint: 16625 ns, Total: 118973 ns
[2020-09-11T13:47:09.357+0000][1][safepoint    ] Safepoint "Cleanup", Time since last: 1000218443 ns, Reaching safepoint: 93251 ns, At safepoint: 9172 ns, Total: 102423 ns
[2020-09-11T13:47:10.357+0000][1][safepoint    ] Safepoint "Cleanup", Time since last: 1000183997 ns, Reaching safepoint: 101988 ns, At safepoint: 16614 ns, Total: 118602 ns
[2020-09-11T13:47:11.359+0000][1][safepoint    ] Safepoint "Cleanup", Time since last: 1001307631 ns, Reaching safepoint: 74527 ns, At safepoint: 6791 ns, Total: 81318 ns
[2020-09-11T13:47:12.359+0000][1][safepoint    ] Safepoint "Cleanup", Time since last: 1000122193 ns, Reaching safepoint: 110394 ns, At safepoint: 6304 ns, Total: 116698 ns
[2020-09-11T13:47:13.359+0000][1][safepoint    ] Safepoint "Cleanup", Time since last: 1000158946 ns, Reaching safepoint: 102458 ns, At safepoint: 16698 ns, Total: 119156 ns
[2020-09-11T13:47:14.360+0000][1][safepoint    ] Safepoint "Cleanup", Time since last: 1000240443 ns, Reaching safepoint: 81366 ns, At safepoint: 7970 ns, Total: 89336 ns
[2020-09-11T13:47:15.360+0000][1][safepoint    ] Safepoint "Cleanup", Time since last: 1000146200 ns, Reaching safepoint: 105108 ns, At safepoint: 17105 ns, Total: 122213 ns
[2020-09-11T13:47:16.361+0000][1][safepoint    ] Safepoint "Cleanup", Time since last: 1000952628 ns, Reaching safepoint: 102996 ns, At safepoint: 16969 ns, Total: 119965 ns
[2020-09-11T13:47:17.361+0000][1][safepoint    ] Safepoint "Cleanup", Time since last: 1000211013 ns, Reaching safepoint: 103895 ns, At safepoint: 16585 ns, Total: 120480 ns
[2020-09-11T13:47:18.362+0000][1][safepoint    ] Safepoint "Cleanup", Time since last: 1000215137 ns, Reaching safepoint: 80538 ns, At safepoint: 6036 ns, Total: 86574 ns
[2020-09-11T13:47:19.362+0000][1][safepoint    ] Safepoint "Cleanup", Time since last: 1000095836 ns, Reaching safepoint: 60257 ns, At safepoint: 8940 ns, Total: 69197 ns
[2020-09-11T13:47:20.362+0000][1][safepoint    ] Safepoint "Cleanup", Time since last: 1000172395 ns, Reaching safepoint: 81773 ns, At safepoint: 6646 ns, Total: 88419 ns
[2020-09-11T13:47:21.363+0000][1][safepoint    ] Safepoint "Cleanup", Time since last: 1000733226 ns, Reaching safepoint: 112536 ns, At safepoint: 6601 ns, Total: 119137 ns
[2020-09-11T13:47:22.363+0000][1][safepoint    ] Safepoint "Cleanup", Time since last: 1000128238 ns, Reaching safepoint: 102328 ns, At safepoint: 15893 ns, Total: 118221 ns
[2020-09-11T13:47:23.363+0000][1][safepoint    ] Safepoint "Cleanup", Time since last: 1000223021 ns, Reaching safepoint: 69534 ns, At safepoint: 6279 ns, Total: 75813 ns
[2020-09-11T13:47:24.364+0000][1][safepoint    ] Safepoint "Cleanup", Time since last: 1000121448 ns, Reaching safepoint: 102081 ns, At safepoint: 14089 ns, Total: 116170 ns
[2020-09-11T13:47:25.364+0000][1][safepoint    ] Safepoint "Cleanup", Time since last: 1000213235 ns, Reaching safepoint: 100734 ns, At safepoint: 16468 ns, Total: 117202 ns
[2020-09-11T13:47:26.365+0000][1][safepoint    ] Safepoint "Cleanup", Time since last: 1000960523 ns, Reaching safepoint: 115451 ns, At safepoint: 17240 ns, Total: 132691 ns
[2020-09-11T13:47:44.368+0000][1][safepoint    ] Safepoint "Cleanup", Time since last: 18002729551 ns, Reaching safepoint: 119197 ns, At safepoint: 17537 ns, Total: 136734 ns
[2020-09-11T13:47:45.368+0000][1][safepoint    ] Safepoint "Cleanup", Time since last: 1000246201 ns, Reaching safepoint: 117325 ns, At safepoint: 18349 ns, Total: 135674 ns
[2020-09-11T13:47:55.825+0000][1][gc,start     ] GC(94) Pause Young (Allocation Failure)
[2020-09-11T13:47:55.825+0000][1][gc,task      ] GC(94) Using 1 workers of 1 for evacuation
[2020-09-11T13:47:55.831+0000][1][gc,age       ] GC(94) Desired survivor size 4358144 bytes, new threshold 6 (max threshold 6)
[2020-09-11T13:47:55.831+0000][1][gc,age       ] GC(94) Age table with threshold 6 (max threshold 6)
[2020-09-11T13:47:55.831+0000][1][gc,age       ] GC(94) - age   1:      55088 bytes,      55088 total
[2020-09-11T13:47:55.831+0000][1][gc,age       ] GC(94) - age   2:       2632 bytes,      57720 total
[2020-09-11T13:47:55.831+0000][1][gc,age       ] GC(94) - age   3:       1216 bytes,      58936 total
[2020-09-11T13:47:55.831+0000][1][gc,age       ] GC(94) - age   4:       5656 bytes,      64592 total
[2020-09-11T13:47:55.831+0000][1][gc,heap      ] GC(94) ParNew: 68211K->103K(76672K)
[2020-09-11T13:47:55.831+0000][1][gc,heap      ] GC(94) CMS: 66438K->66454K(439104K)
[2020-09-11T13:47:55.831+0000][1][gc,metaspace ] GC(94) Metaspace: 77979K->77979K(1120256K)
[2020-09-11T13:47:55.831+0000][1][gc           ] GC(94) Pause Young (Allocation Failure) 131M->64M(503M) 6.239ms
[2020-09-11T13:47:55.831+0000][1][gc,cpu       ] GC(94) User=0.00s Sys=0.00s Real=0.00s
[2020-09-11T13:47:55.831+0000][1][safepoint    ] Safepoint "GenCollectForAllocation", Time since last: 10456344630 ns, Reaching safepoint: 65827 ns, At safepoint: 6301999 ns, Total: 6367826 ns
[2020-09-11T13:48:27.844+0000][1][safepoint    ] Safepoint "Cleanup", Time since last: 32012754043 ns, Reaching safepoint: 98251 ns, At safepoint: 6161 ns, Total: 104412 ns
[2020-09-11T13:49:00.524+0000][1][gc,start     ] GC(95) Pause Young (Allocation Failure)
[2020-09-11T13:49:00.524+0000][1][gc,task      ] GC(95) Using 1 workers of 1 for evacuation
[2020-09-11T13:49:00.528+0000][1][gc,age       ] GC(95) Desired survivor size 4358144 bytes, new threshold 6 (max threshold 6)
[2020-09-11T13:49:00.528+0000][1][gc,age       ] GC(95) Age table with threshold 6 (max threshold 6)
[2020-09-11T13:49:00.528+0000][1][gc,age       ] GC(95) - age   1:      23656 bytes,      23656 total
[2020-09-11T13:49:00.528+0000][1][gc,age       ] GC(95) - age   2:      28168 bytes,      51824 total
[2020-09-11T13:49:00.528+0000][1][gc,age       ] GC(95) - age   3:       1240 bytes,      53064 total
[2020-09-11T13:49:00.528+0000][1][gc,age       ] GC(95) - age   4:       1216 bytes,      54280 total
[2020-09-11T13:49:00.528+0000][1][gc,age       ] GC(95) - age   5:       5656 bytes,      59936 total
[2020-09-11T13:49:00.528+0000][1][gc,heap      ] GC(95) ParNew: 68263K->77K(76672K)
[2020-09-11T13:49:00.528+0000][1][gc,heap      ] GC(95) CMS: 66454K->66454K(439104K)
[2020-09-11T13:49:00.528+0000][1][gc,metaspace ] GC(95) Metaspace: 77982K->77982K(1120256K)
[2020-09-11T13:49:00.528+0000][1][gc           ] GC(95) Pause Young (Allocation Failure) 131M->64M(503M) 3.883ms
[2020-09-11T13:49:00.528+0000][1][gc,cpu       ] GC(95) User=0.00s Sys=0.00s Real=0.00s
[2020-09-11T13:49:00.528+0000][1][safepoint    ] Safepoint "GenCollectForAllocation", Time since last: 32679816073 ns, Reaching safepoint: 188169 ns, At safepoint: 3954747 ns, Total: 4142916 ns
[2020-09-11T13:49:27.535+0000][1][safepoint    ] Safepoint "Cleanup", Time since last: 27006676279 ns, Reaching safepoint: 98962 ns, At safepoint: 7157 ns, Total: 106119 ns
[2020-09-11T13:49:46.537+0000][1][safepoint    ] Safepoint "Cleanup", Time since last: 19002423002 ns, Reaching safepoint: 114893 ns, At safepoint: 16301 ns, Total: 131194 ns
[2020-09-11T13:50:05.627+0000][1][gc,start     ] GC(96) Pause Young (Allocation Failure)
[2020-09-11T13:50:05.627+0000][1][gc,task      ] GC(96) Using 1 workers of 1 for evacuation
[2020-09-11T13:50:05.630+0000][1][gc,age       ] GC(96) Desired survivor size 4358144 bytes, new threshold 6 (max threshold 6)
[2020-09-11T13:50:05.630+0000][1][gc,age       ] GC(96) Age table with threshold 6 (max threshold 6)
[2020-09-11T13:50:05.630+0000][1][gc,age       ] GC(96) - age   1:      10664 bytes,      10664 total
[2020-09-11T13:50:05.630+0000][1][gc,age       ] GC(96) - age   2:      15064 bytes,      25728 total
[2020-09-11T13:50:05.630+0000][1][gc,age       ] GC(96) - age   3:      27552 bytes,      53280 total
[2020-09-11T13:50:05.630+0000][1][gc,age       ] GC(96) - age   4:       1240 bytes,      54520 total
[2020-09-11T13:50:05.630+0000][1][gc,age       ] GC(96) - age   5:       1216 bytes,      55736 total
[2020-09-11T13:50:05.630+0000][1][gc,age       ] GC(96) - age   6:       4416 bytes,      60152 total
[2020-09-11T13:50:05.630+0000][1][gc,heap      ] GC(96) ParNew: 68237K->94K(76672K)
[2020-09-11T13:50:05.630+0000][1][gc,heap      ] GC(96) CMS: 66454K->66454K(439104K)
[2020-09-11T13:50:05.630+0000][1][gc,metaspace ] GC(96) Metaspace: 77982K->77982K(1120256K)
[2020-09-11T13:50:05.630+0000][1][gc           ] GC(96) Pause Young (Allocation Failure) 131M->64M(503M) 3.910ms
[2020-09-11T13:50:05.630+0000][1][gc,cpu       ] GC(96) User=0.00s Sys=0.00s Real=0.00s
[2020-09-11T13:50:05.630+0000][1][safepoint    ] Safepoint "GenCollectForAllocation", Time since last: 19089060792 ns, Reaching safepoint: 180351 ns, At safepoint: 3989898 ns, Total: 4170249 ns
[2020-09-11T13:50:23.636+0000][1][safepoint    ] Safepoint "Cleanup", Time since last: 18004969131 ns, Reaching safepoint: 94721 ns, At safepoint: 6989 ns, Total: 101710 ns
[2020-09-11T13:51:10.713+0000][1][gc,start     ] GC(97) Pause Young (Allocation Failure)
[2020-09-11T13:51:10.713+0000][1][gc,task      ] GC(97) Using 1 workers of 1 for evacuation
[2020-09-11T13:51:10.716+0000][1][gc,age       ] GC(97) Desired survivor size 4358144 bytes, new threshold 6 (max threshold 6)
[2020-09-11T13:51:10.716+0000][1][gc,age       ] GC(97) Age table with threshold 6 (max threshold 6)
[2020-09-11T13:51:10.716+0000][1][gc,age       ] GC(97) - age   1:      11560 bytes,      11560 total
[2020-09-11T13:51:10.716+0000][1][gc,age       ] GC(97) - age   2:       2512 bytes,      14072 total
[2020-09-11T13:51:10.716+0000][1][gc,age       ] GC(97) - age   3:      13792 bytes,      27864 total
[2020-09-11T13:51:10.716+0000][1][gc,age       ] GC(97) - age   4:      27552 bytes,      55416 total
[2020-09-11T13:51:10.716+0000][1][gc,age       ] GC(97) - age   6:       1216 bytes,      56632 total
[2020-09-11T13:51:10.717+0000][1][gc,heap      ] GC(97) ParNew: 68254K->59K(76672K)
[2020-09-11T13:51:10.717+0000][1][gc,heap      ] GC(97) CMS: 66454K->66458K(439104K)
[2020-09-11T13:51:10.717+0000][1][gc,metaspace ] GC(97) Metaspace: 77989K->77989K(1120256K)
[2020-09-11T13:51:10.717+0000][1][gc           ] GC(97) Pause Young (Allocation Failure) 131M->64M(503M) 3.771ms
[2020-09-11T13:51:10.717+0000][1][gc,cpu       ] GC(97) User=0.00s Sys=0.00s Real=0.01s
[2020-09-11T13:51:10.717+0000][1][safepoint    ] Safepoint "GenCollectForAllocation", Time since last: 47077046217 ns, Reaching safepoint: 177999 ns, At safepoint: 3879321 ns, Total: 4057320 ns
[2020-09-11T13:51:31.720+0000][1][safepoint    ] Safepoint "Cleanup", Time since last: 21003021905 ns, Reaching safepoint: 108257 ns, At safepoint: 8447 ns, Total: 116704 ns
[2020-09-11T13:51:57.723+0000][1][safepoint    ] Safepoint "Cleanup", Time since last: 26002979988 ns, Reaching safepoint: 120082 ns, At safepoint: 15890 ns, Total: 135972 ns
[2020-09-11T13:51:58.723+0000][1][safepoint    ] Safepoint "Cleanup", Time since last: 1000210696 ns, Reaching safepoint: 117389 ns, At safepoint: 18489 ns, Total: 135878 ns
[2020-09-11T13:52:15.819+0000][1][gc,start     ] GC(98) Pause Young (Allocation Failure)
[2020-09-11T13:52:15.819+0000][1][gc,task      ] GC(98) Using 1 workers of 1 for evacuation
[2020-09-11T13:52:15.824+0000][1][gc,age       ] GC(98) Desired survivor size 4358144 bytes, new threshold 6 (max threshold 6)
[2020-09-11T13:52:15.824+0000][1][gc,age       ] GC(98) Age table with threshold 6 (max threshold 6)
[2020-09-11T13:52:15.824+0000][1][gc,age       ] GC(98) - age   1:      10080 bytes,      10080 total
[2020-09-11T13:52:15.824+0000][1][gc,age       ] GC(98) - age   2:       2080 bytes,      12160 total
[2020-09-11T13:52:15.824+0000][1][gc,age       ] GC(98) - age   3:       2480 bytes,      14640 total
[2020-09-11T13:52:15.824+0000][1][gc,age       ] GC(98) - age   4:      12552 bytes,      27192 total
[2020-09-11T13:52:15.824+0000][1][gc,age       ] GC(98) - age   5:      27552 bytes,      54744 total
[2020-09-11T13:52:15.824+0000][1][gc,heap      ] GC(98) ParNew: 68219K->97K(76672K)
[2020-09-11T13:52:15.824+0000][1][gc,heap      ] GC(98) CMS: 66458K->66460K(439104K)
[2020-09-11T13:52:15.824+0000][1][gc,metaspace ] GC(98) Metaspace: 77989K->77989K(1120256K)
[2020-09-11T13:52:15.824+0000][1][gc           ] GC(98) Pause Young (Allocation Failure) 131M->64M(503M) 4.828ms
[2020-09-11T13:52:15.824+0000][1][gc,cpu       ] GC(98) User=0.01s Sys=0.00s Real=0.01s
[2020-09-11T13:52:15.824+0000][1][safepoint    ] Safepoint "GenCollectForAllocation", Time since last: 17095770515 ns, Reaching safepoint: 180792 ns, At safepoint: 4903939 ns, Total: 5084731 ns
[2020-09-11T13:52:28.828+0000][1][safepoint    ] Safepoint "Cleanup", Time since last: 13004202388 ns, Reaching safepoint: 109914 ns, At safepoint: 16501 ns, Total: 126415 ns
[2020-09-11T13:52:49.911+0000][1][safepoint    ] Safepoint "RevokeBias", Time since last: 21081931892 ns, Reaching safepoint: 118726 ns, At safepoint: 11139 ns, Total: 129865 ns
[2020-09-11T13:52:49.911+0000][1][safepoint    ] Safepoint "RevokeBias", Time since last: 83819 ns, Reaching safepoint: 204904 ns, At safepoint: 6028 ns, Total: 210932 ns
[2020-09-11T13:52:49.911+0000][1][safepoint    ] Safepoint "RevokeBias", Time since last: 302119 ns, Reaching safepoint: 331728 ns, At safepoint: 8540 ns, Total: 340268 ns
[2020-09-11T13:52:49.914+0000][1][safepoint    ] Safepoint "RevokeBias", Time since last: 1698770 ns, Reaching safepoint: 572206 ns, At safepoint: 9017 ns, Total: 581223 ns
[2020-09-11T13:52:49.915+0000][1][safepoint    ] Safepoint "RevokeBias", Time since last: 615934 ns, Reaching safepoint: 158162 ns, At safepoint: 6678 ns, Total: 164840 ns
[2020-09-11T13:52:49.915+0000][1][safepoint    ] Safepoint "RevokeBias", Time since last: 71809 ns, Reaching safepoint: 588591 ns, At safepoint: 7100 ns, Total: 595691 ns
[2020-09-11T13:52:49.915+0000][1][safepoint    ] Safepoint "RevokeBias", Time since last: 44311 ns, Reaching safepoint: 210363 ns, At safepoint: 11728 ns, Total: 222091 ns
[2020-09-11T13:52:49.916+0000][1][safepoint    ] Safepoint "RevokeBias", Time since last: 252949 ns, Reaching safepoint: 287830 ns, At safepoint: 6739 ns, Total: 294569 ns
[2020-09-11T13:52:49.918+0000][1][safepoint    ] Safepoint "RevokeBias", Time since last: 459478 ns, Reaching safepoint: 1557955 ns, At safepoint: 9795 ns, Total: 1567750 ns
[2020-09-11T13:52:49.919+0000][1][safepoint    ] Safepoint "RevokeBias", Time since last: 198713 ns, Reaching safepoint: 1155653 ns, At safepoint: 73525 ns, Total: 1229178 ns
[2020-09-11T13:52:49.922+0000][1][safepoint    ] Safepoint "RevokeBias", Time since last: 783739 ns, Reaching safepoint: 1506084 ns, At safepoint: 9054 ns, Total: 1515138 ns
[2020-09-11T13:52:49.927+0000][1][safepoint    ] Safepoint "RevokeBias", Time since last: 1227385 ns, Reaching safepoint: 4073470 ns, At safepoint: 19860 ns, Total: 4093330 ns
[2020-09-11T13:52:49.928+0000][1][safepoint    ] Safepoint "RevokeBias", Time since last: 475413 ns, Reaching safepoint: 164589 ns, At safepoint: 5802 ns, Total: 170391 ns
[2020-09-11T13:52:49.928+0000][1][safepoint    ] Safepoint "RevokeBias", Time since last: 239961 ns, Reaching safepoint: 150765 ns, At safepoint: 14711 ns, Total: 165476 ns
[2020-09-11T13:52:49.930+0000][1][safepoint    ] Safepoint "RevokeBias", Time since last: 219727 ns, Reaching safepoint: 1560729 ns, At safepoint: 9030 ns, Total: 1569759 ns
[2020-09-11T13:52:49.930+0000][1][safepoint    ] Safepoint "RevokeBias", Time since last: 64494 ns, Reaching safepoint: 135279 ns, At safepoint: 6437 ns, Total: 141716 ns
[2020-09-11T13:52:49.930+0000][1][safepoint    ] Safepoint "RevokeBias", Time since last: 52691 ns, Reaching safepoint: 276924 ns, At safepoint: 6697 ns, Total: 283621 ns
[2020-09-11T13:52:49.932+0000][1][safepoint    ] Safepoint "RevokeBias", Time since last: 615269 ns, Reaching safepoint: 775992 ns, At safepoint: 8599 ns, Total: 784591 ns
[2020-09-11T13:52:49.956+0000][1][safepoint    ] Safepoint "RevokeBias", Time since last: 23571369 ns, Reaching safepoint: 131649 ns, At safepoint: 10561 ns, Total: 142210 ns
[2020-09-11T13:52:49.956+0000][1][safepoint    ] Safepoint "RevokeBias", Time since last: 283000 ns, Reaching safepoint: 94941 ns, At safepoint: 6536 ns, Total: 101477 ns
[2020-09-11T13:52:49.957+0000][1][safepoint    ] Safepoint "RevokeBias", Time since last: 1027940 ns, Reaching safepoint: 102022 ns, At safepoint: 6980 ns, Total: 109002 ns
[2020-09-11T13:52:50.076+0000][1][safepoint    ] Safepoint "Deoptimize", Time since last: 118645836 ns, Reaching safepoint: 70561 ns, At safepoint: 596366 ns, Total: 666927 ns
[2020-09-11T13:52:50.080+0000][1][safepoint    ] Safepoint "RevokeBias", Time since last: 4033346 ns, Reaching safepoint: 53591 ns, At safepoint: 18046 ns, Total: 71637 ns
[2020-09-11T13:52:50.111+0000][1][safepoint    ] Safepoint "RevokeBias", Time since last: 30763036 ns, Reaching safepoint: 158523 ns, At safepoint: 30562 ns, Total: 189085 ns
[2020-09-11T13:52:50.112+0000][1][safepoint    ] Safepoint "RevokeBias", Time since last: 393902 ns, Reaching safepoint: 95408 ns, At safepoint: 21708 ns, Total: 117116 ns
[2020-09-11T13:52:50.129+0000][1][safepoint    ] Safepoint "RevokeBias", Time since last: 16398997 ns, Reaching safepoint: 135949 ns, At safepoint: 19855 ns, Total: 155804 ns
[2020-09-11T13:52:50.129+0000][1][safepoint    ] Safepoint "RevokeBias", Time since last: 810787 ns, Reaching safepoint: 112759 ns, At safepoint: 13176 ns, Total: 125935 ns
[2020-09-11T13:52:50.130+0000][1][safepoint    ] Safepoint "RevokeBias", Time since last: 672083 ns, Reaching safepoint: 105163 ns, At safepoint: 16570 ns, Total: 121733 ns
[2020-09-11T13:52:50.131+0000][1][safepoint    ] Safepoint "RevokeBias", Time since last: 1025139 ns, Reaching safepoint: 160750 ns, At safepoint: 19054 ns, Total: 179804 ns
[2020-09-11T13:52:50.136+0000][1][safepoint    ] Safepoint "RevokeBias", Time since last: 4338378 ns, Reaching safepoint: 164037 ns, At safepoint: 19371 ns, Total: 183408 ns
[2020-09-11T13:52:50.140+0000][1][safepoint    ] Safepoint "RevokeBias", Time since last: 764047 ns, Reaching safepoint: 2873504 ns, At safepoint: 32861 ns, Total: 2906365 ns
[2020-09-11T13:52:50.144+0000][1][safepoint    ] Safepoint "RevokeBias", Time since last: 867720 ns, Reaching safepoint: 2985413 ns, At safepoint: 31925 ns, Total: 3017338 ns
[2020-09-11T13:52:50.146+0000][1][safepoint    ] Safepoint "RevokeBias", Time since last: 788082 ns, Reaching safepoint: 1233223 ns, At safepoint: 26470 ns, Total: 1259693 ns
[2020-09-11T13:52:50.260+0000][1][safepoint    ] Safepoint "RevokeBias", Time since last: 114366717 ns, Reaching safepoint: 157976 ns, At safepoint: 9667 ns, Total: 167643 ns
[2020-09-11T13:52:50.272+0000][1][safepoint    ] Safepoint "RevokeBias", Time since last: 11897828 ns, Reaching safepoint: 155093 ns, At safepoint: 11552 ns, Total: 166645 ns
[2020-09-11T13:52:50.272+0000][1][safepoint    ] Safepoint "RevokeBias", Time since last: 88440 ns, Reaching safepoint: 95169 ns, At safepoint: 7784 ns, Total: 102953 ns
[2020-09-11T13:52:50.273+0000][1][safepoint    ] Safepoint "RevokeBias", Time since last: 55525 ns, Reaching safepoint: 94578 ns, At safepoint: 7789 ns, Total: 102367 ns
[2020-09-11T13:52:50.273+0000][1][safepoint    ] Safepoint "RevokeBias", Time since last: 187660 ns, Reaching safepoint: 97015 ns, At safepoint: 7504 ns, Total: 104519 ns
[2020-09-11T13:52:50.273+0000][1][safepoint    ] Safepoint "RevokeBias", Time since last: 36167 ns, Reaching safepoint: 94530 ns, At safepoint: 7312 ns, Total: 101842 ns
[2020-09-11T13:52:50.276+0000][1][safepoint    ] Safepoint "RevokeBias", Time since last: 3369912 ns, Reaching safepoint: 124168 ns, At safepoint: 9450 ns, Total: 133618 ns
[2020-09-11T13:52:50.277+0000][1][safepoint    ] Safepoint "RevokeBias", Time since last: 428069 ns, Reaching safepoint: 98698 ns, At safepoint: 7199 ns, Total: 105897 ns
[2020-09-11T13:52:50.285+0000][1][safepoint    ] Safepoint "RevokeBias", Time since last: 7492976 ns, Reaching safepoint: 122557 ns, At safepoint: 8668 ns, Total: 131225 ns
[2020-09-11T13:52:50.285+0000][1][safepoint    ] Safepoint "RevokeBias", Time since last: 56229 ns, Reaching safepoint: 90737 ns, At safepoint: 7102 ns, Total: 97839 ns
[2020-09-11T13:52:50.285+0000][1][safepoint    ] Safepoint "RevokeBias", Time since last: 38456 ns, Reaching safepoint: 90602 ns, At safepoint: 6864 ns, Total: 97466 ns
[2020-09-11T13:52:50.285+0000][1][safepoint    ] Safepoint "RevokeBias", Time since last: 61610 ns, Reaching safepoint: 91073 ns, At safepoint: 6755 ns, Total: 97828 ns
[2020-09-11T13:52:50.287+0000][1][safepoint    ] Safepoint "RevokeBias", Time since last: 53190 ns, Reaching safepoint: 2344079 ns, At safepoint: 16926 ns, Total: 2361005 ns
[2020-09-11T13:52:50.288+0000][1][safepoint    ] Safepoint "RevokeBias", Time since last: 121998 ns, Reaching safepoint: 95277 ns, At safepoint: 8302 ns, Total: 103579 ns
[2020-09-11T13:52:50.299+0000][1][safepoint    ] Safepoint "RevokeBias", Time since last: 10610602 ns, Reaching safepoint: 1147477 ns, At safepoint: 32407 ns, Total: 1179884 ns
[2020-09-11T13:52:50.303+0000][1][safepoint    ] Safepoint "RevokeBias", Time since last: 2618252 ns, Reaching safepoint: 842818 ns, At safepoint: 31013 ns, Total: 873831 ns
[2020-09-11T13:52:50.304+0000][1][safepoint    ] Safepoint "RevokeBias", Time since last: 1115691 ns, Reaching safepoint: 355093 ns, At safepoint: 11828 ns, Total: 366921 ns
[2020-09-11T13:52:50.305+0000][1][safepoint    ] Safepoint "BulkRevokeBias", Time since last: 55798 ns, Reaching safepoint: 116168 ns, At safepoint: 173407 ns, Total: 289575 ns
[2020-09-11T13:52:50.307+0000][1][safepoint    ] Safepoint "RevokeBias", Time since last: 1579868 ns, Reaching safepoint: 1055095 ns, At safepoint: 13038 ns, Total: 1068133 ns
[2020-09-11T13:52:50.315+0000][1][safepoint    ] Safepoint "RevokeBias", Time since last: 7052262 ns, Reaching safepoint: 245029 ns, At safepoint: 25283 ns, Total: 270312 ns
[2020-09-11T13:52:50.332+0000][1][safepoint    ] Safepoint "RevokeBias", Time since last: 16630130 ns, Reaching safepoint: 744472 ns, At safepoint: 21617 ns, Total: 766089 ns
[2020-09-11T13:52:50.393+0000][1][safepoint    ] Safepoint "BulkRevokeBias", Time since last: 60291334 ns, Reaching safepoint: 122627 ns, At safepoint: 116921 ns, Total: 239548 ns
[2020-09-11T13:52:50.396+0000][1][safepoint    ] Safepoint "BulkRevokeBias", Time since last: 2962563 ns, Reaching safepoint: 58011 ns, At safepoint: 94911 ns, Total: 152922 ns
[2020-09-11T13:52:50.438+0000][1][safepoint    ] Safepoint "RevokeBias", Time since last: 41672667 ns, Reaching safepoint: 120157 ns, At safepoint: 7369 ns, Total: 127526 ns
[2020-09-11T13:52:50.440+0000][1][safepoint    ] Safepoint "RevokeBias", Time since last: 1860592 ns, Reaching safepoint: 826168 ns, At safepoint: 7282 ns, Total: 833450 ns
[2020-09-11T13:52:50.463+0000][1][safepoint    ] Safepoint "RevokeBias", Time since last: 20173357 ns, Reaching safepoint: 2945490 ns, At safepoint: 11229 ns, Total: 2956719 ns
[2020-09-11T13:52:50.480+0000][1][safepoint    ] Safepoint "RevokeBias", Time since last: 16512392 ns, Reaching safepoint: 88415 ns, At safepoint: 5720 ns, Total: 94135 ns
[2020-09-11T13:52:50.480+0000][1][safepoint    ] Safepoint "RevokeBias", Time since last: 101364 ns, Reaching safepoint: 11520 ns, At safepoint: 3954 ns, Total: 15474 ns
[2020-09-11T13:52:50.492+0000][1][safepoint    ] Safepoint "RevokeBias", Time since last: 11269115 ns, Reaching safepoint: 105743 ns, At safepoint: 16584 ns, Total: 122327 ns
[2020-09-11T13:52:50.512+0000][1][safepoint    ] Safepoint "RevokeBias", Time since last: 19840205 ns, Reaching safepoint: 107857 ns, At safepoint: 7311 ns, Total: 115168 ns
[2020-09-11T13:52:50.515+0000][1][gc,heap,exit ] Heap
[2020-09-11T13:52:50.516+0000][1][gc,heap,exit ]  par new generation   total 76672K, used 46608K [0x00000000e0000000, 0x00000000e5330000, 0x00000000e5330000)
[2020-09-11T13:52:50.516+0000][1][gc,heap,exit ]   eden space 68160K,  68% used [0x00000000e0000000, 0x00000000e2d6b878, 0x00000000e4290000)
[2020-09-11T13:52:50.516+0000][1][gc,heap,exit ]   from space 8512K,   1% used [0x00000000e4290000, 0x00000000e42a8790, 0x00000000e4ae0000)
[2020-09-11T13:52:50.516+0000][1][gc,heap,exit ]   to   space 8512K,   0% used [0x00000000e4ae0000, 0x00000000e4ae0000, 0x00000000e5330000)
[2020-09-11T13:52:50.516+0000][1][gc,heap,exit ]  concurrent mark-sweep generation total 439104K, used 66460K [0x00000000e5330000, 0x0000000100000000, 0x0000000100000000)
[2020-09-11T13:52:50.516+0000][1][gc,heap,exit ]  Metaspace       used 78212K, capacity 84099K, committed 84328K, reserved 1120256K
[2020-09-11T13:52:50.516+0000][1][gc,heap,exit ]   class space    used 10421K, capacity 12894K, committed 13008K, reserved 1048576K
