[2020-09-11T12:50:40.881+0000][1][gc] Using Concurrent Mark Sweep
[2020-09-11T12:50:40.881+0000][1][gc,heap,coops] Heap address: 0x00000000e0000000, size: 512 MB, Compressed Oops mode: 32-bit
[2020-09-11T12:50:41.147+0000][1][safepoint    ] Safepoint "EnableBiasedLocking", Time since last: 237740385 ns, Reaching safepoint: 1042329 ns, At safepoint: 39843 ns, Total: 1082172 ns
[2020-09-11T12:50:41.159+0000][1][safepoint    ] Safepoint "RevokeBias", Time since last: 10954741 ns, Reaching safepoint: 990854 ns, At safepoint: 48984 ns, Total: 1039838 ns
[2020-09-11T12:50:41.224+0000][1][safepoint    ] Safepoint "Deoptimize", Time since last: 64024457 ns, Reaching safepoint: 527380 ns, At safepoint: 25628 ns, Total: 553008 ns
[2020-09-11T12:50:41.954+0000][1][safepoint    ] Safepoint "Deoptimize", Time since last: 724355616 ns, Reaching safepoint: 5248524 ns, At safepoint: 36884 ns, Total: 5285408 ns
[2020-09-11T12:50:41.970+0000][1][safepoint    ] Safepoint "Deoptimize", Time since last: 14890234 ns, Reaching safepoint: 1630344 ns, At safepoint: 35504 ns, Total: 1665848 ns
[2020-09-11T12:50:42.204+0000][1][safepoint    ] Safepoint "Deoptimize", Time since last: 230326991 ns, Reaching safepoint: 3139490 ns, At safepoint: 44429 ns, Total: 3183919 ns
[2020-09-11T12:50:43.211+0000][1][safepoint    ] Safepoint "Cleanup", Time since last: 1007333643 ns, Reaching safepoint: 367653 ns, At safepoint: 9302 ns, Total: 376955 ns
[2020-09-11T12:50:44.212+0000][1][safepoint    ] Safepoint "Cleanup", Time since last: 1000387974 ns, Reaching safepoint: 125001 ns, At safepoint: 5484 ns, Total: 130485 ns
[2020-09-11T12:50:44.484+0000][1][safepoint    ] Safepoint "Deoptimize", Time since last: 271888291 ns, Reaching safepoint: 94399 ns, At safepoint: 57401 ns, Total: 151800 ns
[2020-09-11T12:50:44.792+0000][1][safepoint    ] Safepoint "Deoptimize", Time since last: 308074159 ns, Reaching safepoint: 100742 ns, At safepoint: 62035 ns, Total: 162777 ns
[2020-09-11T12:50:45.116+0000][1][safepoint    ] Safepoint "Deoptimize", Time since last: 322892766 ns, Reaching safepoint: 282693 ns, At safepoint: 63629 ns, Total: 346322 ns
[2020-09-11T12:50:45.820+0000][1][safepoint    ] Safepoint "Deoptimize", Time since last: 702917920 ns, Reaching safepoint: 1052216 ns, At safepoint: 73837 ns, Total: 1126053 ns
[2020-09-11T12:50:46.824+0000][1][safepoint    ] Safepoint "Cleanup", Time since last: 1003868653 ns, Reaching safepoint: 135064 ns, At safepoint: 4321 ns, Total: 139385 ns
[2020-09-11T12:50:47.036+0000][1][safepoint    ] Safepoint "Deoptimize", Time since last: 212683143 ns, Reaching safepoint: 86244 ns, At safepoint: 73345 ns, Total: 159589 ns
[2020-09-11T12:50:48.046+0000][1][safepoint    ] Safepoint "Cleanup", Time since last: 1006218192 ns, Reaching safepoint: 3125194 ns, At safepoint: 6392 ns, Total: 3131586 ns
[2020-09-11T12:50:48.707+0000][1][safepoint    ] Safepoint "Deoptimize", Time since last: 660275356 ns, Reaching safepoint: 908522 ns, At safepoint: 82797 ns, Total: 991319 ns
[2020-09-11T12:50:49.711+0000][1][safepoint    ] Safepoint "Cleanup", Time since last: 1002756035 ns, Reaching safepoint: 1686035 ns, At safepoint: 7466 ns, Total: 1693501 ns
[2020-09-11T12:50:50.636+0000][1][safepoint    ] Safepoint "Deoptimize", Time since last: 923995837 ns, Reaching safepoint: 122589 ns, At safepoint: 103375 ns, Total: 225964 ns
[2020-09-11T12:50:50.636+0000][1][safepoint    ] Safepoint "Deoptimize", Time since last: 206434 ns, Reaching safepoint: 6022 ns, At safepoint: 41407 ns, Total: 47429 ns
[2020-09-11T12:50:50.893+0000][1][safepoint    ] Safepoint "Deoptimize", Time since last: 255493090 ns, Reaching safepoint: 1402978 ns, At safepoint: 107223 ns, Total: 1510201 ns
[2020-09-11T12:50:50.914+0000][1][safepoint    ] Safepoint "Deoptimize", Time since last: 18967950 ns, Reaching safepoint: 1610356 ns, At safepoint: 107103 ns, Total: 1717459 ns
[2020-09-11T12:50:50.987+0000][1][safepoint    ] Safepoint "RevokeBias", Time since last: 70154496 ns, Reaching safepoint: 3638924 ns, At safepoint: 24063 ns, Total: 3662987 ns
[2020-09-11T12:50:50.988+0000][1][safepoint    ] Safepoint "RevokeBias", Time since last: 136259 ns, Reaching safepoint: 79174 ns, At safepoint: 13813 ns, Total: 92987 ns
[2020-09-11T12:50:50.988+0000][1][safepoint    ] Safepoint "RevokeBias", Time since last: 49555 ns, Reaching safepoint: 373646 ns, At safepoint: 15599 ns, Total: 389245 ns
[2020-09-11T12:50:50.988+0000][1][safepoint    ] Safepoint "RevokeBias", Time since last: 57003 ns, Reaching safepoint: 81224 ns, At safepoint: 19422 ns, Total: 100646 ns
[2020-09-11T12:50:50.989+0000][1][safepoint    ] Safepoint "RevokeBias", Time since last: 145652 ns, Reaching safepoint: 79718 ns, At safepoint: 13635 ns, Total: 93353 ns
[2020-09-11T12:50:52.000+0000][1][safepoint    ] Safepoint "Cleanup", Time since last: 1010936916 ns, Reaching safepoint: 205807 ns, At safepoint: 6966 ns, Total: 212773 ns
[2020-09-11T12:50:53.011+0000][1][safepoint    ] Safepoint "Cleanup", Time since last: 1011756591 ns, Reaching safepoint: 61381 ns, At safepoint: 7397 ns, Total: 68778 ns
[2020-09-11T12:50:53.568+0000][1][gc,start     ] GC(0) Pause Young (Allocation Failure)
[2020-09-11T12:50:53.568+0000][1][gc,task      ] GC(0) Using 1 workers of 1 for evacuation
[2020-09-11T12:50:53.666+0000][1][gc,age       ] GC(0) Desired survivor size 4358144 bytes, new threshold 1 (max threshold 6)
[2020-09-11T12:50:53.666+0000][1][gc,age       ] GC(0) Age table with threshold 1 (max threshold 6)
[2020-09-11T12:50:53.666+0000][1][gc,age       ] GC(0) - age   1:    6425296 bytes,    6425296 total
[2020-09-11T12:50:53.666+0000][1][gc,heap      ] GC(0) ParNew: 68160K->6299K(76672K)
[2020-09-11T12:50:53.666+0000][1][gc,heap      ] GC(0) CMS: 0K->0K(439104K)
[2020-09-11T12:50:53.666+0000][1][gc,metaspace ] GC(0) Metaspace: 13593K->13593K(1060864K)
[2020-09-11T12:50:53.666+0000][1][gc           ] GC(0) Pause Young (Allocation Failure) 66M->6M(503M) 98.064ms
[2020-09-11T12:50:53.666+0000][1][gc,cpu       ] GC(0) User=0.02s Sys=0.00s Real=0.10s
[2020-09-11T12:50:53.693+0000][1][safepoint    ] Safepoint "GenCollectForAllocation", Time since last: 556548401 ns, Reaching safepoint: 108611 ns, At safepoint: 125113145 ns, Total: 125221756 ns
[2020-09-11T12:50:53.716+0000][1][safepoint    ] Safepoint "RevokeBias", Time since last: 22167840 ns, Reaching safepoint: 37885 ns, At safepoint: 57247 ns, Total: 95132 ns
[2020-09-11T12:50:53.716+0000][1][safepoint    ] Safepoint "RevokeBias", Time since last: 118279 ns, Reaching safepoint: 81560 ns, At safepoint: 17123 ns, Total: 98683 ns
[2020-09-11T12:50:53.716+0000][1][safepoint    ] Safepoint "RevokeBias", Time since last: 45534 ns, Reaching safepoint: 79740 ns, At safepoint: 19514 ns, Total: 99254 ns
[2020-09-11T12:50:53.716+0000][1][safepoint    ] Safepoint "RevokeBias", Time since last: 30279 ns, Reaching safepoint: 77827 ns, At safepoint: 14751 ns, Total: 92578 ns
[2020-09-11T12:50:53.716+0000][1][safepoint    ] Safepoint "RevokeBias", Time since last: 34984 ns, Reaching safepoint: 78209 ns, At safepoint: 14560 ns, Total: 92769 ns
[2020-09-11T12:50:53.716+0000][1][safepoint    ] Safepoint "RevokeBias", Time since last: 28835 ns, Reaching safepoint: 77503 ns, At safepoint: 15879 ns, Total: 93382 ns
[2020-09-11T12:50:53.716+0000][1][safepoint    ] Safepoint "RevokeBias", Time since last: 34977 ns, Reaching safepoint: 78174 ns, At safepoint: 15773 ns, Total: 93947 ns
[2020-09-11T12:50:53.717+0000][1][safepoint    ] Safepoint "RevokeBias", Time since last: 28669 ns, Reaching safepoint: 77856 ns, At safepoint: 18791 ns, Total: 96647 ns
[2020-09-11T12:50:53.717+0000][1][safepoint    ] Safepoint "RevokeBias", Time since last: 34750 ns, Reaching safepoint: 77266 ns, At safepoint: 15515 ns, Total: 92781 ns
[2020-09-11T12:50:53.717+0000][1][safepoint    ] Safepoint "RevokeBias", Time since last: 28101 ns, Reaching safepoint: 76730 ns, At safepoint: 14444 ns, Total: 91174 ns
[2020-09-11T12:50:53.717+0000][1][safepoint    ] Safepoint "RevokeBias", Time since last: 33886 ns, Reaching safepoint: 77302 ns, At safepoint: 14637 ns, Total: 91939 ns
[2020-09-11T12:50:53.717+0000][1][safepoint    ] Safepoint "RevokeBias", Time since last: 28111 ns, Reaching safepoint: 77783 ns, At safepoint: 18235 ns, Total: 96018 ns
[2020-09-11T12:50:53.717+0000][1][safepoint    ] Safepoint "RevokeBias", Time since last: 88337 ns, Reaching safepoint: 78296 ns, At safepoint: 14792 ns, Total: 93088 ns
[2020-09-11T12:50:53.720+0000][1][safepoint    ] Safepoint "RevokeBias", Time since last: 2291470 ns, Reaching safepoint: 87136 ns, At safepoint: 19444 ns, Total: 106580 ns
[2020-09-11T12:50:53.720+0000][1][safepoint    ] Safepoint "RevokeBias", Time since last: 60887 ns, Reaching safepoint: 78130 ns, At safepoint: 17025 ns, Total: 95155 ns
[2020-09-11T12:50:53.720+0000][1][safepoint    ] Safepoint "RevokeBias", Time since last: 27840 ns, Reaching safepoint: 76745 ns, At safepoint: 19306 ns, Total: 96051 ns
[2020-09-11T12:50:53.720+0000][1][safepoint    ] Safepoint "RevokeBias", Time since last: 200394 ns, Reaching safepoint: 77633 ns, At safepoint: 15369 ns, Total: 93002 ns
[2020-09-11T12:50:53.720+0000][1][safepoint    ] Safepoint "RevokeBias", Time since last: 28359 ns, Reaching safepoint: 76426 ns, At safepoint: 14725 ns, Total: 91151 ns
[2020-09-11T12:50:53.724+0000][1][safepoint    ] Safepoint "RevokeBias", Time since last: 3303689 ns, Reaching safepoint: 91178 ns, At safepoint: 25477 ns, Total: 116655 ns
[2020-09-11T12:50:53.726+0000][1][safepoint    ] Safepoint "RevokeBias", Time since last: 43280 ns, Reaching safepoint: 2249640 ns, At safepoint: 34104 ns, Total: 2283744 ns
[2020-09-11T12:50:53.726+0000][1][safepoint    ] Safepoint "RevokeBias", Time since last: 102991 ns, Reaching safepoint: 82705 ns, At safepoint: 20736 ns, Total: 103441 ns
[2020-09-11T12:50:53.726+0000][1][safepoint    ] Safepoint "RevokeBias", Time since last: 31131 ns, Reaching safepoint: 77480 ns, At safepoint: 15126 ns, Total: 92606 ns
[2020-09-11T12:50:53.733+0000][1][safepoint    ] Safepoint "RevokeBias", Time since last: 6446615 ns, Reaching safepoint: 29268 ns, At safepoint: 34027 ns, Total: 63295 ns
[2020-09-11T12:50:53.748+0000][1][safepoint    ] Safepoint "RevokeBias", Time since last: 14558599 ns, Reaching safepoint: 440679 ns, At safepoint: 34158 ns, Total: 474837 ns
[2020-09-11T12:50:53.748+0000][1][safepoint    ] Safepoint "RevokeBias", Time since last: 92294 ns, Reaching safepoint: 148358 ns, At safepoint: 23645 ns, Total: 172003 ns
[2020-09-11T12:50:53.748+0000][1][safepoint    ] Safepoint "RevokeBias", Time since last: 31078 ns, Reaching safepoint: 77246 ns, At safepoint: 18870 ns, Total: 96116 ns
[2020-09-11T12:50:53.748+0000][1][safepoint    ] Safepoint "RevokeBias", Time since last: 39592 ns, Reaching safepoint: 78299 ns, At safepoint: 18543 ns, Total: 96842 ns
[2020-09-11T12:50:53.751+0000][1][safepoint    ] Safepoint "RevokeBias", Time since last: 1803902 ns, Reaching safepoint: 1200479 ns, At safepoint: 48327 ns, Total: 1248806 ns
[2020-09-11T12:50:53.752+0000][1][safepoint    ] Safepoint "RevokeBias", Time since last: 134371 ns, Reaching safepoint: 79654 ns, At safepoint: 21638 ns, Total: 101292 ns
[2020-09-11T12:50:53.752+0000][1][safepoint    ] Safepoint "RevokeBias", Time since last: 29033 ns, Reaching safepoint: 78766 ns, At safepoint: 24126 ns, Total: 102892 ns
[2020-09-11T12:50:53.878+0000][1][safepoint    ] Safepoint "Deoptimize", Time since last: 126269155 ns, Reaching safepoint: 116140 ns, At safepoint: 167808 ns, Total: 283948 ns
[2020-09-11T12:50:54.891+0000][1][safepoint    ] Safepoint "Cleanup", Time since last: 1012683504 ns, Reaching safepoint: 156636 ns, At safepoint: 7866 ns, Total: 164502 ns
[2020-09-11T12:50:55.387+0000][1][safepoint    ] Safepoint "RevokeBias", Time since last: 495444711 ns, Reaching safepoint: 737362 ns, At safepoint: 36069 ns, Total: 773431 ns
[2020-09-11T12:50:56.392+0000][1][safepoint    ] Safepoint "Cleanup", Time since last: 1003968530 ns, Reaching safepoint: 122656 ns, At safepoint: 7001 ns, Total: 129657 ns
[2020-09-11T12:50:57.333+0000][1][safepoint    ] Safepoint "Deoptimize", Time since last: 939904724 ns, Reaching safepoint: 1124216 ns, At safepoint: 159160 ns, Total: 1283376 ns
[2020-09-11T12:50:58.095+0000][1][safepoint    ] Safepoint "Deoptimize", Time since last: 761912485 ns, Reaching safepoint: 120693 ns, At safepoint: 165740 ns, Total: 286433 ns
[2020-09-11T12:50:58.127+0000][1][gc,start     ] GC(1) Pause Young (Allocation Failure)
[2020-09-11T12:50:58.128+0000][1][gc,task      ] GC(1) Using 1 workers of 1 for evacuation
[2020-09-11T12:50:58.281+0000][1][gc,age       ] GC(1) Desired survivor size 4358144 bytes, new threshold 6 (max threshold 6)
[2020-09-11T12:50:58.281+0000][1][gc,age       ] GC(1) Age table with threshold 6 (max threshold 6)
[2020-09-11T12:50:58.281+0000][1][gc,age       ] GC(1) - age   1:    3966728 bytes,    3966728 total
[2020-09-11T12:50:58.281+0000][1][gc,heap      ] GC(1) ParNew: 74459K->4175K(76672K)
[2020-09-11T12:50:58.281+0000][1][gc,heap      ] GC(1) CMS: 0K->6787K(439104K)
[2020-09-11T12:50:58.281+0000][1][gc,metaspace ] GC(1) Metaspace: 19078K->19078K(1067008K)
[2020-09-11T12:50:58.281+0000][1][gc           ] GC(1) Pause Young (Allocation Failure) 72M->10M(503M) 153.796ms
[2020-09-11T12:50:58.281+0000][1][gc,cpu       ] GC(1) User=0.04s Sys=0.00s Real=0.15s
[2020-09-11T12:50:58.294+0000][1][safepoint    ] Safepoint "GenCollectForAllocation", Time since last: 28478134 ns, Reaching safepoint: 4012529 ns, At safepoint: 166883026 ns, Total: 170895555 ns
[2020-09-11T12:50:58.316+0000][1][safepoint    ] Safepoint "BulkRevokeBias", Time since last: 21819452 ns, Reaching safepoint: 38589 ns, At safepoint: 251878 ns, Total: 290467 ns
[2020-09-11T12:50:58.317+0000][1][safepoint    ] Safepoint "RevokeBias", Time since last: 54269 ns, Reaching safepoint: 11707 ns, At safepoint: 29651 ns, Total: 41358 ns
[2020-09-11T12:50:58.317+0000][1][safepoint    ] Safepoint "RevokeBias", Time since last: 84416 ns, Reaching safepoint: 8345 ns, At safepoint: 25889 ns, Total: 34234 ns
[2020-09-11T12:50:58.317+0000][1][safepoint    ] Safepoint "RevokeBias", Time since last: 26502 ns, Reaching safepoint: 7745 ns, At safepoint: 25523 ns, Total: 33268 ns
[2020-09-11T12:50:58.317+0000][1][safepoint    ] Safepoint "RevokeBias", Time since last: 21321 ns, Reaching safepoint: 7400 ns, At safepoint: 24723 ns, Total: 32123 ns
[2020-09-11T12:50:58.317+0000][1][safepoint    ] Safepoint "RevokeBias", Time since last: 24445 ns, Reaching safepoint: 7615 ns, At safepoint: 25078 ns, Total: 32693 ns
[2020-09-11T12:50:58.317+0000][1][safepoint    ] Safepoint "RevokeBias", Time since last: 20969 ns, Reaching safepoint: 7073 ns, At safepoint: 24585 ns, Total: 31658 ns
[2020-09-11T12:50:58.317+0000][1][safepoint    ] Safepoint "BulkRevokeBias", Time since last: 24129 ns, Reaching safepoint: 7556 ns, At safepoint: 41339 ns, Total: 48895 ns
[2020-09-11T12:50:58.317+0000][1][safepoint    ] Safepoint "BulkRevokeBias", Time since last: 21162 ns, Reaching safepoint: 7080 ns, At safepoint: 37526 ns, Total: 44606 ns
[2020-09-11T12:50:59.177+0000][1][safepoint    ] Safepoint "Deoptimize", Time since last: 859082485 ns, Reaching safepoint: 898273 ns, At safepoint: 165049 ns, Total: 1063322 ns
[2020-09-11T12:50:59.448+0000][1][safepoint    ] Safepoint "Deoptimize", Time since last: 270283715 ns, Reaching safepoint: 115375 ns, At safepoint: 193944 ns, Total: 309319 ns
[2020-09-11T12:50:59.451+0000][1][safepoint    ] Safepoint "RevokeBias", Time since last: 564935 ns, Reaching safepoint: 3111967 ns, At safepoint: 46420 ns, Total: 3158387 ns
[2020-09-11T12:50:59.455+0000][1][safepoint    ] Safepoint "Deoptimize", Time since last: 929679 ns, Reaching safepoint: 1964807 ns, At safepoint: 177813 ns, Total: 2142620 ns
[2020-09-11T12:51:00.465+0000][1][safepoint    ] Safepoint "Cleanup", Time since last: 1010572536 ns, Reaching safepoint: 122649 ns, At safepoint: 5955 ns, Total: 128604 ns
[2020-09-11T12:51:01.202+0000][1][gc,start     ] GC(2) Pause Young (Allocation Failure)
[2020-09-11T12:51:01.202+0000][1][gc,task      ] GC(2) Using 1 workers of 1 for evacuation
[2020-09-11T12:51:01.238+0000][1][gc,age       ] GC(2) Desired survivor size 4358144 bytes, new threshold 6 (max threshold 6)
[2020-09-11T12:51:01.238+0000][1][gc,age       ] GC(2) Age table with threshold 6 (max threshold 6)
[2020-09-11T12:51:01.238+0000][1][gc,age       ] GC(2) - age   1:     416088 bytes,     416088 total
[2020-09-11T12:51:01.238+0000][1][gc,age       ] GC(2) - age   2:    3925504 bytes,    4341592 total
[2020-09-11T12:51:01.238+0000][1][gc,heap      ] GC(2) ParNew: 72335K->7911K(76672K)
[2020-09-11T12:51:01.238+0000][1][gc,heap      ] GC(2) CMS: 6787K->6787K(439104K)
[2020-09-11T12:51:01.238+0000][1][gc,metaspace ] GC(2) Metaspace: 19993K->19993K(1067008K)
[2020-09-11T12:51:01.238+0000][1][gc           ] GC(2) Pause Young (Allocation Failure) 77M->14M(503M) 35.635ms
[2020-09-11T12:51:01.238+0000][1][gc,cpu       ] GC(2) User=0.01s Sys=0.00s Real=0.04s
[2020-09-11T12:51:01.259+0000][1][safepoint    ] Safepoint "GenCollectForAllocation", Time since last: 736886336 ns, Reaching safepoint: 126224 ns, At safepoint: 57054598 ns, Total: 57180822 ns
[2020-09-11T12:51:01.300+0000][1][safepoint    ] Safepoint "RevokeBias", Time since last: 40101729 ns, Reaching safepoint: 114766 ns, At safepoint: 62369 ns, Total: 177135 ns
[2020-09-11T12:51:01.300+0000][1][safepoint    ] Safepoint "RevokeBias", Time since last: 75414 ns, Reaching safepoint: 80765 ns, At safepoint: 42114 ns, Total: 122879 ns
[2020-09-11T12:51:01.300+0000][1][safepoint    ] Safepoint "RevokeBias", Time since last: 67105 ns, Reaching safepoint: 79397 ns, At safepoint: 28150 ns, Total: 107547 ns
[2020-09-11T12:51:01.300+0000][1][safepoint    ] Safepoint "RevokeBias", Time since last: 27813 ns, Reaching safepoint: 78379 ns, At safepoint: 24927 ns, Total: 103306 ns
[2020-09-11T12:51:01.300+0000][1][safepoint    ] Safepoint "RevokeBias", Time since last: 33765 ns, Reaching safepoint: 78402 ns, At safepoint: 24843 ns, Total: 103245 ns
[2020-09-11T12:51:01.301+0000][1][safepoint    ] Safepoint "RevokeBias", Time since last: 368022 ns, Reaching safepoint: 86775 ns, At safepoint: 26181 ns, Total: 112956 ns
[2020-09-11T12:51:01.303+0000][1][safepoint    ] Safepoint "RevokeBias", Time since last: 1751620 ns, Reaching safepoint: 90459 ns, At safepoint: 35665 ns, Total: 126124 ns
[2020-09-11T12:51:01.310+0000][1][safepoint    ] Safepoint "RevokeBias", Time since last: 6871378 ns, Reaching safepoint: 97522 ns, At safepoint: 41974 ns, Total: 139496 ns
[2020-09-11T12:51:02.310+0000][1][safepoint    ] Safepoint "Cleanup", Time since last: 1000124690 ns, Reaching safepoint: 54805 ns, At safepoint: 6265 ns, Total: 61070 ns
[2020-09-11T12:51:02.346+0000][1][gc,start     ] GC(3) Pause Young (Allocation Failure)
[2020-09-11T12:51:02.346+0000][1][gc,task      ] GC(3) Using 1 workers of 1 for evacuation
[2020-09-11T12:51:02.413+0000][1][gc,age       ] GC(3) Desired survivor size 4358144 bytes, new threshold 3 (max threshold 6)
[2020-09-11T12:51:02.413+0000][1][gc,age       ] GC(3) Age table with threshold 3 (max threshold 6)
[2020-09-11T12:51:02.413+0000][1][gc,age       ] GC(3) - age   1:    1999504 bytes,    1999504 total
[2020-09-11T12:51:02.413+0000][1][gc,age       ] GC(3) - age   2:     388760 bytes,    2388264 total
[2020-09-11T12:51:02.413+0000][1][gc,age       ] GC(3) - age   3:    3918848 bytes,    6307112 total
[2020-09-11T12:51:02.413+0000][1][gc,heap      ] GC(3) ParNew: 76071K->7716K(76672K)
[2020-09-11T12:51:02.413+0000][1][gc,heap      ] GC(3) CMS: 6787K->6787K(439104K)
[2020-09-11T12:51:02.413+0000][1][gc,metaspace ] GC(3) Metaspace: 20251K->20251K(1067008K)
[2020-09-11T12:51:02.413+0000][1][gc           ] GC(3) Pause Young (Allocation Failure) 80M->14M(503M) 66.365ms
[2020-09-11T12:51:02.413+0000][1][gc,cpu       ] GC(3) User=0.02s Sys=0.00s Real=0.06s
[2020-09-11T12:51:02.437+0000][1][safepoint    ] Safepoint "GenCollectForAllocation", Time since last: 36364343 ns, Reaching safepoint: 96164 ns, At safepoint: 90862770 ns, Total: 90958934 ns
[2020-09-11T12:51:02.452+0000][1][safepoint    ] Safepoint "RevokeBias", Time since last: 10314148 ns, Reaching safepoint: 4024273 ns, At safepoint: 59533 ns, Total: 4083806 ns
[2020-09-11T12:51:02.452+0000][1][safepoint    ] Safepoint "RevokeBias", Time since last: 66788 ns, Reaching safepoint: 85407 ns, At safepoint: 51038 ns, Total: 136445 ns
[2020-09-11T12:51:02.452+0000][1][safepoint    ] Safepoint "RevokeBias", Time since last: 57410 ns, Reaching safepoint: 83294 ns, At safepoint: 33494 ns, Total: 116788 ns
[2020-09-11T12:51:02.452+0000][1][safepoint    ] Safepoint "RevokeBias", Time since last: 28982 ns, Reaching safepoint: 82187 ns, At safepoint: 31441 ns, Total: 113628 ns
[2020-09-11T12:51:02.452+0000][1][safepoint    ] Safepoint "RevokeBias", Time since last: 32256 ns, Reaching safepoint: 82006 ns, At safepoint: 30714 ns, Total: 112720 ns
[2020-09-11T12:51:02.452+0000][1][safepoint    ] Safepoint "RevokeBias", Time since last: 27272 ns, Reaching safepoint: 80400 ns, At safepoint: 30257 ns, Total: 110657 ns
[2020-09-11T12:51:02.452+0000][1][safepoint    ] Safepoint "RevokeBias", Time since last: 31512 ns, Reaching safepoint: 81940 ns, At safepoint: 30599 ns, Total: 112539 ns
[2020-09-11T12:51:02.453+0000][1][safepoint    ] Safepoint "RevokeBias", Time since last: 26686 ns, Reaching safepoint: 82044 ns, At safepoint: 28301 ns, Total: 110345 ns
[2020-09-11T12:51:02.453+0000][1][safepoint    ] Safepoint "RevokeBias", Time since last: 149781 ns, Reaching safepoint: 84982 ns, At safepoint: 36461 ns, Total: 121443 ns
[2020-09-11T12:51:03.156+0000][1][safepoint    ] Safepoint "RevokeBias", Time since last: 702568447 ns, Reaching safepoint: 117042 ns, At safepoint: 39412 ns, Total: 156454 ns
[2020-09-11T12:51:03.192+0000][1][safepoint    ] Safepoint "RevokeBias", Time since last: 36057954 ns, Reaching safepoint: 104018 ns, At safepoint: 37335 ns, Total: 141353 ns
[2020-09-11T12:51:03.240+0000][1][safepoint    ] Safepoint "CollectForMetadataAllocation", Time since last: 47991980 ns, Reaching safepoint: 94889 ns, At safepoint: 87464 ns, Total: 182353 ns
[2020-09-11T12:51:03.560+0000][1][safepoint    ] Safepoint "CollectForMetadataAllocation", Time since last: 319447260 ns, Reaching safepoint: 109830 ns, At safepoint: 118839 ns, Total: 228669 ns
[2020-09-11T12:51:03.692+0000][1][gc,start     ] GC(4) Pause Young (Allocation Failure)
[2020-09-11T12:51:03.692+0000][1][gc,task      ] GC(4) Using 1 workers of 1 for evacuation
[2020-09-11T12:51:03.774+0000][1][gc,age       ] GC(4) Desired survivor size 4358144 bytes, new threshold 6 (max threshold 6)
[2020-09-11T12:51:03.774+0000][1][gc,age       ] GC(4) Age table with threshold 6 (max threshold 6)
[2020-09-11T12:51:03.774+0000][1][gc,age       ] GC(4) - age   1:    1721960 bytes,    1721960 total
[2020-09-11T12:51:03.774+0000][1][gc,age       ] GC(4) - age   2:     344624 bytes,    2066584 total
[2020-09-11T12:51:03.774+0000][1][gc,age       ] GC(4) - age   3:     388664 bytes,    2455248 total
[2020-09-11T12:51:03.774+0000][1][gc,heap      ] GC(4) ParNew: 75876K->5262K(76672K)
[2020-09-11T12:51:03.774+0000][1][gc,heap      ] GC(4) CMS: 6787K->10645K(439104K)
[2020-09-11T12:51:03.774+0000][1][gc,metaspace ] GC(4) Metaspace: 20806K->20806K(1069056K)
[2020-09-11T12:51:03.774+0000][1][gc           ] GC(4) Pause Young (Allocation Failure) 80M->15M(503M) 82.846ms
[2020-09-11T12:51:03.774+0000][1][gc,cpu       ] GC(4) User=0.03s Sys=0.00s Real=0.08s
[2020-09-11T12:51:03.774+0000][1][safepoint    ] Safepoint "GenCollectForAllocation", Time since last: 131781210 ns, Reaching safepoint: 100862 ns, At safepoint: 82908166 ns, Total: 83009028 ns
[2020-09-11T12:51:03.790+0000][1][gc,start     ] GC(5) Pause Initial Mark
[2020-09-11T12:51:03.819+0000][1][gc           ] GC(5) Pause Initial Mark 20M->20M(503M) 29.958ms
[2020-09-11T12:51:03.820+0000][1][gc,cpu       ] GC(5) User=0.01s Sys=0.00s Real=0.03s
[2020-09-11T12:51:03.849+0000][1][safepoint    ] Safepoint "CMS_Initial_Mark", Time since last: 14987069 ns, Reaching safepoint: 96302 ns, At safepoint: 59883782 ns, Total: 59980084 ns
[2020-09-11T12:51:03.849+0000][1][gc           ] GC(5) Concurrent Mark
[2020-09-11T12:51:03.894+0000][1][safepoint    ] Safepoint "RevokeBias", Time since last: 23463126 ns, Reaching safepoint: 20786386 ns, At safepoint: 39672 ns, Total: 20826058 ns
[2020-09-11T12:51:03.894+0000][1][safepoint    ] Safepoint "RevokeBias", Time since last: 106850 ns, Reaching safepoint: 79996 ns, At safepoint: 22432 ns, Total: 102428 ns
[2020-09-11T12:51:03.894+0000][1][safepoint    ] Safepoint "RevokeBias", Time since last: 40551 ns, Reaching safepoint: 77625 ns, At safepoint: 21109 ns, Total: 98734 ns
[2020-09-11T12:51:03.894+0000][1][safepoint    ] Safepoint "RevokeBias", Time since last: 29082 ns, Reaching safepoint: 77734 ns, At safepoint: 21173 ns, Total: 98907 ns
[2020-09-11T12:51:03.894+0000][1][safepoint    ] Safepoint "RevokeBias", Time since last: 24295 ns, Reaching safepoint: 77254 ns, At safepoint: 21132 ns, Total: 98386 ns
[2020-09-11T12:51:03.948+0000][1][gc           ] GC(5) Concurrent Mark 98.221ms
[2020-09-11T12:51:03.948+0000][1][gc,cpu       ] GC(5) User=0.03s Sys=0.00s Real=0.10s
[2020-09-11T12:51:03.948+0000][1][gc           ] GC(5) Concurrent Preclean
[2020-09-11T12:51:03.948+0000][1][gc           ] GC(5) Concurrent Preclean 0.608ms
[2020-09-11T12:51:03.948+0000][1][gc,cpu       ] GC(5) User=0.00s Sys=0.00s Real=0.00s
[2020-09-11T12:51:03.948+0000][1][gc           ] GC(5) Concurrent Abortable Preclean
[2020-09-11T12:51:04.059+0000][1][safepoint    ] Safepoint "RevokeBias", Time since last: 162256871 ns, Reaching safepoint: 2892722 ns, At safepoint: 40594 ns, Total: 2933316 ns
[2020-09-11T12:51:04.135+0000][1][safepoint    ] Safepoint "RevokeBias", Time since last: 74219961 ns, Reaching safepoint: 1439643 ns, At safepoint: 41482 ns, Total: 1481125 ns
[2020-09-11T12:51:04.396+0000][1][safepoint    ] Safepoint "RevokeBias", Time since last: 260617802 ns, Reaching safepoint: 95660 ns, At safepoint: 32381 ns, Total: 128041 ns
[2020-09-11T12:51:04.471+0000][1][safepoint    ] Safepoint "RevokeBias", Time since last: 74603999 ns, Reaching safepoint: 103575 ns, At safepoint: 36567 ns, Total: 140142 ns
[2020-09-11T12:51:04.516+0000][1][safepoint    ] Safepoint "RevokeBias", Time since last: 44854650 ns, Reaching safepoint: 56257 ns, At safepoint: 30352 ns, Total: 86609 ns
[2020-09-11T12:51:04.549+0000][1][safepoint    ] Safepoint "RevokeBias", Time since last: 32887863 ns, Reaching safepoint: 104554 ns, At safepoint: 19456 ns, Total: 124010 ns
[2020-09-11T12:51:04.602+0000][1][safepoint    ] Safepoint "Deoptimize", Time since last: 38820537 ns, Reaching safepoint: 14334477 ns, At safepoint: 210593 ns, Total: 14545070 ns
[2020-09-11T12:51:05.119+0000][1][safepoint    ] Safepoint "CollectForMetadataAllocation", Time since last: 516406765 ns, Reaching safepoint: 110930 ns, At safepoint: 124841 ns, Total: 235771 ns
[2020-09-11T12:51:05.178+0000][1][safepoint    ] Safepoint "Deoptimize", Time since last: 44814785 ns, Reaching safepoint: 14282319 ns, At safepoint: 199561 ns, Total: 14481880 ns
[2020-09-11T12:51:05.429+0000][1][gc,start     ] GC(6) Pause Young (Allocation Failure)
[2020-09-11T12:51:05.429+0000][1][gc,task      ] GC(6) Using 1 workers of 1 for evacuation
[2020-09-11T12:51:05.441+0000][1][gc           ] GC(5) Concurrent Abortable Preclean 1493.004ms
[2020-09-11T12:51:05.441+0000][1][gc,cpu       ] GC(5) User=0.36s Sys=0.01s Real=1.49s
[2020-09-11T12:51:05.471+0000][1][gc,age       ] GC(6) Desired survivor size 4358144 bytes, new threshold 6 (max threshold 6)
[2020-09-11T12:51:05.471+0000][1][gc,age       ] GC(6) Age table with threshold 6 (max threshold 6)
[2020-09-11T12:51:05.471+0000][1][gc,age       ] GC(6) - age   1:    2312456 bytes,    2312456 total
[2020-09-11T12:51:05.471+0000][1][gc,age       ] GC(6) - age   2:    1252952 bytes,    3565408 total
[2020-09-11T12:51:05.471+0000][1][gc,age       ] GC(6) - age   3:     344624 bytes,    3910032 total
[2020-09-11T12:51:05.471+0000][1][gc,age       ] GC(6) - age   4:     388664 bytes,    4298696 total
[2020-09-11T12:51:05.471+0000][1][gc,heap      ] GC(6) ParNew: 73422K->4429K(76672K)
[2020-09-11T12:51:05.471+0000][1][gc,heap      ] GC(6) CMS: 10645K->10645K(439104K)
[2020-09-11T12:51:05.471+0000][1][gc,metaspace ] GC(6) Metaspace: 21125K->21125K(1069056K)
[2020-09-11T12:51:05.471+0000][1][gc           ] GC(6) Pause Young (Allocation Failure) 82M->14M(503M) 42.486ms
[2020-09-11T12:51:05.471+0000][1][gc,cpu       ] GC(6) User=0.01s Sys=0.00s Real=0.04s
[2020-09-11T12:51:05.491+0000][1][safepoint    ] Safepoint "GenCollectForAllocation", Time since last: 250675987 ns, Reaching safepoint: 106216 ns, At safepoint: 62742011 ns, Total: 62848227 ns
[2020-09-11T12:51:05.501+0000][1][gc,start     ] GC(5) Pause Remark
[2020-09-11T12:51:05.546+0000][1][gc           ] GC(5) Pause Remark 17M->17M(503M) 44.958ms
[2020-09-11T12:51:05.546+0000][1][gc,cpu       ] GC(5) User=0.02s Sys=0.00s Real=0.05s
[2020-09-11T12:51:05.591+0000][1][safepoint    ] Safepoint "CMS_Final_Remark", Time since last: 9653059 ns, Reaching safepoint: 91040 ns, At safepoint: 90221676 ns, Total: 90312716 ns
[2020-09-11T12:51:05.592+0000][1][gc           ] GC(5) Concurrent Sweep
[2020-09-11T12:51:05.594+0000][1][gc           ] GC(5) Concurrent Sweep 2.630ms
[2020-09-11T12:51:05.594+0000][1][gc,cpu       ] GC(5) User=0.00s Sys=0.00s Real=0.00s
[2020-09-11T12:51:05.594+0000][1][gc           ] GC(5) Concurrent Reset
[2020-09-11T12:51:05.595+0000][1][gc           ] GC(5) Concurrent Reset 0.603ms
[2020-09-11T12:51:05.595+0000][1][gc,cpu       ] GC(5) User=0.00s Sys=0.00s Real=0.00s
[2020-09-11T12:51:05.595+0000][1][gc,heap      ] GC(5) Old: 10645K->10644K(439104K)
[2020-09-11T12:51:05.612+0000][1][safepoint    ] Safepoint "RevokeBias", Time since last: 15999405 ns, Reaching safepoint: 4307220 ns, At safepoint: 65955 ns, Total: 4373175 ns
[2020-09-11T12:51:05.624+0000][1][safepoint    ] Safepoint "RevokeBias", Time since last: 11745704 ns, Reaching safepoint: 103612 ns, At safepoint: 36594 ns, Total: 140206 ns
[2020-09-11T12:51:05.624+0000][1][safepoint    ] Safepoint "RevokeBias", Time since last: 55566 ns, Reaching safepoint: 89914 ns, At safepoint: 24275 ns, Total: 114189 ns
[2020-09-11T12:51:05.624+0000][1][safepoint    ] Safepoint "RevokeBias", Time since last: 33771 ns, Reaching safepoint: 78941 ns, At safepoint: 22157 ns, Total: 101098 ns
[2020-09-11T12:51:05.624+0000][1][safepoint    ] Safepoint "RevokeBias", Time since last: 27280 ns, Reaching safepoint: 77399 ns, At safepoint: 23388 ns, Total: 100787 ns
[2020-09-11T12:51:06.364+0000][1][gc,start     ] GC(7) Pause Young (Allocation Failure)
[2020-09-11T12:51:06.364+0000][1][gc,task      ] GC(7) Using 1 workers of 1 for evacuation
[2020-09-11T12:51:06.409+0000][1][gc,age       ] GC(7) Desired survivor size 4358144 bytes, new threshold 5 (max threshold 6)
[2020-09-11T12:51:06.409+0000][1][gc,age       ] GC(7) Age table with threshold 5 (max threshold 6)
[2020-09-11T12:51:06.409+0000][1][gc,age       ] GC(7) - age   1:     950416 bytes,     950416 total
[2020-09-11T12:51:06.409+0000][1][gc,age       ] GC(7) - age   2:    1525960 bytes,    2476376 total
[2020-09-11T12:51:06.409+0000][1][gc,age       ] GC(7) - age   3:    1252408 bytes,    3728784 total
[2020-09-11T12:51:06.409+0000][1][gc,age       ] GC(7) - age   4:     344624 bytes,    4073408 total
[2020-09-11T12:51:06.409+0000][1][gc,age       ] GC(7) - age   5:     388552 bytes,    4461960 total
[2020-09-11T12:51:06.409+0000][1][gc,heap      ] GC(7) ParNew: 72589K->7404K(76672K)
[2020-09-11T12:51:06.409+0000][1][gc,heap      ] GC(7) CMS: 10644K->10644K(439104K)
[2020-09-11T12:51:06.409+0000][1][gc,metaspace ] GC(7) Metaspace: 21205K->21205K(1069056K)
[2020-09-11T12:51:06.409+0000][1][gc           ] GC(7) Pause Young (Allocation Failure) 81M->17M(503M) 45.478ms
[2020-09-11T12:51:06.409+0000][1][gc,cpu       ] GC(7) User=0.01s Sys=0.00s Real=0.04s
[2020-09-11T12:51:06.419+0000][1][safepoint    ] Safepoint "GenCollectForAllocation", Time since last: 739333358 ns, Reaching safepoint: 111133 ns, At safepoint: 55721498 ns, Total: 55832631 ns
[2020-09-11T12:51:06.443+0000][1][safepoint    ] Safepoint "RevokeBias", Time since last: 19832347 ns, Reaching safepoint: 4149625 ns, At safepoint: 35382 ns, Total: 4185007 ns
[2020-09-11T12:51:06.455+0000][1][safepoint    ] Safepoint "RevokeBias", Time since last: 67707 ns, Reaching safepoint: 11131773 ns, At safepoint: 33171 ns, Total: 11164944 ns
[2020-09-11T12:51:06.455+0000][1][safepoint    ] Safepoint "RevokeBias", Time since last: 91432 ns, Reaching safepoint: 80772 ns, At safepoint: 16686 ns, Total: 97458 ns
[2020-09-11T12:51:06.455+0000][1][safepoint    ] Safepoint "RevokeBias", Time since last: 43037 ns, Reaching safepoint: 76334 ns, At safepoint: 15904 ns, Total: 92238 ns
[2020-09-11T12:51:07.284+0000][1][gc,start     ] GC(8) Pause Young (Allocation Failure)
[2020-09-11T12:51:07.284+0000][1][gc,task      ] GC(8) Using 1 workers of 1 for evacuation
[2020-09-11T12:51:07.331+0000][1][gc,age       ] GC(8) Desired survivor size 4358144 bytes, new threshold 4 (max threshold 6)
[2020-09-11T12:51:07.331+0000][1][gc,age       ] GC(8) Age table with threshold 4 (max threshold 6)
[2020-09-11T12:51:07.331+0000][1][gc,age       ] GC(8) - age   1:    1942968 bytes,    1942968 total
[2020-09-11T12:51:07.331+0000][1][gc,age       ] GC(8) - age   2:     445720 bytes,    2388688 total
[2020-09-11T12:51:07.331+0000][1][gc,age       ] GC(8) - age   3:    1524024 bytes,    3912712 total
[2020-09-11T12:51:07.331+0000][1][gc,age       ] GC(8) - age   4:    1251752 bytes,    5164464 total
[2020-09-11T12:51:07.331+0000][1][gc,age       ] GC(8) - age   5:     344624 bytes,    5509088 total
[2020-09-11T12:51:07.331+0000][1][gc,heap      ] GC(8) ParNew: 75564K->7678K(76672K)
[2020-09-11T12:51:07.331+0000][1][gc,heap      ] GC(8) CMS: 10644K->11027K(439104K)
[2020-09-11T12:51:07.331+0000][1][gc,metaspace ] GC(8) Metaspace: 21389K->21389K(1069056K)
[2020-09-11T12:51:07.331+0000][1][gc           ] GC(8) Pause Young (Allocation Failure) 84M->18M(503M) 47.315ms
[2020-09-11T12:51:07.331+0000][1][gc,cpu       ] GC(8) User=0.02s Sys=0.00s Real=0.04s
[2020-09-11T12:51:07.359+0000][1][safepoint    ] Safepoint "GenCollectForAllocation", Time since last: 828591351 ns, Reaching safepoint: 105282 ns, At safepoint: 75444828 ns, Total: 75550110 ns
[2020-09-11T12:51:07.391+0000][1][safepoint    ] Safepoint "RevokeBias", Time since last: 16744369 ns, Reaching safepoint: 15711401 ns, At safepoint: 42704 ns, Total: 15754105 ns
[2020-09-11T12:51:07.392+0000][1][safepoint    ] Safepoint "RevokeBias", Time since last: 75753 ns, Reaching safepoint: 80412 ns, At safepoint: 19410 ns, Total: 99822 ns
[2020-09-11T12:51:07.392+0000][1][safepoint    ] Safepoint "RevokeBias", Time since last: 43918 ns, Reaching safepoint: 78477 ns, At safepoint: 29923 ns, Total: 108400 ns
[2020-09-11T12:51:07.392+0000][1][safepoint    ] Safepoint "RevokeBias", Time since last: 50064 ns, Reaching safepoint: 78793 ns, At safepoint: 18572 ns, Total: 97365 ns
[2020-09-11T12:51:08.178+0000][1][gc,start     ] GC(9) Pause Young (Allocation Failure)
[2020-09-11T12:51:08.179+0000][1][gc,task      ] GC(9) Using 1 workers of 1 for evacuation
[2020-09-11T12:51:08.228+0000][1][gc,age       ] GC(9) Desired survivor size 4358144 bytes, new threshold 6 (max threshold 6)
[2020-09-11T12:51:08.228+0000][1][gc,age       ] GC(9) Age table with threshold 6 (max threshold 6)
[2020-09-11T12:51:08.228+0000][1][gc,age       ] GC(9) - age   1:     383800 bytes,     383800 total
[2020-09-11T12:51:08.228+0000][1][gc,age       ] GC(9) - age   2:     829160 bytes,    1212960 total
[2020-09-11T12:51:08.228+0000][1][gc,age       ] GC(9) - age   3:     445640 bytes,    1658600 total
[2020-09-11T12:51:08.228+0000][1][gc,age       ] GC(9) - age   4:    1524024 bytes,    3182624 total
[2020-09-11T12:51:08.228+0000][1][gc,heap      ] GC(9) ParNew: 75838K->4674K(76672K)
[2020-09-11T12:51:08.228+0000][1][gc,heap      ] GC(9) CMS: 11027K->12604K(439104K)
[2020-09-11T12:51:08.228+0000][1][gc,metaspace ] GC(9) Metaspace: 21511K->21511K(1069056K)
[2020-09-11T12:51:08.228+0000][1][gc           ] GC(9) Pause Young (Allocation Failure) 84M->16M(503M) 49.557ms
[2020-09-11T12:51:08.228+0000][1][gc,cpu       ] GC(9) User=0.01s Sys=0.00s Real=0.05s
[2020-09-11T12:51:08.247+0000][1][safepoint    ] Safepoint "GenCollectForAllocation", Time since last: 786359777 ns, Reaching safepoint: 107524 ns, At safepoint: 68768165 ns, Total: 68875689 ns
[2020-09-11T12:51:08.261+0000][1][safepoint    ] Safepoint "RevokeBias", Time since last: 13545787 ns, Reaching safepoint: 106224 ns, At safepoint: 43705 ns, Total: 149929 ns
[2020-09-11T12:51:08.263+0000][1][safepoint    ] Safepoint "RevokeBias", Time since last: 65060 ns, Reaching safepoint: 2025532 ns, At safepoint: 40306 ns, Total: 2065838 ns
[2020-09-11T12:51:08.263+0000][1][safepoint    ] Safepoint "RevokeBias", Time since last: 50916 ns, Reaching safepoint: 331978 ns, At safepoint: 32359 ns, Total: 364337 ns
[2020-09-11T12:51:08.264+0000][1][safepoint    ] Safepoint "RevokeBias", Time since last: 28160 ns, Reaching safepoint: 531477 ns, At safepoint: 33123 ns, Total: 564600 ns
[2020-09-11T12:51:08.267+0000][1][safepoint    ] Safepoint "RevokeBias", Time since last: 35458 ns, Reaching safepoint: 3363392 ns, At safepoint: 40826 ns, Total: 3404218 ns
[2020-09-11T12:51:08.268+0000][1][safepoint    ] Safepoint "RevokeBias", Time since last: 43014 ns, Reaching safepoint: 111177 ns, At safepoint: 26233 ns, Total: 137410 ns
[2020-09-11T12:51:08.460+0000][1][safepoint    ] Safepoint "RevokeBias", Time since last: 192220902 ns, Reaching safepoint: 107356 ns, At safepoint: 16625 ns, Total: 123981 ns
[2020-09-11T12:51:08.460+0000][1][safepoint    ] Safepoint "RevokeBias", Time since last: 422535 ns, Reaching safepoint: 12620 ns, At safepoint: 9007 ns, Total: 21627 ns
[2020-09-11T12:51:09.016+0000][1][gc,start     ] GC(10) Pause Young (Allocation Failure)
[2020-09-11T12:51:09.016+0000][1][gc,task      ] GC(10) Using 1 workers of 1 for evacuation
[2020-09-11T12:51:09.035+0000][1][gc,age       ] GC(10) Desired survivor size 4358144 bytes, new threshold 6 (max threshold 6)
[2020-09-11T12:51:09.035+0000][1][gc,age       ] GC(10) Age table with threshold 6 (max threshold 6)
[2020-09-11T12:51:09.035+0000][1][gc,age       ] GC(10) - age   1:     578920 bytes,     578920 total
[2020-09-11T12:51:09.035+0000][1][gc,age       ] GC(10) - age   2:     146960 bytes,     725880 total
[2020-09-11T12:51:09.035+0000][1][gc,age       ] GC(10) - age   3:     829160 bytes,    1555040 total
[2020-09-11T12:51:09.035+0000][1][gc,age       ] GC(10) - age   4:     445616 bytes,    2000656 total
[2020-09-11T12:51:09.035+0000][1][gc,age       ] GC(10) - age   5:    1524024 bytes,    3524680 total
[2020-09-11T12:51:09.035+0000][1][gc,heap      ] GC(10) ParNew: 72834K->3499K(76672K)
[2020-09-11T12:51:09.035+0000][1][gc,heap      ] GC(10) CMS: 12604K->12604K(439104K)
[2020-09-11T12:51:09.035+0000][1][gc,metaspace ] GC(10) Metaspace: 21646K->21646K(1069056K)
[2020-09-11T12:51:09.035+0000][1][gc           ] GC(10) Pause Young (Allocation Failure) 83M->15M(503M) 19.544ms
[2020-09-11T12:51:09.035+0000][1][gc,cpu       ] GC(10) User=0.01s Sys=0.00s Real=0.01s
[2020-09-11T12:51:09.067+0000][1][safepoint    ] Safepoint "GenCollectForAllocation", Time since last: 555001204 ns, Reaching safepoint: 114142 ns, At safepoint: 51864036 ns, Total: 51978178 ns
[2020-09-11T12:51:09.084+0000][1][safepoint    ] Safepoint "BulkRevokeBias", Time since last: 16214132 ns, Reaching safepoint: 111801 ns, At safepoint: 112300 ns, Total: 224101 ns
[2020-09-11T12:51:09.084+0000][1][safepoint    ] Safepoint "BulkRevokeBias", Time since last: 46590 ns, Reaching safepoint: 80091 ns, At safepoint: 48480 ns, Total: 128571 ns
[2020-09-11T12:51:10.084+0000][1][safepoint    ] Safepoint "Cleanup", Time since last: 1000113625 ns, Reaching safepoint: 32034 ns, At safepoint: 5726 ns, Total: 37760 ns
[2020-09-11T12:51:10.200+0000][1][gc,start     ] GC(11) Pause Young (Allocation Failure)
[2020-09-11T12:51:10.200+0000][1][gc,task      ] GC(11) Using 1 workers of 1 for evacuation
[2020-09-11T12:51:10.269+0000][1][gc,age       ] GC(11) Desired survivor size 4358144 bytes, new threshold 6 (max threshold 6)
[2020-09-11T12:51:10.269+0000][1][gc,age       ] GC(11) Age table with threshold 6 (max threshold 6)
[2020-09-11T12:51:10.269+0000][1][gc,age       ] GC(11) - age   1:    2371200 bytes,    2371200 total
[2020-09-11T12:51:10.269+0000][1][gc,age       ] GC(11) - age   2:     402872 bytes,    2774072 total
[2020-09-11T12:51:10.269+0000][1][gc,age       ] GC(11) - age   3:     146960 bytes,    2921032 total
[2020-09-11T12:51:10.269+0000][1][gc,age       ] GC(11) - age   4:     829160 bytes,    3750192 total
[2020-09-11T12:51:10.269+0000][1][gc,age       ] GC(11) - age   5:     445616 bytes,    4195808 total
[2020-09-11T12:51:10.269+0000][1][gc,age       ] GC(11) - age   6:    1523712 bytes,    5719520 total
[2020-09-11T12:51:10.269+0000][1][gc,heap      ] GC(11) ParNew: 71659K->6912K(76672K)
[2020-09-11T12:51:10.269+0000][1][gc,heap      ] GC(11) CMS: 12604K->12604K(439104K)
[2020-09-11T12:51:10.269+0000][1][gc,metaspace ] GC(11) Metaspace: 22549K->22549K(1071104K)
[2020-09-11T12:51:10.269+0000][1][gc           ] GC(11) Pause Young (Allocation Failure) 82M->19M(503M) 69.577ms
[2020-09-11T12:51:10.269+0000][1][gc,cpu       ] GC(11) User=0.02s Sys=0.00s Real=0.07s
[2020-09-11T12:51:10.283+0000][1][safepoint    ] Safepoint "GenCollectForAllocation", Time since last: 115260956 ns, Reaching safepoint: 104234 ns, At safepoint: 83900217 ns, Total: 84004451 ns
[2020-09-11T12:51:10.928+0000][1][gc,start     ] GC(12) Pause Young (Allocation Failure)
[2020-09-11T12:51:10.928+0000][1][gc,task      ] GC(12) Using 1 workers of 1 for evacuation
[2020-09-11T12:51:10.975+0000][1][gc,age       ] GC(12) Desired survivor size 4358144 bytes, new threshold 6 (max threshold 6)
[2020-09-11T12:51:10.975+0000][1][gc,age       ] GC(12) Age table with threshold 6 (max threshold 6)
[2020-09-11T12:51:10.975+0000][1][gc,age       ] GC(12) - age   1:     810376 bytes,     810376 total
[2020-09-11T12:51:10.975+0000][1][gc,age       ] GC(12) - age   2:     544456 bytes,    1354832 total
[2020-09-11T12:51:10.975+0000][1][gc,age       ] GC(12) - age   3:     402872 bytes,    1757704 total
[2020-09-11T12:51:10.975+0000][1][gc,age       ] GC(12) - age   4:     146856 bytes,    1904560 total
[2020-09-11T12:51:10.975+0000][1][gc,age       ] GC(12) - age   5:     829016 bytes,    2733576 total
[2020-09-11T12:51:10.975+0000][1][gc,age       ] GC(12) - age   6:     445472 bytes,    3179048 total
[2020-09-11T12:51:11.007+0000][1][gc,heap      ] GC(12) ParNew: 75072K->5053K(76672K)
[2020-09-11T12:51:11.007+0000][1][gc,heap      ] GC(12) CMS: 12604K->14104K(439104K)
[2020-09-11T12:51:11.008+0000][1][gc,metaspace ] GC(12) Metaspace: 22577K->22577K(1071104K)
[2020-09-11T12:51:11.008+0000][1][gc           ] GC(12) Pause Young (Allocation Failure) 85M->18M(503M) 79.246ms
[2020-09-11T12:51:11.008+0000][1][gc,cpu       ] GC(12) User=0.02s Sys=0.00s Real=0.08s
[2020-09-11T12:51:11.008+0000][1][safepoint    ] Safepoint "GenCollectForAllocation", Time since last: 644724894 ns, Reaching safepoint: 96925 ns, At safepoint: 79305850 ns, Total: 79402775 ns
[2020-09-11T12:51:11.648+0000][1][gc,start     ] GC(13) Pause Young (Allocation Failure)
[2020-09-11T12:51:11.648+0000][1][gc,task      ] GC(13) Using 1 workers of 1 for evacuation
[2020-09-11T12:51:11.678+0000][1][gc,age       ] GC(13) Desired survivor size 4358144 bytes, new threshold 6 (max threshold 6)
[2020-09-11T12:51:11.679+0000][1][gc,age       ] GC(13) Age table with threshold 6 (max threshold 6)
[2020-09-11T12:51:11.679+0000][1][gc,age       ] GC(13) - age   1:    2091472 bytes,    2091472 total
[2020-09-11T12:51:11.679+0000][1][gc,age       ] GC(13) - age   2:     203304 bytes,    2294776 total
[2020-09-11T12:51:11.679+0000][1][gc,age       ] GC(13) - age   3:     544344 bytes,    2839120 total
[2020-09-11T12:51:11.679+0000][1][gc,age       ] GC(13) - age   4:     402872 bytes,    3241992 total
[2020-09-11T12:51:11.679+0000][1][gc,age       ] GC(13) - age   5:     146856 bytes,    3388848 total
[2020-09-11T12:51:11.679+0000][1][gc,age       ] GC(13) - age   6:     829016 bytes,    4217864 total
[2020-09-11T12:51:11.679+0000][1][gc,heap      ] GC(13) ParNew: 73213K->7183K(76672K)
[2020-09-11T12:51:11.679+0000][1][gc,heap      ] GC(13) CMS: 14104K->14542K(439104K)
[2020-09-11T12:51:11.679+0000][1][gc,metaspace ] GC(13) Metaspace: 22678K->22678K(1071104K)
[2020-09-11T12:51:11.679+0000][1][gc           ] GC(13) Pause Young (Allocation Failure) 85M->21M(503M) 31.015ms
[2020-09-11T12:51:11.679+0000][1][gc,cpu       ] GC(13) User=0.01s Sys=0.00s Real=0.03s
[2020-09-11T12:51:11.711+0000][1][safepoint    ] Safepoint "GenCollectForAllocation", Time since last: 639869013 ns, Reaching safepoint: 116845 ns, At safepoint: 63873342 ns, Total: 63990187 ns
[2020-09-11T12:51:12.402+0000][1][gc,start     ] GC(14) Pause Young (Allocation Failure)
[2020-09-11T12:51:12.402+0000][1][gc,task      ] GC(14) Using 1 workers of 1 for evacuation
[2020-09-11T12:51:12.425+0000][1][gc,age       ] GC(14) Desired survivor size 4358144 bytes, new threshold 6 (max threshold 6)
[2020-09-11T12:51:12.425+0000][1][gc,age       ] GC(14) Age table with threshold 6 (max threshold 6)
[2020-09-11T12:51:12.425+0000][1][gc,age       ] GC(14) - age   1:    1072104 bytes,    1072104 total
[2020-09-11T12:51:12.425+0000][1][gc,age       ] GC(14) - age   2:     104136 bytes,    1176240 total
[2020-09-11T12:51:12.425+0000][1][gc,age       ] GC(14) - age   3:     203304 bytes,    1379544 total
[2020-09-11T12:51:12.425+0000][1][gc,age       ] GC(14) - age   4:     544344 bytes,    1923888 total
[2020-09-11T12:51:12.425+0000][1][gc,age       ] GC(14) - age   5:     402872 bytes,    2326760 total
[2020-09-11T12:51:12.425+0000][1][gc,age       ] GC(14) - age   6:     146856 bytes,    2473616 total
[2020-09-11T12:51:12.425+0000][1][gc,heap      ] GC(14) ParNew: 75343K->2442K(76672K)
[2020-09-11T12:51:12.425+0000][1][gc,heap      ] GC(14) CMS: 14542K->15358K(439104K)
[2020-09-11T12:51:12.425+0000][1][gc,metaspace ] GC(14) Metaspace: 22764K->22764K(1071104K)
[2020-09-11T12:51:12.425+0000][1][gc           ] GC(14) Pause Young (Allocation Failure) 87M->17M(503M) 23.016ms
[2020-09-11T12:51:12.425+0000][1][gc,cpu       ] GC(14) User=0.01s Sys=0.00s Real=0.03s
[2020-09-11T12:51:12.447+0000][1][safepoint    ] Safepoint "GenCollectForAllocation", Time since last: 690100303 ns, Reaching safepoint: 116016 ns, At safepoint: 45802786 ns, Total: 45918802 ns
[2020-09-11T12:51:13.123+0000][1][gc,start     ] GC(15) Pause Young (Allocation Failure)
[2020-09-11T12:51:13.123+0000][1][gc,task      ] GC(15) Using 1 workers of 1 for evacuation
[2020-09-11T12:51:13.150+0000][1][gc,age       ] GC(15) Desired survivor size 4358144 bytes, new threshold 6 (max threshold 6)
[2020-09-11T12:51:13.150+0000][1][gc,age       ] GC(15) Age table with threshold 6 (max threshold 6)
[2020-09-11T12:51:13.150+0000][1][gc,age       ] GC(15) - age   1:     598752 bytes,     598752 total
[2020-09-11T12:51:13.150+0000][1][gc,age       ] GC(15) - age   2:     314312 bytes,     913064 total
[2020-09-11T12:51:13.150+0000][1][gc,age       ] GC(15) - age   3:     104136 bytes,    1017200 total
[2020-09-11T12:51:13.150+0000][1][gc,age       ] GC(15) - age   4:     203304 bytes,    1220504 total
[2020-09-11T12:51:13.150+0000][1][gc,age       ] GC(15) - age   5:     544344 bytes,    1764848 total
[2020-09-11T12:51:13.150+0000][1][gc,age       ] GC(15) - age   6:     402872 bytes,    2167720 total
[2020-09-11T12:51:13.150+0000][1][gc,heap      ] GC(15) ParNew: 70602K->2422K(76672K)
[2020-09-11T12:51:13.150+0000][1][gc,heap      ] GC(15) CMS: 15358K->15506K(439104K)
[2020-09-11T12:51:13.150+0000][1][gc,metaspace ] GC(15) Metaspace: 22852K->22852K(1071104K)
[2020-09-11T12:51:13.150+0000][1][gc           ] GC(15) Pause Young (Allocation Failure) 83M->17M(503M) 27.146ms
[2020-09-11T12:51:13.150+0000][1][gc,cpu       ] GC(15) User=0.01s Sys=0.00s Real=0.03s
[2020-09-11T12:51:13.167+0000][1][safepoint    ] Safepoint "GenCollectForAllocation", Time since last: 675360384 ns, Reaching safepoint: 105274 ns, At safepoint: 43597718 ns, Total: 43702992 ns
[2020-09-11T12:51:13.712+0000][1][gc,start     ] GC(16) Pause Young (Allocation Failure)
[2020-09-11T12:51:13.712+0000][1][gc,task      ] GC(16) Using 1 workers of 1 for evacuation
[2020-09-11T12:51:13.741+0000][1][gc,age       ] GC(16) Desired survivor size 4358144 bytes, new threshold 6 (max threshold 6)
[2020-09-11T12:51:13.741+0000][1][gc,age       ] GC(16) Age table with threshold 6 (max threshold 6)
[2020-09-11T12:51:13.741+0000][1][gc,age       ] GC(16) - age   1:    1887560 bytes,    1887560 total
[2020-09-11T12:51:13.741+0000][1][gc,age       ] GC(16) - age   2:     188488 bytes,    2076048 total
[2020-09-11T12:51:13.741+0000][1][gc,age       ] GC(16) - age   3:     314312 bytes,    2390360 total
[2020-09-11T12:51:13.741+0000][1][gc,age       ] GC(16) - age   4:     104136 bytes,    2494496 total
[2020-09-11T12:51:13.741+0000][1][gc,age       ] GC(16) - age   5:     203152 bytes,    2697648 total
[2020-09-11T12:51:13.741+0000][1][gc,age       ] GC(16) - age   6:     544344 bytes,    3241992 total
[2020-09-11T12:51:13.741+0000][1][gc,heap      ] GC(16) ParNew: 70582K->4386K(76672K)
[2020-09-11T12:51:13.741+0000][1][gc,heap      ] GC(16) CMS: 15506K->15905K(439104K)
[2020-09-11T12:51:13.741+0000][1][gc,metaspace ] GC(16) Metaspace: 22867K->22867K(1071104K)
[2020-09-11T12:51:13.741+0000][1][gc           ] GC(16) Pause Young (Allocation Failure) 84M->19M(503M) 29.429ms
[2020-09-11T12:51:13.741+0000][1][gc,cpu       ] GC(16) User=0.01s Sys=0.00s Real=0.03s
[2020-09-11T12:51:13.762+0000][1][safepoint    ] Safepoint "GenCollectForAllocation", Time since last: 544912871 ns, Reaching safepoint: 116596 ns, At safepoint: 50033680 ns, Total: 50150276 ns
[2020-09-11T12:51:13.870+0000][1][safepoint    ] Safepoint "Deoptimize", Time since last: 107914552 ns, Reaching safepoint: 106718 ns, At safepoint: 214120 ns, Total: 320838 ns
[2020-09-11T12:51:14.876+0000][1][safepoint    ] Safepoint "Cleanup", Time since last: 1005612843 ns, Reaching safepoint: 127584 ns, At safepoint: 6827 ns, Total: 134411 ns
[2020-09-11T12:51:15.582+0000][1][safepoint    ] Safepoint "RevokeBias", Time since last: 705906424 ns, Reaching safepoint: 234522 ns, At safepoint: 18306 ns, Total: 252828 ns
[2020-09-11T12:51:15.582+0000][1][safepoint    ] Safepoint "RevokeBias", Time since last: 182290 ns, Reaching safepoint: 79246 ns, At safepoint: 10055 ns, Total: 89301 ns
[2020-09-11T12:51:16.585+0000][1][safepoint    ] Safepoint "Cleanup", Time since last: 1003289148 ns, Reaching safepoint: 132070 ns, At safepoint: 5809 ns, Total: 137879 ns
[2020-09-11T12:51:17.342+0000][1][safepoint    ] Safepoint "Deoptimize", Time since last: 756201595 ns, Reaching safepoint: 69783 ns, At safepoint: 228548 ns, Total: 298331 ns
[2020-09-11T12:51:18.145+0000][1][safepoint    ] Safepoint "RevokeBias", Time since last: 802996082 ns, Reaching safepoint: 229005 ns, At safepoint: 33776 ns, Total: 262781 ns
[2020-09-11T12:51:19.145+0000][1][safepoint    ] Safepoint "Cleanup", Time since last: 1000104023 ns, Reaching safepoint: 111213 ns, At safepoint: 6736 ns, Total: 117949 ns
[2020-09-11T12:51:19.684+0000][1][safepoint    ] Safepoint "RevokeBias", Time since last: 538005765 ns, Reaching safepoint: 123842 ns, At safepoint: 35346 ns, Total: 159188 ns
[2020-09-11T12:51:20.692+0000][1][safepoint    ] Safepoint "Cleanup", Time since last: 1007834105 ns, Reaching safepoint: 127316 ns, At safepoint: 6143 ns, Total: 133459 ns
[2020-09-11T12:51:21.383+0000][1][gc,start     ] GC(17) Pause Young (Allocation Failure)
[2020-09-11T12:51:21.383+0000][1][gc,task      ] GC(17) Using 1 workers of 1 for evacuation
[2020-09-11T12:51:21.493+0000][1][gc,age       ] GC(17) Desired survivor size 4358144 bytes, new threshold 1 (max threshold 6)
[2020-09-11T12:51:21.493+0000][1][gc,age       ] GC(17) Age table with threshold 1 (max threshold 6)
[2020-09-11T12:51:21.493+0000][1][gc,age       ] GC(17) - age   1:    7608592 bytes,    7608592 total
[2020-09-11T12:51:21.493+0000][1][gc,age       ] GC(17) - age   2:      73256 bytes,    7681848 total
[2020-09-11T12:51:21.493+0000][1][gc,age       ] GC(17) - age   3:     187992 bytes,    7869840 total
[2020-09-11T12:51:21.493+0000][1][gc,age       ] GC(17) - age   4:     312016 bytes,    8181856 total
[2020-09-11T12:51:21.493+0000][1][gc,age       ] GC(17) - age   5:     103856 bytes,    8285712 total
[2020-09-11T12:51:21.493+0000][1][gc,age       ] GC(17) - age   6:     203152 bytes,    8488864 total
[2020-09-11T12:51:21.493+0000][1][gc,heap      ] GC(17) ParNew: 72546K->8512K(76672K)
[2020-09-11T12:51:21.493+0000][1][gc,heap      ] GC(17) CMS: 15905K->16443K(439104K)
[2020-09-11T12:51:21.493+0000][1][gc,metaspace ] GC(17) Metaspace: 29646K->29646K(1077248K)
[2020-09-11T12:51:21.493+0000][1][gc           ] GC(17) Pause Young (Allocation Failure) 86M->24M(503M) 110.332ms
[2020-09-11T12:51:21.493+0000][1][gc,cpu       ] GC(17) User=0.03s Sys=0.00s Real=0.11s
[2020-09-11T12:51:21.516+0000][1][safepoint    ] Safepoint "GenCollectForAllocation", Time since last: 691036551 ns, Reaching safepoint: 113133 ns, At safepoint: 132836802 ns, Total: 132949935 ns
[2020-09-11T12:51:22.550+0000][1][safepoint    ] Safepoint "Cleanup", Time since last: 1033965465 ns, Reaching safepoint: 104294 ns, At safepoint: 6109 ns, Total: 110403 ns
[2020-09-11T12:51:23.563+0000][1][safepoint    ] Safepoint "Cleanup", Time since last: 1013524733 ns, Reaching safepoint: 117831 ns, At safepoint: 6217 ns, Total: 124048 ns
[2020-09-11T12:51:24.564+0000][1][safepoint    ] Safepoint "Cleanup", Time since last: 1000163306 ns, Reaching safepoint: 111450 ns, At safepoint: 6569 ns, Total: 118019 ns
[2020-09-11T12:51:25.568+0000][1][safepoint    ] Safepoint "Cleanup", Time since last: 1003891031 ns, Reaching safepoint: 108864 ns, At safepoint: 6049 ns, Total: 114913 ns
[2020-09-11T12:51:26.628+0000][1][gc,start     ] GC(18) Pause Young (Allocation Failure)
[2020-09-11T12:51:26.628+0000][1][gc,task      ] GC(18) Using 1 workers of 1 for evacuation
[2020-09-11T12:51:26.879+0000][1][gc,age       ] GC(18) Desired survivor size 4358144 bytes, new threshold 1 (max threshold 6)
[2020-09-11T12:51:26.879+0000][1][gc,age       ] GC(18) Age table with threshold 1 (max threshold 6)
[2020-09-11T12:51:26.879+0000][1][gc,age       ] GC(18) - age   1:    8032240 bytes,    8032240 total
[2020-09-11T12:51:26.880+0000][1][gc,heap      ] GC(18) ParNew: 76672K->8512K(76672K)
[2020-09-11T12:51:26.880+0000][1][gc,heap      ] GC(18) CMS: 16443K->25200K(439104K)
[2020-09-11T12:51:26.880+0000][1][gc,metaspace ] GC(18) Metaspace: 29791K->29791K(1077248K)
[2020-09-11T12:51:26.880+0000][1][gc           ] GC(18) Pause Young (Allocation Failure) 90M->32M(503M) 252.008ms
[2020-09-11T12:51:26.880+0000][1][gc,cpu       ] GC(18) User=0.06s Sys=0.00s Real=0.25s
[2020-09-11T12:51:26.901+0000][1][safepoint    ] Safepoint "GenCollectForAllocation", Time since last: 1059896501 ns, Reaching safepoint: 101356 ns, At safepoint: 273388952 ns, Total: 273490308 ns
[2020-09-11T12:51:27.924+0000][1][safepoint    ] Safepoint "Cleanup", Time since last: 1022553172 ns, Reaching safepoint: 108540 ns, At safepoint: 7440 ns, Total: 115980 ns
[2020-09-11T12:51:29.527+0000][1][safepoint    ] Safepoint "Cleanup", Time since last: 1602989104 ns, Reaching safepoint: 155960 ns, At safepoint: 6349 ns, Total: 162309 ns
[2020-09-11T12:51:30.576+0000][1][gc,start     ] GC(19) Pause Young (Allocation Failure)
[2020-09-11T12:51:30.576+0000][1][gc,task      ] GC(19) Using 1 workers of 1 for evacuation
[2020-09-11T12:51:30.775+0000][1][gc,age       ] GC(19) Desired survivor size 4358144 bytes, new threshold 1 (max threshold 6)
[2020-09-11T12:51:30.776+0000][1][gc,age       ] GC(19) Age table with threshold 1 (max threshold 6)
[2020-09-11T12:51:30.776+0000][1][gc,age       ] GC(19) - age   1:    8716232 bytes,    8716232 total
[2020-09-11T12:51:30.776+0000][1][gc,heap      ] GC(19) ParNew: 76672K->8512K(76672K)
[2020-09-11T12:51:30.776+0000][1][gc,heap      ] GC(19) CMS: 25200K->33857K(439104K)
[2020-09-11T12:51:30.776+0000][1][gc,metaspace ] GC(19) Metaspace: 29870K->29870K(1077248K)
[2020-09-11T12:51:30.776+0000][1][gc           ] GC(19) Pause Young (Allocation Failure) 99M->41M(503M) 199.650ms
[2020-09-11T12:51:30.776+0000][1][gc,cpu       ] GC(19) User=0.04s Sys=0.00s Real=0.20s
[2020-09-11T12:51:30.790+0000][1][safepoint    ] Safepoint "GenCollectForAllocation", Time since last: 1049091809 ns, Reaching safepoint: 92950 ns, At safepoint: 213972501 ns, Total: 214065451 ns
[2020-09-11T12:51:31.823+0000][1][safepoint    ] Safepoint "Cleanup", Time since last: 1033527819 ns, Reaching safepoint: 56530 ns, At safepoint: 7599 ns, Total: 64129 ns
[2020-09-11T12:51:32.061+0000][1][safepoint    ] Safepoint "RevokeBias", Time since last: 237403061 ns, Reaching safepoint: 105910 ns, At safepoint: 37569 ns, Total: 143479 ns
[2020-09-11T12:51:33.061+0000][1][safepoint    ] Safepoint "Cleanup", Time since last: 1000138248 ns, Reaching safepoint: 144529 ns, At safepoint: 6091 ns, Total: 150620 ns
[2020-09-11T12:51:34.068+0000][1][safepoint    ] Safepoint "Cleanup", Time since last: 1006090116 ns, Reaching safepoint: 119138 ns, At safepoint: 6035 ns, Total: 125173 ns
[2020-09-11T12:51:34.216+0000][1][gc,start     ] GC(20) Pause Young (Allocation Failure)
[2020-09-11T12:51:34.216+0000][1][gc,task      ] GC(20) Using 1 workers of 1 for evacuation
[2020-09-11T12:51:34.327+0000][1][gc,age       ] GC(20) Desired survivor size 4358144 bytes, new threshold 6 (max threshold 6)
[2020-09-11T12:51:34.327+0000][1][gc,age       ] GC(20) Age table with threshold 6 (max threshold 6)
[2020-09-11T12:51:34.327+0000][1][gc,age       ] GC(20) - age   1:    3716504 bytes,    3716504 total
[2020-09-11T12:51:34.327+0000][1][gc,heap      ] GC(20) ParNew: 76672K->8288K(76672K)
[2020-09-11T12:51:34.327+0000][1][gc,heap      ] GC(20) CMS: 33857K->42016K(439104K)
[2020-09-11T12:51:34.327+0000][1][gc,metaspace ] GC(20) Metaspace: 32090K->32090K(1079296K)
[2020-09-11T12:51:34.327+0000][1][gc           ] GC(20) Pause Young (Allocation Failure) 107M->49M(503M) 111.564ms
[2020-09-11T12:51:34.327+0000][1][gc,cpu       ] GC(20) User=0.03s Sys=0.00s Real=0.11s
[2020-09-11T12:51:34.355+0000][1][safepoint    ] Safepoint "GenCollectForAllocation", Time since last: 147891607 ns, Reaching safepoint: 105830 ns, At safepoint: 139889014 ns, Total: 139994844 ns
[2020-09-11T12:51:34.728+0000][1][safepoint    ] Safepoint "Deoptimize", Time since last: 371338640 ns, Reaching safepoint: 664064 ns, At safepoint: 263980 ns, Total: 928044 ns
[2020-09-11T12:51:35.755+0000][1][safepoint    ] Safepoint "Cleanup", Time since last: 1011378386 ns, Reaching safepoint: 16382491 ns, At safepoint: 14250 ns, Total: 16396741 ns
[2020-09-11T12:51:36.768+0000][1][safepoint    ] Safepoint "Cleanup", Time since last: 1011958276 ns, Reaching safepoint: 393384 ns, At safepoint: 6473 ns, Total: 399857 ns
[2020-09-11T12:51:37.768+0000][1][safepoint    ] Safepoint "Cleanup", Time since last: 1000138772 ns, Reaching safepoint: 113013 ns, At safepoint: 6042 ns, Total: 119055 ns
[2020-09-11T12:51:38.772+0000][1][safepoint    ] Safepoint "Cleanup", Time since last: 1003321581 ns, Reaching safepoint: 176732 ns, At safepoint: 6448 ns, Total: 183180 ns
[2020-09-11T12:51:38.792+0000][1][safepoint    ] Safepoint "Deoptimize", Time since last: 19828804 ns, Reaching safepoint: 94827 ns, At safepoint: 255306 ns, Total: 350133 ns
[2020-09-11T12:51:39.794+0000][1][safepoint    ] Safepoint "Cleanup", Time since last: 1000104275 ns, Reaching safepoint: 1696034 ns, At safepoint: 8259 ns, Total: 1704293 ns
[2020-09-11T12:51:39.823+0000][1][gc,start     ] GC(21) Pause Young (Allocation Failure)
[2020-09-11T12:51:39.824+0000][1][gc,task      ] GC(21) Using 1 workers of 1 for evacuation
[2020-09-11T12:51:39.858+0000][1][gc,age       ] GC(21) Desired survivor size 4358144 bytes, new threshold 2 (max threshold 6)
[2020-09-11T12:51:39.858+0000][1][gc,age       ] GC(21) Age table with threshold 2 (max threshold 6)
[2020-09-11T12:51:39.858+0000][1][gc,age       ] GC(21) - age   1:    1092928 bytes,    1092928 total
[2020-09-11T12:51:39.858+0000][1][gc,age       ] GC(21) - age   2:    3623160 bytes,    4716088 total
[2020-09-11T12:51:39.858+0000][1][gc,heap      ] GC(21) ParNew: 76448K->6866K(76672K)
[2020-09-11T12:51:39.858+0000][1][gc,heap      ] GC(21) CMS: 42016K->42016K(439104K)
[2020-09-11T12:51:39.858+0000][1][gc,metaspace ] GC(21) Metaspace: 32393K->32393K(1079296K)
[2020-09-11T12:51:39.858+0000][1][gc           ] GC(21) Pause Young (Allocation Failure) 115M->47M(503M) 34.990ms
[2020-09-11T12:51:39.858+0000][1][gc,cpu       ] GC(21) User=0.01s Sys=0.00s Real=0.03s
[2020-09-11T12:51:39.883+0000][1][safepoint    ] Safepoint "GenCollectForAllocation", Time since last: 22597025 ns, Reaching safepoint: 7268209 ns, At safepoint: 60010860 ns, Total: 67279069 ns
[2020-09-11T12:51:40.904+0000][1][safepoint    ] Safepoint "Cleanup", Time since last: 1019959098 ns, Reaching safepoint: 708215 ns, At safepoint: 5488 ns, Total: 713703 ns
[2020-09-11T12:51:40.984+0000][1][gc,start     ] GC(22) Pause Young (Allocation Failure)
[2020-09-11T12:51:40.984+0000][1][gc,task      ] GC(22) Using 1 workers of 1 for evacuation
[2020-09-11T12:51:41.072+0000][1][gc,age       ] GC(22) Desired survivor size 4358144 bytes, new threshold 6 (max threshold 6)
[2020-09-11T12:51:41.072+0000][1][gc,age       ] GC(22) Age table with threshold 6 (max threshold 6)
[2020-09-11T12:51:41.072+0000][1][gc,age       ] GC(22) - age   1:     249496 bytes,     249496 total
[2020-09-11T12:51:41.072+0000][1][gc,age       ] GC(22) - age   2:     437840 bytes,     687336 total
[2020-09-11T12:51:41.072+0000][1][gc,heap      ] GC(22) ParNew: 75026K->4312K(76672K)
[2020-09-11T12:51:41.072+0000][1][gc,heap      ] GC(22) CMS: 42016K->45571K(439104K)
[2020-09-11T12:51:41.072+0000][1][gc,metaspace ] GC(22) Metaspace: 32405K->32405K(1079296K)
[2020-09-11T12:51:41.072+0000][1][gc           ] GC(22) Pause Young (Allocation Failure) 114M->48M(503M) 88.232ms
[2020-09-11T12:51:41.072+0000][1][gc,cpu       ] GC(22) User=0.02s Sys=0.00s Real=0.08s
[2020-09-11T12:51:41.072+0000][1][safepoint    ] Safepoint "GenCollectForAllocation", Time since last: 79292019 ns, Reaching safepoint: 97277 ns, At safepoint: 88290636 ns, Total: 88387913 ns
[2020-09-11T12:51:41.824+0000][1][gc,start     ] GC(23) Pause Young (Allocation Failure)
[2020-09-11T12:51:41.824+0000][1][gc,task      ] GC(23) Using 1 workers of 1 for evacuation
[2020-09-11T12:51:41.837+0000][1][gc,age       ] GC(23) Desired survivor size 4358144 bytes, new threshold 6 (max threshold 6)
[2020-09-11T12:51:41.837+0000][1][gc,age       ] GC(23) Age table with threshold 6 (max threshold 6)
[2020-09-11T12:51:41.837+0000][1][gc,age       ] GC(23) - age   1:        216 bytes,        216 total
[2020-09-11T12:51:41.837+0000][1][gc,age       ] GC(23) - age   2:     249432 bytes,     249648 total
[2020-09-11T12:51:41.837+0000][1][gc,age       ] GC(23) - age   3:     437840 bytes,     687488 total
[2020-09-11T12:51:41.837+0000][1][gc,heap      ] GC(23) ParNew: 72472K->1203K(76672K)
[2020-09-11T12:51:41.837+0000][1][gc,heap      ] GC(23) CMS: 45571K->45571K(439104K)
[2020-09-11T12:51:41.837+0000][1][gc,metaspace ] GC(23) Metaspace: 32406K->32406K(1079296K)
[2020-09-11T12:51:41.837+0000][1][gc           ] GC(23) Pause Young (Allocation Failure) 115M->45M(503M) 12.928ms
[2020-09-11T12:51:41.837+0000][1][gc,cpu       ] GC(23) User=0.00s Sys=0.00s Real=0.01s
[2020-09-11T12:51:41.855+0000][1][safepoint    ] Safepoint "GenCollectForAllocation", Time since last: 752138947 ns, Reaching safepoint: 99687 ns, At safepoint: 31397925 ns, Total: 31497612 ns
[2020-09-11T12:51:42.440+0000][1][gc,start     ] GC(24) Pause Young (Allocation Failure)
[2020-09-11T12:51:42.440+0000][1][gc,task      ] GC(24) Using 1 workers of 1 for evacuation
[2020-09-11T12:51:42.443+0000][1][gc,age       ] GC(24) Desired survivor size 4358144 bytes, new threshold 6 (max threshold 6)
[2020-09-11T12:51:42.443+0000][1][gc,age       ] GC(24) Age table with threshold 6 (max threshold 6)
[2020-09-11T12:51:42.443+0000][1][gc,age       ] GC(24) - age   1:        232 bytes,        232 total
[2020-09-11T12:51:42.443+0000][1][gc,age       ] GC(24) - age   3:     249432 bytes,     249664 total
[2020-09-11T12:51:42.443+0000][1][gc,age       ] GC(24) - age   4:     437840 bytes,     687504 total
[2020-09-11T12:51:42.443+0000][1][gc,heap      ] GC(24) ParNew: 69363K->1105K(76672K)
[2020-09-11T12:51:42.443+0000][1][gc,heap      ] GC(24) CMS: 45571K->45571K(439104K)
[2020-09-11T12:51:42.443+0000][1][gc,metaspace ] GC(24) Metaspace: 32410K->32410K(1079296K)
[2020-09-11T12:51:42.443+0000][1][gc           ] GC(24) Pause Young (Allocation Failure) 112M->45M(503M) 2.727ms
[2020-09-11T12:51:42.443+0000][1][gc,cpu       ] GC(24) User=0.00s Sys=0.00s Real=0.00s
[2020-09-11T12:51:42.447+0000][1][safepoint    ] Safepoint "GenCollectForAllocation", Time since last: 584870078 ns, Reaching safepoint: 95699 ns, At safepoint: 7024068 ns, Total: 7119767 ns
[2020-09-11T12:51:43.000+0000][1][gc,start     ] GC(25) Pause Young (Allocation Failure)
[2020-09-11T12:51:43.000+0000][1][gc,task      ] GC(25) Using 1 workers of 1 for evacuation
[2020-09-11T12:51:43.002+0000][1][gc,age       ] GC(25) Desired survivor size 4358144 bytes, new threshold 6 (max threshold 6)
[2020-09-11T12:51:43.002+0000][1][gc,age       ] GC(25) Age table with threshold 6 (max threshold 6)
[2020-09-11T12:51:43.002+0000][1][gc,age       ] GC(25) - age   1:        160 bytes,        160 total
[2020-09-11T12:51:43.002+0000][1][gc,age       ] GC(25) - age   4:     249432 bytes,     249592 total
[2020-09-11T12:51:43.002+0000][1][gc,age       ] GC(25) - age   5:     437840 bytes,     687432 total
[2020-09-11T12:51:43.003+0000][1][gc,heap      ] GC(25) ParNew: 69265K->1283K(76672K)
[2020-09-11T12:51:43.003+0000][1][gc,heap      ] GC(25) CMS: 45571K->45571K(439104K)
[2020-09-11T12:51:43.003+0000][1][gc,metaspace ] GC(25) Metaspace: 32410K->32410K(1079296K)
[2020-09-11T12:51:43.003+0000][1][gc           ] GC(25) Pause Young (Allocation Failure) 112M->45M(503M) 3.003ms
[2020-09-11T12:51:43.003+0000][1][gc,cpu       ] GC(25) User=0.00s Sys=0.00s Real=0.00s
[2020-09-11T12:51:43.027+0000][1][safepoint    ] Safepoint "GenCollectForAllocation", Time since last: 551991950 ns, Reaching safepoint: 104853 ns, At safepoint: 27905930 ns, Total: 28010783 ns
[2020-09-11T12:51:43.504+0000][1][gc,start     ] GC(26) Pause Young (Allocation Failure)
[2020-09-11T12:51:43.504+0000][1][gc,task      ] GC(26) Using 1 workers of 1 for evacuation
[2020-09-11T12:51:43.507+0000][1][gc,age       ] GC(26) Desired survivor size 4358144 bytes, new threshold 6 (max threshold 6)
[2020-09-11T12:51:43.507+0000][1][gc,age       ] GC(26) Age table with threshold 6 (max threshold 6)
[2020-09-11T12:51:43.507+0000][1][gc,age       ] GC(26) - age   1:         80 bytes,         80 total
[2020-09-11T12:51:43.507+0000][1][gc,age       ] GC(26) - age   5:     249432 bytes,     249512 total
[2020-09-11T12:51:43.507+0000][1][gc,age       ] GC(26) - age   6:     437840 bytes,     687352 total
[2020-09-11T12:51:43.507+0000][1][gc,heap      ] GC(26) ParNew: 69443K->824K(76672K)
[2020-09-11T12:51:43.507+0000][1][gc,heap      ] GC(26) CMS: 45571K->45571K(439104K)
[2020-09-11T12:51:43.507+0000][1][gc,metaspace ] GC(26) Metaspace: 32410K->32410K(1079296K)
[2020-09-11T12:51:43.507+0000][1][gc           ] GC(26) Pause Young (Allocation Failure) 112M->45M(503M) 2.741ms
[2020-09-11T12:51:43.507+0000][1][gc,cpu       ] GC(26) User=0.00s Sys=0.00s Real=0.00s
[2020-09-11T12:51:43.519+0000][1][safepoint    ] Safepoint "GenCollectForAllocation", Time since last: 476859548 ns, Reaching safepoint: 104648 ns, At safepoint: 15048712 ns, Total: 15153360 ns
[2020-09-11T12:51:43.960+0000][1][gc,start     ] GC(27) Pause Young (Allocation Failure)
[2020-09-11T12:51:43.960+0000][1][gc,task      ] GC(27) Using 1 workers of 1 for evacuation
[2020-09-11T12:51:43.962+0000][1][gc,age       ] GC(27) Desired survivor size 4358144 bytes, new threshold 6 (max threshold 6)
[2020-09-11T12:51:43.962+0000][1][gc,age       ] GC(27) Age table with threshold 6 (max threshold 6)
[2020-09-11T12:51:43.962+0000][1][gc,age       ] GC(27) - age   1:         24 bytes,         24 total
[2020-09-11T12:51:43.962+0000][1][gc,age       ] GC(27) - age   6:     249432 bytes,     249456 total
[2020-09-11T12:51:43.962+0000][1][gc,heap      ] GC(27) ParNew: 68984K->606K(76672K)
[2020-09-11T12:51:43.962+0000][1][gc,heap      ] GC(27) CMS: 45571K->45999K(439104K)
[2020-09-11T12:51:43.962+0000][1][gc,metaspace ] GC(27) Metaspace: 32410K->32410K(1079296K)
[2020-09-11T12:51:43.962+0000][1][gc           ] GC(27) Pause Young (Allocation Failure) 111M->45M(503M) 2.880ms
[2020-09-11T12:51:43.962+0000][1][gc,cpu       ] GC(27) User=0.00s Sys=0.00s Real=0.00s
[2020-09-11T12:51:43.979+0000][1][safepoint    ] Safepoint "GenCollectForAllocation", Time since last: 439968858 ns, Reaching safepoint: 101649 ns, At safepoint: 19945305 ns, Total: 20046954 ns
[2020-09-11T12:51:44.431+0000][1][gc,start     ] GC(28) Pause Young (Allocation Failure)
[2020-09-11T12:51:44.431+0000][1][gc,task      ] GC(28) Using 1 workers of 1 for evacuation
[2020-09-11T12:51:44.433+0000][1][gc,age       ] GC(28) Desired survivor size 4358144 bytes, new threshold 6 (max threshold 6)
[2020-09-11T12:51:44.433+0000][1][gc,age       ] GC(28) Age table with threshold 6 (max threshold 6)
[2020-09-11T12:51:44.433+0000][1][gc,age       ] GC(28) - age   1:        208 bytes,        208 total
[2020-09-11T12:51:44.433+0000][1][gc,heap      ] GC(28) ParNew: 68766K->242K(76672K)
[2020-09-11T12:51:44.433+0000][1][gc,heap      ] GC(28) CMS: 45999K->46243K(439104K)
[2020-09-11T12:51:44.433+0000][1][gc,metaspace ] GC(28) Metaspace: 32410K->32410K(1079296K)
[2020-09-11T12:51:44.433+0000][1][gc           ] GC(28) Pause Young (Allocation Failure) 112M->45M(503M) 2.591ms
[2020-09-11T12:51:44.433+0000][1][gc,cpu       ] GC(28) User=0.01s Sys=0.00s Real=0.00s
[2020-09-11T12:51:44.443+0000][1][safepoint    ] Safepoint "GenCollectForAllocation", Time since last: 451210526 ns, Reaching safepoint: 97849 ns, At safepoint: 12657922 ns, Total: 12755771 ns
[2020-09-11T12:51:44.848+0000][1][gc,start     ] GC(29) Pause Young (Allocation Failure)
[2020-09-11T12:51:44.848+0000][1][gc,task      ] GC(29) Using 1 workers of 1 for evacuation
[2020-09-11T12:51:44.850+0000][1][gc,age       ] GC(29) Desired survivor size 4358144 bytes, new threshold 6 (max threshold 6)
[2020-09-11T12:51:44.850+0000][1][gc,age       ] GC(29) Age table with threshold 6 (max threshold 6)
[2020-09-11T12:51:44.850+0000][1][gc,age       ] GC(29) - age   1:        232 bytes,        232 total
[2020-09-11T12:51:44.850+0000][1][gc,heap      ] GC(29) ParNew: 68402K->60K(76672K)
[2020-09-11T12:51:44.850+0000][1][gc,heap      ] GC(29) CMS: 46243K->46243K(439104K)
[2020-09-11T12:51:44.850+0000][1][gc,metaspace ] GC(29) Metaspace: 32410K->32410K(1079296K)
[2020-09-11T12:51:44.850+0000][1][gc           ] GC(29) Pause Young (Allocation Failure) 111M->45M(503M) 2.209ms
[2020-09-11T12:51:44.850+0000][1][gc,cpu       ] GC(29) User=0.00s Sys=0.00s Real=0.00s
[2020-09-11T12:51:44.860+0000][1][safepoint    ] Safepoint "GenCollectForAllocation", Time since last: 403998499 ns, Reaching safepoint: 97942 ns, At safepoint: 12321414 ns, Total: 12419356 ns
[2020-09-11T12:51:45.264+0000][1][gc,start     ] GC(30) Pause Young (Allocation Failure)
[2020-09-11T12:51:45.264+0000][1][gc,task      ] GC(30) Using 1 workers of 1 for evacuation
[2020-09-11T12:51:45.266+0000][1][gc,age       ] GC(30) Desired survivor size 4358144 bytes, new threshold 6 (max threshold 6)
[2020-09-11T12:51:45.266+0000][1][gc,age       ] GC(30) Age table with threshold 6 (max threshold 6)
[2020-09-11T12:51:45.266+0000][1][gc,age       ] GC(30) - age   1:        200 bytes,        200 total
[2020-09-11T12:51:45.266+0000][1][gc,heap      ] GC(30) ParNew: 68220K->15K(76672K)
[2020-09-11T12:51:45.266+0000][1][gc,heap      ] GC(30) CMS: 46243K->46243K(439104K)
[2020-09-11T12:51:45.266+0000][1][gc,metaspace ] GC(30) Metaspace: 32410K->32410K(1079296K)
[2020-09-11T12:51:45.266+0000][1][gc           ] GC(30) Pause Young (Allocation Failure) 111M->45M(503M) 2.243ms
[2020-09-11T12:51:45.266+0000][1][gc,cpu       ] GC(30) User=0.00s Sys=0.00s Real=0.00s
[2020-09-11T12:51:45.271+0000][1][safepoint    ] Safepoint "GenCollectForAllocation", Time since last: 403584309 ns, Reaching safepoint: 121302 ns, At safepoint: 7873831 ns, Total: 7995133 ns
[2020-09-11T12:51:45.688+0000][1][gc,start     ] GC(31) Pause Young (Allocation Failure)
[2020-09-11T12:51:45.688+0000][1][gc,task      ] GC(31) Using 1 workers of 1 for evacuation
[2020-09-11T12:51:45.690+0000][1][gc,age       ] GC(31) Desired survivor size 4358144 bytes, new threshold 6 (max threshold 6)
[2020-09-11T12:51:45.690+0000][1][gc,age       ] GC(31) Age table with threshold 6 (max threshold 6)
[2020-09-11T12:51:45.690+0000][1][gc,age       ] GC(31) - age   1:        192 bytes,        192 total
[2020-09-11T12:51:45.690+0000][1][gc,heap      ] GC(31) ParNew: 68175K->3K(76672K)
[2020-09-11T12:51:45.690+0000][1][gc,heap      ] GC(31) CMS: 46243K->46243K(439104K)
[2020-09-11T12:51:45.690+0000][1][gc,metaspace ] GC(31) Metaspace: 32410K->32410K(1079296K)
[2020-09-11T12:51:45.690+0000][1][gc           ] GC(31) Pause Young (Allocation Failure) 111M->45M(503M) 2.263ms
[2020-09-11T12:51:45.690+0000][1][gc,cpu       ] GC(31) User=0.01s Sys=0.00s Real=0.00s
[2020-09-11T12:51:45.691+0000][1][safepoint    ] Safepoint "GenCollectForAllocation", Time since last: 416005136 ns, Reaching safepoint: 103122 ns, At safepoint: 3887243 ns, Total: 3990365 ns
[2020-09-11T12:51:46.035+0000][1][gc,start     ] GC(32) Pause Young (Allocation Failure)
[2020-09-11T12:51:46.035+0000][1][gc,task      ] GC(32) Using 1 workers of 1 for evacuation
[2020-09-11T12:51:46.038+0000][1][gc,age       ] GC(32) Desired survivor size 4358144 bytes, new threshold 6 (max threshold 6)
[2020-09-11T12:51:46.038+0000][1][gc,age       ] GC(32) Age table with threshold 6 (max threshold 6)
[2020-09-11T12:51:46.038+0000][1][gc,age       ] GC(32) - age   1:         96 bytes,         96 total
[2020-09-11T12:51:46.038+0000][1][gc,heap      ] GC(32) ParNew: 68163K->2K(76672K)
[2020-09-11T12:51:46.038+0000][1][gc,heap      ] GC(32) CMS: 46243K->46243K(439104K)
[2020-09-11T12:51:46.038+0000][1][gc,metaspace ] GC(32) Metaspace: 32410K->32410K(1079296K)
[2020-09-11T12:51:46.038+0000][1][gc           ] GC(32) Pause Young (Allocation Failure) 111M->45M(503M) 2.281ms
[2020-09-11T12:51:46.038+0000][1][gc,cpu       ] GC(32) User=0.00s Sys=0.00s Real=0.00s
[2020-09-11T12:51:46.039+0000][1][safepoint    ] Safepoint "GenCollectForAllocation", Time since last: 339234198 ns, Reaching safepoint: 4760179 ns, At safepoint: 4017576 ns, Total: 8777755 ns
[2020-09-11T12:51:46.241+0000][1][gc,start     ] GC(33) Pause Young (Allocation Failure)
[2020-09-11T12:51:46.241+0000][1][gc,task      ] GC(33) Using 1 workers of 1 for evacuation
[2020-09-11T12:51:46.243+0000][1][gc,age       ] GC(33) Desired survivor size 4358144 bytes, new threshold 6 (max threshold 6)
[2020-09-11T12:51:46.243+0000][1][gc,age       ] GC(33) Age table with threshold 6 (max threshold 6)
[2020-09-11T12:51:46.243+0000][1][gc,age       ] GC(33) - age   1:        232 bytes,        232 total
[2020-09-11T12:51:46.243+0000][1][gc,heap      ] GC(33) ParNew: 68162K->2K(76672K)
[2020-09-11T12:51:46.243+0000][1][gc,heap      ] GC(33) CMS: 46243K->46243K(439104K)
[2020-09-11T12:51:46.243+0000][1][gc,metaspace ] GC(33) Metaspace: 32410K->32410K(1079296K)
[2020-09-11T12:51:46.243+0000][1][gc           ] GC(33) Pause Young (Allocation Failure) 111M->45M(503M) 2.192ms
[2020-09-11T12:51:46.243+0000][1][gc,cpu       ] GC(33) User=0.00s Sys=0.00s Real=0.00s
[2020-09-11T12:51:46.251+0000][1][safepoint    ] Safepoint "GenCollectForAllocation", Time since last: 200081583 ns, Reaching safepoint: 1121881 ns, At safepoint: 10781131 ns, Total: 11903012 ns
[2020-09-11T12:51:47.279+0000][1][safepoint    ] Safepoint "Cleanup", Time since last: 1007992695 ns, Reaching safepoint: 19335971 ns, At safepoint: 9849 ns, Total: 19345820 ns
[2020-09-11T12:51:48.287+0000][1][safepoint    ] Safepoint "Cleanup", Time since last: 1000108804 ns, Reaching safepoint: 8454628 ns, At safepoint: 8461 ns, Total: 8463089 ns
[2020-09-11T12:51:50.303+0000][1][safepoint    ] Safepoint "Cleanup", Time since last: 2012108662 ns, Reaching safepoint: 3174474 ns, At safepoint: 7302 ns, Total: 3181776 ns
[2020-09-11T12:51:50.926+0000][1][gc,start     ] GC(34) Pause Young (Allocation Failure)
[2020-09-11T12:51:50.926+0000][1][gc,task      ] GC(34) Using 1 workers of 1 for evacuation
[2020-09-11T12:51:50.937+0000][1][gc,age       ] GC(34) Desired survivor size 4358144 bytes, new threshold 6 (max threshold 6)
[2020-09-11T12:51:50.937+0000][1][gc,age       ] GC(34) Age table with threshold 6 (max threshold 6)
[2020-09-11T12:51:50.937+0000][1][gc,age       ] GC(34) - age   1:     276544 bytes,     276544 total
[2020-09-11T12:51:50.937+0000][1][gc,heap      ] GC(34) ParNew: 68162K->270K(76672K)
[2020-09-11T12:51:50.937+0000][1][gc,heap      ] GC(34) CMS: 46243K->46243K(439104K)
[2020-09-11T12:51:50.937+0000][1][gc,metaspace ] GC(34) Metaspace: 32430K->32430K(1079296K)
[2020-09-11T12:51:50.937+0000][1][gc           ] GC(34) Pause Young (Allocation Failure) 111M->45M(503M) 10.782ms
[2020-09-11T12:51:50.937+0000][1][gc,cpu       ] GC(34) User=0.01s Sys=0.00s Real=0.01s
[2020-09-11T12:51:50.937+0000][1][safepoint    ] Safepoint "GenCollectForAllocation", Time since last: 623384720 ns, Reaching safepoint: 101344 ns, At safepoint: 10843713 ns, Total: 10945057 ns
[2020-09-11T12:51:50.990+0000][1][safepoint    ] Safepoint "RevokeBias", Time since last: 52062184 ns, Reaching safepoint: 573029 ns, At safepoint: 38476 ns, Total: 611505 ns
[2020-09-11T12:51:50.990+0000][1][safepoint    ] Safepoint "BulkRevokeBias", Time since last: 63106 ns, Reaching safepoint: 79922 ns, At safepoint: 48780 ns, Total: 128702 ns
[2020-09-11T12:51:50.990+0000][1][safepoint    ] Safepoint "RevokeBias", Time since last: 204647 ns, Reaching safepoint: 81039 ns, At safepoint: 24257 ns, Total: 105296 ns
[2020-09-11T12:51:51.996+0000][1][safepoint    ] Safepoint "Cleanup", Time since last: 1005279513 ns, Reaching safepoint: 105370 ns, At safepoint: 5310 ns, Total: 110680 ns
[2020-09-11T12:51:52.605+0000][1][gc,start     ] GC(35) Pause Young (Allocation Failure)
[2020-09-11T12:51:52.605+0000][1][gc,task      ] GC(35) Using 1 workers of 1 for evacuation
[2020-09-11T12:51:52.614+0000][1][gc,age       ] GC(35) Desired survivor size 4358144 bytes, new threshold 6 (max threshold 6)
[2020-09-11T12:51:52.614+0000][1][gc,age       ] GC(35) Age table with threshold 6 (max threshold 6)
[2020-09-11T12:51:52.614+0000][1][gc,age       ] GC(35) - age   1:     511008 bytes,     511008 total
[2020-09-11T12:51:52.614+0000][1][gc,age       ] GC(35) - age   2:     183592 bytes,     694600 total
[2020-09-11T12:51:52.614+0000][1][gc,heap      ] GC(35) ParNew: 68430K->679K(76672K)
[2020-09-11T12:51:52.614+0000][1][gc,heap      ] GC(35) CMS: 46243K->46243K(439104K)
[2020-09-11T12:51:52.614+0000][1][gc,metaspace ] GC(35) Metaspace: 32431K->32431K(1079296K)
[2020-09-11T12:51:52.614+0000][1][gc           ] GC(35) Pause Young (Allocation Failure) 111M->45M(503M) 8.685ms
[2020-09-11T12:51:52.614+0000][1][gc,cpu       ] GC(35) User=0.00s Sys=0.00s Real=0.00s
[2020-09-11T12:51:52.614+0000][1][safepoint    ] Safepoint "GenCollectForAllocation", Time since last: 609565239 ns, Reaching safepoint: 103417 ns, At safepoint: 8739859 ns, Total: 8843276 ns
[2020-09-11T12:51:53.742+0000][1][gc,start     ] GC(36) Pause Young (Allocation Failure)
[2020-09-11T12:51:53.742+0000][1][gc,task      ] GC(36) Using 1 workers of 1 for evacuation
[2020-09-11T12:51:53.751+0000][1][gc,age       ] GC(36) Desired survivor size 4358144 bytes, new threshold 6 (max threshold 6)
[2020-09-11T12:51:53.751+0000][1][gc,age       ] GC(36) Age table with threshold 6 (max threshold 6)
[2020-09-11T12:51:53.751+0000][1][gc,age       ] GC(36) - age   1:     641888 bytes,     641888 total
[2020-09-11T12:51:53.751+0000][1][gc,age       ] GC(36) - age   2:     340016 bytes,     981904 total
[2020-09-11T12:51:53.751+0000][1][gc,age       ] GC(36) - age   3:     182872 bytes,    1164776 total
[2020-09-11T12:51:53.751+0000][1][gc,heap      ] GC(36) ParNew: 68839K->1177K(76672K)
[2020-09-11T12:51:53.751+0000][1][gc,heap      ] GC(36) CMS: 46243K->46243K(439104K)
[2020-09-11T12:51:53.751+0000][1][gc,metaspace ] GC(36) Metaspace: 32432K->32432K(1079296K)
[2020-09-11T12:51:53.751+0000][1][gc           ] GC(36) Pause Young (Allocation Failure) 112M->46M(503M) 9.299ms
[2020-09-11T12:51:53.751+0000][1][gc,cpu       ] GC(36) User=0.00s Sys=0.00s Real=0.01s
[2020-09-11T12:51:53.753+0000][1][safepoint    ] Safepoint "GenCollectForAllocation", Time since last: 1127737049 ns, Reaching safepoint: 99363 ns, At safepoint: 11585239 ns, Total: 11684602 ns
[2020-09-11T12:51:54.728+0000][1][gc,start     ] GC(37) Pause Young (Allocation Failure)
[2020-09-11T12:51:54.728+0000][1][gc,task      ] GC(37) Using 1 workers of 1 for evacuation
[2020-09-11T12:51:54.730+0000][1][gc,age       ] GC(37) Desired survivor size 4358144 bytes, new threshold 6 (max threshold 6)
[2020-09-11T12:51:54.730+0000][1][gc,age       ] GC(37) Age table with threshold 6 (max threshold 6)
[2020-09-11T12:51:54.730+0000][1][gc,age       ] GC(37) - age   1:     621640 bytes,     621640 total
[2020-09-11T12:51:54.730+0000][1][gc,age       ] GC(37) - age   2:     301488 bytes,     923128 total
[2020-09-11T12:51:54.730+0000][1][gc,age       ] GC(37) - age   3:     339832 bytes,    1262960 total
[2020-09-11T12:51:54.730+0000][1][gc,age       ] GC(37) - age   4:     182568 bytes,    1445528 total
[2020-09-11T12:51:54.730+0000][1][gc,heap      ] GC(37) ParNew: 69337K->1438K(76672K)
[2020-09-11T12:51:54.730+0000][1][gc,heap      ] GC(37) CMS: 46243K->46243K(439104K)
[2020-09-11T12:51:54.730+0000][1][gc,metaspace ] GC(37) Metaspace: 32433K->32433K(1079296K)
[2020-09-11T12:51:54.730+0000][1][gc           ] GC(37) Pause Young (Allocation Failure) 112M->46M(503M) 2.701ms
[2020-09-11T12:51:54.730+0000][1][gc,cpu       ] GC(37) User=0.00s Sys=0.00s Real=0.00s
[2020-09-11T12:51:54.747+0000][1][safepoint    ] Safepoint "GenCollectForAllocation", Time since last: 974161807 ns, Reaching safepoint: 109543 ns, At safepoint: 19823104 ns, Total: 19932647 ns
[2020-09-11T12:51:55.530+0000][1][gc,start     ] GC(38) Pause Young (Allocation Failure)
[2020-09-11T12:51:55.530+0000][1][gc,task      ] GC(38) Using 1 workers of 1 for evacuation
[2020-09-11T12:51:55.536+0000][1][gc,age       ] GC(38) Desired survivor size 4358144 bytes, new threshold 6 (max threshold 6)
[2020-09-11T12:51:55.537+0000][1][gc,age       ] GC(38) Age table with threshold 6 (max threshold 6)
[2020-09-11T12:51:55.537+0000][1][gc,age       ] GC(38) - age   1:     968792 bytes,     968792 total
[2020-09-11T12:51:55.537+0000][1][gc,age       ] GC(38) - age   2:     265320 bytes,    1234112 total
[2020-09-11T12:51:55.537+0000][1][gc,age       ] GC(38) - age   3:     297464 bytes,    1531576 total
[2020-09-11T12:51:55.537+0000][1][gc,age       ] GC(38) - age   4:     339752 bytes,    1871328 total
[2020-09-11T12:51:55.537+0000][1][gc,age       ] GC(38) - age   5:     182464 bytes,    2053792 total
[2020-09-11T12:51:55.537+0000][1][gc,heap      ] GC(38) ParNew: 69598K->2064K(76672K)
[2020-09-11T12:51:55.537+0000][1][gc,heap      ] GC(38) CMS: 46243K->46243K(439104K)
[2020-09-11T12:51:55.537+0000][1][gc,metaspace ] GC(38) Metaspace: 32433K->32433K(1079296K)
[2020-09-11T12:51:55.537+0000][1][gc           ] GC(38) Pause Young (Allocation Failure) 113M->47M(503M) 6.937ms
[2020-09-11T12:51:55.537+0000][1][gc,cpu       ] GC(38) User=0.00s Sys=0.00s Real=0.01s
[2020-09-11T12:51:55.546+0000][1][safepoint    ] Safepoint "GenCollectForAllocation", Time since last: 782089001 ns, Reaching safepoint: 116783 ns, At safepoint: 16237733 ns, Total: 16354516 ns
[2020-09-11T12:51:55.987+0000][1][gc,start     ] GC(39) Pause Young (Allocation Failure)
[2020-09-11T12:51:55.988+0000][1][gc,task      ] GC(39) Using 1 workers of 1 for evacuation
[2020-09-11T12:51:55.990+0000][1][gc,age       ] GC(39) Desired survivor size 4358144 bytes, new threshold 6 (max threshold 6)
[2020-09-11T12:51:55.990+0000][1][gc,age       ] GC(39) Age table with threshold 6 (max threshold 6)
[2020-09-11T12:51:55.990+0000][1][gc,age       ] GC(39) - age   1:     312352 bytes,     312352 total
[2020-09-11T12:51:55.990+0000][1][gc,age       ] GC(39) - age   2:     955272 bytes,    1267624 total
[2020-09-11T12:51:55.990+0000][1][gc,age       ] GC(39) - age   3:     263984 bytes,    1531608 total
[2020-09-11T12:51:55.990+0000][1][gc,age       ] GC(39) - age   4:     296856 bytes,    1828464 total
[2020-09-11T12:51:55.990+0000][1][gc,age       ] GC(39) - age   5:     339416 bytes,    2167880 total
[2020-09-11T12:51:55.990+0000][1][gc,age       ] GC(39) - age   6:     182424 bytes,    2350304 total
[2020-09-11T12:51:55.990+0000][1][gc,heap      ] GC(39) ParNew: 70224K->2388K(76672K)
[2020-09-11T12:51:55.990+0000][1][gc,heap      ] GC(39) CMS: 46243K->46243K(439104K)
[2020-09-11T12:51:55.990+0000][1][gc,metaspace ] GC(39) Metaspace: 32433K->32433K(1079296K)
[2020-09-11T12:51:55.990+0000][1][gc           ] GC(39) Pause Young (Allocation Failure) 113M->47M(503M) 2.887ms
[2020-09-11T12:51:55.990+0000][1][gc,cpu       ] GC(39) User=0.00s Sys=0.01s Real=0.00s
[2020-09-11T12:51:55.999+0000][1][safepoint    ] Safepoint "GenCollectForAllocation", Time since last: 438793579 ns, Reaching safepoint: 2751282 ns, At safepoint: 11988144 ns, Total: 14739426 ns
[2020-09-11T12:51:57.006+0000][1][safepoint    ] Safepoint "Cleanup", Time since last: 1006009628 ns, Reaching safepoint: 125301 ns, At safepoint: 6874 ns, Total: 132175 ns
[2020-09-11T12:51:57.048+0000][1][gc,start     ] GC(40) Pause Young (Allocation Failure)
[2020-09-11T12:51:57.048+0000][1][gc,task      ] GC(40) Using 1 workers of 1 for evacuation
[2020-09-11T12:51:57.051+0000][1][gc,age       ] GC(40) Desired survivor size 4358144 bytes, new threshold 6 (max threshold 6)
[2020-09-11T12:51:57.051+0000][1][gc,age       ] GC(40) Age table with threshold 6 (max threshold 6)
[2020-09-11T12:51:57.051+0000][1][gc,age       ] GC(40) - age   1:     345128 bytes,     345128 total
[2020-09-11T12:51:57.051+0000][1][gc,age       ] GC(40) - age   2:     303840 bytes,     648968 total
[2020-09-11T12:51:57.051+0000][1][gc,age       ] GC(40) - age   3:     955272 bytes,    1604240 total
[2020-09-11T12:51:57.051+0000][1][gc,age       ] GC(40) - age   4:     263880 bytes,    1868120 total
[2020-09-11T12:51:57.051+0000][1][gc,age       ] GC(40) - age   5:     296856 bytes,    2164976 total
[2020-09-11T12:51:57.051+0000][1][gc,age       ] GC(40) - age   6:     339416 bytes,    2504392 total
[2020-09-11T12:51:57.051+0000][1][gc,heap      ] GC(40) ParNew: 70548K->2470K(76672K)
[2020-09-11T12:51:57.051+0000][1][gc,heap      ] GC(40) CMS: 46243K->46419K(439104K)
[2020-09-11T12:51:57.051+0000][1][gc,metaspace ] GC(40) Metaspace: 32433K->32433K(1079296K)
[2020-09-11T12:51:57.051+0000][1][gc           ] GC(40) Pause Young (Allocation Failure) 114M->47M(503M) 3.032ms
[2020-09-11T12:51:57.051+0000][1][gc,cpu       ] GC(40) User=0.01s Sys=0.00s Real=0.00s
[2020-09-11T12:51:57.071+0000][1][safepoint    ] Safepoint "GenCollectForAllocation", Time since last: 42303245 ns, Reaching safepoint: 97106 ns, At safepoint: 23448629 ns, Total: 23545735 ns
[2020-09-11T12:51:57.366+0000][1][gc,start     ] GC(41) Pause Young (Allocation Failure)
[2020-09-11T12:51:57.366+0000][1][gc,task      ] GC(41) Using 1 workers of 1 for evacuation
[2020-09-11T12:51:57.373+0000][1][gc,age       ] GC(41) Desired survivor size 4358144 bytes, new threshold 6 (max threshold 6)
[2020-09-11T12:51:57.373+0000][1][gc,age       ] GC(41) Age table with threshold 6 (max threshold 6)
[2020-09-11T12:51:57.373+0000][1][gc,age       ] GC(41) - age   1:        552 bytes,        552 total
[2020-09-11T12:51:57.373+0000][1][gc,age       ] GC(41) - age   2:     344840 bytes,     345392 total
[2020-09-11T12:51:57.373+0000][1][gc,age       ] GC(41) - age   3:     303840 bytes,     649232 total
[2020-09-11T12:51:57.373+0000][1][gc,age       ] GC(41) - age   4:     955272 bytes,    1604504 total
[2020-09-11T12:51:57.373+0000][1][gc,age       ] GC(41) - age   5:     263880 bytes,    1868384 total
[2020-09-11T12:51:57.373+0000][1][gc,age       ] GC(41) - age   6:     296856 bytes,    2165240 total
[2020-09-11T12:51:57.373+0000][1][gc,heap      ] GC(41) ParNew: 70630K->2130K(76672K)
[2020-09-11T12:51:57.373+0000][1][gc,heap      ] GC(41) CMS: 46419K->46750K(439104K)
[2020-09-11T12:51:57.373+0000][1][gc,metaspace ] GC(41) Metaspace: 32433K->32433K(1079296K)
[2020-09-11T12:51:57.373+0000][1][gc           ] GC(41) Pause Young (Allocation Failure) 114M->47M(503M) 7.103ms
[2020-09-11T12:51:57.373+0000][1][gc,cpu       ] GC(41) User=0.01s Sys=0.00s Real=0.00s
[2020-09-11T12:51:57.379+0000][1][safepoint    ] Safepoint "GenCollectForAllocation", Time since last: 292935320 ns, Reaching safepoint: 1262241 ns, At safepoint: 13105912 ns, Total: 14368153 ns
[2020-09-11T12:51:57.579+0000][1][gc,start     ] GC(42) Pause Young (Allocation Failure)
[2020-09-11T12:51:57.579+0000][1][gc,task      ] GC(42) Using 1 workers of 1 for evacuation
[2020-09-11T12:51:57.592+0000][1][gc,age       ] GC(42) Desired survivor size 4358144 bytes, new threshold 6 (max threshold 6)
[2020-09-11T12:51:57.592+0000][1][gc,age       ] GC(42) Age table with threshold 6 (max threshold 6)
[2020-09-11T12:51:57.592+0000][1][gc,age       ] GC(42) - age   1:        176 bytes,        176 total
[2020-09-11T12:51:57.592+0000][1][gc,age       ] GC(42) - age   2:        456 bytes,        632 total
[2020-09-11T12:51:57.592+0000][1][gc,age       ] GC(42) - age   3:     344840 bytes,     345472 total
[2020-09-11T12:51:57.592+0000][1][gc,age       ] GC(42) - age   4:     303840 bytes,     649312 total
[2020-09-11T12:51:57.592+0000][1][gc,age       ] GC(42) - age   5:     955272 bytes,    1604584 total
[2020-09-11T12:51:57.592+0000][1][gc,age       ] GC(42) - age   6:     263880 bytes,    1868464 total
[2020-09-11T12:51:57.592+0000][1][gc,heap      ] GC(42) ParNew: 70290K->2228K(76672K)
[2020-09-11T12:51:57.592+0000][1][gc,heap      ] GC(42) CMS: 46750K->47040K(439104K)
[2020-09-11T12:51:57.592+0000][1][gc,metaspace ] GC(42) Metaspace: 32433K->32433K(1079296K)
[2020-09-11T12:51:57.592+0000][1][gc           ] GC(42) Pause Young (Allocation Failure) 114M->48M(503M) 12.315ms
[2020-09-11T12:51:57.592+0000][1][gc,cpu       ] GC(42) User=0.00s Sys=0.00s Real=0.01s
[2020-09-11T12:51:57.592+0000][1][safepoint    ] Safepoint "GenCollectForAllocation", Time since last: 197545152 ns, Reaching safepoint: 3162324 ns, At safepoint: 12374253 ns, Total: 15536577 ns
[2020-09-11T12:51:57.795+0000][1][gc,start     ] GC(43) Pause Young (Allocation Failure)
[2020-09-11T12:51:57.795+0000][1][gc,task      ] GC(43) Using 1 workers of 1 for evacuation
[2020-09-11T12:51:57.798+0000][1][gc,age       ] GC(43) Desired survivor size 4358144 bytes, new threshold 6 (max threshold 6)
[2020-09-11T12:51:57.798+0000][1][gc,age       ] GC(43) Age table with threshold 6 (max threshold 6)
[2020-09-11T12:51:57.798+0000][1][gc,age       ] GC(43) - age   1:        232 bytes,        232 total
[2020-09-11T12:51:57.798+0000][1][gc,age       ] GC(43) - age   3:        456 bytes,        688 total
[2020-09-11T12:51:57.798+0000][1][gc,age       ] GC(43) - age   4:     344840 bytes,     345528 total
[2020-09-11T12:51:57.798+0000][1][gc,age       ] GC(43) - age   5:     303840 bytes,     649368 total
[2020-09-11T12:51:57.798+0000][1][gc,age       ] GC(43) - age   6:     955272 bytes,    1604640 total
[2020-09-11T12:51:57.798+0000][1][gc,heap      ] GC(43) ParNew: 70388K->1568K(76672K)
[2020-09-11T12:51:57.798+0000][1][gc,heap      ] GC(43) CMS: 47040K->47298K(439104K)
[2020-09-11T12:51:57.798+0000][1][gc,metaspace ] GC(43) Metaspace: 32433K->32433K(1079296K)
[2020-09-11T12:51:57.798+0000][1][gc           ] GC(43) Pause Young (Allocation Failure) 114M->47M(503M) 2.722ms
[2020-09-11T12:51:57.798+0000][1][gc,cpu       ] GC(43) User=0.00s Sys=0.00s Real=0.01s
[2020-09-11T12:51:57.803+0000][1][safepoint    ] Safepoint "GenCollectForAllocation", Time since last: 200946977 ns, Reaching safepoint: 2374665 ns, At safepoint: 8329346 ns, Total: 10704011 ns
[2020-09-11T12:51:58.011+0000][1][gc,start     ] GC(44) Pause Young (Allocation Failure)
[2020-09-11T12:51:58.011+0000][1][gc,task      ] GC(44) Using 1 workers of 1 for evacuation
[2020-09-11T12:51:58.014+0000][1][gc,age       ] GC(44) Desired survivor size 4358144 bytes, new threshold 6 (max threshold 6)
[2020-09-11T12:51:58.014+0000][1][gc,age       ] GC(44) Age table with threshold 6 (max threshold 6)
[2020-09-11T12:51:58.014+0000][1][gc,age       ] GC(44) - age   1:         24 bytes,         24 total
[2020-09-11T12:51:58.014+0000][1][gc,age       ] GC(44) - age   4:        456 bytes,        480 total
[2020-09-11T12:51:58.014+0000][1][gc,age       ] GC(44) - age   5:     344840 bytes,     345320 total
[2020-09-11T12:51:58.014+0000][1][gc,age       ] GC(44) - age   6:     303840 bytes,     649160 total
[2020-09-11T12:51:58.014+0000][1][gc,heap      ] GC(44) ParNew: 69728K->895K(76672K)
[2020-09-11T12:51:58.014+0000][1][gc,heap      ] GC(44) CMS: 47298K->48230K(439104K)
[2020-09-11T12:51:58.014+0000][1][gc,metaspace ] GC(44) Metaspace: 32433K->32433K(1079296K)
[2020-09-11T12:51:58.022+0000][1][gc           ] GC(44) Pause Young (Allocation Failure) 114M->47M(503M) 10.086ms
[2020-09-11T12:51:58.022+0000][1][gc,cpu       ] GC(44) User=0.00s Sys=0.00s Real=0.01s
[2020-09-11T12:51:58.022+0000][1][safepoint    ] Safepoint "GenCollectForAllocation", Time since last: 203676761 ns, Reaching safepoint: 4297166 ns, At safepoint: 10170128 ns, Total: 14467294 ns
[2020-09-11T12:51:58.227+0000][1][gc,start     ] GC(45) Pause Young (Allocation Failure)
[2020-09-11T12:51:58.228+0000][1][gc,task      ] GC(45) Using 1 workers of 1 for evacuation
[2020-09-11T12:51:58.230+0000][1][gc,age       ] GC(45) Desired survivor size 4358144 bytes, new threshold 6 (max threshold 6)
[2020-09-11T12:51:58.230+0000][1][gc,age       ] GC(45) Age table with threshold 6 (max threshold 6)
[2020-09-11T12:51:58.230+0000][1][gc,age       ] GC(45) - age   1:        192 bytes,        192 total
[2020-09-11T12:51:58.230+0000][1][gc,age       ] GC(45) - age   5:        456 bytes,        648 total
[2020-09-11T12:51:58.230+0000][1][gc,age       ] GC(45) - age   6:     344840 bytes,     345488 total
[2020-09-11T12:51:58.230+0000][1][gc,heap      ] GC(45) ParNew: 69055K->699K(76672K)
[2020-09-11T12:51:58.230+0000][1][gc,heap      ] GC(45) CMS: 48230K->48527K(439104K)
[2020-09-11T12:51:58.230+0000][1][gc,metaspace ] GC(45) Metaspace: 32433K->32433K(1079296K)
[2020-09-11T12:51:58.230+0000][1][gc           ] GC(45) Pause Young (Allocation Failure) 114M->48M(503M) 2.782ms
[2020-09-11T12:51:58.230+0000][1][gc,cpu       ] GC(45) User=0.00s Sys=0.00s Real=0.00s
[2020-09-11T12:51:58.235+0000][1][safepoint    ] Safepoint "GenCollectForAllocation", Time since last: 201816128 ns, Reaching safepoint: 4050852 ns, At safepoint: 7949894 ns, Total: 12000746 ns
[2020-09-11T12:51:58.449+0000][1][gc,start     ] GC(46) Pause Young (Allocation Failure)
[2020-09-11T12:51:58.449+0000][1][gc,task      ] GC(46) Using 1 workers of 1 for evacuation
[2020-09-11T12:51:58.457+0000][1][gc,age       ] GC(46) Desired survivor size 4358144 bytes, new threshold 6 (max threshold 6)
[2020-09-11T12:51:58.457+0000][1][gc,age       ] GC(46) Age table with threshold 6 (max threshold 6)
[2020-09-11T12:51:58.457+0000][1][gc,age       ] GC(46) - age   1:        240 bytes,        240 total
[2020-09-11T12:51:58.457+0000][1][gc,age       ] GC(46) - age   6:        456 bytes,        696 total
[2020-09-11T12:51:58.457+0000][1][gc,heap      ] GC(46) ParNew: 68859K->301K(76672K)
[2020-09-11T12:51:58.457+0000][1][gc,heap      ] GC(46) CMS: 48527K->48864K(439104K)
[2020-09-11T12:51:58.457+0000][1][gc,metaspace ] GC(46) Metaspace: 32433K->32433K(1079296K)
[2020-09-11T12:51:58.457+0000][1][gc           ] GC(46) Pause Young (Allocation Failure) 114M->48M(503M) 7.848ms
[2020-09-11T12:51:58.457+0000][1][gc,cpu       ] GC(46) User=0.00s Sys=0.00s Real=0.01s
[2020-09-11T12:51:58.457+0000][1][safepoint    ] Safepoint "GenCollectForAllocation", Time since last: 213261724 ns, Reaching safepoint: 107533 ns, At safepoint: 7901637 ns, Total: 8009170 ns
[2020-09-11T12:51:58.659+0000][1][gc,start     ] GC(47) Pause Young (Allocation Failure)
[2020-09-11T12:51:58.659+0000][1][gc,task      ] GC(47) Using 1 workers of 1 for evacuation
[2020-09-11T12:51:58.662+0000][1][gc,age       ] GC(47) Desired survivor size 4358144 bytes, new threshold 6 (max threshold 6)
[2020-09-11T12:51:58.662+0000][1][gc,age       ] GC(47) Age table with threshold 6 (max threshold 6)
[2020-09-11T12:51:58.662+0000][1][gc,age       ] GC(47) - age   1:        216 bytes,        216 total
[2020-09-11T12:51:58.662+0000][1][gc,heap      ] GC(47) ParNew: 68461K->75K(76672K)
[2020-09-11T12:51:58.662+0000][1][gc,heap      ] GC(47) CMS: 48864K->48865K(439104K)
[2020-09-11T12:51:58.662+0000][1][gc,metaspace ] GC(47) Metaspace: 32433K->32433K(1079296K)
[2020-09-11T12:51:58.662+0000][1][gc           ] GC(47) Pause Young (Allocation Failure) 114M->47M(503M) 2.313ms
[2020-09-11T12:51:58.662+0000][1][gc,cpu       ] GC(47) User=0.00s Sys=0.00s Real=0.00s
[2020-09-11T12:51:58.667+0000][1][safepoint    ] Safepoint "GenCollectForAllocation", Time since last: 200644128 ns, Reaching safepoint: 2106068 ns, At safepoint: 8004997 ns, Total: 10111065 ns
[2020-09-11T12:51:58.874+0000][1][gc,start     ] GC(48) Pause Young (Allocation Failure)
[2020-09-11T12:51:58.874+0000][1][gc,task      ] GC(48) Using 1 workers of 1 for evacuation
[2020-09-11T12:51:58.880+0000][1][gc,age       ] GC(48) Desired survivor size 4358144 bytes, new threshold 6 (max threshold 6)
[2020-09-11T12:51:58.880+0000][1][gc,age       ] GC(48) Age table with threshold 6 (max threshold 6)
[2020-09-11T12:51:58.880+0000][1][gc,age       ] GC(48) - age   1:         40 bytes,         40 total
[2020-09-11T12:51:58.880+0000][1][gc,heap      ] GC(48) ParNew: 68235K->18K(76672K)
[2020-09-11T12:51:58.880+0000][1][gc,heap      ] GC(48) CMS: 48865K->48865K(439104K)
[2020-09-11T12:51:58.880+0000][1][gc,metaspace ] GC(48) Metaspace: 32433K->32433K(1079296K)
[2020-09-11T12:51:58.880+0000][1][gc           ] GC(48) Pause Young (Allocation Failure) 114M->47M(503M) 6.306ms
[2020-09-11T12:51:58.880+0000][1][gc,cpu       ] GC(48) User=0.00s Sys=0.00s Real=0.01s
[2020-09-11T12:51:58.880+0000][1][safepoint    ] Safepoint "GenCollectForAllocation", Time since last: 206166647 ns, Reaching safepoint: 100043 ns, At safepoint: 6360924 ns, Total: 6460967 ns
[2020-09-11T12:51:59.087+0000][1][gc,start     ] GC(49) Pause Young (Allocation Failure)
[2020-09-11T12:51:59.088+0000][1][gc,task      ] GC(49) Using 1 workers of 1 for evacuation
[2020-09-11T12:51:59.090+0000][1][gc,age       ] GC(49) Desired survivor size 4358144 bytes, new threshold 6 (max threshold 6)
[2020-09-11T12:51:59.090+0000][1][gc,age       ] GC(49) Age table with threshold 6 (max threshold 6)
[2020-09-11T12:51:59.090+0000][1][gc,age       ] GC(49) - age   1:        160 bytes,        160 total
[2020-09-11T12:51:59.090+0000][1][gc,heap      ] GC(49) ParNew: 68178K->4K(76672K)
[2020-09-11T12:51:59.090+0000][1][gc,heap      ] GC(49) CMS: 48865K->48865K(439104K)
[2020-09-11T12:51:59.090+0000][1][gc,metaspace ] GC(49) Metaspace: 32433K->32433K(1079296K)
[2020-09-11T12:51:59.090+0000][1][gc           ] GC(49) Pause Young (Allocation Failure) 114M->47M(503M) 2.300ms
[2020-09-11T12:51:59.090+0000][1][gc,cpu       ] GC(49) User=0.00s Sys=0.00s Real=0.00s
[2020-09-11T12:51:59.090+0000][1][safepoint    ] Safepoint "GenCollectForAllocation", Time since last: 205856445 ns, Reaching safepoint: 1513510 ns, At safepoint: 2353835 ns, Total: 3867345 ns
[2020-09-11T12:52:00.090+0000][1][safepoint    ] Safepoint "Cleanup", Time since last: 1000082288 ns, Reaching safepoint: 137532 ns, At safepoint: 5692 ns, Total: 143224 ns
[2020-09-11T12:52:02.102+0000][1][safepoint    ] Safepoint "Cleanup", Time since last: 2011478143 ns, Reaching safepoint: 171369 ns, At safepoint: 5081 ns, Total: 176450 ns
[2020-09-11T12:52:02.418+0000][1][gc,start     ] GC(50) Pause Young (Allocation Failure)
[2020-09-11T12:52:02.418+0000][1][gc,task      ] GC(50) Using 1 workers of 1 for evacuation
[2020-09-11T12:52:02.426+0000][1][gc,age       ] GC(50) Desired survivor size 4358144 bytes, new threshold 6 (max threshold 6)
[2020-09-11T12:52:02.426+0000][1][gc,age       ] GC(50) Age table with threshold 6 (max threshold 6)
[2020-09-11T12:52:02.426+0000][1][gc,age       ] GC(50) - age   1:     134672 bytes,     134672 total
[2020-09-11T12:52:02.426+0000][1][gc,heap      ] GC(50) ParNew: 68164K->133K(76672K)
[2020-09-11T12:52:02.426+0000][1][gc,heap      ] GC(50) CMS: 48865K->48865K(439104K)
[2020-09-11T12:52:02.426+0000][1][gc,metaspace ] GC(50) Metaspace: 32435K->32435K(1079296K)
[2020-09-11T12:52:02.426+0000][1][gc           ] GC(50) Pause Young (Allocation Failure) 114M->47M(503M) 8.808ms
[2020-09-11T12:52:02.426+0000][1][gc,cpu       ] GC(50) User=0.00s Sys=0.00s Real=0.01s
[2020-09-11T12:52:02.434+0000][1][safepoint    ] Safepoint "GenCollectForAllocation", Time since last: 315851592 ns, Reaching safepoint: 111451 ns, At safepoint: 15900718 ns, Total: 16012169 ns
[2020-09-11T12:52:03.201+0000][1][gc,start     ] GC(51) Pause Young (Allocation Failure)
[2020-09-11T12:52:03.201+0000][1][gc,task      ] GC(51) Using 1 workers of 1 for evacuation
[2020-09-11T12:52:03.207+0000][1][gc,age       ] GC(51) Desired survivor size 4358144 bytes, new threshold 6 (max threshold 6)
[2020-09-11T12:52:03.207+0000][1][gc,age       ] GC(51) Age table with threshold 6 (max threshold 6)
[2020-09-11T12:52:03.207+0000][1][gc,age       ] GC(51) - age   1:     545936 bytes,     545936 total
[2020-09-11T12:52:03.207+0000][1][gc,age       ] GC(51) - age   2:      83896 bytes,     629832 total
[2020-09-11T12:52:03.219+0000][1][gc,heap      ] GC(51) ParNew: 68293K->637K(76672K)
[2020-09-11T12:52:03.219+0000][1][gc,heap      ] GC(51) CMS: 48865K->48865K(439104K)
[2020-09-11T12:52:03.219+0000][1][gc,metaspace ] GC(51) Metaspace: 32435K->32435K(1079296K)
[2020-09-11T12:52:03.220+0000][1][gc           ] GC(51) Pause Young (Allocation Failure) 114M->48M(503M) 18.798ms
[2020-09-11T12:52:03.220+0000][1][gc,cpu       ] GC(51) User=0.00s Sys=0.00s Real=0.02s
[2020-09-11T12:52:03.220+0000][1][safepoint    ] Safepoint "GenCollectForAllocation", Time since last: 767069943 ns, Reaching safepoint: 97289 ns, At safepoint: 18857919 ns, Total: 18955208 ns
[2020-09-11T12:52:03.836+0000][1][gc,start     ] GC(52) Pause Young (Allocation Failure)
[2020-09-11T12:52:03.836+0000][1][gc,task      ] GC(52) Using 1 workers of 1 for evacuation
[2020-09-11T12:52:03.838+0000][1][gc,age       ] GC(52) Desired survivor size 4358144 bytes, new threshold 6 (max threshold 6)
[2020-09-11T12:52:03.838+0000][1][gc,age       ] GC(52) Age table with threshold 6 (max threshold 6)
[2020-09-11T12:52:03.838+0000][1][gc,age       ] GC(52) - age   1:     643560 bytes,     643560 total
[2020-09-11T12:52:03.838+0000][1][gc,age       ] GC(52) - age   2:     374432 bytes,    1017992 total
[2020-09-11T12:52:03.838+0000][1][gc,age       ] GC(52) - age   3:      83272 bytes,    1101264 total
[2020-09-11T12:52:03.838+0000][1][gc,heap      ] GC(52) ParNew: 68797K->1083K(76672K)
[2020-09-11T12:52:03.838+0000][1][gc,heap      ] GC(52) CMS: 48865K->48865K(439104K)
[2020-09-11T12:52:03.838+0000][1][gc,metaspace ] GC(52) Metaspace: 32435K->32435K(1079296K)
[2020-09-11T12:52:03.838+0000][1][gc           ] GC(52) Pause Young (Allocation Failure) 114M->48M(503M) 2.635ms
[2020-09-11T12:52:03.838+0000][1][gc,cpu       ] GC(52) User=0.00s Sys=0.00s Real=0.00s
[2020-09-11T12:52:03.847+0000][1][safepoint    ] Safepoint "GenCollectForAllocation", Time since last: 615877637 ns, Reaching safepoint: 109716 ns, At safepoint: 11890607 ns, Total: 12000323 ns
[2020-09-11T12:52:04.268+0000][1][gc,start     ] GC(53) Pause Young (Allocation Failure)
[2020-09-11T12:52:04.268+0000][1][gc,task      ] GC(53) Using 1 workers of 1 for evacuation
[2020-09-11T12:52:04.270+0000][1][gc,age       ] GC(53) Desired survivor size 4358144 bytes, new threshold 6 (max threshold 6)
[2020-09-11T12:52:04.270+0000][1][gc,age       ] GC(53) Age table with threshold 6 (max threshold 6)
[2020-09-11T12:52:04.270+0000][1][gc,age       ] GC(53) - age   1:     311664 bytes,     311664 total
[2020-09-11T12:52:04.270+0000][1][gc,age       ] GC(53) - age   2:     629648 bytes,     941312 total
[2020-09-11T12:52:04.270+0000][1][gc,age       ] GC(53) - age   3:     373696 bytes,    1315008 total
[2020-09-11T12:52:04.270+0000][1][gc,age       ] GC(53) - age   4:      82632 bytes,    1397640 total
[2020-09-11T12:52:04.270+0000][1][gc,heap      ] GC(53) ParNew: 69243K->1441K(76672K)
[2020-09-11T12:52:04.270+0000][1][gc,heap      ] GC(53) CMS: 48865K->48865K(439104K)
[2020-09-11T12:52:04.270+0000][1][gc,metaspace ] GC(53) Metaspace: 32435K->32435K(1079296K)
[2020-09-11T12:52:04.270+0000][1][gc           ] GC(53) Pause Young (Allocation Failure) 115M->49M(503M) 2.713ms
[2020-09-11T12:52:04.270+0000][1][gc,cpu       ] GC(53) User=0.00s Sys=0.00s Real=0.00s
[2020-09-11T12:52:04.270+0000][1][safepoint    ] Safepoint "GenCollectForAllocation", Time since last: 420024744 ns, Reaching safepoint: 105300 ns, At safepoint: 2773020 ns, Total: 2878320 ns
[2020-09-11T12:52:04.799+0000][1][gc,start     ] GC(54) Pause Young (Allocation Failure)
[2020-09-11T12:52:04.800+0000][1][gc,task      ] GC(54) Using 1 workers of 1 for evacuation
[2020-09-11T12:52:04.802+0000][1][gc,age       ] GC(54) Desired survivor size 4358144 bytes, new threshold 6 (max threshold 6)
[2020-09-11T12:52:04.802+0000][1][gc,age       ] GC(54) Age table with threshold 6 (max threshold 6)
[2020-09-11T12:52:04.802+0000][1][gc,age       ] GC(54) - age   1:     964112 bytes,     964112 total
[2020-09-11T12:52:04.802+0000][1][gc,age       ] GC(54) - age   2:     299280 bytes,    1263392 total
[2020-09-11T12:52:04.802+0000][1][gc,age       ] GC(54) - age   3:     300960 bytes,    1564352 total
[2020-09-11T12:52:04.802+0000][1][gc,age       ] GC(54) - age   4:     373696 bytes,    1938048 total
[2020-09-11T12:52:04.802+0000][1][gc,age       ] GC(54) - age   5:      82472 bytes,    2020520 total
[2020-09-11T12:52:04.802+0000][1][gc,heap      ] GC(54) ParNew: 69601K->2079K(76672K)
[2020-09-11T12:52:04.802+0000][1][gc,heap      ] GC(54) CMS: 48865K->48865K(439104K)
[2020-09-11T12:52:04.802+0000][1][gc,metaspace ] GC(54) Metaspace: 32435K->32435K(1079296K)
[2020-09-11T12:52:04.802+0000][1][gc           ] GC(54) Pause Young (Allocation Failure) 115M->49M(503M) 2.877ms
[2020-09-11T12:52:04.802+0000][1][gc,cpu       ] GC(54) User=0.01s Sys=0.00s Real=0.00s
[2020-09-11T12:52:04.811+0000][1][safepoint    ] Safepoint "GenCollectForAllocation", Time since last: 525081055 ns, Reaching safepoint: 4015812 ns, At safepoint: 12002230 ns, Total: 16018042 ns
[2020-09-11T12:52:05.207+0000][1][gc,start     ] GC(55) Pause Young (Allocation Failure)
[2020-09-11T12:52:05.207+0000][1][gc,task      ] GC(55) Using 1 workers of 1 for evacuation
[2020-09-11T12:52:05.209+0000][1][gc,age       ] GC(55) Desired survivor size 4358144 bytes, new threshold 6 (max threshold 6)
[2020-09-11T12:52:05.209+0000][1][gc,age       ] GC(55) Age table with threshold 6 (max threshold 6)
[2020-09-11T12:52:05.209+0000][1][gc,age       ] GC(55) - age   1:     313688 bytes,     313688 total
[2020-09-11T12:52:05.209+0000][1][gc,age       ] GC(55) - age   2:     952416 bytes,    1266104 total
[2020-09-11T12:52:05.209+0000][1][gc,age       ] GC(55) - age   3:     298208 bytes,    1564312 total
[2020-09-11T12:52:05.209+0000][1][gc,age       ] GC(55) - age   4:     297424 bytes,    1861736 total
[2020-09-11T12:52:05.210+0000][1][gc,age       ] GC(55) - age   5:     373440 bytes,    2235176 total
[2020-09-11T12:52:05.210+0000][1][gc,age       ] GC(55) - age   6:      82448 bytes,    2317624 total
[2020-09-11T12:52:05.210+0000][1][gc,heap      ] GC(55) ParNew: 70239K->2263K(76672K)
[2020-09-11T12:52:05.210+0000][1][gc,heap      ] GC(55) CMS: 48865K->48865K(439104K)
[2020-09-11T12:52:05.210+0000][1][gc,metaspace ] GC(55) Metaspace: 32435K->32435K(1079296K)
[2020-09-11T12:52:05.210+0000][1][gc           ] GC(55) Pause Young (Allocation Failure) 116M->49M(503M) 2.916ms
[2020-09-11T12:52:05.210+0000][1][gc,cpu       ] GC(55) User=0.01s Sys=0.00s Real=0.00s
[2020-09-11T12:52:05.219+0000][1][safepoint    ] Safepoint "GenCollectForAllocation", Time since last: 393845385 ns, Reaching safepoint: 1353429 ns, At safepoint: 12818678 ns, Total: 14172107 ns
[2020-09-11T12:52:06.224+0000][1][safepoint    ] Safepoint "Cleanup", Time since last: 1003992846 ns, Reaching safepoint: 119670 ns, At safepoint: 6803 ns, Total: 126473 ns
[2020-09-11T12:52:06.486+0000][1][safepoint    ] Safepoint "Deoptimize", Time since last: 262399420 ns, Reaching safepoint: 120939 ns, At safepoint: 293950 ns, Total: 414889 ns
[2020-09-11T12:52:06.999+0000][1][safepoint    ] Safepoint "CollectForMetadataAllocation", Time since last: 509035330 ns, Reaching safepoint: 3363010 ns, At safepoint: 120389 ns, Total: 3483399 ns
[2020-09-11T12:52:07.001+0000][1][safepoint    ] Safepoint "CollectForMetadataAllocation", Time since last: 62073 ns, Reaching safepoint: 2443673 ns, At safepoint: 11681 ns, Total: 2455354 ns
[2020-09-11T12:52:07.084+0000][1][safepoint    ] Safepoint "CollectForMetadataAllocation", Time since last: 78994119 ns, Reaching safepoint: 3037925 ns, At safepoint: 145086 ns, Total: 3183011 ns
[2020-09-11T12:52:07.139+0000][1][safepoint    ] Safepoint "CollectForMetadataAllocation", Time since last: 45924484 ns, Reaching safepoint: 9065426 ns, At safepoint: 97782 ns, Total: 9163208 ns
[2020-09-11T12:52:07.226+0000][1][gc,start     ] GC(56) Pause Initial Mark
[2020-09-11T12:52:07.307+0000][1][gc           ] GC(56) Pause Initial Mark 108M->108M(503M) 81.235ms
[2020-09-11T12:52:07.307+0000][1][gc,cpu       ] GC(56) User=0.02s Sys=0.00s Real=0.08s
[2020-09-11T12:52:07.354+0000][1][safepoint    ] Safepoint "CMS_Initial_Mark", Time since last: 86868719 ns, Reaching safepoint: 167865 ns, At safepoint: 127785350 ns, Total: 127953215 ns
[2020-09-11T12:52:07.354+0000][1][gc           ] GC(56) Concurrent Mark
[2020-09-11T12:52:07.428+0000][1][safepoint    ] Safepoint "CollectForMetadataAllocation", Time since last: 58623987 ns, Reaching safepoint: 15345443 ns, At safepoint: 100537 ns, Total: 15445980 ns
[2020-09-11T12:52:07.628+0000][1][safepoint    ] Safepoint "CollectForMetadataAllocation", Time since last: 200341373 ns, Reaching safepoint: 40006 ns, At safepoint: 122140 ns, Total: 162146 ns
[2020-09-11T12:52:07.844+0000][1][gc           ] GC(56) Concurrent Mark 490.511ms
[2020-09-11T12:52:07.844+0000][1][gc,cpu       ] GC(56) User=0.12s Sys=0.00s Real=0.50s
[2020-09-11T12:52:07.860+0000][1][safepoint    ] Safepoint "CollectForMetadataAllocation", Time since last: 214201789 ns, Reaching safepoint: 17205660 ns, At safepoint: 136442 ns, Total: 17342102 ns
[2020-09-11T12:52:07.875+0000][1][gc           ] GC(56) Concurrent Preclean
[2020-09-11T12:52:07.877+0000][1][gc           ] GC(56) Concurrent Preclean 1.464ms
[2020-09-11T12:52:07.877+0000][1][gc,cpu       ] GC(56) User=0.00s Sys=0.00s Real=0.00s
[2020-09-11T12:52:07.877+0000][1][gc           ] GC(56) Concurrent Abortable Preclean
[2020-09-11T12:52:08.046+0000][1][gc,start     ] GC(57) Pause Young (Allocation Failure)
[2020-09-11T12:52:08.047+0000][1][gc,task      ] GC(57) Using 1 workers of 1 for evacuation
[2020-09-11T12:52:08.082+0000][1][gc           ] GC(56) Concurrent Abortable Preclean 205.065ms
[2020-09-11T12:52:08.087+0000][1][gc,cpu       ] GC(56) User=0.05s Sys=0.00s Real=0.20s
[2020-09-11T12:52:08.097+0000][1][gc,age       ] GC(57) Desired survivor size 4358144 bytes, new threshold 6 (max threshold 6)
[2020-09-11T12:52:08.097+0000][1][gc,age       ] GC(57) Age table with threshold 6 (max threshold 6)
[2020-09-11T12:52:08.097+0000][1][gc,age       ] GC(57) - age   1:    1490872 bytes,    1490872 total
[2020-09-11T12:52:08.097+0000][1][gc,age       ] GC(57) - age   2:     301680 bytes,    1792552 total
[2020-09-11T12:52:08.097+0000][1][gc,age       ] GC(57) - age   3:     951720 bytes,    2744272 total
[2020-09-11T12:52:08.097+0000][1][gc,age       ] GC(57) - age   4:     297792 bytes,    3042064 total
[2020-09-11T12:52:08.097+0000][1][gc,age       ] GC(57) - age   5:     297304 bytes,    3339368 total
[2020-09-11T12:52:08.097+0000][1][gc,age       ] GC(57) - age   6:     373440 bytes,    3712808 total
[2020-09-11T12:52:08.097+0000][1][gc,heap      ] GC(57) ParNew: 70423K->3706K(76672K)
[2020-09-11T12:52:08.097+0000][1][gc,heap      ] GC(57) CMS: 48865K->48943K(439104K)
[2020-09-11T12:52:08.097+0000][1][gc,metaspace ] GC(57) Metaspace: 36211K->36211K(1083392K)
[2020-09-11T12:52:08.097+0000][1][gc           ] GC(57) Pause Young (Allocation Failure) 116M->51M(503M) 50.857ms
[2020-09-11T12:52:08.097+0000][1][gc,cpu       ] GC(57) User=0.01s Sys=0.00s Real=0.05s
[2020-09-11T12:52:08.111+0000][1][safepoint    ] Safepoint "GenCollectForAllocation", Time since last: 186742012 ns, Reaching safepoint: 112891 ns, At safepoint: 64940858 ns, Total: 65053749 ns
[2020-09-11T12:52:08.143+0000][1][gc,start     ] GC(56) Pause Remark
[2020-09-11T12:52:08.201+0000][1][gc           ] GC(56) Pause Remark 55M->55M(503M) 57.219ms
[2020-09-11T12:52:08.201+0000][1][gc,cpu       ] GC(56) User=0.02s Sys=0.00s Real=0.05s
[2020-09-11T12:52:08.221+0000][1][safepoint    ] Safepoint "CMS_Final_Remark", Time since last: 15916801 ns, Reaching safepoint: 16095111 ns, At safepoint: 77202468 ns, Total: 93297579 ns
[2020-09-11T12:52:08.221+0000][1][gc           ] GC(56) Concurrent Sweep
[2020-09-11T12:52:08.345+0000][1][gc           ] GC(56) Concurrent Sweep 124.495ms
[2020-09-11T12:52:08.345+0000][1][gc,cpu       ] GC(56) User=0.03s Sys=0.00s Real=0.13s
[2020-09-11T12:52:08.345+0000][1][gc           ] GC(56) Concurrent Reset
[2020-09-11T12:52:08.346+0000][1][gc           ] GC(56) Concurrent Reset 0.629ms
[2020-09-11T12:52:08.346+0000][1][gc,cpu       ] GC(56) User=0.01s Sys=0.00s Real=0.00s
[2020-09-11T12:52:08.346+0000][1][gc,heap      ] GC(56) Old: 48865K->47886K(439104K)
[2020-09-11T12:52:08.752+0000][1][gc,start     ] GC(58) Pause Young (Allocation Failure)
[2020-09-11T12:52:08.753+0000][1][gc,task      ] GC(58) Using 1 workers of 1 for evacuation
[2020-09-11T12:52:08.789+0000][1][gc,age       ] GC(58) Desired survivor size 4358144 bytes, new threshold 6 (max threshold 6)
[2020-09-11T12:52:08.789+0000][1][gc,age       ] GC(58) Age table with threshold 6 (max threshold 6)
[2020-09-11T12:52:08.789+0000][1][gc,age       ] GC(58) - age   1:      56944 bytes,      56944 total
[2020-09-11T12:52:08.789+0000][1][gc,age       ] GC(58) - age   2:    1463344 bytes,    1520288 total
[2020-09-11T12:52:08.789+0000][1][gc,age       ] GC(58) - age   3:     301680 bytes,    1821968 total
[2020-09-11T12:52:08.789+0000][1][gc,age       ] GC(58) - age   4:     951720 bytes,    2773688 total
[2020-09-11T12:52:08.789+0000][1][gc,age       ] GC(58) - age   5:     297792 bytes,    3071480 total
[2020-09-11T12:52:08.789+0000][1][gc,age       ] GC(58) - age   6:     297136 bytes,    3368616 total
[2020-09-11T12:52:08.789+0000][1][gc,heap      ] GC(58) ParNew: 71866K->4375K(76672K)
[2020-09-11T12:52:08.789+0000][1][gc,heap      ] GC(58) CMS: 47886K->48251K(439104K)
[2020-09-11T12:52:08.789+0000][1][gc,metaspace ] GC(58) Metaspace: 36214K->36214K(1083392K)
[2020-09-11T12:52:08.789+0000][1][gc           ] GC(58) Pause Young (Allocation Failure) 116M->51M(503M) 36.549ms
[2020-09-11T12:52:08.789+0000][1][gc,cpu       ] GC(58) User=0.01s Sys=0.00s Real=0.04s
[2020-09-11T12:52:08.803+0000][1][safepoint    ] Safepoint "GenCollectForAllocation", Time since last: 531412321 ns, Reaching safepoint: 413976 ns, At safepoint: 50953463 ns, Total: 51367439 ns
[2020-09-11T12:52:09.833+0000][1][safepoint    ] Safepoint "Cleanup", Time since last: 1027985902 ns, Reaching safepoint: 1125293 ns, At safepoint: 6671 ns, Total: 1131964 ns
[2020-09-11T12:52:10.288+0000][1][safepoint    ] Safepoint "RevokeBias", Time since last: 455085493 ns, Reaching safepoint: 116801 ns, At safepoint: 37111 ns, Total: 153912 ns
[2020-09-11T12:52:11.298+0000][1][safepoint    ] Safepoint "Cleanup", Time since last: 1009091540 ns, Reaching safepoint: 1014521 ns, At safepoint: 8397 ns, Total: 1022918 ns
[2020-09-11T12:52:12.298+0000][1][safepoint    ] Safepoint "Cleanup", Time since last: 1000126788 ns, Reaching safepoint: 121566 ns, At safepoint: 6641 ns, Total: 128207 ns
[2020-09-11T12:52:13.043+0000][1][gc,start     ] GC(59) Pause Young (Allocation Failure)
[2020-09-11T12:52:13.044+0000][1][gc,task      ] GC(59) Using 1 workers of 1 for evacuation
[2020-09-11T12:52:13.105+0000][1][gc,age       ] GC(59) Desired survivor size 4358144 bytes, new threshold 4 (max threshold 6)
[2020-09-11T12:52:13.105+0000][1][gc,age       ] GC(59) Age table with threshold 4 (max threshold 6)
[2020-09-11T12:52:13.105+0000][1][gc,age       ] GC(59) - age   1:    2747696 bytes,    2747696 total
[2020-09-11T12:52:13.105+0000][1][gc,age       ] GC(59) - age   2:      56800 bytes,    2804496 total
[2020-09-11T12:52:13.105+0000][1][gc,age       ] GC(59) - age   3:    1417496 bytes,    4221992 total
[2020-09-11T12:52:13.105+0000][1][gc,age       ] GC(59) - age   4:     301680 bytes,    4523672 total
[2020-09-11T12:52:13.105+0000][1][gc,age       ] GC(59) - age   5:     951720 bytes,    5475392 total
[2020-09-11T12:52:13.105+0000][1][gc,age       ] GC(59) - age   6:     297792 bytes,    5773184 total
[2020-09-11T12:52:13.105+0000][1][gc,heap      ] GC(59) ParNew: 72535K->8222K(76672K)
[2020-09-11T12:52:13.105+0000][1][gc,heap      ] GC(59) CMS: 48251K->48541K(439104K)
[2020-09-11T12:52:13.105+0000][1][gc,metaspace ] GC(59) Metaspace: 42633K->42633K(1089536K)
[2020-09-11T12:52:13.105+0000][1][gc           ] GC(59) Pause Young (Allocation Failure) 117M->55M(503M) 61.534ms
[2020-09-11T12:52:13.105+0000][1][gc,cpu       ] GC(59) User=0.01s Sys=0.00s Real=0.06s
[2020-09-11T12:52:13.105+0000][1][safepoint    ] Safepoint "GenCollectForAllocation", Time since last: 742635203 ns, Reaching safepoint: 2657271 ns, At safepoint: 61599119 ns, Total: 64256390 ns
[2020-09-11T12:52:13.116+0000][1][safepoint    ] Safepoint "RevokeBias", Time since last: 10418821 ns, Reaching safepoint: 33019 ns, At safepoint: 53060 ns, Total: 86079 ns
[2020-09-11T12:52:14.165+0000][1][safepoint    ] Safepoint "Cleanup", Time since last: 1039898258 ns, Reaching safepoint: 9077109 ns, At safepoint: 10860 ns, Total: 9087969 ns
[2020-09-11T12:52:14.886+0000][1][safepoint    ] Safepoint "RevokeBias", Time since last: 720521256 ns, Reaching safepoint: 1436548 ns, At safepoint: 10454 ns, Total: 1447002 ns
[2020-09-11T12:52:15.896+0000][1][safepoint    ] Safepoint "Cleanup", Time since last: 1008936493 ns, Reaching safepoint: 146613 ns, At safepoint: 6210 ns, Total: 152823 ns
[2020-09-11T12:52:17.904+0000][1][safepoint    ] Safepoint "Cleanup", Time since last: 2007828817 ns, Reaching safepoint: 110986 ns, At safepoint: 5719 ns, Total: 116705 ns
[2020-09-11T12:52:19.871+0000][1][safepoint    ] Safepoint "RevokeBias", Time since last: 1967491802 ns, Reaching safepoint: 125895 ns, At safepoint: 43243 ns, Total: 169138 ns
[2020-09-11T12:52:19.872+0000][1][safepoint    ] Safepoint "RevokeBias", Time since last: 270658 ns, Reaching safepoint: 84104 ns, At safepoint: 28136 ns, Total: 112240 ns
[2020-09-11T12:52:19.872+0000][1][safepoint    ] Safepoint "RevokeBias", Time since last: 57610 ns, Reaching safepoint: 82106 ns, At safepoint: 24385 ns, Total: 106491 ns
[2020-09-11T12:52:19.872+0000][1][safepoint    ] Safepoint "RevokeBias", Time since last: 35274 ns, Reaching safepoint: 81603 ns, At safepoint: 24717 ns, Total: 106320 ns
[2020-09-11T12:52:19.872+0000][1][safepoint    ] Safepoint "RevokeBias", Time since last: 30777 ns, Reaching safepoint: 80093 ns, At safepoint: 24385 ns, Total: 104478 ns
[2020-09-11T12:52:19.872+0000][1][safepoint    ] Safepoint "RevokeBias", Time since last: 29156 ns, Reaching safepoint: 79804 ns, At safepoint: 23755 ns, Total: 103559 ns
[2020-09-11T12:52:19.872+0000][1][safepoint    ] Safepoint "RevokeBias", Time since last: 28747 ns, Reaching safepoint: 79375 ns, At safepoint: 23498 ns, Total: 102873 ns
[2020-09-11T12:52:19.872+0000][1][safepoint    ] Safepoint "RevokeBias", Time since last: 28002 ns, Reaching safepoint: 78758 ns, At safepoint: 23334 ns, Total: 102092 ns
[2020-09-11T12:52:19.873+0000][1][safepoint    ] Safepoint "RevokeBias", Time since last: 29702 ns, Reaching safepoint: 79281 ns, At safepoint: 24332 ns, Total: 103613 ns
[2020-09-11T12:52:19.875+0000][1][safepoint    ] Safepoint "RevokeBias", Time since last: 26958 ns, Reaching safepoint: 2864716 ns, At safepoint: 39451 ns, Total: 2904167 ns
[2020-09-11T12:52:19.876+0000][1][safepoint    ] Safepoint "RevokeBias", Time since last: 51105 ns, Reaching safepoint: 81504 ns, At safepoint: 27960 ns, Total: 109464 ns
[2020-09-11T12:52:19.876+0000][1][safepoint    ] Safepoint "RevokeBias", Time since last: 30701 ns, Reaching safepoint: 80309 ns, At safepoint: 26474 ns, Total: 106783 ns
[2020-09-11T12:52:19.876+0000][1][safepoint    ] Safepoint "RevokeBias", Time since last: 33077 ns, Reaching safepoint: 78792 ns, At safepoint: 24752 ns, Total: 103544 ns
[2020-09-11T12:52:19.876+0000][1][safepoint    ] Safepoint "RevokeBias", Time since last: 34468 ns, Reaching safepoint: 79139 ns, At safepoint: 24739 ns, Total: 103878 ns
[2020-09-11T12:52:19.876+0000][1][safepoint    ] Safepoint "RevokeBias", Time since last: 64389 ns, Reaching safepoint: 81885 ns, At safepoint: 24648 ns, Total: 106533 ns
[2020-09-11T12:52:19.876+0000][1][safepoint    ] Safepoint "RevokeBias", Time since last: 50400 ns, Reaching safepoint: 81957 ns, At safepoint: 32450 ns, Total: 114407 ns
[2020-09-11T12:52:19.884+0000][1][safepoint    ] Safepoint "RevokeBias", Time since last: 7046100 ns, Reaching safepoint: 108303 ns, At safepoint: 54280 ns, Total: 162583 ns
[2020-09-11T12:52:19.884+0000][1][safepoint    ] Safepoint "RevokeBias", Time since last: 758361 ns, Reaching safepoint: 87007 ns, At safepoint: 39901 ns, Total: 126908 ns
[2020-09-11T12:52:20.892+0000][1][safepoint    ] Safepoint "Cleanup", Time since last: 1006756873 ns, Reaching safepoint: 662806 ns, At safepoint: 6120 ns, Total: 668926 ns
[2020-09-11T12:52:21.273+0000][1][gc,start     ] GC(60) Pause Young (Allocation Failure)
[2020-09-11T12:52:21.273+0000][1][gc,task      ] GC(60) Using 1 workers of 1 for evacuation
[2020-09-11T12:52:21.423+0000][1][gc,age       ] GC(60) Desired survivor size 4358144 bytes, new threshold 2 (max threshold 6)
[2020-09-11T12:52:21.423+0000][1][gc,age       ] GC(60) Age table with threshold 2 (max threshold 6)
[2020-09-11T12:52:21.423+0000][1][gc,age       ] GC(60) - age   1:    2688176 bytes,    2688176 total
[2020-09-11T12:52:21.423+0000][1][gc,age       ] GC(60) - age   2:    2676848 bytes,    5365024 total
[2020-09-11T12:52:21.423+0000][1][gc,age       ] GC(60) - age   3:      56800 bytes,    5421824 total
[2020-09-11T12:52:21.423+0000][1][gc,age       ] GC(60) - age   4:    1415776 bytes,    6837600 total
[2020-09-11T12:52:21.423+0000][1][gc,heap      ] GC(60) ParNew: 76382K->8512K(76672K)
[2020-09-11T12:52:21.423+0000][1][gc,heap      ] GC(60) CMS: 48541K->50056K(439104K)
[2020-09-11T12:52:21.423+0000][1][gc,metaspace ] GC(60) Metaspace: 47835K->47835K(1093632K)
[2020-09-11T12:52:21.423+0000][1][gc           ] GC(60) Pause Young (Allocation Failure) 121M->57M(503M) 149.912ms
[2020-09-11T12:52:21.423+0000][1][gc,cpu       ] GC(60) User=0.04s Sys=0.00s Real=0.15s
[2020-09-11T12:52:21.423+0000][1][safepoint    ] Safepoint "GenCollectForAllocation", Time since last: 381244368 ns, Reaching safepoint: 106930 ns, At safepoint: 149993080 ns, Total: 150100010 ns
[2020-09-11T12:52:21.437+0000][1][safepoint    ] Safepoint "RevokeBias", Time since last: 13352590 ns, Reaching safepoint: 32697 ns, At safepoint: 23374 ns, Total: 56071 ns
[2020-09-11T12:52:21.437+0000][1][safepoint    ] Safepoint "RevokeBias", Time since last: 59632 ns, Reaching safepoint: 10724 ns, At safepoint: 14765 ns, Total: 25489 ns
[2020-09-11T12:52:21.681+0000][1][safepoint    ] Safepoint "RevokeBias", Time since last: 244282649 ns, Reaching safepoint: 106498 ns, At safepoint: 32645 ns, Total: 139143 ns
[2020-09-11T12:52:21.697+0000][1][safepoint    ] Safepoint "RevokeBias", Time since last: 15359336 ns, Reaching safepoint: 106325 ns, At safepoint: 40267 ns, Total: 146592 ns
[2020-09-11T12:52:22.702+0000][1][safepoint    ] Safepoint "Cleanup", Time since last: 1005183625 ns, Reaching safepoint: 457262 ns, At safepoint: 7031 ns, Total: 464293 ns
[2020-09-11T12:52:22.836+0000][1][safepoint    ] Safepoint "RevokeBias", Time since last: 133265566 ns, Reaching safepoint: 103445 ns, At safepoint: 39388 ns, Total: 142833 ns
[2020-09-11T12:52:22.836+0000][1][safepoint    ] Safepoint "RevokeBias", Time since last: 180562 ns, Reaching safepoint: 91281 ns, At safepoint: 24136 ns, Total: 115417 ns
[2020-09-11T12:52:22.836+0000][1][safepoint    ] Safepoint "RevokeBias", Time since last: 37296 ns, Reaching safepoint: 80023 ns, At safepoint: 20886 ns, Total: 100909 ns
[2020-09-11T12:52:23.168+0000][1][safepoint    ] Safepoint "RevokeBias", Time since last: 331412810 ns, Reaching safepoint: 117532 ns, At safepoint: 43454 ns, Total: 160986 ns
[2020-09-11T12:52:23.168+0000][1][safepoint    ] Safepoint "RevokeBias", Time since last: 102365 ns, Reaching safepoint: 92093 ns, At safepoint: 25401 ns, Total: 117494 ns
[2020-09-11T12:52:23.168+0000][1][safepoint    ] Safepoint "RevokeBias", Time since last: 98253 ns, Reaching safepoint: 82116 ns, At safepoint: 22247 ns, Total: 104363 ns
[2020-09-11T12:52:23.192+0000][1][safepoint    ] Safepoint "RevokeBias", Time since last: 23271792 ns, Reaching safepoint: 115510 ns, At safepoint: 46421 ns, Total: 161931 ns
[2020-09-11T12:52:23.215+0000][1][safepoint    ] Safepoint "RevokeBias", Time since last: 18856966 ns, Reaching safepoint: 4813048 ns, At safepoint: 39552 ns, Total: 4852600 ns
[2020-09-11T12:52:23.224+0000][1][safepoint    ] Safepoint "RevokeBias", Time since last: 8656887 ns, Reaching safepoint: 109983 ns, At safepoint: 37772 ns, Total: 147755 ns
[2020-09-11T12:52:23.225+0000][1][safepoint    ] Safepoint "RevokeBias", Time since last: 853565 ns, Reaching safepoint: 87663 ns, At safepoint: 29612 ns, Total: 117275 ns
[2020-09-11T12:52:23.225+0000][1][safepoint    ] Safepoint "RevokeBias", Time since last: 74642 ns, Reaching safepoint: 81902 ns, At safepoint: 23417 ns, Total: 105319 ns
[2020-09-11T12:52:23.240+0000][1][safepoint    ] Safepoint "RevokeBias", Time since last: 14200566 ns, Reaching safepoint: 111185 ns, At safepoint: 34616 ns, Total: 145801 ns
[2020-09-11T12:52:23.240+0000][1][safepoint    ] Safepoint "RevokeBias", Time since last: 676374 ns, Reaching safepoint: 86463 ns, At safepoint: 24072 ns, Total: 110535 ns
[2020-09-11T12:52:23.241+0000][1][safepoint    ] Safepoint "RevokeBias", Time since last: 33289 ns, Reaching safepoint: 80425 ns, At safepoint: 20209 ns, Total: 100634 ns
[2020-09-11T12:52:23.241+0000][1][safepoint    ] Safepoint "RevokeBias", Time since last: 29947 ns, Reaching safepoint: 79677 ns, At safepoint: 18276 ns, Total: 97953 ns
[2020-09-11T12:52:23.241+0000][1][safepoint    ] Safepoint "RevokeBias", Time since last: 29075 ns, Reaching safepoint: 80827 ns, At safepoint: 23466 ns, Total: 104293 ns
[2020-09-11T12:52:23.241+0000][1][safepoint    ] Safepoint "RevokeBias", Time since last: 27924 ns, Reaching safepoint: 80428 ns, At safepoint: 21902 ns, Total: 102330 ns
[2020-09-11T12:52:23.241+0000][1][safepoint    ] Safepoint "RevokeBias", Time since last: 31061 ns, Reaching safepoint: 79574 ns, At safepoint: 18765 ns, Total: 98339 ns
[2020-09-11T12:52:23.241+0000][1][safepoint    ] Safepoint "BulkRevokeBias", Time since last: 26910 ns, Reaching safepoint: 79602 ns, At safepoint: 64016 ns, Total: 143618 ns
[2020-09-11T12:52:23.241+0000][1][safepoint    ] Safepoint "RevokeBias", Time since last: 63999 ns, Reaching safepoint: 82462 ns, At safepoint: 20768 ns, Total: 103230 ns
[2020-09-11T12:52:23.242+0000][1][safepoint    ] Safepoint "RevokeBias", Time since last: 40439 ns, Reaching safepoint: 84486 ns, At safepoint: 25081 ns, Total: 109567 ns
[2020-09-11T12:52:23.253+0000][1][safepoint    ] Safepoint "RevokeBias", Time since last: 11305414 ns, Reaching safepoint: 103758 ns, At safepoint: 13766 ns, Total: 117524 ns
[2020-09-11T12:52:23.253+0000][1][safepoint    ] Safepoint "RevokeBias", Time since last: 57914 ns, Reaching safepoint: 80791 ns, At safepoint: 9086 ns, Total: 89877 ns
[2020-09-11T12:52:23.253+0000][1][safepoint    ] Safepoint "RevokeBias", Time since last: 30398 ns, Reaching safepoint: 79646 ns, At safepoint: 9448 ns, Total: 89094 ns
[2020-09-11T12:52:23.280+0000][1][safepoint    ] Safepoint "RevokeBias", Time since last: 26198187 ns, Reaching safepoint: 242710 ns, At safepoint: 27724 ns, Total: 270434 ns
[2020-09-11T12:52:23.280+0000][1][safepoint    ] Safepoint "RevokeBias", Time since last: 129820 ns, Reaching safepoint: 84949 ns, At safepoint: 30776 ns, Total: 115725 ns
[2020-09-11T12:52:23.280+0000][1][safepoint    ] Safepoint "RevokeBias", Time since last: 39552 ns, Reaching safepoint: 82608 ns, At safepoint: 18692 ns, Total: 101300 ns
[2020-09-11T12:52:23.280+0000][1][safepoint    ] Safepoint "RevokeBias", Time since last: 28860 ns, Reaching safepoint: 79908 ns, At safepoint: 20588 ns, Total: 100496 ns
[2020-09-11T12:52:23.280+0000][1][safepoint    ] Safepoint "RevokeBias", Time since last: 27469 ns, Reaching safepoint: 79586 ns, At safepoint: 19831 ns, Total: 99417 ns
[2020-09-11T12:52:23.280+0000][1][safepoint    ] Safepoint "RevokeBias", Time since last: 27270 ns, Reaching safepoint: 79395 ns, At safepoint: 18633 ns, Total: 98028 ns
[2020-09-11T12:52:23.281+0000][1][safepoint    ] Safepoint "RevokeBias", Time since last: 45287 ns, Reaching safepoint: 80179 ns, At safepoint: 18774 ns, Total: 98953 ns
[2020-09-11T12:52:23.281+0000][1][safepoint    ] Safepoint "RevokeBias", Time since last: 26571 ns, Reaching safepoint: 79734 ns, At safepoint: 16684 ns, Total: 96418 ns
[2020-09-11T12:52:23.283+0000][1][safepoint    ] Safepoint "RevokeBias", Time since last: 28260 ns, Reaching safepoint: 2677625 ns, At safepoint: 34487 ns, Total: 2712112 ns
[2020-09-11T12:52:23.287+0000][1][safepoint    ] Safepoint "RevokeBias", Time since last: 53361 ns, Reaching safepoint: 3927479 ns, At safepoint: 39501 ns, Total: 3966980 ns
[2020-09-11T12:52:23.288+0000][1][safepoint    ] Safepoint "RevokeBias", Time since last: 62795 ns, Reaching safepoint: 81003 ns, At safepoint: 17290 ns, Total: 98293 ns
[2020-09-11T12:52:23.288+0000][1][safepoint    ] Safepoint "RevokeBias", Time since last: 28146 ns, Reaching safepoint: 10264 ns, At safepoint: 15435 ns, Total: 25699 ns
[2020-09-11T12:52:23.288+0000][1][safepoint    ] Safepoint "RevokeBias", Time since last: 25869 ns, Reaching safepoint: 10010 ns, At safepoint: 15225 ns, Total: 25235 ns
[2020-09-11T12:52:23.288+0000][1][safepoint    ] Safepoint "RevokeBias", Time since last: 24897 ns, Reaching safepoint: 9905 ns, At safepoint: 15234 ns, Total: 25139 ns
[2020-09-11T12:52:23.288+0000][1][safepoint    ] Safepoint "RevokeBias", Time since last: 25123 ns, Reaching safepoint: 9853 ns, At safepoint: 15095 ns, Total: 24948 ns
[2020-09-11T12:52:23.291+0000][1][safepoint    ] Safepoint "RevokeBias", Time since last: 3558150 ns, Reaching safepoint: 27650 ns, At safepoint: 27611 ns, Total: 55261 ns
[2020-09-11T12:52:23.292+0000][1][safepoint    ] Safepoint "RevokeBias", Time since last: 49165 ns, Reaching safepoint: 11149 ns, At safepoint: 17389 ns, Total: 28538 ns
[2020-09-11T12:52:23.292+0000][1][safepoint    ] Safepoint "BulkRevokeBias", Time since last: 28716 ns, Reaching safepoint: 10446 ns, At safepoint: 63533 ns, Total: 73979 ns
[2020-09-11T12:52:23.292+0000][1][safepoint    ] Safepoint "RevokeBias", Time since last: 183406 ns, Reaching safepoint: 13084 ns, At safepoint: 19061 ns, Total: 32145 ns
[2020-09-11T12:52:23.292+0000][1][safepoint    ] Safepoint "RevokeBias", Time since last: 82691 ns, Reaching safepoint: 11639 ns, At safepoint: 16660 ns, Total: 28299 ns
[2020-09-11T12:52:23.292+0000][1][safepoint    ] Safepoint "RevokeBias", Time since last: 43200 ns, Reaching safepoint: 9977 ns, At safepoint: 15722 ns, Total: 25699 ns
[2020-09-11T12:52:23.292+0000][1][safepoint    ] Safepoint "RevokeBias", Time since last: 56906 ns, Reaching safepoint: 12291 ns, At safepoint: 15727 ns, Total: 28018 ns
[2020-09-11T12:52:23.292+0000][1][safepoint    ] Safepoint "RevokeBias", Time since last: 38407 ns, Reaching safepoint: 12527 ns, At safepoint: 15223 ns, Total: 27750 ns
[2020-09-11T12:52:23.292+0000][1][safepoint    ] Safepoint "RevokeBias", Time since last: 110075 ns, Reaching safepoint: 11254 ns, At safepoint: 15849 ns, Total: 27103 ns
[2020-09-11T12:52:23.293+0000][1][safepoint    ] Safepoint "RevokeBias", Time since last: 223808 ns, Reaching safepoint: 13253 ns, At safepoint: 16132 ns, Total: 29385 ns
[2020-09-11T12:52:23.293+0000][1][safepoint    ] Safepoint "RevokeBias", Time since last: 62763 ns, Reaching safepoint: 11315 ns, At safepoint: 15913 ns, Total: 27228 ns
[2020-09-11T12:52:23.293+0000][1][safepoint    ] Safepoint "RevokeBias", Time since last: 123129 ns, Reaching safepoint: 12534 ns, At safepoint: 24157 ns, Total: 36691 ns
[2020-09-11T12:52:23.293+0000][1][safepoint    ] Safepoint "RevokeBias", Time since last: 38739 ns, Reaching safepoint: 9657 ns, At safepoint: 22783 ns, Total: 32440 ns
[2020-09-11T12:52:23.315+0000][1][safepoint    ] Safepoint "RevokeBias", Time since last: 18532223 ns, Reaching safepoint: 3992952 ns, At safepoint: 40823 ns, Total: 4033775 ns
[2020-09-11T12:52:23.316+0000][1][safepoint    ] Safepoint "RevokeBias", Time since last: 64771 ns, Reaching safepoint: 81868 ns, At safepoint: 24117 ns, Total: 105985 ns
[2020-09-11T12:52:23.320+0000][1][safepoint    ] Safepoint "RevokeBias", Time since last: 267483 ns, Reaching safepoint: 3550401 ns, At safepoint: 51158 ns, Total: 3601559 ns
[2020-09-11T12:52:23.324+0000][1][safepoint    ] Safepoint "RevokeBias", Time since last: 3913023 ns, Reaching safepoint: 109003 ns, At safepoint: 40552 ns, Total: 149555 ns
[2020-09-11T12:52:23.324+0000][1][safepoint    ] Safepoint "RevokeBias", Time since last: 500163 ns, Reaching safepoint: 84806 ns, At safepoint: 27522 ns, Total: 112328 ns
[2020-09-11T12:52:23.325+0000][1][safepoint    ] Safepoint "RevokeBias", Time since last: 381636 ns, Reaching safepoint: 83444 ns, At safepoint: 23934 ns, Total: 107378 ns
[2020-09-11T12:52:23.328+0000][1][safepoint    ] Safepoint "RevokeBias", Time since last: 2816180 ns, Reaching safepoint: 22445 ns, At safepoint: 25665 ns, Total: 48110 ns
[2020-09-11T12:52:23.328+0000][1][safepoint    ] Safepoint "BulkRevokeBias", Time since last: 288587 ns, Reaching safepoint: 13032 ns, At safepoint: 70261 ns, Total: 83293 ns
[2020-09-11T12:52:23.362+0000][1][safepoint    ] Safepoint "RevokeBias", Time since last: 23517193 ns, Reaching safepoint: 10917083 ns, At safepoint: 30022 ns, Total: 10947105 ns
[2020-09-11T12:52:23.368+0000][1][safepoint    ] Safepoint "RevokeBias", Time since last: 5027317 ns, Reaching safepoint: 87835 ns, At safepoint: 21627 ns, Total: 109462 ns
[2020-09-11T12:52:23.375+0000][1][safepoint    ] Safepoint "RevokeBias", Time since last: 7552052 ns, Reaching safepoint: 105363 ns, At safepoint: 32610 ns, Total: 137973 ns
[2020-09-11T12:52:23.376+0000][1][safepoint    ] Safepoint "RevokeBias", Time since last: 677004 ns, Reaching safepoint: 92070 ns, At safepoint: 17887 ns, Total: 109957 ns
[2020-09-11T12:52:23.376+0000][1][safepoint    ] Safepoint "RevokeBias", Time since last: 37762 ns, Reaching safepoint: 82859 ns, At safepoint: 17159 ns, Total: 100018 ns
[2020-09-11T12:52:23.376+0000][1][safepoint    ] Safepoint "RevokeBias", Time since last: 32469 ns, Reaching safepoint: 83357 ns, At safepoint: 17505 ns, Total: 100862 ns
[2020-09-11T12:52:23.376+0000][1][safepoint    ] Safepoint "RevokeBias", Time since last: 36793 ns, Reaching safepoint: 82427 ns, At safepoint: 16123 ns, Total: 98550 ns
[2020-09-11T12:52:23.377+0000][1][safepoint    ] Safepoint "RevokeBias", Time since last: 32416 ns, Reaching safepoint: 82714 ns, At safepoint: 16890 ns, Total: 99604 ns
[2020-09-11T12:52:23.377+0000][1][safepoint    ] Safepoint "RevokeBias", Time since last: 32888 ns, Reaching safepoint: 81696 ns, At safepoint: 14994 ns, Total: 96690 ns
[2020-09-11T12:52:23.985+0000][1][safepoint    ] Safepoint "RevokeBias", Time since last: 607980530 ns, Reaching safepoint: 115417 ns, At safepoint: 13913 ns, Total: 129330 ns
[2020-09-11T12:52:23.999+0000][1][safepoint    ] Safepoint "RevokeBias", Time since last: 13604308 ns, Reaching safepoint: 123508 ns, At safepoint: 16678 ns, Total: 140186 ns
[2020-09-11T12:52:24.973+0000][1][gc,start     ] GC(61) Pause Young (Allocation Failure)
[2020-09-11T12:52:24.973+0000][1][gc,task      ] GC(61) Using 1 workers of 1 for evacuation
[2020-09-11T12:52:25.211+0000][1][gc,age       ] GC(61) Desired survivor size 4358144 bytes, new threshold 2 (max threshold 6)
[2020-09-11T12:52:25.211+0000][1][gc,age       ] GC(61) Age table with threshold 2 (max threshold 6)
[2020-09-11T12:52:25.211+0000][1][gc,age       ] GC(61) - age   1:    2115680 bytes,    2115680 total
[2020-09-11T12:52:25.211+0000][1][gc,age       ] GC(61) - age   2:    2636232 bytes,    4751912 total
[2020-09-11T12:52:25.211+0000][1][gc,heap      ] GC(61) ParNew: 76672K->6236K(76672K)
[2020-09-11T12:52:25.211+0000][1][gc,heap      ] GC(61) CMS: 50056K->54217K(439104K)
[2020-09-11T12:52:25.211+0000][1][gc,metaspace ] GC(61) Metaspace: 52647K->52647K(1097728K)
[2020-09-11T12:52:25.211+0000][1][gc           ] GC(61) Pause Young (Allocation Failure) 123M->59M(503M) 237.784ms
[2020-09-11T12:52:25.211+0000][1][gc,cpu       ] GC(61) User=0.07s Sys=0.00s Real=0.24s
[2020-09-11T12:52:25.235+0000][1][safepoint    ] Safepoint "GenCollectForAllocation", Time since last: 974493748 ns, Reaching safepoint: 374666 ns, At safepoint: 262065652 ns, Total: 262440318 ns
[2020-09-11T12:52:26.388+0000][1][safepoint    ] Safepoint "Cleanup", Time since last: 1147965411 ns, Reaching safepoint: 4114824 ns, At safepoint: 9702 ns, Total: 4124526 ns
[2020-09-11T12:52:27.392+0000][1][safepoint    ] Safepoint "Cleanup", Time since last: 1003868456 ns, Reaching safepoint: 316774 ns, At safepoint: 6290 ns, Total: 323064 ns
[2020-09-11T12:52:28.150+0000][1][safepoint    ] Safepoint "BulkRevokeBias", Time since last: 757783792 ns, Reaching safepoint: 452827 ns, At safepoint: 97922 ns, Total: 550749 ns
[2020-09-11T12:52:28.544+0000][1][safepoint    ] Safepoint "CollectForMetadataAllocation", Time since last: 393358007 ns, Reaching safepoint: 118056 ns, At safepoint: 90232 ns, Total: 208288 ns
[2020-09-11T12:52:28.852+0000][1][safepoint    ] Safepoint "CollectForMetadataAllocation", Time since last: 307809104 ns, Reaching safepoint: 923290 ns, At safepoint: 138912 ns, Total: 1062202 ns
[2020-09-11T12:52:28.903+0000][1][safepoint    ] Safepoint "CollectForMetadataAllocation", Time since last: 47636886 ns, Reaching safepoint: 2521481 ns, At safepoint: 110652 ns, Total: 2632133 ns
[2020-09-11T12:52:28.996+0000][1][gc,start     ] GC(62) Pause Young (Allocation Failure)
[2020-09-11T12:52:28.996+0000][1][gc,task      ] GC(62) Using 1 workers of 1 for evacuation
[2020-09-11T12:52:29.070+0000][1][gc,age       ] GC(62) Desired survivor size 4358144 bytes, new threshold 6 (max threshold 6)
[2020-09-11T12:52:29.070+0000][1][gc,age       ] GC(62) Age table with threshold 6 (max threshold 6)
[2020-09-11T12:52:29.070+0000][1][gc,age       ] GC(62) - age   1:    1736304 bytes,    1736304 total
[2020-09-11T12:52:29.070+0000][1][gc,age       ] GC(62) - age   2:    2079152 bytes,    3815456 total
[2020-09-11T12:52:29.071+0000][1][gc,heap      ] GC(62) ParNew: 74396K->5039K(76672K)
[2020-09-11T12:52:29.071+0000][1][gc,heap      ] GC(62) CMS: 54217K->56905K(439104K)
[2020-09-11T12:52:29.071+0000][1][gc,metaspace ] GC(62) Metaspace: 60824K->60824K(1105920K)
[2020-09-11T12:52:29.071+0000][1][gc           ] GC(62) Pause Young (Allocation Failure) 125M->60M(503M) 74.974ms
[2020-09-11T12:52:29.071+0000][1][gc,cpu       ] GC(62) User=0.03s Sys=0.00s Real=0.07s
[2020-09-11T12:52:29.075+0000][1][safepoint    ] Safepoint "GenCollectForAllocation", Time since last: 92673636 ns, Reaching safepoint: 119914 ns, At safepoint: 79217432 ns, Total: 79337346 ns
[2020-09-11T12:52:29.095+0000][1][gc,start     ] GC(63) Pause Initial Mark
[2020-09-11T12:52:29.108+0000][1][gc           ] GC(63) Pause Initial Mark 61M->61M(503M) 12.295ms
[2020-09-11T12:52:29.108+0000][1][gc,cpu       ] GC(63) User=0.01s Sys=0.00s Real=0.01s
[2020-09-11T12:52:29.124+0000][1][safepoint    ] Safepoint "CMS_Initial_Mark", Time since last: 20273005 ns, Reaching safepoint: 382728 ns, At safepoint: 28904375 ns, Total: 29287103 ns
[2020-09-11T12:52:29.124+0000][1][gc           ] GC(63) Concurrent Mark
[2020-09-11T12:52:29.290+0000][1][safepoint    ] Safepoint "CollectForMetadataAllocation", Time since last: 165878220 ns, Reaching safepoint: 58977 ns, At safepoint: 110530 ns, Total: 169507 ns
[2020-09-11T12:52:29.448+0000][1][safepoint    ] Safepoint "CollectForMetadataAllocation", Time since last: 145562634 ns, Reaching safepoint: 11568601 ns, At safepoint: 116148 ns, Total: 11684749 ns
[2020-09-11T12:52:29.595+0000][1][gc           ] GC(63) Concurrent Mark 470.457ms
[2020-09-11T12:52:29.595+0000][1][gc,cpu       ] GC(63) User=0.16s Sys=0.00s Real=0.46s
[2020-09-11T12:52:29.595+0000][1][gc           ] GC(63) Concurrent Preclean
[2020-09-11T12:52:29.643+0000][1][gc           ] GC(63) Concurrent Preclean 48.020ms
[2020-09-11T12:52:29.643+0000][1][gc,cpu       ] GC(63) User=0.02s Sys=0.00s Real=0.05s
[2020-09-11T12:52:29.643+0000][1][gc           ] GC(63) Concurrent Abortable Preclean
[2020-09-11T12:52:29.892+0000][1][safepoint    ] Safepoint "CollectForMetadataAllocation", Time since last: 424339921 ns, Reaching safepoint: 15518369 ns, At safepoint: 4114862 ns, Total: 19633231 ns
[2020-09-11T12:52:30.193+0000][1][safepoint    ] Safepoint "CollectForMetadataAllocation", Time since last: 300029395 ns, Reaching safepoint: 1337079 ns, At safepoint: 257600 ns, Total: 1594679 ns
[2020-09-11T12:52:30.792+0000][1][safepoint    ] Safepoint "CollectForMetadataAllocation", Time since last: 594334929 ns, Reaching safepoint: 3880978 ns, At safepoint: 99551 ns, Total: 3980529 ns
[2020-09-11T12:52:30.932+0000][1][safepoint    ] Safepoint "CollectForMetadataAllocation", Time since last: 131868504 ns, Reaching safepoint: 8034056 ns, At safepoint: 90099 ns, Total: 8124155 ns
[2020-09-11T12:52:31.604+0000][1][safepoint    ] Safepoint "CollectForMetadataAllocation", Time since last: 659889431 ns, Reaching safepoint: 12032840 ns, At safepoint: 118826 ns, Total: 12151666 ns
[2020-09-11T12:52:31.780+0000][1][safepoint    ] Safepoint "Deoptimize", Time since last: 174323199 ns, Reaching safepoint: 1531440 ns, At safepoint: 315870 ns, Total: 1847310 ns
[2020-09-11T12:52:31.997+0000][1][safepoint    ] Safepoint "CollectForMetadataAllocation", Time since last: 216859402 ns, Reaching safepoint: 265042 ns, At safepoint: 122246 ns, Total: 387288 ns
[2020-09-11T12:52:32.130+0000][1][safepoint    ] Safepoint "RevokeBias", Time since last: 118680520 ns, Reaching safepoint: 13885046 ns, At safepoint: 38845 ns, Total: 13923891 ns
[2020-09-11T12:52:32.130+0000][1][safepoint    ] Safepoint "RevokeBias", Time since last: 81659 ns, Reaching safepoint: 88083 ns, At safepoint: 27777 ns, Total: 115860 ns
[2020-09-11T12:52:32.130+0000][1][safepoint    ] Safepoint "RevokeBias", Time since last: 177607 ns, Reaching safepoint: 86399 ns, At safepoint: 25799 ns, Total: 112198 ns
[2020-09-11T12:52:32.476+0000][1][safepoint    ] Safepoint "CollectForMetadataAllocation", Time since last: 345347697 ns, Reaching safepoint: 75027 ns, At safepoint: 70559 ns, Total: 145586 ns
[2020-09-11T12:52:32.840+0000][1][safepoint    ] Safepoint "CollectForMetadataAllocation", Time since last: 363862892 ns, Reaching safepoint: 128970 ns, At safepoint: 128600 ns, Total: 257570 ns
[2020-09-11T12:52:33.380+0000][1][safepoint    ] Safepoint "CollectForMetadataAllocation", Time since last: 539716239 ns, Reaching safepoint: 121210 ns, At safepoint: 75257 ns, Total: 196467 ns
[2020-09-11T12:52:33.796+0000][1][safepoint    ] Safepoint "CollectForMetadataAllocation", Time since last: 403799996 ns, Reaching safepoint: 12027740 ns, At safepoint: 125360 ns, Total: 12153100 ns
[2020-09-11T12:52:34.081+0000][1][safepoint    ] Safepoint "CollectForMetadataAllocation", Time since last: 285463670 ns, Reaching safepoint: 61325 ns, At safepoint: 107603 ns, Total: 168928 ns
[2020-09-11T12:52:34.277+0000][1][safepoint    ] Safepoint "CollectForMetadataAllocation", Time since last: 193372904 ns, Reaching safepoint: 2029294 ns, At safepoint: 131625 ns, Total: 2160919 ns
[2020-09-11T12:52:34.368+0000][1][safepoint    ] Safepoint "CollectForMetadataAllocation", Time since last: 90713178 ns, Reaching safepoint: 62557 ns, At safepoint: 126806 ns, Total: 189363 ns
[2020-09-11T12:52:34.575+0000][1][safepoint    ] Safepoint "RevokeBias", Time since last: 207788135 ns, Reaching safepoint: 65467 ns, At safepoint: 11614 ns, Total: 77081 ns
[2020-09-11T12:52:34.682+0000][1][gc           ] GC(63) Concurrent Abortable Preclean 5038.546ms
[2020-09-11T12:52:34.682+0000][1][gc,cpu       ] GC(63) User=1.65s Sys=0.03s Real=5.04s
[2020-09-11T12:52:34.710+0000][1][gc,start     ] GC(63) Pause Remark
[2020-09-11T12:52:34.896+0000][1][gc           ] GC(63) Pause Remark 117M->117M(503M) 185.897ms
[2020-09-11T12:52:34.896+0000][1][gc,cpu       ] GC(63) User=0.06s Sys=0.00s Real=0.19s
[2020-09-11T12:52:34.903+0000][1][safepoint    ] Safepoint "CMS_Final_Remark", Time since last: 134063108 ns, Reaching safepoint: 108519 ns, At safepoint: 193812226 ns, Total: 193920745 ns
[2020-09-11T12:52:34.915+0000][1][gc           ] GC(63) Concurrent Sweep
[2020-09-11T12:52:34.928+0000][1][safepoint    ] Safepoint "CollectForMetadataAllocation", Time since last: 23979844 ns, Reaching safepoint: 689810 ns, At safepoint: 112444 ns, Total: 802254 ns
[2020-09-11T12:52:35.035+0000][1][gc           ] GC(63) Concurrent Sweep 119.218ms
[2020-09-11T12:52:35.035+0000][1][gc,cpu       ] GC(63) User=0.04s Sys=0.00s Real=0.11s
[2020-09-11T12:52:35.035+0000][1][gc           ] GC(63) Concurrent Reset
[2020-09-11T12:52:35.035+0000][1][gc           ] GC(63) Concurrent Reset 0.625ms
[2020-09-11T12:52:35.063+0000][1][gc,cpu       ] GC(63) User=0.01s Sys=0.00s Real=0.04s
[2020-09-11T12:52:35.063+0000][1][gc,heap      ] GC(63) Old: 56905K->55957K(439104K)
[2020-09-11T12:52:35.333+0000][1][safepoint    ] Safepoint "RevokeBias", Time since last: 404496782 ns, Reaching safepoint: 105065 ns, At safepoint: 10917 ns, Total: 115982 ns
[2020-09-11T12:52:35.492+0000][1][gc,start     ] GC(64) Pause Young (Allocation Failure)
[2020-09-11T12:52:35.492+0000][1][gc,task      ] GC(64) Using 1 workers of 1 for evacuation
[2020-09-11T12:52:35.563+0000][1][gc,age       ] GC(64) Desired survivor size 4358144 bytes, new threshold 2 (max threshold 6)
[2020-09-11T12:52:35.563+0000][1][gc,age       ] GC(64) Age table with threshold 2 (max threshold 6)
[2020-09-11T12:52:35.563+0000][1][gc,age       ] GC(64) - age   1:    3510424 bytes,    3510424 total
[2020-09-11T12:52:35.563+0000][1][gc,age       ] GC(64) - age   2:    1553112 bytes,    5063536 total
[2020-09-11T12:52:35.563+0000][1][gc,age       ] GC(64) - age   3:    2009256 bytes,    7072792 total
[2020-09-11T12:52:35.563+0000][1][gc,heap      ] GC(64) ParNew: 73199K->8108K(76672K)
[2020-09-11T12:52:35.563+0000][1][gc,heap      ] GC(64) CMS: 55957K->55957K(439104K)
[2020-09-11T12:52:35.563+0000][1][gc,metaspace ] GC(64) Metaspace: 66556K->66556K(1110016K)
[2020-09-11T12:52:35.563+0000][1][gc           ] GC(64) Pause Young (Allocation Failure) 126M->62M(503M) 71.360ms
[2020-09-11T12:52:35.563+0000][1][gc,cpu       ] GC(64) User=0.03s Sys=0.00s Real=0.07s
[2020-09-11T12:52:35.583+0000][1][safepoint    ] Safepoint "GenCollectForAllocation", Time since last: 158562494 ns, Reaching safepoint: 106571 ns, At safepoint: 91899516 ns, Total: 92006087 ns
[2020-09-11T12:52:36.181+0000][1][safepoint    ] Safepoint "Deoptimize", Time since last: 597035218 ns, Reaching safepoint: 109683 ns, At safepoint: 310150 ns, Total: 419833 ns
[2020-09-11T12:52:36.216+0000][1][safepoint    ] Safepoint "Deoptimize", Time since last: 34305461 ns, Reaching safepoint: 108559 ns, At safepoint: 328443 ns, Total: 437002 ns
[2020-09-11T12:52:36.556+0000][1][safepoint    ] Safepoint "RevokeBias", Time since last: 340724801 ns, Reaching safepoint: 105272 ns, At safepoint: 23651 ns, Total: 128923 ns
[2020-09-11T12:52:36.557+0000][1][safepoint    ] Safepoint "RevokeBias", Time since last: 364244 ns, Reaching safepoint: 80177 ns, At safepoint: 18218 ns, Total: 98395 ns
[2020-09-11T12:52:36.560+0000][1][safepoint    ] Safepoint "RevokeBias", Time since last: 2458803 ns, Reaching safepoint: 91937 ns, At safepoint: 21602 ns, Total: 113539 ns
[2020-09-11T12:52:36.560+0000][1][safepoint    ] Safepoint "RevokeBias", Time since last: 70011 ns, Reaching safepoint: 80312 ns, At safepoint: 16907 ns, Total: 97219 ns
[2020-09-11T12:52:36.560+0000][1][safepoint    ] Safepoint "RevokeBias", Time since last: 215530 ns, Reaching safepoint: 79474 ns, At safepoint: 16912 ns, Total: 96386 ns
[2020-09-11T12:52:36.561+0000][1][safepoint    ] Safepoint "RevokeBias", Time since last: 518591 ns, Reaching safepoint: 84371 ns, At safepoint: 16770 ns, Total: 101141 ns
[2020-09-11T12:52:36.561+0000][1][safepoint    ] Safepoint "RevokeBias", Time since last: 44955 ns, Reaching safepoint: 83192 ns, At safepoint: 15362 ns, Total: 98554 ns
[2020-09-11T12:52:36.561+0000][1][safepoint    ] Safepoint "RevokeBias", Time since last: 79162 ns, Reaching safepoint: 82272 ns, At safepoint: 15292 ns, Total: 97564 ns
[2020-09-11T12:52:36.565+0000][1][safepoint    ] Safepoint "RevokeBias", Time since last: 4118836 ns, Reaching safepoint: 107852 ns, At safepoint: 27932 ns, Total: 135784 ns
[2020-09-11T12:52:36.566+0000][1][safepoint    ] Safepoint "RevokeBias", Time since last: 300756 ns, Reaching safepoint: 83970 ns, At safepoint: 18461 ns, Total: 102431 ns
[2020-09-11T12:52:36.566+0000][1][safepoint    ] Safepoint "RevokeBias", Time since last: 57008 ns, Reaching safepoint: 82449 ns, At safepoint: 17526 ns, Total: 99975 ns
[2020-09-11T12:52:36.576+0000][1][safepoint    ] Safepoint "RevokeBias", Time since last: 9637283 ns, Reaching safepoint: 105824 ns, At safepoint: 87590 ns, Total: 193414 ns
[2020-09-11T12:52:36.578+0000][1][safepoint    ] Safepoint "RevokeBias", Time since last: 2360690 ns, Reaching safepoint: 101429 ns, At safepoint: 21923 ns, Total: 123352 ns
[2020-09-11T12:52:36.578+0000][1][safepoint    ] Safepoint "RevokeBias", Time since last: 98488 ns, Reaching safepoint: 80699 ns, At safepoint: 15733 ns, Total: 96432 ns
[2020-09-11T12:52:36.590+0000][1][safepoint    ] Safepoint "Deoptimize", Time since last: 11435820 ns, Reaching safepoint: 109445 ns, At safepoint: 311696 ns, Total: 421141 ns
[2020-09-11T12:52:36.607+0000][1][safepoint    ] Safepoint "RevokeBias", Time since last: 16832205 ns, Reaching safepoint: 134086 ns, At safepoint: 33423 ns, Total: 167509 ns
[2020-09-11T12:52:36.612+0000][1][safepoint    ] Safepoint "RevokeBias", Time since last: 4702115 ns, Reaching safepoint: 100238 ns, At safepoint: 24646 ns, Total: 124884 ns
[2020-09-11T12:52:36.612+0000][1][safepoint    ] Safepoint "RevokeBias", Time since last: 141707 ns, Reaching safepoint: 13279 ns, At safepoint: 16366 ns, Total: 29645 ns
[2020-09-11T12:52:36.613+0000][1][safepoint    ] Safepoint "RevokeBias", Time since last: 366924 ns, Reaching safepoint: 12112 ns, At safepoint: 15616 ns, Total: 27728 ns
[2020-09-11T12:52:36.613+0000][1][safepoint    ] Safepoint "RevokeBias", Time since last: 48501 ns, Reaching safepoint: 10154 ns, At safepoint: 15055 ns, Total: 25209 ns
[2020-09-11T12:52:36.613+0000][1][safepoint    ] Safepoint "RevokeBias", Time since last: 686167 ns, Reaching safepoint: 12765 ns, At safepoint: 17605 ns, Total: 30370 ns
[2020-09-11T12:52:36.613+0000][1][safepoint    ] Safepoint "RevokeBias", Time since last: 60437 ns, Reaching safepoint: 10384 ns, At safepoint: 15286 ns, Total: 25670 ns
[2020-09-11T12:52:36.791+0000][1][safepoint    ] Safepoint "RevokeBias", Time since last: 177151396 ns, Reaching safepoint: 109114 ns, At safepoint: 30499 ns, Total: 139613 ns
[2020-09-11T12:52:36.854+0000][1][safepoint    ] Safepoint "RevokeBias", Time since last: 62920302 ns, Reaching safepoint: 106355 ns, At safepoint: 23706 ns, Total: 130061 ns
[2020-09-11T12:52:36.854+0000][1][safepoint    ] Safepoint "RevokeBias", Time since last: 62863 ns, Reaching safepoint: 80621 ns, At safepoint: 14510 ns, Total: 95131 ns
[2020-09-11T12:52:36.854+0000][1][safepoint    ] Safepoint "RevokeBias", Time since last: 37918 ns, Reaching safepoint: 80836 ns, At safepoint: 21929 ns, Total: 102765 ns
[2020-09-11T12:52:36.854+0000][1][safepoint    ] Safepoint "RevokeBias", Time since last: 37048 ns, Reaching safepoint: 79839 ns, At safepoint: 13402 ns, Total: 93241 ns
[2020-09-11T12:52:36.854+0000][1][safepoint    ] Safepoint "RevokeBias", Time since last: 37422 ns, Reaching safepoint: 88602 ns, At safepoint: 14729 ns, Total: 103331 ns
[2020-09-11T12:52:36.854+0000][1][safepoint    ] Safepoint "RevokeBias", Time since last: 38898 ns, Reaching safepoint: 94877 ns, At safepoint: 24078 ns, Total: 118955 ns
[2020-09-11T12:52:36.855+0000][1][safepoint    ] Safepoint "RevokeBias", Time since last: 48572 ns, Reaching safepoint: 78588 ns, At safepoint: 14690 ns, Total: 93278 ns
[2020-09-11T12:52:36.855+0000][1][safepoint    ] Safepoint "RevokeBias", Time since last: 35971 ns, Reaching safepoint: 78367 ns, At safepoint: 13588 ns, Total: 91955 ns
[2020-09-11T12:52:37.232+0000][1][safepoint    ] Safepoint "RevokeBias", Time since last: 376683034 ns, Reaching safepoint: 113442 ns, At safepoint: 30931 ns, Total: 144373 ns
[2020-09-11T12:52:37.396+0000][1][safepoint    ] Safepoint "RevokeBias", Time since last: 163889428 ns, Reaching safepoint: 130279 ns, At safepoint: 34936 ns, Total: 165215 ns
[2020-09-11T12:52:37.590+0000][1][safepoint    ] Safepoint "RevokeBias", Time since last: 186079836 ns, Reaching safepoint: 8749263 ns, At safepoint: 40003 ns, Total: 8789266 ns
[2020-09-11T12:52:37.591+0000][1][safepoint    ] Safepoint "RevokeBias", Time since last: 816754 ns, Reaching safepoint: 97316 ns, At safepoint: 24690 ns, Total: 122006 ns
[2020-09-11T12:52:37.592+0000][1][safepoint    ] Safepoint "RevokeBias", Time since last: 255138 ns, Reaching safepoint: 86794 ns, At safepoint: 18582 ns, Total: 105376 ns
[2020-09-11T12:52:37.615+0000][1][safepoint    ] Safepoint "RevokeBias", Time since last: 23158893 ns, Reaching safepoint: 221418 ns, At safepoint: 25878 ns, Total: 247296 ns
[2020-09-11T12:52:37.621+0000][1][safepoint    ] Safepoint "RevokeBias", Time since last: 165070 ns, Reaching safepoint: 5157957 ns, At safepoint: 56460 ns, Total: 5214417 ns
[2020-09-11T12:52:37.621+0000][1][safepoint    ] Safepoint "RevokeBias", Time since last: 282901 ns, Reaching safepoint: 159698 ns, At safepoint: 19706 ns, Total: 179404 ns
[2020-09-11T12:52:37.621+0000][1][safepoint    ] Safepoint "RevokeBias", Time since last: 191955 ns, Reaching safepoint: 95663 ns, At safepoint: 20063 ns, Total: 115726 ns
[2020-09-11T12:52:37.621+0000][1][safepoint    ] Safepoint "RevokeBias", Time since last: 40784 ns, Reaching safepoint: 86677 ns, At safepoint: 19554 ns, Total: 106231 ns
[2020-09-11T12:52:37.623+0000][1][safepoint    ] Safepoint "RevokeBias", Time since last: 98141 ns, Reaching safepoint: 1829305 ns, At safepoint: 36894 ns, Total: 1866199 ns
[2020-09-11T12:52:37.624+0000][1][safepoint    ] Safepoint "RevokeBias", Time since last: 316392 ns, Reaching safepoint: 88382 ns, At safepoint: 20799 ns, Total: 109181 ns
[2020-09-11T12:52:37.624+0000][1][safepoint    ] Safepoint "RevokeBias", Time since last: 36796 ns, Reaching safepoint: 86637 ns, At safepoint: 23955 ns, Total: 110592 ns
[2020-09-11T12:52:37.647+0000][1][safepoint    ] Safepoint "RevokeBias", Time since last: 13735839 ns, Reaching safepoint: 9007355 ns, At safepoint: 34363 ns, Total: 9041718 ns
[2020-09-11T12:52:37.648+0000][1][safepoint    ] Safepoint "RevokeBias", Time since last: 1519768 ns, Reaching safepoint: 103552 ns, At safepoint: 17516 ns, Total: 121068 ns
[2020-09-11T12:52:37.649+0000][1][safepoint    ] Safepoint "RevokeBias", Time since last: 51681 ns, Reaching safepoint: 87740 ns, At safepoint: 14128 ns, Total: 101868 ns
[2020-09-11T12:52:37.656+0000][1][safepoint    ] Safepoint "RevokeBias", Time since last: 7118017 ns, Reaching safepoint: 177720 ns, At safepoint: 24820 ns, Total: 202540 ns
[2020-09-11T12:52:37.656+0000][1][safepoint    ] Safepoint "RevokeBias", Time since last: 268448 ns, Reaching safepoint: 89257 ns, At safepoint: 17794 ns, Total: 107051 ns
[2020-09-11T12:52:37.660+0000][1][safepoint    ] Safepoint "RevokeBias", Time since last: 4054868 ns, Reaching safepoint: 113667 ns, At safepoint: 19270 ns, Total: 132937 ns
[2020-09-11T12:52:37.661+0000][1][safepoint    ] Safepoint "RevokeBias", Time since last: 793888 ns, Reaching safepoint: 92360 ns, At safepoint: 13314 ns, Total: 105674 ns
[2020-09-11T12:52:37.672+0000][1][safepoint    ] Safepoint "RevokeBias", Time since last: 2825486 ns, Reaching safepoint: 7257606 ns, At safepoint: 38340 ns, Total: 7295946 ns
[2020-09-11T12:52:37.672+0000][1][safepoint    ] Safepoint "BulkRevokeBias", Time since last: 139652 ns, Reaching safepoint: 96690 ns, At safepoint: 121029 ns, Total: 217719 ns
[2020-09-11T12:52:37.683+0000][1][safepoint    ] Safepoint "RevokeBias", Time since last: 11118126 ns, Reaching safepoint: 103108 ns, At safepoint: 17730 ns, Total: 120838 ns
[2020-09-11T12:52:37.683+0000][1][safepoint    ] Safepoint "RevokeBias", Time since last: 216821 ns, Reaching safepoint: 82045 ns, At safepoint: 12265 ns, Total: 94310 ns
[2020-09-11T12:52:37.684+0000][1][safepoint    ] Safepoint "RevokeBias", Time since last: 73020 ns, Reaching safepoint: 84033 ns, At safepoint: 11711 ns, Total: 95744 ns
[2020-09-11T12:52:37.684+0000][1][safepoint    ] Safepoint "RevokeBias", Time since last: 70176 ns, Reaching safepoint: 85668 ns, At safepoint: 11916 ns, Total: 97584 ns
[2020-09-11T12:52:37.708+0000][1][safepoint    ] Safepoint "RevokeBias", Time since last: 24397090 ns, Reaching safepoint: 104233 ns, At safepoint: 18088 ns, Total: 122321 ns
[2020-09-11T12:52:38.533+0000][1][safepoint    ] Safepoint "RevokeBias", Time since last: 824856080 ns, Reaching safepoint: 108593 ns, At safepoint: 18060 ns, Total: 126653 ns
[2020-09-11T12:52:38.577+0000][1][safepoint    ] Safepoint "RevokeBias", Time since last: 43409291 ns, Reaching safepoint: 112578 ns, At safepoint: 17065 ns, Total: 129643 ns
[2020-09-11T12:52:38.577+0000][1][safepoint    ] Safepoint "RevokeBias", Time since last: 382992 ns, Reaching safepoint: 87997 ns, At safepoint: 11421 ns, Total: 99418 ns
[2020-09-11T12:52:38.577+0000][1][safepoint    ] Safepoint "RevokeBias", Time since last: 79550 ns, Reaching safepoint: 86242 ns, At safepoint: 9880 ns, Total: 96122 ns
[2020-09-11T12:52:38.587+0000][1][safepoint    ] Safepoint "RevokeBias", Time since last: 2678520 ns, Reaching safepoint: 7324116 ns, At safepoint: 25204 ns, Total: 7349320 ns
[2020-09-11T12:52:38.588+0000][1][safepoint    ] Safepoint "RevokeBias", Time since last: 176543 ns, Reaching safepoint: 93321 ns, At safepoint: 10990 ns, Total: 104311 ns
[2020-09-11T12:52:39.579+0000][1][safepoint    ] Safepoint "RevokeBias", Time since last: 990923436 ns, Reaching safepoint: 37995 ns, At safepoint: 11837 ns, Total: 49832 ns
[2020-09-11T12:52:40.586+0000][1][safepoint    ] Safepoint "Cleanup", Time since last: 1007436431 ns, Reaching safepoint: 119697 ns, At safepoint: 6588 ns, Total: 126285 ns
[2020-09-11T12:52:40.593+0000][1][safepoint    ] Safepoint "RevokeBias", Time since last: 6690180 ns, Reaching safepoint: 36093 ns, At safepoint: 17879 ns, Total: 53972 ns
[2020-09-11T12:52:41.595+0000][1][safepoint    ] Safepoint "Cleanup", Time since last: 1002379314 ns, Reaching safepoint: 55574 ns, At safepoint: 4207 ns, Total: 59781 ns
[2020-09-11T12:52:42.596+0000][1][safepoint    ] Safepoint "Cleanup", Time since last: 1000106242 ns, Reaching safepoint: 51207 ns, At safepoint: 6061 ns, Total: 57268 ns
[2020-09-11T12:52:43.596+0000][1][safepoint    ] Safepoint "Cleanup", Time since last: 1000682558 ns, Reaching safepoint: 42842 ns, At safepoint: 6852 ns, Total: 49694 ns
[2020-09-11T12:52:44.597+0000][1][safepoint    ] Safepoint "Cleanup", Time since last: 1000179215 ns, Reaching safepoint: 69356 ns, At safepoint: 14280 ns, Total: 83636 ns
[2020-09-11T12:52:45.602+0000][1][safepoint    ] Safepoint "Cleanup", Time since last: 1004879306 ns, Reaching safepoint: 93290 ns, At safepoint: 14517 ns, Total: 107807 ns
[2020-09-11T12:52:46.581+0000][1][safepoint    ] Safepoint "BulkRevokeBias", Time since last: 979289678 ns, Reaching safepoint: 35995 ns, At safepoint: 99644 ns, Total: 135639 ns
[2020-09-11T12:52:46.583+0000][1][safepoint    ] Safepoint "BulkRevokeBias", Time since last: 1951745 ns, Reaching safepoint: 141271 ns, At safepoint: 106450 ns, Total: 247721 ns
[2020-09-11T12:52:47.588+0000][1][safepoint    ] Safepoint "Cleanup", Time since last: 1004148409 ns, Reaching safepoint: 117470 ns, At safepoint: 8859 ns, Total: 126329 ns
[2020-09-11T12:52:48.588+0000][1][safepoint    ] Safepoint "Cleanup", Time since last: 1000160131 ns, Reaching safepoint: 83737 ns, At safepoint: 6380 ns, Total: 90117 ns
[2020-09-11T12:52:48.590+0000][1][safepoint    ] Safepoint "RevokeBias", Time since last: 2484622 ns, Reaching safepoint: 145448 ns, At safepoint: 15837 ns, Total: 161285 ns
[2020-09-11T12:52:48.591+0000][1][safepoint    ] Safepoint "RevokeBias", Time since last: 79547 ns, Reaching safepoint: 131324 ns, At safepoint: 12398 ns, Total: 143722 ns
[2020-09-11T12:52:48.591+0000][1][safepoint    ] Safepoint "RevokeBias", Time since last: 75883 ns, Reaching safepoint: 138526 ns, At safepoint: 10965 ns, Total: 149491 ns
[2020-09-11T12:52:49.591+0000][1][safepoint    ] Safepoint "Cleanup", Time since last: 1000079431 ns, Reaching safepoint: 148516 ns, At safepoint: 7618 ns, Total: 156134 ns
[2020-09-11T12:52:50.591+0000][1][safepoint    ] Safepoint "Cleanup", Time since last: 1000092973 ns, Reaching safepoint: 35956 ns, At safepoint: 5693 ns, Total: 41649 ns
[2020-09-11T12:52:53.593+0000][1][safepoint    ] Safepoint "Cleanup", Time since last: 3001244832 ns, Reaching safepoint: 170287 ns, At safepoint: 16691 ns, Total: 186978 ns
[2020-09-11T12:52:56.592+0000][1][safepoint    ] Safepoint "BulkRevokeBias", Time since last: 2998725677 ns, Reaching safepoint: 151696 ns, At safepoint: 168700 ns, Total: 320396 ns
[2020-09-11T12:53:00.595+0000][1][safepoint    ] Safepoint "Cleanup", Time since last: 4002874869 ns, Reaching safepoint: 38033 ns, At safepoint: 5954 ns, Total: 43987 ns
[2020-09-11T12:53:01.595+0000][1][safepoint    ] Safepoint "Cleanup", Time since last: 1000121573 ns, Reaching safepoint: 427584 ns, At safepoint: 17974 ns, Total: 445558 ns
[2020-09-11T12:53:02.595+0000][1][safepoint    ] Safepoint "Cleanup", Time since last: 1000206686 ns, Reaching safepoint: 37008 ns, At safepoint: 6935 ns, Total: 43943 ns
[2020-09-11T12:53:03.598+0000][1][safepoint    ] Safepoint "Cleanup", Time since last: 1002720485 ns, Reaching safepoint: 123571 ns, At safepoint: 9360 ns, Total: 132931 ns
[2020-09-11T12:53:05.599+0000][1][safepoint    ] Safepoint "Cleanup", Time since last: 2000243182 ns, Reaching safepoint: 81854 ns, At safepoint: 6885 ns, Total: 88739 ns
[2020-09-11T12:53:06.599+0000][1][safepoint    ] Safepoint "Cleanup", Time since last: 1000136145 ns, Reaching safepoint: 87207 ns, At safepoint: 5148 ns, Total: 92355 ns
[2020-09-11T12:53:07.599+0000][1][safepoint    ] Safepoint "Cleanup", Time since last: 1000120592 ns, Reaching safepoint: 184944 ns, At safepoint: 20560 ns, Total: 205504 ns
[2020-09-11T12:53:07.689+0000][1][safepoint    ] Safepoint "RevokeBias", Time since last: 89370795 ns, Reaching safepoint: 164520 ns, At safepoint: 21862 ns, Total: 186382 ns
[2020-09-11T12:53:07.689+0000][1][safepoint    ] Safepoint "RevokeBias", Time since last: 96263 ns, Reaching safepoint: 146077 ns, At safepoint: 18318 ns, Total: 164395 ns
[2020-09-11T12:53:07.689+0000][1][safepoint    ] Safepoint "RevokeBias", Time since last: 57778 ns, Reaching safepoint: 155946 ns, At safepoint: 16926 ns, Total: 172872 ns
[2020-09-11T12:53:07.690+0000][1][safepoint    ] Safepoint "RevokeBias", Time since last: 244245 ns, Reaching safepoint: 142988 ns, At safepoint: 17095 ns, Total: 160083 ns
[2020-09-11T12:53:07.690+0000][1][safepoint    ] Safepoint "RevokeBias", Time since last: 61438 ns, Reaching safepoint: 140620 ns, At safepoint: 15831 ns, Total: 156451 ns
[2020-09-11T12:53:07.692+0000][1][safepoint    ] Safepoint "RevokeBias", Time since last: 1891275 ns, Reaching safepoint: 150233 ns, At safepoint: 19191 ns, Total: 169424 ns
[2020-09-11T12:53:07.692+0000][1][safepoint    ] Safepoint "RevokeBias", Time since last: 66714 ns, Reaching safepoint: 143856 ns, At safepoint: 15989 ns, Total: 159845 ns
[2020-09-11T12:53:07.692+0000][1][safepoint    ] Safepoint "RevokeBias", Time since last: 48734 ns, Reaching safepoint: 141893 ns, At safepoint: 15024 ns, Total: 156917 ns
[2020-09-11T12:53:07.693+0000][1][safepoint    ] Safepoint "RevokeBias", Time since last: 118822 ns, Reaching safepoint: 139422 ns, At safepoint: 15068 ns, Total: 154490 ns
[2020-09-11T12:53:07.693+0000][1][safepoint    ] Safepoint "RevokeBias", Time since last: 52920 ns, Reaching safepoint: 149126 ns, At safepoint: 14531 ns, Total: 163657 ns
[2020-09-11T12:53:08.693+0000][1][safepoint    ] Safepoint "Cleanup", Time since last: 1000114622 ns, Reaching safepoint: 95232 ns, At safepoint: 17500 ns, Total: 112732 ns
[2020-09-11T12:53:11.694+0000][1][safepoint    ] Safepoint "Cleanup", Time since last: 3000524941 ns, Reaching safepoint: 81387 ns, At safepoint: 7003 ns, Total: 88390 ns
[2020-09-11T12:53:13.694+0000][1][safepoint    ] Safepoint "Cleanup", Time since last: 2000308681 ns, Reaching safepoint: 98348 ns, At safepoint: 18727 ns, Total: 117075 ns
[2020-09-11T12:53:14.694+0000][1][safepoint    ] Safepoint "Cleanup", Time since last: 1000200733 ns, Reaching safepoint: 100527 ns, At safepoint: 16812 ns, Total: 117339 ns
[2020-09-11T12:53:15.695+0000][1][safepoint    ] Safepoint "Cleanup", Time since last: 1000178456 ns, Reaching safepoint: 100290 ns, At safepoint: 17019 ns, Total: 117309 ns
[2020-09-11T12:53:15.856+0000][1][safepoint    ] Safepoint "RevokeBias", Time since last: 160627762 ns, Reaching safepoint: 136012 ns, At safepoint: 42949 ns, Total: 178961 ns
[2020-09-11T12:53:16.004+0000][1][gc,start     ] GC(65) Pause Young (Allocation Failure)
[2020-09-11T12:53:16.004+0000][1][gc,task      ] GC(65) Using 1 workers of 1 for evacuation
[2020-09-11T12:53:16.033+0000][1][gc,age       ] GC(65) Desired survivor size 4358144 bytes, new threshold 2 (max threshold 6)
[2020-09-11T12:53:16.033+0000][1][gc,age       ] GC(65) Age table with threshold 2 (max threshold 6)
[2020-09-11T12:53:16.033+0000][1][gc,age       ] GC(65) - age   1:    1182472 bytes,    1182472 total
[2020-09-11T12:53:16.033+0000][1][gc,age       ] GC(65) - age   2:    3442936 bytes,    4625408 total
[2020-09-11T12:53:16.033+0000][1][gc,heap      ] GC(65) ParNew: 76268K->6193K(76672K)
[2020-09-11T12:53:16.033+0000][1][gc,heap      ] GC(65) CMS: 55957K->59522K(439104K)
[2020-09-11T12:53:16.033+0000][1][gc,metaspace ] GC(65) Metaspace: 70903K->70903K(1114112K)
[2020-09-11T12:53:16.033+0000][1][gc           ] GC(65) Pause Young (Allocation Failure) 129M->64M(503M) 29.199ms
[2020-09-11T12:53:16.033+0000][1][gc,cpu       ] GC(65) User=0.03s Sys=0.00s Real=0.02s
[2020-09-11T12:53:16.036+0000][1][safepoint    ] Safepoint "GenCollectForAllocation", Time since last: 148311577 ns, Reaching safepoint: 203029 ns, At safepoint: 32278029 ns, Total: 32481058 ns
[2020-09-11T12:53:17.042+0000][1][safepoint    ] Safepoint "Cleanup", Time since last: 1005913176 ns, Reaching safepoint: 92201 ns, At safepoint: 6096 ns, Total: 98297 ns
[2020-09-11T12:53:18.043+0000][1][safepoint    ] Safepoint "Cleanup", Time since last: 1000167274 ns, Reaching safepoint: 84385 ns, At safepoint: 6353 ns, Total: 90738 ns
[2020-09-11T12:53:18.887+0000][1][safepoint    ] Safepoint "RevokeBias", Time since last: 844218141 ns, Reaching safepoint: 166682 ns, At safepoint: 10492 ns, Total: 177174 ns
[2020-09-11T12:53:18.887+0000][1][safepoint    ] Safepoint "RevokeBias", Time since last: 146242 ns, Reaching safepoint: 152730 ns, At safepoint: 6472 ns, Total: 159202 ns
[2020-09-11T12:53:18.887+0000][1][safepoint    ] Safepoint "RevokeBias", Time since last: 51815 ns, Reaching safepoint: 104184 ns, At safepoint: 5801 ns, Total: 109985 ns
[2020-09-11T12:53:18.891+0000][1][safepoint    ] Safepoint "RevokeBias", Time since last: 3099899 ns, Reaching safepoint: 180589 ns, At safepoint: 8137 ns, Total: 188726 ns
[2020-09-11T12:53:18.891+0000][1][safepoint    ] Safepoint "RevokeBias", Time since last: 51383 ns, Reaching safepoint: 150491 ns, At safepoint: 6339 ns, Total: 156830 ns
[2020-09-11T12:53:18.892+0000][1][safepoint    ] Safepoint "RevokeBias", Time since last: 1159298 ns, Reaching safepoint: 147770 ns, At safepoint: 21428 ns, Total: 169198 ns
[2020-09-11T12:53:18.892+0000][1][safepoint    ] Safepoint "RevokeBias", Time since last: 62644 ns, Reaching safepoint: 115706 ns, At safepoint: 18843 ns, Total: 134549 ns
[2020-09-11T12:53:18.893+0000][1][safepoint    ] Safepoint "RevokeBias", Time since last: 500701 ns, Reaching safepoint: 149268 ns, At safepoint: 6234 ns, Total: 155502 ns
[2020-09-11T12:53:18.893+0000][1][safepoint    ] Safepoint "RevokeBias", Time since last: 32108 ns, Reaching safepoint: 145040 ns, At safepoint: 5673 ns, Total: 150713 ns
[2020-09-11T12:53:18.893+0000][1][safepoint    ] Safepoint "RevokeBias", Time since last: 32431 ns, Reaching safepoint: 129079 ns, At safepoint: 5559 ns, Total: 134638 ns
[2020-09-11T12:53:18.896+0000][1][safepoint    ] Safepoint "RevokeBias", Time since last: 2351917 ns, Reaching safepoint: 145988 ns, At safepoint: 6868 ns, Total: 152856 ns
[2020-09-11T12:53:18.896+0000][1][safepoint    ] Safepoint "RevokeBias", Time since last: 38353 ns, Reaching safepoint: 141973 ns, At safepoint: 5921 ns, Total: 147894 ns
[2020-09-11T12:53:18.896+0000][1][safepoint    ] Safepoint "RevokeBias", Time since last: 34940 ns, Reaching safepoint: 141701 ns, At safepoint: 5762 ns, Total: 147463 ns
[2020-09-11T12:53:18.897+0000][1][safepoint    ] Safepoint "RevokeBias", Time since last: 810954 ns, Reaching safepoint: 148680 ns, At safepoint: 5699 ns, Total: 154379 ns
[2020-09-11T12:53:18.897+0000][1][safepoint    ] Safepoint "RevokeBias", Time since last: 33588 ns, Reaching safepoint: 103709 ns, At safepoint: 4816 ns, Total: 108525 ns
[2020-09-11T12:53:18.898+0000][1][safepoint    ] Safepoint "RevokeBias", Time since last: 42271 ns, Reaching safepoint: 148448 ns, At safepoint: 4973 ns, Total: 153421 ns
[2020-09-11T12:53:18.900+0000][1][safepoint    ] Safepoint "RevokeBias", Time since last: 1926850 ns, Reaching safepoint: 166494 ns, At safepoint: 17132 ns, Total: 183626 ns
[2020-09-11T12:53:18.919+0000][1][safepoint    ] Safepoint "RevokeBias", Time since last: 18865225 ns, Reaching safepoint: 123877 ns, At safepoint: 9384 ns, Total: 133261 ns
[2020-09-11T12:53:18.919+0000][1][safepoint    ] Safepoint "RevokeBias", Time since last: 66650 ns, Reaching safepoint: 32830 ns, At safepoint: 5275 ns, Total: 38105 ns
[2020-09-11T12:53:18.958+0000][1][safepoint    ] Safepoint "Deoptimize", Time since last: 38917003 ns, Reaching safepoint: 165342 ns, At safepoint: 347582 ns, Total: 512924 ns
[2020-09-11T12:53:18.961+0000][1][safepoint    ] Safepoint "RevokeBias", Time since last: 2497603 ns, Reaching safepoint: 158797 ns, At safepoint: 8750 ns, Total: 167547 ns
[2020-09-11T12:53:18.968+0000][1][safepoint    ] Safepoint "RevokeBias", Time since last: 6646227 ns, Reaching safepoint: 130782 ns, At safepoint: 10780 ns, Total: 141562 ns
[2020-09-11T12:53:18.972+0000][1][safepoint    ] Safepoint "RevokeBias", Time since last: 3664572 ns, Reaching safepoint: 238107 ns, At safepoint: 9665 ns, Total: 247772 ns
[2020-09-11T12:53:18.972+0000][1][safepoint    ] Safepoint "RevokeBias", Time since last: 66941 ns, Reaching safepoint: 96980 ns, At safepoint: 5543 ns, Total: 102523 ns
[2020-09-11T12:53:18.972+0000][1][safepoint    ] Safepoint "RevokeBias", Time since last: 124160 ns, Reaching safepoint: 94371 ns, At safepoint: 4851 ns, Total: 99222 ns
[2020-09-11T12:53:18.972+0000][1][safepoint    ] Safepoint "RevokeBias", Time since last: 219023 ns, Reaching safepoint: 94427 ns, At safepoint: 4983 ns, Total: 99410 ns
[2020-09-11T12:53:18.973+0000][1][safepoint    ] Safepoint "RevokeBias", Time since last: 70908 ns, Reaching safepoint: 95206 ns, At safepoint: 5601 ns, Total: 100807 ns
[2020-09-11T12:53:18.973+0000][1][safepoint    ] Safepoint "RevokeBias", Time since last: 43135 ns, Reaching safepoint: 93502 ns, At safepoint: 4943 ns, Total: 98445 ns
[2020-09-11T12:53:18.973+0000][1][safepoint    ] Safepoint "RevokeBias", Time since last: 451593 ns, Reaching safepoint: 93993 ns, At safepoint: 5287 ns, Total: 99280 ns
[2020-09-11T12:53:18.974+0000][1][safepoint    ] Safepoint "BulkRevokeBias", Time since last: 170014 ns, Reaching safepoint: 102099 ns, At safepoint: 121612 ns, Total: 223711 ns
[2020-09-11T12:53:18.974+0000][1][safepoint    ] Safepoint "RevokeBias", Time since last: 366222 ns, Reaching safepoint: 138514 ns, At safepoint: 11928 ns, Total: 150442 ns
[2020-09-11T12:53:18.974+0000][1][safepoint    ] Safepoint "RevokeBias", Time since last: 122606 ns, Reaching safepoint: 144743 ns, At safepoint: 6218 ns, Total: 150961 ns
[2020-09-11T12:53:19.004+0000][1][safepoint    ] Safepoint "RevokeBias", Time since last: 28985769 ns, Reaching safepoint: 123141 ns, At safepoint: 7600 ns, Total: 130741 ns
[2020-09-11T12:53:19.004+0000][1][safepoint    ] Safepoint "RevokeBias", Time since last: 351270 ns, Reaching safepoint: 22100 ns, At safepoint: 4520 ns, Total: 26620 ns
[2020-09-11T12:53:19.010+0000][1][safepoint    ] Safepoint "RevokeBias", Time since last: 6031202 ns, Reaching safepoint: 156041 ns, At safepoint: 8094 ns, Total: 164135 ns
[2020-09-11T12:53:19.016+0000][1][safepoint    ] Safepoint "RevokeBias", Time since last: 5314116 ns, Reaching safepoint: 124377 ns, At safepoint: 8782 ns, Total: 133159 ns
[2020-09-11T12:53:19.016+0000][1][safepoint    ] Safepoint "RevokeBias", Time since last: 71904 ns, Reaching safepoint: 21688 ns, At safepoint: 4272 ns, Total: 25960 ns
[2020-09-11T12:53:19.019+0000][1][safepoint    ] Safepoint "RevokeBias", Time since last: 2733883 ns, Reaching safepoint: 108726 ns, At safepoint: 6698 ns, Total: 115424 ns
[2020-09-11T12:53:19.023+0000][1][safepoint    ] Safepoint "RevokeBias", Time since last: 4385757 ns, Reaching safepoint: 164764 ns, At safepoint: 8799 ns, Total: 173563 ns
[2020-09-11T12:53:19.028+0000][1][safepoint    ] Safepoint "RevokeBias", Time since last: 4611106 ns, Reaching safepoint: 165543 ns, At safepoint: 8044 ns, Total: 173587 ns
[2020-09-11T12:53:19.041+0000][1][safepoint    ] Safepoint "RevokeBias", Time since last: 12609706 ns, Reaching safepoint: 175168 ns, At safepoint: 9685 ns, Total: 184853 ns
[2020-09-11T12:53:19.049+0000][1][safepoint    ] Safepoint "RevokeBias", Time since last: 8058249 ns, Reaching safepoint: 172466 ns, At safepoint: 9314 ns, Total: 181780 ns
[2020-09-11T12:53:19.050+0000][1][safepoint    ] Safepoint "RevokeBias", Time since last: 887319 ns, Reaching safepoint: 152483 ns, At safepoint: 71346 ns, Total: 223829 ns
[2020-09-11T12:53:19.053+0000][1][safepoint    ] Safepoint "RevokeBias", Time since last: 2982633 ns, Reaching safepoint: 164157 ns, At safepoint: 14398 ns, Total: 178555 ns
[2020-09-11T12:53:20.053+0000][1][safepoint    ] Safepoint "Cleanup", Time since last: 1000164794 ns, Reaching safepoint: 80226 ns, At safepoint: 8413 ns, Total: 88639 ns
[2020-09-11T12:53:20.385+0000][1][safepoint    ] Safepoint "RevokeBias", Time since last: 331938839 ns, Reaching safepoint: 46236 ns, At safepoint: 17735 ns, Total: 63971 ns
[2020-09-11T12:53:20.386+0000][1][safepoint    ] Safepoint "RevokeBias", Time since last: 108089 ns, Reaching safepoint: 31727 ns, At safepoint: 12288 ns, Total: 44015 ns
[2020-09-11T12:53:20.386+0000][1][safepoint    ] Safepoint "RevokeBias", Time since last: 269763 ns, Reaching safepoint: 29510 ns, At safepoint: 10966 ns, Total: 40476 ns
[2020-09-11T12:53:20.386+0000][1][safepoint    ] Safepoint "RevokeBias", Time since last: 50930 ns, Reaching safepoint: 22580 ns, At safepoint: 9827 ns, Total: 32407 ns
[2020-09-11T12:53:21.386+0000][1][safepoint    ] Safepoint "Cleanup", Time since last: 1000152808 ns, Reaching safepoint: 109524 ns, At safepoint: 17754 ns, Total: 127278 ns
[2020-09-11T12:53:22.387+0000][1][safepoint    ] Safepoint "Cleanup", Time since last: 1000236984 ns, Reaching safepoint: 106908 ns, At safepoint: 17975 ns, Total: 124883 ns
[2020-09-11T12:53:23.387+0000][1][safepoint    ] Safepoint "Cleanup", Time since last: 1000217076 ns, Reaching safepoint: 98720 ns, At safepoint: 16554 ns, Total: 115274 ns
[2020-09-11T12:53:24.387+0000][1][safepoint    ] Safepoint "Cleanup", Time since last: 1000229756 ns, Reaching safepoint: 106350 ns, At safepoint: 17928 ns, Total: 124278 ns
[2020-09-11T12:53:25.388+0000][1][safepoint    ] Safepoint "Cleanup", Time since last: 1000179171 ns, Reaching safepoint: 95473 ns, At safepoint: 17333 ns, Total: 112806 ns
[2020-09-11T12:53:26.388+0000][1][safepoint    ] Safepoint "Cleanup", Time since last: 1000215549 ns, Reaching safepoint: 106808 ns, At safepoint: 17290 ns, Total: 124098 ns
[2020-09-11T12:53:27.388+0000][1][safepoint    ] Safepoint "Cleanup", Time since last: 1000152276 ns, Reaching safepoint: 62975 ns, At safepoint: 7065 ns, Total: 70040 ns
[2020-09-11T12:53:28.388+0000][1][safepoint    ] Safepoint "Cleanup", Time since last: 1000180554 ns, Reaching safepoint: 83105 ns, At safepoint: 6883 ns, Total: 89988 ns
[2020-09-11T12:53:29.389+0000][1][safepoint    ] Safepoint "Cleanup", Time since last: 1000182523 ns, Reaching safepoint: 91084 ns, At safepoint: 15336 ns, Total: 106420 ns
[2020-09-11T12:53:30.389+0000][1][safepoint    ] Safepoint "Cleanup", Time since last: 1000145170 ns, Reaching safepoint: 110179 ns, At safepoint: 16287 ns, Total: 126466 ns
[2020-09-11T12:53:31.389+0000][1][safepoint    ] Safepoint "Cleanup", Time since last: 1000173711 ns, Reaching safepoint: 109505 ns, At safepoint: 18028 ns, Total: 127533 ns
[2020-09-11T12:53:32.390+0000][1][safepoint    ] Safepoint "Cleanup", Time since last: 1000305695 ns, Reaching safepoint: 99742 ns, At safepoint: 16728 ns, Total: 116470 ns
[2020-09-11T12:53:33.390+0000][1][safepoint    ] Safepoint "Cleanup", Time since last: 1000302602 ns, Reaching safepoint: 53491 ns, At safepoint: 5911 ns, Total: 59402 ns
[2020-09-11T12:53:34.390+0000][1][safepoint    ] Safepoint "Cleanup", Time since last: 1000142133 ns, Reaching safepoint: 103417 ns, At safepoint: 16074 ns, Total: 119491 ns
[2020-09-11T12:53:35.391+0000][1][safepoint    ] Safepoint "Cleanup", Time since last: 1000288068 ns, Reaching safepoint: 100795 ns, At safepoint: 16701 ns, Total: 117496 ns
[2020-09-11T12:53:36.391+0000][1][safepoint    ] Safepoint "Cleanup", Time since last: 1000257075 ns, Reaching safepoint: 117847 ns, At safepoint: 16815 ns, Total: 134662 ns
[2020-09-11T12:53:37.391+0000][1][safepoint    ] Safepoint "Cleanup", Time since last: 1000299221 ns, Reaching safepoint: 50616 ns, At safepoint: 5953 ns, Total: 56569 ns
[2020-09-11T12:53:38.392+0000][1][safepoint    ] Safepoint "Cleanup", Time since last: 1000199955 ns, Reaching safepoint: 107192 ns, At safepoint: 16478 ns, Total: 123670 ns
[2020-09-11T12:53:39.392+0000][1][safepoint    ] Safepoint "Cleanup", Time since last: 1000346950 ns, Reaching safepoint: 49201 ns, At safepoint: 6049 ns, Total: 55250 ns
[2020-09-11T12:53:40.393+0000][1][safepoint    ] Safepoint "Cleanup", Time since last: 1000272993 ns, Reaching safepoint: 56229 ns, At safepoint: 6460 ns, Total: 62689 ns
[2020-09-11T12:53:41.393+0000][1][safepoint    ] Safepoint "Cleanup", Time since last: 1000281743 ns, Reaching safepoint: 56036 ns, At safepoint: 6721 ns, Total: 62757 ns
[2020-09-11T12:53:42.393+0000][1][safepoint    ] Safepoint "Cleanup", Time since last: 1000303601 ns, Reaching safepoint: 53203 ns, At safepoint: 6086 ns, Total: 59289 ns
[2020-09-11T12:53:43.394+0000][1][safepoint    ] Safepoint "Cleanup", Time since last: 1000286182 ns, Reaching safepoint: 55243 ns, At safepoint: 6276 ns, Total: 61519 ns
[2020-09-11T12:53:44.394+0000][1][safepoint    ] Safepoint "Cleanup", Time since last: 1000203284 ns, Reaching safepoint: 77061 ns, At safepoint: 6615 ns, Total: 83676 ns
[2020-09-11T12:53:45.394+0000][1][safepoint    ] Safepoint "Cleanup", Time since last: 1000354799 ns, Reaching safepoint: 97567 ns, At safepoint: 17190 ns, Total: 114757 ns
[2020-09-11T12:53:46.395+0000][1][safepoint    ] Safepoint "Cleanup", Time since last: 1000325603 ns, Reaching safepoint: 64332 ns, At safepoint: 6460 ns, Total: 70792 ns
[2020-09-11T12:53:47.395+0000][1][safepoint    ] Safepoint "Cleanup", Time since last: 1000304383 ns, Reaching safepoint: 54795 ns, At safepoint: 6714 ns, Total: 61509 ns
[2020-09-11T12:53:48.395+0000][1][safepoint    ] Safepoint "Cleanup", Time since last: 1000291399 ns, Reaching safepoint: 56625 ns, At safepoint: 6736 ns, Total: 63361 ns
[2020-09-11T12:53:49.396+0000][1][safepoint    ] Safepoint "Cleanup", Time since last: 1000361315 ns, Reaching safepoint: 109261 ns, At safepoint: 17296 ns, Total: 126557 ns
[2020-09-11T12:53:50.396+0000][1][safepoint    ] Safepoint "Cleanup", Time since last: 1000239147 ns, Reaching safepoint: 70468 ns, At safepoint: 6531 ns, Total: 76999 ns
[2020-09-11T12:53:51.397+0000][1][safepoint    ] Safepoint "Cleanup", Time since last: 1000273541 ns, Reaching safepoint: 55712 ns, At safepoint: 6569 ns, Total: 62281 ns
[2020-09-11T12:53:52.397+0000][1][safepoint    ] Safepoint "Cleanup", Time since last: 1000298755 ns, Reaching safepoint: 52886 ns, At safepoint: 6622 ns, Total: 59508 ns
[2020-09-11T12:53:53.397+0000][1][safepoint    ] Safepoint "Cleanup", Time since last: 1000245810 ns, Reaching safepoint: 62770 ns, At safepoint: 6303 ns, Total: 69073 ns
[2020-09-11T12:53:54.398+0000][1][safepoint    ] Safepoint "Cleanup", Time since last: 1000150507 ns, Reaching safepoint: 124027 ns, At safepoint: 15469 ns, Total: 139496 ns
[2020-09-11T12:53:55.398+0000][1][safepoint    ] Safepoint "Cleanup", Time since last: 1000223067 ns, Reaching safepoint: 84792 ns, At safepoint: 6658 ns, Total: 91450 ns
[2020-09-11T12:53:56.398+0000][1][safepoint    ] Safepoint "Cleanup", Time since last: 1000186594 ns, Reaching safepoint: 107620 ns, At safepoint: 16802 ns, Total: 124422 ns
[2020-09-11T12:53:57.400+0000][1][safepoint    ] Safepoint "Cleanup", Time since last: 1000214418 ns, Reaching safepoint: 1818316 ns, At safepoint: 18369 ns, Total: 1836685 ns
[2020-09-11T12:53:58.401+0000][1][safepoint    ] Safepoint "Cleanup", Time since last: 1000232760 ns, Reaching safepoint: 110307 ns, At safepoint: 17894 ns, Total: 128201 ns
[2020-09-11T12:53:59.401+0000][1][safepoint    ] Safepoint "Cleanup", Time since last: 1000228093 ns, Reaching safepoint: 78761 ns, At safepoint: 7138 ns, Total: 85899 ns
[2020-09-11T12:54:00.401+0000][1][safepoint    ] Safepoint "Cleanup", Time since last: 1000198351 ns, Reaching safepoint: 76115 ns, At safepoint: 7572 ns, Total: 83687 ns
[2020-09-11T12:54:01.401+0000][1][safepoint    ] Safepoint "Cleanup", Time since last: 1000169393 ns, Reaching safepoint: 92509 ns, At safepoint: 7794 ns, Total: 100303 ns
[2020-09-11T12:54:02.402+0000][1][safepoint    ] Safepoint "Cleanup", Time since last: 1000190964 ns, Reaching safepoint: 83136 ns, At safepoint: 7138 ns, Total: 90274 ns
[2020-09-11T12:54:03.402+0000][1][safepoint    ] Safepoint "Cleanup", Time since last: 1000130184 ns, Reaching safepoint: 72822 ns, At safepoint: 9162 ns, Total: 81984 ns
[2020-09-11T12:54:04.402+0000][1][safepoint    ] Safepoint "Cleanup", Time since last: 1000206563 ns, Reaching safepoint: 78569 ns, At safepoint: 6138 ns, Total: 84707 ns
[2020-09-11T12:54:05.403+0000][1][safepoint    ] Safepoint "Cleanup", Time since last: 1000193549 ns, Reaching safepoint: 87441 ns, At safepoint: 7323 ns, Total: 94764 ns
[2020-09-11T12:54:06.403+0000][1][safepoint    ] Safepoint "Cleanup", Time since last: 1000191027 ns, Reaching safepoint: 109888 ns, At safepoint: 17123 ns, Total: 127011 ns
[2020-09-11T12:54:07.403+0000][1][safepoint    ] Safepoint "Cleanup", Time since last: 1000226201 ns, Reaching safepoint: 120212 ns, At safepoint: 17671 ns, Total: 137883 ns
[2020-09-11T12:54:08.404+0000][1][safepoint    ] Safepoint "Cleanup", Time since last: 1000237482 ns, Reaching safepoint: 75918 ns, At safepoint: 7516 ns, Total: 83434 ns
[2020-09-11T12:54:09.404+0000][1][safepoint    ] Safepoint "Cleanup", Time since last: 1000189013 ns, Reaching safepoint: 154845 ns, At safepoint: 22178 ns, Total: 177023 ns
[2020-09-11T12:54:10.404+0000][1][safepoint    ] Safepoint "Cleanup", Time since last: 1000238683 ns, Reaching safepoint: 121472 ns, At safepoint: 17016 ns, Total: 138488 ns
[2020-09-11T12:54:11.405+0000][1][safepoint    ] Safepoint "Cleanup", Time since last: 1000244260 ns, Reaching safepoint: 107206 ns, At safepoint: 7350 ns, Total: 114556 ns
[2020-09-11T12:54:12.405+0000][1][safepoint    ] Safepoint "Cleanup", Time since last: 1000146029 ns, Reaching safepoint: 102222 ns, At safepoint: 7548 ns, Total: 109770 ns
[2020-09-11T12:54:13.405+0000][1][safepoint    ] Safepoint "Cleanup", Time since last: 1000182959 ns, Reaching safepoint: 120824 ns, At safepoint: 16949 ns, Total: 137773 ns
[2020-09-11T12:54:14.406+0000][1][safepoint    ] Safepoint "Cleanup", Time since last: 1000240190 ns, Reaching safepoint: 87026 ns, At safepoint: 7190 ns, Total: 94216 ns
[2020-09-11T12:54:15.243+0000][1][safepoint    ] Safepoint "RevokeBias", Time since last: 837150559 ns, Reaching safepoint: 99060 ns, At safepoint: 40757 ns, Total: 139817 ns
[2020-09-11T12:54:15.243+0000][1][safepoint    ] Safepoint "RevokeBias", Time since last: 181035 ns, Reaching safepoint: 51772 ns, At safepoint: 29896 ns, Total: 81668 ns
[2020-09-11T12:54:15.244+0000][1][safepoint    ] Safepoint "RevokeBias", Time since last: 544716 ns, Reaching safepoint: 55176 ns, At safepoint: 29411 ns, Total: 84587 ns
[2020-09-11T12:54:15.244+0000][1][safepoint    ] Safepoint "RevokeBias", Time since last: 125301 ns, Reaching safepoint: 51077 ns, At safepoint: 27336 ns, Total: 78413 ns
[2020-09-11T12:54:16.135+0000][1][gc,start     ] GC(66) Pause Young (Allocation Failure)
[2020-09-11T12:54:16.135+0000][1][gc,task      ] GC(66) Using 1 workers of 1 for evacuation
[2020-09-11T12:54:16.155+0000][1][gc,age       ] GC(66) Desired survivor size 4358144 bytes, new threshold 6 (max threshold 6)
[2020-09-11T12:54:16.155+0000][1][gc,age       ] GC(66) Age table with threshold 6 (max threshold 6)
[2020-09-11T12:54:16.155+0000][1][gc,age       ] GC(66) - age   1:     386968 bytes,     386968 total
[2020-09-11T12:54:16.155+0000][1][gc,age       ] GC(66) - age   2:    1140448 bytes,    1527416 total
[2020-09-11T12:54:16.155+0000][1][gc,heap      ] GC(66) ParNew: 74353K->4936K(76672K)
[2020-09-11T12:54:16.155+0000][1][gc,heap      ] GC(66) CMS: 59522K->63013K(439104K)
[2020-09-11T12:54:16.155+0000][1][gc,metaspace ] GC(66) Metaspace: 72676K->72676K(1116160K)
[2020-09-11T12:54:16.155+0000][1][gc           ] GC(66) Pause Young (Allocation Failure) 130M->66M(503M) 19.743ms
[2020-09-11T12:54:16.155+0000][1][gc,cpu       ] GC(66) User=0.02s Sys=0.00s Real=0.02s
[2020-09-11T12:54:16.155+0000][1][safepoint    ] Safepoint "GenCollectForAllocation", Time since last: 890799314 ns, Reaching safepoint: 178236 ns, At safepoint: 20367941 ns, Total: 20546177 ns
[2020-09-11T12:54:17.159+0000][1][safepoint    ] Safepoint "Cleanup", Time since last: 1003836145 ns, Reaching safepoint: 79330 ns, At safepoint: 7649 ns, Total: 86979 ns
[2020-09-11T12:54:18.159+0000][1][safepoint    ] Safepoint "Cleanup", Time since last: 1000115560 ns, Reaching safepoint: 62951 ns, At safepoint: 6245 ns, Total: 69196 ns
[2020-09-11T12:54:19.160+0000][1][safepoint    ] Safepoint "Cleanup", Time since last: 1000671183 ns, Reaching safepoint: 108920 ns, At safepoint: 14757 ns, Total: 123677 ns
[2020-09-11T12:54:20.161+0000][1][safepoint    ] Safepoint "Cleanup", Time since last: 1000320305 ns, Reaching safepoint: 61193 ns, At safepoint: 5995 ns, Total: 67188 ns
[2020-09-11T12:54:21.161+0000][1][safepoint    ] Safepoint "Cleanup", Time since last: 1000127185 ns, Reaching safepoint: 547501 ns, At safepoint: 7066 ns, Total: 554567 ns
[2020-09-11T12:54:22.162+0000][1][safepoint    ] Safepoint "Cleanup", Time since last: 1000165897 ns, Reaching safepoint: 117560 ns, At safepoint: 16691 ns, Total: 134251 ns
[2020-09-11T12:54:23.162+0000][1][safepoint    ] Safepoint "Cleanup", Time since last: 1000260024 ns, Reaching safepoint: 75227 ns, At safepoint: 8548 ns, Total: 83775 ns
[2020-09-11T12:54:24.162+0000][1][safepoint    ] Safepoint "Cleanup", Time since last: 1000172840 ns, Reaching safepoint: 89559 ns, At safepoint: 7434 ns, Total: 96993 ns
[2020-09-11T12:54:25.162+0000][1][safepoint    ] Safepoint "Cleanup", Time since last: 1000174704 ns, Reaching safepoint: 94758 ns, At safepoint: 8013 ns, Total: 102771 ns
[2020-09-11T12:54:26.163+0000][1][safepoint    ] Safepoint "Cleanup", Time since last: 1000149109 ns, Reaching safepoint: 96248 ns, At safepoint: 10005 ns, Total: 106253 ns
[2020-09-11T12:54:27.163+0000][1][safepoint    ] Safepoint "Cleanup", Time since last: 1000167872 ns, Reaching safepoint: 98510 ns, At safepoint: 6808 ns, Total: 105318 ns
[2020-09-11T12:54:28.163+0000][1][safepoint    ] Safepoint "Cleanup", Time since last: 1000135519 ns, Reaching safepoint: 129028 ns, At safepoint: 6098 ns, Total: 135126 ns
[2020-09-11T12:54:29.164+0000][1][safepoint    ] Safepoint "Cleanup", Time since last: 1000145116 ns, Reaching safepoint: 116703 ns, At safepoint: 6723 ns, Total: 123426 ns
[2020-09-11T12:54:30.164+0000][1][safepoint    ] Safepoint "Cleanup", Time since last: 1000177027 ns, Reaching safepoint: 91056 ns, At safepoint: 6659 ns, Total: 97715 ns
[2020-09-11T12:54:31.164+0000][1][safepoint    ] Safepoint "Cleanup", Time since last: 1000183005 ns, Reaching safepoint: 80344 ns, At safepoint: 7327 ns, Total: 87671 ns
[2020-09-11T12:54:32.164+0000][1][safepoint    ] Safepoint "Cleanup", Time since last: 1000189112 ns, Reaching safepoint: 89011 ns, At safepoint: 7340 ns, Total: 96351 ns
[2020-09-11T12:54:33.165+0000][1][safepoint    ] Safepoint "Cleanup", Time since last: 1000180072 ns, Reaching safepoint: 84091 ns, At safepoint: 7190 ns, Total: 91281 ns
[2020-09-11T12:54:34.165+0000][1][safepoint    ] Safepoint "Cleanup", Time since last: 1000201303 ns, Reaching safepoint: 106564 ns, At safepoint: 17654 ns, Total: 124218 ns
[2020-09-11T12:54:35.165+0000][1][safepoint    ] Safepoint "Cleanup", Time since last: 1000253779 ns, Reaching safepoint: 96053 ns, At safepoint: 7960 ns, Total: 104013 ns
[2020-09-11T12:54:36.166+0000][1][safepoint    ] Safepoint "Cleanup", Time since last: 1000176080 ns, Reaching safepoint: 108512 ns, At safepoint: 16150 ns, Total: 124662 ns
[2020-09-11T12:54:37.166+0000][1][safepoint    ] Safepoint "Cleanup", Time since last: 1000232905 ns, Reaching safepoint: 119017 ns, At safepoint: 18211 ns, Total: 137228 ns
[2020-09-11T12:54:38.166+0000][1][safepoint    ] Safepoint "Cleanup", Time since last: 1000188373 ns, Reaching safepoint: 97658 ns, At safepoint: 6894 ns, Total: 104552 ns
[2020-09-11T12:54:39.167+0000][1][safepoint    ] Safepoint "Cleanup", Time since last: 1000167795 ns, Reaching safepoint: 119971 ns, At safepoint: 7705 ns, Total: 127676 ns
[2020-09-11T12:54:40.167+0000][1][safepoint    ] Safepoint "Cleanup", Time since last: 1000196332 ns, Reaching safepoint: 108897 ns, At safepoint: 15926 ns, Total: 124823 ns
[2020-09-11T12:54:41.167+0000][1][safepoint    ] Safepoint "Cleanup", Time since last: 1000210021 ns, Reaching safepoint: 91853 ns, At safepoint: 7986 ns, Total: 99839 ns
[2020-09-11T12:54:42.168+0000][1][safepoint    ] Safepoint "Cleanup", Time since last: 1000238682 ns, Reaching safepoint: 82154 ns, At safepoint: 5980 ns, Total: 88134 ns
[2020-09-11T12:54:43.168+0000][1][safepoint    ] Safepoint "Cleanup", Time since last: 1000166728 ns, Reaching safepoint: 96419 ns, At safepoint: 7090 ns, Total: 103509 ns
[2020-09-11T12:54:44.168+0000][1][safepoint    ] Safepoint "Cleanup", Time since last: 1000149343 ns, Reaching safepoint: 106224 ns, At safepoint: 7019 ns, Total: 113243 ns
[2020-09-11T12:54:45.168+0000][1][safepoint    ] Safepoint "Cleanup", Time since last: 1000167959 ns, Reaching safepoint: 94207 ns, At safepoint: 7495 ns, Total: 101702 ns
[2020-09-11T12:54:46.169+0000][1][safepoint    ] Safepoint "Cleanup", Time since last: 1000110319 ns, Reaching safepoint: 81123 ns, At safepoint: 8038 ns, Total: 89161 ns
[2020-09-11T12:54:47.169+0000][1][safepoint    ] Safepoint "Cleanup", Time since last: 1000219599 ns, Reaching safepoint: 133951 ns, At safepoint: 17476 ns, Total: 151427 ns
[2020-09-11T12:54:48.169+0000][1][safepoint    ] Safepoint "Cleanup", Time since last: 1000227121 ns, Reaching safepoint: 120613 ns, At safepoint: 16812 ns, Total: 137425 ns
[2020-09-11T12:54:49.170+0000][1][safepoint    ] Safepoint "Cleanup", Time since last: 1000228967 ns, Reaching safepoint: 112545 ns, At safepoint: 17129 ns, Total: 129674 ns
[2020-09-11T12:54:50.170+0000][1][safepoint    ] Safepoint "Cleanup", Time since last: 1000416276 ns, Reaching safepoint: 94178 ns, At safepoint: 6724 ns, Total: 100902 ns
[2020-09-11T12:54:51.170+0000][1][safepoint    ] Safepoint "Cleanup", Time since last: 1000180088 ns, Reaching safepoint: 127993 ns, At safepoint: 17995 ns, Total: 145988 ns
[2020-09-11T12:54:52.171+0000][1][safepoint    ] Safepoint "Cleanup", Time since last: 1000218083 ns, Reaching safepoint: 102094 ns, At safepoint: 6890 ns, Total: 108984 ns
[2020-09-11T12:54:53.171+0000][1][safepoint    ] Safepoint "Cleanup", Time since last: 1000187315 ns, Reaching safepoint: 88900 ns, At safepoint: 7801 ns, Total: 96701 ns
[2020-09-11T12:54:54.171+0000][1][safepoint    ] Safepoint "Cleanup", Time since last: 1000198896 ns, Reaching safepoint: 75619 ns, At safepoint: 6803 ns, Total: 82422 ns
[2020-09-11T12:54:55.172+0000][1][safepoint    ] Safepoint "Cleanup", Time since last: 1000186064 ns, Reaching safepoint: 109812 ns, At safepoint: 16695 ns, Total: 126507 ns
[2020-09-11T12:54:56.172+0000][1][safepoint    ] Safepoint "Cleanup", Time since last: 1000245486 ns, Reaching safepoint: 75400 ns, At safepoint: 6441 ns, Total: 81841 ns
[2020-09-11T12:54:57.172+0000][1][safepoint    ] Safepoint "Cleanup", Time since last: 1000180434 ns, Reaching safepoint: 100863 ns, At safepoint: 7337 ns, Total: 108200 ns
[2020-09-11T12:54:58.173+0000][1][safepoint    ] Safepoint "Cleanup", Time since last: 1000182279 ns, Reaching safepoint: 105432 ns, At safepoint: 15893 ns, Total: 121325 ns
[2020-09-11T12:54:59.173+0000][1][safepoint    ] Safepoint "Cleanup", Time since last: 1000234398 ns, Reaching safepoint: 87590 ns, At safepoint: 7165 ns, Total: 94755 ns
[2020-09-11T12:55:00.173+0000][1][safepoint    ] Safepoint "Cleanup", Time since last: 1000199903 ns, Reaching safepoint: 92122 ns, At safepoint: 6620 ns, Total: 98742 ns
[2020-09-11T12:55:01.174+0000][1][safepoint    ] Safepoint "Cleanup", Time since last: 1000175791 ns, Reaching safepoint: 116825 ns, At safepoint: 16815 ns, Total: 133640 ns
[2020-09-11T12:55:02.174+0000][1][safepoint    ] Safepoint "Cleanup", Time since last: 1000210522 ns, Reaching safepoint: 125799 ns, At safepoint: 17604 ns, Total: 143403 ns
[2020-09-11T12:55:03.174+0000][1][safepoint    ] Safepoint "Cleanup", Time since last: 1000180176 ns, Reaching safepoint: 111427 ns, At safepoint: 6775 ns, Total: 118202 ns
[2020-09-11T12:55:04.174+0000][1][safepoint    ] Safepoint "Cleanup", Time since last: 1000145454 ns, Reaching safepoint: 112772 ns, At safepoint: 15111 ns, Total: 127883 ns
[2020-09-11T12:55:05.175+0000][1][safepoint    ] Safepoint "Cleanup", Time since last: 1000218114 ns, Reaching safepoint: 117286 ns, At safepoint: 16838 ns, Total: 134124 ns
[2020-09-11T12:55:06.175+0000][1][safepoint    ] Safepoint "Cleanup", Time since last: 1000200349 ns, Reaching safepoint: 105520 ns, At safepoint: 8904 ns, Total: 114424 ns
[2020-09-11T12:55:07.176+0000][1][safepoint    ] Safepoint "Cleanup", Time since last: 1000174954 ns, Reaching safepoint: 274566 ns, At safepoint: 17490 ns, Total: 292056 ns
[2020-09-11T12:55:08.176+0000][1][safepoint    ] Safepoint "Cleanup", Time since last: 1000251119 ns, Reaching safepoint: 88262 ns, At safepoint: 7738 ns, Total: 96000 ns
[2020-09-11T12:55:09.176+0000][1][safepoint    ] Safepoint "Cleanup", Time since last: 1000210458 ns, Reaching safepoint: 86958 ns, At safepoint: 6754 ns, Total: 93712 ns
[2020-09-11T12:55:10.177+0000][1][safepoint    ] Safepoint "Cleanup", Time since last: 1000203685 ns, Reaching safepoint: 88187 ns, At safepoint: 5991 ns, Total: 94178 ns
[2020-09-11T12:55:11.177+0000][1][safepoint    ] Safepoint "Cleanup", Time since last: 1000184799 ns, Reaching safepoint: 89260 ns, At safepoint: 7549 ns, Total: 96809 ns
[2020-09-11T12:55:12.177+0000][1][safepoint    ] Safepoint "Cleanup", Time since last: 1000146408 ns, Reaching safepoint: 105095 ns, At safepoint: 7299 ns, Total: 112394 ns
[2020-09-11T12:55:13.177+0000][1][safepoint    ] Safepoint "Cleanup", Time since last: 1000176880 ns, Reaching safepoint: 92620 ns, At safepoint: 7066 ns, Total: 99686 ns
[2020-09-11T12:55:14.178+0000][1][safepoint    ] Safepoint "Cleanup", Time since last: 1000149559 ns, Reaching safepoint: 104686 ns, At safepoint: 6883 ns, Total: 111569 ns
[2020-09-11T12:55:15.178+0000][1][safepoint    ] Safepoint "Cleanup", Time since last: 1000154294 ns, Reaching safepoint: 110517 ns, At safepoint: 16762 ns, Total: 127279 ns
[2020-09-11T12:55:16.178+0000][1][safepoint    ] Safepoint "Cleanup", Time since last: 1000222665 ns, Reaching safepoint: 90038 ns, At safepoint: 6598 ns, Total: 96636 ns
[2020-09-11T12:55:17.179+0000][1][safepoint    ] Safepoint "Cleanup", Time since last: 1000206993 ns, Reaching safepoint: 98562 ns, At safepoint: 7476 ns, Total: 106038 ns
[2020-09-11T12:55:18.179+0000][1][safepoint    ] Safepoint "Cleanup", Time since last: 1000191807 ns, Reaching safepoint: 75708 ns, At safepoint: 6489 ns, Total: 82197 ns
[2020-09-11T12:55:19.179+0000][1][safepoint    ] Safepoint "Cleanup", Time since last: 1000206722 ns, Reaching safepoint: 76443 ns, At safepoint: 7662 ns, Total: 84105 ns
[2020-09-11T12:55:20.179+0000][1][safepoint    ] Safepoint "Cleanup", Time since last: 1000144301 ns, Reaching safepoint: 120456 ns, At safepoint: 76809 ns, Total: 197265 ns
[2020-09-11T12:55:21.180+0000][1][safepoint    ] Safepoint "Cleanup", Time since last: 1000222046 ns, Reaching safepoint: 93845 ns, At safepoint: 7336 ns, Total: 101181 ns
[2020-09-11T12:55:21.240+0000][1][gc,start     ] GC(67) Pause Young (Allocation Failure)
[2020-09-11T12:55:21.241+0000][1][gc,task      ] GC(67) Using 1 workers of 1 for evacuation
[2020-09-11T12:55:21.248+0000][1][gc,age       ] GC(67) Desired survivor size 4358144 bytes, new threshold 6 (max threshold 6)
[2020-09-11T12:55:21.248+0000][1][gc,age       ] GC(67) Age table with threshold 6 (max threshold 6)
[2020-09-11T12:55:21.248+0000][1][gc,age       ] GC(67) - age   1:      10272 bytes,      10272 total
[2020-09-11T12:55:21.248+0000][1][gc,age       ] GC(67) - age   2:     373608 bytes,     383880 total
[2020-09-11T12:55:21.248+0000][1][gc,age       ] GC(67) - age   3:    1140432 bytes,    1524312 total
[2020-09-11T12:55:21.248+0000][1][gc,heap      ] GC(67) ParNew: 73096K->1606K(76672K)
[2020-09-11T12:55:21.248+0000][1][gc,heap      ] GC(67) CMS: 63013K->63013K(439104K)
[2020-09-11T12:55:21.248+0000][1][gc,metaspace ] GC(67) Metaspace: 72940K->72940K(1116160K)
[2020-09-11T12:55:21.248+0000][1][gc           ] GC(67) Pause Young (Allocation Failure) 132M->63M(503M) 7.816ms
[2020-09-11T12:55:21.248+0000][1][gc,cpu       ] GC(67) User=0.01s Sys=0.00s Real=0.01s
[2020-09-11T12:55:21.248+0000][1][safepoint    ] Safepoint "GenCollectForAllocation", Time since last: 60537277 ns, Reaching safepoint: 174769 ns, At safepoint: 7876833 ns, Total: 8051602 ns
[2020-09-11T12:55:22.249+0000][1][safepoint    ] Safepoint "Cleanup", Time since last: 1001023108 ns, Reaching safepoint: 59310 ns, At safepoint: 16267 ns, Total: 75577 ns
[2020-09-11T12:55:23.250+0000][1][safepoint    ] Safepoint "Cleanup", Time since last: 1000386876 ns, Reaching safepoint: 61480 ns, At safepoint: 5580 ns, Total: 67060 ns
[2020-09-11T12:55:24.250+0000][1][safepoint    ] Safepoint "Cleanup", Time since last: 1000357566 ns, Reaching safepoint: 58319 ns, At safepoint: 6324 ns, Total: 64643 ns
[2020-09-11T12:55:25.251+0000][1][safepoint    ] Safepoint "Cleanup", Time since last: 1000118562 ns, Reaching safepoint: 168054 ns, At safepoint: 6243 ns, Total: 174297 ns
[2020-09-11T12:55:26.251+0000][1][safepoint    ] Safepoint "Cleanup", Time since last: 1000102115 ns, Reaching safepoint: 55690 ns, At safepoint: 6162 ns, Total: 61852 ns
[2020-09-11T12:55:27.251+0000][1][safepoint    ] Safepoint "Cleanup", Time since last: 1000150023 ns, Reaching safepoint: 106915 ns, At safepoint: 6330 ns, Total: 113245 ns
[2020-09-11T12:55:28.251+0000][1][safepoint    ] Safepoint "Cleanup", Time since last: 1000165280 ns, Reaching safepoint: 95984 ns, At safepoint: 6855 ns, Total: 102839 ns
[2020-09-11T12:55:29.252+0000][1][safepoint    ] Safepoint "Cleanup", Time since last: 1000169496 ns, Reaching safepoint: 127399 ns, At safepoint: 16731 ns, Total: 144130 ns
[2020-09-11T12:55:30.252+0000][1][safepoint    ] Safepoint "Cleanup", Time since last: 1000236817 ns, Reaching safepoint: 124218 ns, At safepoint: 17236 ns, Total: 141454 ns
[2020-09-11T12:55:31.252+0000][1][safepoint    ] Safepoint "Cleanup", Time since last: 1000226111 ns, Reaching safepoint: 93947 ns, At safepoint: 6480 ns, Total: 100427 ns
[2020-09-11T12:55:32.253+0000][1][safepoint    ] Safepoint "Cleanup", Time since last: 1000168975 ns, Reaching safepoint: 93286 ns, At safepoint: 7071 ns, Total: 100357 ns
[2020-09-11T12:55:33.253+0000][1][safepoint    ] Safepoint "Cleanup", Time since last: 1000189117 ns, Reaching safepoint: 78705 ns, At safepoint: 6146 ns, Total: 84851 ns
[2020-09-11T12:55:34.253+0000][1][safepoint    ] Safepoint "Cleanup", Time since last: 1000140161 ns, Reaching safepoint: 110343 ns, At safepoint: 14630 ns, Total: 124973 ns
[2020-09-11T12:55:35.253+0000][1][safepoint    ] Safepoint "Cleanup", Time since last: 1000174336 ns, Reaching safepoint: 117910 ns, At safepoint: 6058 ns, Total: 123968 ns
[2020-09-11T12:55:36.254+0000][1][safepoint    ] Safepoint "Cleanup", Time since last: 1000134748 ns, Reaching safepoint: 117086 ns, At safepoint: 14109 ns, Total: 131195 ns
[2020-09-11T12:55:37.254+0000][1][safepoint    ] Safepoint "Cleanup", Time since last: 1000209664 ns, Reaching safepoint: 107800 ns, At safepoint: 16308 ns, Total: 124108 ns
[2020-09-11T12:55:38.254+0000][1][safepoint    ] Safepoint "Cleanup", Time since last: 1000247338 ns, Reaching safepoint: 100976 ns, At safepoint: 7070 ns, Total: 108046 ns
[2020-09-11T12:55:39.255+0000][1][safepoint    ] Safepoint "Cleanup", Time since last: 1000174524 ns, Reaching safepoint: 86416 ns, At safepoint: 6247 ns, Total: 92663 ns
[2020-09-11T12:55:40.255+0000][1][safepoint    ] Safepoint "Cleanup", Time since last: 1000200733 ns, Reaching safepoint: 89535 ns, At safepoint: 6589 ns, Total: 96124 ns
[2020-09-11T12:55:41.255+0000][1][safepoint    ] Safepoint "Cleanup", Time since last: 1000192408 ns, Reaching safepoint: 138608 ns, At safepoint: 19391 ns, Total: 157999 ns
[2020-09-11T12:55:42.256+0000][1][safepoint    ] Safepoint "Cleanup", Time since last: 1000254957 ns, Reaching safepoint: 111255 ns, At safepoint: 16742 ns, Total: 127997 ns
[2020-09-11T12:55:43.256+0000][1][safepoint    ] Safepoint "Cleanup", Time since last: 1000231837 ns, Reaching safepoint: 114295 ns, At safepoint: 17133 ns, Total: 131428 ns
[2020-09-11T12:55:44.256+0000][1][safepoint    ] Safepoint "Cleanup", Time since last: 1000238610 ns, Reaching safepoint: 94360 ns, At safepoint: 7443 ns, Total: 101803 ns
[2020-09-11T12:55:45.257+0000][1][safepoint    ] Safepoint "Cleanup", Time since last: 1000194128 ns, Reaching safepoint: 80390 ns, At safepoint: 6014 ns, Total: 86404 ns
[2020-09-11T12:55:46.257+0000][1][safepoint    ] Safepoint "Cleanup", Time since last: 1000202512 ns, Reaching safepoint: 98045 ns, At safepoint: 7362 ns, Total: 105407 ns
[2020-09-11T12:55:47.257+0000][1][safepoint    ] Safepoint "Cleanup", Time since last: 1000152137 ns, Reaching safepoint: 114765 ns, At safepoint: 5829 ns, Total: 120594 ns
[2020-09-11T12:55:48.258+0000][1][safepoint    ] Safepoint "Cleanup", Time since last: 1000205372 ns, Reaching safepoint: 81930 ns, At safepoint: 7278 ns, Total: 89208 ns
[2020-09-11T12:55:49.258+0000][1][safepoint    ] Safepoint "Cleanup", Time since last: 1000165313 ns, Reaching safepoint: 100865 ns, At safepoint: 6687 ns, Total: 107552 ns
[2020-09-11T12:55:50.258+0000][1][safepoint    ] Safepoint "Cleanup", Time since last: 1000181900 ns, Reaching safepoint: 90247 ns, At safepoint: 6764 ns, Total: 97011 ns
[2020-09-11T12:55:51.258+0000][1][safepoint    ] Safepoint "Cleanup", Time since last: 1000176641 ns, Reaching safepoint: 126434 ns, At safepoint: 17460 ns, Total: 143894 ns
[2020-09-11T12:55:52.259+0000][1][safepoint    ] Safepoint "Cleanup", Time since last: 1000224799 ns, Reaching safepoint: 136867 ns, At safepoint: 12142 ns, Total: 149009 ns
[2020-09-11T12:55:53.259+0000][1][safepoint    ] Safepoint "Cleanup", Time since last: 1000212350 ns, Reaching safepoint: 126484 ns, At safepoint: 16845 ns, Total: 143329 ns
[2020-09-11T12:55:54.260+0000][1][safepoint    ] Safepoint "Cleanup", Time since last: 1000265735 ns, Reaching safepoint: 81726 ns, At safepoint: 6810 ns, Total: 88536 ns
[2020-09-11T12:55:55.260+0000][1][safepoint    ] Safepoint "Cleanup", Time since last: 1000213030 ns, Reaching safepoint: 80534 ns, At safepoint: 5958 ns, Total: 86492 ns
[2020-09-11T12:55:56.260+0000][1][safepoint    ] Safepoint "Cleanup", Time since last: 1000154339 ns, Reaching safepoint: 192551 ns, At safepoint: 19649 ns, Total: 212200 ns
[2020-09-11T12:55:57.260+0000][1][safepoint    ] Safepoint "Cleanup", Time since last: 1000212251 ns, Reaching safepoint: 96461 ns, At safepoint: 7292 ns, Total: 103753 ns
[2020-09-11T12:55:58.261+0000][1][safepoint    ] Safepoint "Cleanup", Time since last: 1000160388 ns, Reaching safepoint: 99857 ns, At safepoint: 7398 ns, Total: 107255 ns
[2020-09-11T12:55:59.261+0000][1][safepoint    ] Safepoint "Cleanup", Time since last: 1000176400 ns, Reaching safepoint: 91104 ns, At safepoint: 6470 ns, Total: 97574 ns
[2020-09-11T12:56:00.261+0000][1][safepoint    ] Safepoint "Cleanup", Time since last: 1000193727 ns, Reaching safepoint: 83188 ns, At safepoint: 6240 ns, Total: 89428 ns
[2020-09-11T12:56:01.262+0000][1][safepoint    ] Safepoint "Cleanup", Time since last: 1000154254 ns, Reaching safepoint: 92053 ns, At safepoint: 6377 ns, Total: 98430 ns
[2020-09-11T12:56:02.262+0000][1][safepoint    ] Safepoint "Cleanup", Time since last: 1000210255 ns, Reaching safepoint: 97864 ns, At safepoint: 7967 ns, Total: 105831 ns
[2020-09-11T12:56:03.262+0000][1][safepoint    ] Safepoint "Cleanup", Time since last: 1000171820 ns, Reaching safepoint: 90217 ns, At safepoint: 6087 ns, Total: 96304 ns
[2020-09-11T12:56:04.262+0000][1][safepoint    ] Safepoint "Cleanup", Time since last: 1000176389 ns, Reaching safepoint: 86683 ns, At safepoint: 7011 ns, Total: 93694 ns
[2020-09-11T12:56:05.263+0000][1][safepoint    ] Safepoint "Cleanup", Time since last: 1000182119 ns, Reaching safepoint: 89770 ns, At safepoint: 7609 ns, Total: 97379 ns
[2020-09-11T12:56:06.263+0000][1][safepoint    ] Safepoint "Cleanup", Time since last: 1000177866 ns, Reaching safepoint: 115304 ns, At safepoint: 17227 ns, Total: 132531 ns
[2020-09-11T12:56:07.263+0000][1][safepoint    ] Safepoint "Cleanup", Time since last: 1000174632 ns, Reaching safepoint: 109890 ns, At safepoint: 6671 ns, Total: 116561 ns
[2020-09-11T12:56:08.264+0000][1][safepoint    ] Safepoint "Cleanup", Time since last: 1000169331 ns, Reaching safepoint: 95699 ns, At safepoint: 6916 ns, Total: 102615 ns
[2020-09-11T12:56:09.264+0000][1][safepoint    ] Safepoint "Cleanup", Time since last: 1000193799 ns, Reaching safepoint: 154164 ns, At safepoint: 17500 ns, Total: 171664 ns
[2020-09-11T12:56:10.264+0000][1][safepoint    ] Safepoint "Cleanup", Time since last: 1000190895 ns, Reaching safepoint: 118218 ns, At safepoint: 17567 ns, Total: 135785 ns
[2020-09-11T12:56:11.265+0000][1][safepoint    ] Safepoint "Cleanup", Time since last: 1000205414 ns, Reaching safepoint: 91455 ns, At safepoint: 6895 ns, Total: 98350 ns
[2020-09-11T12:56:12.265+0000][1][safepoint    ] Safepoint "Cleanup", Time since last: 1000121749 ns, Reaching safepoint: 72380 ns, At safepoint: 9690 ns, Total: 82070 ns
[2020-09-11T12:56:13.265+0000][1][safepoint    ] Safepoint "Cleanup", Time since last: 1000113646 ns, Reaching safepoint: 63832 ns, At safepoint: 7677 ns, Total: 71509 ns
[2020-09-11T12:56:14.265+0000][1][safepoint    ] Safepoint "Cleanup", Time since last: 1000114369 ns, Reaching safepoint: 63425 ns, At safepoint: 8156 ns, Total: 71581 ns
[2020-09-11T12:56:15.265+0000][1][safepoint    ] Safepoint "Cleanup", Time since last: 1000113071 ns, Reaching safepoint: 67746 ns, At safepoint: 8152 ns, Total: 75898 ns
[2020-09-11T12:56:16.266+0000][1][safepoint    ] Safepoint "Cleanup", Time since last: 1000113142 ns, Reaching safepoint: 65471 ns, At safepoint: 6820 ns, Total: 72291 ns
[2020-09-11T12:56:17.266+0000][1][safepoint    ] Safepoint "Cleanup", Time since last: 1000120898 ns, Reaching safepoint: 64978 ns, At safepoint: 6941 ns, Total: 71919 ns
[2020-09-11T12:56:18.266+0000][1][safepoint    ] Safepoint "Cleanup", Time since last: 1000113038 ns, Reaching safepoint: 66364 ns, At safepoint: 9137 ns, Total: 75501 ns
[2020-09-11T12:56:19.266+0000][1][safepoint    ] Safepoint "Cleanup", Time since last: 1000120090 ns, Reaching safepoint: 61089 ns, At safepoint: 6381 ns, Total: 67470 ns
[2020-09-11T12:56:20.266+0000][1][safepoint    ] Safepoint "Cleanup", Time since last: 1000116701 ns, Reaching safepoint: 66432 ns, At safepoint: 16228 ns, Total: 82660 ns
[2020-09-11T12:56:21.266+0000][1][safepoint    ] Safepoint "Cleanup", Time since last: 1000122398 ns, Reaching safepoint: 64672 ns, At safepoint: 6248 ns, Total: 70920 ns
[2020-09-11T12:56:22.267+0000][1][safepoint    ] Safepoint "Cleanup", Time since last: 1000112456 ns, Reaching safepoint: 61654 ns, At safepoint: 7113 ns, Total: 68767 ns
[2020-09-11T12:56:23.267+0000][1][safepoint    ] Safepoint "Cleanup", Time since last: 1000107823 ns, Reaching safepoint: 59107 ns, At safepoint: 6118 ns, Total: 65225 ns
[2020-09-11T12:56:24.267+0000][1][safepoint    ] Safepoint "Cleanup", Time since last: 1000120673 ns, Reaching safepoint: 67855 ns, At safepoint: 10358 ns, Total: 78213 ns
[2020-09-11T12:56:25.267+0000][1][safepoint    ] Safepoint "Cleanup", Time since last: 1000125395 ns, Reaching safepoint: 61221 ns, At safepoint: 7430 ns, Total: 68651 ns
[2020-09-11T12:56:26.267+0000][1][safepoint    ] Safepoint "Cleanup", Time since last: 1000128897 ns, Reaching safepoint: 74656 ns, At safepoint: 14575 ns, Total: 89231 ns
[2020-09-11T12:56:27.268+0000][1][safepoint    ] Safepoint "Cleanup", Time since last: 1000120651 ns, Reaching safepoint: 68315 ns, At safepoint: 7238 ns, Total: 75553 ns
[2020-09-11T12:56:28.268+0000][1][safepoint    ] Safepoint "Cleanup", Time since last: 1000114336 ns, Reaching safepoint: 62316 ns, At safepoint: 6571 ns, Total: 68887 ns
[2020-09-11T12:56:29.268+0000][1][safepoint    ] Safepoint "Cleanup", Time since last: 1000112483 ns, Reaching safepoint: 58278 ns, At safepoint: 7557 ns, Total: 65835 ns
[2020-09-11T12:56:30.268+0000][1][safepoint    ] Safepoint "Cleanup", Time since last: 1000095120 ns, Reaching safepoint: 71388 ns, At safepoint: 6551 ns, Total: 77939 ns
[2020-09-11T12:56:31.268+0000][1][safepoint    ] Safepoint "Cleanup", Time since last: 1000108368 ns, Reaching safepoint: 59570 ns, At safepoint: 7241 ns, Total: 66811 ns
[2020-09-11T12:56:31.336+0000][1][gc,start     ] GC(68) Pause Young (Allocation Failure)
[2020-09-11T12:56:31.336+0000][1][gc,task      ] GC(68) Using 1 workers of 1 for evacuation
[2020-09-11T12:56:31.350+0000][1][gc,age       ] GC(68) Desired survivor size 4358144 bytes, new threshold 6 (max threshold 6)
[2020-09-11T12:56:31.350+0000][1][gc,age       ] GC(68) Age table with threshold 6 (max threshold 6)
[2020-09-11T12:56:31.350+0000][1][gc,age       ] GC(68) - age   1:      18848 bytes,      18848 total
[2020-09-11T12:56:31.350+0000][1][gc,age       ] GC(68) - age   2:       4560 bytes,      23408 total
[2020-09-11T12:56:31.350+0000][1][gc,age       ] GC(68) - age   3:     373520 bytes,     396928 total
[2020-09-11T12:56:31.350+0000][1][gc,age       ] GC(68) - age   4:    1140400 bytes,    1537328 total
[2020-09-11T12:56:31.351+0000][1][gc,heap      ] GC(68) ParNew: 69766K->1518K(76672K)
[2020-09-11T12:56:31.351+0000][1][gc,heap      ] GC(68) CMS: 63013K->63013K(439104K)
[2020-09-11T12:56:31.351+0000][1][gc,metaspace ] GC(68) Metaspace: 73154K->73154K(1116160K)
[2020-09-11T12:56:31.351+0000][1][gc           ] GC(68) Pause Young (Allocation Failure) 129M->63M(503M) 14.636ms
[2020-09-11T12:56:31.351+0000][1][gc,cpu       ] GC(68) User=0.01s Sys=0.00s Real=0.01s
[2020-09-11T12:56:31.351+0000][1][safepoint    ] Safepoint "GenCollectForAllocation", Time since last: 67417978 ns, Reaching safepoint: 127169 ns, At safepoint: 14720925 ns, Total: 14848094 ns
[2020-09-11T12:56:32.358+0000][1][safepoint    ] Safepoint "Cleanup", Time since last: 1007628037 ns, Reaching safepoint: 72193 ns, At safepoint: 19559 ns, Total: 91752 ns
[2020-09-11T12:56:33.359+0000][1][safepoint    ] Safepoint "Cleanup", Time since last: 1000115297 ns, Reaching safepoint: 63731 ns, At safepoint: 16850 ns, Total: 80581 ns
[2020-09-11T12:56:34.359+0000][1][safepoint    ] Safepoint "Cleanup", Time since last: 1000112922 ns, Reaching safepoint: 85570 ns, At safepoint: 19628 ns, Total: 105198 ns
[2020-09-11T12:56:35.359+0000][1][safepoint    ] Safepoint "Cleanup", Time since last: 1000107832 ns, Reaching safepoint: 72327 ns, At safepoint: 8079 ns, Total: 80406 ns
[2020-09-11T12:56:36.359+0000][1][safepoint    ] Safepoint "Cleanup", Time since last: 1000102700 ns, Reaching safepoint: 55149 ns, At safepoint: 7603 ns, Total: 62752 ns
[2020-09-11T12:56:37.359+0000][1][safepoint    ] Safepoint "Cleanup", Time since last: 1000106670 ns, Reaching safepoint: 64505 ns, At safepoint: 6452 ns, Total: 70957 ns
[2020-09-11T12:56:38.359+0000][1][safepoint    ] Safepoint "Cleanup", Time since last: 1000120106 ns, Reaching safepoint: 67586 ns, At safepoint: 6853 ns, Total: 74439 ns
[2020-09-11T12:56:39.360+0000][1][safepoint    ] Safepoint "Cleanup", Time since last: 1000102083 ns, Reaching safepoint: 60063 ns, At safepoint: 6775 ns, Total: 66838 ns
[2020-09-11T12:56:40.360+0000][1][safepoint    ] Safepoint "Cleanup", Time since last: 1000107565 ns, Reaching safepoint: 59888 ns, At safepoint: 5783 ns, Total: 65671 ns
[2020-09-11T12:56:41.360+0000][1][safepoint    ] Safepoint "Cleanup", Time since last: 1000102806 ns, Reaching safepoint: 59087 ns, At safepoint: 5568 ns, Total: 64655 ns
[2020-09-11T12:56:42.360+0000][1][safepoint    ] Safepoint "Cleanup", Time since last: 1000103811 ns, Reaching safepoint: 61793 ns, At safepoint: 6161 ns, Total: 67954 ns
[2020-09-11T12:56:43.360+0000][1][safepoint    ] Safepoint "Cleanup", Time since last: 1000135223 ns, Reaching safepoint: 60943 ns, At safepoint: 6284 ns, Total: 67227 ns
[2020-09-11T12:56:44.361+0000][1][safepoint    ] Safepoint "Cleanup", Time since last: 1000111963 ns, Reaching safepoint: 60146 ns, At safepoint: 7129 ns, Total: 67275 ns
[2020-09-11T12:56:45.361+0000][1][safepoint    ] Safepoint "Cleanup", Time since last: 1000110493 ns, Reaching safepoint: 60531 ns, At safepoint: 7170 ns, Total: 67701 ns
[2020-09-11T12:56:46.361+0000][1][safepoint    ] Safepoint "Cleanup", Time since last: 1000104991 ns, Reaching safepoint: 58158 ns, At safepoint: 5938 ns, Total: 64096 ns
[2020-09-11T12:56:47.361+0000][1][safepoint    ] Safepoint "Cleanup", Time since last: 1000105075 ns, Reaching safepoint: 76593 ns, At safepoint: 6937 ns, Total: 83530 ns
[2020-09-11T12:56:48.361+0000][1][safepoint    ] Safepoint "Cleanup", Time since last: 1000101004 ns, Reaching safepoint: 78320 ns, At safepoint: 7129 ns, Total: 85449 ns
[2020-09-11T12:56:49.362+0000][1][safepoint    ] Safepoint "Cleanup", Time since last: 1000150078 ns, Reaching safepoint: 111052 ns, At safepoint: 15940 ns, Total: 126992 ns
[2020-09-11T12:56:50.362+0000][1][safepoint    ] Safepoint "Cleanup", Time since last: 1000235191 ns, Reaching safepoint: 117385 ns, At safepoint: 17076 ns, Total: 134461 ns
[2020-09-11T12:56:51.362+0000][1][safepoint    ] Safepoint "Cleanup", Time since last: 1000205159 ns, Reaching safepoint: 94860 ns, At safepoint: 6617 ns, Total: 101477 ns
[2020-09-11T12:56:52.362+0000][1][safepoint    ] Safepoint "Cleanup", Time since last: 1000163509 ns, Reaching safepoint: 93885 ns, At safepoint: 7206 ns, Total: 101091 ns
[2020-09-11T12:56:53.363+0000][1][safepoint    ] Safepoint "Cleanup", Time since last: 1000169704 ns, Reaching safepoint: 88541 ns, At safepoint: 6417 ns, Total: 94958 ns
[2020-09-11T12:56:54.363+0000][1][safepoint    ] Safepoint "Cleanup", Time since last: 1000182646 ns, Reaching safepoint: 93881 ns, At safepoint: 7129 ns, Total: 101010 ns
[2020-09-11T12:56:55.363+0000][1][safepoint    ] Safepoint "Cleanup", Time since last: 1000174245 ns, Reaching safepoint: 95666 ns, At safepoint: 6019 ns, Total: 101685 ns
[2020-09-11T12:56:56.364+0000][1][safepoint    ] Safepoint "Cleanup", Time since last: 1000178011 ns, Reaching safepoint: 85500 ns, At safepoint: 6910 ns, Total: 92410 ns
[2020-09-11T12:56:57.364+0000][1][safepoint    ] Safepoint "Cleanup", Time since last: 1000142149 ns, Reaching safepoint: 103795 ns, At safepoint: 6836 ns, Total: 110631 ns
[2020-09-11T12:56:58.364+0000][1][safepoint    ] Safepoint "Cleanup", Time since last: 1000172977 ns, Reaching safepoint: 121412 ns, At safepoint: 17276 ns, Total: 138688 ns
[2020-09-11T12:56:59.364+0000][1][safepoint    ] Safepoint "Cleanup", Time since last: 1000193352 ns, Reaching safepoint: 94025 ns, At safepoint: 6747 ns, Total: 100772 ns
[2020-09-11T12:57:00.365+0000][1][safepoint    ] Safepoint "Cleanup", Time since last: 1000182055 ns, Reaching safepoint: 88140 ns, At safepoint: 6828 ns, Total: 94968 ns
[2020-09-11T12:57:01.365+0000][1][safepoint    ] Safepoint "Cleanup", Time since last: 1000163633 ns, Reaching safepoint: 89980 ns, At safepoint: 6845 ns, Total: 96825 ns
[2020-09-11T12:57:02.365+0000][1][safepoint    ] Safepoint "Cleanup", Time since last: 1000182954 ns, Reaching safepoint: 88217 ns, At safepoint: 6740 ns, Total: 94957 ns
[2020-09-11T12:57:03.366+0000][1][safepoint    ] Safepoint "Cleanup", Time since last: 1000173771 ns, Reaching safepoint: 120703 ns, At safepoint: 16922 ns, Total: 137625 ns
[2020-09-11T12:57:04.366+0000][1][safepoint    ] Safepoint "Cleanup", Time since last: 1000239572 ns, Reaching safepoint: 113787 ns, At safepoint: 16655 ns, Total: 130442 ns
[2020-09-11T12:57:05.366+0000][1][safepoint    ] Safepoint "Cleanup", Time since last: 1000231924 ns, Reaching safepoint: 117837 ns, At safepoint: 16258 ns, Total: 134095 ns
[2020-09-11T12:57:06.367+0000][1][safepoint    ] Safepoint "Cleanup", Time since last: 1000218091 ns, Reaching safepoint: 123155 ns, At safepoint: 17875 ns, Total: 141030 ns
[2020-09-11T12:57:07.367+0000][1][safepoint    ] Safepoint "Cleanup", Time since last: 1000234620 ns, Reaching safepoint: 87806 ns, At safepoint: 6666 ns, Total: 94472 ns
[2020-09-11T12:57:08.367+0000][1][safepoint    ] Safepoint "Cleanup", Time since last: 1000127630 ns, Reaching safepoint: 113346 ns, At safepoint: 15533 ns, Total: 128879 ns
[2020-09-11T12:57:09.368+0000][1][safepoint    ] Safepoint "Cleanup", Time since last: 1000213590 ns, Reaching safepoint: 110967 ns, At safepoint: 16582 ns, Total: 127549 ns
[2020-09-11T12:57:10.368+0000][1][safepoint    ] Safepoint "Cleanup", Time since last: 1000211541 ns, Reaching safepoint: 96128 ns, At safepoint: 6270 ns, Total: 102398 ns
[2020-09-11T12:57:11.368+0000][1][safepoint    ] Safepoint "Cleanup", Time since last: 1000154600 ns, Reaching safepoint: 95803 ns, At safepoint: 6836 ns, Total: 102639 ns
[2020-09-11T12:57:12.368+0000][1][safepoint    ] Safepoint "Cleanup", Time since last: 1000175494 ns, Reaching safepoint: 110690 ns, At safepoint: 17394 ns, Total: 128084 ns
[2020-09-11T12:57:13.369+0000][1][safepoint    ] Safepoint "Cleanup", Time since last: 1000201848 ns, Reaching safepoint: 93636 ns, At safepoint: 6400 ns, Total: 100036 ns
[2020-09-11T12:57:14.369+0000][1][safepoint    ] Safepoint "Cleanup", Time since last: 1000184507 ns, Reaching safepoint: 101350 ns, At safepoint: 7218 ns, Total: 108568 ns
[2020-09-11T12:57:15.369+0000][1][safepoint    ] Safepoint "Cleanup", Time since last: 1000127284 ns, Reaching safepoint: 106708 ns, At safepoint: 15332 ns, Total: 122040 ns
[2020-09-11T12:57:16.370+0000][1][safepoint    ] Safepoint "Cleanup", Time since last: 1000181397 ns, Reaching safepoint: 99928 ns, At safepoint: 7263 ns, Total: 107191 ns
[2020-09-11T12:57:17.370+0000][1][safepoint    ] Safepoint "Cleanup", Time since last: 1000175728 ns, Reaching safepoint: 87184 ns, At safepoint: 6520 ns, Total: 93704 ns
[2020-09-11T12:57:18.370+0000][1][safepoint    ] Safepoint "Cleanup", Time since last: 1000198186 ns, Reaching safepoint: 85190 ns, At safepoint: 7542 ns, Total: 92732 ns
[2020-09-11T12:57:19.370+0000][1][safepoint    ] Safepoint "Cleanup", Time since last: 1000206108 ns, Reaching safepoint: 91226 ns, At safepoint: 6938 ns, Total: 98164 ns
[2020-09-11T12:57:20.371+0000][1][safepoint    ] Safepoint "Cleanup", Time since last: 1000172388 ns, Reaching safepoint: 104184 ns, At safepoint: 6809 ns, Total: 110993 ns
[2020-09-11T12:57:21.371+0000][1][safepoint    ] Safepoint "Cleanup", Time since last: 1000192854 ns, Reaching safepoint: 86583 ns, At safepoint: 6717 ns, Total: 93300 ns
[2020-09-11T12:57:22.371+0000][1][safepoint    ] Safepoint "Cleanup", Time since last: 1000195985 ns, Reaching safepoint: 84635 ns, At safepoint: 7467 ns, Total: 92102 ns
[2020-09-11T12:57:23.372+0000][1][safepoint    ] Safepoint "Cleanup", Time since last: 1000159335 ns, Reaching safepoint: 113660 ns, At safepoint: 15980 ns, Total: 129640 ns
[2020-09-11T12:57:24.372+0000][1][safepoint    ] Safepoint "Cleanup", Time since last: 1000175430 ns, Reaching safepoint: 114887 ns, At safepoint: 14777 ns, Total: 129664 ns
[2020-09-11T12:57:25.372+0000][1][safepoint    ] Safepoint "Cleanup", Time since last: 1000255588 ns, Reaching safepoint: 54600 ns, At safepoint: 6429 ns, Total: 61029 ns
[2020-09-11T12:57:26.373+0000][1][safepoint    ] Safepoint "Cleanup", Time since last: 1000191666 ns, Reaching safepoint: 86054 ns, At safepoint: 7356 ns, Total: 93410 ns
[2020-09-11T12:57:27.373+0000][1][safepoint    ] Safepoint "Cleanup", Time since last: 1000179830 ns, Reaching safepoint: 79294 ns, At safepoint: 5513 ns, Total: 84807 ns
[2020-09-11T12:57:28.373+0000][1][safepoint    ] Safepoint "Cleanup", Time since last: 1000191903 ns, Reaching safepoint: 117910 ns, At safepoint: 17413 ns, Total: 135323 ns
[2020-09-11T12:57:29.373+0000][1][safepoint    ] Safepoint "Cleanup", Time since last: 1000217089 ns, Reaching safepoint: 111840 ns, At safepoint: 16979 ns, Total: 128819 ns
[2020-09-11T12:57:30.374+0000][1][safepoint    ] Safepoint "Cleanup", Time since last: 1000225895 ns, Reaching safepoint: 159623 ns, At safepoint: 28492 ns, Total: 188115 ns
[2020-09-11T12:57:31.374+0000][1][safepoint    ] Safepoint "Cleanup", Time since last: 1000230869 ns, Reaching safepoint: 114576 ns, At safepoint: 16975 ns, Total: 131551 ns
[2020-09-11T12:57:31.421+0000][1][safepoint    ] Safepoint "RevokeBias", Time since last: 46839154 ns, Reaching safepoint: 108422 ns, At safepoint: 82235 ns, Total: 190657 ns
[2020-09-11T12:57:32.422+0000][1][safepoint    ] Safepoint "Cleanup", Time since last: 1000219405 ns, Reaching safepoint: 90710 ns, At safepoint: 7392 ns, Total: 98102 ns
[2020-09-11T12:57:33.422+0000][1][safepoint    ] Safepoint "Cleanup", Time since last: 1000169685 ns, Reaching safepoint: 90584 ns, At safepoint: 6386 ns, Total: 96970 ns
[2020-09-11T12:57:34.422+0000][1][safepoint    ] Safepoint "Cleanup", Time since last: 1000176463 ns, Reaching safepoint: 90872 ns, At safepoint: 7470 ns, Total: 98342 ns
[2020-09-11T12:57:35.422+0000][1][safepoint    ] Safepoint "Cleanup", Time since last: 1000113461 ns, Reaching safepoint: 64393 ns, At safepoint: 8134 ns, Total: 72527 ns
[2020-09-11T12:57:36.423+0000][1][safepoint    ] Safepoint "Cleanup", Time since last: 1000144802 ns, Reaching safepoint: 64877 ns, At safepoint: 7698 ns, Total: 72575 ns
[2020-09-11T12:57:36.451+0000][1][gc,start     ] GC(69) Pause Young (Allocation Failure)
[2020-09-11T12:57:36.451+0000][1][gc,task      ] GC(69) Using 1 workers of 1 for evacuation
[2020-09-11T12:57:36.463+0000][1][gc,age       ] GC(69) Desired survivor size 4358144 bytes, new threshold 6 (max threshold 6)
[2020-09-11T12:57:36.463+0000][1][gc,age       ] GC(69) Age table with threshold 6 (max threshold 6)
[2020-09-11T12:57:36.463+0000][1][gc,age       ] GC(69) - age   1:      11136 bytes,      11136 total
[2020-09-11T12:57:36.463+0000][1][gc,age       ] GC(69) - age   2:      12536 bytes,      23672 total
[2020-09-11T12:57:36.463+0000][1][gc,age       ] GC(69) - age   3:       4416 bytes,      28088 total
[2020-09-11T12:57:36.463+0000][1][gc,age       ] GC(69) - age   4:     373520 bytes,     401608 total
[2020-09-11T12:57:36.463+0000][1][gc,age       ] GC(69) - age   5:    1140400 bytes,    1542008 total
[2020-09-11T12:57:36.463+0000][1][gc,heap      ] GC(69) ParNew: 69678K->3011K(76672K)
[2020-09-11T12:57:36.463+0000][1][gc,heap      ] GC(69) CMS: 63013K->63013K(439104K)
[2020-09-11T12:57:36.463+0000][1][gc,metaspace ] GC(69) Metaspace: 73342K->73342K(1116160K)
[2020-09-11T12:57:36.463+0000][1][gc           ] GC(69) Pause Young (Allocation Failure) 129M->64M(503M) 12.345ms
[2020-09-11T12:57:36.463+0000][1][gc,cpu       ] GC(69) User=0.01s Sys=0.00s Real=0.01s
[2020-09-11T12:57:36.471+0000][1][safepoint    ] Safepoint "GenCollectForAllocation", Time since last: 24334335 ns, Reaching safepoint: 4033501 ns, At safepoint: 20600276 ns, Total: 24633777 ns
[2020-09-11T12:57:37.473+0000][1][safepoint    ] Safepoint "Cleanup", Time since last: 1001570259 ns, Reaching safepoint: 63021 ns, At safepoint: 7688 ns, Total: 70709 ns
[2020-09-11T12:57:38.473+0000][1][safepoint    ] Safepoint "Cleanup", Time since last: 1000263933 ns, Reaching safepoint: 64034 ns, At safepoint: 7244 ns, Total: 71278 ns
[2020-09-11T12:57:39.474+0000][1][safepoint    ] Safepoint "Cleanup", Time since last: 1000109507 ns, Reaching safepoint: 140130 ns, At safepoint: 7746 ns, Total: 147876 ns
[2020-09-11T12:57:40.474+0000][1][safepoint    ] Safepoint "Cleanup", Time since last: 1000109608 ns, Reaching safepoint: 57531 ns, At safepoint: 6349 ns, Total: 63880 ns
[2020-09-11T12:57:41.474+0000][1][safepoint    ] Safepoint "Cleanup", Time since last: 1000106047 ns, Reaching safepoint: 56559 ns, At safepoint: 6844 ns, Total: 63403 ns
[2020-09-11T12:57:42.474+0000][1][safepoint    ] Safepoint "Cleanup", Time since last: 1000123834 ns, Reaching safepoint: 66229 ns, At safepoint: 7989 ns, Total: 74218 ns
[2020-09-11T12:57:43.474+0000][1][safepoint    ] Safepoint "Cleanup", Time since last: 1000111792 ns, Reaching safepoint: 66128 ns, At safepoint: 9718 ns, Total: 75846 ns
[2020-09-11T12:57:44.475+0000][1][safepoint    ] Safepoint "Cleanup", Time since last: 1000120358 ns, Reaching safepoint: 59743 ns, At safepoint: 6468 ns, Total: 66211 ns
[2020-09-11T12:57:45.475+0000][1][safepoint    ] Safepoint "Cleanup", Time since last: 1000119993 ns, Reaching safepoint: 81085 ns, At safepoint: 6236 ns, Total: 87321 ns
[2020-09-11T12:57:46.475+0000][1][safepoint    ] Safepoint "Cleanup", Time since last: 1000113308 ns, Reaching safepoint: 67243 ns, At safepoint: 8637 ns, Total: 75880 ns
[2020-09-11T12:57:47.475+0000][1][safepoint    ] Safepoint "Cleanup", Time since last: 1000124839 ns, Reaching safepoint: 63019 ns, At safepoint: 7181 ns, Total: 70200 ns
[2020-09-11T12:57:48.475+0000][1][safepoint    ] Safepoint "Cleanup", Time since last: 1000111159 ns, Reaching safepoint: 81651 ns, At safepoint: 6833 ns, Total: 88484 ns
[2020-09-11T12:57:49.476+0000][1][safepoint    ] Safepoint "Cleanup", Time since last: 1000111275 ns, Reaching safepoint: 63258 ns, At safepoint: 6332 ns, Total: 69590 ns
[2020-09-11T12:57:50.476+0000][1][safepoint    ] Safepoint "Cleanup", Time since last: 1000135052 ns, Reaching safepoint: 62485 ns, At safepoint: 6462 ns, Total: 68947 ns
[2020-09-11T12:57:51.476+0000][1][safepoint    ] Safepoint "Cleanup", Time since last: 1000107428 ns, Reaching safepoint: 59784 ns, At safepoint: 6541 ns, Total: 66325 ns
[2020-09-11T12:57:52.476+0000][1][safepoint    ] Safepoint "Cleanup", Time since last: 1000111430 ns, Reaching safepoint: 65820 ns, At safepoint: 8731 ns, Total: 74551 ns
[2020-09-11T12:57:53.476+0000][1][safepoint    ] Safepoint "Cleanup", Time since last: 1000109186 ns, Reaching safepoint: 60161 ns, At safepoint: 6369 ns, Total: 66530 ns
[2020-09-11T12:57:54.477+0000][1][safepoint    ] Safepoint "Cleanup", Time since last: 1000111168 ns, Reaching safepoint: 61639 ns, At safepoint: 6767 ns, Total: 68406 ns
[2020-09-11T12:57:55.477+0000][1][safepoint    ] Safepoint "Cleanup", Time since last: 1000106511 ns, Reaching safepoint: 61950 ns, At safepoint: 6300 ns, Total: 68250 ns
[2020-09-11T12:57:56.477+0000][1][safepoint    ] Safepoint "Cleanup", Time since last: 1000115330 ns, Reaching safepoint: 69571 ns, At safepoint: 8142 ns, Total: 77713 ns
[2020-09-11T12:57:57.477+0000][1][safepoint    ] Safepoint "Cleanup", Time since last: 1000122047 ns, Reaching safepoint: 59398 ns, At safepoint: 6385 ns, Total: 65783 ns
[2020-09-11T12:57:58.477+0000][1][safepoint    ] Safepoint "Cleanup", Time since last: 1000108336 ns, Reaching safepoint: 73834 ns, At safepoint: 9814 ns, Total: 83648 ns
[2020-09-11T12:57:59.477+0000][1][safepoint    ] Safepoint "Cleanup", Time since last: 1000107470 ns, Reaching safepoint: 65580 ns, At safepoint: 9600 ns, Total: 75180 ns
[2020-09-11T12:58:00.478+0000][1][safepoint    ] Safepoint "Cleanup", Time since last: 1000116497 ns, Reaching safepoint: 64766 ns, At safepoint: 9217 ns, Total: 73983 ns
[2020-09-11T12:58:01.478+0000][1][safepoint    ] Safepoint "Cleanup", Time since last: 1000130027 ns, Reaching safepoint: 61887 ns, At safepoint: 8425 ns, Total: 70312 ns
[2020-09-11T12:58:02.478+0000][1][safepoint    ] Safepoint "Cleanup", Time since last: 1000109754 ns, Reaching safepoint: 62545 ns, At safepoint: 7532 ns, Total: 70077 ns
[2020-09-11T12:58:03.478+0000][1][safepoint    ] Safepoint "Cleanup", Time since last: 1000129822 ns, Reaching safepoint: 64969 ns, At safepoint: 6614 ns, Total: 71583 ns
[2020-09-11T12:58:04.478+0000][1][safepoint    ] Safepoint "Cleanup", Time since last: 1000068400 ns, Reaching safepoint: 55847 ns, At safepoint: 5349 ns, Total: 61196 ns
[2020-09-11T12:58:05.479+0000][1][safepoint    ] Safepoint "Cleanup", Time since last: 1000102139 ns, Reaching safepoint: 63174 ns, At safepoint: 7203 ns, Total: 70377 ns
[2020-09-11T12:58:06.479+0000][1][safepoint    ] Safepoint "Cleanup", Time since last: 1000133392 ns, Reaching safepoint: 64160 ns, At safepoint: 7723 ns, Total: 71883 ns
[2020-09-11T12:58:07.479+0000][1][safepoint    ] Safepoint "Cleanup", Time since last: 1000111177 ns, Reaching safepoint: 61300 ns, At safepoint: 8825 ns, Total: 70125 ns
[2020-09-11T12:58:08.479+0000][1][safepoint    ] Safepoint "Cleanup", Time since last: 1000110812 ns, Reaching safepoint: 65278 ns, At safepoint: 8611 ns, Total: 73889 ns
[2020-09-11T12:58:09.479+0000][1][safepoint    ] Safepoint "Cleanup", Time since last: 1000112875 ns, Reaching safepoint: 58273 ns, At safepoint: 6205 ns, Total: 64478 ns
[2020-09-11T12:58:10.479+0000][1][safepoint    ] Safepoint "Cleanup", Time since last: 1000130484 ns, Reaching safepoint: 75047 ns, At safepoint: 7901 ns, Total: 82948 ns
[2020-09-11T12:58:11.480+0000][1][safepoint    ] Safepoint "Cleanup", Time since last: 1000229614 ns, Reaching safepoint: 74120 ns, At safepoint: 8759 ns, Total: 82879 ns
[2020-09-11T12:58:12.480+0000][1][safepoint    ] Safepoint "Cleanup", Time since last: 1000190387 ns, Reaching safepoint: 131809 ns, At safepoint: 17828 ns, Total: 149637 ns
[2020-09-11T12:58:13.480+0000][1][safepoint    ] Safepoint "Cleanup", Time since last: 1000220010 ns, Reaching safepoint: 107060 ns, At safepoint: 7395 ns, Total: 114455 ns
[2020-09-11T12:58:14.481+0000][1][safepoint    ] Safepoint "Cleanup", Time since last: 1000147164 ns, Reaching safepoint: 117275 ns, At safepoint: 16201 ns, Total: 133476 ns
[2020-09-11T12:58:15.481+0000][1][safepoint    ] Safepoint "Cleanup", Time since last: 1000179724 ns, Reaching safepoint: 106912 ns, At safepoint: 15492 ns, Total: 122404 ns
[2020-09-11T12:58:16.481+0000][1][safepoint    ] Safepoint "Cleanup", Time since last: 1000221296 ns, Reaching safepoint: 90890 ns, At safepoint: 5926 ns, Total: 96816 ns
[2020-09-11T12:58:17.482+0000][1][safepoint    ] Safepoint "Cleanup", Time since last: 1000212624 ns, Reaching safepoint: 78447 ns, At safepoint: 7141 ns, Total: 85588 ns
[2020-09-11T12:58:18.482+0000][1][safepoint    ] Safepoint "Cleanup", Time since last: 1000171649 ns, Reaching safepoint: 128267 ns, At safepoint: 16505 ns, Total: 144772 ns
[2020-09-11T12:58:19.482+0000][1][safepoint    ] Safepoint "Cleanup", Time since last: 1000225462 ns, Reaching safepoint: 90829 ns, At safepoint: 7038 ns, Total: 97867 ns
[2020-09-11T12:58:20.483+0000][1][safepoint    ] Safepoint "Cleanup", Time since last: 1000182266 ns, Reaching safepoint: 96396 ns, At safepoint: 5832 ns, Total: 102228 ns
[2020-09-11T12:58:21.483+0000][1][safepoint    ] Safepoint "Cleanup", Time since last: 1000182446 ns, Reaching safepoint: 90691 ns, At safepoint: 7100 ns, Total: 97791 ns
[2020-09-11T12:58:22.483+0000][1][safepoint    ] Safepoint "Cleanup", Time since last: 1000192133 ns, Reaching safepoint: 110844 ns, At safepoint: 16444 ns, Total: 127288 ns
[2020-09-11T12:58:23.484+0000][1][safepoint    ] Safepoint "Cleanup", Time since last: 1000251191 ns, Reaching safepoint: 81195 ns, At safepoint: 6411 ns, Total: 87606 ns
[2020-09-11T12:58:24.484+0000][1][safepoint    ] Safepoint "Cleanup", Time since last: 1000202652 ns, Reaching safepoint: 116153 ns, At safepoint: 15903 ns, Total: 132056 ns
[2020-09-11T12:58:25.484+0000][1][safepoint    ] Safepoint "Cleanup", Time since last: 1000233663 ns, Reaching safepoint: 88498 ns, At safepoint: 6320 ns, Total: 94818 ns
[2020-09-11T12:58:26.484+0000][1][safepoint    ] Safepoint "Cleanup", Time since last: 1000186721 ns, Reaching safepoint: 90689 ns, At safepoint: 6651 ns, Total: 97340 ns
[2020-09-11T12:58:27.485+0000][1][safepoint    ] Safepoint "Cleanup", Time since last: 1000200949 ns, Reaching safepoint: 118947 ns, At safepoint: 17039 ns, Total: 135986 ns
[2020-09-11T12:58:28.485+0000][1][safepoint    ] Safepoint "Cleanup", Time since last: 1000232407 ns, Reaching safepoint: 87632 ns, At safepoint: 6087 ns, Total: 93719 ns
[2020-09-11T12:58:29.485+0000][1][safepoint    ] Safepoint "Cleanup", Time since last: 1000188340 ns, Reaching safepoint: 88652 ns, At safepoint: 6839 ns, Total: 95491 ns
[2020-09-11T12:58:30.486+0000][1][safepoint    ] Safepoint "Cleanup", Time since last: 1000206696 ns, Reaching safepoint: 107995 ns, At safepoint: 7133 ns, Total: 115128 ns
[2020-09-11T12:58:31.486+0000][1][safepoint    ] Safepoint "Cleanup", Time since last: 1000171537 ns, Reaching safepoint: 85560 ns, At safepoint: 7329 ns, Total: 92889 ns
[2020-09-11T12:58:32.486+0000][1][safepoint    ] Safepoint "Cleanup", Time since last: 1000222477 ns, Reaching safepoint: 79544 ns, At safepoint: 6748 ns, Total: 86292 ns
[2020-09-11T12:58:33.487+0000][1][safepoint    ] Safepoint "Cleanup", Time since last: 1000176126 ns, Reaching safepoint: 114593 ns, At safepoint: 17082 ns, Total: 131675 ns
[2020-09-11T12:58:34.487+0000][1][safepoint    ] Safepoint "Cleanup", Time since last: 1000211278 ns, Reaching safepoint: 131051 ns, At safepoint: 19554 ns, Total: 150605 ns
[2020-09-11T12:58:35.487+0000][1][safepoint    ] Safepoint "Cleanup", Time since last: 1000193548 ns, Reaching safepoint: 107835 ns, At safepoint: 7291 ns, Total: 115126 ns
[2020-09-11T12:58:36.488+0000][1][safepoint    ] Safepoint "Cleanup", Time since last: 1000439949 ns, Reaching safepoint: 104990 ns, At safepoint: 6933 ns, Total: 111923 ns
[2020-09-11T12:58:37.488+0000][1][safepoint    ] Safepoint "Cleanup", Time since last: 1000181039 ns, Reaching safepoint: 110580 ns, At safepoint: 17384 ns, Total: 127964 ns
[2020-09-11T12:58:38.489+0000][1][safepoint    ] Safepoint "Cleanup", Time since last: 1000228177 ns, Reaching safepoint: 124860 ns, At safepoint: 16545 ns, Total: 141405 ns
[2020-09-11T12:58:39.489+0000][1][safepoint    ] Safepoint "Cleanup", Time since last: 1000245671 ns, Reaching safepoint: 91067 ns, At safepoint: 7054 ns, Total: 98121 ns
[2020-09-11T12:58:40.489+0000][1][safepoint    ] Safepoint "Cleanup", Time since last: 1000171442 ns, Reaching safepoint: 86919 ns, At safepoint: 5846 ns, Total: 92765 ns
[2020-09-11T12:58:41.490+0000][1][safepoint    ] Safepoint "Cleanup", Time since last: 1000814287 ns, Reaching safepoint: 96599 ns, At safepoint: 7496 ns, Total: 104095 ns
[2020-09-11T12:58:42.490+0000][1][safepoint    ] Safepoint "Cleanup", Time since last: 1000186670 ns, Reaching safepoint: 83386 ns, At safepoint: 7115 ns, Total: 90501 ns
[2020-09-11T12:58:43.491+0000][1][safepoint    ] Safepoint "Cleanup", Time since last: 1000194343 ns, Reaching safepoint: 87100 ns, At safepoint: 7249 ns, Total: 94349 ns
[2020-09-11T12:58:44.491+0000][1][safepoint    ] Safepoint "Cleanup", Time since last: 1000202982 ns, Reaching safepoint: 84958 ns, At safepoint: 6470 ns, Total: 91428 ns
[2020-09-11T12:58:45.491+0000][1][safepoint    ] Safepoint "Cleanup", Time since last: 1000177930 ns, Reaching safepoint: 98147 ns, At safepoint: 7511 ns, Total: 105658 ns
[2020-09-11T12:58:45.707+0000][1][gc,start     ] GC(70) Pause Young (Allocation Failure)
[2020-09-11T12:58:45.707+0000][1][gc,task      ] GC(70) Using 1 workers of 1 for evacuation
[2020-09-11T12:58:45.715+0000][1][gc,age       ] GC(70) Desired survivor size 4358144 bytes, new threshold 6 (max threshold 6)
[2020-09-11T12:58:45.715+0000][1][gc,age       ] GC(70) Age table with threshold 6 (max threshold 6)
[2020-09-11T12:58:45.715+0000][1][gc,age       ] GC(70) - age   1:      13760 bytes,      13760 total
[2020-09-11T12:58:45.715+0000][1][gc,age       ] GC(70) - age   2:       4968 bytes,      18728 total
[2020-09-11T12:58:45.715+0000][1][gc,age       ] GC(70) - age   3:      12536 bytes,      31264 total
[2020-09-11T12:58:45.715+0000][1][gc,age       ] GC(70) - age   4:       4416 bytes,      35680 total
[2020-09-11T12:58:45.715+0000][1][gc,age       ] GC(70) - age   5:     373520 bytes,     409200 total
[2020-09-11T12:58:45.715+0000][1][gc,age       ] GC(70) - age   6:    1140400 bytes,    1549600 total
[2020-09-11T12:58:45.715+0000][1][gc,heap      ] GC(70) ParNew: 71171K->1882K(76672K)
[2020-09-11T12:58:45.715+0000][1][gc,heap      ] GC(70) CMS: 63013K->63013K(439104K)
[2020-09-11T12:58:45.715+0000][1][gc,metaspace ] GC(70) Metaspace: 73515K->73515K(1116160K)
[2020-09-11T12:58:45.715+0000][1][gc           ] GC(70) Pause Young (Allocation Failure) 131M->63M(503M) 8.356ms
[2020-09-11T12:58:45.715+0000][1][gc,cpu       ] GC(70) User=0.01s Sys=0.00s Real=0.00s
[2020-09-11T12:58:45.715+0000][1][safepoint    ] Safepoint "GenCollectForAllocation", Time since last: 215282619 ns, Reaching safepoint: 182960 ns, At safepoint: 8478943 ns, Total: 8661903 ns
[2020-09-11T12:58:46.716+0000][1][safepoint    ] Safepoint "Cleanup", Time since last: 1000988645 ns, Reaching safepoint: 104573 ns, At safepoint: 20755 ns, Total: 125328 ns
[2020-09-11T12:58:47.716+0000][1][safepoint    ] Safepoint "Cleanup", Time since last: 1000164341 ns, Reaching safepoint: 62086 ns, At safepoint: 5017 ns, Total: 67103 ns
[2020-09-11T12:58:48.717+0000][1][safepoint    ] Safepoint "Cleanup", Time since last: 1000089932 ns, Reaching safepoint: 58329 ns, At safepoint: 6878 ns, Total: 65207 ns
[2020-09-11T12:58:49.717+0000][1][safepoint    ] Safepoint "Cleanup", Time since last: 1000134791 ns, Reaching safepoint: 98575 ns, At safepoint: 5211 ns, Total: 103786 ns
[2020-09-11T12:58:50.717+0000][1][safepoint    ] Safepoint "Cleanup", Time since last: 1000156413 ns, Reaching safepoint: 89164 ns, At safepoint: 6416 ns, Total: 95580 ns
[2020-09-11T12:58:51.717+0000][1][safepoint    ] Safepoint "Cleanup", Time since last: 1000158191 ns, Reaching safepoint: 88324 ns, At safepoint: 6410 ns, Total: 94734 ns
[2020-09-11T12:58:52.718+0000][1][safepoint    ] Safepoint "Cleanup", Time since last: 1000185014 ns, Reaching safepoint: 77252 ns, At safepoint: 7060 ns, Total: 84312 ns
[2020-09-11T12:58:53.718+0000][1][safepoint    ] Safepoint "Cleanup", Time since last: 1000127026 ns, Reaching safepoint: 99839 ns, At safepoint: 13414 ns, Total: 113253 ns
[2020-09-11T12:58:54.718+0000][1][safepoint    ] Safepoint "Cleanup", Time since last: 1000161970 ns, Reaching safepoint: 100818 ns, At safepoint: 13348 ns, Total: 114166 ns
[2020-09-11T12:58:55.718+0000][1][safepoint    ] Safepoint "Cleanup", Time since last: 1000194668 ns, Reaching safepoint: 83800 ns, At safepoint: 6358 ns, Total: 90158 ns
[2020-09-11T12:58:56.719+0000][1][safepoint    ] Safepoint "Cleanup", Time since last: 1000159728 ns, Reaching safepoint: 111352 ns, At safepoint: 16905 ns, Total: 128257 ns
[2020-09-11T12:58:57.719+0000][1][safepoint    ] Safepoint "Cleanup", Time since last: 1000173827 ns, Reaching safepoint: 99721 ns, At safepoint: 5968 ns, Total: 105689 ns
[2020-09-11T12:58:58.719+0000][1][safepoint    ] Safepoint "Cleanup", Time since last: 1000123955 ns, Reaching safepoint: 92495 ns, At safepoint: 5366 ns, Total: 97861 ns
[2020-09-11T12:58:59.720+0000][1][safepoint    ] Safepoint "Cleanup", Time since last: 1000253757 ns, Reaching safepoint: 56576 ns, At safepoint: 5182 ns, Total: 61758 ns
[2020-09-11T12:59:00.720+0000][1][safepoint    ] Safepoint "Cleanup", Time since last: 1000162388 ns, Reaching safepoint: 56719 ns, At safepoint: 5091 ns, Total: 61810 ns
[2020-09-11T12:59:01.720+0000][1][safepoint    ] Safepoint "Cleanup", Time since last: 1000167461 ns, Reaching safepoint: 176995 ns, At safepoint: 5925 ns, Total: 182920 ns
[2020-09-11T12:59:02.720+0000][1][safepoint    ] Safepoint "Cleanup", Time since last: 1000235589 ns, Reaching safepoint: 52524 ns, At safepoint: 5446 ns, Total: 57970 ns
[2020-09-11T12:59:03.721+0000][1][safepoint    ] Safepoint "Cleanup", Time since last: 1000123369 ns, Reaching safepoint: 98704 ns, At safepoint: 5647 ns, Total: 104351 ns
[2020-09-11T12:59:04.721+0000][1][safepoint    ] Safepoint "Cleanup", Time since last: 1000134272 ns, Reaching safepoint: 105860 ns, At safepoint: 14299 ns, Total: 120159 ns
[2020-09-11T12:59:05.721+0000][1][safepoint    ] Safepoint "Cleanup", Time since last: 1000164961 ns, Reaching safepoint: 96671 ns, At safepoint: 5948 ns, Total: 102619 ns
[2020-09-11T12:59:06.721+0000][1][safepoint    ] Safepoint "Cleanup", Time since last: 1000110748 ns, Reaching safepoint: 61761 ns, At safepoint: 5983 ns, Total: 67744 ns
[2020-09-11T12:59:07.722+0000][1][safepoint    ] Safepoint "Cleanup", Time since last: 1000167174 ns, Reaching safepoint: 87855 ns, At safepoint: 6521 ns, Total: 94376 ns
[2020-09-11T12:59:08.722+0000][1][safepoint    ] Safepoint "Cleanup", Time since last: 1000203110 ns, Reaching safepoint: 78947 ns, At safepoint: 9892 ns, Total: 88839 ns
[2020-09-11T12:59:09.722+0000][1][safepoint    ] Safepoint "Cleanup", Time since last: 1000183644 ns, Reaching safepoint: 85594 ns, At safepoint: 7384 ns, Total: 92978 ns
[2020-09-11T12:59:10.722+0000][1][safepoint    ] Safepoint "Cleanup", Time since last: 1000169728 ns, Reaching safepoint: 86024 ns, At safepoint: 6460 ns, Total: 92484 ns
[2020-09-11T12:59:11.723+0000][1][safepoint    ] Safepoint "Cleanup", Time since last: 1000152667 ns, Reaching safepoint: 93272 ns, At safepoint: 5578 ns, Total: 98850 ns
[2020-09-11T12:59:12.723+0000][1][safepoint    ] Safepoint "Cleanup", Time since last: 1000178034 ns, Reaching safepoint: 73258 ns, At safepoint: 6410 ns, Total: 79668 ns
[2020-09-11T12:59:13.723+0000][1][safepoint    ] Safepoint "Cleanup", Time since last: 1000155223 ns, Reaching safepoint: 89686 ns, At safepoint: 6335 ns, Total: 96021 ns
[2020-09-11T12:59:14.724+0000][1][safepoint    ] Safepoint "Cleanup", Time since last: 1000193833 ns, Reaching safepoint: 76137 ns, At safepoint: 5658 ns, Total: 81795 ns
[2020-09-11T12:59:15.724+0000][1][safepoint    ] Safepoint "Cleanup", Time since last: 1000212013 ns, Reaching safepoint: 61145 ns, At safepoint: 5982 ns, Total: 67127 ns
[2020-09-11T12:59:16.724+0000][1][safepoint    ] Safepoint "Cleanup", Time since last: 1000107584 ns, Reaching safepoint: 63132 ns, At safepoint: 5653 ns, Total: 68785 ns
[2020-09-11T12:59:17.724+0000][1][safepoint    ] Safepoint "Cleanup", Time since last: 1000180353 ns, Reaching safepoint: 79257 ns, At safepoint: 7192 ns, Total: 86449 ns
[2020-09-11T12:59:18.724+0000][1][safepoint    ] Safepoint "Cleanup", Time since last: 1000167331 ns, Reaching safepoint: 81468 ns, At safepoint: 6889 ns, Total: 88357 ns
[2020-09-11T12:59:19.725+0000][1][safepoint    ] Safepoint "Cleanup", Time since last: 1000164010 ns, Reaching safepoint: 84532 ns, At safepoint: 6496 ns, Total: 91028 ns
[2020-09-11T12:59:20.725+0000][1][safepoint    ] Safepoint "Cleanup", Time since last: 1000117005 ns, Reaching safepoint: 110847 ns, At safepoint: 6162 ns, Total: 117009 ns
[2020-09-11T12:59:21.725+0000][1][safepoint    ] Safepoint "Cleanup", Time since last: 1000104121 ns, Reaching safepoint: 51186 ns, At safepoint: 5374 ns, Total: 56560 ns
[2020-09-11T12:59:22.725+0000][1][safepoint    ] Safepoint "Cleanup", Time since last: 1000186777 ns, Reaching safepoint: 71441 ns, At safepoint: 6138 ns, Total: 77579 ns
[2020-09-11T12:59:23.726+0000][1][safepoint    ] Safepoint "Cleanup", Time since last: 1000190510 ns, Reaching safepoint: 76389 ns, At safepoint: 6098 ns, Total: 82487 ns
[2020-09-11T12:59:24.726+0000][1][safepoint    ] Safepoint "Cleanup", Time since last: 1000097651 ns, Reaching safepoint: 56067 ns, At safepoint: 6445 ns, Total: 62512 ns
[2020-09-11T12:59:25.726+0000][1][safepoint    ] Safepoint "Cleanup", Time since last: 1000157657 ns, Reaching safepoint: 87807 ns, At safepoint: 13949 ns, Total: 101756 ns
[2020-09-11T12:59:26.726+0000][1][safepoint    ] Safepoint "Cleanup", Time since last: 1000167886 ns, Reaching safepoint: 101707 ns, At safepoint: 15749 ns, Total: 117456 ns
[2020-09-11T12:59:27.727+0000][1][safepoint    ] Safepoint "Cleanup", Time since last: 1000217428 ns, Reaching safepoint: 76417 ns, At safepoint: 6290 ns, Total: 82707 ns
[2020-09-11T12:59:28.727+0000][1][safepoint    ] Safepoint "Cleanup", Time since last: 1000182531 ns, Reaching safepoint: 78927 ns, At safepoint: 6824 ns, Total: 85751 ns
[2020-09-11T12:59:29.727+0000][1][safepoint    ] Safepoint "Cleanup", Time since last: 1000128408 ns, Reaching safepoint: 83237 ns, At safepoint: 6330 ns, Total: 89567 ns
[2020-09-11T12:59:30.727+0000][1][safepoint    ] Safepoint "Cleanup", Time since last: 1000150143 ns, Reaching safepoint: 100684 ns, At safepoint: 5166 ns, Total: 105850 ns
[2020-09-11T12:59:31.728+0000][1][safepoint    ] Safepoint "Cleanup", Time since last: 1000099869 ns, Reaching safepoint: 73967 ns, At safepoint: 9015 ns, Total: 82982 ns
[2020-09-11T12:59:32.728+0000][1][safepoint    ] Safepoint "Cleanup", Time since last: 1000169599 ns, Reaching safepoint: 107853 ns, At safepoint: 6172 ns, Total: 114025 ns
[2020-09-11T12:59:33.728+0000][1][safepoint    ] Safepoint "Cleanup", Time since last: 1000145438 ns, Reaching safepoint: 99595 ns, At safepoint: 13375 ns, Total: 112970 ns
[2020-09-11T12:59:34.728+0000][1][safepoint    ] Safepoint "Cleanup", Time since last: 1000176900 ns, Reaching safepoint: 70431 ns, At safepoint: 9470 ns, Total: 79901 ns
[2020-09-11T12:59:35.729+0000][1][safepoint    ] Safepoint "Cleanup", Time since last: 1000145963 ns, Reaching safepoint: 97538 ns, At safepoint: 5834 ns, Total: 103372 ns
[2020-09-11T12:59:36.729+0000][1][safepoint    ] Safepoint "Cleanup", Time since last: 1000186040 ns, Reaching safepoint: 104363 ns, At safepoint: 16110 ns, Total: 120473 ns
[2020-09-11T12:59:37.729+0000][1][safepoint    ] Safepoint "Cleanup", Time since last: 1000203612 ns, Reaching safepoint: 80032 ns, At safepoint: 5782 ns, Total: 85814 ns
[2020-09-11T12:59:38.730+0000][1][safepoint    ] Safepoint "Cleanup", Time since last: 1000175049 ns, Reaching safepoint: 83432 ns, At safepoint: 6622 ns, Total: 90054 ns
[2020-09-11T12:59:39.730+0000][1][safepoint    ] Safepoint "Cleanup", Time since last: 1000156761 ns, Reaching safepoint: 84210 ns, At safepoint: 6896 ns, Total: 91106 ns
[2020-09-11T12:59:40.730+0000][1][safepoint    ] Safepoint "Cleanup", Time since last: 1000122396 ns, Reaching safepoint: 98810 ns, At safepoint: 6469 ns, Total: 105279 ns
[2020-09-11T12:59:41.730+0000][1][safepoint    ] Safepoint "Cleanup", Time since last: 1000179252 ns, Reaching safepoint: 81634 ns, At safepoint: 5719 ns, Total: 87353 ns
[2020-09-11T12:59:42.731+0000][1][safepoint    ] Safepoint "Cleanup", Time since last: 1000194970 ns, Reaching safepoint: 81032 ns, At safepoint: 6623 ns, Total: 87655 ns
[2020-09-11T12:59:43.731+0000][1][safepoint    ] Safepoint "Cleanup", Time since last: 1000177870 ns, Reaching safepoint: 82099 ns, At safepoint: 5970 ns, Total: 88069 ns
[2020-09-11T12:59:44.731+0000][1][safepoint    ] Safepoint "Cleanup", Time since last: 1000142409 ns, Reaching safepoint: 90389 ns, At safepoint: 5992 ns, Total: 96381 ns
[2020-09-11T12:59:45.731+0000][1][safepoint    ] Safepoint "Cleanup", Time since last: 1000148104 ns, Reaching safepoint: 105065 ns, At safepoint: 5577 ns, Total: 110642 ns
[2020-09-11T12:59:46.732+0000][1][safepoint    ] Safepoint "Cleanup", Time since last: 1000155993 ns, Reaching safepoint: 101843 ns, At safepoint: 16839 ns, Total: 118682 ns
[2020-09-11T12:59:47.732+0000][1][safepoint    ] Safepoint "Cleanup", Time since last: 1000227078 ns, Reaching safepoint: 83536 ns, At safepoint: 35623 ns, Total: 119159 ns
[2020-09-11T12:59:48.732+0000][1][safepoint    ] Safepoint "Cleanup", Time since last: 1000093819 ns, Reaching safepoint: 57332 ns, At safepoint: 6269 ns, Total: 63601 ns
[2020-09-11T12:59:49.732+0000][1][safepoint    ] Safepoint "Cleanup", Time since last: 1000154754 ns, Reaching safepoint: 101630 ns, At safepoint: 16204 ns, Total: 117834 ns
[2020-09-11T12:59:50.733+0000][1][safepoint    ] Safepoint "Cleanup", Time since last: 1000190015 ns, Reaching safepoint: 103046 ns, At safepoint: 16304 ns, Total: 119350 ns
[2020-09-11T12:59:51.656+0000][1][gc,start     ] GC(71) Pause Young (Allocation Failure)
[2020-09-11T12:59:51.657+0000][1][gc,task      ] GC(71) Using 1 workers of 1 for evacuation
[2020-09-11T12:59:51.666+0000][1][gc,age       ] GC(71) Desired survivor size 4358144 bytes, new threshold 6 (max threshold 6)
[2020-09-11T12:59:51.666+0000][1][gc,age       ] GC(71) Age table with threshold 6 (max threshold 6)
[2020-09-11T12:59:51.666+0000][1][gc,age       ] GC(71) - age   1:       8160 bytes,       8160 total
[2020-09-11T12:59:51.666+0000][1][gc,age       ] GC(71) - age   2:       1520 bytes,       9680 total
[2020-09-11T12:59:51.666+0000][1][gc,age       ] GC(71) - age   3:       4888 bytes,      14568 total
[2020-09-11T12:59:51.666+0000][1][gc,age       ] GC(71) - age   4:      12536 bytes,      27104 total
[2020-09-11T12:59:51.666+0000][1][gc,age       ] GC(71) - age   5:       4416 bytes,      31520 total
[2020-09-11T12:59:51.666+0000][1][gc,age       ] GC(71) - age   6:     373520 bytes,     405040 total
[2020-09-11T12:59:51.666+0000][1][gc,heap      ] GC(71) ParNew: 70042K->1370K(76672K)
[2020-09-11T12:59:51.666+0000][1][gc,heap      ] GC(71) CMS: 63013K->64156K(439104K)
[2020-09-11T12:59:51.666+0000][1][gc,metaspace ] GC(71) Metaspace: 73586K->73586K(1116160K)
[2020-09-11T12:59:51.666+0000][1][gc           ] GC(71) Pause Young (Allocation Failure) 129M->63M(503M) 9.589ms
[2020-09-11T12:59:51.666+0000][1][gc,cpu       ] GC(71) User=0.01s Sys=0.00s Real=0.01s
[2020-09-11T12:59:51.666+0000][1][safepoint    ] Safepoint "GenCollectForAllocation", Time since last: 923595260 ns, Reaching safepoint: 180123 ns, At safepoint: 9664715 ns, Total: 9844838 ns
[2020-09-11T12:59:52.669+0000][1][safepoint    ] Safepoint "Cleanup", Time since last: 1002515653 ns, Reaching safepoint: 108887 ns, At safepoint: 41161 ns, Total: 150048 ns
[2020-09-11T12:59:53.671+0000][1][safepoint    ] Safepoint "Cleanup", Time since last: 1000215997 ns, Reaching safepoint: 217122 ns, At safepoint: 1354005 ns, Total: 1571127 ns
[2020-09-11T12:59:54.671+0000][1][safepoint    ] Safepoint "Cleanup", Time since last: 1000321727 ns, Reaching safepoint: 177003 ns, At safepoint: 25854 ns, Total: 202857 ns
[2020-09-11T12:59:55.671+0000][1][safepoint    ] Safepoint "Cleanup", Time since last: 1000180473 ns, Reaching safepoint: 192770 ns, At safepoint: 6005 ns, Total: 198775 ns
[2020-09-11T12:59:56.672+0000][1][safepoint    ] Safepoint "Cleanup", Time since last: 1000125130 ns, Reaching safepoint: 205264 ns, At safepoint: 17377 ns, Total: 222641 ns
[2020-09-11T12:59:57.672+0000][1][safepoint    ] Safepoint "Cleanup", Time since last: 1000194434 ns, Reaching safepoint: 85419 ns, At safepoint: 6239 ns, Total: 91658 ns
[2020-09-11T12:59:58.672+0000][1][safepoint    ] Safepoint "Cleanup", Time since last: 1000161735 ns, Reaching safepoint: 112989 ns, At safepoint: 16906 ns, Total: 129895 ns
[2020-09-11T12:59:59.673+0000][1][safepoint    ] Safepoint "Cleanup", Time since last: 1000192961 ns, Reaching safepoint: 111873 ns, At safepoint: 17494 ns, Total: 129367 ns
[2020-09-11T13:00:00.674+0000][1][safepoint    ] Safepoint "Cleanup", Time since last: 1001615559 ns, Reaching safepoint: 139510 ns, At safepoint: 17473 ns, Total: 156983 ns
[2020-09-11T13:00:01.675+0000][1][safepoint    ] Safepoint "Cleanup", Time since last: 1000226844 ns, Reaching safepoint: 87794 ns, At safepoint: 6495 ns, Total: 94289 ns
[2020-09-11T13:00:02.675+0000][1][safepoint    ] Safepoint "Cleanup", Time since last: 1000179310 ns, Reaching safepoint: 84957 ns, At safepoint: 6748 ns, Total: 91705 ns
[2020-09-11T13:00:03.675+0000][1][safepoint    ] Safepoint "Cleanup", Time since last: 1000157048 ns, Reaching safepoint: 89523 ns, At safepoint: 6348 ns, Total: 95871 ns
[2020-09-11T13:00:04.676+0000][1][safepoint    ] Safepoint "Cleanup", Time since last: 1000191161 ns, Reaching safepoint: 89713 ns, At safepoint: 6692 ns, Total: 96405 ns
[2020-09-11T13:00:05.676+0000][1][safepoint    ] Safepoint "Cleanup", Time since last: 1000183536 ns, Reaching safepoint: 84145 ns, At safepoint: 6199 ns, Total: 90344 ns
[2020-09-11T13:00:06.677+0000][1][safepoint    ] Safepoint "Cleanup", Time since last: 1000819711 ns, Reaching safepoint: 114299 ns, At safepoint: 16338 ns, Total: 130637 ns
[2020-09-11T13:00:07.677+0000][1][safepoint    ] Safepoint "Cleanup", Time since last: 1000177725 ns, Reaching safepoint: 103963 ns, At safepoint: 5752 ns, Total: 109715 ns
[2020-09-11T13:00:08.677+0000][1][safepoint    ] Safepoint "Cleanup", Time since last: 1000163152 ns, Reaching safepoint: 90101 ns, At safepoint: 8473 ns, Total: 98574 ns
[2020-09-11T13:00:09.678+0000][1][safepoint    ] Safepoint "Cleanup", Time since last: 1000203047 ns, Reaching safepoint: 87334 ns, At safepoint: 6347 ns, Total: 93681 ns
[2020-09-11T13:00:10.678+0000][1][safepoint    ] Safepoint "Cleanup", Time since last: 1000201821 ns, Reaching safepoint: 84015 ns, At safepoint: 6708 ns, Total: 90723 ns
[2020-09-11T13:00:11.679+0000][1][safepoint    ] Safepoint "Cleanup", Time since last: 1000770141 ns, Reaching safepoint: 101484 ns, At safepoint: 6761 ns, Total: 108245 ns
[2020-09-11T13:00:12.679+0000][1][safepoint    ] Safepoint "Cleanup", Time since last: 1000170026 ns, Reaching safepoint: 108897 ns, At safepoint: 17437 ns, Total: 126334 ns
[2020-09-11T13:00:13.680+0000][1][safepoint    ] Safepoint "Cleanup", Time since last: 1000217664 ns, Reaching safepoint: 173985 ns, At safepoint: 16397 ns, Total: 190382 ns
[2020-09-11T13:00:14.680+0000][1][safepoint    ] Safepoint "Cleanup", Time since last: 1000208082 ns, Reaching safepoint: 113892 ns, At safepoint: 16776 ns, Total: 130668 ns
[2020-09-11T13:00:15.680+0000][1][safepoint    ] Safepoint "Cleanup", Time since last: 1000247372 ns, Reaching safepoint: 118085 ns, At safepoint: 15616 ns, Total: 133701 ns
[2020-09-11T13:00:16.682+0000][1][safepoint    ] Safepoint "Cleanup", Time since last: 1001151575 ns, Reaching safepoint: 117006 ns, At safepoint: 17039 ns, Total: 134045 ns
[2020-09-11T13:00:17.682+0000][1][safepoint    ] Safepoint "Cleanup", Time since last: 1000222310 ns, Reaching safepoint: 89444 ns, At safepoint: 7535 ns, Total: 96979 ns
[2020-09-11T13:00:18.682+0000][1][safepoint    ] Safepoint "Cleanup", Time since last: 1000170804 ns, Reaching safepoint: 113094 ns, At safepoint: 16514 ns, Total: 129608 ns
[2020-09-11T13:00:19.683+0000][1][safepoint    ] Safepoint "Cleanup", Time since last: 1000219025 ns, Reaching safepoint: 114407 ns, At safepoint: 16849 ns, Total: 131256 ns
[2020-09-11T13:00:20.683+0000][1][safepoint    ] Safepoint "Cleanup", Time since last: 1000191338 ns, Reaching safepoint: 111587 ns, At safepoint: 15860 ns, Total: 127447 ns
[2020-09-11T13:00:21.684+0000][1][safepoint    ] Safepoint "Cleanup", Time since last: 1001005963 ns, Reaching safepoint: 129949 ns, At safepoint: 19866 ns, Total: 149815 ns
[2020-09-11T13:00:22.685+0000][1][safepoint    ] Safepoint "Cleanup", Time since last: 1001187926 ns, Reaching safepoint: 119004 ns, At safepoint: 16685 ns, Total: 135689 ns
[2020-09-11T13:00:23.688+0000][1][safepoint    ] Safepoint "Cleanup", Time since last: 1002220579 ns, Reaching safepoint: 113605 ns, At safepoint: 15786 ns, Total: 129391 ns
[2020-09-11T13:00:24.688+0000][1][safepoint    ] Safepoint "Cleanup", Time since last: 1000220021 ns, Reaching safepoint: 110962 ns, At safepoint: 16555 ns, Total: 127517 ns
[2020-09-11T13:00:25.688+0000][1][safepoint    ] Safepoint "Cleanup", Time since last: 1000224192 ns, Reaching safepoint: 87840 ns, At safepoint: 6705 ns, Total: 94545 ns
[2020-09-11T13:00:26.689+0000][1][safepoint    ] Safepoint "Cleanup", Time since last: 1000989128 ns, Reaching safepoint: 116084 ns, At safepoint: 17424 ns, Total: 133508 ns
[2020-09-11T13:00:27.690+0000][1][safepoint    ] Safepoint "Cleanup", Time since last: 1000180603 ns, Reaching safepoint: 105937 ns, At safepoint: 15843 ns, Total: 121780 ns
[2020-09-11T13:00:28.690+0000][1][safepoint    ] Safepoint "Cleanup", Time since last: 1000159649 ns, Reaching safepoint: 76842 ns, At safepoint: 6348 ns, Total: 83190 ns
[2020-09-11T13:00:29.690+0000][1][safepoint    ] Safepoint "Cleanup", Time since last: 1000190214 ns, Reaching safepoint: 86735 ns, At safepoint: 6525 ns, Total: 93260 ns
[2020-09-11T13:00:30.691+0000][1][safepoint    ] Safepoint "Cleanup", Time since last: 1000181446 ns, Reaching safepoint: 91550 ns, At safepoint: 7341 ns, Total: 98891 ns
[2020-09-11T13:00:31.692+0000][1][safepoint    ] Safepoint "Cleanup", Time since last: 1000987939 ns, Reaching safepoint: 116602 ns, At safepoint: 17203 ns, Total: 133805 ns
[2020-09-11T13:00:32.692+0000][1][safepoint    ] Safepoint "Cleanup", Time since last: 1000232170 ns, Reaching safepoint: 116258 ns, At safepoint: 17454 ns, Total: 133712 ns
[2020-09-11T13:00:33.692+0000][1][safepoint    ] Safepoint "Cleanup", Time since last: 1000245130 ns, Reaching safepoint: 124924 ns, At safepoint: 17968 ns, Total: 142892 ns
[2020-09-11T13:00:34.693+0000][1][safepoint    ] Safepoint "Cleanup", Time since last: 1000249623 ns, Reaching safepoint: 118570 ns, At safepoint: 18038 ns, Total: 136608 ns
[2020-09-11T13:00:35.693+0000][1][safepoint    ] Safepoint "Cleanup", Time since last: 1000216766 ns, Reaching safepoint: 116589 ns, At safepoint: 16478 ns, Total: 133067 ns
[2020-09-11T13:00:36.694+0000][1][safepoint    ] Safepoint "Cleanup", Time since last: 1000998417 ns, Reaching safepoint: 115466 ns, At safepoint: 17407 ns, Total: 132873 ns
[2020-09-11T13:00:37.695+0000][1][safepoint    ] Safepoint "Cleanup", Time since last: 1000214266 ns, Reaching safepoint: 103739 ns, At safepoint: 16013 ns, Total: 119752 ns
[2020-09-11T13:00:38.695+0000][1][safepoint    ] Safepoint "Cleanup", Time since last: 1000196630 ns, Reaching safepoint: 115556 ns, At safepoint: 17133 ns, Total: 132689 ns
[2020-09-11T13:00:39.695+0000][1][safepoint    ] Safepoint "Cleanup", Time since last: 1000234750 ns, Reaching safepoint: 115974 ns, At safepoint: 15352 ns, Total: 131326 ns
[2020-09-11T13:00:40.696+0000][1][safepoint    ] Safepoint "Cleanup", Time since last: 1000293051 ns, Reaching safepoint: 115403 ns, At safepoint: 17036 ns, Total: 132439 ns
[2020-09-11T13:00:41.697+0000][1][safepoint    ] Safepoint "Cleanup", Time since last: 1000914570 ns, Reaching safepoint: 117461 ns, At safepoint: 15446 ns, Total: 132907 ns
[2020-09-11T13:00:42.697+0000][1][safepoint    ] Safepoint "Cleanup", Time since last: 1000183774 ns, Reaching safepoint: 113020 ns, At safepoint: 14798 ns, Total: 127818 ns
[2020-09-11T13:00:43.697+0000][1][safepoint    ] Safepoint "Cleanup", Time since last: 1000186181 ns, Reaching safepoint: 108797 ns, At safepoint: 14500 ns, Total: 123297 ns
[2020-09-11T13:00:44.698+0000][1][safepoint    ] Safepoint "Cleanup", Time since last: 1000184324 ns, Reaching safepoint: 158344 ns, At safepoint: 35045 ns, Total: 193389 ns
[2020-09-11T13:00:45.698+0000][1][safepoint    ] Safepoint "Cleanup", Time since last: 1000216789 ns, Reaching safepoint: 116474 ns, At safepoint: 16398 ns, Total: 132872 ns
[2020-09-11T13:00:46.699+0000][1][safepoint    ] Safepoint "Cleanup", Time since last: 1000222862 ns, Reaching safepoint: 114000 ns, At safepoint: 16872 ns, Total: 130872 ns
[2020-09-11T13:00:47.699+0000][1][safepoint    ] Safepoint "Cleanup", Time since last: 1000189750 ns, Reaching safepoint: 105887 ns, At safepoint: 15947 ns, Total: 121834 ns
[2020-09-11T13:00:48.699+0000][1][safepoint    ] Safepoint "Cleanup", Time since last: 1000177539 ns, Reaching safepoint: 116782 ns, At safepoint: 16622 ns, Total: 133404 ns
[2020-09-11T13:00:49.700+0000][1][safepoint    ] Safepoint "Cleanup", Time since last: 1000231704 ns, Reaching safepoint: 161054 ns, At safepoint: 15068 ns, Total: 176122 ns
[2020-09-11T13:00:50.700+0000][1][safepoint    ] Safepoint "Cleanup", Time since last: 1000242687 ns, Reaching safepoint: 109639 ns, At safepoint: 16401 ns, Total: 126040 ns
[2020-09-11T13:00:51.700+0000][1][safepoint    ] Safepoint "Cleanup", Time since last: 1000218964 ns, Reaching safepoint: 127511 ns, At safepoint: 17019 ns, Total: 144530 ns
[2020-09-11T13:00:52.701+0000][1][safepoint    ] Safepoint "Cleanup", Time since last: 1000210024 ns, Reaching safepoint: 96796 ns, At safepoint: 7024 ns, Total: 103820 ns
[2020-09-11T13:00:53.701+0000][1][safepoint    ] Safepoint "Cleanup", Time since last: 1000197837 ns, Reaching safepoint: 216950 ns, At safepoint: 17784 ns, Total: 234734 ns
[2020-09-11T13:00:54.701+0000][1][safepoint    ] Safepoint "Cleanup", Time since last: 1000219327 ns, Reaching safepoint: 118500 ns, At safepoint: 17497 ns, Total: 135997 ns
[2020-09-11T13:00:55.702+0000][1][safepoint    ] Safepoint "Cleanup", Time since last: 1000214902 ns, Reaching safepoint: 136070 ns, At safepoint: 16221 ns, Total: 152291 ns
[2020-09-11T13:00:56.702+0000][1][safepoint    ] Safepoint "Cleanup", Time since last: 1000231072 ns, Reaching safepoint: 119796 ns, At safepoint: 16722 ns, Total: 136518 ns
[2020-09-11T13:00:57.702+0000][1][safepoint    ] Safepoint "Cleanup", Time since last: 1000218862 ns, Reaching safepoint: 105182 ns, At safepoint: 15309 ns, Total: 120491 ns
[2020-09-11T13:00:58.703+0000][1][safepoint    ] Safepoint "Cleanup", Time since last: 1000236637 ns, Reaching safepoint: 120772 ns, At safepoint: 16792 ns, Total: 137564 ns
[2020-09-11T13:00:58.792+0000][1][gc,start     ] GC(72) Pause Young (Allocation Failure)
[2020-09-11T13:00:58.792+0000][1][gc,task      ] GC(72) Using 1 workers of 1 for evacuation
[2020-09-11T13:00:58.801+0000][1][gc,age       ] GC(72) Desired survivor size 4358144 bytes, new threshold 6 (max threshold 6)
[2020-09-11T13:00:58.801+0000][1][gc,age       ] GC(72) Age table with threshold 6 (max threshold 6)
[2020-09-11T13:00:58.801+0000][1][gc,age       ] GC(72) - age   1:      36104 bytes,      36104 total
[2020-09-11T13:00:58.801+0000][1][gc,age       ] GC(72) - age   2:       2184 bytes,      38288 total
[2020-09-11T13:00:58.801+0000][1][gc,age       ] GC(72) - age   3:       1520 bytes,      39808 total
[2020-09-11T13:00:58.801+0000][1][gc,age       ] GC(72) - age   4:       4888 bytes,      44696 total
[2020-09-11T13:00:58.801+0000][1][gc,age       ] GC(72) - age   5:      12536 bytes,      57232 total
[2020-09-11T13:00:58.801+0000][1][gc,age       ] GC(72) - age   6:       4416 bytes,      61648 total
[2020-09-11T13:00:58.801+0000][1][gc,heap      ] GC(72) ParNew: 69530K->441K(76672K)
[2020-09-11T13:00:58.802+0000][1][gc,heap      ] GC(72) CMS: 64156K->64528K(439104K)
[2020-09-11T13:00:58.802+0000][1][gc,metaspace ] GC(72) Metaspace: 73692K->73692K(1118208K)
[2020-09-11T13:00:58.802+0000][1][gc           ] GC(72) Pause Young (Allocation Failure) 130M->63M(503M) 9.347ms
[2020-09-11T13:00:58.802+0000][1][gc,cpu       ] GC(72) User=0.01s Sys=0.00s Real=0.01s
[2020-09-11T13:00:58.802+0000][1][safepoint    ] Safepoint "GenCollectForAllocation", Time since last: 89257222 ns, Reaching safepoint: 82767 ns, At safepoint: 9544636 ns, Total: 9627403 ns
[2020-09-11T13:00:59.803+0000][1][safepoint    ] Safepoint "Cleanup", Time since last: 1001316804 ns, Reaching safepoint: 100314 ns, At safepoint: 41679 ns, Total: 141993 ns
[2020-09-11T13:01:00.803+0000][1][safepoint    ] Safepoint "Cleanup", Time since last: 1000195153 ns, Reaching safepoint: 115674 ns, At safepoint: 15012 ns, Total: 130686 ns
[2020-09-11T13:01:01.804+0000][1][safepoint    ] Safepoint "Cleanup", Time since last: 1000128924 ns, Reaching safepoint: 75099 ns, At safepoint: 5796 ns, Total: 80895 ns
[2020-09-11T13:01:02.804+0000][1][safepoint    ] Safepoint "Cleanup", Time since last: 1000120897 ns, Reaching safepoint: 102576 ns, At safepoint: 4911 ns, Total: 107487 ns
[2020-09-11T13:01:03.804+0000][1][safepoint    ] Safepoint "Cleanup", Time since last: 1000130875 ns, Reaching safepoint: 102931 ns, At safepoint: 13735 ns, Total: 116666 ns
[2020-09-11T13:01:04.805+0000][1][safepoint    ] Safepoint "Cleanup", Time since last: 1000144681 ns, Reaching safepoint: 206008 ns, At safepoint: 16769 ns, Total: 222777 ns
[2020-09-11T13:01:05.805+0000][1][safepoint    ] Safepoint "Cleanup", Time since last: 1000155238 ns, Reaching safepoint: 105700 ns, At safepoint: 12977 ns, Total: 118677 ns
[2020-09-11T13:01:06.806+0000][1][safepoint    ] Safepoint "Cleanup", Time since last: 1000633338 ns, Reaching safepoint: 166103 ns, At safepoint: 6432 ns, Total: 172535 ns
[2020-09-11T13:01:07.806+0000][1][safepoint    ] Safepoint "Cleanup", Time since last: 1000112641 ns, Reaching safepoint: 177452 ns, At safepoint: 7384 ns, Total: 184836 ns
[2020-09-11T13:01:08.807+0000][1][safepoint    ] Safepoint "Cleanup", Time since last: 1000537094 ns, Reaching safepoint: 313556 ns, At safepoint: 25686 ns, Total: 339242 ns
[2020-09-11T13:01:09.808+0000][1][safepoint    ] Safepoint "Cleanup", Time since last: 1000867654 ns, Reaching safepoint: 60030 ns, At safepoint: 5951 ns, Total: 65981 ns
[2020-09-11T13:01:10.808+0000][1][safepoint    ] Safepoint "Cleanup", Time since last: 1000327441 ns, Reaching safepoint: 115697 ns, At safepoint: 14079 ns, Total: 129776 ns
[2020-09-11T13:01:11.809+0000][1][safepoint    ] Safepoint "Cleanup", Time since last: 1000756904 ns, Reaching safepoint: 175230 ns, At safepoint: 6622 ns, Total: 181852 ns
[2020-09-11T13:01:12.810+0000][1][safepoint    ] Safepoint "Cleanup", Time since last: 1000213738 ns, Reaching safepoint: 175253 ns, At safepoint: 6462 ns, Total: 181715 ns
[2020-09-11T13:01:13.810+0000][1][safepoint    ] Safepoint "Cleanup", Time since last: 1000168254 ns, Reaching safepoint: 177755 ns, At safepoint: 7019 ns, Total: 184774 ns
[2020-09-11T13:01:14.810+0000][1][safepoint    ] Safepoint "Cleanup", Time since last: 1000220991 ns, Reaching safepoint: 176965 ns, At safepoint: 6847 ns, Total: 183812 ns
[2020-09-11T13:01:15.812+0000][1][safepoint    ] Safepoint "Cleanup", Time since last: 1001340335 ns, Reaching safepoint: 171282 ns, At safepoint: 7632 ns, Total: 178914 ns
[2020-09-11T13:01:16.812+0000][1][safepoint    ] Safepoint "Cleanup", Time since last: 1000125174 ns, Reaching safepoint: 206837 ns, At safepoint: 17213 ns, Total: 224050 ns
[2020-09-11T13:01:17.812+0000][1][safepoint    ] Safepoint "Cleanup", Time since last: 1000209948 ns, Reaching safepoint: 81770 ns, At safepoint: 6916 ns, Total: 88686 ns
[2020-09-11T13:01:18.813+0000][1][safepoint    ] Safepoint "Cleanup", Time since last: 1000186388 ns, Reaching safepoint: 88768 ns, At safepoint: 6273 ns, Total: 95041 ns
[2020-09-11T13:01:19.813+0000][1][safepoint    ] Safepoint "Cleanup", Time since last: 1000174128 ns, Reaching safepoint: 89748 ns, At safepoint: 6797 ns, Total: 96545 ns
[2020-09-11T13:01:20.813+0000][1][safepoint    ] Safepoint "Cleanup", Time since last: 1000150163 ns, Reaching safepoint: 113715 ns, At safepoint: 17022 ns, Total: 130737 ns
[2020-09-11T13:01:21.814+0000][1][safepoint    ] Safepoint "Cleanup", Time since last: 1000186791 ns, Reaching safepoint: 116588 ns, At safepoint: 16842 ns, Total: 133430 ns
[2020-09-11T13:01:22.814+0000][1][safepoint    ] Safepoint "Cleanup", Time since last: 1000250591 ns, Reaching safepoint: 88782 ns, At safepoint: 6333 ns, Total: 95115 ns
[2020-09-11T13:01:23.814+0000][1][safepoint    ] Safepoint "Cleanup", Time since last: 1000198678 ns, Reaching safepoint: 90942 ns, At safepoint: 8602 ns, Total: 99544 ns
[2020-09-11T13:01:24.815+0000][1][safepoint    ] Safepoint "Cleanup", Time since last: 1000172720 ns, Reaching safepoint: 93585 ns, At safepoint: 6361 ns, Total: 99946 ns
[2020-09-11T13:01:25.815+0000][1][safepoint    ] Safepoint "Cleanup", Time since last: 1000183043 ns, Reaching safepoint: 110832 ns, At safepoint: 17076 ns, Total: 127908 ns
[2020-09-11T13:01:26.815+0000][1][safepoint    ] Safepoint "Cleanup", Time since last: 1000220926 ns, Reaching safepoint: 117631 ns, At safepoint: 16114 ns, Total: 133745 ns
[2020-09-11T13:01:27.816+0000][1][safepoint    ] Safepoint "Cleanup", Time since last: 1000243990 ns, Reaching safepoint: 94146 ns, At safepoint: 6491 ns, Total: 100637 ns
[2020-09-11T13:01:28.816+0000][1][safepoint    ] Safepoint "Cleanup", Time since last: 1000164298 ns, Reaching safepoint: 108850 ns, At safepoint: 15656 ns, Total: 124506 ns
[2020-09-11T13:01:29.816+0000][1][safepoint    ] Safepoint "Cleanup", Time since last: 1000152680 ns, Reaching safepoint: 63638 ns, At safepoint: 7582 ns, Total: 71220 ns
[2020-09-11T13:01:30.816+0000][1][safepoint    ] Safepoint "Cleanup", Time since last: 1000185294 ns, Reaching safepoint: 132111 ns, At safepoint: 20190 ns, Total: 152301 ns
[2020-09-11T13:01:31.817+0000][1][safepoint    ] Safepoint "Cleanup", Time since last: 1000191710 ns, Reaching safepoint: 109164 ns, At safepoint: 19679 ns, Total: 128843 ns
[2020-09-11T13:01:32.817+0000][1][safepoint    ] Safepoint "Cleanup", Time since last: 1000224666 ns, Reaching safepoint: 113445 ns, At safepoint: 18703 ns, Total: 132148 ns
[2020-09-11T13:01:33.817+0000][1][safepoint    ] Safepoint "Cleanup", Time since last: 1000186705 ns, Reaching safepoint: 114426 ns, At safepoint: 15740 ns, Total: 130166 ns
[2020-09-11T13:01:34.818+0000][1][safepoint    ] Safepoint "Cleanup", Time since last: 1000222040 ns, Reaching safepoint: 119041 ns, At safepoint: 20661 ns, Total: 139702 ns
[2020-09-11T13:01:35.818+0000][1][safepoint    ] Safepoint "Cleanup", Time since last: 1000256077 ns, Reaching safepoint: 111978 ns, At safepoint: 19331 ns, Total: 131309 ns
[2020-09-11T13:01:36.818+0000][1][safepoint    ] Safepoint "Cleanup", Time since last: 1000225546 ns, Reaching safepoint: 107651 ns, At safepoint: 19101 ns, Total: 126752 ns
[2020-09-11T13:01:37.819+0000][1][safepoint    ] Safepoint "Cleanup", Time since last: 1000222846 ns, Reaching safepoint: 106900 ns, At safepoint: 18753 ns, Total: 125653 ns
[2020-09-11T13:01:38.819+0000][1][safepoint    ] Safepoint "Cleanup", Time since last: 1000235940 ns, Reaching safepoint: 82266 ns, At safepoint: 7289 ns, Total: 89555 ns
[2020-09-11T13:01:39.819+0000][1][safepoint    ] Safepoint "Cleanup", Time since last: 1000177573 ns, Reaching safepoint: 138218 ns, At safepoint: 17277 ns, Total: 155495 ns
[2020-09-11T13:01:40.820+0000][1][safepoint    ] Safepoint "Cleanup", Time since last: 1000220411 ns, Reaching safepoint: 81583 ns, At safepoint: 7858 ns, Total: 89441 ns
[2020-09-11T13:01:41.820+0000][1][safepoint    ] Safepoint "Cleanup", Time since last: 1000192935 ns, Reaching safepoint: 131075 ns, At safepoint: 21754 ns, Total: 152829 ns
[2020-09-11T13:01:42.821+0000][1][safepoint    ] Safepoint "Cleanup", Time since last: 1000247920 ns, Reaching safepoint: 106114 ns, At safepoint: 19061 ns, Total: 125175 ns
[2020-09-11T13:01:43.821+0000][1][safepoint    ] Safepoint "Cleanup", Time since last: 1000183667 ns, Reaching safepoint: 98704 ns, At safepoint: 15395 ns, Total: 114099 ns
[2020-09-11T13:01:44.821+0000][1][safepoint    ] Safepoint "Cleanup", Time since last: 1000212530 ns, Reaching safepoint: 108450 ns, At safepoint: 18803 ns, Total: 127253 ns
[2020-09-11T13:01:45.822+0000][1][safepoint    ] Safepoint "Cleanup", Time since last: 1000215232 ns, Reaching safepoint: 136752 ns, At safepoint: 19806 ns, Total: 156558 ns
[2020-09-11T13:01:46.822+0000][1][safepoint    ] Safepoint "Cleanup", Time since last: 1000178889 ns, Reaching safepoint: 105897 ns, At safepoint: 17978 ns, Total: 123875 ns
[2020-09-11T13:01:47.822+0000][1][safepoint    ] Safepoint "Cleanup", Time since last: 1000177724 ns, Reaching safepoint: 55299 ns, At safepoint: 6693 ns, Total: 61992 ns
[2020-09-11T13:01:48.822+0000][1][safepoint    ] Safepoint "Cleanup", Time since last: 1000162953 ns, Reaching safepoint: 106198 ns, At safepoint: 18179 ns, Total: 124377 ns
[2020-09-11T13:01:49.823+0000][1][safepoint    ] Safepoint "Cleanup", Time since last: 1000190725 ns, Reaching safepoint: 106846 ns, At safepoint: 16154 ns, Total: 123000 ns
[2020-09-11T13:01:50.823+0000][1][safepoint    ] Safepoint "Cleanup", Time since last: 1000213916 ns, Reaching safepoint: 103949 ns, At safepoint: 16334 ns, Total: 120283 ns
[2020-09-11T13:01:51.823+0000][1][safepoint    ] Safepoint "Cleanup", Time since last: 1000189684 ns, Reaching safepoint: 110982 ns, At safepoint: 18744 ns, Total: 129726 ns
[2020-09-11T13:01:52.824+0000][1][safepoint    ] Safepoint "Cleanup", Time since last: 1000244874 ns, Reaching safepoint: 101189 ns, At safepoint: 16902 ns, Total: 118091 ns
[2020-09-11T13:01:53.824+0000][1][safepoint    ] Safepoint "Cleanup", Time since last: 1000251808 ns, Reaching safepoint: 87042 ns, At safepoint: 7518 ns, Total: 94560 ns
[2020-09-11T13:01:54.824+0000][1][safepoint    ] Safepoint "Cleanup", Time since last: 1000181603 ns, Reaching safepoint: 104691 ns, At safepoint: 18483 ns, Total: 123174 ns
[2020-09-11T13:01:55.825+0000][1][safepoint    ] Safepoint "Cleanup", Time since last: 1000177694 ns, Reaching safepoint: 107197 ns, At safepoint: 18272 ns, Total: 125469 ns
[2020-09-11T13:01:56.825+0000][1][safepoint    ] Safepoint "Cleanup", Time since last: 1000241950 ns, Reaching safepoint: 107287 ns, At safepoint: 18423 ns, Total: 125710 ns
[2020-09-11T13:01:57.825+0000][1][safepoint    ] Safepoint "Cleanup", Time since last: 1000224345 ns, Reaching safepoint: 107651 ns, At safepoint: 18917 ns, Total: 126568 ns
[2020-09-11T13:01:58.826+0000][1][safepoint    ] Safepoint "Cleanup", Time since last: 1000224731 ns, Reaching safepoint: 78071 ns, At safepoint: 7416 ns, Total: 85487 ns
[2020-09-11T13:01:59.826+0000][1][safepoint    ] Safepoint "Cleanup", Time since last: 1000199926 ns, Reaching safepoint: 106562 ns, At safepoint: 20193 ns, Total: 126755 ns
[2020-09-11T13:02:00.826+0000][1][safepoint    ] Safepoint "Cleanup", Time since last: 1000227574 ns, Reaching safepoint: 104704 ns, At safepoint: 17901 ns, Total: 122605 ns
[2020-09-11T13:02:01.827+0000][1][safepoint    ] Safepoint "Cleanup", Time since last: 1000227201 ns, Reaching safepoint: 81385 ns, At safepoint: 8103 ns, Total: 89488 ns
[2020-09-11T13:02:02.828+0000][1][safepoint    ] Safepoint "Cleanup", Time since last: 1000776394 ns, Reaching safepoint: 94302 ns, At safepoint: 7737 ns, Total: 102039 ns
[2020-09-11T13:02:03.828+0000][1][safepoint    ] Safepoint "Cleanup", Time since last: 1000185381 ns, Reaching safepoint: 88482 ns, At safepoint: 7935 ns, Total: 96417 ns
[2020-09-11T13:02:04.828+0000][1][safepoint    ] Safepoint "Cleanup", Time since last: 1000186617 ns, Reaching safepoint: 79454 ns, At safepoint: 7912 ns, Total: 87366 ns
[2020-09-11T13:02:05.828+0000][1][safepoint    ] Safepoint "Cleanup", Time since last: 1000209596 ns, Reaching safepoint: 84556 ns, At safepoint: 8457 ns, Total: 93013 ns
[2020-09-11T13:02:06.829+0000][1][safepoint    ] Safepoint "Cleanup", Time since last: 1000173393 ns, Reaching safepoint: 106772 ns, At safepoint: 18450 ns, Total: 125222 ns
[2020-09-11T13:02:06.901+0000][1][gc,start     ] GC(73) Pause Young (Allocation Failure)
[2020-09-11T13:02:06.901+0000][1][gc,task      ] GC(73) Using 1 workers of 1 for evacuation
[2020-09-11T13:02:06.905+0000][1][gc,age       ] GC(73) Desired survivor size 4358144 bytes, new threshold 6 (max threshold 6)
[2020-09-11T13:02:06.905+0000][1][gc,age       ] GC(73) Age table with threshold 6 (max threshold 6)
[2020-09-11T13:02:06.905+0000][1][gc,age       ] GC(73) - age   1:       9800 bytes,       9800 total
[2020-09-11T13:02:06.905+0000][1][gc,age       ] GC(73) - age   2:      29392 bytes,      39192 total
[2020-09-11T13:02:06.905+0000][1][gc,age       ] GC(73) - age   3:       2184 bytes,      41376 total
[2020-09-11T13:02:06.905+0000][1][gc,age       ] GC(73) - age   4:       1520 bytes,      42896 total
[2020-09-11T13:02:06.905+0000][1][gc,age       ] GC(73) - age   5:       4888 bytes,      47784 total
[2020-09-11T13:02:06.905+0000][1][gc,age       ] GC(73) - age   6:      12536 bytes,      60320 total
[2020-09-11T13:02:06.905+0000][1][gc,heap      ] GC(73) ParNew: 68601K->121K(76672K)
[2020-09-11T13:02:06.905+0000][1][gc,heap      ] GC(73) CMS: 64528K->64532K(439104K)
[2020-09-11T13:02:06.905+0000][1][gc,metaspace ] GC(73) Metaspace: 73755K->73755K(1118208K)
[2020-09-11T13:02:06.905+0000][1][gc           ] GC(73) Pause Young (Allocation Failure) 130M->63M(503M) 4.080ms
[2020-09-11T13:02:06.905+0000][1][gc,cpu       ] GC(73) User=0.00s Sys=0.00s Real=0.01s
[2020-09-11T13:02:06.905+0000][1][safepoint    ] Safepoint "GenCollectForAllocation", Time since last: 72268263 ns, Reaching safepoint: 174941 ns, At safepoint: 4141661 ns, Total: 4316602 ns
[2020-09-11T13:02:07.909+0000][1][safepoint    ] Safepoint "Cleanup", Time since last: 1003608244 ns, Reaching safepoint: 170549 ns, At safepoint: 19720 ns, Total: 190269 ns
[2020-09-11T13:02:08.909+0000][1][safepoint    ] Safepoint "Cleanup", Time since last: 1000163015 ns, Reaching safepoint: 47585 ns, At safepoint: 6434 ns, Total: 54019 ns
[2020-09-11T13:02:09.910+0000][1][safepoint    ] Safepoint "Cleanup", Time since last: 1000871449 ns, Reaching safepoint: 210581 ns, At safepoint: 21082 ns, Total: 231663 ns
[2020-09-11T13:02:10.911+0000][1][safepoint    ] Safepoint "Cleanup", Time since last: 1000157068 ns, Reaching safepoint: 59065 ns, At safepoint: 6069 ns, Total: 65134 ns
[2020-09-11T13:02:11.911+0000][1][safepoint    ] Safepoint "Cleanup", Time since last: 1000128797 ns, Reaching safepoint: 322490 ns, At safepoint: 7700 ns, Total: 330190 ns
[2020-09-11T13:02:12.912+0000][1][safepoint    ] Safepoint "Cleanup", Time since last: 1000637923 ns, Reaching safepoint: 81302 ns, At safepoint: 7857 ns, Total: 89159 ns
[2020-09-11T13:02:13.912+0000][1][safepoint    ] Safepoint "Cleanup", Time since last: 1000349812 ns, Reaching safepoint: 120314 ns, At safepoint: 18746 ns, Total: 139060 ns
[2020-09-11T13:02:14.913+0000][1][safepoint    ] Safepoint "Cleanup", Time since last: 1000234544 ns, Reaching safepoint: 108724 ns, At safepoint: 16184 ns, Total: 124908 ns
[2020-09-11T13:02:15.913+0000][1][safepoint    ] Safepoint "Cleanup", Time since last: 1000234406 ns, Reaching safepoint: 119766 ns, At safepoint: 18041 ns, Total: 137807 ns
[2020-09-11T13:02:16.913+0000][1][safepoint    ] Safepoint "Cleanup", Time since last: 1000244806 ns, Reaching safepoint: 151920 ns, At safepoint: 19107 ns, Total: 171027 ns
[2020-09-11T13:02:17.914+0000][1][safepoint    ] Safepoint "Cleanup", Time since last: 1000222090 ns, Reaching safepoint: 112495 ns, At safepoint: 19007 ns, Total: 131502 ns
[2020-09-11T13:02:18.914+0000][1][safepoint    ] Safepoint "Cleanup", Time since last: 1000223629 ns, Reaching safepoint: 103188 ns, At safepoint: 8337 ns, Total: 111525 ns
[2020-09-11T13:02:19.914+0000][1][safepoint    ] Safepoint "Cleanup", Time since last: 1000203130 ns, Reaching safepoint: 113194 ns, At safepoint: 17453 ns, Total: 130647 ns
[2020-09-11T13:02:20.915+0000][1][safepoint    ] Safepoint "Cleanup", Time since last: 1000220248 ns, Reaching safepoint: 110153 ns, At safepoint: 17307 ns, Total: 127460 ns
[2020-09-11T13:02:21.915+0000][1][safepoint    ] Safepoint "Cleanup", Time since last: 1000231088 ns, Reaching safepoint: 113929 ns, At safepoint: 19111 ns, Total: 133040 ns
[2020-09-11T13:02:22.917+0000][1][safepoint    ] Safepoint "Cleanup", Time since last: 1001199646 ns, Reaching safepoint: 122155 ns, At safepoint: 20878 ns, Total: 143033 ns
[2020-09-11T13:02:23.917+0000][1][safepoint    ] Safepoint "Cleanup", Time since last: 1000243050 ns, Reaching safepoint: 77622 ns, At safepoint: 8415 ns, Total: 86037 ns
[2020-09-11T13:02:24.917+0000][1][safepoint    ] Safepoint "Cleanup", Time since last: 1000195812 ns, Reaching safepoint: 109987 ns, At safepoint: 17897 ns, Total: 127884 ns
[2020-09-11T13:02:25.918+0000][1][safepoint    ] Safepoint "Cleanup", Time since last: 1000256549 ns, Reaching safepoint: 93073 ns, At safepoint: 8504 ns, Total: 101577 ns
[2020-09-11T13:02:26.918+0000][1][safepoint    ] Safepoint "Cleanup", Time since last: 1000201934 ns, Reaching safepoint: 112536 ns, At safepoint: 18472 ns, Total: 131008 ns
[2020-09-11T13:02:27.919+0000][1][safepoint    ] Safepoint "Cleanup", Time since last: 1000982073 ns, Reaching safepoint: 66874 ns, At safepoint: 8192 ns, Total: 75066 ns
[2020-09-11T13:02:28.919+0000][1][safepoint    ] Safepoint "Cleanup", Time since last: 1000162468 ns, Reaching safepoint: 101504 ns, At safepoint: 7319 ns, Total: 108823 ns
[2020-09-11T13:02:29.920+0000][1][safepoint    ] Safepoint "Cleanup", Time since last: 1000255483 ns, Reaching safepoint: 112683 ns, At safepoint: 16237 ns, Total: 128920 ns
[2020-09-11T13:02:30.920+0000][1][safepoint    ] Safepoint "Cleanup", Time since last: 1000231874 ns, Reaching safepoint: 89279 ns, At safepoint: 7366 ns, Total: 96645 ns
[2020-09-11T13:02:31.920+0000][1][safepoint    ] Safepoint "Cleanup", Time since last: 1000187784 ns, Reaching safepoint: 113709 ns, At safepoint: 19164 ns, Total: 132873 ns
[2020-09-11T13:02:32.921+0000][1][safepoint    ] Safepoint "Cleanup", Time since last: 1001012233 ns, Reaching safepoint: 111834 ns, At safepoint: 16605 ns, Total: 128439 ns
[2020-09-11T13:02:33.922+0000][1][safepoint    ] Safepoint "Cleanup", Time since last: 1000232480 ns, Reaching safepoint: 110244 ns, At safepoint: 17340 ns, Total: 127584 ns
[2020-09-11T13:02:34.922+0000][1][safepoint    ] Safepoint "Cleanup", Time since last: 1000231257 ns, Reaching safepoint: 103719 ns, At safepoint: 19204 ns, Total: 122923 ns
[2020-09-11T13:02:35.922+0000][1][safepoint    ] Safepoint "Cleanup", Time since last: 1000220046 ns, Reaching safepoint: 104290 ns, At safepoint: 16836 ns, Total: 121126 ns
[2020-09-11T13:02:36.923+0000][1][safepoint    ] Safepoint "Cleanup", Time since last: 1000227028 ns, Reaching safepoint: 112539 ns, At safepoint: 18272 ns, Total: 130811 ns
[2020-09-11T13:02:37.924+0000][1][safepoint    ] Safepoint "Cleanup", Time since last: 1001015385 ns, Reaching safepoint: 109726 ns, At safepoint: 17160 ns, Total: 126886 ns
[2020-09-11T13:02:38.924+0000][1][safepoint    ] Safepoint "Cleanup", Time since last: 1000229932 ns, Reaching safepoint: 114230 ns, At safepoint: 19337 ns, Total: 133567 ns
[2020-09-11T13:02:39.925+0000][1][safepoint    ] Safepoint "Cleanup", Time since last: 1000169565 ns, Reaching safepoint: 112636 ns, At safepoint: 20474 ns, Total: 133110 ns
[2020-09-11T13:02:40.925+0000][1][safepoint    ] Safepoint "Cleanup", Time since last: 1000197569 ns, Reaching safepoint: 111891 ns, At safepoint: 18596 ns, Total: 130487 ns
[2020-09-11T13:02:41.925+0000][1][safepoint    ] Safepoint "Cleanup", Time since last: 1000251839 ns, Reaching safepoint: 76438 ns, At safepoint: 8354 ns, Total: 84792 ns
[2020-09-11T13:02:42.926+0000][1][safepoint    ] Safepoint "Cleanup", Time since last: 1000868554 ns, Reaching safepoint: 87213 ns, At safepoint: 8121 ns, Total: 95334 ns
[2020-09-11T13:02:43.927+0000][1][safepoint    ] Safepoint "Cleanup", Time since last: 1000209493 ns, Reaching safepoint: 85082 ns, At safepoint: 8937 ns, Total: 94019 ns
[2020-09-11T13:02:44.927+0000][1][safepoint    ] Safepoint "Cleanup", Time since last: 1000214278 ns, Reaching safepoint: 107550 ns, At safepoint: 19241 ns, Total: 126791 ns
[2020-09-11T13:02:45.927+0000][1][safepoint    ] Safepoint "Cleanup", Time since last: 1000242592 ns, Reaching safepoint: 110769 ns, At safepoint: 18977 ns, Total: 129746 ns
[2020-09-11T13:02:46.928+0000][1][safepoint    ] Safepoint "Cleanup", Time since last: 1000228928 ns, Reaching safepoint: 110173 ns, At safepoint: 18383 ns, Total: 128556 ns
[2020-09-11T13:02:47.928+0000][1][safepoint    ] Safepoint "Cleanup", Time since last: 1000244205 ns, Reaching safepoint: 113507 ns, At safepoint: 17982 ns, Total: 131489 ns
[2020-09-11T13:02:48.928+0000][1][safepoint    ] Safepoint "Cleanup", Time since last: 1000228894 ns, Reaching safepoint: 111978 ns, At safepoint: 17898 ns, Total: 129876 ns
[2020-09-11T13:02:49.929+0000][1][safepoint    ] Safepoint "Cleanup", Time since last: 1000246720 ns, Reaching safepoint: 84121 ns, At safepoint: 7795 ns, Total: 91916 ns
[2020-09-11T13:02:50.417+0000][1][safepoint    ] Safepoint "RevokeBias", Time since last: 488370689 ns, Reaching safepoint: 171424 ns, At safepoint: 26534 ns, Total: 197958 ns
[2020-09-11T13:02:50.417+0000][1][safepoint    ] Safepoint "RevokeBias", Time since last: 86120 ns, Reaching safepoint: 16838 ns, At safepoint: 12319 ns, Total: 29157 ns
[2020-09-11T13:02:50.418+0000][1][safepoint    ] Safepoint "RevokeBias", Time since last: 181967 ns, Reaching safepoint: 19314 ns, At safepoint: 11184 ns, Total: 30498 ns
[2020-09-11T13:02:50.418+0000][1][safepoint    ] Safepoint "RevokeBias", Time since last: 40574 ns, Reaching safepoint: 17232 ns, At safepoint: 10443 ns, Total: 27675 ns
[2020-09-11T13:02:51.418+0000][1][safepoint    ] Safepoint "Cleanup", Time since last: 1000144324 ns, Reaching safepoint: 110401 ns, At safepoint: 17855 ns, Total: 128256 ns
[2020-09-11T13:02:52.418+0000][1][safepoint    ] Safepoint "Cleanup", Time since last: 1000230252 ns, Reaching safepoint: 106946 ns, At safepoint: 19341 ns, Total: 126287 ns
[2020-09-11T13:02:53.419+0000][1][safepoint    ] Safepoint "Cleanup", Time since last: 1000194332 ns, Reaching safepoint: 118422 ns, At safepoint: 22963 ns, Total: 141385 ns
[2020-09-11T13:02:54.419+0000][1][safepoint    ] Safepoint "Cleanup", Time since last: 1000186570 ns, Reaching safepoint: 108833 ns, At safepoint: 18099 ns, Total: 126932 ns
[2020-09-11T13:02:55.419+0000][1][safepoint    ] Safepoint "Cleanup", Time since last: 1000228997 ns, Reaching safepoint: 84305 ns, At safepoint: 7595 ns, Total: 91900 ns
[2020-09-11T13:02:56.420+0000][1][safepoint    ] Safepoint "Cleanup", Time since last: 1000139792 ns, Reaching safepoint: 160887 ns, At safepoint: 17637 ns, Total: 178524 ns
[2020-09-11T13:02:57.420+0000][1][safepoint    ] Safepoint "Cleanup", Time since last: 1000256686 ns, Reaching safepoint: 79341 ns, At safepoint: 7349 ns, Total: 86690 ns
[2020-09-11T13:02:58.420+0000][1][safepoint    ] Safepoint "Cleanup", Time since last: 1000195957 ns, Reaching safepoint: 122388 ns, At safepoint: 20247 ns, Total: 142635 ns
[2020-09-11T13:02:59.421+0000][1][safepoint    ] Safepoint "Cleanup", Time since last: 1000217430 ns, Reaching safepoint: 110855 ns, At safepoint: 18927 ns, Total: 129782 ns
[2020-09-11T13:03:00.421+0000][1][safepoint    ] Safepoint "Cleanup", Time since last: 1000201356 ns, Reaching safepoint: 96359 ns, At safepoint: 8463 ns, Total: 104822 ns
[2020-09-11T13:03:01.421+0000][1][safepoint    ] Safepoint "Cleanup", Time since last: 1000205359 ns, Reaching safepoint: 114944 ns, At safepoint: 20133 ns, Total: 135077 ns
[2020-09-11T13:03:02.422+0000][1][safepoint    ] Safepoint "Cleanup", Time since last: 1000197794 ns, Reaching safepoint: 102228 ns, At safepoint: 8209 ns, Total: 110437 ns
[2020-09-11T13:03:03.422+0000][1][safepoint    ] Safepoint "Cleanup", Time since last: 1000193579 ns, Reaching safepoint: 107160 ns, At safepoint: 19121 ns, Total: 126281 ns
[2020-09-11T13:03:04.422+0000][1][safepoint    ] Safepoint "Cleanup", Time since last: 1000178715 ns, Reaching safepoint: 127036 ns, At safepoint: 18429 ns, Total: 145465 ns
[2020-09-11T13:03:05.423+0000][1][safepoint    ] Safepoint "Cleanup", Time since last: 1000244577 ns, Reaching safepoint: 86715 ns, At safepoint: 8100 ns, Total: 94815 ns
[2020-09-11T13:03:06.423+0000][1][safepoint    ] Safepoint "Cleanup", Time since last: 1000205212 ns, Reaching safepoint: 111319 ns, At safepoint: 19599 ns, Total: 130918 ns
[2020-09-11T13:03:07.423+0000][1][safepoint    ] Safepoint "Cleanup", Time since last: 1000253892 ns, Reaching safepoint: 112465 ns, At safepoint: 17764 ns, Total: 130229 ns
[2020-09-11T13:03:08.424+0000][1][safepoint    ] Safepoint "Cleanup", Time since last: 1000278742 ns, Reaching safepoint: 77101 ns, At safepoint: 7828 ns, Total: 84929 ns
[2020-09-11T13:03:09.424+0000][1][safepoint    ] Safepoint "Cleanup", Time since last: 1000211050 ns, Reaching safepoint: 78295 ns, At safepoint: 7604 ns, Total: 85899 ns
[2020-09-11T13:03:10.424+0000][1][safepoint    ] Safepoint "Cleanup", Time since last: 1000143107 ns, Reaching safepoint: 107788 ns, At safepoint: 8391 ns, Total: 116179 ns
[2020-09-11T13:03:11.425+0000][1][safepoint    ] Safepoint "Cleanup", Time since last: 1000271982 ns, Reaching safepoint: 125910 ns, At safepoint: 19525 ns, Total: 145435 ns
[2020-09-11T13:03:12.024+0000][1][gc,start     ] GC(74) Pause Young (Allocation Failure)
[2020-09-11T13:03:12.024+0000][1][gc,task      ] GC(74) Using 1 workers of 1 for evacuation
[2020-09-11T13:03:12.028+0000][1][gc,age       ] GC(74) Desired survivor size 4358144 bytes, new threshold 6 (max threshold 6)
[2020-09-11T13:03:12.028+0000][1][gc,age       ] GC(74) Age table with threshold 6 (max threshold 6)
[2020-09-11T13:03:12.028+0000][1][gc,age       ] GC(74) - age   1:      10176 bytes,      10176 total
[2020-09-11T13:03:12.028+0000][1][gc,age       ] GC(74) - age   2:       2848 bytes,      13024 total
[2020-09-11T13:03:12.028+0000][1][gc,age       ] GC(74) - age   3:      28856 bytes,      41880 total
[2020-09-11T13:03:12.028+0000][1][gc,age       ] GC(74) - age   4:       2184 bytes,      44064 total
[2020-09-11T13:03:12.028+0000][1][gc,age       ] GC(74) - age   5:       1520 bytes,      45584 total
[2020-09-11T13:03:12.028+0000][1][gc,age       ] GC(74) - age   6:       4888 bytes,      50472 total
[2020-09-11T13:03:12.028+0000][1][gc,heap      ] GC(74) ParNew: 68281K->52K(76672K)
[2020-09-11T13:03:12.028+0000][1][gc,heap      ] GC(74) CMS: 64532K->64545K(439104K)
[2020-09-11T13:03:12.028+0000][1][gc,metaspace ] GC(74) Metaspace: 73768K->73768K(1118208K)
[2020-09-11T13:03:12.028+0000][1][gc           ] GC(74) Pause Young (Allocation Failure) 129M->63M(503M) 3.795ms
[2020-09-11T13:03:12.028+0000][1][gc,cpu       ] GC(74) User=0.01s Sys=0.00s Real=0.00s
[2020-09-11T13:03:12.028+0000][1][safepoint    ] Safepoint "GenCollectForAllocation", Time since last: 599580416 ns, Reaching safepoint: 174608 ns, At safepoint: 3941381 ns, Total: 4115989 ns
[2020-09-11T13:03:13.030+0000][1][safepoint    ] Safepoint "Cleanup", Time since last: 1001307901 ns, Reaching safepoint: 90288 ns, At safepoint: 17292 ns, Total: 107580 ns
[2020-09-11T13:03:14.030+0000][1][safepoint    ] Safepoint "Cleanup", Time since last: 1000136813 ns, Reaching safepoint: 98825 ns, At safepoint: 6071 ns, Total: 104896 ns
[2020-09-11T13:03:15.030+0000][1][safepoint    ] Safepoint "Cleanup", Time since last: 1000147086 ns, Reaching safepoint: 94060 ns, At safepoint: 14279 ns, Total: 108339 ns
[2020-09-11T13:03:16.030+0000][1][safepoint    ] Safepoint "Cleanup", Time since last: 1000164264 ns, Reaching safepoint: 93241 ns, At safepoint: 13391 ns, Total: 106632 ns
[2020-09-11T13:03:17.031+0000][1][safepoint    ] Safepoint "Cleanup", Time since last: 1000140231 ns, Reaching safepoint: 133635 ns, At safepoint: 10385 ns, Total: 144020 ns
[2020-09-11T13:03:18.031+0000][1][safepoint    ] Safepoint "Cleanup", Time since last: 1000129042 ns, Reaching safepoint: 225766 ns, At safepoint: 17560 ns, Total: 243326 ns
[2020-09-11T13:03:19.033+0000][1][safepoint    ] Safepoint "Cleanup", Time since last: 1001957646 ns, Reaching safepoint: 329686 ns, At safepoint: 21780 ns, Total: 351466 ns
[2020-09-11T13:03:20.034+0000][1][safepoint    ] Safepoint "Cleanup", Time since last: 1000183599 ns, Reaching safepoint: 88365 ns, At safepoint: 6766 ns, Total: 95131 ns
[2020-09-11T13:03:21.034+0000][1][safepoint    ] Safepoint "Cleanup", Time since last: 1000188148 ns, Reaching safepoint: 75129 ns, At safepoint: 7246 ns, Total: 82375 ns
[2020-09-11T13:03:22.034+0000][1][safepoint    ] Safepoint "Cleanup", Time since last: 1000122884 ns, Reaching safepoint: 212326 ns, At safepoint: 18415 ns, Total: 230741 ns
[2020-09-11T13:03:23.035+0000][1][safepoint    ] Safepoint "Cleanup", Time since last: 1000215179 ns, Reaching safepoint: 96726 ns, At safepoint: 7894 ns, Total: 104620 ns
[2020-09-11T13:03:24.035+0000][1][safepoint    ] Safepoint "Cleanup", Time since last: 1000197385 ns, Reaching safepoint: 86055 ns, At safepoint: 6858 ns, Total: 92913 ns
[2020-09-11T13:03:25.035+0000][1][safepoint    ] Safepoint "Cleanup", Time since last: 1000208341 ns, Reaching safepoint: 107544 ns, At safepoint: 17904 ns, Total: 125448 ns
[2020-09-11T13:03:26.036+0000][1][safepoint    ] Safepoint "Cleanup", Time since last: 1000244882 ns, Reaching safepoint: 106716 ns, At safepoint: 17096 ns, Total: 123812 ns
[2020-09-11T13:03:27.036+0000][1][safepoint    ] Safepoint "Cleanup", Time since last: 1000236878 ns, Reaching safepoint: 121302 ns, At safepoint: 18092 ns, Total: 139394 ns
[2020-09-11T13:03:28.036+0000][1][safepoint    ] Safepoint "Cleanup", Time since last: 1000215808 ns, Reaching safepoint: 117701 ns, At safepoint: 18602 ns, Total: 136303 ns
[2020-09-11T13:03:29.037+0000][1][safepoint    ] Safepoint "Cleanup", Time since last: 1000231076 ns, Reaching safepoint: 93519 ns, At safepoint: 8550 ns, Total: 102069 ns
[2020-09-11T13:03:30.037+0000][1][safepoint    ] Safepoint "Cleanup", Time since last: 1000180641 ns, Reaching safepoint: 106920 ns, At safepoint: 17182 ns, Total: 124102 ns
[2020-09-11T13:03:31.037+0000][1][safepoint    ] Safepoint "Cleanup", Time since last: 1000227082 ns, Reaching safepoint: 119686 ns, At safepoint: 20106 ns, Total: 139792 ns
[2020-09-11T13:03:32.038+0000][1][safepoint    ] Safepoint "Cleanup", Time since last: 1000242194 ns, Reaching safepoint: 116217 ns, At safepoint: 17243 ns, Total: 133460 ns
[2020-09-11T13:03:33.038+0000][1][safepoint    ] Safepoint "Cleanup", Time since last: 1000222240 ns, Reaching safepoint: 113030 ns, At safepoint: 19451 ns, Total: 132481 ns
[2020-09-11T13:03:34.038+0000][1][safepoint    ] Safepoint "Cleanup", Time since last: 1000232326 ns, Reaching safepoint: 94129 ns, At safepoint: 7255 ns, Total: 101384 ns
[2020-09-11T13:03:35.040+0000][1][safepoint    ] Safepoint "Cleanup", Time since last: 1001182727 ns, Reaching safepoint: 75898 ns, At safepoint: 7700 ns, Total: 83598 ns
[2020-09-11T13:03:36.040+0000][1][safepoint    ] Safepoint "Cleanup", Time since last: 1000189423 ns, Reaching safepoint: 89146 ns, At safepoint: 7228 ns, Total: 96374 ns
[2020-09-11T13:03:37.040+0000][1][safepoint    ] Safepoint "Cleanup", Time since last: 1000171225 ns, Reaching safepoint: 91822 ns, At safepoint: 8109 ns, Total: 99931 ns
[2020-09-11T13:03:38.041+0000][1][safepoint    ] Safepoint "Cleanup", Time since last: 1000161717 ns, Reaching safepoint: 96486 ns, At safepoint: 6815 ns, Total: 103301 ns
[2020-09-11T13:03:39.041+0000][1][safepoint    ] Safepoint "Cleanup", Time since last: 1000151854 ns, Reaching safepoint: 251280 ns, At safepoint: 8887 ns, Total: 260167 ns
[2020-09-11T13:03:40.042+0000][1][safepoint    ] Safepoint "Cleanup", Time since last: 1000789131 ns, Reaching safepoint: 105747 ns, At safepoint: 19030 ns, Total: 124777 ns
[2020-09-11T13:03:41.042+0000][1][safepoint    ] Safepoint "Cleanup", Time since last: 1000227043 ns, Reaching safepoint: 111957 ns, At safepoint: 19836 ns, Total: 131793 ns
[2020-09-11T13:03:42.043+0000][1][safepoint    ] Safepoint "Cleanup", Time since last: 1000240922 ns, Reaching safepoint: 80015 ns, At safepoint: 7375 ns, Total: 87390 ns
[2020-09-11T13:03:43.043+0000][1][safepoint    ] Safepoint "Cleanup", Time since last: 1000195783 ns, Reaching safepoint: 112275 ns, At safepoint: 19826 ns, Total: 132101 ns
[2020-09-11T13:03:44.043+0000][1][safepoint    ] Safepoint "Cleanup", Time since last: 1000250945 ns, Reaching safepoint: 110144 ns, At safepoint: 18642 ns, Total: 128786 ns
[2020-09-11T13:03:45.044+0000][1][safepoint    ] Safepoint "Cleanup", Time since last: 1001071314 ns, Reaching safepoint: 107170 ns, At safepoint: 16154 ns, Total: 123324 ns
[2020-09-11T13:03:46.045+0000][1][safepoint    ] Safepoint "Cleanup", Time since last: 1000231143 ns, Reaching safepoint: 85247 ns, At safepoint: 6626 ns, Total: 91873 ns
[2020-09-11T13:03:47.045+0000][1][safepoint    ] Safepoint "Cleanup", Time since last: 1000129519 ns, Reaching safepoint: 74775 ns, At safepoint: 8401 ns, Total: 83176 ns
[2020-09-11T13:03:48.045+0000][1][safepoint    ] Safepoint "Cleanup", Time since last: 1000141792 ns, Reaching safepoint: 135592 ns, At safepoint: 6799 ns, Total: 142391 ns
[2020-09-11T13:03:49.046+0000][1][safepoint    ] Safepoint "Cleanup", Time since last: 1000180209 ns, Reaching safepoint: 108389 ns, At safepoint: 17804 ns, Total: 126193 ns
[2020-09-11T13:03:50.047+0000][1][safepoint    ] Safepoint "Cleanup", Time since last: 1001037453 ns, Reaching safepoint: 101878 ns, At safepoint: 15886 ns, Total: 117764 ns
[2020-09-11T13:03:51.047+0000][1][safepoint    ] Safepoint "Cleanup", Time since last: 1000188355 ns, Reaching safepoint: 105840 ns, At safepoint: 16722 ns, Total: 122562 ns
[2020-09-11T13:03:52.047+0000][1][safepoint    ] Safepoint "Cleanup", Time since last: 1000219792 ns, Reaching safepoint: 108058 ns, At safepoint: 17019 ns, Total: 125077 ns
[2020-09-11T13:03:53.048+0000][1][safepoint    ] Safepoint "Cleanup", Time since last: 1000243666 ns, Reaching safepoint: 107290 ns, At safepoint: 15873 ns, Total: 123163 ns
[2020-09-11T13:03:54.048+0000][1][safepoint    ] Safepoint "Cleanup", Time since last: 1000198617 ns, Reaching safepoint: 97515 ns, At safepoint: 6481 ns, Total: 103996 ns
[2020-09-11T13:03:55.049+0000][1][safepoint    ] Safepoint "Cleanup", Time since last: 1000830995 ns, Reaching safepoint: 81599 ns, At safepoint: 7841 ns, Total: 89440 ns
[2020-09-11T13:03:56.049+0000][1][safepoint    ] Safepoint "Cleanup", Time since last: 1000188150 ns, Reaching safepoint: 87686 ns, At safepoint: 6789 ns, Total: 94475 ns
[2020-09-11T13:03:57.050+0000][1][safepoint    ] Safepoint "Cleanup", Time since last: 1000182284 ns, Reaching safepoint: 82275 ns, At safepoint: 8006 ns, Total: 90281 ns
[2020-09-11T13:03:58.050+0000][1][safepoint    ] Safepoint "Cleanup", Time since last: 1000171702 ns, Reaching safepoint: 108519 ns, At safepoint: 16973 ns, Total: 125492 ns
[2020-09-11T13:03:59.050+0000][1][safepoint    ] Safepoint "Cleanup", Time since last: 1000228899 ns, Reaching safepoint: 81756 ns, At safepoint: 8138 ns, Total: 89894 ns
[2020-09-11T13:04:00.051+0000][1][safepoint    ] Safepoint "Cleanup", Time since last: 1000860799 ns, Reaching safepoint: 86207 ns, At safepoint: 7061 ns, Total: 93268 ns
[2020-09-11T13:04:01.051+0000][1][safepoint    ] Safepoint "Cleanup", Time since last: 1000150590 ns, Reaching safepoint: 109686 ns, At safepoint: 16334 ns, Total: 126020 ns
[2020-09-11T13:04:02.052+0000][1][safepoint    ] Safepoint "Cleanup", Time since last: 1000314038 ns, Reaching safepoint: 84126 ns, At safepoint: 6894 ns, Total: 91020 ns
[2020-09-11T13:04:03.052+0000][1][safepoint    ] Safepoint "Cleanup", Time since last: 1000188853 ns, Reaching safepoint: 78406 ns, At safepoint: 7793 ns, Total: 86199 ns
[2020-09-11T13:04:04.052+0000][1][safepoint    ] Safepoint "Cleanup", Time since last: 1000156975 ns, Reaching safepoint: 109124 ns, At safepoint: 6324 ns, Total: 115448 ns
[2020-09-11T13:04:05.054+0000][1][safepoint    ] Safepoint "Cleanup", Time since last: 1001672923 ns, Reaching safepoint: 110287 ns, At safepoint: 18212 ns, Total: 128499 ns
[2020-09-11T13:04:06.054+0000][1][safepoint    ] Safepoint "Cleanup", Time since last: 1000181502 ns, Reaching safepoint: 100641 ns, At safepoint: 6045 ns, Total: 106686 ns
[2020-09-11T13:04:07.055+0000][1][safepoint    ] Safepoint "Cleanup", Time since last: 1000175846 ns, Reaching safepoint: 87569 ns, At safepoint: 8359 ns, Total: 95928 ns
[2020-09-11T13:04:08.055+0000][1][safepoint    ] Safepoint "Cleanup", Time since last: 1000257576 ns, Reaching safepoint: 131549 ns, At safepoint: 19812 ns, Total: 151361 ns
[2020-09-11T13:04:09.056+0000][1][safepoint    ] Safepoint "Cleanup", Time since last: 1000198025 ns, Reaching safepoint: 540908 ns, At safepoint: 23795 ns, Total: 564703 ns
[2020-09-11T13:04:10.057+0000][1][safepoint    ] Safepoint "Cleanup", Time since last: 1000753892 ns, Reaching safepoint: 110297 ns, At safepoint: 18560 ns, Total: 128857 ns
[2020-09-11T13:04:11.057+0000][1][safepoint    ] Safepoint "Cleanup", Time since last: 1000232680 ns, Reaching safepoint: 118032 ns, At safepoint: 19561 ns, Total: 137593 ns
[2020-09-11T13:04:12.057+0000][1][safepoint    ] Safepoint "Cleanup", Time since last: 1000245377 ns, Reaching safepoint: 105780 ns, At safepoint: 17136 ns, Total: 122916 ns
[2020-09-11T13:04:13.058+0000][1][safepoint    ] Safepoint "Cleanup", Time since last: 1000213342 ns, Reaching safepoint: 107721 ns, At safepoint: 17517 ns, Total: 125238 ns
[2020-09-11T13:04:14.058+0000][1][safepoint    ] Safepoint "Cleanup", Time since last: 1000249273 ns, Reaching safepoint: 114747 ns, At safepoint: 17761 ns, Total: 132508 ns
[2020-09-11T13:04:15.059+0000][1][safepoint    ] Safepoint "Cleanup", Time since last: 1000225449 ns, Reaching safepoint: 81190 ns, At safepoint: 7738 ns, Total: 88928 ns
[2020-09-11T13:04:16.059+0000][1][safepoint    ] Safepoint "Cleanup", Time since last: 1000198575 ns, Reaching safepoint: 83507 ns, At safepoint: 7030 ns, Total: 90537 ns
[2020-09-11T13:04:17.059+0000][1][safepoint    ] Safepoint "Cleanup", Time since last: 1000150690 ns, Reaching safepoint: 118967 ns, At safepoint: 18118 ns, Total: 137085 ns
[2020-09-11T13:04:18.059+0000][1][safepoint    ] Safepoint "Cleanup", Time since last: 1000216418 ns, Reaching safepoint: 93707 ns, At safepoint: 6136 ns, Total: 99843 ns
[2020-09-11T13:04:19.060+0000][1][safepoint    ] Safepoint "Cleanup", Time since last: 1000143686 ns, Reaching safepoint: 53919 ns, At safepoint: 6849 ns, Total: 60768 ns
[2020-09-11T13:04:20.060+0000][1][safepoint    ] Safepoint "Cleanup", Time since last: 1000154816 ns, Reaching safepoint: 106472 ns, At safepoint: 16541 ns, Total: 123013 ns
[2020-09-11T13:04:21.060+0000][1][safepoint    ] Safepoint "Cleanup", Time since last: 1000264623 ns, Reaching safepoint: 83434 ns, At safepoint: 7961 ns, Total: 91395 ns
[2020-09-11T13:04:22.061+0000][1][safepoint    ] Safepoint "Cleanup", Time since last: 1000153060 ns, Reaching safepoint: 109005 ns, At safepoint: 6053 ns, Total: 115058 ns
[2020-09-11T13:04:22.118+0000][1][gc,start     ] GC(75) Pause Young (Allocation Failure)
[2020-09-11T13:04:22.118+0000][1][gc,task      ] GC(75) Using 1 workers of 1 for evacuation
[2020-09-11T13:04:22.122+0000][1][gc,age       ] GC(75) Desired survivor size 4358144 bytes, new threshold 6 (max threshold 6)
[2020-09-11T13:04:22.122+0000][1][gc,age       ] GC(75) Age table with threshold 6 (max threshold 6)
[2020-09-11T13:04:22.122+0000][1][gc,age       ] GC(75) - age   1:       7120 bytes,       7120 total
[2020-09-11T13:04:22.122+0000][1][gc,age       ] GC(75) - age   2:       4864 bytes,      11984 total
[2020-09-11T13:04:22.122+0000][1][gc,age       ] GC(75) - age   3:       2848 bytes,      14832 total
[2020-09-11T13:04:22.122+0000][1][gc,age       ] GC(75) - age   4:      28856 bytes,      43688 total
[2020-09-11T13:04:22.122+0000][1][gc,age       ] GC(75) - age   5:       1648 bytes,      45336 total
[2020-09-11T13:04:22.122+0000][1][gc,age       ] GC(75) - age   6:       1520 bytes,      46856 total
[2020-09-11T13:04:22.122+0000][1][gc,heap      ] GC(75) ParNew: 68212K->50K(76672K)
[2020-09-11T13:04:22.122+0000][1][gc,heap      ] GC(75) CMS: 64545K->64549K(439104K)
[2020-09-11T13:04:22.122+0000][1][gc,metaspace ] GC(75) Metaspace: 74120K->74120K(1118208K)
[2020-09-11T13:04:22.122+0000][1][gc           ] GC(75) Pause Young (Allocation Failure) 129M->63M(503M) 3.881ms
[2020-09-11T13:04:22.122+0000][1][gc,cpu       ] GC(75) User=0.00s Sys=0.00s Real=0.00s
[2020-09-11T13:04:22.122+0000][1][safepoint    ] Safepoint "GenCollectForAllocation", Time since last: 57206951 ns, Reaching safepoint: 157902 ns, At safepoint: 3939380 ns, Total: 4097282 ns
[2020-09-11T13:04:23.126+0000][1][safepoint    ] Safepoint "Cleanup", Time since last: 1004014878 ns, Reaching safepoint: 169024 ns, At safepoint: 19176 ns, Total: 188200 ns
[2020-09-11T13:04:24.128+0000][1][safepoint    ] Safepoint "Cleanup", Time since last: 1001434764 ns, Reaching safepoint: 207942 ns, At safepoint: 46634 ns, Total: 254576 ns
[2020-09-11T13:04:25.128+0000][1][safepoint    ] Safepoint "Cleanup", Time since last: 1000211696 ns, Reaching safepoint: 67672 ns, At safepoint: 20865 ns, Total: 88537 ns
[2020-09-11T13:04:26.128+0000][1][safepoint    ] Safepoint "Cleanup", Time since last: 1000164892 ns, Reaching safepoint: 73984 ns, At safepoint: 8014 ns, Total: 81998 ns
[2020-09-11T13:04:27.129+0000][1][safepoint    ] Safepoint "Cleanup", Time since last: 1000277986 ns, Reaching safepoint: 166257 ns, At safepoint: 7914 ns, Total: 174171 ns
[2020-09-11T13:04:28.129+0000][1][safepoint    ] Safepoint "Cleanup", Time since last: 1000181652 ns, Reaching safepoint: 216952 ns, At safepoint: 19682 ns, Total: 236634 ns
[2020-09-11T13:04:29.130+0000][1][safepoint    ] Safepoint "Cleanup", Time since last: 1000177096 ns, Reaching safepoint: 217217 ns, At safepoint: 20276 ns, Total: 237493 ns
[2020-09-11T13:04:30.130+0000][1][safepoint    ] Safepoint "Cleanup", Time since last: 1000188755 ns, Reaching safepoint: 108447 ns, At safepoint: 6368 ns, Total: 114815 ns
[2020-09-11T13:04:31.130+0000][1][safepoint    ] Safepoint "Cleanup", Time since last: 1000149349 ns, Reaching safepoint: 68258 ns, At safepoint: 7516 ns, Total: 75774 ns
[2020-09-11T13:04:32.130+0000][1][safepoint    ] Safepoint "Cleanup", Time since last: 1000138136 ns, Reaching safepoint: 201340 ns, At safepoint: 18633 ns, Total: 219973 ns
[2020-09-11T13:04:33.131+0000][1][safepoint    ] Safepoint "Cleanup", Time since last: 1000206493 ns, Reaching safepoint: 101015 ns, At safepoint: 17320 ns, Total: 118335 ns
[2020-09-11T13:04:34.131+0000][1][safepoint    ] Safepoint "Cleanup", Time since last: 1000223845 ns, Reaching safepoint: 102509 ns, At safepoint: 18309 ns, Total: 120818 ns
[2020-09-11T13:04:35.132+0000][1][safepoint    ] Safepoint "Cleanup", Time since last: 1000234220 ns, Reaching safepoint: 206034 ns, At safepoint: 16799 ns, Total: 222833 ns
[2020-09-11T13:04:36.132+0000][1][safepoint    ] Safepoint "Cleanup", Time since last: 1000205105 ns, Reaching safepoint: 106732 ns, At safepoint: 18028 ns, Total: 124760 ns
[2020-09-11T13:04:37.132+0000][1][safepoint    ] Safepoint "Cleanup", Time since last: 1000270984 ns, Reaching safepoint: 107327 ns, At safepoint: 19902 ns, Total: 127229 ns
[2020-09-11T13:04:38.133+0000][1][safepoint    ] Safepoint "Cleanup", Time since last: 1000231919 ns, Reaching safepoint: 106629 ns, At safepoint: 18957 ns, Total: 125586 ns
[2020-09-11T13:04:39.133+0000][1][safepoint    ] Safepoint "Cleanup", Time since last: 1000196120 ns, Reaching safepoint: 98046 ns, At safepoint: 8972 ns, Total: 107018 ns
[2020-09-11T13:04:40.133+0000][1][safepoint    ] Safepoint "Cleanup", Time since last: 1000178965 ns, Reaching safepoint: 78874 ns, At safepoint: 7516 ns, Total: 86390 ns
[2020-09-11T13:04:41.133+0000][1][safepoint    ] Safepoint "Cleanup", Time since last: 1000116765 ns, Reaching safepoint: 59518 ns, At safepoint: 7862 ns, Total: 67380 ns
[2020-09-11T13:04:42.134+0000][1][safepoint    ] Safepoint "Cleanup", Time since last: 1000180239 ns, Reaching safepoint: 84048 ns, At safepoint: 7216 ns, Total: 91264 ns
[2020-09-11T13:04:43.134+0000][1][safepoint    ] Safepoint "Cleanup", Time since last: 1000171001 ns, Reaching safepoint: 86604 ns, At safepoint: 7738 ns, Total: 94342 ns
[2020-09-11T13:04:44.134+0000][1][safepoint    ] Safepoint "Cleanup", Time since last: 1000195962 ns, Reaching safepoint: 83325 ns, At safepoint: 7211 ns, Total: 90536 ns
[2020-09-11T13:04:45.134+0000][1][safepoint    ] Safepoint "Cleanup", Time since last: 1000188318 ns, Reaching safepoint: 84977 ns, At safepoint: 8357 ns, Total: 93334 ns
[2020-09-11T13:04:46.135+0000][1][safepoint    ] Safepoint "Cleanup", Time since last: 1000179563 ns, Reaching safepoint: 80331 ns, At safepoint: 7633 ns, Total: 87964 ns
[2020-09-11T13:04:47.135+0000][1][safepoint    ] Safepoint "Cleanup", Time since last: 1000178853 ns, Reaching safepoint: 85152 ns, At safepoint: 8370 ns, Total: 93522 ns
[2020-09-11T13:04:48.135+0000][1][safepoint    ] Safepoint "Cleanup", Time since last: 1000142099 ns, Reaching safepoint: 108416 ns, At safepoint: 15903 ns, Total: 124319 ns
[2020-09-11T13:04:49.136+0000][1][safepoint    ] Safepoint "Cleanup", Time since last: 1000356679 ns, Reaching safepoint: 111981 ns, At safepoint: 20059 ns, Total: 132040 ns
[2020-09-11T13:04:50.136+0000][1][safepoint    ] Safepoint "Cleanup", Time since last: 1000227906 ns, Reaching safepoint: 83238 ns, At safepoint: 7007 ns, Total: 90245 ns
[2020-09-11T13:04:51.136+0000][1][safepoint    ] Safepoint "Cleanup", Time since last: 1000153522 ns, Reaching safepoint: 110268 ns, At safepoint: 8334 ns, Total: 118602 ns
[2020-09-11T13:04:52.137+0000][1][safepoint    ] Safepoint "Cleanup", Time since last: 1000242058 ns, Reaching safepoint: 58101 ns, At safepoint: 7327 ns, Total: 65428 ns
[2020-09-11T13:04:53.137+0000][1][safepoint    ] Safepoint "Cleanup", Time since last: 1000175331 ns, Reaching safepoint: 97885 ns, At safepoint: 18329 ns, Total: 116214 ns
[2020-09-11T13:04:54.137+0000][1][safepoint    ] Safepoint "Cleanup", Time since last: 1000227971 ns, Reaching safepoint: 74300 ns, At safepoint: 7772 ns, Total: 82072 ns
[2020-09-11T13:04:55.138+0000][1][safepoint    ] Safepoint "Cleanup", Time since last: 1000190299 ns, Reaching safepoint: 101888 ns, At safepoint: 19328 ns, Total: 121216 ns
[2020-09-11T13:04:56.138+0000][1][safepoint    ] Safepoint "Cleanup", Time since last: 1000246804 ns, Reaching safepoint: 107000 ns, At safepoint: 17260 ns, Total: 124260 ns
[2020-09-11T13:04:57.138+0000][1][safepoint    ] Safepoint "Cleanup", Time since last: 1000216662 ns, Reaching safepoint: 87021 ns, At safepoint: 8286 ns, Total: 95307 ns
[2020-09-11T13:04:58.139+0000][1][safepoint    ] Safepoint "Cleanup", Time since last: 1000177000 ns, Reaching safepoint: 81353 ns, At safepoint: 7124 ns, Total: 88477 ns
[2020-09-11T13:04:59.139+0000][1][safepoint    ] Safepoint "Cleanup", Time since last: 1000193485 ns, Reaching safepoint: 78738 ns, At safepoint: 8085 ns, Total: 86823 ns
[2020-09-11T13:05:00.139+0000][1][safepoint    ] Safepoint "Cleanup", Time since last: 1000159742 ns, Reaching safepoint: 104754 ns, At safepoint: 18449 ns, Total: 123203 ns
[2020-09-11T13:05:01.140+0000][1][safepoint    ] Safepoint "Cleanup", Time since last: 1000264748 ns, Reaching safepoint: 135789 ns, At safepoint: 18489 ns, Total: 154278 ns
[2020-09-11T13:05:02.140+0000][1][safepoint    ] Safepoint "Cleanup", Time since last: 1000188370 ns, Reaching safepoint: 109137 ns, At safepoint: 19729 ns, Total: 128866 ns
[2020-09-11T13:05:03.140+0000][1][safepoint    ] Safepoint "Cleanup", Time since last: 1000230743 ns, Reaching safepoint: 54735 ns, At safepoint: 8145 ns, Total: 62880 ns
[2020-09-11T13:05:04.140+0000][1][safepoint    ] Safepoint "Cleanup", Time since last: 1000171173 ns, Reaching safepoint: 106789 ns, At safepoint: 17971 ns, Total: 124760 ns
[2020-09-11T13:05:05.141+0000][1][safepoint    ] Safepoint "Cleanup", Time since last: 1000225014 ns, Reaching safepoint: 83238 ns, At safepoint: 8183 ns, Total: 91421 ns
[2020-09-11T13:05:06.141+0000][1][safepoint    ] Safepoint "Cleanup", Time since last: 1000178368 ns, Reaching safepoint: 85378 ns, At safepoint: 9537 ns, Total: 94915 ns
[2020-09-11T13:05:07.141+0000][1][safepoint    ] Safepoint "Cleanup", Time since last: 1000182077 ns, Reaching safepoint: 106772 ns, At safepoint: 17734 ns, Total: 124506 ns
[2020-09-11T13:05:08.142+0000][1][safepoint    ] Safepoint "Cleanup", Time since last: 1000236689 ns, Reaching safepoint: 104611 ns, At safepoint: 18272 ns, Total: 122883 ns
[2020-09-11T13:05:09.142+0000][1][safepoint    ] Safepoint "Cleanup", Time since last: 1000256312 ns, Reaching safepoint: 85607 ns, At safepoint: 8175 ns, Total: 93782 ns
[2020-09-11T13:05:10.142+0000][1][safepoint    ] Safepoint "Cleanup", Time since last: 1000209971 ns, Reaching safepoint: 84217 ns, At safepoint: 7266 ns, Total: 91483 ns
[2020-09-11T13:05:11.143+0000][1][safepoint    ] Safepoint "Cleanup", Time since last: 1000187763 ns, Reaching safepoint: 105218 ns, At safepoint: 19813 ns, Total: 125031 ns
[2020-09-11T13:05:12.143+0000][1][safepoint    ] Safepoint "Cleanup", Time since last: 1000190538 ns, Reaching safepoint: 109388 ns, At safepoint: 18179 ns, Total: 127567 ns
[2020-09-11T13:05:13.143+0000][1][safepoint    ] Safepoint "Cleanup", Time since last: 1000250982 ns, Reaching safepoint: 106762 ns, At safepoint: 19822 ns, Total: 126584 ns
[2020-09-11T13:05:14.740+0000][1][safepoint    ] Safepoint "Cleanup", Time since last: 1596156974 ns, Reaching safepoint: 299760 ns, At safepoint: 19094 ns, Total: 318854 ns
[2020-09-11T13:05:15.740+0000][1][safepoint    ] Safepoint "Cleanup", Time since last: 1000177005 ns, Reaching safepoint: 103645 ns, At safepoint: 16702 ns, Total: 120347 ns
[2020-09-11T13:05:16.740+0000][1][safepoint    ] Safepoint "Cleanup", Time since last: 1000214427 ns, Reaching safepoint: 109742 ns, At safepoint: 20564 ns, Total: 130306 ns
[2020-09-11T13:05:17.741+0000][1][safepoint    ] Safepoint "Cleanup", Time since last: 1000215921 ns, Reaching safepoint: 99763 ns, At safepoint: 18933 ns, Total: 118696 ns
[2020-09-11T13:05:18.741+0000][1][safepoint    ] Safepoint "Cleanup", Time since last: 1000229161 ns, Reaching safepoint: 109365 ns, At safepoint: 19598 ns, Total: 128963 ns
[2020-09-11T13:05:19.742+0000][1][safepoint    ] Safepoint "Cleanup", Time since last: 1000232418 ns, Reaching safepoint: 120122 ns, At safepoint: 17621 ns, Total: 137743 ns
[2020-09-11T13:05:20.742+0000][1][safepoint    ] Safepoint "Cleanup", Time since last: 1000217344 ns, Reaching safepoint: 106749 ns, At safepoint: 19461 ns, Total: 126210 ns
[2020-09-11T13:05:21.742+0000][1][safepoint    ] Safepoint "Cleanup", Time since last: 1000151573 ns, Reaching safepoint: 54849 ns, At safepoint: 7073 ns, Total: 61922 ns
[2020-09-11T13:05:22.742+0000][1][safepoint    ] Safepoint "Cleanup", Time since last: 1000129096 ns, Reaching safepoint: 109579 ns, At safepoint: 14690 ns, Total: 124269 ns
[2020-09-11T13:05:23.743+0000][1][safepoint    ] Safepoint "Cleanup", Time since last: 1000124288 ns, Reaching safepoint: 114083 ns, At safepoint: 18512 ns, Total: 132595 ns
[2020-09-11T13:05:24.743+0000][1][safepoint    ] Safepoint "Cleanup", Time since last: 1000208833 ns, Reaching safepoint: 102589 ns, At safepoint: 18386 ns, Total: 120975 ns
[2020-09-11T13:05:25.743+0000][1][safepoint    ] Safepoint "Cleanup", Time since last: 1000254518 ns, Reaching safepoint: 82711 ns, At safepoint: 7319 ns, Total: 90030 ns
[2020-09-11T13:05:26.744+0000][1][safepoint    ] Safepoint "Cleanup", Time since last: 1000171711 ns, Reaching safepoint: 108316 ns, At safepoint: 18706 ns, Total: 127022 ns
[2020-09-11T13:05:27.230+0000][1][gc,start     ] GC(76) Pause Young (Allocation Failure)
[2020-09-11T13:05:27.231+0000][1][gc,task      ] GC(76) Using 1 workers of 1 for evacuation
[2020-09-11T13:05:27.234+0000][1][gc,age       ] GC(76) Desired survivor size 4358144 bytes, new threshold 6 (max threshold 6)
[2020-09-11T13:05:27.234+0000][1][gc,age       ] GC(76) Age table with threshold 6 (max threshold 6)
[2020-09-11T13:05:27.234+0000][1][gc,age       ] GC(76) - age   1:       9720 bytes,       9720 total
[2020-09-11T13:05:27.234+0000][1][gc,age       ] GC(76) - age   2:       2360 bytes,      12080 total
[2020-09-11T13:05:27.234+0000][1][gc,age       ] GC(76) - age   3:       4328 bytes,      16408 total
[2020-09-11T13:05:27.234+0000][1][gc,age       ] GC(76) - age   4:       2848 bytes,      19256 total
[2020-09-11T13:05:27.235+0000][1][gc,age       ] GC(76) - age   5:      28856 bytes,      48112 total
[2020-09-11T13:05:27.235+0000][1][gc,age       ] GC(76) - age   6:       1648 bytes,      49760 total
[2020-09-11T13:05:27.235+0000][1][gc,heap      ] GC(76) ParNew: 68210K->54K(76672K)
[2020-09-11T13:05:27.235+0000][1][gc,heap      ] GC(76) CMS: 64549K->64551K(439104K)
[2020-09-11T13:05:27.235+0000][1][gc,metaspace ] GC(76) Metaspace: 74130K->74130K(1118208K)
[2020-09-11T13:05:27.235+0000][1][gc           ] GC(76) Pause Young (Allocation Failure) 129M->63M(503M) 4.655ms
[2020-09-11T13:05:27.235+0000][1][gc,cpu       ] GC(76) User=0.00s Sys=0.00s Real=0.00s
[2020-09-11T13:05:27.235+0000][1][safepoint    ] Safepoint "GenCollectForAllocation", Time since last: 486161275 ns, Reaching safepoint: 178479 ns, At safepoint: 4726102 ns, Total: 4904581 ns
[2020-09-11T13:05:28.238+0000][1][safepoint    ] Safepoint "Cleanup", Time since last: 1003329120 ns, Reaching safepoint: 45429 ns, At safepoint: 16141 ns, Total: 61570 ns
[2020-09-11T13:05:29.239+0000][1][safepoint    ] Safepoint "Cleanup", Time since last: 1000396006 ns, Reaching safepoint: 178404 ns, At safepoint: 26968 ns, Total: 205372 ns
[2020-09-11T13:05:30.239+0000][1][safepoint    ] Safepoint "Cleanup", Time since last: 1000218806 ns, Reaching safepoint: 165932 ns, At safepoint: 127650 ns, Total: 293582 ns
[2020-09-11T13:05:31.240+0000][1][safepoint    ] Safepoint "Cleanup", Time since last: 1000621262 ns, Reaching safepoint: 81009 ns, At safepoint: 6997 ns, Total: 88006 ns
[2020-09-11T13:05:32.240+0000][1][safepoint    ] Safepoint "Cleanup", Time since last: 1000226608 ns, Reaching safepoint: 49763 ns, At safepoint: 7507 ns, Total: 57270 ns
[2020-09-11T13:05:33.241+0000][1][safepoint    ] Safepoint "Cleanup", Time since last: 1000699472 ns, Reaching safepoint: 105477 ns, At safepoint: 6312 ns, Total: 111789 ns
[2020-09-11T13:05:34.241+0000][1][safepoint    ] Safepoint "Cleanup", Time since last: 1000178883 ns, Reaching safepoint: 131008 ns, At safepoint: 14610 ns, Total: 145618 ns
[2020-09-11T13:05:35.242+0000][1][safepoint    ] Safepoint "Cleanup", Time since last: 1000215304 ns, Reaching safepoint: 91590 ns, At safepoint: 6551 ns, Total: 98141 ns
[2020-09-11T13:05:36.242+0000][1][safepoint    ] Safepoint "Cleanup", Time since last: 1000198391 ns, Reaching safepoint: 114486 ns, At safepoint: 7202 ns, Total: 121688 ns
[2020-09-11T13:05:37.242+0000][1][safepoint    ] Safepoint "Cleanup", Time since last: 1000163274 ns, Reaching safepoint: 82355 ns, At safepoint: 7271 ns, Total: 89626 ns
[2020-09-11T13:05:38.243+0000][1][safepoint    ] Safepoint "Cleanup", Time since last: 1000898611 ns, Reaching safepoint: 171703 ns, At safepoint: 6505 ns, Total: 178208 ns
[2020-09-11T13:05:39.244+0000][1][safepoint    ] Safepoint "Cleanup", Time since last: 1000134478 ns, Reaching safepoint: 224192 ns, At safepoint: 16465 ns, Total: 240657 ns
[2020-09-11T13:05:40.244+0000][1][safepoint    ] Safepoint "Cleanup", Time since last: 1000265607 ns, Reaching safepoint: 138656 ns, At safepoint: 13895 ns, Total: 152551 ns
[2020-09-11T13:05:41.244+0000][1][safepoint    ] Safepoint "Cleanup", Time since last: 1000238710 ns, Reaching safepoint: 111880 ns, At safepoint: 17350 ns, Total: 129230 ns
[2020-09-11T13:05:42.245+0000][1][safepoint    ] Safepoint "Cleanup", Time since last: 1000221295 ns, Reaching safepoint: 84472 ns, At safepoint: 7734 ns, Total: 92206 ns
[2020-09-11T13:05:43.246+0000][1][safepoint    ] Safepoint "Cleanup", Time since last: 1000772965 ns, Reaching safepoint: 86149 ns, At safepoint: 12687 ns, Total: 98836 ns
[2020-09-11T13:05:44.246+0000][1][safepoint    ] Safepoint "Cleanup", Time since last: 1000176772 ns, Reaching safepoint: 133821 ns, At safepoint: 14353 ns, Total: 148174 ns
[2020-09-11T13:05:45.246+0000][1][safepoint    ] Safepoint "Cleanup", Time since last: 1000229510 ns, Reaching safepoint: 107600 ns, At safepoint: 16431 ns, Total: 124031 ns
[2020-09-11T13:05:46.247+0000][1][safepoint    ] Safepoint "Cleanup", Time since last: 1000210876 ns, Reaching safepoint: 122756 ns, At safepoint: 17897 ns, Total: 140653 ns
[2020-09-11T13:05:47.247+0000][1][safepoint    ] Safepoint "Cleanup", Time since last: 1000217144 ns, Reaching safepoint: 82744 ns, At safepoint: 7479 ns, Total: 90223 ns
[2020-09-11T13:05:48.248+0000][1][safepoint    ] Safepoint "Cleanup", Time since last: 1000751249 ns, Reaching safepoint: 116736 ns, At safepoint: 17296 ns, Total: 134032 ns
[2020-09-11T13:05:49.248+0000][1][safepoint    ] Safepoint "Cleanup", Time since last: 1000212533 ns, Reaching safepoint: 107795 ns, At safepoint: 16384 ns, Total: 124179 ns
[2020-09-11T13:05:50.248+0000][1][safepoint    ] Safepoint "Cleanup", Time since last: 1000216151 ns, Reaching safepoint: 91249 ns, At safepoint: 7298 ns, Total: 98547 ns
[2020-09-11T13:05:51.249+0000][1][safepoint    ] Safepoint "Cleanup", Time since last: 1000192280 ns, Reaching safepoint: 111479 ns, At safepoint: 16298 ns, Total: 127777 ns
[2020-09-11T13:05:52.249+0000][1][safepoint    ] Safepoint "Cleanup", Time since last: 1000150318 ns, Reaching safepoint: 173798 ns, At safepoint: 7121 ns, Total: 180919 ns
[2020-09-11T13:05:53.250+0000][1][safepoint    ] Safepoint "Cleanup", Time since last: 1000795535 ns, Reaching safepoint: 89023 ns, At safepoint: 7221 ns, Total: 96244 ns
[2020-09-11T13:05:54.250+0000][1][safepoint    ] Safepoint "Cleanup", Time since last: 1000208971 ns, Reaching safepoint: 133614 ns, At safepoint: 15035 ns, Total: 148649 ns
[2020-09-11T13:05:55.251+0000][1][safepoint    ] Safepoint "Cleanup", Time since last: 1000224099 ns, Reaching safepoint: 106625 ns, At safepoint: 16828 ns, Total: 123453 ns
[2020-09-11T13:05:56.251+0000][1][safepoint    ] Safepoint "Cleanup", Time since last: 1000229971 ns, Reaching safepoint: 109876 ns, At safepoint: 17904 ns, Total: 127780 ns
[2020-09-11T13:05:57.251+0000][1][safepoint    ] Safepoint "Cleanup", Time since last: 1000178711 ns, Reaching safepoint: 232671 ns, At safepoint: 15940 ns, Total: 248611 ns
[2020-09-11T13:05:58.253+0000][1][safepoint    ] Safepoint "Cleanup", Time since last: 1001210918 ns, Reaching safepoint: 123060 ns, At safepoint: 15980 ns, Total: 139040 ns
[2020-09-11T13:05:59.253+0000][1][safepoint    ] Safepoint "Cleanup", Time since last: 1000228308 ns, Reaching safepoint: 110621 ns, At safepoint: 16452 ns, Total: 127073 ns
[2020-09-11T13:06:00.254+0000][1][safepoint    ] Safepoint "Cleanup", Time since last: 1000222225 ns, Reaching safepoint: 105389 ns, At safepoint: 17961 ns, Total: 123350 ns
[2020-09-11T13:06:01.254+0000][1][safepoint    ] Safepoint "Cleanup", Time since last: 1000229595 ns, Reaching safepoint: 110341 ns, At safepoint: 16244 ns, Total: 126585 ns
[2020-09-11T13:06:02.254+0000][1][safepoint    ] Safepoint "Cleanup", Time since last: 1000225561 ns, Reaching safepoint: 112856 ns, At safepoint: 18098 ns, Total: 130954 ns
[2020-09-11T13:06:03.255+0000][1][safepoint    ] Safepoint "Cleanup", Time since last: 1001005874 ns, Reaching safepoint: 89471 ns, At safepoint: 6383 ns, Total: 95854 ns
[2020-09-11T13:06:04.256+0000][1][safepoint    ] Safepoint "Cleanup", Time since last: 1000203527 ns, Reaching safepoint: 109486 ns, At safepoint: 18021 ns, Total: 127507 ns
[2020-09-11T13:06:05.256+0000][1][safepoint    ] Safepoint "Cleanup", Time since last: 1000244632 ns, Reaching safepoint: 124008 ns, At safepoint: 19058 ns, Total: 143066 ns
[2020-09-11T13:06:06.256+0000][1][safepoint    ] Safepoint "Cleanup", Time since last: 1000191572 ns, Reaching safepoint: 102384 ns, At safepoint: 7539 ns, Total: 109923 ns
[2020-09-11T13:06:07.257+0000][1][safepoint    ] Safepoint "Cleanup", Time since last: 1000200883 ns, Reaching safepoint: 338190 ns, At safepoint: 7715 ns, Total: 345905 ns
[2020-09-11T13:06:08.258+0000][1][safepoint    ] Safepoint "Cleanup", Time since last: 1000771898 ns, Reaching safepoint: 111737 ns, At safepoint: 17808 ns, Total: 129545 ns
[2020-09-11T13:06:09.258+0000][1][safepoint    ] Safepoint "Cleanup", Time since last: 1000190698 ns, Reaching safepoint: 118789 ns, At safepoint: 17263 ns, Total: 136052 ns
[2020-09-11T13:06:10.258+0000][1][safepoint    ] Safepoint "Cleanup", Time since last: 1000191705 ns, Reaching safepoint: 105363 ns, At safepoint: 17383 ns, Total: 122746 ns
[2020-09-11T13:06:11.259+0000][1][safepoint    ] Safepoint "Cleanup", Time since last: 1000226407 ns, Reaching safepoint: 85077 ns, At safepoint: 7060 ns, Total: 92137 ns
[2020-09-11T13:06:12.259+0000][1][safepoint    ] Safepoint "Cleanup", Time since last: 1000174304 ns, Reaching safepoint: 108420 ns, At safepoint: 17487 ns, Total: 125907 ns
[2020-09-11T13:06:13.261+0000][1][safepoint    ] Safepoint "Cleanup", Time since last: 1001442818 ns, Reaching safepoint: 103822 ns, At safepoint: 17042 ns, Total: 120864 ns
[2020-09-11T13:06:14.261+0000][1][safepoint    ] Safepoint "Cleanup", Time since last: 1000240306 ns, Reaching safepoint: 80581 ns, At safepoint: 7675 ns, Total: 88256 ns
[2020-09-11T13:06:15.261+0000][1][safepoint    ] Safepoint "Cleanup", Time since last: 1000182479 ns, Reaching safepoint: 105930 ns, At safepoint: 17006 ns, Total: 122936 ns
[2020-09-11T13:06:16.262+0000][1][safepoint    ] Safepoint "Cleanup", Time since last: 1000224118 ns, Reaching safepoint: 100207 ns, At safepoint: 16786 ns, Total: 116993 ns
[2020-09-11T13:06:17.262+0000][1][safepoint    ] Safepoint "Cleanup", Time since last: 1000220222 ns, Reaching safepoint: 104637 ns, At safepoint: 16882 ns, Total: 121519 ns
[2020-09-11T13:06:18.263+0000][1][safepoint    ] Safepoint "Cleanup", Time since last: 1001032790 ns, Reaching safepoint: 110353 ns, At safepoint: 17360 ns, Total: 127713 ns
[2020-09-11T13:06:19.263+0000][1][safepoint    ] Safepoint "Cleanup", Time since last: 1000182643 ns, Reaching safepoint: 146614 ns, At safepoint: 17423 ns, Total: 164037 ns
[2020-09-11T13:06:20.264+0000][1][safepoint    ] Safepoint "Cleanup", Time since last: 1000228227 ns, Reaching safepoint: 104206 ns, At safepoint: 17811 ns, Total: 122017 ns
[2020-09-11T13:06:21.264+0000][1][safepoint    ] Safepoint "Cleanup", Time since last: 1000207525 ns, Reaching safepoint: 110551 ns, At safepoint: 16812 ns, Total: 127363 ns
[2020-09-11T13:06:22.265+0000][1][safepoint    ] Safepoint "Cleanup", Time since last: 1000225229 ns, Reaching safepoint: 118846 ns, At safepoint: 17584 ns, Total: 136430 ns
[2020-09-11T13:06:23.266+0000][1][safepoint    ] Safepoint "Cleanup", Time since last: 1001350337 ns, Reaching safepoint: 111005 ns, At safepoint: 17066 ns, Total: 128071 ns
[2020-09-11T13:06:24.266+0000][1][safepoint    ] Safepoint "Cleanup", Time since last: 1000205243 ns, Reaching safepoint: 111964 ns, At safepoint: 17631 ns, Total: 129595 ns
[2020-09-11T13:06:25.267+0000][1][safepoint    ] Safepoint "Cleanup", Time since last: 1000228540 ns, Reaching safepoint: 105125 ns, At safepoint: 17022 ns, Total: 122147 ns
[2020-09-11T13:06:26.267+0000][1][safepoint    ] Safepoint "Cleanup", Time since last: 1000227298 ns, Reaching safepoint: 89544 ns, At safepoint: 7244 ns, Total: 96788 ns
[2020-09-11T13:06:27.267+0000][1][safepoint    ] Safepoint "Cleanup", Time since last: 1000204908 ns, Reaching safepoint: 108904 ns, At safepoint: 17347 ns, Total: 126251 ns
[2020-09-11T13:06:28.268+0000][1][safepoint    ] Safepoint "Cleanup", Time since last: 1000245630 ns, Reaching safepoint: 107728 ns, At safepoint: 17841 ns, Total: 125569 ns
[2020-09-11T13:06:29.268+0000][1][safepoint    ] Safepoint "Cleanup", Time since last: 1000215673 ns, Reaching safepoint: 112828 ns, At safepoint: 18172 ns, Total: 131000 ns
[2020-09-11T13:06:30.268+0000][1][safepoint    ] Safepoint "Cleanup", Time since last: 1000218899 ns, Reaching safepoint: 126631 ns, At safepoint: 19118 ns, Total: 145749 ns
[2020-09-11T13:06:31.269+0000][1][safepoint    ] Safepoint "Cleanup", Time since last: 1000250525 ns, Reaching safepoint: 83879 ns, At safepoint: 6648 ns, Total: 90527 ns
[2020-09-11T13:06:32.269+0000][1][safepoint    ] Safepoint "Cleanup", Time since last: 1000185482 ns, Reaching safepoint: 109378 ns, At safepoint: 16842 ns, Total: 126220 ns
[2020-09-11T13:06:33.269+0000][1][safepoint    ] Safepoint "Cleanup", Time since last: 1000209567 ns, Reaching safepoint: 106469 ns, At safepoint: 16043 ns, Total: 122512 ns
[2020-09-11T13:06:34.270+0000][1][safepoint    ] Safepoint "Cleanup", Time since last: 1000209918 ns, Reaching safepoint: 104150 ns, At safepoint: 17904 ns, Total: 122054 ns
[2020-09-11T13:06:35.270+0000][1][safepoint    ] Safepoint "Cleanup", Time since last: 1000241470 ns, Reaching safepoint: 110611 ns, At safepoint: 18512 ns, Total: 129123 ns
[2020-09-11T13:06:36.270+0000][1][safepoint    ] Safepoint "Cleanup", Time since last: 1000224792 ns, Reaching safepoint: 105813 ns, At safepoint: 18433 ns, Total: 124246 ns
[2020-09-11T13:06:37.271+0000][1][safepoint    ] Safepoint "Cleanup", Time since last: 1000279227 ns, Reaching safepoint: 113899 ns, At safepoint: 16832 ns, Total: 130731 ns
[2020-09-11T13:06:37.343+0000][1][gc,start     ] GC(77) Pause Young (Allocation Failure)
[2020-09-11T13:06:37.343+0000][1][gc,task      ] GC(77) Using 1 workers of 1 for evacuation
[2020-09-11T13:06:37.346+0000][1][gc,age       ] GC(77) Desired survivor size 4358144 bytes, new threshold 6 (max threshold 6)
[2020-09-11T13:06:37.346+0000][1][gc,age       ] GC(77) Age table with threshold 6 (max threshold 6)
[2020-09-11T13:06:37.346+0000][1][gc,age       ] GC(77) - age   1:      10320 bytes,      10320 total
[2020-09-11T13:06:37.346+0000][1][gc,age       ] GC(77) - age   2:       4120 bytes,      14440 total
[2020-09-11T13:06:37.346+0000][1][gc,age       ] GC(77) - age   3:       2360 bytes,      16800 total
[2020-09-11T13:06:37.346+0000][1][gc,age       ] GC(77) - age   4:        360 bytes,      17160 total
[2020-09-11T13:06:37.346+0000][1][gc,age       ] GC(77) - age   5:       2848 bytes,      20008 total
[2020-09-11T13:06:37.346+0000][1][gc,age       ] GC(77) - age   6:      28856 bytes,      48864 total
[2020-09-11T13:06:37.346+0000][1][gc,heap      ] GC(77) ParNew: 68214K->50K(76672K)
[2020-09-11T13:06:37.346+0000][1][gc,heap      ] GC(77) CMS: 64551K->64553K(439104K)
[2020-09-11T13:06:37.346+0000][1][gc,metaspace ] GC(77) Metaspace: 74162K->74162K(1118208K)
[2020-09-11T13:06:37.346+0000][1][gc           ] GC(77) Pause Young (Allocation Failure) 129M->63M(503M) 3.653ms
[2020-09-11T13:06:37.346+0000][1][gc,cpu       ] GC(77) User=0.00s Sys=0.00s Real=0.01s
[2020-09-11T13:06:37.347+0000][1][safepoint    ] Safepoint "GenCollectForAllocation", Time since last: 71756065 ns, Reaching safepoint: 191390 ns, At safepoint: 3716498 ns, Total: 3907888 ns
[2020-09-11T13:06:38.351+0000][1][safepoint    ] Safepoint "Cleanup", Time since last: 1004195578 ns, Reaching safepoint: 167504 ns, At safepoint: 17960 ns, Total: 185464 ns
[2020-09-11T13:06:39.352+0000][1][safepoint    ] Safepoint "Cleanup", Time since last: 1000520185 ns, Reaching safepoint: 200514 ns, At safepoint: 17761 ns, Total: 218275 ns
[2020-09-11T13:06:40.353+0000][1][safepoint    ] Safepoint "Cleanup", Time since last: 1001612412 ns, Reaching safepoint: 206806 ns, At safepoint: 16909 ns, Total: 223715 ns
[2020-09-11T13:06:41.354+0000][1][safepoint    ] Safepoint "Cleanup", Time since last: 1000196809 ns, Reaching safepoint: 126965 ns, At safepoint: 12121 ns, Total: 139086 ns
[2020-09-11T13:06:42.354+0000][1][safepoint    ] Safepoint "Cleanup", Time since last: 1000156609 ns, Reaching safepoint: 204667 ns, At safepoint: 19768 ns, Total: 224435 ns
[2020-09-11T13:06:43.355+0000][1][safepoint    ] Safepoint "Cleanup", Time since last: 1000218509 ns, Reaching safepoint: 105379 ns, At safepoint: 15662 ns, Total: 121041 ns
[2020-09-11T13:06:44.355+0000][1][safepoint    ] Safepoint "Cleanup", Time since last: 1000221441 ns, Reaching safepoint: 109050 ns, At safepoint: 17227 ns, Total: 126277 ns
[2020-09-11T13:06:45.355+0000][1][safepoint    ] Safepoint "Cleanup", Time since last: 1000224595 ns, Reaching safepoint: 83543 ns, At safepoint: 6271 ns, Total: 89814 ns
[2020-09-11T13:06:46.356+0000][1][safepoint    ] Safepoint "Cleanup", Time since last: 1000210741 ns, Reaching safepoint: 98847 ns, At safepoint: 14821 ns, Total: 113668 ns
[2020-09-11T13:06:47.356+0000][1][safepoint    ] Safepoint "Cleanup", Time since last: 1000178289 ns, Reaching safepoint: 100800 ns, At safepoint: 6530 ns, Total: 107330 ns
[2020-09-11T13:06:48.356+0000][1][safepoint    ] Safepoint "Cleanup", Time since last: 1000175432 ns, Reaching safepoint: 87538 ns, At safepoint: 7485 ns, Total: 95023 ns
[2020-09-11T13:06:49.356+0000][1][safepoint    ] Safepoint "Cleanup", Time since last: 1000240124 ns, Reaching safepoint: 54860 ns, At safepoint: 7667 ns, Total: 62527 ns
[2020-09-11T13:06:50.357+0000][1][safepoint    ] Safepoint "Cleanup", Time since last: 1000189413 ns, Reaching safepoint: 78167 ns, At safepoint: 6648 ns, Total: 84815 ns
[2020-09-11T13:06:51.357+0000][1][safepoint    ] Safepoint "Cleanup", Time since last: 1000196662 ns, Reaching safepoint: 74472 ns, At safepoint: 6608 ns, Total: 81080 ns
[2020-09-11T13:06:52.357+0000][1][safepoint    ] Safepoint "Cleanup", Time since last: 1000169821 ns, Reaching safepoint: 105319 ns, At safepoint: 16929 ns, Total: 122248 ns
[2020-09-11T13:06:53.358+0000][1][safepoint    ] Safepoint "Cleanup", Time since last: 1000215930 ns, Reaching safepoint: 107364 ns, At safepoint: 16511 ns, Total: 123875 ns
[2020-09-11T13:06:54.358+0000][1][safepoint    ] Safepoint "Cleanup", Time since last: 1000225850 ns, Reaching safepoint: 109749 ns, At safepoint: 18423 ns, Total: 128172 ns
[2020-09-11T13:06:55.359+0000][1][safepoint    ] Safepoint "Cleanup", Time since last: 1001170847 ns, Reaching safepoint: 72722 ns, At safepoint: 6991 ns, Total: 79713 ns
[2020-09-11T13:06:56.359+0000][1][safepoint    ] Safepoint "Cleanup", Time since last: 1000178337 ns, Reaching safepoint: 97354 ns, At safepoint: 7902 ns, Total: 105256 ns
[2020-09-11T13:06:57.360+0000][1][safepoint    ] Safepoint "Cleanup", Time since last: 1000181013 ns, Reaching safepoint: 83737 ns, At safepoint: 6576 ns, Total: 90313 ns
[2020-09-11T13:06:58.360+0000][1][safepoint    ] Safepoint "Cleanup", Time since last: 1000174229 ns, Reaching safepoint: 133420 ns, At safepoint: 19815 ns, Total: 153235 ns
[2020-09-11T13:06:59.360+0000][1][safepoint    ] Safepoint "Cleanup", Time since last: 1000218782 ns, Reaching safepoint: 110137 ns, At safepoint: 15993 ns, Total: 126130 ns
[2020-09-11T13:07:00.361+0000][1][safepoint    ] Safepoint "Cleanup", Time since last: 1000227751 ns, Reaching safepoint: 95924 ns, At safepoint: 16391 ns, Total: 112315 ns
[2020-09-11T13:07:01.361+0000][1][safepoint    ] Safepoint "Cleanup", Time since last: 1000249740 ns, Reaching safepoint: 102498 ns, At safepoint: 16819 ns, Total: 119317 ns
[2020-09-11T13:07:02.361+0000][1][safepoint    ] Safepoint "Cleanup", Time since last: 1000185685 ns, Reaching safepoint: 99793 ns, At safepoint: 7740 ns, Total: 107533 ns
[2020-09-11T13:07:03.362+0000][1][safepoint    ] Safepoint "Cleanup", Time since last: 1000144211 ns, Reaching safepoint: 103271 ns, At safepoint: 13748 ns, Total: 117019 ns
[2020-09-11T13:07:04.362+0000][1][safepoint    ] Safepoint "Cleanup", Time since last: 1000243788 ns, Reaching safepoint: 108175 ns, At safepoint: 19124 ns, Total: 127299 ns
[2020-09-11T13:07:05.364+0000][1][safepoint    ] Safepoint "Cleanup", Time since last: 1001545808 ns, Reaching safepoint: 87016 ns, At safepoint: 6612 ns, Total: 93628 ns
[2020-09-11T13:07:06.364+0000][1][safepoint    ] Safepoint "Cleanup", Time since last: 1000149812 ns, Reaching safepoint: 100049 ns, At safepoint: 6721 ns, Total: 106770 ns
[2020-09-11T13:07:07.364+0000][1][safepoint    ] Safepoint "Cleanup", Time since last: 1000176375 ns, Reaching safepoint: 84845 ns, At safepoint: 6461 ns, Total: 91306 ns
[2020-09-11T13:07:08.365+0000][1][safepoint    ] Safepoint "Cleanup", Time since last: 1000173469 ns, Reaching safepoint: 147422 ns, At safepoint: 17590 ns, Total: 165012 ns
[2020-09-11T13:07:09.365+0000][1][safepoint    ] Safepoint "Cleanup", Time since last: 1000215153 ns, Reaching safepoint: 101937 ns, At safepoint: 15753 ns, Total: 117690 ns
[2020-09-11T13:07:10.366+0000][1][safepoint    ] Safepoint "Cleanup", Time since last: 1001242663 ns, Reaching safepoint: 105362 ns, At safepoint: 16004 ns, Total: 121366 ns
[2020-09-11T13:07:11.367+0000][1][safepoint    ] Safepoint "Cleanup", Time since last: 1000220770 ns, Reaching safepoint: 86135 ns, At safepoint: 6780 ns, Total: 92915 ns
[2020-09-11T13:07:12.367+0000][1][safepoint    ] Safepoint "Cleanup", Time since last: 1000177585 ns, Reaching safepoint: 108620 ns, At safepoint: 16979 ns, Total: 125599 ns
[2020-09-11T13:07:13.367+0000][1][safepoint    ] Safepoint "Cleanup", Time since last: 1000247478 ns, Reaching safepoint: 84820 ns, At safepoint: 14813 ns, Total: 99633 ns
[2020-09-11T13:07:14.368+0000][1][safepoint    ] Safepoint "Cleanup", Time since last: 1000167880 ns, Reaching safepoint: 131576 ns, At safepoint: 17226 ns, Total: 148802 ns
[2020-09-11T13:07:15.369+0000][1][safepoint    ] Safepoint "Cleanup", Time since last: 1000973752 ns, Reaching safepoint: 106668 ns, At safepoint: 14834 ns, Total: 121502 ns
[2020-09-11T13:07:16.369+0000][1][safepoint    ] Safepoint "Cleanup", Time since last: 1000220060 ns, Reaching safepoint: 100644 ns, At safepoint: 17618 ns, Total: 118262 ns
[2020-09-11T13:07:17.369+0000][1][safepoint    ] Safepoint "Cleanup", Time since last: 1000223237 ns, Reaching safepoint: 106946 ns, At safepoint: 17015 ns, Total: 123961 ns
[2020-09-11T13:07:18.370+0000][1][safepoint    ] Safepoint "Cleanup", Time since last: 1000224965 ns, Reaching safepoint: 105068 ns, At safepoint: 16692 ns, Total: 121760 ns
[2020-09-11T13:07:19.370+0000][1][safepoint    ] Safepoint "Cleanup", Time since last: 1000178128 ns, Reaching safepoint: 105178 ns, At safepoint: 15723 ns, Total: 120901 ns
[2020-09-11T13:07:20.370+0000][1][safepoint    ] Safepoint "Cleanup", Time since last: 1000224389 ns, Reaching safepoint: 107059 ns, At safepoint: 17584 ns, Total: 124643 ns
[2020-09-11T13:07:21.371+0000][1][safepoint    ] Safepoint "Cleanup", Time since last: 1000240369 ns, Reaching safepoint: 101272 ns, At safepoint: 16762 ns, Total: 118034 ns
[2020-09-11T13:07:22.371+0000][1][safepoint    ] Safepoint "Cleanup", Time since last: 1000205153 ns, Reaching safepoint: 86058 ns, At safepoint: 7207 ns, Total: 93265 ns
[2020-09-11T13:07:23.371+0000][1][safepoint    ] Safepoint "Cleanup", Time since last: 1000145528 ns, Reaching safepoint: 98472 ns, At safepoint: 6301 ns, Total: 104773 ns
[2020-09-11T13:07:24.372+0000][1][safepoint    ] Safepoint "Cleanup", Time since last: 1000211191 ns, Reaching safepoint: 89153 ns, At safepoint: 6968 ns, Total: 96121 ns
[2020-09-11T13:07:25.372+0000][1][safepoint    ] Safepoint "Cleanup", Time since last: 1000201410 ns, Reaching safepoint: 79635 ns, At safepoint: 6427 ns, Total: 86062 ns
[2020-09-11T13:07:26.372+0000][1][safepoint    ] Safepoint "Cleanup", Time since last: 1000128669 ns, Reaching safepoint: 101452 ns, At safepoint: 6800 ns, Total: 108252 ns
[2020-09-11T13:07:27.372+0000][1][safepoint    ] Safepoint "Cleanup", Time since last: 1000173453 ns, Reaching safepoint: 108018 ns, At safepoint: 17614 ns, Total: 125632 ns
[2020-09-11T13:07:28.373+0000][1][safepoint    ] Safepoint "Cleanup", Time since last: 1000257507 ns, Reaching safepoint: 110702 ns, At safepoint: 7103 ns, Total: 117805 ns
[2020-09-11T13:07:29.373+0000][1][safepoint    ] Safepoint "Cleanup", Time since last: 1000149432 ns, Reaching safepoint: 111172 ns, At safepoint: 16585 ns, Total: 127757 ns
[2020-09-11T13:07:30.373+0000][1][safepoint    ] Safepoint "Cleanup", Time since last: 1000230847 ns, Reaching safepoint: 106972 ns, At safepoint: 16491 ns, Total: 123463 ns
[2020-09-11T13:07:31.374+0000][1][safepoint    ] Safepoint "Cleanup", Time since last: 1000228716 ns, Reaching safepoint: 140058 ns, At safepoint: 18246 ns, Total: 158304 ns
[2020-09-11T13:07:32.374+0000][1][safepoint    ] Safepoint "Cleanup", Time since last: 1000223933 ns, Reaching safepoint: 114770 ns, At safepoint: 17397 ns, Total: 132167 ns
[2020-09-11T13:07:33.374+0000][1][safepoint    ] Safepoint "Cleanup", Time since last: 1000231773 ns, Reaching safepoint: 82971 ns, At safepoint: 5920 ns, Total: 88891 ns
[2020-09-11T13:07:34.375+0000][1][safepoint    ] Safepoint "Cleanup", Time since last: 1000173049 ns, Reaching safepoint: 78409 ns, At safepoint: 7324 ns, Total: 85733 ns
[2020-09-11T13:07:35.375+0000][1][safepoint    ] Safepoint "Cleanup", Time since last: 1000180470 ns, Reaching safepoint: 80177 ns, At safepoint: 6708 ns, Total: 86885 ns
[2020-09-11T13:07:36.375+0000][1][safepoint    ] Safepoint "Cleanup", Time since last: 1000171854 ns, Reaching safepoint: 82048 ns, At safepoint: 7371 ns, Total: 89419 ns
[2020-09-11T13:07:37.376+0000][1][safepoint    ] Safepoint "Cleanup", Time since last: 1000176360 ns, Reaching safepoint: 152256 ns, At safepoint: 6392 ns, Total: 158648 ns
[2020-09-11T13:07:38.376+0000][1][safepoint    ] Safepoint "Cleanup", Time since last: 1000196282 ns, Reaching safepoint: 116120 ns, At safepoint: 17594 ns, Total: 133714 ns
[2020-09-11T13:07:39.376+0000][1][safepoint    ] Safepoint "Cleanup", Time since last: 1000159893 ns, Reaching safepoint: 100747 ns, At safepoint: 7936 ns, Total: 108683 ns
[2020-09-11T13:07:40.376+0000][1][safepoint    ] Safepoint "Cleanup", Time since last: 1000171188 ns, Reaching safepoint: 99809 ns, At safepoint: 16348 ns, Total: 116157 ns
[2020-09-11T13:07:41.377+0000][1][safepoint    ] Safepoint "Cleanup", Time since last: 1000214288 ns, Reaching safepoint: 78556 ns, At safepoint: 6572 ns, Total: 85128 ns
[2020-09-11T13:07:42.377+0000][1][safepoint    ] Safepoint "Cleanup", Time since last: 1000179421 ns, Reaching safepoint: 108951 ns, At safepoint: 16805 ns, Total: 125756 ns
[2020-09-11T13:07:42.442+0000][1][gc,start     ] GC(78) Pause Young (Allocation Failure)
[2020-09-11T13:07:42.442+0000][1][gc,task      ] GC(78) Using 1 workers of 1 for evacuation
[2020-09-11T13:07:42.445+0000][1][gc,age       ] GC(78) Desired survivor size 4358144 bytes, new threshold 6 (max threshold 6)
[2020-09-11T13:07:42.445+0000][1][gc,age       ] GC(78) Age table with threshold 6 (max threshold 6)
[2020-09-11T13:07:42.445+0000][1][gc,age       ] GC(78) - age   1:       7856 bytes,       7856 total
[2020-09-11T13:07:42.445+0000][1][gc,age       ] GC(78) - age   2:       5608 bytes,      13464 total
[2020-09-11T13:07:42.445+0000][1][gc,age       ] GC(78) - age   3:       3584 bytes,      17048 total
[2020-09-11T13:07:42.445+0000][1][gc,age       ] GC(78) - age   4:       2360 bytes,      19408 total
[2020-09-11T13:07:42.445+0000][1][gc,age       ] GC(78) - age   5:        360 bytes,      19768 total
[2020-09-11T13:07:42.445+0000][1][gc,age       ] GC(78) - age   6:       2848 bytes,      22616 total
[2020-09-11T13:07:42.445+0000][1][gc,heap      ] GC(78) ParNew: 68210K->40K(76672K)
[2020-09-11T13:07:42.445+0000][1][gc,heap      ] GC(78) CMS: 64553K->64581K(439104K)
[2020-09-11T13:07:42.445+0000][1][gc,metaspace ] GC(78) Metaspace: 74169K->74169K(1118208K)
[2020-09-11T13:07:42.445+0000][1][gc           ] GC(78) Pause Young (Allocation Failure) 129M->63M(503M) 3.484ms
[2020-09-11T13:07:42.445+0000][1][gc,cpu       ] GC(78) User=0.00s Sys=0.00s Real=0.01s
[2020-09-11T13:07:42.445+0000][1][safepoint    ] Safepoint "GenCollectForAllocation", Time since last: 64397561 ns, Reaching safepoint: 171440 ns, At safepoint: 3617788 ns, Total: 3789228 ns
[2020-09-11T13:07:43.447+0000][1][safepoint    ] Safepoint "Cleanup", Time since last: 1001256440 ns, Reaching safepoint: 91484 ns, At safepoint: 15960 ns, Total: 107444 ns
[2020-09-11T13:07:44.447+0000][1][safepoint    ] Safepoint "Cleanup", Time since last: 1000187676 ns, Reaching safepoint: 73042 ns, At safepoint: 15838 ns, Total: 88880 ns
[2020-09-11T13:07:45.447+0000][1][safepoint    ] Safepoint "Cleanup", Time since last: 1000177359 ns, Reaching safepoint: 68514 ns, At safepoint: 19771 ns, Total: 88285 ns
[2020-09-11T13:07:46.447+0000][1][safepoint    ] Safepoint "Cleanup", Time since last: 1000166365 ns, Reaching safepoint: 93444 ns, At safepoint: 70225 ns, Total: 163669 ns
[2020-09-11T13:07:47.448+0000][1][safepoint    ] Safepoint "Cleanup", Time since last: 1000156128 ns, Reaching safepoint: 197748 ns, At safepoint: 17052 ns, Total: 214800 ns
[2020-09-11T13:07:48.448+0000][1][safepoint    ] Safepoint "Cleanup", Time since last: 1000209710 ns, Reaching safepoint: 105021 ns, At safepoint: 16989 ns, Total: 122010 ns
[2020-09-11T13:07:49.449+0000][1][safepoint    ] Safepoint "Cleanup", Time since last: 1000239135 ns, Reaching safepoint: 101790 ns, At safepoint: 17597 ns, Total: 119387 ns
[2020-09-11T13:07:50.449+0000][1][safepoint    ] Safepoint "Cleanup", Time since last: 1000224888 ns, Reaching safepoint: 87020 ns, At safepoint: 6742 ns, Total: 93762 ns
[2020-09-11T13:07:51.449+0000][1][safepoint    ] Safepoint "Cleanup", Time since last: 1000129321 ns, Reaching safepoint: 102175 ns, At safepoint: 15522 ns, Total: 117697 ns
[2020-09-11T13:07:52.449+0000][1][safepoint    ] Safepoint "Cleanup", Time since last: 1000217816 ns, Reaching safepoint: 104721 ns, At safepoint: 16291 ns, Total: 121012 ns
[2020-09-11T13:07:53.450+0000][1][safepoint    ] Safepoint "Cleanup", Time since last: 1000190776 ns, Reaching safepoint: 114740 ns, At safepoint: 6359 ns, Total: 121099 ns
[2020-09-11T13:07:54.450+0000][1][safepoint    ] Safepoint "Cleanup", Time since last: 1000184523 ns, Reaching safepoint: 101910 ns, At safepoint: 16839 ns, Total: 118749 ns
[2020-09-11T13:07:55.450+0000][1][safepoint    ] Safepoint "Cleanup", Time since last: 1000241443 ns, Reaching safepoint: 80134 ns, At safepoint: 6869 ns, Total: 87003 ns
[2020-09-11T13:07:56.451+0000][1][safepoint    ] Safepoint "Cleanup", Time since last: 1000111017 ns, Reaching safepoint: 67758 ns, At safepoint: 9080 ns, Total: 76838 ns
[2020-09-11T13:07:57.451+0000][1][safepoint    ] Safepoint "Cleanup", Time since last: 1000185754 ns, Reaching safepoint: 74882 ns, At safepoint: 7023 ns, Total: 81905 ns
[2020-09-11T13:07:58.451+0000][1][safepoint    ] Safepoint "Cleanup", Time since last: 1000198131 ns, Reaching safepoint: 84481 ns, At safepoint: 6170 ns, Total: 90651 ns
[2020-09-11T13:07:59.451+0000][1][safepoint    ] Safepoint "Cleanup", Time since last: 1000185567 ns, Reaching safepoint: 83449 ns, At safepoint: 7500 ns, Total: 90949 ns
[2020-09-11T13:08:00.452+0000][1][safepoint    ] Safepoint "Cleanup", Time since last: 1000200792 ns, Reaching safepoint: 80753 ns, At safepoint: 6243 ns, Total: 86996 ns
[2020-09-11T13:08:01.452+0000][1][safepoint    ] Safepoint "Cleanup", Time since last: 1000180740 ns, Reaching safepoint: 73823 ns, At safepoint: 6410 ns, Total: 80233 ns
[2020-09-11T13:08:02.452+0000][1][safepoint    ] Safepoint "Cleanup", Time since last: 1000196181 ns, Reaching safepoint: 82365 ns, At safepoint: 6512 ns, Total: 88877 ns
[2020-09-11T13:08:03.452+0000][1][safepoint    ] Safepoint "Cleanup", Time since last: 1000183429 ns, Reaching safepoint: 83669 ns, At safepoint: 6327 ns, Total: 89996 ns
[2020-09-11T13:08:04.453+0000][1][safepoint    ] Safepoint "Cleanup", Time since last: 1000140534 ns, Reaching safepoint: 104597 ns, At safepoint: 16729 ns, Total: 121326 ns
[2020-09-11T13:08:05.453+0000][1][safepoint    ] Safepoint "Cleanup", Time since last: 1000120536 ns, Reaching safepoint: 89240 ns, At safepoint: 7526 ns, Total: 96766 ns
[2020-09-11T13:08:06.453+0000][1][safepoint    ] Safepoint "Cleanup", Time since last: 1000182677 ns, Reaching safepoint: 55211 ns, At safepoint: 7231 ns, Total: 62442 ns
[2020-09-11T13:08:07.454+0000][1][safepoint    ] Safepoint "Cleanup", Time since last: 1000185499 ns, Reaching safepoint: 108266 ns, At safepoint: 17643 ns, Total: 125909 ns
[2020-09-11T13:08:08.454+0000][1][safepoint    ] Safepoint "Cleanup", Time since last: 1000191017 ns, Reaching safepoint: 116104 ns, At safepoint: 17193 ns, Total: 133297 ns
[2020-09-11T13:08:09.454+0000][1][safepoint    ] Safepoint "Cleanup", Time since last: 1000188358 ns, Reaching safepoint: 111834 ns, At safepoint: 18476 ns, Total: 130310 ns
[2020-09-11T13:08:10.455+0000][1][safepoint    ] Safepoint "Cleanup", Time since last: 1000206820 ns, Reaching safepoint: 137336 ns, At safepoint: 17149 ns, Total: 154485 ns
[2020-09-11T13:08:11.455+0000][1][safepoint    ] Safepoint "Cleanup", Time since last: 1000172201 ns, Reaching safepoint: 113068 ns, At safepoint: 7513 ns, Total: 120581 ns
[2020-09-11T13:08:12.455+0000][1][safepoint    ] Safepoint "Cleanup", Time since last: 1000208039 ns, Reaching safepoint: 85062 ns, At safepoint: 6448 ns, Total: 91510 ns
[2020-09-11T13:08:13.455+0000][1][safepoint    ] Safepoint "Cleanup", Time since last: 1000155514 ns, Reaching safepoint: 91992 ns, At safepoint: 6393 ns, Total: 98385 ns
[2020-09-11T13:08:14.456+0000][1][safepoint    ] Safepoint "Cleanup", Time since last: 1000212955 ns, Reaching safepoint: 84982 ns, At safepoint: 7683 ns, Total: 92665 ns
[2020-09-11T13:08:15.456+0000][1][safepoint    ] Safepoint "Cleanup", Time since last: 1000168904 ns, Reaching safepoint: 108459 ns, At safepoint: 16983 ns, Total: 125442 ns
[2020-09-11T13:08:16.456+0000][1][safepoint    ] Safepoint "Cleanup", Time since last: 1000238375 ns, Reaching safepoint: 110868 ns, At safepoint: 17350 ns, Total: 128218 ns
[2020-09-11T13:08:17.457+0000][1][safepoint    ] Safepoint "Cleanup", Time since last: 1000180059 ns, Reaching safepoint: 104617 ns, At safepoint: 16180 ns, Total: 120797 ns
[2020-09-11T13:08:18.457+0000][1][safepoint    ] Safepoint "Cleanup", Time since last: 1000205685 ns, Reaching safepoint: 105716 ns, At safepoint: 16331 ns, Total: 122047 ns
[2020-09-11T13:08:19.457+0000][1][safepoint    ] Safepoint "Cleanup", Time since last: 1000218152 ns, Reaching safepoint: 103040 ns, At safepoint: 16421 ns, Total: 119461 ns
[2020-09-11T13:08:20.458+0000][1][safepoint    ] Safepoint "Cleanup", Time since last: 1000207653 ns, Reaching safepoint: 79627 ns, At safepoint: 7429 ns, Total: 87056 ns
[2020-09-11T13:08:21.458+0000][1][safepoint    ] Safepoint "Cleanup", Time since last: 1000164145 ns, Reaching safepoint: 101359 ns, At safepoint: 17213 ns, Total: 118572 ns
[2020-09-11T13:08:22.458+0000][1][safepoint    ] Safepoint "Cleanup", Time since last: 1000206652 ns, Reaching safepoint: 102720 ns, At safepoint: 15783 ns, Total: 118503 ns
[2020-09-11T13:08:23.459+0000][1][safepoint    ] Safepoint "Cleanup", Time since last: 1000220689 ns, Reaching safepoint: 91720 ns, At safepoint: 6647 ns, Total: 98367 ns
[2020-09-11T13:08:24.459+0000][1][safepoint    ] Safepoint "Cleanup", Time since last: 1000146239 ns, Reaching safepoint: 95551 ns, At safepoint: 6142 ns, Total: 101693 ns
[2020-09-11T13:08:25.459+0000][1][safepoint    ] Safepoint "Cleanup", Time since last: 1000139434 ns, Reaching safepoint: 100168 ns, At safepoint: 7001 ns, Total: 107169 ns
[2020-09-11T13:08:26.459+0000][1][safepoint    ] Safepoint "Cleanup", Time since last: 1000143273 ns, Reaching safepoint: 103186 ns, At safepoint: 6023 ns, Total: 109209 ns
[2020-09-11T13:08:27.460+0000][1][safepoint    ] Safepoint "Cleanup", Time since last: 1000170245 ns, Reaching safepoint: 84853 ns, At safepoint: 7219 ns, Total: 92072 ns
[2020-09-11T13:08:28.460+0000][1][safepoint    ] Safepoint "Cleanup", Time since last: 1000184723 ns, Reaching safepoint: 80855 ns, At safepoint: 6760 ns, Total: 87615 ns
[2020-09-11T13:08:29.460+0000][1][safepoint    ] Safepoint "Cleanup", Time since last: 1000178124 ns, Reaching safepoint: 105743 ns, At safepoint: 17216 ns, Total: 122959 ns
[2020-09-11T13:08:30.460+0000][1][safepoint    ] Safepoint "Cleanup", Time since last: 1000233719 ns, Reaching safepoint: 103207 ns, At safepoint: 16224 ns, Total: 119431 ns
[2020-09-11T13:08:31.461+0000][1][safepoint    ] Safepoint "Cleanup", Time since last: 1000217414 ns, Reaching safepoint: 124070 ns, At safepoint: 8118 ns, Total: 132188 ns
[2020-09-11T13:08:32.461+0000][1][safepoint    ] Safepoint "Cleanup", Time since last: 1000177085 ns, Reaching safepoint: 89801 ns, At safepoint: 6570 ns, Total: 96371 ns
[2020-09-11T13:08:33.461+0000][1][safepoint    ] Safepoint "Cleanup", Time since last: 1000183006 ns, Reaching safepoint: 77435 ns, At safepoint: 7225 ns, Total: 84660 ns
[2020-09-11T13:08:34.462+0000][1][safepoint    ] Safepoint "Cleanup", Time since last: 1000179436 ns, Reaching safepoint: 100337 ns, At safepoint: 16835 ns, Total: 117172 ns
[2020-09-11T13:08:35.462+0000][1][safepoint    ] Safepoint "Cleanup", Time since last: 1000237317 ns, Reaching safepoint: 80449 ns, At safepoint: 7625 ns, Total: 88074 ns
[2020-09-11T13:08:36.463+0000][1][safepoint    ] Safepoint "Cleanup", Time since last: 1000717908 ns, Reaching safepoint: 65361 ns, At safepoint: 6741 ns, Total: 72102 ns
[2020-09-11T13:08:37.463+0000][1][safepoint    ] Safepoint "Cleanup", Time since last: 1000158378 ns, Reaching safepoint: 99440 ns, At safepoint: 7256 ns, Total: 106696 ns
[2020-09-11T13:08:38.463+0000][1][safepoint    ] Safepoint "Cleanup", Time since last: 1000186877 ns, Reaching safepoint: 78193 ns, At safepoint: 7103 ns, Total: 85296 ns
[2020-09-11T13:08:39.464+0000][1][safepoint    ] Safepoint "Cleanup", Time since last: 1000185076 ns, Reaching safepoint: 87282 ns, At safepoint: 6743 ns, Total: 94025 ns
[2020-09-11T13:08:40.464+0000][1][safepoint    ] Safepoint "Cleanup", Time since last: 1000180035 ns, Reaching safepoint: 92410 ns, At safepoint: 5916 ns, Total: 98326 ns
[2020-09-11T13:08:41.464+0000][1][safepoint    ] Safepoint "Cleanup", Time since last: 1000163431 ns, Reaching safepoint: 89551 ns, At safepoint: 6895 ns, Total: 96446 ns
[2020-09-11T13:08:42.464+0000][1][safepoint    ] Safepoint "Cleanup", Time since last: 1000167805 ns, Reaching safepoint: 87744 ns, At safepoint: 6577 ns, Total: 94321 ns
[2020-09-11T13:08:43.465+0000][1][safepoint    ] Safepoint "Cleanup", Time since last: 1000188327 ns, Reaching safepoint: 82317 ns, At safepoint: 6762 ns, Total: 89079 ns
[2020-09-11T13:08:44.465+0000][1][safepoint    ] Safepoint "Cleanup", Time since last: 1000125008 ns, Reaching safepoint: 108830 ns, At safepoint: 15756 ns, Total: 124586 ns
[2020-09-11T13:08:45.465+0000][1][safepoint    ] Safepoint "Cleanup", Time since last: 1000191562 ns, Reaching safepoint: 97090 ns, At safepoint: 15616 ns, Total: 112706 ns
[2020-09-11T13:08:46.465+0000][1][safepoint    ] Safepoint "Cleanup", Time since last: 1000206836 ns, Reaching safepoint: 80067 ns, At safepoint: 6078 ns, Total: 86145 ns
[2020-09-11T13:08:47.466+0000][1][safepoint    ] Safepoint "Cleanup", Time since last: 1000125712 ns, Reaching safepoint: 100270 ns, At safepoint: 16104 ns, Total: 116374 ns
[2020-09-11T13:08:48.466+0000][1][safepoint    ] Safepoint "Cleanup", Time since last: 1000193831 ns, Reaching safepoint: 85734 ns, At safepoint: 6059 ns, Total: 91793 ns
[2020-09-11T13:08:49.466+0000][1][safepoint    ] Safepoint "Cleanup", Time since last: 1000158186 ns, Reaching safepoint: 95918 ns, At safepoint: 16394 ns, Total: 112312 ns
[2020-09-11T13:08:50.467+0000][1][safepoint    ] Safepoint "Cleanup", Time since last: 1000177379 ns, Reaching safepoint: 100948 ns, At safepoint: 16669 ns, Total: 117617 ns
[2020-09-11T13:08:51.467+0000][1][safepoint    ] Safepoint "Cleanup", Time since last: 1000197515 ns, Reaching safepoint: 99335 ns, At safepoint: 16264 ns, Total: 115599 ns
[2020-09-11T13:08:52.467+0000][1][safepoint    ] Safepoint "Cleanup", Time since last: 1000168730 ns, Reaching safepoint: 105142 ns, At safepoint: 15883 ns, Total: 121025 ns
[2020-09-11T13:08:52.538+0000][1][gc,start     ] GC(79) Pause Young (Allocation Failure)
[2020-09-11T13:08:52.539+0000][1][gc,task      ] GC(79) Using 1 workers of 1 for evacuation
[2020-09-11T13:08:52.545+0000][1][gc,age       ] GC(79) Desired survivor size 4358144 bytes, new threshold 6 (max threshold 6)
[2020-09-11T13:08:52.545+0000][1][gc,age       ] GC(79) Age table with threshold 6 (max threshold 6)
[2020-09-11T13:08:52.545+0000][1][gc,age       ] GC(79) - age   1:       6384 bytes,       6384 total
[2020-09-11T13:08:52.545+0000][1][gc,age       ] GC(79) - age   2:       1168 bytes,       7552 total
[2020-09-11T13:08:52.545+0000][1][gc,age       ] GC(79) - age   3:       5608 bytes,      13160 total
[2020-09-11T13:08:52.545+0000][1][gc,age       ] GC(79) - age   4:       3584 bytes,      16744 total
[2020-09-11T13:08:52.545+0000][1][gc,age       ] GC(79) - age   5:       1824 bytes,      18568 total
[2020-09-11T13:08:52.545+0000][1][gc,age       ] GC(79) - age   6:        360 bytes,      18928 total
[2020-09-11T13:08:52.545+0000][1][gc,heap      ] GC(79) ParNew: 68200K->36K(76672K)
[2020-09-11T13:08:52.545+0000][1][gc,heap      ] GC(79) CMS: 64581K->64584K(439104K)
[2020-09-11T13:08:52.545+0000][1][gc,metaspace ] GC(79) Metaspace: 74186K->74186K(1118208K)
[2020-09-11T13:08:52.545+0000][1][gc           ] GC(79) Pause Young (Allocation Failure) 129M->63M(503M) 7.057ms
[2020-09-11T13:08:52.545+0000][1][gc,cpu       ] GC(79) User=0.01s Sys=0.00s Real=0.01s
[2020-09-11T13:08:52.546+0000][1][safepoint    ] Safepoint "GenCollectForAllocation", Time since last: 70931512 ns, Reaching safepoint: 223197 ns, At safepoint: 7171754 ns, Total: 7394951 ns
[2020-09-11T13:08:53.550+0000][1][safepoint    ] Safepoint "Cleanup", Time since last: 1004120718 ns, Reaching safepoint: 165150 ns, At safepoint: 48951 ns, Total: 214101 ns
[2020-09-11T13:08:54.550+0000][1][safepoint    ] Safepoint "Cleanup", Time since last: 1000116238 ns, Reaching safepoint: 169686 ns, At safepoint: 14766 ns, Total: 184452 ns
[2020-09-11T13:08:55.552+0000][1][safepoint    ] Safepoint "Cleanup", Time since last: 1001832215 ns, Reaching safepoint: 204620 ns, At safepoint: 43935 ns, Total: 248555 ns
[2020-09-11T13:08:56.553+0000][1][safepoint    ] Safepoint "Cleanup", Time since last: 1000152933 ns, Reaching safepoint: 87645 ns, At safepoint: 38825 ns, Total: 126470 ns
[2020-09-11T13:08:57.553+0000][1][safepoint    ] Safepoint "Cleanup", Time since last: 1000121806 ns, Reaching safepoint: 166177 ns, At safepoint: 7990 ns, Total: 174167 ns
[2020-09-11T13:08:58.553+0000][1][safepoint    ] Safepoint "Cleanup", Time since last: 1000161572 ns, Reaching safepoint: 91344 ns, At safepoint: 5770 ns, Total: 97114 ns
[2020-09-11T13:08:59.553+0000][1][safepoint    ] Safepoint "Cleanup", Time since last: 1000150510 ns, Reaching safepoint: 82674 ns, At safepoint: 6208 ns, Total: 88882 ns
[2020-09-11T13:09:00.554+0000][1][safepoint    ] Safepoint "Cleanup", Time since last: 1000151071 ns, Reaching safepoint: 83092 ns, At safepoint: 5594 ns, Total: 88686 ns
[2020-09-11T13:09:01.554+0000][1][safepoint    ] Safepoint "Cleanup", Time since last: 1000217149 ns, Reaching safepoint: 55943 ns, At safepoint: 6548 ns, Total: 62491 ns
[2020-09-11T13:09:02.554+0000][1][safepoint    ] Safepoint "Cleanup", Time since last: 1000181077 ns, Reaching safepoint: 99499 ns, At safepoint: 15255 ns, Total: 114754 ns
[2020-09-11T13:09:03.554+0000][1][safepoint    ] Safepoint "Cleanup", Time since last: 1000209067 ns, Reaching safepoint: 82364 ns, At safepoint: 6512 ns, Total: 88876 ns
[2020-09-11T13:09:04.555+0000][1][safepoint    ] Safepoint "Cleanup", Time since last: 1000158546 ns, Reaching safepoint: 84989 ns, At safepoint: 5831 ns, Total: 90820 ns
[2020-09-11T13:09:05.555+0000][1][safepoint    ] Safepoint "Cleanup", Time since last: 1000222909 ns, Reaching safepoint: 105963 ns, At safepoint: 15075 ns, Total: 121038 ns
[2020-09-11T13:09:06.555+0000][1][safepoint    ] Safepoint "Cleanup", Time since last: 1000178857 ns, Reaching safepoint: 91089 ns, At safepoint: 6453 ns, Total: 97542 ns
[2020-09-11T13:09:07.556+0000][1][safepoint    ] Safepoint "Cleanup", Time since last: 1000181141 ns, Reaching safepoint: 127800 ns, At safepoint: 13879 ns, Total: 141679 ns
[2020-09-11T13:09:08.556+0000][1][safepoint    ] Safepoint "Cleanup", Time since last: 1000221590 ns, Reaching safepoint: 100039 ns, At safepoint: 15122 ns, Total: 115161 ns
[2020-09-11T13:09:09.556+0000][1][safepoint    ] Safepoint "Cleanup", Time since last: 1000189091 ns, Reaching safepoint: 102011 ns, At safepoint: 16946 ns, Total: 118957 ns
[2020-09-11T13:09:10.557+0000][1][safepoint    ] Safepoint "Cleanup", Time since last: 1000203841 ns, Reaching safepoint: 108460 ns, At safepoint: 16792 ns, Total: 125252 ns
[2020-09-11T13:09:11.557+0000][1][safepoint    ] Safepoint "Cleanup", Time since last: 1000214285 ns, Reaching safepoint: 100136 ns, At safepoint: 7946 ns, Total: 108082 ns
[2020-09-11T13:09:12.557+0000][1][safepoint    ] Safepoint "Cleanup", Time since last: 1000201534 ns, Reaching safepoint: 86873 ns, At safepoint: 6433 ns, Total: 93306 ns
[2020-09-11T13:09:13.557+0000][1][safepoint    ] Safepoint "Cleanup", Time since last: 1000109261 ns, Reaching safepoint: 60487 ns, At safepoint: 6509 ns, Total: 66996 ns
[2020-09-11T13:09:13.874+0000][1][safepoint    ] Safepoint "RevokeBias", Time since last: 316849106 ns, Reaching safepoint: 114812 ns, At safepoint: 8050 ns, Total: 122862 ns
[2020-09-11T13:09:13.875+0000][1][safepoint    ] Safepoint "RevokeBias", Time since last: 87384 ns, Reaching safepoint: 92764 ns, At safepoint: 5982 ns, Total: 98746 ns
[2020-09-11T13:09:13.876+0000][1][safepoint    ] Safepoint "RevokeBias", Time since last: 1575523 ns, Reaching safepoint: 298005 ns, At safepoint: 9282 ns, Total: 307287 ns
[2020-09-11T13:09:13.878+0000][1][safepoint    ] Safepoint "RevokeBias", Time since last: 1297193 ns, Reaching safepoint: 199264 ns, At safepoint: 8508 ns, Total: 207772 ns
[2020-09-11T13:09:13.880+0000][1][safepoint    ] Safepoint "RevokeBias", Time since last: 1121703 ns, Reaching safepoint: 798562 ns, At safepoint: 8407 ns, Total: 806969 ns
[2020-09-11T13:09:13.880+0000][1][safepoint    ] Safepoint "RevokeBias", Time since last: 96536 ns, Reaching safepoint: 212643 ns, At safepoint: 6875 ns, Total: 219518 ns
[2020-09-11T13:09:13.881+0000][1][safepoint    ] Safepoint "RevokeBias", Time since last: 767700 ns, Reaching safepoint: 313240 ns, At safepoint: 5952 ns, Total: 319192 ns
[2020-09-11T13:09:13.881+0000][1][safepoint    ] Safepoint "RevokeBias", Time since last: 41585 ns, Reaching safepoint: 139386 ns, At safepoint: 5534 ns, Total: 144920 ns
[2020-09-11T13:09:13.883+0000][1][safepoint    ] Safepoint "RevokeBias", Time since last: 638425 ns, Reaching safepoint: 1065960 ns, At safepoint: 7956 ns, Total: 1073916 ns
[2020-09-11T13:09:13.883+0000][1][safepoint    ] Safepoint "RevokeBias", Time since last: 149590 ns, Reaching safepoint: 146220 ns, At safepoint: 18962 ns, Total: 165182 ns
[2020-09-11T13:09:13.885+0000][1][safepoint    ] Safepoint "RevokeBias", Time since last: 199465 ns, Reaching safepoint: 1299843 ns, At safepoint: 6876 ns, Total: 1306719 ns
[2020-09-11T13:09:13.885+0000][1][safepoint    ] Safepoint "RevokeBias", Time since last: 109459 ns, Reaching safepoint: 317631 ns, At safepoint: 16291 ns, Total: 333922 ns
[2020-09-11T13:09:13.893+0000][1][safepoint    ] Safepoint "RevokeBias", Time since last: 6434861 ns, Reaching safepoint: 1382929 ns, At safepoint: 10792 ns, Total: 1393721 ns
[2020-09-11T13:09:13.900+0000][1][safepoint    ] Safepoint "RevokeBias", Time since last: 6352532 ns, Reaching safepoint: 512182 ns, At safepoint: 8285 ns, Total: 520467 ns
[2020-09-11T13:09:13.901+0000][1][safepoint    ] Safepoint "RevokeBias", Time since last: 938891 ns, Reaching safepoint: 130238 ns, At safepoint: 12147 ns, Total: 142385 ns
[2020-09-11T13:09:13.902+0000][1][safepoint    ] Safepoint "RevokeBias", Time since last: 60710 ns, Reaching safepoint: 421063 ns, At safepoint: 6217 ns, Total: 427280 ns
[2020-09-11T13:09:13.902+0000][1][safepoint    ] Safepoint "RevokeBias", Time since last: 84058 ns, Reaching safepoint: 138360 ns, At safepoint: 6788 ns, Total: 145148 ns
[2020-09-11T13:09:13.902+0000][1][safepoint    ] Safepoint "RevokeBias", Time since last: 100166 ns, Reaching safepoint: 146829 ns, At safepoint: 7135 ns, Total: 153964 ns
[2020-09-11T13:09:13.902+0000][1][safepoint    ] Safepoint "RevokeBias", Time since last: 47579 ns, Reaching safepoint: 157951 ns, At safepoint: 7025 ns, Total: 164976 ns
[2020-09-11T13:09:13.904+0000][1][safepoint    ] Safepoint "RevokeBias", Time since last: 1542098 ns, Reaching safepoint: 108532 ns, At safepoint: 7520 ns, Total: 116052 ns
[2020-09-11T13:09:13.906+0000][1][safepoint    ] Safepoint "RevokeBias", Time since last: 1294003 ns, Reaching safepoint: 846553 ns, At safepoint: 7893 ns, Total: 854446 ns
[2020-09-11T13:09:14.402+0000][1][safepoint    ] Safepoint "RevokeBias", Time since last: 495730723 ns, Reaching safepoint: 57775 ns, At safepoint: 10740 ns, Total: 68515 ns
[2020-09-11T13:09:14.403+0000][1][safepoint    ] Safepoint "RevokeBias", Time since last: 513007 ns, Reaching safepoint: 107620 ns, At safepoint: 6308 ns, Total: 113928 ns
[2020-09-11T13:09:14.428+0000][1][safepoint    ] Safepoint "RevokeBias", Time since last: 24799474 ns, Reaching safepoint: 971453 ns, At safepoint: 26785 ns, Total: 998238 ns
[2020-09-11T13:09:14.431+0000][1][safepoint    ] Safepoint "RevokeBias", Time since last: 363877 ns, Reaching safepoint: 2647510 ns, At safepoint: 20212 ns, Total: 2667722 ns
[2020-09-11T13:09:14.435+0000][1][safepoint    ] Safepoint "RevokeBias", Time since last: 260701 ns, Reaching safepoint: 3714401 ns, At safepoint: 18057 ns, Total: 3732458 ns
[2020-09-11T13:09:14.436+0000][1][safepoint    ] Safepoint "RevokeBias", Time since last: 182577 ns, Reaching safepoint: 98218 ns, At safepoint: 14097 ns, Total: 112315 ns
[2020-09-11T13:09:14.436+0000][1][safepoint    ] Safepoint "RevokeBias", Time since last: 33149 ns, Reaching safepoint: 89391 ns, At safepoint: 12320 ns, Total: 101711 ns
[2020-09-11T13:09:14.437+0000][1][safepoint    ] Safepoint "RevokeBias", Time since last: 1249595 ns, Reaching safepoint: 99552 ns, At safepoint: 15044 ns, Total: 114596 ns
[2020-09-11T13:09:14.437+0000][1][safepoint    ] Safepoint "RevokeBias", Time since last: 44713 ns, Reaching safepoint: 88830 ns, At safepoint: 12620 ns, Total: 101450 ns
[2020-09-11T13:09:14.438+0000][1][safepoint    ] Safepoint "RevokeBias", Time since last: 33339 ns, Reaching safepoint: 86871 ns, At safepoint: 12198 ns, Total: 99069 ns
[2020-09-11T13:09:14.448+0000][1][safepoint    ] Safepoint "RevokeBias", Time since last: 5886884 ns, Reaching safepoint: 4622850 ns, At safepoint: 22010 ns, Total: 4644860 ns
[2020-09-11T13:09:14.448+0000][1][safepoint    ] Safepoint "RevokeBias", Time since last: 119140 ns, Reaching safepoint: 85916 ns, At safepoint: 12398 ns, Total: 98314 ns
[2020-09-11T13:09:14.448+0000][1][safepoint    ] Safepoint "RevokeBias", Time since last: 66696 ns, Reaching safepoint: 83069 ns, At safepoint: 11797 ns, Total: 94866 ns
[2020-09-11T13:09:14.449+0000][1][safepoint    ] Safepoint "RevokeBias", Time since last: 427730 ns, Reaching safepoint: 84875 ns, At safepoint: 12470 ns, Total: 97345 ns
[2020-09-11T13:09:14.449+0000][1][safepoint    ] Safepoint "RevokeBias", Time since last: 300612 ns, Reaching safepoint: 89014 ns, At safepoint: 13473 ns, Total: 102487 ns
[2020-09-11T13:09:14.450+0000][1][safepoint    ] Safepoint "RevokeBias", Time since last: 822980 ns, Reaching safepoint: 95173 ns, At safepoint: 14630 ns, Total: 109803 ns
[2020-09-11T13:09:14.451+0000][1][safepoint    ] Safepoint "RevokeBias", Time since last: 655229 ns, Reaching safepoint: 485354 ns, At safepoint: 31196 ns, Total: 516550 ns
[2020-09-11T13:09:14.455+0000][1][safepoint    ] Safepoint "RevokeBias", Time since last: 333223 ns, Reaching safepoint: 3627020 ns, At safepoint: 16469 ns, Total: 3643489 ns
[2020-09-11T13:09:14.465+0000][1][safepoint    ] Safepoint "RevokeBias", Time since last: 301907 ns, Reaching safepoint: 9168694 ns, At safepoint: 13119 ns, Total: 9181813 ns
[2020-09-11T13:09:14.468+0000][1][safepoint    ] Safepoint "RevokeBias", Time since last: 1000833 ns, Reaching safepoint: 1512773 ns, At safepoint: 92813 ns, Total: 1605586 ns
[2020-09-11T13:09:14.556+0000][1][safepoint    ] Safepoint "RevokeBias", Time since last: 87929027 ns, Reaching safepoint: 127406 ns, At safepoint: 8766 ns, Total: 136172 ns
[2020-09-11T13:09:14.556+0000][1][safepoint    ] Safepoint "RevokeBias", Time since last: 100437 ns, Reaching safepoint: 85332 ns, At safepoint: 5068 ns, Total: 90400 ns
[2020-09-11T13:09:14.556+0000][1][safepoint    ] Safepoint "RevokeBias", Time since last: 42661 ns, Reaching safepoint: 84129 ns, At safepoint: 5315 ns, Total: 89444 ns
[2020-09-11T13:09:14.556+0000][1][safepoint    ] Safepoint "RevokeBias", Time since last: 444505 ns, Reaching safepoint: 85767 ns, At safepoint: 5176 ns, Total: 90943 ns
[2020-09-11T13:09:14.557+0000][1][safepoint    ] Safepoint "RevokeBias", Time since last: 669027 ns, Reaching safepoint: 83883 ns, At safepoint: 5961 ns, Total: 89844 ns
[2020-09-11T13:09:14.563+0000][1][safepoint    ] Safepoint "RevokeBias", Time since last: 511008 ns, Reaching safepoint: 5745032 ns, At safepoint: 18936 ns, Total: 5763968 ns
[2020-09-11T13:09:14.570+0000][1][safepoint    ] Safepoint "RevokeBias", Time since last: 2843040 ns, Reaching safepoint: 3743330 ns, At safepoint: 16309 ns, Total: 3759639 ns
[2020-09-11T13:09:14.573+0000][1][safepoint    ] Safepoint "RevokeBias", Time since last: 509751 ns, Reaching safepoint: 2757389 ns, At safepoint: 14425 ns, Total: 2771814 ns
[2020-09-11T13:09:14.599+0000][1][safepoint    ] Safepoint "RevokeBias", Time since last: 18963043 ns, Reaching safepoint: 6786932 ns, At safepoint: 22557 ns, Total: 6809489 ns
[2020-09-11T13:09:14.601+0000][1][safepoint    ] Safepoint "RevokeBias", Time since last: 1285661 ns, Reaching safepoint: 85642 ns, At safepoint: 5619 ns, Total: 91261 ns
[2020-09-11T13:09:14.601+0000][1][safepoint    ] Safepoint "RevokeBias", Time since last: 113624 ns, Reaching safepoint: 81492 ns, At safepoint: 5179 ns, Total: 86671 ns
[2020-09-11T13:09:14.601+0000][1][safepoint    ] Safepoint "RevokeBias", Time since last: 99784 ns, Reaching safepoint: 78115 ns, At safepoint: 4805 ns, Total: 82920 ns
[2020-09-11T13:09:14.604+0000][1][safepoint    ] Safepoint "RevokeBias", Time since last: 3188493 ns, Reaching safepoint: 97436 ns, At safepoint: 17245 ns, Total: 114681 ns
[2020-09-11T13:09:14.614+0000][1][safepoint    ] Safepoint "RevokeBias", Time since last: 288490 ns, Reaching safepoint: 8996206 ns, At safepoint: 28772 ns, Total: 9024978 ns
[2020-09-11T13:09:14.619+0000][1][safepoint    ] Safepoint "RevokeBias", Time since last: 5402465 ns, Reaching safepoint: 100129 ns, At safepoint: 17786 ns, Total: 117915 ns
[2020-09-11T13:09:14.620+0000][1][safepoint    ] Safepoint "RevokeBias", Time since last: 463244 ns, Reaching safepoint: 83541 ns, At safepoint: 5635 ns, Total: 89176 ns
[2020-09-11T13:09:14.630+0000][1][safepoint    ] Safepoint "RevokeBias", Time since last: 8702917 ns, Reaching safepoint: 1445007 ns, At safepoint: 10406 ns, Total: 1455413 ns
[2020-09-11T13:09:14.642+0000][1][gc,heap,exit ] Heap
[2020-09-11T13:09:14.642+0000][1][gc,heap,exit ]  par new generation   total 76672K, used 30018K [0x00000000e0000000, 0x00000000e5330000, 0x00000000e5330000)
[2020-09-11T13:09:14.642+0000][1][gc,heap,exit ]   eden space 68160K,  43% used [0x00000000e0000000, 0x00000000e1d47678, 0x00000000e4290000)
[2020-09-11T13:09:14.642+0000][1][gc,heap,exit ]   from space 8512K,   0% used [0x00000000e4ae0000, 0x00000000e4ae9330, 0x00000000e5330000)
[2020-09-11T13:09:14.642+0000][1][gc,heap,exit ]   to   space 8512K,   0% used [0x00000000e4290000, 0x00000000e4290000, 0x00000000e4ae0000)
[2020-09-11T13:09:14.642+0000][1][gc,heap,exit ]  concurrent mark-sweep generation total 439104K, used 64584K [0x00000000e5330000, 0x0000000100000000, 0x0000000100000000)
[2020-09-11T13:09:14.642+0000][1][gc,heap,exit ]  Metaspace       used 74336K, capacity 80207K, committed 80316K, reserved 1118208K
[2020-09-11T13:09:14.642+0000][1][gc,heap,exit ]   class space    used 9806K, capacity 12218K, committed 12232K, reserved 1048576K
