[2020-09-11T12:01:56.809+0000][1][gc] Using Concurrent Mark Sweep
[2020-09-11T12:01:56.809+0000][1][gc,heap,coops] Heap address: 0x00000000e0000000, size: 512 MB, Compressed Oops mode: 32-bit
[2020-09-11T12:01:57.079+0000][1][safepoint    ] Safepoint "EnableBiasedLocking", Time since last: 238522120 ns, Reaching safepoint: 1434426 ns, At safepoint: 37584 ns, Total: 1472010 ns
[2020-09-11T12:01:57.094+0000][1][safepoint    ] Safepoint "RevokeBias", Time since last: 12261894 ns, Reaching safepoint: 1739424 ns, At safepoint: 36811 ns, Total: 1776235 ns
[2020-09-11T12:01:57.158+0000][1][safepoint    ] Safepoint "Deoptimize", Time since last: 59337183 ns, Reaching safepoint: 5152228 ns, At safepoint: 33703 ns, Total: 5185931 ns
[2020-09-11T12:01:57.804+0000][1][safepoint    ] Safepoint "RevokeBias", Time since last: 645420786 ns, Reaching safepoint: 581937 ns, At safepoint: 38575 ns, Total: 620512 ns
[2020-09-11T12:01:57.853+0000][1][safepoint    ] Safepoint "RevokeBias", Time since last: 47347619 ns, Reaching safepoint: 1165119 ns, At safepoint: 36570 ns, Total: 1201689 ns
[2020-09-11T12:01:57.861+0000][1][safepoint    ] Safepoint "Deoptimize", Time since last: 6829338 ns, Reaching safepoint: 1134336 ns, At safepoint: 35981 ns, Total: 1170317 ns
[2020-09-11T12:01:57.874+0000][1][safepoint    ] Safepoint "Deoptimize", Time since last: 13188335 ns, Reaching safepoint: 99279 ns, At safepoint: 38725 ns, Total: 138004 ns
[2020-09-11T12:01:58.123+0000][1][safepoint    ] Safepoint "Deoptimize", Time since last: 247149879 ns, Reaching safepoint: 2327141 ns, At safepoint: 41524 ns, Total: 2368665 ns
[2020-09-11T12:01:59.127+0000][1][safepoint    ] Safepoint "Cleanup", Time since last: 1003517276 ns, Reaching safepoint: 491146 ns, At safepoint: 7733 ns, Total: 498879 ns
[2020-09-11T12:02:00.135+0000][1][safepoint    ] Safepoint "Cleanup", Time since last: 1007418085 ns, Reaching safepoint: 130552 ns, At safepoint: 4861 ns, Total: 135413 ns
[2020-09-11T12:02:00.387+0000][1][safepoint    ] Safepoint "Deoptimize", Time since last: 251370611 ns, Reaching safepoint: 107952 ns, At safepoint: 69392 ns, Total: 177344 ns
[2020-09-11T12:02:00.712+0000][1][safepoint    ] Safepoint "Deoptimize", Time since last: 318225832 ns, Reaching safepoint: 6618788 ns, At safepoint: 72216 ns, Total: 6691004 ns
[2020-09-11T12:02:01.056+0000][1][safepoint    ] Safepoint "Deoptimize", Time since last: 337720815 ns, Reaching safepoint: 6236900 ns, At safepoint: 86303 ns, Total: 6323203 ns
[2020-09-11T12:02:01.750+0000][1][safepoint    ] Safepoint "Deoptimize", Time since last: 693956468 ns, Reaching safepoint: 111043 ns, At safepoint: 81920 ns, Total: 192963 ns
[2020-09-11T12:02:02.756+0000][1][safepoint    ] Safepoint "Cleanup", Time since last: 1005732227 ns, Reaching safepoint: 72646 ns, At safepoint: 5032 ns, Total: 77678 ns
[2020-09-11T12:02:02.956+0000][1][safepoint    ] Safepoint "Deoptimize", Time since last: 200142147 ns, Reaching safepoint: 89534 ns, At safepoint: 91019 ns, Total: 180553 ns
[2020-09-11T12:02:03.957+0000][1][safepoint    ] Safepoint "Cleanup", Time since last: 1001433982 ns, Reaching safepoint: 47953 ns, At safepoint: 4697 ns, Total: 52650 ns
[2020-09-11T12:02:04.456+0000][1][safepoint    ] Safepoint "Deoptimize", Time since last: 496863704 ns, Reaching safepoint: 1272179 ns, At safepoint: 97391 ns, Total: 1369570 ns
[2020-09-11T12:02:05.460+0000][1][safepoint    ] Safepoint "Cleanup", Time since last: 1000878559 ns, Reaching safepoint: 3087298 ns, At safepoint: 8574 ns, Total: 3095872 ns
[2020-09-11T12:02:06.092+0000][1][safepoint    ] Safepoint "Deoptimize", Time since last: 631930662 ns, Reaching safepoint: 113310 ns, At safepoint: 121732 ns, Total: 235042 ns
[2020-09-11T12:02:06.093+0000][1][safepoint    ] Safepoint "Deoptimize", Time since last: 906979 ns, Reaching safepoint: 80382 ns, At safepoint: 61175 ns, Total: 141557 ns
[2020-09-11T12:02:06.380+0000][1][safepoint    ] Safepoint "Deoptimize", Time since last: 282731661 ns, Reaching safepoint: 3999869 ns, At safepoint: 131697 ns, Total: 4131566 ns
[2020-09-11T12:02:06.392+0000][1][safepoint    ] Safepoint "Deoptimize", Time since last: 7834541 ns, Reaching safepoint: 4013819 ns, At safepoint: 131881 ns, Total: 4145700 ns
[2020-09-11T12:02:06.440+0000][1][safepoint    ] Safepoint "RevokeBias", Time since last: 48034395 ns, Reaching safepoint: 105015 ns, At safepoint: 29778 ns, Total: 134793 ns
[2020-09-11T12:02:06.443+0000][1][safepoint    ] Safepoint "RevokeBias", Time since last: 2460026 ns, Reaching safepoint: 1212048 ns, At safepoint: 27720 ns, Total: 1239768 ns
[2020-09-11T12:02:06.447+0000][1][safepoint    ] Safepoint "RevokeBias", Time since last: 98633 ns, Reaching safepoint: 3911885 ns, At safepoint: 36972 ns, Total: 3948857 ns
[2020-09-11T12:02:06.451+0000][1][safepoint    ] Safepoint "RevokeBias", Time since last: 233480 ns, Reaching safepoint: 3704391 ns, At safepoint: 34600 ns, Total: 3738991 ns
[2020-09-11T12:02:07.455+0000][1][safepoint    ] Safepoint "Cleanup", Time since last: 1003935527 ns, Reaching safepoint: 52380 ns, At safepoint: 3951 ns, Total: 56331 ns
[2020-09-11T12:02:08.460+0000][1][safepoint    ] Safepoint "Cleanup", Time since last: 1003956997 ns, Reaching safepoint: 120521 ns, At safepoint: 5770 ns, Total: 126291 ns
[2020-09-11T12:02:09.018+0000][1][gc,start     ] GC(0) Pause Young (Allocation Failure)
[2020-09-11T12:02:09.018+0000][1][gc,task      ] GC(0) Using 1 workers of 1 for evacuation
[2020-09-11T12:02:09.073+0000][1][gc,age       ] GC(0) Desired survivor size 4358144 bytes, new threshold 1 (max threshold 6)
[2020-09-11T12:02:09.073+0000][1][gc,age       ] GC(0) Age table with threshold 1 (max threshold 6)
[2020-09-11T12:02:09.073+0000][1][gc,age       ] GC(0) - age   1:    6436504 bytes,    6436504 total
[2020-09-11T12:02:09.073+0000][1][gc,heap      ] GC(0) ParNew: 68160K->6311K(76672K)
[2020-09-11T12:02:09.073+0000][1][gc,heap      ] GC(0) CMS: 0K->0K(439104K)
[2020-09-11T12:02:09.073+0000][1][gc,metaspace ] GC(0) Metaspace: 13618K->13618K(1062912K)
[2020-09-11T12:02:09.073+0000][1][gc           ] GC(0) Pause Young (Allocation Failure) 66M->6M(503M) 55.625ms
[2020-09-11T12:02:09.073+0000][1][gc,cpu       ] GC(0) User=0.02s Sys=0.00s Real=0.05s
[2020-09-11T12:02:09.076+0000][1][safepoint    ] Safepoint "GenCollectForAllocation", Time since last: 556181971 ns, Reaching safepoint: 1799100 ns, At safepoint: 58127709 ns, Total: 59926809 ns
[2020-09-11T12:02:09.099+0000][1][safepoint    ] Safepoint "RevokeBias", Time since last: 20951096 ns, Reaching safepoint: 2825250 ns, At safepoint: 53340 ns, Total: 2878590 ns
[2020-09-11T12:02:09.103+0000][1][safepoint    ] Safepoint "RevokeBias", Time since last: 104736 ns, Reaching safepoint: 3841927 ns, At safepoint: 41793 ns, Total: 3883720 ns
[2020-09-11T12:02:09.108+0000][1][safepoint    ] Safepoint "RevokeBias", Time since last: 58737 ns, Reaching safepoint: 3928693 ns, At safepoint: 59619 ns, Total: 3988312 ns
[2020-09-11T12:02:09.108+0000][1][safepoint    ] Safepoint "RevokeBias", Time since last: 59162 ns, Reaching safepoint: 84466 ns, At safepoint: 31689 ns, Total: 116155 ns
[2020-09-11T12:02:09.108+0000][1][safepoint    ] Safepoint "RevokeBias", Time since last: 47493 ns, Reaching safepoint: 81809 ns, At safepoint: 30146 ns, Total: 111955 ns
[2020-09-11T12:02:09.108+0000][1][safepoint    ] Safepoint "RevokeBias", Time since last: 24729 ns, Reaching safepoint: 80951 ns, At safepoint: 29764 ns, Total: 110715 ns
[2020-09-11T12:02:09.108+0000][1][safepoint    ] Safepoint "RevokeBias", Time since last: 30318 ns, Reaching safepoint: 81452 ns, At safepoint: 29002 ns, Total: 110454 ns
[2020-09-11T12:02:09.108+0000][1][safepoint    ] Safepoint "RevokeBias", Time since last: 23029 ns, Reaching safepoint: 81481 ns, At safepoint: 37995 ns, Total: 119476 ns
[2020-09-11T12:02:09.108+0000][1][safepoint    ] Safepoint "RevokeBias", Time since last: 30127 ns, Reaching safepoint: 80887 ns, At safepoint: 28709 ns, Total: 109596 ns
[2020-09-11T12:02:09.109+0000][1][safepoint    ] Safepoint "RevokeBias", Time since last: 22679 ns, Reaching safepoint: 80695 ns, At safepoint: 28908 ns, Total: 109603 ns
[2020-09-11T12:02:09.109+0000][1][safepoint    ] Safepoint "RevokeBias", Time since last: 29695 ns, Reaching safepoint: 81036 ns, At safepoint: 28514 ns, Total: 109550 ns
[2020-09-11T12:02:09.109+0000][1][safepoint    ] Safepoint "RevokeBias", Time since last: 36698 ns, Reaching safepoint: 79710 ns, At safepoint: 311661 ns, Total: 391371 ns
[2020-09-11T12:02:09.109+0000][1][safepoint    ] Safepoint "RevokeBias", Time since last: 19894 ns, Reaching safepoint: 12074 ns, At safepoint: 15454 ns, Total: 27528 ns
[2020-09-11T12:02:09.109+0000][1][safepoint    ] Safepoint "RevokeBias", Time since last: 64494 ns, Reaching safepoint: 82034 ns, At safepoint: 29114 ns, Total: 111148 ns
[2020-09-11T12:02:09.109+0000][1][safepoint    ] Safepoint "RevokeBias", Time since last: 22810 ns, Reaching safepoint: 81089 ns, At safepoint: 32795 ns, Total: 113884 ns
[2020-09-11T12:02:09.110+0000][1][safepoint    ] Safepoint "RevokeBias", Time since last: 107863 ns, Reaching safepoint: 41138 ns, At safepoint: 31473 ns, Total: 72611 ns
[2020-09-11T12:02:09.110+0000][1][safepoint    ] Safepoint "RevokeBias", Time since last: 23746 ns, Reaching safepoint: 81462 ns, At safepoint: 30821 ns, Total: 112283 ns
[2020-09-11T12:02:09.110+0000][1][safepoint    ] Safepoint "RevokeBias", Time since last: 162479 ns, Reaching safepoint: 81250 ns, At safepoint: 70372 ns, Total: 151622 ns
[2020-09-11T12:02:09.114+0000][1][safepoint    ] Safepoint "RevokeBias", Time since last: 24007 ns, Reaching safepoint: 1306297 ns, At safepoint: 2517585 ns, Total: 3823882 ns
[2020-09-11T12:02:09.120+0000][1][safepoint    ] Safepoint "RevokeBias", Time since last: 63377 ns, Reaching safepoint: 5158165 ns, At safepoint: 611581 ns, Total: 5769746 ns
[2020-09-11T12:02:09.123+0000][1][safepoint    ] Safepoint "RevokeBias", Time since last: 54924 ns, Reaching safepoint: 3611220 ns, At safepoint: 50772 ns, Total: 3661992 ns
[2020-09-11T12:02:09.125+0000][1][safepoint    ] Safepoint "RevokeBias", Time since last: 91022 ns, Reaching safepoint: 1238374 ns, At safepoint: 49348 ns, Total: 1287722 ns
[2020-09-11T12:02:09.155+0000][1][safepoint    ] Safepoint "RevokeBias", Time since last: 18542489 ns, Reaching safepoint: 3336754 ns, At safepoint: 8664518 ns, Total: 12001272 ns
[2020-09-11T12:02:09.160+0000][1][safepoint    ] Safepoint "RevokeBias", Time since last: 127284 ns, Reaching safepoint: 4015946 ns, At safepoint: 51639 ns, Total: 4067585 ns
[2020-09-11T12:02:09.163+0000][1][safepoint    ] Safepoint "RevokeBias", Time since last: 86589 ns, Reaching safepoint: 3735623 ns, At safepoint: 43605 ns, Total: 3779228 ns
[2020-09-11T12:02:09.164+0000][1][safepoint    ] Safepoint "RevokeBias", Time since last: 81304 ns, Reaching safepoint: 82976 ns, At safepoint: 23183 ns, Total: 106159 ns
[2020-09-11T12:02:09.164+0000][1][safepoint    ] Safepoint "RevokeBias", Time since last: 25002 ns, Reaching safepoint: 79776 ns, At safepoint: 23688 ns, Total: 103464 ns
[2020-09-11T12:02:09.164+0000][1][safepoint    ] Safepoint "RevokeBias", Time since last: 35205 ns, Reaching safepoint: 79757 ns, At safepoint: 21823 ns, Total: 101580 ns
[2020-09-11T12:02:09.164+0000][1][safepoint    ] Safepoint "RevokeBias", Time since last: 23140 ns, Reaching safepoint: 78784 ns, At safepoint: 19370 ns, Total: 98154 ns
[2020-09-11T12:02:09.165+0000][1][safepoint    ] Safepoint "RevokeBias", Time since last: 1054661 ns, Reaching safepoint: 91898 ns, At safepoint: 23253 ns, Total: 115151 ns
[2020-09-11T12:02:09.168+0000][1][safepoint    ] Safepoint "RevokeBias", Time since last: 1576409 ns, Reaching safepoint: 620164 ns, At safepoint: 437481 ns, Total: 1057645 ns
[2020-09-11T12:02:09.270+0000][1][safepoint    ] Safepoint "Deoptimize", Time since last: 101790032 ns, Reaching safepoint: 99334 ns, At safepoint: 186022 ns, Total: 285356 ns
[2020-09-11T12:02:10.279+0000][1][safepoint    ] Safepoint "Cleanup", Time since last: 1005509892 ns, Reaching safepoint: 4026262 ns, At safepoint: 18173 ns, Total: 4044435 ns
[2020-09-11T12:02:10.772+0000][1][safepoint    ] Safepoint "RevokeBias", Time since last: 491960409 ns, Reaching safepoint: 506969 ns, At safepoint: 38503 ns, Total: 545472 ns
[2020-09-11T12:02:11.782+0000][1][safepoint    ] Safepoint "Cleanup", Time since last: 1010109947 ns, Reaching safepoint: 125877 ns, At safepoint: 5626 ns, Total: 131503 ns
[2020-09-11T12:02:12.765+0000][1][safepoint    ] Safepoint "Deoptimize", Time since last: 978621485 ns, Reaching safepoint: 3664931 ns, At safepoint: 174145 ns, Total: 3839076 ns
[2020-09-11T12:02:13.566+0000][1][safepoint    ] Safepoint "Deoptimize", Time since last: 791832336 ns, Reaching safepoint: 9043272 ns, At safepoint: 189139 ns, Total: 9232411 ns
[2020-09-11T12:02:13.620+0000][1][gc,start     ] GC(1) Pause Young (Allocation Failure)
[2020-09-11T12:02:13.620+0000][1][gc,task      ] GC(1) Using 1 workers of 1 for evacuation
[2020-09-11T12:02:13.796+0000][1][gc,age       ] GC(1) Desired survivor size 4358144 bytes, new threshold 6 (max threshold 6)
[2020-09-11T12:02:13.796+0000][1][gc,age       ] GC(1) Age table with threshold 6 (max threshold 6)
[2020-09-11T12:02:13.796+0000][1][gc,age       ] GC(1) - age   1:    3988320 bytes,    3988320 total
[2020-09-11T12:02:13.796+0000][1][gc,heap      ] GC(1) ParNew: 74471K->4172K(76672K)
[2020-09-11T12:02:13.796+0000][1][gc,heap      ] GC(1) CMS: 0K->6784K(439104K)
[2020-09-11T12:02:13.796+0000][1][gc,metaspace ] GC(1) Metaspace: 19115K->19115K(1067008K)
[2020-09-11T12:02:13.796+0000][1][gc           ] GC(1) Pause Young (Allocation Failure) 72M->10M(503M) 176.642ms
[2020-09-11T12:02:13.796+0000][1][gc,cpu       ] GC(1) User=0.05s Sys=0.00s Real=0.18s
[2020-09-11T12:02:13.803+0000][1][safepoint    ] Safepoint "GenCollectForAllocation", Time since last: 53688692 ns, Reaching safepoint: 113374 ns, At safepoint: 183444236 ns, Total: 183557610 ns
[2020-09-11T12:02:13.814+0000][1][safepoint    ] Safepoint "BulkRevokeBias", Time since last: 10237944 ns, Reaching safepoint: 36815 ns, At safepoint: 299512 ns, Total: 336327 ns
[2020-09-11T12:02:13.838+0000][1][safepoint    ] Safepoint "RevokeBias", Time since last: 19245117 ns, Reaching safepoint: 2040285 ns, At safepoint: 2689736 ns, Total: 4730021 ns
[2020-09-11T12:02:13.843+0000][1][safepoint    ] Safepoint "RevokeBias", Time since last: 416171 ns, Reaching safepoint: 705452 ns, At safepoint: 4781274 ns, Total: 5486726 ns
[2020-09-11T12:02:13.853+0000][1][safepoint    ] Safepoint "RevokeBias", Time since last: 8043629 ns, Reaching safepoint: 1470487 ns, At safepoint: 93117 ns, Total: 1563604 ns
[2020-09-11T12:02:13.854+0000][1][safepoint    ] Safepoint "RevokeBias", Time since last: 127089 ns, Reaching safepoint: 431503 ns, At safepoint: 54860 ns, Total: 486363 ns
[2020-09-11T12:02:13.860+0000][1][safepoint    ] Safepoint "RevokeBias", Time since last: 1258869 ns, Reaching safepoint: 4527641 ns, At safepoint: 426005 ns, Total: 4953646 ns
[2020-09-11T12:02:13.862+0000][1][safepoint    ] Safepoint "RevokeBias", Time since last: 61629 ns, Reaching safepoint: 2338784 ns, At safepoint: 65542 ns, Total: 2404326 ns
[2020-09-11T12:02:13.879+0000][1][safepoint    ] Safepoint "BulkRevokeBias", Time since last: 56460 ns, Reaching safepoint: 1020253 ns, At safepoint: 15587302 ns, Total: 16607555 ns
[2020-09-11T12:02:13.879+0000][1][safepoint    ] Safepoint "BulkRevokeBias", Time since last: 59868 ns, Reaching safepoint: 103179 ns, At safepoint: 65253 ns, Total: 168432 ns
[2020-09-11T12:02:14.887+0000][1][safepoint    ] Safepoint "Cleanup", Time since last: 1000100836 ns, Reaching safepoint: 8124930 ns, At safepoint: 14410 ns, Total: 8139340 ns
[2020-09-11T12:02:14.968+0000][1][safepoint    ] Safepoint "Deoptimize", Time since last: 75243171 ns, Reaching safepoint: 4741645 ns, At safepoint: 220539 ns, Total: 4962184 ns
[2020-09-11T12:02:14.975+0000][1][safepoint    ] Safepoint "RevokeBias", Time since last: 530322 ns, Reaching safepoint: 6730658 ns, At safepoint: 53423 ns, Total: 6784081 ns
[2020-09-11T12:02:14.976+0000][1][safepoint    ] Safepoint "Deoptimize", Time since last: 982951 ns, Reaching safepoint: 87733 ns, At safepoint: 182481 ns, Total: 270214 ns
[2020-09-11T12:02:15.980+0000][1][safepoint    ] Safepoint "Cleanup", Time since last: 1003150752 ns, Reaching safepoint: 589956 ns, At safepoint: 6374 ns, Total: 596330 ns
[2020-09-11T12:02:16.696+0000][1][gc,start     ] GC(2) Pause Young (Allocation Failure)
[2020-09-11T12:02:16.696+0000][1][gc,task      ] GC(2) Using 1 workers of 1 for evacuation
[2020-09-11T12:02:16.741+0000][1][gc,age       ] GC(2) Desired survivor size 4358144 bytes, new threshold 2 (max threshold 6)
[2020-09-11T12:02:16.741+0000][1][gc,age       ] GC(2) Age table with threshold 2 (max threshold 6)
[2020-09-11T12:02:16.741+0000][1][gc,age       ] GC(2) - age   1:     434048 bytes,     434048 total
[2020-09-11T12:02:16.741+0000][1][gc,age       ] GC(2) - age   2:    3925696 bytes,    4359744 total
[2020-09-11T12:02:16.741+0000][1][gc,heap      ] GC(2) ParNew: 72332K->7922K(76672K)
[2020-09-11T12:02:16.741+0000][1][gc,heap      ] GC(2) CMS: 6784K->6784K(439104K)
[2020-09-11T12:02:16.741+0000][1][gc,metaspace ] GC(2) Metaspace: 20124K->20124K(1067008K)
[2020-09-11T12:02:16.741+0000][1][gc           ] GC(2) Pause Young (Allocation Failure) 77M->14M(503M) 45.182ms
[2020-09-11T12:02:16.741+0000][1][gc,cpu       ] GC(2) User=0.01s Sys=0.00s Real=0.04s
[2020-09-11T12:02:16.763+0000][1][safepoint    ] Safepoint "GenCollectForAllocation", Time since last: 715705733 ns, Reaching safepoint: 114998 ns, At safepoint: 67588044 ns, Total: 67703042 ns
[2020-09-11T12:02:16.792+0000][1][safepoint    ] Safepoint "RevokeBias", Time since last: 28030867 ns, Reaching safepoint: 36596 ns, At safepoint: 61993 ns, Total: 98589 ns
[2020-09-11T12:02:16.792+0000][1][safepoint    ] Safepoint "RevokeBias", Time since last: 62732 ns, Reaching safepoint: 18888 ns, At safepoint: 35123 ns, Total: 54011 ns
[2020-09-11T12:02:16.792+0000][1][safepoint    ] Safepoint "RevokeBias", Time since last: 433072 ns, Reaching safepoint: 20208 ns, At safepoint: 35254 ns, Total: 55462 ns
[2020-09-11T12:02:16.792+0000][1][safepoint    ] Safepoint "RevokeBias", Time since last: 39734 ns, Reaching safepoint: 12654 ns, At safepoint: 31327 ns, Total: 43981 ns
[2020-09-11T12:02:16.792+0000][1][safepoint    ] Safepoint "RevokeBias", Time since last: 28936 ns, Reaching safepoint: 11692 ns, At safepoint: 26843 ns, Total: 38535 ns
[2020-09-11T12:02:16.792+0000][1][safepoint    ] Safepoint "RevokeBias", Time since last: 26996 ns, Reaching safepoint: 10053 ns, At safepoint: 26966 ns, Total: 37019 ns
[2020-09-11T12:02:16.792+0000][1][safepoint    ] Safepoint "RevokeBias", Time since last: 32738 ns, Reaching safepoint: 9655 ns, At safepoint: 25775 ns, Total: 35430 ns
[2020-09-11T12:02:16.793+0000][1][safepoint    ] Safepoint "RevokeBias", Time since last: 101332 ns, Reaching safepoint: 12670 ns, At safepoint: 27622 ns, Total: 40292 ns
[2020-09-11T12:02:17.803+0000][1][safepoint    ] Safepoint "Cleanup", Time since last: 1010373938 ns, Reaching safepoint: 121117 ns, At safepoint: 6938 ns, Total: 128055 ns
[2020-09-11T12:02:17.820+0000][1][gc,start     ] GC(3) Pause Young (Allocation Failure)
[2020-09-11T12:02:17.820+0000][1][gc,task      ] GC(3) Using 1 workers of 1 for evacuation
[2020-09-11T12:02:17.909+0000][1][gc,age       ] GC(3) Desired survivor size 4358144 bytes, new threshold 6 (max threshold 6)
[2020-09-11T12:02:17.909+0000][1][gc,age       ] GC(3) Age table with threshold 6 (max threshold 6)
[2020-09-11T12:02:17.909+0000][1][gc,age       ] GC(3) - age   1:    1639632 bytes,    1639632 total
[2020-09-11T12:02:17.909+0000][1][gc,age       ] GC(3) - age   2:     406896 bytes,    2046528 total
[2020-09-11T12:02:17.909+0000][1][gc,heap      ] GC(3) ParNew: 76082K->2583K(76672K)
[2020-09-11T12:02:17.909+0000][1][gc,heap      ] GC(3) CMS: 6784K->10650K(439104K)
[2020-09-11T12:02:17.909+0000][1][gc,metaspace ] GC(3) Metaspace: 20235K->20235K(1067008K)
[2020-09-11T12:02:17.909+0000][1][gc           ] GC(3) Pause Young (Allocation Failure) 80M->12M(503M) 89.550ms
[2020-09-11T12:02:17.909+0000][1][gc,cpu       ] GC(3) User=0.02s Sys=0.00s Real=0.09s
[2020-09-11T12:02:17.923+0000][1][safepoint    ] Safepoint "GenCollectForAllocation", Time since last: 16342757 ns, Reaching safepoint: 98481 ns, At safepoint: 103749669 ns, Total: 103848150 ns
[2020-09-11T12:02:17.937+0000][1][safepoint    ] Safepoint "RevokeBias", Time since last: 13959061 ns, Reaching safepoint: 133239 ns, At safepoint: 48677 ns, Total: 181916 ns
[2020-09-11T12:02:17.938+0000][1][safepoint    ] Safepoint "RevokeBias", Time since last: 81163 ns, Reaching safepoint: 81196 ns, At safepoint: 34133 ns, Total: 115329 ns
[2020-09-11T12:02:17.938+0000][1][safepoint    ] Safepoint "RevokeBias", Time since last: 41727 ns, Reaching safepoint: 78949 ns, At safepoint: 33017 ns, Total: 111966 ns
[2020-09-11T12:02:17.938+0000][1][safepoint    ] Safepoint "RevokeBias", Time since last: 23745 ns, Reaching safepoint: 77543 ns, At safepoint: 29997 ns, Total: 107540 ns
[2020-09-11T12:02:17.938+0000][1][safepoint    ] Safepoint "RevokeBias", Time since last: 27454 ns, Reaching safepoint: 77248 ns, At safepoint: 29371 ns, Total: 106619 ns
[2020-09-11T12:02:17.938+0000][1][safepoint    ] Safepoint "RevokeBias", Time since last: 22859 ns, Reaching safepoint: 77294 ns, At safepoint: 30310 ns, Total: 107604 ns
[2020-09-11T12:02:17.938+0000][1][safepoint    ] Safepoint "RevokeBias", Time since last: 26636 ns, Reaching safepoint: 77192 ns, At safepoint: 29411 ns, Total: 106603 ns
[2020-09-11T12:02:17.938+0000][1][safepoint    ] Safepoint "RevokeBias", Time since last: 22079 ns, Reaching safepoint: 76723 ns, At safepoint: 28855 ns, Total: 105578 ns
[2020-09-11T12:02:18.792+0000][1][safepoint    ] Safepoint "CollectForMetadataAllocation", Time since last: 853018052 ns, Reaching safepoint: 115395 ns, At safepoint: 131917 ns, Total: 247312 ns
[2020-09-11T12:02:18.879+0000][1][safepoint    ] Safepoint "RevokeBias", Time since last: 86921637 ns, Reaching safepoint: 107684 ns, At safepoint: 19072 ns, Total: 126756 ns
[2020-09-11T12:02:18.962+0000][1][safepoint    ] Safepoint "CollectForMetadataAllocation", Time since last: 83126101 ns, Reaching safepoint: 113280 ns, At safepoint: 107103 ns, Total: 220383 ns
[2020-09-11T12:02:19.194+0000][1][gc,start     ] GC(4) Pause Young (Allocation Failure)
[2020-09-11T12:02:19.194+0000][1][gc,task      ] GC(4) Using 1 workers of 1 for evacuation
[2020-09-11T12:02:19.211+0000][1][gc,age       ] GC(4) Desired survivor size 4358144 bytes, new threshold 6 (max threshold 6)
[2020-09-11T12:02:19.211+0000][1][gc,age       ] GC(4) Age table with threshold 6 (max threshold 6)
[2020-09-11T12:02:19.211+0000][1][gc,age       ] GC(4) - age   1:    1720352 bytes,    1720352 total
[2020-09-11T12:02:19.211+0000][1][gc,age       ] GC(4) - age   2:     319752 bytes,    2040104 total
[2020-09-11T12:02:19.211+0000][1][gc,age       ] GC(4) - age   3:     406800 bytes,    2446904 total
[2020-09-11T12:02:19.211+0000][1][gc,heap      ] GC(4) ParNew: 70743K->4289K(76672K)
[2020-09-11T12:02:19.211+0000][1][gc,heap      ] GC(4) CMS: 10650K->10650K(439104K)
[2020-09-11T12:02:19.211+0000][1][gc,metaspace ] GC(4) Metaspace: 20773K->20773K(1069056K)
[2020-09-11T12:02:19.211+0000][1][gc           ] GC(4) Pause Young (Allocation Failure) 79M->14M(503M) 17.297ms
[2020-09-11T12:02:19.211+0000][1][gc,cpu       ] GC(4) User=0.00s Sys=0.00s Real=0.02s
[2020-09-11T12:02:19.243+0000][1][safepoint    ] Safepoint "GenCollectForAllocation", Time since last: 231446914 ns, Reaching safepoint: 106435 ns, At safepoint: 49333474 ns, Total: 49439909 ns
[2020-09-11T12:02:19.258+0000][1][gc,start     ] GC(5) Pause Initial Mark
[2020-09-11T12:02:19.268+0000][1][gc           ] GC(5) Pause Initial Mark 19M->19M(503M) 9.947ms
[2020-09-11T12:02:19.268+0000][1][gc,cpu       ] GC(5) User=0.00s Sys=0.00s Real=0.01s
[2020-09-11T12:02:19.294+0000][1][safepoint    ] Safepoint "BulkRevokeBias", Time since last: 14376502 ns, Reaching safepoint: 108148 ns, At safepoint: 36351931 ns, Total: 36460079 ns
[2020-09-11T12:02:19.294+0000][1][gc           ] GC(5) Concurrent Mark
[2020-09-11T12:02:19.324+0000][1][safepoint    ] Safepoint "RevokeBias", Time since last: 13072878 ns, Reaching safepoint: 16661877 ns, At safepoint: 32865 ns, Total: 16694742 ns
[2020-09-11T12:02:19.325+0000][1][safepoint    ] Safepoint "RevokeBias", Time since last: 84613 ns, Reaching safepoint: 1509903 ns, At safepoint: 22201 ns, Total: 1532104 ns
[2020-09-11T12:02:19.325+0000][1][safepoint    ] Safepoint "RevokeBias", Time since last: 42034 ns, Reaching safepoint: 82046 ns, At safepoint: 20236 ns, Total: 102282 ns
[2020-09-11T12:02:19.325+0000][1][safepoint    ] Safepoint "RevokeBias", Time since last: 31202 ns, Reaching safepoint: 79884 ns, At safepoint: 19449 ns, Total: 99333 ns
[2020-09-11T12:02:19.326+0000][1][safepoint    ] Safepoint "RevokeBias", Time since last: 23874 ns, Reaching safepoint: 79723 ns, At safepoint: 20496 ns, Total: 100219 ns
[2020-09-11T12:02:19.422+0000][1][gc           ] GC(5) Concurrent Mark 128.286ms
[2020-09-11T12:02:19.422+0000][1][gc,cpu       ] GC(5) User=0.03s Sys=0.00s Real=0.13s
[2020-09-11T12:02:19.422+0000][1][gc           ] GC(5) Concurrent Preclean
[2020-09-11T12:02:19.423+0000][1][gc           ] GC(5) Concurrent Preclean 0.608ms
[2020-09-11T12:02:19.423+0000][1][gc,cpu       ] GC(5) User=0.00s Sys=0.00s Real=0.00s
[2020-09-11T12:02:19.423+0000][1][gc           ] GC(5) Concurrent Abortable Preclean
[2020-09-11T12:02:19.984+0000][1][safepoint    ] Safepoint "Deoptimize", Time since last: 657840623 ns, Reaching safepoint: 118386 ns, At safepoint: 220860 ns, Total: 339246 ns
[2020-09-11T12:02:20.061+0000][1][safepoint    ] Safepoint "CollectForMetadataAllocation", Time since last: 77254041 ns, Reaching safepoint: 104652 ns, At safepoint: 71286 ns, Total: 175938 ns
[2020-09-11T12:02:20.485+0000][1][safepoint    ] Safepoint "Deoptimize", Time since last: 423929105 ns, Reaching safepoint: 105103 ns, At safepoint: 222361 ns, Total: 327464 ns
[2020-09-11T12:02:20.772+0000][1][gc,start     ] GC(6) Pause Young (Allocation Failure)
[2020-09-11T12:02:20.772+0000][1][gc,task      ] GC(6) Using 1 workers of 1 for evacuation
[2020-09-11T12:02:20.791+0000][1][gc           ] GC(5) Concurrent Abortable Preclean 1368.551ms
[2020-09-11T12:02:20.791+0000][1][gc,cpu       ] GC(5) User=0.34s Sys=0.00s Real=1.37s
[2020-09-11T12:02:20.825+0000][1][gc,age       ] GC(6) Desired survivor size 4358144 bytes, new threshold 6 (max threshold 6)
[2020-09-11T12:02:20.826+0000][1][gc,age       ] GC(6) Age table with threshold 6 (max threshold 6)
[2020-09-11T12:02:20.826+0000][1][gc,age       ] GC(6) - age   1:    2312792 bytes,    2312792 total
[2020-09-11T12:02:20.826+0000][1][gc,age       ] GC(6) - age   2:    1252240 bytes,    3565032 total
[2020-09-11T12:02:20.826+0000][1][gc,age       ] GC(6) - age   3:     319752 bytes,    3884784 total
[2020-09-11T12:02:20.826+0000][1][gc,age       ] GC(6) - age   4:     406800 bytes,    4291584 total
[2020-09-11T12:02:20.826+0000][1][gc,heap      ] GC(6) ParNew: 72449K->4296K(76672K)
[2020-09-11T12:02:20.826+0000][1][gc,heap      ] GC(6) CMS: 10650K->10650K(439104K)
[2020-09-11T12:02:20.826+0000][1][gc,metaspace ] GC(6) Metaspace: 21086K->21086K(1069056K)
[2020-09-11T12:02:20.826+0000][1][gc           ] GC(6) Pause Young (Allocation Failure) 81M->14M(503M) 53.467ms
[2020-09-11T12:02:20.826+0000][1][gc,cpu       ] GC(6) User=0.02s Sys=0.00s Real=0.06s
[2020-09-11T12:02:20.847+0000][1][safepoint    ] Safepoint "GenCollectForAllocation", Time since last: 286560824 ns, Reaching safepoint: 105532 ns, At safepoint: 75299784 ns, Total: 75405316 ns
[2020-09-11T12:02:20.862+0000][1][gc,start     ] GC(5) Pause Remark
[2020-09-11T12:02:20.902+0000][1][gc           ] GC(5) Pause Remark 17M->17M(503M) 40.543ms
[2020-09-11T12:02:20.902+0000][1][gc,cpu       ] GC(5) User=0.02s Sys=0.00s Real=0.04s
[2020-09-11T12:02:20.950+0000][1][safepoint    ] Safepoint "CMS_Final_Remark", Time since last: 14282782 ns, Reaching safepoint: 92795 ns, At safepoint: 88363720 ns, Total: 88456515 ns
[2020-09-11T12:02:20.950+0000][1][gc           ] GC(5) Concurrent Sweep
[2020-09-11T12:02:20.957+0000][1][gc           ] GC(5) Concurrent Sweep 6.754ms
[2020-09-11T12:02:20.957+0000][1][gc,cpu       ] GC(5) User=0.00s Sys=0.00s Real=0.01s
[2020-09-11T12:02:20.957+0000][1][gc           ] GC(5) Concurrent Reset
[2020-09-11T12:02:20.958+0000][1][gc           ] GC(5) Concurrent Reset 0.663ms
[2020-09-11T12:02:20.958+0000][1][gc,cpu       ] GC(5) User=0.00s Sys=0.00s Real=0.00s
[2020-09-11T12:02:20.958+0000][1][gc,heap      ] GC(5) Old: 10650K->10648K(439104K)
[2020-09-11T12:02:20.968+0000][1][safepoint    ] Safepoint "RevokeBias", Time since last: 17254226 ns, Reaching safepoint: 400495 ns, At safepoint: 30775 ns, Total: 431270 ns
[2020-09-11T12:02:20.968+0000][1][safepoint    ] Safepoint "RevokeBias", Time since last: 74174 ns, Reaching safepoint: 77945 ns, At safepoint: 15707 ns, Total: 93652 ns
[2020-09-11T12:02:20.968+0000][1][safepoint    ] Safepoint "RevokeBias", Time since last: 25271 ns, Reaching safepoint: 76799 ns, At safepoint: 22094 ns, Total: 98893 ns
[2020-09-11T12:02:20.968+0000][1][safepoint    ] Safepoint "RevokeBias", Time since last: 27351 ns, Reaching safepoint: 76597 ns, At safepoint: 20746 ns, Total: 97343 ns
[2020-09-11T12:02:20.968+0000][1][safepoint    ] Safepoint "RevokeBias", Time since last: 22858 ns, Reaching safepoint: 76031 ns, At safepoint: 19861 ns, Total: 95892 ns
[2020-09-11T12:02:21.731+0000][1][gc,start     ] GC(7) Pause Young (Allocation Failure)
[2020-09-11T12:02:21.732+0000][1][gc,task      ] GC(7) Using 1 workers of 1 for evacuation
[2020-09-11T12:02:21.747+0000][1][gc,age       ] GC(7) Desired survivor size 4358144 bytes, new threshold 5 (max threshold 6)
[2020-09-11T12:02:21.747+0000][1][gc,age       ] GC(7) Age table with threshold 5 (max threshold 6)
[2020-09-11T12:02:21.747+0000][1][gc,age       ] GC(7) - age   1:     952672 bytes,     952672 total
[2020-09-11T12:02:21.747+0000][1][gc,age       ] GC(7) - age   2:    1525888 bytes,    2478560 total
[2020-09-11T12:02:21.747+0000][1][gc,age       ] GC(7) - age   3:    1251632 bytes,    3730192 total
[2020-09-11T12:02:21.747+0000][1][gc,age       ] GC(7) - age   4:     319752 bytes,    4049944 total
[2020-09-11T12:02:21.747+0000][1][gc,age       ] GC(7) - age   5:     406720 bytes,    4456664 total
[2020-09-11T12:02:21.759+0000][1][gc,heap      ] GC(7) ParNew: 72456K->7002K(76672K)
[2020-09-11T12:02:21.759+0000][1][gc,heap      ] GC(7) CMS: 10648K->10648K(439104K)
[2020-09-11T12:02:21.759+0000][1][gc,metaspace ] GC(7) Metaspace: 21166K->21166K(1069056K)
[2020-09-11T12:02:21.759+0000][1][gc           ] GC(7) Pause Young (Allocation Failure) 81M->17M(503M) 28.032ms
[2020-09-11T12:02:21.760+0000][1][gc,cpu       ] GC(7) User=0.01s Sys=0.00s Real=0.03s
[2020-09-11T12:02:21.774+0000][1][safepoint    ] Safepoint "GenCollectForAllocation", Time since last: 761317884 ns, Reaching safepoint: 1744916 ns, At safepoint: 42730065 ns, Total: 44474981 ns
[2020-09-11T12:02:21.804+0000][1][safepoint    ] Safepoint "RevokeBias", Time since last: 29253379 ns, Reaching safepoint: 402031 ns, At safepoint: 29516 ns, Total: 431547 ns
[2020-09-11T12:02:21.804+0000][1][safepoint    ] Safepoint "RevokeBias", Time since last: 60858 ns, Reaching safepoint: 82199 ns, At safepoint: 33700 ns, Total: 115899 ns
[2020-09-11T12:02:21.804+0000][1][safepoint    ] Safepoint "RevokeBias", Time since last: 42526 ns, Reaching safepoint: 187080 ns, At safepoint: 26300 ns, Total: 213380 ns
[2020-09-11T12:02:21.804+0000][1][safepoint    ] Safepoint "RevokeBias", Time since last: 25566 ns, Reaching safepoint: 80132 ns, At safepoint: 30767 ns, Total: 110899 ns
[2020-09-11T12:02:22.624+0000][1][gc,start     ] GC(8) Pause Young (Allocation Failure)
[2020-09-11T12:02:22.624+0000][1][gc,task      ] GC(8) Using 1 workers of 1 for evacuation
[2020-09-11T12:02:22.657+0000][1][gc,age       ] GC(8) Desired survivor size 4358144 bytes, new threshold 4 (max threshold 6)
[2020-09-11T12:02:22.657+0000][1][gc,age       ] GC(8) Age table with threshold 4 (max threshold 6)
[2020-09-11T12:02:22.657+0000][1][gc,age       ] GC(8) - age   1:    2022128 bytes,    2022128 total
[2020-09-11T12:02:22.657+0000][1][gc,age       ] GC(8) - age   2:     445848 bytes,    2467976 total
[2020-09-11T12:02:22.657+0000][1][gc,age       ] GC(8) - age   3:    1523952 bytes,    3991928 total
[2020-09-11T12:02:22.657+0000][1][gc,age       ] GC(8) - age   4:    1250976 bytes,    5242904 total
[2020-09-11T12:02:22.657+0000][1][gc,age       ] GC(8) - age   5:     319752 bytes,    5562656 total
[2020-09-11T12:02:22.657+0000][1][gc,heap      ] GC(8) ParNew: 75162K->8278K(76672K)
[2020-09-11T12:02:22.657+0000][1][gc,heap      ] GC(8) CMS: 10648K->11048K(439104K)
[2020-09-11T12:02:22.657+0000][1][gc,metaspace ] GC(8) Metaspace: 21351K->21351K(1069056K)
[2020-09-11T12:02:22.657+0000][1][gc           ] GC(8) Pause Young (Allocation Failure) 83M->18M(503M) 33.240ms
[2020-09-11T12:02:22.657+0000][1][gc,cpu       ] GC(8) User=0.01s Sys=0.00s Real=0.03s
[2020-09-11T12:02:22.683+0000][1][safepoint    ] Safepoint "GenCollectForAllocation", Time since last: 819183333 ns, Reaching safepoint: 106965 ns, At safepoint: 59724339 ns, Total: 59831304 ns
[2020-09-11T12:02:22.698+0000][1][safepoint    ] Safepoint "RevokeBias", Time since last: 14966470 ns, Reaching safepoint: 32432 ns, At safepoint: 40119 ns, Total: 72551 ns
[2020-09-11T12:02:22.699+0000][1][safepoint    ] Safepoint "RevokeBias", Time since last: 53773 ns, Reaching safepoint: 9393 ns, At safepoint: 22678 ns, Total: 32071 ns
[2020-09-11T12:02:22.699+0000][1][safepoint    ] Safepoint "RevokeBias", Time since last: 31766 ns, Reaching safepoint: 8750 ns, At safepoint: 22029 ns, Total: 30779 ns
[2020-09-11T12:02:22.699+0000][1][safepoint    ] Safepoint "RevokeBias", Time since last: 22955 ns, Reaching safepoint: 8060 ns, At safepoint: 21258 ns, Total: 29318 ns
[2020-09-11T12:02:23.436+0000][1][gc,start     ] GC(9) Pause Young (Allocation Failure)
[2020-09-11T12:02:23.436+0000][1][gc,task      ] GC(9) Using 1 workers of 1 for evacuation
[2020-09-11T12:02:23.469+0000][1][gc,age       ] GC(9) Desired survivor size 4358144 bytes, new threshold 6 (max threshold 6)
[2020-09-11T12:02:23.469+0000][1][gc,age       ] GC(9) Age table with threshold 6 (max threshold 6)
[2020-09-11T12:02:23.469+0000][1][gc,age       ] GC(9) - age   1:     331872 bytes,     331872 total
[2020-09-11T12:02:23.469+0000][1][gc,age       ] GC(9) - age   2:     830760 bytes,    1162632 total
[2020-09-11T12:02:23.469+0000][1][gc,age       ] GC(9) - age   3:     445768 bytes,    1608400 total
[2020-09-11T12:02:23.469+0000][1][gc,age       ] GC(9) - age   4:    1523952 bytes,    3132352 total
[2020-09-11T12:02:23.469+0000][1][gc,heap      ] GC(9) ParNew: 76438K->5109K(76672K)
[2020-09-11T12:02:23.469+0000][1][gc,heap      ] GC(9) CMS: 11048K->12600K(439104K)
[2020-09-11T12:02:23.469+0000][1][gc,metaspace ] GC(9) Metaspace: 21471K->21471K(1069056K)
[2020-09-11T12:02:23.469+0000][1][gc           ] GC(9) Pause Young (Allocation Failure) 85M->17M(503M) 32.824ms
[2020-09-11T12:02:23.469+0000][1][gc,cpu       ] GC(9) User=0.01s Sys=0.00s Real=0.03s
[2020-09-11T12:02:23.490+0000][1][safepoint    ] Safepoint "GenCollectForAllocation", Time since last: 737208036 ns, Reaching safepoint: 107568 ns, At safepoint: 54000359 ns, Total: 54107927 ns
[2020-09-11T12:02:23.520+0000][1][safepoint    ] Safepoint "RevokeBias", Time since last: 15523392 ns, Reaching safepoint: 14550439 ns, At safepoint: 109916 ns, Total: 14660355 ns
[2020-09-11T12:02:23.520+0000][1][safepoint    ] Safepoint "RevokeBias", Time since last: 61075 ns, Reaching safepoint: 84284 ns, At safepoint: 20101 ns, Total: 104385 ns
[2020-09-11T12:02:23.520+0000][1][safepoint    ] Safepoint "RevokeBias", Time since last: 45745 ns, Reaching safepoint: 81640 ns, At safepoint: 26577 ns, Total: 108217 ns
[2020-09-11T12:02:23.521+0000][1][safepoint    ] Safepoint "RevokeBias", Time since last: 27967 ns, Reaching safepoint: 80358 ns, At safepoint: 24532 ns, Total: 104890 ns
[2020-09-11T12:02:23.521+0000][1][safepoint    ] Safepoint "RevokeBias", Time since last: 31816 ns, Reaching safepoint: 78481 ns, At safepoint: 23258 ns, Total: 101739 ns
[2020-09-11T12:02:23.521+0000][1][safepoint    ] Safepoint "RevokeBias", Time since last: 26866 ns, Reaching safepoint: 77951 ns, At safepoint: 21528 ns, Total: 99479 ns
[2020-09-11T12:02:23.700+0000][1][safepoint    ] Safepoint "RevokeBias", Time since last: 178506602 ns, Reaching safepoint: 108754 ns, At safepoint: 17864 ns, Total: 126618 ns
[2020-09-11T12:02:23.700+0000][1][safepoint    ] Safepoint "RevokeBias", Time since last: 531201 ns, Reaching safepoint: 83107 ns, At safepoint: 9612 ns, Total: 92719 ns
[2020-09-11T12:02:24.256+0000][1][gc,start     ] GC(10) Pause Young (Allocation Failure)
[2020-09-11T12:02:24.256+0000][1][gc,task      ] GC(10) Using 1 workers of 1 for evacuation
[2020-09-11T12:02:24.296+0000][1][gc,age       ] GC(10) Desired survivor size 4358144 bytes, new threshold 6 (max threshold 6)
[2020-09-11T12:02:24.296+0000][1][gc,age       ] GC(10) Age table with threshold 6 (max threshold 6)
[2020-09-11T12:02:24.296+0000][1][gc,age       ] GC(10) - age   1:     625872 bytes,     625872 total
[2020-09-11T12:02:24.296+0000][1][gc,age       ] GC(10) - age   2:     146816 bytes,     772688 total
[2020-09-11T12:02:24.296+0000][1][gc,age       ] GC(10) - age   3:     830760 bytes,    1603448 total
[2020-09-11T12:02:24.296+0000][1][gc,age       ] GC(10) - age   4:     445744 bytes,    2049192 total
[2020-09-11T12:02:24.296+0000][1][gc,age       ] GC(10) - age   5:    1523952 bytes,    3573144 total
[2020-09-11T12:02:24.296+0000][1][gc,heap      ] GC(10) ParNew: 73269K->4848K(76672K)
[2020-09-11T12:02:24.296+0000][1][gc,heap      ] GC(10) CMS: 12600K->12600K(439104K)
[2020-09-11T12:02:24.296+0000][1][gc,metaspace ] GC(10) Metaspace: 21609K->21609K(1069056K)
[2020-09-11T12:02:24.296+0000][1][gc           ] GC(10) Pause Young (Allocation Failure) 83M->17M(503M) 40.190ms
[2020-09-11T12:02:24.296+0000][1][gc,cpu       ] GC(10) User=0.01s Sys=0.00s Real=0.04s
[2020-09-11T12:02:24.296+0000][1][safepoint    ] Safepoint "GenCollectForAllocation", Time since last: 555336956 ns, Reaching safepoint: 110289 ns, At safepoint: 40252754 ns, Total: 40363043 ns
[2020-09-11T12:02:24.329+0000][1][safepoint    ] Safepoint "BulkRevokeBias", Time since last: 19661676 ns, Reaching safepoint: 13000493 ns, At safepoint: 53873 ns, Total: 13054366 ns
[2020-09-11T12:02:24.348+0000][1][safepoint    ] Safepoint "BulkRevokeBias", Time since last: 18877682 ns, Reaching safepoint: 99826 ns, At safepoint: 55214 ns, Total: 155040 ns
[2020-09-11T12:02:25.484+0000][1][gc,start     ] GC(11) Pause Young (Allocation Failure)
[2020-09-11T12:02:25.484+0000][1][gc,task      ] GC(11) Using 1 workers of 1 for evacuation
[2020-09-11T12:02:25.561+0000][1][gc,age       ] GC(11) Desired survivor size 4358144 bytes, new threshold 6 (max threshold 6)
[2020-09-11T12:02:25.561+0000][1][gc,age       ] GC(11) Age table with threshold 6 (max threshold 6)
[2020-09-11T12:02:25.561+0000][1][gc,age       ] GC(11) - age   1:    2416904 bytes,    2416904 total
[2020-09-11T12:02:25.561+0000][1][gc,age       ] GC(11) - age   2:     402816 bytes,    2819720 total
[2020-09-11T12:02:25.561+0000][1][gc,age       ] GC(11) - age   3:     146816 bytes,    2966536 total
[2020-09-11T12:02:25.561+0000][1][gc,age       ] GC(11) - age   4:     830760 bytes,    3797296 total
[2020-09-11T12:02:25.561+0000][1][gc,age       ] GC(11) - age   5:     445744 bytes,    4243040 total
[2020-09-11T12:02:25.561+0000][1][gc,age       ] GC(11) - age   6:    1523640 bytes,    5766680 total
[2020-09-11T12:02:25.561+0000][1][gc,heap      ] GC(11) ParNew: 73008K->6446K(76672K)
[2020-09-11T12:02:25.561+0000][1][gc,heap      ] GC(11) CMS: 12600K->12600K(439104K)
[2020-09-11T12:02:25.561+0000][1][gc,metaspace ] GC(11) Metaspace: 22511K->22511K(1071104K)
[2020-09-11T12:02:25.561+0000][1][gc           ] GC(11) Pause Young (Allocation Failure) 83M->18M(503M) 77.727ms
[2020-09-11T12:02:25.561+0000][1][gc,cpu       ] GC(11) User=0.03s Sys=0.00s Real=0.07s
[2020-09-11T12:02:25.582+0000][1][safepoint    ] Safepoint "GenCollectForAllocation", Time since last: 1135862850 ns, Reaching safepoint: 108752 ns, At safepoint: 98027287 ns, Total: 98136039 ns
[2020-09-11T12:02:26.239+0000][1][gc,start     ] GC(12) Pause Young (Allocation Failure)
[2020-09-11T12:02:26.240+0000][1][gc,task      ] GC(12) Using 1 workers of 1 for evacuation
[2020-09-11T12:02:26.287+0000][1][gc,age       ] GC(12) Desired survivor size 4358144 bytes, new threshold 6 (max threshold 6)
[2020-09-11T12:02:26.287+0000][1][gc,age       ] GC(12) Age table with threshold 6 (max threshold 6)
[2020-09-11T12:02:26.287+0000][1][gc,age       ] GC(12) - age   1:     885432 bytes,     885432 total
[2020-09-11T12:02:26.287+0000][1][gc,age       ] GC(12) - age   2:     544576 bytes,    1430008 total
[2020-09-11T12:02:26.287+0000][1][gc,age       ] GC(12) - age   3:     402816 bytes,    1832824 total
[2020-09-11T12:02:26.287+0000][1][gc,age       ] GC(12) - age   4:     146712 bytes,    1979536 total
[2020-09-11T12:02:26.287+0000][1][gc,age       ] GC(12) - age   5:     830616 bytes,    2810152 total
[2020-09-11T12:02:26.287+0000][1][gc,age       ] GC(12) - age   6:     445600 bytes,    3255752 total
[2020-09-11T12:02:26.287+0000][1][gc,heap      ] GC(12) ParNew: 74606K->5029K(76672K)
[2020-09-11T12:02:26.287+0000][1][gc,heap      ] GC(12) CMS: 12600K->14100K(439104K)
[2020-09-11T12:02:26.287+0000][1][gc,metaspace ] GC(12) Metaspace: 22539K->22539K(1071104K)
[2020-09-11T12:02:26.287+0000][1][gc           ] GC(12) Pause Young (Allocation Failure) 85M->18M(503M) 47.636ms
[2020-09-11T12:02:26.287+0000][1][gc,cpu       ] GC(12) User=0.02s Sys=0.00s Real=0.05s
[2020-09-11T12:02:26.303+0000][1][safepoint    ] Safepoint "GenCollectForAllocation", Time since last: 654856443 ns, Reaching safepoint: 3001400 ns, At safepoint: 63964805 ns, Total: 66966205 ns
[2020-09-11T12:02:26.992+0000][1][gc,start     ] GC(13) Pause Young (Allocation Failure)
[2020-09-11T12:02:26.992+0000][1][gc,task      ] GC(13) Using 1 workers of 1 for evacuation
[2020-09-11T12:02:27.019+0000][1][gc,age       ] GC(13) Desired survivor size 4358144 bytes, new threshold 6 (max threshold 6)
[2020-09-11T12:02:27.019+0000][1][gc,age       ] GC(13) Age table with threshold 6 (max threshold 6)
[2020-09-11T12:02:27.019+0000][1][gc,age       ] GC(13) - age   1:     124832 bytes,     124832 total
[2020-09-11T12:02:27.019+0000][1][gc,age       ] GC(13) - age   2:     203304 bytes,     328136 total
[2020-09-11T12:02:27.019+0000][1][gc,age       ] GC(13) - age   3:     544464 bytes,     872600 total
[2020-09-11T12:02:27.019+0000][1][gc,age       ] GC(13) - age   4:     402816 bytes,    1275416 total
[2020-09-11T12:02:27.019+0000][1][gc,age       ] GC(13) - age   5:     146712 bytes,    1422128 total
[2020-09-11T12:02:27.019+0000][1][gc,age       ] GC(13) - age   6:     830616 bytes,    2252744 total
[2020-09-11T12:02:27.019+0000][1][gc,heap      ] GC(13) ParNew: 73189K->3641K(76672K)
[2020-09-11T12:02:27.019+0000][1][gc,heap      ] GC(13) CMS: 14100K->14539K(439104K)
[2020-09-11T12:02:27.019+0000][1][gc,metaspace ] GC(13) Metaspace: 22640K->22640K(1071104K)
[2020-09-11T12:02:27.019+0000][1][gc           ] GC(13) Pause Young (Allocation Failure) 85M->17M(503M) 27.315ms
[2020-09-11T12:02:27.019+0000][1][gc,cpu       ] GC(13) User=0.01s Sys=0.00s Real=0.03s
[2020-09-11T12:02:27.019+0000][1][safepoint    ] Safepoint "GenCollectForAllocation", Time since last: 688016981 ns, Reaching safepoint: 115718 ns, At safepoint: 27375347 ns, Total: 27491065 ns
[2020-09-11T12:02:27.689+0000][1][gc,start     ] GC(14) Pause Young (Allocation Failure)
[2020-09-11T12:02:27.690+0000][1][gc,task      ] GC(14) Using 1 workers of 1 for evacuation
[2020-09-11T12:02:27.736+0000][1][gc,age       ] GC(14) Desired survivor size 4358144 bytes, new threshold 6 (max threshold 6)
[2020-09-11T12:02:27.736+0000][1][gc,age       ] GC(14) Age table with threshold 6 (max threshold 6)
[2020-09-11T12:02:27.736+0000][1][gc,age       ] GC(14) - age   1:    1077728 bytes,    1077728 total
[2020-09-11T12:02:27.736+0000][1][gc,age       ] GC(14) - age   2:     105904 bytes,    1183632 total
[2020-09-11T12:02:27.736+0000][1][gc,age       ] GC(14) - age   3:     203304 bytes,    1386936 total
[2020-09-11T12:02:27.736+0000][1][gc,age       ] GC(14) - age   4:     544464 bytes,    1931400 total
[2020-09-11T12:02:27.736+0000][1][gc,age       ] GC(14) - age   5:     402816 bytes,    2334216 total
[2020-09-11T12:02:27.736+0000][1][gc,age       ] GC(14) - age   6:     146712 bytes,    2480928 total
[2020-09-11T12:02:27.736+0000][1][gc,heap      ] GC(14) ParNew: 71801K->2560K(76672K)
[2020-09-11T12:02:27.736+0000][1][gc,heap      ] GC(14) CMS: 14539K->15356K(439104K)
[2020-09-11T12:02:27.737+0000][1][gc,metaspace ] GC(14) Metaspace: 22718K->22718K(1071104K)
[2020-09-11T12:02:27.737+0000][1][gc           ] GC(14) Pause Young (Allocation Failure) 84M->17M(503M) 47.082ms
[2020-09-11T12:02:27.737+0000][1][gc,cpu       ] GC(14) User=0.01s Sys=0.00s Real=0.05s
[2020-09-11T12:02:27.737+0000][1][safepoint    ] Safepoint "GenCollectForAllocation", Time since last: 670403557 ns, Reaching safepoint: 107144 ns, At safepoint: 47141447 ns, Total: 47248591 ns
[2020-09-11T12:02:28.420+0000][1][gc,start     ] GC(15) Pause Young (Allocation Failure)
[2020-09-11T12:02:28.420+0000][1][gc,task      ] GC(15) Using 1 workers of 1 for evacuation
[2020-09-11T12:02:28.438+0000][1][gc,age       ] GC(15) Desired survivor size 4358144 bytes, new threshold 6 (max threshold 6)
[2020-09-11T12:02:28.438+0000][1][gc,age       ] GC(15) Age table with threshold 6 (max threshold 6)
[2020-09-11T12:02:28.438+0000][1][gc,age       ] GC(15) - age   1:     827576 bytes,     827576 total
[2020-09-11T12:02:28.438+0000][1][gc,age       ] GC(15) - age   2:     315864 bytes,    1143440 total
[2020-09-11T12:02:28.438+0000][1][gc,age       ] GC(15) - age   3:     105904 bytes,    1249344 total
[2020-09-11T12:02:28.438+0000][1][gc,age       ] GC(15) - age   4:     203304 bytes,    1452648 total
[2020-09-11T12:02:28.438+0000][1][gc,age       ] GC(15) - age   5:     544464 bytes,    1997112 total
[2020-09-11T12:02:28.438+0000][1][gc,age       ] GC(15) - age   6:     402816 bytes,    2399928 total
[2020-09-11T12:02:28.438+0000][1][gc,heap      ] GC(15) ParNew: 70720K->2457K(76672K)
[2020-09-11T12:02:28.438+0000][1][gc,heap      ] GC(15) CMS: 15356K->15504K(439104K)
[2020-09-11T12:02:28.438+0000][1][gc,metaspace ] GC(15) Metaspace: 22806K->22806K(1071104K)
[2020-09-11T12:02:28.438+0000][1][gc           ] GC(15) Pause Young (Allocation Failure) 84M->17M(503M) 18.693ms
[2020-09-11T12:02:28.438+0000][1][gc,cpu       ] GC(15) User=0.01s Sys=0.00s Real=0.02s
[2020-09-11T12:02:28.471+0000][1][safepoint    ] Safepoint "GenCollectForAllocation", Time since last: 682844039 ns, Reaching safepoint: 110663 ns, At safepoint: 51903472 ns, Total: 52014135 ns
[2020-09-11T12:02:28.992+0000][1][gc,start     ] GC(16) Pause Young (Allocation Failure)
[2020-09-11T12:02:28.992+0000][1][gc,task      ] GC(16) Using 1 workers of 1 for evacuation
[2020-09-11T12:02:29.027+0000][1][gc,age       ] GC(16) Desired survivor size 4358144 bytes, new threshold 6 (max threshold 6)
[2020-09-11T12:02:29.027+0000][1][gc,age       ] GC(16) Age table with threshold 6 (max threshold 6)
[2020-09-11T12:02:29.027+0000][1][gc,age       ] GC(16) - age   1:    2038024 bytes,    2038024 total
[2020-09-11T12:02:29.027+0000][1][gc,age       ] GC(16) - age   2:     188288 bytes,    2226312 total
[2020-09-11T12:02:29.027+0000][1][gc,age       ] GC(16) - age   3:     315864 bytes,    2542176 total
[2020-09-11T12:02:29.027+0000][1][gc,age       ] GC(16) - age   4:     105904 bytes,    2648080 total
[2020-09-11T12:02:29.027+0000][1][gc,age       ] GC(16) - age   5:     203152 bytes,    2851232 total
[2020-09-11T12:02:29.027+0000][1][gc,age       ] GC(16) - age   6:     544464 bytes,    3395696 total
[2020-09-11T12:02:29.027+0000][1][gc,heap      ] GC(16) ParNew: 70617K->4744K(76672K)
[2020-09-11T12:02:29.027+0000][1][gc,heap      ] GC(16) CMS: 15504K->15902K(439104K)
[2020-09-11T12:02:29.027+0000][1][gc,metaspace ] GC(16) Metaspace: 22822K->22822K(1071104K)
[2020-09-11T12:02:29.027+0000][1][gc           ] GC(16) Pause Young (Allocation Failure) 84M->20M(503M) 35.500ms
[2020-09-11T12:02:29.027+0000][1][gc,cpu       ] GC(16) User=0.01s Sys=0.00s Real=0.04s
[2020-09-11T12:02:29.055+0000][1][safepoint    ] Safepoint "GenCollectForAllocation", Time since last: 519980708 ns, Reaching safepoint: 112323 ns, At safepoint: 63199816 ns, Total: 63312139 ns
[2020-09-11T12:02:29.154+0000][1][safepoint    ] Safepoint "Deoptimize", Time since last: 98646751 ns, Reaching safepoint: 110696 ns, At safepoint: 214287 ns, Total: 324983 ns
[2020-09-11T12:02:30.154+0000][1][safepoint    ] Safepoint "Cleanup", Time since last: 1000128343 ns, Reaching safepoint: 130886 ns, At safepoint: 6406 ns, Total: 137292 ns
[2020-09-11T12:02:30.804+0000][1][safepoint    ] Safepoint "RevokeBias", Time since last: 648410704 ns, Reaching safepoint: 1178149 ns, At safepoint: 20245 ns, Total: 1198394 ns
[2020-09-11T12:02:30.804+0000][1][safepoint    ] Safepoint "RevokeBias", Time since last: 82576 ns, Reaching safepoint: 9700 ns, At safepoint: 8494 ns, Total: 18194 ns
[2020-09-11T12:02:31.808+0000][1][safepoint    ] Safepoint "Cleanup", Time since last: 1003728016 ns, Reaching safepoint: 190152 ns, At safepoint: 5857 ns, Total: 196009 ns
[2020-09-11T12:02:32.392+0000][1][safepoint    ] Safepoint "Deoptimize", Time since last: 583839583 ns, Reaching safepoint: 111753 ns, At safepoint: 214504 ns, Total: 326257 ns
[2020-09-11T12:02:32.534+0000][1][safepoint    ] Safepoint "Deoptimize", Time since last: 142269269 ns, Reaching safepoint: 106481 ns, At safepoint: 215143 ns, Total: 321624 ns
[2020-09-11T12:02:33.540+0000][1][safepoint    ] Safepoint "Cleanup", Time since last: 1001058644 ns, Reaching safepoint: 4159011 ns, At safepoint: 9252 ns, Total: 4168263 ns
[2020-09-11T12:02:34.543+0000][1][safepoint    ] Safepoint "Cleanup", Time since last: 1000105000 ns, Reaching safepoint: 3775346 ns, At safepoint: 15257 ns, Total: 3790603 ns
[2020-09-11T12:02:35.555+0000][1][safepoint    ] Safepoint "Cleanup", Time since last: 1011394043 ns, Reaching safepoint: 122581 ns, At safepoint: 5974 ns, Total: 128555 ns
[2020-09-11T12:02:36.562+0000][1][safepoint    ] Safepoint "Cleanup", Time since last: 1004418545 ns, Reaching safepoint: 2578654 ns, At safepoint: 9444 ns, Total: 2588098 ns
[2020-09-11T12:02:36.837+0000][1][gc,start     ] GC(17) Pause Young (Allocation Failure)
[2020-09-11T12:02:36.837+0000][1][gc,task      ] GC(17) Using 1 workers of 1 for evacuation
[2020-09-11T12:02:36.963+0000][1][gc,age       ] GC(17) Desired survivor size 4358144 bytes, new threshold 1 (max threshold 6)
[2020-09-11T12:02:36.963+0000][1][gc,age       ] GC(17) Age table with threshold 1 (max threshold 6)
[2020-09-11T12:02:36.963+0000][1][gc,age       ] GC(17) - age   1:    7703960 bytes,    7703960 total
[2020-09-11T12:02:36.963+0000][1][gc,age       ] GC(17) - age   2:      73392 bytes,    7777352 total
[2020-09-11T12:02:36.963+0000][1][gc,age       ] GC(17) - age   3:     187792 bytes,    7965144 total
[2020-09-11T12:02:36.963+0000][1][gc,age       ] GC(17) - age   4:     313568 bytes,    8278712 total
[2020-09-11T12:02:36.963+0000][1][gc,age       ] GC(17) - age   5:     105624 bytes,    8384336 total
[2020-09-11T12:02:36.963+0000][1][gc,age       ] GC(17) - age   6:     203152 bytes,    8587488 total
[2020-09-11T12:02:36.963+0000][1][gc,heap      ] GC(17) ParNew: 72904K->8512K(76672K)
[2020-09-11T12:02:36.963+0000][1][gc,heap      ] GC(17) CMS: 15902K->16440K(439104K)
[2020-09-11T12:02:36.963+0000][1][gc,metaspace ] GC(17) Metaspace: 29616K->29616K(1077248K)
[2020-09-11T12:02:36.963+0000][1][gc           ] GC(17) Pause Young (Allocation Failure) 86M->24M(503M) 125.279ms
[2020-09-11T12:02:36.963+0000][1][gc,cpu       ] GC(17) User=0.03s Sys=0.00s Real=0.12s
[2020-09-11T12:02:36.987+0000][1][safepoint    ] Safepoint "GenCollectForAllocation", Time since last: 275287266 ns, Reaching safepoint: 102309 ns, At safepoint: 150036712 ns, Total: 150139021 ns
[2020-09-11T12:02:38.023+0000][1][safepoint    ] Safepoint "Cleanup", Time since last: 1019961946 ns, Reaching safepoint: 16038235 ns, At safepoint: 11859 ns, Total: 16050094 ns
[2020-09-11T12:02:39.031+0000][1][safepoint    ] Safepoint "Cleanup", Time since last: 1003504700 ns, Reaching safepoint: 4498054 ns, At safepoint: 11014 ns, Total: 4509068 ns
[2020-09-11T12:02:40.045+0000][1][safepoint    ] Safepoint "Cleanup", Time since last: 1000097087 ns, Reaching safepoint: 13190411 ns, At safepoint: 12472 ns, Total: 13202883 ns
[2020-09-11T12:02:41.061+0000][1][safepoint    ] Safepoint "Cleanup", Time since last: 1000111611 ns, Reaching safepoint: 15635532 ns, At safepoint: 10479 ns, Total: 15646011 ns
[2020-09-11T12:02:42.316+0000][1][gc,start     ] GC(18) Pause Young (Allocation Failure)
[2020-09-11T12:02:42.316+0000][1][gc,task      ] GC(18) Using 1 workers of 1 for evacuation
[2020-09-11T12:02:42.515+0000][1][gc,age       ] GC(18) Desired survivor size 4358144 bytes, new threshold 1 (max threshold 6)
[2020-09-11T12:02:42.515+0000][1][gc,age       ] GC(18) Age table with threshold 1 (max threshold 6)
[2020-09-11T12:02:42.516+0000][1][gc,age       ] GC(18) - age   1:    8090464 bytes,    8090464 total
[2020-09-11T12:02:42.516+0000][1][gc,heap      ] GC(18) ParNew: 76672K->8512K(76672K)
[2020-09-11T12:02:42.516+0000][1][gc,heap      ] GC(18) CMS: 16440K->25196K(439104K)
[2020-09-11T12:02:42.516+0000][1][gc,metaspace ] GC(18) Metaspace: 29758K->29758K(1077248K)
[2020-09-11T12:02:42.516+0000][1][gc           ] GC(18) Pause Young (Allocation Failure) 90M->32M(503M) 200.025ms
[2020-09-11T12:02:42.516+0000][1][gc,cpu       ] GC(18) User=0.05s Sys=0.00s Real=0.20s
[2020-09-11T12:02:42.538+0000][1][safepoint    ] Safepoint "GenCollectForAllocation", Time since last: 1254909407 ns, Reaching safepoint: 102651 ns, At safepoint: 222549481 ns, Total: 222652132 ns
[2020-09-11T12:02:43.571+0000][1][safepoint    ] Safepoint "Cleanup", Time since last: 1021401752 ns, Reaching safepoint: 11959440 ns, At safepoint: 11856 ns, Total: 11971296 ns
[2020-09-11T12:02:44.362+0000][1][safepoint    ] Safepoint "RevokeBias", Time since last: 790084088 ns, Reaching safepoint: 107187 ns, At safepoint: 36946 ns, Total: 144133 ns
[2020-09-11T12:02:45.372+0000][1][safepoint    ] Safepoint "Cleanup", Time since last: 1009748088 ns, Reaching safepoint: 124473 ns, At safepoint: 6571 ns, Total: 131044 ns
[2020-09-11T12:02:47.512+0000][1][gc,start     ] GC(19) Pause Young (Allocation Failure)
[2020-09-11T12:02:47.512+0000][1][gc,task      ] GC(19) Using 1 workers of 1 for evacuation
[2020-09-11T12:02:47.826+0000][1][gc,age       ] GC(19) Desired survivor size 4358144 bytes, new threshold 1 (max threshold 6)
[2020-09-11T12:02:47.826+0000][1][gc,age       ] GC(19) Age table with threshold 1 (max threshold 6)
[2020-09-11T12:02:47.826+0000][1][gc,age       ] GC(19) - age   1:    8716216 bytes,    8716216 total
[2020-09-11T12:02:47.826+0000][1][gc,heap      ] GC(19) ParNew: 76672K->8512K(76672K)
[2020-09-11T12:02:47.826+0000][1][gc,heap      ] GC(19) CMS: 25196K->34171K(439104K)
[2020-09-11T12:02:47.826+0000][1][gc,metaspace ] GC(19) Metaspace: 29837K->29837K(1077248K)
[2020-09-11T12:02:47.826+0000][1][gc           ] GC(19) Pause Young (Allocation Failure) 99M->41M(503M) 314.644ms
[2020-09-11T12:02:47.826+0000][1][gc,cpu       ] GC(19) User=0.08s Sys=0.00s Real=0.32s
[2020-09-11T12:02:47.826+0000][1][safepoint    ] Safepoint "GenCollectForAllocation", Time since last: 2139939255 ns, Reaching safepoint: 104031 ns, At safepoint: 314721825 ns, Total: 314825856 ns
[2020-09-11T12:02:49.744+0000][1][safepoint    ] Safepoint "RevokeBias", Time since last: 1908547511 ns, Reaching safepoint: 8587582 ns, At safepoint: 56234 ns, Total: 8643816 ns
[2020-09-11T12:02:50.748+0000][1][safepoint    ] Safepoint "Cleanup", Time since last: 1003899054 ns, Reaching safepoint: 221413 ns, At safepoint: 5914 ns, Total: 227327 ns
[2020-09-11T12:02:50.960+0000][1][safepoint    ] Safepoint "RevokeBias", Time since last: 211770093 ns, Reaching safepoint: 110625 ns, At safepoint: 36130 ns, Total: 146755 ns
[2020-09-11T12:02:51.971+0000][1][safepoint    ] Safepoint "Cleanup", Time since last: 1007841188 ns, Reaching safepoint: 3654800 ns, At safepoint: 10759 ns, Total: 3665559 ns
[2020-09-11T12:02:52.024+0000][1][gc,start     ] GC(20) Pause Young (Allocation Failure)
[2020-09-11T12:02:52.024+0000][1][gc,task      ] GC(20) Using 1 workers of 1 for evacuation
[2020-09-11T12:02:52.170+0000][1][gc,age       ] GC(20) Desired survivor size 4358144 bytes, new threshold 6 (max threshold 6)
[2020-09-11T12:02:52.170+0000][1][gc,age       ] GC(20) Age table with threshold 6 (max threshold 6)
[2020-09-11T12:02:52.171+0000][1][gc,age       ] GC(20) - age   1:    3902328 bytes,    3902328 total
[2020-09-11T12:02:52.171+0000][1][gc,heap      ] GC(20) ParNew: 76672K->8306K(76672K)
[2020-09-11T12:02:52.171+0000][1][gc,heap      ] GC(20) CMS: 34171K->41884K(439104K)
[2020-09-11T12:02:52.171+0000][1][gc,metaspace ] GC(20) Metaspace: 32062K->32062K(1079296K)
[2020-09-11T12:02:52.171+0000][1][gc           ] GC(20) Pause Young (Allocation Failure) 108M->49M(503M) 146.185ms
[2020-09-11T12:02:52.171+0000][1][gc,cpu       ] GC(20) User=0.04s Sys=0.00s Real=0.14s
[2020-09-11T12:02:52.195+0000][1][safepoint    ] Safepoint "GenCollectForAllocation", Time since last: 53219200 ns, Reaching safepoint: 94194 ns, At safepoint: 171049227 ns, Total: 171143421 ns
[2020-09-11T12:02:52.830+0000][1][safepoint    ] Safepoint "Deoptimize", Time since last: 629699926 ns, Reaching safepoint: 4775224 ns, At safepoint: 270570 ns, Total: 5045794 ns
[2020-09-11T12:02:53.837+0000][1][safepoint    ] Safepoint "Cleanup", Time since last: 1006998308 ns, Reaching safepoint: 198302 ns, At safepoint: 5881 ns, Total: 204183 ns
[2020-09-11T12:02:54.859+0000][1][safepoint    ] Safepoint "Cleanup", Time since last: 1005619949 ns, Reaching safepoint: 16438272 ns, At safepoint: 9476 ns, Total: 16447748 ns
[2020-09-11T12:02:55.647+0000][1][safepoint    ] Safepoint "Deoptimize", Time since last: 786814887 ns, Reaching safepoint: 106872 ns, At safepoint: 326206 ns, Total: 433078 ns
[2020-09-11T12:02:56.655+0000][1][safepoint    ] Safepoint "Cleanup", Time since last: 1000121629 ns, Reaching safepoint: 8630358 ns, At safepoint: 9144 ns, Total: 8639502 ns
[2020-09-11T12:02:56.885+0000][1][gc,start     ] GC(21) Pause Young (Allocation Failure)
[2020-09-11T12:02:56.886+0000][1][gc,task      ] GC(21) Using 1 workers of 1 for evacuation
[2020-09-11T12:02:56.957+0000][1][gc,age       ] GC(21) Desired survivor size 4358144 bytes, new threshold 2 (max threshold 6)
[2020-09-11T12:02:56.957+0000][1][gc,age       ] GC(21) Age table with threshold 2 (max threshold 6)
[2020-09-11T12:02:56.957+0000][1][gc,age       ] GC(21) - age   1:     975816 bytes,     975816 total
[2020-09-11T12:02:56.957+0000][1][gc,age       ] GC(21) - age   2:    3809064 bytes,    4784880 total
[2020-09-11T12:02:56.957+0000][1][gc,heap      ] GC(21) ParNew: 76466K->7011K(76672K)
[2020-09-11T12:02:56.957+0000][1][gc,heap      ] GC(21) CMS: 41884K->41884K(439104K)
[2020-09-11T12:02:56.957+0000][1][gc,metaspace ] GC(21) Metaspace: 32365K->32365K(1079296K)
[2020-09-11T12:02:56.958+0000][1][gc           ] GC(21) Pause Young (Allocation Failure) 115M->47M(503M) 72.031ms
[2020-09-11T12:02:56.958+0000][1][gc,cpu       ] GC(21) User=0.02s Sys=0.00s Real=0.07s
[2020-09-11T12:02:56.983+0000][1][safepoint    ] Safepoint "GenCollectForAllocation", Time since last: 229915697 ns, Reaching safepoint: 93453 ns, At safepoint: 97965595 ns, Total: 98059048 ns
[2020-09-11T12:02:58.008+0000][1][safepoint    ] Safepoint "Cleanup", Time since last: 1023976485 ns, Reaching safepoint: 111987 ns, At safepoint: 5945 ns, Total: 117932 ns
[2020-09-11T12:02:59.024+0000][1][safepoint    ] Safepoint "Cleanup", Time since last: 1015887291 ns, Reaching safepoint: 107486 ns, At safepoint: 7040 ns, Total: 114526 ns
[2020-09-11T12:02:59.056+0000][1][gc,start     ] GC(22) Pause Young (Allocation Failure)
[2020-09-11T12:02:59.056+0000][1][gc,task      ] GC(22) Using 1 workers of 1 for evacuation
[2020-09-11T12:02:59.114+0000][1][gc,age       ] GC(22) Desired survivor size 4358144 bytes, new threshold 6 (max threshold 6)
[2020-09-11T12:02:59.114+0000][1][gc,age       ] GC(22) Age table with threshold 6 (max threshold 6)
[2020-09-11T12:02:59.114+0000][1][gc,age       ] GC(22) - age   1:     249704 bytes,     249704 total
[2020-09-11T12:02:59.114+0000][1][gc,age       ] GC(22) - age   2:     438896 bytes,     688600 total
[2020-09-11T12:02:59.114+0000][1][gc,heap      ] GC(22) ParNew: 75171K->4380K(76672K)
[2020-09-11T12:02:59.114+0000][1][gc,heap      ] GC(22) CMS: 41884K->45621K(439104K)
[2020-09-11T12:02:59.114+0000][1][gc,metaspace ] GC(22) Metaspace: 32378K->32378K(1079296K)
[2020-09-11T12:02:59.115+0000][1][gc           ] GC(22) Pause Young (Allocation Failure) 114M->48M(503M) 58.990ms
[2020-09-11T12:02:59.115+0000][1][gc,cpu       ] GC(22) User=0.02s Sys=0.00s Real=0.05s
[2020-09-11T12:02:59.131+0000][1][safepoint    ] Safepoint "GenCollectForAllocation", Time since last: 31891357 ns, Reaching safepoint: 95352 ns, At safepoint: 75926475 ns, Total: 76021827 ns
[2020-09-11T12:03:00.006+0000][1][gc,start     ] GC(23) Pause Young (Allocation Failure)
[2020-09-11T12:03:00.006+0000][1][gc,task      ] GC(23) Using 1 workers of 1 for evacuation
[2020-09-11T12:03:00.017+0000][1][gc,age       ] GC(23) Desired survivor size 4358144 bytes, new threshold 6 (max threshold 6)
[2020-09-11T12:03:00.017+0000][1][gc,age       ] GC(23) Age table with threshold 6 (max threshold 6)
[2020-09-11T12:03:00.017+0000][1][gc,age       ] GC(23) - age   1:        208 bytes,        208 total
[2020-09-11T12:03:00.017+0000][1][gc,age       ] GC(23) - age   2:     249432 bytes,     249640 total
[2020-09-11T12:03:00.017+0000][1][gc,age       ] GC(23) - age   3:     438896 bytes,     688536 total
[2020-09-11T12:03:00.017+0000][1][gc,heap      ] GC(23) ParNew: 72540K->1221K(76672K)
[2020-09-11T12:03:00.017+0000][1][gc,heap      ] GC(23) CMS: 45621K->45621K(439104K)
[2020-09-11T12:03:00.017+0000][1][gc,metaspace ] GC(23) Metaspace: 32379K->32379K(1079296K)
[2020-09-11T12:03:00.017+0000][1][gc           ] GC(23) Pause Young (Allocation Failure) 115M->45M(503M) 11.270ms
[2020-09-11T12:03:00.017+0000][1][gc,cpu       ] GC(23) User=0.00s Sys=0.00s Real=0.01s
[2020-09-11T12:03:00.024+0000][1][safepoint    ] Safepoint "GenCollectForAllocation", Time since last: 874486842 ns, Reaching safepoint: 104201 ns, At safepoint: 17829122 ns, Total: 17933323 ns
[2020-09-11T12:03:00.620+0000][1][gc,start     ] GC(24) Pause Young (Allocation Failure)
[2020-09-11T12:03:00.620+0000][1][gc,task      ] GC(24) Using 1 workers of 1 for evacuation
[2020-09-11T12:03:00.622+0000][1][gc,age       ] GC(24) Desired survivor size 4358144 bytes, new threshold 6 (max threshold 6)
[2020-09-11T12:03:00.622+0000][1][gc,age       ] GC(24) Age table with threshold 6 (max threshold 6)
[2020-09-11T12:03:00.622+0000][1][gc,age       ] GC(24) - age   1:        208 bytes,        208 total
[2020-09-11T12:03:00.622+0000][1][gc,age       ] GC(24) - age   3:     249432 bytes,     249640 total
[2020-09-11T12:03:00.622+0000][1][gc,age       ] GC(24) - age   4:     438896 bytes,     688536 total
[2020-09-11T12:03:00.622+0000][1][gc,heap      ] GC(24) ParNew: 69381K->1114K(76672K)
[2020-09-11T12:03:00.622+0000][1][gc,heap      ] GC(24) CMS: 45621K->45621K(439104K)
[2020-09-11T12:03:00.622+0000][1][gc,metaspace ] GC(24) Metaspace: 32382K->32382K(1079296K)
[2020-09-11T12:03:00.623+0000][1][gc           ] GC(24) Pause Young (Allocation Failure) 112M->45M(503M) 2.966ms
[2020-09-11T12:03:00.623+0000][1][gc,cpu       ] GC(24) User=0.00s Sys=0.00s Real=0.00s
[2020-09-11T12:03:00.638+0000][1][safepoint    ] Safepoint "GenCollectForAllocation", Time since last: 595570954 ns, Reaching safepoint: 108769 ns, At safepoint: 18132337 ns, Total: 18241106 ns
[2020-09-11T12:03:01.100+0000][1][gc,start     ] GC(25) Pause Young (Allocation Failure)
[2020-09-11T12:03:01.100+0000][1][gc,task      ] GC(25) Using 1 workers of 1 for evacuation
[2020-09-11T12:03:01.103+0000][1][gc,age       ] GC(25) Desired survivor size 4358144 bytes, new threshold 6 (max threshold 6)
[2020-09-11T12:03:01.103+0000][1][gc,age       ] GC(25) Age table with threshold 6 (max threshold 6)
[2020-09-11T12:03:01.103+0000][1][gc,age       ] GC(25) - age   1:         96 bytes,         96 total
[2020-09-11T12:03:01.103+0000][1][gc,age       ] GC(25) - age   4:     249432 bytes,     249528 total
[2020-09-11T12:03:01.103+0000][1][gc,age       ] GC(25) - age   5:     438896 bytes,     688424 total
[2020-09-11T12:03:01.103+0000][1][gc,heap      ] GC(25) ParNew: 69274K->1287K(76672K)
[2020-09-11T12:03:01.103+0000][1][gc,heap      ] GC(25) CMS: 45621K->45621K(439104K)
[2020-09-11T12:03:01.103+0000][1][gc,metaspace ] GC(25) Metaspace: 32382K->32382K(1079296K)
[2020-09-11T12:03:01.103+0000][1][gc           ] GC(25) Pause Young (Allocation Failure) 112M->45M(503M) 3.142ms
[2020-09-11T12:03:01.103+0000][1][gc,cpu       ] GC(25) User=0.00s Sys=0.00s Real=0.00s
[2020-09-11T12:03:01.127+0000][1][safepoint    ] Safepoint "GenCollectForAllocation", Time since last: 461749248 ns, Reaching safepoint: 99670 ns, At safepoint: 27918239 ns, Total: 28017909 ns
[2020-09-11T12:03:01.568+0000][1][gc,start     ] GC(26) Pause Young (Allocation Failure)
[2020-09-11T12:03:01.568+0000][1][gc,task      ] GC(26) Using 1 workers of 1 for evacuation
[2020-09-11T12:03:01.570+0000][1][gc,age       ] GC(26) Desired survivor size 4358144 bytes, new threshold 6 (max threshold 6)
[2020-09-11T12:03:01.571+0000][1][gc,age       ] GC(26) Age table with threshold 6 (max threshold 6)
[2020-09-11T12:03:01.571+0000][1][gc,age       ] GC(26) - age   1:         72 bytes,         72 total
[2020-09-11T12:03:01.571+0000][1][gc,age       ] GC(26) - age   5:     249432 bytes,     249504 total
[2020-09-11T12:03:01.571+0000][1][gc,age       ] GC(26) - age   6:     438896 bytes,     688400 total
[2020-09-11T12:03:01.571+0000][1][gc,heap      ] GC(26) ParNew: 69447K->826K(76672K)
[2020-09-11T12:03:01.571+0000][1][gc,heap      ] GC(26) CMS: 45621K->45621K(439104K)
[2020-09-11T12:03:01.571+0000][1][gc,metaspace ] GC(26) Metaspace: 32382K->32382K(1079296K)
[2020-09-11T12:03:01.571+0000][1][gc           ] GC(26) Pause Young (Allocation Failure) 112M->45M(503M) 3.070ms
[2020-09-11T12:03:01.571+0000][1][gc,cpu       ] GC(26) User=0.00s Sys=0.00s Real=0.00s
[2020-09-11T12:03:01.595+0000][1][safepoint    ] Safepoint "GenCollectForAllocation", Time since last: 439959282 ns, Reaching safepoint: 98558 ns, At safepoint: 27924886 ns, Total: 28023444 ns
[2020-09-11T12:03:01.984+0000][1][gc,start     ] GC(27) Pause Young (Allocation Failure)
[2020-09-11T12:03:01.984+0000][1][gc,task      ] GC(27) Using 1 workers of 1 for evacuation
[2020-09-11T12:03:01.987+0000][1][gc,age       ] GC(27) Desired survivor size 4358144 bytes, new threshold 6 (max threshold 6)
[2020-09-11T12:03:01.987+0000][1][gc,age       ] GC(27) Age table with threshold 6 (max threshold 6)
[2020-09-11T12:03:01.987+0000][1][gc,age       ] GC(27) - age   1:        224 bytes,        224 total
[2020-09-11T12:03:01.987+0000][1][gc,age       ] GC(27) - age   6:     249432 bytes,     249656 total
[2020-09-11T12:03:01.987+0000][1][gc,heap      ] GC(27) ParNew: 68986K->607K(76672K)
[2020-09-11T12:03:01.987+0000][1][gc,heap      ] GC(27) CMS: 45621K->46050K(439104K)
[2020-09-11T12:03:01.987+0000][1][gc,metaspace ] GC(27) Metaspace: 32382K->32382K(1079296K)
[2020-09-11T12:03:01.987+0000][1][gc           ] GC(27) Pause Young (Allocation Failure) 111M->45M(503M) 2.821ms
[2020-09-11T12:03:01.987+0000][1][gc,cpu       ] GC(27) User=0.00s Sys=0.00s Real=0.00s
[2020-09-11T12:03:01.998+0000][1][safepoint    ] Safepoint "GenCollectForAllocation", Time since last: 388714456 ns, Reaching safepoint: 96241 ns, At safepoint: 13429386 ns, Total: 13525627 ns
[2020-09-11T12:03:02.414+0000][1][gc,start     ] GC(28) Pause Young (Allocation Failure)
[2020-09-11T12:03:02.414+0000][1][gc,task      ] GC(28) Using 1 workers of 1 for evacuation
[2020-09-11T12:03:02.424+0000][1][gc,age       ] GC(28) Desired survivor size 4358144 bytes, new threshold 6 (max threshold 6)
[2020-09-11T12:03:02.424+0000][1][gc,age       ] GC(28) Age table with threshold 6 (max threshold 6)
[2020-09-11T12:03:02.424+0000][1][gc,age       ] GC(28) - age   1:        264 bytes,        264 total
[2020-09-11T12:03:02.424+0000][1][gc,heap      ] GC(28) ParNew: 68767K->243K(76672K)
[2020-09-11T12:03:02.424+0000][1][gc,heap      ] GC(28) CMS: 46050K->46294K(439104K)
[2020-09-11T12:03:02.424+0000][1][gc,metaspace ] GC(28) Metaspace: 32382K->32382K(1079296K)
[2020-09-11T12:03:02.424+0000][1][gc           ] GC(28) Pause Young (Allocation Failure) 112M->45M(503M) 10.787ms
[2020-09-11T12:03:02.424+0000][1][gc,cpu       ] GC(28) User=0.00s Sys=0.00s Real=0.02s
[2020-09-11T12:03:02.425+0000][1][safepoint    ] Safepoint "GenCollectForAllocation", Time since last: 415925146 ns, Reaching safepoint: 95759 ns, At safepoint: 10857085 ns, Total: 10952844 ns
[2020-09-11T12:03:02.848+0000][1][gc,start     ] GC(29) Pause Young (Allocation Failure)
[2020-09-11T12:03:02.848+0000][1][gc,task      ] GC(29) Using 1 workers of 1 for evacuation
[2020-09-11T12:03:02.850+0000][1][gc,age       ] GC(29) Desired survivor size 4358144 bytes, new threshold 6 (max threshold 6)
[2020-09-11T12:03:02.850+0000][1][gc,age       ] GC(29) Age table with threshold 6 (max threshold 6)
[2020-09-11T12:03:02.850+0000][1][gc,age       ] GC(29) - age   1:         80 bytes,         80 total
[2020-09-11T12:03:02.850+0000][1][gc,age       ] GC(29) - age   2:         72 bytes,        152 total
[2020-09-11T12:03:02.850+0000][1][gc,heap      ] GC(29) ParNew: 68403K->60K(76672K)
[2020-09-11T12:03:02.850+0000][1][gc,heap      ] GC(29) CMS: 46294K->46294K(439104K)
[2020-09-11T12:03:02.850+0000][1][gc,metaspace ] GC(29) Metaspace: 32382K->32382K(1079296K)
[2020-09-11T12:03:02.850+0000][1][gc           ] GC(29) Pause Young (Allocation Failure) 112M->45M(503M) 2.530ms
[2020-09-11T12:03:02.850+0000][1][gc,cpu       ] GC(29) User=0.00s Sys=0.00s Real=0.00s
[2020-09-11T12:03:02.861+0000][1][safepoint    ] Safepoint "GenCollectForAllocation", Time since last: 422904313 ns, Reaching safepoint: 100678 ns, At safepoint: 13019748 ns, Total: 13120426 ns
[2020-09-11T12:03:03.274+0000][1][gc,start     ] GC(30) Pause Young (Allocation Failure)
[2020-09-11T12:03:03.274+0000][1][gc,task      ] GC(30) Using 1 workers of 1 for evacuation
[2020-09-11T12:03:03.288+0000][1][gc,age       ] GC(30) Desired survivor size 4358144 bytes, new threshold 6 (max threshold 6)
[2020-09-11T12:03:03.288+0000][1][gc,age       ] GC(30) Age table with threshold 6 (max threshold 6)
[2020-09-11T12:03:03.288+0000][1][gc,age       ] GC(30) - age   1:        160 bytes,        160 total
[2020-09-11T12:03:03.288+0000][1][gc,age       ] GC(30) - age   3:         72 bytes,        232 total
[2020-09-11T12:03:03.288+0000][1][gc,heap      ] GC(30) ParNew: 68220K->15K(76672K)
[2020-09-11T12:03:03.288+0000][1][gc,heap      ] GC(30) CMS: 46294K->46294K(439104K)
[2020-09-11T12:03:03.288+0000][1][gc,metaspace ] GC(30) Metaspace: 32382K->32382K(1079296K)
[2020-09-11T12:03:03.288+0000][1][gc           ] GC(30) Pause Young (Allocation Failure) 111M->45M(503M) 13.499ms
[2020-09-11T12:03:03.288+0000][1][gc,cpu       ] GC(30) User=0.00s Sys=0.00s Real=0.02s
[2020-09-11T12:03:03.288+0000][1][safepoint    ] Safepoint "GenCollectForAllocation", Time since last: 413533509 ns, Reaching safepoint: 97108 ns, At safepoint: 13559137 ns, Total: 13656245 ns
[2020-09-11T12:03:03.708+0000][1][gc,start     ] GC(31) Pause Young (Allocation Failure)
[2020-09-11T12:03:03.708+0000][1][gc,task      ] GC(31) Using 1 workers of 1 for evacuation
[2020-09-11T12:03:03.710+0000][1][gc,age       ] GC(31) Desired survivor size 4358144 bytes, new threshold 6 (max threshold 6)
[2020-09-11T12:03:03.710+0000][1][gc,age       ] GC(31) Age table with threshold 6 (max threshold 6)
[2020-09-11T12:03:03.710+0000][1][gc,age       ] GC(31) - age   1:        104 bytes,        104 total
[2020-09-11T12:03:03.710+0000][1][gc,age       ] GC(31) - age   4:         72 bytes,        176 total
[2020-09-11T12:03:03.710+0000][1][gc,heap      ] GC(31) ParNew: 68175K->3K(76672K)
[2020-09-11T12:03:03.710+0000][1][gc,heap      ] GC(31) CMS: 46294K->46294K(439104K)
[2020-09-11T12:03:03.710+0000][1][gc,metaspace ] GC(31) Metaspace: 32382K->32382K(1079296K)
[2020-09-11T12:03:03.710+0000][1][gc           ] GC(31) Pause Young (Allocation Failure) 111M->45M(503M) 2.580ms
[2020-09-11T12:03:03.710+0000][1][gc,cpu       ] GC(31) User=0.00s Sys=0.00s Real=0.00s
[2020-09-11T12:03:03.719+0000][1][safepoint    ] Safepoint "GenCollectForAllocation", Time since last: 419667954 ns, Reaching safepoint: 102223 ns, At safepoint: 11927197 ns, Total: 12029420 ns
[2020-09-11T12:03:04.044+0000][1][safepoint    ] Safepoint "RevokeBias", Time since last: 323981171 ns, Reaching safepoint: 194567 ns, At safepoint: 38246 ns, Total: 232813 ns
[2020-09-11T12:03:04.143+0000][1][gc,start     ] GC(32) Pause Young (Allocation Failure)
[2020-09-11T12:03:04.143+0000][1][gc,task      ] GC(32) Using 1 workers of 1 for evacuation
[2020-09-11T12:03:04.146+0000][1][gc,age       ] GC(32) Desired survivor size 4358144 bytes, new threshold 6 (max threshold 6)
[2020-09-11T12:03:04.146+0000][1][gc,age       ] GC(32) Age table with threshold 6 (max threshold 6)
[2020-09-11T12:03:04.146+0000][1][gc,age       ] GC(32) - age   1:        216 bytes,        216 total
[2020-09-11T12:03:04.146+0000][1][gc,age       ] GC(32) - age   5:         72 bytes,        288 total
[2020-09-11T12:03:04.146+0000][1][gc,heap      ] GC(32) ParNew: 68163K->2K(76672K)
[2020-09-11T12:03:04.146+0000][1][gc,heap      ] GC(32) CMS: 46294K->46294K(439104K)
[2020-09-11T12:03:04.146+0000][1][gc,metaspace ] GC(32) Metaspace: 32382K->32382K(1079296K)
[2020-09-11T12:03:04.146+0000][1][gc           ] GC(32) Pause Young (Allocation Failure) 111M->45M(503M) 2.847ms
[2020-09-11T12:03:04.146+0000][1][gc,cpu       ] GC(32) User=0.00s Sys=0.00s Real=0.00s
[2020-09-11T12:03:04.155+0000][1][safepoint    ] Safepoint "GenCollectForAllocation", Time since last: 95784814 ns, Reaching safepoint: 3983733 ns, At safepoint: 11988261 ns, Total: 15971994 ns
[2020-09-11T12:03:04.360+0000][1][gc,start     ] GC(33) Pause Young (Allocation Failure)
[2020-09-11T12:03:04.360+0000][1][gc,task      ] GC(33) Using 1 workers of 1 for evacuation
[2020-09-11T12:03:04.362+0000][1][gc,age       ] GC(33) Desired survivor size 4358144 bytes, new threshold 6 (max threshold 6)
[2020-09-11T12:03:04.363+0000][1][gc,age       ] GC(33) Age table with threshold 6 (max threshold 6)
[2020-09-11T12:03:04.363+0000][1][gc,age       ] GC(33) - age   1:         72 bytes,         72 total
[2020-09-11T12:03:04.363+0000][1][gc,age       ] GC(33) - age   6:         72 bytes,        144 total
[2020-09-11T12:03:04.363+0000][1][gc,heap      ] GC(33) ParNew: 68162K->2K(76672K)
[2020-09-11T12:03:04.363+0000][1][gc,heap      ] GC(33) CMS: 46294K->46294K(439104K)
[2020-09-11T12:03:04.363+0000][1][gc,metaspace ] GC(33) Metaspace: 32382K->32382K(1079296K)
[2020-09-11T12:03:04.363+0000][1][gc           ] GC(33) Pause Young (Allocation Failure) 111M->45M(503M) 2.517ms
[2020-09-11T12:03:04.363+0000][1][gc,cpu       ] GC(33) User=0.01s Sys=0.00s Real=0.00s
[2020-09-11T12:03:04.374+0000][1][safepoint    ] Safepoint "GenCollectForAllocation", Time since last: 204517690 ns, Reaching safepoint: 109107 ns, At safepoint: 14410561 ns, Total: 14519668 ns
[2020-09-11T12:03:05.384+0000][1][safepoint    ] Safepoint "Cleanup", Time since last: 1008908954 ns, Reaching safepoint: 151721 ns, At safepoint: 5889 ns, Total: 157610 ns
[2020-09-11T12:03:06.392+0000][1][safepoint    ] Safepoint "Cleanup", Time since last: 1007885579 ns, Reaching safepoint: 106167 ns, At safepoint: 5730 ns, Total: 111897 ns
[2020-09-11T12:03:06.457+0000][1][safepoint    ] Safepoint "RevokeBias", Time since last: 65712543 ns, Reaching safepoint: 102521 ns, At safepoint: 46641 ns, Total: 149162 ns
[2020-09-11T12:03:06.458+0000][1][safepoint    ] Safepoint "RevokeBias", Time since last: 56726 ns, Reaching safepoint: 80101 ns, At safepoint: 32698 ns, Total: 112799 ns
[2020-09-11T12:03:06.458+0000][1][safepoint    ] Safepoint "RevokeBias", Time since last: 201859 ns, Reaching safepoint: 81500 ns, At safepoint: 33812 ns, Total: 115312 ns
[2020-09-11T12:03:10.479+0000][1][safepoint    ] Safepoint "Cleanup", Time since last: 4020781087 ns, Reaching safepoint: 145332 ns, At safepoint: 7544 ns, Total: 152876 ns
[2020-09-11T12:03:11.460+0000][1][gc,start     ] GC(34) Pause Young (Allocation Failure)
[2020-09-11T12:03:11.460+0000][1][gc,task      ] GC(34) Using 1 workers of 1 for evacuation
[2020-09-11T12:03:11.463+0000][1][gc,age       ] GC(34) Desired survivor size 4358144 bytes, new threshold 6 (max threshold 6)
[2020-09-11T12:03:11.463+0000][1][gc,age       ] GC(34) Age table with threshold 6 (max threshold 6)
[2020-09-11T12:03:11.463+0000][1][gc,age       ] GC(34) - age   1:     242496 bytes,     242496 total
[2020-09-11T12:03:11.463+0000][1][gc,heap      ] GC(34) ParNew: 68162K->239K(76672K)
[2020-09-11T12:03:11.463+0000][1][gc,heap      ] GC(34) CMS: 46294K->46294K(439104K)
[2020-09-11T12:03:11.463+0000][1][gc,metaspace ] GC(34) Metaspace: 32402K->32402K(1079296K)
[2020-09-11T12:03:11.463+0000][1][gc           ] GC(34) Pause Young (Allocation Failure) 111M->45M(503M) 2.726ms
[2020-09-11T12:03:11.463+0000][1][gc,cpu       ] GC(34) User=0.00s Sys=0.00s Real=0.00s
[2020-09-11T12:03:11.475+0000][1][safepoint    ] Safepoint "GenCollectForAllocation", Time since last: 981505206 ns, Reaching safepoint: 109887 ns, At safepoint: 15003277 ns, Total: 15113164 ns
[2020-09-11T12:03:13.011+0000][1][gc,start     ] GC(35) Pause Young (Allocation Failure)
[2020-09-11T12:03:13.012+0000][1][gc,task      ] GC(35) Using 1 workers of 1 for evacuation
[2020-09-11T12:03:13.016+0000][1][gc,age       ] GC(35) Desired survivor size 4358144 bytes, new threshold 6 (max threshold 6)
[2020-09-11T12:03:13.016+0000][1][gc,age       ] GC(35) Age table with threshold 6 (max threshold 6)
[2020-09-11T12:03:13.016+0000][1][gc,age       ] GC(35) - age   1:     512456 bytes,     512456 total
[2020-09-11T12:03:13.016+0000][1][gc,age       ] GC(35) - age   2:     150456 bytes,     662912 total
[2020-09-11T12:03:13.016+0000][1][gc,heap      ] GC(35) ParNew: 68399K->653K(76672K)
[2020-09-11T12:03:13.016+0000][1][gc,heap      ] GC(35) CMS: 46294K->46294K(439104K)
[2020-09-11T12:03:13.016+0000][1][gc,metaspace ] GC(35) Metaspace: 32402K->32402K(1079296K)
[2020-09-11T12:03:13.016+0000][1][gc           ] GC(35) Pause Young (Allocation Failure) 112M->45M(503M) 5.064ms
[2020-09-11T12:03:13.016+0000][1][gc,cpu       ] GC(35) User=0.00s Sys=0.00s Real=0.01s
[2020-09-11T12:03:13.039+0000][1][safepoint    ] Safepoint "GenCollectForAllocation", Time since last: 1535777103 ns, Reaching safepoint: 123436 ns, At safepoint: 27973617 ns, Total: 28097053 ns
[2020-09-11T12:03:14.535+0000][1][gc,start     ] GC(36) Pause Young (Allocation Failure)
[2020-09-11T12:03:14.535+0000][1][gc,task      ] GC(36) Using 1 workers of 1 for evacuation
[2020-09-11T12:03:14.538+0000][1][gc,age       ] GC(36) Desired survivor size 4358144 bytes, new threshold 6 (max threshold 6)
[2020-09-11T12:03:14.538+0000][1][gc,age       ] GC(36) Age table with threshold 6 (max threshold 6)
[2020-09-11T12:03:14.538+0000][1][gc,age       ] GC(36) - age   1:     675560 bytes,     675560 total
[2020-09-11T12:03:14.538+0000][1][gc,age       ] GC(36) - age   2:     340512 bytes,    1016072 total
[2020-09-11T12:03:14.538+0000][1][gc,age       ] GC(36) - age   3:     149872 bytes,    1165944 total
[2020-09-11T12:03:14.538+0000][1][gc,heap      ] GC(36) ParNew: 68813K->1161K(76672K)
[2020-09-11T12:03:14.538+0000][1][gc,heap      ] GC(36) CMS: 46294K->46294K(439104K)
[2020-09-11T12:03:14.538+0000][1][gc,metaspace ] GC(36) Metaspace: 32403K->32403K(1079296K)
[2020-09-11T12:03:14.538+0000][1][gc           ] GC(36) Pause Young (Allocation Failure) 112M->46M(503M) 3.143ms
[2020-09-11T12:03:14.538+0000][1][gc,cpu       ] GC(36) User=0.01s Sys=0.00s Real=0.01s
[2020-09-11T12:03:14.567+0000][1][safepoint    ] Safepoint "GenCollectForAllocation", Time since last: 1495669679 ns, Reaching safepoint: 103770 ns, At safepoint: 32359054 ns, Total: 32462824 ns
[2020-09-11T12:03:15.988+0000][1][gc,start     ] GC(37) Pause Young (Allocation Failure)
[2020-09-11T12:03:15.988+0000][1][gc,task      ] GC(37) Using 1 workers of 1 for evacuation
[2020-09-11T12:03:16.003+0000][1][gc,age       ] GC(37) Desired survivor size 4358144 bytes, new threshold 6 (max threshold 6)
[2020-09-11T12:03:16.003+0000][1][gc,age       ] GC(37) Age table with threshold 6 (max threshold 6)
[2020-09-11T12:03:16.003+0000][1][gc,age       ] GC(37) - age   1:     621584 bytes,     621584 total
[2020-09-11T12:03:16.003+0000][1][gc,age       ] GC(37) - age   2:     334424 bytes,     956008 total
[2020-09-11T12:03:16.003+0000][1][gc,age       ] GC(37) - age   3:     340408 bytes,    1296416 total
[2020-09-11T12:03:16.003+0000][1][gc,age       ] GC(37) - age   4:     149488 bytes,    1445904 total
[2020-09-11T12:03:16.003+0000][1][gc,heap      ] GC(37) ParNew: 69321K->1437K(76672K)
[2020-09-11T12:03:16.003+0000][1][gc,heap      ] GC(37) CMS: 46294K->46294K(439104K)
[2020-09-11T12:03:16.003+0000][1][gc,metaspace ] GC(37) Metaspace: 32404K->32404K(1079296K)
[2020-09-11T12:03:16.003+0000][1][gc           ] GC(37) Pause Young (Allocation Failure) 112M->46M(503M) 14.997ms
[2020-09-11T12:03:16.003+0000][1][gc,cpu       ] GC(37) User=0.00s Sys=0.00s Real=0.01s
[2020-09-11T12:03:16.017+0000][1][safepoint    ] Safepoint "GenCollectForAllocation", Time since last: 1420334277 ns, Reaching safepoint: 100014 ns, At safepoint: 28930177 ns, Total: 29030191 ns
[2020-09-11T12:03:17.031+0000][1][safepoint    ] Safepoint "Cleanup", Time since last: 1013738145 ns, Reaching safepoint: 910717 ns, At safepoint: 11164 ns, Total: 921881 ns
[2020-09-11T12:03:17.383+0000][1][gc,start     ] GC(38) Pause Young (Allocation Failure)
[2020-09-11T12:03:17.384+0000][1][gc,task      ] GC(38) Using 1 workers of 1 for evacuation
[2020-09-11T12:03:17.386+0000][1][gc,age       ] GC(38) Desired survivor size 4358144 bytes, new threshold 6 (max threshold 6)
[2020-09-11T12:03:17.386+0000][1][gc,age       ] GC(38) Age table with threshold 6 (max threshold 6)
[2020-09-11T12:03:17.386+0000][1][gc,age       ] GC(38) - age   1:     936032 bytes,     936032 total
[2020-09-11T12:03:17.386+0000][1][gc,age       ] GC(38) - age   2:     264536 bytes,    1200568 total
[2020-09-11T12:03:17.386+0000][1][gc,age       ] GC(38) - age   3:     330264 bytes,    1530832 total
[2020-09-11T12:03:17.386+0000][1][gc,age       ] GC(38) - age   4:     340328 bytes,    1871160 total
[2020-09-11T12:03:17.386+0000][1][gc,age       ] GC(38) - age   5:     149384 bytes,    2020544 total
[2020-09-11T12:03:17.386+0000][1][gc,heap      ] GC(38) ParNew: 69597K->2033K(76672K)
[2020-09-11T12:03:17.386+0000][1][gc,heap      ] GC(38) CMS: 46294K->46294K(439104K)
[2020-09-11T12:03:17.386+0000][1][gc,metaspace ] GC(38) Metaspace: 32404K->32404K(1079296K)
[2020-09-11T12:03:17.387+0000][1][gc           ] GC(38) Pause Young (Allocation Failure) 113M->47M(503M) 3.059ms
[2020-09-11T12:03:17.387+0000][1][gc,cpu       ] GC(38) User=0.01s Sys=0.00s Real=0.00s
[2020-09-11T12:03:17.397+0000][1][safepoint    ] Safepoint "GenCollectForAllocation", Time since last: 348834097 ns, Reaching safepoint: 3154619 ns, At safepoint: 13477160 ns, Total: 16631779 ns
[2020-09-11T12:03:18.316+0000][1][gc,start     ] GC(39) Pause Young (Allocation Failure)
[2020-09-11T12:03:18.316+0000][1][gc,task      ] GC(39) Using 1 workers of 1 for evacuation
[2020-09-11T12:03:18.319+0000][1][gc,age       ] GC(39) Desired survivor size 4358144 bytes, new threshold 6 (max threshold 6)
[2020-09-11T12:03:18.319+0000][1][gc,age       ] GC(39) Age table with threshold 6 (max threshold 6)
[2020-09-11T12:03:18.319+0000][1][gc,age       ] GC(39) - age   1:     311496 bytes,     311496 total
[2020-09-11T12:03:18.319+0000][1][gc,age       ] GC(39) - age   2:     923160 bytes,    1234656 total
[2020-09-11T12:03:18.319+0000][1][gc,age       ] GC(39) - age   3:     263544 bytes,    1498200 total
[2020-09-11T12:03:18.319+0000][1][gc,age       ] GC(39) - age   4:     329680 bytes,    1827880 total
[2020-09-11T12:03:18.319+0000][1][gc,age       ] GC(39) - age   5:     339992 bytes,    2167872 total
[2020-09-11T12:03:18.319+0000][1][gc,age       ] GC(39) - age   6:     149344 bytes,    2317216 total
[2020-09-11T12:03:18.319+0000][1][gc,heap      ] GC(39) ParNew: 70193K->2355K(76672K)
[2020-09-11T12:03:18.319+0000][1][gc,heap      ] GC(39) CMS: 46294K->46294K(439104K)
[2020-09-11T12:03:18.319+0000][1][gc,metaspace ] GC(39) Metaspace: 32404K->32404K(1079296K)
[2020-09-11T12:03:18.319+0000][1][gc           ] GC(39) Pause Young (Allocation Failure) 113M->47M(503M) 3.262ms
[2020-09-11T12:03:18.319+0000][1][gc,cpu       ] GC(39) User=0.00s Sys=0.00s Real=0.00s
[2020-09-11T12:03:18.328+0000][1][safepoint    ] Safepoint "GenCollectForAllocation", Time since last: 918585140 ns, Reaching safepoint: 117571 ns, At safepoint: 12802157 ns, Total: 12919728 ns
[2020-09-11T12:03:18.478+0000][1][safepoint    ] Safepoint "RevokeBias", Time since last: 147253834 ns, Reaching safepoint: 1873271 ns, At safepoint: 42221 ns, Total: 1915492 ns
[2020-09-11T12:03:18.479+0000][1][safepoint    ] Safepoint "RevokeBias", Time since last: 551185 ns, Reaching safepoint: 1299137 ns, At safepoint: 31756 ns, Total: 1330893 ns
[2020-09-11T12:03:19.134+0000][1][gc,start     ] GC(40) Pause Young (Allocation Failure)
[2020-09-11T12:03:19.134+0000][1][gc,task      ] GC(40) Using 1 workers of 1 for evacuation
[2020-09-11T12:03:19.167+0000][1][gc,age       ] GC(40) Desired survivor size 4358144 bytes, new threshold 6 (max threshold 6)
[2020-09-11T12:03:19.167+0000][1][gc,age       ] GC(40) Age table with threshold 6 (max threshold 6)
[2020-09-11T12:03:19.167+0000][1][gc,age       ] GC(40) - age   1:     380896 bytes,     380896 total
[2020-09-11T12:03:19.167+0000][1][gc,age       ] GC(40) - age   2:     301144 bytes,     682040 total
[2020-09-11T12:03:19.167+0000][1][gc,age       ] GC(40) - age   3:     922592 bytes,    1604632 total
[2020-09-11T12:03:19.168+0000][1][gc,age       ] GC(40) - age   4:     263312 bytes,    1867944 total
[2020-09-11T12:03:19.168+0000][1][gc,age       ] GC(40) - age   5:     329560 bytes,    2197504 total
[2020-09-11T12:03:19.168+0000][1][gc,age       ] GC(40) - age   6:     339992 bytes,    2537496 total
[2020-09-11T12:03:19.168+0000][1][gc,heap      ] GC(40) ParNew: 70515K->2502K(76672K)
[2020-09-11T12:03:19.168+0000][1][gc,heap      ] GC(40) CMS: 46294K->46437K(439104K)
[2020-09-11T12:03:19.168+0000][1][gc,metaspace ] GC(40) Metaspace: 32406K->32406K(1079296K)
[2020-09-11T12:03:19.168+0000][1][gc           ] GC(40) Pause Young (Allocation Failure) 114M->47M(503M) 33.309ms
[2020-09-11T12:03:19.168+0000][1][gc,cpu       ] GC(40) User=0.01s Sys=0.00s Real=0.04s
[2020-09-11T12:03:19.168+0000][1][safepoint    ] Safepoint "GenCollectForAllocation", Time since last: 654677016 ns, Reaching safepoint: 114844 ns, At safepoint: 33368278 ns, Total: 33483122 ns
[2020-09-11T12:03:19.430+0000][1][gc,start     ] GC(41) Pause Young (Allocation Failure)
[2020-09-11T12:03:19.430+0000][1][gc,task      ] GC(41) Using 1 workers of 1 for evacuation
[2020-09-11T12:03:19.437+0000][1][gc,age       ] GC(41) Desired survivor size 4358144 bytes, new threshold 6 (max threshold 6)
[2020-09-11T12:03:19.437+0000][1][gc,age       ] GC(41) Age table with threshold 6 (max threshold 6)
[2020-09-11T12:03:19.437+0000][1][gc,age       ] GC(41) - age   1:        160 bytes,        160 total
[2020-09-11T12:03:19.437+0000][1][gc,age       ] GC(41) - age   2:     380760 bytes,     380920 total
[2020-09-11T12:03:19.437+0000][1][gc,age       ] GC(41) - age   3:     301144 bytes,     682064 total
[2020-09-11T12:03:19.437+0000][1][gc,age       ] GC(41) - age   4:     922592 bytes,    1604656 total
[2020-09-11T12:03:19.437+0000][1][gc,age       ] GC(41) - age   5:     263312 bytes,    1867968 total
[2020-09-11T12:03:19.437+0000][1][gc,age       ] GC(41) - age   6:     329560 bytes,    2197528 total
[2020-09-11T12:03:19.437+0000][1][gc,heap      ] GC(41) ParNew: 70662K->2162K(76672K)
[2020-09-11T12:03:19.437+0000][1][gc,heap      ] GC(41) CMS: 46437K->46769K(439104K)
[2020-09-11T12:03:19.437+0000][1][gc,metaspace ] GC(41) Metaspace: 32406K->32406K(1079296K)
[2020-09-11T12:03:19.437+0000][1][gc           ] GC(41) Pause Young (Allocation Failure) 114M->47M(503M) 7.119ms
[2020-09-11T12:03:19.437+0000][1][gc,cpu       ] GC(41) User=0.00s Sys=0.00s Real=0.01s
[2020-09-11T12:03:19.443+0000][1][safepoint    ] Safepoint "GenCollectForAllocation", Time since last: 260564059 ns, Reaching safepoint: 1949526 ns, At safepoint: 13268982 ns, Total: 15218508 ns
[2020-09-11T12:03:19.683+0000][1][gc,start     ] GC(42) Pause Young (Allocation Failure)
[2020-09-11T12:03:19.684+0000][1][gc,task      ] GC(42) Using 1 workers of 1 for evacuation
[2020-09-11T12:03:19.686+0000][1][gc,age       ] GC(42) Desired survivor size 4358144 bytes, new threshold 6 (max threshold 6)
[2020-09-11T12:03:19.686+0000][1][gc,age       ] GC(42) Age table with threshold 6 (max threshold 6)
[2020-09-11T12:03:19.686+0000][1][gc,age       ] GC(42) - age   1:         56 bytes,         56 total
[2020-09-11T12:03:19.686+0000][1][gc,age       ] GC(42) - age   2:        160 bytes,        216 total
[2020-09-11T12:03:19.686+0000][1][gc,age       ] GC(42) - age   3:     380760 bytes,     380976 total
[2020-09-11T12:03:19.687+0000][1][gc,age       ] GC(42) - age   4:     301144 bytes,     682120 total
[2020-09-11T12:03:19.687+0000][1][gc,age       ] GC(42) - age   5:     922592 bytes,    1604712 total
[2020-09-11T12:03:19.687+0000][1][gc,age       ] GC(42) - age   6:     263312 bytes,    1868024 total
[2020-09-11T12:03:19.687+0000][1][gc,heap      ] GC(42) ParNew: 70322K->2227K(76672K)
[2020-09-11T12:03:19.687+0000][1][gc,heap      ] GC(42) CMS: 46769K->47091K(439104K)
[2020-09-11T12:03:19.687+0000][1][gc,metaspace ] GC(42) Metaspace: 32406K->32406K(1079296K)
[2020-09-11T12:03:19.687+0000][1][gc           ] GC(42) Pause Young (Allocation Failure) 114M->48M(503M) 3.108ms
[2020-09-11T12:03:19.687+0000][1][gc,cpu       ] GC(42) User=0.00s Sys=0.00s Real=0.00s
[2020-09-11T12:03:19.691+0000][1][safepoint    ] Safepoint "GenCollectForAllocation", Time since last: 236008515 ns, Reaching safepoint: 4012094 ns, At safepoint: 8001952 ns, Total: 12014046 ns
[2020-09-11T12:03:19.927+0000][1][gc,start     ] GC(43) Pause Young (Allocation Failure)
[2020-09-11T12:03:19.927+0000][1][gc,task      ] GC(43) Using 1 workers of 1 for evacuation
[2020-09-11T12:03:19.930+0000][1][gc,age       ] GC(43) Desired survivor size 4358144 bytes, new threshold 6 (max threshold 6)
[2020-09-11T12:03:19.930+0000][1][gc,age       ] GC(43) Age table with threshold 6 (max threshold 6)
[2020-09-11T12:03:19.930+0000][1][gc,age       ] GC(43) - age   1:        216 bytes,        216 total
[2020-09-11T12:03:19.930+0000][1][gc,age       ] GC(43) - age   3:        160 bytes,        376 total
[2020-09-11T12:03:19.930+0000][1][gc,age       ] GC(43) - age   4:     380760 bytes,     381136 total
[2020-09-11T12:03:19.930+0000][1][gc,age       ] GC(43) - age   5:     301144 bytes,     682280 total
[2020-09-11T12:03:19.930+0000][1][gc,age       ] GC(43) - age   6:     922592 bytes,    1604872 total
[2020-09-11T12:03:19.930+0000][1][gc,heap      ] GC(43) ParNew: 70387K->1568K(76672K)
[2020-09-11T12:03:19.930+0000][1][gc,heap      ] GC(43) CMS: 47091K->47348K(439104K)
[2020-09-11T12:03:19.930+0000][1][gc,metaspace ] GC(43) Metaspace: 32406K->32406K(1079296K)
[2020-09-11T12:03:19.930+0000][1][gc           ] GC(43) Pause Young (Allocation Failure) 114M->47M(503M) 3.046ms
[2020-09-11T12:03:19.930+0000][1][gc,cpu       ] GC(43) User=0.00s Sys=0.00s Real=0.00s
[2020-09-11T12:03:19.941+0000][1][safepoint    ] Safepoint "GenCollectForAllocation", Time since last: 232824562 ns, Reaching safepoint: 3144332 ns, At safepoint: 13084220 ns, Total: 16228552 ns
[2020-09-11T12:03:20.186+0000][1][gc,start     ] GC(44) Pause Young (Allocation Failure)
[2020-09-11T12:03:20.186+0000][1][gc,task      ] GC(44) Using 1 workers of 1 for evacuation
[2020-09-11T12:03:20.192+0000][1][gc,age       ] GC(44) Desired survivor size 4358144 bytes, new threshold 6 (max threshold 6)
[2020-09-11T12:03:20.192+0000][1][gc,age       ] GC(44) Age table with threshold 6 (max threshold 6)
[2020-09-11T12:03:20.192+0000][1][gc,age       ] GC(44) - age   1:        232 bytes,        232 total
[2020-09-11T12:03:20.192+0000][1][gc,age       ] GC(44) - age   4:        160 bytes,        392 total
[2020-09-11T12:03:20.192+0000][1][gc,age       ] GC(44) - age   5:     380760 bytes,     381152 total
[2020-09-11T12:03:20.192+0000][1][gc,age       ] GC(44) - age   6:     301144 bytes,     682296 total
[2020-09-11T12:03:20.192+0000][1][gc,heap      ] GC(44) ParNew: 69728K->895K(76672K)
[2020-09-11T12:03:20.192+0000][1][gc,heap      ] GC(44) CMS: 47348K->48249K(439104K)
[2020-09-11T12:03:20.192+0000][1][gc,metaspace ] GC(44) Metaspace: 32406K->32406K(1079296K)
[2020-09-11T12:03:20.192+0000][1][gc           ] GC(44) Pause Young (Allocation Failure) 114M->47M(503M) 6.868ms
[2020-09-11T12:03:20.192+0000][1][gc,cpu       ] GC(44) User=0.01s Sys=0.00s Real=0.00s
[2020-09-11T12:03:20.192+0000][1][safepoint    ] Safepoint "GenCollectForAllocation", Time since last: 242930618 ns, Reaching safepoint: 2071546 ns, At safepoint: 6939079 ns, Total: 9010625 ns
[2020-09-11T12:03:20.444+0000][1][gc,start     ] GC(45) Pause Young (Allocation Failure)
[2020-09-11T12:03:20.445+0000][1][gc,task      ] GC(45) Using 1 workers of 1 for evacuation
[2020-09-11T12:03:20.447+0000][1][gc,age       ] GC(45) Desired survivor size 4358144 bytes, new threshold 6 (max threshold 6)
[2020-09-11T12:03:20.447+0000][1][gc,age       ] GC(45) Age table with threshold 6 (max threshold 6)
[2020-09-11T12:03:20.447+0000][1][gc,age       ] GC(45) - age   1:         80 bytes,         80 total
[2020-09-11T12:03:20.447+0000][1][gc,age       ] GC(45) - age   5:        160 bytes,        240 total
[2020-09-11T12:03:20.447+0000][1][gc,age       ] GC(45) - age   6:     380760 bytes,     381000 total
[2020-09-11T12:03:20.447+0000][1][gc,heap      ] GC(45) ParNew: 69055K->723K(76672K)
[2020-09-11T12:03:20.447+0000][1][gc,heap      ] GC(45) CMS: 48249K->48543K(439104K)
[2020-09-11T12:03:20.447+0000][1][gc,metaspace ] GC(45) Metaspace: 32406K->32406K(1079296K)
[2020-09-11T12:03:20.447+0000][1][gc           ] GC(45) Pause Young (Allocation Failure) 114M->48M(503M) 2.615ms
[2020-09-11T12:03:20.447+0000][1][gc,cpu       ] GC(45) User=0.00s Sys=0.00s Real=0.00s
[2020-09-11T12:03:20.447+0000][1][safepoint    ] Safepoint "GenCollectForAllocation", Time since last: 251916295 ns, Reaching safepoint: 103269 ns, At safepoint: 2667978 ns, Total: 2771247 ns
[2020-09-11T12:03:20.698+0000][1][gc,start     ] GC(46) Pause Young (Allocation Failure)
[2020-09-11T12:03:20.698+0000][1][gc,task      ] GC(46) Using 1 workers of 1 for evacuation
[2020-09-11T12:03:20.701+0000][1][gc,age       ] GC(46) Desired survivor size 4358144 bytes, new threshold 6 (max threshold 6)
[2020-09-11T12:03:20.701+0000][1][gc,age       ] GC(46) Age table with threshold 6 (max threshold 6)
[2020-09-11T12:03:20.701+0000][1][gc,age       ] GC(46) - age   1:        208 bytes,        208 total
[2020-09-11T12:03:20.701+0000][1][gc,age       ] GC(46) - age   6:        160 bytes,        368 total
[2020-09-11T12:03:20.701+0000][1][gc,heap      ] GC(46) ParNew: 68883K->320K(76672K)
[2020-09-11T12:03:20.701+0000][1][gc,heap      ] GC(46) CMS: 48543K->48915K(439104K)
[2020-09-11T12:03:20.701+0000][1][gc,metaspace ] GC(46) Metaspace: 32406K->32406K(1079296K)
[2020-09-11T12:03:20.701+0000][1][gc           ] GC(46) Pause Young (Allocation Failure) 114M->48M(503M) 2.737ms
[2020-09-11T12:03:20.701+0000][1][gc,cpu       ] GC(46) User=0.01s Sys=0.00s Real=0.00s
[2020-09-11T12:03:20.711+0000][1][safepoint    ] Safepoint "GenCollectForAllocation", Time since last: 249037707 ns, Reaching safepoint: 2018131 ns, At safepoint: 13243393 ns, Total: 15261524 ns
[2020-09-11T12:03:20.950+0000][1][gc,start     ] GC(47) Pause Young (Allocation Failure)
[2020-09-11T12:03:20.950+0000][1][gc,task      ] GC(47) Using 1 workers of 1 for evacuation
[2020-09-11T12:03:20.953+0000][1][gc,age       ] GC(47) Desired survivor size 4358144 bytes, new threshold 6 (max threshold 6)
[2020-09-11T12:03:20.953+0000][1][gc,age       ] GC(47) Age table with threshold 6 (max threshold 6)
[2020-09-11T12:03:20.953+0000][1][gc,age       ] GC(47) - age   1:         96 bytes,         96 total
[2020-09-11T12:03:20.953+0000][1][gc,heap      ] GC(47) ParNew: 68480K->80K(76672K)
[2020-09-11T12:03:20.953+0000][1][gc,heap      ] GC(47) CMS: 48915K->48916K(439104K)
[2020-09-11T12:03:20.953+0000][1][gc,metaspace ] GC(47) Metaspace: 32406K->32406K(1079296K)
[2020-09-11T12:03:20.953+0000][1][gc           ] GC(47) Pause Young (Allocation Failure) 114M->47M(503M) 2.324ms
[2020-09-11T12:03:20.953+0000][1][gc,cpu       ] GC(47) User=0.00s Sys=0.00s Real=0.00s
[2020-09-11T12:03:20.953+0000][1][safepoint    ] Safepoint "GenCollectForAllocation", Time since last: 236020557 ns, Reaching safepoint: 2976101 ns, At safepoint: 2375475 ns, Total: 5351576 ns
[2020-09-11T12:03:21.199+0000][1][gc,start     ] GC(48) Pause Young (Allocation Failure)
[2020-09-11T12:03:21.200+0000][1][gc,task      ] GC(48) Using 1 workers of 1 for evacuation
[2020-09-11T12:03:21.202+0000][1][gc,age       ] GC(48) Desired survivor size 4358144 bytes, new threshold 6 (max threshold 6)
[2020-09-11T12:03:21.202+0000][1][gc,age       ] GC(48) Age table with threshold 6 (max threshold 6)
[2020-09-11T12:03:21.202+0000][1][gc,age       ] GC(48) - age   1:        224 bytes,        224 total
[2020-09-11T12:03:21.202+0000][1][gc,heap      ] GC(48) ParNew: 68240K->20K(76672K)
[2020-09-11T12:03:21.202+0000][1][gc,heap      ] GC(48) CMS: 48916K->48916K(439104K)
[2020-09-11T12:03:21.202+0000][1][gc,metaspace ] GC(48) Metaspace: 32406K->32406K(1079296K)
[2020-09-11T12:03:21.202+0000][1][gc           ] GC(48) Pause Young (Allocation Failure) 114M->47M(503M) 2.330ms
[2020-09-11T12:03:21.202+0000][1][gc,cpu       ] GC(48) User=0.00s Sys=0.00s Real=0.00s
[2020-09-11T12:03:21.213+0000][1][safepoint    ] Safepoint "GenCollectForAllocation", Time since last: 245073557 ns, Reaching safepoint: 1563698 ns, At safepoint: 13675878 ns, Total: 15239576 ns
[2020-09-11T12:03:21.454+0000][1][gc,start     ] GC(49) Pause Young (Allocation Failure)
[2020-09-11T12:03:21.454+0000][1][gc,task      ] GC(49) Using 1 workers of 1 for evacuation
[2020-09-11T12:03:21.461+0000][1][gc,age       ] GC(49) Desired survivor size 4358144 bytes, new threshold 6 (max threshold 6)
[2020-09-11T12:03:21.461+0000][1][gc,age       ] GC(49) Age table with threshold 6 (max threshold 6)
[2020-09-11T12:03:21.461+0000][1][gc,age       ] GC(49) - age   1:        224 bytes,        224 total
[2020-09-11T12:03:21.461+0000][1][gc,heap      ] GC(49) ParNew: 68180K->5K(76672K)
[2020-09-11T12:03:21.461+0000][1][gc,heap      ] GC(49) CMS: 48916K->48916K(439104K)
[2020-09-11T12:03:21.461+0000][1][gc,metaspace ] GC(49) Metaspace: 32406K->32406K(1079296K)
[2020-09-11T12:03:21.461+0000][1][gc           ] GC(49) Pause Young (Allocation Failure) 114M->47M(503M) 6.760ms
[2020-09-11T12:03:21.461+0000][1][gc,cpu       ] GC(49) User=0.00s Sys=0.00s Real=0.01s
[2020-09-11T12:03:21.466+0000][1][safepoint    ] Safepoint "GenCollectForAllocation", Time since last: 238325714 ns, Reaching safepoint: 2802110 ns, At safepoint: 11781195 ns, Total: 14583305 ns
[2020-09-11T12:03:22.487+0000][1][safepoint    ] Safepoint "Cleanup", Time since last: 1001375995 ns, Reaching safepoint: 20027178 ns, At safepoint: 11806 ns, Total: 20038984 ns
[2020-09-11T12:03:24.200+0000][1][gc,start     ] GC(50) Pause Young (Allocation Failure)
[2020-09-11T12:03:24.200+0000][1][gc,task      ] GC(50) Using 1 workers of 1 for evacuation
[2020-09-11T12:03:24.202+0000][1][gc,age       ] GC(50) Desired survivor size 4358144 bytes, new threshold 6 (max threshold 6)
[2020-09-11T12:03:24.202+0000][1][gc,age       ] GC(50) Age table with threshold 6 (max threshold 6)
[2020-09-11T12:03:24.202+0000][1][gc,age       ] GC(50) - age   1:      97696 bytes,      97696 total
[2020-09-11T12:03:24.202+0000][1][gc,heap      ] GC(50) ParNew: 68165K->97K(76672K)
[2020-09-11T12:03:24.202+0000][1][gc,heap      ] GC(50) CMS: 48916K->48916K(439104K)
[2020-09-11T12:03:24.202+0000][1][gc,metaspace ] GC(50) Metaspace: 32408K->32408K(1079296K)
[2020-09-11T12:03:24.202+0000][1][gc           ] GC(50) Pause Young (Allocation Failure) 114M->47M(503M) 2.489ms
[2020-09-11T12:03:24.202+0000][1][gc,cpu       ] GC(50) User=0.00s Sys=0.00s Real=0.00s
[2020-09-11T12:03:24.211+0000][1][safepoint    ] Safepoint "GenCollectForAllocation", Time since last: 1712057018 ns, Reaching safepoint: 135537 ns, At safepoint: 11800012 ns, Total: 11935549 ns
[2020-09-11T12:03:24.907+0000][1][gc,start     ] GC(51) Pause Young (Allocation Failure)
[2020-09-11T12:03:24.908+0000][1][gc,task      ] GC(51) Using 1 workers of 1 for evacuation
[2020-09-11T12:03:24.910+0000][1][gc,age       ] GC(51) Desired survivor size 4358144 bytes, new threshold 6 (max threshold 6)
[2020-09-11T12:03:24.910+0000][1][gc,age       ] GC(51) Age table with threshold 6 (max threshold 6)
[2020-09-11T12:03:24.910+0000][1][gc,age       ] GC(51) - age   1:     544504 bytes,     544504 total
[2020-09-11T12:03:24.910+0000][1][gc,age       ] GC(51) - age   2:      49952 bytes,     594456 total
[2020-09-11T12:03:24.910+0000][1][gc,heap      ] GC(51) ParNew: 68257K->601K(76672K)
[2020-09-11T12:03:24.910+0000][1][gc,heap      ] GC(51) CMS: 48916K->48916K(439104K)
[2020-09-11T12:03:24.910+0000][1][gc,metaspace ] GC(51) Metaspace: 32408K->32408K(1079296K)
[2020-09-11T12:03:24.910+0000][1][gc           ] GC(51) Pause Young (Allocation Failure) 114M->48M(503M) 2.609ms
[2020-09-11T12:03:24.910+0000][1][gc,cpu       ] GC(51) User=0.00s Sys=0.00s Real=0.00s
[2020-09-11T12:03:24.911+0000][1][safepoint    ] Safepoint "GenCollectForAllocation", Time since last: 693643380 ns, Reaching safepoint: 2372472 ns, At safepoint: 3988662 ns, Total: 6361134 ns
[2020-09-11T12:03:25.442+0000][1][gc,start     ] GC(52) Pause Young (Allocation Failure)
[2020-09-11T12:03:25.442+0000][1][gc,task      ] GC(52) Using 1 workers of 1 for evacuation
[2020-09-11T12:03:25.444+0000][1][gc,age       ] GC(52) Desired survivor size 4358144 bytes, new threshold 6 (max threshold 6)
[2020-09-11T12:03:25.444+0000][1][gc,age       ] GC(52) Age table with threshold 6 (max threshold 6)
[2020-09-11T12:03:25.444+0000][1][gc,age       ] GC(52) - age   1:     676984 bytes,     676984 total
[2020-09-11T12:03:25.444+0000][1][gc,age       ] GC(52) - age   2:     374008 bytes,    1050992 total
[2020-09-11T12:03:25.444+0000][1][gc,age       ] GC(52) - age   3:      49200 bytes,    1100192 total
[2020-09-11T12:03:25.444+0000][1][gc,heap      ] GC(52) ParNew: 68761K->1076K(76672K)
[2020-09-11T12:03:25.444+0000][1][gc,heap      ] GC(52) CMS: 48916K->48916K(439104K)
[2020-09-11T12:03:25.444+0000][1][gc,metaspace ] GC(52) Metaspace: 32408K->32408K(1079296K)
[2020-09-11T12:03:25.444+0000][1][gc           ] GC(52) Pause Young (Allocation Failure) 114M->48M(503M) 2.723ms
[2020-09-11T12:03:25.444+0000][1][gc,cpu       ] GC(52) User=0.00s Sys=0.00s Real=0.01s
[2020-09-11T12:03:25.444+0000][1][safepoint    ] Safepoint "GenCollectForAllocation", Time since last: 528081573 ns, Reaching safepoint: 2010854 ns, At safepoint: 2790639 ns, Total: 4801493 ns
[2020-09-11T12:03:25.873+0000][1][gc,start     ] GC(53) Pause Young (Allocation Failure)
[2020-09-11T12:03:25.873+0000][1][gc,task      ] GC(53) Using 1 workers of 1 for evacuation
[2020-09-11T12:03:25.884+0000][1][gc,age       ] GC(53) Desired survivor size 4358144 bytes, new threshold 6 (max threshold 6)
[2020-09-11T12:03:25.884+0000][1][gc,age       ] GC(53) Age table with threshold 6 (max threshold 6)
[2020-09-11T12:03:25.884+0000][1][gc,age       ] GC(53) - age   1:     314920 bytes,     314920 total
[2020-09-11T12:03:25.884+0000][1][gc,age       ] GC(53) - age   2:     661000 bytes,     975920 total
[2020-09-11T12:03:25.884+0000][1][gc,age       ] GC(53) - age   3:     373336 bytes,    1349256 total
[2020-09-11T12:03:25.884+0000][1][gc,age       ] GC(53) - age   4:      48720 bytes,    1397976 total
[2020-09-11T12:03:25.884+0000][1][gc,heap      ] GC(53) ParNew: 69236K->1438K(76672K)
[2020-09-11T12:03:25.884+0000][1][gc,heap      ] GC(53) CMS: 48916K->48916K(439104K)
[2020-09-11T12:03:25.884+0000][1][gc,metaspace ] GC(53) Metaspace: 32408K->32408K(1079296K)
[2020-09-11T12:03:25.884+0000][1][gc           ] GC(53) Pause Young (Allocation Failure) 115M->49M(503M) 10.878ms
[2020-09-11T12:03:25.884+0000][1][gc,cpu       ] GC(53) User=0.00s Sys=0.00s Real=0.02s
[2020-09-11T12:03:25.884+0000][1][safepoint    ] Safepoint "GenCollectForAllocation", Time since last: 427482949 ns, Reaching safepoint: 1569612 ns, At safepoint: 10949484 ns, Total: 12519096 ns
[2020-09-11T12:03:26.427+0000][1][gc,start     ] GC(54) Pause Young (Allocation Failure)
[2020-09-11T12:03:26.428+0000][1][gc,task      ] GC(54) Using 1 workers of 1 for evacuation
[2020-09-11T12:03:26.430+0000][1][gc,age       ] GC(54) Desired survivor size 4358144 bytes, new threshold 6 (max threshold 6)
[2020-09-11T12:03:26.430+0000][1][gc,age       ] GC(54) Age table with threshold 6 (max threshold 6)
[2020-09-11T12:03:26.430+0000][1][gc,age       ] GC(54) - age   1:     930808 bytes,     930808 total
[2020-09-11T12:03:26.430+0000][1][gc,age       ] GC(54) - age   2:     303168 bytes,    1233976 total
[2020-09-11T12:03:26.430+0000][1][gc,age       ] GC(54) - age   3:     332496 bytes,    1566472 total
[2020-09-11T12:03:26.430+0000][1][gc,age       ] GC(54) - age   4:     373200 bytes,    1939672 total
[2020-09-11T12:03:26.430+0000][1][gc,age       ] GC(54) - age   5:      48720 bytes,    1988392 total
[2020-09-11T12:03:26.430+0000][1][gc,heap      ] GC(54) ParNew: 69598K->2030K(76672K)
[2020-09-11T12:03:26.430+0000][1][gc,heap      ] GC(54) CMS: 48916K->48916K(439104K)
[2020-09-11T12:03:26.430+0000][1][gc,metaspace ] GC(54) Metaspace: 32408K->32408K(1079296K)
[2020-09-11T12:03:26.430+0000][1][gc           ] GC(54) Pause Young (Allocation Failure) 115M->49M(503M) 2.839ms
[2020-09-11T12:03:26.430+0000][1][gc,cpu       ] GC(54) User=0.00s Sys=0.00s Real=0.00s
[2020-09-11T12:03:26.439+0000][1][safepoint    ] Safepoint "GenCollectForAllocation", Time since last: 539588269 ns, Reaching safepoint: 3537579 ns, At safepoint: 11987082 ns, Total: 15524661 ns
[2020-09-11T12:03:26.847+0000][1][gc,start     ] GC(55) Pause Young (Allocation Failure)
[2020-09-11T12:03:26.847+0000][1][gc,task      ] GC(55) Using 1 workers of 1 for evacuation
[2020-09-11T12:03:26.850+0000][1][gc,age       ] GC(55) Desired survivor size 4358144 bytes, new threshold 6 (max threshold 6)
[2020-09-11T12:03:26.850+0000][1][gc,age       ] GC(55) Age table with threshold 6 (max threshold 6)
[2020-09-11T12:03:26.850+0000][1][gc,age       ] GC(55) - age   1:     346544 bytes,     346544 total
[2020-09-11T12:03:26.850+0000][1][gc,age       ] GC(55) - age   2:     918848 bytes,    1265392 total
[2020-09-11T12:03:26.850+0000][1][gc,age       ] GC(55) - age   3:     298416 bytes,    1563808 total
[2020-09-11T12:03:26.850+0000][1][gc,age       ] GC(55) - age   4:     331856 bytes,    1895664 total
[2020-09-11T12:03:26.850+0000][1][gc,age       ] GC(55) - age   5:     373048 bytes,    2268712 total
[2020-09-11T12:03:26.850+0000][1][gc,age       ] GC(55) - age   6:      48696 bytes,    2317408 total
[2020-09-11T12:03:26.850+0000][1][gc,heap      ] GC(55) ParNew: 70190K->2459K(76672K)
[2020-09-11T12:03:26.850+0000][1][gc,heap      ] GC(55) CMS: 48916K->48916K(439104K)
[2020-09-11T12:03:26.850+0000][1][gc,metaspace ] GC(55) Metaspace: 32408K->32408K(1079296K)
[2020-09-11T12:03:26.850+0000][1][gc           ] GC(55) Pause Young (Allocation Failure) 116M->50M(503M) 2.971ms
[2020-09-11T12:03:26.850+0000][1][gc,cpu       ] GC(55) User=0.00s Sys=0.00s Real=0.00s
[2020-09-11T12:03:26.850+0000][1][safepoint    ] Safepoint "GenCollectForAllocation", Time since last: 403982307 ns, Reaching safepoint: 3799053 ns, At safepoint: 3040720 ns, Total: 6839773 ns
[2020-09-11T12:03:27.850+0000][1][safepoint    ] Safepoint "Cleanup", Time since last: 1000092445 ns, Reaching safepoint: 114196 ns, At safepoint: 6322 ns, Total: 120518 ns
[2020-09-11T12:03:28.140+0000][1][safepoint    ] Safepoint "Deoptimize", Time since last: 289395001 ns, Reaching safepoint: 115249 ns, At safepoint: 358513 ns, Total: 473762 ns
[2020-09-11T12:03:28.456+0000][1][safepoint    ] Safepoint "CollectForMetadataAllocation", Time since last: 315095056 ns, Reaching safepoint: 125364 ns, At safepoint: 93735 ns, Total: 219099 ns
[2020-09-11T12:03:28.623+0000][1][safepoint    ] Safepoint "CollectForMetadataAllocation", Time since last: 166640156 ns, Reaching safepoint: 798422 ns, At safepoint: 340751 ns, Total: 1139173 ns
[2020-09-11T12:03:28.712+0000][1][safepoint    ] Safepoint "CollectForMetadataAllocation", Time since last: 79366129 ns, Reaching safepoint: 8648400 ns, At safepoint: 139986 ns, Total: 8788386 ns
[2020-09-11T12:03:28.826+0000][1][safepoint    ] Safepoint "CollectForMetadataAllocation", Time since last: 114687292 ns, Reaching safepoint: 104775 ns, At safepoint: 104806 ns, Total: 209581 ns
[2020-09-11T12:03:28.857+0000][1][gc,start     ] GC(56) Pause Initial Mark
[2020-09-11T12:03:28.938+0000][1][gc           ] GC(56) Pause Initial Mark 114M->114M(503M) 81.252ms
[2020-09-11T12:03:28.938+0000][1][gc,cpu       ] GC(56) User=0.02s Sys=0.00s Real=0.08s
[2020-09-11T12:03:28.971+0000][1][safepoint    ] Safepoint "CMS_Initial_Mark", Time since last: 30214314 ns, Reaching safepoint: 110598 ns, At safepoint: 113989897 ns, Total: 114100495 ns
[2020-09-11T12:03:28.971+0000][1][gc           ] GC(56) Concurrent Mark
[2020-09-11T12:03:29.064+0000][1][safepoint    ] Safepoint "CollectForMetadataAllocation", Time since last: 92653547 ns, Reaching safepoint: 50660 ns, At safepoint: 137969 ns, Total: 188629 ns
[2020-09-11T12:03:29.144+0000][1][safepoint    ] Safepoint "CollectForMetadataAllocation", Time since last: 80497419 ns, Reaching safepoint: 40667 ns, At safepoint: 122090 ns, Total: 162757 ns
[2020-09-11T12:03:29.175+0000][1][gc,start     ] GC(57) Pause Young (Allocation Failure)
[2020-09-11T12:03:29.175+0000][1][gc,task      ] GC(57) Using 1 workers of 1 for evacuation
[2020-09-11T12:03:29.193+0000][1][gc,age       ] GC(57) Desired survivor size 4358144 bytes, new threshold 6 (max threshold 6)
[2020-09-11T12:03:29.193+0000][1][gc,age       ] GC(57) Age table with threshold 6 (max threshold 6)
[2020-09-11T12:03:29.193+0000][1][gc,age       ] GC(57) - age   1:    1238776 bytes,    1238776 total
[2020-09-11T12:03:29.193+0000][1][gc,age       ] GC(57) - age   2:     334408 bytes,    1573184 total
[2020-09-11T12:03:29.193+0000][1][gc,age       ] GC(57) - age   3:     918504 bytes,    2491688 total
[2020-09-11T12:03:29.193+0000][1][gc,age       ] GC(57) - age   4:     297792 bytes,    2789480 total
[2020-09-11T12:03:29.193+0000][1][gc,age       ] GC(57) - age   5:     331448 bytes,    3120928 total
[2020-09-11T12:03:29.193+0000][1][gc,age       ] GC(57) - age   6:     373048 bytes,    3493976 total
[2020-09-11T12:03:29.193+0000][1][gc,heap      ] GC(57) ParNew: 70619K->3726K(76672K)
[2020-09-11T12:03:29.193+0000][1][gc,heap      ] GC(57) CMS: 48916K->48960K(439104K)
[2020-09-11T12:03:29.193+0000][1][gc,metaspace ] GC(57) Metaspace: 35815K->35815K(1083392K)
[2020-09-11T12:03:29.193+0000][1][gc           ] GC(57) Pause Young (Allocation Failure) 116M->51M(503M) 18.225ms
[2020-09-11T12:03:29.193+0000][1][gc,cpu       ] GC(57) User=0.01s Sys=0.00s Real=0.02s
[2020-09-11T12:03:29.219+0000][1][safepoint    ] Safepoint "GenCollectForAllocation", Time since last: 30679095 ns, Reaching safepoint: 40714 ns, At safepoint: 44388411 ns, Total: 44429125 ns
[2020-09-11T12:03:29.340+0000][1][gc           ] GC(56) Concurrent Mark 368.643ms
[2020-09-11T12:03:29.340+0000][1][gc,cpu       ] GC(56) User=0.09s Sys=0.00s Real=0.37s
[2020-09-11T12:03:29.340+0000][1][safepoint    ] Safepoint "CollectForMetadataAllocation", Time since last: 120032162 ns, Reaching safepoint: 155825 ns, At safepoint: 71483 ns, Total: 227308 ns
[2020-09-11T12:03:29.358+0000][1][gc           ] GC(56) Concurrent Preclean
[2020-09-11T12:03:29.359+0000][1][gc           ] GC(56) Concurrent Preclean 1.502ms
[2020-09-11T12:03:29.359+0000][1][gc,cpu       ] GC(56) User=0.00s Sys=0.00s Real=0.00s
[2020-09-11T12:03:29.379+0000][1][gc,start     ] GC(56) Pause Remark
[2020-09-11T12:03:29.401+0000][1][gc           ] GC(56) Pause Remark 54M->54M(503M) 21.867ms
[2020-09-11T12:03:29.401+0000][1][gc,cpu       ] GC(56) User=0.01s Sys=0.00s Real=0.02s
[2020-09-11T12:03:29.439+0000][1][safepoint    ] Safepoint "CMS_Final_Remark", Time since last: 35784732 ns, Reaching safepoint: 3487780 ns, At safepoint: 60327767 ns, Total: 63815547 ns
[2020-09-11T12:03:29.447+0000][1][gc           ] GC(56) Concurrent Sweep
[2020-09-11T12:03:29.612+0000][1][gc           ] GC(56) Concurrent Sweep 164.666ms
[2020-09-11T12:03:29.612+0000][1][gc,cpu       ] GC(56) User=0.04s Sys=0.00s Real=0.16s
[2020-09-11T12:03:29.612+0000][1][gc           ] GC(56) Concurrent Reset
[2020-09-11T12:03:29.613+0000][1][gc           ] GC(56) Concurrent Reset 0.611ms
[2020-09-11T12:03:29.613+0000][1][gc,cpu       ] GC(56) User=0.00s Sys=0.00s Real=0.00s
[2020-09-11T12:03:29.613+0000][1][gc,heap      ] GC(56) Old: 48916K->47904K(439104K)
[2020-09-11T12:03:30.054+0000][1][gc,start     ] GC(58) Pause Young (Allocation Failure)
[2020-09-11T12:03:30.054+0000][1][gc,task      ] GC(58) Using 1 workers of 1 for evacuation
[2020-09-11T12:03:30.100+0000][1][gc,age       ] GC(58) Desired survivor size 4358144 bytes, new threshold 6 (max threshold 6)
[2020-09-11T12:03:30.100+0000][1][gc,age       ] GC(58) Age table with threshold 6 (max threshold 6)
[2020-09-11T12:03:30.100+0000][1][gc,age       ] GC(58) - age   1:     310880 bytes,     310880 total
[2020-09-11T12:03:30.100+0000][1][gc,age       ] GC(58) - age   2:    1209264 bytes,    1520144 total
[2020-09-11T12:03:30.100+0000][1][gc,age       ] GC(58) - age   3:     334408 bytes,    1854552 total
[2020-09-11T12:03:30.100+0000][1][gc,age       ] GC(58) - age   4:     918504 bytes,    2773056 total
[2020-09-11T12:03:30.100+0000][1][gc,age       ] GC(58) - age   5:     297792 bytes,    3070848 total
[2020-09-11T12:03:30.100+0000][1][gc,age       ] GC(58) - age   6:     331280 bytes,    3402128 total
[2020-09-11T12:03:30.100+0000][1][gc,heap      ] GC(58) ParNew: 71886K->4301K(76672K)
[2020-09-11T12:03:30.100+0000][1][gc,heap      ] GC(58) CMS: 47904K->48268K(439104K)
[2020-09-11T12:03:30.100+0000][1][gc,metaspace ] GC(58) Metaspace: 36184K->36184K(1083392K)
[2020-09-11T12:03:30.100+0000][1][gc           ] GC(58) Pause Young (Allocation Failure) 116M->51M(503M) 46.215ms
[2020-09-11T12:03:30.100+0000][1][gc,cpu       ] GC(58) User=0.01s Sys=0.00s Real=0.05s
[2020-09-11T12:03:30.111+0000][1][safepoint    ] Safepoint "GenCollectForAllocation", Time since last: 613990256 ns, Reaching safepoint: 376693 ns, At safepoint: 57809807 ns, Total: 58186500 ns
[2020-09-11T12:03:31.488+0000][1][safepoint    ] Safepoint "Cleanup", Time since last: 1375979008 ns, Reaching safepoint: 143521 ns, At safepoint: 26673 ns, Total: 170194 ns
[2020-09-11T12:03:31.835+0000][1][safepoint    ] Safepoint "RevokeBias", Time since last: 343821722 ns, Reaching safepoint: 4020221 ns, At safepoint: 41399 ns, Total: 4061620 ns
[2020-09-11T12:03:32.840+0000][1][safepoint    ] Safepoint "Cleanup", Time since last: 1003935318 ns, Reaching safepoint: 201302 ns, At safepoint: 5838 ns, Total: 207140 ns
[2020-09-11T12:03:33.841+0000][1][safepoint    ] Safepoint "Cleanup", Time since last: 1001716727 ns, Reaching safepoint: 59308 ns, At safepoint: 5843 ns, Total: 65151 ns
[2020-09-11T12:03:34.401+0000][1][gc,start     ] GC(59) Pause Young (Allocation Failure)
[2020-09-11T12:03:34.401+0000][1][gc,task      ] GC(59) Using 1 workers of 1 for evacuation
[2020-09-11T12:03:34.477+0000][1][gc,age       ] GC(59) Desired survivor size 4358144 bytes, new threshold 4 (max threshold 6)
[2020-09-11T12:03:34.477+0000][1][gc,age       ] GC(59) Age table with threshold 4 (max threshold 6)
[2020-09-11T12:03:34.477+0000][1][gc,age       ] GC(59) - age   1:    2571616 bytes,    2571616 total
[2020-09-11T12:03:34.477+0000][1][gc,age       ] GC(59) - age   2:     266184 bytes,    2837800 total
[2020-09-11T12:03:34.477+0000][1][gc,age       ] GC(59) - age   3:    1206760 bytes,    4044560 total
[2020-09-11T12:03:34.477+0000][1][gc,age       ] GC(59) - age   4:     334408 bytes,    4378968 total
[2020-09-11T12:03:34.477+0000][1][gc,age       ] GC(59) - age   5:     918504 bytes,    5297472 total
[2020-09-11T12:03:34.477+0000][1][gc,age       ] GC(59) - age   6:     297792 bytes,    5595264 total
[2020-09-11T12:03:34.477+0000][1][gc,heap      ] GC(59) ParNew: 72461K->6058K(76672K)
[2020-09-11T12:03:34.477+0000][1][gc,heap      ] GC(59) CMS: 48268K->48592K(439104K)
[2020-09-11T12:03:34.477+0000][1][gc,metaspace ] GC(59) Metaspace: 41579K->41579K(1087488K)
[2020-09-11T12:03:34.478+0000][1][gc           ] GC(59) Pause Young (Allocation Failure) 117M->53M(503M) 76.120ms
[2020-09-11T12:03:34.478+0000][1][gc,cpu       ] GC(59) User=0.02s Sys=0.00s Real=0.08s
[2020-09-11T12:03:34.495+0000][1][safepoint    ] Safepoint "GenCollectForAllocation", Time since last: 559883032 ns, Reaching safepoint: 103135 ns, At safepoint: 93890428 ns, Total: 93993563 ns
[2020-09-11T12:03:35.522+0000][1][safepoint    ] Safepoint "Cleanup", Time since last: 1014224286 ns, Reaching safepoint: 12218048 ns, At safepoint: 12548 ns, Total: 12230596 ns
[2020-09-11T12:03:36.535+0000][1][safepoint    ] Safepoint "Cleanup", Time since last: 1011001035 ns, Reaching safepoint: 2717431 ns, At safepoint: 10507 ns, Total: 2727938 ns
[2020-09-11T12:03:36.753+0000][1][safepoint    ] Safepoint "RevokeBias", Time since last: 195976910 ns, Reaching safepoint: 21073633 ns, At safepoint: 33063 ns, Total: 21106696 ns
[2020-09-11T12:03:37.760+0000][1][safepoint    ] Safepoint "Cleanup", Time since last: 1006863889 ns, Reaching safepoint: 124227 ns, At safepoint: 6071 ns, Total: 130298 ns
[2020-09-11T12:03:41.760+0000][1][safepoint    ] Safepoint "BulkRevokeBias", Time since last: 3987821034 ns, Reaching safepoint: 12099147 ns, At safepoint: 88367 ns, Total: 12187514 ns
[2020-09-11T12:03:41.760+0000][1][safepoint    ] Safepoint "RevokeBias", Time since last: 388057 ns, Reaching safepoint: 84381 ns, At safepoint: 34725 ns, Total: 119106 ns
[2020-09-11T12:03:41.760+0000][1][safepoint    ] Safepoint "RevokeBias", Time since last: 57878 ns, Reaching safepoint: 83875 ns, At safepoint: 42571 ns, Total: 126446 ns
[2020-09-11T12:03:41.760+0000][1][safepoint    ] Safepoint "RevokeBias", Time since last: 35358 ns, Reaching safepoint: 79040 ns, At safepoint: 33408 ns, Total: 112448 ns
[2020-09-11T12:03:41.761+0000][1][safepoint    ] Safepoint "RevokeBias", Time since last: 28179 ns, Reaching safepoint: 78626 ns, At safepoint: 34653 ns, Total: 113279 ns
[2020-09-11T12:03:41.761+0000][1][safepoint    ] Safepoint "RevokeBias", Time since last: 26940 ns, Reaching safepoint: 77996 ns, At safepoint: 34951 ns, Total: 112947 ns
[2020-09-11T12:03:41.761+0000][1][safepoint    ] Safepoint "RevokeBias", Time since last: 26261 ns, Reaching safepoint: 78001 ns, At safepoint: 30552 ns, Total: 108553 ns
[2020-09-11T12:03:41.761+0000][1][safepoint    ] Safepoint "RevokeBias", Time since last: 26396 ns, Reaching safepoint: 77829 ns, At safepoint: 30873 ns, Total: 108702 ns
[2020-09-11T12:03:41.767+0000][1][safepoint    ] Safepoint "RevokeBias", Time since last: 29199 ns, Reaching safepoint: 6009579 ns, At safepoint: 53311 ns, Total: 6062890 ns
[2020-09-11T12:03:41.767+0000][1][safepoint    ] Safepoint "RevokeBias", Time since last: 71534 ns, Reaching safepoint: 85127 ns, At safepoint: 34162 ns, Total: 119289 ns
[2020-09-11T12:03:41.770+0000][1][safepoint    ] Safepoint "RevokeBias", Time since last: 2306250 ns, Reaching safepoint: 90118 ns, At safepoint: 40457 ns, Total: 130575 ns
[2020-09-11T12:03:41.770+0000][1][safepoint    ] Safepoint "RevokeBias", Time since last: 42133 ns, Reaching safepoint: 78443 ns, At safepoint: 31913 ns, Total: 110356 ns
[2020-09-11T12:03:41.777+0000][1][safepoint    ] Safepoint "RevokeBias", Time since last: 7329985 ns, Reaching safepoint: 114902 ns, At safepoint: 47727 ns, Total: 162629 ns
[2020-09-11T12:03:41.777+0000][1][safepoint    ] Safepoint "RevokeBias", Time since last: 65455 ns, Reaching safepoint: 81324 ns, At safepoint: 33526 ns, Total: 114850 ns
[2020-09-11T12:03:41.778+0000][1][safepoint    ] Safepoint "RevokeBias", Time since last: 69491 ns, Reaching safepoint: 81296 ns, At safepoint: 31317 ns, Total: 112613 ns
[2020-09-11T12:03:41.778+0000][1][safepoint    ] Safepoint "RevokeBias", Time since last: 41239 ns, Reaching safepoint: 80533 ns, At safepoint: 30961 ns, Total: 111494 ns
[2020-09-11T12:03:42.876+0000][1][safepoint    ] Safepoint "Cleanup", Time since last: 1097582480 ns, Reaching safepoint: 116245 ns, At safepoint: 6841 ns, Total: 123086 ns
[2020-09-11T12:03:43.880+0000][1][safepoint    ] Safepoint "Cleanup", Time since last: 1003887327 ns, Reaching safepoint: 117105 ns, At safepoint: 6165 ns, Total: 123270 ns
[2020-09-11T12:03:44.880+0000][1][safepoint    ] Safepoint "Cleanup", Time since last: 1000108162 ns, Reaching safepoint: 62555 ns, At safepoint: 4743 ns, Total: 67298 ns
[2020-09-11T12:03:45.194+0000][1][gc,start     ] GC(60) Pause Young (Allocation Failure)
[2020-09-11T12:03:45.194+0000][1][gc,task      ] GC(60) Using 1 workers of 1 for evacuation
[2020-09-11T12:03:45.247+0000][1][gc,age       ] GC(60) Desired survivor size 4358144 bytes, new threshold 2 (max threshold 6)
[2020-09-11T12:03:45.247+0000][1][gc,age       ] GC(60) Age table with threshold 2 (max threshold 6)
[2020-09-11T12:03:45.247+0000][1][gc,age       ] GC(60) - age   1:    2727144 bytes,    2727144 total
[2020-09-11T12:03:45.251+0000][1][gc,age       ] GC(60) - age   2:    2504144 bytes,    5231288 total
[2020-09-11T12:03:45.251+0000][1][gc,age       ] GC(60) - age   3:     266088 bytes,    5497376 total
[2020-09-11T12:03:45.251+0000][1][gc,age       ] GC(60) - age   4:    1205984 bytes,    6703360 total
[2020-09-11T12:03:45.251+0000][1][gc,heap      ] GC(60) ParNew: 74218K->8512K(76672K)
[2020-09-11T12:03:45.251+0000][1][gc,heap      ] GC(60) CMS: 48592K->50106K(439104K)
[2020-09-11T12:03:45.251+0000][1][gc,metaspace ] GC(60) Metaspace: 47308K->47308K(1093632K)
[2020-09-11T12:03:45.252+0000][1][gc           ] GC(60) Pause Young (Allocation Failure) 119M->57M(503M) 57.119ms
[2020-09-11T12:03:45.252+0000][1][gc,cpu       ] GC(60) User=0.03s Sys=0.00s Real=0.06s
[2020-09-11T12:03:45.259+0000][1][safepoint    ] Safepoint "GenCollectForAllocation", Time since last: 314571254 ns, Reaching safepoint: 113829 ns, At safepoint: 65030998 ns, Total: 65144827 ns
[2020-09-11T12:03:45.280+0000][1][safepoint    ] Safepoint "RevokeBias", Time since last: 20814876 ns, Reaching safepoint: 101080 ns, At safepoint: 14885 ns, Total: 115965 ns
[2020-09-11T12:03:45.281+0000][1][safepoint    ] Safepoint "RevokeBias", Time since last: 65940 ns, Reaching safepoint: 80933 ns, At safepoint: 9861 ns, Total: 90794 ns
[2020-09-11T12:03:45.281+0000][1][safepoint    ] Safepoint "RevokeBias", Time since last: 34628 ns, Reaching safepoint: 80081 ns, At safepoint: 10630 ns, Total: 90711 ns
[2020-09-11T12:03:45.281+0000][1][safepoint    ] Safepoint "RevokeBias", Time since last: 34712 ns, Reaching safepoint: 77773 ns, At safepoint: 9025 ns, Total: 86798 ns
[2020-09-11T12:03:45.281+0000][1][safepoint    ] Safepoint "RevokeBias", Time since last: 34804 ns, Reaching safepoint: 77343 ns, At safepoint: 8139 ns, Total: 85482 ns
[2020-09-11T12:03:45.571+0000][1][safepoint    ] Safepoint "RevokeBias", Time since last: 289590165 ns, Reaching safepoint: 133126 ns, At safepoint: 37855 ns, Total: 170981 ns
[2020-09-11T12:03:45.583+0000][1][safepoint    ] Safepoint "RevokeBias", Time since last: 12145369 ns, Reaching safepoint: 101257 ns, At safepoint: 36589 ns, Total: 137846 ns
[2020-09-11T12:03:45.587+0000][1][safepoint    ] Safepoint "RevokeBias", Time since last: 3520801 ns, Reaching safepoint: 97194 ns, At safepoint: 27324 ns, Total: 124518 ns
[2020-09-11T12:03:45.587+0000][1][safepoint    ] Safepoint "RevokeBias", Time since last: 324749 ns, Reaching safepoint: 79105 ns, At safepoint: 29253 ns, Total: 108358 ns
[2020-09-11T12:03:46.162+0000][1][safepoint    ] Safepoint "RevokeBias", Time since last: 574323857 ns, Reaching safepoint: 649877 ns, At safepoint: 35562 ns, Total: 685439 ns
[2020-09-11T12:03:46.162+0000][1][safepoint    ] Safepoint "RevokeBias", Time since last: 175110 ns, Reaching safepoint: 82425 ns, At safepoint: 28913 ns, Total: 111338 ns
[2020-09-11T12:03:46.162+0000][1][safepoint    ] Safepoint "RevokeBias", Time since last: 58743 ns, Reaching safepoint: 79869 ns, At safepoint: 18678 ns, Total: 98547 ns
[2020-09-11T12:03:46.327+0000][1][safepoint    ] Safepoint "RevokeBias", Time since last: 160022704 ns, Reaching safepoint: 4019096 ns, At safepoint: 44267 ns, Total: 4063363 ns
[2020-09-11T12:03:46.327+0000][1][safepoint    ] Safepoint "RevokeBias", Time since last: 354325 ns, Reaching safepoint: 90114 ns, At safepoint: 32690 ns, Total: 122804 ns
[2020-09-11T12:03:46.327+0000][1][safepoint    ] Safepoint "RevokeBias", Time since last: 107743 ns, Reaching safepoint: 86058 ns, At safepoint: 21891 ns, Total: 107949 ns
[2020-09-11T12:03:46.330+0000][1][safepoint    ] Safepoint "RevokeBias", Time since last: 760428 ns, Reaching safepoint: 1658893 ns, At safepoint: 37707 ns, Total: 1696600 ns
[2020-09-11T12:03:46.330+0000][1][safepoint    ] Safepoint "RevokeBias", Time since last: 412879 ns, Reaching safepoint: 158453 ns, At safepoint: 29395 ns, Total: 187848 ns
[2020-09-11T12:03:46.332+0000][1][safepoint    ] Safepoint "RevokeBias", Time since last: 491970 ns, Reaching safepoint: 705668 ns, At safepoint: 48704 ns, Total: 754372 ns
[2020-09-11T12:03:46.340+0000][1][safepoint    ] Safepoint "RevokeBias", Time since last: 8372361 ns, Reaching safepoint: 99312 ns, At safepoint: 31266 ns, Total: 130578 ns
[2020-09-11T12:03:46.340+0000][1][safepoint    ] Safepoint "RevokeBias", Time since last: 89428 ns, Reaching safepoint: 11552 ns, At safepoint: 18629 ns, Total: 30181 ns
[2020-09-11T12:03:46.340+0000][1][safepoint    ] Safepoint "RevokeBias", Time since last: 140200 ns, Reaching safepoint: 31418 ns, At safepoint: 28168 ns, Total: 59586 ns
[2020-09-11T12:03:46.351+0000][1][safepoint    ] Safepoint "RevokeBias", Time since last: 7091116 ns, Reaching safepoint: 3989055 ns, At safepoint: 42509 ns, Total: 4031564 ns
[2020-09-11T12:03:46.352+0000][1][safepoint    ] Safepoint "RevokeBias", Time since last: 71242 ns, Reaching safepoint: 84998 ns, At safepoint: 27592 ns, Total: 112590 ns
[2020-09-11T12:03:46.352+0000][1][safepoint    ] Safepoint "RevokeBias", Time since last: 30867 ns, Reaching safepoint: 83229 ns, At safepoint: 25587 ns, Total: 108816 ns
[2020-09-11T12:03:46.352+0000][1][safepoint    ] Safepoint "RevokeBias", Time since last: 31409 ns, Reaching safepoint: 84008 ns, At safepoint: 27637 ns, Total: 111645 ns
[2020-09-11T12:03:46.352+0000][1][safepoint    ] Safepoint "RevokeBias", Time since last: 30359 ns, Reaching safepoint: 83544 ns, At safepoint: 27551 ns, Total: 111095 ns
[2020-09-11T12:03:46.352+0000][1][safepoint    ] Safepoint "RevokeBias", Time since last: 33393 ns, Reaching safepoint: 82968 ns, At safepoint: 25252 ns, Total: 108220 ns
[2020-09-11T12:03:46.352+0000][1][safepoint    ] Safepoint "BulkRevokeBias", Time since last: 29563 ns, Reaching safepoint: 95261 ns, At safepoint: 65005 ns, Total: 160266 ns
[2020-09-11T12:03:46.353+0000][1][safepoint    ] Safepoint "RevokeBias", Time since last: 75947 ns, Reaching safepoint: 84781 ns, At safepoint: 25821 ns, Total: 110602 ns
[2020-09-11T12:03:46.353+0000][1][safepoint    ] Safepoint "RevokeBias", Time since last: 40717 ns, Reaching safepoint: 83745 ns, At safepoint: 22573 ns, Total: 106318 ns
[2020-09-11T12:03:46.360+0000][1][safepoint    ] Safepoint "RevokeBias", Time since last: 7126594 ns, Reaching safepoint: 239474 ns, At safepoint: 15059 ns, Total: 254533 ns
[2020-09-11T12:03:46.360+0000][1][safepoint    ] Safepoint "RevokeBias", Time since last: 64044 ns, Reaching safepoint: 81324 ns, At safepoint: 20944 ns, Total: 102268 ns
[2020-09-11T12:03:46.360+0000][1][safepoint    ] Safepoint "RevokeBias", Time since last: 60236 ns, Reaching safepoint: 81576 ns, At safepoint: 10264 ns, Total: 91840 ns
[2020-09-11T12:03:46.364+0000][1][safepoint    ] Safepoint "RevokeBias", Time since last: 3055126 ns, Reaching safepoint: 373706 ns, At safepoint: 28941 ns, Total: 402647 ns
[2020-09-11T12:03:46.365+0000][1][safepoint    ] Safepoint "RevokeBias", Time since last: 591304 ns, Reaching safepoint: 89277 ns, At safepoint: 24158 ns, Total: 113435 ns
[2020-09-11T12:03:46.365+0000][1][safepoint    ] Safepoint "RevokeBias", Time since last: 35652 ns, Reaching safepoint: 82652 ns, At safepoint: 19769 ns, Total: 102421 ns
[2020-09-11T12:03:46.365+0000][1][safepoint    ] Safepoint "RevokeBias", Time since last: 32485 ns, Reaching safepoint: 81870 ns, At safepoint: 18733 ns, Total: 100603 ns
[2020-09-11T12:03:46.365+0000][1][safepoint    ] Safepoint "RevokeBias", Time since last: 30966 ns, Reaching safepoint: 82334 ns, At safepoint: 23874 ns, Total: 106208 ns
[2020-09-11T12:03:46.369+0000][1][safepoint    ] Safepoint "RevokeBias", Time since last: 30582 ns, Reaching safepoint: 3470113 ns, At safepoint: 41646 ns, Total: 3511759 ns
[2020-09-11T12:03:46.369+0000][1][safepoint    ] Safepoint "RevokeBias", Time since last: 64634 ns, Reaching safepoint: 83432 ns, At safepoint: 20636 ns, Total: 104068 ns
[2020-09-11T12:03:46.369+0000][1][safepoint    ] Safepoint "RevokeBias", Time since last: 45592 ns, Reaching safepoint: 81275 ns, At safepoint: 19705 ns, Total: 100980 ns
[2020-09-11T12:03:46.369+0000][1][safepoint    ] Safepoint "RevokeBias", Time since last: 33497 ns, Reaching safepoint: 80787 ns, At safepoint: 18965 ns, Total: 99752 ns
[2020-09-11T12:03:46.369+0000][1][safepoint    ] Safepoint "RevokeBias", Time since last: 30048 ns, Reaching safepoint: 81804 ns, At safepoint: 26507 ns, Total: 108311 ns
[2020-09-11T12:03:46.369+0000][1][safepoint    ] Safepoint "RevokeBias", Time since last: 29549 ns, Reaching safepoint: 80897 ns, At safepoint: 32836 ns, Total: 113733 ns
[2020-09-11T12:03:46.369+0000][1][safepoint    ] Safepoint "RevokeBias", Time since last: 30138 ns, Reaching safepoint: 81206 ns, At safepoint: 19575 ns, Total: 100781 ns
[2020-09-11T12:03:46.370+0000][1][safepoint    ] Safepoint "RevokeBias", Time since last: 27083 ns, Reaching safepoint: 79645 ns, At safepoint: 19384 ns, Total: 99029 ns
[2020-09-11T12:03:46.370+0000][1][safepoint    ] Safepoint "RevokeBias", Time since last: 27179 ns, Reaching safepoint: 79593 ns, At safepoint: 18879 ns, Total: 98472 ns
[2020-09-11T12:03:46.371+0000][1][safepoint    ] Safepoint "RevokeBias", Time since last: 26424 ns, Reaching safepoint: 1717542 ns, At safepoint: 28939 ns, Total: 1746481 ns
[2020-09-11T12:03:46.372+0000][1][safepoint    ] Safepoint "RevokeBias", Time since last: 55515 ns, Reaching safepoint: 82529 ns, At safepoint: 27785 ns, Total: 110314 ns
[2020-09-11T12:03:46.372+0000][1][safepoint    ] Safepoint "RevokeBias", Time since last: 30090 ns, Reaching safepoint: 80437 ns, At safepoint: 19799 ns, Total: 100236 ns
[2020-09-11T12:03:46.372+0000][1][safepoint    ] Safepoint "BulkRevokeBias", Time since last: 29118 ns, Reaching safepoint: 81163 ns, At safepoint: 69121 ns, Total: 150284 ns
[2020-09-11T12:03:46.372+0000][1][safepoint    ] Safepoint "RevokeBias", Time since last: 208864 ns, Reaching safepoint: 83463 ns, At safepoint: 26093 ns, Total: 109556 ns
[2020-09-11T12:03:46.372+0000][1][safepoint    ] Safepoint "RevokeBias", Time since last: 45515 ns, Reaching safepoint: 81045 ns, At safepoint: 21676 ns, Total: 102721 ns
[2020-09-11T12:03:46.373+0000][1][safepoint    ] Safepoint "RevokeBias", Time since last: 68570 ns, Reaching safepoint: 82489 ns, At safepoint: 18717 ns, Total: 101206 ns
[2020-09-11T12:03:46.373+0000][1][safepoint    ] Safepoint "RevokeBias", Time since last: 38592 ns, Reaching safepoint: 82272 ns, At safepoint: 18776 ns, Total: 101048 ns
[2020-09-11T12:03:46.373+0000][1][safepoint    ] Safepoint "RevokeBias", Time since last: 111836 ns, Reaching safepoint: 81877 ns, At safepoint: 18801 ns, Total: 100678 ns
[2020-09-11T12:03:46.376+0000][1][safepoint    ] Safepoint "RevokeBias", Time since last: 2488550 ns, Reaching safepoint: 95934 ns, At safepoint: 32556 ns, Total: 128490 ns
[2020-09-11T12:03:46.377+0000][1][safepoint    ] Safepoint "RevokeBias", Time since last: 1291737 ns, Reaching safepoint: 22192 ns, At safepoint: 22148 ns, Total: 44340 ns
[2020-09-11T12:03:46.377+0000][1][safepoint    ] Safepoint "RevokeBias", Time since last: 148125 ns, Reaching safepoint: 13720 ns, At safepoint: 17319 ns, Total: 31039 ns
[2020-09-11T12:03:46.384+0000][1][safepoint    ] Safepoint "RevokeBias", Time since last: 6421526 ns, Reaching safepoint: 768452 ns, At safepoint: 25338 ns, Total: 793790 ns
[2020-09-11T12:03:46.384+0000][1][safepoint    ] Safepoint "RevokeBias", Time since last: 58298 ns, Reaching safepoint: 80776 ns, At safepoint: 20239 ns, Total: 101015 ns
[2020-09-11T12:03:46.385+0000][1][safepoint    ] Safepoint "RevokeBias", Time since last: 27921 ns, Reaching safepoint: 80079 ns, At safepoint: 18466 ns, Total: 98545 ns
[2020-09-11T12:03:46.385+0000][1][safepoint    ] Safepoint "RevokeBias", Time since last: 222621 ns, Reaching safepoint: 82448 ns, At safepoint: 26628 ns, Total: 109076 ns
[2020-09-11T12:03:46.385+0000][1][safepoint    ] Safepoint "RevokeBias", Time since last: 116427 ns, Reaching safepoint: 82608 ns, At safepoint: 22638 ns, Total: 105246 ns
[2020-09-11T12:03:46.387+0000][1][safepoint    ] Safepoint "RevokeBias", Time since last: 1830209 ns, Reaching safepoint: 89282 ns, At safepoint: 25050 ns, Total: 114332 ns
[2020-09-11T12:03:46.389+0000][1][safepoint    ] Safepoint "RevokeBias", Time since last: 1717486 ns, Reaching safepoint: 95778 ns, At safepoint: 26391 ns, Total: 122169 ns
[2020-09-11T12:03:46.389+0000][1][safepoint    ] Safepoint "BulkRevokeBias", Time since last: 99611 ns, Reaching safepoint: 81373 ns, At safepoint: 57678 ns, Total: 139051 ns
[2020-09-11T12:03:46.408+0000][1][safepoint    ] Safepoint "RevokeBias", Time since last: 18295352 ns, Reaching safepoint: 116626 ns, At safepoint: 36621 ns, Total: 153247 ns
[2020-09-11T12:03:46.409+0000][1][safepoint    ] Safepoint "RevokeBias", Time since last: 1245183 ns, Reaching safepoint: 92667 ns, At safepoint: 32602 ns, Total: 125269 ns
[2020-09-11T12:03:46.417+0000][1][safepoint    ] Safepoint "RevokeBias", Time since last: 6998798 ns, Reaching safepoint: 719403 ns, At safepoint: 34525 ns, Total: 753928 ns
[2020-09-11T12:03:46.417+0000][1][safepoint    ] Safepoint "RevokeBias", Time since last: 57674 ns, Reaching safepoint: 84294 ns, At safepoint: 25225 ns, Total: 109519 ns
[2020-09-11T12:03:46.417+0000][1][safepoint    ] Safepoint "RevokeBias", Time since last: 30790 ns, Reaching safepoint: 83661 ns, At safepoint: 21128 ns, Total: 104789 ns
[2020-09-11T12:03:46.417+0000][1][safepoint    ] Safepoint "RevokeBias", Time since last: 38321 ns, Reaching safepoint: 83656 ns, At safepoint: 20373 ns, Total: 104029 ns
[2020-09-11T12:03:46.417+0000][1][safepoint    ] Safepoint "RevokeBias", Time since last: 32810 ns, Reaching safepoint: 84663 ns, At safepoint: 22892 ns, Total: 107555 ns
[2020-09-11T12:03:46.417+0000][1][safepoint    ] Safepoint "RevokeBias", Time since last: 33138 ns, Reaching safepoint: 84144 ns, At safepoint: 21854 ns, Total: 105998 ns
[2020-09-11T12:03:46.800+0000][1][safepoint    ] Safepoint "RevokeBias", Time since last: 382567853 ns, Reaching safepoint: 133937 ns, At safepoint: 18376 ns, Total: 152313 ns
[2020-09-11T12:03:46.800+0000][1][safepoint    ] Safepoint "RevokeBias", Time since last: 167553 ns, Reaching safepoint: 107373 ns, At safepoint: 12290 ns, Total: 119663 ns
[2020-09-11T12:03:46.801+0000][1][safepoint    ] Safepoint "BulkRevokeBias", Time since last: 218175 ns, Reaching safepoint: 101447 ns, At safepoint: 112833 ns, Total: 214280 ns
[2020-09-11T12:03:47.265+0000][1][gc,start     ] GC(61) Pause Young (Allocation Failure)
[2020-09-11T12:03:47.265+0000][1][gc,task      ] GC(61) Using 1 workers of 1 for evacuation
[2020-09-11T12:03:47.325+0000][1][gc,age       ] GC(61) Desired survivor size 4358144 bytes, new threshold 2 (max threshold 6)
[2020-09-11T12:03:47.325+0000][1][gc,age       ] GC(61) Age table with threshold 2 (max threshold 6)
[2020-09-11T12:03:47.325+0000][1][gc,age       ] GC(61) - age   1:    2283696 bytes,    2283696 total
[2020-09-11T12:03:47.325+0000][1][gc,age       ] GC(61) - age   2:    2638744 bytes,    4922440 total
[2020-09-11T12:03:47.325+0000][1][gc,heap      ] GC(61) ParNew: 76672K->6123K(76672K)
[2020-09-11T12:03:47.325+0000][1][gc,heap      ] GC(61) CMS: 50106K->54044K(439104K)
[2020-09-11T12:03:47.325+0000][1][gc,metaspace ] GC(61) Metaspace: 52413K->52413K(1097728K)
[2020-09-11T12:03:47.325+0000][1][gc           ] GC(61) Pause Young (Allocation Failure) 123M->58M(503M) 59.919ms
[2020-09-11T12:03:47.325+0000][1][gc,cpu       ] GC(61) User=0.04s Sys=0.00s Real=0.06s
[2020-09-11T12:03:47.331+0000][1][safepoint    ] Safepoint "GenCollectForAllocation", Time since last: 463833354 ns, Reaching safepoint: 130850 ns, At safepoint: 65945921 ns, Total: 66076771 ns
[2020-09-11T12:03:48.301+0000][1][safepoint    ] Safepoint "CollectForMetadataAllocation", Time since last: 969198336 ns, Reaching safepoint: 577970 ns, At safepoint: 129790 ns, Total: 707760 ns
[2020-09-11T12:03:48.324+0000][1][gc,start     ] GC(62) Pause Young (Allocation Failure)
[2020-09-11T12:03:48.324+0000][1][gc,task      ] GC(62) Using 1 workers of 1 for evacuation
[2020-09-11T12:03:48.358+0000][1][gc,age       ] GC(62) Desired survivor size 4358144 bytes, new threshold 6 (max threshold 6)
[2020-09-11T12:03:48.358+0000][1][gc,age       ] GC(62) Age table with threshold 6 (max threshold 6)
[2020-09-11T12:03:48.358+0000][1][gc,age       ] GC(62) - age   1:    1446360 bytes,    1446360 total
[2020-09-11T12:03:48.358+0000][1][gc,age       ] GC(62) - age   2:    2234744 bytes,    3681104 total
[2020-09-11T12:03:48.358+0000][1][gc,heap      ] GC(62) ParNew: 74283K->5136K(76672K)
[2020-09-11T12:03:48.358+0000][1][gc,heap      ] GC(62) CMS: 54044K->56730K(439104K)
[2020-09-11T12:03:48.358+0000][1][gc,metaspace ] GC(62) Metaspace: 59987K->59987K(1103872K)
[2020-09-11T12:03:48.358+0000][1][gc           ] GC(62) Pause Young (Allocation Failure) 125M->60M(503M) 34.863ms
[2020-09-11T12:03:48.358+0000][1][gc,cpu       ] GC(62) User=0.04s Sys=0.00s Real=0.03s
[2020-09-11T12:03:48.363+0000][1][safepoint    ] Safepoint "GenCollectForAllocation", Time since last: 22751001 ns, Reaching safepoint: 106749 ns, At safepoint: 39889535 ns, Total: 39996284 ns
[2020-09-11T12:03:48.372+0000][1][gc,start     ] GC(63) Pause Initial Mark
[2020-09-11T12:03:48.378+0000][1][gc           ] GC(63) Pause Initial Mark 61M->61M(503M) 6.150ms
[2020-09-11T12:03:48.378+0000][1][gc,cpu       ] GC(63) User=0.01s Sys=0.00s Real=0.01s
[2020-09-11T12:03:48.386+0000][1][safepoint    ] Safepoint "CMS_Initial_Mark", Time since last: 8271050 ns, Reaching safepoint: 97748 ns, At safepoint: 14621240 ns, Total: 14718988 ns
[2020-09-11T12:03:48.386+0000][1][gc           ] GC(63) Concurrent Mark
[2020-09-11T12:03:48.468+0000][1][safepoint    ] Safepoint "CollectForMetadataAllocation", Time since last: 78775355 ns, Reaching safepoint: 3031886 ns, At safepoint: 134725 ns, Total: 3166611 ns
[2020-09-11T12:03:48.494+0000][1][safepoint    ] Safepoint "CollectForMetadataAllocation", Time since last: 23262696 ns, Reaching safepoint: 1948842 ns, At safepoint: 118969 ns, Total: 2067811 ns
[2020-09-11T12:03:48.542+0000][1][gc           ] GC(63) Concurrent Mark 155.874ms
[2020-09-11T12:03:48.542+0000][1][gc,cpu       ] GC(63) User=0.16s Sys=0.00s Real=0.15s
[2020-09-11T12:03:48.542+0000][1][gc           ] GC(63) Concurrent Preclean
[2020-09-11T12:03:48.559+0000][1][gc           ] GC(63) Concurrent Preclean 16.277ms
[2020-09-11T12:03:48.559+0000][1][gc,cpu       ] GC(63) User=0.01s Sys=0.00s Real=0.02s
[2020-09-11T12:03:48.559+0000][1][gc           ] GC(63) Concurrent Abortable Preclean
[2020-09-11T12:03:48.592+0000][1][safepoint    ] Safepoint "CollectForMetadataAllocation", Time since last: 97732937 ns, Reaching safepoint: 68286 ns, At safepoint: 124717 ns, Total: 193003 ns
[2020-09-11T12:03:48.640+0000][1][safepoint    ] Safepoint "CollectForMetadataAllocation", Time since last: 47792478 ns, Reaching safepoint: 64935 ns, At safepoint: 123748 ns, Total: 188683 ns
[2020-09-11T12:03:48.733+0000][1][safepoint    ] Safepoint "CollectForMetadataAllocation", Time since last: 92678744 ns, Reaching safepoint: 164125 ns, At safepoint: 110693 ns, Total: 274818 ns
[2020-09-11T12:03:48.797+0000][1][safepoint    ] Safepoint "CollectForMetadataAllocation", Time since last: 63860908 ns, Reaching safepoint: 56046 ns, At safepoint: 108496 ns, Total: 164542 ns
[2020-09-11T12:03:48.963+0000][1][safepoint    ] Safepoint "CollectForMetadataAllocation", Time since last: 162140607 ns, Reaching safepoint: 4108312 ns, At safepoint: 108077 ns, Total: 4216389 ns
[2020-09-11T12:03:49.012+0000][1][safepoint    ] Safepoint "CollectForMetadataAllocation", Time since last: 48503977 ns, Reaching safepoint: 59080 ns, At safepoint: 77740 ns, Total: 136820 ns
[2020-09-11T12:03:49.164+0000][1][safepoint    ] Safepoint "CollectForMetadataAllocation", Time since last: 151855481 ns, Reaching safepoint: 129136 ns, At safepoint: 115627 ns, Total: 244763 ns
[2020-09-11T12:03:49.280+0000][1][safepoint    ] Safepoint "Deoptimize", Time since last: 111908051 ns, Reaching safepoint: 3863141 ns, At safepoint: 323585 ns, Total: 4186726 ns
[2020-09-11T12:03:49.289+0000][1][safepoint    ] Safepoint "CollectForMetadataAllocation", Time since last: 9214129 ns, Reaching safepoint: 103116 ns, At safepoint: 108067 ns, Total: 211183 ns
[2020-09-11T12:03:49.289+0000][1][gc           ] GC(63) Concurrent Abortable Preclean 730.474ms
[2020-09-11T12:03:49.289+0000][1][gc,cpu       ] GC(63) User=0.70s Sys=0.02s Real=0.73s
[2020-09-11T12:03:49.289+0000][1][gc,start     ] GC(63) Pause Remark
[2020-09-11T12:03:49.326+0000][1][gc           ] GC(63) Pause Remark 94M->94M(503M) 36.791ms
[2020-09-11T12:03:49.326+0000][1][gc,cpu       ] GC(63) User=0.03s Sys=0.00s Real=0.04s
[2020-09-11T12:03:49.337+0000][1][safepoint    ] Safepoint "CMS_Final_Remark", Time since last: 80259 ns, Reaching safepoint: 168877 ns, At safepoint: 47603984 ns, Total: 47772861 ns
[2020-09-11T12:03:49.337+0000][1][gc           ] GC(63) Concurrent Sweep
[2020-09-11T12:03:49.375+0000][1][gc           ] GC(63) Concurrent Sweep 37.962ms
[2020-09-11T12:03:49.375+0000][1][gc,cpu       ] GC(63) User=0.04s Sys=0.00s Real=0.03s
[2020-09-11T12:03:49.375+0000][1][gc           ] GC(63) Concurrent Reset
[2020-09-11T12:03:49.376+0000][1][gc           ] GC(63) Concurrent Reset 0.627ms
[2020-09-11T12:03:49.376+0000][1][gc,cpu       ] GC(63) User=0.00s Sys=0.00s Real=0.01s
[2020-09-11T12:03:49.376+0000][1][gc,heap      ] GC(63) Old: 56730K->55783K(439104K)
[2020-09-11T12:03:49.982+0000][1][safepoint    ] Safepoint "RevokeBias", Time since last: 644199331 ns, Reaching safepoint: 734298 ns, At safepoint: 19812 ns, Total: 754110 ns
[2020-09-11T12:03:49.982+0000][1][safepoint    ] Safepoint "RevokeBias", Time since last: 435362 ns, Reaching safepoint: 17647 ns, At safepoint: 8694 ns, Total: 26341 ns
[2020-09-11T12:03:50.124+0000][1][gc,start     ] GC(64) Pause Young (Allocation Failure)
[2020-09-11T12:03:50.124+0000][1][gc,task      ] GC(64) Using 1 workers of 1 for evacuation
[2020-09-11T12:03:50.148+0000][1][gc,age       ] GC(64) Desired survivor size 4358144 bytes, new threshold 2 (max threshold 6)
[2020-09-11T12:03:50.148+0000][1][gc,age       ] GC(64) Age table with threshold 2 (max threshold 6)
[2020-09-11T12:03:50.148+0000][1][gc,age       ] GC(64) - age   1:    3571384 bytes,    3571384 total
[2020-09-11T12:03:50.148+0000][1][gc,age       ] GC(64) - age   2:    1349544 bytes,    4920928 total
[2020-09-11T12:03:50.148+0000][1][gc,age       ] GC(64) - age   3:    2208888 bytes,    7129816 total
[2020-09-11T12:03:50.148+0000][1][gc,heap      ] GC(64) ParNew: 73296K->7960K(76672K)
[2020-09-11T12:03:50.148+0000][1][gc,heap      ] GC(64) CMS: 55783K->55783K(439104K)
[2020-09-11T12:03:50.148+0000][1][gc,metaspace ] GC(64) Metaspace: 66255K->66255K(1110016K)
[2020-09-11T12:03:50.148+0000][1][gc           ] GC(64) Pause Young (Allocation Failure) 126M->62M(503M) 24.637ms
[2020-09-11T12:03:50.148+0000][1][gc,cpu       ] GC(64) User=0.03s Sys=0.00s Real=0.02s
[2020-09-11T12:03:50.153+0000][1][safepoint    ] Safepoint "GenCollectForAllocation", Time since last: 140990645 ns, Reaching safepoint: 114403 ns, At safepoint: 29253904 ns, Total: 29368307 ns
[2020-09-11T12:03:50.354+0000][1][safepoint    ] Safepoint "Deoptimize", Time since last: 200749382 ns, Reaching safepoint: 159197 ns, At safepoint: 363778 ns, Total: 522975 ns
[2020-09-11T12:03:50.361+0000][1][safepoint    ] Safepoint "Deoptimize", Time since last: 5959860 ns, Reaching safepoint: 141367 ns, At safepoint: 367824 ns, Total: 509191 ns
[2020-09-11T12:03:50.466+0000][1][safepoint    ] Safepoint "RevokeBias", Time since last: 105387444 ns, Reaching safepoint: 114526 ns, At safepoint: 22775 ns, Total: 137301 ns
[2020-09-11T12:03:50.467+0000][1][safepoint    ] Safepoint "RevokeBias", Time since last: 403342 ns, Reaching safepoint: 90848 ns, At safepoint: 19984 ns, Total: 110832 ns
[2020-09-11T12:03:50.471+0000][1][safepoint    ] Safepoint "RevokeBias", Time since last: 4330937 ns, Reaching safepoint: 132076 ns, At safepoint: 22831 ns, Total: 154907 ns
[2020-09-11T12:03:50.472+0000][1][safepoint    ] Safepoint "RevokeBias", Time since last: 590414 ns, Reaching safepoint: 94585 ns, At safepoint: 20480 ns, Total: 115065 ns
[2020-09-11T12:03:50.472+0000][1][safepoint    ] Safepoint "RevokeBias", Time since last: 57347 ns, Reaching safepoint: 17371 ns, At safepoint: 16667 ns, Total: 34038 ns
[2020-09-11T12:03:50.472+0000][1][safepoint    ] Safepoint "RevokeBias", Time since last: 157508 ns, Reaching safepoint: 17939 ns, At safepoint: 16689 ns, Total: 34628 ns
[2020-09-11T12:03:50.472+0000][1][safepoint    ] Safepoint "RevokeBias", Time since last: 187602 ns, Reaching safepoint: 13388 ns, At safepoint: 16291 ns, Total: 29679 ns
[2020-09-11T12:03:50.473+0000][1][safepoint    ] Safepoint "RevokeBias", Time since last: 170903 ns, Reaching safepoint: 17878 ns, At safepoint: 26243 ns, Total: 44121 ns
[2020-09-11T12:03:50.473+0000][1][safepoint    ] Safepoint "RevokeBias", Time since last: 33705 ns, Reaching safepoint: 13588 ns, At safepoint: 14924 ns, Total: 28512 ns
[2020-09-11T12:03:50.473+0000][1][safepoint    ] Safepoint "RevokeBias", Time since last: 462713 ns, Reaching safepoint: 12655 ns, At safepoint: 16529 ns, Total: 29184 ns
[2020-09-11T12:03:50.474+0000][1][safepoint    ] Safepoint "RevokeBias", Time since last: 834364 ns, Reaching safepoint: 87904 ns, At safepoint: 16755 ns, Total: 104659 ns
[2020-09-11T12:03:50.474+0000][1][safepoint    ] Safepoint "RevokeBias", Time since last: 75704 ns, Reaching safepoint: 86360 ns, At safepoint: 17915 ns, Total: 104275 ns
[2020-09-11T12:03:50.480+0000][1][safepoint    ] Safepoint "RevokeBias", Time since last: 5485395 ns, Reaching safepoint: 100586 ns, At safepoint: 25568 ns, Total: 126154 ns
[2020-09-11T12:03:50.480+0000][1][safepoint    ] Safepoint "RevokeBias", Time since last: 101405 ns, Reaching safepoint: 89335 ns, At safepoint: 21925 ns, Total: 111260 ns
[2020-09-11T12:03:50.480+0000][1][safepoint    ] Safepoint "RevokeBias", Time since last: 61627 ns, Reaching safepoint: 83997 ns, At safepoint: 18949 ns, Total: 102946 ns
[2020-09-11T12:03:50.480+0000][1][safepoint    ] Safepoint "RevokeBias", Time since last: 173041 ns, Reaching safepoint: 84405 ns, At safepoint: 36832 ns, Total: 121237 ns
[2020-09-11T12:03:50.481+0000][1][safepoint    ] Safepoint "RevokeBias", Time since last: 64878 ns, Reaching safepoint: 83163 ns, At safepoint: 18766 ns, Total: 101929 ns
[2020-09-11T12:03:50.482+0000][1][safepoint    ] Safepoint "RevokeBias", Time since last: 1019797 ns, Reaching safepoint: 85319 ns, At safepoint: 18924 ns, Total: 104243 ns
[2020-09-11T12:03:50.482+0000][1][safepoint    ] Safepoint "RevokeBias", Time since last: 55095 ns, Reaching safepoint: 82644 ns, At safepoint: 18618 ns, Total: 101262 ns
[2020-09-11T12:03:50.482+0000][1][safepoint    ] Safepoint "RevokeBias", Time since last: 77786 ns, Reaching safepoint: 82406 ns, At safepoint: 19866 ns, Total: 102272 ns
[2020-09-11T12:03:50.482+0000][1][safepoint    ] Safepoint "RevokeBias", Time since last: 55098 ns, Reaching safepoint: 81076 ns, At safepoint: 17861 ns, Total: 98937 ns
[2020-09-11T12:03:50.486+0000][1][safepoint    ] Safepoint "Deoptimize", Time since last: 2859285 ns, Reaching safepoint: 97284 ns, At safepoint: 432430 ns, Total: 529714 ns
[2020-09-11T12:03:50.487+0000][1][safepoint    ] Safepoint "RevokeBias", Time since last: 1130258 ns, Reaching safepoint: 89215 ns, At safepoint: 21951 ns, Total: 111166 ns
[2020-09-11T12:03:50.487+0000][1][safepoint    ] Safepoint "RevokeBias", Time since last: 59640 ns, Reaching safepoint: 82785 ns, At safepoint: 19889 ns, Total: 102674 ns
[2020-09-11T12:03:50.487+0000][1][safepoint    ] Safepoint "RevokeBias", Time since last: 79450 ns, Reaching safepoint: 82689 ns, At safepoint: 18079 ns, Total: 100768 ns
[2020-09-11T12:03:50.487+0000][1][safepoint    ] Safepoint "RevokeBias", Time since last: 56536 ns, Reaching safepoint: 81386 ns, At safepoint: 17679 ns, Total: 99065 ns
[2020-09-11T12:03:50.489+0000][1][safepoint    ] Safepoint "RevokeBias", Time since last: 1272501 ns, Reaching safepoint: 85440 ns, At safepoint: 20358 ns, Total: 105798 ns
[2020-09-11T12:03:50.489+0000][1][safepoint    ] Safepoint "RevokeBias", Time since last: 51181 ns, Reaching safepoint: 107314 ns, At safepoint: 19581 ns, Total: 126895 ns
[2020-09-11T12:03:50.489+0000][1][safepoint    ] Safepoint "RevokeBias", Time since last: 91393 ns, Reaching safepoint: 81677 ns, At safepoint: 18849 ns, Total: 100526 ns
[2020-09-11T12:03:50.491+0000][1][safepoint    ] Safepoint "RevokeBias", Time since last: 1759089 ns, Reaching safepoint: 86240 ns, At safepoint: 18916 ns, Total: 105156 ns
[2020-09-11T12:03:50.491+0000][1][safepoint    ] Safepoint "RevokeBias", Time since last: 54992 ns, Reaching safepoint: 81910 ns, At safepoint: 16327 ns, Total: 98237 ns
[2020-09-11T12:03:50.491+0000][1][safepoint    ] Safepoint "RevokeBias", Time since last: 73232 ns, Reaching safepoint: 81680 ns, At safepoint: 20504 ns, Total: 102184 ns
[2020-09-11T12:03:50.491+0000][1][safepoint    ] Safepoint "RevokeBias", Time since last: 54822 ns, Reaching safepoint: 79972 ns, At safepoint: 16464 ns, Total: 96436 ns
[2020-09-11T12:03:50.755+0000][1][safepoint    ] Safepoint "RevokeBias", Time since last: 262856553 ns, Reaching safepoint: 179116 ns, At safepoint: 33497 ns, Total: 212613 ns
[2020-09-11T12:03:50.770+0000][1][safepoint    ] Safepoint "RevokeBias", Time since last: 12107065 ns, Reaching safepoint: 2851942 ns, At safepoint: 25994 ns, Total: 2877936 ns
[2020-09-11T12:03:50.770+0000][1][safepoint    ] Safepoint "RevokeBias", Time since last: 186226 ns, Reaching safepoint: 132071 ns, At safepoint: 18448 ns, Total: 150519 ns
[2020-09-11T12:03:50.770+0000][1][safepoint    ] Safepoint "RevokeBias", Time since last: 128206 ns, Reaching safepoint: 103068 ns, At safepoint: 17539 ns, Total: 120607 ns
[2020-09-11T12:03:50.770+0000][1][safepoint    ] Safepoint "RevokeBias", Time since last: 136945 ns, Reaching safepoint: 143141 ns, At safepoint: 17247 ns, Total: 160388 ns
[2020-09-11T12:03:50.771+0000][1][safepoint    ] Safepoint "RevokeBias", Time since last: 71591 ns, Reaching safepoint: 134020 ns, At safepoint: 16430 ns, Total: 150450 ns
[2020-09-11T12:03:50.772+0000][1][safepoint    ] Safepoint "RevokeBias", Time since last: 1494584 ns, Reaching safepoint: 112123 ns, At safepoint: 16747 ns, Total: 128870 ns
[2020-09-11T12:03:50.776+0000][1][safepoint    ] Safepoint "RevokeBias", Time since last: 3161327 ns, Reaching safepoint: 145266 ns, At safepoint: 23104 ns, Total: 168370 ns
[2020-09-11T12:03:50.776+0000][1][safepoint    ] Safepoint "RevokeBias", Time since last: 279604 ns, Reaching safepoint: 136445 ns, At safepoint: 18119 ns, Total: 154564 ns
[2020-09-11T12:03:50.783+0000][1][safepoint    ] Safepoint "RevokeBias", Time since last: 7028744 ns, Reaching safepoint: 158318 ns, At safepoint: 22600 ns, Total: 180918 ns
[2020-09-11T12:03:50.785+0000][1][safepoint    ] Safepoint "RevokeBias", Time since last: 1474374 ns, Reaching safepoint: 139914 ns, At safepoint: 15922 ns, Total: 155836 ns
[2020-09-11T12:03:50.785+0000][1][safepoint    ] Safepoint "RevokeBias", Time since last: 123153 ns, Reaching safepoint: 101272 ns, At safepoint: 13805 ns, Total: 115077 ns
[2020-09-11T12:03:50.785+0000][1][safepoint    ] Safepoint "BulkRevokeBias", Time since last: 84743 ns, Reaching safepoint: 138834 ns, At safepoint: 99844 ns, Total: 238678 ns
[2020-09-11T12:03:50.787+0000][1][safepoint    ] Safepoint "RevokeBias", Time since last: 1516719 ns, Reaching safepoint: 139471 ns, At safepoint: 17437 ns, Total: 156908 ns
[2020-09-11T12:03:51.289+0000][1][safepoint    ] Safepoint "RevokeBias", Time since last: 501567895 ns, Reaching safepoint: 76706 ns, At safepoint: 43570 ns, Total: 120276 ns
[2020-09-11T12:03:51.289+0000][1][safepoint    ] Safepoint "RevokeBias", Time since last: 160369 ns, Reaching safepoint: 33888 ns, At safepoint: 30707 ns, Total: 64595 ns
[2020-09-11T12:03:51.289+0000][1][safepoint    ] Safepoint "RevokeBias", Time since last: 101293 ns, Reaching safepoint: 31662 ns, At safepoint: 29381 ns, Total: 61043 ns
[2020-09-11T12:03:51.289+0000][1][safepoint    ] Safepoint "RevokeBias", Time since last: 96178 ns, Reaching safepoint: 31359 ns, At safepoint: 28906 ns, Total: 60265 ns
[2020-09-11T12:03:51.289+0000][1][safepoint    ] Safepoint "RevokeBias", Time since last: 95503 ns, Reaching safepoint: 31362 ns, At safepoint: 28292 ns, Total: 59654 ns
[2020-09-11T12:03:51.290+0000][1][safepoint    ] Safepoint "RevokeBias", Time since last: 127797 ns, Reaching safepoint: 31846 ns, At safepoint: 30340 ns, Total: 62186 ns
[2020-09-11T12:03:51.290+0000][1][safepoint    ] Safepoint "RevokeBias", Time since last: 101019 ns, Reaching safepoint: 31499 ns, At safepoint: 28652 ns, Total: 60151 ns
[2020-09-11T12:03:51.290+0000][1][safepoint    ] Safepoint "RevokeBias", Time since last: 97090 ns, Reaching safepoint: 31435 ns, At safepoint: 28897 ns, Total: 60332 ns
[2020-09-11T12:03:51.741+0000][1][safepoint    ] Safepoint "RevokeBias", Time since last: 450993858 ns, Reaching safepoint: 170074 ns, At safepoint: 37002 ns, Total: 207076 ns
[2020-09-11T12:03:51.758+0000][1][safepoint    ] Safepoint "RevokeBias", Time since last: 16470787 ns, Reaching safepoint: 168711 ns, At safepoint: 32167 ns, Total: 200878 ns
[2020-09-11T12:03:51.759+0000][1][safepoint    ] Safepoint "RevokeBias", Time since last: 864008 ns, Reaching safepoint: 148528 ns, At safepoint: 28569 ns, Total: 177097 ns
[2020-09-11T12:03:51.759+0000][1][safepoint    ] Safepoint "RevokeBias", Time since last: 192265 ns, Reaching safepoint: 141001 ns, At safepoint: 26287 ns, Total: 167288 ns
[2020-09-11T12:03:55.763+0000][1][safepoint    ] Safepoint "Cleanup", Time since last: 4003226860 ns, Reaching safepoint: 234004 ns, At safepoint: 7446 ns, Total: 241450 ns
[2020-09-11T12:03:55.805+0000][1][safepoint    ] Safepoint "RevokeBias", Time since last: 41739063 ns, Reaching safepoint: 28122 ns, At safepoint: 17110 ns, Total: 45232 ns
[2020-09-11T12:03:55.805+0000][1][safepoint    ] Safepoint "RevokeBias", Time since last: 49416 ns, Reaching safepoint: 14582 ns, At safepoint: 10370 ns, Total: 24952 ns
[2020-09-11T12:03:58.805+0000][1][safepoint    ] Safepoint "Cleanup", Time since last: 3000359599 ns, Reaching safepoint: 85971 ns, At safepoint: 6789 ns, Total: 92760 ns
[2020-09-11T12:03:59.761+0000][1][safepoint    ] Safepoint "BulkRevokeBias", Time since last: 956307708 ns, Reaching safepoint: 32209 ns, At safepoint: 100574 ns, Total: 132783 ns
[2020-09-11T12:03:59.763+0000][1][safepoint    ] Safepoint "BulkRevokeBias", Time since last: 1181978 ns, Reaching safepoint: 19050 ns, At safepoint: 107856 ns, Total: 126906 ns
[2020-09-11T12:04:00.763+0000][1][safepoint    ] Safepoint "Cleanup", Time since last: 1000353376 ns, Reaching safepoint: 145899 ns, At safepoint: 8333 ns, Total: 154232 ns
[2020-09-11T12:04:03.764+0000][1][safepoint    ] Safepoint "Cleanup", Time since last: 3000230758 ns, Reaching safepoint: 117406 ns, At safepoint: 8025 ns, Total: 125431 ns
[2020-09-11T12:04:06.766+0000][1][safepoint    ] Safepoint "Cleanup", Time since last: 3002427333 ns, Reaching safepoint: 161053 ns, At safepoint: 8327 ns, Total: 169380 ns
[2020-09-11T12:04:07.767+0000][1][safepoint    ] Safepoint "Cleanup", Time since last: 1000123041 ns, Reaching safepoint: 273292 ns, At safepoint: 20086 ns, Total: 293378 ns
[2020-09-11T12:04:09.765+0000][1][safepoint    ] Safepoint "BulkRevokeBias", Time since last: 1998194080 ns, Reaching safepoint: 34397 ns, At safepoint: 173780 ns, Total: 208177 ns
[2020-09-11T12:04:10.766+0000][1][safepoint    ] Safepoint "Cleanup", Time since last: 1000712876 ns, Reaching safepoint: 198155 ns, At safepoint: 17814 ns, Total: 215969 ns
[2020-09-11T12:04:12.771+0000][1][safepoint    ] Safepoint "Cleanup", Time since last: 2005043132 ns, Reaching safepoint: 43966 ns, At safepoint: 7317 ns, Total: 51283 ns
[2020-09-11T12:04:13.771+0000][1][safepoint    ] Safepoint "Cleanup", Time since last: 1000137048 ns, Reaching safepoint: 201480 ns, At safepoint: 18018 ns, Total: 219498 ns
[2020-09-11T12:04:15.772+0000][1][safepoint    ] Safepoint "Cleanup", Time since last: 2000242398 ns, Reaching safepoint: 174638 ns, At safepoint: 15098 ns, Total: 189736 ns
[2020-09-11T12:04:17.772+0000][1][safepoint    ] Safepoint "Cleanup", Time since last: 2000255518 ns, Reaching safepoint: 83247 ns, At safepoint: 7180 ns, Total: 90427 ns
[2020-09-11T12:04:20.773+0000][1][safepoint    ] Safepoint "Cleanup", Time since last: 3000320428 ns, Reaching safepoint: 170913 ns, At safepoint: 18034 ns, Total: 188947 ns
[2020-09-11T12:04:20.804+0000][1][safepoint    ] Safepoint "RevokeBias", Time since last: 30866833 ns, Reaching safepoint: 161577 ns, At safepoint: 20534 ns, Total: 182111 ns
[2020-09-11T12:04:20.804+0000][1][safepoint    ] Safepoint "RevokeBias", Time since last: 253252 ns, Reaching safepoint: 142915 ns, At safepoint: 16017 ns, Total: 158932 ns
[2020-09-11T12:04:20.806+0000][1][safepoint    ] Safepoint "RevokeBias", Time since last: 1918633 ns, Reaching safepoint: 152121 ns, At safepoint: 17178 ns, Total: 169299 ns
[2020-09-11T12:04:20.807+0000][1][safepoint    ] Safepoint "RevokeBias", Time since last: 130625 ns, Reaching safepoint: 140544 ns, At safepoint: 15214 ns, Total: 155758 ns
[2020-09-11T12:04:20.809+0000][1][safepoint    ] Safepoint "RevokeBias", Time since last: 2735415 ns, Reaching safepoint: 124991 ns, At safepoint: 19210 ns, Total: 144201 ns
[2020-09-11T12:04:20.810+0000][1][safepoint    ] Safepoint "RevokeBias", Time since last: 94852 ns, Reaching safepoint: 128463 ns, At safepoint: 16096 ns, Total: 144559 ns
[2020-09-11T12:04:20.813+0000][1][safepoint    ] Safepoint "RevokeBias", Time since last: 2956247 ns, Reaching safepoint: 154819 ns, At safepoint: 17507 ns, Total: 172326 ns
[2020-09-11T12:04:20.813+0000][1][safepoint    ] Safepoint "RevokeBias", Time since last: 92336 ns, Reaching safepoint: 142396 ns, At safepoint: 15169 ns, Total: 157565 ns
[2020-09-11T12:04:20.814+0000][1][safepoint    ] Safepoint "RevokeBias", Time since last: 496683 ns, Reaching safepoint: 143362 ns, At safepoint: 16087 ns, Total: 159449 ns
[2020-09-11T12:04:20.814+0000][1][safepoint    ] Safepoint "RevokeBias", Time since last: 69960 ns, Reaching safepoint: 139257 ns, At safepoint: 15466 ns, Total: 154723 ns
[2020-09-11T12:04:20.815+0000][1][safepoint    ] Safepoint "RevokeBias", Time since last: 485594 ns, Reaching safepoint: 135885 ns, At safepoint: 16196 ns, Total: 152081 ns
[2020-09-11T12:04:20.815+0000][1][safepoint    ] Safepoint "RevokeBias", Time since last: 82863 ns, Reaching safepoint: 133124 ns, At safepoint: 15224 ns, Total: 148348 ns
[2020-09-11T12:04:21.815+0000][1][safepoint    ] Safepoint "Cleanup", Time since last: 1000170002 ns, Reaching safepoint: 97648 ns, At safepoint: 16424 ns, Total: 114072 ns
[2020-09-11T12:04:24.818+0000][1][safepoint    ] Safepoint "Cleanup", Time since last: 3002786384 ns, Reaching safepoint: 102654 ns, At safepoint: 5980 ns, Total: 108634 ns
[2020-09-11T12:04:25.350+0000][1][gc,start     ] GC(65) Pause Young (Allocation Failure)
[2020-09-11T12:04:25.350+0000][1][gc,task      ] GC(65) Using 1 workers of 1 for evacuation
[2020-09-11T12:04:25.379+0000][1][gc,age       ] GC(65) Desired survivor size 4358144 bytes, new threshold 2 (max threshold 6)
[2020-09-11T12:04:25.379+0000][1][gc,age       ] GC(65) Age table with threshold 2 (max threshold 6)
[2020-09-11T12:04:25.379+0000][1][gc,age       ] GC(65) - age   1:    1384552 bytes,    1384552 total
[2020-09-11T12:04:25.379+0000][1][gc,age       ] GC(65) - age   2:    3503536 bytes,    4888088 total
[2020-09-11T12:04:25.379+0000][1][gc,heap      ] GC(65) ParNew: 76120K->6217K(76672K)
[2020-09-11T12:04:25.379+0000][1][gc,heap      ] GC(65) CMS: 55783K->59284K(439104K)
[2020-09-11T12:04:25.379+0000][1][gc,metaspace ] GC(65) Metaspace: 70889K->70889K(1114112K)
[2020-09-11T12:04:25.379+0000][1][gc           ] GC(65) Pause Young (Allocation Failure) 128M->63M(503M) 29.154ms
[2020-09-11T12:04:25.379+0000][1][gc,cpu       ] GC(65) User=0.03s Sys=0.00s Real=0.03s
[2020-09-11T12:04:25.383+0000][1][safepoint    ] Safepoint "GenCollectForAllocation", Time since last: 531844598 ns, Reaching safepoint: 163040 ns, At safepoint: 32992095 ns, Total: 33155135 ns
[2020-09-11T12:04:27.390+0000][1][safepoint    ] Safepoint "Cleanup", Time since last: 2007135791 ns, Reaching safepoint: 107804 ns, At safepoint: 16131 ns, Total: 123935 ns
[2020-09-11T12:04:28.391+0000][1][safepoint    ] Safepoint "Cleanup", Time since last: 1000218833 ns, Reaching safepoint: 102022 ns, At safepoint: 16808 ns, Total: 118830 ns
[2020-09-11T12:04:30.391+0000][1][safepoint    ] Safepoint "Cleanup", Time since last: 2000282013 ns, Reaching safepoint: 133297 ns, At safepoint: 8227 ns, Total: 141524 ns
[2020-09-11T12:04:31.391+0000][1][safepoint    ] Safepoint "Cleanup", Time since last: 1000169909 ns, Reaching safepoint: 109244 ns, At safepoint: 16571 ns, Total: 125815 ns
[2020-09-11T12:04:32.392+0000][1][safepoint    ] Safepoint "Cleanup", Time since last: 1000280693 ns, Reaching safepoint: 110792 ns, At safepoint: 18115 ns, Total: 128907 ns
[2020-09-11T12:04:36.392+0000][1][safepoint    ] Safepoint "Cleanup", Time since last: 4000603969 ns, Reaching safepoint: 59446 ns, At safepoint: 7447 ns, Total: 66893 ns
[2020-09-11T12:04:39.393+0000][1][safepoint    ] Safepoint "Cleanup", Time since last: 3000501528 ns, Reaching safepoint: 80760 ns, At safepoint: 6965 ns, Total: 87725 ns
[2020-09-11T12:04:41.393+0000][1][safepoint    ] Safepoint "Cleanup", Time since last: 2000360135 ns, Reaching safepoint: 85093 ns, At safepoint: 6520 ns, Total: 91613 ns
[2020-09-11T12:04:51.396+0000][1][safepoint    ] Safepoint "Cleanup", Time since last: 10002164386 ns, Reaching safepoint: 107373 ns, At safepoint: 17176 ns, Total: 124549 ns
[2020-09-11T12:04:52.396+0000][1][safepoint    ] Safepoint "Cleanup", Time since last: 1000216930 ns, Reaching safepoint: 108904 ns, At safepoint: 17423 ns, Total: 126327 ns
[2020-09-11T12:04:56.397+0000][1][safepoint    ] Safepoint "Cleanup", Time since last: 4000649016 ns, Reaching safepoint: 82010 ns, At safepoint: 7157 ns, Total: 89167 ns
[2020-09-11T12:04:58.397+0000][1][safepoint    ] Safepoint "Cleanup", Time since last: 2000293120 ns, Reaching safepoint: 95718 ns, At safepoint: 6967 ns, Total: 102685 ns
[2020-09-11T12:05:01.398+0000][1][safepoint    ] Safepoint "Cleanup", Time since last: 3000499604 ns, Reaching safepoint: 114309 ns, At safepoint: 16601 ns, Total: 130910 ns
[2020-09-11T12:05:02.398+0000][1][safepoint    ] Safepoint "Cleanup", Time since last: 1000237647 ns, Reaching safepoint: 111954 ns, At safepoint: 16896 ns, Total: 128850 ns
[2020-09-11T12:05:03.399+0000][1][safepoint    ] Safepoint "Cleanup", Time since last: 1000234837 ns, Reaching safepoint: 102625 ns, At safepoint: 16365 ns, Total: 118990 ns
[2020-09-11T12:05:04.399+0000][1][safepoint    ] Safepoint "Cleanup", Time since last: 1000206785 ns, Reaching safepoint: 85932 ns, At safepoint: 7357 ns, Total: 93289 ns
[2020-09-11T12:05:05.399+0000][1][safepoint    ] Safepoint "Cleanup", Time since last: 1000171596 ns, Reaching safepoint: 117900 ns, At safepoint: 17153 ns, Total: 135053 ns
[2020-09-11T12:05:06.399+0000][1][safepoint    ] Safepoint "Cleanup", Time since last: 1000216407 ns, Reaching safepoint: 105644 ns, At safepoint: 6814 ns, Total: 112458 ns
[2020-09-11T12:05:07.400+0000][1][safepoint    ] Safepoint "Cleanup", Time since last: 1000173803 ns, Reaching safepoint: 110929 ns, At safepoint: 17099 ns, Total: 128028 ns
[2020-09-11T12:05:09.400+0000][1][safepoint    ] Safepoint "Cleanup", Time since last: 2000422808 ns, Reaching safepoint: 88148 ns, At safepoint: 6372 ns, Total: 94520 ns
[2020-09-11T12:05:11.401+0000][1][safepoint    ] Safepoint "Cleanup", Time since last: 2000302609 ns, Reaching safepoint: 94886 ns, At safepoint: 6401 ns, Total: 101287 ns
[2020-09-11T12:05:12.401+0000][1][safepoint    ] Safepoint "Cleanup", Time since last: 1000178680 ns, Reaching safepoint: 89519 ns, At safepoint: 6839 ns, Total: 96358 ns
[2020-09-11T12:05:15.402+0000][1][safepoint    ] Safepoint "Cleanup", Time since last: 3000442241 ns, Reaching safepoint: 116438 ns, At safepoint: 17056 ns, Total: 133494 ns
[2020-09-11T12:05:21.403+0000][1][safepoint    ] Safepoint "Cleanup", Time since last: 6000929491 ns, Reaching safepoint: 113901 ns, At safepoint: 16872 ns, Total: 130773 ns
[2020-09-11T12:05:25.403+0000][1][safepoint    ] Safepoint "Cleanup", Time since last: 4000661899 ns, Reaching safepoint: 93588 ns, At safepoint: 14309 ns, Total: 107897 ns
[2020-09-11T12:05:26.404+0000][1][safepoint    ] Safepoint "Cleanup", Time since last: 1000207096 ns, Reaching safepoint: 90922 ns, At safepoint: 7584 ns, Total: 98506 ns
[2020-09-11T12:05:29.404+0000][1][safepoint    ] Safepoint "Cleanup", Time since last: 3000468754 ns, Reaching safepoint: 109779 ns, At safepoint: 16815 ns, Total: 126594 ns
[2020-09-11T12:05:30.405+0000][1][safepoint    ] Safepoint "Cleanup", Time since last: 1000293533 ns, Reaching safepoint: 77892 ns, At safepoint: 8024 ns, Total: 85916 ns
[2020-09-11T12:05:31.405+0000][1][safepoint    ] Safepoint "Cleanup", Time since last: 1000195640 ns, Reaching safepoint: 115288 ns, At safepoint: 16818 ns, Total: 132106 ns
[2020-09-11T12:05:34.406+0000][1][safepoint    ] Safepoint "Cleanup", Time since last: 3000521813 ns, Reaching safepoint: 105572 ns, At safepoint: 7899 ns, Total: 113471 ns
[2020-09-11T12:05:35.406+0000][1][safepoint    ] Safepoint "Cleanup", Time since last: 1000149253 ns, Reaching safepoint: 72235 ns, At safepoint: 6785 ns, Total: 79020 ns
[2020-09-11T12:05:35.525+0000][1][gc,start     ] GC(66) Pause Young (Allocation Failure)
[2020-09-11T12:05:35.525+0000][1][gc,task      ] GC(66) Using 1 workers of 1 for evacuation
[2020-09-11T12:05:35.547+0000][1][gc,age       ] GC(66) Desired survivor size 4358144 bytes, new threshold 6 (max threshold 6)
[2020-09-11T12:05:35.547+0000][1][gc,age       ] GC(66) Age table with threshold 6 (max threshold 6)
[2020-09-11T12:05:35.547+0000][1][gc,age       ] GC(66) - age   1:      33584 bytes,      33584 total
[2020-09-11T12:05:35.547+0000][1][gc,age       ] GC(66) - age   2:    1344184 bytes,    1377768 total
[2020-09-11T12:05:35.547+0000][1][gc,heap      ] GC(66) ParNew: 74377K->5134K(76672K)
[2020-09-11T12:05:35.547+0000][1][gc,heap      ] GC(66) CMS: 59284K->62842K(439104K)
[2020-09-11T12:05:35.547+0000][1][gc,metaspace ] GC(66) Metaspace: 71156K->71156K(1114112K)
[2020-09-11T12:05:35.547+0000][1][gc           ] GC(66) Pause Young (Allocation Failure) 130M->66M(503M) 22.178ms
[2020-09-11T12:05:35.547+0000][1][gc,cpu       ] GC(66) User=0.02s Sys=0.00s Real=0.02s
[2020-09-11T12:05:35.548+0000][1][safepoint    ] Safepoint "GenCollectForAllocation", Time since last: 119279186 ns, Reaching safepoint: 132477 ns, At safepoint: 22570977 ns, Total: 22703454 ns
[2020-09-11T12:05:36.550+0000][1][safepoint    ] Safepoint "Cleanup", Time since last: 1002228825 ns, Reaching safepoint: 109986 ns, At safepoint: 16224 ns, Total: 126210 ns
[2020-09-11T12:05:37.551+0000][1][safepoint    ] Safepoint "Cleanup", Time since last: 1000672396 ns, Reaching safepoint: 108967 ns, At safepoint: 15004 ns, Total: 123971 ns
[2020-09-11T12:05:38.552+0000][1][safepoint    ] Safepoint "Cleanup", Time since last: 1000721756 ns, Reaching safepoint: 126625 ns, At safepoint: 19137 ns, Total: 145762 ns
[2020-09-11T12:05:41.552+0000][1][safepoint    ] Safepoint "Cleanup", Time since last: 3000293523 ns, Reaching safepoint: 55881 ns, At safepoint: 5324 ns, Total: 61205 ns
[2020-09-11T12:05:42.552+0000][1][safepoint    ] Safepoint "Cleanup", Time since last: 1000155379 ns, Reaching safepoint: 99470 ns, At safepoint: 6502 ns, Total: 105972 ns
[2020-09-11T12:05:48.553+0000][1][safepoint    ] Safepoint "Cleanup", Time since last: 6000712341 ns, Reaching safepoint: 91116 ns, At safepoint: 6789 ns, Total: 97905 ns
[2020-09-11T12:05:51.554+0000][1][safepoint    ] Safepoint "Cleanup", Time since last: 3000377208 ns, Reaching safepoint: 87852 ns, At safepoint: 6200 ns, Total: 94052 ns
[2020-09-11T12:05:52.554+0000][1][safepoint    ] Safepoint "Cleanup", Time since last: 1000187914 ns, Reaching safepoint: 95197 ns, At safepoint: 7478 ns, Total: 102675 ns
[2020-09-11T12:05:55.555+0000][1][safepoint    ] Safepoint "Cleanup", Time since last: 3000427986 ns, Reaching safepoint: 92765 ns, At safepoint: 7251 ns, Total: 100016 ns
[2020-09-11T12:05:57.555+0000][1][safepoint    ] Safepoint "Cleanup", Time since last: 2000285382 ns, Reaching safepoint: 116478 ns, At safepoint: 14419 ns, Total: 130897 ns
[2020-09-11T12:05:58.555+0000][1][safepoint    ] Safepoint "Cleanup", Time since last: 1000215080 ns, Reaching safepoint: 114128 ns, At safepoint: 16816 ns, Total: 130944 ns
[2020-09-11T12:06:01.556+0000][1][safepoint    ] Safepoint "Cleanup", Time since last: 3000517131 ns, Reaching safepoint: 113043 ns, At safepoint: 15993 ns, Total: 129036 ns
[2020-09-11T12:06:05.557+0000][1][safepoint    ] Safepoint "Cleanup", Time since last: 4000630528 ns, Reaching safepoint: 153108 ns, At safepoint: 17092 ns, Total: 170200 ns
[2020-09-11T12:06:06.557+0000][1][safepoint    ] Safepoint "Cleanup", Time since last: 1000204523 ns, Reaching safepoint: 126116 ns, At safepoint: 16635 ns, Total: 142751 ns
[2020-09-11T12:06:07.557+0000][1][safepoint    ] Safepoint "Cleanup", Time since last: 1000199735 ns, Reaching safepoint: 105997 ns, At safepoint: 15789 ns, Total: 121786 ns
[2020-09-11T12:06:08.558+0000][1][safepoint    ] Safepoint "Cleanup", Time since last: 1000294599 ns, Reaching safepoint: 107173 ns, At safepoint: 17213 ns, Total: 124386 ns
[2020-09-11T12:06:09.558+0000][1][safepoint    ] Safepoint "Cleanup", Time since last: 1000212485 ns, Reaching safepoint: 105773 ns, At safepoint: 15769 ns, Total: 121542 ns
[2020-09-11T12:06:10.559+0000][1][safepoint    ] Safepoint "Cleanup", Time since last: 1000203308 ns, Reaching safepoint: 124298 ns, At safepoint: 18583 ns, Total: 142881 ns
[2020-09-11T12:06:11.559+0000][1][safepoint    ] Safepoint "Cleanup", Time since last: 1000171996 ns, Reaching safepoint: 125007 ns, At safepoint: 17393 ns, Total: 142400 ns
[2020-09-11T12:06:12.559+0000][1][safepoint    ] Safepoint "Cleanup", Time since last: 1000175589 ns, Reaching safepoint: 108486 ns, At safepoint: 16912 ns, Total: 125398 ns
[2020-09-11T12:06:13.560+0000][1][safepoint    ] Safepoint "Cleanup", Time since last: 1000166104 ns, Reaching safepoint: 148408 ns, At safepoint: 14784 ns, Total: 163192 ns
[2020-09-11T12:06:14.560+0000][1][safepoint    ] Safepoint "Cleanup", Time since last: 1000167922 ns, Reaching safepoint: 107547 ns, At safepoint: 16023 ns, Total: 123570 ns
[2020-09-11T12:06:15.560+0000][1][safepoint    ] Safepoint "Cleanup", Time since last: 1000207858 ns, Reaching safepoint: 87273 ns, At safepoint: 7075 ns, Total: 94348 ns
[2020-09-11T12:06:16.560+0000][1][safepoint    ] Safepoint "Cleanup", Time since last: 1000145349 ns, Reaching safepoint: 97707 ns, At safepoint: 6963 ns, Total: 104670 ns
[2020-09-11T12:06:17.561+0000][1][safepoint    ] Safepoint "Cleanup", Time since last: 1000164344 ns, Reaching safepoint: 90764 ns, At safepoint: 6051 ns, Total: 96815 ns
[2020-09-11T12:06:18.561+0000][1][safepoint    ] Safepoint "Cleanup", Time since last: 1000133159 ns, Reaching safepoint: 98102 ns, At safepoint: 6582 ns, Total: 104684 ns
[2020-09-11T12:06:19.561+0000][1][safepoint    ] Safepoint "Cleanup", Time since last: 1000130512 ns, Reaching safepoint: 120450 ns, At safepoint: 18302 ns, Total: 138752 ns
[2020-09-11T12:06:20.561+0000][1][safepoint    ] Safepoint "Cleanup", Time since last: 1000138423 ns, Reaching safepoint: 58743 ns, At safepoint: 6301 ns, Total: 65044 ns
[2020-09-11T12:06:21.562+0000][1][safepoint    ] Safepoint "Cleanup", Time since last: 1000296412 ns, Reaching safepoint: 109972 ns, At safepoint: 14701 ns, Total: 124673 ns
[2020-09-11T12:06:22.562+0000][1][safepoint    ] Safepoint "Cleanup", Time since last: 1000204627 ns, Reaching safepoint: 85165 ns, At safepoint: 6932 ns, Total: 92097 ns
[2020-09-11T12:06:23.562+0000][1][safepoint    ] Safepoint "Cleanup", Time since last: 1000122810 ns, Reaching safepoint: 113039 ns, At safepoint: 16358 ns, Total: 129397 ns
[2020-09-11T12:06:24.563+0000][1][safepoint    ] Safepoint "Cleanup", Time since last: 1000179972 ns, Reaching safepoint: 136887 ns, At safepoint: 7530 ns, Total: 144417 ns
[2020-09-11T12:06:25.563+0000][1][safepoint    ] Safepoint "Cleanup", Time since last: 1000110618 ns, Reaching safepoint: 102696 ns, At safepoint: 5986 ns, Total: 108682 ns
[2020-09-11T12:06:26.563+0000][1][safepoint    ] Safepoint "Cleanup", Time since last: 1000174479 ns, Reaching safepoint: 86200 ns, At safepoint: 6572 ns, Total: 92772 ns
[2020-09-11T12:06:27.563+0000][1][safepoint    ] Safepoint "Cleanup", Time since last: 1000192567 ns, Reaching safepoint: 137258 ns, At safepoint: 14914 ns, Total: 152172 ns
[2020-09-11T12:06:28.564+0000][1][safepoint    ] Safepoint "Cleanup", Time since last: 1000223423 ns, Reaching safepoint: 84531 ns, At safepoint: 6196 ns, Total: 90727 ns
[2020-09-11T12:06:29.564+0000][1][safepoint    ] Safepoint "Cleanup", Time since last: 1000128300 ns, Reaching safepoint: 119832 ns, At safepoint: 16190 ns, Total: 136022 ns
[2020-09-11T12:06:30.564+0000][1][safepoint    ] Safepoint "Cleanup", Time since last: 1000189238 ns, Reaching safepoint: 128154 ns, At safepoint: 17317 ns, Total: 145471 ns
[2020-09-11T12:06:31.565+0000][1][safepoint    ] Safepoint "Cleanup", Time since last: 1000199069 ns, Reaching safepoint: 55351 ns, At safepoint: 6716 ns, Total: 62067 ns
[2020-09-11T12:06:32.565+0000][1][safepoint    ] Safepoint "Cleanup", Time since last: 1000154012 ns, Reaching safepoint: 94564 ns, At safepoint: 6492 ns, Total: 101056 ns
[2020-09-11T12:06:33.565+0000][1][safepoint    ] Safepoint "Cleanup", Time since last: 1000178291 ns, Reaching safepoint: 86256 ns, At safepoint: 6838 ns, Total: 93094 ns
[2020-09-11T12:06:34.565+0000][1][safepoint    ] Safepoint "Cleanup", Time since last: 1000169140 ns, Reaching safepoint: 89030 ns, At safepoint: 6819 ns, Total: 95849 ns
[2020-09-11T12:06:35.566+0000][1][safepoint    ] Safepoint "Cleanup", Time since last: 1000159882 ns, Reaching safepoint: 129875 ns, At safepoint: 16959 ns, Total: 146834 ns
[2020-09-11T12:06:36.566+0000][1][safepoint    ] Safepoint "Cleanup", Time since last: 1000219172 ns, Reaching safepoint: 113080 ns, At safepoint: 17607 ns, Total: 130687 ns
[2020-09-11T12:06:37.566+0000][1][safepoint    ] Safepoint "Cleanup", Time since last: 1000219777 ns, Reaching safepoint: 113467 ns, At safepoint: 17073 ns, Total: 130540 ns
[2020-09-11T12:06:38.567+0000][1][safepoint    ] Safepoint "Cleanup", Time since last: 1000215406 ns, Reaching safepoint: 112291 ns, At safepoint: 16862 ns, Total: 129153 ns
[2020-09-11T12:06:39.567+0000][1][safepoint    ] Safepoint "Cleanup", Time since last: 1000207315 ns, Reaching safepoint: 105045 ns, At safepoint: 16638 ns, Total: 121683 ns
[2020-09-11T12:06:40.567+0000][1][safepoint    ] Safepoint "Cleanup", Time since last: 1000220334 ns, Reaching safepoint: 90708 ns, At safepoint: 6769 ns, Total: 97477 ns
[2020-09-11T12:06:41.568+0000][1][safepoint    ] Safepoint "Cleanup", Time since last: 1000191956 ns, Reaching safepoint: 96541 ns, At safepoint: 6869 ns, Total: 103410 ns
[2020-09-11T12:06:42.568+0000][1][safepoint    ] Safepoint "Cleanup", Time since last: 1000126865 ns, Reaching safepoint: 71236 ns, At safepoint: 6512 ns, Total: 77748 ns
[2020-09-11T12:06:43.568+0000][1][safepoint    ] Safepoint "Cleanup", Time since last: 1000168386 ns, Reaching safepoint: 112622 ns, At safepoint: 15963 ns, Total: 128585 ns
[2020-09-11T12:06:44.569+0000][1][safepoint    ] Safepoint "Cleanup", Time since last: 1000213459 ns, Reaching safepoint: 79687 ns, At safepoint: 6718 ns, Total: 86405 ns
[2020-09-11T12:06:45.569+0000][1][safepoint    ] Safepoint "Cleanup", Time since last: 1000159375 ns, Reaching safepoint: 93370 ns, At safepoint: 6014 ns, Total: 99384 ns
[2020-09-11T12:06:46.569+0000][1][safepoint    ] Safepoint "Cleanup", Time since last: 1000179684 ns, Reaching safepoint: 85585 ns, At safepoint: 7498 ns, Total: 93083 ns
[2020-09-11T12:06:47.569+0000][1][safepoint    ] Safepoint "Cleanup", Time since last: 1000167220 ns, Reaching safepoint: 91969 ns, At safepoint: 6436 ns, Total: 98405 ns
[2020-09-11T12:06:48.570+0000][1][safepoint    ] Safepoint "Cleanup", Time since last: 1000178796 ns, Reaching safepoint: 89085 ns, At safepoint: 7277 ns, Total: 96362 ns
[2020-09-11T12:06:49.570+0000][1][safepoint    ] Safepoint "Cleanup", Time since last: 1000188636 ns, Reaching safepoint: 78624 ns, At safepoint: 6547 ns, Total: 85171 ns
[2020-09-11T12:06:50.570+0000][1][safepoint    ] Safepoint "Cleanup", Time since last: 1000176526 ns, Reaching safepoint: 112498 ns, At safepoint: 17681 ns, Total: 130179 ns
[2020-09-11T12:06:50.653+0000][1][gc,start     ] GC(67) Pause Young (Allocation Failure)
[2020-09-11T12:06:50.654+0000][1][gc,task      ] GC(67) Using 1 workers of 1 for evacuation
[2020-09-11T12:06:50.677+0000][1][gc,age       ] GC(67) Desired survivor size 4358144 bytes, new threshold 6 (max threshold 6)
[2020-09-11T12:06:50.677+0000][1][gc,age       ] GC(67) Age table with threshold 6 (max threshold 6)
[2020-09-11T12:06:50.677+0000][1][gc,age       ] GC(67) - age   1:      32656 bytes,      32656 total
[2020-09-11T12:06:50.677+0000][1][gc,age       ] GC(67) - age   2:      27392 bytes,      60048 total
[2020-09-11T12:06:50.677+0000][1][gc,age       ] GC(67) - age   3:    1344040 bytes,    1404088 total
[2020-09-11T12:06:50.677+0000][1][gc,heap      ] GC(67) ParNew: 73294K->1619K(76672K)
[2020-09-11T12:06:50.677+0000][1][gc,heap      ] GC(67) CMS: 62842K->62842K(439104K)
[2020-09-11T12:06:50.677+0000][1][gc,metaspace ] GC(67) Metaspace: 71312K->71312K(1114112K)
[2020-09-11T12:06:50.677+0000][1][gc           ] GC(67) Pause Young (Allocation Failure) 132M->62M(503M) 23.625ms
[2020-09-11T12:06:50.677+0000][1][gc,cpu       ] GC(67) User=0.01s Sys=0.00s Real=0.03s
[2020-09-11T12:06:50.677+0000][1][safepoint    ] Safepoint "GenCollectForAllocation", Time since last: 83028931 ns, Reaching safepoint: 247034 ns, At safepoint: 23698648 ns, Total: 23945682 ns
[2020-09-11T12:06:51.686+0000][1][safepoint    ] Safepoint "Cleanup", Time since last: 1008775901 ns, Reaching safepoint: 322999 ns, At safepoint: 18212 ns, Total: 341211 ns
[2020-09-11T12:06:52.686+0000][1][safepoint    ] Safepoint "Cleanup", Time since last: 1000144509 ns, Reaching safepoint: 71462 ns, At safepoint: 5620 ns, Total: 77082 ns
[2020-09-11T12:06:53.687+0000][1][safepoint    ] Safepoint "Cleanup", Time since last: 1000151129 ns, Reaching safepoint: 116899 ns, At safepoint: 6676 ns, Total: 123575 ns
[2020-09-11T12:06:54.687+0000][1][safepoint    ] Safepoint "Cleanup", Time since last: 1000164027 ns, Reaching safepoint: 90797 ns, At safepoint: 7056 ns, Total: 97853 ns
[2020-09-11T12:06:55.687+0000][1][safepoint    ] Safepoint "Cleanup", Time since last: 1000097244 ns, Reaching safepoint: 135838 ns, At safepoint: 8284 ns, Total: 144122 ns
[2020-09-11T12:06:56.687+0000][1][safepoint    ] Safepoint "Cleanup", Time since last: 1000104710 ns, Reaching safepoint: 79680 ns, At safepoint: 5939 ns, Total: 85619 ns
[2020-09-11T12:06:57.688+0000][1][safepoint    ] Safepoint "Cleanup", Time since last: 1000172023 ns, Reaching safepoint: 101554 ns, At safepoint: 6361 ns, Total: 107915 ns
[2020-09-11T12:06:58.688+0000][1][safepoint    ] Safepoint "Cleanup", Time since last: 1000167240 ns, Reaching safepoint: 90583 ns, At safepoint: 6717 ns, Total: 97300 ns
[2020-09-11T12:06:59.688+0000][1][safepoint    ] Safepoint "Cleanup", Time since last: 1000107337 ns, Reaching safepoint: 62436 ns, At safepoint: 6784 ns, Total: 69220 ns
[2020-09-11T12:07:00.688+0000][1][safepoint    ] Safepoint "Cleanup", Time since last: 1000141189 ns, Reaching safepoint: 77378 ns, At safepoint: 6291 ns, Total: 83669 ns
[2020-09-11T12:07:01.689+0000][1][safepoint    ] Safepoint "Cleanup", Time since last: 1000204765 ns, Reaching safepoint: 96583 ns, At safepoint: 7074 ns, Total: 103657 ns
[2020-09-11T12:07:02.689+0000][1][safepoint    ] Safepoint "Cleanup", Time since last: 1000174000 ns, Reaching safepoint: 125896 ns, At safepoint: 17240 ns, Total: 143136 ns
[2020-09-11T12:07:03.689+0000][1][safepoint    ] Safepoint "Cleanup", Time since last: 1000222046 ns, Reaching safepoint: 117790 ns, At safepoint: 17320 ns, Total: 135110 ns
[2020-09-11T12:07:04.690+0000][1][safepoint    ] Safepoint "Cleanup", Time since last: 1000213546 ns, Reaching safepoint: 113784 ns, At safepoint: 16441 ns, Total: 130225 ns
[2020-09-11T12:07:05.690+0000][1][safepoint    ] Safepoint "Cleanup", Time since last: 1000146930 ns, Reaching safepoint: 62142 ns, At safepoint: 5816 ns, Total: 67958 ns
[2020-09-11T12:07:06.690+0000][1][safepoint    ] Safepoint "Cleanup", Time since last: 1000139825 ns, Reaching safepoint: 114473 ns, At safepoint: 6087 ns, Total: 120560 ns
[2020-09-11T12:07:07.690+0000][1][safepoint    ] Safepoint "Cleanup", Time since last: 1000115010 ns, Reaching safepoint: 70293 ns, At safepoint: 6318 ns, Total: 76611 ns
[2020-09-11T12:07:08.691+0000][1][safepoint    ] Safepoint "Cleanup", Time since last: 1000100202 ns, Reaching safepoint: 69496 ns, At safepoint: 5836 ns, Total: 75332 ns
[2020-09-11T12:07:09.691+0000][1][safepoint    ] Safepoint "Cleanup", Time since last: 1000100410 ns, Reaching safepoint: 64216 ns, At safepoint: 5625 ns, Total: 69841 ns
[2020-09-11T12:07:10.691+0000][1][safepoint    ] Safepoint "Cleanup", Time since last: 1000116034 ns, Reaching safepoint: 62957 ns, At safepoint: 5926 ns, Total: 68883 ns
[2020-09-11T12:07:11.691+0000][1][safepoint    ] Safepoint "Cleanup", Time since last: 1000115819 ns, Reaching safepoint: 61574 ns, At safepoint: 5957 ns, Total: 67531 ns
[2020-09-11T12:07:12.691+0000][1][safepoint    ] Safepoint "Cleanup", Time since last: 1000140375 ns, Reaching safepoint: 124389 ns, At safepoint: 14778 ns, Total: 139167 ns
[2020-09-11T12:07:13.692+0000][1][safepoint    ] Safepoint "Cleanup", Time since last: 1000181588 ns, Reaching safepoint: 63045 ns, At safepoint: 6159 ns, Total: 69204 ns
[2020-09-11T12:07:14.692+0000][1][safepoint    ] Safepoint "Cleanup", Time since last: 1000130686 ns, Reaching safepoint: 111099 ns, At safepoint: 16217 ns, Total: 127316 ns
[2020-09-11T12:07:15.692+0000][1][safepoint    ] Safepoint "Cleanup", Time since last: 1000143647 ns, Reaching safepoint: 61426 ns, At safepoint: 6549 ns, Total: 67975 ns
[2020-09-11T12:07:16.692+0000][1][safepoint    ] Safepoint "Cleanup", Time since last: 1000103957 ns, Reaching safepoint: 63270 ns, At safepoint: 5294 ns, Total: 68564 ns
[2020-09-11T12:07:17.692+0000][1][safepoint    ] Safepoint "Cleanup", Time since last: 1000098020 ns, Reaching safepoint: 60076 ns, At safepoint: 5706 ns, Total: 65782 ns
[2020-09-11T12:07:18.693+0000][1][safepoint    ] Safepoint "Cleanup", Time since last: 1000139887 ns, Reaching safepoint: 116360 ns, At safepoint: 15178 ns, Total: 131538 ns
[2020-09-11T12:07:19.694+0000][1][safepoint    ] Safepoint "Cleanup", Time since last: 1001068537 ns, Reaching safepoint: 64743 ns, At safepoint: 6340 ns, Total: 71083 ns
[2020-09-11T12:07:20.694+0000][1][safepoint    ] Safepoint "Cleanup", Time since last: 1000099900 ns, Reaching safepoint: 59978 ns, At safepoint: 5228 ns, Total: 65206 ns
[2020-09-11T12:07:21.694+0000][1][safepoint    ] Safepoint "Cleanup", Time since last: 1000128047 ns, Reaching safepoint: 125872 ns, At safepoint: 15285 ns, Total: 141157 ns
[2020-09-11T12:07:22.694+0000][1][safepoint    ] Safepoint "Cleanup", Time since last: 1000159035 ns, Reaching safepoint: 62122 ns, At safepoint: 5428 ns, Total: 67550 ns
[2020-09-11T12:07:23.695+0000][1][safepoint    ] Safepoint "Cleanup", Time since last: 1000125146 ns, Reaching safepoint: 115024 ns, At safepoint: 14286 ns, Total: 129310 ns
[2020-09-11T12:07:24.695+0000][1][safepoint    ] Safepoint "Cleanup", Time since last: 1000163998 ns, Reaching safepoint: 126918 ns, At safepoint: 16448 ns, Total: 143366 ns
[2020-09-11T12:07:25.695+0000][1][safepoint    ] Safepoint "Cleanup", Time since last: 1000198252 ns, Reaching safepoint: 116400 ns, At safepoint: 65865 ns, Total: 182265 ns
[2020-09-11T12:07:26.696+0000][1][safepoint    ] Safepoint "Cleanup", Time since last: 1000182858 ns, Reaching safepoint: 116671 ns, At safepoint: 16091 ns, Total: 132762 ns
[2020-09-11T12:07:27.696+0000][1][safepoint    ] Safepoint "Cleanup", Time since last: 1000233570 ns, Reaching safepoint: 97475 ns, At safepoint: 6737 ns, Total: 104212 ns
[2020-09-11T12:07:28.696+0000][1][safepoint    ] Safepoint "Cleanup", Time since last: 1000176635 ns, Reaching safepoint: 101665 ns, At safepoint: 5360 ns, Total: 107025 ns
[2020-09-11T12:07:29.697+0000][1][safepoint    ] Safepoint "Cleanup", Time since last: 1000169531 ns, Reaching safepoint: 120393 ns, At safepoint: 17023 ns, Total: 137416 ns
[2020-09-11T12:07:30.697+0000][1][safepoint    ] Safepoint "Cleanup", Time since last: 1000215172 ns, Reaching safepoint: 110310 ns, At safepoint: 15796 ns, Total: 126106 ns
[2020-09-11T12:07:31.697+0000][1][safepoint    ] Safepoint "Cleanup", Time since last: 1000281938 ns, Reaching safepoint: 94459 ns, At safepoint: 7444 ns, Total: 101903 ns
[2020-09-11T12:07:32.698+0000][1][safepoint    ] Safepoint "Cleanup", Time since last: 1000170905 ns, Reaching safepoint: 78001 ns, At safepoint: 6125 ns, Total: 84126 ns
[2020-09-11T12:07:33.698+0000][1][safepoint    ] Safepoint "Cleanup", Time since last: 1000214777 ns, Reaching safepoint: 88624 ns, At safepoint: 6915 ns, Total: 95539 ns
[2020-09-11T12:07:34.698+0000][1][safepoint    ] Safepoint "Cleanup", Time since last: 1000152271 ns, Reaching safepoint: 97421 ns, At safepoint: 6241 ns, Total: 103662 ns
[2020-09-11T12:07:35.699+0000][1][safepoint    ] Safepoint "Cleanup", Time since last: 1000199992 ns, Reaching safepoint: 117881 ns, At safepoint: 16611 ns, Total: 134492 ns
[2020-09-11T12:07:36.699+0000][1][safepoint    ] Safepoint "Cleanup", Time since last: 1000251297 ns, Reaching safepoint: 95615 ns, At safepoint: 6460 ns, Total: 102075 ns
[2020-09-11T12:07:37.699+0000][1][safepoint    ] Safepoint "Cleanup", Time since last: 1000197743 ns, Reaching safepoint: 170030 ns, At safepoint: 18212 ns, Total: 188242 ns
[2020-09-11T12:07:38.700+0000][1][safepoint    ] Safepoint "Cleanup", Time since last: 1000205613 ns, Reaching safepoint: 116264 ns, At safepoint: 15756 ns, Total: 132020 ns
[2020-09-11T12:07:39.700+0000][1][safepoint    ] Safepoint "Cleanup", Time since last: 1000209589 ns, Reaching safepoint: 145641 ns, At safepoint: 13919 ns, Total: 159560 ns
[2020-09-11T12:07:40.700+0000][1][safepoint    ] Safepoint "Cleanup", Time since last: 1000165522 ns, Reaching safepoint: 160476 ns, At safepoint: 15732 ns, Total: 176208 ns
[2020-09-11T12:07:41.701+0000][1][safepoint    ] Safepoint "Cleanup", Time since last: 1000155596 ns, Reaching safepoint: 76832 ns, At safepoint: 7059 ns, Total: 83891 ns
[2020-09-11T12:07:42.701+0000][1][safepoint    ] Safepoint "Cleanup", Time since last: 1000144151 ns, Reaching safepoint: 104966 ns, At safepoint: 6243 ns, Total: 111209 ns
[2020-09-11T12:07:43.701+0000][1][safepoint    ] Safepoint "Cleanup", Time since last: 1000155478 ns, Reaching safepoint: 95758 ns, At safepoint: 6848 ns, Total: 102606 ns
[2020-09-11T12:07:44.701+0000][1][safepoint    ] Safepoint "Cleanup", Time since last: 1000142249 ns, Reaching safepoint: 96705 ns, At safepoint: 7001 ns, Total: 103706 ns
[2020-09-11T12:07:45.702+0000][1][safepoint    ] Safepoint "Cleanup", Time since last: 1000156792 ns, Reaching safepoint: 101642 ns, At safepoint: 7158 ns, Total: 108800 ns
[2020-09-11T12:07:46.702+0000][1][safepoint    ] Safepoint "Cleanup", Time since last: 1000158743 ns, Reaching safepoint: 101575 ns, At safepoint: 8357 ns, Total: 109932 ns
[2020-09-11T12:07:47.702+0000][1][safepoint    ] Safepoint "Cleanup", Time since last: 1000144624 ns, Reaching safepoint: 86277 ns, At safepoint: 6957 ns, Total: 93234 ns
[2020-09-11T12:07:48.702+0000][1][safepoint    ] Safepoint "Cleanup", Time since last: 1000145584 ns, Reaching safepoint: 129764 ns, At safepoint: 16976 ns, Total: 146740 ns
[2020-09-11T12:07:49.703+0000][1][safepoint    ] Safepoint "Cleanup", Time since last: 1000195868 ns, Reaching safepoint: 116815 ns, At safepoint: 16414 ns, Total: 133229 ns
[2020-09-11T12:07:50.703+0000][1][safepoint    ] Safepoint "Cleanup", Time since last: 1000202826 ns, Reaching safepoint: 117603 ns, At safepoint: 16678 ns, Total: 134281 ns
[2020-09-11T12:07:51.703+0000][1][safepoint    ] Safepoint "Cleanup", Time since last: 1000207062 ns, Reaching safepoint: 112351 ns, At safepoint: 7955 ns, Total: 120306 ns
[2020-09-11T12:07:52.704+0000][1][safepoint    ] Safepoint "Cleanup", Time since last: 1000142186 ns, Reaching safepoint: 115762 ns, At safepoint: 17631 ns, Total: 133393 ns
[2020-09-11T12:07:53.704+0000][1][safepoint    ] Safepoint "Cleanup", Time since last: 1000180150 ns, Reaching safepoint: 109434 ns, At safepoint: 7697 ns, Total: 117131 ns
[2020-09-11T12:07:54.704+0000][1][safepoint    ] Safepoint "Cleanup", Time since last: 1000156083 ns, Reaching safepoint: 117162 ns, At safepoint: 15987 ns, Total: 133149 ns
[2020-09-11T12:07:55.705+0000][1][safepoint    ] Safepoint "Cleanup", Time since last: 1000194884 ns, Reaching safepoint: 100226 ns, At safepoint: 6748 ns, Total: 106974 ns
[2020-09-11T12:07:56.705+0000][1][safepoint    ] Safepoint "Cleanup", Time since last: 1000158922 ns, Reaching safepoint: 99243 ns, At safepoint: 6730 ns, Total: 105973 ns
[2020-09-11T12:07:57.705+0000][1][safepoint    ] Safepoint "Cleanup", Time since last: 1000164512 ns, Reaching safepoint: 104927 ns, At safepoint: 8620 ns, Total: 113547 ns
[2020-09-11T12:07:58.705+0000][1][safepoint    ] Safepoint "Cleanup", Time since last: 1000161051 ns, Reaching safepoint: 99392 ns, At safepoint: 7689 ns, Total: 107081 ns
[2020-09-11T12:07:59.706+0000][1][safepoint    ] Safepoint "Cleanup", Time since last: 1000163877 ns, Reaching safepoint: 97246 ns, At safepoint: 7868 ns, Total: 105114 ns
[2020-09-11T12:08:00.706+0000][1][safepoint    ] Safepoint "Cleanup", Time since last: 1000148546 ns, Reaching safepoint: 116337 ns, At safepoint: 15923 ns, Total: 132260 ns
[2020-09-11T12:08:00.772+0000][1][gc,start     ] GC(68) Pause Young (Allocation Failure)
[2020-09-11T12:08:00.772+0000][1][gc,task      ] GC(68) Using 1 workers of 1 for evacuation
[2020-09-11T12:08:00.785+0000][1][gc,age       ] GC(68) Desired survivor size 4358144 bytes, new threshold 6 (max threshold 6)
[2020-09-11T12:08:00.785+0000][1][gc,age       ] GC(68) Age table with threshold 6 (max threshold 6)
[2020-09-11T12:08:00.785+0000][1][gc,age       ] GC(68) - age   1:       7680 bytes,       7680 total
[2020-09-11T12:08:00.785+0000][1][gc,age       ] GC(68) - age   2:      28152 bytes,      35832 total
[2020-09-11T12:08:00.785+0000][1][gc,age       ] GC(68) - age   3:      27392 bytes,      63224 total
[2020-09-11T12:08:00.785+0000][1][gc,age       ] GC(68) - age   4:    1344040 bytes,    1407264 total
[2020-09-11T12:08:00.785+0000][1][gc,heap      ] GC(68) ParNew: 69779K->1433K(76672K)
[2020-09-11T12:08:00.785+0000][1][gc,heap      ] GC(68) CMS: 62842K->62842K(439104K)
[2020-09-11T12:08:00.785+0000][1][gc,metaspace ] GC(68) Metaspace: 71428K->71428K(1116160K)
[2020-09-11T12:08:00.786+0000][1][gc           ] GC(68) Pause Young (Allocation Failure) 129M->62M(503M) 13.792ms
[2020-09-11T12:08:00.786+0000][1][gc,cpu       ] GC(68) User=0.01s Sys=0.00s Real=0.02s
[2020-09-11T12:08:00.786+0000][1][safepoint    ] Safepoint "GenCollectForAllocation", Time since last: 65543469 ns, Reaching safepoint: 218231 ns, At safepoint: 13890317 ns, Total: 14108548 ns
[2020-09-11T12:08:01.789+0000][1][safepoint    ] Safepoint "Cleanup", Time since last: 1002768843 ns, Reaching safepoint: 205769 ns, At safepoint: 15446 ns, Total: 221215 ns
[2020-09-11T12:08:02.789+0000][1][safepoint    ] Safepoint "Cleanup", Time since last: 1000223800 ns, Reaching safepoint: 90394 ns, At safepoint: 6354 ns, Total: 96748 ns
[2020-09-11T12:08:03.789+0000][1][safepoint    ] Safepoint "Cleanup", Time since last: 1000170035 ns, Reaching safepoint: 112218 ns, At safepoint: 18362 ns, Total: 130580 ns
[2020-09-11T12:08:04.789+0000][1][safepoint    ] Safepoint "Cleanup", Time since last: 1000199899 ns, Reaching safepoint: 88879 ns, At safepoint: 6973 ns, Total: 95852 ns
[2020-09-11T12:08:05.790+0000][1][safepoint    ] Safepoint "Cleanup", Time since last: 1000116878 ns, Reaching safepoint: 200787 ns, At safepoint: 18052 ns, Total: 218839 ns
[2020-09-11T12:08:06.790+0000][1][safepoint    ] Safepoint "Cleanup", Time since last: 1000215888 ns, Reaching safepoint: 80628 ns, At safepoint: 6549 ns, Total: 87177 ns
[2020-09-11T12:08:07.790+0000][1][safepoint    ] Safepoint "Cleanup", Time since last: 1000159182 ns, Reaching safepoint: 113264 ns, At safepoint: 16274 ns, Total: 129538 ns
[2020-09-11T12:08:08.791+0000][1][safepoint    ] Safepoint "Cleanup", Time since last: 1000198639 ns, Reaching safepoint: 89528 ns, At safepoint: 6832 ns, Total: 96360 ns
[2020-09-11T12:08:09.791+0000][1][safepoint    ] Safepoint "Cleanup", Time since last: 1000195001 ns, Reaching safepoint: 117356 ns, At safepoint: 18429 ns, Total: 135785 ns
[2020-09-11T12:08:10.791+0000][1][safepoint    ] Safepoint "Cleanup", Time since last: 1000213185 ns, Reaching safepoint: 85495 ns, At safepoint: 6656 ns, Total: 92151 ns
[2020-09-11T12:08:11.792+0000][1][safepoint    ] Safepoint "Cleanup", Time since last: 1000128379 ns, Reaching safepoint: 65928 ns, At safepoint: 6834 ns, Total: 72762 ns
[2020-09-11T12:08:12.792+0000][1][safepoint    ] Safepoint "Cleanup", Time since last: 1000131954 ns, Reaching safepoint: 103665 ns, At safepoint: 5751 ns, Total: 109416 ns
[2020-09-11T12:08:13.792+0000][1][safepoint    ] Safepoint "Cleanup", Time since last: 1000155182 ns, Reaching safepoint: 93465 ns, At safepoint: 7037 ns, Total: 100502 ns
[2020-09-11T12:08:14.792+0000][1][safepoint    ] Safepoint "Cleanup", Time since last: 1000176316 ns, Reaching safepoint: 84939 ns, At safepoint: 6702 ns, Total: 91641 ns
[2020-09-11T12:08:15.793+0000][1][safepoint    ] Safepoint "Cleanup", Time since last: 1000189088 ns, Reaching safepoint: 113374 ns, At safepoint: 17423 ns, Total: 130797 ns
[2020-09-11T12:08:16.793+0000][1][safepoint    ] Safepoint "Cleanup", Time since last: 1000225360 ns, Reaching safepoint: 83600 ns, At safepoint: 6802 ns, Total: 90402 ns
[2020-09-11T12:08:17.793+0000][1][safepoint    ] Safepoint "Cleanup", Time since last: 1000160853 ns, Reaching safepoint: 112789 ns, At safepoint: 17360 ns, Total: 130149 ns
[2020-09-11T12:08:18.794+0000][1][safepoint    ] Safepoint "Cleanup", Time since last: 1000207937 ns, Reaching safepoint: 82337 ns, At safepoint: 7071 ns, Total: 89408 ns
[2020-09-11T12:08:19.794+0000][1][safepoint    ] Safepoint "Cleanup", Time since last: 1000116408 ns, Reaching safepoint: 76658 ns, At safepoint: 5819 ns, Total: 82477 ns
[2020-09-11T12:08:20.794+0000][1][safepoint    ] Safepoint "Cleanup", Time since last: 1000167933 ns, Reaching safepoint: 113999 ns, At safepoint: 16341 ns, Total: 130340 ns
[2020-09-11T12:08:21.794+0000][1][safepoint    ] Safepoint "Cleanup", Time since last: 1000172734 ns, Reaching safepoint: 111549 ns, At safepoint: 16288 ns, Total: 127837 ns
[2020-09-11T12:08:22.795+0000][1][safepoint    ] Safepoint "Cleanup", Time since last: 1000221278 ns, Reaching safepoint: 110016 ns, At safepoint: 16220 ns, Total: 126236 ns
[2020-09-11T12:08:23.795+0000][1][safepoint    ] Safepoint "Cleanup", Time since last: 1000221017 ns, Reaching safepoint: 86771 ns, At safepoint: 7052 ns, Total: 93823 ns
[2020-09-11T12:08:24.795+0000][1][safepoint    ] Safepoint "Cleanup", Time since last: 1000160062 ns, Reaching safepoint: 90069 ns, At safepoint: 6072 ns, Total: 96141 ns
[2020-09-11T12:08:25.796+0000][1][safepoint    ] Safepoint "Cleanup", Time since last: 1000165495 ns, Reaching safepoint: 113912 ns, At safepoint: 17186 ns, Total: 131098 ns
[2020-09-11T12:08:26.796+0000][1][safepoint    ] Safepoint "Cleanup", Time since last: 1000181517 ns, Reaching safepoint: 110335 ns, At safepoint: 6222 ns, Total: 116557 ns
[2020-09-11T12:08:27.796+0000][1][safepoint    ] Safepoint "Cleanup", Time since last: 1000161261 ns, Reaching safepoint: 91382 ns, At safepoint: 7309 ns, Total: 98691 ns
[2020-09-11T12:08:28.796+0000][1][safepoint    ] Safepoint "Cleanup", Time since last: 1000128792 ns, Reaching safepoint: 132050 ns, At safepoint: 14473 ns, Total: 146523 ns
[2020-09-11T12:08:29.797+0000][1][safepoint    ] Safepoint "Cleanup", Time since last: 1000201976 ns, Reaching safepoint: 112672 ns, At safepoint: 16888 ns, Total: 129560 ns
[2020-09-11T12:08:30.797+0000][1][safepoint    ] Safepoint "Cleanup", Time since last: 1000175633 ns, Reaching safepoint: 104906 ns, At safepoint: 6701 ns, Total: 111607 ns
[2020-09-11T12:08:31.797+0000][1][safepoint    ] Safepoint "Cleanup", Time since last: 1000166609 ns, Reaching safepoint: 92823 ns, At safepoint: 6837 ns, Total: 99660 ns
[2020-09-11T12:08:32.798+0000][1][safepoint    ] Safepoint "Cleanup", Time since last: 1000162742 ns, Reaching safepoint: 88324 ns, At safepoint: 6862 ns, Total: 95186 ns
[2020-09-11T12:08:33.798+0000][1][safepoint    ] Safepoint "Cleanup", Time since last: 1000192729 ns, Reaching safepoint: 89736 ns, At safepoint: 7283 ns, Total: 97019 ns
[2020-09-11T12:08:34.798+0000][1][safepoint    ] Safepoint "Cleanup", Time since last: 1000136795 ns, Reaching safepoint: 101523 ns, At safepoint: 6108 ns, Total: 107631 ns
[2020-09-11T12:08:35.798+0000][1][safepoint    ] Safepoint "Cleanup", Time since last: 1000138994 ns, Reaching safepoint: 113798 ns, At safepoint: 16354 ns, Total: 130152 ns
[2020-09-11T12:08:36.799+0000][1][safepoint    ] Safepoint "Cleanup", Time since last: 1000201644 ns, Reaching safepoint: 91417 ns, At safepoint: 5916 ns, Total: 97333 ns
[2020-09-11T12:08:37.799+0000][1][safepoint    ] Safepoint "Cleanup", Time since last: 1000129408 ns, Reaching safepoint: 113033 ns, At safepoint: 15184 ns, Total: 128217 ns
[2020-09-11T12:08:38.799+0000][1][safepoint    ] Safepoint "Cleanup", Time since last: 1000216663 ns, Reaching safepoint: 152186 ns, At safepoint: 16384 ns, Total: 168570 ns
[2020-09-11T12:08:39.799+0000][1][safepoint    ] Safepoint "Cleanup", Time since last: 1000130820 ns, Reaching safepoint: 58831 ns, At safepoint: 6224 ns, Total: 65055 ns
[2020-09-11T12:08:40.800+0000][1][safepoint    ] Safepoint "Cleanup", Time since last: 1000140480 ns, Reaching safepoint: 103563 ns, At safepoint: 6072 ns, Total: 109635 ns
[2020-09-11T12:08:41.800+0000][1][safepoint    ] Safepoint "Cleanup", Time since last: 1000169486 ns, Reaching safepoint: 85825 ns, At safepoint: 7107 ns, Total: 92932 ns
[2020-09-11T12:08:42.800+0000][1][safepoint    ] Safepoint "Cleanup", Time since last: 1000241841 ns, Reaching safepoint: 58762 ns, At safepoint: 5365 ns, Total: 64127 ns
[2020-09-11T12:08:43.801+0000][1][safepoint    ] Safepoint "Cleanup", Time since last: 1000275918 ns, Reaching safepoint: 109549 ns, At safepoint: 14580 ns, Total: 124129 ns
[2020-09-11T12:08:44.801+0000][1][safepoint    ] Safepoint "Cleanup", Time since last: 1000225877 ns, Reaching safepoint: 91639 ns, At safepoint: 6430 ns, Total: 98069 ns
[2020-09-11T12:08:45.801+0000][1][safepoint    ] Safepoint "Cleanup", Time since last: 1000168589 ns, Reaching safepoint: 116665 ns, At safepoint: 15736 ns, Total: 132401 ns
[2020-09-11T12:08:45.847+0000][1][safepoint    ] Safepoint "RevokeBias", Time since last: 45303523 ns, Reaching safepoint: 183632 ns, At safepoint: 71520 ns, Total: 255152 ns
[2020-09-11T12:08:46.847+0000][1][safepoint    ] Safepoint "Cleanup", Time since last: 1000190705 ns, Reaching safepoint: 105094 ns, At safepoint: 15867 ns, Total: 120961 ns
[2020-09-11T12:08:47.848+0000][1][safepoint    ] Safepoint "Cleanup", Time since last: 1000234824 ns, Reaching safepoint: 85762 ns, At safepoint: 7389 ns, Total: 93151 ns
[2020-09-11T12:08:48.848+0000][1][safepoint    ] Safepoint "Cleanup", Time since last: 1000166605 ns, Reaching safepoint: 104967 ns, At safepoint: 16699 ns, Total: 121666 ns
[2020-09-11T12:08:49.848+0000][1][safepoint    ] Safepoint "Cleanup", Time since last: 1000230461 ns, Reaching safepoint: 109571 ns, At safepoint: 17016 ns, Total: 126587 ns
[2020-09-11T12:08:50.848+0000][1][safepoint    ] Safepoint "Cleanup", Time since last: 1000200479 ns, Reaching safepoint: 108002 ns, At safepoint: 17166 ns, Total: 125168 ns
[2020-09-11T12:08:51.849+0000][1][safepoint    ] Safepoint "Cleanup", Time since last: 1000228054 ns, Reaching safepoint: 121733 ns, At safepoint: 16976 ns, Total: 138709 ns
[2020-09-11T12:08:52.849+0000][1][safepoint    ] Safepoint "Cleanup", Time since last: 1000205159 ns, Reaching safepoint: 101674 ns, At safepoint: 15629 ns, Total: 117303 ns
[2020-09-11T12:08:53.849+0000][1][safepoint    ] Safepoint "Cleanup", Time since last: 1000203724 ns, Reaching safepoint: 100802 ns, At safepoint: 15438 ns, Total: 116240 ns
[2020-09-11T12:08:54.850+0000][1][safepoint    ] Safepoint "Cleanup", Time since last: 1000296924 ns, Reaching safepoint: 99815 ns, At safepoint: 15533 ns, Total: 115348 ns
[2020-09-11T12:08:55.850+0000][1][safepoint    ] Safepoint "Cleanup", Time since last: 1000188985 ns, Reaching safepoint: 108001 ns, At safepoint: 16067 ns, Total: 124068 ns
[2020-09-11T12:08:56.851+0000][1][safepoint    ] Safepoint "Cleanup", Time since last: 1000239038 ns, Reaching safepoint: 97433 ns, At safepoint: 16081 ns, Total: 113514 ns
[2020-09-11T12:08:57.851+0000][1][safepoint    ] Safepoint "Cleanup", Time since last: 1000208095 ns, Reaching safepoint: 103247 ns, At safepoint: 16271 ns, Total: 119518 ns
[2020-09-11T12:08:58.851+0000][1][safepoint    ] Safepoint "Cleanup", Time since last: 1000197145 ns, Reaching safepoint: 102232 ns, At safepoint: 15659 ns, Total: 117891 ns
[2020-09-11T12:08:59.852+0000][1][safepoint    ] Safepoint "Cleanup", Time since last: 1000212989 ns, Reaching safepoint: 100494 ns, At safepoint: 16488 ns, Total: 116982 ns
[2020-09-11T12:09:00.852+0000][1][safepoint    ] Safepoint "Cleanup", Time since last: 1000196454 ns, Reaching safepoint: 91296 ns, At safepoint: 7450 ns, Total: 98746 ns
[2020-09-11T12:09:01.852+0000][1][safepoint    ] Safepoint "Cleanup", Time since last: 1000154254 ns, Reaching safepoint: 104553 ns, At safepoint: 15813 ns, Total: 120366 ns
[2020-09-11T12:09:02.852+0000][1][safepoint    ] Safepoint "Cleanup", Time since last: 1000229642 ns, Reaching safepoint: 76522 ns, At safepoint: 7136 ns, Total: 83658 ns
[2020-09-11T12:09:03.853+0000][1][safepoint    ] Safepoint "Cleanup", Time since last: 1000165196 ns, Reaching safepoint: 85443 ns, At safepoint: 6188 ns, Total: 91631 ns
[2020-09-11T12:09:04.853+0000][1][safepoint    ] Safepoint "Cleanup", Time since last: 1000181583 ns, Reaching safepoint: 84099 ns, At safepoint: 5811 ns, Total: 89910 ns
[2020-09-11T12:09:05.853+0000][1][safepoint    ] Safepoint "Cleanup", Time since last: 1000166762 ns, Reaching safepoint: 80900 ns, At safepoint: 6933 ns, Total: 87833 ns
[2020-09-11T12:09:06.854+0000][1][safepoint    ] Safepoint "Cleanup", Time since last: 1000169351 ns, Reaching safepoint: 106932 ns, At safepoint: 16949 ns, Total: 123881 ns
[2020-09-11T12:09:07.854+0000][1][safepoint    ] Safepoint "Cleanup", Time since last: 1000201836 ns, Reaching safepoint: 107356 ns, At safepoint: 17648 ns, Total: 125004 ns
[2020-09-11T12:09:08.854+0000][1][safepoint    ] Safepoint "Cleanup", Time since last: 1000202032 ns, Reaching safepoint: 99104 ns, At safepoint: 17042 ns, Total: 116146 ns
[2020-09-11T12:09:09.855+0000][1][safepoint    ] Safepoint "Cleanup", Time since last: 1000203250 ns, Reaching safepoint: 135250 ns, At safepoint: 16264 ns, Total: 151514 ns
[2020-09-11T12:09:10.855+0000][1][safepoint    ] Safepoint "Cleanup", Time since last: 1000144743 ns, Reaching safepoint: 303974 ns, At safepoint: 21175 ns, Total: 325149 ns
[2020-09-11T12:09:10.892+0000][1][gc,start     ] GC(69) Pause Young (Allocation Failure)
[2020-09-11T12:09:10.892+0000][1][gc,task      ] GC(69) Using 1 workers of 1 for evacuation
[2020-09-11T12:09:10.899+0000][1][gc,age       ] GC(69) Desired survivor size 4358144 bytes, new threshold 6 (max threshold 6)
[2020-09-11T12:09:10.899+0000][1][gc,age       ] GC(69) Age table with threshold 6 (max threshold 6)
[2020-09-11T12:09:10.899+0000][1][gc,age       ] GC(69) - age   1:      36080 bytes,      36080 total
[2020-09-11T12:09:10.899+0000][1][gc,age       ] GC(69) - age   2:       1472 bytes,      37552 total
[2020-09-11T12:09:10.899+0000][1][gc,age       ] GC(69) - age   3:      28152 bytes,      65704 total
[2020-09-11T12:09:10.899+0000][1][gc,age       ] GC(69) - age   4:      27392 bytes,      93096 total
[2020-09-11T12:09:10.899+0000][1][gc,age       ] GC(69) - age   5:    1343896 bytes,    1436992 total
[2020-09-11T12:09:10.900+0000][1][gc,heap      ] GC(69) ParNew: 69593K->2778K(76672K)
[2020-09-11T12:09:10.900+0000][1][gc,heap      ] GC(69) CMS: 62842K->62842K(439104K)
[2020-09-11T12:09:10.900+0000][1][gc,metaspace ] GC(69) Metaspace: 71532K->71532K(1116160K)
[2020-09-11T12:09:10.900+0000][1][gc           ] GC(69) Pause Young (Allocation Failure) 129M->64M(503M) 7.869ms
[2020-09-11T12:09:10.900+0000][1][gc,cpu       ] GC(69) User=0.01s Sys=0.00s Real=0.01s
[2020-09-11T12:09:10.900+0000][1][safepoint    ] Safepoint "GenCollectForAllocation", Time since last: 36524333 ns, Reaching safepoint: 171820 ns, At safepoint: 7974035 ns, Total: 8145855 ns
[2020-09-11T12:09:11.901+0000][1][safepoint    ] Safepoint "Cleanup", Time since last: 1001069450 ns, Reaching safepoint: 99725 ns, At safepoint: 41616 ns, Total: 141341 ns
[2020-09-11T12:09:12.901+0000][1][safepoint    ] Safepoint "Cleanup", Time since last: 1000162913 ns, Reaching safepoint: 101329 ns, At safepoint: 13827 ns, Total: 115156 ns
[2020-09-11T12:09:13.901+0000][1][safepoint    ] Safepoint "Cleanup", Time since last: 1000127419 ns, Reaching safepoint: 96261 ns, At safepoint: 41295 ns, Total: 137556 ns
[2020-09-11T12:09:14.902+0000][1][safepoint    ] Safepoint "Cleanup", Time since last: 1000161356 ns, Reaching safepoint: 98663 ns, At safepoint: 35247 ns, Total: 133910 ns
[2020-09-11T12:09:15.902+0000][1][safepoint    ] Safepoint "Cleanup", Time since last: 1000164402 ns, Reaching safepoint: 95053 ns, At safepoint: 5314 ns, Total: 100367 ns
[2020-09-11T12:09:16.903+0000][1][safepoint    ] Safepoint "Cleanup", Time since last: 1000129378 ns, Reaching safepoint: 444911 ns, At safepoint: 19471 ns, Total: 464382 ns
[2020-09-11T12:09:17.903+0000][1][safepoint    ] Safepoint "Cleanup", Time since last: 1000165945 ns, Reaching safepoint: 101165 ns, At safepoint: 16338 ns, Total: 117503 ns
[2020-09-11T12:09:18.903+0000][1][safepoint    ] Safepoint "Cleanup", Time since last: 1000164840 ns, Reaching safepoint: 100935 ns, At safepoint: 14059 ns, Total: 114994 ns
[2020-09-11T12:09:19.903+0000][1][safepoint    ] Safepoint "Cleanup", Time since last: 1000164273 ns, Reaching safepoint: 120861 ns, At safepoint: 13561 ns, Total: 134422 ns
[2020-09-11T12:09:20.904+0000][1][safepoint    ] Safepoint "Cleanup", Time since last: 1000343632 ns, Reaching safepoint: 169587 ns, At safepoint: 5949 ns, Total: 175536 ns
[2020-09-11T12:09:21.904+0000][1][safepoint    ] Safepoint "Cleanup", Time since last: 1000200719 ns, Reaching safepoint: 167628 ns, At safepoint: 6214 ns, Total: 173842 ns
[2020-09-11T12:09:22.907+0000][1][safepoint    ] Safepoint "Cleanup", Time since last: 1000683024 ns, Reaching safepoint: 2238263 ns, At safepoint: 8759 ns, Total: 2247022 ns
[2020-09-11T12:09:23.908+0000][1][safepoint    ] Safepoint "Cleanup", Time since last: 1000137471 ns, Reaching safepoint: 128555 ns, At safepoint: 15496 ns, Total: 144051 ns
[2020-09-11T12:09:24.908+0000][1][safepoint    ] Safepoint "Cleanup", Time since last: 1000158778 ns, Reaching safepoint: 96007 ns, At safepoint: 6441 ns, Total: 102448 ns
[2020-09-11T12:09:25.908+0000][1][safepoint    ] Safepoint "Cleanup", Time since last: 1000157284 ns, Reaching safepoint: 167341 ns, At safepoint: 6301 ns, Total: 173642 ns
[2020-09-11T12:09:26.909+0000][1][safepoint    ] Safepoint "Cleanup", Time since last: 1000197028 ns, Reaching safepoint: 212879 ns, At safepoint: 17851 ns, Total: 230730 ns
[2020-09-11T12:09:27.910+0000][1][safepoint    ] Safepoint "Cleanup", Time since last: 1001559809 ns, Reaching safepoint: 305488 ns, At safepoint: 22258 ns, Total: 327746 ns
[2020-09-11T12:09:28.911+0000][1][safepoint    ] Safepoint "Cleanup", Time since last: 1000160592 ns, Reaching safepoint: 258276 ns, At safepoint: 7103 ns, Total: 265379 ns
[2020-09-11T12:09:29.911+0000][1][safepoint    ] Safepoint "Cleanup", Time since last: 1000097263 ns, Reaching safepoint: 177269 ns, At safepoint: 7402 ns, Total: 184671 ns
[2020-09-11T12:09:30.911+0000][1][safepoint    ] Safepoint "Cleanup", Time since last: 1000096276 ns, Reaching safepoint: 184189 ns, At safepoint: 6788 ns, Total: 190977 ns
[2020-09-11T12:09:31.912+0000][1][safepoint    ] Safepoint "Cleanup", Time since last: 1000172324 ns, Reaching safepoint: 104453 ns, At safepoint: 16036 ns, Total: 120489 ns
[2020-09-11T12:09:32.912+0000][1][safepoint    ] Safepoint "Cleanup", Time since last: 1000215266 ns, Reaching safepoint: 117573 ns, At safepoint: 16230 ns, Total: 133803 ns
[2020-09-11T12:09:33.912+0000][1][safepoint    ] Safepoint "Cleanup", Time since last: 1000217749 ns, Reaching safepoint: 102439 ns, At safepoint: 16377 ns, Total: 118816 ns
[2020-09-11T12:09:34.913+0000][1][safepoint    ] Safepoint "Cleanup", Time since last: 1000217734 ns, Reaching safepoint: 106478 ns, At safepoint: 15839 ns, Total: 122317 ns
[2020-09-11T12:09:35.913+0000][1][safepoint    ] Safepoint "Cleanup", Time since last: 1000675464 ns, Reaching safepoint: 65654 ns, At safepoint: 6225 ns, Total: 71879 ns
[2020-09-11T12:09:36.914+0000][1][safepoint    ] Safepoint "Cleanup", Time since last: 1000190138 ns, Reaching safepoint: 83546 ns, At safepoint: 7773 ns, Total: 91319 ns
[2020-09-11T12:09:37.914+0000][1][safepoint    ] Safepoint "Cleanup", Time since last: 1000174861 ns, Reaching safepoint: 80935 ns, At safepoint: 6388 ns, Total: 87323 ns
[2020-09-11T12:09:38.914+0000][1][safepoint    ] Safepoint "Cleanup", Time since last: 1000155512 ns, Reaching safepoint: 82192 ns, At safepoint: 6202 ns, Total: 88394 ns
[2020-09-11T12:09:39.915+0000][1][safepoint    ] Safepoint "Cleanup", Time since last: 1000170398 ns, Reaching safepoint: 80085 ns, At safepoint: 6594 ns, Total: 86679 ns
[2020-09-11T12:09:40.915+0000][1][safepoint    ] Safepoint "Cleanup", Time since last: 1000158733 ns, Reaching safepoint: 143305 ns, At safepoint: 16201 ns, Total: 159506 ns
[2020-09-11T12:09:41.915+0000][1][safepoint    ] Safepoint "Cleanup", Time since last: 1000171322 ns, Reaching safepoint: 106204 ns, At safepoint: 14600 ns, Total: 120804 ns
[2020-09-11T12:09:42.915+0000][1][safepoint    ] Safepoint "Cleanup", Time since last: 1000175791 ns, Reaching safepoint: 128712 ns, At safepoint: 14019 ns, Total: 142731 ns
[2020-09-11T12:09:43.916+0000][1][safepoint    ] Safepoint "Cleanup", Time since last: 1000200071 ns, Reaching safepoint: 110287 ns, At safepoint: 16768 ns, Total: 127055 ns
[2020-09-11T12:09:44.916+0000][1][safepoint    ] Safepoint "Cleanup", Time since last: 1000196776 ns, Reaching safepoint: 88187 ns, At safepoint: 5712 ns, Total: 93899 ns
[2020-09-11T12:09:45.916+0000][1][safepoint    ] Safepoint "Cleanup", Time since last: 1000154938 ns, Reaching safepoint: 88217 ns, At safepoint: 6923 ns, Total: 95140 ns
[2020-09-11T12:09:46.917+0000][1][safepoint    ] Safepoint "Cleanup", Time since last: 1000132877 ns, Reaching safepoint: 102792 ns, At safepoint: 14139 ns, Total: 116931 ns
[2020-09-11T12:09:47.917+0000][1][safepoint    ] Safepoint "Cleanup", Time since last: 1000222388 ns, Reaching safepoint: 97995 ns, At safepoint: 16134 ns, Total: 114129 ns
[2020-09-11T12:09:48.917+0000][1][safepoint    ] Safepoint "Cleanup", Time since last: 1000219961 ns, Reaching safepoint: 84874 ns, At safepoint: 5878 ns, Total: 90752 ns
[2020-09-11T12:09:49.918+0000][1][safepoint    ] Safepoint "Cleanup", Time since last: 1000169769 ns, Reaching safepoint: 104630 ns, At safepoint: 16554 ns, Total: 121184 ns
[2020-09-11T12:09:50.918+0000][1][safepoint    ] Safepoint "Cleanup", Time since last: 1000212553 ns, Reaching safepoint: 103695 ns, At safepoint: 16341 ns, Total: 120036 ns
[2020-09-11T12:09:51.918+0000][1][safepoint    ] Safepoint "Cleanup", Time since last: 1000222376 ns, Reaching safepoint: 101021 ns, At safepoint: 16107 ns, Total: 117128 ns
[2020-09-11T12:09:52.918+0000][1][safepoint    ] Safepoint "Cleanup", Time since last: 1000174973 ns, Reaching safepoint: 103591 ns, At safepoint: 15098 ns, Total: 118689 ns
[2020-09-11T12:09:53.919+0000][1][safepoint    ] Safepoint "Cleanup", Time since last: 1000214817 ns, Reaching safepoint: 86844 ns, At safepoint: 7653 ns, Total: 94497 ns
[2020-09-11T12:09:54.919+0000][1][safepoint    ] Safepoint "Cleanup", Time since last: 1000180827 ns, Reaching safepoint: 105111 ns, At safepoint: 14911 ns, Total: 120022 ns
[2020-09-11T12:09:55.919+0000][1][safepoint    ] Safepoint "Cleanup", Time since last: 1000187481 ns, Reaching safepoint: 156429 ns, At safepoint: 14624 ns, Total: 171053 ns
[2020-09-11T12:09:56.920+0000][1][safepoint    ] Safepoint "Cleanup", Time since last: 1000201467 ns, Reaching safepoint: 122281 ns, At safepoint: 16024 ns, Total: 138305 ns
[2020-09-11T12:09:57.920+0000][1][safepoint    ] Safepoint "Cleanup", Time since last: 1000219605 ns, Reaching safepoint: 111332 ns, At safepoint: 17036 ns, Total: 128368 ns
[2020-09-11T12:09:58.920+0000][1][safepoint    ] Safepoint "Cleanup", Time since last: 1000200521 ns, Reaching safepoint: 109915 ns, At safepoint: 14423 ns, Total: 124338 ns
[2020-09-11T12:09:59.921+0000][1][safepoint    ] Safepoint "Cleanup", Time since last: 1000209411 ns, Reaching safepoint: 109318 ns, At safepoint: 16765 ns, Total: 126083 ns
[2020-09-11T12:10:00.921+0000][1][safepoint    ] Safepoint "Cleanup", Time since last: 1000213165 ns, Reaching safepoint: 111265 ns, At safepoint: 15729 ns, Total: 126994 ns
[2020-09-11T12:10:01.921+0000][1][safepoint    ] Safepoint "Cleanup", Time since last: 1000200621 ns, Reaching safepoint: 106634 ns, At safepoint: 15947 ns, Total: 122581 ns
[2020-09-11T12:10:02.922+0000][1][safepoint    ] Safepoint "Cleanup", Time since last: 1000232799 ns, Reaching safepoint: 71995 ns, At safepoint: 16969 ns, Total: 88964 ns
[2020-09-11T12:10:03.922+0000][1][safepoint    ] Safepoint "Cleanup", Time since last: 1000221620 ns, Reaching safepoint: 79425 ns, At safepoint: 7252 ns, Total: 86677 ns
[2020-09-11T12:10:04.922+0000][1][safepoint    ] Safepoint "Cleanup", Time since last: 1000187452 ns, Reaching safepoint: 83463 ns, At safepoint: 6192 ns, Total: 89655 ns
[2020-09-11T12:10:05.923+0000][1][safepoint    ] Safepoint "Cleanup", Time since last: 1000199033 ns, Reaching safepoint: 86787 ns, At safepoint: 6878 ns, Total: 93665 ns
[2020-09-11T12:10:06.923+0000][1][safepoint    ] Safepoint "Cleanup", Time since last: 1000176853 ns, Reaching safepoint: 84956 ns, At safepoint: 6241 ns, Total: 91197 ns
[2020-09-11T12:10:07.923+0000][1][safepoint    ] Safepoint "Cleanup", Time since last: 1000191821 ns, Reaching safepoint: 83779 ns, At safepoint: 6835 ns, Total: 90614 ns
[2020-09-11T12:10:08.924+0000][1][safepoint    ] Safepoint "Cleanup", Time since last: 1000224840 ns, Reaching safepoint: 58640 ns, At safepoint: 6159 ns, Total: 64799 ns
[2020-09-11T12:10:09.924+0000][1][safepoint    ] Safepoint "Cleanup", Time since last: 1000182658 ns, Reaching safepoint: 119418 ns, At safepoint: 18676 ns, Total: 138094 ns
[2020-09-11T12:10:10.924+0000][1][safepoint    ] Safepoint "Cleanup", Time since last: 1000178715 ns, Reaching safepoint: 129320 ns, At safepoint: 16121 ns, Total: 145441 ns
[2020-09-11T12:10:11.924+0000][1][safepoint    ] Safepoint "Cleanup", Time since last: 1000198319 ns, Reaching safepoint: 82445 ns, At safepoint: 6374 ns, Total: 88819 ns
[2020-09-11T12:10:12.925+0000][1][safepoint    ] Safepoint "Cleanup", Time since last: 1000169200 ns, Reaching safepoint: 108653 ns, At safepoint: 16037 ns, Total: 124690 ns
[2020-09-11T12:10:13.925+0000][1][safepoint    ] Safepoint "Cleanup", Time since last: 1000178037 ns, Reaching safepoint: 111297 ns, At safepoint: 6479 ns, Total: 117776 ns
[2020-09-11T12:10:14.925+0000][1][safepoint    ] Safepoint "Cleanup", Time since last: 1000164301 ns, Reaching safepoint: 101991 ns, At safepoint: 15205 ns, Total: 117196 ns
[2020-09-11T12:10:15.926+0000][1][safepoint    ] Safepoint "Cleanup", Time since last: 1000204786 ns, Reaching safepoint: 126618 ns, At safepoint: 16938 ns, Total: 143556 ns
[2020-09-11T12:10:16.926+0000][1][safepoint    ] Safepoint "Cleanup", Time since last: 1000199667 ns, Reaching safepoint: 111189 ns, At safepoint: 16461 ns, Total: 127650 ns
[2020-09-11T12:10:17.926+0000][1][safepoint    ] Safepoint "Cleanup", Time since last: 1000213565 ns, Reaching safepoint: 108863 ns, At safepoint: 17517 ns, Total: 126380 ns
[2020-09-11T12:10:18.927+0000][1][safepoint    ] Safepoint "Cleanup", Time since last: 1000217753 ns, Reaching safepoint: 83293 ns, At safepoint: 6815 ns, Total: 90108 ns
[2020-09-11T12:10:19.927+0000][1][safepoint    ] Safepoint "Cleanup", Time since last: 1000183332 ns, Reaching safepoint: 94307 ns, At safepoint: 7151 ns, Total: 101458 ns
[2020-09-11T12:10:20.927+0000][1][safepoint    ] Safepoint "Cleanup", Time since last: 1000194536 ns, Reaching safepoint: 111495 ns, At safepoint: 16492 ns, Total: 127987 ns
[2020-09-11T12:10:21.928+0000][1][safepoint    ] Safepoint "Cleanup", Time since last: 1000193011 ns, Reaching safepoint: 72111 ns, At safepoint: 6883 ns, Total: 78994 ns
[2020-09-11T12:10:22.928+0000][1][safepoint    ] Safepoint "Cleanup", Time since last: 1000182155 ns, Reaching safepoint: 118689 ns, At safepoint: 17289 ns, Total: 135978 ns
[2020-09-11T12:10:23.928+0000][1][safepoint    ] Safepoint "Cleanup", Time since last: 1000238016 ns, Reaching safepoint: 124693 ns, At safepoint: 19421 ns, Total: 144114 ns
[2020-09-11T12:10:24.929+0000][1][safepoint    ] Safepoint "Cleanup", Time since last: 1000218724 ns, Reaching safepoint: 108850 ns, At safepoint: 16161 ns, Total: 125011 ns
[2020-09-11T12:10:25.929+0000][1][safepoint    ] Safepoint "Cleanup", Time since last: 1000212773 ns, Reaching safepoint: 111185 ns, At safepoint: 17006 ns, Total: 128191 ns
[2020-09-11T12:10:26.028+0000][1][gc,start     ] GC(70) Pause Young (Allocation Failure)
[2020-09-11T12:10:26.028+0000][1][gc,task      ] GC(70) Using 1 workers of 1 for evacuation
[2020-09-11T12:10:26.035+0000][1][gc,age       ] GC(70) Desired survivor size 4358144 bytes, new threshold 6 (max threshold 6)
[2020-09-11T12:10:26.035+0000][1][gc,age       ] GC(70) Age table with threshold 6 (max threshold 6)
[2020-09-11T12:10:26.035+0000][1][gc,age       ] GC(70) - age   1:       8088 bytes,       8088 total
[2020-09-11T12:10:26.035+0000][1][gc,age       ] GC(70) - age   2:      26744 bytes,      34832 total
[2020-09-11T12:10:26.035+0000][1][gc,age       ] GC(70) - age   3:       1472 bytes,      36304 total
[2020-09-11T12:10:26.035+0000][1][gc,age       ] GC(70) - age   4:      27616 bytes,      63920 total
[2020-09-11T12:10:26.035+0000][1][gc,age       ] GC(70) - age   5:      27392 bytes,      91312 total
[2020-09-11T12:10:26.035+0000][1][gc,age       ] GC(70) - age   6:    1343896 bytes,    1435208 total
[2020-09-11T12:10:26.035+0000][1][gc,heap      ] GC(70) ParNew: 70938K->1747K(76672K)
[2020-09-11T12:10:26.035+0000][1][gc,heap      ] GC(70) CMS: 62842K->62842K(439104K)
[2020-09-11T12:10:26.035+0000][1][gc,metaspace ] GC(70) Metaspace: 71606K->71606K(1116160K)
[2020-09-11T12:10:26.036+0000][1][gc           ] GC(70) Pause Young (Allocation Failure) 130M->63M(503M) 7.667ms
[2020-09-11T12:10:26.036+0000][1][gc,cpu       ] GC(70) User=0.01s Sys=0.00s Real=0.01s
[2020-09-11T12:10:26.047+0000][1][safepoint    ] Safepoint "GenCollectForAllocation", Time since last: 98780538 ns, Reaching safepoint: 166406 ns, At safepoint: 19648602 ns, Total: 19815008 ns
[2020-09-11T12:10:27.053+0000][1][safepoint    ] Safepoint "Cleanup", Time since last: 1004802429 ns, Reaching safepoint: 212010 ns, At safepoint: 17640 ns, Total: 229650 ns
[2020-09-11T12:10:28.053+0000][1][safepoint    ] Safepoint "Cleanup", Time since last: 1000235902 ns, Reaching safepoint: 84257 ns, At safepoint: 6201 ns, Total: 90458 ns
[2020-09-11T12:10:29.054+0000][1][safepoint    ] Safepoint "Cleanup", Time since last: 1000902524 ns, Reaching safepoint: 310282 ns, At safepoint: 22011 ns, Total: 332293 ns
[2020-09-11T12:10:30.054+0000][1][safepoint    ] Safepoint "Cleanup", Time since last: 1000153902 ns, Reaching safepoint: 208997 ns, At safepoint: 17379 ns, Total: 226376 ns
[2020-09-11T12:10:31.055+0000][1][safepoint    ] Safepoint "Cleanup", Time since last: 1000134893 ns, Reaching safepoint: 179825 ns, At safepoint: 6988 ns, Total: 186813 ns
[2020-09-11T12:10:32.055+0000][1][safepoint    ] Safepoint "Cleanup", Time since last: 1000120544 ns, Reaching safepoint: 63395 ns, At safepoint: 6698 ns, Total: 70093 ns
[2020-09-11T12:10:33.055+0000][1][safepoint    ] Safepoint "Cleanup", Time since last: 1000180959 ns, Reaching safepoint: 90128 ns, At safepoint: 7813 ns, Total: 97941 ns
[2020-09-11T12:10:34.056+0000][1][safepoint    ] Safepoint "Cleanup", Time since last: 1000161507 ns, Reaching safepoint: 93422 ns, At safepoint: 6589 ns, Total: 100011 ns
[2020-09-11T12:10:35.056+0000][1][safepoint    ] Safepoint "Cleanup", Time since last: 1000170446 ns, Reaching safepoint: 109360 ns, At safepoint: 17497 ns, Total: 126857 ns
[2020-09-11T12:10:36.056+0000][1][safepoint    ] Safepoint "Cleanup", Time since last: 1000235420 ns, Reaching safepoint: 110230 ns, At safepoint: 16437 ns, Total: 126667 ns
[2020-09-11T12:10:37.057+0000][1][safepoint    ] Safepoint "Cleanup", Time since last: 1000222705 ns, Reaching safepoint: 107891 ns, At safepoint: 17189 ns, Total: 125080 ns
[2020-09-11T12:10:38.057+0000][1][safepoint    ] Safepoint "Cleanup", Time since last: 1000181513 ns, Reaching safepoint: 109141 ns, At safepoint: 14924 ns, Total: 124065 ns
[2020-09-11T12:10:39.057+0000][1][safepoint    ] Safepoint "Cleanup", Time since last: 1000206227 ns, Reaching safepoint: 84466 ns, At safepoint: 7140 ns, Total: 91606 ns
[2020-09-11T12:10:40.057+0000][1][safepoint    ] Safepoint "Cleanup", Time since last: 1000170522 ns, Reaching safepoint: 92372 ns, At safepoint: 6482 ns, Total: 98854 ns
[2020-09-11T12:10:41.058+0000][1][safepoint    ] Safepoint "Cleanup", Time since last: 1000168092 ns, Reaching safepoint: 89061 ns, At safepoint: 6702 ns, Total: 95763 ns
[2020-09-11T12:10:42.058+0000][1][safepoint    ] Safepoint "Cleanup", Time since last: 1000129835 ns, Reaching safepoint: 157318 ns, At safepoint: 13745 ns, Total: 171063 ns
[2020-09-11T12:10:43.058+0000][1][safepoint    ] Safepoint "Cleanup", Time since last: 1000202586 ns, Reaching safepoint: 89549 ns, At safepoint: 6538 ns, Total: 96087 ns
[2020-09-11T12:10:44.059+0000][1][safepoint    ] Safepoint "Cleanup", Time since last: 1000166868 ns, Reaching safepoint: 86219 ns, At safepoint: 6545 ns, Total: 92764 ns
[2020-09-11T12:10:45.059+0000][1][safepoint    ] Safepoint "Cleanup", Time since last: 1000190327 ns, Reaching safepoint: 85056 ns, At safepoint: 6975 ns, Total: 92031 ns
[2020-09-11T12:10:46.059+0000][1][safepoint    ] Safepoint "Cleanup", Time since last: 1000188793 ns, Reaching safepoint: 88345 ns, At safepoint: 5959 ns, Total: 94304 ns
[2020-09-11T12:10:47.059+0000][1][safepoint    ] Safepoint "Cleanup", Time since last: 1000174652 ns, Reaching safepoint: 103203 ns, At safepoint: 80542 ns, Total: 183745 ns
[2020-09-11T12:10:48.060+0000][1][safepoint    ] Safepoint "Cleanup", Time since last: 1000207169 ns, Reaching safepoint: 102957 ns, At safepoint: 14918 ns, Total: 117875 ns
[2020-09-11T12:10:49.060+0000][1][safepoint    ] Safepoint "Cleanup", Time since last: 1000199859 ns, Reaching safepoint: 112769 ns, At safepoint: 16829 ns, Total: 129598 ns
[2020-09-11T12:10:50.060+0000][1][safepoint    ] Safepoint "Cleanup", Time since last: 1000228011 ns, Reaching safepoint: 87620 ns, At safepoint: 6097 ns, Total: 93717 ns
[2020-09-11T12:10:51.061+0000][1][safepoint    ] Safepoint "Cleanup", Time since last: 1000190101 ns, Reaching safepoint: 84384 ns, At safepoint: 6696 ns, Total: 91080 ns
[2020-09-11T12:10:52.061+0000][1][safepoint    ] Safepoint "Cleanup", Time since last: 1000172001 ns, Reaching safepoint: 114636 ns, At safepoint: 17841 ns, Total: 132477 ns
[2020-09-11T12:10:53.061+0000][1][safepoint    ] Safepoint "Cleanup", Time since last: 1000212969 ns, Reaching safepoint: 110770 ns, At safepoint: 16762 ns, Total: 127532 ns
[2020-09-11T12:10:54.062+0000][1][safepoint    ] Safepoint "Cleanup", Time since last: 1000203186 ns, Reaching safepoint: 86963 ns, At safepoint: 6177 ns, Total: 93140 ns
[2020-09-11T12:10:55.062+0000][1][safepoint    ] Safepoint "Cleanup", Time since last: 1000181021 ns, Reaching safepoint: 84379 ns, At safepoint: 6844 ns, Total: 91223 ns
[2020-09-11T12:10:56.062+0000][1][safepoint    ] Safepoint "Cleanup", Time since last: 1000171820 ns, Reaching safepoint: 111182 ns, At safepoint: 16040 ns, Total: 127222 ns
[2020-09-11T12:10:57.063+0000][1][safepoint    ] Safepoint "Cleanup", Time since last: 1000203399 ns, Reaching safepoint: 106718 ns, At safepoint: 17029 ns, Total: 123747 ns
[2020-09-11T12:10:58.063+0000][1][safepoint    ] Safepoint "Cleanup", Time since last: 1000224594 ns, Reaching safepoint: 109397 ns, At safepoint: 16158 ns, Total: 125555 ns
[2020-09-11T12:10:59.063+0000][1][safepoint    ] Safepoint "Cleanup", Time since last: 1000258146 ns, Reaching safepoint: 79450 ns, At safepoint: 6646 ns, Total: 86096 ns
[2020-09-11T12:11:00.064+0000][1][safepoint    ] Safepoint "Cleanup", Time since last: 1000213431 ns, Reaching safepoint: 76752 ns, At safepoint: 6722 ns, Total: 83474 ns
[2020-09-11T12:11:01.064+0000][1][safepoint    ] Safepoint "Cleanup", Time since last: 1000192880 ns, Reaching safepoint: 111001 ns, At safepoint: 17206 ns, Total: 128207 ns
[2020-09-11T12:11:02.064+0000][1][safepoint    ] Safepoint "Cleanup", Time since last: 1000237081 ns, Reaching safepoint: 76670 ns, At safepoint: 6337 ns, Total: 83007 ns
[2020-09-11T12:11:03.064+0000][1][safepoint    ] Safepoint "Cleanup", Time since last: 1000185698 ns, Reaching safepoint: 103140 ns, At safepoint: 16434 ns, Total: 119574 ns
[2020-09-11T12:11:04.065+0000][1][safepoint    ] Safepoint "Cleanup", Time since last: 1000200753 ns, Reaching safepoint: 106219 ns, At safepoint: 6321 ns, Total: 112540 ns
[2020-09-11T12:11:05.065+0000][1][safepoint    ] Safepoint "Cleanup", Time since last: 1000200249 ns, Reaching safepoint: 88269 ns, At safepoint: 7085 ns, Total: 95354 ns
[2020-09-11T12:11:06.065+0000][1][safepoint    ] Safepoint "Cleanup", Time since last: 1000164156 ns, Reaching safepoint: 105562 ns, At safepoint: 15793 ns, Total: 121355 ns
[2020-09-11T12:11:07.066+0000][1][safepoint    ] Safepoint "Cleanup", Time since last: 1000209313 ns, Reaching safepoint: 107013 ns, At safepoint: 15746 ns, Total: 122759 ns
[2020-09-11T12:11:08.066+0000][1][safepoint    ] Safepoint "Cleanup", Time since last: 1000219563 ns, Reaching safepoint: 103448 ns, At safepoint: 15001 ns, Total: 118449 ns
[2020-09-11T12:11:09.066+0000][1][safepoint    ] Safepoint "Cleanup", Time since last: 1000212114 ns, Reaching safepoint: 111750 ns, At safepoint: 17133 ns, Total: 128883 ns
[2020-09-11T12:11:10.067+0000][1][safepoint    ] Safepoint "Cleanup", Time since last: 1000216809 ns, Reaching safepoint: 109471 ns, At safepoint: 16836 ns, Total: 126307 ns
[2020-09-11T12:11:11.067+0000][1][safepoint    ] Safepoint "Cleanup", Time since last: 1000218590 ns, Reaching safepoint: 103571 ns, At safepoint: 16768 ns, Total: 120339 ns
[2020-09-11T12:11:12.067+0000][1][safepoint    ] Safepoint "Cleanup", Time since last: 1000209792 ns, Reaching safepoint: 136497 ns, At safepoint: 15008 ns, Total: 151505 ns
[2020-09-11T12:11:13.068+0000][1][safepoint    ] Safepoint "Cleanup", Time since last: 1000269330 ns, Reaching safepoint: 160063 ns, At safepoint: 18336 ns, Total: 178399 ns
[2020-09-11T12:11:14.068+0000][1][safepoint    ] Safepoint "Cleanup", Time since last: 1000217943 ns, Reaching safepoint: 111530 ns, At safepoint: 16598 ns, Total: 128128 ns
[2020-09-11T12:11:15.069+0000][1][safepoint    ] Safepoint "Cleanup", Time since last: 1000206887 ns, Reaching safepoint: 110206 ns, At safepoint: 17500 ns, Total: 127706 ns
[2020-09-11T12:11:16.069+0000][1][safepoint    ] Safepoint "Cleanup", Time since last: 1000226932 ns, Reaching safepoint: 84216 ns, At safepoint: 6144 ns, Total: 90360 ns
[2020-09-11T12:11:17.069+0000][1][safepoint    ] Safepoint "Cleanup", Time since last: 1000166477 ns, Reaching safepoint: 92718 ns, At safepoint: 7547 ns, Total: 100265 ns
[2020-09-11T12:11:18.069+0000][1][safepoint    ] Safepoint "Cleanup", Time since last: 1000183005 ns, Reaching safepoint: 104199 ns, At safepoint: 15429 ns, Total: 119628 ns
[2020-09-11T12:11:19.070+0000][1][safepoint    ] Safepoint "Cleanup", Time since last: 1000234647 ns, Reaching safepoint: 110600 ns, At safepoint: 17156 ns, Total: 127756 ns
[2020-09-11T12:11:20.070+0000][1][safepoint    ] Safepoint "Cleanup", Time since last: 1000241635 ns, Reaching safepoint: 80645 ns, At safepoint: 6226 ns, Total: 86871 ns
[2020-09-11T12:11:21.070+0000][1][safepoint    ] Safepoint "Cleanup", Time since last: 1000180884 ns, Reaching safepoint: 121332 ns, At safepoint: 16939 ns, Total: 138271 ns
[2020-09-11T12:11:22.071+0000][1][safepoint    ] Safepoint "Cleanup", Time since last: 1000239720 ns, Reaching safepoint: 110116 ns, At safepoint: 15936 ns, Total: 126052 ns
[2020-09-11T12:11:23.071+0000][1][safepoint    ] Safepoint "Cleanup", Time since last: 1000240161 ns, Reaching safepoint: 78551 ns, At safepoint: 7413 ns, Total: 85964 ns
[2020-09-11T12:11:24.071+0000][1][safepoint    ] Safepoint "Cleanup", Time since last: 1000172976 ns, Reaching safepoint: 100098 ns, At safepoint: 5963 ns, Total: 106061 ns
[2020-09-11T12:11:25.072+0000][1][safepoint    ] Safepoint "Cleanup", Time since last: 1000163076 ns, Reaching safepoint: 56491 ns, At safepoint: 6099 ns, Total: 62590 ns
[2020-09-11T12:11:26.072+0000][1][safepoint    ] Safepoint "Cleanup", Time since last: 1000134298 ns, Reaching safepoint: 102736 ns, At safepoint: 5800 ns, Total: 108536 ns
[2020-09-11T12:11:27.072+0000][1][safepoint    ] Safepoint "Cleanup", Time since last: 1000174067 ns, Reaching safepoint: 86017 ns, At safepoint: 7171 ns, Total: 93188 ns
[2020-09-11T12:11:28.072+0000][1][safepoint    ] Safepoint "Cleanup", Time since last: 1000194346 ns, Reaching safepoint: 117496 ns, At safepoint: 16658 ns, Total: 134154 ns
[2020-09-11T12:11:29.073+0000][1][safepoint    ] Safepoint "Cleanup", Time since last: 1000216624 ns, Reaching safepoint: 86869 ns, At safepoint: 7992 ns, Total: 94861 ns
[2020-09-11T12:11:30.073+0000][1][safepoint    ] Safepoint "Cleanup", Time since last: 1000192025 ns, Reaching safepoint: 79838 ns, At safepoint: 6248 ns, Total: 86086 ns
[2020-09-11T12:11:31.073+0000][1][safepoint    ] Safepoint "Cleanup", Time since last: 1000180593 ns, Reaching safepoint: 85571 ns, At safepoint: 6717 ns, Total: 92288 ns
[2020-09-11T12:11:32.074+0000][1][safepoint    ] Safepoint "Cleanup", Time since last: 1000164339 ns, Reaching safepoint: 89919 ns, At safepoint: 6337 ns, Total: 96256 ns
[2020-09-11T12:11:33.074+0000][1][safepoint    ] Safepoint "Cleanup", Time since last: 1000192975 ns, Reaching safepoint: 83570 ns, At safepoint: 6881 ns, Total: 90451 ns
[2020-09-11T12:11:34.074+0000][1][safepoint    ] Safepoint "Cleanup", Time since last: 1000136745 ns, Reaching safepoint: 132611 ns, At safepoint: 17530 ns, Total: 150141 ns
[2020-09-11T12:11:35.074+0000][1][safepoint    ] Safepoint "Cleanup", Time since last: 1000176834 ns, Reaching safepoint: 104214 ns, At safepoint: 6454 ns, Total: 110668 ns
[2020-09-11T12:11:36.075+0000][1][safepoint    ] Safepoint "Cleanup", Time since last: 1000162516 ns, Reaching safepoint: 110550 ns, At safepoint: 15860 ns, Total: 126410 ns
[2020-09-11T12:11:37.075+0000][1][safepoint    ] Safepoint "Cleanup", Time since last: 1000212689 ns, Reaching safepoint: 110363 ns, At safepoint: 16641 ns, Total: 127004 ns
[2020-09-11T12:11:37.166+0000][1][gc,start     ] GC(71) Pause Young (Allocation Failure)
[2020-09-11T12:11:37.166+0000][1][gc,task      ] GC(71) Using 1 workers of 1 for evacuation
[2020-09-11T12:11:37.180+0000][1][gc,age       ] GC(71) Desired survivor size 4358144 bytes, new threshold 6 (max threshold 6)
[2020-09-11T12:11:37.180+0000][1][gc,age       ] GC(71) Age table with threshold 6 (max threshold 6)
[2020-09-11T12:11:37.180+0000][1][gc,age       ] GC(71) - age   1:      12224 bytes,      12224 total
[2020-09-11T12:11:37.180+0000][1][gc,age       ] GC(71) - age   2:       2200 bytes,      14424 total
[2020-09-11T12:11:37.180+0000][1][gc,age       ] GC(71) - age   3:      26744 bytes,      41168 total
[2020-09-11T12:11:37.180+0000][1][gc,age       ] GC(71) - age   4:       1472 bytes,      42640 total
[2020-09-11T12:11:37.180+0000][1][gc,age       ] GC(71) - age   5:      27080 bytes,      69720 total
[2020-09-11T12:11:37.180+0000][1][gc,age       ] GC(71) - age   6:      27392 bytes,      97112 total
[2020-09-11T12:11:37.180+0000][1][gc,heap      ] GC(71) ParNew: 69907K->1269K(76672K)
[2020-09-11T12:11:37.180+0000][1][gc,heap      ] GC(71) CMS: 62842K->64189K(439104K)
[2020-09-11T12:11:37.180+0000][1][gc,metaspace ] GC(71) Metaspace: 71643K->71643K(1116160K)
[2020-09-11T12:11:37.180+0000][1][gc           ] GC(71) Pause Young (Allocation Failure) 129M->63M(503M) 13.646ms
[2020-09-11T12:11:37.180+0000][1][gc,cpu       ] GC(71) User=0.01s Sys=0.00s Real=0.01s
[2020-09-11T12:11:37.180+0000][1][safepoint    ] Safepoint "GenCollectForAllocation", Time since last: 90959487 ns, Reaching safepoint: 245828 ns, At safepoint: 13819722 ns, Total: 14065550 ns
[2020-09-11T12:11:38.181+0000][1][safepoint    ] Safepoint "Cleanup", Time since last: 1000441835 ns, Reaching safepoint: 99425 ns, At safepoint: 18006 ns, Total: 117431 ns
[2020-09-11T12:11:39.181+0000][1][safepoint    ] Safepoint "Cleanup", Time since last: 1000132564 ns, Reaching safepoint: 98992 ns, At safepoint: 31586 ns, Total: 130578 ns
[2020-09-11T12:11:40.181+0000][1][safepoint    ] Safepoint "Cleanup", Time since last: 1000135985 ns, Reaching safepoint: 99408 ns, At safepoint: 17848 ns, Total: 117256 ns
[2020-09-11T12:11:41.181+0000][1][safepoint    ] Safepoint "Cleanup", Time since last: 1000128677 ns, Reaching safepoint: 106451 ns, At safepoint: 4967 ns, Total: 111418 ns
[2020-09-11T12:11:42.182+0000][1][safepoint    ] Safepoint "Cleanup", Time since last: 1000134728 ns, Reaching safepoint: 102418 ns, At safepoint: 5384 ns, Total: 107802 ns
[2020-09-11T12:11:43.182+0000][1][safepoint    ] Safepoint "Cleanup", Time since last: 1000137855 ns, Reaching safepoint: 98671 ns, At safepoint: 5169 ns, Total: 103840 ns
[2020-09-11T12:11:44.182+0000][1][safepoint    ] Safepoint "Cleanup", Time since last: 1000137191 ns, Reaching safepoint: 115946 ns, At safepoint: 14106 ns, Total: 130052 ns
[2020-09-11T12:11:45.182+0000][1][safepoint    ] Safepoint "Cleanup", Time since last: 1000175912 ns, Reaching safepoint: 109755 ns, At safepoint: 12673 ns, Total: 122428 ns
[2020-09-11T12:11:46.183+0000][1][safepoint    ] Safepoint "Cleanup", Time since last: 1000175258 ns, Reaching safepoint: 112120 ns, At safepoint: 5792 ns, Total: 117912 ns
[2020-09-11T12:11:47.183+0000][1][safepoint    ] Safepoint "Cleanup", Time since last: 1000134707 ns, Reaching safepoint: 100721 ns, At safepoint: 13671 ns, Total: 114392 ns
[2020-09-11T12:11:48.183+0000][1][safepoint    ] Safepoint "Cleanup", Time since last: 1000172892 ns, Reaching safepoint: 98940 ns, At safepoint: 12977 ns, Total: 111917 ns
[2020-09-11T12:11:49.184+0000][1][safepoint    ] Safepoint "Cleanup", Time since last: 1000190690 ns, Reaching safepoint: 204462 ns, At safepoint: 18609 ns, Total: 223071 ns
[2020-09-11T12:11:50.184+0000][1][safepoint    ] Safepoint "Cleanup", Time since last: 1000175920 ns, Reaching safepoint: 94104 ns, At safepoint: 5638 ns, Total: 99742 ns
[2020-09-11T12:11:51.184+0000][1][safepoint    ] Safepoint "Cleanup", Time since last: 1000157582 ns, Reaching safepoint: 84918 ns, At safepoint: 6017 ns, Total: 90935 ns
[2020-09-11T12:11:52.185+0000][1][safepoint    ] Safepoint "Cleanup", Time since last: 1000161841 ns, Reaching safepoint: 101469 ns, At safepoint: 15977 ns, Total: 117446 ns
[2020-09-11T12:11:53.185+0000][1][safepoint    ] Safepoint "Cleanup", Time since last: 1000204204 ns, Reaching safepoint: 49960 ns, At safepoint: 5914 ns, Total: 55874 ns
[2020-09-11T12:11:54.185+0000][1][safepoint    ] Safepoint "Cleanup", Time since last: 1000129000 ns, Reaching safepoint: 100561 ns, At safepoint: 31131 ns, Total: 131692 ns
[2020-09-11T12:11:55.185+0000][1][safepoint    ] Safepoint "Cleanup", Time since last: 1000198985 ns, Reaching safepoint: 121940 ns, At safepoint: 13895 ns, Total: 135835 ns
[2020-09-11T12:11:56.186+0000][1][safepoint    ] Safepoint "Cleanup", Time since last: 1000136732 ns, Reaching safepoint: 165958 ns, At safepoint: 6876 ns, Total: 172834 ns
[2020-09-11T12:11:57.186+0000][1][safepoint    ] Safepoint "Cleanup", Time since last: 1000223051 ns, Reaching safepoint: 117837 ns, At safepoint: 16290 ns, Total: 134127 ns
[2020-09-11T12:11:58.186+0000][1][safepoint    ] Safepoint "Cleanup", Time since last: 1000221694 ns, Reaching safepoint: 119655 ns, At safepoint: 16915 ns, Total: 136570 ns
[2020-09-11T12:11:59.187+0000][1][safepoint    ] Safepoint "Cleanup", Time since last: 1000191884 ns, Reaching safepoint: 117129 ns, At safepoint: 15826 ns, Total: 132955 ns
[2020-09-11T12:12:00.187+0000][1][safepoint    ] Safepoint "Cleanup", Time since last: 1000227597 ns, Reaching safepoint: 120724 ns, At safepoint: 15966 ns, Total: 136690 ns
[2020-09-11T12:12:01.187+0000][1][safepoint    ] Safepoint "Cleanup", Time since last: 1000151057 ns, Reaching safepoint: 65919 ns, At safepoint: 5995 ns, Total: 71914 ns
[2020-09-11T12:12:02.188+0000][1][safepoint    ] Safepoint "Cleanup", Time since last: 1000295342 ns, Reaching safepoint: 122825 ns, At safepoint: 15108 ns, Total: 137933 ns
[2020-09-11T12:12:03.188+0000][1][safepoint    ] Safepoint "Cleanup", Time since last: 1000189663 ns, Reaching safepoint: 117549 ns, At safepoint: 16425 ns, Total: 133974 ns
[2020-09-11T12:12:04.188+0000][1][safepoint    ] Safepoint "Cleanup", Time since last: 1000201643 ns, Reaching safepoint: 113616 ns, At safepoint: 6988 ns, Total: 120604 ns
[2020-09-11T12:12:05.189+0000][1][safepoint    ] Safepoint "Cleanup", Time since last: 1000177066 ns, Reaching safepoint: 96816 ns, At safepoint: 6388 ns, Total: 103204 ns
[2020-09-11T12:12:06.189+0000][1][safepoint    ] Safepoint "Cleanup", Time since last: 1000195573 ns, Reaching safepoint: 119504 ns, At safepoint: 16665 ns, Total: 136169 ns
[2020-09-11T12:12:07.189+0000][1][safepoint    ] Safepoint "Cleanup", Time since last: 1000240429 ns, Reaching safepoint: 115515 ns, At safepoint: 17159 ns, Total: 132674 ns
[2020-09-11T12:12:08.190+0000][1][safepoint    ] Safepoint "Cleanup", Time since last: 1000192766 ns, Reaching safepoint: 119196 ns, At safepoint: 16271 ns, Total: 135467 ns
[2020-09-11T12:12:09.190+0000][1][safepoint    ] Safepoint "Cleanup", Time since last: 1000239583 ns, Reaching safepoint: 117974 ns, At safepoint: 16411 ns, Total: 134385 ns
[2020-09-11T12:12:10.190+0000][1][safepoint    ] Safepoint "Cleanup", Time since last: 1000215052 ns, Reaching safepoint: 112621 ns, At safepoint: 16355 ns, Total: 128976 ns
[2020-09-11T12:12:11.191+0000][1][safepoint    ] Safepoint "Cleanup", Time since last: 1000248326 ns, Reaching safepoint: 123887 ns, At safepoint: 15556 ns, Total: 139443 ns
[2020-09-11T12:12:12.191+0000][1][safepoint    ] Safepoint "Cleanup", Time since last: 1000174673 ns, Reaching safepoint: 131211 ns, At safepoint: 15522 ns, Total: 146733 ns
[2020-09-11T12:12:13.192+0000][1][safepoint    ] Safepoint "Cleanup", Time since last: 1000186655 ns, Reaching safepoint: 161470 ns, At safepoint: 14340 ns, Total: 175810 ns
[2020-09-11T12:12:14.192+0000][1][safepoint    ] Safepoint "Cleanup", Time since last: 1000226111 ns, Reaching safepoint: 157304 ns, At safepoint: 16234 ns, Total: 173538 ns
[2020-09-11T12:12:15.192+0000][1][safepoint    ] Safepoint "Cleanup", Time since last: 1000168778 ns, Reaching safepoint: 117950 ns, At safepoint: 14500 ns, Total: 132450 ns
[2020-09-11T12:12:16.193+0000][1][safepoint    ] Safepoint "Cleanup", Time since last: 1000190002 ns, Reaching safepoint: 108874 ns, At safepoint: 6325 ns, Total: 115199 ns
[2020-09-11T12:12:17.193+0000][1][safepoint    ] Safepoint "Cleanup", Time since last: 1000200319 ns, Reaching safepoint: 120370 ns, At safepoint: 16287 ns, Total: 136657 ns
[2020-09-11T12:12:18.193+0000][1][safepoint    ] Safepoint "Cleanup", Time since last: 1000227754 ns, Reaching safepoint: 89165 ns, At safepoint: 6960 ns, Total: 96125 ns
[2020-09-11T12:12:19.194+0000][1][safepoint    ] Safepoint "Cleanup", Time since last: 1000214745 ns, Reaching safepoint: 120613 ns, At safepoint: 16177 ns, Total: 136790 ns
[2020-09-11T12:12:20.194+0000][1][safepoint    ] Safepoint "Cleanup", Time since last: 1000222444 ns, Reaching safepoint: 121449 ns, At safepoint: 16718 ns, Total: 138167 ns
[2020-09-11T12:12:21.194+0000][1][safepoint    ] Safepoint "Cleanup", Time since last: 1000231150 ns, Reaching safepoint: 135625 ns, At safepoint: 16872 ns, Total: 152497 ns
[2020-09-11T12:12:22.195+0000][1][safepoint    ] Safepoint "Cleanup", Time since last: 1000237536 ns, Reaching safepoint: 120005 ns, At safepoint: 16572 ns, Total: 136577 ns
[2020-09-11T12:12:23.195+0000][1][safepoint    ] Safepoint "Cleanup", Time since last: 1000227853 ns, Reaching safepoint: 91552 ns, At safepoint: 7249 ns, Total: 98801 ns
[2020-09-11T12:12:24.195+0000][1][safepoint    ] Safepoint "Cleanup", Time since last: 1000194937 ns, Reaching safepoint: 93844 ns, At safepoint: 7600 ns, Total: 101444 ns
[2020-09-11T12:12:25.196+0000][1][safepoint    ] Safepoint "Cleanup", Time since last: 1000188306 ns, Reaching safepoint: 132771 ns, At safepoint: 17898 ns, Total: 150669 ns
[2020-09-11T12:12:26.196+0000][1][safepoint    ] Safepoint "Cleanup", Time since last: 1000217460 ns, Reaching safepoint: 92755 ns, At safepoint: 6933 ns, Total: 99688 ns
[2020-09-11T12:12:27.196+0000][1][safepoint    ] Safepoint "Cleanup", Time since last: 1000204719 ns, Reaching safepoint: 117182 ns, At safepoint: 16535 ns, Total: 133717 ns
[2020-09-11T12:12:28.197+0000][1][safepoint    ] Safepoint "Cleanup", Time since last: 1000195673 ns, Reaching safepoint: 117960 ns, At safepoint: 16471 ns, Total: 134431 ns
[2020-09-11T12:12:29.197+0000][1][safepoint    ] Safepoint "Cleanup", Time since last: 1000217216 ns, Reaching safepoint: 139624 ns, At safepoint: 25924 ns, Total: 165548 ns
[2020-09-11T12:12:30.197+0000][1][safepoint    ] Safepoint "Cleanup", Time since last: 1000213622 ns, Reaching safepoint: 93339 ns, At safepoint: 7157 ns, Total: 100496 ns
[2020-09-11T12:12:31.198+0000][1][safepoint    ] Safepoint "Cleanup", Time since last: 1000181714 ns, Reaching safepoint: 104474 ns, At safepoint: 6846 ns, Total: 111320 ns
[2020-09-11T12:12:32.198+0000][1][safepoint    ] Safepoint "Cleanup", Time since last: 1000185740 ns, Reaching safepoint: 118014 ns, At safepoint: 16532 ns, Total: 134546 ns
[2020-09-11T12:12:33.198+0000][1][safepoint    ] Safepoint "Cleanup", Time since last: 1000232908 ns, Reaching safepoint: 85160 ns, At safepoint: 6983 ns, Total: 92143 ns
[2020-09-11T12:12:34.199+0000][1][safepoint    ] Safepoint "Cleanup", Time since last: 1000148175 ns, Reaching safepoint: 119973 ns, At safepoint: 6059 ns, Total: 126032 ns
[2020-09-11T12:12:35.199+0000][1][safepoint    ] Safepoint "Cleanup", Time since last: 1000183167 ns, Reaching safepoint: 86441 ns, At safepoint: 6757 ns, Total: 93198 ns
[2020-09-11T12:12:36.199+0000][1][safepoint    ] Safepoint "Cleanup", Time since last: 1000184285 ns, Reaching safepoint: 120283 ns, At safepoint: 17196 ns, Total: 137479 ns
[2020-09-11T12:12:37.199+0000][1][safepoint    ] Safepoint "Cleanup", Time since last: 1000226936 ns, Reaching safepoint: 143629 ns, At safepoint: 15379 ns, Total: 159008 ns
[2020-09-11T12:12:38.200+0000][1][safepoint    ] Safepoint "Cleanup", Time since last: 1000231499 ns, Reaching safepoint: 89415 ns, At safepoint: 7388 ns, Total: 96803 ns
[2020-09-11T12:12:39.200+0000][1][safepoint    ] Safepoint "Cleanup", Time since last: 1000186855 ns, Reaching safepoint: 102815 ns, At safepoint: 15884 ns, Total: 118699 ns
[2020-09-11T12:12:40.200+0000][1][safepoint    ] Safepoint "Cleanup", Time since last: 1000216213 ns, Reaching safepoint: 112294 ns, At safepoint: 16444 ns, Total: 128738 ns
[2020-09-11T12:12:41.201+0000][1][safepoint    ] Safepoint "Cleanup", Time since last: 1000226418 ns, Reaching safepoint: 91576 ns, At safepoint: 7246 ns, Total: 98822 ns
[2020-09-11T12:12:42.201+0000][1][safepoint    ] Safepoint "Cleanup", Time since last: 1000178427 ns, Reaching safepoint: 123189 ns, At safepoint: 18021 ns, Total: 141210 ns
[2020-09-11T12:12:43.201+0000][1][safepoint    ] Safepoint "Cleanup", Time since last: 1000219107 ns, Reaching safepoint: 109581 ns, At safepoint: 16327 ns, Total: 125908 ns
[2020-09-11T12:12:44.202+0000][1][safepoint    ] Safepoint "Cleanup", Time since last: 1000242659 ns, Reaching safepoint: 109976 ns, At safepoint: 16758 ns, Total: 126734 ns
[2020-09-11T12:12:45.202+0000][1][safepoint    ] Safepoint "Cleanup", Time since last: 1000218706 ns, Reaching safepoint: 88757 ns, At safepoint: 7101 ns, Total: 95858 ns
[2020-09-11T12:12:46.202+0000][1][safepoint    ] Safepoint "Cleanup", Time since last: 1000190849 ns, Reaching safepoint: 92410 ns, At safepoint: 7375 ns, Total: 99785 ns
[2020-09-11T12:12:47.203+0000][1][safepoint    ] Safepoint "Cleanup", Time since last: 1000201089 ns, Reaching safepoint: 112445 ns, At safepoint: 16775 ns, Total: 129220 ns
[2020-09-11T12:12:48.268+0000][1][safepoint    ] Safepoint "Cleanup", Time since last: 1064782178 ns, Reaching safepoint: 157504 ns, At safepoint: 17053 ns, Total: 174557 ns
[2020-09-11T12:12:49.277+0000][1][safepoint    ] Safepoint "Cleanup", Time since last: 1009467600 ns, Reaching safepoint: 83427 ns, At safepoint: 6817 ns, Total: 90244 ns
[2020-09-11T12:12:50.278+0000][1][safepoint    ] Safepoint "Cleanup", Time since last: 1000165100 ns, Reaching safepoint: 76553 ns, At safepoint: 6391 ns, Total: 82944 ns
[2020-09-11T12:12:51.257+0000][1][gc,start     ] GC(72) Pause Young (Allocation Failure)
[2020-09-11T12:12:51.257+0000][1][gc,task      ] GC(72) Using 1 workers of 1 for evacuation
[2020-09-11T12:12:51.266+0000][1][gc,age       ] GC(72) Desired survivor size 4358144 bytes, new threshold 6 (max threshold 6)
[2020-09-11T12:12:51.266+0000][1][gc,age       ] GC(72) Age table with threshold 6 (max threshold 6)
[2020-09-11T12:12:51.266+0000][1][gc,age       ] GC(72) - age   1:       7080 bytes,       7080 total
[2020-09-11T12:12:51.266+0000][1][gc,age       ] GC(72) - age   2:       1832 bytes,       8912 total
[2020-09-11T12:12:51.266+0000][1][gc,age       ] GC(72) - age   3:       2200 bytes,      11112 total
[2020-09-11T12:12:51.267+0000][1][gc,age       ] GC(72) - age   4:      26744 bytes,      37856 total
[2020-09-11T12:12:51.267+0000][1][gc,age       ] GC(72) - age   5:       1472 bytes,      39328 total
[2020-09-11T12:12:51.267+0000][1][gc,age       ] GC(72) - age   6:      27080 bytes,      66408 total
[2020-09-11T12:12:51.267+0000][1][gc,heap      ] GC(72) ParNew: 69429K->335K(76672K)
[2020-09-11T12:12:51.267+0000][1][gc,heap      ] GC(72) CMS: 64189K->64216K(439104K)
[2020-09-11T12:12:51.267+0000][1][gc,metaspace ] GC(72) Metaspace: 71695K->71695K(1116160K)
[2020-09-11T12:12:51.267+0000][1][gc           ] GC(72) Pause Young (Allocation Failure) 130M->63M(503M) 9.319ms
[2020-09-11T12:12:51.267+0000][1][gc,cpu       ] GC(72) User=0.01s Sys=0.00s Real=0.01s
[2020-09-11T12:12:51.267+0000][1][safepoint    ] Safepoint "GenCollectForAllocation", Time since last: 979502613 ns, Reaching safepoint: 213955 ns, At safepoint: 9388248 ns, Total: 9602203 ns
[2020-09-11T12:12:52.272+0000][1][safepoint    ] Safepoint "Cleanup", Time since last: 1005370167 ns, Reaching safepoint: 46449 ns, At safepoint: 14514 ns, Total: 60963 ns
[2020-09-11T12:12:53.276+0000][1][safepoint    ] Safepoint "Cleanup", Time since last: 1003424478 ns, Reaching safepoint: 200149 ns, At safepoint: 142817 ns, Total: 342966 ns
[2020-09-11T12:12:54.276+0000][1][safepoint    ] Safepoint "Cleanup", Time since last: 1000161932 ns, Reaching safepoint: 47723 ns, At safepoint: 16551 ns, Total: 64274 ns
[2020-09-11T12:12:55.276+0000][1][safepoint    ] Safepoint "Cleanup", Time since last: 1000161436 ns, Reaching safepoint: 217168 ns, At safepoint: 45521 ns, Total: 262689 ns
[2020-09-11T12:12:56.277+0000][1][safepoint    ] Safepoint "Cleanup", Time since last: 1000172490 ns, Reaching safepoint: 91098 ns, At safepoint: 6282 ns, Total: 97380 ns
[2020-09-11T12:12:57.277+0000][1][safepoint    ] Safepoint "Cleanup", Time since last: 1000132326 ns, Reaching safepoint: 88014 ns, At safepoint: 11806 ns, Total: 99820 ns
[2020-09-11T12:12:58.277+0000][1][safepoint    ] Safepoint "Cleanup", Time since last: 1000159990 ns, Reaching safepoint: 100581 ns, At safepoint: 5823 ns, Total: 106404 ns
[2020-09-11T12:12:59.277+0000][1][safepoint    ] Safepoint "Cleanup", Time since last: 1000123851 ns, Reaching safepoint: 92085 ns, At safepoint: 13397 ns, Total: 105482 ns
[2020-09-11T12:13:00.278+0000][1][safepoint    ] Safepoint "Cleanup", Time since last: 1000164381 ns, Reaching safepoint: 199321 ns, At safepoint: 19902 ns, Total: 219223 ns
[2020-09-11T12:13:01.278+0000][1][safepoint    ] Safepoint "Cleanup", Time since last: 1000126256 ns, Reaching safepoint: 169641 ns, At safepoint: 7314 ns, Total: 176955 ns
[2020-09-11T12:13:02.278+0000][1][safepoint    ] Safepoint "Cleanup", Time since last: 1000168370 ns, Reaching safepoint: 107112 ns, At safepoint: 16067 ns, Total: 123179 ns
[2020-09-11T12:13:03.279+0000][1][safepoint    ] Safepoint "Cleanup", Time since last: 1000193346 ns, Reaching safepoint: 106057 ns, At safepoint: 14587 ns, Total: 120644 ns
[2020-09-11T12:13:04.279+0000][1][safepoint    ] Safepoint "Cleanup", Time since last: 1000223810 ns, Reaching safepoint: 98242 ns, At safepoint: 7866 ns, Total: 106108 ns
[2020-09-11T12:13:05.279+0000][1][safepoint    ] Safepoint "Cleanup", Time since last: 1000175707 ns, Reaching safepoint: 177360 ns, At safepoint: 15188 ns, Total: 192548 ns
[2020-09-11T12:13:06.280+0000][1][safepoint    ] Safepoint "Cleanup", Time since last: 1000157419 ns, Reaching safepoint: 205585 ns, At safepoint: 17967 ns, Total: 223552 ns
[2020-09-11T12:13:07.280+0000][1][safepoint    ] Safepoint "Cleanup", Time since last: 1000221781 ns, Reaching safepoint: 103948 ns, At safepoint: 16050 ns, Total: 119998 ns
[2020-09-11T12:13:08.281+0000][1][safepoint    ] Safepoint "Cleanup", Time since last: 1000227572 ns, Reaching safepoint: 105171 ns, At safepoint: 15933 ns, Total: 121104 ns
[2020-09-11T12:13:09.281+0000][1][safepoint    ] Safepoint "Cleanup", Time since last: 1000235998 ns, Reaching safepoint: 84711 ns, At safepoint: 6074 ns, Total: 90785 ns
[2020-09-11T12:13:10.281+0000][1][safepoint    ] Safepoint "Cleanup", Time since last: 1000179402 ns, Reaching safepoint: 83753 ns, At safepoint: 6810 ns, Total: 90563 ns
[2020-09-11T12:13:11.281+0000][1][safepoint    ] Safepoint "Cleanup", Time since last: 1000181844 ns, Reaching safepoint: 88484 ns, At safepoint: 6579 ns, Total: 95063 ns
[2020-09-11T12:13:12.282+0000][1][safepoint    ] Safepoint "Cleanup", Time since last: 1000193127 ns, Reaching safepoint: 81009 ns, At safepoint: 6161 ns, Total: 87170 ns
[2020-09-11T12:13:13.282+0000][1][safepoint    ] Safepoint "Cleanup", Time since last: 1000170328 ns, Reaching safepoint: 103033 ns, At safepoint: 16651 ns, Total: 119684 ns
[2020-09-11T12:13:14.282+0000][1][safepoint    ] Safepoint "Cleanup", Time since last: 1000154002 ns, Reaching safepoint: 59081 ns, At safepoint: 5832 ns, Total: 64913 ns
[2020-09-11T12:13:15.282+0000][1][safepoint    ] Safepoint "Cleanup", Time since last: 1000138988 ns, Reaching safepoint: 110060 ns, At safepoint: 14914 ns, Total: 124974 ns
[2020-09-11T12:13:16.283+0000][1][safepoint    ] Safepoint "Cleanup", Time since last: 1000209689 ns, Reaching safepoint: 127863 ns, At safepoint: 15065 ns, Total: 142928 ns
[2020-09-11T12:13:17.283+0000][1][safepoint    ] Safepoint "Cleanup", Time since last: 1000220034 ns, Reaching safepoint: 103227 ns, At safepoint: 15579 ns, Total: 118806 ns
[2020-09-11T12:13:18.284+0000][1][safepoint    ] Safepoint "Cleanup", Time since last: 1000193938 ns, Reaching safepoint: 144198 ns, At safepoint: 16183 ns, Total: 160381 ns
[2020-09-11T12:13:19.284+0000][1][safepoint    ] Safepoint "Cleanup", Time since last: 1000227429 ns, Reaching safepoint: 84301 ns, At safepoint: 6330 ns, Total: 90631 ns
[2020-09-11T12:13:20.284+0000][1][safepoint    ] Safepoint "Cleanup", Time since last: 1000175557 ns, Reaching safepoint: 106247 ns, At safepoint: 16425 ns, Total: 122672 ns
[2020-09-11T12:13:21.284+0000][1][safepoint    ] Safepoint "Cleanup", Time since last: 1000216359 ns, Reaching safepoint: 88572 ns, At safepoint: 6587 ns, Total: 95159 ns
[2020-09-11T12:13:22.285+0000][1][safepoint    ] Safepoint "Cleanup", Time since last: 1000177647 ns, Reaching safepoint: 107179 ns, At safepoint: 16087 ns, Total: 123266 ns
[2020-09-11T12:13:23.285+0000][1][safepoint    ] Safepoint "Cleanup", Time since last: 1000219776 ns, Reaching safepoint: 102415 ns, At safepoint: 15198 ns, Total: 117613 ns
[2020-09-11T12:13:24.285+0000][1][safepoint    ] Safepoint "Cleanup", Time since last: 1000188572 ns, Reaching safepoint: 120286 ns, At safepoint: 16785 ns, Total: 137071 ns
[2020-09-11T12:13:25.286+0000][1][safepoint    ] Safepoint "Cleanup", Time since last: 1000217435 ns, Reaching safepoint: 159760 ns, At safepoint: 18075 ns, Total: 177835 ns
[2020-09-11T12:13:26.286+0000][1][safepoint    ] Safepoint "Cleanup", Time since last: 1000218631 ns, Reaching safepoint: 106975 ns, At safepoint: 16344 ns, Total: 123319 ns
[2020-09-11T12:13:27.287+0000][1][safepoint    ] Safepoint "Cleanup", Time since last: 1000250341 ns, Reaching safepoint: 115535 ns, At safepoint: 16959 ns, Total: 132494 ns
[2020-09-11T12:13:28.287+0000][1][safepoint    ] Safepoint "Cleanup", Time since last: 1000218799 ns, Reaching safepoint: 106751 ns, At safepoint: 17370 ns, Total: 124121 ns
[2020-09-11T12:13:29.287+0000][1][safepoint    ] Safepoint "Cleanup", Time since last: 1000211676 ns, Reaching safepoint: 105252 ns, At safepoint: 36213 ns, Total: 141465 ns
[2020-09-11T12:13:30.288+0000][1][safepoint    ] Safepoint "Cleanup", Time since last: 1000259658 ns, Reaching safepoint: 98562 ns, At safepoint: 6323 ns, Total: 104885 ns
[2020-09-11T12:13:31.288+0000][1][safepoint    ] Safepoint "Cleanup", Time since last: 1000166268 ns, Reaching safepoint: 149035 ns, At safepoint: 16411 ns, Total: 165446 ns
[2020-09-11T12:13:32.288+0000][1][safepoint    ] Safepoint "Cleanup", Time since last: 1000214949 ns, Reaching safepoint: 82408 ns, At safepoint: 6896 ns, Total: 89304 ns
[2020-09-11T12:13:33.288+0000][1][safepoint    ] Safepoint "Cleanup", Time since last: 1000183087 ns, Reaching safepoint: 81264 ns, At safepoint: 6508 ns, Total: 87772 ns
[2020-09-11T12:13:34.289+0000][1][safepoint    ] Safepoint "Cleanup", Time since last: 1000184847 ns, Reaching safepoint: 81986 ns, At safepoint: 7332 ns, Total: 89318 ns
[2020-09-11T12:13:35.289+0000][1][safepoint    ] Safepoint "Cleanup", Time since last: 1000254177 ns, Reaching safepoint: 55695 ns, At safepoint: 5849 ns, Total: 61544 ns
[2020-09-11T12:13:36.289+0000][1][safepoint    ] Safepoint "Cleanup", Time since last: 1000273005 ns, Reaching safepoint: 108639 ns, At safepoint: 15800 ns, Total: 124439 ns
[2020-09-11T12:13:37.290+0000][1][safepoint    ] Safepoint "Cleanup", Time since last: 1000330630 ns, Reaching safepoint: 106063 ns, At safepoint: 15336 ns, Total: 121399 ns
[2020-09-11T12:13:38.290+0000][1][safepoint    ] Safepoint "Cleanup", Time since last: 1000218294 ns, Reaching safepoint: 129925 ns, At safepoint: 15672 ns, Total: 145597 ns
[2020-09-11T12:13:39.291+0000][1][safepoint    ] Safepoint "Cleanup", Time since last: 1000198123 ns, Reaching safepoint: 84058 ns, At safepoint: 13969 ns, Total: 98027 ns
[2020-09-11T12:13:40.291+0000][1][safepoint    ] Safepoint "Cleanup", Time since last: 1000175332 ns, Reaching safepoint: 82883 ns, At safepoint: 7240 ns, Total: 90123 ns
[2020-09-11T12:13:41.291+0000][1][safepoint    ] Safepoint "Cleanup", Time since last: 1000177821 ns, Reaching safepoint: 115602 ns, At safepoint: 17029 ns, Total: 132631 ns
[2020-09-11T12:13:42.292+0000][1][safepoint    ] Safepoint "Cleanup", Time since last: 1000244937 ns, Reaching safepoint: 103263 ns, At safepoint: 15649 ns, Total: 118912 ns
[2020-09-11T12:13:43.292+0000][1][safepoint    ] Safepoint "Cleanup", Time since last: 1000238707 ns, Reaching safepoint: 80619 ns, At safepoint: 6423 ns, Total: 87042 ns
[2020-09-11T12:13:44.292+0000][1][safepoint    ] Safepoint "Cleanup", Time since last: 1000180789 ns, Reaching safepoint: 77410 ns, At safepoint: 7428 ns, Total: 84838 ns
[2020-09-11T12:13:45.292+0000][1][safepoint    ] Safepoint "Cleanup", Time since last: 1000173001 ns, Reaching safepoint: 102980 ns, At safepoint: 15215 ns, Total: 118195 ns
[2020-09-11T12:13:46.293+0000][1][safepoint    ] Safepoint "Cleanup", Time since last: 1000239341 ns, Reaching safepoint: 106945 ns, At safepoint: 16334 ns, Total: 123279 ns
[2020-09-11T12:13:47.293+0000][1][safepoint    ] Safepoint "Cleanup", Time since last: 1000221204 ns, Reaching safepoint: 79141 ns, At safepoint: 6935 ns, Total: 86076 ns
[2020-09-11T12:13:48.293+0000][1][safepoint    ] Safepoint "Cleanup", Time since last: 1000185154 ns, Reaching safepoint: 106173 ns, At safepoint: 16582 ns, Total: 122755 ns
[2020-09-11T12:13:49.294+0000][1][safepoint    ] Safepoint "Cleanup", Time since last: 1000183300 ns, Reaching safepoint: 124566 ns, At safepoint: 16127 ns, Total: 140693 ns
[2020-09-11T12:13:50.294+0000][1][safepoint    ] Safepoint "Cleanup", Time since last: 1000215076 ns, Reaching safepoint: 83218 ns, At safepoint: 6580 ns, Total: 89798 ns
[2020-09-11T12:13:51.294+0000][1][safepoint    ] Safepoint "Cleanup", Time since last: 1000199255 ns, Reaching safepoint: 83491 ns, At safepoint: 6238 ns, Total: 89729 ns
[2020-09-11T12:13:52.295+0000][1][safepoint    ] Safepoint "Cleanup", Time since last: 1000175213 ns, Reaching safepoint: 83856 ns, At safepoint: 6762 ns, Total: 90618 ns
[2020-09-11T12:13:53.295+0000][1][safepoint    ] Safepoint "Cleanup", Time since last: 1000196525 ns, Reaching safepoint: 82111 ns, At safepoint: 6317 ns, Total: 88428 ns
[2020-09-11T12:13:54.295+0000][1][safepoint    ] Safepoint "Cleanup", Time since last: 1000187895 ns, Reaching safepoint: 81917 ns, At safepoint: 6967 ns, Total: 88884 ns
[2020-09-11T12:13:55.295+0000][1][safepoint    ] Safepoint "Cleanup", Time since last: 1000192204 ns, Reaching safepoint: 132517 ns, At safepoint: 15014 ns, Total: 147531 ns
[2020-09-11T12:13:56.296+0000][1][safepoint    ] Safepoint "Cleanup", Time since last: 1000178997 ns, Reaching safepoint: 127767 ns, At safepoint: 15812 ns, Total: 143579 ns
[2020-09-11T12:13:57.296+0000][1][safepoint    ] Safepoint "Cleanup", Time since last: 1000238867 ns, Reaching safepoint: 104369 ns, At safepoint: 16438 ns, Total: 120807 ns
[2020-09-11T12:13:58.296+0000][1][safepoint    ] Safepoint "Cleanup", Time since last: 1000212434 ns, Reaching safepoint: 89384 ns, At safepoint: 6837 ns, Total: 96221 ns
[2020-09-11T12:13:59.297+0000][1][safepoint    ] Safepoint "Cleanup", Time since last: 1000156282 ns, Reaching safepoint: 95269 ns, At safepoint: 6551 ns, Total: 101820 ns
[2020-09-11T12:14:00.297+0000][1][safepoint    ] Safepoint "Cleanup", Time since last: 1000232719 ns, Reaching safepoint: 66391 ns, At safepoint: 7089 ns, Total: 73480 ns
[2020-09-11T12:14:01.370+0000][1][gc,start     ] GC(73) Pause Young (Allocation Failure)
[2020-09-11T12:14:01.370+0000][1][gc,task      ] GC(73) Using 1 workers of 1 for evacuation
[2020-09-11T12:14:01.373+0000][1][gc,age       ] GC(73) Desired survivor size 4358144 bytes, new threshold 6 (max threshold 6)
[2020-09-11T12:14:01.373+0000][1][gc,age       ] GC(73) Age table with threshold 6 (max threshold 6)
[2020-09-11T12:14:01.373+0000][1][gc,age       ] GC(73) - age   1:       8072 bytes,       8072 total
[2020-09-11T12:14:01.373+0000][1][gc,age       ] GC(73) - age   2:       1016 bytes,       9088 total
[2020-09-11T12:14:01.373+0000][1][gc,age       ] GC(73) - age   3:       1832 bytes,      10920 total
[2020-09-11T12:14:01.373+0000][1][gc,age       ] GC(73) - age   4:       2200 bytes,      13120 total
[2020-09-11T12:14:01.373+0000][1][gc,age       ] GC(73) - age   5:      26208 bytes,      39328 total
[2020-09-11T12:14:01.373+0000][1][gc,age       ] GC(73) - age   6:       1472 bytes,      40800 total
[2020-09-11T12:14:01.373+0000][1][gc,heap      ] GC(73) ParNew: 68495K->95K(76672K)
[2020-09-11T12:14:01.373+0000][1][gc,heap      ] GC(73) CMS: 64216K->64242K(439104K)
[2020-09-11T12:14:01.373+0000][1][gc,metaspace ] GC(73) Metaspace: 71716K->71716K(1116160K)
[2020-09-11T12:14:01.373+0000][1][gc           ] GC(73) Pause Young (Allocation Failure) 129M->62M(503M) 3.612ms
[2020-09-11T12:14:01.373+0000][1][gc,cpu       ] GC(73) User=0.00s Sys=0.00s Real=0.00s
[2020-09-11T12:14:01.374+0000][1][safepoint    ] Safepoint "GenCollectForAllocation", Time since last: 1072552887 ns, Reaching safepoint: 192380 ns, At safepoint: 3742251 ns, Total: 3934631 ns
[2020-09-11T12:14:02.375+0000][1][safepoint    ] Safepoint "Cleanup", Time since last: 1001160986 ns, Reaching safepoint: 76956 ns, At safepoint: 19051 ns, Total: 96007 ns
[2020-09-11T12:14:03.376+0000][1][safepoint    ] Safepoint "Cleanup", Time since last: 1000957075 ns, Reaching safepoint: 206644 ns, At safepoint: 42715 ns, Total: 249359 ns
[2020-09-11T12:14:04.376+0000][1][safepoint    ] Safepoint "Cleanup", Time since last: 1000192736 ns, Reaching safepoint: 94580 ns, At safepoint: 48545 ns, Total: 143125 ns
[2020-09-11T12:14:05.377+0000][1][safepoint    ] Safepoint "Cleanup", Time since last: 1000203884 ns, Reaching safepoint: 94413 ns, At safepoint: 46747 ns, Total: 141160 ns
[2020-09-11T12:14:06.377+0000][1][safepoint    ] Safepoint "Cleanup", Time since last: 1000186543 ns, Reaching safepoint: 204806 ns, At safepoint: 17407 ns, Total: 222213 ns
[2020-09-11T12:14:07.377+0000][1][safepoint    ] Safepoint "Cleanup", Time since last: 1000213913 ns, Reaching safepoint: 83300 ns, At safepoint: 6570 ns, Total: 89870 ns
[2020-09-11T12:14:08.378+0000][1][safepoint    ] Safepoint "Cleanup", Time since last: 1000203808 ns, Reaching safepoint: 81731 ns, At safepoint: 7202 ns, Total: 88933 ns
[2020-09-11T12:14:09.378+0000][1][safepoint    ] Safepoint "Cleanup", Time since last: 1000114300 ns, Reaching safepoint: 103411 ns, At safepoint: 14804 ns, Total: 118215 ns
[2020-09-11T12:14:10.378+0000][1][safepoint    ] Safepoint "Cleanup", Time since last: 1000218240 ns, Reaching safepoint: 103360 ns, At safepoint: 16952 ns, Total: 120312 ns
[2020-09-11T12:14:11.379+0000][1][safepoint    ] Safepoint "Cleanup", Time since last: 1000241155 ns, Reaching safepoint: 82605 ns, At safepoint: 6394 ns, Total: 88999 ns
[2020-09-11T12:14:12.379+0000][1][safepoint    ] Safepoint "Cleanup", Time since last: 1000173936 ns, Reaching safepoint: 91615 ns, At safepoint: 6821 ns, Total: 98436 ns
[2020-09-11T12:14:13.379+0000][1][safepoint    ] Safepoint "Cleanup", Time since last: 1000155395 ns, Reaching safepoint: 110489 ns, At safepoint: 5877 ns, Total: 116366 ns
[2020-09-11T12:14:14.379+0000][1][safepoint    ] Safepoint "Cleanup", Time since last: 1000184808 ns, Reaching safepoint: 83464 ns, At safepoint: 96343 ns, Total: 179807 ns
[2020-09-11T12:14:15.380+0000][1][safepoint    ] Safepoint "Cleanup", Time since last: 1000162712 ns, Reaching safepoint: 84952 ns, At safepoint: 15179 ns, Total: 100131 ns
[2020-09-11T12:14:16.380+0000][1][safepoint    ] Safepoint "Cleanup", Time since last: 1000183873 ns, Reaching safepoint: 89998 ns, At safepoint: 6949 ns, Total: 96947 ns
[2020-09-11T12:14:17.380+0000][1][safepoint    ] Safepoint "Cleanup", Time since last: 1000169104 ns, Reaching safepoint: 89053 ns, At safepoint: 6608 ns, Total: 95661 ns
[2020-09-11T12:14:18.381+0000][1][safepoint    ] Safepoint "Cleanup", Time since last: 1000198954 ns, Reaching safepoint: 84860 ns, At safepoint: 8173 ns, Total: 93033 ns
[2020-09-11T12:14:19.381+0000][1][safepoint    ] Safepoint "Cleanup", Time since last: 1000183107 ns, Reaching safepoint: 105385 ns, At safepoint: 16514 ns, Total: 121899 ns
[2020-09-11T12:14:20.381+0000][1][safepoint    ] Safepoint "Cleanup", Time since last: 1000220951 ns, Reaching safepoint: 104362 ns, At safepoint: 16862 ns, Total: 121224 ns
[2020-09-11T12:14:21.382+0000][1][safepoint    ] Safepoint "Cleanup", Time since last: 1000234080 ns, Reaching safepoint: 106046 ns, At safepoint: 17828 ns, Total: 123874 ns
[2020-09-11T12:14:22.382+0000][1][safepoint    ] Safepoint "Cleanup", Time since last: 1000179484 ns, Reaching safepoint: 115412 ns, At safepoint: 16591 ns, Total: 132003 ns
[2020-09-11T12:14:23.382+0000][1][safepoint    ] Safepoint "Cleanup", Time since last: 1000221404 ns, Reaching safepoint: 105031 ns, At safepoint: 16819 ns, Total: 121850 ns
[2020-09-11T12:14:24.383+0000][1][safepoint    ] Safepoint "Cleanup", Time since last: 1000205792 ns, Reaching safepoint: 101088 ns, At safepoint: 17063 ns, Total: 118151 ns
[2020-09-11T12:14:25.383+0000][1][safepoint    ] Safepoint "Cleanup", Time since last: 1000207414 ns, Reaching safepoint: 94048 ns, At safepoint: 6815 ns, Total: 100863 ns
[2020-09-11T12:14:26.383+0000][1][safepoint    ] Safepoint "Cleanup", Time since last: 1000168807 ns, Reaching safepoint: 103130 ns, At safepoint: 16551 ns, Total: 119681 ns
[2020-09-11T12:14:27.384+0000][1][safepoint    ] Safepoint "Cleanup", Time since last: 1000207505 ns, Reaching safepoint: 172733 ns, At safepoint: 15585 ns, Total: 188318 ns
[2020-09-11T12:14:28.384+0000][1][safepoint    ] Safepoint "Cleanup", Time since last: 1000208124 ns, Reaching safepoint: 77941 ns, At safepoint: 6749 ns, Total: 84690 ns
[2020-09-11T12:14:29.384+0000][1][safepoint    ] Safepoint "Cleanup", Time since last: 1000179705 ns, Reaching safepoint: 104957 ns, At safepoint: 16070 ns, Total: 121027 ns
[2020-09-11T12:14:30.384+0000][1][safepoint    ] Safepoint "Cleanup", Time since last: 1000239433 ns, Reaching safepoint: 90704 ns, At safepoint: 15242 ns, Total: 105946 ns
[2020-09-11T12:14:31.385+0000][1][safepoint    ] Safepoint "Cleanup", Time since last: 1000207200 ns, Reaching safepoint: 96555 ns, At safepoint: 15211 ns, Total: 111766 ns
[2020-09-11T12:14:32.385+0000][1][safepoint    ] Safepoint "Cleanup", Time since last: 1000192530 ns, Reaching safepoint: 108376 ns, At safepoint: 16233 ns, Total: 124609 ns
[2020-09-11T12:14:33.385+0000][1][safepoint    ] Safepoint "Cleanup", Time since last: 1000198320 ns, Reaching safepoint: 106692 ns, At safepoint: 15980 ns, Total: 122672 ns
[2020-09-11T12:14:34.386+0000][1][safepoint    ] Safepoint "Cleanup", Time since last: 1000198061 ns, Reaching safepoint: 105435 ns, At safepoint: 16023 ns, Total: 121458 ns
[2020-09-11T12:14:35.386+0000][1][safepoint    ] Safepoint "Cleanup", Time since last: 1000215075 ns, Reaching safepoint: 97530 ns, At safepoint: 15275 ns, Total: 112805 ns
[2020-09-11T12:14:36.386+0000][1][safepoint    ] Safepoint "Cleanup", Time since last: 1000192047 ns, Reaching safepoint: 100253 ns, At safepoint: 15813 ns, Total: 116066 ns
[2020-09-11T12:14:37.387+0000][1][safepoint    ] Safepoint "Cleanup", Time since last: 1000161431 ns, Reaching safepoint: 97176 ns, At safepoint: 13916 ns, Total: 111092 ns
[2020-09-11T12:14:38.387+0000][1][safepoint    ] Safepoint "Cleanup", Time since last: 1000201362 ns, Reaching safepoint: 102411 ns, At safepoint: 16869 ns, Total: 119280 ns
[2020-09-11T12:14:39.387+0000][1][safepoint    ] Safepoint "Cleanup", Time since last: 1000211828 ns, Reaching safepoint: 81501 ns, At safepoint: 6560 ns, Total: 88061 ns
[2020-09-11T12:14:40.388+0000][1][safepoint    ] Safepoint "Cleanup", Time since last: 1000138851 ns, Reaching safepoint: 93036 ns, At safepoint: 5894 ns, Total: 98930 ns
[2020-09-11T12:14:41.388+0000][1][safepoint    ] Safepoint "Cleanup", Time since last: 1000116591 ns, Reaching safepoint: 104503 ns, At safepoint: 14684 ns, Total: 119187 ns
[2020-09-11T12:14:42.388+0000][1][safepoint    ] Safepoint "Cleanup", Time since last: 1000162791 ns, Reaching safepoint: 96435 ns, At safepoint: 15896 ns, Total: 112331 ns
[2020-09-11T12:14:43.388+0000][1][safepoint    ] Safepoint "Cleanup", Time since last: 1000192209 ns, Reaching safepoint: 84197 ns, At safepoint: 6665 ns, Total: 90862 ns
[2020-09-11T12:14:44.389+0000][1][safepoint    ] Safepoint "Cleanup", Time since last: 1000153321 ns, Reaching safepoint: 121886 ns, At safepoint: 19605 ns, Total: 141491 ns
[2020-09-11T12:14:45.389+0000][1][safepoint    ] Safepoint "Cleanup", Time since last: 1000181854 ns, Reaching safepoint: 100958 ns, At safepoint: 16678 ns, Total: 117636 ns
[2020-09-11T12:14:46.389+0000][1][safepoint    ] Safepoint "Cleanup", Time since last: 1000202301 ns, Reaching safepoint: 72625 ns, At safepoint: 6470 ns, Total: 79095 ns
[2020-09-11T12:14:47.389+0000][1][safepoint    ] Safepoint "Cleanup", Time since last: 1000163785 ns, Reaching safepoint: 105646 ns, At safepoint: 6400 ns, Total: 112046 ns
[2020-09-11T12:14:48.390+0000][1][safepoint    ] Safepoint "Cleanup", Time since last: 1000119634 ns, Reaching safepoint: 119387 ns, At safepoint: 14901 ns, Total: 134288 ns
[2020-09-11T12:14:49.390+0000][1][safepoint    ] Safepoint "Cleanup", Time since last: 1000176468 ns, Reaching safepoint: 106194 ns, At safepoint: 15348 ns, Total: 121542 ns
[2020-09-11T12:14:50.390+0000][1][safepoint    ] Safepoint "Cleanup", Time since last: 1000207951 ns, Reaching safepoint: 95048 ns, At safepoint: 16251 ns, Total: 111299 ns
[2020-09-11T12:14:51.391+0000][1][safepoint    ] Safepoint "Cleanup", Time since last: 1000190580 ns, Reaching safepoint: 103540 ns, At safepoint: 15860 ns, Total: 119400 ns
[2020-09-11T12:14:52.391+0000][1][safepoint    ] Safepoint "Cleanup", Time since last: 1000193997 ns, Reaching safepoint: 100500 ns, At safepoint: 16922 ns, Total: 117422 ns
[2020-09-11T12:14:53.391+0000][1][safepoint    ] Safepoint "Cleanup", Time since last: 1000190739 ns, Reaching safepoint: 81337 ns, At safepoint: 6049 ns, Total: 87386 ns
[2020-09-11T12:14:54.392+0000][1][safepoint    ] Safepoint "Cleanup", Time since last: 1000160922 ns, Reaching safepoint: 107115 ns, At safepoint: 16455 ns, Total: 123570 ns
[2020-09-11T12:14:55.392+0000][1][safepoint    ] Safepoint "Cleanup", Time since last: 1000183279 ns, Reaching safepoint: 96688 ns, At safepoint: 14533 ns, Total: 111221 ns
[2020-09-11T12:14:56.392+0000][1][safepoint    ] Safepoint "Cleanup", Time since last: 1000191367 ns, Reaching safepoint: 97514 ns, At safepoint: 15960 ns, Total: 113474 ns
[2020-09-11T12:14:57.392+0000][1][safepoint    ] Safepoint "Cleanup", Time since last: 1000188066 ns, Reaching safepoint: 95766 ns, At safepoint: 14908 ns, Total: 110674 ns
[2020-09-11T12:14:58.393+0000][1][safepoint    ] Safepoint "Cleanup", Time since last: 1000190632 ns, Reaching safepoint: 96846 ns, At safepoint: 15452 ns, Total: 112298 ns
[2020-09-11T12:14:59.393+0000][1][safepoint    ] Safepoint "Cleanup", Time since last: 1000213173 ns, Reaching safepoint: 86579 ns, At safepoint: 6560 ns, Total: 93139 ns
[2020-09-11T12:15:00.393+0000][1][safepoint    ] Safepoint "Cleanup", Time since last: 1000166272 ns, Reaching safepoint: 93347 ns, At safepoint: 15763 ns, Total: 109110 ns
[2020-09-11T12:15:01.394+0000][1][safepoint    ] Safepoint "Cleanup", Time since last: 1000188932 ns, Reaching safepoint: 119888 ns, At safepoint: 13280 ns, Total: 133168 ns
[2020-09-11T12:15:02.394+0000][1][safepoint    ] Safepoint "Cleanup", Time since last: 1000225004 ns, Reaching safepoint: 98917 ns, At safepoint: 16381 ns, Total: 115298 ns
[2020-09-11T12:15:03.394+0000][1][safepoint    ] Safepoint "Cleanup", Time since last: 1000207809 ns, Reaching safepoint: 71486 ns, At safepoint: 5972 ns, Total: 77458 ns
[2020-09-11T12:15:04.395+0000][1][safepoint    ] Safepoint "Cleanup", Time since last: 1000141325 ns, Reaching safepoint: 97105 ns, At safepoint: 7456 ns, Total: 104561 ns
[2020-09-11T12:15:05.395+0000][1][safepoint    ] Safepoint "Cleanup", Time since last: 1000142865 ns, Reaching safepoint: 90546 ns, At safepoint: 5904 ns, Total: 96450 ns
[2020-09-11T12:15:06.395+0000][1][safepoint    ] Safepoint "Cleanup", Time since last: 1000173094 ns, Reaching safepoint: 76588 ns, At safepoint: 6013 ns, Total: 82601 ns
[2020-09-11T12:15:07.395+0000][1][safepoint    ] Safepoint "Cleanup", Time since last: 1000168003 ns, Reaching safepoint: 74912 ns, At safepoint: 5934 ns, Total: 80846 ns
[2020-09-11T12:15:08.396+0000][1][safepoint    ] Safepoint "Cleanup", Time since last: 1000171257 ns, Reaching safepoint: 78801 ns, At safepoint: 6427 ns, Total: 85228 ns
[2020-09-11T12:15:09.397+0000][1][safepoint    ] Safepoint "Cleanup", Time since last: 1001179606 ns, Reaching safepoint: 101336 ns, At safepoint: 15432 ns, Total: 116768 ns
[2020-09-11T12:15:10.397+0000][1][safepoint    ] Safepoint "Cleanup", Time since last: 1000200334 ns, Reaching safepoint: 104513 ns, At safepoint: 17861 ns, Total: 122374 ns
[2020-09-11T12:15:11.397+0000][1][safepoint    ] Safepoint "Cleanup", Time since last: 1000127212 ns, Reaching safepoint: 56965 ns, At safepoint: 6637 ns, Total: 63602 ns
[2020-09-11T12:15:12.398+0000][1][safepoint    ] Safepoint "Cleanup", Time since last: 1000141093 ns, Reaching safepoint: 97825 ns, At safepoint: 14483 ns, Total: 112308 ns
[2020-09-11T12:15:13.398+0000][1][safepoint    ] Safepoint "Cleanup", Time since last: 1000166235 ns, Reaching safepoint: 103397 ns, At safepoint: 17230 ns, Total: 120627 ns
[2020-09-11T12:15:14.398+0000][1][safepoint    ] Safepoint "Cleanup", Time since last: 1000196795 ns, Reaching safepoint: 103621 ns, At safepoint: 17423 ns, Total: 121044 ns
[2020-09-11T12:15:15.398+0000][1][safepoint    ] Safepoint "Cleanup", Time since last: 1000213320 ns, Reaching safepoint: 84930 ns, At safepoint: 7524 ns, Total: 92454 ns
[2020-09-11T12:15:16.399+0000][1][safepoint    ] Safepoint "Cleanup", Time since last: 1000166646 ns, Reaching safepoint: 104954 ns, At safepoint: 17173 ns, Total: 122127 ns
[2020-09-11T12:15:16.488+0000][1][gc,start     ] GC(74) Pause Young (Allocation Failure)
[2020-09-11T12:15:16.488+0000][1][gc,task      ] GC(74) Using 1 workers of 1 for evacuation
[2020-09-11T12:15:16.493+0000][1][gc,age       ] GC(74) Desired survivor size 4358144 bytes, new threshold 6 (max threshold 6)
[2020-09-11T12:15:16.493+0000][1][gc,age       ] GC(74) Age table with threshold 6 (max threshold 6)
[2020-09-11T12:15:16.493+0000][1][gc,age       ] GC(74) - age   1:       6648 bytes,       6648 total
[2020-09-11T12:15:16.493+0000][1][gc,age       ] GC(74) - age   2:       1120 bytes,       7768 total
[2020-09-11T12:15:16.493+0000][1][gc,age       ] GC(74) - age   3:       1016 bytes,       8784 total
[2020-09-11T12:15:16.493+0000][1][gc,age       ] GC(74) - age   4:       1832 bytes,      10616 total
[2020-09-11T12:15:16.493+0000][1][gc,age       ] GC(74) - age   5:       2200 bytes,      12816 total
[2020-09-11T12:15:16.493+0000][1][gc,age       ] GC(74) - age   6:      26208 bytes,      39024 total
[2020-09-11T12:15:16.493+0000][1][gc,heap      ] GC(74) ParNew: 68255K->38K(76672K)
[2020-09-11T12:15:16.493+0000][1][gc,heap      ] GC(74) CMS: 64242K->64244K(439104K)
[2020-09-11T12:15:16.493+0000][1][gc,metaspace ] GC(74) Metaspace: 71731K->71731K(1116160K)
[2020-09-11T12:15:16.493+0000][1][gc           ] GC(74) Pause Young (Allocation Failure) 129M->62M(503M) 5.454ms
[2020-09-11T12:15:16.493+0000][1][gc,cpu       ] GC(74) User=0.01s Sys=0.00s Real=0.00s
[2020-09-11T12:15:16.493+0000][1][safepoint    ] Safepoint "GenCollectForAllocation", Time since last: 88748348 ns, Reaching safepoint: 238370 ns, At safepoint: 5519963 ns, Total: 5758333 ns
[2020-09-11T12:15:17.503+0000][1][safepoint    ] Safepoint "Cleanup", Time since last: 1006181058 ns, Reaching safepoint: 216326 ns, At safepoint: 3199354 ns, Total: 3415680 ns
[2020-09-11T12:15:18.503+0000][1][safepoint    ] Safepoint "Cleanup", Time since last: 1000211559 ns, Reaching safepoint: 66638 ns, At safepoint: 7466 ns, Total: 74104 ns
[2020-09-11T12:15:19.504+0000][1][safepoint    ] Safepoint "Cleanup", Time since last: 1000125690 ns, Reaching safepoint: 412806 ns, At safepoint: 21413 ns, Total: 434219 ns
[2020-09-11T12:15:20.504+0000][1][safepoint    ] Safepoint "Cleanup", Time since last: 1000155389 ns, Reaching safepoint: 307572 ns, At safepoint: 20310 ns, Total: 327882 ns
[2020-09-11T12:15:21.505+0000][1][safepoint    ] Safepoint "Cleanup", Time since last: 1000146242 ns, Reaching safepoint: 212504 ns, At safepoint: 19391 ns, Total: 231895 ns
[2020-09-11T12:15:22.505+0000][1][safepoint    ] Safepoint "Cleanup", Time since last: 1000201934 ns, Reaching safepoint: 99244 ns, At safepoint: 16705 ns, Total: 115949 ns
[2020-09-11T12:15:23.505+0000][1][safepoint    ] Safepoint "Cleanup", Time since last: 1000170776 ns, Reaching safepoint: 98430 ns, At safepoint: 7408 ns, Total: 105838 ns
[2020-09-11T12:15:24.505+0000][1][safepoint    ] Safepoint "Cleanup", Time since last: 1000165903 ns, Reaching safepoint: 110046 ns, At safepoint: 18489 ns, Total: 128535 ns
[2020-09-11T12:15:25.506+0000][1][safepoint    ] Safepoint "Cleanup", Time since last: 1000206427 ns, Reaching safepoint: 97350 ns, At safepoint: 17560 ns, Total: 114910 ns
[2020-09-11T12:15:26.506+0000][1][safepoint    ] Safepoint "Cleanup", Time since last: 1000196734 ns, Reaching safepoint: 95733 ns, At safepoint: 16458 ns, Total: 112191 ns
[2020-09-11T12:15:27.506+0000][1][safepoint    ] Safepoint "Cleanup", Time since last: 1000213059 ns, Reaching safepoint: 70366 ns, At safepoint: 7156 ns, Total: 77522 ns
[2020-09-11T12:15:28.507+0000][1][safepoint    ] Safepoint "Cleanup", Time since last: 1000181247 ns, Reaching safepoint: 127105 ns, At safepoint: 16508 ns, Total: 143613 ns
[2020-09-11T12:15:29.507+0000][1][safepoint    ] Safepoint "Cleanup", Time since last: 1000192021 ns, Reaching safepoint: 101687 ns, At safepoint: 17320 ns, Total: 119007 ns
[2020-09-11T12:15:30.507+0000][1][safepoint    ] Safepoint "Cleanup", Time since last: 1000174028 ns, Reaching safepoint: 100624 ns, At safepoint: 16358 ns, Total: 116982 ns
[2020-09-11T12:15:31.508+0000][1][safepoint    ] Safepoint "Cleanup", Time since last: 1000289694 ns, Reaching safepoint: 79443 ns, At safepoint: 7401 ns, Total: 86844 ns
[2020-09-11T12:15:32.508+0000][1][safepoint    ] Safepoint "Cleanup", Time since last: 1000162722 ns, Reaching safepoint: 75391 ns, At safepoint: 5529 ns, Total: 80920 ns
[2020-09-11T12:15:33.508+0000][1][safepoint    ] Safepoint "Cleanup", Time since last: 1000154026 ns, Reaching safepoint: 102982 ns, At safepoint: 16505 ns, Total: 119487 ns
[2020-09-11T12:15:34.509+0000][1][safepoint    ] Safepoint "Cleanup", Time since last: 1000204151 ns, Reaching safepoint: 104413 ns, At safepoint: 16221 ns, Total: 120634 ns
[2020-09-11T12:15:35.509+0000][1][safepoint    ] Safepoint "Cleanup", Time since last: 1000191547 ns, Reaching safepoint: 98399 ns, At safepoint: 14982 ns, Total: 113381 ns
[2020-09-11T12:15:36.509+0000][1][safepoint    ] Safepoint "Cleanup", Time since last: 1000281689 ns, Reaching safepoint: 45920 ns, At safepoint: 5181 ns, Total: 51101 ns
[2020-09-11T12:15:37.509+0000][1][safepoint    ] Safepoint "Cleanup", Time since last: 1000114848 ns, Reaching safepoint: 110697 ns, At safepoint: 12372 ns, Total: 123069 ns
[2020-09-11T12:15:38.510+0000][1][safepoint    ] Safepoint "Cleanup", Time since last: 1000184023 ns, Reaching safepoint: 87765 ns, At safepoint: 6728 ns, Total: 94493 ns
[2020-09-11T12:15:39.510+0000][1][safepoint    ] Safepoint "Cleanup", Time since last: 1000192415 ns, Reaching safepoint: 83481 ns, At safepoint: 7768 ns, Total: 91249 ns
[2020-09-11T12:15:40.510+0000][1][safepoint    ] Safepoint "Cleanup", Time since last: 1000154857 ns, Reaching safepoint: 89907 ns, At safepoint: 6431 ns, Total: 96338 ns
[2020-09-11T12:15:41.511+0000][1][safepoint    ] Safepoint "Cleanup", Time since last: 1000904243 ns, Reaching safepoint: 106368 ns, At safepoint: 17386 ns, Total: 123754 ns
[2020-09-11T12:15:42.512+0000][1][safepoint    ] Safepoint "Cleanup", Time since last: 1000223220 ns, Reaching safepoint: 106468 ns, At safepoint: 17029 ns, Total: 123497 ns
[2020-09-11T12:15:43.512+0000][1][safepoint    ] Safepoint "Cleanup", Time since last: 1000247076 ns, Reaching safepoint: 82077 ns, At safepoint: 8108 ns, Total: 90185 ns
[2020-09-11T12:15:44.512+0000][1][safepoint    ] Safepoint "Cleanup", Time since last: 1000159533 ns, Reaching safepoint: 56061 ns, At safepoint: 6551 ns, Total: 62612 ns
[2020-09-11T12:15:45.512+0000][1][safepoint    ] Safepoint "Cleanup", Time since last: 1000163880 ns, Reaching safepoint: 101556 ns, At safepoint: 16364 ns, Total: 117920 ns
[2020-09-11T12:15:46.513+0000][1][safepoint    ] Safepoint "Cleanup", Time since last: 1000209483 ns, Reaching safepoint: 102147 ns, At safepoint: 15867 ns, Total: 118014 ns
[2020-09-11T12:15:47.513+0000][1][safepoint    ] Safepoint "Cleanup", Time since last: 1000243223 ns, Reaching safepoint: 115882 ns, At safepoint: 24462 ns, Total: 140344 ns
[2020-09-11T12:15:48.513+0000][1][safepoint    ] Safepoint "Cleanup", Time since last: 1000198326 ns, Reaching safepoint: 104072 ns, At safepoint: 16745 ns, Total: 120817 ns
[2020-09-11T12:15:49.514+0000][1][safepoint    ] Safepoint "Cleanup", Time since last: 1000221923 ns, Reaching safepoint: 81099 ns, At safepoint: 6793 ns, Total: 87892 ns
[2020-09-11T12:15:50.514+0000][1][safepoint    ] Safepoint "Cleanup", Time since last: 1000175878 ns, Reaching safepoint: 77982 ns, At safepoint: 6007 ns, Total: 83989 ns
[2020-09-11T12:15:51.984+0000][1][safepoint    ] Safepoint "Cleanup", Time since last: 1469536375 ns, Reaching safepoint: 83904 ns, At safepoint: 6508 ns, Total: 90412 ns
[2020-09-11T12:15:52.984+0000][1][safepoint    ] Safepoint "Cleanup", Time since last: 1000177753 ns, Reaching safepoint: 86154 ns, At safepoint: 6956 ns, Total: 93110 ns
[2020-09-11T12:15:53.984+0000][1][safepoint    ] Safepoint "Cleanup", Time since last: 1000176719 ns, Reaching safepoint: 102970 ns, At safepoint: 16745 ns, Total: 119715 ns
[2020-09-11T12:15:54.985+0000][1][safepoint    ] Safepoint "Cleanup", Time since last: 1000225348 ns, Reaching safepoint: 101429 ns, At safepoint: 16691 ns, Total: 118120 ns
[2020-09-11T12:15:55.985+0000][1][safepoint    ] Safepoint "Cleanup", Time since last: 1000237851 ns, Reaching safepoint: 99087 ns, At safepoint: 6989 ns, Total: 106076 ns
[2020-09-11T12:15:57.030+0000][1][safepoint    ] Safepoint "Cleanup", Time since last: 1000131989 ns, Reaching safepoint: 44784901 ns, At safepoint: 8669 ns, Total: 44793570 ns
[2020-09-11T12:15:58.030+0000][1][safepoint    ] Safepoint "Cleanup", Time since last: 1000110534 ns, Reaching safepoint: 57840 ns, At safepoint: 7064 ns, Total: 64904 ns
[2020-09-11T12:15:59.030+0000][1][safepoint    ] Safepoint "Cleanup", Time since last: 1000115118 ns, Reaching safepoint: 56634 ns, At safepoint: 7918 ns, Total: 64552 ns
[2020-09-11T12:16:00.030+0000][1][safepoint    ] Safepoint "Cleanup", Time since last: 1000110697 ns, Reaching safepoint: 56270 ns, At safepoint: 7274 ns, Total: 63544 ns
[2020-09-11T12:16:01.031+0000][1][safepoint    ] Safepoint "Cleanup", Time since last: 1000111768 ns, Reaching safepoint: 58706 ns, At safepoint: 7534 ns, Total: 66240 ns
[2020-09-11T12:16:02.031+0000][1][safepoint    ] Safepoint "Cleanup", Time since last: 1000121784 ns, Reaching safepoint: 58866 ns, At safepoint: 9159 ns, Total: 68025 ns
[2020-09-11T12:16:03.031+0000][1][safepoint    ] Safepoint "Cleanup", Time since last: 1000115516 ns, Reaching safepoint: 57918 ns, At safepoint: 7414 ns, Total: 65332 ns
[2020-09-11T12:16:04.033+0000][1][safepoint    ] Safepoint "Cleanup", Time since last: 1001711729 ns, Reaching safepoint: 55894 ns, At safepoint: 7920 ns, Total: 63814 ns
[2020-09-11T12:16:05.033+0000][1][safepoint    ] Safepoint "Cleanup", Time since last: 1000105179 ns, Reaching safepoint: 52023 ns, At safepoint: 6598 ns, Total: 58621 ns
[2020-09-11T12:16:06.033+0000][1][safepoint    ] Safepoint "Cleanup", Time since last: 1000111589 ns, Reaching safepoint: 57365 ns, At safepoint: 8572 ns, Total: 65937 ns
[2020-09-11T12:16:07.033+0000][1][safepoint    ] Safepoint "Cleanup", Time since last: 1000114625 ns, Reaching safepoint: 57294 ns, At safepoint: 8409 ns, Total: 65703 ns
[2020-09-11T12:16:08.033+0000][1][safepoint    ] Safepoint "Cleanup", Time since last: 1000114295 ns, Reaching safepoint: 58574 ns, At safepoint: 7964 ns, Total: 66538 ns
[2020-09-11T12:16:09.034+0000][1][safepoint    ] Safepoint "Cleanup", Time since last: 1000828700 ns, Reaching safepoint: 56076 ns, At safepoint: 7325 ns, Total: 63401 ns
[2020-09-11T12:16:10.034+0000][1][safepoint    ] Safepoint "Cleanup", Time since last: 1000110884 ns, Reaching safepoint: 56298 ns, At safepoint: 7389 ns, Total: 63687 ns
[2020-09-11T12:16:11.035+0000][1][safepoint    ] Safepoint "Cleanup", Time since last: 1000115033 ns, Reaching safepoint: 56095 ns, At safepoint: 8441 ns, Total: 64536 ns
[2020-09-11T12:16:12.035+0000][1][safepoint    ] Safepoint "Cleanup", Time since last: 1000119360 ns, Reaching safepoint: 59024 ns, At safepoint: 8129 ns, Total: 67153 ns
[2020-09-11T12:16:13.035+0000][1][safepoint    ] Safepoint "Cleanup", Time since last: 1000113200 ns, Reaching safepoint: 57217 ns, At safepoint: 7931 ns, Total: 65148 ns
[2020-09-11T12:16:14.036+0000][1][safepoint    ] Safepoint "Cleanup", Time since last: 1001248114 ns, Reaching safepoint: 55330 ns, At safepoint: 7720 ns, Total: 63050 ns
[2020-09-11T12:16:15.037+0000][1][safepoint    ] Safepoint "Cleanup", Time since last: 1000111398 ns, Reaching safepoint: 59627 ns, At safepoint: 8212 ns, Total: 67839 ns
[2020-09-11T12:16:16.037+0000][1][safepoint    ] Safepoint "Cleanup", Time since last: 1000108618 ns, Reaching safepoint: 58247 ns, At safepoint: 7497 ns, Total: 65744 ns
[2020-09-11T12:16:17.037+0000][1][safepoint    ] Safepoint "Cleanup", Time since last: 1000110682 ns, Reaching safepoint: 76429 ns, At safepoint: 7473 ns, Total: 83902 ns
[2020-09-11T12:16:18.037+0000][1][safepoint    ] Safepoint "Cleanup", Time since last: 1000107670 ns, Reaching safepoint: 56057 ns, At safepoint: 8013 ns, Total: 64070 ns
[2020-09-11T12:16:19.038+0000][1][safepoint    ] Safepoint "Cleanup", Time since last: 1000882497 ns, Reaching safepoint: 55898 ns, At safepoint: 7082 ns, Total: 62980 ns
[2020-09-11T12:16:20.038+0000][1][safepoint    ] Safepoint "Cleanup", Time since last: 1000125629 ns, Reaching safepoint: 57456 ns, At safepoint: 6265 ns, Total: 63721 ns
[2020-09-11T12:16:21.038+0000][1][safepoint    ] Safepoint "Cleanup", Time since last: 1000119076 ns, Reaching safepoint: 57922 ns, At safepoint: 7826 ns, Total: 65748 ns
[2020-09-11T12:16:22.039+0000][1][safepoint    ] Safepoint "Cleanup", Time since last: 1000116518 ns, Reaching safepoint: 57527 ns, At safepoint: 7949 ns, Total: 65476 ns
[2020-09-11T12:16:23.039+0000][1][safepoint    ] Safepoint "Cleanup", Time since last: 1000111993 ns, Reaching safepoint: 55822 ns, At safepoint: 7231 ns, Total: 63053 ns
[2020-09-11T12:16:24.039+0000][1][safepoint    ] Safepoint "Cleanup", Time since last: 1000120695 ns, Reaching safepoint: 56110 ns, At safepoint: 6960 ns, Total: 63070 ns
[2020-09-11T12:16:25.624+0000][1][safepoint    ] Safepoint "Cleanup", Time since last: 1584580041 ns, Reaching safepoint: 77472 ns, At safepoint: 7164 ns, Total: 84636 ns
[2020-09-11T12:16:26.593+0000][1][gc,start     ] GC(75) Pause Young (Allocation Failure)
[2020-09-11T12:16:26.593+0000][1][gc,task      ] GC(75) Using 1 workers of 1 for evacuation
[2020-09-11T12:16:26.596+0000][1][gc,age       ] GC(75) Desired survivor size 4358144 bytes, new threshold 6 (max threshold 6)
[2020-09-11T12:16:26.596+0000][1][gc,age       ] GC(75) Age table with threshold 6 (max threshold 6)
[2020-09-11T12:16:26.596+0000][1][gc,age       ] GC(75) - age   1:       6696 bytes,       6696 total
[2020-09-11T12:16:26.596+0000][1][gc,age       ] GC(75) - age   2:       1496 bytes,       8192 total
[2020-09-11T12:16:26.596+0000][1][gc,age       ] GC(75) - age   3:       1120 bytes,       9312 total
[2020-09-11T12:16:26.596+0000][1][gc,age       ] GC(75) - age   4:       1016 bytes,      10328 total
[2020-09-11T12:16:26.596+0000][1][gc,age       ] GC(75) - age   5:       1296 bytes,      11624 total
[2020-09-11T12:16:26.596+0000][1][gc,age       ] GC(75) - age   6:       2200 bytes,      13824 total
[2020-09-11T12:16:26.596+0000][1][gc,heap      ] GC(75) ParNew: 68198K->38K(76672K)
[2020-09-11T12:16:26.596+0000][1][gc,heap      ] GC(75) CMS: 64244K->64269K(439104K)
[2020-09-11T12:16:26.596+0000][1][gc,metaspace ] GC(75) Metaspace: 71738K->71738K(1116160K)
[2020-09-11T12:16:26.596+0000][1][gc           ] GC(75) Pause Young (Allocation Failure) 129M->62M(503M) 3.400ms
[2020-09-11T12:16:26.596+0000][1][gc,cpu       ] GC(75) User=0.00s Sys=0.00s Real=0.01s
[2020-09-11T12:16:26.599+0000][1][safepoint    ] Safepoint "GenCollectForAllocation", Time since last: 969342331 ns, Reaching safepoint: 130317 ns, At safepoint: 6375690 ns, Total: 6506007 ns
[2020-09-11T12:16:27.605+0000][1][safepoint    ] Safepoint "Cleanup", Time since last: 1005173166 ns, Reaching safepoint: 58727 ns, At safepoint: 20282 ns, Total: 79009 ns
[2020-09-11T12:16:28.605+0000][1][safepoint    ] Safepoint "Cleanup", Time since last: 1000122432 ns, Reaching safepoint: 57666 ns, At safepoint: 18329 ns, Total: 75995 ns
[2020-09-11T12:16:29.605+0000][1][safepoint    ] Safepoint "Cleanup", Time since last: 1000116896 ns, Reaching safepoint: 58776 ns, At safepoint: 19056 ns, Total: 77832 ns
[2020-09-11T12:16:30.605+0000][1][safepoint    ] Safepoint "Cleanup", Time since last: 1000111617 ns, Reaching safepoint: 55087 ns, At safepoint: 16836 ns, Total: 71923 ns
[2020-09-11T12:16:31.605+0000][1][safepoint    ] Safepoint "Cleanup", Time since last: 1000109315 ns, Reaching safepoint: 53183 ns, At safepoint: 6443 ns, Total: 59626 ns
[2020-09-11T12:16:32.606+0000][1][safepoint    ] Safepoint "Cleanup", Time since last: 1000649837 ns, Reaching safepoint: 50955 ns, At safepoint: 5539 ns, Total: 56494 ns
[2020-09-11T12:16:33.606+0000][1][safepoint    ] Safepoint "Cleanup", Time since last: 1000109494 ns, Reaching safepoint: 87814 ns, At safepoint: 6002 ns, Total: 93816 ns
[2020-09-11T12:16:34.606+0000][1][safepoint    ] Safepoint "Cleanup", Time since last: 1000103640 ns, Reaching safepoint: 54706 ns, At safepoint: 4660 ns, Total: 59366 ns
[2020-09-11T12:16:35.607+0000][1][safepoint    ] Safepoint "Cleanup", Time since last: 1000112775 ns, Reaching safepoint: 61896 ns, At safepoint: 6543 ns, Total: 68439 ns
[2020-09-11T12:16:36.612+0000][1][safepoint    ] Safepoint "Cleanup", Time since last: 1004726771 ns, Reaching safepoint: 127867 ns, At safepoint: 7100 ns, Total: 134967 ns
[2020-09-11T12:16:37.612+0000][1][safepoint    ] Safepoint "Cleanup", Time since last: 1000109570 ns, Reaching safepoint: 59970 ns, At safepoint: 6472 ns, Total: 66442 ns
[2020-09-11T12:16:38.612+0000][1][safepoint    ] Safepoint "Cleanup", Time since last: 1000114861 ns, Reaching safepoint: 65469 ns, At safepoint: 5632 ns, Total: 71101 ns
[2020-09-11T12:16:39.612+0000][1][safepoint    ] Safepoint "Cleanup", Time since last: 1000112637 ns, Reaching safepoint: 63514 ns, At safepoint: 6037 ns, Total: 69551 ns
[2020-09-11T12:16:40.612+0000][1][safepoint    ] Safepoint "Cleanup", Time since last: 1000107776 ns, Reaching safepoint: 63130 ns, At safepoint: 5014 ns, Total: 68144 ns
[2020-09-11T12:16:41.612+0000][1][safepoint    ] Safepoint "Cleanup", Time since last: 1000103383 ns, Reaching safepoint: 65750 ns, At safepoint: 5936 ns, Total: 71686 ns
[2020-09-11T12:16:42.613+0000][1][safepoint    ] Safepoint "Cleanup", Time since last: 1000116580 ns, Reaching safepoint: 66735 ns, At safepoint: 5429 ns, Total: 72164 ns
[2020-09-11T12:16:43.616+0000][1][safepoint    ] Safepoint "Cleanup", Time since last: 1002820870 ns, Reaching safepoint: 160442 ns, At safepoint: 7531 ns, Total: 167973 ns
[2020-09-11T12:16:44.616+0000][1][safepoint    ] Safepoint "Cleanup", Time since last: 1000112144 ns, Reaching safepoint: 57135 ns, At safepoint: 8510 ns, Total: 65645 ns
[2020-09-11T12:16:45.616+0000][1][safepoint    ] Safepoint "Cleanup", Time since last: 1000109233 ns, Reaching safepoint: 55204 ns, At safepoint: 6929 ns, Total: 62133 ns
[2020-09-11T12:16:46.616+0000][1][safepoint    ] Safepoint "Cleanup", Time since last: 1000100324 ns, Reaching safepoint: 54713 ns, At safepoint: 6601 ns, Total: 61314 ns
[2020-09-11T12:16:47.616+0000][1][safepoint    ] Safepoint "Cleanup", Time since last: 1000102842 ns, Reaching safepoint: 56203 ns, At safepoint: 7031 ns, Total: 63234 ns
[2020-09-11T12:16:48.616+0000][1][safepoint    ] Safepoint "Cleanup", Time since last: 1000112149 ns, Reaching safepoint: 52335 ns, At safepoint: 6112 ns, Total: 58447 ns
[2020-09-11T12:16:49.617+0000][1][safepoint    ] Safepoint "Cleanup", Time since last: 1000113034 ns, Reaching safepoint: 58224 ns, At safepoint: 7180 ns, Total: 65404 ns
[2020-09-11T12:16:50.617+0000][1][safepoint    ] Safepoint "Cleanup", Time since last: 1000114722 ns, Reaching safepoint: 63638 ns, At safepoint: 6985 ns, Total: 70623 ns
[2020-09-11T12:16:51.617+0000][1][safepoint    ] Safepoint "Cleanup", Time since last: 1000099446 ns, Reaching safepoint: 56371 ns, At safepoint: 5179 ns, Total: 61550 ns
[2020-09-11T12:16:52.617+0000][1][safepoint    ] Safepoint "Cleanup", Time since last: 1000093923 ns, Reaching safepoint: 51685 ns, At safepoint: 6962 ns, Total: 58647 ns
[2020-09-11T12:16:53.617+0000][1][safepoint    ] Safepoint "Cleanup", Time since last: 1000096616 ns, Reaching safepoint: 52712 ns, At safepoint: 6157 ns, Total: 58869 ns
[2020-09-11T12:16:54.617+0000][1][safepoint    ] Safepoint "Cleanup", Time since last: 1000096064 ns, Reaching safepoint: 51063 ns, At safepoint: 5728 ns, Total: 56791 ns
[2020-09-11T12:16:55.618+0000][1][safepoint    ] Safepoint "Cleanup", Time since last: 1000101111 ns, Reaching safepoint: 53732 ns, At safepoint: 5893 ns, Total: 59625 ns
[2020-09-11T12:16:56.618+0000][1][safepoint    ] Safepoint "Cleanup", Time since last: 1000110546 ns, Reaching safepoint: 59858 ns, At safepoint: 5263 ns, Total: 65121 ns
[2020-09-11T12:16:57.618+0000][1][safepoint    ] Safepoint "Cleanup", Time since last: 1000101110 ns, Reaching safepoint: 53852 ns, At safepoint: 5054 ns, Total: 58906 ns
[2020-09-11T12:16:58.618+0000][1][safepoint    ] Safepoint "Cleanup", Time since last: 1000101772 ns, Reaching safepoint: 52758 ns, At safepoint: 6107 ns, Total: 58865 ns
[2020-09-11T12:16:59.618+0000][1][safepoint    ] Safepoint "Cleanup", Time since last: 1000111660 ns, Reaching safepoint: 57834 ns, At safepoint: 5054 ns, Total: 62888 ns
[2020-09-11T12:17:00.618+0000][1][safepoint    ] Safepoint "Cleanup", Time since last: 1000118457 ns, Reaching safepoint: 52182 ns, At safepoint: 6205 ns, Total: 58387 ns
[2020-09-11T12:17:01.624+0000][1][safepoint    ] Safepoint "Cleanup", Time since last: 1004967601 ns, Reaching safepoint: 132510 ns, At safepoint: 7047 ns, Total: 139557 ns
[2020-09-11T12:17:02.624+0000][1][safepoint    ] Safepoint "Cleanup", Time since last: 1000113876 ns, Reaching safepoint: 68238 ns, At safepoint: 5837 ns, Total: 74075 ns
[2020-09-11T12:17:03.624+0000][1][safepoint    ] Safepoint "Cleanup", Time since last: 1000117322 ns, Reaching safepoint: 64973 ns, At safepoint: 5614 ns, Total: 70587 ns
[2020-09-11T12:17:04.624+0000][1][safepoint    ] Safepoint "Cleanup", Time since last: 1000110883 ns, Reaching safepoint: 73852 ns, At safepoint: 5989 ns, Total: 79841 ns
[2020-09-11T12:17:05.624+0000][1][safepoint    ] Safepoint "Cleanup", Time since last: 1000119503 ns, Reaching safepoint: 62261 ns, At safepoint: 4828 ns, Total: 67089 ns
[2020-09-11T12:17:06.627+0000][1][safepoint    ] Safepoint "Cleanup", Time since last: 1003112634 ns, Reaching safepoint: 54203 ns, At safepoint: 6774 ns, Total: 60977 ns
[2020-09-11T12:17:07.628+0000][1][safepoint    ] Safepoint "Cleanup", Time since last: 1000114551 ns, Reaching safepoint: 67436 ns, At safepoint: 5888 ns, Total: 73324 ns
[2020-09-11T12:17:08.628+0000][1][safepoint    ] Safepoint "Cleanup", Time since last: 1000116201 ns, Reaching safepoint: 64192 ns, At safepoint: 5409 ns, Total: 69601 ns
[2020-09-11T12:17:09.628+0000][1][safepoint    ] Safepoint "Cleanup", Time since last: 1000116246 ns, Reaching safepoint: 61420 ns, At safepoint: 4675 ns, Total: 66095 ns
[2020-09-11T12:17:10.628+0000][1][safepoint    ] Safepoint "Cleanup", Time since last: 1000111818 ns, Reaching safepoint: 64015 ns, At safepoint: 5503 ns, Total: 69518 ns
[2020-09-11T12:17:11.629+0000][1][safepoint    ] Safepoint "Cleanup", Time since last: 1000404941 ns, Reaching safepoint: 196121 ns, At safepoint: 8615 ns, Total: 204736 ns
[2020-09-11T12:17:12.629+0000][1][safepoint    ] Safepoint "Cleanup", Time since last: 1000104049 ns, Reaching safepoint: 52171 ns, At safepoint: 6610 ns, Total: 58781 ns
[2020-09-11T12:17:13.629+0000][1][safepoint    ] Safepoint "Cleanup", Time since last: 1000101972 ns, Reaching safepoint: 52037 ns, At safepoint: 5971 ns, Total: 58008 ns
[2020-09-11T12:17:14.629+0000][1][safepoint    ] Safepoint "Cleanup", Time since last: 1000114638 ns, Reaching safepoint: 53734 ns, At safepoint: 7128 ns, Total: 60862 ns
[2020-09-11T12:17:15.630+0000][1][safepoint    ] Safepoint "Cleanup", Time since last: 1000190118 ns, Reaching safepoint: 75157 ns, At safepoint: 7129 ns, Total: 82286 ns
[2020-09-11T12:17:16.630+0000][1][safepoint    ] Safepoint "Cleanup", Time since last: 1000185225 ns, Reaching safepoint: 86313 ns, At safepoint: 5349 ns, Total: 91662 ns
[2020-09-11T12:17:17.630+0000][1][safepoint    ] Safepoint "Cleanup", Time since last: 1000169582 ns, Reaching safepoint: 91931 ns, At safepoint: 14968 ns, Total: 106899 ns
[2020-09-11T12:17:18.630+0000][1][safepoint    ] Safepoint "Cleanup", Time since last: 1000197964 ns, Reaching safepoint: 87610 ns, At safepoint: 5753 ns, Total: 93363 ns
[2020-09-11T12:17:19.631+0000][1][safepoint    ] Safepoint "Cleanup", Time since last: 1000130971 ns, Reaching safepoint: 91173 ns, At safepoint: 6517 ns, Total: 97690 ns
[2020-09-11T12:17:20.631+0000][1][safepoint    ] Safepoint "Cleanup", Time since last: 1000146383 ns, Reaching safepoint: 82015 ns, At safepoint: 5896 ns, Total: 87911 ns
[2020-09-11T12:17:21.996+0000][1][safepoint    ] Safepoint "Cleanup", Time since last: 1364674129 ns, Reaching safepoint: 74982 ns, At safepoint: 7503 ns, Total: 82485 ns
[2020-09-11T12:17:22.996+0000][1][safepoint    ] Safepoint "Cleanup", Time since last: 1000163348 ns, Reaching safepoint: 107153 ns, At safepoint: 17232 ns, Total: 124385 ns
[2020-09-11T12:17:23.996+0000][1][safepoint    ] Safepoint "Cleanup", Time since last: 1000244891 ns, Reaching safepoint: 85824 ns, At safepoint: 7554 ns, Total: 93378 ns
[2020-09-11T12:17:24.997+0000][1][safepoint    ] Safepoint "Cleanup", Time since last: 1000178624 ns, Reaching safepoint: 85683 ns, At safepoint: 6751 ns, Total: 92434 ns
[2020-09-11T12:17:25.997+0000][1][safepoint    ] Safepoint "Cleanup", Time since last: 1000165279 ns, Reaching safepoint: 92191 ns, At safepoint: 7511 ns, Total: 99702 ns
[2020-09-11T12:17:26.997+0000][1][safepoint    ] Safepoint "Cleanup", Time since last: 1000133294 ns, Reaching safepoint: 102970 ns, At safepoint: 16508 ns, Total: 119478 ns
[2020-09-11T12:17:27.997+0000][1][safepoint    ] Safepoint "Cleanup", Time since last: 1000213288 ns, Reaching safepoint: 96792 ns, At safepoint: 36133 ns, Total: 132925 ns
[2020-09-11T12:17:28.998+0000][1][safepoint    ] Safepoint "Cleanup", Time since last: 1000193557 ns, Reaching safepoint: 93162 ns, At safepoint: 6993 ns, Total: 100155 ns
[2020-09-11T12:17:29.998+0000][1][safepoint    ] Safepoint "Cleanup", Time since last: 1000202709 ns, Reaching safepoint: 83235 ns, At safepoint: 6627 ns, Total: 89862 ns
[2020-09-11T12:17:30.998+0000][1][safepoint    ] Safepoint "Cleanup", Time since last: 1000166968 ns, Reaching safepoint: 87237 ns, At safepoint: 7712 ns, Total: 94949 ns
[2020-09-11T12:17:31.999+0000][1][safepoint    ] Safepoint "Cleanup", Time since last: 1000139712 ns, Reaching safepoint: 98461 ns, At safepoint: 7099 ns, Total: 105560 ns
[2020-09-11T12:17:32.999+0000][1][safepoint    ] Safepoint "Cleanup", Time since last: 1000177107 ns, Reaching safepoint: 81367 ns, At safepoint: 6914 ns, Total: 88281 ns
[2020-09-11T12:17:33.999+0000][1][safepoint    ] Safepoint "Cleanup", Time since last: 1000149414 ns, Reaching safepoint: 106768 ns, At safepoint: 16401 ns, Total: 123169 ns
[2020-09-11T12:17:34.999+0000][1][safepoint    ] Safepoint "Cleanup", Time since last: 1000239128 ns, Reaching safepoint: 105642 ns, At safepoint: 6517 ns, Total: 112159 ns
[2020-09-11T12:17:36.000+0000][1][safepoint    ] Safepoint "Cleanup", Time since last: 1000134911 ns, Reaching safepoint: 56667 ns, At safepoint: 6470 ns, Total: 63137 ns
[2020-09-11T12:17:37.000+0000][1][safepoint    ] Safepoint "Cleanup", Time since last: 1000182682 ns, Reaching safepoint: 106704 ns, At safepoint: 17063 ns, Total: 123767 ns
[2020-09-11T12:17:38.000+0000][1][safepoint    ] Safepoint "Cleanup", Time since last: 1000214525 ns, Reaching safepoint: 84722 ns, At safepoint: 7130 ns, Total: 91852 ns
[2020-09-11T12:17:39.660+0000][1][safepoint    ] Safepoint "Cleanup", Time since last: 1659327231 ns, Reaching safepoint: 68477 ns, At safepoint: 6903 ns, Total: 75380 ns
[2020-09-11T12:17:40.660+0000][1][safepoint    ] Safepoint "Cleanup", Time since last: 1000151031 ns, Reaching safepoint: 88816 ns, At safepoint: 6046 ns, Total: 94862 ns
[2020-09-11T12:17:41.647+0000][1][gc,start     ] GC(76) Pause Young (Allocation Failure)
[2020-09-11T12:17:41.647+0000][1][gc,task      ] GC(76) Using 1 workers of 1 for evacuation
[2020-09-11T12:17:41.650+0000][1][gc,age       ] GC(76) Desired survivor size 4358144 bytes, new threshold 6 (max threshold 6)
[2020-09-11T12:17:41.650+0000][1][gc,age       ] GC(76) Age table with threshold 6 (max threshold 6)
[2020-09-11T12:17:41.650+0000][1][gc,age       ] GC(76) - age   1:       6632 bytes,       6632 total
[2020-09-11T12:17:41.650+0000][1][gc,age       ] GC(76) - age   2:        920 bytes,       7552 total
[2020-09-11T12:17:41.650+0000][1][gc,age       ] GC(76) - age   3:       1496 bytes,       9048 total
[2020-09-11T12:17:41.650+0000][1][gc,age       ] GC(76) - age   4:       1120 bytes,      10168 total
[2020-09-11T12:17:41.650+0000][1][gc,age       ] GC(76) - age   5:       1016 bytes,      11184 total
[2020-09-11T12:17:41.650+0000][1][gc,age       ] GC(76) - age   6:       1296 bytes,      12480 total
[2020-09-11T12:17:41.650+0000][1][gc,heap      ] GC(76) ParNew: 68198K->12K(76672K)
[2020-09-11T12:17:41.650+0000][1][gc,heap      ] GC(76) CMS: 64269K->64271K(439104K)
[2020-09-11T12:17:41.650+0000][1][gc,metaspace ] GC(76) Metaspace: 71763K->71763K(1116160K)
[2020-09-11T12:17:41.650+0000][1][gc           ] GC(76) Pause Young (Allocation Failure) 129M->62M(503M) 3.270ms
[2020-09-11T12:17:41.650+0000][1][gc,cpu       ] GC(76) User=0.01s Sys=0.00s Real=0.00s
[2020-09-11T12:17:41.651+0000][1][safepoint    ] Safepoint "GenCollectForAllocation", Time since last: 987101418 ns, Reaching safepoint: 208495 ns, At safepoint: 3328215 ns, Total: 3536710 ns
[2020-09-11T12:17:42.654+0000][1][safepoint    ] Safepoint "Cleanup", Time since last: 1003720682 ns, Reaching safepoint: 167528 ns, At safepoint: 17162 ns, Total: 184690 ns
[2020-09-11T12:17:43.657+0000][1][safepoint    ] Safepoint "Cleanup", Time since last: 1001806241 ns, Reaching safepoint: 158389 ns, At safepoint: 201298 ns, Total: 359687 ns
[2020-09-11T12:17:44.657+0000][1][safepoint    ] Safepoint "Cleanup", Time since last: 1000194442 ns, Reaching safepoint: 232981 ns, At safepoint: 46393 ns, Total: 279374 ns
[2020-09-11T12:17:45.658+0000][1][safepoint    ] Safepoint "Cleanup", Time since last: 1000551614 ns, Reaching safepoint: 219700 ns, At safepoint: 18980 ns, Total: 238680 ns
[2020-09-11T12:17:46.664+0000][1][safepoint    ] Safepoint "Cleanup", Time since last: 1005591214 ns, Reaching safepoint: 180491 ns, At safepoint: 16521 ns, Total: 197012 ns
[2020-09-11T12:17:47.664+0000][1][safepoint    ] Safepoint "Cleanup", Time since last: 1000139111 ns, Reaching safepoint: 56075 ns, At safepoint: 6670 ns, Total: 62745 ns
[2020-09-11T12:17:48.664+0000][1][safepoint    ] Safepoint "Cleanup", Time since last: 1000237200 ns, Reaching safepoint: 53239 ns, At safepoint: 6531 ns, Total: 59770 ns
[2020-09-11T12:17:49.664+0000][1][safepoint    ] Safepoint "Cleanup", Time since last: 1000175820 ns, Reaching safepoint: 113084 ns, At safepoint: 18529 ns, Total: 131613 ns
[2020-09-11T12:17:50.665+0000][1][safepoint    ] Safepoint "Cleanup", Time since last: 1000211724 ns, Reaching safepoint: 105278 ns, At safepoint: 15847 ns, Total: 121125 ns
[2020-09-11T12:17:51.666+0000][1][safepoint    ] Safepoint "Cleanup", Time since last: 1000960226 ns, Reaching safepoint: 191443 ns, At safepoint: 16030 ns, Total: 207473 ns
[2020-09-11T12:17:52.666+0000][1][safepoint    ] Safepoint "Cleanup", Time since last: 1000150912 ns, Reaching safepoint: 93077 ns, At safepoint: 13835 ns, Total: 106912 ns
[2020-09-11T12:17:53.666+0000][1][safepoint    ] Safepoint "Cleanup", Time since last: 1000153719 ns, Reaching safepoint: 70380 ns, At safepoint: 5373 ns, Total: 75753 ns
[2020-09-11T12:17:54.667+0000][1][safepoint    ] Safepoint "Cleanup", Time since last: 1000186934 ns, Reaching safepoint: 105966 ns, At safepoint: 16528 ns, Total: 122494 ns
[2020-09-11T12:17:55.667+0000][1][safepoint    ] Safepoint "Cleanup", Time since last: 1000241441 ns, Reaching safepoint: 77846 ns, At safepoint: 5421 ns, Total: 83267 ns
[2020-09-11T12:17:56.668+0000][1][safepoint    ] Safepoint "Cleanup", Time since last: 1000772755 ns, Reaching safepoint: 92369 ns, At safepoint: 6219 ns, Total: 98588 ns
[2020-09-11T12:17:57.668+0000][1][safepoint    ] Safepoint "Cleanup", Time since last: 1000155477 ns, Reaching safepoint: 94690 ns, At safepoint: 14928 ns, Total: 109618 ns
[2020-09-11T12:17:58.668+0000][1][safepoint    ] Safepoint "Cleanup", Time since last: 1000154294 ns, Reaching safepoint: 97091 ns, At safepoint: 5473 ns, Total: 102564 ns
[2020-09-11T12:17:59.669+0000][1][safepoint    ] Safepoint "Cleanup", Time since last: 1000120233 ns, Reaching safepoint: 103295 ns, At safepoint: 7444 ns, Total: 110739 ns
[2020-09-11T12:18:00.669+0000][1][safepoint    ] Safepoint "Cleanup", Time since last: 1000166863 ns, Reaching safepoint: 196151 ns, At safepoint: 6362 ns, Total: 202513 ns
[2020-09-11T12:18:01.670+0000][1][safepoint    ] Safepoint "Cleanup", Time since last: 1000611443 ns, Reaching safepoint: 91737 ns, At safepoint: 14991 ns, Total: 106728 ns
[2020-09-11T12:18:02.670+0000][1][safepoint    ] Safepoint "Cleanup", Time since last: 1000210886 ns, Reaching safepoint: 96929 ns, At safepoint: 16261 ns, Total: 113190 ns
[2020-09-11T12:18:03.670+0000][1][safepoint    ] Safepoint "Cleanup", Time since last: 1000220642 ns, Reaching safepoint: 74305 ns, At safepoint: 5944 ns, Total: 80249 ns
[2020-09-11T12:18:04.671+0000][1][safepoint    ] Safepoint "Cleanup", Time since last: 1000170988 ns, Reaching safepoint: 87382 ns, At safepoint: 7035 ns, Total: 94417 ns
[2020-09-11T12:18:05.671+0000][1][safepoint    ] Safepoint "Cleanup", Time since last: 1000150449 ns, Reaching safepoint: 95797 ns, At safepoint: 14767 ns, Total: 110564 ns
[2020-09-11T12:18:06.672+0000][1][safepoint    ] Safepoint "Cleanup", Time since last: 1001149623 ns, Reaching safepoint: 61470 ns, At safepoint: 6107 ns, Total: 67577 ns
[2020-09-11T12:18:07.672+0000][1][safepoint    ] Safepoint "Cleanup", Time since last: 1000161300 ns, Reaching safepoint: 78427 ns, At safepoint: 6226 ns, Total: 84653 ns
[2020-09-11T12:18:08.673+0000][1][safepoint    ] Safepoint "Cleanup", Time since last: 1000087002 ns, Reaching safepoint: 56289 ns, At safepoint: 5777 ns, Total: 62066 ns
[2020-09-11T12:18:09.675+0000][1][safepoint    ] Safepoint "Cleanup", Time since last: 1002871621 ns, Reaching safepoint: 58351 ns, At safepoint: 7389 ns, Total: 65740 ns
[2020-09-11T12:18:10.676+0000][1][safepoint    ] Safepoint "Cleanup", Time since last: 1000191816 ns, Reaching safepoint: 75055 ns, At safepoint: 6499 ns, Total: 81554 ns
[2020-09-11T12:18:11.677+0000][1][safepoint    ] Safepoint "Cleanup", Time since last: 1000853472 ns, Reaching safepoint: 94961 ns, At safepoint: 14637 ns, Total: 109598 ns
[2020-09-11T12:18:12.677+0000][1][safepoint    ] Safepoint "Cleanup", Time since last: 1000196620 ns, Reaching safepoint: 106902 ns, At safepoint: 17744 ns, Total: 124646 ns
[2020-09-11T12:18:13.677+0000][1][safepoint    ] Safepoint "Cleanup", Time since last: 1000161318 ns, Reaching safepoint: 93958 ns, At safepoint: 5846 ns, Total: 99804 ns
[2020-09-11T12:18:14.712+0000][1][safepoint    ] Safepoint "Cleanup", Time since last: 1034241046 ns, Reaching safepoint: 100141 ns, At safepoint: 5611 ns, Total: 105752 ns
[2020-09-11T12:18:15.712+0000][1][safepoint    ] Safepoint "Cleanup", Time since last: 1000132114 ns, Reaching safepoint: 96521 ns, At safepoint: 16468 ns, Total: 112989 ns
[2020-09-11T12:18:16.712+0000][1][safepoint    ] Safepoint "Cleanup", Time since last: 1000169143 ns, Reaching safepoint: 95549 ns, At safepoint: 5959 ns, Total: 101508 ns
[2020-09-11T12:18:17.712+0000][1][safepoint    ] Safepoint "Cleanup", Time since last: 1000164795 ns, Reaching safepoint: 93290 ns, At safepoint: 16251 ns, Total: 109541 ns
[2020-09-11T12:18:18.713+0000][1][safepoint    ] Safepoint "Cleanup", Time since last: 1000165519 ns, Reaching safepoint: 91723 ns, At safepoint: 13334 ns, Total: 105057 ns
[2020-09-11T12:18:19.713+0000][1][safepoint    ] Safepoint "Cleanup", Time since last: 1000193472 ns, Reaching safepoint: 75750 ns, At safepoint: 7261 ns, Total: 83011 ns
[2020-09-11T12:18:20.713+0000][1][safepoint    ] Safepoint "Cleanup", Time since last: 1000126235 ns, Reaching safepoint: 102192 ns, At safepoint: 5462 ns, Total: 107654 ns
[2020-09-11T12:18:21.713+0000][1][safepoint    ] Safepoint "Cleanup", Time since last: 1000126245 ns, Reaching safepoint: 97155 ns, At safepoint: 5990 ns, Total: 103145 ns
[2020-09-11T12:18:22.714+0000][1][safepoint    ] Safepoint "Cleanup", Time since last: 1000160690 ns, Reaching safepoint: 93966 ns, At safepoint: 15087 ns, Total: 109053 ns
[2020-09-11T12:18:23.714+0000][1][safepoint    ] Safepoint "Cleanup", Time since last: 1000195756 ns, Reaching safepoint: 80336 ns, At safepoint: 6681 ns, Total: 87017 ns
[2020-09-11T12:18:24.714+0000][1][safepoint    ] Safepoint "Cleanup", Time since last: 1000135279 ns, Reaching safepoint: 104583 ns, At safepoint: 15856 ns, Total: 120439 ns
[2020-09-11T12:18:25.715+0000][1][safepoint    ] Safepoint "Cleanup", Time since last: 1000160039 ns, Reaching safepoint: 96084 ns, At safepoint: 5695 ns, Total: 101779 ns
[2020-09-11T12:18:26.715+0000][1][safepoint    ] Safepoint "Cleanup", Time since last: 1000121408 ns, Reaching safepoint: 105640 ns, At safepoint: 5955 ns, Total: 111595 ns
[2020-09-11T12:18:27.715+0000][1][safepoint    ] Safepoint "Cleanup", Time since last: 1000168652 ns, Reaching safepoint: 80993 ns, At safepoint: 6375 ns, Total: 87368 ns
[2020-09-11T12:18:28.715+0000][1][safepoint    ] Safepoint "Cleanup", Time since last: 1000132636 ns, Reaching safepoint: 93497 ns, At safepoint: 5844 ns, Total: 99341 ns
[2020-09-11T12:18:29.716+0000][1][safepoint    ] Safepoint "Cleanup", Time since last: 1000198772 ns, Reaching safepoint: 94510 ns, At safepoint: 15924 ns, Total: 110434 ns
[2020-09-11T12:18:30.716+0000][1][safepoint    ] Safepoint "Cleanup", Time since last: 1000137819 ns, Reaching safepoint: 52858 ns, At safepoint: 5794 ns, Total: 58652 ns
[2020-09-11T12:18:31.716+0000][1][safepoint    ] Safepoint "Cleanup", Time since last: 1000161727 ns, Reaching safepoint: 94560 ns, At safepoint: 6007 ns, Total: 100567 ns
[2020-09-11T12:18:32.716+0000][1][safepoint    ] Safepoint "Cleanup", Time since last: 1000099849 ns, Reaching safepoint: 161294 ns, At safepoint: 7927 ns, Total: 169221 ns
[2020-09-11T12:18:33.716+0000][1][safepoint    ] Safepoint "Cleanup", Time since last: 1000093941 ns, Reaching safepoint: 44781 ns, At safepoint: 5171 ns, Total: 49952 ns
[2020-09-11T12:18:34.717+0000][1][safepoint    ] Safepoint "Cleanup", Time since last: 1000130393 ns, Reaching safepoint: 96412 ns, At safepoint: 5832 ns, Total: 102244 ns
[2020-09-11T12:18:35.717+0000][1][safepoint    ] Safepoint "Cleanup", Time since last: 1000108006 ns, Reaching safepoint: 98648 ns, At safepoint: 7364 ns, Total: 106012 ns
[2020-09-11T12:18:36.717+0000][1][safepoint    ] Safepoint "Cleanup", Time since last: 1000121541 ns, Reaching safepoint: 201465 ns, At safepoint: 17644 ns, Total: 219109 ns
[2020-09-11T12:18:37.718+0000][1][safepoint    ] Safepoint "Cleanup", Time since last: 1000208963 ns, Reaching safepoint: 112642 ns, At safepoint: 16541 ns, Total: 129183 ns
[2020-09-11T12:18:38.718+0000][1][safepoint    ] Safepoint "Cleanup", Time since last: 1000212119 ns, Reaching safepoint: 108652 ns, At safepoint: 16348 ns, Total: 125000 ns
[2020-09-11T12:18:39.718+0000][1][safepoint    ] Safepoint "Cleanup", Time since last: 1000159238 ns, Reaching safepoint: 51092 ns, At safepoint: 5181 ns, Total: 56273 ns
[2020-09-11T12:18:40.718+0000][1][safepoint    ] Safepoint "Cleanup", Time since last: 1000162711 ns, Reaching safepoint: 84982 ns, At safepoint: 7235 ns, Total: 92217 ns
[2020-09-11T12:18:41.719+0000][1][safepoint    ] Safepoint "Cleanup", Time since last: 1000874226 ns, Reaching safepoint: 84249 ns, At safepoint: 7161 ns, Total: 91410 ns
[2020-09-11T12:18:42.720+0000][1][safepoint    ] Safepoint "Cleanup", Time since last: 1000183373 ns, Reaching safepoint: 85508 ns, At safepoint: 7077 ns, Total: 92585 ns
[2020-09-11T12:18:43.720+0000][1][safepoint    ] Safepoint "Cleanup", Time since last: 1000193263 ns, Reaching safepoint: 107112 ns, At safepoint: 16511 ns, Total: 123623 ns
[2020-09-11T12:18:44.720+0000][1][safepoint    ] Safepoint "Cleanup", Time since last: 1000177909 ns, Reaching safepoint: 106842 ns, At safepoint: 13778 ns, Total: 120620 ns
[2020-09-11T12:18:45.724+0000][1][safepoint    ] Safepoint "Cleanup", Time since last: 1003243139 ns, Reaching safepoint: 115248 ns, At safepoint: 16665 ns, Total: 131913 ns
[2020-09-11T12:18:46.725+0000][1][safepoint    ] Safepoint "Cleanup", Time since last: 1001123726 ns, Reaching safepoint: 82796 ns, At safepoint: 7771 ns, Total: 90567 ns
[2020-09-11T12:18:47.725+0000][1][safepoint    ] Safepoint "Cleanup", Time since last: 1000187744 ns, Reaching safepoint: 136088 ns, At safepoint: 17754 ns, Total: 153842 ns
[2020-09-11T12:18:48.725+0000][1][safepoint    ] Safepoint "Cleanup", Time since last: 1000194855 ns, Reaching safepoint: 99196 ns, At safepoint: 7791 ns, Total: 106987 ns
[2020-09-11T12:18:49.726+0000][1][safepoint    ] Safepoint "Cleanup", Time since last: 1000243066 ns, Reaching safepoint: 113223 ns, At safepoint: 17209 ns, Total: 130432 ns
[2020-09-11T12:18:50.726+0000][1][safepoint    ] Safepoint "Cleanup", Time since last: 1000339955 ns, Reaching safepoint: 111733 ns, At safepoint: 17333 ns, Total: 129066 ns
[2020-09-11T12:18:51.728+0000][1][safepoint    ] Safepoint "Cleanup", Time since last: 1001153029 ns, Reaching safepoint: 118763 ns, At safepoint: 16123 ns, Total: 134886 ns
[2020-09-11T12:18:51.745+0000][1][gc,start     ] GC(77) Pause Young (Allocation Failure)
[2020-09-11T12:18:51.745+0000][1][gc,task      ] GC(77) Using 1 workers of 1 for evacuation
[2020-09-11T12:18:51.749+0000][1][gc,age       ] GC(77) Desired survivor size 4358144 bytes, new threshold 6 (max threshold 6)
[2020-09-11T12:18:51.749+0000][1][gc,age       ] GC(77) Age table with threshold 6 (max threshold 6)
[2020-09-11T12:18:51.749+0000][1][gc,age       ] GC(77) - age   1:       7472 bytes,       7472 total
[2020-09-11T12:18:51.749+0000][1][gc,age       ] GC(77) - age   2:        632 bytes,       8104 total
[2020-09-11T12:18:51.749+0000][1][gc,age       ] GC(77) - age   3:        920 bytes,       9024 total
[2020-09-11T12:18:51.749+0000][1][gc,age       ] GC(77) - age   4:       1496 bytes,      10520 total
[2020-09-11T12:18:51.749+0000][1][gc,age       ] GC(77) - age   5:       1120 bytes,      11640 total
[2020-09-11T12:18:51.749+0000][1][gc,age       ] GC(77) - age   6:       1016 bytes,      12656 total
[2020-09-11T12:18:51.749+0000][1][gc,heap      ] GC(77) ParNew: 68172K->12K(76672K)
[2020-09-11T12:18:51.749+0000][1][gc,heap      ] GC(77) CMS: 64271K->64273K(439104K)
[2020-09-11T12:18:51.749+0000][1][gc,metaspace ] GC(77) Metaspace: 71771K->71771K(1116160K)
[2020-09-11T12:18:51.749+0000][1][gc           ] GC(77) Pause Young (Allocation Failure) 129M->62M(503M) 4.505ms
[2020-09-11T12:18:51.749+0000][1][gc,cpu       ] GC(77) User=0.01s Sys=0.00s Real=0.00s
[2020-09-11T12:18:51.749+0000][1][safepoint    ] Safepoint "GenCollectForAllocation", Time since last: 17085593 ns, Reaching safepoint: 206891 ns, At safepoint: 4644112 ns, Total: 4851003 ns
[2020-09-11T12:18:52.751+0000][1][safepoint    ] Safepoint "Cleanup", Time since last: 1001040597 ns, Reaching safepoint: 89879 ns, At safepoint: 48051 ns, Total: 137930 ns
[2020-09-11T12:18:53.751+0000][1][safepoint    ] Safepoint "Cleanup", Time since last: 1000194711 ns, Reaching safepoint: 77896 ns, At safepoint: 17005 ns, Total: 94901 ns
[2020-09-11T12:18:54.751+0000][1][safepoint    ] Safepoint "Cleanup", Time since last: 1000158642 ns, Reaching safepoint: 79017 ns, At safepoint: 18747 ns, Total: 97764 ns
[2020-09-11T12:18:55.751+0000][1][safepoint    ] Safepoint "Cleanup", Time since last: 1000181991 ns, Reaching safepoint: 75703 ns, At safepoint: 16582 ns, Total: 92285 ns
[2020-09-11T12:18:56.754+0000][1][safepoint    ] Safepoint "Cleanup", Time since last: 1002766506 ns, Reaching safepoint: 206283 ns, At safepoint: 18984 ns, Total: 225267 ns
[2020-09-11T12:18:57.755+0000][1][safepoint    ] Safepoint "Cleanup", Time since last: 1000208588 ns, Reaching safepoint: 85077 ns, At safepoint: 6820 ns, Total: 91897 ns
[2020-09-11T12:18:58.755+0000][1][safepoint    ] Safepoint "Cleanup", Time since last: 1000187618 ns, Reaching safepoint: 106928 ns, At safepoint: 17290 ns, Total: 124218 ns
[2020-09-11T12:18:59.755+0000][1][safepoint    ] Safepoint "Cleanup", Time since last: 1000218755 ns, Reaching safepoint: 102792 ns, At safepoint: 5926 ns, Total: 108718 ns
[2020-09-11T12:19:00.756+0000][1][safepoint    ] Safepoint "Cleanup", Time since last: 1000168654 ns, Reaching safepoint: 107971 ns, At safepoint: 16294 ns, Total: 124265 ns
[2020-09-11T12:19:01.757+0000][1][safepoint    ] Safepoint "Cleanup", Time since last: 1000903914 ns, Reaching safepoint: 186828 ns, At safepoint: 7298 ns, Total: 194126 ns
[2020-09-11T12:19:02.757+0000][1][safepoint    ] Safepoint "Cleanup", Time since last: 1000194517 ns, Reaching safepoint: 74958 ns, At safepoint: 7538 ns, Total: 82496 ns
[2020-09-11T12:19:03.757+0000][1][safepoint    ] Safepoint "Cleanup", Time since last: 1000213597 ns, Reaching safepoint: 76003 ns, At safepoint: 6811 ns, Total: 82814 ns
[2020-09-11T12:19:04.758+0000][1][safepoint    ] Safepoint "Cleanup", Time since last: 1000197799 ns, Reaching safepoint: 103023 ns, At safepoint: 16131 ns, Total: 119154 ns
[2020-09-11T12:19:05.758+0000][1][safepoint    ] Safepoint "Cleanup", Time since last: 1000228403 ns, Reaching safepoint: 106681 ns, At safepoint: 16264 ns, Total: 122945 ns
[2020-09-11T12:19:06.759+0000][1][safepoint    ] Safepoint "Cleanup", Time since last: 1001174041 ns, Reaching safepoint: 126804 ns, At safepoint: 14677 ns, Total: 141481 ns
[2020-09-11T12:19:07.780+0000][1][safepoint    ] Safepoint "Cleanup", Time since last: 1020362100 ns, Reaching safepoint: 83927 ns, At safepoint: 5741 ns, Total: 89668 ns
[2020-09-11T12:19:08.780+0000][1][safepoint    ] Safepoint "Cleanup", Time since last: 1000187894 ns, Reaching safepoint: 94741 ns, At safepoint: 15519 ns, Total: 110260 ns
[2020-09-11T12:19:09.780+0000][1][safepoint    ] Safepoint "Cleanup", Time since last: 1000199836 ns, Reaching safepoint: 116150 ns, At safepoint: 18328 ns, Total: 134478 ns
[2020-09-11T12:19:10.781+0000][1][safepoint    ] Safepoint "Cleanup", Time since last: 1000185578 ns, Reaching safepoint: 112184 ns, At safepoint: 13618 ns, Total: 125802 ns
[2020-09-11T12:19:11.781+0000][1][safepoint    ] Safepoint "Cleanup", Time since last: 1000151752 ns, Reaching safepoint: 207218 ns, At safepoint: 16949 ns, Total: 224167 ns
[2020-09-11T12:19:12.781+0000][1][safepoint    ] Safepoint "Cleanup", Time since last: 1000210348 ns, Reaching safepoint: 107547 ns, At safepoint: 17203 ns, Total: 124750 ns
[2020-09-11T12:19:13.782+0000][1][safepoint    ] Safepoint "Cleanup", Time since last: 1000298824 ns, Reaching safepoint: 105339 ns, At safepoint: 16394 ns, Total: 121733 ns
[2020-09-11T12:19:14.782+0000][1][safepoint    ] Safepoint "Cleanup", Time since last: 1000226702 ns, Reaching safepoint: 102421 ns, At safepoint: 16538 ns, Total: 118959 ns
[2020-09-11T12:19:15.783+0000][1][safepoint    ] Safepoint "Cleanup", Time since last: 1000209943 ns, Reaching safepoint: 104513 ns, At safepoint: 16421 ns, Total: 120934 ns
[2020-09-11T12:19:16.784+0000][1][safepoint    ] Safepoint "Cleanup", Time since last: 1001272828 ns, Reaching safepoint: 105990 ns, At safepoint: 16541 ns, Total: 122531 ns
[2020-09-11T12:19:17.784+0000][1][safepoint    ] Safepoint "Cleanup", Time since last: 1000217710 ns, Reaching safepoint: 104513 ns, At safepoint: 15887 ns, Total: 120400 ns
[2020-09-11T12:19:18.785+0000][1][safepoint    ] Safepoint "Cleanup", Time since last: 1000235786 ns, Reaching safepoint: 105639 ns, At safepoint: 16121 ns, Total: 121760 ns
[2020-09-11T12:19:19.785+0000][1][safepoint    ] Safepoint "Cleanup", Time since last: 1000226549 ns, Reaching safepoint: 97567 ns, At safepoint: 15887 ns, Total: 113454 ns
[2020-09-11T12:19:20.785+0000][1][safepoint    ] Safepoint "Cleanup", Time since last: 1000223489 ns, Reaching safepoint: 86657 ns, At safepoint: 6367 ns, Total: 93024 ns
[2020-09-11T12:19:21.786+0000][1][safepoint    ] Safepoint "Cleanup", Time since last: 1000892380 ns, Reaching safepoint: 102668 ns, At safepoint: 14771 ns, Total: 117439 ns
[2020-09-11T12:19:22.787+0000][1][safepoint    ] Safepoint "Cleanup", Time since last: 1000222188 ns, Reaching safepoint: 106761 ns, At safepoint: 16431 ns, Total: 123192 ns
[2020-09-11T12:19:23.787+0000][1][safepoint    ] Safepoint "Cleanup", Time since last: 1000198362 ns, Reaching safepoint: 108773 ns, At safepoint: 14453 ns, Total: 123226 ns
[2020-09-11T12:19:24.787+0000][1][safepoint    ] Safepoint "Cleanup", Time since last: 1000215092 ns, Reaching safepoint: 105642 ns, At safepoint: 16641 ns, Total: 122283 ns
[2020-09-11T12:19:25.788+0000][1][safepoint    ] Safepoint "Cleanup", Time since last: 1000259767 ns, Reaching safepoint: 53850 ns, At safepoint: 5940 ns, Total: 59790 ns
[2020-09-11T12:19:26.789+0000][1][safepoint    ] Safepoint "Cleanup", Time since last: 1000852261 ns, Reaching safepoint: 104096 ns, At safepoint: 34565 ns, Total: 138661 ns
[2020-09-11T12:19:27.789+0000][1][safepoint    ] Safepoint "Cleanup", Time since last: 1000185219 ns, Reaching safepoint: 105823 ns, At safepoint: 14674 ns, Total: 120497 ns
[2020-09-11T12:19:28.789+0000][1][safepoint    ] Safepoint "Cleanup", Time since last: 1000254440 ns, Reaching safepoint: 105803 ns, At safepoint: 18068 ns, Total: 123871 ns
[2020-09-11T12:19:29.790+0000][1][safepoint    ] Safepoint "Cleanup", Time since last: 1000242446 ns, Reaching safepoint: 104390 ns, At safepoint: 17740 ns, Total: 122130 ns
[2020-09-11T12:19:30.816+0000][1][safepoint    ] Safepoint "Cleanup", Time since last: 1025814999 ns, Reaching safepoint: 95018 ns, At safepoint: 6240 ns, Total: 101258 ns
[2020-09-11T12:19:31.816+0000][1][safepoint    ] Safepoint "Cleanup", Time since last: 1000375218 ns, Reaching safepoint: 217408 ns, At safepoint: 18249 ns, Total: 235657 ns
[2020-09-11T12:19:32.817+0000][1][safepoint    ] Safepoint "Cleanup", Time since last: 1000519229 ns, Reaching safepoint: 124966 ns, At safepoint: 6845 ns, Total: 131811 ns
[2020-09-11T12:19:33.817+0000][1][safepoint    ] Safepoint "Cleanup", Time since last: 1000155639 ns, Reaching safepoint: 437681 ns, At safepoint: 8501 ns, Total: 446182 ns
[2020-09-11T12:19:34.821+0000][1][safepoint    ] Safepoint "Cleanup", Time since last: 1003558855 ns, Reaching safepoint: 140883 ns, At safepoint: 7403 ns, Total: 148286 ns
[2020-09-11T12:19:35.821+0000][1][safepoint    ] Safepoint "Cleanup", Time since last: 1000178972 ns, Reaching safepoint: 47317 ns, At safepoint: 6125 ns, Total: 53442 ns
[2020-09-11T12:19:36.822+0000][1][safepoint    ] Safepoint "Cleanup", Time since last: 1000161746 ns, Reaching safepoint: 77086 ns, At safepoint: 6508 ns, Total: 83594 ns
[2020-09-11T12:19:37.822+0000][1][safepoint    ] Safepoint "Cleanup", Time since last: 1000098180 ns, Reaching safepoint: 132045 ns, At safepoint: 7525 ns, Total: 139570 ns
[2020-09-11T12:19:38.822+0000][1][safepoint    ] Safepoint "Cleanup", Time since last: 1000100102 ns, Reaching safepoint: 47162 ns, At safepoint: 5351 ns, Total: 52513 ns
[2020-09-11T12:19:39.822+0000][1][safepoint    ] Safepoint "Cleanup", Time since last: 1000180239 ns, Reaching safepoint: 70593 ns, At safepoint: 7127 ns, Total: 77720 ns
[2020-09-11T12:19:40.823+0000][1][safepoint    ] Safepoint "Cleanup", Time since last: 1000292243 ns, Reaching safepoint: 116417 ns, At safepoint: 16568 ns, Total: 132985 ns
[2020-09-11T12:19:41.824+0000][1][safepoint    ] Safepoint "Cleanup", Time since last: 1000974398 ns, Reaching safepoint: 170565 ns, At safepoint: 7350 ns, Total: 177915 ns
[2020-09-11T12:19:42.824+0000][1][safepoint    ] Safepoint "Cleanup", Time since last: 1000257352 ns, Reaching safepoint: 167165 ns, At safepoint: 6157 ns, Total: 173322 ns
[2020-09-11T12:19:43.827+0000][1][safepoint    ] Safepoint "Cleanup", Time since last: 1000701565 ns, Reaching safepoint: 2341616 ns, At safepoint: 80595 ns, Total: 2422211 ns
[2020-09-11T12:19:44.828+0000][1][safepoint    ] Safepoint "Cleanup", Time since last: 1000200713 ns, Reaching safepoint: 80139 ns, At safepoint: 7190 ns, Total: 87329 ns
[2020-09-11T12:19:45.828+0000][1][safepoint    ] Safepoint "Cleanup", Time since last: 1000160985 ns, Reaching safepoint: 208067 ns, At safepoint: 18499 ns, Total: 226566 ns
[2020-09-11T12:19:46.828+0000][1][safepoint    ] Safepoint "Cleanup", Time since last: 1000155851 ns, Reaching safepoint: 195849 ns, At safepoint: 19037 ns, Total: 214886 ns
[2020-09-11T12:19:47.829+0000][1][safepoint    ] Safepoint "Cleanup", Time since last: 1000204551 ns, Reaching safepoint: 102742 ns, At safepoint: 17346 ns, Total: 120088 ns
[2020-09-11T12:19:48.829+0000][1][safepoint    ] Safepoint "Cleanup", Time since last: 1000184870 ns, Reaching safepoint: 76448 ns, At safepoint: 6407 ns, Total: 82855 ns
[2020-09-11T12:19:49.829+0000][1][safepoint    ] Safepoint "Cleanup", Time since last: 1000168104 ns, Reaching safepoint: 103344 ns, At safepoint: 16698 ns, Total: 120042 ns
[2020-09-11T12:19:50.830+0000][1][safepoint    ] Safepoint "Cleanup", Time since last: 1000225928 ns, Reaching safepoint: 97641 ns, At safepoint: 15997 ns, Total: 113638 ns
[2020-09-11T12:19:51.831+0000][1][safepoint    ] Safepoint "Cleanup", Time since last: 1000993476 ns, Reaching safepoint: 84321 ns, At safepoint: 6918 ns, Total: 91239 ns
[2020-09-11T12:19:52.831+0000][1][safepoint    ] Safepoint "Cleanup", Time since last: 1000186358 ns, Reaching safepoint: 102114 ns, At safepoint: 17493 ns, Total: 119607 ns
[2020-09-11T12:19:53.831+0000][1][safepoint    ] Safepoint "Cleanup", Time since last: 1000208203 ns, Reaching safepoint: 99088 ns, At safepoint: 6448 ns, Total: 105536 ns
[2020-09-11T12:19:54.832+0000][1][safepoint    ] Safepoint "Cleanup", Time since last: 1000170256 ns, Reaching safepoint: 85483 ns, At safepoint: 15841 ns, Total: 101324 ns
[2020-09-11T12:19:55.832+0000][1][safepoint    ] Safepoint "Cleanup", Time since last: 1000174180 ns, Reaching safepoint: 81770 ns, At safepoint: 6803 ns, Total: 88573 ns
[2020-09-11T12:19:56.833+0000][1][safepoint    ] Safepoint "Cleanup", Time since last: 1000772728 ns, Reaching safepoint: 103026 ns, At safepoint: 17634 ns, Total: 120660 ns
[2020-09-11T12:19:57.833+0000][1][safepoint    ] Safepoint "Cleanup", Time since last: 1000193885 ns, Reaching safepoint: 110143 ns, At safepoint: 16845 ns, Total: 126988 ns
[2020-09-11T12:19:58.833+0000][1][safepoint    ] Safepoint "Cleanup", Time since last: 1000210641 ns, Reaching safepoint: 81312 ns, At safepoint: 7415 ns, Total: 88727 ns
[2020-09-11T12:19:59.834+0000][1][safepoint    ] Safepoint "Cleanup", Time since last: 1000147604 ns, Reaching safepoint: 104175 ns, At safepoint: 16461 ns, Total: 120636 ns
[2020-09-11T12:20:00.834+0000][1][safepoint    ] Safepoint "Cleanup", Time since last: 1000172509 ns, Reaching safepoint: 107753 ns, At safepoint: 14190 ns, Total: 121943 ns
[2020-09-11T12:20:01.851+0000][1][safepoint    ] Safepoint "Cleanup", Time since last: 1016835466 ns, Reaching safepoint: 167704 ns, At safepoint: 7358 ns, Total: 175062 ns
[2020-09-11T12:20:02.851+0000][1][safepoint    ] Safepoint "Cleanup", Time since last: 1000187226 ns, Reaching safepoint: 78775 ns, At safepoint: 7349 ns, Total: 86124 ns
[2020-09-11T12:20:03.851+0000][1][safepoint    ] Safepoint "Cleanup", Time since last: 1000079322 ns, Reaching safepoint: 71866 ns, At safepoint: 6194 ns, Total: 78060 ns
[2020-09-11T12:20:04.852+0000][1][safepoint    ] Safepoint "Cleanup", Time since last: 1000156654 ns, Reaching safepoint: 105242 ns, At safepoint: 14804 ns, Total: 120046 ns
[2020-09-11T12:20:05.852+0000][1][safepoint    ] Safepoint "Cleanup", Time since last: 1000212507 ns, Reaching safepoint: 82156 ns, At safepoint: 6669 ns, Total: 88825 ns
[2020-09-11T12:20:06.853+0000][1][safepoint    ] Safepoint "Cleanup", Time since last: 1000842104 ns, Reaching safepoint: 51230 ns, At safepoint: 5983 ns, Total: 57213 ns
[2020-09-11T12:20:06.854+0000][1][gc,start     ] GC(78) Pause Young (Allocation Failure)
[2020-09-11T12:20:06.855+0000][1][gc,task      ] GC(78) Using 1 workers of 1 for evacuation
[2020-09-11T12:20:06.858+0000][1][gc,age       ] GC(78) Desired survivor size 4358144 bytes, new threshold 6 (max threshold 6)
[2020-09-11T12:20:06.858+0000][1][gc,age       ] GC(78) Age table with threshold 6 (max threshold 6)
[2020-09-11T12:20:06.858+0000][1][gc,age       ] GC(78) - age   1:       9928 bytes,       9928 total
[2020-09-11T12:20:06.858+0000][1][gc,age       ] GC(78) - age   2:        664 bytes,      10592 total
[2020-09-11T12:20:06.858+0000][1][gc,age       ] GC(78) - age   3:        632 bytes,      11224 total
[2020-09-11T12:20:06.858+0000][1][gc,age       ] GC(78) - age   4:        920 bytes,      12144 total
[2020-09-11T12:20:06.858+0000][1][gc,age       ] GC(78) - age   5:       1496 bytes,      13640 total
[2020-09-11T12:20:06.858+0000][1][gc,age       ] GC(78) - age   6:       1120 bytes,      14760 total
[2020-09-11T12:20:06.858+0000][1][gc,heap      ] GC(78) ParNew: 68172K->24K(76672K)
[2020-09-11T12:20:06.858+0000][1][gc,heap      ] GC(78) CMS: 64273K->64274K(439104K)
[2020-09-11T12:20:06.858+0000][1][gc,metaspace ] GC(78) Metaspace: 71790K->71790K(1116160K)
[2020-09-11T12:20:06.858+0000][1][gc           ] GC(78) Pause Young (Allocation Failure) 129M->62M(503M) 3.200ms
[2020-09-11T12:20:06.858+0000][1][gc,cpu       ] GC(78) User=0.00s Sys=0.00s Real=0.01s
[2020-09-11T12:20:06.858+0000][1][safepoint    ] Safepoint "GenCollectForAllocation", Time since last: 1363150 ns, Reaching safepoint: 146396 ns, At safepoint: 3275923 ns, Total: 3422319 ns
[2020-09-11T12:20:07.858+0000][1][safepoint    ] Safepoint "Cleanup", Time since last: 1000164362 ns, Reaching safepoint: 104521 ns, At safepoint: 21115 ns, Total: 125636 ns
[2020-09-11T12:20:08.858+0000][1][safepoint    ] Safepoint "Cleanup", Time since last: 1000146287 ns, Reaching safepoint: 96033 ns, At safepoint: 6128 ns, Total: 102161 ns
[2020-09-11T12:20:09.859+0000][1][safepoint    ] Safepoint "Cleanup", Time since last: 1000192173 ns, Reaching safepoint: 79527 ns, At safepoint: 6643 ns, Total: 86170 ns
[2020-09-11T12:20:10.859+0000][1][safepoint    ] Safepoint "Cleanup", Time since last: 1000185223 ns, Reaching safepoint: 84948 ns, At safepoint: 6844 ns, Total: 91792 ns
[2020-09-11T12:20:11.860+0000][1][safepoint    ] Safepoint "Cleanup", Time since last: 1000967160 ns, Reaching safepoint: 94569 ns, At safepoint: 7641 ns, Total: 102210 ns
[2020-09-11T12:20:12.884+0000][1][safepoint    ] Safepoint "Cleanup", Time since last: 1023648148 ns, Reaching safepoint: 94156 ns, At safepoint: 14958 ns, Total: 109114 ns
[2020-09-11T12:20:13.884+0000][1][safepoint    ] Safepoint "Cleanup", Time since last: 1000174868 ns, Reaching safepoint: 92238 ns, At safepoint: 14981 ns, Total: 107219 ns
[2020-09-11T12:20:14.884+0000][1][safepoint    ] Safepoint "Cleanup", Time since last: 1000204525 ns, Reaching safepoint: 100778 ns, At safepoint: 17520 ns, Total: 118298 ns
[2020-09-11T12:20:15.885+0000][1][safepoint    ] Safepoint "Cleanup", Time since last: 1000200898 ns, Reaching safepoint: 78736 ns, At safepoint: 7035 ns, Total: 85771 ns
[2020-09-11T12:20:16.885+0000][1][safepoint    ] Safepoint "Cleanup", Time since last: 1000158078 ns, Reaching safepoint: 79790 ns, At safepoint: 6872 ns, Total: 86662 ns
[2020-09-11T12:20:17.885+0000][1][safepoint    ] Safepoint "Cleanup", Time since last: 1000162910 ns, Reaching safepoint: 92719 ns, At safepoint: 16130 ns, Total: 108849 ns
[2020-09-11T12:20:18.885+0000][1][safepoint    ] Safepoint "Cleanup", Time since last: 1000167195 ns, Reaching safepoint: 90968 ns, At safepoint: 13404 ns, Total: 104372 ns
[2020-09-11T12:20:19.886+0000][1][safepoint    ] Safepoint "Cleanup", Time since last: 1000130848 ns, Reaching safepoint: 48775 ns, At safepoint: 5717 ns, Total: 54492 ns
[2020-09-11T12:20:20.886+0000][1][safepoint    ] Safepoint "Cleanup", Time since last: 1000138279 ns, Reaching safepoint: 91704 ns, At safepoint: 13107 ns, Total: 104811 ns
[2020-09-11T12:20:21.886+0000][1][safepoint    ] Safepoint "Cleanup", Time since last: 1000161265 ns, Reaching safepoint: 94070 ns, At safepoint: 5432 ns, Total: 99502 ns
[2020-09-11T12:20:22.886+0000][1][safepoint    ] Safepoint "Cleanup", Time since last: 1000123194 ns, Reaching safepoint: 219650 ns, At safepoint: 18499 ns, Total: 238149 ns
[2020-09-11T12:20:23.888+0000][1][safepoint    ] Safepoint "Cleanup", Time since last: 1000300471 ns, Reaching safepoint: 918279 ns, At safepoint: 19772 ns, Total: 938051 ns
[2020-09-11T12:20:24.888+0000][1][safepoint    ] Safepoint "Cleanup", Time since last: 1000166302 ns, Reaching safepoint: 87968 ns, At safepoint: 5728 ns, Total: 93696 ns
[2020-09-11T12:20:25.888+0000][1][safepoint    ] Safepoint "Cleanup", Time since last: 1000141701 ns, Reaching safepoint: 300025 ns, At safepoint: 18385 ns, Total: 318410 ns
[2020-09-11T12:20:26.889+0000][1][safepoint    ] Safepoint "Cleanup", Time since last: 1000169015 ns, Reaching safepoint: 156717 ns, At safepoint: 6578 ns, Total: 163295 ns
[2020-09-11T12:20:27.889+0000][1][safepoint    ] Safepoint "Cleanup", Time since last: 1000171067 ns, Reaching safepoint: 73024 ns, At safepoint: 6762 ns, Total: 79786 ns
[2020-09-11T12:20:28.889+0000][1][safepoint    ] Safepoint "Cleanup", Time since last: 1000124797 ns, Reaching safepoint: 96097 ns, At safepoint: 14550 ns, Total: 110647 ns
[2020-09-11T12:20:29.890+0000][1][safepoint    ] Safepoint "Cleanup", Time since last: 1000276184 ns, Reaching safepoint: 81792 ns, At safepoint: 6949 ns, Total: 88741 ns
[2020-09-11T12:20:30.890+0000][1][safepoint    ] Safepoint "Cleanup", Time since last: 1000137014 ns, Reaching safepoint: 101011 ns, At safepoint: 16000 ns, Total: 117011 ns
[2020-09-11T12:20:31.891+0000][1][safepoint    ] Safepoint "Cleanup", Time since last: 1000946742 ns, Reaching safepoint: 82012 ns, At safepoint: 5402 ns, Total: 87414 ns
[2020-09-11T12:20:32.891+0000][1][safepoint    ] Safepoint "Cleanup", Time since last: 1000162540 ns, Reaching safepoint: 95251 ns, At safepoint: 15122 ns, Total: 110373 ns
[2020-09-11T12:20:33.891+0000][1][safepoint    ] Safepoint "Cleanup", Time since last: 1000194743 ns, Reaching safepoint: 149921 ns, At safepoint: 14807 ns, Total: 164728 ns
[2020-09-11T12:20:34.892+0000][1][safepoint    ] Safepoint "Cleanup", Time since last: 1000156517 ns, Reaching safepoint: 86356 ns, At safepoint: 6815 ns, Total: 93171 ns
[2020-09-11T12:20:35.892+0000][1][safepoint    ] Safepoint "Cleanup", Time since last: 1000132410 ns, Reaching safepoint: 98653 ns, At safepoint: 16203 ns, Total: 114856 ns
[2020-09-11T12:20:36.893+0000][1][safepoint    ] Safepoint "Cleanup", Time since last: 1001129194 ns, Reaching safepoint: 83931 ns, At safepoint: 5975 ns, Total: 89906 ns
[2020-09-11T12:20:37.893+0000][1][safepoint    ] Safepoint "Cleanup", Time since last: 1000154425 ns, Reaching safepoint: 61440 ns, At safepoint: 5833 ns, Total: 67273 ns
[2020-09-11T12:20:38.894+0000][1][safepoint    ] Safepoint "Cleanup", Time since last: 1000132476 ns, Reaching safepoint: 95076 ns, At safepoint: 5744 ns, Total: 100820 ns
[2020-09-11T12:20:39.894+0000][1][safepoint    ] Safepoint "Cleanup", Time since last: 1000168521 ns, Reaching safepoint: 81808 ns, At safepoint: 7574 ns, Total: 89382 ns
[2020-09-11T12:20:40.916+0000][1][safepoint    ] Safepoint "Cleanup", Time since last: 1021675652 ns, Reaching safepoint: 81267 ns, At safepoint: 7452 ns, Total: 88719 ns
[2020-09-11T12:20:41.916+0000][1][safepoint    ] Safepoint "Cleanup", Time since last: 1000177518 ns, Reaching safepoint: 68156 ns, At safepoint: 6492 ns, Total: 74648 ns
[2020-09-11T12:20:42.916+0000][1][safepoint    ] Safepoint "Cleanup", Time since last: 1000129305 ns, Reaching safepoint: 86348 ns, At safepoint: 16548 ns, Total: 102896 ns
[2020-09-11T12:20:43.916+0000][1][safepoint    ] Safepoint "Cleanup", Time since last: 1000205577 ns, Reaching safepoint: 93354 ns, At safepoint: 16896 ns, Total: 110250 ns
[2020-09-11T12:20:44.917+0000][1][safepoint    ] Safepoint "Cleanup", Time since last: 1000258645 ns, Reaching safepoint: 46159 ns, At safepoint: 6376 ns, Total: 52535 ns
[2020-09-11T12:20:45.917+0000][1][safepoint    ] Safepoint "Cleanup", Time since last: 1000129523 ns, Reaching safepoint: 72958 ns, At safepoint: 7162 ns, Total: 80120 ns
[2020-09-11T12:20:46.917+0000][1][safepoint    ] Safepoint "Cleanup", Time since last: 1000161351 ns, Reaching safepoint: 64667 ns, At safepoint: 6822 ns, Total: 71489 ns
[2020-09-11T12:20:47.917+0000][1][safepoint    ] Safepoint "Cleanup", Time since last: 1000127482 ns, Reaching safepoint: 69004 ns, At safepoint: 6436 ns, Total: 75440 ns
[2020-09-11T12:20:48.918+0000][1][safepoint    ] Safepoint "Cleanup", Time since last: 1000151974 ns, Reaching safepoint: 80188 ns, At safepoint: 6113 ns, Total: 86301 ns
[2020-09-11T12:20:49.918+0000][1][safepoint    ] Safepoint "Cleanup", Time since last: 1000129329 ns, Reaching safepoint: 89575 ns, At safepoint: 12703 ns, Total: 102278 ns
[2020-09-11T12:20:50.918+0000][1][safepoint    ] Safepoint "Cleanup", Time since last: 1000164432 ns, Reaching safepoint: 90023 ns, At safepoint: 13915 ns, Total: 103938 ns
[2020-09-11T12:20:51.919+0000][1][safepoint    ] Safepoint "Cleanup", Time since last: 1000151928 ns, Reaching safepoint: 199360 ns, At safepoint: 17287 ns, Total: 216647 ns
[2020-09-11T12:20:52.919+0000][1][safepoint    ] Safepoint "Cleanup", Time since last: 1000212519 ns, Reaching safepoint: 94493 ns, At safepoint: 15165 ns, Total: 109658 ns
[2020-09-11T12:20:53.919+0000][1][safepoint    ] Safepoint "Cleanup", Time since last: 1000228285 ns, Reaching safepoint: 75564 ns, At safepoint: 6192 ns, Total: 81756 ns
[2020-09-11T12:20:54.919+0000][1][safepoint    ] Safepoint "Cleanup", Time since last: 1000171025 ns, Reaching safepoint: 147258 ns, At safepoint: 14724 ns, Total: 161982 ns
[2020-09-11T12:20:55.920+0000][1][safepoint    ] Safepoint "Cleanup", Time since last: 1000213410 ns, Reaching safepoint: 92493 ns, At safepoint: 15886 ns, Total: 108379 ns
[2020-09-11T12:20:56.923+0000][1][safepoint    ] Safepoint "Cleanup", Time since last: 1003298732 ns, Reaching safepoint: 196283 ns, At safepoint: 18449 ns, Total: 214732 ns
[2020-09-11T12:20:57.924+0000][1][safepoint    ] Safepoint "Cleanup", Time since last: 1000213970 ns, Reaching safepoint: 91319 ns, At safepoint: 15926 ns, Total: 107245 ns
[2020-09-11T12:20:58.924+0000][1][safepoint    ] Safepoint "Cleanup", Time since last: 1000163394 ns, Reaching safepoint: 95098 ns, At safepoint: 15151 ns, Total: 110249 ns
[2020-09-11T12:20:59.924+0000][1][safepoint    ] Safepoint "Cleanup", Time since last: 1000168639 ns, Reaching safepoint: 77106 ns, At safepoint: 8282 ns, Total: 85388 ns
[2020-09-11T12:21:00.924+0000][1][safepoint    ] Safepoint "Cleanup", Time since last: 1000149818 ns, Reaching safepoint: 95465 ns, At safepoint: 15382 ns, Total: 110847 ns
[2020-09-11T12:21:01.925+0000][1][safepoint    ] Safepoint "Cleanup", Time since last: 1000911017 ns, Reaching safepoint: 100373 ns, At safepoint: 17246 ns, Total: 117619 ns
[2020-09-11T12:21:02.926+0000][1][safepoint    ] Safepoint "Cleanup", Time since last: 1000191990 ns, Reaching safepoint: 96418 ns, At safepoint: 15181 ns, Total: 111599 ns
[2020-09-11T12:21:03.926+0000][1][safepoint    ] Safepoint "Cleanup", Time since last: 1000167077 ns, Reaching safepoint: 91734 ns, At safepoint: 15883 ns, Total: 107617 ns
[2020-09-11T12:21:04.926+0000][1][safepoint    ] Safepoint "Cleanup", Time since last: 1000161344 ns, Reaching safepoint: 143258 ns, At safepoint: 17170 ns, Total: 160428 ns
[2020-09-11T12:21:05.927+0000][1][safepoint    ] Safepoint "Cleanup", Time since last: 1000206370 ns, Reaching safepoint: 89371 ns, At safepoint: 16080 ns, Total: 105451 ns
[2020-09-11T12:21:06.968+0000][1][safepoint    ] Safepoint "Cleanup", Time since last: 1040930081 ns, Reaching safepoint: 103584 ns, At safepoint: 16675 ns, Total: 120259 ns
[2020-09-11T12:21:07.968+0000][1][safepoint    ] Safepoint "Cleanup", Time since last: 1000199570 ns, Reaching safepoint: 90418 ns, At safepoint: 15933 ns, Total: 106351 ns
[2020-09-11T12:21:08.968+0000][1][safepoint    ] Safepoint "Cleanup", Time since last: 1000201070 ns, Reaching safepoint: 75343 ns, At safepoint: 6762 ns, Total: 82105 ns
[2020-09-11T12:21:09.969+0000][1][safepoint    ] Safepoint "Cleanup", Time since last: 1000184144 ns, Reaching safepoint: 71134 ns, At safepoint: 6672 ns, Total: 77806 ns
[2020-09-11T12:21:10.969+0000][1][safepoint    ] Safepoint "Cleanup", Time since last: 1000183426 ns, Reaching safepoint: 74422 ns, At safepoint: 6650 ns, Total: 81072 ns
[2020-09-11T12:21:11.969+0000][1][safepoint    ] Safepoint "Cleanup", Time since last: 1000122469 ns, Reaching safepoint: 95951 ns, At safepoint: 5870 ns, Total: 101821 ns
[2020-09-11T12:21:12.969+0000][1][safepoint    ] Safepoint "Cleanup", Time since last: 1000180025 ns, Reaching safepoint: 89325 ns, At safepoint: 15512 ns, Total: 104837 ns
[2020-09-11T12:21:13.970+0000][1][safepoint    ] Safepoint "Cleanup", Time since last: 1000193636 ns, Reaching safepoint: 79303 ns, At safepoint: 6777 ns, Total: 86080 ns
[2020-09-11T12:21:14.970+0000][1][safepoint    ] Safepoint "Cleanup", Time since last: 1000124352 ns, Reaching safepoint: 118107 ns, At safepoint: 17093 ns, Total: 135200 ns
[2020-09-11T12:21:15.970+0000][1][safepoint    ] Safepoint "Cleanup", Time since last: 1000162530 ns, Reaching safepoint: 92074 ns, At safepoint: 14811 ns, Total: 106885 ns
[2020-09-11T12:21:16.965+0000][1][gc,start     ] GC(79) Pause Young (Allocation Failure)
[2020-09-11T12:21:16.965+0000][1][gc,task      ] GC(79) Using 1 workers of 1 for evacuation
[2020-09-11T12:21:16.968+0000][1][gc,age       ] GC(79) Desired survivor size 4358144 bytes, new threshold 6 (max threshold 6)
[2020-09-11T12:21:16.968+0000][1][gc,age       ] GC(79) Age table with threshold 6 (max threshold 6)
[2020-09-11T12:21:16.968+0000][1][gc,age       ] GC(79) - age   1:       8824 bytes,       8824 total
[2020-09-11T12:21:16.968+0000][1][gc,age       ] GC(79) - age   2:       4320 bytes,      13144 total
[2020-09-11T12:21:16.968+0000][1][gc,age       ] GC(79) - age   3:        664 bytes,      13808 total
[2020-09-11T12:21:16.968+0000][1][gc,age       ] GC(79) - age   4:        632 bytes,      14440 total
[2020-09-11T12:21:16.968+0000][1][gc,age       ] GC(79) - age   5:        920 bytes,      15360 total
[2020-09-11T12:21:16.968+0000][1][gc,age       ] GC(79) - age   6:       1496 bytes,      16856 total
[2020-09-11T12:21:16.968+0000][1][gc,heap      ] GC(79) ParNew: 68184K->16K(76672K)
[2020-09-11T12:21:16.968+0000][1][gc,heap      ] GC(79) CMS: 64274K->64275K(439104K)
[2020-09-11T12:21:16.968+0000][1][gc,metaspace ] GC(79) Metaspace: 71796K->71796K(1116160K)
[2020-09-11T12:21:16.968+0000][1][gc           ] GC(79) Pause Young (Allocation Failure) 129M->62M(503M) 3.048ms
[2020-09-11T12:21:16.968+0000][1][gc,cpu       ] GC(79) User=0.01s Sys=0.00s Real=0.00s
[2020-09-11T12:21:16.968+0000][1][safepoint    ] Safepoint "GenCollectForAllocation", Time since last: 994975674 ns, Reaching safepoint: 172844 ns, At safepoint: 3172257 ns, Total: 3345101 ns
[2020-09-11T12:21:17.969+0000][1][safepoint    ] Safepoint "Cleanup", Time since last: 1000873909 ns, Reaching safepoint: 92167 ns, At safepoint: 14429 ns, Total: 106596 ns
[2020-09-11T12:21:18.970+0000][1][safepoint    ] Safepoint "Cleanup", Time since last: 1000117322 ns, Reaching safepoint: 96007 ns, At safepoint: 12892 ns, Total: 108899 ns
[2020-09-11T12:21:19.970+0000][1][safepoint    ] Safepoint "Cleanup", Time since last: 1000122954 ns, Reaching safepoint: 95826 ns, At safepoint: 36882 ns, Total: 132708 ns
[2020-09-11T12:21:20.970+0000][1][safepoint    ] Safepoint "Cleanup", Time since last: 1000128723 ns, Reaching safepoint: 91306 ns, At safepoint: 13550 ns, Total: 104856 ns
[2020-09-11T12:21:22.036+0000][1][safepoint    ] Safepoint "Cleanup", Time since last: 1065358473 ns, Reaching safepoint: 99352 ns, At safepoint: 6412 ns, Total: 105764 ns
[2020-09-11T12:21:23.036+0000][1][safepoint    ] Safepoint "Cleanup", Time since last: 1000189568 ns, Reaching safepoint: 75247 ns, At safepoint: 6346 ns, Total: 81593 ns
[2020-09-11T12:21:24.036+0000][1][safepoint    ] Safepoint "Cleanup", Time since last: 1000160078 ns, Reaching safepoint: 94046 ns, At safepoint: 15746 ns, Total: 109792 ns
[2020-09-11T12:21:25.036+0000][1][safepoint    ] Safepoint "Cleanup", Time since last: 1000199987 ns, Reaching safepoint: 98941 ns, At safepoint: 16855 ns, Total: 115796 ns
[2020-09-11T12:21:26.037+0000][1][safepoint    ] Safepoint "Cleanup", Time since last: 1000198760 ns, Reaching safepoint: 94320 ns, At safepoint: 16895 ns, Total: 111215 ns
[2020-09-11T12:21:27.037+0000][1][safepoint    ] Safepoint "Cleanup", Time since last: 1000218245 ns, Reaching safepoint: 78728 ns, At safepoint: 6560 ns, Total: 85288 ns
[2020-09-11T12:21:28.037+0000][1][safepoint    ] Safepoint "Cleanup", Time since last: 1000236684 ns, Reaching safepoint: 92990 ns, At safepoint: 16989 ns, Total: 109979 ns
[2020-09-11T12:21:29.038+0000][1][safepoint    ] Safepoint "Cleanup", Time since last: 1000222880 ns, Reaching safepoint: 96344 ns, At safepoint: 15555 ns, Total: 111899 ns
[2020-09-11T12:21:30.038+0000][1][safepoint    ] Safepoint "Cleanup", Time since last: 1000225109 ns, Reaching safepoint: 102812 ns, At safepoint: 16408 ns, Total: 119220 ns
[2020-09-11T12:21:31.038+0000][1][safepoint    ] Safepoint "Cleanup", Time since last: 1000194979 ns, Reaching safepoint: 80874 ns, At safepoint: 6531 ns, Total: 87405 ns
[2020-09-11T12:21:32.039+0000][1][safepoint    ] Safepoint "Cleanup", Time since last: 1000171627 ns, Reaching safepoint: 80304 ns, At safepoint: 6598 ns, Total: 86902 ns
[2020-09-11T12:21:33.039+0000][1][safepoint    ] Safepoint "Cleanup", Time since last: 1000145351 ns, Reaching safepoint: 92690 ns, At safepoint: 14349 ns, Total: 107039 ns
[2020-09-11T12:21:34.039+0000][1][safepoint    ] Safepoint "Cleanup", Time since last: 1000220723 ns, Reaching safepoint: 71673 ns, At safepoint: 6645 ns, Total: 78318 ns
[2020-09-11T12:21:35.039+0000][1][safepoint    ] Safepoint "Cleanup", Time since last: 1000207292 ns, Reaching safepoint: 69232 ns, At safepoint: 6440 ns, Total: 75672 ns
[2020-09-11T12:21:36.040+0000][1][safepoint    ] Safepoint "Cleanup", Time since last: 1000159703 ns, Reaching safepoint: 98222 ns, At safepoint: 14340 ns, Total: 112562 ns
[2020-09-11T12:21:37.040+0000][1][safepoint    ] Safepoint "Cleanup", Time since last: 1000209712 ns, Reaching safepoint: 96649 ns, At safepoint: 16053 ns, Total: 112702 ns
[2020-09-11T12:21:38.040+0000][1][safepoint    ] Safepoint "Cleanup", Time since last: 1000218575 ns, Reaching safepoint: 94337 ns, At safepoint: 15371 ns, Total: 109708 ns
[2020-09-11T12:21:39.041+0000][1][safepoint    ] Safepoint "Cleanup", Time since last: 1000136503 ns, Reaching safepoint: 94497 ns, At safepoint: 15943 ns, Total: 110440 ns
[2020-09-11T12:21:40.041+0000][1][safepoint    ] Safepoint "Cleanup", Time since last: 1000173353 ns, Reaching safepoint: 91420 ns, At safepoint: 16327 ns, Total: 107747 ns
[2020-09-11T12:21:41.041+0000][1][safepoint    ] Safepoint "Cleanup", Time since last: 1000223667 ns, Reaching safepoint: 77642 ns, At safepoint: 6699 ns, Total: 84341 ns
[2020-09-11T12:21:42.042+0000][1][safepoint    ] Safepoint "Cleanup", Time since last: 1000198413 ns, Reaching safepoint: 79100 ns, At safepoint: 6912 ns, Total: 86012 ns
[2020-09-11T12:21:43.042+0000][1][safepoint    ] Safepoint "Cleanup", Time since last: 1000206159 ns, Reaching safepoint: 77877 ns, At safepoint: 6782 ns, Total: 84659 ns
[2020-09-11T12:21:44.042+0000][1][safepoint    ] Safepoint "Cleanup", Time since last: 1000182748 ns, Reaching safepoint: 94754 ns, At safepoint: 16207 ns, Total: 110961 ns
[2020-09-11T12:21:45.042+0000][1][safepoint    ] Safepoint "Cleanup", Time since last: 1000215074 ns, Reaching safepoint: 78065 ns, At safepoint: 6840 ns, Total: 84905 ns
[2020-09-11T12:21:46.043+0000][1][safepoint    ] Safepoint "Cleanup", Time since last: 1000174624 ns, Reaching safepoint: 69327 ns, At safepoint: 6622 ns, Total: 75949 ns
[2020-09-11T12:21:47.043+0000][1][safepoint    ] Safepoint "Cleanup", Time since last: 1000161078 ns, Reaching safepoint: 93287 ns, At safepoint: 15873 ns, Total: 109160 ns
[2020-09-11T12:21:48.043+0000][1][safepoint    ] Safepoint "Cleanup", Time since last: 1000195874 ns, Reaching safepoint: 80555 ns, At safepoint: 6946 ns, Total: 87501 ns
[2020-09-11T12:21:49.044+0000][1][safepoint    ] Safepoint "Cleanup", Time since last: 1000187510 ns, Reaching safepoint: 95609 ns, At safepoint: 15058 ns, Total: 110667 ns
[2020-09-11T12:21:50.044+0000][1][safepoint    ] Safepoint "Cleanup", Time since last: 1000210607 ns, Reaching safepoint: 93988 ns, At safepoint: 15920 ns, Total: 109908 ns
[2020-09-11T12:21:51.044+0000][1][safepoint    ] Safepoint "Cleanup", Time since last: 1000199445 ns, Reaching safepoint: 91517 ns, At safepoint: 15321 ns, Total: 106838 ns
[2020-09-11T12:21:52.044+0000][1][safepoint    ] Safepoint "Cleanup", Time since last: 1000221613 ns, Reaching safepoint: 75630 ns, At safepoint: 6730 ns, Total: 82360 ns
[2020-09-11T12:21:53.045+0000][1][safepoint    ] Safepoint "Cleanup", Time since last: 1000194498 ns, Reaching safepoint: 76245 ns, At safepoint: 6728 ns, Total: 82973 ns
[2020-09-11T12:21:54.045+0000][1][safepoint    ] Safepoint "Cleanup", Time since last: 1000184807 ns, Reaching safepoint: 73126 ns, At safepoint: 6995 ns, Total: 80121 ns
[2020-09-11T12:21:55.045+0000][1][safepoint    ] Safepoint "Cleanup", Time since last: 1000174495 ns, Reaching safepoint: 73013 ns, At safepoint: 6982 ns, Total: 79995 ns
[2020-09-11T12:21:56.045+0000][1][safepoint    ] Safepoint "Cleanup", Time since last: 1000133606 ns, Reaching safepoint: 94921 ns, At safepoint: 16070 ns, Total: 110991 ns
[2020-09-11T12:21:57.046+0000][1][safepoint    ] Safepoint "Cleanup", Time since last: 1000234944 ns, Reaching safepoint: 99591 ns, At safepoint: 16866 ns, Total: 116457 ns
[2020-09-11T12:21:58.046+0000][1][safepoint    ] Safepoint "Cleanup", Time since last: 1000207431 ns, Reaching safepoint: 75503 ns, At safepoint: 7235 ns, Total: 82738 ns
[2020-09-11T12:21:59.046+0000][1][safepoint    ] Safepoint "Cleanup", Time since last: 1000181816 ns, Reaching safepoint: 67809 ns, At safepoint: 6705 ns, Total: 74514 ns
[2020-09-11T12:22:00.047+0000][1][safepoint    ] Safepoint "Cleanup", Time since last: 1000187377 ns, Reaching safepoint: 68835 ns, At safepoint: 7295 ns, Total: 76130 ns
[2020-09-11T12:22:01.047+0000][1][safepoint    ] Safepoint "Cleanup", Time since last: 1000137656 ns, Reaching safepoint: 92859 ns, At safepoint: 14169 ns, Total: 107028 ns
[2020-09-11T12:22:02.047+0000][1][safepoint    ] Safepoint "Cleanup", Time since last: 1000199094 ns, Reaching safepoint: 74456 ns, At safepoint: 6518 ns, Total: 80974 ns
[2020-09-11T12:22:03.047+0000][1][safepoint    ] Safepoint "Cleanup", Time since last: 1000137910 ns, Reaching safepoint: 116588 ns, At safepoint: 15665 ns, Total: 132253 ns
[2020-09-11T12:22:04.048+0000][1][safepoint    ] Safepoint "Cleanup", Time since last: 1000166753 ns, Reaching safepoint: 95448 ns, At safepoint: 5704 ns, Total: 101152 ns
[2020-09-11T12:22:05.048+0000][1][safepoint    ] Safepoint "Cleanup", Time since last: 1000169137 ns, Reaching safepoint: 80567 ns, At safepoint: 6685 ns, Total: 87252 ns
[2020-09-11T12:22:06.048+0000][1][safepoint    ] Safepoint "Cleanup", Time since last: 1000130551 ns, Reaching safepoint: 91242 ns, At safepoint: 13538 ns, Total: 104780 ns
[2020-09-11T12:22:07.048+0000][1][safepoint    ] Safepoint "Cleanup", Time since last: 1000143071 ns, Reaching safepoint: 92106 ns, At safepoint: 6602 ns, Total: 98708 ns
[2020-09-11T12:22:09.044+0000][1][safepoint    ] Safepoint "Cleanup", Time since last: 1995070816 ns, Reaching safepoint: 73953 ns, At safepoint: 6545 ns, Total: 80498 ns
[2020-09-11T12:22:10.044+0000][1][safepoint    ] Safepoint "Cleanup", Time since last: 1000132630 ns, Reaching safepoint: 93294 ns, At safepoint: 15342 ns, Total: 108636 ns
[2020-09-11T12:22:11.044+0000][1][safepoint    ] Safepoint "Cleanup", Time since last: 1000208598 ns, Reaching safepoint: 79928 ns, At safepoint: 7345 ns, Total: 87273 ns
[2020-09-11T12:22:12.044+0000][1][safepoint    ] Safepoint "Cleanup", Time since last: 1000175855 ns, Reaching safepoint: 88310 ns, At safepoint: 6707 ns, Total: 95017 ns
[2020-09-11T12:22:13.045+0000][1][safepoint    ] Safepoint "Cleanup", Time since last: 1000190545 ns, Reaching safepoint: 72399 ns, At safepoint: 6867 ns, Total: 79266 ns
[2020-09-11T12:22:14.045+0000][1][safepoint    ] Safepoint "Cleanup", Time since last: 1000134408 ns, Reaching safepoint: 95882 ns, At safepoint: 6443 ns, Total: 102325 ns
[2020-09-11T12:22:15.045+0000][1][safepoint    ] Safepoint "Cleanup", Time since last: 1000176523 ns, Reaching safepoint: 72366 ns, At safepoint: 7361 ns, Total: 79727 ns
[2020-09-11T12:22:16.045+0000][1][safepoint    ] Safepoint "Cleanup", Time since last: 1000129974 ns, Reaching safepoint: 95662 ns, At safepoint: 5380 ns, Total: 101042 ns
[2020-09-11T12:22:17.047+0000][1][safepoint    ] Safepoint "Cleanup", Time since last: 1001804511 ns, Reaching safepoint: 59073 ns, At safepoint: 6555 ns, Total: 65628 ns
[2020-09-11T12:22:18.048+0000][1][safepoint    ] Safepoint "Cleanup", Time since last: 1000267634 ns, Reaching safepoint: 92078 ns, At safepoint: 15619 ns, Total: 107697 ns
[2020-09-11T12:22:19.048+0000][1][safepoint    ] Safepoint "Cleanup", Time since last: 1000274842 ns, Reaching safepoint: 91837 ns, At safepoint: 15613 ns, Total: 107450 ns
[2020-09-11T12:22:20.048+0000][1][safepoint    ] Safepoint "Cleanup", Time since last: 1000196742 ns, Reaching safepoint: 78620 ns, At safepoint: 12781 ns, Total: 91401 ns
[2020-09-11T12:22:21.049+0000][1][safepoint    ] Safepoint "Cleanup", Time since last: 1000119677 ns, Reaching safepoint: 160547 ns, At safepoint: 6782 ns, Total: 167329 ns
[2020-09-11T12:22:22.049+0000][1][safepoint    ] Safepoint "Cleanup", Time since last: 1000125776 ns, Reaching safepoint: 100898 ns, At safepoint: 14974 ns, Total: 115872 ns
[2020-09-11T12:22:23.049+0000][1][safepoint    ] Safepoint "Cleanup", Time since last: 1000218706 ns, Reaching safepoint: 102044 ns, At safepoint: 16351 ns, Total: 118395 ns
[2020-09-11T12:22:24.050+0000][1][safepoint    ] Safepoint "Cleanup", Time since last: 1000219748 ns, Reaching safepoint: 103624 ns, At safepoint: 16377 ns, Total: 120001 ns
[2020-09-11T12:22:25.050+0000][1][safepoint    ] Safepoint "Cleanup", Time since last: 1000228972 ns, Reaching safepoint: 84003 ns, At safepoint: 7209 ns, Total: 91212 ns
[2020-09-11T12:22:26.050+0000][1][safepoint    ] Safepoint "Cleanup", Time since last: 1000181455 ns, Reaching safepoint: 78714 ns, At safepoint: 7136 ns, Total: 85850 ns
[2020-09-11T12:22:27.051+0000][1][safepoint    ] Safepoint "Cleanup", Time since last: 1000914391 ns, Reaching safepoint: 90152 ns, At safepoint: 6951 ns, Total: 97103 ns
[2020-09-11T12:22:28.051+0000][1][safepoint    ] Safepoint "Cleanup", Time since last: 1000176799 ns, Reaching safepoint: 91706 ns, At safepoint: 6096 ns, Total: 97802 ns
[2020-09-11T12:22:29.052+0000][1][safepoint    ] Safepoint "Cleanup", Time since last: 1000139996 ns, Reaching safepoint: 55186 ns, At safepoint: 5939 ns, Total: 61125 ns
[2020-09-11T12:22:30.052+0000][1][safepoint    ] Safepoint "Cleanup", Time since last: 1000185697 ns, Reaching safepoint: 88465 ns, At safepoint: 7382 ns, Total: 95847 ns
[2020-09-11T12:22:31.052+0000][1][safepoint    ] Safepoint "Cleanup", Time since last: 1000209979 ns, Reaching safepoint: 80072 ns, At safepoint: 6379 ns, Total: 86451 ns
[2020-09-11T12:22:32.053+0000][1][safepoint    ] Safepoint "Cleanup", Time since last: 1000800779 ns, Reaching safepoint: 110691 ns, At safepoint: 19154 ns, Total: 129845 ns
[2020-09-11T12:22:32.062+0000][1][gc,start     ] GC(80) Pause Young (Allocation Failure)
[2020-09-11T12:22:32.062+0000][1][gc,task      ] GC(80) Using 1 workers of 1 for evacuation
[2020-09-11T12:22:32.065+0000][1][gc,age       ] GC(80) Desired survivor size 4358144 bytes, new threshold 6 (max threshold 6)
[2020-09-11T12:22:32.065+0000][1][gc,age       ] GC(80) Age table with threshold 6 (max threshold 6)
[2020-09-11T12:22:32.065+0000][1][gc,age       ] GC(80) - age   1:       7320 bytes,       7320 total
[2020-09-11T12:22:32.065+0000][1][gc,age       ] GC(80) - age   2:        920 bytes,       8240 total
[2020-09-11T12:22:32.065+0000][1][gc,age       ] GC(80) - age   3:       4320 bytes,      12560 total
[2020-09-11T12:22:32.065+0000][1][gc,age       ] GC(80) - age   4:        664 bytes,      13224 total
[2020-09-11T12:22:32.065+0000][1][gc,age       ] GC(80) - age   5:        632 bytes,      13856 total
[2020-09-11T12:22:32.065+0000][1][gc,age       ] GC(80) - age   6:        920 bytes,      14776 total
[2020-09-11T12:22:32.065+0000][1][gc,heap      ] GC(80) ParNew: 68176K->14K(76672K)
[2020-09-11T12:22:32.065+0000][1][gc,heap      ] GC(80) CMS: 64275K->64275K(439104K)
[2020-09-11T12:22:32.065+0000][1][gc,metaspace ] GC(80) Metaspace: 71801K->71801K(1116160K)
[2020-09-11T12:22:32.065+0000][1][gc           ] GC(80) Pause Young (Allocation Failure) 129M->62M(503M) 3.175ms
[2020-09-11T12:22:32.065+0000][1][gc,cpu       ] GC(80) User=0.00s Sys=0.00s Real=0.01s
[2020-09-11T12:22:32.065+0000][1][safepoint    ] Safepoint "GenCollectForAllocation", Time since last: 8726572 ns, Reaching safepoint: 159710 ns, At safepoint: 3233304 ns, Total: 3393014 ns
[2020-09-11T12:22:33.065+0000][1][safepoint    ] Safepoint "Cleanup", Time since last: 1000110830 ns, Reaching safepoint: 102241 ns, At safepoint: 43947 ns, Total: 146188 ns
[2020-09-11T12:22:34.066+0000][1][safepoint    ] Safepoint "Cleanup", Time since last: 1000176625 ns, Reaching safepoint: 101593 ns, At safepoint: 14025 ns, Total: 115618 ns
[2020-09-11T12:22:35.066+0000][1][safepoint    ] Safepoint "Cleanup", Time since last: 1000182104 ns, Reaching safepoint: 103186 ns, At safepoint: 5819 ns, Total: 109005 ns
[2020-09-11T12:22:36.066+0000][1][safepoint    ] Safepoint "Cleanup", Time since last: 1000174876 ns, Reaching safepoint: 101072 ns, At safepoint: 16023 ns, Total: 117095 ns
[2020-09-11T12:22:37.068+0000][1][safepoint    ] Safepoint "Cleanup", Time since last: 1001071302 ns, Reaching safepoint: 227414 ns, At safepoint: 16528 ns, Total: 243942 ns
[2020-09-11T12:22:38.068+0000][1][safepoint    ] Safepoint "Cleanup", Time since last: 1000175941 ns, Reaching safepoint: 104361 ns, At safepoint: 6981 ns, Total: 111342 ns
[2020-09-11T12:22:39.068+0000][1][safepoint    ] Safepoint "Cleanup", Time since last: 1000179457 ns, Reaching safepoint: 86171 ns, At safepoint: 6989 ns, Total: 93160 ns
[2020-09-11T12:22:40.069+0000][1][safepoint    ] Safepoint "Cleanup", Time since last: 1000171310 ns, Reaching safepoint: 86396 ns, At safepoint: 6760 ns, Total: 93156 ns
[2020-09-11T12:22:41.069+0000][1][safepoint    ] Safepoint "Cleanup", Time since last: 1000178951 ns, Reaching safepoint: 77513 ns, At safepoint: 6648 ns, Total: 84161 ns
[2020-09-11T12:22:42.070+0000][1][safepoint    ] Safepoint "Cleanup", Time since last: 1000888860 ns, Reaching safepoint: 102826 ns, At safepoint: 16170 ns, Total: 118996 ns
[2020-09-11T12:22:43.070+0000][1][safepoint    ] Safepoint "Cleanup", Time since last: 1000231185 ns, Reaching safepoint: 110500 ns, At safepoint: 17887 ns, Total: 128387 ns
[2020-09-11T12:22:44.070+0000][1][safepoint    ] Safepoint "Cleanup", Time since last: 1000210379 ns, Reaching safepoint: 103624 ns, At safepoint: 15856 ns, Total: 119480 ns
[2020-09-11T12:22:45.071+0000][1][safepoint    ] Safepoint "Cleanup", Time since last: 1000187544 ns, Reaching safepoint: 106781 ns, At safepoint: 16645 ns, Total: 123426 ns
[2020-09-11T12:22:46.071+0000][1][safepoint    ] Safepoint "Cleanup", Time since last: 1000216240 ns, Reaching safepoint: 105368 ns, At safepoint: 16101 ns, Total: 121469 ns
[2020-09-11T12:22:47.072+0000][1][safepoint    ] Safepoint "Cleanup", Time since last: 1001258604 ns, Reaching safepoint: 86100 ns, At safepoint: 7347 ns, Total: 93447 ns
[2020-09-11T12:22:48.073+0000][1][safepoint    ] Safepoint "Cleanup", Time since last: 1000146739 ns, Reaching safepoint: 100724 ns, At safepoint: 12545 ns, Total: 113269 ns
[2020-09-11T12:22:49.073+0000][1][safepoint    ] Safepoint "Cleanup", Time since last: 1000200084 ns, Reaching safepoint: 106855 ns, At safepoint: 16077 ns, Total: 122932 ns
[2020-09-11T12:22:50.073+0000][1][safepoint    ] Safepoint "Cleanup", Time since last: 1000210534 ns, Reaching safepoint: 102438 ns, At safepoint: 16424 ns, Total: 118862 ns
[2020-09-11T12:22:51.074+0000][1][safepoint    ] Safepoint "Cleanup", Time since last: 1000215580 ns, Reaching safepoint: 94159 ns, At safepoint: 16481 ns, Total: 110640 ns
[2020-09-11T12:22:52.075+0000][1][safepoint    ] Safepoint "Cleanup", Time since last: 1000907905 ns, Reaching safepoint: 99328 ns, At safepoint: 16655 ns, Total: 115983 ns
[2020-09-11T12:22:53.075+0000][1][safepoint    ] Safepoint "Cleanup", Time since last: 1000212173 ns, Reaching safepoint: 102315 ns, At safepoint: 17019 ns, Total: 119334 ns
[2020-09-11T12:22:54.075+0000][1][safepoint    ] Safepoint "Cleanup", Time since last: 1000206136 ns, Reaching safepoint: 85911 ns, At safepoint: 6985 ns, Total: 92896 ns
[2020-09-11T12:22:55.076+0000][1][safepoint    ] Safepoint "Cleanup", Time since last: 1000199300 ns, Reaching safepoint: 106768 ns, At safepoint: 16304 ns, Total: 123072 ns
[2020-09-11T12:22:56.076+0000][1][safepoint    ] Safepoint "Cleanup", Time since last: 1000231588 ns, Reaching safepoint: 80069 ns, At safepoint: 6487 ns, Total: 86556 ns
[2020-09-11T12:22:57.077+0000][1][safepoint    ] Safepoint "Cleanup", Time since last: 1000941643 ns, Reaching safepoint: 104253 ns, At safepoint: 16765 ns, Total: 121018 ns
[2020-09-11T12:22:58.077+0000][1][safepoint    ] Safepoint "Cleanup", Time since last: 1000207230 ns, Reaching safepoint: 102665 ns, At safepoint: 15686 ns, Total: 118351 ns
[2020-09-11T12:22:59.078+0000][1][safepoint    ] Safepoint "Cleanup", Time since last: 1000218734 ns, Reaching safepoint: 106233 ns, At safepoint: 16558 ns, Total: 122791 ns
[2020-09-11T12:23:00.078+0000][1][safepoint    ] Safepoint "Cleanup", Time since last: 1000222214 ns, Reaching safepoint: 78573 ns, At safepoint: 6075 ns, Total: 84648 ns
[2020-09-11T12:23:01.078+0000][1][safepoint    ] Safepoint "Cleanup", Time since last: 1000175655 ns, Reaching safepoint: 79678 ns, At safepoint: 6635 ns, Total: 86313 ns
[2020-09-11T12:23:02.079+0000][1][safepoint    ] Safepoint "Cleanup", Time since last: 1000842245 ns, Reaching safepoint: 84221 ns, At safepoint: 6487 ns, Total: 90708 ns
[2020-09-11T12:23:03.080+0000][1][safepoint    ] Safepoint "Cleanup", Time since last: 1000180147 ns, Reaching safepoint: 95847 ns, At safepoint: 15535 ns, Total: 111382 ns
[2020-09-11T12:23:04.080+0000][1][safepoint    ] Safepoint "Cleanup", Time since last: 1000214813 ns, Reaching safepoint: 98830 ns, At safepoint: 16401 ns, Total: 115231 ns
[2020-09-11T12:23:05.080+0000][1][safepoint    ] Safepoint "Cleanup", Time since last: 1000210253 ns, Reaching safepoint: 107406 ns, At safepoint: 16869 ns, Total: 124275 ns
[2020-09-11T12:23:06.080+0000][1][safepoint    ] Safepoint "Cleanup", Time since last: 1000183188 ns, Reaching safepoint: 103220 ns, At safepoint: 15589 ns, Total: 118809 ns
[2020-09-11T12:23:07.082+0000][1][safepoint    ] Safepoint "Cleanup", Time since last: 1001125107 ns, Reaching safepoint: 104760 ns, At safepoint: 16852 ns, Total: 121612 ns
[2020-09-11T12:23:08.082+0000][1][safepoint    ] Safepoint "Cleanup", Time since last: 1000215671 ns, Reaching safepoint: 143803 ns, At safepoint: 16839 ns, Total: 160642 ns
[2020-09-11T12:23:09.082+0000][1][safepoint    ] Safepoint "Cleanup", Time since last: 1000224454 ns, Reaching safepoint: 80071 ns, At safepoint: 7471 ns, Total: 87542 ns
[2020-09-11T12:23:10.083+0000][1][safepoint    ] Safepoint "Cleanup", Time since last: 1000183928 ns, Reaching safepoint: 88458 ns, At safepoint: 6682 ns, Total: 95140 ns
[2020-09-11T12:23:11.083+0000][1][safepoint    ] Safepoint "Cleanup", Time since last: 1000174084 ns, Reaching safepoint: 79533 ns, At safepoint: 7191 ns, Total: 86724 ns
[2020-09-11T12:23:12.084+0000][1][safepoint    ] Safepoint "Cleanup", Time since last: 1000781750 ns, Reaching safepoint: 101566 ns, At safepoint: 20236 ns, Total: 121802 ns
[2020-09-11T12:23:13.084+0000][1][safepoint    ] Safepoint "Cleanup", Time since last: 1000227932 ns, Reaching safepoint: 103638 ns, At safepoint: 18907 ns, Total: 122545 ns
[2020-09-11T12:23:14.085+0000][1][safepoint    ] Safepoint "Cleanup", Time since last: 1000221425 ns, Reaching safepoint: 96223 ns, At safepoint: 16662 ns, Total: 112885 ns
[2020-09-11T12:23:15.085+0000][1][safepoint    ] Safepoint "Cleanup", Time since last: 1000235087 ns, Reaching safepoint: 102755 ns, At safepoint: 17407 ns, Total: 120162 ns
[2020-09-11T12:23:16.085+0000][1][safepoint    ] Safepoint "Cleanup", Time since last: 1000211461 ns, Reaching safepoint: 53191 ns, At safepoint: 6752 ns, Total: 59943 ns
[2020-09-11T12:23:17.086+0000][1][safepoint    ] Safepoint "Cleanup", Time since last: 1000994944 ns, Reaching safepoint: 67136 ns, At safepoint: 6761 ns, Total: 73897 ns
[2020-09-11T12:23:18.086+0000][1][safepoint    ] Safepoint "Cleanup", Time since last: 1000112877 ns, Reaching safepoint: 55176 ns, At safepoint: 6428 ns, Total: 61604 ns
[2020-09-11T12:23:19.087+0000][1][safepoint    ] Safepoint "Cleanup", Time since last: 1000173541 ns, Reaching safepoint: 83845 ns, At safepoint: 7738 ns, Total: 91583 ns
[2020-09-11T12:23:20.087+0000][1][safepoint    ] Safepoint "Cleanup", Time since last: 1000168138 ns, Reaching safepoint: 105899 ns, At safepoint: 16652 ns, Total: 122551 ns
[2020-09-11T12:23:21.087+0000][1][safepoint    ] Safepoint "Cleanup", Time since last: 1000220373 ns, Reaching safepoint: 78029 ns, At safepoint: 6623 ns, Total: 84652 ns
[2020-09-11T12:23:22.088+0000][1][safepoint    ] Safepoint "Cleanup", Time since last: 1000800380 ns, Reaching safepoint: 84140 ns, At safepoint: 6382 ns, Total: 90522 ns
[2020-09-11T12:23:23.088+0000][1][safepoint    ] Safepoint "Cleanup", Time since last: 1000200011 ns, Reaching safepoint: 108168 ns, At safepoint: 16488 ns, Total: 124656 ns
[2020-09-11T12:23:24.089+0000][1][safepoint    ] Safepoint "Cleanup", Time since last: 1000240837 ns, Reaching safepoint: 81557 ns, At safepoint: 6733 ns, Total: 88290 ns
[2020-09-11T12:23:25.089+0000][1][safepoint    ] Safepoint "Cleanup", Time since last: 1000140253 ns, Reaching safepoint: 102351 ns, At safepoint: 15559 ns, Total: 117910 ns
[2020-09-11T12:23:26.089+0000][1][safepoint    ] Safepoint "Cleanup", Time since last: 1000225182 ns, Reaching safepoint: 103557 ns, At safepoint: 16191 ns, Total: 119748 ns
[2020-09-11T12:23:27.091+0000][1][safepoint    ] Safepoint "Cleanup", Time since last: 1001128115 ns, Reaching safepoint: 82335 ns, At safepoint: 7269 ns, Total: 89604 ns
[2020-09-11T12:23:28.091+0000][1][safepoint    ] Safepoint "Cleanup", Time since last: 1000177688 ns, Reaching safepoint: 82183 ns, At safepoint: 6552 ns, Total: 88735 ns
[2020-09-11T12:23:29.091+0000][1][safepoint    ] Safepoint "Cleanup", Time since last: 1000166446 ns, Reaching safepoint: 102986 ns, At safepoint: 16561 ns, Total: 119547 ns
[2020-09-11T12:23:30.092+0000][1][safepoint    ] Safepoint "Cleanup", Time since last: 1000220135 ns, Reaching safepoint: 101893 ns, At safepoint: 16445 ns, Total: 118338 ns
[2020-09-11T12:23:31.092+0000][1][safepoint    ] Safepoint "Cleanup", Time since last: 1000215348 ns, Reaching safepoint: 98522 ns, At safepoint: 15660 ns, Total: 114182 ns
[2020-09-11T12:23:32.093+0000][1][safepoint    ] Safepoint "Cleanup", Time since last: 1001124491 ns, Reaching safepoint: 98105 ns, At safepoint: 16050 ns, Total: 114155 ns
[2020-09-11T12:23:33.093+0000][1][safepoint    ] Safepoint "Cleanup", Time since last: 1000213919 ns, Reaching safepoint: 121006 ns, At safepoint: 7778 ns, Total: 128784 ns
[2020-09-11T12:23:34.094+0000][1][safepoint    ] Safepoint "Cleanup", Time since last: 1000145746 ns, Reaching safepoint: 103437 ns, At safepoint: 15786 ns, Total: 119223 ns
[2020-09-11T12:23:35.094+0000][1][safepoint    ] Safepoint "Cleanup", Time since last: 1000238482 ns, Reaching safepoint: 104626 ns, At safepoint: 16485 ns, Total: 121111 ns
[2020-09-11T12:23:36.094+0000][1][safepoint    ] Safepoint "Cleanup", Time since last: 1000233818 ns, Reaching safepoint: 113580 ns, At safepoint: 17099 ns, Total: 130679 ns
[2020-09-11T12:23:37.096+0000][1][safepoint    ] Safepoint "Cleanup", Time since last: 1001011699 ns, Reaching safepoint: 81159 ns, At safepoint: 7842 ns, Total: 89001 ns
[2020-09-11T12:23:38.096+0000][1][safepoint    ] Safepoint "Cleanup", Time since last: 1000177821 ns, Reaching safepoint: 107108 ns, At safepoint: 15369 ns, Total: 122477 ns
[2020-09-11T12:23:39.096+0000][1][safepoint    ] Safepoint "Cleanup", Time since last: 1000210361 ns, Reaching safepoint: 81877 ns, At safepoint: 7138 ns, Total: 89015 ns
[2020-09-11T12:23:40.096+0000][1][safepoint    ] Safepoint "Cleanup", Time since last: 1000180256 ns, Reaching safepoint: 102498 ns, At safepoint: 15689 ns, Total: 118187 ns
[2020-09-11T12:23:41.097+0000][1][safepoint    ] Safepoint "Cleanup", Time since last: 1000204037 ns, Reaching safepoint: 80613 ns, At safepoint: 6539 ns, Total: 87152 ns
[2020-09-11T12:23:42.098+0000][1][safepoint    ] Safepoint "Cleanup", Time since last: 1000869151 ns, Reaching safepoint: 87481 ns, At safepoint: 15020 ns, Total: 102501 ns
[2020-09-11T12:23:42.164+0000][1][gc,start     ] GC(81) Pause Young (Allocation Failure)
[2020-09-11T12:23:42.164+0000][1][gc,task      ] GC(81) Using 1 workers of 1 for evacuation
[2020-09-11T12:23:42.167+0000][1][gc,age       ] GC(81) Desired survivor size 4358144 bytes, new threshold 6 (max threshold 6)
[2020-09-11T12:23:42.167+0000][1][gc,age       ] GC(81) Age table with threshold 6 (max threshold 6)
[2020-09-11T12:23:42.167+0000][1][gc,age       ] GC(81) - age   1:       6432 bytes,       6432 total
[2020-09-11T12:23:42.167+0000][1][gc,age       ] GC(81) - age   2:       1632 bytes,       8064 total
[2020-09-11T12:23:42.167+0000][1][gc,age       ] GC(81) - age   3:        920 bytes,       8984 total
[2020-09-11T12:23:42.167+0000][1][gc,age       ] GC(81) - age   4:       4320 bytes,      13304 total
[2020-09-11T12:23:42.167+0000][1][gc,age       ] GC(81) - age   5:        664 bytes,      13968 total
[2020-09-11T12:23:42.167+0000][1][gc,age       ] GC(81) - age   6:        632 bytes,      14600 total
[2020-09-11T12:23:42.167+0000][1][gc,heap      ] GC(81) ParNew: 68174K->14K(76672K)
[2020-09-11T12:23:42.167+0000][1][gc,heap      ] GC(81) CMS: 64275K->64276K(439104K)
[2020-09-11T12:23:42.167+0000][1][gc,metaspace ] GC(81) Metaspace: 71811K->71811K(1116160K)
[2020-09-11T12:23:42.167+0000][1][gc           ] GC(81) Pause Young (Allocation Failure) 129M->62M(503M) 3.237ms
[2020-09-11T12:23:42.167+0000][1][gc,cpu       ] GC(81) User=0.00s Sys=0.00s Real=0.00s
[2020-09-11T12:23:42.169+0000][1][safepoint    ] Safepoint "GenCollectForAllocation", Time since last: 65717184 ns, Reaching safepoint: 169441 ns, At safepoint: 5639562 ns, Total: 5809003 ns
[2020-09-11T12:23:43.171+0000][1][safepoint    ] Safepoint "Cleanup", Time since last: 1001216643 ns, Reaching safepoint: 74782 ns, At safepoint: 19260 ns, Total: 94042 ns
[2020-09-11T12:23:44.171+0000][1][safepoint    ] Safepoint "Cleanup", Time since last: 1000158870 ns, Reaching safepoint: 80244 ns, At safepoint: 16227 ns, Total: 96471 ns
[2020-09-11T12:23:45.171+0000][1][safepoint    ] Safepoint "Cleanup", Time since last: 1000118894 ns, Reaching safepoint: 60313 ns, At safepoint: 16410 ns, Total: 76723 ns
[2020-09-11T12:23:46.171+0000][1][safepoint    ] Safepoint "Cleanup", Time since last: 1000154373 ns, Reaching safepoint: 93946 ns, At safepoint: 46072 ns, Total: 140018 ns
[2020-09-11T12:23:47.172+0000][1][safepoint    ] Safepoint "Cleanup", Time since last: 1000155988 ns, Reaching safepoint: 94924 ns, At safepoint: 13194 ns, Total: 108118 ns
[2020-09-11T12:23:48.172+0000][1][safepoint    ] Safepoint "Cleanup", Time since last: 1000193979 ns, Reaching safepoint: 97263 ns, At safepoint: 15585 ns, Total: 112848 ns
[2020-09-11T12:23:49.172+0000][1][safepoint    ] Safepoint "Cleanup", Time since last: 1000168598 ns, Reaching safepoint: 90600 ns, At safepoint: 6341 ns, Total: 96941 ns
[2020-09-11T12:23:50.172+0000][1][safepoint    ] Safepoint "Cleanup", Time since last: 1000177504 ns, Reaching safepoint: 81297 ns, At safepoint: 5479 ns, Total: 86776 ns
[2020-09-11T12:23:51.173+0000][1][safepoint    ] Safepoint "Cleanup", Time since last: 1000266185 ns, Reaching safepoint: 99418 ns, At safepoint: 15048 ns, Total: 114466 ns
[2020-09-11T12:23:52.173+0000][1][safepoint    ] Safepoint "Cleanup", Time since last: 1000215988 ns, Reaching safepoint: 78392 ns, At safepoint: 5290 ns, Total: 83682 ns
[2020-09-11T12:23:53.173+0000][1][safepoint    ] Safepoint "Cleanup", Time since last: 1000171437 ns, Reaching safepoint: 73997 ns, At safepoint: 5822 ns, Total: 79819 ns
[2020-09-11T12:23:54.174+0000][1][safepoint    ] Safepoint "Cleanup", Time since last: 1000176662 ns, Reaching safepoint: 77784 ns, At safepoint: 5253 ns, Total: 83037 ns
[2020-09-11T12:23:55.174+0000][1][safepoint    ] Safepoint "Cleanup", Time since last: 1000154639 ns, Reaching safepoint: 105468 ns, At safepoint: 15633 ns, Total: 121101 ns
[2020-09-11T12:23:56.174+0000][1][safepoint    ] Safepoint "Cleanup", Time since last: 1000165515 ns, Reaching safepoint: 118909 ns, At safepoint: 17948 ns, Total: 136857 ns
[2020-09-11T12:23:57.174+0000][1][safepoint    ] Safepoint "Cleanup", Time since last: 1000217223 ns, Reaching safepoint: 104283 ns, At safepoint: 16858 ns, Total: 121141 ns
[2020-09-11T12:23:58.175+0000][1][safepoint    ] Safepoint "Cleanup", Time since last: 1000221363 ns, Reaching safepoint: 105826 ns, At safepoint: 16287 ns, Total: 122113 ns
[2020-09-11T12:23:59.175+0000][1][safepoint    ] Safepoint "Cleanup", Time since last: 1000237180 ns, Reaching safepoint: 87575 ns, At safepoint: 7274 ns, Total: 94849 ns
[2020-09-11T12:24:00.176+0000][1][safepoint    ] Safepoint "Cleanup", Time since last: 1000180851 ns, Reaching safepoint: 158313 ns, At safepoint: 15569 ns, Total: 173882 ns
[2020-09-11T12:24:01.176+0000][1][safepoint    ] Safepoint "Cleanup", Time since last: 1000251152 ns, Reaching safepoint: 104489 ns, At safepoint: 17330 ns, Total: 121819 ns
[2020-09-11T12:24:02.177+0000][1][safepoint    ] Safepoint "Cleanup", Time since last: 1000939326 ns, Reaching safepoint: 99197 ns, At safepoint: 16271 ns, Total: 115468 ns
[2020-09-11T12:24:03.177+0000][1][safepoint    ] Safepoint "Cleanup", Time since last: 1000231820 ns, Reaching safepoint: 118729 ns, At safepoint: 19174 ns, Total: 137903 ns
[2020-09-11T12:24:04.178+0000][1][safepoint    ] Safepoint "Cleanup", Time since last: 1000226491 ns, Reaching safepoint: 82956 ns, At safepoint: 6436 ns, Total: 89392 ns
[2020-09-11T12:24:05.178+0000][1][safepoint    ] Safepoint "Cleanup", Time since last: 1000145664 ns, Reaching safepoint: 101912 ns, At safepoint: 7153 ns, Total: 109065 ns
[2020-09-11T12:24:06.178+0000][1][safepoint    ] Safepoint "Cleanup", Time since last: 1000154009 ns, Reaching safepoint: 108345 ns, At safepoint: 15849 ns, Total: 124194 ns
[2020-09-11T12:24:07.179+0000][1][safepoint    ] Safepoint "Cleanup", Time since last: 1001106666 ns, Reaching safepoint: 81421 ns, At safepoint: 7326 ns, Total: 88747 ns
[2020-09-11T12:24:08.180+0000][1][safepoint    ] Safepoint "Cleanup", Time since last: 1000176506 ns, Reaching safepoint: 92522 ns, At safepoint: 6652 ns, Total: 99174 ns
[2020-09-11T12:24:09.180+0000][1][safepoint    ] Safepoint "Cleanup", Time since last: 1000146094 ns, Reaching safepoint: 132409 ns, At safepoint: 7485 ns, Total: 139894 ns
[2020-09-11T12:24:10.180+0000][1][safepoint    ] Safepoint "Cleanup", Time since last: 1000168587 ns, Reaching safepoint: 82605 ns, At safepoint: 6365 ns, Total: 88970 ns
[2020-09-11T12:24:11.180+0000][1][safepoint    ] Safepoint "Cleanup", Time since last: 1000164889 ns, Reaching safepoint: 109227 ns, At safepoint: 15709 ns, Total: 124936 ns
[2020-09-11T12:24:12.182+0000][1][safepoint    ] Safepoint "Cleanup", Time since last: 1000974586 ns, Reaching safepoint: 103009 ns, At safepoint: 16037 ns, Total: 119046 ns
[2020-09-11T12:24:13.182+0000][1][safepoint    ] Safepoint "Cleanup", Time since last: 1000253251 ns, Reaching safepoint: 85961 ns, At safepoint: 7071 ns, Total: 93032 ns
[2020-09-11T12:24:14.182+0000][1][safepoint    ] Safepoint "Cleanup", Time since last: 1000176120 ns, Reaching safepoint: 107677 ns, At safepoint: 15749 ns, Total: 123426 ns
[2020-09-11T12:24:15.183+0000][1][safepoint    ] Safepoint "Cleanup", Time since last: 1000186970 ns, Reaching safepoint: 103524 ns, At safepoint: 16628 ns, Total: 120152 ns
[2020-09-11T12:24:16.183+0000][1][safepoint    ] Safepoint "Cleanup", Time since last: 1000220424 ns, Reaching safepoint: 106932 ns, At safepoint: 16060 ns, Total: 122992 ns
[2020-09-11T12:24:17.184+0000][1][safepoint    ] Safepoint "Cleanup", Time since last: 1001151871 ns, Reaching safepoint: 107780 ns, At safepoint: 16728 ns, Total: 124508 ns
[2020-09-11T12:24:18.184+0000][1][safepoint    ] Safepoint "Cleanup", Time since last: 1000218696 ns, Reaching safepoint: 103782 ns, At safepoint: 15716 ns, Total: 119498 ns
[2020-09-11T12:24:19.185+0000][1][safepoint    ] Safepoint "Cleanup", Time since last: 1000238923 ns, Reaching safepoint: 86567 ns, At safepoint: 7109 ns, Total: 93676 ns
[2020-09-11T12:24:20.185+0000][1][safepoint    ] Safepoint "Cleanup", Time since last: 1000137136 ns, Reaching safepoint: 104062 ns, At safepoint: 16157 ns, Total: 120219 ns
[2020-09-11T12:24:21.185+0000][1][safepoint    ] Safepoint "Cleanup", Time since last: 1000223852 ns, Reaching safepoint: 84206 ns, At safepoint: 7126 ns, Total: 91332 ns
[2020-09-11T12:24:22.186+0000][1][safepoint    ] Safepoint "Cleanup", Time since last: 1000883905 ns, Reaching safepoint: 87375 ns, At safepoint: 6633 ns, Total: 94008 ns
[2020-09-11T12:24:23.187+0000][1][safepoint    ] Safepoint "Cleanup", Time since last: 1000167269 ns, Reaching safepoint: 97298 ns, At safepoint: 7225 ns, Total: 104523 ns
[2020-09-11T12:24:24.187+0000][1][safepoint    ] Safepoint "Cleanup", Time since last: 1000173803 ns, Reaching safepoint: 104723 ns, At safepoint: 15783 ns, Total: 120506 ns
[2020-09-11T12:24:25.187+0000][1][safepoint    ] Safepoint "Cleanup", Time since last: 1000239016 ns, Reaching safepoint: 86520 ns, At safepoint: 7269 ns, Total: 93789 ns
[2020-09-11T12:24:26.188+0000][1][safepoint    ] Safepoint "Cleanup", Time since last: 1000208926 ns, Reaching safepoint: 73839 ns, At safepoint: 6110 ns, Total: 79949 ns
[2020-09-11T12:24:27.189+0000][1][safepoint    ] Safepoint "Cleanup", Time since last: 1000938943 ns, Reaching safepoint: 87272 ns, At safepoint: 6802 ns, Total: 94074 ns
[2020-09-11T12:24:28.189+0000][1][safepoint    ] Safepoint "Cleanup", Time since last: 1000150459 ns, Reaching safepoint: 107530 ns, At safepoint: 6254 ns, Total: 113784 ns
[2020-09-11T12:24:29.189+0000][1][safepoint    ] Safepoint "Cleanup", Time since last: 1000198191 ns, Reaching safepoint: 86276 ns, At safepoint: 7000 ns, Total: 93276 ns
[2020-09-11T12:24:30.189+0000][1][safepoint    ] Safepoint "Cleanup", Time since last: 1000204615 ns, Reaching safepoint: 73785 ns, At safepoint: 6592 ns, Total: 80377 ns
[2020-09-11T12:24:31.190+0000][1][safepoint    ] Safepoint "Cleanup", Time since last: 1000130995 ns, Reaching safepoint: 103900 ns, At safepoint: 6437 ns, Total: 110337 ns
[2020-09-11T12:24:32.190+0000][1][safepoint    ] Safepoint "Cleanup", Time since last: 1000678014 ns, Reaching safepoint: 98409 ns, At safepoint: 14747 ns, Total: 113156 ns
[2020-09-11T12:24:33.191+0000][1][safepoint    ] Safepoint "Cleanup", Time since last: 1000225289 ns, Reaching safepoint: 80848 ns, At safepoint: 7118 ns, Total: 87966 ns
[2020-09-11T12:24:34.191+0000][1][safepoint    ] Safepoint "Cleanup", Time since last: 1000198456 ns, Reaching safepoint: 85186 ns, At safepoint: 6440 ns, Total: 91626 ns
[2020-09-11T12:24:35.191+0000][1][safepoint    ] Safepoint "Cleanup", Time since last: 1000153034 ns, Reaching safepoint: 107376 ns, At safepoint: 16591 ns, Total: 123967 ns
[2020-09-11T12:24:36.192+0000][1][safepoint    ] Safepoint "Cleanup", Time since last: 1000223562 ns, Reaching safepoint: 56428 ns, At safepoint: 6183 ns, Total: 62611 ns
[2020-09-11T12:24:37.192+0000][1][safepoint    ] Safepoint "Cleanup", Time since last: 1000743711 ns, Reaching safepoint: 100814 ns, At safepoint: 16765 ns, Total: 117579 ns
[2020-09-11T12:24:38.193+0000][1][safepoint    ] Safepoint "Cleanup", Time since last: 1000215638 ns, Reaching safepoint: 104974 ns, At safepoint: 16271 ns, Total: 121245 ns
[2020-09-11T12:24:39.193+0000][1][safepoint    ] Safepoint "Cleanup", Time since last: 1000186930 ns, Reaching safepoint: 102836 ns, At safepoint: 16447 ns, Total: 119283 ns
[2020-09-11T12:24:40.194+0000][1][safepoint    ] Safepoint "Cleanup", Time since last: 1000216863 ns, Reaching safepoint: 146630 ns, At safepoint: 16184 ns, Total: 162814 ns
[2020-09-11T12:24:41.194+0000][1][safepoint    ] Safepoint "Cleanup", Time since last: 1000233561 ns, Reaching safepoint: 85909 ns, At safepoint: 7305 ns, Total: 93214 ns
[2020-09-11T12:24:42.195+0000][1][safepoint    ] Safepoint "Cleanup", Time since last: 1000885374 ns, Reaching safepoint: 72885 ns, At safepoint: 6331 ns, Total: 79216 ns
[2020-09-11T12:24:43.195+0000][1][safepoint    ] Safepoint "Cleanup", Time since last: 1000197764 ns, Reaching safepoint: 75398 ns, At safepoint: 7126 ns, Total: 82524 ns
[2020-09-11T12:24:44.195+0000][1][safepoint    ] Safepoint "Cleanup", Time since last: 1000201610 ns, Reaching safepoint: 103160 ns, At safepoint: 40984 ns, Total: 144144 ns
[2020-09-11T12:24:45.196+0000][1][safepoint    ] Safepoint "Cleanup", Time since last: 1000217506 ns, Reaching safepoint: 104079 ns, At safepoint: 16842 ns, Total: 120921 ns
[2020-09-11T12:24:46.196+0000][1][safepoint    ] Safepoint "Cleanup", Time since last: 1000225959 ns, Reaching safepoint: 80538 ns, At safepoint: 6885 ns, Total: 87423 ns
[2020-09-11T12:24:47.197+0000][1][safepoint    ] Safepoint "Cleanup", Time since last: 1000885659 ns, Reaching safepoint: 108098 ns, At safepoint: 16852 ns, Total: 124950 ns
[2020-09-11T12:24:48.197+0000][1][safepoint    ] Safepoint "Cleanup", Time since last: 1000267514 ns, Reaching safepoint: 98994 ns, At safepoint: 16675 ns, Total: 115669 ns
[2020-09-11T12:24:49.198+0000][1][safepoint    ] Safepoint "Cleanup", Time since last: 1000211383 ns, Reaching safepoint: 98333 ns, At safepoint: 16344 ns, Total: 114677 ns
[2020-09-11T12:24:50.198+0000][1][safepoint    ] Safepoint "Cleanup", Time since last: 1000184529 ns, Reaching safepoint: 68291 ns, At safepoint: 6166 ns, Total: 74457 ns
[2020-09-11T12:24:51.198+0000][1][safepoint    ] Safepoint "Cleanup", Time since last: 1000177896 ns, Reaching safepoint: 104105 ns, At safepoint: 16759 ns, Total: 120864 ns
[2020-09-11T12:24:52.200+0000][1][safepoint    ] Safepoint "Cleanup", Time since last: 1001074347 ns, Reaching safepoint: 102207 ns, At safepoint: 15549 ns, Total: 117756 ns
[2020-09-11T12:24:53.200+0000][1][safepoint    ] Safepoint "Cleanup", Time since last: 1000220873 ns, Reaching safepoint: 103287 ns, At safepoint: 17393 ns, Total: 120680 ns
[2020-09-11T12:24:54.200+0000][1][safepoint    ] Safepoint "Cleanup", Time since last: 1000212385 ns, Reaching safepoint: 102936 ns, At safepoint: 15950 ns, Total: 118886 ns
[2020-09-11T12:24:55.201+0000][1][safepoint    ] Safepoint "Cleanup", Time since last: 1000221863 ns, Reaching safepoint: 106407 ns, At safepoint: 21089 ns, Total: 127496 ns
[2020-09-11T12:24:56.201+0000][1][safepoint    ] Safepoint "Cleanup", Time since last: 1000223734 ns, Reaching safepoint: 81929 ns, At safepoint: 7519 ns, Total: 89448 ns
[2020-09-11T12:24:57.202+0000][1][safepoint    ] Safepoint "Cleanup", Time since last: 1000862237 ns, Reaching safepoint: 97420 ns, At safepoint: 16351 ns, Total: 113771 ns
[2020-09-11T12:24:57.263+0000][1][gc,start     ] GC(82) Pause Young (Allocation Failure)
[2020-09-11T12:24:57.263+0000][1][gc,task      ] GC(82) Using 1 workers of 1 for evacuation
[2020-09-11T12:24:57.266+0000][1][gc,age       ] GC(82) Desired survivor size 4358144 bytes, new threshold 6 (max threshold 6)
[2020-09-11T12:24:57.266+0000][1][gc,age       ] GC(82) Age table with threshold 6 (max threshold 6)
[2020-09-11T12:24:57.266+0000][1][gc,age       ] GC(82) - age   1:       6360 bytes,       6360 total
[2020-09-11T12:24:57.266+0000][1][gc,age       ] GC(82) - age   2:        184 bytes,       6544 total
[2020-09-11T12:24:57.266+0000][1][gc,age       ] GC(82) - age   3:       1632 bytes,       8176 total
[2020-09-11T12:24:57.266+0000][1][gc,age       ] GC(82) - age   4:        920 bytes,       9096 total
[2020-09-11T12:24:57.266+0000][1][gc,age       ] GC(82) - age   5:       4320 bytes,      13416 total
[2020-09-11T12:24:57.266+0000][1][gc,age       ] GC(82) - age   6:        664 bytes,      14080 total
[2020-09-11T12:24:57.266+0000][1][gc,heap      ] GC(82) ParNew: 68174K->14K(76672K)
[2020-09-11T12:24:57.266+0000][1][gc,heap      ] GC(82) CMS: 64276K->64277K(439104K)
[2020-09-11T12:24:57.266+0000][1][gc,metaspace ] GC(82) Metaspace: 71829K->71829K(1116160K)
[2020-09-11T12:24:57.266+0000][1][gc           ] GC(82) Pause Young (Allocation Failure) 129M->62M(503M) 3.080ms
[2020-09-11T12:24:57.266+0000][1][gc,cpu       ] GC(82) User=0.01s Sys=0.00s Real=0.01s
[2020-09-11T12:24:57.266+0000][1][safepoint    ] Safepoint "GenCollectForAllocation", Time since last: 61114934 ns, Reaching safepoint: 176385 ns, At safepoint: 3136005 ns, Total: 3312390 ns
[2020-09-11T12:24:58.267+0000][1][safepoint    ] Safepoint "Cleanup", Time since last: 1000149379 ns, Reaching safepoint: 109435 ns, At safepoint: 17059 ns, Total: 126494 ns
[2020-09-11T12:24:59.267+0000][1][safepoint    ] Safepoint "Cleanup", Time since last: 1000239451 ns, Reaching safepoint: 82001 ns, At safepoint: 6308 ns, Total: 88309 ns
[2020-09-11T12:25:00.267+0000][1][safepoint    ] Safepoint "Cleanup", Time since last: 1000214775 ns, Reaching safepoint: 111590 ns, At safepoint: 17296 ns, Total: 128886 ns
[2020-09-11T12:25:01.267+0000][1][safepoint    ] Safepoint "Cleanup", Time since last: 1000174042 ns, Reaching safepoint: 63146 ns, At safepoint: 6194 ns, Total: 69340 ns
[2020-09-11T12:25:02.268+0000][1][safepoint    ] Safepoint "Cleanup", Time since last: 1000829432 ns, Reaching safepoint: 98152 ns, At safepoint: 5848 ns, Total: 104000 ns
[2020-09-11T12:25:03.269+0000][1][safepoint    ] Safepoint "Cleanup", Time since last: 1000152655 ns, Reaching safepoint: 106947 ns, At safepoint: 6543 ns, Total: 113490 ns
[2020-09-11T12:25:04.269+0000][1][safepoint    ] Safepoint "Cleanup", Time since last: 1000203049 ns, Reaching safepoint: 86155 ns, At safepoint: 7771 ns, Total: 93926 ns
[2020-09-11T12:25:05.269+0000][1][safepoint    ] Safepoint "Cleanup", Time since last: 1000173998 ns, Reaching safepoint: 88003 ns, At safepoint: 6640 ns, Total: 94643 ns
[2020-09-11T12:25:06.270+0000][1][safepoint    ] Safepoint "Cleanup", Time since last: 1000187826 ns, Reaching safepoint: 113083 ns, At safepoint: 16815 ns, Total: 129898 ns
[2020-09-11T12:25:07.271+0000][1][safepoint    ] Safepoint "Cleanup", Time since last: 1000956379 ns, Reaching safepoint: 92561 ns, At safepoint: 7057 ns, Total: 99618 ns
[2020-09-11T12:25:08.271+0000][1][safepoint    ] Safepoint "Cleanup", Time since last: 1000214907 ns, Reaching safepoint: 79408 ns, At safepoint: 7989 ns, Total: 87397 ns
[2020-09-11T12:25:09.271+0000][1][safepoint    ] Safepoint "Cleanup", Time since last: 1000181980 ns, Reaching safepoint: 108683 ns, At safepoint: 17907 ns, Total: 126590 ns
[2020-09-11T12:25:10.272+0000][1][safepoint    ] Safepoint "Cleanup", Time since last: 1000254207 ns, Reaching safepoint: 85979 ns, At safepoint: 7831 ns, Total: 93810 ns
[2020-09-11T12:25:11.272+0000][1][safepoint    ] Safepoint "Cleanup", Time since last: 1000147165 ns, Reaching safepoint: 227337 ns, At safepoint: 7072 ns, Total: 234409 ns
[2020-09-11T12:25:12.273+0000][1][safepoint    ] Safepoint "Cleanup", Time since last: 1000665673 ns, Reaching safepoint: 109939 ns, At safepoint: 17410 ns, Total: 127349 ns
[2020-09-11T12:25:13.273+0000][1][safepoint    ] Safepoint "Cleanup", Time since last: 1000176056 ns, Reaching safepoint: 110550 ns, At safepoint: 15031 ns, Total: 125581 ns
[2020-09-11T12:25:14.273+0000][1][safepoint    ] Safepoint "Cleanup", Time since last: 1000179824 ns, Reaching safepoint: 116803 ns, At safepoint: 6504 ns, Total: 123307 ns
[2020-09-11T12:25:15.274+0000][1][safepoint    ] Safepoint "Cleanup", Time since last: 1000172346 ns, Reaching safepoint: 109521 ns, At safepoint: 16996 ns, Total: 126517 ns
[2020-09-11T12:25:16.274+0000][1][safepoint    ] Safepoint "Cleanup", Time since last: 1000249408 ns, Reaching safepoint: 83272 ns, At safepoint: 7760 ns, Total: 91032 ns
[2020-09-11T12:25:17.275+0000][1][safepoint    ] Safepoint "Cleanup", Time since last: 1000999611 ns, Reaching safepoint: 109541 ns, At safepoint: 16925 ns, Total: 126466 ns
[2020-09-11T12:25:18.275+0000][1][safepoint    ] Safepoint "Cleanup", Time since last: 1000228626 ns, Reaching safepoint: 102411 ns, At safepoint: 6504 ns, Total: 108915 ns
[2020-09-11T12:25:19.276+0000][1][safepoint    ] Safepoint "Cleanup", Time since last: 1000211277 ns, Reaching safepoint: 90845 ns, At safepoint: 7879 ns, Total: 98724 ns
[2020-09-11T12:25:20.276+0000][1][safepoint    ] Safepoint "Cleanup", Time since last: 1000178415 ns, Reaching safepoint: 89260 ns, At safepoint: 7571 ns, Total: 96831 ns
[2020-09-11T12:25:21.277+0000][1][safepoint    ] Safepoint "Cleanup", Time since last: 1000215129 ns, Reaching safepoint: 374041 ns, At safepoint: 16521 ns, Total: 390562 ns
[2020-09-11T12:25:22.278+0000][1][safepoint    ] Safepoint "Cleanup", Time since last: 1001126660 ns, Reaching safepoint: 110707 ns, At safepoint: 17313 ns, Total: 128020 ns
[2020-09-11T12:25:23.278+0000][1][safepoint    ] Safepoint "Cleanup", Time since last: 1000221347 ns, Reaching safepoint: 109505 ns, At safepoint: 16334 ns, Total: 125839 ns
[2020-09-11T12:25:24.279+0000][1][safepoint    ] Safepoint "Cleanup", Time since last: 1000217591 ns, Reaching safepoint: 74694 ns, At safepoint: 7536 ns, Total: 82230 ns
[2020-09-11T12:25:25.279+0000][1][safepoint    ] Safepoint "Cleanup", Time since last: 1000141004 ns, Reaching safepoint: 100177 ns, At safepoint: 7188 ns, Total: 107365 ns
[2020-09-11T12:25:26.279+0000][1][safepoint    ] Safepoint "Cleanup", Time since last: 1000175694 ns, Reaching safepoint: 101377 ns, At safepoint: 7669 ns, Total: 109046 ns
[2020-09-11T12:25:27.280+0000][1][safepoint    ] Safepoint "Cleanup", Time since last: 1000799929 ns, Reaching safepoint: 95767 ns, At safepoint: 6431 ns, Total: 102198 ns
[2020-09-11T12:25:28.280+0000][1][safepoint    ] Safepoint "Cleanup", Time since last: 1000178123 ns, Reaching safepoint: 111816 ns, At safepoint: 17360 ns, Total: 129176 ns
[2020-09-11T12:25:29.281+0000][1][safepoint    ] Safepoint "Cleanup", Time since last: 1000163918 ns, Reaching safepoint: 60715 ns, At safepoint: 6575 ns, Total: 67290 ns
[2020-09-11T12:25:30.281+0000][1][safepoint    ] Safepoint "Cleanup", Time since last: 1000188427 ns, Reaching safepoint: 78944 ns, At safepoint: 7871 ns, Total: 86815 ns
[2020-09-11T12:25:31.281+0000][1][safepoint    ] Safepoint "Cleanup", Time since last: 1000167461 ns, Reaching safepoint: 94297 ns, At safepoint: 7216 ns, Total: 101513 ns
[2020-09-11T12:25:32.282+0000][1][safepoint    ] Safepoint "Cleanup", Time since last: 1000832592 ns, Reaching safepoint: 88855 ns, At safepoint: 7850 ns, Total: 96705 ns
[2020-09-11T12:25:33.282+0000][1][safepoint    ] Safepoint "Cleanup", Time since last: 1000285797 ns, Reaching safepoint: 74501 ns, At safepoint: 6577 ns, Total: 81078 ns
[2020-09-11T12:25:34.283+0000][1][safepoint    ] Safepoint "Cleanup", Time since last: 1000198068 ns, Reaching safepoint: 84401 ns, At safepoint: 7559 ns, Total: 91960 ns
[2020-09-11T12:25:35.283+0000][1][safepoint    ] Safepoint "Cleanup", Time since last: 1000190556 ns, Reaching safepoint: 79004 ns, At safepoint: 7173 ns, Total: 86177 ns
[2020-09-11T12:25:36.283+0000][1][safepoint    ] Safepoint "Cleanup", Time since last: 1000185663 ns, Reaching safepoint: 85422 ns, At safepoint: 6790 ns, Total: 92212 ns
[2020-09-11T12:25:37.284+0000][1][safepoint    ] Safepoint "Cleanup", Time since last: 1000770057 ns, Reaching safepoint: 97542 ns, At safepoint: 6697 ns, Total: 104239 ns
[2020-09-11T12:25:38.284+0000][1][safepoint    ] Safepoint "Cleanup", Time since last: 1000196044 ns, Reaching safepoint: 77255 ns, At safepoint: 7255 ns, Total: 84510 ns
[2020-09-11T12:25:39.285+0000][1][safepoint    ] Safepoint "Cleanup", Time since last: 1000209290 ns, Reaching safepoint: 87974 ns, At safepoint: 7010 ns, Total: 94984 ns
[2020-09-11T12:25:40.285+0000][1][safepoint    ] Safepoint "Cleanup", Time since last: 1000176798 ns, Reaching safepoint: 88086 ns, At safepoint: 6989 ns, Total: 95075 ns
[2020-09-11T12:25:41.285+0000][1][safepoint    ] Safepoint "Cleanup", Time since last: 1000175475 ns, Reaching safepoint: 359725 ns, At safepoint: 21001 ns, Total: 380726 ns
[2020-09-11T12:25:42.287+0000][1][safepoint    ] Safepoint "Cleanup", Time since last: 1000983187 ns, Reaching safepoint: 109655 ns, At safepoint: 16762 ns, Total: 126417 ns
[2020-09-11T12:25:43.287+0000][1][safepoint    ] Safepoint "Cleanup", Time since last: 1000264553 ns, Reaching safepoint: 99041 ns, At safepoint: 7078 ns, Total: 106119 ns
[2020-09-11T12:25:44.287+0000][1][safepoint    ] Safepoint "Cleanup", Time since last: 1000203949 ns, Reaching safepoint: 111278 ns, At safepoint: 17236 ns, Total: 128514 ns
[2020-09-11T12:25:45.288+0000][1][safepoint    ] Safepoint "Cleanup", Time since last: 1000248074 ns, Reaching safepoint: 82689 ns, At safepoint: 6721 ns, Total: 89410 ns
[2020-09-11T12:25:46.288+0000][1][safepoint    ] Safepoint "Cleanup", Time since last: 1000198322 ns, Reaching safepoint: 79093 ns, At safepoint: 7194 ns, Total: 86287 ns
[2020-09-11T12:25:47.289+0000][1][safepoint    ] Safepoint "Cleanup", Time since last: 1000976278 ns, Reaching safepoint: 56273 ns, At safepoint: 7189 ns, Total: 63462 ns
[2020-09-11T12:25:48.289+0000][1][safepoint    ] Safepoint "Cleanup", Time since last: 1000137268 ns, Reaching safepoint: 108201 ns, At safepoint: 15181 ns, Total: 123382 ns
[2020-09-11T12:25:49.290+0000][1][safepoint    ] Safepoint "Cleanup", Time since last: 1000240132 ns, Reaching safepoint: 90093 ns, At safepoint: 7360 ns, Total: 97453 ns
[2020-09-11T12:25:50.290+0000][1][safepoint    ] Safepoint "Cleanup", Time since last: 1000272604 ns, Reaching safepoint: 86358 ns, At safepoint: 7520 ns, Total: 93878 ns
[2020-09-11T12:25:51.290+0000][1][safepoint    ] Safepoint "Cleanup", Time since last: 1000176392 ns, Reaching safepoint: 126510 ns, At safepoint: 17269 ns, Total: 143779 ns
[2020-09-11T12:25:52.291+0000][1][safepoint    ] Safepoint "Cleanup", Time since last: 1001155480 ns, Reaching safepoint: 74536 ns, At safepoint: 6798 ns, Total: 81334 ns
[2020-09-11T12:25:53.292+0000][1][safepoint    ] Safepoint "Cleanup", Time since last: 1000133977 ns, Reaching safepoint: 109201 ns, At safepoint: 15038 ns, Total: 124239 ns
[2020-09-11T12:25:54.292+0000][1][safepoint    ] Safepoint "Cleanup", Time since last: 1000219729 ns, Reaching safepoint: 108826 ns, At safepoint: 17320 ns, Total: 126146 ns
[2020-09-11T12:25:55.292+0000][1][safepoint    ] Safepoint "Cleanup", Time since last: 1000182245 ns, Reaching safepoint: 103354 ns, At safepoint: 6578 ns, Total: 109932 ns
[2020-09-11T12:25:56.293+0000][1][safepoint    ] Safepoint "Cleanup", Time since last: 1000189732 ns, Reaching safepoint: 80519 ns, At safepoint: 7282 ns, Total: 87801 ns
[2020-09-11T12:25:57.294+0000][1][safepoint    ] Safepoint "Cleanup", Time since last: 1000821731 ns, Reaching safepoint: 83551 ns, At safepoint: 7428 ns, Total: 90979 ns
[2020-09-11T12:25:58.294+0000][1][safepoint    ] Safepoint "Cleanup", Time since last: 1000177492 ns, Reaching safepoint: 87008 ns, At safepoint: 6801 ns, Total: 93809 ns
[2020-09-11T12:25:59.294+0000][1][safepoint    ] Safepoint "Cleanup", Time since last: 1000177462 ns, Reaching safepoint: 87387 ns, At safepoint: 6996 ns, Total: 94383 ns
[2020-09-11T12:26:00.294+0000][1][safepoint    ] Safepoint "Cleanup", Time since last: 1000182782 ns, Reaching safepoint: 83296 ns, At safepoint: 7118 ns, Total: 90414 ns
[2020-09-11T12:26:01.352+0000][1][safepoint    ] Safepoint "Cleanup", Time since last: 1057142729 ns, Reaching safepoint: 89995 ns, At safepoint: 7331 ns, Total: 97326 ns
[2020-09-11T12:26:02.352+0000][1][safepoint    ] Safepoint "Cleanup", Time since last: 1000135321 ns, Reaching safepoint: 92353 ns, At safepoint: 6105 ns, Total: 98458 ns
[2020-09-11T12:26:03.352+0000][1][safepoint    ] Safepoint "Cleanup", Time since last: 1000134865 ns, Reaching safepoint: 91922 ns, At safepoint: 12753 ns, Total: 104675 ns
[2020-09-11T12:26:04.352+0000][1][safepoint    ] Safepoint "Cleanup", Time since last: 1000155238 ns, Reaching safepoint: 98549 ns, At safepoint: 5042 ns, Total: 103591 ns
[2020-09-11T12:26:05.353+0000][1][safepoint    ] Safepoint "Cleanup", Time since last: 1000128801 ns, Reaching safepoint: 98577 ns, At safepoint: 12849 ns, Total: 111426 ns
[2020-09-11T12:26:06.353+0000][1][safepoint    ] Safepoint "Cleanup", Time since last: 1000189747 ns, Reaching safepoint: 104554 ns, At safepoint: 12769 ns, Total: 117323 ns
[2020-09-11T12:26:07.353+0000][1][safepoint    ] Safepoint "Cleanup", Time since last: 1000232111 ns, Reaching safepoint: 298190 ns, At safepoint: 18759 ns, Total: 316949 ns
[2020-09-11T12:26:07.359+0000][1][gc,start     ] GC(83) Pause Young (Allocation Failure)
[2020-09-11T12:26:07.359+0000][1][gc,task      ] GC(83) Using 1 workers of 1 for evacuation
[2020-09-11T12:26:07.362+0000][1][gc,age       ] GC(83) Desired survivor size 4358144 bytes, new threshold 6 (max threshold 6)
[2020-09-11T12:26:07.362+0000][1][gc,age       ] GC(83) Age table with threshold 6 (max threshold 6)
[2020-09-11T12:26:07.362+0000][1][gc,age       ] GC(83) - age   1:       6608 bytes,       6608 total
[2020-09-11T12:26:07.362+0000][1][gc,age       ] GC(83) - age   2:        640 bytes,       7248 total
[2020-09-11T12:26:07.362+0000][1][gc,age       ] GC(83) - age   3:        184 bytes,       7432 total
[2020-09-11T12:26:07.362+0000][1][gc,age       ] GC(83) - age   4:       1632 bytes,       9064 total
[2020-09-11T12:26:07.362+0000][1][gc,age       ] GC(83) - age   5:        920 bytes,       9984 total
[2020-09-11T12:26:07.362+0000][1][gc,age       ] GC(83) - age   6:       4320 bytes,      14304 total
[2020-09-11T12:26:07.362+0000][1][gc,heap      ] GC(83) ParNew: 68174K->27K(76672K)
[2020-09-11T12:26:07.362+0000][1][gc,heap      ] GC(83) CMS: 64277K->64277K(439104K)
[2020-09-11T12:26:07.362+0000][1][gc,metaspace ] GC(83) Metaspace: 71855K->71855K(1116160K)
[2020-09-11T12:26:07.362+0000][1][gc           ] GC(83) Pause Young (Allocation Failure) 129M->62M(503M) 3.368ms
[2020-09-11T12:26:07.362+0000][1][gc,cpu       ] GC(83) User=0.01s Sys=0.00s Real=0.00s
[2020-09-11T12:26:07.362+0000][1][safepoint    ] Safepoint "GenCollectForAllocation", Time since last: 5168275 ns, Reaching safepoint: 157030 ns, At safepoint: 3529566 ns, Total: 3686596 ns
[2020-09-11T12:26:08.364+0000][1][safepoint    ] Safepoint "Cleanup", Time since last: 1001060169 ns, Reaching safepoint: 110080 ns, At safepoint: 39454 ns, Total: 149534 ns
[2020-09-11T12:26:09.364+0000][1][safepoint    ] Safepoint "Cleanup", Time since last: 1000154434 ns, Reaching safepoint: 91060 ns, At safepoint: 35435 ns, Total: 126495 ns
[2020-09-11T12:26:10.364+0000][1][safepoint    ] Safepoint "Cleanup", Time since last: 1000192581 ns, Reaching safepoint: 76608 ns, At safepoint: 18164 ns, Total: 94772 ns
[2020-09-11T12:26:11.364+0000][1][safepoint    ] Safepoint "Cleanup", Time since last: 1000135197 ns, Reaching safepoint: 91411 ns, At safepoint: 13521 ns, Total: 104932 ns
[2020-09-11T12:26:12.365+0000][1][safepoint    ] Safepoint "Cleanup", Time since last: 1000149656 ns, Reaching safepoint: 242681 ns, At safepoint: 19088 ns, Total: 261769 ns
[2020-09-11T12:26:13.365+0000][1][safepoint    ] Safepoint "Cleanup", Time since last: 1000205172 ns, Reaching safepoint: 106856 ns, At safepoint: 15927 ns, Total: 122783 ns
[2020-09-11T12:26:14.365+0000][1][safepoint    ] Safepoint "Cleanup", Time since last: 1000211237 ns, Reaching safepoint: 85996 ns, At safepoint: 7105 ns, Total: 93101 ns
[2020-09-11T12:26:15.366+0000][1][safepoint    ] Safepoint "Cleanup", Time since last: 1000168337 ns, Reaching safepoint: 95150 ns, At safepoint: 6587 ns, Total: 101737 ns
[2020-09-11T12:26:16.366+0000][1][safepoint    ] Safepoint "Cleanup", Time since last: 1000175464 ns, Reaching safepoint: 87944 ns, At safepoint: 7876 ns, Total: 95820 ns
[2020-09-11T12:26:17.367+0000][1][safepoint    ] Safepoint "Cleanup", Time since last: 1001134654 ns, Reaching safepoint: 89290 ns, At safepoint: 6524 ns, Total: 95814 ns
[2020-09-11T12:26:18.368+0000][1][safepoint    ] Safepoint "Cleanup", Time since last: 1000170339 ns, Reaching safepoint: 294238 ns, At safepoint: 18646 ns, Total: 312884 ns
[2020-09-11T12:26:19.368+0000][1][safepoint    ] Safepoint "Cleanup", Time since last: 1000210127 ns, Reaching safepoint: 127179 ns, At safepoint: 18663 ns, Total: 145842 ns
[2020-09-11T12:26:20.368+0000][1][safepoint    ] Safepoint "Cleanup", Time since last: 1000191066 ns, Reaching safepoint: 103180 ns, At safepoint: 14270 ns, Total: 117450 ns
[2020-09-11T12:26:21.369+0000][1][safepoint    ] Safepoint "Cleanup", Time since last: 1000241646 ns, Reaching safepoint: 89646 ns, At safepoint: 6547 ns, Total: 96193 ns
[2020-09-11T12:26:22.370+0000][1][safepoint    ] Safepoint "Cleanup", Time since last: 1000903782 ns, Reaching safepoint: 108937 ns, At safepoint: 16836 ns, Total: 125773 ns
[2020-09-11T12:26:23.370+0000][1][safepoint    ] Safepoint "Cleanup", Time since last: 1000237568 ns, Reaching safepoint: 107508 ns, At safepoint: 16381 ns, Total: 123889 ns
[2020-09-11T12:26:24.370+0000][1][safepoint    ] Safepoint "Cleanup", Time since last: 1000235418 ns, Reaching safepoint: 88130 ns, At safepoint: 7334 ns, Total: 95464 ns
[2020-09-11T12:26:25.371+0000][1][safepoint    ] Safepoint "Cleanup", Time since last: 1000180028 ns, Reaching safepoint: 86096 ns, At safepoint: 6567 ns, Total: 92663 ns
[2020-09-11T12:26:26.371+0000][1][safepoint    ] Safepoint "Cleanup", Time since last: 1000213594 ns, Reaching safepoint: 138803 ns, At safepoint: 17296 ns, Total: 156099 ns
[2020-09-11T12:26:27.372+0000][1][safepoint    ] Safepoint "Cleanup", Time since last: 1001186726 ns, Reaching safepoint: 95043 ns, At safepoint: 6503 ns, Total: 101546 ns
[2020-09-11T12:26:28.373+0000][1][safepoint    ] Safepoint "Cleanup", Time since last: 1000301282 ns, Reaching safepoint: 105078 ns, At safepoint: 15760 ns, Total: 120838 ns
[2020-09-11T12:26:29.373+0000][1][safepoint    ] Safepoint "Cleanup", Time since last: 1000326885 ns, Reaching safepoint: 103996 ns, At safepoint: 15312 ns, Total: 119308 ns
[2020-09-11T12:26:30.373+0000][1][safepoint    ] Safepoint "Cleanup", Time since last: 1000242015 ns, Reaching safepoint: 81524 ns, At safepoint: 6533 ns, Total: 88057 ns
[2020-09-11T12:26:31.374+0000][1][safepoint    ] Safepoint "Cleanup", Time since last: 1000189342 ns, Reaching safepoint: 85344 ns, At safepoint: 6321 ns, Total: 91665 ns
[2020-09-11T12:26:32.374+0000][1][safepoint    ] Safepoint "Cleanup", Time since last: 1000188571 ns, Reaching safepoint: 88165 ns, At safepoint: 6961 ns, Total: 95126 ns
[2020-09-11T12:26:33.374+0000][1][safepoint    ] Safepoint "Cleanup", Time since last: 1000177526 ns, Reaching safepoint: 105106 ns, At safepoint: 16287 ns, Total: 121393 ns
[2020-09-11T12:26:34.375+0000][1][safepoint    ] Safepoint "Cleanup", Time since last: 1000285739 ns, Reaching safepoint: 106983 ns, At safepoint: 17497 ns, Total: 124480 ns
[2020-09-11T12:26:35.375+0000][1][safepoint    ] Safepoint "Cleanup", Time since last: 1000216339 ns, Reaching safepoint: 105817 ns, At safepoint: 15930 ns, Total: 121747 ns
[2020-09-11T12:26:36.375+0000][1][safepoint    ] Safepoint "Cleanup", Time since last: 1000224101 ns, Reaching safepoint: 131730 ns, At safepoint: 16321 ns, Total: 148051 ns
[2020-09-11T12:26:37.376+0000][1][safepoint    ] Safepoint "Cleanup", Time since last: 1000230333 ns, Reaching safepoint: 83422 ns, At safepoint: 6273 ns, Total: 89695 ns
[2020-09-11T12:26:38.376+0000][1][safepoint    ] Safepoint "Cleanup", Time since last: 1000143989 ns, Reaching safepoint: 96116 ns, At safepoint: 6733 ns, Total: 102849 ns
[2020-09-11T12:26:39.376+0000][1][safepoint    ] Safepoint "Cleanup", Time since last: 1000165509 ns, Reaching safepoint: 104133 ns, At safepoint: 15793 ns, Total: 119926 ns
[2020-09-11T12:26:40.377+0000][1][safepoint    ] Safepoint "Cleanup", Time since last: 1000182039 ns, Reaching safepoint: 102469 ns, At safepoint: 13388 ns, Total: 115857 ns
[2020-09-11T12:26:41.377+0000][1][safepoint    ] Safepoint "Cleanup", Time since last: 1000249027 ns, Reaching safepoint: 87586 ns, At safepoint: 6522 ns, Total: 94108 ns
[2020-09-11T12:26:42.378+0000][1][safepoint    ] Safepoint "Cleanup", Time since last: 1000911649 ns, Reaching safepoint: 108710 ns, At safepoint: 16659 ns, Total: 125369 ns
[2020-09-11T12:26:43.378+0000][1][safepoint    ] Safepoint "Cleanup", Time since last: 1000240425 ns, Reaching safepoint: 103371 ns, At safepoint: 7227 ns, Total: 110598 ns
[2020-09-11T12:26:44.379+0000][1][safepoint    ] Safepoint "Cleanup", Time since last: 1000169630 ns, Reaching safepoint: 84075 ns, At safepoint: 7302 ns, Total: 91377 ns
[2020-09-11T12:26:45.379+0000][1][safepoint    ] Safepoint "Cleanup", Time since last: 1000189263 ns, Reaching safepoint: 107033 ns, At safepoint: 7171 ns, Total: 114204 ns
[2020-09-11T12:26:46.379+0000][1][safepoint    ] Safepoint "Cleanup", Time since last: 1000180008 ns, Reaching safepoint: 108757 ns, At safepoint: 17711 ns, Total: 126468 ns
[2020-09-11T12:26:47.380+0000][1][safepoint    ] Safepoint "Cleanup", Time since last: 1001100500 ns, Reaching safepoint: 105676 ns, At safepoint: 16090 ns, Total: 121766 ns
[2020-09-11T12:26:48.424+0000][1][safepoint    ] Safepoint "Cleanup", Time since last: 1043093258 ns, Reaching safepoint: 97294 ns, At safepoint: 16007 ns, Total: 113301 ns
[2020-09-11T12:26:49.424+0000][1][safepoint    ] Safepoint "Cleanup", Time since last: 1000193894 ns, Reaching safepoint: 80457 ns, At safepoint: 5914 ns, Total: 86371 ns
[2020-09-11T12:26:50.424+0000][1][safepoint    ] Safepoint "Cleanup", Time since last: 1000161967 ns, Reaching safepoint: 91694 ns, At safepoint: 15593 ns, Total: 107287 ns
[2020-09-11T12:26:51.424+0000][1][safepoint    ] Safepoint "Cleanup", Time since last: 1000191813 ns, Reaching safepoint: 91441 ns, At safepoint: 6645 ns, Total: 98086 ns
[2020-09-11T12:26:52.425+0000][1][safepoint    ] Safepoint "Cleanup", Time since last: 1000119758 ns, Reaching safepoint: 98045 ns, At safepoint: 14360 ns, Total: 112405 ns
[2020-09-11T12:26:53.425+0000][1][safepoint    ] Safepoint "Cleanup", Time since last: 1000206919 ns, Reaching safepoint: 102834 ns, At safepoint: 16508 ns, Total: 119342 ns
[2020-09-11T12:26:54.425+0000][1][safepoint    ] Safepoint "Cleanup", Time since last: 1000212214 ns, Reaching safepoint: 104939 ns, At safepoint: 16190 ns, Total: 121129 ns
[2020-09-11T12:26:55.426+0000][1][safepoint    ] Safepoint "Cleanup", Time since last: 1000221688 ns, Reaching safepoint: 105279 ns, At safepoint: 16832 ns, Total: 122111 ns
[2020-09-11T12:26:56.426+0000][1][safepoint    ] Safepoint "Cleanup", Time since last: 1000190470 ns, Reaching safepoint: 103231 ns, At safepoint: 16979 ns, Total: 120210 ns
[2020-09-11T12:26:57.427+0000][1][safepoint    ] Safepoint "Cleanup", Time since last: 1001121309 ns, Reaching safepoint: 95149 ns, At safepoint: 14287 ns, Total: 109436 ns
[2020-09-11T12:26:58.428+0000][1][safepoint    ] Safepoint "Cleanup", Time since last: 1000184830 ns, Reaching safepoint: 93787 ns, At safepoint: 6456 ns, Total: 100243 ns
[2020-09-11T12:26:59.428+0000][1][safepoint    ] Safepoint "Cleanup", Time since last: 1000179324 ns, Reaching safepoint: 104390 ns, At safepoint: 16415 ns, Total: 120805 ns
[2020-09-11T12:27:00.428+0000][1][safepoint    ] Safepoint "Cleanup", Time since last: 1000175942 ns, Reaching safepoint: 78137 ns, At safepoint: 5917 ns, Total: 84054 ns
[2020-09-11T12:27:01.428+0000][1][safepoint    ] Safepoint "Cleanup", Time since last: 1000169169 ns, Reaching safepoint: 97411 ns, At safepoint: 6908 ns, Total: 104319 ns
[2020-09-11T12:27:02.429+0000][1][safepoint    ] Safepoint "Cleanup", Time since last: 1000862632 ns, Reaching safepoint: 105082 ns, At safepoint: 17062 ns, Total: 122144 ns
[2020-09-11T12:27:03.430+0000][1][safepoint    ] Safepoint "Cleanup", Time since last: 1000262594 ns, Reaching safepoint: 57577 ns, At safepoint: 6454 ns, Total: 64031 ns
[2020-09-11T12:27:04.430+0000][1][safepoint    ] Safepoint "Cleanup", Time since last: 1000192739 ns, Reaching safepoint: 84312 ns, At safepoint: 7006 ns, Total: 91318 ns
[2020-09-11T12:27:05.430+0000][1][safepoint    ] Safepoint "Cleanup", Time since last: 1000174656 ns, Reaching safepoint: 105410 ns, At safepoint: 16411 ns, Total: 121821 ns
[2020-09-11T12:27:06.431+0000][1][safepoint    ] Safepoint "Cleanup", Time since last: 1000239102 ns, Reaching safepoint: 105733 ns, At safepoint: 16756 ns, Total: 122489 ns
[2020-09-11T12:27:07.432+0000][1][safepoint    ] Safepoint "Cleanup", Time since last: 1001199676 ns, Reaching safepoint: 101844 ns, At safepoint: 13675 ns, Total: 115519 ns
[2020-09-11T12:27:08.432+0000][1][safepoint    ] Safepoint "Cleanup", Time since last: 1000229902 ns, Reaching safepoint: 106538 ns, At safepoint: 17390 ns, Total: 123928 ns
[2020-09-11T12:27:09.433+0000][1][safepoint    ] Safepoint "Cleanup", Time since last: 1000232062 ns, Reaching safepoint: 103348 ns, At safepoint: 16882 ns, Total: 120230 ns
[2020-09-11T12:27:10.433+0000][1][safepoint    ] Safepoint "Cleanup", Time since last: 1000220255 ns, Reaching safepoint: 100768 ns, At safepoint: 15666 ns, Total: 116434 ns
[2020-09-11T12:27:11.433+0000][1][safepoint    ] Safepoint "Cleanup", Time since last: 1000219394 ns, Reaching safepoint: 88738 ns, At safepoint: 6303 ns, Total: 95041 ns
[2020-09-11T12:27:12.434+0000][1][safepoint    ] Safepoint "Cleanup", Time since last: 1000875347 ns, Reaching safepoint: 71055 ns, At safepoint: 7222 ns, Total: 78277 ns
[2020-09-11T12:27:13.435+0000][1][safepoint    ] Safepoint "Cleanup", Time since last: 1000144486 ns, Reaching safepoint: 123005 ns, At safepoint: 6553 ns, Total: 129558 ns
[2020-09-11T12:27:14.435+0000][1][safepoint    ] Safepoint "Cleanup", Time since last: 1000191813 ns, Reaching safepoint: 91682 ns, At safepoint: 7643 ns, Total: 99325 ns
[2020-09-11T12:27:15.435+0000][1][safepoint    ] Safepoint "Cleanup", Time since last: 1000202728 ns, Reaching safepoint: 117357 ns, At safepoint: 18569 ns, Total: 135926 ns
[2020-09-11T12:27:16.436+0000][1][safepoint    ] Safepoint "Cleanup", Time since last: 1000211715 ns, Reaching safepoint: 151782 ns, At safepoint: 15736 ns, Total: 167518 ns
[2020-09-11T12:27:17.437+0000][1][safepoint    ] Safepoint "Cleanup", Time since last: 1001099036 ns, Reaching safepoint: 103652 ns, At safepoint: 16237 ns, Total: 119889 ns
[2020-09-11T12:27:18.437+0000][1][safepoint    ] Safepoint "Cleanup", Time since last: 1000190425 ns, Reaching safepoint: 106461 ns, At safepoint: 16468 ns, Total: 122929 ns
[2020-09-11T12:27:19.437+0000][1][safepoint    ] Safepoint "Cleanup", Time since last: 1000184161 ns, Reaching safepoint: 97093 ns, At safepoint: 15680 ns, Total: 112773 ns
[2020-09-11T12:27:20.438+0000][1][safepoint    ] Safepoint "Cleanup", Time since last: 1000215779 ns, Reaching safepoint: 101199 ns, At safepoint: 16040 ns, Total: 117239 ns
[2020-09-11T12:27:21.438+0000][1][safepoint    ] Safepoint "Cleanup", Time since last: 1000267296 ns, Reaching safepoint: 75525 ns, At safepoint: 6770 ns, Total: 82295 ns
[2020-09-11T12:27:22.439+0000][1][safepoint    ] Safepoint "Cleanup", Time since last: 1000970524 ns, Reaching safepoint: 101838 ns, At safepoint: 16247 ns, Total: 118085 ns
[2020-09-11T12:27:22.473+0000][1][gc,start     ] GC(84) Pause Young (Allocation Failure)
[2020-09-11T12:27:22.473+0000][1][gc,task      ] GC(84) Using 1 workers of 1 for evacuation
[2020-09-11T12:27:22.476+0000][1][gc,age       ] GC(84) Desired survivor size 4358144 bytes, new threshold 6 (max threshold 6)
[2020-09-11T12:27:22.476+0000][1][gc,age       ] GC(84) Age table with threshold 6 (max threshold 6)
[2020-09-11T12:27:22.476+0000][1][gc,age       ] GC(84) - age   1:       7256 bytes,       7256 total
[2020-09-11T12:27:22.477+0000][1][gc,age       ] GC(84) - age   2:       1288 bytes,       8544 total
[2020-09-11T12:27:22.477+0000][1][gc,age       ] GC(84) - age   3:        640 bytes,       9184 total
[2020-09-11T12:27:22.477+0000][1][gc,age       ] GC(84) - age   4:        184 bytes,       9368 total
[2020-09-11T12:27:22.477+0000][1][gc,age       ] GC(84) - age   5:       1096 bytes,      10464 total
[2020-09-11T12:27:22.477+0000][1][gc,age       ] GC(84) - age   6:        920 bytes,      11384 total
[2020-09-11T12:27:22.477+0000][1][gc,heap      ] GC(84) ParNew: 68187K->17K(76672K)
[2020-09-11T12:27:22.477+0000][1][gc,heap      ] GC(84) CMS: 64277K->64281K(439104K)
[2020-09-11T12:27:22.477+0000][1][gc,metaspace ] GC(84) Metaspace: 71855K->71855K(1116160K)
[2020-09-11T12:27:22.477+0000][1][gc           ] GC(84) Pause Young (Allocation Failure) 129M->62M(503M) 3.363ms
[2020-09-11T12:27:22.477+0000][1][gc,cpu       ] GC(84) User=0.00s Sys=0.00s Real=0.01s
[2020-09-11T12:27:22.477+0000][1][safepoint    ] Safepoint "GenCollectForAllocation", Time since last: 33913791 ns, Reaching safepoint: 158400 ns, At safepoint: 3419796 ns, Total: 3578196 ns
[2020-09-11T12:27:23.477+0000][1][safepoint    ] Safepoint "Cleanup", Time since last: 1000148720 ns, Reaching safepoint: 84272 ns, At safepoint: 19866 ns, Total: 104138 ns
[2020-09-11T12:27:24.477+0000][1][safepoint    ] Safepoint "Cleanup", Time since last: 1000131283 ns, Reaching safepoint: 102711 ns, At safepoint: 14344 ns, Total: 117055 ns
[2020-09-11T12:27:25.477+0000][1][safepoint    ] Safepoint "Cleanup", Time since last: 1000171219 ns, Reaching safepoint: 69228 ns, At safepoint: 7375 ns, Total: 76603 ns
[2020-09-11T12:27:26.478+0000][1][safepoint    ] Safepoint "Cleanup", Time since last: 1000168827 ns, Reaching safepoint: 184254 ns, At safepoint: 17644 ns, Total: 201898 ns
[2020-09-11T12:27:27.479+0000][1][safepoint    ] Safepoint "Cleanup", Time since last: 1000988406 ns, Reaching safepoint: 103014 ns, At safepoint: 15753 ns, Total: 118767 ns
[2020-09-11T12:27:28.479+0000][1][safepoint    ] Safepoint "Cleanup", Time since last: 1000210922 ns, Reaching safepoint: 104985 ns, At safepoint: 15990 ns, Total: 120975 ns
[2020-09-11T12:27:29.480+0000][1][safepoint    ] Safepoint "Cleanup", Time since last: 1000255823 ns, Reaching safepoint: 106796 ns, At safepoint: 17246 ns, Total: 124042 ns
[2020-09-11T12:27:30.480+0000][1][safepoint    ] Safepoint "Cleanup", Time since last: 1000224572 ns, Reaching safepoint: 104214 ns, At safepoint: 15559 ns, Total: 119773 ns
[2020-09-11T12:27:31.480+0000][1][safepoint    ] Safepoint "Cleanup", Time since last: 1000218271 ns, Reaching safepoint: 85930 ns, At safepoint: 6738 ns, Total: 92668 ns
[2020-09-11T12:27:32.481+0000][1][safepoint    ] Safepoint "Cleanup", Time since last: 1000836731 ns, Reaching safepoint: 84114 ns, At safepoint: 6453 ns, Total: 90567 ns
[2020-09-11T12:27:33.482+0000][1][safepoint    ] Safepoint "Cleanup", Time since last: 1000520194 ns, Reaching safepoint: 106184 ns, At safepoint: 16344 ns, Total: 122528 ns
[2020-09-11T12:27:34.482+0000][1][safepoint    ] Safepoint "Cleanup", Time since last: 1000184593 ns, Reaching safepoint: 95850 ns, At safepoint: 6273 ns, Total: 102123 ns
[2020-09-11T12:27:35.482+0000][1][safepoint    ] Safepoint "Cleanup", Time since last: 1000147748 ns, Reaching safepoint: 102600 ns, At safepoint: 16304 ns, Total: 118904 ns
[2020-09-11T12:27:36.483+0000][1][safepoint    ] Safepoint "Cleanup", Time since last: 1000247012 ns, Reaching safepoint: 82027 ns, At safepoint: 7188 ns, Total: 89215 ns
[2020-09-11T12:27:37.484+0000][1][safepoint    ] Safepoint "Cleanup", Time since last: 1000957575 ns, Reaching safepoint: 96822 ns, At safepoint: 6962 ns, Total: 103784 ns
[2020-09-11T12:27:38.484+0000][1][safepoint    ] Safepoint "Cleanup", Time since last: 1000144401 ns, Reaching safepoint: 98999 ns, At safepoint: 5849 ns, Total: 104848 ns
[2020-09-11T12:27:39.484+0000][1][safepoint    ] Safepoint "Cleanup", Time since last: 1000181812 ns, Reaching safepoint: 85626 ns, At safepoint: 7011 ns, Total: 92637 ns
[2020-09-11T12:27:40.485+0000][1][safepoint    ] Safepoint "Cleanup", Time since last: 1000189494 ns, Reaching safepoint: 78117 ns, At safepoint: 6535 ns, Total: 84652 ns
[2020-09-11T12:27:41.485+0000][1][safepoint    ] Safepoint "Cleanup", Time since last: 1000192604 ns, Reaching safepoint: 104324 ns, At safepoint: 16862 ns, Total: 121186 ns
[2020-09-11T12:27:42.486+0000][1][safepoint    ] Safepoint "Cleanup", Time since last: 1001100611 ns, Reaching safepoint: 102629 ns, At safepoint: 15987 ns, Total: 118616 ns
[2020-09-11T12:27:43.486+0000][1][safepoint    ] Safepoint "Cleanup", Time since last: 1000227419 ns, Reaching safepoint: 105069 ns, At safepoint: 16725 ns, Total: 121794 ns
[2020-09-11T12:27:44.487+0000][1][safepoint    ] Safepoint "Cleanup", Time since last: 1000224758 ns, Reaching safepoint: 145645 ns, At safepoint: 15873 ns, Total: 161518 ns
[2020-09-11T12:27:45.487+0000][1][safepoint    ] Safepoint "Cleanup", Time since last: 1000177883 ns, Reaching safepoint: 106802 ns, At safepoint: 16762 ns, Total: 123564 ns
[2020-09-11T12:27:46.487+0000][1][safepoint    ] Safepoint "Cleanup", Time since last: 1000225612 ns, Reaching safepoint: 127423 ns, At safepoint: 15085 ns, Total: 142508 ns
[2020-09-11T12:27:47.489+0000][1][safepoint    ] Safepoint "Cleanup", Time since last: 1001157025 ns, Reaching safepoint: 88843 ns, At safepoint: 6444 ns, Total: 95287 ns
[2020-09-11T12:27:48.489+0000][1][safepoint    ] Safepoint "Cleanup", Time since last: 1000196006 ns, Reaching safepoint: 91021 ns, At safepoint: 6684 ns, Total: 97705 ns
[2020-09-11T12:27:49.489+0000][1][safepoint    ] Safepoint "Cleanup", Time since last: 1000193250 ns, Reaching safepoint: 76803 ns, At safepoint: 7412 ns, Total: 84215 ns
[2020-09-11T12:27:50.490+0000][1][safepoint    ] Safepoint "Cleanup", Time since last: 1000147752 ns, Reaching safepoint: 99907 ns, At safepoint: 6161 ns, Total: 106068 ns
[2020-09-11T12:27:51.490+0000][1][safepoint    ] Safepoint "Cleanup", Time since last: 1000176000 ns, Reaching safepoint: 83467 ns, At safepoint: 6854 ns, Total: 90321 ns
[2020-09-11T12:27:52.491+0000][1][safepoint    ] Safepoint "Cleanup", Time since last: 1000962929 ns, Reaching safepoint: 104183 ns, At safepoint: 15943 ns, Total: 120126 ns
[2020-09-11T12:27:53.491+0000][1][safepoint    ] Safepoint "Cleanup", Time since last: 1000266267 ns, Reaching safepoint: 104213 ns, At safepoint: 16916 ns, Total: 121129 ns
[2020-09-11T12:27:54.492+0000][1][safepoint    ] Safepoint "Cleanup", Time since last: 1000252736 ns, Reaching safepoint: 100578 ns, At safepoint: 15432 ns, Total: 116010 ns
[2020-09-11T12:27:55.492+0000][1][safepoint    ] Safepoint "Cleanup", Time since last: 1000174952 ns, Reaching safepoint: 102392 ns, At safepoint: 16198 ns, Total: 118590 ns
[2020-09-11T12:27:56.492+0000][1][safepoint    ] Safepoint "Cleanup", Time since last: 1000204995 ns, Reaching safepoint: 103685 ns, At safepoint: 15760 ns, Total: 119445 ns
[2020-09-11T12:27:57.493+0000][1][safepoint    ] Safepoint "Cleanup", Time since last: 1000979430 ns, Reaching safepoint: 116010 ns, At safepoint: 18486 ns, Total: 134496 ns
[2020-09-11T12:27:58.494+0000][1][safepoint    ] Safepoint "Cleanup", Time since last: 1000181858 ns, Reaching safepoint: 103297 ns, At safepoint: 13595 ns, Total: 116892 ns
[2020-09-11T12:27:59.494+0000][1][safepoint    ] Safepoint "Cleanup", Time since last: 1000225742 ns, Reaching safepoint: 87655 ns, At safepoint: 7253 ns, Total: 94908 ns
[2020-09-11T12:28:00.494+0000][1][safepoint    ] Safepoint "Cleanup", Time since last: 1000181359 ns, Reaching safepoint: 79668 ns, At safepoint: 6090 ns, Total: 85758 ns
[2020-09-11T12:28:01.495+0000][1][safepoint    ] Safepoint "Cleanup", Time since last: 1000176783 ns, Reaching safepoint: 106498 ns, At safepoint: 16485 ns, Total: 122983 ns
[2020-09-11T12:28:02.496+0000][1][safepoint    ] Safepoint "Cleanup", Time since last: 1001172800 ns, Reaching safepoint: 84501 ns, At safepoint: 6556 ns, Total: 91057 ns
[2020-09-11T12:28:03.496+0000][1][safepoint    ] Safepoint "Cleanup", Time since last: 1000178007 ns, Reaching safepoint: 106438 ns, At safepoint: 17370 ns, Total: 123808 ns
[2020-09-11T12:28:04.497+0000][1][safepoint    ] Safepoint "Cleanup", Time since last: 1000236980 ns, Reaching safepoint: 104113 ns, At safepoint: 15365 ns, Total: 119478 ns
[2020-09-11T12:28:05.497+0000][1][safepoint    ] Safepoint "Cleanup", Time since last: 1000217085 ns, Reaching safepoint: 103310 ns, At safepoint: 16375 ns, Total: 119685 ns
[2020-09-11T12:28:06.497+0000][1][safepoint    ] Safepoint "Cleanup", Time since last: 1000184513 ns, Reaching safepoint: 105613 ns, At safepoint: 16281 ns, Total: 121894 ns
[2020-09-11T12:28:07.498+0000][1][safepoint    ] Safepoint "Cleanup", Time since last: 1001052660 ns, Reaching safepoint: 104881 ns, At safepoint: 17240 ns, Total: 122121 ns
[2020-09-11T12:28:08.552+0000][1][safepoint    ] Safepoint "Cleanup", Time since last: 1053210995 ns, Reaching safepoint: 91270 ns, At safepoint: 16528 ns, Total: 107798 ns
[2020-09-11T12:28:09.552+0000][1][safepoint    ] Safepoint "Cleanup", Time since last: 1000244956 ns, Reaching safepoint: 91534 ns, At safepoint: 16347 ns, Total: 107881 ns
[2020-09-11T12:28:10.552+0000][1][safepoint    ] Safepoint "Cleanup", Time since last: 1000224454 ns, Reaching safepoint: 90779 ns, At safepoint: 16187 ns, Total: 106966 ns
[2020-09-11T12:28:11.553+0000][1][safepoint    ] Safepoint "Cleanup", Time since last: 1000220133 ns, Reaching safepoint: 68120 ns, At safepoint: 6853 ns, Total: 74973 ns
[2020-09-11T12:28:12.553+0000][1][safepoint    ] Safepoint "Cleanup", Time since last: 1000185803 ns, Reaching safepoint: 67566 ns, At safepoint: 6420 ns, Total: 73986 ns
[2020-09-11T12:28:13.553+0000][1][safepoint    ] Safepoint "Cleanup", Time since last: 1000180469 ns, Reaching safepoint: 92188 ns, At safepoint: 15887 ns, Total: 108075 ns
[2020-09-11T12:28:14.553+0000][1][safepoint    ] Safepoint "Cleanup", Time since last: 1000136798 ns, Reaching safepoint: 113244 ns, At safepoint: 5835 ns, Total: 119079 ns
[2020-09-11T12:28:15.554+0000][1][safepoint    ] Safepoint "Cleanup", Time since last: 1000108830 ns, Reaching safepoint: 194972 ns, At safepoint: 16571 ns, Total: 211543 ns
[2020-09-11T12:28:16.554+0000][1][safepoint    ] Safepoint "Cleanup", Time since last: 1000183660 ns, Reaching safepoint: 93360 ns, At safepoint: 5900 ns, Total: 99260 ns
[2020-09-11T12:28:17.554+0000][1][safepoint    ] Safepoint "Cleanup", Time since last: 1000125535 ns, Reaching safepoint: 90786 ns, At safepoint: 4977 ns, Total: 95763 ns
[2020-09-11T12:28:18.555+0000][1][safepoint    ] Safepoint "Cleanup", Time since last: 1000123846 ns, Reaching safepoint: 292950 ns, At safepoint: 21733 ns, Total: 314683 ns
[2020-09-11T12:28:19.555+0000][1][safepoint    ] Safepoint "Cleanup", Time since last: 1000171324 ns, Reaching safepoint: 206940 ns, At safepoint: 16274 ns, Total: 223214 ns
[2020-09-11T12:28:20.556+0000][1][safepoint    ] Safepoint "Cleanup", Time since last: 1000177470 ns, Reaching safepoint: 236216 ns, At safepoint: 15656 ns, Total: 251872 ns
[2020-09-11T12:28:21.556+0000][1][safepoint    ] Safepoint "Cleanup", Time since last: 1000145920 ns, Reaching safepoint: 137281 ns, At safepoint: 6742 ns, Total: 144023 ns
[2020-09-11T12:28:22.556+0000][1][safepoint    ] Safepoint "Cleanup", Time since last: 1000114453 ns, Reaching safepoint: 187221 ns, At safepoint: 16387 ns, Total: 203608 ns
[2020-09-11T12:28:23.557+0000][1][safepoint    ] Safepoint "Cleanup", Time since last: 1000221916 ns, Reaching safepoint: 106058 ns, At safepoint: 108021 ns, Total: 214079 ns
[2020-09-11T12:28:24.557+0000][1][safepoint    ] Safepoint "Cleanup", Time since last: 1000252581 ns, Reaching safepoint: 104213 ns, At safepoint: 15666 ns, Total: 119879 ns
[2020-09-11T12:28:25.557+0000][1][safepoint    ] Safepoint "Cleanup", Time since last: 1000217088 ns, Reaching safepoint: 105145 ns, At safepoint: 17199 ns, Total: 122344 ns
[2020-09-11T12:28:26.558+0000][1][safepoint    ] Safepoint "Cleanup", Time since last: 1000214979 ns, Reaching safepoint: 82817 ns, At safepoint: 6517 ns, Total: 89334 ns
[2020-09-11T12:28:27.559+0000][1][safepoint    ] Safepoint "Cleanup", Time since last: 1000837610 ns, Reaching safepoint: 124610 ns, At safepoint: 18485 ns, Total: 143095 ns
[2020-09-11T12:28:28.559+0000][1][safepoint    ] Safepoint "Cleanup", Time since last: 1000227621 ns, Reaching safepoint: 121940 ns, At safepoint: 16401 ns, Total: 138341 ns
[2020-09-11T12:28:29.559+0000][1][safepoint    ] Safepoint "Cleanup", Time since last: 1000214673 ns, Reaching safepoint: 82169 ns, At safepoint: 7352 ns, Total: 89521 ns
[2020-09-11T12:28:30.560+0000][1][safepoint    ] Safepoint "Cleanup", Time since last: 1000186048 ns, Reaching safepoint: 83929 ns, At safepoint: 6991 ns, Total: 90920 ns
[2020-09-11T12:28:31.560+0000][1][safepoint    ] Safepoint "Cleanup", Time since last: 1000192140 ns, Reaching safepoint: 80820 ns, At safepoint: 7293 ns, Total: 88113 ns
[2020-09-11T12:28:32.561+0000][1][safepoint    ] Safepoint "Cleanup", Time since last: 1000845036 ns, Reaching safepoint: 81977 ns, At safepoint: 6385 ns, Total: 88362 ns
[2020-09-11T12:28:32.581+0000][1][gc,start     ] GC(85) Pause Young (Allocation Failure)
[2020-09-11T12:28:32.581+0000][1][gc,task      ] GC(85) Using 1 workers of 1 for evacuation
[2020-09-11T12:28:32.584+0000][1][gc,age       ] GC(85) Desired survivor size 4358144 bytes, new threshold 6 (max threshold 6)
[2020-09-11T12:28:32.584+0000][1][gc,age       ] GC(85) Age table with threshold 6 (max threshold 6)
[2020-09-11T12:28:32.584+0000][1][gc,age       ] GC(85) - age   1:       6448 bytes,       6448 total
[2020-09-11T12:28:32.584+0000][1][gc,age       ] GC(85) - age   2:       1672 bytes,       8120 total
[2020-09-11T12:28:32.584+0000][1][gc,age       ] GC(85) - age   3:       1288 bytes,       9408 total
[2020-09-11T12:28:32.584+0000][1][gc,age       ] GC(85) - age   4:        640 bytes,      10048 total
[2020-09-11T12:28:32.584+0000][1][gc,age       ] GC(85) - age   5:        184 bytes,      10232 total
[2020-09-11T12:28:32.584+0000][1][gc,age       ] GC(85) - age   6:       1096 bytes,      11328 total
[2020-09-11T12:28:32.584+0000][1][gc,heap      ] GC(85) ParNew: 68177K->21K(76672K)
[2020-09-11T12:28:32.584+0000][1][gc,heap      ] GC(85) CMS: 64281K->64282K(439104K)
[2020-09-11T12:28:32.584+0000][1][gc,metaspace ] GC(85) Metaspace: 71855K->71855K(1116160K)
[2020-09-11T12:28:32.584+0000][1][gc           ] GC(85) Pause Young (Allocation Failure) 129M->62M(503M) 3.570ms
[2020-09-11T12:28:32.584+0000][1][gc,cpu       ] GC(85) User=0.00s Sys=0.00s Real=0.01s
[2020-09-11T12:28:32.585+0000][1][safepoint    ] Safepoint "GenCollectForAllocation", Time since last: 19957679 ns, Reaching safepoint: 175409 ns, At safepoint: 3703127 ns, Total: 3878536 ns
[2020-09-11T12:28:33.586+0000][1][safepoint    ] Safepoint "Cleanup", Time since last: 1001103011 ns, Reaching safepoint: 77603 ns, At safepoint: 19590 ns, Total: 97193 ns
[2020-09-11T12:28:34.586+0000][1][safepoint    ] Safepoint "Cleanup", Time since last: 1000167071 ns, Reaching safepoint: 71678 ns, At safepoint: 16355 ns, Total: 88033 ns
[2020-09-11T12:28:35.586+0000][1][safepoint    ] Safepoint "Cleanup", Time since last: 1000158224 ns, Reaching safepoint: 70893 ns, At safepoint: 20226 ns, Total: 91119 ns
[2020-09-11T12:28:36.586+0000][1][safepoint    ] Safepoint "Cleanup", Time since last: 1000125079 ns, Reaching safepoint: 91827 ns, At safepoint: 13370 ns, Total: 105197 ns
[2020-09-11T12:28:37.587+0000][1][safepoint    ] Safepoint "Cleanup", Time since last: 1000161356 ns, Reaching safepoint: 74211 ns, At safepoint: 6683 ns, Total: 80894 ns
[2020-09-11T12:28:38.587+0000][1][safepoint    ] Safepoint "Cleanup", Time since last: 1000179925 ns, Reaching safepoint: 76680 ns, At safepoint: 6052 ns, Total: 82732 ns
[2020-09-11T12:28:39.587+0000][1][safepoint    ] Safepoint "Cleanup", Time since last: 1000122683 ns, Reaching safepoint: 221356 ns, At safepoint: 20033 ns, Total: 241389 ns
[2020-09-11T12:28:40.588+0000][1][safepoint    ] Safepoint "Cleanup", Time since last: 1000162157 ns, Reaching safepoint: 285236 ns, At safepoint: 18399 ns, Total: 303635 ns
[2020-09-11T12:28:41.588+0000][1][safepoint    ] Safepoint "Cleanup", Time since last: 1000324307 ns, Reaching safepoint: 118701 ns, At safepoint: 17903 ns, Total: 136604 ns
[2020-09-11T12:28:42.589+0000][1][safepoint    ] Safepoint "Cleanup", Time since last: 1000683519 ns, Reaching safepoint: 196429 ns, At safepoint: 16454 ns, Total: 212883 ns
[2020-09-11T12:28:43.589+0000][1][safepoint    ] Safepoint "Cleanup", Time since last: 1000193144 ns, Reaching safepoint: 97531 ns, At safepoint: 15913 ns, Total: 113444 ns
[2020-09-11T12:28:44.590+0000][1][safepoint    ] Safepoint "Cleanup", Time since last: 1000172885 ns, Reaching safepoint: 102375 ns, At safepoint: 13608 ns, Total: 115983 ns
[2020-09-11T12:28:45.590+0000][1][safepoint    ] Safepoint "Cleanup", Time since last: 1000219914 ns, Reaching safepoint: 138555 ns, At safepoint: 16639 ns, Total: 155194 ns
[2020-09-11T12:28:46.590+0000][1][safepoint    ] Safepoint "Cleanup", Time since last: 1000216366 ns, Reaching safepoint: 85067 ns, At safepoint: 6346 ns, Total: 91413 ns
[2020-09-11T12:28:47.592+0000][1][safepoint    ] Safepoint "Cleanup", Time since last: 1000983736 ns, Reaching safepoint: 57036 ns, At safepoint: 5842 ns, Total: 62878 ns
[2020-09-11T12:28:48.592+0000][1][safepoint    ] Safepoint "Cleanup", Time since last: 1000177864 ns, Reaching safepoint: 104357 ns, At safepoint: 16287 ns, Total: 120644 ns
[2020-09-11T12:28:49.592+0000][1][safepoint    ] Safepoint "Cleanup", Time since last: 1000226904 ns, Reaching safepoint: 81301 ns, At safepoint: 7258 ns, Total: 88559 ns
[2020-09-11T12:28:50.592+0000][1][safepoint    ] Safepoint "Cleanup", Time since last: 1000178975 ns, Reaching safepoint: 105493 ns, At safepoint: 16254 ns, Total: 121747 ns
[2020-09-11T12:28:51.593+0000][1][safepoint    ] Safepoint "Cleanup", Time since last: 1000219412 ns, Reaching safepoint: 103765 ns, At safepoint: 16535 ns, Total: 120300 ns
[2020-09-11T12:28:52.594+0000][1][safepoint    ] Safepoint "Cleanup", Time since last: 1001224517 ns, Reaching safepoint: 101624 ns, At safepoint: 15088 ns, Total: 116712 ns
[2020-09-11T12:28:53.594+0000][1][safepoint    ] Safepoint "Cleanup", Time since last: 1000223537 ns, Reaching safepoint: 105960 ns, At safepoint: 16749 ns, Total: 122709 ns
[2020-09-11T12:28:54.595+0000][1][safepoint    ] Safepoint "Cleanup", Time since last: 1000271746 ns, Reaching safepoint: 100902 ns, At safepoint: 15563 ns, Total: 116465 ns
[2020-09-11T12:28:55.595+0000][1][safepoint    ] Safepoint "Cleanup", Time since last: 1000222615 ns, Reaching safepoint: 104861 ns, At safepoint: 16869 ns, Total: 121730 ns
[2020-09-11T12:28:56.596+0000][1][safepoint    ] Safepoint "Cleanup", Time since last: 1000236850 ns, Reaching safepoint: 104430 ns, At safepoint: 15211 ns, Total: 119641 ns
[2020-09-11T12:28:57.597+0000][1][safepoint    ] Safepoint "Cleanup", Time since last: 1000925277 ns, Reaching safepoint: 59435 ns, At safepoint: 6455 ns, Total: 65890 ns
[2020-09-11T12:28:58.597+0000][1][safepoint    ] Safepoint "Cleanup", Time since last: 1000176787 ns, Reaching safepoint: 101196 ns, At safepoint: 16014 ns, Total: 117210 ns
[2020-09-11T12:28:59.597+0000][1][safepoint    ] Safepoint "Cleanup", Time since last: 1000192566 ns, Reaching safepoint: 100946 ns, At safepoint: 15255 ns, Total: 116201 ns
[2020-09-11T12:29:00.598+0000][1][safepoint    ] Safepoint "Cleanup", Time since last: 1000233225 ns, Reaching safepoint: 112202 ns, At safepoint: 18021 ns, Total: 130223 ns
[2020-09-11T12:29:02.100+0000][1][safepoint    ] Safepoint "Cleanup", Time since last: 1502044908 ns, Reaching safepoint: 70456 ns, At safepoint: 6678 ns, Total: 77134 ns
[2020-09-11T12:29:03.100+0000][1][safepoint    ] Safepoint "Cleanup", Time since last: 1000133281 ns, Reaching safepoint: 95628 ns, At safepoint: 7117 ns, Total: 102745 ns
[2020-09-11T12:29:04.100+0000][1][safepoint    ] Safepoint "Cleanup", Time since last: 1000181063 ns, Reaching safepoint: 71884 ns, At safepoint: 6560 ns, Total: 78444 ns
[2020-09-11T12:29:05.100+0000][1][safepoint    ] Safepoint "Cleanup", Time since last: 1000156689 ns, Reaching safepoint: 77338 ns, At safepoint: 5834 ns, Total: 83172 ns
[2020-09-11T12:29:06.101+0000][1][safepoint    ] Safepoint "Cleanup", Time since last: 1000156859 ns, Reaching safepoint: 79288 ns, At safepoint: 6154 ns, Total: 85442 ns
[2020-09-11T12:29:07.101+0000][1][safepoint    ] Safepoint "Cleanup", Time since last: 1000162222 ns, Reaching safepoint: 95186 ns, At safepoint: 16905 ns, Total: 112091 ns
[2020-09-11T12:29:08.101+0000][1][safepoint    ] Safepoint "Cleanup", Time since last: 1000204899 ns, Reaching safepoint: 101720 ns, At safepoint: 17410 ns, Total: 119130 ns
[2020-09-11T12:29:09.101+0000][1][safepoint    ] Safepoint "Cleanup", Time since last: 1000204988 ns, Reaching safepoint: 78226 ns, At safepoint: 5994 ns, Total: 84220 ns
[2020-09-11T12:29:10.102+0000][1][safepoint    ] Safepoint "Cleanup", Time since last: 1000168099 ns, Reaching safepoint: 93826 ns, At safepoint: 15896 ns, Total: 109722 ns
[2020-09-11T12:29:11.102+0000][1][safepoint    ] Safepoint "Cleanup", Time since last: 1000182710 ns, Reaching safepoint: 89499 ns, At safepoint: 15660 ns, Total: 105159 ns
[2020-09-11T12:29:12.102+0000][1][safepoint    ] Safepoint "Cleanup", Time since last: 1000206471 ns, Reaching safepoint: 97076 ns, At safepoint: 16515 ns, Total: 113591 ns
[2020-09-11T12:29:13.103+0000][1][safepoint    ] Safepoint "Cleanup", Time since last: 1000173085 ns, Reaching safepoint: 77758 ns, At safepoint: 7088 ns, Total: 84846 ns
[2020-09-11T12:29:14.103+0000][1][safepoint    ] Safepoint "Cleanup", Time since last: 1000170429 ns, Reaching safepoint: 95490 ns, At safepoint: 15285 ns, Total: 110775 ns
[2020-09-11T12:29:15.103+0000][1][safepoint    ] Safepoint "Cleanup", Time since last: 1000156913 ns, Reaching safepoint: 90722 ns, At safepoint: 15730 ns, Total: 106452 ns
[2020-09-11T12:29:16.104+0000][1][safepoint    ] Safepoint "Cleanup", Time since last: 1000185493 ns, Reaching safepoint: 143981 ns, At safepoint: 15065 ns, Total: 159046 ns
[2020-09-11T12:29:17.104+0000][1][safepoint    ] Safepoint "Cleanup", Time since last: 1000167122 ns, Reaching safepoint: 82152 ns, At safepoint: 6373 ns, Total: 88525 ns
[2020-09-11T12:29:18.106+0000][1][safepoint    ] Safepoint "Cleanup", Time since last: 1002611659 ns, Reaching safepoint: 55956 ns, At safepoint: 7574 ns, Total: 63530 ns
[2020-09-11T12:29:19.107+0000][1][safepoint    ] Safepoint "Cleanup", Time since last: 1000150366 ns, Reaching safepoint: 94808 ns, At safepoint: 15672 ns, Total: 110480 ns
[2020-09-11T12:29:20.107+0000][1][safepoint    ] Safepoint "Cleanup", Time since last: 1000156210 ns, Reaching safepoint: 95122 ns, At safepoint: 15652 ns, Total: 110774 ns
[2020-09-11T12:29:21.107+0000][1][safepoint    ] Safepoint "Cleanup", Time since last: 1000159532 ns, Reaching safepoint: 88664 ns, At safepoint: 14063 ns, Total: 102727 ns
[2020-09-11T12:29:22.108+0000][1][safepoint    ] Safepoint "Cleanup", Time since last: 1000234713 ns, Reaching safepoint: 93799 ns, At safepoint: 15926 ns, Total: 109725 ns
[2020-09-11T12:29:23.108+0000][1][safepoint    ] Safepoint "Cleanup", Time since last: 1000161762 ns, Reaching safepoint: 89597 ns, At safepoint: 6252 ns, Total: 95849 ns
[2020-09-11T12:29:24.108+0000][1][safepoint    ] Safepoint "Cleanup", Time since last: 1000160569 ns, Reaching safepoint: 75401 ns, At safepoint: 6536 ns, Total: 81937 ns
[2020-09-11T12:29:25.108+0000][1][safepoint    ] Safepoint "Cleanup", Time since last: 1000158092 ns, Reaching safepoint: 94818 ns, At safepoint: 15496 ns, Total: 110314 ns
[2020-09-11T12:29:26.109+0000][1][safepoint    ] Safepoint "Cleanup", Time since last: 1000141814 ns, Reaching safepoint: 59864 ns, At safepoint: 8058 ns, Total: 67922 ns
[2020-09-11T12:29:27.109+0000][1][safepoint    ] Safepoint "Cleanup", Time since last: 1000174140 ns, Reaching safepoint: 104604 ns, At safepoint: 17437 ns, Total: 122041 ns
[2020-09-11T12:29:28.109+0000][1][safepoint    ] Safepoint "Cleanup", Time since last: 1000188353 ns, Reaching safepoint: 90254 ns, At safepoint: 15195 ns, Total: 105449 ns
[2020-09-11T12:29:29.109+0000][1][safepoint    ] Safepoint "Cleanup", Time since last: 1000193639 ns, Reaching safepoint: 77622 ns, At safepoint: 6309 ns, Total: 83931 ns
[2020-09-11T12:29:30.110+0000][1][safepoint    ] Safepoint "Cleanup", Time since last: 1000171695 ns, Reaching safepoint: 92893 ns, At safepoint: 16017 ns, Total: 108910 ns
[2020-09-11T12:29:31.110+0000][1][safepoint    ] Safepoint "Cleanup", Time since last: 1000195364 ns, Reaching safepoint: 86599 ns, At safepoint: 15209 ns, Total: 101808 ns
[2020-09-11T12:29:32.110+0000][1][safepoint    ] Safepoint "Cleanup", Time since last: 1000197739 ns, Reaching safepoint: 95460 ns, At safepoint: 15990 ns, Total: 111450 ns
[2020-09-11T12:29:33.111+0000][1][safepoint    ] Safepoint "Cleanup", Time since last: 1000204008 ns, Reaching safepoint: 95215 ns, At safepoint: 16167 ns, Total: 111382 ns
[2020-09-11T12:29:34.111+0000][1][safepoint    ] Safepoint "Cleanup", Time since last: 1000190307 ns, Reaching safepoint: 79696 ns, At safepoint: 6546 ns, Total: 86242 ns
[2020-09-11T12:29:35.111+0000][1][safepoint    ] Safepoint "Cleanup", Time since last: 1000158857 ns, Reaching safepoint: 93682 ns, At safepoint: 16164 ns, Total: 109846 ns
[2020-09-11T12:29:36.111+0000][1][safepoint    ] Safepoint "Cleanup", Time since last: 1000187668 ns, Reaching safepoint: 98220 ns, At safepoint: 5815 ns, Total: 104035 ns
[2020-09-11T12:29:37.112+0000][1][safepoint    ] Safepoint "Cleanup", Time since last: 1000184692 ns, Reaching safepoint: 94316 ns, At safepoint: 15897 ns, Total: 110213 ns
[2020-09-11T12:29:38.112+0000][1][safepoint    ] Safepoint "Cleanup", Time since last: 1000200956 ns, Reaching safepoint: 81345 ns, At safepoint: 6476 ns, Total: 87821 ns
[2020-09-11T12:29:39.112+0000][1][safepoint    ] Safepoint "Cleanup", Time since last: 1000125680 ns, Reaching safepoint: 95165 ns, At safepoint: 14935 ns, Total: 110100 ns
[2020-09-11T12:29:40.113+0000][1][safepoint    ] Safepoint "Cleanup", Time since last: 1000203056 ns, Reaching safepoint: 89352 ns, At safepoint: 15482 ns, Total: 104834 ns
[2020-09-11T12:29:41.113+0000][1][safepoint    ] Safepoint "Cleanup", Time since last: 1000200984 ns, Reaching safepoint: 71184 ns, At safepoint: 6582 ns, Total: 77766 ns
[2020-09-11T12:29:42.113+0000][1][safepoint    ] Safepoint "Cleanup", Time since last: 1000116763 ns, Reaching safepoint: 98273 ns, At safepoint: 14353 ns, Total: 112626 ns
[2020-09-11T12:29:43.113+0000][1][safepoint    ] Safepoint "Cleanup", Time since last: 1000224622 ns, Reaching safepoint: 96755 ns, At safepoint: 15730 ns, Total: 112485 ns
[2020-09-11T12:29:44.114+0000][1][safepoint    ] Safepoint "Cleanup", Time since last: 1000187992 ns, Reaching safepoint: 77689 ns, At safepoint: 6031 ns, Total: 83720 ns
[2020-09-11T12:29:45.114+0000][1][safepoint    ] Safepoint "Cleanup", Time since last: 1000169474 ns, Reaching safepoint: 72413 ns, At safepoint: 6314 ns, Total: 78727 ns
[2020-09-11T12:29:46.115+0000][1][safepoint    ] Safepoint "Cleanup", Time since last: 1000994350 ns, Reaching safepoint: 80633 ns, At safepoint: 10961 ns, Total: 91594 ns
[2020-09-11T12:29:47.115+0000][1][safepoint    ] Safepoint "Cleanup", Time since last: 1000173737 ns, Reaching safepoint: 91160 ns, At safepoint: 9015 ns, Total: 100175 ns
[2020-09-11T12:29:47.669+0000][1][gc,start     ] GC(86) Pause Young (Allocation Failure)
[2020-09-11T12:29:47.669+0000][1][gc,task      ] GC(86) Using 1 workers of 1 for evacuation
[2020-09-11T12:29:47.672+0000][1][gc,age       ] GC(86) Desired survivor size 4358144 bytes, new threshold 6 (max threshold 6)
[2020-09-11T12:29:47.672+0000][1][gc,age       ] GC(86) Age table with threshold 6 (max threshold 6)
[2020-09-11T12:29:47.672+0000][1][gc,age       ] GC(86) - age   1:       8568 bytes,       8568 total
[2020-09-11T12:29:47.672+0000][1][gc,age       ] GC(86) - age   2:        152 bytes,       8720 total
[2020-09-11T12:29:47.672+0000][1][gc,age       ] GC(86) - age   3:       1672 bytes,      10392 total
[2020-09-11T12:29:47.672+0000][1][gc,age       ] GC(86) - age   4:       1288 bytes,      11680 total
[2020-09-11T12:29:47.672+0000][1][gc,age       ] GC(86) - age   5:        640 bytes,      12320 total
[2020-09-11T12:29:47.672+0000][1][gc,age       ] GC(86) - age   6:        184 bytes,      12504 total
[2020-09-11T12:29:47.672+0000][1][gc,heap      ] GC(86) ParNew: 68181K->13K(76672K)
[2020-09-11T12:29:47.672+0000][1][gc,heap      ] GC(86) CMS: 64282K->64283K(439104K)
[2020-09-11T12:29:47.672+0000][1][gc,metaspace ] GC(86) Metaspace: 71855K->71855K(1116160K)
[2020-09-11T12:29:47.673+0000][1][gc           ] GC(86) Pause Young (Allocation Failure) 129M->62M(503M) 3.789ms
[2020-09-11T12:29:47.673+0000][1][gc,cpu       ] GC(86) User=0.01s Sys=0.00s Real=0.00s
[2020-09-11T12:29:47.673+0000][1][safepoint    ] Safepoint "GenCollectForAllocation", Time since last: 553220941 ns, Reaching safepoint: 170550 ns, At safepoint: 3858635 ns, Total: 4029185 ns
[2020-09-11T12:29:48.673+0000][1][safepoint    ] Safepoint "Cleanup", Time since last: 1000154261 ns, Reaching safepoint: 104727 ns, At safepoint: 51392 ns, Total: 156119 ns
[2020-09-11T12:29:49.673+0000][1][safepoint    ] Safepoint "Cleanup", Time since last: 1000214399 ns, Reaching safepoint: 103758 ns, At safepoint: 45789 ns, Total: 149547 ns
[2020-09-11T12:29:50.692+0000][1][safepoint    ] Safepoint "Cleanup", Time since last: 1018231316 ns, Reaching safepoint: 67757 ns, At safepoint: 8974 ns, Total: 76731 ns
[2020-09-11T12:29:51.692+0000][1][safepoint    ] Safepoint "Cleanup", Time since last: 1000180772 ns, Reaching safepoint: 91393 ns, At safepoint: 15345 ns, Total: 106738 ns
[2020-09-11T12:29:52.692+0000][1][safepoint    ] Safepoint "Cleanup", Time since last: 1000167759 ns, Reaching safepoint: 93477 ns, At safepoint: 6019 ns, Total: 99496 ns
[2020-09-11T12:29:53.692+0000][1][safepoint    ] Safepoint "Cleanup", Time since last: 1000161144 ns, Reaching safepoint: 80196 ns, At safepoint: 6360 ns, Total: 86556 ns
[2020-09-11T12:29:54.695+0000][1][safepoint    ] Safepoint "Cleanup", Time since last: 1001639410 ns, Reaching safepoint: 1037372 ns, At safepoint: 15996 ns, Total: 1053368 ns
[2020-09-11T12:29:55.695+0000][1][safepoint    ] Safepoint "Cleanup", Time since last: 1000214648 ns, Reaching safepoint: 83434 ns, At safepoint: 5954 ns, Total: 89388 ns
[2020-09-11T12:29:56.696+0000][1][safepoint    ] Safepoint "Cleanup", Time since last: 1000146917 ns, Reaching safepoint: 91353 ns, At safepoint: 13494 ns, Total: 104847 ns
[2020-09-11T12:29:57.696+0000][1][safepoint    ] Safepoint "Cleanup", Time since last: 1000141541 ns, Reaching safepoint: 53514 ns, At safepoint: 5654 ns, Total: 59168 ns
[2020-09-11T12:29:58.696+0000][1][safepoint    ] Safepoint "Cleanup", Time since last: 1000139647 ns, Reaching safepoint: 107811 ns, At safepoint: 16709 ns, Total: 124520 ns
[2020-09-11T12:29:59.696+0000][1][safepoint    ] Safepoint "Cleanup", Time since last: 1000184186 ns, Reaching safepoint: 96039 ns, At safepoint: 6394 ns, Total: 102433 ns
[2020-09-11T12:30:00.697+0000][1][safepoint    ] Safepoint "Cleanup", Time since last: 1000209020 ns, Reaching safepoint: 80009 ns, At safepoint: 7286 ns, Total: 87295 ns
[2020-09-11T12:30:01.697+0000][1][safepoint    ] Safepoint "Cleanup", Time since last: 1000144626 ns, Reaching safepoint: 109182 ns, At safepoint: 6589 ns, Total: 115771 ns
[2020-09-11T12:30:02.698+0000][1][safepoint    ] Safepoint "Cleanup", Time since last: 1000763691 ns, Reaching safepoint: 98002 ns, At safepoint: 13708 ns, Total: 111710 ns
[2020-09-11T12:30:03.698+0000][1][safepoint    ] Safepoint "Cleanup", Time since last: 1000214171 ns, Reaching safepoint: 105823 ns, At safepoint: 15776 ns, Total: 121599 ns
[2020-09-11T12:30:04.698+0000][1][safepoint    ] Safepoint "Cleanup", Time since last: 1000212479 ns, Reaching safepoint: 101600 ns, At safepoint: 16224 ns, Total: 117824 ns
[2020-09-11T12:30:05.700+0000][1][safepoint    ] Safepoint "Cleanup", Time since last: 1001000470 ns, Reaching safepoint: 102125 ns, At safepoint: 14884 ns, Total: 117009 ns
[2020-09-11T12:30:06.700+0000][1][safepoint    ] Safepoint "Cleanup", Time since last: 1000199989 ns, Reaching safepoint: 86121 ns, At safepoint: 7388 ns, Total: 93509 ns
[2020-09-11T12:30:07.721+0000][1][safepoint    ] Safepoint "Cleanup", Time since last: 1021441038 ns, Reaching safepoint: 98019 ns, At safepoint: 6498 ns, Total: 104517 ns
[2020-09-11T12:30:08.722+0000][1][safepoint    ] Safepoint "Cleanup", Time since last: 1000160501 ns, Reaching safepoint: 76956 ns, At safepoint: 6590 ns, Total: 83546 ns
[2020-09-11T12:30:09.722+0000][1][safepoint    ] Safepoint "Cleanup", Time since last: 1000144854 ns, Reaching safepoint: 83981 ns, At safepoint: 6519 ns, Total: 90500 ns
[2020-09-11T12:30:10.722+0000][1][safepoint    ] Safepoint "Cleanup", Time since last: 1000133300 ns, Reaching safepoint: 93052 ns, At safepoint: 5984 ns, Total: 99036 ns
[2020-09-11T12:30:11.722+0000][1][safepoint    ] Safepoint "Cleanup", Time since last: 1000135977 ns, Reaching safepoint: 87462 ns, At safepoint: 6183 ns, Total: 93645 ns
[2020-09-11T12:30:12.723+0000][1][safepoint    ] Safepoint "Cleanup", Time since last: 1000162552 ns, Reaching safepoint: 82316 ns, At safepoint: 14769 ns, Total: 97085 ns
[2020-09-11T12:30:13.723+0000][1][safepoint    ] Safepoint "Cleanup", Time since last: 1000166851 ns, Reaching safepoint: 75017 ns, At safepoint: 6532 ns, Total: 81549 ns
[2020-09-11T12:30:14.723+0000][1][safepoint    ] Safepoint "Cleanup", Time since last: 1000168948 ns, Reaching safepoint: 74151 ns, At safepoint: 6694 ns, Total: 80845 ns
[2020-09-11T12:30:15.723+0000][1][safepoint    ] Safepoint "Cleanup", Time since last: 1000168663 ns, Reaching safepoint: 90885 ns, At safepoint: 40751 ns, Total: 131636 ns
[2020-09-11T12:30:16.724+0000][1][safepoint    ] Safepoint "Cleanup", Time since last: 1000170995 ns, Reaching safepoint: 87756 ns, At safepoint: 5492 ns, Total: 93248 ns
[2020-09-11T12:30:17.724+0000][1][safepoint    ] Safepoint "Cleanup", Time since last: 1000118488 ns, Reaching safepoint: 83007 ns, At safepoint: 18842 ns, Total: 101849 ns
[2020-09-11T12:30:18.724+0000][1][safepoint    ] Safepoint "Cleanup", Time since last: 1000133895 ns, Reaching safepoint: 87698 ns, At safepoint: 12455 ns, Total: 100153 ns
[2020-09-11T12:30:19.724+0000][1][safepoint    ] Safepoint "Cleanup", Time since last: 1000158409 ns, Reaching safepoint: 86566 ns, At safepoint: 5517 ns, Total: 92083 ns
[2020-09-11T12:30:20.725+0000][1][safepoint    ] Safepoint "Cleanup", Time since last: 1000182791 ns, Reaching safepoint: 65202 ns, At safepoint: 6583 ns, Total: 71785 ns
[2020-09-11T12:30:21.725+0000][1][safepoint    ] Safepoint "Cleanup", Time since last: 1000142889 ns, Reaching safepoint: 87447 ns, At safepoint: 5976 ns, Total: 93423 ns
[2020-09-11T12:30:22.725+0000][1][safepoint    ] Safepoint "Cleanup", Time since last: 1000154694 ns, Reaching safepoint: 78272 ns, At safepoint: 6617 ns, Total: 84889 ns
[2020-09-11T12:30:23.725+0000][1][safepoint    ] Safepoint "Cleanup", Time since last: 1000128118 ns, Reaching safepoint: 65248 ns, At safepoint: 5944 ns, Total: 71192 ns
[2020-09-11T12:30:24.726+0000][1][safepoint    ] Safepoint "Cleanup", Time since last: 1000137109 ns, Reaching safepoint: 90322 ns, At safepoint: 5453 ns, Total: 95775 ns
[2020-09-11T12:30:25.726+0000][1][safepoint    ] Safepoint "Cleanup", Time since last: 1000118224 ns, Reaching safepoint: 94253 ns, At safepoint: 5173 ns, Total: 99426 ns
[2020-09-11T12:30:26.726+0000][1][safepoint    ] Safepoint "Cleanup", Time since last: 1000128998 ns, Reaching safepoint: 94546 ns, At safepoint: 5657 ns, Total: 100203 ns
[2020-09-11T12:30:27.726+0000][1][safepoint    ] Safepoint "Cleanup", Time since last: 1000100013 ns, Reaching safepoint: 186234 ns, At safepoint: 7551 ns, Total: 193785 ns
[2020-09-11T12:30:28.726+0000][1][safepoint    ] Safepoint "Cleanup", Time since last: 1000144984 ns, Reaching safepoint: 68943 ns, At safepoint: 6297 ns, Total: 75240 ns
[2020-09-11T12:30:29.727+0000][1][safepoint    ] Safepoint "Cleanup", Time since last: 1000123230 ns, Reaching safepoint: 60874 ns, At safepoint: 7109 ns, Total: 67983 ns
[2020-09-11T12:30:30.727+0000][1][safepoint    ] Safepoint "Cleanup", Time since last: 1000138203 ns, Reaching safepoint: 99998 ns, At safepoint: 6373 ns, Total: 106371 ns
[2020-09-11T12:30:31.727+0000][1][safepoint    ] Safepoint "Cleanup", Time since last: 1000226452 ns, Reaching safepoint: 72747 ns, At safepoint: 5191 ns, Total: 77938 ns
[2020-09-11T12:30:32.728+0000][1][safepoint    ] Safepoint "Cleanup", Time since last: 1000853841 ns, Reaching safepoint: 198323 ns, At safepoint: 17216 ns, Total: 215539 ns
[2020-09-11T12:30:33.729+0000][1][safepoint    ] Safepoint "Cleanup", Time since last: 1000216555 ns, Reaching safepoint: 83401 ns, At safepoint: 7386 ns, Total: 90787 ns
[2020-09-11T12:30:34.729+0000][1][safepoint    ] Safepoint "Cleanup", Time since last: 1000189062 ns, Reaching safepoint: 113047 ns, At safepoint: 17179 ns, Total: 130226 ns
[2020-09-11T12:30:35.729+0000][1][safepoint    ] Safepoint "Cleanup", Time since last: 1000219196 ns, Reaching safepoint: 101634 ns, At safepoint: 16892 ns, Total: 118526 ns
[2020-09-11T12:30:36.730+0000][1][safepoint    ] Safepoint "Cleanup", Time since last: 1000173759 ns, Reaching safepoint: 105102 ns, At safepoint: 15118 ns, Total: 120220 ns
[2020-09-11T12:30:37.731+0000][1][safepoint    ] Safepoint "Cleanup", Time since last: 1001026356 ns, Reaching safepoint: 101370 ns, At safepoint: 16311 ns, Total: 117681 ns
[2020-09-11T12:30:38.731+0000][1][safepoint    ] Safepoint "Cleanup", Time since last: 1000228955 ns, Reaching safepoint: 90137 ns, At safepoint: 6914 ns, Total: 97051 ns
[2020-09-11T12:30:39.731+0000][1][safepoint    ] Safepoint "Cleanup", Time since last: 1000180586 ns, Reaching safepoint: 81885 ns, At safepoint: 6444 ns, Total: 88329 ns
[2020-09-11T12:30:40.732+0000][1][safepoint    ] Safepoint "Cleanup", Time since last: 1000170696 ns, Reaching safepoint: 102184 ns, At safepoint: 15473 ns, Total: 117657 ns
[2020-09-11T12:30:41.732+0000][1][safepoint    ] Safepoint "Cleanup", Time since last: 1000235820 ns, Reaching safepoint: 102349 ns, At safepoint: 16374 ns, Total: 118723 ns
[2020-09-11T12:30:42.733+0000][1][safepoint    ] Safepoint "Cleanup", Time since last: 1001120638 ns, Reaching safepoint: 103665 ns, At safepoint: 16238 ns, Total: 119903 ns
[2020-09-11T12:30:43.734+0000][1][safepoint    ] Safepoint "Cleanup", Time since last: 1000210514 ns, Reaching safepoint: 101915 ns, At safepoint: 16367 ns, Total: 118282 ns
[2020-09-11T12:30:44.734+0000][1][safepoint    ] Safepoint "Cleanup", Time since last: 1000249581 ns, Reaching safepoint: 101817 ns, At safepoint: 16161 ns, Total: 117978 ns
[2020-09-11T12:30:45.734+0000][1][safepoint    ] Safepoint "Cleanup", Time since last: 1000238734 ns, Reaching safepoint: 98195 ns, At safepoint: 15736 ns, Total: 113931 ns
[2020-09-11T12:30:46.735+0000][1][safepoint    ] Safepoint "Cleanup", Time since last: 1000208030 ns, Reaching safepoint: 89003 ns, At safepoint: 6694 ns, Total: 95697 ns
[2020-09-11T12:30:47.735+0000][1][safepoint    ] Safepoint "Cleanup", Time since last: 1000186903 ns, Reaching safepoint: 80481 ns, At safepoint: 6625 ns, Total: 87106 ns
[2020-09-11T12:30:48.735+0000][1][safepoint    ] Safepoint "Cleanup", Time since last: 1000183832 ns, Reaching safepoint: 137105 ns, At safepoint: 16665 ns, Total: 153770 ns
[2020-09-11T12:30:49.735+0000][1][safepoint    ] Safepoint "Cleanup", Time since last: 1000197771 ns, Reaching safepoint: 125278 ns, At safepoint: 15486 ns, Total: 140764 ns
[2020-09-11T12:30:50.737+0000][1][safepoint    ] Safepoint "Cleanup", Time since last: 1001035384 ns, Reaching safepoint: 90132 ns, At safepoint: 6679 ns, Total: 96811 ns
[2020-09-11T12:30:51.737+0000][1][safepoint    ] Safepoint "Cleanup", Time since last: 1000148533 ns, Reaching safepoint: 103395 ns, At safepoint: 6503 ns, Total: 109898 ns
[2020-09-11T12:30:52.737+0000][1][safepoint    ] Safepoint "Cleanup", Time since last: 1000223416 ns, Reaching safepoint: 73382 ns, At safepoint: 6977 ns, Total: 80359 ns
[2020-09-11T12:30:53.737+0000][1][safepoint    ] Safepoint "Cleanup", Time since last: 1000166762 ns, Reaching safepoint: 62116 ns, At safepoint: 6069 ns, Total: 68185 ns
[2020-09-11T12:30:54.738+0000][1][safepoint    ] Safepoint "Cleanup", Time since last: 1000181558 ns, Reaching safepoint: 101179 ns, At safepoint: 16294 ns, Total: 117473 ns
[2020-09-11T12:30:55.739+0000][1][safepoint    ] Safepoint "Cleanup", Time since last: 1001138145 ns, Reaching safepoint: 105008 ns, At safepoint: 15743 ns, Total: 120751 ns
[2020-09-11T12:30:56.739+0000][1][safepoint    ] Safepoint "Cleanup", Time since last: 1000222678 ns, Reaching safepoint: 115148 ns, At safepoint: 19655 ns, Total: 134803 ns
[2020-09-11T12:30:57.740+0000][1][safepoint    ] Safepoint "Cleanup", Time since last: 1000239057 ns, Reaching safepoint: 104189 ns, At safepoint: 15081 ns, Total: 119270 ns
[2020-09-11T12:30:57.777+0000][1][gc,start     ] GC(87) Pause Young (Allocation Failure)
[2020-09-11T12:30:57.777+0000][1][gc,task      ] GC(87) Using 1 workers of 1 for evacuation
[2020-09-11T12:30:57.781+0000][1][gc,age       ] GC(87) Desired survivor size 4358144 bytes, new threshold 6 (max threshold 6)
[2020-09-11T12:30:57.781+0000][1][gc,age       ] GC(87) Age table with threshold 6 (max threshold 6)
[2020-09-11T12:30:57.781+0000][1][gc,age       ] GC(87) - age   1:       9056 bytes,       9056 total
[2020-09-11T12:30:57.781+0000][1][gc,age       ] GC(87) - age   2:       2920 bytes,      11976 total
[2020-09-11T12:30:57.781+0000][1][gc,age       ] GC(87) - age   3:        152 bytes,      12128 total
[2020-09-11T12:30:57.781+0000][1][gc,age       ] GC(87) - age   4:       1672 bytes,      13800 total
[2020-09-11T12:30:57.781+0000][1][gc,age       ] GC(87) - age   5:       1288 bytes,      15088 total
[2020-09-11T12:30:57.781+0000][1][gc,age       ] GC(87) - age   6:        640 bytes,      15728 total
[2020-09-11T12:30:57.781+0000][1][gc,heap      ] GC(87) ParNew: 68173K->21K(76672K)
[2020-09-11T12:30:57.781+0000][1][gc,heap      ] GC(87) CMS: 64283K->64284K(439104K)
[2020-09-11T12:30:57.781+0000][1][gc,metaspace ] GC(87) Metaspace: 71856K->71856K(1116160K)
[2020-09-11T12:30:57.781+0000][1][gc           ] GC(87) Pause Young (Allocation Failure) 129M->62M(503M) 3.682ms
[2020-09-11T12:30:57.781+0000][1][gc,cpu       ] GC(87) User=0.01s Sys=0.00s Real=0.00s
[2020-09-11T12:30:57.781+0000][1][safepoint    ] Safepoint "GenCollectForAllocation", Time since last: 37051904 ns, Reaching safepoint: 217453 ns, At safepoint: 3805313 ns, Total: 4022766 ns
[2020-09-11T12:30:58.782+0000][1][safepoint    ] Safepoint "Cleanup", Time since last: 1000890575 ns, Reaching safepoint: 69128 ns, At safepoint: 18324 ns, Total: 87452 ns
[2020-09-11T12:30:59.782+0000][1][safepoint    ] Safepoint "Cleanup", Time since last: 1000183652 ns, Reaching safepoint: 64850 ns, At safepoint: 16472 ns, Total: 81322 ns
[2020-09-11T12:31:00.782+0000][1][safepoint    ] Safepoint "Cleanup", Time since last: 1000165738 ns, Reaching safepoint: 71864 ns, At safepoint: 19141 ns, Total: 91005 ns
[2020-09-11T12:31:01.783+0000][1][safepoint    ] Safepoint "Cleanup", Time since last: 1000161689 ns, Reaching safepoint: 80570 ns, At safepoint: 15851 ns, Total: 96421 ns
[2020-09-11T12:31:02.783+0000][1][safepoint    ] Safepoint "Cleanup", Time since last: 1000157446 ns, Reaching safepoint: 77481 ns, At safepoint: 6289 ns, Total: 83770 ns
[2020-09-11T12:31:03.783+0000][1][safepoint    ] Safepoint "Cleanup", Time since last: 1000158126 ns, Reaching safepoint: 90090 ns, At safepoint: 15746 ns, Total: 105836 ns
[2020-09-11T12:31:04.784+0000][1][safepoint    ] Safepoint "Cleanup", Time since last: 1000399721 ns, Reaching safepoint: 302595 ns, At safepoint: 19318 ns, Total: 321913 ns
[2020-09-11T12:31:05.785+0000][1][safepoint    ] Safepoint "Cleanup", Time since last: 1000967924 ns, Reaching safepoint: 92492 ns, At safepoint: 15326 ns, Total: 107818 ns
[2020-09-11T12:31:06.785+0000][1][safepoint    ] Safepoint "Cleanup", Time since last: 1000172322 ns, Reaching safepoint: 90137 ns, At safepoint: 12949 ns, Total: 103086 ns
[2020-09-11T12:31:07.785+0000][1][safepoint    ] Safepoint "Cleanup", Time since last: 1000151405 ns, Reaching safepoint: 199252 ns, At safepoint: 17075 ns, Total: 216327 ns
[2020-09-11T12:31:08.786+0000][1][safepoint    ] Safepoint "Cleanup", Time since last: 1000203568 ns, Reaching safepoint: 107257 ns, At safepoint: 16344 ns, Total: 123601 ns
[2020-09-11T12:31:09.786+0000][1][safepoint    ] Safepoint "Cleanup", Time since last: 1000170046 ns, Reaching safepoint: 101667 ns, At safepoint: 15543 ns, Total: 117210 ns
[2020-09-11T12:31:10.787+0000][1][safepoint    ] Safepoint "Cleanup", Time since last: 1001137187 ns, Reaching safepoint: 96402 ns, At safepoint: 16491 ns, Total: 112893 ns
[2020-09-11T12:31:12.116+0000][1][safepoint    ] Safepoint "Cleanup", Time since last: 1328424357 ns, Reaching safepoint: 103047 ns, At safepoint: 15743 ns, Total: 118790 ns
[2020-09-11T12:31:13.116+0000][1][safepoint    ] Safepoint "Cleanup", Time since last: 1000202069 ns, Reaching safepoint: 93956 ns, At safepoint: 15686 ns, Total: 109642 ns
[2020-09-11T12:31:14.117+0000][1][safepoint    ] Safepoint "Cleanup", Time since last: 1000196449 ns, Reaching safepoint: 101667 ns, At safepoint: 16675 ns, Total: 118342 ns
[2020-09-11T12:31:15.117+0000][1][safepoint    ] Safepoint "Cleanup", Time since last: 1000198538 ns, Reaching safepoint: 101577 ns, At safepoint: 16487 ns, Total: 118064 ns
[2020-09-11T12:31:16.117+0000][1][safepoint    ] Safepoint "Cleanup", Time since last: 1000188370 ns, Reaching safepoint: 87280 ns, At safepoint: 7350 ns, Total: 94630 ns
[2020-09-11T12:31:17.117+0000][1][safepoint    ] Safepoint "Cleanup", Time since last: 1000176978 ns, Reaching safepoint: 100588 ns, At safepoint: 16264 ns, Total: 116852 ns
[2020-09-11T12:31:18.118+0000][1][safepoint    ] Safepoint "Cleanup", Time since last: 1000214862 ns, Reaching safepoint: 79670 ns, At safepoint: 6654 ns, Total: 86324 ns
[2020-09-11T12:31:19.118+0000][1][safepoint    ] Safepoint "Cleanup", Time since last: 1000238941 ns, Reaching safepoint: 75198 ns, At safepoint: 8200 ns, Total: 83398 ns
[2020-09-11T12:31:20.118+0000][1][safepoint    ] Safepoint "Cleanup", Time since last: 1000115347 ns, Reaching safepoint: 63114 ns, At safepoint: 7212 ns, Total: 70326 ns
[2020-09-11T12:31:21.118+0000][1][safepoint    ] Safepoint "Cleanup", Time since last: 1000147346 ns, Reaching safepoint: 101530 ns, At safepoint: 15726 ns, Total: 117256 ns
[2020-09-11T12:31:22.119+0000][1][safepoint    ] Safepoint "Cleanup", Time since last: 1000204084 ns, Reaching safepoint: 98954 ns, At safepoint: 17003 ns, Total: 115957 ns
[2020-09-11T12:31:23.119+0000][1][safepoint    ] Safepoint "Cleanup", Time since last: 1000168333 ns, Reaching safepoint: 65514 ns, At safepoint: 7675 ns, Total: 73189 ns
[2020-09-11T12:31:24.119+0000][1][safepoint    ] Safepoint "Cleanup", Time since last: 1000172576 ns, Reaching safepoint: 86780 ns, At safepoint: 7081 ns, Total: 93861 ns
[2020-09-11T12:31:25.120+0000][1][safepoint    ] Safepoint "Cleanup", Time since last: 1000165481 ns, Reaching safepoint: 76996 ns, At safepoint: 7254 ns, Total: 84250 ns
[2020-09-11T12:31:26.120+0000][1][safepoint    ] Safepoint "Cleanup", Time since last: 1000126054 ns, Reaching safepoint: 66662 ns, At safepoint: 9009 ns, Total: 75671 ns
[2020-09-11T12:31:27.120+0000][1][safepoint    ] Safepoint "Cleanup", Time since last: 1000174622 ns, Reaching safepoint: 119649 ns, At safepoint: 18449 ns, Total: 138098 ns
[2020-09-11T12:31:28.120+0000][1][safepoint    ] Safepoint "Cleanup", Time since last: 1000152240 ns, Reaching safepoint: 55751 ns, At safepoint: 6691 ns, Total: 62442 ns
[2020-09-11T12:31:29.121+0000][1][safepoint    ] Safepoint "Cleanup", Time since last: 1000187848 ns, Reaching safepoint: 110006 ns, At safepoint: 18362 ns, Total: 128368 ns
[2020-09-11T12:31:30.121+0000][1][safepoint    ] Safepoint "Cleanup", Time since last: 1000166435 ns, Reaching safepoint: 75686 ns, At safepoint: 19461 ns, Total: 95147 ns
[2020-09-11T12:31:31.121+0000][1][safepoint    ] Safepoint "Cleanup", Time since last: 1000191785 ns, Reaching safepoint: 99084 ns, At safepoint: 16281 ns, Total: 115365 ns
[2020-09-11T12:31:32.121+0000][1][safepoint    ] Safepoint "Cleanup", Time since last: 1000228715 ns, Reaching safepoint: 67784 ns, At safepoint: 7781 ns, Total: 75565 ns
[2020-09-11T12:31:33.122+0000][1][safepoint    ] Safepoint "Cleanup", Time since last: 1000177252 ns, Reaching safepoint: 104139 ns, At safepoint: 17343 ns, Total: 121482 ns
[2020-09-11T12:31:34.835+0000][1][safepoint    ] Safepoint "Cleanup", Time since last: 1712945621 ns, Reaching safepoint: 87523 ns, At safepoint: 5764 ns, Total: 93287 ns
[2020-09-11T12:31:35.835+0000][1][safepoint    ] Safepoint "Cleanup", Time since last: 1000191288 ns, Reaching safepoint: 70491 ns, At safepoint: 6874 ns, Total: 77365 ns
[2020-09-11T12:31:36.835+0000][1][safepoint    ] Safepoint "Cleanup", Time since last: 1000163232 ns, Reaching safepoint: 91329 ns, At safepoint: 15740 ns, Total: 107069 ns
[2020-09-11T12:31:37.836+0000][1][safepoint    ] Safepoint "Cleanup", Time since last: 1000176560 ns, Reaching safepoint: 46501 ns, At safepoint: 6233 ns, Total: 52734 ns
[2020-09-11T12:31:38.836+0000][1][safepoint    ] Safepoint "Cleanup", Time since last: 1000131129 ns, Reaching safepoint: 93257 ns, At safepoint: 5675 ns, Total: 98932 ns
[2020-09-11T12:31:39.836+0000][1][safepoint    ] Safepoint "Cleanup", Time since last: 1000125825 ns, Reaching safepoint: 91598 ns, At safepoint: 6356 ns, Total: 97954 ns
[2020-09-11T12:31:40.836+0000][1][safepoint    ] Safepoint "Cleanup", Time since last: 1000134079 ns, Reaching safepoint: 92150 ns, At safepoint: 6134 ns, Total: 98284 ns
[2020-09-11T12:31:41.837+0000][1][safepoint    ] Safepoint "Cleanup", Time since last: 1000178783 ns, Reaching safepoint: 76582 ns, At safepoint: 6596 ns, Total: 83178 ns
[2020-09-11T12:31:42.837+0000][1][safepoint    ] Safepoint "Cleanup", Time since last: 1000182173 ns, Reaching safepoint: 77298 ns, At safepoint: 6159 ns, Total: 83457 ns
[2020-09-11T12:31:43.837+0000][1][safepoint    ] Safepoint "Cleanup", Time since last: 1000123387 ns, Reaching safepoint: 306170 ns, At safepoint: 18827 ns, Total: 324997 ns
[2020-09-11T12:31:44.838+0000][1][safepoint    ] Safepoint "Cleanup", Time since last: 1000166504 ns, Reaching safepoint: 98457 ns, At safepoint: 5578 ns, Total: 104035 ns
[2020-09-11T12:31:45.839+0000][1][safepoint    ] Safepoint "Cleanup", Time since last: 1000638491 ns, Reaching safepoint: 1017642 ns, At safepoint: 8012 ns, Total: 1025654 ns
[2020-09-11T12:31:46.839+0000][1][safepoint    ] Safepoint "Cleanup", Time since last: 1000175246 ns, Reaching safepoint: 89798 ns, At safepoint: 6355 ns, Total: 96153 ns
[2020-09-11T12:31:47.840+0000][1][safepoint    ] Safepoint "Cleanup", Time since last: 1000101810 ns, Reaching safepoint: 168312 ns, At safepoint: 7355 ns, Total: 175667 ns
[2020-09-11T12:31:48.840+0000][1][safepoint    ] Safepoint "Cleanup", Time since last: 1000180630 ns, Reaching safepoint: 82674 ns, At safepoint: 7482 ns, Total: 90156 ns
[2020-09-11T12:31:49.840+0000][1][safepoint    ] Safepoint "Cleanup", Time since last: 1000176555 ns, Reaching safepoint: 202798 ns, At safepoint: 6914 ns, Total: 209712 ns
[2020-09-11T12:31:50.841+0000][1][safepoint    ] Safepoint "Cleanup", Time since last: 1000776292 ns, Reaching safepoint: 108886 ns, At safepoint: 17557 ns, Total: 126443 ns
[2020-09-11T12:31:51.842+0000][1][safepoint    ] Safepoint "Cleanup", Time since last: 1000219942 ns, Reaching safepoint: 86028 ns, At safepoint: 7413 ns, Total: 93441 ns
[2020-09-11T12:31:52.844+0000][1][safepoint    ] Safepoint "Cleanup", Time since last: 1001812836 ns, Reaching safepoint: 181991 ns, At safepoint: 7927 ns, Total: 189918 ns
[2020-09-11T12:31:53.844+0000][1][safepoint    ] Safepoint "Cleanup", Time since last: 1000187179 ns, Reaching safepoint: 88636 ns, At safepoint: 6743 ns, Total: 95379 ns
[2020-09-11T12:31:54.844+0000][1][safepoint    ] Safepoint "Cleanup", Time since last: 1000193718 ns, Reaching safepoint: 108794 ns, At safepoint: 17443 ns, Total: 126237 ns
[2020-09-11T12:31:55.846+0000][1][safepoint    ] Safepoint "Cleanup", Time since last: 1001256680 ns, Reaching safepoint: 104714 ns, At safepoint: 15238 ns, Total: 119952 ns
[2020-09-11T12:31:56.846+0000][1][safepoint    ] Safepoint "Cleanup", Time since last: 1000180777 ns, Reaching safepoint: 105860 ns, At safepoint: 15369 ns, Total: 121229 ns
[2020-09-11T12:31:57.846+0000][1][safepoint    ] Safepoint "Cleanup", Time since last: 1000173230 ns, Reaching safepoint: 309364 ns, At safepoint: 20858 ns, Total: 330222 ns
[2020-09-11T12:31:58.847+0000][1][safepoint    ] Safepoint "Cleanup", Time since last: 1000175822 ns, Reaching safepoint: 110614 ns, At safepoint: 16735 ns, Total: 127349 ns
[2020-09-11T12:31:59.847+0000][1][safepoint    ] Safepoint "Cleanup", Time since last: 1000208597 ns, Reaching safepoint: 101081 ns, At safepoint: 6726 ns, Total: 107807 ns
[2020-09-11T12:32:00.848+0000][1][safepoint    ] Safepoint "Cleanup", Time since last: 1000839540 ns, Reaching safepoint: 99797 ns, At safepoint: 6389 ns, Total: 106186 ns
[2020-09-11T12:32:01.848+0000][1][safepoint    ] Safepoint "Cleanup", Time since last: 1000134243 ns, Reaching safepoint: 105676 ns, At safepoint: 15081 ns, Total: 120757 ns
[2020-09-11T12:32:02.849+0000][1][safepoint    ] Safepoint "Cleanup", Time since last: 1000183202 ns, Reaching safepoint: 104778 ns, At safepoint: 14660 ns, Total: 119438 ns
[2020-09-11T12:32:03.849+0000][1][safepoint    ] Safepoint "Cleanup", Time since last: 1000182118 ns, Reaching safepoint: 105536 ns, At safepoint: 15425 ns, Total: 120961 ns
[2020-09-11T12:32:04.849+0000][1][safepoint    ] Safepoint "Cleanup", Time since last: 1000182385 ns, Reaching safepoint: 106034 ns, At safepoint: 14851 ns, Total: 120885 ns
[2020-09-11T12:32:05.850+0000][1][safepoint    ] Safepoint "Cleanup", Time since last: 1001168749 ns, Reaching safepoint: 103424 ns, At safepoint: 16722 ns, Total: 120146 ns
[2020-09-11T12:32:06.851+0000][1][safepoint    ] Safepoint "Cleanup", Time since last: 1000214477 ns, Reaching safepoint: 106508 ns, At safepoint: 17139 ns, Total: 123647 ns
[2020-09-11T12:32:07.851+0000][1][safepoint    ] Safepoint "Cleanup", Time since last: 1000183613 ns, Reaching safepoint: 106598 ns, At safepoint: 14981 ns, Total: 121579 ns
[2020-09-11T12:32:08.851+0000][1][safepoint    ] Safepoint "Cleanup", Time since last: 1000212494 ns, Reaching safepoint: 107567 ns, At safepoint: 84033 ns, Total: 191600 ns
[2020-09-11T12:32:09.852+0000][1][safepoint    ] Safepoint "Cleanup", Time since last: 1000225022 ns, Reaching safepoint: 107193 ns, At safepoint: 16648 ns, Total: 123841 ns
[2020-09-11T12:32:10.853+0000][1][safepoint    ] Safepoint "Cleanup", Time since last: 1001085127 ns, Reaching safepoint: 105682 ns, At safepoint: 14627 ns, Total: 120309 ns
[2020-09-11T12:32:11.853+0000][1][safepoint    ] Safepoint "Cleanup", Time since last: 1000247984 ns, Reaching safepoint: 85579 ns, At safepoint: 6879 ns, Total: 92458 ns
[2020-09-11T12:32:12.854+0000][1][safepoint    ] Safepoint "Cleanup", Time since last: 1000143538 ns, Reaching safepoint: 114781 ns, At safepoint: 17727 ns, Total: 132508 ns
[2020-09-11T12:32:12.884+0000][1][gc,start     ] GC(88) Pause Young (Allocation Failure)
[2020-09-11T12:32:12.884+0000][1][gc,task      ] GC(88) Using 1 workers of 1 for evacuation
[2020-09-11T12:32:12.891+0000][1][gc,age       ] GC(88) Desired survivor size 4358144 bytes, new threshold 6 (max threshold 6)
[2020-09-11T12:32:12.891+0000][1][gc,age       ] GC(88) Age table with threshold 6 (max threshold 6)
[2020-09-11T12:32:12.891+0000][1][gc,age       ] GC(88) - age   1:       7704 bytes,       7704 total
[2020-09-11T12:32:12.891+0000][1][gc,age       ] GC(88) - age   2:       1320 bytes,       9024 total
[2020-09-11T12:32:12.891+0000][1][gc,age       ] GC(88) - age   3:       2920 bytes,      11944 total
[2020-09-11T12:32:12.891+0000][1][gc,age       ] GC(88) - age   4:        152 bytes,      12096 total
[2020-09-11T12:32:12.891+0000][1][gc,age       ] GC(88) - age   5:       1672 bytes,      13768 total
[2020-09-11T12:32:12.891+0000][1][gc,age       ] GC(88) - age   6:        752 bytes,      14520 total
[2020-09-11T12:32:12.891+0000][1][gc,heap      ] GC(88) ParNew: 68181K->14K(76672K)
[2020-09-11T12:32:12.891+0000][1][gc,heap      ] GC(88) CMS: 64284K->64284K(439104K)
[2020-09-11T12:32:12.891+0000][1][gc,metaspace ] GC(88) Metaspace: 71859K->71859K(1116160K)
[2020-09-11T12:32:12.891+0000][1][gc           ] GC(88) Pause Young (Allocation Failure) 129M->62M(503M) 6.739ms
[2020-09-11T12:32:12.891+0000][1][gc,cpu       ] GC(88) User=0.00s Sys=0.00s Real=0.00s
[2020-09-11T12:32:12.891+0000][1][safepoint    ] Safepoint "GenCollectForAllocation", Time since last: 30398503 ns, Reaching safepoint: 176309 ns, At safepoint: 6807748 ns, Total: 6984057 ns
[2020-09-11T12:32:13.897+0000][1][safepoint    ] Safepoint "Cleanup", Time since last: 1005523469 ns, Reaching safepoint: 84528 ns, At safepoint: 39146 ns, Total: 123674 ns
[2020-09-11T12:32:14.899+0000][1][safepoint    ] Safepoint "Cleanup", Time since last: 1002115922 ns, Reaching safepoint: 209427 ns, At safepoint: 65855 ns, Total: 275282 ns
[2020-09-11T12:32:15.913+0000][1][safepoint    ] Safepoint "Cleanup", Time since last: 1013580004 ns, Reaching safepoint: 96197 ns, At safepoint: 51165 ns, Total: 147362 ns
[2020-09-11T12:32:16.913+0000][1][safepoint    ] Safepoint "Cleanup", Time since last: 1000208534 ns, Reaching safepoint: 87959 ns, At safepoint: 46042 ns, Total: 134001 ns
[2020-09-11T12:32:17.913+0000][1][safepoint    ] Safepoint "Cleanup", Time since last: 1000173168 ns, Reaching safepoint: 70604 ns, At safepoint: 10674 ns, Total: 81278 ns
[2020-09-11T12:32:18.914+0000][1][safepoint    ] Safepoint "Cleanup", Time since last: 1000151139 ns, Reaching safepoint: 90067 ns, At safepoint: 15192 ns, Total: 105259 ns
[2020-09-11T12:32:19.914+0000][1][safepoint    ] Safepoint "Cleanup", Time since last: 1000171632 ns, Reaching safepoint: 93840 ns, At safepoint: 6448 ns, Total: 100288 ns
[2020-09-11T12:32:20.914+0000][1][safepoint    ] Safepoint "Cleanup", Time since last: 1000137230 ns, Reaching safepoint: 89345 ns, At safepoint: 15412 ns, Total: 104757 ns
[2020-09-11T12:32:21.915+0000][1][safepoint    ] Safepoint "Cleanup", Time since last: 1000644703 ns, Reaching safepoint: 164639 ns, At safepoint: 25733 ns, Total: 190372 ns
[2020-09-11T12:32:22.915+0000][1][safepoint    ] Safepoint "Cleanup", Time since last: 1000139132 ns, Reaching safepoint: 74578 ns, At safepoint: 5489 ns, Total: 80067 ns
[2020-09-11T12:32:23.915+0000][1][safepoint    ] Safepoint "Cleanup", Time since last: 1000124502 ns, Reaching safepoint: 109672 ns, At safepoint: 5415 ns, Total: 115087 ns
[2020-09-11T12:32:24.916+0000][1][safepoint    ] Safepoint "Cleanup", Time since last: 1000126977 ns, Reaching safepoint: 85366 ns, At safepoint: 5710 ns, Total: 91076 ns
[2020-09-11T12:32:25.916+0000][1][safepoint    ] Safepoint "Cleanup", Time since last: 1000122548 ns, Reaching safepoint: 92129 ns, At safepoint: 5457 ns, Total: 97586 ns
[2020-09-11T12:32:26.916+0000][1][safepoint    ] Safepoint "Cleanup", Time since last: 1000131702 ns, Reaching safepoint: 95509 ns, At safepoint: 14019 ns, Total: 109528 ns
[2020-09-11T12:32:27.916+0000][1][safepoint    ] Safepoint "Cleanup", Time since last: 1000153168 ns, Reaching safepoint: 43186 ns, At safepoint: 5029 ns, Total: 48215 ns
[2020-09-11T12:32:28.917+0000][1][safepoint    ] Safepoint "Cleanup", Time since last: 1000165142 ns, Reaching safepoint: 285583 ns, At safepoint: 18041 ns, Total: 303624 ns
[2020-09-11T12:32:29.917+0000][1][safepoint    ] Safepoint "Cleanup", Time since last: 1000287334 ns, Reaching safepoint: 272021 ns, At safepoint: 15793 ns, Total: 287814 ns
[2020-09-11T12:32:30.918+0000][1][safepoint    ] Safepoint "Cleanup", Time since last: 1000170378 ns, Reaching safepoint: 88409 ns, At safepoint: 5681 ns, Total: 94090 ns
[2020-09-11T12:32:31.918+0000][1][safepoint    ] Safepoint "Cleanup", Time since last: 1000131048 ns, Reaching safepoint: 87631 ns, At safepoint: 13428 ns, Total: 101059 ns
[2020-09-11T12:32:32.919+0000][1][safepoint    ] Safepoint "Cleanup", Time since last: 1000513009 ns, Reaching safepoint: 163135 ns, At safepoint: 6034 ns, Total: 169169 ns
[2020-09-11T12:32:33.919+0000][1][safepoint    ] Safepoint "Cleanup", Time since last: 1000125331 ns, Reaching safepoint: 166912 ns, At safepoint: 6518 ns, Total: 173430 ns
[2020-09-11T12:32:34.919+0000][1][safepoint    ] Safepoint "Cleanup", Time since last: 1000117122 ns, Reaching safepoint: 165276 ns, At safepoint: 6580 ns, Total: 171856 ns
[2020-09-11T12:32:35.920+0000][1][safepoint    ] Safepoint "Cleanup", Time since last: 1000637818 ns, Reaching safepoint: 92272 ns, At safepoint: 6019 ns, Total: 98291 ns
[2020-09-11T12:32:36.920+0000][1][safepoint    ] Safepoint "Cleanup", Time since last: 1000464301 ns, Reaching safepoint: 159251 ns, At safepoint: 6966 ns, Total: 166217 ns
[2020-09-11T12:32:37.921+0000][1][safepoint    ] Safepoint "Cleanup", Time since last: 1000109504 ns, Reaching safepoint: 97270 ns, At safepoint: 14363 ns, Total: 111633 ns
[2020-09-11T12:32:38.921+0000][1][safepoint    ] Safepoint "Cleanup", Time since last: 1000206821 ns, Reaching safepoint: 83823 ns, At safepoint: 6691 ns, Total: 90514 ns
[2020-09-11T12:32:39.921+0000][1][safepoint    ] Safepoint "Cleanup", Time since last: 1000179311 ns, Reaching safepoint: 83161 ns, At safepoint: 7281 ns, Total: 90442 ns
[2020-09-11T12:32:40.922+0000][1][safepoint    ] Safepoint "Cleanup", Time since last: 1000876942 ns, Reaching safepoint: 84187 ns, At safepoint: 6340 ns, Total: 90527 ns
[2020-09-11T12:32:41.923+0000][1][safepoint    ] Safepoint "Cleanup", Time since last: 1000171017 ns, Reaching safepoint: 93634 ns, At safepoint: 7563 ns, Total: 101197 ns
[2020-09-11T12:32:42.923+0000][1][safepoint    ] Safepoint "Cleanup", Time since last: 1000192435 ns, Reaching safepoint: 104032 ns, At safepoint: 16074 ns, Total: 120106 ns
[2020-09-11T12:32:43.923+0000][1][safepoint    ] Safepoint "Cleanup", Time since last: 1000220352 ns, Reaching safepoint: 104644 ns, At safepoint: 17015 ns, Total: 121659 ns
[2020-09-11T12:32:44.923+0000][1][safepoint    ] Safepoint "Cleanup", Time since last: 1000244371 ns, Reaching safepoint: 73169 ns, At safepoint: 5856 ns, Total: 79025 ns
[2020-09-11T12:32:45.924+0000][1][safepoint    ] Safepoint "Cleanup", Time since last: 1000914552 ns, Reaching safepoint: 70488 ns, At safepoint: 6947 ns, Total: 77435 ns
[2020-09-11T12:32:46.925+0000][1][safepoint    ] Safepoint "Cleanup", Time since last: 1000187999 ns, Reaching safepoint: 78594 ns, At safepoint: 6571 ns, Total: 85165 ns
[2020-09-11T12:32:47.925+0000][1][safepoint    ] Safepoint "Cleanup", Time since last: 1000178953 ns, Reaching safepoint: 87020 ns, At safepoint: 6969 ns, Total: 93989 ns
[2020-09-11T12:32:48.925+0000][1][safepoint    ] Safepoint "Cleanup", Time since last: 1000211796 ns, Reaching safepoint: 102362 ns, At safepoint: 16411 ns, Total: 118773 ns
[2020-09-11T12:32:49.926+0000][1][safepoint    ] Safepoint "Cleanup", Time since last: 1000218532 ns, Reaching safepoint: 106067 ns, At safepoint: 17055 ns, Total: 123122 ns
[2020-09-11T12:32:50.927+0000][1][safepoint    ] Safepoint "Cleanup", Time since last: 1001321794 ns, Reaching safepoint: 105662 ns, At safepoint: 16468 ns, Total: 122130 ns
[2020-09-11T12:32:51.928+0000][1][safepoint    ] Safepoint "Cleanup", Time since last: 1000230405 ns, Reaching safepoint: 164959 ns, At safepoint: 16094 ns, Total: 181053 ns
[2020-09-11T12:32:52.928+0000][1][safepoint    ] Safepoint "Cleanup", Time since last: 1000168160 ns, Reaching safepoint: 112014 ns, At safepoint: 16357 ns, Total: 128371 ns
[2020-09-11T12:32:53.928+0000][1][safepoint    ] Safepoint "Cleanup", Time since last: 1000176039 ns, Reaching safepoint: 105927 ns, At safepoint: 17029 ns, Total: 122956 ns
[2020-09-11T12:32:54.988+0000][1][safepoint    ] Safepoint "Cleanup", Time since last: 1059406905 ns, Reaching safepoint: 78965 ns, At safepoint: 6499 ns, Total: 85464 ns
[2020-09-11T12:32:55.988+0000][1][safepoint    ] Safepoint "Cleanup", Time since last: 1000170974 ns, Reaching safepoint: 70505 ns, At safepoint: 6628 ns, Total: 77133 ns
[2020-09-11T12:32:56.988+0000][1][safepoint    ] Safepoint "Cleanup", Time since last: 1000124505 ns, Reaching safepoint: 96521 ns, At safepoint: 6013 ns, Total: 102534 ns
[2020-09-11T12:32:57.988+0000][1][safepoint    ] Safepoint "Cleanup", Time since last: 1000164935 ns, Reaching safepoint: 90883 ns, At safepoint: 16234 ns, Total: 107117 ns
[2020-09-11T12:32:58.989+0000][1][safepoint    ] Safepoint "Cleanup", Time since last: 1000209267 ns, Reaching safepoint: 89432 ns, At safepoint: 16034 ns, Total: 105466 ns
[2020-09-11T12:32:59.989+0000][1][safepoint    ] Safepoint "Cleanup", Time since last: 1000219918 ns, Reaching safepoint: 75128 ns, At safepoint: 6911 ns, Total: 82039 ns
[2020-09-11T12:33:00.989+0000][1][safepoint    ] Safepoint "Cleanup", Time since last: 1000176156 ns, Reaching safepoint: 74181 ns, At safepoint: 14652 ns, Total: 88833 ns
[2020-09-11T12:33:01.990+0000][1][safepoint    ] Safepoint "Cleanup", Time since last: 1000183643 ns, Reaching safepoint: 76361 ns, At safepoint: 6422 ns, Total: 82783 ns
[2020-09-11T12:33:02.990+0000][1][safepoint    ] Safepoint "Cleanup", Time since last: 1000158270 ns, Reaching safepoint: 80925 ns, At safepoint: 6194 ns, Total: 87119 ns
[2020-09-11T12:33:03.990+0000][1][safepoint    ] Safepoint "Cleanup", Time since last: 1000137210 ns, Reaching safepoint: 92407 ns, At safepoint: 6420 ns, Total: 98827 ns
[2020-09-11T12:33:04.990+0000][1][safepoint    ] Safepoint "Cleanup", Time since last: 1000135119 ns, Reaching safepoint: 96978 ns, At safepoint: 6536 ns, Total: 103514 ns
[2020-09-11T12:33:05.991+0000][1][safepoint    ] Safepoint "Cleanup", Time since last: 1000169431 ns, Reaching safepoint: 90508 ns, At safepoint: 16427 ns, Total: 106935 ns
[2020-09-11T12:33:06.991+0000][1][safepoint    ] Safepoint "Cleanup", Time since last: 1000167703 ns, Reaching safepoint: 90862 ns, At safepoint: 15256 ns, Total: 106118 ns
[2020-09-11T12:33:07.991+0000][1][safepoint    ] Safepoint "Cleanup", Time since last: 1000169154 ns, Reaching safepoint: 94083 ns, At safepoint: 6902 ns, Total: 100985 ns
[2020-09-11T12:33:08.991+0000][1][safepoint    ] Safepoint "Cleanup", Time since last: 1000128142 ns, Reaching safepoint: 115626 ns, At safepoint: 16183 ns, Total: 131809 ns
[2020-09-11T12:33:10.004+0000][1][safepoint    ] Safepoint "Cleanup", Time since last: 1012219872 ns, Reaching safepoint: 92098 ns, At safepoint: 16434 ns, Total: 108532 ns
[2020-09-11T12:33:11.004+0000][1][safepoint    ] Safepoint "Cleanup", Time since last: 1000209414 ns, Reaching safepoint: 90304 ns, At safepoint: 16224 ns, Total: 106528 ns
[2020-09-11T12:33:12.004+0000][1][safepoint    ] Safepoint "Cleanup", Time since last: 1000210871 ns, Reaching safepoint: 90832 ns, At safepoint: 15943 ns, Total: 106775 ns
[2020-09-11T12:33:13.005+0000][1][safepoint    ] Safepoint "Cleanup", Time since last: 1000203354 ns, Reaching safepoint: 90071 ns, At safepoint: 6417 ns, Total: 96488 ns
[2020-09-11T12:33:14.005+0000][1][safepoint    ] Safepoint "Cleanup", Time since last: 1000132364 ns, Reaching safepoint: 89820 ns, At safepoint: 14734 ns, Total: 104554 ns
[2020-09-11T12:33:15.005+0000][1][safepoint    ] Safepoint "Cleanup", Time since last: 1000210193 ns, Reaching safepoint: 72681 ns, At safepoint: 6131 ns, Total: 78812 ns
[2020-09-11T12:33:16.005+0000][1][safepoint    ] Safepoint "Cleanup", Time since last: 1000139680 ns, Reaching safepoint: 89526 ns, At safepoint: 16411 ns, Total: 105937 ns
[2020-09-11T12:33:17.006+0000][1][safepoint    ] Safepoint "Cleanup", Time since last: 1000209594 ns, Reaching safepoint: 89339 ns, At safepoint: 16411 ns, Total: 105750 ns
[2020-09-11T12:33:18.006+0000][1][safepoint    ] Safepoint "Cleanup", Time since last: 1000216268 ns, Reaching safepoint: 78102 ns, At safepoint: 6295 ns, Total: 84397 ns
[2020-09-11T12:33:19.006+0000][1][safepoint    ] Safepoint "Cleanup", Time since last: 1000169238 ns, Reaching safepoint: 72590 ns, At safepoint: 6759 ns, Total: 79349 ns
[2020-09-11T12:33:20.006+0000][1][safepoint    ] Safepoint "Cleanup", Time since last: 1000107609 ns, Reaching safepoint: 58804 ns, At safepoint: 9772 ns, Total: 68576 ns
[2020-09-11T12:33:21.007+0000][1][safepoint    ] Safepoint "Cleanup", Time since last: 1000167750 ns, Reaching safepoint: 61331 ns, At safepoint: 6300 ns, Total: 67631 ns
[2020-09-11T12:33:22.007+0000][1][safepoint    ] Safepoint "Cleanup", Time since last: 1000201758 ns, Reaching safepoint: 100514 ns, At safepoint: 17958 ns, Total: 118472 ns
[2020-09-11T12:33:22.999+0000][1][gc,start     ] GC(89) Pause Young (Allocation Failure)
[2020-09-11T12:33:22.999+0000][1][gc,task      ] GC(89) Using 1 workers of 1 for evacuation
[2020-09-11T12:33:23.010+0000][1][gc,age       ] GC(89) Desired survivor size 4358144 bytes, new threshold 6 (max threshold 6)
[2020-09-11T12:33:23.010+0000][1][gc,age       ] GC(89) Age table with threshold 6 (max threshold 6)
[2020-09-11T12:33:23.010+0000][1][gc,age       ] GC(89) - age   1:       6544 bytes,       6544 total
[2020-09-11T12:33:23.010+0000][1][gc,age       ] GC(89) - age   2:       1432 bytes,       7976 total
[2020-09-11T12:33:23.010+0000][1][gc,age       ] GC(89) - age   3:        784 bytes,       8760 total
[2020-09-11T12:33:23.010+0000][1][gc,age       ] GC(89) - age   4:       2920 bytes,      11680 total
[2020-09-11T12:33:23.010+0000][1][gc,age       ] GC(89) - age   5:        152 bytes,      11832 total
[2020-09-11T12:33:23.010+0000][1][gc,age       ] GC(89) - age   6:       1672 bytes,      13504 total
[2020-09-11T12:33:23.010+0000][1][gc,heap      ] GC(89) ParNew: 68174K->14K(76672K)
[2020-09-11T12:33:23.010+0000][1][gc,heap      ] GC(89) CMS: 64284K->64285K(439104K)
[2020-09-11T12:33:23.010+0000][1][gc,metaspace ] GC(89) Metaspace: 71860K->71860K(1116160K)
[2020-09-11T12:33:23.010+0000][1][gc           ] GC(89) Pause Young (Allocation Failure) 129M->62M(503M) 10.887ms
[2020-09-11T12:33:23.010+0000][1][gc,cpu       ] GC(89) User=0.01s Sys=0.00s Real=0.01s
[2020-09-11T12:33:23.010+0000][1][safepoint    ] Safepoint "GenCollectForAllocation", Time since last: 991684923 ns, Reaching safepoint: 191027 ns, At safepoint: 11165442 ns, Total: 11356469 ns
[2020-09-11T12:33:23.064+0000][1][safepoint    ] Safepoint "RevokeBias", Time since last: 53898501 ns, Reaching safepoint: 442207 ns, At safepoint: 25904 ns, Total: 468111 ns
[2020-09-11T12:33:23.065+0000][1][safepoint    ] Safepoint "RevokeBias", Time since last: 89765 ns, Reaching safepoint: 172112 ns, At safepoint: 13564 ns, Total: 185676 ns
[2020-09-11T12:33:23.066+0000][1][safepoint    ] Safepoint "RevokeBias", Time since last: 989523 ns, Reaching safepoint: 404845 ns, At safepoint: 9090 ns, Total: 413935 ns
[2020-09-11T12:33:23.066+0000][1][safepoint    ] Safepoint "RevokeBias", Time since last: 166480 ns, Reaching safepoint: 188726 ns, At safepoint: 8812 ns, Total: 197538 ns
[2020-09-11T12:33:23.067+0000][1][safepoint    ] Safepoint "RevokeBias", Time since last: 616486 ns, Reaching safepoint: 300050 ns, At safepoint: 6915 ns, Total: 306965 ns
[2020-09-11T12:33:23.068+0000][1][safepoint    ] Safepoint "RevokeBias", Time since last: 754479 ns, Reaching safepoint: 143162 ns, At safepoint: 6568 ns, Total: 149730 ns
[2020-09-11T12:33:23.068+0000][1][safepoint    ] Safepoint "RevokeBias", Time since last: 45262 ns, Reaching safepoint: 106182 ns, At safepoint: 6428 ns, Total: 112610 ns
[2020-09-11T12:33:23.070+0000][1][safepoint    ] Safepoint "RevokeBias", Time since last: 507145 ns, Reaching safepoint: 651002 ns, At safepoint: 19786 ns, Total: 670788 ns
[2020-09-11T12:33:23.070+0000][1][safepoint    ] Safepoint "RevokeBias", Time since last: 150554 ns, Reaching safepoint: 436236 ns, At safepoint: 7164 ns, Total: 443400 ns
[2020-09-11T12:33:23.072+0000][1][safepoint    ] Safepoint "RevokeBias", Time since last: 371016 ns, Reaching safepoint: 1042547 ns, At safepoint: 7858 ns, Total: 1050405 ns
[2020-09-11T12:33:23.072+0000][1][safepoint    ] Safepoint "RevokeBias", Time since last: 236181 ns, Reaching safepoint: 126369 ns, At safepoint: 16503 ns, Total: 142872 ns
[2020-09-11T12:33:23.073+0000][1][safepoint    ] Safepoint "RevokeBias", Time since last: 818020 ns, Reaching safepoint: 20044 ns, At safepoint: 12515 ns, Total: 32559 ns
[2020-09-11T12:33:23.075+0000][1][safepoint    ] Safepoint "RevokeBias", Time since last: 144869 ns, Reaching safepoint: 1531643 ns, At safepoint: 9939 ns, Total: 1541582 ns
[2020-09-11T12:33:23.080+0000][1][safepoint    ] Safepoint "RevokeBias", Time since last: 2270041 ns, Reaching safepoint: 2590481 ns, At safepoint: 262409 ns, Total: 2852890 ns
[2020-09-11T12:33:23.084+0000][1][safepoint    ] Safepoint "RevokeBias", Time since last: 2374922 ns, Reaching safepoint: 1504317 ns, At safepoint: 9099 ns, Total: 1513416 ns
[2020-09-11T12:33:23.084+0000][1][safepoint    ] Safepoint "RevokeBias", Time since last: 99041 ns, Reaching safepoint: 696952 ns, At safepoint: 7272 ns, Total: 704224 ns
[2020-09-11T12:33:23.087+0000][1][safepoint    ] Safepoint "RevokeBias", Time since last: 1553063 ns, Reaching safepoint: 1547483 ns, At safepoint: 8778 ns, Total: 1556261 ns
[2020-09-11T12:33:23.091+0000][1][safepoint    ] Safepoint "RevokeBias", Time since last: 414751 ns, Reaching safepoint: 3519704 ns, At safepoint: 23761 ns, Total: 3543465 ns
[2020-09-11T12:33:23.092+0000][1][safepoint    ] Safepoint "RevokeBias", Time since last: 50685 ns, Reaching safepoint: 85658 ns, At safepoint: 5690 ns, Total: 91348 ns
[2020-09-11T12:33:23.092+0000][1][safepoint    ] Safepoint "RevokeBias", Time since last: 43119 ns, Reaching safepoint: 85576 ns, At safepoint: 6120 ns, Total: 91696 ns
[2020-09-11T12:33:23.092+0000][1][safepoint    ] Safepoint "RevokeBias", Time since last: 119938 ns, Reaching safepoint: 87303 ns, At safepoint: 6268 ns, Total: 93571 ns
[2020-09-11T12:33:23.092+0000][1][safepoint    ] Safepoint "RevokeBias", Time since last: 37167 ns, Reaching safepoint: 84665 ns, At safepoint: 6023 ns, Total: 90688 ns
[2020-09-11T12:33:23.093+0000][1][safepoint    ] Safepoint "RevokeBias", Time since last: 704807 ns, Reaching safepoint: 312725 ns, At safepoint: 6707 ns, Total: 319432 ns
[2020-09-11T12:33:23.094+0000][1][safepoint    ] Safepoint "RevokeBias", Time since last: 505978 ns, Reaching safepoint: 96752 ns, At safepoint: 6854 ns, Total: 103606 ns
[2020-09-11T12:33:23.378+0000][1][safepoint    ] Safepoint "RevokeBias", Time since last: 284421818 ns, Reaching safepoint: 48816 ns, At safepoint: 7400 ns, Total: 56216 ns
[2020-09-11T12:33:23.379+0000][1][safepoint    ] Safepoint "RevokeBias", Time since last: 969791 ns, Reaching safepoint: 94872 ns, At safepoint: 5256 ns, Total: 100128 ns
[2020-09-11T12:33:23.381+0000][1][safepoint    ] Safepoint "RevokeBias", Time since last: 1302394 ns, Reaching safepoint: 33919 ns, At safepoint: 5319 ns, Total: 39238 ns
[2020-09-11T12:33:23.381+0000][1][safepoint    ] Safepoint "RevokeBias", Time since last: 55558 ns, Reaching safepoint: 15395 ns, At safepoint: 3948 ns, Total: 19343 ns
[2020-09-11T12:33:23.381+0000][1][safepoint    ] Safepoint "RevokeBias", Time since last: 43784 ns, Reaching safepoint: 14308 ns, At safepoint: 3683 ns, Total: 17991 ns
[2020-09-11T12:33:23.381+0000][1][safepoint    ] Safepoint "RevokeBias", Time since last: 100923 ns, Reaching safepoint: 16739 ns, At safepoint: 4050 ns, Total: 20789 ns
[2020-09-11T12:33:23.382+0000][1][safepoint    ] Safepoint "RevokeBias", Time since last: 937945 ns, Reaching safepoint: 13838 ns, At safepoint: 4152 ns, Total: 17990 ns
[2020-09-11T12:33:23.392+0000][1][safepoint    ] Safepoint "RevokeBias", Time since last: 9939623 ns, Reaching safepoint: 684178 ns, At safepoint: 8882 ns, Total: 693060 ns
[2020-09-11T12:33:23.395+0000][1][safepoint    ] Safepoint "RevokeBias", Time since last: 69335 ns, Reaching safepoint: 2959507 ns, At safepoint: 6361 ns, Total: 2965868 ns
[2020-09-11T12:33:23.396+0000][1][safepoint    ] Safepoint "RevokeBias", Time since last: 42246 ns, Reaching safepoint: 83119 ns, At safepoint: 4879 ns, Total: 87998 ns
[2020-09-11T12:33:23.396+0000][1][safepoint    ] Safepoint "RevokeBias", Time since last: 106720 ns, Reaching safepoint: 93940 ns, At safepoint: 4972 ns, Total: 98912 ns
[2020-09-11T12:33:23.396+0000][1][safepoint    ] Safepoint "RevokeBias", Time since last: 32053 ns, Reaching safepoint: 81168 ns, At safepoint: 4720 ns, Total: 85888 ns
[2020-09-11T12:33:23.397+0000][1][safepoint    ] Safepoint "RevokeBias", Time since last: 717023 ns, Reaching safepoint: 85577 ns, At safepoint: 5312 ns, Total: 90889 ns
[2020-09-11T12:33:23.397+0000][1][safepoint    ] Safepoint "RevokeBias", Time since last: 46392 ns, Reaching safepoint: 82343 ns, At safepoint: 5180 ns, Total: 87523 ns
[2020-09-11T12:33:23.397+0000][1][safepoint    ] Safepoint "RevokeBias", Time since last: 35908 ns, Reaching safepoint: 80177 ns, At safepoint: 4535 ns, Total: 84712 ns
[2020-09-11T12:33:23.397+0000][1][safepoint    ] Safepoint "RevokeBias", Time since last: 49639 ns, Reaching safepoint: 81922 ns, At safepoint: 4782 ns, Total: 86704 ns
[2020-09-11T12:33:23.397+0000][1][safepoint    ] Safepoint "RevokeBias", Time since last: 51749 ns, Reaching safepoint: 82398 ns, At safepoint: 4606 ns, Total: 87004 ns
[2020-09-11T12:33:23.397+0000][1][safepoint    ] Safepoint "RevokeBias", Time since last: 67747 ns, Reaching safepoint: 82445 ns, At safepoint: 4644 ns, Total: 87089 ns
[2020-09-11T12:33:23.403+0000][1][safepoint    ] Safepoint "RevokeBias", Time since last: 2031258 ns, Reaching safepoint: 4016519 ns, At safepoint: 7012 ns, Total: 4023531 ns
[2020-09-11T12:33:23.404+0000][1][safepoint    ] Safepoint "RevokeBias", Time since last: 399646 ns, Reaching safepoint: 88117 ns, At safepoint: 6006 ns, Total: 94123 ns
[2020-09-11T12:33:23.406+0000][1][safepoint    ] Safepoint "RevokeBias", Time since last: 1727391 ns, Reaching safepoint: 99387 ns, At safepoint: 8360 ns, Total: 107747 ns
[2020-09-11T12:33:23.407+0000][1][safepoint    ] Safepoint "RevokeBias", Time since last: 1392606 ns, Reaching safepoint: 276916 ns, At safepoint: 7844 ns, Total: 284760 ns
[2020-09-11T12:33:23.415+0000][1][safepoint    ] Safepoint "RevokeBias", Time since last: 342123 ns, Reaching safepoint: 7668879 ns, At safepoint: 10184 ns, Total: 7679063 ns
[2020-09-11T12:33:23.416+0000][1][safepoint    ] Safepoint "RevokeBias", Time since last: 119775 ns, Reaching safepoint: 87355 ns, At safepoint: 5832 ns, Total: 93187 ns
[2020-09-11T12:33:23.417+0000][1][safepoint    ] Safepoint "BulkRevokeBias", Time since last: 850526 ns, Reaching safepoint: 90389 ns, At safepoint: 100518 ns, Total: 190907 ns
[2020-09-11T12:33:23.457+0000][1][safepoint    ] Safepoint "RevokeBias", Time since last: 40609051 ns, Reaching safepoint: 62142 ns, At safepoint: 7453 ns, Total: 69595 ns
[2020-09-11T12:33:23.458+0000][1][safepoint    ] Safepoint "RevokeBias", Time since last: 76654 ns, Reaching safepoint: 99742 ns, At safepoint: 6114 ns, Total: 105856 ns
[2020-09-11T12:33:23.458+0000][1][safepoint    ] Safepoint "RevokeBias", Time since last: 45508 ns, Reaching safepoint: 92787 ns, At safepoint: 5227 ns, Total: 98014 ns
[2020-09-11T12:33:23.460+0000][1][safepoint    ] Safepoint "RevokeBias", Time since last: 2148432 ns, Reaching safepoint: 318745 ns, At safepoint: 6573 ns, Total: 325318 ns
[2020-09-11T12:33:23.469+0000][1][safepoint    ] Safepoint "RevokeBias", Time since last: 8701921 ns, Reaching safepoint: 101222 ns, At safepoint: 6120 ns, Total: 107342 ns
[2020-09-11T12:33:23.470+0000][1][safepoint    ] Safepoint "RevokeBias", Time since last: 588392 ns, Reaching safepoint: 87707 ns, At safepoint: 5776 ns, Total: 93483 ns
[2020-09-11T12:33:23.484+0000][1][safepoint    ] Safepoint "RevokeBias", Time since last: 14443472 ns, Reaching safepoint: 105599 ns, At safepoint: 6644 ns, Total: 112243 ns
[2020-09-11T12:33:23.488+0000][1][safepoint    ] Safepoint "RevokeBias", Time since last: 3545450 ns, Reaching safepoint: 83606 ns, At safepoint: 6098 ns, Total: 89704 ns
[2020-09-11T12:33:23.497+0000][1][safepoint    ] Safepoint "RevokeBias", Time since last: 9509654 ns, Reaching safepoint: 97750 ns, At safepoint: 7284 ns, Total: 105034 ns
[2020-09-11T12:33:23.498+0000][1][safepoint    ] Safepoint "RevokeBias", Time since last: 135840 ns, Reaching safepoint: 87199 ns, At safepoint: 4900 ns, Total: 92099 ns
[2020-09-11T12:33:23.499+0000][1][safepoint    ] Safepoint "RevokeBias", Time since last: 90410 ns, Reaching safepoint: 1630693 ns, At safepoint: 7396 ns, Total: 1638089 ns
[2020-09-11T12:33:23.500+0000][1][safepoint    ] Safepoint "RevokeBias", Time since last: 70683 ns, Reaching safepoint: 76407 ns, At safepoint: 4239 ns, Total: 80646 ns
[2020-09-11T12:33:23.512+0000][1][safepoint    ] Safepoint "RevokeBias", Time since last: 11928886 ns, Reaching safepoint: 112863 ns, At safepoint: 20273 ns, Total: 133136 ns
[2020-09-11T12:33:23.512+0000][1][safepoint    ] Safepoint "RevokeBias", Time since last: 478434 ns, Reaching safepoint: 84160 ns, At safepoint: 4944 ns, Total: 89104 ns
[2020-09-11T12:33:23.538+0000][1][safepoint    ] Safepoint "RevokeBias", Time since last: 25268503 ns, Reaching safepoint: 112068 ns, At safepoint: 10584 ns, Total: 122652 ns
[2020-09-11T12:33:23.552+0000][1][gc,heap,exit ] Heap
[2020-09-11T12:33:23.552+0000][1][gc,heap,exit ]  par new generation   total 76672K, used 7692K [0x00000000e0000000, 0x00000000e5330000, 0x00000000e5330000)
[2020-09-11T12:33:23.552+0000][1][gc,heap,exit ]   eden space 68160K,  11% used [0x00000000e0000000, 0x00000000e077fa88, 0x00000000e4290000)
[2020-09-11T12:33:23.552+0000][1][gc,heap,exit ]   from space 8512K,   0% used [0x00000000e4ae0000, 0x00000000e4ae38c0, 0x00000000e5330000)
[2020-09-11T12:33:23.552+0000][1][gc,heap,exit ]   to   space 8512K,   0% used [0x00000000e4290000, 0x00000000e4290000, 0x00000000e4ae0000)
[2020-09-11T12:33:23.552+0000][1][gc,heap,exit ]  concurrent mark-sweep generation total 439104K, used 64285K [0x00000000e5330000, 0x0000000100000000, 0x0000000100000000)
[2020-09-11T12:33:23.552+0000][1][gc,heap,exit ]  Metaspace       used 72019K, capacity 77849K, committed 78156K, reserved 1116160K
[2020-09-11T12:33:23.552+0000][1][gc,heap,exit ]   class space    used 9623K, capacity 12008K, committed 12108K, reserved 1048576K
